<?xml version="1.0" encoding="UTF-8"?>
<Benchmark xmlns="http://checklists.nist.gov/xccdf/1.2" xmlns:xsi="http://www.w3.org/2001/XMLSchema-instance" id="xccdf_org.ssgproject.content_benchmark_SLE-15" resolved="1" xml:lang="en-US" style="SCAP_1.2">
  <status date="2025-11-28">draft</status>
  <title xmlns:xhtml="http://www.w3.org/1999/xhtml" xml:lang="en-US">Guide to the Secure Configuration of SUSE Linux Enterprise 15</title>
  <description xmlns:xhtml="http://www.w3.org/1999/xhtml" xml:lang="en-US">This guide presents a catalog of security-relevant
configuration settings for SUSE Linux Enterprise 15. It is a rendering of
content structured in the eXtensible Configuration Checklist Description Format (XCCDF)
in order to support security automation.  The SCAP content is
is available in the <html:code xmlns:html="http://www.w3.org/1999/xhtml">scap-security-guide</html:code> package which is developed at

    <html:a xmlns:html="http://www.w3.org/1999/xhtml" href="https://www.open-scap.org/security-policies/scap-security-guide">https://www.open-scap.org/security-policies/scap-security-guide</html:a>.
<html:br xmlns:html="http://www.w3.org/1999/xhtml"/>
    <html:br xmlns:html="http://www.w3.org/1999/xhtml"/>
Providing system administrators with such guidance informs them how to securely
configure systems under their control in a variety of network roles. Policy
makers and baseline creators can use this catalog of settings, with its
associated references to higher-level security control catalogs, in order to
assist them in security baseline creation. This guide is a <html:em xmlns:html="http://www.w3.org/1999/xhtml">catalog, not a
checklist</html:em>, and satisfaction of every item is not likely to be possible or
sensible in many operational scenarios. However, the XCCDF format enables
granular selection and adjustment of settings, and their association with OVAL
and OCIL content provides an automated checking capability. Transformations of
this document, and its associated automated checking content, are capable of
providing baselines that meet a diverse set of policy objectives. Some example
XCCDF <html:em xmlns:html="http://www.w3.org/1999/xhtml">Profiles</html:em>, which are selections of items that form checklists and
can be used as baselines, are available with this guide. They can be
processed, in an automated fashion, with tools that support the Security
Content Automation Protocol (SCAP). The DISA STIG, which provides required
settings for US Department of Defense systems, is one example of a baseline
created from this guidance.
</description>
  <notice xmlns:xhtml="http://www.w3.org/1999/xhtml" xml:lang="en-US" id="terms_of_use">Do not attempt to implement any of the settings in
this guide without first testing them in a non-operational environment. The
creators of this guidance assume no responsibility whatsoever for its use by
other parties, and makes no guarantees, expressed or implied, about its
quality, reliability, or any other characteristic.
</notice>
  <front-matter xmlns:xhtml="http://www.w3.org/1999/xhtml" xml:lang="en-US">The SCAP Security Guide Project<html:br xmlns:html="http://www.w3.org/1999/xhtml"/>
    <html:a xmlns:html="http://www.w3.org/1999/xhtml" href="https://www.open-scap.org/security-policies/scap-security-guide">https://www.open-scap.org/security-policies/scap-security-guide</html:a>
   </front-matter>
  <rear-matter xmlns:xhtml="http://www.w3.org/1999/xhtml" xml:lang="en-US">Red Hat and Red Hat Enterprise Linux are either registered
trademarks or trademarks of Red Hat, Inc. in the United States and other
countries. All other names are registered trademarks or trademarks of their
respective companies.</rear-matter>
  <reference href="https://cyber.gouv.fr/sites/default/files/document/linux_configuration-en-v2.pdf">anssi</reference>
  <reference href="https://www.cyber.mil/stigs/downloads/?_dl_facet_stigs=application-servers">app-srg</reference>
  <reference href="https://www.cyber.mil/stigs/downloads/?_dl_facet_stigs=app-security">app-srg-ctr</reference>
  <reference href="https://www.bsi.bund.de/SharedDocs/Downloads/EN/BSI/Grundschutz/International/bsi_it_gs_comp_2022.pdf">bsi</reference>
  <reference href="https://www.cisecurity.org/benchmark/suse_linux/">cis</reference>
  <reference href="https://www.cisecurity.org/controls/">cis-csc</reference>
  <reference href="https://www.fbi.gov/file-repository/cjis-security-policy-v5_5_20160601-2-1.pdf">cjis</reference>
  <reference href="https://www.isaca.org/resources/cobit">cobit5</reference>
  <reference href="http://nvlpubs.nist.gov/nistpubs/SpecialPublications/NIST.SP.800-171.pdf">cui</reference>
  <reference href="not_officially_available">dcid</reference>
  <reference href="https://www.cyber.mil/stigs/cci/">disa</reference>
  <reference href="https://www.gpo.gov/fdsys/pkg/CFR-2007-title45-vol1/pdf/CFR-2007-title45-vol1-chapA-subchapC.pdf">hipaa</reference>
  <reference href="https://www.isa.org/products/isa-62443-2-1-2009-security-for-industrial-automat">isa-62443-2009</reference>
  <reference href="https://www.isa.org/products/ansi-isa-62443-3-3-99-03-03-2013-security-for-indu">isa-62443-2013</reference>
  <reference href="https://www.cyber.gov.au/acsc/view-all-content/ism">ism</reference>
  <reference href="https://www.iso.org/contents/data/standard/05/45/54534.html">iso27001-2013</reference>
  <reference href="https://www.nerc.com/standards/reliability-standards/cip">nerc-cip</reference>
  <reference href="http://nvlpubs.nist.gov/nistpubs/SpecialPublications/NIST.SP.800-53r4.pdf">nist</reference>
  <reference href="https://nvlpubs.nist.gov/nistpubs/CSWP/NIST.CSWP.04162018.pdf">nist-csf</reference>
  <reference href="https://www.cyber.mil/stigs/downloads/?_dl_facet_stigs=operating-systems%2Cgeneral-purpose-os">os-srg</reference>
  <reference href="https://www.niap-ccevs.org/Profile/PP.cfm">ospp</reference>
  <reference href="https://www.pcisecuritystandards.org/documents/PCI_DSS_v3-2-1.pdf">pcidss</reference>
  <reference href="https://docs-prv.pcisecuritystandards.org/PCI%20DSS/Standard/PCI-DSS-v4_0.pdf">pcidss4</reference>
  <reference href="https://www.cyber.mil/stigs/downloads/?_dl_facet_stigs=operating-systems%2Cunix-linux">stigid</reference>
  <reference href="https://www.cyber.mil/stigs/srg-stig-tools/">stigref</reference>
  <reference href="not_publicly_available">suse-general</reference>
  <platform idref="cpe:/o:suse:linux_enterprise_desktop:15"/>
  <platform idref="cpe:/o:suse:linux_enterprise_server:15"/>
  <version update="https://github.com/ComplianceAsCode/content/releases/latest">0.1.79</version>
  <metadata xmlns:xhtml="http://www.w3.org/1999/xhtml">
        <dc:publisher xmlns:dc="http://purl.org/dc/elements/1.1/">SCAP Security Guide Project</dc:publisher>
        <dc:creator xmlns:dc="http://purl.org/dc/elements/1.1/">SCAP Security Guide Project</dc:creator>
        <dc:contributor xmlns:dc="http://purl.org/dc/elements/1.1/">Frank J Cameron (CAM1244) &lt;cameron@ctc.com&gt;</dc:contributor>
        <dc:contributor xmlns:dc="http://purl.org/dc/elements/1.1/">0x66656c6978 &lt;0x66656c6978@users.noreply.github.com&gt;</dc:contributor>
        <dc:contributor xmlns:dc="http://purl.org/dc/elements/1.1/">Håvard F. Aasen &lt;havard.f.aasen@pfft.no&gt;</dc:contributor>
        <dc:contributor xmlns:dc="http://purl.org/dc/elements/1.1/">Armando Acosta &lt;armando.acosta@oracle.com&gt;</dc:contributor>
        <dc:contributor xmlns:dc="http://purl.org/dc/elements/1.1/">Jack Adolph &lt;jack.adolph@gmail.com&gt;</dc:contributor>
        <dc:contributor xmlns:dc="http://purl.org/dc/elements/1.1/">Edgar Aguilar &lt;edgar.aguilar@oracle.com&gt;</dc:contributor>
        <dc:contributor xmlns:dc="http://purl.org/dc/elements/1.1/">akuster &lt;akuster808@gmail.com&gt;</dc:contributor>
        <dc:contributor xmlns:dc="http://purl.org/dc/elements/1.1/">Gabe Alford &lt;redhatrises@gmail.com&gt;</dc:contributor>
        <dc:contributor xmlns:dc="http://purl.org/dc/elements/1.1/">Firas AlShafei &lt;firas.alshafei@us.abb.com&gt;</dc:contributor>
        <dc:contributor xmlns:dc="http://purl.org/dc/elements/1.1/">Rodrigo Alvares &lt;ralvares@redhat.com&gt;</dc:contributor>
        <dc:contributor xmlns:dc="http://purl.org/dc/elements/1.1/">am-tux &lt;andrew.miller11@gmail.com&gt;</dc:contributor>
        <dc:contributor xmlns:dc="http://purl.org/dc/elements/1.1/">Christopher Anderson &lt;cba@fedoraproject.org&gt;</dc:contributor>
        <dc:contributor xmlns:dc="http://purl.org/dc/elements/1.1/">Craig Andrews &lt;candrews@integralblue.com&gt;</dc:contributor>
        <dc:contributor xmlns:dc="http://purl.org/dc/elements/1.1/">angystardust &lt;angystardust@users.noreply.github.com&gt;</dc:contributor>
        <dc:contributor xmlns:dc="http://purl.org/dc/elements/1.1/">anivan-suse &lt;anastasija.ivanovic@suse.com&gt;</dc:contributor>
        <dc:contributor xmlns:dc="http://purl.org/dc/elements/1.1/">anixon-rh &lt;55244503+anixon-rh@users.noreply.github.com&gt;</dc:contributor>
        <dc:contributor xmlns:dc="http://purl.org/dc/elements/1.1/">Anna-Koudelkova &lt;akoudelk@redhat.com&gt;</dc:contributor>
        <dc:contributor xmlns:dc="http://purl.org/dc/elements/1.1/">Arden97 &lt;arden2545@gmail.com&gt;</dc:contributor>
        <dc:contributor xmlns:dc="http://purl.org/dc/elements/1.1/">Steve Arnold &lt;sarnold@vctlabs.com&gt;</dc:contributor>
        <dc:contributor xmlns:dc="http://purl.org/dc/elements/1.1/">Ikko Ashimine &lt;eltociear@gmail.com&gt;</dc:contributor>
        <dc:contributor xmlns:dc="http://purl.org/dc/elements/1.1/">Chuck Atkins &lt;chuck.atkins@kitware.com&gt;</dc:contributor>
        <dc:contributor xmlns:dc="http://purl.org/dc/elements/1.1/">axuan &lt;axuan@redhat.com&gt;</dc:contributor>
        <dc:contributor xmlns:dc="http://purl.org/dc/elements/1.1/">Bharath B &lt;bhb@redhat.com&gt;</dc:contributor>
        <dc:contributor xmlns:dc="http://purl.org/dc/elements/1.1/">Ryan Ballanger &lt;root@rballang-admin-2.fastenal.com&gt;</dc:contributor>
        <dc:contributor xmlns:dc="http://purl.org/dc/elements/1.1/">Alex Baranowski &lt;alex@euro-linux.com&gt;</dc:contributor>
        <dc:contributor xmlns:dc="http://purl.org/dc/elements/1.1/">Eduardo Barretto &lt;eduardo.barretto@canonical.com&gt;</dc:contributor>
        <dc:contributor xmlns:dc="http://purl.org/dc/elements/1.1/">Paul Bastide &lt;pbastide@us.ibm.com&gt;</dc:contributor>
        <dc:contributor xmlns:dc="http://purl.org/dc/elements/1.1/">Molly Jo Bault &lt;Molly.Jo.Bault@ballardtech.com&gt;</dc:contributor>
        <dc:contributor xmlns:dc="http://purl.org/dc/elements/1.1/">Andrew Becker &lt;A-Beck@users.noreply.github.com&gt;</dc:contributor>
        <dc:contributor xmlns:dc="http://purl.org/dc/elements/1.1/">Gabriel Becker &lt;ggasparb@redhat.com&gt;</dc:contributor>
        <dc:contributor xmlns:dc="http://purl.org/dc/elements/1.1/">BenGui &lt;benoit.guillon1@etu.unilim.fr&gt;</dc:contributor>
        <dc:contributor xmlns:dc="http://purl.org/dc/elements/1.1/">Alexander Bergmann &lt;abergmann@suse.com&gt;</dc:contributor>
        <dc:contributor xmlns:dc="http://purl.org/dc/elements/1.1/">Eric Berry &lt;eric@approvedworkman.com&gt;</dc:contributor>
        <dc:contributor xmlns:dc="http://purl.org/dc/elements/1.1/">Dale Bewley &lt;dale@bewley.net&gt;</dc:contributor>
        <dc:contributor xmlns:dc="http://purl.org/dc/elements/1.1/">Jose Luis BG &lt;bgjoseluis@gmail.com&gt;</dc:contributor>
        <dc:contributor xmlns:dc="http://purl.org/dc/elements/1.1/">binyanling &lt;binyanling@uniontech.com&gt;</dc:contributor>
        <dc:contributor xmlns:dc="http://purl.org/dc/elements/1.1/">Joseph Bisch &lt;joseph.bisch@gmail.com&gt;</dc:contributor>
        <dc:contributor xmlns:dc="http://purl.org/dc/elements/1.1/">Jeff Blank &lt;blank@eclipse.ncsc.mil&gt;</dc:contributor>
        <dc:contributor xmlns:dc="http://purl.org/dc/elements/1.1/">Olivier Bonhomme &lt;ptitoliv@ptitoliv.net&gt;</dc:contributor>
        <dc:contributor xmlns:dc="http://purl.org/dc/elements/1.1/">bontreger &lt;bontreger@users.noreply.github.com&gt;</dc:contributor>
        <dc:contributor xmlns:dc="http://purl.org/dc/elements/1.1/">Lance Bragstad &lt;lbragstad@gmail.com&gt;</dc:contributor>
        <dc:contributor xmlns:dc="http://purl.org/dc/elements/1.1/">Ted Brunell &lt;tbrunell@redhat.com&gt;</dc:contributor>
        <dc:contributor xmlns:dc="http://purl.org/dc/elements/1.1/">Marcus Burghardt &lt;maburgha@redhat.com&gt;</dc:contributor>
        <dc:contributor xmlns:dc="http://purl.org/dc/elements/1.1/">Matthew Burket &lt;mburket@redhat.com&gt;</dc:contributor>
        <dc:contributor xmlns:dc="http://purl.org/dc/elements/1.1/">Blake Burkhart &lt;blake.burkhart@us.af.mil&gt;</dc:contributor>
        <dc:contributor xmlns:dc="http://purl.org/dc/elements/1.1/">Patrick Callahan &lt;pmc@patrickcallahan.com&gt;</dc:contributor>
        <dc:contributor xmlns:dc="http://purl.org/dc/elements/1.1/">George Campbell &lt;gcampbell@palantir.com&gt;</dc:contributor>
        <dc:contributor xmlns:dc="http://purl.org/dc/elements/1.1/">Nick Carboni &lt;ncarboni@redhat.com&gt;</dc:contributor>
        <dc:contributor xmlns:dc="http://purl.org/dc/elements/1.1/">Carlos &lt;64919342+carlosmmatos@users.noreply.github.com&gt;</dc:contributor>
        <dc:contributor xmlns:dc="http://purl.org/dc/elements/1.1/">James Cassell &lt;james.cassell@ll.mit.edu&gt;</dc:contributor>
        <dc:contributor xmlns:dc="http://purl.org/dc/elements/1.1/">Frank Caviggia &lt;fcaviggia@users.noreply.github.com&gt;</dc:contributor>
        <dc:contributor xmlns:dc="http://purl.org/dc/elements/1.1/">Sinong Chen &lt;costinchen@tencent.com&gt;</dc:contributor>
        <dc:contributor xmlns:dc="http://purl.org/dc/elements/1.1/">Eric Christensen &lt;echriste@redhat.com&gt;</dc:contributor>
        <dc:contributor xmlns:dc="http://purl.org/dc/elements/1.1/">Dan Clark &lt;danclark@redhat.com&gt;</dc:contributor>
        <dc:contributor xmlns:dc="http://purl.org/dc/elements/1.1/">Jayson Cofell &lt;1051437+70k10@users.noreply.github.com&gt;</dc:contributor>
        <dc:contributor xmlns:dc="http://purl.org/dc/elements/1.1/">David du Colombier &lt;djc@datadoghq.com&gt;</dc:contributor>
        <dc:contributor xmlns:dc="http://purl.org/dc/elements/1.1/">Commandcracker &lt;lukas.fricke.dev@gmail.com&gt;</dc:contributor>
        <dc:contributor xmlns:dc="http://purl.org/dc/elements/1.1/">Caleb Cooper &lt;coopercd@ornl.gov&gt;</dc:contributor>
        <dc:contributor xmlns:dc="http://purl.org/dc/elements/1.1/">CoreyCook8 &lt;129206271+CoreyCook8@users.noreply.github.com&gt;</dc:contributor>
        <dc:contributor xmlns:dc="http://purl.org/dc/elements/1.1/">cortesana &lt;acortes@redhat.com&gt;</dc:contributor>
        <dc:contributor xmlns:dc="http://purl.org/dc/elements/1.1/">Richard Maciel Costa &lt;richard.maciel.costa@canonical.com&gt;</dc:contributor>
        <dc:contributor xmlns:dc="http://purl.org/dc/elements/1.1/">Xavier Coulon &lt;xavier.coulon@suse.com&gt;</dc:contributor>
        <dc:contributor xmlns:dc="http://purl.org/dc/elements/1.1/">Deric Crago &lt;deric.crago@gmail.com&gt;</dc:contributor>
        <dc:contributor xmlns:dc="http://purl.org/dc/elements/1.1/">crleekwc &lt;crleekwc@gmail.com&gt;</dc:contributor>
        <dc:contributor xmlns:dc="http://purl.org/dc/elements/1.1/">cueball23 &lt;christoph.alms@westnetz.de&gt;</dc:contributor>
        <dc:contributor xmlns:dc="http://purl.org/dc/elements/1.1/">cyarbrough76 &lt;42849651+cyarbrough76@users.noreply.github.com&gt;</dc:contributor>
        <dc:contributor xmlns:dc="http://purl.org/dc/elements/1.1/">Maura Dailey &lt;maura@eclipse.ncsc.mil&gt;</dc:contributor>
        <dc:contributor xmlns:dc="http://purl.org/dc/elements/1.1/">Benjamin Deering &lt;ben_deering@jeepingben.net&gt;</dc:contributor>
        <dc:contributor xmlns:dc="http://purl.org/dc/elements/1.1/">Klaas Demter &lt;demter@atix.de&gt;</dc:contributor>
        <dc:contributor xmlns:dc="http://purl.org/dc/elements/1.1/">denknorr &lt;dennis.knorr@suse.com&gt;</dc:contributor>
        <dc:contributor xmlns:dc="http://purl.org/dc/elements/1.1/">dhanushkar-wso2 &lt;dhanushkar@wso2.com&gt;</dc:contributor>
        <dc:contributor xmlns:dc="http://purl.org/dc/elements/1.1/">Andrew DiPrinzio &lt;andrew.diprinzio@jhuapl.edu&gt;</dc:contributor>
        <dc:contributor xmlns:dc="http://purl.org/dc/elements/1.1/">dom &lt;dominique.blaze@devinci.fr&gt;</dc:contributor>
        <dc:contributor xmlns:dc="http://purl.org/dc/elements/1.1/">Jean-Baptiste Donnette &lt;jean-baptiste.donnette@epita.fr&gt;</dc:contributor>
        <dc:contributor xmlns:dc="http://purl.org/dc/elements/1.1/">Marco De Donno &lt;mdedonno1337@gmail.com&gt;</dc:contributor>
        <dc:contributor xmlns:dc="http://purl.org/dc/elements/1.1/">dperrone &lt;dperrone@redhat.com&gt;</dc:contributor>
        <dc:contributor xmlns:dc="http://purl.org/dc/elements/1.1/">drax &lt;applezip@gmail.com&gt;</dc:contributor>
        <dc:contributor xmlns:dc="http://purl.org/dc/elements/1.1/">Sebastian Dunne &lt;sdunne@redhat.com&gt;</dc:contributor>
        <dc:contributor xmlns:dc="http://purl.org/dc/elements/1.1/">François Duthilleul &lt;francoisduthilleul@gmail.com&gt;</dc:contributor>
        <dc:contributor xmlns:dc="http://purl.org/dc/elements/1.1/">Greg Elin &lt;gregelin@gitmachines.com&gt;</dc:contributor>
        <dc:contributor xmlns:dc="http://purl.org/dc/elements/1.1/">eradot4027 &lt;jrtonmac@gmail.com&gt;</dc:contributor>
        <dc:contributor xmlns:dc="http://purl.org/dc/elements/1.1/">ericeberry &lt;ericeberry@gmail.com&gt;</dc:contributor>
        <dc:contributor xmlns:dc="http://purl.org/dc/elements/1.1/">ermeratos &lt;manuel.ermer@eviden.net&gt;</dc:contributor>
        <dc:contributor xmlns:dc="http://purl.org/dc/elements/1.1/">Evelyn &lt;evansvevelyn@gmail.com&gt;</dc:contributor>
        <dc:contributor xmlns:dc="http://purl.org/dc/elements/1.1/">Alexis Facques &lt;alexis.facques@mythalesgroup.io&gt;</dc:contributor>
        <dc:contributor xmlns:dc="http://purl.org/dc/elements/1.1/">Jan Fader &lt;jan.fader@web.de&gt;</dc:contributor>
        <dc:contributor xmlns:dc="http://purl.org/dc/elements/1.1/">Henry Finucane &lt;hfinucane@zscaler.com&gt;</dc:contributor>
        <dc:contributor xmlns:dc="http://purl.org/dc/elements/1.1/">Leah Fisher &lt;lfisher047@gmail.com&gt;</dc:contributor>
        <dc:contributor xmlns:dc="http://purl.org/dc/elements/1.1/">Marco Fortina &lt;marco_fortina@hotmail.it&gt;</dc:contributor>
        <dc:contributor xmlns:dc="http://purl.org/dc/elements/1.1/">Yavor Georgiev &lt;strandjata@gmail.com&gt;</dc:contributor>
        <dc:contributor xmlns:dc="http://purl.org/dc/elements/1.1/">Alijohn Ghassemlouei &lt;alijohn@secureagc.com&gt;</dc:contributor>
        <dc:contributor xmlns:dc="http://purl.org/dc/elements/1.1/">Swarup Ghosh &lt;swghosh@redhat.com&gt;</dc:contributor>
        <dc:contributor xmlns:dc="http://purl.org/dc/elements/1.1/">ghylock &lt;ghylock@gmail.com&gt;</dc:contributor>
        <dc:contributor xmlns:dc="http://purl.org/dc/elements/1.1/">Andrew Gilmore &lt;agilmore2@gmail.com&gt;</dc:contributor>
        <dc:contributor xmlns:dc="http://purl.org/dc/elements/1.1/">Joshua Glemza &lt;jglemza@nasa.gov&gt;</dc:contributor>
        <dc:contributor xmlns:dc="http://purl.org/dc/elements/1.1/">Nick Gompper &lt;forestgomp@yahoo.com&gt;</dc:contributor>
        <dc:contributor xmlns:dc="http://purl.org/dc/elements/1.1/">David Fernandez Gonzalez &lt;david.fernandezgonzalez@canonical.com&gt;</dc:contributor>
        <dc:contributor xmlns:dc="http://purl.org/dc/elements/1.1/">Loren Gordon &lt;lorengordon@users.noreply.github.com&gt;</dc:contributor>
        <dc:contributor xmlns:dc="http://purl.org/dc/elements/1.1/">Gene Gotimer &lt;otherdevopsgene@portinfo.com&gt;</dc:contributor>
        <dc:contributor xmlns:dc="http://purl.org/dc/elements/1.1/">Patrik Greco &lt;sikevux@sikevux.se&gt;</dc:contributor>
        <dc:contributor xmlns:dc="http://purl.org/dc/elements/1.1/">Steve Grubb &lt;sgrubb@redhat.com&gt;</dc:contributor>
        <dc:contributor xmlns:dc="http://purl.org/dc/elements/1.1/">guangyee &lt;gyee@suse.com&gt;</dc:contributor>
        <dc:contributor xmlns:dc="http://purl.org/dc/elements/1.1/">Bhargavi Gudi &lt;bgudi@bgudi-thinkpadt14sgen2i.remote.csb&gt;</dc:contributor>
        <dc:contributor xmlns:dc="http://purl.org/dc/elements/1.1/">Christian Hagenest &lt;christian.hagenest@suse.com&gt;</dc:contributor>
        <dc:contributor xmlns:dc="http://purl.org/dc/elements/1.1/">Marek Haicman &lt;mhaicman@redhat.com&gt;</dc:contributor>
        <dc:contributor xmlns:dc="http://purl.org/dc/elements/1.1/">Sun, Haoxiang &lt;haoxiang.sun@intel.com&gt;</dc:contributor>
        <dc:contributor xmlns:dc="http://purl.org/dc/elements/1.1/">Vern Hart &lt;vern.hart@canonical.com&gt;</dc:contributor>
        <dc:contributor xmlns:dc="http://purl.org/dc/elements/1.1/">Alex Haydock &lt;alex@alexhaydock.co.uk&gt;</dc:contributor>
        <dc:contributor xmlns:dc="http://purl.org/dc/elements/1.1/">Rebekah Hayes &lt;rhayes@corp.rivierautilities.com&gt;</dc:contributor>
        <dc:contributor xmlns:dc="http://purl.org/dc/elements/1.1/">hazerre &lt;kotadouglas2@gmail.com&gt;</dc:contributor>
        <dc:contributor xmlns:dc="http://purl.org/dc/elements/1.1/">Trey Henefield &lt;thenefield@gmail.com&gt;</dc:contributor>
        <dc:contributor xmlns:dc="http://purl.org/dc/elements/1.1/">Henning Henkel &lt;henning.henkel@helvetia.ch&gt;</dc:contributor>
        <dc:contributor xmlns:dc="http://purl.org/dc/elements/1.1/">hex2a &lt;hex2a@users.noreply.github.com&gt;</dc:contributor>
        <dc:contributor xmlns:dc="http://purl.org/dc/elements/1.1/">hipponix &lt;mirco.santori@gmail.com&gt;</dc:contributor>
        <dc:contributor xmlns:dc="http://purl.org/dc/elements/1.1/">John Hooks &lt;jhooks@starscream.pa.jhbcomputers.com&gt;</dc:contributor>
        <dc:contributor xmlns:dc="http://purl.org/dc/elements/1.1/">Jakub Hrozek &lt;jhrozek@redhat.com&gt;</dc:contributor>
        <dc:contributor xmlns:dc="http://purl.org/dc/elements/1.1/">Donald Hunter &lt;donald.hunter@gmail.com&gt;</dc:contributor>
        <dc:contributor xmlns:dc="http://purl.org/dc/elements/1.1/">De Huo &lt;De.Huo@windriver.com&gt;</dc:contributor>
        <dc:contributor xmlns:dc="http://purl.org/dc/elements/1.1/">Robin Price II &lt;robin@redhat.com&gt;</dc:contributor>
        <dc:contributor xmlns:dc="http://purl.org/dc/elements/1.1/">Yasir Imam &lt;yimam@redhat.com&gt;</dc:contributor>
        <dc:contributor xmlns:dc="http://purl.org/dc/elements/1.1/">Jiri Jaburek &lt;jjaburek@redhat.com&gt;</dc:contributor>
        <dc:contributor xmlns:dc="http://purl.org/dc/elements/1.1/">Keith Jackson &lt;keithkjackson@gmail.com&gt;</dc:contributor>
        <dc:contributor xmlns:dc="http://purl.org/dc/elements/1.1/">Marc Jadoul &lt;mgjadoul@laptomatic.auth-o-matic.corp&gt;</dc:contributor>
        <dc:contributor xmlns:dc="http://purl.org/dc/elements/1.1/">Jeremiah Jahn &lt;jeremiah@goodinassociates.com&gt;</dc:contributor>
        <dc:contributor xmlns:dc="http://purl.org/dc/elements/1.1/">Jakub Jelen &lt;jjelen@redhat.com&gt;</dc:contributor>
        <dc:contributor xmlns:dc="http://purl.org/dc/elements/1.1/">Jessicahfy &lt;Jessicahfy@users.noreply.github.com&gt;</dc:contributor>
        <dc:contributor xmlns:dc="http://purl.org/dc/elements/1.1/">Stephan Joerrens &lt;Stephan.Joerrens@fiduciagad.de&gt;</dc:contributor>
        <dc:contributor xmlns:dc="http://purl.org/dc/elements/1.1/">Simon John &lt;sjohn@tuxcare.com&gt;</dc:contributor>
        <dc:contributor xmlns:dc="http://purl.org/dc/elements/1.1/">Hunter Jones &lt;hjones2199@gmail.com&gt;</dc:contributor>
        <dc:contributor xmlns:dc="http://purl.org/dc/elements/1.1/">Jono &lt;jono@ubuntu-18.localdomain&gt;</dc:contributor>
        <dc:contributor xmlns:dc="http://purl.org/dc/elements/1.1/">justchris1 &lt;justchris1@justchris1.email&gt;</dc:contributor>
        <dc:contributor xmlns:dc="http://purl.org/dc/elements/1.1/">Kacper &lt;kacper@kacper.se&gt;</dc:contributor>
        <dc:contributor xmlns:dc="http://purl.org/dc/elements/1.1/">Kai Kang &lt;kai.kang@windriver.com&gt;</dc:contributor>
        <dc:contributor xmlns:dc="http://purl.org/dc/elements/1.1/">Charles Kernstock &lt;charles.kernstock@ultra-ats.com&gt;</dc:contributor>
        <dc:contributor xmlns:dc="http://purl.org/dc/elements/1.1/">Yuli Khodorkovskiy &lt;ykhodorkovskiy@tresys.com&gt;</dc:contributor>
        <dc:contributor xmlns:dc="http://purl.org/dc/elements/1.1/">Sherine Khoury &lt;skhoury@redhat.com&gt;</dc:contributor>
        <dc:contributor xmlns:dc="http://purl.org/dc/elements/1.1/">Nathan Kinder &lt;nkinder@redhat.com&gt;</dc:contributor>
        <dc:contributor xmlns:dc="http://purl.org/dc/elements/1.1/">Lee Kinser &lt;lee.kinser@gmail.com&gt;</dc:contributor>
        <dc:contributor xmlns:dc="http://purl.org/dc/elements/1.1/">Evgeny Kolesnikov &lt;ekolesni@redhat.com&gt;</dc:contributor>
        <dc:contributor xmlns:dc="http://purl.org/dc/elements/1.1/">Peter 'Pessoft' Kolínek &lt;github@pessoft.com&gt;</dc:contributor>
        <dc:contributor xmlns:dc="http://purl.org/dc/elements/1.1/">Luke Kordell &lt;luke.t.kordell@lmco.com&gt;</dc:contributor>
        <dc:contributor xmlns:dc="http://purl.org/dc/elements/1.1/">Malte Kraus &lt;malte.kraus@suse.com&gt;</dc:contributor>
        <dc:contributor xmlns:dc="http://purl.org/dc/elements/1.1/">Seth Kress &lt;seth.kress@dsainc.com&gt;</dc:contributor>
        <dc:contributor xmlns:dc="http://purl.org/dc/elements/1.1/">Felix Krohn &lt;felix.krohn@helvetia.ch&gt;</dc:contributor>
        <dc:contributor xmlns:dc="http://purl.org/dc/elements/1.1/">kspargur &lt;kspargur@kspargur.csb&gt;</dc:contributor>
        <dc:contributor xmlns:dc="http://purl.org/dc/elements/1.1/">Amit Kumar &lt;amitkuma@redhat.com&gt;</dc:contributor>
        <dc:contributor xmlns:dc="http://purl.org/dc/elements/1.1/">Fen Labalme &lt;fen@civicactions.com&gt;</dc:contributor>
        <dc:contributor xmlns:dc="http://purl.org/dc/elements/1.1/">Dexter Le &lt;dexter.le@sap.com&gt;</dc:contributor>
        <dc:contributor xmlns:dc="http://purl.org/dc/elements/1.1/">Dimitri John Ledkov &lt;dimitri.ledkov@surgut.co.uk&gt;</dc:contributor>
        <dc:contributor xmlns:dc="http://purl.org/dc/elements/1.1/">Ade Lee &lt;alee@redhat.com&gt;</dc:contributor>
        <dc:contributor xmlns:dc="http://purl.org/dc/elements/1.1/">Christopher Lee &lt;Crleekwc@gmail.com&gt;</dc:contributor>
        <dc:contributor xmlns:dc="http://purl.org/dc/elements/1.1/">Ian Lee &lt;lee1001@llnl.gov&gt;</dc:contributor>
        <dc:contributor xmlns:dc="http://purl.org/dc/elements/1.1/">Jarrett Lee &lt;jarrettl@umd.edu&gt;</dc:contributor>
        <dc:contributor xmlns:dc="http://purl.org/dc/elements/1.1/">Joseph Lenox &lt;joseph.lenox@collins.com&gt;</dc:contributor>
        <dc:contributor xmlns:dc="http://purl.org/dc/elements/1.1/">Stefano Libero &lt;stefano.libero@nozominetworks.com&gt;</dc:contributor>
        <dc:contributor xmlns:dc="http://purl.org/dc/elements/1.1/">lichtblaugue &lt;guenther.lichtblau@eviden.com&gt;</dc:contributor>
        <dc:contributor xmlns:dc="http://purl.org/dc/elements/1.1/">Jan Lieskovsky &lt;jlieskov@redhat.com&gt;</dc:contributor>
        <dc:contributor xmlns:dc="http://purl.org/dc/elements/1.1/">Markus Linnala &lt;Markus.Linnala@knowit.fi&gt;</dc:contributor>
        <dc:contributor xmlns:dc="http://purl.org/dc/elements/1.1/">Flos Lonicerae &lt;lonicerae@gmail.com&gt;</dc:contributor>
        <dc:contributor xmlns:dc="http://purl.org/dc/elements/1.1/">Simon Lukasik &lt;slukasik@redhat.com&gt;</dc:contributor>
        <dc:contributor xmlns:dc="http://purl.org/dc/elements/1.1/">Andrew Lukoshko &lt;andrew.lukoshko@gmail.com&gt;</dc:contributor>
        <dc:contributor xmlns:dc="http://purl.org/dc/elements/1.1/">Milan Lysonek &lt;mlysonek@redhat.com&gt;</dc:contributor>
        <dc:contributor xmlns:dc="http://purl.org/dc/elements/1.1/">Fredrik Lysén &lt;fredrik@pipemore.se&gt;</dc:contributor>
        <dc:contributor xmlns:dc="http://purl.org/dc/elements/1.1/">Mackemania &lt;8738793+Mackemania@users.noreply.github.com&gt;</dc:contributor>
        <dc:contributor xmlns:dc="http://purl.org/dc/elements/1.1/">Caitlin Macleod &lt;caitelatte@gmail.com&gt;</dc:contributor>
        <dc:contributor xmlns:dc="http://purl.org/dc/elements/1.1/">Dmitry Makovey &lt;dmakovey@yahoo.com&gt;</dc:contributor>
        <dc:contributor xmlns:dc="http://purl.org/dc/elements/1.1/">Nick Maludy &lt;nmaludy@gmail.com&gt;</dc:contributor>
        <dc:contributor xmlns:dc="http://purl.org/dc/elements/1.1/">Lokesh Mandvekar &lt;lsm5@fedoraproject.org&gt;</dc:contributor>
        <dc:contributor xmlns:dc="http://purl.org/dc/elements/1.1/">Matus Marhefka &lt;mmarhefk@redhat.com&gt;</dc:contributor>
        <dc:contributor xmlns:dc="http://purl.org/dc/elements/1.1/">Jamie Lorwey Martin &lt;jlmartin@redhat.com&gt;</dc:contributor>
        <dc:contributor xmlns:dc="http://purl.org/dc/elements/1.1/">Carlos Matos &lt;cmatos@redhat.com&gt;</dc:contributor>
        <dc:contributor xmlns:dc="http://purl.org/dc/elements/1.1/">Robert McAllister &lt;rmcallis@redhat.com&gt;</dc:contributor>
        <dc:contributor xmlns:dc="http://purl.org/dc/elements/1.1/">Karen McCarron &lt;kmccarro@redhat.com&gt;</dc:contributor>
        <dc:contributor xmlns:dc="http://purl.org/dc/elements/1.1/">Michael McConachie &lt;michael@redhat.com&gt;</dc:contributor>
        <dc:contributor xmlns:dc="http://purl.org/dc/elements/1.1/">Marcus Meissner &lt;meissner@suse.de&gt;</dc:contributor>
        <dc:contributor xmlns:dc="http://purl.org/dc/elements/1.1/">Khary Mendez &lt;kmendez@redhat.com&gt;</dc:contributor>
        <dc:contributor xmlns:dc="http://purl.org/dc/elements/1.1/">Rodney Mercer &lt;rmercer@harris.com&gt;</dc:contributor>
        <dc:contributor xmlns:dc="http://purl.org/dc/elements/1.1/">Matt Micene &lt;nzwulfin@gmail.com&gt;</dc:contributor>
        <dc:contributor xmlns:dc="http://purl.org/dc/elements/1.1/">Brian Millett &lt;bmillett@gmail.com&gt;</dc:contributor>
        <dc:contributor xmlns:dc="http://purl.org/dc/elements/1.1/">Takuya Mishina &lt;tmishina@jp.ibm.com&gt;</dc:contributor>
        <dc:contributor xmlns:dc="http://purl.org/dc/elements/1.1/">Mixer9 &lt;35545791+Mixer9@users.noreply.github.com&gt;</dc:contributor>
        <dc:contributor xmlns:dc="http://purl.org/dc/elements/1.1/">mmosel &lt;mmosel@kde.example.com&gt;</dc:contributor>
        <dc:contributor xmlns:dc="http://purl.org/dc/elements/1.1/">Thomas Montague &lt;montague.thomas@gmail.com&gt;</dc:contributor>
        <dc:contributor xmlns:dc="http://purl.org/dc/elements/1.1/">Alan Moore &lt;alan.moore@canonical.com&gt;</dc:contributor>
        <dc:contributor xmlns:dc="http://purl.org/dc/elements/1.1/">Zbynek Moravec &lt;zmoravec@redhat.com&gt;</dc:contributor>
        <dc:contributor xmlns:dc="http://purl.org/dc/elements/1.1/">Kazuo Moriwaka &lt;moriwaka@users.noreply.github.com&gt;</dc:contributor>
        <dc:contributor xmlns:dc="http://purl.org/dc/elements/1.1/">Michael Moseley &lt;michael@eclipse.ncsc.mil&gt;</dc:contributor>
        <dc:contributor xmlns:dc="http://purl.org/dc/elements/1.1/">Nathan Moyer &lt;nmoyer@spectric.com&gt;</dc:contributor>
        <dc:contributor xmlns:dc="http://purl.org/dc/elements/1.1/">Ross Murphy &lt;RossMurphy@ibm.com&gt;</dc:contributor>
        <dc:contributor xmlns:dc="http://purl.org/dc/elements/1.1/">Renaud Métrich &lt;rmetrich@redhat.com&gt;</dc:contributor>
        <dc:contributor xmlns:dc="http://purl.org/dc/elements/1.1/">Joe Nall &lt;joe@nall.com&gt;</dc:contributor>
        <dc:contributor xmlns:dc="http://purl.org/dc/elements/1.1/">namoyer10 &lt;48189779+namoyer10@users.noreply.github.com&gt;</dc:contributor>
        <dc:contributor xmlns:dc="http://purl.org/dc/elements/1.1/">Neiloy &lt;neiloy@redhat.com&gt;</dc:contributor>
        <dc:contributor xmlns:dc="http://purl.org/dc/elements/1.1/">Axel Nennker &lt;axel@nennker.de&gt;</dc:contributor>
        <dc:contributor xmlns:dc="http://purl.org/dc/elements/1.1/">Michele Newman &lt;mnewman@redhat.com&gt;</dc:contributor>
        <dc:contributor xmlns:dc="http://purl.org/dc/elements/1.1/">nnerdmann &lt;128606223+nnerdmann@users.noreply.github.com&gt;</dc:contributor>
        <dc:contributor xmlns:dc="http://purl.org/dc/elements/1.1/">Sean O'Keeffe &lt;seanokeeffe797@gmail.com&gt;</dc:contributor>
        <dc:contributor xmlns:dc="http://purl.org/dc/elements/1.1/">Jiri Odehnal &lt;jodehnal@redhat.com&gt;</dc:contributor>
        <dc:contributor xmlns:dc="http://purl.org/dc/elements/1.1/">Ilya Okomin &lt;ilya.okomin@oracle.com&gt;</dc:contributor>
        <dc:contributor xmlns:dc="http://purl.org/dc/elements/1.1/">Kaustubh Padegaonkar &lt;theTuxRacer@gmail.com&gt;</dc:contributor>
        <dc:contributor xmlns:dc="http://purl.org/dc/elements/1.1/">Michael Palmiotto &lt;mpalmiotto@tresys.com&gt;</dc:contributor>
        <dc:contributor xmlns:dc="http://purl.org/dc/elements/1.1/">Eryx Paredes &lt;eryxp@lyft.com&gt;</dc:contributor>
        <dc:contributor xmlns:dc="http://purl.org/dc/elements/1.1/">Max R.D. Parmer &lt;maxp@trystero.is&gt;</dc:contributor>
        <dc:contributor xmlns:dc="http://purl.org/dc/elements/1.1/">Arnaud Patard &lt;apatard@hupstream.com&gt;</dc:contributor>
        <dc:contributor xmlns:dc="http://purl.org/dc/elements/1.1/">Jan Pazdziora &lt;jpazdziora@redhat.com&gt;</dc:contributor>
        <dc:contributor xmlns:dc="http://purl.org/dc/elements/1.1/">pcactr &lt;paul.c.arnold4.ctr@mail.mil&gt;</dc:contributor>
        <dc:contributor xmlns:dc="http://purl.org/dc/elements/1.1/">Kenneth Peeples &lt;kennethwpeeples@gmail.com&gt;</dc:contributor>
        <dc:contributor xmlns:dc="http://purl.org/dc/elements/1.1/">Nathan Peters &lt;Nathaniel.Peters@ca.com&gt;</dc:contributor>
        <dc:contributor xmlns:dc="http://purl.org/dc/elements/1.1/">Frank Lin PIAT &lt;fpiat@klabs.be&gt;</dc:contributor>
        <dc:contributor xmlns:dc="http://purl.org/dc/elements/1.1/">Stefan Pietsch &lt;mail.ipv4v6+gh@gmail.com&gt;</dc:contributor>
        <dc:contributor xmlns:dc="http://purl.org/dc/elements/1.1/">piggyvenus &lt;piggyvenus@gmail.com&gt;</dc:contributor>
        <dc:contributor xmlns:dc="http://purl.org/dc/elements/1.1/">Vojtech Polasek &lt;vpolasek@redhat.com&gt;</dc:contributor>
        <dc:contributor xmlns:dc="http://purl.org/dc/elements/1.1/">Orion Poplawski &lt;orion@nwra.com&gt;</dc:contributor>
        <dc:contributor xmlns:dc="http://purl.org/dc/elements/1.1/">Jennifer Power &lt;barnabei.jennifer@gmail.com&gt;</dc:contributor>
        <dc:contributor xmlns:dc="http://purl.org/dc/elements/1.1/">Nick Poyant &lt;npoyant@redhat.com&gt;</dc:contributor>
        <dc:contributor xmlns:dc="http://purl.org/dc/elements/1.1/">Martin Preisler &lt;mpreisle@redhat.com&gt;</dc:contributor>
        <dc:contributor xmlns:dc="http://purl.org/dc/elements/1.1/">Wesley Ceraso Prudencio &lt;wcerasop@redhat.com&gt;</dc:contributor>
        <dc:contributor xmlns:dc="http://purl.org/dc/elements/1.1/">Raphael Sanchez Prudencio &lt;rsprudencio@redhat.com&gt;</dc:contributor>
        <dc:contributor xmlns:dc="http://purl.org/dc/elements/1.1/">Miha Purg &lt;miha.purg@canonical.com&gt;</dc:contributor>
        <dc:contributor xmlns:dc="http://purl.org/dc/elements/1.1/">T.O. Radzy Radzykewycz &lt;radzy@windriver.com&gt;</dc:contributor>
        <dc:contributor xmlns:dc="http://purl.org/dc/elements/1.1/">rain-Qing &lt;yangyuqing6@qq.com&gt;</dc:contributor>
        <dc:contributor xmlns:dc="http://purl.org/dc/elements/1.1/">Kenyon Ralph &lt;kenyon@kenyonralph.com&gt;</dc:contributor>
        <dc:contributor xmlns:dc="http://purl.org/dc/elements/1.1/">Mike Ralph &lt;mralph@redhat.com&gt;</dc:contributor>
        <dc:contributor xmlns:dc="http://purl.org/dc/elements/1.1/">Federico Ramirez &lt;federico.r.ramirez@oracle.com&gt;</dc:contributor>
        <dc:contributor xmlns:dc="http://purl.org/dc/elements/1.1/">rchikov &lt;rumen.chikov@suse.com&gt;</dc:contributor>
        <dc:contributor xmlns:dc="http://purl.org/dc/elements/1.1/">Rick Renshaw &lt;Richard_Renshaw@xtoenergy.com&gt;</dc:contributor>
        <dc:contributor xmlns:dc="http://purl.org/dc/elements/1.1/">Paul Rensing &lt;prensing@cimetrics.com&gt;</dc:contributor>
        <dc:contributor xmlns:dc="http://purl.org/dc/elements/1.1/">Chris Reynolds &lt;c.reynolds82@gmail.com&gt;</dc:contributor>
        <dc:contributor xmlns:dc="http://purl.org/dc/elements/1.1/">rhayes &lt;rhayes@rivierautilities.com&gt;</dc:contributor>
        <dc:contributor xmlns:dc="http://purl.org/dc/elements/1.1/">Pat Riehecky &lt;riehecky@fnal.gov&gt;</dc:contributor>
        <dc:contributor xmlns:dc="http://purl.org/dc/elements/1.1/">rlucente-se-jboss &lt;rlucente@redhat.com&gt;</dc:contributor>
        <dc:contributor xmlns:dc="http://purl.org/dc/elements/1.1/">Juan Antonio Osorio Robles &lt;juan.osoriorobles@eu.equinix.com&gt;</dc:contributor>
        <dc:contributor xmlns:dc="http://purl.org/dc/elements/1.1/">Paul Roche &lt;paul.roche@menlosecurity.com&gt;</dc:contributor>
        <dc:contributor xmlns:dc="http://purl.org/dc/elements/1.1/">Jan Rodak &lt;hony.com@seznam.cz&gt;</dc:contributor>
        <dc:contributor xmlns:dc="http://purl.org/dc/elements/1.1/">Matt Rogers &lt;mrogers@redhat.com&gt;</dc:contributor>
        <dc:contributor xmlns:dc="http://purl.org/dc/elements/1.1/">Jesse Roland &lt;jesse.roland@onyxpoint.com&gt;</dc:contributor>
        <dc:contributor xmlns:dc="http://purl.org/dc/elements/1.1/">Joshua Roys &lt;roysjosh@gmail.com&gt;</dc:contributor>
        <dc:contributor xmlns:dc="http://purl.org/dc/elements/1.1/">rrenshaw &lt;bofh69@yahoo.com&gt;</dc:contributor>
        <dc:contributor xmlns:dc="http://purl.org/dc/elements/1.1/">Daniel Ruf &lt;daniel@daniel-ruf.de&gt;</dc:contributor>
        <dc:contributor xmlns:dc="http://purl.org/dc/elements/1.1/">Chris Ruffalo &lt;chris.ruffalo@gmail.com&gt;</dc:contributor>
        <dc:contributor xmlns:dc="http://purl.org/dc/elements/1.1/">Benjamin Ruland &lt;benjamin.ruland@gmail.com&gt;</dc:contributor>
        <dc:contributor xmlns:dc="http://purl.org/dc/elements/1.1/">rumch-se &lt;77793453+rumch-se@users.noreply.github.com&gt;</dc:contributor>
        <dc:contributor xmlns:dc="http://purl.org/dc/elements/1.1/">Rutvik &lt;rutksh@gmail.com&gt;</dc:contributor>
        <dc:contributor xmlns:dc="http://purl.org/dc/elements/1.1/">Ray Shaw (Cont ARL/CISD) rvshaw &lt;rvshaw@esme.arl.army.mil&gt;</dc:contributor>
        <dc:contributor xmlns:dc="http://purl.org/dc/elements/1.1/">Nicolas SAID &lt;nicolas.said@atos.net&gt;</dc:contributor>
        <dc:contributor xmlns:dc="http://purl.org/dc/elements/1.1/">Earl Sampson &lt;ESampson@suse.com&gt;</dc:contributor>
        <dc:contributor xmlns:dc="http://purl.org/dc/elements/1.1/">sampsone &lt;esampson@suse.com&gt;</dc:contributor>
        <dc:contributor xmlns:dc="http://purl.org/dc/elements/1.1/">Mirco Santori &lt;mirco.santori@roche.com&gt;</dc:contributor>
        <dc:contributor xmlns:dc="http://purl.org/dc/elements/1.1/">Willy Santos &lt;wsantos@redhat.com&gt;</dc:contributor>
        <dc:contributor xmlns:dc="http://purl.org/dc/elements/1.1/">Nagarjuna Sarvepalli &lt;snagarju@redhat.com&gt;</dc:contributor>
        <dc:contributor xmlns:dc="http://purl.org/dc/elements/1.1/">Anderson Sasaki &lt;33833274+ansasaki@users.noreply.github.com&gt;</dc:contributor>
        <dc:contributor xmlns:dc="http://purl.org/dc/elements/1.1/">Gautam Satish &lt;gautams@hpe.com&gt;</dc:contributor>
        <dc:contributor xmlns:dc="http://purl.org/dc/elements/1.1/">Watson Sato &lt;wsato@redhat.com&gt;</dc:contributor>
        <dc:contributor xmlns:dc="http://purl.org/dc/elements/1.1/">Satoru SATOH &lt;satoru.satoh@gmail.com&gt;</dc:contributor>
        <dc:contributor xmlns:dc="http://purl.org/dc/elements/1.1/">Alexander Scheel &lt;alexander.m.scheel@gmail.com&gt;</dc:contributor>
        <dc:contributor xmlns:dc="http://purl.org/dc/elements/1.1/">Bryan Schneiders &lt;pschneiders@trisept.com&gt;</dc:contributor>
        <dc:contributor xmlns:dc="http://purl.org/dc/elements/1.1/">Robert Schweikert &lt;rjschwei@suse.com&gt;</dc:contributor>
        <dc:contributor xmlns:dc="http://purl.org/dc/elements/1.1/">shaneboulden &lt;shane.boulden@gmail.com&gt;</dc:contributor>
        <dc:contributor xmlns:dc="http://purl.org/dc/elements/1.1/">Vincent Shen &lt;wenshen@redhat.com&gt;</dc:contributor>
        <dc:contributor xmlns:dc="http://purl.org/dc/elements/1.1/">Dhriti Shikhar &lt;dhriti.shikhar.rokz@gmail.com&gt;</dc:contributor>
        <dc:contributor xmlns:dc="http://purl.org/dc/elements/1.1/">Spencer Shimko &lt;sshimko@tresys.com&gt;</dc:contributor>
        <dc:contributor xmlns:dc="http://purl.org/dc/elements/1.1/">Mark Shoger &lt;mshoger@redhat.com&gt;</dc:contributor>
        <dc:contributor xmlns:dc="http://purl.org/dc/elements/1.1/">Shane Siebken &lt;shane.siebken@capellaspace.com&gt;</dc:contributor>
        <dc:contributor xmlns:dc="http://purl.org/dc/elements/1.1/">THOBY Simon &lt;Simon.THOBY@viveris.fr&gt;</dc:contributor>
        <dc:contributor xmlns:dc="http://purl.org/dc/elements/1.1/">Thomas Sjögren &lt;konstruktoid@users.noreply.github.com&gt;</dc:contributor>
        <dc:contributor xmlns:dc="http://purl.org/dc/elements/1.1/">Jindrich Skacel &lt;102800748+jskacel@users.noreply.github.com&gt;</dc:contributor>
        <dc:contributor xmlns:dc="http://purl.org/dc/elements/1.1/">Alexandre Skrzyniarz &lt;alexandre.skrzyniarz@laposte.net&gt;</dc:contributor>
        <dc:contributor xmlns:dc="http://purl.org/dc/elements/1.1/">Francisco Slavin &lt;fslavin@tresys.com&gt;</dc:contributor>
        <dc:contributor xmlns:dc="http://purl.org/dc/elements/1.1/">sluetze &lt;13255307+sluetze@users.noreply.github.com&gt;</dc:contributor>
        <dc:contributor xmlns:dc="http://purl.org/dc/elements/1.1/">Dave Smith &lt;dsmith@eclipse.ncsc.mil&gt;</dc:contributor>
        <dc:contributor xmlns:dc="http://purl.org/dc/elements/1.1/">David Smith &lt;dsmith@fornax.eclipse.ncsc.mil&gt;</dc:contributor>
        <dc:contributor xmlns:dc="http://purl.org/dc/elements/1.1/">Kevin Spargur &lt;kspargur@redhat.com&gt;</dc:contributor>
        <dc:contributor xmlns:dc="http://purl.org/dc/elements/1.1/">Kenneth Stailey &lt;kstailey.lists@gmail.com&gt;</dc:contributor>
        <dc:contributor xmlns:dc="http://purl.org/dc/elements/1.1/">Leland Steinke &lt;leland.j.steinke.ctr@mail.mil&gt;</dc:contributor>
        <dc:contributor xmlns:dc="http://purl.org/dc/elements/1.1/">Justin Stephenson &lt;jstephen@redhat.com&gt;</dc:contributor>
        <dc:contributor xmlns:dc="http://purl.org/dc/elements/1.1/">steven.y.gui &lt;steven_ygui@163.com&gt;</dc:contributor>
        <dc:contributor xmlns:dc="http://purl.org/dc/elements/1.1/">Brian Stinson &lt;brian@bstinson.com&gt;</dc:contributor>
        <dc:contributor xmlns:dc="http://purl.org/dc/elements/1.1/">Jake Stookey &lt;jakestookey@gmail.com&gt;</dc:contributor>
        <dc:contributor xmlns:dc="http://purl.org/dc/elements/1.1/">Nathan Strahs &lt;135379779+nathanstrahs@users.noreply.github.com&gt;</dc:contributor>
        <dc:contributor xmlns:dc="http://purl.org/dc/elements/1.1/">Jonathan Sturges &lt;jsturges@redhat.com&gt;</dc:contributor>
        <dc:contributor xmlns:dc="http://purl.org/dc/elements/1.1/">svet-se &lt;svetlin.boychev@suse.com&gt;</dc:contributor>
        <dc:contributor xmlns:dc="http://purl.org/dc/elements/1.1/">Kaushik Talathi &lt;kaushik.talathi1@ibm.com&gt;</dc:contributor>
        <dc:contributor xmlns:dc="http://purl.org/dc/elements/1.1/">teacup-on-rockingchair &lt;315160+teacup-on-rockingchair@users.noreply.github.com&gt;</dc:contributor>
        <dc:contributor xmlns:dc="http://purl.org/dc/elements/1.1/">Ian Tewksbury &lt;itewk@redhat.com&gt;</dc:contributor>
        <dc:contributor xmlns:dc="http://purl.org/dc/elements/1.1/">Philippe Thierry &lt;phil@reseau-libre.net&gt;</dc:contributor>
        <dc:contributor xmlns:dc="http://purl.org/dc/elements/1.1/">Simon THOBY &lt;git@nightmared.fr&gt;</dc:contributor>
        <dc:contributor xmlns:dc="http://purl.org/dc/elements/1.1/">Derek Thurston &lt;thegrit@gmail.com&gt;</dc:contributor>
        <dc:contributor xmlns:dc="http://purl.org/dc/elements/1.1/">tianzhenjia &lt;jiatianzhen@cmss.chinamobile.com&gt;</dc:contributor>
        <dc:contributor xmlns:dc="http://purl.org/dc/elements/1.1/">Greg Tinsley &lt;gtinsley@redhat.com&gt;</dc:contributor>
        <dc:contributor xmlns:dc="http://purl.org/dc/elements/1.1/">Paul Tittle &lt;ptittle@cmf.nrl.navy.mil&gt;</dc:contributor>
        <dc:contributor xmlns:dc="http://purl.org/dc/elements/1.1/">tom &lt;tom@localhost.localdomain&gt;</dc:contributor>
        <dc:contributor xmlns:dc="http://purl.org/dc/elements/1.1/">tomas.hudik &lt;tomas.hudik@embedit.cz&gt;</dc:contributor>
        <dc:contributor xmlns:dc="http://purl.org/dc/elements/1.1/">Jeb Trayer &lt;jeb.d.trayer@uscg.mil&gt;</dc:contributor>
        <dc:contributor xmlns:dc="http://purl.org/dc/elements/1.1/">TrilokGeer &lt;tgeer@redhat.com&gt;</dc:contributor>
        <dc:contributor xmlns:dc="http://purl.org/dc/elements/1.1/">Viktors Trubovics &lt;viktors.trubovics@suse.com&gt;</dc:contributor>
        <dc:contributor xmlns:dc="http://purl.org/dc/elements/1.1/">Nico Truzzolino &lt;nico.truzzolino@gmx.de&gt;</dc:contributor>
        <dc:contributor xmlns:dc="http://purl.org/dc/elements/1.1/">Brian Turek &lt;brian.turek@gmail.com&gt;</dc:contributor>
        <dc:contributor xmlns:dc="http://purl.org/dc/elements/1.1/">Matěj Týč &lt;matyc@redhat.com&gt;</dc:contributor>
        <dc:contributor xmlns:dc="http://purl.org/dc/elements/1.1/">VadimDor &lt;29509093+VadimDor@users.noreply.github.com&gt;</dc:contributor>
        <dc:contributor xmlns:dc="http://purl.org/dc/elements/1.1/">Trevor Vaughan &lt;tvaughan@onyxpoint.com&gt;</dc:contributor>
        <dc:contributor xmlns:dc="http://purl.org/dc/elements/1.1/">vtrubovics &lt;82443408+vtrubovics@users.noreply.github.com&gt;</dc:contributor>
        <dc:contributor xmlns:dc="http://purl.org/dc/elements/1.1/">Sophia Wang &lt;huiwang@redhat.com&gt;</dc:contributor>
        <dc:contributor xmlns:dc="http://purl.org/dc/elements/1.1/">Samuel Warren &lt;swarren@redhat.com&gt;</dc:contributor>
        <dc:contributor xmlns:dc="http://purl.org/dc/elements/1.1/">wcushen &lt;54533890+wcushen@users.noreply.github.com&gt;</dc:contributor>
        <dc:contributor xmlns:dc="http://purl.org/dc/elements/1.1/">Shawn Wells &lt;shawn@redhat.com&gt;</dc:contributor>
        <dc:contributor xmlns:dc="http://purl.org/dc/elements/1.1/">Whidix &lt;31294015+Whidix@users.noreply.github.com&gt;</dc:contributor>
        <dc:contributor xmlns:dc="http://purl.org/dc/elements/1.1/">Daniel E. White &lt;linuxdan@users.noreply.github.com&gt;</dc:contributor>
        <dc:contributor xmlns:dc="http://purl.org/dc/elements/1.1/">Bernhard M. Wiedemann &lt;bwiedemann@suse.de&gt;</dc:contributor>
        <dc:contributor xmlns:dc="http://purl.org/dc/elements/1.1/">Roy Williams &lt;roywilli@roywilli.redhat.com&gt;</dc:contributor>
        <dc:contributor xmlns:dc="http://purl.org/dc/elements/1.1/">Willumpie &lt;willumpie@xs4all.nl&gt;</dc:contributor>
        <dc:contributor xmlns:dc="http://purl.org/dc/elements/1.1/">Rob Wilmoth &lt;rwilmoth@redhat.com&gt;</dc:contributor>
        <dc:contributor xmlns:dc="http://purl.org/dc/elements/1.1/">win97pro &lt;win97pro@protonmail.com&gt;</dc:contributor>
        <dc:contributor xmlns:dc="http://purl.org/dc/elements/1.1/">xcfxr &lt;xucee@qq.com&gt;</dc:contributor>
        <dc:contributor xmlns:dc="http://purl.org/dc/elements/1.1/">Lucas Yamanishi &lt;lucas.yamanishi@onyxpoint.com&gt;</dc:contributor>
        <dc:contributor xmlns:dc="http://purl.org/dc/elements/1.1/">Xirui Yang &lt;xirui.yang@oracle.com&gt;</dc:contributor>
        <dc:contributor xmlns:dc="http://purl.org/dc/elements/1.1/">Yuqing Yang &lt;yyq01323329@alibaba-inc.com&gt;</dc:contributor>
        <dc:contributor xmlns:dc="http://purl.org/dc/elements/1.1/">yarunachalam &lt;yarunachalam@suse.com&gt;</dc:contributor>
        <dc:contributor xmlns:dc="http://purl.org/dc/elements/1.1/">Guang Yee &lt;guang.yee@suse.com&gt;</dc:contributor>
        <dc:contributor xmlns:dc="http://purl.org/dc/elements/1.1/">Achilleas John Yfantis &lt;ayfantis@redhat.com&gt;</dc:contributor>
        <dc:contributor xmlns:dc="http://purl.org/dc/elements/1.1/">YiLin.Li &lt;YiLin.Li@linux.alibaba.com&gt;</dc:contributor>
        <dc:contributor xmlns:dc="http://purl.org/dc/elements/1.1/">yu410621 &lt;lihuanyu410621@gmail.com&gt;</dc:contributor>
        <dc:contributor xmlns:dc="http://purl.org/dc/elements/1.1/">Xiaojie Yuan &lt;xiyuan@redhat.com&gt;</dc:contributor>
        <dc:contributor xmlns:dc="http://purl.org/dc/elements/1.1/">yungcero &lt;133906218+yungcero@users.noreply.github.com&gt;</dc:contributor>
        <dc:contributor xmlns:dc="http://purl.org/dc/elements/1.1/">yunimoo &lt;yunimoo@nekocake.cafe&gt;</dc:contributor>
        <dc:contributor xmlns:dc="http://purl.org/dc/elements/1.1/">YuQing &lt;yyq0391@163.com&gt;</dc:contributor>
        <dc:contributor xmlns:dc="http://purl.org/dc/elements/1.1/">zhaoyun &lt;zhaoyun@kylinos.cn&gt;</dc:contributor>
        <dc:contributor xmlns:dc="http://purl.org/dc/elements/1.1/">Kevin Zimmerman &lt;kevin.zimmerman@kitware.com&gt;</dc:contributor>
        <dc:contributor xmlns:dc="http://purl.org/dc/elements/1.1/">Luigi Mario Zuccarelli &lt;luzuccar@redhat.com&gt;</dc:contributor>
        <dc:contributor xmlns:dc="http://purl.org/dc/elements/1.1/">Jan Černý &lt;jcerny@redhat.com&gt;</dc:contributor>
        <dc:contributor xmlns:dc="http://purl.org/dc/elements/1.1/">Michal Šrubař &lt;msrubar@redhat.com&gt;</dc:contributor>
        <dc:source xmlns:dc="http://purl.org/dc/elements/1.1/">https://github.com/ComplianceAsCode/content/releases/latest</dc:source>
      </metadata>
  <model system="urn:xccdf:scoring:default"/>
  <Profile id="xccdf_org.ssgproject.content_profile_anssi_bp28_enhanced">
    <title xmlns:xhtml="http://www.w3.org/1999/xhtml" xml:lang="en-US" override="true">ANSSI-BP-028 (enhanced)</title>
    <description xmlns:xhtml="http://www.w3.org/1999/xhtml" xml:lang="en-US" override="true">This profile contains configurations that align to ANSSI-BP-028 v2.0 at the enhanced hardening level.

ANSSI is the French National Information Security Agency, and stands for Agence nationale de la sécurité des systèmes d'information.
ANSSI-BP-028 is a configuration recommendation for GNU/Linux systems.

A copy of the ANSSI-BP-028 can be found at the ANSSI website:
https://www.ssi.gouv.fr/administration/guide/recommandations-de-securite-relatives-a-un-systeme-gnulinux/

Only the components strictly necessary to the service provided by the system should be installed.
Those whose presence can not be justified should be disabled, removed or deleted.
Performing a minimal install is a good starting point, but doesn't provide any assurance
over any package installed later.
Manual review is required to assess if the installed services are minimal.</description>
    <select idref="xccdf_org.ssgproject.content_rule_accounts_password_minlen_login_defs" selected="true"/>
    <select idref="xccdf_org.ssgproject.content_rule_accounts_password_pam_pwhistory_remember" selected="true"/>
    <select idref="xccdf_org.ssgproject.content_rule_accounts_password_set_max_life_root" selected="true"/>
    <select idref="xccdf_org.ssgproject.content_rule_accounts_passwords_pam_tally2" selected="true"/>
    <select idref="xccdf_org.ssgproject.content_rule_accounts_passwords_pam_tally2_deny_root" selected="true"/>
    <select idref="xccdf_org.ssgproject.content_rule_accounts_passwords_pam_tally2_unlock_time" selected="true"/>
    <select idref="xccdf_org.ssgproject.content_rule_accounts_polyinstantiated_tmp" selected="true"/>
    <select idref="xccdf_org.ssgproject.content_rule_accounts_polyinstantiated_var_tmp" selected="true"/>
    <select idref="xccdf_org.ssgproject.content_rule_accounts_tmout" selected="true"/>
    <select idref="xccdf_org.ssgproject.content_rule_accounts_umask_etc_bashrc" selected="true"/>
    <select idref="xccdf_org.ssgproject.content_rule_accounts_umask_etc_login_defs" selected="true"/>
    <select idref="xccdf_org.ssgproject.content_rule_accounts_umask_etc_profile" selected="true"/>
    <select idref="xccdf_org.ssgproject.content_rule_accounts_user_dot_group_ownership" selected="true"/>
    <select idref="xccdf_org.ssgproject.content_rule_accounts_user_dot_user_ownership" selected="true"/>
    <select idref="xccdf_org.ssgproject.content_rule_accounts_users_home_files_groupownership" selected="true"/>
    <select idref="xccdf_org.ssgproject.content_rule_accounts_users_home_files_ownership" selected="true"/>
    <select idref="xccdf_org.ssgproject.content_rule_accounts_users_home_files_permissions" selected="true"/>
    <select idref="xccdf_org.ssgproject.content_rule_aide_build_database" selected="true"/>
    <select idref="xccdf_org.ssgproject.content_rule_all_apparmor_profiles_enforced" selected="true"/>
    <select idref="xccdf_org.ssgproject.content_rule_apparmor_configured" selected="true"/>
    <select idref="xccdf_org.ssgproject.content_rule_audit_rules_dac_modification_chmod" selected="true"/>
    <select idref="xccdf_org.ssgproject.content_rule_audit_rules_dac_modification_chown" selected="true"/>
    <select idref="xccdf_org.ssgproject.content_rule_audit_rules_dac_modification_fchmod" selected="true"/>
    <select idref="xccdf_org.ssgproject.content_rule_audit_rules_dac_modification_fchmodat" selected="true"/>
    <select idref="xccdf_org.ssgproject.content_rule_audit_rules_dac_modification_fchown" selected="true"/>
    <select idref="xccdf_org.ssgproject.content_rule_audit_rules_dac_modification_fchownat" selected="true"/>
    <select idref="xccdf_org.ssgproject.content_rule_audit_rules_dac_modification_fremovexattr" selected="true"/>
    <select idref="xccdf_org.ssgproject.content_rule_audit_rules_dac_modification_fsetxattr" selected="true"/>
    <select idref="xccdf_org.ssgproject.content_rule_audit_rules_dac_modification_lchown" selected="true"/>
    <select idref="xccdf_org.ssgproject.content_rule_audit_rules_dac_modification_lremovexattr" selected="true"/>
    <select idref="xccdf_org.ssgproject.content_rule_audit_rules_dac_modification_lsetxattr" selected="true"/>
    <select idref="xccdf_org.ssgproject.content_rule_audit_rules_dac_modification_removexattr" selected="true"/>
    <select idref="xccdf_org.ssgproject.content_rule_audit_rules_dac_modification_setxattr" selected="true"/>
    <select idref="xccdf_org.ssgproject.content_rule_audit_rules_dac_modification_umount2" selected="true"/>
    <select idref="xccdf_org.ssgproject.content_rule_audit_rules_file_deletion_events_rename" selected="true"/>
    <select idref="xccdf_org.ssgproject.content_rule_audit_rules_file_deletion_events_renameat" selected="true"/>
    <select idref="xccdf_org.ssgproject.content_rule_audit_rules_file_deletion_events_rmdir" selected="true"/>
    <select idref="xccdf_org.ssgproject.content_rule_audit_rules_file_deletion_events_unlink" selected="true"/>
    <select idref="xccdf_org.ssgproject.content_rule_audit_rules_file_deletion_events_unlinkat" selected="true"/>
    <select idref="xccdf_org.ssgproject.content_rule_audit_rules_immutable" selected="true"/>
    <select idref="xccdf_org.ssgproject.content_rule_audit_rules_kernel_module_loading_delete" selected="true"/>
    <select idref="xccdf_org.ssgproject.content_rule_audit_rules_kernel_module_loading_finit" selected="true"/>
    <select idref="xccdf_org.ssgproject.content_rule_audit_rules_kernel_module_loading_init" selected="true"/>
    <select idref="xccdf_org.ssgproject.content_rule_audit_rules_login_events_faillock" selected="true"/>
    <select idref="xccdf_org.ssgproject.content_rule_audit_rules_login_events_lastlog" selected="true"/>
    <select idref="xccdf_org.ssgproject.content_rule_audit_rules_mac_modification" selected="true"/>
    <select idref="xccdf_org.ssgproject.content_rule_audit_rules_media_export" selected="true"/>
    <select idref="xccdf_org.ssgproject.content_rule_audit_rules_networkconfig_modification" selected="true"/>
    <select idref="xccdf_org.ssgproject.content_rule_audit_rules_privileged_commands" selected="true"/>
    <select idref="xccdf_org.ssgproject.content_rule_audit_rules_privileged_commands_insmod" selected="true"/>
    <select idref="xccdf_org.ssgproject.content_rule_audit_rules_privileged_commands_kmod" selected="true"/>
    <select idref="xccdf_org.ssgproject.content_rule_audit_rules_privileged_commands_modprobe" selected="true"/>
    <select idref="xccdf_org.ssgproject.content_rule_audit_rules_privileged_commands_rmmod" selected="true"/>
    <select idref="xccdf_org.ssgproject.content_rule_audit_rules_privileged_commands_sudo" selected="true"/>
    <select idref="xccdf_org.ssgproject.content_rule_audit_rules_session_events_btmp" selected="true"/>
    <select idref="xccdf_org.ssgproject.content_rule_audit_rules_session_events_utmp" selected="true"/>
    <select idref="xccdf_org.ssgproject.content_rule_audit_rules_session_events_wtmp" selected="true"/>
    <select idref="xccdf_org.ssgproject.content_rule_audit_rules_sysadmin_actions" selected="true"/>
    <select idref="xccdf_org.ssgproject.content_rule_audit_rules_time_adjtimex" selected="true"/>
    <select idref="xccdf_org.ssgproject.content_rule_audit_rules_time_clock_settime" selected="true"/>
    <select idref="xccdf_org.ssgproject.content_rule_audit_rules_time_stime" selected="true"/>
    <select idref="xccdf_org.ssgproject.content_rule_audit_rules_time_watch_localtime" selected="true"/>
    <select idref="xccdf_org.ssgproject.content_rule_audit_rules_unsuccessful_file_modification_creat" selected="true"/>
    <select idref="xccdf_org.ssgproject.content_rule_audit_rules_unsuccessful_file_modification_ftruncate" selected="true"/>
    <select idref="xccdf_org.ssgproject.content_rule_audit_rules_unsuccessful_file_modification_open" selected="true"/>
    <select idref="xccdf_org.ssgproject.content_rule_audit_rules_unsuccessful_file_modification_openat" selected="true"/>
    <select idref="xccdf_org.ssgproject.content_rule_audit_rules_unsuccessful_file_modification_truncate" selected="true"/>
    <select idref="xccdf_org.ssgproject.content_rule_audit_rules_usergroup_modification_group" selected="true"/>
    <select idref="xccdf_org.ssgproject.content_rule_audit_rules_usergroup_modification_gshadow" selected="true"/>
    <select idref="xccdf_org.ssgproject.content_rule_audit_rules_usergroup_modification_opasswd" selected="true"/>
    <select idref="xccdf_org.ssgproject.content_rule_audit_rules_usergroup_modification_passwd" selected="true"/>
    <select idref="xccdf_org.ssgproject.content_rule_audit_rules_usergroup_modification_shadow" selected="true"/>
    <select idref="xccdf_org.ssgproject.content_rule_audit_sudo_log_events" selected="true"/>
    <select idref="xccdf_org.ssgproject.content_rule_chronyd_configure_pool_and_server" selected="true"/>
    <select idref="xccdf_org.ssgproject.content_rule_chronyd_specify_remote_server" selected="true"/>
    <select idref="xccdf_org.ssgproject.content_rule_cracklib_accounts_password_pam_dcredit" selected="true"/>
    <select idref="xccdf_org.ssgproject.content_rule_cracklib_accounts_password_pam_lcredit" selected="true"/>
    <select idref="xccdf_org.ssgproject.content_rule_cracklib_accounts_password_pam_minlen" selected="true"/>
    <select idref="xccdf_org.ssgproject.content_rule_cracklib_accounts_password_pam_ocredit" selected="true"/>
    <select idref="xccdf_org.ssgproject.content_rule_cracklib_accounts_password_pam_ucredit" selected="true"/>
    <select idref="xccdf_org.ssgproject.content_rule_dir_perms_world_writable_root_owned" selected="true"/>
    <select idref="xccdf_org.ssgproject.content_rule_dir_perms_world_writable_sticky_bits" selected="true"/>
    <select idref="xccdf_org.ssgproject.content_rule_dir_system_commands_group_root_owned" selected="true"/>
    <select idref="xccdf_org.ssgproject.content_rule_dir_system_commands_root_owned" selected="true"/>
    <select idref="xccdf_org.ssgproject.content_rule_directory_groupowner_etc_ipsecd" selected="true"/>
    <select idref="xccdf_org.ssgproject.content_rule_directory_groupowner_etc_iptables" selected="true"/>
    <select idref="xccdf_org.ssgproject.content_rule_directory_groupowner_etc_nftables" selected="true"/>
    <select idref="xccdf_org.ssgproject.content_rule_directory_groupowner_etc_selinux" selected="true"/>
    <select idref="xccdf_org.ssgproject.content_rule_directory_groupowner_etc_sudoersd" selected="true"/>
    <select idref="xccdf_org.ssgproject.content_rule_directory_groupowner_etc_sysctld" selected="true"/>
    <select idref="xccdf_org.ssgproject.content_rule_directory_owner_etc_ipsecd" selected="true"/>
    <select idref="xccdf_org.ssgproject.content_rule_directory_owner_etc_iptables" selected="true"/>
    <select idref="xccdf_org.ssgproject.content_rule_directory_owner_etc_nftables" selected="true"/>
    <select idref="xccdf_org.ssgproject.content_rule_directory_owner_etc_selinux" selected="true"/>
    <select idref="xccdf_org.ssgproject.content_rule_directory_owner_etc_sudoersd" selected="true"/>
    <select idref="xccdf_org.ssgproject.content_rule_directory_owner_etc_sysctld" selected="true"/>
    <select idref="xccdf_org.ssgproject.content_rule_directory_permissions_etc_ipsecd" selected="true"/>
    <select idref="xccdf_org.ssgproject.content_rule_directory_permissions_etc_iptables" selected="true"/>
    <select idref="xccdf_org.ssgproject.content_rule_directory_permissions_etc_nftables" selected="true"/>
    <select idref="xccdf_org.ssgproject.content_rule_directory_permissions_etc_selinux" selected="true"/>
    <select idref="xccdf_org.ssgproject.content_rule_directory_permissions_etc_sudoersd" selected="true"/>
    <select idref="xccdf_org.ssgproject.content_rule_directory_permissions_etc_sysctld" selected="true"/>
    <select idref="xccdf_org.ssgproject.content_rule_enable_pam_namespace" selected="true"/>
    <select idref="xccdf_org.ssgproject.content_rule_ensure_gpgcheck_globally_activated" selected="true"/>
    <select idref="xccdf_org.ssgproject.content_rule_ensure_gpgcheck_local_packages" selected="true"/>
    <select idref="xccdf_org.ssgproject.content_rule_ensure_gpgcheck_never_disabled" selected="true"/>
    <select idref="xccdf_org.ssgproject.content_rule_ensure_logrotate_activated" selected="true"/>
    <select idref="xccdf_org.ssgproject.content_rule_file_groupowner_efi_grub2_cfg" selected="true"/>
    <select idref="xccdf_org.ssgproject.content_rule_file_groupowner_efi_user_cfg" selected="true"/>
    <select idref="xccdf_org.ssgproject.content_rule_file_groupowner_etc_crypttab" selected="true"/>
    <select idref="xccdf_org.ssgproject.content_rule_file_groupowner_etc_group" selected="true"/>
    <select idref="xccdf_org.ssgproject.content_rule_file_groupowner_etc_gshadow" selected="true"/>
    <select idref="xccdf_org.ssgproject.content_rule_file_groupowner_etc_ipsec_conf" selected="true"/>
    <select idref="xccdf_org.ssgproject.content_rule_file_groupowner_etc_ipsec_secrets" selected="true"/>
    <select idref="xccdf_org.ssgproject.content_rule_file_groupowner_etc_passwd" selected="true"/>
    <select idref="xccdf_org.ssgproject.content_rule_file_groupowner_etc_sestatus_conf" selected="true"/>
    <select idref="xccdf_org.ssgproject.content_rule_file_groupowner_etc_shadow" selected="true"/>
    <select idref="xccdf_org.ssgproject.content_rule_file_groupowner_etc_shells" selected="true"/>
    <select idref="xccdf_org.ssgproject.content_rule_file_groupowner_etc_sudoers" selected="true"/>
    <select idref="xccdf_org.ssgproject.content_rule_file_groupowner_grub2_cfg" selected="true"/>
    <select idref="xccdf_org.ssgproject.content_rule_file_groupowner_sshd_config" selected="true"/>
    <select idref="xccdf_org.ssgproject.content_rule_file_groupowner_systemmap" selected="true"/>
    <select idref="xccdf_org.ssgproject.content_rule_file_groupowner_user_cfg" selected="true"/>
    <select idref="xccdf_org.ssgproject.content_rule_file_groupownership_sshd_private_key" selected="true"/>
    <select idref="xccdf_org.ssgproject.content_rule_file_groupownership_sshd_pub_key" selected="true"/>
    <select idref="xccdf_org.ssgproject.content_rule_file_groupownership_system_commands_dirs" selected="true"/>
    <select idref="xccdf_org.ssgproject.content_rule_file_owner_efi_grub2_cfg" selected="true"/>
    <select idref="xccdf_org.ssgproject.content_rule_file_owner_efi_user_cfg" selected="true"/>
    <select idref="xccdf_org.ssgproject.content_rule_file_owner_etc_chrony_keys" selected="true"/>
    <select idref="xccdf_org.ssgproject.content_rule_file_owner_etc_crypttab" selected="true"/>
    <select idref="xccdf_org.ssgproject.content_rule_file_owner_etc_group" selected="true"/>
    <select idref="xccdf_org.ssgproject.content_rule_file_owner_etc_gshadow" selected="true"/>
    <select idref="xccdf_org.ssgproject.content_rule_file_owner_etc_ipsec_conf" selected="true"/>
    <select idref="xccdf_org.ssgproject.content_rule_file_owner_etc_ipsec_secrets" selected="true"/>
    <select idref="xccdf_org.ssgproject.content_rule_file_owner_etc_passwd" selected="true"/>
    <select idref="xccdf_org.ssgproject.content_rule_file_owner_etc_sestatus_conf" selected="true"/>
    <select idref="xccdf_org.ssgproject.content_rule_file_owner_etc_shadow" selected="true"/>
    <select idref="xccdf_org.ssgproject.content_rule_file_owner_etc_shells" selected="true"/>
    <select idref="xccdf_org.ssgproject.content_rule_file_owner_etc_sudoers" selected="true"/>
    <select idref="xccdf_org.ssgproject.content_rule_file_owner_grub2_cfg" selected="true"/>
    <select idref="xccdf_org.ssgproject.content_rule_file_owner_sshd_config" selected="true"/>
    <select idref="xccdf_org.ssgproject.content_rule_file_owner_systemmap" selected="true"/>
    <select idref="xccdf_org.ssgproject.content_rule_file_owner_user_cfg" selected="true"/>
    <select idref="xccdf_org.ssgproject.content_rule_file_ownership_binary_dirs" selected="true"/>
    <select idref="xccdf_org.ssgproject.content_rule_file_ownership_sshd_private_key" selected="true"/>
    <select idref="xccdf_org.ssgproject.content_rule_file_ownership_sshd_pub_key" selected="true"/>
    <select idref="xccdf_org.ssgproject.content_rule_file_permission_user_init_files" selected="true"/>
    <select idref="xccdf_org.ssgproject.content_rule_file_permissions_binary_dirs" selected="true"/>
    <select idref="xccdf_org.ssgproject.content_rule_file_permissions_efi_grub2_cfg" selected="true"/>
    <select idref="xccdf_org.ssgproject.content_rule_file_permissions_efi_user_cfg" selected="true"/>
    <select idref="xccdf_org.ssgproject.content_rule_file_permissions_etc_chrony_keys" selected="true"/>
    <select idref="xccdf_org.ssgproject.content_rule_file_permissions_etc_crypttab" selected="true"/>
    <select idref="xccdf_org.ssgproject.content_rule_file_permissions_etc_group" selected="true"/>
    <select idref="xccdf_org.ssgproject.content_rule_file_permissions_etc_gshadow" selected="true"/>
    <select idref="xccdf_org.ssgproject.content_rule_file_permissions_etc_ipsec_conf" selected="true"/>
    <select idref="xccdf_org.ssgproject.content_rule_file_permissions_etc_ipsec_secrets" selected="true"/>
    <select idref="xccdf_org.ssgproject.content_rule_file_permissions_etc_passwd" selected="true"/>
    <select idref="xccdf_org.ssgproject.content_rule_file_permissions_etc_sestatus_conf" selected="true"/>
    <select idref="xccdf_org.ssgproject.content_rule_file_permissions_etc_shadow" selected="true"/>
    <select idref="xccdf_org.ssgproject.content_rule_file_permissions_etc_shells" selected="true"/>
    <select idref="xccdf_org.ssgproject.content_rule_file_permissions_etc_sudoers" selected="true"/>
    <select idref="xccdf_org.ssgproject.content_rule_file_permissions_grub2_cfg" selected="true"/>
    <select idref="xccdf_org.ssgproject.content_rule_file_permissions_sshd_config" selected="true"/>
    <select idref="xccdf_org.ssgproject.content_rule_file_permissions_sshd_private_key" selected="true"/>
    <select idref="xccdf_org.ssgproject.content_rule_file_permissions_sshd_pub_key" selected="true"/>
    <select idref="xccdf_org.ssgproject.content_rule_file_permissions_sudo" selected="true"/>
    <select idref="xccdf_org.ssgproject.content_rule_file_permissions_systemmap" selected="true"/>
    <select idref="xccdf_org.ssgproject.content_rule_file_permissions_unauthorized_sgid" selected="true"/>
    <select idref="xccdf_org.ssgproject.content_rule_file_permissions_unauthorized_suid" selected="true"/>
    <select idref="xccdf_org.ssgproject.content_rule_file_permissions_unauthorized_world_writable" selected="true"/>
    <select idref="xccdf_org.ssgproject.content_rule_file_permissions_ungroupowned" selected="true"/>
    <select idref="xccdf_org.ssgproject.content_rule_file_permissions_user_cfg" selected="true"/>
    <select idref="xccdf_org.ssgproject.content_rule_grub2_enable_apparmor" selected="true"/>
    <select idref="xccdf_org.ssgproject.content_rule_grub2_enable_iommu_force" selected="true"/>
    <select idref="xccdf_org.ssgproject.content_rule_grub2_l1tf_argument" selected="true"/>
    <select idref="xccdf_org.ssgproject.content_rule_grub2_mce_argument" selected="true"/>
    <select idref="xccdf_org.ssgproject.content_rule_grub2_nosmap_argument_absent" selected="true"/>
    <select idref="xccdf_org.ssgproject.content_rule_grub2_nosmep_argument_absent" selected="true"/>
    <select idref="xccdf_org.ssgproject.content_rule_grub2_password" selected="true"/>
    <select idref="xccdf_org.ssgproject.content_rule_grub2_rng_core_default_quality_argument" selected="true"/>
    <select idref="xccdf_org.ssgproject.content_rule_grub2_slab_nomerge_argument" selected="true"/>
    <select idref="xccdf_org.ssgproject.content_rule_grub2_spec_store_bypass_disable_argument" selected="true"/>
    <select idref="xccdf_org.ssgproject.content_rule_grub2_spectre_v2_argument" selected="true"/>
    <select idref="xccdf_org.ssgproject.content_rule_grub2_uefi_password" selected="true"/>
    <select idref="xccdf_org.ssgproject.content_rule_install_PAE_kernel_on_x86-32" selected="true"/>
    <select idref="xccdf_org.ssgproject.content_rule_mount_option_boot_noexec" selected="true"/>
    <select idref="xccdf_org.ssgproject.content_rule_mount_option_boot_nosuid" selected="true"/>
    <select idref="xccdf_org.ssgproject.content_rule_mount_option_home_noexec" selected="true"/>
    <select idref="xccdf_org.ssgproject.content_rule_mount_option_home_nosuid" selected="true"/>
    <select idref="xccdf_org.ssgproject.content_rule_mount_option_nodev_nonroot_local_partitions" selected="true"/>
    <select idref="xccdf_org.ssgproject.content_rule_mount_option_opt_nosuid" selected="true"/>
    <select idref="xccdf_org.ssgproject.content_rule_mount_option_srv_nosuid" selected="true"/>
    <select idref="xccdf_org.ssgproject.content_rule_mount_option_tmp_noexec" selected="true"/>
    <select idref="xccdf_org.ssgproject.content_rule_mount_option_tmp_nosuid" selected="true"/>
    <select idref="xccdf_org.ssgproject.content_rule_mount_option_var_log_noexec" selected="true"/>
    <select idref="xccdf_org.ssgproject.content_rule_mount_option_var_log_nosuid" selected="true"/>
    <select idref="xccdf_org.ssgproject.content_rule_mount_option_var_noexec" selected="true"/>
    <select idref="xccdf_org.ssgproject.content_rule_mount_option_var_nosuid" selected="true"/>
    <select idref="xccdf_org.ssgproject.content_rule_mount_option_var_tmp_noexec" selected="true"/>
    <select idref="xccdf_org.ssgproject.content_rule_mount_option_var_tmp_nosuid" selected="true"/>
    <select idref="xccdf_org.ssgproject.content_rule_no_direct_root_logins" selected="true"/>
    <select idref="xccdf_org.ssgproject.content_rule_no_files_unowned_by_user" selected="true"/>
    <select idref="xccdf_org.ssgproject.content_rule_package_aide_installed" selected="true"/>
    <select idref="xccdf_org.ssgproject.content_rule_package_apparmor_installed" selected="true"/>
    <select idref="xccdf_org.ssgproject.content_rule_package_audit_installed" selected="true"/>
    <select idref="xccdf_org.ssgproject.content_rule_package_chrony_installed" selected="true"/>
    <select idref="xccdf_org.ssgproject.content_rule_package_dhcp_removed" selected="true"/>
    <select idref="xccdf_org.ssgproject.content_rule_package_logrotate_installed" selected="true"/>
    <select idref="xccdf_org.ssgproject.content_rule_package_pam_apparmor_installed" selected="true"/>
    <select idref="xccdf_org.ssgproject.content_rule_package_rsh-server_removed" selected="true"/>
    <select idref="xccdf_org.ssgproject.content_rule_package_rsh_removed" selected="true"/>
    <select idref="xccdf_org.ssgproject.content_rule_package_rsyslog-gnutls_installed" selected="true"/>
    <select idref="xccdf_org.ssgproject.content_rule_package_sendmail_removed" selected="true"/>
    <select idref="xccdf_org.ssgproject.content_rule_package_sssd_installed" selected="true"/>
    <select idref="xccdf_org.ssgproject.content_rule_package_sudo_installed" selected="true"/>
    <select idref="xccdf_org.ssgproject.content_rule_package_talk-server_removed" selected="true"/>
    <select idref="xccdf_org.ssgproject.content_rule_package_talk_removed" selected="true"/>
    <select idref="xccdf_org.ssgproject.content_rule_package_telnet-server_removed" selected="true"/>
    <select idref="xccdf_org.ssgproject.content_rule_package_telnet_removed" selected="true"/>
    <select idref="xccdf_org.ssgproject.content_rule_package_tftp-server_removed" selected="true"/>
    <select idref="xccdf_org.ssgproject.content_rule_package_tftp_removed" selected="true"/>
    <select idref="xccdf_org.ssgproject.content_rule_package_xinetd_removed" selected="true"/>
    <select idref="xccdf_org.ssgproject.content_rule_package_ypbind_removed" selected="true"/>
    <select idref="xccdf_org.ssgproject.content_rule_package_ypserv_removed" selected="true"/>
    <select idref="xccdf_org.ssgproject.content_rule_partition_for_boot" selected="true"/>
    <select idref="xccdf_org.ssgproject.content_rule_partition_for_home" selected="true"/>
    <select idref="xccdf_org.ssgproject.content_rule_partition_for_opt" selected="true"/>
    <select idref="xccdf_org.ssgproject.content_rule_partition_for_srv" selected="true"/>
    <select idref="xccdf_org.ssgproject.content_rule_partition_for_usr" selected="true"/>
    <select idref="xccdf_org.ssgproject.content_rule_partition_for_var" selected="true"/>
    <select idref="xccdf_org.ssgproject.content_rule_partition_for_var_log" selected="true"/>
    <select idref="xccdf_org.ssgproject.content_rule_partition_for_var_log_audit" selected="true"/>
    <select idref="xccdf_org.ssgproject.content_rule_partition_for_var_tmp" selected="true"/>
    <select idref="xccdf_org.ssgproject.content_rule_postfix_client_configure_mail_alias" selected="true"/>
    <select idref="xccdf_org.ssgproject.content_rule_postfix_network_listening_disabled" selected="true"/>
    <select idref="xccdf_org.ssgproject.content_rule_prefer_64bit_os" selected="true"/>
    <select idref="xccdf_org.ssgproject.content_rule_rsyslog_files_groupownership" selected="true"/>
    <select idref="xccdf_org.ssgproject.content_rule_rsyslog_files_ownership" selected="true"/>
    <select idref="xccdf_org.ssgproject.content_rule_rsyslog_files_permissions" selected="true"/>
    <select idref="xccdf_org.ssgproject.content_rule_rsyslog_remote_loghost" selected="true"/>
    <select idref="xccdf_org.ssgproject.content_rule_rsyslog_remote_tls" selected="true"/>
    <select idref="xccdf_org.ssgproject.content_rule_rsyslog_remote_tls_cacert" selected="true"/>
    <select idref="xccdf_org.ssgproject.content_rule_sebool_polyinstantiation_enabled" selected="true"/>
    <select idref="xccdf_org.ssgproject.content_rule_security_patches_up_to_date" selected="true"/>
    <select idref="xccdf_org.ssgproject.content_rule_selinux_policytype" selected="true"/>
    <select idref="xccdf_org.ssgproject.content_rule_selinux_state" selected="true"/>
    <select idref="xccdf_org.ssgproject.content_rule_service_auditd_enabled" selected="true"/>
    <select idref="xccdf_org.ssgproject.content_rule_service_chronyd_or_ntpd_enabled" selected="true"/>
    <select idref="xccdf_org.ssgproject.content_rule_service_sssd_enabled" selected="true"/>
    <select idref="xccdf_org.ssgproject.content_rule_set_password_hashing_algorithm_systemauth" selected="true"/>
    <select idref="xccdf_org.ssgproject.content_rule_set_password_hashing_min_rounds_logindefs" selected="true"/>
    <select idref="xccdf_org.ssgproject.content_rule_sshd_disable_root_login" selected="true"/>
    <select idref="xccdf_org.ssgproject.content_rule_sssd_enable_pam_services" selected="true"/>
    <select idref="xccdf_org.ssgproject.content_rule_sssd_ldap_configure_tls_reqcert" selected="true"/>
    <select idref="xccdf_org.ssgproject.content_rule_sssd_ldap_start_tls" selected="true"/>
    <select idref="xccdf_org.ssgproject.content_rule_sudo_add_env_reset" selected="true"/>
    <select idref="xccdf_org.ssgproject.content_rule_sudo_add_ignore_dot" selected="true"/>
    <select idref="xccdf_org.ssgproject.content_rule_sudo_add_noexec" selected="true"/>
    <select idref="xccdf_org.ssgproject.content_rule_sudo_add_requiretty" selected="true"/>
    <select idref="xccdf_org.ssgproject.content_rule_sudo_add_umask" selected="true"/>
    <select idref="xccdf_org.ssgproject.content_rule_sudo_add_use_pty" selected="true"/>
    <select idref="xccdf_org.ssgproject.content_rule_sudo_dedicated_group" selected="true"/>
    <select idref="xccdf_org.ssgproject.content_rule_sudoers_explicit_command_args" selected="true"/>
    <select idref="xccdf_org.ssgproject.content_rule_sudoers_no_command_negation" selected="true"/>
    <select idref="xccdf_org.ssgproject.content_rule_sudoers_no_root_target" selected="true"/>
    <select idref="xccdf_org.ssgproject.content_rule_sysctl_fs_protected_hardlinks" selected="true"/>
    <select idref="xccdf_org.ssgproject.content_rule_sysctl_fs_protected_symlinks" selected="true"/>
    <select idref="xccdf_org.ssgproject.content_rule_sysctl_fs_suid_dumpable" selected="true"/>
    <select idref="xccdf_org.ssgproject.content_rule_sysctl_kernel_dmesg_restrict" selected="true"/>
    <select idref="xccdf_org.ssgproject.content_rule_sysctl_kernel_kptr_restrict" selected="true"/>
    <select idref="xccdf_org.ssgproject.content_rule_sysctl_kernel_modules_disabled" selected="true"/>
    <select idref="xccdf_org.ssgproject.content_rule_sysctl_kernel_panic_on_oops" selected="true"/>
    <select idref="xccdf_org.ssgproject.content_rule_sysctl_kernel_perf_cpu_time_max_percent" selected="true"/>
    <select idref="xccdf_org.ssgproject.content_rule_sysctl_kernel_perf_event_max_sample_rate" selected="true"/>
    <select idref="xccdf_org.ssgproject.content_rule_sysctl_kernel_perf_event_paranoid" selected="true"/>
    <select idref="xccdf_org.ssgproject.content_rule_sysctl_kernel_pid_max" selected="true"/>
    <select idref="xccdf_org.ssgproject.content_rule_sysctl_kernel_randomize_va_space" selected="true"/>
    <select idref="xccdf_org.ssgproject.content_rule_sysctl_kernel_sysrq" selected="true"/>
    <select idref="xccdf_org.ssgproject.content_rule_sysctl_net_ipv4_conf_all_accept_local" selected="true"/>
    <select idref="xccdf_org.ssgproject.content_rule_sysctl_net_ipv4_conf_all_accept_redirects" selected="true"/>
    <select idref="xccdf_org.ssgproject.content_rule_sysctl_net_ipv4_conf_all_accept_source_route" selected="true"/>
    <select idref="xccdf_org.ssgproject.content_rule_sysctl_net_ipv4_conf_all_arp_filter" selected="true"/>
    <select idref="xccdf_org.ssgproject.content_rule_sysctl_net_ipv4_conf_all_arp_ignore" selected="true"/>
    <select idref="xccdf_org.ssgproject.content_rule_sysctl_net_ipv4_conf_all_route_localnet" selected="true"/>
    <select idref="xccdf_org.ssgproject.content_rule_sysctl_net_ipv4_conf_all_rp_filter" selected="true"/>
    <select idref="xccdf_org.ssgproject.content_rule_sysctl_net_ipv4_conf_all_secure_redirects" selected="true"/>
    <select idref="xccdf_org.ssgproject.content_rule_sysctl_net_ipv4_conf_all_send_redirects" selected="true"/>
    <select idref="xccdf_org.ssgproject.content_rule_sysctl_net_ipv4_conf_all_shared_media" selected="true"/>
    <select idref="xccdf_org.ssgproject.content_rule_sysctl_net_ipv4_conf_default_accept_redirects" selected="true"/>
    <select idref="xccdf_org.ssgproject.content_rule_sysctl_net_ipv4_conf_default_accept_source_route" selected="true"/>
    <select idref="xccdf_org.ssgproject.content_rule_sysctl_net_ipv4_conf_default_rp_filter" selected="true"/>
    <select idref="xccdf_org.ssgproject.content_rule_sysctl_net_ipv4_conf_default_secure_redirects" selected="true"/>
    <select idref="xccdf_org.ssgproject.content_rule_sysctl_net_ipv4_conf_default_send_redirects" selected="true"/>
    <select idref="xccdf_org.ssgproject.content_rule_sysctl_net_ipv4_conf_default_shared_media" selected="true"/>
    <select idref="xccdf_org.ssgproject.content_rule_sysctl_net_ipv4_icmp_ignore_bogus_error_responses" selected="true"/>
    <select idref="xccdf_org.ssgproject.content_rule_sysctl_net_ipv4_ip_forward" selected="true"/>
    <select idref="xccdf_org.ssgproject.content_rule_sysctl_net_ipv4_ip_local_port_range" selected="true"/>
    <select idref="xccdf_org.ssgproject.content_rule_sysctl_net_ipv4_tcp_rfc1337" selected="true"/>
    <select idref="xccdf_org.ssgproject.content_rule_sysctl_net_ipv4_tcp_syncookies" selected="true"/>
    <select idref="xccdf_org.ssgproject.content_rule_sysctl_net_ipv6_conf_all_accept_ra_defrtr" selected="true"/>
    <select idref="xccdf_org.ssgproject.content_rule_sysctl_net_ipv6_conf_all_accept_ra_pinfo" selected="true"/>
    <select idref="xccdf_org.ssgproject.content_rule_sysctl_net_ipv6_conf_all_accept_ra_rtr_pref" selected="true"/>
    <select idref="xccdf_org.ssgproject.content_rule_sysctl_net_ipv6_conf_all_accept_redirects" selected="true"/>
    <select idref="xccdf_org.ssgproject.content_rule_sysctl_net_ipv6_conf_all_accept_source_route" selected="true"/>
    <select idref="xccdf_org.ssgproject.content_rule_sysctl_net_ipv6_conf_all_max_addresses" selected="true"/>
    <select idref="xccdf_org.ssgproject.content_rule_sysctl_net_ipv6_conf_all_router_solicitations" selected="true"/>
    <select idref="xccdf_org.ssgproject.content_rule_sysctl_net_ipv6_conf_default_accept_ra_defrtr" selected="true"/>
    <select idref="xccdf_org.ssgproject.content_rule_sysctl_net_ipv6_conf_default_accept_ra_pinfo" selected="true"/>
    <select idref="xccdf_org.ssgproject.content_rule_sysctl_net_ipv6_conf_default_accept_ra_rtr_pref" selected="true"/>
    <select idref="xccdf_org.ssgproject.content_rule_sysctl_net_ipv6_conf_default_accept_redirects" selected="true"/>
    <select idref="xccdf_org.ssgproject.content_rule_sysctl_net_ipv6_conf_default_accept_source_route" selected="true"/>
    <select idref="xccdf_org.ssgproject.content_rule_sysctl_net_ipv6_conf_default_autoconf" selected="true"/>
    <select idref="xccdf_org.ssgproject.content_rule_sysctl_net_ipv6_conf_default_max_addresses" selected="true"/>
    <select idref="xccdf_org.ssgproject.content_rule_sysctl_net_ipv6_conf_default_router_solicitations" selected="true"/>
    <select idref="xccdf_org.ssgproject.content_rule_sysctl_vm_mmap_min_addr" selected="true"/>
    <select idref="xccdf_org.ssgproject.content_rule_systemd_tmp_mount_enabled" selected="true"/>
    <select idref="xccdf_org.ssgproject.content_rule_timer_logrotate_enabled" selected="true"/>
    <select idref="xccdf_org.ssgproject.content_group_account_expiration" selected="false"/>
    <select idref="xccdf_org.ssgproject.content_group_accounts-banners" selected="false"/>
    <select idref="xccdf_org.ssgproject.content_group_accounts-physical" selected="false"/>
    <select idref="xccdf_org.ssgproject.content_group_audit_execution_acl_commands" selected="false"/>
    <select idref="xccdf_org.ssgproject.content_group_audit_execution_selinux_commands" selected="false"/>
    <select idref="xccdf_org.ssgproject.content_group_avahi" selected="false"/>
    <select idref="xccdf_org.ssgproject.content_group_avahi_configuration" selected="false"/>
    <select idref="xccdf_org.ssgproject.content_group_base" selected="false"/>
    <select idref="xccdf_org.ssgproject.content_group_certified-vendor" selected="false"/>
    <select idref="xccdf_org.ssgproject.content_group_configure_auditd_data_retention" selected="false"/>
    <select idref="xccdf_org.ssgproject.content_group_console_screen_locking" selected="false"/>
    <select idref="xccdf_org.ssgproject.content_group_cron_and_at" selected="false"/>
    <select idref="xccdf_org.ssgproject.content_group_crypto" selected="false"/>
    <select idref="xccdf_org.ssgproject.content_group_deprecated" selected="false"/>
    <select idref="xccdf_org.ssgproject.content_group_dhcp_client_configuration" selected="false"/>
    <select idref="xccdf_org.ssgproject.content_group_dhcp_server_configuration" selected="false"/>
    <select idref="xccdf_org.ssgproject.content_group_disable_avahi_group" selected="false"/>
    <select idref="xccdf_org.ssgproject.content_group_disabling_cyrus-imapd" selected="false"/>
    <select idref="xccdf_org.ssgproject.content_group_disabling_dhcp_client" selected="false"/>
    <select idref="xccdf_org.ssgproject.content_group_disabling_dns_server" selected="false"/>
    <select idref="xccdf_org.ssgproject.content_group_disabling_dovecot" selected="false"/>
    <select idref="xccdf_org.ssgproject.content_group_disabling_httpd" selected="false"/>
    <select idref="xccdf_org.ssgproject.content_group_disabling_ipv6" selected="false"/>
    <select idref="xccdf_org.ssgproject.content_group_disabling_netfs" selected="false"/>
    <select idref="xccdf_org.ssgproject.content_group_disabling_nfs" selected="false"/>
    <select idref="xccdf_org.ssgproject.content_group_disabling_nfs_services" selected="false"/>
    <select idref="xccdf_org.ssgproject.content_group_disabling_nfsd" selected="false"/>
    <select idref="xccdf_org.ssgproject.content_group_disabling_quagga" selected="false"/>
    <select idref="xccdf_org.ssgproject.content_group_disabling_samba" selected="false"/>
    <select idref="xccdf_org.ssgproject.content_group_disabling_snmp_service" selected="false"/>
    <select idref="xccdf_org.ssgproject.content_group_disabling_squid" selected="false"/>
    <select idref="xccdf_org.ssgproject.content_group_disabling_vsftpd" selected="false"/>
    <select idref="xccdf_org.ssgproject.content_group_disabling_xwindows" selected="false"/>
    <select idref="xccdf_org.ssgproject.content_group_dns" selected="false"/>
    <select idref="xccdf_org.ssgproject.content_group_endpoint_security_software" selected="false"/>
    <select idref="xccdf_org.ssgproject.content_group_entropy" selected="false"/>
    <select idref="xccdf_org.ssgproject.content_group_fapolicyd" selected="false"/>
    <select idref="xccdf_org.ssgproject.content_group_file_permissions_auditd" selected="false"/>
    <select idref="xccdf_org.ssgproject.content_group_fips" selected="false"/>
    <select idref="xccdf_org.ssgproject.content_group_firewalld_activation" selected="false"/>
    <select idref="xccdf_org.ssgproject.content_group_firewalld_deactivation" selected="false"/>
    <select idref="xccdf_org.ssgproject.content_group_ftp" selected="false"/>
    <select idref="xccdf_org.ssgproject.content_group_ftp_configure_vsftpd" selected="false"/>
    <select idref="xccdf_org.ssgproject.content_group_ftp_restrict_users" selected="false"/>
    <select idref="xccdf_org.ssgproject.content_group_gnome" selected="false"/>
    <select idref="xccdf_org.ssgproject.content_group_gnome_login_screen" selected="false"/>
    <select idref="xccdf_org.ssgproject.content_group_gnome_media_settings" selected="false"/>
    <select idref="xccdf_org.ssgproject.content_group_gnome_remote_access_settings" selected="false"/>
    <select idref="xccdf_org.ssgproject.content_group_gnome_screen_locking" selected="false"/>
    <select idref="xccdf_org.ssgproject.content_group_gui_login_banner" selected="false"/>
    <select idref="xccdf_org.ssgproject.content_group_http" selected="false"/>
    <select idref="xccdf_org.ssgproject.content_group_imap" selected="false"/>
    <select idref="xccdf_org.ssgproject.content_group_iptables_activation" selected="false"/>
    <select idref="xccdf_org.ssgproject.content_group_iptables_ruleset_modifications" selected="false"/>
    <select idref="xccdf_org.ssgproject.content_group_journald" selected="false"/>
    <select idref="xccdf_org.ssgproject.content_group_kernel_build_config" selected="false"/>
    <select idref="xccdf_org.ssgproject.content_group_ldap" selected="false"/>
    <select idref="xccdf_org.ssgproject.content_group_mcafee_endpoint_security_software" selected="false"/>
    <select idref="xccdf_org.ssgproject.content_group_mcafee_security_software" selected="false"/>
    <select idref="xccdf_org.ssgproject.content_group_mounting" selected="false"/>
    <select idref="xccdf_org.ssgproject.content_group_mounting_remote_filesystems" selected="false"/>
    <select idref="xccdf_org.ssgproject.content_group_network-firewalld" selected="false"/>
    <select idref="xccdf_org.ssgproject.content_group_network-ufw" selected="false"/>
    <select idref="xccdf_org.ssgproject.content_group_network-uncommon" selected="false"/>
    <select idref="xccdf_org.ssgproject.content_group_network-wireless" selected="false"/>
    <select idref="xccdf_org.ssgproject.content_group_nfs_and_rpc" selected="false"/>
    <select idref="xccdf_org.ssgproject.content_group_nfs_configuring_clients" selected="false"/>
    <select idref="xccdf_org.ssgproject.content_group_nfs_configuring_servers" selected="false"/>
    <select idref="xccdf_org.ssgproject.content_group_openldap_client" selected="false"/>
    <select idref="xccdf_org.ssgproject.content_group_openldap_server" selected="false"/>
    <select idref="xccdf_org.ssgproject.content_group_password_quality_pwquality" selected="false"/>
    <select idref="xccdf_org.ssgproject.content_group_password_storage" selected="false"/>
    <select idref="xccdf_org.ssgproject.content_group_permissions_local" selected="false"/>
    <select idref="xccdf_org.ssgproject.content_group_permissions_var_log_dir" selected="false"/>
    <select idref="xccdf_org.ssgproject.content_group_poisoning" selected="false"/>
    <select idref="xccdf_org.ssgproject.content_group_printing" selected="false"/>
    <select idref="xccdf_org.ssgproject.content_group_proxy" selected="false"/>
    <select idref="xccdf_org.ssgproject.content_group_restrict_at_cron_users" selected="false"/>
    <select idref="xccdf_org.ssgproject.content_group_root_paths" selected="false"/>
    <select idref="xccdf_org.ssgproject.content_group_routing" selected="false"/>
    <select idref="xccdf_org.ssgproject.content_group_rpm_verification" selected="false"/>
    <select idref="xccdf_org.ssgproject.content_group_rsyslog_accepting_remote_messages" selected="false"/>
    <select idref="xccdf_org.ssgproject.content_group_ruleset_modifications" selected="false"/>
    <select idref="xccdf_org.ssgproject.content_group_screen_locking" selected="false"/>
    <select idref="xccdf_org.ssgproject.content_group_smart_card_login" selected="false"/>
    <select idref="xccdf_org.ssgproject.content_group_smb" selected="false"/>
    <select idref="xccdf_org.ssgproject.content_group_snmp" selected="false"/>
    <select idref="xccdf_org.ssgproject.content_group_system-tools" selected="false"/>
    <select idref="xccdf_org.ssgproject.content_group_wireless_software" selected="false"/>
    <select idref="xccdf_org.ssgproject.content_group_xwindows" selected="false"/>
    <refine-value idref="xccdf_org.ssgproject.content_value_var_password_hashing_algorithm" selector="yescrypt"/>
    <refine-value idref="xccdf_org.ssgproject.content_value_var_password_hashing_algorithm_pam" selector="sha512"/>
    <refine-value idref="xccdf_org.ssgproject.content_value_var_password_pam_unix_rounds" selector="11"/>
    <refine-value idref="xccdf_org.ssgproject.content_value_var_password_pam_minclass" selector="4"/>
    <refine-value idref="xccdf_org.ssgproject.content_value_var_accounts_maximum_age_root" selector="365"/>
    <refine-value idref="xccdf_org.ssgproject.content_value_var_password_pam_minlen" selector="15"/>
    <refine-value idref="xccdf_org.ssgproject.content_value_var_accounts_password_minlen_login_defs" selector="15"/>
    <refine-value idref="xccdf_org.ssgproject.content_value_var_password_pam_ocredit" selector="1"/>
    <refine-value idref="xccdf_org.ssgproject.content_value_var_password_pam_dcredit" selector="1"/>
    <refine-value idref="xccdf_org.ssgproject.content_value_var_password_pam_ucredit" selector="1"/>
    <refine-value idref="xccdf_org.ssgproject.content_value_var_password_pam_lcredit" selector="1"/>
    <refine-value idref="xccdf_org.ssgproject.content_value_var_accounts_passwords_pam_faillock_fail_interval" selector="900"/>
    <refine-value idref="xccdf_org.ssgproject.content_value_var_accounts_passwords_pam_faillock_deny" selector="3"/>
    <refine-value idref="xccdf_org.ssgproject.content_value_var_password_pam_tally2" selector="5"/>
    <refine-value idref="xccdf_org.ssgproject.content_value_var_accounts_passwords_pam_tally2_unlock_time" selector="1800"/>
    <refine-value idref="xccdf_org.ssgproject.content_value_var_accounts_passwords_pam_faillock_unlock_time" selector="900"/>
    <refine-value idref="xccdf_org.ssgproject.content_value_var_password_pam_unix_remember" selector="2"/>
    <refine-value idref="xccdf_org.ssgproject.content_value_var_polyinstantiation_enabled" selector="on"/>
    <refine-value idref="xccdf_org.ssgproject.content_value_var_sudo_umask" selector="0077"/>
    <refine-value idref="xccdf_org.ssgproject.content_value_var_logind_session_timeout" selector="10_minutes"/>
    <refine-value idref="xccdf_org.ssgproject.content_value_var_accounts_tmout" selector="10_min"/>
    <refine-value idref="xccdf_org.ssgproject.content_value_sysctl_net_ipv4_conf_all_accept_redirects_value" selector="disabled"/>
    <refine-value idref="xccdf_org.ssgproject.content_value_sysctl_net_ipv4_conf_default_accept_redirects_value" selector="disabled"/>
    <refine-value idref="xccdf_org.ssgproject.content_value_sysctl_net_ipv4_conf_all_shared_media_value" selector="disabled"/>
    <refine-value idref="xccdf_org.ssgproject.content_value_sysctl_net_ipv4_conf_default_shared_media_value" selector="disabled"/>
    <refine-value idref="xccdf_org.ssgproject.content_value_sysctl_net_ipv4_conf_all_arp_ignore_value" selector="2"/>
    <refine-value idref="xccdf_org.ssgproject.content_value_sysctl_kernel_kptr_restrict_value" selector="2"/>
    <refine-value idref="xccdf_org.ssgproject.content_value_var_l1tf_options" selector="full_force"/>
    <refine-value idref="xccdf_org.ssgproject.content_value_var_slub_debug_options" selector="FZP"/>
    <refine-value idref="xccdf_org.ssgproject.content_value_var_spec_store_bypass_disable_options" selector="seccomp"/>
    <refine-value idref="xccdf_org.ssgproject.content_value_var_mds_options" selector="full_nosmt"/>
    <refine-value idref="xccdf_org.ssgproject.content_value_var_rng_core_default_quality" selector="500"/>
    <refine-value idref="xccdf_org.ssgproject.content_value_var_selinux_policy_name" selector="targeted"/>
    <refine-value idref="xccdf_org.ssgproject.content_value_var_sudo_dedicated_group" selector="root"/>
    <refine-value idref="xccdf_org.ssgproject.content_value_var_selinux_state" selector="enforcing"/>
    <refine-value idref="xccdf_org.ssgproject.content_value_var_accounts_user_umask" selector="077"/>
    <refine-value idref="xccdf_org.ssgproject.content_value_var_multiple_time_servers" selector="suse"/>
    <refine-value idref="xccdf_org.ssgproject.content_value_var_multiple_time_pools" selector="suse"/>
  </Profile>
  <Profile id="xccdf_org.ssgproject.content_profile_anssi_bp28_high">
    <title xmlns:xhtml="http://www.w3.org/1999/xhtml" xml:lang="en-US" override="true">ANSSI-BP-028 (high)</title>
    <description xmlns:xhtml="http://www.w3.org/1999/xhtml" xml:lang="en-US" override="true">This profile contains configurations that align to ANSSI-BP-028 v2.0 at the high hardening level.

ANSSI is the French National Information Security Agency, and stands for Agence nationale de la sécurité des systèmes d'information.
ANSSI-BP-028 is a configuration recommendation for GNU/Linux systems.

A copy of the ANSSI-BP-028 can be found at the ANSSI website:
https://www.ssi.gouv.fr/administration/guide/recommandations-de-securite-relatives-a-un-systeme-gnulinux/

Only the components strictly necessary to the service provided by the system should be installed.
Those whose presence can not be justified should be disabled, removed or deleted.
Performing a minimal install is a good starting point, but doesn't provide any assurance
over any package installed later.
Manual review is required to assess if the installed services are minimal.</description>
    <select idref="xccdf_org.ssgproject.content_rule_accounts_password_minlen_login_defs" selected="true"/>
    <select idref="xccdf_org.ssgproject.content_rule_accounts_password_pam_pwhistory_remember" selected="true"/>
    <select idref="xccdf_org.ssgproject.content_rule_accounts_password_set_max_life_root" selected="true"/>
    <select idref="xccdf_org.ssgproject.content_rule_accounts_passwords_pam_tally2" selected="true"/>
    <select idref="xccdf_org.ssgproject.content_rule_accounts_passwords_pam_tally2_deny_root" selected="true"/>
    <select idref="xccdf_org.ssgproject.content_rule_accounts_passwords_pam_tally2_unlock_time" selected="true"/>
    <select idref="xccdf_org.ssgproject.content_rule_accounts_polyinstantiated_tmp" selected="true"/>
    <select idref="xccdf_org.ssgproject.content_rule_accounts_polyinstantiated_var_tmp" selected="true"/>
    <select idref="xccdf_org.ssgproject.content_rule_accounts_tmout" selected="true"/>
    <select idref="xccdf_org.ssgproject.content_rule_accounts_umask_etc_bashrc" selected="true"/>
    <select idref="xccdf_org.ssgproject.content_rule_accounts_umask_etc_login_defs" selected="true"/>
    <select idref="xccdf_org.ssgproject.content_rule_accounts_umask_etc_profile" selected="true"/>
    <select idref="xccdf_org.ssgproject.content_rule_accounts_user_dot_group_ownership" selected="true"/>
    <select idref="xccdf_org.ssgproject.content_rule_accounts_user_dot_user_ownership" selected="true"/>
    <select idref="xccdf_org.ssgproject.content_rule_accounts_users_home_files_groupownership" selected="true"/>
    <select idref="xccdf_org.ssgproject.content_rule_accounts_users_home_files_ownership" selected="true"/>
    <select idref="xccdf_org.ssgproject.content_rule_accounts_users_home_files_permissions" selected="true"/>
    <select idref="xccdf_org.ssgproject.content_rule_aide_build_database" selected="true"/>
    <select idref="xccdf_org.ssgproject.content_rule_aide_periodic_checking_systemd_timer" selected="true"/>
    <select idref="xccdf_org.ssgproject.content_rule_aide_scan_notification" selected="true"/>
    <select idref="xccdf_org.ssgproject.content_rule_aide_verify_acls" selected="true"/>
    <select idref="xccdf_org.ssgproject.content_rule_aide_verify_ext_attributes" selected="true"/>
    <select idref="xccdf_org.ssgproject.content_rule_all_apparmor_profiles_enforced" selected="true"/>
    <select idref="xccdf_org.ssgproject.content_rule_apparmor_configured" selected="true"/>
    <select idref="xccdf_org.ssgproject.content_rule_audit_rules_dac_modification_chmod" selected="true"/>
    <select idref="xccdf_org.ssgproject.content_rule_audit_rules_dac_modification_chown" selected="true"/>
    <select idref="xccdf_org.ssgproject.content_rule_audit_rules_dac_modification_fchmod" selected="true"/>
    <select idref="xccdf_org.ssgproject.content_rule_audit_rules_dac_modification_fchmodat" selected="true"/>
    <select idref="xccdf_org.ssgproject.content_rule_audit_rules_dac_modification_fchown" selected="true"/>
    <select idref="xccdf_org.ssgproject.content_rule_audit_rules_dac_modification_fchownat" selected="true"/>
    <select idref="xccdf_org.ssgproject.content_rule_audit_rules_dac_modification_fremovexattr" selected="true"/>
    <select idref="xccdf_org.ssgproject.content_rule_audit_rules_dac_modification_fsetxattr" selected="true"/>
    <select idref="xccdf_org.ssgproject.content_rule_audit_rules_dac_modification_lchown" selected="true"/>
    <select idref="xccdf_org.ssgproject.content_rule_audit_rules_dac_modification_lremovexattr" selected="true"/>
    <select idref="xccdf_org.ssgproject.content_rule_audit_rules_dac_modification_lsetxattr" selected="true"/>
    <select idref="xccdf_org.ssgproject.content_rule_audit_rules_dac_modification_removexattr" selected="true"/>
    <select idref="xccdf_org.ssgproject.content_rule_audit_rules_dac_modification_setxattr" selected="true"/>
    <select idref="xccdf_org.ssgproject.content_rule_audit_rules_dac_modification_umount2" selected="true"/>
    <select idref="xccdf_org.ssgproject.content_rule_audit_rules_file_deletion_events_rename" selected="true"/>
    <select idref="xccdf_org.ssgproject.content_rule_audit_rules_file_deletion_events_renameat" selected="true"/>
    <select idref="xccdf_org.ssgproject.content_rule_audit_rules_file_deletion_events_rmdir" selected="true"/>
    <select idref="xccdf_org.ssgproject.content_rule_audit_rules_file_deletion_events_unlink" selected="true"/>
    <select idref="xccdf_org.ssgproject.content_rule_audit_rules_file_deletion_events_unlinkat" selected="true"/>
    <select idref="xccdf_org.ssgproject.content_rule_audit_rules_immutable" selected="true"/>
    <select idref="xccdf_org.ssgproject.content_rule_audit_rules_kernel_module_loading_delete" selected="true"/>
    <select idref="xccdf_org.ssgproject.content_rule_audit_rules_kernel_module_loading_finit" selected="true"/>
    <select idref="xccdf_org.ssgproject.content_rule_audit_rules_kernel_module_loading_init" selected="true"/>
    <select idref="xccdf_org.ssgproject.content_rule_audit_rules_login_events_faillock" selected="true"/>
    <select idref="xccdf_org.ssgproject.content_rule_audit_rules_login_events_lastlog" selected="true"/>
    <select idref="xccdf_org.ssgproject.content_rule_audit_rules_mac_modification" selected="true"/>
    <select idref="xccdf_org.ssgproject.content_rule_audit_rules_media_export" selected="true"/>
    <select idref="xccdf_org.ssgproject.content_rule_audit_rules_networkconfig_modification" selected="true"/>
    <select idref="xccdf_org.ssgproject.content_rule_audit_rules_privileged_commands" selected="true"/>
    <select idref="xccdf_org.ssgproject.content_rule_audit_rules_privileged_commands_insmod" selected="true"/>
    <select idref="xccdf_org.ssgproject.content_rule_audit_rules_privileged_commands_kmod" selected="true"/>
    <select idref="xccdf_org.ssgproject.content_rule_audit_rules_privileged_commands_modprobe" selected="true"/>
    <select idref="xccdf_org.ssgproject.content_rule_audit_rules_privileged_commands_rmmod" selected="true"/>
    <select idref="xccdf_org.ssgproject.content_rule_audit_rules_privileged_commands_sudo" selected="true"/>
    <select idref="xccdf_org.ssgproject.content_rule_audit_rules_session_events_btmp" selected="true"/>
    <select idref="xccdf_org.ssgproject.content_rule_audit_rules_session_events_utmp" selected="true"/>
    <select idref="xccdf_org.ssgproject.content_rule_audit_rules_session_events_wtmp" selected="true"/>
    <select idref="xccdf_org.ssgproject.content_rule_audit_rules_sysadmin_actions" selected="true"/>
    <select idref="xccdf_org.ssgproject.content_rule_audit_rules_time_adjtimex" selected="true"/>
    <select idref="xccdf_org.ssgproject.content_rule_audit_rules_time_clock_settime" selected="true"/>
    <select idref="xccdf_org.ssgproject.content_rule_audit_rules_time_stime" selected="true"/>
    <select idref="xccdf_org.ssgproject.content_rule_audit_rules_time_watch_localtime" selected="true"/>
    <select idref="xccdf_org.ssgproject.content_rule_audit_rules_unsuccessful_file_modification_creat" selected="true"/>
    <select idref="xccdf_org.ssgproject.content_rule_audit_rules_unsuccessful_file_modification_ftruncate" selected="true"/>
    <select idref="xccdf_org.ssgproject.content_rule_audit_rules_unsuccessful_file_modification_open" selected="true"/>
    <select idref="xccdf_org.ssgproject.content_rule_audit_rules_unsuccessful_file_modification_openat" selected="true"/>
    <select idref="xccdf_org.ssgproject.content_rule_audit_rules_unsuccessful_file_modification_truncate" selected="true"/>
    <select idref="xccdf_org.ssgproject.content_rule_audit_rules_usergroup_modification_group" selected="true"/>
    <select idref="xccdf_org.ssgproject.content_rule_audit_rules_usergroup_modification_gshadow" selected="true"/>
    <select idref="xccdf_org.ssgproject.content_rule_audit_rules_usergroup_modification_opasswd" selected="true"/>
    <select idref="xccdf_org.ssgproject.content_rule_audit_rules_usergroup_modification_passwd" selected="true"/>
    <select idref="xccdf_org.ssgproject.content_rule_audit_rules_usergroup_modification_shadow" selected="true"/>
    <select idref="xccdf_org.ssgproject.content_rule_audit_sudo_log_events" selected="true"/>
    <select idref="xccdf_org.ssgproject.content_rule_chronyd_configure_pool_and_server" selected="true"/>
    <select idref="xccdf_org.ssgproject.content_rule_chronyd_specify_remote_server" selected="true"/>
    <select idref="xccdf_org.ssgproject.content_rule_cracklib_accounts_password_pam_dcredit" selected="true"/>
    <select idref="xccdf_org.ssgproject.content_rule_cracklib_accounts_password_pam_lcredit" selected="true"/>
    <select idref="xccdf_org.ssgproject.content_rule_cracklib_accounts_password_pam_minlen" selected="true"/>
    <select idref="xccdf_org.ssgproject.content_rule_cracklib_accounts_password_pam_ocredit" selected="true"/>
    <select idref="xccdf_org.ssgproject.content_rule_cracklib_accounts_password_pam_ucredit" selected="true"/>
    <select idref="xccdf_org.ssgproject.content_rule_dir_perms_world_writable_root_owned" selected="true"/>
    <select idref="xccdf_org.ssgproject.content_rule_dir_perms_world_writable_sticky_bits" selected="true"/>
    <select idref="xccdf_org.ssgproject.content_rule_dir_system_commands_group_root_owned" selected="true"/>
    <select idref="xccdf_org.ssgproject.content_rule_dir_system_commands_root_owned" selected="true"/>
    <select idref="xccdf_org.ssgproject.content_rule_directory_groupowner_etc_ipsecd" selected="true"/>
    <select idref="xccdf_org.ssgproject.content_rule_directory_groupowner_etc_iptables" selected="true"/>
    <select idref="xccdf_org.ssgproject.content_rule_directory_groupowner_etc_nftables" selected="true"/>
    <select idref="xccdf_org.ssgproject.content_rule_directory_groupowner_etc_selinux" selected="true"/>
    <select idref="xccdf_org.ssgproject.content_rule_directory_groupowner_etc_sudoersd" selected="true"/>
    <select idref="xccdf_org.ssgproject.content_rule_directory_groupowner_etc_sysctld" selected="true"/>
    <select idref="xccdf_org.ssgproject.content_rule_directory_owner_etc_ipsecd" selected="true"/>
    <select idref="xccdf_org.ssgproject.content_rule_directory_owner_etc_iptables" selected="true"/>
    <select idref="xccdf_org.ssgproject.content_rule_directory_owner_etc_nftables" selected="true"/>
    <select idref="xccdf_org.ssgproject.content_rule_directory_owner_etc_selinux" selected="true"/>
    <select idref="xccdf_org.ssgproject.content_rule_directory_owner_etc_sudoersd" selected="true"/>
    <select idref="xccdf_org.ssgproject.content_rule_directory_owner_etc_sysctld" selected="true"/>
    <select idref="xccdf_org.ssgproject.content_rule_directory_permissions_etc_ipsecd" selected="true"/>
    <select idref="xccdf_org.ssgproject.content_rule_directory_permissions_etc_iptables" selected="true"/>
    <select idref="xccdf_org.ssgproject.content_rule_directory_permissions_etc_nftables" selected="true"/>
    <select idref="xccdf_org.ssgproject.content_rule_directory_permissions_etc_selinux" selected="true"/>
    <select idref="xccdf_org.ssgproject.content_rule_directory_permissions_etc_sudoersd" selected="true"/>
    <select idref="xccdf_org.ssgproject.content_rule_directory_permissions_etc_sysctld" selected="true"/>
    <select idref="xccdf_org.ssgproject.content_rule_enable_pam_namespace" selected="true"/>
    <select idref="xccdf_org.ssgproject.content_rule_ensure_gpgcheck_globally_activated" selected="true"/>
    <select idref="xccdf_org.ssgproject.content_rule_ensure_gpgcheck_local_packages" selected="true"/>
    <select idref="xccdf_org.ssgproject.content_rule_ensure_gpgcheck_never_disabled" selected="true"/>
    <select idref="xccdf_org.ssgproject.content_rule_ensure_logrotate_activated" selected="true"/>
    <select idref="xccdf_org.ssgproject.content_rule_file_groupowner_efi_grub2_cfg" selected="true"/>
    <select idref="xccdf_org.ssgproject.content_rule_file_groupowner_efi_user_cfg" selected="true"/>
    <select idref="xccdf_org.ssgproject.content_rule_file_groupowner_etc_crypttab" selected="true"/>
    <select idref="xccdf_org.ssgproject.content_rule_file_groupowner_etc_group" selected="true"/>
    <select idref="xccdf_org.ssgproject.content_rule_file_groupowner_etc_gshadow" selected="true"/>
    <select idref="xccdf_org.ssgproject.content_rule_file_groupowner_etc_ipsec_conf" selected="true"/>
    <select idref="xccdf_org.ssgproject.content_rule_file_groupowner_etc_ipsec_secrets" selected="true"/>
    <select idref="xccdf_org.ssgproject.content_rule_file_groupowner_etc_passwd" selected="true"/>
    <select idref="xccdf_org.ssgproject.content_rule_file_groupowner_etc_sestatus_conf" selected="true"/>
    <select idref="xccdf_org.ssgproject.content_rule_file_groupowner_etc_shadow" selected="true"/>
    <select idref="xccdf_org.ssgproject.content_rule_file_groupowner_etc_shells" selected="true"/>
    <select idref="xccdf_org.ssgproject.content_rule_file_groupowner_etc_sudoers" selected="true"/>
    <select idref="xccdf_org.ssgproject.content_rule_file_groupowner_grub2_cfg" selected="true"/>
    <select idref="xccdf_org.ssgproject.content_rule_file_groupowner_sshd_config" selected="true"/>
    <select idref="xccdf_org.ssgproject.content_rule_file_groupowner_systemmap" selected="true"/>
    <select idref="xccdf_org.ssgproject.content_rule_file_groupowner_user_cfg" selected="true"/>
    <select idref="xccdf_org.ssgproject.content_rule_file_groupownership_sshd_private_key" selected="true"/>
    <select idref="xccdf_org.ssgproject.content_rule_file_groupownership_sshd_pub_key" selected="true"/>
    <select idref="xccdf_org.ssgproject.content_rule_file_groupownership_system_commands_dirs" selected="true"/>
    <select idref="xccdf_org.ssgproject.content_rule_file_owner_efi_grub2_cfg" selected="true"/>
    <select idref="xccdf_org.ssgproject.content_rule_file_owner_efi_user_cfg" selected="true"/>
    <select idref="xccdf_org.ssgproject.content_rule_file_owner_etc_chrony_keys" selected="true"/>
    <select idref="xccdf_org.ssgproject.content_rule_file_owner_etc_crypttab" selected="true"/>
    <select idref="xccdf_org.ssgproject.content_rule_file_owner_etc_group" selected="true"/>
    <select idref="xccdf_org.ssgproject.content_rule_file_owner_etc_gshadow" selected="true"/>
    <select idref="xccdf_org.ssgproject.content_rule_file_owner_etc_ipsec_conf" selected="true"/>
    <select idref="xccdf_org.ssgproject.content_rule_file_owner_etc_ipsec_secrets" selected="true"/>
    <select idref="xccdf_org.ssgproject.content_rule_file_owner_etc_passwd" selected="true"/>
    <select idref="xccdf_org.ssgproject.content_rule_file_owner_etc_sestatus_conf" selected="true"/>
    <select idref="xccdf_org.ssgproject.content_rule_file_owner_etc_shadow" selected="true"/>
    <select idref="xccdf_org.ssgproject.content_rule_file_owner_etc_shells" selected="true"/>
    <select idref="xccdf_org.ssgproject.content_rule_file_owner_etc_sudoers" selected="true"/>
    <select idref="xccdf_org.ssgproject.content_rule_file_owner_grub2_cfg" selected="true"/>
    <select idref="xccdf_org.ssgproject.content_rule_file_owner_sshd_config" selected="true"/>
    <select idref="xccdf_org.ssgproject.content_rule_file_owner_systemmap" selected="true"/>
    <select idref="xccdf_org.ssgproject.content_rule_file_owner_user_cfg" selected="true"/>
    <select idref="xccdf_org.ssgproject.content_rule_file_ownership_binary_dirs" selected="true"/>
    <select idref="xccdf_org.ssgproject.content_rule_file_ownership_sshd_private_key" selected="true"/>
    <select idref="xccdf_org.ssgproject.content_rule_file_ownership_sshd_pub_key" selected="true"/>
    <select idref="xccdf_org.ssgproject.content_rule_file_permission_user_init_files" selected="true"/>
    <select idref="xccdf_org.ssgproject.content_rule_file_permissions_binary_dirs" selected="true"/>
    <select idref="xccdf_org.ssgproject.content_rule_file_permissions_efi_grub2_cfg" selected="true"/>
    <select idref="xccdf_org.ssgproject.content_rule_file_permissions_efi_user_cfg" selected="true"/>
    <select idref="xccdf_org.ssgproject.content_rule_file_permissions_etc_chrony_keys" selected="true"/>
    <select idref="xccdf_org.ssgproject.content_rule_file_permissions_etc_crypttab" selected="true"/>
    <select idref="xccdf_org.ssgproject.content_rule_file_permissions_etc_group" selected="true"/>
    <select idref="xccdf_org.ssgproject.content_rule_file_permissions_etc_gshadow" selected="true"/>
    <select idref="xccdf_org.ssgproject.content_rule_file_permissions_etc_ipsec_conf" selected="true"/>
    <select idref="xccdf_org.ssgproject.content_rule_file_permissions_etc_ipsec_secrets" selected="true"/>
    <select idref="xccdf_org.ssgproject.content_rule_file_permissions_etc_passwd" selected="true"/>
    <select idref="xccdf_org.ssgproject.content_rule_file_permissions_etc_sestatus_conf" selected="true"/>
    <select idref="xccdf_org.ssgproject.content_rule_file_permissions_etc_shadow" selected="true"/>
    <select idref="xccdf_org.ssgproject.content_rule_file_permissions_etc_shells" selected="true"/>
    <select idref="xccdf_org.ssgproject.content_rule_file_permissions_etc_sudoers" selected="true"/>
    <select idref="xccdf_org.ssgproject.content_rule_file_permissions_grub2_cfg" selected="true"/>
    <select idref="xccdf_org.ssgproject.content_rule_file_permissions_sshd_config" selected="true"/>
    <select idref="xccdf_org.ssgproject.content_rule_file_permissions_sshd_private_key" selected="true"/>
    <select idref="xccdf_org.ssgproject.content_rule_file_permissions_sshd_pub_key" selected="true"/>
    <select idref="xccdf_org.ssgproject.content_rule_file_permissions_sudo" selected="true"/>
    <select idref="xccdf_org.ssgproject.content_rule_file_permissions_systemmap" selected="true"/>
    <select idref="xccdf_org.ssgproject.content_rule_file_permissions_unauthorized_sgid" selected="true"/>
    <select idref="xccdf_org.ssgproject.content_rule_file_permissions_unauthorized_suid" selected="true"/>
    <select idref="xccdf_org.ssgproject.content_rule_file_permissions_unauthorized_world_writable" selected="true"/>
    <select idref="xccdf_org.ssgproject.content_rule_file_permissions_ungroupowned" selected="true"/>
    <select idref="xccdf_org.ssgproject.content_rule_file_permissions_user_cfg" selected="true"/>
    <select idref="xccdf_org.ssgproject.content_rule_grub2_enable_apparmor" selected="true"/>
    <select idref="xccdf_org.ssgproject.content_rule_grub2_enable_iommu_force" selected="true"/>
    <select idref="xccdf_org.ssgproject.content_rule_grub2_l1tf_argument" selected="true"/>
    <select idref="xccdf_org.ssgproject.content_rule_grub2_mce_argument" selected="true"/>
    <select idref="xccdf_org.ssgproject.content_rule_grub2_nosmap_argument_absent" selected="true"/>
    <select idref="xccdf_org.ssgproject.content_rule_grub2_nosmep_argument_absent" selected="true"/>
    <select idref="xccdf_org.ssgproject.content_rule_grub2_password" selected="true"/>
    <select idref="xccdf_org.ssgproject.content_rule_grub2_rng_core_default_quality_argument" selected="true"/>
    <select idref="xccdf_org.ssgproject.content_rule_grub2_slab_nomerge_argument" selected="true"/>
    <select idref="xccdf_org.ssgproject.content_rule_grub2_spec_store_bypass_disable_argument" selected="true"/>
    <select idref="xccdf_org.ssgproject.content_rule_grub2_spectre_v2_argument" selected="true"/>
    <select idref="xccdf_org.ssgproject.content_rule_grub2_uefi_password" selected="true"/>
    <select idref="xccdf_org.ssgproject.content_rule_install_PAE_kernel_on_x86-32" selected="true"/>
    <select idref="xccdf_org.ssgproject.content_rule_kernel_config_acpi_custom_method" selected="true"/>
    <select idref="xccdf_org.ssgproject.content_rule_kernel_config_binfmt_misc" selected="true"/>
    <select idref="xccdf_org.ssgproject.content_rule_kernel_config_bug" selected="true"/>
    <select idref="xccdf_org.ssgproject.content_rule_kernel_config_compat_brk" selected="true"/>
    <select idref="xccdf_org.ssgproject.content_rule_kernel_config_compat_vdso" selected="true"/>
    <select idref="xccdf_org.ssgproject.content_rule_kernel_config_debug_credentials" selected="true"/>
    <select idref="xccdf_org.ssgproject.content_rule_kernel_config_debug_fs" selected="true"/>
    <select idref="xccdf_org.ssgproject.content_rule_kernel_config_debug_list" selected="true"/>
    <select idref="xccdf_org.ssgproject.content_rule_kernel_config_debug_notifiers" selected="true"/>
    <select idref="xccdf_org.ssgproject.content_rule_kernel_config_debug_sg" selected="true"/>
    <select idref="xccdf_org.ssgproject.content_rule_kernel_config_default_mmap_min_addr" selected="true"/>
    <select idref="xccdf_org.ssgproject.content_rule_kernel_config_devkmem" selected="true"/>
    <select idref="xccdf_org.ssgproject.content_rule_kernel_config_hibernation" selected="true"/>
    <select idref="xccdf_org.ssgproject.content_rule_kernel_config_ia32_emulation" selected="true"/>
    <select idref="xccdf_org.ssgproject.content_rule_kernel_config_kexec" selected="true"/>
    <select idref="xccdf_org.ssgproject.content_rule_kernel_config_legacy_ptys" selected="true"/>
    <select idref="xccdf_org.ssgproject.content_rule_kernel_config_module_sig" selected="true"/>
    <select idref="xccdf_org.ssgproject.content_rule_kernel_config_module_sig_all" selected="true"/>
    <select idref="xccdf_org.ssgproject.content_rule_kernel_config_module_sig_force" selected="true"/>
    <select idref="xccdf_org.ssgproject.content_rule_kernel_config_module_sig_hash" selected="true"/>
    <select idref="xccdf_org.ssgproject.content_rule_kernel_config_module_sig_key" selected="true"/>
    <select idref="xccdf_org.ssgproject.content_rule_kernel_config_module_sig_sha512" selected="true"/>
    <select idref="xccdf_org.ssgproject.content_rule_kernel_config_page_poisoning_no_sanity" selected="true"/>
    <select idref="xccdf_org.ssgproject.content_rule_kernel_config_page_poisoning_zero" selected="true"/>
    <select idref="xccdf_org.ssgproject.content_rule_kernel_config_page_table_isolation" selected="true"/>
    <select idref="xccdf_org.ssgproject.content_rule_kernel_config_panic_on_oops" selected="true"/>
    <select idref="xccdf_org.ssgproject.content_rule_kernel_config_panic_timeout" selected="true"/>
    <select idref="xccdf_org.ssgproject.content_rule_kernel_config_proc_kcore" selected="true"/>
    <select idref="xccdf_org.ssgproject.content_rule_kernel_config_randomize_base" selected="true"/>
    <select idref="xccdf_org.ssgproject.content_rule_kernel_config_randomize_memory" selected="true"/>
    <select idref="xccdf_org.ssgproject.content_rule_kernel_config_retpoline" selected="true"/>
    <select idref="xccdf_org.ssgproject.content_rule_kernel_config_seccomp" selected="true"/>
    <select idref="xccdf_org.ssgproject.content_rule_kernel_config_seccomp_filter" selected="true"/>
    <select idref="xccdf_org.ssgproject.content_rule_kernel_config_security" selected="true"/>
    <select idref="xccdf_org.ssgproject.content_rule_kernel_config_security_dmesg_restrict" selected="true"/>
    <select idref="xccdf_org.ssgproject.content_rule_kernel_config_security_writable_hooks" selected="true"/>
    <select idref="xccdf_org.ssgproject.content_rule_kernel_config_security_yama" selected="true"/>
    <select idref="xccdf_org.ssgproject.content_rule_kernel_config_slub_debug" selected="true"/>
    <select idref="xccdf_org.ssgproject.content_rule_kernel_config_syn_cookies" selected="true"/>
    <select idref="xccdf_org.ssgproject.content_rule_kernel_config_unmap_kernel_at_el0" selected="true"/>
    <select idref="xccdf_org.ssgproject.content_rule_kernel_config_x86_vsyscall_emulation" selected="true"/>
    <select idref="xccdf_org.ssgproject.content_rule_mount_option_boot_noexec" selected="true"/>
    <select idref="xccdf_org.ssgproject.content_rule_mount_option_boot_nosuid" selected="true"/>
    <select idref="xccdf_org.ssgproject.content_rule_mount_option_home_noexec" selected="true"/>
    <select idref="xccdf_org.ssgproject.content_rule_mount_option_home_nosuid" selected="true"/>
    <select idref="xccdf_org.ssgproject.content_rule_mount_option_nodev_nonroot_local_partitions" selected="true"/>
    <select idref="xccdf_org.ssgproject.content_rule_mount_option_opt_nosuid" selected="true"/>
    <select idref="xccdf_org.ssgproject.content_rule_mount_option_srv_nosuid" selected="true"/>
    <select idref="xccdf_org.ssgproject.content_rule_mount_option_tmp_noexec" selected="true"/>
    <select idref="xccdf_org.ssgproject.content_rule_mount_option_tmp_nosuid" selected="true"/>
    <select idref="xccdf_org.ssgproject.content_rule_mount_option_var_log_noexec" selected="true"/>
    <select idref="xccdf_org.ssgproject.content_rule_mount_option_var_log_nosuid" selected="true"/>
    <select idref="xccdf_org.ssgproject.content_rule_mount_option_var_noexec" selected="true"/>
    <select idref="xccdf_org.ssgproject.content_rule_mount_option_var_nosuid" selected="true"/>
    <select idref="xccdf_org.ssgproject.content_rule_mount_option_var_tmp_noexec" selected="true"/>
    <select idref="xccdf_org.ssgproject.content_rule_mount_option_var_tmp_nosuid" selected="true"/>
    <select idref="xccdf_org.ssgproject.content_rule_no_direct_root_logins" selected="true"/>
    <select idref="xccdf_org.ssgproject.content_rule_no_files_unowned_by_user" selected="true"/>
    <select idref="xccdf_org.ssgproject.content_rule_package_aide_installed" selected="true"/>
    <select idref="xccdf_org.ssgproject.content_rule_package_apparmor_installed" selected="true"/>
    <select idref="xccdf_org.ssgproject.content_rule_package_audit_installed" selected="true"/>
    <select idref="xccdf_org.ssgproject.content_rule_package_chrony_installed" selected="true"/>
    <select idref="xccdf_org.ssgproject.content_rule_package_dhcp_removed" selected="true"/>
    <select idref="xccdf_org.ssgproject.content_rule_package_logrotate_installed" selected="true"/>
    <select idref="xccdf_org.ssgproject.content_rule_package_pam_apparmor_installed" selected="true"/>
    <select idref="xccdf_org.ssgproject.content_rule_package_rsh-server_removed" selected="true"/>
    <select idref="xccdf_org.ssgproject.content_rule_package_rsh_removed" selected="true"/>
    <select idref="xccdf_org.ssgproject.content_rule_package_rsyslog-gnutls_installed" selected="true"/>
    <select idref="xccdf_org.ssgproject.content_rule_package_sendmail_removed" selected="true"/>
    <select idref="xccdf_org.ssgproject.content_rule_package_setroubleshoot-plugins_removed" selected="true"/>
    <select idref="xccdf_org.ssgproject.content_rule_package_setroubleshoot-server_removed" selected="true"/>
    <select idref="xccdf_org.ssgproject.content_rule_package_setroubleshoot_removed" selected="true"/>
    <select idref="xccdf_org.ssgproject.content_rule_package_sssd_installed" selected="true"/>
    <select idref="xccdf_org.ssgproject.content_rule_package_sudo_installed" selected="true"/>
    <select idref="xccdf_org.ssgproject.content_rule_package_talk-server_removed" selected="true"/>
    <select idref="xccdf_org.ssgproject.content_rule_package_talk_removed" selected="true"/>
    <select idref="xccdf_org.ssgproject.content_rule_package_telnet-server_removed" selected="true"/>
    <select idref="xccdf_org.ssgproject.content_rule_package_telnet_removed" selected="true"/>
    <select idref="xccdf_org.ssgproject.content_rule_package_tftp-server_removed" selected="true"/>
    <select idref="xccdf_org.ssgproject.content_rule_package_tftp_removed" selected="true"/>
    <select idref="xccdf_org.ssgproject.content_rule_package_xinetd_removed" selected="true"/>
    <select idref="xccdf_org.ssgproject.content_rule_package_ypbind_removed" selected="true"/>
    <select idref="xccdf_org.ssgproject.content_rule_package_ypserv_removed" selected="true"/>
    <select idref="xccdf_org.ssgproject.content_rule_partition_for_boot" selected="true"/>
    <select idref="xccdf_org.ssgproject.content_rule_partition_for_home" selected="true"/>
    <select idref="xccdf_org.ssgproject.content_rule_partition_for_opt" selected="true"/>
    <select idref="xccdf_org.ssgproject.content_rule_partition_for_srv" selected="true"/>
    <select idref="xccdf_org.ssgproject.content_rule_partition_for_usr" selected="true"/>
    <select idref="xccdf_org.ssgproject.content_rule_partition_for_var" selected="true"/>
    <select idref="xccdf_org.ssgproject.content_rule_partition_for_var_log" selected="true"/>
    <select idref="xccdf_org.ssgproject.content_rule_partition_for_var_log_audit" selected="true"/>
    <select idref="xccdf_org.ssgproject.content_rule_partition_for_var_tmp" selected="true"/>
    <select idref="xccdf_org.ssgproject.content_rule_postfix_client_configure_mail_alias" selected="true"/>
    <select idref="xccdf_org.ssgproject.content_rule_postfix_network_listening_disabled" selected="true"/>
    <select idref="xccdf_org.ssgproject.content_rule_prefer_64bit_os" selected="true"/>
    <select idref="xccdf_org.ssgproject.content_rule_rsyslog_files_groupownership" selected="true"/>
    <select idref="xccdf_org.ssgproject.content_rule_rsyslog_files_ownership" selected="true"/>
    <select idref="xccdf_org.ssgproject.content_rule_rsyslog_files_permissions" selected="true"/>
    <select idref="xccdf_org.ssgproject.content_rule_rsyslog_remote_loghost" selected="true"/>
    <select idref="xccdf_org.ssgproject.content_rule_rsyslog_remote_tls" selected="true"/>
    <select idref="xccdf_org.ssgproject.content_rule_rsyslog_remote_tls_cacert" selected="true"/>
    <select idref="xccdf_org.ssgproject.content_rule_sebool_deny_execmem" selected="true"/>
    <select idref="xccdf_org.ssgproject.content_rule_sebool_polyinstantiation_enabled" selected="true"/>
    <select idref="xccdf_org.ssgproject.content_rule_sebool_secure_mode_insmod" selected="true"/>
    <select idref="xccdf_org.ssgproject.content_rule_sebool_selinuxuser_execheap" selected="true"/>
    <select idref="xccdf_org.ssgproject.content_rule_sebool_selinuxuser_execstack" selected="true"/>
    <select idref="xccdf_org.ssgproject.content_rule_sebool_ssh_sysadm_login" selected="true"/>
    <select idref="xccdf_org.ssgproject.content_rule_security_patches_up_to_date" selected="true"/>
    <select idref="xccdf_org.ssgproject.content_rule_selinux_policytype" selected="true"/>
    <select idref="xccdf_org.ssgproject.content_rule_selinux_state" selected="true"/>
    <select idref="xccdf_org.ssgproject.content_rule_service_auditd_enabled" selected="true"/>
    <select idref="xccdf_org.ssgproject.content_rule_service_chronyd_or_ntpd_enabled" selected="true"/>
    <select idref="xccdf_org.ssgproject.content_rule_service_sssd_enabled" selected="true"/>
    <select idref="xccdf_org.ssgproject.content_rule_set_password_hashing_algorithm_systemauth" selected="true"/>
    <select idref="xccdf_org.ssgproject.content_rule_set_password_hashing_min_rounds_logindefs" selected="true"/>
    <select idref="xccdf_org.ssgproject.content_rule_sshd_disable_root_login" selected="true"/>
    <select idref="xccdf_org.ssgproject.content_rule_sssd_enable_pam_services" selected="true"/>
    <select idref="xccdf_org.ssgproject.content_rule_sssd_ldap_configure_tls_reqcert" selected="true"/>
    <select idref="xccdf_org.ssgproject.content_rule_sssd_ldap_start_tls" selected="true"/>
    <select idref="xccdf_org.ssgproject.content_rule_sudo_add_env_reset" selected="true"/>
    <select idref="xccdf_org.ssgproject.content_rule_sudo_add_ignore_dot" selected="true"/>
    <select idref="xccdf_org.ssgproject.content_rule_sudo_add_noexec" selected="true"/>
    <select idref="xccdf_org.ssgproject.content_rule_sudo_add_requiretty" selected="true"/>
    <select idref="xccdf_org.ssgproject.content_rule_sudo_add_umask" selected="true"/>
    <select idref="xccdf_org.ssgproject.content_rule_sudo_add_use_pty" selected="true"/>
    <select idref="xccdf_org.ssgproject.content_rule_sudo_dedicated_group" selected="true"/>
    <select idref="xccdf_org.ssgproject.content_rule_sudoers_explicit_command_args" selected="true"/>
    <select idref="xccdf_org.ssgproject.content_rule_sudoers_no_command_negation" selected="true"/>
    <select idref="xccdf_org.ssgproject.content_rule_sudoers_no_root_target" selected="true"/>
    <select idref="xccdf_org.ssgproject.content_rule_sysctl_fs_protected_hardlinks" selected="true"/>
    <select idref="xccdf_org.ssgproject.content_rule_sysctl_fs_protected_symlinks" selected="true"/>
    <select idref="xccdf_org.ssgproject.content_rule_sysctl_fs_suid_dumpable" selected="true"/>
    <select idref="xccdf_org.ssgproject.content_rule_sysctl_kernel_dmesg_restrict" selected="true"/>
    <select idref="xccdf_org.ssgproject.content_rule_sysctl_kernel_kptr_restrict" selected="true"/>
    <select idref="xccdf_org.ssgproject.content_rule_sysctl_kernel_modules_disabled" selected="true"/>
    <select idref="xccdf_org.ssgproject.content_rule_sysctl_kernel_panic_on_oops" selected="true"/>
    <select idref="xccdf_org.ssgproject.content_rule_sysctl_kernel_perf_cpu_time_max_percent" selected="true"/>
    <select idref="xccdf_org.ssgproject.content_rule_sysctl_kernel_perf_event_max_sample_rate" selected="true"/>
    <select idref="xccdf_org.ssgproject.content_rule_sysctl_kernel_perf_event_paranoid" selected="true"/>
    <select idref="xccdf_org.ssgproject.content_rule_sysctl_kernel_pid_max" selected="true"/>
    <select idref="xccdf_org.ssgproject.content_rule_sysctl_kernel_randomize_va_space" selected="true"/>
    <select idref="xccdf_org.ssgproject.content_rule_sysctl_kernel_sysrq" selected="true"/>
    <select idref="xccdf_org.ssgproject.content_rule_sysctl_net_ipv4_conf_all_accept_local" selected="true"/>
    <select idref="xccdf_org.ssgproject.content_rule_sysctl_net_ipv4_conf_all_accept_redirects" selected="true"/>
    <select idref="xccdf_org.ssgproject.content_rule_sysctl_net_ipv4_conf_all_accept_source_route" selected="true"/>
    <select idref="xccdf_org.ssgproject.content_rule_sysctl_net_ipv4_conf_all_arp_filter" selected="true"/>
    <select idref="xccdf_org.ssgproject.content_rule_sysctl_net_ipv4_conf_all_arp_ignore" selected="true"/>
    <select idref="xccdf_org.ssgproject.content_rule_sysctl_net_ipv4_conf_all_route_localnet" selected="true"/>
    <select idref="xccdf_org.ssgproject.content_rule_sysctl_net_ipv4_conf_all_rp_filter" selected="true"/>
    <select idref="xccdf_org.ssgproject.content_rule_sysctl_net_ipv4_conf_all_secure_redirects" selected="true"/>
    <select idref="xccdf_org.ssgproject.content_rule_sysctl_net_ipv4_conf_all_send_redirects" selected="true"/>
    <select idref="xccdf_org.ssgproject.content_rule_sysctl_net_ipv4_conf_all_shared_media" selected="true"/>
    <select idref="xccdf_org.ssgproject.content_rule_sysctl_net_ipv4_conf_default_accept_redirects" selected="true"/>
    <select idref="xccdf_org.ssgproject.content_rule_sysctl_net_ipv4_conf_default_accept_source_route" selected="true"/>
    <select idref="xccdf_org.ssgproject.content_rule_sysctl_net_ipv4_conf_default_rp_filter" selected="true"/>
    <select idref="xccdf_org.ssgproject.content_rule_sysctl_net_ipv4_conf_default_secure_redirects" selected="true"/>
    <select idref="xccdf_org.ssgproject.content_rule_sysctl_net_ipv4_conf_default_send_redirects" selected="true"/>
    <select idref="xccdf_org.ssgproject.content_rule_sysctl_net_ipv4_conf_default_shared_media" selected="true"/>
    <select idref="xccdf_org.ssgproject.content_rule_sysctl_net_ipv4_icmp_ignore_bogus_error_responses" selected="true"/>
    <select idref="xccdf_org.ssgproject.content_rule_sysctl_net_ipv4_ip_forward" selected="true"/>
    <select idref="xccdf_org.ssgproject.content_rule_sysctl_net_ipv4_ip_local_port_range" selected="true"/>
    <select idref="xccdf_org.ssgproject.content_rule_sysctl_net_ipv4_tcp_rfc1337" selected="true"/>
    <select idref="xccdf_org.ssgproject.content_rule_sysctl_net_ipv4_tcp_syncookies" selected="true"/>
    <select idref="xccdf_org.ssgproject.content_rule_sysctl_net_ipv6_conf_all_accept_ra_defrtr" selected="true"/>
    <select idref="xccdf_org.ssgproject.content_rule_sysctl_net_ipv6_conf_all_accept_ra_pinfo" selected="true"/>
    <select idref="xccdf_org.ssgproject.content_rule_sysctl_net_ipv6_conf_all_accept_ra_rtr_pref" selected="true"/>
    <select idref="xccdf_org.ssgproject.content_rule_sysctl_net_ipv6_conf_all_accept_redirects" selected="true"/>
    <select idref="xccdf_org.ssgproject.content_rule_sysctl_net_ipv6_conf_all_accept_source_route" selected="true"/>
    <select idref="xccdf_org.ssgproject.content_rule_sysctl_net_ipv6_conf_all_max_addresses" selected="true"/>
    <select idref="xccdf_org.ssgproject.content_rule_sysctl_net_ipv6_conf_all_router_solicitations" selected="true"/>
    <select idref="xccdf_org.ssgproject.content_rule_sysctl_net_ipv6_conf_default_accept_ra_defrtr" selected="true"/>
    <select idref="xccdf_org.ssgproject.content_rule_sysctl_net_ipv6_conf_default_accept_ra_pinfo" selected="true"/>
    <select idref="xccdf_org.ssgproject.content_rule_sysctl_net_ipv6_conf_default_accept_ra_rtr_pref" selected="true"/>
    <select idref="xccdf_org.ssgproject.content_rule_sysctl_net_ipv6_conf_default_accept_redirects" selected="true"/>
    <select idref="xccdf_org.ssgproject.content_rule_sysctl_net_ipv6_conf_default_accept_source_route" selected="true"/>
    <select idref="xccdf_org.ssgproject.content_rule_sysctl_net_ipv6_conf_default_autoconf" selected="true"/>
    <select idref="xccdf_org.ssgproject.content_rule_sysctl_net_ipv6_conf_default_max_addresses" selected="true"/>
    <select idref="xccdf_org.ssgproject.content_rule_sysctl_net_ipv6_conf_default_router_solicitations" selected="true"/>
    <select idref="xccdf_org.ssgproject.content_rule_sysctl_vm_mmap_min_addr" selected="true"/>
    <select idref="xccdf_org.ssgproject.content_rule_systemd_tmp_mount_enabled" selected="true"/>
    <select idref="xccdf_org.ssgproject.content_rule_timer_logrotate_enabled" selected="true"/>
    <select idref="xccdf_org.ssgproject.content_group_account_expiration" selected="false"/>
    <select idref="xccdf_org.ssgproject.content_group_accounts-banners" selected="false"/>
    <select idref="xccdf_org.ssgproject.content_group_accounts-physical" selected="false"/>
    <select idref="xccdf_org.ssgproject.content_group_audit_execution_acl_commands" selected="false"/>
    <select idref="xccdf_org.ssgproject.content_group_audit_execution_selinux_commands" selected="false"/>
    <select idref="xccdf_org.ssgproject.content_group_avahi" selected="false"/>
    <select idref="xccdf_org.ssgproject.content_group_avahi_configuration" selected="false"/>
    <select idref="xccdf_org.ssgproject.content_group_base" selected="false"/>
    <select idref="xccdf_org.ssgproject.content_group_certified-vendor" selected="false"/>
    <select idref="xccdf_org.ssgproject.content_group_configure_auditd_data_retention" selected="false"/>
    <select idref="xccdf_org.ssgproject.content_group_console_screen_locking" selected="false"/>
    <select idref="xccdf_org.ssgproject.content_group_cron_and_at" selected="false"/>
    <select idref="xccdf_org.ssgproject.content_group_crypto" selected="false"/>
    <select idref="xccdf_org.ssgproject.content_group_deprecated" selected="false"/>
    <select idref="xccdf_org.ssgproject.content_group_dhcp_client_configuration" selected="false"/>
    <select idref="xccdf_org.ssgproject.content_group_dhcp_server_configuration" selected="false"/>
    <select idref="xccdf_org.ssgproject.content_group_disable_avahi_group" selected="false"/>
    <select idref="xccdf_org.ssgproject.content_group_disabling_cyrus-imapd" selected="false"/>
    <select idref="xccdf_org.ssgproject.content_group_disabling_dhcp_client" selected="false"/>
    <select idref="xccdf_org.ssgproject.content_group_disabling_dns_server" selected="false"/>
    <select idref="xccdf_org.ssgproject.content_group_disabling_dovecot" selected="false"/>
    <select idref="xccdf_org.ssgproject.content_group_disabling_httpd" selected="false"/>
    <select idref="xccdf_org.ssgproject.content_group_disabling_ipv6" selected="false"/>
    <select idref="xccdf_org.ssgproject.content_group_disabling_netfs" selected="false"/>
    <select idref="xccdf_org.ssgproject.content_group_disabling_nfs" selected="false"/>
    <select idref="xccdf_org.ssgproject.content_group_disabling_nfs_services" selected="false"/>
    <select idref="xccdf_org.ssgproject.content_group_disabling_nfsd" selected="false"/>
    <select idref="xccdf_org.ssgproject.content_group_disabling_quagga" selected="false"/>
    <select idref="xccdf_org.ssgproject.content_group_disabling_samba" selected="false"/>
    <select idref="xccdf_org.ssgproject.content_group_disabling_snmp_service" selected="false"/>
    <select idref="xccdf_org.ssgproject.content_group_disabling_squid" selected="false"/>
    <select idref="xccdf_org.ssgproject.content_group_disabling_vsftpd" selected="false"/>
    <select idref="xccdf_org.ssgproject.content_group_disabling_xwindows" selected="false"/>
    <select idref="xccdf_org.ssgproject.content_group_dns" selected="false"/>
    <select idref="xccdf_org.ssgproject.content_group_endpoint_security_software" selected="false"/>
    <select idref="xccdf_org.ssgproject.content_group_entropy" selected="false"/>
    <select idref="xccdf_org.ssgproject.content_group_fapolicyd" selected="false"/>
    <select idref="xccdf_org.ssgproject.content_group_file_permissions_auditd" selected="false"/>
    <select idref="xccdf_org.ssgproject.content_group_fips" selected="false"/>
    <select idref="xccdf_org.ssgproject.content_group_firewalld_activation" selected="false"/>
    <select idref="xccdf_org.ssgproject.content_group_firewalld_deactivation" selected="false"/>
    <select idref="xccdf_org.ssgproject.content_group_ftp" selected="false"/>
    <select idref="xccdf_org.ssgproject.content_group_ftp_configure_vsftpd" selected="false"/>
    <select idref="xccdf_org.ssgproject.content_group_ftp_restrict_users" selected="false"/>
    <select idref="xccdf_org.ssgproject.content_group_gnome" selected="false"/>
    <select idref="xccdf_org.ssgproject.content_group_gnome_login_screen" selected="false"/>
    <select idref="xccdf_org.ssgproject.content_group_gnome_media_settings" selected="false"/>
    <select idref="xccdf_org.ssgproject.content_group_gnome_remote_access_settings" selected="false"/>
    <select idref="xccdf_org.ssgproject.content_group_gnome_screen_locking" selected="false"/>
    <select idref="xccdf_org.ssgproject.content_group_gui_login_banner" selected="false"/>
    <select idref="xccdf_org.ssgproject.content_group_http" selected="false"/>
    <select idref="xccdf_org.ssgproject.content_group_imap" selected="false"/>
    <select idref="xccdf_org.ssgproject.content_group_iptables_activation" selected="false"/>
    <select idref="xccdf_org.ssgproject.content_group_iptables_ruleset_modifications" selected="false"/>
    <select idref="xccdf_org.ssgproject.content_group_journald" selected="false"/>
    <select idref="xccdf_org.ssgproject.content_group_ldap" selected="false"/>
    <select idref="xccdf_org.ssgproject.content_group_mcafee_endpoint_security_software" selected="false"/>
    <select idref="xccdf_org.ssgproject.content_group_mcafee_security_software" selected="false"/>
    <select idref="xccdf_org.ssgproject.content_group_mounting" selected="false"/>
    <select idref="xccdf_org.ssgproject.content_group_mounting_remote_filesystems" selected="false"/>
    <select idref="xccdf_org.ssgproject.content_group_network-firewalld" selected="false"/>
    <select idref="xccdf_org.ssgproject.content_group_network-ufw" selected="false"/>
    <select idref="xccdf_org.ssgproject.content_group_network-uncommon" selected="false"/>
    <select idref="xccdf_org.ssgproject.content_group_network-wireless" selected="false"/>
    <select idref="xccdf_org.ssgproject.content_group_nfs_and_rpc" selected="false"/>
    <select idref="xccdf_org.ssgproject.content_group_nfs_configuring_clients" selected="false"/>
    <select idref="xccdf_org.ssgproject.content_group_nfs_configuring_servers" selected="false"/>
    <select idref="xccdf_org.ssgproject.content_group_openldap_client" selected="false"/>
    <select idref="xccdf_org.ssgproject.content_group_openldap_server" selected="false"/>
    <select idref="xccdf_org.ssgproject.content_group_password_quality_pwquality" selected="false"/>
    <select idref="xccdf_org.ssgproject.content_group_password_storage" selected="false"/>
    <select idref="xccdf_org.ssgproject.content_group_permissions_local" selected="false"/>
    <select idref="xccdf_org.ssgproject.content_group_permissions_var_log_dir" selected="false"/>
    <select idref="xccdf_org.ssgproject.content_group_poisoning" selected="false"/>
    <select idref="xccdf_org.ssgproject.content_group_printing" selected="false"/>
    <select idref="xccdf_org.ssgproject.content_group_proxy" selected="false"/>
    <select idref="xccdf_org.ssgproject.content_group_restrict_at_cron_users" selected="false"/>
    <select idref="xccdf_org.ssgproject.content_group_root_paths" selected="false"/>
    <select idref="xccdf_org.ssgproject.content_group_routing" selected="false"/>
    <select idref="xccdf_org.ssgproject.content_group_rpm_verification" selected="false"/>
    <select idref="xccdf_org.ssgproject.content_group_rsyslog_accepting_remote_messages" selected="false"/>
    <select idref="xccdf_org.ssgproject.content_group_ruleset_modifications" selected="false"/>
    <select idref="xccdf_org.ssgproject.content_group_screen_locking" selected="false"/>
    <select idref="xccdf_org.ssgproject.content_group_smart_card_login" selected="false"/>
    <select idref="xccdf_org.ssgproject.content_group_smb" selected="false"/>
    <select idref="xccdf_org.ssgproject.content_group_snmp" selected="false"/>
    <select idref="xccdf_org.ssgproject.content_group_system-tools" selected="false"/>
    <select idref="xccdf_org.ssgproject.content_group_wireless_software" selected="false"/>
    <select idref="xccdf_org.ssgproject.content_group_xwindows" selected="false"/>
    <refine-value idref="xccdf_org.ssgproject.content_value_var_password_hashing_algorithm" selector="yescrypt"/>
    <refine-value idref="xccdf_org.ssgproject.content_value_var_password_hashing_algorithm_pam" selector="sha512"/>
    <refine-value idref="xccdf_org.ssgproject.content_value_var_password_pam_unix_rounds" selector="11"/>
    <refine-value idref="xccdf_org.ssgproject.content_value_var_password_pam_minclass" selector="4"/>
    <refine-value idref="xccdf_org.ssgproject.content_value_var_accounts_maximum_age_root" selector="365"/>
    <refine-value idref="xccdf_org.ssgproject.content_value_var_password_pam_minlen" selector="15"/>
    <refine-value idref="xccdf_org.ssgproject.content_value_var_accounts_password_minlen_login_defs" selector="15"/>
    <refine-value idref="xccdf_org.ssgproject.content_value_var_password_pam_ocredit" selector="1"/>
    <refine-value idref="xccdf_org.ssgproject.content_value_var_password_pam_dcredit" selector="1"/>
    <refine-value idref="xccdf_org.ssgproject.content_value_var_password_pam_ucredit" selector="1"/>
    <refine-value idref="xccdf_org.ssgproject.content_value_var_password_pam_lcredit" selector="1"/>
    <refine-value idref="xccdf_org.ssgproject.content_value_var_accounts_passwords_pam_faillock_fail_interval" selector="900"/>
    <refine-value idref="xccdf_org.ssgproject.content_value_var_accounts_passwords_pam_faillock_deny" selector="3"/>
    <refine-value idref="xccdf_org.ssgproject.content_value_var_password_pam_tally2" selector="5"/>
    <refine-value idref="xccdf_org.ssgproject.content_value_var_accounts_passwords_pam_tally2_unlock_time" selector="1800"/>
    <refine-value idref="xccdf_org.ssgproject.content_value_var_accounts_passwords_pam_faillock_unlock_time" selector="900"/>
    <refine-value idref="xccdf_org.ssgproject.content_value_var_password_pam_unix_remember" selector="2"/>
    <refine-value idref="xccdf_org.ssgproject.content_value_var_polyinstantiation_enabled" selector="on"/>
    <refine-value idref="xccdf_org.ssgproject.content_value_var_sudo_umask" selector="0077"/>
    <refine-value idref="xccdf_org.ssgproject.content_value_var_logind_session_timeout" selector="10_minutes"/>
    <refine-value idref="xccdf_org.ssgproject.content_value_var_accounts_tmout" selector="10_min"/>
    <refine-value idref="xccdf_org.ssgproject.content_value_sysctl_net_ipv4_conf_all_accept_redirects_value" selector="disabled"/>
    <refine-value idref="xccdf_org.ssgproject.content_value_sysctl_net_ipv4_conf_default_accept_redirects_value" selector="disabled"/>
    <refine-value idref="xccdf_org.ssgproject.content_value_sysctl_net_ipv4_conf_all_shared_media_value" selector="disabled"/>
    <refine-value idref="xccdf_org.ssgproject.content_value_sysctl_net_ipv4_conf_default_shared_media_value" selector="disabled"/>
    <refine-value idref="xccdf_org.ssgproject.content_value_sysctl_net_ipv4_conf_all_arp_ignore_value" selector="2"/>
    <refine-value idref="xccdf_org.ssgproject.content_value_sysctl_kernel_kptr_restrict_value" selector="2"/>
    <refine-value idref="xccdf_org.ssgproject.content_value_var_l1tf_options" selector="full_force"/>
    <refine-value idref="xccdf_org.ssgproject.content_value_var_slub_debug_options" selector="FZP"/>
    <refine-value idref="xccdf_org.ssgproject.content_value_var_spec_store_bypass_disable_options" selector="seccomp"/>
    <refine-value idref="xccdf_org.ssgproject.content_value_var_mds_options" selector="full_nosmt"/>
    <refine-value idref="xccdf_org.ssgproject.content_value_var_rng_core_default_quality" selector="500"/>
    <refine-value idref="xccdf_org.ssgproject.content_value_var_sudo_dedicated_group" selector="root"/>
    <refine-value idref="xccdf_org.ssgproject.content_value_var_selinux_state" selector="enforcing"/>
    <refine-value idref="xccdf_org.ssgproject.content_value_var_accounts_user_umask" selector="077"/>
    <refine-value idref="xccdf_org.ssgproject.content_value_var_selinuxuser_execheap" selector="off"/>
    <refine-value idref="xccdf_org.ssgproject.content_value_var_deny_execmem" selector="on"/>
    <refine-value idref="xccdf_org.ssgproject.content_value_var_selinuxuser_execstack" selector="off"/>
    <refine-value idref="xccdf_org.ssgproject.content_value_var_secure_mode_insmod" selector="on"/>
    <refine-value idref="xccdf_org.ssgproject.content_value_var_selinux_policy_name" selector="targeted"/>
    <refine-value idref="xccdf_org.ssgproject.content_value_var_multiple_time_servers" selector="suse"/>
    <refine-value idref="xccdf_org.ssgproject.content_value_var_multiple_time_pools" selector="suse"/>
  </Profile>
  <Profile id="xccdf_org.ssgproject.content_profile_anssi_bp28_intermediary">
    <title xmlns:xhtml="http://www.w3.org/1999/xhtml" xml:lang="en-US" override="true">ANSSI-BP-028 (intermediary)</title>
    <description xmlns:xhtml="http://www.w3.org/1999/xhtml" xml:lang="en-US" override="true">This profile contains configurations that align to ANSSI-BP-028 v2.0 at the intermediary hardening level.

ANSSI is the French National Information Security Agency, and stands for Agence nationale de la sécurité des systèmes d'information.
ANSSI-BP-028 is a configuration recommendation for GNU/Linux systems.

A copy of the ANSSI-BP-028 can be found at the ANSSI website:
https://www.ssi.gouv.fr/administration/guide/recommandations-de-securite-relatives-a-un-systeme-gnulinux/

Only the components strictly necessary to the service provided by the system should be installed.
Those whose presence can not be justified should be disabled, removed or deleted.
Performing a minimal install is a good starting point, but doesn't provide any assurance
over any package installed later.
Manual review is required to assess if the installed services are minimal.</description>
    <select idref="xccdf_org.ssgproject.content_rule_accounts_password_minlen_login_defs" selected="true"/>
    <select idref="xccdf_org.ssgproject.content_rule_accounts_password_pam_pwhistory_remember" selected="true"/>
    <select idref="xccdf_org.ssgproject.content_rule_accounts_password_set_max_life_root" selected="true"/>
    <select idref="xccdf_org.ssgproject.content_rule_accounts_passwords_pam_tally2" selected="true"/>
    <select idref="xccdf_org.ssgproject.content_rule_accounts_passwords_pam_tally2_deny_root" selected="true"/>
    <select idref="xccdf_org.ssgproject.content_rule_accounts_passwords_pam_tally2_unlock_time" selected="true"/>
    <select idref="xccdf_org.ssgproject.content_rule_accounts_polyinstantiated_tmp" selected="true"/>
    <select idref="xccdf_org.ssgproject.content_rule_accounts_polyinstantiated_var_tmp" selected="true"/>
    <select idref="xccdf_org.ssgproject.content_rule_accounts_tmout" selected="true"/>
    <select idref="xccdf_org.ssgproject.content_rule_accounts_user_dot_group_ownership" selected="true"/>
    <select idref="xccdf_org.ssgproject.content_rule_accounts_user_dot_user_ownership" selected="true"/>
    <select idref="xccdf_org.ssgproject.content_rule_accounts_users_home_files_groupownership" selected="true"/>
    <select idref="xccdf_org.ssgproject.content_rule_accounts_users_home_files_ownership" selected="true"/>
    <select idref="xccdf_org.ssgproject.content_rule_accounts_users_home_files_permissions" selected="true"/>
    <select idref="xccdf_org.ssgproject.content_rule_aide_build_database" selected="true"/>
    <select idref="xccdf_org.ssgproject.content_rule_audit_rules_privileged_commands_sudo" selected="true"/>
    <select idref="xccdf_org.ssgproject.content_rule_cracklib_accounts_password_pam_dcredit" selected="true"/>
    <select idref="xccdf_org.ssgproject.content_rule_cracklib_accounts_password_pam_lcredit" selected="true"/>
    <select idref="xccdf_org.ssgproject.content_rule_cracklib_accounts_password_pam_minlen" selected="true"/>
    <select idref="xccdf_org.ssgproject.content_rule_cracklib_accounts_password_pam_ocredit" selected="true"/>
    <select idref="xccdf_org.ssgproject.content_rule_cracklib_accounts_password_pam_ucredit" selected="true"/>
    <select idref="xccdf_org.ssgproject.content_rule_dir_perms_world_writable_root_owned" selected="true"/>
    <select idref="xccdf_org.ssgproject.content_rule_dir_perms_world_writable_sticky_bits" selected="true"/>
    <select idref="xccdf_org.ssgproject.content_rule_dir_system_commands_group_root_owned" selected="true"/>
    <select idref="xccdf_org.ssgproject.content_rule_dir_system_commands_root_owned" selected="true"/>
    <select idref="xccdf_org.ssgproject.content_rule_directory_groupowner_etc_ipsecd" selected="true"/>
    <select idref="xccdf_org.ssgproject.content_rule_directory_groupowner_etc_iptables" selected="true"/>
    <select idref="xccdf_org.ssgproject.content_rule_directory_groupowner_etc_nftables" selected="true"/>
    <select idref="xccdf_org.ssgproject.content_rule_directory_groupowner_etc_selinux" selected="true"/>
    <select idref="xccdf_org.ssgproject.content_rule_directory_groupowner_etc_sudoersd" selected="true"/>
    <select idref="xccdf_org.ssgproject.content_rule_directory_groupowner_etc_sysctld" selected="true"/>
    <select idref="xccdf_org.ssgproject.content_rule_directory_owner_etc_ipsecd" selected="true"/>
    <select idref="xccdf_org.ssgproject.content_rule_directory_owner_etc_iptables" selected="true"/>
    <select idref="xccdf_org.ssgproject.content_rule_directory_owner_etc_nftables" selected="true"/>
    <select idref="xccdf_org.ssgproject.content_rule_directory_owner_etc_selinux" selected="true"/>
    <select idref="xccdf_org.ssgproject.content_rule_directory_owner_etc_sudoersd" selected="true"/>
    <select idref="xccdf_org.ssgproject.content_rule_directory_owner_etc_sysctld" selected="true"/>
    <select idref="xccdf_org.ssgproject.content_rule_directory_permissions_etc_ipsecd" selected="true"/>
    <select idref="xccdf_org.ssgproject.content_rule_directory_permissions_etc_iptables" selected="true"/>
    <select idref="xccdf_org.ssgproject.content_rule_directory_permissions_etc_nftables" selected="true"/>
    <select idref="xccdf_org.ssgproject.content_rule_directory_permissions_etc_selinux" selected="true"/>
    <select idref="xccdf_org.ssgproject.content_rule_directory_permissions_etc_sudoersd" selected="true"/>
    <select idref="xccdf_org.ssgproject.content_rule_directory_permissions_etc_sysctld" selected="true"/>
    <select idref="xccdf_org.ssgproject.content_rule_enable_pam_namespace" selected="true"/>
    <select idref="xccdf_org.ssgproject.content_rule_ensure_gpgcheck_globally_activated" selected="true"/>
    <select idref="xccdf_org.ssgproject.content_rule_ensure_gpgcheck_local_packages" selected="true"/>
    <select idref="xccdf_org.ssgproject.content_rule_ensure_gpgcheck_never_disabled" selected="true"/>
    <select idref="xccdf_org.ssgproject.content_rule_file_groupowner_etc_crypttab" selected="true"/>
    <select idref="xccdf_org.ssgproject.content_rule_file_groupowner_etc_group" selected="true"/>
    <select idref="xccdf_org.ssgproject.content_rule_file_groupowner_etc_gshadow" selected="true"/>
    <select idref="xccdf_org.ssgproject.content_rule_file_groupowner_etc_ipsec_conf" selected="true"/>
    <select idref="xccdf_org.ssgproject.content_rule_file_groupowner_etc_ipsec_secrets" selected="true"/>
    <select idref="xccdf_org.ssgproject.content_rule_file_groupowner_etc_passwd" selected="true"/>
    <select idref="xccdf_org.ssgproject.content_rule_file_groupowner_etc_sestatus_conf" selected="true"/>
    <select idref="xccdf_org.ssgproject.content_rule_file_groupowner_etc_shadow" selected="true"/>
    <select idref="xccdf_org.ssgproject.content_rule_file_groupowner_etc_shells" selected="true"/>
    <select idref="xccdf_org.ssgproject.content_rule_file_groupowner_etc_sudoers" selected="true"/>
    <select idref="xccdf_org.ssgproject.content_rule_file_groupowner_sshd_config" selected="true"/>
    <select idref="xccdf_org.ssgproject.content_rule_file_groupownership_sshd_private_key" selected="true"/>
    <select idref="xccdf_org.ssgproject.content_rule_file_groupownership_sshd_pub_key" selected="true"/>
    <select idref="xccdf_org.ssgproject.content_rule_file_groupownership_system_commands_dirs" selected="true"/>
    <select idref="xccdf_org.ssgproject.content_rule_file_owner_etc_chrony_keys" selected="true"/>
    <select idref="xccdf_org.ssgproject.content_rule_file_owner_etc_crypttab" selected="true"/>
    <select idref="xccdf_org.ssgproject.content_rule_file_owner_etc_group" selected="true"/>
    <select idref="xccdf_org.ssgproject.content_rule_file_owner_etc_gshadow" selected="true"/>
    <select idref="xccdf_org.ssgproject.content_rule_file_owner_etc_ipsec_conf" selected="true"/>
    <select idref="xccdf_org.ssgproject.content_rule_file_owner_etc_ipsec_secrets" selected="true"/>
    <select idref="xccdf_org.ssgproject.content_rule_file_owner_etc_passwd" selected="true"/>
    <select idref="xccdf_org.ssgproject.content_rule_file_owner_etc_sestatus_conf" selected="true"/>
    <select idref="xccdf_org.ssgproject.content_rule_file_owner_etc_shadow" selected="true"/>
    <select idref="xccdf_org.ssgproject.content_rule_file_owner_etc_shells" selected="true"/>
    <select idref="xccdf_org.ssgproject.content_rule_file_owner_etc_sudoers" selected="true"/>
    <select idref="xccdf_org.ssgproject.content_rule_file_owner_sshd_config" selected="true"/>
    <select idref="xccdf_org.ssgproject.content_rule_file_ownership_binary_dirs" selected="true"/>
    <select idref="xccdf_org.ssgproject.content_rule_file_ownership_sshd_private_key" selected="true"/>
    <select idref="xccdf_org.ssgproject.content_rule_file_ownership_sshd_pub_key" selected="true"/>
    <select idref="xccdf_org.ssgproject.content_rule_file_permission_user_init_files" selected="true"/>
    <select idref="xccdf_org.ssgproject.content_rule_file_permissions_binary_dirs" selected="true"/>
    <select idref="xccdf_org.ssgproject.content_rule_file_permissions_etc_chrony_keys" selected="true"/>
    <select idref="xccdf_org.ssgproject.content_rule_file_permissions_etc_crypttab" selected="true"/>
    <select idref="xccdf_org.ssgproject.content_rule_file_permissions_etc_group" selected="true"/>
    <select idref="xccdf_org.ssgproject.content_rule_file_permissions_etc_gshadow" selected="true"/>
    <select idref="xccdf_org.ssgproject.content_rule_file_permissions_etc_ipsec_conf" selected="true"/>
    <select idref="xccdf_org.ssgproject.content_rule_file_permissions_etc_ipsec_secrets" selected="true"/>
    <select idref="xccdf_org.ssgproject.content_rule_file_permissions_etc_passwd" selected="true"/>
    <select idref="xccdf_org.ssgproject.content_rule_file_permissions_etc_sestatus_conf" selected="true"/>
    <select idref="xccdf_org.ssgproject.content_rule_file_permissions_etc_shadow" selected="true"/>
    <select idref="xccdf_org.ssgproject.content_rule_file_permissions_etc_shells" selected="true"/>
    <select idref="xccdf_org.ssgproject.content_rule_file_permissions_etc_sudoers" selected="true"/>
    <select idref="xccdf_org.ssgproject.content_rule_file_permissions_sshd_config" selected="true"/>
    <select idref="xccdf_org.ssgproject.content_rule_file_permissions_sshd_private_key" selected="true"/>
    <select idref="xccdf_org.ssgproject.content_rule_file_permissions_sshd_pub_key" selected="true"/>
    <select idref="xccdf_org.ssgproject.content_rule_file_permissions_unauthorized_sgid" selected="true"/>
    <select idref="xccdf_org.ssgproject.content_rule_file_permissions_unauthorized_suid" selected="true"/>
    <select idref="xccdf_org.ssgproject.content_rule_file_permissions_unauthorized_world_writable" selected="true"/>
    <select idref="xccdf_org.ssgproject.content_rule_file_permissions_ungroupowned" selected="true"/>
    <select idref="xccdf_org.ssgproject.content_rule_grub2_l1tf_argument" selected="true"/>
    <select idref="xccdf_org.ssgproject.content_rule_grub2_mce_argument" selected="true"/>
    <select idref="xccdf_org.ssgproject.content_rule_grub2_password" selected="true"/>
    <select idref="xccdf_org.ssgproject.content_rule_grub2_rng_core_default_quality_argument" selected="true"/>
    <select idref="xccdf_org.ssgproject.content_rule_grub2_slab_nomerge_argument" selected="true"/>
    <select idref="xccdf_org.ssgproject.content_rule_grub2_spec_store_bypass_disable_argument" selected="true"/>
    <select idref="xccdf_org.ssgproject.content_rule_grub2_spectre_v2_argument" selected="true"/>
    <select idref="xccdf_org.ssgproject.content_rule_grub2_uefi_password" selected="true"/>
    <select idref="xccdf_org.ssgproject.content_rule_mount_option_boot_noexec" selected="true"/>
    <select idref="xccdf_org.ssgproject.content_rule_mount_option_boot_nosuid" selected="true"/>
    <select idref="xccdf_org.ssgproject.content_rule_mount_option_home_noexec" selected="true"/>
    <select idref="xccdf_org.ssgproject.content_rule_mount_option_home_nosuid" selected="true"/>
    <select idref="xccdf_org.ssgproject.content_rule_mount_option_nodev_nonroot_local_partitions" selected="true"/>
    <select idref="xccdf_org.ssgproject.content_rule_mount_option_opt_nosuid" selected="true"/>
    <select idref="xccdf_org.ssgproject.content_rule_mount_option_srv_nosuid" selected="true"/>
    <select idref="xccdf_org.ssgproject.content_rule_mount_option_tmp_noexec" selected="true"/>
    <select idref="xccdf_org.ssgproject.content_rule_mount_option_tmp_nosuid" selected="true"/>
    <select idref="xccdf_org.ssgproject.content_rule_mount_option_var_log_noexec" selected="true"/>
    <select idref="xccdf_org.ssgproject.content_rule_mount_option_var_log_nosuid" selected="true"/>
    <select idref="xccdf_org.ssgproject.content_rule_mount_option_var_noexec" selected="true"/>
    <select idref="xccdf_org.ssgproject.content_rule_mount_option_var_nosuid" selected="true"/>
    <select idref="xccdf_org.ssgproject.content_rule_mount_option_var_tmp_noexec" selected="true"/>
    <select idref="xccdf_org.ssgproject.content_rule_mount_option_var_tmp_nosuid" selected="true"/>
    <select idref="xccdf_org.ssgproject.content_rule_no_direct_root_logins" selected="true"/>
    <select idref="xccdf_org.ssgproject.content_rule_no_files_unowned_by_user" selected="true"/>
    <select idref="xccdf_org.ssgproject.content_rule_package_aide_installed" selected="true"/>
    <select idref="xccdf_org.ssgproject.content_rule_package_audit_installed" selected="true"/>
    <select idref="xccdf_org.ssgproject.content_rule_package_dhcp_removed" selected="true"/>
    <select idref="xccdf_org.ssgproject.content_rule_package_rsh-server_removed" selected="true"/>
    <select idref="xccdf_org.ssgproject.content_rule_package_rsh_removed" selected="true"/>
    <select idref="xccdf_org.ssgproject.content_rule_package_sendmail_removed" selected="true"/>
    <select idref="xccdf_org.ssgproject.content_rule_package_sssd_installed" selected="true"/>
    <select idref="xccdf_org.ssgproject.content_rule_package_sudo_installed" selected="true"/>
    <select idref="xccdf_org.ssgproject.content_rule_package_talk-server_removed" selected="true"/>
    <select idref="xccdf_org.ssgproject.content_rule_package_talk_removed" selected="true"/>
    <select idref="xccdf_org.ssgproject.content_rule_package_telnet-server_removed" selected="true"/>
    <select idref="xccdf_org.ssgproject.content_rule_package_telnet_removed" selected="true"/>
    <select idref="xccdf_org.ssgproject.content_rule_package_tftp-server_removed" selected="true"/>
    <select idref="xccdf_org.ssgproject.content_rule_package_tftp_removed" selected="true"/>
    <select idref="xccdf_org.ssgproject.content_rule_package_xinetd_removed" selected="true"/>
    <select idref="xccdf_org.ssgproject.content_rule_package_ypbind_removed" selected="true"/>
    <select idref="xccdf_org.ssgproject.content_rule_package_ypserv_removed" selected="true"/>
    <select idref="xccdf_org.ssgproject.content_rule_partition_for_boot" selected="true"/>
    <select idref="xccdf_org.ssgproject.content_rule_partition_for_home" selected="true"/>
    <select idref="xccdf_org.ssgproject.content_rule_partition_for_opt" selected="true"/>
    <select idref="xccdf_org.ssgproject.content_rule_partition_for_srv" selected="true"/>
    <select idref="xccdf_org.ssgproject.content_rule_partition_for_usr" selected="true"/>
    <select idref="xccdf_org.ssgproject.content_rule_partition_for_var" selected="true"/>
    <select idref="xccdf_org.ssgproject.content_rule_partition_for_var_log" selected="true"/>
    <select idref="xccdf_org.ssgproject.content_rule_partition_for_var_tmp" selected="true"/>
    <select idref="xccdf_org.ssgproject.content_rule_postfix_client_configure_mail_alias" selected="true"/>
    <select idref="xccdf_org.ssgproject.content_rule_postfix_network_listening_disabled" selected="true"/>
    <select idref="xccdf_org.ssgproject.content_rule_sebool_polyinstantiation_enabled" selected="true"/>
    <select idref="xccdf_org.ssgproject.content_rule_security_patches_up_to_date" selected="true"/>
    <select idref="xccdf_org.ssgproject.content_rule_selinux_state" selected="true"/>
    <select idref="xccdf_org.ssgproject.content_rule_service_auditd_enabled" selected="true"/>
    <select idref="xccdf_org.ssgproject.content_rule_service_sssd_enabled" selected="true"/>
    <select idref="xccdf_org.ssgproject.content_rule_set_password_hashing_algorithm_systemauth" selected="true"/>
    <select idref="xccdf_org.ssgproject.content_rule_set_password_hashing_min_rounds_logindefs" selected="true"/>
    <select idref="xccdf_org.ssgproject.content_rule_sshd_disable_root_login" selected="true"/>
    <select idref="xccdf_org.ssgproject.content_rule_sssd_enable_pam_services" selected="true"/>
    <select idref="xccdf_org.ssgproject.content_rule_sssd_ldap_configure_tls_reqcert" selected="true"/>
    <select idref="xccdf_org.ssgproject.content_rule_sssd_ldap_start_tls" selected="true"/>
    <select idref="xccdf_org.ssgproject.content_rule_sudo_add_env_reset" selected="true"/>
    <select idref="xccdf_org.ssgproject.content_rule_sudo_add_ignore_dot" selected="true"/>
    <select idref="xccdf_org.ssgproject.content_rule_sudo_add_noexec" selected="true"/>
    <select idref="xccdf_org.ssgproject.content_rule_sudo_add_requiretty" selected="true"/>
    <select idref="xccdf_org.ssgproject.content_rule_sudo_add_umask" selected="true"/>
    <select idref="xccdf_org.ssgproject.content_rule_sudo_add_use_pty" selected="true"/>
    <select idref="xccdf_org.ssgproject.content_rule_sudoers_explicit_command_args" selected="true"/>
    <select idref="xccdf_org.ssgproject.content_rule_sudoers_no_command_negation" selected="true"/>
    <select idref="xccdf_org.ssgproject.content_rule_sudoers_no_root_target" selected="true"/>
    <select idref="xccdf_org.ssgproject.content_rule_sysctl_fs_protected_hardlinks" selected="true"/>
    <select idref="xccdf_org.ssgproject.content_rule_sysctl_fs_protected_symlinks" selected="true"/>
    <select idref="xccdf_org.ssgproject.content_rule_sysctl_fs_suid_dumpable" selected="true"/>
    <select idref="xccdf_org.ssgproject.content_rule_sysctl_kernel_dmesg_restrict" selected="true"/>
    <select idref="xccdf_org.ssgproject.content_rule_sysctl_kernel_kptr_restrict" selected="true"/>
    <select idref="xccdf_org.ssgproject.content_rule_sysctl_kernel_panic_on_oops" selected="true"/>
    <select idref="xccdf_org.ssgproject.content_rule_sysctl_kernel_perf_cpu_time_max_percent" selected="true"/>
    <select idref="xccdf_org.ssgproject.content_rule_sysctl_kernel_perf_event_max_sample_rate" selected="true"/>
    <select idref="xccdf_org.ssgproject.content_rule_sysctl_kernel_perf_event_paranoid" selected="true"/>
    <select idref="xccdf_org.ssgproject.content_rule_sysctl_kernel_pid_max" selected="true"/>
    <select idref="xccdf_org.ssgproject.content_rule_sysctl_kernel_randomize_va_space" selected="true"/>
    <select idref="xccdf_org.ssgproject.content_rule_sysctl_kernel_sysrq" selected="true"/>
    <select idref="xccdf_org.ssgproject.content_rule_sysctl_net_ipv4_conf_all_accept_local" selected="true"/>
    <select idref="xccdf_org.ssgproject.content_rule_sysctl_net_ipv4_conf_all_accept_redirects" selected="true"/>
    <select idref="xccdf_org.ssgproject.content_rule_sysctl_net_ipv4_conf_all_accept_source_route" selected="true"/>
    <select idref="xccdf_org.ssgproject.content_rule_sysctl_net_ipv4_conf_all_arp_filter" selected="true"/>
    <select idref="xccdf_org.ssgproject.content_rule_sysctl_net_ipv4_conf_all_arp_ignore" selected="true"/>
    <select idref="xccdf_org.ssgproject.content_rule_sysctl_net_ipv4_conf_all_route_localnet" selected="true"/>
    <select idref="xccdf_org.ssgproject.content_rule_sysctl_net_ipv4_conf_all_rp_filter" selected="true"/>
    <select idref="xccdf_org.ssgproject.content_rule_sysctl_net_ipv4_conf_all_secure_redirects" selected="true"/>
    <select idref="xccdf_org.ssgproject.content_rule_sysctl_net_ipv4_conf_all_send_redirects" selected="true"/>
    <select idref="xccdf_org.ssgproject.content_rule_sysctl_net_ipv4_conf_all_shared_media" selected="true"/>
    <select idref="xccdf_org.ssgproject.content_rule_sysctl_net_ipv4_conf_default_accept_redirects" selected="true"/>
    <select idref="xccdf_org.ssgproject.content_rule_sysctl_net_ipv4_conf_default_accept_source_route" selected="true"/>
    <select idref="xccdf_org.ssgproject.content_rule_sysctl_net_ipv4_conf_default_rp_filter" selected="true"/>
    <select idref="xccdf_org.ssgproject.content_rule_sysctl_net_ipv4_conf_default_secure_redirects" selected="true"/>
    <select idref="xccdf_org.ssgproject.content_rule_sysctl_net_ipv4_conf_default_send_redirects" selected="true"/>
    <select idref="xccdf_org.ssgproject.content_rule_sysctl_net_ipv4_conf_default_shared_media" selected="true"/>
    <select idref="xccdf_org.ssgproject.content_rule_sysctl_net_ipv4_icmp_ignore_bogus_error_responses" selected="true"/>
    <select idref="xccdf_org.ssgproject.content_rule_sysctl_net_ipv4_ip_forward" selected="true"/>
    <select idref="xccdf_org.ssgproject.content_rule_sysctl_net_ipv4_ip_local_port_range" selected="true"/>
    <select idref="xccdf_org.ssgproject.content_rule_sysctl_net_ipv4_tcp_rfc1337" selected="true"/>
    <select idref="xccdf_org.ssgproject.content_rule_sysctl_net_ipv4_tcp_syncookies" selected="true"/>
    <select idref="xccdf_org.ssgproject.content_rule_sysctl_net_ipv6_conf_all_accept_ra_defrtr" selected="true"/>
    <select idref="xccdf_org.ssgproject.content_rule_sysctl_net_ipv6_conf_all_accept_ra_pinfo" selected="true"/>
    <select idref="xccdf_org.ssgproject.content_rule_sysctl_net_ipv6_conf_all_accept_ra_rtr_pref" selected="true"/>
    <select idref="xccdf_org.ssgproject.content_rule_sysctl_net_ipv6_conf_all_accept_redirects" selected="true"/>
    <select idref="xccdf_org.ssgproject.content_rule_sysctl_net_ipv6_conf_all_accept_source_route" selected="true"/>
    <select idref="xccdf_org.ssgproject.content_rule_sysctl_net_ipv6_conf_all_max_addresses" selected="true"/>
    <select idref="xccdf_org.ssgproject.content_rule_sysctl_net_ipv6_conf_all_router_solicitations" selected="true"/>
    <select idref="xccdf_org.ssgproject.content_rule_sysctl_net_ipv6_conf_default_accept_ra_defrtr" selected="true"/>
    <select idref="xccdf_org.ssgproject.content_rule_sysctl_net_ipv6_conf_default_accept_ra_pinfo" selected="true"/>
    <select idref="xccdf_org.ssgproject.content_rule_sysctl_net_ipv6_conf_default_accept_ra_rtr_pref" selected="true"/>
    <select idref="xccdf_org.ssgproject.content_rule_sysctl_net_ipv6_conf_default_accept_redirects" selected="true"/>
    <select idref="xccdf_org.ssgproject.content_rule_sysctl_net_ipv6_conf_default_accept_source_route" selected="true"/>
    <select idref="xccdf_org.ssgproject.content_rule_sysctl_net_ipv6_conf_default_autoconf" selected="true"/>
    <select idref="xccdf_org.ssgproject.content_rule_sysctl_net_ipv6_conf_default_max_addresses" selected="true"/>
    <select idref="xccdf_org.ssgproject.content_rule_sysctl_net_ipv6_conf_default_router_solicitations" selected="true"/>
    <select idref="xccdf_org.ssgproject.content_rule_sysctl_vm_mmap_min_addr" selected="true"/>
    <select idref="xccdf_org.ssgproject.content_rule_systemd_tmp_mount_enabled" selected="true"/>
    <select idref="xccdf_org.ssgproject.content_group_account_expiration" selected="false"/>
    <select idref="xccdf_org.ssgproject.content_group_accounts-banners" selected="false"/>
    <select idref="xccdf_org.ssgproject.content_group_accounts-physical" selected="false"/>
    <select idref="xccdf_org.ssgproject.content_group_apparmor" selected="false"/>
    <select idref="xccdf_org.ssgproject.content_group_audit_dac_actions" selected="false"/>
    <select idref="xccdf_org.ssgproject.content_group_audit_execution_acl_commands" selected="false"/>
    <select idref="xccdf_org.ssgproject.content_group_audit_execution_selinux_commands" selected="false"/>
    <select idref="xccdf_org.ssgproject.content_group_audit_file_deletion_events" selected="false"/>
    <select idref="xccdf_org.ssgproject.content_group_audit_file_modification" selected="false"/>
    <select idref="xccdf_org.ssgproject.content_group_audit_kernel_module_loading" selected="false"/>
    <select idref="xccdf_org.ssgproject.content_group_audit_login_events" selected="false"/>
    <select idref="xccdf_org.ssgproject.content_group_audit_time_rules" selected="false"/>
    <select idref="xccdf_org.ssgproject.content_group_avahi" selected="false"/>
    <select idref="xccdf_org.ssgproject.content_group_avahi_configuration" selected="false"/>
    <select idref="xccdf_org.ssgproject.content_group_base" selected="false"/>
    <select idref="xccdf_org.ssgproject.content_group_certified-vendor" selected="false"/>
    <select idref="xccdf_org.ssgproject.content_group_configure_auditd_data_retention" selected="false"/>
    <select idref="xccdf_org.ssgproject.content_group_console_screen_locking" selected="false"/>
    <select idref="xccdf_org.ssgproject.content_group_cron_and_at" selected="false"/>
    <select idref="xccdf_org.ssgproject.content_group_crypto" selected="false"/>
    <select idref="xccdf_org.ssgproject.content_group_deprecated" selected="false"/>
    <select idref="xccdf_org.ssgproject.content_group_dhcp_client_configuration" selected="false"/>
    <select idref="xccdf_org.ssgproject.content_group_dhcp_server_configuration" selected="false"/>
    <select idref="xccdf_org.ssgproject.content_group_disable_avahi_group" selected="false"/>
    <select idref="xccdf_org.ssgproject.content_group_disabling_cyrus-imapd" selected="false"/>
    <select idref="xccdf_org.ssgproject.content_group_disabling_dhcp_client" selected="false"/>
    <select idref="xccdf_org.ssgproject.content_group_disabling_dns_server" selected="false"/>
    <select idref="xccdf_org.ssgproject.content_group_disabling_dovecot" selected="false"/>
    <select idref="xccdf_org.ssgproject.content_group_disabling_httpd" selected="false"/>
    <select idref="xccdf_org.ssgproject.content_group_disabling_ipv6" selected="false"/>
    <select idref="xccdf_org.ssgproject.content_group_disabling_netfs" selected="false"/>
    <select idref="xccdf_org.ssgproject.content_group_disabling_nfs" selected="false"/>
    <select idref="xccdf_org.ssgproject.content_group_disabling_nfs_services" selected="false"/>
    <select idref="xccdf_org.ssgproject.content_group_disabling_nfsd" selected="false"/>
    <select idref="xccdf_org.ssgproject.content_group_disabling_quagga" selected="false"/>
    <select idref="xccdf_org.ssgproject.content_group_disabling_samba" selected="false"/>
    <select idref="xccdf_org.ssgproject.content_group_disabling_snmp_service" selected="false"/>
    <select idref="xccdf_org.ssgproject.content_group_disabling_squid" selected="false"/>
    <select idref="xccdf_org.ssgproject.content_group_disabling_vsftpd" selected="false"/>
    <select idref="xccdf_org.ssgproject.content_group_disabling_xwindows" selected="false"/>
    <select idref="xccdf_org.ssgproject.content_group_dns" selected="false"/>
    <select idref="xccdf_org.ssgproject.content_group_enable_nx" selected="false"/>
    <select idref="xccdf_org.ssgproject.content_group_endpoint_security_software" selected="false"/>
    <select idref="xccdf_org.ssgproject.content_group_ensure_rsyslog_log_file_configuration" selected="false"/>
    <select idref="xccdf_org.ssgproject.content_group_entropy" selected="false"/>
    <select idref="xccdf_org.ssgproject.content_group_fapolicyd" selected="false"/>
    <select idref="xccdf_org.ssgproject.content_group_file_permissions_auditd" selected="false"/>
    <select idref="xccdf_org.ssgproject.content_group_fips" selected="false"/>
    <select idref="xccdf_org.ssgproject.content_group_firewalld_activation" selected="false"/>
    <select idref="xccdf_org.ssgproject.content_group_firewalld_deactivation" selected="false"/>
    <select idref="xccdf_org.ssgproject.content_group_ftp" selected="false"/>
    <select idref="xccdf_org.ssgproject.content_group_ftp_configure_vsftpd" selected="false"/>
    <select idref="xccdf_org.ssgproject.content_group_ftp_restrict_users" selected="false"/>
    <select idref="xccdf_org.ssgproject.content_group_gnome" selected="false"/>
    <select idref="xccdf_org.ssgproject.content_group_gnome_login_screen" selected="false"/>
    <select idref="xccdf_org.ssgproject.content_group_gnome_media_settings" selected="false"/>
    <select idref="xccdf_org.ssgproject.content_group_gnome_remote_access_settings" selected="false"/>
    <select idref="xccdf_org.ssgproject.content_group_gnome_screen_locking" selected="false"/>
    <select idref="xccdf_org.ssgproject.content_group_gui_login_banner" selected="false"/>
    <select idref="xccdf_org.ssgproject.content_group_http" selected="false"/>
    <select idref="xccdf_org.ssgproject.content_group_imap" selected="false"/>
    <select idref="xccdf_org.ssgproject.content_group_iptables_activation" selected="false"/>
    <select idref="xccdf_org.ssgproject.content_group_iptables_ruleset_modifications" selected="false"/>
    <select idref="xccdf_org.ssgproject.content_group_journald" selected="false"/>
    <select idref="xccdf_org.ssgproject.content_group_kernel_build_config" selected="false"/>
    <select idref="xccdf_org.ssgproject.content_group_ldap" selected="false"/>
    <select idref="xccdf_org.ssgproject.content_group_log_rotation" selected="false"/>
    <select idref="xccdf_org.ssgproject.content_group_logging" selected="false"/>
    <select idref="xccdf_org.ssgproject.content_group_mcafee_endpoint_security_software" selected="false"/>
    <select idref="xccdf_org.ssgproject.content_group_mcafee_security_software" selected="false"/>
    <select idref="xccdf_org.ssgproject.content_group_mounting" selected="false"/>
    <select idref="xccdf_org.ssgproject.content_group_mounting_remote_filesystems" selected="false"/>
    <select idref="xccdf_org.ssgproject.content_group_network-firewalld" selected="false"/>
    <select idref="xccdf_org.ssgproject.content_group_network-ufw" selected="false"/>
    <select idref="xccdf_org.ssgproject.content_group_network-uncommon" selected="false"/>
    <select idref="xccdf_org.ssgproject.content_group_network-wireless" selected="false"/>
    <select idref="xccdf_org.ssgproject.content_group_nfs_and_rpc" selected="false"/>
    <select idref="xccdf_org.ssgproject.content_group_nfs_configuring_clients" selected="false"/>
    <select idref="xccdf_org.ssgproject.content_group_nfs_configuring_servers" selected="false"/>
    <select idref="xccdf_org.ssgproject.content_group_openldap_client" selected="false"/>
    <select idref="xccdf_org.ssgproject.content_group_openldap_server" selected="false"/>
    <select idref="xccdf_org.ssgproject.content_group_password_quality_pwquality" selected="false"/>
    <select idref="xccdf_org.ssgproject.content_group_password_storage" selected="false"/>
    <select idref="xccdf_org.ssgproject.content_group_permissions_local" selected="false"/>
    <select idref="xccdf_org.ssgproject.content_group_permissions_var_log_dir" selected="false"/>
    <select idref="xccdf_org.ssgproject.content_group_poisoning" selected="false"/>
    <select idref="xccdf_org.ssgproject.content_group_printing" selected="false"/>
    <select idref="xccdf_org.ssgproject.content_group_proxy" selected="false"/>
    <select idref="xccdf_org.ssgproject.content_group_restrict_at_cron_users" selected="false"/>
    <select idref="xccdf_org.ssgproject.content_group_root_paths" selected="false"/>
    <select idref="xccdf_org.ssgproject.content_group_routing" selected="false"/>
    <select idref="xccdf_org.ssgproject.content_group_rpm_verification" selected="false"/>
    <select idref="xccdf_org.ssgproject.content_group_rsyslog_accepting_remote_messages" selected="false"/>
    <select idref="xccdf_org.ssgproject.content_group_rsyslog_sending_messages" selected="false"/>
    <select idref="xccdf_org.ssgproject.content_group_ruleset_modifications" selected="false"/>
    <select idref="xccdf_org.ssgproject.content_group_screen_locking" selected="false"/>
    <select idref="xccdf_org.ssgproject.content_group_smart_card_login" selected="false"/>
    <select idref="xccdf_org.ssgproject.content_group_smb" selected="false"/>
    <select idref="xccdf_org.ssgproject.content_group_snmp" selected="false"/>
    <select idref="xccdf_org.ssgproject.content_group_system-tools" selected="false"/>
    <select idref="xccdf_org.ssgproject.content_group_user_umask" selected="false"/>
    <select idref="xccdf_org.ssgproject.content_group_wireless_software" selected="false"/>
    <select idref="xccdf_org.ssgproject.content_group_xwindows" selected="false"/>
    <refine-value idref="xccdf_org.ssgproject.content_value_var_password_hashing_algorithm" selector="yescrypt"/>
    <refine-value idref="xccdf_org.ssgproject.content_value_var_password_hashing_algorithm_pam" selector="sha512"/>
    <refine-value idref="xccdf_org.ssgproject.content_value_var_password_pam_unix_rounds" selector="11"/>
    <refine-value idref="xccdf_org.ssgproject.content_value_var_password_pam_minclass" selector="4"/>
    <refine-value idref="xccdf_org.ssgproject.content_value_var_accounts_maximum_age_root" selector="365"/>
    <refine-value idref="xccdf_org.ssgproject.content_value_var_password_pam_minlen" selector="15"/>
    <refine-value idref="xccdf_org.ssgproject.content_value_var_accounts_password_minlen_login_defs" selector="15"/>
    <refine-value idref="xccdf_org.ssgproject.content_value_var_password_pam_ocredit" selector="1"/>
    <refine-value idref="xccdf_org.ssgproject.content_value_var_password_pam_dcredit" selector="1"/>
    <refine-value idref="xccdf_org.ssgproject.content_value_var_password_pam_ucredit" selector="1"/>
    <refine-value idref="xccdf_org.ssgproject.content_value_var_password_pam_lcredit" selector="1"/>
    <refine-value idref="xccdf_org.ssgproject.content_value_var_accounts_passwords_pam_faillock_fail_interval" selector="900"/>
    <refine-value idref="xccdf_org.ssgproject.content_value_var_accounts_passwords_pam_faillock_deny" selector="3"/>
    <refine-value idref="xccdf_org.ssgproject.content_value_var_password_pam_tally2" selector="5"/>
    <refine-value idref="xccdf_org.ssgproject.content_value_var_accounts_passwords_pam_tally2_unlock_time" selector="1800"/>
    <refine-value idref="xccdf_org.ssgproject.content_value_var_accounts_passwords_pam_faillock_unlock_time" selector="900"/>
    <refine-value idref="xccdf_org.ssgproject.content_value_var_password_pam_unix_remember" selector="2"/>
    <refine-value idref="xccdf_org.ssgproject.content_value_var_selinux_state" selector="enforcing"/>
    <refine-value idref="xccdf_org.ssgproject.content_value_var_polyinstantiation_enabled" selector="on"/>
    <refine-value idref="xccdf_org.ssgproject.content_value_var_sudo_umask" selector="0077"/>
    <refine-value idref="xccdf_org.ssgproject.content_value_var_logind_session_timeout" selector="10_minutes"/>
    <refine-value idref="xccdf_org.ssgproject.content_value_var_accounts_tmout" selector="10_min"/>
    <refine-value idref="xccdf_org.ssgproject.content_value_sysctl_net_ipv4_conf_all_accept_redirects_value" selector="disabled"/>
    <refine-value idref="xccdf_org.ssgproject.content_value_sysctl_net_ipv4_conf_default_accept_redirects_value" selector="disabled"/>
    <refine-value idref="xccdf_org.ssgproject.content_value_sysctl_net_ipv4_conf_all_shared_media_value" selector="disabled"/>
    <refine-value idref="xccdf_org.ssgproject.content_value_sysctl_net_ipv4_conf_default_shared_media_value" selector="disabled"/>
    <refine-value idref="xccdf_org.ssgproject.content_value_sysctl_net_ipv4_conf_all_arp_ignore_value" selector="2"/>
    <refine-value idref="xccdf_org.ssgproject.content_value_sysctl_kernel_kptr_restrict_value" selector="2"/>
    <refine-value idref="xccdf_org.ssgproject.content_value_var_l1tf_options" selector="full_force"/>
    <refine-value idref="xccdf_org.ssgproject.content_value_var_slub_debug_options" selector="FZP"/>
    <refine-value idref="xccdf_org.ssgproject.content_value_var_spec_store_bypass_disable_options" selector="seccomp"/>
    <refine-value idref="xccdf_org.ssgproject.content_value_var_mds_options" selector="full_nosmt"/>
    <refine-value idref="xccdf_org.ssgproject.content_value_var_rng_core_default_quality" selector="500"/>
    <refine-value idref="xccdf_org.ssgproject.content_value_var_multiple_time_servers" selector="suse"/>
    <refine-value idref="xccdf_org.ssgproject.content_value_var_multiple_time_pools" selector="suse"/>
    <refine-value idref="xccdf_org.ssgproject.content_value_var_sudo_dedicated_group" selector="root"/>
  </Profile>
  <Profile id="xccdf_org.ssgproject.content_profile_anssi_bp28_minimal">
    <title xmlns:xhtml="http://www.w3.org/1999/xhtml" xml:lang="en-US" override="true">ANSSI-BP-028 (minimal)</title>
    <description xmlns:xhtml="http://www.w3.org/1999/xhtml" xml:lang="en-US" override="true">This profile contains configurations that align to ANSSI-BP-028 v2.0 at the minimal hardening level.

ANSSI is the French National Information Security Agency, and stands for Agence nationale de la sécurité des systèmes d'information.
ANSSI-BP-028 is a configuration recommendation for GNU/Linux systems.

A copy of the ANSSI-BP-028 can be found at the ANSSI website:
https://www.ssi.gouv.fr/administration/guide/recommandations-de-securite-relatives-a-un-systeme-gnulinux/

Only the components strictly necessary to the service provided by the system should be installed.
Those whose presence can not be justified should be disabled, removed or deleted.
Performing a minimal install is a good starting point, but doesn't provide any assurance
over any package installed later.
Manual review is required to assess if the installed services are minimal.</description>
    <select idref="xccdf_org.ssgproject.content_rule_accounts_password_minlen_login_defs" selected="true"/>
    <select idref="xccdf_org.ssgproject.content_rule_accounts_password_pam_pwhistory_remember" selected="true"/>
    <select idref="xccdf_org.ssgproject.content_rule_accounts_password_set_max_life_root" selected="true"/>
    <select idref="xccdf_org.ssgproject.content_rule_accounts_passwords_pam_tally2" selected="true"/>
    <select idref="xccdf_org.ssgproject.content_rule_accounts_passwords_pam_tally2_deny_root" selected="true"/>
    <select idref="xccdf_org.ssgproject.content_rule_accounts_passwords_pam_tally2_unlock_time" selected="true"/>
    <select idref="xccdf_org.ssgproject.content_rule_cracklib_accounts_password_pam_dcredit" selected="true"/>
    <select idref="xccdf_org.ssgproject.content_rule_cracklib_accounts_password_pam_lcredit" selected="true"/>
    <select idref="xccdf_org.ssgproject.content_rule_cracklib_accounts_password_pam_minlen" selected="true"/>
    <select idref="xccdf_org.ssgproject.content_rule_cracklib_accounts_password_pam_ocredit" selected="true"/>
    <select idref="xccdf_org.ssgproject.content_rule_cracklib_accounts_password_pam_ucredit" selected="true"/>
    <select idref="xccdf_org.ssgproject.content_rule_dir_perms_world_writable_root_owned" selected="true"/>
    <select idref="xccdf_org.ssgproject.content_rule_dir_perms_world_writable_sticky_bits" selected="true"/>
    <select idref="xccdf_org.ssgproject.content_rule_ensure_gpgcheck_globally_activated" selected="true"/>
    <select idref="xccdf_org.ssgproject.content_rule_ensure_gpgcheck_local_packages" selected="true"/>
    <select idref="xccdf_org.ssgproject.content_rule_ensure_gpgcheck_never_disabled" selected="true"/>
    <select idref="xccdf_org.ssgproject.content_rule_file_permissions_unauthorized_sgid" selected="true"/>
    <select idref="xccdf_org.ssgproject.content_rule_file_permissions_unauthorized_suid" selected="true"/>
    <select idref="xccdf_org.ssgproject.content_rule_file_permissions_unauthorized_world_writable" selected="true"/>
    <select idref="xccdf_org.ssgproject.content_rule_file_permissions_ungroupowned" selected="true"/>
    <select idref="xccdf_org.ssgproject.content_rule_no_files_unowned_by_user" selected="true"/>
    <select idref="xccdf_org.ssgproject.content_rule_package_dhcp_removed" selected="true"/>
    <select idref="xccdf_org.ssgproject.content_rule_package_rsh-server_removed" selected="true"/>
    <select idref="xccdf_org.ssgproject.content_rule_package_rsh_removed" selected="true"/>
    <select idref="xccdf_org.ssgproject.content_rule_package_sendmail_removed" selected="true"/>
    <select idref="xccdf_org.ssgproject.content_rule_package_talk-server_removed" selected="true"/>
    <select idref="xccdf_org.ssgproject.content_rule_package_talk_removed" selected="true"/>
    <select idref="xccdf_org.ssgproject.content_rule_package_telnet-server_removed" selected="true"/>
    <select idref="xccdf_org.ssgproject.content_rule_package_telnet_removed" selected="true"/>
    <select idref="xccdf_org.ssgproject.content_rule_package_tftp-server_removed" selected="true"/>
    <select idref="xccdf_org.ssgproject.content_rule_package_tftp_removed" selected="true"/>
    <select idref="xccdf_org.ssgproject.content_rule_package_xinetd_removed" selected="true"/>
    <select idref="xccdf_org.ssgproject.content_rule_package_ypbind_removed" selected="true"/>
    <select idref="xccdf_org.ssgproject.content_rule_package_ypserv_removed" selected="true"/>
    <select idref="xccdf_org.ssgproject.content_rule_security_patches_up_to_date" selected="true"/>
    <select idref="xccdf_org.ssgproject.content_rule_set_password_hashing_algorithm_systemauth" selected="true"/>
    <select idref="xccdf_org.ssgproject.content_rule_set_password_hashing_min_rounds_logindefs" selected="true"/>
    <select idref="xccdf_org.ssgproject.content_group_account_expiration" selected="false"/>
    <select idref="xccdf_org.ssgproject.content_group_accounts-banners" selected="false"/>
    <select idref="xccdf_org.ssgproject.content_group_accounts-physical" selected="false"/>
    <select idref="xccdf_org.ssgproject.content_group_accounts-session" selected="false"/>
    <select idref="xccdf_org.ssgproject.content_group_aide" selected="false"/>
    <select idref="xccdf_org.ssgproject.content_group_apparmor" selected="false"/>
    <select idref="xccdf_org.ssgproject.content_group_audit_dac_actions" selected="false"/>
    <select idref="xccdf_org.ssgproject.content_group_audit_execution_acl_commands" selected="false"/>
    <select idref="xccdf_org.ssgproject.content_group_audit_execution_selinux_commands" selected="false"/>
    <select idref="xccdf_org.ssgproject.content_group_audit_file_deletion_events" selected="false"/>
    <select idref="xccdf_org.ssgproject.content_group_audit_file_modification" selected="false"/>
    <select idref="xccdf_org.ssgproject.content_group_audit_kernel_module_loading" selected="false"/>
    <select idref="xccdf_org.ssgproject.content_group_audit_login_events" selected="false"/>
    <select idref="xccdf_org.ssgproject.content_group_audit_privileged_commands" selected="false"/>
    <select idref="xccdf_org.ssgproject.content_group_audit_time_rules" selected="false"/>
    <select idref="xccdf_org.ssgproject.content_group_auditd_configure_rules" selected="false"/>
    <select idref="xccdf_org.ssgproject.content_group_auditing" selected="false"/>
    <select idref="xccdf_org.ssgproject.content_group_avahi" selected="false"/>
    <select idref="xccdf_org.ssgproject.content_group_avahi_configuration" selected="false"/>
    <select idref="xccdf_org.ssgproject.content_group_base" selected="false"/>
    <select idref="xccdf_org.ssgproject.content_group_bootloader-grub2" selected="false"/>
    <select idref="xccdf_org.ssgproject.content_group_certified-vendor" selected="false"/>
    <select idref="xccdf_org.ssgproject.content_group_configure_auditd_data_retention" selected="false"/>
    <select idref="xccdf_org.ssgproject.content_group_configuring_ipv6" selected="false"/>
    <select idref="xccdf_org.ssgproject.content_group_console_screen_locking" selected="false"/>
    <select idref="xccdf_org.ssgproject.content_group_coredumps" selected="false"/>
    <select idref="xccdf_org.ssgproject.content_group_cron_and_at" selected="false"/>
    <select idref="xccdf_org.ssgproject.content_group_crypto" selected="false"/>
    <select idref="xccdf_org.ssgproject.content_group_deprecated" selected="false"/>
    <select idref="xccdf_org.ssgproject.content_group_dhcp_client_configuration" selected="false"/>
    <select idref="xccdf_org.ssgproject.content_group_dhcp_server_configuration" selected="false"/>
    <select idref="xccdf_org.ssgproject.content_group_disable_avahi_group" selected="false"/>
    <select idref="xccdf_org.ssgproject.content_group_disabling_cyrus-imapd" selected="false"/>
    <select idref="xccdf_org.ssgproject.content_group_disabling_dhcp_client" selected="false"/>
    <select idref="xccdf_org.ssgproject.content_group_disabling_dns_server" selected="false"/>
    <select idref="xccdf_org.ssgproject.content_group_disabling_dovecot" selected="false"/>
    <select idref="xccdf_org.ssgproject.content_group_disabling_httpd" selected="false"/>
    <select idref="xccdf_org.ssgproject.content_group_disabling_ipv6" selected="false"/>
    <select idref="xccdf_org.ssgproject.content_group_disabling_netfs" selected="false"/>
    <select idref="xccdf_org.ssgproject.content_group_disabling_nfs" selected="false"/>
    <select idref="xccdf_org.ssgproject.content_group_disabling_nfs_services" selected="false"/>
    <select idref="xccdf_org.ssgproject.content_group_disabling_nfsd" selected="false"/>
    <select idref="xccdf_org.ssgproject.content_group_disabling_quagga" selected="false"/>
    <select idref="xccdf_org.ssgproject.content_group_disabling_samba" selected="false"/>
    <select idref="xccdf_org.ssgproject.content_group_disabling_snmp_service" selected="false"/>
    <select idref="xccdf_org.ssgproject.content_group_disabling_squid" selected="false"/>
    <select idref="xccdf_org.ssgproject.content_group_disabling_vsftpd" selected="false"/>
    <select idref="xccdf_org.ssgproject.content_group_disabling_xwindows" selected="false"/>
    <select idref="xccdf_org.ssgproject.content_group_disk_partitioning" selected="false"/>
    <select idref="xccdf_org.ssgproject.content_group_dns" selected="false"/>
    <select idref="xccdf_org.ssgproject.content_group_enable_execshield_settings" selected="false"/>
    <select idref="xccdf_org.ssgproject.content_group_enable_nx" selected="false"/>
    <select idref="xccdf_org.ssgproject.content_group_endpoint_security_software" selected="false"/>
    <select idref="xccdf_org.ssgproject.content_group_ensure_rsyslog_log_file_configuration" selected="false"/>
    <select idref="xccdf_org.ssgproject.content_group_entropy" selected="false"/>
    <select idref="xccdf_org.ssgproject.content_group_fapolicyd" selected="false"/>
    <select idref="xccdf_org.ssgproject.content_group_file_permissions_auditd" selected="false"/>
    <select idref="xccdf_org.ssgproject.content_group_fips" selected="false"/>
    <select idref="xccdf_org.ssgproject.content_group_firewalld_activation" selected="false"/>
    <select idref="xccdf_org.ssgproject.content_group_firewalld_deactivation" selected="false"/>
    <select idref="xccdf_org.ssgproject.content_group_ftp" selected="false"/>
    <select idref="xccdf_org.ssgproject.content_group_ftp_configure_vsftpd" selected="false"/>
    <select idref="xccdf_org.ssgproject.content_group_ftp_restrict_users" selected="false"/>
    <select idref="xccdf_org.ssgproject.content_group_gnome" selected="false"/>
    <select idref="xccdf_org.ssgproject.content_group_gnome_login_screen" selected="false"/>
    <select idref="xccdf_org.ssgproject.content_group_gnome_media_settings" selected="false"/>
    <select idref="xccdf_org.ssgproject.content_group_gnome_remote_access_settings" selected="false"/>
    <select idref="xccdf_org.ssgproject.content_group_gnome_screen_locking" selected="false"/>
    <select idref="xccdf_org.ssgproject.content_group_gui_login_banner" selected="false"/>
    <select idref="xccdf_org.ssgproject.content_group_http" selected="false"/>
    <select idref="xccdf_org.ssgproject.content_group_imap" selected="false"/>
    <select idref="xccdf_org.ssgproject.content_group_integrity" selected="false"/>
    <select idref="xccdf_org.ssgproject.content_group_iptables_activation" selected="false"/>
    <select idref="xccdf_org.ssgproject.content_group_iptables_ruleset_modifications" selected="false"/>
    <select idref="xccdf_org.ssgproject.content_group_journald" selected="false"/>
    <select idref="xccdf_org.ssgproject.content_group_kernel_build_config" selected="false"/>
    <select idref="xccdf_org.ssgproject.content_group_ldap" selected="false"/>
    <select idref="xccdf_org.ssgproject.content_group_log_rotation" selected="false"/>
    <select idref="xccdf_org.ssgproject.content_group_logging" selected="false"/>
    <select idref="xccdf_org.ssgproject.content_group_mcafee_endpoint_security_software" selected="false"/>
    <select idref="xccdf_org.ssgproject.content_group_mcafee_security_software" selected="false"/>
    <select idref="xccdf_org.ssgproject.content_group_mounting" selected="false"/>
    <select idref="xccdf_org.ssgproject.content_group_mounting_remote_filesystems" selected="false"/>
    <select idref="xccdf_org.ssgproject.content_group_network" selected="false"/>
    <select idref="xccdf_org.ssgproject.content_group_network-firewalld" selected="false"/>
    <select idref="xccdf_org.ssgproject.content_group_network-ipsec" selected="false"/>
    <select idref="xccdf_org.ssgproject.content_group_network-iptables" selected="false"/>
    <select idref="xccdf_org.ssgproject.content_group_network-ipv6" selected="false"/>
    <select idref="xccdf_org.ssgproject.content_group_network-kernel" selected="false"/>
    <select idref="xccdf_org.ssgproject.content_group_network-nftables" selected="false"/>
    <select idref="xccdf_org.ssgproject.content_group_network-ufw" selected="false"/>
    <select idref="xccdf_org.ssgproject.content_group_network-uncommon" selected="false"/>
    <select idref="xccdf_org.ssgproject.content_group_network-wireless" selected="false"/>
    <select idref="xccdf_org.ssgproject.content_group_network_host_and_router_parameters" selected="false"/>
    <select idref="xccdf_org.ssgproject.content_group_network_host_parameters" selected="false"/>
    <select idref="xccdf_org.ssgproject.content_group_nfs_and_rpc" selected="false"/>
    <select idref="xccdf_org.ssgproject.content_group_nfs_configuring_clients" selected="false"/>
    <select idref="xccdf_org.ssgproject.content_group_nfs_configuring_servers" selected="false"/>
    <select idref="xccdf_org.ssgproject.content_group_non-uefi" selected="false"/>
    <select idref="xccdf_org.ssgproject.content_group_ntp" selected="false"/>
    <select idref="xccdf_org.ssgproject.content_group_openldap_client" selected="false"/>
    <select idref="xccdf_org.ssgproject.content_group_openldap_server" selected="false"/>
    <select idref="xccdf_org.ssgproject.content_group_partitions" selected="false"/>
    <select idref="xccdf_org.ssgproject.content_group_password_quality_pwquality" selected="false"/>
    <select idref="xccdf_org.ssgproject.content_group_password_storage" selected="false"/>
    <select idref="xccdf_org.ssgproject.content_group_permissions_important_account_files" selected="false"/>
    <select idref="xccdf_org.ssgproject.content_group_permissions_local" selected="false"/>
    <select idref="xccdf_org.ssgproject.content_group_permissions_var_log_dir" selected="false"/>
    <select idref="xccdf_org.ssgproject.content_group_permissions_within_important_dirs" selected="false"/>
    <select idref="xccdf_org.ssgproject.content_group_poisoning" selected="false"/>
    <select idref="xccdf_org.ssgproject.content_group_postfix_client" selected="false"/>
    <select idref="xccdf_org.ssgproject.content_group_printing" selected="false"/>
    <select idref="xccdf_org.ssgproject.content_group_proxy" selected="false"/>
    <select idref="xccdf_org.ssgproject.content_group_restrict_at_cron_users" selected="false"/>
    <select idref="xccdf_org.ssgproject.content_group_restrictions" selected="false"/>
    <select idref="xccdf_org.ssgproject.content_group_root_logins" selected="false"/>
    <select idref="xccdf_org.ssgproject.content_group_root_paths" selected="false"/>
    <select idref="xccdf_org.ssgproject.content_group_routing" selected="false"/>
    <select idref="xccdf_org.ssgproject.content_group_rpm_verification" selected="false"/>
    <select idref="xccdf_org.ssgproject.content_group_rsyslog_accepting_remote_messages" selected="false"/>
    <select idref="xccdf_org.ssgproject.content_group_rsyslog_sending_messages" selected="false"/>
    <select idref="xccdf_org.ssgproject.content_group_ruleset_modifications" selected="false"/>
    <select idref="xccdf_org.ssgproject.content_group_screen_locking" selected="false"/>
    <select idref="xccdf_org.ssgproject.content_group_selinux" selected="false"/>
    <select idref="xccdf_org.ssgproject.content_group_selinux-booleans" selected="false"/>
    <select idref="xccdf_org.ssgproject.content_group_smart_card_login" selected="false"/>
    <select idref="xccdf_org.ssgproject.content_group_smb" selected="false"/>
    <select idref="xccdf_org.ssgproject.content_group_snmp" selected="false"/>
    <select idref="xccdf_org.ssgproject.content_group_software-integrity" selected="false"/>
    <select idref="xccdf_org.ssgproject.content_group_ssh" selected="false"/>
    <select idref="xccdf_org.ssgproject.content_group_ssh_server" selected="false"/>
    <select idref="xccdf_org.ssgproject.content_group_sssd" selected="false"/>
    <select idref="xccdf_org.ssgproject.content_group_sssd-ldap" selected="false"/>
    <select idref="xccdf_org.ssgproject.content_group_sudo" selected="false"/>
    <select idref="xccdf_org.ssgproject.content_group_system-tools" selected="false"/>
    <select idref="xccdf_org.ssgproject.content_group_uefi" selected="false"/>
    <select idref="xccdf_org.ssgproject.content_group_user_umask" selected="false"/>
    <select idref="xccdf_org.ssgproject.content_group_wireless_software" selected="false"/>
    <select idref="xccdf_org.ssgproject.content_group_xwindows" selected="false"/>
    <refine-value idref="xccdf_org.ssgproject.content_value_var_password_hashing_algorithm" selector="yescrypt"/>
    <refine-value idref="xccdf_org.ssgproject.content_value_var_password_hashing_algorithm_pam" selector="sha512"/>
    <refine-value idref="xccdf_org.ssgproject.content_value_var_password_pam_unix_rounds" selector="11"/>
    <refine-value idref="xccdf_org.ssgproject.content_value_var_password_pam_minclass" selector="4"/>
    <refine-value idref="xccdf_org.ssgproject.content_value_var_accounts_maximum_age_root" selector="365"/>
    <refine-value idref="xccdf_org.ssgproject.content_value_var_password_pam_minlen" selector="15"/>
    <refine-value idref="xccdf_org.ssgproject.content_value_var_accounts_password_minlen_login_defs" selector="15"/>
    <refine-value idref="xccdf_org.ssgproject.content_value_var_password_pam_ocredit" selector="1"/>
    <refine-value idref="xccdf_org.ssgproject.content_value_var_password_pam_dcredit" selector="1"/>
    <refine-value idref="xccdf_org.ssgproject.content_value_var_password_pam_ucredit" selector="1"/>
    <refine-value idref="xccdf_org.ssgproject.content_value_var_password_pam_lcredit" selector="1"/>
    <refine-value idref="xccdf_org.ssgproject.content_value_var_accounts_passwords_pam_faillock_fail_interval" selector="900"/>
    <refine-value idref="xccdf_org.ssgproject.content_value_var_accounts_passwords_pam_faillock_deny" selector="3"/>
    <refine-value idref="xccdf_org.ssgproject.content_value_var_password_pam_tally2" selector="5"/>
    <refine-value idref="xccdf_org.ssgproject.content_value_var_accounts_passwords_pam_tally2_unlock_time" selector="1800"/>
    <refine-value idref="xccdf_org.ssgproject.content_value_var_accounts_passwords_pam_faillock_unlock_time" selector="900"/>
    <refine-value idref="xccdf_org.ssgproject.content_value_var_password_pam_unix_remember" selector="2"/>
    <refine-value idref="xccdf_org.ssgproject.content_value_var_multiple_time_servers" selector="suse"/>
    <refine-value idref="xccdf_org.ssgproject.content_value_var_multiple_time_pools" selector="suse"/>
    <refine-value idref="xccdf_org.ssgproject.content_value_var_sudo_dedicated_group" selector="root"/>
  </Profile>
  <Profile id="xccdf_org.ssgproject.content_profile_cis">
    <version>1.2.0</version>
    <title xmlns:xhtml="http://www.w3.org/1999/xhtml" xml:lang="en-US" override="true">CIS SUSE Linux Enterprise 15 Benchmark for Level 2 - Server</title>
    <description xmlns:xhtml="http://www.w3.org/1999/xhtml" xml:lang="en-US" override="true">This profile defines a baseline that aligns to the "Level 2 - Server"
configuration from the Center for Internet Security®
SUSE Linux Enterprise 15 Benchmark™, v1.1.1, released 01-24-2022.

This profile includes Center for Internet Security®
SUSE Linux Enterprise 15 CIS Benchmarks™ content.</description>
    <reference>https://www.cisecurity.org/cis-benchmarks/#suse_linux</reference>
    <select idref="xccdf_org.ssgproject.content_rule_account_disable_post_pw_expiration" selected="true"/>
    <select idref="xccdf_org.ssgproject.content_rule_account_unique_id" selected="true"/>
    <select idref="xccdf_org.ssgproject.content_rule_account_unique_name" selected="true"/>
    <select idref="xccdf_org.ssgproject.content_rule_accounts_maximum_age_login_defs" selected="true"/>
    <select idref="xccdf_org.ssgproject.content_rule_accounts_minimum_age_login_defs" selected="true"/>
    <select idref="xccdf_org.ssgproject.content_rule_accounts_no_uid_except_zero" selected="true"/>
    <select idref="xccdf_org.ssgproject.content_rule_accounts_password_all_shadowed" selected="true"/>
    <select idref="xccdf_org.ssgproject.content_rule_accounts_password_all_shadowed_sha512" selected="true"/>
    <select idref="xccdf_org.ssgproject.content_rule_accounts_password_last_change_is_in_past" selected="true"/>
    <select idref="xccdf_org.ssgproject.content_rule_accounts_password_pam_pwhistory_remember" selected="true"/>
    <select idref="xccdf_org.ssgproject.content_rule_accounts_password_set_max_life_existing" selected="true"/>
    <select idref="xccdf_org.ssgproject.content_rule_accounts_password_set_min_life_existing" selected="true"/>
    <select idref="xccdf_org.ssgproject.content_rule_accounts_password_set_warn_age_existing" selected="true"/>
    <select idref="xccdf_org.ssgproject.content_rule_accounts_password_warn_age_login_defs" selected="true"/>
    <select idref="xccdf_org.ssgproject.content_rule_accounts_passwords_pam_tally2" selected="true"/>
    <select idref="xccdf_org.ssgproject.content_rule_accounts_passwords_pam_tally2_deny_root" selected="true"/>
    <select idref="xccdf_org.ssgproject.content_rule_accounts_passwords_pam_tally2_unlock_time" selected="true"/>
    <select idref="xccdf_org.ssgproject.content_rule_accounts_root_gid_zero" selected="true"/>
    <select idref="xccdf_org.ssgproject.content_rule_accounts_root_path_dirs_no_write" selected="true"/>
    <select idref="xccdf_org.ssgproject.content_rule_accounts_set_post_pw_existing" selected="true"/>
    <select idref="xccdf_org.ssgproject.content_rule_accounts_tmout" selected="true"/>
    <select idref="xccdf_org.ssgproject.content_rule_accounts_umask_etc_bashrc" selected="true"/>
    <select idref="xccdf_org.ssgproject.content_rule_accounts_umask_etc_login_defs" selected="true"/>
    <select idref="xccdf_org.ssgproject.content_rule_accounts_umask_etc_profile" selected="true"/>
    <select idref="xccdf_org.ssgproject.content_rule_accounts_user_interactive_home_directory_exists" selected="true"/>
    <select idref="xccdf_org.ssgproject.content_rule_accounts_users_home_files_permissions" selected="true"/>
    <select idref="xccdf_org.ssgproject.content_rule_accounts_users_netrc_file_permissions" selected="true"/>
    <select idref="xccdf_org.ssgproject.content_rule_aide_build_database" selected="true"/>
    <select idref="xccdf_org.ssgproject.content_rule_aide_periodic_checking_systemd_timer" selected="true"/>
    <select idref="xccdf_org.ssgproject.content_rule_all_apparmor_profiles_enforced" selected="true"/>
    <select idref="xccdf_org.ssgproject.content_rule_all_apparmor_profiles_in_enforce_complain_mode" selected="true"/>
    <select idref="xccdf_org.ssgproject.content_rule_apparmor_configured" selected="true"/>
    <select idref="xccdf_org.ssgproject.content_rule_audit_rules_dac_modification_chmod" selected="true"/>
    <select idref="xccdf_org.ssgproject.content_rule_audit_rules_dac_modification_chown" selected="true"/>
    <select idref="xccdf_org.ssgproject.content_rule_audit_rules_dac_modification_fchmod" selected="true"/>
    <select idref="xccdf_org.ssgproject.content_rule_audit_rules_dac_modification_fchmodat" selected="true"/>
    <select idref="xccdf_org.ssgproject.content_rule_audit_rules_dac_modification_fchown" selected="true"/>
    <select idref="xccdf_org.ssgproject.content_rule_audit_rules_dac_modification_fchownat" selected="true"/>
    <select idref="xccdf_org.ssgproject.content_rule_audit_rules_dac_modification_fremovexattr" selected="true"/>
    <select idref="xccdf_org.ssgproject.content_rule_audit_rules_dac_modification_fsetxattr" selected="true"/>
    <select idref="xccdf_org.ssgproject.content_rule_audit_rules_dac_modification_lchown" selected="true"/>
    <select idref="xccdf_org.ssgproject.content_rule_audit_rules_dac_modification_lremovexattr" selected="true"/>
    <select idref="xccdf_org.ssgproject.content_rule_audit_rules_dac_modification_lsetxattr" selected="true"/>
    <select idref="xccdf_org.ssgproject.content_rule_audit_rules_dac_modification_removexattr" selected="true"/>
    <select idref="xccdf_org.ssgproject.content_rule_audit_rules_dac_modification_setxattr" selected="true"/>
    <select idref="xccdf_org.ssgproject.content_rule_audit_rules_file_deletion_events_rename" selected="true"/>
    <select idref="xccdf_org.ssgproject.content_rule_audit_rules_file_deletion_events_renameat" selected="true"/>
    <select idref="xccdf_org.ssgproject.content_rule_audit_rules_file_deletion_events_unlink" selected="true"/>
    <select idref="xccdf_org.ssgproject.content_rule_audit_rules_file_deletion_events_unlinkat" selected="true"/>
    <select idref="xccdf_org.ssgproject.content_rule_audit_rules_immutable" selected="true"/>
    <select idref="xccdf_org.ssgproject.content_rule_audit_rules_kernel_module_loading" selected="true"/>
    <select idref="xccdf_org.ssgproject.content_rule_audit_rules_kernel_module_loading_delete" selected="true"/>
    <select idref="xccdf_org.ssgproject.content_rule_audit_rules_kernel_module_loading_init" selected="true"/>
    <select idref="xccdf_org.ssgproject.content_rule_audit_rules_login_events_faillog" selected="true"/>
    <select idref="xccdf_org.ssgproject.content_rule_audit_rules_login_events_lastlog" selected="true"/>
    <select idref="xccdf_org.ssgproject.content_rule_audit_rules_login_events_tallylog" selected="true"/>
    <select idref="xccdf_org.ssgproject.content_rule_audit_rules_mac_modification" selected="true"/>
    <select idref="xccdf_org.ssgproject.content_rule_audit_rules_mac_modification_usr_share" selected="true"/>
    <select idref="xccdf_org.ssgproject.content_rule_audit_rules_media_export" selected="true"/>
    <select idref="xccdf_org.ssgproject.content_rule_audit_rules_networkconfig_modification" selected="true"/>
    <select idref="xccdf_org.ssgproject.content_rule_audit_rules_privileged_commands_insmod" selected="true"/>
    <select idref="xccdf_org.ssgproject.content_rule_audit_rules_privileged_commands_modprobe" selected="true"/>
    <select idref="xccdf_org.ssgproject.content_rule_audit_rules_privileged_commands_rmmod" selected="true"/>
    <select idref="xccdf_org.ssgproject.content_rule_audit_rules_session_events" selected="true"/>
    <select idref="xccdf_org.ssgproject.content_rule_audit_rules_sysadmin_actions" selected="true"/>
    <select idref="xccdf_org.ssgproject.content_rule_audit_rules_time_adjtimex" selected="true"/>
    <select idref="xccdf_org.ssgproject.content_rule_audit_rules_time_settimeofday" selected="true"/>
    <select idref="xccdf_org.ssgproject.content_rule_audit_rules_time_stime" selected="true"/>
    <select idref="xccdf_org.ssgproject.content_rule_audit_rules_time_watch_localtime" selected="true"/>
    <select idref="xccdf_org.ssgproject.content_rule_audit_rules_unsuccessful_file_modification_creat" selected="true"/>
    <select idref="xccdf_org.ssgproject.content_rule_audit_rules_unsuccessful_file_modification_ftruncate" selected="true"/>
    <select idref="xccdf_org.ssgproject.content_rule_audit_rules_unsuccessful_file_modification_open" selected="true"/>
    <select idref="xccdf_org.ssgproject.content_rule_audit_rules_unsuccessful_file_modification_openat" selected="true"/>
    <select idref="xccdf_org.ssgproject.content_rule_audit_rules_unsuccessful_file_modification_truncate" selected="true"/>
    <select idref="xccdf_org.ssgproject.content_rule_audit_rules_usergroup_modification_group" selected="true"/>
    <select idref="xccdf_org.ssgproject.content_rule_audit_rules_usergroup_modification_gshadow" selected="true"/>
    <select idref="xccdf_org.ssgproject.content_rule_audit_rules_usergroup_modification_opasswd" selected="true"/>
    <select idref="xccdf_org.ssgproject.content_rule_audit_rules_usergroup_modification_passwd" selected="true"/>
    <select idref="xccdf_org.ssgproject.content_rule_audit_rules_usergroup_modification_shadow" selected="true"/>
    <select idref="xccdf_org.ssgproject.content_rule_audit_sudo_log_events" selected="true"/>
    <select idref="xccdf_org.ssgproject.content_rule_auditd_data_retention_action_mail_acct" selected="true"/>
    <select idref="xccdf_org.ssgproject.content_rule_auditd_data_retention_admin_space_left_action" selected="true"/>
    <select idref="xccdf_org.ssgproject.content_rule_auditd_data_retention_max_log_file" selected="true"/>
    <select idref="xccdf_org.ssgproject.content_rule_auditd_data_retention_max_log_file_action" selected="true"/>
    <select idref="xccdf_org.ssgproject.content_rule_auditd_data_retention_space_left_action" selected="true"/>
    <select idref="xccdf_org.ssgproject.content_rule_banner_etc_issue" selected="true"/>
    <select idref="xccdf_org.ssgproject.content_rule_banner_etc_issue_net" selected="true"/>
    <select idref="xccdf_org.ssgproject.content_rule_banner_etc_motd" selected="true"/>
    <select idref="xccdf_org.ssgproject.content_rule_bios_enable_execution_restrictions" selected="true"/>
    <select idref="xccdf_org.ssgproject.content_rule_chronyd_configure_pool_and_server" selected="true"/>
    <select idref="xccdf_org.ssgproject.content_rule_chronyd_run_as_chrony_user" selected="true"/>
    <select idref="xccdf_org.ssgproject.content_rule_coredump_disable_backtraces" selected="true"/>
    <select idref="xccdf_org.ssgproject.content_rule_coredump_disable_storage" selected="true"/>
    <select idref="xccdf_org.ssgproject.content_rule_cracklib_accounts_password_pam_dcredit" selected="true"/>
    <select idref="xccdf_org.ssgproject.content_rule_cracklib_accounts_password_pam_lcredit" selected="true"/>
    <select idref="xccdf_org.ssgproject.content_rule_cracklib_accounts_password_pam_minlen" selected="true"/>
    <select idref="xccdf_org.ssgproject.content_rule_cracklib_accounts_password_pam_ocredit" selected="true"/>
    <select idref="xccdf_org.ssgproject.content_rule_cracklib_accounts_password_pam_retry" selected="true"/>
    <select idref="xccdf_org.ssgproject.content_rule_cracklib_accounts_password_pam_ucredit" selected="true"/>
    <select idref="xccdf_org.ssgproject.content_rule_dconf_db_up_to_date" selected="true"/>
    <select idref="xccdf_org.ssgproject.content_rule_dconf_gnome_banner_enabled" selected="true"/>
    <select idref="xccdf_org.ssgproject.content_rule_dconf_gnome_login_banner_text" selected="true"/>
    <select idref="xccdf_org.ssgproject.content_rule_dir_perms_world_writable_sticky_bits" selected="true"/>
    <select idref="xccdf_org.ssgproject.content_rule_disable_host_auth" selected="true"/>
    <select idref="xccdf_org.ssgproject.content_rule_disable_prelink" selected="true"/>
    <select idref="xccdf_org.ssgproject.content_rule_disable_users_coredumps" selected="true"/>
    <select idref="xccdf_org.ssgproject.content_rule_enable_dconf_user_profile" selected="true"/>
    <select idref="xccdf_org.ssgproject.content_rule_ensure_GPG_keys_are_configured" selected="true"/>
    <select idref="xccdf_org.ssgproject.content_rule_ensure_firewall_rules_for_open_ports" selected="true"/>
    <select idref="xccdf_org.ssgproject.content_rule_ensure_gpgcheck_globally_activated" selected="true"/>
    <select idref="xccdf_org.ssgproject.content_rule_ensure_gpgcheck_never_disabled" selected="true"/>
    <select idref="xccdf_org.ssgproject.content_rule_ensure_iptables_are_flushed" selected="true"/>
    <select idref="xccdf_org.ssgproject.content_rule_ensure_logrotate_activated" selected="true"/>
    <select idref="xccdf_org.ssgproject.content_rule_ensure_package_repositories_are_configured" selected="true"/>
    <select idref="xccdf_org.ssgproject.content_rule_ensure_pam_wheel_group_empty" selected="true"/>
    <select idref="xccdf_org.ssgproject.content_rule_ensure_shadow_group_empty" selected="true"/>
    <select idref="xccdf_org.ssgproject.content_rule_file_at_deny_not_exist" selected="true"/>
    <select idref="xccdf_org.ssgproject.content_rule_file_cron_deny_not_exist" selected="true"/>
    <select idref="xccdf_org.ssgproject.content_rule_file_groupowner_at_allow" selected="true"/>
    <select idref="xccdf_org.ssgproject.content_rule_file_groupowner_backup_etc_group" selected="true"/>
    <select idref="xccdf_org.ssgproject.content_rule_file_groupowner_backup_etc_gshadow" selected="true"/>
    <select idref="xccdf_org.ssgproject.content_rule_file_groupowner_backup_etc_passwd" selected="true"/>
    <select idref="xccdf_org.ssgproject.content_rule_file_groupowner_backup_etc_shadow" selected="true"/>
    <select idref="xccdf_org.ssgproject.content_rule_file_groupowner_cron_allow" selected="true"/>
    <select idref="xccdf_org.ssgproject.content_rule_file_groupowner_cron_d" selected="true"/>
    <select idref="xccdf_org.ssgproject.content_rule_file_groupowner_cron_daily" selected="true"/>
    <select idref="xccdf_org.ssgproject.content_rule_file_groupowner_cron_hourly" selected="true"/>
    <select idref="xccdf_org.ssgproject.content_rule_file_groupowner_cron_monthly" selected="true"/>
    <select idref="xccdf_org.ssgproject.content_rule_file_groupowner_cron_weekly" selected="true"/>
    <select idref="xccdf_org.ssgproject.content_rule_file_groupowner_crontab" selected="true"/>
    <select idref="xccdf_org.ssgproject.content_rule_file_groupowner_etc_group" selected="true"/>
    <select idref="xccdf_org.ssgproject.content_rule_file_groupowner_etc_gshadow" selected="true"/>
    <select idref="xccdf_org.ssgproject.content_rule_file_groupowner_etc_issue" selected="true"/>
    <select idref="xccdf_org.ssgproject.content_rule_file_groupowner_etc_issue_net" selected="true"/>
    <select idref="xccdf_org.ssgproject.content_rule_file_groupowner_etc_motd" selected="true"/>
    <select idref="xccdf_org.ssgproject.content_rule_file_groupowner_etc_passwd" selected="true"/>
    <select idref="xccdf_org.ssgproject.content_rule_file_groupowner_etc_shadow" selected="true"/>
    <select idref="xccdf_org.ssgproject.content_rule_file_groupowner_grub2_cfg" selected="true"/>
    <select idref="xccdf_org.ssgproject.content_rule_file_groupowner_sshd_config" selected="true"/>
    <select idref="xccdf_org.ssgproject.content_rule_file_owner_at_allow" selected="true"/>
    <select idref="xccdf_org.ssgproject.content_rule_file_owner_backup_etc_group" selected="true"/>
    <select idref="xccdf_org.ssgproject.content_rule_file_owner_backup_etc_gshadow" selected="true"/>
    <select idref="xccdf_org.ssgproject.content_rule_file_owner_backup_etc_passwd" selected="true"/>
    <select idref="xccdf_org.ssgproject.content_rule_file_owner_backup_etc_shadow" selected="true"/>
    <select idref="xccdf_org.ssgproject.content_rule_file_owner_cron_allow" selected="true"/>
    <select idref="xccdf_org.ssgproject.content_rule_file_owner_cron_d" selected="true"/>
    <select idref="xccdf_org.ssgproject.content_rule_file_owner_cron_daily" selected="true"/>
    <select idref="xccdf_org.ssgproject.content_rule_file_owner_cron_hourly" selected="true"/>
    <select idref="xccdf_org.ssgproject.content_rule_file_owner_cron_monthly" selected="true"/>
    <select idref="xccdf_org.ssgproject.content_rule_file_owner_cron_weekly" selected="true"/>
    <select idref="xccdf_org.ssgproject.content_rule_file_owner_crontab" selected="true"/>
    <select idref="xccdf_org.ssgproject.content_rule_file_owner_etc_group" selected="true"/>
    <select idref="xccdf_org.ssgproject.content_rule_file_owner_etc_gshadow" selected="true"/>
    <select idref="xccdf_org.ssgproject.content_rule_file_owner_etc_issue" selected="true"/>
    <select idref="xccdf_org.ssgproject.content_rule_file_owner_etc_issue_net" selected="true"/>
    <select idref="xccdf_org.ssgproject.content_rule_file_owner_etc_motd" selected="true"/>
    <select idref="xccdf_org.ssgproject.content_rule_file_owner_etc_passwd" selected="true"/>
    <select idref="xccdf_org.ssgproject.content_rule_file_owner_etc_shadow" selected="true"/>
    <select idref="xccdf_org.ssgproject.content_rule_file_owner_grub2_cfg" selected="true"/>
    <select idref="xccdf_org.ssgproject.content_rule_file_owner_sshd_config" selected="true"/>
    <select idref="xccdf_org.ssgproject.content_rule_file_permissions_at_allow" selected="true"/>
    <select idref="xccdf_org.ssgproject.content_rule_file_permissions_backup_etc_group" selected="true"/>
    <select idref="xccdf_org.ssgproject.content_rule_file_permissions_backup_etc_gshadow" selected="true"/>
    <select idref="xccdf_org.ssgproject.content_rule_file_permissions_backup_etc_passwd" selected="true"/>
    <select idref="xccdf_org.ssgproject.content_rule_file_permissions_backup_etc_shadow" selected="true"/>
    <select idref="xccdf_org.ssgproject.content_rule_file_permissions_cron_allow" selected="true"/>
    <select idref="xccdf_org.ssgproject.content_rule_file_permissions_cron_d" selected="true"/>
    <select idref="xccdf_org.ssgproject.content_rule_file_permissions_cron_daily" selected="true"/>
    <select idref="xccdf_org.ssgproject.content_rule_file_permissions_cron_hourly" selected="true"/>
    <select idref="xccdf_org.ssgproject.content_rule_file_permissions_cron_monthly" selected="true"/>
    <select idref="xccdf_org.ssgproject.content_rule_file_permissions_cron_weekly" selected="true"/>
    <select idref="xccdf_org.ssgproject.content_rule_file_permissions_crontab" selected="true"/>
    <select idref="xccdf_org.ssgproject.content_rule_file_permissions_etc_group" selected="true"/>
    <select idref="xccdf_org.ssgproject.content_rule_file_permissions_etc_gshadow" selected="true"/>
    <select idref="xccdf_org.ssgproject.content_rule_file_permissions_etc_issue" selected="true"/>
    <select idref="xccdf_org.ssgproject.content_rule_file_permissions_etc_issue_net" selected="true"/>
    <select idref="xccdf_org.ssgproject.content_rule_file_permissions_etc_motd" selected="true"/>
    <select idref="xccdf_org.ssgproject.content_rule_file_permissions_etc_passwd" selected="true"/>
    <select idref="xccdf_org.ssgproject.content_rule_file_permissions_etc_shadow" selected="true"/>
    <select idref="xccdf_org.ssgproject.content_rule_file_permissions_grub2_cfg" selected="true"/>
    <select idref="xccdf_org.ssgproject.content_rule_file_permissions_home_directories" selected="true"/>
    <select idref="xccdf_org.ssgproject.content_rule_file_permissions_sshd_config" selected="true"/>
    <select idref="xccdf_org.ssgproject.content_rule_file_permissions_sshd_private_key" selected="true"/>
    <select idref="xccdf_org.ssgproject.content_rule_file_permissions_sshd_pub_key" selected="true"/>
    <select idref="xccdf_org.ssgproject.content_rule_file_permissions_unauthorized_world_writable" selected="true"/>
    <select idref="xccdf_org.ssgproject.content_rule_file_permissions_ungroupowned" selected="true"/>
    <select idref="xccdf_org.ssgproject.content_rule_firewalld-backend" selected="true"/>
    <select idref="xccdf_org.ssgproject.content_rule_gid_passwd_group_same" selected="true"/>
    <select idref="xccdf_org.ssgproject.content_rule_group_unique_id" selected="true"/>
    <select idref="xccdf_org.ssgproject.content_rule_group_unique_name" selected="true"/>
    <select idref="xccdf_org.ssgproject.content_rule_grub2_audit_argument" selected="true"/>
    <select idref="xccdf_org.ssgproject.content_rule_grub2_audit_backlog_limit_argument" selected="true"/>
    <select idref="xccdf_org.ssgproject.content_rule_grub2_ipv6_disable_argument" selected="true"/>
    <select idref="xccdf_org.ssgproject.content_rule_grub2_password" selected="true"/>
    <select idref="xccdf_org.ssgproject.content_rule_grub2_uefi_password" selected="true"/>
    <select idref="xccdf_org.ssgproject.content_rule_install_PAE_kernel_on_x86-32" selected="true"/>
    <select idref="xccdf_org.ssgproject.content_rule_journald_compress" selected="true"/>
    <select idref="xccdf_org.ssgproject.content_rule_journald_forward_to_syslog" selected="true"/>
    <select idref="xccdf_org.ssgproject.content_rule_journald_storage" selected="true"/>
    <select idref="xccdf_org.ssgproject.content_rule_kernel_module_cramfs_disabled" selected="true"/>
    <select idref="xccdf_org.ssgproject.content_rule_kernel_module_dccp_disabled" selected="true"/>
    <select idref="xccdf_org.ssgproject.content_rule_kernel_module_sctp_disabled" selected="true"/>
    <select idref="xccdf_org.ssgproject.content_rule_kernel_module_squashfs_disabled" selected="true"/>
    <select idref="xccdf_org.ssgproject.content_rule_kernel_module_udf_disabled" selected="true"/>
    <select idref="xccdf_org.ssgproject.content_rule_kernel_module_usb-storage_disabled" selected="true"/>
    <select idref="xccdf_org.ssgproject.content_rule_kernel_module_vfat_disabled" selected="true"/>
    <select idref="xccdf_org.ssgproject.content_rule_mount_option_dev_shm_nodev" selected="true"/>
    <select idref="xccdf_org.ssgproject.content_rule_mount_option_dev_shm_noexec" selected="true"/>
    <select idref="xccdf_org.ssgproject.content_rule_mount_option_dev_shm_nosuid" selected="true"/>
    <select idref="xccdf_org.ssgproject.content_rule_mount_option_home_nodev" selected="true"/>
    <select idref="xccdf_org.ssgproject.content_rule_mount_option_nodev_removable_partitions" selected="true"/>
    <select idref="xccdf_org.ssgproject.content_rule_mount_option_noexec_removable_partitions" selected="true"/>
    <select idref="xccdf_org.ssgproject.content_rule_mount_option_nosuid_removable_partitions" selected="true"/>
    <select idref="xccdf_org.ssgproject.content_rule_mount_option_tmp_nodev" selected="true"/>
    <select idref="xccdf_org.ssgproject.content_rule_mount_option_tmp_noexec" selected="true"/>
    <select idref="xccdf_org.ssgproject.content_rule_mount_option_tmp_nosuid" selected="true"/>
    <select idref="xccdf_org.ssgproject.content_rule_mount_option_var_tmp_nodev" selected="true"/>
    <select idref="xccdf_org.ssgproject.content_rule_mount_option_var_tmp_noexec" selected="true"/>
    <select idref="xccdf_org.ssgproject.content_rule_mount_option_var_tmp_nosuid" selected="true"/>
    <select idref="xccdf_org.ssgproject.content_rule_nftables_ensure_default_deny_policy" selected="true"/>
    <select idref="xccdf_org.ssgproject.content_rule_nftables_rules_permanent" selected="true"/>
    <select idref="xccdf_org.ssgproject.content_rule_no_direct_root_logins" selected="true"/>
    <select idref="xccdf_org.ssgproject.content_rule_no_files_unowned_by_user" selected="true"/>
    <select idref="xccdf_org.ssgproject.content_rule_no_forward_files" selected="true"/>
    <select idref="xccdf_org.ssgproject.content_rule_no_legacy_plus_entries_etc_passwd" selected="true"/>
    <select idref="xccdf_org.ssgproject.content_rule_no_legacy_plus_entries_etc_shadow" selected="true"/>
    <select idref="xccdf_org.ssgproject.content_rule_no_netrc_files" selected="true"/>
    <select idref="xccdf_org.ssgproject.content_rule_no_shelllogin_for_systemaccounts" selected="true"/>
    <select idref="xccdf_org.ssgproject.content_rule_package_aide_installed" selected="true"/>
    <select idref="xccdf_org.ssgproject.content_rule_package_apparmor_installed" selected="true"/>
    <select idref="xccdf_org.ssgproject.content_rule_package_audit-libs_installed" selected="true"/>
    <select idref="xccdf_org.ssgproject.content_rule_package_audit_installed" selected="true"/>
    <select idref="xccdf_org.ssgproject.content_rule_package_avahi-autoipd_removed" selected="true"/>
    <select idref="xccdf_org.ssgproject.content_rule_package_avahi_removed" selected="true"/>
    <select idref="xccdf_org.ssgproject.content_rule_package_bind_removed" selected="true"/>
    <select idref="xccdf_org.ssgproject.content_rule_package_chrony_installed" selected="true"/>
    <select idref="xccdf_org.ssgproject.content_rule_package_cron_installed" selected="true"/>
    <select idref="xccdf_org.ssgproject.content_rule_package_cups_removed" selected="true"/>
    <select idref="xccdf_org.ssgproject.content_rule_package_dhcp_client_removed" selected="true"/>
    <select idref="xccdf_org.ssgproject.content_rule_package_dhcp_removed" selected="true"/>
    <select idref="xccdf_org.ssgproject.content_rule_package_dovecot_removed" selected="true"/>
    <select idref="xccdf_org.ssgproject.content_rule_package_firewalld_installed" selected="true"/>
    <select idref="xccdf_org.ssgproject.content_rule_package_firewalld_removed" selected="true"/>
    <select idref="xccdf_org.ssgproject.content_rule_package_gdm_removed" selected="true"/>
    <select idref="xccdf_org.ssgproject.content_rule_package_httpd_removed" selected="true"/>
    <select idref="xccdf_org.ssgproject.content_rule_package_iptables_installed" selected="true"/>
    <select idref="xccdf_org.ssgproject.content_rule_package_logrotate_installed" selected="true"/>
    <select idref="xccdf_org.ssgproject.content_rule_package_net-snmp_removed" selected="true"/>
    <select idref="xccdf_org.ssgproject.content_rule_package_nfs-utils_removed" selected="true"/>
    <select idref="xccdf_org.ssgproject.content_rule_package_nftables_installed" selected="true"/>
    <select idref="xccdf_org.ssgproject.content_rule_package_nftables_removed" selected="true"/>
    <select idref="xccdf_org.ssgproject.content_rule_package_openldap-clients_removed" selected="true"/>
    <select idref="xccdf_org.ssgproject.content_rule_package_openldap-servers_removed" selected="true"/>
    <select idref="xccdf_org.ssgproject.content_rule_package_rpcbind_removed" selected="true"/>
    <select idref="xccdf_org.ssgproject.content_rule_package_rsh_removed" selected="true"/>
    <select idref="xccdf_org.ssgproject.content_rule_package_rsync_removed" selected="true"/>
    <select idref="xccdf_org.ssgproject.content_rule_package_rsyslog_installed" selected="true"/>
    <select idref="xccdf_org.ssgproject.content_rule_package_samba_removed" selected="true"/>
    <select idref="xccdf_org.ssgproject.content_rule_package_squid_removed" selected="true"/>
    <select idref="xccdf_org.ssgproject.content_rule_package_sudo_installed" selected="true"/>
    <select idref="xccdf_org.ssgproject.content_rule_package_talk_removed" selected="true"/>
    <select idref="xccdf_org.ssgproject.content_rule_package_tcp_wrappers_removed" selected="true"/>
    <select idref="xccdf_org.ssgproject.content_rule_package_telnet-server_removed" selected="true"/>
    <select idref="xccdf_org.ssgproject.content_rule_package_telnet_removed" selected="true"/>
    <select idref="xccdf_org.ssgproject.content_rule_package_vsftpd_removed" selected="true"/>
    <select idref="xccdf_org.ssgproject.content_rule_package_xinetd_removed" selected="true"/>
    <select idref="xccdf_org.ssgproject.content_rule_package_xorg-x11-server-common_removed" selected="true"/>
    <select idref="xccdf_org.ssgproject.content_rule_package_ypbind_removed" selected="true"/>
    <select idref="xccdf_org.ssgproject.content_rule_package_ypserv_removed" selected="true"/>
    <select idref="xccdf_org.ssgproject.content_rule_partition_for_dev_shm" selected="true"/>
    <select idref="xccdf_org.ssgproject.content_rule_partition_for_home" selected="true"/>
    <select idref="xccdf_org.ssgproject.content_rule_partition_for_tmp" selected="true"/>
    <select idref="xccdf_org.ssgproject.content_rule_partition_for_var" selected="true"/>
    <select idref="xccdf_org.ssgproject.content_rule_partition_for_var_log" selected="true"/>
    <select idref="xccdf_org.ssgproject.content_rule_partition_for_var_log_audit" selected="true"/>
    <select idref="xccdf_org.ssgproject.content_rule_partition_for_var_tmp" selected="true"/>
    <select idref="xccdf_org.ssgproject.content_rule_permissions_local_var_log" selected="true"/>
    <select idref="xccdf_org.ssgproject.content_rule_postfix_network_listening_disabled" selected="true"/>
    <select idref="xccdf_org.ssgproject.content_rule_require_emergency_target_auth" selected="true"/>
    <select idref="xccdf_org.ssgproject.content_rule_require_singleuser_auth" selected="true"/>
    <select idref="xccdf_org.ssgproject.content_rule_root_path_no_dot" selected="true"/>
    <select idref="xccdf_org.ssgproject.content_rule_rsyslog_files_groupownership" selected="true"/>
    <select idref="xccdf_org.ssgproject.content_rule_rsyslog_files_ownership" selected="true"/>
    <select idref="xccdf_org.ssgproject.content_rule_rsyslog_files_permissions" selected="true"/>
    <select idref="xccdf_org.ssgproject.content_rule_rsyslog_logging_configured" selected="true"/>
    <select idref="xccdf_org.ssgproject.content_rule_rsyslog_remote_loghost" selected="true"/>
    <select idref="xccdf_org.ssgproject.content_rule_securetty_root_login_console_only" selected="true"/>
    <select idref="xccdf_org.ssgproject.content_rule_service_auditd_enabled" selected="true"/>
    <select idref="xccdf_org.ssgproject.content_rule_service_autofs_disabled" selected="true"/>
    <select idref="xccdf_org.ssgproject.content_rule_service_avahi-daemon_disabled" selected="true"/>
    <select idref="xccdf_org.ssgproject.content_rule_service_cron_enabled" selected="true"/>
    <select idref="xccdf_org.ssgproject.content_rule_service_cups_disabled" selected="true"/>
    <select idref="xccdf_org.ssgproject.content_rule_service_dhcpd_disabled" selected="true"/>
    <select idref="xccdf_org.ssgproject.content_rule_service_dovecot_disabled" selected="true"/>
    <select idref="xccdf_org.ssgproject.content_rule_service_firewalld_disabled" selected="true"/>
    <select idref="xccdf_org.ssgproject.content_rule_service_firewalld_enabled" selected="true"/>
    <select idref="xccdf_org.ssgproject.content_rule_service_httpd_disabled" selected="true"/>
    <select idref="xccdf_org.ssgproject.content_rule_service_iptables_enabled" selected="true"/>
    <select idref="xccdf_org.ssgproject.content_rule_service_named_disabled" selected="true"/>
    <select idref="xccdf_org.ssgproject.content_rule_service_nfs_disabled" selected="true"/>
    <select idref="xccdf_org.ssgproject.content_rule_service_nftables_disabled" selected="true"/>
    <select idref="xccdf_org.ssgproject.content_rule_service_nftables_enabled" selected="true"/>
    <select idref="xccdf_org.ssgproject.content_rule_service_rpcbind_disabled" selected="true"/>
    <select idref="xccdf_org.ssgproject.content_rule_service_rsyncd_disabled" selected="true"/>
    <select idref="xccdf_org.ssgproject.content_rule_service_rsyslog_enabled" selected="true"/>
    <select idref="xccdf_org.ssgproject.content_rule_service_smb_disabled" selected="true"/>
    <select idref="xccdf_org.ssgproject.content_rule_service_snmpd_disabled" selected="true"/>
    <select idref="xccdf_org.ssgproject.content_rule_service_squid_disabled" selected="true"/>
    <select idref="xccdf_org.ssgproject.content_rule_service_timesyncd_root_distance_configured" selected="true"/>
    <select idref="xccdf_org.ssgproject.content_rule_service_vsftpd_disabled" selected="true"/>
    <select idref="xccdf_org.ssgproject.content_rule_service_xinetd_disabled" selected="true"/>
    <select idref="xccdf_org.ssgproject.content_rule_set_firewalld_appropriate_zone" selected="true"/>
    <select idref="xccdf_org.ssgproject.content_rule_set_firewalld_default_zone" selected="true"/>
    <select idref="xccdf_org.ssgproject.content_rule_set_ip6tables_default_rule" selected="true"/>
    <select idref="xccdf_org.ssgproject.content_rule_set_iptables_default_rule" selected="true"/>
    <select idref="xccdf_org.ssgproject.content_rule_set_iptables_default_rule_forward" selected="true"/>
    <select idref="xccdf_org.ssgproject.content_rule_set_iptables_outbound_n_established" selected="true"/>
    <select idref="xccdf_org.ssgproject.content_rule_set_ipv6_loopback_traffic" selected="true"/>
    <select idref="xccdf_org.ssgproject.content_rule_set_loopback_traffic" selected="true"/>
    <select idref="xccdf_org.ssgproject.content_rule_set_nftables_base_chain" selected="true"/>
    <select idref="xccdf_org.ssgproject.content_rule_set_nftables_loopback_traffic" selected="true"/>
    <select idref="xccdf_org.ssgproject.content_rule_set_nftables_new_connections" selected="true"/>
    <select idref="xccdf_org.ssgproject.content_rule_set_nftables_table" selected="true"/>
    <select idref="xccdf_org.ssgproject.content_rule_set_password_hashing_algorithm_logindefs" selected="true"/>
    <select idref="xccdf_org.ssgproject.content_rule_sshd_disable_empty_passwords" selected="true"/>
    <select idref="xccdf_org.ssgproject.content_rule_sshd_disable_rhosts" selected="true"/>
    <select idref="xccdf_org.ssgproject.content_rule_sshd_disable_root_login" selected="true"/>
    <select idref="xccdf_org.ssgproject.content_rule_sshd_disable_tcp_forwarding" selected="true"/>
    <select idref="xccdf_org.ssgproject.content_rule_sshd_disable_x11_forwarding" selected="true"/>
    <select idref="xccdf_org.ssgproject.content_rule_sshd_do_not_permit_user_env" selected="true"/>
    <select idref="xccdf_org.ssgproject.content_rule_sshd_enable_pam" selected="true"/>
    <select idref="xccdf_org.ssgproject.content_rule_sshd_enable_warning_banner" selected="true"/>
    <select idref="xccdf_org.ssgproject.content_rule_sshd_limit_user_access" selected="true"/>
    <select idref="xccdf_org.ssgproject.content_rule_sshd_set_idle_timeout" selected="true"/>
    <select idref="xccdf_org.ssgproject.content_rule_sshd_set_keepalive" selected="true"/>
    <select idref="xccdf_org.ssgproject.content_rule_sshd_set_login_grace_time" selected="true"/>
    <select idref="xccdf_org.ssgproject.content_rule_sshd_set_loglevel_verbose" selected="true"/>
    <select idref="xccdf_org.ssgproject.content_rule_sshd_set_max_auth_tries" selected="true"/>
    <select idref="xccdf_org.ssgproject.content_rule_sshd_set_max_sessions" selected="true"/>
    <select idref="xccdf_org.ssgproject.content_rule_sshd_set_maxstartups" selected="true"/>
    <select idref="xccdf_org.ssgproject.content_rule_sshd_use_approved_ciphers" selected="true"/>
    <select idref="xccdf_org.ssgproject.content_rule_sshd_use_approved_macs" selected="true"/>
    <select idref="xccdf_org.ssgproject.content_rule_sshd_use_strong_ciphers" selected="true"/>
    <select idref="xccdf_org.ssgproject.content_rule_sshd_use_strong_kex" selected="true"/>
    <select idref="xccdf_org.ssgproject.content_rule_sshd_use_strong_macs" selected="true"/>
    <select idref="xccdf_org.ssgproject.content_rule_sudo_add_use_pty" selected="true"/>
    <select idref="xccdf_org.ssgproject.content_rule_sudo_custom_logfile" selected="true"/>
    <select idref="xccdf_org.ssgproject.content_rule_sysctl_fs_suid_dumpable" selected="true"/>
    <select idref="xccdf_org.ssgproject.content_rule_sysctl_kernel_randomize_va_space" selected="true"/>
    <select idref="xccdf_org.ssgproject.content_rule_sysctl_net_ipv4_conf_all_accept_redirects" selected="true"/>
    <select idref="xccdf_org.ssgproject.content_rule_sysctl_net_ipv4_conf_all_accept_source_route" selected="true"/>
    <select idref="xccdf_org.ssgproject.content_rule_sysctl_net_ipv4_conf_all_log_martians" selected="true"/>
    <select idref="xccdf_org.ssgproject.content_rule_sysctl_net_ipv4_conf_all_rp_filter" selected="true"/>
    <select idref="xccdf_org.ssgproject.content_rule_sysctl_net_ipv4_conf_all_secure_redirects" selected="true"/>
    <select idref="xccdf_org.ssgproject.content_rule_sysctl_net_ipv4_conf_all_send_redirects" selected="true"/>
    <select idref="xccdf_org.ssgproject.content_rule_sysctl_net_ipv4_conf_default_accept_redirects" selected="true"/>
    <select idref="xccdf_org.ssgproject.content_rule_sysctl_net_ipv4_conf_default_accept_source_route" selected="true"/>
    <select idref="xccdf_org.ssgproject.content_rule_sysctl_net_ipv4_conf_default_log_martians" selected="true"/>
    <select idref="xccdf_org.ssgproject.content_rule_sysctl_net_ipv4_conf_default_rp_filter" selected="true"/>
    <select idref="xccdf_org.ssgproject.content_rule_sysctl_net_ipv4_conf_default_secure_redirects" selected="true"/>
    <select idref="xccdf_org.ssgproject.content_rule_sysctl_net_ipv4_conf_default_send_redirects" selected="true"/>
    <select idref="xccdf_org.ssgproject.content_rule_sysctl_net_ipv4_icmp_echo_ignore_broadcasts" selected="true"/>
    <select idref="xccdf_org.ssgproject.content_rule_sysctl_net_ipv4_icmp_ignore_bogus_error_responses" selected="true"/>
    <select idref="xccdf_org.ssgproject.content_rule_sysctl_net_ipv4_ip_forward" selected="true"/>
    <select idref="xccdf_org.ssgproject.content_rule_sysctl_net_ipv4_tcp_syncookies" selected="true"/>
    <select idref="xccdf_org.ssgproject.content_rule_sysctl_net_ipv6_conf_all_accept_ra" selected="true"/>
    <select idref="xccdf_org.ssgproject.content_rule_sysctl_net_ipv6_conf_all_accept_redirects" selected="true"/>
    <select idref="xccdf_org.ssgproject.content_rule_sysctl_net_ipv6_conf_all_accept_source_route" selected="true"/>
    <select idref="xccdf_org.ssgproject.content_rule_sysctl_net_ipv6_conf_all_disable_ipv6" selected="true"/>
    <select idref="xccdf_org.ssgproject.content_rule_sysctl_net_ipv6_conf_all_forwarding" selected="true"/>
    <select idref="xccdf_org.ssgproject.content_rule_sysctl_net_ipv6_conf_default_accept_ra" selected="true"/>
    <select idref="xccdf_org.ssgproject.content_rule_sysctl_net_ipv6_conf_default_accept_redirects" selected="true"/>
    <select idref="xccdf_org.ssgproject.content_rule_sysctl_net_ipv6_conf_default_accept_source_route" selected="true"/>
    <select idref="xccdf_org.ssgproject.content_rule_timer_logrotate_enabled" selected="true"/>
    <select idref="xccdf_org.ssgproject.content_rule_unnecessary_firewalld_services_ports_disabled" selected="true"/>
    <select idref="xccdf_org.ssgproject.content_rule_use_pam_wheel_group_for_su" selected="true"/>
    <select idref="xccdf_org.ssgproject.content_rule_wireless_disable_interfaces" selected="true"/>
    <select idref="xccdf_org.ssgproject.content_rule_xwindows_remove_packages" selected="true"/>
    <select idref="xccdf_org.ssgproject.content_group_audit_execution_acl_commands" selected="false"/>
    <select idref="xccdf_org.ssgproject.content_group_audit_execution_selinux_commands" selected="false"/>
    <select idref="xccdf_org.ssgproject.content_group_avahi_configuration" selected="false"/>
    <select idref="xccdf_org.ssgproject.content_group_base" selected="false"/>
    <select idref="xccdf_org.ssgproject.content_group_certified-vendor" selected="false"/>
    <select idref="xccdf_org.ssgproject.content_group_console_screen_locking" selected="false"/>
    <select idref="xccdf_org.ssgproject.content_group_crypto" selected="false"/>
    <select idref="xccdf_org.ssgproject.content_group_deprecated" selected="false"/>
    <select idref="xccdf_org.ssgproject.content_group_dhcp_client_configuration" selected="false"/>
    <select idref="xccdf_org.ssgproject.content_group_dhcp_server_configuration" selected="false"/>
    <select idref="xccdf_org.ssgproject.content_group_disabling_cyrus-imapd" selected="false"/>
    <select idref="xccdf_org.ssgproject.content_group_disabling_netfs" selected="false"/>
    <select idref="xccdf_org.ssgproject.content_group_disabling_quagga" selected="false"/>
    <select idref="xccdf_org.ssgproject.content_group_endpoint_security_software" selected="false"/>
    <select idref="xccdf_org.ssgproject.content_group_entropy" selected="false"/>
    <select idref="xccdf_org.ssgproject.content_group_fapolicyd" selected="false"/>
    <select idref="xccdf_org.ssgproject.content_group_file_permissions_auditd" selected="false"/>
    <select idref="xccdf_org.ssgproject.content_group_fips" selected="false"/>
    <select idref="xccdf_org.ssgproject.content_group_ftp_configure_vsftpd" selected="false"/>
    <select idref="xccdf_org.ssgproject.content_group_ftp_restrict_users" selected="false"/>
    <select idref="xccdf_org.ssgproject.content_group_gnome_login_screen" selected="false"/>
    <select idref="xccdf_org.ssgproject.content_group_gnome_media_settings" selected="false"/>
    <select idref="xccdf_org.ssgproject.content_group_gnome_remote_access_settings" selected="false"/>
    <select idref="xccdf_org.ssgproject.content_group_gnome_screen_locking" selected="false"/>
    <select idref="xccdf_org.ssgproject.content_group_kernel_build_config" selected="false"/>
    <select idref="xccdf_org.ssgproject.content_group_mcafee_endpoint_security_software" selected="false"/>
    <select idref="xccdf_org.ssgproject.content_group_mcafee_security_software" selected="false"/>
    <select idref="xccdf_org.ssgproject.content_group_mounting_remote_filesystems" selected="false"/>
    <select idref="xccdf_org.ssgproject.content_group_network-ipsec" selected="false"/>
    <select idref="xccdf_org.ssgproject.content_group_network-ufw" selected="false"/>
    <select idref="xccdf_org.ssgproject.content_group_nfs_configuring_servers" selected="false"/>
    <select idref="xccdf_org.ssgproject.content_group_password_quality_pwquality" selected="false"/>
    <select idref="xccdf_org.ssgproject.content_group_permissions_local" selected="false"/>
    <select idref="xccdf_org.ssgproject.content_group_permissions_var_log_dir" selected="false"/>
    <select idref="xccdf_org.ssgproject.content_group_permissions_within_important_dirs" selected="false"/>
    <select idref="xccdf_org.ssgproject.content_group_poisoning" selected="false"/>
    <select idref="xccdf_org.ssgproject.content_group_routing" selected="false"/>
    <select idref="xccdf_org.ssgproject.content_group_rpm_verification" selected="false"/>
    <select idref="xccdf_org.ssgproject.content_group_rsyslog_accepting_remote_messages" selected="false"/>
    <select idref="xccdf_org.ssgproject.content_group_screen_locking" selected="false"/>
    <select idref="xccdf_org.ssgproject.content_group_selinux" selected="false"/>
    <select idref="xccdf_org.ssgproject.content_group_selinux-booleans" selected="false"/>
    <select idref="xccdf_org.ssgproject.content_group_smart_card_login" selected="false"/>
    <select idref="xccdf_org.ssgproject.content_group_sssd" selected="false"/>
    <select idref="xccdf_org.ssgproject.content_group_sssd-ldap" selected="false"/>
    <select idref="xccdf_org.ssgproject.content_group_system-tools" selected="false"/>
    <select idref="xccdf_org.ssgproject.content_group_tftp" selected="false"/>
    <refine-value idref="xccdf_org.ssgproject.content_value_var_pam_wheel_group_for_su" selector="cis"/>
    <refine-value idref="xccdf_org.ssgproject.content_value_var_accounts_user_umask" selector="027"/>
    <refine-value idref="xccdf_org.ssgproject.content_value_var_accounts_tmout" selector="15_min"/>
    <refine-value idref="xccdf_org.ssgproject.content_value_var_account_disable_post_pw_expiration" selector="30"/>
    <refine-value idref="xccdf_org.ssgproject.content_value_var_accounts_password_warn_age_login_defs" selector="7"/>
    <refine-value idref="xccdf_org.ssgproject.content_value_var_accounts_minimum_age_login_defs" selector="1"/>
    <refine-value idref="xccdf_org.ssgproject.content_value_var_accounts_maximum_age_login_defs" selector="365"/>
    <refine-value idref="xccdf_org.ssgproject.content_value_var_password_pam_remember" selector="5"/>
    <refine-value idref="xccdf_org.ssgproject.content_value_var_password_pam_tally2" selector="5"/>
    <refine-value idref="xccdf_org.ssgproject.content_value_var_accounts_passwords_pam_tally2_unlock_time" selector="1800"/>
    <refine-value idref="xccdf_org.ssgproject.content_value_var_password_pam_dcredit" selector="1"/>
    <refine-value idref="xccdf_org.ssgproject.content_value_var_password_pam_ucredit" selector="1"/>
    <refine-value idref="xccdf_org.ssgproject.content_value_var_password_pam_lcredit" selector="1"/>
    <refine-value idref="xccdf_org.ssgproject.content_value_var_password_pam_ocredit" selector="1"/>
    <refine-value idref="xccdf_org.ssgproject.content_value_var_password_pam_minlen" selector="14"/>
    <refine-value idref="xccdf_org.ssgproject.content_value_var_password_pam_retry" selector="3"/>
    <refine-value idref="xccdf_org.ssgproject.content_value_var_sshd_max_sessions" selector="10"/>
    <refine-value idref="xccdf_org.ssgproject.content_value_var_sshd_set_maxstartups" selector="10:30:60"/>
    <refine-value idref="xccdf_org.ssgproject.content_value_var_sshd_set_login_grace_time" selector="60"/>
    <refine-value idref="xccdf_org.ssgproject.content_value_sshd_idle_timeout_value" selector="5_minutes"/>
    <refine-value idref="xccdf_org.ssgproject.content_value_var_sshd_set_keepalive" selector="0"/>
    <refine-value idref="xccdf_org.ssgproject.content_value_sshd_strong_kex" selector="cis_sle15"/>
    <refine-value idref="xccdf_org.ssgproject.content_value_sshd_approved_macs" selector="cis_sle15"/>
    <refine-value idref="xccdf_org.ssgproject.content_value_sshd_strong_macs" selector="cis_sle15"/>
    <refine-value idref="xccdf_org.ssgproject.content_value_sshd_approved_ciphers" selector="cis_sle15"/>
    <refine-value idref="xccdf_org.ssgproject.content_value_sshd_max_auth_tries_value" selector="4"/>
    <refine-value idref="xccdf_org.ssgproject.content_value_var_nftables_master_config_file" selector="sysconfig"/>
    <refine-value idref="xccdf_org.ssgproject.content_value_var_nftables_base_chain_names" selector="chain_names"/>
    <refine-value idref="xccdf_org.ssgproject.content_value_var_nftables_base_chain_types" selector="chain_types"/>
    <refine-value idref="xccdf_org.ssgproject.content_value_var_nftables_base_chain_hooks" selector="chain_hooks"/>
    <refine-value idref="xccdf_org.ssgproject.content_value_var_nftables_base_chain_priorities" selector="chain_priorities"/>
    <refine-value idref="xccdf_org.ssgproject.content_value_var_nftables_base_chain_policies" selector="chain_policies"/>
    <refine-value idref="xccdf_org.ssgproject.content_value_var_nftables_family" selector="inet"/>
    <refine-value idref="xccdf_org.ssgproject.content_value_var_nftables_table" selector="filter"/>
    <refine-value idref="xccdf_org.ssgproject.content_value_sysctl_net_ipv6_conf_all_accept_ra_value" selector="disabled"/>
    <refine-value idref="xccdf_org.ssgproject.content_value_sysctl_net_ipv6_conf_default_accept_ra_value" selector="disabled"/>
    <refine-value idref="xccdf_org.ssgproject.content_value_sysctl_net_ipv4_tcp_syncookies_value" selector="enabled"/>
    <refine-value idref="xccdf_org.ssgproject.content_value_sysctl_net_ipv4_conf_all_rp_filter_value" selector="enabled"/>
    <refine-value idref="xccdf_org.ssgproject.content_value_sysctl_net_ipv4_conf_default_rp_filter_value" selector="enabled"/>
    <refine-value idref="xccdf_org.ssgproject.content_value_sysctl_net_ipv4_icmp_ignore_bogus_error_responses_value" selector="enabled"/>
    <refine-value idref="xccdf_org.ssgproject.content_value_sysctl_net_ipv4_icmp_echo_ignore_broadcasts_value" selector="enabled"/>
    <refine-value idref="xccdf_org.ssgproject.content_value_sysctl_net_ipv4_conf_all_log_martians_value" selector="enabled"/>
    <refine-value idref="xccdf_org.ssgproject.content_value_sysctl_net_ipv4_conf_default_log_martians_value" selector="enabled"/>
    <refine-value idref="xccdf_org.ssgproject.content_value_sysctl_net_ipv4_conf_all_secure_redirects_value" selector="disabled"/>
    <refine-value idref="xccdf_org.ssgproject.content_value_sysctl_net_ipv4_conf_default_secure_redirects_value" selector="disabled"/>
    <refine-value idref="xccdf_org.ssgproject.content_value_sysctl_net_ipv4_conf_all_accept_redirects_value" selector="disabled"/>
    <refine-value idref="xccdf_org.ssgproject.content_value_sysctl_net_ipv4_conf_default_accept_redirects_value" selector="disabled"/>
    <refine-value idref="xccdf_org.ssgproject.content_value_sysctl_net_ipv6_conf_all_accept_redirects_value" selector="disabled"/>
    <refine-value idref="xccdf_org.ssgproject.content_value_sysctl_net_ipv6_conf_default_accept_redirects_value" selector="disabled"/>
    <refine-value idref="xccdf_org.ssgproject.content_value_sysctl_net_ipv4_conf_all_accept_source_route_value" selector="disabled"/>
    <refine-value idref="xccdf_org.ssgproject.content_value_sysctl_net_ipv4_conf_default_accept_source_route_value" selector="disabled"/>
    <refine-value idref="xccdf_org.ssgproject.content_value_sysctl_net_ipv6_conf_all_accept_source_route_value" selector="disabled"/>
    <refine-value idref="xccdf_org.ssgproject.content_value_sysctl_net_ipv6_conf_default_accept_source_route_value" selector="disabled"/>
    <refine-value idref="xccdf_org.ssgproject.content_value_sysctl_net_ipv6_conf_all_forwarding_value" selector="disabled"/>
    <refine-value idref="xccdf_org.ssgproject.content_value_var_postfix_inet_interfaces" selector="loopback-only"/>
    <refine-value idref="xccdf_org.ssgproject.content_value_var_multiple_time_servers" selector="suse"/>
    <refine-value idref="xccdf_org.ssgproject.content_value_var_multiple_time_pools" selector="suse"/>
    <refine-value idref="xccdf_org.ssgproject.content_value_remote_login_banner_text" selector="cis_banners"/>
    <refine-value idref="xccdf_org.ssgproject.content_value_login_banner_text" selector="cis_banners"/>
    <refine-value idref="xccdf_org.ssgproject.content_value_motd_banner_text" selector="cis_banners"/>
    <refine-value idref="xccdf_org.ssgproject.content_value_var_apparmor_mode" selector="complain"/>
    <refine-value idref="xccdf_org.ssgproject.content_value_var_sudo_logfile" selector="var_log_sudo_log"/>
    <refine-value idref="xccdf_org.ssgproject.content_value_var_audit_backlog_limit" selector="8192"/>
    <refine-value idref="xccdf_org.ssgproject.content_value_var_auditd_space_left_action" selector="email"/>
    <refine-value idref="xccdf_org.ssgproject.content_value_var_auditd_action_mail_acct" selector="root"/>
    <refine-value idref="xccdf_org.ssgproject.content_value_var_auditd_admin_space_left_action" selector="halt"/>
    <refine-value idref="xccdf_org.ssgproject.content_value_var_auditd_max_log_file_action" selector="keep_logs"/>
    <refine-value idref="xccdf_org.ssgproject.content_value_var_auditd_max_log_file" selector="6"/>
    <refine-value idref="xccdf_org.ssgproject.content_value_var_network_filtering_service" selector="firewalld"/>
  </Profile>
  <Profile id="xccdf_org.ssgproject.content_profile_cis_server_l1">
    <version>1.2.0</version>
    <title xmlns:xhtml="http://www.w3.org/1999/xhtml" xml:lang="en-US" override="true">CIS SUSE Linux Enterprise 15 Benchmark for Level 1 - Server</title>
    <description xmlns:xhtml="http://www.w3.org/1999/xhtml" xml:lang="en-US" override="true">This profile defines a baseline that aligns to the "Level 1 - Server"
configuration from the Center for Internet Security®
SUSE Linux Enterprise 15 Benchmark™, v1.1.1, released 01-24-2022.

This profile includes Center for Internet Security®
SUSE Linux Enterprise 15 CIS Benchmarks™ content.</description>
    <reference>https://www.cisecurity.org/cis-benchmarks/#suse_linux</reference>
    <select idref="xccdf_org.ssgproject.content_rule_account_disable_post_pw_expiration" selected="true"/>
    <select idref="xccdf_org.ssgproject.content_rule_account_unique_id" selected="true"/>
    <select idref="xccdf_org.ssgproject.content_rule_account_unique_name" selected="true"/>
    <select idref="xccdf_org.ssgproject.content_rule_accounts_maximum_age_login_defs" selected="true"/>
    <select idref="xccdf_org.ssgproject.content_rule_accounts_minimum_age_login_defs" selected="true"/>
    <select idref="xccdf_org.ssgproject.content_rule_accounts_no_uid_except_zero" selected="true"/>
    <select idref="xccdf_org.ssgproject.content_rule_accounts_password_all_shadowed" selected="true"/>
    <select idref="xccdf_org.ssgproject.content_rule_accounts_password_all_shadowed_sha512" selected="true"/>
    <select idref="xccdf_org.ssgproject.content_rule_accounts_password_last_change_is_in_past" selected="true"/>
    <select idref="xccdf_org.ssgproject.content_rule_accounts_password_pam_pwhistory_remember" selected="true"/>
    <select idref="xccdf_org.ssgproject.content_rule_accounts_password_set_max_life_existing" selected="true"/>
    <select idref="xccdf_org.ssgproject.content_rule_accounts_password_set_min_life_existing" selected="true"/>
    <select idref="xccdf_org.ssgproject.content_rule_accounts_password_set_warn_age_existing" selected="true"/>
    <select idref="xccdf_org.ssgproject.content_rule_accounts_password_warn_age_login_defs" selected="true"/>
    <select idref="xccdf_org.ssgproject.content_rule_accounts_passwords_pam_tally2" selected="true"/>
    <select idref="xccdf_org.ssgproject.content_rule_accounts_passwords_pam_tally2_deny_root" selected="true"/>
    <select idref="xccdf_org.ssgproject.content_rule_accounts_passwords_pam_tally2_unlock_time" selected="true"/>
    <select idref="xccdf_org.ssgproject.content_rule_accounts_root_gid_zero" selected="true"/>
    <select idref="xccdf_org.ssgproject.content_rule_accounts_root_path_dirs_no_write" selected="true"/>
    <select idref="xccdf_org.ssgproject.content_rule_accounts_set_post_pw_existing" selected="true"/>
    <select idref="xccdf_org.ssgproject.content_rule_accounts_tmout" selected="true"/>
    <select idref="xccdf_org.ssgproject.content_rule_accounts_umask_etc_bashrc" selected="true"/>
    <select idref="xccdf_org.ssgproject.content_rule_accounts_umask_etc_login_defs" selected="true"/>
    <select idref="xccdf_org.ssgproject.content_rule_accounts_umask_etc_profile" selected="true"/>
    <select idref="xccdf_org.ssgproject.content_rule_accounts_user_interactive_home_directory_exists" selected="true"/>
    <select idref="xccdf_org.ssgproject.content_rule_accounts_users_home_files_permissions" selected="true"/>
    <select idref="xccdf_org.ssgproject.content_rule_accounts_users_netrc_file_permissions" selected="true"/>
    <select idref="xccdf_org.ssgproject.content_rule_aide_build_database" selected="true"/>
    <select idref="xccdf_org.ssgproject.content_rule_aide_periodic_checking_systemd_timer" selected="true"/>
    <select idref="xccdf_org.ssgproject.content_rule_all_apparmor_profiles_in_enforce_complain_mode" selected="true"/>
    <select idref="xccdf_org.ssgproject.content_rule_apparmor_configured" selected="true"/>
    <select idref="xccdf_org.ssgproject.content_rule_banner_etc_issue" selected="true"/>
    <select idref="xccdf_org.ssgproject.content_rule_banner_etc_issue_net" selected="true"/>
    <select idref="xccdf_org.ssgproject.content_rule_banner_etc_motd" selected="true"/>
    <select idref="xccdf_org.ssgproject.content_rule_bios_enable_execution_restrictions" selected="true"/>
    <select idref="xccdf_org.ssgproject.content_rule_chronyd_configure_pool_and_server" selected="true"/>
    <select idref="xccdf_org.ssgproject.content_rule_chronyd_run_as_chrony_user" selected="true"/>
    <select idref="xccdf_org.ssgproject.content_rule_coredump_disable_backtraces" selected="true"/>
    <select idref="xccdf_org.ssgproject.content_rule_coredump_disable_storage" selected="true"/>
    <select idref="xccdf_org.ssgproject.content_rule_cracklib_accounts_password_pam_dcredit" selected="true"/>
    <select idref="xccdf_org.ssgproject.content_rule_cracklib_accounts_password_pam_lcredit" selected="true"/>
    <select idref="xccdf_org.ssgproject.content_rule_cracklib_accounts_password_pam_minlen" selected="true"/>
    <select idref="xccdf_org.ssgproject.content_rule_cracklib_accounts_password_pam_ocredit" selected="true"/>
    <select idref="xccdf_org.ssgproject.content_rule_cracklib_accounts_password_pam_retry" selected="true"/>
    <select idref="xccdf_org.ssgproject.content_rule_cracklib_accounts_password_pam_ucredit" selected="true"/>
    <select idref="xccdf_org.ssgproject.content_rule_dconf_db_up_to_date" selected="true"/>
    <select idref="xccdf_org.ssgproject.content_rule_dconf_gnome_banner_enabled" selected="true"/>
    <select idref="xccdf_org.ssgproject.content_rule_dconf_gnome_login_banner_text" selected="true"/>
    <select idref="xccdf_org.ssgproject.content_rule_dir_perms_world_writable_sticky_bits" selected="true"/>
    <select idref="xccdf_org.ssgproject.content_rule_disable_host_auth" selected="true"/>
    <select idref="xccdf_org.ssgproject.content_rule_disable_prelink" selected="true"/>
    <select idref="xccdf_org.ssgproject.content_rule_disable_users_coredumps" selected="true"/>
    <select idref="xccdf_org.ssgproject.content_rule_enable_dconf_user_profile" selected="true"/>
    <select idref="xccdf_org.ssgproject.content_rule_ensure_GPG_keys_are_configured" selected="true"/>
    <select idref="xccdf_org.ssgproject.content_rule_ensure_firewall_rules_for_open_ports" selected="true"/>
    <select idref="xccdf_org.ssgproject.content_rule_ensure_gpgcheck_globally_activated" selected="true"/>
    <select idref="xccdf_org.ssgproject.content_rule_ensure_gpgcheck_never_disabled" selected="true"/>
    <select idref="xccdf_org.ssgproject.content_rule_ensure_iptables_are_flushed" selected="true"/>
    <select idref="xccdf_org.ssgproject.content_rule_ensure_logrotate_activated" selected="true"/>
    <select idref="xccdf_org.ssgproject.content_rule_ensure_package_repositories_are_configured" selected="true"/>
    <select idref="xccdf_org.ssgproject.content_rule_ensure_pam_wheel_group_empty" selected="true"/>
    <select idref="xccdf_org.ssgproject.content_rule_ensure_shadow_group_empty" selected="true"/>
    <select idref="xccdf_org.ssgproject.content_rule_file_at_deny_not_exist" selected="true"/>
    <select idref="xccdf_org.ssgproject.content_rule_file_cron_deny_not_exist" selected="true"/>
    <select idref="xccdf_org.ssgproject.content_rule_file_groupowner_at_allow" selected="true"/>
    <select idref="xccdf_org.ssgproject.content_rule_file_groupowner_backup_etc_group" selected="true"/>
    <select idref="xccdf_org.ssgproject.content_rule_file_groupowner_backup_etc_gshadow" selected="true"/>
    <select idref="xccdf_org.ssgproject.content_rule_file_groupowner_backup_etc_passwd" selected="true"/>
    <select idref="xccdf_org.ssgproject.content_rule_file_groupowner_backup_etc_shadow" selected="true"/>
    <select idref="xccdf_org.ssgproject.content_rule_file_groupowner_cron_allow" selected="true"/>
    <select idref="xccdf_org.ssgproject.content_rule_file_groupowner_cron_d" selected="true"/>
    <select idref="xccdf_org.ssgproject.content_rule_file_groupowner_cron_daily" selected="true"/>
    <select idref="xccdf_org.ssgproject.content_rule_file_groupowner_cron_hourly" selected="true"/>
    <select idref="xccdf_org.ssgproject.content_rule_file_groupowner_cron_monthly" selected="true"/>
    <select idref="xccdf_org.ssgproject.content_rule_file_groupowner_cron_weekly" selected="true"/>
    <select idref="xccdf_org.ssgproject.content_rule_file_groupowner_crontab" selected="true"/>
    <select idref="xccdf_org.ssgproject.content_rule_file_groupowner_etc_group" selected="true"/>
    <select idref="xccdf_org.ssgproject.content_rule_file_groupowner_etc_gshadow" selected="true"/>
    <select idref="xccdf_org.ssgproject.content_rule_file_groupowner_etc_issue" selected="true"/>
    <select idref="xccdf_org.ssgproject.content_rule_file_groupowner_etc_issue_net" selected="true"/>
    <select idref="xccdf_org.ssgproject.content_rule_file_groupowner_etc_motd" selected="true"/>
    <select idref="xccdf_org.ssgproject.content_rule_file_groupowner_etc_passwd" selected="true"/>
    <select idref="xccdf_org.ssgproject.content_rule_file_groupowner_etc_shadow" selected="true"/>
    <select idref="xccdf_org.ssgproject.content_rule_file_groupowner_grub2_cfg" selected="true"/>
    <select idref="xccdf_org.ssgproject.content_rule_file_groupowner_sshd_config" selected="true"/>
    <select idref="xccdf_org.ssgproject.content_rule_file_owner_at_allow" selected="true"/>
    <select idref="xccdf_org.ssgproject.content_rule_file_owner_backup_etc_group" selected="true"/>
    <select idref="xccdf_org.ssgproject.content_rule_file_owner_backup_etc_gshadow" selected="true"/>
    <select idref="xccdf_org.ssgproject.content_rule_file_owner_backup_etc_passwd" selected="true"/>
    <select idref="xccdf_org.ssgproject.content_rule_file_owner_backup_etc_shadow" selected="true"/>
    <select idref="xccdf_org.ssgproject.content_rule_file_owner_cron_allow" selected="true"/>
    <select idref="xccdf_org.ssgproject.content_rule_file_owner_cron_d" selected="true"/>
    <select idref="xccdf_org.ssgproject.content_rule_file_owner_cron_daily" selected="true"/>
    <select idref="xccdf_org.ssgproject.content_rule_file_owner_cron_hourly" selected="true"/>
    <select idref="xccdf_org.ssgproject.content_rule_file_owner_cron_monthly" selected="true"/>
    <select idref="xccdf_org.ssgproject.content_rule_file_owner_cron_weekly" selected="true"/>
    <select idref="xccdf_org.ssgproject.content_rule_file_owner_crontab" selected="true"/>
    <select idref="xccdf_org.ssgproject.content_rule_file_owner_etc_group" selected="true"/>
    <select idref="xccdf_org.ssgproject.content_rule_file_owner_etc_gshadow" selected="true"/>
    <select idref="xccdf_org.ssgproject.content_rule_file_owner_etc_issue" selected="true"/>
    <select idref="xccdf_org.ssgproject.content_rule_file_owner_etc_issue_net" selected="true"/>
    <select idref="xccdf_org.ssgproject.content_rule_file_owner_etc_motd" selected="true"/>
    <select idref="xccdf_org.ssgproject.content_rule_file_owner_etc_passwd" selected="true"/>
    <select idref="xccdf_org.ssgproject.content_rule_file_owner_etc_shadow" selected="true"/>
    <select idref="xccdf_org.ssgproject.content_rule_file_owner_grub2_cfg" selected="true"/>
    <select idref="xccdf_org.ssgproject.content_rule_file_owner_sshd_config" selected="true"/>
    <select idref="xccdf_org.ssgproject.content_rule_file_permissions_at_allow" selected="true"/>
    <select idref="xccdf_org.ssgproject.content_rule_file_permissions_backup_etc_group" selected="true"/>
    <select idref="xccdf_org.ssgproject.content_rule_file_permissions_backup_etc_gshadow" selected="true"/>
    <select idref="xccdf_org.ssgproject.content_rule_file_permissions_backup_etc_passwd" selected="true"/>
    <select idref="xccdf_org.ssgproject.content_rule_file_permissions_backup_etc_shadow" selected="true"/>
    <select idref="xccdf_org.ssgproject.content_rule_file_permissions_cron_allow" selected="true"/>
    <select idref="xccdf_org.ssgproject.content_rule_file_permissions_cron_d" selected="true"/>
    <select idref="xccdf_org.ssgproject.content_rule_file_permissions_cron_daily" selected="true"/>
    <select idref="xccdf_org.ssgproject.content_rule_file_permissions_cron_hourly" selected="true"/>
    <select idref="xccdf_org.ssgproject.content_rule_file_permissions_cron_monthly" selected="true"/>
    <select idref="xccdf_org.ssgproject.content_rule_file_permissions_cron_weekly" selected="true"/>
    <select idref="xccdf_org.ssgproject.content_rule_file_permissions_crontab" selected="true"/>
    <select idref="xccdf_org.ssgproject.content_rule_file_permissions_etc_group" selected="true"/>
    <select idref="xccdf_org.ssgproject.content_rule_file_permissions_etc_gshadow" selected="true"/>
    <select idref="xccdf_org.ssgproject.content_rule_file_permissions_etc_issue" selected="true"/>
    <select idref="xccdf_org.ssgproject.content_rule_file_permissions_etc_issue_net" selected="true"/>
    <select idref="xccdf_org.ssgproject.content_rule_file_permissions_etc_motd" selected="true"/>
    <select idref="xccdf_org.ssgproject.content_rule_file_permissions_etc_passwd" selected="true"/>
    <select idref="xccdf_org.ssgproject.content_rule_file_permissions_etc_shadow" selected="true"/>
    <select idref="xccdf_org.ssgproject.content_rule_file_permissions_grub2_cfg" selected="true"/>
    <select idref="xccdf_org.ssgproject.content_rule_file_permissions_home_directories" selected="true"/>
    <select idref="xccdf_org.ssgproject.content_rule_file_permissions_sshd_config" selected="true"/>
    <select idref="xccdf_org.ssgproject.content_rule_file_permissions_sshd_private_key" selected="true"/>
    <select idref="xccdf_org.ssgproject.content_rule_file_permissions_sshd_pub_key" selected="true"/>
    <select idref="xccdf_org.ssgproject.content_rule_file_permissions_unauthorized_world_writable" selected="true"/>
    <select idref="xccdf_org.ssgproject.content_rule_file_permissions_ungroupowned" selected="true"/>
    <select idref="xccdf_org.ssgproject.content_rule_firewalld-backend" selected="true"/>
    <select idref="xccdf_org.ssgproject.content_rule_gid_passwd_group_same" selected="true"/>
    <select idref="xccdf_org.ssgproject.content_rule_group_unique_id" selected="true"/>
    <select idref="xccdf_org.ssgproject.content_rule_group_unique_name" selected="true"/>
    <select idref="xccdf_org.ssgproject.content_rule_grub2_password" selected="true"/>
    <select idref="xccdf_org.ssgproject.content_rule_grub2_uefi_password" selected="true"/>
    <select idref="xccdf_org.ssgproject.content_rule_install_PAE_kernel_on_x86-32" selected="true"/>
    <select idref="xccdf_org.ssgproject.content_rule_journald_compress" selected="true"/>
    <select idref="xccdf_org.ssgproject.content_rule_journald_forward_to_syslog" selected="true"/>
    <select idref="xccdf_org.ssgproject.content_rule_journald_storage" selected="true"/>
    <select idref="xccdf_org.ssgproject.content_rule_kernel_module_udf_disabled" selected="true"/>
    <select idref="xccdf_org.ssgproject.content_rule_kernel_module_usb-storage_disabled" selected="true"/>
    <select idref="xccdf_org.ssgproject.content_rule_mount_option_dev_shm_nodev" selected="true"/>
    <select idref="xccdf_org.ssgproject.content_rule_mount_option_dev_shm_noexec" selected="true"/>
    <select idref="xccdf_org.ssgproject.content_rule_mount_option_dev_shm_nosuid" selected="true"/>
    <select idref="xccdf_org.ssgproject.content_rule_mount_option_home_nodev" selected="true"/>
    <select idref="xccdf_org.ssgproject.content_rule_mount_option_nodev_removable_partitions" selected="true"/>
    <select idref="xccdf_org.ssgproject.content_rule_mount_option_noexec_removable_partitions" selected="true"/>
    <select idref="xccdf_org.ssgproject.content_rule_mount_option_nosuid_removable_partitions" selected="true"/>
    <select idref="xccdf_org.ssgproject.content_rule_mount_option_tmp_nodev" selected="true"/>
    <select idref="xccdf_org.ssgproject.content_rule_mount_option_tmp_noexec" selected="true"/>
    <select idref="xccdf_org.ssgproject.content_rule_mount_option_tmp_nosuid" selected="true"/>
    <select idref="xccdf_org.ssgproject.content_rule_mount_option_var_tmp_nodev" selected="true"/>
    <select idref="xccdf_org.ssgproject.content_rule_mount_option_var_tmp_noexec" selected="true"/>
    <select idref="xccdf_org.ssgproject.content_rule_mount_option_var_tmp_nosuid" selected="true"/>
    <select idref="xccdf_org.ssgproject.content_rule_nftables_ensure_default_deny_policy" selected="true"/>
    <select idref="xccdf_org.ssgproject.content_rule_nftables_rules_permanent" selected="true"/>
    <select idref="xccdf_org.ssgproject.content_rule_no_direct_root_logins" selected="true"/>
    <select idref="xccdf_org.ssgproject.content_rule_no_files_unowned_by_user" selected="true"/>
    <select idref="xccdf_org.ssgproject.content_rule_no_forward_files" selected="true"/>
    <select idref="xccdf_org.ssgproject.content_rule_no_legacy_plus_entries_etc_passwd" selected="true"/>
    <select idref="xccdf_org.ssgproject.content_rule_no_legacy_plus_entries_etc_shadow" selected="true"/>
    <select idref="xccdf_org.ssgproject.content_rule_no_netrc_files" selected="true"/>
    <select idref="xccdf_org.ssgproject.content_rule_no_shelllogin_for_systemaccounts" selected="true"/>
    <select idref="xccdf_org.ssgproject.content_rule_package_aide_installed" selected="true"/>
    <select idref="xccdf_org.ssgproject.content_rule_package_apparmor_installed" selected="true"/>
    <select idref="xccdf_org.ssgproject.content_rule_package_avahi-autoipd_removed" selected="true"/>
    <select idref="xccdf_org.ssgproject.content_rule_package_avahi_removed" selected="true"/>
    <select idref="xccdf_org.ssgproject.content_rule_package_bind_removed" selected="true"/>
    <select idref="xccdf_org.ssgproject.content_rule_package_chrony_installed" selected="true"/>
    <select idref="xccdf_org.ssgproject.content_rule_package_cron_installed" selected="true"/>
    <select idref="xccdf_org.ssgproject.content_rule_package_cups_removed" selected="true"/>
    <select idref="xccdf_org.ssgproject.content_rule_package_dhcp_client_removed" selected="true"/>
    <select idref="xccdf_org.ssgproject.content_rule_package_dhcp_removed" selected="true"/>
    <select idref="xccdf_org.ssgproject.content_rule_package_dovecot_removed" selected="true"/>
    <select idref="xccdf_org.ssgproject.content_rule_package_firewalld_installed" selected="true"/>
    <select idref="xccdf_org.ssgproject.content_rule_package_firewalld_removed" selected="true"/>
    <select idref="xccdf_org.ssgproject.content_rule_package_gdm_removed" selected="true"/>
    <select idref="xccdf_org.ssgproject.content_rule_package_httpd_removed" selected="true"/>
    <select idref="xccdf_org.ssgproject.content_rule_package_iptables_installed" selected="true"/>
    <select idref="xccdf_org.ssgproject.content_rule_package_logrotate_installed" selected="true"/>
    <select idref="xccdf_org.ssgproject.content_rule_package_net-snmp_removed" selected="true"/>
    <select idref="xccdf_org.ssgproject.content_rule_package_nfs-utils_removed" selected="true"/>
    <select idref="xccdf_org.ssgproject.content_rule_package_nftables_installed" selected="true"/>
    <select idref="xccdf_org.ssgproject.content_rule_package_nftables_removed" selected="true"/>
    <select idref="xccdf_org.ssgproject.content_rule_package_openldap-clients_removed" selected="true"/>
    <select idref="xccdf_org.ssgproject.content_rule_package_openldap-servers_removed" selected="true"/>
    <select idref="xccdf_org.ssgproject.content_rule_package_rpcbind_removed" selected="true"/>
    <select idref="xccdf_org.ssgproject.content_rule_package_rsh_removed" selected="true"/>
    <select idref="xccdf_org.ssgproject.content_rule_package_rsync_removed" selected="true"/>
    <select idref="xccdf_org.ssgproject.content_rule_package_rsyslog_installed" selected="true"/>
    <select idref="xccdf_org.ssgproject.content_rule_package_samba_removed" selected="true"/>
    <select idref="xccdf_org.ssgproject.content_rule_package_squid_removed" selected="true"/>
    <select idref="xccdf_org.ssgproject.content_rule_package_sudo_installed" selected="true"/>
    <select idref="xccdf_org.ssgproject.content_rule_package_talk_removed" selected="true"/>
    <select idref="xccdf_org.ssgproject.content_rule_package_tcp_wrappers_removed" selected="true"/>
    <select idref="xccdf_org.ssgproject.content_rule_package_telnet-server_removed" selected="true"/>
    <select idref="xccdf_org.ssgproject.content_rule_package_telnet_removed" selected="true"/>
    <select idref="xccdf_org.ssgproject.content_rule_package_vsftpd_removed" selected="true"/>
    <select idref="xccdf_org.ssgproject.content_rule_package_xinetd_removed" selected="true"/>
    <select idref="xccdf_org.ssgproject.content_rule_package_xorg-x11-server-common_removed" selected="true"/>
    <select idref="xccdf_org.ssgproject.content_rule_package_ypbind_removed" selected="true"/>
    <select idref="xccdf_org.ssgproject.content_rule_package_ypserv_removed" selected="true"/>
    <select idref="xccdf_org.ssgproject.content_rule_partition_for_dev_shm" selected="true"/>
    <select idref="xccdf_org.ssgproject.content_rule_partition_for_tmp" selected="true"/>
    <select idref="xccdf_org.ssgproject.content_rule_permissions_local_var_log" selected="true"/>
    <select idref="xccdf_org.ssgproject.content_rule_postfix_network_listening_disabled" selected="true"/>
    <select idref="xccdf_org.ssgproject.content_rule_require_emergency_target_auth" selected="true"/>
    <select idref="xccdf_org.ssgproject.content_rule_require_singleuser_auth" selected="true"/>
    <select idref="xccdf_org.ssgproject.content_rule_root_path_no_dot" selected="true"/>
    <select idref="xccdf_org.ssgproject.content_rule_rsyslog_files_groupownership" selected="true"/>
    <select idref="xccdf_org.ssgproject.content_rule_rsyslog_files_ownership" selected="true"/>
    <select idref="xccdf_org.ssgproject.content_rule_rsyslog_files_permissions" selected="true"/>
    <select idref="xccdf_org.ssgproject.content_rule_rsyslog_logging_configured" selected="true"/>
    <select idref="xccdf_org.ssgproject.content_rule_rsyslog_remote_loghost" selected="true"/>
    <select idref="xccdf_org.ssgproject.content_rule_securetty_root_login_console_only" selected="true"/>
    <select idref="xccdf_org.ssgproject.content_rule_service_autofs_disabled" selected="true"/>
    <select idref="xccdf_org.ssgproject.content_rule_service_avahi-daemon_disabled" selected="true"/>
    <select idref="xccdf_org.ssgproject.content_rule_service_cron_enabled" selected="true"/>
    <select idref="xccdf_org.ssgproject.content_rule_service_cups_disabled" selected="true"/>
    <select idref="xccdf_org.ssgproject.content_rule_service_dhcpd_disabled" selected="true"/>
    <select idref="xccdf_org.ssgproject.content_rule_service_dovecot_disabled" selected="true"/>
    <select idref="xccdf_org.ssgproject.content_rule_service_firewalld_disabled" selected="true"/>
    <select idref="xccdf_org.ssgproject.content_rule_service_firewalld_enabled" selected="true"/>
    <select idref="xccdf_org.ssgproject.content_rule_service_httpd_disabled" selected="true"/>
    <select idref="xccdf_org.ssgproject.content_rule_service_iptables_enabled" selected="true"/>
    <select idref="xccdf_org.ssgproject.content_rule_service_named_disabled" selected="true"/>
    <select idref="xccdf_org.ssgproject.content_rule_service_nfs_disabled" selected="true"/>
    <select idref="xccdf_org.ssgproject.content_rule_service_nftables_disabled" selected="true"/>
    <select idref="xccdf_org.ssgproject.content_rule_service_nftables_enabled" selected="true"/>
    <select idref="xccdf_org.ssgproject.content_rule_service_rpcbind_disabled" selected="true"/>
    <select idref="xccdf_org.ssgproject.content_rule_service_rsyncd_disabled" selected="true"/>
    <select idref="xccdf_org.ssgproject.content_rule_service_rsyslog_enabled" selected="true"/>
    <select idref="xccdf_org.ssgproject.content_rule_service_smb_disabled" selected="true"/>
    <select idref="xccdf_org.ssgproject.content_rule_service_snmpd_disabled" selected="true"/>
    <select idref="xccdf_org.ssgproject.content_rule_service_squid_disabled" selected="true"/>
    <select idref="xccdf_org.ssgproject.content_rule_service_timesyncd_root_distance_configured" selected="true"/>
    <select idref="xccdf_org.ssgproject.content_rule_service_vsftpd_disabled" selected="true"/>
    <select idref="xccdf_org.ssgproject.content_rule_service_xinetd_disabled" selected="true"/>
    <select idref="xccdf_org.ssgproject.content_rule_set_firewalld_appropriate_zone" selected="true"/>
    <select idref="xccdf_org.ssgproject.content_rule_set_firewalld_default_zone" selected="true"/>
    <select idref="xccdf_org.ssgproject.content_rule_set_ip6tables_default_rule" selected="true"/>
    <select idref="xccdf_org.ssgproject.content_rule_set_iptables_default_rule" selected="true"/>
    <select idref="xccdf_org.ssgproject.content_rule_set_iptables_default_rule_forward" selected="true"/>
    <select idref="xccdf_org.ssgproject.content_rule_set_iptables_outbound_n_established" selected="true"/>
    <select idref="xccdf_org.ssgproject.content_rule_set_ipv6_loopback_traffic" selected="true"/>
    <select idref="xccdf_org.ssgproject.content_rule_set_loopback_traffic" selected="true"/>
    <select idref="xccdf_org.ssgproject.content_rule_set_nftables_base_chain" selected="true"/>
    <select idref="xccdf_org.ssgproject.content_rule_set_nftables_loopback_traffic" selected="true"/>
    <select idref="xccdf_org.ssgproject.content_rule_set_nftables_new_connections" selected="true"/>
    <select idref="xccdf_org.ssgproject.content_rule_set_nftables_table" selected="true"/>
    <select idref="xccdf_org.ssgproject.content_rule_set_password_hashing_algorithm_logindefs" selected="true"/>
    <select idref="xccdf_org.ssgproject.content_rule_sshd_disable_empty_passwords" selected="true"/>
    <select idref="xccdf_org.ssgproject.content_rule_sshd_disable_rhosts" selected="true"/>
    <select idref="xccdf_org.ssgproject.content_rule_sshd_disable_root_login" selected="true"/>
    <select idref="xccdf_org.ssgproject.content_rule_sshd_do_not_permit_user_env" selected="true"/>
    <select idref="xccdf_org.ssgproject.content_rule_sshd_enable_pam" selected="true"/>
    <select idref="xccdf_org.ssgproject.content_rule_sshd_enable_warning_banner" selected="true"/>
    <select idref="xccdf_org.ssgproject.content_rule_sshd_limit_user_access" selected="true"/>
    <select idref="xccdf_org.ssgproject.content_rule_sshd_set_idle_timeout" selected="true"/>
    <select idref="xccdf_org.ssgproject.content_rule_sshd_set_keepalive" selected="true"/>
    <select idref="xccdf_org.ssgproject.content_rule_sshd_set_login_grace_time" selected="true"/>
    <select idref="xccdf_org.ssgproject.content_rule_sshd_set_loglevel_verbose" selected="true"/>
    <select idref="xccdf_org.ssgproject.content_rule_sshd_set_max_auth_tries" selected="true"/>
    <select idref="xccdf_org.ssgproject.content_rule_sshd_set_max_sessions" selected="true"/>
    <select idref="xccdf_org.ssgproject.content_rule_sshd_set_maxstartups" selected="true"/>
    <select idref="xccdf_org.ssgproject.content_rule_sshd_use_approved_ciphers" selected="true"/>
    <select idref="xccdf_org.ssgproject.content_rule_sshd_use_approved_macs" selected="true"/>
    <select idref="xccdf_org.ssgproject.content_rule_sshd_use_strong_ciphers" selected="true"/>
    <select idref="xccdf_org.ssgproject.content_rule_sshd_use_strong_kex" selected="true"/>
    <select idref="xccdf_org.ssgproject.content_rule_sshd_use_strong_macs" selected="true"/>
    <select idref="xccdf_org.ssgproject.content_rule_sudo_add_use_pty" selected="true"/>
    <select idref="xccdf_org.ssgproject.content_rule_sudo_custom_logfile" selected="true"/>
    <select idref="xccdf_org.ssgproject.content_rule_sysctl_fs_suid_dumpable" selected="true"/>
    <select idref="xccdf_org.ssgproject.content_rule_sysctl_kernel_randomize_va_space" selected="true"/>
    <select idref="xccdf_org.ssgproject.content_rule_sysctl_net_ipv4_conf_all_accept_redirects" selected="true"/>
    <select idref="xccdf_org.ssgproject.content_rule_sysctl_net_ipv4_conf_all_accept_source_route" selected="true"/>
    <select idref="xccdf_org.ssgproject.content_rule_sysctl_net_ipv4_conf_all_log_martians" selected="true"/>
    <select idref="xccdf_org.ssgproject.content_rule_sysctl_net_ipv4_conf_all_rp_filter" selected="true"/>
    <select idref="xccdf_org.ssgproject.content_rule_sysctl_net_ipv4_conf_all_secure_redirects" selected="true"/>
    <select idref="xccdf_org.ssgproject.content_rule_sysctl_net_ipv4_conf_all_send_redirects" selected="true"/>
    <select idref="xccdf_org.ssgproject.content_rule_sysctl_net_ipv4_conf_default_accept_redirects" selected="true"/>
    <select idref="xccdf_org.ssgproject.content_rule_sysctl_net_ipv4_conf_default_accept_source_route" selected="true"/>
    <select idref="xccdf_org.ssgproject.content_rule_sysctl_net_ipv4_conf_default_log_martians" selected="true"/>
    <select idref="xccdf_org.ssgproject.content_rule_sysctl_net_ipv4_conf_default_rp_filter" selected="true"/>
    <select idref="xccdf_org.ssgproject.content_rule_sysctl_net_ipv4_conf_default_secure_redirects" selected="true"/>
    <select idref="xccdf_org.ssgproject.content_rule_sysctl_net_ipv4_conf_default_send_redirects" selected="true"/>
    <select idref="xccdf_org.ssgproject.content_rule_sysctl_net_ipv4_icmp_echo_ignore_broadcasts" selected="true"/>
    <select idref="xccdf_org.ssgproject.content_rule_sysctl_net_ipv4_icmp_ignore_bogus_error_responses" selected="true"/>
    <select idref="xccdf_org.ssgproject.content_rule_sysctl_net_ipv4_ip_forward" selected="true"/>
    <select idref="xccdf_org.ssgproject.content_rule_sysctl_net_ipv4_tcp_syncookies" selected="true"/>
    <select idref="xccdf_org.ssgproject.content_rule_sysctl_net_ipv6_conf_all_accept_ra" selected="true"/>
    <select idref="xccdf_org.ssgproject.content_rule_sysctl_net_ipv6_conf_all_accept_redirects" selected="true"/>
    <select idref="xccdf_org.ssgproject.content_rule_sysctl_net_ipv6_conf_all_accept_source_route" selected="true"/>
    <select idref="xccdf_org.ssgproject.content_rule_sysctl_net_ipv6_conf_all_forwarding" selected="true"/>
    <select idref="xccdf_org.ssgproject.content_rule_sysctl_net_ipv6_conf_default_accept_ra" selected="true"/>
    <select idref="xccdf_org.ssgproject.content_rule_sysctl_net_ipv6_conf_default_accept_redirects" selected="true"/>
    <select idref="xccdf_org.ssgproject.content_rule_sysctl_net_ipv6_conf_default_accept_source_route" selected="true"/>
    <select idref="xccdf_org.ssgproject.content_rule_timer_logrotate_enabled" selected="true"/>
    <select idref="xccdf_org.ssgproject.content_rule_unnecessary_firewalld_services_ports_disabled" selected="true"/>
    <select idref="xccdf_org.ssgproject.content_rule_use_pam_wheel_group_for_su" selected="true"/>
    <select idref="xccdf_org.ssgproject.content_rule_wireless_disable_interfaces" selected="true"/>
    <select idref="xccdf_org.ssgproject.content_rule_xwindows_remove_packages" selected="true"/>
    <select idref="xccdf_org.ssgproject.content_group_audit_dac_actions" selected="false"/>
    <select idref="xccdf_org.ssgproject.content_group_audit_execution_acl_commands" selected="false"/>
    <select idref="xccdf_org.ssgproject.content_group_audit_execution_selinux_commands" selected="false"/>
    <select idref="xccdf_org.ssgproject.content_group_audit_file_deletion_events" selected="false"/>
    <select idref="xccdf_org.ssgproject.content_group_audit_file_modification" selected="false"/>
    <select idref="xccdf_org.ssgproject.content_group_audit_kernel_module_loading" selected="false"/>
    <select idref="xccdf_org.ssgproject.content_group_audit_login_events" selected="false"/>
    <select idref="xccdf_org.ssgproject.content_group_audit_privileged_commands" selected="false"/>
    <select idref="xccdf_org.ssgproject.content_group_audit_time_rules" selected="false"/>
    <select idref="xccdf_org.ssgproject.content_group_auditd_configure_rules" selected="false"/>
    <select idref="xccdf_org.ssgproject.content_group_auditing" selected="false"/>
    <select idref="xccdf_org.ssgproject.content_group_avahi_configuration" selected="false"/>
    <select idref="xccdf_org.ssgproject.content_group_base" selected="false"/>
    <select idref="xccdf_org.ssgproject.content_group_certified-vendor" selected="false"/>
    <select idref="xccdf_org.ssgproject.content_group_configure_auditd_data_retention" selected="false"/>
    <select idref="xccdf_org.ssgproject.content_group_console_screen_locking" selected="false"/>
    <select idref="xccdf_org.ssgproject.content_group_crypto" selected="false"/>
    <select idref="xccdf_org.ssgproject.content_group_deprecated" selected="false"/>
    <select idref="xccdf_org.ssgproject.content_group_dhcp_client_configuration" selected="false"/>
    <select idref="xccdf_org.ssgproject.content_group_dhcp_server_configuration" selected="false"/>
    <select idref="xccdf_org.ssgproject.content_group_disabling_cyrus-imapd" selected="false"/>
    <select idref="xccdf_org.ssgproject.content_group_disabling_ipv6" selected="false"/>
    <select idref="xccdf_org.ssgproject.content_group_disabling_netfs" selected="false"/>
    <select idref="xccdf_org.ssgproject.content_group_disabling_quagga" selected="false"/>
    <select idref="xccdf_org.ssgproject.content_group_endpoint_security_software" selected="false"/>
    <select idref="xccdf_org.ssgproject.content_group_entropy" selected="false"/>
    <select idref="xccdf_org.ssgproject.content_group_fapolicyd" selected="false"/>
    <select idref="xccdf_org.ssgproject.content_group_file_permissions_auditd" selected="false"/>
    <select idref="xccdf_org.ssgproject.content_group_fips" selected="false"/>
    <select idref="xccdf_org.ssgproject.content_group_ftp_configure_vsftpd" selected="false"/>
    <select idref="xccdf_org.ssgproject.content_group_ftp_restrict_users" selected="false"/>
    <select idref="xccdf_org.ssgproject.content_group_gnome_login_screen" selected="false"/>
    <select idref="xccdf_org.ssgproject.content_group_gnome_media_settings" selected="false"/>
    <select idref="xccdf_org.ssgproject.content_group_gnome_remote_access_settings" selected="false"/>
    <select idref="xccdf_org.ssgproject.content_group_gnome_screen_locking" selected="false"/>
    <select idref="xccdf_org.ssgproject.content_group_kernel_build_config" selected="false"/>
    <select idref="xccdf_org.ssgproject.content_group_mcafee_endpoint_security_software" selected="false"/>
    <select idref="xccdf_org.ssgproject.content_group_mcafee_security_software" selected="false"/>
    <select idref="xccdf_org.ssgproject.content_group_mounting_remote_filesystems" selected="false"/>
    <select idref="xccdf_org.ssgproject.content_group_network-ipsec" selected="false"/>
    <select idref="xccdf_org.ssgproject.content_group_network-ufw" selected="false"/>
    <select idref="xccdf_org.ssgproject.content_group_network-uncommon" selected="false"/>
    <select idref="xccdf_org.ssgproject.content_group_nfs_configuring_servers" selected="false"/>
    <select idref="xccdf_org.ssgproject.content_group_password_quality_pwquality" selected="false"/>
    <select idref="xccdf_org.ssgproject.content_group_permissions_local" selected="false"/>
    <select idref="xccdf_org.ssgproject.content_group_permissions_var_log_dir" selected="false"/>
    <select idref="xccdf_org.ssgproject.content_group_permissions_within_important_dirs" selected="false"/>
    <select idref="xccdf_org.ssgproject.content_group_poisoning" selected="false"/>
    <select idref="xccdf_org.ssgproject.content_group_routing" selected="false"/>
    <select idref="xccdf_org.ssgproject.content_group_rpm_verification" selected="false"/>
    <select idref="xccdf_org.ssgproject.content_group_rsyslog_accepting_remote_messages" selected="false"/>
    <select idref="xccdf_org.ssgproject.content_group_screen_locking" selected="false"/>
    <select idref="xccdf_org.ssgproject.content_group_selinux" selected="false"/>
    <select idref="xccdf_org.ssgproject.content_group_selinux-booleans" selected="false"/>
    <select idref="xccdf_org.ssgproject.content_group_smart_card_login" selected="false"/>
    <select idref="xccdf_org.ssgproject.content_group_sssd" selected="false"/>
    <select idref="xccdf_org.ssgproject.content_group_sssd-ldap" selected="false"/>
    <select idref="xccdf_org.ssgproject.content_group_system-tools" selected="false"/>
    <select idref="xccdf_org.ssgproject.content_group_tftp" selected="false"/>
    <refine-value idref="xccdf_org.ssgproject.content_value_var_pam_wheel_group_for_su" selector="cis"/>
    <refine-value idref="xccdf_org.ssgproject.content_value_var_accounts_user_umask" selector="027"/>
    <refine-value idref="xccdf_org.ssgproject.content_value_var_accounts_tmout" selector="15_min"/>
    <refine-value idref="xccdf_org.ssgproject.content_value_var_account_disable_post_pw_expiration" selector="30"/>
    <refine-value idref="xccdf_org.ssgproject.content_value_var_accounts_password_warn_age_login_defs" selector="7"/>
    <refine-value idref="xccdf_org.ssgproject.content_value_var_accounts_minimum_age_login_defs" selector="1"/>
    <refine-value idref="xccdf_org.ssgproject.content_value_var_accounts_maximum_age_login_defs" selector="365"/>
    <refine-value idref="xccdf_org.ssgproject.content_value_var_password_pam_remember" selector="5"/>
    <refine-value idref="xccdf_org.ssgproject.content_value_var_password_pam_tally2" selector="5"/>
    <refine-value idref="xccdf_org.ssgproject.content_value_var_accounts_passwords_pam_tally2_unlock_time" selector="1800"/>
    <refine-value idref="xccdf_org.ssgproject.content_value_var_password_pam_dcredit" selector="1"/>
    <refine-value idref="xccdf_org.ssgproject.content_value_var_password_pam_ucredit" selector="1"/>
    <refine-value idref="xccdf_org.ssgproject.content_value_var_password_pam_lcredit" selector="1"/>
    <refine-value idref="xccdf_org.ssgproject.content_value_var_password_pam_ocredit" selector="1"/>
    <refine-value idref="xccdf_org.ssgproject.content_value_var_password_pam_minlen" selector="14"/>
    <refine-value idref="xccdf_org.ssgproject.content_value_var_password_pam_retry" selector="3"/>
    <refine-value idref="xccdf_org.ssgproject.content_value_var_sshd_max_sessions" selector="10"/>
    <refine-value idref="xccdf_org.ssgproject.content_value_var_sshd_set_maxstartups" selector="10:30:60"/>
    <refine-value idref="xccdf_org.ssgproject.content_value_var_sshd_set_login_grace_time" selector="60"/>
    <refine-value idref="xccdf_org.ssgproject.content_value_sshd_idle_timeout_value" selector="5_minutes"/>
    <refine-value idref="xccdf_org.ssgproject.content_value_var_sshd_set_keepalive" selector="0"/>
    <refine-value idref="xccdf_org.ssgproject.content_value_sshd_strong_kex" selector="cis_sle15"/>
    <refine-value idref="xccdf_org.ssgproject.content_value_sshd_approved_macs" selector="cis_sle15"/>
    <refine-value idref="xccdf_org.ssgproject.content_value_sshd_strong_macs" selector="cis_sle15"/>
    <refine-value idref="xccdf_org.ssgproject.content_value_sshd_approved_ciphers" selector="cis_sle15"/>
    <refine-value idref="xccdf_org.ssgproject.content_value_sshd_max_auth_tries_value" selector="4"/>
    <refine-value idref="xccdf_org.ssgproject.content_value_var_nftables_master_config_file" selector="sysconfig"/>
    <refine-value idref="xccdf_org.ssgproject.content_value_var_nftables_base_chain_names" selector="chain_names"/>
    <refine-value idref="xccdf_org.ssgproject.content_value_var_nftables_base_chain_types" selector="chain_types"/>
    <refine-value idref="xccdf_org.ssgproject.content_value_var_nftables_base_chain_hooks" selector="chain_hooks"/>
    <refine-value idref="xccdf_org.ssgproject.content_value_var_nftables_base_chain_priorities" selector="chain_priorities"/>
    <refine-value idref="xccdf_org.ssgproject.content_value_var_nftables_base_chain_policies" selector="chain_policies"/>
    <refine-value idref="xccdf_org.ssgproject.content_value_var_nftables_family" selector="inet"/>
    <refine-value idref="xccdf_org.ssgproject.content_value_var_nftables_table" selector="filter"/>
    <refine-value idref="xccdf_org.ssgproject.content_value_sysctl_net_ipv6_conf_all_accept_ra_value" selector="disabled"/>
    <refine-value idref="xccdf_org.ssgproject.content_value_sysctl_net_ipv6_conf_default_accept_ra_value" selector="disabled"/>
    <refine-value idref="xccdf_org.ssgproject.content_value_sysctl_net_ipv4_tcp_syncookies_value" selector="enabled"/>
    <refine-value idref="xccdf_org.ssgproject.content_value_sysctl_net_ipv4_conf_all_rp_filter_value" selector="enabled"/>
    <refine-value idref="xccdf_org.ssgproject.content_value_sysctl_net_ipv4_conf_default_rp_filter_value" selector="enabled"/>
    <refine-value idref="xccdf_org.ssgproject.content_value_sysctl_net_ipv4_icmp_ignore_bogus_error_responses_value" selector="enabled"/>
    <refine-value idref="xccdf_org.ssgproject.content_value_sysctl_net_ipv4_icmp_echo_ignore_broadcasts_value" selector="enabled"/>
    <refine-value idref="xccdf_org.ssgproject.content_value_sysctl_net_ipv4_conf_all_log_martians_value" selector="enabled"/>
    <refine-value idref="xccdf_org.ssgproject.content_value_sysctl_net_ipv4_conf_default_log_martians_value" selector="enabled"/>
    <refine-value idref="xccdf_org.ssgproject.content_value_sysctl_net_ipv4_conf_all_secure_redirects_value" selector="disabled"/>
    <refine-value idref="xccdf_org.ssgproject.content_value_sysctl_net_ipv4_conf_default_secure_redirects_value" selector="disabled"/>
    <refine-value idref="xccdf_org.ssgproject.content_value_sysctl_net_ipv4_conf_all_accept_redirects_value" selector="disabled"/>
    <refine-value idref="xccdf_org.ssgproject.content_value_sysctl_net_ipv4_conf_default_accept_redirects_value" selector="disabled"/>
    <refine-value idref="xccdf_org.ssgproject.content_value_sysctl_net_ipv6_conf_all_accept_redirects_value" selector="disabled"/>
    <refine-value idref="xccdf_org.ssgproject.content_value_sysctl_net_ipv6_conf_default_accept_redirects_value" selector="disabled"/>
    <refine-value idref="xccdf_org.ssgproject.content_value_sysctl_net_ipv4_conf_all_accept_source_route_value" selector="disabled"/>
    <refine-value idref="xccdf_org.ssgproject.content_value_sysctl_net_ipv4_conf_default_accept_source_route_value" selector="disabled"/>
    <refine-value idref="xccdf_org.ssgproject.content_value_sysctl_net_ipv6_conf_all_accept_source_route_value" selector="disabled"/>
    <refine-value idref="xccdf_org.ssgproject.content_value_sysctl_net_ipv6_conf_default_accept_source_route_value" selector="disabled"/>
    <refine-value idref="xccdf_org.ssgproject.content_value_sysctl_net_ipv6_conf_all_forwarding_value" selector="disabled"/>
    <refine-value idref="xccdf_org.ssgproject.content_value_var_postfix_inet_interfaces" selector="loopback-only"/>
    <refine-value idref="xccdf_org.ssgproject.content_value_var_multiple_time_servers" selector="suse"/>
    <refine-value idref="xccdf_org.ssgproject.content_value_var_multiple_time_pools" selector="suse"/>
    <refine-value idref="xccdf_org.ssgproject.content_value_remote_login_banner_text" selector="cis_banners"/>
    <refine-value idref="xccdf_org.ssgproject.content_value_login_banner_text" selector="cis_banners"/>
    <refine-value idref="xccdf_org.ssgproject.content_value_motd_banner_text" selector="cis_banners"/>
    <refine-value idref="xccdf_org.ssgproject.content_value_var_apparmor_mode" selector="complain"/>
    <refine-value idref="xccdf_org.ssgproject.content_value_var_sudo_logfile" selector="var_log_sudo_log"/>
  </Profile>
  <Profile id="xccdf_org.ssgproject.content_profile_cis_workstation_l1">
    <version>1.2.0</version>
    <title xmlns:xhtml="http://www.w3.org/1999/xhtml" xml:lang="en-US" override="true">CIS SUSE Linux Enterprise 15 Benchmark for Level 1 - Workstation</title>
    <description xmlns:xhtml="http://www.w3.org/1999/xhtml" xml:lang="en-US" override="true">This profile defines a baseline that aligns to the "Level 1 - Workstation"
configuration from the Center for Internet Security®
SUSE Linux Enterprise 15 Benchmark™, v1.1.1, released 01-24-2022.

This profile includes Center for Internet Security®
SUSE Linux Enterprise 15 CIS Benchmarks™ content.</description>
    <reference>https://www.cisecurity.org/cis-benchmarks/#suse_linux</reference>
    <select idref="xccdf_org.ssgproject.content_rule_account_disable_post_pw_expiration" selected="true"/>
    <select idref="xccdf_org.ssgproject.content_rule_account_unique_id" selected="true"/>
    <select idref="xccdf_org.ssgproject.content_rule_account_unique_name" selected="true"/>
    <select idref="xccdf_org.ssgproject.content_rule_accounts_maximum_age_login_defs" selected="true"/>
    <select idref="xccdf_org.ssgproject.content_rule_accounts_minimum_age_login_defs" selected="true"/>
    <select idref="xccdf_org.ssgproject.content_rule_accounts_no_uid_except_zero" selected="true"/>
    <select idref="xccdf_org.ssgproject.content_rule_accounts_password_all_shadowed" selected="true"/>
    <select idref="xccdf_org.ssgproject.content_rule_accounts_password_all_shadowed_sha512" selected="true"/>
    <select idref="xccdf_org.ssgproject.content_rule_accounts_password_last_change_is_in_past" selected="true"/>
    <select idref="xccdf_org.ssgproject.content_rule_accounts_password_pam_pwhistory_remember" selected="true"/>
    <select idref="xccdf_org.ssgproject.content_rule_accounts_password_set_max_life_existing" selected="true"/>
    <select idref="xccdf_org.ssgproject.content_rule_accounts_password_set_min_life_existing" selected="true"/>
    <select idref="xccdf_org.ssgproject.content_rule_accounts_password_set_warn_age_existing" selected="true"/>
    <select idref="xccdf_org.ssgproject.content_rule_accounts_password_warn_age_login_defs" selected="true"/>
    <select idref="xccdf_org.ssgproject.content_rule_accounts_passwords_pam_tally2" selected="true"/>
    <select idref="xccdf_org.ssgproject.content_rule_accounts_passwords_pam_tally2_deny_root" selected="true"/>
    <select idref="xccdf_org.ssgproject.content_rule_accounts_passwords_pam_tally2_unlock_time" selected="true"/>
    <select idref="xccdf_org.ssgproject.content_rule_accounts_root_gid_zero" selected="true"/>
    <select idref="xccdf_org.ssgproject.content_rule_accounts_root_path_dirs_no_write" selected="true"/>
    <select idref="xccdf_org.ssgproject.content_rule_accounts_set_post_pw_existing" selected="true"/>
    <select idref="xccdf_org.ssgproject.content_rule_accounts_tmout" selected="true"/>
    <select idref="xccdf_org.ssgproject.content_rule_accounts_umask_etc_bashrc" selected="true"/>
    <select idref="xccdf_org.ssgproject.content_rule_accounts_umask_etc_login_defs" selected="true"/>
    <select idref="xccdf_org.ssgproject.content_rule_accounts_umask_etc_profile" selected="true"/>
    <select idref="xccdf_org.ssgproject.content_rule_accounts_user_interactive_home_directory_exists" selected="true"/>
    <select idref="xccdf_org.ssgproject.content_rule_accounts_users_home_files_permissions" selected="true"/>
    <select idref="xccdf_org.ssgproject.content_rule_accounts_users_netrc_file_permissions" selected="true"/>
    <select idref="xccdf_org.ssgproject.content_rule_aide_build_database" selected="true"/>
    <select idref="xccdf_org.ssgproject.content_rule_aide_periodic_checking_systemd_timer" selected="true"/>
    <select idref="xccdf_org.ssgproject.content_rule_all_apparmor_profiles_in_enforce_complain_mode" selected="true"/>
    <select idref="xccdf_org.ssgproject.content_rule_apparmor_configured" selected="true"/>
    <select idref="xccdf_org.ssgproject.content_rule_banner_etc_issue" selected="true"/>
    <select idref="xccdf_org.ssgproject.content_rule_banner_etc_issue_net" selected="true"/>
    <select idref="xccdf_org.ssgproject.content_rule_banner_etc_motd" selected="true"/>
    <select idref="xccdf_org.ssgproject.content_rule_bios_enable_execution_restrictions" selected="true"/>
    <select idref="xccdf_org.ssgproject.content_rule_chronyd_configure_pool_and_server" selected="true"/>
    <select idref="xccdf_org.ssgproject.content_rule_chronyd_run_as_chrony_user" selected="true"/>
    <select idref="xccdf_org.ssgproject.content_rule_coredump_disable_backtraces" selected="true"/>
    <select idref="xccdf_org.ssgproject.content_rule_coredump_disable_storage" selected="true"/>
    <select idref="xccdf_org.ssgproject.content_rule_cracklib_accounts_password_pam_dcredit" selected="true"/>
    <select idref="xccdf_org.ssgproject.content_rule_cracklib_accounts_password_pam_lcredit" selected="true"/>
    <select idref="xccdf_org.ssgproject.content_rule_cracklib_accounts_password_pam_minlen" selected="true"/>
    <select idref="xccdf_org.ssgproject.content_rule_cracklib_accounts_password_pam_ocredit" selected="true"/>
    <select idref="xccdf_org.ssgproject.content_rule_cracklib_accounts_password_pam_retry" selected="true"/>
    <select idref="xccdf_org.ssgproject.content_rule_cracklib_accounts_password_pam_ucredit" selected="true"/>
    <select idref="xccdf_org.ssgproject.content_rule_dconf_db_up_to_date" selected="true"/>
    <select idref="xccdf_org.ssgproject.content_rule_dconf_gnome_banner_enabled" selected="true"/>
    <select idref="xccdf_org.ssgproject.content_rule_dconf_gnome_login_banner_text" selected="true"/>
    <select idref="xccdf_org.ssgproject.content_rule_dir_perms_world_writable_sticky_bits" selected="true"/>
    <select idref="xccdf_org.ssgproject.content_rule_disable_host_auth" selected="true"/>
    <select idref="xccdf_org.ssgproject.content_rule_disable_prelink" selected="true"/>
    <select idref="xccdf_org.ssgproject.content_rule_disable_users_coredumps" selected="true"/>
    <select idref="xccdf_org.ssgproject.content_rule_enable_dconf_user_profile" selected="true"/>
    <select idref="xccdf_org.ssgproject.content_rule_ensure_GPG_keys_are_configured" selected="true"/>
    <select idref="xccdf_org.ssgproject.content_rule_ensure_firewall_rules_for_open_ports" selected="true"/>
    <select idref="xccdf_org.ssgproject.content_rule_ensure_gpgcheck_globally_activated" selected="true"/>
    <select idref="xccdf_org.ssgproject.content_rule_ensure_gpgcheck_never_disabled" selected="true"/>
    <select idref="xccdf_org.ssgproject.content_rule_ensure_iptables_are_flushed" selected="true"/>
    <select idref="xccdf_org.ssgproject.content_rule_ensure_logrotate_activated" selected="true"/>
    <select idref="xccdf_org.ssgproject.content_rule_ensure_package_repositories_are_configured" selected="true"/>
    <select idref="xccdf_org.ssgproject.content_rule_ensure_pam_wheel_group_empty" selected="true"/>
    <select idref="xccdf_org.ssgproject.content_rule_ensure_shadow_group_empty" selected="true"/>
    <select idref="xccdf_org.ssgproject.content_rule_file_at_deny_not_exist" selected="true"/>
    <select idref="xccdf_org.ssgproject.content_rule_file_cron_deny_not_exist" selected="true"/>
    <select idref="xccdf_org.ssgproject.content_rule_file_groupowner_at_allow" selected="true"/>
    <select idref="xccdf_org.ssgproject.content_rule_file_groupowner_backup_etc_group" selected="true"/>
    <select idref="xccdf_org.ssgproject.content_rule_file_groupowner_backup_etc_gshadow" selected="true"/>
    <select idref="xccdf_org.ssgproject.content_rule_file_groupowner_backup_etc_passwd" selected="true"/>
    <select idref="xccdf_org.ssgproject.content_rule_file_groupowner_backup_etc_shadow" selected="true"/>
    <select idref="xccdf_org.ssgproject.content_rule_file_groupowner_cron_allow" selected="true"/>
    <select idref="xccdf_org.ssgproject.content_rule_file_groupowner_cron_d" selected="true"/>
    <select idref="xccdf_org.ssgproject.content_rule_file_groupowner_cron_daily" selected="true"/>
    <select idref="xccdf_org.ssgproject.content_rule_file_groupowner_cron_hourly" selected="true"/>
    <select idref="xccdf_org.ssgproject.content_rule_file_groupowner_cron_monthly" selected="true"/>
    <select idref="xccdf_org.ssgproject.content_rule_file_groupowner_cron_weekly" selected="true"/>
    <select idref="xccdf_org.ssgproject.content_rule_file_groupowner_crontab" selected="true"/>
    <select idref="xccdf_org.ssgproject.content_rule_file_groupowner_etc_group" selected="true"/>
    <select idref="xccdf_org.ssgproject.content_rule_file_groupowner_etc_gshadow" selected="true"/>
    <select idref="xccdf_org.ssgproject.content_rule_file_groupowner_etc_issue" selected="true"/>
    <select idref="xccdf_org.ssgproject.content_rule_file_groupowner_etc_issue_net" selected="true"/>
    <select idref="xccdf_org.ssgproject.content_rule_file_groupowner_etc_motd" selected="true"/>
    <select idref="xccdf_org.ssgproject.content_rule_file_groupowner_etc_passwd" selected="true"/>
    <select idref="xccdf_org.ssgproject.content_rule_file_groupowner_etc_shadow" selected="true"/>
    <select idref="xccdf_org.ssgproject.content_rule_file_groupowner_grub2_cfg" selected="true"/>
    <select idref="xccdf_org.ssgproject.content_rule_file_groupowner_sshd_config" selected="true"/>
    <select idref="xccdf_org.ssgproject.content_rule_file_owner_at_allow" selected="true"/>
    <select idref="xccdf_org.ssgproject.content_rule_file_owner_backup_etc_group" selected="true"/>
    <select idref="xccdf_org.ssgproject.content_rule_file_owner_backup_etc_gshadow" selected="true"/>
    <select idref="xccdf_org.ssgproject.content_rule_file_owner_backup_etc_passwd" selected="true"/>
    <select idref="xccdf_org.ssgproject.content_rule_file_owner_backup_etc_shadow" selected="true"/>
    <select idref="xccdf_org.ssgproject.content_rule_file_owner_cron_allow" selected="true"/>
    <select idref="xccdf_org.ssgproject.content_rule_file_owner_cron_d" selected="true"/>
    <select idref="xccdf_org.ssgproject.content_rule_file_owner_cron_daily" selected="true"/>
    <select idref="xccdf_org.ssgproject.content_rule_file_owner_cron_hourly" selected="true"/>
    <select idref="xccdf_org.ssgproject.content_rule_file_owner_cron_monthly" selected="true"/>
    <select idref="xccdf_org.ssgproject.content_rule_file_owner_cron_weekly" selected="true"/>
    <select idref="xccdf_org.ssgproject.content_rule_file_owner_crontab" selected="true"/>
    <select idref="xccdf_org.ssgproject.content_rule_file_owner_etc_group" selected="true"/>
    <select idref="xccdf_org.ssgproject.content_rule_file_owner_etc_gshadow" selected="true"/>
    <select idref="xccdf_org.ssgproject.content_rule_file_owner_etc_issue" selected="true"/>
    <select idref="xccdf_org.ssgproject.content_rule_file_owner_etc_issue_net" selected="true"/>
    <select idref="xccdf_org.ssgproject.content_rule_file_owner_etc_motd" selected="true"/>
    <select idref="xccdf_org.ssgproject.content_rule_file_owner_etc_passwd" selected="true"/>
    <select idref="xccdf_org.ssgproject.content_rule_file_owner_etc_shadow" selected="true"/>
    <select idref="xccdf_org.ssgproject.content_rule_file_owner_grub2_cfg" selected="true"/>
    <select idref="xccdf_org.ssgproject.content_rule_file_owner_sshd_config" selected="true"/>
    <select idref="xccdf_org.ssgproject.content_rule_file_permissions_at_allow" selected="true"/>
    <select idref="xccdf_org.ssgproject.content_rule_file_permissions_backup_etc_group" selected="true"/>
    <select idref="xccdf_org.ssgproject.content_rule_file_permissions_backup_etc_gshadow" selected="true"/>
    <select idref="xccdf_org.ssgproject.content_rule_file_permissions_backup_etc_passwd" selected="true"/>
    <select idref="xccdf_org.ssgproject.content_rule_file_permissions_backup_etc_shadow" selected="true"/>
    <select idref="xccdf_org.ssgproject.content_rule_file_permissions_cron_allow" selected="true"/>
    <select idref="xccdf_org.ssgproject.content_rule_file_permissions_cron_d" selected="true"/>
    <select idref="xccdf_org.ssgproject.content_rule_file_permissions_cron_daily" selected="true"/>
    <select idref="xccdf_org.ssgproject.content_rule_file_permissions_cron_hourly" selected="true"/>
    <select idref="xccdf_org.ssgproject.content_rule_file_permissions_cron_monthly" selected="true"/>
    <select idref="xccdf_org.ssgproject.content_rule_file_permissions_cron_weekly" selected="true"/>
    <select idref="xccdf_org.ssgproject.content_rule_file_permissions_crontab" selected="true"/>
    <select idref="xccdf_org.ssgproject.content_rule_file_permissions_etc_group" selected="true"/>
    <select idref="xccdf_org.ssgproject.content_rule_file_permissions_etc_gshadow" selected="true"/>
    <select idref="xccdf_org.ssgproject.content_rule_file_permissions_etc_issue" selected="true"/>
    <select idref="xccdf_org.ssgproject.content_rule_file_permissions_etc_issue_net" selected="true"/>
    <select idref="xccdf_org.ssgproject.content_rule_file_permissions_etc_motd" selected="true"/>
    <select idref="xccdf_org.ssgproject.content_rule_file_permissions_etc_passwd" selected="true"/>
    <select idref="xccdf_org.ssgproject.content_rule_file_permissions_etc_shadow" selected="true"/>
    <select idref="xccdf_org.ssgproject.content_rule_file_permissions_grub2_cfg" selected="true"/>
    <select idref="xccdf_org.ssgproject.content_rule_file_permissions_home_directories" selected="true"/>
    <select idref="xccdf_org.ssgproject.content_rule_file_permissions_sshd_config" selected="true"/>
    <select idref="xccdf_org.ssgproject.content_rule_file_permissions_sshd_private_key" selected="true"/>
    <select idref="xccdf_org.ssgproject.content_rule_file_permissions_sshd_pub_key" selected="true"/>
    <select idref="xccdf_org.ssgproject.content_rule_file_permissions_unauthorized_world_writable" selected="true"/>
    <select idref="xccdf_org.ssgproject.content_rule_file_permissions_ungroupowned" selected="true"/>
    <select idref="xccdf_org.ssgproject.content_rule_firewalld-backend" selected="true"/>
    <select idref="xccdf_org.ssgproject.content_rule_gid_passwd_group_same" selected="true"/>
    <select idref="xccdf_org.ssgproject.content_rule_group_unique_id" selected="true"/>
    <select idref="xccdf_org.ssgproject.content_rule_group_unique_name" selected="true"/>
    <select idref="xccdf_org.ssgproject.content_rule_grub2_password" selected="true"/>
    <select idref="xccdf_org.ssgproject.content_rule_grub2_uefi_password" selected="true"/>
    <select idref="xccdf_org.ssgproject.content_rule_install_PAE_kernel_on_x86-32" selected="true"/>
    <select idref="xccdf_org.ssgproject.content_rule_journald_compress" selected="true"/>
    <select idref="xccdf_org.ssgproject.content_rule_journald_forward_to_syslog" selected="true"/>
    <select idref="xccdf_org.ssgproject.content_rule_journald_storage" selected="true"/>
    <select idref="xccdf_org.ssgproject.content_rule_kernel_module_udf_disabled" selected="true"/>
    <select idref="xccdf_org.ssgproject.content_rule_mount_option_dev_shm_nodev" selected="true"/>
    <select idref="xccdf_org.ssgproject.content_rule_mount_option_dev_shm_noexec" selected="true"/>
    <select idref="xccdf_org.ssgproject.content_rule_mount_option_dev_shm_nosuid" selected="true"/>
    <select idref="xccdf_org.ssgproject.content_rule_mount_option_home_nodev" selected="true"/>
    <select idref="xccdf_org.ssgproject.content_rule_mount_option_nodev_removable_partitions" selected="true"/>
    <select idref="xccdf_org.ssgproject.content_rule_mount_option_noexec_removable_partitions" selected="true"/>
    <select idref="xccdf_org.ssgproject.content_rule_mount_option_nosuid_removable_partitions" selected="true"/>
    <select idref="xccdf_org.ssgproject.content_rule_mount_option_tmp_nodev" selected="true"/>
    <select idref="xccdf_org.ssgproject.content_rule_mount_option_tmp_noexec" selected="true"/>
    <select idref="xccdf_org.ssgproject.content_rule_mount_option_tmp_nosuid" selected="true"/>
    <select idref="xccdf_org.ssgproject.content_rule_mount_option_var_tmp_nodev" selected="true"/>
    <select idref="xccdf_org.ssgproject.content_rule_mount_option_var_tmp_noexec" selected="true"/>
    <select idref="xccdf_org.ssgproject.content_rule_mount_option_var_tmp_nosuid" selected="true"/>
    <select idref="xccdf_org.ssgproject.content_rule_nftables_ensure_default_deny_policy" selected="true"/>
    <select idref="xccdf_org.ssgproject.content_rule_nftables_rules_permanent" selected="true"/>
    <select idref="xccdf_org.ssgproject.content_rule_no_direct_root_logins" selected="true"/>
    <select idref="xccdf_org.ssgproject.content_rule_no_files_unowned_by_user" selected="true"/>
    <select idref="xccdf_org.ssgproject.content_rule_no_forward_files" selected="true"/>
    <select idref="xccdf_org.ssgproject.content_rule_no_legacy_plus_entries_etc_passwd" selected="true"/>
    <select idref="xccdf_org.ssgproject.content_rule_no_legacy_plus_entries_etc_shadow" selected="true"/>
    <select idref="xccdf_org.ssgproject.content_rule_no_netrc_files" selected="true"/>
    <select idref="xccdf_org.ssgproject.content_rule_no_shelllogin_for_systemaccounts" selected="true"/>
    <select idref="xccdf_org.ssgproject.content_rule_package_aide_installed" selected="true"/>
    <select idref="xccdf_org.ssgproject.content_rule_package_apparmor_installed" selected="true"/>
    <select idref="xccdf_org.ssgproject.content_rule_package_bind_removed" selected="true"/>
    <select idref="xccdf_org.ssgproject.content_rule_package_chrony_installed" selected="true"/>
    <select idref="xccdf_org.ssgproject.content_rule_package_cron_installed" selected="true"/>
    <select idref="xccdf_org.ssgproject.content_rule_package_dhcp_client_removed" selected="true"/>
    <select idref="xccdf_org.ssgproject.content_rule_package_dhcp_removed" selected="true"/>
    <select idref="xccdf_org.ssgproject.content_rule_package_dovecot_removed" selected="true"/>
    <select idref="xccdf_org.ssgproject.content_rule_package_firewalld_installed" selected="true"/>
    <select idref="xccdf_org.ssgproject.content_rule_package_firewalld_removed" selected="true"/>
    <select idref="xccdf_org.ssgproject.content_rule_package_gdm_removed" selected="true"/>
    <select idref="xccdf_org.ssgproject.content_rule_package_httpd_removed" selected="true"/>
    <select idref="xccdf_org.ssgproject.content_rule_package_iptables_installed" selected="true"/>
    <select idref="xccdf_org.ssgproject.content_rule_package_logrotate_installed" selected="true"/>
    <select idref="xccdf_org.ssgproject.content_rule_package_net-snmp_removed" selected="true"/>
    <select idref="xccdf_org.ssgproject.content_rule_package_nfs-utils_removed" selected="true"/>
    <select idref="xccdf_org.ssgproject.content_rule_package_nftables_installed" selected="true"/>
    <select idref="xccdf_org.ssgproject.content_rule_package_nftables_removed" selected="true"/>
    <select idref="xccdf_org.ssgproject.content_rule_package_openldap-clients_removed" selected="true"/>
    <select idref="xccdf_org.ssgproject.content_rule_package_openldap-servers_removed" selected="true"/>
    <select idref="xccdf_org.ssgproject.content_rule_package_rpcbind_removed" selected="true"/>
    <select idref="xccdf_org.ssgproject.content_rule_package_rsh_removed" selected="true"/>
    <select idref="xccdf_org.ssgproject.content_rule_package_rsync_removed" selected="true"/>
    <select idref="xccdf_org.ssgproject.content_rule_package_rsyslog_installed" selected="true"/>
    <select idref="xccdf_org.ssgproject.content_rule_package_samba_removed" selected="true"/>
    <select idref="xccdf_org.ssgproject.content_rule_package_squid_removed" selected="true"/>
    <select idref="xccdf_org.ssgproject.content_rule_package_sudo_installed" selected="true"/>
    <select idref="xccdf_org.ssgproject.content_rule_package_talk_removed" selected="true"/>
    <select idref="xccdf_org.ssgproject.content_rule_package_tcp_wrappers_removed" selected="true"/>
    <select idref="xccdf_org.ssgproject.content_rule_package_telnet-server_removed" selected="true"/>
    <select idref="xccdf_org.ssgproject.content_rule_package_telnet_removed" selected="true"/>
    <select idref="xccdf_org.ssgproject.content_rule_package_vsftpd_removed" selected="true"/>
    <select idref="xccdf_org.ssgproject.content_rule_package_xinetd_removed" selected="true"/>
    <select idref="xccdf_org.ssgproject.content_rule_package_ypbind_removed" selected="true"/>
    <select idref="xccdf_org.ssgproject.content_rule_package_ypserv_removed" selected="true"/>
    <select idref="xccdf_org.ssgproject.content_rule_partition_for_dev_shm" selected="true"/>
    <select idref="xccdf_org.ssgproject.content_rule_partition_for_tmp" selected="true"/>
    <select idref="xccdf_org.ssgproject.content_rule_permissions_local_var_log" selected="true"/>
    <select idref="xccdf_org.ssgproject.content_rule_postfix_network_listening_disabled" selected="true"/>
    <select idref="xccdf_org.ssgproject.content_rule_require_emergency_target_auth" selected="true"/>
    <select idref="xccdf_org.ssgproject.content_rule_require_singleuser_auth" selected="true"/>
    <select idref="xccdf_org.ssgproject.content_rule_root_path_no_dot" selected="true"/>
    <select idref="xccdf_org.ssgproject.content_rule_rsyslog_files_groupownership" selected="true"/>
    <select idref="xccdf_org.ssgproject.content_rule_rsyslog_files_ownership" selected="true"/>
    <select idref="xccdf_org.ssgproject.content_rule_rsyslog_files_permissions" selected="true"/>
    <select idref="xccdf_org.ssgproject.content_rule_rsyslog_logging_configured" selected="true"/>
    <select idref="xccdf_org.ssgproject.content_rule_rsyslog_remote_loghost" selected="true"/>
    <select idref="xccdf_org.ssgproject.content_rule_securetty_root_login_console_only" selected="true"/>
    <select idref="xccdf_org.ssgproject.content_rule_service_cron_enabled" selected="true"/>
    <select idref="xccdf_org.ssgproject.content_rule_service_dhcpd_disabled" selected="true"/>
    <select idref="xccdf_org.ssgproject.content_rule_service_dovecot_disabled" selected="true"/>
    <select idref="xccdf_org.ssgproject.content_rule_service_firewalld_disabled" selected="true"/>
    <select idref="xccdf_org.ssgproject.content_rule_service_firewalld_enabled" selected="true"/>
    <select idref="xccdf_org.ssgproject.content_rule_service_httpd_disabled" selected="true"/>
    <select idref="xccdf_org.ssgproject.content_rule_service_iptables_enabled" selected="true"/>
    <select idref="xccdf_org.ssgproject.content_rule_service_named_disabled" selected="true"/>
    <select idref="xccdf_org.ssgproject.content_rule_service_nfs_disabled" selected="true"/>
    <select idref="xccdf_org.ssgproject.content_rule_service_nftables_disabled" selected="true"/>
    <select idref="xccdf_org.ssgproject.content_rule_service_nftables_enabled" selected="true"/>
    <select idref="xccdf_org.ssgproject.content_rule_service_rpcbind_disabled" selected="true"/>
    <select idref="xccdf_org.ssgproject.content_rule_service_rsyncd_disabled" selected="true"/>
    <select idref="xccdf_org.ssgproject.content_rule_service_rsyslog_enabled" selected="true"/>
    <select idref="xccdf_org.ssgproject.content_rule_service_smb_disabled" selected="true"/>
    <select idref="xccdf_org.ssgproject.content_rule_service_snmpd_disabled" selected="true"/>
    <select idref="xccdf_org.ssgproject.content_rule_service_squid_disabled" selected="true"/>
    <select idref="xccdf_org.ssgproject.content_rule_service_timesyncd_root_distance_configured" selected="true"/>
    <select idref="xccdf_org.ssgproject.content_rule_service_vsftpd_disabled" selected="true"/>
    <select idref="xccdf_org.ssgproject.content_rule_service_xinetd_disabled" selected="true"/>
    <select idref="xccdf_org.ssgproject.content_rule_set_firewalld_appropriate_zone" selected="true"/>
    <select idref="xccdf_org.ssgproject.content_rule_set_firewalld_default_zone" selected="true"/>
    <select idref="xccdf_org.ssgproject.content_rule_set_ip6tables_default_rule" selected="true"/>
    <select idref="xccdf_org.ssgproject.content_rule_set_iptables_default_rule" selected="true"/>
    <select idref="xccdf_org.ssgproject.content_rule_set_iptables_default_rule_forward" selected="true"/>
    <select idref="xccdf_org.ssgproject.content_rule_set_iptables_outbound_n_established" selected="true"/>
    <select idref="xccdf_org.ssgproject.content_rule_set_ipv6_loopback_traffic" selected="true"/>
    <select idref="xccdf_org.ssgproject.content_rule_set_loopback_traffic" selected="true"/>
    <select idref="xccdf_org.ssgproject.content_rule_set_nftables_base_chain" selected="true"/>
    <select idref="xccdf_org.ssgproject.content_rule_set_nftables_loopback_traffic" selected="true"/>
    <select idref="xccdf_org.ssgproject.content_rule_set_nftables_new_connections" selected="true"/>
    <select idref="xccdf_org.ssgproject.content_rule_set_nftables_table" selected="true"/>
    <select idref="xccdf_org.ssgproject.content_rule_set_password_hashing_algorithm_logindefs" selected="true"/>
    <select idref="xccdf_org.ssgproject.content_rule_sshd_disable_empty_passwords" selected="true"/>
    <select idref="xccdf_org.ssgproject.content_rule_sshd_disable_rhosts" selected="true"/>
    <select idref="xccdf_org.ssgproject.content_rule_sshd_disable_root_login" selected="true"/>
    <select idref="xccdf_org.ssgproject.content_rule_sshd_disable_x11_forwarding" selected="true"/>
    <select idref="xccdf_org.ssgproject.content_rule_sshd_do_not_permit_user_env" selected="true"/>
    <select idref="xccdf_org.ssgproject.content_rule_sshd_enable_pam" selected="true"/>
    <select idref="xccdf_org.ssgproject.content_rule_sshd_enable_warning_banner" selected="true"/>
    <select idref="xccdf_org.ssgproject.content_rule_sshd_limit_user_access" selected="true"/>
    <select idref="xccdf_org.ssgproject.content_rule_sshd_set_idle_timeout" selected="true"/>
    <select idref="xccdf_org.ssgproject.content_rule_sshd_set_keepalive" selected="true"/>
    <select idref="xccdf_org.ssgproject.content_rule_sshd_set_login_grace_time" selected="true"/>
    <select idref="xccdf_org.ssgproject.content_rule_sshd_set_loglevel_verbose" selected="true"/>
    <select idref="xccdf_org.ssgproject.content_rule_sshd_set_max_auth_tries" selected="true"/>
    <select idref="xccdf_org.ssgproject.content_rule_sshd_set_max_sessions" selected="true"/>
    <select idref="xccdf_org.ssgproject.content_rule_sshd_set_maxstartups" selected="true"/>
    <select idref="xccdf_org.ssgproject.content_rule_sshd_use_approved_ciphers" selected="true"/>
    <select idref="xccdf_org.ssgproject.content_rule_sshd_use_approved_macs" selected="true"/>
    <select idref="xccdf_org.ssgproject.content_rule_sshd_use_strong_ciphers" selected="true"/>
    <select idref="xccdf_org.ssgproject.content_rule_sshd_use_strong_kex" selected="true"/>
    <select idref="xccdf_org.ssgproject.content_rule_sshd_use_strong_macs" selected="true"/>
    <select idref="xccdf_org.ssgproject.content_rule_sudo_add_use_pty" selected="true"/>
    <select idref="xccdf_org.ssgproject.content_rule_sudo_custom_logfile" selected="true"/>
    <select idref="xccdf_org.ssgproject.content_rule_sysctl_fs_suid_dumpable" selected="true"/>
    <select idref="xccdf_org.ssgproject.content_rule_sysctl_kernel_randomize_va_space" selected="true"/>
    <select idref="xccdf_org.ssgproject.content_rule_sysctl_net_ipv4_conf_all_accept_redirects" selected="true"/>
    <select idref="xccdf_org.ssgproject.content_rule_sysctl_net_ipv4_conf_all_accept_source_route" selected="true"/>
    <select idref="xccdf_org.ssgproject.content_rule_sysctl_net_ipv4_conf_all_log_martians" selected="true"/>
    <select idref="xccdf_org.ssgproject.content_rule_sysctl_net_ipv4_conf_all_rp_filter" selected="true"/>
    <select idref="xccdf_org.ssgproject.content_rule_sysctl_net_ipv4_conf_all_secure_redirects" selected="true"/>
    <select idref="xccdf_org.ssgproject.content_rule_sysctl_net_ipv4_conf_all_send_redirects" selected="true"/>
    <select idref="xccdf_org.ssgproject.content_rule_sysctl_net_ipv4_conf_default_accept_redirects" selected="true"/>
    <select idref="xccdf_org.ssgproject.content_rule_sysctl_net_ipv4_conf_default_accept_source_route" selected="true"/>
    <select idref="xccdf_org.ssgproject.content_rule_sysctl_net_ipv4_conf_default_log_martians" selected="true"/>
    <select idref="xccdf_org.ssgproject.content_rule_sysctl_net_ipv4_conf_default_rp_filter" selected="true"/>
    <select idref="xccdf_org.ssgproject.content_rule_sysctl_net_ipv4_conf_default_secure_redirects" selected="true"/>
    <select idref="xccdf_org.ssgproject.content_rule_sysctl_net_ipv4_conf_default_send_redirects" selected="true"/>
    <select idref="xccdf_org.ssgproject.content_rule_sysctl_net_ipv4_icmp_echo_ignore_broadcasts" selected="true"/>
    <select idref="xccdf_org.ssgproject.content_rule_sysctl_net_ipv4_icmp_ignore_bogus_error_responses" selected="true"/>
    <select idref="xccdf_org.ssgproject.content_rule_sysctl_net_ipv4_ip_forward" selected="true"/>
    <select idref="xccdf_org.ssgproject.content_rule_sysctl_net_ipv4_tcp_syncookies" selected="true"/>
    <select idref="xccdf_org.ssgproject.content_rule_sysctl_net_ipv6_conf_all_accept_ra" selected="true"/>
    <select idref="xccdf_org.ssgproject.content_rule_sysctl_net_ipv6_conf_all_accept_redirects" selected="true"/>
    <select idref="xccdf_org.ssgproject.content_rule_sysctl_net_ipv6_conf_all_accept_source_route" selected="true"/>
    <select idref="xccdf_org.ssgproject.content_rule_sysctl_net_ipv6_conf_all_forwarding" selected="true"/>
    <select idref="xccdf_org.ssgproject.content_rule_sysctl_net_ipv6_conf_default_accept_ra" selected="true"/>
    <select idref="xccdf_org.ssgproject.content_rule_sysctl_net_ipv6_conf_default_accept_redirects" selected="true"/>
    <select idref="xccdf_org.ssgproject.content_rule_sysctl_net_ipv6_conf_default_accept_source_route" selected="true"/>
    <select idref="xccdf_org.ssgproject.content_rule_timer_logrotate_enabled" selected="true"/>
    <select idref="xccdf_org.ssgproject.content_rule_unnecessary_firewalld_services_ports_disabled" selected="true"/>
    <select idref="xccdf_org.ssgproject.content_rule_use_pam_wheel_group_for_su" selected="true"/>
    <select idref="xccdf_org.ssgproject.content_group_audit_dac_actions" selected="false"/>
    <select idref="xccdf_org.ssgproject.content_group_audit_execution_acl_commands" selected="false"/>
    <select idref="xccdf_org.ssgproject.content_group_audit_execution_selinux_commands" selected="false"/>
    <select idref="xccdf_org.ssgproject.content_group_audit_file_deletion_events" selected="false"/>
    <select idref="xccdf_org.ssgproject.content_group_audit_file_modification" selected="false"/>
    <select idref="xccdf_org.ssgproject.content_group_audit_kernel_module_loading" selected="false"/>
    <select idref="xccdf_org.ssgproject.content_group_audit_login_events" selected="false"/>
    <select idref="xccdf_org.ssgproject.content_group_audit_privileged_commands" selected="false"/>
    <select idref="xccdf_org.ssgproject.content_group_audit_time_rules" selected="false"/>
    <select idref="xccdf_org.ssgproject.content_group_auditd_configure_rules" selected="false"/>
    <select idref="xccdf_org.ssgproject.content_group_auditing" selected="false"/>
    <select idref="xccdf_org.ssgproject.content_group_avahi" selected="false"/>
    <select idref="xccdf_org.ssgproject.content_group_avahi_configuration" selected="false"/>
    <select idref="xccdf_org.ssgproject.content_group_base" selected="false"/>
    <select idref="xccdf_org.ssgproject.content_group_certified-vendor" selected="false"/>
    <select idref="xccdf_org.ssgproject.content_group_configure_auditd_data_retention" selected="false"/>
    <select idref="xccdf_org.ssgproject.content_group_console_screen_locking" selected="false"/>
    <select idref="xccdf_org.ssgproject.content_group_crypto" selected="false"/>
    <select idref="xccdf_org.ssgproject.content_group_deprecated" selected="false"/>
    <select idref="xccdf_org.ssgproject.content_group_dhcp_client_configuration" selected="false"/>
    <select idref="xccdf_org.ssgproject.content_group_dhcp_server_configuration" selected="false"/>
    <select idref="xccdf_org.ssgproject.content_group_disable_avahi_group" selected="false"/>
    <select idref="xccdf_org.ssgproject.content_group_disabling_cyrus-imapd" selected="false"/>
    <select idref="xccdf_org.ssgproject.content_group_disabling_ipv6" selected="false"/>
    <select idref="xccdf_org.ssgproject.content_group_disabling_netfs" selected="false"/>
    <select idref="xccdf_org.ssgproject.content_group_disabling_quagga" selected="false"/>
    <select idref="xccdf_org.ssgproject.content_group_disabling_xwindows" selected="false"/>
    <select idref="xccdf_org.ssgproject.content_group_endpoint_security_software" selected="false"/>
    <select idref="xccdf_org.ssgproject.content_group_entropy" selected="false"/>
    <select idref="xccdf_org.ssgproject.content_group_fapolicyd" selected="false"/>
    <select idref="xccdf_org.ssgproject.content_group_file_permissions_auditd" selected="false"/>
    <select idref="xccdf_org.ssgproject.content_group_fips" selected="false"/>
    <select idref="xccdf_org.ssgproject.content_group_ftp_configure_vsftpd" selected="false"/>
    <select idref="xccdf_org.ssgproject.content_group_ftp_restrict_users" selected="false"/>
    <select idref="xccdf_org.ssgproject.content_group_gnome_login_screen" selected="false"/>
    <select idref="xccdf_org.ssgproject.content_group_gnome_media_settings" selected="false"/>
    <select idref="xccdf_org.ssgproject.content_group_gnome_remote_access_settings" selected="false"/>
    <select idref="xccdf_org.ssgproject.content_group_gnome_screen_locking" selected="false"/>
    <select idref="xccdf_org.ssgproject.content_group_kernel_build_config" selected="false"/>
    <select idref="xccdf_org.ssgproject.content_group_mcafee_endpoint_security_software" selected="false"/>
    <select idref="xccdf_org.ssgproject.content_group_mcafee_security_software" selected="false"/>
    <select idref="xccdf_org.ssgproject.content_group_mounting_remote_filesystems" selected="false"/>
    <select idref="xccdf_org.ssgproject.content_group_network-ipsec" selected="false"/>
    <select idref="xccdf_org.ssgproject.content_group_network-ufw" selected="false"/>
    <select idref="xccdf_org.ssgproject.content_group_network-uncommon" selected="false"/>
    <select idref="xccdf_org.ssgproject.content_group_network-wireless" selected="false"/>
    <select idref="xccdf_org.ssgproject.content_group_nfs_configuring_servers" selected="false"/>
    <select idref="xccdf_org.ssgproject.content_group_password_quality_pwquality" selected="false"/>
    <select idref="xccdf_org.ssgproject.content_group_permissions_local" selected="false"/>
    <select idref="xccdf_org.ssgproject.content_group_permissions_var_log_dir" selected="false"/>
    <select idref="xccdf_org.ssgproject.content_group_permissions_within_important_dirs" selected="false"/>
    <select idref="xccdf_org.ssgproject.content_group_poisoning" selected="false"/>
    <select idref="xccdf_org.ssgproject.content_group_printing" selected="false"/>
    <select idref="xccdf_org.ssgproject.content_group_routing" selected="false"/>
    <select idref="xccdf_org.ssgproject.content_group_rpm_verification" selected="false"/>
    <select idref="xccdf_org.ssgproject.content_group_rsyslog_accepting_remote_messages" selected="false"/>
    <select idref="xccdf_org.ssgproject.content_group_screen_locking" selected="false"/>
    <select idref="xccdf_org.ssgproject.content_group_selinux" selected="false"/>
    <select idref="xccdf_org.ssgproject.content_group_selinux-booleans" selected="false"/>
    <select idref="xccdf_org.ssgproject.content_group_smart_card_login" selected="false"/>
    <select idref="xccdf_org.ssgproject.content_group_sssd" selected="false"/>
    <select idref="xccdf_org.ssgproject.content_group_sssd-ldap" selected="false"/>
    <select idref="xccdf_org.ssgproject.content_group_system-tools" selected="false"/>
    <select idref="xccdf_org.ssgproject.content_group_tftp" selected="false"/>
    <select idref="xccdf_org.ssgproject.content_group_wireless_software" selected="false"/>
    <select idref="xccdf_org.ssgproject.content_group_xwindows" selected="false"/>
    <refine-value idref="xccdf_org.ssgproject.content_value_var_pam_wheel_group_for_su" selector="cis"/>
    <refine-value idref="xccdf_org.ssgproject.content_value_var_accounts_user_umask" selector="027"/>
    <refine-value idref="xccdf_org.ssgproject.content_value_var_accounts_tmout" selector="15_min"/>
    <refine-value idref="xccdf_org.ssgproject.content_value_var_account_disable_post_pw_expiration" selector="30"/>
    <refine-value idref="xccdf_org.ssgproject.content_value_var_accounts_password_warn_age_login_defs" selector="7"/>
    <refine-value idref="xccdf_org.ssgproject.content_value_var_accounts_minimum_age_login_defs" selector="1"/>
    <refine-value idref="xccdf_org.ssgproject.content_value_var_accounts_maximum_age_login_defs" selector="365"/>
    <refine-value idref="xccdf_org.ssgproject.content_value_var_password_pam_remember" selector="5"/>
    <refine-value idref="xccdf_org.ssgproject.content_value_var_password_pam_tally2" selector="5"/>
    <refine-value idref="xccdf_org.ssgproject.content_value_var_accounts_passwords_pam_tally2_unlock_time" selector="1800"/>
    <refine-value idref="xccdf_org.ssgproject.content_value_var_password_pam_dcredit" selector="1"/>
    <refine-value idref="xccdf_org.ssgproject.content_value_var_password_pam_ucredit" selector="1"/>
    <refine-value idref="xccdf_org.ssgproject.content_value_var_password_pam_lcredit" selector="1"/>
    <refine-value idref="xccdf_org.ssgproject.content_value_var_password_pam_ocredit" selector="1"/>
    <refine-value idref="xccdf_org.ssgproject.content_value_var_password_pam_minlen" selector="14"/>
    <refine-value idref="xccdf_org.ssgproject.content_value_var_password_pam_retry" selector="3"/>
    <refine-value idref="xccdf_org.ssgproject.content_value_var_sshd_max_sessions" selector="10"/>
    <refine-value idref="xccdf_org.ssgproject.content_value_var_sshd_set_maxstartups" selector="10:30:60"/>
    <refine-value idref="xccdf_org.ssgproject.content_value_var_sshd_set_login_grace_time" selector="60"/>
    <refine-value idref="xccdf_org.ssgproject.content_value_sshd_idle_timeout_value" selector="5_minutes"/>
    <refine-value idref="xccdf_org.ssgproject.content_value_var_sshd_set_keepalive" selector="0"/>
    <refine-value idref="xccdf_org.ssgproject.content_value_sshd_strong_kex" selector="cis_sle15"/>
    <refine-value idref="xccdf_org.ssgproject.content_value_sshd_approved_macs" selector="cis_sle15"/>
    <refine-value idref="xccdf_org.ssgproject.content_value_sshd_strong_macs" selector="cis_sle15"/>
    <refine-value idref="xccdf_org.ssgproject.content_value_sshd_approved_ciphers" selector="cis_sle15"/>
    <refine-value idref="xccdf_org.ssgproject.content_value_sshd_max_auth_tries_value" selector="4"/>
    <refine-value idref="xccdf_org.ssgproject.content_value_var_nftables_master_config_file" selector="sysconfig"/>
    <refine-value idref="xccdf_org.ssgproject.content_value_var_nftables_base_chain_names" selector="chain_names"/>
    <refine-value idref="xccdf_org.ssgproject.content_value_var_nftables_base_chain_types" selector="chain_types"/>
    <refine-value idref="xccdf_org.ssgproject.content_value_var_nftables_base_chain_hooks" selector="chain_hooks"/>
    <refine-value idref="xccdf_org.ssgproject.content_value_var_nftables_base_chain_priorities" selector="chain_priorities"/>
    <refine-value idref="xccdf_org.ssgproject.content_value_var_nftables_base_chain_policies" selector="chain_policies"/>
    <refine-value idref="xccdf_org.ssgproject.content_value_var_nftables_family" selector="inet"/>
    <refine-value idref="xccdf_org.ssgproject.content_value_var_nftables_table" selector="filter"/>
    <refine-value idref="xccdf_org.ssgproject.content_value_sysctl_net_ipv6_conf_all_accept_ra_value" selector="disabled"/>
    <refine-value idref="xccdf_org.ssgproject.content_value_sysctl_net_ipv6_conf_default_accept_ra_value" selector="disabled"/>
    <refine-value idref="xccdf_org.ssgproject.content_value_sysctl_net_ipv4_tcp_syncookies_value" selector="enabled"/>
    <refine-value idref="xccdf_org.ssgproject.content_value_sysctl_net_ipv4_conf_all_rp_filter_value" selector="enabled"/>
    <refine-value idref="xccdf_org.ssgproject.content_value_sysctl_net_ipv4_conf_default_rp_filter_value" selector="enabled"/>
    <refine-value idref="xccdf_org.ssgproject.content_value_sysctl_net_ipv4_icmp_ignore_bogus_error_responses_value" selector="enabled"/>
    <refine-value idref="xccdf_org.ssgproject.content_value_sysctl_net_ipv4_icmp_echo_ignore_broadcasts_value" selector="enabled"/>
    <refine-value idref="xccdf_org.ssgproject.content_value_sysctl_net_ipv4_conf_all_log_martians_value" selector="enabled"/>
    <refine-value idref="xccdf_org.ssgproject.content_value_sysctl_net_ipv4_conf_default_log_martians_value" selector="enabled"/>
    <refine-value idref="xccdf_org.ssgproject.content_value_sysctl_net_ipv4_conf_all_secure_redirects_value" selector="disabled"/>
    <refine-value idref="xccdf_org.ssgproject.content_value_sysctl_net_ipv4_conf_default_secure_redirects_value" selector="disabled"/>
    <refine-value idref="xccdf_org.ssgproject.content_value_sysctl_net_ipv4_conf_all_accept_redirects_value" selector="disabled"/>
    <refine-value idref="xccdf_org.ssgproject.content_value_sysctl_net_ipv4_conf_default_accept_redirects_value" selector="disabled"/>
    <refine-value idref="xccdf_org.ssgproject.content_value_sysctl_net_ipv6_conf_all_accept_redirects_value" selector="disabled"/>
    <refine-value idref="xccdf_org.ssgproject.content_value_sysctl_net_ipv6_conf_default_accept_redirects_value" selector="disabled"/>
    <refine-value idref="xccdf_org.ssgproject.content_value_sysctl_net_ipv4_conf_all_accept_source_route_value" selector="disabled"/>
    <refine-value idref="xccdf_org.ssgproject.content_value_sysctl_net_ipv4_conf_default_accept_source_route_value" selector="disabled"/>
    <refine-value idref="xccdf_org.ssgproject.content_value_sysctl_net_ipv6_conf_all_accept_source_route_value" selector="disabled"/>
    <refine-value idref="xccdf_org.ssgproject.content_value_sysctl_net_ipv6_conf_default_accept_source_route_value" selector="disabled"/>
    <refine-value idref="xccdf_org.ssgproject.content_value_sysctl_net_ipv6_conf_all_forwarding_value" selector="disabled"/>
    <refine-value idref="xccdf_org.ssgproject.content_value_var_postfix_inet_interfaces" selector="loopback-only"/>
    <refine-value idref="xccdf_org.ssgproject.content_value_var_multiple_time_servers" selector="suse"/>
    <refine-value idref="xccdf_org.ssgproject.content_value_var_multiple_time_pools" selector="suse"/>
    <refine-value idref="xccdf_org.ssgproject.content_value_remote_login_banner_text" selector="cis_banners"/>
    <refine-value idref="xccdf_org.ssgproject.content_value_login_banner_text" selector="cis_banners"/>
    <refine-value idref="xccdf_org.ssgproject.content_value_motd_banner_text" selector="cis_banners"/>
    <refine-value idref="xccdf_org.ssgproject.content_value_var_apparmor_mode" selector="complain"/>
    <refine-value idref="xccdf_org.ssgproject.content_value_var_sudo_logfile" selector="var_log_sudo_log"/>
  </Profile>
  <Profile id="xccdf_org.ssgproject.content_profile_cis_workstation_l2">
    <version>1.2.0</version>
    <title xmlns:xhtml="http://www.w3.org/1999/xhtml" xml:lang="en-US" override="true">CIS SUSE Linux Enterprise 15 Benchmark Level 2 - Workstation</title>
    <description xmlns:xhtml="http://www.w3.org/1999/xhtml" xml:lang="en-US" override="true">This profile defines a baseline that aligns to the "Level 2 - Workstation"
configuration from the Center for Internet Security®
SUSE Linux Enterprise 15 Benchmark™, v1.1.1, released 01-24-2022.

This profile includes Center for Internet Security®
SUSE Linux Enterprise 15 CIS Benchmarks™ content.</description>
    <reference>https://www.cisecurity.org/cis-benchmarks/#suse_linux</reference>
    <select idref="xccdf_org.ssgproject.content_rule_account_disable_post_pw_expiration" selected="true"/>
    <select idref="xccdf_org.ssgproject.content_rule_account_unique_id" selected="true"/>
    <select idref="xccdf_org.ssgproject.content_rule_account_unique_name" selected="true"/>
    <select idref="xccdf_org.ssgproject.content_rule_accounts_maximum_age_login_defs" selected="true"/>
    <select idref="xccdf_org.ssgproject.content_rule_accounts_minimum_age_login_defs" selected="true"/>
    <select idref="xccdf_org.ssgproject.content_rule_accounts_no_uid_except_zero" selected="true"/>
    <select idref="xccdf_org.ssgproject.content_rule_accounts_password_all_shadowed" selected="true"/>
    <select idref="xccdf_org.ssgproject.content_rule_accounts_password_all_shadowed_sha512" selected="true"/>
    <select idref="xccdf_org.ssgproject.content_rule_accounts_password_last_change_is_in_past" selected="true"/>
    <select idref="xccdf_org.ssgproject.content_rule_accounts_password_pam_pwhistory_remember" selected="true"/>
    <select idref="xccdf_org.ssgproject.content_rule_accounts_password_set_max_life_existing" selected="true"/>
    <select idref="xccdf_org.ssgproject.content_rule_accounts_password_set_min_life_existing" selected="true"/>
    <select idref="xccdf_org.ssgproject.content_rule_accounts_password_set_warn_age_existing" selected="true"/>
    <select idref="xccdf_org.ssgproject.content_rule_accounts_password_warn_age_login_defs" selected="true"/>
    <select idref="xccdf_org.ssgproject.content_rule_accounts_passwords_pam_tally2" selected="true"/>
    <select idref="xccdf_org.ssgproject.content_rule_accounts_passwords_pam_tally2_deny_root" selected="true"/>
    <select idref="xccdf_org.ssgproject.content_rule_accounts_passwords_pam_tally2_unlock_time" selected="true"/>
    <select idref="xccdf_org.ssgproject.content_rule_accounts_root_gid_zero" selected="true"/>
    <select idref="xccdf_org.ssgproject.content_rule_accounts_root_path_dirs_no_write" selected="true"/>
    <select idref="xccdf_org.ssgproject.content_rule_accounts_set_post_pw_existing" selected="true"/>
    <select idref="xccdf_org.ssgproject.content_rule_accounts_tmout" selected="true"/>
    <select idref="xccdf_org.ssgproject.content_rule_accounts_umask_etc_bashrc" selected="true"/>
    <select idref="xccdf_org.ssgproject.content_rule_accounts_umask_etc_login_defs" selected="true"/>
    <select idref="xccdf_org.ssgproject.content_rule_accounts_umask_etc_profile" selected="true"/>
    <select idref="xccdf_org.ssgproject.content_rule_accounts_user_interactive_home_directory_exists" selected="true"/>
    <select idref="xccdf_org.ssgproject.content_rule_accounts_users_home_files_permissions" selected="true"/>
    <select idref="xccdf_org.ssgproject.content_rule_accounts_users_netrc_file_permissions" selected="true"/>
    <select idref="xccdf_org.ssgproject.content_rule_aide_build_database" selected="true"/>
    <select idref="xccdf_org.ssgproject.content_rule_aide_periodic_checking_systemd_timer" selected="true"/>
    <select idref="xccdf_org.ssgproject.content_rule_all_apparmor_profiles_enforced" selected="true"/>
    <select idref="xccdf_org.ssgproject.content_rule_all_apparmor_profiles_in_enforce_complain_mode" selected="true"/>
    <select idref="xccdf_org.ssgproject.content_rule_apparmor_configured" selected="true"/>
    <select idref="xccdf_org.ssgproject.content_rule_audit_rules_dac_modification_chmod" selected="true"/>
    <select idref="xccdf_org.ssgproject.content_rule_audit_rules_dac_modification_chown" selected="true"/>
    <select idref="xccdf_org.ssgproject.content_rule_audit_rules_dac_modification_fchmod" selected="true"/>
    <select idref="xccdf_org.ssgproject.content_rule_audit_rules_dac_modification_fchmodat" selected="true"/>
    <select idref="xccdf_org.ssgproject.content_rule_audit_rules_dac_modification_fchown" selected="true"/>
    <select idref="xccdf_org.ssgproject.content_rule_audit_rules_dac_modification_fchownat" selected="true"/>
    <select idref="xccdf_org.ssgproject.content_rule_audit_rules_dac_modification_fremovexattr" selected="true"/>
    <select idref="xccdf_org.ssgproject.content_rule_audit_rules_dac_modification_fsetxattr" selected="true"/>
    <select idref="xccdf_org.ssgproject.content_rule_audit_rules_dac_modification_lchown" selected="true"/>
    <select idref="xccdf_org.ssgproject.content_rule_audit_rules_dac_modification_lremovexattr" selected="true"/>
    <select idref="xccdf_org.ssgproject.content_rule_audit_rules_dac_modification_lsetxattr" selected="true"/>
    <select idref="xccdf_org.ssgproject.content_rule_audit_rules_dac_modification_removexattr" selected="true"/>
    <select idref="xccdf_org.ssgproject.content_rule_audit_rules_dac_modification_setxattr" selected="true"/>
    <select idref="xccdf_org.ssgproject.content_rule_audit_rules_file_deletion_events_rename" selected="true"/>
    <select idref="xccdf_org.ssgproject.content_rule_audit_rules_file_deletion_events_renameat" selected="true"/>
    <select idref="xccdf_org.ssgproject.content_rule_audit_rules_file_deletion_events_unlink" selected="true"/>
    <select idref="xccdf_org.ssgproject.content_rule_audit_rules_file_deletion_events_unlinkat" selected="true"/>
    <select idref="xccdf_org.ssgproject.content_rule_audit_rules_immutable" selected="true"/>
    <select idref="xccdf_org.ssgproject.content_rule_audit_rules_kernel_module_loading" selected="true"/>
    <select idref="xccdf_org.ssgproject.content_rule_audit_rules_kernel_module_loading_delete" selected="true"/>
    <select idref="xccdf_org.ssgproject.content_rule_audit_rules_kernel_module_loading_init" selected="true"/>
    <select idref="xccdf_org.ssgproject.content_rule_audit_rules_login_events_faillog" selected="true"/>
    <select idref="xccdf_org.ssgproject.content_rule_audit_rules_login_events_lastlog" selected="true"/>
    <select idref="xccdf_org.ssgproject.content_rule_audit_rules_login_events_tallylog" selected="true"/>
    <select idref="xccdf_org.ssgproject.content_rule_audit_rules_mac_modification" selected="true"/>
    <select idref="xccdf_org.ssgproject.content_rule_audit_rules_mac_modification_usr_share" selected="true"/>
    <select idref="xccdf_org.ssgproject.content_rule_audit_rules_media_export" selected="true"/>
    <select idref="xccdf_org.ssgproject.content_rule_audit_rules_networkconfig_modification" selected="true"/>
    <select idref="xccdf_org.ssgproject.content_rule_audit_rules_privileged_commands_insmod" selected="true"/>
    <select idref="xccdf_org.ssgproject.content_rule_audit_rules_privileged_commands_modprobe" selected="true"/>
    <select idref="xccdf_org.ssgproject.content_rule_audit_rules_privileged_commands_rmmod" selected="true"/>
    <select idref="xccdf_org.ssgproject.content_rule_audit_rules_session_events" selected="true"/>
    <select idref="xccdf_org.ssgproject.content_rule_audit_rules_sysadmin_actions" selected="true"/>
    <select idref="xccdf_org.ssgproject.content_rule_audit_rules_time_adjtimex" selected="true"/>
    <select idref="xccdf_org.ssgproject.content_rule_audit_rules_time_settimeofday" selected="true"/>
    <select idref="xccdf_org.ssgproject.content_rule_audit_rules_time_stime" selected="true"/>
    <select idref="xccdf_org.ssgproject.content_rule_audit_rules_time_watch_localtime" selected="true"/>
    <select idref="xccdf_org.ssgproject.content_rule_audit_rules_unsuccessful_file_modification_creat" selected="true"/>
    <select idref="xccdf_org.ssgproject.content_rule_audit_rules_unsuccessful_file_modification_ftruncate" selected="true"/>
    <select idref="xccdf_org.ssgproject.content_rule_audit_rules_unsuccessful_file_modification_open" selected="true"/>
    <select idref="xccdf_org.ssgproject.content_rule_audit_rules_unsuccessful_file_modification_openat" selected="true"/>
    <select idref="xccdf_org.ssgproject.content_rule_audit_rules_unsuccessful_file_modification_truncate" selected="true"/>
    <select idref="xccdf_org.ssgproject.content_rule_audit_rules_usergroup_modification_group" selected="true"/>
    <select idref="xccdf_org.ssgproject.content_rule_audit_rules_usergroup_modification_gshadow" selected="true"/>
    <select idref="xccdf_org.ssgproject.content_rule_audit_rules_usergroup_modification_opasswd" selected="true"/>
    <select idref="xccdf_org.ssgproject.content_rule_audit_rules_usergroup_modification_passwd" selected="true"/>
    <select idref="xccdf_org.ssgproject.content_rule_audit_rules_usergroup_modification_shadow" selected="true"/>
    <select idref="xccdf_org.ssgproject.content_rule_audit_sudo_log_events" selected="true"/>
    <select idref="xccdf_org.ssgproject.content_rule_auditd_data_retention_action_mail_acct" selected="true"/>
    <select idref="xccdf_org.ssgproject.content_rule_auditd_data_retention_admin_space_left_action" selected="true"/>
    <select idref="xccdf_org.ssgproject.content_rule_auditd_data_retention_max_log_file" selected="true"/>
    <select idref="xccdf_org.ssgproject.content_rule_auditd_data_retention_max_log_file_action" selected="true"/>
    <select idref="xccdf_org.ssgproject.content_rule_auditd_data_retention_space_left_action" selected="true"/>
    <select idref="xccdf_org.ssgproject.content_rule_banner_etc_issue" selected="true"/>
    <select idref="xccdf_org.ssgproject.content_rule_banner_etc_issue_net" selected="true"/>
    <select idref="xccdf_org.ssgproject.content_rule_banner_etc_motd" selected="true"/>
    <select idref="xccdf_org.ssgproject.content_rule_bios_enable_execution_restrictions" selected="true"/>
    <select idref="xccdf_org.ssgproject.content_rule_chronyd_configure_pool_and_server" selected="true"/>
    <select idref="xccdf_org.ssgproject.content_rule_chronyd_run_as_chrony_user" selected="true"/>
    <select idref="xccdf_org.ssgproject.content_rule_coredump_disable_backtraces" selected="true"/>
    <select idref="xccdf_org.ssgproject.content_rule_coredump_disable_storage" selected="true"/>
    <select idref="xccdf_org.ssgproject.content_rule_cracklib_accounts_password_pam_dcredit" selected="true"/>
    <select idref="xccdf_org.ssgproject.content_rule_cracklib_accounts_password_pam_lcredit" selected="true"/>
    <select idref="xccdf_org.ssgproject.content_rule_cracklib_accounts_password_pam_minlen" selected="true"/>
    <select idref="xccdf_org.ssgproject.content_rule_cracklib_accounts_password_pam_ocredit" selected="true"/>
    <select idref="xccdf_org.ssgproject.content_rule_cracklib_accounts_password_pam_retry" selected="true"/>
    <select idref="xccdf_org.ssgproject.content_rule_cracklib_accounts_password_pam_ucredit" selected="true"/>
    <select idref="xccdf_org.ssgproject.content_rule_dconf_db_up_to_date" selected="true"/>
    <select idref="xccdf_org.ssgproject.content_rule_dconf_gnome_banner_enabled" selected="true"/>
    <select idref="xccdf_org.ssgproject.content_rule_dconf_gnome_login_banner_text" selected="true"/>
    <select idref="xccdf_org.ssgproject.content_rule_dir_perms_world_writable_sticky_bits" selected="true"/>
    <select idref="xccdf_org.ssgproject.content_rule_disable_host_auth" selected="true"/>
    <select idref="xccdf_org.ssgproject.content_rule_disable_prelink" selected="true"/>
    <select idref="xccdf_org.ssgproject.content_rule_disable_users_coredumps" selected="true"/>
    <select idref="xccdf_org.ssgproject.content_rule_enable_dconf_user_profile" selected="true"/>
    <select idref="xccdf_org.ssgproject.content_rule_ensure_GPG_keys_are_configured" selected="true"/>
    <select idref="xccdf_org.ssgproject.content_rule_ensure_firewall_rules_for_open_ports" selected="true"/>
    <select idref="xccdf_org.ssgproject.content_rule_ensure_gpgcheck_globally_activated" selected="true"/>
    <select idref="xccdf_org.ssgproject.content_rule_ensure_gpgcheck_never_disabled" selected="true"/>
    <select idref="xccdf_org.ssgproject.content_rule_ensure_iptables_are_flushed" selected="true"/>
    <select idref="xccdf_org.ssgproject.content_rule_ensure_logrotate_activated" selected="true"/>
    <select idref="xccdf_org.ssgproject.content_rule_ensure_package_repositories_are_configured" selected="true"/>
    <select idref="xccdf_org.ssgproject.content_rule_ensure_pam_wheel_group_empty" selected="true"/>
    <select idref="xccdf_org.ssgproject.content_rule_ensure_shadow_group_empty" selected="true"/>
    <select idref="xccdf_org.ssgproject.content_rule_file_at_deny_not_exist" selected="true"/>
    <select idref="xccdf_org.ssgproject.content_rule_file_cron_deny_not_exist" selected="true"/>
    <select idref="xccdf_org.ssgproject.content_rule_file_groupowner_at_allow" selected="true"/>
    <select idref="xccdf_org.ssgproject.content_rule_file_groupowner_backup_etc_group" selected="true"/>
    <select idref="xccdf_org.ssgproject.content_rule_file_groupowner_backup_etc_gshadow" selected="true"/>
    <select idref="xccdf_org.ssgproject.content_rule_file_groupowner_backup_etc_passwd" selected="true"/>
    <select idref="xccdf_org.ssgproject.content_rule_file_groupowner_backup_etc_shadow" selected="true"/>
    <select idref="xccdf_org.ssgproject.content_rule_file_groupowner_cron_allow" selected="true"/>
    <select idref="xccdf_org.ssgproject.content_rule_file_groupowner_cron_d" selected="true"/>
    <select idref="xccdf_org.ssgproject.content_rule_file_groupowner_cron_daily" selected="true"/>
    <select idref="xccdf_org.ssgproject.content_rule_file_groupowner_cron_hourly" selected="true"/>
    <select idref="xccdf_org.ssgproject.content_rule_file_groupowner_cron_monthly" selected="true"/>
    <select idref="xccdf_org.ssgproject.content_rule_file_groupowner_cron_weekly" selected="true"/>
    <select idref="xccdf_org.ssgproject.content_rule_file_groupowner_crontab" selected="true"/>
    <select idref="xccdf_org.ssgproject.content_rule_file_groupowner_etc_group" selected="true"/>
    <select idref="xccdf_org.ssgproject.content_rule_file_groupowner_etc_gshadow" selected="true"/>
    <select idref="xccdf_org.ssgproject.content_rule_file_groupowner_etc_issue" selected="true"/>
    <select idref="xccdf_org.ssgproject.content_rule_file_groupowner_etc_issue_net" selected="true"/>
    <select idref="xccdf_org.ssgproject.content_rule_file_groupowner_etc_motd" selected="true"/>
    <select idref="xccdf_org.ssgproject.content_rule_file_groupowner_etc_passwd" selected="true"/>
    <select idref="xccdf_org.ssgproject.content_rule_file_groupowner_etc_shadow" selected="true"/>
    <select idref="xccdf_org.ssgproject.content_rule_file_groupowner_grub2_cfg" selected="true"/>
    <select idref="xccdf_org.ssgproject.content_rule_file_groupowner_sshd_config" selected="true"/>
    <select idref="xccdf_org.ssgproject.content_rule_file_owner_at_allow" selected="true"/>
    <select idref="xccdf_org.ssgproject.content_rule_file_owner_backup_etc_group" selected="true"/>
    <select idref="xccdf_org.ssgproject.content_rule_file_owner_backup_etc_gshadow" selected="true"/>
    <select idref="xccdf_org.ssgproject.content_rule_file_owner_backup_etc_passwd" selected="true"/>
    <select idref="xccdf_org.ssgproject.content_rule_file_owner_backup_etc_shadow" selected="true"/>
    <select idref="xccdf_org.ssgproject.content_rule_file_owner_cron_allow" selected="true"/>
    <select idref="xccdf_org.ssgproject.content_rule_file_owner_cron_d" selected="true"/>
    <select idref="xccdf_org.ssgproject.content_rule_file_owner_cron_daily" selected="true"/>
    <select idref="xccdf_org.ssgproject.content_rule_file_owner_cron_hourly" selected="true"/>
    <select idref="xccdf_org.ssgproject.content_rule_file_owner_cron_monthly" selected="true"/>
    <select idref="xccdf_org.ssgproject.content_rule_file_owner_cron_weekly" selected="true"/>
    <select idref="xccdf_org.ssgproject.content_rule_file_owner_crontab" selected="true"/>
    <select idref="xccdf_org.ssgproject.content_rule_file_owner_etc_group" selected="true"/>
    <select idref="xccdf_org.ssgproject.content_rule_file_owner_etc_gshadow" selected="true"/>
    <select idref="xccdf_org.ssgproject.content_rule_file_owner_etc_issue" selected="true"/>
    <select idref="xccdf_org.ssgproject.content_rule_file_owner_etc_issue_net" selected="true"/>
    <select idref="xccdf_org.ssgproject.content_rule_file_owner_etc_motd" selected="true"/>
    <select idref="xccdf_org.ssgproject.content_rule_file_owner_etc_passwd" selected="true"/>
    <select idref="xccdf_org.ssgproject.content_rule_file_owner_etc_shadow" selected="true"/>
    <select idref="xccdf_org.ssgproject.content_rule_file_owner_grub2_cfg" selected="true"/>
    <select idref="xccdf_org.ssgproject.content_rule_file_owner_sshd_config" selected="true"/>
    <select idref="xccdf_org.ssgproject.content_rule_file_permissions_at_allow" selected="true"/>
    <select idref="xccdf_org.ssgproject.content_rule_file_permissions_backup_etc_group" selected="true"/>
    <select idref="xccdf_org.ssgproject.content_rule_file_permissions_backup_etc_gshadow" selected="true"/>
    <select idref="xccdf_org.ssgproject.content_rule_file_permissions_backup_etc_passwd" selected="true"/>
    <select idref="xccdf_org.ssgproject.content_rule_file_permissions_backup_etc_shadow" selected="true"/>
    <select idref="xccdf_org.ssgproject.content_rule_file_permissions_cron_allow" selected="true"/>
    <select idref="xccdf_org.ssgproject.content_rule_file_permissions_cron_d" selected="true"/>
    <select idref="xccdf_org.ssgproject.content_rule_file_permissions_cron_daily" selected="true"/>
    <select idref="xccdf_org.ssgproject.content_rule_file_permissions_cron_hourly" selected="true"/>
    <select idref="xccdf_org.ssgproject.content_rule_file_permissions_cron_monthly" selected="true"/>
    <select idref="xccdf_org.ssgproject.content_rule_file_permissions_cron_weekly" selected="true"/>
    <select idref="xccdf_org.ssgproject.content_rule_file_permissions_crontab" selected="true"/>
    <select idref="xccdf_org.ssgproject.content_rule_file_permissions_etc_group" selected="true"/>
    <select idref="xccdf_org.ssgproject.content_rule_file_permissions_etc_gshadow" selected="true"/>
    <select idref="xccdf_org.ssgproject.content_rule_file_permissions_etc_issue" selected="true"/>
    <select idref="xccdf_org.ssgproject.content_rule_file_permissions_etc_issue_net" selected="true"/>
    <select idref="xccdf_org.ssgproject.content_rule_file_permissions_etc_motd" selected="true"/>
    <select idref="xccdf_org.ssgproject.content_rule_file_permissions_etc_passwd" selected="true"/>
    <select idref="xccdf_org.ssgproject.content_rule_file_permissions_etc_shadow" selected="true"/>
    <select idref="xccdf_org.ssgproject.content_rule_file_permissions_grub2_cfg" selected="true"/>
    <select idref="xccdf_org.ssgproject.content_rule_file_permissions_home_directories" selected="true"/>
    <select idref="xccdf_org.ssgproject.content_rule_file_permissions_sshd_config" selected="true"/>
    <select idref="xccdf_org.ssgproject.content_rule_file_permissions_sshd_private_key" selected="true"/>
    <select idref="xccdf_org.ssgproject.content_rule_file_permissions_sshd_pub_key" selected="true"/>
    <select idref="xccdf_org.ssgproject.content_rule_file_permissions_unauthorized_world_writable" selected="true"/>
    <select idref="xccdf_org.ssgproject.content_rule_file_permissions_ungroupowned" selected="true"/>
    <select idref="xccdf_org.ssgproject.content_rule_firewalld-backend" selected="true"/>
    <select idref="xccdf_org.ssgproject.content_rule_gid_passwd_group_same" selected="true"/>
    <select idref="xccdf_org.ssgproject.content_rule_group_unique_id" selected="true"/>
    <select idref="xccdf_org.ssgproject.content_rule_group_unique_name" selected="true"/>
    <select idref="xccdf_org.ssgproject.content_rule_grub2_audit_argument" selected="true"/>
    <select idref="xccdf_org.ssgproject.content_rule_grub2_audit_backlog_limit_argument" selected="true"/>
    <select idref="xccdf_org.ssgproject.content_rule_grub2_ipv6_disable_argument" selected="true"/>
    <select idref="xccdf_org.ssgproject.content_rule_grub2_password" selected="true"/>
    <select idref="xccdf_org.ssgproject.content_rule_grub2_uefi_password" selected="true"/>
    <select idref="xccdf_org.ssgproject.content_rule_install_PAE_kernel_on_x86-32" selected="true"/>
    <select idref="xccdf_org.ssgproject.content_rule_journald_compress" selected="true"/>
    <select idref="xccdf_org.ssgproject.content_rule_journald_forward_to_syslog" selected="true"/>
    <select idref="xccdf_org.ssgproject.content_rule_journald_storage" selected="true"/>
    <select idref="xccdf_org.ssgproject.content_rule_kernel_module_cramfs_disabled" selected="true"/>
    <select idref="xccdf_org.ssgproject.content_rule_kernel_module_dccp_disabled" selected="true"/>
    <select idref="xccdf_org.ssgproject.content_rule_kernel_module_sctp_disabled" selected="true"/>
    <select idref="xccdf_org.ssgproject.content_rule_kernel_module_squashfs_disabled" selected="true"/>
    <select idref="xccdf_org.ssgproject.content_rule_kernel_module_udf_disabled" selected="true"/>
    <select idref="xccdf_org.ssgproject.content_rule_kernel_module_usb-storage_disabled" selected="true"/>
    <select idref="xccdf_org.ssgproject.content_rule_kernel_module_vfat_disabled" selected="true"/>
    <select idref="xccdf_org.ssgproject.content_rule_mount_option_dev_shm_nodev" selected="true"/>
    <select idref="xccdf_org.ssgproject.content_rule_mount_option_dev_shm_noexec" selected="true"/>
    <select idref="xccdf_org.ssgproject.content_rule_mount_option_dev_shm_nosuid" selected="true"/>
    <select idref="xccdf_org.ssgproject.content_rule_mount_option_home_nodev" selected="true"/>
    <select idref="xccdf_org.ssgproject.content_rule_mount_option_nodev_removable_partitions" selected="true"/>
    <select idref="xccdf_org.ssgproject.content_rule_mount_option_noexec_removable_partitions" selected="true"/>
    <select idref="xccdf_org.ssgproject.content_rule_mount_option_nosuid_removable_partitions" selected="true"/>
    <select idref="xccdf_org.ssgproject.content_rule_mount_option_tmp_nodev" selected="true"/>
    <select idref="xccdf_org.ssgproject.content_rule_mount_option_tmp_noexec" selected="true"/>
    <select idref="xccdf_org.ssgproject.content_rule_mount_option_tmp_nosuid" selected="true"/>
    <select idref="xccdf_org.ssgproject.content_rule_mount_option_var_tmp_nodev" selected="true"/>
    <select idref="xccdf_org.ssgproject.content_rule_mount_option_var_tmp_noexec" selected="true"/>
    <select idref="xccdf_org.ssgproject.content_rule_mount_option_var_tmp_nosuid" selected="true"/>
    <select idref="xccdf_org.ssgproject.content_rule_nftables_ensure_default_deny_policy" selected="true"/>
    <select idref="xccdf_org.ssgproject.content_rule_nftables_rules_permanent" selected="true"/>
    <select idref="xccdf_org.ssgproject.content_rule_no_direct_root_logins" selected="true"/>
    <select idref="xccdf_org.ssgproject.content_rule_no_files_unowned_by_user" selected="true"/>
    <select idref="xccdf_org.ssgproject.content_rule_no_forward_files" selected="true"/>
    <select idref="xccdf_org.ssgproject.content_rule_no_legacy_plus_entries_etc_passwd" selected="true"/>
    <select idref="xccdf_org.ssgproject.content_rule_no_legacy_plus_entries_etc_shadow" selected="true"/>
    <select idref="xccdf_org.ssgproject.content_rule_no_netrc_files" selected="true"/>
    <select idref="xccdf_org.ssgproject.content_rule_no_shelllogin_for_systemaccounts" selected="true"/>
    <select idref="xccdf_org.ssgproject.content_rule_package_aide_installed" selected="true"/>
    <select idref="xccdf_org.ssgproject.content_rule_package_apparmor_installed" selected="true"/>
    <select idref="xccdf_org.ssgproject.content_rule_package_audit-libs_installed" selected="true"/>
    <select idref="xccdf_org.ssgproject.content_rule_package_audit_installed" selected="true"/>
    <select idref="xccdf_org.ssgproject.content_rule_package_avahi-autoipd_removed" selected="true"/>
    <select idref="xccdf_org.ssgproject.content_rule_package_avahi_removed" selected="true"/>
    <select idref="xccdf_org.ssgproject.content_rule_package_bind_removed" selected="true"/>
    <select idref="xccdf_org.ssgproject.content_rule_package_chrony_installed" selected="true"/>
    <select idref="xccdf_org.ssgproject.content_rule_package_cron_installed" selected="true"/>
    <select idref="xccdf_org.ssgproject.content_rule_package_dhcp_client_removed" selected="true"/>
    <select idref="xccdf_org.ssgproject.content_rule_package_dhcp_removed" selected="true"/>
    <select idref="xccdf_org.ssgproject.content_rule_package_dovecot_removed" selected="true"/>
    <select idref="xccdf_org.ssgproject.content_rule_package_firewalld_installed" selected="true"/>
    <select idref="xccdf_org.ssgproject.content_rule_package_firewalld_removed" selected="true"/>
    <select idref="xccdf_org.ssgproject.content_rule_package_gdm_removed" selected="true"/>
    <select idref="xccdf_org.ssgproject.content_rule_package_httpd_removed" selected="true"/>
    <select idref="xccdf_org.ssgproject.content_rule_package_iptables_installed" selected="true"/>
    <select idref="xccdf_org.ssgproject.content_rule_package_logrotate_installed" selected="true"/>
    <select idref="xccdf_org.ssgproject.content_rule_package_net-snmp_removed" selected="true"/>
    <select idref="xccdf_org.ssgproject.content_rule_package_nfs-utils_removed" selected="true"/>
    <select idref="xccdf_org.ssgproject.content_rule_package_nftables_installed" selected="true"/>
    <select idref="xccdf_org.ssgproject.content_rule_package_nftables_removed" selected="true"/>
    <select idref="xccdf_org.ssgproject.content_rule_package_openldap-clients_removed" selected="true"/>
    <select idref="xccdf_org.ssgproject.content_rule_package_openldap-servers_removed" selected="true"/>
    <select idref="xccdf_org.ssgproject.content_rule_package_rpcbind_removed" selected="true"/>
    <select idref="xccdf_org.ssgproject.content_rule_package_rsh_removed" selected="true"/>
    <select idref="xccdf_org.ssgproject.content_rule_package_rsync_removed" selected="true"/>
    <select idref="xccdf_org.ssgproject.content_rule_package_rsyslog_installed" selected="true"/>
    <select idref="xccdf_org.ssgproject.content_rule_package_samba_removed" selected="true"/>
    <select idref="xccdf_org.ssgproject.content_rule_package_squid_removed" selected="true"/>
    <select idref="xccdf_org.ssgproject.content_rule_package_sudo_installed" selected="true"/>
    <select idref="xccdf_org.ssgproject.content_rule_package_talk_removed" selected="true"/>
    <select idref="xccdf_org.ssgproject.content_rule_package_tcp_wrappers_removed" selected="true"/>
    <select idref="xccdf_org.ssgproject.content_rule_package_telnet-server_removed" selected="true"/>
    <select idref="xccdf_org.ssgproject.content_rule_package_telnet_removed" selected="true"/>
    <select idref="xccdf_org.ssgproject.content_rule_package_vsftpd_removed" selected="true"/>
    <select idref="xccdf_org.ssgproject.content_rule_package_xinetd_removed" selected="true"/>
    <select idref="xccdf_org.ssgproject.content_rule_package_ypbind_removed" selected="true"/>
    <select idref="xccdf_org.ssgproject.content_rule_package_ypserv_removed" selected="true"/>
    <select idref="xccdf_org.ssgproject.content_rule_partition_for_dev_shm" selected="true"/>
    <select idref="xccdf_org.ssgproject.content_rule_partition_for_home" selected="true"/>
    <select idref="xccdf_org.ssgproject.content_rule_partition_for_tmp" selected="true"/>
    <select idref="xccdf_org.ssgproject.content_rule_partition_for_var" selected="true"/>
    <select idref="xccdf_org.ssgproject.content_rule_partition_for_var_log" selected="true"/>
    <select idref="xccdf_org.ssgproject.content_rule_partition_for_var_log_audit" selected="true"/>
    <select idref="xccdf_org.ssgproject.content_rule_partition_for_var_tmp" selected="true"/>
    <select idref="xccdf_org.ssgproject.content_rule_permissions_local_var_log" selected="true"/>
    <select idref="xccdf_org.ssgproject.content_rule_postfix_network_listening_disabled" selected="true"/>
    <select idref="xccdf_org.ssgproject.content_rule_require_emergency_target_auth" selected="true"/>
    <select idref="xccdf_org.ssgproject.content_rule_require_singleuser_auth" selected="true"/>
    <select idref="xccdf_org.ssgproject.content_rule_root_path_no_dot" selected="true"/>
    <select idref="xccdf_org.ssgproject.content_rule_rsyslog_files_groupownership" selected="true"/>
    <select idref="xccdf_org.ssgproject.content_rule_rsyslog_files_ownership" selected="true"/>
    <select idref="xccdf_org.ssgproject.content_rule_rsyslog_files_permissions" selected="true"/>
    <select idref="xccdf_org.ssgproject.content_rule_rsyslog_logging_configured" selected="true"/>
    <select idref="xccdf_org.ssgproject.content_rule_rsyslog_remote_loghost" selected="true"/>
    <select idref="xccdf_org.ssgproject.content_rule_securetty_root_login_console_only" selected="true"/>
    <select idref="xccdf_org.ssgproject.content_rule_service_auditd_enabled" selected="true"/>
    <select idref="xccdf_org.ssgproject.content_rule_service_autofs_disabled" selected="true"/>
    <select idref="xccdf_org.ssgproject.content_rule_service_avahi-daemon_disabled" selected="true"/>
    <select idref="xccdf_org.ssgproject.content_rule_service_cron_enabled" selected="true"/>
    <select idref="xccdf_org.ssgproject.content_rule_service_dhcpd_disabled" selected="true"/>
    <select idref="xccdf_org.ssgproject.content_rule_service_dovecot_disabled" selected="true"/>
    <select idref="xccdf_org.ssgproject.content_rule_service_firewalld_disabled" selected="true"/>
    <select idref="xccdf_org.ssgproject.content_rule_service_firewalld_enabled" selected="true"/>
    <select idref="xccdf_org.ssgproject.content_rule_service_httpd_disabled" selected="true"/>
    <select idref="xccdf_org.ssgproject.content_rule_service_iptables_enabled" selected="true"/>
    <select idref="xccdf_org.ssgproject.content_rule_service_named_disabled" selected="true"/>
    <select idref="xccdf_org.ssgproject.content_rule_service_nfs_disabled" selected="true"/>
    <select idref="xccdf_org.ssgproject.content_rule_service_nftables_disabled" selected="true"/>
    <select idref="xccdf_org.ssgproject.content_rule_service_nftables_enabled" selected="true"/>
    <select idref="xccdf_org.ssgproject.content_rule_service_rpcbind_disabled" selected="true"/>
    <select idref="xccdf_org.ssgproject.content_rule_service_rsyncd_disabled" selected="true"/>
    <select idref="xccdf_org.ssgproject.content_rule_service_rsyslog_enabled" selected="true"/>
    <select idref="xccdf_org.ssgproject.content_rule_service_smb_disabled" selected="true"/>
    <select idref="xccdf_org.ssgproject.content_rule_service_snmpd_disabled" selected="true"/>
    <select idref="xccdf_org.ssgproject.content_rule_service_squid_disabled" selected="true"/>
    <select idref="xccdf_org.ssgproject.content_rule_service_timesyncd_root_distance_configured" selected="true"/>
    <select idref="xccdf_org.ssgproject.content_rule_service_vsftpd_disabled" selected="true"/>
    <select idref="xccdf_org.ssgproject.content_rule_service_xinetd_disabled" selected="true"/>
    <select idref="xccdf_org.ssgproject.content_rule_set_firewalld_appropriate_zone" selected="true"/>
    <select idref="xccdf_org.ssgproject.content_rule_set_firewalld_default_zone" selected="true"/>
    <select idref="xccdf_org.ssgproject.content_rule_set_ip6tables_default_rule" selected="true"/>
    <select idref="xccdf_org.ssgproject.content_rule_set_iptables_default_rule" selected="true"/>
    <select idref="xccdf_org.ssgproject.content_rule_set_iptables_default_rule_forward" selected="true"/>
    <select idref="xccdf_org.ssgproject.content_rule_set_iptables_outbound_n_established" selected="true"/>
    <select idref="xccdf_org.ssgproject.content_rule_set_ipv6_loopback_traffic" selected="true"/>
    <select idref="xccdf_org.ssgproject.content_rule_set_loopback_traffic" selected="true"/>
    <select idref="xccdf_org.ssgproject.content_rule_set_nftables_base_chain" selected="true"/>
    <select idref="xccdf_org.ssgproject.content_rule_set_nftables_loopback_traffic" selected="true"/>
    <select idref="xccdf_org.ssgproject.content_rule_set_nftables_new_connections" selected="true"/>
    <select idref="xccdf_org.ssgproject.content_rule_set_nftables_table" selected="true"/>
    <select idref="xccdf_org.ssgproject.content_rule_set_password_hashing_algorithm_logindefs" selected="true"/>
    <select idref="xccdf_org.ssgproject.content_rule_sshd_disable_empty_passwords" selected="true"/>
    <select idref="xccdf_org.ssgproject.content_rule_sshd_disable_rhosts" selected="true"/>
    <select idref="xccdf_org.ssgproject.content_rule_sshd_disable_root_login" selected="true"/>
    <select idref="xccdf_org.ssgproject.content_rule_sshd_disable_tcp_forwarding" selected="true"/>
    <select idref="xccdf_org.ssgproject.content_rule_sshd_disable_x11_forwarding" selected="true"/>
    <select idref="xccdf_org.ssgproject.content_rule_sshd_do_not_permit_user_env" selected="true"/>
    <select idref="xccdf_org.ssgproject.content_rule_sshd_enable_pam" selected="true"/>
    <select idref="xccdf_org.ssgproject.content_rule_sshd_enable_warning_banner" selected="true"/>
    <select idref="xccdf_org.ssgproject.content_rule_sshd_limit_user_access" selected="true"/>
    <select idref="xccdf_org.ssgproject.content_rule_sshd_set_idle_timeout" selected="true"/>
    <select idref="xccdf_org.ssgproject.content_rule_sshd_set_keepalive" selected="true"/>
    <select idref="xccdf_org.ssgproject.content_rule_sshd_set_login_grace_time" selected="true"/>
    <select idref="xccdf_org.ssgproject.content_rule_sshd_set_loglevel_verbose" selected="true"/>
    <select idref="xccdf_org.ssgproject.content_rule_sshd_set_max_auth_tries" selected="true"/>
    <select idref="xccdf_org.ssgproject.content_rule_sshd_set_max_sessions" selected="true"/>
    <select idref="xccdf_org.ssgproject.content_rule_sshd_set_maxstartups" selected="true"/>
    <select idref="xccdf_org.ssgproject.content_rule_sshd_use_approved_ciphers" selected="true"/>
    <select idref="xccdf_org.ssgproject.content_rule_sshd_use_approved_macs" selected="true"/>
    <select idref="xccdf_org.ssgproject.content_rule_sshd_use_strong_ciphers" selected="true"/>
    <select idref="xccdf_org.ssgproject.content_rule_sshd_use_strong_kex" selected="true"/>
    <select idref="xccdf_org.ssgproject.content_rule_sshd_use_strong_macs" selected="true"/>
    <select idref="xccdf_org.ssgproject.content_rule_sudo_add_use_pty" selected="true"/>
    <select idref="xccdf_org.ssgproject.content_rule_sudo_custom_logfile" selected="true"/>
    <select idref="xccdf_org.ssgproject.content_rule_sysctl_fs_suid_dumpable" selected="true"/>
    <select idref="xccdf_org.ssgproject.content_rule_sysctl_kernel_randomize_va_space" selected="true"/>
    <select idref="xccdf_org.ssgproject.content_rule_sysctl_net_ipv4_conf_all_accept_redirects" selected="true"/>
    <select idref="xccdf_org.ssgproject.content_rule_sysctl_net_ipv4_conf_all_accept_source_route" selected="true"/>
    <select idref="xccdf_org.ssgproject.content_rule_sysctl_net_ipv4_conf_all_log_martians" selected="true"/>
    <select idref="xccdf_org.ssgproject.content_rule_sysctl_net_ipv4_conf_all_rp_filter" selected="true"/>
    <select idref="xccdf_org.ssgproject.content_rule_sysctl_net_ipv4_conf_all_secure_redirects" selected="true"/>
    <select idref="xccdf_org.ssgproject.content_rule_sysctl_net_ipv4_conf_all_send_redirects" selected="true"/>
    <select idref="xccdf_org.ssgproject.content_rule_sysctl_net_ipv4_conf_default_accept_redirects" selected="true"/>
    <select idref="xccdf_org.ssgproject.content_rule_sysctl_net_ipv4_conf_default_accept_source_route" selected="true"/>
    <select idref="xccdf_org.ssgproject.content_rule_sysctl_net_ipv4_conf_default_log_martians" selected="true"/>
    <select idref="xccdf_org.ssgproject.content_rule_sysctl_net_ipv4_conf_default_rp_filter" selected="true"/>
    <select idref="xccdf_org.ssgproject.content_rule_sysctl_net_ipv4_conf_default_secure_redirects" selected="true"/>
    <select idref="xccdf_org.ssgproject.content_rule_sysctl_net_ipv4_conf_default_send_redirects" selected="true"/>
    <select idref="xccdf_org.ssgproject.content_rule_sysctl_net_ipv4_icmp_echo_ignore_broadcasts" selected="true"/>
    <select idref="xccdf_org.ssgproject.content_rule_sysctl_net_ipv4_icmp_ignore_bogus_error_responses" selected="true"/>
    <select idref="xccdf_org.ssgproject.content_rule_sysctl_net_ipv4_ip_forward" selected="true"/>
    <select idref="xccdf_org.ssgproject.content_rule_sysctl_net_ipv4_tcp_syncookies" selected="true"/>
    <select idref="xccdf_org.ssgproject.content_rule_sysctl_net_ipv6_conf_all_accept_ra" selected="true"/>
    <select idref="xccdf_org.ssgproject.content_rule_sysctl_net_ipv6_conf_all_accept_redirects" selected="true"/>
    <select idref="xccdf_org.ssgproject.content_rule_sysctl_net_ipv6_conf_all_accept_source_route" selected="true"/>
    <select idref="xccdf_org.ssgproject.content_rule_sysctl_net_ipv6_conf_all_disable_ipv6" selected="true"/>
    <select idref="xccdf_org.ssgproject.content_rule_sysctl_net_ipv6_conf_all_forwarding" selected="true"/>
    <select idref="xccdf_org.ssgproject.content_rule_sysctl_net_ipv6_conf_default_accept_ra" selected="true"/>
    <select idref="xccdf_org.ssgproject.content_rule_sysctl_net_ipv6_conf_default_accept_redirects" selected="true"/>
    <select idref="xccdf_org.ssgproject.content_rule_sysctl_net_ipv6_conf_default_accept_source_route" selected="true"/>
    <select idref="xccdf_org.ssgproject.content_rule_timer_logrotate_enabled" selected="true"/>
    <select idref="xccdf_org.ssgproject.content_rule_unnecessary_firewalld_services_ports_disabled" selected="true"/>
    <select idref="xccdf_org.ssgproject.content_rule_use_pam_wheel_group_for_su" selected="true"/>
    <select idref="xccdf_org.ssgproject.content_rule_wireless_disable_interfaces" selected="true"/>
    <select idref="xccdf_org.ssgproject.content_group_audit_execution_acl_commands" selected="false"/>
    <select idref="xccdf_org.ssgproject.content_group_audit_execution_selinux_commands" selected="false"/>
    <select idref="xccdf_org.ssgproject.content_group_avahi_configuration" selected="false"/>
    <select idref="xccdf_org.ssgproject.content_group_base" selected="false"/>
    <select idref="xccdf_org.ssgproject.content_group_certified-vendor" selected="false"/>
    <select idref="xccdf_org.ssgproject.content_group_console_screen_locking" selected="false"/>
    <select idref="xccdf_org.ssgproject.content_group_crypto" selected="false"/>
    <select idref="xccdf_org.ssgproject.content_group_deprecated" selected="false"/>
    <select idref="xccdf_org.ssgproject.content_group_dhcp_client_configuration" selected="false"/>
    <select idref="xccdf_org.ssgproject.content_group_dhcp_server_configuration" selected="false"/>
    <select idref="xccdf_org.ssgproject.content_group_disabling_cyrus-imapd" selected="false"/>
    <select idref="xccdf_org.ssgproject.content_group_disabling_netfs" selected="false"/>
    <select idref="xccdf_org.ssgproject.content_group_disabling_quagga" selected="false"/>
    <select idref="xccdf_org.ssgproject.content_group_disabling_xwindows" selected="false"/>
    <select idref="xccdf_org.ssgproject.content_group_endpoint_security_software" selected="false"/>
    <select idref="xccdf_org.ssgproject.content_group_entropy" selected="false"/>
    <select idref="xccdf_org.ssgproject.content_group_fapolicyd" selected="false"/>
    <select idref="xccdf_org.ssgproject.content_group_file_permissions_auditd" selected="false"/>
    <select idref="xccdf_org.ssgproject.content_group_fips" selected="false"/>
    <select idref="xccdf_org.ssgproject.content_group_ftp_configure_vsftpd" selected="false"/>
    <select idref="xccdf_org.ssgproject.content_group_ftp_restrict_users" selected="false"/>
    <select idref="xccdf_org.ssgproject.content_group_gnome_login_screen" selected="false"/>
    <select idref="xccdf_org.ssgproject.content_group_gnome_media_settings" selected="false"/>
    <select idref="xccdf_org.ssgproject.content_group_gnome_remote_access_settings" selected="false"/>
    <select idref="xccdf_org.ssgproject.content_group_gnome_screen_locking" selected="false"/>
    <select idref="xccdf_org.ssgproject.content_group_kernel_build_config" selected="false"/>
    <select idref="xccdf_org.ssgproject.content_group_mcafee_endpoint_security_software" selected="false"/>
    <select idref="xccdf_org.ssgproject.content_group_mcafee_security_software" selected="false"/>
    <select idref="xccdf_org.ssgproject.content_group_mounting_remote_filesystems" selected="false"/>
    <select idref="xccdf_org.ssgproject.content_group_network-ipsec" selected="false"/>
    <select idref="xccdf_org.ssgproject.content_group_network-ufw" selected="false"/>
    <select idref="xccdf_org.ssgproject.content_group_nfs_configuring_servers" selected="false"/>
    <select idref="xccdf_org.ssgproject.content_group_password_quality_pwquality" selected="false"/>
    <select idref="xccdf_org.ssgproject.content_group_permissions_local" selected="false"/>
    <select idref="xccdf_org.ssgproject.content_group_permissions_var_log_dir" selected="false"/>
    <select idref="xccdf_org.ssgproject.content_group_permissions_within_important_dirs" selected="false"/>
    <select idref="xccdf_org.ssgproject.content_group_poisoning" selected="false"/>
    <select idref="xccdf_org.ssgproject.content_group_printing" selected="false"/>
    <select idref="xccdf_org.ssgproject.content_group_routing" selected="false"/>
    <select idref="xccdf_org.ssgproject.content_group_rpm_verification" selected="false"/>
    <select idref="xccdf_org.ssgproject.content_group_rsyslog_accepting_remote_messages" selected="false"/>
    <select idref="xccdf_org.ssgproject.content_group_screen_locking" selected="false"/>
    <select idref="xccdf_org.ssgproject.content_group_selinux" selected="false"/>
    <select idref="xccdf_org.ssgproject.content_group_selinux-booleans" selected="false"/>
    <select idref="xccdf_org.ssgproject.content_group_smart_card_login" selected="false"/>
    <select idref="xccdf_org.ssgproject.content_group_sssd" selected="false"/>
    <select idref="xccdf_org.ssgproject.content_group_sssd-ldap" selected="false"/>
    <select idref="xccdf_org.ssgproject.content_group_system-tools" selected="false"/>
    <select idref="xccdf_org.ssgproject.content_group_tftp" selected="false"/>
    <select idref="xccdf_org.ssgproject.content_group_xwindows" selected="false"/>
    <refine-value idref="xccdf_org.ssgproject.content_value_var_pam_wheel_group_for_su" selector="cis"/>
    <refine-value idref="xccdf_org.ssgproject.content_value_var_accounts_user_umask" selector="027"/>
    <refine-value idref="xccdf_org.ssgproject.content_value_var_accounts_tmout" selector="15_min"/>
    <refine-value idref="xccdf_org.ssgproject.content_value_var_account_disable_post_pw_expiration" selector="30"/>
    <refine-value idref="xccdf_org.ssgproject.content_value_var_accounts_password_warn_age_login_defs" selector="7"/>
    <refine-value idref="xccdf_org.ssgproject.content_value_var_accounts_minimum_age_login_defs" selector="1"/>
    <refine-value idref="xccdf_org.ssgproject.content_value_var_accounts_maximum_age_login_defs" selector="365"/>
    <refine-value idref="xccdf_org.ssgproject.content_value_var_password_pam_remember" selector="5"/>
    <refine-value idref="xccdf_org.ssgproject.content_value_var_password_pam_tally2" selector="5"/>
    <refine-value idref="xccdf_org.ssgproject.content_value_var_accounts_passwords_pam_tally2_unlock_time" selector="1800"/>
    <refine-value idref="xccdf_org.ssgproject.content_value_var_password_pam_dcredit" selector="1"/>
    <refine-value idref="xccdf_org.ssgproject.content_value_var_password_pam_ucredit" selector="1"/>
    <refine-value idref="xccdf_org.ssgproject.content_value_var_password_pam_lcredit" selector="1"/>
    <refine-value idref="xccdf_org.ssgproject.content_value_var_password_pam_ocredit" selector="1"/>
    <refine-value idref="xccdf_org.ssgproject.content_value_var_password_pam_minlen" selector="14"/>
    <refine-value idref="xccdf_org.ssgproject.content_value_var_password_pam_retry" selector="3"/>
    <refine-value idref="xccdf_org.ssgproject.content_value_var_sshd_max_sessions" selector="10"/>
    <refine-value idref="xccdf_org.ssgproject.content_value_var_sshd_set_maxstartups" selector="10:30:60"/>
    <refine-value idref="xccdf_org.ssgproject.content_value_var_sshd_set_login_grace_time" selector="60"/>
    <refine-value idref="xccdf_org.ssgproject.content_value_sshd_idle_timeout_value" selector="5_minutes"/>
    <refine-value idref="xccdf_org.ssgproject.content_value_var_sshd_set_keepalive" selector="0"/>
    <refine-value idref="xccdf_org.ssgproject.content_value_sshd_strong_kex" selector="cis_sle15"/>
    <refine-value idref="xccdf_org.ssgproject.content_value_sshd_approved_macs" selector="cis_sle15"/>
    <refine-value idref="xccdf_org.ssgproject.content_value_sshd_strong_macs" selector="cis_sle15"/>
    <refine-value idref="xccdf_org.ssgproject.content_value_sshd_approved_ciphers" selector="cis_sle15"/>
    <refine-value idref="xccdf_org.ssgproject.content_value_sshd_max_auth_tries_value" selector="4"/>
    <refine-value idref="xccdf_org.ssgproject.content_value_var_nftables_master_config_file" selector="sysconfig"/>
    <refine-value idref="xccdf_org.ssgproject.content_value_var_nftables_base_chain_names" selector="chain_names"/>
    <refine-value idref="xccdf_org.ssgproject.content_value_var_nftables_base_chain_types" selector="chain_types"/>
    <refine-value idref="xccdf_org.ssgproject.content_value_var_nftables_base_chain_hooks" selector="chain_hooks"/>
    <refine-value idref="xccdf_org.ssgproject.content_value_var_nftables_base_chain_priorities" selector="chain_priorities"/>
    <refine-value idref="xccdf_org.ssgproject.content_value_var_nftables_base_chain_policies" selector="chain_policies"/>
    <refine-value idref="xccdf_org.ssgproject.content_value_var_nftables_family" selector="inet"/>
    <refine-value idref="xccdf_org.ssgproject.content_value_var_nftables_table" selector="filter"/>
    <refine-value idref="xccdf_org.ssgproject.content_value_sysctl_net_ipv6_conf_all_accept_ra_value" selector="disabled"/>
    <refine-value idref="xccdf_org.ssgproject.content_value_sysctl_net_ipv6_conf_default_accept_ra_value" selector="disabled"/>
    <refine-value idref="xccdf_org.ssgproject.content_value_sysctl_net_ipv4_tcp_syncookies_value" selector="enabled"/>
    <refine-value idref="xccdf_org.ssgproject.content_value_sysctl_net_ipv4_conf_all_rp_filter_value" selector="enabled"/>
    <refine-value idref="xccdf_org.ssgproject.content_value_sysctl_net_ipv4_conf_default_rp_filter_value" selector="enabled"/>
    <refine-value idref="xccdf_org.ssgproject.content_value_sysctl_net_ipv4_icmp_ignore_bogus_error_responses_value" selector="enabled"/>
    <refine-value idref="xccdf_org.ssgproject.content_value_sysctl_net_ipv4_icmp_echo_ignore_broadcasts_value" selector="enabled"/>
    <refine-value idref="xccdf_org.ssgproject.content_value_sysctl_net_ipv4_conf_all_log_martians_value" selector="enabled"/>
    <refine-value idref="xccdf_org.ssgproject.content_value_sysctl_net_ipv4_conf_default_log_martians_value" selector="enabled"/>
    <refine-value idref="xccdf_org.ssgproject.content_value_sysctl_net_ipv4_conf_all_secure_redirects_value" selector="disabled"/>
    <refine-value idref="xccdf_org.ssgproject.content_value_sysctl_net_ipv4_conf_default_secure_redirects_value" selector="disabled"/>
    <refine-value idref="xccdf_org.ssgproject.content_value_sysctl_net_ipv4_conf_all_accept_redirects_value" selector="disabled"/>
    <refine-value idref="xccdf_org.ssgproject.content_value_sysctl_net_ipv4_conf_default_accept_redirects_value" selector="disabled"/>
    <refine-value idref="xccdf_org.ssgproject.content_value_sysctl_net_ipv6_conf_all_accept_redirects_value" selector="disabled"/>
    <refine-value idref="xccdf_org.ssgproject.content_value_sysctl_net_ipv6_conf_default_accept_redirects_value" selector="disabled"/>
    <refine-value idref="xccdf_org.ssgproject.content_value_sysctl_net_ipv4_conf_all_accept_source_route_value" selector="disabled"/>
    <refine-value idref="xccdf_org.ssgproject.content_value_sysctl_net_ipv4_conf_default_accept_source_route_value" selector="disabled"/>
    <refine-value idref="xccdf_org.ssgproject.content_value_sysctl_net_ipv6_conf_all_accept_source_route_value" selector="disabled"/>
    <refine-value idref="xccdf_org.ssgproject.content_value_sysctl_net_ipv6_conf_default_accept_source_route_value" selector="disabled"/>
    <refine-value idref="xccdf_org.ssgproject.content_value_sysctl_net_ipv6_conf_all_forwarding_value" selector="disabled"/>
    <refine-value idref="xccdf_org.ssgproject.content_value_var_postfix_inet_interfaces" selector="loopback-only"/>
    <refine-value idref="xccdf_org.ssgproject.content_value_var_multiple_time_servers" selector="suse"/>
    <refine-value idref="xccdf_org.ssgproject.content_value_var_multiple_time_pools" selector="suse"/>
    <refine-value idref="xccdf_org.ssgproject.content_value_remote_login_banner_text" selector="cis_banners"/>
    <refine-value idref="xccdf_org.ssgproject.content_value_login_banner_text" selector="cis_banners"/>
    <refine-value idref="xccdf_org.ssgproject.content_value_motd_banner_text" selector="cis_banners"/>
    <refine-value idref="xccdf_org.ssgproject.content_value_var_apparmor_mode" selector="complain"/>
    <refine-value idref="xccdf_org.ssgproject.content_value_var_sudo_logfile" selector="var_log_sudo_log"/>
    <refine-value idref="xccdf_org.ssgproject.content_value_var_audit_backlog_limit" selector="8192"/>
    <refine-value idref="xccdf_org.ssgproject.content_value_var_auditd_space_left_action" selector="email"/>
    <refine-value idref="xccdf_org.ssgproject.content_value_var_auditd_action_mail_acct" selector="root"/>
    <refine-value idref="xccdf_org.ssgproject.content_value_var_auditd_admin_space_left_action" selector="halt"/>
    <refine-value idref="xccdf_org.ssgproject.content_value_var_auditd_max_log_file_action" selector="keep_logs"/>
    <refine-value idref="xccdf_org.ssgproject.content_value_var_auditd_max_log_file" selector="6"/>
  </Profile>
  <Profile id="xccdf_org.ssgproject.content_profile_general">
    <version>1.0</version>
    <title xmlns:xhtml="http://www.w3.org/1999/xhtml" xml:lang="en-US" override="true">General System Security Profile for SUSE Linux Enterprise (SLES) 15</title>
    <description xmlns:xhtml="http://www.w3.org/1999/xhtml" xml:lang="en-US" override="true">This profile contains configuration checks that align to the
General System Security Profile for SUSE Linux Enterprise (SLES) 15.</description>
    <reference>not_publicly_available</reference>
    <select idref="xccdf_org.ssgproject.content_rule_account_disable_post_pw_expiration" selected="true"/>
    <select idref="xccdf_org.ssgproject.content_rule_account_unique_id" selected="true"/>
    <select idref="xccdf_org.ssgproject.content_rule_account_unique_name" selected="true"/>
    <select idref="xccdf_org.ssgproject.content_rule_accounts_authorized_local_users" selected="true"/>
    <select idref="xccdf_org.ssgproject.content_rule_accounts_have_homedir_login_defs" selected="true"/>
    <select idref="xccdf_org.ssgproject.content_rule_accounts_max_concurrent_login_sessions" selected="true"/>
    <select idref="xccdf_org.ssgproject.content_rule_accounts_maximum_age_login_defs" selected="true"/>
    <select idref="xccdf_org.ssgproject.content_rule_accounts_minimum_age_login_defs" selected="true"/>
    <select idref="xccdf_org.ssgproject.content_rule_accounts_no_uid_except_zero" selected="true"/>
    <select idref="xccdf_org.ssgproject.content_rule_accounts_password_all_shadowed" selected="true"/>
    <select idref="xccdf_org.ssgproject.content_rule_accounts_password_all_shadowed_sha512" selected="true"/>
    <select idref="xccdf_org.ssgproject.content_rule_accounts_password_last_change_is_in_past" selected="true"/>
    <select idref="xccdf_org.ssgproject.content_rule_accounts_password_pam_minlen" selected="true"/>
    <select idref="xccdf_org.ssgproject.content_rule_accounts_password_pam_pwhistory_remember" selected="true"/>
    <select idref="xccdf_org.ssgproject.content_rule_accounts_password_set_max_life_existing" selected="true"/>
    <select idref="xccdf_org.ssgproject.content_rule_accounts_password_set_min_life_existing" selected="true"/>
    <select idref="xccdf_org.ssgproject.content_rule_accounts_password_set_warn_age_existing" selected="true"/>
    <select idref="xccdf_org.ssgproject.content_rule_accounts_password_warn_age_login_defs" selected="true"/>
    <select idref="xccdf_org.ssgproject.content_rule_accounts_passwords_pam_faillock_deny" selected="true"/>
    <select idref="xccdf_org.ssgproject.content_rule_accounts_passwords_pam_faillock_deny_root" selected="true"/>
    <select idref="xccdf_org.ssgproject.content_rule_accounts_passwords_pam_faillock_unlock_time" selected="true"/>
    <select idref="xccdf_org.ssgproject.content_rule_accounts_root_gid_zero" selected="true"/>
    <select idref="xccdf_org.ssgproject.content_rule_accounts_root_path_dirs_no_write" selected="true"/>
    <select idref="xccdf_org.ssgproject.content_rule_accounts_set_post_pw_existing" selected="true"/>
    <select idref="xccdf_org.ssgproject.content_rule_accounts_tmout" selected="true"/>
    <select idref="xccdf_org.ssgproject.content_rule_accounts_umask_etc_bashrc" selected="true"/>
    <select idref="xccdf_org.ssgproject.content_rule_accounts_umask_etc_login_defs" selected="true"/>
    <select idref="xccdf_org.ssgproject.content_rule_accounts_umask_etc_profile" selected="true"/>
    <select idref="xccdf_org.ssgproject.content_rule_accounts_umask_root" selected="true"/>
    <select idref="xccdf_org.ssgproject.content_rule_accounts_user_dot_group_ownership" selected="true"/>
    <select idref="xccdf_org.ssgproject.content_rule_accounts_user_dot_user_ownership" selected="true"/>
    <select idref="xccdf_org.ssgproject.content_rule_accounts_user_home_paths_only" selected="true"/>
    <select idref="xccdf_org.ssgproject.content_rule_accounts_user_interactive_home_directory_exists" selected="true"/>
    <select idref="xccdf_org.ssgproject.content_rule_aide_build_database" selected="true"/>
    <select idref="xccdf_org.ssgproject.content_rule_aide_check_audit_tools" selected="true"/>
    <select idref="xccdf_org.ssgproject.content_rule_aide_periodic_checking_systemd_timer" selected="true"/>
    <select idref="xccdf_org.ssgproject.content_rule_all_apparmor_profiles_enforced" selected="true"/>
    <select idref="xccdf_org.ssgproject.content_rule_all_apparmor_profiles_in_enforce_complain_mode" selected="true"/>
    <select idref="xccdf_org.ssgproject.content_rule_apparmor_configured" selected="true"/>
    <select idref="xccdf_org.ssgproject.content_rule_audit_rules_dac_modification_chmod" selected="true"/>
    <select idref="xccdf_org.ssgproject.content_rule_audit_rules_dac_modification_chown" selected="true"/>
    <select idref="xccdf_org.ssgproject.content_rule_audit_rules_dac_modification_fchmod" selected="true"/>
    <select idref="xccdf_org.ssgproject.content_rule_audit_rules_dac_modification_fchmodat" selected="true"/>
    <select idref="xccdf_org.ssgproject.content_rule_audit_rules_dac_modification_fchown" selected="true"/>
    <select idref="xccdf_org.ssgproject.content_rule_audit_rules_dac_modification_fchownat" selected="true"/>
    <select idref="xccdf_org.ssgproject.content_rule_audit_rules_dac_modification_fremovexattr" selected="true"/>
    <select idref="xccdf_org.ssgproject.content_rule_audit_rules_dac_modification_fsetxattr" selected="true"/>
    <select idref="xccdf_org.ssgproject.content_rule_audit_rules_dac_modification_lchown" selected="true"/>
    <select idref="xccdf_org.ssgproject.content_rule_audit_rules_dac_modification_lremovexattr" selected="true"/>
    <select idref="xccdf_org.ssgproject.content_rule_audit_rules_dac_modification_lsetxattr" selected="true"/>
    <select idref="xccdf_org.ssgproject.content_rule_audit_rules_dac_modification_removexattr" selected="true"/>
    <select idref="xccdf_org.ssgproject.content_rule_audit_rules_dac_modification_setxattr" selected="true"/>
    <select idref="xccdf_org.ssgproject.content_rule_audit_rules_enable_syscall_auditing" selected="true"/>
    <select idref="xccdf_org.ssgproject.content_rule_audit_rules_execution_chacl" selected="true"/>
    <select idref="xccdf_org.ssgproject.content_rule_audit_rules_execution_chcon" selected="true"/>
    <select idref="xccdf_org.ssgproject.content_rule_audit_rules_execution_setfacl" selected="true"/>
    <select idref="xccdf_org.ssgproject.content_rule_audit_rules_file_deletion_events_rename" selected="true"/>
    <select idref="xccdf_org.ssgproject.content_rule_audit_rules_file_deletion_events_renameat" selected="true"/>
    <select idref="xccdf_org.ssgproject.content_rule_audit_rules_file_deletion_events_unlink" selected="true"/>
    <select idref="xccdf_org.ssgproject.content_rule_audit_rules_file_deletion_events_unlinkat" selected="true"/>
    <select idref="xccdf_org.ssgproject.content_rule_audit_rules_immutable" selected="true"/>
    <select idref="xccdf_org.ssgproject.content_rule_audit_rules_kernel_module_loading" selected="true"/>
    <select idref="xccdf_org.ssgproject.content_rule_audit_rules_kernel_module_loading_delete" selected="true"/>
    <select idref="xccdf_org.ssgproject.content_rule_audit_rules_kernel_module_loading_init" selected="true"/>
    <select idref="xccdf_org.ssgproject.content_rule_audit_rules_login_events_faillog" selected="true"/>
    <select idref="xccdf_org.ssgproject.content_rule_audit_rules_login_events_lastlog" selected="true"/>
    <select idref="xccdf_org.ssgproject.content_rule_audit_rules_login_events_tallylog" selected="true"/>
    <select idref="xccdf_org.ssgproject.content_rule_audit_rules_mac_modification" selected="true"/>
    <select idref="xccdf_org.ssgproject.content_rule_audit_rules_mac_modification_usr_share" selected="true"/>
    <select idref="xccdf_org.ssgproject.content_rule_audit_rules_media_export" selected="true"/>
    <select idref="xccdf_org.ssgproject.content_rule_audit_rules_networkconfig_modification" selected="true"/>
    <select idref="xccdf_org.ssgproject.content_rule_audit_rules_privileged_commands" selected="true"/>
    <select idref="xccdf_org.ssgproject.content_rule_audit_rules_privileged_commands_chage" selected="true"/>
    <select idref="xccdf_org.ssgproject.content_rule_audit_rules_privileged_commands_chfn" selected="true"/>
    <select idref="xccdf_org.ssgproject.content_rule_audit_rules_privileged_commands_chsh" selected="true"/>
    <select idref="xccdf_org.ssgproject.content_rule_audit_rules_privileged_commands_crontab" selected="true"/>
    <select idref="xccdf_org.ssgproject.content_rule_audit_rules_privileged_commands_insmod" selected="true"/>
    <select idref="xccdf_org.ssgproject.content_rule_audit_rules_privileged_commands_modprobe" selected="true"/>
    <select idref="xccdf_org.ssgproject.content_rule_audit_rules_privileged_commands_newgrp" selected="true"/>
    <select idref="xccdf_org.ssgproject.content_rule_audit_rules_privileged_commands_rmmod" selected="true"/>
    <select idref="xccdf_org.ssgproject.content_rule_audit_rules_privileged_commands_ssh_agent" selected="true"/>
    <select idref="xccdf_org.ssgproject.content_rule_audit_rules_privileged_commands_ssh_keysign" selected="true"/>
    <select idref="xccdf_org.ssgproject.content_rule_audit_rules_privileged_commands_usermod" selected="true"/>
    <select idref="xccdf_org.ssgproject.content_rule_audit_rules_session_events" selected="true"/>
    <select idref="xccdf_org.ssgproject.content_rule_audit_rules_suid_auid_privilege_function" selected="true"/>
    <select idref="xccdf_org.ssgproject.content_rule_audit_rules_sysadmin_actions" selected="true"/>
    <select idref="xccdf_org.ssgproject.content_rule_audit_rules_time_adjtimex" selected="true"/>
    <select idref="xccdf_org.ssgproject.content_rule_audit_rules_time_settimeofday" selected="true"/>
    <select idref="xccdf_org.ssgproject.content_rule_audit_rules_time_stime" selected="true"/>
    <select idref="xccdf_org.ssgproject.content_rule_audit_rules_time_watch_localtime" selected="true"/>
    <select idref="xccdf_org.ssgproject.content_rule_audit_rules_unsuccessful_file_modification_creat" selected="true"/>
    <select idref="xccdf_org.ssgproject.content_rule_audit_rules_unsuccessful_file_modification_ftruncate" selected="true"/>
    <select idref="xccdf_org.ssgproject.content_rule_audit_rules_unsuccessful_file_modification_open" selected="true"/>
    <select idref="xccdf_org.ssgproject.content_rule_audit_rules_unsuccessful_file_modification_openat" selected="true"/>
    <select idref="xccdf_org.ssgproject.content_rule_audit_rules_unsuccessful_file_modification_truncate" selected="true"/>
    <select idref="xccdf_org.ssgproject.content_rule_audit_rules_usergroup_modification_group" selected="true"/>
    <select idref="xccdf_org.ssgproject.content_rule_audit_rules_usergroup_modification_gshadow" selected="true"/>
    <select idref="xccdf_org.ssgproject.content_rule_audit_rules_usergroup_modification_opasswd" selected="true"/>
    <select idref="xccdf_org.ssgproject.content_rule_audit_rules_usergroup_modification_passwd" selected="true"/>
    <select idref="xccdf_org.ssgproject.content_rule_audit_rules_usergroup_modification_shadow" selected="true"/>
    <select idref="xccdf_org.ssgproject.content_rule_audit_sudo_log_events" selected="true"/>
    <select idref="xccdf_org.ssgproject.content_rule_auditd_data_retention_action_mail_acct" selected="true"/>
    <select idref="xccdf_org.ssgproject.content_rule_auditd_data_retention_admin_space_left_action" selected="true"/>
    <select idref="xccdf_org.ssgproject.content_rule_auditd_data_retention_max_log_file" selected="true"/>
    <select idref="xccdf_org.ssgproject.content_rule_auditd_data_retention_max_log_file_action" selected="true"/>
    <select idref="xccdf_org.ssgproject.content_rule_auditd_data_retention_space_left_action" selected="true"/>
    <select idref="xccdf_org.ssgproject.content_rule_banner_etc_issue" selected="true"/>
    <select idref="xccdf_org.ssgproject.content_rule_banner_etc_issue_net" selected="true"/>
    <select idref="xccdf_org.ssgproject.content_rule_banner_etc_motd" selected="true"/>
    <select idref="xccdf_org.ssgproject.content_rule_chronyd_configure_pool_and_server" selected="true"/>
    <select idref="xccdf_org.ssgproject.content_rule_chronyd_or_ntpd_set_maxpoll" selected="true"/>
    <select idref="xccdf_org.ssgproject.content_rule_chronyd_run_as_chrony_user" selected="true"/>
    <select idref="xccdf_org.ssgproject.content_rule_configure_crypto_policy" selected="true"/>
    <select idref="xccdf_org.ssgproject.content_rule_configure_ssh_crypto_policy" selected="true"/>
    <select idref="xccdf_org.ssgproject.content_rule_coredump_disable_backtraces" selected="true"/>
    <select idref="xccdf_org.ssgproject.content_rule_coredump_disable_storage" selected="true"/>
    <select idref="xccdf_org.ssgproject.content_rule_cracklib_accounts_password_pam_dcredit" selected="true"/>
    <select idref="xccdf_org.ssgproject.content_rule_cracklib_accounts_password_pam_difok" selected="true"/>
    <select idref="xccdf_org.ssgproject.content_rule_cracklib_accounts_password_pam_lcredit" selected="true"/>
    <select idref="xccdf_org.ssgproject.content_rule_cracklib_accounts_password_pam_ocredit" selected="true"/>
    <select idref="xccdf_org.ssgproject.content_rule_cracklib_accounts_password_pam_ucredit" selected="true"/>
    <select idref="xccdf_org.ssgproject.content_rule_dconf_gnome_banner_enabled" selected="true"/>
    <select idref="xccdf_org.ssgproject.content_rule_dconf_gnome_disable_automount" selected="true"/>
    <select idref="xccdf_org.ssgproject.content_rule_dconf_gnome_disable_automount_open" selected="true"/>
    <select idref="xccdf_org.ssgproject.content_rule_dconf_gnome_disable_autorun" selected="true"/>
    <select idref="xccdf_org.ssgproject.content_rule_dconf_gnome_disable_user_list" selected="true"/>
    <select idref="xccdf_org.ssgproject.content_rule_dconf_gnome_login_banner_text" selected="true"/>
    <select idref="xccdf_org.ssgproject.content_rule_dconf_gnome_screensaver_idle_delay" selected="true"/>
    <select idref="xccdf_org.ssgproject.content_rule_dconf_gnome_screensaver_lock_delay" selected="true"/>
    <select idref="xccdf_org.ssgproject.content_rule_dconf_gnome_screensaver_user_locks" selected="true"/>
    <select idref="xccdf_org.ssgproject.content_rule_dconf_gnome_session_idle_user_locks" selected="true"/>
    <select idref="xccdf_org.ssgproject.content_rule_directory_groupowner_etc_ipsecd" selected="true"/>
    <select idref="xccdf_org.ssgproject.content_rule_directory_groupowner_etc_nftables" selected="true"/>
    <select idref="xccdf_org.ssgproject.content_rule_directory_groupowner_etc_selinux" selected="true"/>
    <select idref="xccdf_org.ssgproject.content_rule_directory_groupowner_etc_sudoersd" selected="true"/>
    <select idref="xccdf_org.ssgproject.content_rule_directory_groupowner_etc_sysctld" selected="true"/>
    <select idref="xccdf_org.ssgproject.content_rule_directory_owner_etc_ipsecd" selected="true"/>
    <select idref="xccdf_org.ssgproject.content_rule_directory_owner_etc_nftables" selected="true"/>
    <select idref="xccdf_org.ssgproject.content_rule_directory_owner_etc_selinux" selected="true"/>
    <select idref="xccdf_org.ssgproject.content_rule_directory_owner_etc_sudoersd" selected="true"/>
    <select idref="xccdf_org.ssgproject.content_rule_directory_owner_etc_sysctld" selected="true"/>
    <select idref="xccdf_org.ssgproject.content_rule_directory_permissions_etc_ipsecd" selected="true"/>
    <select idref="xccdf_org.ssgproject.content_rule_directory_permissions_etc_nftables" selected="true"/>
    <select idref="xccdf_org.ssgproject.content_rule_directory_permissions_etc_selinux" selected="true"/>
    <select idref="xccdf_org.ssgproject.content_rule_directory_permissions_etc_sudoersd" selected="true"/>
    <select idref="xccdf_org.ssgproject.content_rule_directory_permissions_etc_sysctld" selected="true"/>
    <select idref="xccdf_org.ssgproject.content_rule_directory_permissions_var_log_audit" selected="true"/>
    <select idref="xccdf_org.ssgproject.content_rule_disable_host_auth" selected="true"/>
    <select idref="xccdf_org.ssgproject.content_rule_disable_users_coredumps" selected="true"/>
    <select idref="xccdf_org.ssgproject.content_rule_encrypt_partitions" selected="true"/>
    <select idref="xccdf_org.ssgproject.content_rule_ensure_GPG_keys_are_configured" selected="true"/>
    <select idref="xccdf_org.ssgproject.content_rule_ensure_gpgcheck_globally_activated" selected="true"/>
    <select idref="xccdf_org.ssgproject.content_rule_ensure_gpgcheck_never_disabled" selected="true"/>
    <select idref="xccdf_org.ssgproject.content_rule_ensure_logrotate_activated" selected="true"/>
    <select idref="xccdf_org.ssgproject.content_rule_ensure_pam_wheel_group_empty" selected="true"/>
    <select idref="xccdf_org.ssgproject.content_rule_ensure_root_password_configured" selected="true"/>
    <select idref="xccdf_org.ssgproject.content_rule_file_at_deny_not_exist" selected="true"/>
    <select idref="xccdf_org.ssgproject.content_rule_file_cron_allow_exists" selected="true"/>
    <select idref="xccdf_org.ssgproject.content_rule_file_cron_deny_not_exist" selected="true"/>
    <select idref="xccdf_org.ssgproject.content_rule_file_group_ownership_var_log_audit" selected="true"/>
    <select idref="xccdf_org.ssgproject.content_rule_file_groupowner_at_allow" selected="true"/>
    <select idref="xccdf_org.ssgproject.content_rule_file_groupowner_backup_etc_group" selected="true"/>
    <select idref="xccdf_org.ssgproject.content_rule_file_groupowner_backup_etc_gshadow" selected="true"/>
    <select idref="xccdf_org.ssgproject.content_rule_file_groupowner_backup_etc_passwd" selected="true"/>
    <select idref="xccdf_org.ssgproject.content_rule_file_groupowner_backup_etc_shadow" selected="true"/>
    <select idref="xccdf_org.ssgproject.content_rule_file_groupowner_cron_allow" selected="true"/>
    <select idref="xccdf_org.ssgproject.content_rule_file_groupowner_cron_d" selected="true"/>
    <select idref="xccdf_org.ssgproject.content_rule_file_groupowner_cron_daily" selected="true"/>
    <select idref="xccdf_org.ssgproject.content_rule_file_groupowner_cron_hourly" selected="true"/>
    <select idref="xccdf_org.ssgproject.content_rule_file_groupowner_cron_monthly" selected="true"/>
    <select idref="xccdf_org.ssgproject.content_rule_file_groupowner_cron_weekly" selected="true"/>
    <select idref="xccdf_org.ssgproject.content_rule_file_groupowner_crontab" selected="true"/>
    <select idref="xccdf_org.ssgproject.content_rule_file_groupowner_etc_group" selected="true"/>
    <select idref="xccdf_org.ssgproject.content_rule_file_groupowner_etc_gshadow" selected="true"/>
    <select idref="xccdf_org.ssgproject.content_rule_file_groupowner_etc_ipsec_conf" selected="true"/>
    <select idref="xccdf_org.ssgproject.content_rule_file_groupowner_etc_ipsec_secrets" selected="true"/>
    <select idref="xccdf_org.ssgproject.content_rule_file_groupowner_etc_issue" selected="true"/>
    <select idref="xccdf_org.ssgproject.content_rule_file_groupowner_etc_issue_net" selected="true"/>
    <select idref="xccdf_org.ssgproject.content_rule_file_groupowner_etc_motd" selected="true"/>
    <select idref="xccdf_org.ssgproject.content_rule_file_groupowner_etc_passwd" selected="true"/>
    <select idref="xccdf_org.ssgproject.content_rule_file_groupowner_etc_security_opasswd" selected="true"/>
    <select idref="xccdf_org.ssgproject.content_rule_file_groupowner_etc_security_opasswd_old" selected="true"/>
    <select idref="xccdf_org.ssgproject.content_rule_file_groupowner_etc_shadow" selected="true"/>
    <select idref="xccdf_org.ssgproject.content_rule_file_groupowner_etc_shells" selected="true"/>
    <select idref="xccdf_org.ssgproject.content_rule_file_groupowner_grub2_cfg" selected="true"/>
    <select idref="xccdf_org.ssgproject.content_rule_file_groupowner_sshd_config" selected="true"/>
    <select idref="xccdf_org.ssgproject.content_rule_file_groupownership_audit_binaries" selected="true"/>
    <select idref="xccdf_org.ssgproject.content_rule_file_groupownership_audit_configuration" selected="true"/>
    <select idref="xccdf_org.ssgproject.content_rule_file_groupownership_home_directories" selected="true"/>
    <select idref="xccdf_org.ssgproject.content_rule_file_owner_at_allow" selected="true"/>
    <select idref="xccdf_org.ssgproject.content_rule_file_owner_backup_etc_group" selected="true"/>
    <select idref="xccdf_org.ssgproject.content_rule_file_owner_backup_etc_gshadow" selected="true"/>
    <select idref="xccdf_org.ssgproject.content_rule_file_owner_backup_etc_passwd" selected="true"/>
    <select idref="xccdf_org.ssgproject.content_rule_file_owner_backup_etc_shadow" selected="true"/>
    <select idref="xccdf_org.ssgproject.content_rule_file_owner_cron_allow" selected="true"/>
    <select idref="xccdf_org.ssgproject.content_rule_file_owner_cron_d" selected="true"/>
    <select idref="xccdf_org.ssgproject.content_rule_file_owner_cron_hourly" selected="true"/>
    <select idref="xccdf_org.ssgproject.content_rule_file_owner_cron_monthly" selected="true"/>
    <select idref="xccdf_org.ssgproject.content_rule_file_owner_cron_weekly" selected="true"/>
    <select idref="xccdf_org.ssgproject.content_rule_file_owner_crontab" selected="true"/>
    <select idref="xccdf_org.ssgproject.content_rule_file_owner_etc_group" selected="true"/>
    <select idref="xccdf_org.ssgproject.content_rule_file_owner_etc_gshadow" selected="true"/>
    <select idref="xccdf_org.ssgproject.content_rule_file_owner_etc_issue" selected="true"/>
    <select idref="xccdf_org.ssgproject.content_rule_file_owner_etc_issue_net" selected="true"/>
    <select idref="xccdf_org.ssgproject.content_rule_file_owner_etc_motd" selected="true"/>
    <select idref="xccdf_org.ssgproject.content_rule_file_owner_etc_passwd" selected="true"/>
    <select idref="xccdf_org.ssgproject.content_rule_file_owner_etc_security_opasswd" selected="true"/>
    <select idref="xccdf_org.ssgproject.content_rule_file_owner_etc_security_opasswd_old" selected="true"/>
    <select idref="xccdf_org.ssgproject.content_rule_file_owner_etc_shadow" selected="true"/>
    <select idref="xccdf_org.ssgproject.content_rule_file_owner_etc_shells" selected="true"/>
    <select idref="xccdf_org.ssgproject.content_rule_file_owner_grub2_cfg" selected="true"/>
    <select idref="xccdf_org.ssgproject.content_rule_file_owner_sshd_config" selected="true"/>
    <select idref="xccdf_org.ssgproject.content_rule_file_ownership_audit_binaries" selected="true"/>
    <select idref="xccdf_org.ssgproject.content_rule_file_ownership_audit_configuration" selected="true"/>
    <select idref="xccdf_org.ssgproject.content_rule_file_ownership_home_directories" selected="true"/>
    <select idref="xccdf_org.ssgproject.content_rule_file_ownership_var_log_audit_stig" selected="true"/>
    <select idref="xccdf_org.ssgproject.content_rule_file_permission_user_bash_history" selected="true"/>
    <select idref="xccdf_org.ssgproject.content_rule_file_permission_user_init_files" selected="true"/>
    <select idref="xccdf_org.ssgproject.content_rule_file_permissions_at_allow" selected="true"/>
    <select idref="xccdf_org.ssgproject.content_rule_file_permissions_audit_binaries" selected="true"/>
    <select idref="xccdf_org.ssgproject.content_rule_file_permissions_audit_configuration" selected="true"/>
    <select idref="xccdf_org.ssgproject.content_rule_file_permissions_backup_etc_group" selected="true"/>
    <select idref="xccdf_org.ssgproject.content_rule_file_permissions_backup_etc_gshadow" selected="true"/>
    <select idref="xccdf_org.ssgproject.content_rule_file_permissions_backup_etc_passwd" selected="true"/>
    <select idref="xccdf_org.ssgproject.content_rule_file_permissions_backup_etc_shadow" selected="true"/>
    <select idref="xccdf_org.ssgproject.content_rule_file_permissions_cron_allow" selected="true"/>
    <select idref="xccdf_org.ssgproject.content_rule_file_permissions_cron_d" selected="true"/>
    <select idref="xccdf_org.ssgproject.content_rule_file_permissions_cron_daily" selected="true"/>
    <select idref="xccdf_org.ssgproject.content_rule_file_permissions_cron_hourly" selected="true"/>
    <select idref="xccdf_org.ssgproject.content_rule_file_permissions_cron_monthly" selected="true"/>
    <select idref="xccdf_org.ssgproject.content_rule_file_permissions_cron_weekly" selected="true"/>
    <select idref="xccdf_org.ssgproject.content_rule_file_permissions_etc_group" selected="true"/>
    <select idref="xccdf_org.ssgproject.content_rule_file_permissions_etc_gshadow" selected="true"/>
    <select idref="xccdf_org.ssgproject.content_rule_file_permissions_etc_issue" selected="true"/>
    <select idref="xccdf_org.ssgproject.content_rule_file_permissions_etc_issue_net" selected="true"/>
    <select idref="xccdf_org.ssgproject.content_rule_file_permissions_etc_motd" selected="true"/>
    <select idref="xccdf_org.ssgproject.content_rule_file_permissions_etc_passwd" selected="true"/>
    <select idref="xccdf_org.ssgproject.content_rule_file_permissions_etc_security_opasswd" selected="true"/>
    <select idref="xccdf_org.ssgproject.content_rule_file_permissions_etc_security_opasswd_old" selected="true"/>
    <select idref="xccdf_org.ssgproject.content_rule_file_permissions_etc_shadow" selected="true"/>
    <select idref="xccdf_org.ssgproject.content_rule_file_permissions_etc_shells" selected="true"/>
    <select idref="xccdf_org.ssgproject.content_rule_file_permissions_grub2_cfg" selected="true"/>
    <select idref="xccdf_org.ssgproject.content_rule_file_permissions_home_directories" selected="true"/>
    <select idref="xccdf_org.ssgproject.content_rule_file_permissions_sshd_config" selected="true"/>
    <select idref="xccdf_org.ssgproject.content_rule_file_permissions_sshd_private_key" selected="true"/>
    <select idref="xccdf_org.ssgproject.content_rule_file_permissions_unauthorized_suid" selected="true"/>
    <select idref="xccdf_org.ssgproject.content_rule_file_permissions_unauthorized_world_writable" selected="true"/>
    <select idref="xccdf_org.ssgproject.content_rule_file_permissions_var_log_audit" selected="true"/>
    <select idref="xccdf_org.ssgproject.content_rule_gid_passwd_group_same" selected="true"/>
    <select idref="xccdf_org.ssgproject.content_rule_gnome_gdm_disable_xdmcp" selected="true"/>
    <select idref="xccdf_org.ssgproject.content_rule_group_unique_id" selected="true"/>
    <select idref="xccdf_org.ssgproject.content_rule_group_unique_name" selected="true"/>
    <select idref="xccdf_org.ssgproject.content_rule_groups_no_zero_gid_except_root" selected="true"/>
    <select idref="xccdf_org.ssgproject.content_rule_grub2_audit_argument" selected="true"/>
    <select idref="xccdf_org.ssgproject.content_rule_grub2_audit_backlog_limit_argument" selected="true"/>
    <select idref="xccdf_org.ssgproject.content_rule_grub2_password" selected="true"/>
    <select idref="xccdf_org.ssgproject.content_rule_grub2_uefi_password" selected="true"/>
    <select idref="xccdf_org.ssgproject.content_rule_install_smartcard_packages" selected="true"/>
    <select idref="xccdf_org.ssgproject.content_rule_journald_compress" selected="true"/>
    <select idref="xccdf_org.ssgproject.content_rule_journald_disable_forward_to_syslog" selected="true"/>
    <select idref="xccdf_org.ssgproject.content_rule_journald_forward_to_syslog" selected="true"/>
    <select idref="xccdf_org.ssgproject.content_rule_journald_storage" selected="true"/>
    <select idref="xccdf_org.ssgproject.content_rule_kernel_config_seccomp" selected="true"/>
    <select idref="xccdf_org.ssgproject.content_rule_kernel_config_seccomp_filter" selected="true"/>
    <select idref="xccdf_org.ssgproject.content_rule_kernel_config_security" selected="true"/>
    <select idref="xccdf_org.ssgproject.content_rule_kernel_config_security_writable_hooks" selected="true"/>
    <select idref="xccdf_org.ssgproject.content_rule_kernel_config_security_yama" selected="true"/>
    <select idref="xccdf_org.ssgproject.content_rule_kernel_module_cramfs_disabled" selected="true"/>
    <select idref="xccdf_org.ssgproject.content_rule_kernel_module_dccp_disabled" selected="true"/>
    <select idref="xccdf_org.ssgproject.content_rule_kernel_module_freevxfs_disabled" selected="true"/>
    <select idref="xccdf_org.ssgproject.content_rule_kernel_module_hfs_disabled" selected="true"/>
    <select idref="xccdf_org.ssgproject.content_rule_kernel_module_hfsplus_disabled" selected="true"/>
    <select idref="xccdf_org.ssgproject.content_rule_kernel_module_jffs2_disabled" selected="true"/>
    <select idref="xccdf_org.ssgproject.content_rule_kernel_module_overlayfs_disabled" selected="true"/>
    <select idref="xccdf_org.ssgproject.content_rule_kernel_module_rds_disabled" selected="true"/>
    <select idref="xccdf_org.ssgproject.content_rule_kernel_module_sctp_disabled" selected="true"/>
    <select idref="xccdf_org.ssgproject.content_rule_kernel_module_squashfs_disabled" selected="true"/>
    <select idref="xccdf_org.ssgproject.content_rule_kernel_module_tipc_disabled" selected="true"/>
    <select idref="xccdf_org.ssgproject.content_rule_kernel_module_udf_disabled" selected="true"/>
    <select idref="xccdf_org.ssgproject.content_rule_kernel_module_usb-storage_disabled" selected="true"/>
    <select idref="xccdf_org.ssgproject.content_rule_kernel_module_vfat_disabled" selected="true"/>
    <select idref="xccdf_org.ssgproject.content_rule_logging_services_active" selected="true"/>
    <select idref="xccdf_org.ssgproject.content_rule_mount_option_dev_shm_nodev" selected="true"/>
    <select idref="xccdf_org.ssgproject.content_rule_mount_option_dev_shm_noexec" selected="true"/>
    <select idref="xccdf_org.ssgproject.content_rule_mount_option_dev_shm_nosuid" selected="true"/>
    <select idref="xccdf_org.ssgproject.content_rule_mount_option_home_nodev" selected="true"/>
    <select idref="xccdf_org.ssgproject.content_rule_mount_option_home_nosuid" selected="true"/>
    <select idref="xccdf_org.ssgproject.content_rule_mount_option_tmp_nodev" selected="true"/>
    <select idref="xccdf_org.ssgproject.content_rule_mount_option_tmp_noexec" selected="true"/>
    <select idref="xccdf_org.ssgproject.content_rule_mount_option_tmp_nosuid" selected="true"/>
    <select idref="xccdf_org.ssgproject.content_rule_mount_option_var_log_audit_nodev" selected="true"/>
    <select idref="xccdf_org.ssgproject.content_rule_mount_option_var_log_audit_noexec" selected="true"/>
    <select idref="xccdf_org.ssgproject.content_rule_mount_option_var_log_audit_nosuid" selected="true"/>
    <select idref="xccdf_org.ssgproject.content_rule_mount_option_var_log_nodev" selected="true"/>
    <select idref="xccdf_org.ssgproject.content_rule_mount_option_var_log_noexec" selected="true"/>
    <select idref="xccdf_org.ssgproject.content_rule_mount_option_var_log_nosuid" selected="true"/>
    <select idref="xccdf_org.ssgproject.content_rule_mount_option_var_nodev" selected="true"/>
    <select idref="xccdf_org.ssgproject.content_rule_mount_option_var_nosuid" selected="true"/>
    <select idref="xccdf_org.ssgproject.content_rule_mount_option_var_tmp_nodev" selected="true"/>
    <select idref="xccdf_org.ssgproject.content_rule_mount_option_var_tmp_noexec" selected="true"/>
    <select idref="xccdf_org.ssgproject.content_rule_mount_option_var_tmp_nosuid" selected="true"/>
    <select idref="xccdf_org.ssgproject.content_rule_no_empty_passwords" selected="true"/>
    <select idref="xccdf_org.ssgproject.content_rule_no_files_unowned_by_user" selected="true"/>
    <select idref="xccdf_org.ssgproject.content_rule_no_forward_files" selected="true"/>
    <select idref="xccdf_org.ssgproject.content_rule_no_invalid_shell_accounts_unlocked" selected="true"/>
    <select idref="xccdf_org.ssgproject.content_rule_no_legacy_plus_entries_etc_passwd" selected="true"/>
    <select idref="xccdf_org.ssgproject.content_rule_no_legacy_plus_entries_etc_shadow" selected="true"/>
    <select idref="xccdf_org.ssgproject.content_rule_no_netrc_files" selected="true"/>
    <select idref="xccdf_org.ssgproject.content_rule_no_nologin_in_shells" selected="true"/>
    <select idref="xccdf_org.ssgproject.content_rule_no_password_auth_for_systemaccounts" selected="true"/>
    <select idref="xccdf_org.ssgproject.content_rule_no_rsh_trust_files" selected="true"/>
    <select idref="xccdf_org.ssgproject.content_rule_no_shelllogin_for_systemaccounts" selected="true"/>
    <select idref="xccdf_org.ssgproject.content_rule_package_aide_installed" selected="true"/>
    <select idref="xccdf_org.ssgproject.content_rule_package_apparmor_installed" selected="true"/>
    <select idref="xccdf_org.ssgproject.content_rule_package_audit-libs_installed" selected="true"/>
    <select idref="xccdf_org.ssgproject.content_rule_package_audit_installed" selected="true"/>
    <select idref="xccdf_org.ssgproject.content_rule_package_avahi-autoipd_removed" selected="true"/>
    <select idref="xccdf_org.ssgproject.content_rule_package_avahi_removed" selected="true"/>
    <select idref="xccdf_org.ssgproject.content_rule_package_bind_removed" selected="true"/>
    <select idref="xccdf_org.ssgproject.content_rule_package_chrony_installed" selected="true"/>
    <select idref="xccdf_org.ssgproject.content_rule_package_cron_installed" selected="true"/>
    <select idref="xccdf_org.ssgproject.content_rule_package_cups_removed" selected="true"/>
    <select idref="xccdf_org.ssgproject.content_rule_package_cyrus-imapd_removed" selected="true"/>
    <select idref="xccdf_org.ssgproject.content_rule_package_dhcp_client_removed" selected="true"/>
    <select idref="xccdf_org.ssgproject.content_rule_package_dhcp_removed" selected="true"/>
    <select idref="xccdf_org.ssgproject.content_rule_package_dnsmasq_removed" selected="true"/>
    <select idref="xccdf_org.ssgproject.content_rule_package_dovecot_removed" selected="true"/>
    <select idref="xccdf_org.ssgproject.content_rule_package_firewalld_installed" selected="true"/>
    <select idref="xccdf_org.ssgproject.content_rule_package_ftp_removed" selected="true"/>
    <select idref="xccdf_org.ssgproject.content_rule_package_gdm_removed" selected="true"/>
    <select idref="xccdf_org.ssgproject.content_rule_package_httpd_removed" selected="true"/>
    <select idref="xccdf_org.ssgproject.content_rule_package_logrotate_installed" selected="true"/>
    <select idref="xccdf_org.ssgproject.content_rule_package_net-snmp_removed" selected="true"/>
    <select idref="xccdf_org.ssgproject.content_rule_package_nfs-utils_removed" selected="true"/>
    <select idref="xccdf_org.ssgproject.content_rule_package_openldap-clients_removed" selected="true"/>
    <select idref="xccdf_org.ssgproject.content_rule_package_openldap-servers_removed" selected="true"/>
    <select idref="xccdf_org.ssgproject.content_rule_package_rpcbind_removed" selected="true"/>
    <select idref="xccdf_org.ssgproject.content_rule_package_rsync_removed" selected="true"/>
    <select idref="xccdf_org.ssgproject.content_rule_package_rsyslog_installed" selected="true"/>
    <select idref="xccdf_org.ssgproject.content_rule_package_samba_removed" selected="true"/>
    <select idref="xccdf_org.ssgproject.content_rule_package_squid_removed" selected="true"/>
    <select idref="xccdf_org.ssgproject.content_rule_package_sudo_installed" selected="true"/>
    <select idref="xccdf_org.ssgproject.content_rule_package_systemd-journal-remote_installed" selected="true"/>
    <select idref="xccdf_org.ssgproject.content_rule_package_tcp_wrappers_removed" selected="true"/>
    <select idref="xccdf_org.ssgproject.content_rule_package_telnet-server_removed" selected="true"/>
    <select idref="xccdf_org.ssgproject.content_rule_package_telnet_removed" selected="true"/>
    <select idref="xccdf_org.ssgproject.content_rule_package_tftp-server_removed" selected="true"/>
    <select idref="xccdf_org.ssgproject.content_rule_package_tftp_removed" selected="true"/>
    <select idref="xccdf_org.ssgproject.content_rule_package_vsftpd_removed" selected="true"/>
    <select idref="xccdf_org.ssgproject.content_rule_package_xinetd_removed" selected="true"/>
    <select idref="xccdf_org.ssgproject.content_rule_package_xorg-x11-server-common_removed" selected="true"/>
    <select idref="xccdf_org.ssgproject.content_rule_package_ypbind_removed" selected="true"/>
    <select idref="xccdf_org.ssgproject.content_rule_partition_for_dev_shm" selected="true"/>
    <select idref="xccdf_org.ssgproject.content_rule_partition_for_home" selected="true"/>
    <select idref="xccdf_org.ssgproject.content_rule_partition_for_tmp" selected="true"/>
    <select idref="xccdf_org.ssgproject.content_rule_partition_for_var" selected="true"/>
    <select idref="xccdf_org.ssgproject.content_rule_partition_for_var_log" selected="true"/>
    <select idref="xccdf_org.ssgproject.content_rule_partition_for_var_log_audit" selected="true"/>
    <select idref="xccdf_org.ssgproject.content_rule_partition_for_var_tmp" selected="true"/>
    <select idref="xccdf_org.ssgproject.content_rule_postfix_network_listening_disabled" selected="true"/>
    <select idref="xccdf_org.ssgproject.content_rule_root_path_no_dot" selected="true"/>
    <select idref="xccdf_org.ssgproject.content_rule_rpm_verify_ownership" selected="true"/>
    <select idref="xccdf_org.ssgproject.content_rule_rpm_verify_permissions" selected="true"/>
    <select idref="xccdf_org.ssgproject.content_rule_rsyslog_filecreatemode" selected="true"/>
    <select idref="xccdf_org.ssgproject.content_rule_rsyslog_files_groupownership" selected="true"/>
    <select idref="xccdf_org.ssgproject.content_rule_rsyslog_files_ownership" selected="true"/>
    <select idref="xccdf_org.ssgproject.content_rule_rsyslog_files_permissions" selected="true"/>
    <select idref="xccdf_org.ssgproject.content_rule_rsyslog_logging_configured" selected="true"/>
    <select idref="xccdf_org.ssgproject.content_rule_rsyslog_nolisten" selected="true"/>
    <select idref="xccdf_org.ssgproject.content_rule_rsyslog_remote_loghost" selected="true"/>
    <select idref="xccdf_org.ssgproject.content_rule_security_patches_up_to_date" selected="true"/>
    <select idref="xccdf_org.ssgproject.content_rule_service_auditd_enabled" selected="true"/>
    <select idref="xccdf_org.ssgproject.content_rule_service_autofs_disabled" selected="true"/>
    <select idref="xccdf_org.ssgproject.content_rule_service_avahi-daemon_disabled" selected="true"/>
    <select idref="xccdf_org.ssgproject.content_rule_service_bluetooth_disabled" selected="true"/>
    <select idref="xccdf_org.ssgproject.content_rule_service_chronyd_enabled" selected="true"/>
    <select idref="xccdf_org.ssgproject.content_rule_service_cron_enabled" selected="true"/>
    <select idref="xccdf_org.ssgproject.content_rule_service_cups_disabled" selected="true"/>
    <select idref="xccdf_org.ssgproject.content_rule_service_dhcpd_disabled" selected="true"/>
    <select idref="xccdf_org.ssgproject.content_rule_service_dnsmasq_disabled" selected="true"/>
    <select idref="xccdf_org.ssgproject.content_rule_service_dovecot_disabled" selected="true"/>
    <select idref="xccdf_org.ssgproject.content_rule_service_firewalld_enabled" selected="true"/>
    <select idref="xccdf_org.ssgproject.content_rule_service_httpd_disabled" selected="true"/>
    <select idref="xccdf_org.ssgproject.content_rule_service_named_disabled" selected="true"/>
    <select idref="xccdf_org.ssgproject.content_rule_service_nfs_disabled" selected="true"/>
    <select idref="xccdf_org.ssgproject.content_rule_service_rpcbind_disabled" selected="true"/>
    <select idref="xccdf_org.ssgproject.content_rule_service_rsyncd_disabled" selected="true"/>
    <select idref="xccdf_org.ssgproject.content_rule_service_rsyslog_enabled" selected="true"/>
    <select idref="xccdf_org.ssgproject.content_rule_service_slapd_disabled" selected="true"/>
    <select idref="xccdf_org.ssgproject.content_rule_service_smb_disabled" selected="true"/>
    <select idref="xccdf_org.ssgproject.content_rule_service_snmpd_disabled" selected="true"/>
    <select idref="xccdf_org.ssgproject.content_rule_service_squid_disabled" selected="true"/>
    <select idref="xccdf_org.ssgproject.content_rule_service_systemd-journal-upload_enabled" selected="true"/>
    <select idref="xccdf_org.ssgproject.content_rule_service_systemd-journald_enabled" selected="true"/>
    <select idref="xccdf_org.ssgproject.content_rule_service_telnet_disabled" selected="true"/>
    <select idref="xccdf_org.ssgproject.content_rule_service_tftp_disabled" selected="true"/>
    <select idref="xccdf_org.ssgproject.content_rule_service_timesyncd_configured" selected="true"/>
    <select idref="xccdf_org.ssgproject.content_rule_service_timesyncd_enabled" selected="true"/>
    <select idref="xccdf_org.ssgproject.content_rule_service_timesyncd_root_distance_configured" selected="true"/>
    <select idref="xccdf_org.ssgproject.content_rule_service_vsftpd_disabled" selected="true"/>
    <select idref="xccdf_org.ssgproject.content_rule_service_xinetd_disabled" selected="true"/>
    <select idref="xccdf_org.ssgproject.content_rule_set_firewalld_default_zone" selected="true"/>
    <select idref="xccdf_org.ssgproject.content_rule_set_password_hashing_algorithm_logindefs" selected="true"/>
    <select idref="xccdf_org.ssgproject.content_rule_set_password_hashing_algorithm_passwordauth" selected="true"/>
    <select idref="xccdf_org.ssgproject.content_rule_set_password_hashing_algorithm_systemauth" selected="true"/>
    <select idref="xccdf_org.ssgproject.content_rule_smartcard_configure_ca" selected="true"/>
    <select idref="xccdf_org.ssgproject.content_rule_smartcard_configure_cert_checking" selected="true"/>
    <select idref="xccdf_org.ssgproject.content_rule_smartcard_pam_enabled" selected="true"/>
    <select idref="xccdf_org.ssgproject.content_rule_socket_systemd-journal-remote_disabled" selected="true"/>
    <select idref="xccdf_org.ssgproject.content_rule_sshd_allow_only_protocol2" selected="true"/>
    <select idref="xccdf_org.ssgproject.content_rule_sshd_disable_empty_passwords" selected="true"/>
    <select idref="xccdf_org.ssgproject.content_rule_sshd_disable_gssapi_auth" selected="true"/>
    <select idref="xccdf_org.ssgproject.content_rule_sshd_disable_kerb_auth" selected="true"/>
    <select idref="xccdf_org.ssgproject.content_rule_sshd_disable_rhosts" selected="true"/>
    <select idref="xccdf_org.ssgproject.content_rule_sshd_disable_root_login" selected="true"/>
    <select idref="xccdf_org.ssgproject.content_rule_sshd_disable_tcp_forwarding" selected="true"/>
    <select idref="xccdf_org.ssgproject.content_rule_sshd_disable_user_known_hosts" selected="true"/>
    <select idref="xccdf_org.ssgproject.content_rule_sshd_disable_x11_forwarding" selected="true"/>
    <select idref="xccdf_org.ssgproject.content_rule_sshd_do_not_permit_user_env" selected="true"/>
    <select idref="xccdf_org.ssgproject.content_rule_sshd_enable_pam" selected="true"/>
    <select idref="xccdf_org.ssgproject.content_rule_sshd_enable_strictmodes" selected="true"/>
    <select idref="xccdf_org.ssgproject.content_rule_sshd_enable_warning_banner" selected="true"/>
    <select idref="xccdf_org.ssgproject.content_rule_sshd_limit_user_access" selected="true"/>
    <select idref="xccdf_org.ssgproject.content_rule_sshd_print_last_log" selected="true"/>
    <select idref="xccdf_org.ssgproject.content_rule_sshd_set_login_grace_time" selected="true"/>
    <select idref="xccdf_org.ssgproject.content_rule_sshd_set_loglevel_verbose" selected="true"/>
    <select idref="xccdf_org.ssgproject.content_rule_sshd_set_max_auth_tries" selected="true"/>
    <select idref="xccdf_org.ssgproject.content_rule_sshd_set_max_sessions" selected="true"/>
    <select idref="xccdf_org.ssgproject.content_rule_sshd_set_maxstartups" selected="true"/>
    <select idref="xccdf_org.ssgproject.content_rule_sshd_use_approved_ciphers" selected="true"/>
    <select idref="xccdf_org.ssgproject.content_rule_sshd_use_approved_macs" selected="true"/>
    <select idref="xccdf_org.ssgproject.content_rule_sshd_use_strong_ciphers" selected="true"/>
    <select idref="xccdf_org.ssgproject.content_rule_sshd_use_strong_kex" selected="true"/>
    <select idref="xccdf_org.ssgproject.content_rule_sshd_use_strong_macs" selected="true"/>
    <select idref="xccdf_org.ssgproject.content_rule_sudo_add_env_reset" selected="true"/>
    <select idref="xccdf_org.ssgproject.content_rule_sudo_add_ignore_dot" selected="true"/>
    <select idref="xccdf_org.ssgproject.content_rule_sudo_add_noexec" selected="true"/>
    <select idref="xccdf_org.ssgproject.content_rule_sudo_add_requiretty" selected="true"/>
    <select idref="xccdf_org.ssgproject.content_rule_sudo_add_umask" selected="true"/>
    <select idref="xccdf_org.ssgproject.content_rule_sudo_add_use_pty" selected="true"/>
    <select idref="xccdf_org.ssgproject.content_rule_sudo_custom_logfile" selected="true"/>
    <select idref="xccdf_org.ssgproject.content_rule_sudo_dedicated_group" selected="true"/>
    <select idref="xccdf_org.ssgproject.content_rule_sudo_require_authentication" selected="true"/>
    <select idref="xccdf_org.ssgproject.content_rule_sudo_require_reauthentication" selected="true"/>
    <select idref="xccdf_org.ssgproject.content_rule_sudo_restrict_privilege_elevation_to_authorized" selected="true"/>
    <select idref="xccdf_org.ssgproject.content_rule_sudoers_default_includedir" selected="true"/>
    <select idref="xccdf_org.ssgproject.content_rule_sudoers_explicit_command_args" selected="true"/>
    <select idref="xccdf_org.ssgproject.content_rule_sudoers_no_command_negation" selected="true"/>
    <select idref="xccdf_org.ssgproject.content_rule_sudoers_no_root_target" selected="true"/>
    <select idref="xccdf_org.ssgproject.content_rule_sysctl_fs_protected_hardlinks" selected="true"/>
    <select idref="xccdf_org.ssgproject.content_rule_sysctl_fs_protected_symlinks" selected="true"/>
    <select idref="xccdf_org.ssgproject.content_rule_sysctl_fs_suid_dumpable" selected="true"/>
    <select idref="xccdf_org.ssgproject.content_rule_sysctl_kernel_randomize_va_space" selected="true"/>
    <select idref="xccdf_org.ssgproject.content_rule_sysctl_net_ipv4_conf_all_accept_redirects" selected="true"/>
    <select idref="xccdf_org.ssgproject.content_rule_sysctl_net_ipv4_conf_all_accept_source_route" selected="true"/>
    <select idref="xccdf_org.ssgproject.content_rule_sysctl_net_ipv4_conf_all_arp_filter" selected="true"/>
    <select idref="xccdf_org.ssgproject.content_rule_sysctl_net_ipv4_conf_all_arp_ignore" selected="true"/>
    <select idref="xccdf_org.ssgproject.content_rule_sysctl_net_ipv4_conf_all_log_martians" selected="true"/>
    <select idref="xccdf_org.ssgproject.content_rule_sysctl_net_ipv4_conf_all_route_localnet" selected="true"/>
    <select idref="xccdf_org.ssgproject.content_rule_sysctl_net_ipv4_conf_all_secure_redirects" selected="true"/>
    <select idref="xccdf_org.ssgproject.content_rule_sysctl_net_ipv4_conf_all_send_redirects" selected="true"/>
    <select idref="xccdf_org.ssgproject.content_rule_sysctl_net_ipv4_conf_default_accept_redirects" selected="true"/>
    <select idref="xccdf_org.ssgproject.content_rule_sysctl_net_ipv4_conf_default_accept_source_route" selected="true"/>
    <select idref="xccdf_org.ssgproject.content_rule_sysctl_net_ipv4_conf_default_log_martians" selected="true"/>
    <select idref="xccdf_org.ssgproject.content_rule_sysctl_net_ipv4_conf_default_secure_redirects" selected="true"/>
    <select idref="xccdf_org.ssgproject.content_rule_sysctl_net_ipv4_conf_default_send_redirects" selected="true"/>
    <select idref="xccdf_org.ssgproject.content_rule_sysctl_net_ipv4_icmp_echo_ignore_broadcasts" selected="true"/>
    <select idref="xccdf_org.ssgproject.content_rule_sysctl_net_ipv4_icmp_ignore_bogus_error_responses" selected="true"/>
    <select idref="xccdf_org.ssgproject.content_rule_sysctl_net_ipv4_ip_forward" selected="true"/>
    <select idref="xccdf_org.ssgproject.content_rule_sysctl_net_ipv4_tcp_syncookies" selected="true"/>
    <select idref="xccdf_org.ssgproject.content_rule_sysctl_net_ipv6_conf_all_accept_ra" selected="true"/>
    <select idref="xccdf_org.ssgproject.content_rule_sysctl_net_ipv6_conf_all_accept_redirects" selected="true"/>
    <select idref="xccdf_org.ssgproject.content_rule_sysctl_net_ipv6_conf_all_accept_source_route" selected="true"/>
    <select idref="xccdf_org.ssgproject.content_rule_sysctl_net_ipv6_conf_all_forwarding" selected="true"/>
    <select idref="xccdf_org.ssgproject.content_rule_sysctl_net_ipv6_conf_default_accept_ra" selected="true"/>
    <select idref="xccdf_org.ssgproject.content_rule_sysctl_net_ipv6_conf_default_accept_redirects" selected="true"/>
    <select idref="xccdf_org.ssgproject.content_rule_sysctl_net_ipv6_conf_default_accept_source_route" selected="true"/>
    <select idref="xccdf_org.ssgproject.content_rule_systemd_journal_upload_server_tls" selected="true"/>
    <select idref="xccdf_org.ssgproject.content_rule_systemd_journal_upload_url" selected="true"/>
    <select idref="xccdf_org.ssgproject.content_rule_timer_logrotate_enabled" selected="true"/>
    <select idref="xccdf_org.ssgproject.content_rule_use_pam_wheel_group_for_su" selected="true"/>
    <select idref="xccdf_org.ssgproject.content_rule_wireless_disable_interfaces" selected="true"/>
    <select idref="xccdf_org.ssgproject.content_rule_xwindows_remove_packages" selected="true"/>
    <select idref="xccdf_org.ssgproject.content_group_avahi_configuration" selected="false"/>
    <select idref="xccdf_org.ssgproject.content_group_base" selected="false"/>
    <select idref="xccdf_org.ssgproject.content_group_certified-vendor" selected="false"/>
    <select idref="xccdf_org.ssgproject.content_group_console_screen_locking" selected="false"/>
    <select idref="xccdf_org.ssgproject.content_group_deprecated" selected="false"/>
    <select idref="xccdf_org.ssgproject.content_group_dhcp_client_configuration" selected="false"/>
    <select idref="xccdf_org.ssgproject.content_group_dhcp_server_configuration" selected="false"/>
    <select idref="xccdf_org.ssgproject.content_group_disabling_ipv6" selected="false"/>
    <select idref="xccdf_org.ssgproject.content_group_disabling_netfs" selected="false"/>
    <select idref="xccdf_org.ssgproject.content_group_disabling_quagga" selected="false"/>
    <select idref="xccdf_org.ssgproject.content_group_enable_nx" selected="false"/>
    <select idref="xccdf_org.ssgproject.content_group_endpoint_security_software" selected="false"/>
    <select idref="xccdf_org.ssgproject.content_group_entropy" selected="false"/>
    <select idref="xccdf_org.ssgproject.content_group_fapolicyd" selected="false"/>
    <select idref="xccdf_org.ssgproject.content_group_fips" selected="false"/>
    <select idref="xccdf_org.ssgproject.content_group_firewalld_deactivation" selected="false"/>
    <select idref="xccdf_org.ssgproject.content_group_ftp_configure_vsftpd" selected="false"/>
    <select idref="xccdf_org.ssgproject.content_group_ftp_restrict_users" selected="false"/>
    <select idref="xccdf_org.ssgproject.content_group_gnome_remote_access_settings" selected="false"/>
    <select idref="xccdf_org.ssgproject.content_group_iptables_activation" selected="false"/>
    <select idref="xccdf_org.ssgproject.content_group_iptables_ruleset_modifications" selected="false"/>
    <select idref="xccdf_org.ssgproject.content_group_mcafee_endpoint_security_software" selected="false"/>
    <select idref="xccdf_org.ssgproject.content_group_mcafee_security_software" selected="false"/>
    <select idref="xccdf_org.ssgproject.content_group_mounting_remote_filesystems" selected="false"/>
    <select idref="xccdf_org.ssgproject.content_group_network-iptables" selected="false"/>
    <select idref="xccdf_org.ssgproject.content_group_network-ufw" selected="false"/>
    <select idref="xccdf_org.ssgproject.content_group_nfs_configuring_servers" selected="false"/>
    <select idref="xccdf_org.ssgproject.content_group_permissions_local" selected="false"/>
    <select idref="xccdf_org.ssgproject.content_group_permissions_var_log_dir" selected="false"/>
    <select idref="xccdf_org.ssgproject.content_group_poisoning" selected="false"/>
    <select idref="xccdf_org.ssgproject.content_group_routing" selected="false"/>
    <select idref="xccdf_org.ssgproject.content_group_selinux-booleans" selected="false"/>
    <select idref="xccdf_org.ssgproject.content_group_sssd" selected="false"/>
    <select idref="xccdf_org.ssgproject.content_group_sssd-ldap" selected="false"/>
    <select idref="xccdf_org.ssgproject.content_group_system-tools" selected="false"/>
    <select idref="xccdf_org.ssgproject.content_group_talk" selected="false"/>
    <refine-value idref="xccdf_org.ssgproject.content_value_var_user_initialization_files_regex" selector="all_dotfiles"/>
    <refine-value idref="xccdf_org.ssgproject.content_value_var_auditd_action_mail_acct" selector="root"/>
    <refine-value idref="xccdf_org.ssgproject.content_value_var_auditd_admin_space_left_action" selector="halt"/>
    <refine-value idref="xccdf_org.ssgproject.content_value_var_auditd_space_left_action" selector="email"/>
    <refine-value idref="xccdf_org.ssgproject.content_value_var_auditd_max_log_file_action" selector="keep_logs"/>
    <refine-value idref="xccdf_org.ssgproject.content_value_var_auditd_max_log_file" selector="6"/>
    <refine-value idref="xccdf_org.ssgproject.content_value_var_audit_backlog_limit" selector="8192"/>
    <refine-value idref="xccdf_org.ssgproject.content_value_var_accounts_user_umask" selector="027"/>
    <refine-value idref="xccdf_org.ssgproject.content_value_var_accounts_tmout" selector="15_min"/>
    <refine-value idref="xccdf_org.ssgproject.content_value_var_accounts_authorized_local_users_regex" selector="sle15"/>
    <refine-value idref="xccdf_org.ssgproject.content_value_var_account_disable_post_pw_expiration" selector="30"/>
    <refine-value idref="xccdf_org.ssgproject.content_value_var_accounts_password_warn_age_login_defs" selector="7"/>
    <refine-value idref="xccdf_org.ssgproject.content_value_var_accounts_minimum_age_login_defs" selector="1"/>
    <refine-value idref="xccdf_org.ssgproject.content_value_var_accounts_maximum_age_login_defs" selector="365"/>
    <refine-value idref="xccdf_org.ssgproject.content_value_var_password_hashing_algorithm_pam" selector="sha512"/>
    <refine-value idref="xccdf_org.ssgproject.content_value_var_password_pam_remember" selector="5"/>
    <refine-value idref="xccdf_org.ssgproject.content_value_var_password_pam_dcredit" selector="1"/>
    <refine-value idref="xccdf_org.ssgproject.content_value_var_password_pam_ucredit" selector="1"/>
    <refine-value idref="xccdf_org.ssgproject.content_value_var_password_pam_lcredit" selector="1"/>
    <refine-value idref="xccdf_org.ssgproject.content_value_var_password_pam_ocredit" selector="1"/>
    <refine-value idref="xccdf_org.ssgproject.content_value_var_password_pam_minlen" selector="14"/>
    <refine-value idref="xccdf_org.ssgproject.content_value_var_password_pam_difok" selector="2"/>
    <refine-value idref="xccdf_org.ssgproject.content_value_var_accounts_passwords_pam_faillock_unlock_time" selector="900"/>
    <refine-value idref="xccdf_org.ssgproject.content_value_var_accounts_passwords_pam_faillock_deny" selector="5"/>
    <refine-value idref="xccdf_org.ssgproject.content_value_var_pam_wheel_group_for_su" selector="cis"/>
    <refine-value idref="xccdf_org.ssgproject.content_value_var_sudo_timestamp_timeout" selector="15_minutes"/>
    <refine-value idref="xccdf_org.ssgproject.content_value_var_sudo_logfile" selector="var_log_sudo_log"/>
    <refine-value idref="xccdf_org.ssgproject.content_value_var_sshd_max_sessions" selector="10"/>
    <refine-value idref="xccdf_org.ssgproject.content_value_var_sshd_set_maxstartups" selector="10:30:60"/>
    <refine-value idref="xccdf_org.ssgproject.content_value_sshd_max_auth_tries_value" selector="4"/>
    <refine-value idref="xccdf_org.ssgproject.content_value_var_sshd_set_login_grace_time" selector="60"/>
    <refine-value idref="xccdf_org.ssgproject.content_value_sshd_approved_macs" selector="cis_sle15"/>
    <refine-value idref="xccdf_org.ssgproject.content_value_sshd_strong_macs" selector="cis_sle15"/>
    <refine-value idref="xccdf_org.ssgproject.content_value_sshd_strong_kex" selector="cis_sle15"/>
    <refine-value idref="xccdf_org.ssgproject.content_value_sshd_approved_ciphers" selector="cis_sle15"/>
    <refine-value idref="xccdf_org.ssgproject.content_value_sysctl_net_ipv6_conf_all_accept_ra_value" selector="disabled"/>
    <refine-value idref="xccdf_org.ssgproject.content_value_sysctl_net_ipv6_conf_default_accept_ra_value" selector="disabled"/>
    <refine-value idref="xccdf_org.ssgproject.content_value_sysctl_net_ipv4_tcp_syncookies_value" selector="enabled"/>
    <refine-value idref="xccdf_org.ssgproject.content_value_sysctl_net_ipv4_conf_all_log_martians_value" selector="enabled"/>
    <refine-value idref="xccdf_org.ssgproject.content_value_sysctl_net_ipv4_conf_default_log_martians_value" selector="enabled"/>
    <refine-value idref="xccdf_org.ssgproject.content_value_sysctl_net_ipv4_conf_all_accept_source_route_value" selector="disabled"/>
    <refine-value idref="xccdf_org.ssgproject.content_value_sysctl_net_ipv4_conf_default_accept_source_route_value" selector="disabled"/>
    <refine-value idref="xccdf_org.ssgproject.content_value_sysctl_net_ipv6_conf_all_accept_source_route_value" selector="disabled"/>
    <refine-value idref="xccdf_org.ssgproject.content_value_sysctl_net_ipv6_conf_default_accept_source_route_value" selector="disabled"/>
    <refine-value idref="xccdf_org.ssgproject.content_value_sysctl_net_ipv4_conf_all_secure_redirects_value" selector="disabled"/>
    <refine-value idref="xccdf_org.ssgproject.content_value_sysctl_net_ipv4_conf_default_secure_redirects_value" selector="disabled"/>
    <refine-value idref="xccdf_org.ssgproject.content_value_sysctl_net_ipv4_conf_all_accept_redirects_value" selector="disabled"/>
    <refine-value idref="xccdf_org.ssgproject.content_value_sysctl_net_ipv4_conf_default_accept_redirects_value" selector="disabled"/>
    <refine-value idref="xccdf_org.ssgproject.content_value_sysctl_net_ipv6_conf_all_accept_redirects_value" selector="disabled"/>
    <refine-value idref="xccdf_org.ssgproject.content_value_sysctl_net_ipv6_conf_default_accept_redirects_value" selector="disabled"/>
    <refine-value idref="xccdf_org.ssgproject.content_value_sysctl_net_ipv4_icmp_echo_ignore_broadcasts_value" selector="enabled"/>
    <refine-value idref="xccdf_org.ssgproject.content_value_sysctl_net_ipv4_icmp_ignore_bogus_error_responses_value" selector="enabled"/>
    <refine-value idref="xccdf_org.ssgproject.content_value_sysctl_net_ipv6_conf_all_forwarding_value" selector="disabled"/>
    <refine-value idref="xccdf_org.ssgproject.content_value_var_time_service_set_maxpoll" selector="18_hours"/>
    <refine-value idref="xccdf_org.ssgproject.content_value_var_multiple_time_servers" selector="suse"/>
    <refine-value idref="xccdf_org.ssgproject.content_value_var_multiple_time_pools" selector="suse"/>
    <refine-value idref="xccdf_org.ssgproject.content_value_var_postfix_inet_interfaces" selector="loopback-only"/>
    <refine-value idref="xccdf_org.ssgproject.content_value_inactivity_timeout_value" selector="15_minutes"/>
    <refine-value idref="xccdf_org.ssgproject.content_value_var_screensaver_lock_delay" selector="5_seconds"/>
    <refine-value idref="xccdf_org.ssgproject.content_value_login_banner_text" selector="cis_banners"/>
    <refine-value idref="xccdf_org.ssgproject.content_value_remote_login_banner_text" selector="cis_banners"/>
    <refine-value idref="xccdf_org.ssgproject.content_value_motd_banner_text" selector="cis_banners"/>
    <refine-value idref="xccdf_org.ssgproject.content_value_var_system_crypto_policy" selector="default_nosha1"/>
    <refine-value idref="xccdf_org.ssgproject.content_value_var_apparmor_mode" selector="complain"/>
  </Profile>
  <Profile id="xccdf_org.ssgproject.content_profile_hipaa">
    <title xmlns:xhtml="http://www.w3.org/1999/xhtml" xml:lang="en-US" override="true">Health Insurance Portability and Accountability Act (HIPAA)</title>
    <description xmlns:xhtml="http://www.w3.org/1999/xhtml" xml:lang="en-US" override="true">The HIPAA Security Rule establishes U.S. national standards to protect individuals’
electronic personal health information that is created, received, used, or
maintained by a covered entity. The Security Rule requires appropriate
administrative, physical and technical safeguards to ensure the
confidentiality, integrity, and security of electronic protected health
information.

This profile contains configuration checks that align to the
HIPPA Security Rule for SUSE Linux Enterprise 15 V1R3.</description>
    <reference>https://www.hhs.gov/hipaa/for-professionals/index.html</reference>
    <select idref="xccdf_org.ssgproject.content_rule_audit_rules_dac_modification_chmod" selected="true"/>
    <select idref="xccdf_org.ssgproject.content_rule_audit_rules_dac_modification_chown" selected="true"/>
    <select idref="xccdf_org.ssgproject.content_rule_audit_rules_dac_modification_fchmod" selected="true"/>
    <select idref="xccdf_org.ssgproject.content_rule_audit_rules_dac_modification_fchmodat" selected="true"/>
    <select idref="xccdf_org.ssgproject.content_rule_audit_rules_dac_modification_fchown" selected="true"/>
    <select idref="xccdf_org.ssgproject.content_rule_audit_rules_dac_modification_fchownat" selected="true"/>
    <select idref="xccdf_org.ssgproject.content_rule_audit_rules_dac_modification_fremovexattr" selected="true"/>
    <select idref="xccdf_org.ssgproject.content_rule_audit_rules_dac_modification_fsetxattr" selected="true"/>
    <select idref="xccdf_org.ssgproject.content_rule_audit_rules_dac_modification_lchown" selected="true"/>
    <select idref="xccdf_org.ssgproject.content_rule_audit_rules_dac_modification_lremovexattr" selected="true"/>
    <select idref="xccdf_org.ssgproject.content_rule_audit_rules_dac_modification_lsetxattr" selected="true"/>
    <select idref="xccdf_org.ssgproject.content_rule_audit_rules_dac_modification_removexattr" selected="true"/>
    <select idref="xccdf_org.ssgproject.content_rule_audit_rules_dac_modification_setxattr" selected="true"/>
    <select idref="xccdf_org.ssgproject.content_rule_audit_rules_execution_chcon" selected="true"/>
    <select idref="xccdf_org.ssgproject.content_rule_audit_rules_execution_restorecon" selected="true"/>
    <select idref="xccdf_org.ssgproject.content_rule_audit_rules_execution_semanage" selected="true"/>
    <select idref="xccdf_org.ssgproject.content_rule_audit_rules_execution_setsebool" selected="true"/>
    <select idref="xccdf_org.ssgproject.content_rule_audit_rules_file_deletion_events_rename" selected="true"/>
    <select idref="xccdf_org.ssgproject.content_rule_audit_rules_file_deletion_events_renameat" selected="true"/>
    <select idref="xccdf_org.ssgproject.content_rule_audit_rules_file_deletion_events_rmdir" selected="true"/>
    <select idref="xccdf_org.ssgproject.content_rule_audit_rules_file_deletion_events_unlink" selected="true"/>
    <select idref="xccdf_org.ssgproject.content_rule_audit_rules_file_deletion_events_unlinkat" selected="true"/>
    <select idref="xccdf_org.ssgproject.content_rule_audit_rules_immutable" selected="true"/>
    <select idref="xccdf_org.ssgproject.content_rule_audit_rules_kernel_module_loading_delete" selected="true"/>
    <select idref="xccdf_org.ssgproject.content_rule_audit_rules_kernel_module_loading_init" selected="true"/>
    <select idref="xccdf_org.ssgproject.content_rule_audit_rules_login_events_faillock" selected="true"/>
    <select idref="xccdf_org.ssgproject.content_rule_audit_rules_login_events_lastlog" selected="true"/>
    <select idref="xccdf_org.ssgproject.content_rule_audit_rules_login_events_tallylog" selected="true"/>
    <select idref="xccdf_org.ssgproject.content_rule_audit_rules_mac_modification" selected="true"/>
    <select idref="xccdf_org.ssgproject.content_rule_audit_rules_media_export" selected="true"/>
    <select idref="xccdf_org.ssgproject.content_rule_audit_rules_networkconfig_modification" selected="true"/>
    <select idref="xccdf_org.ssgproject.content_rule_audit_rules_privileged_commands_chage" selected="true"/>
    <select idref="xccdf_org.ssgproject.content_rule_audit_rules_privileged_commands_chsh" selected="true"/>
    <select idref="xccdf_org.ssgproject.content_rule_audit_rules_privileged_commands_crontab" selected="true"/>
    <select idref="xccdf_org.ssgproject.content_rule_audit_rules_privileged_commands_gpasswd" selected="true"/>
    <select idref="xccdf_org.ssgproject.content_rule_audit_rules_privileged_commands_newgrp" selected="true"/>
    <select idref="xccdf_org.ssgproject.content_rule_audit_rules_privileged_commands_pam_timestamp_check" selected="true"/>
    <select idref="xccdf_org.ssgproject.content_rule_audit_rules_privileged_commands_passwd" selected="true"/>
    <select idref="xccdf_org.ssgproject.content_rule_audit_rules_privileged_commands_postdrop" selected="true"/>
    <select idref="xccdf_org.ssgproject.content_rule_audit_rules_privileged_commands_postqueue" selected="true"/>
    <select idref="xccdf_org.ssgproject.content_rule_audit_rules_privileged_commands_ssh_keysign" selected="true"/>
    <select idref="xccdf_org.ssgproject.content_rule_audit_rules_privileged_commands_su" selected="true"/>
    <select idref="xccdf_org.ssgproject.content_rule_audit_rules_privileged_commands_sudo" selected="true"/>
    <select idref="xccdf_org.ssgproject.content_rule_audit_rules_privileged_commands_sudoedit" selected="true"/>
    <select idref="xccdf_org.ssgproject.content_rule_audit_rules_privileged_commands_umount" selected="true"/>
    <select idref="xccdf_org.ssgproject.content_rule_audit_rules_privileged_commands_unix_chkpwd" selected="true"/>
    <select idref="xccdf_org.ssgproject.content_rule_audit_rules_privileged_commands_userhelper" selected="true"/>
    <select idref="xccdf_org.ssgproject.content_rule_audit_rules_session_events" selected="true"/>
    <select idref="xccdf_org.ssgproject.content_rule_audit_rules_sysadmin_actions" selected="true"/>
    <select idref="xccdf_org.ssgproject.content_rule_audit_rules_system_shutdown" selected="true"/>
    <select idref="xccdf_org.ssgproject.content_rule_audit_rules_time_adjtimex" selected="true"/>
    <select idref="xccdf_org.ssgproject.content_rule_audit_rules_time_clock_settime" selected="true"/>
    <select idref="xccdf_org.ssgproject.content_rule_audit_rules_time_settimeofday" selected="true"/>
    <select idref="xccdf_org.ssgproject.content_rule_audit_rules_time_stime" selected="true"/>
    <select idref="xccdf_org.ssgproject.content_rule_audit_rules_time_watch_localtime" selected="true"/>
    <select idref="xccdf_org.ssgproject.content_rule_audit_rules_unsuccessful_file_modification_creat" selected="true"/>
    <select idref="xccdf_org.ssgproject.content_rule_audit_rules_unsuccessful_file_modification_ftruncate" selected="true"/>
    <select idref="xccdf_org.ssgproject.content_rule_audit_rules_unsuccessful_file_modification_open" selected="true"/>
    <select idref="xccdf_org.ssgproject.content_rule_audit_rules_unsuccessful_file_modification_open_by_handle_at" selected="true"/>
    <select idref="xccdf_org.ssgproject.content_rule_audit_rules_unsuccessful_file_modification_openat" selected="true"/>
    <select idref="xccdf_org.ssgproject.content_rule_audit_rules_unsuccessful_file_modification_truncate" selected="true"/>
    <select idref="xccdf_org.ssgproject.content_rule_audit_rules_usergroup_modification_group" selected="true"/>
    <select idref="xccdf_org.ssgproject.content_rule_audit_rules_usergroup_modification_gshadow" selected="true"/>
    <select idref="xccdf_org.ssgproject.content_rule_audit_rules_usergroup_modification_opasswd" selected="true"/>
    <select idref="xccdf_org.ssgproject.content_rule_audit_rules_usergroup_modification_passwd" selected="true"/>
    <select idref="xccdf_org.ssgproject.content_rule_audit_rules_usergroup_modification_shadow" selected="true"/>
    <select idref="xccdf_org.ssgproject.content_rule_audit_sudo_log_events" selected="true"/>
    <select idref="xccdf_org.ssgproject.content_rule_auditd_audispd_syslog_plugin_activated" selected="true"/>
    <select idref="xccdf_org.ssgproject.content_rule_auditd_data_retention_flush" selected="true"/>
    <select idref="xccdf_org.ssgproject.content_rule_configure_crypto_policy" selected="true"/>
    <select idref="xccdf_org.ssgproject.content_rule_configure_ssh_crypto_policy" selected="true"/>
    <select idref="xccdf_org.ssgproject.content_rule_dconf_db_up_to_date" selected="true"/>
    <select idref="xccdf_org.ssgproject.content_rule_dconf_gnome_remote_access_credential_prompt" selected="true"/>
    <select idref="xccdf_org.ssgproject.content_rule_dconf_gnome_remote_access_encryption" selected="true"/>
    <select idref="xccdf_org.ssgproject.content_rule_disable_ctrlaltdel_burstaction" selected="true"/>
    <select idref="xccdf_org.ssgproject.content_rule_disable_ctrlaltdel_reboot" selected="true"/>
    <select idref="xccdf_org.ssgproject.content_rule_disable_host_auth" selected="true"/>
    <select idref="xccdf_org.ssgproject.content_rule_enable_dconf_user_profile" selected="true"/>
    <select idref="xccdf_org.ssgproject.content_rule_encrypt_partitions" selected="true"/>
    <select idref="xccdf_org.ssgproject.content_rule_ensure_gpgcheck_globally_activated" selected="true"/>
    <select idref="xccdf_org.ssgproject.content_rule_ensure_gpgcheck_local_packages" selected="true"/>
    <select idref="xccdf_org.ssgproject.content_rule_ensure_gpgcheck_never_disabled" selected="true"/>
    <select idref="xccdf_org.ssgproject.content_rule_ensure_suse_gpgkey_installed" selected="true"/>
    <select idref="xccdf_org.ssgproject.content_rule_file_groupowner_grub2_cfg" selected="true"/>
    <select idref="xccdf_org.ssgproject.content_rule_file_owner_grub2_cfg" selected="true"/>
    <select idref="xccdf_org.ssgproject.content_rule_file_permissions_grub2_cfg" selected="true"/>
    <select idref="xccdf_org.ssgproject.content_rule_grub2_audit_argument" selected="true"/>
    <select idref="xccdf_org.ssgproject.content_rule_grub2_disable_interactive_boot" selected="true"/>
    <select idref="xccdf_org.ssgproject.content_rule_grub2_enable_selinux" selected="true"/>
    <select idref="xccdf_org.ssgproject.content_rule_grub2_password" selected="true"/>
    <select idref="xccdf_org.ssgproject.content_rule_grub2_uefi_password" selected="true"/>
    <select idref="xccdf_org.ssgproject.content_rule_kernel_module_usb-storage_disabled" selected="true"/>
    <select idref="xccdf_org.ssgproject.content_rule_libreswan_approved_tunnels" selected="true"/>
    <select idref="xccdf_org.ssgproject.content_rule_no_direct_root_logins" selected="true"/>
    <select idref="xccdf_org.ssgproject.content_rule_no_empty_passwords" selected="true"/>
    <select idref="xccdf_org.ssgproject.content_rule_no_rsh_trust_files" selected="true"/>
    <select idref="xccdf_org.ssgproject.content_rule_package_audit-audispd-plugins_installed" selected="true"/>
    <select idref="xccdf_org.ssgproject.content_rule_package_audit_installed" selected="true"/>
    <select idref="xccdf_org.ssgproject.content_rule_package_cron_installed" selected="true"/>
    <select idref="xccdf_org.ssgproject.content_rule_package_rsh-server_removed" selected="true"/>
    <select idref="xccdf_org.ssgproject.content_rule_package_talk-server_removed" selected="true"/>
    <select idref="xccdf_org.ssgproject.content_rule_package_talk_removed" selected="true"/>
    <select idref="xccdf_org.ssgproject.content_rule_package_telnet-server_removed" selected="true"/>
    <select idref="xccdf_org.ssgproject.content_rule_package_telnet_removed" selected="true"/>
    <select idref="xccdf_org.ssgproject.content_rule_package_xinetd_removed" selected="true"/>
    <select idref="xccdf_org.ssgproject.content_rule_require_singleuser_auth" selected="true"/>
    <select idref="xccdf_org.ssgproject.content_rule_restrict_serial_port_logins" selected="true"/>
    <select idref="xccdf_org.ssgproject.content_rule_rpm_verify_hashes" selected="true"/>
    <select idref="xccdf_org.ssgproject.content_rule_rpm_verify_permissions" selected="true"/>
    <select idref="xccdf_org.ssgproject.content_rule_rsyslog_remote_loghost" selected="true"/>
    <select idref="xccdf_org.ssgproject.content_rule_sebool_selinuxuser_execheap" selected="true"/>
    <select idref="xccdf_org.ssgproject.content_rule_sebool_selinuxuser_execmod" selected="true"/>
    <select idref="xccdf_org.ssgproject.content_rule_sebool_selinuxuser_execstack" selected="true"/>
    <select idref="xccdf_org.ssgproject.content_rule_securetty_root_login_console_only" selected="true"/>
    <select idref="xccdf_org.ssgproject.content_rule_selinux_confinement_of_daemons" selected="true"/>
    <select idref="xccdf_org.ssgproject.content_rule_selinux_policytype" selected="true"/>
    <select idref="xccdf_org.ssgproject.content_rule_selinux_state" selected="true"/>
    <select idref="xccdf_org.ssgproject.content_rule_service_auditd_enabled" selected="true"/>
    <select idref="xccdf_org.ssgproject.content_rule_service_autofs_disabled" selected="true"/>
    <select idref="xccdf_org.ssgproject.content_rule_service_cron_enabled" selected="true"/>
    <select idref="xccdf_org.ssgproject.content_rule_service_debug-shell_disabled" selected="true"/>
    <select idref="xccdf_org.ssgproject.content_rule_service_kdump_disabled" selected="true"/>
    <select idref="xccdf_org.ssgproject.content_rule_service_rexec_disabled" selected="true"/>
    <select idref="xccdf_org.ssgproject.content_rule_service_rlogin_disabled" selected="true"/>
    <select idref="xccdf_org.ssgproject.content_rule_service_telnet_disabled" selected="true"/>
    <select idref="xccdf_org.ssgproject.content_rule_service_xinetd_disabled" selected="true"/>
    <select idref="xccdf_org.ssgproject.content_rule_service_zebra_disabled" selected="true"/>
    <select idref="xccdf_org.ssgproject.content_rule_sshd_allow_only_protocol2" selected="true"/>
    <select idref="xccdf_org.ssgproject.content_rule_sshd_disable_empty_passwords" selected="true"/>
    <select idref="xccdf_org.ssgproject.content_rule_sshd_disable_gssapi_auth" selected="true"/>
    <select idref="xccdf_org.ssgproject.content_rule_sshd_disable_kerb_auth" selected="true"/>
    <select idref="xccdf_org.ssgproject.content_rule_sshd_disable_root_login" selected="true"/>
    <select idref="xccdf_org.ssgproject.content_rule_sshd_do_not_permit_user_env" selected="true"/>
    <select idref="xccdf_org.ssgproject.content_rule_sshd_enable_strictmodes" selected="true"/>
    <select idref="xccdf_org.ssgproject.content_rule_sshd_enable_warning_banner" selected="true"/>
    <select idref="xccdf_org.ssgproject.content_rule_sshd_set_keepalive_0" selected="true"/>
    <select idref="xccdf_org.ssgproject.content_rule_sysctl_fs_suid_dumpable" selected="true"/>
    <select idref="xccdf_org.ssgproject.content_rule_sysctl_kernel_dmesg_restrict" selected="true"/>
    <select idref="xccdf_org.ssgproject.content_rule_sysctl_kernel_exec_shield" selected="true"/>
    <select idref="xccdf_org.ssgproject.content_rule_sysctl_kernel_randomize_va_space" selected="true"/>
    <select idref="xccdf_org.ssgproject.content_rule_use_kerberos_security_all_exports" selected="true"/>
    <select idref="xccdf_org.ssgproject.content_group_account_expiration" selected="false"/>
    <select idref="xccdf_org.ssgproject.content_group_accounts-banners" selected="false"/>
    <select idref="xccdf_org.ssgproject.content_group_accounts-pam" selected="false"/>
    <select idref="xccdf_org.ssgproject.content_group_accounts-session" selected="false"/>
    <select idref="xccdf_org.ssgproject.content_group_aide" selected="false"/>
    <select idref="xccdf_org.ssgproject.content_group_apparmor" selected="false"/>
    <select idref="xccdf_org.ssgproject.content_group_audit_execution_acl_commands" selected="false"/>
    <select idref="xccdf_org.ssgproject.content_group_avahi" selected="false"/>
    <select idref="xccdf_org.ssgproject.content_group_avahi_configuration" selected="false"/>
    <select idref="xccdf_org.ssgproject.content_group_certified-vendor" selected="false"/>
    <select idref="xccdf_org.ssgproject.content_group_configuring_ipv6" selected="false"/>
    <select idref="xccdf_org.ssgproject.content_group_console_screen_locking" selected="false"/>
    <select idref="xccdf_org.ssgproject.content_group_deprecated" selected="false"/>
    <select idref="xccdf_org.ssgproject.content_group_dhcp" selected="false"/>
    <select idref="xccdf_org.ssgproject.content_group_dhcp_client_configuration" selected="false"/>
    <select idref="xccdf_org.ssgproject.content_group_dhcp_server_configuration" selected="false"/>
    <select idref="xccdf_org.ssgproject.content_group_disable_avahi_group" selected="false"/>
    <select idref="xccdf_org.ssgproject.content_group_disabling_cyrus-imapd" selected="false"/>
    <select idref="xccdf_org.ssgproject.content_group_disabling_dhcp_client" selected="false"/>
    <select idref="xccdf_org.ssgproject.content_group_disabling_dhcp_server" selected="false"/>
    <select idref="xccdf_org.ssgproject.content_group_disabling_dns_server" selected="false"/>
    <select idref="xccdf_org.ssgproject.content_group_disabling_dovecot" selected="false"/>
    <select idref="xccdf_org.ssgproject.content_group_disabling_httpd" selected="false"/>
    <select idref="xccdf_org.ssgproject.content_group_disabling_ipv6" selected="false"/>
    <select idref="xccdf_org.ssgproject.content_group_disabling_netfs" selected="false"/>
    <select idref="xccdf_org.ssgproject.content_group_disabling_nfs" selected="false"/>
    <select idref="xccdf_org.ssgproject.content_group_disabling_nfs_services" selected="false"/>
    <select idref="xccdf_org.ssgproject.content_group_disabling_nfsd" selected="false"/>
    <select idref="xccdf_org.ssgproject.content_group_disabling_samba" selected="false"/>
    <select idref="xccdf_org.ssgproject.content_group_disabling_snmp_service" selected="false"/>
    <select idref="xccdf_org.ssgproject.content_group_disabling_squid" selected="false"/>
    <select idref="xccdf_org.ssgproject.content_group_disabling_vsftpd" selected="false"/>
    <select idref="xccdf_org.ssgproject.content_group_disabling_xwindows" selected="false"/>
    <select idref="xccdf_org.ssgproject.content_group_dns" selected="false"/>
    <select idref="xccdf_org.ssgproject.content_group_enable_nx" selected="false"/>
    <select idref="xccdf_org.ssgproject.content_group_endpoint_security_software" selected="false"/>
    <select idref="xccdf_org.ssgproject.content_group_ensure_rsyslog_log_file_configuration" selected="false"/>
    <select idref="xccdf_org.ssgproject.content_group_entropy" selected="false"/>
    <select idref="xccdf_org.ssgproject.content_group_fapolicyd" selected="false"/>
    <select idref="xccdf_org.ssgproject.content_group_file_permissions_auditd" selected="false"/>
    <select idref="xccdf_org.ssgproject.content_group_files" selected="false"/>
    <select idref="xccdf_org.ssgproject.content_group_fips" selected="false"/>
    <select idref="xccdf_org.ssgproject.content_group_firewalld_activation" selected="false"/>
    <select idref="xccdf_org.ssgproject.content_group_firewalld_deactivation" selected="false"/>
    <select idref="xccdf_org.ssgproject.content_group_ftp" selected="false"/>
    <select idref="xccdf_org.ssgproject.content_group_ftp_configure_vsftpd" selected="false"/>
    <select idref="xccdf_org.ssgproject.content_group_ftp_restrict_users" selected="false"/>
    <select idref="xccdf_org.ssgproject.content_group_gnome_login_screen" selected="false"/>
    <select idref="xccdf_org.ssgproject.content_group_gnome_media_settings" selected="false"/>
    <select idref="xccdf_org.ssgproject.content_group_gnome_screen_locking" selected="false"/>
    <select idref="xccdf_org.ssgproject.content_group_gui_login_banner" selected="false"/>
    <select idref="xccdf_org.ssgproject.content_group_http" selected="false"/>
    <select idref="xccdf_org.ssgproject.content_group_imap" selected="false"/>
    <select idref="xccdf_org.ssgproject.content_group_iptables_activation" selected="false"/>
    <select idref="xccdf_org.ssgproject.content_group_iptables_ruleset_modifications" selected="false"/>
    <select idref="xccdf_org.ssgproject.content_group_journald" selected="false"/>
    <select idref="xccdf_org.ssgproject.content_group_kernel_build_config" selected="false"/>
    <select idref="xccdf_org.ssgproject.content_group_ldap" selected="false"/>
    <select idref="xccdf_org.ssgproject.content_group_locking_out_password_attempts" selected="false"/>
    <select idref="xccdf_org.ssgproject.content_group_log_rotation" selected="false"/>
    <select idref="xccdf_org.ssgproject.content_group_mail" selected="false"/>
    <select idref="xccdf_org.ssgproject.content_group_mcafee_endpoint_security_software" selected="false"/>
    <select idref="xccdf_org.ssgproject.content_group_mcafee_security_software" selected="false"/>
    <select idref="xccdf_org.ssgproject.content_group_mounting_remote_filesystems" selected="false"/>
    <select idref="xccdf_org.ssgproject.content_group_network-firewalld" selected="false"/>
    <select idref="xccdf_org.ssgproject.content_group_network-iptables" selected="false"/>
    <select idref="xccdf_org.ssgproject.content_group_network-ipv6" selected="false"/>
    <select idref="xccdf_org.ssgproject.content_group_network-kernel" selected="false"/>
    <select idref="xccdf_org.ssgproject.content_group_network-nftables" selected="false"/>
    <select idref="xccdf_org.ssgproject.content_group_network-ufw" selected="false"/>
    <select idref="xccdf_org.ssgproject.content_group_network-uncommon" selected="false"/>
    <select idref="xccdf_org.ssgproject.content_group_network-wireless" selected="false"/>
    <select idref="xccdf_org.ssgproject.content_group_network_host_and_router_parameters" selected="false"/>
    <select idref="xccdf_org.ssgproject.content_group_network_host_parameters" selected="false"/>
    <select idref="xccdf_org.ssgproject.content_group_nfs_configuring_clients" selected="false"/>
    <select idref="xccdf_org.ssgproject.content_group_nis" selected="false"/>
    <select idref="xccdf_org.ssgproject.content_group_ntp" selected="false"/>
    <select idref="xccdf_org.ssgproject.content_group_openldap_client" selected="false"/>
    <select idref="xccdf_org.ssgproject.content_group_openldap_server" selected="false"/>
    <select idref="xccdf_org.ssgproject.content_group_partitions" selected="false"/>
    <select idref="xccdf_org.ssgproject.content_group_password_expiration" selected="false"/>
    <select idref="xccdf_org.ssgproject.content_group_password_quality" selected="false"/>
    <select idref="xccdf_org.ssgproject.content_group_password_quality_pamcracklib" selected="false"/>
    <select idref="xccdf_org.ssgproject.content_group_password_quality_pwquality" selected="false"/>
    <select idref="xccdf_org.ssgproject.content_group_permissions_important_account_files" selected="false"/>
    <select idref="xccdf_org.ssgproject.content_group_permissions_local" selected="false"/>
    <select idref="xccdf_org.ssgproject.content_group_permissions_var_log_dir" selected="false"/>
    <select idref="xccdf_org.ssgproject.content_group_permissions_within_important_dirs" selected="false"/>
    <select idref="xccdf_org.ssgproject.content_group_poisoning" selected="false"/>
    <select idref="xccdf_org.ssgproject.content_group_postfix_client" selected="false"/>
    <select idref="xccdf_org.ssgproject.content_group_printing" selected="false"/>
    <select idref="xccdf_org.ssgproject.content_group_proxy" selected="false"/>
    <select idref="xccdf_org.ssgproject.content_group_restrict_at_cron_users" selected="false"/>
    <select idref="xccdf_org.ssgproject.content_group_root_paths" selected="false"/>
    <select idref="xccdf_org.ssgproject.content_group_rsyslog_accepting_remote_messages" selected="false"/>
    <select idref="xccdf_org.ssgproject.content_group_ruleset_modifications" selected="false"/>
    <select idref="xccdf_org.ssgproject.content_group_screen_locking" selected="false"/>
    <select idref="xccdf_org.ssgproject.content_group_set_password_hashing_algorithm" selected="false"/>
    <select idref="xccdf_org.ssgproject.content_group_smart_card_login" selected="false"/>
    <select idref="xccdf_org.ssgproject.content_group_smb" selected="false"/>
    <select idref="xccdf_org.ssgproject.content_group_snmp" selected="false"/>
    <select idref="xccdf_org.ssgproject.content_group_sssd" selected="false"/>
    <select idref="xccdf_org.ssgproject.content_group_sssd-ldap" selected="false"/>
    <select idref="xccdf_org.ssgproject.content_group_sudo" selected="false"/>
    <select idref="xccdf_org.ssgproject.content_group_system-tools" selected="false"/>
    <select idref="xccdf_org.ssgproject.content_group_tftp" selected="false"/>
    <select idref="xccdf_org.ssgproject.content_group_user_umask" selected="false"/>
    <select idref="xccdf_org.ssgproject.content_group_wireless_software" selected="false"/>
    <select idref="xccdf_org.ssgproject.content_group_xwindows" selected="false"/>
    <refine-value idref="xccdf_org.ssgproject.content_value_var_audit_failure_mode" selector="panic"/>
  </Profile>
  <Profile id="xccdf_org.ssgproject.content_profile_pci-dss-4">
    <title xmlns:xhtml="http://www.w3.org/1999/xhtml" xml:lang="en-US" override="true">PCI-DSS v4 Control Baseline for SUSE Linux enterprise 15</title>
    <description xmlns:xhtml="http://www.w3.org/1999/xhtml" xml:lang="en-US" override="true">Ensures PCI-DSS v4 security configuration settings are applied.</description>
    <reference>https://docs-prv.pcisecuritystandards.org/PCI%20DSS/Standard/PCI-DSS-v4_0.pdf</reference>
    <select idref="xccdf_org.ssgproject.content_rule_account_disable_post_pw_expiration" selected="true"/>
    <select idref="xccdf_org.ssgproject.content_rule_account_unique_id" selected="true"/>
    <select idref="xccdf_org.ssgproject.content_rule_account_unique_name" selected="true"/>
    <select idref="xccdf_org.ssgproject.content_rule_accounts_maximum_age_login_defs" selected="true"/>
    <select idref="xccdf_org.ssgproject.content_rule_accounts_no_uid_except_zero" selected="true"/>
    <select idref="xccdf_org.ssgproject.content_rule_accounts_password_all_shadowed" selected="true"/>
    <select idref="xccdf_org.ssgproject.content_rule_accounts_password_last_change_is_in_past" selected="true"/>
    <select idref="xccdf_org.ssgproject.content_rule_accounts_password_set_max_life_existing" selected="true"/>
    <select idref="xccdf_org.ssgproject.content_rule_accounts_password_set_warn_age_existing" selected="true"/>
    <select idref="xccdf_org.ssgproject.content_rule_accounts_password_warn_age_login_defs" selected="true"/>
    <select idref="xccdf_org.ssgproject.content_rule_accounts_passwords_pam_tally2" selected="true"/>
    <select idref="xccdf_org.ssgproject.content_rule_accounts_passwords_pam_tally2_unlock_time" selected="true"/>
    <select idref="xccdf_org.ssgproject.content_rule_accounts_root_gid_zero" selected="true"/>
    <select idref="xccdf_org.ssgproject.content_rule_accounts_set_post_pw_existing" selected="true"/>
    <select idref="xccdf_org.ssgproject.content_rule_accounts_tmout" selected="true"/>
    <select idref="xccdf_org.ssgproject.content_rule_aide_build_database" selected="true"/>
    <select idref="xccdf_org.ssgproject.content_rule_aide_periodic_checking_systemd_timer" selected="true"/>
    <select idref="xccdf_org.ssgproject.content_rule_audit_rules_dac_modification_chmod" selected="true"/>
    <select idref="xccdf_org.ssgproject.content_rule_audit_rules_dac_modification_chown" selected="true"/>
    <select idref="xccdf_org.ssgproject.content_rule_audit_rules_dac_modification_fchmod" selected="true"/>
    <select idref="xccdf_org.ssgproject.content_rule_audit_rules_dac_modification_fchmodat" selected="true"/>
    <select idref="xccdf_org.ssgproject.content_rule_audit_rules_dac_modification_fchown" selected="true"/>
    <select idref="xccdf_org.ssgproject.content_rule_audit_rules_dac_modification_fchownat" selected="true"/>
    <select idref="xccdf_org.ssgproject.content_rule_audit_rules_dac_modification_fremovexattr" selected="true"/>
    <select idref="xccdf_org.ssgproject.content_rule_audit_rules_dac_modification_fsetxattr" selected="true"/>
    <select idref="xccdf_org.ssgproject.content_rule_audit_rules_dac_modification_lchown" selected="true"/>
    <select idref="xccdf_org.ssgproject.content_rule_audit_rules_dac_modification_lremovexattr" selected="true"/>
    <select idref="xccdf_org.ssgproject.content_rule_audit_rules_dac_modification_lsetxattr" selected="true"/>
    <select idref="xccdf_org.ssgproject.content_rule_audit_rules_dac_modification_removexattr" selected="true"/>
    <select idref="xccdf_org.ssgproject.content_rule_audit_rules_dac_modification_setxattr" selected="true"/>
    <select idref="xccdf_org.ssgproject.content_rule_audit_rules_file_deletion_events_rename" selected="true"/>
    <select idref="xccdf_org.ssgproject.content_rule_audit_rules_file_deletion_events_renameat" selected="true"/>
    <select idref="xccdf_org.ssgproject.content_rule_audit_rules_file_deletion_events_rmdir" selected="true"/>
    <select idref="xccdf_org.ssgproject.content_rule_audit_rules_file_deletion_events_unlink" selected="true"/>
    <select idref="xccdf_org.ssgproject.content_rule_audit_rules_file_deletion_events_unlinkat" selected="true"/>
    <select idref="xccdf_org.ssgproject.content_rule_audit_rules_immutable" selected="true"/>
    <select idref="xccdf_org.ssgproject.content_rule_audit_rules_login_events_faillock" selected="true"/>
    <select idref="xccdf_org.ssgproject.content_rule_audit_rules_login_events_lastlog" selected="true"/>
    <select idref="xccdf_org.ssgproject.content_rule_audit_rules_login_events_tallylog" selected="true"/>
    <select idref="xccdf_org.ssgproject.content_rule_audit_rules_mac_modification" selected="true"/>
    <select idref="xccdf_org.ssgproject.content_rule_audit_rules_media_export" selected="true"/>
    <select idref="xccdf_org.ssgproject.content_rule_audit_rules_networkconfig_modification" selected="true"/>
    <select idref="xccdf_org.ssgproject.content_rule_audit_rules_session_events_btmp" selected="true"/>
    <select idref="xccdf_org.ssgproject.content_rule_audit_rules_session_events_utmp" selected="true"/>
    <select idref="xccdf_org.ssgproject.content_rule_audit_rules_session_events_wtmp" selected="true"/>
    <select idref="xccdf_org.ssgproject.content_rule_audit_rules_suid_privilege_function" selected="true"/>
    <select idref="xccdf_org.ssgproject.content_rule_audit_rules_sysadmin_actions" selected="true"/>
    <select idref="xccdf_org.ssgproject.content_rule_audit_rules_time_adjtimex" selected="true"/>
    <select idref="xccdf_org.ssgproject.content_rule_audit_rules_time_clock_settime" selected="true"/>
    <select idref="xccdf_org.ssgproject.content_rule_audit_rules_time_settimeofday" selected="true"/>
    <select idref="xccdf_org.ssgproject.content_rule_audit_rules_time_stime" selected="true"/>
    <select idref="xccdf_org.ssgproject.content_rule_audit_rules_time_watch_localtime" selected="true"/>
    <select idref="xccdf_org.ssgproject.content_rule_audit_rules_usergroup_modification_group" selected="true"/>
    <select idref="xccdf_org.ssgproject.content_rule_audit_rules_usergroup_modification_gshadow" selected="true"/>
    <select idref="xccdf_org.ssgproject.content_rule_audit_rules_usergroup_modification_opasswd" selected="true"/>
    <select idref="xccdf_org.ssgproject.content_rule_audit_rules_usergroup_modification_passwd" selected="true"/>
    <select idref="xccdf_org.ssgproject.content_rule_audit_rules_usergroup_modification_shadow" selected="true"/>
    <select idref="xccdf_org.ssgproject.content_rule_audit_sudo_log_events" selected="true"/>
    <select idref="xccdf_org.ssgproject.content_rule_auditd_audispd_syslog_plugin_activated" selected="true"/>
    <select idref="xccdf_org.ssgproject.content_rule_auditd_data_retention_admin_space_left_action" selected="true"/>
    <select idref="xccdf_org.ssgproject.content_rule_auditd_data_retention_space_left" selected="true"/>
    <select idref="xccdf_org.ssgproject.content_rule_auditd_data_retention_space_left_action" selected="true"/>
    <select idref="xccdf_org.ssgproject.content_rule_bios_enable_execution_restrictions" selected="true"/>
    <select idref="xccdf_org.ssgproject.content_rule_chronyd_run_as_chrony_user" selected="true"/>
    <select idref="xccdf_org.ssgproject.content_rule_chronyd_specify_remote_server" selected="true"/>
    <select idref="xccdf_org.ssgproject.content_rule_configure_crypto_policy" selected="true"/>
    <select idref="xccdf_org.ssgproject.content_rule_configure_ssh_crypto_policy" selected="true"/>
    <select idref="xccdf_org.ssgproject.content_rule_coredump_disable_backtraces" selected="true"/>
    <select idref="xccdf_org.ssgproject.content_rule_coredump_disable_storage" selected="true"/>
    <select idref="xccdf_org.ssgproject.content_rule_cracklib_accounts_password_pam_dcredit" selected="true"/>
    <select idref="xccdf_org.ssgproject.content_rule_cracklib_accounts_password_pam_lcredit" selected="true"/>
    <select idref="xccdf_org.ssgproject.content_rule_cracklib_accounts_password_pam_minlen" selected="true"/>
    <select idref="xccdf_org.ssgproject.content_rule_cracklib_accounts_password_pam_retry" selected="true"/>
    <select idref="xccdf_org.ssgproject.content_rule_dconf_db_up_to_date" selected="true"/>
    <select idref="xccdf_org.ssgproject.content_rule_dconf_gnome_screensaver_idle_activation_enabled" selected="true"/>
    <select idref="xccdf_org.ssgproject.content_rule_dconf_gnome_screensaver_idle_delay" selected="true"/>
    <select idref="xccdf_org.ssgproject.content_rule_dconf_gnome_screensaver_lock_enabled" selected="true"/>
    <select idref="xccdf_org.ssgproject.content_rule_dconf_gnome_screensaver_mode_blank" selected="true"/>
    <select idref="xccdf_org.ssgproject.content_rule_dconf_gnome_session_idle_user_locks" selected="true"/>
    <select idref="xccdf_org.ssgproject.content_rule_dir_perms_world_writable_sticky_bits" selected="true"/>
    <select idref="xccdf_org.ssgproject.content_rule_disable_host_auth" selected="true"/>
    <select idref="xccdf_org.ssgproject.content_rule_disable_users_coredumps" selected="true"/>
    <select idref="xccdf_org.ssgproject.content_rule_display_login_attempts" selected="true"/>
    <select idref="xccdf_org.ssgproject.content_rule_enable_dconf_user_profile" selected="true"/>
    <select idref="xccdf_org.ssgproject.content_rule_ensure_firewall_rules_for_open_ports" selected="true"/>
    <select idref="xccdf_org.ssgproject.content_rule_ensure_gpgcheck_globally_activated" selected="true"/>
    <select idref="xccdf_org.ssgproject.content_rule_ensure_gpgcheck_never_disabled" selected="true"/>
    <select idref="xccdf_org.ssgproject.content_rule_ensure_pam_wheel_group_empty" selected="true"/>
    <select idref="xccdf_org.ssgproject.content_rule_ensure_shadow_group_empty" selected="true"/>
    <select idref="xccdf_org.ssgproject.content_rule_ensure_suse_gpgkey_installed" selected="true"/>
    <select idref="xccdf_org.ssgproject.content_rule_file_at_deny_not_exist" selected="true"/>
    <select idref="xccdf_org.ssgproject.content_rule_file_cron_deny_not_exist" selected="true"/>
    <select idref="xccdf_org.ssgproject.content_rule_file_groupowner_at_allow" selected="true"/>
    <select idref="xccdf_org.ssgproject.content_rule_file_groupowner_backup_etc_group" selected="true"/>
    <select idref="xccdf_org.ssgproject.content_rule_file_groupowner_backup_etc_passwd" selected="true"/>
    <select idref="xccdf_org.ssgproject.content_rule_file_groupowner_backup_etc_shadow" selected="true"/>
    <select idref="xccdf_org.ssgproject.content_rule_file_groupowner_cron_allow" selected="true"/>
    <select idref="xccdf_org.ssgproject.content_rule_file_groupowner_cron_d" selected="true"/>
    <select idref="xccdf_org.ssgproject.content_rule_file_groupowner_cron_daily" selected="true"/>
    <select idref="xccdf_org.ssgproject.content_rule_file_groupowner_cron_hourly" selected="true"/>
    <select idref="xccdf_org.ssgproject.content_rule_file_groupowner_cron_monthly" selected="true"/>
    <select idref="xccdf_org.ssgproject.content_rule_file_groupowner_cron_weekly" selected="true"/>
    <select idref="xccdf_org.ssgproject.content_rule_file_groupowner_crontab" selected="true"/>
    <select idref="xccdf_org.ssgproject.content_rule_file_groupowner_etc_group" selected="true"/>
    <select idref="xccdf_org.ssgproject.content_rule_file_groupowner_etc_issue_net" selected="true"/>
    <select idref="xccdf_org.ssgproject.content_rule_file_groupowner_etc_passwd" selected="true"/>
    <select idref="xccdf_org.ssgproject.content_rule_file_groupowner_etc_shadow" selected="true"/>
    <select idref="xccdf_org.ssgproject.content_rule_file_groupowner_grub2_cfg" selected="true"/>
    <select idref="xccdf_org.ssgproject.content_rule_file_owner_at_allow" selected="true"/>
    <select idref="xccdf_org.ssgproject.content_rule_file_owner_backup_etc_group" selected="true"/>
    <select idref="xccdf_org.ssgproject.content_rule_file_owner_backup_etc_passwd" selected="true"/>
    <select idref="xccdf_org.ssgproject.content_rule_file_owner_backup_etc_shadow" selected="true"/>
    <select idref="xccdf_org.ssgproject.content_rule_file_owner_cron_allow" selected="true"/>
    <select idref="xccdf_org.ssgproject.content_rule_file_owner_cron_d" selected="true"/>
    <select idref="xccdf_org.ssgproject.content_rule_file_owner_cron_daily" selected="true"/>
    <select idref="xccdf_org.ssgproject.content_rule_file_owner_cron_hourly" selected="true"/>
    <select idref="xccdf_org.ssgproject.content_rule_file_owner_cron_monthly" selected="true"/>
    <select idref="xccdf_org.ssgproject.content_rule_file_owner_cron_weekly" selected="true"/>
    <select idref="xccdf_org.ssgproject.content_rule_file_owner_crontab" selected="true"/>
    <select idref="xccdf_org.ssgproject.content_rule_file_owner_etc_group" selected="true"/>
    <select idref="xccdf_org.ssgproject.content_rule_file_owner_etc_issue_net" selected="true"/>
    <select idref="xccdf_org.ssgproject.content_rule_file_owner_etc_passwd" selected="true"/>
    <select idref="xccdf_org.ssgproject.content_rule_file_owner_etc_shadow" selected="true"/>
    <select idref="xccdf_org.ssgproject.content_rule_file_owner_grub2_cfg" selected="true"/>
    <select idref="xccdf_org.ssgproject.content_rule_file_ownership_var_log_audit" selected="true"/>
    <select idref="xccdf_org.ssgproject.content_rule_file_permissions_at_allow" selected="true"/>
    <select idref="xccdf_org.ssgproject.content_rule_file_permissions_backup_etc_group" selected="true"/>
    <select idref="xccdf_org.ssgproject.content_rule_file_permissions_backup_etc_passwd" selected="true"/>
    <select idref="xccdf_org.ssgproject.content_rule_file_permissions_backup_etc_shadow" selected="true"/>
    <select idref="xccdf_org.ssgproject.content_rule_file_permissions_cron_allow" selected="true"/>
    <select idref="xccdf_org.ssgproject.content_rule_file_permissions_cron_d" selected="true"/>
    <select idref="xccdf_org.ssgproject.content_rule_file_permissions_cron_daily" selected="true"/>
    <select idref="xccdf_org.ssgproject.content_rule_file_permissions_cron_hourly" selected="true"/>
    <select idref="xccdf_org.ssgproject.content_rule_file_permissions_cron_monthly" selected="true"/>
    <select idref="xccdf_org.ssgproject.content_rule_file_permissions_cron_weekly" selected="true"/>
    <select idref="xccdf_org.ssgproject.content_rule_file_permissions_crontab" selected="true"/>
    <select idref="xccdf_org.ssgproject.content_rule_file_permissions_etc_group" selected="true"/>
    <select idref="xccdf_org.ssgproject.content_rule_file_permissions_etc_issue_net" selected="true"/>
    <select idref="xccdf_org.ssgproject.content_rule_file_permissions_etc_passwd" selected="true"/>
    <select idref="xccdf_org.ssgproject.content_rule_file_permissions_etc_shadow" selected="true"/>
    <select idref="xccdf_org.ssgproject.content_rule_file_permissions_grub2_cfg" selected="true"/>
    <select idref="xccdf_org.ssgproject.content_rule_file_permissions_sshd_config" selected="true"/>
    <select idref="xccdf_org.ssgproject.content_rule_file_permissions_sshd_private_key" selected="true"/>
    <select idref="xccdf_org.ssgproject.content_rule_file_permissions_sshd_pub_key" selected="true"/>
    <select idref="xccdf_org.ssgproject.content_rule_file_permissions_unauthorized_world_writable" selected="true"/>
    <select idref="xccdf_org.ssgproject.content_rule_file_permissions_ungroupowned" selected="true"/>
    <select idref="xccdf_org.ssgproject.content_rule_file_permissions_var_log_audit" selected="true"/>
    <select idref="xccdf_org.ssgproject.content_rule_gid_passwd_group_same" selected="true"/>
    <select idref="xccdf_org.ssgproject.content_rule_gnome_gdm_disable_unattended_automatic_login" selected="true"/>
    <select idref="xccdf_org.ssgproject.content_rule_group_unique_id" selected="true"/>
    <select idref="xccdf_org.ssgproject.content_rule_group_unique_name" selected="true"/>
    <select idref="xccdf_org.ssgproject.content_rule_grub2_audit_argument" selected="true"/>
    <select idref="xccdf_org.ssgproject.content_rule_grub2_audit_backlog_limit_argument" selected="true"/>
    <select idref="xccdf_org.ssgproject.content_rule_grub2_enable_selinux" selected="true"/>
    <select idref="xccdf_org.ssgproject.content_rule_install_PAE_kernel_on_x86-32" selected="true"/>
    <select idref="xccdf_org.ssgproject.content_rule_kernel_module_dccp_disabled" selected="true"/>
    <select idref="xccdf_org.ssgproject.content_rule_kernel_module_sctp_disabled" selected="true"/>
    <select idref="xccdf_org.ssgproject.content_rule_kernel_module_usb-storage_disabled" selected="true"/>
    <select idref="xccdf_org.ssgproject.content_rule_mask_nonessential_services" selected="true"/>
    <select idref="xccdf_org.ssgproject.content_rule_network_sniffer_disabled" selected="true"/>
    <select idref="xccdf_org.ssgproject.content_rule_nftables_ensure_default_deny_policy" selected="true"/>
    <select idref="xccdf_org.ssgproject.content_rule_no_direct_root_logins" selected="true"/>
    <select idref="xccdf_org.ssgproject.content_rule_no_empty_passwords" selected="true"/>
    <select idref="xccdf_org.ssgproject.content_rule_no_empty_passwords_etc_shadow" selected="true"/>
    <select idref="xccdf_org.ssgproject.content_rule_no_files_unowned_by_user" selected="true"/>
    <select idref="xccdf_org.ssgproject.content_rule_no_shelllogin_for_systemaccounts" selected="true"/>
    <select idref="xccdf_org.ssgproject.content_rule_package_aide_installed" selected="true"/>
    <select idref="xccdf_org.ssgproject.content_rule_package_audit-audispd-plugins_installed" selected="true"/>
    <select idref="xccdf_org.ssgproject.content_rule_package_audit_installed" selected="true"/>
    <select idref="xccdf_org.ssgproject.content_rule_package_chrony_installed" selected="true"/>
    <select idref="xccdf_org.ssgproject.content_rule_package_cron_installed" selected="true"/>
    <select idref="xccdf_org.ssgproject.content_rule_package_dhcp_removed" selected="true"/>
    <select idref="xccdf_org.ssgproject.content_rule_package_firewalld_installed" selected="true"/>
    <select idref="xccdf_org.ssgproject.content_rule_package_libselinux_installed" selected="true"/>
    <select idref="xccdf_org.ssgproject.content_rule_package_logrotate_installed" selected="true"/>
    <select idref="xccdf_org.ssgproject.content_rule_package_net-snmp_removed" selected="true"/>
    <select idref="xccdf_org.ssgproject.content_rule_package_nftables_installed" selected="true"/>
    <select idref="xccdf_org.ssgproject.content_rule_package_rsh-server_removed" selected="true"/>
    <select idref="xccdf_org.ssgproject.content_rule_package_rsh_removed" selected="true"/>
    <select idref="xccdf_org.ssgproject.content_rule_package_sudo_installed" selected="true"/>
    <select idref="xccdf_org.ssgproject.content_rule_package_talk-server_removed" selected="true"/>
    <select idref="xccdf_org.ssgproject.content_rule_package_talk_removed" selected="true"/>
    <select idref="xccdf_org.ssgproject.content_rule_package_telnet-server_removed" selected="true"/>
    <select idref="xccdf_org.ssgproject.content_rule_package_telnet_removed" selected="true"/>
    <select idref="xccdf_org.ssgproject.content_rule_package_tftp-server_removed" selected="true"/>
    <select idref="xccdf_org.ssgproject.content_rule_package_tftp_removed" selected="true"/>
    <select idref="xccdf_org.ssgproject.content_rule_package_xinetd_removed" selected="true"/>
    <select idref="xccdf_org.ssgproject.content_rule_package_ypbind_removed" selected="true"/>
    <select idref="xccdf_org.ssgproject.content_rule_package_ypserv_removed" selected="true"/>
    <select idref="xccdf_org.ssgproject.content_rule_permissions_local_var_log" selected="true"/>
    <select idref="xccdf_org.ssgproject.content_rule_postfix_network_listening_disabled" selected="true"/>
    <select idref="xccdf_org.ssgproject.content_rule_rpm_verify_hashes" selected="true"/>
    <select idref="xccdf_org.ssgproject.content_rule_rpm_verify_ownership" selected="true"/>
    <select idref="xccdf_org.ssgproject.content_rule_rpm_verify_permissions" selected="true"/>
    <select idref="xccdf_org.ssgproject.content_rule_rsyslog_files_groupownership" selected="true"/>
    <select idref="xccdf_org.ssgproject.content_rule_rsyslog_files_ownership" selected="true"/>
    <select idref="xccdf_org.ssgproject.content_rule_rsyslog_files_permissions" selected="true"/>
    <select idref="xccdf_org.ssgproject.content_rule_securetty_root_login_console_only" selected="true"/>
    <select idref="xccdf_org.ssgproject.content_rule_security_patches_up_to_date" selected="true"/>
    <select idref="xccdf_org.ssgproject.content_rule_selinux_confinement_of_daemons" selected="true"/>
    <select idref="xccdf_org.ssgproject.content_rule_selinux_policytype" selected="true"/>
    <select idref="xccdf_org.ssgproject.content_rule_selinux_state" selected="true"/>
    <select idref="xccdf_org.ssgproject.content_rule_service_auditd_enabled" selected="true"/>
    <select idref="xccdf_org.ssgproject.content_rule_service_avahi-daemon_disabled" selected="true"/>
    <select idref="xccdf_org.ssgproject.content_rule_service_chronyd_or_ntpd_enabled" selected="true"/>
    <select idref="xccdf_org.ssgproject.content_rule_service_firewalld_enabled" selected="true"/>
    <select idref="xccdf_org.ssgproject.content_rule_service_nftables_disabled" selected="true"/>
    <select idref="xccdf_org.ssgproject.content_rule_service_rpcbind_disabled" selected="true"/>
    <select idref="xccdf_org.ssgproject.content_rule_service_rsyncd_disabled" selected="true"/>
    <select idref="xccdf_org.ssgproject.content_rule_set_firewalld_default_zone" selected="true"/>
    <select idref="xccdf_org.ssgproject.content_rule_set_ip6tables_default_rule" selected="true"/>
    <select idref="xccdf_org.ssgproject.content_rule_set_ipv6_loopback_traffic" selected="true"/>
    <select idref="xccdf_org.ssgproject.content_rule_set_loopback_traffic" selected="true"/>
    <select idref="xccdf_org.ssgproject.content_rule_set_password_hashing_algorithm_commonauth" selected="true"/>
    <select idref="xccdf_org.ssgproject.content_rule_set_password_hashing_algorithm_libuserconf" selected="true"/>
    <select idref="xccdf_org.ssgproject.content_rule_set_password_hashing_algorithm_logindefs" selected="true"/>
    <select idref="xccdf_org.ssgproject.content_rule_set_password_hashing_algorithm_systemauth" selected="true"/>
    <select idref="xccdf_org.ssgproject.content_rule_sshd_disable_empty_passwords" selected="true"/>
    <select idref="xccdf_org.ssgproject.content_rule_sshd_disable_rhosts" selected="true"/>
    <select idref="xccdf_org.ssgproject.content_rule_sshd_disable_root_login" selected="true"/>
    <select idref="xccdf_org.ssgproject.content_rule_sshd_disable_tcp_forwarding" selected="true"/>
    <select idref="xccdf_org.ssgproject.content_rule_sshd_disable_x11_forwarding" selected="true"/>
    <select idref="xccdf_org.ssgproject.content_rule_sshd_do_not_permit_user_env" selected="true"/>
    <select idref="xccdf_org.ssgproject.content_rule_sshd_enable_pam" selected="true"/>
    <select idref="xccdf_org.ssgproject.content_rule_sshd_limit_user_access" selected="true"/>
    <select idref="xccdf_org.ssgproject.content_rule_sshd_set_idle_timeout" selected="true"/>
    <select idref="xccdf_org.ssgproject.content_rule_sshd_set_keepalive" selected="true"/>
    <select idref="xccdf_org.ssgproject.content_rule_sshd_set_login_grace_time" selected="true"/>
    <select idref="xccdf_org.ssgproject.content_rule_sshd_set_loglevel_verbose" selected="true"/>
    <select idref="xccdf_org.ssgproject.content_rule_sshd_set_max_auth_tries" selected="true"/>
    <select idref="xccdf_org.ssgproject.content_rule_sshd_set_max_sessions" selected="true"/>
    <select idref="xccdf_org.ssgproject.content_rule_sshd_set_maxstartups" selected="true"/>
    <select idref="xccdf_org.ssgproject.content_rule_sshd_use_approved_ciphers" selected="true"/>
    <select idref="xccdf_org.ssgproject.content_rule_sshd_use_approved_macs" selected="true"/>
    <select idref="xccdf_org.ssgproject.content_rule_sshd_use_strong_kex" selected="true"/>
    <select idref="xccdf_org.ssgproject.content_rule_sudo_add_use_pty" selected="true"/>
    <select idref="xccdf_org.ssgproject.content_rule_sudo_custom_logfile" selected="true"/>
    <select idref="xccdf_org.ssgproject.content_rule_sudo_require_authentication" selected="true"/>
    <select idref="xccdf_org.ssgproject.content_rule_sudo_require_reauthentication" selected="true"/>
    <select idref="xccdf_org.ssgproject.content_rule_sysctl_fs_suid_dumpable" selected="true"/>
    <select idref="xccdf_org.ssgproject.content_rule_sysctl_kernel_randomize_va_space" selected="true"/>
    <select idref="xccdf_org.ssgproject.content_rule_sysctl_net_ipv4_conf_all_rp_filter" selected="true"/>
    <select idref="xccdf_org.ssgproject.content_rule_sysctl_net_ipv4_conf_all_secure_redirects" selected="true"/>
    <select idref="xccdf_org.ssgproject.content_rule_sysctl_net_ipv4_conf_all_send_redirects" selected="true"/>
    <select idref="xccdf_org.ssgproject.content_rule_sysctl_net_ipv4_conf_default_accept_redirects" selected="true"/>
    <select idref="xccdf_org.ssgproject.content_rule_sysctl_net_ipv4_conf_default_send_redirects" selected="true"/>
    <select idref="xccdf_org.ssgproject.content_rule_sysctl_net_ipv4_icmp_echo_ignore_broadcasts" selected="true"/>
    <select idref="xccdf_org.ssgproject.content_rule_sysctl_net_ipv4_icmp_ignore_bogus_error_responses" selected="true"/>
    <select idref="xccdf_org.ssgproject.content_rule_sysctl_net_ipv4_ip_forward" selected="true"/>
    <select idref="xccdf_org.ssgproject.content_rule_sysctl_net_ipv4_tcp_syncookies" selected="true"/>
    <select idref="xccdf_org.ssgproject.content_rule_sysctl_net_ipv6_conf_default_accept_source_route" selected="true"/>
    <select idref="xccdf_org.ssgproject.content_rule_timer_logrotate_enabled" selected="true"/>
    <select idref="xccdf_org.ssgproject.content_rule_use_pam_wheel_group_for_su" selected="true"/>
    <select idref="xccdf_org.ssgproject.content_rule_wireless_disable_interfaces" selected="true"/>
    <select idref="xccdf_org.ssgproject.content_group_accounts-physical" selected="false"/>
    <select idref="xccdf_org.ssgproject.content_group_apparmor" selected="false"/>
    <select idref="xccdf_org.ssgproject.content_group_audit_execution_acl_commands" selected="false"/>
    <select idref="xccdf_org.ssgproject.content_group_audit_execution_selinux_commands" selected="false"/>
    <select idref="xccdf_org.ssgproject.content_group_audit_file_modification" selected="false"/>
    <select idref="xccdf_org.ssgproject.content_group_audit_kernel_module_loading" selected="false"/>
    <select idref="xccdf_org.ssgproject.content_group_audit_privileged_commands" selected="false"/>
    <select idref="xccdf_org.ssgproject.content_group_avahi_configuration" selected="false"/>
    <select idref="xccdf_org.ssgproject.content_group_base" selected="false"/>
    <select idref="xccdf_org.ssgproject.content_group_certified-vendor" selected="false"/>
    <select idref="xccdf_org.ssgproject.content_group_console_screen_locking" selected="false"/>
    <select idref="xccdf_org.ssgproject.content_group_deprecated" selected="false"/>
    <select idref="xccdf_org.ssgproject.content_group_dhcp_client_configuration" selected="false"/>
    <select idref="xccdf_org.ssgproject.content_group_dhcp_server_configuration" selected="false"/>
    <select idref="xccdf_org.ssgproject.content_group_disabling_cyrus-imapd" selected="false"/>
    <select idref="xccdf_org.ssgproject.content_group_disabling_dhcp_client" selected="false"/>
    <select idref="xccdf_org.ssgproject.content_group_disabling_dns_server" selected="false"/>
    <select idref="xccdf_org.ssgproject.content_group_disabling_dovecot" selected="false"/>
    <select idref="xccdf_org.ssgproject.content_group_disabling_httpd" selected="false"/>
    <select idref="xccdf_org.ssgproject.content_group_disabling_ipv6" selected="false"/>
    <select idref="xccdf_org.ssgproject.content_group_disabling_netfs" selected="false"/>
    <select idref="xccdf_org.ssgproject.content_group_disabling_nfsd" selected="false"/>
    <select idref="xccdf_org.ssgproject.content_group_disabling_quagga" selected="false"/>
    <select idref="xccdf_org.ssgproject.content_group_disabling_samba" selected="false"/>
    <select idref="xccdf_org.ssgproject.content_group_disabling_squid" selected="false"/>
    <select idref="xccdf_org.ssgproject.content_group_disabling_vsftpd" selected="false"/>
    <select idref="xccdf_org.ssgproject.content_group_disabling_xwindows" selected="false"/>
    <select idref="xccdf_org.ssgproject.content_group_disk_partitioning" selected="false"/>
    <select idref="xccdf_org.ssgproject.content_group_dns" selected="false"/>
    <select idref="xccdf_org.ssgproject.content_group_endpoint_security_software" selected="false"/>
    <select idref="xccdf_org.ssgproject.content_group_entropy" selected="false"/>
    <select idref="xccdf_org.ssgproject.content_group_fapolicyd" selected="false"/>
    <select idref="xccdf_org.ssgproject.content_group_file_permissions_auditd" selected="false"/>
    <select idref="xccdf_org.ssgproject.content_group_fips" selected="false"/>
    <select idref="xccdf_org.ssgproject.content_group_firewalld_deactivation" selected="false"/>
    <select idref="xccdf_org.ssgproject.content_group_ftp" selected="false"/>
    <select idref="xccdf_org.ssgproject.content_group_ftp_configure_vsftpd" selected="false"/>
    <select idref="xccdf_org.ssgproject.content_group_ftp_restrict_users" selected="false"/>
    <select idref="xccdf_org.ssgproject.content_group_gnome_media_settings" selected="false"/>
    <select idref="xccdf_org.ssgproject.content_group_gnome_remote_access_settings" selected="false"/>
    <select idref="xccdf_org.ssgproject.content_group_gui_login_banner" selected="false"/>
    <select idref="xccdf_org.ssgproject.content_group_http" selected="false"/>
    <select idref="xccdf_org.ssgproject.content_group_imap" selected="false"/>
    <select idref="xccdf_org.ssgproject.content_group_iptables_ruleset_modifications" selected="false"/>
    <select idref="xccdf_org.ssgproject.content_group_journald" selected="false"/>
    <select idref="xccdf_org.ssgproject.content_group_kernel_build_config" selected="false"/>
    <select idref="xccdf_org.ssgproject.content_group_ldap" selected="false"/>
    <select idref="xccdf_org.ssgproject.content_group_mcafee_endpoint_security_software" selected="false"/>
    <select idref="xccdf_org.ssgproject.content_group_mcafee_security_software" selected="false"/>
    <select idref="xccdf_org.ssgproject.content_group_mounting_remote_filesystems" selected="false"/>
    <select idref="xccdf_org.ssgproject.content_group_network-ipsec" selected="false"/>
    <select idref="xccdf_org.ssgproject.content_group_network-ufw" selected="false"/>
    <select idref="xccdf_org.ssgproject.content_group_nfs_configuring_clients" selected="false"/>
    <select idref="xccdf_org.ssgproject.content_group_nfs_configuring_servers" selected="false"/>
    <select idref="xccdf_org.ssgproject.content_group_openldap_client" selected="false"/>
    <select idref="xccdf_org.ssgproject.content_group_openldap_server" selected="false"/>
    <select idref="xccdf_org.ssgproject.content_group_partitions" selected="false"/>
    <select idref="xccdf_org.ssgproject.content_group_password_quality_pwquality" selected="false"/>
    <select idref="xccdf_org.ssgproject.content_group_permissions_local" selected="false"/>
    <select idref="xccdf_org.ssgproject.content_group_permissions_var_log_dir" selected="false"/>
    <select idref="xccdf_org.ssgproject.content_group_permissions_within_important_dirs" selected="false"/>
    <select idref="xccdf_org.ssgproject.content_group_poisoning" selected="false"/>
    <select idref="xccdf_org.ssgproject.content_group_printing" selected="false"/>
    <select idref="xccdf_org.ssgproject.content_group_proxy" selected="false"/>
    <select idref="xccdf_org.ssgproject.content_group_root_paths" selected="false"/>
    <select idref="xccdf_org.ssgproject.content_group_routing" selected="false"/>
    <select idref="xccdf_org.ssgproject.content_group_rsyslog_accepting_remote_messages" selected="false"/>
    <select idref="xccdf_org.ssgproject.content_group_rsyslog_sending_messages" selected="false"/>
    <select idref="xccdf_org.ssgproject.content_group_screen_locking" selected="false"/>
    <select idref="xccdf_org.ssgproject.content_group_selinux-booleans" selected="false"/>
    <select idref="xccdf_org.ssgproject.content_group_smart_card_login" selected="false"/>
    <select idref="xccdf_org.ssgproject.content_group_smb" selected="false"/>
    <select idref="xccdf_org.ssgproject.content_group_sssd" selected="false"/>
    <select idref="xccdf_org.ssgproject.content_group_sssd-ldap" selected="false"/>
    <select idref="xccdf_org.ssgproject.content_group_system-tools" selected="false"/>
    <select idref="xccdf_org.ssgproject.content_group_uefi" selected="false"/>
    <select idref="xccdf_org.ssgproject.content_group_user_umask" selected="false"/>
    <select idref="xccdf_org.ssgproject.content_group_xwindows" selected="false"/>
    <refine-value idref="xccdf_org.ssgproject.content_value_var_audit_backlog_limit" selector="8192"/>
    <refine-value idref="xccdf_org.ssgproject.content_value_var_multiple_time_servers" selector="suse"/>
    <refine-value idref="xccdf_org.ssgproject.content_value_var_auditd_admin_space_left_action" selector="single"/>
    <refine-value idref="xccdf_org.ssgproject.content_value_var_auditd_space_left" selector="100MB"/>
    <refine-value idref="xccdf_org.ssgproject.content_value_var_auditd_space_left_action" selector="email"/>
    <refine-value idref="xccdf_org.ssgproject.content_value_var_auditd_name_format" selector="fqd"/>
    <refine-value idref="xccdf_org.ssgproject.content_value_var_accounts_maximum_age_login_defs" selector="90"/>
    <refine-value idref="xccdf_org.ssgproject.content_value_var_accounts_password_warn_age_login_defs" selector="7"/>
    <refine-value idref="xccdf_org.ssgproject.content_value_var_password_pam_unix_remember" selector="4"/>
    <refine-value idref="xccdf_org.ssgproject.content_value_var_password_pam_remember" selector="4"/>
    <refine-value idref="xccdf_org.ssgproject.content_value_var_password_pam_remember_control_flag" selector="requisite_or_required"/>
    <refine-value idref="xccdf_org.ssgproject.content_value_var_password_pam_dcredit" selector="1"/>
    <refine-value idref="xccdf_org.ssgproject.content_value_var_password_pam_lcredit" selector="1"/>
    <refine-value idref="xccdf_org.ssgproject.content_value_var_password_pam_minlen" selector="12"/>
    <refine-value idref="xccdf_org.ssgproject.content_value_var_authselect_profile" selector="sssd"/>
    <refine-value idref="xccdf_org.ssgproject.content_value_var_accounts_passwords_pam_faillock_deny" selector="10"/>
    <refine-value idref="xccdf_org.ssgproject.content_value_var_accounts_passwords_pam_faillock_unlock_time" selector="1800"/>
    <refine-value idref="xccdf_org.ssgproject.content_value_var_password_pam_tally2" selector="10"/>
    <refine-value idref="xccdf_org.ssgproject.content_value_var_accounts_passwords_pam_tally2_unlock_time" selector="1800"/>
    <refine-value idref="xccdf_org.ssgproject.content_value_var_password_hashing_algorithm" selector="SHA512"/>
    <refine-value idref="xccdf_org.ssgproject.content_value_var_password_hashing_algorithm_pam" selector="sha512"/>
    <refine-value idref="xccdf_org.ssgproject.content_value_inactivity_timeout_value" selector="15_minutes"/>
    <refine-value idref="xccdf_org.ssgproject.content_value_var_screensaver_lock_delay" selector="10_seconds"/>
    <refine-value idref="xccdf_org.ssgproject.content_value_sshd_idle_timeout_value" selector="15_minutes"/>
    <refine-value idref="xccdf_org.ssgproject.content_value_var_sshd_set_keepalive" selector="1"/>
    <refine-value idref="xccdf_org.ssgproject.content_value_var_account_disable_post_pw_expiration" selector="90"/>
    <refine-value idref="xccdf_org.ssgproject.content_value_var_system_crypto_policy" selector="default_policy"/>
    <refine-value idref="xccdf_org.ssgproject.content_value_var_sshd_set_login_grace_time" selector="60"/>
    <refine-value idref="xccdf_org.ssgproject.content_value_var_postfix_inet_interfaces" selector="loopback-only"/>
    <refine-value idref="xccdf_org.ssgproject.content_value_var_selinux_policy_name" selector="targeted"/>
    <refine-value idref="xccdf_org.ssgproject.content_value_var_selinux_state" selector="enforcing"/>
    <refine-value idref="xccdf_org.ssgproject.content_value_sshd_strong_kex" selector="pcidss"/>
    <refine-value idref="xccdf_org.ssgproject.content_value_sshd_approved_macs" selector="cis_sle15"/>
    <refine-value idref="xccdf_org.ssgproject.content_value_sshd_approved_ciphers" selector="cis_sle15"/>
    <refine-value idref="xccdf_org.ssgproject.content_value_var_multiple_time_pools" selector="suse"/>
    <refine-value idref="xccdf_org.ssgproject.content_value_var_pam_wheel_group_for_su" selector="cis"/>
    <refine-value idref="xccdf_org.ssgproject.content_value_var_accounts_tmout" selector="15_min"/>
  </Profile>
  <Profile id="xccdf_org.ssgproject.content_profile_pcs-hardening-sap">
    <version>V1R4</version>
    <title xmlns:xhtml="http://www.w3.org/1999/xhtml" xml:lang="en-US" override="true">Hardening for Public Cloud Image of SUSE Linux Enterprise Server (SLES) for SAP Applications 15</title>
    <description xmlns:xhtml="http://www.w3.org/1999/xhtml" xml:lang="en-US" override="true">This profile contains configuration rules to be used to harden the images
of SUSE Linux Enterprise Server (SLES) for SAP Applications 15 including
all Service Packs, for Public Cloud providers, currently AWS, Microsoft
Azure, and Google Cloud.</description>
    <select idref="xccdf_org.ssgproject.content_rule_account_disable_post_pw_expiration" selected="true"/>
    <select idref="xccdf_org.ssgproject.content_rule_accounts_have_homedir_login_defs" selected="true"/>
    <select idref="xccdf_org.ssgproject.content_rule_accounts_maximum_age_login_defs" selected="true"/>
    <select idref="xccdf_org.ssgproject.content_rule_accounts_minimum_age_login_defs" selected="true"/>
    <select idref="xccdf_org.ssgproject.content_rule_accounts_password_pam_pwhistory_remember" selected="true"/>
    <select idref="xccdf_org.ssgproject.content_rule_accounts_password_set_max_life_existing" selected="true"/>
    <select idref="xccdf_org.ssgproject.content_rule_accounts_password_set_min_life_existing" selected="true"/>
    <select idref="xccdf_org.ssgproject.content_rule_accounts_passwords_pam_faildelay_delay" selected="true"/>
    <select idref="xccdf_org.ssgproject.content_rule_accounts_passwords_pam_tally2" selected="true"/>
    <select idref="xccdf_org.ssgproject.content_rule_accounts_set_post_pw_existing" selected="true"/>
    <select idref="xccdf_org.ssgproject.content_rule_accounts_tmout" selected="true"/>
    <select idref="xccdf_org.ssgproject.content_rule_accounts_users_home_files_permissions" selected="true"/>
    <select idref="xccdf_org.ssgproject.content_rule_aide_check_audit_tools" selected="true"/>
    <select idref="xccdf_org.ssgproject.content_rule_aide_periodic_checking_systemd_timer" selected="true"/>
    <select idref="xccdf_org.ssgproject.content_rule_aide_verify_acls" selected="true"/>
    <select idref="xccdf_org.ssgproject.content_rule_aide_verify_ext_attributes" selected="true"/>
    <select idref="xccdf_org.ssgproject.content_rule_audit_rules_dac_modification_chmod" selected="true"/>
    <select idref="xccdf_org.ssgproject.content_rule_audit_rules_dac_modification_chown" selected="true"/>
    <select idref="xccdf_org.ssgproject.content_rule_audit_rules_dac_modification_fchmod" selected="true"/>
    <select idref="xccdf_org.ssgproject.content_rule_audit_rules_dac_modification_fchmodat" selected="true"/>
    <select idref="xccdf_org.ssgproject.content_rule_audit_rules_dac_modification_fchown" selected="true"/>
    <select idref="xccdf_org.ssgproject.content_rule_audit_rules_dac_modification_fchownat" selected="true"/>
    <select idref="xccdf_org.ssgproject.content_rule_audit_rules_dac_modification_fremovexattr" selected="true"/>
    <select idref="xccdf_org.ssgproject.content_rule_audit_rules_dac_modification_fsetxattr" selected="true"/>
    <select idref="xccdf_org.ssgproject.content_rule_audit_rules_dac_modification_lchown" selected="true"/>
    <select idref="xccdf_org.ssgproject.content_rule_audit_rules_dac_modification_lremovexattr" selected="true"/>
    <select idref="xccdf_org.ssgproject.content_rule_audit_rules_dac_modification_lsetxattr" selected="true"/>
    <select idref="xccdf_org.ssgproject.content_rule_audit_rules_dac_modification_removexattr" selected="true"/>
    <select idref="xccdf_org.ssgproject.content_rule_audit_rules_dac_modification_setxattr" selected="true"/>
    <select idref="xccdf_org.ssgproject.content_rule_audit_rules_dac_modification_umount" selected="true"/>
    <select idref="xccdf_org.ssgproject.content_rule_audit_rules_dac_modification_umount2" selected="true"/>
    <select idref="xccdf_org.ssgproject.content_rule_audit_rules_enable_syscall_auditing" selected="true"/>
    <select idref="xccdf_org.ssgproject.content_rule_audit_rules_execution_chacl" selected="true"/>
    <select idref="xccdf_org.ssgproject.content_rule_audit_rules_execution_chcon" selected="true"/>
    <select idref="xccdf_org.ssgproject.content_rule_audit_rules_execution_chmod" selected="true"/>
    <select idref="xccdf_org.ssgproject.content_rule_audit_rules_execution_rm" selected="true"/>
    <select idref="xccdf_org.ssgproject.content_rule_audit_rules_execution_setfacl" selected="true"/>
    <select idref="xccdf_org.ssgproject.content_rule_audit_rules_file_deletion_events_rename" selected="true"/>
    <select idref="xccdf_org.ssgproject.content_rule_audit_rules_file_deletion_events_renameat" selected="true"/>
    <select idref="xccdf_org.ssgproject.content_rule_audit_rules_file_deletion_events_unlink" selected="true"/>
    <select idref="xccdf_org.ssgproject.content_rule_audit_rules_file_deletion_events_unlinkat" selected="true"/>
    <select idref="xccdf_org.ssgproject.content_rule_audit_rules_immutable" selected="true"/>
    <select idref="xccdf_org.ssgproject.content_rule_audit_rules_kernel_module_loading_delete" selected="true"/>
    <select idref="xccdf_org.ssgproject.content_rule_audit_rules_kernel_module_loading_finit" selected="true"/>
    <select idref="xccdf_org.ssgproject.content_rule_audit_rules_kernel_module_loading_init" selected="true"/>
    <select idref="xccdf_org.ssgproject.content_rule_audit_rules_login_events_faillock" selected="true"/>
    <select idref="xccdf_org.ssgproject.content_rule_audit_rules_login_events_lastlog" selected="true"/>
    <select idref="xccdf_org.ssgproject.content_rule_audit_rules_login_events_tallylog" selected="true"/>
    <select idref="xccdf_org.ssgproject.content_rule_audit_rules_mac_modification" selected="true"/>
    <select idref="xccdf_org.ssgproject.content_rule_audit_rules_media_export" selected="true"/>
    <select idref="xccdf_org.ssgproject.content_rule_audit_rules_networkconfig_modification" selected="true"/>
    <select idref="xccdf_org.ssgproject.content_rule_audit_rules_privileged_commands_chage" selected="true"/>
    <select idref="xccdf_org.ssgproject.content_rule_audit_rules_privileged_commands_chfn" selected="true"/>
    <select idref="xccdf_org.ssgproject.content_rule_audit_rules_privileged_commands_chsh" selected="true"/>
    <select idref="xccdf_org.ssgproject.content_rule_audit_rules_privileged_commands_crontab" selected="true"/>
    <select idref="xccdf_org.ssgproject.content_rule_audit_rules_privileged_commands_gpasswd" selected="true"/>
    <select idref="xccdf_org.ssgproject.content_rule_audit_rules_privileged_commands_insmod" selected="true"/>
    <select idref="xccdf_org.ssgproject.content_rule_audit_rules_privileged_commands_kmod" selected="true"/>
    <select idref="xccdf_org.ssgproject.content_rule_audit_rules_privileged_commands_modprobe" selected="true"/>
    <select idref="xccdf_org.ssgproject.content_rule_audit_rules_privileged_commands_newgrp" selected="true"/>
    <select idref="xccdf_org.ssgproject.content_rule_audit_rules_privileged_commands_pam_timestamp_check" selected="true"/>
    <select idref="xccdf_org.ssgproject.content_rule_audit_rules_privileged_commands_passmass" selected="true"/>
    <select idref="xccdf_org.ssgproject.content_rule_audit_rules_privileged_commands_passwd" selected="true"/>
    <select idref="xccdf_org.ssgproject.content_rule_audit_rules_privileged_commands_rmmod" selected="true"/>
    <select idref="xccdf_org.ssgproject.content_rule_audit_rules_privileged_commands_ssh_agent" selected="true"/>
    <select idref="xccdf_org.ssgproject.content_rule_audit_rules_privileged_commands_ssh_keysign" selected="true"/>
    <select idref="xccdf_org.ssgproject.content_rule_audit_rules_privileged_commands_su" selected="true"/>
    <select idref="xccdf_org.ssgproject.content_rule_audit_rules_privileged_commands_sudo" selected="true"/>
    <select idref="xccdf_org.ssgproject.content_rule_audit_rules_privileged_commands_sudoedit" selected="true"/>
    <select idref="xccdf_org.ssgproject.content_rule_audit_rules_privileged_commands_unix2_chkpwd" selected="true"/>
    <select idref="xccdf_org.ssgproject.content_rule_audit_rules_privileged_commands_unix_chkpwd" selected="true"/>
    <select idref="xccdf_org.ssgproject.content_rule_audit_rules_privileged_commands_usermod" selected="true"/>
    <select idref="xccdf_org.ssgproject.content_rule_audit_rules_session_events" selected="true"/>
    <select idref="xccdf_org.ssgproject.content_rule_audit_rules_session_events_btmp" selected="true"/>
    <select idref="xccdf_org.ssgproject.content_rule_audit_rules_session_events_utmp" selected="true"/>
    <select idref="xccdf_org.ssgproject.content_rule_audit_rules_session_events_wtmp" selected="true"/>
    <select idref="xccdf_org.ssgproject.content_rule_audit_rules_suid_privilege_function" selected="true"/>
    <select idref="xccdf_org.ssgproject.content_rule_audit_rules_sysadmin_actions" selected="true"/>
    <select idref="xccdf_org.ssgproject.content_rule_audit_rules_time_adjtimex" selected="true"/>
    <select idref="xccdf_org.ssgproject.content_rule_audit_rules_time_clock_settime" selected="true"/>
    <select idref="xccdf_org.ssgproject.content_rule_audit_rules_time_settimeofday" selected="true"/>
    <select idref="xccdf_org.ssgproject.content_rule_audit_rules_time_stime" selected="true"/>
    <select idref="xccdf_org.ssgproject.content_rule_audit_rules_time_watch_localtime" selected="true"/>
    <select idref="xccdf_org.ssgproject.content_rule_audit_rules_unsuccessful_file_modification_creat" selected="true"/>
    <select idref="xccdf_org.ssgproject.content_rule_audit_rules_unsuccessful_file_modification_ftruncate" selected="true"/>
    <select idref="xccdf_org.ssgproject.content_rule_audit_rules_unsuccessful_file_modification_open" selected="true"/>
    <select idref="xccdf_org.ssgproject.content_rule_audit_rules_unsuccessful_file_modification_open_by_handle_at" selected="true"/>
    <select idref="xccdf_org.ssgproject.content_rule_audit_rules_unsuccessful_file_modification_openat" selected="true"/>
    <select idref="xccdf_org.ssgproject.content_rule_audit_rules_unsuccessful_file_modification_rename" selected="true"/>
    <select idref="xccdf_org.ssgproject.content_rule_audit_rules_unsuccessful_file_modification_renameat" selected="true"/>
    <select idref="xccdf_org.ssgproject.content_rule_audit_rules_unsuccessful_file_modification_renameat2" selected="true"/>
    <select idref="xccdf_org.ssgproject.content_rule_audit_rules_unsuccessful_file_modification_truncate" selected="true"/>
    <select idref="xccdf_org.ssgproject.content_rule_audit_rules_unsuccessful_file_modification_unlink" selected="true"/>
    <select idref="xccdf_org.ssgproject.content_rule_audit_rules_unsuccessful_file_modification_unlinkat" selected="true"/>
    <select idref="xccdf_org.ssgproject.content_rule_audit_rules_usergroup_modification_group" selected="true"/>
    <select idref="xccdf_org.ssgproject.content_rule_audit_rules_usergroup_modification_gshadow" selected="true"/>
    <select idref="xccdf_org.ssgproject.content_rule_audit_rules_usergroup_modification_opasswd" selected="true"/>
    <select idref="xccdf_org.ssgproject.content_rule_audit_rules_usergroup_modification_passwd" selected="true"/>
    <select idref="xccdf_org.ssgproject.content_rule_audit_rules_usergroup_modification_shadow" selected="true"/>
    <select idref="xccdf_org.ssgproject.content_rule_auditd_audispd_encrypt_sent_records" selected="true"/>
    <select idref="xccdf_org.ssgproject.content_rule_auditd_data_disk_full_action" selected="true"/>
    <select idref="xccdf_org.ssgproject.content_rule_auditd_data_retention_admin_space_left_action" selected="true"/>
    <select idref="xccdf_org.ssgproject.content_rule_auditd_data_retention_max_log_file_action" selected="true"/>
    <select idref="xccdf_org.ssgproject.content_rule_auditd_data_retention_space_left" selected="true"/>
    <select idref="xccdf_org.ssgproject.content_rule_auditd_data_retention_space_left_action" selected="true"/>
    <select idref="xccdf_org.ssgproject.content_rule_banner_etc_issue" selected="true"/>
    <select idref="xccdf_org.ssgproject.content_rule_banner_etc_issue_net" selected="true"/>
    <select idref="xccdf_org.ssgproject.content_rule_banner_etc_motd" selected="true"/>
    <select idref="xccdf_org.ssgproject.content_rule_chronyd_run_as_chrony_user" selected="true"/>
    <select idref="xccdf_org.ssgproject.content_rule_cracklib_accounts_password_pam_dcredit" selected="true"/>
    <select idref="xccdf_org.ssgproject.content_rule_cracklib_accounts_password_pam_difok" selected="true"/>
    <select idref="xccdf_org.ssgproject.content_rule_cracklib_accounts_password_pam_lcredit" selected="true"/>
    <select idref="xccdf_org.ssgproject.content_rule_cracklib_accounts_password_pam_minlen" selected="true"/>
    <select idref="xccdf_org.ssgproject.content_rule_cracklib_accounts_password_pam_ocredit" selected="true"/>
    <select idref="xccdf_org.ssgproject.content_rule_cracklib_accounts_password_pam_retry" selected="true"/>
    <select idref="xccdf_org.ssgproject.content_rule_cracklib_accounts_password_pam_ucredit" selected="true"/>
    <select idref="xccdf_org.ssgproject.content_rule_disable_ctrlaltdel_burstaction" selected="true"/>
    <select idref="xccdf_org.ssgproject.content_rule_disable_host_auth" selected="true"/>
    <select idref="xccdf_org.ssgproject.content_rule_disable_users_coredumps" selected="true"/>
    <select idref="xccdf_org.ssgproject.content_rule_display_login_attempts" selected="true"/>
    <select idref="xccdf_org.ssgproject.content_rule_ensure_gpgcheck_globally_activated" selected="true"/>
    <select idref="xccdf_org.ssgproject.content_rule_file_at_deny_not_exist" selected="true"/>
    <select idref="xccdf_org.ssgproject.content_rule_file_cron_deny_not_exist" selected="true"/>
    <select idref="xccdf_org.ssgproject.content_rule_file_etc_security_opasswd" selected="true"/>
    <select idref="xccdf_org.ssgproject.content_rule_file_groupowner_etc_issue" selected="true"/>
    <select idref="xccdf_org.ssgproject.content_rule_file_groupownership_system_commands_dirs" selected="true"/>
    <select idref="xccdf_org.ssgproject.content_rule_file_owner_etc_issue" selected="true"/>
    <select idref="xccdf_org.ssgproject.content_rule_file_permissions_backup_etc_shadow" selected="true"/>
    <select idref="xccdf_org.ssgproject.content_rule_file_permissions_cron_d" selected="true"/>
    <select idref="xccdf_org.ssgproject.content_rule_file_permissions_cron_daily" selected="true"/>
    <select idref="xccdf_org.ssgproject.content_rule_file_permissions_cron_hourly" selected="true"/>
    <select idref="xccdf_org.ssgproject.content_rule_file_permissions_cron_monthly" selected="true"/>
    <select idref="xccdf_org.ssgproject.content_rule_file_permissions_cron_weekly" selected="true"/>
    <select idref="xccdf_org.ssgproject.content_rule_file_permissions_etc_shadow" selected="true"/>
    <select idref="xccdf_org.ssgproject.content_rule_file_permissions_home_directories" selected="true"/>
    <select idref="xccdf_org.ssgproject.content_rule_file_permissions_sshd_config" selected="true"/>
    <select idref="xccdf_org.ssgproject.content_rule_install_smartcard_packages" selected="true"/>
    <select idref="xccdf_org.ssgproject.content_rule_journald_compress" selected="true"/>
    <select idref="xccdf_org.ssgproject.content_rule_journald_forward_to_syslog" selected="true"/>
    <select idref="xccdf_org.ssgproject.content_rule_journald_storage" selected="true"/>
    <select idref="xccdf_org.ssgproject.content_rule_kernel_module_dccp_disabled" selected="true"/>
    <select idref="xccdf_org.ssgproject.content_rule_kernel_module_sctp_disabled" selected="true"/>
    <select idref="xccdf_org.ssgproject.content_rule_kernel_module_squashfs_disabled" selected="true"/>
    <select idref="xccdf_org.ssgproject.content_rule_kernel_module_udf_disabled" selected="true"/>
    <select idref="xccdf_org.ssgproject.content_rule_kernel_module_usb-storage_disabled" selected="true"/>
    <select idref="xccdf_org.ssgproject.content_rule_mount_option_dev_shm_noexec" selected="true"/>
    <select idref="xccdf_org.ssgproject.content_rule_no_direct_root_logins" selected="true"/>
    <select idref="xccdf_org.ssgproject.content_rule_package_aide_installed" selected="true"/>
    <select idref="xccdf_org.ssgproject.content_rule_package_audit-audispd-plugins_installed" selected="true"/>
    <select idref="xccdf_org.ssgproject.content_rule_package_audit_installed" selected="true"/>
    <select idref="xccdf_org.ssgproject.content_rule_package_chrony_installed" selected="true"/>
    <select idref="xccdf_org.ssgproject.content_rule_package_iptables_installed" selected="true"/>
    <select idref="xccdf_org.ssgproject.content_rule_package_net-snmp_removed" selected="true"/>
    <select idref="xccdf_org.ssgproject.content_rule_package_nftables_removed" selected="true"/>
    <select idref="xccdf_org.ssgproject.content_rule_package_rpcbind_removed" selected="true"/>
    <select idref="xccdf_org.ssgproject.content_rule_package_rsyslog_installed" selected="true"/>
    <select idref="xccdf_org.ssgproject.content_rule_permissions_local_var_log" selected="true"/>
    <select idref="xccdf_org.ssgproject.content_rule_rsyslog_files_permissions" selected="true"/>
    <select idref="xccdf_org.ssgproject.content_rule_rsyslog_remote_loghost" selected="true"/>
    <select idref="xccdf_org.ssgproject.content_rule_set_password_hashing_algorithm_commonauth" selected="true"/>
    <select idref="xccdf_org.ssgproject.content_rule_set_password_hashing_algorithm_systemauth" selected="true"/>
    <select idref="xccdf_org.ssgproject.content_rule_smartcard_configure_ca" selected="true"/>
    <select idref="xccdf_org.ssgproject.content_rule_smartcard_configure_cert_checking" selected="true"/>
    <select idref="xccdf_org.ssgproject.content_rule_sshd_disable_empty_passwords" selected="true"/>
    <select idref="xccdf_org.ssgproject.content_rule_sshd_disable_rhosts" selected="true"/>
    <select idref="xccdf_org.ssgproject.content_rule_sshd_disable_tcp_forwarding" selected="true"/>
    <select idref="xccdf_org.ssgproject.content_rule_sshd_disable_user_known_hosts" selected="true"/>
    <select idref="xccdf_org.ssgproject.content_rule_sshd_disable_x11_forwarding" selected="true"/>
    <select idref="xccdf_org.ssgproject.content_rule_sshd_do_not_permit_user_env" selected="true"/>
    <select idref="xccdf_org.ssgproject.content_rule_sshd_enable_warning_banner" selected="true"/>
    <select idref="xccdf_org.ssgproject.content_rule_sshd_set_idle_timeout" selected="true"/>
    <select idref="xccdf_org.ssgproject.content_rule_sshd_set_keepalive" selected="true"/>
    <select idref="xccdf_org.ssgproject.content_rule_sshd_set_keepalive_0" selected="true"/>
    <select idref="xccdf_org.ssgproject.content_rule_sshd_set_login_grace_time" selected="true"/>
    <select idref="xccdf_org.ssgproject.content_rule_sshd_set_loglevel_verbose" selected="true"/>
    <select idref="xccdf_org.ssgproject.content_rule_sshd_set_max_sessions" selected="true"/>
    <select idref="xccdf_org.ssgproject.content_rule_sshd_set_maxstartups" selected="true"/>
    <select idref="xccdf_org.ssgproject.content_rule_sshd_use_approved_ciphers" selected="true"/>
    <select idref="xccdf_org.ssgproject.content_rule_sshd_use_approved_ciphers_ordered_stig" selected="true"/>
    <select idref="xccdf_org.ssgproject.content_rule_sshd_use_approved_macs" selected="true"/>
    <select idref="xccdf_org.ssgproject.content_rule_sshd_use_approved_macs_ordered_stig" selected="true"/>
    <select idref="xccdf_org.ssgproject.content_rule_sshd_use_strong_kex" selected="true"/>
    <select idref="xccdf_org.ssgproject.content_rule_sudo_add_use_pty" selected="true"/>
    <select idref="xccdf_org.ssgproject.content_rule_sudo_custom_logfile" selected="true"/>
    <select idref="xccdf_org.ssgproject.content_rule_sysctl_fs_suid_dumpable" selected="true"/>
    <select idref="xccdf_org.ssgproject.content_rule_sysctl_kernel_randomize_va_space" selected="true"/>
    <select idref="xccdf_org.ssgproject.content_rule_sysctl_net_ipv4_conf_all_log_martians" selected="true"/>
    <select idref="xccdf_org.ssgproject.content_rule_sysctl_net_ipv4_conf_all_rp_filter" selected="true"/>
    <select idref="xccdf_org.ssgproject.content_rule_sysctl_net_ipv4_conf_all_secure_redirects" selected="true"/>
    <select idref="xccdf_org.ssgproject.content_rule_sysctl_net_ipv4_conf_all_send_redirects" selected="true"/>
    <select idref="xccdf_org.ssgproject.content_rule_sysctl_net_ipv4_conf_default_log_martians" selected="true"/>
    <select idref="xccdf_org.ssgproject.content_rule_sysctl_net_ipv4_conf_default_rp_filter" selected="true"/>
    <select idref="xccdf_org.ssgproject.content_rule_sysctl_net_ipv4_conf_default_secure_redirects" selected="true"/>
    <select idref="xccdf_org.ssgproject.content_rule_sysctl_net_ipv4_conf_default_send_redirects" selected="true"/>
    <select idref="xccdf_org.ssgproject.content_rule_sysctl_net_ipv4_icmp_ignore_bogus_error_responses" selected="true"/>
    <select idref="xccdf_org.ssgproject.content_rule_sysctl_net_ipv4_ip_forward" selected="true"/>
    <select idref="xccdf_org.ssgproject.content_rule_sysctl_net_ipv4_tcp_syncookies" selected="true"/>
    <select idref="xccdf_org.ssgproject.content_rule_sysctl_net_ipv6_conf_all_accept_ra" selected="true"/>
    <select idref="xccdf_org.ssgproject.content_rule_sysctl_net_ipv6_conf_all_accept_source_route" selected="true"/>
    <select idref="xccdf_org.ssgproject.content_rule_sysctl_net_ipv6_conf_all_forwarding" selected="true"/>
    <select idref="xccdf_org.ssgproject.content_rule_sysctl_net_ipv6_conf_default_accept_ra" selected="true"/>
    <select idref="xccdf_org.ssgproject.content_rule_sysctl_net_ipv6_conf_default_accept_source_route" selected="true"/>
    <select idref="xccdf_org.ssgproject.content_group_apparmor" selected="false"/>
    <select idref="xccdf_org.ssgproject.content_group_avahi" selected="false"/>
    <select idref="xccdf_org.ssgproject.content_group_avahi_configuration" selected="false"/>
    <select idref="xccdf_org.ssgproject.content_group_base" selected="false"/>
    <select idref="xccdf_org.ssgproject.content_group_bootloader-grub2" selected="false"/>
    <select idref="xccdf_org.ssgproject.content_group_certified-vendor" selected="false"/>
    <select idref="xccdf_org.ssgproject.content_group_console_screen_locking" selected="false"/>
    <select idref="xccdf_org.ssgproject.content_group_crypto" selected="false"/>
    <select idref="xccdf_org.ssgproject.content_group_deprecated" selected="false"/>
    <select idref="xccdf_org.ssgproject.content_group_dhcp" selected="false"/>
    <select idref="xccdf_org.ssgproject.content_group_dhcp_client_configuration" selected="false"/>
    <select idref="xccdf_org.ssgproject.content_group_dhcp_server_configuration" selected="false"/>
    <select idref="xccdf_org.ssgproject.content_group_disable_avahi_group" selected="false"/>
    <select idref="xccdf_org.ssgproject.content_group_disabling_cyrus-imapd" selected="false"/>
    <select idref="xccdf_org.ssgproject.content_group_disabling_dhcp_client" selected="false"/>
    <select idref="xccdf_org.ssgproject.content_group_disabling_dhcp_server" selected="false"/>
    <select idref="xccdf_org.ssgproject.content_group_disabling_dns_server" selected="false"/>
    <select idref="xccdf_org.ssgproject.content_group_disabling_dovecot" selected="false"/>
    <select idref="xccdf_org.ssgproject.content_group_disabling_httpd" selected="false"/>
    <select idref="xccdf_org.ssgproject.content_group_disabling_ipv6" selected="false"/>
    <select idref="xccdf_org.ssgproject.content_group_disabling_netfs" selected="false"/>
    <select idref="xccdf_org.ssgproject.content_group_disabling_nfsd" selected="false"/>
    <select idref="xccdf_org.ssgproject.content_group_disabling_quagga" selected="false"/>
    <select idref="xccdf_org.ssgproject.content_group_disabling_samba" selected="false"/>
    <select idref="xccdf_org.ssgproject.content_group_disabling_squid" selected="false"/>
    <select idref="xccdf_org.ssgproject.content_group_disabling_vsftpd" selected="false"/>
    <select idref="xccdf_org.ssgproject.content_group_disabling_xwindows" selected="false"/>
    <select idref="xccdf_org.ssgproject.content_group_disk_partitioning" selected="false"/>
    <select idref="xccdf_org.ssgproject.content_group_dns" selected="false"/>
    <select idref="xccdf_org.ssgproject.content_group_enable_nx" selected="false"/>
    <select idref="xccdf_org.ssgproject.content_group_endpoint_security_software" selected="false"/>
    <select idref="xccdf_org.ssgproject.content_group_entropy" selected="false"/>
    <select idref="xccdf_org.ssgproject.content_group_fapolicyd" selected="false"/>
    <select idref="xccdf_org.ssgproject.content_group_file_permissions_auditd" selected="false"/>
    <select idref="xccdf_org.ssgproject.content_group_fips" selected="false"/>
    <select idref="xccdf_org.ssgproject.content_group_firewalld_activation" selected="false"/>
    <select idref="xccdf_org.ssgproject.content_group_firewalld_deactivation" selected="false"/>
    <select idref="xccdf_org.ssgproject.content_group_ftp" selected="false"/>
    <select idref="xccdf_org.ssgproject.content_group_ftp_configure_vsftpd" selected="false"/>
    <select idref="xccdf_org.ssgproject.content_group_ftp_restrict_users" selected="false"/>
    <select idref="xccdf_org.ssgproject.content_group_gnome" selected="false"/>
    <select idref="xccdf_org.ssgproject.content_group_gnome_login_screen" selected="false"/>
    <select idref="xccdf_org.ssgproject.content_group_gnome_media_settings" selected="false"/>
    <select idref="xccdf_org.ssgproject.content_group_gnome_remote_access_settings" selected="false"/>
    <select idref="xccdf_org.ssgproject.content_group_gnome_screen_locking" selected="false"/>
    <select idref="xccdf_org.ssgproject.content_group_gui_login_banner" selected="false"/>
    <select idref="xccdf_org.ssgproject.content_group_http" selected="false"/>
    <select idref="xccdf_org.ssgproject.content_group_imap" selected="false"/>
    <select idref="xccdf_org.ssgproject.content_group_inetd_and_xinetd" selected="false"/>
    <select idref="xccdf_org.ssgproject.content_group_iptables_activation" selected="false"/>
    <select idref="xccdf_org.ssgproject.content_group_iptables_ruleset_modifications" selected="false"/>
    <select idref="xccdf_org.ssgproject.content_group_kernel_build_config" selected="false"/>
    <select idref="xccdf_org.ssgproject.content_group_ldap" selected="false"/>
    <select idref="xccdf_org.ssgproject.content_group_log_rotation" selected="false"/>
    <select idref="xccdf_org.ssgproject.content_group_mail" selected="false"/>
    <select idref="xccdf_org.ssgproject.content_group_mcafee_endpoint_security_software" selected="false"/>
    <select idref="xccdf_org.ssgproject.content_group_mcafee_security_software" selected="false"/>
    <select idref="xccdf_org.ssgproject.content_group_mounting_remote_filesystems" selected="false"/>
    <select idref="xccdf_org.ssgproject.content_group_network-firewalld" selected="false"/>
    <select idref="xccdf_org.ssgproject.content_group_network-ipsec" selected="false"/>
    <select idref="xccdf_org.ssgproject.content_group_network-ufw" selected="false"/>
    <select idref="xccdf_org.ssgproject.content_group_network-wireless" selected="false"/>
    <select idref="xccdf_org.ssgproject.content_group_nfs_configuring_clients" selected="false"/>
    <select idref="xccdf_org.ssgproject.content_group_nfs_configuring_servers" selected="false"/>
    <select idref="xccdf_org.ssgproject.content_group_nis" selected="false"/>
    <select idref="xccdf_org.ssgproject.content_group_non-uefi" selected="false"/>
    <select idref="xccdf_org.ssgproject.content_group_obsolete" selected="false"/>
    <select idref="xccdf_org.ssgproject.content_group_openldap_client" selected="false"/>
    <select idref="xccdf_org.ssgproject.content_group_openldap_server" selected="false"/>
    <select idref="xccdf_org.ssgproject.content_group_password_quality_pwquality" selected="false"/>
    <select idref="xccdf_org.ssgproject.content_group_password_storage" selected="false"/>
    <select idref="xccdf_org.ssgproject.content_group_permissions_local" selected="false"/>
    <select idref="xccdf_org.ssgproject.content_group_permissions_var_log_dir" selected="false"/>
    <select idref="xccdf_org.ssgproject.content_group_poisoning" selected="false"/>
    <select idref="xccdf_org.ssgproject.content_group_postfix_client" selected="false"/>
    <select idref="xccdf_org.ssgproject.content_group_printing" selected="false"/>
    <select idref="xccdf_org.ssgproject.content_group_proxy" selected="false"/>
    <select idref="xccdf_org.ssgproject.content_group_r_services" selected="false"/>
    <select idref="xccdf_org.ssgproject.content_group_root_paths" selected="false"/>
    <select idref="xccdf_org.ssgproject.content_group_routing" selected="false"/>
    <select idref="xccdf_org.ssgproject.content_group_rpm_verification" selected="false"/>
    <select idref="xccdf_org.ssgproject.content_group_rsyslog_accepting_remote_messages" selected="false"/>
    <select idref="xccdf_org.ssgproject.content_group_ruleset_modifications" selected="false"/>
    <select idref="xccdf_org.ssgproject.content_group_selinux" selected="false"/>
    <select idref="xccdf_org.ssgproject.content_group_selinux-booleans" selected="false"/>
    <select idref="xccdf_org.ssgproject.content_group_smb" selected="false"/>
    <select idref="xccdf_org.ssgproject.content_group_sssd" selected="false"/>
    <select idref="xccdf_org.ssgproject.content_group_sssd-ldap" selected="false"/>
    <select idref="xccdf_org.ssgproject.content_group_system-tools" selected="false"/>
    <select idref="xccdf_org.ssgproject.content_group_talk" selected="false"/>
    <select idref="xccdf_org.ssgproject.content_group_telnet" selected="false"/>
    <select idref="xccdf_org.ssgproject.content_group_tftp" selected="false"/>
    <select idref="xccdf_org.ssgproject.content_group_uefi" selected="false"/>
    <select idref="xccdf_org.ssgproject.content_group_user_umask" selected="false"/>
    <select idref="xccdf_org.ssgproject.content_group_wireless_software" selected="false"/>
    <select idref="xccdf_org.ssgproject.content_group_xwindows" selected="false"/>
    <refine-value idref="xccdf_org.ssgproject.content_value_var_account_disable_post_pw_expiration" selector="30"/>
    <refine-value idref="xccdf_org.ssgproject.content_value_var_accounts_fail_delay" selector="4"/>
    <refine-value idref="xccdf_org.ssgproject.content_value_var_accounts_tmout" selector="15_min"/>
    <refine-value idref="xccdf_org.ssgproject.content_value_inactivity_timeout_value" selector="15_minutes"/>
    <refine-value idref="xccdf_org.ssgproject.content_value_var_password_pam_dcredit" selector="1"/>
    <refine-value idref="xccdf_org.ssgproject.content_value_var_password_pam_lcredit" selector="1"/>
    <refine-value idref="xccdf_org.ssgproject.content_value_var_password_pam_minlen" selector="14"/>
    <refine-value idref="xccdf_org.ssgproject.content_value_var_password_pam_ocredit" selector="1"/>
    <refine-value idref="xccdf_org.ssgproject.content_value_var_password_pam_ucredit" selector="1"/>
    <refine-value idref="xccdf_org.ssgproject.content_value_sshd_idle_timeout_value" selector="5_minutes"/>
    <refine-value idref="xccdf_org.ssgproject.content_value_var_sudo_timestamp_timeout" selector="always_prompt"/>
    <refine-value idref="xccdf_org.ssgproject.content_value_var_password_pam_unix_remember" selector="5"/>
    <refine-value idref="xccdf_org.ssgproject.content_value_var_accounts_maximum_age_login_defs" selector="365"/>
    <refine-value idref="xccdf_org.ssgproject.content_value_var_password_pam_delay" selector="4000000"/>
    <refine-value idref="xccdf_org.ssgproject.content_value_login_banner_text" selector="cis_default"/>
    <refine-value idref="xccdf_org.ssgproject.content_value_var_removable_partition" selector="dev_cdrom"/>
    <refine-value idref="xccdf_org.ssgproject.content_value_var_sssd_memcache_timeout" selector="1_day"/>
    <refine-value idref="xccdf_org.ssgproject.content_value_var_time_service_set_maxpoll" selector="18_hours"/>
    <refine-value idref="xccdf_org.ssgproject.content_value_var_accounts_minimum_age_login_defs" selector="1"/>
    <refine-value idref="xccdf_org.ssgproject.content_value_var_accounts_max_concurrent_login_sessions" selector="10"/>
    <refine-value idref="xccdf_org.ssgproject.content_value_var_auditd_disk_full_action" selector="syslog"/>
    <refine-value idref="xccdf_org.ssgproject.content_value_var_sshd_set_keepalive" selector="0"/>
    <refine-value idref="xccdf_org.ssgproject.content_value_var_sshd_max_sessions" selector="10"/>
    <refine-value idref="xccdf_org.ssgproject.content_value_var_auditd_admin_space_left_action" selector="halt"/>
    <refine-value idref="xccdf_org.ssgproject.content_value_var_auditd_max_log_file_action" selector="keep_logs"/>
    <refine-value idref="xccdf_org.ssgproject.content_value_var_password_pam_tally2" selector="5"/>
    <refine-value idref="xccdf_org.ssgproject.content_value_var_sudo_logfile" selector="var_log_sudo_log"/>
    <refine-value idref="xccdf_org.ssgproject.content_value_var_apparmor_mode" selector="complain"/>
    <refine-value idref="xccdf_org.ssgproject.content_value_motd_banner_text" selector="cis_banners"/>
    <refine-value idref="xccdf_org.ssgproject.content_value_remote_login_banner_text" selector="cis_banners"/>
    <refine-value idref="xccdf_org.ssgproject.content_value_var_multiple_time_servers" selector="suse"/>
    <refine-value idref="xccdf_org.ssgproject.content_value_var_multiple_time_pools" selector="suse"/>
    <refine-value idref="xccdf_org.ssgproject.content_value_var_postfix_inet_interfaces" selector="loopback-only"/>
    <refine-value idref="xccdf_org.ssgproject.content_value_sysctl_net_ipv6_conf_all_forwarding_value" selector="disabled"/>
    <refine-value idref="xccdf_org.ssgproject.content_value_sysctl_net_ipv4_conf_all_accept_source_route_value" selector="disabled"/>
    <refine-value idref="xccdf_org.ssgproject.content_value_sysctl_net_ipv4_conf_default_accept_source_route_value" selector="disabled"/>
    <refine-value idref="xccdf_org.ssgproject.content_value_sysctl_net_ipv6_conf_all_accept_source_route_value" selector="disabled"/>
    <refine-value idref="xccdf_org.ssgproject.content_value_sysctl_net_ipv6_conf_default_accept_source_route_value" selector="disabled"/>
    <refine-value idref="xccdf_org.ssgproject.content_value_sysctl_net_ipv4_conf_all_accept_redirects_value" selector="disabled"/>
    <refine-value idref="xccdf_org.ssgproject.content_value_sysctl_net_ipv4_conf_default_accept_redirects_value" selector="disabled"/>
    <refine-value idref="xccdf_org.ssgproject.content_value_sysctl_net_ipv6_conf_all_accept_redirects_value" selector="disabled"/>
    <refine-value idref="xccdf_org.ssgproject.content_value_sysctl_net_ipv6_conf_default_accept_redirects_value" selector="disabled"/>
    <refine-value idref="xccdf_org.ssgproject.content_value_sysctl_net_ipv4_conf_all_secure_redirects_value" selector="disabled"/>
    <refine-value idref="xccdf_org.ssgproject.content_value_sysctl_net_ipv4_conf_default_secure_redirects_value" selector="disabled"/>
    <refine-value idref="xccdf_org.ssgproject.content_value_sysctl_net_ipv4_conf_all_log_martians_value" selector="enabled"/>
    <refine-value idref="xccdf_org.ssgproject.content_value_sysctl_net_ipv4_conf_default_log_martians_value" selector="enabled"/>
    <refine-value idref="xccdf_org.ssgproject.content_value_sysctl_net_ipv4_icmp_echo_ignore_broadcasts_value" selector="enabled"/>
    <refine-value idref="xccdf_org.ssgproject.content_value_sysctl_net_ipv4_icmp_ignore_bogus_error_responses_value" selector="enabled"/>
    <refine-value idref="xccdf_org.ssgproject.content_value_sysctl_net_ipv4_conf_all_rp_filter_value" selector="enabled"/>
    <refine-value idref="xccdf_org.ssgproject.content_value_sysctl_net_ipv4_conf_default_rp_filter_value" selector="enabled"/>
    <refine-value idref="xccdf_org.ssgproject.content_value_sysctl_net_ipv4_tcp_syncookies_value" selector="enabled"/>
    <refine-value idref="xccdf_org.ssgproject.content_value_sysctl_net_ipv6_conf_all_accept_ra_value" selector="disabled"/>
    <refine-value idref="xccdf_org.ssgproject.content_value_sysctl_net_ipv6_conf_default_accept_ra_value" selector="disabled"/>
    <refine-value idref="xccdf_org.ssgproject.content_value_var_nftables_family" selector="inet"/>
    <refine-value idref="xccdf_org.ssgproject.content_value_var_nftables_table" selector="filter"/>
    <refine-value idref="xccdf_org.ssgproject.content_value_var_nftables_base_chain_names" selector="chain_names"/>
    <refine-value idref="xccdf_org.ssgproject.content_value_var_nftables_base_chain_types" selector="chain_types"/>
    <refine-value idref="xccdf_org.ssgproject.content_value_var_nftables_base_chain_hooks" selector="chain_hooks"/>
    <refine-value idref="xccdf_org.ssgproject.content_value_var_nftables_base_chain_priorities" selector="chain_priorities"/>
    <refine-value idref="xccdf_org.ssgproject.content_value_var_nftables_base_chain_policies" selector="chain_policies"/>
    <refine-value idref="xccdf_org.ssgproject.content_value_var_nftables_master_config_file" selector="sysconfig"/>
    <refine-value idref="xccdf_org.ssgproject.content_value_var_auditd_max_log_file" selector="6"/>
    <refine-value idref="xccdf_org.ssgproject.content_value_var_auditd_space_left_action" selector="email"/>
    <refine-value idref="xccdf_org.ssgproject.content_value_var_auditd_action_mail_acct" selector="root"/>
    <refine-value idref="xccdf_org.ssgproject.content_value_sshd_max_auth_tries_value" selector="4"/>
    <refine-value idref="xccdf_org.ssgproject.content_value_sshd_approved_ciphers" selector="cis_sle15"/>
    <refine-value idref="xccdf_org.ssgproject.content_value_sshd_approved_macs" selector="cis_sle15"/>
    <refine-value idref="xccdf_org.ssgproject.content_value_sshd_strong_kex" selector="cis_sle15"/>
    <refine-value idref="xccdf_org.ssgproject.content_value_var_sshd_set_login_grace_time" selector="60"/>
    <refine-value idref="xccdf_org.ssgproject.content_value_var_sshd_set_maxstartups" selector="10:30:60"/>
    <refine-value idref="xccdf_org.ssgproject.content_value_var_password_pam_retry" selector="3"/>
    <refine-value idref="xccdf_org.ssgproject.content_value_var_accounts_passwords_pam_tally2_unlock_time" selector="1800"/>
    <refine-value idref="xccdf_org.ssgproject.content_value_var_password_pam_remember" selector="5"/>
    <refine-value idref="xccdf_org.ssgproject.content_value_var_accounts_password_warn_age_login_defs" selector="7"/>
    <refine-value idref="xccdf_org.ssgproject.content_value_var_accounts_user_umask" selector="027"/>
    <refine-value idref="xccdf_org.ssgproject.content_value_var_pam_wheel_group_for_su" selector="cis"/>
  </Profile>
  <Profile id="xccdf_org.ssgproject.content_profile_pcs-hardening">
    <version>V1R4</version>
    <title xmlns:xhtml="http://www.w3.org/1999/xhtml" xml:lang="en-US" override="true">Public Cloud Hardening for SUSE Linux Enterprise 15</title>
    <description xmlns:xhtml="http://www.w3.org/1999/xhtml" xml:lang="en-US" override="true">This profile contains configuration checks to be used to harden
SUSE Linux Enterprise 15 for use with public cloud providers.</description>
    <select idref="xccdf_org.ssgproject.content_rule_account_disable_post_pw_expiration" selected="true"/>
    <select idref="xccdf_org.ssgproject.content_rule_accounts_have_homedir_login_defs" selected="true"/>
    <select idref="xccdf_org.ssgproject.content_rule_accounts_maximum_age_login_defs" selected="true"/>
    <select idref="xccdf_org.ssgproject.content_rule_accounts_minimum_age_login_defs" selected="true"/>
    <select idref="xccdf_org.ssgproject.content_rule_accounts_password_pam_pwhistory_remember" selected="true"/>
    <select idref="xccdf_org.ssgproject.content_rule_accounts_password_set_max_life_existing" selected="true"/>
    <select idref="xccdf_org.ssgproject.content_rule_accounts_password_set_min_life_existing" selected="true"/>
    <select idref="xccdf_org.ssgproject.content_rule_accounts_passwords_pam_faildelay_delay" selected="true"/>
    <select idref="xccdf_org.ssgproject.content_rule_accounts_passwords_pam_tally2" selected="true"/>
    <select idref="xccdf_org.ssgproject.content_rule_accounts_tmout" selected="true"/>
    <select idref="xccdf_org.ssgproject.content_rule_accounts_umask_etc_login_defs" selected="true"/>
    <select idref="xccdf_org.ssgproject.content_rule_accounts_umask_etc_profile" selected="true"/>
    <select idref="xccdf_org.ssgproject.content_rule_aide_check_audit_tools" selected="true"/>
    <select idref="xccdf_org.ssgproject.content_rule_aide_periodic_checking_systemd_timer" selected="true"/>
    <select idref="xccdf_org.ssgproject.content_rule_aide_verify_acls" selected="true"/>
    <select idref="xccdf_org.ssgproject.content_rule_aide_verify_ext_attributes" selected="true"/>
    <select idref="xccdf_org.ssgproject.content_rule_audit_rules_dac_modification_chmod" selected="true"/>
    <select idref="xccdf_org.ssgproject.content_rule_audit_rules_dac_modification_chown" selected="true"/>
    <select idref="xccdf_org.ssgproject.content_rule_audit_rules_dac_modification_fchmod" selected="true"/>
    <select idref="xccdf_org.ssgproject.content_rule_audit_rules_dac_modification_fchmodat" selected="true"/>
    <select idref="xccdf_org.ssgproject.content_rule_audit_rules_dac_modification_fchown" selected="true"/>
    <select idref="xccdf_org.ssgproject.content_rule_audit_rules_dac_modification_fchownat" selected="true"/>
    <select idref="xccdf_org.ssgproject.content_rule_audit_rules_dac_modification_fremovexattr" selected="true"/>
    <select idref="xccdf_org.ssgproject.content_rule_audit_rules_dac_modification_fsetxattr" selected="true"/>
    <select idref="xccdf_org.ssgproject.content_rule_audit_rules_dac_modification_lchown" selected="true"/>
    <select idref="xccdf_org.ssgproject.content_rule_audit_rules_dac_modification_lremovexattr" selected="true"/>
    <select idref="xccdf_org.ssgproject.content_rule_audit_rules_dac_modification_lsetxattr" selected="true"/>
    <select idref="xccdf_org.ssgproject.content_rule_audit_rules_dac_modification_removexattr" selected="true"/>
    <select idref="xccdf_org.ssgproject.content_rule_audit_rules_dac_modification_setxattr" selected="true"/>
    <select idref="xccdf_org.ssgproject.content_rule_audit_rules_dac_modification_umount" selected="true"/>
    <select idref="xccdf_org.ssgproject.content_rule_audit_rules_dac_modification_umount2" selected="true"/>
    <select idref="xccdf_org.ssgproject.content_rule_audit_rules_enable_syscall_auditing" selected="true"/>
    <select idref="xccdf_org.ssgproject.content_rule_audit_rules_execution_chacl" selected="true"/>
    <select idref="xccdf_org.ssgproject.content_rule_audit_rules_execution_chcon" selected="true"/>
    <select idref="xccdf_org.ssgproject.content_rule_audit_rules_execution_chmod" selected="true"/>
    <select idref="xccdf_org.ssgproject.content_rule_audit_rules_execution_rm" selected="true"/>
    <select idref="xccdf_org.ssgproject.content_rule_audit_rules_execution_setfacl" selected="true"/>
    <select idref="xccdf_org.ssgproject.content_rule_audit_rules_file_deletion_events_rename" selected="true"/>
    <select idref="xccdf_org.ssgproject.content_rule_audit_rules_file_deletion_events_renameat" selected="true"/>
    <select idref="xccdf_org.ssgproject.content_rule_audit_rules_file_deletion_events_unlink" selected="true"/>
    <select idref="xccdf_org.ssgproject.content_rule_audit_rules_file_deletion_events_unlinkat" selected="true"/>
    <select idref="xccdf_org.ssgproject.content_rule_audit_rules_immutable" selected="true"/>
    <select idref="xccdf_org.ssgproject.content_rule_audit_rules_kernel_module_loading_delete" selected="true"/>
    <select idref="xccdf_org.ssgproject.content_rule_audit_rules_kernel_module_loading_finit" selected="true"/>
    <select idref="xccdf_org.ssgproject.content_rule_audit_rules_kernel_module_loading_init" selected="true"/>
    <select idref="xccdf_org.ssgproject.content_rule_audit_rules_login_events_faillock" selected="true"/>
    <select idref="xccdf_org.ssgproject.content_rule_audit_rules_login_events_lastlog" selected="true"/>
    <select idref="xccdf_org.ssgproject.content_rule_audit_rules_login_events_tallylog" selected="true"/>
    <select idref="xccdf_org.ssgproject.content_rule_audit_rules_mac_modification" selected="true"/>
    <select idref="xccdf_org.ssgproject.content_rule_audit_rules_media_export" selected="true"/>
    <select idref="xccdf_org.ssgproject.content_rule_audit_rules_networkconfig_modification" selected="true"/>
    <select idref="xccdf_org.ssgproject.content_rule_audit_rules_privileged_commands_chage" selected="true"/>
    <select idref="xccdf_org.ssgproject.content_rule_audit_rules_privileged_commands_chfn" selected="true"/>
    <select idref="xccdf_org.ssgproject.content_rule_audit_rules_privileged_commands_chsh" selected="true"/>
    <select idref="xccdf_org.ssgproject.content_rule_audit_rules_privileged_commands_crontab" selected="true"/>
    <select idref="xccdf_org.ssgproject.content_rule_audit_rules_privileged_commands_gpasswd" selected="true"/>
    <select idref="xccdf_org.ssgproject.content_rule_audit_rules_privileged_commands_insmod" selected="true"/>
    <select idref="xccdf_org.ssgproject.content_rule_audit_rules_privileged_commands_kmod" selected="true"/>
    <select idref="xccdf_org.ssgproject.content_rule_audit_rules_privileged_commands_modprobe" selected="true"/>
    <select idref="xccdf_org.ssgproject.content_rule_audit_rules_privileged_commands_newgrp" selected="true"/>
    <select idref="xccdf_org.ssgproject.content_rule_audit_rules_privileged_commands_pam_timestamp_check" selected="true"/>
    <select idref="xccdf_org.ssgproject.content_rule_audit_rules_privileged_commands_passmass" selected="true"/>
    <select idref="xccdf_org.ssgproject.content_rule_audit_rules_privileged_commands_passwd" selected="true"/>
    <select idref="xccdf_org.ssgproject.content_rule_audit_rules_privileged_commands_rmmod" selected="true"/>
    <select idref="xccdf_org.ssgproject.content_rule_audit_rules_privileged_commands_ssh_agent" selected="true"/>
    <select idref="xccdf_org.ssgproject.content_rule_audit_rules_privileged_commands_ssh_keysign" selected="true"/>
    <select idref="xccdf_org.ssgproject.content_rule_audit_rules_privileged_commands_su" selected="true"/>
    <select idref="xccdf_org.ssgproject.content_rule_audit_rules_privileged_commands_sudo" selected="true"/>
    <select idref="xccdf_org.ssgproject.content_rule_audit_rules_privileged_commands_sudoedit" selected="true"/>
    <select idref="xccdf_org.ssgproject.content_rule_audit_rules_privileged_commands_unix2_chkpwd" selected="true"/>
    <select idref="xccdf_org.ssgproject.content_rule_audit_rules_privileged_commands_unix_chkpwd" selected="true"/>
    <select idref="xccdf_org.ssgproject.content_rule_audit_rules_privileged_commands_usermod" selected="true"/>
    <select idref="xccdf_org.ssgproject.content_rule_audit_rules_session_events" selected="true"/>
    <select idref="xccdf_org.ssgproject.content_rule_audit_rules_session_events_btmp" selected="true"/>
    <select idref="xccdf_org.ssgproject.content_rule_audit_rules_session_events_utmp" selected="true"/>
    <select idref="xccdf_org.ssgproject.content_rule_audit_rules_session_events_wtmp" selected="true"/>
    <select idref="xccdf_org.ssgproject.content_rule_audit_rules_suid_privilege_function" selected="true"/>
    <select idref="xccdf_org.ssgproject.content_rule_audit_rules_sysadmin_actions" selected="true"/>
    <select idref="xccdf_org.ssgproject.content_rule_audit_rules_time_adjtimex" selected="true"/>
    <select idref="xccdf_org.ssgproject.content_rule_audit_rules_time_clock_settime" selected="true"/>
    <select idref="xccdf_org.ssgproject.content_rule_audit_rules_time_settimeofday" selected="true"/>
    <select idref="xccdf_org.ssgproject.content_rule_audit_rules_time_stime" selected="true"/>
    <select idref="xccdf_org.ssgproject.content_rule_audit_rules_time_watch_localtime" selected="true"/>
    <select idref="xccdf_org.ssgproject.content_rule_audit_rules_unsuccessful_file_modification_creat" selected="true"/>
    <select idref="xccdf_org.ssgproject.content_rule_audit_rules_unsuccessful_file_modification_ftruncate" selected="true"/>
    <select idref="xccdf_org.ssgproject.content_rule_audit_rules_unsuccessful_file_modification_open" selected="true"/>
    <select idref="xccdf_org.ssgproject.content_rule_audit_rules_unsuccessful_file_modification_open_by_handle_at" selected="true"/>
    <select idref="xccdf_org.ssgproject.content_rule_audit_rules_unsuccessful_file_modification_openat" selected="true"/>
    <select idref="xccdf_org.ssgproject.content_rule_audit_rules_unsuccessful_file_modification_rename" selected="true"/>
    <select idref="xccdf_org.ssgproject.content_rule_audit_rules_unsuccessful_file_modification_renameat" selected="true"/>
    <select idref="xccdf_org.ssgproject.content_rule_audit_rules_unsuccessful_file_modification_renameat2" selected="true"/>
    <select idref="xccdf_org.ssgproject.content_rule_audit_rules_unsuccessful_file_modification_truncate" selected="true"/>
    <select idref="xccdf_org.ssgproject.content_rule_audit_rules_unsuccessful_file_modification_unlink" selected="true"/>
    <select idref="xccdf_org.ssgproject.content_rule_audit_rules_unsuccessful_file_modification_unlinkat" selected="true"/>
    <select idref="xccdf_org.ssgproject.content_rule_audit_rules_usergroup_modification_group" selected="true"/>
    <select idref="xccdf_org.ssgproject.content_rule_audit_rules_usergroup_modification_gshadow" selected="true"/>
    <select idref="xccdf_org.ssgproject.content_rule_audit_rules_usergroup_modification_opasswd" selected="true"/>
    <select idref="xccdf_org.ssgproject.content_rule_audit_rules_usergroup_modification_passwd" selected="true"/>
    <select idref="xccdf_org.ssgproject.content_rule_audit_rules_usergroup_modification_shadow" selected="true"/>
    <select idref="xccdf_org.ssgproject.content_rule_auditd_audispd_encrypt_sent_records" selected="true"/>
    <select idref="xccdf_org.ssgproject.content_rule_auditd_data_disk_full_action" selected="true"/>
    <select idref="xccdf_org.ssgproject.content_rule_auditd_data_retention_admin_space_left_action" selected="true"/>
    <select idref="xccdf_org.ssgproject.content_rule_auditd_data_retention_max_log_file_action" selected="true"/>
    <select idref="xccdf_org.ssgproject.content_rule_auditd_data_retention_space_left" selected="true"/>
    <select idref="xccdf_org.ssgproject.content_rule_auditd_data_retention_space_left_action" selected="true"/>
    <select idref="xccdf_org.ssgproject.content_rule_banner_etc_issue" selected="true"/>
    <select idref="xccdf_org.ssgproject.content_rule_banner_etc_motd" selected="true"/>
    <select idref="xccdf_org.ssgproject.content_rule_chronyd_run_as_chrony_user" selected="true"/>
    <select idref="xccdf_org.ssgproject.content_rule_cracklib_accounts_password_pam_dcredit" selected="true"/>
    <select idref="xccdf_org.ssgproject.content_rule_cracklib_accounts_password_pam_difok" selected="true"/>
    <select idref="xccdf_org.ssgproject.content_rule_cracklib_accounts_password_pam_lcredit" selected="true"/>
    <select idref="xccdf_org.ssgproject.content_rule_cracklib_accounts_password_pam_minlen" selected="true"/>
    <select idref="xccdf_org.ssgproject.content_rule_cracklib_accounts_password_pam_ocredit" selected="true"/>
    <select idref="xccdf_org.ssgproject.content_rule_cracklib_accounts_password_pam_retry" selected="true"/>
    <select idref="xccdf_org.ssgproject.content_rule_cracklib_accounts_password_pam_ucredit" selected="true"/>
    <select idref="xccdf_org.ssgproject.content_rule_disable_ctrlaltdel_burstaction" selected="true"/>
    <select idref="xccdf_org.ssgproject.content_rule_disable_users_coredumps" selected="true"/>
    <select idref="xccdf_org.ssgproject.content_rule_display_login_attempts" selected="true"/>
    <select idref="xccdf_org.ssgproject.content_rule_ensure_gpgcheck_globally_activated" selected="true"/>
    <select idref="xccdf_org.ssgproject.content_rule_file_etc_security_opasswd" selected="true"/>
    <select idref="xccdf_org.ssgproject.content_rule_file_groupowner_etc_issue" selected="true"/>
    <select idref="xccdf_org.ssgproject.content_rule_file_groupownership_system_commands_dirs" selected="true"/>
    <select idref="xccdf_org.ssgproject.content_rule_file_owner_etc_issue" selected="true"/>
    <select idref="xccdf_org.ssgproject.content_rule_file_permissions_backup_etc_shadow" selected="true"/>
    <select idref="xccdf_org.ssgproject.content_rule_file_permissions_cron_d" selected="true"/>
    <select idref="xccdf_org.ssgproject.content_rule_file_permissions_cron_daily" selected="true"/>
    <select idref="xccdf_org.ssgproject.content_rule_file_permissions_cron_hourly" selected="true"/>
    <select idref="xccdf_org.ssgproject.content_rule_file_permissions_cron_monthly" selected="true"/>
    <select idref="xccdf_org.ssgproject.content_rule_file_permissions_cron_weekly" selected="true"/>
    <select idref="xccdf_org.ssgproject.content_rule_file_permissions_etc_shadow" selected="true"/>
    <select idref="xccdf_org.ssgproject.content_rule_file_permissions_home_directories" selected="true"/>
    <select idref="xccdf_org.ssgproject.content_rule_file_permissions_sshd_config" selected="true"/>
    <select idref="xccdf_org.ssgproject.content_rule_journald_compress" selected="true"/>
    <select idref="xccdf_org.ssgproject.content_rule_journald_storage" selected="true"/>
    <select idref="xccdf_org.ssgproject.content_rule_kernel_module_dccp_disabled" selected="true"/>
    <select idref="xccdf_org.ssgproject.content_rule_kernel_module_sctp_disabled" selected="true"/>
    <select idref="xccdf_org.ssgproject.content_rule_kernel_module_squashfs_disabled" selected="true"/>
    <select idref="xccdf_org.ssgproject.content_rule_kernel_module_udf_disabled" selected="true"/>
    <select idref="xccdf_org.ssgproject.content_rule_kernel_module_usb-storage_disabled" selected="true"/>
    <select idref="xccdf_org.ssgproject.content_rule_no_direct_root_logins" selected="true"/>
    <select idref="xccdf_org.ssgproject.content_rule_set_password_hashing_algorithm_commonauth" selected="true"/>
    <select idref="xccdf_org.ssgproject.content_rule_set_password_hashing_algorithm_systemauth" selected="true"/>
    <select idref="xccdf_org.ssgproject.content_rule_smartcard_configure_ca" selected="true"/>
    <select idref="xccdf_org.ssgproject.content_rule_smartcard_configure_cert_checking" selected="true"/>
    <select idref="xccdf_org.ssgproject.content_rule_sshd_disable_root_login" selected="true"/>
    <select idref="xccdf_org.ssgproject.content_rule_sshd_disable_tcp_forwarding" selected="true"/>
    <select idref="xccdf_org.ssgproject.content_rule_sshd_disable_user_known_hosts" selected="true"/>
    <select idref="xccdf_org.ssgproject.content_rule_sshd_disable_x11_forwarding" selected="true"/>
    <select idref="xccdf_org.ssgproject.content_rule_sshd_enable_warning_banner" selected="true"/>
    <select idref="xccdf_org.ssgproject.content_rule_sshd_set_idle_timeout" selected="true"/>
    <select idref="xccdf_org.ssgproject.content_rule_sshd_set_keepalive_0" selected="true"/>
    <select idref="xccdf_org.ssgproject.content_rule_sshd_set_login_grace_time" selected="true"/>
    <select idref="xccdf_org.ssgproject.content_rule_sshd_set_loglevel_verbose" selected="true"/>
    <select idref="xccdf_org.ssgproject.content_rule_sshd_set_max_auth_tries" selected="true"/>
    <select idref="xccdf_org.ssgproject.content_rule_sshd_set_max_sessions" selected="true"/>
    <select idref="xccdf_org.ssgproject.content_rule_sshd_set_maxstartups" selected="true"/>
    <select idref="xccdf_org.ssgproject.content_rule_sshd_use_approved_ciphers" selected="true"/>
    <select idref="xccdf_org.ssgproject.content_rule_sshd_use_approved_ciphers_ordered_stig" selected="true"/>
    <select idref="xccdf_org.ssgproject.content_rule_sshd_use_approved_macs" selected="true"/>
    <select idref="xccdf_org.ssgproject.content_rule_sshd_use_approved_macs_ordered_stig" selected="true"/>
    <select idref="xccdf_org.ssgproject.content_rule_sudo_add_use_pty" selected="true"/>
    <select idref="xccdf_org.ssgproject.content_rule_sudo_custom_logfile" selected="true"/>
    <select idref="xccdf_org.ssgproject.content_group_apparmor" selected="false"/>
    <select idref="xccdf_org.ssgproject.content_group_avahi" selected="false"/>
    <select idref="xccdf_org.ssgproject.content_group_avahi_configuration" selected="false"/>
    <select idref="xccdf_org.ssgproject.content_group_base" selected="false"/>
    <select idref="xccdf_org.ssgproject.content_group_bootloader-grub2" selected="false"/>
    <select idref="xccdf_org.ssgproject.content_group_certified-vendor" selected="false"/>
    <select idref="xccdf_org.ssgproject.content_group_configuring_ipv6" selected="false"/>
    <select idref="xccdf_org.ssgproject.content_group_console_screen_locking" selected="false"/>
    <select idref="xccdf_org.ssgproject.content_group_crypto" selected="false"/>
    <select idref="xccdf_org.ssgproject.content_group_deprecated" selected="false"/>
    <select idref="xccdf_org.ssgproject.content_group_dhcp" selected="false"/>
    <select idref="xccdf_org.ssgproject.content_group_dhcp_client_configuration" selected="false"/>
    <select idref="xccdf_org.ssgproject.content_group_dhcp_server_configuration" selected="false"/>
    <select idref="xccdf_org.ssgproject.content_group_disable_avahi_group" selected="false"/>
    <select idref="xccdf_org.ssgproject.content_group_disabling_cyrus-imapd" selected="false"/>
    <select idref="xccdf_org.ssgproject.content_group_disabling_dhcp_client" selected="false"/>
    <select idref="xccdf_org.ssgproject.content_group_disabling_dhcp_server" selected="false"/>
    <select idref="xccdf_org.ssgproject.content_group_disabling_dns_server" selected="false"/>
    <select idref="xccdf_org.ssgproject.content_group_disabling_dovecot" selected="false"/>
    <select idref="xccdf_org.ssgproject.content_group_disabling_httpd" selected="false"/>
    <select idref="xccdf_org.ssgproject.content_group_disabling_ipv6" selected="false"/>
    <select idref="xccdf_org.ssgproject.content_group_disabling_netfs" selected="false"/>
    <select idref="xccdf_org.ssgproject.content_group_disabling_nfs" selected="false"/>
    <select idref="xccdf_org.ssgproject.content_group_disabling_nfs_services" selected="false"/>
    <select idref="xccdf_org.ssgproject.content_group_disabling_nfsd" selected="false"/>
    <select idref="xccdf_org.ssgproject.content_group_disabling_quagga" selected="false"/>
    <select idref="xccdf_org.ssgproject.content_group_disabling_samba" selected="false"/>
    <select idref="xccdf_org.ssgproject.content_group_disabling_snmp_service" selected="false"/>
    <select idref="xccdf_org.ssgproject.content_group_disabling_squid" selected="false"/>
    <select idref="xccdf_org.ssgproject.content_group_disabling_vsftpd" selected="false"/>
    <select idref="xccdf_org.ssgproject.content_group_disabling_xwindows" selected="false"/>
    <select idref="xccdf_org.ssgproject.content_group_disk_partitioning" selected="false"/>
    <select idref="xccdf_org.ssgproject.content_group_dns" selected="false"/>
    <select idref="xccdf_org.ssgproject.content_group_enable_execshield_settings" selected="false"/>
    <select idref="xccdf_org.ssgproject.content_group_enable_nx" selected="false"/>
    <select idref="xccdf_org.ssgproject.content_group_endpoint_security_software" selected="false"/>
    <select idref="xccdf_org.ssgproject.content_group_ensure_rsyslog_log_file_configuration" selected="false"/>
    <select idref="xccdf_org.ssgproject.content_group_entropy" selected="false"/>
    <select idref="xccdf_org.ssgproject.content_group_fapolicyd" selected="false"/>
    <select idref="xccdf_org.ssgproject.content_group_file_permissions_auditd" selected="false"/>
    <select idref="xccdf_org.ssgproject.content_group_fips" selected="false"/>
    <select idref="xccdf_org.ssgproject.content_group_firewalld_activation" selected="false"/>
    <select idref="xccdf_org.ssgproject.content_group_firewalld_deactivation" selected="false"/>
    <select idref="xccdf_org.ssgproject.content_group_ftp" selected="false"/>
    <select idref="xccdf_org.ssgproject.content_group_ftp_configure_vsftpd" selected="false"/>
    <select idref="xccdf_org.ssgproject.content_group_ftp_restrict_users" selected="false"/>
    <select idref="xccdf_org.ssgproject.content_group_gnome" selected="false"/>
    <select idref="xccdf_org.ssgproject.content_group_gnome_login_screen" selected="false"/>
    <select idref="xccdf_org.ssgproject.content_group_gnome_media_settings" selected="false"/>
    <select idref="xccdf_org.ssgproject.content_group_gnome_remote_access_settings" selected="false"/>
    <select idref="xccdf_org.ssgproject.content_group_gnome_screen_locking" selected="false"/>
    <select idref="xccdf_org.ssgproject.content_group_gui_login_banner" selected="false"/>
    <select idref="xccdf_org.ssgproject.content_group_http" selected="false"/>
    <select idref="xccdf_org.ssgproject.content_group_imap" selected="false"/>
    <select idref="xccdf_org.ssgproject.content_group_inetd_and_xinetd" selected="false"/>
    <select idref="xccdf_org.ssgproject.content_group_iptables_activation" selected="false"/>
    <select idref="xccdf_org.ssgproject.content_group_iptables_ruleset_modifications" selected="false"/>
    <select idref="xccdf_org.ssgproject.content_group_kernel_build_config" selected="false"/>
    <select idref="xccdf_org.ssgproject.content_group_ldap" selected="false"/>
    <select idref="xccdf_org.ssgproject.content_group_log_rotation" selected="false"/>
    <select idref="xccdf_org.ssgproject.content_group_mail" selected="false"/>
    <select idref="xccdf_org.ssgproject.content_group_mcafee_endpoint_security_software" selected="false"/>
    <select idref="xccdf_org.ssgproject.content_group_mcafee_security_software" selected="false"/>
    <select idref="xccdf_org.ssgproject.content_group_mounting_remote_filesystems" selected="false"/>
    <select idref="xccdf_org.ssgproject.content_group_network-firewalld" selected="false"/>
    <select idref="xccdf_org.ssgproject.content_group_network-ipsec" selected="false"/>
    <select idref="xccdf_org.ssgproject.content_group_network-iptables" selected="false"/>
    <select idref="xccdf_org.ssgproject.content_group_network-ipv6" selected="false"/>
    <select idref="xccdf_org.ssgproject.content_group_network-kernel" selected="false"/>
    <select idref="xccdf_org.ssgproject.content_group_network-nftables" selected="false"/>
    <select idref="xccdf_org.ssgproject.content_group_network-ufw" selected="false"/>
    <select idref="xccdf_org.ssgproject.content_group_network-wireless" selected="false"/>
    <select idref="xccdf_org.ssgproject.content_group_network_host_and_router_parameters" selected="false"/>
    <select idref="xccdf_org.ssgproject.content_group_network_host_parameters" selected="false"/>
    <select idref="xccdf_org.ssgproject.content_group_nfs_and_rpc" selected="false"/>
    <select idref="xccdf_org.ssgproject.content_group_nfs_configuring_clients" selected="false"/>
    <select idref="xccdf_org.ssgproject.content_group_nfs_configuring_servers" selected="false"/>
    <select idref="xccdf_org.ssgproject.content_group_nis" selected="false"/>
    <select idref="xccdf_org.ssgproject.content_group_non-uefi" selected="false"/>
    <select idref="xccdf_org.ssgproject.content_group_obsolete" selected="false"/>
    <select idref="xccdf_org.ssgproject.content_group_openldap_client" selected="false"/>
    <select idref="xccdf_org.ssgproject.content_group_openldap_server" selected="false"/>
    <select idref="xccdf_org.ssgproject.content_group_partitions" selected="false"/>
    <select idref="xccdf_org.ssgproject.content_group_password_quality_pwquality" selected="false"/>
    <select idref="xccdf_org.ssgproject.content_group_password_storage" selected="false"/>
    <select idref="xccdf_org.ssgproject.content_group_permissions_local" selected="false"/>
    <select idref="xccdf_org.ssgproject.content_group_permissions_var_log_dir" selected="false"/>
    <select idref="xccdf_org.ssgproject.content_group_poisoning" selected="false"/>
    <select idref="xccdf_org.ssgproject.content_group_postfix_client" selected="false"/>
    <select idref="xccdf_org.ssgproject.content_group_printing" selected="false"/>
    <select idref="xccdf_org.ssgproject.content_group_proxy" selected="false"/>
    <select idref="xccdf_org.ssgproject.content_group_r_services" selected="false"/>
    <select idref="xccdf_org.ssgproject.content_group_restrict_at_cron_users" selected="false"/>
    <select idref="xccdf_org.ssgproject.content_group_root_paths" selected="false"/>
    <select idref="xccdf_org.ssgproject.content_group_routing" selected="false"/>
    <select idref="xccdf_org.ssgproject.content_group_rpm_verification" selected="false"/>
    <select idref="xccdf_org.ssgproject.content_group_rsyslog_accepting_remote_messages" selected="false"/>
    <select idref="xccdf_org.ssgproject.content_group_rsyslog_sending_messages" selected="false"/>
    <select idref="xccdf_org.ssgproject.content_group_ruleset_modifications" selected="false"/>
    <select idref="xccdf_org.ssgproject.content_group_selinux" selected="false"/>
    <select idref="xccdf_org.ssgproject.content_group_selinux-booleans" selected="false"/>
    <select idref="xccdf_org.ssgproject.content_group_smb" selected="false"/>
    <select idref="xccdf_org.ssgproject.content_group_snmp" selected="false"/>
    <select idref="xccdf_org.ssgproject.content_group_sssd" selected="false"/>
    <select idref="xccdf_org.ssgproject.content_group_sssd-ldap" selected="false"/>
    <select idref="xccdf_org.ssgproject.content_group_system-tools" selected="false"/>
    <select idref="xccdf_org.ssgproject.content_group_talk" selected="false"/>
    <select idref="xccdf_org.ssgproject.content_group_telnet" selected="false"/>
    <select idref="xccdf_org.ssgproject.content_group_tftp" selected="false"/>
    <select idref="xccdf_org.ssgproject.content_group_uefi" selected="false"/>
    <select idref="xccdf_org.ssgproject.content_group_wireless_software" selected="false"/>
    <select idref="xccdf_org.ssgproject.content_group_xwindows" selected="false"/>
    <refine-value idref="xccdf_org.ssgproject.content_value_var_account_disable_post_pw_expiration" selector="35"/>
    <refine-value idref="xccdf_org.ssgproject.content_value_var_accounts_fail_delay" selector="4"/>
    <refine-value idref="xccdf_org.ssgproject.content_value_var_accounts_tmout" selector="15_min"/>
    <refine-value idref="xccdf_org.ssgproject.content_value_inactivity_timeout_value" selector="15_minutes"/>
    <refine-value idref="xccdf_org.ssgproject.content_value_var_password_pam_dcredit" selector="1"/>
    <refine-value idref="xccdf_org.ssgproject.content_value_var_password_pam_lcredit" selector="1"/>
    <refine-value idref="xccdf_org.ssgproject.content_value_var_password_pam_minlen" selector="15"/>
    <refine-value idref="xccdf_org.ssgproject.content_value_var_password_pam_ocredit" selector="1"/>
    <refine-value idref="xccdf_org.ssgproject.content_value_var_password_pam_ucredit" selector="1"/>
    <refine-value idref="xccdf_org.ssgproject.content_value_sshd_idle_timeout_value" selector="10_minutes"/>
    <refine-value idref="xccdf_org.ssgproject.content_value_var_sudo_timestamp_timeout" selector="always_prompt"/>
    <refine-value idref="xccdf_org.ssgproject.content_value_var_password_pam_unix_remember" selector="5"/>
    <refine-value idref="xccdf_org.ssgproject.content_value_var_accounts_maximum_age_login_defs" selector="60"/>
    <refine-value idref="xccdf_org.ssgproject.content_value_var_password_pam_delay" selector="4000000"/>
    <refine-value idref="xccdf_org.ssgproject.content_value_login_banner_text" selector="cis_banners"/>
    <refine-value idref="xccdf_org.ssgproject.content_value_var_removable_partition" selector="dev_cdrom"/>
    <refine-value idref="xccdf_org.ssgproject.content_value_var_sssd_memcache_timeout" selector="1_day"/>
    <refine-value idref="xccdf_org.ssgproject.content_value_var_time_service_set_maxpoll" selector="18_hours"/>
    <refine-value idref="xccdf_org.ssgproject.content_value_var_accounts_minimum_age_login_defs" selector="7"/>
    <refine-value idref="xccdf_org.ssgproject.content_value_var_accounts_max_concurrent_login_sessions" selector="10"/>
    <refine-value idref="xccdf_org.ssgproject.content_value_var_auditd_disk_full_action" selector="syslog"/>
    <refine-value idref="xccdf_org.ssgproject.content_value_var_sshd_set_keepalive" selector="0"/>
    <refine-value idref="xccdf_org.ssgproject.content_value_var_sshd_max_sessions" selector="10"/>
    <refine-value idref="xccdf_org.ssgproject.content_value_var_auditd_admin_space_left_action" selector="halt"/>
    <refine-value idref="xccdf_org.ssgproject.content_value_var_auditd_max_log_file_action" selector="keep_logs"/>
    <refine-value idref="xccdf_org.ssgproject.content_value_var_password_pam_tally2" selector="5"/>
  </Profile>
  <Profile id="xccdf_org.ssgproject.content_profile_standard">
    <title xmlns:xhtml="http://www.w3.org/1999/xhtml" xml:lang="en-US" override="true">Standard System Security Profile for SUSE Linux Enterprise 15</title>
    <description xmlns:xhtml="http://www.w3.org/1999/xhtml" xml:lang="en-US" override="true">This profile contains rules to ensure standard security baseline
of a SUSE Linux Enterprise 15 system based off of the SUSE
Hardening Guide. Regardless of your system's workload all of
these checks should pass.</description>
    <select idref="xccdf_org.ssgproject.content_rule_accounts_have_homedir_login_defs" selected="true"/>
    <select idref="xccdf_org.ssgproject.content_rule_accounts_logon_fail_delay" selected="true"/>
    <select idref="xccdf_org.ssgproject.content_rule_accounts_max_concurrent_login_sessions" selected="true"/>
    <select idref="xccdf_org.ssgproject.content_rule_accounts_password_minlen_login_defs" selected="true"/>
    <select idref="xccdf_org.ssgproject.content_rule_accounts_tmout" selected="true"/>
    <select idref="xccdf_org.ssgproject.content_rule_audit_rules_dac_modification_chmod" selected="true"/>
    <select idref="xccdf_org.ssgproject.content_rule_audit_rules_dac_modification_chown" selected="true"/>
    <select idref="xccdf_org.ssgproject.content_rule_audit_rules_dac_modification_fchmod" selected="true"/>
    <select idref="xccdf_org.ssgproject.content_rule_audit_rules_dac_modification_fchmodat" selected="true"/>
    <select idref="xccdf_org.ssgproject.content_rule_audit_rules_dac_modification_fchown" selected="true"/>
    <select idref="xccdf_org.ssgproject.content_rule_audit_rules_dac_modification_fchownat" selected="true"/>
    <select idref="xccdf_org.ssgproject.content_rule_audit_rules_dac_modification_fremovexattr" selected="true"/>
    <select idref="xccdf_org.ssgproject.content_rule_audit_rules_dac_modification_fsetxattr" selected="true"/>
    <select idref="xccdf_org.ssgproject.content_rule_audit_rules_dac_modification_lchown" selected="true"/>
    <select idref="xccdf_org.ssgproject.content_rule_audit_rules_dac_modification_lremovexattr" selected="true"/>
    <select idref="xccdf_org.ssgproject.content_rule_audit_rules_dac_modification_lsetxattr" selected="true"/>
    <select idref="xccdf_org.ssgproject.content_rule_audit_rules_dac_modification_removexattr" selected="true"/>
    <select idref="xccdf_org.ssgproject.content_rule_audit_rules_dac_modification_setxattr" selected="true"/>
    <select idref="xccdf_org.ssgproject.content_rule_audit_rules_file_deletion_events" selected="true"/>
    <select idref="xccdf_org.ssgproject.content_rule_audit_rules_file_deletion_events_rmdir" selected="true"/>
    <select idref="xccdf_org.ssgproject.content_rule_audit_rules_file_deletion_events_unlink" selected="true"/>
    <select idref="xccdf_org.ssgproject.content_rule_audit_rules_file_deletion_events_unlinkat" selected="true"/>
    <select idref="xccdf_org.ssgproject.content_rule_audit_rules_kernel_module_loading_finit" selected="true"/>
    <select idref="xccdf_org.ssgproject.content_rule_audit_rules_kernel_module_loading_init" selected="true"/>
    <select idref="xccdf_org.ssgproject.content_rule_audit_rules_mac_modification" selected="true"/>
    <select idref="xccdf_org.ssgproject.content_rule_audit_rules_media_export" selected="true"/>
    <select idref="xccdf_org.ssgproject.content_rule_audit_rules_networkconfig_modification" selected="true"/>
    <select idref="xccdf_org.ssgproject.content_rule_audit_rules_privileged_commands" selected="true"/>
    <select idref="xccdf_org.ssgproject.content_rule_audit_rules_successful_file_modification_chmod" selected="true"/>
    <select idref="xccdf_org.ssgproject.content_rule_audit_rules_sysadmin_actions" selected="true"/>
    <select idref="xccdf_org.ssgproject.content_rule_audit_rules_time_adjtimex" selected="true"/>
    <select idref="xccdf_org.ssgproject.content_rule_audit_rules_time_clock_settime" selected="true"/>
    <select idref="xccdf_org.ssgproject.content_rule_audit_rules_time_settimeofday" selected="true"/>
    <select idref="xccdf_org.ssgproject.content_rule_audit_rules_time_stime" selected="true"/>
    <select idref="xccdf_org.ssgproject.content_rule_audit_rules_time_watch_localtime" selected="true"/>
    <select idref="xccdf_org.ssgproject.content_rule_audit_rules_unsuccessful_file_modification" selected="true"/>
    <select idref="xccdf_org.ssgproject.content_rule_audit_rules_usergroup_modification" selected="true"/>
    <select idref="xccdf_org.ssgproject.content_rule_display_login_attempts" selected="true"/>
    <select idref="xccdf_org.ssgproject.content_rule_ensure_logrotate_activated" selected="true"/>
    <select idref="xccdf_org.ssgproject.content_rule_file_group_ownership_var_log_audit" selected="true"/>
    <select idref="xccdf_org.ssgproject.content_rule_file_groupowner_etc_group" selected="true"/>
    <select idref="xccdf_org.ssgproject.content_rule_file_groupowner_etc_gshadow" selected="true"/>
    <select idref="xccdf_org.ssgproject.content_rule_file_groupowner_etc_passwd" selected="true"/>
    <select idref="xccdf_org.ssgproject.content_rule_file_groupowner_etc_shadow" selected="true"/>
    <select idref="xccdf_org.ssgproject.content_rule_file_owner_etc_group" selected="true"/>
    <select idref="xccdf_org.ssgproject.content_rule_file_owner_etc_gshadow" selected="true"/>
    <select idref="xccdf_org.ssgproject.content_rule_file_owner_etc_passwd" selected="true"/>
    <select idref="xccdf_org.ssgproject.content_rule_file_owner_etc_shadow" selected="true"/>
    <select idref="xccdf_org.ssgproject.content_rule_file_permissions_etc_group" selected="true"/>
    <select idref="xccdf_org.ssgproject.content_rule_file_permissions_etc_gshadow" selected="true"/>
    <select idref="xccdf_org.ssgproject.content_rule_file_permissions_etc_passwd" selected="true"/>
    <select idref="xccdf_org.ssgproject.content_rule_file_permissions_etc_shadow" selected="true"/>
    <select idref="xccdf_org.ssgproject.content_rule_file_permissions_systemmap" selected="true"/>
    <select idref="xccdf_org.ssgproject.content_rule_installed_OS_is_vendor_supported" selected="true"/>
    <select idref="xccdf_org.ssgproject.content_rule_package_audit_installed" selected="true"/>
    <select idref="xccdf_org.ssgproject.content_rule_package_cron_installed" selected="true"/>
    <select idref="xccdf_org.ssgproject.content_rule_package_firewalld_installed" selected="true"/>
    <select idref="xccdf_org.ssgproject.content_rule_package_httpd_removed" selected="true"/>
    <select idref="xccdf_org.ssgproject.content_rule_package_inetutils-telnetd_removed" selected="true"/>
    <select idref="xccdf_org.ssgproject.content_rule_package_nis_removed" selected="true"/>
    <select idref="xccdf_org.ssgproject.content_rule_package_ntp_installed" selected="true"/>
    <select idref="xccdf_org.ssgproject.content_rule_package_ntpdate_removed" selected="true"/>
    <select idref="xccdf_org.ssgproject.content_rule_package_openssh_installed" selected="true"/>
    <select idref="xccdf_org.ssgproject.content_rule_package_rsyslog_installed" selected="true"/>
    <select idref="xccdf_org.ssgproject.content_rule_package_telnetd-ssl_removed" selected="true"/>
    <select idref="xccdf_org.ssgproject.content_rule_package_telnetd_removed" selected="true"/>
    <select idref="xccdf_org.ssgproject.content_rule_partition_for_home" selected="true"/>
    <select idref="xccdf_org.ssgproject.content_rule_partition_for_tmp" selected="true"/>
    <select idref="xccdf_org.ssgproject.content_rule_partition_for_var" selected="true"/>
    <select idref="xccdf_org.ssgproject.content_rule_partition_for_var_log" selected="true"/>
    <select idref="xccdf_org.ssgproject.content_rule_partition_for_var_log_audit" selected="true"/>
    <select idref="xccdf_org.ssgproject.content_rule_rsyslog_files_groupownership" selected="true"/>
    <select idref="xccdf_org.ssgproject.content_rule_rsyslog_files_ownership" selected="true"/>
    <select idref="xccdf_org.ssgproject.content_rule_rsyslog_files_permissions" selected="true"/>
    <select idref="xccdf_org.ssgproject.content_rule_security_patches_up_to_date" selected="true"/>
    <select idref="xccdf_org.ssgproject.content_rule_service_auditd_enabled" selected="true"/>
    <select idref="xccdf_org.ssgproject.content_rule_service_cron_enabled" selected="true"/>
    <select idref="xccdf_org.ssgproject.content_rule_service_httpd_disabled" selected="true"/>
    <select idref="xccdf_org.ssgproject.content_rule_service_ntp_enabled" selected="true"/>
    <select idref="xccdf_org.ssgproject.content_rule_service_rsyslog_enabled" selected="true"/>
    <select idref="xccdf_org.ssgproject.content_rule_service_sshd_enabled" selected="true"/>
    <select idref="xccdf_org.ssgproject.content_rule_sshd_allow_only_protocol2" selected="true"/>
    <select idref="xccdf_org.ssgproject.content_rule_sshd_disable_empty_passwords" selected="true"/>
    <select idref="xccdf_org.ssgproject.content_rule_sshd_disable_root_login" selected="true"/>
    <select idref="xccdf_org.ssgproject.content_rule_sshd_enable_x11_forwarding" selected="true"/>
    <select idref="xccdf_org.ssgproject.content_rule_sshd_set_idle_timeout" selected="true"/>
    <select idref="xccdf_org.ssgproject.content_rule_sshd_set_keepalive_0" selected="true"/>
    <select idref="xccdf_org.ssgproject.content_rule_sshd_set_max_sessions" selected="true"/>
    <select idref="xccdf_org.ssgproject.content_rule_sysctl_fs_protected_hardlinks" selected="true"/>
    <select idref="xccdf_org.ssgproject.content_rule_sysctl_fs_protected_symlinks" selected="true"/>
    <select idref="xccdf_org.ssgproject.content_rule_sysctl_fs_suid_dumpable" selected="true"/>
    <select idref="xccdf_org.ssgproject.content_rule_sysctl_kernel_dmesg_restrict" selected="true"/>
    <select idref="xccdf_org.ssgproject.content_rule_sysctl_kernel_randomize_va_space" selected="true"/>
    <select idref="xccdf_org.ssgproject.content_rule_sysctl_net_ipv4_conf_all_accept_redirects" selected="true"/>
    <select idref="xccdf_org.ssgproject.content_rule_sysctl_net_ipv4_conf_all_accept_source_route" selected="true"/>
    <select idref="xccdf_org.ssgproject.content_rule_sysctl_net_ipv4_conf_all_log_martians" selected="true"/>
    <select idref="xccdf_org.ssgproject.content_rule_sysctl_net_ipv4_conf_all_rp_filter" selected="true"/>
    <select idref="xccdf_org.ssgproject.content_rule_sysctl_net_ipv4_conf_all_secure_redirects" selected="true"/>
    <select idref="xccdf_org.ssgproject.content_rule_sysctl_net_ipv4_conf_all_send_redirects" selected="true"/>
    <select idref="xccdf_org.ssgproject.content_rule_sysctl_net_ipv4_conf_default_accept_redirects" selected="true"/>
    <select idref="xccdf_org.ssgproject.content_rule_sysctl_net_ipv4_conf_default_accept_source_route" selected="true"/>
    <select idref="xccdf_org.ssgproject.content_rule_sysctl_net_ipv4_conf_default_log_martians" selected="true"/>
    <select idref="xccdf_org.ssgproject.content_rule_sysctl_net_ipv4_conf_default_rp_filter" selected="true"/>
    <select idref="xccdf_org.ssgproject.content_rule_sysctl_net_ipv4_conf_default_secure_redirects" selected="true"/>
    <select idref="xccdf_org.ssgproject.content_rule_sysctl_net_ipv4_conf_default_send_redirects" selected="true"/>
    <select idref="xccdf_org.ssgproject.content_rule_sysctl_net_ipv4_icmp_echo_ignore_broadcasts" selected="true"/>
    <select idref="xccdf_org.ssgproject.content_rule_sysctl_net_ipv4_icmp_ignore_bogus_error_responses" selected="true"/>
    <select idref="xccdf_org.ssgproject.content_rule_sysctl_net_ipv4_ip_forward" selected="true"/>
    <select idref="xccdf_org.ssgproject.content_rule_sysctl_net_ipv4_tcp_invalid_ratelimit" selected="true"/>
    <select idref="xccdf_org.ssgproject.content_rule_sysctl_net_ipv4_tcp_syncookies" selected="true"/>
    <select idref="xccdf_org.ssgproject.content_group_account_expiration" selected="false"/>
    <select idref="xccdf_org.ssgproject.content_group_accounts-banners" selected="false"/>
    <select idref="xccdf_org.ssgproject.content_group_accounts-physical" selected="false"/>
    <select idref="xccdf_org.ssgproject.content_group_aide" selected="false"/>
    <select idref="xccdf_org.ssgproject.content_group_apparmor" selected="false"/>
    <select idref="xccdf_org.ssgproject.content_group_audit_execution_acl_commands" selected="false"/>
    <select idref="xccdf_org.ssgproject.content_group_audit_execution_selinux_commands" selected="false"/>
    <select idref="xccdf_org.ssgproject.content_group_audit_login_events" selected="false"/>
    <select idref="xccdf_org.ssgproject.content_group_avahi" selected="false"/>
    <select idref="xccdf_org.ssgproject.content_group_avahi_configuration" selected="false"/>
    <select idref="xccdf_org.ssgproject.content_group_base" selected="false"/>
    <select idref="xccdf_org.ssgproject.content_group_bootloader-grub2" selected="false"/>
    <select idref="xccdf_org.ssgproject.content_group_configure_auditd_data_retention" selected="false"/>
    <select idref="xccdf_org.ssgproject.content_group_configuring_ipv6" selected="false"/>
    <select idref="xccdf_org.ssgproject.content_group_console_screen_locking" selected="false"/>
    <select idref="xccdf_org.ssgproject.content_group_crypto" selected="false"/>
    <select idref="xccdf_org.ssgproject.content_group_dhcp" selected="false"/>
    <select idref="xccdf_org.ssgproject.content_group_dhcp_client_configuration" selected="false"/>
    <select idref="xccdf_org.ssgproject.content_group_dhcp_server_configuration" selected="false"/>
    <select idref="xccdf_org.ssgproject.content_group_disable_avahi_group" selected="false"/>
    <select idref="xccdf_org.ssgproject.content_group_disabling_cyrus-imapd" selected="false"/>
    <select idref="xccdf_org.ssgproject.content_group_disabling_dhcp_client" selected="false"/>
    <select idref="xccdf_org.ssgproject.content_group_disabling_dhcp_server" selected="false"/>
    <select idref="xccdf_org.ssgproject.content_group_disabling_dns_server" selected="false"/>
    <select idref="xccdf_org.ssgproject.content_group_disabling_dovecot" selected="false"/>
    <select idref="xccdf_org.ssgproject.content_group_disabling_ipv6" selected="false"/>
    <select idref="xccdf_org.ssgproject.content_group_disabling_netfs" selected="false"/>
    <select idref="xccdf_org.ssgproject.content_group_disabling_nfs" selected="false"/>
    <select idref="xccdf_org.ssgproject.content_group_disabling_nfs_services" selected="false"/>
    <select idref="xccdf_org.ssgproject.content_group_disabling_nfsd" selected="false"/>
    <select idref="xccdf_org.ssgproject.content_group_disabling_quagga" selected="false"/>
    <select idref="xccdf_org.ssgproject.content_group_disabling_samba" selected="false"/>
    <select idref="xccdf_org.ssgproject.content_group_disabling_snmp_service" selected="false"/>
    <select idref="xccdf_org.ssgproject.content_group_disabling_squid" selected="false"/>
    <select idref="xccdf_org.ssgproject.content_group_disabling_vsftpd" selected="false"/>
    <select idref="xccdf_org.ssgproject.content_group_disabling_xwindows" selected="false"/>
    <select idref="xccdf_org.ssgproject.content_group_dns" selected="false"/>
    <select idref="xccdf_org.ssgproject.content_group_enable_nx" selected="false"/>
    <select idref="xccdf_org.ssgproject.content_group_endpoint_security_software" selected="false"/>
    <select idref="xccdf_org.ssgproject.content_group_entropy" selected="false"/>
    <select idref="xccdf_org.ssgproject.content_group_fapolicyd" selected="false"/>
    <select idref="xccdf_org.ssgproject.content_group_file_permissions_auditd" selected="false"/>
    <select idref="xccdf_org.ssgproject.content_group_fips" selected="false"/>
    <select idref="xccdf_org.ssgproject.content_group_firewalld_deactivation" selected="false"/>
    <select idref="xccdf_org.ssgproject.content_group_ftp" selected="false"/>
    <select idref="xccdf_org.ssgproject.content_group_ftp_configure_vsftpd" selected="false"/>
    <select idref="xccdf_org.ssgproject.content_group_ftp_restrict_users" selected="false"/>
    <select idref="xccdf_org.ssgproject.content_group_gnome" selected="false"/>
    <select idref="xccdf_org.ssgproject.content_group_gnome_login_screen" selected="false"/>
    <select idref="xccdf_org.ssgproject.content_group_gnome_media_settings" selected="false"/>
    <select idref="xccdf_org.ssgproject.content_group_gnome_remote_access_settings" selected="false"/>
    <select idref="xccdf_org.ssgproject.content_group_gnome_screen_locking" selected="false"/>
    <select idref="xccdf_org.ssgproject.content_group_gui_login_banner" selected="false"/>
    <select idref="xccdf_org.ssgproject.content_group_imap" selected="false"/>
    <select idref="xccdf_org.ssgproject.content_group_inetd_and_xinetd" selected="false"/>
    <select idref="xccdf_org.ssgproject.content_group_iptables_activation" selected="false"/>
    <select idref="xccdf_org.ssgproject.content_group_iptables_ruleset_modifications" selected="false"/>
    <select idref="xccdf_org.ssgproject.content_group_journald" selected="false"/>
    <select idref="xccdf_org.ssgproject.content_group_kernel_build_config" selected="false"/>
    <select idref="xccdf_org.ssgproject.content_group_ldap" selected="false"/>
    <select idref="xccdf_org.ssgproject.content_group_locking_out_password_attempts" selected="false"/>
    <select idref="xccdf_org.ssgproject.content_group_mail" selected="false"/>
    <select idref="xccdf_org.ssgproject.content_group_mcafee_endpoint_security_software" selected="false"/>
    <select idref="xccdf_org.ssgproject.content_group_mcafee_security_software" selected="false"/>
    <select idref="xccdf_org.ssgproject.content_group_mounting" selected="false"/>
    <select idref="xccdf_org.ssgproject.content_group_mounting_remote_filesystems" selected="false"/>
    <select idref="xccdf_org.ssgproject.content_group_network-ipsec" selected="false"/>
    <select idref="xccdf_org.ssgproject.content_group_network-iptables" selected="false"/>
    <select idref="xccdf_org.ssgproject.content_group_network-ipv6" selected="false"/>
    <select idref="xccdf_org.ssgproject.content_group_network-nftables" selected="false"/>
    <select idref="xccdf_org.ssgproject.content_group_network-ufw" selected="false"/>
    <select idref="xccdf_org.ssgproject.content_group_network-uncommon" selected="false"/>
    <select idref="xccdf_org.ssgproject.content_group_network-wireless" selected="false"/>
    <select idref="xccdf_org.ssgproject.content_group_nfs_and_rpc" selected="false"/>
    <select idref="xccdf_org.ssgproject.content_group_nfs_configuring_clients" selected="false"/>
    <select idref="xccdf_org.ssgproject.content_group_nfs_configuring_servers" selected="false"/>
    <select idref="xccdf_org.ssgproject.content_group_nis" selected="false"/>
    <select idref="xccdf_org.ssgproject.content_group_non-uefi" selected="false"/>
    <select idref="xccdf_org.ssgproject.content_group_obsolete" selected="false"/>
    <select idref="xccdf_org.ssgproject.content_group_openldap_client" selected="false"/>
    <select idref="xccdf_org.ssgproject.content_group_openldap_server" selected="false"/>
    <select idref="xccdf_org.ssgproject.content_group_partitions" selected="false"/>
    <select idref="xccdf_org.ssgproject.content_group_password_quality" selected="false"/>
    <select idref="xccdf_org.ssgproject.content_group_password_quality_pamcracklib" selected="false"/>
    <select idref="xccdf_org.ssgproject.content_group_password_quality_pwquality" selected="false"/>
    <select idref="xccdf_org.ssgproject.content_group_password_storage" selected="false"/>
    <select idref="xccdf_org.ssgproject.content_group_permissions_local" selected="false"/>
    <select idref="xccdf_org.ssgproject.content_group_permissions_var_log_dir" selected="false"/>
    <select idref="xccdf_org.ssgproject.content_group_permissions_within_important_dirs" selected="false"/>
    <select idref="xccdf_org.ssgproject.content_group_poisoning" selected="false"/>
    <select idref="xccdf_org.ssgproject.content_group_postfix_client" selected="false"/>
    <select idref="xccdf_org.ssgproject.content_group_printing" selected="false"/>
    <select idref="xccdf_org.ssgproject.content_group_proxy" selected="false"/>
    <select idref="xccdf_org.ssgproject.content_group_r_services" selected="false"/>
    <select idref="xccdf_org.ssgproject.content_group_restrict_at_cron_users" selected="false"/>
    <select idref="xccdf_org.ssgproject.content_group_root_logins" selected="false"/>
    <select idref="xccdf_org.ssgproject.content_group_root_paths" selected="false"/>
    <select idref="xccdf_org.ssgproject.content_group_routing" selected="false"/>
    <select idref="xccdf_org.ssgproject.content_group_rpm_verification" selected="false"/>
    <select idref="xccdf_org.ssgproject.content_group_rsyslog_accepting_remote_messages" selected="false"/>
    <select idref="xccdf_org.ssgproject.content_group_rsyslog_sending_messages" selected="false"/>
    <select idref="xccdf_org.ssgproject.content_group_ruleset_modifications" selected="false"/>
    <select idref="xccdf_org.ssgproject.content_group_screen_locking" selected="false"/>
    <select idref="xccdf_org.ssgproject.content_group_selinux" selected="false"/>
    <select idref="xccdf_org.ssgproject.content_group_selinux-booleans" selected="false"/>
    <select idref="xccdf_org.ssgproject.content_group_set_password_hashing_algorithm" selected="false"/>
    <select idref="xccdf_org.ssgproject.content_group_smart_card_login" selected="false"/>
    <select idref="xccdf_org.ssgproject.content_group_smb" selected="false"/>
    <select idref="xccdf_org.ssgproject.content_group_snmp" selected="false"/>
    <select idref="xccdf_org.ssgproject.content_group_software-integrity" selected="false"/>
    <select idref="xccdf_org.ssgproject.content_group_sssd" selected="false"/>
    <select idref="xccdf_org.ssgproject.content_group_sssd-ldap" selected="false"/>
    <select idref="xccdf_org.ssgproject.content_group_sudo" selected="false"/>
    <select idref="xccdf_org.ssgproject.content_group_system-tools" selected="false"/>
    <select idref="xccdf_org.ssgproject.content_group_talk" selected="false"/>
    <select idref="xccdf_org.ssgproject.content_group_telnet" selected="false"/>
    <select idref="xccdf_org.ssgproject.content_group_tftp" selected="false"/>
    <select idref="xccdf_org.ssgproject.content_group_uefi" selected="false"/>
    <select idref="xccdf_org.ssgproject.content_group_user_umask" selected="false"/>
    <select idref="xccdf_org.ssgproject.content_group_wireless_software" selected="false"/>
    <select idref="xccdf_org.ssgproject.content_group_xwindows" selected="false"/>
    <refine-value idref="xccdf_org.ssgproject.content_value_inactivity_timeout_value" selector="15_minutes"/>
    <refine-value idref="xccdf_org.ssgproject.content_value_var_accounts_fail_delay" selector="4"/>
    <refine-value idref="xccdf_org.ssgproject.content_value_var_accounts_passwords_pam_faillock_fail_interval" selector="900"/>
    <refine-value idref="xccdf_org.ssgproject.content_value_var_accounts_passwords_pam_faillock_unlock_time" selector="never"/>
    <refine-value idref="xccdf_org.ssgproject.content_value_var_password_pam_retry" selector="3"/>
    <refine-value idref="xccdf_org.ssgproject.content_value_sshd_idle_timeout_value" selector="5_minutes"/>
    <refine-value idref="xccdf_org.ssgproject.content_value_var_sshd_set_keepalive" selector="0"/>
    <refine-value idref="xccdf_org.ssgproject.content_value_var_sshd_max_sessions" selector="4"/>
  </Profile>
  <Profile id="xccdf_org.ssgproject.content_profile_stig">
    <version>V2R5</version>
    <title xmlns:xhtml="http://www.w3.org/1999/xhtml" xml:lang="en-US" override="true">DISA STIG for SUSE Linux Enterprise 15</title>
    <description xmlns:xhtml="http://www.w3.org/1999/xhtml" xml:lang="en-US" override="true">This profile contains configuration checks that align to the
DISA STIG for SUSE Linux Enterprise 15 V2R5.</description>
    <reference>https://www.cyber.mil/stigs/downloads/?_dl_facet_stigs=operating-systems%2Cunix-linux</reference>
    <select idref="xccdf_org.ssgproject.content_rule_account_disable_post_pw_expiration" selected="true"/>
    <select idref="xccdf_org.ssgproject.content_rule_account_emergency_admin" selected="true"/>
    <select idref="xccdf_org.ssgproject.content_rule_account_temp_expire_date" selected="true"/>
    <select idref="xccdf_org.ssgproject.content_rule_account_unique_id" selected="true"/>
    <select idref="xccdf_org.ssgproject.content_rule_accounts_authorized_local_users" selected="true"/>
    <select idref="xccdf_org.ssgproject.content_rule_accounts_have_homedir_login_defs" selected="true"/>
    <select idref="xccdf_org.ssgproject.content_rule_accounts_max_concurrent_login_sessions" selected="true"/>
    <select idref="xccdf_org.ssgproject.content_rule_accounts_maximum_age_login_defs" selected="true"/>
    <select idref="xccdf_org.ssgproject.content_rule_accounts_no_uid_except_zero" selected="true"/>
    <select idref="xccdf_org.ssgproject.content_rule_accounts_password_all_shadowed_sha512" selected="true"/>
    <select idref="xccdf_org.ssgproject.content_rule_accounts_password_set_max_life_existing" selected="true"/>
    <select idref="xccdf_org.ssgproject.content_rule_accounts_password_set_min_life_existing" selected="true"/>
    <select idref="xccdf_org.ssgproject.content_rule_accounts_passwords_pam_faildelay_delay" selected="true"/>
    <select idref="xccdf_org.ssgproject.content_rule_accounts_passwords_pam_tally2" selected="true"/>
    <select idref="xccdf_org.ssgproject.content_rule_accounts_tmout" selected="true"/>
    <select idref="xccdf_org.ssgproject.content_rule_accounts_umask_etc_login_defs" selected="true"/>
    <select idref="xccdf_org.ssgproject.content_rule_accounts_user_dot_no_world_writable_programs" selected="true"/>
    <select idref="xccdf_org.ssgproject.content_rule_accounts_user_home_paths_only" selected="true"/>
    <select idref="xccdf_org.ssgproject.content_rule_accounts_user_interactive_home_directory_defined" selected="true"/>
    <select idref="xccdf_org.ssgproject.content_rule_accounts_user_interactive_home_directory_exists" selected="true"/>
    <select idref="xccdf_org.ssgproject.content_rule_agent_mfetpd_running" selected="true"/>
    <select idref="xccdf_org.ssgproject.content_rule_aide_build_database" selected="true"/>
    <select idref="xccdf_org.ssgproject.content_rule_aide_check_audit_tools" selected="true"/>
    <select idref="xccdf_org.ssgproject.content_rule_aide_periodic_checking_systemd_timer" selected="true"/>
    <select idref="xccdf_org.ssgproject.content_rule_aide_periodic_cron_checking" selected="true"/>
    <select idref="xccdf_org.ssgproject.content_rule_aide_scan_notification" selected="true"/>
    <select idref="xccdf_org.ssgproject.content_rule_aide_verify_acls" selected="true"/>
    <select idref="xccdf_org.ssgproject.content_rule_aide_verify_ext_attributes" selected="true"/>
    <select idref="xccdf_org.ssgproject.content_rule_apparmor_configured" selected="true"/>
    <select idref="xccdf_org.ssgproject.content_rule_audit_rules_dac_modification_chmod" selected="true"/>
    <select idref="xccdf_org.ssgproject.content_rule_audit_rules_dac_modification_chown" selected="true"/>
    <select idref="xccdf_org.ssgproject.content_rule_audit_rules_dac_modification_fchmod" selected="true"/>
    <select idref="xccdf_org.ssgproject.content_rule_audit_rules_dac_modification_fchmodat" selected="true"/>
    <select idref="xccdf_org.ssgproject.content_rule_audit_rules_dac_modification_fchown" selected="true"/>
    <select idref="xccdf_org.ssgproject.content_rule_audit_rules_dac_modification_fchownat" selected="true"/>
    <select idref="xccdf_org.ssgproject.content_rule_audit_rules_dac_modification_fremovexattr" selected="true"/>
    <select idref="xccdf_org.ssgproject.content_rule_audit_rules_dac_modification_fsetxattr" selected="true"/>
    <select idref="xccdf_org.ssgproject.content_rule_audit_rules_dac_modification_lchown" selected="true"/>
    <select idref="xccdf_org.ssgproject.content_rule_audit_rules_dac_modification_lremovexattr" selected="true"/>
    <select idref="xccdf_org.ssgproject.content_rule_audit_rules_dac_modification_lsetxattr" selected="true"/>
    <select idref="xccdf_org.ssgproject.content_rule_audit_rules_dac_modification_removexattr" selected="true"/>
    <select idref="xccdf_org.ssgproject.content_rule_audit_rules_dac_modification_setxattr" selected="true"/>
    <select idref="xccdf_org.ssgproject.content_rule_audit_rules_dac_modification_umount" selected="true"/>
    <select idref="xccdf_org.ssgproject.content_rule_audit_rules_dac_modification_umount2" selected="true"/>
    <select idref="xccdf_org.ssgproject.content_rule_audit_rules_enable_syscall_auditing" selected="true"/>
    <select idref="xccdf_org.ssgproject.content_rule_audit_rules_etc_cron_d" selected="true"/>
    <select idref="xccdf_org.ssgproject.content_rule_audit_rules_execution_chacl" selected="true"/>
    <select idref="xccdf_org.ssgproject.content_rule_audit_rules_execution_chcon" selected="true"/>
    <select idref="xccdf_org.ssgproject.content_rule_audit_rules_execution_chmod" selected="true"/>
    <select idref="xccdf_org.ssgproject.content_rule_audit_rules_execution_rm" selected="true"/>
    <select idref="xccdf_org.ssgproject.content_rule_audit_rules_execution_setfacl" selected="true"/>
    <select idref="xccdf_org.ssgproject.content_rule_audit_rules_kernel_module_loading_delete" selected="true"/>
    <select idref="xccdf_org.ssgproject.content_rule_audit_rules_kernel_module_loading_finit" selected="true"/>
    <select idref="xccdf_org.ssgproject.content_rule_audit_rules_kernel_module_loading_init" selected="true"/>
    <select idref="xccdf_org.ssgproject.content_rule_audit_rules_login_events_lastlog" selected="true"/>
    <select idref="xccdf_org.ssgproject.content_rule_audit_rules_login_events_tallylog" selected="true"/>
    <select idref="xccdf_org.ssgproject.content_rule_audit_rules_media_export" selected="true"/>
    <select idref="xccdf_org.ssgproject.content_rule_audit_rules_privileged_commands_chage" selected="true"/>
    <select idref="xccdf_org.ssgproject.content_rule_audit_rules_privileged_commands_chfn" selected="true"/>
    <select idref="xccdf_org.ssgproject.content_rule_audit_rules_privileged_commands_chsh" selected="true"/>
    <select idref="xccdf_org.ssgproject.content_rule_audit_rules_privileged_commands_crontab" selected="true"/>
    <select idref="xccdf_org.ssgproject.content_rule_audit_rules_privileged_commands_gpasswd" selected="true"/>
    <select idref="xccdf_org.ssgproject.content_rule_audit_rules_privileged_commands_insmod" selected="true"/>
    <select idref="xccdf_org.ssgproject.content_rule_audit_rules_privileged_commands_kmod" selected="true"/>
    <select idref="xccdf_org.ssgproject.content_rule_audit_rules_privileged_commands_modprobe" selected="true"/>
    <select idref="xccdf_org.ssgproject.content_rule_audit_rules_privileged_commands_newgrp" selected="true"/>
    <select idref="xccdf_org.ssgproject.content_rule_audit_rules_privileged_commands_pam_timestamp_check" selected="true"/>
    <select idref="xccdf_org.ssgproject.content_rule_audit_rules_privileged_commands_passmass" selected="true"/>
    <select idref="xccdf_org.ssgproject.content_rule_audit_rules_privileged_commands_passwd" selected="true"/>
    <select idref="xccdf_org.ssgproject.content_rule_audit_rules_privileged_commands_rmmod" selected="true"/>
    <select idref="xccdf_org.ssgproject.content_rule_audit_rules_privileged_commands_ssh_agent" selected="true"/>
    <select idref="xccdf_org.ssgproject.content_rule_audit_rules_privileged_commands_ssh_keysign" selected="true"/>
    <select idref="xccdf_org.ssgproject.content_rule_audit_rules_privileged_commands_su" selected="true"/>
    <select idref="xccdf_org.ssgproject.content_rule_audit_rules_privileged_commands_sudo" selected="true"/>
    <select idref="xccdf_org.ssgproject.content_rule_audit_rules_privileged_commands_sudoedit" selected="true"/>
    <select idref="xccdf_org.ssgproject.content_rule_audit_rules_privileged_commands_unix2_chkpwd" selected="true"/>
    <select idref="xccdf_org.ssgproject.content_rule_audit_rules_privileged_commands_unix_chkpwd" selected="true"/>
    <select idref="xccdf_org.ssgproject.content_rule_audit_rules_privileged_commands_usermod" selected="true"/>
    <select idref="xccdf_org.ssgproject.content_rule_audit_rules_session_events_btmp" selected="true"/>
    <select idref="xccdf_org.ssgproject.content_rule_audit_rules_session_events_utmp" selected="true"/>
    <select idref="xccdf_org.ssgproject.content_rule_audit_rules_session_events_wtmp" selected="true"/>
    <select idref="xccdf_org.ssgproject.content_rule_audit_rules_suid_privilege_function" selected="true"/>
    <select idref="xccdf_org.ssgproject.content_rule_audit_rules_sysadmin_actions" selected="true"/>
    <select idref="xccdf_org.ssgproject.content_rule_audit_rules_unsuccessful_file_modification_creat" selected="true"/>
    <select idref="xccdf_org.ssgproject.content_rule_audit_rules_unsuccessful_file_modification_ftruncate" selected="true"/>
    <select idref="xccdf_org.ssgproject.content_rule_audit_rules_unsuccessful_file_modification_open" selected="true"/>
    <select idref="xccdf_org.ssgproject.content_rule_audit_rules_unsuccessful_file_modification_open_by_handle_at" selected="true"/>
    <select idref="xccdf_org.ssgproject.content_rule_audit_rules_unsuccessful_file_modification_openat" selected="true"/>
    <select idref="xccdf_org.ssgproject.content_rule_audit_rules_unsuccessful_file_modification_rename" selected="true"/>
    <select idref="xccdf_org.ssgproject.content_rule_audit_rules_unsuccessful_file_modification_renameat" selected="true"/>
    <select idref="xccdf_org.ssgproject.content_rule_audit_rules_unsuccessful_file_modification_renameat2" selected="true"/>
    <select idref="xccdf_org.ssgproject.content_rule_audit_rules_unsuccessful_file_modification_truncate" selected="true"/>
    <select idref="xccdf_org.ssgproject.content_rule_audit_rules_unsuccessful_file_modification_unlink" selected="true"/>
    <select idref="xccdf_org.ssgproject.content_rule_audit_rules_unsuccessful_file_modification_unlinkat" selected="true"/>
    <select idref="xccdf_org.ssgproject.content_rule_audit_rules_usergroup_modification_group" selected="true"/>
    <select idref="xccdf_org.ssgproject.content_rule_audit_rules_usergroup_modification_gshadow" selected="true"/>
    <select idref="xccdf_org.ssgproject.content_rule_audit_rules_usergroup_modification_opasswd" selected="true"/>
    <select idref="xccdf_org.ssgproject.content_rule_audit_rules_usergroup_modification_passwd" selected="true"/>
    <select idref="xccdf_org.ssgproject.content_rule_audit_rules_usergroup_modification_shadow" selected="true"/>
    <select idref="xccdf_org.ssgproject.content_rule_audit_rules_var_spool_cron" selected="true"/>
    <select idref="xccdf_org.ssgproject.content_rule_auditd_audispd_configure_sufficiently_large_partition" selected="true"/>
    <select idref="xccdf_org.ssgproject.content_rule_auditd_audispd_disk_full_action" selected="true"/>
    <select idref="xccdf_org.ssgproject.content_rule_auditd_audispd_encrypt_sent_records" selected="true"/>
    <select idref="xccdf_org.ssgproject.content_rule_auditd_audispd_network_failure_action" selected="true"/>
    <select idref="xccdf_org.ssgproject.content_rule_auditd_data_disk_full_action" selected="true"/>
    <select idref="xccdf_org.ssgproject.content_rule_auditd_data_retention_action_mail_acct" selected="true"/>
    <select idref="xccdf_org.ssgproject.content_rule_auditd_data_retention_space_left" selected="true"/>
    <select idref="xccdf_org.ssgproject.content_rule_banner_etc_gdm_banner" selected="true"/>
    <select idref="xccdf_org.ssgproject.content_rule_banner_etc_issue" selected="true"/>
    <select idref="xccdf_org.ssgproject.content_rule_chronyd_or_ntpd_set_maxpoll" selected="true"/>
    <select idref="xccdf_org.ssgproject.content_rule_clean_components_post_updating" selected="true"/>
    <select idref="xccdf_org.ssgproject.content_rule_cracklib_accounts_password_pam_dcredit" selected="true"/>
    <select idref="xccdf_org.ssgproject.content_rule_cracklib_accounts_password_pam_difok" selected="true"/>
    <select idref="xccdf_org.ssgproject.content_rule_cracklib_accounts_password_pam_lcredit" selected="true"/>
    <select idref="xccdf_org.ssgproject.content_rule_cracklib_accounts_password_pam_minlen" selected="true"/>
    <select idref="xccdf_org.ssgproject.content_rule_cracklib_accounts_password_pam_ocredit" selected="true"/>
    <select idref="xccdf_org.ssgproject.content_rule_cracklib_accounts_password_pam_retry" selected="true"/>
    <select idref="xccdf_org.ssgproject.content_rule_cracklib_accounts_password_pam_ucredit" selected="true"/>
    <select idref="xccdf_org.ssgproject.content_rule_dconf_db_up_to_date" selected="true"/>
    <select idref="xccdf_org.ssgproject.content_rule_dconf_gnome_banner_enabled" selected="true"/>
    <select idref="xccdf_org.ssgproject.content_rule_dconf_gnome_login_banner_text" selected="true"/>
    <select idref="xccdf_org.ssgproject.content_rule_dconf_gnome_screensaver_idle_delay" selected="true"/>
    <select idref="xccdf_org.ssgproject.content_rule_dconf_gnome_screensaver_lock_enabled" selected="true"/>
    <select idref="xccdf_org.ssgproject.content_rule_dconf_gnome_screensaver_mode_blank" selected="true"/>
    <select idref="xccdf_org.ssgproject.content_rule_dconf_gnome_session_idle_user_locks" selected="true"/>
    <select idref="xccdf_org.ssgproject.content_rule_dir_group_ownership_library_dirs" selected="true"/>
    <select idref="xccdf_org.ssgproject.content_rule_dir_ownership_library_dirs" selected="true"/>
    <select idref="xccdf_org.ssgproject.content_rule_dir_permissions_library_dirs" selected="true"/>
    <select idref="xccdf_org.ssgproject.content_rule_dir_perms_world_writable_sticky_bits" selected="true"/>
    <select idref="xccdf_org.ssgproject.content_rule_dir_perms_world_writable_system_owned_group" selected="true"/>
    <select idref="xccdf_org.ssgproject.content_rule_dir_system_commands_group_root_owned" selected="true"/>
    <select idref="xccdf_org.ssgproject.content_rule_dir_system_commands_root_owned" selected="true"/>
    <select idref="xccdf_org.ssgproject.content_rule_disable_ctrlaltdel_burstaction" selected="true"/>
    <select idref="xccdf_org.ssgproject.content_rule_disable_ctrlaltdel_reboot" selected="true"/>
    <select idref="xccdf_org.ssgproject.content_rule_disallow_bypass_password_sudo" selected="true"/>
    <select idref="xccdf_org.ssgproject.content_rule_display_login_attempts" selected="true"/>
    <select idref="xccdf_org.ssgproject.content_rule_enable_dconf_user_profile" selected="true"/>
    <select idref="xccdf_org.ssgproject.content_rule_encrypt_partitions" selected="true"/>
    <select idref="xccdf_org.ssgproject.content_rule_ensure_gpgcheck_globally_activated" selected="true"/>
    <select idref="xccdf_org.ssgproject.content_rule_ensure_rtc_utc_configuration" selected="true"/>
    <select idref="xccdf_org.ssgproject.content_rule_file_groupownership_home_directories" selected="true"/>
    <select idref="xccdf_org.ssgproject.content_rule_file_groupownership_system_commands_dirs" selected="true"/>
    <select idref="xccdf_org.ssgproject.content_rule_file_ownership_binary_dirs" selected="true"/>
    <select idref="xccdf_org.ssgproject.content_rule_file_ownership_library_dirs" selected="true"/>
    <select idref="xccdf_org.ssgproject.content_rule_file_permission_user_init_files" selected="true"/>
    <select idref="xccdf_org.ssgproject.content_rule_file_permissions_binary_dirs" selected="true"/>
    <select idref="xccdf_org.ssgproject.content_rule_file_permissions_home_directories" selected="true"/>
    <select idref="xccdf_org.ssgproject.content_rule_file_permissions_library_dirs" selected="true"/>
    <select idref="xccdf_org.ssgproject.content_rule_file_permissions_local_var_log_messages" selected="true"/>
    <select idref="xccdf_org.ssgproject.content_rule_file_permissions_sshd_private_key" selected="true"/>
    <select idref="xccdf_org.ssgproject.content_rule_file_permissions_sshd_pub_key" selected="true"/>
    <select idref="xccdf_org.ssgproject.content_rule_file_permissions_system_commands_dirs" selected="true"/>
    <select idref="xccdf_org.ssgproject.content_rule_file_permissions_ungroupowned" selected="true"/>
    <select idref="xccdf_org.ssgproject.content_rule_gnome_gdm_disable_unattended_automatic_login" selected="true"/>
    <select idref="xccdf_org.ssgproject.content_rule_grub2_password" selected="true"/>
    <select idref="xccdf_org.ssgproject.content_rule_grub2_uefi_password" selected="true"/>
    <select idref="xccdf_org.ssgproject.content_rule_gui_login_dod_acknowledgement" selected="true"/>
    <select idref="xccdf_org.ssgproject.content_rule_install_smartcard_packages" selected="true"/>
    <select idref="xccdf_org.ssgproject.content_rule_installed_OS_is_vendor_supported" selected="true"/>
    <select idref="xccdf_org.ssgproject.content_rule_is_fips_mode_enabled" selected="true"/>
    <select idref="xccdf_org.ssgproject.content_rule_kernel_module_usb-storage_disabled" selected="true"/>
    <select idref="xccdf_org.ssgproject.content_rule_mount_option_home_nosuid" selected="true"/>
    <select idref="xccdf_org.ssgproject.content_rule_mount_option_noexec_remote_filesystems" selected="true"/>
    <select idref="xccdf_org.ssgproject.content_rule_mount_option_nosuid_remote_filesystems" selected="true"/>
    <select idref="xccdf_org.ssgproject.content_rule_mount_option_nosuid_removable_partitions" selected="true"/>
    <select idref="xccdf_org.ssgproject.content_rule_network_sniffer_disabled" selected="true"/>
    <select idref="xccdf_org.ssgproject.content_rule_no_empty_passwords" selected="true"/>
    <select idref="xccdf_org.ssgproject.content_rule_no_empty_passwords_etc_shadow" selected="true"/>
    <select idref="xccdf_org.ssgproject.content_rule_no_files_unowned_by_user" selected="true"/>
    <select idref="xccdf_org.ssgproject.content_rule_no_host_based_files" selected="true"/>
    <select idref="xccdf_org.ssgproject.content_rule_no_shelllogin_for_systemaccounts" selected="true"/>
    <select idref="xccdf_org.ssgproject.content_rule_no_user_host_based_files" selected="true"/>
    <select idref="xccdf_org.ssgproject.content_rule_package_aide_installed" selected="true"/>
    <select idref="xccdf_org.ssgproject.content_rule_package_audit-audispd-plugins_installed" selected="true"/>
    <select idref="xccdf_org.ssgproject.content_rule_package_audit_installed" selected="true"/>
    <select idref="xccdf_org.ssgproject.content_rule_package_firewalld_installed" selected="true"/>
    <select idref="xccdf_org.ssgproject.content_rule_package_mailx_installed" selected="true"/>
    <select idref="xccdf_org.ssgproject.content_rule_package_pam_apparmor_installed" selected="true"/>
    <select idref="xccdf_org.ssgproject.content_rule_package_telnet-server_removed" selected="true"/>
    <select idref="xccdf_org.ssgproject.content_rule_package_vsftpd_removed" selected="true"/>
    <select idref="xccdf_org.ssgproject.content_rule_pam_disable_automatic_configuration" selected="true"/>
    <select idref="xccdf_org.ssgproject.content_rule_partition_for_home" selected="true"/>
    <select idref="xccdf_org.ssgproject.content_rule_partition_for_var" selected="true"/>
    <select idref="xccdf_org.ssgproject.content_rule_partition_for_var_log_audit" selected="true"/>
    <select idref="xccdf_org.ssgproject.content_rule_permissions_local_audit_binaries" selected="true"/>
    <select idref="xccdf_org.ssgproject.content_rule_permissions_local_var_log" selected="true"/>
    <select idref="xccdf_org.ssgproject.content_rule_permissions_local_var_log_audit" selected="true"/>
    <select idref="xccdf_org.ssgproject.content_rule_postfix_client_configure_mail_alias" selected="true"/>
    <select idref="xccdf_org.ssgproject.content_rule_root_permissions_syslibrary_files" selected="true"/>
    <select idref="xccdf_org.ssgproject.content_rule_rsyslog_remote_loghost" selected="true"/>
    <select idref="xccdf_org.ssgproject.content_rule_security_patches_up_to_date" selected="true"/>
    <select idref="xccdf_org.ssgproject.content_rule_service_auditd_enabled" selected="true"/>
    <select idref="xccdf_org.ssgproject.content_rule_service_autofs_disabled" selected="true"/>
    <select idref="xccdf_org.ssgproject.content_rule_service_firewalld_enabled" selected="true"/>
    <select idref="xccdf_org.ssgproject.content_rule_service_kdump_disabled" selected="true"/>
    <select idref="xccdf_org.ssgproject.content_rule_service_sshd_enabled" selected="true"/>
    <select idref="xccdf_org.ssgproject.content_rule_set_password_hashing_algorithm_logindefs" selected="true"/>
    <select idref="xccdf_org.ssgproject.content_rule_set_password_hashing_algorithm_systemauth" selected="true"/>
    <select idref="xccdf_org.ssgproject.content_rule_set_password_hashing_min_rounds_logindefs" selected="true"/>
    <select idref="xccdf_org.ssgproject.content_rule_smartcard_configure_ca" selected="true"/>
    <select idref="xccdf_org.ssgproject.content_rule_smartcard_configure_cert_checking" selected="true"/>
    <select idref="xccdf_org.ssgproject.content_rule_smartcard_pam_enabled" selected="true"/>
    <select idref="xccdf_org.ssgproject.content_rule_sshd_disable_empty_passwords" selected="true"/>
    <select idref="xccdf_org.ssgproject.content_rule_sshd_disable_root_login" selected="true"/>
    <select idref="xccdf_org.ssgproject.content_rule_sshd_disable_user_known_hosts" selected="true"/>
    <select idref="xccdf_org.ssgproject.content_rule_sshd_disable_x11_forwarding" selected="true"/>
    <select idref="xccdf_org.ssgproject.content_rule_sshd_do_not_permit_user_env" selected="true"/>
    <select idref="xccdf_org.ssgproject.content_rule_sshd_enable_strictmodes" selected="true"/>
    <select idref="xccdf_org.ssgproject.content_rule_sshd_enable_warning_banner" selected="true"/>
    <select idref="xccdf_org.ssgproject.content_rule_sshd_print_last_log" selected="true"/>
    <select idref="xccdf_org.ssgproject.content_rule_sshd_set_idle_timeout" selected="true"/>
    <select idref="xccdf_org.ssgproject.content_rule_sshd_set_keepalive" selected="true"/>
    <select idref="xccdf_org.ssgproject.content_rule_sshd_set_loglevel_verbose" selected="true"/>
    <select idref="xccdf_org.ssgproject.content_rule_sshd_use_approved_ciphers_ordered_stig" selected="true"/>
    <select idref="xccdf_org.ssgproject.content_rule_sshd_use_approved_kex_ordered_stig" selected="true"/>
    <select idref="xccdf_org.ssgproject.content_rule_sshd_use_approved_macs_ordered_stig" selected="true"/>
    <select idref="xccdf_org.ssgproject.content_rule_sssd_memcache_timeout" selected="true"/>
    <select idref="xccdf_org.ssgproject.content_rule_sssd_offline_cred_expiration" selected="true"/>
    <select idref="xccdf_org.ssgproject.content_rule_sudo_remove_no_authenticate" selected="true"/>
    <select idref="xccdf_org.ssgproject.content_rule_sudo_remove_nopasswd" selected="true"/>
    <select idref="xccdf_org.ssgproject.content_rule_sudo_require_authentication" selected="true"/>
    <select idref="xccdf_org.ssgproject.content_rule_sudo_require_reauthentication" selected="true"/>
    <select idref="xccdf_org.ssgproject.content_rule_sudo_restrict_privilege_elevation_to_authorized" selected="true"/>
    <select idref="xccdf_org.ssgproject.content_rule_sudoers_default_includedir" selected="true"/>
    <select idref="xccdf_org.ssgproject.content_rule_sudoers_validate_passwd" selected="true"/>
    <select idref="xccdf_org.ssgproject.content_rule_sysctl_kernel_dmesg_restrict" selected="true"/>
    <select idref="xccdf_org.ssgproject.content_rule_sysctl_kernel_kptr_restrict" selected="true"/>
    <select idref="xccdf_org.ssgproject.content_rule_sysctl_kernel_randomize_va_space" selected="true"/>
    <select idref="xccdf_org.ssgproject.content_rule_sysctl_net_ipv4_conf_all_accept_redirects" selected="true"/>
    <select idref="xccdf_org.ssgproject.content_rule_sysctl_net_ipv4_conf_all_accept_source_route" selected="true"/>
    <select idref="xccdf_org.ssgproject.content_rule_sysctl_net_ipv4_conf_all_send_redirects" selected="true"/>
    <select idref="xccdf_org.ssgproject.content_rule_sysctl_net_ipv4_conf_default_accept_redirects" selected="true"/>
    <select idref="xccdf_org.ssgproject.content_rule_sysctl_net_ipv4_conf_default_accept_source_route" selected="true"/>
    <select idref="xccdf_org.ssgproject.content_rule_sysctl_net_ipv4_conf_default_send_redirects" selected="true"/>
    <select idref="xccdf_org.ssgproject.content_rule_sysctl_net_ipv4_ip_forward" selected="true"/>
    <select idref="xccdf_org.ssgproject.content_rule_sysctl_net_ipv4_tcp_syncookies" selected="true"/>
    <select idref="xccdf_org.ssgproject.content_rule_sysctl_net_ipv6_conf_all_accept_redirects" selected="true"/>
    <select idref="xccdf_org.ssgproject.content_rule_sysctl_net_ipv6_conf_all_accept_source_route" selected="true"/>
    <select idref="xccdf_org.ssgproject.content_rule_sysctl_net_ipv6_conf_all_forwarding" selected="true"/>
    <select idref="xccdf_org.ssgproject.content_rule_sysctl_net_ipv6_conf_default_accept_redirects" selected="true"/>
    <select idref="xccdf_org.ssgproject.content_rule_sysctl_net_ipv6_conf_default_accept_source_route" selected="true"/>
    <select idref="xccdf_org.ssgproject.content_rule_sysctl_net_ipv6_conf_default_forwarding" selected="true"/>
    <select idref="xccdf_org.ssgproject.content_rule_vlock_installed" selected="true"/>
    <select idref="xccdf_org.ssgproject.content_rule_wireless_disable_interfaces" selected="true"/>
    <select idref="xccdf_org.ssgproject.content_group_audit_file_deletion_events" selected="false"/>
    <select idref="xccdf_org.ssgproject.content_group_audit_time_rules" selected="false"/>
    <select idref="xccdf_org.ssgproject.content_group_avahi" selected="false"/>
    <select idref="xccdf_org.ssgproject.content_group_avahi_configuration" selected="false"/>
    <select idref="xccdf_org.ssgproject.content_group_coredumps" selected="false"/>
    <select idref="xccdf_org.ssgproject.content_group_cron_and_at" selected="false"/>
    <select idref="xccdf_org.ssgproject.content_group_crypto" selected="false"/>
    <select idref="xccdf_org.ssgproject.content_group_deprecated" selected="false"/>
    <select idref="xccdf_org.ssgproject.content_group_dhcp" selected="false"/>
    <select idref="xccdf_org.ssgproject.content_group_dhcp_client_configuration" selected="false"/>
    <select idref="xccdf_org.ssgproject.content_group_dhcp_server_configuration" selected="false"/>
    <select idref="xccdf_org.ssgproject.content_group_disable_avahi_group" selected="false"/>
    <select idref="xccdf_org.ssgproject.content_group_disabling_cyrus-imapd" selected="false"/>
    <select idref="xccdf_org.ssgproject.content_group_disabling_dhcp_client" selected="false"/>
    <select idref="xccdf_org.ssgproject.content_group_disabling_dhcp_server" selected="false"/>
    <select idref="xccdf_org.ssgproject.content_group_disabling_dns_server" selected="false"/>
    <select idref="xccdf_org.ssgproject.content_group_disabling_dovecot" selected="false"/>
    <select idref="xccdf_org.ssgproject.content_group_disabling_httpd" selected="false"/>
    <select idref="xccdf_org.ssgproject.content_group_disabling_ipv6" selected="false"/>
    <select idref="xccdf_org.ssgproject.content_group_disabling_netfs" selected="false"/>
    <select idref="xccdf_org.ssgproject.content_group_disabling_nfs" selected="false"/>
    <select idref="xccdf_org.ssgproject.content_group_disabling_nfs_services" selected="false"/>
    <select idref="xccdf_org.ssgproject.content_group_disabling_nfsd" selected="false"/>
    <select idref="xccdf_org.ssgproject.content_group_disabling_quagga" selected="false"/>
    <select idref="xccdf_org.ssgproject.content_group_disabling_samba" selected="false"/>
    <select idref="xccdf_org.ssgproject.content_group_disabling_snmp_service" selected="false"/>
    <select idref="xccdf_org.ssgproject.content_group_disabling_squid" selected="false"/>
    <select idref="xccdf_org.ssgproject.content_group_disabling_xwindows" selected="false"/>
    <select idref="xccdf_org.ssgproject.content_group_dns" selected="false"/>
    <select idref="xccdf_org.ssgproject.content_group_enable_nx" selected="false"/>
    <select idref="xccdf_org.ssgproject.content_group_ensure_rsyslog_log_file_configuration" selected="false"/>
    <select idref="xccdf_org.ssgproject.content_group_entropy" selected="false"/>
    <select idref="xccdf_org.ssgproject.content_group_fapolicyd" selected="false"/>
    <select idref="xccdf_org.ssgproject.content_group_file_permissions_auditd" selected="false"/>
    <select idref="xccdf_org.ssgproject.content_group_firewalld_deactivation" selected="false"/>
    <select idref="xccdf_org.ssgproject.content_group_ftp_configure_vsftpd" selected="false"/>
    <select idref="xccdf_org.ssgproject.content_group_ftp_restrict_users" selected="false"/>
    <select idref="xccdf_org.ssgproject.content_group_gnome_media_settings" selected="false"/>
    <select idref="xccdf_org.ssgproject.content_group_gnome_remote_access_settings" selected="false"/>
    <select idref="xccdf_org.ssgproject.content_group_http" selected="false"/>
    <select idref="xccdf_org.ssgproject.content_group_imap" selected="false"/>
    <select idref="xccdf_org.ssgproject.content_group_inetd_and_xinetd" selected="false"/>
    <select idref="xccdf_org.ssgproject.content_group_iptables_activation" selected="false"/>
    <select idref="xccdf_org.ssgproject.content_group_iptables_ruleset_modifications" selected="false"/>
    <select idref="xccdf_org.ssgproject.content_group_journald" selected="false"/>
    <select idref="xccdf_org.ssgproject.content_group_kernel_build_config" selected="false"/>
    <select idref="xccdf_org.ssgproject.content_group_ldap" selected="false"/>
    <select idref="xccdf_org.ssgproject.content_group_log_rotation" selected="false"/>
    <select idref="xccdf_org.ssgproject.content_group_network-ipsec" selected="false"/>
    <select idref="xccdf_org.ssgproject.content_group_network-iptables" selected="false"/>
    <select idref="xccdf_org.ssgproject.content_group_network-nftables" selected="false"/>
    <select idref="xccdf_org.ssgproject.content_group_network-ufw" selected="false"/>
    <select idref="xccdf_org.ssgproject.content_group_network-uncommon" selected="false"/>
    <select idref="xccdf_org.ssgproject.content_group_nfs_configuring_servers" selected="false"/>
    <select idref="xccdf_org.ssgproject.content_group_nis" selected="false"/>
    <select idref="xccdf_org.ssgproject.content_group_openldap_client" selected="false"/>
    <select idref="xccdf_org.ssgproject.content_group_openldap_server" selected="false"/>
    <select idref="xccdf_org.ssgproject.content_group_password_quality_pwquality" selected="false"/>
    <select idref="xccdf_org.ssgproject.content_group_permissions_important_account_files" selected="false"/>
    <select idref="xccdf_org.ssgproject.content_group_permissions_var_log_dir" selected="false"/>
    <select idref="xccdf_org.ssgproject.content_group_poisoning" selected="false"/>
    <select idref="xccdf_org.ssgproject.content_group_printing" selected="false"/>
    <select idref="xccdf_org.ssgproject.content_group_proxy" selected="false"/>
    <select idref="xccdf_org.ssgproject.content_group_restrict_at_cron_users" selected="false"/>
    <select idref="xccdf_org.ssgproject.content_group_root_paths" selected="false"/>
    <select idref="xccdf_org.ssgproject.content_group_routing" selected="false"/>
    <select idref="xccdf_org.ssgproject.content_group_rpm_verification" selected="false"/>
    <select idref="xccdf_org.ssgproject.content_group_rsyslog_accepting_remote_messages" selected="false"/>
    <select idref="xccdf_org.ssgproject.content_group_ruleset_modifications" selected="false"/>
    <select idref="xccdf_org.ssgproject.content_group_selinux" selected="false"/>
    <select idref="xccdf_org.ssgproject.content_group_selinux-booleans" selected="false"/>
    <select idref="xccdf_org.ssgproject.content_group_smb" selected="false"/>
    <select idref="xccdf_org.ssgproject.content_group_snmp" selected="false"/>
    <select idref="xccdf_org.ssgproject.content_group_sssd-ldap" selected="false"/>
    <select idref="xccdf_org.ssgproject.content_group_system-tools" selected="false"/>
    <select idref="xccdf_org.ssgproject.content_group_talk" selected="false"/>
    <select idref="xccdf_org.ssgproject.content_group_tftp" selected="false"/>
    <select idref="xccdf_org.ssgproject.content_group_xwindows" selected="false"/>
    <refine-value idref="xccdf_org.ssgproject.content_value_var_account_disable_post_pw_expiration" selector="35"/>
    <refine-value idref="xccdf_org.ssgproject.content_value_var_accounts_fail_delay" selector="4"/>
    <refine-value idref="xccdf_org.ssgproject.content_value_var_accounts_tmout" selector="10_min"/>
    <refine-value idref="xccdf_org.ssgproject.content_value_inactivity_timeout_value" selector="15_minutes"/>
    <refine-value idref="xccdf_org.ssgproject.content_value_var_password_pam_dcredit" selector="1"/>
    <refine-value idref="xccdf_org.ssgproject.content_value_var_password_pam_lcredit" selector="1"/>
    <refine-value idref="xccdf_org.ssgproject.content_value_var_password_pam_minlen" selector="15"/>
    <refine-value idref="xccdf_org.ssgproject.content_value_var_password_pam_ocredit" selector="1"/>
    <refine-value idref="xccdf_org.ssgproject.content_value_var_password_pam_ucredit" selector="1"/>
    <refine-value idref="xccdf_org.ssgproject.content_value_var_sudo_timestamp_timeout" selector="always_prompt"/>
    <refine-value idref="xccdf_org.ssgproject.content_value_var_password_pam_unix_remember" selector="5"/>
    <refine-value idref="xccdf_org.ssgproject.content_value_var_accounts_maximum_age_login_defs" selector="60"/>
    <refine-value idref="xccdf_org.ssgproject.content_value_var_password_pam_delay" selector="4000000"/>
    <refine-value idref="xccdf_org.ssgproject.content_value_login_banner_text" selector="dod_banners"/>
    <refine-value idref="xccdf_org.ssgproject.content_value_var_removable_partition" selector="dev_cdrom"/>
    <refine-value idref="xccdf_org.ssgproject.content_value_var_sssd_memcache_timeout" selector="1_day"/>
    <refine-value idref="xccdf_org.ssgproject.content_value_var_time_service_set_maxpoll" selector="18_hours"/>
    <refine-value idref="xccdf_org.ssgproject.content_value_var_accounts_minimum_age_login_defs" selector="7"/>
    <refine-value idref="xccdf_org.ssgproject.content_value_var_accounts_authorized_local_users_regex" selector="sle15"/>
    <refine-value idref="xccdf_org.ssgproject.content_value_var_accounts_max_concurrent_login_sessions" selector="10"/>
    <refine-value idref="xccdf_org.ssgproject.content_value_var_password_pam_tally2" selector="3"/>
    <refine-value idref="xccdf_org.ssgproject.content_value_var_auditd_disk_full_action" selector="syslog"/>
    <refine-value idref="xccdf_org.ssgproject.content_value_var_password_hashing_min_rounds_login_defs" selector="100000"/>
    <refine-value idref="xccdf_org.ssgproject.content_value_sshd_idle_timeout_value" selector="10_minutes"/>
    <refine-value idref="xccdf_org.ssgproject.content_value_var_sshd_set_keepalive" selector="1"/>
  </Profile>
  <Group id="xccdf_org.ssgproject.content_group_system">
    <title xmlns:xhtml="http://www.w3.org/1999/xhtml" xml:lang="en-US">System Settings</title>
    <description xmlns:xhtml="http://www.w3.org/1999/xhtml" xml:lang="en-US">Contains rules that check correct system settings.</description>
    <Group id="xccdf_org.ssgproject.content_group_software">
      <title xmlns:xhtml="http://www.w3.org/1999/xhtml" xml:lang="en-US">Installing and Maintaining Software</title>
      <description xmlns:xhtml="http://www.w3.org/1999/xhtml" xml:lang="en-US">The following sections contain information on
security-relevant choices during the initial operating system
installation process and the setup of software
updates.</description>
      <Rule id="xccdf_org.ssgproject.content_rule_prefer_64bit_os" selected="false" role="full" severity="medium">
        <title xmlns:xhtml="http://www.w3.org/1999/xhtml" xml:lang="en-US">Prefer to use a 64-bit Operating System when supported</title>
        <description xmlns:xhtml="http://www.w3.org/1999/xhtml" xml:lang="en-US">Prefer installation of 64-bit operating systems when the CPU supports it.</description>
        <warning xmlns:xhtml="http://www.w3.org/1999/xhtml" xml:lang="en-US" category="general">There is no remediation besides installing a 64-bit operating system.</warning>
        <reference href="https://cyber.gouv.fr/sites/default/files/document/linux_configuration-en-v2.pdf">R1</reference>
        <rationale xmlns:xhtml="http://www.w3.org/1999/xhtml" xml:lang="en-US">Use of a 64-bit operating system offers a few advantages, like a larger address space range for
Address Space Layout Randomization (ASLR) and systematic presence of No eXecute and Execute Disable (NX/XD) protection bits.</rationale>
        <ident system="https://ncp.nist.gov/cce">CCE-91195-8</ident>
        <check system="http://oval.mitre.org/XMLSchema/oval-definitions-5">
          <check-content-ref name="oval:ssg-prefer_64bit_os:def:1" href="ssg-sle15-oval.xml"/>
        </check>
        <check system="http://scap.nist.gov/schema/ocil/2">
          <check-content-ref name="ocil:ssg-prefer_64bit_os_ocil:questionnaire:1" href="ssg-sle15-ocil.xml"/>
        </check>
      </Rule>
      <Group id="xccdf_org.ssgproject.content_group_integrity">
        <title xmlns:xhtml="http://www.w3.org/1999/xhtml" xml:lang="en-US">System and Software Integrity</title>
        <description xmlns:xhtml="http://www.w3.org/1999/xhtml" xml:lang="en-US">System and software integrity can be gained by installing antivirus, increasing
system encryption strength with FIPS, verifying installed software, enabling SELinux,
installing an Intrusion Prevention System, etc. However, installing or enabling integrity
checking tools cannot <html:i xmlns:html="http://www.w3.org/1999/xhtml">prevent</html:i> intrusions, but they can detect that an intrusion
may have occurred. Requirements for integrity checking may be highly dependent on
the environment in which the system will be used. Snapshot-based approaches such
as AIDE may induce considerable overhead in the presence of frequent software updates.</description>
        <Rule id="xccdf_org.ssgproject.content_rule_disable_prelink" selected="false" role="full" severity="medium">
          <title xmlns:xhtml="http://www.w3.org/1999/xhtml" xml:lang="en-US">Disable Prelinking</title>
          <description xmlns:xhtml="http://www.w3.org/1999/xhtml" xml:lang="en-US">The prelinking feature changes binaries in an attempt to decrease their startup
time. In order to disable it, change or add the following line inside the file
<html:code xmlns:html="http://www.w3.org/1999/xhtml">/etc/sysconfig/prelink</html:code>:
<html:pre xmlns:html="http://www.w3.org/1999/xhtml">PRELINKING=no</html:pre>
Next, run the following command to return binaries to a normal, non-prelinked state:
<html:pre xmlns:html="http://www.w3.org/1999/xhtml">$ sudo /usr/sbin/prelink -ua</html:pre>
       </description>
          <reference href="https://www.cisecurity.org/controls/">11</reference>
          <reference href="https://www.cisecurity.org/controls/">13</reference>
          <reference href="https://www.cisecurity.org/controls/">14</reference>
          <reference href="https://www.cisecurity.org/controls/">2</reference>
          <reference href="https://www.cisecurity.org/controls/">3</reference>
          <reference href="https://www.cisecurity.org/controls/">9</reference>
          <reference href="https://www.fbi.gov/file-repository/cjis-security-policy-v5_5_20160601-2-1.pdf">5.10.1.3</reference>
          <reference href="https://www.isaca.org/resources/cobit">APO01.06</reference>
          <reference href="https://www.isaca.org/resources/cobit">BAI02.01</reference>
          <reference href="https://www.isaca.org/resources/cobit">BAI03.05</reference>
          <reference href="https://www.isaca.org/resources/cobit">BAI06.01</reference>
          <reference href="https://www.isaca.org/resources/cobit">BAI10.01</reference>
          <reference href="https://www.isaca.org/resources/cobit">BAI10.02</reference>
          <reference href="https://www.isaca.org/resources/cobit">BAI10.03</reference>
          <reference href="https://www.isaca.org/resources/cobit">BAI10.05</reference>
          <reference href="https://www.isaca.org/resources/cobit">DSS04.07</reference>
          <reference href="https://www.isaca.org/resources/cobit">DSS05.03</reference>
          <reference href="https://www.isaca.org/resources/cobit">DSS06.02</reference>
          <reference href="https://www.isaca.org/resources/cobit">DSS06.06</reference>
          <reference href="http://nvlpubs.nist.gov/nistpubs/SpecialPublications/NIST.SP.800-171.pdf">3.13.11</reference>
          <reference href="https://www.isa.org/products/isa-62443-2-1-2009-security-for-industrial-automat">4.3.4.3.2</reference>
          <reference href="https://www.isa.org/products/isa-62443-2-1-2009-security-for-industrial-automat">4.3.4.3.3</reference>
          <reference href="https://www.isa.org/products/isa-62443-2-1-2009-security-for-industrial-automat">4.3.4.4.4</reference>
          <reference href="https://www.isa.org/products/ansi-isa-62443-3-3-99-03-03-2013-security-for-indu">SR 3.1</reference>
          <reference href="https://www.isa.org/products/ansi-isa-62443-3-3-99-03-03-2013-security-for-indu">SR 3.3</reference>
          <reference href="https://www.isa.org/products/ansi-isa-62443-3-3-99-03-03-2013-security-for-indu">SR 3.4</reference>
          <reference href="https://www.isa.org/products/ansi-isa-62443-3-3-99-03-03-2013-security-for-indu">SR 3.8</reference>
          <reference href="https://www.isa.org/products/ansi-isa-62443-3-3-99-03-03-2013-security-for-indu">SR 4.1</reference>
          <reference href="https://www.isa.org/products/ansi-isa-62443-3-3-99-03-03-2013-security-for-indu">SR 7.6</reference>
          <reference href="https://www.iso.org/contents/data/standard/05/45/54534.html">A.11.2.4</reference>
          <reference href="https://www.iso.org/contents/data/standard/05/45/54534.html">A.12.1.2</reference>
          <reference href="https://www.iso.org/contents/data/standard/05/45/54534.html">A.12.2.1</reference>
          <reference href="https://www.iso.org/contents/data/standard/05/45/54534.html">A.12.5.1</reference>
          <reference href="https://www.iso.org/contents/data/standard/05/45/54534.html">A.12.6.2</reference>
          <reference href="https://www.iso.org/contents/data/standard/05/45/54534.html">A.14.1.2</reference>
          <reference href="https://www.iso.org/contents/data/standard/05/45/54534.html">A.14.1.3</reference>
          <reference href="https://www.iso.org/contents/data/standard/05/45/54534.html">A.14.2.2</reference>
          <reference href="https://www.iso.org/contents/data/standard/05/45/54534.html">A.14.2.3</reference>
          <reference href="https://www.iso.org/contents/data/standard/05/45/54534.html">A.14.2.4</reference>
          <reference href="https://www.iso.org/contents/data/standard/05/45/54534.html">A.8.2.3</reference>
          <reference href="https://www.nerc.com/standards/reliability-standards/cip">CIP-003-8 R4.2</reference>
          <reference href="https://www.nerc.com/standards/reliability-standards/cip">CIP-007-3 R5.1</reference>
          <reference href="http://nvlpubs.nist.gov/nistpubs/SpecialPublications/NIST.SP.800-53r4.pdf">SC-13</reference>
          <reference href="http://nvlpubs.nist.gov/nistpubs/SpecialPublications/NIST.SP.800-53r4.pdf">CM-6(a)</reference>
          <reference href="https://nvlpubs.nist.gov/nistpubs/CSWP/NIST.CSWP.04162018.pdf">PR.DS-1</reference>
          <reference href="https://nvlpubs.nist.gov/nistpubs/CSWP/NIST.CSWP.04162018.pdf">PR.DS-6</reference>
          <reference href="https://nvlpubs.nist.gov/nistpubs/CSWP/NIST.CSWP.04162018.pdf">PR.DS-8</reference>
          <reference href="https://nvlpubs.nist.gov/nistpubs/CSWP/NIST.CSWP.04162018.pdf">PR.IP-1</reference>
          <reference href="https://www.pcisecuritystandards.org/documents/PCI_DSS_v3-2-1.pdf">Req-11.5</reference>
          <reference href="https://www.cisecurity.org/benchmark/suse_linux/">1.6.4</reference>
          <rationale xmlns:xhtml="http://www.w3.org/1999/xhtml" xml:lang="en-US">Because the prelinking feature changes binaries, it can interfere with the
operation of certain software and/or modes such as AIDE, FIPS, etc.</rationale>
          <ident system="https://ncp.nist.gov/cce">CCE-91341-8</ident>
          <fix xmlns:xhtml="http://www.w3.org/1999/xhtml" id="disable_prelink" system="urn:xccdf:fix:script:sh"># prelink not installed
if test -e /etc/sysconfig/prelink -o -e /usr/sbin/prelink; then
    if grep -q ^PRELINKING /etc/sysconfig/prelink
    then
        sed -i 's/^PRELINKING[:blank:]*=[:blank:]*[:alpha:]*/PRELINKING=no/' /etc/sysconfig/prelink
    else
        printf '\n' &gt;&gt; /etc/sysconfig/prelink
        printf '%s\n' '# Set PRELINKING=no per security requirements' 'PRELINKING=no' &gt;&gt; /etc/sysconfig/prelink
    fi

    # Undo previous prelink changes to binaries if prelink is available.
    if test -x /usr/sbin/prelink; then
        /usr/sbin/prelink -ua
    fi
fi
</fix>
          <fix xmlns:xhtml="http://www.w3.org/1999/xhtml" id="disable_prelink" system="urn:xccdf:fix:script:ansible" complexity="low" disruption="low" strategy="restrict">- name: Does prelink file exist
  ansible.builtin.stat:
    path: /etc/sysconfig/prelink
  register: prelink_exists
  tags:
  - CCE-91341-8
  - CJIS-5.10.1.3
  - NIST-800-171-3.13.11
  - NIST-800-53-CM-6(a)
  - NIST-800-53-SC-13
  - PCI-DSS-Req-11.5
  - disable_prelink
  - low_complexity
  - low_disruption
  - medium_severity
  - no_reboot_needed
  - restrict_strategy

- name: Disable prelinking
  ansible.builtin.lineinfile:
    path: /etc/sysconfig/prelink
    regexp: ^PRELINKING=
    line: PRELINKING=no
  when: prelink_exists.stat.exists
  tags:
  - CCE-91341-8
  - CJIS-5.10.1.3
  - NIST-800-171-3.13.11
  - NIST-800-53-CM-6(a)
  - NIST-800-53-SC-13
  - PCI-DSS-Req-11.5
  - disable_prelink
  - low_complexity
  - low_disruption
  - medium_severity
  - no_reboot_needed
  - restrict_strategy
</fix>
          <check system="http://oval.mitre.org/XMLSchema/oval-definitions-5">
            <check-content-ref name="oval:ssg-disable_prelink:def:1" href="ssg-sle15-oval.xml"/>
          </check>
        </Rule>
        <Group id="xccdf_org.ssgproject.content_group_software-integrity">
          <title xmlns:xhtml="http://www.w3.org/1999/xhtml" xml:lang="en-US">Software Integrity Checking</title>
          <description xmlns:xhtml="http://www.w3.org/1999/xhtml" xml:lang="en-US">Both the AIDE (Advanced Intrusion Detection Environment)
software and the RPM package management system provide
mechanisms for verifying the integrity of installed software.
AIDE uses snapshots of file metadata (such as hashes) and compares these
to current system files in order to detect changes.
<html:br xmlns:html="http://www.w3.org/1999/xhtml"/>
        <html:br xmlns:html="http://www.w3.org/1999/xhtml"/>
The RPM package management system can conduct integrity
checks by comparing information in its metadata database with
files installed on the system.</description>
          <Value id="xccdf_org.ssgproject.content_value_var_aide_scan_notification_email" type="string" interactive="true">
            <title xmlns:xhtml="http://www.w3.org/1999/xhtml" xml:lang="en-US">Integrity Scan Notification Email Address</title>
            <description xmlns:xhtml="http://www.w3.org/1999/xhtml" xml:lang="en-US">Specify the email address for designated personnel if baseline
configurations are changed in an unauthorized manner.</description>
            <value>root@localhost</value>
          </Value>
          <Group id="xccdf_org.ssgproject.content_group_rpm_verification">
            <title xmlns:xhtml="http://www.w3.org/1999/xhtml" xml:lang="en-US">Verify Integrity with RPM</title>
            <description xmlns:xhtml="http://www.w3.org/1999/xhtml" xml:lang="en-US">The RPM package management system includes the ability
to verify the integrity of installed packages by comparing the
installed files with information about the files taken from the
package metadata stored in the RPM database. Although an attacker
could corrupt the RPM database (analogous to attacking the AIDE
database as described above), this check can still reveal
modification of important files. To list which files on the system differ from what is expected by the RPM database:
<html:pre xmlns:html="http://www.w3.org/1999/xhtml">$ rpm -qVa</html:pre>
See the man page for <html:code xmlns:html="http://www.w3.org/1999/xhtml">rpm</html:code> to see a complete explanation of each column.</description>
            <platform idref="#not_bootc"/>
            <Rule id="xccdf_org.ssgproject.content_rule_rpm_verify_hashes" selected="false" role="full" severity="high">
              <title xmlns:xhtml="http://www.w3.org/1999/xhtml" xml:lang="en-US">Verify File Hashes with RPM</title>
              <description xmlns:xhtml="http://www.w3.org/1999/xhtml" xml:lang="en-US">Without cryptographic integrity protections, system executables and files can be altered by
unauthorized users without detection. The RPM package management system can check the hashes
of installed software packages, including many that are important to system security.

To verify that the cryptographic hash of system files and commands matches vendor values, run
the following command to list which files on the system have hashes that differ from what is
expected by the RPM database:
<html:pre xmlns:html="http://www.w3.org/1999/xhtml">$ rpm -Va --noconfig | grep '^..5'</html:pre>

If the file was not expected to change, investigate the cause of the change using audit logs
or other means. The package can then be reinstalled to restore the file. Run the following
command to determine which package owns the file:
<html:pre xmlns:html="http://www.w3.org/1999/xhtml">$ rpm -qf <html:i>FILENAME</html:i>
          </html:pre>

The package can be reinstalled from a zypper repository using the command:
<html:pre xmlns:html="http://www.w3.org/1999/xhtml">$ sudo zypper reinstall <html:i>PACKAGENAME</html:i>
          </html:pre>

Alternatively, the package can be reinstalled from trusted media using the command:
<html:pre xmlns:html="http://www.w3.org/1999/xhtml">$ sudo rpm -Uvh <html:i>PACKAGENAME</html:i>
          </html:pre>
         </description>
              <warning xmlns:xhtml="http://www.w3.org/1999/xhtml" xml:lang="en-US" category="general">This rule can take a long time to perform the check and might consume a considerable
amount of resources depending on the number of packages present on the system. It is not a
problem in most cases, but especially systems with a large number of installed packages
can be affected.</warning>
              <reference href="https://www.cisecurity.org/controls/">11</reference>
              <reference href="https://www.cisecurity.org/controls/">2</reference>
              <reference href="https://www.cisecurity.org/controls/">3</reference>
              <reference href="https://www.cisecurity.org/controls/">9</reference>
              <reference href="https://www.fbi.gov/file-repository/cjis-security-policy-v5_5_20160601-2-1.pdf">5.10.4.1</reference>
              <reference href="https://www.isaca.org/resources/cobit">APO01.06</reference>
              <reference href="https://www.isaca.org/resources/cobit">BAI03.05</reference>
              <reference href="https://www.isaca.org/resources/cobit">BAI06.01</reference>
              <reference href="https://www.isaca.org/resources/cobit">BAI10.01</reference>
              <reference href="https://www.isaca.org/resources/cobit">BAI10.02</reference>
              <reference href="https://www.isaca.org/resources/cobit">BAI10.03</reference>
              <reference href="https://www.isaca.org/resources/cobit">BAI10.05</reference>
              <reference href="https://www.isaca.org/resources/cobit">DSS06.02</reference>
              <reference href="http://nvlpubs.nist.gov/nistpubs/SpecialPublications/NIST.SP.800-171.pdf">3.3.8</reference>
              <reference href="http://nvlpubs.nist.gov/nistpubs/SpecialPublications/NIST.SP.800-171.pdf">3.4.1</reference>
              <reference href="https://www.gpo.gov/fdsys/pkg/CFR-2007-title45-vol1/pdf/CFR-2007-title45-vol1-chapA-subchapC.pdf">164.308(a)(1)(ii)(D)</reference>
              <reference href="https://www.gpo.gov/fdsys/pkg/CFR-2007-title45-vol1/pdf/CFR-2007-title45-vol1-chapA-subchapC.pdf">164.312(b)</reference>
              <reference href="https://www.gpo.gov/fdsys/pkg/CFR-2007-title45-vol1/pdf/CFR-2007-title45-vol1-chapA-subchapC.pdf">164.312(c)(1)</reference>
              <reference href="https://www.gpo.gov/fdsys/pkg/CFR-2007-title45-vol1/pdf/CFR-2007-title45-vol1-chapA-subchapC.pdf">164.312(c)(2)</reference>
              <reference href="https://www.gpo.gov/fdsys/pkg/CFR-2007-title45-vol1/pdf/CFR-2007-title45-vol1-chapA-subchapC.pdf">164.312(e)(2)(i)</reference>
              <reference href="https://www.isa.org/products/isa-62443-2-1-2009-security-for-industrial-automat">4.3.4.3.2</reference>
              <reference href="https://www.isa.org/products/isa-62443-2-1-2009-security-for-industrial-automat">4.3.4.3.3</reference>
              <reference href="https://www.isa.org/products/isa-62443-2-1-2009-security-for-industrial-automat">4.3.4.4.4</reference>
              <reference href="https://www.isa.org/products/ansi-isa-62443-3-3-99-03-03-2013-security-for-indu">SR 3.1</reference>
              <reference href="https://www.isa.org/products/ansi-isa-62443-3-3-99-03-03-2013-security-for-indu">SR 3.3</reference>
              <reference href="https://www.isa.org/products/ansi-isa-62443-3-3-99-03-03-2013-security-for-indu">SR 3.4</reference>
              <reference href="https://www.isa.org/products/ansi-isa-62443-3-3-99-03-03-2013-security-for-indu">SR 3.8</reference>
              <reference href="https://www.isa.org/products/ansi-isa-62443-3-3-99-03-03-2013-security-for-indu">SR 7.6</reference>
              <reference href="https://www.iso.org/contents/data/standard/05/45/54534.html">A.11.2.4</reference>
              <reference href="https://www.iso.org/contents/data/standard/05/45/54534.html">A.12.1.2</reference>
              <reference href="https://www.iso.org/contents/data/standard/05/45/54534.html">A.12.2.1</reference>
              <reference href="https://www.iso.org/contents/data/standard/05/45/54534.html">A.12.5.1</reference>
              <reference href="https://www.iso.org/contents/data/standard/05/45/54534.html">A.12.6.2</reference>
              <reference href="https://www.iso.org/contents/data/standard/05/45/54534.html">A.14.1.2</reference>
              <reference href="https://www.iso.org/contents/data/standard/05/45/54534.html">A.14.1.3</reference>
              <reference href="https://www.iso.org/contents/data/standard/05/45/54534.html">A.14.2.2</reference>
              <reference href="https://www.iso.org/contents/data/standard/05/45/54534.html">A.14.2.3</reference>
              <reference href="https://www.iso.org/contents/data/standard/05/45/54534.html">A.14.2.4</reference>
              <reference href="http://nvlpubs.nist.gov/nistpubs/SpecialPublications/NIST.SP.800-53r4.pdf">CM-6(d)</reference>
              <reference href="http://nvlpubs.nist.gov/nistpubs/SpecialPublications/NIST.SP.800-53r4.pdf">CM-6(c)</reference>
              <reference href="http://nvlpubs.nist.gov/nistpubs/SpecialPublications/NIST.SP.800-53r4.pdf">SI-7</reference>
              <reference href="http://nvlpubs.nist.gov/nistpubs/SpecialPublications/NIST.SP.800-53r4.pdf">SI-7(1)</reference>
              <reference href="http://nvlpubs.nist.gov/nistpubs/SpecialPublications/NIST.SP.800-53r4.pdf">SI-7(6)</reference>
              <reference href="http://nvlpubs.nist.gov/nistpubs/SpecialPublications/NIST.SP.800-53r4.pdf">AU-9(3)</reference>
              <reference href="https://nvlpubs.nist.gov/nistpubs/CSWP/NIST.CSWP.04162018.pdf">PR.DS-6</reference>
              <reference href="https://nvlpubs.nist.gov/nistpubs/CSWP/NIST.CSWP.04162018.pdf">PR.DS-8</reference>
              <reference href="https://nvlpubs.nist.gov/nistpubs/CSWP/NIST.CSWP.04162018.pdf">PR.IP-1</reference>
              <reference href="https://www.pcisecuritystandards.org/documents/PCI_DSS_v3-2-1.pdf">Req-11.5</reference>
              <reference href="https://www.cyber.mil/stigs/downloads/?_dl_facet_stigs=operating-systems%2Cgeneral-purpose-os">SRG-OS-000480-GPOS-00227</reference>
              <reference href="https://www.cyber.gov.au/acsc/view-all-content/ism">1409</reference>
              <reference href="https://docs-prv.pcisecuritystandards.org/PCI%20DSS/Standard/PCI-DSS-v4_0.pdf">11.5.2</reference>
              <rationale xmlns:xhtml="http://www.w3.org/1999/xhtml" xml:lang="en-US">The hashes of important files like system executables should match the
information given by the RPM database. Executables with erroneous hashes could
be a sign of nefarious activity on the system.</rationale>
              <ident system="https://ncp.nist.gov/cce">CCE-85788-8</ident>
              <fix xmlns:xhtml="http://www.w3.org/1999/xhtml" id="rpm_verify_hashes" system="urn:xccdf:fix:script:sh"># Remediation is applicable only in certain platforms
if ! ( { rpm --quiet -q kernel ;} &amp;&amp; { rpm --quiet -q rpm-ostree ;} &amp;&amp; { rpm --quiet -q bootc ;} &amp;&amp; { ! rpm --quiet -q openshift-kubelet ;} &amp;&amp; ([ -f /run/ostree-booted ] || [ -L /ostree ]) ); then

# Find which files have incorrect hash (not in /etc, because of the system related config files) and then get files names
files_with_incorrect_hash="$(rpm -Va --noconfig | grep -E '^..5' | awk '{print $NF}' )"

if [ -n "$files_with_incorrect_hash" ]; then
    # From files names get package names and change newline to space, because rpm writes each package to new line
    packages_to_reinstall="$(rpm -qf $files_with_incorrect_hash | tr '\n' ' ')"

    
    zypper install -f -y $packages_to_reinstall
    
fi

else
    &gt;&amp;2 echo 'Remediation is not applicable, nothing was done'
fi
</fix>
              <fix xmlns:xhtml="http://www.w3.org/1999/xhtml" id="rpm_verify_hashes" system="urn:xccdf:fix:script:ansible" complexity="high" disruption="medium" strategy="restrict">- name: Gather the package facts
  package_facts:
    manager: auto
  tags:
  - CCE-85788-8
  - CJIS-5.10.4.1
  - NIST-800-171-3.3.8
  - NIST-800-171-3.4.1
  - NIST-800-53-AU-9(3)
  - NIST-800-53-CM-6(c)
  - NIST-800-53-CM-6(d)
  - NIST-800-53-SI-7
  - NIST-800-53-SI-7(1)
  - NIST-800-53-SI-7(6)
  - PCI-DSS-Req-11.5
  - PCI-DSSv4-11.5.2
  - high_complexity
  - high_severity
  - medium_disruption
  - no_reboot_needed
  - restrict_strategy
  - rpm_verify_hashes

- name: 'Set fact: Package manager reinstall command'
  ansible.builtin.set_fact:
    package_manager_reinstall_cmd: zypper reinstall -y
  when:
  - not ( "kernel" in ansible_facts.packages and "rpm-ostree" in ansible_facts.packages
    and "bootc" in ansible_facts.packages and not "openshift-kubelet" in ansible_facts.packages
    and "ostree" in ansible_proc_cmdline )
  - ansible_distribution in [ "Fedora", "RedHat", "CentOS", "OracleLinux", "AlmaLinux"
    ]
  tags:
  - CCE-85788-8
  - CJIS-5.10.4.1
  - NIST-800-171-3.3.8
  - NIST-800-171-3.4.1
  - NIST-800-53-AU-9(3)
  - NIST-800-53-CM-6(c)
  - NIST-800-53-CM-6(d)
  - NIST-800-53-SI-7
  - NIST-800-53-SI-7(1)
  - NIST-800-53-SI-7(6)
  - PCI-DSS-Req-11.5
  - PCI-DSSv4-11.5.2
  - high_complexity
  - high_severity
  - medium_disruption
  - no_reboot_needed
  - restrict_strategy
  - rpm_verify_hashes

- name: 'Set fact: Package manager reinstall command (zypper)'
  ansible.builtin.set_fact:
    package_manager_reinstall_cmd: zypper in -f -y
  when:
  - not ( "kernel" in ansible_facts.packages and "rpm-ostree" in ansible_facts.packages
    and "bootc" in ansible_facts.packages and not "openshift-kubelet" in ansible_facts.packages
    and "ostree" in ansible_proc_cmdline )
  - ansible_distribution == "SLES"
  tags:
  - CCE-85788-8
  - CJIS-5.10.4.1
  - NIST-800-171-3.3.8
  - NIST-800-171-3.4.1
  - NIST-800-53-AU-9(3)
  - NIST-800-53-CM-6(c)
  - NIST-800-53-CM-6(d)
  - NIST-800-53-SI-7
  - NIST-800-53-SI-7(1)
  - NIST-800-53-SI-7(6)
  - PCI-DSS-Req-11.5
  - PCI-DSSv4-11.5.2
  - high_complexity
  - high_severity
  - medium_disruption
  - no_reboot_needed
  - restrict_strategy
  - rpm_verify_hashes

- name: Read files with incorrect hash
  ansible.builtin.command: rpm -Va --nodeps --nosize --nomtime --nordev --nocaps --nolinkto
    --nouser --nogroup --nomode --noghost --noconfig
  register: files_with_incorrect_hash
  changed_when: false
  failed_when: files_with_incorrect_hash.rc &gt; 1
  check_mode: false
  when:
  - not ( "kernel" in ansible_facts.packages and "rpm-ostree" in ansible_facts.packages
    and "bootc" in ansible_facts.packages and not "openshift-kubelet" in ansible_facts.packages
    and "ostree" in ansible_proc_cmdline )
  - (package_manager_reinstall_cmd is defined)
  tags:
  - CCE-85788-8
  - CJIS-5.10.4.1
  - NIST-800-171-3.3.8
  - NIST-800-171-3.4.1
  - NIST-800-53-AU-9(3)
  - NIST-800-53-CM-6(c)
  - NIST-800-53-CM-6(d)
  - NIST-800-53-SI-7
  - NIST-800-53-SI-7(1)
  - NIST-800-53-SI-7(6)
  - PCI-DSS-Req-11.5
  - PCI-DSSv4-11.5.2
  - high_complexity
  - high_severity
  - medium_disruption
  - no_reboot_needed
  - restrict_strategy
  - rpm_verify_hashes

- name: Create list of packages
  ansible.builtin.command: rpm -qf "{{ item }}"
  with_items: '{{ files_with_incorrect_hash.stdout_lines | map(''regex_findall'',
    ''^[.]+[5]+.* (\/.*)'', ''\1'') | map(''join'') | select(''match'', ''(\/.*)'')
    | list | unique }}'
  register: list_of_packages
  changed_when: false
  check_mode: false
  when:
  - not ( "kernel" in ansible_facts.packages and "rpm-ostree" in ansible_facts.packages
    and "bootc" in ansible_facts.packages and not "openshift-kubelet" in ansible_facts.packages
    and "ostree" in ansible_proc_cmdline )
  - files_with_incorrect_hash.stdout_lines is defined
  - (files_with_incorrect_hash.stdout_lines | length &gt; 0)
  tags:
  - CCE-85788-8
  - CJIS-5.10.4.1
  - NIST-800-171-3.3.8
  - NIST-800-171-3.4.1
  - NIST-800-53-AU-9(3)
  - NIST-800-53-CM-6(c)
  - NIST-800-53-CM-6(d)
  - NIST-800-53-SI-7
  - NIST-800-53-SI-7(1)
  - NIST-800-53-SI-7(6)
  - PCI-DSS-Req-11.5
  - PCI-DSSv4-11.5.2
  - high_complexity
  - high_severity
  - medium_disruption
  - no_reboot_needed
  - restrict_strategy
  - rpm_verify_hashes

- name: Reinstall packages of files with incorrect hash
  ansible.builtin.command: '{{ package_manager_reinstall_cmd }} ''{{ item }}'''
  with_items: '{{ list_of_packages.results | map(attribute=''stdout_lines'') | list
    | unique }}'
  when:
  - not ( "kernel" in ansible_facts.packages and "rpm-ostree" in ansible_facts.packages
    and "bootc" in ansible_facts.packages and not "openshift-kubelet" in ansible_facts.packages
    and "ostree" in ansible_proc_cmdline )
  - files_with_incorrect_hash.stdout_lines is defined
  - (package_manager_reinstall_cmd is defined and (files_with_incorrect_hash.stdout_lines
    | length &gt; 0))
  tags:
  - CCE-85788-8
  - CJIS-5.10.4.1
  - NIST-800-171-3.3.8
  - NIST-800-171-3.4.1
  - NIST-800-53-AU-9(3)
  - NIST-800-53-CM-6(c)
  - NIST-800-53-CM-6(d)
  - NIST-800-53-SI-7
  - NIST-800-53-SI-7(1)
  - NIST-800-53-SI-7(6)
  - PCI-DSS-Req-11.5
  - PCI-DSSv4-11.5.2
  - high_complexity
  - high_severity
  - medium_disruption
  - no_reboot_needed
  - restrict_strategy
  - rpm_verify_hashes
</fix>
              <check system="http://oval.mitre.org/XMLSchema/oval-definitions-5">
                <check-content-ref name="oval:ssg-rpm_verify_hashes:def:1" href="ssg-sle15-oval.xml"/>
              </check>
              <check system="http://scap.nist.gov/schema/ocil/2">
                <check-content-ref name="ocil:ssg-rpm_verify_hashes_ocil:questionnaire:1" href="ssg-sle15-ocil.xml"/>
              </check>
            </Rule>
            <Rule id="xccdf_org.ssgproject.content_rule_rpm_verify_ownership" selected="false" role="full" severity="high">
              <title xmlns:xhtml="http://www.w3.org/1999/xhtml" xml:lang="en-US">Verify and Correct Ownership with RPM</title>
              <description xmlns:xhtml="http://www.w3.org/1999/xhtml" xml:lang="en-US">The RPM package management system can check file ownership permissions of installed software
packages, including many that are important to system security. After locating a file with
incorrect permissions, which can be found with:
<html:pre xmlns:html="http://www.w3.org/1999/xhtml">rpm -Va | awk '{ if (substr($0,6,1)=="U" || substr($0,7,1)=="G") print $NF }'</html:pre>
run the following command to determine which package owns it:
<html:pre xmlns:html="http://www.w3.org/1999/xhtml">$ rpm -qf <html:i>FILENAME</html:i>
          </html:pre>
Next, run the following command to reset its permissions to the correct values:
<html:pre xmlns:html="http://www.w3.org/1999/xhtml">$ sudo rpm --restore <html:i>PACKAGENAME</html:i>
          </html:pre>
         </description>
              <warning xmlns:xhtml="http://www.w3.org/1999/xhtml" xml:lang="en-US" category="general">Profiles may require that specific files be owned by root while the default owner defined
by the vendor is different. Such files will be reported as a finding and need to be
evaluated according to your policy and deployment environment.</warning>
              <warning xmlns:xhtml="http://www.w3.org/1999/xhtml" xml:lang="en-US" category="general">This rule can take a long time to perform the check and might consume a considerable
amount of resources depending on the number of packages present on the system. It is not a
problem in most cases, but especially systems with a large number of installed packages
can be affected.</warning>
              <reference href="https://www.cisecurity.org/controls/">1</reference>
              <reference href="https://www.cisecurity.org/controls/">11</reference>
              <reference href="https://www.cisecurity.org/controls/">12</reference>
              <reference href="https://www.cisecurity.org/controls/">13</reference>
              <reference href="https://www.cisecurity.org/controls/">14</reference>
              <reference href="https://www.cisecurity.org/controls/">15</reference>
              <reference href="https://www.cisecurity.org/controls/">16</reference>
              <reference href="https://www.cisecurity.org/controls/">18</reference>
              <reference href="https://www.cisecurity.org/controls/">3</reference>
              <reference href="https://www.cisecurity.org/controls/">5</reference>
              <reference href="https://www.cisecurity.org/controls/">6</reference>
              <reference href="https://www.cisecurity.org/controls/">9</reference>
              <reference href="https://www.fbi.gov/file-repository/cjis-security-policy-v5_5_20160601-2-1.pdf">5.10.4.1</reference>
              <reference href="https://www.isaca.org/resources/cobit">APO01.06</reference>
              <reference href="https://www.isaca.org/resources/cobit">APO11.04</reference>
              <reference href="https://www.isaca.org/resources/cobit">BAI03.05</reference>
              <reference href="https://www.isaca.org/resources/cobit">BAI10.01</reference>
              <reference href="https://www.isaca.org/resources/cobit">BAI10.02</reference>
              <reference href="https://www.isaca.org/resources/cobit">BAI10.03</reference>
              <reference href="https://www.isaca.org/resources/cobit">BAI10.05</reference>
              <reference href="https://www.isaca.org/resources/cobit">DSS05.04</reference>
              <reference href="https://www.isaca.org/resources/cobit">DSS05.07</reference>
              <reference href="https://www.isaca.org/resources/cobit">DSS06.02</reference>
              <reference href="https://www.isaca.org/resources/cobit">MEA02.01</reference>
              <reference href="http://nvlpubs.nist.gov/nistpubs/SpecialPublications/NIST.SP.800-171.pdf">3.3.8</reference>
              <reference href="http://nvlpubs.nist.gov/nistpubs/SpecialPublications/NIST.SP.800-171.pdf">3.4.1</reference>
              <reference href="https://www.isa.org/products/isa-62443-2-1-2009-security-for-industrial-automat">4.3.3.3.9</reference>
              <reference href="https://www.isa.org/products/isa-62443-2-1-2009-security-for-industrial-automat">4.3.3.5.8</reference>
              <reference href="https://www.isa.org/products/isa-62443-2-1-2009-security-for-industrial-automat">4.3.3.7.3</reference>
              <reference href="https://www.isa.org/products/isa-62443-2-1-2009-security-for-industrial-automat">4.3.4.3.2</reference>
              <reference href="https://www.isa.org/products/isa-62443-2-1-2009-security-for-industrial-automat">4.3.4.3.3</reference>
              <reference href="https://www.isa.org/products/isa-62443-2-1-2009-security-for-industrial-automat">4.3.4.4.7</reference>
              <reference href="https://www.isa.org/products/isa-62443-2-1-2009-security-for-industrial-automat">4.4.2.1</reference>
              <reference href="https://www.isa.org/products/isa-62443-2-1-2009-security-for-industrial-automat">4.4.2.2</reference>
              <reference href="https://www.isa.org/products/isa-62443-2-1-2009-security-for-industrial-automat">4.4.2.4</reference>
              <reference href="https://www.isa.org/products/ansi-isa-62443-3-3-99-03-03-2013-security-for-indu">SR 2.1</reference>
              <reference href="https://www.isa.org/products/ansi-isa-62443-3-3-99-03-03-2013-security-for-indu">SR 2.10</reference>
              <reference href="https://www.isa.org/products/ansi-isa-62443-3-3-99-03-03-2013-security-for-indu">SR 2.11</reference>
              <reference href="https://www.isa.org/products/ansi-isa-62443-3-3-99-03-03-2013-security-for-indu">SR 2.12</reference>
              <reference href="https://www.isa.org/products/ansi-isa-62443-3-3-99-03-03-2013-security-for-indu">SR 2.8</reference>
              <reference href="https://www.isa.org/products/ansi-isa-62443-3-3-99-03-03-2013-security-for-indu">SR 2.9</reference>
              <reference href="https://www.isa.org/products/ansi-isa-62443-3-3-99-03-03-2013-security-for-indu">SR 5.2</reference>
              <reference href="https://www.isa.org/products/ansi-isa-62443-3-3-99-03-03-2013-security-for-indu">SR 7.6</reference>
              <reference href="https://www.iso.org/contents/data/standard/05/45/54534.html">A.10.1.1</reference>
              <reference href="https://www.iso.org/contents/data/standard/05/45/54534.html">A.11.1.4</reference>
              <reference href="https://www.iso.org/contents/data/standard/05/45/54534.html">A.11.1.5</reference>
              <reference href="https://www.iso.org/contents/data/standard/05/45/54534.html">A.11.2.1</reference>
              <reference href="https://www.iso.org/contents/data/standard/05/45/54534.html">A.12.1.2</reference>
              <reference href="https://www.iso.org/contents/data/standard/05/45/54534.html">A.12.4.1</reference>
              <reference href="https://www.iso.org/contents/data/standard/05/45/54534.html">A.12.4.2</reference>
              <reference href="https://www.iso.org/contents/data/standard/05/45/54534.html">A.12.4.3</reference>
              <reference href="https://www.iso.org/contents/data/standard/05/45/54534.html">A.12.4.4</reference>
              <reference href="https://www.iso.org/contents/data/standard/05/45/54534.html">A.12.5.1</reference>
              <reference href="https://www.iso.org/contents/data/standard/05/45/54534.html">A.12.6.2</reference>
              <reference href="https://www.iso.org/contents/data/standard/05/45/54534.html">A.12.7.1</reference>
              <reference href="https://www.iso.org/contents/data/standard/05/45/54534.html">A.13.1.1</reference>
              <reference href="https://www.iso.org/contents/data/standard/05/45/54534.html">A.13.1.3</reference>
              <reference href="https://www.iso.org/contents/data/standard/05/45/54534.html">A.13.2.1</reference>
              <reference href="https://www.iso.org/contents/data/standard/05/45/54534.html">A.13.2.3</reference>
              <reference href="https://www.iso.org/contents/data/standard/05/45/54534.html">A.13.2.4</reference>
              <reference href="https://www.iso.org/contents/data/standard/05/45/54534.html">A.14.1.2</reference>
              <reference href="https://www.iso.org/contents/data/standard/05/45/54534.html">A.14.1.3</reference>
              <reference href="https://www.iso.org/contents/data/standard/05/45/54534.html">A.14.2.2</reference>
              <reference href="https://www.iso.org/contents/data/standard/05/45/54534.html">A.14.2.3</reference>
              <reference href="https://www.iso.org/contents/data/standard/05/45/54534.html">A.14.2.4</reference>
              <reference href="https://www.iso.org/contents/data/standard/05/45/54534.html">A.6.1.2</reference>
              <reference href="https://www.iso.org/contents/data/standard/05/45/54534.html">A.7.1.1</reference>
              <reference href="https://www.iso.org/contents/data/standard/05/45/54534.html">A.7.1.2</reference>
              <reference href="https://www.iso.org/contents/data/standard/05/45/54534.html">A.7.3.1</reference>
              <reference href="https://www.iso.org/contents/data/standard/05/45/54534.html">A.8.2.2</reference>
              <reference href="https://www.iso.org/contents/data/standard/05/45/54534.html">A.8.2.3</reference>
              <reference href="https://www.iso.org/contents/data/standard/05/45/54534.html">A.9.1.1</reference>
              <reference href="https://www.iso.org/contents/data/standard/05/45/54534.html">A.9.1.2</reference>
              <reference href="https://www.iso.org/contents/data/standard/05/45/54534.html">A.9.2.3</reference>
              <reference href="https://www.iso.org/contents/data/standard/05/45/54534.html">A.9.4.1</reference>
              <reference href="https://www.iso.org/contents/data/standard/05/45/54534.html">A.9.4.4</reference>
              <reference href="https://www.iso.org/contents/data/standard/05/45/54534.html">A.9.4.5</reference>
              <reference href="https://www.nerc.com/standards/reliability-standards/cip">CIP-003-8 R4.2</reference>
              <reference href="https://www.nerc.com/standards/reliability-standards/cip">CIP-003-8 R6</reference>
              <reference href="https://www.nerc.com/standards/reliability-standards/cip">CIP-007-3 R4</reference>
              <reference href="https://www.nerc.com/standards/reliability-standards/cip">CIP-007-3 R4.1</reference>
              <reference href="https://www.nerc.com/standards/reliability-standards/cip">CIP-007-3 R4.2</reference>
              <reference href="http://nvlpubs.nist.gov/nistpubs/SpecialPublications/NIST.SP.800-53r4.pdf">CM-6(d)</reference>
              <reference href="http://nvlpubs.nist.gov/nistpubs/SpecialPublications/NIST.SP.800-53r4.pdf">CM-6(c)</reference>
              <reference href="http://nvlpubs.nist.gov/nistpubs/SpecialPublications/NIST.SP.800-53r4.pdf">SI-7</reference>
              <reference href="http://nvlpubs.nist.gov/nistpubs/SpecialPublications/NIST.SP.800-53r4.pdf">SI-7(1)</reference>
              <reference href="http://nvlpubs.nist.gov/nistpubs/SpecialPublications/NIST.SP.800-53r4.pdf">SI-7(6)</reference>
              <reference href="http://nvlpubs.nist.gov/nistpubs/SpecialPublications/NIST.SP.800-53r4.pdf">AU-9(3)</reference>
              <reference href="https://nvlpubs.nist.gov/nistpubs/CSWP/NIST.CSWP.04162018.pdf">PR.AC-4</reference>
              <reference href="https://nvlpubs.nist.gov/nistpubs/CSWP/NIST.CSWP.04162018.pdf">PR.DS-5</reference>
              <reference href="https://nvlpubs.nist.gov/nistpubs/CSWP/NIST.CSWP.04162018.pdf">PR.IP-1</reference>
              <reference href="https://nvlpubs.nist.gov/nistpubs/CSWP/NIST.CSWP.04162018.pdf">PR.PT-1</reference>
              <reference href="https://www.pcisecuritystandards.org/documents/PCI_DSS_v3-2-1.pdf">Req-11.5</reference>
              <reference href="https://www.cyber.mil/stigs/downloads/?_dl_facet_stigs=operating-systems%2Cgeneral-purpose-os">SRG-OS-000256-GPOS-00097</reference>
              <reference href="https://www.cyber.mil/stigs/downloads/?_dl_facet_stigs=operating-systems%2Cgeneral-purpose-os">SRG-OS-000257-GPOS-00098</reference>
              <reference href="https://www.cyber.mil/stigs/downloads/?_dl_facet_stigs=operating-systems%2Cgeneral-purpose-os">SRG-OS-000278-GPOS-00108</reference>
              <reference href="https://www.cisecurity.org/benchmark/suse_linux/">6.1.1</reference>
              <reference href="not_publicly_available">SLES-15-900150000</reference>
              <reference href="https://www.cyber.gov.au/acsc/view-all-content/ism">1409</reference>
              <reference href="https://docs-prv.pcisecuritystandards.org/PCI%20DSS/Standard/PCI-DSS-v4_0.pdf">11.5.2</reference>
              <rationale xmlns:xhtml="http://www.w3.org/1999/xhtml" xml:lang="en-US">Ownership of binaries and configuration files that is incorrect could allow an unauthorized
user to gain privileges that they should not have. The ownership set by the vendor should be
maintained. Any deviations from this baseline should be investigated.</rationale>
              <ident system="https://ncp.nist.gov/cce">CCE-91290-7</ident>
              <fix xmlns:xhtml="http://www.w3.org/1999/xhtml" id="rpm_verify_ownership" system="urn:xccdf:fix:script:sh" complexity="high" disruption="medium" strategy="restrict"># Remediation is applicable only in certain platforms
if ! ( { rpm --quiet -q kernel ;} &amp;&amp; { rpm --quiet -q rpm-ostree ;} &amp;&amp; { rpm --quiet -q bootc ;} &amp;&amp; { ! rpm --quiet -q openshift-kubelet ;} &amp;&amp; ([ -f /run/ostree-booted ] || [ -L /ostree ]) ); then

# Declare array to hold set of RPM packages we need to correct permissions for
declare -A SETPERMS_RPM_DICT

# Create a list of files on the system having permissions different from what
# is expected by the RPM database
readarray -t FILES_WITH_INCORRECT_PERMS &lt; &lt;(rpm -Va --nofiledigest | awk '{ if (substr($0,6,1)=="U" || substr($0,7,1)=="G") print $NF }')

for FILE_PATH in "${FILES_WITH_INCORRECT_PERMS[@]}"
do
        RPM_PACKAGE=$(rpm -qf "$FILE_PATH")
	# Use an associative array to store packages as it's keys, not having to care about duplicates.
	SETPERMS_RPM_DICT["$RPM_PACKAGE"]=1
done

# For each of the RPM packages left in the list -- reset its permissions to the
# correct values
for RPM_PACKAGE in "${!SETPERMS_RPM_DICT[@]}"
do
        rpm --restore "${RPM_PACKAGE}"
done

else
    &gt;&amp;2 echo 'Remediation is not applicable, nothing was done'
fi
</fix>
              <fix xmlns:xhtml="http://www.w3.org/1999/xhtml" id="rpm_verify_ownership" system="urn:xccdf:fix:script:ansible" complexity="high" disruption="medium" strategy="restrict">- name: Gather the package facts
  package_facts:
    manager: auto
  tags:
  - CCE-91290-7
  - CJIS-5.10.4.1
  - NIST-800-171-3.3.8
  - NIST-800-171-3.4.1
  - NIST-800-53-AU-9(3)
  - NIST-800-53-CM-6(c)
  - NIST-800-53-CM-6(d)
  - NIST-800-53-SI-7
  - NIST-800-53-SI-7(1)
  - NIST-800-53-SI-7(6)
  - PCI-DSS-Req-11.5
  - PCI-DSSv4-11.5.2
  - high_complexity
  - high_severity
  - medium_disruption
  - no_reboot_needed
  - restrict_strategy
  - rpm_verify_ownership

- name: Read list of files with incorrect ownership
  ansible.builtin.command: rpm -Va --nodeps --nosignature --nofiledigest --nosize
    --nomtime --nordev --nocaps --nolinkto --nomode
  register: files_with_incorrect_ownership
  failed_when: files_with_incorrect_ownership.rc &gt; 1
  changed_when: false
  check_mode: false
  when: not ( "kernel" in ansible_facts.packages and "rpm-ostree" in ansible_facts.packages
    and "bootc" in ansible_facts.packages and not "openshift-kubelet" in ansible_facts.packages
    and "ostree" in ansible_proc_cmdline )
  tags:
  - CCE-91290-7
  - CJIS-5.10.4.1
  - NIST-800-171-3.3.8
  - NIST-800-171-3.4.1
  - NIST-800-53-AU-9(3)
  - NIST-800-53-CM-6(c)
  - NIST-800-53-CM-6(d)
  - NIST-800-53-SI-7
  - NIST-800-53-SI-7(1)
  - NIST-800-53-SI-7(6)
  - PCI-DSS-Req-11.5
  - PCI-DSSv4-11.5.2
  - high_complexity
  - high_severity
  - medium_disruption
  - no_reboot_needed
  - restrict_strategy
  - rpm_verify_ownership

- name: Create list of packages
  ansible.builtin.command: rpm -qf "{{ item }}"
  with_items: '{{ files_with_incorrect_ownership.stdout_lines | map(''regex_findall'',
    ''^[.]+[U|G]+.* (\/.*)'', ''\1'') | map(''join'') | select(''match'', ''(\/.*)'')
    | list | unique }}'
  register: list_of_packages
  changed_when: false
  check_mode: false
  when:
  - not ( "kernel" in ansible_facts.packages and "rpm-ostree" in ansible_facts.packages
    and "bootc" in ansible_facts.packages and not "openshift-kubelet" in ansible_facts.packages
    and "ostree" in ansible_proc_cmdline )
  - (files_with_incorrect_ownership.stdout_lines | length &gt; 0)
  tags:
  - CCE-91290-7
  - CJIS-5.10.4.1
  - NIST-800-171-3.3.8
  - NIST-800-171-3.4.1
  - NIST-800-53-AU-9(3)
  - NIST-800-53-CM-6(c)
  - NIST-800-53-CM-6(d)
  - NIST-800-53-SI-7
  - NIST-800-53-SI-7(1)
  - NIST-800-53-SI-7(6)
  - PCI-DSS-Req-11.5
  - PCI-DSSv4-11.5.2
  - high_complexity
  - high_severity
  - medium_disruption
  - no_reboot_needed
  - restrict_strategy
  - rpm_verify_ownership

- name: Correct file ownership with RPM
  ansible.builtin.command: rpm --restore '{{ item }}'
  with_items: '{{ list_of_packages.results | map(attribute=''stdout_lines'') | list
    | unique }}'
  when:
  - not ( "kernel" in ansible_facts.packages and "rpm-ostree" in ansible_facts.packages
    and "bootc" in ansible_facts.packages and not "openshift-kubelet" in ansible_facts.packages
    and "ostree" in ansible_proc_cmdline )
  - (files_with_incorrect_ownership.stdout_lines | length &gt; 0)
  tags:
  - CCE-91290-7
  - CJIS-5.10.4.1
  - NIST-800-171-3.3.8
  - NIST-800-171-3.4.1
  - NIST-800-53-AU-9(3)
  - NIST-800-53-CM-6(c)
  - NIST-800-53-CM-6(d)
  - NIST-800-53-SI-7
  - NIST-800-53-SI-7(1)
  - NIST-800-53-SI-7(6)
  - PCI-DSS-Req-11.5
  - PCI-DSSv4-11.5.2
  - high_complexity
  - high_severity
  - medium_disruption
  - no_reboot_needed
  - restrict_strategy
  - rpm_verify_ownership
</fix>
              <check system="http://oval.mitre.org/XMLSchema/oval-definitions-5">
                <check-content-ref name="oval:ssg-rpm_verify_ownership:def:1" href="ssg-sle15-oval.xml"/>
              </check>
              <check system="http://scap.nist.gov/schema/ocil/2">
                <check-content-ref name="ocil:ssg-rpm_verify_ownership_ocil:questionnaire:1" href="ssg-sle15-ocil.xml"/>
              </check>
            </Rule>
            <Rule id="xccdf_org.ssgproject.content_rule_rpm_verify_permissions" selected="false" role="full" severity="high">
              <title xmlns:xhtml="http://www.w3.org/1999/xhtml" xml:lang="en-US">Verify and Correct File Permissions with RPM</title>
              <description xmlns:xhtml="http://www.w3.org/1999/xhtml" xml:lang="en-US">The RPM package management system can check file access permissions of installed software
packages, including many that are important to system security. Verify that the file
permissions of system files and commands match vendor values. Check the file permissions with
the following command:
<html:pre xmlns:html="http://www.w3.org/1999/xhtml">$ sudo rpm -Va | awk '{ if (substr($0,2,1)=="M") print $NF }'</html:pre>
Output indicates files that do not match vendor defaults.

After locating a file with incorrect permissions, run the following command to determine which
package owns it:
<html:pre xmlns:html="http://www.w3.org/1999/xhtml">$ rpm -qf <html:i>FILENAME</html:i>
          </html:pre>
          <html:br xmlns:html="http://www.w3.org/1999/xhtml"/>
Next, run the following command to reset its permissions to the correct values:
<html:pre xmlns:html="http://www.w3.org/1999/xhtml">$ sudo rpm --restore <html:i>PACKAGENAME</html:i>
          </html:pre>
         </description>
              <warning xmlns:xhtml="http://www.w3.org/1999/xhtml" xml:lang="en-US" category="general">Profiles may require that specific files have stricter file permissions than defined by
the vendor. Such files will be reported as a finding and need to be evaluated according to
your policy and deployment environment.</warning>
              <warning xmlns:xhtml="http://www.w3.org/1999/xhtml" xml:lang="en-US" category="general">This rule can take a long time to perform the check and might consume a considerable
amount of resources depending on the number of packages present on the system. It is not a
problem in most cases, but especially systems with a large number of installed packages
can be affected.</warning>
              <reference href="https://www.cisecurity.org/controls/">1</reference>
              <reference href="https://www.cisecurity.org/controls/">11</reference>
              <reference href="https://www.cisecurity.org/controls/">12</reference>
              <reference href="https://www.cisecurity.org/controls/">13</reference>
              <reference href="https://www.cisecurity.org/controls/">14</reference>
              <reference href="https://www.cisecurity.org/controls/">15</reference>
              <reference href="https://www.cisecurity.org/controls/">16</reference>
              <reference href="https://www.cisecurity.org/controls/">18</reference>
              <reference href="https://www.cisecurity.org/controls/">3</reference>
              <reference href="https://www.cisecurity.org/controls/">5</reference>
              <reference href="https://www.cisecurity.org/controls/">6</reference>
              <reference href="https://www.cisecurity.org/controls/">9</reference>
              <reference href="https://www.fbi.gov/file-repository/cjis-security-policy-v5_5_20160601-2-1.pdf">5.10.4.1</reference>
              <reference href="https://www.isaca.org/resources/cobit">APO01.06</reference>
              <reference href="https://www.isaca.org/resources/cobit">APO11.04</reference>
              <reference href="https://www.isaca.org/resources/cobit">BAI03.05</reference>
              <reference href="https://www.isaca.org/resources/cobit">BAI10.01</reference>
              <reference href="https://www.isaca.org/resources/cobit">BAI10.02</reference>
              <reference href="https://www.isaca.org/resources/cobit">BAI10.03</reference>
              <reference href="https://www.isaca.org/resources/cobit">BAI10.05</reference>
              <reference href="https://www.isaca.org/resources/cobit">DSS05.04</reference>
              <reference href="https://www.isaca.org/resources/cobit">DSS05.07</reference>
              <reference href="https://www.isaca.org/resources/cobit">DSS06.02</reference>
              <reference href="https://www.isaca.org/resources/cobit">MEA02.01</reference>
              <reference href="http://nvlpubs.nist.gov/nistpubs/SpecialPublications/NIST.SP.800-171.pdf">3.3.8</reference>
              <reference href="http://nvlpubs.nist.gov/nistpubs/SpecialPublications/NIST.SP.800-171.pdf">3.4.1</reference>
              <reference href="https://www.gpo.gov/fdsys/pkg/CFR-2007-title45-vol1/pdf/CFR-2007-title45-vol1-chapA-subchapC.pdf">164.308(a)(1)(ii)(D)</reference>
              <reference href="https://www.gpo.gov/fdsys/pkg/CFR-2007-title45-vol1/pdf/CFR-2007-title45-vol1-chapA-subchapC.pdf">164.312(b)</reference>
              <reference href="https://www.gpo.gov/fdsys/pkg/CFR-2007-title45-vol1/pdf/CFR-2007-title45-vol1-chapA-subchapC.pdf">164.312(c)(1)</reference>
              <reference href="https://www.gpo.gov/fdsys/pkg/CFR-2007-title45-vol1/pdf/CFR-2007-title45-vol1-chapA-subchapC.pdf">164.312(c)(2)</reference>
              <reference href="https://www.gpo.gov/fdsys/pkg/CFR-2007-title45-vol1/pdf/CFR-2007-title45-vol1-chapA-subchapC.pdf">164.312(e)(2)(i)</reference>
              <reference href="https://www.isa.org/products/isa-62443-2-1-2009-security-for-industrial-automat">4.3.3.3.9</reference>
              <reference href="https://www.isa.org/products/isa-62443-2-1-2009-security-for-industrial-automat">4.3.3.5.8</reference>
              <reference href="https://www.isa.org/products/isa-62443-2-1-2009-security-for-industrial-automat">4.3.3.7.3</reference>
              <reference href="https://www.isa.org/products/isa-62443-2-1-2009-security-for-industrial-automat">4.3.4.3.2</reference>
              <reference href="https://www.isa.org/products/isa-62443-2-1-2009-security-for-industrial-automat">4.3.4.3.3</reference>
              <reference href="https://www.isa.org/products/isa-62443-2-1-2009-security-for-industrial-automat">4.3.4.4.7</reference>
              <reference href="https://www.isa.org/products/isa-62443-2-1-2009-security-for-industrial-automat">4.4.2.1</reference>
              <reference href="https://www.isa.org/products/isa-62443-2-1-2009-security-for-industrial-automat">4.4.2.2</reference>
              <reference href="https://www.isa.org/products/isa-62443-2-1-2009-security-for-industrial-automat">4.4.2.4</reference>
              <reference href="https://www.isa.org/products/ansi-isa-62443-3-3-99-03-03-2013-security-for-indu">SR 2.1</reference>
              <reference href="https://www.isa.org/products/ansi-isa-62443-3-3-99-03-03-2013-security-for-indu">SR 2.10</reference>
              <reference href="https://www.isa.org/products/ansi-isa-62443-3-3-99-03-03-2013-security-for-indu">SR 2.11</reference>
              <reference href="https://www.isa.org/products/ansi-isa-62443-3-3-99-03-03-2013-security-for-indu">SR 2.12</reference>
              <reference href="https://www.isa.org/products/ansi-isa-62443-3-3-99-03-03-2013-security-for-indu">SR 2.8</reference>
              <reference href="https://www.isa.org/products/ansi-isa-62443-3-3-99-03-03-2013-security-for-indu">SR 2.9</reference>
              <reference href="https://www.isa.org/products/ansi-isa-62443-3-3-99-03-03-2013-security-for-indu">SR 5.2</reference>
              <reference href="https://www.isa.org/products/ansi-isa-62443-3-3-99-03-03-2013-security-for-indu">SR 7.6</reference>
              <reference href="https://www.iso.org/contents/data/standard/05/45/54534.html">A.10.1.1</reference>
              <reference href="https://www.iso.org/contents/data/standard/05/45/54534.html">A.11.1.4</reference>
              <reference href="https://www.iso.org/contents/data/standard/05/45/54534.html">A.11.1.5</reference>
              <reference href="https://www.iso.org/contents/data/standard/05/45/54534.html">A.11.2.1</reference>
              <reference href="https://www.iso.org/contents/data/standard/05/45/54534.html">A.12.1.2</reference>
              <reference href="https://www.iso.org/contents/data/standard/05/45/54534.html">A.12.4.1</reference>
              <reference href="https://www.iso.org/contents/data/standard/05/45/54534.html">A.12.4.2</reference>
              <reference href="https://www.iso.org/contents/data/standard/05/45/54534.html">A.12.4.3</reference>
              <reference href="https://www.iso.org/contents/data/standard/05/45/54534.html">A.12.4.4</reference>
              <reference href="https://www.iso.org/contents/data/standard/05/45/54534.html">A.12.5.1</reference>
              <reference href="https://www.iso.org/contents/data/standard/05/45/54534.html">A.12.6.2</reference>
              <reference href="https://www.iso.org/contents/data/standard/05/45/54534.html">A.12.7.1</reference>
              <reference href="https://www.iso.org/contents/data/standard/05/45/54534.html">A.13.1.1</reference>
              <reference href="https://www.iso.org/contents/data/standard/05/45/54534.html">A.13.1.3</reference>
              <reference href="https://www.iso.org/contents/data/standard/05/45/54534.html">A.13.2.1</reference>
              <reference href="https://www.iso.org/contents/data/standard/05/45/54534.html">A.13.2.3</reference>
              <reference href="https://www.iso.org/contents/data/standard/05/45/54534.html">A.13.2.4</reference>
              <reference href="https://www.iso.org/contents/data/standard/05/45/54534.html">A.14.1.2</reference>
              <reference href="https://www.iso.org/contents/data/standard/05/45/54534.html">A.14.1.3</reference>
              <reference href="https://www.iso.org/contents/data/standard/05/45/54534.html">A.14.2.2</reference>
              <reference href="https://www.iso.org/contents/data/standard/05/45/54534.html">A.14.2.3</reference>
              <reference href="https://www.iso.org/contents/data/standard/05/45/54534.html">A.14.2.4</reference>
              <reference href="https://www.iso.org/contents/data/standard/05/45/54534.html">A.6.1.2</reference>
              <reference href="https://www.iso.org/contents/data/standard/05/45/54534.html">A.7.1.1</reference>
              <reference href="https://www.iso.org/contents/data/standard/05/45/54534.html">A.7.1.2</reference>
              <reference href="https://www.iso.org/contents/data/standard/05/45/54534.html">A.7.3.1</reference>
              <reference href="https://www.iso.org/contents/data/standard/05/45/54534.html">A.8.2.2</reference>
              <reference href="https://www.iso.org/contents/data/standard/05/45/54534.html">A.8.2.3</reference>
              <reference href="https://www.iso.org/contents/data/standard/05/45/54534.html">A.9.1.1</reference>
              <reference href="https://www.iso.org/contents/data/standard/05/45/54534.html">A.9.1.2</reference>
              <reference href="https://www.iso.org/contents/data/standard/05/45/54534.html">A.9.2.3</reference>
              <reference href="https://www.iso.org/contents/data/standard/05/45/54534.html">A.9.4.1</reference>
              <reference href="https://www.iso.org/contents/data/standard/05/45/54534.html">A.9.4.4</reference>
              <reference href="https://www.iso.org/contents/data/standard/05/45/54534.html">A.9.4.5</reference>
              <reference href="https://www.nerc.com/standards/reliability-standards/cip">CIP-003-8 R4.2</reference>
              <reference href="https://www.nerc.com/standards/reliability-standards/cip">CIP-003-8 R6</reference>
              <reference href="https://www.nerc.com/standards/reliability-standards/cip">CIP-007-3 R4</reference>
              <reference href="https://www.nerc.com/standards/reliability-standards/cip">CIP-007-3 R4.1</reference>
              <reference href="https://www.nerc.com/standards/reliability-standards/cip">CIP-007-3 R4.2</reference>
              <reference href="http://nvlpubs.nist.gov/nistpubs/SpecialPublications/NIST.SP.800-53r4.pdf">CM-6(d)</reference>
              <reference href="http://nvlpubs.nist.gov/nistpubs/SpecialPublications/NIST.SP.800-53r4.pdf">CM-6(c)</reference>
              <reference href="http://nvlpubs.nist.gov/nistpubs/SpecialPublications/NIST.SP.800-53r4.pdf">SI-7</reference>
              <reference href="http://nvlpubs.nist.gov/nistpubs/SpecialPublications/NIST.SP.800-53r4.pdf">SI-7(1)</reference>
              <reference href="http://nvlpubs.nist.gov/nistpubs/SpecialPublications/NIST.SP.800-53r4.pdf">SI-7(6)</reference>
              <reference href="http://nvlpubs.nist.gov/nistpubs/SpecialPublications/NIST.SP.800-53r4.pdf">AU-9(3)</reference>
              <reference href="http://nvlpubs.nist.gov/nistpubs/SpecialPublications/NIST.SP.800-53r4.pdf">CM-6(a)</reference>
              <reference href="https://nvlpubs.nist.gov/nistpubs/CSWP/NIST.CSWP.04162018.pdf">PR.AC-4</reference>
              <reference href="https://nvlpubs.nist.gov/nistpubs/CSWP/NIST.CSWP.04162018.pdf">PR.DS-5</reference>
              <reference href="https://nvlpubs.nist.gov/nistpubs/CSWP/NIST.CSWP.04162018.pdf">PR.IP-1</reference>
              <reference href="https://nvlpubs.nist.gov/nistpubs/CSWP/NIST.CSWP.04162018.pdf">PR.PT-1</reference>
              <reference href="https://www.pcisecuritystandards.org/documents/PCI_DSS_v3-2-1.pdf">Req-11.5</reference>
              <reference href="https://www.cyber.mil/stigs/downloads/?_dl_facet_stigs=operating-systems%2Cgeneral-purpose-os">SRG-OS-000256-GPOS-00097</reference>
              <reference href="https://www.cyber.mil/stigs/downloads/?_dl_facet_stigs=operating-systems%2Cgeneral-purpose-os">SRG-OS-000257-GPOS-00098</reference>
              <reference href="https://www.cyber.mil/stigs/downloads/?_dl_facet_stigs=operating-systems%2Cgeneral-purpose-os">SRG-OS-000258-GPOS-00099</reference>
              <reference href="https://www.cyber.mil/stigs/downloads/?_dl_facet_stigs=operating-systems%2Cgeneral-purpose-os">SRG-OS-000278-GPOS-00108</reference>
              <reference href="https://www.cisecurity.org/benchmark/suse_linux/">6.1.1</reference>
              <reference href="not_publicly_available">SLES-15-900150000</reference>
              <reference href="https://www.cyber.gov.au/acsc/view-all-content/ism">1409</reference>
              <reference href="https://docs-prv.pcisecuritystandards.org/PCI%20DSS/Standard/PCI-DSS-v4_0.pdf">11.5.2</reference>
              <rationale xmlns:xhtml="http://www.w3.org/1999/xhtml" xml:lang="en-US">Permissions on system binaries and configuration files that are too generous could allow an
unauthorized user to gain privileges that they should not have. The permissions set by the
vendor should be maintained. Any deviations from this baseline should be investigated.</rationale>
              <ident system="https://ncp.nist.gov/cce">CCE-85782-1</ident>
              <fix xmlns:xhtml="http://www.w3.org/1999/xhtml" id="rpm_verify_permissions" system="urn:xccdf:fix:script:sh" complexity="high" disruption="medium" strategy="restrict"># Remediation is applicable only in certain platforms
if ! ( { rpm --quiet -q kernel ;} &amp;&amp; { rpm --quiet -q rpm-ostree ;} &amp;&amp; { rpm --quiet -q bootc ;} &amp;&amp; { ! rpm --quiet -q openshift-kubelet ;} &amp;&amp; ([ -f /run/ostree-booted ] || [ -L /ostree ]) ); then

# Declare array to hold set of RPM packages we need to correct permissions for
declare -A SETPERMS_RPM_DICT

# Create a list of files on the system having permissions different from what
# is expected by the RPM database
readarray -t FILES_WITH_INCORRECT_PERMS &lt; &lt;(rpm -Va --nofiledigest | awk '{ if (substr($0,2,1)=="M") print $NF }')

for FILE_PATH in "${FILES_WITH_INCORRECT_PERMS[@]}"
do
        # NOTE: some files maybe controlled by more then one package
        readarray -t RPM_PACKAGES &lt; &lt;(rpm -qf "${FILE_PATH}")
        for RPM_PACKAGE in "${RPM_PACKAGES[@]}"
        do
                # Use an associative array to store packages as it's keys, not having to care about duplicates.
                SETPERMS_RPM_DICT["$RPM_PACKAGE"]=1
        done
done

# For each of the RPM packages left in the list -- reset its permissions to the
# correct values
for RPM_PACKAGE in "${!SETPERMS_RPM_DICT[@]}"
do
	rpm --restore "${RPM_PACKAGE}"
done

else
    &gt;&amp;2 echo 'Remediation is not applicable, nothing was done'
fi
</fix>
              <fix xmlns:xhtml="http://www.w3.org/1999/xhtml" id="rpm_verify_permissions" system="urn:xccdf:fix:script:ansible" complexity="high" disruption="medium" strategy="restrict">- name: Gather the package facts
  package_facts:
    manager: auto
  tags:
  - CCE-85782-1
  - CJIS-5.10.4.1
  - NIST-800-171-3.3.8
  - NIST-800-171-3.4.1
  - NIST-800-53-AU-9(3)
  - NIST-800-53-CM-6(a)
  - NIST-800-53-CM-6(c)
  - NIST-800-53-CM-6(d)
  - NIST-800-53-SI-7
  - NIST-800-53-SI-7(1)
  - NIST-800-53-SI-7(6)
  - PCI-DSS-Req-11.5
  - PCI-DSSv4-11.5.2
  - high_complexity
  - high_severity
  - medium_disruption
  - no_reboot_needed
  - restrict_strategy
  - rpm_verify_permissions

- name: Read list of files with incorrect permissions
  ansible.builtin.command: rpm -Va --nodeps --nosignature --nofiledigest --nosize
    --nomtime --nordev --nocaps --nolinkto --nouser --nogroup
  register: files_with_incorrect_permissions
  failed_when: files_with_incorrect_permissions.rc &gt; 1
  changed_when: false
  check_mode: false
  when: not ( "kernel" in ansible_facts.packages and "rpm-ostree" in ansible_facts.packages
    and "bootc" in ansible_facts.packages and not "openshift-kubelet" in ansible_facts.packages
    and "ostree" in ansible_proc_cmdline )
  tags:
  - CCE-85782-1
  - CJIS-5.10.4.1
  - NIST-800-171-3.3.8
  - NIST-800-171-3.4.1
  - NIST-800-53-AU-9(3)
  - NIST-800-53-CM-6(a)
  - NIST-800-53-CM-6(c)
  - NIST-800-53-CM-6(d)
  - NIST-800-53-SI-7
  - NIST-800-53-SI-7(1)
  - NIST-800-53-SI-7(6)
  - PCI-DSS-Req-11.5
  - PCI-DSSv4-11.5.2
  - high_complexity
  - high_severity
  - medium_disruption
  - no_reboot_needed
  - restrict_strategy
  - rpm_verify_permissions

- name: Create list of packages
  ansible.builtin.command: rpm -qf "{{ item }}"
  with_items: '{{ files_with_incorrect_permissions.stdout_lines | map(''regex_findall'',
    ''^[.]+[M]+.* (\/.*)'', ''\1'') | map(''join'') | select(''match'', ''(\/.*)'')
    | list | unique }}'
  register: list_of_packages
  changed_when: false
  check_mode: false
  when:
  - not ( "kernel" in ansible_facts.packages and "rpm-ostree" in ansible_facts.packages
    and "bootc" in ansible_facts.packages and not "openshift-kubelet" in ansible_facts.packages
    and "ostree" in ansible_proc_cmdline )
  - (files_with_incorrect_permissions.stdout_lines | length &gt; 0)
  tags:
  - CCE-85782-1
  - CJIS-5.10.4.1
  - NIST-800-171-3.3.8
  - NIST-800-171-3.4.1
  - NIST-800-53-AU-9(3)
  - NIST-800-53-CM-6(a)
  - NIST-800-53-CM-6(c)
  - NIST-800-53-CM-6(d)
  - NIST-800-53-SI-7
  - NIST-800-53-SI-7(1)
  - NIST-800-53-SI-7(6)
  - PCI-DSS-Req-11.5
  - PCI-DSSv4-11.5.2
  - high_complexity
  - high_severity
  - medium_disruption
  - no_reboot_needed
  - restrict_strategy
  - rpm_verify_permissions

- name: Correct file permissions with RPM
  ansible.builtin.command: rpm --restore '{{ item }}'
  with_items: '{{ list_of_packages.results | map(attribute=''stdout_lines'') | list
    | unique }}'
  when:
  - not ( "kernel" in ansible_facts.packages and "rpm-ostree" in ansible_facts.packages
    and "bootc" in ansible_facts.packages and not "openshift-kubelet" in ansible_facts.packages
    and "ostree" in ansible_proc_cmdline )
  - (files_with_incorrect_permissions.stdout_lines | length &gt; 0)
  tags:
  - CCE-85782-1
  - CJIS-5.10.4.1
  - NIST-800-171-3.3.8
  - NIST-800-171-3.4.1
  - NIST-800-53-AU-9(3)
  - NIST-800-53-CM-6(a)
  - NIST-800-53-CM-6(c)
  - NIST-800-53-CM-6(d)
  - NIST-800-53-SI-7
  - NIST-800-53-SI-7(1)
  - NIST-800-53-SI-7(6)
  - PCI-DSS-Req-11.5
  - PCI-DSSv4-11.5.2
  - high_complexity
  - high_severity
  - medium_disruption
  - no_reboot_needed
  - restrict_strategy
  - rpm_verify_permissions
</fix>
              <check system="http://oval.mitre.org/XMLSchema/oval-definitions-5">
                <check-content-ref name="oval:ssg-rpm_verify_permissions:def:1" href="ssg-sle15-oval.xml"/>
              </check>
              <check system="http://scap.nist.gov/schema/ocil/2">
                <check-content-ref name="ocil:ssg-rpm_verify_permissions_ocil:questionnaire:1" href="ssg-sle15-ocil.xml"/>
              </check>
            </Rule>
          </Group>
          <Group id="xccdf_org.ssgproject.content_group_aide">
            <title xmlns:xhtml="http://www.w3.org/1999/xhtml" xml:lang="en-US">Verify Integrity with AIDE</title>
            <description xmlns:xhtml="http://www.w3.org/1999/xhtml" xml:lang="en-US">AIDE conducts integrity checks by comparing information about
files with previously-gathered information. Ideally, the AIDE database is
created immediately after initial system configuration, and then again after any
software update.  AIDE is highly configurable, with further configuration
information located in <html:code xmlns:html="http://www.w3.org/1999/xhtml">/usr/share/doc/aide-<html:i>VERSION</html:i>
         </html:code>.</description>
            <platform idref="#system_with_kernel"/>
            <Rule id="xccdf_org.ssgproject.content_rule_package_aide_installed" selected="false" role="full" severity="medium">
              <title xmlns:xhtml="http://www.w3.org/1999/xhtml" xml:lang="en-US">Install AIDE</title>
              <description xmlns:xhtml="http://www.w3.org/1999/xhtml" xml:lang="en-US">The <html:code xmlns:html="http://www.w3.org/1999/xhtml">aide</html:code> package can be installed with the following command:
<html:pre xmlns:html="http://www.w3.org/1999/xhtml">
$ sudo zypper install aide</html:pre>
         </description>
              <reference href="https://www.cisecurity.org/controls/">1</reference>
              <reference href="https://www.cisecurity.org/controls/">11</reference>
              <reference href="https://www.cisecurity.org/controls/">12</reference>
              <reference href="https://www.cisecurity.org/controls/">13</reference>
              <reference href="https://www.cisecurity.org/controls/">14</reference>
              <reference href="https://www.cisecurity.org/controls/">15</reference>
              <reference href="https://www.cisecurity.org/controls/">16</reference>
              <reference href="https://www.cisecurity.org/controls/">2</reference>
              <reference href="https://www.cisecurity.org/controls/">3</reference>
              <reference href="https://www.cisecurity.org/controls/">5</reference>
              <reference href="https://www.cisecurity.org/controls/">7</reference>
              <reference href="https://www.cisecurity.org/controls/">8</reference>
              <reference href="https://www.cisecurity.org/controls/">9</reference>
              <reference href="https://www.fbi.gov/file-repository/cjis-security-policy-v5_5_20160601-2-1.pdf">5.10.1.3</reference>
              <reference href="https://www.isaca.org/resources/cobit">APO01.06</reference>
              <reference href="https://www.isaca.org/resources/cobit">BAI01.06</reference>
              <reference href="https://www.isaca.org/resources/cobit">BAI02.01</reference>
              <reference href="https://www.isaca.org/resources/cobit">BAI03.05</reference>
              <reference href="https://www.isaca.org/resources/cobit">BAI06.01</reference>
              <reference href="https://www.isaca.org/resources/cobit">BAI10.01</reference>
              <reference href="https://www.isaca.org/resources/cobit">BAI10.02</reference>
              <reference href="https://www.isaca.org/resources/cobit">BAI10.03</reference>
              <reference href="https://www.isaca.org/resources/cobit">BAI10.05</reference>
              <reference href="https://www.isaca.org/resources/cobit">DSS01.03</reference>
              <reference href="https://www.isaca.org/resources/cobit">DSS03.05</reference>
              <reference href="https://www.isaca.org/resources/cobit">DSS04.07</reference>
              <reference href="https://www.isaca.org/resources/cobit">DSS05.02</reference>
              <reference href="https://www.isaca.org/resources/cobit">DSS05.03</reference>
              <reference href="https://www.isaca.org/resources/cobit">DSS05.05</reference>
              <reference href="https://www.isaca.org/resources/cobit">DSS05.07</reference>
              <reference href="https://www.isaca.org/resources/cobit">DSS06.02</reference>
              <reference href="https://www.isaca.org/resources/cobit">DSS06.06</reference>
              <reference href="https://www.isa.org/products/isa-62443-2-1-2009-security-for-industrial-automat">4.3.4.3.2</reference>
              <reference href="https://www.isa.org/products/isa-62443-2-1-2009-security-for-industrial-automat">4.3.4.3.3</reference>
              <reference href="https://www.isa.org/products/isa-62443-2-1-2009-security-for-industrial-automat">4.3.4.4.4</reference>
              <reference href="https://www.isa.org/products/ansi-isa-62443-3-3-99-03-03-2013-security-for-indu">SR 3.1</reference>
              <reference href="https://www.isa.org/products/ansi-isa-62443-3-3-99-03-03-2013-security-for-indu">SR 3.3</reference>
              <reference href="https://www.isa.org/products/ansi-isa-62443-3-3-99-03-03-2013-security-for-indu">SR 3.4</reference>
              <reference href="https://www.isa.org/products/ansi-isa-62443-3-3-99-03-03-2013-security-for-indu">SR 3.8</reference>
              <reference href="https://www.isa.org/products/ansi-isa-62443-3-3-99-03-03-2013-security-for-indu">SR 4.1</reference>
              <reference href="https://www.isa.org/products/ansi-isa-62443-3-3-99-03-03-2013-security-for-indu">SR 6.2</reference>
              <reference href="https://www.isa.org/products/ansi-isa-62443-3-3-99-03-03-2013-security-for-indu">SR 7.6</reference>
              <reference href="https://www.iso.org/contents/data/standard/05/45/54534.html">A.11.2.4</reference>
              <reference href="https://www.iso.org/contents/data/standard/05/45/54534.html">A.12.1.2</reference>
              <reference href="https://www.iso.org/contents/data/standard/05/45/54534.html">A.12.2.1</reference>
              <reference href="https://www.iso.org/contents/data/standard/05/45/54534.html">A.12.4.1</reference>
              <reference href="https://www.iso.org/contents/data/standard/05/45/54534.html">A.12.5.1</reference>
              <reference href="https://www.iso.org/contents/data/standard/05/45/54534.html">A.12.6.2</reference>
              <reference href="https://www.iso.org/contents/data/standard/05/45/54534.html">A.14.1.2</reference>
              <reference href="https://www.iso.org/contents/data/standard/05/45/54534.html">A.14.1.3</reference>
              <reference href="https://www.iso.org/contents/data/standard/05/45/54534.html">A.14.2.2</reference>
              <reference href="https://www.iso.org/contents/data/standard/05/45/54534.html">A.14.2.3</reference>
              <reference href="https://www.iso.org/contents/data/standard/05/45/54534.html">A.14.2.4</reference>
              <reference href="https://www.iso.org/contents/data/standard/05/45/54534.html">A.14.2.7</reference>
              <reference href="https://www.iso.org/contents/data/standard/05/45/54534.html">A.15.2.1</reference>
              <reference href="https://www.iso.org/contents/data/standard/05/45/54534.html">A.8.2.3</reference>
              <reference href="http://nvlpubs.nist.gov/nistpubs/SpecialPublications/NIST.SP.800-53r4.pdf">CM-6(a)</reference>
              <reference href="https://nvlpubs.nist.gov/nistpubs/CSWP/NIST.CSWP.04162018.pdf">DE.CM-1</reference>
              <reference href="https://nvlpubs.nist.gov/nistpubs/CSWP/NIST.CSWP.04162018.pdf">DE.CM-7</reference>
              <reference href="https://nvlpubs.nist.gov/nistpubs/CSWP/NIST.CSWP.04162018.pdf">PR.DS-1</reference>
              <reference href="https://nvlpubs.nist.gov/nistpubs/CSWP/NIST.CSWP.04162018.pdf">PR.DS-6</reference>
              <reference href="https://nvlpubs.nist.gov/nistpubs/CSWP/NIST.CSWP.04162018.pdf">PR.DS-8</reference>
              <reference href="https://nvlpubs.nist.gov/nistpubs/CSWP/NIST.CSWP.04162018.pdf">PR.IP-1</reference>
              <reference href="https://nvlpubs.nist.gov/nistpubs/CSWP/NIST.CSWP.04162018.pdf">PR.IP-3</reference>
              <reference href="https://www.pcisecuritystandards.org/documents/PCI_DSS_v3-2-1.pdf">Req-11.5</reference>
              <reference href="https://www.cyber.mil/stigs/downloads/?_dl_facet_stigs=operating-systems%2Cgeneral-purpose-os">SRG-OS-000445-GPOS-00199</reference>
              <reference href="https://www.cyber.mil/stigs/downloads/?_dl_facet_stigs=operating-systems%2Cunix-linux">SLES-15-010419</reference>
              <reference href="https://www.cisecurity.org/benchmark/suse_linux/">1.4.1</reference>
              <reference href="https://cyber.gouv.fr/sites/default/files/document/linux_configuration-en-v2.pdf">R76</reference>
              <reference href="https://cyber.gouv.fr/sites/default/files/document/linux_configuration-en-v2.pdf">R79</reference>
              <reference href="not_publicly_available">SLES-15-750150015</reference>
              <reference href="https://www.cyber.gov.au/acsc/view-all-content/ism">1034</reference>
              <reference href="https://www.cyber.gov.au/acsc/view-all-content/ism">1288</reference>
              <reference href="https://www.cyber.gov.au/acsc/view-all-content/ism">1341</reference>
              <reference href="https://www.cyber.gov.au/acsc/view-all-content/ism">1417</reference>
              <reference href="https://docs-prv.pcisecuritystandards.org/PCI%20DSS/Standard/PCI-DSS-v4_0.pdf">11.5.2</reference>
              <reference href="https://www.cyber.mil/stigs/srg-stig-tools/">SV-255922r958794_rule</reference>
              <rationale xmlns:xhtml="http://www.w3.org/1999/xhtml" xml:lang="en-US">The AIDE package must be installed if it is to be available for integrity checking.</rationale>
              <ident system="https://ncp.nist.gov/cce">CCE-83289-9</ident>
              <fix xmlns:xhtml="http://www.w3.org/1999/xhtml" id="package_aide_installed" system="urn:xccdf:fix:script:puppet" complexity="low" disruption="low" strategy="enable">include install_aide

class install_aide {
  package { 'aide':
    ensure =&gt; 'installed',
  }
}
</fix>
              <fix xmlns:xhtml="http://www.w3.org/1999/xhtml" id="package_aide_installed" system="urn:xccdf:fix:script:sh" complexity="low" disruption="low" strategy="enable"># Remediation is applicable only in certain platforms
if rpm --quiet -q kernel-default || rpm --quiet -q kernel-default-base; then

zypper install -y "aide"

else
    &gt;&amp;2 echo 'Remediation is not applicable, nothing was done'
fi
</fix>
              <fix xmlns:xhtml="http://www.w3.org/1999/xhtml" id="package_aide_installed" system="urn:redhat:osbuild:blueprint">
[[packages]]
name = "aide"
version = "*"
</fix>
              <fix xmlns:xhtml="http://www.w3.org/1999/xhtml" id="package_aide_installed" system="urn:xccdf:fix:script:ansible" complexity="low" disruption="low" strategy="enable">- name: Gather the package facts
  package_facts:
    manager: auto
  tags:
  - CCE-83289-9
  - CJIS-5.10.1.3
  - DISA-STIG-SLES-15-010419
  - NIST-800-53-CM-6(a)
  - PCI-DSS-Req-11.5
  - PCI-DSSv4-11.5.2
  - enable_strategy
  - low_complexity
  - low_disruption
  - medium_severity
  - no_reboot_needed
  - package_aide_installed

- name: Ensure aide is installed
  ansible.builtin.package:
    name: aide
    state: present
  when: ("kernel-default" in ansible_facts.packages or "kernel-default-base" in ansible_facts.packages)
  tags:
  - CCE-83289-9
  - CJIS-5.10.1.3
  - DISA-STIG-SLES-15-010419
  - NIST-800-53-CM-6(a)
  - PCI-DSS-Req-11.5
  - PCI-DSSv4-11.5.2
  - enable_strategy
  - low_complexity
  - low_disruption
  - medium_severity
  - no_reboot_needed
  - package_aide_installed
</fix>
              <check system="http://oval.mitre.org/XMLSchema/oval-definitions-5">
                <check-content-ref name="oval:ssg-package_aide_installed:def:1" href="ssg-sle15-oval.xml"/>
              </check>
              <check system="http://scap.nist.gov/schema/ocil/2">
                <check-content-ref name="ocil:ssg-package_aide_installed_ocil:questionnaire:1" href="ssg-sle15-ocil.xml"/>
              </check>
            </Rule>
            <Rule id="xccdf_org.ssgproject.content_rule_aide_build_database" selected="false" role="full" severity="medium">
              <title xmlns:xhtml="http://www.w3.org/1999/xhtml" xml:lang="en-US">Build and Test AIDE Database</title>
              <description xmlns:xhtml="http://www.w3.org/1999/xhtml" xml:lang="en-US">Run the following command to generate a new database:

<html:pre xmlns:html="http://www.w3.org/1999/xhtml">$ sudo /usr/bin/aide --init</html:pre>

By default, the database will be written to the file

<html:code xmlns:html="http://www.w3.org/1999/xhtml">/var/lib/aide/aide.db.new</html:code>.

Storing the database, the configuration file <html:code xmlns:html="http://www.w3.org/1999/xhtml">/etc/aide.conf</html:code>, and the binary
<html:code xmlns:html="http://www.w3.org/1999/xhtml">/usr/bin/aide</html:code>
(or hashes of these files), in a secure location (such as on read-only media) provides additional assurance about their integrity.
The newly-generated database can be installed as follows:

<html:pre xmlns:html="http://www.w3.org/1999/xhtml">$ sudo cp /var/lib/aide/aide.db.new /var/lib/aide/aide.db</html:pre>

To initiate a manual check, run the following command:
<html:pre xmlns:html="http://www.w3.org/1999/xhtml">$ sudo /usr/bin/aide --check</html:pre>
If this check produces any unexpected output, investigate.</description>
              <warning xmlns:xhtml="http://www.w3.org/1999/xhtml" xml:lang="en-US" category="general">In RHEL Image Mode (bootc) systems, the AIDE database must be regenerated after each system update.
Image Mode systems receive updates through new container images that may include modified files.
After applying system updates, run the following commands to regenerate the AIDE database:
<html:pre xmlns:html="http://www.w3.org/1999/xhtml">$ sudo /usr/bin/aide --init</html:pre>
Then replace the existing database:
<html:pre xmlns:html="http://www.w3.org/1999/xhtml">$ sudo cp /var/lib/aide/aide.db.new.gz /var/lib/aide/aide.db.gz</html:pre>
Failure to regenerate the AIDE database after updates will result in false positive alerts
for legitimate system changes introduced by the update process.</warning>
              <reference href="https://www.cisecurity.org/controls/">1</reference>
              <reference href="https://www.cisecurity.org/controls/">11</reference>
              <reference href="https://www.cisecurity.org/controls/">12</reference>
              <reference href="https://www.cisecurity.org/controls/">13</reference>
              <reference href="https://www.cisecurity.org/controls/">14</reference>
              <reference href="https://www.cisecurity.org/controls/">15</reference>
              <reference href="https://www.cisecurity.org/controls/">16</reference>
              <reference href="https://www.cisecurity.org/controls/">2</reference>
              <reference href="https://www.cisecurity.org/controls/">3</reference>
              <reference href="https://www.cisecurity.org/controls/">5</reference>
              <reference href="https://www.cisecurity.org/controls/">7</reference>
              <reference href="https://www.cisecurity.org/controls/">8</reference>
              <reference href="https://www.cisecurity.org/controls/">9</reference>
              <reference href="https://www.fbi.gov/file-repository/cjis-security-policy-v5_5_20160601-2-1.pdf">5.10.1.3</reference>
              <reference href="https://www.isaca.org/resources/cobit">APO01.06</reference>
              <reference href="https://www.isaca.org/resources/cobit">BAI01.06</reference>
              <reference href="https://www.isaca.org/resources/cobit">BAI02.01</reference>
              <reference href="https://www.isaca.org/resources/cobit">BAI03.05</reference>
              <reference href="https://www.isaca.org/resources/cobit">BAI06.01</reference>
              <reference href="https://www.isaca.org/resources/cobit">BAI10.01</reference>
              <reference href="https://www.isaca.org/resources/cobit">BAI10.02</reference>
              <reference href="https://www.isaca.org/resources/cobit">BAI10.03</reference>
              <reference href="https://www.isaca.org/resources/cobit">BAI10.05</reference>
              <reference href="https://www.isaca.org/resources/cobit">DSS01.03</reference>
              <reference href="https://www.isaca.org/resources/cobit">DSS03.05</reference>
              <reference href="https://www.isaca.org/resources/cobit">DSS04.07</reference>
              <reference href="https://www.isaca.org/resources/cobit">DSS05.02</reference>
              <reference href="https://www.isaca.org/resources/cobit">DSS05.03</reference>
              <reference href="https://www.isaca.org/resources/cobit">DSS05.05</reference>
              <reference href="https://www.isaca.org/resources/cobit">DSS05.07</reference>
              <reference href="https://www.isaca.org/resources/cobit">DSS06.02</reference>
              <reference href="https://www.isaca.org/resources/cobit">DSS06.06</reference>
              <reference href="https://www.isa.org/products/isa-62443-2-1-2009-security-for-industrial-automat">4.3.4.3.2</reference>
              <reference href="https://www.isa.org/products/isa-62443-2-1-2009-security-for-industrial-automat">4.3.4.3.3</reference>
              <reference href="https://www.isa.org/products/isa-62443-2-1-2009-security-for-industrial-automat">4.3.4.4.4</reference>
              <reference href="https://www.isa.org/products/ansi-isa-62443-3-3-99-03-03-2013-security-for-indu">SR 3.1</reference>
              <reference href="https://www.isa.org/products/ansi-isa-62443-3-3-99-03-03-2013-security-for-indu">SR 3.3</reference>
              <reference href="https://www.isa.org/products/ansi-isa-62443-3-3-99-03-03-2013-security-for-indu">SR 3.4</reference>
              <reference href="https://www.isa.org/products/ansi-isa-62443-3-3-99-03-03-2013-security-for-indu">SR 3.8</reference>
              <reference href="https://www.isa.org/products/ansi-isa-62443-3-3-99-03-03-2013-security-for-indu">SR 4.1</reference>
              <reference href="https://www.isa.org/products/ansi-isa-62443-3-3-99-03-03-2013-security-for-indu">SR 6.2</reference>
              <reference href="https://www.isa.org/products/ansi-isa-62443-3-3-99-03-03-2013-security-for-indu">SR 7.6</reference>
              <reference href="https://www.iso.org/contents/data/standard/05/45/54534.html">A.11.2.4</reference>
              <reference href="https://www.iso.org/contents/data/standard/05/45/54534.html">A.12.1.2</reference>
              <reference href="https://www.iso.org/contents/data/standard/05/45/54534.html">A.12.2.1</reference>
              <reference href="https://www.iso.org/contents/data/standard/05/45/54534.html">A.12.4.1</reference>
              <reference href="https://www.iso.org/contents/data/standard/05/45/54534.html">A.12.5.1</reference>
              <reference href="https://www.iso.org/contents/data/standard/05/45/54534.html">A.12.6.2</reference>
              <reference href="https://www.iso.org/contents/data/standard/05/45/54534.html">A.14.1.2</reference>
              <reference href="https://www.iso.org/contents/data/standard/05/45/54534.html">A.14.1.3</reference>
              <reference href="https://www.iso.org/contents/data/standard/05/45/54534.html">A.14.2.2</reference>
              <reference href="https://www.iso.org/contents/data/standard/05/45/54534.html">A.14.2.3</reference>
              <reference href="https://www.iso.org/contents/data/standard/05/45/54534.html">A.14.2.4</reference>
              <reference href="https://www.iso.org/contents/data/standard/05/45/54534.html">A.14.2.7</reference>
              <reference href="https://www.iso.org/contents/data/standard/05/45/54534.html">A.15.2.1</reference>
              <reference href="https://www.iso.org/contents/data/standard/05/45/54534.html">A.8.2.3</reference>
              <reference href="http://nvlpubs.nist.gov/nistpubs/SpecialPublications/NIST.SP.800-53r4.pdf">CM-6(a)</reference>
              <reference href="https://nvlpubs.nist.gov/nistpubs/CSWP/NIST.CSWP.04162018.pdf">DE.CM-1</reference>
              <reference href="https://nvlpubs.nist.gov/nistpubs/CSWP/NIST.CSWP.04162018.pdf">DE.CM-7</reference>
              <reference href="https://nvlpubs.nist.gov/nistpubs/CSWP/NIST.CSWP.04162018.pdf">PR.DS-1</reference>
              <reference href="https://nvlpubs.nist.gov/nistpubs/CSWP/NIST.CSWP.04162018.pdf">PR.DS-6</reference>
              <reference href="https://nvlpubs.nist.gov/nistpubs/CSWP/NIST.CSWP.04162018.pdf">PR.DS-8</reference>
              <reference href="https://nvlpubs.nist.gov/nistpubs/CSWP/NIST.CSWP.04162018.pdf">PR.IP-1</reference>
              <reference href="https://nvlpubs.nist.gov/nistpubs/CSWP/NIST.CSWP.04162018.pdf">PR.IP-3</reference>
              <reference href="https://www.pcisecuritystandards.org/documents/PCI_DSS_v3-2-1.pdf">Req-11.5</reference>
              <reference href="https://www.cyber.mil/stigs/downloads/?_dl_facet_stigs=operating-systems%2Cgeneral-purpose-os">SRG-OS-000445-GPOS-00199</reference>
              <reference href="https://www.cyber.mil/stigs/downloads/?_dl_facet_stigs=operating-systems%2Cunix-linux">SLES-15-010419</reference>
              <reference href="https://www.cisecurity.org/benchmark/suse_linux/">1.4.1</reference>
              <reference href="https://cyber.gouv.fr/sites/default/files/document/linux_configuration-en-v2.pdf">R76</reference>
              <reference href="https://cyber.gouv.fr/sites/default/files/document/linux_configuration-en-v2.pdf">R79</reference>
              <reference href="not_publicly_available">SLES-15-750150015</reference>
              <reference href="https://docs-prv.pcisecuritystandards.org/PCI%20DSS/Standard/PCI-DSS-v4_0.pdf">11.5.2</reference>
              <reference href="https://www.cyber.mil/stigs/srg-stig-tools/">SV-255922r958794_rule</reference>
              <rationale xmlns:xhtml="http://www.w3.org/1999/xhtml" xml:lang="en-US">For AIDE to be effective, an initial database of "known-good" information about files
must be captured and it should be able to be verified against the installed files.</rationale>
              <ident system="https://ncp.nist.gov/cce">CCE-85787-0</ident>
              <fix xmlns:xhtml="http://www.w3.org/1999/xhtml" id="aide_build_database" system="urn:xccdf:fix:script:sh"># Remediation is applicable only in certain platforms
if rpm --quiet -q kernel-default || rpm --quiet -q kernel-default-base; then

zypper -q --no-remote ref


zypper install -y "aide"

/usr/bin/aide --init
/bin/cp -p /var/lib/aide/aide.db.new /var/lib/aide/aide.db

else
    &gt;&amp;2 echo 'Remediation is not applicable, nothing was done'
fi
</fix>
              <fix xmlns:xhtml="http://www.w3.org/1999/xhtml" id="aide_build_database" system="urn:xccdf:fix:script:ansible" complexity="low" disruption="low" strategy="restrict">- name: Gather the package facts
  package_facts:
    manager: auto
  tags:
  - CCE-85787-0
  - CJIS-5.10.1.3
  - DISA-STIG-SLES-15-010419
  - NIST-800-53-CM-6(a)
  - PCI-DSS-Req-11.5
  - PCI-DSSv4-11.5.2
  - aide_build_database
  - low_complexity
  - low_disruption
  - medium_severity
  - no_reboot_needed
  - restrict_strategy

- name: Build and Test AIDE Database - Ensure Repositories Are Updated
  ansible.builtin.command: zypper -q --no-remote ref
  failed_when: false
  when: ("kernel-default" in ansible_facts.packages or "kernel-default-base" in ansible_facts.packages)
  tags:
  - CCE-85787-0
  - CJIS-5.10.1.3
  - DISA-STIG-SLES-15-010419
  - NIST-800-53-CM-6(a)
  - PCI-DSS-Req-11.5
  - PCI-DSSv4-11.5.2
  - aide_build_database
  - low_complexity
  - low_disruption
  - medium_severity
  - no_reboot_needed
  - restrict_strategy

- name: Build and Test AIDE Database - Ensure AIDE Is Installed
  ansible.builtin.package:
    name: '{{ item }}'
    state: present
  with_items:
  - aide
  when: ("kernel-default" in ansible_facts.packages or "kernel-default-base" in ansible_facts.packages)
  tags:
  - CCE-85787-0
  - CJIS-5.10.1.3
  - DISA-STIG-SLES-15-010419
  - NIST-800-53-CM-6(a)
  - PCI-DSS-Req-11.5
  - PCI-DSSv4-11.5.2
  - aide_build_database
  - low_complexity
  - low_disruption
  - medium_severity
  - no_reboot_needed
  - restrict_strategy

- name: Build and Test AIDE Database - Check Whether the Stock AIDE Database Exists
  ansible.builtin.stat:
    path: /var/lib/aide/aide.db.new
  register: aide_database_stat
  when: ("kernel-default" in ansible_facts.packages or "kernel-default-base" in ansible_facts.packages)
  tags:
  - CCE-85787-0
  - CJIS-5.10.1.3
  - DISA-STIG-SLES-15-010419
  - NIST-800-53-CM-6(a)
  - PCI-DSS-Req-11.5
  - PCI-DSSv4-11.5.2
  - aide_build_database
  - low_complexity
  - low_disruption
  - medium_severity
  - no_reboot_needed
  - restrict_strategy

- name: Build and Test AIDE Database - Build and Test AIDE Database
  ansible.builtin.command: /usr/bin/aide --init
  changed_when: true
  when:
  - ("kernel-default" in ansible_facts.packages or "kernel-default-base" in ansible_facts.packages)
  - not (aide_database_stat.stat.exists is defined and aide_database_stat.stat.exists)
  register: aide_database_init
  tags:
  - CCE-85787-0
  - CJIS-5.10.1.3
  - DISA-STIG-SLES-15-010419
  - NIST-800-53-CM-6(a)
  - PCI-DSS-Req-11.5
  - PCI-DSSv4-11.5.2
  - aide_build_database
  - low_complexity
  - low_disruption
  - medium_severity
  - no_reboot_needed
  - restrict_strategy

- name: Build and Test AIDE Database - Stage AIDE Database
  ansible.builtin.copy:
    src: /var/lib/aide/aide.db.new
    dest: /var/lib/aide/aide.db
    backup: true
    remote_src: true
  when:
  - ("kernel-default" in ansible_facts.packages or "kernel-default-base" in ansible_facts.packages)
  - aide_database_init is changed
  - not ansible_check_mode
  tags:
  - CCE-85787-0
  - CJIS-5.10.1.3
  - DISA-STIG-SLES-15-010419
  - NIST-800-53-CM-6(a)
  - PCI-DSS-Req-11.5
  - PCI-DSSv4-11.5.2
  - aide_build_database
  - low_complexity
  - low_disruption
  - medium_severity
  - no_reboot_needed
  - restrict_strategy
</fix>
              <check system="http://oval.mitre.org/XMLSchema/oval-definitions-5">
                <check-content-ref name="oval:ssg-aide_build_database:def:1" href="ssg-sle15-oval.xml"/>
              </check>
              <check system="http://scap.nist.gov/schema/ocil/2">
                <check-content-ref name="ocil:ssg-aide_build_database_ocil:questionnaire:1" href="ssg-sle15-ocil.xml"/>
              </check>
            </Rule>
            <Rule id="xccdf_org.ssgproject.content_rule_aide_check_audit_tools" selected="false" role="full" severity="medium">
              <title xmlns:xhtml="http://www.w3.org/1999/xhtml" xml:lang="en-US">Configure AIDE to Verify the Audit Tools</title>
              <description xmlns:xhtml="http://www.w3.org/1999/xhtml" xml:lang="en-US">The operating system file integrity tool must be configured to protect the integrity of the audit tools.</description>
              <reference href="http://nvlpubs.nist.gov/nistpubs/SpecialPublications/NIST.SP.800-53r4.pdf">AU-9(3)</reference>
              <reference href="http://nvlpubs.nist.gov/nistpubs/SpecialPublications/NIST.SP.800-53r4.pdf">AU-9(3).1</reference>
              <reference href="https://www.cyber.mil/stigs/downloads/?_dl_facet_stigs=operating-systems%2Cgeneral-purpose-os">SRG-OS-000278-GPOS-00108</reference>
              <reference href="https://www.cyber.mil/stigs/downloads/?_dl_facet_stigs=operating-systems%2Cunix-linux">SLES-15-030630</reference>
              <reference href="not_publicly_available">SLES-15-750150045</reference>
              <reference href="https://www.cyber.mil/stigs/srg-stig-tools/">SV-234962r991567_rule</reference>
              <rationale xmlns:xhtml="http://www.w3.org/1999/xhtml" xml:lang="en-US">Protecting the integrity of the tools used for auditing purposes is a
critical step toward ensuring the integrity of audit information. Audit
information includes all information (e.g., audit records, audit settings,
and audit reports) needed to successfully audit information system
activity.

Audit tools include but are not limited to vendor-provided and open-source
audit tools needed to successfully view and manipulate audit information
system activity and records. Audit tools include custom queries and report
generators.

It is not uncommon for attackers to replace the audit tools or inject code
into the existing tools to provide the capability to hide or erase system
activity from the audit logs.

To address this risk, audit tools must be cryptographically signed to
provide the capability to identify when the audit tools have been modified,
manipulated, or replaced. An example is a checksum hash of the file or
files.</rationale>
              <ident system="https://ncp.nist.gov/cce">CCE-85610-4</ident>
              <fix xmlns:xhtml="http://www.w3.org/1999/xhtml" id="aide_check_audit_tools" system="urn:xccdf:fix:script:sh" complexity="low" disruption="low" strategy="restrict"># Remediation is applicable only in certain platforms
if rpm --quiet -q kernel-default || rpm --quiet -q kernel-default-base; then

zypper install -y "aide"










if grep -i -E '^.*(/usr)?/sbin/auditctl.*$' /etc/aide.conf; then
sed -i -r "s#.*(/usr)?/sbin/auditctl.*#/usr/sbin/auditctl p+i+n+u+g+s+b+acl+selinux+xattrs+sha512#" /etc/aide.conf
else
echo "/usr/sbin/auditctl p+i+n+u+g+s+b+acl+selinux+xattrs+sha512" &gt;&gt; /etc/aide.conf
fi

if grep -i -E '^.*(/usr)?/sbin/auditd.*$' /etc/aide.conf; then
sed -i -r "s#.*(/usr)?/sbin/auditd.*#/usr/sbin/auditd p+i+n+u+g+s+b+acl+selinux+xattrs+sha512#" /etc/aide.conf
else
echo "/usr/sbin/auditd p+i+n+u+g+s+b+acl+selinux+xattrs+sha512" &gt;&gt; /etc/aide.conf
fi

if grep -i -E '^.*(/usr)?/sbin/ausearch.*$' /etc/aide.conf; then
sed -i -r "s#.*(/usr)?/sbin/ausearch.*#/usr/sbin/ausearch p+i+n+u+g+s+b+acl+selinux+xattrs+sha512#" /etc/aide.conf
else
echo "/usr/sbin/ausearch p+i+n+u+g+s+b+acl+selinux+xattrs+sha512" &gt;&gt; /etc/aide.conf
fi

if grep -i -E '^.*(/usr)?/sbin/aureport.*$' /etc/aide.conf; then
sed -i -r "s#.*(/usr)?/sbin/aureport.*#/usr/sbin/aureport p+i+n+u+g+s+b+acl+selinux+xattrs+sha512#" /etc/aide.conf
else
echo "/usr/sbin/aureport p+i+n+u+g+s+b+acl+selinux+xattrs+sha512" &gt;&gt; /etc/aide.conf
fi

if grep -i -E '^.*(/usr)?/sbin/autrace.*$' /etc/aide.conf; then
sed -i -r "s#.*(/usr)?/sbin/autrace.*#/usr/sbin/autrace p+i+n+u+g+s+b+acl+selinux+xattrs+sha512#" /etc/aide.conf
else
echo "/usr/sbin/autrace p+i+n+u+g+s+b+acl+selinux+xattrs+sha512" &gt;&gt; /etc/aide.conf
fi

if grep -i -E '^.*(/usr)?/sbin/augenrules.*$' /etc/aide.conf; then
sed -i -r "s#.*(/usr)?/sbin/augenrules.*#/usr/sbin/augenrules p+i+n+u+g+s+b+acl+selinux+xattrs+sha512#" /etc/aide.conf
else
echo "/usr/sbin/augenrules p+i+n+u+g+s+b+acl+selinux+xattrs+sha512" &gt;&gt; /etc/aide.conf
fi

if grep -i -E '^.*(/usr)?/sbin/audispd.*$' /etc/aide.conf; then
sed -i -r "s#.*(/usr)?/sbin/audispd.*#/usr/sbin/audispd p+i+n+u+g+s+b+acl+selinux+xattrs+sha512#" /etc/aide.conf
else
echo "/usr/sbin/audispd p+i+n+u+g+s+b+acl+selinux+xattrs+sha512" &gt;&gt; /etc/aide.conf
fi

else
    &gt;&amp;2 echo 'Remediation is not applicable, nothing was done'
fi
</fix>
              <fix xmlns:xhtml="http://www.w3.org/1999/xhtml" id="aide_check_audit_tools" system="urn:xccdf:fix:script:ansible" complexity="low" disruption="low" strategy="restrict">- name: Gather the package facts
  package_facts:
    manager: auto
  tags:
  - CCE-85610-4
  - DISA-STIG-SLES-15-030630
  - NIST-800-53-AU-9(3)
  - NIST-800-53-AU-9(3).1
  - aide_check_audit_tools
  - low_complexity
  - low_disruption
  - medium_severity
  - no_reboot_needed
  - restrict_strategy

- name: Configure AIDE to Verify the Audit Tools - Gather List of Packages
  tags:
  - CCE-85610-4
  - DISA-STIG-SLES-15-030630
  - NIST-800-53-AU-9(3)
  - NIST-800-53-AU-9(3).1
  - aide_check_audit_tools
  - aide_check_audit_tools
  - low_complexity
  - low_disruption
  - medium_severity
  - no_reboot_needed
  - restrict_strategy
  ansible.builtin.package_facts:
    manager: auto
  when: ("kernel-default" in ansible_facts.packages or "kernel-default-base" in ansible_facts.packages)

- name: Ensure aide is installed
  ansible.builtin.package:
    name: '{{ item }}'
    state: present
  with_items:
  - aide
  when: ("kernel-default" in ansible_facts.packages or "kernel-default-base" in ansible_facts.packages)
  tags:
  - CCE-85610-4
  - DISA-STIG-SLES-15-030630
  - NIST-800-53-AU-9(3)
  - NIST-800-53-AU-9(3).1
  - aide_check_audit_tools
  - low_complexity
  - low_disruption
  - medium_severity
  - no_reboot_needed
  - restrict_strategy

- name: Configure AIDE to Verify the Audit Tools - Gather the package facts
  ansible.builtin.package_facts:
    manager: auto
  when: ("kernel-default" in ansible_facts.packages or "kernel-default-base" in ansible_facts.packages)
  tags:
  - CCE-85610-4
  - DISA-STIG-SLES-15-030630
  - NIST-800-53-AU-9(3)
  - NIST-800-53-AU-9(3).1
  - aide_check_audit_tools
  - low_complexity
  - low_disruption
  - medium_severity
  - no_reboot_needed
  - restrict_strategy

- name: Set audit_tools fact
  ansible.builtin.set_fact:
    audit_tools:
    - /usr/sbin/audispd
    - /usr/sbin/auditctl
    - /usr/sbin/auditd
    - /usr/sbin/augenrules
    - /usr/sbin/aureport
    - /usr/sbin/ausearch
    - /usr/sbin/autrace
  when: ("kernel-default" in ansible_facts.packages or "kernel-default-base" in ansible_facts.packages)
  tags:
  - CCE-85610-4
  - DISA-STIG-SLES-15-030630
  - NIST-800-53-AU-9(3)
  - NIST-800-53-AU-9(3).1
  - aide_check_audit_tools
  - low_complexity
  - low_disruption
  - medium_severity
  - no_reboot_needed
  - restrict_strategy

- name: Ensure existing AIDE configuration for audit tools are correct
  ansible.builtin.lineinfile:
    path: /etc/aide.conf
    regexp: ^{{ item }}\s
    line: '{{ item }} p+i+n+u+g+s+b+acl+selinux+xattrs+sha512'
    create: true
  with_items: '{{ audit_tools }}'
  when:
  - ("kernel-default" in ansible_facts.packages or "kernel-default-base" in ansible_facts.packages)
  - '"aide" in ansible_facts.packages'
  tags:
  - CCE-85610-4
  - DISA-STIG-SLES-15-030630
  - NIST-800-53-AU-9(3)
  - NIST-800-53-AU-9(3).1
  - aide_check_audit_tools
  - low_complexity
  - low_disruption
  - medium_severity
  - no_reboot_needed
  - restrict_strategy

- name: Configure AIDE to properly protect audit tools
  ansible.builtin.lineinfile:
    path: /etc/aide.conf
    line: '{{ item }} p+i+n+u+g+s+b+acl+selinux+xattrs+sha512'
    create: true
  with_items: '{{ audit_tools }}'
  when:
  - ("kernel-default" in ansible_facts.packages or "kernel-default-base" in ansible_facts.packages)
  - '"aide" in ansible_facts.packages'
  tags:
  - CCE-85610-4
  - DISA-STIG-SLES-15-030630
  - NIST-800-53-AU-9(3)
  - NIST-800-53-AU-9(3).1
  - aide_check_audit_tools
  - low_complexity
  - low_disruption
  - medium_severity
  - no_reboot_needed
  - restrict_strategy
</fix>
              <check system="http://oval.mitre.org/XMLSchema/oval-definitions-5">
                <check-content-ref name="oval:ssg-aide_check_audit_tools:def:1" href="ssg-sle15-oval.xml"/>
              </check>
              <check system="http://scap.nist.gov/schema/ocil/2">
                <check-content-ref name="ocil:ssg-aide_check_audit_tools_ocil:questionnaire:1" href="ssg-sle15-ocil.xml"/>
              </check>
            </Rule>
            <Rule id="xccdf_org.ssgproject.content_rule_aide_periodic_checking_systemd_timer" selected="false" role="full" severity="medium">
              <title xmlns:xhtml="http://www.w3.org/1999/xhtml" xml:lang="en-US">Configure Systemd Timer Execution of AIDE</title>
              <description xmlns:xhtml="http://www.w3.org/1999/xhtml" xml:lang="en-US">At a minimum, AIDE should be configured to run a weekly scan.
To implement a systemd service and a timer unit to run the service periodically:
For example, if a systemd timer is expected to be started every day at 5AM
<html:pre xmlns:html="http://www.w3.org/1999/xhtml">OnCalendar=*-*-* 05:00:0</html:pre>
          <html:pre xmlns:html="http://www.w3.org/1999/xhtml">[Timer]</html:pre> section in the timer unit and
a Unit section starting the AIDE check service unit should be referred.</description>
              <reference href="https://www.cisecurity.org/controls/">1</reference>
              <reference href="https://www.cisecurity.org/controls/">11</reference>
              <reference href="https://www.cisecurity.org/controls/">12</reference>
              <reference href="https://www.cisecurity.org/controls/">13</reference>
              <reference href="https://www.cisecurity.org/controls/">14</reference>
              <reference href="https://www.cisecurity.org/controls/">15</reference>
              <reference href="https://www.cisecurity.org/controls/">16</reference>
              <reference href="https://www.cisecurity.org/controls/">2</reference>
              <reference href="https://www.cisecurity.org/controls/">3</reference>
              <reference href="https://www.cisecurity.org/controls/">5</reference>
              <reference href="https://www.cisecurity.org/controls/">7</reference>
              <reference href="https://www.cisecurity.org/controls/">8</reference>
              <reference href="https://www.cisecurity.org/controls/">9</reference>
              <reference href="https://www.fbi.gov/file-repository/cjis-security-policy-v5_5_20160601-2-1.pdf">5.10.1.3</reference>
              <reference href="https://www.isaca.org/resources/cobit">APO01.06</reference>
              <reference href="https://www.isaca.org/resources/cobit">BAI01.06</reference>
              <reference href="https://www.isaca.org/resources/cobit">BAI02.01</reference>
              <reference href="https://www.isaca.org/resources/cobit">BAI03.05</reference>
              <reference href="https://www.isaca.org/resources/cobit">BAI06.01</reference>
              <reference href="https://www.isaca.org/resources/cobit">BAI10.01</reference>
              <reference href="https://www.isaca.org/resources/cobit">BAI10.02</reference>
              <reference href="https://www.isaca.org/resources/cobit">BAI10.03</reference>
              <reference href="https://www.isaca.org/resources/cobit">BAI10.05</reference>
              <reference href="https://www.isaca.org/resources/cobit">DSS01.03</reference>
              <reference href="https://www.isaca.org/resources/cobit">DSS03.05</reference>
              <reference href="https://www.isaca.org/resources/cobit">DSS04.07</reference>
              <reference href="https://www.isaca.org/resources/cobit">DSS05.02</reference>
              <reference href="https://www.isaca.org/resources/cobit">DSS05.03</reference>
              <reference href="https://www.isaca.org/resources/cobit">DSS05.05</reference>
              <reference href="https://www.isaca.org/resources/cobit">DSS05.07</reference>
              <reference href="https://www.isaca.org/resources/cobit">DSS06.02</reference>
              <reference href="https://www.isaca.org/resources/cobit">DSS06.06</reference>
              <reference href="https://www.isa.org/products/isa-62443-2-1-2009-security-for-industrial-automat">4.3.4.3.2</reference>
              <reference href="https://www.isa.org/products/isa-62443-2-1-2009-security-for-industrial-automat">4.3.4.3.3</reference>
              <reference href="https://www.isa.org/products/isa-62443-2-1-2009-security-for-industrial-automat">4.3.4.4.4</reference>
              <reference href="https://www.isa.org/products/ansi-isa-62443-3-3-99-03-03-2013-security-for-indu">SR 3.1</reference>
              <reference href="https://www.isa.org/products/ansi-isa-62443-3-3-99-03-03-2013-security-for-indu">SR 3.3</reference>
              <reference href="https://www.isa.org/products/ansi-isa-62443-3-3-99-03-03-2013-security-for-indu">SR 3.4</reference>
              <reference href="https://www.isa.org/products/ansi-isa-62443-3-3-99-03-03-2013-security-for-indu">SR 3.8</reference>
              <reference href="https://www.isa.org/products/ansi-isa-62443-3-3-99-03-03-2013-security-for-indu">SR 4.1</reference>
              <reference href="https://www.isa.org/products/ansi-isa-62443-3-3-99-03-03-2013-security-for-indu">SR 6.2</reference>
              <reference href="https://www.isa.org/products/ansi-isa-62443-3-3-99-03-03-2013-security-for-indu">SR 7.6</reference>
              <reference href="https://www.iso.org/contents/data/standard/05/45/54534.html">A.11.2.4</reference>
              <reference href="https://www.iso.org/contents/data/standard/05/45/54534.html">A.12.1.2</reference>
              <reference href="https://www.iso.org/contents/data/standard/05/45/54534.html">A.12.2.1</reference>
              <reference href="https://www.iso.org/contents/data/standard/05/45/54534.html">A.12.4.1</reference>
              <reference href="https://www.iso.org/contents/data/standard/05/45/54534.html">A.12.5.1</reference>
              <reference href="https://www.iso.org/contents/data/standard/05/45/54534.html">A.12.6.2</reference>
              <reference href="https://www.iso.org/contents/data/standard/05/45/54534.html">A.14.1.2</reference>
              <reference href="https://www.iso.org/contents/data/standard/05/45/54534.html">A.14.1.3</reference>
              <reference href="https://www.iso.org/contents/data/standard/05/45/54534.html">A.14.2.2</reference>
              <reference href="https://www.iso.org/contents/data/standard/05/45/54534.html">A.14.2.3</reference>
              <reference href="https://www.iso.org/contents/data/standard/05/45/54534.html">A.14.2.4</reference>
              <reference href="https://www.iso.org/contents/data/standard/05/45/54534.html">A.14.2.7</reference>
              <reference href="https://www.iso.org/contents/data/standard/05/45/54534.html">A.15.2.1</reference>
              <reference href="https://www.iso.org/contents/data/standard/05/45/54534.html">A.8.2.3</reference>
              <reference href="http://nvlpubs.nist.gov/nistpubs/SpecialPublications/NIST.SP.800-53r4.pdf">SI-6(d)</reference>
              <reference href="https://nvlpubs.nist.gov/nistpubs/CSWP/NIST.CSWP.04162018.pdf">DE.CM-1</reference>
              <reference href="https://nvlpubs.nist.gov/nistpubs/CSWP/NIST.CSWP.04162018.pdf">DE.CM-7</reference>
              <reference href="https://nvlpubs.nist.gov/nistpubs/CSWP/NIST.CSWP.04162018.pdf">PR.DS-1</reference>
              <reference href="https://nvlpubs.nist.gov/nistpubs/CSWP/NIST.CSWP.04162018.pdf">PR.DS-6</reference>
              <reference href="https://nvlpubs.nist.gov/nistpubs/CSWP/NIST.CSWP.04162018.pdf">PR.DS-8</reference>
              <reference href="https://nvlpubs.nist.gov/nistpubs/CSWP/NIST.CSWP.04162018.pdf">PR.IP-1</reference>
              <reference href="https://nvlpubs.nist.gov/nistpubs/CSWP/NIST.CSWP.04162018.pdf">PR.IP-3</reference>
              <reference href="https://www.pcisecuritystandards.org/documents/PCI_DSS_v3-2-1.pdf">Req-11.5</reference>
              <reference href="https://www.cyber.mil/stigs/downloads/?_dl_facet_stigs=operating-systems%2Cgeneral-purpose-os">SRG-OS-000363-GPOS-00150</reference>
              <reference href="https://www.cyber.mil/stigs/downloads/?_dl_facet_stigs=operating-systems%2Cgeneral-purpose-os">SRG-OS-000446-GPOS-00200</reference>
              <reference href="https://www.cyber.mil/stigs/downloads/?_dl_facet_stigs=operating-systems%2Cgeneral-purpose-os">SRG-OS-000447-GPOS-00201</reference>
              <reference href="https://www.cyber.mil/stigs/downloads/?_dl_facet_stigs=operating-systems%2Cunix-linux">SLES-15-010570</reference>
              <reference href="https://www.cisecurity.org/benchmark/suse_linux/">1.4.2</reference>
              <reference href="https://cyber.gouv.fr/sites/default/files/document/linux_configuration-en-v2.pdf">R76</reference>
              <reference href="not_publicly_available">SLES-15-750150030</reference>
              <reference href="https://docs-prv.pcisecuritystandards.org/PCI%20DSS/Standard/PCI-DSS-v4_0.pdf">11.5.2</reference>
              <reference href="https://www.cyber.mil/stigs/srg-stig-tools/">SV-234864r958948_rule</reference>
              <rationale xmlns:xhtml="http://www.w3.org/1999/xhtml" xml:lang="en-US">AIDE provides a means to check if unauthorized changes are made to the system.
AIDE itself does not setup a periodic execution, so in order to detect unauthorized
changes a systemd service to run the check and a systemd timer to take care
of periodical execution of that systemd service should be defined.</rationale>
              <platform idref="#package_aide_and_package_systemd"/>
              <ident system="https://ncp.nist.gov/cce">CCE-92516-4</ident>
              <fix xmlns:xhtml="http://www.w3.org/1999/xhtml" id="aide_periodic_checking_systemd_timer" system="urn:xccdf:fix:script:sh"># Remediation is applicable only in certain platforms
if rpm --quiet -q kernel-default || rpm --quiet -q kernel-default-base &amp;&amp; { ( rpm --quiet -q aide &amp;&amp; rpm --quiet -q systemd ); }; then

zypper install -y "aide"

# create unit file for periodic aide database check
cat &gt; /etc/systemd/system/aidecheck.service &lt;&lt;EOF
[Unit]
Description=Aide Check
[Service]
Type=simple
ExecStart=/usr/bin/aide --check
[Install]
WantedBy=multi-user.target
EOF

# create unit file for the aide check timer
cat &gt; /etc/systemd/system/aidecheck.timer &lt;&lt;EOF
[Unit]
Description=Aide check every day at 5AM
[Timer]
OnCalendar=*-*-* 05:00:00
Unit=aidecheck.service
[Install]
WantedBy=multi-user.target
EOF

#  setup service unit files attributes
chown root:root /etc/systemd/system/aidecheck.*
chmod 0644 /etc/systemd/system/aidecheck.*

# enable the aide related services
systemctl daemon-reload
systemctl enable aidecheck.service
systemctl enable aidecheck.timer

if [[ $(systemctl is-system-running) != "offline" ]]; then
  systemctl start aidecheck.timer
fi

else
    &gt;&amp;2 echo 'Remediation is not applicable, nothing was done'
fi
</fix>
              <fix xmlns:xhtml="http://www.w3.org/1999/xhtml" id="aide_periodic_checking_systemd_timer" system="urn:xccdf:fix:script:ansible" complexity="low" disruption="low" strategy="configure">- name: Gather the package facts
  package_facts:
    manager: auto
  tags:
  - CCE-92516-4
  - CJIS-5.10.1.3
  - DISA-STIG-SLES-15-010570
  - NIST-800-53-SI-6(d)
  - PCI-DSS-Req-11.5
  - PCI-DSSv4-11.5.2
  - aide_periodic_checking_systemd_timer
  - configure_strategy
  - low_complexity
  - low_disruption
  - medium_severity
  - no_reboot_needed

- name: Configure Systemd Timer Execution of AIDE - Define AIDE Periodic Check Service
  ansible.builtin.blockinfile:
    create: true
    dest: /etc/systemd/system/aidecheck.service
    owner: root
    group: root
    mode: '0644'
    block: |
      [Unit]
      Description=Aide Check
      [Service]
      Type=simple
      ExecStart=/usr/bin/aide --check
      [Install]
      WantedBy=multi-user.target
  when:
  - ("kernel-default" in ansible_facts.packages or "kernel-default-base" in ansible_facts.packages)
  - ( "aide" in ansible_facts.packages and "systemd" in ansible_facts.packages )
  tags:
  - CCE-92516-4
  - CJIS-5.10.1.3
  - DISA-STIG-SLES-15-010570
  - NIST-800-53-SI-6(d)
  - PCI-DSS-Req-11.5
  - PCI-DSSv4-11.5.2
  - aide_periodic_checking_systemd_timer
  - configure_strategy
  - low_complexity
  - low_disruption
  - medium_severity
  - no_reboot_needed

- name: Configure Systemd Timer Execution of AIDE - Define AIDE Periodic Check Service
    Timer
  ansible.builtin.blockinfile:
    create: true
    dest: /etc/systemd/system/aidecheck.timer
    owner: root
    group: root
    mode: '0644'
    block: |
      [Unit]
      Description=Aide check every day at 5AM
      [Timer]
      OnCalendar=*-*-* 05:00:00
      Unit=aidecheck.service
      [Install]
      WantedBy=multi-user.target
  when:
  - ("kernel-default" in ansible_facts.packages or "kernel-default-base" in ansible_facts.packages)
  - ( "aide" in ansible_facts.packages and "systemd" in ansible_facts.packages )
  tags:
  - CCE-92516-4
  - CJIS-5.10.1.3
  - DISA-STIG-SLES-15-010570
  - NIST-800-53-SI-6(d)
  - PCI-DSS-Req-11.5
  - PCI-DSSv4-11.5.2
  - aide_periodic_checking_systemd_timer
  - configure_strategy
  - low_complexity
  - low_disruption
  - medium_severity
  - no_reboot_needed

- name: Configure Systemd Timer Execution of AIDE - Ensure AIDE Service is Enabled
  ansible.builtin.systemd:
    name: aidecheck.service
    enabled: true
    daemon_reload: true
    masked: false
  when:
  - ("kernel-default" in ansible_facts.packages or "kernel-default-base" in ansible_facts.packages)
  - ( "aide" in ansible_facts.packages and "systemd" in ansible_facts.packages )
  tags:
  - CCE-92516-4
  - CJIS-5.10.1.3
  - DISA-STIG-SLES-15-010570
  - NIST-800-53-SI-6(d)
  - PCI-DSS-Req-11.5
  - PCI-DSSv4-11.5.2
  - aide_periodic_checking_systemd_timer
  - configure_strategy
  - low_complexity
  - low_disruption
  - medium_severity
  - no_reboot_needed

- name: Configure Systemd Timer Execution of AIDE - Ensure AIDE Service Timer is Enabled
  ansible.builtin.systemd:
    name: aidecheck.timer
    state: started
    enabled: true
    daemon_reload: true
    masked: false
  when:
  - ("kernel-default" in ansible_facts.packages or "kernel-default-base" in ansible_facts.packages)
  - ( "aide" in ansible_facts.packages and "systemd" in ansible_facts.packages )
  tags:
  - CCE-92516-4
  - CJIS-5.10.1.3
  - DISA-STIG-SLES-15-010570
  - NIST-800-53-SI-6(d)
  - PCI-DSS-Req-11.5
  - PCI-DSSv4-11.5.2
  - aide_periodic_checking_systemd_timer
  - configure_strategy
  - low_complexity
  - low_disruption
  - medium_severity
  - no_reboot_needed
</fix>
              <check system="http://oval.mitre.org/XMLSchema/oval-definitions-5">
                <check-content-ref name="oval:ssg-aide_periodic_checking_systemd_timer:def:1" href="ssg-sle15-oval.xml"/>
              </check>
              <check system="http://scap.nist.gov/schema/ocil/2">
                <check-content-ref name="ocil:ssg-aide_periodic_checking_systemd_timer_ocil:questionnaire:1" href="ssg-sle15-ocil.xml"/>
              </check>
            </Rule>
            <Rule id="xccdf_org.ssgproject.content_rule_aide_periodic_cron_checking" selected="false" role="full" severity="medium">
              <title xmlns:xhtml="http://www.w3.org/1999/xhtml" xml:lang="en-US">Configure Periodic Execution of AIDE</title>
              <description xmlns:xhtml="http://www.w3.org/1999/xhtml" xml:lang="en-US">At a minimum, AIDE should be configured to run a weekly scan.
To implement a daily execution of AIDE at 4:05am using cron, add the following line to <html:code xmlns:html="http://www.w3.org/1999/xhtml">/etc/crontab</html:code>:
<html:pre xmlns:html="http://www.w3.org/1999/xhtml">05 4 * * * root /usr/bin/aide --check</html:pre>
To implement a weekly execution of AIDE at 4:05am using cron, add the following line to <html:code xmlns:html="http://www.w3.org/1999/xhtml">/etc/crontab</html:code>:
<html:pre xmlns:html="http://www.w3.org/1999/xhtml">05 4 * * 0 root /usr/bin/aide --check</html:pre>
AIDE can be executed periodically through other means; this is merely one example.
The usage of cron's special time codes, such as  <html:code xmlns:html="http://www.w3.org/1999/xhtml">@daily</html:code> and
<html:code xmlns:html="http://www.w3.org/1999/xhtml">@weekly</html:code> is acceptable.</description>
              <reference href="https://www.cisecurity.org/controls/">1</reference>
              <reference href="https://www.cisecurity.org/controls/">11</reference>
              <reference href="https://www.cisecurity.org/controls/">12</reference>
              <reference href="https://www.cisecurity.org/controls/">13</reference>
              <reference href="https://www.cisecurity.org/controls/">14</reference>
              <reference href="https://www.cisecurity.org/controls/">15</reference>
              <reference href="https://www.cisecurity.org/controls/">16</reference>
              <reference href="https://www.cisecurity.org/controls/">2</reference>
              <reference href="https://www.cisecurity.org/controls/">3</reference>
              <reference href="https://www.cisecurity.org/controls/">5</reference>
              <reference href="https://www.cisecurity.org/controls/">7</reference>
              <reference href="https://www.cisecurity.org/controls/">8</reference>
              <reference href="https://www.cisecurity.org/controls/">9</reference>
              <reference href="https://www.fbi.gov/file-repository/cjis-security-policy-v5_5_20160601-2-1.pdf">5.10.1.3</reference>
              <reference href="https://www.isaca.org/resources/cobit">APO01.06</reference>
              <reference href="https://www.isaca.org/resources/cobit">BAI01.06</reference>
              <reference href="https://www.isaca.org/resources/cobit">BAI02.01</reference>
              <reference href="https://www.isaca.org/resources/cobit">BAI03.05</reference>
              <reference href="https://www.isaca.org/resources/cobit">BAI06.01</reference>
              <reference href="https://www.isaca.org/resources/cobit">BAI10.01</reference>
              <reference href="https://www.isaca.org/resources/cobit">BAI10.02</reference>
              <reference href="https://www.isaca.org/resources/cobit">BAI10.03</reference>
              <reference href="https://www.isaca.org/resources/cobit">BAI10.05</reference>
              <reference href="https://www.isaca.org/resources/cobit">DSS01.03</reference>
              <reference href="https://www.isaca.org/resources/cobit">DSS03.05</reference>
              <reference href="https://www.isaca.org/resources/cobit">DSS04.07</reference>
              <reference href="https://www.isaca.org/resources/cobit">DSS05.02</reference>
              <reference href="https://www.isaca.org/resources/cobit">DSS05.03</reference>
              <reference href="https://www.isaca.org/resources/cobit">DSS05.05</reference>
              <reference href="https://www.isaca.org/resources/cobit">DSS05.07</reference>
              <reference href="https://www.isaca.org/resources/cobit">DSS06.02</reference>
              <reference href="https://www.isaca.org/resources/cobit">DSS06.06</reference>
              <reference href="https://www.isa.org/products/isa-62443-2-1-2009-security-for-industrial-automat">4.3.4.3.2</reference>
              <reference href="https://www.isa.org/products/isa-62443-2-1-2009-security-for-industrial-automat">4.3.4.3.3</reference>
              <reference href="https://www.isa.org/products/isa-62443-2-1-2009-security-for-industrial-automat">4.3.4.4.4</reference>
              <reference href="https://www.isa.org/products/ansi-isa-62443-3-3-99-03-03-2013-security-for-indu">SR 3.1</reference>
              <reference href="https://www.isa.org/products/ansi-isa-62443-3-3-99-03-03-2013-security-for-indu">SR 3.3</reference>
              <reference href="https://www.isa.org/products/ansi-isa-62443-3-3-99-03-03-2013-security-for-indu">SR 3.4</reference>
              <reference href="https://www.isa.org/products/ansi-isa-62443-3-3-99-03-03-2013-security-for-indu">SR 3.8</reference>
              <reference href="https://www.isa.org/products/ansi-isa-62443-3-3-99-03-03-2013-security-for-indu">SR 4.1</reference>
              <reference href="https://www.isa.org/products/ansi-isa-62443-3-3-99-03-03-2013-security-for-indu">SR 6.2</reference>
              <reference href="https://www.isa.org/products/ansi-isa-62443-3-3-99-03-03-2013-security-for-indu">SR 7.6</reference>
              <reference href="https://www.iso.org/contents/data/standard/05/45/54534.html">A.11.2.4</reference>
              <reference href="https://www.iso.org/contents/data/standard/05/45/54534.html">A.12.1.2</reference>
              <reference href="https://www.iso.org/contents/data/standard/05/45/54534.html">A.12.2.1</reference>
              <reference href="https://www.iso.org/contents/data/standard/05/45/54534.html">A.12.4.1</reference>
              <reference href="https://www.iso.org/contents/data/standard/05/45/54534.html">A.12.5.1</reference>
              <reference href="https://www.iso.org/contents/data/standard/05/45/54534.html">A.12.6.2</reference>
              <reference href="https://www.iso.org/contents/data/standard/05/45/54534.html">A.14.1.2</reference>
              <reference href="https://www.iso.org/contents/data/standard/05/45/54534.html">A.14.1.3</reference>
              <reference href="https://www.iso.org/contents/data/standard/05/45/54534.html">A.14.2.2</reference>
              <reference href="https://www.iso.org/contents/data/standard/05/45/54534.html">A.14.2.3</reference>
              <reference href="https://www.iso.org/contents/data/standard/05/45/54534.html">A.14.2.4</reference>
              <reference href="https://www.iso.org/contents/data/standard/05/45/54534.html">A.14.2.7</reference>
              <reference href="https://www.iso.org/contents/data/standard/05/45/54534.html">A.15.2.1</reference>
              <reference href="https://www.iso.org/contents/data/standard/05/45/54534.html">A.8.2.3</reference>
              <reference href="http://nvlpubs.nist.gov/nistpubs/SpecialPublications/NIST.SP.800-53r4.pdf">SI-6(d)</reference>
              <reference href="https://nvlpubs.nist.gov/nistpubs/CSWP/NIST.CSWP.04162018.pdf">DE.CM-1</reference>
              <reference href="https://nvlpubs.nist.gov/nistpubs/CSWP/NIST.CSWP.04162018.pdf">DE.CM-7</reference>
              <reference href="https://nvlpubs.nist.gov/nistpubs/CSWP/NIST.CSWP.04162018.pdf">PR.DS-1</reference>
              <reference href="https://nvlpubs.nist.gov/nistpubs/CSWP/NIST.CSWP.04162018.pdf">PR.DS-6</reference>
              <reference href="https://nvlpubs.nist.gov/nistpubs/CSWP/NIST.CSWP.04162018.pdf">PR.DS-8</reference>
              <reference href="https://nvlpubs.nist.gov/nistpubs/CSWP/NIST.CSWP.04162018.pdf">PR.IP-1</reference>
              <reference href="https://nvlpubs.nist.gov/nistpubs/CSWP/NIST.CSWP.04162018.pdf">PR.IP-3</reference>
              <reference href="https://www.pcisecuritystandards.org/documents/PCI_DSS_v3-2-1.pdf">Req-11.5</reference>
              <reference href="https://www.cyber.mil/stigs/downloads/?_dl_facet_stigs=operating-systems%2Cgeneral-purpose-os">SRG-OS-000363-GPOS-00150</reference>
              <reference href="https://www.cyber.mil/stigs/downloads/?_dl_facet_stigs=operating-systems%2Cgeneral-purpose-os">SRG-OS-000446-GPOS-00200</reference>
              <reference href="https://www.cyber.mil/stigs/downloads/?_dl_facet_stigs=operating-systems%2Cgeneral-purpose-os">SRG-OS-000447-GPOS-00201</reference>
              <reference href="https://www.cyber.mil/stigs/downloads/?_dl_facet_stigs=operating-systems%2Cunix-linux">SLES-15-010420</reference>
              <reference href="https://www.cisecurity.org/benchmark/suse_linux/">1.4.2</reference>
              <reference href="https://cyber.gouv.fr/sites/default/files/document/linux_configuration-en-v2.pdf">R76</reference>
              <reference href="https://docs-prv.pcisecuritystandards.org/PCI%20DSS/Standard/PCI-DSS-v4_0.pdf">11.5.2</reference>
              <reference href="https://www.cyber.mil/stigs/srg-stig-tools/">SV-234851r958794_rule</reference>
              <rationale xmlns:xhtml="http://www.w3.org/1999/xhtml" xml:lang="en-US">By default, AIDE does not install itself for periodic execution. Periodically
running AIDE is necessary to reveal unexpected changes in installed files.
<html:br xmlns:html="http://www.w3.org/1999/xhtml"/>
          <html:br xmlns:html="http://www.w3.org/1999/xhtml"/>
Unauthorized changes to the baseline configuration could make the system vulnerable
to various attacks or allow unauthorized access to the operating system. Changes to
operating system configurations can have unintended side effects, some of which may
be relevant to security.
<html:br xmlns:html="http://www.w3.org/1999/xhtml"/>
          <html:br xmlns:html="http://www.w3.org/1999/xhtml"/>
Detecting such changes and providing an automated response can help avoid unintended,
negative consequences that could ultimately affect the security state of the operating
system. The operating system's Information Management Officer (IMO)/Information System
Security Officer (ISSO) and System Administrators (SAs) must be notified via email and/or
monitoring system trap when there is an unauthorized modification of a configuration item.</rationale>
              <ident system="https://ncp.nist.gov/cce">CCE-85671-6</ident>
              <fix xmlns:xhtml="http://www.w3.org/1999/xhtml" id="aide_periodic_cron_checking" system="urn:xccdf:fix:script:sh"># Remediation is applicable only in certain platforms
if rpm --quiet -q kernel-default || rpm --quiet -q kernel-default-base; then

zypper install -y "aide"


zypper install -y "cronie"



CRON_FILE="/etc/cron.d/dailyaidecheck"


if ! grep -q "/usr/bin/aide --check" "${CRON_FILE}" ; then
    echo "05 4 * * * root /usr/bin/aide --check" &gt;&gt; "${CRON_FILE}"
else
    sed -i '\!^.* --check.*$!d' "${CRON_FILE}"
    echo "05 4 * * * root /usr/bin/aide --check" &gt;&gt; "${CRON_FILE}"
fi

else
    &gt;&amp;2 echo 'Remediation is not applicable, nothing was done'
fi
</fix>
              <fix xmlns:xhtml="http://www.w3.org/1999/xhtml" id="aide_periodic_cron_checking" system="urn:xccdf:fix:script:ansible" complexity="low" disruption="low" strategy="restrict">- name: Gather the package facts
  package_facts:
    manager: auto
  tags:
  - CCE-85671-6
  - CJIS-5.10.1.3
  - DISA-STIG-SLES-15-010420
  - NIST-800-53-SI-6(d)
  - PCI-DSS-Req-11.5
  - PCI-DSSv4-11.5.2
  - aide_periodic_cron_checking
  - low_complexity
  - low_disruption
  - medium_severity
  - no_reboot_needed
  - restrict_strategy

- name: Ensure AIDE is installed
  ansible.builtin.package:
    name: aide
    state: present
  when: ("kernel-default" in ansible_facts.packages or "kernel-default-base" in ansible_facts.packages)
  tags:
  - CCE-85671-6
  - CJIS-5.10.1.3
  - DISA-STIG-SLES-15-010420
  - NIST-800-53-SI-6(d)
  - PCI-DSS-Req-11.5
  - PCI-DSSv4-11.5.2
  - aide_periodic_cron_checking
  - low_complexity
  - low_disruption
  - medium_severity
  - no_reboot_needed
  - restrict_strategy

- name: Install cron
  ansible.builtin.package:
    name: cronie
    state: present
  when: ("kernel-default" in ansible_facts.packages or "kernel-default-base" in ansible_facts.packages)
  tags:
  - CCE-85671-6
  - CJIS-5.10.1.3
  - DISA-STIG-SLES-15-010420
  - NIST-800-53-SI-6(d)
  - PCI-DSS-Req-11.5
  - PCI-DSSv4-11.5.2
  - aide_periodic_cron_checking
  - low_complexity
  - low_disruption
  - medium_severity
  - no_reboot_needed
  - restrict_strategy

- name: Gather list of installed packages
  ansible.builtin.package_facts:
    manager: auto
  when: ("kernel-default" in ansible_facts.packages or "kernel-default-base" in ansible_facts.packages)
  tags:
  - CCE-85671-6
  - CJIS-5.10.1.3
  - DISA-STIG-SLES-15-010420
  - NIST-800-53-SI-6(d)
  - PCI-DSS-Req-11.5
  - PCI-DSSv4-11.5.2
  - aide_periodic_cron_checking
  - low_complexity
  - low_disruption
  - medium_severity
  - no_reboot_needed
  - restrict_strategy

- name: Configure Periodic Execution of AIDE
  ansible.builtin.cron:
    name: Configure Periodic Execution of AIDE
    cron_file: /etc/cron.d/dailyaidecheck
    minute: 5
    hour: 4
    user: root
    job: /usr/bin/aide --check
  register: crontab_check
  when:
  - ("kernel-default" in ansible_facts.packages or "kernel-default-base" in ansible_facts.packages)
  - '''cronie'' in ansible_facts.packages'
  tags:
  - CCE-85671-6
  - CJIS-5.10.1.3
  - DISA-STIG-SLES-15-010420
  - NIST-800-53-SI-6(d)
  - PCI-DSS-Req-11.5
  - PCI-DSSv4-11.5.2
  - aide_periodic_cron_checking
  - low_complexity
  - low_disruption
  - medium_severity
  - no_reboot_needed
  - restrict_strategy
</fix>
              <check system="http://oval.mitre.org/XMLSchema/oval-definitions-5">
                <check-content-ref name="oval:ssg-aide_periodic_cron_checking:def:1" href="ssg-sle15-oval.xml"/>
              </check>
              <check system="http://scap.nist.gov/schema/ocil/2">
                <check-content-ref name="ocil:ssg-aide_periodic_cron_checking_ocil:questionnaire:1" href="ssg-sle15-ocil.xml"/>
              </check>
            </Rule>
            <Rule id="xccdf_org.ssgproject.content_rule_aide_scan_notification" selected="false" role="full" severity="medium">
              <title xmlns:xhtml="http://www.w3.org/1999/xhtml" xml:lang="en-US">Configure Notification of Post-AIDE Scan Details</title>
              <description xmlns:xhtml="http://www.w3.org/1999/xhtml" xml:lang="en-US">AIDE should notify appropriate personnel of the details of a scan after the scan has been run.
If AIDE has already been configured for periodic execution in <html:code xmlns:html="http://www.w3.org/1999/xhtml">/etc/crontab</html:code>, append the
following line to the existing AIDE line:
<html:pre xmlns:html="http://www.w3.org/1999/xhtml"> | /bin/mail -s "$(hostname) - AIDE Integrity Check" root@localhost</html:pre>
Otherwise, add the following line to <html:code xmlns:html="http://www.w3.org/1999/xhtml">/etc/crontab</html:code>:
<html:pre xmlns:html="http://www.w3.org/1999/xhtml">05 4 * * * root /usr/bin/aide --check | /bin/mail -s "$(hostname) - AIDE Integrity Check" root@localhost</html:pre>
AIDE can be executed periodically through other means; this is merely one example.</description>
              <reference href="https://www.cisecurity.org/controls/">1</reference>
              <reference href="https://www.cisecurity.org/controls/">11</reference>
              <reference href="https://www.cisecurity.org/controls/">12</reference>
              <reference href="https://www.cisecurity.org/controls/">13</reference>
              <reference href="https://www.cisecurity.org/controls/">15</reference>
              <reference href="https://www.cisecurity.org/controls/">16</reference>
              <reference href="https://www.cisecurity.org/controls/">2</reference>
              <reference href="https://www.cisecurity.org/controls/">3</reference>
              <reference href="https://www.cisecurity.org/controls/">5</reference>
              <reference href="https://www.cisecurity.org/controls/">7</reference>
              <reference href="https://www.cisecurity.org/controls/">8</reference>
              <reference href="https://www.cisecurity.org/controls/">9</reference>
              <reference href="https://www.isaca.org/resources/cobit">BAI01.06</reference>
              <reference href="https://www.isaca.org/resources/cobit">BAI06.01</reference>
              <reference href="https://www.isaca.org/resources/cobit">BAI10.01</reference>
              <reference href="https://www.isaca.org/resources/cobit">BAI10.02</reference>
              <reference href="https://www.isaca.org/resources/cobit">BAI10.03</reference>
              <reference href="https://www.isaca.org/resources/cobit">BAI10.05</reference>
              <reference href="https://www.isaca.org/resources/cobit">DSS01.03</reference>
              <reference href="https://www.isaca.org/resources/cobit">DSS03.05</reference>
              <reference href="https://www.isaca.org/resources/cobit">DSS05.02</reference>
              <reference href="https://www.isaca.org/resources/cobit">DSS05.05</reference>
              <reference href="https://www.isaca.org/resources/cobit">DSS05.07</reference>
              <reference href="https://www.isa.org/products/isa-62443-2-1-2009-security-for-industrial-automat">4.3.4.3.2</reference>
              <reference href="https://www.isa.org/products/isa-62443-2-1-2009-security-for-industrial-automat">4.3.4.3.3</reference>
              <reference href="https://www.isa.org/products/ansi-isa-62443-3-3-99-03-03-2013-security-for-indu">SR 6.2</reference>
              <reference href="https://www.isa.org/products/ansi-isa-62443-3-3-99-03-03-2013-security-for-indu">SR 7.6</reference>
              <reference href="https://www.iso.org/contents/data/standard/05/45/54534.html">A.12.1.2</reference>
              <reference href="https://www.iso.org/contents/data/standard/05/45/54534.html">A.12.4.1</reference>
              <reference href="https://www.iso.org/contents/data/standard/05/45/54534.html">A.12.5.1</reference>
              <reference href="https://www.iso.org/contents/data/standard/05/45/54534.html">A.12.6.2</reference>
              <reference href="https://www.iso.org/contents/data/standard/05/45/54534.html">A.14.2.2</reference>
              <reference href="https://www.iso.org/contents/data/standard/05/45/54534.html">A.14.2.3</reference>
              <reference href="https://www.iso.org/contents/data/standard/05/45/54534.html">A.14.2.4</reference>
              <reference href="https://www.iso.org/contents/data/standard/05/45/54534.html">A.14.2.7</reference>
              <reference href="https://www.iso.org/contents/data/standard/05/45/54534.html">A.15.2.1</reference>
              <reference href="http://nvlpubs.nist.gov/nistpubs/SpecialPublications/NIST.SP.800-53r4.pdf">CM-6(a)</reference>
              <reference href="http://nvlpubs.nist.gov/nistpubs/SpecialPublications/NIST.SP.800-53r4.pdf">CM-3(5)</reference>
              <reference href="https://nvlpubs.nist.gov/nistpubs/CSWP/NIST.CSWP.04162018.pdf">DE.CM-1</reference>
              <reference href="https://nvlpubs.nist.gov/nistpubs/CSWP/NIST.CSWP.04162018.pdf">DE.CM-7</reference>
              <reference href="https://nvlpubs.nist.gov/nistpubs/CSWP/NIST.CSWP.04162018.pdf">PR.IP-1</reference>
              <reference href="https://nvlpubs.nist.gov/nistpubs/CSWP/NIST.CSWP.04162018.pdf">PR.IP-3</reference>
              <reference href="https://www.cyber.mil/stigs/downloads/?_dl_facet_stigs=operating-systems%2Cgeneral-purpose-os">SRG-OS-000363-GPOS-00150</reference>
              <reference href="https://www.cyber.mil/stigs/downloads/?_dl_facet_stigs=operating-systems%2Cgeneral-purpose-os">SRG-OS-000446-GPOS-00200</reference>
              <reference href="https://www.cyber.mil/stigs/downloads/?_dl_facet_stigs=operating-systems%2Cgeneral-purpose-os">SRG-OS-000447-GPOS-00201</reference>
              <reference href="https://www.cyber.mil/stigs/downloads/?_dl_facet_stigs=operating-systems%2Cunix-linux">SLES-15-010570</reference>
              <reference href="https://cyber.gouv.fr/sites/default/files/document/linux_configuration-en-v2.pdf">R76</reference>
              <reference href="https://www.cyber.mil/stigs/srg-stig-tools/">SV-234864r958948_rule</reference>
              <rationale xmlns:xhtml="http://www.w3.org/1999/xhtml" xml:lang="en-US">Unauthorized changes to the baseline configuration could make the system vulnerable
to various attacks or allow unauthorized access to the operating system. Changes to
operating system configurations can have unintended side effects, some of which may
be relevant to security.
<html:br xmlns:html="http://www.w3.org/1999/xhtml"/>
          <html:br xmlns:html="http://www.w3.org/1999/xhtml"/>
Detecting such changes and providing an automated response can help avoid unintended,
negative consequences that could ultimately affect the security state of the operating
system. The operating system's Information Management Officer (IMO)/Information System
Security Officer (ISSO) and System Administrators (SAs) must be notified via email and/or
monitoring system trap when there is an unauthorized modification of a configuration item.</rationale>
              <ident system="https://ncp.nist.gov/cce">CCE-91214-7</ident>
              <fix xmlns:xhtml="http://www.w3.org/1999/xhtml" id="aide_scan_notification" system="urn:xccdf:fix:script:sh"># Remediation is applicable only in certain platforms
if rpm --quiet -q kernel-default || rpm --quiet -q kernel-default-base; then

zypper install -y "aide"
var_aide_scan_notification_email='<xccdf-1.2:sub xmlns:xccdf-1.2="http://checklists.nist.gov/xccdf/1.2" idref="xccdf_org.ssgproject.content_value_var_aide_scan_notification_email" use="legacy"/>'



# create unit file for periodic aide database check
cat &gt; /etc/systemd/system/aidecheck.service &lt;&lt;CHECKEOF
[Unit]
        Description=Aide Check
        Before=aidecheck-notify.service
        Wants=aidecheck-notify.service
        [Service]
        Type=forking
        ExecStart=/usr/bin/aide --check -r file:/tmp/aide-report.log
        [Install]
        WantedBy=multi-user.target
CHECKEOF
cat &gt; /etc/systemd/system/aidecheck-notify.service &lt;&lt;NOTIFYEOF
[Unit]
        Description=Status email for AIDE check result
        After=aidecheck.service
        [Service]
        Type=forking
        ExecStart=/bin/sh -c 'cat /tmp/aide-report.log | /bin/mail -s "$(hostname) - AIDE Integrity Check"  $var_aide_scan_notification_email'
NOTIFYEOF

else
    &gt;&amp;2 echo 'Remediation is not applicable, nothing was done'
fi
</fix>
              <fix xmlns:xhtml="http://www.w3.org/1999/xhtml" id="aide_scan_notification" system="urn:xccdf:fix:script:ansible" complexity="low" disruption="low" strategy="restrict">- name: Gather the package facts
  package_facts:
    manager: auto
  tags:
  - CCE-91214-7
  - DISA-STIG-SLES-15-010570
  - NIST-800-53-CM-3(5)
  - NIST-800-53-CM-6(a)
  - aide_scan_notification
  - low_complexity
  - low_disruption
  - medium_severity
  - no_reboot_needed
  - restrict_strategy
- name: XCCDF Value var_aide_scan_notification_email # promote to variable
  set_fact:
    var_aide_scan_notification_email: !!str <xccdf-1.2:sub xmlns:xccdf-1.2="http://checklists.nist.gov/xccdf/1.2" idref="xccdf_org.ssgproject.content_value_var_aide_scan_notification_email" use="legacy"/>
  tags:
    - always

- name: Ensure AIDE is installed
  ansible.builtin.package:
    name: '{{ item }}'
    state: present
  with_items:
  - aide
  when: ("kernel-default" in ansible_facts.packages or "kernel-default-base" in ansible_facts.packages)
  tags:
  - CCE-91214-7
  - DISA-STIG-SLES-15-010570
  - NIST-800-53-CM-3(5)
  - NIST-800-53-CM-6(a)
  - aide_scan_notification
  - low_complexity
  - low_disruption
  - medium_severity
  - no_reboot_needed
  - restrict_strategy

- name: Configure Notification of Post-AIDE Scan Details check service
  ansible.builtin.blockinfile:
    create: true
    dest: /etc/systemd/system/aidecheck.service
    owner: root
    group: root
    mode: '0644'
    block: |
      [Unit]
      Description=Aide Check
      Before=aidecheck-notify.service
      Wants=aidecheck-notify.service
      [Service]
      Type=forking
      ExecStart=/usr/bin/aide --check -r file:/tmp/aide-report.log
      [Install]
      WantedBy=multi-user.target
  when: ("kernel-default" in ansible_facts.packages or "kernel-default-base" in ansible_facts.packages)
  tags:
  - CCE-91214-7
  - DISA-STIG-SLES-15-010570
  - NIST-800-53-CM-3(5)
  - NIST-800-53-CM-6(a)
  - aide_scan_notification
  - low_complexity
  - low_disruption
  - medium_severity
  - no_reboot_needed
  - restrict_strategy

- name: Configure Notification of Post-AIDE Scan Details notify service
  ansible.builtin.blockinfile:
    create: true
    dest: /etc/systemd/system/aidecheck-notify.service
    owner: root
    group: root
    mode: '0644'
    block: |
      [Unit]
      Description=Status email for AIDE check result
      After=aidecheck.service
      [Service]
      Type=forking
      ExecStart=/bin/sh -c 'cat /tmp/aide-report.log | /bin/mail -s "$(hostname) - AIDE Integrity Check"  {{ var_aide_scan_notification_email }}'
  when: ("kernel-default" in ansible_facts.packages or "kernel-default-base" in ansible_facts.packages)
  tags:
  - CCE-91214-7
  - DISA-STIG-SLES-15-010570
  - NIST-800-53-CM-3(5)
  - NIST-800-53-CM-6(a)
  - aide_scan_notification
  - low_complexity
  - low_disruption
  - medium_severity
  - no_reboot_needed
  - restrict_strategy
</fix>
              <check system="http://oval.mitre.org/XMLSchema/oval-definitions-5">
                <check-content-ref name="oval:ssg-aide_scan_notification:def:1" href="ssg-sle15-oval.xml"/>
              </check>
              <check system="http://scap.nist.gov/schema/ocil/2">
                <check-content-ref name="ocil:ssg-aide_scan_notification_ocil:questionnaire:1" href="ssg-sle15-ocil.xml"/>
              </check>
            </Rule>
            <Rule id="xccdf_org.ssgproject.content_rule_aide_verify_acls" selected="false" role="full" severity="low">
              <title xmlns:xhtml="http://www.w3.org/1999/xhtml" xml:lang="en-US">Configure AIDE to Verify Access Control Lists (ACLs)</title>
              <description xmlns:xhtml="http://www.w3.org/1999/xhtml" xml:lang="en-US">By default, the <html:code xmlns:html="http://www.w3.org/1999/xhtml">acl</html:code> option is added to the <html:code xmlns:html="http://www.w3.org/1999/xhtml">FIPSR</html:code> ruleset in AIDE.
If using a custom ruleset or the <html:code xmlns:html="http://www.w3.org/1999/xhtml">acl</html:code> option is missing, add <html:code xmlns:html="http://www.w3.org/1999/xhtml">acl</html:code>
to the appropriate ruleset.
For example, add <html:code xmlns:html="http://www.w3.org/1999/xhtml">acl</html:code> to the following line in <html:code xmlns:html="http://www.w3.org/1999/xhtml">/etc/aide.conf</html:code>:
<html:pre xmlns:html="http://www.w3.org/1999/xhtml">FIPSR = p+i+n+u+g+s+m+c+acl+selinux+xattrs+sha256</html:pre>
AIDE rules can be configured in multiple ways; this is merely one example that is already
configured by default.


The remediation provided with this rule adds <html:code xmlns:html="http://www.w3.org/1999/xhtml">acl</html:code> to all rule sets available in
<html:code xmlns:html="http://www.w3.org/1999/xhtml">/etc/aide.conf</html:code>
         </description>
              <reference href="https://www.cisecurity.org/controls/">2</reference>
              <reference href="https://www.cisecurity.org/controls/">3</reference>
              <reference href="https://www.isaca.org/resources/cobit">APO01.06</reference>
              <reference href="https://www.isaca.org/resources/cobit">BAI03.05</reference>
              <reference href="https://www.isaca.org/resources/cobit">BAI06.01</reference>
              <reference href="https://www.isaca.org/resources/cobit">DSS06.02</reference>
              <reference href="https://www.isa.org/products/isa-62443-2-1-2009-security-for-industrial-automat">4.3.4.4.4</reference>
              <reference href="https://www.isa.org/products/ansi-isa-62443-3-3-99-03-03-2013-security-for-indu">SR 3.1</reference>
              <reference href="https://www.isa.org/products/ansi-isa-62443-3-3-99-03-03-2013-security-for-indu">SR 3.3</reference>
              <reference href="https://www.isa.org/products/ansi-isa-62443-3-3-99-03-03-2013-security-for-indu">SR 3.4</reference>
              <reference href="https://www.isa.org/products/ansi-isa-62443-3-3-99-03-03-2013-security-for-indu">SR 3.8</reference>
              <reference href="https://www.iso.org/contents/data/standard/05/45/54534.html">A.11.2.4</reference>
              <reference href="https://www.iso.org/contents/data/standard/05/45/54534.html">A.12.2.1</reference>
              <reference href="https://www.iso.org/contents/data/standard/05/45/54534.html">A.12.5.1</reference>
              <reference href="https://www.iso.org/contents/data/standard/05/45/54534.html">A.14.1.2</reference>
              <reference href="https://www.iso.org/contents/data/standard/05/45/54534.html">A.14.1.3</reference>
              <reference href="https://www.iso.org/contents/data/standard/05/45/54534.html">A.14.2.4</reference>
              <reference href="http://nvlpubs.nist.gov/nistpubs/SpecialPublications/NIST.SP.800-53r4.pdf">SI-7</reference>
              <reference href="http://nvlpubs.nist.gov/nistpubs/SpecialPublications/NIST.SP.800-53r4.pdf">SI-7(1)</reference>
              <reference href="http://nvlpubs.nist.gov/nistpubs/SpecialPublications/NIST.SP.800-53r4.pdf">CM-6(a)</reference>
              <reference href="https://nvlpubs.nist.gov/nistpubs/CSWP/NIST.CSWP.04162018.pdf">PR.DS-6</reference>
              <reference href="https://nvlpubs.nist.gov/nistpubs/CSWP/NIST.CSWP.04162018.pdf">PR.DS-8</reference>
              <reference href="https://www.cyber.mil/stigs/downloads/?_dl_facet_stigs=operating-systems%2Cgeneral-purpose-os">SRG-OS-000480-GPOS-00227</reference>
              <reference href="https://www.cyber.mil/stigs/downloads/?_dl_facet_stigs=operating-systems%2Cunix-linux">SLES-15-040040</reference>
              <reference href="https://cyber.gouv.fr/sites/default/files/document/linux_configuration-en-v2.pdf">R76</reference>
              <reference href="https://www.cyber.mil/stigs/srg-stig-tools/">SV-234986r991589_rule</reference>
              <rationale xmlns:xhtml="http://www.w3.org/1999/xhtml" xml:lang="en-US">ACLs can provide permissions beyond those permitted through the file mode and must be
verified by the file integrity tools.</rationale>
              <ident system="https://ncp.nist.gov/cce">CCE-85623-7</ident>
              <fix xmlns:xhtml="http://www.w3.org/1999/xhtml" id="aide_verify_acls" system="urn:xccdf:fix:script:sh"># Remediation is applicable only in certain platforms
if rpm --quiet -q kernel-default || rpm --quiet -q kernel-default-base; then

zypper install -y "aide"

aide_conf="/etc/aide.conf"


groups=$(LC_ALL=C grep "^[A-Z][A-Za-z_]*" $aide_conf | grep -v "^ALLXTRAHASHES" | cut -f1 -d '=' | tr -d ' ' | sort -u)


for group in $groups
do
	config=$(grep "^$group\s*=" $aide_conf | cut -f2 -d '=' | tr -d ' ')

	if ! [[ $config = *acl* ]]
	then
		if [[ -z $config ]]
		then
			config="acl"
		else
			config=$config"+acl"
		fi
	fi
	sed -i "s/^$group\s*=.*/$group = $config/g" $aide_conf
done

else
    &gt;&amp;2 echo 'Remediation is not applicable, nothing was done'
fi
</fix>
              <fix xmlns:xhtml="http://www.w3.org/1999/xhtml" id="aide_verify_acls" system="urn:xccdf:fix:script:ansible" complexity="low" disruption="low" strategy="restrict">- name: Gather the package facts
  package_facts:
    manager: auto
  tags:
  - CCE-85623-7
  - DISA-STIG-SLES-15-040040
  - NIST-800-53-CM-6(a)
  - NIST-800-53-SI-7
  - NIST-800-53-SI-7(1)
  - aide_verify_acls
  - low_complexity
  - low_disruption
  - low_severity
  - no_reboot_needed
  - restrict_strategy

- name: Gather list of packages
  ansible.builtin.package_facts:
    manager: auto
  when: ("kernel-default" in ansible_facts.packages or "kernel-default-base" in ansible_facts.packages)
  tags:
  - CCE-85623-7
  - DISA-STIG-SLES-15-040040
  - NIST-800-53-CM-6(a)
  - NIST-800-53-SI-7
  - NIST-800-53-SI-7(1)
  - aide_verify_acls
  - low_complexity
  - low_disruption
  - low_severity
  - no_reboot_needed
  - restrict_strategy

- name: Get rules groups
  ansible.builtin.shell: |
    set -o pipefail
    LC_ALL=C grep "^[A-Z][A-Za-z_]*" /etc/aide.conf | grep -v "^ALLXTRAHASHES" | cut -f1 -d '=' | tr -d ' ' | sort -u || true
  when:
  - ("kernel-default" in ansible_facts.packages or "kernel-default-base" in ansible_facts.packages)
  - '''aide'' in ansible_facts.packages'
  register: find_rules_groups_results
  changed_when: false
  check_mode: false
  tags:
  - CCE-85623-7
  - DISA-STIG-SLES-15-040040
  - NIST-800-53-CM-6(a)
  - NIST-800-53-SI-7
  - NIST-800-53-SI-7(1)
  - aide_verify_acls
  - low_complexity
  - low_disruption
  - low_severity
  - no_reboot_needed
  - restrict_strategy

- name: Ensure the acl rule is present when aide is installed.
  ansible.builtin.replace:
    path: /etc/aide.conf
    regexp: (^\s*{{ item }}\s*=\s*)(?!.*acl)([^\s]*)
    replace: \g&lt;1&gt;\g&lt;2&gt;+acl
  when:
  - ("kernel-default" in ansible_facts.packages or "kernel-default-base" in ansible_facts.packages)
  - find_rules_groups_results is not skipped and "'aide' in ansible_facts.packages"
  with_items: '{{ find_rules_groups_results.stdout_lines | map(''trim'') | list }}'
  tags:
  - CCE-85623-7
  - DISA-STIG-SLES-15-040040
  - NIST-800-53-CM-6(a)
  - NIST-800-53-SI-7
  - NIST-800-53-SI-7(1)
  - aide_verify_acls
  - low_complexity
  - low_disruption
  - low_severity
  - no_reboot_needed
  - restrict_strategy
</fix>
              <check system="http://oval.mitre.org/XMLSchema/oval-definitions-5">
                <check-content-ref name="oval:ssg-aide_verify_acls:def:1" href="ssg-sle15-oval.xml"/>
              </check>
              <check system="http://scap.nist.gov/schema/ocil/2">
                <check-content-ref name="ocil:ssg-aide_verify_acls_ocil:questionnaire:1" href="ssg-sle15-ocil.xml"/>
              </check>
            </Rule>
            <Rule id="xccdf_org.ssgproject.content_rule_aide_verify_ext_attributes" selected="false" role="full" severity="low">
              <title xmlns:xhtml="http://www.w3.org/1999/xhtml" xml:lang="en-US">Configure AIDE to Verify Extended Attributes</title>
              <description xmlns:xhtml="http://www.w3.org/1999/xhtml" xml:lang="en-US">By default, the <html:code xmlns:html="http://www.w3.org/1999/xhtml">xattrs</html:code> option is added to the <html:code xmlns:html="http://www.w3.org/1999/xhtml">FIPSR</html:code> ruleset in AIDE.
If using a custom ruleset or the <html:code xmlns:html="http://www.w3.org/1999/xhtml">xattrs</html:code> option is missing, add <html:code xmlns:html="http://www.w3.org/1999/xhtml">xattrs</html:code>
to the appropriate ruleset.
For example, add <html:code xmlns:html="http://www.w3.org/1999/xhtml">xattrs</html:code> to the following line in <html:code xmlns:html="http://www.w3.org/1999/xhtml">/etc/aide.conf</html:code>:
<html:pre xmlns:html="http://www.w3.org/1999/xhtml">FIPSR = p+i+n+u+g+s+m+c+acl+selinux+xattrs+sha256</html:pre>
AIDE rules can be configured in multiple ways; this is merely one example that is already
configured by default.


The remediation provided with this rule adds <html:code xmlns:html="http://www.w3.org/1999/xhtml">xattrs</html:code> to all rule sets available in
<html:code xmlns:html="http://www.w3.org/1999/xhtml">/etc/aide.conf</html:code>
         </description>
              <reference href="https://www.cisecurity.org/controls/">2</reference>
              <reference href="https://www.cisecurity.org/controls/">3</reference>
              <reference href="https://www.isaca.org/resources/cobit">APO01.06</reference>
              <reference href="https://www.isaca.org/resources/cobit">BAI03.05</reference>
              <reference href="https://www.isaca.org/resources/cobit">BAI06.01</reference>
              <reference href="https://www.isaca.org/resources/cobit">DSS06.02</reference>
              <reference href="https://www.isa.org/products/isa-62443-2-1-2009-security-for-industrial-automat">4.3.4.4.4</reference>
              <reference href="https://www.isa.org/products/ansi-isa-62443-3-3-99-03-03-2013-security-for-indu">SR 3.1</reference>
              <reference href="https://www.isa.org/products/ansi-isa-62443-3-3-99-03-03-2013-security-for-indu">SR 3.3</reference>
              <reference href="https://www.isa.org/products/ansi-isa-62443-3-3-99-03-03-2013-security-for-indu">SR 3.4</reference>
              <reference href="https://www.isa.org/products/ansi-isa-62443-3-3-99-03-03-2013-security-for-indu">SR 3.8</reference>
              <reference href="https://www.iso.org/contents/data/standard/05/45/54534.html">A.11.2.4</reference>
              <reference href="https://www.iso.org/contents/data/standard/05/45/54534.html">A.12.2.1</reference>
              <reference href="https://www.iso.org/contents/data/standard/05/45/54534.html">A.12.5.1</reference>
              <reference href="https://www.iso.org/contents/data/standard/05/45/54534.html">A.14.1.2</reference>
              <reference href="https://www.iso.org/contents/data/standard/05/45/54534.html">A.14.1.3</reference>
              <reference href="https://www.iso.org/contents/data/standard/05/45/54534.html">A.14.2.4</reference>
              <reference href="http://nvlpubs.nist.gov/nistpubs/SpecialPublications/NIST.SP.800-53r4.pdf">SI-7</reference>
              <reference href="http://nvlpubs.nist.gov/nistpubs/SpecialPublications/NIST.SP.800-53r4.pdf">SI-7(1)</reference>
              <reference href="http://nvlpubs.nist.gov/nistpubs/SpecialPublications/NIST.SP.800-53r4.pdf">CM-6(a)</reference>
              <reference href="https://nvlpubs.nist.gov/nistpubs/CSWP/NIST.CSWP.04162018.pdf">PR.DS-6</reference>
              <reference href="https://nvlpubs.nist.gov/nistpubs/CSWP/NIST.CSWP.04162018.pdf">PR.DS-8</reference>
              <reference href="https://www.cyber.mil/stigs/downloads/?_dl_facet_stigs=operating-systems%2Cgeneral-purpose-os">SRG-OS-000480-GPOS-00227</reference>
              <reference href="https://www.cyber.mil/stigs/downloads/?_dl_facet_stigs=operating-systems%2Cunix-linux">SLES-15-040050</reference>
              <reference href="https://cyber.gouv.fr/sites/default/files/document/linux_configuration-en-v2.pdf">R76</reference>
              <reference href="https://www.cyber.mil/stigs/srg-stig-tools/">SV-234987r991589_rule</reference>
              <rationale xmlns:xhtml="http://www.w3.org/1999/xhtml" xml:lang="en-US">Extended attributes in file systems are used to contain arbitrary data and file metadata
with security implications.</rationale>
              <ident system="https://ncp.nist.gov/cce">CCE-85624-5</ident>
              <fix xmlns:xhtml="http://www.w3.org/1999/xhtml" id="aide_verify_ext_attributes" system="urn:xccdf:fix:script:sh"># Remediation is applicable only in certain platforms
if rpm --quiet -q kernel-default || rpm --quiet -q kernel-default-base; then

zypper install -y "aide"

aide_conf="/etc/aide.conf"


groups=$(LC_ALL=C grep "^[A-Z][A-Za-z_]*" $aide_conf | grep -v "^ALLXTRAHASHES" | cut -f1 -d '=' | tr -d ' ' | sort -u)


for group in $groups
do
	config=$(grep "^$group\s*=" $aide_conf | cut -f2 -d '=' | tr -d ' ')

	if ! [[ $config = *xattrs* ]]
	then
		if [[ -z $config ]]
		then
			config="xattrs"
		else
			config=$config"+xattrs"
		fi
	fi
	sed -i "s/^$group\s*=.*/$group = $config/g" $aide_conf
done

else
    &gt;&amp;2 echo 'Remediation is not applicable, nothing was done'
fi
</fix>
              <fix xmlns:xhtml="http://www.w3.org/1999/xhtml" id="aide_verify_ext_attributes" system="urn:xccdf:fix:script:ansible" complexity="low" disruption="low" strategy="restrict">- name: Gather the package facts
  package_facts:
    manager: auto
  tags:
  - CCE-85624-5
  - DISA-STIG-SLES-15-040050
  - NIST-800-53-CM-6(a)
  - NIST-800-53-SI-7
  - NIST-800-53-SI-7(1)
  - aide_verify_ext_attributes
  - low_complexity
  - low_disruption
  - low_severity
  - no_reboot_needed
  - restrict_strategy

- name: Gather list of packages
  ansible.builtin.package_facts:
    manager: auto
  when: ("kernel-default" in ansible_facts.packages or "kernel-default-base" in ansible_facts.packages)
  tags:
  - CCE-85624-5
  - DISA-STIG-SLES-15-040050
  - NIST-800-53-CM-6(a)
  - NIST-800-53-SI-7
  - NIST-800-53-SI-7(1)
  - aide_verify_ext_attributes
  - low_complexity
  - low_disruption
  - low_severity
  - no_reboot_needed
  - restrict_strategy

- name: Get rules groups
  ansible.builtin.shell: |
    set -o pipefail
    LC_ALL=C grep "^[A-Z][A-Za-z_]*" /etc/aide.conf | grep -v "^ALLXTRAHASHES" | cut -f1 -d '=' | tr -d ' ' | sort -u || true
  when:
  - ("kernel-default" in ansible_facts.packages or "kernel-default-base" in ansible_facts.packages)
  - '''aide'' in ansible_facts.packages'
  register: find_rules_groups_results
  changed_when: false
  check_mode: false
  tags:
  - CCE-85624-5
  - DISA-STIG-SLES-15-040050
  - NIST-800-53-CM-6(a)
  - NIST-800-53-SI-7
  - NIST-800-53-SI-7(1)
  - aide_verify_ext_attributes
  - low_complexity
  - low_disruption
  - low_severity
  - no_reboot_needed
  - restrict_strategy

- name: Ensure the xattrs rule is present when aide is installed.
  ansible.builtin.replace:
    path: /etc/aide.conf
    regexp: (^\s*{{ item }}\s*=\s*)(?!.*xattrs)([^\s]*)
    replace: \g&lt;1&gt;\g&lt;2&gt;+xattrs
  when:
  - ("kernel-default" in ansible_facts.packages or "kernel-default-base" in ansible_facts.packages)
  - find_rules_groups_results is not skipped and "'aide' in ansible_facts.packages"
  with_items: '{{ find_rules_groups_results.stdout_lines | map(''trim'') | list }}'
  tags:
  - CCE-85624-5
  - DISA-STIG-SLES-15-040050
  - NIST-800-53-CM-6(a)
  - NIST-800-53-SI-7
  - NIST-800-53-SI-7(1)
  - aide_verify_ext_attributes
  - low_complexity
  - low_disruption
  - low_severity
  - no_reboot_needed
  - restrict_strategy
</fix>
              <check system="http://oval.mitre.org/XMLSchema/oval-definitions-5">
                <check-content-ref name="oval:ssg-aide_verify_ext_attributes:def:1" href="ssg-sle15-oval.xml"/>
              </check>
              <check system="http://scap.nist.gov/schema/ocil/2">
                <check-content-ref name="ocil:ssg-aide_verify_ext_attributes_ocil:questionnaire:1" href="ssg-sle15-ocil.xml"/>
              </check>
            </Rule>
          </Group>
        </Group>
        <Group id="xccdf_org.ssgproject.content_group_fips">
          <title xmlns:xhtml="http://www.w3.org/1999/xhtml" xml:lang="en-US">Federal Information Processing Standard (FIPS)</title>
          <description xmlns:xhtml="http://www.w3.org/1999/xhtml" xml:lang="en-US">The Federal Information Processing Standard (FIPS) is a computer security standard which
is developed by the U.S. Government and industry working groups to validate the quality
of cryptographic modules. The FIPS standard provides four security levels to ensure
adequate coverage of different industries, implementation of cryptographic modules, and
organizational sizes and requirements.
<html:br xmlns:html="http://www.w3.org/1999/xhtml"/>
        <html:br xmlns:html="http://www.w3.org/1999/xhtml"/>
FIPS 140-2 is the current standard for validating that mechanisms used to access cryptographic modules
utilize authentication that meets industry and government requirements. For government systems, this allows
Security Levels 1, 2, 3, or 4 for use on SUSE Linux Enterprise 15.
<html:br xmlns:html="http://www.w3.org/1999/xhtml"/>
        <html:br xmlns:html="http://www.w3.org/1999/xhtml"/>
See <html:b xmlns:html="http://www.w3.org/1999/xhtml"><html:a href="http://csrc.nist.gov/publications/PubsFIPS.html">http://csrc.nist.gov/publications/PubsFIPS.html</html:a></html:b> for more information.</description>
          <Rule id="xccdf_org.ssgproject.content_rule_is_fips_mode_enabled" selected="false" role="full" severity="high">
            <title xmlns:xhtml="http://www.w3.org/1999/xhtml" xml:lang="en-US">Verify '/proc/sys/crypto/fips_enabled' exists</title>
            <description xmlns:xhtml="http://www.w3.org/1999/xhtml" xml:lang="en-US">On a system where FIPS 140-2 mode is enabled, <html:code xmlns:html="http://www.w3.org/1999/xhtml">/proc/sys/crypto/fips_enabled</html:code> must exist.
To verify FIPS mode, run the following command:
<html:pre xmlns:html="http://www.w3.org/1999/xhtml">cat /proc/sys/crypto/fips_enabled</html:pre>
        </description>
            <warning xmlns:xhtml="http://www.w3.org/1999/xhtml" xml:lang="en-US" category="general">To configure the OS to run in FIPS 140-2 mode, the kernel parameter "fips=1" needs to be added during its installation.
Enabling FIPS mode on a preexisting system involves a number of modifications to it. Refer to the vendor installation
guidances.</warning>
            <warning xmlns:xhtml="http://www.w3.org/1999/xhtml" xml:lang="en-US" category="regulatory">System Crypto Modules must be provided by a vendor that undergoes
FIPS-140 certifications.
FIPS-140 is applicable to all Federal agencies that use
cryptographic-based security systems to protect sensitive information
in computer and telecommunication systems (including voice systems) as
defined in Section 5131 of the Information Technology Management Reform
Act of 1996, Public Law 104-106. This standard shall be used in
designing and implementing cryptographic modules that Federal
departments and agencies operate or are operated for them under
contract. See <html:b xmlns:html="http://www.w3.org/1999/xhtml"><html:a href="https://nvlpubs.nist.gov/nistpubs/FIPS/NIST.FIPS.140-2.pdf">https://nvlpubs.nist.gov/nistpubs/FIPS/NIST.FIPS.140-2.pdf</html:a></html:b>
To meet this, the system has to have cryptographic software provided by
a vendor that has undergone this certification. This means providing
documentation, test results, design information, and independent third
party review by an accredited lab. While open source software is
capable of meeting this, it does not meet FIPS-140 unless the vendor
submits to this process.</warning>
            <reference href="http://nvlpubs.nist.gov/nistpubs/SpecialPublications/NIST.SP.800-53r4.pdf">SC-12(2)</reference>
            <reference href="http://nvlpubs.nist.gov/nistpubs/SpecialPublications/NIST.SP.800-53r4.pdf">SC-12(3)</reference>
            <reference href="http://nvlpubs.nist.gov/nistpubs/SpecialPublications/NIST.SP.800-53r4.pdf">SC-13</reference>
            <reference href="https://www.cyber.mil/stigs/downloads/?_dl_facet_stigs=operating-systems%2Cgeneral-purpose-os">SRG-OS-000396-GPOS-00176</reference>
            <reference href="https://www.cyber.mil/stigs/downloads/?_dl_facet_stigs=operating-systems%2Cgeneral-purpose-os">SRG-OS-000478-GPOS-00223</reference>
            <reference href="https://www.cyber.mil/stigs/downloads/?_dl_facet_stigs=operating-systems%2Cunix-linux">SLES-15-010510</reference>
            <reference href="https://www.cyber.mil/stigs/srg-stig-tools/">SV-234859r987791_rule</reference>
            <rationale xmlns:xhtml="http://www.w3.org/1999/xhtml" xml:lang="en-US">Use of weak or untested encryption algorithms undermines the purposes of utilizing encryption to
protect data. The operating system must implement cryptographic modules adhering to the higher
standards approved by the federal government since this provides assurance they have been tested
and validated.</rationale>
            <platform idref="#not_osbuild_and_system_with_kernel"/>
            <ident system="https://ncp.nist.gov/cce">CCE-85763-1</ident>
            <check system="http://oval.mitre.org/XMLSchema/oval-definitions-5">
              <check-content-ref name="oval:ssg-is_fips_mode_enabled:def:1" href="ssg-sle15-oval.xml"/>
            </check>
            <check system="http://scap.nist.gov/schema/ocil/2">
              <check-content-ref name="ocil:ssg-is_fips_mode_enabled_ocil:questionnaire:1" href="ssg-sle15-ocil.xml"/>
            </check>
          </Rule>
        </Group>
        <Group id="xccdf_org.ssgproject.content_group_crypto">
          <title xmlns:xhtml="http://www.w3.org/1999/xhtml" xml:lang="en-US">System Cryptographic Policies</title>
          <description xmlns:xhtml="http://www.w3.org/1999/xhtml" xml:lang="en-US">Linux has the capability to centrally configure cryptographic polices. The command
<html:code xmlns:html="http://www.w3.org/1999/xhtml">update-crypto-policies</html:code> is used to set the policy applicable for the various
cryptographic back-ends, such as SSL/TLS libraries. The configured cryptographic
policies will be the default policy used by these backends unless the application
user configures them otherwise. When the system has been configured to use the
centralized cryptographic policies, the administrator is assured that any application
that utilizes the supported backends will follow a policy that adheres to the
configured profile.

Currently the supported backends are:
<html:ul xmlns:html="http://www.w3.org/1999/xhtml"><html:li>GnuTLS library</html:li><html:li>OpenSSL library</html:li><html:li>NSS library</html:li><html:li>OpenJDK</html:li><html:li>Libkrb5</html:li><html:li>BIND</html:li><html:li>OpenSSH</html:li></html:ul>
Applications and languages which rely on any of these backends will follow the
system policies as well. Examples are apache httpd, nginx, php, and others.</description>
          <Value id="xccdf_org.ssgproject.content_value_var_system_crypto_policy" type="string">
            <title xmlns:xhtml="http://www.w3.org/1999/xhtml" xml:lang="en-US">The system-provided crypto policies</title>
            <description xmlns:xhtml="http://www.w3.org/1999/xhtml" xml:lang="en-US">Specify the crypto policy for the system.</description>
            <value>DEFAULT</value>
            <value selector="default_policy">DEFAULT</value>
            <value selector="default_nosha1">DEFAULT:NO-SHA1</value>
            <value selector="fips">FIPS</value>
            <value selector="fips_ospp">FIPS:OSPP</value>
            <value selector="fips_stig">FIPS:STIG</value>
            <value selector="legacy">LEGACY</value>
            <value selector="future">FUTURE</value>
            <value selector="next">NEXT</value>
          </Value>
          <Rule id="xccdf_org.ssgproject.content_rule_configure_crypto_policy" selected="false" role="full" severity="high">
            <title xmlns:xhtml="http://www.w3.org/1999/xhtml" xml:lang="en-US">Configure System Cryptography Policy</title>
            <description xmlns:xhtml="http://www.w3.org/1999/xhtml" xml:lang="en-US">To configure the system cryptography policy to use ciphers only from the <html:code xmlns:html="http://www.w3.org/1999/xhtml" xmlns:xccdf-1.2="http://checklists.nist.gov/xccdf/1.2"><xccdf-1.2:sub idref="xccdf_org.ssgproject.content_value_var_system_crypto_policy" use="legacy"/></html:code>
policy, run the following command:
<html:pre xmlns:html="http://www.w3.org/1999/xhtml" xmlns:xccdf-1.2="http://checklists.nist.gov/xccdf/1.2">$ sudo update-crypto-policies --set <xccdf-1.2:sub idref="xccdf_org.ssgproject.content_value_var_system_crypto_policy" use="legacy"/>
         </html:pre>
The rule checks if settings for selected crypto policy are configured as expected. Configuration files in the <html:code xmlns:html="http://www.w3.org/1999/xhtml">/etc/crypto-policies/back-ends</html:code> are either symlinks to correct files provided by Crypto-policies package or they are regular files in case crypto policy customizations are applied.
Crypto policies may be customized by crypto policy modules, in which case it is delimited from the base policy using a colon.</description>
            <warning xmlns:xhtml="http://www.w3.org/1999/xhtml" xml:lang="en-US" category="general">The system needs to be rebooted for these changes to take effect.</warning>
            <warning xmlns:xhtml="http://www.w3.org/1999/xhtml" xml:lang="en-US" category="regulatory">System Crypto Modules must be provided by a vendor that undergoes
FIPS-140 certifications.
FIPS-140 is applicable to all Federal agencies that use
cryptographic-based security systems to protect sensitive information
in computer and telecommunication systems (including voice systems) as
defined in Section 5131 of the Information Technology Management Reform
Act of 1996, Public Law 104-106. This standard shall be used in
designing and implementing cryptographic modules that Federal
departments and agencies operate or are operated for them under
contract. See <html:b xmlns:html="http://www.w3.org/1999/xhtml"><html:a href="https://nvlpubs.nist.gov/nistpubs/FIPS/NIST.FIPS.140-2.pdf">https://nvlpubs.nist.gov/nistpubs/FIPS/NIST.FIPS.140-2.pdf</html:a></html:b>
To meet this, the system has to have cryptographic software provided by
a vendor that has undergone this certification. This means providing
documentation, test results, design information, and independent third
party review by an accredited lab. While open source software is
capable of meeting this, it does not meet FIPS-140 unless the vendor
submits to this process.</warning>
            <reference href="https://www.gpo.gov/fdsys/pkg/CFR-2007-title45-vol1/pdf/CFR-2007-title45-vol1-chapA-subchapC.pdf">164.308(a)(4)(i)</reference>
            <reference href="https://www.gpo.gov/fdsys/pkg/CFR-2007-title45-vol1/pdf/CFR-2007-title45-vol1-chapA-subchapC.pdf">164.308(b)(1)</reference>
            <reference href="https://www.gpo.gov/fdsys/pkg/CFR-2007-title45-vol1/pdf/CFR-2007-title45-vol1-chapA-subchapC.pdf">164.308(b)(3)</reference>
            <reference href="https://www.gpo.gov/fdsys/pkg/CFR-2007-title45-vol1/pdf/CFR-2007-title45-vol1-chapA-subchapC.pdf">164.312(e)(1)</reference>
            <reference href="https://www.gpo.gov/fdsys/pkg/CFR-2007-title45-vol1/pdf/CFR-2007-title45-vol1-chapA-subchapC.pdf">164.312(e)(2)(ii)</reference>
            <reference href="https://www.nerc.com/standards/reliability-standards/cip">CIP-003-8 R4.2</reference>
            <reference href="https://www.nerc.com/standards/reliability-standards/cip">CIP-007-3 R5.1</reference>
            <reference href="https://www.nerc.com/standards/reliability-standards/cip">CIP-007-3 R7.1</reference>
            <reference href="http://nvlpubs.nist.gov/nistpubs/SpecialPublications/NIST.SP.800-53r4.pdf">AC-17(a)</reference>
            <reference href="http://nvlpubs.nist.gov/nistpubs/SpecialPublications/NIST.SP.800-53r4.pdf">AC-17(2)</reference>
            <reference href="http://nvlpubs.nist.gov/nistpubs/SpecialPublications/NIST.SP.800-53r4.pdf">CM-6(a)</reference>
            <reference href="http://nvlpubs.nist.gov/nistpubs/SpecialPublications/NIST.SP.800-53r4.pdf">MA-4(6)</reference>
            <reference href="http://nvlpubs.nist.gov/nistpubs/SpecialPublications/NIST.SP.800-53r4.pdf">SC-13</reference>
            <reference href="http://nvlpubs.nist.gov/nistpubs/SpecialPublications/NIST.SP.800-53r4.pdf">SC-12(2)</reference>
            <reference href="http://nvlpubs.nist.gov/nistpubs/SpecialPublications/NIST.SP.800-53r4.pdf">SC-12(3)</reference>
            <reference href="https://www.niap-ccevs.org/Profile/PP.cfm">FCS_COP.1(1)</reference>
            <reference href="https://www.niap-ccevs.org/Profile/PP.cfm">FCS_COP.1(2)</reference>
            <reference href="https://www.niap-ccevs.org/Profile/PP.cfm">FCS_COP.1(3)</reference>
            <reference href="https://www.niap-ccevs.org/Profile/PP.cfm">FCS_COP.1(4)</reference>
            <reference href="https://www.niap-ccevs.org/Profile/PP.cfm">FCS_CKM.1</reference>
            <reference href="https://www.niap-ccevs.org/Profile/PP.cfm">FCS_CKM.2</reference>
            <reference href="https://www.niap-ccevs.org/Profile/PP.cfm">FCS_TLSC_EXT.1</reference>
            <reference href="https://www.cyber.mil/stigs/downloads/?_dl_facet_stigs=operating-systems%2Cgeneral-purpose-os">SRG-OS-000396-GPOS-00176</reference>
            <reference href="https://www.cyber.mil/stigs/downloads/?_dl_facet_stigs=operating-systems%2Cgeneral-purpose-os">SRG-OS-000393-GPOS-00173</reference>
            <reference href="https://www.cyber.mil/stigs/downloads/?_dl_facet_stigs=operating-systems%2Cgeneral-purpose-os">SRG-OS-000394-GPOS-00174</reference>
            <reference href="not_publicly_available">SLES-15-150900015</reference>
            <reference href="not_publicly_available">SLES-15-150900030</reference>
            <reference href="https://www.cyber.gov.au/acsc/view-all-content/ism">1446</reference>
            <reference href="https://docs-prv.pcisecuritystandards.org/PCI%20DSS/Standard/PCI-DSS-v4_0.pdf">2.2.7</reference>
            <reference href="https://docs-prv.pcisecuritystandards.org/PCI%20DSS/Standard/PCI-DSS-v4_0.pdf">2.2</reference>
            <rationale xmlns:xhtml="http://www.w3.org/1999/xhtml" xml:lang="en-US">Centralized cryptographic policies simplify applying secure ciphers across an operating system and
the applications that run on that operating system. Use of weak or untested encryption algorithms
undermines the purposes of utilizing encryption to protect data.</rationale>
            <ident system="https://ncp.nist.gov/cce">CCE-85776-3</ident>
            <fix xmlns:xhtml="http://www.w3.org/1999/xhtml" id="configure_crypto_policy" system="urn:xccdf:fix:script:sh" complexity="low" disruption="low" strategy="enable">
var_system_crypto_policy='<xccdf-1.2:sub xmlns:xccdf-1.2="http://checklists.nist.gov/xccdf/1.2" idref="xccdf_org.ssgproject.content_value_var_system_crypto_policy" use="legacy"/>'



zypper install -y "crypto-policies-scripts"


stderr_of_call=$(update-crypto-policies --set ${var_system_crypto_policy} 2&gt;&amp;1 &gt; /dev/null)
rc=$?

if test "$rc" = 127; then
	echo "$stderr_of_call" &gt;&amp;2
	echo "Make sure that the script is installed on the remediated system." &gt;&amp;2
	echo "See output of the 'dnf provides update-crypto-policies' command" &gt;&amp;2
	echo "to see what package to (re)install" &gt;&amp;2

	false  # end with an error code
elif test "$rc" != 0; then
	echo "Error invoking the update-crypto-policies script: $stderr_of_call" &gt;&amp;2
	false  # end with an error code
fi
</fix>
            <fix xmlns:xhtml="http://www.w3.org/1999/xhtml" id="configure_crypto_policy" system="urn:xccdf:fix:script:ansible" complexity="low" disruption="low" strategy="restrict">- name: XCCDF Value var_system_crypto_policy # promote to variable
  set_fact:
    var_system_crypto_policy: !!str <xccdf-1.2:sub xmlns:xccdf-1.2="http://checklists.nist.gov/xccdf/1.2" idref="xccdf_org.ssgproject.content_value_var_system_crypto_policy" use="legacy"/>
  tags:
    - always

- name: Configure System Cryptography Policy - Ensure crypto-policies-scripts package
    installed
  become: true
  ansible.builtin.package:
    name: crypto-policies-scripts
    state: present
  tags:
  - CCE-85776-3
  - NIST-800-53-AC-17(2)
  - NIST-800-53-AC-17(a)
  - NIST-800-53-CM-6(a)
  - NIST-800-53-MA-4(6)
  - NIST-800-53-SC-12(2)
  - NIST-800-53-SC-12(3)
  - NIST-800-53-SC-13
  - PCI-DSSv4-2.2
  - PCI-DSSv4-2.2.7
  - configure_crypto_policy
  - high_severity
  - low_complexity
  - low_disruption
  - no_reboot_needed
  - restrict_strategy

- name: Configure System Cryptography Policy - Check current crypto policy (runtime)
  ansible.builtin.command: /usr/bin/update-crypto-policies --show
  register: current_crypto_policy
  changed_when: false
  failed_when: false
  check_mode: false
  tags:
  - CCE-85776-3
  - NIST-800-53-AC-17(2)
  - NIST-800-53-AC-17(a)
  - NIST-800-53-CM-6(a)
  - NIST-800-53-MA-4(6)
  - NIST-800-53-SC-12(2)
  - NIST-800-53-SC-12(3)
  - NIST-800-53-SC-13
  - PCI-DSSv4-2.2
  - PCI-DSSv4-2.2.7
  - configure_crypto_policy
  - high_severity
  - low_complexity
  - low_disruption
  - no_reboot_needed
  - restrict_strategy

- name: Configure System Cryptography Policy - Get mtime of /etc/crypto-policies/config
  ansible.builtin.stat:
    path: /etc/crypto-policies/config
  register: config_file_stat
  changed_when: false
  failed_when: false
  check_mode: false
  tags:
  - CCE-85776-3
  - NIST-800-53-AC-17(2)
  - NIST-800-53-AC-17(a)
  - NIST-800-53-CM-6(a)
  - NIST-800-53-MA-4(6)
  - NIST-800-53-SC-12(2)
  - NIST-800-53-SC-12(3)
  - NIST-800-53-SC-13
  - PCI-DSSv4-2.2
  - PCI-DSSv4-2.2.7
  - configure_crypto_policy
  - high_severity
  - low_complexity
  - low_disruption
  - no_reboot_needed
  - restrict_strategy

- name: Configure System Cryptography Policy - Get mtime of /etc/crypto-policies/state/current
  ansible.builtin.stat:
    path: /etc/crypto-policies/state/current
  register: current_file_stat
  changed_when: false
  failed_when: false
  check_mode: false
  tags:
  - CCE-85776-3
  - NIST-800-53-AC-17(2)
  - NIST-800-53-AC-17(a)
  - NIST-800-53-CM-6(a)
  - NIST-800-53-MA-4(6)
  - NIST-800-53-SC-12(2)
  - NIST-800-53-SC-12(3)
  - NIST-800-53-SC-13
  - PCI-DSSv4-2.2
  - PCI-DSSv4-2.2.7
  - configure_crypto_policy
  - high_severity
  - low_complexity
  - low_disruption
  - no_reboot_needed
  - restrict_strategy

- name: Configure System Cryptography Policy - Check existence of /etc/crypto-policies/back-ends/nss.config
  ansible.builtin.stat:
    path: /etc/crypto-policies/back-ends/nss.config
  register: nss_config_stat
  changed_when: false
  failed_when: false
  check_mode: false
  tags:
  - CCE-85776-3
  - NIST-800-53-AC-17(2)
  - NIST-800-53-AC-17(a)
  - NIST-800-53-CM-6(a)
  - NIST-800-53-MA-4(6)
  - NIST-800-53-SC-12(2)
  - NIST-800-53-SC-12(3)
  - NIST-800-53-SC-13
  - PCI-DSSv4-2.2
  - PCI-DSSv4-2.2.7
  - configure_crypto_policy
  - high_severity
  - low_complexity
  - low_disruption
  - no_reboot_needed
  - restrict_strategy

- name: Configure System Cryptography Policy - Verify that Crypto Policy is Set (runtime)
  ansible.builtin.command: /usr/bin/update-crypto-policies --set {{ var_system_crypto_policy
    }}
  when: (current_crypto_policy.stdout.strip() != var_system_crypto_policy) or (config_file_stat.stat.exists
    and current_file_stat.stat.exists and config_file_stat.stat.mtime &gt; current_file_stat.stat.mtime)
    or (not nss_config_stat.stat.exists)
  tags:
  - CCE-85776-3
  - NIST-800-53-AC-17(2)
  - NIST-800-53-AC-17(a)
  - NIST-800-53-CM-6(a)
  - NIST-800-53-MA-4(6)
  - NIST-800-53-SC-12(2)
  - NIST-800-53-SC-12(3)
  - NIST-800-53-SC-13
  - PCI-DSSv4-2.2
  - PCI-DSSv4-2.2.7
  - configure_crypto_policy
  - high_severity
  - low_complexity
  - low_disruption
  - no_reboot_needed
  - restrict_strategy
</fix>
            <check system="http://oval.mitre.org/XMLSchema/oval-definitions-5">
              <check-export export-name="oval:ssg-var_system_crypto_policy:var:1" value-id="xccdf_org.ssgproject.content_value_var_system_crypto_policy"/>
              <check-content-ref name="oval:ssg-configure_crypto_policy:def:1" href="ssg-sle15-oval.xml"/>
            </check>
            <check system="http://scap.nist.gov/schema/ocil/2">
              <check-content-ref name="ocil:ssg-configure_crypto_policy_ocil:questionnaire:1" href="ssg-sle15-ocil.xml"/>
            </check>
          </Rule>
          <Rule id="xccdf_org.ssgproject.content_rule_configure_ssh_crypto_policy" selected="false" role="full" severity="medium">
            <title xmlns:xhtml="http://www.w3.org/1999/xhtml" xml:lang="en-US">Configure SSH to use System Crypto Policy</title>
            <description xmlns:xhtml="http://www.w3.org/1999/xhtml" xml:lang="en-US">Crypto Policies provide a centralized control over crypto algorithms usage of many packages.
SSH is supported by crypto policy, but the SSH configuration may be
set up to ignore it.
To check that Crypto Policies settings are configured correctly, ensure that
the <html:code xmlns:html="http://www.w3.org/1999/xhtml">CRYPTO_POLICY</html:code> variable is either commented or not set at all
in the <html:code xmlns:html="http://www.w3.org/1999/xhtml">/etc/sysconfig/sshd</html:code>.</description>
            <reference href="https://www.gpo.gov/fdsys/pkg/CFR-2007-title45-vol1/pdf/CFR-2007-title45-vol1-chapA-subchapC.pdf">164.308(a)(4)(i)</reference>
            <reference href="https://www.gpo.gov/fdsys/pkg/CFR-2007-title45-vol1/pdf/CFR-2007-title45-vol1-chapA-subchapC.pdf">164.308(b)(1)</reference>
            <reference href="https://www.gpo.gov/fdsys/pkg/CFR-2007-title45-vol1/pdf/CFR-2007-title45-vol1-chapA-subchapC.pdf">164.308(b)(3)</reference>
            <reference href="https://www.gpo.gov/fdsys/pkg/CFR-2007-title45-vol1/pdf/CFR-2007-title45-vol1-chapA-subchapC.pdf">164.312(e)(1)</reference>
            <reference href="https://www.gpo.gov/fdsys/pkg/CFR-2007-title45-vol1/pdf/CFR-2007-title45-vol1-chapA-subchapC.pdf">164.312(e)(2)(ii)</reference>
            <reference href="https://www.nerc.com/standards/reliability-standards/cip">CIP-003-8 R4.2</reference>
            <reference href="https://www.nerc.com/standards/reliability-standards/cip">CIP-007-3 R5.1</reference>
            <reference href="https://www.nerc.com/standards/reliability-standards/cip">CIP-007-3 R7.1</reference>
            <reference href="http://nvlpubs.nist.gov/nistpubs/SpecialPublications/NIST.SP.800-53r4.pdf">AC-17(a)</reference>
            <reference href="http://nvlpubs.nist.gov/nistpubs/SpecialPublications/NIST.SP.800-53r4.pdf">AC-17(2)</reference>
            <reference href="http://nvlpubs.nist.gov/nistpubs/SpecialPublications/NIST.SP.800-53r4.pdf">CM-6(a)</reference>
            <reference href="http://nvlpubs.nist.gov/nistpubs/SpecialPublications/NIST.SP.800-53r4.pdf">MA-4(6)</reference>
            <reference href="http://nvlpubs.nist.gov/nistpubs/SpecialPublications/NIST.SP.800-53r4.pdf">SC-13</reference>
            <reference href="https://www.niap-ccevs.org/Profile/PP.cfm">FCS_SSH_EXT.1</reference>
            <reference href="https://www.niap-ccevs.org/Profile/PP.cfm">FCS_SSHS_EXT.1</reference>
            <reference href="https://www.niap-ccevs.org/Profile/PP.cfm">FCS_SSHC_EXT.1</reference>
            <reference href="https://www.pcisecuritystandards.org/documents/PCI_DSS_v3-2-1.pdf">Req-2.2</reference>
            <reference href="https://www.cyber.mil/stigs/downloads/?_dl_facet_stigs=operating-systems%2Cgeneral-purpose-os">SRG-OS-000250-GPOS-00093</reference>
            <reference href="not_publicly_available">SLES-15-150900045</reference>
            <reference href="https://www.cyber.gov.au/acsc/view-all-content/ism">0418</reference>
            <reference href="https://docs-prv.pcisecuritystandards.org/PCI%20DSS/Standard/PCI-DSS-v4_0.pdf">2.2.7</reference>
            <reference href="https://docs-prv.pcisecuritystandards.org/PCI%20DSS/Standard/PCI-DSS-v4_0.pdf">2.2</reference>
            <rationale xmlns:xhtml="http://www.w3.org/1999/xhtml" xml:lang="en-US">Overriding the system crypto policy makes the behavior of the SSH service violate expectations,
and makes system configuration more fragmented.</rationale>
            <platform idref="#system_with_kernel"/>
            <ident system="https://ncp.nist.gov/cce">CCE-85795-3</ident>
            <fix xmlns:xhtml="http://www.w3.org/1999/xhtml" id="configure_ssh_crypto_policy" system="urn:xccdf:fix:script:sh"># Remediation is applicable only in certain platforms
if rpm --quiet -q kernel-default || rpm --quiet -q kernel-default-base; then

SSH_CONF="/etc/sysconfig/sshd"

sed -i "/^\s*CRYPTO_POLICY.*$/Id" $SSH_CONF

else
    &gt;&amp;2 echo 'Remediation is not applicable, nothing was done'
fi
</fix>
            <fix xmlns:xhtml="http://www.w3.org/1999/xhtml" id="configure_ssh_crypto_policy" system="urn:xccdf:fix:script:ansible" reboot="true" complexity="low" disruption="medium" strategy="disable">- name: Gather the package facts
  package_facts:
    manager: auto
  tags:
  - CCE-85795-3
  - NIST-800-53-AC-17(2)
  - NIST-800-53-AC-17(a)
  - NIST-800-53-CM-6(a)
  - NIST-800-53-MA-4(6)
  - NIST-800-53-SC-13
  - PCI-DSS-Req-2.2
  - PCI-DSSv4-2.2
  - PCI-DSSv4-2.2.7
  - configure_ssh_crypto_policy
  - disable_strategy
  - low_complexity
  - medium_disruption
  - medium_severity
  - reboot_required

- name: Configure SSH to use System Crypto Policy
  ansible.builtin.lineinfile:
    dest: /etc/sysconfig/sshd
    state: absent
    regexp: (?i)^\s*CRYPTO_POLICY.*$
  when: ("kernel-default" in ansible_facts.packages or "kernel-default-base" in ansible_facts.packages)
  tags:
  - CCE-85795-3
  - NIST-800-53-AC-17(2)
  - NIST-800-53-AC-17(a)
  - NIST-800-53-CM-6(a)
  - NIST-800-53-MA-4(6)
  - NIST-800-53-SC-13
  - PCI-DSS-Req-2.2
  - PCI-DSSv4-2.2
  - PCI-DSSv4-2.2.7
  - configure_ssh_crypto_policy
  - disable_strategy
  - low_complexity
  - medium_disruption
  - medium_severity
  - reboot_required
</fix>
            <check system="http://oval.mitre.org/XMLSchema/oval-definitions-5">
              <check-content-ref name="oval:ssg-configure_ssh_crypto_policy:def:1" href="ssg-sle15-oval.xml"/>
            </check>
            <check system="http://scap.nist.gov/schema/ocil/2">
              <check-content-ref name="ocil:ssg-configure_ssh_crypto_policy_ocil:questionnaire:1" href="ssg-sle15-ocil.xml"/>
            </check>
          </Rule>
          <Rule id="xccdf_org.ssgproject.content_rule_harden_ssh_client_crypto_policy" selected="false" role="full" severity="medium">
            <title xmlns:xhtml="http://www.w3.org/1999/xhtml" xml:lang="en-US">Harden SSH client Crypto Policy</title>
            <description xmlns:xhtml="http://www.w3.org/1999/xhtml" xml:lang="en-US">Crypto Policies are means of enforcing certain cryptographic settings for selected applications including OpenSSH client.
To override the system wide crypto policy for Openssh client, place a file in the <html:code xmlns:html="http://www.w3.org/1999/xhtml">/etc/ssh/ssh_config.d/</html:code> so that it is loaded before the <html:code xmlns:html="http://www.w3.org/1999/xhtml">05-redhat.conf</html:code>. In this case it is file named <html:code xmlns:html="http://www.w3.org/1999/xhtml">02-ospp.conf</html:code> containing parameters which need to be changed with respect to the crypto policy.
This rule checks if the file exists and if it contains required parameters and values which modify the Crypto Policy.
During the parsing process, as soon as Openssh client parses some configuration option and its value, it remembers it and ignores any subsequent overrides. The customization mechanism provided by crypto policies appends eventual customizations at the end of the system wide crypto policy. Therefore, if the crypto policy customization overrides some parameter which is already configured in the system wide crypto policy, the SSH client will not honor that customized parameter.</description>
            <reference href="https://www.nerc.com/standards/reliability-standards/cip">CIP-003-8 R4.2</reference>
            <reference href="https://www.nerc.com/standards/reliability-standards/cip">CIP-007-3 R5.1</reference>
            <reference href="https://www.nerc.com/standards/reliability-standards/cip">CIP-007-3 R7.1</reference>
            <reference href="http://nvlpubs.nist.gov/nistpubs/SpecialPublications/NIST.SP.800-53r4.pdf">AC-17(a)</reference>
            <reference href="http://nvlpubs.nist.gov/nistpubs/SpecialPublications/NIST.SP.800-53r4.pdf">AC-17(2)</reference>
            <reference href="http://nvlpubs.nist.gov/nistpubs/SpecialPublications/NIST.SP.800-53r4.pdf">CM-6(a)</reference>
            <reference href="http://nvlpubs.nist.gov/nistpubs/SpecialPublications/NIST.SP.800-53r4.pdf">MA-4(6)</reference>
            <reference href="http://nvlpubs.nist.gov/nistpubs/SpecialPublications/NIST.SP.800-53r4.pdf">SC-13</reference>
            <reference href="https://www.cyber.mil/stigs/downloads/?_dl_facet_stigs=operating-systems%2Cgeneral-purpose-os">SRG-OS-000033-GPOS-00014</reference>
            <reference href="https://www.cyber.mil/stigs/downloads/?_dl_facet_stigs=operating-systems%2Cgeneral-purpose-os">SRG-OS-000250-GPOS-00093</reference>
            <reference href="https://www.cyber.mil/stigs/downloads/?_dl_facet_stigs=operating-systems%2Cgeneral-purpose-os">SRG-OS-000393-GPOS-00173</reference>
            <reference href="https://www.cyber.mil/stigs/downloads/?_dl_facet_stigs=operating-systems%2Cgeneral-purpose-os">SRG-OS-000394-GPOS-00174</reference>
            <rationale xmlns:xhtml="http://www.w3.org/1999/xhtml" xml:lang="en-US">The Common Criteria requirements specify how certain parameters for OpenSSH Client are configured. Particular parameters are RekeyLimit, GSSAPIAuthentication, Ciphers, PubkeyAcceptedKeyTypes, MACs and KexAlgorithms. Currently particular requirements specified by CC are stricter compared to any existing Crypto Policy.</rationale>
            <fix xmlns:xhtml="http://www.w3.org/1999/xhtml" id="harden_ssh_client_crypto_policy" system="urn:xccdf:fix:script:sh">
#the file starts with 02 so that it is loaded before the 05-redhat.conf which activates configuration provided by system vide crypto policy
file="/etc/ssh/ssh_config.d/02-ospp.conf"
echo -e "Match final all\n\
RekeyLimit 512M 1h\n\
GSSAPIAuthentication no\n\
Ciphers aes256-ctr,aes256-cbc,aes128-ctr,aes128-cbc\n\
PubkeyAcceptedKeyTypes ssh-rsa,ecdsa-sha2-nistp384,ecdsa-sha2-nistp256\n\
MACs hmac-sha2-512,hmac-sha2-256\n\
KexAlgorithms ecdh-sha2-nistp521,ecdh-sha2-nistp384,ecdh-sha2-nistp256,diffie-hellman-group14-sha1\n" &gt; "$file"
</fix>
            <check system="http://oval.mitre.org/XMLSchema/oval-definitions-5">
              <check-content-ref name="oval:ssg-harden_ssh_client_crypto_policy:def:1" href="ssg-sle15-oval.xml"/>
            </check>
            <check system="http://scap.nist.gov/schema/ocil/2">
              <check-content-ref name="ocil:ssg-harden_ssh_client_crypto_policy_ocil:questionnaire:1" href="ssg-sle15-ocil.xml"/>
            </check>
          </Rule>
          <Rule id="xccdf_org.ssgproject.content_rule_harden_sshd_crypto_policy" selected="false" role="full" severity="medium">
            <title xmlns:xhtml="http://www.w3.org/1999/xhtml" xml:lang="en-US">Harden SSHD Crypto Policy</title>
            <description xmlns:xhtml="http://www.w3.org/1999/xhtml" xml:lang="en-US">Crypto Policies are means of enforcing certain cryptographic settings for selected applications including OpenSSH server.
The SSHD service is by default configured to modify its configuration based on currently configured Crypto-Policy. However, in certain cases it might be needed to override the Crypto Policy specific to OpenSSH Server and leave rest of the Crypto Policy intact.
This can be done by dropping a file named <html:code xmlns:html="http://www.w3.org/1999/xhtml">opensshserver-xxx.config</html:code>, replacing <html:code xmlns:html="http://www.w3.org/1999/xhtml">xxx</html:code> with arbitrary identifier, into <html:code xmlns:html="http://www.w3.org/1999/xhtml">/etc/crypto-policies/local.d</html:code>. This has to be followed by running <html:code xmlns:html="http://www.w3.org/1999/xhtml">update-crypto-policies</html:code> so that changes are applied.
Changes are propagated into <html:code xmlns:html="http://www.w3.org/1999/xhtml">/etc/crypto-policies/back-ends/opensshserver.config</html:code>. This rule checks if this file contains predefined <html:code xmlns:html="http://www.w3.org/1999/xhtml">CRYPTO_POLICY</html:code> environment variable configured with predefined value.</description>
            <reference href="https://www.nerc.com/standards/reliability-standards/cip">CIP-003-8 R4.2</reference>
            <reference href="https://www.nerc.com/standards/reliability-standards/cip">CIP-007-3 R5.1</reference>
            <reference href="https://www.nerc.com/standards/reliability-standards/cip">CIP-007-3 R7.1</reference>
            <reference href="http://nvlpubs.nist.gov/nistpubs/SpecialPublications/NIST.SP.800-53r4.pdf">AC-17(a)</reference>
            <reference href="http://nvlpubs.nist.gov/nistpubs/SpecialPublications/NIST.SP.800-53r4.pdf">AC-17(2)</reference>
            <reference href="http://nvlpubs.nist.gov/nistpubs/SpecialPublications/NIST.SP.800-53r4.pdf">CM-6(a)</reference>
            <reference href="http://nvlpubs.nist.gov/nistpubs/SpecialPublications/NIST.SP.800-53r4.pdf">MA-4(6)</reference>
            <reference href="http://nvlpubs.nist.gov/nistpubs/SpecialPublications/NIST.SP.800-53r4.pdf">SC-13</reference>
            <reference href="http://nvlpubs.nist.gov/nistpubs/SpecialPublications/NIST.SP.800-53r4.pdf">SC-12(2)</reference>
            <reference href="http://nvlpubs.nist.gov/nistpubs/SpecialPublications/NIST.SP.800-53r4.pdf">SC-12(3)</reference>
            <reference href="https://www.cyber.mil/stigs/downloads/?_dl_facet_stigs=operating-systems%2Cgeneral-purpose-os">SRG-OS-000250-GPOS-00093</reference>
            <reference href="https://www.cyber.mil/stigs/downloads/?_dl_facet_stigs=operating-systems%2Cgeneral-purpose-os">SRG-OS-000033-GPOS-00014</reference>
            <reference href="https://www.cyber.mil/stigs/downloads/?_dl_facet_stigs=operating-systems%2Cgeneral-purpose-os">SRG-OS-000120-GPOS-00061</reference>
            <rationale xmlns:xhtml="http://www.w3.org/1999/xhtml" xml:lang="en-US">The Common Criteria requirements specify that certain parameters for OpenSSH Server are configured e.g. supported ciphers, accepted host key algorithms, public key types, key exchange algorithms, HMACs and GSSAPI key exchange is disabled. Currently particular requirements specified by CC are stricter compared to any existing Crypto Policy.</rationale>
            <platform idref="#package_openssh"/>
            <check system="http://oval.mitre.org/XMLSchema/oval-definitions-5">
              <check-content-ref name="oval:ssg-harden_sshd_crypto_policy:def:1" href="ssg-sle15-oval.xml"/>
            </check>
            <check system="http://scap.nist.gov/schema/ocil/2">
              <check-content-ref name="ocil:ssg-harden_sshd_crypto_policy_ocil:questionnaire:1" href="ssg-sle15-ocil.xml"/>
            </check>
          </Rule>
        </Group>
        <Group id="xccdf_org.ssgproject.content_group_certified-vendor">
          <title xmlns:xhtml="http://www.w3.org/1999/xhtml" xml:lang="en-US">Operating System Vendor Support and Certification</title>
          <description xmlns:xhtml="http://www.w3.org/1999/xhtml" xml:lang="en-US">The assurance of a vendor to provide operating system support and maintenance
for their product is an important criterion to ensure product stability and
security over the life of the product. A certified product that follows the
necessary standards and government certification requirements guarantees that
known software vulnerabilities will be remediated, and proper guidance for
protecting and securing the operating system will be given.</description>
          <Rule id="xccdf_org.ssgproject.content_rule_installed_OS_is_FIPS_certified" selected="false" role="full" severity="high">
            <title xmlns:xhtml="http://www.w3.org/1999/xhtml" xml:lang="en-US">The Installed Operating System Is FIPS 140-2 Certified</title>
            <description xmlns:xhtml="http://www.w3.org/1999/xhtml" xml:lang="en-US">To enable processing of sensitive information the operating system must
provide certified cryptographic modules compliant with FIPS 140-2
standard.

SUSE Enterprise Linux is supported by SUSE Software Solutions Germany GmbH. As the SUSE Enterprise
Linux vendor, SUSE Software Solutions Germany GmbH is responsible for maintaining government
certifications and standards.</description>
            <warning xmlns:xhtml="http://www.w3.org/1999/xhtml" xml:lang="en-US" category="general">There is no remediation besides switching to a different operating system.</warning>
            <warning xmlns:xhtml="http://www.w3.org/1999/xhtml" xml:lang="en-US" category="regulatory">System Crypto Modules must be provided by a vendor that undergoes
FIPS-140 certifications.
FIPS-140 is applicable to all Federal agencies that use
cryptographic-based security systems to protect sensitive information
in computer and telecommunication systems (including voice systems) as
defined in Section 5131 of the Information Technology Management Reform
Act of 1996, Public Law 104-106. This standard shall be used in
designing and implementing cryptographic modules that Federal
departments and agencies operate or are operated for them under
contract. See <html:b xmlns:html="http://www.w3.org/1999/xhtml"><html:a href="https://nvlpubs.nist.gov/nistpubs/FIPS/NIST.FIPS.140-2.pdf">https://nvlpubs.nist.gov/nistpubs/FIPS/NIST.FIPS.140-2.pdf</html:a></html:b>
To meet this, the system has to have cryptographic software provided by
a vendor that has undergone this certification. This means providing
documentation, test results, design information, and independent third
party review by an accredited lab. While open source software is
capable of meeting this, it does not meet FIPS-140 unless the vendor
submits to this process.</warning>
            <reference href="https://www.nerc.com/standards/reliability-standards/cip">CIP-003-8 R4.2</reference>
            <reference href="https://www.nerc.com/standards/reliability-standards/cip">CIP-007-3 R5.1</reference>
            <reference href="http://nvlpubs.nist.gov/nistpubs/SpecialPublications/NIST.SP.800-53r4.pdf">SC-12(2)</reference>
            <reference href="http://nvlpubs.nist.gov/nistpubs/SpecialPublications/NIST.SP.800-53r4.pdf">SC-12(3)</reference>
            <reference href="http://nvlpubs.nist.gov/nistpubs/SpecialPublications/NIST.SP.800-53r4.pdf">IA-7</reference>
            <reference href="http://nvlpubs.nist.gov/nistpubs/SpecialPublications/NIST.SP.800-53r4.pdf">SC-13</reference>
            <reference href="http://nvlpubs.nist.gov/nistpubs/SpecialPublications/NIST.SP.800-53r4.pdf">CM-6(a)</reference>
            <reference href="http://nvlpubs.nist.gov/nistpubs/SpecialPublications/NIST.SP.800-53r4.pdf">SC-12</reference>
            <rationale xmlns:xhtml="http://www.w3.org/1999/xhtml" xml:lang="en-US">The Federal Information Processing Standard (FIPS) Publication 140-2, (FIPS
PUB 140-2) is a computer security standard. The standard specifies security
requirements for cryptographic modules used to protect sensitive
unclassified information.  Refer to the full FIPS 140-2 standard at

    <html:a xmlns:html="http://www.w3.org/1999/xhtml" href="http://csrc.nist.gov/publications/fips/fips140-2/fips1402.pdf">http://csrc.nist.gov/publications/fips/fips140-2/fips1402.pdf</html:a>
for further details on the requirements.
FIPS 140-2 validation is required by U.S. law when information systems use
cryptography to protect sensitive government information. In order to
achieve FIPS 140-2 certification, cryptographic modules are subject to
extensive testing by independent laboratories, accredited by National
Institute of Standards and Technology (NIST).</rationale>
            <check system="http://oval.mitre.org/XMLSchema/oval-definitions-5">
              <check-content-ref name="oval:ssg-installed_OS_is_FIPS_certified:def:1" href="ssg-sle15-oval.xml"/>
            </check>
            <check system="http://scap.nist.gov/schema/ocil/2">
              <check-content-ref name="ocil:ssg-installed_OS_is_FIPS_certified_ocil:questionnaire:1" href="ssg-sle15-ocil.xml"/>
            </check>
          </Rule>
          <Rule id="xccdf_org.ssgproject.content_rule_installed_OS_is_vendor_supported" selected="false" role="full" severity="high">
            <title xmlns:xhtml="http://www.w3.org/1999/xhtml" xml:lang="en-US">The Installed Operating System Is Vendor Supported</title>
            <description xmlns:xhtml="http://www.w3.org/1999/xhtml" xml:lang="en-US">The installed operating system must be maintained by a vendor.

SUSE Linux Enterprise is supported by SUSE. As the SUSE Linux Enterprise
vendor, SUSE is responsible for providing security patches.</description>
            <warning xmlns:xhtml="http://www.w3.org/1999/xhtml" xml:lang="en-US" category="general">There is no remediation besides switching to a different operating system.</warning>
            <reference href="https://www.cisecurity.org/controls/">18</reference>
            <reference href="https://www.cisecurity.org/controls/">20</reference>
            <reference href="https://www.cisecurity.org/controls/">4</reference>
            <reference href="https://www.isaca.org/resources/cobit">APO12.01</reference>
            <reference href="https://www.isaca.org/resources/cobit">APO12.02</reference>
            <reference href="https://www.isaca.org/resources/cobit">APO12.03</reference>
            <reference href="https://www.isaca.org/resources/cobit">APO12.04</reference>
            <reference href="https://www.isaca.org/resources/cobit">BAI03.10</reference>
            <reference href="https://www.isaca.org/resources/cobit">DSS05.01</reference>
            <reference href="https://www.isaca.org/resources/cobit">DSS05.02</reference>
            <reference href="https://www.isa.org/products/isa-62443-2-1-2009-security-for-industrial-automat">4.2.3</reference>
            <reference href="https://www.isa.org/products/isa-62443-2-1-2009-security-for-industrial-automat">4.2.3.12</reference>
            <reference href="https://www.isa.org/products/isa-62443-2-1-2009-security-for-industrial-automat">4.2.3.7</reference>
            <reference href="https://www.isa.org/products/isa-62443-2-1-2009-security-for-industrial-automat">4.2.3.9</reference>
            <reference href="https://www.iso.org/contents/data/standard/05/45/54534.html">A.12.6.1</reference>
            <reference href="https://www.iso.org/contents/data/standard/05/45/54534.html">A.14.2.3</reference>
            <reference href="https://www.iso.org/contents/data/standard/05/45/54534.html">A.16.1.3</reference>
            <reference href="https://www.iso.org/contents/data/standard/05/45/54534.html">A.18.2.2</reference>
            <reference href="https://www.iso.org/contents/data/standard/05/45/54534.html">A.18.2.3</reference>
            <reference href="http://nvlpubs.nist.gov/nistpubs/SpecialPublications/NIST.SP.800-53r4.pdf">CM-6(a)</reference>
            <reference href="http://nvlpubs.nist.gov/nistpubs/SpecialPublications/NIST.SP.800-53r4.pdf">MA-6</reference>
            <reference href="http://nvlpubs.nist.gov/nistpubs/SpecialPublications/NIST.SP.800-53r4.pdf">SA-13(a)</reference>
            <reference href="https://nvlpubs.nist.gov/nistpubs/CSWP/NIST.CSWP.04162018.pdf">ID.RA-1</reference>
            <reference href="https://nvlpubs.nist.gov/nistpubs/CSWP/NIST.CSWP.04162018.pdf">PR.IP-12</reference>
            <reference href="https://www.cyber.mil/stigs/downloads/?_dl_facet_stigs=operating-systems%2Cgeneral-purpose-os">SRG-OS-000480-GPOS-00227</reference>
            <reference href="https://www.cyber.mil/stigs/downloads/?_dl_facet_stigs=operating-systems%2Cunix-linux">SLES-15-010000</reference>
            <reference href="https://www.cyber.mil/stigs/srg-stig-tools/">SV-234800r991589_rule</reference>
            <rationale xmlns:xhtml="http://www.w3.org/1999/xhtml" xml:lang="en-US">An operating system is considered "supported" if the vendor continues to
provide security patches for the product.  With an unsupported release, it
will not be possible to resolve any security issue discovered in the system
software.</rationale>
            <ident system="https://ncp.nist.gov/cce">CCE-83260-0</ident>
            <check system="http://oval.mitre.org/XMLSchema/oval-definitions-5">
              <check-content-ref name="oval:ssg-installed_OS_is_vendor_supported:def:1" href="ssg-sle15-oval.xml"/>
            </check>
            <check system="http://scap.nist.gov/schema/ocil/2">
              <check-content-ref name="ocil:ssg-installed_OS_is_vendor_supported_ocil:questionnaire:1" href="ssg-sle15-ocil.xml"/>
            </check>
          </Rule>
        </Group>
        <Group id="xccdf_org.ssgproject.content_group_endpoint_security_software">
          <title xmlns:xhtml="http://www.w3.org/1999/xhtml" xml:lang="en-US">Endpoint Protection Software</title>
          <description xmlns:xhtml="http://www.w3.org/1999/xhtml" xml:lang="en-US">Endpoint protection security software that is not provided or supported

by Red Hat can be installed to provide complementary or duplicative

security capabilities to those provided by the base platform.  Add-on
software may not be appropriate for some specialized systems.</description>
          <Rule id="xccdf_org.ssgproject.content_rule_configure_user_data_backups" selected="false" role="full" severity="medium">
            <title xmlns:xhtml="http://www.w3.org/1999/xhtml" xml:lang="en-US">Configure Backups of User Data</title>
            <description xmlns:xhtml="http://www.w3.org/1999/xhtml" xml:lang="en-US">The operating system must conduct backups of user data contained
in the operating system. The operating system provides utilities for
automating backups of user data. Commercial and open-source products
are also available.</description>
            <rationale xmlns:xhtml="http://www.w3.org/1999/xhtml" xml:lang="en-US">Operating system backup is a critical step in maintaining data assurance and
availability. User-level information is data generated by information system
and/or application users. Backups shall be consistent with organizational
recovery time and recovery point objectives.</rationale>
            <check system="http://scap.nist.gov/schema/ocil/2">
              <check-content-ref name="ocil:ssg-configure_user_data_backups_ocil:questionnaire:1" href="ssg-sle15-ocil.xml"/>
            </check>
          </Rule>
          <Group id="xccdf_org.ssgproject.content_group_mcafee_security_software">
            <title xmlns:xhtml="http://www.w3.org/1999/xhtml" xml:lang="en-US">McAfee Endpoint Security Software</title>
            <description xmlns:xhtml="http://www.w3.org/1999/xhtml" xml:lang="en-US">In DoD environments, McAfee Host-based Security System (HBSS) and
VirusScan Enterprise for Linux (VSEL) is required to be installed on all systems.</description>
            <Group id="xccdf_org.ssgproject.content_group_mcafee_endpoint_security_software">
              <title xmlns:xhtml="http://www.w3.org/1999/xhtml" xml:lang="en-US">McAfee Endpoint Security for Linux (ENSL)</title>
              <description xmlns:xhtml="http://www.w3.org/1999/xhtml" xml:lang="en-US">McAfee Endpoint Security for Linux (ENSL) is a suite of software applications
used to monitor, detect, and defend computer networks and systems.</description>
              <platform idref="#system_with_kernel"/>
              <Rule id="xccdf_org.ssgproject.content_rule_agent_mfetpd_running" selected="false" role="full" severity="medium">
                <title xmlns:xhtml="http://www.w3.org/1999/xhtml" xml:lang="en-US">Ensure McAfee Endpoint Security for Linux (ENSL) is running</title>
                <description xmlns:xhtml="http://www.w3.org/1999/xhtml" xml:lang="en-US">Install McAfee Endpoint Security for Linux antivirus software
which is provided for systems and uses signatures to search for the
presence of viruses on the filesystem.</description>
                <warning xmlns:xhtml="http://www.w3.org/1999/xhtml" xml:lang="en-US" category="general">Due to McAfee Endpoint Security for Linux (ENSL) being 3rd party software,
automated remediation is not available for this configuration check.</warning>
                <reference href="http://nvlpubs.nist.gov/nistpubs/SpecialPublications/NIST.SP.800-53r4.pdf">SI-2(2)</reference>
                <reference href="https://www.cyber.mil/stigs/downloads/?_dl_facet_stigs=operating-systems%2Cgeneral-purpose-os">SRG-OS-000191-GPOS-00080</reference>
                <rationale xmlns:xhtml="http://www.w3.org/1999/xhtml" xml:lang="en-US">Virus scanning software can be used to detect if a system has been compromised by
computer viruses, as well as to limit their spread to other systems.</rationale>
                <ident system="https://ncp.nist.gov/cce">CCE-92487-8</ident>
                <check system="http://oval.mitre.org/XMLSchema/oval-definitions-5">
                  <check-content-ref name="oval:ssg-agent_mfetpd_running:def:1" href="ssg-sle15-oval.xml"/>
                </check>
                <check system="http://scap.nist.gov/schema/ocil/2">
                  <check-content-ref name="ocil:ssg-agent_mfetpd_running_ocil:questionnaire:1" href="ssg-sle15-ocil.xml"/>
                </check>
              </Rule>
            </Group>
          </Group>
        </Group>
      </Group>
      <Group id="xccdf_org.ssgproject.content_group_disk_partitioning">
        <title xmlns:xhtml="http://www.w3.org/1999/xhtml" xml:lang="en-US">Disk Partitioning</title>
        <description xmlns:xhtml="http://www.w3.org/1999/xhtml" xml:lang="en-US">To ensure separation and protection of data, there
are top-level system directories which should be placed on their
own physical partition or logical volume. The installer's default
partitioning scheme creates separate logical volumes for
<html:code xmlns:html="http://www.w3.org/1999/xhtml">/</html:code>, <html:code xmlns:html="http://www.w3.org/1999/xhtml">/boot</html:code>, and <html:code xmlns:html="http://www.w3.org/1999/xhtml">swap</html:code>.
<html:ul xmlns:html="http://www.w3.org/1999/xhtml"><html:li>If starting with any of the default layouts, check the box to
\"Review and modify partitioning.\" This allows for the easy creation
of additional logical volumes inside the volume group already
created, though it may require making <html:code>/</html:code>'s logical volume smaller to
create space. In general, using logical volumes is preferable to
using partitions because they can be more easily adjusted
later.</html:li><html:li>If creating a custom layout, create the partitions mentioned in
the previous paragraph (which the installer will require anyway),
as well as separate ones described in the following sections.</html:li></html:ul>
If a system has already been installed, and the default
partitioning
scheme was used, it is possible but nontrivial to
modify it to create separate logical volumes for the directories
listed above. The Logical Volume Manager (LVM) makes this possible.</description>
        <platform idref="#not_bootc_and_not_container"/>
        <Rule id="xccdf_org.ssgproject.content_rule_encrypt_partitions" selected="false" role="full" severity="high">
          <title xmlns:xhtml="http://www.w3.org/1999/xhtml" xml:lang="en-US">Encrypt Partitions</title>
          <description xmlns:xhtml="http://www.w3.org/1999/xhtml" xml:lang="en-US">SUSE Linux Enterprise 15 natively supports partition encryption through the
Linux Unified Key Setup-on-disk-format (LUKS) technology. The easiest way to
encrypt a partition is during installation time.
<html:br xmlns:html="http://www.w3.org/1999/xhtml"/>
        <html:br xmlns:html="http://www.w3.org/1999/xhtml"/>
For manual installations, select the <html:code xmlns:html="http://www.w3.org/1999/xhtml">Encrypt</html:code> checkbox during
partition creation to encrypt the partition. When this
option is selected the system will prompt for a passphrase to use in
decrypting the partition. The passphrase will subsequently need to be entered manually
every time the system boots.

<html:br xmlns:html="http://www.w3.org/1999/xhtml"/>
        <html:br xmlns:html="http://www.w3.org/1999/xhtml"/>
Detailed information on encrypting partitions using LUKS or LUKS ciphers can be found on
the SUSE Linux Enterprise 15 Documentation web site:<html:br xmlns:html="http://www.w3.org/1999/xhtml"/>
        <html:a xmlns:html="http://www.w3.org/1999/xhtml" href="https://documentation.suse.com/sles/15-SP2/html/SLES-all/cha-security-cryptofs.html">https://documentation.suse.com/sles/15-SP2/html/SLES-all/cha-security-cryptofs.html</html:a>
.</description>
          <reference href="https://www.cisecurity.org/controls/">13</reference>
          <reference href="https://www.cisecurity.org/controls/">14</reference>
          <reference href="https://www.isaca.org/resources/cobit">APO01.06</reference>
          <reference href="https://www.isaca.org/resources/cobit">BAI02.01</reference>
          <reference href="https://www.isaca.org/resources/cobit">BAI06.01</reference>
          <reference href="https://www.isaca.org/resources/cobit">DSS04.07</reference>
          <reference href="https://www.isaca.org/resources/cobit">DSS05.03</reference>
          <reference href="https://www.isaca.org/resources/cobit">DSS05.04</reference>
          <reference href="https://www.isaca.org/resources/cobit">DSS05.07</reference>
          <reference href="https://www.isaca.org/resources/cobit">DSS06.02</reference>
          <reference href="https://www.isaca.org/resources/cobit">DSS06.06</reference>
          <reference href="http://nvlpubs.nist.gov/nistpubs/SpecialPublications/NIST.SP.800-171.pdf">3.13.16</reference>
          <reference href="https://www.gpo.gov/fdsys/pkg/CFR-2007-title45-vol1/pdf/CFR-2007-title45-vol1-chapA-subchapC.pdf">164.308(a)(1)(ii)(D)</reference>
          <reference href="https://www.gpo.gov/fdsys/pkg/CFR-2007-title45-vol1/pdf/CFR-2007-title45-vol1-chapA-subchapC.pdf">164.308(b)(1)</reference>
          <reference href="https://www.gpo.gov/fdsys/pkg/CFR-2007-title45-vol1/pdf/CFR-2007-title45-vol1-chapA-subchapC.pdf">164.310(d)</reference>
          <reference href="https://www.gpo.gov/fdsys/pkg/CFR-2007-title45-vol1/pdf/CFR-2007-title45-vol1-chapA-subchapC.pdf">164.312(a)(1)</reference>
          <reference href="https://www.gpo.gov/fdsys/pkg/CFR-2007-title45-vol1/pdf/CFR-2007-title45-vol1-chapA-subchapC.pdf">164.312(a)(2)(iii)</reference>
          <reference href="https://www.gpo.gov/fdsys/pkg/CFR-2007-title45-vol1/pdf/CFR-2007-title45-vol1-chapA-subchapC.pdf">164.312(a)(2)(iv)</reference>
          <reference href="https://www.gpo.gov/fdsys/pkg/CFR-2007-title45-vol1/pdf/CFR-2007-title45-vol1-chapA-subchapC.pdf">164.312(b)</reference>
          <reference href="https://www.gpo.gov/fdsys/pkg/CFR-2007-title45-vol1/pdf/CFR-2007-title45-vol1-chapA-subchapC.pdf">164.312(c)</reference>
          <reference href="https://www.gpo.gov/fdsys/pkg/CFR-2007-title45-vol1/pdf/CFR-2007-title45-vol1-chapA-subchapC.pdf">164.314(b)(2)(i)</reference>
          <reference href="https://www.gpo.gov/fdsys/pkg/CFR-2007-title45-vol1/pdf/CFR-2007-title45-vol1-chapA-subchapC.pdf">164.312(d)</reference>
          <reference href="https://www.isa.org/products/ansi-isa-62443-3-3-99-03-03-2013-security-for-indu">SR 3.4</reference>
          <reference href="https://www.isa.org/products/ansi-isa-62443-3-3-99-03-03-2013-security-for-indu">SR 4.1</reference>
          <reference href="https://www.isa.org/products/ansi-isa-62443-3-3-99-03-03-2013-security-for-indu">SR 5.2</reference>
          <reference href="https://www.iso.org/contents/data/standard/05/45/54534.html">A.10.1.1</reference>
          <reference href="https://www.iso.org/contents/data/standard/05/45/54534.html">A.11.1.4</reference>
          <reference href="https://www.iso.org/contents/data/standard/05/45/54534.html">A.11.1.5</reference>
          <reference href="https://www.iso.org/contents/data/standard/05/45/54534.html">A.11.2.1</reference>
          <reference href="https://www.iso.org/contents/data/standard/05/45/54534.html">A.13.1.1</reference>
          <reference href="https://www.iso.org/contents/data/standard/05/45/54534.html">A.13.1.3</reference>
          <reference href="https://www.iso.org/contents/data/standard/05/45/54534.html">A.13.2.1</reference>
          <reference href="https://www.iso.org/contents/data/standard/05/45/54534.html">A.13.2.3</reference>
          <reference href="https://www.iso.org/contents/data/standard/05/45/54534.html">A.13.2.4</reference>
          <reference href="https://www.iso.org/contents/data/standard/05/45/54534.html">A.14.1.2</reference>
          <reference href="https://www.iso.org/contents/data/standard/05/45/54534.html">A.14.1.3</reference>
          <reference href="https://www.iso.org/contents/data/standard/05/45/54534.html">A.6.1.2</reference>
          <reference href="https://www.iso.org/contents/data/standard/05/45/54534.html">A.7.1.1</reference>
          <reference href="https://www.iso.org/contents/data/standard/05/45/54534.html">A.7.1.2</reference>
          <reference href="https://www.iso.org/contents/data/standard/05/45/54534.html">A.7.3.1</reference>
          <reference href="https://www.iso.org/contents/data/standard/05/45/54534.html">A.8.2.2</reference>
          <reference href="https://www.iso.org/contents/data/standard/05/45/54534.html">A.8.2.3</reference>
          <reference href="https://www.iso.org/contents/data/standard/05/45/54534.html">A.9.1.1</reference>
          <reference href="https://www.iso.org/contents/data/standard/05/45/54534.html">A.9.1.2</reference>
          <reference href="https://www.iso.org/contents/data/standard/05/45/54534.html">A.9.2.3</reference>
          <reference href="https://www.iso.org/contents/data/standard/05/45/54534.html">A.9.4.1</reference>
          <reference href="https://www.iso.org/contents/data/standard/05/45/54534.html">A.9.4.4</reference>
          <reference href="https://www.iso.org/contents/data/standard/05/45/54534.html">A.9.4.5</reference>
          <reference href="https://www.nerc.com/standards/reliability-standards/cip">CIP-003-8 R4.2</reference>
          <reference href="https://www.nerc.com/standards/reliability-standards/cip">CIP-007-3 R5.1</reference>
          <reference href="http://nvlpubs.nist.gov/nistpubs/SpecialPublications/NIST.SP.800-53r4.pdf">SC-28</reference>
          <reference href="http://nvlpubs.nist.gov/nistpubs/SpecialPublications/NIST.SP.800-53r4.pdf">SC-28.1</reference>
          <reference href="https://nvlpubs.nist.gov/nistpubs/CSWP/NIST.CSWP.04162018.pdf">PR.DS-1</reference>
          <reference href="https://nvlpubs.nist.gov/nistpubs/CSWP/NIST.CSWP.04162018.pdf">PR.DS-5</reference>
          <reference href="https://www.cyber.mil/stigs/downloads/?_dl_facet_stigs=operating-systems%2Cgeneral-purpose-os">SRG-OS-000405-GPOS-00184</reference>
          <reference href="https://www.cyber.mil/stigs/downloads/?_dl_facet_stigs=operating-systems%2Cgeneral-purpose-os">SRG-OS-000185-GPOS-00079</reference>
          <reference href="https://www.cyber.mil/stigs/downloads/?_dl_facet_stigs=operating-systems%2Cgeneral-purpose-os">SRG-OS-000404-GPOS-00183</reference>
          <reference href="https://www.cyber.mil/stigs/downloads/?_dl_facet_stigs=operating-systems%2Cunix-linux">SLES-15-010330</reference>
          <reference href="not_publicly_available">SLES-15-150150540</reference>
          <reference href="https://www.cyber.mil/stigs/srg-stig-tools/">SV-234831r1009558_rule</reference>
          <rationale xmlns:xhtml="http://www.w3.org/1999/xhtml" xml:lang="en-US">The risk of a system's physical compromise, particularly mobile systems such as
laptops, places its data at risk of compromise.  Encrypting this data mitigates
the risk of its loss if the system is lost.</rationale>
          <ident system="https://ncp.nist.gov/cce">CCE-85719-3</ident>
          <check system="http://oval.mitre.org/XMLSchema/oval-definitions-5">
            <check-content-ref name="oval:ssg-encrypt_partitions:def:1" href="ssg-sle15-oval.xml"/>
          </check>
          <check system="http://scap.nist.gov/schema/ocil/2">
            <check-content-ref name="ocil:ssg-encrypt_partitions_ocil:questionnaire:1" href="ssg-sle15-ocil.xml"/>
          </check>
        </Rule>
        <Rule id="xccdf_org.ssgproject.content_rule_partition_for_boot" selected="false" role="full" severity="medium">
          <title xmlns:xhtml="http://www.w3.org/1999/xhtml" xml:lang="en-US">Ensure /boot Located On Separate Partition</title>
          <description xmlns:xhtml="http://www.w3.org/1999/xhtml" xml:lang="en-US">It is recommended that the <html:code xmlns:html="http://www.w3.org/1999/xhtml">/boot</html:code> directory resides on a separate
partition. This makes it easier to apply restrictions e.g. through the
<html:code xmlns:html="http://www.w3.org/1999/xhtml">noexec</html:code> mount option. Eventually, the <html:code xmlns:html="http://www.w3.org/1999/xhtml">/boot</html:code> partition can
be configured not to be mounted automatically with the <html:code xmlns:html="http://www.w3.org/1999/xhtml">noauto</html:code> mount
option.</description>
          <reference href="https://cyber.gouv.fr/sites/default/files/document/linux_configuration-en-v2.pdf">R28</reference>
          <rationale xmlns:xhtml="http://www.w3.org/1999/xhtml" xml:lang="en-US">The <html:code xmlns:html="http://www.w3.org/1999/xhtml">/boot</html:code> partition contains the kernel and bootloader files.
Access to this partition should be restricted.</rationale>
          <ident system="https://ncp.nist.gov/cce">CCE-91176-8</ident>
          <check system="http://oval.mitre.org/XMLSchema/oval-definitions-5">
            <check-content-ref name="oval:ssg-partition_for_boot:def:1" href="ssg-sle15-oval.xml"/>
          </check>
          <check system="http://scap.nist.gov/schema/ocil/2">
            <check-content-ref name="ocil:ssg-partition_for_boot_ocil:questionnaire:1" href="ssg-sle15-ocil.xml"/>
          </check>
        </Rule>
        <Rule id="xccdf_org.ssgproject.content_rule_partition_for_dev_shm" selected="false" role="full" severity="low">
          <title xmlns:xhtml="http://www.w3.org/1999/xhtml" xml:lang="en-US">Ensure /dev/shm is configured</title>
          <description xmlns:xhtml="http://www.w3.org/1999/xhtml" xml:lang="en-US">The <html:code xmlns:html="http://www.w3.org/1999/xhtml">/dev/shm</html:code> is a traditional shared memory concept.
One program will create a memory portion, which other processes
(if permitted) can access. If <html:code xmlns:html="http://www.w3.org/1999/xhtml">/dev/shm</html:code> is not configured,
tmpfs will be mounted to /dev/shm by systemd.</description>
          <warning xmlns:xhtml="http://www.w3.org/1999/xhtml" xml:lang="en-US" category="general">This rule does not have a remediation.
It is expected that this will be managed by systemd and will be a tmpfs partition.</warning>
          <reference href="https://www.cisecurity.org/benchmark/suse_linux/">1.1.6</reference>
          <reference href="not_publicly_available">SLES-15-150150210</reference>
          <rationale xmlns:xhtml="http://www.w3.org/1999/xhtml" xml:lang="en-US">Any user can upload and execute files inside the <html:code xmlns:html="http://www.w3.org/1999/xhtml">/dev/shm</html:code> similar to
the <html:code xmlns:html="http://www.w3.org/1999/xhtml">/tmp</html:code> partition. Configuring <html:code xmlns:html="http://www.w3.org/1999/xhtml">/dev/shm</html:code> allows an administrator
to set the noexec option on the mount, making /dev/shm useless for an attacker to
install executable code. It would also prevent an attacker from establishing a
hardlink to a system setuid program and wait for it to be updated. Once the program
was updated, the hardlink would be broken and the attacker would have his own copy
of the program. If the program happened to have a security vulnerability, the attacker
could continue to exploit the known flaw.</rationale>
          <ident system="https://ncp.nist.gov/cce">CCE-92477-9</ident>
          <check system="http://oval.mitre.org/XMLSchema/oval-definitions-5">
            <check-content-ref name="oval:ssg-partition_for_dev_shm:def:1" href="ssg-sle15-oval.xml"/>
          </check>
          <check system="http://scap.nist.gov/schema/ocil/2">
            <check-content-ref name="ocil:ssg-partition_for_dev_shm_ocil:questionnaire:1" href="ssg-sle15-ocil.xml"/>
          </check>
        </Rule>
        <Rule id="xccdf_org.ssgproject.content_rule_partition_for_home" selected="false" role="full" severity="low">
          <title xmlns:xhtml="http://www.w3.org/1999/xhtml" xml:lang="en-US">Ensure /home Located On Separate Partition</title>
          <description xmlns:xhtml="http://www.w3.org/1999/xhtml" xml:lang="en-US">If user home directories will be stored locally, create a separate partition
for <html:code xmlns:html="http://www.w3.org/1999/xhtml">/home</html:code> at installation time (or migrate it later using LVM). If
<html:code xmlns:html="http://www.w3.org/1999/xhtml">/home</html:code> will be mounted from another system such as an NFS server, then
creating a separate partition is not necessary at installation time, and the
mountpoint can instead be configured later.</description>
          <reference href="https://www.cisecurity.org/controls/">12</reference>
          <reference href="https://www.cisecurity.org/controls/">15</reference>
          <reference href="https://www.cisecurity.org/controls/">8</reference>
          <reference href="https://www.isaca.org/resources/cobit">APO13.01</reference>
          <reference href="https://www.isaca.org/resources/cobit">DSS05.02</reference>
          <reference href="https://www.isa.org/products/ansi-isa-62443-3-3-99-03-03-2013-security-for-indu">SR 3.1</reference>
          <reference href="https://www.isa.org/products/ansi-isa-62443-3-3-99-03-03-2013-security-for-indu">SR 3.5</reference>
          <reference href="https://www.isa.org/products/ansi-isa-62443-3-3-99-03-03-2013-security-for-indu">SR 3.8</reference>
          <reference href="https://www.isa.org/products/ansi-isa-62443-3-3-99-03-03-2013-security-for-indu">SR 4.1</reference>
          <reference href="https://www.isa.org/products/ansi-isa-62443-3-3-99-03-03-2013-security-for-indu">SR 4.3</reference>
          <reference href="https://www.isa.org/products/ansi-isa-62443-3-3-99-03-03-2013-security-for-indu">SR 5.1</reference>
          <reference href="https://www.isa.org/products/ansi-isa-62443-3-3-99-03-03-2013-security-for-indu">SR 5.2</reference>
          <reference href="https://www.isa.org/products/ansi-isa-62443-3-3-99-03-03-2013-security-for-indu">SR 5.3</reference>
          <reference href="https://www.isa.org/products/ansi-isa-62443-3-3-99-03-03-2013-security-for-indu">SR 7.1</reference>
          <reference href="https://www.isa.org/products/ansi-isa-62443-3-3-99-03-03-2013-security-for-indu">SR 7.6</reference>
          <reference href="https://www.iso.org/contents/data/standard/05/45/54534.html">A.13.1.1</reference>
          <reference href="https://www.iso.org/contents/data/standard/05/45/54534.html">A.13.2.1</reference>
          <reference href="https://www.iso.org/contents/data/standard/05/45/54534.html">A.14.1.3</reference>
          <reference href="http://nvlpubs.nist.gov/nistpubs/SpecialPublications/NIST.SP.800-53r4.pdf">CM-6(a)</reference>
          <reference href="http://nvlpubs.nist.gov/nistpubs/SpecialPublications/NIST.SP.800-53r4.pdf">SC-5(2)</reference>
          <reference href="https://nvlpubs.nist.gov/nistpubs/CSWP/NIST.CSWP.04162018.pdf">PR.PT-4</reference>
          <reference href="https://www.cyber.mil/stigs/downloads/?_dl_facet_stigs=operating-systems%2Cgeneral-purpose-os">SRG-OS-000480-GPOS-00227</reference>
          <reference href="https://www.cyber.mil/stigs/downloads/?_dl_facet_stigs=operating-systems%2Cunix-linux">SLES-15-040200</reference>
          <reference href="https://www.cisecurity.org/benchmark/suse_linux/">1.1.17</reference>
          <reference href="https://cyber.gouv.fr/sites/default/files/document/linux_configuration-en-v2.pdf">R28</reference>
          <reference href="not_publicly_available">SLES-15-150150270</reference>
          <reference href="https://www.cyber.mil/stigs/srg-stig-tools/">SV-235004r991589_rule</reference>
          <rationale xmlns:xhtml="http://www.w3.org/1999/xhtml" xml:lang="en-US">Ensuring that <html:code xmlns:html="http://www.w3.org/1999/xhtml">/home</html:code> is mounted on its own partition enables the
setting of more restrictive mount options, and also helps ensure that
users cannot trivially fill partitions used for log or audit data storage.</rationale>
          <ident system="https://ncp.nist.gov/cce">CCE-85639-3</ident>
          <check system="http://oval.mitre.org/XMLSchema/oval-definitions-5">
            <check-content-ref name="oval:ssg-partition_for_home:def:1" href="ssg-sle15-oval.xml"/>
          </check>
          <check system="http://scap.nist.gov/schema/ocil/2">
            <check-content-ref name="ocil:ssg-partition_for_home_ocil:questionnaire:1" href="ssg-sle15-ocil.xml"/>
          </check>
        </Rule>
        <Rule id="xccdf_org.ssgproject.content_rule_partition_for_opt" selected="false" role="full" severity="medium">
          <title xmlns:xhtml="http://www.w3.org/1999/xhtml" xml:lang="en-US">Ensure /opt Located On Separate Partition</title>
          <description xmlns:xhtml="http://www.w3.org/1999/xhtml" xml:lang="en-US">It is recommended that the <html:code xmlns:html="http://www.w3.org/1999/xhtml">/opt</html:code> directory resides on a separate
partition.</description>
          <reference href="https://cyber.gouv.fr/sites/default/files/document/linux_configuration-en-v2.pdf">R28</reference>
          <rationale xmlns:xhtml="http://www.w3.org/1999/xhtml" xml:lang="en-US">The <html:code xmlns:html="http://www.w3.org/1999/xhtml">/opt</html:code> partition contains additional software, usually installed
outside the packaging system. Putting this directory on a separate partition
makes it easier to apply restrictions e.g. through the <html:code xmlns:html="http://www.w3.org/1999/xhtml">nosuid</html:code> mount
option.</rationale>
          <ident system="https://ncp.nist.gov/cce">CCE-91177-6</ident>
          <check system="http://oval.mitre.org/XMLSchema/oval-definitions-5">
            <check-content-ref name="oval:ssg-partition_for_opt:def:1" href="ssg-sle15-oval.xml"/>
          </check>
          <check system="http://scap.nist.gov/schema/ocil/2">
            <check-content-ref name="ocil:ssg-partition_for_opt_ocil:questionnaire:1" href="ssg-sle15-ocil.xml"/>
          </check>
        </Rule>
        <Rule id="xccdf_org.ssgproject.content_rule_partition_for_srv" selected="false" role="full" severity="unknown">
          <title xmlns:xhtml="http://www.w3.org/1999/xhtml" xml:lang="en-US">Ensure /srv Located On Separate Partition</title>
          <description xmlns:xhtml="http://www.w3.org/1999/xhtml" xml:lang="en-US">If a file server (FTP, TFTP...) is hosted locally, create a separate partition
for <html:code xmlns:html="http://www.w3.org/1999/xhtml">/srv</html:code> at installation time (or migrate it later using LVM). If
<html:code xmlns:html="http://www.w3.org/1999/xhtml">/srv</html:code> will be mounted from another system such as an NFS server, then
creating a separate partition is not necessary at installation time, and the
mountpoint can instead be configured later.</description>
          <reference href="https://cyber.gouv.fr/sites/default/files/document/linux_configuration-en-v2.pdf">R28</reference>
          <rationale xmlns:xhtml="http://www.w3.org/1999/xhtml" xml:lang="en-US">Srv deserves files for local network file server such as FTP. Ensuring
that <html:code xmlns:html="http://www.w3.org/1999/xhtml">/srv</html:code> is mounted on its own partition enables the setting of
more restrictive mount options, and also helps ensure that
users cannot trivially fill partitions used for log or audit data storage.</rationale>
          <ident system="https://ncp.nist.gov/cce">CCE-91178-4</ident>
          <check system="http://oval.mitre.org/XMLSchema/oval-definitions-5">
            <check-content-ref name="oval:ssg-partition_for_srv:def:1" href="ssg-sle15-oval.xml"/>
          </check>
          <check system="http://scap.nist.gov/schema/ocil/2">
            <check-content-ref name="ocil:ssg-partition_for_srv_ocil:questionnaire:1" href="ssg-sle15-ocil.xml"/>
          </check>
        </Rule>
        <Rule id="xccdf_org.ssgproject.content_rule_partition_for_tmp" selected="false" role="full" severity="low">
          <title xmlns:xhtml="http://www.w3.org/1999/xhtml" xml:lang="en-US">Ensure /tmp Located On Separate Partition</title>
          <description xmlns:xhtml="http://www.w3.org/1999/xhtml" xml:lang="en-US">The <html:code xmlns:html="http://www.w3.org/1999/xhtml">/tmp</html:code> directory is a world-writable directory used
for temporary file storage. Ensure it has its own partition or
logical volume at installation time, or migrate it using LVM.</description>
          <reference href="https://www.cisecurity.org/controls/">12</reference>
          <reference href="https://www.cisecurity.org/controls/">15</reference>
          <reference href="https://www.cisecurity.org/controls/">8</reference>
          <reference href="https://www.isaca.org/resources/cobit">APO13.01</reference>
          <reference href="https://www.isaca.org/resources/cobit">DSS05.02</reference>
          <reference href="https://www.isa.org/products/ansi-isa-62443-3-3-99-03-03-2013-security-for-indu">SR 3.1</reference>
          <reference href="https://www.isa.org/products/ansi-isa-62443-3-3-99-03-03-2013-security-for-indu">SR 3.5</reference>
          <reference href="https://www.isa.org/products/ansi-isa-62443-3-3-99-03-03-2013-security-for-indu">SR 3.8</reference>
          <reference href="https://www.isa.org/products/ansi-isa-62443-3-3-99-03-03-2013-security-for-indu">SR 4.1</reference>
          <reference href="https://www.isa.org/products/ansi-isa-62443-3-3-99-03-03-2013-security-for-indu">SR 4.3</reference>
          <reference href="https://www.isa.org/products/ansi-isa-62443-3-3-99-03-03-2013-security-for-indu">SR 5.1</reference>
          <reference href="https://www.isa.org/products/ansi-isa-62443-3-3-99-03-03-2013-security-for-indu">SR 5.2</reference>
          <reference href="https://www.isa.org/products/ansi-isa-62443-3-3-99-03-03-2013-security-for-indu">SR 5.3</reference>
          <reference href="https://www.isa.org/products/ansi-isa-62443-3-3-99-03-03-2013-security-for-indu">SR 7.1</reference>
          <reference href="https://www.isa.org/products/ansi-isa-62443-3-3-99-03-03-2013-security-for-indu">SR 7.6</reference>
          <reference href="https://www.iso.org/contents/data/standard/05/45/54534.html">A.13.1.1</reference>
          <reference href="https://www.iso.org/contents/data/standard/05/45/54534.html">A.13.2.1</reference>
          <reference href="https://www.iso.org/contents/data/standard/05/45/54534.html">A.14.1.3</reference>
          <reference href="http://nvlpubs.nist.gov/nistpubs/SpecialPublications/NIST.SP.800-53r4.pdf">CM-6(a)</reference>
          <reference href="http://nvlpubs.nist.gov/nistpubs/SpecialPublications/NIST.SP.800-53r4.pdf">SC-5(2)</reference>
          <reference href="https://nvlpubs.nist.gov/nistpubs/CSWP/NIST.CSWP.04162018.pdf">PR.PT-4</reference>
          <reference href="https://www.cyber.mil/stigs/downloads/?_dl_facet_stigs=operating-systems%2Cgeneral-purpose-os">SRG-OS-000480-GPOS-00227</reference>
          <reference href="https://www.cisecurity.org/benchmark/suse_linux/">1.1.2</reference>
          <reference href="not_publicly_available">SLES-15-150150150</reference>
          <rationale xmlns:xhtml="http://www.w3.org/1999/xhtml" xml:lang="en-US">The <html:code xmlns:html="http://www.w3.org/1999/xhtml">/tmp</html:code> partition is used as temporary storage by many programs.
Placing <html:code xmlns:html="http://www.w3.org/1999/xhtml">/tmp</html:code> in its own partition enables the setting of more
restrictive mount options, which can help protect programs which use it.</rationale>
          <ident system="https://ncp.nist.gov/cce">CCE-91179-2</ident>
          <check system="http://oval.mitre.org/XMLSchema/oval-definitions-5">
            <check-content-ref name="oval:ssg-partition_for_tmp:def:1" href="ssg-sle15-oval.xml"/>
          </check>
          <check system="http://scap.nist.gov/schema/ocil/2">
            <check-content-ref name="ocil:ssg-partition_for_tmp_ocil:questionnaire:1" href="ssg-sle15-ocil.xml"/>
          </check>
        </Rule>
        <Rule id="xccdf_org.ssgproject.content_rule_partition_for_usr" selected="false" role="full" severity="medium">
          <title xmlns:xhtml="http://www.w3.org/1999/xhtml" xml:lang="en-US">Ensure /usr Located On Separate Partition</title>
          <description xmlns:xhtml="http://www.w3.org/1999/xhtml" xml:lang="en-US">It is recommended that the <html:code xmlns:html="http://www.w3.org/1999/xhtml">/usr</html:code> directory resides on a separate
partition.</description>
          <reference href="https://cyber.gouv.fr/sites/default/files/document/linux_configuration-en-v2.pdf">R28</reference>
          <rationale xmlns:xhtml="http://www.w3.org/1999/xhtml" xml:lang="en-US">The <html:code xmlns:html="http://www.w3.org/1999/xhtml">/usr</html:code> partition contains system software, utilities and files.
Putting it on a separate partition allows limiting its size and applying
restrictions through mount options.</rationale>
          <ident system="https://ncp.nist.gov/cce">CCE-91180-0</ident>
          <check system="http://oval.mitre.org/XMLSchema/oval-definitions-5">
            <check-content-ref name="oval:ssg-partition_for_usr:def:1" href="ssg-sle15-oval.xml"/>
          </check>
          <check system="http://scap.nist.gov/schema/ocil/2">
            <check-content-ref name="ocil:ssg-partition_for_usr_ocil:questionnaire:1" href="ssg-sle15-ocil.xml"/>
          </check>
        </Rule>
        <Rule id="xccdf_org.ssgproject.content_rule_partition_for_var" selected="false" role="full" severity="low">
          <title xmlns:xhtml="http://www.w3.org/1999/xhtml" xml:lang="en-US">Ensure /var Located On Separate Partition</title>
          <description xmlns:xhtml="http://www.w3.org/1999/xhtml" xml:lang="en-US">The <html:code xmlns:html="http://www.w3.org/1999/xhtml">/var</html:code> directory is used by daemons and other system
services to store frequently-changing data. Ensure that <html:code xmlns:html="http://www.w3.org/1999/xhtml">/var</html:code> has its own partition
or logical volume at installation time, or migrate it using LVM.</description>
          <reference href="https://www.cisecurity.org/controls/">12</reference>
          <reference href="https://www.cisecurity.org/controls/">15</reference>
          <reference href="https://www.cisecurity.org/controls/">8</reference>
          <reference href="https://www.isaca.org/resources/cobit">APO13.01</reference>
          <reference href="https://www.isaca.org/resources/cobit">DSS05.02</reference>
          <reference href="https://www.isa.org/products/ansi-isa-62443-3-3-99-03-03-2013-security-for-indu">SR 3.1</reference>
          <reference href="https://www.isa.org/products/ansi-isa-62443-3-3-99-03-03-2013-security-for-indu">SR 3.5</reference>
          <reference href="https://www.isa.org/products/ansi-isa-62443-3-3-99-03-03-2013-security-for-indu">SR 3.8</reference>
          <reference href="https://www.isa.org/products/ansi-isa-62443-3-3-99-03-03-2013-security-for-indu">SR 4.1</reference>
          <reference href="https://www.isa.org/products/ansi-isa-62443-3-3-99-03-03-2013-security-for-indu">SR 4.3</reference>
          <reference href="https://www.isa.org/products/ansi-isa-62443-3-3-99-03-03-2013-security-for-indu">SR 5.1</reference>
          <reference href="https://www.isa.org/products/ansi-isa-62443-3-3-99-03-03-2013-security-for-indu">SR 5.2</reference>
          <reference href="https://www.isa.org/products/ansi-isa-62443-3-3-99-03-03-2013-security-for-indu">SR 5.3</reference>
          <reference href="https://www.isa.org/products/ansi-isa-62443-3-3-99-03-03-2013-security-for-indu">SR 7.1</reference>
          <reference href="https://www.isa.org/products/ansi-isa-62443-3-3-99-03-03-2013-security-for-indu">SR 7.6</reference>
          <reference href="https://www.iso.org/contents/data/standard/05/45/54534.html">A.13.1.1</reference>
          <reference href="https://www.iso.org/contents/data/standard/05/45/54534.html">A.13.2.1</reference>
          <reference href="https://www.iso.org/contents/data/standard/05/45/54534.html">A.14.1.3</reference>
          <reference href="http://nvlpubs.nist.gov/nistpubs/SpecialPublications/NIST.SP.800-53r4.pdf">CM-6(a)</reference>
          <reference href="http://nvlpubs.nist.gov/nistpubs/SpecialPublications/NIST.SP.800-53r4.pdf">SC-5(2)</reference>
          <reference href="https://nvlpubs.nist.gov/nistpubs/CSWP/NIST.CSWP.04162018.pdf">PR.PT-4</reference>
          <reference href="https://www.cyber.mil/stigs/downloads/?_dl_facet_stigs=operating-systems%2Cgeneral-purpose-os">SRG-OS-000480-GPOS-00227</reference>
          <reference href="https://www.cyber.mil/stigs/downloads/?_dl_facet_stigs=operating-systems%2Cunix-linux">SLES-15-040210</reference>
          <reference href="https://www.cisecurity.org/benchmark/suse_linux/">1.1.10</reference>
          <reference href="https://cyber.gouv.fr/sites/default/files/document/linux_configuration-en-v2.pdf">R28</reference>
          <reference href="not_publicly_available">SLES-15-150150315</reference>
          <reference href="https://www.cyber.mil/stigs/srg-stig-tools/">SV-235005r991589_rule</reference>
          <rationale xmlns:xhtml="http://www.w3.org/1999/xhtml" xml:lang="en-US">Ensuring that <html:code xmlns:html="http://www.w3.org/1999/xhtml">/var</html:code> is mounted on its own partition enables the
setting of more restrictive mount options. This helps protect
system services such as daemons or other programs which use it.
It is not uncommon for the <html:code xmlns:html="http://www.w3.org/1999/xhtml">/var</html:code> directory to contain
world-writable directories installed by other software packages.</rationale>
          <ident system="https://ncp.nist.gov/cce">CCE-85640-1</ident>
          <check system="http://oval.mitre.org/XMLSchema/oval-definitions-5">
            <check-content-ref name="oval:ssg-partition_for_var:def:1" href="ssg-sle15-oval.xml"/>
          </check>
          <check system="http://scap.nist.gov/schema/ocil/2">
            <check-content-ref name="ocil:ssg-partition_for_var_ocil:questionnaire:1" href="ssg-sle15-ocil.xml"/>
          </check>
        </Rule>
        <Rule id="xccdf_org.ssgproject.content_rule_partition_for_var_log" selected="false" role="full" severity="low">
          <title xmlns:xhtml="http://www.w3.org/1999/xhtml" xml:lang="en-US">Ensure /var/log Located On Separate Partition</title>
          <description xmlns:xhtml="http://www.w3.org/1999/xhtml" xml:lang="en-US">System logs are stored in the <html:code xmlns:html="http://www.w3.org/1999/xhtml">/var/log</html:code> directory.

Ensure that <html:code xmlns:html="http://www.w3.org/1999/xhtml">/var/log</html:code> has its own partition or logical
volume at installation time, or migrate it using LVM.</description>
          <reference href="https://www.cisecurity.org/controls/">1</reference>
          <reference href="https://www.cisecurity.org/controls/">12</reference>
          <reference href="https://www.cisecurity.org/controls/">14</reference>
          <reference href="https://www.cisecurity.org/controls/">15</reference>
          <reference href="https://www.cisecurity.org/controls/">16</reference>
          <reference href="https://www.cisecurity.org/controls/">3</reference>
          <reference href="https://www.cisecurity.org/controls/">5</reference>
          <reference href="https://www.cisecurity.org/controls/">6</reference>
          <reference href="https://www.cisecurity.org/controls/">8</reference>
          <reference href="https://www.isaca.org/resources/cobit">APO11.04</reference>
          <reference href="https://www.isaca.org/resources/cobit">APO13.01</reference>
          <reference href="https://www.isaca.org/resources/cobit">BAI03.05</reference>
          <reference href="https://www.isaca.org/resources/cobit">DSS05.02</reference>
          <reference href="https://www.isaca.org/resources/cobit">DSS05.04</reference>
          <reference href="https://www.isaca.org/resources/cobit">DSS05.07</reference>
          <reference href="https://www.isaca.org/resources/cobit">MEA02.01</reference>
          <reference href="https://www.isa.org/products/isa-62443-2-1-2009-security-for-industrial-automat">4.3.3.3.9</reference>
          <reference href="https://www.isa.org/products/isa-62443-2-1-2009-security-for-industrial-automat">4.3.3.5.8</reference>
          <reference href="https://www.isa.org/products/isa-62443-2-1-2009-security-for-industrial-automat">4.3.4.4.7</reference>
          <reference href="https://www.isa.org/products/isa-62443-2-1-2009-security-for-industrial-automat">4.4.2.1</reference>
          <reference href="https://www.isa.org/products/isa-62443-2-1-2009-security-for-industrial-automat">4.4.2.2</reference>
          <reference href="https://www.isa.org/products/isa-62443-2-1-2009-security-for-industrial-automat">4.4.2.4</reference>
          <reference href="https://www.isa.org/products/ansi-isa-62443-3-3-99-03-03-2013-security-for-indu">SR 2.10</reference>
          <reference href="https://www.isa.org/products/ansi-isa-62443-3-3-99-03-03-2013-security-for-indu">SR 2.11</reference>
          <reference href="https://www.isa.org/products/ansi-isa-62443-3-3-99-03-03-2013-security-for-indu">SR 2.12</reference>
          <reference href="https://www.isa.org/products/ansi-isa-62443-3-3-99-03-03-2013-security-for-indu">SR 2.8</reference>
          <reference href="https://www.isa.org/products/ansi-isa-62443-3-3-99-03-03-2013-security-for-indu">SR 2.9</reference>
          <reference href="https://www.isa.org/products/ansi-isa-62443-3-3-99-03-03-2013-security-for-indu">SR 3.1</reference>
          <reference href="https://www.isa.org/products/ansi-isa-62443-3-3-99-03-03-2013-security-for-indu">SR 3.5</reference>
          <reference href="https://www.isa.org/products/ansi-isa-62443-3-3-99-03-03-2013-security-for-indu">SR 3.8</reference>
          <reference href="https://www.isa.org/products/ansi-isa-62443-3-3-99-03-03-2013-security-for-indu">SR 4.1</reference>
          <reference href="https://www.isa.org/products/ansi-isa-62443-3-3-99-03-03-2013-security-for-indu">SR 4.3</reference>
          <reference href="https://www.isa.org/products/ansi-isa-62443-3-3-99-03-03-2013-security-for-indu">SR 5.1</reference>
          <reference href="https://www.isa.org/products/ansi-isa-62443-3-3-99-03-03-2013-security-for-indu">SR 5.2</reference>
          <reference href="https://www.isa.org/products/ansi-isa-62443-3-3-99-03-03-2013-security-for-indu">SR 5.3</reference>
          <reference href="https://www.isa.org/products/ansi-isa-62443-3-3-99-03-03-2013-security-for-indu">SR 7.1</reference>
          <reference href="https://www.isa.org/products/ansi-isa-62443-3-3-99-03-03-2013-security-for-indu">SR 7.6</reference>
          <reference href="https://www.iso.org/contents/data/standard/05/45/54534.html">A.12.4.1</reference>
          <reference href="https://www.iso.org/contents/data/standard/05/45/54534.html">A.12.4.2</reference>
          <reference href="https://www.iso.org/contents/data/standard/05/45/54534.html">A.12.4.3</reference>
          <reference href="https://www.iso.org/contents/data/standard/05/45/54534.html">A.12.4.4</reference>
          <reference href="https://www.iso.org/contents/data/standard/05/45/54534.html">A.12.7.1</reference>
          <reference href="https://www.iso.org/contents/data/standard/05/45/54534.html">A.13.1.1</reference>
          <reference href="https://www.iso.org/contents/data/standard/05/45/54534.html">A.13.2.1</reference>
          <reference href="https://www.iso.org/contents/data/standard/05/45/54534.html">A.14.1.3</reference>
          <reference href="https://www.nerc.com/standards/reliability-standards/cip">CIP-007-3 R6.5</reference>
          <reference href="http://nvlpubs.nist.gov/nistpubs/SpecialPublications/NIST.SP.800-53r4.pdf">CM-6(a)</reference>
          <reference href="http://nvlpubs.nist.gov/nistpubs/SpecialPublications/NIST.SP.800-53r4.pdf">AU-4</reference>
          <reference href="http://nvlpubs.nist.gov/nistpubs/SpecialPublications/NIST.SP.800-53r4.pdf">SC-5(2)</reference>
          <reference href="https://nvlpubs.nist.gov/nistpubs/CSWP/NIST.CSWP.04162018.pdf">PR.PT-1</reference>
          <reference href="https://nvlpubs.nist.gov/nistpubs/CSWP/NIST.CSWP.04162018.pdf">PR.PT-4</reference>
          <reference href="https://www.cyber.mil/stigs/downloads/?_dl_facet_stigs=operating-systems%2Cgeneral-purpose-os">SRG-OS-000480-GPOS-00227</reference>
          <reference href="https://www.cisecurity.org/benchmark/suse_linux/">1.1.15</reference>
          <reference href="https://cyber.gouv.fr/sites/default/files/document/linux_configuration-en-v2.pdf">R28</reference>
          <reference href="not_publicly_available">SLES-15-150150420</reference>
          <rationale xmlns:xhtml="http://www.w3.org/1999/xhtml" xml:lang="en-US">Placing <html:code xmlns:html="http://www.w3.org/1999/xhtml">/var/log</html:code> in its own partition
enables better separation between log files
and other files in <html:code xmlns:html="http://www.w3.org/1999/xhtml">/var/</html:code>.</rationale>
          <ident system="https://ncp.nist.gov/cce">CCE-91181-8</ident>
          <check system="http://oval.mitre.org/XMLSchema/oval-definitions-5">
            <check-content-ref name="oval:ssg-partition_for_var_log:def:1" href="ssg-sle15-oval.xml"/>
          </check>
          <check system="http://scap.nist.gov/schema/ocil/2">
            <check-content-ref name="ocil:ssg-partition_for_var_log_ocil:questionnaire:1" href="ssg-sle15-ocil.xml"/>
          </check>
        </Rule>
        <Rule id="xccdf_org.ssgproject.content_rule_partition_for_var_log_audit" selected="false" role="full" severity="low">
          <title xmlns:xhtml="http://www.w3.org/1999/xhtml" xml:lang="en-US">Ensure /var/log/audit Located On Separate Partition</title>
          <description xmlns:xhtml="http://www.w3.org/1999/xhtml" xml:lang="en-US">Audit logs are stored in the <html:code xmlns:html="http://www.w3.org/1999/xhtml">/var/log/audit</html:code> directory.

Ensure that <html:code xmlns:html="http://www.w3.org/1999/xhtml">/var/log/audit</html:code> has its own partition or logical
volume at installation time, or migrate it using LVM.
Make absolutely certain that it is large enough to store all
audit logs that will be created by the auditing daemon.</description>
          <reference href="https://www.cisecurity.org/controls/">1</reference>
          <reference href="https://www.cisecurity.org/controls/">12</reference>
          <reference href="https://www.cisecurity.org/controls/">13</reference>
          <reference href="https://www.cisecurity.org/controls/">14</reference>
          <reference href="https://www.cisecurity.org/controls/">15</reference>
          <reference href="https://www.cisecurity.org/controls/">16</reference>
          <reference href="https://www.cisecurity.org/controls/">2</reference>
          <reference href="https://www.cisecurity.org/controls/">3</reference>
          <reference href="https://www.cisecurity.org/controls/">5</reference>
          <reference href="https://www.cisecurity.org/controls/">6</reference>
          <reference href="https://www.cisecurity.org/controls/">8</reference>
          <reference href="https://www.isaca.org/resources/cobit">APO11.04</reference>
          <reference href="https://www.isaca.org/resources/cobit">APO13.01</reference>
          <reference href="https://www.isaca.org/resources/cobit">BAI03.05</reference>
          <reference href="https://www.isaca.org/resources/cobit">BAI04.04</reference>
          <reference href="https://www.isaca.org/resources/cobit">DSS05.02</reference>
          <reference href="https://www.isaca.org/resources/cobit">DSS05.04</reference>
          <reference href="https://www.isaca.org/resources/cobit">DSS05.07</reference>
          <reference href="https://www.isaca.org/resources/cobit">MEA02.01</reference>
          <reference href="https://www.gpo.gov/fdsys/pkg/CFR-2007-title45-vol1/pdf/CFR-2007-title45-vol1-chapA-subchapC.pdf">164.312(a)(2)(ii)</reference>
          <reference href="https://www.isa.org/products/isa-62443-2-1-2009-security-for-industrial-automat">4.3.3.3.9</reference>
          <reference href="https://www.isa.org/products/isa-62443-2-1-2009-security-for-industrial-automat">4.3.3.5.8</reference>
          <reference href="https://www.isa.org/products/isa-62443-2-1-2009-security-for-industrial-automat">4.3.4.4.7</reference>
          <reference href="https://www.isa.org/products/isa-62443-2-1-2009-security-for-industrial-automat">4.4.2.1</reference>
          <reference href="https://www.isa.org/products/isa-62443-2-1-2009-security-for-industrial-automat">4.4.2.2</reference>
          <reference href="https://www.isa.org/products/isa-62443-2-1-2009-security-for-industrial-automat">4.4.2.4</reference>
          <reference href="https://www.isa.org/products/ansi-isa-62443-3-3-99-03-03-2013-security-for-indu">SR 2.10</reference>
          <reference href="https://www.isa.org/products/ansi-isa-62443-3-3-99-03-03-2013-security-for-indu">SR 2.11</reference>
          <reference href="https://www.isa.org/products/ansi-isa-62443-3-3-99-03-03-2013-security-for-indu">SR 2.12</reference>
          <reference href="https://www.isa.org/products/ansi-isa-62443-3-3-99-03-03-2013-security-for-indu">SR 2.8</reference>
          <reference href="https://www.isa.org/products/ansi-isa-62443-3-3-99-03-03-2013-security-for-indu">SR 2.9</reference>
          <reference href="https://www.isa.org/products/ansi-isa-62443-3-3-99-03-03-2013-security-for-indu">SR 3.1</reference>
          <reference href="https://www.isa.org/products/ansi-isa-62443-3-3-99-03-03-2013-security-for-indu">SR 3.5</reference>
          <reference href="https://www.isa.org/products/ansi-isa-62443-3-3-99-03-03-2013-security-for-indu">SR 3.8</reference>
          <reference href="https://www.isa.org/products/ansi-isa-62443-3-3-99-03-03-2013-security-for-indu">SR 4.1</reference>
          <reference href="https://www.isa.org/products/ansi-isa-62443-3-3-99-03-03-2013-security-for-indu">SR 4.3</reference>
          <reference href="https://www.isa.org/products/ansi-isa-62443-3-3-99-03-03-2013-security-for-indu">SR 5.1</reference>
          <reference href="https://www.isa.org/products/ansi-isa-62443-3-3-99-03-03-2013-security-for-indu">SR 5.2</reference>
          <reference href="https://www.isa.org/products/ansi-isa-62443-3-3-99-03-03-2013-security-for-indu">SR 5.3</reference>
          <reference href="https://www.isa.org/products/ansi-isa-62443-3-3-99-03-03-2013-security-for-indu">SR 7.1</reference>
          <reference href="https://www.isa.org/products/ansi-isa-62443-3-3-99-03-03-2013-security-for-indu">SR 7.2</reference>
          <reference href="https://www.isa.org/products/ansi-isa-62443-3-3-99-03-03-2013-security-for-indu">SR 7.6</reference>
          <reference href="https://www.iso.org/contents/data/standard/05/45/54534.html">A.12.1.3</reference>
          <reference href="https://www.iso.org/contents/data/standard/05/45/54534.html">A.12.4.1</reference>
          <reference href="https://www.iso.org/contents/data/standard/05/45/54534.html">A.12.4.2</reference>
          <reference href="https://www.iso.org/contents/data/standard/05/45/54534.html">A.12.4.3</reference>
          <reference href="https://www.iso.org/contents/data/standard/05/45/54534.html">A.12.4.4</reference>
          <reference href="https://www.iso.org/contents/data/standard/05/45/54534.html">A.12.7.1</reference>
          <reference href="https://www.iso.org/contents/data/standard/05/45/54534.html">A.13.1.1</reference>
          <reference href="https://www.iso.org/contents/data/standard/05/45/54534.html">A.13.2.1</reference>
          <reference href="https://www.iso.org/contents/data/standard/05/45/54534.html">A.14.1.3</reference>
          <reference href="https://www.iso.org/contents/data/standard/05/45/54534.html">A.17.2.1</reference>
          <reference href="https://www.nerc.com/standards/reliability-standards/cip">CIP-007-3 R6.5</reference>
          <reference href="http://nvlpubs.nist.gov/nistpubs/SpecialPublications/NIST.SP.800-53r4.pdf">CM-6(a)</reference>
          <reference href="http://nvlpubs.nist.gov/nistpubs/SpecialPublications/NIST.SP.800-53r4.pdf">AU-4</reference>
          <reference href="http://nvlpubs.nist.gov/nistpubs/SpecialPublications/NIST.SP.800-53r4.pdf">SC-5(2)</reference>
          <reference href="https://nvlpubs.nist.gov/nistpubs/CSWP/NIST.CSWP.04162018.pdf">PR.DS-4</reference>
          <reference href="https://nvlpubs.nist.gov/nistpubs/CSWP/NIST.CSWP.04162018.pdf">PR.PT-1</reference>
          <reference href="https://nvlpubs.nist.gov/nistpubs/CSWP/NIST.CSWP.04162018.pdf">PR.PT-4</reference>
          <reference href="https://www.niap-ccevs.org/Profile/PP.cfm">FMT_SMF_EXT.1</reference>
          <reference href="https://www.cyber.mil/stigs/downloads/?_dl_facet_stigs=operating-systems%2Cgeneral-purpose-os">SRG-OS-000341-GPOS-00132</reference>
          <reference href="https://www.cyber.mil/stigs/downloads/?_dl_facet_stigs=operating-systems%2Cgeneral-purpose-os">SRG-OS-000480-GPOS-00227</reference>
          <reference href="https://www.cyber.mil/stigs/downloads/?_dl_facet_stigs=app-security">SRG-APP-000357-CTR-000800</reference>
          <reference href="https://www.cyber.mil/stigs/downloads/?_dl_facet_stigs=operating-systems%2Cunix-linux">SLES-15-030810</reference>
          <reference href="https://www.cisecurity.org/benchmark/suse_linux/">1.1.16</reference>
          <reference href="https://cyber.gouv.fr/sites/default/files/document/linux_configuration-en-v2.pdf">R71</reference>
          <reference href="not_publicly_available">SLES-15-150150480</reference>
          <reference href="https://www.cyber.mil/stigs/srg-stig-tools/">SV-234980r991589_rule</reference>
          <rationale xmlns:xhtml="http://www.w3.org/1999/xhtml" xml:lang="en-US">Placing <html:code xmlns:html="http://www.w3.org/1999/xhtml">/var/log/audit</html:code> in its own partition
enables better separation between audit files
and other files, and helps ensure that
auditing cannot be halted due to the partition running out
of space.</rationale>
          <ident system="https://ncp.nist.gov/cce">CCE-85618-7</ident>
          <check system="http://oval.mitre.org/XMLSchema/oval-definitions-5">
            <check-content-ref name="oval:ssg-partition_for_var_log_audit:def:1" href="ssg-sle15-oval.xml"/>
          </check>
          <check system="http://scap.nist.gov/schema/ocil/2">
            <check-content-ref name="ocil:ssg-partition_for_var_log_audit_ocil:questionnaire:1" href="ssg-sle15-ocil.xml"/>
          </check>
        </Rule>
        <Rule id="xccdf_org.ssgproject.content_rule_partition_for_var_tmp" selected="false" role="full" severity="medium">
          <title xmlns:xhtml="http://www.w3.org/1999/xhtml" xml:lang="en-US">Ensure /var/tmp Located On Separate Partition</title>
          <description xmlns:xhtml="http://www.w3.org/1999/xhtml" xml:lang="en-US">The <html:code xmlns:html="http://www.w3.org/1999/xhtml">/var/tmp</html:code> directory is a world-writable directory used
for temporary file storage. Ensure it has its own partition or
logical volume at installation time, or migrate it using LVM.</description>
          <reference href="https://www.cyber.mil/stigs/downloads/?_dl_facet_stigs=operating-systems%2Cgeneral-purpose-os">SRG-OS-000480-GPOS-00227</reference>
          <reference href="https://www.cisecurity.org/benchmark/suse_linux/">1.1.11</reference>
          <reference href="https://cyber.gouv.fr/sites/default/files/document/linux_configuration-en-v2.pdf">R28</reference>
          <reference href="not_publicly_available">SLES-15-150150360</reference>
          <rationale xmlns:xhtml="http://www.w3.org/1999/xhtml" xml:lang="en-US">The <html:code xmlns:html="http://www.w3.org/1999/xhtml">/var/tmp</html:code> partition is used as temporary storage by many programs.
Placing <html:code xmlns:html="http://www.w3.org/1999/xhtml">/var/tmp</html:code> in its own partition enables the setting of more
restrictive mount options, which can help protect programs which use it.</rationale>
          <ident system="https://ncp.nist.gov/cce">CCE-91182-6</ident>
          <check system="http://oval.mitre.org/XMLSchema/oval-definitions-5">
            <check-content-ref name="oval:ssg-partition_for_var_tmp:def:1" href="ssg-sle15-oval.xml"/>
          </check>
          <check system="http://scap.nist.gov/schema/ocil/2">
            <check-content-ref name="ocil:ssg-partition_for_var_tmp_ocil:questionnaire:1" href="ssg-sle15-ocil.xml"/>
          </check>
        </Rule>
        <Rule id="xccdf_org.ssgproject.content_rule_systemd_tmp_mount_enabled" selected="false" role="full" severity="low">
          <title xmlns:xhtml="http://www.w3.org/1999/xhtml" xml:lang="en-US">Ensure tmp.mount Unit Is Enabled</title>
          <description xmlns:xhtml="http://www.w3.org/1999/xhtml" xml:lang="en-US">The <html:code xmlns:html="http://www.w3.org/1999/xhtml">/tmp</html:code> directory is a world-writable directory used
for temporary file storage. This directory is managed by <html:code xmlns:html="http://www.w3.org/1999/xhtml">systemd-tmpfiles</html:code>.
Ensure that the <html:code xmlns:html="http://www.w3.org/1999/xhtml">tmp.mount</html:code> systemd unit is enabled.</description>
          <reference href="https://cyber.gouv.fr/sites/default/files/document/linux_configuration-en-v2.pdf">R28</reference>
          <rationale xmlns:xhtml="http://www.w3.org/1999/xhtml" xml:lang="en-US">The <html:code xmlns:html="http://www.w3.org/1999/xhtml">/tmp</html:code> directory is used as temporary storage by many programs.
Placing <html:code xmlns:html="http://www.w3.org/1999/xhtml">/tmp</html:code> in a tmpfs filesystem enables the setting of more
restrictive mount options, which can help protect programs which use it.
The <html:code xmlns:html="http://www.w3.org/1999/xhtml">tmp.mount</html:code> unit configures the tmpfs filesystem and ensures
the <html:code xmlns:html="http://www.w3.org/1999/xhtml">/tmp</html:code> directory is wiped during reboot.</rationale>
          <fix xmlns:xhtml="http://www.w3.org/1999/xhtml" id="systemd_tmp_mount_enabled" system="urn:xccdf:fix:script:sh" complexity="low" disruption="low" strategy="enable"># Remediation is applicable only in certain platforms
if ( ! ( { rpm --quiet -q kernel ;} &amp;&amp; { rpm --quiet -q rpm-ostree ;} &amp;&amp; { rpm --quiet -q bootc ;} &amp;&amp; { ! rpm --quiet -q openshift-kubelet ;} &amp;&amp; ([ -f /run/ostree-booted ] || [ -L /ostree ]) ) &amp;&amp; ! ( [ -f /.dockerenv ] || [ -f /run/.containerenv ] ) ); then

SYSTEMCTL_EXEC='/usr/bin/systemctl'
"$SYSTEMCTL_EXEC" unmask 'tmp.mount'
if [[ $("$SYSTEMCTL_EXEC" is-system-running) != "offline" ]]; then
  "$SYSTEMCTL_EXEC" start 'tmp.mount'
fi
"$SYSTEMCTL_EXEC" enable 'tmp.mount'

else
    &gt;&amp;2 echo 'Remediation is not applicable, nothing was done'
fi
</fix>
          <fix xmlns:xhtml="http://www.w3.org/1999/xhtml" id="systemd_tmp_mount_enabled" system="urn:xccdf:fix:script:ansible" complexity="low" disruption="low" strategy="enable">- name: Gather the package facts
  package_facts:
    manager: auto
  tags:
  - enable_strategy
  - low_complexity
  - low_disruption
  - low_severity
  - no_reboot_needed
  - systemd_tmp_mount_enabled

- name: Enable mount tmp
  ansible.builtin.systemd:
    name: tmp.mount
    enabled: 'yes'
    state: started
    masked: 'false'
  when: ( not ( "kernel" in ansible_facts.packages and "rpm-ostree" in ansible_facts.packages
    and "bootc" in ansible_facts.packages and not "openshift-kubelet" in ansible_facts.packages
    and "ostree" in ansible_proc_cmdline ) and not ( ansible_virtualization_type in
    ["docker", "lxc", "openvz", "podman", "container"] ) )
  tags:
  - enable_strategy
  - low_complexity
  - low_disruption
  - low_severity
  - no_reboot_needed
  - systemd_tmp_mount_enabled
</fix>
          <check system="http://oval.mitre.org/XMLSchema/oval-definitions-5">
            <check-content-ref name="oval:ssg-systemd_tmp_mount_enabled:def:1" href="ssg-sle15-oval.xml"/>
          </check>
          <check system="http://scap.nist.gov/schema/ocil/2">
            <check-content-ref name="ocil:ssg-systemd_tmp_mount_enabled_ocil:questionnaire:1" href="ssg-sle15-ocil.xml"/>
          </check>
        </Rule>
      </Group>
      <Group id="xccdf_org.ssgproject.content_group_gnome">
        <title xmlns:xhtml="http://www.w3.org/1999/xhtml" xml:lang="en-US">GNOME Desktop Environment</title>
        <description xmlns:xhtml="http://www.w3.org/1999/xhtml" xml:lang="en-US">GNOME is a graphical desktop environment bundled with many Linux distributions that
allow users to easily interact with the operating system graphically rather than
textually. The GNOME Graphical Display Manager (GDM) provides login, logout, and user
switching contexts as well as display server management.
<html:br xmlns:html="http://www.w3.org/1999/xhtml"/>
       <html:br xmlns:html="http://www.w3.org/1999/xhtml"/>
GNOME is developed by the GNOME Project and is considered the default

Red Hat Graphical environment.

<html:br xmlns:html="http://www.w3.org/1999/xhtml"/>
       <html:br xmlns:html="http://www.w3.org/1999/xhtml"/>
For more information on GNOME and the GNOME Project, see <html:b xmlns:html="http://www.w3.org/1999/xhtml"><html:a href="https://www.gnome.org">https://www.gnome.org</html:a></html:b>.</description>
        <platform idref="#package_gdm"/>
        <Rule id="xccdf_org.ssgproject.content_rule_package_gdm_removed" selected="false" role="full" severity="medium">
          <title xmlns:xhtml="http://www.w3.org/1999/xhtml" xml:lang="en-US">Remove the GDM Package Group</title>
          <description xmlns:xhtml="http://www.w3.org/1999/xhtml" xml:lang="en-US">
By removing the <html:code xmlns:html="http://www.w3.org/1999/xhtml">gdm</html:code> package, the system no longer has GNOME installed.

If X Windows is not installed then the system cannot boot into graphical user mode.
This prevents the system from being accidentally or maliciously booted into a <html:code xmlns:html="http://www.w3.org/1999/xhtml">graphical.target</html:code>
mode. To do so, run the following command:

<html:pre xmlns:html="http://www.w3.org/1999/xhtml">$ sudo yum remove gdm</html:pre>
       </description>
          <reference href="http://nvlpubs.nist.gov/nistpubs/SpecialPublications/NIST.SP.800-53r4.pdf">CM-7(a)</reference>
          <reference href="http://nvlpubs.nist.gov/nistpubs/SpecialPublications/NIST.SP.800-53r4.pdf">CM-7(b)</reference>
          <reference href="http://nvlpubs.nist.gov/nistpubs/SpecialPublications/NIST.SP.800-53r4.pdf">CM-6(a)</reference>
          <reference href="https://www.cyber.mil/stigs/downloads/?_dl_facet_stigs=operating-systems%2Cgeneral-purpose-os">SRG-OS-000480-GPOS-00227</reference>
          <reference href="https://www.cisecurity.org/benchmark/suse_linux/">1.10</reference>
          <reference href="not_publicly_available">SLES-15-151200105</reference>
          <rationale xmlns:xhtml="http://www.w3.org/1999/xhtml" xml:lang="en-US">Unnecessary service packages must not be installed to decrease the attack surface of the system.
A graphical environment is unnecessary for certain types of systems including a virtualization
hypervisor.</rationale>
          <ident system="https://ncp.nist.gov/cce">CCE-92502-4</ident>
          <fix xmlns:xhtml="http://www.w3.org/1999/xhtml" id="package_gdm_removed" system="urn:xccdf:fix:script:puppet" complexity="low" disruption="low" strategy="disable">
include remove_gdm

class remove_gdm {
  package { 'gdm':
    ensure =&gt; 'purged',
  }
}
</fix>
          <fix xmlns:xhtml="http://www.w3.org/1999/xhtml" id="package_gdm_removed" system="urn:xccdf:fix:script:sh" complexity="low" disruption="low" strategy="disable"># Remediation is applicable only in certain platforms
if rpm --quiet -q gdm; then

# CAUTION: This remediation script will remove gdm
# from the system, and may remove any packages
# that depend on gdm. Execute this
# remediation AFTER testing on a non-production
# system!


zypper remove -y "gdm"

else
    &gt;&amp;2 echo 'Remediation is not applicable, nothing was done'
fi
</fix>
          <fix xmlns:xhtml="http://www.w3.org/1999/xhtml" id="package_gdm_removed" system="urn:xccdf:fix:script:ansible" complexity="low" disruption="low" strategy="disable">- name: Gather the package facts
  package_facts:
    manager: auto
  tags:
  - CCE-92502-4
  - NIST-800-53-CM-6(a)
  - NIST-800-53-CM-7(a)
  - NIST-800-53-CM-7(b)
  - disable_strategy
  - low_complexity
  - low_disruption
  - medium_severity
  - no_reboot_needed
  - package_gdm_removed

- name: 'Remove the GDM Package Group: Ensure gdm is removed'
  ansible.builtin.package:
    name: gdm
    state: absent
  when: '"gdm" in ansible_facts.packages'
  tags:
  - CCE-92502-4
  - NIST-800-53-CM-6(a)
  - NIST-800-53-CM-7(a)
  - NIST-800-53-CM-7(b)
  - disable_strategy
  - low_complexity
  - low_disruption
  - medium_severity
  - no_reboot_needed
  - package_gdm_removed
</fix>
          <check system="http://oval.mitre.org/XMLSchema/oval-definitions-5">
            <check-content-ref name="oval:ssg-package_gdm_removed:def:1" href="ssg-sle15-oval.xml"/>
          </check>
          <check system="http://scap.nist.gov/schema/ocil/2">
            <check-content-ref name="ocil:ssg-package_gdm_removed_ocil:questionnaire:1" href="ssg-sle15-ocil.xml"/>
          </check>
        </Rule>
        <Rule id="xccdf_org.ssgproject.content_rule_dconf_db_up_to_date" selected="false" role="full" severity="high">
          <title xmlns:xhtml="http://www.w3.org/1999/xhtml" xml:lang="en-US">Make sure that the dconf databases are up-to-date with regards to respective keyfiles</title>
          <description xmlns:xhtml="http://www.w3.org/1999/xhtml" xml:lang="en-US">By default, DConf uses a binary database as a data backend.
The system-level database is compiled from keyfiles in the /etc/dconf/db/
directory by the <html:pre xmlns:html="http://www.w3.org/1999/xhtml">dconf update</html:pre> command. More specifically, content present
in the following directories:
<html:pre xmlns:html="http://www.w3.org/1999/xhtml">/etc/dconf/db/gdm.d</html:pre>
        <html:pre xmlns:html="http://www.w3.org/1999/xhtml">/etc/dconf/db/local.d</html:pre>
       </description>
          <reference href="https://www.gpo.gov/fdsys/pkg/CFR-2007-title45-vol1/pdf/CFR-2007-title45-vol1-chapA-subchapC.pdf">164.308(a)(1)(ii)(B)</reference>
          <reference href="https://www.gpo.gov/fdsys/pkg/CFR-2007-title45-vol1/pdf/CFR-2007-title45-vol1-chapA-subchapC.pdf">164.308(a)(5)(ii)(A)</reference>
          <reference href="https://www.pcisecuritystandards.org/documents/PCI_DSS_v3-2-1.pdf">Req-6.2</reference>
          <reference href="https://www.cyber.mil/stigs/downloads/?_dl_facet_stigs=operating-systems%2Cgeneral-purpose-os">SRG-OS-000480-GPOS-00227</reference>
          <reference href="https://www.cyber.mil/stigs/downloads/?_dl_facet_stigs=operating-systems%2Cunix-linux">SLES-15-010090</reference>
          <reference href="https://www.cisecurity.org/benchmark/suse_linux/">1.10</reference>
          <reference href="https://docs-prv.pcisecuritystandards.org/PCI%20DSS/Standard/PCI-DSS-v4_0.pdf">8.2.8</reference>
          <reference href="https://docs-prv.pcisecuritystandards.org/PCI%20DSS/Standard/PCI-DSS-v4_0.pdf">8.2</reference>
          <reference href="https://www.cyber.mil/stigs/srg-stig-tools/">SV-234809r958586_rule</reference>
          <rationale xmlns:xhtml="http://www.w3.org/1999/xhtml" xml:lang="en-US">Unlike text-based keyfiles, the binary database is impossible to check by OVAL.
Therefore, in order to evaluate dconf configuration, both have to be true at the same time -
configuration files have to be compliant, and the database needs to be more recent than those keyfiles,
which gives confidence that it reflects them.</rationale>
          <platform idref="#system_with_kernel"/>
          <ident system="https://ncp.nist.gov/cce">CCE-83288-1</ident>
          <fix xmlns:xhtml="http://www.w3.org/1999/xhtml" id="dconf_db_up_to_date" system="urn:xccdf:fix:script:sh"># Remediation is applicable only in certain platforms
if rpm --quiet -q gdm &amp;&amp; { rpm --quiet -q kernel-default || rpm --quiet -q kernel-default-base; }; then

dconf update

else
    &gt;&amp;2 echo 'Remediation is not applicable, nothing was done'
fi
</fix>
          <fix xmlns:xhtml="http://www.w3.org/1999/xhtml" id="dconf_db_up_to_date" system="urn:xccdf:fix:script:ansible" complexity="low" disruption="medium">- name: Gather the package facts
  package_facts:
    manager: auto
  tags:
  - CCE-83288-1
  - DISA-STIG-SLES-15-010090
  - PCI-DSS-Req-6.2
  - PCI-DSSv4-8.2
  - PCI-DSSv4-8.2.8
  - dconf_db_up_to_date
  - high_severity
  - low_complexity
  - medium_disruption
  - no_reboot_needed
  - unknown_strategy

- name: Make sure that the dconf databases are up-to-date with regards to respective
    keyfiles - Get database modification time for gdm
  ansible.builtin.stat:
    path: /etc/dconf/db/gdm
  register: gdm_db
  when:
  - '"gdm" in ansible_facts.packages'
  - ("kernel-default" in ansible_facts.packages or "kernel-default-base" in ansible_facts.packages)
  tags:
  - CCE-83288-1
  - DISA-STIG-SLES-15-010090
  - PCI-DSS-Req-6.2
  - PCI-DSSv4-8.2
  - PCI-DSSv4-8.2.8
  - dconf_db_up_to_date
  - high_severity
  - low_complexity
  - medium_disruption
  - no_reboot_needed
  - unknown_strategy

- name: Make sure that the dconf databases are up-to-date with regards to respective
    keyfiles - Get keyfiles for gdm
  ansible.builtin.find:
    paths: /etc/dconf/db/gdm.d/
  register: gdm_keyfiles
  when:
  - '"gdm" in ansible_facts.packages'
  - ("kernel-default" in ansible_facts.packages or "kernel-default-base" in ansible_facts.packages)
  tags:
  - CCE-83288-1
  - DISA-STIG-SLES-15-010090
  - PCI-DSS-Req-6.2
  - PCI-DSSv4-8.2
  - PCI-DSSv4-8.2.8
  - dconf_db_up_to_date
  - high_severity
  - low_complexity
  - medium_disruption
  - no_reboot_needed
  - unknown_strategy

- name: Make sure that the dconf databases are up-to-date with regards to respective
    keyfiles - Run dconf update for gdm
  ansible.builtin.command:
    cmd: dconf update
  when:
  - '"gdm" in ansible_facts.packages'
  - ("kernel-default" in ansible_facts.packages or "kernel-default-base" in ansible_facts.packages)
  - not gdm_db.stat.exists or gdm_keyfiles.files | length &gt; 0 and gdm_keyfiles.files
    | map(attribute='mtime') | max &gt; gdm_db.stat.mtime
  tags:
  - CCE-83288-1
  - DISA-STIG-SLES-15-010090
  - PCI-DSS-Req-6.2
  - PCI-DSSv4-8.2
  - PCI-DSSv4-8.2.8
  - dconf_db_up_to_date
  - high_severity
  - low_complexity
  - medium_disruption
  - no_reboot_needed
  - unknown_strategy

- name: Make sure that the dconf databases are up-to-date with regards to respective
    keyfiles - Get database modification time for local
  ansible.builtin.stat:
    path: /etc/dconf/db/local
  register: local_db
  when:
  - '"gdm" in ansible_facts.packages'
  - ("kernel-default" in ansible_facts.packages or "kernel-default-base" in ansible_facts.packages)
  tags:
  - CCE-83288-1
  - DISA-STIG-SLES-15-010090
  - PCI-DSS-Req-6.2
  - PCI-DSSv4-8.2
  - PCI-DSSv4-8.2.8
  - dconf_db_up_to_date
  - high_severity
  - low_complexity
  - medium_disruption
  - no_reboot_needed
  - unknown_strategy

- name: Make sure that the dconf databases are up-to-date with regards to respective
    keyfiles - Get keyfiles for local
  ansible.builtin.find:
    paths: /etc/dconf/db/local.d/
  register: local_keyfiles
  when:
  - '"gdm" in ansible_facts.packages'
  - ("kernel-default" in ansible_facts.packages or "kernel-default-base" in ansible_facts.packages)
  tags:
  - CCE-83288-1
  - DISA-STIG-SLES-15-010090
  - PCI-DSS-Req-6.2
  - PCI-DSSv4-8.2
  - PCI-DSSv4-8.2.8
  - dconf_db_up_to_date
  - high_severity
  - low_complexity
  - medium_disruption
  - no_reboot_needed
  - unknown_strategy

- name: Make sure that the dconf databases are up-to-date with regards to respective
    keyfiles - Run dconf update for local
  ansible.builtin.command:
    cmd: dconf update
  when:
  - '"gdm" in ansible_facts.packages'
  - ("kernel-default" in ansible_facts.packages or "kernel-default-base" in ansible_facts.packages)
  - not local_db.stat.exists or local_keyfiles.files | length &gt; 0 and local_keyfiles.files
    | map(attribute='mtime') | max &gt; local_db.stat.mtime
  tags:
  - CCE-83288-1
  - DISA-STIG-SLES-15-010090
  - PCI-DSS-Req-6.2
  - PCI-DSSv4-8.2
  - PCI-DSSv4-8.2.8
  - dconf_db_up_to_date
  - high_severity
  - low_complexity
  - medium_disruption
  - no_reboot_needed
  - unknown_strategy
</fix>
          <check system="http://oval.mitre.org/XMLSchema/oval-definitions-5">
            <check-content-ref name="oval:ssg-dconf_db_up_to_date:def:1" href="ssg-sle15-oval.xml"/>
          </check>
          <check system="http://scap.nist.gov/schema/ocil/2">
            <check-content-ref name="ocil:ssg-dconf_db_up_to_date_ocil:questionnaire:1" href="ssg-sle15-ocil.xml"/>
          </check>
        </Rule>
        <Rule id="xccdf_org.ssgproject.content_rule_enable_dconf_user_profile" selected="false" role="full" severity="high">
          <title xmlns:xhtml="http://www.w3.org/1999/xhtml" xml:lang="en-US">Configure GNOME3 DConf User Profile</title>
          <description xmlns:xhtml="http://www.w3.org/1999/xhtml" xml:lang="en-US">By default, DConf provides a standard user profile. This profile contains a list
of DConf configuration databases. The user profile and database always take the
highest priority. As such the DConf User profile should always exist and be
configured correctly.
<html:br xmlns:html="http://www.w3.org/1999/xhtml"/>
        <html:br xmlns:html="http://www.w3.org/1999/xhtml"/>

To make sure that the user profile is configured correctly, the <html:code xmlns:html="http://www.w3.org/1999/xhtml">/etc/dconf/profile/gdm</html:code>
should be set as follows:
<html:pre xmlns:html="http://www.w3.org/1999/xhtml">user-db:user
system-db:gdm
</html:pre>
       </description>
          <reference href="https://www.cyber.mil/stigs/downloads/?_dl_facet_stigs=operating-systems%2Cunix-linux">SLES-15-040061</reference>
          <reference href="https://www.cisecurity.org/benchmark/suse_linux/">1.10</reference>
          <reference href="https://docs-prv.pcisecuritystandards.org/PCI%20DSS/Standard/PCI-DSS-v4_0.pdf">8.2.8</reference>
          <reference href="https://docs-prv.pcisecuritystandards.org/PCI%20DSS/Standard/PCI-DSS-v4_0.pdf">8.2</reference>
          <reference href="https://www.cyber.mil/stigs/srg-stig-tools/">SV-234989r991589_rule</reference>
          <rationale xmlns:xhtml="http://www.w3.org/1999/xhtml" xml:lang="en-US">Failure to have a functional DConf profile prevents GNOME3 configuration settings
from being enforced for all users and allows various security risks.</rationale>
          <platform idref="#system_with_kernel"/>
          <ident system="https://ncp.nist.gov/cce">CCE-83267-5</ident>
          <fix xmlns:xhtml="http://www.w3.org/1999/xhtml" id="enable_dconf_user_profile" system="urn:xccdf:fix:script:sh"># Remediation is applicable only in certain platforms
if rpm --quiet -q gdm &amp;&amp; { rpm --quiet -q kernel-default || rpm --quiet -q kernel-default-base; }; then

echo -e 'user-db:user\nsystem-db:gdm' &gt; /etc/dconf/profile/gdm

else
    &gt;&amp;2 echo 'Remediation is not applicable, nothing was done'
fi
</fix>
          <fix xmlns:xhtml="http://www.w3.org/1999/xhtml" id="enable_dconf_user_profile" system="urn:xccdf:fix:script:ansible" complexity="low" disruption="medium">- name: Gather the package facts
  package_facts:
    manager: auto
  tags:
  - CCE-83267-5
  - DISA-STIG-SLES-15-040061
  - PCI-DSSv4-8.2
  - PCI-DSSv4-8.2.8
  - enable_dconf_user_profile
  - high_severity
  - low_complexity
  - medium_disruption
  - no_reboot_needed
  - unknown_strategy

- name: Configure GNOME3 DConf User Profile
  ansible.builtin.lineinfile:
    dest: /etc/dconf/profile/gdm
    line: |-
      user-db:user
      system-db:gdm
    create: true
    state: present
  when:
  - '"gdm" in ansible_facts.packages'
  - ("kernel-default" in ansible_facts.packages or "kernel-default-base" in ansible_facts.packages)
  tags:
  - CCE-83267-5
  - DISA-STIG-SLES-15-040061
  - PCI-DSSv4-8.2
  - PCI-DSSv4-8.2.8
  - enable_dconf_user_profile
  - high_severity
  - low_complexity
  - medium_disruption
  - no_reboot_needed
  - unknown_strategy
</fix>
          <check system="http://oval.mitre.org/XMLSchema/oval-definitions-5">
            <check-content-ref name="oval:ssg-enable_dconf_user_profile:def:1" href="ssg-sle15-oval.xml"/>
          </check>
          <check system="http://scap.nist.gov/schema/ocil/2">
            <check-content-ref name="ocil:ssg-enable_dconf_user_profile_ocil:questionnaire:1" href="ssg-sle15-ocil.xml"/>
          </check>
        </Rule>
        <Group id="xccdf_org.ssgproject.content_group_gnome_login_screen">
          <title xmlns:xhtml="http://www.w3.org/1999/xhtml" xml:lang="en-US">Configure GNOME Login Screen</title>
          <description xmlns:xhtml="http://www.w3.org/1999/xhtml" xml:lang="en-US">In the default GNOME desktop, the login is displayed after system boot
and can display user accounts, allow users to reboot the system, and allow users to
login automatically and/or with a guest account. The login screen should be configured
to prevent such behavior.
<html:br xmlns:html="http://www.w3.org/1999/xhtml"/>
        <html:br xmlns:html="http://www.w3.org/1999/xhtml"/>

For more information about enforcing preferences in the GNOME3 environment using the DConf
configuration system, see <html:b xmlns:html="http://www.w3.org/1999/xhtml"><html:a href="https://access.redhat.com/documentation/en-us/red_hat_enterprise_linux/7/html/desktop_migration_and_administration_guide">https://access.redhat.com/documentation/en-us/red_hat_enterprise_linux/7/html/desktop_migration_and_administration_guide</html:a>/&gt;</html:b> and the man page <html:code xmlns:html="http://www.w3.org/1999/xhtml">dconf(1)</html:code>.</description>
          <Rule id="xccdf_org.ssgproject.content_rule_dconf_gnome_disable_user_list" selected="false" role="full" severity="medium">
            <title xmlns:xhtml="http://www.w3.org/1999/xhtml" xml:lang="en-US">Disable the GNOME3 Login User List</title>
            <description xmlns:xhtml="http://www.w3.org/1999/xhtml" xml:lang="en-US">In the default graphical environment, users logging directly into the
system are greeted with a login screen that displays all known users.
This functionality should be disabled by setting <html:code xmlns:html="http://www.w3.org/1999/xhtml">disable-user-list</html:code>
to <html:code xmlns:html="http://www.w3.org/1999/xhtml">true</html:code>.
<html:br xmlns:html="http://www.w3.org/1999/xhtml"/>
         <html:br xmlns:html="http://www.w3.org/1999/xhtml"/>
To disable, add or edit <html:code xmlns:html="http://www.w3.org/1999/xhtml">disable-user-list</html:code> to
<html:code xmlns:html="http://www.w3.org/1999/xhtml">/etc/dconf/db/gdm.d/00-security-settings</html:code>. For example:
<html:pre xmlns:html="http://www.w3.org/1999/xhtml">[org/gnome/login-screen]
disable-user-list=true</html:pre>
Once the setting has been added, add a lock to
<html:code xmlns:html="http://www.w3.org/1999/xhtml">/etc/dconf/db/gdm.d/locks/00-security-settings-lock</html:code> to prevent
user modification. For example:
<html:pre xmlns:html="http://www.w3.org/1999/xhtml">/org/gnome/login-screen/disable-user-list</html:pre>
After the settings have been set, run <html:code xmlns:html="http://www.w3.org/1999/xhtml">dconf update</html:code>.</description>
            <reference href="http://nvlpubs.nist.gov/nistpubs/SpecialPublications/NIST.SP.800-53r4.pdf">CM-6(a)</reference>
            <reference href="http://nvlpubs.nist.gov/nistpubs/SpecialPublications/NIST.SP.800-53r4.pdf">AC-23</reference>
            <reference href="https://www.cyber.mil/stigs/downloads/?_dl_facet_stigs=operating-systems%2Cgeneral-purpose-os">SRG-OS-000480-GPOS-00227</reference>
            <reference href="https://www.cisecurity.org/benchmark/suse_linux/">1.10</reference>
            <reference href="not_publicly_available">SLES-15-151200135</reference>
            <rationale xmlns:xhtml="http://www.w3.org/1999/xhtml" xml:lang="en-US">Leaving the user list enabled is a security risk since it allows anyone
with physical access to the system to quickly enumerate known user accounts
without logging in.</rationale>
            <ident system="https://ncp.nist.gov/cce">CCE-92520-6</ident>
            <fix xmlns:xhtml="http://www.w3.org/1999/xhtml" id="dconf_gnome_disable_user_list" system="urn:xccdf:fix:script:sh"># Remediation is applicable only in certain platforms
if rpm --quiet -q gdm; then

# Check for setting in any of the DConf db directories
# If files contain ibus or distro, ignore them.
# The assignment assumes that individual filenames don't contain :
readarray -t SETTINGSFILES &lt; &lt;(grep -r "\\[org/gnome/login-screen\\]" "/etc/dconf/db/" \
                                | grep -v 'distro\|ibus\|gdm.d' | cut -d":" -f1)
DCONFFILE="/etc/dconf/db/gdm.d/00-security-settings"
DBDIR="/etc/dconf/db/gdm.d"

mkdir -p "${DBDIR}"

# Comment out the configurations in databases different from the target one
if [ "${#SETTINGSFILES[@]}" -ne 0 ]
then
    if grep -q "^\\s*disable-user-list\\s*=" "${SETTINGSFILES[@]}"
    then
        
        sed -Ei "s/(^\s*)disable-user-list(\s*=)/#\1disable-user-list\2/g" "${SETTINGSFILES[@]}"
    fi
fi

[ ! -z "${DCONFFILE}" ] &amp;&amp; echo "" &gt;&gt; "${DCONFFILE}"
if ! grep -q "\\[org/gnome/login-screen\\]" "${DCONFFILE}"
then
    printf '%s\n' "[org/gnome/login-screen]" &gt;&gt; ${DCONFFILE}
fi

escaped_value="$(sed -e 's/\\/\\\\/g' &lt;&lt;&lt; "true")"
if grep -q "^\\s*disable-user-list\\s*=" "${DCONFFILE}"
then
        sed -i "s/\\s*disable-user-list\\s*=\\s*.*/disable-user-list=${escaped_value}/g" "${DCONFFILE}"
    else
        sed -i "\\|\\[org/gnome/login-screen\\]|a\\disable-user-list=${escaped_value}" "${DCONFFILE}"
fi
dconf update
# Check for setting in any of the DConf db directories
LOCKFILES=$(grep -r "^/org/gnome/login-screen/disable-user-list$" "/etc/dconf/db/" \
            | grep -v 'distro\|ibus\|gdm.d' | grep ":" | cut -d":" -f1)
LOCKSFOLDER="/etc/dconf/db/gdm.d/locks"

mkdir -p "${LOCKSFOLDER}"

# Comment out the configurations in databases different from the target one
if [[ ! -z "${LOCKFILES}" ]]
then
    sed -i -E "s|^/org/gnome/login-screen/disable-user-list$|#&amp;|" "${LOCKFILES[@]}"
fi

if ! grep -qr "^/org/gnome/login-screen/disable-user-list$" /etc/dconf/db/gdm.d/
then
    echo "/org/gnome/login-screen/disable-user-list" &gt;&gt; "/etc/dconf/db/gdm.d/locks/00-security-settings-lock"
fi
dconf update

else
    &gt;&amp;2 echo 'Remediation is not applicable, nothing was done'
fi
</fix>
            <fix xmlns:xhtml="http://www.w3.org/1999/xhtml" id="dconf_gnome_disable_user_list" system="urn:xccdf:fix:script:ansible" complexity="low" disruption="medium">- name: Gather the package facts
  package_facts:
    manager: auto
  tags:
  - CCE-92520-6
  - NIST-800-53-AC-23
  - NIST-800-53-CM-6(a)
  - dconf_gnome_disable_user_list
  - low_complexity
  - medium_disruption
  - medium_severity
  - no_reboot_needed
  - unknown_strategy

- name: Disable the GNOME3 Login User List
  community.general.ini_file:
    dest: /etc/dconf/db/gdm.d/00-security-settings
    section: org/gnome/login-screen
    option: disable-user-list
    value: 'true'
    no_extra_spaces: true
    create: true
  register: result_ini
  when: '"gdm" in ansible_facts.packages'
  tags:
  - CCE-92520-6
  - NIST-800-53-AC-23
  - NIST-800-53-CM-6(a)
  - dconf_gnome_disable_user_list
  - low_complexity
  - medium_disruption
  - medium_severity
  - no_reboot_needed
  - unknown_strategy

- name: Prevent user modification of GNOME3 disablement of Login User List
  ansible.builtin.lineinfile:
    path: /etc/dconf/db/gdm.d/locks/00-security-settings-lock
    regexp: ^/org/gnome/login-screen/disable-user-list$
    line: /org/gnome/login-screen/disable-user-list
    create: true
  register: result_lineinfile
  when: '"gdm" in ansible_facts.packages'
  tags:
  - CCE-92520-6
  - NIST-800-53-AC-23
  - NIST-800-53-CM-6(a)
  - dconf_gnome_disable_user_list
  - low_complexity
  - medium_disruption
  - medium_severity
  - no_reboot_needed
  - unknown_strategy

- name: Dconf Update
  ansible.builtin.command: dconf update
  when:
  - '"gdm" in ansible_facts.packages'
  - result_ini is changed or result_lineinfile is changed
  tags:
  - CCE-92520-6
  - NIST-800-53-AC-23
  - NIST-800-53-CM-6(a)
  - dconf_gnome_disable_user_list
  - low_complexity
  - medium_disruption
  - medium_severity
  - no_reboot_needed
  - unknown_strategy
</fix>
            <check system="http://oval.mitre.org/XMLSchema/oval-definitions-5">
              <check-content-ref name="oval:ssg-dconf_gnome_disable_user_list:def:1" href="ssg-sle15-oval.xml"/>
            </check>
            <check system="http://scap.nist.gov/schema/ocil/2">
              <check-content-ref name="ocil:ssg-dconf_gnome_disable_user_list_ocil:questionnaire:1" href="ssg-sle15-ocil.xml"/>
            </check>
          </Rule>
          <Rule id="xccdf_org.ssgproject.content_rule_gnome_gdm_disable_unattended_automatic_login" selected="false" role="full" severity="high">
            <title xmlns:xhtml="http://www.w3.org/1999/xhtml" xml:lang="en-US">Disable GDM Unattended or Automatic Login</title>
            <description xmlns:xhtml="http://www.w3.org/1999/xhtml" xml:lang="en-US">The GNOME Display Manager (GDM) can allow users to automatically login without
user interaction or credentials or unattended login. User should always be required to authenticate themselves
to the system that they are authorized to use. To disable user ability to automatically
login to the system, set the <html:code xmlns:html="http://www.w3.org/1999/xhtml">DISPLAYMANAGER_AUTOLOGIN=""</html:code>
or <html:code xmlns:html="http://www.w3.org/1999/xhtml">DISPLAYMANAGER_PASSWORD_LESS_LOGIN="no"</html:code> in the
<html:code xmlns:html="http://www.w3.org/1999/xhtml">/etc/sysconfig/displaymanager</html:code>. For example:
<html:pre xmlns:html="http://www.w3.org/1999/xhtml">DISPLAYMANAGER_AUTOLOGIN=""
DISPLAYMANAGER_PASSWORD_LESS_LOGIN="no"</html:pre>
        </description>
            <reference href="http://nvlpubs.nist.gov/nistpubs/SpecialPublications/NIST.SP.800-53r4.pdf">CM-6(b)</reference>
            <reference href="http://nvlpubs.nist.gov/nistpubs/SpecialPublications/NIST.SP.800-53r4.pdf">CM-6.1(iv)</reference>
            <reference href="https://www.cyber.mil/stigs/downloads/?_dl_facet_stigs=operating-systems%2Cgeneral-purpose-os">SRG-OS-000480-GPOS-00229</reference>
            <reference href="https://www.cyber.mil/stigs/downloads/?_dl_facet_stigs=operating-systems%2Cunix-linux">SLES-15-040430</reference>
            <reference href="https://docs-prv.pcisecuritystandards.org/PCI%20DSS/Standard/PCI-DSS-v4_0.pdf">8.3.1</reference>
            <reference href="https://docs-prv.pcisecuritystandards.org/PCI%20DSS/Standard/PCI-DSS-v4_0.pdf">8.3</reference>
            <reference href="https://www.cyber.mil/stigs/srg-stig-tools/">SV-235031r991591_rule</reference>
            <rationale xmlns:xhtml="http://www.w3.org/1999/xhtml" xml:lang="en-US">Failure to restrict system access to authenticated users negatively impacts operating
system security.</rationale>
            <ident system="https://ncp.nist.gov/cce">CCE-85723-5</ident>
            <fix xmlns:xhtml="http://www.w3.org/1999/xhtml" id="gnome_gdm_disable_unattended_automatic_login" system="urn:xccdf:fix:script:sh"># Remediation is applicable only in certain platforms
if rpm --quiet -q gdm; then

if ! (sed -n '/^DISPLAYMANAGER_AUTOLOGIN=\"\"/p' /etc/sysconfig/displaymanager)
then
  sed -i "s/^DISPLAYMANAGER_AUTOLOGIN=.*/DISPLAYMANAGER_AUTOLOGIN=\"\"/g" /etc/sysconfig/displaymanager
fi

if ! (sed -n '/^DISPLAYMANAGER_PASSWORD_LESS_LOGIN=\"no\"/p' /etc/sysconfig/displaymanager)
then
  sed -i "s/^DISPLAYMANAGER_PASSWORD_LESS_LOGIN=.*/DISPLAYMANAGER_PASSWORD_LESS_LOGIN=\"no\"/g" /etc/sysconfig/displaymanager
fi

else
    &gt;&amp;2 echo 'Remediation is not applicable, nothing was done'
fi
</fix>
            <fix xmlns:xhtml="http://www.w3.org/1999/xhtml" id="gnome_gdm_disable_unattended_automatic_login" system="urn:xccdf:fix:script:ansible" complexity="low" disruption="medium">- name: Gather the package facts
  package_facts:
    manager: auto
  tags:
  - CCE-85723-5
  - DISA-STIG-SLES-15-040430
  - NIST-800-53-CM-6(b)
  - NIST-800-53-CM-6.1(iv)
  - PCI-DSSv4-8.3
  - PCI-DSSv4-8.3.1
  - gnome_gdm_disable_unattended_automatic_login
  - high_severity
  - low_complexity
  - medium_disruption
  - no_reboot_needed
  - unknown_strategy

- name: Disable GDM Automatic Login
  community.general.ini_file:
    dest: /etc/sysconfig/displaymanager
    section: null
    option: DISPLAYMANAGER_AUTOLOGIN
    value: '""'
    no_extra_spaces: true
    create: false
  when: '"gdm" in ansible_facts.packages'
  tags:
  - CCE-85723-5
  - DISA-STIG-SLES-15-040430
  - NIST-800-53-CM-6(b)
  - NIST-800-53-CM-6.1(iv)
  - PCI-DSSv4-8.3
  - PCI-DSSv4-8.3.1
  - gnome_gdm_disable_unattended_automatic_login
  - high_severity
  - low_complexity
  - medium_disruption
  - no_reboot_needed
  - unknown_strategy

- name: Disable password less Login
  community.general.ini_file:
    dest: /etc/sysconfig/displaymanager
    section: null
    option: DISPLAYMANAGER_PASSWORD_LESS_LOGIN
    value: '"no"'
    no_extra_spaces: true
    create: false
  when: '"gdm" in ansible_facts.packages'
  tags:
  - CCE-85723-5
  - DISA-STIG-SLES-15-040430
  - NIST-800-53-CM-6(b)
  - NIST-800-53-CM-6.1(iv)
  - PCI-DSSv4-8.3
  - PCI-DSSv4-8.3.1
  - gnome_gdm_disable_unattended_automatic_login
  - high_severity
  - low_complexity
  - medium_disruption
  - no_reboot_needed
  - unknown_strategy
</fix>
            <check system="http://oval.mitre.org/XMLSchema/oval-definitions-5">
              <check-content-ref name="oval:ssg-gnome_gdm_disable_unattended_automatic_login:def:1" href="ssg-sle15-oval.xml"/>
            </check>
            <check system="http://scap.nist.gov/schema/ocil/2">
              <check-content-ref name="ocil:ssg-gnome_gdm_disable_unattended_automatic_login_ocil:questionnaire:1" href="ssg-sle15-ocil.xml"/>
            </check>
          </Rule>
          <Rule id="xccdf_org.ssgproject.content_rule_gnome_gdm_disable_xdmcp" selected="false" role="full" severity="high">
            <title xmlns:xhtml="http://www.w3.org/1999/xhtml" xml:lang="en-US">Disable XDMCP in GDM</title>
            <description xmlns:xhtml="http://www.w3.org/1999/xhtml" xml:lang="en-US">XDMCP is an unencrypted protocol, and therefore, presents a security risk, see e.g.
<html:a xmlns:html="http://www.w3.org/1999/xhtml" href="https://help.gnome.org/admin/gdm/stable/security.html.en_GB#xdmcpsecurity">XDMCP Gnome docs</html:a>.

To disable XDMCP support in Gnome, set <html:code xmlns:html="http://www.w3.org/1999/xhtml">Enable</html:code> to <html:code xmlns:html="http://www.w3.org/1999/xhtml">false</html:code> under the <html:code xmlns:html="http://www.w3.org/1999/xhtml">[xdmcp]</html:code> configuration section in <html:code xmlns:html="http://www.w3.org/1999/xhtml">/etc/gdm/custom.conf</html:code>. For example:
<html:pre xmlns:html="http://www.w3.org/1999/xhtml">
[xdmcp]
Enable=false
</html:pre>
        </description>
            <reference href="not_publicly_available">SLES-15-151200240</reference>
            <rationale xmlns:xhtml="http://www.w3.org/1999/xhtml" xml:lang="en-US">XDMCP provides unencrypted remote access through the Gnome Display Manager (GDM) which does
not provide for the confidentiality and integrity of user passwords or the
remote session. If a privileged user were to login using XDMCP, the
privileged user password could be compromised due to typed XEvents
and keystrokes will traversing over the network in clear text.</rationale>
            <ident system="https://ncp.nist.gov/cce">CCE-92563-6</ident>
            <fix xmlns:xhtml="http://www.w3.org/1999/xhtml" id="gnome_gdm_disable_xdmcp" system="urn:xccdf:fix:script:sh"># Remediation is applicable only in certain platforms
if rpm --quiet -q gdm; then

# Try find '[xdmcp]' and 'Enable' in '/etc/gdm/custom.conf', if it exists, set
# to 'false', if it isn't here, add it, if '[xdmcp]' doesn't exist, add it there
if grep -qzosP '[[:space:]]*\[xdmcp]([^\n\[]*\n+)+?[[:space:]]*Enable' '/etc/gdm/custom.conf'; then
    
    sed -i "s/Enable[^(\n)]*/Enable=false/" '/etc/gdm/custom.conf'
elif grep -qs '[[:space:]]*\[xdmcp]' '/etc/gdm/custom.conf'; then
    sed -i "/[[:space:]]*\[xdmcp]/a Enable=false" '/etc/gdm/custom.conf'
else
    if test -d "/etc/gdm"; then
        printf '%s\n' '[xdmcp]' "Enable=false" &gt;&gt; '/etc/gdm/custom.conf'
    else
        echo "Config file directory '/etc/gdm' doesnt exist, not remediating, assuming non-applicability." &gt;&amp;2
    fi
fi

else
    &gt;&amp;2 echo 'Remediation is not applicable, nothing was done'
fi
</fix>
            <check system="http://oval.mitre.org/XMLSchema/oval-definitions-5">
              <check-content-ref name="oval:ssg-gnome_gdm_disable_xdmcp:def:1" href="ssg-sle15-oval.xml"/>
            </check>
            <check system="http://scap.nist.gov/schema/ocil/2">
              <check-content-ref name="ocil:ssg-gnome_gdm_disable_xdmcp_ocil:questionnaire:1" href="ssg-sle15-ocil.xml"/>
            </check>
          </Rule>
        </Group>
        <Group id="xccdf_org.ssgproject.content_group_gnome_media_settings">
          <title xmlns:xhtml="http://www.w3.org/1999/xhtml" xml:lang="en-US">GNOME Media Settings</title>
          <description xmlns:xhtml="http://www.w3.org/1999/xhtml" xml:lang="en-US">GNOME media settings that apply to the graphical interface.</description>
          <Rule id="xccdf_org.ssgproject.content_rule_dconf_gnome_disable_automount" selected="false" role="full" severity="medium">
            <title xmlns:xhtml="http://www.w3.org/1999/xhtml" xml:lang="en-US">Disable GNOME3 Automounting</title>
            <description xmlns:xhtml="http://www.w3.org/1999/xhtml" xml:lang="en-US">The system's default desktop environment, GNOME3, will mount
devices and removable media (such as DVDs, CDs and USB flash drives) whenever
they are inserted into the system. To disable automount within GNOME3, add or set
<html:code xmlns:html="http://www.w3.org/1999/xhtml">automount</html:code> to <html:code xmlns:html="http://www.w3.org/1999/xhtml">false</html:code> in <html:code xmlns:html="http://www.w3.org/1999/xhtml">/etc/dconf/db/local.d/00-security-settings</html:code>.
For example:
<html:pre xmlns:html="http://www.w3.org/1999/xhtml">[org/gnome/desktop/media-handling]
automount=false</html:pre>
Once the settings have been added, add a lock to
<html:code xmlns:html="http://www.w3.org/1999/xhtml">/etc/dconf/db/local.d/locks/00-security-settings-lock</html:code> to prevent user modification.
For example:
<html:pre xmlns:html="http://www.w3.org/1999/xhtml">/org/gnome/desktop/media-handling/automount</html:pre>
After the settings have been set, run <html:code xmlns:html="http://www.w3.org/1999/xhtml">dconf update</html:code>.</description>
            <reference href="https://www.cisecurity.org/controls/">12</reference>
            <reference href="https://www.cisecurity.org/controls/">16</reference>
            <reference href="https://www.isaca.org/resources/cobit">APO13.01</reference>
            <reference href="https://www.isaca.org/resources/cobit">DSS01.04</reference>
            <reference href="https://www.isaca.org/resources/cobit">DSS05.03</reference>
            <reference href="https://www.isaca.org/resources/cobit">DSS05.04</reference>
            <reference href="https://www.isaca.org/resources/cobit">DSS05.05</reference>
            <reference href="https://www.isaca.org/resources/cobit">DSS05.07</reference>
            <reference href="https://www.isaca.org/resources/cobit">DSS06.03</reference>
            <reference href="http://nvlpubs.nist.gov/nistpubs/SpecialPublications/NIST.SP.800-171.pdf">3.1.7</reference>
            <reference href="https://www.isa.org/products/isa-62443-2-1-2009-security-for-industrial-automat">4.3.3.2.2</reference>
            <reference href="https://www.isa.org/products/isa-62443-2-1-2009-security-for-industrial-automat">4.3.3.5.2</reference>
            <reference href="https://www.isa.org/products/isa-62443-2-1-2009-security-for-industrial-automat">4.3.3.6.6</reference>
            <reference href="https://www.isa.org/products/isa-62443-2-1-2009-security-for-industrial-automat">4.3.3.7.2</reference>
            <reference href="https://www.isa.org/products/isa-62443-2-1-2009-security-for-industrial-automat">4.3.3.7.4</reference>
            <reference href="https://www.isa.org/products/ansi-isa-62443-3-3-99-03-03-2013-security-for-indu">SR 1.1</reference>
            <reference href="https://www.isa.org/products/ansi-isa-62443-3-3-99-03-03-2013-security-for-indu">SR 1.13</reference>
            <reference href="https://www.isa.org/products/ansi-isa-62443-3-3-99-03-03-2013-security-for-indu">SR 1.2</reference>
            <reference href="https://www.isa.org/products/ansi-isa-62443-3-3-99-03-03-2013-security-for-indu">SR 1.4</reference>
            <reference href="https://www.isa.org/products/ansi-isa-62443-3-3-99-03-03-2013-security-for-indu">SR 1.5</reference>
            <reference href="https://www.isa.org/products/ansi-isa-62443-3-3-99-03-03-2013-security-for-indu">SR 1.9</reference>
            <reference href="https://www.isa.org/products/ansi-isa-62443-3-3-99-03-03-2013-security-for-indu">SR 2.1</reference>
            <reference href="https://www.isa.org/products/ansi-isa-62443-3-3-99-03-03-2013-security-for-indu">SR 2.6</reference>
            <reference href="https://www.iso.org/contents/data/standard/05/45/54534.html">A.11.2.6</reference>
            <reference href="https://www.iso.org/contents/data/standard/05/45/54534.html">A.13.1.1</reference>
            <reference href="https://www.iso.org/contents/data/standard/05/45/54534.html">A.13.2.1</reference>
            <reference href="https://www.iso.org/contents/data/standard/05/45/54534.html">A.6.2.1</reference>
            <reference href="https://www.iso.org/contents/data/standard/05/45/54534.html">A.6.2.2</reference>
            <reference href="https://www.iso.org/contents/data/standard/05/45/54534.html">A.7.1.1</reference>
            <reference href="https://www.iso.org/contents/data/standard/05/45/54534.html">A.9.2.1</reference>
            <reference href="http://nvlpubs.nist.gov/nistpubs/SpecialPublications/NIST.SP.800-53r4.pdf">CM-7(a)</reference>
            <reference href="http://nvlpubs.nist.gov/nistpubs/SpecialPublications/NIST.SP.800-53r4.pdf">CM-7(b)</reference>
            <reference href="http://nvlpubs.nist.gov/nistpubs/SpecialPublications/NIST.SP.800-53r4.pdf">CM-6(a)</reference>
            <reference href="https://nvlpubs.nist.gov/nistpubs/CSWP/NIST.CSWP.04162018.pdf">PR.AC-3</reference>
            <reference href="https://nvlpubs.nist.gov/nistpubs/CSWP/NIST.CSWP.04162018.pdf">PR.AC-6</reference>
            <reference href="https://www.cyber.mil/stigs/downloads/?_dl_facet_stigs=operating-systems%2Cgeneral-purpose-os">SRG-OS-000114-GPOS-00059</reference>
            <reference href="https://www.cyber.mil/stigs/downloads/?_dl_facet_stigs=operating-systems%2Cgeneral-purpose-os">SRG-OS-000378-GPOS-00163</reference>
            <reference href="https://www.cyber.mil/stigs/downloads/?_dl_facet_stigs=operating-systems%2Cgeneral-purpose-os">SRG-OS-000480-GPOS-00227</reference>
            <reference href="not_publicly_available">SLES-15-151200180</reference>
            <reference href="https://docs-prv.pcisecuritystandards.org/PCI%20DSS/Standard/PCI-DSS-v4_0.pdf">3.4.2</reference>
            <reference href="https://docs-prv.pcisecuritystandards.org/PCI%20DSS/Standard/PCI-DSS-v4_0.pdf">3.4</reference>
            <rationale xmlns:xhtml="http://www.w3.org/1999/xhtml" xml:lang="en-US">Disabling automatic mounting in GNOME3 can prevent
the introduction of malware via removable media.
It will, however, also prevent desktop users from legitimate use
of removable media.</rationale>
            <ident system="https://ncp.nist.gov/cce">CCE-92491-0</ident>
            <fix xmlns:xhtml="http://www.w3.org/1999/xhtml" id="dconf_gnome_disable_automount" system="urn:xccdf:fix:script:sh"># Remediation is applicable only in certain platforms
if rpm --quiet -q gdm; then

# Check for setting in any of the DConf db directories
# If files contain ibus or distro, ignore them.
# The assignment assumes that individual filenames don't contain :
readarray -t SETTINGSFILES &lt; &lt;(grep -r "\\[org/gnome/desktop/media-handling\\]" "/etc/dconf/db/" \
                                | grep -v 'distro\|ibus\|local.d' | cut -d":" -f1)
DCONFFILE="/etc/dconf/db/local.d/00-security-settings"
DBDIR="/etc/dconf/db/local.d"

mkdir -p "${DBDIR}"

# Comment out the configurations in databases different from the target one
if [ "${#SETTINGSFILES[@]}" -ne 0 ]
then
    if grep -q "^\\s*automount\\s*=" "${SETTINGSFILES[@]}"
    then
        
        sed -Ei "s/(^\s*)automount(\s*=)/#\1automount\2/g" "${SETTINGSFILES[@]}"
    fi
fi

[ ! -z "${DCONFFILE}" ] &amp;&amp; echo "" &gt;&gt; "${DCONFFILE}"
if ! grep -q "\\[org/gnome/desktop/media-handling\\]" "${DCONFFILE}"
then
    printf '%s\n' "[org/gnome/desktop/media-handling]" &gt;&gt; ${DCONFFILE}
fi

escaped_value="$(sed -e 's/\\/\\\\/g' &lt;&lt;&lt; "false")"
if grep -q "^\\s*automount\\s*=" "${DCONFFILE}"
then
        sed -i "s/\\s*automount\\s*=\\s*.*/automount=${escaped_value}/g" "${DCONFFILE}"
    else
        sed -i "\\|\\[org/gnome/desktop/media-handling\\]|a\\automount=${escaped_value}" "${DCONFFILE}"
fi
dconf update
# Check for setting in any of the DConf db directories
LOCKFILES=$(grep -r "^/org/gnome/desktop/media-handling/automount$" "/etc/dconf/db/" \
            | grep -v 'distro\|ibus\|local.d' | grep ":" | cut -d":" -f1)
LOCKSFOLDER="/etc/dconf/db/local.d/locks"

mkdir -p "${LOCKSFOLDER}"

# Comment out the configurations in databases different from the target one
if [[ ! -z "${LOCKFILES}" ]]
then
    sed -i -E "s|^/org/gnome/desktop/media-handling/automount$|#&amp;|" "${LOCKFILES[@]}"
fi

if ! grep -qr "^/org/gnome/desktop/media-handling/automount$" /etc/dconf/db/local.d/
then
    echo "/org/gnome/desktop/media-handling/automount" &gt;&gt; "/etc/dconf/db/local.d/locks/00-security-settings-lock"
fi
dconf update

else
    &gt;&amp;2 echo 'Remediation is not applicable, nothing was done'
fi
</fix>
            <check system="http://oval.mitre.org/XMLSchema/oval-definitions-5">
              <check-content-ref name="oval:ssg-dconf_gnome_disable_automount:def:1" href="ssg-sle15-oval.xml"/>
            </check>
            <check system="http://scap.nist.gov/schema/ocil/2">
              <check-content-ref name="ocil:ssg-dconf_gnome_disable_automount_ocil:questionnaire:1" href="ssg-sle15-ocil.xml"/>
            </check>
          </Rule>
          <Rule id="xccdf_org.ssgproject.content_rule_dconf_gnome_disable_automount_open" selected="false" role="full" severity="medium">
            <title xmlns:xhtml="http://www.w3.org/1999/xhtml" xml:lang="en-US">Disable GNOME3 Automount Opening</title>
            <description xmlns:xhtml="http://www.w3.org/1999/xhtml" xml:lang="en-US">The system's default desktop environment, GNOME3, will mount
devices and removable media (such as DVDs, CDs and USB flash drives) whenever
they are inserted into the system. To disable automount-open within GNOME3, add or set
<html:code xmlns:html="http://www.w3.org/1999/xhtml">automount-open</html:code> to <html:code xmlns:html="http://www.w3.org/1999/xhtml">false</html:code> in <html:code xmlns:html="http://www.w3.org/1999/xhtml">/etc/dconf/db/local.d/00-security-settings</html:code>.
For example:
<html:pre xmlns:html="http://www.w3.org/1999/xhtml">[org/gnome/desktop/media-handling]
automount-open=false</html:pre>
Once the settings have been added, add a lock to
<html:code xmlns:html="http://www.w3.org/1999/xhtml">/etc/dconf/db/local.d/locks/00-security-settings-lock</html:code> to prevent user modification.
For example:
<html:pre xmlns:html="http://www.w3.org/1999/xhtml">/org/gnome/desktop/media-handling/automount-open</html:pre>
After the settings have been set, run <html:code xmlns:html="http://www.w3.org/1999/xhtml">dconf update</html:code>.</description>
            <reference href="https://www.cisecurity.org/controls/">12</reference>
            <reference href="https://www.cisecurity.org/controls/">16</reference>
            <reference href="https://www.isaca.org/resources/cobit">APO13.01</reference>
            <reference href="https://www.isaca.org/resources/cobit">DSS01.04</reference>
            <reference href="https://www.isaca.org/resources/cobit">DSS05.03</reference>
            <reference href="https://www.isaca.org/resources/cobit">DSS05.04</reference>
            <reference href="https://www.isaca.org/resources/cobit">DSS05.05</reference>
            <reference href="https://www.isaca.org/resources/cobit">DSS05.07</reference>
            <reference href="https://www.isaca.org/resources/cobit">DSS06.03</reference>
            <reference href="http://nvlpubs.nist.gov/nistpubs/SpecialPublications/NIST.SP.800-171.pdf">3.1.7</reference>
            <reference href="https://www.isa.org/products/isa-62443-2-1-2009-security-for-industrial-automat">4.3.3.2.2</reference>
            <reference href="https://www.isa.org/products/isa-62443-2-1-2009-security-for-industrial-automat">4.3.3.5.2</reference>
            <reference href="https://www.isa.org/products/isa-62443-2-1-2009-security-for-industrial-automat">4.3.3.6.6</reference>
            <reference href="https://www.isa.org/products/isa-62443-2-1-2009-security-for-industrial-automat">4.3.3.7.2</reference>
            <reference href="https://www.isa.org/products/isa-62443-2-1-2009-security-for-industrial-automat">4.3.3.7.4</reference>
            <reference href="https://www.isa.org/products/ansi-isa-62443-3-3-99-03-03-2013-security-for-indu">SR 1.1</reference>
            <reference href="https://www.isa.org/products/ansi-isa-62443-3-3-99-03-03-2013-security-for-indu">SR 1.13</reference>
            <reference href="https://www.isa.org/products/ansi-isa-62443-3-3-99-03-03-2013-security-for-indu">SR 1.2</reference>
            <reference href="https://www.isa.org/products/ansi-isa-62443-3-3-99-03-03-2013-security-for-indu">SR 1.4</reference>
            <reference href="https://www.isa.org/products/ansi-isa-62443-3-3-99-03-03-2013-security-for-indu">SR 1.5</reference>
            <reference href="https://www.isa.org/products/ansi-isa-62443-3-3-99-03-03-2013-security-for-indu">SR 1.9</reference>
            <reference href="https://www.isa.org/products/ansi-isa-62443-3-3-99-03-03-2013-security-for-indu">SR 2.1</reference>
            <reference href="https://www.isa.org/products/ansi-isa-62443-3-3-99-03-03-2013-security-for-indu">SR 2.6</reference>
            <reference href="https://www.iso.org/contents/data/standard/05/45/54534.html">A.11.2.6</reference>
            <reference href="https://www.iso.org/contents/data/standard/05/45/54534.html">A.13.1.1</reference>
            <reference href="https://www.iso.org/contents/data/standard/05/45/54534.html">A.13.2.1</reference>
            <reference href="https://www.iso.org/contents/data/standard/05/45/54534.html">A.6.2.1</reference>
            <reference href="https://www.iso.org/contents/data/standard/05/45/54534.html">A.6.2.2</reference>
            <reference href="https://www.iso.org/contents/data/standard/05/45/54534.html">A.7.1.1</reference>
            <reference href="https://www.iso.org/contents/data/standard/05/45/54534.html">A.9.2.1</reference>
            <reference href="http://nvlpubs.nist.gov/nistpubs/SpecialPublications/NIST.SP.800-53r4.pdf">CM-7(a)</reference>
            <reference href="http://nvlpubs.nist.gov/nistpubs/SpecialPublications/NIST.SP.800-53r4.pdf">CM-7(b)</reference>
            <reference href="http://nvlpubs.nist.gov/nistpubs/SpecialPublications/NIST.SP.800-53r4.pdf">CM-6(a)</reference>
            <reference href="https://nvlpubs.nist.gov/nistpubs/CSWP/NIST.CSWP.04162018.pdf">PR.AC-3</reference>
            <reference href="https://nvlpubs.nist.gov/nistpubs/CSWP/NIST.CSWP.04162018.pdf">PR.AC-6</reference>
            <reference href="https://www.cyber.mil/stigs/downloads/?_dl_facet_stigs=operating-systems%2Cgeneral-purpose-os">SRG-OS-000114-GPOS-00059</reference>
            <reference href="https://www.cyber.mil/stigs/downloads/?_dl_facet_stigs=operating-systems%2Cgeneral-purpose-os">SRG-OS-000378-GPOS-00163</reference>
            <reference href="https://www.cyber.mil/stigs/downloads/?_dl_facet_stigs=operating-systems%2Cgeneral-purpose-os">SRG-OS-000480-GPOS-00227</reference>
            <reference href="not_publicly_available">SLES-15-151200180</reference>
            <reference href="https://docs-prv.pcisecuritystandards.org/PCI%20DSS/Standard/PCI-DSS-v4_0.pdf">3.4.2</reference>
            <reference href="https://docs-prv.pcisecuritystandards.org/PCI%20DSS/Standard/PCI-DSS-v4_0.pdf">3.4</reference>
            <rationale xmlns:xhtml="http://www.w3.org/1999/xhtml" xml:lang="en-US">Automatically mounting file systems permits easy introduction of unknown devices, thereby facilitating malicious activity.
Disabling automatic mounting in GNOME3 can prevent
the introduction of malware via removable media.
It will, however, also prevent desktop users from legitimate use
of removable media.</rationale>
            <ident system="https://ncp.nist.gov/cce">CCE-92492-8</ident>
            <fix xmlns:xhtml="http://www.w3.org/1999/xhtml" id="dconf_gnome_disable_automount_open" system="urn:xccdf:fix:script:sh"># Remediation is applicable only in certain platforms
if rpm --quiet -q gdm; then

# Check for setting in any of the DConf db directories
# If files contain ibus or distro, ignore them.
# The assignment assumes that individual filenames don't contain :
readarray -t SETTINGSFILES &lt; &lt;(grep -r "\\[org/gnome/desktop/media-handling\\]" "/etc/dconf/db/" \
                                | grep -v 'distro\|ibus\|local.d' | cut -d":" -f1)
DCONFFILE="/etc/dconf/db/local.d/00-security-settings"
DBDIR="/etc/dconf/db/local.d"

mkdir -p "${DBDIR}"

# Comment out the configurations in databases different from the target one
if [ "${#SETTINGSFILES[@]}" -ne 0 ]
then
    if grep -q "^\\s*automount-open\\s*=" "${SETTINGSFILES[@]}"
    then
        
        sed -Ei "s/(^\s*)automount-open(\s*=)/#\1automount-open\2/g" "${SETTINGSFILES[@]}"
    fi
fi

[ ! -z "${DCONFFILE}" ] &amp;&amp; echo "" &gt;&gt; "${DCONFFILE}"
if ! grep -q "\\[org/gnome/desktop/media-handling\\]" "${DCONFFILE}"
then
    printf '%s\n' "[org/gnome/desktop/media-handling]" &gt;&gt; ${DCONFFILE}
fi

escaped_value="$(sed -e 's/\\/\\\\/g' &lt;&lt;&lt; "false")"
if grep -q "^\\s*automount-open\\s*=" "${DCONFFILE}"
then
        sed -i "s/\\s*automount-open\\s*=\\s*.*/automount-open=${escaped_value}/g" "${DCONFFILE}"
    else
        sed -i "\\|\\[org/gnome/desktop/media-handling\\]|a\\automount-open=${escaped_value}" "${DCONFFILE}"
fi
dconf update
# Check for setting in any of the DConf db directories
LOCKFILES=$(grep -r "^/org/gnome/desktop/media-handling/automount-open$" "/etc/dconf/db/" \
            | grep -v 'distro\|ibus\|local.d' | grep ":" | cut -d":" -f1)
LOCKSFOLDER="/etc/dconf/db/local.d/locks"

mkdir -p "${LOCKSFOLDER}"

# Comment out the configurations in databases different from the target one
if [[ ! -z "${LOCKFILES}" ]]
then
    sed -i -E "s|^/org/gnome/desktop/media-handling/automount-open$|#&amp;|" "${LOCKFILES[@]}"
fi

if ! grep -qr "^/org/gnome/desktop/media-handling/automount-open$" /etc/dconf/db/local.d/
then
    echo "/org/gnome/desktop/media-handling/automount-open" &gt;&gt; "/etc/dconf/db/local.d/locks/00-security-settings-lock"
fi
dconf update

else
    &gt;&amp;2 echo 'Remediation is not applicable, nothing was done'
fi
</fix>
            <check system="http://oval.mitre.org/XMLSchema/oval-definitions-5">
              <check-content-ref name="oval:ssg-dconf_gnome_disable_automount_open:def:1" href="ssg-sle15-oval.xml"/>
            </check>
            <check system="http://scap.nist.gov/schema/ocil/2">
              <check-content-ref name="ocil:ssg-dconf_gnome_disable_automount_open_ocil:questionnaire:1" href="ssg-sle15-ocil.xml"/>
            </check>
          </Rule>
          <Rule id="xccdf_org.ssgproject.content_rule_dconf_gnome_disable_autorun" selected="false" role="full" severity="low">
            <title xmlns:xhtml="http://www.w3.org/1999/xhtml" xml:lang="en-US">Disable GNOME3 Automount running</title>
            <description xmlns:xhtml="http://www.w3.org/1999/xhtml" xml:lang="en-US">The system's default desktop environment, GNOME3, will mount
devices and removable media (such as DVDs, CDs and USB flash drives) whenever
they are inserted into the system. To disable autorun-never within GNOME3, add or set
<html:code xmlns:html="http://www.w3.org/1999/xhtml">autorun-never</html:code> to <html:code xmlns:html="http://www.w3.org/1999/xhtml">true</html:code> in <html:code xmlns:html="http://www.w3.org/1999/xhtml">/etc/dconf/db/local.d/00-security-settings</html:code>.
For example:
<html:pre xmlns:html="http://www.w3.org/1999/xhtml">[org/gnome/desktop/media-handling]
autorun-never=true</html:pre>
Once the settings have been added, add a lock to
<html:code xmlns:html="http://www.w3.org/1999/xhtml">/etc/dconf/db/local.d/locks/00-security-settings-lock</html:code> to prevent user modification.
For example:
<html:pre xmlns:html="http://www.w3.org/1999/xhtml">/org/gnome/desktop/media-handling/autorun-never</html:pre>
After the settings have been set, run <html:code xmlns:html="http://www.w3.org/1999/xhtml">dconf update</html:code>.</description>
            <reference href="https://www.cisecurity.org/controls/">12</reference>
            <reference href="https://www.cisecurity.org/controls/">16</reference>
            <reference href="https://www.isaca.org/resources/cobit">APO13.01</reference>
            <reference href="https://www.isaca.org/resources/cobit">DSS01.04</reference>
            <reference href="https://www.isaca.org/resources/cobit">DSS05.03</reference>
            <reference href="https://www.isaca.org/resources/cobit">DSS05.04</reference>
            <reference href="https://www.isaca.org/resources/cobit">DSS05.05</reference>
            <reference href="https://www.isaca.org/resources/cobit">DSS05.07</reference>
            <reference href="https://www.isaca.org/resources/cobit">DSS06.03</reference>
            <reference href="http://nvlpubs.nist.gov/nistpubs/SpecialPublications/NIST.SP.800-171.pdf">3.1.7</reference>
            <reference href="https://www.isa.org/products/isa-62443-2-1-2009-security-for-industrial-automat">4.3.3.2.2</reference>
            <reference href="https://www.isa.org/products/isa-62443-2-1-2009-security-for-industrial-automat">4.3.3.5.2</reference>
            <reference href="https://www.isa.org/products/isa-62443-2-1-2009-security-for-industrial-automat">4.3.3.6.6</reference>
            <reference href="https://www.isa.org/products/isa-62443-2-1-2009-security-for-industrial-automat">4.3.3.7.2</reference>
            <reference href="https://www.isa.org/products/isa-62443-2-1-2009-security-for-industrial-automat">4.3.3.7.4</reference>
            <reference href="https://www.isa.org/products/ansi-isa-62443-3-3-99-03-03-2013-security-for-indu">SR 1.1</reference>
            <reference href="https://www.isa.org/products/ansi-isa-62443-3-3-99-03-03-2013-security-for-indu">SR 1.13</reference>
            <reference href="https://www.isa.org/products/ansi-isa-62443-3-3-99-03-03-2013-security-for-indu">SR 1.2</reference>
            <reference href="https://www.isa.org/products/ansi-isa-62443-3-3-99-03-03-2013-security-for-indu">SR 1.4</reference>
            <reference href="https://www.isa.org/products/ansi-isa-62443-3-3-99-03-03-2013-security-for-indu">SR 1.5</reference>
            <reference href="https://www.isa.org/products/ansi-isa-62443-3-3-99-03-03-2013-security-for-indu">SR 1.9</reference>
            <reference href="https://www.isa.org/products/ansi-isa-62443-3-3-99-03-03-2013-security-for-indu">SR 2.1</reference>
            <reference href="https://www.isa.org/products/ansi-isa-62443-3-3-99-03-03-2013-security-for-indu">SR 2.6</reference>
            <reference href="https://www.iso.org/contents/data/standard/05/45/54534.html">A.11.2.6</reference>
            <reference href="https://www.iso.org/contents/data/standard/05/45/54534.html">A.13.1.1</reference>
            <reference href="https://www.iso.org/contents/data/standard/05/45/54534.html">A.13.2.1</reference>
            <reference href="https://www.iso.org/contents/data/standard/05/45/54534.html">A.6.2.1</reference>
            <reference href="https://www.iso.org/contents/data/standard/05/45/54534.html">A.6.2.2</reference>
            <reference href="https://www.iso.org/contents/data/standard/05/45/54534.html">A.7.1.1</reference>
            <reference href="https://www.iso.org/contents/data/standard/05/45/54534.html">A.9.2.1</reference>
            <reference href="http://nvlpubs.nist.gov/nistpubs/SpecialPublications/NIST.SP.800-53r4.pdf">CM-7(a)</reference>
            <reference href="http://nvlpubs.nist.gov/nistpubs/SpecialPublications/NIST.SP.800-53r4.pdf">CM-7(b)</reference>
            <reference href="http://nvlpubs.nist.gov/nistpubs/SpecialPublications/NIST.SP.800-53r4.pdf">CM-6(a)</reference>
            <reference href="https://nvlpubs.nist.gov/nistpubs/CSWP/NIST.CSWP.04162018.pdf">PR.AC-3</reference>
            <reference href="https://nvlpubs.nist.gov/nistpubs/CSWP/NIST.CSWP.04162018.pdf">PR.AC-6</reference>
            <reference href="https://www.cyber.mil/stigs/downloads/?_dl_facet_stigs=operating-systems%2Cgeneral-purpose-os">SRG-OS-000114-GPOS-00059</reference>
            <reference href="https://www.cyber.mil/stigs/downloads/?_dl_facet_stigs=operating-systems%2Cgeneral-purpose-os">SRG-OS-000378-GPOS-00163</reference>
            <reference href="https://www.cyber.mil/stigs/downloads/?_dl_facet_stigs=operating-systems%2Cgeneral-purpose-os">SRG-OS-000480-GPOS-00227</reference>
            <reference href="not_publicly_available">SLES-15-151200210</reference>
            <rationale xmlns:xhtml="http://www.w3.org/1999/xhtml" xml:lang="en-US">Automatically mounting file systems permits easy introduction of unknown devices, thereby facilitating malicious activity.
Disabling automatic mount running in GNOME3 can prevent
the introduction of malware via removable media.
It will, however, also prevent desktop users from legitimate use
of removable media.</rationale>
            <ident system="https://ncp.nist.gov/cce">CCE-92493-6</ident>
            <fix xmlns:xhtml="http://www.w3.org/1999/xhtml" id="dconf_gnome_disable_autorun" system="urn:xccdf:fix:script:sh"># Remediation is applicable only in certain platforms
if rpm --quiet -q gdm; then

# Check for setting in any of the DConf db directories
# If files contain ibus or distro, ignore them.
# The assignment assumes that individual filenames don't contain :
readarray -t SETTINGSFILES &lt; &lt;(grep -r "\\[org/gnome/desktop/media-handling\\]" "/etc/dconf/db/" \
                                | grep -v 'distro\|ibus\|local.d' | cut -d":" -f1)
DCONFFILE="/etc/dconf/db/local.d/00-security-settings"
DBDIR="/etc/dconf/db/local.d"

mkdir -p "${DBDIR}"

# Comment out the configurations in databases different from the target one
if [ "${#SETTINGSFILES[@]}" -ne 0 ]
then
    if grep -q "^\\s*autorun-never\\s*=" "${SETTINGSFILES[@]}"
    then
        
        sed -Ei "s/(^\s*)autorun-never(\s*=)/#\1autorun-never\2/g" "${SETTINGSFILES[@]}"
    fi
fi

[ ! -z "${DCONFFILE}" ] &amp;&amp; echo "" &gt;&gt; "${DCONFFILE}"
if ! grep -q "\\[org/gnome/desktop/media-handling\\]" "${DCONFFILE}"
then
    printf '%s\n' "[org/gnome/desktop/media-handling]" &gt;&gt; ${DCONFFILE}
fi

escaped_value="$(sed -e 's/\\/\\\\/g' &lt;&lt;&lt; "true")"
if grep -q "^\\s*autorun-never\\s*=" "${DCONFFILE}"
then
        sed -i "s/\\s*autorun-never\\s*=\\s*.*/autorun-never=${escaped_value}/g" "${DCONFFILE}"
    else
        sed -i "\\|\\[org/gnome/desktop/media-handling\\]|a\\autorun-never=${escaped_value}" "${DCONFFILE}"
fi
dconf update
# Check for setting in any of the DConf db directories
LOCKFILES=$(grep -r "^/org/gnome/desktop/media-handling/autorun-never$" "/etc/dconf/db/" \
            | grep -v 'distro\|ibus\|local.d' | grep ":" | cut -d":" -f1)
LOCKSFOLDER="/etc/dconf/db/local.d/locks"

mkdir -p "${LOCKSFOLDER}"

# Comment out the configurations in databases different from the target one
if [[ ! -z "${LOCKFILES}" ]]
then
    sed -i -E "s|^/org/gnome/desktop/media-handling/autorun-never$|#&amp;|" "${LOCKFILES[@]}"
fi

if ! grep -qr "^/org/gnome/desktop/media-handling/autorun-never$" /etc/dconf/db/local.d/
then
    echo "/org/gnome/desktop/media-handling/autorun-never" &gt;&gt; "/etc/dconf/db/local.d/locks/00-security-settings-lock"
fi
dconf update

else
    &gt;&amp;2 echo 'Remediation is not applicable, nothing was done'
fi
</fix>
            <check system="http://oval.mitre.org/XMLSchema/oval-definitions-5">
              <check-content-ref name="oval:ssg-dconf_gnome_disable_autorun:def:1" href="ssg-sle15-oval.xml"/>
            </check>
            <check system="http://scap.nist.gov/schema/ocil/2">
              <check-content-ref name="ocil:ssg-dconf_gnome_disable_autorun_ocil:questionnaire:1" href="ssg-sle15-ocil.xml"/>
            </check>
          </Rule>
        </Group>
        <Group id="xccdf_org.ssgproject.content_group_gnome_remote_access_settings">
          <title xmlns:xhtml="http://www.w3.org/1999/xhtml" xml:lang="en-US">GNOME Remote Access Settings</title>
          <description xmlns:xhtml="http://www.w3.org/1999/xhtml" xml:lang="en-US">GNOME remote access settings that apply to the graphical interface.</description>
          <Rule id="xccdf_org.ssgproject.content_rule_dconf_gnome_remote_access_credential_prompt" selected="false" role="full" severity="medium">
            <title xmlns:xhtml="http://www.w3.org/1999/xhtml" xml:lang="en-US">Require Credential Prompting for Remote Access in GNOME3</title>
            <description xmlns:xhtml="http://www.w3.org/1999/xhtml" xml:lang="en-US">By default, <html:code xmlns:html="http://www.w3.org/1999/xhtml">GNOME</html:code> does not require credentials when using <html:code xmlns:html="http://www.w3.org/1999/xhtml">Vino</html:code> for
remote access. To configure the system to require remote credentials, add or set
<html:code xmlns:html="http://www.w3.org/1999/xhtml">authentication-methods</html:code> to <html:code xmlns:html="http://www.w3.org/1999/xhtml">['vnc']</html:code> in
<html:code xmlns:html="http://www.w3.org/1999/xhtml">/etc/dconf/db/local.d/00-security-settings</html:code>. For example:
<html:pre xmlns:html="http://www.w3.org/1999/xhtml">[org/gnome/Vino]
authentication-methods=['vnc']
</html:pre>
Once the settings have been added, add a lock to
<html:code xmlns:html="http://www.w3.org/1999/xhtml">/etc/dconf/db/local.d/locks/00-security-settings-lock</html:code> to prevent user modification.
For example:
<html:pre xmlns:html="http://www.w3.org/1999/xhtml">/org/gnome/Vino/authentication-methods</html:pre>
After the settings have been set, run <html:code xmlns:html="http://www.w3.org/1999/xhtml">dconf update</html:code>.</description>
            <reference href="http://nvlpubs.nist.gov/nistpubs/SpecialPublications/NIST.SP.800-171.pdf">3.1.12</reference>
            <reference href="https://www.gpo.gov/fdsys/pkg/CFR-2007-title45-vol1/pdf/CFR-2007-title45-vol1-chapA-subchapC.pdf">164.308(a)(4)(i)</reference>
            <reference href="https://www.gpo.gov/fdsys/pkg/CFR-2007-title45-vol1/pdf/CFR-2007-title45-vol1-chapA-subchapC.pdf">164.308(b)(1)</reference>
            <reference href="https://www.gpo.gov/fdsys/pkg/CFR-2007-title45-vol1/pdf/CFR-2007-title45-vol1-chapA-subchapC.pdf">164.308(b)(3)</reference>
            <reference href="https://www.gpo.gov/fdsys/pkg/CFR-2007-title45-vol1/pdf/CFR-2007-title45-vol1-chapA-subchapC.pdf">164.310(b)</reference>
            <reference href="https://www.gpo.gov/fdsys/pkg/CFR-2007-title45-vol1/pdf/CFR-2007-title45-vol1-chapA-subchapC.pdf">164.312(e)(1)</reference>
            <reference href="https://www.gpo.gov/fdsys/pkg/CFR-2007-title45-vol1/pdf/CFR-2007-title45-vol1-chapA-subchapC.pdf">164.312(e)(2)(ii)</reference>
            <rationale xmlns:xhtml="http://www.w3.org/1999/xhtml" xml:lang="en-US">Username and password prompting is required for remote access. Otherwise, non-authorized
and nefarious users can access the system freely.</rationale>
            <ident system="https://ncp.nist.gov/cce">CCE-85777-1</ident>
            <fix xmlns:xhtml="http://www.w3.org/1999/xhtml" id="dconf_gnome_remote_access_credential_prompt" system="urn:xccdf:fix:script:sh"># Remediation is applicable only in certain platforms
if rpm --quiet -q gdm; then

# Check for setting in any of the DConf db directories
# If files contain ibus or distro, ignore them.
# The assignment assumes that individual filenames don't contain :
readarray -t SETTINGSFILES &lt; &lt;(grep -r "\\[org/gnome/Vino\\]" "/etc/dconf/db/" \
                                | grep -v 'distro\|ibus\|local.d' | cut -d":" -f1)
DCONFFILE="/etc/dconf/db/local.d/00-security-settings"
DBDIR="/etc/dconf/db/local.d"

mkdir -p "${DBDIR}"

# Comment out the configurations in databases different from the target one
if [ "${#SETTINGSFILES[@]}" -ne 0 ]
then
    if grep -q "^\\s*authentication-methods\\s*=" "${SETTINGSFILES[@]}"
    then
        
        sed -Ei "s/(^\s*)authentication-methods(\s*=)/#\1authentication-methods\2/g" "${SETTINGSFILES[@]}"
    fi
fi

[ ! -z "${DCONFFILE}" ] &amp;&amp; echo "" &gt;&gt; "${DCONFFILE}"
if ! grep -q "\\[org/gnome/Vino\\]" "${DCONFFILE}"
then
    printf '%s\n' "[org/gnome/Vino]" &gt;&gt; ${DCONFFILE}
fi

escaped_value="$(sed -e 's/\\/\\\\/g' &lt;&lt;&lt; "['vnc']")"
if grep -q "^\\s*authentication-methods\\s*=" "${DCONFFILE}"
then
        sed -i "s/\\s*authentication-methods\\s*=\\s*.*/authentication-methods=${escaped_value}/g" "${DCONFFILE}"
    else
        sed -i "\\|\\[org/gnome/Vino\\]|a\\authentication-methods=${escaped_value}" "${DCONFFILE}"
fi
dconf update
# Check for setting in any of the DConf db directories
LOCKFILES=$(grep -r "^/org/gnome/Vino/authentication-methods$" "/etc/dconf/db/" \
            | grep -v 'distro\|ibus\|local.d' | grep ":" | cut -d":" -f1)
LOCKSFOLDER="/etc/dconf/db/local.d/locks"

mkdir -p "${LOCKSFOLDER}"

# Comment out the configurations in databases different from the target one
if [[ ! -z "${LOCKFILES}" ]]
then
    sed -i -E "s|^/org/gnome/Vino/authentication-methods$|#&amp;|" "${LOCKFILES[@]}"
fi

if ! grep -qr "^/org/gnome/Vino/authentication-methods$" /etc/dconf/db/local.d/
then
    echo "/org/gnome/Vino/authentication-methods" &gt;&gt; "/etc/dconf/db/local.d/locks/00-security-settings-lock"
fi
dconf update

else
    &gt;&amp;2 echo 'Remediation is not applicable, nothing was done'
fi
</fix>
            <fix xmlns:xhtml="http://www.w3.org/1999/xhtml" id="dconf_gnome_remote_access_credential_prompt" system="urn:xccdf:fix:script:ansible" complexity="low" disruption="medium">- name: Gather the package facts
  package_facts:
    manager: auto
  tags:
  - CCE-85777-1
  - NIST-800-171-3.1.12
  - dconf_gnome_remote_access_credential_prompt
  - low_complexity
  - medium_disruption
  - medium_severity
  - no_reboot_needed
  - unknown_strategy

- name: Require Credential Prompting for Remote Access in GNOME3
  community.general.ini_file:
    dest: /etc/dconf/db/local.d/00-security-settings
    section: org/gnome/Vino
    option: authentication-methods
    value: '[''vnc'']'
    create: true
    no_extra_spaces: true
  register: result_ini
  when: '"gdm" in ansible_facts.packages'
  tags:
  - CCE-85777-1
  - NIST-800-171-3.1.12
  - dconf_gnome_remote_access_credential_prompt
  - low_complexity
  - medium_disruption
  - medium_severity
  - no_reboot_needed
  - unknown_strategy

- name: Prevent user modification of GNOME3 Credential Prompting for Remote Access
  ansible.builtin.lineinfile:
    path: /etc/dconf/db/local.d/locks/00-security-settings-lock
    regexp: ^/org/gnome/Vino/authentication-methods$
    line: /org/gnome/Vino/authentication-methods
    create: true
  register: result_lineinfile
  when: '"gdm" in ansible_facts.packages'
  tags:
  - CCE-85777-1
  - NIST-800-171-3.1.12
  - dconf_gnome_remote_access_credential_prompt
  - low_complexity
  - medium_disruption
  - medium_severity
  - no_reboot_needed
  - unknown_strategy

- name: Dconf Update
  ansible.builtin.command: dconf update
  when:
  - '"gdm" in ansible_facts.packages'
  - result_ini is changed or result_lineinfile is changed
  tags:
  - CCE-85777-1
  - NIST-800-171-3.1.12
  - dconf_gnome_remote_access_credential_prompt
  - low_complexity
  - medium_disruption
  - medium_severity
  - no_reboot_needed
  - unknown_strategy
</fix>
            <check system="http://oval.mitre.org/XMLSchema/oval-definitions-5">
              <check-content-ref name="oval:ssg-dconf_gnome_remote_access_credential_prompt:def:1" href="ssg-sle15-oval.xml"/>
            </check>
            <check system="http://scap.nist.gov/schema/ocil/2">
              <check-content-ref name="ocil:ssg-dconf_gnome_remote_access_credential_prompt_ocil:questionnaire:1" href="ssg-sle15-ocil.xml"/>
            </check>
          </Rule>
          <Rule id="xccdf_org.ssgproject.content_rule_dconf_gnome_remote_access_encryption" selected="false" role="full" severity="medium">
            <title xmlns:xhtml="http://www.w3.org/1999/xhtml" xml:lang="en-US">Require Encryption for Remote Access in GNOME3</title>
            <description xmlns:xhtml="http://www.w3.org/1999/xhtml" xml:lang="en-US">By default, <html:code xmlns:html="http://www.w3.org/1999/xhtml">GNOME</html:code> requires encryption when using <html:code xmlns:html="http://www.w3.org/1999/xhtml">Vino</html:code> for remote access.
To prevent remote access encryption from being disabled, add or set
<html:code xmlns:html="http://www.w3.org/1999/xhtml">require-encryption</html:code> to <html:code xmlns:html="http://www.w3.org/1999/xhtml">true</html:code> in
<html:code xmlns:html="http://www.w3.org/1999/xhtml">/etc/dconf/db/local.d/00-security-settings</html:code>. For example:
<html:pre xmlns:html="http://www.w3.org/1999/xhtml">[org/gnome/Vino]
require-encryption=true
</html:pre>
Once the settings have been added, add a lock to
<html:code xmlns:html="http://www.w3.org/1999/xhtml">/etc/dconf/db/local.d/locks/00-security-settings-lock</html:code> to prevent user modification.
For example:
<html:pre xmlns:html="http://www.w3.org/1999/xhtml">/org/gnome/Vino/require-encryption</html:pre>
After the settings have been set, run <html:code xmlns:html="http://www.w3.org/1999/xhtml">dconf update</html:code>.</description>
            <reference href="https://www.cisecurity.org/controls/">1</reference>
            <reference href="https://www.cisecurity.org/controls/">11</reference>
            <reference href="https://www.cisecurity.org/controls/">12</reference>
            <reference href="https://www.cisecurity.org/controls/">13</reference>
            <reference href="https://www.cisecurity.org/controls/">15</reference>
            <reference href="https://www.cisecurity.org/controls/">16</reference>
            <reference href="https://www.cisecurity.org/controls/">18</reference>
            <reference href="https://www.cisecurity.org/controls/">20</reference>
            <reference href="https://www.cisecurity.org/controls/">3</reference>
            <reference href="https://www.cisecurity.org/controls/">4</reference>
            <reference href="https://www.cisecurity.org/controls/">6</reference>
            <reference href="https://www.cisecurity.org/controls/">9</reference>
            <reference href="https://www.isaca.org/resources/cobit">BAI03.08</reference>
            <reference href="https://www.isaca.org/resources/cobit">BAI07.04</reference>
            <reference href="https://www.isaca.org/resources/cobit">BAI10.01</reference>
            <reference href="https://www.isaca.org/resources/cobit">BAI10.02</reference>
            <reference href="https://www.isaca.org/resources/cobit">BAI10.03</reference>
            <reference href="https://www.isaca.org/resources/cobit">BAI10.05</reference>
            <reference href="https://www.isaca.org/resources/cobit">DSS03.01</reference>
            <reference href="http://nvlpubs.nist.gov/nistpubs/SpecialPublications/NIST.SP.800-171.pdf">3.1.13</reference>
            <reference href="https://www.gpo.gov/fdsys/pkg/CFR-2007-title45-vol1/pdf/CFR-2007-title45-vol1-chapA-subchapC.pdf">164.308(a)(4)(i)</reference>
            <reference href="https://www.gpo.gov/fdsys/pkg/CFR-2007-title45-vol1/pdf/CFR-2007-title45-vol1-chapA-subchapC.pdf">164.308(b)(1)</reference>
            <reference href="https://www.gpo.gov/fdsys/pkg/CFR-2007-title45-vol1/pdf/CFR-2007-title45-vol1-chapA-subchapC.pdf">164.308(b)(3)</reference>
            <reference href="https://www.gpo.gov/fdsys/pkg/CFR-2007-title45-vol1/pdf/CFR-2007-title45-vol1-chapA-subchapC.pdf">164.310(b)</reference>
            <reference href="https://www.gpo.gov/fdsys/pkg/CFR-2007-title45-vol1/pdf/CFR-2007-title45-vol1-chapA-subchapC.pdf">164.312(e)(1)</reference>
            <reference href="https://www.gpo.gov/fdsys/pkg/CFR-2007-title45-vol1/pdf/CFR-2007-title45-vol1-chapA-subchapC.pdf">164.312(e)(2)(ii)</reference>
            <reference href="https://www.isa.org/products/isa-62443-2-1-2009-security-for-industrial-automat">4.3.4.3.2</reference>
            <reference href="https://www.isa.org/products/isa-62443-2-1-2009-security-for-industrial-automat">4.3.4.3.3</reference>
            <reference href="https://www.isa.org/products/isa-62443-2-1-2009-security-for-industrial-automat">4.4.3.3</reference>
            <reference href="https://www.isa.org/products/ansi-isa-62443-3-3-99-03-03-2013-security-for-indu">SR 7.6</reference>
            <reference href="https://www.iso.org/contents/data/standard/05/45/54534.html">A.12.1.1</reference>
            <reference href="https://www.iso.org/contents/data/standard/05/45/54534.html">A.12.1.2</reference>
            <reference href="https://www.iso.org/contents/data/standard/05/45/54534.html">A.12.1.4</reference>
            <reference href="https://www.iso.org/contents/data/standard/05/45/54534.html">A.12.5.1</reference>
            <reference href="https://www.iso.org/contents/data/standard/05/45/54534.html">A.12.6.2</reference>
            <reference href="https://www.iso.org/contents/data/standard/05/45/54534.html">A.13.1.1</reference>
            <reference href="https://www.iso.org/contents/data/standard/05/45/54534.html">A.13.1.2</reference>
            <reference href="https://www.iso.org/contents/data/standard/05/45/54534.html">A.14.2.2</reference>
            <reference href="https://www.iso.org/contents/data/standard/05/45/54534.html">A.14.2.3</reference>
            <reference href="https://www.iso.org/contents/data/standard/05/45/54534.html">A.14.2.4</reference>
            <reference href="http://nvlpubs.nist.gov/nistpubs/SpecialPublications/NIST.SP.800-53r4.pdf">CM-6(a)</reference>
            <reference href="http://nvlpubs.nist.gov/nistpubs/SpecialPublications/NIST.SP.800-53r4.pdf">AC-17(a)</reference>
            <reference href="http://nvlpubs.nist.gov/nistpubs/SpecialPublications/NIST.SP.800-53r4.pdf">AC-17(2)</reference>
            <reference href="https://nvlpubs.nist.gov/nistpubs/CSWP/NIST.CSWP.04162018.pdf">DE.AE-1</reference>
            <reference href="https://nvlpubs.nist.gov/nistpubs/CSWP/NIST.CSWP.04162018.pdf">PR.DS-7</reference>
            <reference href="https://nvlpubs.nist.gov/nistpubs/CSWP/NIST.CSWP.04162018.pdf">PR.IP-1</reference>
            <reference href="https://www.cyber.mil/stigs/downloads/?_dl_facet_stigs=operating-systems%2Cgeneral-purpose-os">SRG-OS-000480-GPOS-00227</reference>
            <rationale xmlns:xhtml="http://www.w3.org/1999/xhtml" xml:lang="en-US">Open X displays allow an attacker to capture keystrokes and to execute commands
remotely.</rationale>
            <ident system="https://ncp.nist.gov/cce">CCE-85822-5</ident>
            <fix xmlns:xhtml="http://www.w3.org/1999/xhtml" id="dconf_gnome_remote_access_encryption" system="urn:xccdf:fix:script:sh"># Remediation is applicable only in certain platforms
if rpm --quiet -q gdm; then

# Check for setting in any of the DConf db directories
# If files contain ibus or distro, ignore them.
# The assignment assumes that individual filenames don't contain :
readarray -t SETTINGSFILES &lt; &lt;(grep -r "\\[org/gnome/Vino\\]" "/etc/dconf/db/" \
                                | grep -v 'distro\|ibus\|local.d' | cut -d":" -f1)
DCONFFILE="/etc/dconf/db/local.d/00-security-settings"
DBDIR="/etc/dconf/db/local.d"

mkdir -p "${DBDIR}"

# Comment out the configurations in databases different from the target one
if [ "${#SETTINGSFILES[@]}" -ne 0 ]
then
    if grep -q "^\\s*require-encryption\\s*=" "${SETTINGSFILES[@]}"
    then
        
        sed -Ei "s/(^\s*)require-encryption(\s*=)/#\1require-encryption\2/g" "${SETTINGSFILES[@]}"
    fi
fi

[ ! -z "${DCONFFILE}" ] &amp;&amp; echo "" &gt;&gt; "${DCONFFILE}"
if ! grep -q "\\[org/gnome/Vino\\]" "${DCONFFILE}"
then
    printf '%s\n' "[org/gnome/Vino]" &gt;&gt; ${DCONFFILE}
fi

escaped_value="$(sed -e 's/\\/\\\\/g' &lt;&lt;&lt; "true")"
if grep -q "^\\s*require-encryption\\s*=" "${DCONFFILE}"
then
        sed -i "s/\\s*require-encryption\\s*=\\s*.*/require-encryption=${escaped_value}/g" "${DCONFFILE}"
    else
        sed -i "\\|\\[org/gnome/Vino\\]|a\\require-encryption=${escaped_value}" "${DCONFFILE}"
fi
dconf update
# Check for setting in any of the DConf db directories
LOCKFILES=$(grep -r "^/org/gnome/Vino/require-encryption$" "/etc/dconf/db/" \
            | grep -v 'distro\|ibus\|local.d' | grep ":" | cut -d":" -f1)
LOCKSFOLDER="/etc/dconf/db/local.d/locks"

mkdir -p "${LOCKSFOLDER}"

# Comment out the configurations in databases different from the target one
if [[ ! -z "${LOCKFILES}" ]]
then
    sed -i -E "s|^/org/gnome/Vino/require-encryption$|#&amp;|" "${LOCKFILES[@]}"
fi

if ! grep -qr "^/org/gnome/Vino/require-encryption$" /etc/dconf/db/local.d/
then
    echo "/org/gnome/Vino/require-encryption" &gt;&gt; "/etc/dconf/db/local.d/locks/00-security-settings-lock"
fi
dconf update

else
    &gt;&amp;2 echo 'Remediation is not applicable, nothing was done'
fi
</fix>
            <fix xmlns:xhtml="http://www.w3.org/1999/xhtml" id="dconf_gnome_remote_access_encryption" system="urn:xccdf:fix:script:ansible" complexity="low" disruption="medium">- name: Gather the package facts
  package_facts:
    manager: auto
  tags:
  - CCE-85822-5
  - NIST-800-171-3.1.13
  - NIST-800-53-AC-17(2)
  - NIST-800-53-AC-17(a)
  - NIST-800-53-CM-6(a)
  - dconf_gnome_remote_access_encryption
  - low_complexity
  - medium_disruption
  - medium_severity
  - no_reboot_needed
  - unknown_strategy

- name: Require Encryption for Remote Access in GNOME3
  community.general.ini_file:
    dest: /etc/dconf/db/local.d/00-security-settings
    section: org/gnome/Vino
    option: require-encryption
    value: 'true'
    create: true
    no_extra_spaces: true
  register: result_ini
  when: '"gdm" in ansible_facts.packages'
  tags:
  - CCE-85822-5
  - NIST-800-171-3.1.13
  - NIST-800-53-AC-17(2)
  - NIST-800-53-AC-17(a)
  - NIST-800-53-CM-6(a)
  - dconf_gnome_remote_access_encryption
  - low_complexity
  - medium_disruption
  - medium_severity
  - no_reboot_needed
  - unknown_strategy

- name: Prevent user modification of GNOME3 Encryption for Remote Access
  ansible.builtin.lineinfile:
    path: /etc/dconf/db/local.d/locks/00-security-settings-lock
    regexp: ^/org/gnome/Vino/require-encryption$
    line: /org/gnome/Vino/require-encryption
    create: true
  register: result_lineinfile
  when: '"gdm" in ansible_facts.packages'
  tags:
  - CCE-85822-5
  - NIST-800-171-3.1.13
  - NIST-800-53-AC-17(2)
  - NIST-800-53-AC-17(a)
  - NIST-800-53-CM-6(a)
  - dconf_gnome_remote_access_encryption
  - low_complexity
  - medium_disruption
  - medium_severity
  - no_reboot_needed
  - unknown_strategy

- name: Dconf Update
  ansible.builtin.command: dconf update
  when:
  - '"gdm" in ansible_facts.packages'
  - result_ini is changed or result_lineinfile is changed
  tags:
  - CCE-85822-5
  - NIST-800-171-3.1.13
  - NIST-800-53-AC-17(2)
  - NIST-800-53-AC-17(a)
  - NIST-800-53-CM-6(a)
  - dconf_gnome_remote_access_encryption
  - low_complexity
  - medium_disruption
  - medium_severity
  - no_reboot_needed
  - unknown_strategy
</fix>
            <check system="http://oval.mitre.org/XMLSchema/oval-definitions-5">
              <check-content-ref name="oval:ssg-dconf_gnome_remote_access_encryption:def:1" href="ssg-sle15-oval.xml"/>
            </check>
            <check system="http://scap.nist.gov/schema/ocil/2">
              <check-content-ref name="ocil:ssg-dconf_gnome_remote_access_encryption_ocil:questionnaire:1" href="ssg-sle15-ocil.xml"/>
            </check>
          </Rule>
        </Group>
        <Group id="xccdf_org.ssgproject.content_group_gnome_screen_locking">
          <title xmlns:xhtml="http://www.w3.org/1999/xhtml" xml:lang="en-US">Configure GNOME Screen Locking</title>
          <description xmlns:xhtml="http://www.w3.org/1999/xhtml" xml:lang="en-US">In the default GNOME3 desktop, the screen can be locked
by selecting the user name in the far right corner of the main panel and
selecting <html:b xmlns:html="http://www.w3.org/1999/xhtml">Lock</html:b>.
<html:br xmlns:html="http://www.w3.org/1999/xhtml"/>
        <html:br xmlns:html="http://www.w3.org/1999/xhtml"/>
The following sections detail commands to enforce idle activation of the screensaver,
screen locking, a blank-screen screensaver, and an idle activation time.
<html:br xmlns:html="http://www.w3.org/1999/xhtml"/>
        <html:br xmlns:html="http://www.w3.org/1999/xhtml"/>
Because users should be trained to lock the screen when they
step away from the computer, the automatic locking feature is only
meant as a backup.
<html:br xmlns:html="http://www.w3.org/1999/xhtml"/>
        <html:br xmlns:html="http://www.w3.org/1999/xhtml"/>
The root account can be screen-locked; however, the root account should
<html:i xmlns:html="http://www.w3.org/1999/xhtml">never</html:i> be used to log into an X Windows environment and should only
be used to for direct login via console in emergency circumstances.
<html:br xmlns:html="http://www.w3.org/1999/xhtml"/>
        <html:br xmlns:html="http://www.w3.org/1999/xhtml"/>
For more information about enforcing preferences in the GNOME3 environment using the DConf
configuration system, see <html:b xmlns:html="http://www.w3.org/1999/xhtml"><html:a href="http://wiki.gnome.org/dconf">http://wiki.gnome.org/dconf</html:a></html:b> and
the man page <html:code xmlns:html="http://www.w3.org/1999/xhtml">dconf(1)</html:code>.</description>
          <Value id="xccdf_org.ssgproject.content_value_inactivity_timeout_value" type="number">
            <title xmlns:xhtml="http://www.w3.org/1999/xhtml" xml:lang="en-US">Screensaver Inactivity timeout</title>
            <description xmlns:xhtml="http://www.w3.org/1999/xhtml" xml:lang="en-US">Choose allowed duration (in seconds) of inactive graphical sessions</description>
            <value selector="10_minutes">600</value>
            <value selector="15_minutes">900</value>
            <value selector="30_minutes">1800</value>
            <value selector="5_minutes">300</value>
            <value>900</value>
          </Value>
          <Value id="xccdf_org.ssgproject.content_value_var_screensaver_lock_delay" type="number">
            <title xmlns:xhtml="http://www.w3.org/1999/xhtml" xml:lang="en-US">Screensaver Lock Delay</title>
            <description xmlns:xhtml="http://www.w3.org/1999/xhtml" xml:lang="en-US">Choose allowed duration (in seconds) after a screensaver becomes active before displaying an authentication prompt</description>
            <value selector="10_seconds">10</value>
            <value selector="5_seconds">5</value>
            <value>0</value>
            <value selector="immediate">0</value>
          </Value>
          <Rule id="xccdf_org.ssgproject.content_rule_dconf_gnome_screensaver_idle_activation_enabled" selected="false" role="full" severity="medium">
            <title xmlns:xhtml="http://www.w3.org/1999/xhtml" xml:lang="en-US">Enable GNOME3 Screensaver Idle Activation</title>
            <description xmlns:xhtml="http://www.w3.org/1999/xhtml" xml:lang="en-US">To activate the screensaver in the GNOME3 desktop after a period of inactivity,
add or set <html:code xmlns:html="http://www.w3.org/1999/xhtml">idle-activation-enabled</html:code> to <html:code xmlns:html="http://www.w3.org/1999/xhtml">true</html:code> in
<html:code xmlns:html="http://www.w3.org/1999/xhtml">/etc/dconf/db/local.d/00-security-settings</html:code>. For example:
<html:pre xmlns:html="http://www.w3.org/1999/xhtml">[org/gnome/desktop/screensaver]
idle-activation-enabled=true</html:pre>
Once the setting has been added, add a lock to
<html:code xmlns:html="http://www.w3.org/1999/xhtml">/etc/dconf/db/local.d/locks/00-security-settings-lock</html:code> to prevent user modification.
For example:
<html:pre xmlns:html="http://www.w3.org/1999/xhtml">/org/gnome/desktop/screensaver/idle-activation-enabled</html:pre>
After the settings have been set, run <html:code xmlns:html="http://www.w3.org/1999/xhtml">dconf update</html:code>.</description>
            <reference href="https://www.cisecurity.org/controls/">1</reference>
            <reference href="https://www.cisecurity.org/controls/">12</reference>
            <reference href="https://www.cisecurity.org/controls/">15</reference>
            <reference href="https://www.cisecurity.org/controls/">16</reference>
            <reference href="https://www.fbi.gov/file-repository/cjis-security-policy-v5_5_20160601-2-1.pdf">5.5.5</reference>
            <reference href="https://www.isaca.org/resources/cobit">DSS05.04</reference>
            <reference href="https://www.isaca.org/resources/cobit">DSS05.10</reference>
            <reference href="https://www.isaca.org/resources/cobit">DSS06.10</reference>
            <reference href="http://nvlpubs.nist.gov/nistpubs/SpecialPublications/NIST.SP.800-171.pdf">3.1.10</reference>
            <reference href="https://www.isa.org/products/isa-62443-2-1-2009-security-for-industrial-automat">4.3.3.6.1</reference>
            <reference href="https://www.isa.org/products/isa-62443-2-1-2009-security-for-industrial-automat">4.3.3.6.2</reference>
            <reference href="https://www.isa.org/products/isa-62443-2-1-2009-security-for-industrial-automat">4.3.3.6.3</reference>
            <reference href="https://www.isa.org/products/isa-62443-2-1-2009-security-for-industrial-automat">4.3.3.6.4</reference>
            <reference href="https://www.isa.org/products/isa-62443-2-1-2009-security-for-industrial-automat">4.3.3.6.5</reference>
            <reference href="https://www.isa.org/products/isa-62443-2-1-2009-security-for-industrial-automat">4.3.3.6.6</reference>
            <reference href="https://www.isa.org/products/isa-62443-2-1-2009-security-for-industrial-automat">4.3.3.6.7</reference>
            <reference href="https://www.isa.org/products/isa-62443-2-1-2009-security-for-industrial-automat">4.3.3.6.8</reference>
            <reference href="https://www.isa.org/products/isa-62443-2-1-2009-security-for-industrial-automat">4.3.3.6.9</reference>
            <reference href="https://www.isa.org/products/ansi-isa-62443-3-3-99-03-03-2013-security-for-indu">SR 1.1</reference>
            <reference href="https://www.isa.org/products/ansi-isa-62443-3-3-99-03-03-2013-security-for-indu">SR 1.10</reference>
            <reference href="https://www.isa.org/products/ansi-isa-62443-3-3-99-03-03-2013-security-for-indu">SR 1.2</reference>
            <reference href="https://www.isa.org/products/ansi-isa-62443-3-3-99-03-03-2013-security-for-indu">SR 1.5</reference>
            <reference href="https://www.isa.org/products/ansi-isa-62443-3-3-99-03-03-2013-security-for-indu">SR 1.7</reference>
            <reference href="https://www.isa.org/products/ansi-isa-62443-3-3-99-03-03-2013-security-for-indu">SR 1.8</reference>
            <reference href="https://www.isa.org/products/ansi-isa-62443-3-3-99-03-03-2013-security-for-indu">SR 1.9</reference>
            <reference href="https://www.iso.org/contents/data/standard/05/45/54534.html">A.18.1.4</reference>
            <reference href="https://www.iso.org/contents/data/standard/05/45/54534.html">A.9.2.1</reference>
            <reference href="https://www.iso.org/contents/data/standard/05/45/54534.html">A.9.2.4</reference>
            <reference href="https://www.iso.org/contents/data/standard/05/45/54534.html">A.9.3.1</reference>
            <reference href="https://www.iso.org/contents/data/standard/05/45/54534.html">A.9.4.2</reference>
            <reference href="https://www.iso.org/contents/data/standard/05/45/54534.html">A.9.4.3</reference>
            <reference href="http://nvlpubs.nist.gov/nistpubs/SpecialPublications/NIST.SP.800-53r4.pdf">CM-6(a)</reference>
            <reference href="http://nvlpubs.nist.gov/nistpubs/SpecialPublications/NIST.SP.800-53r4.pdf">AC-11(a)</reference>
            <reference href="https://nvlpubs.nist.gov/nistpubs/CSWP/NIST.CSWP.04162018.pdf">PR.AC-7</reference>
            <reference href="https://www.pcisecuritystandards.org/documents/PCI_DSS_v3-2-1.pdf">Req-8.1.8</reference>
            <reference href="https://www.cyber.mil/stigs/downloads/?_dl_facet_stigs=operating-systems%2Cgeneral-purpose-os">SRG-OS-000029-GPOS-00010</reference>
            <reference href="https://docs-prv.pcisecuritystandards.org/PCI%20DSS/Standard/PCI-DSS-v4_0.pdf">8.2.8</reference>
            <reference href="https://docs-prv.pcisecuritystandards.org/PCI%20DSS/Standard/PCI-DSS-v4_0.pdf">8.2</reference>
            <rationale xmlns:xhtml="http://www.w3.org/1999/xhtml" xml:lang="en-US">A session time-out lock is a temporary action taken when a user stops work and moves away from the immediate
physical vicinity of the information system but does not logout because of the temporary nature of the absence.
Rather than relying on the user to manually lock their operating system session prior to vacating the vicinity,
GNOME desktops can be configured to identify when a user's session has idled and take action to initiate the
session lock.
<html:br xmlns:html="http://www.w3.org/1999/xhtml"/>
         <html:br xmlns:html="http://www.w3.org/1999/xhtml"/>
Enabling idle activation of the screensaver ensures the screensaver will
be activated after the idle delay.  Applications requiring continuous,
real-time screen display (such as network management products) require the
login session does not have administrator rights and the display station is located in a
controlled-access area.</rationale>
            <ident system="https://ncp.nist.gov/cce">CCE-85783-9</ident>
            <fix xmlns:xhtml="http://www.w3.org/1999/xhtml" id="dconf_gnome_screensaver_idle_activation_enabled" system="urn:xccdf:fix:script:sh"># Remediation is applicable only in certain platforms
if rpm --quiet -q gdm; then

# Check for setting in any of the DConf db directories
# If files contain ibus or distro, ignore them.
# The assignment assumes that individual filenames don't contain :
readarray -t SETTINGSFILES &lt; &lt;(grep -r "\\[org/gnome/desktop/screensaver\\]" "/etc/dconf/db/" \
                                | grep -v 'distro\|ibus\|local.d' | cut -d":" -f1)
DCONFFILE="/etc/dconf/db/local.d/00-security-settings"
DBDIR="/etc/dconf/db/local.d"

mkdir -p "${DBDIR}"

# Comment out the configurations in databases different from the target one
if [ "${#SETTINGSFILES[@]}" -ne 0 ]
then
    if grep -q "^\\s*idle-activation-enabled\\s*=" "${SETTINGSFILES[@]}"
    then
        
        sed -Ei "s/(^\s*)idle-activation-enabled(\s*=)/#\1idle-activation-enabled\2/g" "${SETTINGSFILES[@]}"
    fi
fi

[ ! -z "${DCONFFILE}" ] &amp;&amp; echo "" &gt;&gt; "${DCONFFILE}"
if ! grep -q "\\[org/gnome/desktop/screensaver\\]" "${DCONFFILE}"
then
    printf '%s\n' "[org/gnome/desktop/screensaver]" &gt;&gt; ${DCONFFILE}
fi

escaped_value="$(sed -e 's/\\/\\\\/g' &lt;&lt;&lt; "true")"
if grep -q "^\\s*idle-activation-enabled\\s*=" "${DCONFFILE}"
then
        sed -i "s/\\s*idle-activation-enabled\\s*=\\s*.*/idle-activation-enabled=${escaped_value}/g" "${DCONFFILE}"
    else
        sed -i "\\|\\[org/gnome/desktop/screensaver\\]|a\\idle-activation-enabled=${escaped_value}" "${DCONFFILE}"
fi
dconf update
# Check for setting in any of the DConf db directories
LOCKFILES=$(grep -r "^/org/gnome/desktop/screensaver/idle-activation-enabled$" "/etc/dconf/db/" \
            | grep -v 'distro\|ibus\|local.d' | grep ":" | cut -d":" -f1)
LOCKSFOLDER="/etc/dconf/db/local.d/locks"

mkdir -p "${LOCKSFOLDER}"

# Comment out the configurations in databases different from the target one
if [[ ! -z "${LOCKFILES}" ]]
then
    sed -i -E "s|^/org/gnome/desktop/screensaver/idle-activation-enabled$|#&amp;|" "${LOCKFILES[@]}"
fi

if ! grep -qr "^/org/gnome/desktop/screensaver/idle-activation-enabled$" /etc/dconf/db/local.d/
then
    echo "/org/gnome/desktop/screensaver/idle-activation-enabled" &gt;&gt; "/etc/dconf/db/local.d/locks/00-security-settings-lock"
fi
dconf update

else
    &gt;&amp;2 echo 'Remediation is not applicable, nothing was done'
fi
</fix>
            <fix xmlns:xhtml="http://www.w3.org/1999/xhtml" id="dconf_gnome_screensaver_idle_activation_enabled" system="urn:xccdf:fix:script:ansible" complexity="low" disruption="medium">- name: Gather the package facts
  package_facts:
    manager: auto
  tags:
  - CCE-85783-9
  - CJIS-5.5.5
  - NIST-800-171-3.1.10
  - NIST-800-53-AC-11(a)
  - NIST-800-53-CM-6(a)
  - PCI-DSS-Req-8.1.8
  - PCI-DSSv4-8.2
  - PCI-DSSv4-8.2.8
  - dconf_gnome_screensaver_idle_activation_enabled
  - low_complexity
  - medium_disruption
  - medium_severity
  - no_reboot_needed
  - unknown_strategy

- name: Enable GNOME3 Screensaver Idle Activation
  community.general.ini_file:
    dest: /etc/dconf/db/local.d/00-security-settings
    section: org/gnome/desktop/screensaver
    option: idle-activation-enabled
    value: 'true'
    create: true
    no_extra_spaces: true
  register: result_ini
  when: '"gdm" in ansible_facts.packages'
  tags:
  - CCE-85783-9
  - CJIS-5.5.5
  - NIST-800-171-3.1.10
  - NIST-800-53-AC-11(a)
  - NIST-800-53-CM-6(a)
  - PCI-DSS-Req-8.1.8
  - PCI-DSSv4-8.2
  - PCI-DSSv4-8.2.8
  - dconf_gnome_screensaver_idle_activation_enabled
  - low_complexity
  - medium_disruption
  - medium_severity
  - no_reboot_needed
  - unknown_strategy

- name: Prevent user modification of GNOME idle-activation-enabled
  ansible.builtin.lineinfile:
    path: /etc/dconf/db/local.d/locks/00-security-settings-lock
    regexp: ^/org/gnome/desktop/screensaver/idle-activation-enabled$
    line: /org/gnome/desktop/screensaver/idle-activation-enabled
    create: true
  register: result_lineinfile
  when: '"gdm" in ansible_facts.packages'
  tags:
  - CCE-85783-9
  - CJIS-5.5.5
  - NIST-800-171-3.1.10
  - NIST-800-53-AC-11(a)
  - NIST-800-53-CM-6(a)
  - PCI-DSS-Req-8.1.8
  - PCI-DSSv4-8.2
  - PCI-DSSv4-8.2.8
  - dconf_gnome_screensaver_idle_activation_enabled
  - low_complexity
  - medium_disruption
  - medium_severity
  - no_reboot_needed
  - unknown_strategy

- name: Dconf Update
  ansible.builtin.command: dconf update
  when:
  - '"gdm" in ansible_facts.packages'
  - result_ini is changed or result_lineinfile is changed
  tags:
  - CCE-85783-9
  - CJIS-5.5.5
  - NIST-800-171-3.1.10
  - NIST-800-53-AC-11(a)
  - NIST-800-53-CM-6(a)
  - PCI-DSS-Req-8.1.8
  - PCI-DSSv4-8.2
  - PCI-DSSv4-8.2.8
  - dconf_gnome_screensaver_idle_activation_enabled
  - low_complexity
  - medium_disruption
  - medium_severity
  - no_reboot_needed
  - unknown_strategy
</fix>
            <check system="http://oval.mitre.org/XMLSchema/oval-definitions-5">
              <check-content-ref name="oval:ssg-dconf_gnome_screensaver_idle_activation_enabled:def:1" href="ssg-sle15-oval.xml"/>
            </check>
            <check system="http://scap.nist.gov/schema/ocil/2">
              <check-content-ref name="ocil:ssg-dconf_gnome_screensaver_idle_activation_enabled_ocil:questionnaire:1" href="ssg-sle15-ocil.xml"/>
            </check>
          </Rule>
          <Rule id="xccdf_org.ssgproject.content_rule_dconf_gnome_screensaver_idle_delay" selected="false" role="full" severity="medium">
            <title xmlns:xhtml="http://www.w3.org/1999/xhtml" xml:lang="en-US">Set GNOME3 Screensaver Inactivity Timeout</title>
            <description xmlns:xhtml="http://www.w3.org/1999/xhtml" xml:lang="en-US">The idle time-out value for inactivity in the GNOME3 desktop is configured via the <html:code xmlns:html="http://www.w3.org/1999/xhtml">idle-delay</html:code>
setting must be set under an appropriate configuration file(s) in the <html:code xmlns:html="http://www.w3.org/1999/xhtml">/etc/dconf/db/local.d</html:code> directory
and locked in <html:code xmlns:html="http://www.w3.org/1999/xhtml">/etc/dconf/db/local.d/locks</html:code> directory to prevent user modification.
<html:br xmlns:html="http://www.w3.org/1999/xhtml"/>
         <html:br xmlns:html="http://www.w3.org/1999/xhtml"/>
For example, to configure the system for a 15 minute delay, add the following to
<html:code xmlns:html="http://www.w3.org/1999/xhtml">/etc/dconf/db/local.d/00-security-settings</html:code>:
<html:pre xmlns:html="http://www.w3.org/1999/xhtml">[org/gnome/desktop/session]
idle-delay=uint32 900</html:pre>
        </description>
            <reference href="https://www.cisecurity.org/controls/">1</reference>
            <reference href="https://www.cisecurity.org/controls/">12</reference>
            <reference href="https://www.cisecurity.org/controls/">15</reference>
            <reference href="https://www.cisecurity.org/controls/">16</reference>
            <reference href="https://www.fbi.gov/file-repository/cjis-security-policy-v5_5_20160601-2-1.pdf">5.5.5</reference>
            <reference href="https://www.isaca.org/resources/cobit">DSS05.04</reference>
            <reference href="https://www.isaca.org/resources/cobit">DSS05.10</reference>
            <reference href="https://www.isaca.org/resources/cobit">DSS06.10</reference>
            <reference href="http://nvlpubs.nist.gov/nistpubs/SpecialPublications/NIST.SP.800-171.pdf">3.1.10</reference>
            <reference href="https://www.isa.org/products/isa-62443-2-1-2009-security-for-industrial-automat">4.3.3.6.1</reference>
            <reference href="https://www.isa.org/products/isa-62443-2-1-2009-security-for-industrial-automat">4.3.3.6.2</reference>
            <reference href="https://www.isa.org/products/isa-62443-2-1-2009-security-for-industrial-automat">4.3.3.6.3</reference>
            <reference href="https://www.isa.org/products/isa-62443-2-1-2009-security-for-industrial-automat">4.3.3.6.4</reference>
            <reference href="https://www.isa.org/products/isa-62443-2-1-2009-security-for-industrial-automat">4.3.3.6.5</reference>
            <reference href="https://www.isa.org/products/isa-62443-2-1-2009-security-for-industrial-automat">4.3.3.6.6</reference>
            <reference href="https://www.isa.org/products/isa-62443-2-1-2009-security-for-industrial-automat">4.3.3.6.7</reference>
            <reference href="https://www.isa.org/products/isa-62443-2-1-2009-security-for-industrial-automat">4.3.3.6.8</reference>
            <reference href="https://www.isa.org/products/isa-62443-2-1-2009-security-for-industrial-automat">4.3.3.6.9</reference>
            <reference href="https://www.isa.org/products/ansi-isa-62443-3-3-99-03-03-2013-security-for-indu">SR 1.1</reference>
            <reference href="https://www.isa.org/products/ansi-isa-62443-3-3-99-03-03-2013-security-for-indu">SR 1.10</reference>
            <reference href="https://www.isa.org/products/ansi-isa-62443-3-3-99-03-03-2013-security-for-indu">SR 1.2</reference>
            <reference href="https://www.isa.org/products/ansi-isa-62443-3-3-99-03-03-2013-security-for-indu">SR 1.5</reference>
            <reference href="https://www.isa.org/products/ansi-isa-62443-3-3-99-03-03-2013-security-for-indu">SR 1.7</reference>
            <reference href="https://www.isa.org/products/ansi-isa-62443-3-3-99-03-03-2013-security-for-indu">SR 1.8</reference>
            <reference href="https://www.isa.org/products/ansi-isa-62443-3-3-99-03-03-2013-security-for-indu">SR 1.9</reference>
            <reference href="https://www.iso.org/contents/data/standard/05/45/54534.html">A.18.1.4</reference>
            <reference href="https://www.iso.org/contents/data/standard/05/45/54534.html">A.9.2.1</reference>
            <reference href="https://www.iso.org/contents/data/standard/05/45/54534.html">A.9.2.4</reference>
            <reference href="https://www.iso.org/contents/data/standard/05/45/54534.html">A.9.3.1</reference>
            <reference href="https://www.iso.org/contents/data/standard/05/45/54534.html">A.9.4.2</reference>
            <reference href="https://www.iso.org/contents/data/standard/05/45/54534.html">A.9.4.3</reference>
            <reference href="http://nvlpubs.nist.gov/nistpubs/SpecialPublications/NIST.SP.800-53r4.pdf">AC-11(a)</reference>
            <reference href="http://nvlpubs.nist.gov/nistpubs/SpecialPublications/NIST.SP.800-53r4.pdf">AC-11.1 (ii)</reference>
            <reference href="https://nvlpubs.nist.gov/nistpubs/CSWP/NIST.CSWP.04162018.pdf">PR.AC-7</reference>
            <reference href="https://www.pcisecuritystandards.org/documents/PCI_DSS_v3-2-1.pdf">Req-8.1.8</reference>
            <reference href="https://www.cyber.mil/stigs/downloads/?_dl_facet_stigs=operating-systems%2Cgeneral-purpose-os">SRG-OS-000029-GPOS-00010</reference>
            <reference href="https://www.cyber.mil/stigs/downloads/?_dl_facet_stigs=operating-systems%2Cgeneral-purpose-os">SRG-OS-000031-GPOS-00012</reference>
            <reference href="https://www.cyber.mil/stigs/downloads/?_dl_facet_stigs=operating-systems%2Cunix-linux">SLES-15-010120</reference>
            <reference href="not_publicly_available">SLES-15-151200150</reference>
            <reference href="https://docs-prv.pcisecuritystandards.org/PCI%20DSS/Standard/PCI-DSS-v4_0.pdf">8.2.8</reference>
            <reference href="https://docs-prv.pcisecuritystandards.org/PCI%20DSS/Standard/PCI-DSS-v4_0.pdf">8.2</reference>
            <reference href="https://www.cyber.mil/stigs/srg-stig-tools/">SV-234812r958402_rule</reference>
            <rationale xmlns:xhtml="http://www.w3.org/1999/xhtml" xml:lang="en-US">A session time-out lock is a temporary action taken when a user stops work and moves away from
the immediate physical vicinity of the information system but does not logout because of the
temporary nature of the absence. Rather than relying on the user to manually lock their operating
system session prior to vacating the vicinity, GNOME3 can be configured to identify when
a user's session has idled and take action to initiate a session lock.</rationale>
            <ident system="https://ncp.nist.gov/cce">CCE-85669-0</ident>
            <fix xmlns:xhtml="http://www.w3.org/1999/xhtml" id="dconf_gnome_screensaver_idle_delay" system="urn:xccdf:fix:script:sh"># Remediation is applicable only in certain platforms
if rpm --quiet -q gdm; then

inactivity_timeout_value='<xccdf-1.2:sub xmlns:xccdf-1.2="http://checklists.nist.gov/xccdf/1.2" idref="xccdf_org.ssgproject.content_value_inactivity_timeout_value" use="legacy"/>'


# Check for setting in any of the DConf db directories
# If files contain ibus or distro, ignore them.
# The assignment assumes that individual filenames don't contain :
readarray -t SETTINGSFILES &lt; &lt;(grep -r "\\[org/gnome/desktop/session\\]" "/etc/dconf/db/" \
                                | grep -v 'distro\|ibus\|local.d' | cut -d":" -f1)
DCONFFILE="/etc/dconf/db/local.d/00-security-settings"
DBDIR="/etc/dconf/db/local.d"

mkdir -p "${DBDIR}"

# Comment out the configurations in databases different from the target one
if [ "${#SETTINGSFILES[@]}" -ne 0 ]
then
    if grep -q "^\\s*idle-delay\\s*=" "${SETTINGSFILES[@]}"
    then
        
        sed -Ei "s/(^\s*)idle-delay(\s*=)/#\1idle-delay\2/g" "${SETTINGSFILES[@]}"
    fi
fi

[ ! -z "${DCONFFILE}" ] &amp;&amp; echo "" &gt;&gt; "${DCONFFILE}"
if ! grep -q "\\[org/gnome/desktop/session\\]" "${DCONFFILE}"
then
    printf '%s\n' "[org/gnome/desktop/session]" &gt;&gt; ${DCONFFILE}
fi

escaped_value="$(sed -e 's/\\/\\\\/g' &lt;&lt;&lt; "uint32 ${inactivity_timeout_value}")"
if grep -q "^\\s*idle-delay\\s*=" "${DCONFFILE}"
then
        sed -i "s/\\s*idle-delay\\s*=\\s*.*/idle-delay=${escaped_value}/g" "${DCONFFILE}"
    else
        sed -i "\\|\\[org/gnome/desktop/session\\]|a\\idle-delay=${escaped_value}" "${DCONFFILE}"
fi
dconf update

else
    &gt;&amp;2 echo 'Remediation is not applicable, nothing was done'
fi
</fix>
            <fix xmlns:xhtml="http://www.w3.org/1999/xhtml" id="dconf_gnome_screensaver_idle_delay" system="urn:xccdf:fix:script:ansible" complexity="low" disruption="medium">- name: Gather the package facts
  package_facts:
    manager: auto
  tags:
  - CCE-85669-0
  - CJIS-5.5.5
  - DISA-STIG-SLES-15-010120
  - NIST-800-171-3.1.10
  - NIST-800-53-AC-11(a)
  - NIST-800-53-AC-11.1 (ii)
  - PCI-DSS-Req-8.1.8
  - PCI-DSSv4-8.2
  - PCI-DSSv4-8.2.8
  - dconf_gnome_screensaver_idle_delay
  - low_complexity
  - medium_disruption
  - medium_severity
  - no_reboot_needed
  - unknown_strategy
- name: XCCDF Value inactivity_timeout_value # promote to variable
  set_fact:
    inactivity_timeout_value: !!str <xccdf-1.2:sub xmlns:xccdf-1.2="http://checklists.nist.gov/xccdf/1.2" idref="xccdf_org.ssgproject.content_value_inactivity_timeout_value" use="legacy"/>
  tags:
    - always

- name: Set GNOME3 Screensaver Inactivity Timeout
  community.general.ini_file:
    dest: /etc/dconf/db/local.d/00-security-settings
    section: org/gnome/desktop/session
    option: idle-delay
    value: uint32 {{ inactivity_timeout_value }}
    create: true
    no_extra_spaces: true
  register: result_ini
  when: '"gdm" in ansible_facts.packages'
  tags:
  - CCE-85669-0
  - CJIS-5.5.5
  - DISA-STIG-SLES-15-010120
  - NIST-800-171-3.1.10
  - NIST-800-53-AC-11(a)
  - NIST-800-53-AC-11.1 (ii)
  - PCI-DSS-Req-8.1.8
  - PCI-DSSv4-8.2
  - PCI-DSSv4-8.2.8
  - dconf_gnome_screensaver_idle_delay
  - low_complexity
  - medium_disruption
  - medium_severity
  - no_reboot_needed
  - unknown_strategy

- name: Dconf Update
  ansible.builtin.command: dconf update
  when:
  - '"gdm" in ansible_facts.packages'
  - result_ini is changed
  tags:
  - CCE-85669-0
  - CJIS-5.5.5
  - DISA-STIG-SLES-15-010120
  - NIST-800-171-3.1.10
  - NIST-800-53-AC-11(a)
  - NIST-800-53-AC-11.1 (ii)
  - PCI-DSS-Req-8.1.8
  - PCI-DSSv4-8.2
  - PCI-DSSv4-8.2.8
  - dconf_gnome_screensaver_idle_delay
  - low_complexity
  - medium_disruption
  - medium_severity
  - no_reboot_needed
  - unknown_strategy
</fix>
            <check system="http://oval.mitre.org/XMLSchema/oval-definitions-5">
              <check-export export-name="oval:ssg-inactivity_timeout_value:var:1" value-id="xccdf_org.ssgproject.content_value_inactivity_timeout_value"/>
              <check-content-ref name="oval:ssg-dconf_gnome_screensaver_idle_delay:def:1" href="ssg-sle15-oval.xml"/>
            </check>
            <check system="http://scap.nist.gov/schema/ocil/2">
              <check-content-ref name="ocil:ssg-dconf_gnome_screensaver_idle_delay_ocil:questionnaire:1" href="ssg-sle15-ocil.xml"/>
            </check>
          </Rule>
          <Rule id="xccdf_org.ssgproject.content_rule_dconf_gnome_screensaver_lock_delay" selected="false" role="full" severity="medium">
            <title xmlns:xhtml="http://www.w3.org/1999/xhtml" xml:lang="en-US">Set GNOME3 Screensaver Lock Delay After Activation Period</title>
            <description xmlns:xhtml="http://www.w3.org/1999/xhtml" xml:lang="en-US">To activate the locking delay of the screensaver in the GNOME3 desktop when
the screensaver is activated, add or set <html:code xmlns:html="http://www.w3.org/1999/xhtml">lock-delay</html:code> to <html:code xmlns:html="http://www.w3.org/1999/xhtml" xmlns:xccdf-1.2="http://checklists.nist.gov/xccdf/1.2">uint32 <xccdf-1.2:sub idref="xccdf_org.ssgproject.content_value_var_screensaver_lock_delay" use="legacy"/>
         </html:code> in
<html:code xmlns:html="http://www.w3.org/1999/xhtml">/etc/dconf/db/local.d/00-security-settings</html:code>. For example:
<html:pre xmlns:html="http://www.w3.org/1999/xhtml" xmlns:xccdf-1.2="http://checklists.nist.gov/xccdf/1.2">[org/gnome/desktop/screensaver]
lock-delay=uint32 <xccdf-1.2:sub idref="xccdf_org.ssgproject.content_value_var_screensaver_lock_delay" use="legacy"/>
         </html:pre>
After the settings have been set, run <html:code xmlns:html="http://www.w3.org/1999/xhtml">dconf update</html:code>.</description>
            <reference href="https://www.cisecurity.org/controls/">1</reference>
            <reference href="https://www.cisecurity.org/controls/">12</reference>
            <reference href="https://www.cisecurity.org/controls/">15</reference>
            <reference href="https://www.cisecurity.org/controls/">16</reference>
            <reference href="https://www.isaca.org/resources/cobit">DSS05.04</reference>
            <reference href="https://www.isaca.org/resources/cobit">DSS05.10</reference>
            <reference href="https://www.isaca.org/resources/cobit">DSS06.10</reference>
            <reference href="http://nvlpubs.nist.gov/nistpubs/SpecialPublications/NIST.SP.800-171.pdf">3.1.10</reference>
            <reference href="https://www.isa.org/products/isa-62443-2-1-2009-security-for-industrial-automat">4.3.3.6.1</reference>
            <reference href="https://www.isa.org/products/isa-62443-2-1-2009-security-for-industrial-automat">4.3.3.6.2</reference>
            <reference href="https://www.isa.org/products/isa-62443-2-1-2009-security-for-industrial-automat">4.3.3.6.3</reference>
            <reference href="https://www.isa.org/products/isa-62443-2-1-2009-security-for-industrial-automat">4.3.3.6.4</reference>
            <reference href="https://www.isa.org/products/isa-62443-2-1-2009-security-for-industrial-automat">4.3.3.6.5</reference>
            <reference href="https://www.isa.org/products/isa-62443-2-1-2009-security-for-industrial-automat">4.3.3.6.6</reference>
            <reference href="https://www.isa.org/products/isa-62443-2-1-2009-security-for-industrial-automat">4.3.3.6.7</reference>
            <reference href="https://www.isa.org/products/isa-62443-2-1-2009-security-for-industrial-automat">4.3.3.6.8</reference>
            <reference href="https://www.isa.org/products/isa-62443-2-1-2009-security-for-industrial-automat">4.3.3.6.9</reference>
            <reference href="https://www.isa.org/products/ansi-isa-62443-3-3-99-03-03-2013-security-for-indu">SR 1.1</reference>
            <reference href="https://www.isa.org/products/ansi-isa-62443-3-3-99-03-03-2013-security-for-indu">SR 1.10</reference>
            <reference href="https://www.isa.org/products/ansi-isa-62443-3-3-99-03-03-2013-security-for-indu">SR 1.2</reference>
            <reference href="https://www.isa.org/products/ansi-isa-62443-3-3-99-03-03-2013-security-for-indu">SR 1.5</reference>
            <reference href="https://www.isa.org/products/ansi-isa-62443-3-3-99-03-03-2013-security-for-indu">SR 1.7</reference>
            <reference href="https://www.isa.org/products/ansi-isa-62443-3-3-99-03-03-2013-security-for-indu">SR 1.8</reference>
            <reference href="https://www.isa.org/products/ansi-isa-62443-3-3-99-03-03-2013-security-for-indu">SR 1.9</reference>
            <reference href="https://www.iso.org/contents/data/standard/05/45/54534.html">A.18.1.4</reference>
            <reference href="https://www.iso.org/contents/data/standard/05/45/54534.html">A.9.2.1</reference>
            <reference href="https://www.iso.org/contents/data/standard/05/45/54534.html">A.9.2.4</reference>
            <reference href="https://www.iso.org/contents/data/standard/05/45/54534.html">A.9.3.1</reference>
            <reference href="https://www.iso.org/contents/data/standard/05/45/54534.html">A.9.4.2</reference>
            <reference href="https://www.iso.org/contents/data/standard/05/45/54534.html">A.9.4.3</reference>
            <reference href="http://nvlpubs.nist.gov/nistpubs/SpecialPublications/NIST.SP.800-53r4.pdf">AC-11(a)</reference>
            <reference href="http://nvlpubs.nist.gov/nistpubs/SpecialPublications/NIST.SP.800-53r4.pdf">CM-6(a)</reference>
            <reference href="https://nvlpubs.nist.gov/nistpubs/CSWP/NIST.CSWP.04162018.pdf">PR.AC-7</reference>
            <reference href="https://www.pcisecuritystandards.org/documents/PCI_DSS_v3-2-1.pdf">Req-8.1.8</reference>
            <reference href="https://www.cyber.mil/stigs/downloads/?_dl_facet_stigs=operating-systems%2Cgeneral-purpose-os">SRG-OS-000029-GPOS-00010</reference>
            <reference href="https://www.cyber.mil/stigs/downloads/?_dl_facet_stigs=operating-systems%2Cgeneral-purpose-os">SRG-OS-000031-GPOS-00012</reference>
            <reference href="not_publicly_available">SLES-15-151200150</reference>
            <reference href="https://docs-prv.pcisecuritystandards.org/PCI%20DSS/Standard/PCI-DSS-v4_0.pdf">8.2.8</reference>
            <reference href="https://docs-prv.pcisecuritystandards.org/PCI%20DSS/Standard/PCI-DSS-v4_0.pdf">8.2</reference>
            <rationale xmlns:xhtml="http://www.w3.org/1999/xhtml" xml:lang="en-US">A session lock is a temporary action taken when a user stops work and moves away from the immediate physical vicinity
of the information system but does not want to logout because of the temporary nature of the absence.</rationale>
            <ident system="https://ncp.nist.gov/cce">CCE-92495-1</ident>
            <fix xmlns:xhtml="http://www.w3.org/1999/xhtml" id="dconf_gnome_screensaver_lock_delay" system="urn:xccdf:fix:script:sh"># Remediation is applicable only in certain platforms
if rpm --quiet -q gdm; then

var_screensaver_lock_delay='<xccdf-1.2:sub xmlns:xccdf-1.2="http://checklists.nist.gov/xccdf/1.2" idref="xccdf_org.ssgproject.content_value_var_screensaver_lock_delay" use="legacy"/>'


# Check for setting in any of the DConf db directories
# If files contain ibus or distro, ignore them.
# The assignment assumes that individual filenames don't contain :
readarray -t SETTINGSFILES &lt; &lt;(grep -r "\\[org/gnome/desktop/screensaver\\]" "/etc/dconf/db/" \
                                | grep -v 'distro\|ibus\|local.d' | cut -d":" -f1)
DCONFFILE="/etc/dconf/db/local.d/00-security-settings"
DBDIR="/etc/dconf/db/local.d"

mkdir -p "${DBDIR}"

# Comment out the configurations in databases different from the target one
if [ "${#SETTINGSFILES[@]}" -ne 0 ]
then
    if grep -q "^\\s*lock-delay\\s*=" "${SETTINGSFILES[@]}"
    then
        
        sed -Ei "s/(^\s*)lock-delay(\s*=)/#\1lock-delay\2/g" "${SETTINGSFILES[@]}"
    fi
fi

[ ! -z "${DCONFFILE}" ] &amp;&amp; echo "" &gt;&gt; "${DCONFFILE}"
if ! grep -q "\\[org/gnome/desktop/screensaver\\]" "${DCONFFILE}"
then
    printf '%s\n' "[org/gnome/desktop/screensaver]" &gt;&gt; ${DCONFFILE}
fi

escaped_value="$(sed -e 's/\\/\\\\/g' &lt;&lt;&lt; "uint32 ${var_screensaver_lock_delay}")"
if grep -q "^\\s*lock-delay\\s*=" "${DCONFFILE}"
then
        sed -i "s/\\s*lock-delay\\s*=\\s*.*/lock-delay=${escaped_value}/g" "${DCONFFILE}"
    else
        sed -i "\\|\\[org/gnome/desktop/screensaver\\]|a\\lock-delay=${escaped_value}" "${DCONFFILE}"
fi
dconf update

else
    &gt;&amp;2 echo 'Remediation is not applicable, nothing was done'
fi
</fix>
            <check system="http://oval.mitre.org/XMLSchema/oval-definitions-5">
              <check-export export-name="oval:ssg-var_screensaver_lock_delay:var:1" value-id="xccdf_org.ssgproject.content_value_var_screensaver_lock_delay"/>
              <check-content-ref name="oval:ssg-dconf_gnome_screensaver_lock_delay:def:1" href="ssg-sle15-oval.xml"/>
            </check>
            <check system="http://scap.nist.gov/schema/ocil/2">
              <check-content-ref name="ocil:ssg-dconf_gnome_screensaver_lock_delay_ocil:questionnaire:1" href="ssg-sle15-ocil.xml"/>
            </check>
          </Rule>
          <Rule id="xccdf_org.ssgproject.content_rule_dconf_gnome_screensaver_lock_enabled" selected="false" role="full" severity="medium">
            <title xmlns:xhtml="http://www.w3.org/1999/xhtml" xml:lang="en-US">Enable GNOME3 Screensaver Lock After Idle Period</title>
            <description xmlns:xhtml="http://www.w3.org/1999/xhtml" xml:lang="en-US">
To activate locking of the screensaver in the GNOME3 desktop when it is activated,
run the following command to configure the SUSE operating system to allow the user to lock the GUI:
<html:pre xmlns:html="http://www.w3.org/1999/xhtml">gsettings set org.gnome.desktop.lockdown disable-lock-screen false</html:pre>
Validate that <html:code xmlns:html="http://www.w3.org/1999/xhtml">disable-lock-screen</html:code> has been set to <html:code xmlns:html="http://www.w3.org/1999/xhtml">false</html:code> with the command:
<html:pre xmlns:html="http://www.w3.org/1999/xhtml">gsettings get org.gnome.desktop.lockdown disable-lock-screen</html:pre>
        </description>
            <reference href="https://www.cisecurity.org/controls/">1</reference>
            <reference href="https://www.cisecurity.org/controls/">12</reference>
            <reference href="https://www.cisecurity.org/controls/">15</reference>
            <reference href="https://www.cisecurity.org/controls/">16</reference>
            <reference href="https://www.fbi.gov/file-repository/cjis-security-policy-v5_5_20160601-2-1.pdf">5.5.5</reference>
            <reference href="https://www.isaca.org/resources/cobit">DSS05.04</reference>
            <reference href="https://www.isaca.org/resources/cobit">DSS05.10</reference>
            <reference href="https://www.isaca.org/resources/cobit">DSS06.10</reference>
            <reference href="http://nvlpubs.nist.gov/nistpubs/SpecialPublications/NIST.SP.800-171.pdf">3.1.10</reference>
            <reference href="https://www.isa.org/products/isa-62443-2-1-2009-security-for-industrial-automat">4.3.3.6.1</reference>
            <reference href="https://www.isa.org/products/isa-62443-2-1-2009-security-for-industrial-automat">4.3.3.6.2</reference>
            <reference href="https://www.isa.org/products/isa-62443-2-1-2009-security-for-industrial-automat">4.3.3.6.3</reference>
            <reference href="https://www.isa.org/products/isa-62443-2-1-2009-security-for-industrial-automat">4.3.3.6.4</reference>
            <reference href="https://www.isa.org/products/isa-62443-2-1-2009-security-for-industrial-automat">4.3.3.6.5</reference>
            <reference href="https://www.isa.org/products/isa-62443-2-1-2009-security-for-industrial-automat">4.3.3.6.6</reference>
            <reference href="https://www.isa.org/products/isa-62443-2-1-2009-security-for-industrial-automat">4.3.3.6.7</reference>
            <reference href="https://www.isa.org/products/isa-62443-2-1-2009-security-for-industrial-automat">4.3.3.6.8</reference>
            <reference href="https://www.isa.org/products/isa-62443-2-1-2009-security-for-industrial-automat">4.3.3.6.9</reference>
            <reference href="https://www.isa.org/products/ansi-isa-62443-3-3-99-03-03-2013-security-for-indu">SR 1.1</reference>
            <reference href="https://www.isa.org/products/ansi-isa-62443-3-3-99-03-03-2013-security-for-indu">SR 1.10</reference>
            <reference href="https://www.isa.org/products/ansi-isa-62443-3-3-99-03-03-2013-security-for-indu">SR 1.2</reference>
            <reference href="https://www.isa.org/products/ansi-isa-62443-3-3-99-03-03-2013-security-for-indu">SR 1.5</reference>
            <reference href="https://www.isa.org/products/ansi-isa-62443-3-3-99-03-03-2013-security-for-indu">SR 1.7</reference>
            <reference href="https://www.isa.org/products/ansi-isa-62443-3-3-99-03-03-2013-security-for-indu">SR 1.8</reference>
            <reference href="https://www.isa.org/products/ansi-isa-62443-3-3-99-03-03-2013-security-for-indu">SR 1.9</reference>
            <reference href="https://www.iso.org/contents/data/standard/05/45/54534.html">A.18.1.4</reference>
            <reference href="https://www.iso.org/contents/data/standard/05/45/54534.html">A.9.2.1</reference>
            <reference href="https://www.iso.org/contents/data/standard/05/45/54534.html">A.9.2.4</reference>
            <reference href="https://www.iso.org/contents/data/standard/05/45/54534.html">A.9.3.1</reference>
            <reference href="https://www.iso.org/contents/data/standard/05/45/54534.html">A.9.4.2</reference>
            <reference href="https://www.iso.org/contents/data/standard/05/45/54534.html">A.9.4.3</reference>
            <reference href="http://nvlpubs.nist.gov/nistpubs/SpecialPublications/NIST.SP.800-53r4.pdf">CM-6(a)</reference>
            <reference href="https://nvlpubs.nist.gov/nistpubs/CSWP/NIST.CSWP.04162018.pdf">PR.AC-7</reference>
            <reference href="https://www.pcisecuritystandards.org/documents/PCI_DSS_v3-2-1.pdf">Req-8.1.8</reference>
            <reference href="https://www.cyber.mil/stigs/downloads/?_dl_facet_stigs=operating-systems%2Cgeneral-purpose-os">SRG-OS-000028-GPOS-00009</reference>
            <reference href="https://www.cyber.mil/stigs/downloads/?_dl_facet_stigs=operating-systems%2Cgeneral-purpose-os">SRG-OS-000030-GPOS-00011</reference>
            <reference href="https://www.cyber.mil/stigs/downloads/?_dl_facet_stigs=operating-systems%2Cunix-linux">SLES-15-010100</reference>
            <reference href="https://docs-prv.pcisecuritystandards.org/PCI%20DSS/Standard/PCI-DSS-v4_0.pdf">8.2.8</reference>
            <reference href="https://docs-prv.pcisecuritystandards.org/PCI%20DSS/Standard/PCI-DSS-v4_0.pdf">8.2</reference>
            <reference href="https://www.cyber.mil/stigs/srg-stig-tools/">SV-234810r1009609_rule</reference>
            <rationale xmlns:xhtml="http://www.w3.org/1999/xhtml" xml:lang="en-US">A session lock is a temporary action taken when a user stops work and moves away from the immediate physical vicinity
of the information system but does not want to logout because of the temporary nature of the absence.</rationale>
            <ident system="https://ncp.nist.gov/cce">CCE-85766-4</ident>
            <fix xmlns:xhtml="http://www.w3.org/1999/xhtml" id="dconf_gnome_screensaver_lock_enabled" system="urn:xccdf:fix:script:sh"># Remediation is applicable only in certain platforms
if rpm --quiet -q gdm; then

gsettings set org.gnome.desktop.lockdown disable-lock-screen false
# Check for setting in any of the DConf db directories
# If files contain ibus or distro, ignore them.
# The assignment assumes that individual filenames don't contain :
readarray -t SETTINGSFILES &lt; &lt;(grep -r "\\[org/gnome/desktop/lockdown\\]" "/etc/dconf/db/" \
                                | grep -v 'distro\|ibus\|local.d' | cut -d":" -f1)
DCONFFILE="/etc/dconf/db/local.d/00-security-settings"
DBDIR="/etc/dconf/db/local.d"

mkdir -p "${DBDIR}"

# Comment out the configurations in databases different from the target one
if [ "${#SETTINGSFILES[@]}" -ne 0 ]
then
    if grep -q "^\\s*disable-lock-screen\\s*=" "${SETTINGSFILES[@]}"
    then
        
        sed -Ei "s/(^\s*)disable-lock-screen(\s*=)/#\1disable-lock-screen\2/g" "${SETTINGSFILES[@]}"
    fi
fi

[ ! -z "${DCONFFILE}" ] &amp;&amp; echo "" &gt;&gt; "${DCONFFILE}"
if ! grep -q "\\[org/gnome/desktop/lockdown\\]" "${DCONFFILE}"
then
    printf '%s\n' "[org/gnome/desktop/lockdown]" &gt;&gt; ${DCONFFILE}
fi

escaped_value="$(sed -e 's/\\/\\\\/g' &lt;&lt;&lt; "false")"
if grep -q "^\\s*disable-lock-screen\\s*=" "${DCONFFILE}"
then
        sed -i "s/\\s*disable-lock-screen\\s*=\\s*.*/disable-lock-screen=${escaped_value}/g" "${DCONFFILE}"
    else
        sed -i "\\|\\[org/gnome/desktop/lockdown\\]|a\\disable-lock-screen=${escaped_value}" "${DCONFFILE}"
fi
dconf update
# Check for setting in any of the DConf db directories
LOCKFILES=$(grep -r "^/org/gnome/desktop/lockdown/disable-lock-screen$" "/etc/dconf/db/" \
            | grep -v 'distro\|ibus\|local.d' | grep ":" | cut -d":" -f1)
LOCKSFOLDER="/etc/dconf/db/local.d/locks"

mkdir -p "${LOCKSFOLDER}"

# Comment out the configurations in databases different from the target one
if [[ ! -z "${LOCKFILES}" ]]
then
    sed -i -E "s|^/org/gnome/desktop/lockdown/disable-lock-screen$|#&amp;|" "${LOCKFILES[@]}"
fi

if ! grep -qr "^/org/gnome/desktop/lockdown/disable-lock-screen$" /etc/dconf/db/local.d/
then
    echo "/org/gnome/desktop/lockdown/disable-lock-screen" &gt;&gt; "/etc/dconf/db/local.d/locks/00-security-settings-lock"
fi
dconf update

else
    &gt;&amp;2 echo 'Remediation is not applicable, nothing was done'
fi
</fix>
            <fix xmlns:xhtml="http://www.w3.org/1999/xhtml" id="dconf_gnome_screensaver_lock_enabled" system="urn:xccdf:fix:script:ansible" complexity="low" disruption="medium">- name: Gather the package facts
  package_facts:
    manager: auto
  tags:
  - CCE-85766-4
  - CJIS-5.5.5
  - DISA-STIG-SLES-15-010100
  - NIST-800-171-3.1.10
  - NIST-800-53-CM-6(a)
  - PCI-DSS-Req-8.1.8
  - PCI-DSSv4-8.2
  - PCI-DSSv4-8.2.8
  - dconf_gnome_screensaver_lock_enabled
  - low_complexity
  - medium_disruption
  - medium_severity
  - no_reboot_needed
  - unknown_strategy

- name: Enable GNOME3 Screensaver Lock After Idle Period - Enable GNOME3 Screensaver
    Lock After Idle Period
  community.general.ini_file:
    dest: /etc/dconf/db/local.d/00-security-settings
    section: org/gnome/desktop/screensaver
    option: lock-enabled
    value: 'true'
    create: true
    no_extra_spaces: true
  when:
  - '"gdm" in ansible_facts.packages'
  - ansible_distribution != 'SLES'
  register: screensaver_config
  tags:
  - CCE-85766-4
  - CJIS-5.5.5
  - DISA-STIG-SLES-15-010100
  - NIST-800-171-3.1.10
  - NIST-800-53-CM-6(a)
  - PCI-DSS-Req-8.1.8
  - PCI-DSSv4-8.2
  - PCI-DSSv4-8.2.8
  - dconf_gnome_screensaver_lock_enabled
  - low_complexity
  - medium_disruption
  - medium_severity
  - no_reboot_needed
  - unknown_strategy

- name: Enable GNOME3 Screensaver Lock After Idle Period - Prevent user modification
    of GNOME lock-enabled
  ansible.builtin.lineinfile:
    path: /etc/dconf/db/local.d/locks/00-security-settings-lock
    regexp: ^/org/gnome/desktop/screensaver/lock-enabled$
    line: /org/gnome/desktop/screensaver/lock-enabled
    create: true
  when:
  - '"gdm" in ansible_facts.packages'
  - ansible_distribution != 'SLES'
  register: screensaver_lock
  tags:
  - CCE-85766-4
  - CJIS-5.5.5
  - DISA-STIG-SLES-15-010100
  - NIST-800-171-3.1.10
  - NIST-800-53-CM-6(a)
  - PCI-DSS-Req-8.1.8
  - PCI-DSSv4-8.2
  - PCI-DSSv4-8.2.8
  - dconf_gnome_screensaver_lock_enabled
  - low_complexity
  - medium_disruption
  - medium_severity
  - no_reboot_needed
  - unknown_strategy

- name: Enable GNOME3 Screensaver Lock After Idle Period - Enable GNOME3 Screensaver
    Lock After Idle Period
  community.general.ini_file:
    dest: /etc/dconf/db/local.d/00-security-settings
    section: org/gnome/desktop/lockdown
    option: disable-lock-screen
    value: 'false'
    create: true
    no_extra_spaces: true
  when:
  - '"gdm" in ansible_facts.packages'
  - ansible_distribution == 'SLES'
  register: lockdown_config
  tags:
  - CCE-85766-4
  - CJIS-5.5.5
  - DISA-STIG-SLES-15-010100
  - NIST-800-171-3.1.10
  - NIST-800-53-CM-6(a)
  - PCI-DSS-Req-8.1.8
  - PCI-DSSv4-8.2
  - PCI-DSSv4-8.2.8
  - dconf_gnome_screensaver_lock_enabled
  - low_complexity
  - medium_disruption
  - medium_severity
  - no_reboot_needed
  - unknown_strategy

- name: Enable GNOME3 Screensaver Lock After Idle Period - Prevent user modification
    of GNOME disable-lock-screen
  ansible.builtin.lineinfile:
    path: /etc/dconf/db/local.d/locks/00-security-settings-lock
    regexp: ^/org/gnome/desktop/lockdown/disable-lock-screen$
    line: /org/gnome/desktop/lockdown/disable-lock-screen
    create: true
  when:
  - '"gdm" in ansible_facts.packages'
  - ansible_distribution == 'SLES'
  register: lockdown_lock
  tags:
  - CCE-85766-4
  - CJIS-5.5.5
  - DISA-STIG-SLES-15-010100
  - NIST-800-171-3.1.10
  - NIST-800-53-CM-6(a)
  - PCI-DSS-Req-8.1.8
  - PCI-DSSv4-8.2
  - PCI-DSSv4-8.2.8
  - dconf_gnome_screensaver_lock_enabled
  - low_complexity
  - medium_disruption
  - medium_severity
  - no_reboot_needed
  - unknown_strategy

- name: Enable GNOME3 Screensaver Lock After Idle Period - Check GNOME3 screenserver
    disable-lock-screen false
  ansible.builtin.command: gsettings get org.gnome.desktop.lockdown disable-lock-screen
  register: cmd_out
  when:
  - '"gdm" in ansible_facts.packages'
  - ansible_distribution == 'SLES'
  changed_when: false
  tags:
  - CCE-85766-4
  - CJIS-5.5.5
  - DISA-STIG-SLES-15-010100
  - NIST-800-171-3.1.10
  - NIST-800-53-CM-6(a)
  - PCI-DSS-Req-8.1.8
  - PCI-DSSv4-8.2
  - PCI-DSSv4-8.2.8
  - dconf_gnome_screensaver_lock_enabled
  - low_complexity
  - medium_disruption
  - medium_severity
  - no_reboot_needed
  - unknown_strategy

- name: Enable GNOME3 Screensaver Lock After Idle Period - Update GNOME3 screenserver
    disable-lock-screen false
  ansible.builtin.command: gsettings set org.gnome.desktop.lockdown disable-lock-screen
    false
  when:
  - '"gdm" in ansible_facts.packages'
  - ansible_distribution == 'SLES'
  - cmd_out.stdout != 'false'
  tags:
  - CCE-85766-4
  - CJIS-5.5.5
  - DISA-STIG-SLES-15-010100
  - NIST-800-171-3.1.10
  - NIST-800-53-CM-6(a)
  - PCI-DSS-Req-8.1.8
  - PCI-DSSv4-8.2
  - PCI-DSSv4-8.2.8
  - dconf_gnome_screensaver_lock_enabled
  - low_complexity
  - medium_disruption
  - medium_severity
  - no_reboot_needed
  - unknown_strategy

- name: Enable GNOME3 Screensaver Lock After Idle Period - Update dconf database for
    non-SLES systems
  ansible.builtin.command: dconf update
  when:
  - '"gdm" in ansible_facts.packages'
  - ansible_distribution != 'SLES'
  - (screensaver_config is changed or screensaver_lock is changed)
  tags:
  - CCE-85766-4
  - CJIS-5.5.5
  - DISA-STIG-SLES-15-010100
  - NIST-800-171-3.1.10
  - NIST-800-53-CM-6(a)
  - PCI-DSS-Req-8.1.8
  - PCI-DSSv4-8.2
  - PCI-DSSv4-8.2.8
  - dconf_gnome_screensaver_lock_enabled
  - low_complexity
  - medium_disruption
  - medium_severity
  - no_reboot_needed
  - unknown_strategy

- name: Enable GNOME3 Screensaver Lock After Idle Period - Update dconf database for
    SLES systems
  ansible.builtin.command: dconf update
  when:
  - '"gdm" in ansible_facts.packages'
  - ansible_distribution == 'SLES'
  - (lockdown_config is changed or lockdown_lock is changed)
  tags:
  - CCE-85766-4
  - CJIS-5.5.5
  - DISA-STIG-SLES-15-010100
  - NIST-800-171-3.1.10
  - NIST-800-53-CM-6(a)
  - PCI-DSS-Req-8.1.8
  - PCI-DSSv4-8.2
  - PCI-DSSv4-8.2.8
  - dconf_gnome_screensaver_lock_enabled
  - low_complexity
  - medium_disruption
  - medium_severity
  - no_reboot_needed
  - unknown_strategy
</fix>
            <check system="http://oval.mitre.org/XMLSchema/oval-definitions-5">
              <check-content-ref name="oval:ssg-dconf_gnome_screensaver_lock_enabled:def:1" href="ssg-sle15-oval.xml"/>
            </check>
            <check system="http://scap.nist.gov/schema/ocil/2">
              <check-content-ref name="ocil:ssg-dconf_gnome_screensaver_lock_enabled_ocil:questionnaire:1" href="ssg-sle15-ocil.xml"/>
            </check>
          </Rule>
          <Rule id="xccdf_org.ssgproject.content_rule_dconf_gnome_screensaver_mode_blank" selected="false" role="full" severity="medium">
            <title xmlns:xhtml="http://www.w3.org/1999/xhtml" xml:lang="en-US">Implement Blank Screensaver</title>
            <description xmlns:xhtml="http://www.w3.org/1999/xhtml" xml:lang="en-US">


On SUSE users should set the screensaver to use publicly viewable images or blank screen
by doing the following:
Find the Settings menu and then navigate to the Background selection section

<html:code xmlns:html="http://www.w3.org/1999/xhtml">- Click "Activities" on the top left.</html:code>
         <html:code xmlns:html="http://www.w3.org/1999/xhtml">- Click "Show Applications" at the bottom of the Activities menu.</html:code>
         <html:code xmlns:html="http://www.w3.org/1999/xhtml">- Click the "Settings" icon.</html:code>
         <html:code xmlns:html="http://www.w3.org/1999/xhtml">- Click "Background" from left hand menu.</html:code>
         <html:code xmlns:html="http://www.w3.org/1999/xhtml">- Select image and set the Lock Screen image to the user's choice.</html:code>
         <html:code xmlns:html="http://www.w3.org/1999/xhtml">- Exit Settings Dialog.</html:code>


To set the screensaver mode in the GNOME3 desktop to a blank screen,
add or set <html:code xmlns:html="http://www.w3.org/1999/xhtml">picture-uri</html:code> to <html:code xmlns:html="http://www.w3.org/1999/xhtml">string ''</html:code> in
<html:code xmlns:html="http://www.w3.org/1999/xhtml">/etc/dconf/db/local.d/00-security-settings</html:code>. For example:
<html:pre xmlns:html="http://www.w3.org/1999/xhtml">[org/gnome/desktop/screensaver]
picture-uri=string ''
</html:pre>
Once the settings have been added, add a lock to
<html:code xmlns:html="http://www.w3.org/1999/xhtml">/etc/dconf/db/local.d/locks/00-security-settings-lock</html:code> to prevent user modification.
For example:
<html:pre xmlns:html="http://www.w3.org/1999/xhtml">/org/gnome/desktop/screensaver/picture-uri</html:pre>
After the settings have been set, run <html:code xmlns:html="http://www.w3.org/1999/xhtml">dconf update</html:code>.</description>
            <reference href="https://www.cisecurity.org/controls/">1</reference>
            <reference href="https://www.cisecurity.org/controls/">12</reference>
            <reference href="https://www.cisecurity.org/controls/">15</reference>
            <reference href="https://www.cisecurity.org/controls/">16</reference>
            <reference href="https://www.fbi.gov/file-repository/cjis-security-policy-v5_5_20160601-2-1.pdf">5.5.5</reference>
            <reference href="https://www.isaca.org/resources/cobit">DSS05.04</reference>
            <reference href="https://www.isaca.org/resources/cobit">DSS05.10</reference>
            <reference href="https://www.isaca.org/resources/cobit">DSS06.10</reference>
            <reference href="http://nvlpubs.nist.gov/nistpubs/SpecialPublications/NIST.SP.800-171.pdf">3.1.10</reference>
            <reference href="https://www.isa.org/products/isa-62443-2-1-2009-security-for-industrial-automat">4.3.3.6.1</reference>
            <reference href="https://www.isa.org/products/isa-62443-2-1-2009-security-for-industrial-automat">4.3.3.6.2</reference>
            <reference href="https://www.isa.org/products/isa-62443-2-1-2009-security-for-industrial-automat">4.3.3.6.3</reference>
            <reference href="https://www.isa.org/products/isa-62443-2-1-2009-security-for-industrial-automat">4.3.3.6.4</reference>
            <reference href="https://www.isa.org/products/isa-62443-2-1-2009-security-for-industrial-automat">4.3.3.6.5</reference>
            <reference href="https://www.isa.org/products/isa-62443-2-1-2009-security-for-industrial-automat">4.3.3.6.6</reference>
            <reference href="https://www.isa.org/products/isa-62443-2-1-2009-security-for-industrial-automat">4.3.3.6.7</reference>
            <reference href="https://www.isa.org/products/isa-62443-2-1-2009-security-for-industrial-automat">4.3.3.6.8</reference>
            <reference href="https://www.isa.org/products/isa-62443-2-1-2009-security-for-industrial-automat">4.3.3.6.9</reference>
            <reference href="https://www.isa.org/products/ansi-isa-62443-3-3-99-03-03-2013-security-for-indu">SR 1.1</reference>
            <reference href="https://www.isa.org/products/ansi-isa-62443-3-3-99-03-03-2013-security-for-indu">SR 1.10</reference>
            <reference href="https://www.isa.org/products/ansi-isa-62443-3-3-99-03-03-2013-security-for-indu">SR 1.2</reference>
            <reference href="https://www.isa.org/products/ansi-isa-62443-3-3-99-03-03-2013-security-for-indu">SR 1.5</reference>
            <reference href="https://www.isa.org/products/ansi-isa-62443-3-3-99-03-03-2013-security-for-indu">SR 1.7</reference>
            <reference href="https://www.isa.org/products/ansi-isa-62443-3-3-99-03-03-2013-security-for-indu">SR 1.8</reference>
            <reference href="https://www.isa.org/products/ansi-isa-62443-3-3-99-03-03-2013-security-for-indu">SR 1.9</reference>
            <reference href="https://www.iso.org/contents/data/standard/05/45/54534.html">A.18.1.4</reference>
            <reference href="https://www.iso.org/contents/data/standard/05/45/54534.html">A.9.2.1</reference>
            <reference href="https://www.iso.org/contents/data/standard/05/45/54534.html">A.9.2.4</reference>
            <reference href="https://www.iso.org/contents/data/standard/05/45/54534.html">A.9.3.1</reference>
            <reference href="https://www.iso.org/contents/data/standard/05/45/54534.html">A.9.4.2</reference>
            <reference href="https://www.iso.org/contents/data/standard/05/45/54534.html">A.9.4.3</reference>
            <reference href="http://nvlpubs.nist.gov/nistpubs/SpecialPublications/NIST.SP.800-53r4.pdf">AC-11(1)</reference>
            <reference href="http://nvlpubs.nist.gov/nistpubs/SpecialPublications/NIST.SP.800-53r4.pdf">CM-6(a)</reference>
            <reference href="http://nvlpubs.nist.gov/nistpubs/SpecialPublications/NIST.SP.800-53r4.pdf">AC-11(1).1</reference>
            <reference href="https://nvlpubs.nist.gov/nistpubs/CSWP/NIST.CSWP.04162018.pdf">PR.AC-7</reference>
            <reference href="https://www.pcisecuritystandards.org/documents/PCI_DSS_v3-2-1.pdf">Req-8.1.8</reference>
            <reference href="https://www.cyber.mil/stigs/downloads/?_dl_facet_stigs=operating-systems%2Cgeneral-purpose-os">SRG-OS-000031-GPOS-00012</reference>
            <reference href="https://www.cyber.mil/stigs/downloads/?_dl_facet_stigs=operating-systems%2Cunix-linux">SLES-15-010140</reference>
            <reference href="https://docs-prv.pcisecuritystandards.org/PCI%20DSS/Standard/PCI-DSS-v4_0.pdf">8.2.8</reference>
            <reference href="https://docs-prv.pcisecuritystandards.org/PCI%20DSS/Standard/PCI-DSS-v4_0.pdf">8.2</reference>
            <reference href="https://www.cyber.mil/stigs/srg-stig-tools/">SV-234814r958404_rule</reference>
            <rationale xmlns:xhtml="http://www.w3.org/1999/xhtml" xml:lang="en-US">Setting the screensaver mode to blank-only conceals the
contents of the display from passersby.</rationale>
            <ident system="https://ncp.nist.gov/cce">CCE-85715-1</ident>
            <fix xmlns:xhtml="http://www.w3.org/1999/xhtml" id="dconf_gnome_screensaver_mode_blank" system="urn:xccdf:fix:script:sh"># Remediation is applicable only in certain platforms
if rpm --quiet -q gdm; then

# Check for setting in any of the DConf db directories
# If files contain ibus or distro, ignore them.
# The assignment assumes that individual filenames don't contain :
readarray -t SETTINGSFILES &lt; &lt;(grep -r "\\[org/gnome/desktop/screensaver\\]" "/etc/dconf/db/" \
                                | grep -v 'distro\|ibus\|local.d' | cut -d":" -f1)
DCONFFILE="/etc/dconf/db/local.d/00-security-settings"
DBDIR="/etc/dconf/db/local.d"

mkdir -p "${DBDIR}"

# Comment out the configurations in databases different from the target one
if [ "${#SETTINGSFILES[@]}" -ne 0 ]
then
    if grep -q "^\\s*picture-uri\\s*=" "${SETTINGSFILES[@]}"
    then
        
        sed -Ei "s/(^\s*)picture-uri(\s*=)/#\1picture-uri\2/g" "${SETTINGSFILES[@]}"
    fi
fi

[ ! -z "${DCONFFILE}" ] &amp;&amp; echo "" &gt;&gt; "${DCONFFILE}"
if ! grep -q "\\[org/gnome/desktop/screensaver\\]" "${DCONFFILE}"
then
    printf '%s\n' "[org/gnome/desktop/screensaver]" &gt;&gt; ${DCONFFILE}
fi

escaped_value="$(sed -e 's/\\/\\\\/g' &lt;&lt;&lt; "string ''")"
if grep -q "^\\s*picture-uri\\s*=" "${DCONFFILE}"
then
        sed -i "s/\\s*picture-uri\\s*=\\s*.*/picture-uri=${escaped_value}/g" "${DCONFFILE}"
    else
        sed -i "\\|\\[org/gnome/desktop/screensaver\\]|a\\picture-uri=${escaped_value}" "${DCONFFILE}"
fi
dconf update
# Check for setting in any of the DConf db directories
LOCKFILES=$(grep -r "^/org/gnome/desktop/screensaver/picture-uri$" "/etc/dconf/db/" \
            | grep -v 'distro\|ibus\|local.d' | grep ":" | cut -d":" -f1)
LOCKSFOLDER="/etc/dconf/db/local.d/locks"

mkdir -p "${LOCKSFOLDER}"

# Comment out the configurations in databases different from the target one
if [[ ! -z "${LOCKFILES}" ]]
then
    sed -i -E "s|^/org/gnome/desktop/screensaver/picture-uri$|#&amp;|" "${LOCKFILES[@]}"
fi

if ! grep -qr "^/org/gnome/desktop/screensaver/picture-uri$" /etc/dconf/db/local.d/
then
    echo "/org/gnome/desktop/screensaver/picture-uri" &gt;&gt; "/etc/dconf/db/local.d/locks/00-security-settings-lock"
fi
dconf update

else
    &gt;&amp;2 echo 'Remediation is not applicable, nothing was done'
fi
</fix>
            <fix xmlns:xhtml="http://www.w3.org/1999/xhtml" id="dconf_gnome_screensaver_mode_blank" system="urn:xccdf:fix:script:ansible" complexity="low" disruption="medium">- name: Gather the package facts
  package_facts:
    manager: auto
  tags:
  - CCE-85715-1
  - CJIS-5.5.5
  - DISA-STIG-SLES-15-010140
  - NIST-800-171-3.1.10
  - NIST-800-53-AC-11(1)
  - NIST-800-53-AC-11(1).1
  - NIST-800-53-CM-6(a)
  - PCI-DSS-Req-8.1.8
  - PCI-DSSv4-8.2
  - PCI-DSSv4-8.2.8
  - dconf_gnome_screensaver_mode_blank
  - low_complexity
  - medium_disruption
  - medium_severity
  - no_reboot_needed
  - unknown_strategy

- name: Implement Blank Screensaver
  community.general.ini_file:
    dest: /etc/dconf/db/local.d/00-security-settings
    section: org/gnome/desktop/screensaver
    option: picture-uri
    value: string ''
    create: true
    no_extra_spaces: true
  register: result_ini
  when: '"gdm" in ansible_facts.packages'
  tags:
  - CCE-85715-1
  - CJIS-5.5.5
  - DISA-STIG-SLES-15-010140
  - NIST-800-171-3.1.10
  - NIST-800-53-AC-11(1)
  - NIST-800-53-AC-11(1).1
  - NIST-800-53-CM-6(a)
  - PCI-DSS-Req-8.1.8
  - PCI-DSSv4-8.2
  - PCI-DSSv4-8.2.8
  - dconf_gnome_screensaver_mode_blank
  - low_complexity
  - medium_disruption
  - medium_severity
  - no_reboot_needed
  - unknown_strategy

- name: Prevent user modification of GNOME picture-uri
  ansible.builtin.lineinfile:
    path: /etc/dconf/db/local.d/locks/00-security-settings-lock
    regexp: ^/org/gnome/desktop/screensaver/picture-uri$
    line: /org/gnome/desktop/screensaver/picture-uri
    create: true
  register: result_lineinfile
  when: '"gdm" in ansible_facts.packages'
  tags:
  - CCE-85715-1
  - CJIS-5.5.5
  - DISA-STIG-SLES-15-010140
  - NIST-800-171-3.1.10
  - NIST-800-53-AC-11(1)
  - NIST-800-53-AC-11(1).1
  - NIST-800-53-CM-6(a)
  - PCI-DSS-Req-8.1.8
  - PCI-DSSv4-8.2
  - PCI-DSSv4-8.2.8
  - dconf_gnome_screensaver_mode_blank
  - low_complexity
  - medium_disruption
  - medium_severity
  - no_reboot_needed
  - unknown_strategy

- name: Dconf Update
  ansible.builtin.command: dconf update
  when:
  - '"gdm" in ansible_facts.packages'
  - result_ini is changed or result_lineinfile is changed
  tags:
  - CCE-85715-1
  - CJIS-5.5.5
  - DISA-STIG-SLES-15-010140
  - NIST-800-171-3.1.10
  - NIST-800-53-AC-11(1)
  - NIST-800-53-AC-11(1).1
  - NIST-800-53-CM-6(a)
  - PCI-DSS-Req-8.1.8
  - PCI-DSSv4-8.2
  - PCI-DSSv4-8.2.8
  - dconf_gnome_screensaver_mode_blank
  - low_complexity
  - medium_disruption
  - medium_severity
  - no_reboot_needed
  - unknown_strategy
</fix>
            <check system="http://oval.mitre.org/XMLSchema/oval-definitions-5">
              <check-content-ref name="oval:ssg-dconf_gnome_screensaver_mode_blank:def:1" href="ssg-sle15-oval.xml"/>
            </check>
            <check system="http://scap.nist.gov/schema/ocil/2">
              <check-content-ref name="ocil:ssg-dconf_gnome_screensaver_mode_blank_ocil:questionnaire:1" href="ssg-sle15-ocil.xml"/>
            </check>
          </Rule>
          <Rule id="xccdf_org.ssgproject.content_rule_dconf_gnome_screensaver_user_locks" selected="false" role="full" severity="medium">
            <title xmlns:xhtml="http://www.w3.org/1999/xhtml" xml:lang="en-US">Ensure Users Cannot Change GNOME3 Screensaver Settings</title>
            <description xmlns:xhtml="http://www.w3.org/1999/xhtml" xml:lang="en-US">If not already configured, ensure that users cannot change GNOME3 screensaver lock settings
by adding <html:code xmlns:html="http://www.w3.org/1999/xhtml">/org/gnome/desktop/screensaver/lock-delay</html:code>
to <html:code xmlns:html="http://www.w3.org/1999/xhtml">/etc/dconf/db/local.d/locks/00-security-settings-lock</html:code> to prevent user modification.
For example:
<html:pre xmlns:html="http://www.w3.org/1999/xhtml">/org/gnome/desktop/screensaver/lock-delay</html:pre>
After the settings have been set, run <html:code xmlns:html="http://www.w3.org/1999/xhtml">dconf update</html:code>.</description>
            <reference href="https://www.cisecurity.org/controls/">1</reference>
            <reference href="https://www.cisecurity.org/controls/">12</reference>
            <reference href="https://www.cisecurity.org/controls/">15</reference>
            <reference href="https://www.cisecurity.org/controls/">16</reference>
            <reference href="https://www.isaca.org/resources/cobit">DSS05.04</reference>
            <reference href="https://www.isaca.org/resources/cobit">DSS05.10</reference>
            <reference href="https://www.isaca.org/resources/cobit">DSS06.10</reference>
            <reference href="http://nvlpubs.nist.gov/nistpubs/SpecialPublications/NIST.SP.800-171.pdf">3.1.10</reference>
            <reference href="https://www.isa.org/products/isa-62443-2-1-2009-security-for-industrial-automat">4.3.3.6.1</reference>
            <reference href="https://www.isa.org/products/isa-62443-2-1-2009-security-for-industrial-automat">4.3.3.6.2</reference>
            <reference href="https://www.isa.org/products/isa-62443-2-1-2009-security-for-industrial-automat">4.3.3.6.3</reference>
            <reference href="https://www.isa.org/products/isa-62443-2-1-2009-security-for-industrial-automat">4.3.3.6.4</reference>
            <reference href="https://www.isa.org/products/isa-62443-2-1-2009-security-for-industrial-automat">4.3.3.6.5</reference>
            <reference href="https://www.isa.org/products/isa-62443-2-1-2009-security-for-industrial-automat">4.3.3.6.6</reference>
            <reference href="https://www.isa.org/products/isa-62443-2-1-2009-security-for-industrial-automat">4.3.3.6.7</reference>
            <reference href="https://www.isa.org/products/isa-62443-2-1-2009-security-for-industrial-automat">4.3.3.6.8</reference>
            <reference href="https://www.isa.org/products/isa-62443-2-1-2009-security-for-industrial-automat">4.3.3.6.9</reference>
            <reference href="https://www.isa.org/products/ansi-isa-62443-3-3-99-03-03-2013-security-for-indu">SR 1.1</reference>
            <reference href="https://www.isa.org/products/ansi-isa-62443-3-3-99-03-03-2013-security-for-indu">SR 1.10</reference>
            <reference href="https://www.isa.org/products/ansi-isa-62443-3-3-99-03-03-2013-security-for-indu">SR 1.2</reference>
            <reference href="https://www.isa.org/products/ansi-isa-62443-3-3-99-03-03-2013-security-for-indu">SR 1.5</reference>
            <reference href="https://www.isa.org/products/ansi-isa-62443-3-3-99-03-03-2013-security-for-indu">SR 1.7</reference>
            <reference href="https://www.isa.org/products/ansi-isa-62443-3-3-99-03-03-2013-security-for-indu">SR 1.8</reference>
            <reference href="https://www.isa.org/products/ansi-isa-62443-3-3-99-03-03-2013-security-for-indu">SR 1.9</reference>
            <reference href="https://www.iso.org/contents/data/standard/05/45/54534.html">A.18.1.4</reference>
            <reference href="https://www.iso.org/contents/data/standard/05/45/54534.html">A.9.2.1</reference>
            <reference href="https://www.iso.org/contents/data/standard/05/45/54534.html">A.9.2.4</reference>
            <reference href="https://www.iso.org/contents/data/standard/05/45/54534.html">A.9.3.1</reference>
            <reference href="https://www.iso.org/contents/data/standard/05/45/54534.html">A.9.4.2</reference>
            <reference href="https://www.iso.org/contents/data/standard/05/45/54534.html">A.9.4.3</reference>
            <reference href="http://nvlpubs.nist.gov/nistpubs/SpecialPublications/NIST.SP.800-53r4.pdf">CM-6(a)</reference>
            <reference href="https://nvlpubs.nist.gov/nistpubs/CSWP/NIST.CSWP.04162018.pdf">PR.AC-7</reference>
            <reference href="https://www.cyber.mil/stigs/downloads/?_dl_facet_stigs=operating-systems%2Cgeneral-purpose-os">SRG-OS-000029-GPOS-00010</reference>
            <reference href="https://www.cyber.mil/stigs/downloads/?_dl_facet_stigs=operating-systems%2Cgeneral-purpose-os">SRG-OS-000031-GPOS-00012</reference>
            <reference href="not_publicly_available">SLES-15-151200165</reference>
            <rationale xmlns:xhtml="http://www.w3.org/1999/xhtml" xml:lang="en-US">A session time-out lock is a temporary action taken when a user stops work and moves away from the immediate
physical vicinity of the information system but does not logout because of the temporary nature of the absence.
Rather than relying on the user to manually lock their operating system session prior to vacating the vicinity,
GNOME desktops can be configured to identify when a user's session has idled and take action to initiate the
session lock. As such, users should not be allowed to change session settings.</rationale>
            <ident system="https://ncp.nist.gov/cce">CCE-92498-5</ident>
            <fix xmlns:xhtml="http://www.w3.org/1999/xhtml" id="dconf_gnome_screensaver_user_locks" system="urn:xccdf:fix:script:sh"># Remediation is applicable only in certain platforms
if rpm --quiet -q gdm; then

# Check for setting in any of the DConf db directories
LOCKFILES=$(grep -r "^/org/gnome/desktop/screensaver/lock-delay$" "/etc/dconf/db/" \
            | grep -v 'distro\|ibus\|local.d' | grep ":" | cut -d":" -f1)
LOCKSFOLDER="/etc/dconf/db/local.d/locks"

mkdir -p "${LOCKSFOLDER}"

# Comment out the configurations in databases different from the target one
if [[ ! -z "${LOCKFILES}" ]]
then
    sed -i -E "s|^/org/gnome/desktop/screensaver/lock-delay$|#&amp;|" "${LOCKFILES[@]}"
fi

if ! grep -qr "^/org/gnome/desktop/screensaver/lock-delay$" /etc/dconf/db/local.d/
then
    echo "/org/gnome/desktop/screensaver/lock-delay" &gt;&gt; "/etc/dconf/db/local.d/locks/00-security-settings-lock"
fi
dconf update

else
    &gt;&amp;2 echo 'Remediation is not applicable, nothing was done'
fi
</fix>
            <check system="http://oval.mitre.org/XMLSchema/oval-definitions-5">
              <check-content-ref name="oval:ssg-dconf_gnome_screensaver_user_locks:def:1" href="ssg-sle15-oval.xml"/>
            </check>
            <check system="http://scap.nist.gov/schema/ocil/2">
              <check-content-ref name="ocil:ssg-dconf_gnome_screensaver_user_locks_ocil:questionnaire:1" href="ssg-sle15-ocil.xml"/>
            </check>
          </Rule>
          <Rule id="xccdf_org.ssgproject.content_rule_dconf_gnome_session_idle_user_locks" selected="false" role="full" severity="medium">
            <title xmlns:xhtml="http://www.w3.org/1999/xhtml" xml:lang="en-US">Ensure Users Cannot Change GNOME3 Session Idle Settings</title>
            <description xmlns:xhtml="http://www.w3.org/1999/xhtml" xml:lang="en-US">If not already configured, ensure that users cannot change GNOME3 session idle settings
by adding <html:code xmlns:html="http://www.w3.org/1999/xhtml">/org/gnome/desktop/session/idle-delay</html:code>
to <html:code xmlns:html="http://www.w3.org/1999/xhtml">/etc/dconf/db/local.d/locks/00-security-settings-lock</html:code> to prevent user modification.
For example:
<html:pre xmlns:html="http://www.w3.org/1999/xhtml">/org/gnome/desktop/session/idle-delay</html:pre>
After the settings have been set, run <html:code xmlns:html="http://www.w3.org/1999/xhtml">dconf update</html:code>.</description>
            <reference href="https://www.cisecurity.org/controls/">1</reference>
            <reference href="https://www.cisecurity.org/controls/">12</reference>
            <reference href="https://www.cisecurity.org/controls/">15</reference>
            <reference href="https://www.cisecurity.org/controls/">16</reference>
            <reference href="https://www.isaca.org/resources/cobit">DSS05.04</reference>
            <reference href="https://www.isaca.org/resources/cobit">DSS05.10</reference>
            <reference href="https://www.isaca.org/resources/cobit">DSS06.10</reference>
            <reference href="http://nvlpubs.nist.gov/nistpubs/SpecialPublications/NIST.SP.800-171.pdf">3.1.10</reference>
            <reference href="https://www.isa.org/products/isa-62443-2-1-2009-security-for-industrial-automat">4.3.3.6.1</reference>
            <reference href="https://www.isa.org/products/isa-62443-2-1-2009-security-for-industrial-automat">4.3.3.6.2</reference>
            <reference href="https://www.isa.org/products/isa-62443-2-1-2009-security-for-industrial-automat">4.3.3.6.3</reference>
            <reference href="https://www.isa.org/products/isa-62443-2-1-2009-security-for-industrial-automat">4.3.3.6.4</reference>
            <reference href="https://www.isa.org/products/isa-62443-2-1-2009-security-for-industrial-automat">4.3.3.6.5</reference>
            <reference href="https://www.isa.org/products/isa-62443-2-1-2009-security-for-industrial-automat">4.3.3.6.6</reference>
            <reference href="https://www.isa.org/products/isa-62443-2-1-2009-security-for-industrial-automat">4.3.3.6.7</reference>
            <reference href="https://www.isa.org/products/isa-62443-2-1-2009-security-for-industrial-automat">4.3.3.6.8</reference>
            <reference href="https://www.isa.org/products/isa-62443-2-1-2009-security-for-industrial-automat">4.3.3.6.9</reference>
            <reference href="https://www.isa.org/products/ansi-isa-62443-3-3-99-03-03-2013-security-for-indu">SR 1.1</reference>
            <reference href="https://www.isa.org/products/ansi-isa-62443-3-3-99-03-03-2013-security-for-indu">SR 1.10</reference>
            <reference href="https://www.isa.org/products/ansi-isa-62443-3-3-99-03-03-2013-security-for-indu">SR 1.2</reference>
            <reference href="https://www.isa.org/products/ansi-isa-62443-3-3-99-03-03-2013-security-for-indu">SR 1.5</reference>
            <reference href="https://www.isa.org/products/ansi-isa-62443-3-3-99-03-03-2013-security-for-indu">SR 1.7</reference>
            <reference href="https://www.isa.org/products/ansi-isa-62443-3-3-99-03-03-2013-security-for-indu">SR 1.8</reference>
            <reference href="https://www.isa.org/products/ansi-isa-62443-3-3-99-03-03-2013-security-for-indu">SR 1.9</reference>
            <reference href="https://www.iso.org/contents/data/standard/05/45/54534.html">A.18.1.4</reference>
            <reference href="https://www.iso.org/contents/data/standard/05/45/54534.html">A.9.2.1</reference>
            <reference href="https://www.iso.org/contents/data/standard/05/45/54534.html">A.9.2.4</reference>
            <reference href="https://www.iso.org/contents/data/standard/05/45/54534.html">A.9.3.1</reference>
            <reference href="https://www.iso.org/contents/data/standard/05/45/54534.html">A.9.4.2</reference>
            <reference href="https://www.iso.org/contents/data/standard/05/45/54534.html">A.9.4.3</reference>
            <reference href="http://nvlpubs.nist.gov/nistpubs/SpecialPublications/NIST.SP.800-53r4.pdf">CM-6(a)</reference>
            <reference href="https://nvlpubs.nist.gov/nistpubs/CSWP/NIST.CSWP.04162018.pdf">PR.AC-7</reference>
            <reference href="https://www.pcisecuritystandards.org/documents/PCI_DSS_v3-2-1.pdf">Req-8.1.8</reference>
            <reference href="https://www.cyber.mil/stigs/downloads/?_dl_facet_stigs=operating-systems%2Cgeneral-purpose-os">SRG-OS-000029-GPOS-00010</reference>
            <reference href="https://www.cyber.mil/stigs/downloads/?_dl_facet_stigs=operating-systems%2Cgeneral-purpose-os">SRG-OS-000031-GPOS-00012</reference>
            <reference href="https://www.cyber.mil/stigs/downloads/?_dl_facet_stigs=operating-systems%2Cunix-linux">SLES-15-010120</reference>
            <reference href="not_publicly_available">SLES-15-151200165</reference>
            <reference href="https://docs-prv.pcisecuritystandards.org/PCI%20DSS/Standard/PCI-DSS-v4_0.pdf">8.2.8</reference>
            <reference href="https://docs-prv.pcisecuritystandards.org/PCI%20DSS/Standard/PCI-DSS-v4_0.pdf">8.2</reference>
            <reference href="https://www.cyber.mil/stigs/srg-stig-tools/">SV-234812r958402_rule</reference>
            <rationale xmlns:xhtml="http://www.w3.org/1999/xhtml" xml:lang="en-US">A session time-out lock is a temporary action taken when a user stops work and moves away from the immediate
physical vicinity of the information system but does not logout because of the temporary nature of the absence.
Rather than relying on the user to manually lock their operating system session prior to vacating the vicinity,
GNOME desktops can be configured to identify when a user's session has idled and take action to initiate the
session lock. As such, users should not be allowed to change session settings.</rationale>
            <ident system="https://ncp.nist.gov/cce">CCE-91245-1</ident>
            <fix xmlns:xhtml="http://www.w3.org/1999/xhtml" id="dconf_gnome_session_idle_user_locks" system="urn:xccdf:fix:script:sh"># Remediation is applicable only in certain platforms
if rpm --quiet -q gdm; then

# Check for setting in any of the DConf db directories
LOCKFILES=$(grep -r "^/org/gnome/desktop/session/idle-delay$" "/etc/dconf/db/" \
            | grep -v 'distro\|ibus\|local.d' | grep ":" | cut -d":" -f1)
LOCKSFOLDER="/etc/dconf/db/local.d/locks"

mkdir -p "${LOCKSFOLDER}"

# Comment out the configurations in databases different from the target one
if [[ ! -z "${LOCKFILES}" ]]
then
    sed -i -E "s|^/org/gnome/desktop/session/idle-delay$|#&amp;|" "${LOCKFILES[@]}"
fi

if ! grep -qr "^/org/gnome/desktop/session/idle-delay$" /etc/dconf/db/local.d/
then
    echo "/org/gnome/desktop/session/idle-delay" &gt;&gt; "/etc/dconf/db/local.d/locks/00-security-settings-lock"
fi
dconf update

else
    &gt;&amp;2 echo 'Remediation is not applicable, nothing was done'
fi
</fix>
            <fix xmlns:xhtml="http://www.w3.org/1999/xhtml" id="dconf_gnome_session_idle_user_locks" system="urn:xccdf:fix:script:ansible" complexity="low" disruption="medium">- name: Gather the package facts
  package_facts:
    manager: auto
  tags:
  - CCE-91245-1
  - DISA-STIG-SLES-15-010120
  - NIST-800-171-3.1.10
  - NIST-800-53-CM-6(a)
  - PCI-DSS-Req-8.1.8
  - PCI-DSSv4-8.2
  - PCI-DSSv4-8.2.8
  - dconf_gnome_session_idle_user_locks
  - low_complexity
  - medium_disruption
  - medium_severity
  - no_reboot_needed
  - unknown_strategy

- name: Prevent user modification of GNOME Session idle-delay
  ansible.builtin.lineinfile:
    path: /etc/dconf/db/local.d/locks/00-security-settings-lock
    regexp: ^/org/gnome/desktop/session/idle-delay$
    line: /org/gnome/desktop/session/idle-delay
    create: true
  register: result_lineinfile
  when: '"gdm" in ansible_facts.packages'
  tags:
  - CCE-91245-1
  - DISA-STIG-SLES-15-010120
  - NIST-800-171-3.1.10
  - NIST-800-53-CM-6(a)
  - PCI-DSS-Req-8.1.8
  - PCI-DSSv4-8.2
  - PCI-DSSv4-8.2.8
  - dconf_gnome_session_idle_user_locks
  - low_complexity
  - medium_disruption
  - medium_severity
  - no_reboot_needed
  - unknown_strategy

- name: Dconf Update
  ansible.builtin.command: dconf update
  when:
  - '"gdm" in ansible_facts.packages'
  - result_lineinfile is changed
  tags:
  - CCE-91245-1
  - DISA-STIG-SLES-15-010120
  - NIST-800-171-3.1.10
  - NIST-800-53-CM-6(a)
  - PCI-DSS-Req-8.1.8
  - PCI-DSSv4-8.2
  - PCI-DSSv4-8.2.8
  - dconf_gnome_session_idle_user_locks
  - low_complexity
  - medium_disruption
  - medium_severity
  - no_reboot_needed
  - unknown_strategy
</fix>
            <check system="http://oval.mitre.org/XMLSchema/oval-definitions-5">
              <check-content-ref name="oval:ssg-dconf_gnome_session_idle_user_locks:def:1" href="ssg-sle15-oval.xml"/>
            </check>
            <check system="http://scap.nist.gov/schema/ocil/2">
              <check-content-ref name="ocil:ssg-dconf_gnome_session_idle_user_locks_ocil:questionnaire:1" href="ssg-sle15-ocil.xml"/>
            </check>
          </Rule>
        </Group>
      </Group>
      <Group id="xccdf_org.ssgproject.content_group_sudo">
        <title xmlns:xhtml="http://www.w3.org/1999/xhtml" xml:lang="en-US">Sudo</title>
        <description xmlns:xhtml="http://www.w3.org/1999/xhtml" xml:lang="en-US"><html:code xmlns:html="http://www.w3.org/1999/xhtml">Sudo</html:code>, which stands for "su 'do'", provides the ability to delegate authority
to certain users, groups of users, or system administrators. When configured for system
users and/or groups, <html:code xmlns:html="http://www.w3.org/1999/xhtml">Sudo</html:code> can allow a user or group to execute privileged commands
that normally only <html:code xmlns:html="http://www.w3.org/1999/xhtml">root</html:code> is allowed to execute.
<html:br xmlns:html="http://www.w3.org/1999/xhtml"/>
       <html:br xmlns:html="http://www.w3.org/1999/xhtml"/>
For more information on <html:code xmlns:html="http://www.w3.org/1999/xhtml">Sudo</html:code> and addition <html:code xmlns:html="http://www.w3.org/1999/xhtml">Sudo</html:code> configuration options, see
<html:b xmlns:html="http://www.w3.org/1999/xhtml"><html:a href="https://www.sudo.ws">https://www.sudo.ws</html:a></html:b>.</description>
        <platform idref="#system_with_kernel"/>
        <Value id="xccdf_org.ssgproject.content_value_var_sudo_dedicated_group" type="string" interactive="true">
          <title xmlns:xhtml="http://www.w3.org/1999/xhtml" xml:lang="en-US">Group name dedicated to the use of sudo</title>
          <description xmlns:xhtml="http://www.w3.org/1999/xhtml" xml:lang="en-US">Specify the name of the group that should own /usr/bin/sudo.</description>
          <value>root</value>
          <value selector="root">root</value>
          <value selector="sudogrp">sudogrp</value>
        </Value>
        <Value id="xccdf_org.ssgproject.content_value_var_sudo_logfile" type="string" interactive="true">
          <title xmlns:xhtml="http://www.w3.org/1999/xhtml" xml:lang="en-US">Sudo - logfile value</title>
          <description xmlns:xhtml="http://www.w3.org/1999/xhtml" xml:lang="en-US">Specify the sudo logfile to use. The default value used here matches the example
location from CIS, which uses /var/log/sudo.log.</description>
          <value>/var/log/sudo.log</value>
          <value selector="var_log_sudo_log">/var/log/sudo.log</value>
        </Value>
        <Value id="xccdf_org.ssgproject.content_value_var_sudo_passwd_timeout" type="string">
          <title xmlns:xhtml="http://www.w3.org/1999/xhtml" xml:lang="en-US">Sudo - passwd_timeout value</title>
          <description xmlns:xhtml="http://www.w3.org/1999/xhtml" xml:lang="en-US">Defines the number of minutes before the <html:code xmlns:html="http://www.w3.org/1999/xhtml">sudo</html:code> password prompt times out.
Defining 0 means no timeout. The default timeout value is 5 minutes.</description>
          <value>5</value>
          <value selector="infinite">0</value>
          <value selector="1_minute">1</value>
          <value selector="2_minutes">2</value>
          <value selector="3_minutes">3</value>
          <value selector="5_minutes">5</value>
        </Value>
        <Value id="xccdf_org.ssgproject.content_value_var_sudo_timestamp_timeout" type="string">
          <title xmlns:xhtml="http://www.w3.org/1999/xhtml" xml:lang="en-US">Sudo - timestamp_timeout value</title>
          <description xmlns:xhtml="http://www.w3.org/1999/xhtml" xml:lang="en-US">Defines the number of minutes that can elapse before <html:code xmlns:html="http://www.w3.org/1999/xhtml">sudo</html:code> will ask for a passwd again.
If set to a value less than 0 the user's time stamp will never expire. Defining 0 means always prompt for a 
password. The default timeout value is 5 minutes.</description>
          <value>5</value>
          <value selector="always_prompt">0</value>
          <value selector="1_minute">1</value>
          <value selector="2_minutes">2</value>
          <value selector="3_minutes">3</value>
          <value selector="5_minutes">5</value>
          <value selector="15_minutes">15</value>
        </Value>
        <Value id="xccdf_org.ssgproject.content_value_var_sudo_umask" type="string">
          <title xmlns:xhtml="http://www.w3.org/1999/xhtml" xml:lang="en-US">Sudo - umask value</title>
          <description xmlns:xhtml="http://www.w3.org/1999/xhtml" xml:lang="en-US">Specify the sudo umask to use. The actual umask value that is used is the union
of the user's umask and the sudo umask.
The default sudo umask is 0022. This guarantess sudo never lowers the umask when
running a command.</description>
          <value>0022</value>
          <value selector="0022">0022</value>
          <value selector="0027">0027</value>
          <value selector="0077">0077</value>
        </Value>
        <Rule id="xccdf_org.ssgproject.content_rule_package_sudo_installed" selected="false" role="full" severity="medium">
          <title xmlns:xhtml="http://www.w3.org/1999/xhtml" xml:lang="en-US">Install sudo Package</title>
          <description xmlns:xhtml="http://www.w3.org/1999/xhtml" xml:lang="en-US">The <html:code xmlns:html="http://www.w3.org/1999/xhtml">sudo</html:code> package can be installed with the following command:
<html:pre xmlns:html="http://www.w3.org/1999/xhtml">
$ sudo zypper install sudo</html:pre>
       </description>
          <reference href="http://nvlpubs.nist.gov/nistpubs/SpecialPublications/NIST.SP.800-53r4.pdf">CM-6(a)</reference>
          <reference href="https://www.niap-ccevs.org/Profile/PP.cfm">FMT_MOF_EXT.1</reference>
          <reference href="https://www.cyber.mil/stigs/downloads/?_dl_facet_stigs=operating-systems%2Cgeneral-purpose-os">SRG-OS-000324-GPOS-00125</reference>
          <reference href="https://www.cisecurity.org/benchmark/suse_linux/">1.3.1</reference>
          <reference href="https://cyber.gouv.fr/sites/default/files/document/linux_configuration-en-v2.pdf">R33</reference>
          <reference href="not_publicly_available">SLES-15-600300015</reference>
          <reference href="https://www.cyber.gov.au/acsc/view-all-content/ism">1386</reference>
          <reference href="https://docs-prv.pcisecuritystandards.org/PCI%20DSS/Standard/PCI-DSS-v4_0.pdf">2.2.6</reference>
          <reference href="https://docs-prv.pcisecuritystandards.org/PCI%20DSS/Standard/PCI-DSS-v4_0.pdf">2.2</reference>
          <rationale xmlns:xhtml="http://www.w3.org/1999/xhtml" xml:lang="en-US"><html:code xmlns:html="http://www.w3.org/1999/xhtml">sudo</html:code> is a program designed to allow a system administrator to give
limited root privileges to users and log root activity. The basic philosophy
is to give as few privileges as possible but still allow system users to
get their work done.</rationale>
          <ident system="https://ncp.nist.gov/cce">CCE-91183-4</ident>
          <fix xmlns:xhtml="http://www.w3.org/1999/xhtml" id="package_sudo_installed" system="urn:xccdf:fix:script:puppet" complexity="low" disruption="low" strategy="enable">include install_sudo

class install_sudo {
  package { 'sudo':
    ensure =&gt; 'installed',
  }
}
</fix>
          <fix xmlns:xhtml="http://www.w3.org/1999/xhtml" id="package_sudo_installed" system="urn:xccdf:fix:script:sh" complexity="low" disruption="low" strategy="enable"># Remediation is applicable only in certain platforms
if rpm --quiet -q kernel-default || rpm --quiet -q kernel-default-base; then

zypper install -y "sudo"

else
    &gt;&amp;2 echo 'Remediation is not applicable, nothing was done'
fi
</fix>
          <fix xmlns:xhtml="http://www.w3.org/1999/xhtml" id="package_sudo_installed" system="urn:redhat:osbuild:blueprint">
[[packages]]
name = "sudo"
version = "*"
</fix>
          <fix xmlns:xhtml="http://www.w3.org/1999/xhtml" id="package_sudo_installed" system="urn:xccdf:fix:script:ansible" complexity="low" disruption="low" strategy="enable">- name: Gather the package facts
  package_facts:
    manager: auto
  tags:
  - CCE-91183-4
  - NIST-800-53-CM-6(a)
  - PCI-DSSv4-2.2
  - PCI-DSSv4-2.2.6
  - enable_strategy
  - low_complexity
  - low_disruption
  - medium_severity
  - no_reboot_needed
  - package_sudo_installed

- name: Ensure sudo is installed
  ansible.builtin.package:
    name: sudo
    state: present
  when: ("kernel-default" in ansible_facts.packages or "kernel-default-base" in ansible_facts.packages)
  tags:
  - CCE-91183-4
  - NIST-800-53-CM-6(a)
  - PCI-DSSv4-2.2
  - PCI-DSSv4-2.2.6
  - enable_strategy
  - low_complexity
  - low_disruption
  - medium_severity
  - no_reboot_needed
  - package_sudo_installed
</fix>
          <check system="http://oval.mitre.org/XMLSchema/oval-definitions-5">
            <check-content-ref name="oval:ssg-package_sudo_installed:def:1" href="ssg-sle15-oval.xml"/>
          </check>
          <check system="http://scap.nist.gov/schema/ocil/2">
            <check-content-ref name="ocil:ssg-package_sudo_installed_ocil:questionnaire:1" href="ssg-sle15-ocil.xml"/>
          </check>
        </Rule>
        <Rule id="xccdf_org.ssgproject.content_rule_directory_groupowner_etc_sudoersd" selected="false" role="full" severity="medium">
          <title xmlns:xhtml="http://www.w3.org/1999/xhtml" xml:lang="en-US">Verify Group Who Owns /etc/sudoers.d Directory</title>
          <description xmlns:xhtml="http://www.w3.org/1999/xhtml" xml:lang="en-US"> To properly set the group owner of <html:code xmlns:html="http://www.w3.org/1999/xhtml">/etc/sudoers.d</html:code>, run the command:
<html:pre xmlns:html="http://www.w3.org/1999/xhtml">$ sudo chgrp root /etc/sudoers.d</html:pre>
       </description>
          <reference href="https://cyber.gouv.fr/sites/default/files/document/linux_configuration-en-v2.pdf">R50</reference>
          <reference href="not_publicly_available">SLES-15-900150255</reference>
          <rationale xmlns:xhtml="http://www.w3.org/1999/xhtml" xml:lang="en-US">The ownership of the /etc/sudoers.d directory by the root group is important
because this directory hosts sudo configuration. Protection of this
directory is critical for system security. Assigning the ownership to root
ensures exclusive control of the sudo configuration.</rationale>
          <ident system="https://ncp.nist.gov/cce">CCE-92503-2</ident>
          <fix xmlns:xhtml="http://www.w3.org/1999/xhtml" id="directory_groupowner_etc_sudoersd" system="urn:xccdf:fix:script:sh" complexity="low" disruption="low" strategy="configure"># Remediation is applicable only in certain platforms
if rpm --quiet -q kernel-default || rpm --quiet -q kernel-default-base; then

newgroup=""
if getent group "root" &gt;/dev/null 2&gt;&amp;1; then
  newgroup="root"
fi

if [[ -z "${newgroup}" ]]; then
  &gt;&amp;2 echo "root is not a defined group on the system"
else
find -P /etc/sudoers.d/ -maxdepth 0 -type d  ! -group root -exec chgrp --no-dereference "$newgroup" {} \;

fi

else
    &gt;&amp;2 echo 'Remediation is not applicable, nothing was done'
fi
</fix>
          <fix xmlns:xhtml="http://www.w3.org/1999/xhtml" id="directory_groupowner_etc_sudoersd" system="urn:xccdf:fix:script:ansible" complexity="low" disruption="low" strategy="configure">- name: Gather the package facts
  package_facts:
    manager: auto
  tags:
  - CCE-92503-2
  - configure_strategy
  - directory_groupowner_etc_sudoersd
  - low_complexity
  - low_disruption
  - medium_severity
  - no_reboot_needed

- name: Check that the root group is defined
  ansible.builtin.getent:
    database: group
    key: root
  ignore_errors: true
  when:
  - ("kernel-default" in ansible_facts.packages or "kernel-default-base" in ansible_facts.packages)
  - directory_groupowner_etc_sudoersd_newgroup is undefined
  tags:
  - CCE-92503-2
  - configure_strategy
  - directory_groupowner_etc_sudoersd
  - low_complexity
  - low_disruption
  - medium_severity
  - no_reboot_needed

- name: Set the directory_groupowner_etc_sudoersd_newgroup variable if root found
  ansible.builtin.set_fact:
    directory_groupowner_etc_sudoersd_newgroup: root
  when:
  - ("kernel-default" in ansible_facts.packages or "kernel-default-base" in ansible_facts.packages)
  - ansible_facts.getent_group["root"] is defined
  tags:
  - CCE-92503-2
  - configure_strategy
  - directory_groupowner_etc_sudoersd
  - low_complexity
  - low_disruption
  - medium_severity
  - no_reboot_needed

- name: Ensure group owner on /etc/sudoers.d/
  ansible.builtin.file:
    path: /etc/sudoers.d/
    follow: false
    state: directory
    group: '{{ directory_groupowner_etc_sudoersd_newgroup }}'
  when: ("kernel-default" in ansible_facts.packages or "kernel-default-base" in ansible_facts.packages)
  tags:
  - CCE-92503-2
  - configure_strategy
  - directory_groupowner_etc_sudoersd
  - low_complexity
  - low_disruption
  - medium_severity
  - no_reboot_needed
</fix>
          <check system="http://oval.mitre.org/XMLSchema/oval-definitions-5">
            <check-content-ref name="oval:ssg-directory_groupowner_etc_sudoersd:def:1" href="ssg-sle15-oval.xml"/>
          </check>
          <check system="http://scap.nist.gov/schema/ocil/2">
            <check-content-ref name="ocil:ssg-directory_groupowner_etc_sudoersd_ocil:questionnaire:1" href="ssg-sle15-ocil.xml"/>
          </check>
        </Rule>
        <Rule id="xccdf_org.ssgproject.content_rule_directory_owner_etc_sudoersd" selected="false" role="full" severity="medium">
          <title xmlns:xhtml="http://www.w3.org/1999/xhtml" xml:lang="en-US">Verify User Who Owns /etc/sudoers.d Directory</title>
          <description xmlns:xhtml="http://www.w3.org/1999/xhtml" xml:lang="en-US"> To properly set the owner of <html:code xmlns:html="http://www.w3.org/1999/xhtml">/etc/sudoers.d</html:code>, run the command:
<html:pre xmlns:html="http://www.w3.org/1999/xhtml">$ sudo chown root /etc/sudoers.d </html:pre>
       </description>
          <reference href="https://cyber.gouv.fr/sites/default/files/document/linux_configuration-en-v2.pdf">R50</reference>
          <reference href="not_publicly_available">SLES-15-900150255</reference>
          <rationale xmlns:xhtml="http://www.w3.org/1999/xhtml" xml:lang="en-US">The ownership of the /etc/sudoers.d directory by the root user is important
because this directory hosts sudo configuration. Protection of this
directory is critical for system security. Assigning the ownership to root
ensures exclusive control of the sudo configuration.</rationale>
          <ident system="https://ncp.nist.gov/cce">CCE-92512-3</ident>
          <fix xmlns:xhtml="http://www.w3.org/1999/xhtml" id="directory_owner_etc_sudoersd" system="urn:xccdf:fix:script:sh" complexity="low" disruption="low" strategy="configure"># Remediation is applicable only in certain platforms
if rpm --quiet -q kernel-default || rpm --quiet -q kernel-default-base; then

newown=""
if id "0" &gt;/dev/null 2&gt;&amp;1; then
  newown="0"
fi

if [[ -z "$newown" ]]; then
  &gt;&amp;2 echo "0 is not a defined user on the system"
else
find -P /etc/sudoers.d/ -maxdepth 0 -type d  ! -user 0 -exec chown --no-dereference "$newown" {} \;

fi

else
    &gt;&amp;2 echo 'Remediation is not applicable, nothing was done'
fi
</fix>
          <fix xmlns:xhtml="http://www.w3.org/1999/xhtml" id="directory_owner_etc_sudoersd" system="urn:xccdf:fix:script:ansible" complexity="low" disruption="low" strategy="configure">- name: Gather the package facts
  package_facts:
    manager: auto
  tags:
  - CCE-92512-3
  - configure_strategy
  - directory_owner_etc_sudoersd
  - low_complexity
  - low_disruption
  - medium_severity
  - no_reboot_needed

- name: Set the directory_owner_etc_sudoersd_newown variable if represented by uid
  ansible.builtin.set_fact:
    directory_owner_etc_sudoersd_newown: '0'
  when: ("kernel-default" in ansible_facts.packages or "kernel-default-base" in ansible_facts.packages)
  tags:
  - CCE-92512-3
  - configure_strategy
  - directory_owner_etc_sudoersd
  - low_complexity
  - low_disruption
  - medium_severity
  - no_reboot_needed

- name: Ensure owner on directory /etc/sudoers.d/
  ansible.builtin.file:
    path: /etc/sudoers.d/
    follow: false
    state: directory
    owner: '{{ directory_owner_etc_sudoersd_newown }}'
  when: ("kernel-default" in ansible_facts.packages or "kernel-default-base" in ansible_facts.packages)
  tags:
  - CCE-92512-3
  - configure_strategy
  - directory_owner_etc_sudoersd
  - low_complexity
  - low_disruption
  - medium_severity
  - no_reboot_needed
</fix>
          <check system="http://oval.mitre.org/XMLSchema/oval-definitions-5">
            <check-content-ref name="oval:ssg-directory_owner_etc_sudoersd:def:1" href="ssg-sle15-oval.xml"/>
          </check>
          <check system="http://scap.nist.gov/schema/ocil/2">
            <check-content-ref name="ocil:ssg-directory_owner_etc_sudoersd_ocil:questionnaire:1" href="ssg-sle15-ocil.xml"/>
          </check>
        </Rule>
        <Rule id="xccdf_org.ssgproject.content_rule_directory_permissions_etc_sudoersd" selected="false" role="full" severity="medium">
          <title xmlns:xhtml="http://www.w3.org/1999/xhtml" xml:lang="en-US">Verify Permissions On /etc/sudoers.d Directory</title>
          <description xmlns:xhtml="http://www.w3.org/1999/xhtml" xml:lang="en-US"> To properly set the permissions of <html:code xmlns:html="http://www.w3.org/1999/xhtml">/etc/sudoers.d</html:code>, run the command: <html:pre xmlns:html="http://www.w3.org/1999/xhtml">$ sudo chmod 0750 /etc/sudoers.d</html:pre>
       </description>
          <reference href="https://cyber.gouv.fr/sites/default/files/document/linux_configuration-en-v2.pdf">R50</reference>
          <reference href="not_publicly_available">SLES-15-900150255</reference>
          <rationale xmlns:xhtml="http://www.w3.org/1999/xhtml" xml:lang="en-US">Setting correct permissions on the /etc/sudoers.d directory is important
because this directory hosts sudo configuration. Protection of this
directory is critical for system security. Restricting the permissions
ensures exclusive control of the sudo configuration.</rationale>
          <ident system="https://ncp.nist.gov/cce">CCE-92525-5</ident>
          <fix xmlns:xhtml="http://www.w3.org/1999/xhtml" id="directory_permissions_etc_sudoersd" system="urn:xccdf:fix:script:sh" complexity="low" disruption="low" strategy="configure"># Remediation is applicable only in certain platforms
if rpm --quiet -q kernel-default || rpm --quiet -q kernel-default-base; then

find -H /etc/sudoers.d/ -maxdepth 0 -perm /u+s,g+ws,o+xwrt -type d -exec chmod u-s,g-ws,o-xwrt {} \;

else
    &gt;&amp;2 echo 'Remediation is not applicable, nothing was done'
fi
</fix>
          <fix xmlns:xhtml="http://www.w3.org/1999/xhtml" id="directory_permissions_etc_sudoersd" system="urn:xccdf:fix:script:ansible" complexity="low" disruption="low" strategy="configure">- name: Gather the package facts
  package_facts:
    manager: auto
  tags:
  - CCE-92525-5
  - configure_strategy
  - directory_permissions_etc_sudoersd
  - low_complexity
  - low_disruption
  - medium_severity
  - no_reboot_needed

- name: Find /etc/sudoers.d/ file(s)
  ansible.builtin.command: 'find -P /etc/sudoers.d/ -maxdepth 0 -perm /u+s,g+ws,o+xwrt  -type
    d '
  register: files_found
  changed_when: false
  failed_when: false
  check_mode: false
  when: ("kernel-default" in ansible_facts.packages or "kernel-default-base" in ansible_facts.packages)
  tags:
  - CCE-92525-5
  - configure_strategy
  - directory_permissions_etc_sudoersd
  - low_complexity
  - low_disruption
  - medium_severity
  - no_reboot_needed

- name: Set permissions for /etc/sudoers.d/ file(s)
  ansible.builtin.file:
    path: '{{ item }}'
    mode: u-s,g-ws,o-xwrt
    state: directory
  with_items:
  - '{{ files_found.stdout_lines }}'
  when: ("kernel-default" in ansible_facts.packages or "kernel-default-base" in ansible_facts.packages)
  tags:
  - CCE-92525-5
  - configure_strategy
  - directory_permissions_etc_sudoersd
  - low_complexity
  - low_disruption
  - medium_severity
  - no_reboot_needed
</fix>
          <check system="http://oval.mitre.org/XMLSchema/oval-definitions-5">
            <check-content-ref name="oval:ssg-directory_permissions_etc_sudoersd:def:1" href="ssg-sle15-oval.xml"/>
          </check>
          <check system="http://scap.nist.gov/schema/ocil/2">
            <check-content-ref name="ocil:ssg-directory_permissions_etc_sudoersd_ocil:questionnaire:1" href="ssg-sle15-ocil.xml"/>
          </check>
        </Rule>
        <Rule id="xccdf_org.ssgproject.content_rule_file_groupowner_etc_sudoers" selected="false" role="full" severity="medium">
          <title xmlns:xhtml="http://www.w3.org/1999/xhtml" xml:lang="en-US">Verify Group Who Owns /etc/sudoers File</title>
          <description xmlns:xhtml="http://www.w3.org/1999/xhtml" xml:lang="en-US"> To properly set the group owner of <html:code xmlns:html="http://www.w3.org/1999/xhtml">/etc/sudoers</html:code>, run the command:
<html:pre xmlns:html="http://www.w3.org/1999/xhtml">$ sudo chgrp root /etc/sudoers</html:pre>
       </description>
          <reference href="https://cyber.gouv.fr/sites/default/files/document/linux_configuration-en-v2.pdf">R50</reference>
          <rationale xmlns:xhtml="http://www.w3.org/1999/xhtml" xml:lang="en-US">The ownership of the /etc/sudoers file by the root group is important
because this file hosts sudo configuration. Protection of this
file is critical for system security. Assigning the ownership to root
ensures exclusive control of the sudo configuration.</rationale>
          <fix xmlns:xhtml="http://www.w3.org/1999/xhtml" id="file_groupowner_etc_sudoers" system="urn:xccdf:fix:script:sh" complexity="low" disruption="low" strategy="configure"># Remediation is applicable only in certain platforms
if rpm --quiet -q kernel-default || rpm --quiet -q kernel-default-base; then

newgroup=""
if getent group "root" &gt;/dev/null 2&gt;&amp;1; then
  newgroup="root"
fi

if [[ -z "${newgroup}" ]]; then
  &gt;&amp;2 echo "root is not a defined group on the system"
else
if ! stat -c "%g %G" "/etc/sudoers" | grep -E -w -q "root"; then
    chgrp --no-dereference "$newgroup" /etc/sudoers
fi

fi

else
    &gt;&amp;2 echo 'Remediation is not applicable, nothing was done'
fi
</fix>
          <fix xmlns:xhtml="http://www.w3.org/1999/xhtml" id="file_groupowner_etc_sudoers" system="urn:xccdf:fix:script:ansible" complexity="low" disruption="low" strategy="configure">- name: Gather the package facts
  package_facts:
    manager: auto
  tags:
  - configure_strategy
  - file_groupowner_etc_sudoers
  - low_complexity
  - low_disruption
  - medium_severity
  - no_reboot_needed

- name: Check that the root group is defined
  ansible.builtin.getent:
    database: group
    key: root
  ignore_errors: true
  when:
  - ("kernel-default" in ansible_facts.packages or "kernel-default-base" in ansible_facts.packages)
  - file_groupowner_etc_sudoers_newgroup is undefined
  tags:
  - configure_strategy
  - file_groupowner_etc_sudoers
  - low_complexity
  - low_disruption
  - medium_severity
  - no_reboot_needed

- name: Set the file_groupowner_etc_sudoers_newgroup variable if root found
  ansible.builtin.set_fact:
    file_groupowner_etc_sudoers_newgroup: root
  when:
  - ("kernel-default" in ansible_facts.packages or "kernel-default-base" in ansible_facts.packages)
  - ansible_facts.getent_group["root"] is defined
  tags:
  - configure_strategy
  - file_groupowner_etc_sudoers
  - low_complexity
  - low_disruption
  - medium_severity
  - no_reboot_needed

- name: Test for existence /etc/sudoers
  ansible.builtin.stat:
    path: /etc/sudoers
  register: file_exists
  when: ("kernel-default" in ansible_facts.packages or "kernel-default-base" in ansible_facts.packages)
  tags:
  - configure_strategy
  - file_groupowner_etc_sudoers
  - low_complexity
  - low_disruption
  - medium_severity
  - no_reboot_needed

- name: Ensure group owner on /etc/sudoers
  ansible.builtin.file:
    path: /etc/sudoers
    follow: false
    group: '{{ file_groupowner_etc_sudoers_newgroup }}'
  when:
  - ("kernel-default" in ansible_facts.packages or "kernel-default-base" in ansible_facts.packages)
  - file_exists.stat is defined and file_exists.stat.exists
  tags:
  - configure_strategy
  - file_groupowner_etc_sudoers
  - low_complexity
  - low_disruption
  - medium_severity
  - no_reboot_needed
</fix>
          <check system="http://oval.mitre.org/XMLSchema/oval-definitions-5">
            <check-content-ref name="oval:ssg-file_groupowner_etc_sudoers:def:1" href="ssg-sle15-oval.xml"/>
          </check>
          <check system="http://scap.nist.gov/schema/ocil/2">
            <check-content-ref name="ocil:ssg-file_groupowner_etc_sudoers_ocil:questionnaire:1" href="ssg-sle15-ocil.xml"/>
          </check>
        </Rule>
        <Rule id="xccdf_org.ssgproject.content_rule_file_owner_etc_sudoers" selected="false" role="full" severity="medium">
          <title xmlns:xhtml="http://www.w3.org/1999/xhtml" xml:lang="en-US">Verify User Who Owns /etc/sudoers File</title>
          <description xmlns:xhtml="http://www.w3.org/1999/xhtml" xml:lang="en-US"> To properly set the owner of <html:code xmlns:html="http://www.w3.org/1999/xhtml">/etc/sudoers</html:code>, run the command:
<html:pre xmlns:html="http://www.w3.org/1999/xhtml">$ sudo chown root /etc/sudoers </html:pre>
       </description>
          <reference href="https://cyber.gouv.fr/sites/default/files/document/linux_configuration-en-v2.pdf">R50</reference>
          <rationale xmlns:xhtml="http://www.w3.org/1999/xhtml" xml:lang="en-US">The ownership of the /etc/sudoers file by the root user is important
because this file hosts sudo configuration. Protection of this
file is critical for system security. Assigning the ownership to root
ensures exclusive control of the sudo configuration.</rationale>
          <fix xmlns:xhtml="http://www.w3.org/1999/xhtml" id="file_owner_etc_sudoers" system="urn:xccdf:fix:script:sh" complexity="low" disruption="low" strategy="configure"># Remediation is applicable only in certain platforms
if rpm --quiet -q kernel-default || rpm --quiet -q kernel-default-base; then

newown=""
if id "0" &gt;/dev/null 2&gt;&amp;1; then
  newown="0"
fi

if [[ -z "$newown" ]]; then
  &gt;&amp;2 echo "0 is not a defined user on the system"
else
if ! stat -c "%u %U" "/etc/sudoers" | grep -E -w -q "0"; then
    chown --no-dereference "$newown" /etc/sudoers
fi

fi

else
    &gt;&amp;2 echo 'Remediation is not applicable, nothing was done'
fi
</fix>
          <fix xmlns:xhtml="http://www.w3.org/1999/xhtml" id="file_owner_etc_sudoers" system="urn:xccdf:fix:script:ansible" complexity="low" disruption="low" strategy="configure">- name: Gather the package facts
  package_facts:
    manager: auto
  tags:
  - configure_strategy
  - file_owner_etc_sudoers
  - low_complexity
  - low_disruption
  - medium_severity
  - no_reboot_needed

- name: Set the file_owner_etc_sudoers_newown variable if represented by uid
  ansible.builtin.set_fact:
    file_owner_etc_sudoers_newown: '0'
  when: ("kernel-default" in ansible_facts.packages or "kernel-default-base" in ansible_facts.packages)
  tags:
  - configure_strategy
  - file_owner_etc_sudoers
  - low_complexity
  - low_disruption
  - medium_severity
  - no_reboot_needed

- name: Test for existence /etc/sudoers
  ansible.builtin.stat:
    path: /etc/sudoers
  register: file_exists
  when: ("kernel-default" in ansible_facts.packages or "kernel-default-base" in ansible_facts.packages)
  tags:
  - configure_strategy
  - file_owner_etc_sudoers
  - low_complexity
  - low_disruption
  - medium_severity
  - no_reboot_needed

- name: Ensure owner on /etc/sudoers
  ansible.builtin.file:
    path: /etc/sudoers
    follow: false
    owner: '{{ file_owner_etc_sudoers_newown }}'
  when:
  - ("kernel-default" in ansible_facts.packages or "kernel-default-base" in ansible_facts.packages)
  - file_exists.stat is defined and file_exists.stat.exists
  tags:
  - configure_strategy
  - file_owner_etc_sudoers
  - low_complexity
  - low_disruption
  - medium_severity
  - no_reboot_needed
</fix>
          <check system="http://oval.mitre.org/XMLSchema/oval-definitions-5">
            <check-content-ref name="oval:ssg-file_owner_etc_sudoers:def:1" href="ssg-sle15-oval.xml"/>
          </check>
          <check system="http://scap.nist.gov/schema/ocil/2">
            <check-content-ref name="ocil:ssg-file_owner_etc_sudoers_ocil:questionnaire:1" href="ssg-sle15-ocil.xml"/>
          </check>
        </Rule>
        <Rule id="xccdf_org.ssgproject.content_rule_file_permissions_etc_sudoers" selected="false" role="full" severity="medium">
          <title xmlns:xhtml="http://www.w3.org/1999/xhtml" xml:lang="en-US">Verify Permissions On /etc/sudoers File</title>
          <description xmlns:xhtml="http://www.w3.org/1999/xhtml" xml:lang="en-US"> To properly set the permissions of <html:code xmlns:html="http://www.w3.org/1999/xhtml">/etc/sudoers</html:code>, run the command: <html:pre xmlns:html="http://www.w3.org/1999/xhtml">$ sudo chmod 0440 /etc/sudoers</html:pre>
       </description>
          <reference href="https://cyber.gouv.fr/sites/default/files/document/linux_configuration-en-v2.pdf">R50</reference>
          <rationale xmlns:xhtml="http://www.w3.org/1999/xhtml" xml:lang="en-US">Setting correct permissions on the /etc/sudoers file is important
because this file hosts sudo configuration. Protection of this
file is critical for system security. Restricting the permissions
ensures exclusive control of the sudo configuration.</rationale>
          <fix xmlns:xhtml="http://www.w3.org/1999/xhtml" id="file_permissions_etc_sudoers" system="urn:xccdf:fix:script:sh" complexity="low" disruption="low" strategy="configure"># Remediation is applicable only in certain platforms
if rpm --quiet -q kernel-default || rpm --quiet -q kernel-default-base; then

chmod u-xws,g-xws,o-xwrt /etc/sudoers

else
    &gt;&amp;2 echo 'Remediation is not applicable, nothing was done'
fi
</fix>
          <fix xmlns:xhtml="http://www.w3.org/1999/xhtml" id="file_permissions_etc_sudoers" system="urn:xccdf:fix:script:ansible" complexity="low" disruption="low" strategy="configure">- name: Gather the package facts
  package_facts:
    manager: auto
  tags:
  - configure_strategy
  - file_permissions_etc_sudoers
  - low_complexity
  - low_disruption
  - medium_severity
  - no_reboot_needed

- name: Test for existence /etc/sudoers
  ansible.builtin.stat:
    path: /etc/sudoers
  register: file_exists
  when: ("kernel-default" in ansible_facts.packages or "kernel-default-base" in ansible_facts.packages)
  tags:
  - configure_strategy
  - file_permissions_etc_sudoers
  - low_complexity
  - low_disruption
  - medium_severity
  - no_reboot_needed

- name: Ensure permission u-xws,g-xws,o-xwrt on /etc/sudoers
  ansible.builtin.file:
    path: /etc/sudoers
    mode: u-xws,g-xws,o-xwrt
  when:
  - ("kernel-default" in ansible_facts.packages or "kernel-default-base" in ansible_facts.packages)
  - file_exists.stat is defined and file_exists.stat.exists
  tags:
  - configure_strategy
  - file_permissions_etc_sudoers
  - low_complexity
  - low_disruption
  - medium_severity
  - no_reboot_needed
</fix>
          <check system="http://oval.mitre.org/XMLSchema/oval-definitions-5">
            <check-content-ref name="oval:ssg-file_permissions_etc_sudoers:def:1" href="ssg-sle15-oval.xml"/>
          </check>
          <check system="http://scap.nist.gov/schema/ocil/2">
            <check-content-ref name="ocil:ssg-file_permissions_etc_sudoers_ocil:questionnaire:1" href="ssg-sle15-ocil.xml"/>
          </check>
        </Rule>
        <Rule id="xccdf_org.ssgproject.content_rule_file_permissions_sudo" selected="false" role="full" severity="medium">
          <title xmlns:xhtml="http://www.w3.org/1999/xhtml" xml:lang="en-US">Ensure That the sudo Binary Has the Correct Permissions</title>
          <description xmlns:xhtml="http://www.w3.org/1999/xhtml" xml:lang="en-US">
To properly set the permissions of <html:code xmlns:html="http://www.w3.org/1999/xhtml">/usr/bin/sudo</html:code>, run the command:
<html:pre xmlns:html="http://www.w3.org/1999/xhtml">$ sudo chmod 4110 /usr/bin/sudo</html:pre>
In order to use this rule, the group owner for /usr/bin/sudo needs to be changed to a
group other than root to effectively limit access to sudo.</description>
          <reference href="https://cyber.gouv.fr/sites/default/files/document/linux_configuration-en-v2.pdf">R38</reference>
          <rationale xmlns:xhtml="http://www.w3.org/1999/xhtml" xml:lang="en-US">The sudoers program should only be usable by people who have the correct permissions.</rationale>
          <platform idref="#package_sudo"/>
          <fix xmlns:xhtml="http://www.w3.org/1999/xhtml" id="file_permissions_sudo" system="urn:xccdf:fix:script:sh" complexity="low" disruption="low" strategy="configure"># Remediation is applicable only in certain platforms
if rpm --quiet -q kernel-default || rpm --quiet -q kernel-default-base &amp;&amp; { rpm --quiet -q sudo; }; then

chmod 4110 /usr/bin/sudo

else
    &gt;&amp;2 echo 'Remediation is not applicable, nothing was done'
fi
</fix>
          <fix xmlns:xhtml="http://www.w3.org/1999/xhtml" id="file_permissions_sudo" system="urn:xccdf:fix:script:ansible" complexity="low" disruption="low" strategy="configure">- name: Gather the package facts
  package_facts:
    manager: auto
  tags:
  - configure_strategy
  - file_permissions_sudo
  - low_complexity
  - low_disruption
  - medium_severity
  - no_reboot_needed

- name: Test for existence /usr/bin/sudo
  ansible.builtin.stat:
    path: /usr/bin/sudo
  register: file_exists
  when:
  - ("kernel-default" in ansible_facts.packages or "kernel-default-base" in ansible_facts.packages)
  - '"sudo" in ansible_facts.packages'
  tags:
  - configure_strategy
  - file_permissions_sudo
  - low_complexity
  - low_disruption
  - medium_severity
  - no_reboot_needed

- name: Ensure permission 4110 on /usr/bin/sudo
  ansible.builtin.file:
    path: /usr/bin/sudo
    mode: '4110'
  when:
  - ("kernel-default" in ansible_facts.packages or "kernel-default-base" in ansible_facts.packages)
  - '"sudo" in ansible_facts.packages'
  - file_exists.stat is defined and file_exists.stat.exists
  tags:
  - configure_strategy
  - file_permissions_sudo
  - low_complexity
  - low_disruption
  - medium_severity
  - no_reboot_needed
</fix>
          <check system="http://oval.mitre.org/XMLSchema/oval-definitions-5">
            <check-content-ref name="oval:ssg-file_permissions_sudo:def:1" href="ssg-sle15-oval.xml"/>
          </check>
        </Rule>
        <Rule id="xccdf_org.ssgproject.content_rule_sudo_add_env_reset" selected="false" role="full" severity="medium">
          <title xmlns:xhtml="http://www.w3.org/1999/xhtml" xml:lang="en-US">Ensure sudo Runs In A Minimal Environment - sudo env_reset</title>
          <description xmlns:xhtml="http://www.w3.org/1999/xhtml" xml:lang="en-US">The sudo <html:code xmlns:html="http://www.w3.org/1999/xhtml">env_reset</html:code> tag, when specified, will run the command in a minimal environment,
containing the TERM, PATH, HOME, MAIL, SHELL, LOGNAME, USER and SUDO_* variables.
This should be enabled by making sure that the <html:code xmlns:html="http://www.w3.org/1999/xhtml">env_reset</html:code> tag exists in
<html:code xmlns:html="http://www.w3.org/1999/xhtml">/etc/sudoers</html:code> configuration file or any sudo configuration snippets
in <html:code xmlns:html="http://www.w3.org/1999/xhtml">/etc/sudoers.d/</html:code>.</description>
          <reference href="https://cyber.gouv.fr/sites/default/files/document/linux_configuration-en-v2.pdf">R39</reference>
          <reference href="not_publicly_available">SLES-15-600300150</reference>
          <rationale xmlns:xhtml="http://www.w3.org/1999/xhtml" xml:lang="en-US">Forcing sudo to reset the environment ensures that environment variables are not passed on to the
command accidentally, preventing leak of potentially sensitive information.</rationale>
          <ident system="https://ncp.nist.gov/cce">CCE-91184-2</ident>
          <fix xmlns:xhtml="http://www.w3.org/1999/xhtml" id="sudo_add_env_reset" system="urn:xccdf:fix:script:sh" complexity="low" disruption="low" strategy="restrict"># Remediation is applicable only in certain platforms
if rpm --quiet -q kernel-default || rpm --quiet -q kernel-default-base; then

if /usr/sbin/visudo -qcf /etc/sudoers; then
    cp /etc/sudoers /etc/sudoers.bak
    if ! grep -P '^[\s]*Defaults\b[^!\n]*\benv_reset.*$' /etc/sudoers; then
        # sudoers file doesn't define Option env_reset
        echo "Defaults env_reset" &gt;&gt; /etc/sudoers
    fi
    
    # Check validity of sudoers and cleanup bak
    if /usr/sbin/visudo -qcf /etc/sudoers; then
        rm -f /etc/sudoers.bak
    else
        echo "Fail to validate remediated /etc/sudoers, reverting to original file."
        mv /etc/sudoers.bak /etc/sudoers
        false
    fi
else
    echo "Skipping remediation, /etc/sudoers failed to validate"
    false
fi

else
    &gt;&amp;2 echo 'Remediation is not applicable, nothing was done'
fi
</fix>
          <fix xmlns:xhtml="http://www.w3.org/1999/xhtml" id="sudo_add_env_reset" system="urn:xccdf:fix:script:ansible" complexity="low" disruption="low" strategy="restrict">- name: Gather the package facts
  package_facts:
    manager: auto
  tags:
  - CCE-91184-2
  - low_complexity
  - low_disruption
  - medium_severity
  - no_reboot_needed
  - restrict_strategy
  - sudo_add_env_reset

- name: Ensure env_reset is enabled in /etc/sudoers
  ansible.builtin.lineinfile:
    path: /etc/sudoers
    regexp: ^[\s]*Defaults.*\benv_reset\b.*$
    line: Defaults env_reset
    validate: /usr/sbin/visudo -cf %s
  when: ("kernel-default" in ansible_facts.packages or "kernel-default-base" in ansible_facts.packages)
  tags:
  - CCE-91184-2
  - low_complexity
  - low_disruption
  - medium_severity
  - no_reboot_needed
  - restrict_strategy
  - sudo_add_env_reset
</fix>
          <check system="http://oval.mitre.org/XMLSchema/oval-definitions-5">
            <check-content-ref name="oval:ssg-sudo_add_env_reset:def:1" href="ssg-sle15-oval.xml"/>
          </check>
          <check system="http://scap.nist.gov/schema/ocil/2">
            <check-content-ref name="ocil:ssg-sudo_add_env_reset_ocil:questionnaire:1" href="ssg-sle15-ocil.xml"/>
          </check>
        </Rule>
        <Rule id="xccdf_org.ssgproject.content_rule_sudo_add_ignore_dot" selected="false" role="full" severity="medium">
          <title xmlns:xhtml="http://www.w3.org/1999/xhtml" xml:lang="en-US">Ensure sudo Ignores Commands In Current Dir - sudo ignore_dot</title>
          <description xmlns:xhtml="http://www.w3.org/1999/xhtml" xml:lang="en-US">The sudo <html:code xmlns:html="http://www.w3.org/1999/xhtml">ignore_dot</html:code> tag, when specified, will ignore the current directory
in the PATH environment variable.
This should be enabled by making sure that the <html:code xmlns:html="http://www.w3.org/1999/xhtml">ignore_dot</html:code> tag exists in
<html:code xmlns:html="http://www.w3.org/1999/xhtml">/etc/sudoers</html:code> configuration file or any sudo configuration snippets
in <html:code xmlns:html="http://www.w3.org/1999/xhtml">/etc/sudoers.d/</html:code>.</description>
          <reference href="https://cyber.gouv.fr/sites/default/files/document/linux_configuration-en-v2.pdf">R39</reference>
          <reference href="not_publicly_available">SLES-15-600300165</reference>
          <rationale xmlns:xhtml="http://www.w3.org/1999/xhtml" xml:lang="en-US">Ignoring the commands in the user's current directory prevents an attacker from executing commands
downloaded locally.</rationale>
          <ident system="https://ncp.nist.gov/cce">CCE-91185-9</ident>
          <fix xmlns:xhtml="http://www.w3.org/1999/xhtml" id="sudo_add_ignore_dot" system="urn:xccdf:fix:script:sh" complexity="low" disruption="low" strategy="restrict"># Remediation is applicable only in certain platforms
if rpm --quiet -q kernel-default || rpm --quiet -q kernel-default-base; then

if /usr/sbin/visudo -qcf /etc/sudoers; then
    cp /etc/sudoers /etc/sudoers.bak
    if ! grep -P '^[\s]*Defaults\b[^!\n]*\bignore_dot.*$' /etc/sudoers; then
        # sudoers file doesn't define Option ignore_dot
        echo "Defaults ignore_dot" &gt;&gt; /etc/sudoers
    fi
    
    # Check validity of sudoers and cleanup bak
    if /usr/sbin/visudo -qcf /etc/sudoers; then
        rm -f /etc/sudoers.bak
    else
        echo "Fail to validate remediated /etc/sudoers, reverting to original file."
        mv /etc/sudoers.bak /etc/sudoers
        false
    fi
else
    echo "Skipping remediation, /etc/sudoers failed to validate"
    false
fi

else
    &gt;&amp;2 echo 'Remediation is not applicable, nothing was done'
fi
</fix>
          <fix xmlns:xhtml="http://www.w3.org/1999/xhtml" id="sudo_add_ignore_dot" system="urn:xccdf:fix:script:ansible" complexity="low" disruption="low" strategy="restrict">- name: Gather the package facts
  package_facts:
    manager: auto
  tags:
  - CCE-91185-9
  - low_complexity
  - low_disruption
  - medium_severity
  - no_reboot_needed
  - restrict_strategy
  - sudo_add_ignore_dot

- name: Ensure ignore_dot is enabled in /etc/sudoers
  ansible.builtin.lineinfile:
    path: /etc/sudoers
    regexp: ^[\s]*Defaults.*\bignore_dot\b.*$
    line: Defaults ignore_dot
    validate: /usr/sbin/visudo -cf %s
  when: ("kernel-default" in ansible_facts.packages or "kernel-default-base" in ansible_facts.packages)
  tags:
  - CCE-91185-9
  - low_complexity
  - low_disruption
  - medium_severity
  - no_reboot_needed
  - restrict_strategy
  - sudo_add_ignore_dot
</fix>
          <check system="http://oval.mitre.org/XMLSchema/oval-definitions-5">
            <check-content-ref name="oval:ssg-sudo_add_ignore_dot:def:1" href="ssg-sle15-oval.xml"/>
          </check>
          <check system="http://scap.nist.gov/schema/ocil/2">
            <check-content-ref name="ocil:ssg-sudo_add_ignore_dot_ocil:questionnaire:1" href="ssg-sle15-ocil.xml"/>
          </check>
        </Rule>
        <Rule id="xccdf_org.ssgproject.content_rule_sudo_add_noexec" selected="false" role="full" severity="high">
          <title xmlns:xhtml="http://www.w3.org/1999/xhtml" xml:lang="en-US">Ensure Privileged Escalated Commands Cannot Execute Other Commands - sudo NOEXEC</title>
          <description xmlns:xhtml="http://www.w3.org/1999/xhtml" xml:lang="en-US">The sudo <html:code xmlns:html="http://www.w3.org/1999/xhtml">NOEXEC</html:code> tag, when specified, prevents user executed
commands from executing other commands, like a shell for example.
This should be enabled by making sure that the <html:code xmlns:html="http://www.w3.org/1999/xhtml">NOEXEC</html:code> tag exists in
<html:code xmlns:html="http://www.w3.org/1999/xhtml">/etc/sudoers</html:code> configuration file or any sudo configuration snippets
in <html:code xmlns:html="http://www.w3.org/1999/xhtml">/etc/sudoers.d/</html:code>.</description>
          <reference href="https://cyber.gouv.fr/sites/default/files/document/linux_configuration-en-v2.pdf">R39</reference>
          <reference href="not_publicly_available">SLES-15-600300180</reference>
          <rationale xmlns:xhtml="http://www.w3.org/1999/xhtml" xml:lang="en-US">Restricting the capability of sudo allowed commands to execute sub-commands
prevents users from running programs with privileges they wouldn't have otherwise.</rationale>
          <ident system="https://ncp.nist.gov/cce">CCE-91186-7</ident>
          <fix xmlns:xhtml="http://www.w3.org/1999/xhtml" id="sudo_add_noexec" system="urn:xccdf:fix:script:sh" complexity="low" disruption="low" strategy="restrict"># Remediation is applicable only in certain platforms
if rpm --quiet -q kernel-default || rpm --quiet -q kernel-default-base; then

if /usr/sbin/visudo -qcf /etc/sudoers; then
    cp /etc/sudoers /etc/sudoers.bak
    if ! grep -P '^[\s]*Defaults\b[^!\n]*\bnoexec.*$' /etc/sudoers; then
        # sudoers file doesn't define Option noexec
        echo "Defaults noexec" &gt;&gt; /etc/sudoers
    fi
    
    # Check validity of sudoers and cleanup bak
    if /usr/sbin/visudo -qcf /etc/sudoers; then
        rm -f /etc/sudoers.bak
    else
        echo "Fail to validate remediated /etc/sudoers, reverting to original file."
        mv /etc/sudoers.bak /etc/sudoers
        false
    fi
else
    echo "Skipping remediation, /etc/sudoers failed to validate"
    false
fi

else
    &gt;&amp;2 echo 'Remediation is not applicable, nothing was done'
fi
</fix>
          <fix xmlns:xhtml="http://www.w3.org/1999/xhtml" id="sudo_add_noexec" system="urn:xccdf:fix:script:ansible" complexity="low" disruption="low" strategy="restrict">- name: Gather the package facts
  package_facts:
    manager: auto
  tags:
  - CCE-91186-7
  - high_severity
  - low_complexity
  - low_disruption
  - no_reboot_needed
  - restrict_strategy
  - sudo_add_noexec

- name: Ensure noexec is enabled in /etc/sudoers
  ansible.builtin.lineinfile:
    path: /etc/sudoers
    regexp: ^[\s]*Defaults.*\bnoexec\b.*$
    line: Defaults noexec
    validate: /usr/sbin/visudo -cf %s
  when: ("kernel-default" in ansible_facts.packages or "kernel-default-base" in ansible_facts.packages)
  tags:
  - CCE-91186-7
  - high_severity
  - low_complexity
  - low_disruption
  - no_reboot_needed
  - restrict_strategy
  - sudo_add_noexec
</fix>
          <check system="http://oval.mitre.org/XMLSchema/oval-definitions-5">
            <check-content-ref name="oval:ssg-sudo_add_noexec:def:1" href="ssg-sle15-oval.xml"/>
          </check>
          <check system="http://scap.nist.gov/schema/ocil/2">
            <check-content-ref name="ocil:ssg-sudo_add_noexec_ocil:questionnaire:1" href="ssg-sle15-ocil.xml"/>
          </check>
        </Rule>
        <Rule id="xccdf_org.ssgproject.content_rule_sudo_add_passwd_timeout" selected="false" role="full" severity="medium">
          <title xmlns:xhtml="http://www.w3.org/1999/xhtml" xml:lang="en-US">Ensure sudo passwd_timeout is appropriate - sudo passwd_timeout</title>
          <description xmlns:xhtml="http://www.w3.org/1999/xhtml" xml:lang="en-US">The sudo <html:code xmlns:html="http://www.w3.org/1999/xhtml">passwd_timeout</html:code> tag sets the amount of time sudo password prompt waits.
The passwd_timeout should be configured by making sure that the
<html:code xmlns:html="http://www.w3.org/1999/xhtml" xmlns:xccdf-1.2="http://checklists.nist.gov/xccdf/1.2">passwd_timeout=<xccdf-1.2:sub idref="xccdf_org.ssgproject.content_value_var_sudo_passwd_timeout" use="legacy"/>
        </html:code> tag exists in
<html:code xmlns:html="http://www.w3.org/1999/xhtml">/etc/sudoers</html:code> configuration file or any sudo configuration snippets
in <html:code xmlns:html="http://www.w3.org/1999/xhtml">/etc/sudoers.d/</html:code>.</description>
          <rationale xmlns:xhtml="http://www.w3.org/1999/xhtml" xml:lang="en-US">Reducing the time <html:code xmlns:html="http://www.w3.org/1999/xhtml">sudo</html:code> waits for a a password reduces the time the process is exposed.</rationale>
          <ident system="https://ncp.nist.gov/cce">CCE-91187-5</ident>
          <fix xmlns:xhtml="http://www.w3.org/1999/xhtml" id="sudo_add_passwd_timeout" system="urn:xccdf:fix:script:sh" complexity="low" disruption="low" strategy="restrict"># Remediation is applicable only in certain platforms
if rpm --quiet -q kernel-default || rpm --quiet -q kernel-default-base; then

var_sudo_passwd_timeout='<xccdf-1.2:sub xmlns:xccdf-1.2="http://checklists.nist.gov/xccdf/1.2" idref="xccdf_org.ssgproject.content_value_var_sudo_passwd_timeout" use="legacy"/>'


if /usr/sbin/visudo -qcf /etc/sudoers; then
    cp /etc/sudoers /etc/sudoers.bak
    if ! grep -P '^[\s]*Defaults\b[^!\n]*\bpasswd_timeout=\w+\b.*$' /etc/sudoers; then
        # sudoers file doesn't define Option passwd_timeout
        echo "Defaults passwd_timeout=${var_sudo_passwd_timeout}" &gt;&gt; /etc/sudoers
    else
        # sudoers file defines Option passwd_timeout, remediate if appropriate value is not set
        if ! grep -P "^[\s]*Defaults.*\bpasswd_timeout=${var_sudo_passwd_timeout}\b.*$" /etc/sudoers; then
            
            escaped_variable=${var_sudo_passwd_timeout//$'/'/$'\/'}
            sed -Ei "s/(^[\s]*Defaults.*\bpasswd_timeout=)[-]?.+(\b.*$)/\1$escaped_variable\2/" /etc/sudoers
        fi
    fi
    
    # Check validity of sudoers and cleanup bak
    if /usr/sbin/visudo -qcf /etc/sudoers; then
        rm -f /etc/sudoers.bak
    else
        echo "Fail to validate remediated /etc/sudoers, reverting to original file."
        mv /etc/sudoers.bak /etc/sudoers
        false
    fi
else
    echo "Skipping remediation, /etc/sudoers failed to validate"
    false
fi

else
    &gt;&amp;2 echo 'Remediation is not applicable, nothing was done'
fi
</fix>
          <fix xmlns:xhtml="http://www.w3.org/1999/xhtml" id="sudo_add_passwd_timeout" system="urn:xccdf:fix:script:ansible" complexity="low" disruption="low" strategy="restrict">- name: Gather the package facts
  package_facts:
    manager: auto
  tags:
  - CCE-91187-5
  - low_complexity
  - low_disruption
  - medium_severity
  - no_reboot_needed
  - restrict_strategy
  - sudo_add_passwd_timeout
- name: XCCDF Value var_sudo_passwd_timeout # promote to variable
  set_fact:
    var_sudo_passwd_timeout: !!str <xccdf-1.2:sub xmlns:xccdf-1.2="http://checklists.nist.gov/xccdf/1.2" idref="xccdf_org.ssgproject.content_value_var_sudo_passwd_timeout" use="legacy"/>
  tags:
    - always

- name: Ensure passwd_timeout is enabled with the appropriate value in /etc/sudoers
  ansible.builtin.lineinfile:
    path: /etc/sudoers
    regexp: ^[\s]*Defaults\s(.*)\bpasswd_timeout=[-]?.+\b(.*)$
    line: Defaults \1passwd_timeout={{ var_sudo_passwd_timeout }}\2
    validate: /usr/sbin/visudo -cf %s
    backrefs: true
  register: edit_sudoers_passwd_timeout_option
  when: ("kernel-default" in ansible_facts.packages or "kernel-default-base" in ansible_facts.packages)
  tags:
  - CCE-91187-5
  - low_complexity
  - low_disruption
  - medium_severity
  - no_reboot_needed
  - restrict_strategy
  - sudo_add_passwd_timeout

- name: Enable passwd_timeout option with appropriate value in /etc/sudoers
  ansible.builtin.lineinfile:
    path: /etc/sudoers
    line: Defaults passwd_timeout={{ var_sudo_passwd_timeout }}
    validate: /usr/sbin/visudo -cf %s
  when:
  - ("kernel-default" in ansible_facts.packages or "kernel-default-base" in ansible_facts.packages)
  - edit_sudoers_passwd_timeout_option is defined and not edit_sudoers_passwd_timeout_option.changed
  tags:
  - CCE-91187-5
  - low_complexity
  - low_disruption
  - medium_severity
  - no_reboot_needed
  - restrict_strategy
  - sudo_add_passwd_timeout
</fix>
          <check system="http://oval.mitre.org/XMLSchema/oval-definitions-5">
            <check-export export-name="oval:ssg-var_sudo_passwd_timeout:var:1" value-id="xccdf_org.ssgproject.content_value_var_sudo_passwd_timeout"/>
            <check-content-ref name="oval:ssg-sudo_add_passwd_timeout:def:1" href="ssg-sle15-oval.xml"/>
          </check>
          <check system="http://scap.nist.gov/schema/ocil/2">
            <check-content-ref name="ocil:ssg-sudo_add_passwd_timeout_ocil:questionnaire:1" href="ssg-sle15-ocil.xml"/>
          </check>
        </Rule>
        <Rule id="xccdf_org.ssgproject.content_rule_sudo_add_requiretty" selected="false" role="full" severity="medium">
          <title xmlns:xhtml="http://www.w3.org/1999/xhtml" xml:lang="en-US">Ensure Only Users Logged In To Real tty Can Execute Sudo - sudo requiretty</title>
          <description xmlns:xhtml="http://www.w3.org/1999/xhtml" xml:lang="en-US">The sudo <html:code xmlns:html="http://www.w3.org/1999/xhtml">requiretty</html:code> tag, when specified, will only execute sudo
commands from users logged in to a real tty.
This should be enabled by making sure that the <html:code xmlns:html="http://www.w3.org/1999/xhtml">requiretty</html:code> tag exists in
<html:code xmlns:html="http://www.w3.org/1999/xhtml">/etc/sudoers</html:code> configuration file or any sudo configuration snippets
in <html:code xmlns:html="http://www.w3.org/1999/xhtml">/etc/sudoers.d/</html:code>.</description>
          <reference href="https://cyber.gouv.fr/sites/default/files/document/linux_configuration-en-v2.pdf">R39</reference>
          <reference href="not_publicly_available">SLES-15-600300195</reference>
          <rationale xmlns:xhtml="http://www.w3.org/1999/xhtml" xml:lang="en-US">Restricting the use cases in which a user is allowed to execute sudo commands
reduces the attack surface.</rationale>
          <ident system="https://ncp.nist.gov/cce">CCE-91188-3</ident>
          <fix xmlns:xhtml="http://www.w3.org/1999/xhtml" id="sudo_add_requiretty" system="urn:xccdf:fix:script:sh" complexity="low" disruption="low" strategy="restrict"># Remediation is applicable only in certain platforms
if rpm --quiet -q kernel-default || rpm --quiet -q kernel-default-base; then

if /usr/sbin/visudo -qcf /etc/sudoers; then
    cp /etc/sudoers /etc/sudoers.bak
    if ! grep -P '^[\s]*Defaults\b[^!\n]*\brequiretty.*$' /etc/sudoers; then
        # sudoers file doesn't define Option requiretty
        echo "Defaults requiretty" &gt;&gt; /etc/sudoers
    fi
    
    # Check validity of sudoers and cleanup bak
    if /usr/sbin/visudo -qcf /etc/sudoers; then
        rm -f /etc/sudoers.bak
    else
        echo "Fail to validate remediated /etc/sudoers, reverting to original file."
        mv /etc/sudoers.bak /etc/sudoers
        false
    fi
else
    echo "Skipping remediation, /etc/sudoers failed to validate"
    false
fi

else
    &gt;&amp;2 echo 'Remediation is not applicable, nothing was done'
fi
</fix>
          <fix xmlns:xhtml="http://www.w3.org/1999/xhtml" id="sudo_add_requiretty" system="urn:xccdf:fix:script:ansible" complexity="low" disruption="low" strategy="restrict">- name: Gather the package facts
  package_facts:
    manager: auto
  tags:
  - CCE-91188-3
  - low_complexity
  - low_disruption
  - medium_severity
  - no_reboot_needed
  - restrict_strategy
  - sudo_add_requiretty

- name: Ensure requiretty is enabled in /etc/sudoers
  ansible.builtin.lineinfile:
    path: /etc/sudoers
    regexp: ^[\s]*Defaults.*\brequiretty\b.*$
    line: Defaults requiretty
    validate: /usr/sbin/visudo -cf %s
  when: ("kernel-default" in ansible_facts.packages or "kernel-default-base" in ansible_facts.packages)
  tags:
  - CCE-91188-3
  - low_complexity
  - low_disruption
  - medium_severity
  - no_reboot_needed
  - restrict_strategy
  - sudo_add_requiretty
</fix>
          <check system="http://oval.mitre.org/XMLSchema/oval-definitions-5">
            <check-content-ref name="oval:ssg-sudo_add_requiretty:def:1" href="ssg-sle15-oval.xml"/>
          </check>
          <check system="http://scap.nist.gov/schema/ocil/2">
            <check-content-ref name="ocil:ssg-sudo_add_requiretty_ocil:questionnaire:1" href="ssg-sle15-ocil.xml"/>
          </check>
        </Rule>
        <Rule id="xccdf_org.ssgproject.content_rule_sudo_add_umask" selected="false" role="full" severity="medium">
          <title xmlns:xhtml="http://www.w3.org/1999/xhtml" xml:lang="en-US">Ensure sudo umask is appropriate - sudo umask</title>
          <description xmlns:xhtml="http://www.w3.org/1999/xhtml" xml:lang="en-US">The sudo <html:code xmlns:html="http://www.w3.org/1999/xhtml">umask</html:code> tag, when specified, will be added the to the user's umask in the
command environment.
The umask should be configured by making sure that the <html:code xmlns:html="http://www.w3.org/1999/xhtml" xmlns:xccdf-1.2="http://checklists.nist.gov/xccdf/1.2">umask=<xccdf-1.2:sub idref="xccdf_org.ssgproject.content_value_var_sudo_umask" use="legacy"/>
        </html:code> tag exists in
<html:code xmlns:html="http://www.w3.org/1999/xhtml">/etc/sudoers</html:code> configuration file or any sudo configuration snippets
in <html:code xmlns:html="http://www.w3.org/1999/xhtml">/etc/sudoers.d/</html:code>.</description>
          <reference href="https://cyber.gouv.fr/sites/default/files/document/linux_configuration-en-v2.pdf">R39</reference>
          <reference href="not_publicly_available">SLES-15-600300210</reference>
          <rationale xmlns:xhtml="http://www.w3.org/1999/xhtml" xml:lang="en-US">The umask value influences the permissions assigned to files when they are created.
A misconfigured umask value could result in files with excessive permissions that can be read or
written to by unauthorized users.</rationale>
          <ident system="https://ncp.nist.gov/cce">CCE-91189-1</ident>
          <fix xmlns:xhtml="http://www.w3.org/1999/xhtml" id="sudo_add_umask" system="urn:xccdf:fix:script:sh" complexity="low" disruption="low" strategy="restrict"># Remediation is applicable only in certain platforms
if rpm --quiet -q kernel-default || rpm --quiet -q kernel-default-base; then

var_sudo_umask='<xccdf-1.2:sub xmlns:xccdf-1.2="http://checklists.nist.gov/xccdf/1.2" idref="xccdf_org.ssgproject.content_value_var_sudo_umask" use="legacy"/>'


if /usr/sbin/visudo -qcf /etc/sudoers; then
    cp /etc/sudoers /etc/sudoers.bak
    if ! grep -P '^[\s]*Defaults\b[^!\n]*\bumask=\w+\b.*$' /etc/sudoers; then
        # sudoers file doesn't define Option umask
        echo "Defaults umask=${var_sudo_umask}" &gt;&gt; /etc/sudoers
    else
        # sudoers file defines Option umask, remediate if appropriate value is not set
        if ! grep -P "^[\s]*Defaults.*\bumask=${var_sudo_umask}\b.*$" /etc/sudoers; then
            
            escaped_variable=${var_sudo_umask//$'/'/$'\/'}
            sed -Ei "s/(^[\s]*Defaults.*\bumask=)[-]?.+(\b.*$)/\1$escaped_variable\2/" /etc/sudoers
        fi
    fi
    
    # Check validity of sudoers and cleanup bak
    if /usr/sbin/visudo -qcf /etc/sudoers; then
        rm -f /etc/sudoers.bak
    else
        echo "Fail to validate remediated /etc/sudoers, reverting to original file."
        mv /etc/sudoers.bak /etc/sudoers
        false
    fi
else
    echo "Skipping remediation, /etc/sudoers failed to validate"
    false
fi

else
    &gt;&amp;2 echo 'Remediation is not applicable, nothing was done'
fi
</fix>
          <fix xmlns:xhtml="http://www.w3.org/1999/xhtml" id="sudo_add_umask" system="urn:xccdf:fix:script:ansible" complexity="low" disruption="low" strategy="restrict">- name: Gather the package facts
  package_facts:
    manager: auto
  tags:
  - CCE-91189-1
  - low_complexity
  - low_disruption
  - medium_severity
  - no_reboot_needed
  - restrict_strategy
  - sudo_add_umask
- name: XCCDF Value var_sudo_umask # promote to variable
  set_fact:
    var_sudo_umask: !!str <xccdf-1.2:sub xmlns:xccdf-1.2="http://checklists.nist.gov/xccdf/1.2" idref="xccdf_org.ssgproject.content_value_var_sudo_umask" use="legacy"/>
  tags:
    - always

- name: Ensure umask is enabled with the appropriate value in /etc/sudoers
  ansible.builtin.lineinfile:
    path: /etc/sudoers
    regexp: ^[\s]*Defaults\s(.*)\bumask=[-]?.+\b(.*)$
    line: Defaults \1umask={{ var_sudo_umask }}\2
    validate: /usr/sbin/visudo -cf %s
    backrefs: true
  register: edit_sudoers_umask_option
  when: ("kernel-default" in ansible_facts.packages or "kernel-default-base" in ansible_facts.packages)
  tags:
  - CCE-91189-1
  - low_complexity
  - low_disruption
  - medium_severity
  - no_reboot_needed
  - restrict_strategy
  - sudo_add_umask

- name: Enable umask option with appropriate value in /etc/sudoers
  ansible.builtin.lineinfile:
    path: /etc/sudoers
    line: Defaults umask={{ var_sudo_umask }}
    validate: /usr/sbin/visudo -cf %s
  when:
  - ("kernel-default" in ansible_facts.packages or "kernel-default-base" in ansible_facts.packages)
  - edit_sudoers_umask_option is defined and not edit_sudoers_umask_option.changed
  tags:
  - CCE-91189-1
  - low_complexity
  - low_disruption
  - medium_severity
  - no_reboot_needed
  - restrict_strategy
  - sudo_add_umask
</fix>
          <check system="http://oval.mitre.org/XMLSchema/oval-definitions-5">
            <check-export export-name="oval:ssg-var_sudo_umask:var:1" value-id="xccdf_org.ssgproject.content_value_var_sudo_umask"/>
            <check-content-ref name="oval:ssg-sudo_add_umask:def:1" href="ssg-sle15-oval.xml"/>
          </check>
          <check system="http://scap.nist.gov/schema/ocil/2">
            <check-content-ref name="ocil:ssg-sudo_add_umask_ocil:questionnaire:1" href="ssg-sle15-ocil.xml"/>
          </check>
        </Rule>
        <Rule id="xccdf_org.ssgproject.content_rule_sudo_add_use_pty" selected="false" role="full" severity="medium">
          <title xmlns:xhtml="http://www.w3.org/1999/xhtml" xml:lang="en-US">Ensure Only Users Logged In To Real tty Can Execute Sudo - sudo use_pty</title>
          <description xmlns:xhtml="http://www.w3.org/1999/xhtml" xml:lang="en-US">The sudo <html:code xmlns:html="http://www.w3.org/1999/xhtml">use_pty</html:code> tag, when specified, will only execute sudo
commands from users logged in to a real tty.
This should be enabled by making sure that the <html:code xmlns:html="http://www.w3.org/1999/xhtml">use_pty</html:code> tag exists in
<html:code xmlns:html="http://www.w3.org/1999/xhtml">/etc/sudoers</html:code> configuration file or any sudo configuration snippets
in <html:code xmlns:html="http://www.w3.org/1999/xhtml">/etc/sudoers.d/</html:code>.</description>
          <reference href="https://www.pcisecuritystandards.org/documents/PCI_DSS_v3-2-1.pdf">Req-10.2.5</reference>
          <reference href="https://www.cisecurity.org/benchmark/suse_linux/">1.3.2</reference>
          <reference href="https://cyber.gouv.fr/sites/default/files/document/linux_configuration-en-v2.pdf">R39</reference>
          <reference href="not_publicly_available">SLES-15-600300030</reference>
          <reference href="https://docs-prv.pcisecuritystandards.org/PCI%20DSS/Standard/PCI-DSS-v4_0.pdf">2.2.6</reference>
          <reference href="https://docs-prv.pcisecuritystandards.org/PCI%20DSS/Standard/PCI-DSS-v4_0.pdf">2.2</reference>
          <rationale xmlns:xhtml="http://www.w3.org/1999/xhtml" xml:lang="en-US">Requiring that sudo commands be run in a pseudo-terminal can prevent an attacker from retaining
access to the user's terminal after the main program has finished executing.</rationale>
          <platform idref="#package_sudo"/>
          <ident system="https://ncp.nist.gov/cce">CCE-91190-9</ident>
          <fix xmlns:xhtml="http://www.w3.org/1999/xhtml" id="sudo_add_use_pty" system="urn:xccdf:fix:script:sh" complexity="low" disruption="low" strategy="restrict"># Remediation is applicable only in certain platforms
if rpm --quiet -q kernel-default || rpm --quiet -q kernel-default-base &amp;&amp; { rpm --quiet -q sudo; }; then

if /usr/sbin/visudo -qcf /etc/sudoers; then
    cp /etc/sudoers /etc/sudoers.bak
    if ! grep -P '^[\s]*Defaults\b[^!\n]*\buse_pty.*$' /etc/sudoers; then
        # sudoers file doesn't define Option use_pty
        echo "Defaults use_pty" &gt;&gt; /etc/sudoers
    fi
    
    # Check validity of sudoers and cleanup bak
    if /usr/sbin/visudo -qcf /etc/sudoers; then
        rm -f /etc/sudoers.bak
    else
        echo "Fail to validate remediated /etc/sudoers, reverting to original file."
        mv /etc/sudoers.bak /etc/sudoers
        false
    fi
else
    echo "Skipping remediation, /etc/sudoers failed to validate"
    false
fi

else
    &gt;&amp;2 echo 'Remediation is not applicable, nothing was done'
fi
</fix>
          <fix xmlns:xhtml="http://www.w3.org/1999/xhtml" id="sudo_add_use_pty" system="urn:xccdf:fix:script:ansible" complexity="low" disruption="low" strategy="restrict">- name: Gather the package facts
  package_facts:
    manager: auto
  tags:
  - CCE-91190-9
  - PCI-DSS-Req-10.2.5
  - PCI-DSSv4-2.2
  - PCI-DSSv4-2.2.6
  - low_complexity
  - low_disruption
  - medium_severity
  - no_reboot_needed
  - restrict_strategy
  - sudo_add_use_pty

- name: Ensure use_pty is enabled in /etc/sudoers
  ansible.builtin.lineinfile:
    path: /etc/sudoers
    regexp: ^[\s]*Defaults.*\buse_pty\b.*$
    line: Defaults use_pty
    validate: /usr/sbin/visudo -cf %s
  when:
  - ("kernel-default" in ansible_facts.packages or "kernel-default-base" in ansible_facts.packages)
  - '"sudo" in ansible_facts.packages'
  tags:
  - CCE-91190-9
  - PCI-DSS-Req-10.2.5
  - PCI-DSSv4-2.2
  - PCI-DSSv4-2.2.6
  - low_complexity
  - low_disruption
  - medium_severity
  - no_reboot_needed
  - restrict_strategy
  - sudo_add_use_pty
</fix>
          <check system="http://oval.mitre.org/XMLSchema/oval-definitions-5">
            <check-content-ref name="oval:ssg-sudo_add_use_pty:def:1" href="ssg-sle15-oval.xml"/>
          </check>
          <check system="http://scap.nist.gov/schema/ocil/2">
            <check-content-ref name="ocil:ssg-sudo_add_use_pty_ocil:questionnaire:1" href="ssg-sle15-ocil.xml"/>
          </check>
        </Rule>
        <Rule id="xccdf_org.ssgproject.content_rule_sudo_custom_logfile" selected="false" role="full" severity="low">
          <title xmlns:xhtml="http://www.w3.org/1999/xhtml" xml:lang="en-US">Ensure Sudo Logfile Exists - sudo logfile</title>
          <description xmlns:xhtml="http://www.w3.org/1999/xhtml" xml:lang="en-US">A custom log sudo file can be configured with the 'logfile' tag. This rule configures
a sudo custom logfile at the default location suggested by CIS, which uses
/var/log/sudo.log.</description>
          <reference href="https://www.pcisecuritystandards.org/documents/PCI_DSS_v3-2-1.pdf">Req-10.2.5</reference>
          <reference href="https://www.cisecurity.org/benchmark/suse_linux/">1.3.3</reference>
          <reference href="not_publicly_available">SLES-15-600300045</reference>
          <reference href="https://docs-prv.pcisecuritystandards.org/PCI%20DSS/Standard/PCI-DSS-v4_0.pdf">2.2.6</reference>
          <reference href="https://docs-prv.pcisecuritystandards.org/PCI%20DSS/Standard/PCI-DSS-v4_0.pdf">2.2</reference>
          <rationale xmlns:xhtml="http://www.w3.org/1999/xhtml" xml:lang="en-US">A sudo log file simplifies auditing of sudo commands.</rationale>
          <platform idref="#package_sudo"/>
          <ident system="https://ncp.nist.gov/cce">CCE-91311-1</ident>
          <fix xmlns:xhtml="http://www.w3.org/1999/xhtml" id="sudo_custom_logfile" system="urn:xccdf:fix:script:sh" complexity="low" disruption="low" strategy="restrict"># Remediation is applicable only in certain platforms
if rpm --quiet -q kernel-default || rpm --quiet -q kernel-default-base &amp;&amp; { rpm --quiet -q sudo; }; then

var_sudo_logfile='<xccdf-1.2:sub xmlns:xccdf-1.2="http://checklists.nist.gov/xccdf/1.2" idref="xccdf_org.ssgproject.content_value_var_sudo_logfile" use="legacy"/>'


if /usr/sbin/visudo -qcf /etc/sudoers; then
    cp /etc/sudoers /etc/sudoers.bak
    if ! grep -P '^[\s]*Defaults\b[^!\n]*\blogfile\s*=\s*(?:"?([^",\s]+)"?).*$' /etc/sudoers; then
        # sudoers file doesn't define Option logfile
        echo "Defaults logfile=${var_sudo_logfile}" &gt;&gt; /etc/sudoers
    else
        # sudoers file defines Option logfile, remediate if appropriate value is not set
        if ! grep -P "^[\s]*Defaults.*\blogfile=${var_sudo_logfile}\b.*$" /etc/sudoers; then
            
            escaped_variable=${var_sudo_logfile//$'/'/$'\/'}
            sed -Ei "s/(^[\s]*Defaults.*\blogfile=)[-]?.+(\b.*$)/\1$escaped_variable\2/" /etc/sudoers
        fi
    fi
    
    # Check validity of sudoers and cleanup bak
    if /usr/sbin/visudo -qcf /etc/sudoers; then
        rm -f /etc/sudoers.bak
    else
        echo "Fail to validate remediated /etc/sudoers, reverting to original file."
        mv /etc/sudoers.bak /etc/sudoers
        false
    fi
else
    echo "Skipping remediation, /etc/sudoers failed to validate"
    false
fi

else
    &gt;&amp;2 echo 'Remediation is not applicable, nothing was done'
fi
</fix>
          <fix xmlns:xhtml="http://www.w3.org/1999/xhtml" id="sudo_custom_logfile" system="urn:xccdf:fix:script:ansible" complexity="low" disruption="low" strategy="restrict">- name: Gather the package facts
  package_facts:
    manager: auto
  tags:
  - CCE-91311-1
  - PCI-DSS-Req-10.2.5
  - PCI-DSSv4-2.2
  - PCI-DSSv4-2.2.6
  - low_complexity
  - low_disruption
  - low_severity
  - no_reboot_needed
  - restrict_strategy
  - sudo_custom_logfile
- name: XCCDF Value var_sudo_logfile # promote to variable
  set_fact:
    var_sudo_logfile: !!str <xccdf-1.2:sub xmlns:xccdf-1.2="http://checklists.nist.gov/xccdf/1.2" idref="xccdf_org.ssgproject.content_value_var_sudo_logfile" use="legacy"/>
  tags:
    - always

- name: Ensure logfile is enabled with the appropriate value in /etc/sudoers
  ansible.builtin.lineinfile:
    path: /etc/sudoers
    regexp: ^[\s]*Defaults\s(.*)\blogfile=[-]?.+\b(.*)$
    line: Defaults \1logfile={{ var_sudo_logfile }}\2
    validate: /usr/sbin/visudo -cf %s
    backrefs: true
  register: edit_sudoers_logfile_option
  when:
  - ("kernel-default" in ansible_facts.packages or "kernel-default-base" in ansible_facts.packages)
  - '"sudo" in ansible_facts.packages'
  tags:
  - CCE-91311-1
  - PCI-DSS-Req-10.2.5
  - PCI-DSSv4-2.2
  - PCI-DSSv4-2.2.6
  - low_complexity
  - low_disruption
  - low_severity
  - no_reboot_needed
  - restrict_strategy
  - sudo_custom_logfile

- name: Enable logfile option with appropriate value in /etc/sudoers
  ansible.builtin.lineinfile:
    path: /etc/sudoers
    line: Defaults logfile={{ var_sudo_logfile }}
    validate: /usr/sbin/visudo -cf %s
  when:
  - ("kernel-default" in ansible_facts.packages or "kernel-default-base" in ansible_facts.packages)
  - '"sudo" in ansible_facts.packages'
  - edit_sudoers_logfile_option is defined and not edit_sudoers_logfile_option.changed
  tags:
  - CCE-91311-1
  - PCI-DSS-Req-10.2.5
  - PCI-DSSv4-2.2
  - PCI-DSSv4-2.2.6
  - low_complexity
  - low_disruption
  - low_severity
  - no_reboot_needed
  - restrict_strategy
  - sudo_custom_logfile
</fix>
          <check system="http://oval.mitre.org/XMLSchema/oval-definitions-5">
            <check-export export-name="oval:ssg-var_sudo_logfile:var:1" value-id="xccdf_org.ssgproject.content_value_var_sudo_logfile"/>
            <check-content-ref name="oval:ssg-sudo_custom_logfile:def:1" href="ssg-sle15-oval.xml"/>
          </check>
          <check system="http://scap.nist.gov/schema/ocil/2">
            <check-content-ref name="ocil:ssg-sudo_custom_logfile_ocil:questionnaire:1" href="ssg-sle15-ocil.xml"/>
          </check>
        </Rule>
        <Rule id="xccdf_org.ssgproject.content_rule_sudo_dedicated_group" selected="false" role="full" severity="medium">
          <title xmlns:xhtml="http://www.w3.org/1999/xhtml" xml:lang="en-US">Ensure a dedicated group owns sudo</title>
          <description xmlns:xhtml="http://www.w3.org/1999/xhtml" xml:lang="en-US">Restrict the execution of privilege escalated commands to a dedicated group of users.
Ensure the group owner of /usr/bin/sudo is <xccdf-1.2:sub xmlns:xccdf-1.2="http://checklists.nist.gov/xccdf/1.2" idref="xccdf_org.ssgproject.content_value_var_sudo_dedicated_group" use="legacy"/>.</description>
          <warning xmlns:xhtml="http://www.w3.org/1999/xhtml" xml:lang="en-US" category="functionality">Changing group owner of <html:code xmlns:html="http://www.w3.org/1999/xhtml">/usr/bin/sudo</html:code> to a group with no member users will prevent
any and all escalatation of privileges.
Additionally, the system may become unmanageable if root logins are not allowed.</warning>
          <warning xmlns:xhtml="http://www.w3.org/1999/xhtml" xml:lang="en-US" category="general">This rule doesn't come with a remediation, before remediating the sysadmin needs to add users to the dedicated sudo group.</warning>
          <reference href="https://cyber.gouv.fr/sites/default/files/document/linux_configuration-en-v2.pdf">R38</reference>
          <reference href="not_publicly_available">SLES-15-600300225</reference>
          <rationale xmlns:xhtml="http://www.w3.org/1999/xhtml" xml:lang="en-US">Restricting the set of users able to execute commands as privileged user reduces the attack surface.</rationale>
          <ident system="https://ncp.nist.gov/cce">CCE-91191-7</ident>
          <check system="http://oval.mitre.org/XMLSchema/oval-definitions-5">
            <check-export export-name="oval:ssg-var_sudo_dedicated_group:var:1" value-id="xccdf_org.ssgproject.content_value_var_sudo_dedicated_group"/>
            <check-content-ref name="oval:ssg-sudo_dedicated_group:def:1" href="ssg-sle15-oval.xml"/>
          </check>
          <check system="http://scap.nist.gov/schema/ocil/2">
            <check-content-ref name="ocil:ssg-sudo_dedicated_group_ocil:questionnaire:1" href="ssg-sle15-ocil.xml"/>
          </check>
        </Rule>
        <Rule id="xccdf_org.ssgproject.content_rule_sudo_remove_no_authenticate" selected="false" role="full" severity="medium">
          <title xmlns:xhtml="http://www.w3.org/1999/xhtml" xml:lang="en-US">Ensure Users Re-Authenticate for Privilege Escalation - sudo !authenticate</title>
          <description xmlns:xhtml="http://www.w3.org/1999/xhtml" xml:lang="en-US">The sudo <html:code xmlns:html="http://www.w3.org/1999/xhtml">!authenticate</html:code> option, when specified, allows a user to execute commands using
sudo without having to authenticate. This should be disabled by making sure that the
<html:code xmlns:html="http://www.w3.org/1999/xhtml">!authenticate</html:code> option does not exist in <html:code xmlns:html="http://www.w3.org/1999/xhtml">/etc/sudoers</html:code> configuration file or
any sudo configuration snippets in <html:code xmlns:html="http://www.w3.org/1999/xhtml">/etc/sudoers.d/</html:code>.</description>
          <reference href="https://www.cisecurity.org/controls/">1</reference>
          <reference href="https://www.cisecurity.org/controls/">12</reference>
          <reference href="https://www.cisecurity.org/controls/">15</reference>
          <reference href="https://www.cisecurity.org/controls/">16</reference>
          <reference href="https://www.cisecurity.org/controls/">5</reference>
          <reference href="https://www.isaca.org/resources/cobit">DSS05.04</reference>
          <reference href="https://www.isaca.org/resources/cobit">DSS05.10</reference>
          <reference href="https://www.isaca.org/resources/cobit">DSS06.03</reference>
          <reference href="https://www.isaca.org/resources/cobit">DSS06.10</reference>
          <reference href="https://www.isa.org/products/isa-62443-2-1-2009-security-for-industrial-automat">4.3.3.5.1</reference>
          <reference href="https://www.isa.org/products/isa-62443-2-1-2009-security-for-industrial-automat">4.3.3.6.1</reference>
          <reference href="https://www.isa.org/products/isa-62443-2-1-2009-security-for-industrial-automat">4.3.3.6.2</reference>
          <reference href="https://www.isa.org/products/isa-62443-2-1-2009-security-for-industrial-automat">4.3.3.6.3</reference>
          <reference href="https://www.isa.org/products/isa-62443-2-1-2009-security-for-industrial-automat">4.3.3.6.4</reference>
          <reference href="https://www.isa.org/products/isa-62443-2-1-2009-security-for-industrial-automat">4.3.3.6.5</reference>
          <reference href="https://www.isa.org/products/isa-62443-2-1-2009-security-for-industrial-automat">4.3.3.6.6</reference>
          <reference href="https://www.isa.org/products/isa-62443-2-1-2009-security-for-industrial-automat">4.3.3.6.7</reference>
          <reference href="https://www.isa.org/products/isa-62443-2-1-2009-security-for-industrial-automat">4.3.3.6.8</reference>
          <reference href="https://www.isa.org/products/isa-62443-2-1-2009-security-for-industrial-automat">4.3.3.6.9</reference>
          <reference href="https://www.isa.org/products/ansi-isa-62443-3-3-99-03-03-2013-security-for-indu">SR 1.1</reference>
          <reference href="https://www.isa.org/products/ansi-isa-62443-3-3-99-03-03-2013-security-for-indu">SR 1.10</reference>
          <reference href="https://www.isa.org/products/ansi-isa-62443-3-3-99-03-03-2013-security-for-indu">SR 1.2</reference>
          <reference href="https://www.isa.org/products/ansi-isa-62443-3-3-99-03-03-2013-security-for-indu">SR 1.3</reference>
          <reference href="https://www.isa.org/products/ansi-isa-62443-3-3-99-03-03-2013-security-for-indu">SR 1.4</reference>
          <reference href="https://www.isa.org/products/ansi-isa-62443-3-3-99-03-03-2013-security-for-indu">SR 1.5</reference>
          <reference href="https://www.isa.org/products/ansi-isa-62443-3-3-99-03-03-2013-security-for-indu">SR 1.7</reference>
          <reference href="https://www.isa.org/products/ansi-isa-62443-3-3-99-03-03-2013-security-for-indu">SR 1.8</reference>
          <reference href="https://www.isa.org/products/ansi-isa-62443-3-3-99-03-03-2013-security-for-indu">SR 1.9</reference>
          <reference href="https://www.iso.org/contents/data/standard/05/45/54534.html">A.18.1.4</reference>
          <reference href="https://www.iso.org/contents/data/standard/05/45/54534.html">A.9.2.1</reference>
          <reference href="https://www.iso.org/contents/data/standard/05/45/54534.html">A.9.2.2</reference>
          <reference href="https://www.iso.org/contents/data/standard/05/45/54534.html">A.9.2.3</reference>
          <reference href="https://www.iso.org/contents/data/standard/05/45/54534.html">A.9.2.4</reference>
          <reference href="https://www.iso.org/contents/data/standard/05/45/54534.html">A.9.2.6</reference>
          <reference href="https://www.iso.org/contents/data/standard/05/45/54534.html">A.9.3.1</reference>
          <reference href="https://www.iso.org/contents/data/standard/05/45/54534.html">A.9.4.2</reference>
          <reference href="https://www.iso.org/contents/data/standard/05/45/54534.html">A.9.4.3</reference>
          <reference href="http://nvlpubs.nist.gov/nistpubs/SpecialPublications/NIST.SP.800-53r4.pdf">IA-11</reference>
          <reference href="http://nvlpubs.nist.gov/nistpubs/SpecialPublications/NIST.SP.800-53r4.pdf">CM-6(a)</reference>
          <reference href="https://nvlpubs.nist.gov/nistpubs/CSWP/NIST.CSWP.04162018.pdf">PR.AC-1</reference>
          <reference href="https://nvlpubs.nist.gov/nistpubs/CSWP/NIST.CSWP.04162018.pdf">PR.AC-7</reference>
          <reference href="https://www.cyber.mil/stigs/downloads/?_dl_facet_stigs=operating-systems%2Cgeneral-purpose-os">SRG-OS-000373-GPOS-00156</reference>
          <reference href="https://www.cyber.mil/stigs/downloads/?_dl_facet_stigs=operating-systems%2Cgeneral-purpose-os">SRG-OS-000373-GPOS-00157</reference>
          <reference href="https://www.cyber.mil/stigs/downloads/?_dl_facet_stigs=operating-systems%2Cgeneral-purpose-os">SRG-OS-000373-GPOS-00158</reference>
          <reference href="https://www.cyber.mil/stigs/downloads/?_dl_facet_stigs=operating-systems%2Cunix-linux">SLES-15-010450</reference>
          <reference href="https://www.cyber.gov.au/acsc/view-all-content/ism">1546</reference>
          <reference href="https://www.cyber.mil/stigs/srg-stig-tools/">SV-234853r1050789_rule</reference>
          <rationale xmlns:xhtml="http://www.w3.org/1999/xhtml" xml:lang="en-US">Without re-authentication, users may access resources or perform tasks for which they
do not have authorization.
<html:br xmlns:html="http://www.w3.org/1999/xhtml"/>
        <html:br xmlns:html="http://www.w3.org/1999/xhtml"/>
When operating systems provide the capability to escalate a functional capability, it
is critical that the user re-authenticate.</rationale>
          <ident system="https://ncp.nist.gov/cce">CCE-83291-5</ident>
          <fix xmlns:xhtml="http://www.w3.org/1999/xhtml" id="sudo_remove_no_authenticate" system="urn:xccdf:fix:script:sh" complexity="low" disruption="low" strategy="restrict"># Remediation is applicable only in certain platforms
if rpm --quiet -q kernel-default || rpm --quiet -q kernel-default-base; then

for f in /etc/sudoers /etc/sudoers.d/* ; do
  if [ ! -e "$f" ] ; then
    continue
  fi
  matching_list=$(grep -P '^(?!#).*[\s]+\!authenticate.*$' $f | uniq )
  if ! test -z "$matching_list"; then
    while IFS= read -r entry; do
      # comment out "!authenticate" matches to preserve user data
      sed -i "s|^${entry}$|# &amp;|g" $f
    done &lt;&lt;&lt; "$matching_list"

    /usr/sbin/visudo -cf $f &amp;&gt; /dev/null || echo "Fail to validate $f with visudo"
  fi
done

else
    &gt;&amp;2 echo 'Remediation is not applicable, nothing was done'
fi
</fix>
          <fix xmlns:xhtml="http://www.w3.org/1999/xhtml" id="sudo_remove_no_authenticate" system="urn:xccdf:fix:script:ansible" complexity="low" disruption="low" strategy="restrict">- name: Gather the package facts
  package_facts:
    manager: auto
  tags:
  - CCE-83291-5
  - DISA-STIG-SLES-15-010450
  - NIST-800-53-CM-6(a)
  - NIST-800-53-IA-11
  - low_complexity
  - low_disruption
  - medium_severity
  - no_reboot_needed
  - restrict_strategy
  - sudo_remove_no_authenticate

- name: Find /etc/sudoers.d/ files
  ansible.builtin.find:
    paths:
    - /etc/sudoers.d/
  register: sudoers
  when: ("kernel-default" in ansible_facts.packages or "kernel-default-base" in ansible_facts.packages)
  tags:
  - CCE-83291-5
  - DISA-STIG-SLES-15-010450
  - NIST-800-53-CM-6(a)
  - NIST-800-53-IA-11
  - low_complexity
  - low_disruption
  - medium_severity
  - no_reboot_needed
  - restrict_strategy
  - sudo_remove_no_authenticate

- name: Remove lines containing !authenticate from sudoers files
  ansible.builtin.replace:
    regexp: (^(?!#).*[\s]+\!authenticate.*$)
    replace: '# \g&lt;1&gt;'
    path: '{{ item.path }}'
    validate: /usr/sbin/visudo -cf %s
  with_items:
  - path: /etc/sudoers
  - '{{ sudoers.files }}'
  when: ("kernel-default" in ansible_facts.packages or "kernel-default-base" in ansible_facts.packages)
  tags:
  - CCE-83291-5
  - DISA-STIG-SLES-15-010450
  - NIST-800-53-CM-6(a)
  - NIST-800-53-IA-11
  - low_complexity
  - low_disruption
  - medium_severity
  - no_reboot_needed
  - restrict_strategy
  - sudo_remove_no_authenticate
</fix>
          <check system="http://oval.mitre.org/XMLSchema/oval-definitions-5">
            <check-content-ref name="oval:ssg-sudo_remove_no_authenticate:def:1" href="ssg-sle15-oval.xml"/>
          </check>
          <check system="http://scap.nist.gov/schema/ocil/2">
            <check-content-ref name="ocil:ssg-sudo_remove_no_authenticate_ocil:questionnaire:1" href="ssg-sle15-ocil.xml"/>
          </check>
        </Rule>
        <Rule id="xccdf_org.ssgproject.content_rule_sudo_remove_nopasswd" selected="false" role="full" severity="medium">
          <title xmlns:xhtml="http://www.w3.org/1999/xhtml" xml:lang="en-US">Ensure Users Re-Authenticate for Privilege Escalation - sudo NOPASSWD</title>
          <description xmlns:xhtml="http://www.w3.org/1999/xhtml" xml:lang="en-US">The sudo <html:code xmlns:html="http://www.w3.org/1999/xhtml">NOPASSWD</html:code> tag, when specified, allows a user to execute
commands using sudo without having to authenticate. This should be disabled
by making sure that the <html:code xmlns:html="http://www.w3.org/1999/xhtml">NOPASSWD</html:code> tag does not exist in
<html:code xmlns:html="http://www.w3.org/1999/xhtml">/etc/sudoers</html:code> configuration file or any sudo configuration snippets
in <html:code xmlns:html="http://www.w3.org/1999/xhtml">/etc/sudoers.d/</html:code>.</description>
          <reference href="https://www.cisecurity.org/controls/">1</reference>
          <reference href="https://www.cisecurity.org/controls/">12</reference>
          <reference href="https://www.cisecurity.org/controls/">15</reference>
          <reference href="https://www.cisecurity.org/controls/">16</reference>
          <reference href="https://www.cisecurity.org/controls/">5</reference>
          <reference href="https://www.isaca.org/resources/cobit">DSS05.04</reference>
          <reference href="https://www.isaca.org/resources/cobit">DSS05.10</reference>
          <reference href="https://www.isaca.org/resources/cobit">DSS06.03</reference>
          <reference href="https://www.isaca.org/resources/cobit">DSS06.10</reference>
          <reference href="https://www.isa.org/products/isa-62443-2-1-2009-security-for-industrial-automat">4.3.3.5.1</reference>
          <reference href="https://www.isa.org/products/isa-62443-2-1-2009-security-for-industrial-automat">4.3.3.6.1</reference>
          <reference href="https://www.isa.org/products/isa-62443-2-1-2009-security-for-industrial-automat">4.3.3.6.2</reference>
          <reference href="https://www.isa.org/products/isa-62443-2-1-2009-security-for-industrial-automat">4.3.3.6.3</reference>
          <reference href="https://www.isa.org/products/isa-62443-2-1-2009-security-for-industrial-automat">4.3.3.6.4</reference>
          <reference href="https://www.isa.org/products/isa-62443-2-1-2009-security-for-industrial-automat">4.3.3.6.5</reference>
          <reference href="https://www.isa.org/products/isa-62443-2-1-2009-security-for-industrial-automat">4.3.3.6.6</reference>
          <reference href="https://www.isa.org/products/isa-62443-2-1-2009-security-for-industrial-automat">4.3.3.6.7</reference>
          <reference href="https://www.isa.org/products/isa-62443-2-1-2009-security-for-industrial-automat">4.3.3.6.8</reference>
          <reference href="https://www.isa.org/products/isa-62443-2-1-2009-security-for-industrial-automat">4.3.3.6.9</reference>
          <reference href="https://www.isa.org/products/ansi-isa-62443-3-3-99-03-03-2013-security-for-indu">SR 1.1</reference>
          <reference href="https://www.isa.org/products/ansi-isa-62443-3-3-99-03-03-2013-security-for-indu">SR 1.10</reference>
          <reference href="https://www.isa.org/products/ansi-isa-62443-3-3-99-03-03-2013-security-for-indu">SR 1.2</reference>
          <reference href="https://www.isa.org/products/ansi-isa-62443-3-3-99-03-03-2013-security-for-indu">SR 1.3</reference>
          <reference href="https://www.isa.org/products/ansi-isa-62443-3-3-99-03-03-2013-security-for-indu">SR 1.4</reference>
          <reference href="https://www.isa.org/products/ansi-isa-62443-3-3-99-03-03-2013-security-for-indu">SR 1.5</reference>
          <reference href="https://www.isa.org/products/ansi-isa-62443-3-3-99-03-03-2013-security-for-indu">SR 1.7</reference>
          <reference href="https://www.isa.org/products/ansi-isa-62443-3-3-99-03-03-2013-security-for-indu">SR 1.8</reference>
          <reference href="https://www.isa.org/products/ansi-isa-62443-3-3-99-03-03-2013-security-for-indu">SR 1.9</reference>
          <reference href="https://www.iso.org/contents/data/standard/05/45/54534.html">A.18.1.4</reference>
          <reference href="https://www.iso.org/contents/data/standard/05/45/54534.html">A.9.2.1</reference>
          <reference href="https://www.iso.org/contents/data/standard/05/45/54534.html">A.9.2.2</reference>
          <reference href="https://www.iso.org/contents/data/standard/05/45/54534.html">A.9.2.3</reference>
          <reference href="https://www.iso.org/contents/data/standard/05/45/54534.html">A.9.2.4</reference>
          <reference href="https://www.iso.org/contents/data/standard/05/45/54534.html">A.9.2.6</reference>
          <reference href="https://www.iso.org/contents/data/standard/05/45/54534.html">A.9.3.1</reference>
          <reference href="https://www.iso.org/contents/data/standard/05/45/54534.html">A.9.4.2</reference>
          <reference href="https://www.iso.org/contents/data/standard/05/45/54534.html">A.9.4.3</reference>
          <reference href="http://nvlpubs.nist.gov/nistpubs/SpecialPublications/NIST.SP.800-53r4.pdf">IA-11</reference>
          <reference href="http://nvlpubs.nist.gov/nistpubs/SpecialPublications/NIST.SP.800-53r4.pdf">CM-6(a)</reference>
          <reference href="https://nvlpubs.nist.gov/nistpubs/CSWP/NIST.CSWP.04162018.pdf">PR.AC-1</reference>
          <reference href="https://nvlpubs.nist.gov/nistpubs/CSWP/NIST.CSWP.04162018.pdf">PR.AC-7</reference>
          <reference href="https://www.cyber.mil/stigs/downloads/?_dl_facet_stigs=operating-systems%2Cgeneral-purpose-os">SRG-OS-000373-GPOS-00156</reference>
          <reference href="https://www.cyber.mil/stigs/downloads/?_dl_facet_stigs=operating-systems%2Cgeneral-purpose-os">SRG-OS-000373-GPOS-00157</reference>
          <reference href="https://www.cyber.mil/stigs/downloads/?_dl_facet_stigs=operating-systems%2Cgeneral-purpose-os">SRG-OS-000373-GPOS-00158</reference>
          <reference href="https://www.cyber.mil/stigs/downloads/?_dl_facet_stigs=operating-systems%2Cunix-linux">SLES-15-010450</reference>
          <reference href="https://www.cyber.gov.au/acsc/view-all-content/ism">1546</reference>
          <reference href="https://www.cyber.mil/stigs/srg-stig-tools/">SV-234853r1050789_rule</reference>
          <rationale xmlns:xhtml="http://www.w3.org/1999/xhtml" xml:lang="en-US">Without re-authentication, users may access resources or perform tasks for which they
do not have authorization.
<html:br xmlns:html="http://www.w3.org/1999/xhtml"/>
        <html:br xmlns:html="http://www.w3.org/1999/xhtml"/>
When operating systems provide the capability to escalate a functional capability, it
is critical that the user re-authenticate.</rationale>
          <ident system="https://ncp.nist.gov/cce">CCE-85663-3</ident>
          <fix xmlns:xhtml="http://www.w3.org/1999/xhtml" id="sudo_remove_nopasswd" system="urn:xccdf:fix:script:sh" complexity="low" disruption="low" strategy="restrict"># Remediation is applicable only in certain platforms
if rpm --quiet -q kernel-default || rpm --quiet -q kernel-default-base; then

for f in /etc/sudoers /etc/sudoers.d/* ; do
  if [ ! -e "$f" ] ; then
    continue
  fi
  matching_list=$(grep -P '^(?!#).*[\s]+NOPASSWD[\s]*\:.*$' $f | uniq )
  if ! test -z "$matching_list"; then
    while IFS= read -r entry; do
      # comment out "NOPASSWD" matches to preserve user data
      sed -i "s|^${entry}$|# &amp;|g" $f
    done &lt;&lt;&lt; "$matching_list"

    /usr/sbin/visudo -cf $f &amp;&gt; /dev/null || echo "Fail to validate $f with visudo"
  fi
done

else
    &gt;&amp;2 echo 'Remediation is not applicable, nothing was done'
fi
</fix>
          <fix xmlns:xhtml="http://www.w3.org/1999/xhtml" id="sudo_remove_nopasswd" system="urn:xccdf:fix:script:ansible" complexity="low" disruption="low" strategy="restrict">- name: Gather the package facts
  package_facts:
    manager: auto
  tags:
  - CCE-85663-3
  - DISA-STIG-SLES-15-010450
  - NIST-800-53-CM-6(a)
  - NIST-800-53-IA-11
  - low_complexity
  - low_disruption
  - medium_severity
  - no_reboot_needed
  - restrict_strategy
  - sudo_remove_nopasswd

- name: Find /etc/sudoers.d/ files
  ansible.builtin.find:
    paths:
    - /etc/sudoers.d/
  register: sudoers
  when: ("kernel-default" in ansible_facts.packages or "kernel-default-base" in ansible_facts.packages)
  tags:
  - CCE-85663-3
  - DISA-STIG-SLES-15-010450
  - NIST-800-53-CM-6(a)
  - NIST-800-53-IA-11
  - low_complexity
  - low_disruption
  - medium_severity
  - no_reboot_needed
  - restrict_strategy
  - sudo_remove_nopasswd

- name: Remove lines containing NOPASSWD from sudoers files
  ansible.builtin.replace:
    regexp: (^(?!#).*[\s]+NOPASSWD[\s]*\:.*$)
    replace: '# \g&lt;1&gt;'
    path: '{{ item.path }}'
    validate: /usr/sbin/visudo -cf %s
  with_items:
  - path: /etc/sudoers
  - '{{ sudoers.files }}'
  when: ("kernel-default" in ansible_facts.packages or "kernel-default-base" in ansible_facts.packages)
  tags:
  - CCE-85663-3
  - DISA-STIG-SLES-15-010450
  - NIST-800-53-CM-6(a)
  - NIST-800-53-IA-11
  - low_complexity
  - low_disruption
  - medium_severity
  - no_reboot_needed
  - restrict_strategy
  - sudo_remove_nopasswd
</fix>
          <check system="http://oval.mitre.org/XMLSchema/oval-definitions-5">
            <check-content-ref name="oval:ssg-sudo_remove_nopasswd:def:1" href="ssg-sle15-oval.xml"/>
          </check>
          <check system="http://scap.nist.gov/schema/ocil/2">
            <check-content-ref name="ocil:ssg-sudo_remove_nopasswd_ocil:questionnaire:1" href="ssg-sle15-ocil.xml"/>
          </check>
        </Rule>
        <Rule id="xccdf_org.ssgproject.content_rule_sudo_require_authentication" selected="false" role="full" severity="medium">
          <title xmlns:xhtml="http://www.w3.org/1999/xhtml" xml:lang="en-US">Ensure Users Re-Authenticate for Privilege Escalation - sudo</title>
          <description xmlns:xhtml="http://www.w3.org/1999/xhtml" xml:lang="en-US">The sudo <html:code xmlns:html="http://www.w3.org/1999/xhtml">NOPASSWD</html:code> and <html:code xmlns:html="http://www.w3.org/1999/xhtml">!authenticate</html:code> option, when
specified, allows a user to execute commands using sudo without having to
authenticate. This should be disabled by making sure that
<html:code xmlns:html="http://www.w3.org/1999/xhtml">NOPASSWD</html:code> and/or <html:code xmlns:html="http://www.w3.org/1999/xhtml">!authenticate</html:code> do not exist in
<html:code xmlns:html="http://www.w3.org/1999/xhtml">/etc/sudoers</html:code> configuration file or any sudo configuration snippets
in <html:code xmlns:html="http://www.w3.org/1999/xhtml">/etc/sudoers.d/</html:code>."</description>
          <reference href="https://www.cisecurity.org/controls/">1</reference>
          <reference href="https://www.cisecurity.org/controls/">12</reference>
          <reference href="https://www.cisecurity.org/controls/">15</reference>
          <reference href="https://www.cisecurity.org/controls/">16</reference>
          <reference href="https://www.cisecurity.org/controls/">5</reference>
          <reference href="https://www.isaca.org/resources/cobit">DSS05.04</reference>
          <reference href="https://www.isaca.org/resources/cobit">DSS05.10</reference>
          <reference href="https://www.isaca.org/resources/cobit">DSS06.03</reference>
          <reference href="https://www.isaca.org/resources/cobit">DSS06.10</reference>
          <reference href="https://www.isa.org/products/isa-62443-2-1-2009-security-for-industrial-automat">4.3.3.5.1</reference>
          <reference href="https://www.isa.org/products/isa-62443-2-1-2009-security-for-industrial-automat">4.3.3.6.1</reference>
          <reference href="https://www.isa.org/products/isa-62443-2-1-2009-security-for-industrial-automat">4.3.3.6.2</reference>
          <reference href="https://www.isa.org/products/isa-62443-2-1-2009-security-for-industrial-automat">4.3.3.6.3</reference>
          <reference href="https://www.isa.org/products/isa-62443-2-1-2009-security-for-industrial-automat">4.3.3.6.4</reference>
          <reference href="https://www.isa.org/products/isa-62443-2-1-2009-security-for-industrial-automat">4.3.3.6.5</reference>
          <reference href="https://www.isa.org/products/isa-62443-2-1-2009-security-for-industrial-automat">4.3.3.6.6</reference>
          <reference href="https://www.isa.org/products/isa-62443-2-1-2009-security-for-industrial-automat">4.3.3.6.7</reference>
          <reference href="https://www.isa.org/products/isa-62443-2-1-2009-security-for-industrial-automat">4.3.3.6.8</reference>
          <reference href="https://www.isa.org/products/isa-62443-2-1-2009-security-for-industrial-automat">4.3.3.6.9</reference>
          <reference href="https://www.isa.org/products/ansi-isa-62443-3-3-99-03-03-2013-security-for-indu">SR 1.1</reference>
          <reference href="https://www.isa.org/products/ansi-isa-62443-3-3-99-03-03-2013-security-for-indu">SR 1.10</reference>
          <reference href="https://www.isa.org/products/ansi-isa-62443-3-3-99-03-03-2013-security-for-indu">SR 1.2</reference>
          <reference href="https://www.isa.org/products/ansi-isa-62443-3-3-99-03-03-2013-security-for-indu">SR 1.3</reference>
          <reference href="https://www.isa.org/products/ansi-isa-62443-3-3-99-03-03-2013-security-for-indu">SR 1.4</reference>
          <reference href="https://www.isa.org/products/ansi-isa-62443-3-3-99-03-03-2013-security-for-indu">SR 1.5</reference>
          <reference href="https://www.isa.org/products/ansi-isa-62443-3-3-99-03-03-2013-security-for-indu">SR 1.7</reference>
          <reference href="https://www.isa.org/products/ansi-isa-62443-3-3-99-03-03-2013-security-for-indu">SR 1.8</reference>
          <reference href="https://www.isa.org/products/ansi-isa-62443-3-3-99-03-03-2013-security-for-indu">SR 1.9</reference>
          <reference href="https://www.iso.org/contents/data/standard/05/45/54534.html">A.18.1.4</reference>
          <reference href="https://www.iso.org/contents/data/standard/05/45/54534.html">A.9.2.1</reference>
          <reference href="https://www.iso.org/contents/data/standard/05/45/54534.html">A.9.2.2</reference>
          <reference href="https://www.iso.org/contents/data/standard/05/45/54534.html">A.9.2.3</reference>
          <reference href="https://www.iso.org/contents/data/standard/05/45/54534.html">A.9.2.4</reference>
          <reference href="https://www.iso.org/contents/data/standard/05/45/54534.html">A.9.2.6</reference>
          <reference href="https://www.iso.org/contents/data/standard/05/45/54534.html">A.9.3.1</reference>
          <reference href="https://www.iso.org/contents/data/standard/05/45/54534.html">A.9.4.2</reference>
          <reference href="https://www.iso.org/contents/data/standard/05/45/54534.html">A.9.4.3</reference>
          <reference href="http://nvlpubs.nist.gov/nistpubs/SpecialPublications/NIST.SP.800-53r4.pdf">IA-11</reference>
          <reference href="http://nvlpubs.nist.gov/nistpubs/SpecialPublications/NIST.SP.800-53r4.pdf">CM-6(a)</reference>
          <reference href="https://nvlpubs.nist.gov/nistpubs/CSWP/NIST.CSWP.04162018.pdf">PR.AC-1</reference>
          <reference href="https://nvlpubs.nist.gov/nistpubs/CSWP/NIST.CSWP.04162018.pdf">PR.AC-7</reference>
          <reference href="https://www.cyber.mil/stigs/downloads/?_dl_facet_stigs=operating-systems%2Cgeneral-purpose-os">SRG-OS-000373-GPOS-00156</reference>
          <reference href="https://www.cyber.mil/stigs/downloads/?_dl_facet_stigs=operating-systems%2Cunix-linux">SLES-15-010450</reference>
          <reference href="not_publicly_available">SLES-15-600300060</reference>
          <reference href="https://www.cyber.gov.au/acsc/view-all-content/ism">1546</reference>
          <reference href="https://docs-prv.pcisecuritystandards.org/PCI%20DSS/Standard/PCI-DSS-v4_0.pdf">2.2.6</reference>
          <reference href="https://docs-prv.pcisecuritystandards.org/PCI%20DSS/Standard/PCI-DSS-v4_0.pdf">2.2</reference>
          <reference href="https://www.cyber.mil/stigs/srg-stig-tools/">SV-234853r1050789_rule</reference>
          <rationale xmlns:xhtml="http://www.w3.org/1999/xhtml" xml:lang="en-US">Without re-authentication, users may access resources or perform tasks for which they
do not have authorization.
<html:br xmlns:html="http://www.w3.org/1999/xhtml"/>
        <html:br xmlns:html="http://www.w3.org/1999/xhtml"/>
When operating systems provide the capability to escalate a functional capability, it
is critical that the user re-authenticate.</rationale>
          <ident system="https://ncp.nist.gov/cce">CCE-85673-2</ident>
          <fix xmlns:xhtml="http://www.w3.org/1999/xhtml" id="sudo_require_authentication" system="urn:xccdf:fix:script:sh" complexity="low" disruption="low" strategy="restrict"># Remediation is applicable only in certain platforms
if rpm --quiet -q kernel-default || rpm --quiet -q kernel-default-base; then

for f in /etc/sudoers /etc/sudoers.d/* ; do
  if [ ! -e "$f" ] ; then
    continue
  fi
  matching_list=$(grep -P '^(?!#).*[\s]+NOPASSWD[\s]*\:.*$' $f | uniq )
  if ! test -z "$matching_list"; then
    while IFS= read -r entry; do
      # comment out "NOPASSWD" matches to preserve user data
      sed -i "s|^${entry}$|# &amp;|g" $f
    done &lt;&lt;&lt; "$matching_list"

    /usr/sbin/visudo -cf $f &amp;&gt; /dev/null || echo "Fail to validate $f with visudo"
  fi
done

for f in /etc/sudoers /etc/sudoers.d/* ; do
  if [ ! -e "$f" ] ; then
    continue
  fi
  matching_list=$(grep -P '^(?!#).*[\s]+\!authenticate.*$' $f | uniq )
  if ! test -z "$matching_list"; then
    while IFS= read -r entry; do
      # comment out "!authenticate" matches to preserve user data
      sed -i "s|^${entry}$|# &amp;|g" $f
    done &lt;&lt;&lt; "$matching_list"

    /usr/sbin/visudo -cf $f &amp;&gt; /dev/null || echo "Fail to validate $f with visudo"
  fi
done

else
    &gt;&amp;2 echo 'Remediation is not applicable, nothing was done'
fi
</fix>
          <fix xmlns:xhtml="http://www.w3.org/1999/xhtml" id="sudo_require_authentication" system="urn:xccdf:fix:script:ansible" complexity="low" disruption="low" strategy="restrict">- name: Gather the package facts
  package_facts:
    manager: auto
  tags:
  - CCE-85673-2
  - DISA-STIG-SLES-15-010450
  - NIST-800-53-CM-6(a)
  - NIST-800-53-IA-11
  - PCI-DSSv4-2.2
  - PCI-DSSv4-2.2.6
  - low_complexity
  - low_disruption
  - medium_severity
  - no_reboot_needed
  - restrict_strategy
  - sudo_require_authentication

- name: Find /etc/sudoers.d/ files
  ansible.builtin.find:
    paths:
    - /etc/sudoers.d/
  register: sudoers
  when: ("kernel-default" in ansible_facts.packages or "kernel-default-base" in ansible_facts.packages)
  tags:
  - CCE-85673-2
  - DISA-STIG-SLES-15-010450
  - NIST-800-53-CM-6(a)
  - NIST-800-53-IA-11
  - PCI-DSSv4-2.2
  - PCI-DSSv4-2.2.6
  - low_complexity
  - low_disruption
  - medium_severity
  - no_reboot_needed
  - restrict_strategy
  - sudo_require_authentication

- name: Remove lines containing NOPASSWD from sudoers files
  ansible.builtin.replace:
    regexp: (^(?!#).*[\s]+NOPASSWD[\s]*\:.*$)
    replace: '# \g&lt;1&gt;'
    path: '{{ item.path }}'
    validate: /usr/sbin/visudo -cf %s
  with_items:
  - path: /etc/sudoers
  - '{{ sudoers.files }}'
  when: ("kernel-default" in ansible_facts.packages or "kernel-default-base" in ansible_facts.packages)
  tags:
  - CCE-85673-2
  - DISA-STIG-SLES-15-010450
  - NIST-800-53-CM-6(a)
  - NIST-800-53-IA-11
  - PCI-DSSv4-2.2
  - PCI-DSSv4-2.2.6
  - low_complexity
  - low_disruption
  - medium_severity
  - no_reboot_needed
  - restrict_strategy
  - sudo_require_authentication

- name: Find /etc/sudoers.d/ files
  ansible.builtin.find:
    paths:
    - /etc/sudoers.d/
  register: sudoers
  when: ("kernel-default" in ansible_facts.packages or "kernel-default-base" in ansible_facts.packages)
  tags:
  - CCE-85673-2
  - DISA-STIG-SLES-15-010450
  - NIST-800-53-CM-6(a)
  - NIST-800-53-IA-11
  - PCI-DSSv4-2.2
  - PCI-DSSv4-2.2.6
  - low_complexity
  - low_disruption
  - medium_severity
  - no_reboot_needed
  - restrict_strategy
  - sudo_require_authentication

- name: Remove lines containing !authenticate from sudoers files
  ansible.builtin.replace:
    regexp: (^(?!#).*[\s]+\!authenticate.*$)
    replace: '# \g&lt;1&gt;'
    path: '{{ item.path }}'
    validate: /usr/sbin/visudo -cf %s
  with_items:
  - path: /etc/sudoers
  - '{{ sudoers.files }}'
  when: ("kernel-default" in ansible_facts.packages or "kernel-default-base" in ansible_facts.packages)
  tags:
  - CCE-85673-2
  - DISA-STIG-SLES-15-010450
  - NIST-800-53-CM-6(a)
  - NIST-800-53-IA-11
  - PCI-DSSv4-2.2
  - PCI-DSSv4-2.2.6
  - low_complexity
  - low_disruption
  - medium_severity
  - no_reboot_needed
  - restrict_strategy
  - sudo_require_authentication
</fix>
          <check system="http://oval.mitre.org/XMLSchema/oval-definitions-5">
            <check-content-ref name="oval:ssg-sudo_require_authentication:def:1" href="ssg-sle15-oval.xml"/>
          </check>
          <check system="http://scap.nist.gov/schema/ocil/2">
            <check-content-ref name="ocil:ssg-sudo_require_authentication_ocil:questionnaire:1" href="ssg-sle15-ocil.xml"/>
          </check>
        </Rule>
        <Rule id="xccdf_org.ssgproject.content_rule_sudo_require_reauthentication" selected="false" role="full" severity="medium">
          <title xmlns:xhtml="http://www.w3.org/1999/xhtml" xml:lang="en-US">Require Re-Authentication When Using the sudo Command</title>
          <description xmlns:xhtml="http://www.w3.org/1999/xhtml" xml:lang="en-US">The sudo <html:code xmlns:html="http://www.w3.org/1999/xhtml">timestamp_timeout</html:code> tag sets the amount of time sudo password prompt waits.
The default <html:code xmlns:html="http://www.w3.org/1999/xhtml">timestamp_timeout</html:code> value is 5 minutes.
The timestamp_timeout should be configured by making sure that the
<html:code xmlns:html="http://www.w3.org/1999/xhtml">timestamp_timeout</html:code> tag exists in
<html:code xmlns:html="http://www.w3.org/1999/xhtml">/etc/sudoers</html:code> configuration file or any sudo configuration snippets
in <html:code xmlns:html="http://www.w3.org/1999/xhtml">/etc/sudoers.d/</html:code>.
If the value is set to an integer less than 0, the user's time stamp will not expire
and the user will not have to re-authenticate for privileged actions until the user's session is terminated.</description>
          <reference href="http://nvlpubs.nist.gov/nistpubs/SpecialPublications/NIST.SP.800-53r4.pdf">IA-11</reference>
          <reference href="https://www.cyber.mil/stigs/downloads/?_dl_facet_stigs=operating-systems%2Cgeneral-purpose-os">SRG-OS-000373-GPOS-00156</reference>
          <reference href="https://www.cyber.mil/stigs/downloads/?_dl_facet_stigs=operating-systems%2Cgeneral-purpose-os">SRG-OS-000373-GPOS-00157</reference>
          <reference href="https://www.cyber.mil/stigs/downloads/?_dl_facet_stigs=operating-systems%2Cgeneral-purpose-os">SRG-OS-000373-GPOS-00158</reference>
          <reference href="https://www.cyber.mil/stigs/downloads/?_dl_facet_stigs=operating-systems%2Cunix-linux">SLES-15-020102</reference>
          <reference href="not_publicly_available">SLES-15-600300075</reference>
          <reference href="not_publicly_available">SLES-15-600300090</reference>
          <reference href="https://docs-prv.pcisecuritystandards.org/PCI%20DSS/Standard/PCI-DSS-v4_0.pdf">2.2.6</reference>
          <reference href="https://docs-prv.pcisecuritystandards.org/PCI%20DSS/Standard/PCI-DSS-v4_0.pdf">2.2</reference>
          <reference href="https://www.cyber.mil/stigs/srg-stig-tools/">SV-234878r1050789_rule</reference>
          <rationale xmlns:xhtml="http://www.w3.org/1999/xhtml" xml:lang="en-US">Without re-authentication, users may access resources or perform tasks for which they
do not have authorization.
<html:br xmlns:html="http://www.w3.org/1999/xhtml"/>
        <html:br xmlns:html="http://www.w3.org/1999/xhtml"/>
When operating systems provide the capability to escalate a functional capability, it
is critical that the user re-authenticate.</rationale>
          <platform idref="#package_sudo"/>
          <ident system="https://ncp.nist.gov/cce">CCE-85764-9</ident>
          <fix xmlns:xhtml="http://www.w3.org/1999/xhtml" id="sudo_require_reauthentication" system="urn:xccdf:fix:script:sh" complexity="low" disruption="low" strategy="restrict"># Remediation is applicable only in certain platforms
if rpm --quiet -q kernel-default || rpm --quiet -q kernel-default-base &amp;&amp; { rpm --quiet -q sudo; }; then

var_sudo_timestamp_timeout='<xccdf-1.2:sub xmlns:xccdf-1.2="http://checklists.nist.gov/xccdf/1.2" idref="xccdf_org.ssgproject.content_value_var_sudo_timestamp_timeout" use="legacy"/>'


if grep -Px '^[\s]*Defaults.*timestamp_timeout[\s]*=.*' /etc/sudoers.d/*; then
    find /etc/sudoers.d/ -type f -exec sed -Ei "/^[[:blank:]]*Defaults.*timestamp_timeout[[:blank:]]*=.*/d" {} \;
fi

if /usr/sbin/visudo -qcf /etc/sudoers; then
    cp /etc/sudoers /etc/sudoers.bak
    if ! grep -P '^[\s]*Defaults.*timestamp_timeout[\s]*=[\s]*[-]?\w+.*$' /etc/sudoers; then
        # sudoers file doesn't define Option timestamp_timeout
        echo "Defaults timestamp_timeout=${var_sudo_timestamp_timeout}" &gt;&gt; /etc/sudoers
    else
        # sudoers file defines Option timestamp_timeout, remediate wrong values if present
        if grep -qP "^[\s]*Defaults\s.*\btimestamp_timeout[\s]*=[\s]*(?!${var_sudo_timestamp_timeout}\b)[-]?\w+\b.*$" /etc/sudoers; then
            sed -Ei "s/(^[[:blank:]]*Defaults.*timestamp_timeout[[:blank:]]*=)[[:blank:]]*[-]?\w+(.*$)/\1${var_sudo_timestamp_timeout}\2/" /etc/sudoers
        fi
    fi
    
    # Check validity of sudoers and cleanup bak
    if /usr/sbin/visudo -qcf /etc/sudoers; then
        rm -f /etc/sudoers.bak
    else
        echo "Fail to validate remediated /etc/sudoers, reverting to original file."
        mv /etc/sudoers.bak /etc/sudoers
        false
    fi
else
    echo "Skipping remediation, /etc/sudoers failed to validate"
    false
fi

else
    &gt;&amp;2 echo 'Remediation is not applicable, nothing was done'
fi
</fix>
          <fix xmlns:xhtml="http://www.w3.org/1999/xhtml" id="sudo_require_reauthentication" system="urn:xccdf:fix:script:ansible" complexity="low" disruption="low" strategy="restrict">- name: Gather the package facts
  package_facts:
    manager: auto
  tags:
  - CCE-85764-9
  - DISA-STIG-SLES-15-020102
  - NIST-800-53-IA-11
  - PCI-DSSv4-2.2
  - PCI-DSSv4-2.2.6
  - low_complexity
  - low_disruption
  - medium_severity
  - no_reboot_needed
  - restrict_strategy
  - sudo_require_reauthentication
- name: XCCDF Value var_sudo_timestamp_timeout # promote to variable
  set_fact:
    var_sudo_timestamp_timeout: !!str <xccdf-1.2:sub xmlns:xccdf-1.2="http://checklists.nist.gov/xccdf/1.2" idref="xccdf_org.ssgproject.content_value_var_sudo_timestamp_timeout" use="legacy"/>
  tags:
    - always

- name: Require Re-Authentication When Using the sudo Command - Find /etc/sudoers.d/*
    files containing 'Defaults timestamp_timeout'
  ansible.builtin.find:
    path: /etc/sudoers.d
    patterns: '*'
    contains: ^[\s]*Defaults\s.*\btimestamp_timeout[\s]*=.*
  register: sudoers_d_defaults_timestamp_timeout
  when:
  - ("kernel-default" in ansible_facts.packages or "kernel-default-base" in ansible_facts.packages)
  - '"sudo" in ansible_facts.packages'
  tags:
  - CCE-85764-9
  - DISA-STIG-SLES-15-020102
  - NIST-800-53-IA-11
  - PCI-DSSv4-2.2
  - PCI-DSSv4-2.2.6
  - low_complexity
  - low_disruption
  - medium_severity
  - no_reboot_needed
  - restrict_strategy
  - sudo_require_reauthentication

- name: Require Re-Authentication When Using the sudo Command - Remove 'Defaults timestamp_timeout'
    from /etc/sudoers.d/* files
  ansible.builtin.lineinfile:
    path: '{{ item.path }}'
    regexp: ^[\s]*Defaults\s.*\btimestamp_timeout[\s]*=.*
    state: absent
  with_items: '{{ sudoers_d_defaults_timestamp_timeout.files }}'
  when:
  - ("kernel-default" in ansible_facts.packages or "kernel-default-base" in ansible_facts.packages)
  - '"sudo" in ansible_facts.packages'
  tags:
  - CCE-85764-9
  - DISA-STIG-SLES-15-020102
  - NIST-800-53-IA-11
  - PCI-DSSv4-2.2
  - PCI-DSSv4-2.2.6
  - low_complexity
  - low_disruption
  - medium_severity
  - no_reboot_needed
  - restrict_strategy
  - sudo_require_reauthentication

- name: Require Re-Authentication When Using the sudo Command - Ensure timestamp_timeout
    has the appropriate value in /etc/sudoers
  ansible.builtin.lineinfile:
    path: /etc/sudoers
    regexp: ^[\s]*Defaults\s(.*)\btimestamp_timeout[\s]*=[\s]*[-]?\w+\b(.*)$
    line: Defaults \1timestamp_timeout={{ var_sudo_timestamp_timeout }}\2
    validate: /usr/sbin/visudo -cf %s
    backrefs: true
  register: edit_sudoers_timestamp_timeout_option
  when:
  - ("kernel-default" in ansible_facts.packages or "kernel-default-base" in ansible_facts.packages)
  - '"sudo" in ansible_facts.packages'
  tags:
  - CCE-85764-9
  - DISA-STIG-SLES-15-020102
  - NIST-800-53-IA-11
  - PCI-DSSv4-2.2
  - PCI-DSSv4-2.2.6
  - low_complexity
  - low_disruption
  - medium_severity
  - no_reboot_needed
  - restrict_strategy
  - sudo_require_reauthentication

- name: Require Re-Authentication When Using the sudo Command - Enable timestamp_timeout
    option with correct value in /etc/sudoers
  ansible.builtin.lineinfile:
    path: /etc/sudoers
    line: Defaults timestamp_timeout={{ var_sudo_timestamp_timeout }}
    validate: /usr/sbin/visudo -cf %s
  when:
  - ("kernel-default" in ansible_facts.packages or "kernel-default-base" in ansible_facts.packages)
  - '"sudo" in ansible_facts.packages'
  - |
    edit_sudoers_timestamp_timeout_option is defined and not edit_sudoers_timestamp_timeout_option.changed
  tags:
  - CCE-85764-9
  - DISA-STIG-SLES-15-020102
  - NIST-800-53-IA-11
  - PCI-DSSv4-2.2
  - PCI-DSSv4-2.2.6
  - low_complexity
  - low_disruption
  - medium_severity
  - no_reboot_needed
  - restrict_strategy
  - sudo_require_reauthentication

- name: Require Re-Authentication When Using the sudo Command - Remove timestamp_timeout
    wrong values in /etc/sudoers
  ansible.builtin.lineinfile:
    path: /etc/sudoers
    regexp: ^[\s]*Defaults\s.*\btimestamp_timeout[\s]*=[\s]*(?!{{ var_sudo_timestamp_timeout
      }}\b)[-]?\w+\b.*$
    state: absent
    validate: /usr/sbin/visudo -cf %s
  when:
  - ("kernel-default" in ansible_facts.packages or "kernel-default-base" in ansible_facts.packages)
  - '"sudo" in ansible_facts.packages'
  tags:
  - CCE-85764-9
  - DISA-STIG-SLES-15-020102
  - NIST-800-53-IA-11
  - PCI-DSSv4-2.2
  - PCI-DSSv4-2.2.6
  - low_complexity
  - low_disruption
  - medium_severity
  - no_reboot_needed
  - restrict_strategy
  - sudo_require_reauthentication
</fix>
          <check system="http://oval.mitre.org/XMLSchema/oval-definitions-5">
            <check-content-ref name="oval:ssg-sudo_require_reauthentication:def:1" href="ssg-sle15-oval.xml"/>
          </check>
          <check system="http://scap.nist.gov/schema/ocil/2">
            <check-content-ref name="ocil:ssg-sudo_require_reauthentication_ocil:questionnaire:1" href="ssg-sle15-ocil.xml"/>
          </check>
        </Rule>
        <Rule id="xccdf_org.ssgproject.content_rule_sudo_restrict_privilege_elevation_to_authorized" selected="false" role="full" severity="medium">
          <title xmlns:xhtml="http://www.w3.org/1999/xhtml" xml:lang="en-US">The operating system must restrict privilege elevation to authorized personnel</title>
          <description xmlns:xhtml="http://www.w3.org/1999/xhtml" xml:lang="en-US">The sudo command allows a user to execute programs with elevated
(administrator) privileges. It prompts the user for their password
and confirms your request to execute a command by checking a file,
called sudoers.
Restrict privileged actions by removing the following entries from the sudoers file:
<html:code xmlns:html="http://www.w3.org/1999/xhtml">ALL ALL=(ALL) ALL</html:code>
        <html:code xmlns:html="http://www.w3.org/1999/xhtml">ALL ALL=(ALL:ALL) ALL</html:code>
       </description>
          <warning xmlns:xhtml="http://www.w3.org/1999/xhtml" xml:lang="en-US" category="general">This rule doesn't come with a remediation, as the exact requirement allows exceptions,
and removing lines from the sudoers file can make the system non-administrable.</warning>
          <reference href="http://nvlpubs.nist.gov/nistpubs/SpecialPublications/NIST.SP.800-53r4.pdf">CM-6(b)</reference>
          <reference href="http://nvlpubs.nist.gov/nistpubs/SpecialPublications/NIST.SP.800-53r4.pdf">CM-6(iv)</reference>
          <reference href="https://www.cyber.mil/stigs/downloads/?_dl_facet_stigs=operating-systems%2Cgeneral-purpose-os">SRG-OS-000480-GPOS-00227</reference>
          <reference href="https://www.cyber.mil/stigs/downloads/?_dl_facet_stigs=operating-systems%2Cunix-linux">SLES-15-020101</reference>
          <reference href="not_publicly_available">SLES-15-600300120</reference>
          <reference href="https://www.cyber.mil/stigs/srg-stig-tools/">SV-234877r991589_rule</reference>
          <rationale xmlns:xhtml="http://www.w3.org/1999/xhtml" xml:lang="en-US">If the "sudoers" file is not configured correctly, any user defined
on the system can initiate privileged actions on the target system.</rationale>
          <platform idref="#package_sudo"/>
          <ident system="https://ncp.nist.gov/cce">CCE-85712-8</ident>
          <check system="http://oval.mitre.org/XMLSchema/oval-definitions-5">
            <check-content-ref name="oval:ssg-sudo_restrict_privilege_elevation_to_authorized:def:1" href="ssg-sle15-oval.xml"/>
          </check>
          <check system="http://scap.nist.gov/schema/ocil/2">
            <check-content-ref name="ocil:ssg-sudo_restrict_privilege_elevation_to_authorized_ocil:questionnaire:1" href="ssg-sle15-ocil.xml"/>
          </check>
        </Rule>
        <Rule id="xccdf_org.ssgproject.content_rule_sudo_vdsm_nopasswd" selected="false" role="full" severity="medium">
          <title xmlns:xhtml="http://www.w3.org/1999/xhtml" xml:lang="en-US">Only the VDSM User Can Use sudo NOPASSWD</title>
          <description xmlns:xhtml="http://www.w3.org/1999/xhtml" xml:lang="en-US">The sudo <html:code xmlns:html="http://www.w3.org/1999/xhtml">NOPASSWD</html:code> tag, when specified, allows a user to execute commands using sudo without having to authenticate. Only the <html:code xmlns:html="http://www.w3.org/1999/xhtml">vdsm</html:code> user should have this capability in any sudo configuration snippets in <html:code xmlns:html="http://www.w3.org/1999/xhtml">/etc/sudoers.d/</html:code>.</description>
          <rationale xmlns:xhtml="http://www.w3.org/1999/xhtml" xml:lang="en-US">Without re-authentication, users may access resources or perform tasks for which they
do not have authorization.
<html:br xmlns:html="http://www.w3.org/1999/xhtml"/>
        <html:br xmlns:html="http://www.w3.org/1999/xhtml"/>
When operating systems provide the capability to escalate a functional capability, it
is critical that the user re-authenticate.</rationale>
          <check system="http://oval.mitre.org/XMLSchema/oval-definitions-5">
            <check-content-ref name="oval:ssg-sudo_vdsm_nopasswd:def:1" href="ssg-sle15-oval.xml"/>
          </check>
          <check system="http://scap.nist.gov/schema/ocil/2">
            <check-content-ref name="ocil:ssg-sudo_vdsm_nopasswd_ocil:questionnaire:1" href="ssg-sle15-ocil.xml"/>
          </check>
        </Rule>
        <Rule id="xccdf_org.ssgproject.content_rule_sudoers_default_includedir" selected="false" role="full" severity="medium">
          <title xmlns:xhtml="http://www.w3.org/1999/xhtml" xml:lang="en-US">Ensure sudo only includes the default configuration directory</title>
          <description xmlns:xhtml="http://www.w3.org/1999/xhtml" xml:lang="en-US">Administrators can configure authorized <html:code xmlns:html="http://www.w3.org/1999/xhtml">sudo</html:code> users via drop-in files, and it is possible to include
other directories and configuration files from the file currently being parsed.

Make sure that <html:code xmlns:html="http://www.w3.org/1999/xhtml">/etc/sudoers</html:code> only includes drop-in configuration files from <html:code xmlns:html="http://www.w3.org/1999/xhtml">/etc/sudoers.d</html:code>,
or that no drop-in file is included.
Either the <html:code xmlns:html="http://www.w3.org/1999/xhtml">/etc/sudoers</html:code> should contain only one <html:code xmlns:html="http://www.w3.org/1999/xhtml">#includedir</html:code> directive pointing to
<html:code xmlns:html="http://www.w3.org/1999/xhtml">/etc/sudoers.d</html:code>, and no file in <html:code xmlns:html="http://www.w3.org/1999/xhtml">/etc/sudoers.d/</html:code> should include other files or directories;
Or the <html:code xmlns:html="http://www.w3.org/1999/xhtml">/etc/sudoers</html:code> should not contain any <html:code xmlns:html="http://www.w3.org/1999/xhtml">#include</html:code>,
<html:code xmlns:html="http://www.w3.org/1999/xhtml">@include</html:code>, <html:code xmlns:html="http://www.w3.org/1999/xhtml">#includedir</html:code> or <html:code xmlns:html="http://www.w3.org/1999/xhtml">@includedir</html:code> directives.
Note that the '#' character doesn't denote a comment in the configuration file.</description>
          <reference href="https://www.cyber.mil/stigs/downloads/?_dl_facet_stigs=operating-systems%2Cgeneral-purpose-os">SRG-OS-000480-GPOS-00227</reference>
          <reference href="https://www.cyber.mil/stigs/downloads/?_dl_facet_stigs=operating-systems%2Cunix-linux">SLES-15-020099</reference>
          <reference href="not_publicly_available">SLES-15-600300135</reference>
          <reference href="https://www.cyber.mil/stigs/srg-stig-tools/">SV-251723r991589_rule</reference>
          <rationale xmlns:xhtml="http://www.w3.org/1999/xhtml" xml:lang="en-US">Some <html:code xmlns:html="http://www.w3.org/1999/xhtml">sudo</html:code> configuration options allow users to run programs without re-authenticating.
Use of these configuration options makes it easier for one compromised account to be used to
compromise other accounts.</rationale>
          <ident system="https://ncp.nist.gov/cce">CCE-91151-1</ident>
          <fix xmlns:xhtml="http://www.w3.org/1999/xhtml" id="sudoers_default_includedir" system="urn:xccdf:fix:script:sh"># Remediation is applicable only in certain platforms
if rpm --quiet -q kernel-default || rpm --quiet -q kernel-default-base; then

sudoers_config_file="/etc/sudoers"
sudoers_config_dir="/etc/sudoers.d"
sudoers_includedir_count=$(grep -c "#includedir" "$sudoers_config_file")
if [ "$sudoers_includedir_count" -gt 1 ]; then
    sed -i "/#includedir/d" "$sudoers_config_file"
    echo "#includedir /etc/sudoers.d" &gt;&gt; "$sudoers_config_file"
elif [ "$sudoers_includedir_count" -eq 0 ]; then
    echo "#includedir /etc/sudoers.d" &gt;&gt; "$sudoers_config_file"
else
    if ! grep -q "^#includedir /etc/sudoers.d" "$sudoers_config_file"; then
        sed -i "s|^#includedir.*|#includedir /etc/sudoers.d|g" "$sudoers_config_file"
    fi
fi

sed -Ei "/^#include\s/d; /^@includedir\s/d" "$sudoers_config_file"

if grep -Pr "^[#@]include(dir)?\s" "$sudoers_config_dir" ; then
    sed -Ei "/^[#@]include(dir)?\s/d" "$sudoers_config_dir"/*
fi

else
    &gt;&amp;2 echo 'Remediation is not applicable, nothing was done'
fi
</fix>
          <fix xmlns:xhtml="http://www.w3.org/1999/xhtml" id="sudoers_default_includedir" system="urn:xccdf:fix:script:ansible" complexity="low" disruption="low" strategy="configure">- name: Gather the package facts
  package_facts:
    manager: auto
  tags:
  - CCE-91151-1
  - DISA-STIG-SLES-15-020099
  - configure_strategy
  - low_complexity
  - low_disruption
  - medium_severity
  - no_reboot_needed
  - sudoers_default_includedir

- name: Check for duplicate values
  ansible.builtin.lineinfile:
    path: /etc/sudoers
    create: false
    regexp: ^#includedir.*$
    state: absent
  check_mode: true
  changed_when: false
  register: dupes
  when: ("kernel-default" in ansible_facts.packages or "kernel-default-base" in ansible_facts.packages)
  tags:
  - CCE-91151-1
  - DISA-STIG-SLES-15-020099
  - configure_strategy
  - low_complexity
  - low_disruption
  - medium_severity
  - no_reboot_needed
  - sudoers_default_includedir

- name: Deduplicate values from /etc/sudoers
  ansible.builtin.lineinfile:
    path: /etc/sudoers
    create: false
    regexp: ^#includedir.*$
    state: absent
  when:
  - ("kernel-default" in ansible_facts.packages or "kernel-default-base" in ansible_facts.packages)
  - dupes.found is defined and dupes.found &gt; 1
  tags:
  - CCE-91151-1
  - DISA-STIG-SLES-15-020099
  - configure_strategy
  - low_complexity
  - low_disruption
  - medium_severity
  - no_reboot_needed
  - sudoers_default_includedir

- name: Insert correct line into /etc/sudoers
  ansible.builtin.lineinfile:
    path: /etc/sudoers
    create: false
    regexp: ^#includedir.*$
    line: '#includedir /etc/sudoers.d'
    state: present
  when: ("kernel-default" in ansible_facts.packages or "kernel-default-base" in ansible_facts.packages)
  tags:
  - CCE-91151-1
  - DISA-STIG-SLES-15-020099
  - configure_strategy
  - low_complexity
  - low_disruption
  - medium_severity
  - no_reboot_needed
  - sudoers_default_includedir

- name: Ensure sudoers doesn't include other non-default file
  ansible.builtin.lineinfile:
    path: /etc/sudoers
    create: false
    regexp: ^[#@]include[\s]+.*$
    state: absent
  when: ("kernel-default" in ansible_facts.packages or "kernel-default-base" in ansible_facts.packages)
  tags:
  - CCE-91151-1
  - DISA-STIG-SLES-15-020099
  - configure_strategy
  - low_complexity
  - low_disruption
  - medium_severity
  - no_reboot_needed
  - sudoers_default_includedir

- name: Ensure sudoers doesn't have non-default includedir
  ansible.builtin.lineinfile:
    path: /etc/sudoers
    create: false
    regexp: ^@includedir[\s]+.*$
    state: absent
  when: ("kernel-default" in ansible_facts.packages or "kernel-default-base" in ansible_facts.packages)
  tags:
  - CCE-91151-1
  - DISA-STIG-SLES-15-020099
  - configure_strategy
  - low_complexity
  - low_disruption
  - medium_severity
  - no_reboot_needed
  - sudoers_default_includedir

- name: Find out if /etc/sudoers.d/* files contain file or directory includes
  ansible.builtin.find:
    path: /etc/sudoers.d
    patterns: '*'
    contains: ^[#@]include(dir)?\s.*$
  register: sudoers_d_includes
  when: ("kernel-default" in ansible_facts.packages or "kernel-default-base" in ansible_facts.packages)
  tags:
  - CCE-91151-1
  - DISA-STIG-SLES-15-020099
  - configure_strategy
  - low_complexity
  - low_disruption
  - medium_severity
  - no_reboot_needed
  - sudoers_default_includedir

- name: Remove found occurrences of file and directory includes from /etc/sudoers.d/*
    files
  ansible.builtin.lineinfile:
    path: '{{ item.path }}'
    regexp: ^[#@]include(dir)?\s.*$
    state: absent
  with_items: '{{ sudoers_d_includes.files }}'
  when: ("kernel-default" in ansible_facts.packages or "kernel-default-base" in ansible_facts.packages)
  tags:
  - CCE-91151-1
  - DISA-STIG-SLES-15-020099
  - configure_strategy
  - low_complexity
  - low_disruption
  - medium_severity
  - no_reboot_needed
  - sudoers_default_includedir
</fix>
          <check system="http://oval.mitre.org/XMLSchema/oval-definitions-5">
            <check-content-ref name="oval:ssg-sudoers_default_includedir:def:1" href="ssg-sle15-oval.xml"/>
          </check>
          <check system="http://scap.nist.gov/schema/ocil/2">
            <check-content-ref name="ocil:ssg-sudoers_default_includedir_ocil:questionnaire:1" href="ssg-sle15-ocil.xml"/>
          </check>
        </Rule>
        <Rule id="xccdf_org.ssgproject.content_rule_sudoers_explicit_command_args" selected="false" role="full" severity="medium">
          <title xmlns:xhtml="http://www.w3.org/1999/xhtml" xml:lang="en-US">Explicit arguments in sudo specifications</title>
          <description xmlns:xhtml="http://www.w3.org/1999/xhtml" xml:lang="en-US">All commands in the sudoers file must strictly specify the arguments allowed to be used for a given user.
If the command is supposed to be executed only without arguments, pass "" as an argument in the corresponding user specification.</description>
          <warning xmlns:xhtml="http://www.w3.org/1999/xhtml" xml:lang="en-US" category="general">This rule doesn't come with a remediation, as absence of arguments in the user spec doesn't mean that the command is intended to be executed with no arguments.</warning>
          <warning xmlns:xhtml="http://www.w3.org/1999/xhtml" xml:lang="en-US" category="general">The rule can produce false findings when an argument contains a comma - sudoers syntax allows comma escaping using backslash, but the check doesn't support that. For example, <html:code xmlns:html="http://www.w3.org/1999/xhtml">root ALL=(ALL) echo 1\,2</html:code> allows root to execute <html:code xmlns:html="http://www.w3.org/1999/xhtml">echo 1,2</html:code>, but the check would interpret it as two commands <html:code xmlns:html="http://www.w3.org/1999/xhtml">echo 1\</html:code> and <html:code xmlns:html="http://www.w3.org/1999/xhtml">2</html:code>.</warning>
          <reference href="https://cyber.gouv.fr/sites/default/files/document/linux_configuration-en-v2.pdf">R43</reference>
          <reference href="not_publicly_available">SLES-15-600300240</reference>
          <rationale xmlns:xhtml="http://www.w3.org/1999/xhtml" xml:lang="en-US">Any argument can modify quite significantly the behavior of a program, whether regarding the
realized operation (read, write, delete, etc.) or accessed resources (path in a file system tree). To
avoid any possibility of misuse of a command by a user, the ambiguities must be removed at the
level of its specification.

For example, on some systems, the kernel messages are only accessible by root.
If a user nevertheless must have the privileges to read them, the argument of the dmesg command has to be restricted
in order to prevent the user from flushing the buffer through the -c option:
<html:pre xmlns:html="http://www.w3.org/1999/xhtml">
user ALL = dmesg ""
</html:pre>
       </rationale>
          <platform idref="#package_sudo"/>
          <ident system="https://ncp.nist.gov/cce">CCE-91192-5</ident>
          <check system="http://oval.mitre.org/XMLSchema/oval-definitions-5">
            <check-content-ref name="oval:ssg-sudoers_explicit_command_args:def:1" href="ssg-sle15-oval.xml"/>
          </check>
          <check system="http://scap.nist.gov/schema/ocil/2">
            <check-content-ref name="ocil:ssg-sudoers_explicit_command_args_ocil:questionnaire:1" href="ssg-sle15-ocil.xml"/>
          </check>
        </Rule>
        <Rule id="xccdf_org.ssgproject.content_rule_sudoers_no_command_negation" selected="false" role="full" severity="medium">
          <title xmlns:xhtml="http://www.w3.org/1999/xhtml" xml:lang="en-US">Don't define allowed commands in sudoers by means of exclusion</title>
          <description xmlns:xhtml="http://www.w3.org/1999/xhtml" xml:lang="en-US">Policies applied by sudo through the sudoers file should not involve negation.

Each user specification in the <html:code xmlns:html="http://www.w3.org/1999/xhtml">sudoers</html:code> file contains a comma-delimited list of command specifications.
The definition can make use glob patterns, as well as of negations.
Indirect definition of those commands by means of exclusion of a set of commands is trivial to bypass, so it is not allowed to use such constructs.</description>
          <warning xmlns:xhtml="http://www.w3.org/1999/xhtml" xml:lang="en-US" category="general">This rule doesn't come with a remediation, as negations indicate design issues with the sudoers user specifications design. Just removing negations doesn't increase the security - you typically have to rethink the definition of allowed commands to fix the issue.</warning>
          <reference href="https://cyber.gouv.fr/sites/default/files/document/linux_configuration-en-v2.pdf">R42</reference>
          <reference href="not_publicly_available">SLES-15-600300255</reference>
          <rationale xmlns:xhtml="http://www.w3.org/1999/xhtml" xml:lang="en-US">Specifying access right using negation is inefficient and can be easily circumvented.
For example, it is expected that a specification like <html:pre xmlns:html="http://www.w3.org/1999/xhtml">
# To avoid absolutely , this rule can be easily circumvented!
user ALL = ALL ,!/ bin/sh
</html:pre> prevents the execution of the shell
but that’s not the case: just copy the binary <html:code xmlns:html="http://www.w3.org/1999/xhtml">/bin/sh</html:code> to a different name to make it executable
again through the rule keyword <html:code xmlns:html="http://www.w3.org/1999/xhtml">ALL</html:code>.</rationale>
          <platform idref="#package_sudo"/>
          <ident system="https://ncp.nist.gov/cce">CCE-91193-3</ident>
          <check system="http://oval.mitre.org/XMLSchema/oval-definitions-5">
            <check-content-ref name="oval:ssg-sudoers_no_command_negation:def:1" href="ssg-sle15-oval.xml"/>
          </check>
          <check system="http://scap.nist.gov/schema/ocil/2">
            <check-content-ref name="ocil:ssg-sudoers_no_command_negation_ocil:questionnaire:1" href="ssg-sle15-ocil.xml"/>
          </check>
        </Rule>
        <Rule id="xccdf_org.ssgproject.content_rule_sudoers_no_root_target" selected="false" role="full" severity="medium">
          <title xmlns:xhtml="http://www.w3.org/1999/xhtml" xml:lang="en-US">Don't target root user in the sudoers file</title>
          <description xmlns:xhtml="http://www.w3.org/1999/xhtml" xml:lang="en-US">The targeted users of a user specification should be, as much as possible, non privileged users (i.e.: non-root).

User specifications have to explicitly list the runas spec (i.e. the list of target users that can be impersonated), and <html:code xmlns:html="http://www.w3.org/1999/xhtml">ALL</html:code> or <html:code xmlns:html="http://www.w3.org/1999/xhtml">root</html:code> should not be used.</description>
          <warning xmlns:xhtml="http://www.w3.org/1999/xhtml" xml:lang="en-US" category="general">This rule doesn't come with a remediation, as the exact requirement allows exceptions, and removing lines from the sudoers file can make the system non-administrable.</warning>
          <reference href="https://cyber.gouv.fr/sites/default/files/document/linux_configuration-en-v2.pdf">R40</reference>
          <reference href="not_publicly_available">SLES-15-600300270</reference>
          <rationale xmlns:xhtml="http://www.w3.org/1999/xhtml" xml:lang="en-US">It is common that the command to be executed does not require superuser rights (editing a file
whose the owner is not root, sending a signal to an unprivileged process,etc.). In order to limit
any attempt of privilege escalation through a command, it is better to apply normal user rights.</rationale>
          <platform idref="#package_sudo"/>
          <ident system="https://ncp.nist.gov/cce">CCE-91194-1</ident>
          <check system="http://oval.mitre.org/XMLSchema/oval-definitions-5">
            <check-content-ref name="oval:ssg-sudoers_no_root_target:def:1" href="ssg-sle15-oval.xml"/>
          </check>
          <check system="http://scap.nist.gov/schema/ocil/2">
            <check-content-ref name="ocil:ssg-sudoers_no_root_target_ocil:questionnaire:1" href="ssg-sle15-ocil.xml"/>
          </check>
        </Rule>
        <Rule id="xccdf_org.ssgproject.content_rule_sudoers_validate_passwd" selected="false" role="full" severity="medium">
          <title xmlns:xhtml="http://www.w3.org/1999/xhtml" xml:lang="en-US">Ensure invoking users password for privilege escalation when using sudo</title>
          <description xmlns:xhtml="http://www.w3.org/1999/xhtml" xml:lang="en-US">The sudoers security policy requires that users authenticate themselves before they can use sudo.
When sudoers requires authentication, it validates the invoking user's credentials.
The expected output for:
<html:pre xmlns:html="http://www.w3.org/1999/xhtml"> sudo cvtsudoers -f sudoers /etc/sudoers | grep -E '^Defaults !?(rootpw|targetpw|runaspw)$' </html:pre>
        <html:pre xmlns:html="http://www.w3.org/1999/xhtml"> Defaults !targetpw
      Defaults !rootpw
      Defaults !runaspw </html:pre>
or if cvtsudoers not supported:
<html:pre xmlns:html="http://www.w3.org/1999/xhtml"> sudo find /etc/sudoers /etc/sudoers.d \( \! -name '*~' -a \! -name '*.*' \) -exec grep -E --with-filename '^[[:blank:]]*Defaults[[:blank:]](.*[[:blank:]])?!?\b(rootpw|targetpw|runaspw)' -- {} \; </html:pre>
        <html:pre xmlns:html="http://www.w3.org/1999/xhtml"> /etc/sudoers:Defaults !targetpw
      /etc/sudoers:Defaults !rootpw
      /etc/sudoers:Defaults !runaspw </html:pre>
       </description>
          <reference href="http://nvlpubs.nist.gov/nistpubs/SpecialPublications/NIST.SP.800-53r4.pdf">CM-6(b)</reference>
          <reference href="http://nvlpubs.nist.gov/nistpubs/SpecialPublications/NIST.SP.800-53r4.pdf">CM-6.1(iv)</reference>
          <reference href="https://www.cyber.mil/stigs/downloads/?_dl_facet_stigs=operating-systems%2Cgeneral-purpose-os">SRG-OS-000480-GPOS-00227</reference>
          <reference href="https://www.cyber.mil/stigs/downloads/?_dl_facet_stigs=operating-systems%2Cunix-linux">SLES-15-020103</reference>
          <reference href="https://www.cyber.mil/stigs/srg-stig-tools/">SV-234879r991589_rule</reference>
          <rationale xmlns:xhtml="http://www.w3.org/1999/xhtml" xml:lang="en-US">If the rootpw, targetpw, or runaspw flags are defined and not disabled, by default the operating system will prompt
the invoking user for the "root" user password.</rationale>
          <platform idref="#package_sudo"/>
          <ident system="https://ncp.nist.gov/cce">CCE-85747-4</ident>
          <fix xmlns:xhtml="http://www.w3.org/1999/xhtml" id="sudoers_validate_passwd" system="urn:xccdf:fix:script:sh"># Remediation is applicable only in certain platforms
if rpm --quiet -q kernel-default || rpm --quiet -q kernel-default-base &amp;&amp; { rpm --quiet -q sudo; }; then

if grep -x '^Defaults targetpw$' /etc/sudoers; then
    sed -i "/Defaults targetpw/d" /etc/sudoers \;
fi
if grep -x '^Defaults targetpw$' /etc/sudoers.d/*; then
    find /etc/sudoers.d/ -type f -exec sed -i "/Defaults targetpw/d" {} \;
fi
if grep -x '^Defaults rootpw$' /etc/sudoers; then
    sed -i "/Defaults rootpw/d" /etc/sudoers \;
fi
if grep -x '^Defaults rootpw$' /etc/sudoers.d/*; then
    find /etc/sudoers.d/ -type f -exec sed -i "/Defaults rootpw/d" {} \;
fi
if grep -x '^Defaults runaspw$' /etc/sudoers; then
    sed -i "/Defaults runaspw/d" /etc/sudoers \;
fi
if grep -x '^Defaults runaspw$' /etc/sudoers.d/*; then
    find /etc/sudoers.d/ -type f -exec sed -i "/Defaults runaspw/d" {} \;
fi

if [ -e "/etc/sudoers" ] ; then
    
    LC_ALL=C sed -i "/Defaults !targetpw/d" "/etc/sudoers"
else
    touch "/etc/sudoers"
fi
# make sure file has newline at the end
sed -i -e '$a\' "/etc/sudoers"

cp "/etc/sudoers" "/etc/sudoers.bak"
# Insert at the end of the file
printf '%s\n' "Defaults !targetpw" &gt;&gt; "/etc/sudoers"
# Clean up after ourselves.
rm "/etc/sudoers.bak"
if [ -e "/etc/sudoers" ] ; then
    
    LC_ALL=C sed -i "/Defaults !rootpw/d" "/etc/sudoers"
else
    touch "/etc/sudoers"
fi
# make sure file has newline at the end
sed -i -e '$a\' "/etc/sudoers"

cp "/etc/sudoers" "/etc/sudoers.bak"
# Insert at the end of the file
printf '%s\n' "Defaults !rootpw" &gt;&gt; "/etc/sudoers"
# Clean up after ourselves.
rm "/etc/sudoers.bak"
if [ -e "/etc/sudoers" ] ; then
    
    LC_ALL=C sed -i "/Defaults !runaspw/d" "/etc/sudoers"
else
    touch "/etc/sudoers"
fi
# make sure file has newline at the end
sed -i -e '$a\' "/etc/sudoers"

cp "/etc/sudoers" "/etc/sudoers.bak"
# Insert at the end of the file
printf '%s\n' "Defaults !runaspw" &gt;&gt; "/etc/sudoers"
# Clean up after ourselves.
rm "/etc/sudoers.bak"

else
    &gt;&amp;2 echo 'Remediation is not applicable, nothing was done'
fi
</fix>
          <fix xmlns:xhtml="http://www.w3.org/1999/xhtml" id="sudoers_validate_passwd" system="urn:xccdf:fix:script:ansible" complexity="low" disruption="low" strategy="restrict">- name: Gather the package facts
  package_facts:
    manager: auto
  tags:
  - CCE-85747-4
  - DISA-STIG-SLES-15-020103
  - NIST-800-53-CM-6(b)
  - NIST-800-53-CM-6.1(iv)
  - low_complexity
  - low_disruption
  - medium_severity
  - no_reboot_needed
  - restrict_strategy
  - sudoers_validate_passwd

- name: Find out if /etc/sudoers.d/* files contain Defaults targetpw to be deduplicated
  ansible.builtin.find:
    path: /etc/sudoers.d
    patterns: '*'
    contains: ^Defaults targetpw$
  register: sudoers_d_defaults
  when:
  - ("kernel-default" in ansible_facts.packages or "kernel-default-base" in ansible_facts.packages)
  - '"sudo" in ansible_facts.packages'
  tags:
  - CCE-85747-4
  - DISA-STIG-SLES-15-020103
  - NIST-800-53-CM-6(b)
  - NIST-800-53-CM-6.1(iv)
  - low_complexity
  - low_disruption
  - medium_severity
  - no_reboot_needed
  - restrict_strategy
  - sudoers_validate_passwd

- name: Remove found occurrences of Defaults targetpw from /etc/sudoers.d/* files
  ansible.builtin.lineinfile:
    path: '{{ item.path }}'
    regexp: ^Defaults targetpw$
    state: absent
  with_items: '{{ sudoers_d_defaults.files }}'
  when:
  - ("kernel-default" in ansible_facts.packages or "kernel-default-base" in ansible_facts.packages)
  - '"sudo" in ansible_facts.packages'
  tags:
  - CCE-85747-4
  - DISA-STIG-SLES-15-020103
  - NIST-800-53-CM-6(b)
  - NIST-800-53-CM-6.1(iv)
  - low_complexity
  - low_disruption
  - medium_severity
  - no_reboot_needed
  - restrict_strategy
  - sudoers_validate_passwd

- name: Find out if /etc/sudoers.d/* files contain Defaults rootpw to be deduplicated
  ansible.builtin.find:
    path: /etc/sudoers.d
    patterns: '*'
    contains: ^Defaults rootpw$
  register: sudoers_d_defaults
  when:
  - ("kernel-default" in ansible_facts.packages or "kernel-default-base" in ansible_facts.packages)
  - '"sudo" in ansible_facts.packages'
  tags:
  - CCE-85747-4
  - DISA-STIG-SLES-15-020103
  - NIST-800-53-CM-6(b)
  - NIST-800-53-CM-6.1(iv)
  - low_complexity
  - low_disruption
  - medium_severity
  - no_reboot_needed
  - restrict_strategy
  - sudoers_validate_passwd

- name: Remove found occurrences of Defaults rootpw from /etc/sudoers.d/* files
  ansible.builtin.lineinfile:
    path: '{{ item.path }}'
    regexp: ^Defaults rootpw$
    state: absent
  with_items: '{{ sudoers_d_defaults.files }}'
  when:
  - ("kernel-default" in ansible_facts.packages or "kernel-default-base" in ansible_facts.packages)
  - '"sudo" in ansible_facts.packages'
  tags:
  - CCE-85747-4
  - DISA-STIG-SLES-15-020103
  - NIST-800-53-CM-6(b)
  - NIST-800-53-CM-6.1(iv)
  - low_complexity
  - low_disruption
  - medium_severity
  - no_reboot_needed
  - restrict_strategy
  - sudoers_validate_passwd

- name: Find out if /etc/sudoers.d/* files contain Defaults runaspw to be deduplicated
  ansible.builtin.find:
    path: /etc/sudoers.d
    patterns: '*'
    contains: ^Defaults runaspw$
  register: sudoers_d_defaults
  when:
  - ("kernel-default" in ansible_facts.packages or "kernel-default-base" in ansible_facts.packages)
  - '"sudo" in ansible_facts.packages'
  tags:
  - CCE-85747-4
  - DISA-STIG-SLES-15-020103
  - NIST-800-53-CM-6(b)
  - NIST-800-53-CM-6.1(iv)
  - low_complexity
  - low_disruption
  - medium_severity
  - no_reboot_needed
  - restrict_strategy
  - sudoers_validate_passwd

- name: Remove found occurrences of Defaults runaspw from /etc/sudoers.d/* files
  ansible.builtin.lineinfile:
    path: '{{ item.path }}'
    regexp: ^Defaults runaspw$
    state: absent
  with_items: '{{ sudoers_d_defaults.files }}'
  when:
  - ("kernel-default" in ansible_facts.packages or "kernel-default-base" in ansible_facts.packages)
  - '"sudo" in ansible_facts.packages'
  tags:
  - CCE-85747-4
  - DISA-STIG-SLES-15-020103
  - NIST-800-53-CM-6(b)
  - NIST-800-53-CM-6.1(iv)
  - low_complexity
  - low_disruption
  - medium_severity
  - no_reboot_needed
  - restrict_strategy
  - sudoers_validate_passwd

- name: Remove any occurrences of Defaults targetpw in /etc/sudoers
  ansible.builtin.lineinfile:
    path: /etc/sudoers
    regexp: ^Defaults targetpw$
    validate: /usr/sbin/visudo -cf %s
    state: absent
  register: sudoers_file_defaults
  when:
  - ("kernel-default" in ansible_facts.packages or "kernel-default-base" in ansible_facts.packages)
  - '"sudo" in ansible_facts.packages'
  tags:
  - CCE-85747-4
  - DISA-STIG-SLES-15-020103
  - NIST-800-53-CM-6(b)
  - NIST-800-53-CM-6.1(iv)
  - low_complexity
  - low_disruption
  - medium_severity
  - no_reboot_needed
  - restrict_strategy
  - sudoers_validate_passwd

- name: Remove any occurrences of Defaults rootpw in /etc/sudoers
  ansible.builtin.lineinfile:
    path: /etc/sudoers
    regexp: ^Defaults rootpw$
    validate: /usr/sbin/visudo -cf %s
    state: absent
  register: sudoers_file_defaults
  when:
  - ("kernel-default" in ansible_facts.packages or "kernel-default-base" in ansible_facts.packages)
  - '"sudo" in ansible_facts.packages'
  tags:
  - CCE-85747-4
  - DISA-STIG-SLES-15-020103
  - NIST-800-53-CM-6(b)
  - NIST-800-53-CM-6.1(iv)
  - low_complexity
  - low_disruption
  - medium_severity
  - no_reboot_needed
  - restrict_strategy
  - sudoers_validate_passwd

- name: Remove any occurrences of Defaults runaspw in /etc/sudoers
  ansible.builtin.lineinfile:
    path: /etc/sudoers
    regexp: ^Defaults runaspw$
    validate: /usr/sbin/visudo -cf %s
    state: absent
  register: sudoers_file_defaults
  when:
  - ("kernel-default" in ansible_facts.packages or "kernel-default-base" in ansible_facts.packages)
  - '"sudo" in ansible_facts.packages'
  tags:
  - CCE-85747-4
  - DISA-STIG-SLES-15-020103
  - NIST-800-53-CM-6(b)
  - NIST-800-53-CM-6.1(iv)
  - low_complexity
  - low_disruption
  - medium_severity
  - no_reboot_needed
  - restrict_strategy
  - sudoers_validate_passwd

- name: Check for duplicate values
  ansible.builtin.lineinfile:
    path: /etc/sudoers
    create: false
    regexp: ^Defaults !targetpw$
    state: absent
  check_mode: true
  changed_when: false
  register: dupes
  when:
  - ("kernel-default" in ansible_facts.packages or "kernel-default-base" in ansible_facts.packages)
  - '"sudo" in ansible_facts.packages'
  tags:
  - CCE-85747-4
  - DISA-STIG-SLES-15-020103
  - NIST-800-53-CM-6(b)
  - NIST-800-53-CM-6.1(iv)
  - low_complexity
  - low_disruption
  - medium_severity
  - no_reboot_needed
  - restrict_strategy
  - sudoers_validate_passwd

- name: Deduplicate values from /etc/sudoers
  ansible.builtin.lineinfile:
    path: /etc/sudoers
    create: false
    regexp: ^Defaults !targetpw$
    state: absent
  when:
  - ("kernel-default" in ansible_facts.packages or "kernel-default-base" in ansible_facts.packages)
  - '"sudo" in ansible_facts.packages'
  - dupes.found is defined and dupes.found &gt; 1
  tags:
  - CCE-85747-4
  - DISA-STIG-SLES-15-020103
  - NIST-800-53-CM-6(b)
  - NIST-800-53-CM-6.1(iv)
  - low_complexity
  - low_disruption
  - medium_severity
  - no_reboot_needed
  - restrict_strategy
  - sudoers_validate_passwd

- name: Insert correct line into /etc/sudoers
  ansible.builtin.lineinfile:
    path: /etc/sudoers
    create: false
    regexp: ^Defaults !targetpw$
    line: Defaults !targetpw
    state: present
  when:
  - ("kernel-default" in ansible_facts.packages or "kernel-default-base" in ansible_facts.packages)
  - '"sudo" in ansible_facts.packages'
  tags:
  - CCE-85747-4
  - DISA-STIG-SLES-15-020103
  - NIST-800-53-CM-6(b)
  - NIST-800-53-CM-6.1(iv)
  - low_complexity
  - low_disruption
  - medium_severity
  - no_reboot_needed
  - restrict_strategy
  - sudoers_validate_passwd

- name: Check for duplicate values
  ansible.builtin.lineinfile:
    path: /etc/sudoers
    create: false
    regexp: ^Defaults !rootpw$
    state: absent
  check_mode: true
  changed_when: false
  register: dupes
  when:
  - ("kernel-default" in ansible_facts.packages or "kernel-default-base" in ansible_facts.packages)
  - '"sudo" in ansible_facts.packages'
  tags:
  - CCE-85747-4
  - DISA-STIG-SLES-15-020103
  - NIST-800-53-CM-6(b)
  - NIST-800-53-CM-6.1(iv)
  - low_complexity
  - low_disruption
  - medium_severity
  - no_reboot_needed
  - restrict_strategy
  - sudoers_validate_passwd

- name: Deduplicate values from /etc/sudoers
  ansible.builtin.lineinfile:
    path: /etc/sudoers
    create: false
    regexp: ^Defaults !rootpw$
    state: absent
  when:
  - ("kernel-default" in ansible_facts.packages or "kernel-default-base" in ansible_facts.packages)
  - '"sudo" in ansible_facts.packages'
  - dupes.found is defined and dupes.found &gt; 1
  tags:
  - CCE-85747-4
  - DISA-STIG-SLES-15-020103
  - NIST-800-53-CM-6(b)
  - NIST-800-53-CM-6.1(iv)
  - low_complexity
  - low_disruption
  - medium_severity
  - no_reboot_needed
  - restrict_strategy
  - sudoers_validate_passwd

- name: Insert correct line into /etc/sudoers
  ansible.builtin.lineinfile:
    path: /etc/sudoers
    create: false
    regexp: ^Defaults !rootpw$
    line: Defaults !rootpw
    state: present
  when:
  - ("kernel-default" in ansible_facts.packages or "kernel-default-base" in ansible_facts.packages)
  - '"sudo" in ansible_facts.packages'
  tags:
  - CCE-85747-4
  - DISA-STIG-SLES-15-020103
  - NIST-800-53-CM-6(b)
  - NIST-800-53-CM-6.1(iv)
  - low_complexity
  - low_disruption
  - medium_severity
  - no_reboot_needed
  - restrict_strategy
  - sudoers_validate_passwd

- name: Check for duplicate values
  ansible.builtin.lineinfile:
    path: /etc/sudoers
    create: false
    regexp: ^Defaults !runaspw$
    state: absent
  check_mode: true
  changed_when: false
  register: dupes
  when:
  - ("kernel-default" in ansible_facts.packages or "kernel-default-base" in ansible_facts.packages)
  - '"sudo" in ansible_facts.packages'
  tags:
  - CCE-85747-4
  - DISA-STIG-SLES-15-020103
  - NIST-800-53-CM-6(b)
  - NIST-800-53-CM-6.1(iv)
  - low_complexity
  - low_disruption
  - medium_severity
  - no_reboot_needed
  - restrict_strategy
  - sudoers_validate_passwd

- name: Deduplicate values from /etc/sudoers
  ansible.builtin.lineinfile:
    path: /etc/sudoers
    create: false
    regexp: ^Defaults !runaspw$
    state: absent
  when:
  - ("kernel-default" in ansible_facts.packages or "kernel-default-base" in ansible_facts.packages)
  - '"sudo" in ansible_facts.packages'
  - dupes.found is defined and dupes.found &gt; 1
  tags:
  - CCE-85747-4
  - DISA-STIG-SLES-15-020103
  - NIST-800-53-CM-6(b)
  - NIST-800-53-CM-6.1(iv)
  - low_complexity
  - low_disruption
  - medium_severity
  - no_reboot_needed
  - restrict_strategy
  - sudoers_validate_passwd

- name: Insert correct line into /etc/sudoers
  ansible.builtin.lineinfile:
    path: /etc/sudoers
    create: false
    regexp: ^Defaults !runaspw$
    line: Defaults !runaspw
    state: present
  when:
  - ("kernel-default" in ansible_facts.packages or "kernel-default-base" in ansible_facts.packages)
  - '"sudo" in ansible_facts.packages'
  tags:
  - CCE-85747-4
  - DISA-STIG-SLES-15-020103
  - NIST-800-53-CM-6(b)
  - NIST-800-53-CM-6.1(iv)
  - low_complexity
  - low_disruption
  - medium_severity
  - no_reboot_needed
  - restrict_strategy
  - sudoers_validate_passwd
</fix>
          <check system="http://oval.mitre.org/XMLSchema/oval-definitions-5">
            <check-content-ref name="oval:ssg-sudoers_validate_passwd:def:1" href="ssg-sle15-oval.xml"/>
          </check>
          <check system="http://scap.nist.gov/schema/ocil/2">
            <check-content-ref name="ocil:ssg-sudoers_validate_passwd_ocil:questionnaire:1" href="ssg-sle15-ocil.xml"/>
          </check>
        </Rule>
      </Group>
      <Group id="xccdf_org.ssgproject.content_group_system-tools">
        <title xmlns:xhtml="http://www.w3.org/1999/xhtml" xml:lang="en-US">System Tooling / Utilities</title>
        <description xmlns:xhtml="http://www.w3.org/1999/xhtml" xml:lang="en-US">The following checks evaluate the system for recommended base packages -- both for installation
and removal.</description>
        <Rule id="xccdf_org.ssgproject.content_rule_package_gnutls-utils_installed" selected="false" role="full" severity="medium">
          <title xmlns:xhtml="http://www.w3.org/1999/xhtml" xml:lang="en-US">Ensure gnutls-utils is installed</title>
          <description xmlns:xhtml="http://www.w3.org/1999/xhtml" xml:lang="en-US">The <html:code xmlns:html="http://www.w3.org/1999/xhtml">gnutls-utils</html:code> package can be installed with the following command:
<html:pre xmlns:html="http://www.w3.org/1999/xhtml">
$ sudo zypper install gnutls-utils</html:pre>
       </description>
          <reference href="https://www.niap-ccevs.org/Profile/PP.cfm">FIA_X509_EXT.1</reference>
          <reference href="https://www.niap-ccevs.org/Profile/PP.cfm">FIA_X509_EXT.1.1</reference>
          <reference href="https://www.niap-ccevs.org/Profile/PP.cfm">FIA_X509_EXT.2</reference>
          <reference href="https://www.cyber.mil/stigs/downloads/?_dl_facet_stigs=operating-systems%2Cgeneral-purpose-os">SRG-OS-000480-GPOS-00227</reference>
          <rationale xmlns:xhtml="http://www.w3.org/1999/xhtml" xml:lang="en-US">GnuTLS is a secure communications library implementing the SSL, TLS and DTLS
protocols and technologies around them. It provides a simple C language
application programming interface (API) to access the secure communications
protocols as well as APIs to parse and write X.509, PKCS #12, OpenPGP and
other required structures.
This package contains command line TLS client and server and certificate
manipulation tools.</rationale>
          <fix xmlns:xhtml="http://www.w3.org/1999/xhtml" id="package_gnutls-utils_installed" system="urn:xccdf:fix:script:puppet" complexity="low" disruption="low" strategy="enable">include install_gnutls-utils

class install_gnutls-utils {
  package { 'gnutls-utils':
    ensure =&gt; 'installed',
  }
}
</fix>
          <fix xmlns:xhtml="http://www.w3.org/1999/xhtml" id="package_gnutls-utils_installed" system="urn:xccdf:fix:script:sh" complexity="low" disruption="low" strategy="enable">
zypper install -y "gnutls-utils"
</fix>
          <fix xmlns:xhtml="http://www.w3.org/1999/xhtml" id="package_gnutls-utils_installed" system="urn:redhat:osbuild:blueprint">
[[packages]]
name = "gnutls-utils"
version = "*"
</fix>
          <fix xmlns:xhtml="http://www.w3.org/1999/xhtml" id="package_gnutls-utils_installed" system="urn:xccdf:fix:script:ansible" complexity="low" disruption="low" strategy="enable">- name: Ensure gnutls-utils is installed
  ansible.builtin.package:
    name: gnutls-utils
    state: present
  tags:
  - enable_strategy
  - low_complexity
  - low_disruption
  - medium_severity
  - no_reboot_needed
  - package_gnutls-utils_installed
</fix>
          <check system="http://oval.mitre.org/XMLSchema/oval-definitions-5">
            <check-content-ref name="oval:ssg-package_gnutls-utils_installed:def:1" href="ssg-sle15-oval.xml"/>
          </check>
          <check system="http://scap.nist.gov/schema/ocil/2">
            <check-content-ref name="ocil:ssg-package_gnutls-utils_installed_ocil:questionnaire:1" href="ssg-sle15-ocil.xml"/>
          </check>
        </Rule>
        <Rule id="xccdf_org.ssgproject.content_rule_package_nss-tools_installed" selected="false" role="full" severity="medium">
          <title xmlns:xhtml="http://www.w3.org/1999/xhtml" xml:lang="en-US">Ensure nss-tools is installed</title>
          <description xmlns:xhtml="http://www.w3.org/1999/xhtml" xml:lang="en-US">The <html:code xmlns:html="http://www.w3.org/1999/xhtml">nss-tools</html:code> package can be installed with the following command:
<html:pre xmlns:html="http://www.w3.org/1999/xhtml">
$ sudo zypper install nss-tools</html:pre>
       </description>
          <reference href="https://www.niap-ccevs.org/Profile/PP.cfm">FMT_SMF_EXT.1</reference>
          <reference href="https://www.cyber.mil/stigs/downloads/?_dl_facet_stigs=operating-systems%2Cgeneral-purpose-os">SRG-OS-000480-GPOS-00227</reference>
          <rationale xmlns:xhtml="http://www.w3.org/1999/xhtml" xml:lang="en-US">Network Security Services (NSS) is a set of libraries designed to
support cross-platform development of security-enabled client and
server applications. Install the <html:code xmlns:html="http://www.w3.org/1999/xhtml">nss-tools</html:code> package
to install command-line tools to manipulate the NSS certificate
and key database.</rationale>
          <fix xmlns:xhtml="http://www.w3.org/1999/xhtml" id="package_nss-tools_installed" system="urn:xccdf:fix:script:puppet" complexity="low" disruption="low" strategy="enable">include install_nss-tools

class install_nss-tools {
  package { 'nss-tools':
    ensure =&gt; 'installed',
  }
}
</fix>
          <fix xmlns:xhtml="http://www.w3.org/1999/xhtml" id="package_nss-tools_installed" system="urn:xccdf:fix:script:sh" complexity="low" disruption="low" strategy="enable">
zypper install -y "nss-tools"
</fix>
          <fix xmlns:xhtml="http://www.w3.org/1999/xhtml" id="package_nss-tools_installed" system="urn:redhat:osbuild:blueprint">
[[packages]]
name = "nss-tools"
version = "*"
</fix>
          <fix xmlns:xhtml="http://www.w3.org/1999/xhtml" id="package_nss-tools_installed" system="urn:xccdf:fix:script:ansible" complexity="low" disruption="low" strategy="enable">- name: Ensure nss-tools is installed
  ansible.builtin.package:
    name: nss-tools
    state: present
  tags:
  - enable_strategy
  - low_complexity
  - low_disruption
  - medium_severity
  - no_reboot_needed
  - package_nss-tools_installed
</fix>
          <check system="http://oval.mitre.org/XMLSchema/oval-definitions-5">
            <check-content-ref name="oval:ssg-package_nss-tools_installed:def:1" href="ssg-sle15-oval.xml"/>
          </check>
          <check system="http://scap.nist.gov/schema/ocil/2">
            <check-content-ref name="ocil:ssg-package_nss-tools_installed_ocil:questionnaire:1" href="ssg-sle15-ocil.xml"/>
          </check>
        </Rule>
      </Group>
      <Group id="xccdf_org.ssgproject.content_group_updating">
        <title xmlns:xhtml="http://www.w3.org/1999/xhtml" xml:lang="en-US">Updating Software</title>
        <description xmlns:xhtml="http://www.w3.org/1999/xhtml" xml:lang="en-US">The <html:code xmlns:html="http://www.w3.org/1999/xhtml">zypper</html:code> command line tool is used to install and
update software packages. The system also provides a graphical
software update tool in the <html:b xmlns:html="http://www.w3.org/1999/xhtml">System</html:b> menu, in the <html:b xmlns:html="http://www.w3.org/1999/xhtml">Administration</html:b> submenu,
called <html:b xmlns:html="http://www.w3.org/1999/xhtml">Software Update</html:b>.
<html:br xmlns:html="http://www.w3.org/1999/xhtml"/>
       <html:br xmlns:html="http://www.w3.org/1999/xhtml"/>
SUSE Linux Enterprise 15 systems contain an installed software catalog called
the RPM database, which records metadata of installed packages. Consistently using
<html:code xmlns:html="http://www.w3.org/1999/xhtml">zypper</html:code> or the graphical <html:b xmlns:html="http://www.w3.org/1999/xhtml">Software Update</html:b> for all software installation
allows for insight into the current inventory of installed software on the system.
<html:br xmlns:html="http://www.w3.org/1999/xhtml"/>
       <html:br xmlns:html="http://www.w3.org/1999/xhtml"/>
      </description>
        <Rule id="xccdf_org.ssgproject.content_rule_clean_components_post_updating" selected="false" role="full" severity="low">
          <title xmlns:xhtml="http://www.w3.org/1999/xhtml" xml:lang="en-US">Ensure zypper Removes Previous Package Versions</title>
          <description xmlns:xhtml="http://www.w3.org/1999/xhtml" xml:lang="en-US"><html:code xmlns:html="http://www.w3.org/1999/xhtml">zypper</html:code> should be configured to remove previous software components after
new versions have been installed. To configure <html:code xmlns:html="http://www.w3.org/1999/xhtml">zypper</html:code> to remove the

previous software components after updating, set the <html:code xmlns:html="http://www.w3.org/1999/xhtml">solver.upgradeRemoveDroppedPackages</html:code>


to <html:code xmlns:html="http://www.w3.org/1999/xhtml">1</html:code> in <html:code xmlns:html="http://www.w3.org/1999/xhtml">/etc/zypp/zypp.conf</html:code>.</description>
          <reference href="https://www.cisecurity.org/controls/">18</reference>
          <reference href="https://www.cisecurity.org/controls/">20</reference>
          <reference href="https://www.cisecurity.org/controls/">4</reference>
          <reference href="https://www.isaca.org/resources/cobit">APO12.01</reference>
          <reference href="https://www.isaca.org/resources/cobit">APO12.02</reference>
          <reference href="https://www.isaca.org/resources/cobit">APO12.03</reference>
          <reference href="https://www.isaca.org/resources/cobit">APO12.04</reference>
          <reference href="https://www.isaca.org/resources/cobit">BAI03.10</reference>
          <reference href="https://www.isaca.org/resources/cobit">DSS05.01</reference>
          <reference href="https://www.isaca.org/resources/cobit">DSS05.02</reference>
          <reference href="http://nvlpubs.nist.gov/nistpubs/SpecialPublications/NIST.SP.800-171.pdf">3.4.8</reference>
          <reference href="https://www.isa.org/products/isa-62443-2-1-2009-security-for-industrial-automat">4.2.3</reference>
          <reference href="https://www.isa.org/products/isa-62443-2-1-2009-security-for-industrial-automat">4.2.3.12</reference>
          <reference href="https://www.isa.org/products/isa-62443-2-1-2009-security-for-industrial-automat">4.2.3.7</reference>
          <reference href="https://www.isa.org/products/isa-62443-2-1-2009-security-for-industrial-automat">4.2.3.9</reference>
          <reference href="https://www.iso.org/contents/data/standard/05/45/54534.html">A.12.6.1</reference>
          <reference href="https://www.iso.org/contents/data/standard/05/45/54534.html">A.14.2.3</reference>
          <reference href="https://www.iso.org/contents/data/standard/05/45/54534.html">A.16.1.3</reference>
          <reference href="https://www.iso.org/contents/data/standard/05/45/54534.html">A.18.2.2</reference>
          <reference href="https://www.iso.org/contents/data/standard/05/45/54534.html">A.18.2.3</reference>
          <reference href="http://nvlpubs.nist.gov/nistpubs/SpecialPublications/NIST.SP.800-53r4.pdf">SI-2(6)</reference>
          <reference href="http://nvlpubs.nist.gov/nistpubs/SpecialPublications/NIST.SP.800-53r4.pdf">CM-11(a)</reference>
          <reference href="http://nvlpubs.nist.gov/nistpubs/SpecialPublications/NIST.SP.800-53r4.pdf">CM-11(b)</reference>
          <reference href="http://nvlpubs.nist.gov/nistpubs/SpecialPublications/NIST.SP.800-53r4.pdf">CM-6(a)</reference>
          <reference href="https://nvlpubs.nist.gov/nistpubs/CSWP/NIST.CSWP.04162018.pdf">ID.RA-1</reference>
          <reference href="https://nvlpubs.nist.gov/nistpubs/CSWP/NIST.CSWP.04162018.pdf">PR.IP-12</reference>
          <reference href="https://www.cyber.mil/stigs/downloads/?_dl_facet_stigs=operating-systems%2Cgeneral-purpose-os">SRG-OS-000437-GPOS-00194</reference>
          <reference href="https://www.cyber.mil/stigs/downloads/?_dl_facet_stigs=operating-systems%2Cunix-linux">SLES-15-010560</reference>
          <reference href="https://www.cyber.mil/stigs/srg-stig-tools/">SV-234863r958936_rule</reference>
          <rationale xmlns:xhtml="http://www.w3.org/1999/xhtml" xml:lang="en-US">Previous versions of software components that are not removed from the information
system after updates have been installed may be exploited by some adversaries.</rationale>
          <platform idref="#not_bootc_and_package_zypper"/>
          <ident system="https://ncp.nist.gov/cce">CCE-85551-0</ident>
          <fix xmlns:xhtml="http://www.w3.org/1999/xhtml" id="clean_components_post_updating" system="urn:xccdf:fix:script:sh"># Remediation is applicable only in certain platforms
if ( ! ( { rpm --quiet -q kernel ;} &amp;&amp; { rpm --quiet -q rpm-ostree ;} &amp;&amp; { rpm --quiet -q bootc ;} &amp;&amp; { ! rpm --quiet -q openshift-kubelet ;} &amp;&amp; ([ -f /run/ostree-booted ] || [ -L /ostree ]) ) &amp;&amp; rpm --quiet -q zypper ); then

# Strip any search characters in the key arg so that the key can be replaced without
# adding any search characters to the config file.
stripped_key=$(sed 's/[\^=\$,;+]*//g' &lt;&lt;&lt; "^solver.upgradeRemoveDroppedPackages")

# shellcheck disable=SC2059
printf -v formatted_output "%s=%s" "$stripped_key" "true"

# If the key exists, change it. Otherwise, add it to the config_file.
# We search for the key string followed by a word boundary (matched by \&gt;),
# so if we search for 'setting', 'setting2' won't match.
if LC_ALL=C grep -q -m 1 -i -e "^solver.upgradeRemoveDroppedPackages\\&gt;" "/etc/zypp/zypp.conf"; then
    escaped_formatted_output=$(sed -e 's|/|\\/|g' &lt;&lt;&lt; "$formatted_output")
    LC_ALL=C sed -i --follow-symlinks "s/^solver.upgradeRemoveDroppedPackages\\&gt;.*/$escaped_formatted_output/gi" "/etc/zypp/zypp.conf"
else
    if [[ -s "/etc/zypp/zypp.conf" ]] &amp;&amp; [[ -n "$(tail -c 1 -- "/etc/zypp/zypp.conf" || true)" ]]; then
        LC_ALL=C sed -i --follow-symlinks '$a'\\ "/etc/zypp/zypp.conf"
    fi
    cce="CCE-85551-0"
    printf '# Per %s: Set %s in %s\n' "${cce}" "${formatted_output}" "/etc/zypp/zypp.conf" &gt;&gt; "/etc/zypp/zypp.conf"
    printf '%s\n' "$formatted_output" &gt;&gt; "/etc/zypp/zypp.conf"
fi

else
    &gt;&amp;2 echo 'Remediation is not applicable, nothing was done'
fi
</fix>
          <fix xmlns:xhtml="http://www.w3.org/1999/xhtml" id="clean_components_post_updating" system="urn:xccdf:fix:script:ansible" complexity="low" disruption="low" strategy="restrict">- name: Gather the package facts
  package_facts:
    manager: auto
  tags:
  - CCE-85551-0
  - DISA-STIG-SLES-15-010560
  - NIST-800-171-3.4.8
  - NIST-800-53-CM-11(a)
  - NIST-800-53-CM-11(b)
  - NIST-800-53-CM-6(a)
  - NIST-800-53-SI-2(6)
  - clean_components_post_updating
  - low_complexity
  - low_disruption
  - low_severity
  - no_reboot_needed
  - restrict_strategy

- name: Ensure zypper Removes Previous Package Versions - Ensure Zypper Removes Previous
    Package Versions
  community.general.ini_file:
    dest: /etc/zypp/zypp.conf
    section: main
    option: solver.upgradeRemoveDroppedPackages
    value: true
    create: false
  when: ( not ( "kernel" in ansible_facts.packages and "rpm-ostree" in ansible_facts.packages
    and "bootc" in ansible_facts.packages and not "openshift-kubelet" in ansible_facts.packages
    and "ostree" in ansible_proc_cmdline ) and "zypper" in ansible_facts.packages
    )
  tags:
  - CCE-85551-0
  - DISA-STIG-SLES-15-010560
  - NIST-800-171-3.4.8
  - NIST-800-53-CM-11(a)
  - NIST-800-53-CM-11(b)
  - NIST-800-53-CM-6(a)
  - NIST-800-53-SI-2(6)
  - clean_components_post_updating
  - low_complexity
  - low_disruption
  - low_severity
  - no_reboot_needed
  - restrict_strategy
</fix>
          <check system="http://oval.mitre.org/XMLSchema/oval-definitions-5">
            <check-content-ref name="oval:ssg-clean_components_post_updating:def:1" href="ssg-sle15-oval.xml"/>
          </check>
          <check system="http://scap.nist.gov/schema/ocil/2">
            <check-content-ref name="ocil:ssg-clean_components_post_updating_ocil:questionnaire:1" href="ssg-sle15-ocil.xml"/>
          </check>
        </Rule>
        <Rule id="xccdf_org.ssgproject.content_rule_ensure_GPG_keys_are_configured" selected="false" role="full" severity="medium">
          <title xmlns:xhtml="http://www.w3.org/1999/xhtml" xml:lang="en-US">Ensure GPG keys are configured</title>
          <description xmlns:xhtml="http://www.w3.org/1999/xhtml" xml:lang="en-US">The operation system or installed application can be successfully bootstrapped
without the GPG key being trusted. However, you cannot install new packages or
update them until the keys are trusted.
<html:br xmlns:html="http://www.w3.org/1999/xhtml"/>
        <html:br xmlns:html="http://www.w3.org/1999/xhtml"/>
Most packages managers implement GPG key signing to verify package integrity
during installation.
<html:br xmlns:html="http://www.w3.org/1999/xhtml"/>
        <html:br xmlns:html="http://www.w3.org/1999/xhtml"/>
To verify GPG keys are configured correctly for your package manager,
one of the following command groups may provide the needed information
depending on the package manager in use.
<html:br xmlns:html="http://www.w3.org/1999/xhtml"/>
        <html:br xmlns:html="http://www.w3.org/1999/xhtml"/>
In SUSE Linux distributions, the administrators have to follow the next steps: <html:br xmlns:html="http://www.w3.org/1999/xhtml"/>
1. Log on to the system as a user with administrator rights.<html:br xmlns:html="http://www.w3.org/1999/xhtml"/>
2. Locate and download package, for example zoom_x86_64.rpm<html:br xmlns:html="http://www.w3.org/1999/xhtml"/>
3. Locate and download the public key (GPG) from the software download site, for
example the key for zoom package is package-signing-key-5-12-6.pub<html:br xmlns:html="http://www.w3.org/1999/xhtml"/>
4. Import the key public key:<html:br xmlns:html="http://www.w3.org/1999/xhtml"/>
        <html:code xmlns:html="http://www.w3.org/1999/xhtml">$ sudo rpm --import package-signing-key-5-12-6.pub</html:code>
        <html:br xmlns:html="http://www.w3.org/1999/xhtml"/>
5. List the keys, for example the command:<html:br xmlns:html="http://www.w3.org/1999/xhtml"/>
        <html:code xmlns:html="http://www.w3.org/1999/xhtml">$ sudo rpm -qa gpg-pubkey*</html:code>
        <html:br xmlns:html="http://www.w3.org/1999/xhtml"/>
will provide:<html:br xmlns:html="http://www.w3.org/1999/xhtml"/>
        <html:code xmlns:html="http://www.w3.org/1999/xhtml">gpg-pubkey-dd79b481-62fe7502</html:code>
        <html:br xmlns:html="http://www.w3.org/1999/xhtml"/>
6. Get more details about the key, via the command:<html:br xmlns:html="http://www.w3.org/1999/xhtml"/>
        <html:code xmlns:html="http://www.w3.org/1999/xhtml">$ sudo rpm -qa gpg-pubkey-dd79b481-62fe7502</html:code>
        <html:br xmlns:html="http://www.w3.org/1999/xhtml"/>
7. Check the GPG key, for example the command:<html:br xmlns:html="http://www.w3.org/1999/xhtml"/>
        <html:code xmlns:html="http://www.w3.org/1999/xhtml">$ sudo rpm -q gpg-pubkey --qf '%{name}-%{version}-%{release} --&gt; %{summary}\n'</html:code>
        <html:br xmlns:html="http://www.w3.org/1999/xhtml"/>
will provide:<html:br xmlns:html="http://www.w3.org/1999/xhtml"/>
        <html:code xmlns:html="http://www.w3.org/1999/xhtml">gpg-pubkey-dd79b481-62fe7502 --&gt; gpg(Zoom Video Communications, Inc. &lt;CryptoOpsCodeSignProd@zoom.us&gt;)</html:code>
        <html:br xmlns:html="http://www.w3.org/1999/xhtml"/>
        <html:br xmlns:html="http://www.w3.org/1999/xhtml"/>
        <html:br xmlns:html="http://www.w3.org/1999/xhtml"/>
       </description>
          <reference href="https://www.cisecurity.org/benchmark/suse_linux/">1.2.1</reference>
          <reference href="not_publicly_available">SLES-15-150300015</reference>
          <rationale xmlns:xhtml="http://www.w3.org/1999/xhtml" xml:lang="en-US">It is important to ensure that updates are obtained from a valid source to protect
against spoofing that could lead to the inadvertent installation of malware on the
system.</rationale>
          <ident system="https://ncp.nist.gov/cce">CCE-92542-0</ident>
          <check system="http://scap.nist.gov/schema/ocil/2">
            <check-content-ref name="ocil:ssg-ensure_GPG_keys_are_configured_ocil:questionnaire:1" href="ssg-sle15-ocil.xml"/>
          </check>
        </Rule>
        <Rule id="xccdf_org.ssgproject.content_rule_ensure_gpgcheck_globally_activated" selected="false" role="full" severity="high">
          <title xmlns:xhtml="http://www.w3.org/1999/xhtml" xml:lang="en-US">Ensure gpgcheck Enabled In Main zypper Configuration</title>
          <description xmlns:xhtml="http://www.w3.org/1999/xhtml" xml:lang="en-US">The <html:code xmlns:html="http://www.w3.org/1999/xhtml">gpgcheck</html:code> option controls whether
RPM packages' signatures are always checked prior to installation.
To configure zypper to check package signatures before installing
them, ensure the following line appears in <html:code xmlns:html="http://www.w3.org/1999/xhtml">/etc/zypp/zypp.conf</html:code> in
the <html:code xmlns:html="http://www.w3.org/1999/xhtml">[main]</html:code> section:
<html:pre xmlns:html="http://www.w3.org/1999/xhtml">gpgcheck=1</html:pre>
       </description>
          <reference href="https://www.cisecurity.org/controls/">11</reference>
          <reference href="https://www.cisecurity.org/controls/">2</reference>
          <reference href="https://www.cisecurity.org/controls/">3</reference>
          <reference href="https://www.cisecurity.org/controls/">9</reference>
          <reference href="https://www.fbi.gov/file-repository/cjis-security-policy-v5_5_20160601-2-1.pdf">5.10.4.1</reference>
          <reference href="https://www.isaca.org/resources/cobit">APO01.06</reference>
          <reference href="https://www.isaca.org/resources/cobit">BAI03.05</reference>
          <reference href="https://www.isaca.org/resources/cobit">BAI06.01</reference>
          <reference href="https://www.isaca.org/resources/cobit">BAI10.01</reference>
          <reference href="https://www.isaca.org/resources/cobit">BAI10.02</reference>
          <reference href="https://www.isaca.org/resources/cobit">BAI10.03</reference>
          <reference href="https://www.isaca.org/resources/cobit">BAI10.05</reference>
          <reference href="https://www.isaca.org/resources/cobit">DSS06.02</reference>
          <reference href="http://nvlpubs.nist.gov/nistpubs/SpecialPublications/NIST.SP.800-171.pdf">3.4.8</reference>
          <reference href="https://www.gpo.gov/fdsys/pkg/CFR-2007-title45-vol1/pdf/CFR-2007-title45-vol1-chapA-subchapC.pdf">164.308(a)(1)(ii)(D)</reference>
          <reference href="https://www.gpo.gov/fdsys/pkg/CFR-2007-title45-vol1/pdf/CFR-2007-title45-vol1-chapA-subchapC.pdf">164.312(b)</reference>
          <reference href="https://www.gpo.gov/fdsys/pkg/CFR-2007-title45-vol1/pdf/CFR-2007-title45-vol1-chapA-subchapC.pdf">164.312(c)(1)</reference>
          <reference href="https://www.gpo.gov/fdsys/pkg/CFR-2007-title45-vol1/pdf/CFR-2007-title45-vol1-chapA-subchapC.pdf">164.312(c)(2)</reference>
          <reference href="https://www.gpo.gov/fdsys/pkg/CFR-2007-title45-vol1/pdf/CFR-2007-title45-vol1-chapA-subchapC.pdf">164.312(e)(2)(i)</reference>
          <reference href="https://www.isa.org/products/isa-62443-2-1-2009-security-for-industrial-automat">4.3.4.3.2</reference>
          <reference href="https://www.isa.org/products/isa-62443-2-1-2009-security-for-industrial-automat">4.3.4.3.3</reference>
          <reference href="https://www.isa.org/products/isa-62443-2-1-2009-security-for-industrial-automat">4.3.4.4.4</reference>
          <reference href="https://www.isa.org/products/ansi-isa-62443-3-3-99-03-03-2013-security-for-indu">SR 3.1</reference>
          <reference href="https://www.isa.org/products/ansi-isa-62443-3-3-99-03-03-2013-security-for-indu">SR 3.3</reference>
          <reference href="https://www.isa.org/products/ansi-isa-62443-3-3-99-03-03-2013-security-for-indu">SR 3.4</reference>
          <reference href="https://www.isa.org/products/ansi-isa-62443-3-3-99-03-03-2013-security-for-indu">SR 3.8</reference>
          <reference href="https://www.isa.org/products/ansi-isa-62443-3-3-99-03-03-2013-security-for-indu">SR 7.6</reference>
          <reference href="https://www.iso.org/contents/data/standard/05/45/54534.html">A.11.2.4</reference>
          <reference href="https://www.iso.org/contents/data/standard/05/45/54534.html">A.12.1.2</reference>
          <reference href="https://www.iso.org/contents/data/standard/05/45/54534.html">A.12.2.1</reference>
          <reference href="https://www.iso.org/contents/data/standard/05/45/54534.html">A.12.5.1</reference>
          <reference href="https://www.iso.org/contents/data/standard/05/45/54534.html">A.12.6.2</reference>
          <reference href="https://www.iso.org/contents/data/standard/05/45/54534.html">A.14.1.2</reference>
          <reference href="https://www.iso.org/contents/data/standard/05/45/54534.html">A.14.1.3</reference>
          <reference href="https://www.iso.org/contents/data/standard/05/45/54534.html">A.14.2.2</reference>
          <reference href="https://www.iso.org/contents/data/standard/05/45/54534.html">A.14.2.3</reference>
          <reference href="https://www.iso.org/contents/data/standard/05/45/54534.html">A.14.2.4</reference>
          <reference href="http://nvlpubs.nist.gov/nistpubs/SpecialPublications/NIST.SP.800-53r4.pdf">CM-5(3)</reference>
          <reference href="http://nvlpubs.nist.gov/nistpubs/SpecialPublications/NIST.SP.800-53r4.pdf">SI-7</reference>
          <reference href="http://nvlpubs.nist.gov/nistpubs/SpecialPublications/NIST.SP.800-53r4.pdf">SC-12</reference>
          <reference href="http://nvlpubs.nist.gov/nistpubs/SpecialPublications/NIST.SP.800-53r4.pdf">SC-12(3)</reference>
          <reference href="http://nvlpubs.nist.gov/nistpubs/SpecialPublications/NIST.SP.800-53r4.pdf">CM-6(a)</reference>
          <reference href="http://nvlpubs.nist.gov/nistpubs/SpecialPublications/NIST.SP.800-53r4.pdf">SA-12</reference>
          <reference href="http://nvlpubs.nist.gov/nistpubs/SpecialPublications/NIST.SP.800-53r4.pdf">SA-12(10)</reference>
          <reference href="http://nvlpubs.nist.gov/nistpubs/SpecialPublications/NIST.SP.800-53r4.pdf">CM-11(a)</reference>
          <reference href="http://nvlpubs.nist.gov/nistpubs/SpecialPublications/NIST.SP.800-53r4.pdf">CM-11(b)</reference>
          <reference href="https://nvlpubs.nist.gov/nistpubs/CSWP/NIST.CSWP.04162018.pdf">PR.DS-6</reference>
          <reference href="https://nvlpubs.nist.gov/nistpubs/CSWP/NIST.CSWP.04162018.pdf">PR.DS-8</reference>
          <reference href="https://nvlpubs.nist.gov/nistpubs/CSWP/NIST.CSWP.04162018.pdf">PR.IP-1</reference>
          <reference href="https://www.niap-ccevs.org/Profile/PP.cfm">FPT_TUD_EXT.1</reference>
          <reference href="https://www.niap-ccevs.org/Profile/PP.cfm">FPT_TUD_EXT.2</reference>
          <reference href="https://www.pcisecuritystandards.org/documents/PCI_DSS_v3-2-1.pdf">Req-6.2</reference>
          <reference href="https://www.cyber.mil/stigs/downloads/?_dl_facet_stigs=operating-systems%2Cgeneral-purpose-os">SRG-OS-000366-GPOS-00153</reference>
          <reference href="https://www.cyber.mil/stigs/downloads/?_dl_facet_stigs=operating-systems%2Cunix-linux">SLES-15-010430</reference>
          <reference href="https://www.cisecurity.org/benchmark/suse_linux/">1.2.3</reference>
          <reference href="https://cyber.gouv.fr/sites/default/files/document/linux_configuration-en-v2.pdf">R59</reference>
          <reference href="not_publicly_available">SLES-15-150300030</reference>
          <reference href="https://www.cyber.gov.au/acsc/view-all-content/ism">1493</reference>
          <reference href="https://docs-prv.pcisecuritystandards.org/PCI%20DSS/Standard/PCI-DSS-v4_0.pdf">6.3.3</reference>
          <reference href="https://docs-prv.pcisecuritystandards.org/PCI%20DSS/Standard/PCI-DSS-v4_0.pdf">6.3</reference>
          <reference href="https://www.cyber.mil/stigs/srg-stig-tools/">SV-234852r1009613_rule</reference>
          <rationale xmlns:xhtml="http://www.w3.org/1999/xhtml" xml:lang="en-US">Changes to any software components can have significant effects on the
overall security of the operating system. This requirement ensures the
software has not been tampered with and that it has been provided by a
trusted vendor.
<html:br xmlns:html="http://www.w3.org/1999/xhtml"/>
Accordingly, patches, service packs, device drivers, or operating system
components must be signed with a certificate recognized and approved by the
organization.
<html:br xmlns:html="http://www.w3.org/1999/xhtml"/>Verifying the authenticity of the software prior to installation
validates the integrity of the patch or upgrade received from a vendor.
This ensures the software has not been tampered with and that it has been
provided by a trusted vendor. Self-signed certificates are disallowed by
this requirement. Certificates used to verify the software must be from an
approved Certificate Authority (CA).</rationale>
          <platform idref="#package_zypper"/>
          <ident system="https://ncp.nist.gov/cce">CCE-83290-7</ident>
          <fix xmlns:xhtml="http://www.w3.org/1999/xhtml" id="ensure_gpgcheck_globally_activated" system="urn:xccdf:fix:script:sh"># Remediation is applicable only in certain platforms
if rpm --quiet -q zypper; then

# Strip any search characters in the key arg so that the key can be replaced without
# adding any search characters to the config file.
stripped_key=$(sed 's/[\^=\$,;+]*//g' &lt;&lt;&lt; "^gpgcheck")

# shellcheck disable=SC2059
printf -v formatted_output "%s = %s" "$stripped_key" "1"

# If the key exists, change it. Otherwise, add it to the config_file.
# We search for the key string followed by a word boundary (matched by \&gt;),
# so if we search for 'setting', 'setting2' won't match.
if LC_ALL=C grep -q -m 1 -i -e "^gpgcheck\\&gt;" "/etc/zypp/zypp.conf"; then
    escaped_formatted_output=$(sed -e 's|/|\\/|g' &lt;&lt;&lt; "$formatted_output")
    LC_ALL=C sed -i --follow-symlinks "s/^gpgcheck\\&gt;.*/$escaped_formatted_output/gi" "/etc/zypp/zypp.conf"
else
    if [[ -s "/etc/zypp/zypp.conf" ]] &amp;&amp; [[ -n "$(tail -c 1 -- "/etc/zypp/zypp.conf" || true)" ]]; then
        LC_ALL=C sed -i --follow-symlinks '$a'\\ "/etc/zypp/zypp.conf"
    fi
    cce="CCE-83290-7"
    printf '# Per %s: Set %s in %s\n' "${cce}" "${formatted_output}" "/etc/zypp/zypp.conf" &gt;&gt; "/etc/zypp/zypp.conf"
    printf '%s\n' "$formatted_output" &gt;&gt; "/etc/zypp/zypp.conf"
fi

else
    &gt;&amp;2 echo 'Remediation is not applicable, nothing was done'
fi
</fix>
          <fix xmlns:xhtml="http://www.w3.org/1999/xhtml" id="ensure_gpgcheck_globally_activated" system="urn:xccdf:fix:script:ansible" complexity="low" disruption="medium" strategy="configure">- name: Gather the package facts
  package_facts:
    manager: auto
  tags:
  - CCE-83290-7
  - CJIS-5.10.4.1
  - DISA-STIG-SLES-15-010430
  - NIST-800-171-3.4.8
  - NIST-800-53-CM-11(a)
  - NIST-800-53-CM-11(b)
  - NIST-800-53-CM-5(3)
  - NIST-800-53-CM-6(a)
  - NIST-800-53-SA-12
  - NIST-800-53-SA-12(10)
  - NIST-800-53-SC-12
  - NIST-800-53-SC-12(3)
  - NIST-800-53-SI-7
  - PCI-DSS-Req-6.2
  - PCI-DSSv4-6.3
  - PCI-DSSv4-6.3.3
  - configure_strategy
  - ensure_gpgcheck_globally_activated
  - high_severity
  - low_complexity
  - medium_disruption
  - no_reboot_needed

- name: Ensure GPG check is globally activated
  community.general.ini_file:
    dest: /etc/zypp/zypp.conf
    section: main
    option: gpgcheck
    value: 1
    no_extra_spaces: true
    create: false
  when: '"zypper" in ansible_facts.packages'
  tags:
  - CCE-83290-7
  - CJIS-5.10.4.1
  - DISA-STIG-SLES-15-010430
  - NIST-800-171-3.4.8
  - NIST-800-53-CM-11(a)
  - NIST-800-53-CM-11(b)
  - NIST-800-53-CM-5(3)
  - NIST-800-53-CM-6(a)
  - NIST-800-53-SA-12
  - NIST-800-53-SA-12(10)
  - NIST-800-53-SC-12
  - NIST-800-53-SC-12(3)
  - NIST-800-53-SI-7
  - PCI-DSS-Req-6.2
  - PCI-DSSv4-6.3
  - PCI-DSSv4-6.3.3
  - configure_strategy
  - ensure_gpgcheck_globally_activated
  - high_severity
  - low_complexity
  - medium_disruption
  - no_reboot_needed
</fix>
          <check system="http://oval.mitre.org/XMLSchema/oval-definitions-5">
            <check-content-ref name="oval:ssg-ensure_gpgcheck_globally_activated:def:1" href="ssg-sle15-oval.xml"/>
          </check>
          <check system="http://scap.nist.gov/schema/ocil/2">
            <check-content-ref name="ocil:ssg-ensure_gpgcheck_globally_activated_ocil:questionnaire:1" href="ssg-sle15-ocil.xml"/>
          </check>
        </Rule>
        <Rule id="xccdf_org.ssgproject.content_rule_ensure_gpgcheck_local_packages" selected="false" role="full" severity="high">
          <title xmlns:xhtml="http://www.w3.org/1999/xhtml" xml:lang="en-US">Ensure gpgcheck Enabled for Local Packages</title>
          <description xmlns:xhtml="http://www.w3.org/1999/xhtml" xml:lang="en-US"><html:code xmlns:html="http://www.w3.org/1999/xhtml">zypper</html:code> should be configured to verify the signature(s) of local packages
prior to installation. To configure <html:code xmlns:html="http://www.w3.org/1999/xhtml">zypper</html:code> to verify signatures of local
packages, set the <html:code xmlns:html="http://www.w3.org/1999/xhtml">localpkg_gpgcheck</html:code> to <html:code xmlns:html="http://www.w3.org/1999/xhtml">1</html:code> in <html:code xmlns:html="http://www.w3.org/1999/xhtml">/etc/zypp/zypp.conf</html:code>.</description>
          <reference href="https://www.cisecurity.org/controls/">11</reference>
          <reference href="https://www.cisecurity.org/controls/">3</reference>
          <reference href="https://www.cisecurity.org/controls/">9</reference>
          <reference href="https://www.isaca.org/resources/cobit">BAI10.01</reference>
          <reference href="https://www.isaca.org/resources/cobit">BAI10.02</reference>
          <reference href="https://www.isaca.org/resources/cobit">BAI10.03</reference>
          <reference href="https://www.isaca.org/resources/cobit">BAI10.05</reference>
          <reference href="http://nvlpubs.nist.gov/nistpubs/SpecialPublications/NIST.SP.800-171.pdf">3.4.8</reference>
          <reference href="https://www.gpo.gov/fdsys/pkg/CFR-2007-title45-vol1/pdf/CFR-2007-title45-vol1-chapA-subchapC.pdf">164.308(a)(1)(ii)(D)</reference>
          <reference href="https://www.gpo.gov/fdsys/pkg/CFR-2007-title45-vol1/pdf/CFR-2007-title45-vol1-chapA-subchapC.pdf">164.312(b)</reference>
          <reference href="https://www.gpo.gov/fdsys/pkg/CFR-2007-title45-vol1/pdf/CFR-2007-title45-vol1-chapA-subchapC.pdf">164.312(c)(1)</reference>
          <reference href="https://www.gpo.gov/fdsys/pkg/CFR-2007-title45-vol1/pdf/CFR-2007-title45-vol1-chapA-subchapC.pdf">164.312(c)(2)</reference>
          <reference href="https://www.gpo.gov/fdsys/pkg/CFR-2007-title45-vol1/pdf/CFR-2007-title45-vol1-chapA-subchapC.pdf">164.312(e)(2)(i)</reference>
          <reference href="https://www.isa.org/products/isa-62443-2-1-2009-security-for-industrial-automat">4.3.4.3.2</reference>
          <reference href="https://www.isa.org/products/isa-62443-2-1-2009-security-for-industrial-automat">4.3.4.3.3</reference>
          <reference href="https://www.isa.org/products/ansi-isa-62443-3-3-99-03-03-2013-security-for-indu">SR 7.6</reference>
          <reference href="https://www.iso.org/contents/data/standard/05/45/54534.html">A.12.1.2</reference>
          <reference href="https://www.iso.org/contents/data/standard/05/45/54534.html">A.12.5.1</reference>
          <reference href="https://www.iso.org/contents/data/standard/05/45/54534.html">A.12.6.2</reference>
          <reference href="https://www.iso.org/contents/data/standard/05/45/54534.html">A.14.2.2</reference>
          <reference href="https://www.iso.org/contents/data/standard/05/45/54534.html">A.14.2.3</reference>
          <reference href="https://www.iso.org/contents/data/standard/05/45/54534.html">A.14.2.4</reference>
          <reference href="http://nvlpubs.nist.gov/nistpubs/SpecialPublications/NIST.SP.800-53r4.pdf">CM-11(a)</reference>
          <reference href="http://nvlpubs.nist.gov/nistpubs/SpecialPublications/NIST.SP.800-53r4.pdf">CM-11(b)</reference>
          <reference href="http://nvlpubs.nist.gov/nistpubs/SpecialPublications/NIST.SP.800-53r4.pdf">CM-6(a)</reference>
          <reference href="http://nvlpubs.nist.gov/nistpubs/SpecialPublications/NIST.SP.800-53r4.pdf">CM-5(3)</reference>
          <reference href="http://nvlpubs.nist.gov/nistpubs/SpecialPublications/NIST.SP.800-53r4.pdf">SA-12</reference>
          <reference href="http://nvlpubs.nist.gov/nistpubs/SpecialPublications/NIST.SP.800-53r4.pdf">SA-12(10)</reference>
          <reference href="https://nvlpubs.nist.gov/nistpubs/CSWP/NIST.CSWP.04162018.pdf">PR.IP-1</reference>
          <reference href="https://www.niap-ccevs.org/Profile/PP.cfm">FPT_TUD_EXT.1</reference>
          <reference href="https://www.niap-ccevs.org/Profile/PP.cfm">FPT_TUD_EXT.2</reference>
          <reference href="https://www.cyber.mil/stigs/downloads/?_dl_facet_stigs=operating-systems%2Cgeneral-purpose-os">SRG-OS-000366-GPOS-00153</reference>
          <reference href="https://cyber.gouv.fr/sites/default/files/document/linux_configuration-en-v2.pdf">R59</reference>
          <reference href="https://www.cyber.gov.au/acsc/view-all-content/ism">1493</reference>
          <rationale xmlns:xhtml="http://www.w3.org/1999/xhtml" xml:lang="en-US">Changes to any software components can have significant effects to the overall security
of the operating system. This requirement ensures the software has not been tampered and
has been provided by a trusted vendor.
<html:br xmlns:html="http://www.w3.org/1999/xhtml"/>
        <html:br xmlns:html="http://www.w3.org/1999/xhtml"/>
Accordingly, patches, service packs, device drivers, or operating system components must
be signed with a certificate recognized and approved by the organization.</rationale>
          <platform idref="#package_zypper"/>
          <ident system="https://ncp.nist.gov/cce">CCE-91167-7</ident>
          <fix xmlns:xhtml="http://www.w3.org/1999/xhtml" id="ensure_gpgcheck_local_packages" system="urn:xccdf:fix:script:sh"># Remediation is applicable only in certain platforms
if rpm --quiet -q zypper; then

# Strip any search characters in the key arg so that the key can be replaced without
# adding any search characters to the config file.
stripped_key=$(sed 's/[\^=\$,;+]*//g' &lt;&lt;&lt; "^localpkg_gpgcheck")

# shellcheck disable=SC2059
printf -v formatted_output "%s = %s" "$stripped_key" "1"

# If the key exists, change it. Otherwise, add it to the config_file.
# We search for the key string followed by a word boundary (matched by \&gt;),
# so if we search for 'setting', 'setting2' won't match.
if LC_ALL=C grep -q -m 1 -i -e "^localpkg_gpgcheck\\&gt;" "/etc/zypp/zypp.conf"; then
    escaped_formatted_output=$(sed -e 's|/|\\/|g' &lt;&lt;&lt; "$formatted_output")
    LC_ALL=C sed -i --follow-symlinks "s/^localpkg_gpgcheck\\&gt;.*/$escaped_formatted_output/gi" "/etc/zypp/zypp.conf"
else
    if [[ -s "/etc/zypp/zypp.conf" ]] &amp;&amp; [[ -n "$(tail -c 1 -- "/etc/zypp/zypp.conf" || true)" ]]; then
        LC_ALL=C sed -i --follow-symlinks '$a'\\ "/etc/zypp/zypp.conf"
    fi
    cce="CCE-91167-7"
    printf '# Per %s: Set %s in %s\n' "${cce}" "${formatted_output}" "/etc/zypp/zypp.conf" &gt;&gt; "/etc/zypp/zypp.conf"
    printf '%s\n' "$formatted_output" &gt;&gt; "/etc/zypp/zypp.conf"
fi

else
    &gt;&amp;2 echo 'Remediation is not applicable, nothing was done'
fi
</fix>
          <fix xmlns:xhtml="http://www.w3.org/1999/xhtml" id="ensure_gpgcheck_local_packages" system="urn:xccdf:fix:script:ansible" complexity="low" disruption="medium">- name: Gather the package facts
  package_facts:
    manager: auto
  tags:
  - CCE-91167-7
  - NIST-800-171-3.4.8
  - NIST-800-53-CM-11(a)
  - NIST-800-53-CM-11(b)
  - NIST-800-53-CM-5(3)
  - NIST-800-53-CM-6(a)
  - NIST-800-53-SA-12
  - NIST-800-53-SA-12(10)
  - ensure_gpgcheck_local_packages
  - high_severity
  - low_complexity
  - medium_disruption
  - no_reboot_needed
  - unknown_strategy

- name: Ensure GPG check Enabled for Local Packages (zypper)
  block:

  - name: Check stats of zypper
    ansible.builtin.stat:
      path: /etc/zypp/zypp.conf
    register: pkg

  - name: Check if config file of zypper is a symlink
    ansible.builtin.set_fact:
      pkg_config_file_symlink: '{{ pkg.stat.lnk_target if pkg.stat.lnk_target is match("^/.*")
        else "/etc/zypp/zypp.conf" | dirname ~ "/" ~ pkg.stat.lnk_target }}'
    when: pkg.stat.lnk_target is defined

  - name: Ensure GPG check Enabled for Local Packages (zypper)
    community.general.ini_file:
      dest: '{{ pkg_config_file_symlink |  default("/etc/zypp/zypp.conf") }}'
      section: main
      option: localpkg_gpgcheck
      value: 1
      no_extra_spaces: true
      create: true
  when: '"zypper" in ansible_facts.packages'
  tags:
  - CCE-91167-7
  - NIST-800-171-3.4.8
  - NIST-800-53-CM-11(a)
  - NIST-800-53-CM-11(b)
  - NIST-800-53-CM-5(3)
  - NIST-800-53-CM-6(a)
  - NIST-800-53-SA-12
  - NIST-800-53-SA-12(10)
  - ensure_gpgcheck_local_packages
  - high_severity
  - low_complexity
  - medium_disruption
  - no_reboot_needed
  - unknown_strategy
</fix>
          <check system="http://oval.mitre.org/XMLSchema/oval-definitions-5">
            <check-content-ref name="oval:ssg-ensure_gpgcheck_local_packages:def:1" href="ssg-sle15-oval.xml"/>
          </check>
          <check system="http://scap.nist.gov/schema/ocil/2">
            <check-content-ref name="ocil:ssg-ensure_gpgcheck_local_packages_ocil:questionnaire:1" href="ssg-sle15-ocil.xml"/>
          </check>
        </Rule>
        <Rule id="xccdf_org.ssgproject.content_rule_ensure_gpgcheck_never_disabled" selected="false" role="full" severity="high">
          <title xmlns:xhtml="http://www.w3.org/1999/xhtml" xml:lang="en-US">Ensure gpgcheck Enabled for All zypper Package Repositories</title>
          <description xmlns:xhtml="http://www.w3.org/1999/xhtml" xml:lang="en-US">To ensure signature checking is not disabled for
any repos, remove any lines from files in <html:code xmlns:html="http://www.w3.org/1999/xhtml">/etc/zypp/repos.d</html:code> of the form:
<html:pre xmlns:html="http://www.w3.org/1999/xhtml">gpgcheck=0</html:pre>
       </description>
          <reference href="https://www.cisecurity.org/controls/">11</reference>
          <reference href="https://www.cisecurity.org/controls/">2</reference>
          <reference href="https://www.cisecurity.org/controls/">3</reference>
          <reference href="https://www.cisecurity.org/controls/">9</reference>
          <reference href="https://www.fbi.gov/file-repository/cjis-security-policy-v5_5_20160601-2-1.pdf">5.10.4.1</reference>
          <reference href="https://www.isaca.org/resources/cobit">APO01.06</reference>
          <reference href="https://www.isaca.org/resources/cobit">BAI03.05</reference>
          <reference href="https://www.isaca.org/resources/cobit">BAI06.01</reference>
          <reference href="https://www.isaca.org/resources/cobit">BAI10.01</reference>
          <reference href="https://www.isaca.org/resources/cobit">BAI10.02</reference>
          <reference href="https://www.isaca.org/resources/cobit">BAI10.03</reference>
          <reference href="https://www.isaca.org/resources/cobit">BAI10.05</reference>
          <reference href="https://www.isaca.org/resources/cobit">DSS06.02</reference>
          <reference href="http://nvlpubs.nist.gov/nistpubs/SpecialPublications/NIST.SP.800-171.pdf">3.4.8</reference>
          <reference href="https://www.gpo.gov/fdsys/pkg/CFR-2007-title45-vol1/pdf/CFR-2007-title45-vol1-chapA-subchapC.pdf">164.308(a)(1)(ii)(D)</reference>
          <reference href="https://www.gpo.gov/fdsys/pkg/CFR-2007-title45-vol1/pdf/CFR-2007-title45-vol1-chapA-subchapC.pdf">164.312(b)</reference>
          <reference href="https://www.gpo.gov/fdsys/pkg/CFR-2007-title45-vol1/pdf/CFR-2007-title45-vol1-chapA-subchapC.pdf">164.312(c)(1)</reference>
          <reference href="https://www.gpo.gov/fdsys/pkg/CFR-2007-title45-vol1/pdf/CFR-2007-title45-vol1-chapA-subchapC.pdf">164.312(c)(2)</reference>
          <reference href="https://www.gpo.gov/fdsys/pkg/CFR-2007-title45-vol1/pdf/CFR-2007-title45-vol1-chapA-subchapC.pdf">164.312(e)(2)(i)</reference>
          <reference href="https://www.isa.org/products/isa-62443-2-1-2009-security-for-industrial-automat">4.3.4.3.2</reference>
          <reference href="https://www.isa.org/products/isa-62443-2-1-2009-security-for-industrial-automat">4.3.4.3.3</reference>
          <reference href="https://www.isa.org/products/isa-62443-2-1-2009-security-for-industrial-automat">4.3.4.4.4</reference>
          <reference href="https://www.isa.org/products/ansi-isa-62443-3-3-99-03-03-2013-security-for-indu">SR 3.1</reference>
          <reference href="https://www.isa.org/products/ansi-isa-62443-3-3-99-03-03-2013-security-for-indu">SR 3.3</reference>
          <reference href="https://www.isa.org/products/ansi-isa-62443-3-3-99-03-03-2013-security-for-indu">SR 3.4</reference>
          <reference href="https://www.isa.org/products/ansi-isa-62443-3-3-99-03-03-2013-security-for-indu">SR 3.8</reference>
          <reference href="https://www.isa.org/products/ansi-isa-62443-3-3-99-03-03-2013-security-for-indu">SR 7.6</reference>
          <reference href="https://www.iso.org/contents/data/standard/05/45/54534.html">A.11.2.4</reference>
          <reference href="https://www.iso.org/contents/data/standard/05/45/54534.html">A.12.1.2</reference>
          <reference href="https://www.iso.org/contents/data/standard/05/45/54534.html">A.12.2.1</reference>
          <reference href="https://www.iso.org/contents/data/standard/05/45/54534.html">A.12.5.1</reference>
          <reference href="https://www.iso.org/contents/data/standard/05/45/54534.html">A.12.6.2</reference>
          <reference href="https://www.iso.org/contents/data/standard/05/45/54534.html">A.14.1.2</reference>
          <reference href="https://www.iso.org/contents/data/standard/05/45/54534.html">A.14.1.3</reference>
          <reference href="https://www.iso.org/contents/data/standard/05/45/54534.html">A.14.2.2</reference>
          <reference href="https://www.iso.org/contents/data/standard/05/45/54534.html">A.14.2.3</reference>
          <reference href="https://www.iso.org/contents/data/standard/05/45/54534.html">A.14.2.4</reference>
          <reference href="http://nvlpubs.nist.gov/nistpubs/SpecialPublications/NIST.SP.800-53r4.pdf">CM-5(3)</reference>
          <reference href="http://nvlpubs.nist.gov/nistpubs/SpecialPublications/NIST.SP.800-53r4.pdf">SI-7</reference>
          <reference href="http://nvlpubs.nist.gov/nistpubs/SpecialPublications/NIST.SP.800-53r4.pdf">SC-12</reference>
          <reference href="http://nvlpubs.nist.gov/nistpubs/SpecialPublications/NIST.SP.800-53r4.pdf">SC-12(3)</reference>
          <reference href="http://nvlpubs.nist.gov/nistpubs/SpecialPublications/NIST.SP.800-53r4.pdf">CM-6(a)</reference>
          <reference href="http://nvlpubs.nist.gov/nistpubs/SpecialPublications/NIST.SP.800-53r4.pdf">SA-12</reference>
          <reference href="http://nvlpubs.nist.gov/nistpubs/SpecialPublications/NIST.SP.800-53r4.pdf">SA-12(10)</reference>
          <reference href="http://nvlpubs.nist.gov/nistpubs/SpecialPublications/NIST.SP.800-53r4.pdf">CM-11(a)</reference>
          <reference href="http://nvlpubs.nist.gov/nistpubs/SpecialPublications/NIST.SP.800-53r4.pdf">CM-11(b)</reference>
          <reference href="https://nvlpubs.nist.gov/nistpubs/CSWP/NIST.CSWP.04162018.pdf">PR.DS-6</reference>
          <reference href="https://nvlpubs.nist.gov/nistpubs/CSWP/NIST.CSWP.04162018.pdf">PR.DS-8</reference>
          <reference href="https://nvlpubs.nist.gov/nistpubs/CSWP/NIST.CSWP.04162018.pdf">PR.IP-1</reference>
          <reference href="https://www.niap-ccevs.org/Profile/PP.cfm">FPT_TUD_EXT.1</reference>
          <reference href="https://www.niap-ccevs.org/Profile/PP.cfm">FPT_TUD_EXT.2</reference>
          <reference href="https://www.pcisecuritystandards.org/documents/PCI_DSS_v3-2-1.pdf">Req-6.2</reference>
          <reference href="https://www.cyber.mil/stigs/downloads/?_dl_facet_stigs=operating-systems%2Cgeneral-purpose-os">SRG-OS-000366-GPOS-00153</reference>
          <reference href="https://www.cisecurity.org/benchmark/suse_linux/">1.2.3</reference>
          <reference href="https://cyber.gouv.fr/sites/default/files/document/linux_configuration-en-v2.pdf">R59</reference>
          <reference href="not_publicly_available">SLES-15-150300030</reference>
          <reference href="https://www.cyber.gov.au/acsc/view-all-content/ism">1493</reference>
          <reference href="https://docs-prv.pcisecuritystandards.org/PCI%20DSS/Standard/PCI-DSS-v4_0.pdf">6.3.3</reference>
          <reference href="https://docs-prv.pcisecuritystandards.org/PCI%20DSS/Standard/PCI-DSS-v4_0.pdf">6.3</reference>
          <rationale xmlns:xhtml="http://www.w3.org/1999/xhtml" xml:lang="en-US">Verifying the authenticity of the software prior to installation validates
the integrity of the patch or upgrade received from a vendor. This ensures
the software has not been tampered with and that it has been provided by a
trusted vendor. Self-signed certificates are disallowed by this
requirement. Certificates used to verify the software must be from an
approved Certificate Authority (CA)."</rationale>
          <ident system="https://ncp.nist.gov/cce">CCE-85797-9</ident>
          <fix xmlns:xhtml="http://www.w3.org/1999/xhtml" id="ensure_gpgcheck_never_disabled" system="urn:xccdf:fix:script:sh">
sed -i 's/gpgcheck\s*=.*/gpgcheck=1/g' /etc/zypp/repos.d/*
</fix>
          <fix xmlns:xhtml="http://www.w3.org/1999/xhtml" id="ensure_gpgcheck_never_disabled" system="urn:xccdf:fix:script:ansible" complexity="low" disruption="medium" strategy="enable">- name: Grep for zypper repo section names
  ansible.builtin.shell: |
    set -o pipefail
    grep -HEr '^\[.+\]' -r /etc/zypp/repos.d/
  register: repo_grep_results
  failed_when: repo_grep_results.rc not in [0, 1]
  changed_when: false
  tags:
  - CCE-85797-9
  - CJIS-5.10.4.1
  - NIST-800-171-3.4.8
  - NIST-800-53-CM-11(a)
  - NIST-800-53-CM-11(b)
  - NIST-800-53-CM-5(3)
  - NIST-800-53-CM-6(a)
  - NIST-800-53-SA-12
  - NIST-800-53-SA-12(10)
  - NIST-800-53-SC-12
  - NIST-800-53-SC-12(3)
  - NIST-800-53-SI-7
  - PCI-DSS-Req-6.2
  - PCI-DSSv4-6.3
  - PCI-DSSv4-6.3.3
  - enable_strategy
  - ensure_gpgcheck_never_disabled
  - high_severity
  - low_complexity
  - medium_disruption
  - no_reboot_needed

- name: Set gpgcheck=1 for each zypper repo
  community.general.ini_file:
    path: '{{ item[0] }}'
    section: '{{ item[1] }}'
    option: gpgcheck
    value: '1'
    no_extra_spaces: true
  loop: '{{ repo_grep_results.stdout |regex_findall( ''(.+\.repo):\[(.+)\]\n?'' )
    if repo_grep_results is not skipped else [] }}'
  when: repo_grep_results is not skipped
  tags:
  - CCE-85797-9
  - CJIS-5.10.4.1
  - NIST-800-171-3.4.8
  - NIST-800-53-CM-11(a)
  - NIST-800-53-CM-11(b)
  - NIST-800-53-CM-5(3)
  - NIST-800-53-CM-6(a)
  - NIST-800-53-SA-12
  - NIST-800-53-SA-12(10)
  - NIST-800-53-SC-12
  - NIST-800-53-SC-12(3)
  - NIST-800-53-SI-7
  - PCI-DSS-Req-6.2
  - PCI-DSSv4-6.3
  - PCI-DSSv4-6.3.3
  - enable_strategy
  - ensure_gpgcheck_never_disabled
  - high_severity
  - low_complexity
  - medium_disruption
  - no_reboot_needed
</fix>
          <check system="http://oval.mitre.org/XMLSchema/oval-definitions-5">
            <check-content-ref name="oval:ssg-ensure_gpgcheck_never_disabled:def:1" href="ssg-sle15-oval.xml"/>
          </check>
          <check system="http://scap.nist.gov/schema/ocil/2">
            <check-content-ref name="ocil:ssg-ensure_gpgcheck_never_disabled_ocil:questionnaire:1" href="ssg-sle15-ocil.xml"/>
          </check>
        </Rule>
        <Rule id="xccdf_org.ssgproject.content_rule_ensure_package_repositories_are_configured" selected="false" role="full" severity="medium">
          <title xmlns:xhtml="http://www.w3.org/1999/xhtml" xml:lang="en-US">Ensure package manager repositories are configured</title>
          <description xmlns:xhtml="http://www.w3.org/1999/xhtml" xml:lang="en-US">Systems need to have package manager repositories configured to ensure they receive the
latest patches and updates.</description>
          <reference href="https://www.cisecurity.org/benchmark/suse_linux/">1.2.2</reference>
          <rationale xmlns:xhtml="http://www.w3.org/1999/xhtml" xml:lang="en-US">If the system's package repositories are misconfigured important patches may not be
identified or a rogue repository could introduce compromised software.</rationale>
          <ident system="https://ncp.nist.gov/cce">CCE-92489-4</ident>
          <check system="http://scap.nist.gov/schema/ocil/2">
            <check-content-ref name="ocil:ssg-ensure_package_repositories_are_configured_ocil:questionnaire:1" href="ssg-sle15-ocil.xml"/>
          </check>
        </Rule>
        <Rule id="xccdf_org.ssgproject.content_rule_ensure_suse_gpgkey_installed" selected="false" role="full" severity="high">
          <title xmlns:xhtml="http://www.w3.org/1999/xhtml" xml:lang="en-US">Ensure SUSE GPG Key Installed</title>
          <description xmlns:xhtml="http://www.w3.org/1999/xhtml" xml:lang="en-US">To ensure the system can cryptographically verify base software packages
come from SUSE (and to connect to the SUSE to receive them),
the SUSE GPG key must properly be installed. To install the SUSE GPG
key, run:
<html:pre xmlns:html="http://www.w3.org/1999/xhtml">$ sudo zypper install suse-build-key</html:pre>

If the system is not connected to the Internet or an RHN Satellite, then
install the SUSE GPG key from trusted media such as the SUSE
installation CD-ROM or DVD. Assuming the disc is mounted in
<html:code xmlns:html="http://www.w3.org/1999/xhtml">/media/cdrom</html:code>, use the following command as the root user to import
it into the keyring:
<html:pre xmlns:html="http://www.w3.org/1999/xhtml">$ sudo rpm --import /media/cdrom/content.key</html:pre> or
<html:pre xmlns:html="http://www.w3.org/1999/xhtml">$ sudo rpm --import /media/cdrom/repodata/repomd.xml.key</html:pre>

Alternatively, the key may be pre-loaded during the SUSE installation. In
such cases, one can use the repository cache files to install the key,
for example by running the following command:
<html:pre xmlns:html="http://www.w3.org/1999/xhtml">sudo rpm --import /var/cache/zypp/raw/Basesystem_Module_15_SP2_x86_64:SLE-Module-Basesystem15-SP2-Pool/repodata/repomd.xml.key</html:pre>
       </description>
          <reference href="https://www.cisecurity.org/controls/">11</reference>
          <reference href="https://www.cisecurity.org/controls/">2</reference>
          <reference href="https://www.cisecurity.org/controls/">3</reference>
          <reference href="https://www.cisecurity.org/controls/">9</reference>
          <reference href="https://www.fbi.gov/file-repository/cjis-security-policy-v5_5_20160601-2-1.pdf">5.10.4.1</reference>
          <reference href="https://www.isaca.org/resources/cobit">APO01.06</reference>
          <reference href="https://www.isaca.org/resources/cobit">BAI03.05</reference>
          <reference href="https://www.isaca.org/resources/cobit">BAI06.01</reference>
          <reference href="https://www.isaca.org/resources/cobit">BAI10.01</reference>
          <reference href="https://www.isaca.org/resources/cobit">BAI10.02</reference>
          <reference href="https://www.isaca.org/resources/cobit">BAI10.03</reference>
          <reference href="https://www.isaca.org/resources/cobit">BAI10.05</reference>
          <reference href="https://www.isaca.org/resources/cobit">DSS06.02</reference>
          <reference href="http://nvlpubs.nist.gov/nistpubs/SpecialPublications/NIST.SP.800-171.pdf">3.4.8</reference>
          <reference href="https://www.gpo.gov/fdsys/pkg/CFR-2007-title45-vol1/pdf/CFR-2007-title45-vol1-chapA-subchapC.pdf">164.308(a)(1)(ii)(D)</reference>
          <reference href="https://www.gpo.gov/fdsys/pkg/CFR-2007-title45-vol1/pdf/CFR-2007-title45-vol1-chapA-subchapC.pdf">164.312(b)</reference>
          <reference href="https://www.gpo.gov/fdsys/pkg/CFR-2007-title45-vol1/pdf/CFR-2007-title45-vol1-chapA-subchapC.pdf">164.312(c)(1)</reference>
          <reference href="https://www.gpo.gov/fdsys/pkg/CFR-2007-title45-vol1/pdf/CFR-2007-title45-vol1-chapA-subchapC.pdf">164.312(c)(2)</reference>
          <reference href="https://www.gpo.gov/fdsys/pkg/CFR-2007-title45-vol1/pdf/CFR-2007-title45-vol1-chapA-subchapC.pdf">164.312(e)(2)(i)</reference>
          <reference href="https://www.isa.org/products/isa-62443-2-1-2009-security-for-industrial-automat">4.3.4.3.2</reference>
          <reference href="https://www.isa.org/products/isa-62443-2-1-2009-security-for-industrial-automat">4.3.4.3.3</reference>
          <reference href="https://www.isa.org/products/isa-62443-2-1-2009-security-for-industrial-automat">4.3.4.4.4</reference>
          <reference href="https://www.isa.org/products/ansi-isa-62443-3-3-99-03-03-2013-security-for-indu">SR 3.1</reference>
          <reference href="https://www.isa.org/products/ansi-isa-62443-3-3-99-03-03-2013-security-for-indu">SR 3.3</reference>
          <reference href="https://www.isa.org/products/ansi-isa-62443-3-3-99-03-03-2013-security-for-indu">SR 3.4</reference>
          <reference href="https://www.isa.org/products/ansi-isa-62443-3-3-99-03-03-2013-security-for-indu">SR 3.8</reference>
          <reference href="https://www.isa.org/products/ansi-isa-62443-3-3-99-03-03-2013-security-for-indu">SR 7.6</reference>
          <reference href="https://www.iso.org/contents/data/standard/05/45/54534.html">A.11.2.4</reference>
          <reference href="https://www.iso.org/contents/data/standard/05/45/54534.html">A.12.1.2</reference>
          <reference href="https://www.iso.org/contents/data/standard/05/45/54534.html">A.12.2.1</reference>
          <reference href="https://www.iso.org/contents/data/standard/05/45/54534.html">A.12.5.1</reference>
          <reference href="https://www.iso.org/contents/data/standard/05/45/54534.html">A.12.6.2</reference>
          <reference href="https://www.iso.org/contents/data/standard/05/45/54534.html">A.14.1.2</reference>
          <reference href="https://www.iso.org/contents/data/standard/05/45/54534.html">A.14.1.3</reference>
          <reference href="https://www.iso.org/contents/data/standard/05/45/54534.html">A.14.2.2</reference>
          <reference href="https://www.iso.org/contents/data/standard/05/45/54534.html">A.14.2.3</reference>
          <reference href="https://www.iso.org/contents/data/standard/05/45/54534.html">A.14.2.4</reference>
          <reference href="https://www.nerc.com/standards/reliability-standards/cip">CIP-003-8 R4.2</reference>
          <reference href="https://www.nerc.com/standards/reliability-standards/cip">CIP-003-8 R6</reference>
          <reference href="https://www.nerc.com/standards/reliability-standards/cip">CIP-007-3 R4</reference>
          <reference href="https://www.nerc.com/standards/reliability-standards/cip">CIP-007-3 R4.1</reference>
          <reference href="https://www.nerc.com/standards/reliability-standards/cip">CIP-007-3 R4.2</reference>
          <reference href="https://www.nerc.com/standards/reliability-standards/cip">CIP-007-3 R5.1</reference>
          <reference href="http://nvlpubs.nist.gov/nistpubs/SpecialPublications/NIST.SP.800-53r4.pdf">CM-5(3)</reference>
          <reference href="http://nvlpubs.nist.gov/nistpubs/SpecialPublications/NIST.SP.800-53r4.pdf">SI-7</reference>
          <reference href="http://nvlpubs.nist.gov/nistpubs/SpecialPublications/NIST.SP.800-53r4.pdf">SC-12</reference>
          <reference href="http://nvlpubs.nist.gov/nistpubs/SpecialPublications/NIST.SP.800-53r4.pdf">SC-12(3)</reference>
          <reference href="http://nvlpubs.nist.gov/nistpubs/SpecialPublications/NIST.SP.800-53r4.pdf">CM-6(a)</reference>
          <reference href="https://nvlpubs.nist.gov/nistpubs/CSWP/NIST.CSWP.04162018.pdf">PR.DS-6</reference>
          <reference href="https://nvlpubs.nist.gov/nistpubs/CSWP/NIST.CSWP.04162018.pdf">PR.DS-8</reference>
          <reference href="https://nvlpubs.nist.gov/nistpubs/CSWP/NIST.CSWP.04162018.pdf">PR.IP-1</reference>
          <reference href="https://www.pcisecuritystandards.org/documents/PCI_DSS_v3-2-1.pdf">Req-6.2</reference>
          <reference href="https://www.cyber.mil/stigs/downloads/?_dl_facet_stigs=operating-systems%2Cgeneral-purpose-os">SRG-OS-000366-GPOS-00153</reference>
          <reference href="https://docs-prv.pcisecuritystandards.org/PCI%20DSS/Standard/PCI-DSS-v4_0.pdf">6.3.3</reference>
          <reference href="https://docs-prv.pcisecuritystandards.org/PCI%20DSS/Standard/PCI-DSS-v4_0.pdf">6.3</reference>
          <rationale xmlns:xhtml="http://www.w3.org/1999/xhtml" xml:lang="en-US">Changes to software components can have significant effects on the overall
security of the operating system. This requirement ensures the software has
not been tampered with and that it has been provided by a trusted vendor.
The SUSE GPG key is necessary to cryptographically verify packages are
from SUSE.</rationale>
          <ident system="https://ncp.nist.gov/cce">CCE-85796-1</ident>
          <fix xmlns:xhtml="http://www.w3.org/1999/xhtml" id="ensure_suse_gpgkey_installed" system="urn:xccdf:fix:script:sh"># The fingerprint below is retrieved from https://www.suse.com/support/security/keys/
readonly SUSE_RELEASE_FINGERPRINT="FEAB502539D846DB2C0961CA70AF9E8139DB7C82"


# Location of the key we would like to import (once it's integrity verified)
readonly SUSE_RELEASE_KEY_PATTERN="/usr/lib/rpm/gnupg/keys/*.asc"

RPM_GPG_DIR_PERMS=$(stat -c %a /usr/lib/rpm/gnupg/keys)

# Verify keys directory permissions are safe
if [ "${RPM_GPG_DIR_PERMS}" -le "755" ]
then

  for KEYFILE in $SUSE_RELEASE_KEY_PATTERN; do
  # If they are safe, try to obtain fingerprints from the key file
  # (to ensure there won't be e.g. CRC error).
      readarray -t GPG_OUT &lt; &lt;(gpg --with-fingerprint --with-colons "$KEYFILE" | grep -A1 "^pub" | grep "^fpr" | cut -d ":" -f 10)
      GPG_RESULT=$?
      # No CRC error, safe to proceed
      if [ "${GPG_RESULT}" -eq "0" ]
      then
          echo "${GPG_OUT[*]}" | grep -vE "${SUSE_RELEASE_FINGERPRINT}" || {
              # In this rule we care on of release build key so we will skip possible keys for backports, etc
              rpm --import "${KEYFILE}"
              break;
          }
      fi
  done
fi
</fix>
          <fix xmlns:xhtml="http://www.w3.org/1999/xhtml" id="ensure_suse_gpgkey_installed" system="urn:xccdf:fix:script:ansible" complexity="medium" disruption="medium" strategy="restrict">- name: Read permission of GPG key directory
  ansible.builtin.stat:
    path: /usr/lib/rpm/gnupg/keys
  register: suse_gpg_key_directory_permission
  check_mode: false
  tags:
  - CCE-85796-1
  - CJIS-5.10.4.1
  - NIST-800-171-3.4.8
  - NIST-800-53-CM-5(3)
  - NIST-800-53-CM-6(a)
  - NIST-800-53-SC-12
  - NIST-800-53-SC-12(3)
  - NIST-800-53-SI-7
  - PCI-DSS-Req-6.2
  - PCI-DSSv4-6.3
  - PCI-DSSv4-6.3.3
  - ensure_suse_gpgkey_installed
  - high_severity
  - medium_complexity
  - medium_disruption
  - no_reboot_needed
  - restrict_strategy

- name: Set Valid fingerprint
  ansible.builtin.set_fact:
    suse_gpg_valid_fingerprints: FEAB502539D846DB2C0961CA70AF9E8139DB7C82
  tags:
  - CCE-85796-1
  - CJIS-5.10.4.1
  - NIST-800-171-3.4.8
  - NIST-800-53-CM-5(3)
  - NIST-800-53-CM-6(a)
  - NIST-800-53-SC-12
  - NIST-800-53-SC-12(3)
  - NIST-800-53-SI-7
  - PCI-DSS-Req-6.2
  - PCI-DSSv4-6.3
  - PCI-DSSv4-6.3.3
  - ensure_suse_gpgkey_installed
  - high_severity
  - medium_complexity
  - medium_disruption
  - no_reboot_needed
  - restrict_strategy

- name: Read signatures in GPG key
  ansible.builtin.shell: |-
    set -o pipefail
    gpg --with-fingerprint --with-colons "{{ item }}" | grep -A1 "^pub" | grep "^fpr" | cut -d ":" -f 10
  changed_when: false
  register: suse_gpg_fingerprints
  check_mode: false
  with_fileglob: /usr/lib/rpm/gnupg/keys/*.asc
  tags:
  - CCE-85796-1
  - CJIS-5.10.4.1
  - NIST-800-171-3.4.8
  - NIST-800-53-CM-5(3)
  - NIST-800-53-CM-6(a)
  - NIST-800-53-SC-12
  - NIST-800-53-SC-12(3)
  - NIST-800-53-SI-7
  - PCI-DSS-Req-6.2
  - PCI-DSSv4-6.3
  - PCI-DSSv4-6.3.3
  - ensure_suse_gpgkey_installed
  - high_severity
  - medium_complexity
  - medium_disruption
  - no_reboot_needed
  - restrict_strategy

- name: Import SUSE GPG key
  ansible.builtin.rpm_key:
    state: present
    key: '{{ item.item }}'
  when:
  - suse_gpg_key_directory_permission.stat.mode &lt;= '0755'
  - item.stdout == suse_gpg_valid_fingerprints
  - suse_gpg_fingerprints | length &gt; 0
  with_items: '{{ suse_gpg_fingerprints.results }}'
  tags:
  - CCE-85796-1
  - CJIS-5.10.4.1
  - NIST-800-171-3.4.8
  - NIST-800-53-CM-5(3)
  - NIST-800-53-CM-6(a)
  - NIST-800-53-SC-12
  - NIST-800-53-SC-12(3)
  - NIST-800-53-SI-7
  - PCI-DSS-Req-6.2
  - PCI-DSSv4-6.3
  - PCI-DSSv4-6.3.3
  - ensure_suse_gpgkey_installed
  - high_severity
  - medium_complexity
  - medium_disruption
  - no_reboot_needed
  - restrict_strategy
</fix>
          <check system="http://oval.mitre.org/XMLSchema/oval-definitions-5">
            <check-content-ref name="oval:ssg-ensure_suse_gpgkey_installed:def:1" href="ssg-sle15-oval.xml"/>
          </check>
          <check system="http://scap.nist.gov/schema/ocil/2">
            <check-content-ref name="ocil:ssg-ensure_suse_gpgkey_installed_ocil:questionnaire:1" href="ssg-sle15-ocil.xml"/>
          </check>
        </Rule>
        <Rule id="xccdf_org.ssgproject.content_rule_security_patches_up_to_date" selected="false" role="full" severity="medium">
          <title xmlns:xhtml="http://www.w3.org/1999/xhtml" xml:lang="en-US">Ensure Software Patches Installed</title>
          <description xmlns:xhtml="http://www.w3.org/1999/xhtml" xml:lang="en-US">
If the system is configured for online updates, invoking the following command will list available
security updates:
<html:pre xmlns:html="http://www.w3.org/1999/xhtml">$ sudo zypper refresh &amp;&amp; sudo zypper list-patches -g security</html:pre>
        <html:br xmlns:html="http://www.w3.org/1999/xhtml"/>
        <html:br xmlns:html="http://www.w3.org/1999/xhtml"/>
NOTE: U.S. Defense systems are required to be patched within 30 days or sooner as local policy
dictates.</description>
          <warning xmlns:xhtml="http://www.w3.org/1999/xhtml" xml:lang="en-US" category="general">The OVAL feed of SUSE Linux Enterprise 15 is not a XML file, which may not be understood by all scanners.</warning>
          <reference href="https://www.cisecurity.org/controls/">18</reference>
          <reference href="https://www.cisecurity.org/controls/">20</reference>
          <reference href="https://www.cisecurity.org/controls/">4</reference>
          <reference href="https://www.fbi.gov/file-repository/cjis-security-policy-v5_5_20160601-2-1.pdf">5.10.4.1</reference>
          <reference href="https://www.isaca.org/resources/cobit">APO12.01</reference>
          <reference href="https://www.isaca.org/resources/cobit">APO12.02</reference>
          <reference href="https://www.isaca.org/resources/cobit">APO12.03</reference>
          <reference href="https://www.isaca.org/resources/cobit">APO12.04</reference>
          <reference href="https://www.isaca.org/resources/cobit">BAI03.10</reference>
          <reference href="https://www.isaca.org/resources/cobit">DSS05.01</reference>
          <reference href="https://www.isaca.org/resources/cobit">DSS05.02</reference>
          <reference href="https://www.isa.org/products/isa-62443-2-1-2009-security-for-industrial-automat">4.2.3</reference>
          <reference href="https://www.isa.org/products/isa-62443-2-1-2009-security-for-industrial-automat">4.2.3.12</reference>
          <reference href="https://www.isa.org/products/isa-62443-2-1-2009-security-for-industrial-automat">4.2.3.7</reference>
          <reference href="https://www.isa.org/products/isa-62443-2-1-2009-security-for-industrial-automat">4.2.3.9</reference>
          <reference href="https://www.iso.org/contents/data/standard/05/45/54534.html">A.12.6.1</reference>
          <reference href="https://www.iso.org/contents/data/standard/05/45/54534.html">A.14.2.3</reference>
          <reference href="https://www.iso.org/contents/data/standard/05/45/54534.html">A.16.1.3</reference>
          <reference href="https://www.iso.org/contents/data/standard/05/45/54534.html">A.18.2.2</reference>
          <reference href="https://www.iso.org/contents/data/standard/05/45/54534.html">A.18.2.3</reference>
          <reference href="http://nvlpubs.nist.gov/nistpubs/SpecialPublications/NIST.SP.800-53r4.pdf">SI-2(5)</reference>
          <reference href="http://nvlpubs.nist.gov/nistpubs/SpecialPublications/NIST.SP.800-53r4.pdf">SI-2(c)</reference>
          <reference href="http://nvlpubs.nist.gov/nistpubs/SpecialPublications/NIST.SP.800-53r4.pdf">CM-6(a)</reference>
          <reference href="https://nvlpubs.nist.gov/nistpubs/CSWP/NIST.CSWP.04162018.pdf">ID.RA-1</reference>
          <reference href="https://nvlpubs.nist.gov/nistpubs/CSWP/NIST.CSWP.04162018.pdf">PR.IP-12</reference>
          <reference href="https://www.niap-ccevs.org/Profile/PP.cfm">FMT_MOF_EXT.1</reference>
          <reference href="https://www.pcisecuritystandards.org/documents/PCI_DSS_v3-2-1.pdf">Req-6.2</reference>
          <reference href="https://www.cyber.mil/stigs/downloads/?_dl_facet_stigs=operating-systems%2Cgeneral-purpose-os">SRG-OS-000480-GPOS-00227</reference>
          <reference href="https://www.cyber.mil/stigs/downloads/?_dl_facet_stigs=operating-systems%2Cunix-linux">SLES-15-010010</reference>
          <reference href="https://www.cisecurity.org/benchmark/suse_linux/">1.9</reference>
          <reference href="https://cyber.gouv.fr/sites/default/files/document/linux_configuration-en-v2.pdf">R61</reference>
          <reference href="not_publicly_available">SLES-15-150300075</reference>
          <reference href="https://www.cyber.gov.au/acsc/view-all-content/ism">1409</reference>
          <reference href="https://docs-prv.pcisecuritystandards.org/PCI%20DSS/Standard/PCI-DSS-v4_0.pdf">6.3.3</reference>
          <reference href="https://docs-prv.pcisecuritystandards.org/PCI%20DSS/Standard/PCI-DSS-v4_0.pdf">6.3</reference>
          <reference href="https://www.cyber.mil/stigs/srg-stig-tools/">SV-234802r991589_rule</reference>
          <rationale xmlns:xhtml="http://www.w3.org/1999/xhtml" xml:lang="en-US">Installing software updates is a fundamental mitigation against
the exploitation of publicly-known vulnerabilities. If the most
recent security patches and updates are not installed, unauthorized
users may take advantage of weaknesses in the unpatched software. The
lack of prompt attention to patching could result in a system compromise.</rationale>
          <ident system="https://ncp.nist.gov/cce">CCE-83261-8</ident>
          <fix xmlns:xhtml="http://www.w3.org/1999/xhtml" id="security_patches_up_to_date" system="urn:xccdf:fix:script:sh" reboot="true" complexity="low" disruption="high" strategy="patch">

zypper patch -g security -y
</fix>
          <fix xmlns:xhtml="http://www.w3.org/1999/xhtml" id="security_patches_up_to_date" system="urn:xccdf:fix:script:ansible" reboot="true" complexity="low" disruption="high" strategy="patch">- name: Security patches are up to date
  ansible.builtin.package:
    name: '*'
    state: latest
  tags:
  - CCE-83261-8
  - CJIS-5.10.4.1
  - DISA-STIG-SLES-15-010010
  - NIST-800-53-CM-6(a)
  - NIST-800-53-SI-2(5)
  - NIST-800-53-SI-2(c)
  - PCI-DSS-Req-6.2
  - PCI-DSSv4-6.3
  - PCI-DSSv4-6.3.3
  - high_disruption
  - low_complexity
  - medium_severity
  - patch_strategy
  - reboot_required
  - security_patches_up_to_date
  - skip_ansible_lint
</fix>
          <check system="http://oval.mitre.org/XMLSchema/oval-definitions-5" multi-check="true">
            <check-content-ref href="pub-projects-security-oval-suse.linux.enterprise.15-patch.xml.bz2"/>
          </check>
        </Rule>
      </Group>
    </Group>
    <Group id="xccdf_org.ssgproject.content_group_accounts">
      <title xmlns:xhtml="http://www.w3.org/1999/xhtml" xml:lang="en-US">Account and Access Control</title>
      <description xmlns:xhtml="http://www.w3.org/1999/xhtml" xml:lang="en-US">In traditional Unix security, if an attacker gains
shell access to a certain login account, they can perform any action
or access any file to which that account has access. Therefore,
making it more difficult for unauthorized people to gain shell
access to accounts, particularly to privileged accounts, is a
necessary part of securing a system. This section introduces
mechanisms for restricting access to accounts under
SUSE Linux Enterprise 15.</description>
      <Value id="xccdf_org.ssgproject.content_value_var_authselect_profile" type="string">
        <title xmlns:xhtml="http://www.w3.org/1999/xhtml" xml:lang="en-US">Authselect profile</title>
        <description xmlns:xhtml="http://www.w3.org/1999/xhtml" xml:lang="en-US">Specify the authselect profile to select</description>
        <value selector="local">local</value>
        <value>minimal</value>
        <value selector="minimal">minimal</value>
        <value selector="sssd">sssd</value>
      </Value>
      <Group id="xccdf_org.ssgproject.content_group_accounts-banners">
        <title xmlns:xhtml="http://www.w3.org/1999/xhtml" xml:lang="en-US">Warning Banners for System Accesses</title>
        <description xmlns:xhtml="http://www.w3.org/1999/xhtml" xml:lang="en-US">Each system should expose as little information about
itself as possible.
<html:br xmlns:html="http://www.w3.org/1999/xhtml"/>
       <html:br xmlns:html="http://www.w3.org/1999/xhtml"/>
System banners, which are typically displayed just before a
login prompt, give out information about the service or the host's
operating system. This might include the distribution name and the
system kernel version, and the particular version of a network
service. This information can assist intruders in gaining access to
the system as it can reveal whether the system is running
vulnerable software. Most network services can be configured to
limit what information is displayed.
<html:br xmlns:html="http://www.w3.org/1999/xhtml"/>
       <html:br xmlns:html="http://www.w3.org/1999/xhtml"/>
Many organizations implement security policies that require a
system banner provide notice of the system's ownership, provide
warning to unauthorized users, and remind authorized users of their
consent to monitoring.</description>
        <Value id="xccdf_org.ssgproject.content_value_login_banner_text" type="string">
          <title xmlns:xhtml="http://www.w3.org/1999/xhtml" xml:lang="en-US">Login Banner Verbiage</title>
          <description xmlns:xhtml="http://www.w3.org/1999/xhtml" xml:lang="en-US">Enter an appropriate login banner for your organization. Please note that new lines must
be expressed by the '\n' character and special characters like parentheses and quotation marks must be escaped with '\\'.</description>
          <value selector="cis_banners">^(Authorized[\s\n]+users[\s\n]+only\.[\s\n]+All[\s\n]+activity[\s\n]+may[\s\n]+be[\s\n]+monitored[\s\n]+and[\s\n]+reported\.|^(?!.*(\\|fedora|rhel|sle|ubuntu)).*)$</value>
          <value selector="cis_default">^Authorized[\s\n]+users[\s\n]+only\.[\s\n]+All[\s\n]+activity[\s\n]+may[\s\n]+be[\s\n]+monitored[\s\n]+and[\s\n]+reported\.$</value>
          <value selector="dod_banners">^(You[\s\n]+are[\s\n]+accessing[\s\n]+a[\s\n]+U\.S\.[\s\n]+Government[\s\n]+\(USG\)[\s\n]+Information[\s\n]+System[\s\n]+\(IS\)[\s\n]+that[\s\n]+is[\s\n]+provided[\s\n]+for[\s\n]+USG\-authorized[\s\n]+use[\s\n]+only\.[\s\n]+By[\s\n]+using[\s\n]+this[\s\n]+IS[\s\n]+\(which[\s\n]+includes[\s\n]+any[\s\n]+device[\s\n]+attached[\s\n]+to[\s\n]+this[\s\n]+IS\),[\s\n]+you[\s\n]+consent[\s\n]+to[\s\n]+the[\s\n]+following[\s\n]+conditions\:(?:[\n]+|(?:\\n)+)\-The[\s\n]+USG[\s\n]+routinely[\s\n]+intercepts[\s\n]+and[\s\n]+monitors[\s\n]+communications[\s\n]+on[\s\n]+this[\s\n]+IS[\s\n]+for[\s\n]+purposes[\s\n]+including,[\s\n]+but[\s\n]+not[\s\n]+limited[\s\n]+to,[\s\n]+penetration[\s\n]+testing,[\s\n]+COMSEC[\s\n]+monitoring,[\s\n]+network[\s\n]+operations[\s\n]+and[\s\n]+defense,[\s\n]+personnel[\s\n]+misconduct[\s\n]+\(PM\),[\s\n]+law[\s\n]+enforcement[\s\n]+\(LE\),[\s\n]+and[\s\n]+counterintelligence[\s\n]+\(CI\)[\s\n]+investigations\.(?:[\n]+|(?:\\n)+)\-At[\s\n]+any[\s\n]+time,[\s\n]+the[\s\n]+USG[\s\n]+may[\s\n]+inspect[\s\n]+and[\s\n]+seize[\s\n]+data[\s\n]+stored[\s\n]+on[\s\n]+this[\s\n]+IS\.(?:[\n]+|(?:\\n)+)\-Communications[\s\n]+using,[\s\n]+or[\s\n]+data[\s\n]+stored[\s\n]+on,[\s\n]+this[\s\n]+IS[\s\n]+are[\s\n]+not[\s\n]+private,[\s\n]+are[\s\n]+subject[\s\n]+to[\s\n]+routine[\s\n]+monitoring,[\s\n]+interception,[\s\n]+and[\s\n]+search,[\s\n]+and[\s\n]+may[\s\n]+be[\s\n]+disclosed[\s\n]+or[\s\n]+used[\s\n]+for[\s\n]+any[\s\n]+USG\-authorized[\s\n]+purpose\.(?:[\n]+|(?:\\n)+)\-This[\s\n]+IS[\s\n]+includes[\s\n]+security[\s\n]+measures[\s\n]+\(e\.g\.,[\s\n]+authentication[\s\n]+and[\s\n]+access[\s\n]+controls\)[\s\n]+to[\s\n]+protect[\s\n]+USG[\s\n]+interests\-\-not[\s\n]+for[\s\n]+your[\s\n]+personal[\s\n]+benefit[\s\n]+or[\s\n]+privacy\.(?:[\n]+|(?:\\n)+)\-Notwithstanding[\s\n]+the[\s\n]+above,[\s\n]+using[\s\n]+this[\s\n]+IS[\s\n]+does[\s\n]+not[\s\n]+constitute[\s\n]+consent[\s\n]+to[\s\n]+PM,[\s\n]+LE[\s\n]+or[\s\n]+CI[\s\n]+investigative[\s\n]+searching[\s\n]+or[\s\n]+monitoring[\s\n]+of[\s\n]+the[\s\n]+content[\s\n]+of[\s\n]+privileged[\s\n]+communications,[\s\n]+or[\s\n]+work[\s\n]+product,[\s\n]+related[\s\n]+to[\s\n]+personal[\s\n]+representation[\s\n]+or[\s\n]+services[\s\n]+by[\s\n]+attorneys,[\s\n]+psychotherapists,[\s\n]+or[\s\n]+clergy,[\s\n]+and[\s\n]+their[\s\n]+assistants\.[\s\n]+Such[\s\n]+communications[\s\n]+and[\s\n]+work[\s\n]+product[\s\n]+are[\s\n]+private[\s\n]+and[\s\n]+confidential\.[\s\n]+See[\s\n]+User[\s\n]+Agreement[\s\n]+for[\s\n]+details\.|I've[\s\n]+read[\s\n]+\&amp;[\s\n]+consent[\s\n]+to[\s\n]+terms[\s\n]+in[\s\n]+IS[\s\n]+user[\s\n]+agreem't\.)$</value>
          <value selector="dod_default">^You[\s\n]+are[\s\n]+accessing[\s\n]+a[\s\n]+U\.S\.[\s\n]+Government[\s\n]+\(USG\)[\s\n]+Information[\s\n]+System[\s\n]+\(IS\)[\s\n]+that[\s\n]+is[\s\n]+provided[\s\n]+for[\s\n]+USG\-authorized[\s\n]+use[\s\n]+only\.[\s\n]+By[\s\n]+using[\s\n]+this[\s\n]+IS[\s\n]+\(which[\s\n]+includes[\s\n]+any[\s\n]+device[\s\n]+attached[\s\n]+to[\s\n]+this[\s\n]+IS\),[\s\n]+you[\s\n]+consent[\s\n]+to[\s\n]+the[\s\n]+following[\s\n]+conditions\:(?:[\n]+|(?:\\n)+)\-The[\s\n]+USG[\s\n]+routinely[\s\n]+intercepts[\s\n]+and[\s\n]+monitors[\s\n]+communications[\s\n]+on[\s\n]+this[\s\n]+IS[\s\n]+for[\s\n]+purposes[\s\n]+including,[\s\n]+but[\s\n]+not[\s\n]+limited[\s\n]+to,[\s\n]+penetration[\s\n]+testing,[\s\n]+COMSEC[\s\n]+monitoring,[\s\n]+network[\s\n]+operations[\s\n]+and[\s\n]+defense,[\s\n]+personnel[\s\n]+misconduct[\s\n]+\(PM\),[\s\n]+law[\s\n]+enforcement[\s\n]+\(LE\),[\s\n]+and[\s\n]+counterintelligence[\s\n]+\(CI\)[\s\n]+investigations\.(?:[\n]+|(?:\\n)+)\-At[\s\n]+any[\s\n]+time,[\s\n]+the[\s\n]+USG[\s\n]+may[\s\n]+inspect[\s\n]+and[\s\n]+seize[\s\n]+data[\s\n]+stored[\s\n]+on[\s\n]+this[\s\n]+IS\.(?:[\n]+|(?:\\n)+)\-Communications[\s\n]+using,[\s\n]+or[\s\n]+data[\s\n]+stored[\s\n]+on,[\s\n]+this[\s\n]+IS[\s\n]+are[\s\n]+not[\s\n]+private,[\s\n]+are[\s\n]+subject[\s\n]+to[\s\n]+routine[\s\n]+monitoring,[\s\n]+interception,[\s\n]+and[\s\n]+search,[\s\n]+and[\s\n]+may[\s\n]+be[\s\n]+disclosed[\s\n]+or[\s\n]+used[\s\n]+for[\s\n]+any[\s\n]+USG\-authorized[\s\n]+purpose\.(?:[\n]+|(?:\\n)+)\-This[\s\n]+IS[\s\n]+includes[\s\n]+security[\s\n]+measures[\s\n]+\(e\.g\.,[\s\n]+authentication[\s\n]+and[\s\n]+access[\s\n]+controls\)[\s\n]+to[\s\n]+protect[\s\n]+USG[\s\n]+interests\-\-not[\s\n]+for[\s\n]+your[\s\n]+personal[\s\n]+benefit[\s\n]+or[\s\n]+privacy\.(?:[\n]+|(?:\\n)+)\-Notwithstanding[\s\n]+the[\s\n]+above,[\s\n]+using[\s\n]+this[\s\n]+IS[\s\n]+does[\s\n]+not[\s\n]+constitute[\s\n]+consent[\s\n]+to[\s\n]+PM,[\s\n]+LE[\s\n]+or[\s\n]+CI[\s\n]+investigative[\s\n]+searching[\s\n]+or[\s\n]+monitoring[\s\n]+of[\s\n]+the[\s\n]+content[\s\n]+of[\s\n]+privileged[\s\n]+communications,[\s\n]+or[\s\n]+work[\s\n]+product,[\s\n]+related[\s\n]+to[\s\n]+personal[\s\n]+representation[\s\n]+or[\s\n]+services[\s\n]+by[\s\n]+attorneys,[\s\n]+psychotherapists,[\s\n]+or[\s\n]+clergy,[\s\n]+and[\s\n]+their[\s\n]+assistants\.[\s\n]+Such[\s\n]+communications[\s\n]+and[\s\n]+work[\s\n]+product[\s\n]+are[\s\n]+private[\s\n]+and[\s\n]+confidential\.[\s\n]+See[\s\n]+User[\s\n]+Agreement[\s\n]+for[\s\n]+details\.$</value>
          <value selector="dod_short">^I've[\s\n]+read[\s\n]+\&amp;[\s\n]+consent[\s\n]+to[\s\n]+terms[\s\n]+in[\s\n]+IS[\s\n]+user[\s\n]+agreem't\.$</value>
          <value selector="dss_odaa_default">^Use[\s\n]+of[\s\n]+this[\s\n]+or[\s\n]+any[\s\n]+other[\s\n]+DoD[\s\n]+interest[\s\n]+computer[\s\n]+system[\s\n]+constitutes[\s\n]+consent[\s\n]+to[\s\n]+monitoring[\s\n]+at[\s\n]+all[\s\n]+times\.[\s\n]+This[\s\n]+is[\s\n]+a[\s\n]+DoD[\s\n]+interest[\s\n]+computer[\s\n]+system\.[\s\n]+All[\s\n]+DoD[\s\n]+interest[\s\n]+computer[\s\n]+systems[\s\n]+and[\s\n]+related[\s\n]+equipment[\s\n]+are[\s\n]+intended[\s\n]+for[\s\n]+the[\s\n]+communication,[\s\n]+transmission,[\s\n]+processing,[\s\n]+and[\s\n]+storage[\s\n]+of[\s\n]+official[\s\n]+U\.S\.[\s\n]+Government[\s\n]+or[\s\n]+other[\s\n]+authorized[\s\n]+information[\s\n]+only\.[\s\n]+All[\s\n]+DoD[\s\n]+interest[\s\n]+computer[\s\n]+systems[\s\n]+are[\s\n]+subject[\s\n]+to[\s\n]+monitoring[\s\n]+at[\s\n]+all[\s\n]+times[\s\n]+to[\s\n]+ensure[\s\n]+proper[\s\n]+functioning[\s\n]+of[\s\n]+equipment[\s\n]+and[\s\n]+systems[\s\n]+including[\s\n]+security[\s\n]+devices[\s\n]+and[\s\n]+systems,[\s\n]+to[\s\n]+prevent[\s\n]+unauthorized[\s\n]+use[\s\n]+and[\s\n]+violations[\s\n]+of[\s\n]+statutes[\s\n]+and[\s\n]+security[\s\n]+regulations,[\s\n]+to[\s\n]+deter[\s\n]+criminal[\s\n]+activity,[\s\n]+and[\s\n]+for[\s\n]+other[\s\n]+similar[\s\n]+purposes\.[\s\n]+Any[\s\n]+user[\s\n]+of[\s\n]+a[\s\n]+DoD[\s\n]+interest[\s\n]+computer[\s\n]+system[\s\n]+should[\s\n]+be[\s\n]+aware[\s\n]+that[\s\n]+any[\s\n]+information[\s\n]+placed[\s\n]+in[\s\n]+the[\s\n]+system[\s\n]+is[\s\n]+subject[\s\n]+to[\s\n]+monitoring[\s\n]+and[\s\n]+is[\s\n]+not[\s\n]+subject[\s\n]+to[\s\n]+any[\s\n]+expectation[\s\n]+of[\s\n]+privacy\.[\s\n]+If[\s\n]+monitoring[\s\n]+of[\s\n]+this[\s\n]+or[\s\n]+any[\s\n]+other[\s\n]+DoD[\s\n]+interest[\s\n]+computer[\s\n]+system[\s\n]+reveals[\s\n]+possible[\s\n]+evidence[\s\n]+of[\s\n]+violation[\s\n]+of[\s\n]+criminal[\s\n]+statutes,[\s\n]+this[\s\n]+evidence[\s\n]+and[\s\n]+any[\s\n]+other[\s\n]+related[\s\n]+information,[\s\n]+including[\s\n]+identification[\s\n]+information[\s\n]+about[\s\n]+the[\s\n]+user,[\s\n]+may[\s\n]+be[\s\n]+provided[\s\n]+to[\s\n]+law[\s\n]+enforcement[\s\n]+officials\.[\s\n]+If[\s\n]+monitoring[\s\n]+of[\s\n]+this[\s\n]+or[\s\n]+any[\s\n]+other[\s\n]+DoD[\s\n]+interest[\s\n]+computer[\s\n]+systems[\s\n]+reveals[\s\n]+violations[\s\n]+of[\s\n]+security[\s\n]+regulations[\s\n]+or[\s\n]+unauthorized[\s\n]+use,[\s\n]+employees[\s\n]+who[\s\n]+violate[\s\n]+security[\s\n]+regulations[\s\n]+or[\s\n]+make[\s\n]+unauthorized[\s\n]+use[\s\n]+of[\s\n]+DoD[\s\n]+interest[\s\n]+computer[\s\n]+systems[\s\n]+are[\s\n]+subject[\s\n]+to[\s\n]+appropriate[\s\n]+disciplinary[\s\n]+action\.[\s\n]+Use[\s\n]+of[\s\n]+this[\s\n]+or[\s\n]+any[\s\n]+other[\s\n]+DoD[\s\n]+interest[\s\n]+computer[\s\n]+system[\s\n]+constitutes[\s\n]+consent[\s\n]+to[\s\n]+monitoring[\s\n]+at[\s\n]+all[\s\n]+times\.$</value>
          <value selector="usgcb_default">^\-\-[\s\n]+WARNING[\s\n]+\-\-[\s\n]+This[\s\n]+system[\s\n]+is[\s\n]+for[\s\n]+the[\s\n]+use[\s\n]+of[\s\n]+authorized[\s\n]+users[\s\n]+only\.[\s\n]+Individuals[\s\n]+using[\s\n]+this[\s\n]+computer[\s\n]+system[\s\n]+without[\s\n]+authority[\s\n]+or[\s\n]+in[\s\n]+excess[\s\n]+of[\s\n]+their[\s\n]+authority[\s\n]+are[\s\n]+subject[\s\n]+to[\s\n]+having[\s\n]+all[\s\n]+their[\s\n]+activities[\s\n]+on[\s\n]+this[\s\n]+system[\s\n]+monitored[\s\n]+and[\s\n]+recorded[\s\n]+by[\s\n]+system[\s\n]+personnel\.[\s\n]+Anyone[\s\n]+using[\s\n]+this[\s\n]+system[\s\n]+expressly[\s\n]+consents[\s\n]+to[\s\n]+such[\s\n]+monitoring[\s\n]+and[\s\n]+is[\s\n]+advised[\s\n]+that[\s\n]+if[\s\n]+such[\s\n]+monitoring[\s\n]+reveals[\s\n]+possible[\s\n]+evidence[\s\n]+of[\s\n]+criminal[\s\n]+activity[\s\n]+system[\s\n]+personal[\s\n]+may[\s\n]+provide[\s\n]+the[\s\n]+evidence[\s\n]+of[\s\n]+such[\s\n]+monitoring[\s\n]+to[\s\n]+law[\s\n]+enforcement[\s\n]+officials\.$</value>
          <value>^Authorized[\s\n]+users[\s\n]+only\.[\s\n]+All[\s\n]+activity[\s\n]+may[\s\n]+be[\s\n]+monitored[\s\n]+and[\s\n]+reported\.$</value>
        </Value>
        <Value id="xccdf_org.ssgproject.content_value_motd_banner_text" type="string">
          <title xmlns:xhtml="http://www.w3.org/1999/xhtml" xml:lang="en-US">MotD Banner Verbiage</title>
          <description xmlns:xhtml="http://www.w3.org/1999/xhtml" xml:lang="en-US">Enter an appropriate login banner for your organization. Please note that new lines must
be expressed by the '\n' character and special characters like parentheses and quotation marks must be escaped with '\\'.</description>
          <value selector="cis_banners">^(Authorized[\s\n]+uses[\s\n]+only\.[\s\n]+All[\s\n]+activity[\s\n]+may[\s\n]+be[\s\n]+monitored[\s\n]+and[\s\n]+reported\.|^(?!.*(\\|fedora|rhel|sle|ubuntu)).*)$</value>
          <value selector="cis_default">^Authorized[\s\n]+uses[\s\n]+only\.[\s\n]+All[\s\n]+activity[\s\n]+may[\s\n]+be[\s\n]+monitored[\s\n]+and[\s\n]+reported\.$</value>
          <value selector="dod_banners">^(You[\s\n]+are[\s\n]+accessing[\s\n]+a[\s\n]+U\.S\.[\s\n]+Government[\s\n]+\(USG\)[\s\n]+Information[\s\n]+System[\s\n]+\(IS\)[\s\n]+that[\s\n]+is[\s\n]+provided[\s\n]+for[\s\n]+USG\-authorized[\s\n]+use[\s\n]+only\.[\s\n]+By[\s\n]+using[\s\n]+this[\s\n]+IS[\s\n]+\(which[\s\n]+includes[\s\n]+any[\s\n]+device[\s\n]+attached[\s\n]+to[\s\n]+this[\s\n]+IS\),[\s\n]+you[\s\n]+consent[\s\n]+to[\s\n]+the[\s\n]+following[\s\n]+conditions\:(?:[\n]+|(?:\\n)+)\-The[\s\n]+USG[\s\n]+routinely[\s\n]+intercepts[\s\n]+and[\s\n]+monitors[\s\n]+communications[\s\n]+on[\s\n]+this[\s\n]+IS[\s\n]+for[\s\n]+purposes[\s\n]+including,[\s\n]+but[\s\n]+not[\s\n]+limited[\s\n]+to,[\s\n]+penetration[\s\n]+testing,[\s\n]+COMSEC[\s\n]+monitoring,[\s\n]+network[\s\n]+operations[\s\n]+and[\s\n]+defense,[\s\n]+personnel[\s\n]+misconduct[\s\n]+\(PM\),[\s\n]+law[\s\n]+enforcement[\s\n]+\(LE\),[\s\n]+and[\s\n]+counterintelligence[\s\n]+\(CI\)[\s\n]+investigations\.(?:[\n]+|(?:\\n)+)\-At[\s\n]+any[\s\n]+time,[\s\n]+the[\s\n]+USG[\s\n]+may[\s\n]+inspect[\s\n]+and[\s\n]+seize[\s\n]+data[\s\n]+stored[\s\n]+on[\s\n]+this[\s\n]+IS\.(?:[\n]+|(?:\\n)+)\-Communications[\s\n]+using,[\s\n]+or[\s\n]+data[\s\n]+stored[\s\n]+on,[\s\n]+this[\s\n]+IS[\s\n]+are[\s\n]+not[\s\n]+private,[\s\n]+are[\s\n]+subject[\s\n]+to[\s\n]+routine[\s\n]+monitoring,[\s\n]+interception,[\s\n]+and[\s\n]+search,[\s\n]+and[\s\n]+may[\s\n]+be[\s\n]+disclosed[\s\n]+or[\s\n]+used[\s\n]+for[\s\n]+any[\s\n]+USG\-authorized[\s\n]+purpose\.(?:[\n]+|(?:\\n)+)\-This[\s\n]+IS[\s\n]+includes[\s\n]+security[\s\n]+measures[\s\n]+\(e\.g\.,[\s\n]+authentication[\s\n]+and[\s\n]+access[\s\n]+controls\)[\s\n]+to[\s\n]+protect[\s\n]+USG[\s\n]+interests\-\-not[\s\n]+for[\s\n]+your[\s\n]+personal[\s\n]+benefit[\s\n]+or[\s\n]+privacy\.(?:[\n]+|(?:\\n)+)\-Notwithstanding[\s\n]+the[\s\n]+above,[\s\n]+using[\s\n]+this[\s\n]+IS[\s\n]+does[\s\n]+not[\s\n]+constitute[\s\n]+consent[\s\n]+to[\s\n]+PM,[\s\n]+LE[\s\n]+or[\s\n]+CI[\s\n]+investigative[\s\n]+searching[\s\n]+or[\s\n]+monitoring[\s\n]+of[\s\n]+the[\s\n]+content[\s\n]+of[\s\n]+privileged[\s\n]+communications,[\s\n]+or[\s\n]+work[\s\n]+product,[\s\n]+related[\s\n]+to[\s\n]+personal[\s\n]+representation[\s\n]+or[\s\n]+services[\s\n]+by[\s\n]+attorneys,[\s\n]+psychotherapists,[\s\n]+or[\s\n]+clergy,[\s\n]+and[\s\n]+their[\s\n]+assistants\.[\s\n]+Such[\s\n]+communications[\s\n]+and[\s\n]+work[\s\n]+product[\s\n]+are[\s\n]+private[\s\n]+and[\s\n]+confidential\.[\s\n]+See[\s\n]+User[\s\n]+Agreement[\s\n]+for[\s\n]+details\.|I've[\s\n]+read[\s\n]+\&amp;[\s\n]+consent[\s\n]+to[\s\n]+terms[\s\n]+in[\s\n]+IS[\s\n]+user[\s\n]+agreem't\.)$</value>
          <value selector="dod_default">^You[\s\n]+are[\s\n]+accessing[\s\n]+a[\s\n]+U\.S\.[\s\n]+Government[\s\n]+\(USG\)[\s\n]+Information[\s\n]+System[\s\n]+\(IS\)[\s\n]+that[\s\n]+is[\s\n]+provided[\s\n]+for[\s\n]+USG\-authorized[\s\n]+use[\s\n]+only\.[\s\n]+By[\s\n]+using[\s\n]+this[\s\n]+IS[\s\n]+\(which[\s\n]+includes[\s\n]+any[\s\n]+device[\s\n]+attached[\s\n]+to[\s\n]+this[\s\n]+IS\),[\s\n]+you[\s\n]+consent[\s\n]+to[\s\n]+the[\s\n]+following[\s\n]+conditions\:(?:[\n]+|(?:\\n)+)\-The[\s\n]+USG[\s\n]+routinely[\s\n]+intercepts[\s\n]+and[\s\n]+monitors[\s\n]+communications[\s\n]+on[\s\n]+this[\s\n]+IS[\s\n]+for[\s\n]+purposes[\s\n]+including,[\s\n]+but[\s\n]+not[\s\n]+limited[\s\n]+to,[\s\n]+penetration[\s\n]+testing,[\s\n]+COMSEC[\s\n]+monitoring,[\s\n]+network[\s\n]+operations[\s\n]+and[\s\n]+defense,[\s\n]+personnel[\s\n]+misconduct[\s\n]+\(PM\),[\s\n]+law[\s\n]+enforcement[\s\n]+\(LE\),[\s\n]+and[\s\n]+counterintelligence[\s\n]+\(CI\)[\s\n]+investigations\.(?:[\n]+|(?:\\n)+)\-At[\s\n]+any[\s\n]+time,[\s\n]+the[\s\n]+USG[\s\n]+may[\s\n]+inspect[\s\n]+and[\s\n]+seize[\s\n]+data[\s\n]+stored[\s\n]+on[\s\n]+this[\s\n]+IS\.(?:[\n]+|(?:\\n)+)\-Communications[\s\n]+using,[\s\n]+or[\s\n]+data[\s\n]+stored[\s\n]+on,[\s\n]+this[\s\n]+IS[\s\n]+are[\s\n]+not[\s\n]+private,[\s\n]+are[\s\n]+subject[\s\n]+to[\s\n]+routine[\s\n]+monitoring,[\s\n]+interception,[\s\n]+and[\s\n]+search,[\s\n]+and[\s\n]+may[\s\n]+be[\s\n]+disclosed[\s\n]+or[\s\n]+used[\s\n]+for[\s\n]+any[\s\n]+USG\-authorized[\s\n]+purpose\.(?:[\n]+|(?:\\n)+)\-This[\s\n]+IS[\s\n]+includes[\s\n]+security[\s\n]+measures[\s\n]+\(e\.g\.,[\s\n]+authentication[\s\n]+and[\s\n]+access[\s\n]+controls\)[\s\n]+to[\s\n]+protect[\s\n]+USG[\s\n]+interests\-\-not[\s\n]+for[\s\n]+your[\s\n]+personal[\s\n]+benefit[\s\n]+or[\s\n]+privacy\.(?:[\n]+|(?:\\n)+)\-Notwithstanding[\s\n]+the[\s\n]+above,[\s\n]+using[\s\n]+this[\s\n]+IS[\s\n]+does[\s\n]+not[\s\n]+constitute[\s\n]+consent[\s\n]+to[\s\n]+PM,[\s\n]+LE[\s\n]+or[\s\n]+CI[\s\n]+investigative[\s\n]+searching[\s\n]+or[\s\n]+monitoring[\s\n]+of[\s\n]+the[\s\n]+content[\s\n]+of[\s\n]+privileged[\s\n]+communications,[\s\n]+or[\s\n]+work[\s\n]+product,[\s\n]+related[\s\n]+to[\s\n]+personal[\s\n]+representation[\s\n]+or[\s\n]+services[\s\n]+by[\s\n]+attorneys,[\s\n]+psychotherapists,[\s\n]+or[\s\n]+clergy,[\s\n]+and[\s\n]+their[\s\n]+assistants\.[\s\n]+Such[\s\n]+communications[\s\n]+and[\s\n]+work[\s\n]+product[\s\n]+are[\s\n]+private[\s\n]+and[\s\n]+confidential\.[\s\n]+See[\s\n]+User[\s\n]+Agreement[\s\n]+for[\s\n]+details\.$</value>
          <value selector="dod_short">^I've[\s\n]+read[\s\n]+\&amp;[\s\n]+consent[\s\n]+to[\s\n]+terms[\s\n]+in[\s\n]+IS[\s\n]+user[\s\n]+agreem't\.$</value>
          <value selector="dss_odaa_default">^Use[\s\n]+of[\s\n]+this[\s\n]+or[\s\n]+any[\s\n]+other[\s\n]+DoD[\s\n]+interest[\s\n]+computer[\s\n]+system[\s\n]+constitutes[\s\n]+consent[\s\n]+to[\s\n]+monitoring[\s\n]+at[\s\n]+all[\s\n]+times\.[\s\n]+This[\s\n]+is[\s\n]+a[\s\n]+DoD[\s\n]+interest[\s\n]+computer[\s\n]+system\.[\s\n]+All[\s\n]+DoD[\s\n]+interest[\s\n]+computer[\s\n]+systems[\s\n]+and[\s\n]+related[\s\n]+equipment[\s\n]+are[\s\n]+intended[\s\n]+for[\s\n]+the[\s\n]+communication,[\s\n]+transmission,[\s\n]+processing,[\s\n]+and[\s\n]+storage[\s\n]+of[\s\n]+official[\s\n]+U\.S\.[\s\n]+Government[\s\n]+or[\s\n]+other[\s\n]+authorized[\s\n]+information[\s\n]+only\.[\s\n]+All[\s\n]+DoD[\s\n]+interest[\s\n]+computer[\s\n]+systems[\s\n]+are[\s\n]+subject[\s\n]+to[\s\n]+monitoring[\s\n]+at[\s\n]+all[\s\n]+times[\s\n]+to[\s\n]+ensure[\s\n]+proper[\s\n]+functioning[\s\n]+of[\s\n]+equipment[\s\n]+and[\s\n]+systems[\s\n]+including[\s\n]+security[\s\n]+devices[\s\n]+and[\s\n]+systems,[\s\n]+to[\s\n]+prevent[\s\n]+unauthorized[\s\n]+use[\s\n]+and[\s\n]+violations[\s\n]+of[\s\n]+statutes[\s\n]+and[\s\n]+security[\s\n]+regulations,[\s\n]+to[\s\n]+deter[\s\n]+criminal[\s\n]+activity,[\s\n]+and[\s\n]+for[\s\n]+other[\s\n]+similar[\s\n]+purposes\.[\s\n]+Any[\s\n]+user[\s\n]+of[\s\n]+a[\s\n]+DoD[\s\n]+interest[\s\n]+computer[\s\n]+system[\s\n]+should[\s\n]+be[\s\n]+aware[\s\n]+that[\s\n]+any[\s\n]+information[\s\n]+placed[\s\n]+in[\s\n]+the[\s\n]+system[\s\n]+is[\s\n]+subject[\s\n]+to[\s\n]+monitoring[\s\n]+and[\s\n]+is[\s\n]+not[\s\n]+subject[\s\n]+to[\s\n]+any[\s\n]+expectation[\s\n]+of[\s\n]+privacy\.[\s\n]+If[\s\n]+monitoring[\s\n]+of[\s\n]+this[\s\n]+or[\s\n]+any[\s\n]+other[\s\n]+DoD[\s\n]+interest[\s\n]+computer[\s\n]+system[\s\n]+reveals[\s\n]+possible[\s\n]+evidence[\s\n]+of[\s\n]+violation[\s\n]+of[\s\n]+criminal[\s\n]+statutes,[\s\n]+this[\s\n]+evidence[\s\n]+and[\s\n]+any[\s\n]+other[\s\n]+related[\s\n]+information,[\s\n]+including[\s\n]+identification[\s\n]+information[\s\n]+about[\s\n]+the[\s\n]+user,[\s\n]+may[\s\n]+be[\s\n]+provided[\s\n]+to[\s\n]+law[\s\n]+enforcement[\s\n]+officials\.[\s\n]+If[\s\n]+monitoring[\s\n]+of[\s\n]+this[\s\n]+or[\s\n]+any[\s\n]+other[\s\n]+DoD[\s\n]+interest[\s\n]+computer[\s\n]+systems[\s\n]+reveals[\s\n]+violations[\s\n]+of[\s\n]+security[\s\n]+regulations[\s\n]+or[\s\n]+unauthorized[\s\n]+use,[\s\n]+employees[\s\n]+who[\s\n]+violate[\s\n]+security[\s\n]+regulations[\s\n]+or[\s\n]+make[\s\n]+unauthorized[\s\n]+use[\s\n]+of[\s\n]+DoD[\s\n]+interest[\s\n]+computer[\s\n]+systems[\s\n]+are[\s\n]+subject[\s\n]+to[\s\n]+appropriate[\s\n]+disciplinary[\s\n]+action\.[\s\n]+Use[\s\n]+of[\s\n]+this[\s\n]+or[\s\n]+any[\s\n]+other[\s\n]+DoD[\s\n]+interest[\s\n]+computer[\s\n]+system[\s\n]+constitutes[\s\n]+consent[\s\n]+to[\s\n]+monitoring[\s\n]+at[\s\n]+all[\s\n]+times\.$</value>
          <value selector="usgcb_default">^\-\-[\s\n]+WARNING[\s\n]+\-\-[\s\n]+This[\s\n]+system[\s\n]+is[\s\n]+for[\s\n]+the[\s\n]+use[\s\n]+of[\s\n]+authorized[\s\n]+users[\s\n]+only\.[\s\n]+Individuals[\s\n]+using[\s\n]+this[\s\n]+computer[\s\n]+system[\s\n]+without[\s\n]+authority[\s\n]+or[\s\n]+in[\s\n]+excess[\s\n]+of[\s\n]+their[\s\n]+authority[\s\n]+are[\s\n]+subject[\s\n]+to[\s\n]+having[\s\n]+all[\s\n]+their[\s\n]+activities[\s\n]+on[\s\n]+this[\s\n]+system[\s\n]+monitored[\s\n]+and[\s\n]+recorded[\s\n]+by[\s\n]+system[\s\n]+personnel\.[\s\n]+Anyone[\s\n]+using[\s\n]+this[\s\n]+system[\s\n]+expressly[\s\n]+consents[\s\n]+to[\s\n]+such[\s\n]+monitoring[\s\n]+and[\s\n]+is[\s\n]+advised[\s\n]+that[\s\n]+if[\s\n]+such[\s\n]+monitoring[\s\n]+reveals[\s\n]+possible[\s\n]+evidence[\s\n]+of[\s\n]+criminal[\s\n]+activity[\s\n]+system[\s\n]+personal[\s\n]+may[\s\n]+provide[\s\n]+the[\s\n]+evidence[\s\n]+of[\s\n]+such[\s\n]+monitoring[\s\n]+to[\s\n]+law[\s\n]+enforcement[\s\n]+officials\.$</value>
          <value>^Authorized[\s\n]+uses[\s\n]+only\.[\s\n]+All[\s\n]+activity[\s\n]+may[\s\n]+be[\s\n]+monitored[\s\n]+and[\s\n]+reported\.$</value>
        </Value>
        <Value id="xccdf_org.ssgproject.content_value_remote_login_banner_text" type="string">
          <title xmlns:xhtml="http://www.w3.org/1999/xhtml" xml:lang="en-US">Remote Login Banner Verbiage</title>
          <description xmlns:xhtml="http://www.w3.org/1999/xhtml" xml:lang="en-US">Enter an appropriate login banner for your organization. Please note that new lines must
be expressed by the '\n' character and special characters like parentheses and quotation marks must be escaped with '\\'.</description>
          <value selector="cis_banners">^(Authorized[\s\n]+uses[\s\n]+only\.[\s\n]+All[\s\n]+activity[\s\n]+may[\s\n]+be[\s\n]+monitored[\s\n]+and[\s\n]+reported\.|^(?!.*(\\|fedora|rhel|sle|ubuntu)).*)$</value>
          <value selector="cis_default">^Authorized[\s\n]+uses[\s\n]+only\.[\s\n]+All[\s\n]+activity[\s\n]+may[\s\n]+be[\s\n]+monitored[\s\n]+and[\s\n]+reported\.$</value>
          <value selector="dod_banners">^(You[\s\n]+are[\s\n]+accessing[\s\n]+a[\s\n]+U\.S\.[\s\n]+Government[\s\n]+\(USG\)[\s\n]+Information[\s\n]+System[\s\n]+\(IS\)[\s\n]+that[\s\n]+is[\s\n]+provided[\s\n]+for[\s\n]+USG\-authorized[\s\n]+use[\s\n]+only\.[\s\n]+By[\s\n]+using[\s\n]+this[\s\n]+IS[\s\n]+\(which[\s\n]+includes[\s\n]+any[\s\n]+device[\s\n]+attached[\s\n]+to[\s\n]+this[\s\n]+IS\),[\s\n]+you[\s\n]+consent[\s\n]+to[\s\n]+the[\s\n]+following[\s\n]+conditions\:(?:[\n]+|(?:\\n)+)\-The[\s\n]+USG[\s\n]+routinely[\s\n]+intercepts[\s\n]+and[\s\n]+monitors[\s\n]+communications[\s\n]+on[\s\n]+this[\s\n]+IS[\s\n]+for[\s\n]+purposes[\s\n]+including,[\s\n]+but[\s\n]+not[\s\n]+limited[\s\n]+to,[\s\n]+penetration[\s\n]+testing,[\s\n]+COMSEC[\s\n]+monitoring,[\s\n]+network[\s\n]+operations[\s\n]+and[\s\n]+defense,[\s\n]+personnel[\s\n]+misconduct[\s\n]+\(PM\),[\s\n]+law[\s\n]+enforcement[\s\n]+\(LE\),[\s\n]+and[\s\n]+counterintelligence[\s\n]+\(CI\)[\s\n]+investigations\.(?:[\n]+|(?:\\n)+)\-At[\s\n]+any[\s\n]+time,[\s\n]+the[\s\n]+USG[\s\n]+may[\s\n]+inspect[\s\n]+and[\s\n]+seize[\s\n]+data[\s\n]+stored[\s\n]+on[\s\n]+this[\s\n]+IS\.(?:[\n]+|(?:\\n)+)\-Communications[\s\n]+using,[\s\n]+or[\s\n]+data[\s\n]+stored[\s\n]+on,[\s\n]+this[\s\n]+IS[\s\n]+are[\s\n]+not[\s\n]+private,[\s\n]+are[\s\n]+subject[\s\n]+to[\s\n]+routine[\s\n]+monitoring,[\s\n]+interception,[\s\n]+and[\s\n]+search,[\s\n]+and[\s\n]+may[\s\n]+be[\s\n]+disclosed[\s\n]+or[\s\n]+used[\s\n]+for[\s\n]+any[\s\n]+USG\-authorized[\s\n]+purpose\.(?:[\n]+|(?:\\n)+)\-This[\s\n]+IS[\s\n]+includes[\s\n]+security[\s\n]+measures[\s\n]+\(e\.g\.,[\s\n]+authentication[\s\n]+and[\s\n]+access[\s\n]+controls\)[\s\n]+to[\s\n]+protect[\s\n]+USG[\s\n]+interests\-\-not[\s\n]+for[\s\n]+your[\s\n]+personal[\s\n]+benefit[\s\n]+or[\s\n]+privacy\.(?:[\n]+|(?:\\n)+)\-Notwithstanding[\s\n]+the[\s\n]+above,[\s\n]+using[\s\n]+this[\s\n]+IS[\s\n]+does[\s\n]+not[\s\n]+constitute[\s\n]+consent[\s\n]+to[\s\n]+PM,[\s\n]+LE[\s\n]+or[\s\n]+CI[\s\n]+investigative[\s\n]+searching[\s\n]+or[\s\n]+monitoring[\s\n]+of[\s\n]+the[\s\n]+content[\s\n]+of[\s\n]+privileged[\s\n]+communications,[\s\n]+or[\s\n]+work[\s\n]+product,[\s\n]+related[\s\n]+to[\s\n]+personal[\s\n]+representation[\s\n]+or[\s\n]+services[\s\n]+by[\s\n]+attorneys,[\s\n]+psychotherapists,[\s\n]+or[\s\n]+clergy,[\s\n]+and[\s\n]+their[\s\n]+assistants\.[\s\n]+Such[\s\n]+communications[\s\n]+and[\s\n]+work[\s\n]+product[\s\n]+are[\s\n]+private[\s\n]+and[\s\n]+confidential\.[\s\n]+See[\s\n]+User[\s\n]+Agreement[\s\n]+for[\s\n]+details\.|I've[\s\n]+read[\s\n]+\&amp;[\s\n]+consent[\s\n]+to[\s\n]+terms[\s\n]+in[\s\n]+IS[\s\n]+user[\s\n]+agreem't\.)$</value>
          <value selector="dod_default">^You[\s\n]+are[\s\n]+accessing[\s\n]+a[\s\n]+U\.S\.[\s\n]+Government[\s\n]+\(USG\)[\s\n]+Information[\s\n]+System[\s\n]+\(IS\)[\s\n]+that[\s\n]+is[\s\n]+provided[\s\n]+for[\s\n]+USG\-authorized[\s\n]+use[\s\n]+only\.[\s\n]+By[\s\n]+using[\s\n]+this[\s\n]+IS[\s\n]+\(which[\s\n]+includes[\s\n]+any[\s\n]+device[\s\n]+attached[\s\n]+to[\s\n]+this[\s\n]+IS\),[\s\n]+you[\s\n]+consent[\s\n]+to[\s\n]+the[\s\n]+following[\s\n]+conditions\:(?:[\n]+|(?:\\n)+)\-The[\s\n]+USG[\s\n]+routinely[\s\n]+intercepts[\s\n]+and[\s\n]+monitors[\s\n]+communications[\s\n]+on[\s\n]+this[\s\n]+IS[\s\n]+for[\s\n]+purposes[\s\n]+including,[\s\n]+but[\s\n]+not[\s\n]+limited[\s\n]+to,[\s\n]+penetration[\s\n]+testing,[\s\n]+COMSEC[\s\n]+monitoring,[\s\n]+network[\s\n]+operations[\s\n]+and[\s\n]+defense,[\s\n]+personnel[\s\n]+misconduct[\s\n]+\(PM\),[\s\n]+law[\s\n]+enforcement[\s\n]+\(LE\),[\s\n]+and[\s\n]+counterintelligence[\s\n]+\(CI\)[\s\n]+investigations\.(?:[\n]+|(?:\\n)+)\-At[\s\n]+any[\s\n]+time,[\s\n]+the[\s\n]+USG[\s\n]+may[\s\n]+inspect[\s\n]+and[\s\n]+seize[\s\n]+data[\s\n]+stored[\s\n]+on[\s\n]+this[\s\n]+IS\.(?:[\n]+|(?:\\n)+)\-Communications[\s\n]+using,[\s\n]+or[\s\n]+data[\s\n]+stored[\s\n]+on,[\s\n]+this[\s\n]+IS[\s\n]+are[\s\n]+not[\s\n]+private,[\s\n]+are[\s\n]+subject[\s\n]+to[\s\n]+routine[\s\n]+monitoring,[\s\n]+interception,[\s\n]+and[\s\n]+search,[\s\n]+and[\s\n]+may[\s\n]+be[\s\n]+disclosed[\s\n]+or[\s\n]+used[\s\n]+for[\s\n]+any[\s\n]+USG\-authorized[\s\n]+purpose\.(?:[\n]+|(?:\\n)+)\-This[\s\n]+IS[\s\n]+includes[\s\n]+security[\s\n]+measures[\s\n]+\(e\.g\.,[\s\n]+authentication[\s\n]+and[\s\n]+access[\s\n]+controls\)[\s\n]+to[\s\n]+protect[\s\n]+USG[\s\n]+interests\-\-not[\s\n]+for[\s\n]+your[\s\n]+personal[\s\n]+benefit[\s\n]+or[\s\n]+privacy\.(?:[\n]+|(?:\\n)+)\-Notwithstanding[\s\n]+the[\s\n]+above,[\s\n]+using[\s\n]+this[\s\n]+IS[\s\n]+does[\s\n]+not[\s\n]+constitute[\s\n]+consent[\s\n]+to[\s\n]+PM,[\s\n]+LE[\s\n]+or[\s\n]+CI[\s\n]+investigative[\s\n]+searching[\s\n]+or[\s\n]+monitoring[\s\n]+of[\s\n]+the[\s\n]+content[\s\n]+of[\s\n]+privileged[\s\n]+communications,[\s\n]+or[\s\n]+work[\s\n]+product,[\s\n]+related[\s\n]+to[\s\n]+personal[\s\n]+representation[\s\n]+or[\s\n]+services[\s\n]+by[\s\n]+attorneys,[\s\n]+psychotherapists,[\s\n]+or[\s\n]+clergy,[\s\n]+and[\s\n]+their[\s\n]+assistants\.[\s\n]+Such[\s\n]+communications[\s\n]+and[\s\n]+work[\s\n]+product[\s\n]+are[\s\n]+private[\s\n]+and[\s\n]+confidential\.[\s\n]+See[\s\n]+User[\s\n]+Agreement[\s\n]+for[\s\n]+details\.$</value>
          <value selector="dod_short">^I've[\s\n]+read[\s\n]+\&amp;[\s\n]+consent[\s\n]+to[\s\n]+terms[\s\n]+in[\s\n]+IS[\s\n]+user[\s\n]+agreem't\.$</value>
          <value selector="dss_odaa_default">^Use[\s\n]+of[\s\n]+this[\s\n]+or[\s\n]+any[\s\n]+other[\s\n]+DoD[\s\n]+interest[\s\n]+computer[\s\n]+system[\s\n]+constitutes[\s\n]+consent[\s\n]+to[\s\n]+monitoring[\s\n]+at[\s\n]+all[\s\n]+times\.[\s\n]+This[\s\n]+is[\s\n]+a[\s\n]+DoD[\s\n]+interest[\s\n]+computer[\s\n]+system\.[\s\n]+All[\s\n]+DoD[\s\n]+interest[\s\n]+computer[\s\n]+systems[\s\n]+and[\s\n]+related[\s\n]+equipment[\s\n]+are[\s\n]+intended[\s\n]+for[\s\n]+the[\s\n]+communication,[\s\n]+transmission,[\s\n]+processing,[\s\n]+and[\s\n]+storage[\s\n]+of[\s\n]+official[\s\n]+U\.S\.[\s\n]+Government[\s\n]+or[\s\n]+other[\s\n]+authorized[\s\n]+information[\s\n]+only\.[\s\n]+All[\s\n]+DoD[\s\n]+interest[\s\n]+computer[\s\n]+systems[\s\n]+are[\s\n]+subject[\s\n]+to[\s\n]+monitoring[\s\n]+at[\s\n]+all[\s\n]+times[\s\n]+to[\s\n]+ensure[\s\n]+proper[\s\n]+functioning[\s\n]+of[\s\n]+equipment[\s\n]+and[\s\n]+systems[\s\n]+including[\s\n]+security[\s\n]+devices[\s\n]+and[\s\n]+systems,[\s\n]+to[\s\n]+prevent[\s\n]+unauthorized[\s\n]+use[\s\n]+and[\s\n]+violations[\s\n]+of[\s\n]+statutes[\s\n]+and[\s\n]+security[\s\n]+regulations,[\s\n]+to[\s\n]+deter[\s\n]+criminal[\s\n]+activity,[\s\n]+and[\s\n]+for[\s\n]+other[\s\n]+similar[\s\n]+purposes\.[\s\n]+Any[\s\n]+user[\s\n]+of[\s\n]+a[\s\n]+DoD[\s\n]+interest[\s\n]+computer[\s\n]+system[\s\n]+should[\s\n]+be[\s\n]+aware[\s\n]+that[\s\n]+any[\s\n]+information[\s\n]+placed[\s\n]+in[\s\n]+the[\s\n]+system[\s\n]+is[\s\n]+subject[\s\n]+to[\s\n]+monitoring[\s\n]+and[\s\n]+is[\s\n]+not[\s\n]+subject[\s\n]+to[\s\n]+any[\s\n]+expectation[\s\n]+of[\s\n]+privacy\.[\s\n]+If[\s\n]+monitoring[\s\n]+of[\s\n]+this[\s\n]+or[\s\n]+any[\s\n]+other[\s\n]+DoD[\s\n]+interest[\s\n]+computer[\s\n]+system[\s\n]+reveals[\s\n]+possible[\s\n]+evidence[\s\n]+of[\s\n]+violation[\s\n]+of[\s\n]+criminal[\s\n]+statutes,[\s\n]+this[\s\n]+evidence[\s\n]+and[\s\n]+any[\s\n]+other[\s\n]+related[\s\n]+information,[\s\n]+including[\s\n]+identification[\s\n]+information[\s\n]+about[\s\n]+the[\s\n]+user,[\s\n]+may[\s\n]+be[\s\n]+provided[\s\n]+to[\s\n]+law[\s\n]+enforcement[\s\n]+officials\.[\s\n]+If[\s\n]+monitoring[\s\n]+of[\s\n]+this[\s\n]+or[\s\n]+any[\s\n]+other[\s\n]+DoD[\s\n]+interest[\s\n]+computer[\s\n]+systems[\s\n]+reveals[\s\n]+violations[\s\n]+of[\s\n]+security[\s\n]+regulations[\s\n]+or[\s\n]+unauthorized[\s\n]+use,[\s\n]+employees[\s\n]+who[\s\n]+violate[\s\n]+security[\s\n]+regulations[\s\n]+or[\s\n]+make[\s\n]+unauthorized[\s\n]+use[\s\n]+of[\s\n]+DoD[\s\n]+interest[\s\n]+computer[\s\n]+systems[\s\n]+are[\s\n]+subject[\s\n]+to[\s\n]+appropriate[\s\n]+disciplinary[\s\n]+action\.[\s\n]+Use[\s\n]+of[\s\n]+this[\s\n]+or[\s\n]+any[\s\n]+other[\s\n]+DoD[\s\n]+interest[\s\n]+computer[\s\n]+system[\s\n]+constitutes[\s\n]+consent[\s\n]+to[\s\n]+monitoring[\s\n]+at[\s\n]+all[\s\n]+times\.$</value>
          <value selector="usgcb_default">^\-\-[\s\n]+WARNING[\s\n]+\-\-[\s\n]+This[\s\n]+system[\s\n]+is[\s\n]+for[\s\n]+the[\s\n]+use[\s\n]+of[\s\n]+authorized[\s\n]+users[\s\n]+only\.[\s\n]+Individuals[\s\n]+using[\s\n]+this[\s\n]+computer[\s\n]+system[\s\n]+without[\s\n]+authority[\s\n]+or[\s\n]+in[\s\n]+excess[\s\n]+of[\s\n]+their[\s\n]+authority[\s\n]+are[\s\n]+subject[\s\n]+to[\s\n]+having[\s\n]+all[\s\n]+their[\s\n]+activities[\s\n]+on[\s\n]+this[\s\n]+system[\s\n]+monitored[\s\n]+and[\s\n]+recorded[\s\n]+by[\s\n]+system[\s\n]+personnel\.[\s\n]+Anyone[\s\n]+using[\s\n]+this[\s\n]+system[\s\n]+expressly[\s\n]+consents[\s\n]+to[\s\n]+such[\s\n]+monitoring[\s\n]+and[\s\n]+is[\s\n]+advised[\s\n]+that[\s\n]+if[\s\n]+such[\s\n]+monitoring[\s\n]+reveals[\s\n]+possible[\s\n]+evidence[\s\n]+of[\s\n]+criminal[\s\n]+activity[\s\n]+system[\s\n]+personal[\s\n]+may[\s\n]+provide[\s\n]+the[\s\n]+evidence[\s\n]+of[\s\n]+such[\s\n]+monitoring[\s\n]+to[\s\n]+law[\s\n]+enforcement[\s\n]+officials\.$</value>
          <value>^Authorized[\s\n]+uses[\s\n]+only\.[\s\n]+All[\s\n]+activity[\s\n]+may[\s\n]+be[\s\n]+monitored[\s\n]+and[\s\n]+reported\.$</value>
        </Value>
        <Rule id="xccdf_org.ssgproject.content_rule_banner_etc_issue" selected="false" role="full" severity="medium">
          <title xmlns:xhtml="http://www.w3.org/1999/xhtml" xml:lang="en-US">Modify the System Login Banner</title>
          <description xmlns:xhtml="http://www.w3.org/1999/xhtml" xml:lang="en-US">
To configure the system login banner edit <html:code xmlns:html="http://www.w3.org/1999/xhtml">/etc/issue</html:code>. Replace the
default text with a message compliant with the local site policy or a legal
disclaimer.


The DoD required text is either:
<html:br xmlns:html="http://www.w3.org/1999/xhtml"/>
        <html:br xmlns:html="http://www.w3.org/1999/xhtml"/>
        <html:code xmlns:html="http://www.w3.org/1999/xhtml">You are accessing a U.S. Government (USG) Information System (IS) that
is provided for USG-authorized use only. By using this IS (which includes
any device attached to this IS), you consent to the following conditions:
<html:br/>-The USG routinely intercepts and monitors communications on this IS
for purposes including, but not limited to, penetration testing, COMSEC
monitoring, network operations and defense, personnel misconduct (PM), law
enforcement (LE), and counterintelligence (CI) investigations.
<html:br/>-At any time, the USG may inspect and seize data stored on this IS.
<html:br/>-Communications using, or data stored on, this IS are not private,
are subject to routine monitoring, interception, and search, and may be
disclosed or used for any USG-authorized purpose.
<html:br/>-This IS includes security measures (e.g., authentication and access
controls) to protect USG interests -- not for your personal benefit or
privacy.
<html:br/>-Notwithstanding the above, using this IS does not constitute consent
to PM, LE or CI investigative searching or monitoring of the content of
privileged communications, or work product, related to personal
representation or services by attorneys, psychotherapists, or clergy, and
their assistants. Such communications and work product are private and
confidential. See User Agreement for details.</html:code>
        <html:br xmlns:html="http://www.w3.org/1999/xhtml"/>
        <html:br xmlns:html="http://www.w3.org/1999/xhtml"/>
OR:
<html:br xmlns:html="http://www.w3.org/1999/xhtml"/>
        <html:br xmlns:html="http://www.w3.org/1999/xhtml"/>
        <html:code xmlns:html="http://www.w3.org/1999/xhtml">I've read &amp; consent to terms in IS user agreem't.</html:code>
       </description>
          <reference href="https://www.cisecurity.org/controls/">1</reference>
          <reference href="https://www.cisecurity.org/controls/">12</reference>
          <reference href="https://www.cisecurity.org/controls/">15</reference>
          <reference href="https://www.cisecurity.org/controls/">16</reference>
          <reference href="https://www.isaca.org/resources/cobit">DSS05.04</reference>
          <reference href="https://www.isaca.org/resources/cobit">DSS05.10</reference>
          <reference href="https://www.isaca.org/resources/cobit">DSS06.10</reference>
          <reference href="http://nvlpubs.nist.gov/nistpubs/SpecialPublications/NIST.SP.800-171.pdf">3.1.9</reference>
          <reference href="https://www.isa.org/products/isa-62443-2-1-2009-security-for-industrial-automat">4.3.3.6.1</reference>
          <reference href="https://www.isa.org/products/isa-62443-2-1-2009-security-for-industrial-automat">4.3.3.6.2</reference>
          <reference href="https://www.isa.org/products/isa-62443-2-1-2009-security-for-industrial-automat">4.3.3.6.3</reference>
          <reference href="https://www.isa.org/products/isa-62443-2-1-2009-security-for-industrial-automat">4.3.3.6.4</reference>
          <reference href="https://www.isa.org/products/isa-62443-2-1-2009-security-for-industrial-automat">4.3.3.6.5</reference>
          <reference href="https://www.isa.org/products/isa-62443-2-1-2009-security-for-industrial-automat">4.3.3.6.6</reference>
          <reference href="https://www.isa.org/products/isa-62443-2-1-2009-security-for-industrial-automat">4.3.3.6.7</reference>
          <reference href="https://www.isa.org/products/isa-62443-2-1-2009-security-for-industrial-automat">4.3.3.6.8</reference>
          <reference href="https://www.isa.org/products/isa-62443-2-1-2009-security-for-industrial-automat">4.3.3.6.9</reference>
          <reference href="https://www.isa.org/products/ansi-isa-62443-3-3-99-03-03-2013-security-for-indu">SR 1.1</reference>
          <reference href="https://www.isa.org/products/ansi-isa-62443-3-3-99-03-03-2013-security-for-indu">SR 1.10</reference>
          <reference href="https://www.isa.org/products/ansi-isa-62443-3-3-99-03-03-2013-security-for-indu">SR 1.2</reference>
          <reference href="https://www.isa.org/products/ansi-isa-62443-3-3-99-03-03-2013-security-for-indu">SR 1.5</reference>
          <reference href="https://www.isa.org/products/ansi-isa-62443-3-3-99-03-03-2013-security-for-indu">SR 1.7</reference>
          <reference href="https://www.isa.org/products/ansi-isa-62443-3-3-99-03-03-2013-security-for-indu">SR 1.8</reference>
          <reference href="https://www.isa.org/products/ansi-isa-62443-3-3-99-03-03-2013-security-for-indu">SR 1.9</reference>
          <reference href="https://www.iso.org/contents/data/standard/05/45/54534.html">A.18.1.4</reference>
          <reference href="https://www.iso.org/contents/data/standard/05/45/54534.html">A.9.2.1</reference>
          <reference href="https://www.iso.org/contents/data/standard/05/45/54534.html">A.9.2.4</reference>
          <reference href="https://www.iso.org/contents/data/standard/05/45/54534.html">A.9.3.1</reference>
          <reference href="https://www.iso.org/contents/data/standard/05/45/54534.html">A.9.4.2</reference>
          <reference href="https://www.iso.org/contents/data/standard/05/45/54534.html">A.9.4.3</reference>
          <reference href="http://nvlpubs.nist.gov/nistpubs/SpecialPublications/NIST.SP.800-53r4.pdf">AC-8(a)</reference>
          <reference href="http://nvlpubs.nist.gov/nistpubs/SpecialPublications/NIST.SP.800-53r4.pdf">AC-8(c)</reference>
          <reference href="https://nvlpubs.nist.gov/nistpubs/CSWP/NIST.CSWP.04162018.pdf">PR.AC-7</reference>
          <reference href="https://www.cyber.mil/stigs/downloads/?_dl_facet_stigs=operating-systems%2Cgeneral-purpose-os">SRG-OS-000023-GPOS-00006</reference>
          <reference href="https://www.cyber.mil/stigs/downloads/?_dl_facet_stigs=operating-systems%2Cgeneral-purpose-os">SRG-OS-000228-GPOS-00088</reference>
          <reference href="https://www.cyber.mil/stigs/downloads/?_dl_facet_stigs=operating-systems%2Cunix-linux">SLES-15-010020</reference>
          <reference href="https://www.cisecurity.org/benchmark/suse_linux/">1.8.1.2</reference>
          <reference href="not_publicly_available">SLES-15-151050030</reference>
          <reference href="https://www.cyber.mil/stigs/srg-stig-tools/">SV-234803r958390_rule</reference>
          <rationale xmlns:xhtml="http://www.w3.org/1999/xhtml" xml:lang="en-US">Display of a standardized and approved use notification before granting
access to the operating system ensures privacy and security notification
verbiage used is consistent with applicable federal laws, Executive Orders,
directives, policies, regulations, standards, and guidance.
<html:br xmlns:html="http://www.w3.org/1999/xhtml"/>
        <html:br xmlns:html="http://www.w3.org/1999/xhtml"/>
System use notifications are required only for access via login interfaces
with human users and are not required when such human interfaces do not
exist.</rationale>
          <platform idref="#system_with_kernel"/>
          <ident system="https://ncp.nist.gov/cce">CCE-83262-6</ident>
          <fix xmlns:xhtml="http://www.w3.org/1999/xhtml" id="banner_etc_issue" system="urn:xccdf:fix:script:sh"># Remediation is applicable only in certain platforms
if rpm --quiet -q kernel-default || rpm --quiet -q kernel-default-base; then

login_banner_text='<xccdf-1.2:sub xmlns:xccdf-1.2="http://checklists.nist.gov/xccdf/1.2" idref="xccdf_org.ssgproject.content_value_login_banner_text" use="legacy"/>'

# Multiple regexes transform the banner regex into a usable banner
# 0 - Remove anchors around the banner text
login_banner_text=$(echo "$login_banner_text" | sed 's/^\^\(.*\)\$$/\1/g')
# 1 - Keep only the first banners if there are multiple
#    (dod_banners contains the long and short banner)
login_banner_text=$(echo "$login_banner_text" | sed 's/^(\(.*\.\)|.*)$/\1/g')
# 2 - Add spaces ' '. (Transforms regex for "space or newline" into a " ")
login_banner_text=$(echo "$login_banner_text" | sed 's/\[\\s\\n\]+/ /g')
# 3 - Adds newlines. (Transforms "(?:\[\\n\]+|(?:\\n)+)" into "\n")
login_banner_text=$(echo "$login_banner_text" | sed 's/(?:\[\\n\]+|(?:\\\\n)+)/\n/g')
# 4 - Remove any leftover backslash. (From any parenthesis in the banner, for example).
login_banner_text=$(echo "$login_banner_text" | sed 's/\\//g')
formatted=$(echo "$login_banner_text" | fold -sw 80)
zypper install -y "issue-generator"
cat &lt;&lt;EOF &gt;/etc/issue.d/99-oscap-setting
$formatted
EOF
/usr/bin/systemctl enable "issue-generator"
if [[ $(/usr/bin/systemctl is-system-running) != "offline" ]]; then
/usr/bin/systemctl start "issue-generator"
fi
# The service may not be running because it has been started and failed,
# so let's reset the state so OVAL checks pass.
# Service should be 'inactive', not 'failed' after reboot though.
if /usr/bin/systemctl --failed | grep -q "issue-generator"; then
    /usr/bin/systemctl reset-failed "issue-generator"
fi

else
    &gt;&amp;2 echo 'Remediation is not applicable, nothing was done'
fi
</fix>
          <fix xmlns:xhtml="http://www.w3.org/1999/xhtml" id="banner_etc_issue" system="urn:xccdf:fix:script:ansible" complexity="low" disruption="medium">- name: Gather the package facts
  package_facts:
    manager: auto
  tags:
  - CCE-83262-6
  - DISA-STIG-SLES-15-010020
  - NIST-800-171-3.1.9
  - NIST-800-53-AC-8(a)
  - NIST-800-53-AC-8(c)
  - banner_etc_issue
  - low_complexity
  - medium_disruption
  - medium_severity
  - no_reboot_needed
  - unknown_strategy
- name: XCCDF Value login_banner_text # promote to variable
  set_fact:
    login_banner_text: !!str <xccdf-1.2:sub xmlns:xccdf-1.2="http://checklists.nist.gov/xccdf/1.2" idref="xccdf_org.ssgproject.content_value_login_banner_text" use="legacy"/>
  tags:
    - always

- name: Modify the System Login Banner Ensure issue-generator is Installed
  ansible.builtin.package:
    name: issue-generator
    state: present
  when: ("kernel-default" in ansible_facts.packages or "kernel-default-base" in ansible_facts.packages)
  tags:
  - CCE-83262-6
  - DISA-STIG-SLES-15-010020
  - NIST-800-171-3.1.9
  - NIST-800-53-AC-8(a)
  - NIST-800-53-AC-8(c)
  - banner_etc_issue
  - low_complexity
  - medium_disruption
  - medium_severity
  - no_reboot_needed
  - unknown_strategy

- name: Modify the System Login Banner - Ensure Correct Banner
  ansible.builtin.copy:
    dest: /etc/issue.d/99-oscap-setting
    content: '{{ login_banner_text | regex_replace("^\^(.*)\$$", "\1") | regex_replace("^\((.*\.)\|.*\)$",
      "\1") | regex_replace("\[\\s\\n\]\+"," ") | regex_replace("\(\?:\[\\n\]\+\|\(\?:\\\\n\)\+\)",
      "\n") | regex_replace("\\", "") | wordwrap() }}'
  when: ("kernel-default" in ansible_facts.packages or "kernel-default-base" in ansible_facts.packages)
  tags:
  - CCE-83262-6
  - DISA-STIG-SLES-15-010020
  - NIST-800-171-3.1.9
  - NIST-800-53-AC-8(a)
  - NIST-800-53-AC-8(c)
  - banner_etc_issue
  - low_complexity
  - medium_disruption
  - medium_severity
  - no_reboot_needed
  - unknown_strategy

- name: Modify the System Login Banner - Restart issue-generator Service on Issue
    Configuration Change
  ansible.builtin.systemd:
    name: issue-generator
    enabled: 'yes'
    state: restarted
    masked: 'no'
  when: ("kernel-default" in ansible_facts.packages or "kernel-default-base" in ansible_facts.packages)
  tags:
  - CCE-83262-6
  - DISA-STIG-SLES-15-010020
  - NIST-800-171-3.1.9
  - NIST-800-53-AC-8(a)
  - NIST-800-53-AC-8(c)
  - banner_etc_issue
  - low_complexity
  - medium_disruption
  - medium_severity
  - no_reboot_needed
  - unknown_strategy
</fix>
          <check system="http://oval.mitre.org/XMLSchema/oval-definitions-5">
            <check-export export-name="oval:ssg-login_banner_text:var:1" value-id="xccdf_org.ssgproject.content_value_login_banner_text"/>
            <check-content-ref name="oval:ssg-banner_etc_issue:def:1" href="ssg-sle15-oval.xml"/>
          </check>
          <check system="http://scap.nist.gov/schema/ocil/2">
            <check-content-ref name="ocil:ssg-banner_etc_issue_ocil:questionnaire:1" href="ssg-sle15-ocil.xml"/>
          </check>
        </Rule>
        <Rule id="xccdf_org.ssgproject.content_rule_banner_etc_issue_net" selected="false" role="full" severity="medium">
          <title xmlns:xhtml="http://www.w3.org/1999/xhtml" xml:lang="en-US">Modify the System Login Banner for Remote Connections</title>
          <description xmlns:xhtml="http://www.w3.org/1999/xhtml" xml:lang="en-US">To configure the system login banner edit <html:code xmlns:html="http://www.w3.org/1999/xhtml">/etc/issue.net</html:code>. Replace the
default text with a message compliant with the local site policy or a legal
disclaimer.

The DoD required text is either:
<html:br xmlns:html="http://www.w3.org/1999/xhtml"/>
        <html:br xmlns:html="http://www.w3.org/1999/xhtml"/>
        <html:code xmlns:html="http://www.w3.org/1999/xhtml">You are accessing a U.S. Government (USG) Information System (IS) that
is provided for USG-authorized use only. By using this IS (which includes
any device attached to this IS), you consent to the following conditions:
<html:br/>-The USG routinely intercepts and monitors communications on this IS
for purposes including, but not limited to, penetration testing, COMSEC
monitoring, network operations and defense, personnel misconduct (PM), law
enforcement (LE), and counterintelligence (CI) investigations.
<html:br/>-At any time, the USG may inspect and seize data stored on this IS.
<html:br/>-Communications using, or data stored on, this IS are not private,
are subject to routine monitoring, interception, and search, and may be
disclosed or used for any USG-authorized purpose.
<html:br/>-This IS includes security measures (e.g., authentication and access
controls) to protect USG interests -- not for your personal benefit or
privacy.
<html:br/>-Notwithstanding the above, using this IS does not constitute consent
to PM, LE or CI investigative searching or monitoring of the content of
privileged communications, or work product, related to personal
representation or services by attorneys, psychotherapists, or clergy, and
their assistants. Such communications and work product are private and
confidential. See User Agreement for details.</html:code>
        <html:br xmlns:html="http://www.w3.org/1999/xhtml"/>
        <html:br xmlns:html="http://www.w3.org/1999/xhtml"/>
OR:
<html:br xmlns:html="http://www.w3.org/1999/xhtml"/>
        <html:br xmlns:html="http://www.w3.org/1999/xhtml"/>
        <html:code xmlns:html="http://www.w3.org/1999/xhtml">I've read &amp; consent to terms in IS user agreem't.</html:code>
       </description>
          <reference href="https://www.cyber.mil/stigs/downloads/?_dl_facet_stigs=operating-systems%2Cgeneral-purpose-os">SRG-OS-000023-GPOS-00006</reference>
          <reference href="https://www.cyber.mil/stigs/downloads/?_dl_facet_stigs=operating-systems%2Cgeneral-purpose-os">SRG-OS-000228-GPOS-00088</reference>
          <reference href="https://www.cisecurity.org/benchmark/suse_linux/">1.8.1.3</reference>
          <reference href="not_publicly_available">SLES-15-151050045</reference>
          <rationale xmlns:xhtml="http://www.w3.org/1999/xhtml" xml:lang="en-US">Display of a standardized and approved use notification before granting
access to the operating system ensures privacy and security notification
verbiage used is consistent with applicable federal laws, Executive Orders,
directives, policies, regulations, standards, and guidance.
<html:br xmlns:html="http://www.w3.org/1999/xhtml"/>
        <html:br xmlns:html="http://www.w3.org/1999/xhtml"/>
System use notifications are required only for access via login interfaces
with human users and are not required when such human interfaces do not
exist.</rationale>
          <platform idref="#system_with_kernel"/>
          <ident system="https://ncp.nist.gov/cce">CCE-91350-9</ident>
          <fix xmlns:xhtml="http://www.w3.org/1999/xhtml" id="banner_etc_issue_net" system="urn:xccdf:fix:script:sh"># Remediation is applicable only in certain platforms
if rpm --quiet -q kernel-default || rpm --quiet -q kernel-default-base; then

remote_login_banner_text='<xccdf-1.2:sub xmlns:xccdf-1.2="http://checklists.nist.gov/xccdf/1.2" idref="xccdf_org.ssgproject.content_value_remote_login_banner_text" use="legacy"/>'


# Multiple regexes transform the banner regex into a usable banner
# 0 - Remove anchors around the banner text
remote_login_banner_text=$(echo "$remote_login_banner_text" | sed 's/^\^\(.*\)\$$/\1/g')
# 1 - Keep only the first banners if there are multiple
#    (dod_banners contains the long and short banner)
remote_login_banner_text=$(echo "$remote_login_banner_text" | sed 's/^(\(.*\.\)|.*)$/\1/g')
# 2 - Add spaces ' '. (Transforms regex for "space or newline" into a " ")
remote_login_banner_text=$(echo "$remote_login_banner_text" | sed 's/\[\\s\\n\]+/ /g')
# 3 - Adds newlines. (Transforms "(?:\[\\n\]+|(?:\\n)+)" into "\n")
remote_login_banner_text=$(echo "$remote_login_banner_text" | sed 's/(?:\[\\n\]+|(?:\\\\n)+)/\n/g')
# 4 - Remove any leftover backslash. (From any parenthesis in the banner, for example).
remote_login_banner_text=$(echo "$remote_login_banner_text" | sed 's/\\//g')
formatted=$(echo "$remote_login_banner_text" | fold -sw 80)

cat &lt;&lt;EOF &gt;/etc/issue.net
$formatted
EOF

else
    &gt;&amp;2 echo 'Remediation is not applicable, nothing was done'
fi
</fix>
          <fix xmlns:xhtml="http://www.w3.org/1999/xhtml" id="banner_etc_issue_net" system="urn:xccdf:fix:script:ansible" complexity="low" disruption="medium">- name: Gather the package facts
  package_facts:
    manager: auto
  tags:
  - CCE-91350-9
  - banner_etc_issue_net
  - low_complexity
  - medium_disruption
  - medium_severity
  - no_reboot_needed
  - unknown_strategy
- name: XCCDF Value remote_login_banner_text # promote to variable
  set_fact:
    remote_login_banner_text: !!str <xccdf-1.2:sub xmlns:xccdf-1.2="http://checklists.nist.gov/xccdf/1.2" idref="xccdf_org.ssgproject.content_value_remote_login_banner_text" use="legacy"/>
  tags:
    - always

- name: Modify the System Login Banner for Remote Connections - ensure correct banner
  ansible.builtin.copy:
    dest: /etc/issue.net
    content: '{{ remote_login_banner_text | regex_replace("^\^(.*)\$$", "\1") | regex_replace("^\((.*\.)\|.*\)$",
      "\1") | regex_replace("\[\\s\\n\]\+"," ") | regex_replace("\(\?:\[\\n\]\+\|\(\?:\\\\n\)\+\)",
      "\n") | regex_replace("\\", "") | wordwrap() }}'
  when: ("kernel-default" in ansible_facts.packages or "kernel-default-base" in ansible_facts.packages)
  tags:
  - CCE-91350-9
  - banner_etc_issue_net
  - low_complexity
  - medium_disruption
  - medium_severity
  - no_reboot_needed
  - unknown_strategy
</fix>
          <check system="http://oval.mitre.org/XMLSchema/oval-definitions-5">
            <check-export export-name="oval:ssg-remote_login_banner_text:var:1" value-id="xccdf_org.ssgproject.content_value_remote_login_banner_text"/>
            <check-content-ref name="oval:ssg-banner_etc_issue_net:def:1" href="ssg-sle15-oval.xml"/>
          </check>
          <check system="http://scap.nist.gov/schema/ocil/2">
            <check-content-ref name="ocil:ssg-banner_etc_issue_net_ocil:questionnaire:1" href="ssg-sle15-ocil.xml"/>
          </check>
        </Rule>
        <Rule id="xccdf_org.ssgproject.content_rule_banner_etc_motd" selected="false" role="full" severity="medium">
          <title xmlns:xhtml="http://www.w3.org/1999/xhtml" xml:lang="en-US">Modify the System Message of the Day Banner</title>
          <description xmlns:xhtml="http://www.w3.org/1999/xhtml" xml:lang="en-US">To configure the system message banner edit <html:code xmlns:html="http://www.w3.org/1999/xhtml">/etc/motd</html:code>. Replace the
default text with a message compliant with the local site policy or a legal
disclaimer.

The DoD required text is either:
<html:br xmlns:html="http://www.w3.org/1999/xhtml"/>
        <html:br xmlns:html="http://www.w3.org/1999/xhtml"/>
        <html:code xmlns:html="http://www.w3.org/1999/xhtml">You are accessing a U.S. Government (USG) Information System (IS) that
is provided for USG-authorized use only. By using this IS (which includes
any device attached to this IS), you consent to the following conditions:
<html:br/>-The USG routinely intercepts and monitors communications on this IS
for purposes including, but not limited to, penetration testing, COMSEC
monitoring, network operations and defense, personnel misconduct (PM), law
enforcement (LE), and counterintelligence (CI) investigations.
<html:br/>-At any time, the USG may inspect and seize data stored on this IS.
<html:br/>-Communications using, or data stored on, this IS are not private,
are subject to routine monitoring, interception, and search, and may be
disclosed or used for any USG-authorized purpose.
<html:br/>-This IS includes security measures (e.g., authentication and access
controls) to protect USG interests -- not for your personal benefit or
privacy.
<html:br/>-Notwithstanding the above, using this IS does not constitute consent
to PM, LE or CI investigative searching or monitoring of the content of
privileged communications, or work product, related to personal
representation or services by attorneys, psychotherapists, or clergy, and
their assistants. Such communications and work product are private and
confidential. See User Agreement for details.</html:code>
        <html:br xmlns:html="http://www.w3.org/1999/xhtml"/>
        <html:br xmlns:html="http://www.w3.org/1999/xhtml"/>
OR:
<html:br xmlns:html="http://www.w3.org/1999/xhtml"/>
        <html:br xmlns:html="http://www.w3.org/1999/xhtml"/>
        <html:code xmlns:html="http://www.w3.org/1999/xhtml">I've read &amp; consent to terms in IS user agreem't.</html:code>
       </description>
          <reference href="https://www.cisecurity.org/benchmark/suse_linux/">1.8.1.1</reference>
          <reference href="not_publicly_available">SLES-15-151050015</reference>
          <rationale xmlns:xhtml="http://www.w3.org/1999/xhtml" xml:lang="en-US">Display of a standardized and approved use notification before granting
access to the operating system ensures privacy and security notification
verbiage used is consistent with applicable federal laws, Executive Orders,
directives, policies, regulations, standards, and guidance.
<html:br xmlns:html="http://www.w3.org/1999/xhtml"/>
        <html:br xmlns:html="http://www.w3.org/1999/xhtml"/>
System use notifications are required only for access via login interfaces
with human users and are not required when such human interfaces do not
exist.</rationale>
          <platform idref="#system_with_kernel"/>
          <ident system="https://ncp.nist.gov/cce">CCE-91349-1</ident>
          <fix xmlns:xhtml="http://www.w3.org/1999/xhtml" id="banner_etc_motd" system="urn:xccdf:fix:script:sh"># Remediation is applicable only in certain platforms
if rpm --quiet -q kernel-default || rpm --quiet -q kernel-default-base; then

motd_banner_text='<xccdf-1.2:sub xmlns:xccdf-1.2="http://checklists.nist.gov/xccdf/1.2" idref="xccdf_org.ssgproject.content_value_motd_banner_text" use="legacy"/>'


# Multiple regexes transform the banner regex into a usable banner
# 0 - Remove anchors around the banner text
motd_banner_text=$(echo "$motd_banner_text" | sed 's/^\^\(.*\)\$$/\1/g')
# 1 - Keep only the first banners if there are multiple
#    (dod_banners contains the long and short banner)
motd_banner_text=$(echo "$motd_banner_text" | sed 's/^(\(.*\.\)|.*)$/\1/g')
# 2 - Add spaces ' '. (Transforms regex for "space or newline" into a " ")
motd_banner_text=$(echo "$motd_banner_text" | sed 's/\[\\s\\n\]+/ /g')
# 3 - Adds newlines. (Transforms "(?:\[\\n\]+|(?:\\n)+)" into "\n")
motd_banner_text=$(echo "$motd_banner_text" | sed 's/(?:\[\\n\]+|(?:\\\\n)+)/\n/g')
# 4 - Remove any leftover backslash. (From any parenthesis in the banner, for example).
motd_banner_text=$(echo "$motd_banner_text" | sed 's/\\//g')
formatted=$(echo "$motd_banner_text" | fold -sw 80)

cat &lt;&lt;EOF &gt;/etc/motd
$formatted
EOF

else
    &gt;&amp;2 echo 'Remediation is not applicable, nothing was done'
fi
</fix>
          <fix xmlns:xhtml="http://www.w3.org/1999/xhtml" id="banner_etc_motd" system="urn:xccdf:fix:script:ansible" complexity="low" disruption="medium">- name: Gather the package facts
  package_facts:
    manager: auto
  tags:
  - CCE-91349-1
  - banner_etc_motd
  - low_complexity
  - medium_disruption
  - medium_severity
  - no_reboot_needed
  - unknown_strategy
- name: XCCDF Value motd_banner_text # promote to variable
  set_fact:
    motd_banner_text: !!str <xccdf-1.2:sub xmlns:xccdf-1.2="http://checklists.nist.gov/xccdf/1.2" idref="xccdf_org.ssgproject.content_value_motd_banner_text" use="legacy"/>
  tags:
    - always

- name: Modify the System Message of the Day Banner - ensure correct banner
  ansible.builtin.copy:
    dest: /etc/motd
    content: '{{ motd_banner_text | regex_replace("^\^(.*)\$$", "\1") | regex_replace("^\((.*\.)\|.*\)$",
      "\1") | regex_replace("\[\\s\\n\]\+"," ") | regex_replace("\(\?:\[\\n\]\+\|\(\?:\\\\n\)\+\)",
      "\n") | regex_replace("\\", "") | wordwrap() }}'
  when: ("kernel-default" in ansible_facts.packages or "kernel-default-base" in ansible_facts.packages)
  tags:
  - CCE-91349-1
  - banner_etc_motd
  - low_complexity
  - medium_disruption
  - medium_severity
  - no_reboot_needed
  - unknown_strategy
</fix>
          <check system="http://oval.mitre.org/XMLSchema/oval-definitions-5">
            <check-export export-name="oval:ssg-motd_banner_text:var:1" value-id="xccdf_org.ssgproject.content_value_motd_banner_text"/>
            <check-content-ref name="oval:ssg-banner_etc_motd:def:1" href="ssg-sle15-oval.xml"/>
          </check>
          <check system="http://scap.nist.gov/schema/ocil/2">
            <check-content-ref name="ocil:ssg-banner_etc_motd_ocil:questionnaire:1" href="ssg-sle15-ocil.xml"/>
          </check>
        </Rule>
        <Rule id="xccdf_org.ssgproject.content_rule_file_groupowner_etc_issue" selected="false" role="full" severity="medium">
          <title xmlns:xhtml="http://www.w3.org/1999/xhtml" xml:lang="en-US">Verify Group Ownership of System Login Banner</title>
          <description xmlns:xhtml="http://www.w3.org/1999/xhtml" xml:lang="en-US">
To properly set the group owner of <html:code xmlns:html="http://www.w3.org/1999/xhtml">/etc/issue</html:code>, run the command:

  <html:pre xmlns:html="http://www.w3.org/1999/xhtml">$ sudo chgrp root /etc/issue</html:pre>
       </description>
          <reference href="https://www.cisecurity.org/benchmark/suse_linux/">1.8.1.5</reference>
          <reference href="not_publicly_available">SLES-15-151050075</reference>
          <rationale xmlns:xhtml="http://www.w3.org/1999/xhtml" xml:lang="en-US">Display of a standardized and approved use notification before granting
access to the operating system ensures privacy and security notification
verbiage used is consistent with applicable federal laws, Executive Orders,
directives, policies, regulations, standards, and guidance.<html:br xmlns:html="http://www.w3.org/1999/xhtml"/>
Proper group ownership will ensure that only root user can modify the banner.</rationale>
          <ident system="https://ncp.nist.gov/cce">CCE-91355-8</ident>
          <fix xmlns:xhtml="http://www.w3.org/1999/xhtml" id="file_groupowner_etc_issue" system="urn:xccdf:fix:script:sh" complexity="low" disruption="low" strategy="configure">
newgroup=""
if getent group "0" &gt;/dev/null 2&gt;&amp;1; then
  newgroup="0"
fi

if [[ -z "${newgroup}" ]]; then
  &gt;&amp;2 echo "0 is not a defined group on the system"
else
find -P /etc/issue.d/  -type f  ! -group 0 -regextype posix-extended -regex '^.*$' -exec chgrp --no-dereference "$newgroup" {} \;

fi
</fix>
          <fix xmlns:xhtml="http://www.w3.org/1999/xhtml" id="file_groupowner_etc_issue" system="urn:xccdf:fix:script:ansible" complexity="low" disruption="low" strategy="configure">- name: Set the file_groupowner_etc_issue_newgroup variable if represented by gid
  ansible.builtin.set_fact:
    file_groupowner_etc_issue_newgroup: '0'
  tags:
  - CCE-91355-8
  - configure_strategy
  - file_groupowner_etc_issue
  - low_complexity
  - low_disruption
  - medium_severity
  - no_reboot_needed

- name: Find /etc/issue.d/ file(s) matching ^.*$ recursively
  ansible.builtin.command: find -P /etc/issue.d/  -type f  ! -group 0 -regextype posix-extended
    -regex "^.*$"
  register: files_found
  changed_when: false
  failed_when: false
  check_mode: false
  tags:
  - CCE-91355-8
  - configure_strategy
  - file_groupowner_etc_issue
  - low_complexity
  - low_disruption
  - medium_severity
  - no_reboot_needed

- name: Ensure group owner on /etc/issue.d/ file(s) matching ^.*$
  ansible.builtin.file:
    path: '{{ item }}'
    follow: false
    group: '{{ file_groupowner_etc_issue_newgroup }}'
    state: file
  with_items:
  - '{{ files_found.stdout_lines }}'
  tags:
  - CCE-91355-8
  - configure_strategy
  - file_groupowner_etc_issue
  - low_complexity
  - low_disruption
  - medium_severity
  - no_reboot_needed
</fix>
          <check system="http://oval.mitre.org/XMLSchema/oval-definitions-5">
            <check-content-ref name="oval:ssg-file_groupowner_etc_issue:def:1" href="ssg-sle15-oval.xml"/>
          </check>
          <check system="http://scap.nist.gov/schema/ocil/2">
            <check-content-ref name="ocil:ssg-file_groupowner_etc_issue_ocil:questionnaire:1" href="ssg-sle15-ocil.xml"/>
          </check>
        </Rule>
        <Rule id="xccdf_org.ssgproject.content_rule_file_groupowner_etc_issue_net" selected="false" role="full" severity="medium">
          <title xmlns:xhtml="http://www.w3.org/1999/xhtml" xml:lang="en-US">Verify Group Ownership of System Login Banner for Remote Connections</title>
          <description xmlns:xhtml="http://www.w3.org/1999/xhtml" xml:lang="en-US">
To properly set the group owner of <html:code xmlns:html="http://www.w3.org/1999/xhtml">/etc/issue.net</html:code>, run the command:

  <html:pre xmlns:html="http://www.w3.org/1999/xhtml">$ sudo chgrp root /etc/issue.net</html:pre>
       </description>
          <reference href="https://www.cisecurity.org/benchmark/suse_linux/">1.8.1.6</reference>
          <reference href="not_publicly_available">SLES-15-151050090</reference>
          <reference href="https://docs-prv.pcisecuritystandards.org/PCI%20DSS/Standard/PCI-DSS-v4_0.pdf">1.2.8</reference>
          <reference href="https://docs-prv.pcisecuritystandards.org/PCI%20DSS/Standard/PCI-DSS-v4_0.pdf">1.2</reference>
          <rationale xmlns:xhtml="http://www.w3.org/1999/xhtml" xml:lang="en-US">Display of a standardized and approved use notification before granting
access to the operating system ensures privacy and security notification
verbiage used is consistent with applicable federal laws, Executive Orders,
directives, policies, regulations, standards, and guidance.<html:br xmlns:html="http://www.w3.org/1999/xhtml"/>
Proper group ownership will ensure that only root user can modify the banner.</rationale>
          <ident system="https://ncp.nist.gov/cce">CCE-91358-2</ident>
          <fix xmlns:xhtml="http://www.w3.org/1999/xhtml" id="file_groupowner_etc_issue_net" system="urn:xccdf:fix:script:sh" complexity="low" disruption="low" strategy="configure">
newgroup=""
if getent group "0" &gt;/dev/null 2&gt;&amp;1; then
  newgroup="0"
fi

if [[ -z "${newgroup}" ]]; then
  &gt;&amp;2 echo "0 is not a defined group on the system"
else
if ! stat -c "%g %G" "/etc/issue.net" | grep -E -w -q "0"; then
    chgrp --no-dereference "$newgroup" /etc/issue.net
fi

fi
</fix>
          <fix xmlns:xhtml="http://www.w3.org/1999/xhtml" id="file_groupowner_etc_issue_net" system="urn:xccdf:fix:script:ansible" complexity="low" disruption="low" strategy="configure">- name: Set the file_groupowner_etc_issue_net_newgroup variable if represented by
    gid
  ansible.builtin.set_fact:
    file_groupowner_etc_issue_net_newgroup: '0'
  tags:
  - CCE-91358-2
  - PCI-DSSv4-1.2
  - PCI-DSSv4-1.2.8
  - configure_strategy
  - file_groupowner_etc_issue_net
  - low_complexity
  - low_disruption
  - medium_severity
  - no_reboot_needed

- name: Test for existence /etc/issue.net
  ansible.builtin.stat:
    path: /etc/issue.net
  register: file_exists
  tags:
  - CCE-91358-2
  - PCI-DSSv4-1.2
  - PCI-DSSv4-1.2.8
  - configure_strategy
  - file_groupowner_etc_issue_net
  - low_complexity
  - low_disruption
  - medium_severity
  - no_reboot_needed

- name: Ensure group owner on /etc/issue.net
  ansible.builtin.file:
    path: /etc/issue.net
    follow: false
    group: '{{ file_groupowner_etc_issue_net_newgroup }}'
  when: file_exists.stat is defined and file_exists.stat.exists
  tags:
  - CCE-91358-2
  - PCI-DSSv4-1.2
  - PCI-DSSv4-1.2.8
  - configure_strategy
  - file_groupowner_etc_issue_net
  - low_complexity
  - low_disruption
  - medium_severity
  - no_reboot_needed
</fix>
          <check system="http://oval.mitre.org/XMLSchema/oval-definitions-5">
            <check-content-ref name="oval:ssg-file_groupowner_etc_issue_net:def:1" href="ssg-sle15-oval.xml"/>
          </check>
          <check system="http://scap.nist.gov/schema/ocil/2">
            <check-content-ref name="ocil:ssg-file_groupowner_etc_issue_net_ocil:questionnaire:1" href="ssg-sle15-ocil.xml"/>
          </check>
        </Rule>
        <Rule id="xccdf_org.ssgproject.content_rule_file_groupowner_etc_motd" selected="false" role="full" severity="medium">
          <title xmlns:xhtml="http://www.w3.org/1999/xhtml" xml:lang="en-US">Verify Group Ownership of Message of the Day Banner</title>
          <description xmlns:xhtml="http://www.w3.org/1999/xhtml" xml:lang="en-US">
To properly set the group owner of <html:code xmlns:html="http://www.w3.org/1999/xhtml">/etc/motd</html:code>, run the command:

  <html:pre xmlns:html="http://www.w3.org/1999/xhtml">$ sudo chgrp root /etc/motd</html:pre>
       </description>
          <reference href="https://www.cisecurity.org/benchmark/suse_linux/">1.8.1.4</reference>
          <reference href="not_publicly_available">SLES-15-151050060</reference>
          <rationale xmlns:xhtml="http://www.w3.org/1999/xhtml" xml:lang="en-US">Display of a standardized and approved use notification before granting
access to the operating system ensures privacy and security notification
verbiage used is consistent with applicable federal laws, Executive Orders,
directives, policies, regulations, standards, and guidance.<html:br xmlns:html="http://www.w3.org/1999/xhtml"/>
Proper group ownership will ensure that only root user can modify the banner.</rationale>
          <ident system="https://ncp.nist.gov/cce">CCE-91352-5</ident>
          <fix xmlns:xhtml="http://www.w3.org/1999/xhtml" id="file_groupowner_etc_motd" system="urn:xccdf:fix:script:sh" complexity="low" disruption="low" strategy="configure">
newgroup=""
if getent group "0" &gt;/dev/null 2&gt;&amp;1; then
  newgroup="0"
fi

if [[ -z "${newgroup}" ]]; then
  &gt;&amp;2 echo "0 is not a defined group on the system"
else
if ! stat -c "%g %G" "/etc/motd" | grep -E -w -q "0"; then
    chgrp --no-dereference "$newgroup" /etc/motd
fi

fi
</fix>
          <fix xmlns:xhtml="http://www.w3.org/1999/xhtml" id="file_groupowner_etc_motd" system="urn:xccdf:fix:script:ansible" complexity="low" disruption="low" strategy="configure">- name: Set the file_groupowner_etc_motd_newgroup variable if represented by gid
  ansible.builtin.set_fact:
    file_groupowner_etc_motd_newgroup: '0'
  tags:
  - CCE-91352-5
  - configure_strategy
  - file_groupowner_etc_motd
  - low_complexity
  - low_disruption
  - medium_severity
  - no_reboot_needed

- name: Test for existence /etc/motd
  ansible.builtin.stat:
    path: /etc/motd
  register: file_exists
  tags:
  - CCE-91352-5
  - configure_strategy
  - file_groupowner_etc_motd
  - low_complexity
  - low_disruption
  - medium_severity
  - no_reboot_needed

- name: Ensure group owner on /etc/motd
  ansible.builtin.file:
    path: /etc/motd
    follow: false
    group: '{{ file_groupowner_etc_motd_newgroup }}'
  when: file_exists.stat is defined and file_exists.stat.exists
  tags:
  - CCE-91352-5
  - configure_strategy
  - file_groupowner_etc_motd
  - low_complexity
  - low_disruption
  - medium_severity
  - no_reboot_needed
</fix>
          <check system="http://oval.mitre.org/XMLSchema/oval-definitions-5">
            <check-content-ref name="oval:ssg-file_groupowner_etc_motd:def:1" href="ssg-sle15-oval.xml"/>
          </check>
          <check system="http://scap.nist.gov/schema/ocil/2">
            <check-content-ref name="ocil:ssg-file_groupowner_etc_motd_ocil:questionnaire:1" href="ssg-sle15-ocil.xml"/>
          </check>
        </Rule>
        <Rule id="xccdf_org.ssgproject.content_rule_file_owner_etc_issue" selected="false" role="full" severity="medium">
          <title xmlns:xhtml="http://www.w3.org/1999/xhtml" xml:lang="en-US">Verify ownership of System Login Banner</title>
          <description xmlns:xhtml="http://www.w3.org/1999/xhtml" xml:lang="en-US">
To properly set the owner of <html:code xmlns:html="http://www.w3.org/1999/xhtml">/etc/issue</html:code>, run the command:

  <html:pre xmlns:html="http://www.w3.org/1999/xhtml">$ sudo chown root /etc/issue </html:pre>
       </description>
          <reference href="https://www.cisecurity.org/benchmark/suse_linux/">1.8.1.5</reference>
          <reference href="not_publicly_available">SLES-15-151050075</reference>
          <rationale xmlns:xhtml="http://www.w3.org/1999/xhtml" xml:lang="en-US">Display of a standardized and approved use notification before granting
access to the operating system ensures privacy and security notification
verbiage used is consistent with applicable federal laws, Executive Orders,
directives, policies, regulations, standards, and guidance.<html:br xmlns:html="http://www.w3.org/1999/xhtml"/>
Proper ownership will ensure that only root user can modify the banner.</rationale>
          <ident system="https://ncp.nist.gov/cce">CCE-91356-6</ident>
          <fix xmlns:xhtml="http://www.w3.org/1999/xhtml" id="file_owner_etc_issue" system="urn:xccdf:fix:script:sh" complexity="low" disruption="low" strategy="configure">
newown=""
if id "0" &gt;/dev/null 2&gt;&amp;1; then
  newown="0"
fi

if [[ -z "$newown" ]]; then
  &gt;&amp;2 echo "0 is not a defined user on the system"
else

find -P /etc/issue.d/  -type f  ! -user 0 -regextype posix-extended -regex '^.*$' -exec chown --no-dereference "$newown" {} \;

fi
</fix>
          <fix xmlns:xhtml="http://www.w3.org/1999/xhtml" id="file_owner_etc_issue" system="urn:xccdf:fix:script:ansible" complexity="low" disruption="low" strategy="configure">- name: Set the file_owner_etc_issue_newown variable if represented by uid
  ansible.builtin.set_fact:
    file_owner_etc_issue_newown: '0'
  tags:
  - CCE-91356-6
  - configure_strategy
  - file_owner_etc_issue
  - low_complexity
  - low_disruption
  - medium_severity
  - no_reboot_needed

- name: Find /etc/issue.d/ file(s) matching ^.*$ recursively
  ansible.builtin.command: find -P /etc/issue.d/  -type f  ! -user 0 -regextype posix-extended
    -regex "^.*$"
  register: files_found
  changed_when: false
  failed_when: false
  check_mode: false
  tags:
  - CCE-91356-6
  - configure_strategy
  - file_owner_etc_issue
  - low_complexity
  - low_disruption
  - medium_severity
  - no_reboot_needed

- name: Ensure owner on /etc/issue.d/ file(s) matching ^.*$
  ansible.builtin.file:
    path: '{{ item }}'
    follow: false
    owner: '{{ file_owner_etc_issue_newown }}'
    state: file
  with_items:
  - '{{ files_found.stdout_lines }}'
  tags:
  - CCE-91356-6
  - configure_strategy
  - file_owner_etc_issue
  - low_complexity
  - low_disruption
  - medium_severity
  - no_reboot_needed
</fix>
          <check system="http://oval.mitre.org/XMLSchema/oval-definitions-5">
            <check-content-ref name="oval:ssg-file_owner_etc_issue:def:1" href="ssg-sle15-oval.xml"/>
          </check>
          <check system="http://scap.nist.gov/schema/ocil/2">
            <check-content-ref name="ocil:ssg-file_owner_etc_issue_ocil:questionnaire:1" href="ssg-sle15-ocil.xml"/>
          </check>
        </Rule>
        <Rule id="xccdf_org.ssgproject.content_rule_file_owner_etc_issue_net" selected="false" role="full" severity="medium">
          <title xmlns:xhtml="http://www.w3.org/1999/xhtml" xml:lang="en-US">Verify ownership of System Login Banner for Remote Connections</title>
          <description xmlns:xhtml="http://www.w3.org/1999/xhtml" xml:lang="en-US">
To properly set the owner of <html:code xmlns:html="http://www.w3.org/1999/xhtml">/etc/issue.net</html:code>, run the command:

  <html:pre xmlns:html="http://www.w3.org/1999/xhtml">$ sudo chown root /etc/issue.net </html:pre>
       </description>
          <reference href="https://www.cisecurity.org/benchmark/suse_linux/">1.8.1.6</reference>
          <reference href="not_publicly_available">SLES-15-151050090</reference>
          <reference href="https://docs-prv.pcisecuritystandards.org/PCI%20DSS/Standard/PCI-DSS-v4_0.pdf">1.2.8</reference>
          <reference href="https://docs-prv.pcisecuritystandards.org/PCI%20DSS/Standard/PCI-DSS-v4_0.pdf">1.2</reference>
          <rationale xmlns:xhtml="http://www.w3.org/1999/xhtml" xml:lang="en-US">Display of a standardized and approved use notification before granting
access to the operating system ensures privacy and security notification
verbiage used is consistent with applicable federal laws, Executive Orders,
directives, policies, regulations, standards, and guidance.<html:br xmlns:html="http://www.w3.org/1999/xhtml"/>
Proper ownership will ensure that only root user can modify the banner.</rationale>
          <ident system="https://ncp.nist.gov/cce">CCE-91359-0</ident>
          <fix xmlns:xhtml="http://www.w3.org/1999/xhtml" id="file_owner_etc_issue_net" system="urn:xccdf:fix:script:sh" complexity="low" disruption="low" strategy="configure">
newown=""
if id "0" &gt;/dev/null 2&gt;&amp;1; then
  newown="0"
fi

if [[ -z "$newown" ]]; then
  &gt;&amp;2 echo "0 is not a defined user on the system"
else
if ! stat -c "%u %U" "/etc/issue.net" | grep -E -w -q "0"; then
    chown --no-dereference "$newown" /etc/issue.net
fi

fi
</fix>
          <fix xmlns:xhtml="http://www.w3.org/1999/xhtml" id="file_owner_etc_issue_net" system="urn:xccdf:fix:script:ansible" complexity="low" disruption="low" strategy="configure">- name: Set the file_owner_etc_issue_net_newown variable if represented by uid
  ansible.builtin.set_fact:
    file_owner_etc_issue_net_newown: '0'
  tags:
  - CCE-91359-0
  - PCI-DSSv4-1.2
  - PCI-DSSv4-1.2.8
  - configure_strategy
  - file_owner_etc_issue_net
  - low_complexity
  - low_disruption
  - medium_severity
  - no_reboot_needed

- name: Test for existence /etc/issue.net
  ansible.builtin.stat:
    path: /etc/issue.net
  register: file_exists
  tags:
  - CCE-91359-0
  - PCI-DSSv4-1.2
  - PCI-DSSv4-1.2.8
  - configure_strategy
  - file_owner_etc_issue_net
  - low_complexity
  - low_disruption
  - medium_severity
  - no_reboot_needed

- name: Ensure owner on /etc/issue.net
  ansible.builtin.file:
    path: /etc/issue.net
    follow: false
    owner: '{{ file_owner_etc_issue_net_newown }}'
  when: file_exists.stat is defined and file_exists.stat.exists
  tags:
  - CCE-91359-0
  - PCI-DSSv4-1.2
  - PCI-DSSv4-1.2.8
  - configure_strategy
  - file_owner_etc_issue_net
  - low_complexity
  - low_disruption
  - medium_severity
  - no_reboot_needed
</fix>
          <check system="http://oval.mitre.org/XMLSchema/oval-definitions-5">
            <check-content-ref name="oval:ssg-file_owner_etc_issue_net:def:1" href="ssg-sle15-oval.xml"/>
          </check>
          <check system="http://scap.nist.gov/schema/ocil/2">
            <check-content-ref name="ocil:ssg-file_owner_etc_issue_net_ocil:questionnaire:1" href="ssg-sle15-ocil.xml"/>
          </check>
        </Rule>
        <Rule id="xccdf_org.ssgproject.content_rule_file_owner_etc_motd" selected="false" role="full" severity="medium">
          <title xmlns:xhtml="http://www.w3.org/1999/xhtml" xml:lang="en-US">Verify ownership of Message of the Day Banner</title>
          <description xmlns:xhtml="http://www.w3.org/1999/xhtml" xml:lang="en-US">
To properly set the owner of <html:code xmlns:html="http://www.w3.org/1999/xhtml">/etc/motd</html:code>, run the command:

  <html:pre xmlns:html="http://www.w3.org/1999/xhtml">$ sudo chown root /etc/motd </html:pre>
       </description>
          <reference href="https://www.cisecurity.org/benchmark/suse_linux/">1.8.1.4</reference>
          <reference href="not_publicly_available">SLES-15-151050060</reference>
          <rationale xmlns:xhtml="http://www.w3.org/1999/xhtml" xml:lang="en-US">Display of a standardized and approved use notification before granting
access to the operating system ensures privacy and security notification
verbiage used is consistent with applicable federal laws, Executive Orders,
directives, policies, regulations, standards, and guidance.<html:br xmlns:html="http://www.w3.org/1999/xhtml"/>
Proper ownership will ensure that only root user can modify the banner.</rationale>
          <ident system="https://ncp.nist.gov/cce">CCE-91353-3</ident>
          <fix xmlns:xhtml="http://www.w3.org/1999/xhtml" id="file_owner_etc_motd" system="urn:xccdf:fix:script:sh" complexity="low" disruption="low" strategy="configure">
newown=""
if id "0" &gt;/dev/null 2&gt;&amp;1; then
  newown="0"
fi

if [[ -z "$newown" ]]; then
  &gt;&amp;2 echo "0 is not a defined user on the system"
else
if ! stat -c "%u %U" "/etc/motd" | grep -E -w -q "0"; then
    chown --no-dereference "$newown" /etc/motd
fi

fi
</fix>
          <fix xmlns:xhtml="http://www.w3.org/1999/xhtml" id="file_owner_etc_motd" system="urn:xccdf:fix:script:ansible" complexity="low" disruption="low" strategy="configure">- name: Set the file_owner_etc_motd_newown variable if represented by uid
  ansible.builtin.set_fact:
    file_owner_etc_motd_newown: '0'
  tags:
  - CCE-91353-3
  - configure_strategy
  - file_owner_etc_motd
  - low_complexity
  - low_disruption
  - medium_severity
  - no_reboot_needed

- name: Test for existence /etc/motd
  ansible.builtin.stat:
    path: /etc/motd
  register: file_exists
  tags:
  - CCE-91353-3
  - configure_strategy
  - file_owner_etc_motd
  - low_complexity
  - low_disruption
  - medium_severity
  - no_reboot_needed

- name: Ensure owner on /etc/motd
  ansible.builtin.file:
    path: /etc/motd
    follow: false
    owner: '{{ file_owner_etc_motd_newown }}'
  when: file_exists.stat is defined and file_exists.stat.exists
  tags:
  - CCE-91353-3
  - configure_strategy
  - file_owner_etc_motd
  - low_complexity
  - low_disruption
  - medium_severity
  - no_reboot_needed
</fix>
          <check system="http://oval.mitre.org/XMLSchema/oval-definitions-5">
            <check-content-ref name="oval:ssg-file_owner_etc_motd:def:1" href="ssg-sle15-oval.xml"/>
          </check>
          <check system="http://scap.nist.gov/schema/ocil/2">
            <check-content-ref name="ocil:ssg-file_owner_etc_motd_ocil:questionnaire:1" href="ssg-sle15-ocil.xml"/>
          </check>
        </Rule>
        <Rule id="xccdf_org.ssgproject.content_rule_file_permissions_etc_issue" selected="false" role="full" severity="medium">
          <title xmlns:xhtml="http://www.w3.org/1999/xhtml" xml:lang="en-US">Verify permissions on System Login Banner</title>
          <description xmlns:xhtml="http://www.w3.org/1999/xhtml" xml:lang="en-US">
To properly set the permissions of <html:code xmlns:html="http://www.w3.org/1999/xhtml">/etc/issue</html:code>, run the command:
<html:pre xmlns:html="http://www.w3.org/1999/xhtml">$ sudo chmod 0644 /etc/issue</html:pre>
       </description>
          <reference href="https://www.cisecurity.org/benchmark/suse_linux/">1.8.1.5</reference>
          <reference href="not_publicly_available">SLES-15-151050075</reference>
          <rationale xmlns:xhtml="http://www.w3.org/1999/xhtml" xml:lang="en-US">Display of a standardized and approved use notification before granting
access to the operating system ensures privacy and security notification
verbiage used is consistent with applicable federal laws, Executive Orders,
directives, policies, regulations, standards, and guidance.<html:br xmlns:html="http://www.w3.org/1999/xhtml"/>
Proper permissions will ensure that only root user can modify the banner.</rationale>
          <ident system="https://ncp.nist.gov/cce">CCE-91354-1</ident>
          <fix xmlns:xhtml="http://www.w3.org/1999/xhtml" id="file_permissions_etc_issue" system="urn:xccdf:fix:script:sh" complexity="low" disruption="low" strategy="configure">



chmod u-xs,g-xws,o-xwt /etc/issue
</fix>
          <fix xmlns:xhtml="http://www.w3.org/1999/xhtml" id="file_permissions_etc_issue" system="urn:xccdf:fix:script:ansible" complexity="low" disruption="low" strategy="configure">- name: Test for existence /etc/issue
  ansible.builtin.stat:
    path: /etc/issue
  register: file_exists
  tags:
  - CCE-91354-1
  - configure_strategy
  - file_permissions_etc_issue
  - low_complexity
  - low_disruption
  - medium_severity
  - no_reboot_needed

- name: Ensure permission u-xs,g-xws,o-xwt on /etc/issue
  ansible.builtin.file:
    path: /etc/issue
    mode: u-xs,g-xws,o-xwt
  when: file_exists.stat is defined and file_exists.stat.exists
  tags:
  - CCE-91354-1
  - configure_strategy
  - file_permissions_etc_issue
  - low_complexity
  - low_disruption
  - medium_severity
  - no_reboot_needed
</fix>
          <check system="http://oval.mitre.org/XMLSchema/oval-definitions-5">
            <check-content-ref name="oval:ssg-file_permissions_etc_issue:def:1" href="ssg-sle15-oval.xml"/>
          </check>
          <check system="http://scap.nist.gov/schema/ocil/2">
            <check-content-ref name="ocil:ssg-file_permissions_etc_issue_ocil:questionnaire:1" href="ssg-sle15-ocil.xml"/>
          </check>
        </Rule>
        <Rule id="xccdf_org.ssgproject.content_rule_file_permissions_etc_issue_net" selected="false" role="full" severity="medium">
          <title xmlns:xhtml="http://www.w3.org/1999/xhtml" xml:lang="en-US">Verify permissions on System Login Banner for Remote Connections</title>
          <description xmlns:xhtml="http://www.w3.org/1999/xhtml" xml:lang="en-US">
To properly set the permissions of <html:code xmlns:html="http://www.w3.org/1999/xhtml">/etc/issue.net</html:code>, run the command:
<html:pre xmlns:html="http://www.w3.org/1999/xhtml">$ sudo chmod 0644 /etc/issue.net</html:pre>
       </description>
          <reference href="https://www.cisecurity.org/benchmark/suse_linux/">1.8.1.6</reference>
          <reference href="not_publicly_available">SLES-15-151050090</reference>
          <reference href="https://docs-prv.pcisecuritystandards.org/PCI%20DSS/Standard/PCI-DSS-v4_0.pdf">1.2.8</reference>
          <reference href="https://docs-prv.pcisecuritystandards.org/PCI%20DSS/Standard/PCI-DSS-v4_0.pdf">1.2</reference>
          <rationale xmlns:xhtml="http://www.w3.org/1999/xhtml" xml:lang="en-US">Display of a standardized and approved use notification before granting
access to the operating system ensures privacy and security notification
verbiage used is consistent with applicable federal laws, Executive Orders,
directives, policies, regulations, standards, and guidance.<html:br xmlns:html="http://www.w3.org/1999/xhtml"/>
Proper permissions will ensure that only root user can modify the banner.</rationale>
          <ident system="https://ncp.nist.gov/cce">CCE-91357-4</ident>
          <fix xmlns:xhtml="http://www.w3.org/1999/xhtml" id="file_permissions_etc_issue_net" system="urn:xccdf:fix:script:sh" complexity="low" disruption="low" strategy="configure">



chmod u-xs,g-xws,o-xwt /etc/issue.net
</fix>
          <fix xmlns:xhtml="http://www.w3.org/1999/xhtml" id="file_permissions_etc_issue_net" system="urn:xccdf:fix:script:ansible" complexity="low" disruption="low" strategy="configure">- name: Test for existence /etc/issue.net
  ansible.builtin.stat:
    path: /etc/issue.net
  register: file_exists
  tags:
  - CCE-91357-4
  - PCI-DSSv4-1.2
  - PCI-DSSv4-1.2.8
  - configure_strategy
  - file_permissions_etc_issue_net
  - low_complexity
  - low_disruption
  - medium_severity
  - no_reboot_needed

- name: Ensure permission u-xs,g-xws,o-xwt on /etc/issue.net
  ansible.builtin.file:
    path: /etc/issue.net
    mode: u-xs,g-xws,o-xwt
  when: file_exists.stat is defined and file_exists.stat.exists
  tags:
  - CCE-91357-4
  - PCI-DSSv4-1.2
  - PCI-DSSv4-1.2.8
  - configure_strategy
  - file_permissions_etc_issue_net
  - low_complexity
  - low_disruption
  - medium_severity
  - no_reboot_needed
</fix>
          <check system="http://oval.mitre.org/XMLSchema/oval-definitions-5">
            <check-content-ref name="oval:ssg-file_permissions_etc_issue_net:def:1" href="ssg-sle15-oval.xml"/>
          </check>
          <check system="http://scap.nist.gov/schema/ocil/2">
            <check-content-ref name="ocil:ssg-file_permissions_etc_issue_net_ocil:questionnaire:1" href="ssg-sle15-ocil.xml"/>
          </check>
        </Rule>
        <Rule id="xccdf_org.ssgproject.content_rule_file_permissions_etc_motd" selected="false" role="full" severity="medium">
          <title xmlns:xhtml="http://www.w3.org/1999/xhtml" xml:lang="en-US">Verify permissions on Message of the Day Banner</title>
          <description xmlns:xhtml="http://www.w3.org/1999/xhtml" xml:lang="en-US">
To properly set the permissions of <html:code xmlns:html="http://www.w3.org/1999/xhtml">/etc/motd</html:code>, run the command:
<html:pre xmlns:html="http://www.w3.org/1999/xhtml">$ sudo chmod 0644 /etc/motd</html:pre>
       </description>
          <reference href="https://www.cisecurity.org/benchmark/suse_linux/">1.8.1.4</reference>
          <reference href="not_publicly_available">SLES-15-151050060</reference>
          <rationale xmlns:xhtml="http://www.w3.org/1999/xhtml" xml:lang="en-US">Display of a standardized and approved use notification before granting
access to the operating system ensures privacy and security notification
verbiage used is consistent with applicable federal laws, Executive Orders,
directives, policies, regulations, standards, and guidance.<html:br xmlns:html="http://www.w3.org/1999/xhtml"/>
Proper permissions will ensure that only root user can modify the banner.</rationale>
          <ident system="https://ncp.nist.gov/cce">CCE-91351-7</ident>
          <fix xmlns:xhtml="http://www.w3.org/1999/xhtml" id="file_permissions_etc_motd" system="urn:xccdf:fix:script:sh" complexity="low" disruption="low" strategy="configure">



chmod u-xs,g-xws,o-xwt /etc/motd
</fix>
          <fix xmlns:xhtml="http://www.w3.org/1999/xhtml" id="file_permissions_etc_motd" system="urn:xccdf:fix:script:ansible" complexity="low" disruption="low" strategy="configure">- name: Test for existence /etc/motd
  ansible.builtin.stat:
    path: /etc/motd
  register: file_exists
  tags:
  - CCE-91351-7
  - configure_strategy
  - file_permissions_etc_motd
  - low_complexity
  - low_disruption
  - medium_severity
  - no_reboot_needed

- name: Ensure permission u-xs,g-xws,o-xwt on /etc/motd
  ansible.builtin.file:
    path: /etc/motd
    mode: u-xs,g-xws,o-xwt
  when: file_exists.stat is defined and file_exists.stat.exists
  tags:
  - CCE-91351-7
  - configure_strategy
  - file_permissions_etc_motd
  - low_complexity
  - low_disruption
  - medium_severity
  - no_reboot_needed
</fix>
          <check system="http://oval.mitre.org/XMLSchema/oval-definitions-5">
            <check-content-ref name="oval:ssg-file_permissions_etc_motd:def:1" href="ssg-sle15-oval.xml"/>
          </check>
          <check system="http://scap.nist.gov/schema/ocil/2">
            <check-content-ref name="ocil:ssg-file_permissions_etc_motd_ocil:questionnaire:1" href="ssg-sle15-ocil.xml"/>
          </check>
        </Rule>
        <Group id="xccdf_org.ssgproject.content_group_gui_login_banner">
          <title xmlns:xhtml="http://www.w3.org/1999/xhtml" xml:lang="en-US">Implement a GUI Warning Banner</title>
          <description xmlns:xhtml="http://www.w3.org/1999/xhtml" xml:lang="en-US">In the default graphical environment, users logging
directly into the system are greeted with a login screen provided
by the GNOME Display Manager (GDM). The warning banner should be
displayed in this graphical environment for these users.
The following sections describe how to configure the GDM login
banner.</description>
          <platform idref="#package_gdm"/>
          <Rule id="xccdf_org.ssgproject.content_rule_banner_etc_gdm_banner" selected="false" role="full" severity="medium">
            <title xmlns:xhtml="http://www.w3.org/1999/xhtml" xml:lang="en-US">Modify the System GUI Login Banner</title>
            <description xmlns:xhtml="http://www.w3.org/1999/xhtml" xml:lang="en-US">To configure the GUI system login banner edit <html:code xmlns:html="http://www.w3.org/1999/xhtml">/etc/gdm/banner</html:code>.
Replace the default text with a message compliant with the local site
policy or a legal disclaimer.

The DoD required text is either:
<html:br xmlns:html="http://www.w3.org/1999/xhtml"/>
         <html:br xmlns:html="http://www.w3.org/1999/xhtml"/>
         <html:code xmlns:html="http://www.w3.org/1999/xhtml">You are accessing a U.S. Government (USG) Information System (IS) that
is provided for USG-authorized use only. By using this IS (which includes
any device attached to this IS), you consent to the following conditions:
<html:br/>-The USG routinely intercepts and monitors communications on this IS
for purposes including, but not limited to, penetration testing, COMSEC
monitoring, network operations and defense, personnel misconduct (PM), law
enforcement (LE), and counterintelligence (CI) investigations.
<html:br/>-At any time, the USG may inspect and seize data stored on this IS.
<html:br/>-Communications using, or data stored on, this IS are not private,
are subject to routine monitoring, interception, and search, and may be
disclosed or used for any USG-authorized purpose.
<html:br/>-This IS includes security measures (e.g., authentication and access
controls) to protect USG interests -- not for your personal benefit or
privacy.
<html:br/>-Notwithstanding the above, using this IS does not constitute consent
to PM, LE or CI investigative searching or monitoring of the content of
privileged communications, or work product, related to personal
representation or services by attorneys, psychotherapists, or clergy, and
their assistants. Such communications and work product are private and
confidential. See User Agreement for details.</html:code>
         <html:br xmlns:html="http://www.w3.org/1999/xhtml"/>
         <html:br xmlns:html="http://www.w3.org/1999/xhtml"/>
OR:
<html:br xmlns:html="http://www.w3.org/1999/xhtml"/>
         <html:br xmlns:html="http://www.w3.org/1999/xhtml"/>
         <html:code xmlns:html="http://www.w3.org/1999/xhtml">I've read &amp; consent to terms in IS user agreem't.</html:code>
        </description>
            <reference href="http://nvlpubs.nist.gov/nistpubs/SpecialPublications/NIST.SP.800-53r4.pdf">AC-8(b)</reference>
            <reference href="https://www.cyber.mil/stigs/downloads/?_dl_facet_stigs=operating-systems%2Cunix-linux">SLES-15-010060</reference>
            <reference href="https://www.cyber.mil/stigs/srg-stig-tools/">SV-234807r958392_rule</reference>
            <rationale xmlns:xhtml="http://www.w3.org/1999/xhtml" xml:lang="en-US">Display of a standardized and approved use notification before granting
access to the operating system ensures privacy and security notification
verbiage used is consistent with applicable federal laws, Executive Orders,
directives, policies, regulations, standards, and guidance.
<html:br xmlns:html="http://www.w3.org/1999/xhtml"/>
         <html:br xmlns:html="http://www.w3.org/1999/xhtml"/>
System use notifications are required only for access via login interfaces
with human users and are not required when such human interfaces do not
exist.</rationale>
            <ident system="https://ncp.nist.gov/cce">CCE-83264-2</ident>
            <fix xmlns:xhtml="http://www.w3.org/1999/xhtml" id="banner_etc_gdm_banner" system="urn:xccdf:fix:script:sh"># Remediation is applicable only in certain platforms
if rpm --quiet -q gdm; then

login_banner_text='<xccdf-1.2:sub xmlns:xccdf-1.2="http://checklists.nist.gov/xccdf/1.2" idref="xccdf_org.ssgproject.content_value_login_banner_text" use="legacy"/>'


# Multiple regexes transform the banner regex into a usable banner
# 0 - Remove anchors around the banner text
login_banner_text=$(echo "$login_banner_text" | sed 's/^\^\(.*\)\$$/\1/g')
# 1 - Keep only the first banners if there are multiple
#    (dod_banners contains the long and short banner)
login_banner_text=$(echo "$login_banner_text" | sed 's/^(\(.*\.\)|.*)$/\1/g')
# 2 - Add spaces ' '. (Transforms regex for "space or newline" into a " ")
login_banner_text=$(echo "$login_banner_text" | sed 's/\[\\s\\n\]+/ /g')
# 3 - Adds newlines. (Transforms "(?:\[\\n\]+|(?:\\n)+)" into "\n")
login_banner_text=$(echo "$login_banner_text" | sed 's/(?:\[\\n\]+|(?:\\\\n)+)/\n/g')
# 4 - Remove any leftover backslash. (From any parenthesis in the banner, for example).
login_banner_text=$(echo "$login_banner_text" | sed 's/\\//g')
formatted=$(echo "$login_banner_text" | fold -sw 80)

cat &lt;&lt;EOF &gt;/etc/gdm/banner
$formatted
EOF

chmod 0644 /etc/gdm/banner

else
    &gt;&amp;2 echo 'Remediation is not applicable, nothing was done'
fi
</fix>
            <fix xmlns:xhtml="http://www.w3.org/1999/xhtml" id="banner_etc_gdm_banner" system="urn:xccdf:fix:script:ansible" complexity="low" disruption="medium">- name: Gather the package facts
  package_facts:
    manager: auto
  tags:
  - CCE-83264-2
  - DISA-STIG-SLES-15-010060
  - NIST-800-53-AC-8(b)
  - banner_etc_gdm_banner
  - low_complexity
  - medium_disruption
  - medium_severity
  - no_reboot_needed
  - unknown_strategy
- name: XCCDF Value login_banner_text # promote to variable
  set_fact:
    login_banner_text: !!str <xccdf-1.2:sub xmlns:xccdf-1.2="http://checklists.nist.gov/xccdf/1.2" idref="xccdf_org.ssgproject.content_value_login_banner_text" use="legacy"/>
  tags:
    - always

- name: Modify the System GUI Login Banner
  ansible.builtin.lineinfile:
    dest: /etc/gdm/banner
    line: '{{ login_banner_text | regex_replace("^\^(.*)\$$", "\1") | regex_replace("^\((.*\.)\|.*\)$",
      "\1") | regex_replace("\[\\s\\n\]\+"," ") | regex_replace("\(\?:\[\\n\]\+\|\(\?:\\\\n\)\+\)",
      "\n") | regex_replace("\\", "") | wordwrap() }}'
    create: true
  when: '"gdm" in ansible_facts.packages'
  tags:
  - CCE-83264-2
  - DISA-STIG-SLES-15-010060
  - NIST-800-53-AC-8(b)
  - banner_etc_gdm_banner
  - low_complexity
  - medium_disruption
  - medium_severity
  - no_reboot_needed
  - unknown_strategy
</fix>
            <check system="http://oval.mitre.org/XMLSchema/oval-definitions-5">
              <check-export export-name="oval:ssg-login_banner_text:var:1" value-id="xccdf_org.ssgproject.content_value_login_banner_text"/>
              <check-content-ref name="oval:ssg-banner_etc_gdm_banner:def:1" href="ssg-sle15-oval.xml"/>
            </check>
            <check system="http://scap.nist.gov/schema/ocil/2">
              <check-content-ref name="ocil:ssg-banner_etc_gdm_banner_ocil:questionnaire:1" href="ssg-sle15-ocil.xml"/>
            </check>
          </Rule>
          <Rule id="xccdf_org.ssgproject.content_rule_dconf_gnome_banner_enabled" selected="false" role="full" severity="medium">
            <title xmlns:xhtml="http://www.w3.org/1999/xhtml" xml:lang="en-US">Enable GNOME3 Login Warning Banner</title>
            <description xmlns:xhtml="http://www.w3.org/1999/xhtml" xml:lang="en-US">In the default graphical environment, displaying a login warning banner
in the GNOME Display Manager's login screen can be enabled on the login
screen by setting <html:code xmlns:html="http://www.w3.org/1999/xhtml">banner-message-enable</html:code> to <html:code xmlns:html="http://www.w3.org/1999/xhtml">true</html:code>.
<html:br xmlns:html="http://www.w3.org/1999/xhtml"/>
         <html:br xmlns:html="http://www.w3.org/1999/xhtml"/>
To enable, add or edit <html:code xmlns:html="http://www.w3.org/1999/xhtml">banner-message-enable</html:code> to
<html:code xmlns:html="http://www.w3.org/1999/xhtml">/etc/dconf/db/gdm.d/00-security-settings</html:code>. For example:
<html:pre xmlns:html="http://www.w3.org/1999/xhtml">[org/gnome/login-screen]
banner-message-enable=true</html:pre>
Once the setting has been added, add a lock to
<html:code xmlns:html="http://www.w3.org/1999/xhtml">/etc/dconf/db/gdm.d/locks/00-security-settings-lock</html:code> to prevent user modification.
For example:
<html:pre xmlns:html="http://www.w3.org/1999/xhtml">/org/gnome/login-screen/banner-message-enable</html:pre>
After the settings have been set, run <html:code xmlns:html="http://www.w3.org/1999/xhtml">dconf update</html:code>.
The banner text must also be set.</description>
            <reference href="https://www.cisecurity.org/controls/">1</reference>
            <reference href="https://www.cisecurity.org/controls/">12</reference>
            <reference href="https://www.cisecurity.org/controls/">15</reference>
            <reference href="https://www.cisecurity.org/controls/">16</reference>
            <reference href="https://www.isaca.org/resources/cobit">DSS05.04</reference>
            <reference href="https://www.isaca.org/resources/cobit">DSS05.10</reference>
            <reference href="https://www.isaca.org/resources/cobit">DSS06.10</reference>
            <reference href="http://nvlpubs.nist.gov/nistpubs/SpecialPublications/NIST.SP.800-171.pdf">3.1.9</reference>
            <reference href="https://www.isa.org/products/isa-62443-2-1-2009-security-for-industrial-automat">4.3.3.6.1</reference>
            <reference href="https://www.isa.org/products/isa-62443-2-1-2009-security-for-industrial-automat">4.3.3.6.2</reference>
            <reference href="https://www.isa.org/products/isa-62443-2-1-2009-security-for-industrial-automat">4.3.3.6.3</reference>
            <reference href="https://www.isa.org/products/isa-62443-2-1-2009-security-for-industrial-automat">4.3.3.6.4</reference>
            <reference href="https://www.isa.org/products/isa-62443-2-1-2009-security-for-industrial-automat">4.3.3.6.5</reference>
            <reference href="https://www.isa.org/products/isa-62443-2-1-2009-security-for-industrial-automat">4.3.3.6.6</reference>
            <reference href="https://www.isa.org/products/isa-62443-2-1-2009-security-for-industrial-automat">4.3.3.6.7</reference>
            <reference href="https://www.isa.org/products/isa-62443-2-1-2009-security-for-industrial-automat">4.3.3.6.8</reference>
            <reference href="https://www.isa.org/products/isa-62443-2-1-2009-security-for-industrial-automat">4.3.3.6.9</reference>
            <reference href="https://www.isa.org/products/ansi-isa-62443-3-3-99-03-03-2013-security-for-indu">SR 1.1</reference>
            <reference href="https://www.isa.org/products/ansi-isa-62443-3-3-99-03-03-2013-security-for-indu">SR 1.10</reference>
            <reference href="https://www.isa.org/products/ansi-isa-62443-3-3-99-03-03-2013-security-for-indu">SR 1.2</reference>
            <reference href="https://www.isa.org/products/ansi-isa-62443-3-3-99-03-03-2013-security-for-indu">SR 1.5</reference>
            <reference href="https://www.isa.org/products/ansi-isa-62443-3-3-99-03-03-2013-security-for-indu">SR 1.7</reference>
            <reference href="https://www.isa.org/products/ansi-isa-62443-3-3-99-03-03-2013-security-for-indu">SR 1.8</reference>
            <reference href="https://www.isa.org/products/ansi-isa-62443-3-3-99-03-03-2013-security-for-indu">SR 1.9</reference>
            <reference href="https://www.iso.org/contents/data/standard/05/45/54534.html">A.18.1.4</reference>
            <reference href="https://www.iso.org/contents/data/standard/05/45/54534.html">A.9.2.1</reference>
            <reference href="https://www.iso.org/contents/data/standard/05/45/54534.html">A.9.2.4</reference>
            <reference href="https://www.iso.org/contents/data/standard/05/45/54534.html">A.9.3.1</reference>
            <reference href="https://www.iso.org/contents/data/standard/05/45/54534.html">A.9.4.2</reference>
            <reference href="https://www.iso.org/contents/data/standard/05/45/54534.html">A.9.4.3</reference>
            <reference href="http://nvlpubs.nist.gov/nistpubs/SpecialPublications/NIST.SP.800-53r4.pdf">AC-8(a)</reference>
            <reference href="http://nvlpubs.nist.gov/nistpubs/SpecialPublications/NIST.SP.800-53r4.pdf">AC-8(b)</reference>
            <reference href="http://nvlpubs.nist.gov/nistpubs/SpecialPublications/NIST.SP.800-53r4.pdf">AC-8(c)</reference>
            <reference href="https://nvlpubs.nist.gov/nistpubs/CSWP/NIST.CSWP.04162018.pdf">PR.AC-7</reference>
            <reference href="https://www.cyber.mil/stigs/downloads/?_dl_facet_stigs=operating-systems%2Cgeneral-purpose-os">SRG-OS-000023-GPOS-00006</reference>
            <reference href="https://www.cyber.mil/stigs/downloads/?_dl_facet_stigs=operating-systems%2Cgeneral-purpose-os">SRG-OS-000228-GPOS-00088</reference>
            <reference href="https://www.cyber.mil/stigs/downloads/?_dl_facet_stigs=operating-systems%2Cunix-linux">SLES-15-010080</reference>
            <reference href="https://www.cisecurity.org/benchmark/suse_linux/">1.10</reference>
            <reference href="not_publicly_available">SLES-15-151200120</reference>
            <reference href="https://www.cyber.mil/stigs/srg-stig-tools/">SV-234808r958586_rule</reference>
            <rationale xmlns:xhtml="http://www.w3.org/1999/xhtml" xml:lang="en-US">Display of a standardized and approved use notification before granting access to the operating system
ensures privacy and security notification verbiage used is consistent with applicable federal laws,
Executive Orders, directives, policies, regulations, standards, and guidance.
<html:br xmlns:html="http://www.w3.org/1999/xhtml"/>
         <html:br xmlns:html="http://www.w3.org/1999/xhtml"/>
For U.S. Government systems, system use notifications are required only for access via login interfaces
with human users and are not required when such human interfaces do not exist.</rationale>
            <ident system="https://ncp.nist.gov/cce">CCE-83265-9</ident>
            <fix xmlns:xhtml="http://www.w3.org/1999/xhtml" id="dconf_gnome_banner_enabled" system="urn:xccdf:fix:script:sh"># Remediation is applicable only in certain platforms
if rpm --quiet -q gdm; then

# Check for setting in any of the DConf db directories
# If files contain ibus or distro, ignore them.
# The assignment assumes that individual filenames don't contain :
readarray -t SETTINGSFILES &lt; &lt;(grep -r "\\[org/gnome/login-screen\\]" "/etc/dconf/db/" \
                                | grep -v 'distro\|ibus\|gdm.d' | cut -d":" -f1)
DCONFFILE="/etc/dconf/db/gdm.d/00-security-settings"
DBDIR="/etc/dconf/db/gdm.d"

mkdir -p "${DBDIR}"

# Comment out the configurations in databases different from the target one
if [ "${#SETTINGSFILES[@]}" -ne 0 ]
then
    if grep -q "^\\s*banner-message-enable\\s*=" "${SETTINGSFILES[@]}"
    then
        
        sed -Ei "s/(^\s*)banner-message-enable(\s*=)/#\1banner-message-enable\2/g" "${SETTINGSFILES[@]}"
    fi
fi

[ ! -z "${DCONFFILE}" ] &amp;&amp; echo "" &gt;&gt; "${DCONFFILE}"
if ! grep -q "\\[org/gnome/login-screen\\]" "${DCONFFILE}"
then
    printf '%s\n' "[org/gnome/login-screen]" &gt;&gt; ${DCONFFILE}
fi

escaped_value="$(sed -e 's/\\/\\\\/g' &lt;&lt;&lt; "true")"
if grep -q "^\\s*banner-message-enable\\s*=" "${DCONFFILE}"
then
        sed -i "s/\\s*banner-message-enable\\s*=\\s*.*/banner-message-enable=${escaped_value}/g" "${DCONFFILE}"
    else
        sed -i "\\|\\[org/gnome/login-screen\\]|a\\banner-message-enable=${escaped_value}" "${DCONFFILE}"
fi
dconf update
# Check for setting in any of the DConf db directories
LOCKFILES=$(grep -r "^/org/gnome/login-screen/banner-message-enable$" "/etc/dconf/db/" \
            | grep -v 'distro\|ibus\|gdm.d' | grep ":" | cut -d":" -f1)
LOCKSFOLDER="/etc/dconf/db/gdm.d/locks"

mkdir -p "${LOCKSFOLDER}"

# Comment out the configurations in databases different from the target one
if [[ ! -z "${LOCKFILES}" ]]
then
    sed -i -E "s|^/org/gnome/login-screen/banner-message-enable$|#&amp;|" "${LOCKFILES[@]}"
fi

if ! grep -qr "^/org/gnome/login-screen/banner-message-enable$" /etc/dconf/db/gdm.d/
then
    echo "/org/gnome/login-screen/banner-message-enable" &gt;&gt; "/etc/dconf/db/gdm.d/locks/00-security-settings-lock"
fi
dconf update

else
    &gt;&amp;2 echo 'Remediation is not applicable, nothing was done'
fi
</fix>
            <fix xmlns:xhtml="http://www.w3.org/1999/xhtml" id="dconf_gnome_banner_enabled" system="urn:xccdf:fix:script:ansible" complexity="low" disruption="medium">- name: Gather the package facts
  package_facts:
    manager: auto
  tags:
  - CCE-83265-9
  - DISA-STIG-SLES-15-010080
  - NIST-800-171-3.1.9
  - NIST-800-53-AC-8(a)
  - NIST-800-53-AC-8(b)
  - NIST-800-53-AC-8(c)
  - dconf_gnome_banner_enabled
  - low_complexity
  - medium_disruption
  - medium_severity
  - no_reboot_needed
  - unknown_strategy

- name: Enable GNOME3 Login Warning Banner
  community.general.ini_file:
    dest: /etc/dconf/db/gdm.d/00-security-settings
    section: org/gnome/login-screen
    option: banner-message-enable
    value: 'true'
    create: true
    no_extra_spaces: true
  register: result_ini
  when: '"gdm" in ansible_facts.packages'
  tags:
  - CCE-83265-9
  - DISA-STIG-SLES-15-010080
  - NIST-800-171-3.1.9
  - NIST-800-53-AC-8(a)
  - NIST-800-53-AC-8(b)
  - NIST-800-53-AC-8(c)
  - dconf_gnome_banner_enabled
  - low_complexity
  - medium_disruption
  - medium_severity
  - no_reboot_needed
  - unknown_strategy

- name: Prevent user modification of GNOME banner-message-enabled
  ansible.builtin.lineinfile:
    path: /etc/dconf/db/gdm.d/locks/00-security-settings-lock
    regexp: ^/org/gnome/login-screen/banner-message-enable$
    line: /org/gnome/login-screen/banner-message-enable
    create: true
  register: result_lineinfile
  when: '"gdm" in ansible_facts.packages'
  tags:
  - CCE-83265-9
  - DISA-STIG-SLES-15-010080
  - NIST-800-171-3.1.9
  - NIST-800-53-AC-8(a)
  - NIST-800-53-AC-8(b)
  - NIST-800-53-AC-8(c)
  - dconf_gnome_banner_enabled
  - low_complexity
  - medium_disruption
  - medium_severity
  - no_reboot_needed
  - unknown_strategy

- name: Dconf Update
  ansible.builtin.command: dconf update
  when:
  - '"gdm" in ansible_facts.packages'
  - result_ini is changed or result_lineinfile is changed
  tags:
  - CCE-83265-9
  - DISA-STIG-SLES-15-010080
  - NIST-800-171-3.1.9
  - NIST-800-53-AC-8(a)
  - NIST-800-53-AC-8(b)
  - NIST-800-53-AC-8(c)
  - dconf_gnome_banner_enabled
  - low_complexity
  - medium_disruption
  - medium_severity
  - no_reboot_needed
  - unknown_strategy
</fix>
            <check system="http://oval.mitre.org/XMLSchema/oval-definitions-5">
              <check-content-ref name="oval:ssg-dconf_gnome_banner_enabled:def:1" href="ssg-sle15-oval.xml"/>
            </check>
            <check system="http://scap.nist.gov/schema/ocil/2">
              <check-content-ref name="ocil:ssg-dconf_gnome_banner_enabled_ocil:questionnaire:1" href="ssg-sle15-ocil.xml"/>
            </check>
          </Rule>
          <Rule id="xccdf_org.ssgproject.content_rule_dconf_gnome_login_banner_text" selected="false" role="full" severity="medium">
            <title xmlns:xhtml="http://www.w3.org/1999/xhtml" xml:lang="en-US">Set the GNOME3 Login Warning Banner Text</title>
            <description xmlns:xhtml="http://www.w3.org/1999/xhtml" xml:lang="en-US">In the default graphical environment, configuring the login warning banner text
in the GNOME Display Manager's login screen can be configured on the login
screen by setting <html:code xmlns:html="http://www.w3.org/1999/xhtml">banner-message-text</html:code> to <html:code xmlns:html="http://www.w3.org/1999/xhtml">'<html:i>APPROVED_BANNER</html:i>'</html:code>
where <html:i xmlns:html="http://www.w3.org/1999/xhtml">APPROVED_BANNER</html:i> is the approved banner for your environment.
<html:br xmlns:html="http://www.w3.org/1999/xhtml"/>
         <html:br xmlns:html="http://www.w3.org/1999/xhtml"/>
To enable, add or edit <html:code xmlns:html="http://www.w3.org/1999/xhtml">banner-message-text</html:code> to

<html:code xmlns:html="http://www.w3.org/1999/xhtml">/etc/dconf/db/gdm.d/00-security-settings</html:code>. For example:
<html:pre xmlns:html="http://www.w3.org/1999/xhtml">[org/gnome/login-screen]
banner-message-text='<html:i>APPROVED_BANNER</html:i>'</html:pre>
Once the setting has been added, add a lock to
<html:code xmlns:html="http://www.w3.org/1999/xhtml">/etc/dconf/db/gdm.d/locks/00-security-settings-lock</html:code> to prevent user modification.
For example:
<html:pre xmlns:html="http://www.w3.org/1999/xhtml">/org/gnome/login-screen/banner-message-text</html:pre>

After the settings have been set, run <html:code xmlns:html="http://www.w3.org/1999/xhtml">dconf update</html:code>.
When entering a warning banner that spans several lines, remember
to begin and end the string with <html:code xmlns:html="http://www.w3.org/1999/xhtml">'</html:code> and use <html:code xmlns:html="http://www.w3.org/1999/xhtml">\n</html:code> for new lines.</description>
            <reference href="https://www.cisecurity.org/controls/">1</reference>
            <reference href="https://www.cisecurity.org/controls/">12</reference>
            <reference href="https://www.cisecurity.org/controls/">15</reference>
            <reference href="https://www.cisecurity.org/controls/">16</reference>
            <reference href="https://www.isaca.org/resources/cobit">DSS05.04</reference>
            <reference href="https://www.isaca.org/resources/cobit">DSS05.10</reference>
            <reference href="https://www.isaca.org/resources/cobit">DSS06.10</reference>
            <reference href="http://nvlpubs.nist.gov/nistpubs/SpecialPublications/NIST.SP.800-171.pdf">3.1.9</reference>
            <reference href="https://www.isa.org/products/isa-62443-2-1-2009-security-for-industrial-automat">4.3.3.6.1</reference>
            <reference href="https://www.isa.org/products/isa-62443-2-1-2009-security-for-industrial-automat">4.3.3.6.2</reference>
            <reference href="https://www.isa.org/products/isa-62443-2-1-2009-security-for-industrial-automat">4.3.3.6.3</reference>
            <reference href="https://www.isa.org/products/isa-62443-2-1-2009-security-for-industrial-automat">4.3.3.6.4</reference>
            <reference href="https://www.isa.org/products/isa-62443-2-1-2009-security-for-industrial-automat">4.3.3.6.5</reference>
            <reference href="https://www.isa.org/products/isa-62443-2-1-2009-security-for-industrial-automat">4.3.3.6.6</reference>
            <reference href="https://www.isa.org/products/isa-62443-2-1-2009-security-for-industrial-automat">4.3.3.6.7</reference>
            <reference href="https://www.isa.org/products/isa-62443-2-1-2009-security-for-industrial-automat">4.3.3.6.8</reference>
            <reference href="https://www.isa.org/products/isa-62443-2-1-2009-security-for-industrial-automat">4.3.3.6.9</reference>
            <reference href="https://www.isa.org/products/ansi-isa-62443-3-3-99-03-03-2013-security-for-indu">SR 1.1</reference>
            <reference href="https://www.isa.org/products/ansi-isa-62443-3-3-99-03-03-2013-security-for-indu">SR 1.10</reference>
            <reference href="https://www.isa.org/products/ansi-isa-62443-3-3-99-03-03-2013-security-for-indu">SR 1.2</reference>
            <reference href="https://www.isa.org/products/ansi-isa-62443-3-3-99-03-03-2013-security-for-indu">SR 1.5</reference>
            <reference href="https://www.isa.org/products/ansi-isa-62443-3-3-99-03-03-2013-security-for-indu">SR 1.7</reference>
            <reference href="https://www.isa.org/products/ansi-isa-62443-3-3-99-03-03-2013-security-for-indu">SR 1.8</reference>
            <reference href="https://www.isa.org/products/ansi-isa-62443-3-3-99-03-03-2013-security-for-indu">SR 1.9</reference>
            <reference href="https://www.iso.org/contents/data/standard/05/45/54534.html">A.18.1.4</reference>
            <reference href="https://www.iso.org/contents/data/standard/05/45/54534.html">A.9.2.1</reference>
            <reference href="https://www.iso.org/contents/data/standard/05/45/54534.html">A.9.2.4</reference>
            <reference href="https://www.iso.org/contents/data/standard/05/45/54534.html">A.9.3.1</reference>
            <reference href="https://www.iso.org/contents/data/standard/05/45/54534.html">A.9.4.2</reference>
            <reference href="https://www.iso.org/contents/data/standard/05/45/54534.html">A.9.4.3</reference>
            <reference href="http://nvlpubs.nist.gov/nistpubs/SpecialPublications/NIST.SP.800-53r4.pdf">AC-8(a)</reference>
            <reference href="http://nvlpubs.nist.gov/nistpubs/SpecialPublications/NIST.SP.800-53r4.pdf">AC-8(c)</reference>
            <reference href="https://nvlpubs.nist.gov/nistpubs/CSWP/NIST.CSWP.04162018.pdf">PR.AC-7</reference>
            <reference href="https://www.cyber.mil/stigs/downloads/?_dl_facet_stigs=operating-systems%2Cgeneral-purpose-os">SRG-OS-000023-GPOS-00006</reference>
            <reference href="https://www.cyber.mil/stigs/downloads/?_dl_facet_stigs=operating-systems%2Cgeneral-purpose-os">SRG-OS-000228-GPOS-00088</reference>
            <reference href="https://www.cyber.mil/stigs/downloads/?_dl_facet_stigs=operating-systems%2Cunix-linux">SLES-15-010090</reference>
            <reference href="https://www.cisecurity.org/benchmark/suse_linux/">1.10</reference>
            <reference href="not_publicly_available">SLES-15-151200120</reference>
            <reference href="https://www.cyber.mil/stigs/srg-stig-tools/">SV-234809r958586_rule</reference>
            <rationale xmlns:xhtml="http://www.w3.org/1999/xhtml" xml:lang="en-US">An appropriate warning message reinforces policy awareness during the logon
process and facilitates possible legal action against attackers.</rationale>
            <ident system="https://ncp.nist.gov/cce">CCE-83266-7</ident>
            <fix xmlns:xhtml="http://www.w3.org/1999/xhtml" id="dconf_gnome_login_banner_text" system="urn:xccdf:fix:script:sh"># Remediation is applicable only in certain platforms
if rpm --quiet -q gdm; then

login_banner_text='<xccdf-1.2:sub xmlns:xccdf-1.2="http://checklists.nist.gov/xccdf/1.2" idref="xccdf_org.ssgproject.content_value_login_banner_text" use="legacy"/>'

# Multiple regexes transform the banner regex into a usable banner
# 0 - Remove anchors around the banner text
login_banner_text=$(echo "$login_banner_text" | sed 's/^\^\(.*\)\$$/\1/g')
# 1 - Keep only the first banners if there are multiple
#    (dod_banners contains the long and short banner)
login_banner_text=$(echo "$login_banner_text" | sed 's/^(\(.*\.\)|.*)$/\1/g')
# 2 - Add spaces ' '. (Transforms regex for "space or newline" into a " ")
login_banner_text=$(echo "$login_banner_text" | sed 's/\[\\s\\n\]+/ /g')
# 3 - Adds newline "tokens". (Transforms "(?:\[\\n\]+|(?:\\n)+)" into "(n)*")
login_banner_text=$(echo "$login_banner_text" | sed 's/(?:\[\\n\]+|(?:\\\\n)+)/(n)*/g')
# 4 - Remove any leftover backslash. (From any parenthesis in the banner, for example).
login_banner_text=$(echo "$login_banner_text" | sed 's/\\//g')
# 5 - Removes the newline "token." (Transforms them into newline escape sequences "\n").
#    ( Needs to be done after 4, otherwise the escapce sequence will become just "n".
login_banner_text=$(echo "$login_banner_text" | sed 's/(n)\*/\\n/g')

# Check for setting in any of the DConf db directories
# If files contain ibus or distro, ignore them.
# The assignment assumes that individual filenames don't contain :
readarray -t SETTINGSFILES &lt; &lt;(grep -r "\\[org/gnome/login-screen\\]" "/etc/dconf/db/" \
                                | grep -v 'distro\|ibus\|gdm.d' | cut -d":" -f1)
DCONFFILE="/etc/dconf/db/gdm.d/00-security-settings"
DBDIR="/etc/dconf/db/gdm.d"

mkdir -p "${DBDIR}"

# Comment out the configurations in databases different from the target one
if [ "${#SETTINGSFILES[@]}" -ne 0 ]
then
    if grep -q "^\\s*banner-message-text\\s*=" "${SETTINGSFILES[@]}"
    then
        
        sed -Ei "s/(^\s*)banner-message-text(\s*=)/#\1banner-message-text\2/g" "${SETTINGSFILES[@]}"
    fi
fi

[ ! -z "${DCONFFILE}" ] &amp;&amp; echo "" &gt;&gt; "${DCONFFILE}"
if ! grep -q "\\[org/gnome/login-screen\\]" "${DCONFFILE}"
then
    printf '%s\n' "[org/gnome/login-screen]" &gt;&gt; ${DCONFFILE}
fi

escaped_value="$(sed -e 's/\\/\\\\/g' &lt;&lt;&lt; "'${login_banner_text}'")"
if grep -q "^\\s*banner-message-text\\s*=" "${DCONFFILE}"
then
        sed -i "s/\\s*banner-message-text\\s*=\\s*.*/banner-message-text=${escaped_value}/g" "${DCONFFILE}"
    else
        sed -i "\\|\\[org/gnome/login-screen\\]|a\\banner-message-text=${escaped_value}" "${DCONFFILE}"
fi
dconf update
# Check for setting in any of the DConf db directories
LOCKFILES=$(grep -r "^/org/gnome/login-screen/banner-message-text$" "/etc/dconf/db/" \
            | grep -v 'distro\|ibus\|gdm.d' | grep ":" | cut -d":" -f1)
LOCKSFOLDER="/etc/dconf/db/gdm.d/locks"

mkdir -p "${LOCKSFOLDER}"

# Comment out the configurations in databases different from the target one
if [[ ! -z "${LOCKFILES}" ]]
then
    sed -i -E "s|^/org/gnome/login-screen/banner-message-text$|#&amp;|" "${LOCKFILES[@]}"
fi

if ! grep -qr "^/org/gnome/login-screen/banner-message-text$" /etc/dconf/db/gdm.d/
then
    echo "/org/gnome/login-screen/banner-message-text" &gt;&gt; "/etc/dconf/db/gdm.d/locks/00-security-settings-lock"
fi
dconf update

else
    &gt;&amp;2 echo 'Remediation is not applicable, nothing was done'
fi
</fix>
            <fix xmlns:xhtml="http://www.w3.org/1999/xhtml" id="dconf_gnome_login_banner_text" system="urn:xccdf:fix:script:ansible" complexity="low" disruption="medium">- name: Gather the package facts
  package_facts:
    manager: auto
  tags:
  - CCE-83266-7
  - DISA-STIG-SLES-15-010090
  - NIST-800-171-3.1.9
  - NIST-800-53-AC-8(a)
  - NIST-800-53-AC-8(c)
  - dconf_gnome_login_banner_text
  - low_complexity
  - medium_disruption
  - medium_severity
  - no_reboot_needed
  - unknown_strategy
- name: XCCDF Value login_banner_text # promote to variable
  set_fact:
    login_banner_text: !!str <xccdf-1.2:sub xmlns:xccdf-1.2="http://checklists.nist.gov/xccdf/1.2" idref="xccdf_org.ssgproject.content_value_login_banner_text" use="legacy"/>
  tags:
    - always

- name: Set the GNOME3 Login Warning Banner Text
  ansible.builtin.file:
    path: /etc/dconf/db/{{ item }}
    owner: root
    group: root
    mode: 493
    state: directory
  with_items:
  - gdm.d
  - gdm.d/locks
  when: '"gdm" in ansible_facts.packages'
  tags:
  - CCE-83266-7
  - DISA-STIG-SLES-15-010090
  - NIST-800-171-3.1.9
  - NIST-800-53-AC-8(a)
  - NIST-800-53-AC-8(c)
  - dconf_gnome_login_banner_text
  - low_complexity
  - medium_disruption
  - medium_severity
  - no_reboot_needed
  - unknown_strategy

- name: Set the GNOME3 Login Warning Banner Text
  ansible.builtin.file:
    path: /etc/dconf/db/gdm.d/{{ item }}
    owner: root
    group: root
    mode: 420
    state: touch
  with_items:
  - 00-security-settings
  - locks/00-security-settings-lock
  when: '"gdm" in ansible_facts.packages'
  tags:
  - CCE-83266-7
  - DISA-STIG-SLES-15-010090
  - NIST-800-171-3.1.9
  - NIST-800-53-AC-8(a)
  - NIST-800-53-AC-8(c)
  - dconf_gnome_login_banner_text
  - low_complexity
  - medium_disruption
  - medium_severity
  - no_reboot_needed
  - unknown_strategy

- name: Set the GNOME3 Login Warning Banner Text
  community.general.ini_file:
    dest: /etc/dconf/db/gdm.d/00-security-settings
    section: org/gnome/login-screen
    option: banner-message-text
    value: '''{{ login_banner_text | regex_replace("^\^(.*)\$$", "\1") | regex_replace("^\((.*\.)\|.*\)$",
      "\1") | regex_replace("\[\\s\\n\]\+"," ") | regex_replace("\(\?:\[\\n\]\+\|\(\?:\\\\n\)\+\)",
      "(n)*") | regex_replace("\\", "") | regex_replace("\(n\)\*", "\\n") }}'''
    create: true
    no_extra_spaces: true
  register: result_ini
  when: '"gdm" in ansible_facts.packages'
  tags:
  - CCE-83266-7
  - DISA-STIG-SLES-15-010090
  - NIST-800-171-3.1.9
  - NIST-800-53-AC-8(a)
  - NIST-800-53-AC-8(c)
  - dconf_gnome_login_banner_text
  - low_complexity
  - medium_disruption
  - medium_severity
  - no_reboot_needed
  - unknown_strategy

- name: Prevent user modification of the GNOME3 Login Warning Banner Text
  ansible.builtin.lineinfile:
    path: /etc/dconf/db/gdm.d/locks/00-security-settings-lock
    regexp: ^/org/gnome/login-screen/banner-message-text$
    line: /org/gnome/login-screen/banner-message-text
    create: true
    state: present
  register: result_lineinfile
  when: '"gdm" in ansible_facts.packages'
  tags:
  - CCE-83266-7
  - DISA-STIG-SLES-15-010090
  - NIST-800-171-3.1.9
  - NIST-800-53-AC-8(a)
  - NIST-800-53-AC-8(c)
  - dconf_gnome_login_banner_text
  - low_complexity
  - medium_disruption
  - medium_severity
  - no_reboot_needed
  - unknown_strategy

- name: Dconf Update
  ansible.builtin.command: dconf update
  when:
  - '"gdm" in ansible_facts.packages'
  - result_ini is changed or result_lineinfile is changed
  tags:
  - CCE-83266-7
  - DISA-STIG-SLES-15-010090
  - NIST-800-171-3.1.9
  - NIST-800-53-AC-8(a)
  - NIST-800-53-AC-8(c)
  - dconf_gnome_login_banner_text
  - low_complexity
  - medium_disruption
  - medium_severity
  - no_reboot_needed
  - unknown_strategy
</fix>
            <check system="http://oval.mitre.org/XMLSchema/oval-definitions-5">
              <check-export export-name="oval:ssg-login_banner_text:var:1" value-id="xccdf_org.ssgproject.content_value_login_banner_text"/>
              <check-content-ref name="oval:ssg-dconf_gnome_login_banner_text:def:1" href="ssg-sle15-oval.xml"/>
            </check>
            <check system="http://scap.nist.gov/schema/ocil/2">
              <check-content-ref name="ocil:ssg-dconf_gnome_login_banner_text_ocil:questionnaire:1" href="ssg-sle15-ocil.xml"/>
            </check>
          </Rule>
          <Rule id="xccdf_org.ssgproject.content_rule_gui_login_dod_acknowledgement" selected="false" role="full" severity="medium">
            <title xmlns:xhtml="http://www.w3.org/1999/xhtml" xml:lang="en-US">Display the Standard Mandatory DoD Notice and Consent Banner until Explicit Acknowledgement</title>
            <description xmlns:xhtml="http://www.w3.org/1999/xhtml" xml:lang="en-US">Display of a standardized and approved use notification before granting access to the SUSE operating system ensures privacy and security notification verbiage used is consistent with applicable federal laws, Executive Orders, directives, policies, regulations, standards, and guidance.<html:br xmlns:html="http://www.w3.org/1999/xhtml"/>
         <html:br xmlns:html="http://www.w3.org/1999/xhtml"/>

The banner must be acknowledged by the user prior to allowing the user access to the SUSE operating system. This provides assurance that the user has seen the message and accepted the conditions for access. If the consent banner is not acknowledged by the user, DoD will not be in compliance with system use notifications required by law.<html:br xmlns:html="http://www.w3.org/1999/xhtml"/>
         <html:br xmlns:html="http://www.w3.org/1999/xhtml"/>

System use notifications are required only for access via logon interfaces with human users and are not required when such human interfaces do not exist.<html:br xmlns:html="http://www.w3.org/1999/xhtml"/>
         <html:br xmlns:html="http://www.w3.org/1999/xhtml"/>

The banner must be formatted in accordance with applicable DoD policy. Use the following verbiage for the SUSE operating system:

<html:pre xmlns:html="http://www.w3.org/1999/xhtml">You are accessing a U.S. Government (USG) Information System (IS) that is provided for USG-authorized use only.

By using this IS (which includes any device attached to this IS), you consent to the following conditions:

-The USG routinely intercepts and monitors communications on this IS for purposes including, but not limited to, penetration testing, COMSEC monitoring, network operations and defense, personnel misconduct (PM), law enforcement (LE), and counterintelligence (CI) investigations.

-At any time, the USG may inspect and seize data stored on this IS.

-Communications using, or data stored on, this IS are not private, are subject to routine monitoring, interception, and search, and may be disclosed or used for any USG-authorized purpose.

-This IS includes security measures (e.g., authentication and access controls) to protect USG interests--not for your personal benefit or privacy.

-Notwithstanding the above, using this IS does not constitute consent to PM, LE or CI investigative searching or monitoring of the content of privileged communications, or work product, related to personal representation or services by attorneys, psychotherapists, or clergy, and their assistants. Such communications and work product are private and confidential. See User Agreement for details.</html:pre>

Check the configuration by running the following command:

<html:pre xmlns:html="http://www.w3.org/1999/xhtml"># more /etc/gdm/Xsession</html:pre>

The beginning of the file must contain the following text immediately after <html:code xmlns:html="http://www.w3.org/1999/xhtml">#!/bin/sh</html:code>:

<html:pre xmlns:html="http://www.w3.org/1999/xhtml">if ! zenity --text-info \
--title "Consent" \
--filename=/etc/gdm/banner \
--no-markup \
--checkbox="Accept." 10 10; then
sleep 1;
exit 1;
fi</html:pre>
        </description>
            <reference href="http://nvlpubs.nist.gov/nistpubs/SpecialPublications/NIST.SP.800-53r4.pdf">AC-8 a</reference>
            <reference href="http://nvlpubs.nist.gov/nistpubs/SpecialPublications/NIST.SP.800-53r4.pdf">AC-8.1 (ii)</reference>
            <reference href="http://nvlpubs.nist.gov/nistpubs/SpecialPublications/NIST.SP.800-53r4.pdf">AC-8 b</reference>
            <reference href="http://nvlpubs.nist.gov/nistpubs/SpecialPublications/NIST.SP.800-53r4.pdf">AC-8.1 (iii)</reference>
            <reference href="https://www.cyber.mil/stigs/downloads/?_dl_facet_stigs=operating-systems%2Cgeneral-purpose-os">SRG-OS-000023-GPOS-00006</reference>
            <reference href="https://www.cyber.mil/stigs/downloads/?_dl_facet_stigs=operating-systems%2Cunix-linux">SLES-15-010050</reference>
            <reference href="https://www.cyber.mil/stigs/srg-stig-tools/">SV-234806r958390_rule</reference>
            <rationale xmlns:xhtml="http://www.w3.org/1999/xhtml" xml:lang="en-US">Display of a standardized and approved use notification before granting access to the operating system
ensures privacy and security notification verbiage used is consistent with applicable federal laws,
Executive Orders, directives, policies, regulations, standards, and guidance.
<html:br xmlns:html="http://www.w3.org/1999/xhtml"/>
         <html:br xmlns:html="http://www.w3.org/1999/xhtml"/>
For U.S. Government systems, system use notifications are required only for access via login interfaces
with human users and are not required when such human interfaces do not exist.</rationale>
            <ident system="https://ncp.nist.gov/cce">CCE-85668-2</ident>
            <fix xmlns:xhtml="http://www.w3.org/1999/xhtml" id="gui_login_dod_acknowledgement" system="urn:xccdf:fix:script:sh"># Remediation is applicable only in certain platforms
if rpm --quiet -q gdm; then

if ! [ -x /etc/gdm/Xsession ] ; then
    echo "can only remediate if /etc/gdm/Xsession is an executable shell script" &gt;&amp;2
    exit 1
fi

if ! awk 'NR==1 &amp;&amp; $0 == "#!/bin/sh" { exit 0 } ; { exit 1 }' /etc/gdm/Xsession ; then
    echo "can only remediate if /etc/gdm/Xsession is a shell script" &gt;&amp;2
    exit 1
fi

f=$(mktemp)

echo '#!/bin/sh

if ! zenity --text-info \
 --title "Consent" \
 --filename=/etc/gdm/banner \
 --no-markup \
 --checkbox="Accept." 10 10; then
  sleep 1;
  exit 1;
fi
' &gt; "$f"

# copy original contents of /etc/gdm/Xsession - but skip the shebang
tail -n +2 /etc/gdm/Xsession &gt;&gt; "$f"

chown --reference=/etc/gdm/Xsession "$f"
chmod --reference=/etc/gdm/Xsession "$f"
mv "$f" /etc/gdm/Xsession

else
    &gt;&amp;2 echo 'Remediation is not applicable, nothing was done'
fi
</fix>
            <fix xmlns:xhtml="http://www.w3.org/1999/xhtml" id="gui_login_dod_acknowledgement" system="urn:xccdf:fix:script:ansible" complexity="low" disruption="medium">- name: Gather the package facts
  package_facts:
    manager: auto
  tags:
  - CCE-85668-2
  - DISA-STIG-SLES-15-010050
  - NIST-800-53-AC-8 a
  - NIST-800-53-AC-8 b
  - NIST-800-53-AC-8.1 (ii)
  - NIST-800-53-AC-8.1 (iii)
  - gui_login_dod_acknowledgement
  - low_complexity
  - medium_disruption
  - medium_severity
  - no_reboot_needed
  - unknown_strategy

- name: Validate /etc/gdm/Xsession is executable
  ansible.builtin.stat:
    path: /etc/gdm/Xsession
  register: file_stat
  when: '"gdm" in ansible_facts.packages'
  tags:
  - CCE-85668-2
  - DISA-STIG-SLES-15-010050
  - NIST-800-53-AC-8 a
  - NIST-800-53-AC-8 b
  - NIST-800-53-AC-8.1 (ii)
  - NIST-800-53-AC-8.1 (iii)
  - gui_login_dod_acknowledgement
  - low_complexity
  - medium_disruption
  - medium_severity
  - no_reboot_needed
  - unknown_strategy

- name: Validate /etc/gdm/Xsession is a shell script
  ansible.builtin.lineinfile:
    dest: /etc/gdm/Xsession
    line: '#!/bin/sh'
  check_mode: true
  register: presence
  when: '"gdm" in ansible_facts.packages'
  tags:
  - CCE-85668-2
  - DISA-STIG-SLES-15-010050
  - NIST-800-53-AC-8 a
  - NIST-800-53-AC-8 b
  - NIST-800-53-AC-8.1 (ii)
  - NIST-800-53-AC-8.1 (iii)
  - gui_login_dod_acknowledgement
  - low_complexity
  - medium_disruption
  - medium_severity
  - no_reboot_needed
  - unknown_strategy

- name: Update file /etc/gdm/Xsession
  ansible.builtin.blockinfile:
    path: /etc/gdm/Xsession
    block: |
      if ! zenity --text-info \
       --title "Consent" \
       --filename=/etc/gdm/banner \
       --no-markup \
       --checkbox="Accept." 10 10; then
        sleep 1;
        exit 1;
      fi
    insertafter: '#!/bin/sh'
    state: present
  when:
  - '"gdm" in ansible_facts.packages'
  - not presence.changed | bool
  - file_stat.stat.executable | bool
  tags:
  - CCE-85668-2
  - DISA-STIG-SLES-15-010050
  - NIST-800-53-AC-8 a
  - NIST-800-53-AC-8 b
  - NIST-800-53-AC-8.1 (ii)
  - NIST-800-53-AC-8.1 (iii)
  - gui_login_dod_acknowledgement
  - low_complexity
  - medium_disruption
  - medium_severity
  - no_reboot_needed
  - unknown_strategy
</fix>
            <check system="http://oval.mitre.org/XMLSchema/oval-definitions-5">
              <check-content-ref name="oval:ssg-gui_login_dod_acknowledgement:def:1" href="ssg-sle15-oval.xml"/>
            </check>
            <check system="http://scap.nist.gov/schema/ocil/2">
              <check-content-ref name="ocil:ssg-gui_login_dod_acknowledgement_ocil:questionnaire:1" href="ssg-sle15-ocil.xml"/>
            </check>
          </Rule>
        </Group>
      </Group>
      <Group id="xccdf_org.ssgproject.content_group_accounts-pam">
        <title xmlns:xhtml="http://www.w3.org/1999/xhtml" xml:lang="en-US">Protect Accounts by Configuring PAM</title>
        <description xmlns:xhtml="http://www.w3.org/1999/xhtml" xml:lang="en-US">PAM, or Pluggable Authentication Modules, is a system
which implements modular authentication for Linux programs. PAM provides
a flexible and configurable architecture for authentication, and it should be configured
to minimize exposure to unnecessary risk. This section contains
guidance on how to accomplish that.
<html:br xmlns:html="http://www.w3.org/1999/xhtml"/>
       <html:br xmlns:html="http://www.w3.org/1999/xhtml"/>
PAM is implemented as a set of shared objects which are
loaded and invoked whenever an application wishes to authenticate a
user. Typically, the application must be running as root in order
to take advantage of PAM, because PAM's modules often need to be able
to access sensitive stores of account information, such as /etc/shadow.
Traditional privileged network listeners
(e.g. sshd) or SUID programs (e.g. sudo) already meet this
requirement. An SUID root application, userhelper, is provided so
that programs which are not SUID or privileged themselves can still
take advantage of PAM.
<html:br xmlns:html="http://www.w3.org/1999/xhtml"/>
       <html:br xmlns:html="http://www.w3.org/1999/xhtml"/>
PAM looks in the directory <html:code xmlns:html="http://www.w3.org/1999/xhtml">/etc/pam.d</html:code> for
application-specific configuration information. For instance, if
the program login attempts to authenticate a user, then PAM's
libraries follow the instructions in the file <html:code xmlns:html="http://www.w3.org/1999/xhtml">/etc/pam.d/login</html:code>
to determine what actions should be taken.
<html:br xmlns:html="http://www.w3.org/1999/xhtml"/>
       <html:br xmlns:html="http://www.w3.org/1999/xhtml"/>
One very important file in <html:code xmlns:html="http://www.w3.org/1999/xhtml">/etc/pam.d</html:code> is
<html:code xmlns:html="http://www.w3.org/1999/xhtml">/etc/pam.d/system-auth</html:code>. This file, which is included by
many other PAM configuration files, defines 'default' system authentication
measures. Modifying this file is a good way to make far-reaching
authentication changes, for instance when implementing a
centralized authentication service.</description>
        <warning xmlns:xhtml="http://www.w3.org/1999/xhtml" xml:lang="en-US" category="functionality">Be careful when making changes to PAM's configuration files.
The syntax for these files is complex, and modifications can
have unexpected consequences. The default configurations shipped
with applications should be sufficient for most users.</warning>
        <warning xmlns:xhtml="http://www.w3.org/1999/xhtml" xml:lang="en-US" category="functionality">Running <html:code xmlns:html="http://www.w3.org/1999/xhtml">authconfig</html:code> or <html:code xmlns:html="http://www.w3.org/1999/xhtml">system-config-authentication</html:code>
will re-write the PAM configuration files, destroying any manually
made changes and replacing them with a series of system defaults.
One reference to the configuration file syntax can be found at

<html:a xmlns:html="http://www.w3.org/1999/xhtml" href="https://fossies.org/linux/Linux-PAM-docs/doc/sag/Linux-PAM_SAG.pdf">https://fossies.org/linux/Linux-PAM-docs/doc/sag/Linux-PAM_SAG.pdf</html:a>.</warning>
        <Value id="xccdf_org.ssgproject.content_value_var_password_hashing_algorithm" type="string">
          <title xmlns:xhtml="http://www.w3.org/1999/xhtml" xml:lang="en-US">Password Hashing algorithm</title>
          <description xmlns:xhtml="http://www.w3.org/1999/xhtml" xml:lang="en-US">Specify the system default encryption algorithm for encrypting passwords.
Defines the value set as ENCRYPT_METHOD in /etc/login.defs.</description>
          <value>SHA512</value>
          <value selector="SHA512">SHA512</value>
          <value selector="SHA256">SHA256</value>
          <value selector="yescrypt">YESCRYPT</value>
          <value selector="cis_ubuntu2204">SHA512|YESCRYPT</value>
          <value selector="cis_ubuntu2404">SHA512|YESCRYPT</value>
        </Value>
        <Value id="xccdf_org.ssgproject.content_value_var_password_hashing_algorithm_pam" type="string">
          <title xmlns:xhtml="http://www.w3.org/1999/xhtml" xml:lang="en-US">Password Hashing algorithm for pam_unix.so</title>
          <description xmlns:xhtml="http://www.w3.org/1999/xhtml" xml:lang="en-US">Specify the system default encryption algorithm for encrypting passwords.
Defines the hashing algorithm to be used in pam_unix.so.</description>
          <value>sha512</value>
          <value selector="sha512">sha512</value>
          <value selector="yescrypt">yescrypt</value>
        </Value>
        <Value id="xccdf_org.ssgproject.content_value_var_password_pam_unix_remember" type="number">
          <title xmlns:xhtml="http://www.w3.org/1999/xhtml" xml:lang="en-US">remember</title>
          <description xmlns:xhtml="http://www.w3.org/1999/xhtml" xml:lang="en-US">The last n passwords for each user are saved in
<html:code xmlns:html="http://www.w3.org/1999/xhtml">/etc/security/opasswd</html:code> in order to force password change history and
keep the user from alternating between the same password too
frequently.</description>
          <value selector="0">0</value>
          <value selector="10">10</value>
          <value selector="24">24</value>
          <value selector="2">2</value>
          <value selector="4">4</value>
          <value selector="5">5</value>
          <value>5</value>
        </Value>
        <Rule id="xccdf_org.ssgproject.content_rule_disallow_bypass_password_sudo" selected="false" role="full" severity="medium">
          <title xmlns:xhtml="http://www.w3.org/1999/xhtml" xml:lang="en-US">Disallow Configuration to Bypass Password Requirements for Privilege Escalation</title>
          <description xmlns:xhtml="http://www.w3.org/1999/xhtml" xml:lang="en-US">Verify the operating system is not configured to bypass password requirements for privilege
escalation. Check the configuration of the "/etc/pam.d/sudo" file with the following command:
<html:pre xmlns:html="http://www.w3.org/1999/xhtml">$ sudo grep pam_succeed_if /etc/pam.d/sudo</html:pre>
If any occurrences of "pam_succeed_if" is returned from the command, this is a finding.</description>
          <reference href="http://nvlpubs.nist.gov/nistpubs/SpecialPublications/NIST.SP.800-53r4.pdf">IA-11</reference>
          <reference href="https://www.cyber.mil/stigs/downloads/?_dl_facet_stigs=operating-systems%2Cgeneral-purpose-os">SRG-OS-000373-GPOS-00156</reference>
          <reference href="https://www.cyber.mil/stigs/downloads/?_dl_facet_stigs=operating-systems%2Cgeneral-purpose-os">SRG-OS-000373-GPOS-00157</reference>
          <reference href="https://www.cyber.mil/stigs/downloads/?_dl_facet_stigs=operating-systems%2Cgeneral-purpose-os">SRG-OS-000373-GPOS-00158</reference>
          <reference href="https://www.cyber.mil/stigs/downloads/?_dl_facet_stigs=operating-systems%2Cunix-linux">SLES-15-020104</reference>
          <reference href="https://www.cyber.mil/stigs/srg-stig-tools/">SV-251724r1050789_rule</reference>
          <rationale xmlns:xhtml="http://www.w3.org/1999/xhtml" xml:lang="en-US">Without re-authentication, users may access resources or perform tasks for which they do not
have authorization. When operating systems provide the capability to escalate a functional
capability, it is critical the user re-authenticate.</rationale>
          <platform idref="#package_pam_and_system_with_kernel"/>
          <ident system="https://ncp.nist.gov/cce">CCE-91156-0</ident>
          <fix xmlns:xhtml="http://www.w3.org/1999/xhtml" id="disallow_bypass_password_sudo" system="urn:xccdf:fix:script:sh"># Remediation is applicable only in certain platforms
if ( rpm --quiet -q pam &amp;&amp; rpm --quiet -q kernel-default || rpm --quiet -q kernel-default-base ); then

sed -i '/pam_succeed_if/d' /etc/pam.d/sudo

else
    &gt;&amp;2 echo 'Remediation is not applicable, nothing was done'
fi
</fix>
          <fix xmlns:xhtml="http://www.w3.org/1999/xhtml" id="disallow_bypass_password_sudo" system="urn:xccdf:fix:script:ansible" complexity="low" disruption="low" strategy="restrict">- name: Gather the package facts
  package_facts:
    manager: auto
  tags:
  - CCE-91156-0
  - DISA-STIG-SLES-15-020104
  - NIST-800-53-IA-11
  - disallow_bypass_password_sudo
  - low_complexity
  - low_disruption
  - medium_severity
  - no_reboot_needed
  - restrict_strategy

- name: Check for pam_succeed_if entry
  ansible.builtin.lineinfile:
    path: /etc/pam.d/sudo
    create: false
    regexp: pam_succeed_if
    state: absent
  when: ( "pam" in ansible_facts.packages and ("kernel-default" in ansible_facts.packages
    or "kernel-default-base" in ansible_facts.packages) )
  tags:
  - CCE-91156-0
  - DISA-STIG-SLES-15-020104
  - NIST-800-53-IA-11
  - disallow_bypass_password_sudo
  - low_complexity
  - low_disruption
  - medium_severity
  - no_reboot_needed
  - restrict_strategy
</fix>
          <check system="http://oval.mitre.org/XMLSchema/oval-definitions-5">
            <check-content-ref name="oval:ssg-disallow_bypass_password_sudo:def:1" href="ssg-sle15-oval.xml"/>
          </check>
          <check system="http://scap.nist.gov/schema/ocil/2">
            <check-content-ref name="ocil:ssg-disallow_bypass_password_sudo_ocil:questionnaire:1" href="ssg-sle15-ocil.xml"/>
          </check>
        </Rule>
        <Rule id="xccdf_org.ssgproject.content_rule_display_login_attempts" selected="false" role="full" severity="low">
          <title xmlns:xhtml="http://www.w3.org/1999/xhtml" xml:lang="en-US">Ensure PAM Displays Last Logon/Access Notification</title>
          <description xmlns:xhtml="http://www.w3.org/1999/xhtml" xml:lang="en-US">To configure the system to notify users of last logon/access using <html:code xmlns:html="http://www.w3.org/1999/xhtml">pam_lastlog</html:code>,
add or correct the <html:code xmlns:html="http://www.w3.org/1999/xhtml">pam_lastlog</html:code> settings in <html:code xmlns:html="http://www.w3.org/1999/xhtml">/etc/pam.d/login</html:code>
to include <html:code xmlns:html="http://www.w3.org/1999/xhtml">showfailed</html:code> option, such as:
<html:pre xmlns:html="http://www.w3.org/1999/xhtml">session     optional    pam_lastlog.so showfailed</html:pre>
And make sure that the <html:code xmlns:html="http://www.w3.org/1999/xhtml">silent</html:code> option is not set for this specific line.</description>
          <warning xmlns:xhtml="http://www.w3.org/1999/xhtml" xml:lang="en-US" category="general">If the system relies on <html:code xmlns:html="http://www.w3.org/1999/xhtml">authselect</html:code> tool to manage PAM settings, the remediation
will also use <html:code xmlns:html="http://www.w3.org/1999/xhtml">authselect</html:code> tool. However, if any manual modification was made in
PAM files, the <html:code xmlns:html="http://www.w3.org/1999/xhtml">authselect</html:code> integrity check will fail and the remediation will be
aborted in order to preserve intentional changes. In this case, an informative message will
be shown in the remediation report.</warning>
          <warning xmlns:xhtml="http://www.w3.org/1999/xhtml" xml:lang="en-US" category="general"><html:code xmlns:html="http://www.w3.org/1999/xhtml">authselect</html:code> contains an authselect feature to easily and properly enable Last Logon
notifications with <html:code xmlns:html="http://www.w3.org/1999/xhtml">pam_lastlog.so</html:code> module. If a custom profile was created and used
in the system before this authselect feature was available, the new feature can't be used
with this custom profile and the remediation will fail. In this case, the custom profile
should be recreated or manually updated.</warning>
          <reference href="https://www.cisecurity.org/controls/">1</reference>
          <reference href="https://www.cisecurity.org/controls/">12</reference>
          <reference href="https://www.cisecurity.org/controls/">15</reference>
          <reference href="https://www.cisecurity.org/controls/">16</reference>
          <reference href="https://www.fbi.gov/file-repository/cjis-security-policy-v5_5_20160601-2-1.pdf">5.5.2</reference>
          <reference href="https://www.isaca.org/resources/cobit">DSS05.04</reference>
          <reference href="https://www.isaca.org/resources/cobit">DSS05.10</reference>
          <reference href="https://www.isaca.org/resources/cobit">DSS06.10</reference>
          <reference href="https://www.isa.org/products/isa-62443-2-1-2009-security-for-industrial-automat">4.3.3.6.1</reference>
          <reference href="https://www.isa.org/products/isa-62443-2-1-2009-security-for-industrial-automat">4.3.3.6.2</reference>
          <reference href="https://www.isa.org/products/isa-62443-2-1-2009-security-for-industrial-automat">4.3.3.6.3</reference>
          <reference href="https://www.isa.org/products/isa-62443-2-1-2009-security-for-industrial-automat">4.3.3.6.4</reference>
          <reference href="https://www.isa.org/products/isa-62443-2-1-2009-security-for-industrial-automat">4.3.3.6.5</reference>
          <reference href="https://www.isa.org/products/isa-62443-2-1-2009-security-for-industrial-automat">4.3.3.6.6</reference>
          <reference href="https://www.isa.org/products/isa-62443-2-1-2009-security-for-industrial-automat">4.3.3.6.7</reference>
          <reference href="https://www.isa.org/products/isa-62443-2-1-2009-security-for-industrial-automat">4.3.3.6.8</reference>
          <reference href="https://www.isa.org/products/isa-62443-2-1-2009-security-for-industrial-automat">4.3.3.6.9</reference>
          <reference href="https://www.isa.org/products/ansi-isa-62443-3-3-99-03-03-2013-security-for-indu">SR 1.1</reference>
          <reference href="https://www.isa.org/products/ansi-isa-62443-3-3-99-03-03-2013-security-for-indu">SR 1.10</reference>
          <reference href="https://www.isa.org/products/ansi-isa-62443-3-3-99-03-03-2013-security-for-indu">SR 1.2</reference>
          <reference href="https://www.isa.org/products/ansi-isa-62443-3-3-99-03-03-2013-security-for-indu">SR 1.5</reference>
          <reference href="https://www.isa.org/products/ansi-isa-62443-3-3-99-03-03-2013-security-for-indu">SR 1.7</reference>
          <reference href="https://www.isa.org/products/ansi-isa-62443-3-3-99-03-03-2013-security-for-indu">SR 1.8</reference>
          <reference href="https://www.isa.org/products/ansi-isa-62443-3-3-99-03-03-2013-security-for-indu">SR 1.9</reference>
          <reference href="https://www.iso.org/contents/data/standard/05/45/54534.html">A.18.1.4</reference>
          <reference href="https://www.iso.org/contents/data/standard/05/45/54534.html">A.9.2.1</reference>
          <reference href="https://www.iso.org/contents/data/standard/05/45/54534.html">A.9.2.4</reference>
          <reference href="https://www.iso.org/contents/data/standard/05/45/54534.html">A.9.3.1</reference>
          <reference href="https://www.iso.org/contents/data/standard/05/45/54534.html">A.9.4.2</reference>
          <reference href="https://www.iso.org/contents/data/standard/05/45/54534.html">A.9.4.3</reference>
          <reference href="http://nvlpubs.nist.gov/nistpubs/SpecialPublications/NIST.SP.800-53r4.pdf">AC-9</reference>
          <reference href="http://nvlpubs.nist.gov/nistpubs/SpecialPublications/NIST.SP.800-53r4.pdf">AC-9(1)</reference>
          <reference href="https://nvlpubs.nist.gov/nistpubs/CSWP/NIST.CSWP.04162018.pdf">PR.AC-7</reference>
          <reference href="https://www.pcisecuritystandards.org/documents/PCI_DSS_v3-2-1.pdf">Req-10.2.4</reference>
          <reference href="https://www.cyber.mil/stigs/downloads/?_dl_facet_stigs=operating-systems%2Cgeneral-purpose-os">SRG-OS-000480-GPOS-00227</reference>
          <reference href="https://www.cyber.mil/stigs/downloads/?_dl_facet_stigs=operating-systems%2Cunix-linux">SLES-15-020080</reference>
          <reference href="https://docs-prv.pcisecuritystandards.org/PCI%20DSS/Standard/PCI-DSS-v4_0.pdf">10.2.1.4</reference>
          <reference href="https://docs-prv.pcisecuritystandards.org/PCI%20DSS/Standard/PCI-DSS-v4_0.pdf">10.2.1</reference>
          <reference href="https://docs-prv.pcisecuritystandards.org/PCI%20DSS/Standard/PCI-DSS-v4_0.pdf">10.2</reference>
          <reference href="https://www.cyber.mil/stigs/srg-stig-tools/">SV-234873r991589_rule</reference>
          <rationale xmlns:xhtml="http://www.w3.org/1999/xhtml" xml:lang="en-US">Users need to be aware of activity that occurs regarding their account. Providing users with
information regarding the number of unsuccessful attempts that were made to login to their
account allows the user to determine if any unauthorized activity has occurred and gives them
an opportunity to notify administrators.</rationale>
          <platform idref="#package_pam_and_system_with_kernel"/>
          <ident system="https://ncp.nist.gov/cce">CCE-85560-1</ident>
          <fix xmlns:xhtml="http://www.w3.org/1999/xhtml" id="display_login_attempts" system="urn:xccdf:fix:script:sh"># Remediation is applicable only in certain platforms
if ( rpm --quiet -q pam &amp;&amp; rpm --quiet -q kernel-default || rpm --quiet -q kernel-default-base ); then

if [ -f /usr/bin/authselect ]; then
    if authselect list-features sssd | grep -q with-silent-lastlog; then
        if ! authselect check; then
        echo "
        authselect integrity check failed. Remediation aborted!
        This remediation could not be applied because an authselect profile was not selected or the selected profile is not intact.
        It is not recommended to manually edit the PAM files when authselect tool is available.
        In cases where the default authselect profile does not cover a specific demand, a custom authselect profile is recommended."
        exit 1
        fi
        authselect disable-feature with-silent-lastlog

        authselect apply-changes -b
    else
        
        if ! authselect check; then
        echo "
        authselect integrity check failed. Remediation aborted!
        This remediation could not be applied because an authselect profile was not selected or the selected profile is not intact.
        It is not recommended to manually edit the PAM files when authselect tool is available.
        In cases where the default authselect profile does not cover a specific demand, a custom authselect profile is recommended."
        exit 1
        fi

        CURRENT_PROFILE=$(authselect current -r | awk '{ print $1 }')
        # If not already in use, a custom profile is created preserving the enabled features.
        if [[ ! $CURRENT_PROFILE == custom/* ]]; then
            ENABLED_FEATURES=$(authselect current | tail -n+3 | awk '{ print $2 }')
            # The "local" profile does not contain essential security features required by multiple Benchmarks.
            # If currently used, it is replaced by "sssd", which is the best option in this case.
            if [[ $CURRENT_PROFILE == local ]]; then
                CURRENT_PROFILE="sssd"
            fi
            authselect create-profile hardening -b $CURRENT_PROFILE
            CURRENT_PROFILE="custom/hardening"
            
            authselect apply-changes -b --backup=before-hardening-custom-profile
            authselect select $CURRENT_PROFILE
            for feature in $ENABLED_FEATURES; do
                authselect enable-feature $feature;
            done
            
            authselect apply-changes -b --backup=after-hardening-custom-profile
        fi
        PAM_FILE_NAME=$(basename "/etc/pam.d/login")
        PAM_FILE_PATH="/etc/authselect/$CURRENT_PROFILE/$PAM_FILE_NAME"

        authselect apply-changes -b
        if [ -e "$PAM_FILE_PATH" ] ; then
            PAM_FILE_PATH="$PAM_FILE_PATH"
            if [ -f /usr/bin/authselect ]; then
                
                if ! authselect check; then
                echo "
                authselect integrity check failed. Remediation aborted!
                This remediation could not be applied because an authselect profile was not selected or the selected profile is not intact.
                It is not recommended to manually edit the PAM files when authselect tool is available.
                In cases where the default authselect profile does not cover a specific demand, a custom authselect profile is recommended."
                exit 1
                fi

                CURRENT_PROFILE=$(authselect current -r | awk '{ print $1 }')
                # If not already in use, a custom profile is created preserving the enabled features.
                if [[ ! $CURRENT_PROFILE == custom/* ]]; then
                    ENABLED_FEATURES=$(authselect current | tail -n+3 | awk '{ print $2 }')
                    # The "local" profile does not contain essential security features required by multiple Benchmarks.
                    # If currently used, it is replaced by "sssd", which is the best option in this case.
                    if [[ $CURRENT_PROFILE == local ]]; then
                        CURRENT_PROFILE="sssd"
                    fi
                    authselect create-profile hardening -b $CURRENT_PROFILE
                    CURRENT_PROFILE="custom/hardening"
                    
                    authselect apply-changes -b --backup=before-hardening-custom-profile
                    authselect select $CURRENT_PROFILE
                    for feature in $ENABLED_FEATURES; do
                        authselect enable-feature $feature;
                    done
                    
                    authselect apply-changes -b --backup=after-hardening-custom-profile
                fi
                PAM_FILE_NAME=$(basename "$PAM_FILE_PATH")
                PAM_FILE_PATH="/etc/authselect/$CURRENT_PROFILE/$PAM_FILE_NAME"

                authselect apply-changes -b
            fi
            

                if ! grep -qP "^\s*session\s+optional\s+pam_lastlog.so\s*.*" "$PAM_FILE_PATH"; then
                    # Line matching group + control + module was not found. Check group + module.
                    if [ "$(grep -cP '^\s*session\s+.*\s+pam_lastlog.so\s*' "$PAM_FILE_PATH")" -eq 1 ]; then
                        # The control is updated only if one single line matches.
                        sed -i -E --follow-symlinks "s/^(\s*session\s+).*(\bpam_lastlog.so.*)/\1optional \2/" "$PAM_FILE_PATH"
                    else
                        LAST_MATCH_LINE=$(grep -nP "^\s*session.*include\s+common-session$" "$PAM_FILE_PATH" | tail -n 1 | cut -d: -f 1)
                        if [ ! -z $LAST_MATCH_LINE ]; then
                            sed -i --follow-symlinks $LAST_MATCH_LINE" a session     optional    pam_lastlog.so" "$PAM_FILE_PATH"
                        else
                            echo "session    optional    pam_lastlog.so" &gt;&gt; "$PAM_FILE_PATH"
                        fi
                    fi
                fi
                # Check the option
                if ! grep -qP "^\s*session\s+optional\s+pam_lastlog.so\s*.*\sshowfailed\b" "$PAM_FILE_PATH"; then
                    sed -i -E --follow-symlinks "/\s*session\s+optional\s+pam_lastlog.so.*/ s/$/ showfailed/" "$PAM_FILE_PATH"
                fi
            if [ -f /usr/bin/authselect ]; then
                
                authselect apply-changes -b
            fi
        else
            echo "$PAM_FILE_PATH was not found" &gt;&amp;2
        fi
        if [ -e "$PAM_FILE_PATH" ] ; then
            PAM_FILE_PATH="$PAM_FILE_PATH"
            if [ -f /usr/bin/authselect ]; then
                
                if ! authselect check; then
                echo "
                authselect integrity check failed. Remediation aborted!
                This remediation could not be applied because an authselect profile was not selected or the selected profile is not intact.
                It is not recommended to manually edit the PAM files when authselect tool is available.
                In cases where the default authselect profile does not cover a specific demand, a custom authselect profile is recommended."
                exit 1
                fi

                CURRENT_PROFILE=$(authselect current -r | awk '{ print $1 }')
                # If not already in use, a custom profile is created preserving the enabled features.
                if [[ ! $CURRENT_PROFILE == custom/* ]]; then
                    ENABLED_FEATURES=$(authselect current | tail -n+3 | awk '{ print $2 }')
                    # The "local" profile does not contain essential security features required by multiple Benchmarks.
                    # If currently used, it is replaced by "sssd", which is the best option in this case.
                    if [[ $CURRENT_PROFILE == local ]]; then
                        CURRENT_PROFILE="sssd"
                    fi
                    authselect create-profile hardening -b $CURRENT_PROFILE
                    CURRENT_PROFILE="custom/hardening"
                    
                    authselect apply-changes -b --backup=before-hardening-custom-profile
                    authselect select $CURRENT_PROFILE
                    for feature in $ENABLED_FEATURES; do
                        authselect enable-feature $feature;
                    done
                    
                    authselect apply-changes -b --backup=after-hardening-custom-profile
                fi
                PAM_FILE_NAME=$(basename "$PAM_FILE_PATH")
                PAM_FILE_PATH="/etc/authselect/$CURRENT_PROFILE/$PAM_FILE_NAME"

                authselect apply-changes -b
            fi
            
        if grep -qP "^\s*session\s+optional\s+pam_lastlog.so\s.*\bsilent\b" "$PAM_FILE_PATH"; then
            sed -i -E --follow-symlinks "s/(.*session.*optional.*pam_lastlog.so.*)\bsilent\b=?[[:alnum:]]*(.*)/\1\2/g" "$PAM_FILE_PATH"
        fi
            if [ -f /usr/bin/authselect ]; then
                
                authselect apply-changes -b
            fi
        else
            echo "$PAM_FILE_PATH was not found" &gt;&amp;2
        fi
    fi
else
    if [ -e "/etc/pam.d/login" ] ; then
            PAM_FILE_PATH="/etc/pam.d/login"
            if [ -f /usr/bin/authselect ]; then
                
                if ! authselect check; then
                echo "
                authselect integrity check failed. Remediation aborted!
                This remediation could not be applied because an authselect profile was not selected or the selected profile is not intact.
                It is not recommended to manually edit the PAM files when authselect tool is available.
                In cases where the default authselect profile does not cover a specific demand, a custom authselect profile is recommended."
                exit 1
                fi

                CURRENT_PROFILE=$(authselect current -r | awk '{ print $1 }')
                # If not already in use, a custom profile is created preserving the enabled features.
                if [[ ! $CURRENT_PROFILE == custom/* ]]; then
                    ENABLED_FEATURES=$(authselect current | tail -n+3 | awk '{ print $2 }')
                    # The "local" profile does not contain essential security features required by multiple Benchmarks.
                    # If currently used, it is replaced by "sssd", which is the best option in this case.
                    if [[ $CURRENT_PROFILE == local ]]; then
                        CURRENT_PROFILE="sssd"
                    fi
                    authselect create-profile hardening -b $CURRENT_PROFILE
                    CURRENT_PROFILE="custom/hardening"
                    
                    authselect apply-changes -b --backup=before-hardening-custom-profile
                    authselect select $CURRENT_PROFILE
                    for feature in $ENABLED_FEATURES; do
                        authselect enable-feature $feature;
                    done
                    
                    authselect apply-changes -b --backup=after-hardening-custom-profile
                fi
                PAM_FILE_NAME=$(basename "/etc/pam.d/login")
                PAM_FILE_PATH="/etc/authselect/$CURRENT_PROFILE/$PAM_FILE_NAME"

                authselect apply-changes -b
            fi
            

                if ! grep -qP "^\s*session\s+optional\s+pam_lastlog.so\s*.*" "$PAM_FILE_PATH"; then
                    # Line matching group + control + module was not found. Check group + module.
                    if [ "$(grep -cP '^\s*session\s+.*\s+pam_lastlog.so\s*' "$PAM_FILE_PATH")" -eq 1 ]; then
                        # The control is updated only if one single line matches.
                        sed -i -E --follow-symlinks "s/^(\s*session\s+).*(\bpam_lastlog.so.*)/\1optional \2/" "$PAM_FILE_PATH"
                    else
                        LAST_MATCH_LINE=$(grep -nP "^\s*session.*include\s+common-session$" "$PAM_FILE_PATH" | tail -n 1 | cut -d: -f 1)
                        if [ ! -z $LAST_MATCH_LINE ]; then
                            sed -i --follow-symlinks $LAST_MATCH_LINE" a session     optional    pam_lastlog.so" "$PAM_FILE_PATH"
                        else
                            echo "session    optional    pam_lastlog.so" &gt;&gt; "$PAM_FILE_PATH"
                        fi
                    fi
                fi
                # Check the option
                if ! grep -qP "^\s*session\s+optional\s+pam_lastlog.so\s*.*\sshowfailed\b" "$PAM_FILE_PATH"; then
                    sed -i -E --follow-symlinks "/\s*session\s+optional\s+pam_lastlog.so.*/ s/$/ showfailed/" "$PAM_FILE_PATH"
                fi
            if [ -f /usr/bin/authselect ]; then
                
                authselect apply-changes -b
            fi
        else
            echo "/etc/pam.d/login was not found" &gt;&amp;2
        fi
    if [ -e "/etc/pam.d/login" ] ; then
            PAM_FILE_PATH="/etc/pam.d/login"
            if [ -f /usr/bin/authselect ]; then
                
                if ! authselect check; then
                echo "
                authselect integrity check failed. Remediation aborted!
                This remediation could not be applied because an authselect profile was not selected or the selected profile is not intact.
                It is not recommended to manually edit the PAM files when authselect tool is available.
                In cases where the default authselect profile does not cover a specific demand, a custom authselect profile is recommended."
                exit 1
                fi

                CURRENT_PROFILE=$(authselect current -r | awk '{ print $1 }')
                # If not already in use, a custom profile is created preserving the enabled features.
                if [[ ! $CURRENT_PROFILE == custom/* ]]; then
                    ENABLED_FEATURES=$(authselect current | tail -n+3 | awk '{ print $2 }')
                    # The "local" profile does not contain essential security features required by multiple Benchmarks.
                    # If currently used, it is replaced by "sssd", which is the best option in this case.
                    if [[ $CURRENT_PROFILE == local ]]; then
                        CURRENT_PROFILE="sssd"
                    fi
                    authselect create-profile hardening -b $CURRENT_PROFILE
                    CURRENT_PROFILE="custom/hardening"
                    
                    authselect apply-changes -b --backup=before-hardening-custom-profile
                    authselect select $CURRENT_PROFILE
                    for feature in $ENABLED_FEATURES; do
                        authselect enable-feature $feature;
                    done
                    
                    authselect apply-changes -b --backup=after-hardening-custom-profile
                fi
                PAM_FILE_NAME=$(basename "/etc/pam.d/login")
                PAM_FILE_PATH="/etc/authselect/$CURRENT_PROFILE/$PAM_FILE_NAME"

                authselect apply-changes -b
            fi
            
        if grep -qP "^\s*session\s+optional\s+pam_lastlog.so\s.*\bsilent\b" "$PAM_FILE_PATH"; then
            sed -i -E --follow-symlinks "s/(.*session.*optional.*pam_lastlog.so.*)\bsilent\b=?[[:alnum:]]*(.*)/\1\2/g" "$PAM_FILE_PATH"
        fi
            if [ -f /usr/bin/authselect ]; then
                
                authselect apply-changes -b
            fi
        else
            echo "/etc/pam.d/login was not found" &gt;&amp;2
        fi
fi

else
    &gt;&amp;2 echo 'Remediation is not applicable, nothing was done'
fi
</fix>
          <fix xmlns:xhtml="http://www.w3.org/1999/xhtml" id="display_login_attempts" system="urn:xccdf:fix:script:ansible" complexity="low" disruption="low" strategy="configure">- name: Gather the package facts
  package_facts:
    manager: auto
  tags:
  - CCE-85560-1
  - CJIS-5.5.2
  - DISA-STIG-SLES-15-020080
  - NIST-800-53-AC-9
  - NIST-800-53-AC-9(1)
  - PCI-DSS-Req-10.2.4
  - PCI-DSSv4-10.2
  - PCI-DSSv4-10.2.1
  - PCI-DSSv4-10.2.1.4
  - configure_strategy
  - display_login_attempts
  - low_complexity
  - low_disruption
  - low_severity
  - no_reboot_needed

- name: Ensure PAM Displays Last Logon/Access Notification - Check if system relies
    on authselect tool
  ansible.builtin.stat:
    path: /usr/bin/authselect
  register: result_authselect_present
  when: ( "pam" in ansible_facts.packages and ("kernel-default" in ansible_facts.packages
    or "kernel-default-base" in ansible_facts.packages) )
  tags:
  - CCE-85560-1
  - CJIS-5.5.2
  - DISA-STIG-SLES-15-020080
  - NIST-800-53-AC-9
  - NIST-800-53-AC-9(1)
  - PCI-DSS-Req-10.2.4
  - PCI-DSSv4-10.2
  - PCI-DSSv4-10.2.1
  - PCI-DSSv4-10.2.1.4
  - configure_strategy
  - display_login_attempts
  - low_complexity
  - low_disruption
  - low_severity
  - no_reboot_needed

- name: Ensure PAM Displays Last Logon/Access Notification - Collect the Available
    authselect Features
  ansible.builtin.command:
    cmd: authselect list-features sssd
  register: result_authselect_available_features
  changed_when: false
  check_mode: false
  when:
  - ( "pam" in ansible_facts.packages and ("kernel-default" in ansible_facts.packages
    or "kernel-default-base" in ansible_facts.packages) )
  - result_authselect_present.stat.exists
  tags:
  - CCE-85560-1
  - CJIS-5.5.2
  - DISA-STIG-SLES-15-020080
  - NIST-800-53-AC-9
  - NIST-800-53-AC-9(1)
  - PCI-DSS-Req-10.2.4
  - PCI-DSSv4-10.2
  - PCI-DSSv4-10.2.1
  - PCI-DSSv4-10.2.1.4
  - configure_strategy
  - display_login_attempts
  - low_complexity
  - low_disruption
  - low_severity
  - no_reboot_needed

- name: Ensure PAM Displays Last Logon/Access Notification - Configure pam_lastlog.so
    Using authselect Feature
  block:

  - name: Ensure PAM Displays Last Logon/Access Notification - Check integrity of
      authselect current profile
    ansible.builtin.command:
      cmd: authselect check
    register: result_authselect_check_cmd
    changed_when: false
    check_mode: false
    failed_when: false

  - name: Ensure PAM Displays Last Logon/Access Notification - Informative message
      based on the authselect integrity check result
    ansible.builtin.assert:
      that:
      - ansible_check_mode or result_authselect_check_cmd.rc == 0
      fail_msg:
      - authselect integrity check failed. Remediation aborted!
      - This remediation could not be applied because an authselect profile was not
        selected or the selected profile is not intact.
      - It is not recommended to manually edit the PAM files when authselect tool
        is available.
      - In cases where the default authselect profile does not cover a specific demand,
        a custom authselect profile is recommended.
      success_msg:
      - authselect integrity check passed

  - name: Ensure PAM Displays Last Logon/Access Notification - Get authselect Features
      Currently Enabled
    ansible.builtin.shell:
      cmd: authselect current | tail -n+3 | awk '{ print $2 }'
    register: result_authselect_features
    changed_when: false
    check_mode: false
    when:
    - result_authselect_check_cmd is success

  - name: Ensure PAM Displays Last Logon/Access Notification - Ensure "with-silent-lastlog"
      Feature is Disabled Using authselect Tool
    ansible.builtin.command:
      cmd: authselect disable-feature with-silent-lastlog
    register: result_authselect_disable_feature_cmd
    when:
    - result_authselect_check_cmd is success
    - result_authselect_features.stdout is search("with-silent-lastlog")

  - name: Ensure PAM Displays Last Logon/Access Notification - Ensure authselect changes
      are applied
    ansible.builtin.command:
      cmd: authselect apply-changes -b
    when:
    - result_authselect_disable_feature_cmd is not skipped
    - result_authselect_disable_feature_cmd is success
  when:
  - ( "pam" in ansible_facts.packages and ("kernel-default" in ansible_facts.packages
    or "kernel-default-base" in ansible_facts.packages) )
  - result_authselect_present.stat.exists
  - result_authselect_available_features.stdout is search("with-silent-lastlog")
  tags:
  - CCE-85560-1
  - CJIS-5.5.2
  - DISA-STIG-SLES-15-020080
  - NIST-800-53-AC-9
  - NIST-800-53-AC-9(1)
  - PCI-DSS-Req-10.2.4
  - PCI-DSSv4-10.2
  - PCI-DSSv4-10.2.1
  - PCI-DSSv4-10.2.1.4
  - configure_strategy
  - display_login_attempts
  - low_complexity
  - low_disruption
  - low_severity
  - no_reboot_needed

- name: Ensure PAM Displays Last Logon/Access Notification - Configure pam_lastlog.so
    in appropriate PAM files
  block:

  - name: Ensure PAM Displays Last Logon/Access Notification - Define the PAM file
      to be edited as a local fact
    ansible.builtin.set_fact:
      pam_file_path: /etc/pam.d/login

  - name: Ensure PAM Displays Last Logon/Access Notification - Check if system relies
      on authselect tool
    ansible.builtin.stat:
      path: /usr/bin/authselect
    register: result_authselect_present

  - name: Ensure PAM Displays Last Logon/Access Notification - Ensure authselect custom
      profile is used if authselect is present
    block:

    - name: Ensure PAM Displays Last Logon/Access Notification - Check integrity of
        authselect current profile
      ansible.builtin.command:
        cmd: authselect check
      register: result_authselect_check_cmd
      changed_when: false
      check_mode: false
      failed_when: false

    - name: Ensure PAM Displays Last Logon/Access Notification - Informative message
        based on the authselect integrity check result
      ansible.builtin.assert:
        that:
        - ansible_check_mode or result_authselect_check_cmd.rc == 0
        fail_msg:
        - authselect integrity check failed. Remediation aborted!
        - This remediation could not be applied because an authselect profile was
          not selected or the selected profile is not intact.
        - It is not recommended to manually edit the PAM files when authselect tool
          is available.
        - In cases where the default authselect profile does not cover a specific
          demand, a custom authselect profile is recommended.
        success_msg:
        - authselect integrity check passed

    - name: Ensure PAM Displays Last Logon/Access Notification - Get authselect current
        profile
      ansible.builtin.shell:
        cmd: authselect current -r | awk '{ print $1 }'
      register: result_authselect_profile
      changed_when: false
      when:
      - result_authselect_check_cmd is success

    - name: Ensure PAM Displays Last Logon/Access Notification - Define the current
        authselect profile as a local fact
      ansible.builtin.set_fact:
        authselect_current_profile: '{{ result_authselect_profile.stdout }}'
        authselect_custom_profile: '{{ result_authselect_profile.stdout }}'
      when:
      - result_authselect_profile is not skipped
      - result_authselect_profile.stdout is match("custom/")

    - name: Ensure PAM Displays Last Logon/Access Notification - Define the new authselect
        custom profile as a local fact
      ansible.builtin.set_fact:
        authselect_current_profile: '{{ result_authselect_profile.stdout }}'
        authselect_custom_profile: custom/hardening
      when:
      - result_authselect_profile is not skipped
      - result_authselect_profile.stdout is not match("custom/")

    - name: Ensure PAM Displays Last Logon/Access Notification - Get authselect current
        features to also enable them in the custom profile
      ansible.builtin.shell:
        cmd: authselect current | tail -n+3 | awk '{ print $2 }'
      register: result_authselect_features
      changed_when: false
      check_mode: false
      when:
      - result_authselect_profile is not skipped
      - authselect_current_profile is not match("custom/")

    - name: Ensure PAM Displays Last Logon/Access Notification - Check if any custom
        profile with the same name was already created
      ansible.builtin.stat:
        path: /etc/authselect/{{ authselect_custom_profile }}
      register: result_authselect_custom_profile_present
      changed_when: false
      when:
      - result_authselect_profile is not skipped
      - authselect_current_profile is not match("custom/")

    - name: Ensure PAM Displays Last Logon/Access Notification - Create an authselect
        custom profile based on the current profile
      ansible.builtin.command:
        cmd: authselect create-profile hardening -b {{ authselect_current_profile
          }}
      when:
      - result_authselect_profile is not skipped
      - result_authselect_check_cmd is success
      - authselect_current_profile is not match("^(custom/|local)")
      - not result_authselect_custom_profile_present.stat.exists

    - name: Ensure PAM Displays Last Logon/Access Notification - Create an authselect
        custom profile based on sssd profile
      ansible.builtin.command:
        cmd: authselect create-profile hardening -b sssd
      when:
      - result_authselect_profile is not skipped
      - result_authselect_check_cmd is success
      - authselect_current_profile is match("local")
      - not result_authselect_custom_profile_present.stat.exists

    - name: Ensure PAM Displays Last Logon/Access Notification - Ensure authselect
        changes are applied
      ansible.builtin.command:
        cmd: authselect apply-changes -b --backup=before-hardening-custom-profile
      when:
      - result_authselect_check_cmd is success
      - result_authselect_profile is not skipped
      - authselect_current_profile is not match("custom/")
      - authselect_custom_profile is not match(authselect_current_profile)

    - name: Ensure PAM Displays Last Logon/Access Notification - Ensure the authselect
        custom profile is selected
      ansible.builtin.command:
        cmd: authselect select {{ authselect_custom_profile }}
      register: result_pam_authselect_select_profile
      when:
      - result_authselect_check_cmd is success
      - result_authselect_profile is not skipped
      - authselect_current_profile is not match("custom/")
      - authselect_custom_profile is not match(authselect_current_profile)

    - name: Ensure PAM Displays Last Logon/Access Notification - Restore the authselect
        features in the custom profile
      ansible.builtin.command:
        cmd: authselect enable-feature {{ item }}
      loop: '{{ result_authselect_features.stdout_lines }}'
      register: result_pam_authselect_restore_features
      when:
      - result_authselect_profile is not skipped
      - result_authselect_features is not skipped
      - result_pam_authselect_select_profile is not skipped

    - name: Ensure PAM Displays Last Logon/Access Notification - Ensure authselect
        changes are applied
      ansible.builtin.command:
        cmd: authselect apply-changes -b --backup=after-hardening-custom-profile
      when:
      - result_authselect_check_cmd is success
      - result_authselect_profile is not skipped
      - result_pam_authselect_restore_features is not skipped

    - name: Ensure PAM Displays Last Logon/Access Notification - Change the PAM file
        to be edited according to the custom authselect profile
      ansible.builtin.set_fact:
        pam_file_path: /etc/authselect/{{ authselect_custom_profile }}/{{ pam_file_path
          | basename }}
      when:
      - authselect_custom_profile is defined
    when:
    - result_authselect_present.stat.exists

  - name: Ensure PAM Displays Last Logon/Access Notification - Define a fact for control
      already filtered in case filters are used
    ansible.builtin.set_fact:
      pam_module_control: optional

  - name: Ensure PAM Displays Last Logon/Access Notification - Check if expected PAM
      module line is present in {{ pam_file_path }}
    ansible.builtin.lineinfile:
      path: '{{ pam_file_path }}'
      regexp: ^\s*session\s+{{ pam_module_control | regex_escape() }}\s+pam_lastlog.so\s*.*
      state: absent
    check_mode: true
    changed_when: false
    register: result_pam_line_present

  - name: Ensure PAM Displays Last Logon/Access Notification - Include or update the
      PAM module line in {{ pam_file_path }}
    block:

    - name: Ensure PAM Displays Last Logon/Access Notification - Check if required
        PAM module line is present in {{ pam_file_path }} with different control
      ansible.builtin.lineinfile:
        path: '{{ pam_file_path }}'
        regexp: ^\s*session\s+.*\s+pam_lastlog.so\s*
        state: absent
      check_mode: true
      changed_when: false
      register: result_pam_line_other_control_present

    - name: Ensure PAM Displays Last Logon/Access Notification - Ensure the correct
        control for the required PAM module line in {{ pam_file_path }}
      ansible.builtin.replace:
        dest: '{{ pam_file_path }}'
        regexp: ^(\s*session\s+).*(\bpam_lastlog.so.*)
        replace: \1{{ pam_module_control }} \2
      register: result_pam_module_edit
      when:
      - result_pam_line_other_control_present.found == 1

    - name: Ensure PAM Displays Last Logon/Access Notification - Ensure the required
        PAM module line is included in {{ pam_file_path }}
      ansible.builtin.lineinfile:
        dest: '{{ pam_file_path }}'
        insertafter: ^\s*session.*include\s+common-session$
        line: session    {{ pam_module_control }}    pam_lastlog.so
      register: result_pam_module_add
      when:
      - result_pam_line_other_control_present.found == 0 or result_pam_line_other_control_present.found
        &gt; 1

    - name: Ensure PAM Displays Last Logon/Access Notification - Ensure authselect
        changes are applied
      ansible.builtin.command:
        cmd: authselect apply-changes -b
      when:
      - result_authselect_present is defined
      - result_authselect_present.stat.exists
      - |-
        (result_pam_module_add is defined and result_pam_module_add.changed)
         or (result_pam_module_edit is defined and result_pam_module_edit.changed)
    when:
    - result_pam_line_present.found is defined
    - result_pam_line_present.found == 0

  - name: Ensure PAM Displays Last Logon/Access Notification - Define a fact for control
      already filtered in case filters are used
    ansible.builtin.set_fact:
      pam_module_control: optional

  - name: Ensure PAM Displays Last Logon/Access Notification - Check if the required
      PAM module option is present in {{ pam_file_path }}
    ansible.builtin.lineinfile:
      path: '{{ pam_file_path }}'
      regexp: ^\s*session\s+{{ pam_module_control | regex_escape() }}\s+pam_lastlog.so\s*.*\sshowfailed\b
      state: absent
    check_mode: true
    changed_when: false
    register: result_pam_module_display_login_attempts_option_present

  - name: Ensure PAM Displays Last Logon/Access Notification - Ensure the "showfailed"
      PAM option for "pam_lastlog.so" is included in {{ pam_file_path }}
    ansible.builtin.lineinfile:
      path: '{{ pam_file_path }}'
      backrefs: true
      regexp: ^(\s*session\s+{{ pam_module_control | regex_escape() }}\s+pam_lastlog.so.*)
      line: \1 showfailed
      state: present
    register: result_pam_display_login_attempts_add
    when:
    - result_pam_module_display_login_attempts_option_present.found is defined
    - result_pam_module_display_login_attempts_option_present.found == 0

  - name: Ensure PAM Displays Last Logon/Access Notification - Define a fact for control
      already filtered in case filters are used
    ansible.builtin.set_fact:
      pam_module_control: optional

  - name: Ensure PAM Displays Last Logon/Access Notification - Check if {{ pam_file_path
      }} file is present
    ansible.builtin.stat:
      path: '{{ pam_file_path }}'
    register: result_pam_file_present

  - name: Ensure PAM Displays Last Logon/Access Notification - Ensure the "silent"
      option from "pam_lastlog.so" is not present in {{ pam_file_path }}
    ansible.builtin.replace:
      dest: '{{ pam_file_path }}'
      regexp: (.*session.*{{ pam_module_control | regex_escape() }}.*pam_lastlog.so.*)\bsilent\b=?[0-9a-zA-Z]*(.*)
      replace: \1\2
    register: result_pam_option_removal
    when: result_pam_file_present.stat.exists
  when: ( "pam" in ansible_facts.packages and ("kernel-default" in ansible_facts.packages
    or "kernel-default-base" in ansible_facts.packages) )
  tags:
  - CCE-85560-1
  - CJIS-5.5.2
  - DISA-STIG-SLES-15-020080
  - NIST-800-53-AC-9
  - NIST-800-53-AC-9(1)
  - PCI-DSS-Req-10.2.4
  - PCI-DSSv4-10.2
  - PCI-DSSv4-10.2.1
  - PCI-DSSv4-10.2.1.4
  - configure_strategy
  - display_login_attempts
  - low_complexity
  - low_disruption
  - low_severity
  - no_reboot_needed
</fix>
          <check system="http://oval.mitre.org/XMLSchema/oval-definitions-5">
            <check-content-ref name="oval:ssg-display_login_attempts:def:1" href="ssg-sle15-oval.xml"/>
          </check>
          <check system="http://scap.nist.gov/schema/ocil/2">
            <check-content-ref name="ocil:ssg-display_login_attempts_ocil:questionnaire:1" href="ssg-sle15-ocil.xml"/>
          </check>
        </Rule>
        <Rule id="xccdf_org.ssgproject.content_rule_enable_pam_namespace" selected="false" role="full" severity="low">
          <title xmlns:xhtml="http://www.w3.org/1999/xhtml" xml:lang="en-US">Set Up a Private Namespace in PAM Configuration</title>
          <description xmlns:xhtml="http://www.w3.org/1999/xhtml" xml:lang="en-US">To setup a private namespace add the following line to <html:code xmlns:html="http://www.w3.org/1999/xhtml">/etc/pam.d/login</html:code>:
<html:pre xmlns:html="http://www.w3.org/1999/xhtml">session    required     pam_namespace.so</html:pre>
       </description>
          <reference href="https://cyber.gouv.fr/sites/default/files/document/linux_configuration-en-v2.pdf">R55</reference>
          <rationale xmlns:xhtml="http://www.w3.org/1999/xhtml" xml:lang="en-US">The pam_namespace PAM module sets up a private namespace for a
session with polyinstantiated directories. A polyinstantiated directory
provides a different instance of itself based on user name, or when using
SELinux, user name, security context or both. The polyinstatied directories
can be used to dedicate separate temporary directories to each account.</rationale>
          <platform idref="#package_pam_and_system_with_kernel"/>
          <ident system="https://ncp.nist.gov/cce">CCE-91196-6</ident>
          <fix xmlns:xhtml="http://www.w3.org/1999/xhtml" id="enable_pam_namespace" system="urn:xccdf:fix:script:sh"># Remediation is applicable only in certain platforms
if ( rpm --quiet -q pam &amp;&amp; rpm --quiet -q kernel-default || rpm --quiet -q kernel-default-base ); then

if ! grep -Eq '^\s*session\s+required\s+pam_namespace.so\s*$' '/etc/pam.d/login' ; then
    echo "session    required     pam_namespace.so" &gt;&gt; "/etc/pam.d/login"
fi

else
    &gt;&amp;2 echo 'Remediation is not applicable, nothing was done'
fi
</fix>
          <fix xmlns:xhtml="http://www.w3.org/1999/xhtml" id="enable_pam_namespace" system="urn:xccdf:fix:script:ansible" complexity="low" disruption="low" strategy="restrict">- name: Gather the package facts
  package_facts:
    manager: auto
  tags:
  - CCE-91196-6
  - enable_pam_namespace
  - low_complexity
  - low_disruption
  - low_severity
  - no_reboot_needed
  - restrict_strategy

- name: Make changes to /etc/pam.d/login
  ansible.builtin.lineinfile:
    path: /etc/pam.d/login
    create: false
    regexp: ^\s*session\s+required\s+pam_namespace.so\s*$
    line: session    required     pam_namespace.so
    state: present
  when: ( "pam" in ansible_facts.packages and ("kernel-default" in ansible_facts.packages
    or "kernel-default-base" in ansible_facts.packages) )
  tags:
  - CCE-91196-6
  - enable_pam_namespace
  - low_complexity
  - low_disruption
  - low_severity
  - no_reboot_needed
  - restrict_strategy
</fix>
          <check system="http://oval.mitre.org/XMLSchema/oval-definitions-5">
            <check-content-ref name="oval:ssg-enable_pam_namespace:def:1" href="ssg-sle15-oval.xml"/>
          </check>
          <check system="http://scap.nist.gov/schema/ocil/2">
            <check-content-ref name="ocil:ssg-enable_pam_namespace_ocil:questionnaire:1" href="ssg-sle15-ocil.xml"/>
          </check>
        </Rule>
        <Rule id="xccdf_org.ssgproject.content_rule_pam_disable_automatic_configuration" selected="false" role="full" severity="medium">
          <title xmlns:xhtml="http://www.w3.org/1999/xhtml" xml:lang="en-US">The PAM configuration should not be changed automatically</title>
          <description xmlns:xhtml="http://www.w3.org/1999/xhtml" xml:lang="en-US">Verify the SUSE operating system is configured to not overwrite Pluggable
Authentication Modules (PAM) configuration on package changes.</description>
          <reference href="https://www.cyber.mil/stigs/downloads/?_dl_facet_stigs=operating-systems%2Cgeneral-purpose-os">SRG-OS-000480-GPOS-00227</reference>
          <reference href="https://www.cyber.mil/stigs/downloads/?_dl_facet_stigs=operating-systems%2Cunix-linux">SLES-15-040220</reference>
          <reference href="https://www.cyber.mil/stigs/srg-stig-tools/">SV-235006r991589_rule</reference>
          <rationale xmlns:xhtml="http://www.w3.org/1999/xhtml" xml:lang="en-US"><html:code xmlns:html="http://www.w3.org/1999/xhtml">pam-config</html:code> is a command line utility that automatically generates
a system PAM configuration as packages are installed, updated or removed
from the system. <html:code xmlns:html="http://www.w3.org/1999/xhtml">pam-config</html:code> removes configurations for PAM modules
and parameters that it does not know about. It may render ineffective PAM
configuration by the system administrator and thus impact system security.</rationale>
          <platform idref="#package_pam_apparmor"/>
          <ident system="https://ncp.nist.gov/cce">CCE-85641-9</ident>
          <fix xmlns:xhtml="http://www.w3.org/1999/xhtml" id="pam_disable_automatic_configuration" system="urn:xccdf:fix:script:sh"># Remediation is applicable only in certain platforms
if rpm --quiet -q pam_apparmor; then

while IFS= read -r -d '' link; do
    target=$(readlink -f "$link")
    cp -p --remove-destination "$target" "$link"
done &lt;   &lt;(find /etc/pam.d/ -type l -iname "common-*" -print0)

else
    &gt;&amp;2 echo 'Remediation is not applicable, nothing was done'
fi
</fix>
          <fix xmlns:xhtml="http://www.w3.org/1999/xhtml" id="pam_disable_automatic_configuration" system="urn:xccdf:fix:script:ansible" complexity="low" disruption="low" strategy="restrict">- name: Gather the package facts
  package_facts:
    manager: auto
  tags:
  - CCE-85641-9
  - DISA-STIG-SLES-15-040220
  - low_complexity
  - low_disruption
  - medium_severity
  - no_reboot_needed
  - pam_disable_automatic_configuration
  - restrict_strategy

- name: Find soft links /etc/pam.d/
  ansible.builtin.find:
    paths: /etc/pam.d
    file_type: link
    patterns: common-.*
    use_regex: true
  register: find_pam_soft_links_result
  when: '"pam_apparmor" in ansible_facts.packages'
  tags:
  - CCE-85641-9
  - DISA-STIG-SLES-15-040220
  - low_complexity
  - low_disruption
  - medium_severity
  - no_reboot_needed
  - pam_disable_automatic_configuration
  - restrict_strategy

- name: Remove soft links in /etc/pam.d/
  ansible.builtin.shell: |
    set -o pipefail
    target=$(readlink -f "{{ item.path }}")
    cp -p --remove-destination "$target" "{{ item.path }}"
  with_items: '{{ find_pam_soft_links_result.files }}'
  when: '"pam_apparmor" in ansible_facts.packages'
  tags:
  - CCE-85641-9
  - DISA-STIG-SLES-15-040220
  - low_complexity
  - low_disruption
  - medium_severity
  - no_reboot_needed
  - pam_disable_automatic_configuration
  - restrict_strategy
</fix>
          <check system="http://oval.mitre.org/XMLSchema/oval-definitions-5">
            <check-content-ref name="oval:ssg-pam_disable_automatic_configuration:def:1" href="ssg-sle15-oval.xml"/>
          </check>
          <check system="http://scap.nist.gov/schema/ocil/2">
            <check-content-ref name="ocil:ssg-pam_disable_automatic_configuration_ocil:questionnaire:1" href="ssg-sle15-ocil.xml"/>
          </check>
        </Rule>
        <Group id="xccdf_org.ssgproject.content_group_locking_out_password_attempts">
          <title xmlns:xhtml="http://www.w3.org/1999/xhtml" xml:lang="en-US">Set Lockouts for Failed Password Attempts</title>
          <description xmlns:xhtml="http://www.w3.org/1999/xhtml" xml:lang="en-US">The <html:code xmlns:html="http://www.w3.org/1999/xhtml">pam_faillock</html:code> PAM module provides the capability to
lock out user accounts after a number of failed login attempts. Its
documentation is available in
<html:code xmlns:html="http://www.w3.org/1999/xhtml">/usr/share/doc/pam-VERSION/txts/README.pam_faillock</html:code>.
<html:br xmlns:html="http://www.w3.org/1999/xhtml"/>
        <html:br xmlns:html="http://www.w3.org/1999/xhtml"/>
       </description>
          <warning xmlns:xhtml="http://www.w3.org/1999/xhtml" xml:lang="en-US" category="general">Locking out user accounts presents the
risk of a denial-of-service attack. The lockout policy
must weigh whether the risk of such a
denial-of-service attack outweighs the benefits of thwarting
password guessing attacks.</warning>
          <platform idref="#system_with_kernel"/>
          <Value id="xccdf_org.ssgproject.content_value_var_accounts_passwords_pam_faillock_deny" type="number">
            <title xmlns:xhtml="http://www.w3.org/1999/xhtml" xml:lang="en-US">fail_deny</title>
            <description xmlns:xhtml="http://www.w3.org/1999/xhtml" xml:lang="en-US">Number of failed login attempts before account lockout</description>
            <value selector="10">10</value>
            <value selector="3">3</value>
            <value selector="4">4</value>
            <value selector="5">5</value>
            <value selector="6">6</value>
            <value selector="8">8</value>
            <value>3</value>
          </Value>
          <Value id="xccdf_org.ssgproject.content_value_var_accounts_passwords_pam_faillock_dir" type="string">
            <title xmlns:xhtml="http://www.w3.org/1999/xhtml" xml:lang="en-US">faillock directory</title>
            <description xmlns:xhtml="http://www.w3.org/1999/xhtml" xml:lang="en-US">The directory where the user files with the failure records are kept</description>
            <value selector="ol8">/var/log/faillock</value>
            <value>/var/log/faillock</value>
            <value selector="run">/var/run/faillock</value>
          </Value>
          <Value id="xccdf_org.ssgproject.content_value_var_accounts_passwords_pam_faillock_fail_interval" type="number">
            <title xmlns:xhtml="http://www.w3.org/1999/xhtml" xml:lang="en-US">fail_interval</title>
            <description xmlns:xhtml="http://www.w3.org/1999/xhtml" xml:lang="en-US">Interval for counting failed login attempts before account lockout</description>
            <value selector="100000000">100000000</value>
            <value selector="1800">1800</value>
            <value selector="3600">3600</value>
            <value selector="86400">86400</value>
            <value selector="900">900</value>
            <value>900</value>
          </Value>
          <Value id="xccdf_org.ssgproject.content_value_var_accounts_passwords_pam_faillock_unlock_time" type="number">
            <title xmlns:xhtml="http://www.w3.org/1999/xhtml" xml:lang="en-US">fail_unlock_time</title>
            <description xmlns:xhtml="http://www.w3.org/1999/xhtml" xml:lang="en-US">Seconds before automatic unlocking or permanently locking after excessive failed logins</description>
            <value selector="1800">1800</value>
            <value selector="3600">3600</value>
            <value selector="600">600</value>
            <value selector="604800">604800</value>
            <value selector="86400">86400</value>
            <value selector="900">900</value>
            <value selector="300">300</value>
            <value>0</value>
            <value selector="never">0</value>
          </Value>
          <Value id="xccdf_org.ssgproject.content_value_var_accounts_passwords_pam_tally2_unlock_time" type="number">
            <title xmlns:xhtml="http://www.w3.org/1999/xhtml" xml:lang="en-US">tally2_unlock_time</title>
            <description xmlns:xhtml="http://www.w3.org/1999/xhtml" xml:lang="en-US">Seconds before automatic unlocking or permanently locking after excessive failed logins</description>
            <value selector="1800">1800</value>
            <value selector="3600">3600</value>
            <value selector="600">600</value>
            <value selector="604800">604800</value>
            <value selector="86400">86400</value>
            <value selector="900">900</value>
            <value>0</value>
            <value selector="never">0</value>
          </Value>
          <Value id="xccdf_org.ssgproject.content_value_var_password_pam_delay" type="number">
            <title xmlns:xhtml="http://www.w3.org/1999/xhtml" xml:lang="en-US">faildelay_delay</title>
            <description xmlns:xhtml="http://www.w3.org/1999/xhtml" xml:lang="en-US">Delay next login attempt after a failed login</description>
            <value selector="0">0</value>
            <value selector="4000000">4000000</value>
            <value>4000000</value>
          </Value>
          <Value id="xccdf_org.ssgproject.content_value_var_password_pam_remember" type="number">
            <title xmlns:xhtml="http://www.w3.org/1999/xhtml" xml:lang="en-US">pwhistory_remember</title>
            <description xmlns:xhtml="http://www.w3.org/1999/xhtml" xml:lang="en-US">Prevent password reuse using password history lookup</description>
            <value selector="0">0</value>
            <value selector="1">1</value>
            <value selector="2">2</value>
            <value selector="3">3</value>
            <value selector="4">4</value>
            <value selector="5">5</value>
            <value selector="6">6</value>
            <value selector="7">7</value>
            <value selector="8">8</value>
            <value selector="9">9</value>
            <value selector="24">24</value>
            <value>5</value>
          </Value>
          <Value id="xccdf_org.ssgproject.content_value_var_password_pam_remember_control_flag" type="string">
            <title xmlns:xhtml="http://www.w3.org/1999/xhtml" xml:lang="en-US">PAM pwhistory remember - control flag</title>
            <description xmlns:xhtml="http://www.w3.org/1999/xhtml" xml:lang="en-US">'Specify the control flag required for password remember requirement. If multiple
values are allowed write them separated by commas as in "required,requisite",
for remediations the first value will be taken'</description>
            <value selector="required">required</value>
            <value selector="optional">optional</value>
            <value selector="requisite">requisite</value>
            <value selector="sufficient">sufficient</value>
            <value selector="binding">binding</value>
            <value selector="ol8">required,requisite</value>
            <value selector="requisite_or_required">requisite,required</value>
            <value>requisite</value>
          </Value>
          <Value id="xccdf_org.ssgproject.content_value_var_password_pam_tally2" type="number">
            <title xmlns:xhtml="http://www.w3.org/1999/xhtml" xml:lang="en-US">tally2</title>
            <description xmlns:xhtml="http://www.w3.org/1999/xhtml" xml:lang="en-US">Number of failed login attempts</description>
            <value selector="1">1</value>
            <value selector="2">2</value>
            <value selector="3">3</value>
            <value selector="4">4</value>
            <value selector="5">5</value>
            <value selector="10">10</value>
            <value>3</value>
          </Value>
          <Rule id="xccdf_org.ssgproject.content_rule_account_passwords_pam_faillock_audit" selected="false" role="full" severity="medium">
            <title xmlns:xhtml="http://www.w3.org/1999/xhtml" xml:lang="en-US">Account Lockouts Must Be Logged</title>
            <description xmlns:xhtml="http://www.w3.org/1999/xhtml" xml:lang="en-US">PAM faillock locks an account due to excessive password failures, this event must be logged.</description>
            <warning xmlns:xhtml="http://www.w3.org/1999/xhtml" xml:lang="en-US" category="general">This rule is deprecated in favor of the <html:code xmlns:html="http://www.w3.org/1999/xhtml">accounts_passwords_pam_faillock_audit</html:code> rule.Please consider replacing this rule in your files as it is not expected to receive
updates as of version <html:code xmlns:html="http://www.w3.org/1999/xhtml">0.1.65</html:code>.</warning>
            <reference href="http://nvlpubs.nist.gov/nistpubs/SpecialPublications/NIST.SP.800-53r4.pdf">AC-7 (a)</reference>
            <rationale xmlns:xhtml="http://www.w3.org/1999/xhtml" xml:lang="en-US">Without auditing of these events it may be harder or impossible to identify what an attacker did after an attack.</rationale>
            <fix xmlns:xhtml="http://www.w3.org/1999/xhtml" id="account_passwords_pam_faillock_audit" system="urn:xccdf:fix:script:sh"># Remediation is applicable only in certain platforms
if rpm --quiet -q kernel-default || rpm --quiet -q kernel-default-base; then

if [ -f /usr/bin/authselect ]; then
    if ! authselect check; then
echo "
authselect integrity check failed. Remediation aborted!
This remediation could not be applied because an authselect profile was not selected or the selected profile is not intact.
It is not recommended to manually edit the PAM files when authselect tool is available.
In cases where the default authselect profile does not cover a specific demand, a custom authselect profile is recommended."
exit 1
fi
authselect enable-feature with-faillock

authselect apply-changes -b
else
    
pam_file="/etc/pam.d/common-auth"
if ! grep -qE '^\s*auth\s+required\s+pam_faillock\.so\s+preauth.*$' "$pam_file" ; then
    
    # insert before pam_unix.so
    sed -i --follow-symlinks '/^auth.*required.*pam_unix\.so.*/i auth        required      pam_faillock.so preauth' "$pam_file"
    
fi
if ! grep -qE '^\s*auth\s+\[default=die\]\s+pam_faillock\.so\s+authfail.*$' "$pam_file" ; then

    num_lines=$(sed -n 's/^\s*auth.*success=\([1-9]\).*pam_unix\.so.*/\1/p' "$pam_file")
    if [ ! -z "$num_lines" ]; then

        # Add pam_faillock (authfail) module below pam_unix, skipping N-1 lines, where N is
        # the number of jumps in the pam_unix success=N statement. Ignore commented and empty lines.

        append_position=$(cat -n "${pam_file}" \
                          | grep -P "^\s+\d+\s+auth\s+.*$" \
                          | grep -w "pam_unix.so" -A $(( num_lines - 1 )) \
                          | tail -n 1 | cut -f 1 | tr -d ' '
                         )
        sed -i --follow-symlinks ''${append_position}'a auth        [default=die]      pam_faillock.so authfail' "$pam_file"
    else
        sed -i --follow-symlinks '/^auth.*pam_unix\.so.*/a auth        [default=die]      pam_faillock.so authfail' "$pam_file"
    fi
fi
if ! grep -qE '^\s*auth\s+sufficient\s+pam_faillock\.so\s+authsucc.*$' "$pam_file" ; then
    sed -i --follow-symlinks '/^auth.*pam_faillock\.so.*authfail.*/a auth        sufficient      pam_faillock.so authsucc' "$pam_file"
fi

pam_file="/etc/pam.d/common-account"
if ! grep -qE '^\s*account\s+required\s+pam_faillock\.so.*$' "$pam_file" ; then
    echo 'account   required     pam_faillock.so' &gt;&gt; "$pam_file"
fi

fi

AUTH_FILES=("/etc/pam.d/common-auth")
SKIP_FAILLOCK_CHECK=true

FAILLOCK_CONF="/etc/security/faillock.conf"
if [ -f $FAILLOCK_CONF ] || [ "$SKIP_FAILLOCK_CHECK" = "true" ]; then
    regex="^\s*audit"
    line="audit"
    if ! grep -q $regex $FAILLOCK_CONF; then
        echo $line &gt;&gt; $FAILLOCK_CONF
    fi
    
    for pam_file in "${AUTH_FILES[@]}"
    do
        if [ -e "$pam_file" ] ; then
            PAM_FILE_PATH="$pam_file"
            if [ -f /usr/bin/authselect ]; then
                
                if ! authselect check; then
                echo "
                authselect integrity check failed. Remediation aborted!
                This remediation could not be applied because an authselect profile was not selected or the selected profile is not intact.
                It is not recommended to manually edit the PAM files when authselect tool is available.
                In cases where the default authselect profile does not cover a specific demand, a custom authselect profile is recommended."
                exit 1
                fi

                CURRENT_PROFILE=$(authselect current -r | awk '{ print $1 }')
                # If not already in use, a custom profile is created preserving the enabled features.
                if [[ ! $CURRENT_PROFILE == custom/* ]]; then
                    ENABLED_FEATURES=$(authselect current | tail -n+3 | awk '{ print $2 }')
                    # The "local" profile does not contain essential security features required by multiple Benchmarks.
                    # If currently used, it is replaced by "sssd", which is the best option in this case.
                    if [[ $CURRENT_PROFILE == local ]]; then
                        CURRENT_PROFILE="sssd"
                    fi
                    authselect create-profile hardening -b $CURRENT_PROFILE
                    CURRENT_PROFILE="custom/hardening"
                    
                    authselect apply-changes -b --backup=before-hardening-custom-profile
                    authselect select $CURRENT_PROFILE
                    for feature in $ENABLED_FEATURES; do
                        authselect enable-feature $feature;
                    done
                    
                    authselect apply-changes -b --backup=after-hardening-custom-profile
                fi
                PAM_FILE_NAME=$(basename "$pam_file")
                PAM_FILE_PATH="/etc/authselect/$CURRENT_PROFILE/$PAM_FILE_NAME"

                authselect apply-changes -b
            fi
            
        if grep -qP "^\s*auth\s.*\bpam_faillock.so\s.*\baudit\b" "$PAM_FILE_PATH"; then
            sed -i -E --follow-symlinks "s/(.*auth.*pam_faillock.so.*)\baudit\b=?[[:alnum:]]*(.*)/\1\2/g" "$PAM_FILE_PATH"
        fi
            if [ -f /usr/bin/authselect ]; then
                
                authselect apply-changes -b
            fi
        else
            echo "$pam_file was not found" &gt;&amp;2
        fi
    done
    
else
    for pam_file in "${AUTH_FILES[@]}"
    do
        if ! grep -qE '^\s*auth.*pam_faillock\.so\s+(preauth|authfail).*audit' "$pam_file"; then
            sed -i --follow-symlinks '/^auth.*required.*pam_faillock\.so.*preauth.*/ s/$/ audit/' "$pam_file"
        fi
    done
fi

else
    &gt;&amp;2 echo 'Remediation is not applicable, nothing was done'
fi
</fix>
            <fix xmlns:xhtml="http://www.w3.org/1999/xhtml" id="account_passwords_pam_faillock_audit" system="urn:xccdf:fix:script:ansible" complexity="low" disruption="low" strategy="restrict">- name: Gather the package facts
  package_facts:
    manager: auto
  tags:
  - NIST-800-53-AC-7 (a)
  - account_passwords_pam_faillock_audit
  - low_complexity
  - low_disruption
  - medium_severity
  - no_reboot_needed
  - restrict_strategy

- name: Account Lockouts Must Be Logged - Check if system relies on authselect tool
  ansible.builtin.stat:
    path: /usr/bin/authselect
  register: result_authselect_present
  when: ("kernel-default" in ansible_facts.packages or "kernel-default-base" in ansible_facts.packages)
  tags:
  - NIST-800-53-AC-7 (a)
  - account_passwords_pam_faillock_audit
  - low_complexity
  - low_disruption
  - medium_severity
  - no_reboot_needed
  - restrict_strategy

- name: Account Lockouts Must Be Logged - Remediation where authselect tool is present
  block:

  - name: Account Lockouts Must Be Logged - Check integrity of authselect current
      profile
    ansible.builtin.command:
      cmd: authselect check
    register: result_authselect_check_cmd
    changed_when: false
    check_mode: false
    failed_when: false

  - name: Account Lockouts Must Be Logged - Informative message based on the authselect
      integrity check result
    ansible.builtin.assert:
      that:
      - ansible_check_mode or result_authselect_check_cmd.rc == 0
      fail_msg:
      - authselect integrity check failed. Remediation aborted!
      - This remediation could not be applied because an authselect profile was not
        selected or the selected profile is not intact.
      - It is not recommended to manually edit the PAM files when authselect tool
        is available.
      - In cases where the default authselect profile does not cover a specific demand,
        a custom authselect profile is recommended.
      success_msg:
      - authselect integrity check passed

  - name: Account Lockouts Must Be Logged - Get authselect current features
    ansible.builtin.shell:
      cmd: authselect current | tail -n+3 | awk '{ print $2 }'
    register: result_authselect_features
    changed_when: false
    check_mode: false
    when:
    - result_authselect_check_cmd is success

  - name: Account Lockouts Must Be Logged - Ensure "with-faillock" feature is enabled
      using authselect tool
    ansible.builtin.command:
      cmd: authselect enable-feature with-faillock
    register: result_authselect_enable_feature_cmd
    when:
    - result_authselect_check_cmd is success
    - result_authselect_features.stdout is not search("with-faillock")

  - name: Account Lockouts Must Be Logged - Ensure authselect changes are applied
    ansible.builtin.command:
      cmd: authselect apply-changes -b
    when:
    - result_authselect_enable_feature_cmd is not skipped
    - result_authselect_enable_feature_cmd is success
  when:
  - ("kernel-default" in ansible_facts.packages or "kernel-default-base" in ansible_facts.packages)
  - result_authselect_present.stat.exists
  tags:
  - NIST-800-53-AC-7 (a)
  - account_passwords_pam_faillock_audit
  - low_complexity
  - low_disruption
  - medium_severity
  - no_reboot_needed
  - restrict_strategy

- name: Account Lockouts Must Be Logged - Remediation where authselect tool is not
    present
  block:

  - name: Account Lockouts Must Be Logged - Check if pam_faillock.so is already enabled
    ansible.builtin.lineinfile:
      path: /etc/pam.d/system-auth
      regexp: .*auth.*pam_faillock\.so (preauth|authfail)
      state: absent
    check_mode: true
    changed_when: false
    register: result_pam_faillock_is_enabled

  - name: Account Lockouts Must Be Logged - Enable pam_faillock.so preauth editing
      PAM files
    ansible.builtin.lineinfile:
      path: '{{ item }}'
      line: auth        required      pam_faillock.so preauth
      insertbefore: ^auth.*sufficient.*pam_unix\.so.*
      state: present
    loop:
    - /etc/pam.d/system-auth
    - /etc/pam.d/password-auth
    when:
    - result_pam_faillock_is_enabled.found == 0

  - name: Account Lockouts Must Be Logged - Enable pam_faillock.so authfail editing
      PAM files
    ansible.builtin.lineinfile:
      path: '{{ item }}'
      line: auth        required      pam_faillock.so authfail
      insertbefore: ^auth.*required.*pam_deny\.so.*
      state: present
    loop:
    - /etc/pam.d/system-auth
    - /etc/pam.d/password-auth
    when:
    - result_pam_faillock_is_enabled.found == 0

  - name: Account Lockouts Must Be Logged - Enable pam_faillock.so account section
      editing PAM files
    ansible.builtin.lineinfile:
      path: '{{ item }}'
      line: account     required      pam_faillock.so
      insertbefore: ^account.*required.*pam_unix\.so.*
      state: present
    loop:
    - /etc/pam.d/system-auth
    - /etc/pam.d/password-auth
    when:
    - result_pam_faillock_is_enabled.found == 0
  when:
  - ("kernel-default" in ansible_facts.packages or "kernel-default-base" in ansible_facts.packages)
  - not result_authselect_present.stat.exists
  tags:
  - NIST-800-53-AC-7 (a)
  - account_passwords_pam_faillock_audit
  - low_complexity
  - low_disruption
  - medium_severity
  - no_reboot_needed
  - restrict_strategy

- name: Account Lockouts Must Be Logged - Check the presence of /etc/security/faillock.conf
    file
  ansible.builtin.stat:
    path: /etc/security/faillock.conf
  register: result_faillock_conf_check
  when: ("kernel-default" in ansible_facts.packages or "kernel-default-base" in ansible_facts.packages)
  tags:
  - NIST-800-53-AC-7 (a)
  - account_passwords_pam_faillock_audit
  - low_complexity
  - low_disruption
  - medium_severity
  - no_reboot_needed
  - restrict_strategy

- name: Account Lockouts Must Be Logged - Ensure the pam_faillock.so audit parameter
    in /etc/security/faillock.conf
  ansible.builtin.lineinfile:
    path: /etc/security/faillock.conf
    regexp: ^\s*audit
    line: audit
    state: present
  when:
  - ("kernel-default" in ansible_facts.packages or "kernel-default-base" in ansible_facts.packages)
  - result_faillock_conf_check.stat.exists
  tags:
  - NIST-800-53-AC-7 (a)
  - account_passwords_pam_faillock_audit
  - low_complexity
  - low_disruption
  - medium_severity
  - no_reboot_needed
  - restrict_strategy

- name: Account Lockouts Must Be Logged - Ensure the pam_faillock.so audit parameter
    not in PAM files
  block:

  - name: Account Lockouts Must Be Logged - Check if /etc/pam.d/system-auth file is
      present
    ansible.builtin.stat:
      path: /etc/pam.d/system-auth
    register: result_pam_file_present

  - name: Account Lockouts Must Be Logged - Check the proper remediation for the system
    block:

    - name: Account Lockouts Must Be Logged - Define the PAM file to be edited as
        a local fact
      ansible.builtin.set_fact:
        pam_file_path: /etc/pam.d/system-auth

    - name: Account Lockouts Must Be Logged - Check if system relies on authselect
        tool
      ansible.builtin.stat:
        path: /usr/bin/authselect
      register: result_authselect_present

    - name: Account Lockouts Must Be Logged - Ensure authselect custom profile is
        used if authselect is present
      block:

      - name: Account Lockouts Must Be Logged - Check integrity of authselect current
          profile
        ansible.builtin.command:
          cmd: authselect check
        register: result_authselect_check_cmd
        changed_when: false
        check_mode: false
        failed_when: false

      - name: Account Lockouts Must Be Logged - Informative message based on the authselect
          integrity check result
        ansible.builtin.assert:
          that:
          - ansible_check_mode or result_authselect_check_cmd.rc == 0
          fail_msg:
          - authselect integrity check failed. Remediation aborted!
          - This remediation could not be applied because an authselect profile was
            not selected or the selected profile is not intact.
          - It is not recommended to manually edit the PAM files when authselect tool
            is available.
          - In cases where the default authselect profile does not cover a specific
            demand, a custom authselect profile is recommended.
          success_msg:
          - authselect integrity check passed

      - name: Account Lockouts Must Be Logged - Get authselect current profile
        ansible.builtin.shell:
          cmd: authselect current -r | awk '{ print $1 }'
        register: result_authselect_profile
        changed_when: false
        when:
        - result_authselect_check_cmd is success

      - name: Account Lockouts Must Be Logged - Define the current authselect profile
          as a local fact
        ansible.builtin.set_fact:
          authselect_current_profile: '{{ result_authselect_profile.stdout }}'
          authselect_custom_profile: '{{ result_authselect_profile.stdout }}'
        when:
        - result_authselect_profile is not skipped
        - result_authselect_profile.stdout is match("custom/")

      - name: Account Lockouts Must Be Logged - Define the new authselect custom profile
          as a local fact
        ansible.builtin.set_fact:
          authselect_current_profile: '{{ result_authselect_profile.stdout }}'
          authselect_custom_profile: custom/hardening
        when:
        - result_authselect_profile is not skipped
        - result_authselect_profile.stdout is not match("custom/")

      - name: Account Lockouts Must Be Logged - Get authselect current features to
          also enable them in the custom profile
        ansible.builtin.shell:
          cmd: authselect current | tail -n+3 | awk '{ print $2 }'
        register: result_authselect_features
        changed_when: false
        check_mode: false
        when:
        - result_authselect_profile is not skipped
        - authselect_current_profile is not match("custom/")

      - name: Account Lockouts Must Be Logged - Check if any custom profile with the
          same name was already created
        ansible.builtin.stat:
          path: /etc/authselect/{{ authselect_custom_profile }}
        register: result_authselect_custom_profile_present
        changed_when: false
        when:
        - result_authselect_profile is not skipped
        - authselect_current_profile is not match("custom/")

      - name: Account Lockouts Must Be Logged - Create an authselect custom profile
          based on the current profile
        ansible.builtin.command:
          cmd: authselect create-profile hardening -b {{ authselect_current_profile
            }}
        when:
        - result_authselect_profile is not skipped
        - result_authselect_check_cmd is success
        - authselect_current_profile is not match("^(custom/|local)")
        - not result_authselect_custom_profile_present.stat.exists

      - name: Account Lockouts Must Be Logged - Create an authselect custom profile
          based on sssd profile
        ansible.builtin.command:
          cmd: authselect create-profile hardening -b sssd
        when:
        - result_authselect_profile is not skipped
        - result_authselect_check_cmd is success
        - authselect_current_profile is match("local")
        - not result_authselect_custom_profile_present.stat.exists

      - name: Account Lockouts Must Be Logged - Ensure authselect changes are applied
        ansible.builtin.command:
          cmd: authselect apply-changes -b --backup=before-hardening-custom-profile
        when:
        - result_authselect_check_cmd is success
        - result_authselect_profile is not skipped
        - authselect_current_profile is not match("custom/")
        - authselect_custom_profile is not match(authselect_current_profile)

      - name: Account Lockouts Must Be Logged - Ensure the authselect custom profile
          is selected
        ansible.builtin.command:
          cmd: authselect select {{ authselect_custom_profile }}
        register: result_pam_authselect_select_profile
        when:
        - result_authselect_check_cmd is success
        - result_authselect_profile is not skipped
        - authselect_current_profile is not match("custom/")
        - authselect_custom_profile is not match(authselect_current_profile)

      - name: Account Lockouts Must Be Logged - Restore the authselect features in
          the custom profile
        ansible.builtin.command:
          cmd: authselect enable-feature {{ item }}
        loop: '{{ result_authselect_features.stdout_lines }}'
        register: result_pam_authselect_restore_features
        when:
        - result_authselect_profile is not skipped
        - result_authselect_features is not skipped
        - result_pam_authselect_select_profile is not skipped

      - name: Account Lockouts Must Be Logged - Ensure authselect changes are applied
        ansible.builtin.command:
          cmd: authselect apply-changes -b --backup=after-hardening-custom-profile
        when:
        - result_authselect_check_cmd is success
        - result_authselect_profile is not skipped
        - result_pam_authselect_restore_features is not skipped

      - name: Account Lockouts Must Be Logged - Change the PAM file to be edited according
          to the custom authselect profile
        ansible.builtin.set_fact:
          pam_file_path: /etc/authselect/{{ authselect_custom_profile }}/{{ pam_file_path
            | basename }}
        when:
        - authselect_custom_profile is defined
      when:
      - result_authselect_present.stat.exists

    - name: Account Lockouts Must Be Logged - Define a fact for control already filtered
        in case filters are used
      ansible.builtin.set_fact:
        pam_module_control: ''

    - name: Account Lockouts Must Be Logged - Check if {{ pam_file_path }} file is
        present
      ansible.builtin.stat:
        path: '{{ pam_file_path }}'
      register: result_pam_file_present

    - name: Account Lockouts Must Be Logged - Ensure the "audit" option from "pam_faillock.so"
        is not present in {{ pam_file_path }}
      ansible.builtin.replace:
        dest: '{{ pam_file_path }}'
        regexp: (.*auth.*pam_faillock.so.*)\baudit\b=?[0-9a-zA-Z]*(.*)
        replace: \1\2
      register: result_pam_option_removal
      when: result_pam_file_present.stat.exists

    - name: Account Lockouts Must Be Logged - Ensure authselect changes are applied
      ansible.builtin.command:
        cmd: authselect apply-changes -b
      when:
      - result_authselect_present.stat.exists
      - result_pam_option_removal is changed
    when:
    - result_pam_file_present.stat.exists

  - name: Account Lockouts Must Be Logged - Check if /etc/pam.d/password-auth file
      is present
    ansible.builtin.stat:
      path: /etc/pam.d/password-auth
    register: result_pam_file_present

  - name: Account Lockouts Must Be Logged - Check the proper remediation for the system
    block:

    - name: Account Lockouts Must Be Logged - Define the PAM file to be edited as
        a local fact
      ansible.builtin.set_fact:
        pam_file_path: /etc/pam.d/password-auth

    - name: Account Lockouts Must Be Logged - Check if system relies on authselect
        tool
      ansible.builtin.stat:
        path: /usr/bin/authselect
      register: result_authselect_present

    - name: Account Lockouts Must Be Logged - Ensure authselect custom profile is
        used if authselect is present
      block:

      - name: Account Lockouts Must Be Logged - Check integrity of authselect current
          profile
        ansible.builtin.command:
          cmd: authselect check
        register: result_authselect_check_cmd
        changed_when: false
        check_mode: false
        failed_when: false

      - name: Account Lockouts Must Be Logged - Informative message based on the authselect
          integrity check result
        ansible.builtin.assert:
          that:
          - ansible_check_mode or result_authselect_check_cmd.rc == 0
          fail_msg:
          - authselect integrity check failed. Remediation aborted!
          - This remediation could not be applied because an authselect profile was
            not selected or the selected profile is not intact.
          - It is not recommended to manually edit the PAM files when authselect tool
            is available.
          - In cases where the default authselect profile does not cover a specific
            demand, a custom authselect profile is recommended.
          success_msg:
          - authselect integrity check passed

      - name: Account Lockouts Must Be Logged - Get authselect current profile
        ansible.builtin.shell:
          cmd: authselect current -r | awk '{ print $1 }'
        register: result_authselect_profile
        changed_when: false
        when:
        - result_authselect_check_cmd is success

      - name: Account Lockouts Must Be Logged - Define the current authselect profile
          as a local fact
        ansible.builtin.set_fact:
          authselect_current_profile: '{{ result_authselect_profile.stdout }}'
          authselect_custom_profile: '{{ result_authselect_profile.stdout }}'
        when:
        - result_authselect_profile is not skipped
        - result_authselect_profile.stdout is match("custom/")

      - name: Account Lockouts Must Be Logged - Define the new authselect custom profile
          as a local fact
        ansible.builtin.set_fact:
          authselect_current_profile: '{{ result_authselect_profile.stdout }}'
          authselect_custom_profile: custom/hardening
        when:
        - result_authselect_profile is not skipped
        - result_authselect_profile.stdout is not match("custom/")

      - name: Account Lockouts Must Be Logged - Get authselect current features to
          also enable them in the custom profile
        ansible.builtin.shell:
          cmd: authselect current | tail -n+3 | awk '{ print $2 }'
        register: result_authselect_features
        changed_when: false
        check_mode: false
        when:
        - result_authselect_profile is not skipped
        - authselect_current_profile is not match("custom/")

      - name: Account Lockouts Must Be Logged - Check if any custom profile with the
          same name was already created
        ansible.builtin.stat:
          path: /etc/authselect/{{ authselect_custom_profile }}
        register: result_authselect_custom_profile_present
        changed_when: false
        when:
        - result_authselect_profile is not skipped
        - authselect_current_profile is not match("custom/")

      - name: Account Lockouts Must Be Logged - Create an authselect custom profile
          based on the current profile
        ansible.builtin.command:
          cmd: authselect create-profile hardening -b {{ authselect_current_profile
            }}
        when:
        - result_authselect_profile is not skipped
        - result_authselect_check_cmd is success
        - authselect_current_profile is not match("^(custom/|local)")
        - not result_authselect_custom_profile_present.stat.exists

      - name: Account Lockouts Must Be Logged - Create an authselect custom profile
          based on sssd profile
        ansible.builtin.command:
          cmd: authselect create-profile hardening -b sssd
        when:
        - result_authselect_profile is not skipped
        - result_authselect_check_cmd is success
        - authselect_current_profile is match("local")
        - not result_authselect_custom_profile_present.stat.exists

      - name: Account Lockouts Must Be Logged - Ensure authselect changes are applied
        ansible.builtin.command:
          cmd: authselect apply-changes -b --backup=before-hardening-custom-profile
        when:
        - result_authselect_check_cmd is success
        - result_authselect_profile is not skipped
        - authselect_current_profile is not match("custom/")
        - authselect_custom_profile is not match(authselect_current_profile)

      - name: Account Lockouts Must Be Logged - Ensure the authselect custom profile
          is selected
        ansible.builtin.command:
          cmd: authselect select {{ authselect_custom_profile }}
        register: result_pam_authselect_select_profile
        when:
        - result_authselect_check_cmd is success
        - result_authselect_profile is not skipped
        - authselect_current_profile is not match("custom/")
        - authselect_custom_profile is not match(authselect_current_profile)

      - name: Account Lockouts Must Be Logged - Restore the authselect features in
          the custom profile
        ansible.builtin.command:
          cmd: authselect enable-feature {{ item }}
        loop: '{{ result_authselect_features.stdout_lines }}'
        register: result_pam_authselect_restore_features
        when:
        - result_authselect_profile is not skipped
        - result_authselect_features is not skipped
        - result_pam_authselect_select_profile is not skipped

      - name: Account Lockouts Must Be Logged - Ensure authselect changes are applied
        ansible.builtin.command:
          cmd: authselect apply-changes -b --backup=after-hardening-custom-profile
        when:
        - result_authselect_check_cmd is success
        - result_authselect_profile is not skipped
        - result_pam_authselect_restore_features is not skipped

      - name: Account Lockouts Must Be Logged - Change the PAM file to be edited according
          to the custom authselect profile
        ansible.builtin.set_fact:
          pam_file_path: /etc/authselect/{{ authselect_custom_profile }}/{{ pam_file_path
            | basename }}
        when:
        - authselect_custom_profile is defined
      when:
      - result_authselect_present.stat.exists

    - name: Account Lockouts Must Be Logged - Define a fact for control already filtered
        in case filters are used
      ansible.builtin.set_fact:
        pam_module_control: ''

    - name: Account Lockouts Must Be Logged - Check if {{ pam_file_path }} file is
        present
      ansible.builtin.stat:
        path: '{{ pam_file_path }}'
      register: result_pam_file_present

    - name: Account Lockouts Must Be Logged - Ensure the "audit" option from "pam_faillock.so"
        is not present in {{ pam_file_path }}
      ansible.builtin.replace:
        dest: '{{ pam_file_path }}'
        regexp: (.*auth.*pam_faillock.so.*)\baudit\b=?[0-9a-zA-Z]*(.*)
        replace: \1\2
      register: result_pam_option_removal
      when: result_pam_file_present.stat.exists

    - name: Account Lockouts Must Be Logged - Ensure authselect changes are applied
      ansible.builtin.command:
        cmd: authselect apply-changes -b
      when:
      - result_authselect_present.stat.exists
      - result_pam_option_removal is changed
    when:
    - result_pam_file_present.stat.exists
  when:
  - ("kernel-default" in ansible_facts.packages or "kernel-default-base" in ansible_facts.packages)
  - result_faillock_conf_check.stat.exists
  tags:
  - NIST-800-53-AC-7 (a)
  - account_passwords_pam_faillock_audit
  - low_complexity
  - low_disruption
  - medium_severity
  - no_reboot_needed
  - restrict_strategy

- name: Account Lockouts Must Be Logged - Ensure the pam_faillock.so audit parameter
    in PAM files
  block:

  - name: Account Lockouts Must Be Logged - Check if pam_faillock.so audit parameter
      is already enabled in pam files
    ansible.builtin.lineinfile:
      path: /etc/pam.d/system-auth
      regexp: .*auth.*pam_faillock\.so (preauth|authfail).*audit
      state: absent
    check_mode: true
    changed_when: false
    register: result_pam_faillock_audit_parameter_is_present

  - name: Account Lockouts Must Be Logged - Ensure the inclusion of pam_faillock.so
      preauth audit parameter in auth section
    ansible.builtin.lineinfile:
      path: '{{ item }}'
      backrefs: true
      regexp: (^\s*auth\s+)([\w\[].*\b)(\s+pam_faillock.so preauth.*)
      line: \1required\3 audit
      state: present
    loop:
    - /etc/pam.d/system-auth
    - /etc/pam.d/password-auth
    when:
    - result_pam_faillock_audit_parameter_is_present.found == 0
  when:
  - ("kernel-default" in ansible_facts.packages or "kernel-default-base" in ansible_facts.packages)
  - not result_faillock_conf_check.stat.exists
  tags:
  - NIST-800-53-AC-7 (a)
  - account_passwords_pam_faillock_audit
  - low_complexity
  - low_disruption
  - medium_severity
  - no_reboot_needed
  - restrict_strategy
</fix>
            <check system="http://oval.mitre.org/XMLSchema/oval-definitions-5">
              <check-content-ref name="oval:ssg-account_passwords_pam_faillock_audit:def:1" href="ssg-sle15-oval.xml"/>
            </check>
            <check system="http://scap.nist.gov/schema/ocil/2">
              <check-content-ref name="ocil:ssg-account_passwords_pam_faillock_audit_ocil:questionnaire:1" href="ssg-sle15-ocil.xml"/>
            </check>
          </Rule>
          <Rule id="xccdf_org.ssgproject.content_rule_account_passwords_pam_faillock_dir" selected="false" role="full" severity="medium">
            <title xmlns:xhtml="http://www.w3.org/1999/xhtml" xml:lang="en-US">Account Lockouts Must Persist</title>
            <description xmlns:xhtml="http://www.w3.org/1999/xhtml" xml:lang="en-US">By setting a `dir` in the faillock configuration account lockouts will persist across reboots.</description>
            <warning xmlns:xhtml="http://www.w3.org/1999/xhtml" xml:lang="en-US" category="general">This rule is deprecated in favor of the <html:code xmlns:html="http://www.w3.org/1999/xhtml">accounts_passwords_pam_faillock_dir</html:code> rule.Please consider replacing this rule in your files as it is not expected to receive
updates as of version <html:code xmlns:html="http://www.w3.org/1999/xhtml">0.1.65</html:code>.</warning>
            <reference href="http://nvlpubs.nist.gov/nistpubs/SpecialPublications/NIST.SP.800-53r4.pdf">AC-7 (ia)</reference>
            <rationale xmlns:xhtml="http://www.w3.org/1999/xhtml" xml:lang="en-US">Having lockouts persist across reboots ensures that account is only unlocked by an administrator.
If the lockouts did not persist across reboots an attack could simply reboot the system to continue brute force attacks against the accounts on the system.
</rationale>
            <check system="http://scap.nist.gov/schema/ocil/2">
              <check-content-ref name="ocil:ssg-account_passwords_pam_faillock_dir_ocil:questionnaire:1" href="ssg-sle15-ocil.xml"/>
            </check>
          </Rule>
          <Rule id="xccdf_org.ssgproject.content_rule_accounts_password_pam_pwhistory_remember" selected="false" role="full" severity="medium">
            <title xmlns:xhtml="http://www.w3.org/1999/xhtml" xml:lang="en-US">Limit Password Reuse</title>
            <description xmlns:xhtml="http://www.w3.org/1999/xhtml" xml:lang="en-US">Do not allow users to reuse recent passwords. This can be
accomplished by using the <html:code xmlns:html="http://www.w3.org/1999/xhtml">remember</html:code> option for the
<html:code xmlns:html="http://www.w3.org/1999/xhtml">pam_pwhistory</html:code> PAM modules.
<html:br xmlns:html="http://www.w3.org/1999/xhtml"/>
         <html:br xmlns:html="http://www.w3.org/1999/xhtml"/>
In the file <html:code xmlns:html="http://www.w3.org/1999/xhtml">/etc/pam.d/common-password</html:code>, make sure the parameters
<html:code xmlns:html="http://www.w3.org/1999/xhtml">remember</html:code> and <html:code xmlns:html="http://www.w3.org/1999/xhtml">use_authtok</html:code> are present, and that the value
for the <html:code xmlns:html="http://www.w3.org/1999/xhtml">remember</html:code> parameter is <xccdf-1.2:sub xmlns:xccdf-1.2="http://checklists.nist.gov/xccdf/1.2" idref="xccdf_org.ssgproject.content_value_var_password_pam_remember" use="legacy"/> or greater. For example:
<html:pre xmlns:html="http://www.w3.org/1999/xhtml" xmlns:xccdf-1.2="http://checklists.nist.gov/xccdf/1.2">password requisite pam_pwhistory.so <html:i>...existing_options...</html:i> remember=<xccdf-1.2:sub idref="xccdf_org.ssgproject.content_value_var_password_pam_remember" use="legacy"/> use_authtok</html:pre>
The profile requirement is <xccdf-1.2:sub xmlns:xccdf-1.2="http://checklists.nist.gov/xccdf/1.2" idref="xccdf_org.ssgproject.content_value_var_password_pam_remember" use="legacy"/> passwords.</description>
            <reference href="https://www.cyber.mil/stigs/downloads/?_dl_facet_stigs=operating-systems%2Cgeneral-purpose-os">SRG-OS-000077-GPOS-00045</reference>
            <reference href="https://www.cisecurity.org/benchmark/suse_linux/">5.3.3</reference>
            <reference href="not_publicly_available">SLES-15-600450180</reference>
            <rationale xmlns:xhtml="http://www.w3.org/1999/xhtml" xml:lang="en-US">Preventing reuse of previous passwords helps ensure that a compromised password is not reused by a user.</rationale>
            <platform idref="#package_pam"/>
            <ident system="https://ncp.nist.gov/cce">CCE-91398-8</ident>
            <fix xmlns:xhtml="http://www.w3.org/1999/xhtml" id="accounts_password_pam_pwhistory_remember" system="urn:xccdf:fix:script:sh" complexity="low" disruption="low" strategy="restrict"># Remediation is applicable only in certain platforms
if rpm --quiet -q kernel-default || rpm --quiet -q kernel-default-base &amp;&amp; { rpm --quiet -q pam; }; then

declare -a VALUES=()
declare -a VALUE_NAMES=()
declare -a ARGS=()
declare -a NEW_ARGS=()
declare -a DEL_ARGS=()

var_password_pam_remember='<xccdf-1.2:sub xmlns:xccdf-1.2="http://checklists.nist.gov/xccdf/1.2" idref="xccdf_org.ssgproject.content_value_var_password_pam_remember" use="legacy"/>'

VALUES+=("$var_password_pam_remember")
VALUE_NAMES+=("remember")
ARGS+=("")
NEW_ARGS+=("")

VALUES+=("")
VALUE_NAMES+=("")
ARGS+=("use_authtok")
NEW_ARGS+=("use_authtok")


for idx in "${!VALUES[@]}"
do
    if [ -e "/etc/pam.d/common-password" ] ; then
        valueRegex="${VALUES[$idx]}" defaultValue="${VALUES[$idx]}"
        # non-empty values need to be preceded by an equals sign
        [ -n "${valueRegex}" ] &amp;&amp; valueRegex="=${valueRegex}"
        # add an equals sign to non-empty values
        [ -n "${defaultValue}" ] &amp;&amp; defaultValue="=${defaultValue}"

        # fix the value for 'option' if one exists but does not match 'valueRegex'
        if grep -q -P "^\\s*password\\s+requisite\\s+pam_pwhistory.so(\\s.+)?\\s+${VALUE_NAMES[$idx]}(?"'!'"${valueRegex}(\\s|\$))" &lt; "/etc/pam.d/common-password" ; then
            sed --follow-symlinks -i -E -e "s/^(\\s*password\\s+requisite\\s+pam_pwhistory.so(\\s.+)?\\s)${VALUE_NAMES[$idx]}=[^[:space:]]*/\\1${VALUE_NAMES[$idx]}${defaultValue}/" "/etc/pam.d/common-password"

        # add 'option=default' if option is not set
        elif grep -q -E "^\\s*password\\s+requisite\\s+pam_pwhistory.so" &lt; "/etc/pam.d/common-password" &amp;&amp;
                grep    -E "^\\s*password\\s+requisite\\s+pam_pwhistory.so" &lt; "/etc/pam.d/common-password" | grep -q -E -v "\\s${VALUE_NAMES[$idx]}(=|\\s|\$)" ; then

            sed --follow-symlinks -i -E -e "s/^(\\s*password\\s+requisite\\s+pam_pwhistory.so[^\\n]*)/\\1 ${VALUE_NAMES[$idx]}${defaultValue}/" "/etc/pam.d/common-password"
        # add a new entry if none exists
        elif ! grep -q -P "^\\s*password\\s+requisite\\s+pam_pwhistory.so(\\s.+)?\\s+${VALUE_NAMES[$idx]}${valueRegex}(\\s|\$)" &lt; "/etc/pam.d/common-password" ; then
            echo "password requisite pam_pwhistory.so ${VALUE_NAMES[$idx]}${defaultValue}" &gt;&gt; "/etc/pam.d/common-password"
        fi
    else
        echo "/etc/pam.d/common-password doesn't exist" &gt;&amp;2
    fi
done

for idx in "${!ARGS[@]}"
do
    if ! grep -q -P "^\s*password\s+requisite\s+pam_pwhistory.so.*\s+${ARGS[$idx]}\s*$" /etc/pam.d/common-password ; then
        sed --follow-symlinks -i -E -e "s/^\\s*password\\s+requisite\\s+pam_pwhistory.so.*\$/&amp; ${NEW_ARGS[$idx]}/" /etc/pam.d/common-password
        if [ -n "${DEL_ARGS[$idx]}" ]; then
            sed --follow-symlinks -i -E -e "s/\s+${DEL_ARGS[$idx]}\S+\s+/ /g" /etc/pam.d/common-password
        fi
    fi
done

else
    &gt;&amp;2 echo 'Remediation is not applicable, nothing was done'
fi
</fix>
            <fix xmlns:xhtml="http://www.w3.org/1999/xhtml" id="accounts_password_pam_pwhistory_remember" system="urn:xccdf:fix:script:ansible" complexity="low" disruption="low" strategy="restrict">- name: Gather the package facts
  package_facts:
    manager: auto
  tags:
  - CCE-91398-8
  - accounts_password_pam_pwhistory_remember
  - low_complexity
  - low_disruption
  - medium_severity
  - no_reboot_needed
  - restrict_strategy
- name: XCCDF Value var_password_pam_remember # promote to variable
  set_fact:
    var_password_pam_remember: !!str <xccdf-1.2:sub xmlns:xccdf-1.2="http://checklists.nist.gov/xccdf/1.2" idref="xccdf_org.ssgproject.content_value_var_password_pam_remember" use="legacy"/>
  tags:
    - always

- name: Set control_flag fact
  ansible.builtin.set_fact:
    control_flag: requisite
  when:
  - ("kernel-default" in ansible_facts.packages or "kernel-default-base" in ansible_facts.packages)
  - '"pam" in ansible_facts.packages'
  tags:
  - CCE-91398-8
  - accounts_password_pam_pwhistory_remember
  - low_complexity
  - low_disruption
  - medium_severity
  - no_reboot_needed
  - restrict_strategy

- name: Check to see if 'pam_pwhistory.so' module is configured in '/etc/pam.d/common-password'
  ansible.builtin.shell: |
    set -o pipefail
    grep -E '^\s*password\s+\S+\s+pam_pwhistory.so' /etc/pam.d/common-password || true
  register: check_pam_module_result
  when:
  - ("kernel-default" in ansible_facts.packages or "kernel-default-base" in ansible_facts.packages)
  - '"pam" in ansible_facts.packages'
  tags:
  - CCE-91398-8
  - accounts_password_pam_pwhistory_remember
  - low_complexity
  - low_disruption
  - medium_severity
  - no_reboot_needed
  - restrict_strategy

- name: Configure 'pam_pwhistory.so' module in '/etc/pam.d/common-password'
  ansible.builtin.lineinfile:
    path: /etc/pam.d/common-password
    line: password requisite pam_pwhistory.so
    state: present
  when:
  - ("kernel-default" in ansible_facts.packages or "kernel-default-base" in ansible_facts.packages)
  - '"pam" in ansible_facts.packages'
  - check_pam_module_result.stdout is defined and '"pam_pwhistory.so" not in check_pam_module_result.stdout'
  tags:
  - CCE-91398-8
  - accounts_password_pam_pwhistory_remember
  - low_complexity
  - low_disruption
  - medium_severity
  - no_reboot_needed
  - restrict_strategy

- name: Ensure 'pam_pwhistory.so' module has conforming control flag
  ansible.builtin.lineinfile:
    path: /etc/pam.d/common-password
    regexp: ^(\s*password\s+)\S+(\s+pam_pwhistory.so\s+.*)
    line: \g&lt;1&gt;requisite\g&lt;2&gt;
    backrefs: true
  when:
  - ("kernel-default" in ansible_facts.packages or "kernel-default-base" in ansible_facts.packages)
  - '"pam" in ansible_facts.packages'
  - control_flag|length
  tags:
  - CCE-91398-8
  - accounts_password_pam_pwhistory_remember
  - low_complexity
  - low_disruption
  - medium_severity
  - no_reboot_needed
  - restrict_strategy

- name: Ensure "pam_pwhistory.so" module has argument "remember={{ var_password_pam_remember
    }}"
  ansible.builtin.lineinfile:
    path: /etc/pam.d/common-password
    regexp: ^(\s*password\s+requisite\s+pam_pwhistory.so(?:\s+\S+)*\s+remember=)(?:\S+)((\s+\S+)*\s*\\*\s*)$
    line: \g&lt;1&gt;{{ var_password_pam_remember }}\g&lt;2&gt;
    backrefs: true
  when:
  - ("kernel-default" in ansible_facts.packages or "kernel-default-base" in ansible_facts.packages)
  - '"pam" in ansible_facts.packages'
  tags:
  - CCE-91398-8
  - accounts_password_pam_pwhistory_remember
  - low_complexity
  - low_disruption
  - medium_severity
  - no_reboot_needed
  - restrict_strategy

- name: Check the presence of "remember" argument in "pam_pwhistory.so" module
  ansible.builtin.shell: |
    set -o pipefail
    grep -E '^\s*password\s+requisite\s+pam_pwhistory.so.*\s+remember(=|\s|\s*$)' /etc/pam.d/common-password || true
  register: check_pam_module_argument_result
  when:
  - ("kernel-default" in ansible_facts.packages or "kernel-default-base" in ansible_facts.packages)
  - '"pam" in ansible_facts.packages'
  tags:
  - CCE-91398-8
  - accounts_password_pam_pwhistory_remember
  - low_complexity
  - low_disruption
  - medium_severity
  - no_reboot_needed
  - restrict_strategy

- name: Add "remember" argument to "pam_pwhistory.so" module
  ansible.builtin.lineinfile:
    path: /etc/pam.d/common-password
    regexp: ^(\s*password\s+requisite\s+pam_pwhistory.so)((\s+\S+)*\s*(\\)*$)
    line: \g&lt;1&gt; remember={{ var_password_pam_remember }}\g&lt;2&gt;
    backrefs: true
  when:
  - ("kernel-default" in ansible_facts.packages or "kernel-default-base" in ansible_facts.packages)
  - '"pam" in ansible_facts.packages'
  - check_pam_module_argument_result is not skipped and '"remember" not in check_pam_module_argument_result.stdout'
  tags:
  - CCE-91398-8
  - accounts_password_pam_pwhistory_remember
  - low_complexity
  - low_disruption
  - medium_severity
  - no_reboot_needed
  - restrict_strategy

- name: Set argument_value fact
  ansible.builtin.set_fact:
    argument_value: ''
  when:
  - ("kernel-default" in ansible_facts.packages or "kernel-default-base" in ansible_facts.packages)
  - '"pam" in ansible_facts.packages'
  tags:
  - CCE-91398-8
  - accounts_password_pam_pwhistory_remember
  - low_complexity
  - low_disruption
  - medium_severity
  - no_reboot_needed
  - restrict_strategy

- name: Ensure "pam_pwhistory.so" module has argument "use_authtok"
  ansible.builtin.lineinfile:
    path: /etc/pam.d/common-password
    regexp: ^(\s*password\s+requisite\s+pam_pwhistory.so(?:\s+\S+)*\s+use_authtok=)(?!)\S*((\s+\S+)*\s*\\*\s*)$
    line: \g&lt;1&gt;\g&lt;2&gt;
    backrefs: true
  when:
  - ("kernel-default" in ansible_facts.packages or "kernel-default-base" in ansible_facts.packages)
  - '"pam" in ansible_facts.packages'
  - argument_value|length
  tags:
  - CCE-91398-8
  - accounts_password_pam_pwhistory_remember
  - low_complexity
  - low_disruption
  - medium_severity
  - no_reboot_needed
  - restrict_strategy

- name: Check the presence of "use_authtok" argument in "pam_pwhistory.so" module
  ansible.builtin.shell: |
    set -o pipefail
    grep -E '^\s*password\s+requisite\s+pam_pwhistory.so.*\s+use_authtok(=|\s|\s*$)' /etc/pam.d/common-password || true
  register: check_pam_module_argument_result
  when:
  - ("kernel-default" in ansible_facts.packages or "kernel-default-base" in ansible_facts.packages)
  - '"pam" in ansible_facts.packages'
  tags:
  - CCE-91398-8
  - accounts_password_pam_pwhistory_remember
  - low_complexity
  - low_disruption
  - medium_severity
  - no_reboot_needed
  - restrict_strategy

- name: Add "use_authtok" argument to "pam_pwhistory.so" module
  ansible.builtin.lineinfile:
    path: /etc/pam.d/common-password
    regexp: ^(\s*password\s+requisite\s+pam_pwhistory.so)((\s+\S+)*\s*(\\)*$)
    line: \g&lt;1&gt; use_authtok\g&lt;2&gt;
    backrefs: true
  when:
  - ("kernel-default" in ansible_facts.packages or "kernel-default-base" in ansible_facts.packages)
  - '"pam" in ansible_facts.packages'
  - check_pam_module_argument_result is not skipped and '"use_authtok" not in check_pam_module_argument_result.stdout'
  tags:
  - CCE-91398-8
  - accounts_password_pam_pwhistory_remember
  - low_complexity
  - low_disruption
  - medium_severity
  - no_reboot_needed
  - restrict_strategy
</fix>
            <check system="http://oval.mitre.org/XMLSchema/oval-definitions-5">
              <check-export export-name="oval:ssg-var_password_pam_remember:var:1" value-id="xccdf_org.ssgproject.content_value_var_password_pam_remember"/>
              <check-content-ref name="oval:ssg-accounts_password_pam_pwhistory_remember:def:1" href="ssg-sle15-oval.xml"/>
            </check>
            <check system="http://scap.nist.gov/schema/ocil/2">
              <check-content-ref name="ocil:ssg-accounts_password_pam_pwhistory_remember_ocil:questionnaire:1" href="ssg-sle15-ocil.xml"/>
            </check>
          </Rule>
          <Rule id="xccdf_org.ssgproject.content_rule_accounts_passwords_pam_faildelay_delay" selected="false" role="full" severity="medium">
            <title xmlns:xhtml="http://www.w3.org/1999/xhtml" xml:lang="en-US">Enforce Delay After Failed Logon Attempts</title>
            <description xmlns:xhtml="http://www.w3.org/1999/xhtml" xml:lang="en-US">To configure the system to introduce a delay after failed logon attempts,
add or correct the <html:code xmlns:html="http://www.w3.org/1999/xhtml">pam_faildelay</html:code> settings in
<html:code xmlns:html="http://www.w3.org/1999/xhtml">/etc/pam.d/common-auth</html:code> to make sure its <html:code xmlns:html="http://www.w3.org/1999/xhtml">delay</html:code> parameter
is at least <xccdf-1.2:sub xmlns:xccdf-1.2="http://checklists.nist.gov/xccdf/1.2" idref="xccdf_org.ssgproject.content_value_var_password_pam_delay" use="legacy"/> or greater. For example:
<html:pre xmlns:html="http://www.w3.org/1999/xhtml" xmlns:xccdf-1.2="http://checklists.nist.gov/xccdf/1.2">auth required pam_faildelay.so delay=<xccdf-1.2:sub idref="xccdf_org.ssgproject.content_value_var_password_pam_delay" use="legacy"/>
         </html:pre>
        </description>
            <reference href="https://www.cyber.mil/stigs/downloads/?_dl_facet_stigs=operating-systems%2Cgeneral-purpose-os">SRG-OS-000480-GPOS-00226</reference>
            <reference href="https://www.cyber.mil/stigs/downloads/?_dl_facet_stigs=operating-systems%2Cunix-linux">SLES-15-040010</reference>
            <reference href="https://www.cyber.mil/stigs/srg-stig-tools/">SV-234983r991588_rule</reference>
            <rationale xmlns:xhtml="http://www.w3.org/1999/xhtml" xml:lang="en-US">Limiting the number of logon attempts over a certain time interval reduces
the chances that an unauthorized user may gain access to an account.</rationale>
            <platform idref="#package_pam"/>
            <ident system="https://ncp.nist.gov/cce">CCE-85619-5</ident>
            <fix xmlns:xhtml="http://www.w3.org/1999/xhtml" id="accounts_passwords_pam_faildelay_delay" system="urn:xccdf:fix:script:sh"># Remediation is applicable only in certain platforms
if rpm --quiet -q kernel-default || rpm --quiet -q kernel-default-base &amp;&amp; { rpm --quiet -q pam; }; then

var_password_pam_delay='<xccdf-1.2:sub xmlns:xccdf-1.2="http://checklists.nist.gov/xccdf/1.2" idref="xccdf_org.ssgproject.content_value_var_password_pam_delay" use="legacy"/>'


if [ -e "/etc/pam.d/common-auth" ] ; then
    valueRegex="$var_password_pam_delay" defaultValue="$var_password_pam_delay"
    # non-empty values need to be preceded by an equals sign
    [ -n "${valueRegex}" ] &amp;&amp; valueRegex="=${valueRegex}"
    # add an equals sign to non-empty values
    [ -n "${defaultValue}" ] &amp;&amp; defaultValue="=${defaultValue}"

    # fix 'type' if it's wrong
    if grep -q -P "^\\s*(?"'!'"auth\\s)[[:alnum:]]+\\s+[[:alnum:]]+\\s+pam_faildelay.so" &lt; "/etc/pam.d/common-auth" ; then
        sed --follow-symlinks -i -E -e "s/^(\\s*)[[:alnum:]]+(\\s+[[:alnum:]]+\\s+pam_faildelay.so)/\\1auth\\2/" "/etc/pam.d/common-auth"
    fi

    # fix 'control' if it's wrong
    if grep -q -P "^\\s*auth\\s+(?"'!'"required)[[:alnum:]]+\\s+pam_faildelay.so" &lt; "/etc/pam.d/common-auth" ; then
        sed --follow-symlinks -i -E -e "s/^(\\s*auth\\s+)[[:alnum:]]+(\\s+pam_faildelay.so)/\\1required\\2/" "/etc/pam.d/common-auth"
    fi

    # fix the value for 'option' if one exists but does not match 'valueRegex'
    if grep -q -P "^\\s*auth\\s+required\\s+pam_faildelay.so(\\s.+)?\\s+delay(?"'!'"${valueRegex}(\\s|\$))" &lt; "/etc/pam.d/common-auth" ; then
        sed --follow-symlinks -i -E -e "s/^(\\s*auth\\s+required\\s+pam_faildelay.so(\\s.+)?\\s)delay=[^[:space:]]*/\\1delay${defaultValue}/" "/etc/pam.d/common-auth"

    # add 'option=default' if option is not set
    elif grep -q -E "^\\s*auth\\s+required\\s+pam_faildelay.so" &lt; "/etc/pam.d/common-auth" &amp;&amp;
            grep    -E "^\\s*auth\\s+required\\s+pam_faildelay.so" &lt; "/etc/pam.d/common-auth" | grep -q -E -v "\\sdelay(=|\\s|\$)" ; then

        sed --follow-symlinks -i -E -e "s/^(\\s*auth\\s+required\\s+pam_faildelay.so[^\\n]*)/\\1 delay${defaultValue}/" "/etc/pam.d/common-auth"
    # add a new entry if none exists
    elif ! grep -q -P "^\\s*auth\\s+required\\s+pam_faildelay.so(\\s.+)?\\s+delay${valueRegex}(\\s|\$)" &lt; "/etc/pam.d/common-auth" ; then
        echo "auth required pam_faildelay.so delay${defaultValue}" &gt;&gt; "/etc/pam.d/common-auth"
    fi
else
    echo "/etc/pam.d/common-auth doesn't exist" &gt;&amp;2
fi

else
    &gt;&amp;2 echo 'Remediation is not applicable, nothing was done'
fi
</fix>
            <fix xmlns:xhtml="http://www.w3.org/1999/xhtml" id="accounts_passwords_pam_faildelay_delay" system="urn:xccdf:fix:script:ansible" complexity="low" disruption="low" strategy="restrict">- name: Gather the package facts
  package_facts:
    manager: auto
  tags:
  - CCE-85619-5
  - DISA-STIG-SLES-15-040010
  - accounts_passwords_pam_faildelay_delay
  - low_complexity
  - low_disruption
  - medium_severity
  - no_reboot_needed
  - restrict_strategy
- name: XCCDF Value var_password_pam_delay # promote to variable
  set_fact:
    var_password_pam_delay: !!str <xccdf-1.2:sub xmlns:xccdf-1.2="http://checklists.nist.gov/xccdf/1.2" idref="xccdf_org.ssgproject.content_value_var_password_pam_delay" use="legacy"/>
  tags:
    - always

- name: Set control_flag fact
  ansible.builtin.set_fact:
    control_flag: required
  when:
  - ("kernel-default" in ansible_facts.packages or "kernel-default-base" in ansible_facts.packages)
  - '"pam" in ansible_facts.packages'
  tags:
  - CCE-85619-5
  - DISA-STIG-SLES-15-040010
  - accounts_passwords_pam_faildelay_delay
  - low_complexity
  - low_disruption
  - medium_severity
  - no_reboot_needed
  - restrict_strategy

- name: Check to see if 'pam_faildelay.so' module is configured in '/etc/pam.d/common-auth'
  ansible.builtin.shell: |
    set -o pipefail
    grep -E '^\s*auth\s+\S+\s+pam_faildelay.so' /etc/pam.d/common-auth || true
  register: check_pam_module_result
  when:
  - ("kernel-default" in ansible_facts.packages or "kernel-default-base" in ansible_facts.packages)
  - '"pam" in ansible_facts.packages'
  tags:
  - CCE-85619-5
  - DISA-STIG-SLES-15-040010
  - accounts_passwords_pam_faildelay_delay
  - low_complexity
  - low_disruption
  - medium_severity
  - no_reboot_needed
  - restrict_strategy

- name: Configure 'pam_faildelay.so' module in '/etc/pam.d/common-auth'
  ansible.builtin.lineinfile:
    path: /etc/pam.d/common-auth
    line: auth required pam_faildelay.so
    state: present
  when:
  - ("kernel-default" in ansible_facts.packages or "kernel-default-base" in ansible_facts.packages)
  - '"pam" in ansible_facts.packages'
  - check_pam_module_result.stdout is defined and '"pam_faildelay.so" not in check_pam_module_result.stdout'
  tags:
  - CCE-85619-5
  - DISA-STIG-SLES-15-040010
  - accounts_passwords_pam_faildelay_delay
  - low_complexity
  - low_disruption
  - medium_severity
  - no_reboot_needed
  - restrict_strategy

- name: Ensure 'pam_faildelay.so' module has conforming control flag
  ansible.builtin.lineinfile:
    path: /etc/pam.d/common-auth
    regexp: ^(\s*auth\s+)\S+(\s+pam_faildelay.so\s+.*)
    line: \g&lt;1&gt;required\g&lt;2&gt;
    backrefs: true
  when:
  - ("kernel-default" in ansible_facts.packages or "kernel-default-base" in ansible_facts.packages)
  - '"pam" in ansible_facts.packages'
  - control_flag|length
  tags:
  - CCE-85619-5
  - DISA-STIG-SLES-15-040010
  - accounts_passwords_pam_faildelay_delay
  - low_complexity
  - low_disruption
  - medium_severity
  - no_reboot_needed
  - restrict_strategy

- name: Ensure "pam_faildelay.so" module has argument "delay={{ var_password_pam_delay
    }}"
  ansible.builtin.lineinfile:
    path: /etc/pam.d/common-auth
    regexp: ^(\s*auth\s+required\s+pam_faildelay.so(?:\s+\S+)*\s+delay=)(?:\S+)((\s+\S+)*\s*\\*\s*)$
    line: \g&lt;1&gt;{{ var_password_pam_delay }}\g&lt;2&gt;
    backrefs: true
  when:
  - ("kernel-default" in ansible_facts.packages or "kernel-default-base" in ansible_facts.packages)
  - '"pam" in ansible_facts.packages'
  tags:
  - CCE-85619-5
  - DISA-STIG-SLES-15-040010
  - accounts_passwords_pam_faildelay_delay
  - low_complexity
  - low_disruption
  - medium_severity
  - no_reboot_needed
  - restrict_strategy

- name: Check the presence of "delay" argument in "pam_faildelay.so" module
  ansible.builtin.shell: |
    set -o pipefail
    grep -E '^\s*auth\s+required\s+pam_faildelay.so.*\s+delay(=|\s|\s*$)' /etc/pam.d/common-auth || true
  register: check_pam_module_argument_result
  when:
  - ("kernel-default" in ansible_facts.packages or "kernel-default-base" in ansible_facts.packages)
  - '"pam" in ansible_facts.packages'
  tags:
  - CCE-85619-5
  - DISA-STIG-SLES-15-040010
  - accounts_passwords_pam_faildelay_delay
  - low_complexity
  - low_disruption
  - medium_severity
  - no_reboot_needed
  - restrict_strategy

- name: Add "delay" argument to "pam_faildelay.so" module
  ansible.builtin.lineinfile:
    path: /etc/pam.d/common-auth
    regexp: ^(\s*auth\s+required\s+pam_faildelay.so)((\s+\S+)*\s*(\\)*$)
    line: \g&lt;1&gt; delay={{ var_password_pam_delay }}\g&lt;2&gt;
    backrefs: true
  when:
  - ("kernel-default" in ansible_facts.packages or "kernel-default-base" in ansible_facts.packages)
  - '"pam" in ansible_facts.packages'
  - check_pam_module_argument_result is not skipped and '"delay" not in check_pam_module_argument_result.stdout'
  tags:
  - CCE-85619-5
  - DISA-STIG-SLES-15-040010
  - accounts_passwords_pam_faildelay_delay
  - low_complexity
  - low_disruption
  - medium_severity
  - no_reboot_needed
  - restrict_strategy
</fix>
            <check system="http://oval.mitre.org/XMLSchema/oval-definitions-5">
              <check-export export-name="oval:ssg-var_password_pam_delay:var:1" value-id="xccdf_org.ssgproject.content_value_var_password_pam_delay"/>
              <check-content-ref name="oval:ssg-accounts_passwords_pam_faildelay_delay:def:1" href="ssg-sle15-oval.xml"/>
            </check>
            <check system="http://scap.nist.gov/schema/ocil/2">
              <check-content-ref name="ocil:ssg-accounts_passwords_pam_faildelay_delay_ocil:questionnaire:1" href="ssg-sle15-ocil.xml"/>
            </check>
          </Rule>
          <Rule id="xccdf_org.ssgproject.content_rule_accounts_passwords_pam_faillock_audit" selected="false" role="full" severity="medium">
            <title xmlns:xhtml="http://www.w3.org/1999/xhtml" xml:lang="en-US">Account Lockouts Must Be Logged</title>
            <description xmlns:xhtml="http://www.w3.org/1999/xhtml" xml:lang="en-US">PAM faillock locks an account due to excessive password failures, this event must be logged.</description>
            <reference href="http://nvlpubs.nist.gov/nistpubs/SpecialPublications/NIST.SP.800-53r4.pdf">AC-7 (a)</reference>
            <reference href="https://www.cyber.mil/stigs/downloads/?_dl_facet_stigs=operating-systems%2Cgeneral-purpose-os">SRG-OS-000021-GPOS-00005</reference>
            <rationale xmlns:xhtml="http://www.w3.org/1999/xhtml" xml:lang="en-US">Without auditing of these events it may be harder or impossible to identify what an attacker did after an attack.</rationale>
            <platform idref="#package_pam"/>
            <fix xmlns:xhtml="http://www.w3.org/1999/xhtml" id="accounts_passwords_pam_faillock_audit" system="urn:xccdf:fix:script:sh"># Remediation is applicable only in certain platforms
if rpm --quiet -q kernel-default || rpm --quiet -q kernel-default-base &amp;&amp; { rpm --quiet -q pam; }; then

if [ -f /usr/bin/authselect ]; then
    if ! authselect check; then
echo "
authselect integrity check failed. Remediation aborted!
This remediation could not be applied because an authselect profile was not selected or the selected profile is not intact.
It is not recommended to manually edit the PAM files when authselect tool is available.
In cases where the default authselect profile does not cover a specific demand, a custom authselect profile is recommended."
exit 1
fi
authselect enable-feature with-faillock

authselect apply-changes -b
else
    
pam_file="/etc/pam.d/common-auth"
if ! grep -qE '^\s*auth\s+required\s+pam_faillock\.so\s+preauth.*$' "$pam_file" ; then
    
    # insert before pam_unix.so
    sed -i --follow-symlinks '/^auth.*required.*pam_unix\.so.*/i auth        required      pam_faillock.so preauth' "$pam_file"
    
fi
if ! grep -qE '^\s*auth\s+\[default=die\]\s+pam_faillock\.so\s+authfail.*$' "$pam_file" ; then

    num_lines=$(sed -n 's/^\s*auth.*success=\([1-9]\).*pam_unix\.so.*/\1/p' "$pam_file")
    if [ ! -z "$num_lines" ]; then

        # Add pam_faillock (authfail) module below pam_unix, skipping N-1 lines, where N is
        # the number of jumps in the pam_unix success=N statement. Ignore commented and empty lines.

        append_position=$(cat -n "${pam_file}" \
                          | grep -P "^\s+\d+\s+auth\s+.*$" \
                          | grep -w "pam_unix.so" -A $(( num_lines - 1 )) \
                          | tail -n 1 | cut -f 1 | tr -d ' '
                         )
        sed -i --follow-symlinks ''${append_position}'a auth        [default=die]      pam_faillock.so authfail' "$pam_file"
    else
        sed -i --follow-symlinks '/^auth.*pam_unix\.so.*/a auth        [default=die]      pam_faillock.so authfail' "$pam_file"
    fi
fi
if ! grep -qE '^\s*auth\s+sufficient\s+pam_faillock\.so\s+authsucc.*$' "$pam_file" ; then
    sed -i --follow-symlinks '/^auth.*pam_faillock\.so.*authfail.*/a auth        sufficient      pam_faillock.so authsucc' "$pam_file"
fi

pam_file="/etc/pam.d/common-account"
if ! grep -qE '^\s*account\s+required\s+pam_faillock\.so.*$' "$pam_file" ; then
    echo 'account   required     pam_faillock.so' &gt;&gt; "$pam_file"
fi

fi

AUTH_FILES=("/etc/pam.d/common-auth")
SKIP_FAILLOCK_CHECK=true

FAILLOCK_CONF="/etc/security/faillock.conf"
if [ -f $FAILLOCK_CONF ] || [ "$SKIP_FAILLOCK_CHECK" = "true" ]; then
    regex="^\s*audit"
    line="audit"
    if ! grep -q $regex $FAILLOCK_CONF; then
        echo $line &gt;&gt; $FAILLOCK_CONF
    fi
    
    for pam_file in "${AUTH_FILES[@]}"
    do
        if [ -e "$pam_file" ] ; then
            PAM_FILE_PATH="$pam_file"
            if [ -f /usr/bin/authselect ]; then
                
                if ! authselect check; then
                echo "
                authselect integrity check failed. Remediation aborted!
                This remediation could not be applied because an authselect profile was not selected or the selected profile is not intact.
                It is not recommended to manually edit the PAM files when authselect tool is available.
                In cases where the default authselect profile does not cover a specific demand, a custom authselect profile is recommended."
                exit 1
                fi

                CURRENT_PROFILE=$(authselect current -r | awk '{ print $1 }')
                # If not already in use, a custom profile is created preserving the enabled features.
                if [[ ! $CURRENT_PROFILE == custom/* ]]; then
                    ENABLED_FEATURES=$(authselect current | tail -n+3 | awk '{ print $2 }')
                    # The "local" profile does not contain essential security features required by multiple Benchmarks.
                    # If currently used, it is replaced by "sssd", which is the best option in this case.
                    if [[ $CURRENT_PROFILE == local ]]; then
                        CURRENT_PROFILE="sssd"
                    fi
                    authselect create-profile hardening -b $CURRENT_PROFILE
                    CURRENT_PROFILE="custom/hardening"
                    
                    authselect apply-changes -b --backup=before-hardening-custom-profile
                    authselect select $CURRENT_PROFILE
                    for feature in $ENABLED_FEATURES; do
                        authselect enable-feature $feature;
                    done
                    
                    authselect apply-changes -b --backup=after-hardening-custom-profile
                fi
                PAM_FILE_NAME=$(basename "$pam_file")
                PAM_FILE_PATH="/etc/authselect/$CURRENT_PROFILE/$PAM_FILE_NAME"

                authselect apply-changes -b
            fi
            
        if grep -qP "^\s*auth\s.*\bpam_faillock.so\s.*\baudit\b" "$PAM_FILE_PATH"; then
            sed -i -E --follow-symlinks "s/(.*auth.*pam_faillock.so.*)\baudit\b=?[[:alnum:]]*(.*)/\1\2/g" "$PAM_FILE_PATH"
        fi
            if [ -f /usr/bin/authselect ]; then
                
                authselect apply-changes -b
            fi
        else
            echo "$pam_file was not found" &gt;&amp;2
        fi
    done
    
else
    for pam_file in "${AUTH_FILES[@]}"
    do
        if ! grep -qE '^\s*auth.*pam_faillock\.so\s+(preauth|authfail).*audit' "$pam_file"; then
            sed -i --follow-symlinks '/^auth.*required.*pam_faillock\.so.*preauth.*/ s/$/ audit/' "$pam_file"
        fi
    done
fi

else
    &gt;&amp;2 echo 'Remediation is not applicable, nothing was done'
fi
</fix>
            <fix xmlns:xhtml="http://www.w3.org/1999/xhtml" id="accounts_passwords_pam_faillock_audit" system="urn:xccdf:fix:script:ansible" complexity="low" disruption="low" strategy="restrict">- name: Gather the package facts
  package_facts:
    manager: auto
  tags:
  - NIST-800-53-AC-7 (a)
  - accounts_passwords_pam_faillock_audit
  - low_complexity
  - low_disruption
  - medium_severity
  - no_reboot_needed
  - restrict_strategy

- name: Account Lockouts Must Be Logged - Check if system relies on authselect tool
  ansible.builtin.stat:
    path: /usr/bin/authselect
  register: result_authselect_present
  when:
  - ("kernel-default" in ansible_facts.packages or "kernel-default-base" in ansible_facts.packages)
  - '"pam" in ansible_facts.packages'
  tags:
  - NIST-800-53-AC-7 (a)
  - accounts_passwords_pam_faillock_audit
  - low_complexity
  - low_disruption
  - medium_severity
  - no_reboot_needed
  - restrict_strategy

- name: Account Lockouts Must Be Logged - Remediation where authselect tool is present
  block:

  - name: Account Lockouts Must Be Logged - Check integrity of authselect current
      profile
    ansible.builtin.command:
      cmd: authselect check
    register: result_authselect_check_cmd
    changed_when: false
    check_mode: false
    failed_when: false

  - name: Account Lockouts Must Be Logged - Informative message based on the authselect
      integrity check result
    ansible.builtin.assert:
      that:
      - ansible_check_mode or result_authselect_check_cmd.rc == 0
      fail_msg:
      - authselect integrity check failed. Remediation aborted!
      - This remediation could not be applied because an authselect profile was not
        selected or the selected profile is not intact.
      - It is not recommended to manually edit the PAM files when authselect tool
        is available.
      - In cases where the default authselect profile does not cover a specific demand,
        a custom authselect profile is recommended.
      success_msg:
      - authselect integrity check passed

  - name: Account Lockouts Must Be Logged - Get authselect current features
    ansible.builtin.shell:
      cmd: authselect current | tail -n+3 | awk '{ print $2 }'
    register: result_authselect_features
    changed_when: false
    check_mode: false
    when:
    - result_authselect_check_cmd is success

  - name: Account Lockouts Must Be Logged - Ensure "with-faillock" feature is enabled
      using authselect tool
    ansible.builtin.command:
      cmd: authselect enable-feature with-faillock
    register: result_authselect_enable_feature_cmd
    when:
    - result_authselect_check_cmd is success
    - result_authselect_features.stdout is not search("with-faillock")

  - name: Account Lockouts Must Be Logged - Ensure authselect changes are applied
    ansible.builtin.command:
      cmd: authselect apply-changes -b
    when:
    - result_authselect_enable_feature_cmd is not skipped
    - result_authselect_enable_feature_cmd is success
  when:
  - ("kernel-default" in ansible_facts.packages or "kernel-default-base" in ansible_facts.packages)
  - '"pam" in ansible_facts.packages'
  - result_authselect_present.stat.exists
  tags:
  - NIST-800-53-AC-7 (a)
  - accounts_passwords_pam_faillock_audit
  - low_complexity
  - low_disruption
  - medium_severity
  - no_reboot_needed
  - restrict_strategy

- name: Account Lockouts Must Be Logged - Remediation where authselect tool is not
    present
  block:

  - name: Account Lockouts Must Be Logged - Check if pam_faillock.so is already enabled
    ansible.builtin.lineinfile:
      path: /etc/pam.d/system-auth
      regexp: .*auth.*pam_faillock\.so (preauth|authfail)
      state: absent
    check_mode: true
    changed_when: false
    register: result_pam_faillock_is_enabled

  - name: Account Lockouts Must Be Logged - Enable pam_faillock.so preauth editing
      PAM files
    ansible.builtin.lineinfile:
      path: '{{ item }}'
      line: auth        required      pam_faillock.so preauth
      insertbefore: ^auth.*sufficient.*pam_unix\.so.*
      state: present
    loop:
    - /etc/pam.d/system-auth
    - /etc/pam.d/password-auth
    when:
    - result_pam_faillock_is_enabled.found == 0

  - name: Account Lockouts Must Be Logged - Enable pam_faillock.so authfail editing
      PAM files
    ansible.builtin.lineinfile:
      path: '{{ item }}'
      line: auth        required      pam_faillock.so authfail
      insertbefore: ^auth.*required.*pam_deny\.so.*
      state: present
    loop:
    - /etc/pam.d/system-auth
    - /etc/pam.d/password-auth
    when:
    - result_pam_faillock_is_enabled.found == 0

  - name: Account Lockouts Must Be Logged - Enable pam_faillock.so account section
      editing PAM files
    ansible.builtin.lineinfile:
      path: '{{ item }}'
      line: account     required      pam_faillock.so
      insertbefore: ^account.*required.*pam_unix\.so.*
      state: present
    loop:
    - /etc/pam.d/system-auth
    - /etc/pam.d/password-auth
    when:
    - result_pam_faillock_is_enabled.found == 0
  when:
  - ("kernel-default" in ansible_facts.packages or "kernel-default-base" in ansible_facts.packages)
  - '"pam" in ansible_facts.packages'
  - not result_authselect_present.stat.exists
  tags:
  - NIST-800-53-AC-7 (a)
  - accounts_passwords_pam_faillock_audit
  - low_complexity
  - low_disruption
  - medium_severity
  - no_reboot_needed
  - restrict_strategy

- name: Account Lockouts Must Be Logged - Check the presence of /etc/security/faillock.conf
    file
  ansible.builtin.stat:
    path: /etc/security/faillock.conf
  register: result_faillock_conf_check
  when:
  - ("kernel-default" in ansible_facts.packages or "kernel-default-base" in ansible_facts.packages)
  - '"pam" in ansible_facts.packages'
  tags:
  - NIST-800-53-AC-7 (a)
  - accounts_passwords_pam_faillock_audit
  - low_complexity
  - low_disruption
  - medium_severity
  - no_reboot_needed
  - restrict_strategy

- name: Account Lockouts Must Be Logged - Ensure the pam_faillock.so audit parameter
    in /etc/security/faillock.conf
  ansible.builtin.lineinfile:
    path: /etc/security/faillock.conf
    regexp: ^\s*audit
    line: audit
    state: present
  when:
  - ("kernel-default" in ansible_facts.packages or "kernel-default-base" in ansible_facts.packages)
  - '"pam" in ansible_facts.packages'
  - result_faillock_conf_check.stat.exists
  tags:
  - NIST-800-53-AC-7 (a)
  - accounts_passwords_pam_faillock_audit
  - low_complexity
  - low_disruption
  - medium_severity
  - no_reboot_needed
  - restrict_strategy

- name: Account Lockouts Must Be Logged - Ensure the pam_faillock.so audit parameter
    not in PAM files
  block:

  - name: Account Lockouts Must Be Logged - Check if /etc/pam.d/system-auth file is
      present
    ansible.builtin.stat:
      path: /etc/pam.d/system-auth
    register: result_pam_file_present

  - name: Account Lockouts Must Be Logged - Check the proper remediation for the system
    block:

    - name: Account Lockouts Must Be Logged - Define the PAM file to be edited as
        a local fact
      ansible.builtin.set_fact:
        pam_file_path: /etc/pam.d/system-auth

    - name: Account Lockouts Must Be Logged - Check if system relies on authselect
        tool
      ansible.builtin.stat:
        path: /usr/bin/authselect
      register: result_authselect_present

    - name: Account Lockouts Must Be Logged - Ensure authselect custom profile is
        used if authselect is present
      block:

      - name: Account Lockouts Must Be Logged - Check integrity of authselect current
          profile
        ansible.builtin.command:
          cmd: authselect check
        register: result_authselect_check_cmd
        changed_when: false
        check_mode: false
        failed_when: false

      - name: Account Lockouts Must Be Logged - Informative message based on the authselect
          integrity check result
        ansible.builtin.assert:
          that:
          - ansible_check_mode or result_authselect_check_cmd.rc == 0
          fail_msg:
          - authselect integrity check failed. Remediation aborted!
          - This remediation could not be applied because an authselect profile was
            not selected or the selected profile is not intact.
          - It is not recommended to manually edit the PAM files when authselect tool
            is available.
          - In cases where the default authselect profile does not cover a specific
            demand, a custom authselect profile is recommended.
          success_msg:
          - authselect integrity check passed

      - name: Account Lockouts Must Be Logged - Get authselect current profile
        ansible.builtin.shell:
          cmd: authselect current -r | awk '{ print $1 }'
        register: result_authselect_profile
        changed_when: false
        when:
        - result_authselect_check_cmd is success

      - name: Account Lockouts Must Be Logged - Define the current authselect profile
          as a local fact
        ansible.builtin.set_fact:
          authselect_current_profile: '{{ result_authselect_profile.stdout }}'
          authselect_custom_profile: '{{ result_authselect_profile.stdout }}'
        when:
        - result_authselect_profile is not skipped
        - result_authselect_profile.stdout is match("custom/")

      - name: Account Lockouts Must Be Logged - Define the new authselect custom profile
          as a local fact
        ansible.builtin.set_fact:
          authselect_current_profile: '{{ result_authselect_profile.stdout }}'
          authselect_custom_profile: custom/hardening
        when:
        - result_authselect_profile is not skipped
        - result_authselect_profile.stdout is not match("custom/")

      - name: Account Lockouts Must Be Logged - Get authselect current features to
          also enable them in the custom profile
        ansible.builtin.shell:
          cmd: authselect current | tail -n+3 | awk '{ print $2 }'
        register: result_authselect_features
        changed_when: false
        check_mode: false
        when:
        - result_authselect_profile is not skipped
        - authselect_current_profile is not match("custom/")

      - name: Account Lockouts Must Be Logged - Check if any custom profile with the
          same name was already created
        ansible.builtin.stat:
          path: /etc/authselect/{{ authselect_custom_profile }}
        register: result_authselect_custom_profile_present
        changed_when: false
        when:
        - result_authselect_profile is not skipped
        - authselect_current_profile is not match("custom/")

      - name: Account Lockouts Must Be Logged - Create an authselect custom profile
          based on the current profile
        ansible.builtin.command:
          cmd: authselect create-profile hardening -b {{ authselect_current_profile
            }}
        when:
        - result_authselect_profile is not skipped
        - result_authselect_check_cmd is success
        - authselect_current_profile is not match("^(custom/|local)")
        - not result_authselect_custom_profile_present.stat.exists

      - name: Account Lockouts Must Be Logged - Create an authselect custom profile
          based on sssd profile
        ansible.builtin.command:
          cmd: authselect create-profile hardening -b sssd
        when:
        - result_authselect_profile is not skipped
        - result_authselect_check_cmd is success
        - authselect_current_profile is match("local")
        - not result_authselect_custom_profile_present.stat.exists

      - name: Account Lockouts Must Be Logged - Ensure authselect changes are applied
        ansible.builtin.command:
          cmd: authselect apply-changes -b --backup=before-hardening-custom-profile
        when:
        - result_authselect_check_cmd is success
        - result_authselect_profile is not skipped
        - authselect_current_profile is not match("custom/")
        - authselect_custom_profile is not match(authselect_current_profile)

      - name: Account Lockouts Must Be Logged - Ensure the authselect custom profile
          is selected
        ansible.builtin.command:
          cmd: authselect select {{ authselect_custom_profile }}
        register: result_pam_authselect_select_profile
        when:
        - result_authselect_check_cmd is success
        - result_authselect_profile is not skipped
        - authselect_current_profile is not match("custom/")
        - authselect_custom_profile is not match(authselect_current_profile)

      - name: Account Lockouts Must Be Logged - Restore the authselect features in
          the custom profile
        ansible.builtin.command:
          cmd: authselect enable-feature {{ item }}
        loop: '{{ result_authselect_features.stdout_lines }}'
        register: result_pam_authselect_restore_features
        when:
        - result_authselect_profile is not skipped
        - result_authselect_features is not skipped
        - result_pam_authselect_select_profile is not skipped

      - name: Account Lockouts Must Be Logged - Ensure authselect changes are applied
        ansible.builtin.command:
          cmd: authselect apply-changes -b --backup=after-hardening-custom-profile
        when:
        - result_authselect_check_cmd is success
        - result_authselect_profile is not skipped
        - result_pam_authselect_restore_features is not skipped

      - name: Account Lockouts Must Be Logged - Change the PAM file to be edited according
          to the custom authselect profile
        ansible.builtin.set_fact:
          pam_file_path: /etc/authselect/{{ authselect_custom_profile }}/{{ pam_file_path
            | basename }}
        when:
        - authselect_custom_profile is defined
      when:
      - result_authselect_present.stat.exists

    - name: Account Lockouts Must Be Logged - Define a fact for control already filtered
        in case filters are used
      ansible.builtin.set_fact:
        pam_module_control: ''

    - name: Account Lockouts Must Be Logged - Check if {{ pam_file_path }} file is
        present
      ansible.builtin.stat:
        path: '{{ pam_file_path }}'
      register: result_pam_file_present

    - name: Account Lockouts Must Be Logged - Ensure the "audit" option from "pam_faillock.so"
        is not present in {{ pam_file_path }}
      ansible.builtin.replace:
        dest: '{{ pam_file_path }}'
        regexp: (.*auth.*pam_faillock.so.*)\baudit\b=?[0-9a-zA-Z]*(.*)
        replace: \1\2
      register: result_pam_option_removal
      when: result_pam_file_present.stat.exists

    - name: Account Lockouts Must Be Logged - Ensure authselect changes are applied
      ansible.builtin.command:
        cmd: authselect apply-changes -b
      when:
      - result_authselect_present.stat.exists
      - result_pam_option_removal is changed
    when:
    - result_pam_file_present.stat.exists

  - name: Account Lockouts Must Be Logged - Check if /etc/pam.d/password-auth file
      is present
    ansible.builtin.stat:
      path: /etc/pam.d/password-auth
    register: result_pam_file_present

  - name: Account Lockouts Must Be Logged - Check the proper remediation for the system
    block:

    - name: Account Lockouts Must Be Logged - Define the PAM file to be edited as
        a local fact
      ansible.builtin.set_fact:
        pam_file_path: /etc/pam.d/password-auth

    - name: Account Lockouts Must Be Logged - Check if system relies on authselect
        tool
      ansible.builtin.stat:
        path: /usr/bin/authselect
      register: result_authselect_present

    - name: Account Lockouts Must Be Logged - Ensure authselect custom profile is
        used if authselect is present
      block:

      - name: Account Lockouts Must Be Logged - Check integrity of authselect current
          profile
        ansible.builtin.command:
          cmd: authselect check
        register: result_authselect_check_cmd
        changed_when: false
        check_mode: false
        failed_when: false

      - name: Account Lockouts Must Be Logged - Informative message based on the authselect
          integrity check result
        ansible.builtin.assert:
          that:
          - ansible_check_mode or result_authselect_check_cmd.rc == 0
          fail_msg:
          - authselect integrity check failed. Remediation aborted!
          - This remediation could not be applied because an authselect profile was
            not selected or the selected profile is not intact.
          - It is not recommended to manually edit the PAM files when authselect tool
            is available.
          - In cases where the default authselect profile does not cover a specific
            demand, a custom authselect profile is recommended.
          success_msg:
          - authselect integrity check passed

      - name: Account Lockouts Must Be Logged - Get authselect current profile
        ansible.builtin.shell:
          cmd: authselect current -r | awk '{ print $1 }'
        register: result_authselect_profile
        changed_when: false
        when:
        - result_authselect_check_cmd is success

      - name: Account Lockouts Must Be Logged - Define the current authselect profile
          as a local fact
        ansible.builtin.set_fact:
          authselect_current_profile: '{{ result_authselect_profile.stdout }}'
          authselect_custom_profile: '{{ result_authselect_profile.stdout }}'
        when:
        - result_authselect_profile is not skipped
        - result_authselect_profile.stdout is match("custom/")

      - name: Account Lockouts Must Be Logged - Define the new authselect custom profile
          as a local fact
        ansible.builtin.set_fact:
          authselect_current_profile: '{{ result_authselect_profile.stdout }}'
          authselect_custom_profile: custom/hardening
        when:
        - result_authselect_profile is not skipped
        - result_authselect_profile.stdout is not match("custom/")

      - name: Account Lockouts Must Be Logged - Get authselect current features to
          also enable them in the custom profile
        ansible.builtin.shell:
          cmd: authselect current | tail -n+3 | awk '{ print $2 }'
        register: result_authselect_features
        changed_when: false
        check_mode: false
        when:
        - result_authselect_profile is not skipped
        - authselect_current_profile is not match("custom/")

      - name: Account Lockouts Must Be Logged - Check if any custom profile with the
          same name was already created
        ansible.builtin.stat:
          path: /etc/authselect/{{ authselect_custom_profile }}
        register: result_authselect_custom_profile_present
        changed_when: false
        when:
        - result_authselect_profile is not skipped
        - authselect_current_profile is not match("custom/")

      - name: Account Lockouts Must Be Logged - Create an authselect custom profile
          based on the current profile
        ansible.builtin.command:
          cmd: authselect create-profile hardening -b {{ authselect_current_profile
            }}
        when:
        - result_authselect_profile is not skipped
        - result_authselect_check_cmd is success
        - authselect_current_profile is not match("^(custom/|local)")
        - not result_authselect_custom_profile_present.stat.exists

      - name: Account Lockouts Must Be Logged - Create an authselect custom profile
          based on sssd profile
        ansible.builtin.command:
          cmd: authselect create-profile hardening -b sssd
        when:
        - result_authselect_profile is not skipped
        - result_authselect_check_cmd is success
        - authselect_current_profile is match("local")
        - not result_authselect_custom_profile_present.stat.exists

      - name: Account Lockouts Must Be Logged - Ensure authselect changes are applied
        ansible.builtin.command:
          cmd: authselect apply-changes -b --backup=before-hardening-custom-profile
        when:
        - result_authselect_check_cmd is success
        - result_authselect_profile is not skipped
        - authselect_current_profile is not match("custom/")
        - authselect_custom_profile is not match(authselect_current_profile)

      - name: Account Lockouts Must Be Logged - Ensure the authselect custom profile
          is selected
        ansible.builtin.command:
          cmd: authselect select {{ authselect_custom_profile }}
        register: result_pam_authselect_select_profile
        when:
        - result_authselect_check_cmd is success
        - result_authselect_profile is not skipped
        - authselect_current_profile is not match("custom/")
        - authselect_custom_profile is not match(authselect_current_profile)

      - name: Account Lockouts Must Be Logged - Restore the authselect features in
          the custom profile
        ansible.builtin.command:
          cmd: authselect enable-feature {{ item }}
        loop: '{{ result_authselect_features.stdout_lines }}'
        register: result_pam_authselect_restore_features
        when:
        - result_authselect_profile is not skipped
        - result_authselect_features is not skipped
        - result_pam_authselect_select_profile is not skipped

      - name: Account Lockouts Must Be Logged - Ensure authselect changes are applied
        ansible.builtin.command:
          cmd: authselect apply-changes -b --backup=after-hardening-custom-profile
        when:
        - result_authselect_check_cmd is success
        - result_authselect_profile is not skipped
        - result_pam_authselect_restore_features is not skipped

      - name: Account Lockouts Must Be Logged - Change the PAM file to be edited according
          to the custom authselect profile
        ansible.builtin.set_fact:
          pam_file_path: /etc/authselect/{{ authselect_custom_profile }}/{{ pam_file_path
            | basename }}
        when:
        - authselect_custom_profile is defined
      when:
      - result_authselect_present.stat.exists

    - name: Account Lockouts Must Be Logged - Define a fact for control already filtered
        in case filters are used
      ansible.builtin.set_fact:
        pam_module_control: ''

    - name: Account Lockouts Must Be Logged - Check if {{ pam_file_path }} file is
        present
      ansible.builtin.stat:
        path: '{{ pam_file_path }}'
      register: result_pam_file_present

    - name: Account Lockouts Must Be Logged - Ensure the "audit" option from "pam_faillock.so"
        is not present in {{ pam_file_path }}
      ansible.builtin.replace:
        dest: '{{ pam_file_path }}'
        regexp: (.*auth.*pam_faillock.so.*)\baudit\b=?[0-9a-zA-Z]*(.*)
        replace: \1\2
      register: result_pam_option_removal
      when: result_pam_file_present.stat.exists

    - name: Account Lockouts Must Be Logged - Ensure authselect changes are applied
      ansible.builtin.command:
        cmd: authselect apply-changes -b
      when:
      - result_authselect_present.stat.exists
      - result_pam_option_removal is changed
    when:
    - result_pam_file_present.stat.exists
  when:
  - ("kernel-default" in ansible_facts.packages or "kernel-default-base" in ansible_facts.packages)
  - '"pam" in ansible_facts.packages'
  - result_faillock_conf_check.stat.exists
  tags:
  - NIST-800-53-AC-7 (a)
  - accounts_passwords_pam_faillock_audit
  - low_complexity
  - low_disruption
  - medium_severity
  - no_reboot_needed
  - restrict_strategy

- name: Account Lockouts Must Be Logged - Ensure the pam_faillock.so audit parameter
    in PAM files
  block:

  - name: Account Lockouts Must Be Logged - Check if pam_faillock.so audit parameter
      is already enabled in pam files
    ansible.builtin.lineinfile:
      path: /etc/pam.d/system-auth
      regexp: .*auth.*pam_faillock\.so (preauth|authfail).*audit
      state: absent
    check_mode: true
    changed_when: false
    register: result_pam_faillock_audit_parameter_is_present

  - name: Account Lockouts Must Be Logged - Ensure the inclusion of pam_faillock.so
      preauth audit parameter in auth section
    ansible.builtin.lineinfile:
      path: '{{ item }}'
      backrefs: true
      regexp: (^\s*auth\s+)([\w\[].*\b)(\s+pam_faillock.so preauth.*)
      line: \1required\3 audit
      state: present
    loop:
    - /etc/pam.d/system-auth
    - /etc/pam.d/password-auth
    when:
    - result_pam_faillock_audit_parameter_is_present.found == 0
  when:
  - ("kernel-default" in ansible_facts.packages or "kernel-default-base" in ansible_facts.packages)
  - '"pam" in ansible_facts.packages'
  - not result_faillock_conf_check.stat.exists
  tags:
  - NIST-800-53-AC-7 (a)
  - accounts_passwords_pam_faillock_audit
  - low_complexity
  - low_disruption
  - medium_severity
  - no_reboot_needed
  - restrict_strategy
</fix>
            <check system="http://oval.mitre.org/XMLSchema/oval-definitions-5">
              <check-content-ref name="oval:ssg-accounts_passwords_pam_faillock_audit:def:1" href="ssg-sle15-oval.xml"/>
            </check>
            <check system="http://scap.nist.gov/schema/ocil/2">
              <check-content-ref name="ocil:ssg-accounts_passwords_pam_faillock_audit_ocil:questionnaire:1" href="ssg-sle15-ocil.xml"/>
            </check>
          </Rule>
          <Rule id="xccdf_org.ssgproject.content_rule_accounts_passwords_pam_faillock_deny" selected="false" role="full" severity="medium">
            <title xmlns:xhtml="http://www.w3.org/1999/xhtml" xml:lang="en-US">Lock Accounts After Failed Password Attempts</title>
            <description xmlns:xhtml="http://www.w3.org/1999/xhtml" xml:lang="en-US">This rule configures the system to lock out accounts after a number of incorrect login attempts
using <html:code xmlns:html="http://www.w3.org/1999/xhtml">pam_faillock.so</html:code>.
pam_faillock.so module requires multiple entries in pam files. These entries must be carefully
defined to work as expected.
Ensure that the file <html:code xmlns:html="http://www.w3.org/1999/xhtml">/etc/security/faillock.conf</html:code> contains the following entry:
<html:code xmlns:html="http://www.w3.org/1999/xhtml">deny = &lt;count&gt;</html:code>
Where count should be less than or equal to
<xccdf-1.2:sub xmlns:xccdf-1.2="http://checklists.nist.gov/xccdf/1.2" idref="xccdf_org.ssgproject.content_value_var_accounts_passwords_pam_faillock_deny" use="legacy"/> and greater than 0.

In order to avoid errors when manually editing these files, it is
recommended to use the appropriate tools, such as <html:code xmlns:html="http://www.w3.org/1999/xhtml">authselect</html:code> or <html:code xmlns:html="http://www.w3.org/1999/xhtml">authconfig</html:code>,
depending on the OS version.</description>
            <warning xmlns:xhtml="http://www.w3.org/1999/xhtml" xml:lang="en-US" category="general">If the system relies on <html:code xmlns:html="http://www.w3.org/1999/xhtml">authselect</html:code> tool to manage PAM settings, the remediation
will also use <html:code xmlns:html="http://www.w3.org/1999/xhtml">authselect</html:code> tool. However, if any manual modification was made in
PAM files, the <html:code xmlns:html="http://www.w3.org/1999/xhtml">authselect</html:code> integrity check will fail and the remediation will be
aborted in order to preserve intentional changes. In this case, an informative message will
be shown in the remediation report.
If the system supports the <html:code xmlns:html="http://www.w3.org/1999/xhtml">/etc/security/faillock.conf</html:code> file, the pam_faillock
parameters should be defined in <html:code xmlns:html="http://www.w3.org/1999/xhtml">faillock.conf</html:code> file.</warning>
            <reference href="https://www.cisecurity.org/controls/">1</reference>
            <reference href="https://www.cisecurity.org/controls/">12</reference>
            <reference href="https://www.cisecurity.org/controls/">15</reference>
            <reference href="https://www.cisecurity.org/controls/">16</reference>
            <reference href="https://www.fbi.gov/file-repository/cjis-security-policy-v5_5_20160601-2-1.pdf">5.5.3</reference>
            <reference href="https://www.isaca.org/resources/cobit">DSS05.04</reference>
            <reference href="https://www.isaca.org/resources/cobit">DSS05.10</reference>
            <reference href="https://www.isaca.org/resources/cobit">DSS06.10</reference>
            <reference href="http://nvlpubs.nist.gov/nistpubs/SpecialPublications/NIST.SP.800-171.pdf">3.1.8</reference>
            <reference href="https://www.isa.org/products/isa-62443-2-1-2009-security-for-industrial-automat">4.3.3.6.1</reference>
            <reference href="https://www.isa.org/products/isa-62443-2-1-2009-security-for-industrial-automat">4.3.3.6.2</reference>
            <reference href="https://www.isa.org/products/isa-62443-2-1-2009-security-for-industrial-automat">4.3.3.6.3</reference>
            <reference href="https://www.isa.org/products/isa-62443-2-1-2009-security-for-industrial-automat">4.3.3.6.4</reference>
            <reference href="https://www.isa.org/products/isa-62443-2-1-2009-security-for-industrial-automat">4.3.3.6.5</reference>
            <reference href="https://www.isa.org/products/isa-62443-2-1-2009-security-for-industrial-automat">4.3.3.6.6</reference>
            <reference href="https://www.isa.org/products/isa-62443-2-1-2009-security-for-industrial-automat">4.3.3.6.7</reference>
            <reference href="https://www.isa.org/products/isa-62443-2-1-2009-security-for-industrial-automat">4.3.3.6.8</reference>
            <reference href="https://www.isa.org/products/isa-62443-2-1-2009-security-for-industrial-automat">4.3.3.6.9</reference>
            <reference href="https://www.isa.org/products/ansi-isa-62443-3-3-99-03-03-2013-security-for-indu">SR 1.1</reference>
            <reference href="https://www.isa.org/products/ansi-isa-62443-3-3-99-03-03-2013-security-for-indu">SR 1.10</reference>
            <reference href="https://www.isa.org/products/ansi-isa-62443-3-3-99-03-03-2013-security-for-indu">SR 1.2</reference>
            <reference href="https://www.isa.org/products/ansi-isa-62443-3-3-99-03-03-2013-security-for-indu">SR 1.5</reference>
            <reference href="https://www.isa.org/products/ansi-isa-62443-3-3-99-03-03-2013-security-for-indu">SR 1.7</reference>
            <reference href="https://www.isa.org/products/ansi-isa-62443-3-3-99-03-03-2013-security-for-indu">SR 1.8</reference>
            <reference href="https://www.isa.org/products/ansi-isa-62443-3-3-99-03-03-2013-security-for-indu">SR 1.9</reference>
            <reference href="https://www.iso.org/contents/data/standard/05/45/54534.html">A.18.1.4</reference>
            <reference href="https://www.iso.org/contents/data/standard/05/45/54534.html">A.9.2.1</reference>
            <reference href="https://www.iso.org/contents/data/standard/05/45/54534.html">A.9.2.4</reference>
            <reference href="https://www.iso.org/contents/data/standard/05/45/54534.html">A.9.3.1</reference>
            <reference href="https://www.iso.org/contents/data/standard/05/45/54534.html">A.9.4.2</reference>
            <reference href="https://www.iso.org/contents/data/standard/05/45/54534.html">A.9.4.3</reference>
            <reference href="http://nvlpubs.nist.gov/nistpubs/SpecialPublications/NIST.SP.800-53r4.pdf">CM-6(a)</reference>
            <reference href="http://nvlpubs.nist.gov/nistpubs/SpecialPublications/NIST.SP.800-53r4.pdf">AC-7(a)</reference>
            <reference href="https://nvlpubs.nist.gov/nistpubs/CSWP/NIST.CSWP.04162018.pdf">PR.AC-7</reference>
            <reference href="https://www.niap-ccevs.org/Profile/PP.cfm">FIA_AFL.1</reference>
            <reference href="https://www.pcisecuritystandards.org/documents/PCI_DSS_v3-2-1.pdf">Req-8.1.6</reference>
            <reference href="https://www.cyber.mil/stigs/downloads/?_dl_facet_stigs=operating-systems%2Cgeneral-purpose-os">SRG-OS-000329-GPOS-00128</reference>
            <reference href="https://www.cyber.mil/stigs/downloads/?_dl_facet_stigs=operating-systems%2Cgeneral-purpose-os">SRG-OS-000021-GPOS-00005</reference>
            <reference href="https://cyber.gouv.fr/sites/default/files/document/linux_configuration-en-v2.pdf">R31</reference>
            <reference href="not_publicly_available">SLES-15-600450030</reference>
            <reference href="https://www.cyber.gov.au/acsc/view-all-content/ism">0421</reference>
            <reference href="https://www.cyber.gov.au/acsc/view-all-content/ism">0422</reference>
            <reference href="https://www.cyber.gov.au/acsc/view-all-content/ism">0974</reference>
            <reference href="https://www.cyber.gov.au/acsc/view-all-content/ism">1173</reference>
            <reference href="https://www.cyber.gov.au/acsc/view-all-content/ism">1401</reference>
            <reference href="https://www.cyber.gov.au/acsc/view-all-content/ism">1504</reference>
            <reference href="https://www.cyber.gov.au/acsc/view-all-content/ism">1505</reference>
            <reference href="https://www.cyber.gov.au/acsc/view-all-content/ism">1546</reference>
            <reference href="https://www.cyber.gov.au/acsc/view-all-content/ism">1557</reference>
            <reference href="https://www.cyber.gov.au/acsc/view-all-content/ism">1558</reference>
            <reference href="https://www.cyber.gov.au/acsc/view-all-content/ism">1559</reference>
            <reference href="https://www.cyber.gov.au/acsc/view-all-content/ism">1560</reference>
            <reference href="https://www.cyber.gov.au/acsc/view-all-content/ism">1561</reference>
            <reference href="https://docs-prv.pcisecuritystandards.org/PCI%20DSS/Standard/PCI-DSS-v4_0.pdf">8.3.4</reference>
            <reference href="https://docs-prv.pcisecuritystandards.org/PCI%20DSS/Standard/PCI-DSS-v4_0.pdf">8.3</reference>
            <rationale xmlns:xhtml="http://www.w3.org/1999/xhtml" xml:lang="en-US">By limiting the number of failed logon attempts, the risk of unauthorized system access via
user password guessing, also known as brute-forcing, is reduced. Limits are imposed by locking
the account.</rationale>
            <platform idref="#package_pam"/>
            <ident system="https://ncp.nist.gov/cce">CCE-85842-3</ident>
            <fix xmlns:xhtml="http://www.w3.org/1999/xhtml" id="accounts_passwords_pam_faillock_deny" system="urn:xccdf:fix:script:sh"># Remediation is applicable only in certain platforms
if rpm --quiet -q kernel-default || rpm --quiet -q kernel-default-base &amp;&amp; { rpm --quiet -q pam; }; then

var_accounts_passwords_pam_faillock_deny='<xccdf-1.2:sub xmlns:xccdf-1.2="http://checklists.nist.gov/xccdf/1.2" idref="xccdf_org.ssgproject.content_value_var_accounts_passwords_pam_faillock_deny" use="legacy"/>'


if [ -f /usr/bin/authselect ]; then
    if ! authselect check; then
echo "
authselect integrity check failed. Remediation aborted!
This remediation could not be applied because an authselect profile was not selected or the selected profile is not intact.
It is not recommended to manually edit the PAM files when authselect tool is available.
In cases where the default authselect profile does not cover a specific demand, a custom authselect profile is recommended."
exit 1
fi
authselect enable-feature with-faillock

authselect apply-changes -b
else
    
pam_file="/etc/pam.d/common-auth"
if ! grep -qE '^\s*auth\s+required\s+pam_faillock\.so\s+preauth.*$' "$pam_file" ; then
    
    # insert before pam_unix.so
    sed -i --follow-symlinks '/^auth.*required.*pam_unix\.so.*/i auth        required      pam_faillock.so preauth' "$pam_file"
    
fi
if ! grep -qE '^\s*auth\s+\[default=die\]\s+pam_faillock\.so\s+authfail.*$' "$pam_file" ; then

    num_lines=$(sed -n 's/^\s*auth.*success=\([1-9]\).*pam_unix\.so.*/\1/p' "$pam_file")
    if [ ! -z "$num_lines" ]; then

        # Add pam_faillock (authfail) module below pam_unix, skipping N-1 lines, where N is
        # the number of jumps in the pam_unix success=N statement. Ignore commented and empty lines.

        append_position=$(cat -n "${pam_file}" \
                          | grep -P "^\s+\d+\s+auth\s+.*$" \
                          | grep -w "pam_unix.so" -A $(( num_lines - 1 )) \
                          | tail -n 1 | cut -f 1 | tr -d ' '
                         )
        sed -i --follow-symlinks ''${append_position}'a auth        [default=die]      pam_faillock.so authfail' "$pam_file"
    else
        sed -i --follow-symlinks '/^auth.*pam_unix\.so.*/a auth        [default=die]      pam_faillock.so authfail' "$pam_file"
    fi
fi
if ! grep -qE '^\s*auth\s+sufficient\s+pam_faillock\.so\s+authsucc.*$' "$pam_file" ; then
    sed -i --follow-symlinks '/^auth.*pam_faillock\.so.*authfail.*/a auth        sufficient      pam_faillock.so authsucc' "$pam_file"
fi

pam_file="/etc/pam.d/common-account"
if ! grep -qE '^\s*account\s+required\s+pam_faillock\.so.*$' "$pam_file" ; then
    echo 'account   required     pam_faillock.so' &gt;&gt; "$pam_file"
fi

fi

AUTH_FILES=("/etc/pam.d/common-auth")
SKIP_FAILLOCK_CHECK=true

FAILLOCK_CONF="/etc/security/faillock.conf"
if [ -f $FAILLOCK_CONF ] || [ "$SKIP_FAILLOCK_CHECK" = "true" ]; then
    regex="^\s*deny\s*="
    line="deny = $var_accounts_passwords_pam_faillock_deny"
    if ! grep -q $regex $FAILLOCK_CONF; then
        echo $line &gt;&gt; $FAILLOCK_CONF
    else
        sed -i --follow-symlinks 's|^\s*\(deny\s*=\s*\)\(\S\+\)|\1'"$var_accounts_passwords_pam_faillock_deny"'|g' $FAILLOCK_CONF
    fi
    
    for pam_file in "${AUTH_FILES[@]}"
    do
        if [ -e "$pam_file" ] ; then
            PAM_FILE_PATH="$pam_file"
            if [ -f /usr/bin/authselect ]; then
                
                if ! authselect check; then
                echo "
                authselect integrity check failed. Remediation aborted!
                This remediation could not be applied because an authselect profile was not selected or the selected profile is not intact.
                It is not recommended to manually edit the PAM files when authselect tool is available.
                In cases where the default authselect profile does not cover a specific demand, a custom authselect profile is recommended."
                exit 1
                fi

                CURRENT_PROFILE=$(authselect current -r | awk '{ print $1 }')
                # If not already in use, a custom profile is created preserving the enabled features.
                if [[ ! $CURRENT_PROFILE == custom/* ]]; then
                    ENABLED_FEATURES=$(authselect current | tail -n+3 | awk '{ print $2 }')
                    # The "local" profile does not contain essential security features required by multiple Benchmarks.
                    # If currently used, it is replaced by "sssd", which is the best option in this case.
                    if [[ $CURRENT_PROFILE == local ]]; then
                        CURRENT_PROFILE="sssd"
                    fi
                    authselect create-profile hardening -b $CURRENT_PROFILE
                    CURRENT_PROFILE="custom/hardening"
                    
                    authselect apply-changes -b --backup=before-hardening-custom-profile
                    authselect select $CURRENT_PROFILE
                    for feature in $ENABLED_FEATURES; do
                        authselect enable-feature $feature;
                    done
                    
                    authselect apply-changes -b --backup=after-hardening-custom-profile
                fi
                PAM_FILE_NAME=$(basename "$pam_file")
                PAM_FILE_PATH="/etc/authselect/$CURRENT_PROFILE/$PAM_FILE_NAME"

                authselect apply-changes -b
            fi
            
        if grep -qP "^\s*auth\s.*\bpam_faillock.so\s.*\bdeny\b" "$PAM_FILE_PATH"; then
            sed -i -E --follow-symlinks "s/(.*auth.*pam_faillock.so.*)\bdeny\b=?[[:alnum:]]*(.*)/\1\2/g" "$PAM_FILE_PATH"
        fi
            if [ -f /usr/bin/authselect ]; then
                
                authselect apply-changes -b
            fi
        else
            echo "$pam_file was not found" &gt;&amp;2
        fi
    done
    
else
    for pam_file in "${AUTH_FILES[@]}"
    do
        if ! grep -qE '^\s*auth.*pam_faillock\.so\s+(preauth|authfail).*deny' "$pam_file"; then
            sed -i --follow-symlinks '/^auth.*required.*pam_faillock\.so.*preauth.*/ s/$/ deny='"$var_accounts_passwords_pam_faillock_deny"'/' "$pam_file"
            sed -i --follow-symlinks '/^auth.*required.*pam_faillock\.so.*authfail.*/ s/$/ deny='"$var_accounts_passwords_pam_faillock_deny"'/' "$pam_file"
        else
            sed -i --follow-symlinks 's/\(^auth.*required.*pam_faillock\.so.*preauth.*\)\('"deny"'=\)\S\+\b\(.*\)/\1\2'"$var_accounts_passwords_pam_faillock_deny"'\3/' "$pam_file"
            sed -i --follow-symlinks 's/\(^auth.*required.*pam_faillock\.so.*authfail.*\)\('"deny"'=\)\S\+\b\(.*\)/\1\2'"$var_accounts_passwords_pam_faillock_deny"'\3/' "$pam_file"
        fi
    done
fi

else
    &gt;&amp;2 echo 'Remediation is not applicable, nothing was done'
fi
</fix>
            <check system="http://oval.mitre.org/XMLSchema/oval-definitions-5">
              <check-export export-name="oval:ssg-var_accounts_passwords_pam_faillock_deny:var:1" value-id="xccdf_org.ssgproject.content_value_var_accounts_passwords_pam_faillock_deny"/>
              <check-content-ref name="oval:ssg-accounts_passwords_pam_faillock_deny:def:1" href="ssg-sle15-oval.xml"/>
            </check>
            <check system="http://scap.nist.gov/schema/ocil/2">
              <check-content-ref name="ocil:ssg-accounts_passwords_pam_faillock_deny_ocil:questionnaire:1" href="ssg-sle15-ocil.xml"/>
            </check>
          </Rule>
          <Rule id="xccdf_org.ssgproject.content_rule_accounts_passwords_pam_faillock_deny_root" selected="false" role="full" severity="medium">
            <title xmlns:xhtml="http://www.w3.org/1999/xhtml" xml:lang="en-US">Configure the root Account for Failed Password Attempts</title>
            <description xmlns:xhtml="http://www.w3.org/1999/xhtml" xml:lang="en-US">This rule configures the system to lock out the <html:code xmlns:html="http://www.w3.org/1999/xhtml">root</html:code> account after a number of
incorrect login attempts using <html:code xmlns:html="http://www.w3.org/1999/xhtml">pam_faillock.so</html:code>.

pam_faillock.so module requires multiple entries in pam files. These entries must be carefully
defined to work as expected. In order to avoid errors when manually editing these files, it is
recommended to use the appropriate tools, such as <html:code xmlns:html="http://www.w3.org/1999/xhtml">authselect</html:code> or <html:code xmlns:html="http://www.w3.org/1999/xhtml">authconfig</html:code>,
depending on the OS version.</description>
            <warning xmlns:xhtml="http://www.w3.org/1999/xhtml" xml:lang="en-US" category="general">If the system relies on <html:code xmlns:html="http://www.w3.org/1999/xhtml">authselect</html:code> tool to manage PAM settings, the remediation
will also use <html:code xmlns:html="http://www.w3.org/1999/xhtml">authselect</html:code> tool. However, if any manual modification was made in
PAM files, the <html:code xmlns:html="http://www.w3.org/1999/xhtml">authselect</html:code> integrity check will fail and the remediation will be
aborted in order to preserve intentional changes. In this case, an informative message will
be shown in the remediation report.
If the system supports the <html:code xmlns:html="http://www.w3.org/1999/xhtml">/etc/security/faillock.conf</html:code> file, the pam_faillock
parameters should be defined in <html:code xmlns:html="http://www.w3.org/1999/xhtml">faillock.conf</html:code> file.</warning>
            <reference href="https://www.cisecurity.org/controls/">1</reference>
            <reference href="https://www.cisecurity.org/controls/">12</reference>
            <reference href="https://www.cisecurity.org/controls/">15</reference>
            <reference href="https://www.cisecurity.org/controls/">16</reference>
            <reference href="https://www.isaca.org/resources/cobit">DSS05.04</reference>
            <reference href="https://www.isaca.org/resources/cobit">DSS05.10</reference>
            <reference href="https://www.isaca.org/resources/cobit">DSS06.10</reference>
            <reference href="https://www.isa.org/products/isa-62443-2-1-2009-security-for-industrial-automat">4.3.3.6.1</reference>
            <reference href="https://www.isa.org/products/isa-62443-2-1-2009-security-for-industrial-automat">4.3.3.6.2</reference>
            <reference href="https://www.isa.org/products/isa-62443-2-1-2009-security-for-industrial-automat">4.3.3.6.3</reference>
            <reference href="https://www.isa.org/products/isa-62443-2-1-2009-security-for-industrial-automat">4.3.3.6.4</reference>
            <reference href="https://www.isa.org/products/isa-62443-2-1-2009-security-for-industrial-automat">4.3.3.6.5</reference>
            <reference href="https://www.isa.org/products/isa-62443-2-1-2009-security-for-industrial-automat">4.3.3.6.6</reference>
            <reference href="https://www.isa.org/products/isa-62443-2-1-2009-security-for-industrial-automat">4.3.3.6.7</reference>
            <reference href="https://www.isa.org/products/isa-62443-2-1-2009-security-for-industrial-automat">4.3.3.6.8</reference>
            <reference href="https://www.isa.org/products/isa-62443-2-1-2009-security-for-industrial-automat">4.3.3.6.9</reference>
            <reference href="https://www.isa.org/products/ansi-isa-62443-3-3-99-03-03-2013-security-for-indu">SR 1.1</reference>
            <reference href="https://www.isa.org/products/ansi-isa-62443-3-3-99-03-03-2013-security-for-indu">SR 1.10</reference>
            <reference href="https://www.isa.org/products/ansi-isa-62443-3-3-99-03-03-2013-security-for-indu">SR 1.2</reference>
            <reference href="https://www.isa.org/products/ansi-isa-62443-3-3-99-03-03-2013-security-for-indu">SR 1.5</reference>
            <reference href="https://www.isa.org/products/ansi-isa-62443-3-3-99-03-03-2013-security-for-indu">SR 1.7</reference>
            <reference href="https://www.isa.org/products/ansi-isa-62443-3-3-99-03-03-2013-security-for-indu">SR 1.8</reference>
            <reference href="https://www.isa.org/products/ansi-isa-62443-3-3-99-03-03-2013-security-for-indu">SR 1.9</reference>
            <reference href="https://www.iso.org/contents/data/standard/05/45/54534.html">A.18.1.4</reference>
            <reference href="https://www.iso.org/contents/data/standard/05/45/54534.html">A.9.2.1</reference>
            <reference href="https://www.iso.org/contents/data/standard/05/45/54534.html">A.9.2.4</reference>
            <reference href="https://www.iso.org/contents/data/standard/05/45/54534.html">A.9.3.1</reference>
            <reference href="https://www.iso.org/contents/data/standard/05/45/54534.html">A.9.4.2</reference>
            <reference href="https://www.iso.org/contents/data/standard/05/45/54534.html">A.9.4.3</reference>
            <reference href="http://nvlpubs.nist.gov/nistpubs/SpecialPublications/NIST.SP.800-53r4.pdf">CM-6(a)</reference>
            <reference href="http://nvlpubs.nist.gov/nistpubs/SpecialPublications/NIST.SP.800-53r4.pdf">AC-7(b)</reference>
            <reference href="http://nvlpubs.nist.gov/nistpubs/SpecialPublications/NIST.SP.800-53r4.pdf">IA-5(c)</reference>
            <reference href="https://nvlpubs.nist.gov/nistpubs/CSWP/NIST.CSWP.04162018.pdf">PR.AC-7</reference>
            <reference href="https://www.cyber.mil/stigs/downloads/?_dl_facet_stigs=operating-systems%2Cgeneral-purpose-os">SRG-OS-000329-GPOS-00128</reference>
            <reference href="https://www.cyber.mil/stigs/downloads/?_dl_facet_stigs=operating-systems%2Cgeneral-purpose-os">SRG-OS-000021-GPOS-00005</reference>
            <reference href="https://cyber.gouv.fr/sites/default/files/document/linux_configuration-en-v2.pdf">R31</reference>
            <reference href="not_publicly_available">SLES-15-600450060</reference>
            <reference href="https://www.cyber.gov.au/acsc/view-all-content/ism">0421</reference>
            <reference href="https://www.cyber.gov.au/acsc/view-all-content/ism">0422</reference>
            <reference href="https://www.cyber.gov.au/acsc/view-all-content/ism">0974</reference>
            <reference href="https://www.cyber.gov.au/acsc/view-all-content/ism">1173</reference>
            <reference href="https://www.cyber.gov.au/acsc/view-all-content/ism">1401</reference>
            <reference href="https://www.cyber.gov.au/acsc/view-all-content/ism">1504</reference>
            <reference href="https://www.cyber.gov.au/acsc/view-all-content/ism">1505</reference>
            <reference href="https://www.cyber.gov.au/acsc/view-all-content/ism">1546</reference>
            <reference href="https://www.cyber.gov.au/acsc/view-all-content/ism">1557</reference>
            <reference href="https://www.cyber.gov.au/acsc/view-all-content/ism">1558</reference>
            <reference href="https://www.cyber.gov.au/acsc/view-all-content/ism">1559</reference>
            <reference href="https://www.cyber.gov.au/acsc/view-all-content/ism">1560</reference>
            <reference href="https://www.cyber.gov.au/acsc/view-all-content/ism">1561</reference>
            <rationale xmlns:xhtml="http://www.w3.org/1999/xhtml" xml:lang="en-US">By limiting the number of failed logon attempts, the risk of unauthorized system access via
user password guessing, also known as brute-forcing, is reduced. Limits are imposed by locking
the account.</rationale>
            <platform idref="#package_pam"/>
            <ident system="https://ncp.nist.gov/cce">CCE-91171-9</ident>
            <fix xmlns:xhtml="http://www.w3.org/1999/xhtml" id="accounts_passwords_pam_faillock_deny_root" system="urn:xccdf:fix:script:sh"># Remediation is applicable only in certain platforms
if rpm --quiet -q kernel-default || rpm --quiet -q kernel-default-base &amp;&amp; { rpm --quiet -q pam; }; then

if [ -f /usr/bin/authselect ]; then
    if ! authselect check; then
echo "
authselect integrity check failed. Remediation aborted!
This remediation could not be applied because an authselect profile was not selected or the selected profile is not intact.
It is not recommended to manually edit the PAM files when authselect tool is available.
In cases where the default authselect profile does not cover a specific demand, a custom authselect profile is recommended."
exit 1
fi
authselect enable-feature with-faillock

authselect apply-changes -b
else
    
pam_file="/etc/pam.d/common-auth"
if ! grep -qE '^\s*auth\s+required\s+pam_faillock\.so\s+preauth.*$' "$pam_file" ; then
    
    # insert before pam_unix.so
    sed -i --follow-symlinks '/^auth.*required.*pam_unix\.so.*/i auth        required      pam_faillock.so preauth' "$pam_file"
    
fi
if ! grep -qE '^\s*auth\s+\[default=die\]\s+pam_faillock\.so\s+authfail.*$' "$pam_file" ; then

    num_lines=$(sed -n 's/^\s*auth.*success=\([1-9]\).*pam_unix\.so.*/\1/p' "$pam_file")
    if [ ! -z "$num_lines" ]; then

        # Add pam_faillock (authfail) module below pam_unix, skipping N-1 lines, where N is
        # the number of jumps in the pam_unix success=N statement. Ignore commented and empty lines.

        append_position=$(cat -n "${pam_file}" \
                          | grep -P "^\s+\d+\s+auth\s+.*$" \
                          | grep -w "pam_unix.so" -A $(( num_lines - 1 )) \
                          | tail -n 1 | cut -f 1 | tr -d ' '
                         )
        sed -i --follow-symlinks ''${append_position}'a auth        [default=die]      pam_faillock.so authfail' "$pam_file"
    else
        sed -i --follow-symlinks '/^auth.*pam_unix\.so.*/a auth        [default=die]      pam_faillock.so authfail' "$pam_file"
    fi
fi
if ! grep -qE '^\s*auth\s+sufficient\s+pam_faillock\.so\s+authsucc.*$' "$pam_file" ; then
    sed -i --follow-symlinks '/^auth.*pam_faillock\.so.*authfail.*/a auth        sufficient      pam_faillock.so authsucc' "$pam_file"
fi

pam_file="/etc/pam.d/common-account"
if ! grep -qE '^\s*account\s+required\s+pam_faillock\.so.*$' "$pam_file" ; then
    echo 'account   required     pam_faillock.so' &gt;&gt; "$pam_file"
fi

fi

AUTH_FILES=("/etc/pam.d/common-auth")
SKIP_FAILLOCK_CHECK=true

FAILLOCK_CONF="/etc/security/faillock.conf"
if [ -f $FAILLOCK_CONF ] || [ "$SKIP_FAILLOCK_CHECK" = "true" ]; then
    regex="^\s*even_deny_root"
    line="even_deny_root"
    if ! grep -q $regex $FAILLOCK_CONF; then
        echo $line &gt;&gt; $FAILLOCK_CONF
    fi
    
    for pam_file in "${AUTH_FILES[@]}"
    do
        if [ -e "$pam_file" ] ; then
            PAM_FILE_PATH="$pam_file"
            if [ -f /usr/bin/authselect ]; then
                
                if ! authselect check; then
                echo "
                authselect integrity check failed. Remediation aborted!
                This remediation could not be applied because an authselect profile was not selected or the selected profile is not intact.
                It is not recommended to manually edit the PAM files when authselect tool is available.
                In cases where the default authselect profile does not cover a specific demand, a custom authselect profile is recommended."
                exit 1
                fi

                CURRENT_PROFILE=$(authselect current -r | awk '{ print $1 }')
                # If not already in use, a custom profile is created preserving the enabled features.
                if [[ ! $CURRENT_PROFILE == custom/* ]]; then
                    ENABLED_FEATURES=$(authselect current | tail -n+3 | awk '{ print $2 }')
                    # The "local" profile does not contain essential security features required by multiple Benchmarks.
                    # If currently used, it is replaced by "sssd", which is the best option in this case.
                    if [[ $CURRENT_PROFILE == local ]]; then
                        CURRENT_PROFILE="sssd"
                    fi
                    authselect create-profile hardening -b $CURRENT_PROFILE
                    CURRENT_PROFILE="custom/hardening"
                    
                    authselect apply-changes -b --backup=before-hardening-custom-profile
                    authselect select $CURRENT_PROFILE
                    for feature in $ENABLED_FEATURES; do
                        authselect enable-feature $feature;
                    done
                    
                    authselect apply-changes -b --backup=after-hardening-custom-profile
                fi
                PAM_FILE_NAME=$(basename "$pam_file")
                PAM_FILE_PATH="/etc/authselect/$CURRENT_PROFILE/$PAM_FILE_NAME"

                authselect apply-changes -b
            fi
            
        if grep -qP "^\s*auth\s.*\bpam_faillock.so\s.*\beven_deny_root\b" "$PAM_FILE_PATH"; then
            sed -i -E --follow-symlinks "s/(.*auth.*pam_faillock.so.*)\beven_deny_root\b=?[[:alnum:]]*(.*)/\1\2/g" "$PAM_FILE_PATH"
        fi
            if [ -f /usr/bin/authselect ]; then
                
                authselect apply-changes -b
            fi
        else
            echo "$pam_file was not found" &gt;&amp;2
        fi
    done
    
else
    for pam_file in "${AUTH_FILES[@]}"
    do
        if ! grep -qE '^\s*auth.*pam_faillock\.so\s+(preauth|authfail).*even_deny_root' "$pam_file"; then
            sed -i --follow-symlinks '/^auth.*required.*pam_faillock\.so.*preauth.*/ s/$/ even_deny_root/' "$pam_file"
            sed -i --follow-symlinks '/^auth.*required.*pam_faillock\.so.*authfail.*/ s/$/ even_deny_root/' "$pam_file"
        fi
    done
fi

else
    &gt;&amp;2 echo 'Remediation is not applicable, nothing was done'
fi
</fix>
            <check system="http://oval.mitre.org/XMLSchema/oval-definitions-5">
              <check-content-ref name="oval:ssg-accounts_passwords_pam_faillock_deny_root:def:1" href="ssg-sle15-oval.xml"/>
            </check>
            <check system="http://scap.nist.gov/schema/ocil/2">
              <check-content-ref name="ocil:ssg-accounts_passwords_pam_faillock_deny_root_ocil:questionnaire:1" href="ssg-sle15-ocil.xml"/>
            </check>
          </Rule>
          <Rule id="xccdf_org.ssgproject.content_rule_accounts_passwords_pam_faillock_unlock_time" selected="false" role="full" severity="medium">
            <title xmlns:xhtml="http://www.w3.org/1999/xhtml" xml:lang="en-US">Set Lockout Time for Failed Password Attempts</title>
            <description xmlns:xhtml="http://www.w3.org/1999/xhtml" xml:lang="en-US">This rule configures the system to lock out accounts during a specified time period after a
number of incorrect login attempts using <html:code xmlns:html="http://www.w3.org/1999/xhtml">pam_faillock.so</html:code>.

Ensure that the file <html:code xmlns:html="http://www.w3.org/1999/xhtml">/etc/security/faillock.conf</html:code> contains the following entry:
<html:code xmlns:html="http://www.w3.org/1999/xhtml">unlock_time=&lt;interval-in-seconds&gt;</html:code> where
<html:code xmlns:html="http://www.w3.org/1999/xhtml">interval-in-seconds</html:code> is <html:code xmlns:html="http://www.w3.org/1999/xhtml" xmlns:xccdf-1.2="http://checklists.nist.gov/xccdf/1.2"><xccdf-1.2:sub idref="xccdf_org.ssgproject.content_value_var_accounts_passwords_pam_faillock_unlock_time" use="legacy"/></html:code> or greater.

pam_faillock.so module requires multiple entries in pam files. These entries must be carefully
defined to work as expected. In order to avoid any errors when manually editing these files,
it is recommended to use the appropriate tools, such as <html:code xmlns:html="http://www.w3.org/1999/xhtml">authselect</html:code> or <html:code xmlns:html="http://www.w3.org/1999/xhtml">authconfig</html:code>,
depending on the OS version.

If <html:code xmlns:html="http://www.w3.org/1999/xhtml">unlock_time</html:code> is set to <html:code xmlns:html="http://www.w3.org/1999/xhtml">0</html:code>, manual intervention by an administrator is required
to unlock a user. This should be done using the <html:code xmlns:html="http://www.w3.org/1999/xhtml">faillock</html:code> tool.</description>
            <warning xmlns:xhtml="http://www.w3.org/1999/xhtml" xml:lang="en-US" category="general">If the system supports the new <html:code xmlns:html="http://www.w3.org/1999/xhtml">/etc/security/faillock.conf</html:code> file but the
pam_faillock.so parameters are defined directly in <html:code xmlns:html="http://www.w3.org/1999/xhtml">/etc/pam.d/system-auth</html:code> and
<html:code xmlns:html="http://www.w3.org/1999/xhtml">/etc/pam.d/password-auth</html:code>, the remediation will migrate the <html:code xmlns:html="http://www.w3.org/1999/xhtml">unlock_time</html:code> parameter
to <html:code xmlns:html="http://www.w3.org/1999/xhtml">/etc/security/faillock.conf</html:code> to ensure compatibility with <html:code xmlns:html="http://www.w3.org/1999/xhtml">authselect</html:code> tool.
The parameters <html:code xmlns:html="http://www.w3.org/1999/xhtml">deny</html:code> and <html:code xmlns:html="http://www.w3.org/1999/xhtml">fail_interval</html:code>, if used, also have to be migrated
by their respective remediation.</warning>
            <warning xmlns:xhtml="http://www.w3.org/1999/xhtml" xml:lang="en-US" category="general">If the system relies on <html:code xmlns:html="http://www.w3.org/1999/xhtml">authselect</html:code> tool to manage PAM settings, the remediation
will also use <html:code xmlns:html="http://www.w3.org/1999/xhtml">authselect</html:code> tool. However, if any manual modification was made in
PAM files, the <html:code xmlns:html="http://www.w3.org/1999/xhtml">authselect</html:code> integrity check will fail and the remediation will be
aborted in order to preserve intentional changes. In this case, an informative message will
be shown in the remediation report.
If the system supports the <html:code xmlns:html="http://www.w3.org/1999/xhtml">/etc/security/faillock.conf</html:code> file, the pam_faillock
parameters should be defined in <html:code xmlns:html="http://www.w3.org/1999/xhtml">faillock.conf</html:code> file.</warning>
            <reference href="https://www.cisecurity.org/controls/">1</reference>
            <reference href="https://www.cisecurity.org/controls/">12</reference>
            <reference href="https://www.cisecurity.org/controls/">15</reference>
            <reference href="https://www.cisecurity.org/controls/">16</reference>
            <reference href="https://www.fbi.gov/file-repository/cjis-security-policy-v5_5_20160601-2-1.pdf">5.5.3</reference>
            <reference href="https://www.isaca.org/resources/cobit">DSS05.04</reference>
            <reference href="https://www.isaca.org/resources/cobit">DSS05.10</reference>
            <reference href="https://www.isaca.org/resources/cobit">DSS06.10</reference>
            <reference href="http://nvlpubs.nist.gov/nistpubs/SpecialPublications/NIST.SP.800-171.pdf">3.1.8</reference>
            <reference href="https://www.isa.org/products/isa-62443-2-1-2009-security-for-industrial-automat">4.3.3.6.1</reference>
            <reference href="https://www.isa.org/products/isa-62443-2-1-2009-security-for-industrial-automat">4.3.3.6.2</reference>
            <reference href="https://www.isa.org/products/isa-62443-2-1-2009-security-for-industrial-automat">4.3.3.6.3</reference>
            <reference href="https://www.isa.org/products/isa-62443-2-1-2009-security-for-industrial-automat">4.3.3.6.4</reference>
            <reference href="https://www.isa.org/products/isa-62443-2-1-2009-security-for-industrial-automat">4.3.3.6.5</reference>
            <reference href="https://www.isa.org/products/isa-62443-2-1-2009-security-for-industrial-automat">4.3.3.6.6</reference>
            <reference href="https://www.isa.org/products/isa-62443-2-1-2009-security-for-industrial-automat">4.3.3.6.7</reference>
            <reference href="https://www.isa.org/products/isa-62443-2-1-2009-security-for-industrial-automat">4.3.3.6.8</reference>
            <reference href="https://www.isa.org/products/isa-62443-2-1-2009-security-for-industrial-automat">4.3.3.6.9</reference>
            <reference href="https://www.isa.org/products/ansi-isa-62443-3-3-99-03-03-2013-security-for-indu">SR 1.1</reference>
            <reference href="https://www.isa.org/products/ansi-isa-62443-3-3-99-03-03-2013-security-for-indu">SR 1.10</reference>
            <reference href="https://www.isa.org/products/ansi-isa-62443-3-3-99-03-03-2013-security-for-indu">SR 1.2</reference>
            <reference href="https://www.isa.org/products/ansi-isa-62443-3-3-99-03-03-2013-security-for-indu">SR 1.5</reference>
            <reference href="https://www.isa.org/products/ansi-isa-62443-3-3-99-03-03-2013-security-for-indu">SR 1.7</reference>
            <reference href="https://www.isa.org/products/ansi-isa-62443-3-3-99-03-03-2013-security-for-indu">SR 1.8</reference>
            <reference href="https://www.isa.org/products/ansi-isa-62443-3-3-99-03-03-2013-security-for-indu">SR 1.9</reference>
            <reference href="https://www.iso.org/contents/data/standard/05/45/54534.html">A.18.1.4</reference>
            <reference href="https://www.iso.org/contents/data/standard/05/45/54534.html">A.9.2.1</reference>
            <reference href="https://www.iso.org/contents/data/standard/05/45/54534.html">A.9.2.4</reference>
            <reference href="https://www.iso.org/contents/data/standard/05/45/54534.html">A.9.3.1</reference>
            <reference href="https://www.iso.org/contents/data/standard/05/45/54534.html">A.9.4.2</reference>
            <reference href="https://www.iso.org/contents/data/standard/05/45/54534.html">A.9.4.3</reference>
            <reference href="http://nvlpubs.nist.gov/nistpubs/SpecialPublications/NIST.SP.800-53r4.pdf">CM-6(a)</reference>
            <reference href="http://nvlpubs.nist.gov/nistpubs/SpecialPublications/NIST.SP.800-53r4.pdf">AC-7(b)</reference>
            <reference href="https://nvlpubs.nist.gov/nistpubs/CSWP/NIST.CSWP.04162018.pdf">PR.AC-7</reference>
            <reference href="https://www.niap-ccevs.org/Profile/PP.cfm">FIA_AFL.1</reference>
            <reference href="https://www.pcisecuritystandards.org/documents/PCI_DSS_v3-2-1.pdf">Req-8.1.7</reference>
            <reference href="https://www.cyber.mil/stigs/downloads/?_dl_facet_stigs=operating-systems%2Cgeneral-purpose-os">SRG-OS-000329-GPOS-00128</reference>
            <reference href="https://www.cyber.mil/stigs/downloads/?_dl_facet_stigs=operating-systems%2Cgeneral-purpose-os">SRG-OS-000021-GPOS-00005</reference>
            <reference href="https://cyber.gouv.fr/sites/default/files/document/linux_configuration-en-v2.pdf">R31</reference>
            <reference href="not_publicly_available">SLES-15-600450045</reference>
            <reference href="https://www.cyber.gov.au/acsc/view-all-content/ism">0421</reference>
            <reference href="https://www.cyber.gov.au/acsc/view-all-content/ism">0422</reference>
            <reference href="https://www.cyber.gov.au/acsc/view-all-content/ism">0974</reference>
            <reference href="https://www.cyber.gov.au/acsc/view-all-content/ism">1173</reference>
            <reference href="https://www.cyber.gov.au/acsc/view-all-content/ism">1401</reference>
            <reference href="https://www.cyber.gov.au/acsc/view-all-content/ism">1504</reference>
            <reference href="https://www.cyber.gov.au/acsc/view-all-content/ism">1505</reference>
            <reference href="https://www.cyber.gov.au/acsc/view-all-content/ism">1546</reference>
            <reference href="https://www.cyber.gov.au/acsc/view-all-content/ism">1557</reference>
            <reference href="https://www.cyber.gov.au/acsc/view-all-content/ism">1558</reference>
            <reference href="https://www.cyber.gov.au/acsc/view-all-content/ism">1559</reference>
            <reference href="https://www.cyber.gov.au/acsc/view-all-content/ism">1560</reference>
            <reference href="https://www.cyber.gov.au/acsc/view-all-content/ism">1561</reference>
            <reference href="https://docs-prv.pcisecuritystandards.org/PCI%20DSS/Standard/PCI-DSS-v4_0.pdf">8.3.4</reference>
            <reference href="https://docs-prv.pcisecuritystandards.org/PCI%20DSS/Standard/PCI-DSS-v4_0.pdf">8.3</reference>
            <rationale xmlns:xhtml="http://www.w3.org/1999/xhtml" xml:lang="en-US">By limiting the number of failed logon attempts the risk of unauthorized system
access via user password guessing, otherwise known as brute-forcing, is reduced.
Limits are imposed by locking the account.</rationale>
            <platform idref="#package_pam"/>
            <ident system="https://ncp.nist.gov/cce">CCE-85841-5</ident>
            <fix xmlns:xhtml="http://www.w3.org/1999/xhtml" id="accounts_passwords_pam_faillock_unlock_time" system="urn:xccdf:fix:script:sh"># Remediation is applicable only in certain platforms
if rpm --quiet -q kernel-default || rpm --quiet -q kernel-default-base &amp;&amp; { rpm --quiet -q pam; }; then

var_accounts_passwords_pam_faillock_unlock_time='<xccdf-1.2:sub xmlns:xccdf-1.2="http://checklists.nist.gov/xccdf/1.2" idref="xccdf_org.ssgproject.content_value_var_accounts_passwords_pam_faillock_unlock_time" use="legacy"/>'


if [ -f /usr/bin/authselect ]; then
    if ! authselect check; then
echo "
authselect integrity check failed. Remediation aborted!
This remediation could not be applied because an authselect profile was not selected or the selected profile is not intact.
It is not recommended to manually edit the PAM files when authselect tool is available.
In cases where the default authselect profile does not cover a specific demand, a custom authselect profile is recommended."
exit 1
fi
authselect enable-feature with-faillock

authselect apply-changes -b
else
    
pam_file="/etc/pam.d/common-auth"
if ! grep -qE '^\s*auth\s+required\s+pam_faillock\.so\s+preauth.*$' "$pam_file" ; then
    
    # insert before pam_unix.so
    sed -i --follow-symlinks '/^auth.*required.*pam_unix\.so.*/i auth        required      pam_faillock.so preauth' "$pam_file"
    
fi
if ! grep -qE '^\s*auth\s+\[default=die\]\s+pam_faillock\.so\s+authfail.*$' "$pam_file" ; then

    num_lines=$(sed -n 's/^\s*auth.*success=\([1-9]\).*pam_unix\.so.*/\1/p' "$pam_file")
    if [ ! -z "$num_lines" ]; then

        # Add pam_faillock (authfail) module below pam_unix, skipping N-1 lines, where N is
        # the number of jumps in the pam_unix success=N statement. Ignore commented and empty lines.

        append_position=$(cat -n "${pam_file}" \
                          | grep -P "^\s+\d+\s+auth\s+.*$" \
                          | grep -w "pam_unix.so" -A $(( num_lines - 1 )) \
                          | tail -n 1 | cut -f 1 | tr -d ' '
                         )
        sed -i --follow-symlinks ''${append_position}'a auth        [default=die]      pam_faillock.so authfail' "$pam_file"
    else
        sed -i --follow-symlinks '/^auth.*pam_unix\.so.*/a auth        [default=die]      pam_faillock.so authfail' "$pam_file"
    fi
fi
if ! grep -qE '^\s*auth\s+sufficient\s+pam_faillock\.so\s+authsucc.*$' "$pam_file" ; then
    sed -i --follow-symlinks '/^auth.*pam_faillock\.so.*authfail.*/a auth        sufficient      pam_faillock.so authsucc' "$pam_file"
fi

pam_file="/etc/pam.d/common-account"
if ! grep -qE '^\s*account\s+required\s+pam_faillock\.so.*$' "$pam_file" ; then
    echo 'account   required     pam_faillock.so' &gt;&gt; "$pam_file"
fi

fi

AUTH_FILES=("/etc/pam.d/common-auth")
SKIP_FAILLOCK_CHECK=true

FAILLOCK_CONF="/etc/security/faillock.conf"
if [ -f $FAILLOCK_CONF ] || [ "$SKIP_FAILLOCK_CHECK" = "true" ]; then
    regex="^\s*unlock_time\s*="
    line="unlock_time = $var_accounts_passwords_pam_faillock_unlock_time"
    if ! grep -q $regex $FAILLOCK_CONF; then
        echo $line &gt;&gt; $FAILLOCK_CONF
    else
        sed -i --follow-symlinks 's|^\s*\(unlock_time\s*=\s*\)\(\S\+\)|\1'"$var_accounts_passwords_pam_faillock_unlock_time"'|g' $FAILLOCK_CONF
    fi
    
    for pam_file in "${AUTH_FILES[@]}"
    do
        if [ -e "$pam_file" ] ; then
            PAM_FILE_PATH="$pam_file"
            if [ -f /usr/bin/authselect ]; then
                
                if ! authselect check; then
                echo "
                authselect integrity check failed. Remediation aborted!
                This remediation could not be applied because an authselect profile was not selected or the selected profile is not intact.
                It is not recommended to manually edit the PAM files when authselect tool is available.
                In cases where the default authselect profile does not cover a specific demand, a custom authselect profile is recommended."
                exit 1
                fi

                CURRENT_PROFILE=$(authselect current -r | awk '{ print $1 }')
                # If not already in use, a custom profile is created preserving the enabled features.
                if [[ ! $CURRENT_PROFILE == custom/* ]]; then
                    ENABLED_FEATURES=$(authselect current | tail -n+3 | awk '{ print $2 }')
                    # The "local" profile does not contain essential security features required by multiple Benchmarks.
                    # If currently used, it is replaced by "sssd", which is the best option in this case.
                    if [[ $CURRENT_PROFILE == local ]]; then
                        CURRENT_PROFILE="sssd"
                    fi
                    authselect create-profile hardening -b $CURRENT_PROFILE
                    CURRENT_PROFILE="custom/hardening"
                    
                    authselect apply-changes -b --backup=before-hardening-custom-profile
                    authselect select $CURRENT_PROFILE
                    for feature in $ENABLED_FEATURES; do
                        authselect enable-feature $feature;
                    done
                    
                    authselect apply-changes -b --backup=after-hardening-custom-profile
                fi
                PAM_FILE_NAME=$(basename "$pam_file")
                PAM_FILE_PATH="/etc/authselect/$CURRENT_PROFILE/$PAM_FILE_NAME"

                authselect apply-changes -b
            fi
            
        if grep -qP "^\s*auth\s.*\bpam_faillock.so\s.*\bunlock_time\b" "$PAM_FILE_PATH"; then
            sed -i -E --follow-symlinks "s/(.*auth.*pam_faillock.so.*)\bunlock_time\b=?[[:alnum:]]*(.*)/\1\2/g" "$PAM_FILE_PATH"
        fi
            if [ -f /usr/bin/authselect ]; then
                
                authselect apply-changes -b
            fi
        else
            echo "$pam_file was not found" &gt;&amp;2
        fi
    done
    
else
    for pam_file in "${AUTH_FILES[@]}"
    do
        if ! grep -qE '^\s*auth.*pam_faillock\.so\s+(preauth|authfail).*unlock_time' "$pam_file"; then
            sed -i --follow-symlinks '/^auth.*required.*pam_faillock\.so.*preauth.*/ s/$/ unlock_time='"$var_accounts_passwords_pam_faillock_unlock_time"'/' "$pam_file"
            sed -i --follow-symlinks '/^auth.*required.*pam_faillock\.so.*authfail.*/ s/$/ unlock_time='"$var_accounts_passwords_pam_faillock_unlock_time"'/' "$pam_file"
        else
            sed -i --follow-symlinks 's/\(^auth.*required.*pam_faillock\.so.*preauth.*\)\('"unlock_time"'=\)\S\+\b\(.*\)/\1\2'"$var_accounts_passwords_pam_faillock_unlock_time"'\3/' "$pam_file"
            sed -i --follow-symlinks 's/\(^auth.*required.*pam_faillock\.so.*authfail.*\)\('"unlock_time"'=\)\S\+\b\(.*\)/\1\2'"$var_accounts_passwords_pam_faillock_unlock_time"'\3/' "$pam_file"
        fi
    done
fi

else
    &gt;&amp;2 echo 'Remediation is not applicable, nothing was done'
fi
</fix>
            <check system="http://oval.mitre.org/XMLSchema/oval-definitions-5">
              <check-export export-name="oval:ssg-var_accounts_passwords_pam_faillock_unlock_time:var:1" value-id="xccdf_org.ssgproject.content_value_var_accounts_passwords_pam_faillock_unlock_time"/>
              <check-content-ref name="oval:ssg-accounts_passwords_pam_faillock_unlock_time:def:1" href="ssg-sle15-oval.xml"/>
            </check>
            <check system="http://scap.nist.gov/schema/ocil/2">
              <check-content-ref name="ocil:ssg-accounts_passwords_pam_faillock_unlock_time_ocil:questionnaire:1" href="ssg-sle15-ocil.xml"/>
            </check>
          </Rule>
          <Rule id="xccdf_org.ssgproject.content_rule_accounts_passwords_pam_tally2" selected="false" role="full" severity="medium">
            <title xmlns:xhtml="http://www.w3.org/1999/xhtml" xml:lang="en-US">Set Deny For Failed Password Attempts</title>
            <description xmlns:xhtml="http://www.w3.org/1999/xhtml" xml:lang="en-US">The SUSE Linux Enterprise 15 operating system must lock an account after - at most - <xccdf-1.2:sub xmlns:xccdf-1.2="http://checklists.nist.gov/xccdf/1.2" idref="xccdf_org.ssgproject.content_value_var_password_pam_tally2" use="legacy"/>
consecutive invalid access attempts.</description>
            <reference href="https://www.pcisecuritystandards.org/documents/PCI_DSS_v3-2-1.pdf">Req-8.1.6</reference>
            <reference href="https://www.cyber.mil/stigs/downloads/?_dl_facet_stigs=operating-systems%2Cgeneral-purpose-os">SRG-OS-000021-GPOS-00005</reference>
            <reference href="https://www.cyber.mil/stigs/downloads/?_dl_facet_stigs=operating-systems%2Cunix-linux">SLES-15-020010</reference>
            <reference href="https://www.cisecurity.org/benchmark/suse_linux/">5.3.2</reference>
            <reference href="https://cyber.gouv.fr/sites/default/files/document/linux_configuration-en-v2.pdf">R31</reference>
            <reference href="https://docs-prv.pcisecuritystandards.org/PCI%20DSS/Standard/PCI-DSS-v4_0.pdf">8.3.4</reference>
            <reference href="https://docs-prv.pcisecuritystandards.org/PCI%20DSS/Standard/PCI-DSS-v4_0.pdf">8.3</reference>
            <reference href="https://www.cyber.mil/stigs/srg-stig-tools/">SV-234867r958388_rule</reference>
            <rationale xmlns:xhtml="http://www.w3.org/1999/xhtml" xml:lang="en-US">By limiting the number of failed logon attempts, the risk of unauthorized
system access via user password guessing, otherwise known as brute-force
attacks, is reduced. Limits are imposed by locking the account.

To configure the operating system to lock an account after three
unsuccessful consecutive access attempts using <html:code xmlns:html="http://www.w3.org/1999/xhtml">pam_tally2.so</html:code>,
modify the content of both <html:code xmlns:html="http://www.w3.org/1999/xhtml">/etc/pam.d/login</html:code> and
<html:code xmlns:html="http://www.w3.org/1999/xhtml">/etc/pam.d/common-account</html:code> as follows:
<html:br xmlns:html="http://www.w3.org/1999/xhtml"/>
         <html:br xmlns:html="http://www.w3.org/1999/xhtml"/>
         <html:ul xmlns:html="http://www.w3.org/1999/xhtml" xmlns:xccdf-1.2="http://checklists.nist.gov/xccdf/1.2"><html:li> add or modify the <html:code>pam_tally2.so</html:code> module line in
<html:code>/etc/pam.d/login</html:code> to ensure both <html:code>onerr=fail</html:code> and
<html:code>deny=<xccdf-1.2:sub idref="xccdf_org.ssgproject.content_value_var_password_pam_tally2" use="legacy"/>
           </html:code> are present. For example:
<html:pre>auth required pam_tally2.so onerr=fail silent audit deny=<xccdf-1.2:sub idref="xccdf_org.ssgproject.content_value_var_password_pam_tally2" use="legacy"/>
           </html:pre>
          </html:li><html:li> add or modify the following line in <html:code>/etc/pam.d/common-account</html:code>:
<html:pre>account required pam_tally2.so</html:pre>
          </html:li></html:ul>
        </rationale>
            <platform idref="#os_linux_sles_le_15_7_and_package_pam"/>
            <ident system="https://ncp.nist.gov/cce">CCE-85554-4</ident>
            <fix xmlns:xhtml="http://www.w3.org/1999/xhtml" id="accounts_passwords_pam_tally2" system="urn:xccdf:fix:script:sh"># Remediation is applicable only in certain platforms
if rpm --quiet -q kernel-default || rpm --quiet -q kernel-default-base &amp;&amp; { ( grep -qP "^ID=[\"']?sles[\"']?$" "/etc/os-release" &amp;&amp; { real="$(grep -P "^VERSION_ID=[\"']?[\w.]+[\"']?$" /etc/os-release | sed "s/^VERSION_ID=[\"']\?\([^\"']\+\)[\"']\?$/\1/")"; expected="15.7"; [[ "$real" != "$expected" ]] &amp;&amp; printf "%s\n%s" "$real" "$expected" | sort -VC; } &amp;&amp; rpm --quiet -q pam ); }; then

var_password_pam_tally2='<xccdf-1.2:sub xmlns:xccdf-1.2="http://checklists.nist.gov/xccdf/1.2" idref="xccdf_org.ssgproject.content_value_var_password_pam_tally2" use="legacy"/>'

# Use a non-number regexp to force update of the value of the deny option






if ! grep -qP "^\s*auth\s+required\s+pam_tally2.so\s*.*" "/etc/pam.d/login"; then
    # Line matching group + control + module was not found. Check group + module.
    if [ "$(grep -cP '^\s*auth\s+.*\s+pam_tally2.so\s*' "/etc/pam.d/login")" -eq 1 ]; then
        # The control is updated only if one single line matches.
        sed -i -E --follow-symlinks "s/^(\s*auth\s+).*(\bpam_tally2.so.*)/\1required \2/" "/etc/pam.d/login"
    else
        LAST_MATCH_LINE=$(grep -nP "(fail)" "/etc/pam.d/login" | tail -n 1 | cut -d: -f 1)
        if [ ! -z $LAST_MATCH_LINE ]; then
            sed -i --follow-symlinks $LAST_MATCH_LINE" a auth     required    pam_tally2.so" "/etc/pam.d/login"
        else
            echo "auth    required    pam_tally2.so" &gt;&gt; "/etc/pam.d/login"
        fi
    fi
fi
# Check the option
if ! grep -qP "^\s*auth\s+required\s+pam_tally2.so\s*.*\sonerr\b" "/etc/pam.d/login"; then
    sed -i -E --follow-symlinks "/\s*auth\s+required\s+pam_tally2.so.*/ s/$/ onerr=fail/" "/etc/pam.d/login"
else
    sed -i -E --follow-symlinks "s/(\s*auth\s+required\s+pam_tally2.so\s+.*)(onerr=)[[:alnum:]]*\s*(.*)/\1\2fail \3/" "/etc/pam.d/login"
fi


if ! grep -qP "^\s*auth\s+required\s+pam_tally2.so\s*.*" "/etc/pam.d/login"; then
    # Line matching group + control + module was not found. Check group + module.
    if [ "$(grep -cP '^\s*auth\s+.*\s+pam_tally2.so\s*' "/etc/pam.d/login")" -eq 1 ]; then
        # The control is updated only if one single line matches.
        sed -i -E --follow-symlinks "s/^(\s*auth\s+).*(\bpam_tally2.so.*)/\1required \2/" "/etc/pam.d/login"
    else
        echo "auth    required    pam_tally2.so" &gt;&gt; "/etc/pam.d/login"
    fi
fi
# Check the option
if ! grep -qP "^\s*auth\s+required\s+pam_tally2.so\s*.*\sdeny\b" "/etc/pam.d/login"; then
    sed -i -E --follow-symlinks "/\s*auth\s+required\s+pam_tally2.so.*/ s/$/ deny=${var_password_pam_tally2}/" "/etc/pam.d/login"
else
    sed -i -E --follow-symlinks "s/(\s*auth\s+required\s+pam_tally2.so\s+.*)(deny=)[[:alnum:]]*\s*(.*)/\1\2${var_password_pam_tally2} \3/" "/etc/pam.d/login"
fi


if ! grep -qP "^\s*account\s+required\s+pam_tally2.so\s*.*" "/etc/pam.d/common-account"; then
    # Line matching group + control + module was not found. Check group + module.
    if [ "$(grep -cP '^\s*account\s+.*\s+pam_tally2.so\s*' "/etc/pam.d/common-account")" -eq 1 ]; then
        # The control is updated only if one single line matches.
        sed -i -E --follow-symlinks "s/^(\s*account\s+).*(\bpam_tally2.so.*)/\1required \2/" "/etc/pam.d/common-account"
    else
        echo "account    required    pam_tally2.so" &gt;&gt; "/etc/pam.d/common-account"
    fi
fi
# Check the option
if ! grep -qP "^\s*account\s+required\s+pam_tally2.so\s*.*\s\b" "/etc/pam.d/common-account"; then
    sed -i -E --follow-symlinks "/\s*account\s+required\s+pam_tally2.so.*/ s/$/ /" "/etc/pam.d/common-account"
fi

else
    &gt;&amp;2 echo 'Remediation is not applicable, nothing was done'
fi
</fix>
            <fix xmlns:xhtml="http://www.w3.org/1999/xhtml" id="accounts_passwords_pam_tally2" system="urn:xccdf:fix:script:ansible" complexity="low" disruption="low" strategy="configure">- name: Gather the package facts
  package_facts:
    manager: auto
  tags:
  - CCE-85554-4
  - DISA-STIG-SLES-15-020010
  - PCI-DSS-Req-8.1.6
  - PCI-DSSv4-8.3
  - PCI-DSSv4-8.3.4
  - accounts_passwords_pam_tally2
  - configure_strategy
  - low_complexity
  - low_disruption
  - medium_severity
  - no_reboot_needed
- name: XCCDF Value var_password_pam_tally2 # promote to variable
  set_fact:
    var_password_pam_tally2: !!str <xccdf-1.2:sub xmlns:xccdf-1.2="http://checklists.nist.gov/xccdf/1.2" idref="xccdf_org.ssgproject.content_value_var_password_pam_tally2" use="legacy"/>
  tags:
    - always

- name: Set Deny For Failed Password Attempts - Define a fact for control already
    filtered in case filters are used
  ansible.builtin.set_fact:
    pam_module_control: required
  when:
  - ("kernel-default" in ansible_facts.packages or "kernel-default-base" in ansible_facts.packages)
  - ( ansible_distribution == 'SLES' and ansible_distribution_version is version('15.7',
    '&lt;') and "pam" in ansible_facts.packages )
  tags:
  - CCE-85554-4
  - DISA-STIG-SLES-15-020010
  - PCI-DSS-Req-8.1.6
  - PCI-DSSv4-8.3
  - PCI-DSSv4-8.3.4
  - accounts_passwords_pam_tally2
  - configure_strategy
  - low_complexity
  - low_disruption
  - medium_severity
  - no_reboot_needed

- name: Set Deny For Failed Password Attempts - Check if expected PAM module line
    is present in /etc/pam.d/login
  ansible.builtin.lineinfile:
    path: /etc/pam.d/login
    regexp: ^\s*auth\s+{{ pam_module_control | regex_escape() }}\s+pam_tally2.so\s*.*
    state: absent
  check_mode: true
  changed_when: false
  register: result_pam_line_present
  when:
  - ("kernel-default" in ansible_facts.packages or "kernel-default-base" in ansible_facts.packages)
  - ( ansible_distribution == 'SLES' and ansible_distribution_version is version('15.7',
    '&lt;') and "pam" in ansible_facts.packages )
  tags:
  - CCE-85554-4
  - DISA-STIG-SLES-15-020010
  - PCI-DSS-Req-8.1.6
  - PCI-DSSv4-8.3
  - PCI-DSSv4-8.3.4
  - accounts_passwords_pam_tally2
  - configure_strategy
  - low_complexity
  - low_disruption
  - medium_severity
  - no_reboot_needed

- name: Set Deny For Failed Password Attempts - Include or update the PAM module line
    in /etc/pam.d/login
  block:

  - name: Set Deny For Failed Password Attempts - Check if required PAM module line
      is present in /etc/pam.d/login with different control
    ansible.builtin.lineinfile:
      path: /etc/pam.d/login
      regexp: ^\s*auth\s+.*\s+pam_tally2.so\s*
      state: absent
    check_mode: true
    changed_when: false
    register: result_pam_line_other_control_present

  - name: Set Deny For Failed Password Attempts - Ensure the correct control for the
      required PAM module line in /etc/pam.d/login
    ansible.builtin.replace:
      dest: /etc/pam.d/login
      regexp: ^(\s*auth\s+).*(\bpam_tally2.so.*)
      replace: \1{{ pam_module_control }} \2
    register: result_pam_module_edit
    when:
    - result_pam_line_other_control_present.found == 1

  - name: Set Deny For Failed Password Attempts - Ensure the required PAM module line
      is included in /etc/pam.d/login
    ansible.builtin.lineinfile:
      dest: /etc/pam.d/login
      insertafter: (fail)
      line: auth    {{ pam_module_control }}    pam_tally2.so
    register: result_pam_module_add
    when:
    - result_pam_line_other_control_present.found == 0 or result_pam_line_other_control_present.found
      &gt; 1

  - name: Set Deny For Failed Password Attempts - Ensure authselect changes are applied
    ansible.builtin.command:
      cmd: authselect apply-changes -b
    when:
    - result_authselect_present is defined
    - result_authselect_present.stat.exists
    - |-
      (result_pam_module_add is defined and result_pam_module_add.changed)
       or (result_pam_module_edit is defined and result_pam_module_edit.changed)
  when:
  - ("kernel-default" in ansible_facts.packages or "kernel-default-base" in ansible_facts.packages)
  - ( ansible_distribution == 'SLES' and ansible_distribution_version is version('15.7',
    '&lt;') and "pam" in ansible_facts.packages )
  - result_pam_line_present.found is defined
  - result_pam_line_present.found == 0
  tags:
  - CCE-85554-4
  - DISA-STIG-SLES-15-020010
  - PCI-DSS-Req-8.1.6
  - PCI-DSSv4-8.3
  - PCI-DSSv4-8.3.4
  - accounts_passwords_pam_tally2
  - configure_strategy
  - low_complexity
  - low_disruption
  - medium_severity
  - no_reboot_needed

- name: Set Deny For Failed Password Attempts - Define a fact for control already
    filtered in case filters are used
  ansible.builtin.set_fact:
    pam_module_control: required
  when:
  - ("kernel-default" in ansible_facts.packages or "kernel-default-base" in ansible_facts.packages)
  - ( ansible_distribution == 'SLES' and ansible_distribution_version is version('15.7',
    '&lt;') and "pam" in ansible_facts.packages )
  tags:
  - CCE-85554-4
  - DISA-STIG-SLES-15-020010
  - PCI-DSS-Req-8.1.6
  - PCI-DSSv4-8.3
  - PCI-DSSv4-8.3.4
  - accounts_passwords_pam_tally2
  - configure_strategy
  - low_complexity
  - low_disruption
  - medium_severity
  - no_reboot_needed

- name: Set Deny For Failed Password Attempts - Check if the required PAM module option
    is present in /etc/pam.d/login
  ansible.builtin.lineinfile:
    path: /etc/pam.d/login
    regexp: ^\s*auth\s+{{ pam_module_control | regex_escape() }}\s+pam_tally2.so\s*.*\sonerr\b
    state: absent
  check_mode: true
  changed_when: false
  register: result_pam_module_accounts_passwords_pam_tally2_option_present
  when:
  - ("kernel-default" in ansible_facts.packages or "kernel-default-base" in ansible_facts.packages)
  - ( ansible_distribution == 'SLES' and ansible_distribution_version is version('15.7',
    '&lt;') and "pam" in ansible_facts.packages )
  tags:
  - CCE-85554-4
  - DISA-STIG-SLES-15-020010
  - PCI-DSS-Req-8.1.6
  - PCI-DSSv4-8.3
  - PCI-DSSv4-8.3.4
  - accounts_passwords_pam_tally2
  - configure_strategy
  - low_complexity
  - low_disruption
  - medium_severity
  - no_reboot_needed

- name: Set Deny For Failed Password Attempts - Ensure the "onerr" PAM option for
    "pam_tally2.so" is included in /etc/pam.d/login
  ansible.builtin.lineinfile:
    path: /etc/pam.d/login
    backrefs: true
    regexp: ^(\s*auth\s+{{ pam_module_control | regex_escape() }}\s+pam_tally2.so.*)
    line: \1 onerr=fail
    state: present
  register: result_pam_accounts_passwords_pam_tally2_add
  when:
  - ("kernel-default" in ansible_facts.packages or "kernel-default-base" in ansible_facts.packages)
  - ( ansible_distribution == 'SLES' and ansible_distribution_version is version('15.7',
    '&lt;') and "pam" in ansible_facts.packages )
  - result_pam_module_accounts_passwords_pam_tally2_option_present.found is defined
  - result_pam_module_accounts_passwords_pam_tally2_option_present.found == 0
  tags:
  - CCE-85554-4
  - DISA-STIG-SLES-15-020010
  - PCI-DSS-Req-8.1.6
  - PCI-DSSv4-8.3
  - PCI-DSSv4-8.3.4
  - accounts_passwords_pam_tally2
  - configure_strategy
  - low_complexity
  - low_disruption
  - medium_severity
  - no_reboot_needed

- name: Set Deny For Failed Password Attempts - Ensure the required value for "onerr"
    PAM option from "pam_tally2.so" in /etc/pam.d/login
  ansible.builtin.lineinfile:
    path: /etc/pam.d/login
    backrefs: true
    regexp: ^(\s*auth\s+{{ pam_module_control | regex_escape() }}\s+pam_tally2.so\s+.*)(onerr)=[0-9a-zA-Z]*\s*(.*)
    line: \1\2=fail \3
  register: result_pam_accounts_passwords_pam_tally2_edit
  when:
  - ("kernel-default" in ansible_facts.packages or "kernel-default-base" in ansible_facts.packages)
  - ( ansible_distribution == 'SLES' and ansible_distribution_version is version('15.7',
    '&lt;') and "pam" in ansible_facts.packages )
  - result_pam_module_accounts_passwords_pam_tally2_option_present.found &gt; 0
  tags:
  - CCE-85554-4
  - DISA-STIG-SLES-15-020010
  - PCI-DSS-Req-8.1.6
  - PCI-DSSv4-8.3
  - PCI-DSSv4-8.3.4
  - accounts_passwords_pam_tally2
  - configure_strategy
  - low_complexity
  - low_disruption
  - medium_severity
  - no_reboot_needed

- name: Set Deny For Failed Password Attempts - Define a fact for control already
    filtered in case filters are used
  ansible.builtin.set_fact:
    pam_module_control: required
  when:
  - ("kernel-default" in ansible_facts.packages or "kernel-default-base" in ansible_facts.packages)
  - ( ansible_distribution == 'SLES' and ansible_distribution_version is version('15.7',
    '&lt;') and "pam" in ansible_facts.packages )
  tags:
  - CCE-85554-4
  - DISA-STIG-SLES-15-020010
  - PCI-DSS-Req-8.1.6
  - PCI-DSSv4-8.3
  - PCI-DSSv4-8.3.4
  - accounts_passwords_pam_tally2
  - configure_strategy
  - low_complexity
  - low_disruption
  - medium_severity
  - no_reboot_needed

- name: Set Deny For Failed Password Attempts - Check if expected PAM module line
    is present in /etc/pam.d/login
  ansible.builtin.lineinfile:
    path: /etc/pam.d/login
    regexp: ^\s*auth\s+{{ pam_module_control | regex_escape() }}\s+pam_tally2.so\s*.*
    state: absent
  check_mode: true
  changed_when: false
  register: result_pam_line_present
  when:
  - ("kernel-default" in ansible_facts.packages or "kernel-default-base" in ansible_facts.packages)
  - ( ansible_distribution == 'SLES' and ansible_distribution_version is version('15.7',
    '&lt;') and "pam" in ansible_facts.packages )
  tags:
  - CCE-85554-4
  - DISA-STIG-SLES-15-020010
  - PCI-DSS-Req-8.1.6
  - PCI-DSSv4-8.3
  - PCI-DSSv4-8.3.4
  - accounts_passwords_pam_tally2
  - configure_strategy
  - low_complexity
  - low_disruption
  - medium_severity
  - no_reboot_needed

- name: Set Deny For Failed Password Attempts - Include or update the PAM module line
    in /etc/pam.d/login
  block:

  - name: Set Deny For Failed Password Attempts - Check if required PAM module line
      is present in /etc/pam.d/login with different control
    ansible.builtin.lineinfile:
      path: /etc/pam.d/login
      regexp: ^\s*auth\s+.*\s+pam_tally2.so\s*
      state: absent
    check_mode: true
    changed_when: false
    register: result_pam_line_other_control_present

  - name: Set Deny For Failed Password Attempts - Ensure the correct control for the
      required PAM module line in /etc/pam.d/login
    ansible.builtin.replace:
      dest: /etc/pam.d/login
      regexp: ^(\s*auth\s+).*(\bpam_tally2.so.*)
      replace: \1{{ pam_module_control }} \2
    register: result_pam_module_edit
    when:
    - result_pam_line_other_control_present.found == 1

  - name: Set Deny For Failed Password Attempts - Ensure the required PAM module line
      is included in /etc/pam.d/login
    ansible.builtin.lineinfile:
      dest: /etc/pam.d/login
      line: auth    {{ pam_module_control }}    pam_tally2.so
    register: result_pam_module_add
    when:
    - result_pam_line_other_control_present.found == 0 or result_pam_line_other_control_present.found
      &gt; 1

  - name: Set Deny For Failed Password Attempts - Ensure authselect changes are applied
    ansible.builtin.command:
      cmd: authselect apply-changes -b
    when:
    - result_authselect_present is defined
    - result_authselect_present.stat.exists
    - |-
      (result_pam_module_add is defined and result_pam_module_add.changed)
       or (result_pam_module_edit is defined and result_pam_module_edit.changed)
  when:
  - ("kernel-default" in ansible_facts.packages or "kernel-default-base" in ansible_facts.packages)
  - ( ansible_distribution == 'SLES' and ansible_distribution_version is version('15.7',
    '&lt;') and "pam" in ansible_facts.packages )
  - result_pam_line_present.found is defined
  - result_pam_line_present.found == 0
  tags:
  - CCE-85554-4
  - DISA-STIG-SLES-15-020010
  - PCI-DSS-Req-8.1.6
  - PCI-DSSv4-8.3
  - PCI-DSSv4-8.3.4
  - accounts_passwords_pam_tally2
  - configure_strategy
  - low_complexity
  - low_disruption
  - medium_severity
  - no_reboot_needed

- name: Set Deny For Failed Password Attempts - Define a fact for control already
    filtered in case filters are used
  ansible.builtin.set_fact:
    pam_module_control: required
  when:
  - ("kernel-default" in ansible_facts.packages or "kernel-default-base" in ansible_facts.packages)
  - ( ansible_distribution == 'SLES' and ansible_distribution_version is version('15.7',
    '&lt;') and "pam" in ansible_facts.packages )
  tags:
  - CCE-85554-4
  - DISA-STIG-SLES-15-020010
  - PCI-DSS-Req-8.1.6
  - PCI-DSSv4-8.3
  - PCI-DSSv4-8.3.4
  - accounts_passwords_pam_tally2
  - configure_strategy
  - low_complexity
  - low_disruption
  - medium_severity
  - no_reboot_needed

- name: Set Deny For Failed Password Attempts - Check if the required PAM module option
    is present in /etc/pam.d/login
  ansible.builtin.lineinfile:
    path: /etc/pam.d/login
    regexp: ^\s*auth\s+{{ pam_module_control | regex_escape() }}\s+pam_tally2.so\s*.*\sdeny\b
    state: absent
  check_mode: true
  changed_when: false
  register: result_pam_module_accounts_passwords_pam_tally2_option_present
  when:
  - ("kernel-default" in ansible_facts.packages or "kernel-default-base" in ansible_facts.packages)
  - ( ansible_distribution == 'SLES' and ansible_distribution_version is version('15.7',
    '&lt;') and "pam" in ansible_facts.packages )
  tags:
  - CCE-85554-4
  - DISA-STIG-SLES-15-020010
  - PCI-DSS-Req-8.1.6
  - PCI-DSSv4-8.3
  - PCI-DSSv4-8.3.4
  - accounts_passwords_pam_tally2
  - configure_strategy
  - low_complexity
  - low_disruption
  - medium_severity
  - no_reboot_needed

- name: Set Deny For Failed Password Attempts - Ensure the "deny" PAM option for "pam_tally2.so"
    is included in /etc/pam.d/login
  ansible.builtin.lineinfile:
    path: /etc/pam.d/login
    backrefs: true
    regexp: ^(\s*auth\s+{{ pam_module_control | regex_escape() }}\s+pam_tally2.so.*)
    line: \1 deny={{ var_password_pam_tally2 }}
    state: present
  register: result_pam_accounts_passwords_pam_tally2_add
  when:
  - ("kernel-default" in ansible_facts.packages or "kernel-default-base" in ansible_facts.packages)
  - ( ansible_distribution == 'SLES' and ansible_distribution_version is version('15.7',
    '&lt;') and "pam" in ansible_facts.packages )
  - result_pam_module_accounts_passwords_pam_tally2_option_present.found is defined
  - result_pam_module_accounts_passwords_pam_tally2_option_present.found == 0
  tags:
  - CCE-85554-4
  - DISA-STIG-SLES-15-020010
  - PCI-DSS-Req-8.1.6
  - PCI-DSSv4-8.3
  - PCI-DSSv4-8.3.4
  - accounts_passwords_pam_tally2
  - configure_strategy
  - low_complexity
  - low_disruption
  - medium_severity
  - no_reboot_needed

- name: Set Deny For Failed Password Attempts - Ensure the required value for "deny"
    PAM option from "pam_tally2.so" in /etc/pam.d/login
  ansible.builtin.lineinfile:
    path: /etc/pam.d/login
    backrefs: true
    regexp: ^(\s*auth\s+{{ pam_module_control | regex_escape() }}\s+pam_tally2.so\s+.*)(deny)=[0-9a-zA-Z]*\s*(.*)
    line: \1\2={{ var_password_pam_tally2 }} \3
  register: result_pam_accounts_passwords_pam_tally2_edit
  when:
  - ("kernel-default" in ansible_facts.packages or "kernel-default-base" in ansible_facts.packages)
  - ( ansible_distribution == 'SLES' and ansible_distribution_version is version('15.7',
    '&lt;') and "pam" in ansible_facts.packages )
  - result_pam_module_accounts_passwords_pam_tally2_option_present.found &gt; 0
  tags:
  - CCE-85554-4
  - DISA-STIG-SLES-15-020010
  - PCI-DSS-Req-8.1.6
  - PCI-DSSv4-8.3
  - PCI-DSSv4-8.3.4
  - accounts_passwords_pam_tally2
  - configure_strategy
  - low_complexity
  - low_disruption
  - medium_severity
  - no_reboot_needed

- name: Set Deny For Failed Password Attempts - Define a fact for control already
    filtered in case filters are used
  ansible.builtin.set_fact:
    pam_module_control: required
  when:
  - ("kernel-default" in ansible_facts.packages or "kernel-default-base" in ansible_facts.packages)
  - ( ansible_distribution == 'SLES' and ansible_distribution_version is version('15.7',
    '&lt;') and "pam" in ansible_facts.packages )
  tags:
  - CCE-85554-4
  - DISA-STIG-SLES-15-020010
  - PCI-DSS-Req-8.1.6
  - PCI-DSSv4-8.3
  - PCI-DSSv4-8.3.4
  - accounts_passwords_pam_tally2
  - configure_strategy
  - low_complexity
  - low_disruption
  - medium_severity
  - no_reboot_needed

- name: Set Deny For Failed Password Attempts - Check if expected PAM module line
    is present in /etc/pam.d/common-account
  ansible.builtin.lineinfile:
    path: /etc/pam.d/common-account
    regexp: ^\s*account\s+{{ pam_module_control | regex_escape() }}\s+pam_tally2.so\s*.*
    state: absent
  check_mode: true
  changed_when: false
  register: result_pam_line_present
  when:
  - ("kernel-default" in ansible_facts.packages or "kernel-default-base" in ansible_facts.packages)
  - ( ansible_distribution == 'SLES' and ansible_distribution_version is version('15.7',
    '&lt;') and "pam" in ansible_facts.packages )
  tags:
  - CCE-85554-4
  - DISA-STIG-SLES-15-020010
  - PCI-DSS-Req-8.1.6
  - PCI-DSSv4-8.3
  - PCI-DSSv4-8.3.4
  - accounts_passwords_pam_tally2
  - configure_strategy
  - low_complexity
  - low_disruption
  - medium_severity
  - no_reboot_needed

- name: Set Deny For Failed Password Attempts - Include or update the PAM module line
    in /etc/pam.d/common-account
  block:

  - name: Set Deny For Failed Password Attempts - Check if required PAM module line
      is present in /etc/pam.d/common-account with different control
    ansible.builtin.lineinfile:
      path: /etc/pam.d/common-account
      regexp: ^\s*account\s+.*\s+pam_tally2.so\s*
      state: absent
    check_mode: true
    changed_when: false
    register: result_pam_line_other_control_present

  - name: Set Deny For Failed Password Attempts - Ensure the correct control for the
      required PAM module line in /etc/pam.d/common-account
    ansible.builtin.replace:
      dest: /etc/pam.d/common-account
      regexp: ^(\s*account\s+).*(\bpam_tally2.so.*)
      replace: \1{{ pam_module_control }} \2
    register: result_pam_module_edit
    when:
    - result_pam_line_other_control_present.found == 1

  - name: Set Deny For Failed Password Attempts - Ensure the required PAM module line
      is included in /etc/pam.d/common-account
    ansible.builtin.lineinfile:
      dest: /etc/pam.d/common-account
      line: account    {{ pam_module_control }}    pam_tally2.so
    register: result_pam_module_add
    when:
    - result_pam_line_other_control_present.found == 0 or result_pam_line_other_control_present.found
      &gt; 1

  - name: Set Deny For Failed Password Attempts - Ensure authselect changes are applied
    ansible.builtin.command:
      cmd: authselect apply-changes -b
    when:
    - result_authselect_present is defined
    - result_authselect_present.stat.exists
    - |-
      (result_pam_module_add is defined and result_pam_module_add.changed)
       or (result_pam_module_edit is defined and result_pam_module_edit.changed)
  when:
  - ("kernel-default" in ansible_facts.packages or "kernel-default-base" in ansible_facts.packages)
  - ( ansible_distribution == 'SLES' and ansible_distribution_version is version('15.7',
    '&lt;') and "pam" in ansible_facts.packages )
  - result_pam_line_present.found is defined
  - result_pam_line_present.found == 0
  tags:
  - CCE-85554-4
  - DISA-STIG-SLES-15-020010
  - PCI-DSS-Req-8.1.6
  - PCI-DSSv4-8.3
  - PCI-DSSv4-8.3.4
  - accounts_passwords_pam_tally2
  - configure_strategy
  - low_complexity
  - low_disruption
  - medium_severity
  - no_reboot_needed

- name: Set Deny For Failed Password Attempts - Define a fact for control already
    filtered in case filters are used
  ansible.builtin.set_fact:
    pam_module_control: required
  when:
  - ("kernel-default" in ansible_facts.packages or "kernel-default-base" in ansible_facts.packages)
  - ( ansible_distribution == 'SLES' and ansible_distribution_version is version('15.7',
    '&lt;') and "pam" in ansible_facts.packages )
  tags:
  - CCE-85554-4
  - DISA-STIG-SLES-15-020010
  - PCI-DSS-Req-8.1.6
  - PCI-DSSv4-8.3
  - PCI-DSSv4-8.3.4
  - accounts_passwords_pam_tally2
  - configure_strategy
  - low_complexity
  - low_disruption
  - medium_severity
  - no_reboot_needed

- name: Set Deny For Failed Password Attempts - Check if the required PAM module option
    is present in /etc/pam.d/common-account
  ansible.builtin.lineinfile:
    path: /etc/pam.d/common-account
    regexp: ^\s*account\s+{{ pam_module_control | regex_escape() }}\s+pam_tally2.so\s*.*\s\b
    state: absent
  check_mode: true
  changed_when: false
  register: result_pam_module_accounts_passwords_pam_tally2_option_present
  when:
  - ("kernel-default" in ansible_facts.packages or "kernel-default-base" in ansible_facts.packages)
  - ( ansible_distribution == 'SLES' and ansible_distribution_version is version('15.7',
    '&lt;') and "pam" in ansible_facts.packages )
  tags:
  - CCE-85554-4
  - DISA-STIG-SLES-15-020010
  - PCI-DSS-Req-8.1.6
  - PCI-DSSv4-8.3
  - PCI-DSSv4-8.3.4
  - accounts_passwords_pam_tally2
  - configure_strategy
  - low_complexity
  - low_disruption
  - medium_severity
  - no_reboot_needed

- name: Set Deny For Failed Password Attempts - Ensure the "" PAM option for "pam_tally2.so"
    is included in /etc/pam.d/common-account
  ansible.builtin.lineinfile:
    path: /etc/pam.d/common-account
    backrefs: true
    regexp: ^(\s*account\s+{{ pam_module_control | regex_escape() }}\s+pam_tally2.so.*)
    line: \1
    state: present
  register: result_pam_accounts_passwords_pam_tally2_add
  when:
  - ("kernel-default" in ansible_facts.packages or "kernel-default-base" in ansible_facts.packages)
  - ( ansible_distribution == 'SLES' and ansible_distribution_version is version('15.7',
    '&lt;') and "pam" in ansible_facts.packages )
  - result_pam_module_accounts_passwords_pam_tally2_option_present.found is defined
  - result_pam_module_accounts_passwords_pam_tally2_option_present.found == 0
  tags:
  - CCE-85554-4
  - DISA-STIG-SLES-15-020010
  - PCI-DSS-Req-8.1.6
  - PCI-DSSv4-8.3
  - PCI-DSSv4-8.3.4
  - accounts_passwords_pam_tally2
  - configure_strategy
  - low_complexity
  - low_disruption
  - medium_severity
  - no_reboot_needed
</fix>
            <check system="http://oval.mitre.org/XMLSchema/oval-definitions-5">
              <check-export export-name="oval:ssg-var_password_pam_tally2:var:1" value-id="xccdf_org.ssgproject.content_value_var_password_pam_tally2"/>
              <check-content-ref name="oval:ssg-accounts_passwords_pam_tally2:def:1" href="ssg-sle15-oval.xml"/>
            </check>
            <check system="http://scap.nist.gov/schema/ocil/2">
              <check-content-ref name="ocil:ssg-accounts_passwords_pam_tally2_ocil:questionnaire:1" href="ssg-sle15-ocil.xml"/>
            </check>
          </Rule>
          <Rule id="xccdf_org.ssgproject.content_rule_accounts_passwords_pam_tally2_deny_root" selected="false" role="full" severity="medium">
            <title xmlns:xhtml="http://www.w3.org/1999/xhtml" xml:lang="en-US">Configure the root Account lock for Failed Password Attempts via pam_tally2</title>
            <description xmlns:xhtml="http://www.w3.org/1999/xhtml" xml:lang="en-US">This rule configures the system to lock out the <html:code xmlns:html="http://www.w3.org/1999/xhtml">root</html:code> account after a number of
incorrect login attempts using <html:code xmlns:html="http://www.w3.org/1999/xhtml">pam_tally2.so</html:code>.</description>
            <reference href="https://www.cisecurity.org/controls/">1</reference>
            <reference href="https://www.cisecurity.org/controls/">12</reference>
            <reference href="https://www.cisecurity.org/controls/">15</reference>
            <reference href="https://www.cisecurity.org/controls/">16</reference>
            <reference href="https://www.isaca.org/resources/cobit">DSS05.04</reference>
            <reference href="https://www.isaca.org/resources/cobit">DSS05.10</reference>
            <reference href="https://www.isaca.org/resources/cobit">DSS06.10</reference>
            <reference href="https://www.isa.org/products/isa-62443-2-1-2009-security-for-industrial-automat">4.3.3.6.1</reference>
            <reference href="https://www.isa.org/products/isa-62443-2-1-2009-security-for-industrial-automat">4.3.3.6.2</reference>
            <reference href="https://www.isa.org/products/isa-62443-2-1-2009-security-for-industrial-automat">4.3.3.6.3</reference>
            <reference href="https://www.isa.org/products/isa-62443-2-1-2009-security-for-industrial-automat">4.3.3.6.4</reference>
            <reference href="https://www.isa.org/products/isa-62443-2-1-2009-security-for-industrial-automat">4.3.3.6.5</reference>
            <reference href="https://www.isa.org/products/isa-62443-2-1-2009-security-for-industrial-automat">4.3.3.6.6</reference>
            <reference href="https://www.isa.org/products/isa-62443-2-1-2009-security-for-industrial-automat">4.3.3.6.7</reference>
            <reference href="https://www.isa.org/products/isa-62443-2-1-2009-security-for-industrial-automat">4.3.3.6.8</reference>
            <reference href="https://www.isa.org/products/isa-62443-2-1-2009-security-for-industrial-automat">4.3.3.6.9</reference>
            <reference href="https://www.isa.org/products/ansi-isa-62443-3-3-99-03-03-2013-security-for-indu">SR 1.1</reference>
            <reference href="https://www.isa.org/products/ansi-isa-62443-3-3-99-03-03-2013-security-for-indu">SR 1.10</reference>
            <reference href="https://www.isa.org/products/ansi-isa-62443-3-3-99-03-03-2013-security-for-indu">SR 1.2</reference>
            <reference href="https://www.isa.org/products/ansi-isa-62443-3-3-99-03-03-2013-security-for-indu">SR 1.5</reference>
            <reference href="https://www.isa.org/products/ansi-isa-62443-3-3-99-03-03-2013-security-for-indu">SR 1.7</reference>
            <reference href="https://www.isa.org/products/ansi-isa-62443-3-3-99-03-03-2013-security-for-indu">SR 1.8</reference>
            <reference href="https://www.isa.org/products/ansi-isa-62443-3-3-99-03-03-2013-security-for-indu">SR 1.9</reference>
            <reference href="https://www.iso.org/contents/data/standard/05/45/54534.html">A.18.1.4</reference>
            <reference href="https://www.iso.org/contents/data/standard/05/45/54534.html">A.9.2.1</reference>
            <reference href="https://www.iso.org/contents/data/standard/05/45/54534.html">A.9.2.4</reference>
            <reference href="https://www.iso.org/contents/data/standard/05/45/54534.html">A.9.3.1</reference>
            <reference href="https://www.iso.org/contents/data/standard/05/45/54534.html">A.9.4.2</reference>
            <reference href="https://www.iso.org/contents/data/standard/05/45/54534.html">A.9.4.3</reference>
            <reference href="http://nvlpubs.nist.gov/nistpubs/SpecialPublications/NIST.SP.800-53r4.pdf">CM-6(a)</reference>
            <reference href="http://nvlpubs.nist.gov/nistpubs/SpecialPublications/NIST.SP.800-53r4.pdf">AC-7(b)</reference>
            <reference href="http://nvlpubs.nist.gov/nistpubs/SpecialPublications/NIST.SP.800-53r4.pdf">IA-5(c)</reference>
            <reference href="https://nvlpubs.nist.gov/nistpubs/CSWP/NIST.CSWP.04162018.pdf">PR.AC-7</reference>
            <reference href="https://www.cyber.mil/stigs/downloads/?_dl_facet_stigs=operating-systems%2Cgeneral-purpose-os">SRG-OS-000329-GPOS-00128</reference>
            <reference href="https://www.cyber.mil/stigs/downloads/?_dl_facet_stigs=operating-systems%2Cgeneral-purpose-os">SRG-OS-000021-GPOS-00005</reference>
            <reference href="https://www.cisecurity.org/benchmark/suse_linux/">5.3.2</reference>
            <reference href="https://cyber.gouv.fr/sites/default/files/document/linux_configuration-en-v2.pdf">R31</reference>
            <reference href="https://www.cyber.gov.au/acsc/view-all-content/ism">0421</reference>
            <reference href="https://www.cyber.gov.au/acsc/view-all-content/ism">0422</reference>
            <reference href="https://www.cyber.gov.au/acsc/view-all-content/ism">0974</reference>
            <reference href="https://www.cyber.gov.au/acsc/view-all-content/ism">1173</reference>
            <reference href="https://www.cyber.gov.au/acsc/view-all-content/ism">1401</reference>
            <reference href="https://www.cyber.gov.au/acsc/view-all-content/ism">1504</reference>
            <reference href="https://www.cyber.gov.au/acsc/view-all-content/ism">1505</reference>
            <reference href="https://www.cyber.gov.au/acsc/view-all-content/ism">1546</reference>
            <reference href="https://www.cyber.gov.au/acsc/view-all-content/ism">1557</reference>
            <reference href="https://www.cyber.gov.au/acsc/view-all-content/ism">1558</reference>
            <reference href="https://www.cyber.gov.au/acsc/view-all-content/ism">1559</reference>
            <reference href="https://www.cyber.gov.au/acsc/view-all-content/ism">1560</reference>
            <reference href="https://www.cyber.gov.au/acsc/view-all-content/ism">1561</reference>
            <rationale xmlns:xhtml="http://www.w3.org/1999/xhtml" xml:lang="en-US">By limiting the number of failed logon attempts, the risk of unauthorized system access via
user password guessing, also known as brute-forcing, is reduced. Limits are imposed by locking
the account.</rationale>
            <platform idref="#os_linux_sles_le_15_7_and_package_pam"/>
            <ident system="https://ncp.nist.gov/cce">CCE-91281-6</ident>
            <fix xmlns:xhtml="http://www.w3.org/1999/xhtml" id="accounts_passwords_pam_tally2_deny_root" system="urn:xccdf:fix:script:sh" complexity="low" disruption="low" strategy="restrict"># Remediation is applicable only in certain platforms
if rpm --quiet -q kernel-default || rpm --quiet -q kernel-default-base &amp;&amp; { ( grep -qP "^ID=[\"']?sles[\"']?$" "/etc/os-release" &amp;&amp; { real="$(grep -P "^VERSION_ID=[\"']?[\w.]+[\"']?$" /etc/os-release | sed "s/^VERSION_ID=[\"']\?\([^\"']\+\)[\"']\?$/\1/")"; expected="15.7"; [[ "$real" != "$expected" ]] &amp;&amp; printf "%s\n%s" "$real" "$expected" | sort -VC; } &amp;&amp; rpm --quiet -q pam ); }; then

var_password_pam_tally2='<xccdf-1.2:sub xmlns:xccdf-1.2="http://checklists.nist.gov/xccdf/1.2" idref="xccdf_org.ssgproject.content_value_var_password_pam_tally2" use="legacy"/>'




if ! grep -qP "^\s*auth\s+required\s+pam_tally2.so\s*.*" "/etc/pam.d/login"; then
    # Line matching group + control + module was not found. Check group + module.
    if [ "$(grep -cP '^\s*auth\s+.*\s+pam_tally2.so\s*' "/etc/pam.d/login")" -eq 1 ]; then
        # The control is updated only if one single line matches.
        sed -i -E --follow-symlinks "s/^(\s*auth\s+).*(\bpam_tally2.so.*)/\1required \2/" "/etc/pam.d/login"
    else
        echo "auth    required    pam_tally2.so" &gt;&gt; "/etc/pam.d/login"
    fi
fi
# Check the option
if ! grep -qP "^\s*auth\s+required\s+pam_tally2.so\s*.*\sdeny\b" "/etc/pam.d/login"; then
    sed -i -E --follow-symlinks "/\s*auth\s+required\s+pam_tally2.so.*/ s/$/ deny=${var_password_pam_tally2}/" "/etc/pam.d/login"
else
    sed -i -E --follow-symlinks "s/(\s*auth\s+required\s+pam_tally2.so\s+.*)(deny=)[[:alnum:]]*\s*(.*)/\1\2${var_password_pam_tally2} \3/" "/etc/pam.d/login"
fi


if ! grep -qP "^\s*auth\s+required\s+pam_tally2.so\s*.*" "/etc/pam.d/login"; then
    # Line matching group + control + module was not found. Check group + module.
    if [ "$(grep -cP '^\s*auth\s+.*\s+pam_tally2.so\s*' "/etc/pam.d/login")" -eq 1 ]; then
        # The control is updated only if one single line matches.
        sed -i -E --follow-symlinks "s/^(\s*auth\s+).*(\bpam_tally2.so.*)/\1required \2/" "/etc/pam.d/login"
    else
        echo "auth    required    pam_tally2.so" &gt;&gt; "/etc/pam.d/login"
    fi
fi
# Check the option
if ! grep -qP "^\s*auth\s+required\s+pam_tally2.so\s*.*\seven_deny_root\b" "/etc/pam.d/login"; then
    sed -i -E --follow-symlinks "/\s*auth\s+required\s+pam_tally2.so.*/ s/$/ even_deny_root/" "/etc/pam.d/login"
fi


if ! grep -qP "^\s*account\s+required\s+pam_tally2.so\s*.*" "/etc/pam.d/common-account"; then
    # Line matching group + control + module was not found. Check group + module.
    if [ "$(grep -cP '^\s*account\s+.*\s+pam_tally2.so\s*' "/etc/pam.d/common-account")" -eq 1 ]; then
        # The control is updated only if one single line matches.
        sed -i -E --follow-symlinks "s/^(\s*account\s+).*(\bpam_tally2.so.*)/\1required \2/" "/etc/pam.d/common-account"
    else
        echo "account    required    pam_tally2.so" &gt;&gt; "/etc/pam.d/common-account"
    fi
fi
# Check the option
if ! grep -qP "^\s*account\s+required\s+pam_tally2.so\s*.*\s\b" "/etc/pam.d/common-account"; then
    sed -i -E --follow-symlinks "/\s*account\s+required\s+pam_tally2.so.*/ s/$/ /" "/etc/pam.d/common-account"
fi

else
    &gt;&amp;2 echo 'Remediation is not applicable, nothing was done'
fi
</fix>
            <fix xmlns:xhtml="http://www.w3.org/1999/xhtml" id="accounts_passwords_pam_tally2_deny_root" system="urn:xccdf:fix:script:ansible" complexity="low" disruption="low" strategy="restrict">- name: Gather the package facts
  package_facts:
    manager: auto
  tags:
  - CCE-91281-6
  - NIST-800-53-AC-7(b)
  - NIST-800-53-CM-6(a)
  - NIST-800-53-IA-5(c)
  - accounts_passwords_pam_tally2_deny_root
  - low_complexity
  - low_disruption
  - medium_severity
  - no_reboot_needed
  - restrict_strategy
- name: XCCDF Value var_password_pam_tally2 # promote to variable
  set_fact:
    var_password_pam_tally2: !!str <xccdf-1.2:sub xmlns:xccdf-1.2="http://checklists.nist.gov/xccdf/1.2" idref="xccdf_org.ssgproject.content_value_var_password_pam_tally2" use="legacy"/>
  tags:
    - always

- name: Configure the root Account lock for Failed Password Attempts via pam_tally2
    - Define a fact for control already filtered in case filters are used
  ansible.builtin.set_fact:
    pam_module_control: required
  when:
  - ("kernel-default" in ansible_facts.packages or "kernel-default-base" in ansible_facts.packages)
  - ( ansible_distribution == 'SLES' and ansible_distribution_version is version('15.7',
    '&lt;') and "pam" in ansible_facts.packages )
  tags:
  - CCE-91281-6
  - NIST-800-53-AC-7(b)
  - NIST-800-53-CM-6(a)
  - NIST-800-53-IA-5(c)
  - accounts_passwords_pam_tally2_deny_root
  - low_complexity
  - low_disruption
  - medium_severity
  - no_reboot_needed
  - restrict_strategy

- name: Configure the root Account lock for Failed Password Attempts via pam_tally2
    - Check if expected PAM module line is present in /etc/pam.d/login
  ansible.builtin.lineinfile:
    path: /etc/pam.d/login
    regexp: ^\s*auth\s+{{ pam_module_control | regex_escape() }}\s+pam_tally2.so\s*.*
    state: absent
  check_mode: true
  changed_when: false
  register: result_pam_line_present
  when:
  - ("kernel-default" in ansible_facts.packages or "kernel-default-base" in ansible_facts.packages)
  - ( ansible_distribution == 'SLES' and ansible_distribution_version is version('15.7',
    '&lt;') and "pam" in ansible_facts.packages )
  tags:
  - CCE-91281-6
  - NIST-800-53-AC-7(b)
  - NIST-800-53-CM-6(a)
  - NIST-800-53-IA-5(c)
  - accounts_passwords_pam_tally2_deny_root
  - low_complexity
  - low_disruption
  - medium_severity
  - no_reboot_needed
  - restrict_strategy

- name: Configure the root Account lock for Failed Password Attempts via pam_tally2
    - Include or update the PAM module line in /etc/pam.d/login
  block:

  - name: Configure the root Account lock for Failed Password Attempts via pam_tally2
      - Check if required PAM module line is present in /etc/pam.d/login with different
      control
    ansible.builtin.lineinfile:
      path: /etc/pam.d/login
      regexp: ^\s*auth\s+.*\s+pam_tally2.so\s*
      state: absent
    check_mode: true
    changed_when: false
    register: result_pam_line_other_control_present

  - name: Configure the root Account lock for Failed Password Attempts via pam_tally2
      - Ensure the correct control for the required PAM module line in /etc/pam.d/login
    ansible.builtin.replace:
      dest: /etc/pam.d/login
      regexp: ^(\s*auth\s+).*(\bpam_tally2.so.*)
      replace: \1{{ pam_module_control }} \2
    register: result_pam_module_edit
    when:
    - result_pam_line_other_control_present.found == 1

  - name: Configure the root Account lock for Failed Password Attempts via pam_tally2
      - Ensure the required PAM module line is included in /etc/pam.d/login
    ansible.builtin.lineinfile:
      dest: /etc/pam.d/login
      line: auth    {{ pam_module_control }}    pam_tally2.so
    register: result_pam_module_add
    when:
    - result_pam_line_other_control_present.found == 0 or result_pam_line_other_control_present.found
      &gt; 1

  - name: Configure the root Account lock for Failed Password Attempts via pam_tally2
      - Ensure authselect changes are applied
    ansible.builtin.command:
      cmd: authselect apply-changes -b
    when:
    - result_authselect_present is defined
    - result_authselect_present.stat.exists
    - |-
      (result_pam_module_add is defined and result_pam_module_add.changed)
       or (result_pam_module_edit is defined and result_pam_module_edit.changed)
  when:
  - ("kernel-default" in ansible_facts.packages or "kernel-default-base" in ansible_facts.packages)
  - ( ansible_distribution == 'SLES' and ansible_distribution_version is version('15.7',
    '&lt;') and "pam" in ansible_facts.packages )
  - result_pam_line_present.found is defined
  - result_pam_line_present.found == 0
  tags:
  - CCE-91281-6
  - NIST-800-53-AC-7(b)
  - NIST-800-53-CM-6(a)
  - NIST-800-53-IA-5(c)
  - accounts_passwords_pam_tally2_deny_root
  - low_complexity
  - low_disruption
  - medium_severity
  - no_reboot_needed
  - restrict_strategy

- name: Configure the root Account lock for Failed Password Attempts via pam_tally2
    - Define a fact for control already filtered in case filters are used
  ansible.builtin.set_fact:
    pam_module_control: required
  when:
  - ("kernel-default" in ansible_facts.packages or "kernel-default-base" in ansible_facts.packages)
  - ( ansible_distribution == 'SLES' and ansible_distribution_version is version('15.7',
    '&lt;') and "pam" in ansible_facts.packages )
  tags:
  - CCE-91281-6
  - NIST-800-53-AC-7(b)
  - NIST-800-53-CM-6(a)
  - NIST-800-53-IA-5(c)
  - accounts_passwords_pam_tally2_deny_root
  - low_complexity
  - low_disruption
  - medium_severity
  - no_reboot_needed
  - restrict_strategy

- name: Configure the root Account lock for Failed Password Attempts via pam_tally2
    - Check if the required PAM module option is present in /etc/pam.d/login
  ansible.builtin.lineinfile:
    path: /etc/pam.d/login
    regexp: ^\s*auth\s+{{ pam_module_control | regex_escape() }}\s+pam_tally2.so\s*.*\sdeny\b
    state: absent
  check_mode: true
  changed_when: false
  register: result_pam_module_accounts_passwords_pam_tally2_deny_root_option_present
  when:
  - ("kernel-default" in ansible_facts.packages or "kernel-default-base" in ansible_facts.packages)
  - ( ansible_distribution == 'SLES' and ansible_distribution_version is version('15.7',
    '&lt;') and "pam" in ansible_facts.packages )
  tags:
  - CCE-91281-6
  - NIST-800-53-AC-7(b)
  - NIST-800-53-CM-6(a)
  - NIST-800-53-IA-5(c)
  - accounts_passwords_pam_tally2_deny_root
  - low_complexity
  - low_disruption
  - medium_severity
  - no_reboot_needed
  - restrict_strategy

- name: Configure the root Account lock for Failed Password Attempts via pam_tally2
    - Ensure the "deny" PAM option for "pam_tally2.so" is included in /etc/pam.d/login
  ansible.builtin.lineinfile:
    path: /etc/pam.d/login
    backrefs: true
    regexp: ^(\s*auth\s+{{ pam_module_control | regex_escape() }}\s+pam_tally2.so.*)
    line: \1 deny={{ var_password_pam_tally2 }}
    state: present
  register: result_pam_accounts_passwords_pam_tally2_deny_root_add
  when:
  - ("kernel-default" in ansible_facts.packages or "kernel-default-base" in ansible_facts.packages)
  - ( ansible_distribution == 'SLES' and ansible_distribution_version is version('15.7',
    '&lt;') and "pam" in ansible_facts.packages )
  - result_pam_module_accounts_passwords_pam_tally2_deny_root_option_present.found
    is defined
  - result_pam_module_accounts_passwords_pam_tally2_deny_root_option_present.found
    == 0
  tags:
  - CCE-91281-6
  - NIST-800-53-AC-7(b)
  - NIST-800-53-CM-6(a)
  - NIST-800-53-IA-5(c)
  - accounts_passwords_pam_tally2_deny_root
  - low_complexity
  - low_disruption
  - medium_severity
  - no_reboot_needed
  - restrict_strategy

- name: Configure the root Account lock for Failed Password Attempts via pam_tally2
    - Ensure the required value for "deny" PAM option from "pam_tally2.so" in /etc/pam.d/login
  ansible.builtin.lineinfile:
    path: /etc/pam.d/login
    backrefs: true
    regexp: ^(\s*auth\s+{{ pam_module_control | regex_escape() }}\s+pam_tally2.so\s+.*)(deny)=[0-9a-zA-Z]*\s*(.*)
    line: \1\2={{ var_password_pam_tally2 }} \3
  register: result_pam_accounts_passwords_pam_tally2_deny_root_edit
  when:
  - ("kernel-default" in ansible_facts.packages or "kernel-default-base" in ansible_facts.packages)
  - ( ansible_distribution == 'SLES' and ansible_distribution_version is version('15.7',
    '&lt;') and "pam" in ansible_facts.packages )
  - result_pam_module_accounts_passwords_pam_tally2_deny_root_option_present.found
    &gt; 0
  tags:
  - CCE-91281-6
  - NIST-800-53-AC-7(b)
  - NIST-800-53-CM-6(a)
  - NIST-800-53-IA-5(c)
  - accounts_passwords_pam_tally2_deny_root
  - low_complexity
  - low_disruption
  - medium_severity
  - no_reboot_needed
  - restrict_strategy

- name: Configure the root Account lock for Failed Password Attempts via pam_tally2
    - Define a fact for control already filtered in case filters are used
  ansible.builtin.set_fact:
    pam_module_control: required
  when:
  - ("kernel-default" in ansible_facts.packages or "kernel-default-base" in ansible_facts.packages)
  - ( ansible_distribution == 'SLES' and ansible_distribution_version is version('15.7',
    '&lt;') and "pam" in ansible_facts.packages )
  tags:
  - CCE-91281-6
  - NIST-800-53-AC-7(b)
  - NIST-800-53-CM-6(a)
  - NIST-800-53-IA-5(c)
  - accounts_passwords_pam_tally2_deny_root
  - low_complexity
  - low_disruption
  - medium_severity
  - no_reboot_needed
  - restrict_strategy

- name: Configure the root Account lock for Failed Password Attempts via pam_tally2
    - Check if expected PAM module line is present in /etc/pam.d/login
  ansible.builtin.lineinfile:
    path: /etc/pam.d/login
    regexp: ^\s*auth\s+{{ pam_module_control | regex_escape() }}\s+pam_tally2.so\s*.*
    state: absent
  check_mode: true
  changed_when: false
  register: result_pam_line_present
  when:
  - ("kernel-default" in ansible_facts.packages or "kernel-default-base" in ansible_facts.packages)
  - ( ansible_distribution == 'SLES' and ansible_distribution_version is version('15.7',
    '&lt;') and "pam" in ansible_facts.packages )
  tags:
  - CCE-91281-6
  - NIST-800-53-AC-7(b)
  - NIST-800-53-CM-6(a)
  - NIST-800-53-IA-5(c)
  - accounts_passwords_pam_tally2_deny_root
  - low_complexity
  - low_disruption
  - medium_severity
  - no_reboot_needed
  - restrict_strategy

- name: Configure the root Account lock for Failed Password Attempts via pam_tally2
    - Include or update the PAM module line in /etc/pam.d/login
  block:

  - name: Configure the root Account lock for Failed Password Attempts via pam_tally2
      - Check if required PAM module line is present in /etc/pam.d/login with different
      control
    ansible.builtin.lineinfile:
      path: /etc/pam.d/login
      regexp: ^\s*auth\s+.*\s+pam_tally2.so\s*
      state: absent
    check_mode: true
    changed_when: false
    register: result_pam_line_other_control_present

  - name: Configure the root Account lock for Failed Password Attempts via pam_tally2
      - Ensure the correct control for the required PAM module line in /etc/pam.d/login
    ansible.builtin.replace:
      dest: /etc/pam.d/login
      regexp: ^(\s*auth\s+).*(\bpam_tally2.so.*)
      replace: \1{{ pam_module_control }} \2
    register: result_pam_module_edit
    when:
    - result_pam_line_other_control_present.found == 1

  - name: Configure the root Account lock for Failed Password Attempts via pam_tally2
      - Ensure the required PAM module line is included in /etc/pam.d/login
    ansible.builtin.lineinfile:
      dest: /etc/pam.d/login
      line: auth    {{ pam_module_control }}    pam_tally2.so
    register: result_pam_module_add
    when:
    - result_pam_line_other_control_present.found == 0 or result_pam_line_other_control_present.found
      &gt; 1

  - name: Configure the root Account lock for Failed Password Attempts via pam_tally2
      - Ensure authselect changes are applied
    ansible.builtin.command:
      cmd: authselect apply-changes -b
    when:
    - result_authselect_present is defined
    - result_authselect_present.stat.exists
    - |-
      (result_pam_module_add is defined and result_pam_module_add.changed)
       or (result_pam_module_edit is defined and result_pam_module_edit.changed)
  when:
  - ("kernel-default" in ansible_facts.packages or "kernel-default-base" in ansible_facts.packages)
  - ( ansible_distribution == 'SLES' and ansible_distribution_version is version('15.7',
    '&lt;') and "pam" in ansible_facts.packages )
  - result_pam_line_present.found is defined
  - result_pam_line_present.found == 0
  tags:
  - CCE-91281-6
  - NIST-800-53-AC-7(b)
  - NIST-800-53-CM-6(a)
  - NIST-800-53-IA-5(c)
  - accounts_passwords_pam_tally2_deny_root
  - low_complexity
  - low_disruption
  - medium_severity
  - no_reboot_needed
  - restrict_strategy

- name: Configure the root Account lock for Failed Password Attempts via pam_tally2
    - Define a fact for control already filtered in case filters are used
  ansible.builtin.set_fact:
    pam_module_control: required
  when:
  - ("kernel-default" in ansible_facts.packages or "kernel-default-base" in ansible_facts.packages)
  - ( ansible_distribution == 'SLES' and ansible_distribution_version is version('15.7',
    '&lt;') and "pam" in ansible_facts.packages )
  tags:
  - CCE-91281-6
  - NIST-800-53-AC-7(b)
  - NIST-800-53-CM-6(a)
  - NIST-800-53-IA-5(c)
  - accounts_passwords_pam_tally2_deny_root
  - low_complexity
  - low_disruption
  - medium_severity
  - no_reboot_needed
  - restrict_strategy

- name: Configure the root Account lock for Failed Password Attempts via pam_tally2
    - Check if the required PAM module option is present in /etc/pam.d/login
  ansible.builtin.lineinfile:
    path: /etc/pam.d/login
    regexp: ^\s*auth\s+{{ pam_module_control | regex_escape() }}\s+pam_tally2.so\s*.*\seven_deny_root\b
    state: absent
  check_mode: true
  changed_when: false
  register: result_pam_module_accounts_passwords_pam_tally2_deny_root_option_present
  when:
  - ("kernel-default" in ansible_facts.packages or "kernel-default-base" in ansible_facts.packages)
  - ( ansible_distribution == 'SLES' and ansible_distribution_version is version('15.7',
    '&lt;') and "pam" in ansible_facts.packages )
  tags:
  - CCE-91281-6
  - NIST-800-53-AC-7(b)
  - NIST-800-53-CM-6(a)
  - NIST-800-53-IA-5(c)
  - accounts_passwords_pam_tally2_deny_root
  - low_complexity
  - low_disruption
  - medium_severity
  - no_reboot_needed
  - restrict_strategy

- name: Configure the root Account lock for Failed Password Attempts via pam_tally2
    - Ensure the "even_deny_root" PAM option for "pam_tally2.so" is included in /etc/pam.d/login
  ansible.builtin.lineinfile:
    path: /etc/pam.d/login
    backrefs: true
    regexp: ^(\s*auth\s+{{ pam_module_control | regex_escape() }}\s+pam_tally2.so.*)
    line: \1 even_deny_root
    state: present
  register: result_pam_accounts_passwords_pam_tally2_deny_root_add
  when:
  - ("kernel-default" in ansible_facts.packages or "kernel-default-base" in ansible_facts.packages)
  - ( ansible_distribution == 'SLES' and ansible_distribution_version is version('15.7',
    '&lt;') and "pam" in ansible_facts.packages )
  - result_pam_module_accounts_passwords_pam_tally2_deny_root_option_present.found
    is defined
  - result_pam_module_accounts_passwords_pam_tally2_deny_root_option_present.found
    == 0
  tags:
  - CCE-91281-6
  - NIST-800-53-AC-7(b)
  - NIST-800-53-CM-6(a)
  - NIST-800-53-IA-5(c)
  - accounts_passwords_pam_tally2_deny_root
  - low_complexity
  - low_disruption
  - medium_severity
  - no_reboot_needed
  - restrict_strategy

- name: Configure the root Account lock for Failed Password Attempts via pam_tally2
    - Define a fact for control already filtered in case filters are used
  ansible.builtin.set_fact:
    pam_module_control: required
  when:
  - ("kernel-default" in ansible_facts.packages or "kernel-default-base" in ansible_facts.packages)
  - ( ansible_distribution == 'SLES' and ansible_distribution_version is version('15.7',
    '&lt;') and "pam" in ansible_facts.packages )
  tags:
  - CCE-91281-6
  - NIST-800-53-AC-7(b)
  - NIST-800-53-CM-6(a)
  - NIST-800-53-IA-5(c)
  - accounts_passwords_pam_tally2_deny_root
  - low_complexity
  - low_disruption
  - medium_severity
  - no_reboot_needed
  - restrict_strategy

- name: Configure the root Account lock for Failed Password Attempts via pam_tally2
    - Check if expected PAM module line is present in /etc/pam.d/common-account
  ansible.builtin.lineinfile:
    path: /etc/pam.d/common-account
    regexp: ^\s*account\s+{{ pam_module_control | regex_escape() }}\s+pam_tally2.so\s*.*
    state: absent
  check_mode: true
  changed_when: false
  register: result_pam_line_present
  when:
  - ("kernel-default" in ansible_facts.packages or "kernel-default-base" in ansible_facts.packages)
  - ( ansible_distribution == 'SLES' and ansible_distribution_version is version('15.7',
    '&lt;') and "pam" in ansible_facts.packages )
  tags:
  - CCE-91281-6
  - NIST-800-53-AC-7(b)
  - NIST-800-53-CM-6(a)
  - NIST-800-53-IA-5(c)
  - accounts_passwords_pam_tally2_deny_root
  - low_complexity
  - low_disruption
  - medium_severity
  - no_reboot_needed
  - restrict_strategy

- name: Configure the root Account lock for Failed Password Attempts via pam_tally2
    - Include or update the PAM module line in /etc/pam.d/common-account
  block:

  - name: Configure the root Account lock for Failed Password Attempts via pam_tally2
      - Check if required PAM module line is present in /etc/pam.d/common-account
      with different control
    ansible.builtin.lineinfile:
      path: /etc/pam.d/common-account
      regexp: ^\s*account\s+.*\s+pam_tally2.so\s*
      state: absent
    check_mode: true
    changed_when: false
    register: result_pam_line_other_control_present

  - name: Configure the root Account lock for Failed Password Attempts via pam_tally2
      - Ensure the correct control for the required PAM module line in /etc/pam.d/common-account
    ansible.builtin.replace:
      dest: /etc/pam.d/common-account
      regexp: ^(\s*account\s+).*(\bpam_tally2.so.*)
      replace: \1{{ pam_module_control }} \2
    register: result_pam_module_edit
    when:
    - result_pam_line_other_control_present.found == 1

  - name: Configure the root Account lock for Failed Password Attempts via pam_tally2
      - Ensure the required PAM module line is included in /etc/pam.d/common-account
    ansible.builtin.lineinfile:
      dest: /etc/pam.d/common-account
      line: account    {{ pam_module_control }}    pam_tally2.so
    register: result_pam_module_add
    when:
    - result_pam_line_other_control_present.found == 0 or result_pam_line_other_control_present.found
      &gt; 1

  - name: Configure the root Account lock for Failed Password Attempts via pam_tally2
      - Ensure authselect changes are applied
    ansible.builtin.command:
      cmd: authselect apply-changes -b
    when:
    - result_authselect_present is defined
    - result_authselect_present.stat.exists
    - |-
      (result_pam_module_add is defined and result_pam_module_add.changed)
       or (result_pam_module_edit is defined and result_pam_module_edit.changed)
  when:
  - ("kernel-default" in ansible_facts.packages or "kernel-default-base" in ansible_facts.packages)
  - ( ansible_distribution == 'SLES' and ansible_distribution_version is version('15.7',
    '&lt;') and "pam" in ansible_facts.packages )
  - result_pam_line_present.found is defined
  - result_pam_line_present.found == 0
  tags:
  - CCE-91281-6
  - NIST-800-53-AC-7(b)
  - NIST-800-53-CM-6(a)
  - NIST-800-53-IA-5(c)
  - accounts_passwords_pam_tally2_deny_root
  - low_complexity
  - low_disruption
  - medium_severity
  - no_reboot_needed
  - restrict_strategy

- name: Configure the root Account lock for Failed Password Attempts via pam_tally2
    - Define a fact for control already filtered in case filters are used
  ansible.builtin.set_fact:
    pam_module_control: required
  when:
  - ("kernel-default" in ansible_facts.packages or "kernel-default-base" in ansible_facts.packages)
  - ( ansible_distribution == 'SLES' and ansible_distribution_version is version('15.7',
    '&lt;') and "pam" in ansible_facts.packages )
  tags:
  - CCE-91281-6
  - NIST-800-53-AC-7(b)
  - NIST-800-53-CM-6(a)
  - NIST-800-53-IA-5(c)
  - accounts_passwords_pam_tally2_deny_root
  - low_complexity
  - low_disruption
  - medium_severity
  - no_reboot_needed
  - restrict_strategy

- name: Configure the root Account lock for Failed Password Attempts via pam_tally2
    - Check if the required PAM module option is present in /etc/pam.d/common-account
  ansible.builtin.lineinfile:
    path: /etc/pam.d/common-account
    regexp: ^\s*account\s+{{ pam_module_control | regex_escape() }}\s+pam_tally2.so\s*.*\s\b
    state: absent
  check_mode: true
  changed_when: false
  register: result_pam_module_accounts_passwords_pam_tally2_deny_root_option_present
  when:
  - ("kernel-default" in ansible_facts.packages or "kernel-default-base" in ansible_facts.packages)
  - ( ansible_distribution == 'SLES' and ansible_distribution_version is version('15.7',
    '&lt;') and "pam" in ansible_facts.packages )
  tags:
  - CCE-91281-6
  - NIST-800-53-AC-7(b)
  - NIST-800-53-CM-6(a)
  - NIST-800-53-IA-5(c)
  - accounts_passwords_pam_tally2_deny_root
  - low_complexity
  - low_disruption
  - medium_severity
  - no_reboot_needed
  - restrict_strategy

- name: Configure the root Account lock for Failed Password Attempts via pam_tally2
    - Ensure the "" PAM option for "pam_tally2.so" is included in /etc/pam.d/common-account
  ansible.builtin.lineinfile:
    path: /etc/pam.d/common-account
    backrefs: true
    regexp: ^(\s*account\s+{{ pam_module_control | regex_escape() }}\s+pam_tally2.so.*)
    line: \1
    state: present
  register: result_pam_accounts_passwords_pam_tally2_deny_root_add
  when:
  - ("kernel-default" in ansible_facts.packages or "kernel-default-base" in ansible_facts.packages)
  - ( ansible_distribution == 'SLES' and ansible_distribution_version is version('15.7',
    '&lt;') and "pam" in ansible_facts.packages )
  - result_pam_module_accounts_passwords_pam_tally2_deny_root_option_present.found
    is defined
  - result_pam_module_accounts_passwords_pam_tally2_deny_root_option_present.found
    == 0
  tags:
  - CCE-91281-6
  - NIST-800-53-AC-7(b)
  - NIST-800-53-CM-6(a)
  - NIST-800-53-IA-5(c)
  - accounts_passwords_pam_tally2_deny_root
  - low_complexity
  - low_disruption
  - medium_severity
  - no_reboot_needed
  - restrict_strategy
</fix>
            <check system="http://oval.mitre.org/XMLSchema/oval-definitions-5">
              <check-content-ref name="oval:ssg-accounts_passwords_pam_tally2_deny_root:def:1" href="ssg-sle15-oval.xml"/>
            </check>
            <check system="http://scap.nist.gov/schema/ocil/2">
              <check-content-ref name="ocil:ssg-accounts_passwords_pam_tally2_deny_root_ocil:questionnaire:1" href="ssg-sle15-ocil.xml"/>
            </check>
          </Rule>
          <Rule id="xccdf_org.ssgproject.content_rule_accounts_passwords_pam_tally2_unlock_time" selected="false" role="full" severity="medium">
            <title xmlns:xhtml="http://www.w3.org/1999/xhtml" xml:lang="en-US">Set Lockout Time for Failed Password Attempts using pam_tally2</title>
            <description xmlns:xhtml="http://www.w3.org/1999/xhtml" xml:lang="en-US">This rule configures the system to lock out accounts during a specified time period after a
number of incorrect login attempts using <html:code xmlns:html="http://www.w3.org/1999/xhtml">pam_tally2.so</html:code>.</description>
            <reference href="https://www.cisecurity.org/controls/">1</reference>
            <reference href="https://www.cisecurity.org/controls/">12</reference>
            <reference href="https://www.cisecurity.org/controls/">15</reference>
            <reference href="https://www.cisecurity.org/controls/">16</reference>
            <reference href="https://www.isaca.org/resources/cobit">DSS05.04</reference>
            <reference href="https://www.isaca.org/resources/cobit">DSS05.10</reference>
            <reference href="https://www.isaca.org/resources/cobit">DSS06.10</reference>
            <reference href="https://www.isa.org/products/isa-62443-2-1-2009-security-for-industrial-automat">4.3.3.6.1</reference>
            <reference href="https://www.isa.org/products/isa-62443-2-1-2009-security-for-industrial-automat">4.3.3.6.2</reference>
            <reference href="https://www.isa.org/products/isa-62443-2-1-2009-security-for-industrial-automat">4.3.3.6.3</reference>
            <reference href="https://www.isa.org/products/isa-62443-2-1-2009-security-for-industrial-automat">4.3.3.6.4</reference>
            <reference href="https://www.isa.org/products/isa-62443-2-1-2009-security-for-industrial-automat">4.3.3.6.5</reference>
            <reference href="https://www.isa.org/products/isa-62443-2-1-2009-security-for-industrial-automat">4.3.3.6.6</reference>
            <reference href="https://www.isa.org/products/isa-62443-2-1-2009-security-for-industrial-automat">4.3.3.6.7</reference>
            <reference href="https://www.isa.org/products/isa-62443-2-1-2009-security-for-industrial-automat">4.3.3.6.8</reference>
            <reference href="https://www.isa.org/products/isa-62443-2-1-2009-security-for-industrial-automat">4.3.3.6.9</reference>
            <reference href="https://www.isa.org/products/ansi-isa-62443-3-3-99-03-03-2013-security-for-indu">SR 1.1</reference>
            <reference href="https://www.isa.org/products/ansi-isa-62443-3-3-99-03-03-2013-security-for-indu">SR 1.10</reference>
            <reference href="https://www.isa.org/products/ansi-isa-62443-3-3-99-03-03-2013-security-for-indu">SR 1.2</reference>
            <reference href="https://www.isa.org/products/ansi-isa-62443-3-3-99-03-03-2013-security-for-indu">SR 1.5</reference>
            <reference href="https://www.isa.org/products/ansi-isa-62443-3-3-99-03-03-2013-security-for-indu">SR 1.7</reference>
            <reference href="https://www.isa.org/products/ansi-isa-62443-3-3-99-03-03-2013-security-for-indu">SR 1.8</reference>
            <reference href="https://www.isa.org/products/ansi-isa-62443-3-3-99-03-03-2013-security-for-indu">SR 1.9</reference>
            <reference href="https://www.iso.org/contents/data/standard/05/45/54534.html">A.18.1.4</reference>
            <reference href="https://www.iso.org/contents/data/standard/05/45/54534.html">A.9.2.1</reference>
            <reference href="https://www.iso.org/contents/data/standard/05/45/54534.html">A.9.2.4</reference>
            <reference href="https://www.iso.org/contents/data/standard/05/45/54534.html">A.9.3.1</reference>
            <reference href="https://www.iso.org/contents/data/standard/05/45/54534.html">A.9.4.2</reference>
            <reference href="https://www.iso.org/contents/data/standard/05/45/54534.html">A.9.4.3</reference>
            <reference href="http://nvlpubs.nist.gov/nistpubs/SpecialPublications/NIST.SP.800-53r4.pdf">CM-6(a)</reference>
            <reference href="http://nvlpubs.nist.gov/nistpubs/SpecialPublications/NIST.SP.800-53r4.pdf">AC-7(b)</reference>
            <reference href="http://nvlpubs.nist.gov/nistpubs/SpecialPublications/NIST.SP.800-53r4.pdf">IA-5(c)</reference>
            <reference href="https://nvlpubs.nist.gov/nistpubs/CSWP/NIST.CSWP.04162018.pdf">PR.AC-7</reference>
            <reference href="https://www.pcisecuritystandards.org/documents/PCI_DSS_v3-2-1.pdf">Req-8.1.7</reference>
            <reference href="https://www.cyber.mil/stigs/downloads/?_dl_facet_stigs=operating-systems%2Cgeneral-purpose-os">SRG-OS-000329-GPOS-00128</reference>
            <reference href="https://www.cyber.mil/stigs/downloads/?_dl_facet_stigs=operating-systems%2Cgeneral-purpose-os">SRG-OS-000021-GPOS-00005</reference>
            <reference href="https://www.cisecurity.org/benchmark/suse_linux/">5.3.2</reference>
            <reference href="https://cyber.gouv.fr/sites/default/files/document/linux_configuration-en-v2.pdf">R31</reference>
            <reference href="https://www.cyber.gov.au/acsc/view-all-content/ism">0421</reference>
            <reference href="https://www.cyber.gov.au/acsc/view-all-content/ism">0422</reference>
            <reference href="https://www.cyber.gov.au/acsc/view-all-content/ism">0974</reference>
            <reference href="https://www.cyber.gov.au/acsc/view-all-content/ism">1173</reference>
            <reference href="https://www.cyber.gov.au/acsc/view-all-content/ism">1401</reference>
            <reference href="https://www.cyber.gov.au/acsc/view-all-content/ism">1504</reference>
            <reference href="https://www.cyber.gov.au/acsc/view-all-content/ism">1505</reference>
            <reference href="https://www.cyber.gov.au/acsc/view-all-content/ism">1546</reference>
            <reference href="https://www.cyber.gov.au/acsc/view-all-content/ism">1557</reference>
            <reference href="https://www.cyber.gov.au/acsc/view-all-content/ism">1558</reference>
            <reference href="https://www.cyber.gov.au/acsc/view-all-content/ism">1559</reference>
            <reference href="https://www.cyber.gov.au/acsc/view-all-content/ism">1560</reference>
            <reference href="https://www.cyber.gov.au/acsc/view-all-content/ism">1561</reference>
            <reference href="https://docs-prv.pcisecuritystandards.org/PCI%20DSS/Standard/PCI-DSS-v4_0.pdf">8.3.4</reference>
            <reference href="https://docs-prv.pcisecuritystandards.org/PCI%20DSS/Standard/PCI-DSS-v4_0.pdf">8.3</reference>
            <rationale xmlns:xhtml="http://www.w3.org/1999/xhtml" xml:lang="en-US">By limiting the number of failed logon attempts, the risk of unauthorized system access via
user password guessing, also known as brute-forcing, is reduced. Limits are imposed by locking
the account.</rationale>
            <platform idref="#os_linux_sles_le_15_7_and_package_pam"/>
            <ident system="https://ncp.nist.gov/cce">CCE-91282-4</ident>
            <fix xmlns:xhtml="http://www.w3.org/1999/xhtml" id="accounts_passwords_pam_tally2_unlock_time" system="urn:xccdf:fix:script:sh" complexity="low" disruption="low" strategy="restrict"># Remediation is applicable only in certain platforms
if rpm --quiet -q kernel-default || rpm --quiet -q kernel-default-base &amp;&amp; { ( grep -qP "^ID=[\"']?sles[\"']?$" "/etc/os-release" &amp;&amp; { real="$(grep -P "^VERSION_ID=[\"']?[\w.]+[\"']?$" /etc/os-release | sed "s/^VERSION_ID=[\"']\?\([^\"']\+\)[\"']\?$/\1/")"; expected="15.7"; [[ "$real" != "$expected" ]] &amp;&amp; printf "%s\n%s" "$real" "$expected" | sort -VC; } &amp;&amp; rpm --quiet -q pam ); }; then

var_accounts_passwords_pam_tally2_unlock_time='<xccdf-1.2:sub xmlns:xccdf-1.2="http://checklists.nist.gov/xccdf/1.2" idref="xccdf_org.ssgproject.content_value_var_accounts_passwords_pam_tally2_unlock_time" use="legacy"/>'

# Use a non-number regexp to force update of the value of the deny option


if ! grep -qP "^\s*auth\s+required\s+pam_tally2.so\s*.*" "/etc/pam.d/login"; then
    # Line matching group + control + module was not found. Check group + module.
    if [ "$(grep -cP '^\s*auth\s+.*\s+pam_tally2.so\s*' "/etc/pam.d/login")" -eq 1 ]; then
        # The control is updated only if one single line matches.
        sed -i -E --follow-symlinks "s/^(\s*auth\s+).*(\bpam_tally2.so.*)/\1required \2/" "/etc/pam.d/login"
    else
        echo "auth    required    pam_tally2.so" &gt;&gt; "/etc/pam.d/login"
    fi
fi
# Check the option
if ! grep -qP "^\s*auth\s+required\s+pam_tally2.so\s*.*\sunlock_time\b" "/etc/pam.d/login"; then
    sed -i -E --follow-symlinks "/\s*auth\s+required\s+pam_tally2.so.*/ s/$/ unlock_time=${var_accounts_passwords_pam_tally2_unlock_time}/" "/etc/pam.d/login"
else
    sed -i -E --follow-symlinks "s/(\s*auth\s+required\s+pam_tally2.so\s+.*)(unlock_time=)[[:alnum:]]*\s*(.*)/\1\2${var_accounts_passwords_pam_tally2_unlock_time} \3/" "/etc/pam.d/login"
fi


if ! grep -qP "^\s*account\s+required\s+pam_tally2.so\s*.*" "/etc/pam.d/common-account"; then
    # Line matching group + control + module was not found. Check group + module.
    if [ "$(grep -cP '^\s*account\s+.*\s+pam_tally2.so\s*' "/etc/pam.d/common-account")" -eq 1 ]; then
        # The control is updated only if one single line matches.
        sed -i -E --follow-symlinks "s/^(\s*account\s+).*(\bpam_tally2.so.*)/\1required \2/" "/etc/pam.d/common-account"
    else
        echo "account    required    pam_tally2.so" &gt;&gt; "/etc/pam.d/common-account"
    fi
fi
# Check the option
if ! grep -qP "^\s*account\s+required\s+pam_tally2.so\s*.*\s\b" "/etc/pam.d/common-account"; then
    sed -i -E --follow-symlinks "/\s*account\s+required\s+pam_tally2.so.*/ s/$/ /" "/etc/pam.d/common-account"
fi

else
    &gt;&amp;2 echo 'Remediation is not applicable, nothing was done'
fi
</fix>
            <fix xmlns:xhtml="http://www.w3.org/1999/xhtml" id="accounts_passwords_pam_tally2_unlock_time" system="urn:xccdf:fix:script:ansible" complexity="low" disruption="low" strategy="restrict">- name: Gather the package facts
  package_facts:
    manager: auto
  tags:
  - CCE-91282-4
  - NIST-800-53-AC-7(b)
  - NIST-800-53-CM-6(a)
  - NIST-800-53-IA-5(c)
  - PCI-DSS-Req-8.1.7
  - PCI-DSSv4-8.3
  - PCI-DSSv4-8.3.4
  - accounts_passwords_pam_tally2_unlock_time
  - low_complexity
  - low_disruption
  - medium_severity
  - no_reboot_needed
  - restrict_strategy
- name: XCCDF Value var_accounts_passwords_pam_tally2_unlock_time # promote to variable
  set_fact:
    var_accounts_passwords_pam_tally2_unlock_time: !!str <xccdf-1.2:sub xmlns:xccdf-1.2="http://checklists.nist.gov/xccdf/1.2" idref="xccdf_org.ssgproject.content_value_var_accounts_passwords_pam_tally2_unlock_time" use="legacy"/>
  tags:
    - always

- name: Set Lockout Time for Failed Password Attempts using pam_tally2 - Define a
    fact for control already filtered in case filters are used
  ansible.builtin.set_fact:
    pam_module_control: required
  when:
  - ("kernel-default" in ansible_facts.packages or "kernel-default-base" in ansible_facts.packages)
  - ( ansible_distribution == 'SLES' and ansible_distribution_version is version('15.7',
    '&lt;') and "pam" in ansible_facts.packages )
  tags:
  - CCE-91282-4
  - NIST-800-53-AC-7(b)
  - NIST-800-53-CM-6(a)
  - NIST-800-53-IA-5(c)
  - PCI-DSS-Req-8.1.7
  - PCI-DSSv4-8.3
  - PCI-DSSv4-8.3.4
  - accounts_passwords_pam_tally2_unlock_time
  - low_complexity
  - low_disruption
  - medium_severity
  - no_reboot_needed
  - restrict_strategy

- name: Set Lockout Time for Failed Password Attempts using pam_tally2 - Check if
    expected PAM module line is present in /etc/pam.d/login
  ansible.builtin.lineinfile:
    path: /etc/pam.d/login
    regexp: ^\s*auth\s+{{ pam_module_control | regex_escape() }}\s+pam_tally2.so\s*.*
    state: absent
  check_mode: true
  changed_when: false
  register: result_pam_line_present
  when:
  - ("kernel-default" in ansible_facts.packages or "kernel-default-base" in ansible_facts.packages)
  - ( ansible_distribution == 'SLES' and ansible_distribution_version is version('15.7',
    '&lt;') and "pam" in ansible_facts.packages )
  tags:
  - CCE-91282-4
  - NIST-800-53-AC-7(b)
  - NIST-800-53-CM-6(a)
  - NIST-800-53-IA-5(c)
  - PCI-DSS-Req-8.1.7
  - PCI-DSSv4-8.3
  - PCI-DSSv4-8.3.4
  - accounts_passwords_pam_tally2_unlock_time
  - low_complexity
  - low_disruption
  - medium_severity
  - no_reboot_needed
  - restrict_strategy

- name: Set Lockout Time for Failed Password Attempts using pam_tally2 - Include or
    update the PAM module line in /etc/pam.d/login
  block:

  - name: Set Lockout Time for Failed Password Attempts using pam_tally2 - Check if
      required PAM module line is present in /etc/pam.d/login with different control
    ansible.builtin.lineinfile:
      path: /etc/pam.d/login
      regexp: ^\s*auth\s+.*\s+pam_tally2.so\s*
      state: absent
    check_mode: true
    changed_when: false
    register: result_pam_line_other_control_present

  - name: Set Lockout Time for Failed Password Attempts using pam_tally2 - Ensure
      the correct control for the required PAM module line in /etc/pam.d/login
    ansible.builtin.replace:
      dest: /etc/pam.d/login
      regexp: ^(\s*auth\s+).*(\bpam_tally2.so.*)
      replace: \1{{ pam_module_control }} \2
    register: result_pam_module_edit
    when:
    - result_pam_line_other_control_present.found == 1

  - name: Set Lockout Time for Failed Password Attempts using pam_tally2 - Ensure
      the required PAM module line is included in /etc/pam.d/login
    ansible.builtin.lineinfile:
      dest: /etc/pam.d/login
      line: auth    {{ pam_module_control }}    pam_tally2.so
    register: result_pam_module_add
    when:
    - result_pam_line_other_control_present.found == 0 or result_pam_line_other_control_present.found
      &gt; 1

  - name: Set Lockout Time for Failed Password Attempts using pam_tally2 - Ensure
      authselect changes are applied
    ansible.builtin.command:
      cmd: authselect apply-changes -b
    when:
    - result_authselect_present is defined
    - result_authselect_present.stat.exists
    - |-
      (result_pam_module_add is defined and result_pam_module_add.changed)
       or (result_pam_module_edit is defined and result_pam_module_edit.changed)
  when:
  - ("kernel-default" in ansible_facts.packages or "kernel-default-base" in ansible_facts.packages)
  - ( ansible_distribution == 'SLES' and ansible_distribution_version is version('15.7',
    '&lt;') and "pam" in ansible_facts.packages )
  - result_pam_line_present.found is defined
  - result_pam_line_present.found == 0
  tags:
  - CCE-91282-4
  - NIST-800-53-AC-7(b)
  - NIST-800-53-CM-6(a)
  - NIST-800-53-IA-5(c)
  - PCI-DSS-Req-8.1.7
  - PCI-DSSv4-8.3
  - PCI-DSSv4-8.3.4
  - accounts_passwords_pam_tally2_unlock_time
  - low_complexity
  - low_disruption
  - medium_severity
  - no_reboot_needed
  - restrict_strategy

- name: Set Lockout Time for Failed Password Attempts using pam_tally2 - Define a
    fact for control already filtered in case filters are used
  ansible.builtin.set_fact:
    pam_module_control: required
  when:
  - ("kernel-default" in ansible_facts.packages or "kernel-default-base" in ansible_facts.packages)
  - ( ansible_distribution == 'SLES' and ansible_distribution_version is version('15.7',
    '&lt;') and "pam" in ansible_facts.packages )
  tags:
  - CCE-91282-4
  - NIST-800-53-AC-7(b)
  - NIST-800-53-CM-6(a)
  - NIST-800-53-IA-5(c)
  - PCI-DSS-Req-8.1.7
  - PCI-DSSv4-8.3
  - PCI-DSSv4-8.3.4
  - accounts_passwords_pam_tally2_unlock_time
  - low_complexity
  - low_disruption
  - medium_severity
  - no_reboot_needed
  - restrict_strategy

- name: Set Lockout Time for Failed Password Attempts using pam_tally2 - Check if
    the required PAM module option is present in /etc/pam.d/login
  ansible.builtin.lineinfile:
    path: /etc/pam.d/login
    regexp: ^\s*auth\s+{{ pam_module_control | regex_escape() }}\s+pam_tally2.so\s*.*\sunlock_time\b
    state: absent
  check_mode: true
  changed_when: false
  register: result_pam_module_accounts_passwords_pam_tally2_unlock_time_option_present
  when:
  - ("kernel-default" in ansible_facts.packages or "kernel-default-base" in ansible_facts.packages)
  - ( ansible_distribution == 'SLES' and ansible_distribution_version is version('15.7',
    '&lt;') and "pam" in ansible_facts.packages )
  tags:
  - CCE-91282-4
  - NIST-800-53-AC-7(b)
  - NIST-800-53-CM-6(a)
  - NIST-800-53-IA-5(c)
  - PCI-DSS-Req-8.1.7
  - PCI-DSSv4-8.3
  - PCI-DSSv4-8.3.4
  - accounts_passwords_pam_tally2_unlock_time
  - low_complexity
  - low_disruption
  - medium_severity
  - no_reboot_needed
  - restrict_strategy

- name: Set Lockout Time for Failed Password Attempts using pam_tally2 - Ensure the
    "unlock_time" PAM option for "pam_tally2.so" is included in /etc/pam.d/login
  ansible.builtin.lineinfile:
    path: /etc/pam.d/login
    backrefs: true
    regexp: ^(\s*auth\s+{{ pam_module_control | regex_escape() }}\s+pam_tally2.so.*)
    line: \1 unlock_time={{ var_accounts_passwords_pam_tally2_unlock_time }}
    state: present
  register: result_pam_accounts_passwords_pam_tally2_unlock_time_add
  when:
  - ("kernel-default" in ansible_facts.packages or "kernel-default-base" in ansible_facts.packages)
  - ( ansible_distribution == 'SLES' and ansible_distribution_version is version('15.7',
    '&lt;') and "pam" in ansible_facts.packages )
  - result_pam_module_accounts_passwords_pam_tally2_unlock_time_option_present.found
    is defined
  - result_pam_module_accounts_passwords_pam_tally2_unlock_time_option_present.found
    == 0
  tags:
  - CCE-91282-4
  - NIST-800-53-AC-7(b)
  - NIST-800-53-CM-6(a)
  - NIST-800-53-IA-5(c)
  - PCI-DSS-Req-8.1.7
  - PCI-DSSv4-8.3
  - PCI-DSSv4-8.3.4
  - accounts_passwords_pam_tally2_unlock_time
  - low_complexity
  - low_disruption
  - medium_severity
  - no_reboot_needed
  - restrict_strategy

- name: Set Lockout Time for Failed Password Attempts using pam_tally2 - Ensure the
    required value for "unlock_time" PAM option from "pam_tally2.so" in /etc/pam.d/login
  ansible.builtin.lineinfile:
    path: /etc/pam.d/login
    backrefs: true
    regexp: ^(\s*auth\s+{{ pam_module_control | regex_escape() }}\s+pam_tally2.so\s+.*)(unlock_time)=[0-9a-zA-Z]*\s*(.*)
    line: \1\2={{ var_accounts_passwords_pam_tally2_unlock_time }} \3
  register: result_pam_accounts_passwords_pam_tally2_unlock_time_edit
  when:
  - ("kernel-default" in ansible_facts.packages or "kernel-default-base" in ansible_facts.packages)
  - ( ansible_distribution == 'SLES' and ansible_distribution_version is version('15.7',
    '&lt;') and "pam" in ansible_facts.packages )
  - result_pam_module_accounts_passwords_pam_tally2_unlock_time_option_present.found
    &gt; 0
  tags:
  - CCE-91282-4
  - NIST-800-53-AC-7(b)
  - NIST-800-53-CM-6(a)
  - NIST-800-53-IA-5(c)
  - PCI-DSS-Req-8.1.7
  - PCI-DSSv4-8.3
  - PCI-DSSv4-8.3.4
  - accounts_passwords_pam_tally2_unlock_time
  - low_complexity
  - low_disruption
  - medium_severity
  - no_reboot_needed
  - restrict_strategy

- name: Set Lockout Time for Failed Password Attempts using pam_tally2 - Define a
    fact for control already filtered in case filters are used
  ansible.builtin.set_fact:
    pam_module_control: required
  when:
  - ("kernel-default" in ansible_facts.packages or "kernel-default-base" in ansible_facts.packages)
  - ( ansible_distribution == 'SLES' and ansible_distribution_version is version('15.7',
    '&lt;') and "pam" in ansible_facts.packages )
  tags:
  - CCE-91282-4
  - NIST-800-53-AC-7(b)
  - NIST-800-53-CM-6(a)
  - NIST-800-53-IA-5(c)
  - PCI-DSS-Req-8.1.7
  - PCI-DSSv4-8.3
  - PCI-DSSv4-8.3.4
  - accounts_passwords_pam_tally2_unlock_time
  - low_complexity
  - low_disruption
  - medium_severity
  - no_reboot_needed
  - restrict_strategy

- name: Set Lockout Time for Failed Password Attempts using pam_tally2 - Check if
    expected PAM module line is present in /etc/pam.d/common-account
  ansible.builtin.lineinfile:
    path: /etc/pam.d/common-account
    regexp: ^\s*account\s+{{ pam_module_control | regex_escape() }}\s+pam_tally2.so\s*.*
    state: absent
  check_mode: true
  changed_when: false
  register: result_pam_line_present
  when:
  - ("kernel-default" in ansible_facts.packages or "kernel-default-base" in ansible_facts.packages)
  - ( ansible_distribution == 'SLES' and ansible_distribution_version is version('15.7',
    '&lt;') and "pam" in ansible_facts.packages )
  tags:
  - CCE-91282-4
  - NIST-800-53-AC-7(b)
  - NIST-800-53-CM-6(a)
  - NIST-800-53-IA-5(c)
  - PCI-DSS-Req-8.1.7
  - PCI-DSSv4-8.3
  - PCI-DSSv4-8.3.4
  - accounts_passwords_pam_tally2_unlock_time
  - low_complexity
  - low_disruption
  - medium_severity
  - no_reboot_needed
  - restrict_strategy

- name: Set Lockout Time for Failed Password Attempts using pam_tally2 - Include or
    update the PAM module line in /etc/pam.d/common-account
  block:

  - name: Set Lockout Time for Failed Password Attempts using pam_tally2 - Check if
      required PAM module line is present in /etc/pam.d/common-account with different
      control
    ansible.builtin.lineinfile:
      path: /etc/pam.d/common-account
      regexp: ^\s*account\s+.*\s+pam_tally2.so\s*
      state: absent
    check_mode: true
    changed_when: false
    register: result_pam_line_other_control_present

  - name: Set Lockout Time for Failed Password Attempts using pam_tally2 - Ensure
      the correct control for the required PAM module line in /etc/pam.d/common-account
    ansible.builtin.replace:
      dest: /etc/pam.d/common-account
      regexp: ^(\s*account\s+).*(\bpam_tally2.so.*)
      replace: \1{{ pam_module_control }} \2
    register: result_pam_module_edit
    when:
    - result_pam_line_other_control_present.found == 1

  - name: Set Lockout Time for Failed Password Attempts using pam_tally2 - Ensure
      the required PAM module line is included in /etc/pam.d/common-account
    ansible.builtin.lineinfile:
      dest: /etc/pam.d/common-account
      line: account    {{ pam_module_control }}    pam_tally2.so
    register: result_pam_module_add
    when:
    - result_pam_line_other_control_present.found == 0 or result_pam_line_other_control_present.found
      &gt; 1

  - name: Set Lockout Time for Failed Password Attempts using pam_tally2 - Ensure
      authselect changes are applied
    ansible.builtin.command:
      cmd: authselect apply-changes -b
    when:
    - result_authselect_present is defined
    - result_authselect_present.stat.exists
    - |-
      (result_pam_module_add is defined and result_pam_module_add.changed)
       or (result_pam_module_edit is defined and result_pam_module_edit.changed)
  when:
  - ("kernel-default" in ansible_facts.packages or "kernel-default-base" in ansible_facts.packages)
  - ( ansible_distribution == 'SLES' and ansible_distribution_version is version('15.7',
    '&lt;') and "pam" in ansible_facts.packages )
  - result_pam_line_present.found is defined
  - result_pam_line_present.found == 0
  tags:
  - CCE-91282-4
  - NIST-800-53-AC-7(b)
  - NIST-800-53-CM-6(a)
  - NIST-800-53-IA-5(c)
  - PCI-DSS-Req-8.1.7
  - PCI-DSSv4-8.3
  - PCI-DSSv4-8.3.4
  - accounts_passwords_pam_tally2_unlock_time
  - low_complexity
  - low_disruption
  - medium_severity
  - no_reboot_needed
  - restrict_strategy

- name: Set Lockout Time for Failed Password Attempts using pam_tally2 - Define a
    fact for control already filtered in case filters are used
  ansible.builtin.set_fact:
    pam_module_control: required
  when:
  - ("kernel-default" in ansible_facts.packages or "kernel-default-base" in ansible_facts.packages)
  - ( ansible_distribution == 'SLES' and ansible_distribution_version is version('15.7',
    '&lt;') and "pam" in ansible_facts.packages )
  tags:
  - CCE-91282-4
  - NIST-800-53-AC-7(b)
  - NIST-800-53-CM-6(a)
  - NIST-800-53-IA-5(c)
  - PCI-DSS-Req-8.1.7
  - PCI-DSSv4-8.3
  - PCI-DSSv4-8.3.4
  - accounts_passwords_pam_tally2_unlock_time
  - low_complexity
  - low_disruption
  - medium_severity
  - no_reboot_needed
  - restrict_strategy

- name: Set Lockout Time for Failed Password Attempts using pam_tally2 - Check if
    the required PAM module option is present in /etc/pam.d/common-account
  ansible.builtin.lineinfile:
    path: /etc/pam.d/common-account
    regexp: ^\s*account\s+{{ pam_module_control | regex_escape() }}\s+pam_tally2.so\s*.*\s\b
    state: absent
  check_mode: true
  changed_when: false
  register: result_pam_module_accounts_passwords_pam_tally2_unlock_time_option_present
  when:
  - ("kernel-default" in ansible_facts.packages or "kernel-default-base" in ansible_facts.packages)
  - ( ansible_distribution == 'SLES' and ansible_distribution_version is version('15.7',
    '&lt;') and "pam" in ansible_facts.packages )
  tags:
  - CCE-91282-4
  - NIST-800-53-AC-7(b)
  - NIST-800-53-CM-6(a)
  - NIST-800-53-IA-5(c)
  - PCI-DSS-Req-8.1.7
  - PCI-DSSv4-8.3
  - PCI-DSSv4-8.3.4
  - accounts_passwords_pam_tally2_unlock_time
  - low_complexity
  - low_disruption
  - medium_severity
  - no_reboot_needed
  - restrict_strategy

- name: Set Lockout Time for Failed Password Attempts using pam_tally2 - Ensure the
    "" PAM option for "pam_tally2.so" is included in /etc/pam.d/common-account
  ansible.builtin.lineinfile:
    path: /etc/pam.d/common-account
    backrefs: true
    regexp: ^(\s*account\s+{{ pam_module_control | regex_escape() }}\s+pam_tally2.so.*)
    line: \1
    state: present
  register: result_pam_accounts_passwords_pam_tally2_unlock_time_add
  when:
  - ("kernel-default" in ansible_facts.packages or "kernel-default-base" in ansible_facts.packages)
  - ( ansible_distribution == 'SLES' and ansible_distribution_version is version('15.7',
    '&lt;') and "pam" in ansible_facts.packages )
  - result_pam_module_accounts_passwords_pam_tally2_unlock_time_option_present.found
    is defined
  - result_pam_module_accounts_passwords_pam_tally2_unlock_time_option_present.found
    == 0
  tags:
  - CCE-91282-4
  - NIST-800-53-AC-7(b)
  - NIST-800-53-CM-6(a)
  - NIST-800-53-IA-5(c)
  - PCI-DSS-Req-8.1.7
  - PCI-DSSv4-8.3
  - PCI-DSSv4-8.3.4
  - accounts_passwords_pam_tally2_unlock_time
  - low_complexity
  - low_disruption
  - medium_severity
  - no_reboot_needed
  - restrict_strategy
</fix>
            <check system="http://oval.mitre.org/XMLSchema/oval-definitions-5">
              <check-export export-name="oval:ssg-var_accounts_passwords_pam_tally2_unlock_time:var:1" value-id="xccdf_org.ssgproject.content_value_var_accounts_passwords_pam_tally2_unlock_time"/>
              <check-content-ref name="oval:ssg-accounts_passwords_pam_tally2_unlock_time:def:1" href="ssg-sle15-oval.xml"/>
            </check>
            <check system="http://scap.nist.gov/schema/ocil/2">
              <check-content-ref name="ocil:ssg-accounts_passwords_pam_tally2_unlock_time_ocil:questionnaire:1" href="ssg-sle15-ocil.xml"/>
            </check>
          </Rule>
        </Group>
        <Group id="xccdf_org.ssgproject.content_group_password_quality">
          <title xmlns:xhtml="http://www.w3.org/1999/xhtml" xml:lang="en-US">Set Password Quality Requirements</title>
          <description xmlns:xhtml="http://www.w3.org/1999/xhtml" xml:lang="en-US">The default <html:code xmlns:html="http://www.w3.org/1999/xhtml">pam_pwquality</html:code> PAM module provides strength
checking for passwords. It performs a number of checks, such as
making sure passwords are not similar to dictionary words, are of
at least a certain length, are not the previous password reversed,
and are not simply a change of case from the previous password. It
can also require passwords to be in certain character classes. The
<html:code xmlns:html="http://www.w3.org/1999/xhtml">pam_pwquality</html:code> module is the preferred way of configuring
password requirements.
<html:br xmlns:html="http://www.w3.org/1999/xhtml"/>
        <html:br xmlns:html="http://www.w3.org/1999/xhtml"/>
The man pages <html:code xmlns:html="http://www.w3.org/1999/xhtml">pam_pwquality(8)</html:code>
provide information on the capabilities and configuration of
each.</description>
          <platform idref="#system_with_kernel"/>
          <Group id="xccdf_org.ssgproject.content_group_password_quality_pamcracklib">
            <title xmlns:xhtml="http://www.w3.org/1999/xhtml" xml:lang="en-US">Set Password Quality Requirements, if using
pam_cracklib</title>
            <description xmlns:xhtml="http://www.w3.org/1999/xhtml" xml:lang="en-US">The <html:code xmlns:html="http://www.w3.org/1999/xhtml">pam_cracklib</html:code> PAM module can be configured to meet
requirements for a variety of policies.
<html:br xmlns:html="http://www.w3.org/1999/xhtml"/>
         <html:br xmlns:html="http://www.w3.org/1999/xhtml"/>
For example, to configure <html:code xmlns:html="http://www.w3.org/1999/xhtml">pam_cracklib</html:code> to require at least one uppercase
character, lowercase character, digit, and other (special)
character, locate the following line in <html:code xmlns:html="http://www.w3.org/1999/xhtml">/etc/pam.d/system-auth</html:code>:
<html:pre xmlns:html="http://www.w3.org/1999/xhtml">password requisite pam_cracklib.so try_first_pass retry=3</html:pre>
and then alter it to read:
<html:pre xmlns:html="http://www.w3.org/1999/xhtml">password required pam_cracklib.so try_first_pass retry=3 maxrepeat=3 minlen=14 dcredit=-1 ucredit=-1 ocredit=-1 lcredit=-1 difok=4</html:pre>
If no such line exists, add one as the first line of the password section in <html:code xmlns:html="http://www.w3.org/1999/xhtml">/etc/pam.d/system-auth</html:code>.
The arguments can be modified to ensure compliance with
your organization's security policy. Discussion of each parameter follows.</description>
            <warning xmlns:xhtml="http://www.w3.org/1999/xhtml" xml:lang="en-US" category="general">Note that the password quality requirements are not enforced for the
root account for some reason.</warning>
            <Rule id="xccdf_org.ssgproject.content_rule_cracklib_accounts_password_pam_dcredit" selected="false" role="full" severity="medium">
              <title xmlns:xhtml="http://www.w3.org/1999/xhtml" xml:lang="en-US">Set Password Strength Minimum Digit Characters</title>
              <description xmlns:xhtml="http://www.w3.org/1999/xhtml" xml:lang="en-US">The pam_cracklib module's <html:code xmlns:html="http://www.w3.org/1999/xhtml">dcredit</html:code> parameter controls requirements
for usage of digits in a password. When set to a negative number, any
password will be required to contain that many digits. When set to a
positive number, pam_cracklib will grant +1 additional length credit for
each digit. Add <html:code xmlns:html="http://www.w3.org/1999/xhtml">dcredit=-1</html:code> after pam_cracklib.so to require use of
a digit in passwords.</description>
              <reference href="https://www.pcisecuritystandards.org/documents/PCI_DSS_v3-2-1.pdf">Req-8.2.3</reference>
              <reference href="https://www.cyber.mil/stigs/downloads/?_dl_facet_stigs=operating-systems%2Cgeneral-purpose-os">SRG-OS-000071-GPOS-00039</reference>
              <reference href="https://www.cyber.mil/stigs/downloads/?_dl_facet_stigs=operating-systems%2Cunix-linux">SLES-15-020150</reference>
              <reference href="https://www.cisecurity.org/benchmark/suse_linux/">5.3.1</reference>
              <reference href="https://cyber.gouv.fr/sites/default/files/document/linux_configuration-en-v2.pdf">R31</reference>
              <reference href="not_publicly_available">SLES-15-600450120</reference>
              <reference href="https://docs-prv.pcisecuritystandards.org/PCI%20DSS/Standard/PCI-DSS-v4_0.pdf">8.3.6</reference>
              <reference href="https://docs-prv.pcisecuritystandards.org/PCI%20DSS/Standard/PCI-DSS-v4_0.pdf">8.3</reference>
              <reference href="https://www.cyber.mil/stigs/srg-stig-tools/">SV-234884r1009623_rule</reference>
              <rationale xmlns:xhtml="http://www.w3.org/1999/xhtml" xml:lang="en-US">Requiring digits makes password guessing attacks more difficult by ensuring
a larger search space.</rationale>
              <ident system="https://ncp.nist.gov/cce">CCE-85564-3</ident>
              <fix xmlns:xhtml="http://www.w3.org/1999/xhtml" id="cracklib_accounts_password_pam_dcredit" system="urn:xccdf:fix:script:sh" complexity="low" disruption="low" strategy="restrict"># Remediation is applicable only in certain platforms
if rpm --quiet -q kernel-default || rpm --quiet -q kernel-default-base; then

declare -a VALUES=()
declare -a VALUE_NAMES=()
declare -a ARGS=()
declare -a NEW_ARGS=()
declare -a DEL_ARGS=()

var_password_pam_dcredit='<xccdf-1.2:sub xmlns:xccdf-1.2="http://checklists.nist.gov/xccdf/1.2" idref="xccdf_org.ssgproject.content_value_var_password_pam_dcredit" use="legacy"/>'

VALUES+=("$var_password_pam_dcredit")
VALUE_NAMES+=("dcredit")
ARGS+=("")
NEW_ARGS+=("")


for idx in "${!VALUES[@]}"
do
    if [ -e "/etc/pam.d/common-password" ] ; then
        valueRegex="${VALUES[$idx]}" defaultValue="${VALUES[$idx]}"
        # non-empty values need to be preceded by an equals sign
        [ -n "${valueRegex}" ] &amp;&amp; valueRegex="=${valueRegex}"
        # add an equals sign to non-empty values
        [ -n "${defaultValue}" ] &amp;&amp; defaultValue="=${defaultValue}"

        # fix the value for 'option' if one exists but does not match 'valueRegex'
        if grep -q -P "^\\s*password\\s+requisite\\s+pam_cracklib.so(\\s.+)?\\s+${VALUE_NAMES[$idx]}(?"'!'"${valueRegex}(\\s|\$))" &lt; "/etc/pam.d/common-password" ; then
            sed --follow-symlinks -i -E -e "s/^(\\s*password\\s+requisite\\s+pam_cracklib.so(\\s.+)?\\s)${VALUE_NAMES[$idx]}=[^[:space:]]*/\\1${VALUE_NAMES[$idx]}${defaultValue}/" "/etc/pam.d/common-password"

        # add 'option=default' if option is not set
        elif grep -q -E "^\\s*password\\s+requisite\\s+pam_cracklib.so" &lt; "/etc/pam.d/common-password" &amp;&amp;
                grep    -E "^\\s*password\\s+requisite\\s+pam_cracklib.so" &lt; "/etc/pam.d/common-password" | grep -q -E -v "\\s${VALUE_NAMES[$idx]}(=|\\s|\$)" ; then

            sed --follow-symlinks -i -E -e "s/^(\\s*password\\s+requisite\\s+pam_cracklib.so[^\\n]*)/\\1 ${VALUE_NAMES[$idx]}${defaultValue}/" "/etc/pam.d/common-password"
        # add a new entry if none exists
        elif ! grep -q -P "^\\s*password\\s+requisite\\s+pam_cracklib.so(\\s.+)?\\s+${VALUE_NAMES[$idx]}${valueRegex}(\\s|\$)" &lt; "/etc/pam.d/common-password" ; then
            echo "password requisite pam_cracklib.so ${VALUE_NAMES[$idx]}${defaultValue}" &gt;&gt; "/etc/pam.d/common-password"
        fi
    else
        echo "/etc/pam.d/common-password doesn't exist" &gt;&amp;2
    fi
done

for idx in "${!ARGS[@]}"
do
    if ! grep -q -P "^\s*password\s+requisite\s+pam_cracklib.so.*\s+${ARGS[$idx]}\s*$" /etc/pam.d/common-password ; then
        sed --follow-symlinks -i -E -e "s/^\\s*password\\s+requisite\\s+pam_cracklib.so.*\$/&amp; ${NEW_ARGS[$idx]}/" /etc/pam.d/common-password
        if [ -n "${DEL_ARGS[$idx]}" ]; then
            sed --follow-symlinks -i -E -e "s/\s+${DEL_ARGS[$idx]}\S+\s+/ /g" /etc/pam.d/common-password
        fi
    fi
done

else
    &gt;&amp;2 echo 'Remediation is not applicable, nothing was done'
fi
</fix>
              <fix xmlns:xhtml="http://www.w3.org/1999/xhtml" id="cracklib_accounts_password_pam_dcredit" system="urn:xccdf:fix:script:ansible" complexity="low" disruption="low" strategy="restrict">- name: Gather the package facts
  package_facts:
    manager: auto
  tags:
  - CCE-85564-3
  - DISA-STIG-SLES-15-020150
  - PCI-DSS-Req-8.2.3
  - PCI-DSSv4-8.3
  - PCI-DSSv4-8.3.6
  - cracklib_accounts_password_pam_dcredit
  - low_complexity
  - low_disruption
  - medium_severity
  - no_reboot_needed
  - restrict_strategy
- name: XCCDF Value var_password_pam_dcredit # promote to variable
  set_fact:
    var_password_pam_dcredit: !!str <xccdf-1.2:sub xmlns:xccdf-1.2="http://checklists.nist.gov/xccdf/1.2" idref="xccdf_org.ssgproject.content_value_var_password_pam_dcredit" use="legacy"/>
  tags:
    - always

- name: Set control_flag fact
  ansible.builtin.set_fact:
    control_flag: requisite
  when: ("kernel-default" in ansible_facts.packages or "kernel-default-base" in ansible_facts.packages)
  tags:
  - CCE-85564-3
  - DISA-STIG-SLES-15-020150
  - PCI-DSS-Req-8.2.3
  - PCI-DSSv4-8.3
  - PCI-DSSv4-8.3.6
  - cracklib_accounts_password_pam_dcredit
  - low_complexity
  - low_disruption
  - medium_severity
  - no_reboot_needed
  - restrict_strategy

- name: Check to see if 'pam_cracklib.so' module is configured in '/etc/pam.d/common-password'
  ansible.builtin.shell: |
    set -o pipefail
    grep -E '^\s*password\s+\S+\s+pam_cracklib.so' /etc/pam.d/common-password || true
  register: check_pam_module_result
  when: ("kernel-default" in ansible_facts.packages or "kernel-default-base" in ansible_facts.packages)
  tags:
  - CCE-85564-3
  - DISA-STIG-SLES-15-020150
  - PCI-DSS-Req-8.2.3
  - PCI-DSSv4-8.3
  - PCI-DSSv4-8.3.6
  - cracklib_accounts_password_pam_dcredit
  - low_complexity
  - low_disruption
  - medium_severity
  - no_reboot_needed
  - restrict_strategy

- name: Configure 'pam_cracklib.so' module in '/etc/pam.d/common-password'
  ansible.builtin.lineinfile:
    path: /etc/pam.d/common-password
    line: password requisite pam_cracklib.so
    state: present
  when:
  - ("kernel-default" in ansible_facts.packages or "kernel-default-base" in ansible_facts.packages)
  - check_pam_module_result.stdout is defined and '"pam_cracklib.so" not in check_pam_module_result.stdout'
  tags:
  - CCE-85564-3
  - DISA-STIG-SLES-15-020150
  - PCI-DSS-Req-8.2.3
  - PCI-DSSv4-8.3
  - PCI-DSSv4-8.3.6
  - cracklib_accounts_password_pam_dcredit
  - low_complexity
  - low_disruption
  - medium_severity
  - no_reboot_needed
  - restrict_strategy

- name: Ensure 'pam_cracklib.so' module has conforming control flag
  ansible.builtin.lineinfile:
    path: /etc/pam.d/common-password
    regexp: ^(\s*password\s+)\S+(\s+pam_cracklib.so\s+.*)
    line: \g&lt;1&gt;requisite\g&lt;2&gt;
    backrefs: true
  when:
  - ("kernel-default" in ansible_facts.packages or "kernel-default-base" in ansible_facts.packages)
  - control_flag|length
  tags:
  - CCE-85564-3
  - DISA-STIG-SLES-15-020150
  - PCI-DSS-Req-8.2.3
  - PCI-DSSv4-8.3
  - PCI-DSSv4-8.3.6
  - cracklib_accounts_password_pam_dcredit
  - low_complexity
  - low_disruption
  - medium_severity
  - no_reboot_needed
  - restrict_strategy

- name: Ensure "pam_cracklib.so" module has argument "dcredit={{ var_password_pam_dcredit
    }}"
  ansible.builtin.lineinfile:
    path: /etc/pam.d/common-password
    regexp: ^(\s*password\s+requisite\s+pam_cracklib.so(?:\s+\S+)*\s+dcredit=)(?:\S+)((\s+\S+)*\s*\\*\s*)$
    line: \g&lt;1&gt;{{ var_password_pam_dcredit }}\g&lt;2&gt;
    backrefs: true
  when: ("kernel-default" in ansible_facts.packages or "kernel-default-base" in ansible_facts.packages)
  tags:
  - CCE-85564-3
  - DISA-STIG-SLES-15-020150
  - PCI-DSS-Req-8.2.3
  - PCI-DSSv4-8.3
  - PCI-DSSv4-8.3.6
  - cracklib_accounts_password_pam_dcredit
  - low_complexity
  - low_disruption
  - medium_severity
  - no_reboot_needed
  - restrict_strategy

- name: Check the presence of "dcredit" argument in "pam_cracklib.so" module
  ansible.builtin.shell: |
    set -o pipefail
    grep -E '^\s*password\s+requisite\s+pam_cracklib.so.*\s+dcredit(=|\s|\s*$)' /etc/pam.d/common-password || true
  register: check_pam_module_argument_result
  when: ("kernel-default" in ansible_facts.packages or "kernel-default-base" in ansible_facts.packages)
  tags:
  - CCE-85564-3
  - DISA-STIG-SLES-15-020150
  - PCI-DSS-Req-8.2.3
  - PCI-DSSv4-8.3
  - PCI-DSSv4-8.3.6
  - cracklib_accounts_password_pam_dcredit
  - low_complexity
  - low_disruption
  - medium_severity
  - no_reboot_needed
  - restrict_strategy

- name: Add "dcredit" argument to "pam_cracklib.so" module
  ansible.builtin.lineinfile:
    path: /etc/pam.d/common-password
    regexp: ^(\s*password\s+requisite\s+pam_cracklib.so)((\s+\S+)*\s*(\\)*$)
    line: \g&lt;1&gt; dcredit={{ var_password_pam_dcredit }}\g&lt;2&gt;
    backrefs: true
  when:
  - ("kernel-default" in ansible_facts.packages or "kernel-default-base" in ansible_facts.packages)
  - check_pam_module_argument_result is not skipped and '"dcredit" not in check_pam_module_argument_result.stdout'
  tags:
  - CCE-85564-3
  - DISA-STIG-SLES-15-020150
  - PCI-DSS-Req-8.2.3
  - PCI-DSSv4-8.3
  - PCI-DSSv4-8.3.6
  - cracklib_accounts_password_pam_dcredit
  - low_complexity
  - low_disruption
  - medium_severity
  - no_reboot_needed
  - restrict_strategy
</fix>
              <check system="http://oval.mitre.org/XMLSchema/oval-definitions-5">
                <check-export export-name="oval:ssg-var_password_pam_dcredit:var:1" value-id="xccdf_org.ssgproject.content_value_var_password_pam_dcredit"/>
                <check-content-ref name="oval:ssg-cracklib_accounts_password_pam_dcredit:def:1" href="ssg-sle15-oval.xml"/>
              </check>
              <check system="http://scap.nist.gov/schema/ocil/2">
                <check-content-ref name="ocil:ssg-cracklib_accounts_password_pam_dcredit_ocil:questionnaire:1" href="ssg-sle15-ocil.xml"/>
              </check>
            </Rule>
            <Rule id="xccdf_org.ssgproject.content_rule_cracklib_accounts_password_pam_difok" selected="false" role="full" severity="medium">
              <title xmlns:xhtml="http://www.w3.org/1999/xhtml" xml:lang="en-US">Set Password Strength Minimum Different Characters</title>
              <description xmlns:xhtml="http://www.w3.org/1999/xhtml" xml:lang="en-US">The pam_cracklib module's <html:code xmlns:html="http://www.w3.org/1999/xhtml">difok</html:code> parameter controls requirements for
usage of different characters during a password change. The number of
changed characters refers to the number of changes required with respect to
the total number of positions in the current password. In other words,
characters may be the same within the two passwords; however, the positions
of the like characters must be different.
Make sure the <html:code xmlns:html="http://www.w3.org/1999/xhtml">difok</html:code> parameter for the pam_cracklib module is
configured to greater than or equal to <html:code xmlns:html="http://www.w3.org/1999/xhtml" xmlns:xccdf-1.2="http://checklists.nist.gov/xccdf/1.2"><xccdf-1.2:sub idref="xccdf_org.ssgproject.content_value_var_password_pam_difok" use="legacy"/></html:code>.</description>
              <reference href="http://nvlpubs.nist.gov/nistpubs/SpecialPublications/NIST.SP.800-53r4.pdf">IA-5(1).1(v)</reference>
              <reference href="http://nvlpubs.nist.gov/nistpubs/SpecialPublications/NIST.SP.800-53r4.pdf">IA-5(1)(b)</reference>
              <reference href="https://www.cyber.mil/stigs/downloads/?_dl_facet_stigs=operating-systems%2Cgeneral-purpose-os">SRG-OS-000072-GPOS-00040</reference>
              <reference href="https://www.cyber.mil/stigs/downloads/?_dl_facet_stigs=operating-systems%2Cunix-linux">SLES-15-020160</reference>
              <reference href="not_publicly_available">SLES-15-600450090</reference>
              <reference href="https://www.cyber.mil/stigs/srg-stig-tools/">SV-234885r1009624_rule</reference>
              <rationale xmlns:xhtml="http://www.w3.org/1999/xhtml" xml:lang="en-US">Requiring a minimum number of different characters during password changes
ensures that newly changed passwords should not resemble previously
compromised ones. Note that passwords which are changed on compromised
systems will still be compromised, however.</rationale>
              <ident system="https://ncp.nist.gov/cce">CCE-85677-3</ident>
              <fix xmlns:xhtml="http://www.w3.org/1999/xhtml" id="cracklib_accounts_password_pam_difok" system="urn:xccdf:fix:script:sh" complexity="low" disruption="low" strategy="restrict"># Remediation is applicable only in certain platforms
if rpm --quiet -q kernel-default || rpm --quiet -q kernel-default-base; then

declare -a VALUES=()
declare -a VALUE_NAMES=()
declare -a ARGS=()
declare -a NEW_ARGS=()
declare -a DEL_ARGS=()

var_password_pam_difok='<xccdf-1.2:sub xmlns:xccdf-1.2="http://checklists.nist.gov/xccdf/1.2" idref="xccdf_org.ssgproject.content_value_var_password_pam_difok" use="legacy"/>'

VALUES+=("$var_password_pam_difok")
VALUE_NAMES+=("difok")
ARGS+=("")
NEW_ARGS+=("")


for idx in "${!VALUES[@]}"
do
    if [ -e "/etc/pam.d/common-password" ] ; then
        valueRegex="${VALUES[$idx]}" defaultValue="${VALUES[$idx]}"
        # non-empty values need to be preceded by an equals sign
        [ -n "${valueRegex}" ] &amp;&amp; valueRegex="=${valueRegex}"
        # add an equals sign to non-empty values
        [ -n "${defaultValue}" ] &amp;&amp; defaultValue="=${defaultValue}"

        # fix the value for 'option' if one exists but does not match 'valueRegex'
        if grep -q -P "^\\s*password\\s+requisite\\s+pam_cracklib.so(\\s.+)?\\s+${VALUE_NAMES[$idx]}(?"'!'"${valueRegex}(\\s|\$))" &lt; "/etc/pam.d/common-password" ; then
            sed --follow-symlinks -i -E -e "s/^(\\s*password\\s+requisite\\s+pam_cracklib.so(\\s.+)?\\s)${VALUE_NAMES[$idx]}=[^[:space:]]*/\\1${VALUE_NAMES[$idx]}${defaultValue}/" "/etc/pam.d/common-password"

        # add 'option=default' if option is not set
        elif grep -q -E "^\\s*password\\s+requisite\\s+pam_cracklib.so" &lt; "/etc/pam.d/common-password" &amp;&amp;
                grep    -E "^\\s*password\\s+requisite\\s+pam_cracklib.so" &lt; "/etc/pam.d/common-password" | grep -q -E -v "\\s${VALUE_NAMES[$idx]}(=|\\s|\$)" ; then

            sed --follow-symlinks -i -E -e "s/^(\\s*password\\s+requisite\\s+pam_cracklib.so[^\\n]*)/\\1 ${VALUE_NAMES[$idx]}${defaultValue}/" "/etc/pam.d/common-password"
        # add a new entry if none exists
        elif ! grep -q -P "^\\s*password\\s+requisite\\s+pam_cracklib.so(\\s.+)?\\s+${VALUE_NAMES[$idx]}${valueRegex}(\\s|\$)" &lt; "/etc/pam.d/common-password" ; then
            echo "password requisite pam_cracklib.so ${VALUE_NAMES[$idx]}${defaultValue}" &gt;&gt; "/etc/pam.d/common-password"
        fi
    else
        echo "/etc/pam.d/common-password doesn't exist" &gt;&amp;2
    fi
done

for idx in "${!ARGS[@]}"
do
    if ! grep -q -P "^\s*password\s+requisite\s+pam_cracklib.so.*\s+${ARGS[$idx]}\s*$" /etc/pam.d/common-password ; then
        sed --follow-symlinks -i -E -e "s/^\\s*password\\s+requisite\\s+pam_cracklib.so.*\$/&amp; ${NEW_ARGS[$idx]}/" /etc/pam.d/common-password
        if [ -n "${DEL_ARGS[$idx]}" ]; then
            sed --follow-symlinks -i -E -e "s/\s+${DEL_ARGS[$idx]}\S+\s+/ /g" /etc/pam.d/common-password
        fi
    fi
done

else
    &gt;&amp;2 echo 'Remediation is not applicable, nothing was done'
fi
</fix>
              <fix xmlns:xhtml="http://www.w3.org/1999/xhtml" id="cracklib_accounts_password_pam_difok" system="urn:xccdf:fix:script:ansible" complexity="low" disruption="low" strategy="restrict">- name: Gather the package facts
  package_facts:
    manager: auto
  tags:
  - CCE-85677-3
  - DISA-STIG-SLES-15-020160
  - NIST-800-53-IA-5(1)(b)
  - NIST-800-53-IA-5(1).1(v)
  - cracklib_accounts_password_pam_difok
  - low_complexity
  - low_disruption
  - medium_severity
  - no_reboot_needed
  - restrict_strategy
- name: XCCDF Value var_password_pam_difok # promote to variable
  set_fact:
    var_password_pam_difok: !!str <xccdf-1.2:sub xmlns:xccdf-1.2="http://checklists.nist.gov/xccdf/1.2" idref="xccdf_org.ssgproject.content_value_var_password_pam_difok" use="legacy"/>
  tags:
    - always

- name: Set control_flag fact
  ansible.builtin.set_fact:
    control_flag: requisite
  when: ("kernel-default" in ansible_facts.packages or "kernel-default-base" in ansible_facts.packages)
  tags:
  - CCE-85677-3
  - DISA-STIG-SLES-15-020160
  - NIST-800-53-IA-5(1)(b)
  - NIST-800-53-IA-5(1).1(v)
  - cracklib_accounts_password_pam_difok
  - low_complexity
  - low_disruption
  - medium_severity
  - no_reboot_needed
  - restrict_strategy

- name: Check to see if 'pam_cracklib.so' module is configured in '/etc/pam.d/common-password'
  ansible.builtin.shell: |
    set -o pipefail
    grep -E '^\s*password\s+\S+\s+pam_cracklib.so' /etc/pam.d/common-password || true
  register: check_pam_module_result
  when: ("kernel-default" in ansible_facts.packages or "kernel-default-base" in ansible_facts.packages)
  tags:
  - CCE-85677-3
  - DISA-STIG-SLES-15-020160
  - NIST-800-53-IA-5(1)(b)
  - NIST-800-53-IA-5(1).1(v)
  - cracklib_accounts_password_pam_difok
  - low_complexity
  - low_disruption
  - medium_severity
  - no_reboot_needed
  - restrict_strategy

- name: Configure 'pam_cracklib.so' module in '/etc/pam.d/common-password'
  ansible.builtin.lineinfile:
    path: /etc/pam.d/common-password
    line: password requisite pam_cracklib.so
    state: present
  when:
  - ("kernel-default" in ansible_facts.packages or "kernel-default-base" in ansible_facts.packages)
  - check_pam_module_result.stdout is defined and '"pam_cracklib.so" not in check_pam_module_result.stdout'
  tags:
  - CCE-85677-3
  - DISA-STIG-SLES-15-020160
  - NIST-800-53-IA-5(1)(b)
  - NIST-800-53-IA-5(1).1(v)
  - cracklib_accounts_password_pam_difok
  - low_complexity
  - low_disruption
  - medium_severity
  - no_reboot_needed
  - restrict_strategy

- name: Ensure 'pam_cracklib.so' module has conforming control flag
  ansible.builtin.lineinfile:
    path: /etc/pam.d/common-password
    regexp: ^(\s*password\s+)\S+(\s+pam_cracklib.so\s+.*)
    line: \g&lt;1&gt;requisite\g&lt;2&gt;
    backrefs: true
  when:
  - ("kernel-default" in ansible_facts.packages or "kernel-default-base" in ansible_facts.packages)
  - control_flag|length
  tags:
  - CCE-85677-3
  - DISA-STIG-SLES-15-020160
  - NIST-800-53-IA-5(1)(b)
  - NIST-800-53-IA-5(1).1(v)
  - cracklib_accounts_password_pam_difok
  - low_complexity
  - low_disruption
  - medium_severity
  - no_reboot_needed
  - restrict_strategy

- name: Ensure "pam_cracklib.so" module has argument "difok={{ var_password_pam_difok
    }}"
  ansible.builtin.lineinfile:
    path: /etc/pam.d/common-password
    regexp: ^(\s*password\s+requisite\s+pam_cracklib.so(?:\s+\S+)*\s+difok=)(?:\S+)((\s+\S+)*\s*\\*\s*)$
    line: \g&lt;1&gt;{{ var_password_pam_difok }}\g&lt;2&gt;
    backrefs: true
  when: ("kernel-default" in ansible_facts.packages or "kernel-default-base" in ansible_facts.packages)
  tags:
  - CCE-85677-3
  - DISA-STIG-SLES-15-020160
  - NIST-800-53-IA-5(1)(b)
  - NIST-800-53-IA-5(1).1(v)
  - cracklib_accounts_password_pam_difok
  - low_complexity
  - low_disruption
  - medium_severity
  - no_reboot_needed
  - restrict_strategy

- name: Check the presence of "difok" argument in "pam_cracklib.so" module
  ansible.builtin.shell: |
    set -o pipefail
    grep -E '^\s*password\s+requisite\s+pam_cracklib.so.*\s+difok(=|\s|\s*$)' /etc/pam.d/common-password || true
  register: check_pam_module_argument_result
  when: ("kernel-default" in ansible_facts.packages or "kernel-default-base" in ansible_facts.packages)
  tags:
  - CCE-85677-3
  - DISA-STIG-SLES-15-020160
  - NIST-800-53-IA-5(1)(b)
  - NIST-800-53-IA-5(1).1(v)
  - cracklib_accounts_password_pam_difok
  - low_complexity
  - low_disruption
  - medium_severity
  - no_reboot_needed
  - restrict_strategy

- name: Add "difok" argument to "pam_cracklib.so" module
  ansible.builtin.lineinfile:
    path: /etc/pam.d/common-password
    regexp: ^(\s*password\s+requisite\s+pam_cracklib.so)((\s+\S+)*\s*(\\)*$)
    line: \g&lt;1&gt; difok={{ var_password_pam_difok }}\g&lt;2&gt;
    backrefs: true
  when:
  - ("kernel-default" in ansible_facts.packages or "kernel-default-base" in ansible_facts.packages)
  - check_pam_module_argument_result is not skipped and '"difok" not in check_pam_module_argument_result.stdout'
  tags:
  - CCE-85677-3
  - DISA-STIG-SLES-15-020160
  - NIST-800-53-IA-5(1)(b)
  - NIST-800-53-IA-5(1).1(v)
  - cracklib_accounts_password_pam_difok
  - low_complexity
  - low_disruption
  - medium_severity
  - no_reboot_needed
  - restrict_strategy
</fix>
              <check system="http://oval.mitre.org/XMLSchema/oval-definitions-5">
                <check-export export-name="oval:ssg-var_password_pam_difok:var:1" value-id="xccdf_org.ssgproject.content_value_var_password_pam_difok"/>
                <check-content-ref name="oval:ssg-cracklib_accounts_password_pam_difok:def:1" href="ssg-sle15-oval.xml"/>
              </check>
              <check system="http://scap.nist.gov/schema/ocil/2">
                <check-content-ref name="ocil:ssg-cracklib_accounts_password_pam_difok_ocil:questionnaire:1" href="ssg-sle15-ocil.xml"/>
              </check>
            </Rule>
            <Rule id="xccdf_org.ssgproject.content_rule_cracklib_accounts_password_pam_lcredit" selected="false" role="full" severity="medium">
              <title xmlns:xhtml="http://www.w3.org/1999/xhtml" xml:lang="en-US">Set Password Strength Minimum Lowercase Characters</title>
              <description xmlns:xhtml="http://www.w3.org/1999/xhtml" xml:lang="en-US">The pam_cracklib module's <html:code xmlns:html="http://www.w3.org/1999/xhtml">lcredit=</html:code> parameter controls requirements
for usage of lowercase letters in a password. When set to a negative
number, any password will be required to contain that many lowercase
characters. When set to a positive number, pam_cracklib will grant +1
additional length credit for each lowercase character.
Add <html:code xmlns:html="http://www.w3.org/1999/xhtml">lcredit=-1</html:code> after pam_cracklib.so to require use of a
lowercase character in passwords.</description>
              <reference href="http://nvlpubs.nist.gov/nistpubs/SpecialPublications/NIST.SP.800-53r4.pdf">IA-5(1)(a)</reference>
              <reference href="http://nvlpubs.nist.gov/nistpubs/SpecialPublications/NIST.SP.800-53r4.pdf">IA-5(1).1(v)</reference>
              <reference href="https://www.pcisecuritystandards.org/documents/PCI_DSS_v3-2-1.pdf">Req-8.2.3</reference>
              <reference href="https://www.cyber.mil/stigs/downloads/?_dl_facet_stigs=operating-systems%2Cgeneral-purpose-os">SRG-OS-000070-GPOS-00038</reference>
              <reference href="https://www.cyber.mil/stigs/downloads/?_dl_facet_stigs=operating-systems%2Cunix-linux">SLES-15-020140</reference>
              <reference href="https://www.cisecurity.org/benchmark/suse_linux/">5.3.1</reference>
              <reference href="https://cyber.gouv.fr/sites/default/files/document/linux_configuration-en-v2.pdf">R31</reference>
              <reference href="not_publicly_available">SLES-15-600450120</reference>
              <reference href="https://docs-prv.pcisecuritystandards.org/PCI%20DSS/Standard/PCI-DSS-v4_0.pdf">8.3.6</reference>
              <reference href="https://docs-prv.pcisecuritystandards.org/PCI%20DSS/Standard/PCI-DSS-v4_0.pdf">8.3</reference>
              <reference href="https://www.cyber.mil/stigs/srg-stig-tools/">SV-234883r1009622_rule</reference>
              <rationale xmlns:xhtml="http://www.w3.org/1999/xhtml" xml:lang="en-US">Requiring a minimum number of lowercase characters makes password guessing
attacks more difficult by ensuring a larger search space.</rationale>
              <ident system="https://ncp.nist.gov/cce">CCE-85676-5</ident>
              <fix xmlns:xhtml="http://www.w3.org/1999/xhtml" id="cracklib_accounts_password_pam_lcredit" system="urn:xccdf:fix:script:sh" complexity="low" disruption="low" strategy="restrict"># Remediation is applicable only in certain platforms
if rpm --quiet -q kernel-default || rpm --quiet -q kernel-default-base; then

declare -a VALUES=()
declare -a VALUE_NAMES=()
declare -a ARGS=()
declare -a NEW_ARGS=()
declare -a DEL_ARGS=()

var_password_pam_lcredit='<xccdf-1.2:sub xmlns:xccdf-1.2="http://checklists.nist.gov/xccdf/1.2" idref="xccdf_org.ssgproject.content_value_var_password_pam_lcredit" use="legacy"/>'

VALUES+=("$var_password_pam_lcredit")
VALUE_NAMES+=("lcredit")
ARGS+=("")
NEW_ARGS+=("")


for idx in "${!VALUES[@]}"
do
    if [ -e "/etc/pam.d/common-password" ] ; then
        valueRegex="${VALUES[$idx]}" defaultValue="${VALUES[$idx]}"
        # non-empty values need to be preceded by an equals sign
        [ -n "${valueRegex}" ] &amp;&amp; valueRegex="=${valueRegex}"
        # add an equals sign to non-empty values
        [ -n "${defaultValue}" ] &amp;&amp; defaultValue="=${defaultValue}"

        # fix the value for 'option' if one exists but does not match 'valueRegex'
        if grep -q -P "^\\s*password\\s+requisite\\s+pam_cracklib.so(\\s.+)?\\s+${VALUE_NAMES[$idx]}(?"'!'"${valueRegex}(\\s|\$))" &lt; "/etc/pam.d/common-password" ; then
            sed --follow-symlinks -i -E -e "s/^(\\s*password\\s+requisite\\s+pam_cracklib.so(\\s.+)?\\s)${VALUE_NAMES[$idx]}=[^[:space:]]*/\\1${VALUE_NAMES[$idx]}${defaultValue}/" "/etc/pam.d/common-password"

        # add 'option=default' if option is not set
        elif grep -q -E "^\\s*password\\s+requisite\\s+pam_cracklib.so" &lt; "/etc/pam.d/common-password" &amp;&amp;
                grep    -E "^\\s*password\\s+requisite\\s+pam_cracklib.so" &lt; "/etc/pam.d/common-password" | grep -q -E -v "\\s${VALUE_NAMES[$idx]}(=|\\s|\$)" ; then

            sed --follow-symlinks -i -E -e "s/^(\\s*password\\s+requisite\\s+pam_cracklib.so[^\\n]*)/\\1 ${VALUE_NAMES[$idx]}${defaultValue}/" "/etc/pam.d/common-password"
        # add a new entry if none exists
        elif ! grep -q -P "^\\s*password\\s+requisite\\s+pam_cracklib.so(\\s.+)?\\s+${VALUE_NAMES[$idx]}${valueRegex}(\\s|\$)" &lt; "/etc/pam.d/common-password" ; then
            echo "password requisite pam_cracklib.so ${VALUE_NAMES[$idx]}${defaultValue}" &gt;&gt; "/etc/pam.d/common-password"
        fi
    else
        echo "/etc/pam.d/common-password doesn't exist" &gt;&amp;2
    fi
done

for idx in "${!ARGS[@]}"
do
    if ! grep -q -P "^\s*password\s+requisite\s+pam_cracklib.so.*\s+${ARGS[$idx]}\s*$" /etc/pam.d/common-password ; then
        sed --follow-symlinks -i -E -e "s/^\\s*password\\s+requisite\\s+pam_cracklib.so.*\$/&amp; ${NEW_ARGS[$idx]}/" /etc/pam.d/common-password
        if [ -n "${DEL_ARGS[$idx]}" ]; then
            sed --follow-symlinks -i -E -e "s/\s+${DEL_ARGS[$idx]}\S+\s+/ /g" /etc/pam.d/common-password
        fi
    fi
done

else
    &gt;&amp;2 echo 'Remediation is not applicable, nothing was done'
fi
</fix>
              <fix xmlns:xhtml="http://www.w3.org/1999/xhtml" id="cracklib_accounts_password_pam_lcredit" system="urn:xccdf:fix:script:ansible" complexity="low" disruption="low" strategy="restrict">- name: Gather the package facts
  package_facts:
    manager: auto
  tags:
  - CCE-85676-5
  - DISA-STIG-SLES-15-020140
  - NIST-800-53-IA-5(1)(a)
  - NIST-800-53-IA-5(1).1(v)
  - PCI-DSS-Req-8.2.3
  - PCI-DSSv4-8.3
  - PCI-DSSv4-8.3.6
  - cracklib_accounts_password_pam_lcredit
  - low_complexity
  - low_disruption
  - medium_severity
  - no_reboot_needed
  - restrict_strategy
- name: XCCDF Value var_password_pam_lcredit # promote to variable
  set_fact:
    var_password_pam_lcredit: !!str <xccdf-1.2:sub xmlns:xccdf-1.2="http://checklists.nist.gov/xccdf/1.2" idref="xccdf_org.ssgproject.content_value_var_password_pam_lcredit" use="legacy"/>
  tags:
    - always

- name: Set control_flag fact
  ansible.builtin.set_fact:
    control_flag: requisite
  when: ("kernel-default" in ansible_facts.packages or "kernel-default-base" in ansible_facts.packages)
  tags:
  - CCE-85676-5
  - DISA-STIG-SLES-15-020140
  - NIST-800-53-IA-5(1)(a)
  - NIST-800-53-IA-5(1).1(v)
  - PCI-DSS-Req-8.2.3
  - PCI-DSSv4-8.3
  - PCI-DSSv4-8.3.6
  - cracklib_accounts_password_pam_lcredit
  - low_complexity
  - low_disruption
  - medium_severity
  - no_reboot_needed
  - restrict_strategy

- name: Check to see if 'pam_cracklib.so' module is configured in '/etc/pam.d/common-password'
  ansible.builtin.shell: |
    set -o pipefail
    grep -E '^\s*password\s+\S+\s+pam_cracklib.so' /etc/pam.d/common-password || true
  register: check_pam_module_result
  when: ("kernel-default" in ansible_facts.packages or "kernel-default-base" in ansible_facts.packages)
  tags:
  - CCE-85676-5
  - DISA-STIG-SLES-15-020140
  - NIST-800-53-IA-5(1)(a)
  - NIST-800-53-IA-5(1).1(v)
  - PCI-DSS-Req-8.2.3
  - PCI-DSSv4-8.3
  - PCI-DSSv4-8.3.6
  - cracklib_accounts_password_pam_lcredit
  - low_complexity
  - low_disruption
  - medium_severity
  - no_reboot_needed
  - restrict_strategy

- name: Configure 'pam_cracklib.so' module in '/etc/pam.d/common-password'
  ansible.builtin.lineinfile:
    path: /etc/pam.d/common-password
    line: password requisite pam_cracklib.so
    state: present
  when:
  - ("kernel-default" in ansible_facts.packages or "kernel-default-base" in ansible_facts.packages)
  - check_pam_module_result.stdout is defined and '"pam_cracklib.so" not in check_pam_module_result.stdout'
  tags:
  - CCE-85676-5
  - DISA-STIG-SLES-15-020140
  - NIST-800-53-IA-5(1)(a)
  - NIST-800-53-IA-5(1).1(v)
  - PCI-DSS-Req-8.2.3
  - PCI-DSSv4-8.3
  - PCI-DSSv4-8.3.6
  - cracklib_accounts_password_pam_lcredit
  - low_complexity
  - low_disruption
  - medium_severity
  - no_reboot_needed
  - restrict_strategy

- name: Ensure 'pam_cracklib.so' module has conforming control flag
  ansible.builtin.lineinfile:
    path: /etc/pam.d/common-password
    regexp: ^(\s*password\s+)\S+(\s+pam_cracklib.so\s+.*)
    line: \g&lt;1&gt;requisite\g&lt;2&gt;
    backrefs: true
  when:
  - ("kernel-default" in ansible_facts.packages or "kernel-default-base" in ansible_facts.packages)
  - control_flag|length
  tags:
  - CCE-85676-5
  - DISA-STIG-SLES-15-020140
  - NIST-800-53-IA-5(1)(a)
  - NIST-800-53-IA-5(1).1(v)
  - PCI-DSS-Req-8.2.3
  - PCI-DSSv4-8.3
  - PCI-DSSv4-8.3.6
  - cracklib_accounts_password_pam_lcredit
  - low_complexity
  - low_disruption
  - medium_severity
  - no_reboot_needed
  - restrict_strategy

- name: Ensure "pam_cracklib.so" module has argument "lcredit={{ var_password_pam_lcredit
    }}"
  ansible.builtin.lineinfile:
    path: /etc/pam.d/common-password
    regexp: ^(\s*password\s+requisite\s+pam_cracklib.so(?:\s+\S+)*\s+lcredit=)(?:\S+)((\s+\S+)*\s*\\*\s*)$
    line: \g&lt;1&gt;{{ var_password_pam_lcredit }}\g&lt;2&gt;
    backrefs: true
  when: ("kernel-default" in ansible_facts.packages or "kernel-default-base" in ansible_facts.packages)
  tags:
  - CCE-85676-5
  - DISA-STIG-SLES-15-020140
  - NIST-800-53-IA-5(1)(a)
  - NIST-800-53-IA-5(1).1(v)
  - PCI-DSS-Req-8.2.3
  - PCI-DSSv4-8.3
  - PCI-DSSv4-8.3.6
  - cracklib_accounts_password_pam_lcredit
  - low_complexity
  - low_disruption
  - medium_severity
  - no_reboot_needed
  - restrict_strategy

- name: Check the presence of "lcredit" argument in "pam_cracklib.so" module
  ansible.builtin.shell: |
    set -o pipefail
    grep -E '^\s*password\s+requisite\s+pam_cracklib.so.*\s+lcredit(=|\s|\s*$)' /etc/pam.d/common-password || true
  register: check_pam_module_argument_result
  when: ("kernel-default" in ansible_facts.packages or "kernel-default-base" in ansible_facts.packages)
  tags:
  - CCE-85676-5
  - DISA-STIG-SLES-15-020140
  - NIST-800-53-IA-5(1)(a)
  - NIST-800-53-IA-5(1).1(v)
  - PCI-DSS-Req-8.2.3
  - PCI-DSSv4-8.3
  - PCI-DSSv4-8.3.6
  - cracklib_accounts_password_pam_lcredit
  - low_complexity
  - low_disruption
  - medium_severity
  - no_reboot_needed
  - restrict_strategy

- name: Add "lcredit" argument to "pam_cracklib.so" module
  ansible.builtin.lineinfile:
    path: /etc/pam.d/common-password
    regexp: ^(\s*password\s+requisite\s+pam_cracklib.so)((\s+\S+)*\s*(\\)*$)
    line: \g&lt;1&gt; lcredit={{ var_password_pam_lcredit }}\g&lt;2&gt;
    backrefs: true
  when:
  - ("kernel-default" in ansible_facts.packages or "kernel-default-base" in ansible_facts.packages)
  - check_pam_module_argument_result is not skipped and '"lcredit" not in check_pam_module_argument_result.stdout'
  tags:
  - CCE-85676-5
  - DISA-STIG-SLES-15-020140
  - NIST-800-53-IA-5(1)(a)
  - NIST-800-53-IA-5(1).1(v)
  - PCI-DSS-Req-8.2.3
  - PCI-DSSv4-8.3
  - PCI-DSSv4-8.3.6
  - cracklib_accounts_password_pam_lcredit
  - low_complexity
  - low_disruption
  - medium_severity
  - no_reboot_needed
  - restrict_strategy
</fix>
              <check system="http://oval.mitre.org/XMLSchema/oval-definitions-5">
                <check-export export-name="oval:ssg-var_password_pam_lcredit:var:1" value-id="xccdf_org.ssgproject.content_value_var_password_pam_lcredit"/>
                <check-content-ref name="oval:ssg-cracklib_accounts_password_pam_lcredit:def:1" href="ssg-sle15-oval.xml"/>
              </check>
              <check system="http://scap.nist.gov/schema/ocil/2">
                <check-content-ref name="ocil:ssg-cracklib_accounts_password_pam_lcredit_ocil:questionnaire:1" href="ssg-sle15-ocil.xml"/>
              </check>
            </Rule>
            <Rule id="xccdf_org.ssgproject.content_rule_cracklib_accounts_password_pam_minlen" selected="false" role="full" severity="medium">
              <title xmlns:xhtml="http://www.w3.org/1999/xhtml" xml:lang="en-US">Set Password Minimum Length</title>
              <description xmlns:xhtml="http://www.w3.org/1999/xhtml" xml:lang="en-US">The pam_cracklib module's <html:code xmlns:html="http://www.w3.org/1999/xhtml">minlen</html:code> parameter controls requirements for
minimum characters required in a password. Add <html:code xmlns:html="http://www.w3.org/1999/xhtml" xmlns:xccdf-1.2="http://checklists.nist.gov/xccdf/1.2">minlen=<xccdf-1.2:sub idref="xccdf_org.ssgproject.content_value_var_password_pam_minlen" use="legacy"/>
          </html:code>
 to set minimum password length requirements.</description>
              <reference href="https://www.pcisecuritystandards.org/documents/PCI_DSS_v3-2-1.pdf">Req-8.2.3</reference>
              <reference href="https://www.cyber.mil/stigs/downloads/?_dl_facet_stigs=operating-systems%2Cgeneral-purpose-os">SRG-OS-000078-GPOS-00046</reference>
              <reference href="https://www.cyber.mil/stigs/downloads/?_dl_facet_stigs=operating-systems%2Cunix-linux">SLES-15-020260</reference>
              <reference href="https://www.cisecurity.org/benchmark/suse_linux/">5.3.1</reference>
              <reference href="https://cyber.gouv.fr/sites/default/files/document/linux_configuration-en-v2.pdf">R31</reference>
              <reference href="https://docs-prv.pcisecuritystandards.org/PCI%20DSS/Standard/PCI-DSS-v4_0.pdf">8.3.6</reference>
              <reference href="https://docs-prv.pcisecuritystandards.org/PCI%20DSS/Standard/PCI-DSS-v4_0.pdf">8.3</reference>
              <reference href="https://www.cyber.mil/stigs/srg-stig-tools/">SV-234895r1009632_rule</reference>
              <rationale xmlns:xhtml="http://www.w3.org/1999/xhtml" xml:lang="en-US">Password length is one factor of several that helps to determine
strength and how long it takes to crack a password. Use of more characters in
a password helps to exponentially increase the time and/or resources
required to compromise the password.</rationale>
              <ident system="https://ncp.nist.gov/cce">CCE-85573-4</ident>
              <fix xmlns:xhtml="http://www.w3.org/1999/xhtml" id="cracklib_accounts_password_pam_minlen" system="urn:xccdf:fix:script:sh" complexity="low" disruption="low" strategy="restrict"># Remediation is applicable only in certain platforms
if rpm --quiet -q kernel-default || rpm --quiet -q kernel-default-base; then

declare -a VALUES=()
declare -a VALUE_NAMES=()
declare -a ARGS=()
declare -a NEW_ARGS=()
declare -a DEL_ARGS=()

var_password_pam_minlen='<xccdf-1.2:sub xmlns:xccdf-1.2="http://checklists.nist.gov/xccdf/1.2" idref="xccdf_org.ssgproject.content_value_var_password_pam_minlen" use="legacy"/>'

VALUES+=("$var_password_pam_minlen")
VALUE_NAMES+=("minlen")
ARGS+=("")
NEW_ARGS+=("")


for idx in "${!VALUES[@]}"
do
    if [ -e "/etc/pam.d/common-password" ] ; then
        valueRegex="${VALUES[$idx]}" defaultValue="${VALUES[$idx]}"
        # non-empty values need to be preceded by an equals sign
        [ -n "${valueRegex}" ] &amp;&amp; valueRegex="=${valueRegex}"
        # add an equals sign to non-empty values
        [ -n "${defaultValue}" ] &amp;&amp; defaultValue="=${defaultValue}"

        # fix the value for 'option' if one exists but does not match 'valueRegex'
        if grep -q -P "^\\s*password\\s+requisite\\s+pam_cracklib.so(\\s.+)?\\s+${VALUE_NAMES[$idx]}(?"'!'"${valueRegex}(\\s|\$))" &lt; "/etc/pam.d/common-password" ; then
            sed --follow-symlinks -i -E -e "s/^(\\s*password\\s+requisite\\s+pam_cracklib.so(\\s.+)?\\s)${VALUE_NAMES[$idx]}=[^[:space:]]*/\\1${VALUE_NAMES[$idx]}${defaultValue}/" "/etc/pam.d/common-password"

        # add 'option=default' if option is not set
        elif grep -q -E "^\\s*password\\s+requisite\\s+pam_cracklib.so" &lt; "/etc/pam.d/common-password" &amp;&amp;
                grep    -E "^\\s*password\\s+requisite\\s+pam_cracklib.so" &lt; "/etc/pam.d/common-password" | grep -q -E -v "\\s${VALUE_NAMES[$idx]}(=|\\s|\$)" ; then

            sed --follow-symlinks -i -E -e "s/^(\\s*password\\s+requisite\\s+pam_cracklib.so[^\\n]*)/\\1 ${VALUE_NAMES[$idx]}${defaultValue}/" "/etc/pam.d/common-password"
        # add a new entry if none exists
        elif ! grep -q -P "^\\s*password\\s+requisite\\s+pam_cracklib.so(\\s.+)?\\s+${VALUE_NAMES[$idx]}${valueRegex}(\\s|\$)" &lt; "/etc/pam.d/common-password" ; then
            echo "password requisite pam_cracklib.so ${VALUE_NAMES[$idx]}${defaultValue}" &gt;&gt; "/etc/pam.d/common-password"
        fi
    else
        echo "/etc/pam.d/common-password doesn't exist" &gt;&amp;2
    fi
done

for idx in "${!ARGS[@]}"
do
    if ! grep -q -P "^\s*password\s+requisite\s+pam_cracklib.so.*\s+${ARGS[$idx]}\s*$" /etc/pam.d/common-password ; then
        sed --follow-symlinks -i -E -e "s/^\\s*password\\s+requisite\\s+pam_cracklib.so.*\$/&amp; ${NEW_ARGS[$idx]}/" /etc/pam.d/common-password
        if [ -n "${DEL_ARGS[$idx]}" ]; then
            sed --follow-symlinks -i -E -e "s/\s+${DEL_ARGS[$idx]}\S+\s+/ /g" /etc/pam.d/common-password
        fi
    fi
done

else
    &gt;&amp;2 echo 'Remediation is not applicable, nothing was done'
fi
</fix>
              <fix xmlns:xhtml="http://www.w3.org/1999/xhtml" id="cracklib_accounts_password_pam_minlen" system="urn:xccdf:fix:script:ansible" complexity="low" disruption="low" strategy="restrict">- name: Gather the package facts
  package_facts:
    manager: auto
  tags:
  - CCE-85573-4
  - DISA-STIG-SLES-15-020260
  - PCI-DSS-Req-8.2.3
  - PCI-DSSv4-8.3
  - PCI-DSSv4-8.3.6
  - cracklib_accounts_password_pam_minlen
  - low_complexity
  - low_disruption
  - medium_severity
  - no_reboot_needed
  - restrict_strategy
- name: XCCDF Value var_password_pam_minlen # promote to variable
  set_fact:
    var_password_pam_minlen: !!str <xccdf-1.2:sub xmlns:xccdf-1.2="http://checklists.nist.gov/xccdf/1.2" idref="xccdf_org.ssgproject.content_value_var_password_pam_minlen" use="legacy"/>
  tags:
    - always

- name: Set control_flag fact
  ansible.builtin.set_fact:
    control_flag: requisite
  when: ("kernel-default" in ansible_facts.packages or "kernel-default-base" in ansible_facts.packages)
  tags:
  - CCE-85573-4
  - DISA-STIG-SLES-15-020260
  - PCI-DSS-Req-8.2.3
  - PCI-DSSv4-8.3
  - PCI-DSSv4-8.3.6
  - cracklib_accounts_password_pam_minlen
  - low_complexity
  - low_disruption
  - medium_severity
  - no_reboot_needed
  - restrict_strategy

- name: Check to see if 'pam_cracklib.so' module is configured in '/etc/pam.d/common-password'
  ansible.builtin.shell: |
    set -o pipefail
    grep -E '^\s*password\s+\S+\s+pam_cracklib.so' /etc/pam.d/common-password || true
  register: check_pam_module_result
  when: ("kernel-default" in ansible_facts.packages or "kernel-default-base" in ansible_facts.packages)
  tags:
  - CCE-85573-4
  - DISA-STIG-SLES-15-020260
  - PCI-DSS-Req-8.2.3
  - PCI-DSSv4-8.3
  - PCI-DSSv4-8.3.6
  - cracklib_accounts_password_pam_minlen
  - low_complexity
  - low_disruption
  - medium_severity
  - no_reboot_needed
  - restrict_strategy

- name: Configure 'pam_cracklib.so' module in '/etc/pam.d/common-password'
  ansible.builtin.lineinfile:
    path: /etc/pam.d/common-password
    line: password requisite pam_cracklib.so
    state: present
  when:
  - ("kernel-default" in ansible_facts.packages or "kernel-default-base" in ansible_facts.packages)
  - check_pam_module_result.stdout is defined and '"pam_cracklib.so" not in check_pam_module_result.stdout'
  tags:
  - CCE-85573-4
  - DISA-STIG-SLES-15-020260
  - PCI-DSS-Req-8.2.3
  - PCI-DSSv4-8.3
  - PCI-DSSv4-8.3.6
  - cracklib_accounts_password_pam_minlen
  - low_complexity
  - low_disruption
  - medium_severity
  - no_reboot_needed
  - restrict_strategy

- name: Ensure 'pam_cracklib.so' module has conforming control flag
  ansible.builtin.lineinfile:
    path: /etc/pam.d/common-password
    regexp: ^(\s*password\s+)\S+(\s+pam_cracklib.so\s+.*)
    line: \g&lt;1&gt;requisite\g&lt;2&gt;
    backrefs: true
  when:
  - ("kernel-default" in ansible_facts.packages or "kernel-default-base" in ansible_facts.packages)
  - control_flag|length
  tags:
  - CCE-85573-4
  - DISA-STIG-SLES-15-020260
  - PCI-DSS-Req-8.2.3
  - PCI-DSSv4-8.3
  - PCI-DSSv4-8.3.6
  - cracklib_accounts_password_pam_minlen
  - low_complexity
  - low_disruption
  - medium_severity
  - no_reboot_needed
  - restrict_strategy

- name: Ensure "pam_cracklib.so" module has argument "minlen={{ var_password_pam_minlen
    }}"
  ansible.builtin.lineinfile:
    path: /etc/pam.d/common-password
    regexp: ^(\s*password\s+requisite\s+pam_cracklib.so(?:\s+\S+)*\s+minlen=)(?:\S+)((\s+\S+)*\s*\\*\s*)$
    line: \g&lt;1&gt;{{ var_password_pam_minlen }}\g&lt;2&gt;
    backrefs: true
  when: ("kernel-default" in ansible_facts.packages or "kernel-default-base" in ansible_facts.packages)
  tags:
  - CCE-85573-4
  - DISA-STIG-SLES-15-020260
  - PCI-DSS-Req-8.2.3
  - PCI-DSSv4-8.3
  - PCI-DSSv4-8.3.6
  - cracklib_accounts_password_pam_minlen
  - low_complexity
  - low_disruption
  - medium_severity
  - no_reboot_needed
  - restrict_strategy

- name: Check the presence of "minlen" argument in "pam_cracklib.so" module
  ansible.builtin.shell: |
    set -o pipefail
    grep -E '^\s*password\s+requisite\s+pam_cracklib.so.*\s+minlen(=|\s|\s*$)' /etc/pam.d/common-password || true
  register: check_pam_module_argument_result
  when: ("kernel-default" in ansible_facts.packages or "kernel-default-base" in ansible_facts.packages)
  tags:
  - CCE-85573-4
  - DISA-STIG-SLES-15-020260
  - PCI-DSS-Req-8.2.3
  - PCI-DSSv4-8.3
  - PCI-DSSv4-8.3.6
  - cracklib_accounts_password_pam_minlen
  - low_complexity
  - low_disruption
  - medium_severity
  - no_reboot_needed
  - restrict_strategy

- name: Add "minlen" argument to "pam_cracklib.so" module
  ansible.builtin.lineinfile:
    path: /etc/pam.d/common-password
    regexp: ^(\s*password\s+requisite\s+pam_cracklib.so)((\s+\S+)*\s*(\\)*$)
    line: \g&lt;1&gt; minlen={{ var_password_pam_minlen }}\g&lt;2&gt;
    backrefs: true
  when:
  - ("kernel-default" in ansible_facts.packages or "kernel-default-base" in ansible_facts.packages)
  - check_pam_module_argument_result is not skipped and '"minlen" not in check_pam_module_argument_result.stdout'
  tags:
  - CCE-85573-4
  - DISA-STIG-SLES-15-020260
  - PCI-DSS-Req-8.2.3
  - PCI-DSSv4-8.3
  - PCI-DSSv4-8.3.6
  - cracklib_accounts_password_pam_minlen
  - low_complexity
  - low_disruption
  - medium_severity
  - no_reboot_needed
  - restrict_strategy
</fix>
              <check system="http://oval.mitre.org/XMLSchema/oval-definitions-5">
                <check-export export-name="oval:ssg-var_password_pam_minlen:var:1" value-id="xccdf_org.ssgproject.content_value_var_password_pam_minlen"/>
                <check-content-ref name="oval:ssg-cracklib_accounts_password_pam_minlen:def:1" href="ssg-sle15-oval.xml"/>
              </check>
              <check system="http://scap.nist.gov/schema/ocil/2">
                <check-content-ref name="ocil:ssg-cracklib_accounts_password_pam_minlen_ocil:questionnaire:1" href="ssg-sle15-ocil.xml"/>
              </check>
            </Rule>
            <Rule id="xccdf_org.ssgproject.content_rule_cracklib_accounts_password_pam_ocredit" selected="false" role="full" severity="medium">
              <title xmlns:xhtml="http://www.w3.org/1999/xhtml" xml:lang="en-US">Set Password Strength Minimum Special Characters</title>
              <description xmlns:xhtml="http://www.w3.org/1999/xhtml" xml:lang="en-US">The pam_cracklib module's <html:code xmlns:html="http://www.w3.org/1999/xhtml">ocredit=</html:code> parameter controls requirements
for usage of special (or ``other'') characters in a password. When set to a
negative number, any password will be required to contain that many special
characters. When set to a positive number, pam_cracklib will grant +1
additional length credit for each special character.
Make sure the <html:code xmlns:html="http://www.w3.org/1999/xhtml">ocredit</html:code> parameter for the pam_cracklib module is
set to less than or equal to <html:code xmlns:html="http://www.w3.org/1999/xhtml" xmlns:xccdf-1.2="http://checklists.nist.gov/xccdf/1.2"><xccdf-1.2:sub idref="xccdf_org.ssgproject.content_value_var_password_pam_ocredit" use="legacy"/></html:code>. For example, <html:code xmlns:html="http://www.w3.org/1999/xhtml" xmlns:xccdf-1.2="http://checklists.nist.gov/xccdf/1.2">ocredit=<xccdf-1.2:sub idref="xccdf_org.ssgproject.content_value_var_password_pam_ocredit" use="legacy"/>
          </html:code>.</description>
              <reference href="http://nvlpubs.nist.gov/nistpubs/SpecialPublications/NIST.SP.800-53r4.pdf">IA-5(a)</reference>
              <reference href="http://nvlpubs.nist.gov/nistpubs/SpecialPublications/NIST.SP.800-53r4.pdf">IA-5(v)</reference>
              <reference href="https://www.pcisecuritystandards.org/documents/PCI_DSS_v3-2-1.pdf">Req-8.2.3</reference>
              <reference href="https://www.cyber.mil/stigs/downloads/?_dl_facet_stigs=operating-systems%2Cgeneral-purpose-os">SRG-OS-000266-GPOS-00101</reference>
              <reference href="https://www.cyber.mil/stigs/downloads/?_dl_facet_stigs=operating-systems%2Cunix-linux">SLES-15-020270</reference>
              <reference href="https://www.cisecurity.org/benchmark/suse_linux/">5.3.1</reference>
              <reference href="https://cyber.gouv.fr/sites/default/files/document/linux_configuration-en-v2.pdf">R31</reference>
              <reference href="not_publicly_available">SLES-15-600450120</reference>
              <reference href="https://www.cyber.mil/stigs/srg-stig-tools/">SV-234896r1009633_rule</reference>
              <rationale xmlns:xhtml="http://www.w3.org/1999/xhtml" xml:lang="en-US">Requiring a minimum number of special characters makes password guessing
attacks more difficult by ensuring a larger search space.</rationale>
              <ident system="https://ncp.nist.gov/cce">CCE-85574-2</ident>
              <fix xmlns:xhtml="http://www.w3.org/1999/xhtml" id="cracklib_accounts_password_pam_ocredit" system="urn:xccdf:fix:script:sh" complexity="low" disruption="low" strategy="restrict"># Remediation is applicable only in certain platforms
if rpm --quiet -q kernel-default || rpm --quiet -q kernel-default-base; then

declare -a VALUES=()
declare -a VALUE_NAMES=()
declare -a ARGS=()
declare -a NEW_ARGS=()
declare -a DEL_ARGS=()

var_password_pam_ocredit='<xccdf-1.2:sub xmlns:xccdf-1.2="http://checklists.nist.gov/xccdf/1.2" idref="xccdf_org.ssgproject.content_value_var_password_pam_ocredit" use="legacy"/>'

VALUES+=("$var_password_pam_ocredit")
VALUE_NAMES+=("ocredit")
ARGS+=("")
NEW_ARGS+=("")


for idx in "${!VALUES[@]}"
do
    if [ -e "/etc/pam.d/common-password" ] ; then
        valueRegex="${VALUES[$idx]}" defaultValue="${VALUES[$idx]}"
        # non-empty values need to be preceded by an equals sign
        [ -n "${valueRegex}" ] &amp;&amp; valueRegex="=${valueRegex}"
        # add an equals sign to non-empty values
        [ -n "${defaultValue}" ] &amp;&amp; defaultValue="=${defaultValue}"

        # fix the value for 'option' if one exists but does not match 'valueRegex'
        if grep -q -P "^\\s*password\\s+requisite\\s+pam_cracklib.so(\\s.+)?\\s+${VALUE_NAMES[$idx]}(?"'!'"${valueRegex}(\\s|\$))" &lt; "/etc/pam.d/common-password" ; then
            sed --follow-symlinks -i -E -e "s/^(\\s*password\\s+requisite\\s+pam_cracklib.so(\\s.+)?\\s)${VALUE_NAMES[$idx]}=[^[:space:]]*/\\1${VALUE_NAMES[$idx]}${defaultValue}/" "/etc/pam.d/common-password"

        # add 'option=default' if option is not set
        elif grep -q -E "^\\s*password\\s+requisite\\s+pam_cracklib.so" &lt; "/etc/pam.d/common-password" &amp;&amp;
                grep    -E "^\\s*password\\s+requisite\\s+pam_cracklib.so" &lt; "/etc/pam.d/common-password" | grep -q -E -v "\\s${VALUE_NAMES[$idx]}(=|\\s|\$)" ; then

            sed --follow-symlinks -i -E -e "s/^(\\s*password\\s+requisite\\s+pam_cracklib.so[^\\n]*)/\\1 ${VALUE_NAMES[$idx]}${defaultValue}/" "/etc/pam.d/common-password"
        # add a new entry if none exists
        elif ! grep -q -P "^\\s*password\\s+requisite\\s+pam_cracklib.so(\\s.+)?\\s+${VALUE_NAMES[$idx]}${valueRegex}(\\s|\$)" &lt; "/etc/pam.d/common-password" ; then
            echo "password requisite pam_cracklib.so ${VALUE_NAMES[$idx]}${defaultValue}" &gt;&gt; "/etc/pam.d/common-password"
        fi
    else
        echo "/etc/pam.d/common-password doesn't exist" &gt;&amp;2
    fi
done

for idx in "${!ARGS[@]}"
do
    if ! grep -q -P "^\s*password\s+requisite\s+pam_cracklib.so.*\s+${ARGS[$idx]}\s*$" /etc/pam.d/common-password ; then
        sed --follow-symlinks -i -E -e "s/^\\s*password\\s+requisite\\s+pam_cracklib.so.*\$/&amp; ${NEW_ARGS[$idx]}/" /etc/pam.d/common-password
        if [ -n "${DEL_ARGS[$idx]}" ]; then
            sed --follow-symlinks -i -E -e "s/\s+${DEL_ARGS[$idx]}\S+\s+/ /g" /etc/pam.d/common-password
        fi
    fi
done

else
    &gt;&amp;2 echo 'Remediation is not applicable, nothing was done'
fi
</fix>
              <fix xmlns:xhtml="http://www.w3.org/1999/xhtml" id="cracklib_accounts_password_pam_ocredit" system="urn:xccdf:fix:script:ansible" complexity="low" disruption="low" strategy="restrict">- name: Gather the package facts
  package_facts:
    manager: auto
  tags:
  - CCE-85574-2
  - DISA-STIG-SLES-15-020270
  - NIST-800-53-IA-5(a)
  - NIST-800-53-IA-5(v)
  - PCI-DSS-Req-8.2.3
  - cracklib_accounts_password_pam_ocredit
  - low_complexity
  - low_disruption
  - medium_severity
  - no_reboot_needed
  - restrict_strategy
- name: XCCDF Value var_password_pam_ocredit # promote to variable
  set_fact:
    var_password_pam_ocredit: !!str <xccdf-1.2:sub xmlns:xccdf-1.2="http://checklists.nist.gov/xccdf/1.2" idref="xccdf_org.ssgproject.content_value_var_password_pam_ocredit" use="legacy"/>
  tags:
    - always

- name: Set control_flag fact
  ansible.builtin.set_fact:
    control_flag: requisite
  when: ("kernel-default" in ansible_facts.packages or "kernel-default-base" in ansible_facts.packages)
  tags:
  - CCE-85574-2
  - DISA-STIG-SLES-15-020270
  - NIST-800-53-IA-5(a)
  - NIST-800-53-IA-5(v)
  - PCI-DSS-Req-8.2.3
  - cracklib_accounts_password_pam_ocredit
  - low_complexity
  - low_disruption
  - medium_severity
  - no_reboot_needed
  - restrict_strategy

- name: Check to see if 'pam_cracklib.so' module is configured in '/etc/pam.d/common-password'
  ansible.builtin.shell: |
    set -o pipefail
    grep -E '^\s*password\s+\S+\s+pam_cracklib.so' /etc/pam.d/common-password || true
  register: check_pam_module_result
  when: ("kernel-default" in ansible_facts.packages or "kernel-default-base" in ansible_facts.packages)
  tags:
  - CCE-85574-2
  - DISA-STIG-SLES-15-020270
  - NIST-800-53-IA-5(a)
  - NIST-800-53-IA-5(v)
  - PCI-DSS-Req-8.2.3
  - cracklib_accounts_password_pam_ocredit
  - low_complexity
  - low_disruption
  - medium_severity
  - no_reboot_needed
  - restrict_strategy

- name: Configure 'pam_cracklib.so' module in '/etc/pam.d/common-password'
  ansible.builtin.lineinfile:
    path: /etc/pam.d/common-password
    line: password requisite pam_cracklib.so
    state: present
  when:
  - ("kernel-default" in ansible_facts.packages or "kernel-default-base" in ansible_facts.packages)
  - check_pam_module_result.stdout is defined and '"pam_cracklib.so" not in check_pam_module_result.stdout'
  tags:
  - CCE-85574-2
  - DISA-STIG-SLES-15-020270
  - NIST-800-53-IA-5(a)
  - NIST-800-53-IA-5(v)
  - PCI-DSS-Req-8.2.3
  - cracklib_accounts_password_pam_ocredit
  - low_complexity
  - low_disruption
  - medium_severity
  - no_reboot_needed
  - restrict_strategy

- name: Ensure 'pam_cracklib.so' module has conforming control flag
  ansible.builtin.lineinfile:
    path: /etc/pam.d/common-password
    regexp: ^(\s*password\s+)\S+(\s+pam_cracklib.so\s+.*)
    line: \g&lt;1&gt;requisite\g&lt;2&gt;
    backrefs: true
  when:
  - ("kernel-default" in ansible_facts.packages or "kernel-default-base" in ansible_facts.packages)
  - control_flag|length
  tags:
  - CCE-85574-2
  - DISA-STIG-SLES-15-020270
  - NIST-800-53-IA-5(a)
  - NIST-800-53-IA-5(v)
  - PCI-DSS-Req-8.2.3
  - cracklib_accounts_password_pam_ocredit
  - low_complexity
  - low_disruption
  - medium_severity
  - no_reboot_needed
  - restrict_strategy

- name: Ensure "pam_cracklib.so" module has argument "ocredit={{ var_password_pam_ocredit
    }}"
  ansible.builtin.lineinfile:
    path: /etc/pam.d/common-password
    regexp: ^(\s*password\s+requisite\s+pam_cracklib.so(?:\s+\S+)*\s+ocredit=)(?:\S+)((\s+\S+)*\s*\\*\s*)$
    line: \g&lt;1&gt;{{ var_password_pam_ocredit }}\g&lt;2&gt;
    backrefs: true
  when: ("kernel-default" in ansible_facts.packages or "kernel-default-base" in ansible_facts.packages)
  tags:
  - CCE-85574-2
  - DISA-STIG-SLES-15-020270
  - NIST-800-53-IA-5(a)
  - NIST-800-53-IA-5(v)
  - PCI-DSS-Req-8.2.3
  - cracklib_accounts_password_pam_ocredit
  - low_complexity
  - low_disruption
  - medium_severity
  - no_reboot_needed
  - restrict_strategy

- name: Check the presence of "ocredit" argument in "pam_cracklib.so" module
  ansible.builtin.shell: |
    set -o pipefail
    grep -E '^\s*password\s+requisite\s+pam_cracklib.so.*\s+ocredit(=|\s|\s*$)' /etc/pam.d/common-password || true
  register: check_pam_module_argument_result
  when: ("kernel-default" in ansible_facts.packages or "kernel-default-base" in ansible_facts.packages)
  tags:
  - CCE-85574-2
  - DISA-STIG-SLES-15-020270
  - NIST-800-53-IA-5(a)
  - NIST-800-53-IA-5(v)
  - PCI-DSS-Req-8.2.3
  - cracklib_accounts_password_pam_ocredit
  - low_complexity
  - low_disruption
  - medium_severity
  - no_reboot_needed
  - restrict_strategy

- name: Add "ocredit" argument to "pam_cracklib.so" module
  ansible.builtin.lineinfile:
    path: /etc/pam.d/common-password
    regexp: ^(\s*password\s+requisite\s+pam_cracklib.so)((\s+\S+)*\s*(\\)*$)
    line: \g&lt;1&gt; ocredit={{ var_password_pam_ocredit }}\g&lt;2&gt;
    backrefs: true
  when:
  - ("kernel-default" in ansible_facts.packages or "kernel-default-base" in ansible_facts.packages)
  - check_pam_module_argument_result is not skipped and '"ocredit" not in check_pam_module_argument_result.stdout'
  tags:
  - CCE-85574-2
  - DISA-STIG-SLES-15-020270
  - NIST-800-53-IA-5(a)
  - NIST-800-53-IA-5(v)
  - PCI-DSS-Req-8.2.3
  - cracklib_accounts_password_pam_ocredit
  - low_complexity
  - low_disruption
  - medium_severity
  - no_reboot_needed
  - restrict_strategy
</fix>
              <check system="http://oval.mitre.org/XMLSchema/oval-definitions-5">
                <check-export export-name="oval:ssg-var_password_pam_ocredit:var:1" value-id="xccdf_org.ssgproject.content_value_var_password_pam_ocredit"/>
                <check-content-ref name="oval:ssg-cracklib_accounts_password_pam_ocredit:def:1" href="ssg-sle15-oval.xml"/>
              </check>
              <check system="http://scap.nist.gov/schema/ocil/2">
                <check-content-ref name="ocil:ssg-cracklib_accounts_password_pam_ocredit_ocil:questionnaire:1" href="ssg-sle15-ocil.xml"/>
              </check>
            </Rule>
            <Rule id="xccdf_org.ssgproject.content_rule_cracklib_accounts_password_pam_retry" selected="false" role="full" severity="medium">
              <title xmlns:xhtml="http://www.w3.org/1999/xhtml" xml:lang="en-US">Set Password Retry Limit</title>
              <description xmlns:xhtml="http://www.w3.org/1999/xhtml" xml:lang="en-US">The pam_cracklib module's <html:code xmlns:html="http://www.w3.org/1999/xhtml">retry</html:code> parameter controls the maximum
number of times to prompt the user for the password before returning
with error. Make sure it is configured with a value that is no more than
<xccdf-1.2:sub xmlns:xccdf-1.2="http://checklists.nist.gov/xccdf/1.2" idref="xccdf_org.ssgproject.content_value_var_password_pam_retry" use="legacy"/>. For example, <html:code xmlns:html="http://www.w3.org/1999/xhtml">retry=1</html:code>.</description>
              <reference href="https://www.pcisecuritystandards.org/documents/PCI_DSS_v3-2-1.pdf">Req-8.1.6</reference>
              <reference href="https://www.pcisecuritystandards.org/documents/PCI_DSS_v3-2-1.pdf">Req-8.1.7</reference>
              <reference href="https://www.cyber.mil/stigs/downloads/?_dl_facet_stigs=operating-systems%2Cgeneral-purpose-os">SRG-OS-000480-GPOS-00225</reference>
              <reference href="https://www.cyber.mil/stigs/downloads/?_dl_facet_stigs=operating-systems%2Cunix-linux">SLES-15-020290</reference>
              <reference href="https://www.cisecurity.org/benchmark/suse_linux/">5.3.1</reference>
              <reference href="https://docs-prv.pcisecuritystandards.org/PCI%20DSS/Standard/PCI-DSS-v4_0.pdf">8.3.4</reference>
              <reference href="https://docs-prv.pcisecuritystandards.org/PCI%20DSS/Standard/PCI-DSS-v4_0.pdf">8.3</reference>
              <reference href="https://www.cyber.mil/stigs/srg-stig-tools/">SV-234897r991587_rule</reference>
              <rationale xmlns:xhtml="http://www.w3.org/1999/xhtml" xml:lang="en-US">To reduce opportunities for successful guesses and brute-force attacks.</rationale>
              <ident system="https://ncp.nist.gov/cce">CCE-85575-9</ident>
              <fix xmlns:xhtml="http://www.w3.org/1999/xhtml" id="cracklib_accounts_password_pam_retry" system="urn:xccdf:fix:script:sh" complexity="low" disruption="low" strategy="restrict"># Remediation is applicable only in certain platforms
if rpm --quiet -q kernel-default || rpm --quiet -q kernel-default-base; then

declare -a VALUES=()
declare -a VALUE_NAMES=()
declare -a ARGS=()
declare -a NEW_ARGS=()
declare -a DEL_ARGS=()

var_password_pam_retry='<xccdf-1.2:sub xmlns:xccdf-1.2="http://checklists.nist.gov/xccdf/1.2" idref="xccdf_org.ssgproject.content_value_var_password_pam_retry" use="legacy"/>'

VALUES+=("$var_password_pam_retry")
VALUE_NAMES+=("retry")
ARGS+=("")
NEW_ARGS+=("")


for idx in "${!VALUES[@]}"
do
    if [ -e "/etc/pam.d/common-password" ] ; then
        valueRegex="${VALUES[$idx]}" defaultValue="${VALUES[$idx]}"
        # non-empty values need to be preceded by an equals sign
        [ -n "${valueRegex}" ] &amp;&amp; valueRegex="=${valueRegex}"
        # add an equals sign to non-empty values
        [ -n "${defaultValue}" ] &amp;&amp; defaultValue="=${defaultValue}"

        # fix the value for 'option' if one exists but does not match 'valueRegex'
        if grep -q -P "^\\s*password\\s+requisite\\s+pam_cracklib.so(\\s.+)?\\s+${VALUE_NAMES[$idx]}(?"'!'"${valueRegex}(\\s|\$))" &lt; "/etc/pam.d/common-password" ; then
            sed --follow-symlinks -i -E -e "s/^(\\s*password\\s+requisite\\s+pam_cracklib.so(\\s.+)?\\s)${VALUE_NAMES[$idx]}=[^[:space:]]*/\\1${VALUE_NAMES[$idx]}${defaultValue}/" "/etc/pam.d/common-password"

        # add 'option=default' if option is not set
        elif grep -q -E "^\\s*password\\s+requisite\\s+pam_cracklib.so" &lt; "/etc/pam.d/common-password" &amp;&amp;
                grep    -E "^\\s*password\\s+requisite\\s+pam_cracklib.so" &lt; "/etc/pam.d/common-password" | grep -q -E -v "\\s${VALUE_NAMES[$idx]}(=|\\s|\$)" ; then

            sed --follow-symlinks -i -E -e "s/^(\\s*password\\s+requisite\\s+pam_cracklib.so[^\\n]*)/\\1 ${VALUE_NAMES[$idx]}${defaultValue}/" "/etc/pam.d/common-password"
        # add a new entry if none exists
        elif ! grep -q -P "^\\s*password\\s+requisite\\s+pam_cracklib.so(\\s.+)?\\s+${VALUE_NAMES[$idx]}${valueRegex}(\\s|\$)" &lt; "/etc/pam.d/common-password" ; then
            echo "password requisite pam_cracklib.so ${VALUE_NAMES[$idx]}${defaultValue}" &gt;&gt; "/etc/pam.d/common-password"
        fi
    else
        echo "/etc/pam.d/common-password doesn't exist" &gt;&amp;2
    fi
done

for idx in "${!ARGS[@]}"
do
    if ! grep -q -P "^\s*password\s+requisite\s+pam_cracklib.so.*\s+${ARGS[$idx]}\s*$" /etc/pam.d/common-password ; then
        sed --follow-symlinks -i -E -e "s/^\\s*password\\s+requisite\\s+pam_cracklib.so.*\$/&amp; ${NEW_ARGS[$idx]}/" /etc/pam.d/common-password
        if [ -n "${DEL_ARGS[$idx]}" ]; then
            sed --follow-symlinks -i -E -e "s/\s+${DEL_ARGS[$idx]}\S+\s+/ /g" /etc/pam.d/common-password
        fi
    fi
done

else
    &gt;&amp;2 echo 'Remediation is not applicable, nothing was done'
fi
</fix>
              <fix xmlns:xhtml="http://www.w3.org/1999/xhtml" id="cracklib_accounts_password_pam_retry" system="urn:xccdf:fix:script:ansible" complexity="low" disruption="low" strategy="restrict">- name: Gather the package facts
  package_facts:
    manager: auto
  tags:
  - CCE-85575-9
  - DISA-STIG-SLES-15-020290
  - PCI-DSS-Req-8.1.6
  - PCI-DSS-Req-8.1.7
  - PCI-DSSv4-8.3
  - PCI-DSSv4-8.3.4
  - cracklib_accounts_password_pam_retry
  - low_complexity
  - low_disruption
  - medium_severity
  - no_reboot_needed
  - restrict_strategy
- name: XCCDF Value var_password_pam_retry # promote to variable
  set_fact:
    var_password_pam_retry: !!str <xccdf-1.2:sub xmlns:xccdf-1.2="http://checklists.nist.gov/xccdf/1.2" idref="xccdf_org.ssgproject.content_value_var_password_pam_retry" use="legacy"/>
  tags:
    - always

- name: Set control_flag fact
  ansible.builtin.set_fact:
    control_flag: requisite
  when: ("kernel-default" in ansible_facts.packages or "kernel-default-base" in ansible_facts.packages)
  tags:
  - CCE-85575-9
  - DISA-STIG-SLES-15-020290
  - PCI-DSS-Req-8.1.6
  - PCI-DSS-Req-8.1.7
  - PCI-DSSv4-8.3
  - PCI-DSSv4-8.3.4
  - cracklib_accounts_password_pam_retry
  - low_complexity
  - low_disruption
  - medium_severity
  - no_reboot_needed
  - restrict_strategy

- name: Check to see if 'pam_cracklib.so' module is configured in '/etc/pam.d/common-password'
  ansible.builtin.shell: |
    set -o pipefail
    grep -E '^\s*password\s+\S+\s+pam_cracklib.so' /etc/pam.d/common-password || true
  register: check_pam_module_result
  when: ("kernel-default" in ansible_facts.packages or "kernel-default-base" in ansible_facts.packages)
  tags:
  - CCE-85575-9
  - DISA-STIG-SLES-15-020290
  - PCI-DSS-Req-8.1.6
  - PCI-DSS-Req-8.1.7
  - PCI-DSSv4-8.3
  - PCI-DSSv4-8.3.4
  - cracklib_accounts_password_pam_retry
  - low_complexity
  - low_disruption
  - medium_severity
  - no_reboot_needed
  - restrict_strategy

- name: Configure 'pam_cracklib.so' module in '/etc/pam.d/common-password'
  ansible.builtin.lineinfile:
    path: /etc/pam.d/common-password
    line: password requisite pam_cracklib.so
    state: present
  when:
  - ("kernel-default" in ansible_facts.packages or "kernel-default-base" in ansible_facts.packages)
  - check_pam_module_result.stdout is defined and '"pam_cracklib.so" not in check_pam_module_result.stdout'
  tags:
  - CCE-85575-9
  - DISA-STIG-SLES-15-020290
  - PCI-DSS-Req-8.1.6
  - PCI-DSS-Req-8.1.7
  - PCI-DSSv4-8.3
  - PCI-DSSv4-8.3.4
  - cracklib_accounts_password_pam_retry
  - low_complexity
  - low_disruption
  - medium_severity
  - no_reboot_needed
  - restrict_strategy

- name: Ensure 'pam_cracklib.so' module has conforming control flag
  ansible.builtin.lineinfile:
    path: /etc/pam.d/common-password
    regexp: ^(\s*password\s+)\S+(\s+pam_cracklib.so\s+.*)
    line: \g&lt;1&gt;requisite\g&lt;2&gt;
    backrefs: true
  when:
  - ("kernel-default" in ansible_facts.packages or "kernel-default-base" in ansible_facts.packages)
  - control_flag|length
  tags:
  - CCE-85575-9
  - DISA-STIG-SLES-15-020290
  - PCI-DSS-Req-8.1.6
  - PCI-DSS-Req-8.1.7
  - PCI-DSSv4-8.3
  - PCI-DSSv4-8.3.4
  - cracklib_accounts_password_pam_retry
  - low_complexity
  - low_disruption
  - medium_severity
  - no_reboot_needed
  - restrict_strategy

- name: Ensure "pam_cracklib.so" module has argument "retry={{ var_password_pam_retry
    }}"
  ansible.builtin.lineinfile:
    path: /etc/pam.d/common-password
    regexp: ^(\s*password\s+requisite\s+pam_cracklib.so(?:\s+\S+)*\s+retry=)(?:\S+)((\s+\S+)*\s*\\*\s*)$
    line: \g&lt;1&gt;{{ var_password_pam_retry }}\g&lt;2&gt;
    backrefs: true
  when: ("kernel-default" in ansible_facts.packages or "kernel-default-base" in ansible_facts.packages)
  tags:
  - CCE-85575-9
  - DISA-STIG-SLES-15-020290
  - PCI-DSS-Req-8.1.6
  - PCI-DSS-Req-8.1.7
  - PCI-DSSv4-8.3
  - PCI-DSSv4-8.3.4
  - cracklib_accounts_password_pam_retry
  - low_complexity
  - low_disruption
  - medium_severity
  - no_reboot_needed
  - restrict_strategy

- name: Check the presence of "retry" argument in "pam_cracklib.so" module
  ansible.builtin.shell: |
    set -o pipefail
    grep -E '^\s*password\s+requisite\s+pam_cracklib.so.*\s+retry(=|\s|\s*$)' /etc/pam.d/common-password || true
  register: check_pam_module_argument_result
  when: ("kernel-default" in ansible_facts.packages or "kernel-default-base" in ansible_facts.packages)
  tags:
  - CCE-85575-9
  - DISA-STIG-SLES-15-020290
  - PCI-DSS-Req-8.1.6
  - PCI-DSS-Req-8.1.7
  - PCI-DSSv4-8.3
  - PCI-DSSv4-8.3.4
  - cracklib_accounts_password_pam_retry
  - low_complexity
  - low_disruption
  - medium_severity
  - no_reboot_needed
  - restrict_strategy

- name: Add "retry" argument to "pam_cracklib.so" module
  ansible.builtin.lineinfile:
    path: /etc/pam.d/common-password
    regexp: ^(\s*password\s+requisite\s+pam_cracklib.so)((\s+\S+)*\s*(\\)*$)
    line: \g&lt;1&gt; retry={{ var_password_pam_retry }}\g&lt;2&gt;
    backrefs: true
  when:
  - ("kernel-default" in ansible_facts.packages or "kernel-default-base" in ansible_facts.packages)
  - check_pam_module_argument_result is not skipped and '"retry" not in check_pam_module_argument_result.stdout'
  tags:
  - CCE-85575-9
  - DISA-STIG-SLES-15-020290
  - PCI-DSS-Req-8.1.6
  - PCI-DSS-Req-8.1.7
  - PCI-DSSv4-8.3
  - PCI-DSSv4-8.3.4
  - cracklib_accounts_password_pam_retry
  - low_complexity
  - low_disruption
  - medium_severity
  - no_reboot_needed
  - restrict_strategy
</fix>
              <check system="http://oval.mitre.org/XMLSchema/oval-definitions-5">
                <check-export export-name="oval:ssg-var_password_pam_retry:var:1" value-id="xccdf_org.ssgproject.content_value_var_password_pam_retry"/>
                <check-content-ref name="oval:ssg-cracklib_accounts_password_pam_retry:def:1" href="ssg-sle15-oval.xml"/>
              </check>
              <check system="http://scap.nist.gov/schema/ocil/2">
                <check-content-ref name="ocil:ssg-cracklib_accounts_password_pam_retry_ocil:questionnaire:1" href="ssg-sle15-ocil.xml"/>
              </check>
            </Rule>
            <Rule id="xccdf_org.ssgproject.content_rule_cracklib_accounts_password_pam_ucredit" selected="false" role="full" severity="medium">
              <title xmlns:xhtml="http://www.w3.org/1999/xhtml" xml:lang="en-US">Set Password Strength Minimum Uppercase Characters</title>
              <description xmlns:xhtml="http://www.w3.org/1999/xhtml" xml:lang="en-US">The pam_cracklib module's <html:code xmlns:html="http://www.w3.org/1999/xhtml">ucredit=</html:code> parameter controls requirements
for usage of uppercase letters in a password. When set to a negative
number, any password will be required to contain that many uppercase
characters. When set to a positive number, pam_cracklib will grant +1
additional length credit for each uppercase character.
Add <html:code xmlns:html="http://www.w3.org/1999/xhtml">ucredit=-1</html:code> after pam_cracklib.so to require use of an upper
case character in passwords.</description>
              <reference href="http://nvlpubs.nist.gov/nistpubs/SpecialPublications/NIST.SP.800-53r4.pdf">IA-5(1)(a)</reference>
              <reference href="http://nvlpubs.nist.gov/nistpubs/SpecialPublications/NIST.SP.800-53r4.pdf">IA-5(1).1(v)</reference>
              <reference href="https://www.pcisecuritystandards.org/documents/PCI_DSS_v3-2-1.pdf">Req-8.2.3</reference>
              <reference href="https://www.cyber.mil/stigs/downloads/?_dl_facet_stigs=operating-systems%2Cgeneral-purpose-os">SRG-OS-000069-GPOS-00037</reference>
              <reference href="https://www.cyber.mil/stigs/downloads/?_dl_facet_stigs=operating-systems%2Cunix-linux">SLES-15-020130</reference>
              <reference href="https://www.cisecurity.org/benchmark/suse_linux/">5.3.1</reference>
              <reference href="https://cyber.gouv.fr/sites/default/files/document/linux_configuration-en-v2.pdf">R31</reference>
              <reference href="not_publicly_available">SLES-15-600450120</reference>
              <reference href="https://www.cyber.mil/stigs/srg-stig-tools/">SV-234882r1009621_rule</reference>
              <rationale xmlns:xhtml="http://www.w3.org/1999/xhtml" xml:lang="en-US">Requiring a minimum number of uppercase characters makes password guessing
attacks more difficult by ensuring a larger search space.</rationale>
              <ident system="https://ncp.nist.gov/cce">CCE-85675-7</ident>
              <fix xmlns:xhtml="http://www.w3.org/1999/xhtml" id="cracklib_accounts_password_pam_ucredit" system="urn:xccdf:fix:script:sh" complexity="low" disruption="low" strategy="restrict"># Remediation is applicable only in certain platforms
if rpm --quiet -q kernel-default || rpm --quiet -q kernel-default-base; then

declare -a VALUES=()
declare -a VALUE_NAMES=()
declare -a ARGS=()
declare -a NEW_ARGS=()
declare -a DEL_ARGS=()

var_password_pam_ucredit='<xccdf-1.2:sub xmlns:xccdf-1.2="http://checklists.nist.gov/xccdf/1.2" idref="xccdf_org.ssgproject.content_value_var_password_pam_ucredit" use="legacy"/>'

VALUES+=("$var_password_pam_ucredit")
VALUE_NAMES+=("ucredit")
ARGS+=("")
NEW_ARGS+=("")


for idx in "${!VALUES[@]}"
do
    if [ -e "/etc/pam.d/common-password" ] ; then
        valueRegex="${VALUES[$idx]}" defaultValue="${VALUES[$idx]}"
        # non-empty values need to be preceded by an equals sign
        [ -n "${valueRegex}" ] &amp;&amp; valueRegex="=${valueRegex}"
        # add an equals sign to non-empty values
        [ -n "${defaultValue}" ] &amp;&amp; defaultValue="=${defaultValue}"

        # fix the value for 'option' if one exists but does not match 'valueRegex'
        if grep -q -P "^\\s*password\\s+requisite\\s+pam_cracklib.so(\\s.+)?\\s+${VALUE_NAMES[$idx]}(?"'!'"${valueRegex}(\\s|\$))" &lt; "/etc/pam.d/common-password" ; then
            sed --follow-symlinks -i -E -e "s/^(\\s*password\\s+requisite\\s+pam_cracklib.so(\\s.+)?\\s)${VALUE_NAMES[$idx]}=[^[:space:]]*/\\1${VALUE_NAMES[$idx]}${defaultValue}/" "/etc/pam.d/common-password"

        # add 'option=default' if option is not set
        elif grep -q -E "^\\s*password\\s+requisite\\s+pam_cracklib.so" &lt; "/etc/pam.d/common-password" &amp;&amp;
                grep    -E "^\\s*password\\s+requisite\\s+pam_cracklib.so" &lt; "/etc/pam.d/common-password" | grep -q -E -v "\\s${VALUE_NAMES[$idx]}(=|\\s|\$)" ; then

            sed --follow-symlinks -i -E -e "s/^(\\s*password\\s+requisite\\s+pam_cracklib.so[^\\n]*)/\\1 ${VALUE_NAMES[$idx]}${defaultValue}/" "/etc/pam.d/common-password"
        # add a new entry if none exists
        elif ! grep -q -P "^\\s*password\\s+requisite\\s+pam_cracklib.so(\\s.+)?\\s+${VALUE_NAMES[$idx]}${valueRegex}(\\s|\$)" &lt; "/etc/pam.d/common-password" ; then
            echo "password requisite pam_cracklib.so ${VALUE_NAMES[$idx]}${defaultValue}" &gt;&gt; "/etc/pam.d/common-password"
        fi
    else
        echo "/etc/pam.d/common-password doesn't exist" &gt;&amp;2
    fi
done

for idx in "${!ARGS[@]}"
do
    if ! grep -q -P "^\s*password\s+requisite\s+pam_cracklib.so.*\s+${ARGS[$idx]}\s*$" /etc/pam.d/common-password ; then
        sed --follow-symlinks -i -E -e "s/^\\s*password\\s+requisite\\s+pam_cracklib.so.*\$/&amp; ${NEW_ARGS[$idx]}/" /etc/pam.d/common-password
        if [ -n "${DEL_ARGS[$idx]}" ]; then
            sed --follow-symlinks -i -E -e "s/\s+${DEL_ARGS[$idx]}\S+\s+/ /g" /etc/pam.d/common-password
        fi
    fi
done

else
    &gt;&amp;2 echo 'Remediation is not applicable, nothing was done'
fi
</fix>
              <fix xmlns:xhtml="http://www.w3.org/1999/xhtml" id="cracklib_accounts_password_pam_ucredit" system="urn:xccdf:fix:script:ansible" complexity="low" disruption="low" strategy="restrict">- name: Gather the package facts
  package_facts:
    manager: auto
  tags:
  - CCE-85675-7
  - DISA-STIG-SLES-15-020130
  - NIST-800-53-IA-5(1)(a)
  - NIST-800-53-IA-5(1).1(v)
  - PCI-DSS-Req-8.2.3
  - cracklib_accounts_password_pam_ucredit
  - low_complexity
  - low_disruption
  - medium_severity
  - no_reboot_needed
  - restrict_strategy
- name: XCCDF Value var_password_pam_ucredit # promote to variable
  set_fact:
    var_password_pam_ucredit: !!str <xccdf-1.2:sub xmlns:xccdf-1.2="http://checklists.nist.gov/xccdf/1.2" idref="xccdf_org.ssgproject.content_value_var_password_pam_ucredit" use="legacy"/>
  tags:
    - always

- name: Set control_flag fact
  ansible.builtin.set_fact:
    control_flag: requisite
  when: ("kernel-default" in ansible_facts.packages or "kernel-default-base" in ansible_facts.packages)
  tags:
  - CCE-85675-7
  - DISA-STIG-SLES-15-020130
  - NIST-800-53-IA-5(1)(a)
  - NIST-800-53-IA-5(1).1(v)
  - PCI-DSS-Req-8.2.3
  - cracklib_accounts_password_pam_ucredit
  - low_complexity
  - low_disruption
  - medium_severity
  - no_reboot_needed
  - restrict_strategy

- name: Check to see if 'pam_cracklib.so' module is configured in '/etc/pam.d/common-password'
  ansible.builtin.shell: |
    set -o pipefail
    grep -E '^\s*password\s+\S+\s+pam_cracklib.so' /etc/pam.d/common-password || true
  register: check_pam_module_result
  when: ("kernel-default" in ansible_facts.packages or "kernel-default-base" in ansible_facts.packages)
  tags:
  - CCE-85675-7
  - DISA-STIG-SLES-15-020130
  - NIST-800-53-IA-5(1)(a)
  - NIST-800-53-IA-5(1).1(v)
  - PCI-DSS-Req-8.2.3
  - cracklib_accounts_password_pam_ucredit
  - low_complexity
  - low_disruption
  - medium_severity
  - no_reboot_needed
  - restrict_strategy

- name: Configure 'pam_cracklib.so' module in '/etc/pam.d/common-password'
  ansible.builtin.lineinfile:
    path: /etc/pam.d/common-password
    line: password requisite pam_cracklib.so
    state: present
  when:
  - ("kernel-default" in ansible_facts.packages or "kernel-default-base" in ansible_facts.packages)
  - check_pam_module_result.stdout is defined and '"pam_cracklib.so" not in check_pam_module_result.stdout'
  tags:
  - CCE-85675-7
  - DISA-STIG-SLES-15-020130
  - NIST-800-53-IA-5(1)(a)
  - NIST-800-53-IA-5(1).1(v)
  - PCI-DSS-Req-8.2.3
  - cracklib_accounts_password_pam_ucredit
  - low_complexity
  - low_disruption
  - medium_severity
  - no_reboot_needed
  - restrict_strategy

- name: Ensure 'pam_cracklib.so' module has conforming control flag
  ansible.builtin.lineinfile:
    path: /etc/pam.d/common-password
    regexp: ^(\s*password\s+)\S+(\s+pam_cracklib.so\s+.*)
    line: \g&lt;1&gt;requisite\g&lt;2&gt;
    backrefs: true
  when:
  - ("kernel-default" in ansible_facts.packages or "kernel-default-base" in ansible_facts.packages)
  - control_flag|length
  tags:
  - CCE-85675-7
  - DISA-STIG-SLES-15-020130
  - NIST-800-53-IA-5(1)(a)
  - NIST-800-53-IA-5(1).1(v)
  - PCI-DSS-Req-8.2.3
  - cracklib_accounts_password_pam_ucredit
  - low_complexity
  - low_disruption
  - medium_severity
  - no_reboot_needed
  - restrict_strategy

- name: Ensure "pam_cracklib.so" module has argument "ucredit={{ var_password_pam_ucredit
    }}"
  ansible.builtin.lineinfile:
    path: /etc/pam.d/common-password
    regexp: ^(\s*password\s+requisite\s+pam_cracklib.so(?:\s+\S+)*\s+ucredit=)(?:\S+)((\s+\S+)*\s*\\*\s*)$
    line: \g&lt;1&gt;{{ var_password_pam_ucredit }}\g&lt;2&gt;
    backrefs: true
  when: ("kernel-default" in ansible_facts.packages or "kernel-default-base" in ansible_facts.packages)
  tags:
  - CCE-85675-7
  - DISA-STIG-SLES-15-020130
  - NIST-800-53-IA-5(1)(a)
  - NIST-800-53-IA-5(1).1(v)
  - PCI-DSS-Req-8.2.3
  - cracklib_accounts_password_pam_ucredit
  - low_complexity
  - low_disruption
  - medium_severity
  - no_reboot_needed
  - restrict_strategy

- name: Check the presence of "ucredit" argument in "pam_cracklib.so" module
  ansible.builtin.shell: |
    set -o pipefail
    grep -E '^\s*password\s+requisite\s+pam_cracklib.so.*\s+ucredit(=|\s|\s*$)' /etc/pam.d/common-password || true
  register: check_pam_module_argument_result
  when: ("kernel-default" in ansible_facts.packages or "kernel-default-base" in ansible_facts.packages)
  tags:
  - CCE-85675-7
  - DISA-STIG-SLES-15-020130
  - NIST-800-53-IA-5(1)(a)
  - NIST-800-53-IA-5(1).1(v)
  - PCI-DSS-Req-8.2.3
  - cracklib_accounts_password_pam_ucredit
  - low_complexity
  - low_disruption
  - medium_severity
  - no_reboot_needed
  - restrict_strategy

- name: Add "ucredit" argument to "pam_cracklib.so" module
  ansible.builtin.lineinfile:
    path: /etc/pam.d/common-password
    regexp: ^(\s*password\s+requisite\s+pam_cracklib.so)((\s+\S+)*\s*(\\)*$)
    line: \g&lt;1&gt; ucredit={{ var_password_pam_ucredit }}\g&lt;2&gt;
    backrefs: true
  when:
  - ("kernel-default" in ansible_facts.packages or "kernel-default-base" in ansible_facts.packages)
  - check_pam_module_argument_result is not skipped and '"ucredit" not in check_pam_module_argument_result.stdout'
  tags:
  - CCE-85675-7
  - DISA-STIG-SLES-15-020130
  - NIST-800-53-IA-5(1)(a)
  - NIST-800-53-IA-5(1).1(v)
  - PCI-DSS-Req-8.2.3
  - cracklib_accounts_password_pam_ucredit
  - low_complexity
  - low_disruption
  - medium_severity
  - no_reboot_needed
  - restrict_strategy
</fix>
              <check system="http://oval.mitre.org/XMLSchema/oval-definitions-5">
                <check-export export-name="oval:ssg-var_password_pam_ucredit:var:1" value-id="xccdf_org.ssgproject.content_value_var_password_pam_ucredit"/>
                <check-content-ref name="oval:ssg-cracklib_accounts_password_pam_ucredit:def:1" href="ssg-sle15-oval.xml"/>
              </check>
              <check system="http://scap.nist.gov/schema/ocil/2">
                <check-content-ref name="ocil:ssg-cracklib_accounts_password_pam_ucredit_ocil:questionnaire:1" href="ssg-sle15-ocil.xml"/>
              </check>
            </Rule>
          </Group>
          <Group id="xccdf_org.ssgproject.content_group_password_quality_pwquality">
            <title xmlns:xhtml="http://www.w3.org/1999/xhtml" xml:lang="en-US">Set Password Quality Requirements with pam_pwquality</title>
            <description xmlns:xhtml="http://www.w3.org/1999/xhtml" xml:lang="en-US">The <html:code xmlns:html="http://www.w3.org/1999/xhtml">pam_pwquality</html:code> PAM module can be configured to meet
requirements for a variety of policies.
<html:br xmlns:html="http://www.w3.org/1999/xhtml"/>
         <html:br xmlns:html="http://www.w3.org/1999/xhtml"/>
For example, to configure <html:code xmlns:html="http://www.w3.org/1999/xhtml">pam_pwquality</html:code> to require at least one uppercase
character, lowercase character, digit, and other (special)
character, make sure that <html:code xmlns:html="http://www.w3.org/1999/xhtml">pam_pwquality</html:code> exists in <html:code xmlns:html="http://www.w3.org/1999/xhtml">/etc/pam.d/system-auth</html:code>:
<html:pre xmlns:html="http://www.w3.org/1999/xhtml">password    requisite     pam_pwquality.so try_first_pass local_users_only retry=3 authtok_type=</html:pre>
If no such line exists, add one as the first line of the password section in <html:code xmlns:html="http://www.w3.org/1999/xhtml">/etc/pam.d/system-auth</html:code>.
Next, modify the settings in <html:code xmlns:html="http://www.w3.org/1999/xhtml">/etc/security/pwquality.conf</html:code> to match the following:
<html:pre xmlns:html="http://www.w3.org/1999/xhtml">difok = 4
minlen = 14
dcredit = -1
ucredit = -1
lcredit = -1
ocredit = -1
maxrepeat = 3</html:pre>
The arguments can be modified to ensure compliance with
your organization's security policy. Discussion of each parameter follows.</description>
            <Value id="xccdf_org.ssgproject.content_value_var_password_pam_dcredit" type="number">
              <title xmlns:xhtml="http://www.w3.org/1999/xhtml" xml:lang="en-US">dcredit</title>
              <description xmlns:xhtml="http://www.w3.org/1999/xhtml" xml:lang="en-US">Minimum number of digits in password</description>
              <value selector="0">0</value>
              <value selector="1">-1</value>
              <value selector="2">-2</value>
              <value>-1</value>
            </Value>
            <Value id="xccdf_org.ssgproject.content_value_var_password_pam_difok" type="number">
              <title xmlns:xhtml="http://www.w3.org/1999/xhtml" xml:lang="en-US">difok</title>
              <description xmlns:xhtml="http://www.w3.org/1999/xhtml" xml:lang="en-US">Minimum number of characters not present in old
password</description>
              <value selector="15">15</value>
              <value selector="1">1</value>
              <value selector="2">2</value>
              <value selector="3">3</value>
              <value selector="4">4</value>
              <value selector="5">5</value>
              <value selector="6">6</value>
              <value selector="7">7</value>
              <value selector="8">8</value>
              <value>8</value>
            </Value>
            <Value id="xccdf_org.ssgproject.content_value_var_password_pam_lcredit" type="number">
              <title xmlns:xhtml="http://www.w3.org/1999/xhtml" xml:lang="en-US">lcredit</title>
              <description xmlns:xhtml="http://www.w3.org/1999/xhtml" xml:lang="en-US">Minimum number of lower case in password</description>
              <value selector="0">0</value>
              <value selector="1">-1</value>
              <value selector="2">-2</value>
              <value>-1</value>
            </Value>
            <Value id="xccdf_org.ssgproject.content_value_var_password_pam_minclass" type="number">
              <title xmlns:xhtml="http://www.w3.org/1999/xhtml" xml:lang="en-US">minclass</title>
              <description xmlns:xhtml="http://www.w3.org/1999/xhtml" xml:lang="en-US">Minimum number of categories of characters that must exist in a password</description>
              <value selector="1">1</value>
              <value selector="2">2</value>
              <value selector="3">3</value>
              <value selector="4">4</value>
              <value>3</value>
            </Value>
            <Value id="xccdf_org.ssgproject.content_value_var_password_pam_minlen" type="number">
              <title xmlns:xhtml="http://www.w3.org/1999/xhtml" xml:lang="en-US">minlen</title>
              <description xmlns:xhtml="http://www.w3.org/1999/xhtml" xml:lang="en-US">Minimum number of characters in password</description>
              <value selector="10">10</value>
              <value selector="12">12</value>
              <value selector="14">14</value>
              <value selector="15">15</value>
              <value selector="17">17</value>
              <value selector="18">18</value>
              <value selector="20">20</value>
              <value selector="6">6</value>
              <value selector="7">7</value>
              <value selector="8">8</value>
              <value>15</value>
            </Value>
            <Value id="xccdf_org.ssgproject.content_value_var_password_pam_ocredit" type="number">
              <title xmlns:xhtml="http://www.w3.org/1999/xhtml" xml:lang="en-US">ocredit</title>
              <description xmlns:xhtml="http://www.w3.org/1999/xhtml" xml:lang="en-US">Minimum number of other (special characters) in
password</description>
              <value selector="0">0</value>
              <value selector="1">-1</value>
              <value selector="2">-2</value>
              <value>-1</value>
            </Value>
            <Value id="xccdf_org.ssgproject.content_value_var_password_pam_retry" type="number">
              <title xmlns:xhtml="http://www.w3.org/1999/xhtml" xml:lang="en-US">retry</title>
              <description xmlns:xhtml="http://www.w3.org/1999/xhtml" xml:lang="en-US">Number of retry attempts before erroring out</description>
              <value selector="1">1</value>
              <value selector="2">2</value>
              <value selector="3">3</value>
              <value selector="4">4</value>
              <value selector="5">5</value>
              <value>3</value>
            </Value>
            <Value id="xccdf_org.ssgproject.content_value_var_password_pam_ucredit" type="number">
              <title xmlns:xhtml="http://www.w3.org/1999/xhtml" xml:lang="en-US">ucredit</title>
              <description xmlns:xhtml="http://www.w3.org/1999/xhtml" xml:lang="en-US">Minimum number of upper case in password</description>
              <value selector="0">0</value>
              <value selector="1">-1</value>
              <value selector="2">-2</value>
              <value>-1</value>
            </Value>
            <Rule id="xccdf_org.ssgproject.content_rule_accounts_password_pam_minlen" selected="false" role="full" severity="medium">
              <title xmlns:xhtml="http://www.w3.org/1999/xhtml" xml:lang="en-US">Ensure PAM Enforces Password Requirements - Minimum Length</title>
              <description xmlns:xhtml="http://www.w3.org/1999/xhtml" xml:lang="en-US">The pam_pwquality module's <html:code xmlns:html="http://www.w3.org/1999/xhtml">minlen</html:code> parameter controls requirements for
minimum characters required in a password. Add <html:code xmlns:html="http://www.w3.org/1999/xhtml" xmlns:xccdf-1.2="http://checklists.nist.gov/xccdf/1.2">minlen=<xccdf-1.2:sub idref="xccdf_org.ssgproject.content_value_var_password_pam_minlen" use="legacy"/>
          </html:code>
after pam_pwquality to set minimum password length requirements.</description>
              <reference href="https://www.cisecurity.org/controls/">1</reference>
              <reference href="https://www.cisecurity.org/controls/">12</reference>
              <reference href="https://www.cisecurity.org/controls/">15</reference>
              <reference href="https://www.cisecurity.org/controls/">16</reference>
              <reference href="https://www.cisecurity.org/controls/">5</reference>
              <reference href="https://www.fbi.gov/file-repository/cjis-security-policy-v5_5_20160601-2-1.pdf">5.6.2.1.1</reference>
              <reference href="https://www.isaca.org/resources/cobit">DSS05.04</reference>
              <reference href="https://www.isaca.org/resources/cobit">DSS05.05</reference>
              <reference href="https://www.isaca.org/resources/cobit">DSS05.07</reference>
              <reference href="https://www.isaca.org/resources/cobit">DSS05.10</reference>
              <reference href="https://www.isaca.org/resources/cobit">DSS06.03</reference>
              <reference href="https://www.isaca.org/resources/cobit">DSS06.10</reference>
              <reference href="https://www.isa.org/products/isa-62443-2-1-2009-security-for-industrial-automat">4.3.3.2.2</reference>
              <reference href="https://www.isa.org/products/isa-62443-2-1-2009-security-for-industrial-automat">4.3.3.5.1</reference>
              <reference href="https://www.isa.org/products/isa-62443-2-1-2009-security-for-industrial-automat">4.3.3.5.2</reference>
              <reference href="https://www.isa.org/products/isa-62443-2-1-2009-security-for-industrial-automat">4.3.3.6.1</reference>
              <reference href="https://www.isa.org/products/isa-62443-2-1-2009-security-for-industrial-automat">4.3.3.6.2</reference>
              <reference href="https://www.isa.org/products/isa-62443-2-1-2009-security-for-industrial-automat">4.3.3.6.3</reference>
              <reference href="https://www.isa.org/products/isa-62443-2-1-2009-security-for-industrial-automat">4.3.3.6.4</reference>
              <reference href="https://www.isa.org/products/isa-62443-2-1-2009-security-for-industrial-automat">4.3.3.6.5</reference>
              <reference href="https://www.isa.org/products/isa-62443-2-1-2009-security-for-industrial-automat">4.3.3.6.6</reference>
              <reference href="https://www.isa.org/products/isa-62443-2-1-2009-security-for-industrial-automat">4.3.3.6.7</reference>
              <reference href="https://www.isa.org/products/isa-62443-2-1-2009-security-for-industrial-automat">4.3.3.6.8</reference>
              <reference href="https://www.isa.org/products/isa-62443-2-1-2009-security-for-industrial-automat">4.3.3.6.9</reference>
              <reference href="https://www.isa.org/products/isa-62443-2-1-2009-security-for-industrial-automat">4.3.3.7.2</reference>
              <reference href="https://www.isa.org/products/isa-62443-2-1-2009-security-for-industrial-automat">4.3.3.7.4</reference>
              <reference href="https://www.isa.org/products/ansi-isa-62443-3-3-99-03-03-2013-security-for-indu">SR 1.1</reference>
              <reference href="https://www.isa.org/products/ansi-isa-62443-3-3-99-03-03-2013-security-for-indu">SR 1.10</reference>
              <reference href="https://www.isa.org/products/ansi-isa-62443-3-3-99-03-03-2013-security-for-indu">SR 1.2</reference>
              <reference href="https://www.isa.org/products/ansi-isa-62443-3-3-99-03-03-2013-security-for-indu">SR 1.3</reference>
              <reference href="https://www.isa.org/products/ansi-isa-62443-3-3-99-03-03-2013-security-for-indu">SR 1.4</reference>
              <reference href="https://www.isa.org/products/ansi-isa-62443-3-3-99-03-03-2013-security-for-indu">SR 1.5</reference>
              <reference href="https://www.isa.org/products/ansi-isa-62443-3-3-99-03-03-2013-security-for-indu">SR 1.7</reference>
              <reference href="https://www.isa.org/products/ansi-isa-62443-3-3-99-03-03-2013-security-for-indu">SR 1.8</reference>
              <reference href="https://www.isa.org/products/ansi-isa-62443-3-3-99-03-03-2013-security-for-indu">SR 1.9</reference>
              <reference href="https://www.isa.org/products/ansi-isa-62443-3-3-99-03-03-2013-security-for-indu">SR 2.1</reference>
              <reference href="https://www.iso.org/contents/data/standard/05/45/54534.html">A.18.1.4</reference>
              <reference href="https://www.iso.org/contents/data/standard/05/45/54534.html">A.7.1.1</reference>
              <reference href="https://www.iso.org/contents/data/standard/05/45/54534.html">A.9.2.1</reference>
              <reference href="https://www.iso.org/contents/data/standard/05/45/54534.html">A.9.2.2</reference>
              <reference href="https://www.iso.org/contents/data/standard/05/45/54534.html">A.9.2.3</reference>
              <reference href="https://www.iso.org/contents/data/standard/05/45/54534.html">A.9.2.4</reference>
              <reference href="https://www.iso.org/contents/data/standard/05/45/54534.html">A.9.2.6</reference>
              <reference href="https://www.iso.org/contents/data/standard/05/45/54534.html">A.9.3.1</reference>
              <reference href="https://www.iso.org/contents/data/standard/05/45/54534.html">A.9.4.2</reference>
              <reference href="https://www.iso.org/contents/data/standard/05/45/54534.html">A.9.4.3</reference>
              <reference href="http://nvlpubs.nist.gov/nistpubs/SpecialPublications/NIST.SP.800-53r4.pdf">IA-5(c)</reference>
              <reference href="http://nvlpubs.nist.gov/nistpubs/SpecialPublications/NIST.SP.800-53r4.pdf">IA-5(1)(a)</reference>
              <reference href="http://nvlpubs.nist.gov/nistpubs/SpecialPublications/NIST.SP.800-53r4.pdf">CM-6(a)</reference>
              <reference href="http://nvlpubs.nist.gov/nistpubs/SpecialPublications/NIST.SP.800-53r4.pdf">IA-5(4)</reference>
              <reference href="https://nvlpubs.nist.gov/nistpubs/CSWP/NIST.CSWP.04162018.pdf">PR.AC-1</reference>
              <reference href="https://nvlpubs.nist.gov/nistpubs/CSWP/NIST.CSWP.04162018.pdf">PR.AC-6</reference>
              <reference href="https://nvlpubs.nist.gov/nistpubs/CSWP/NIST.CSWP.04162018.pdf">PR.AC-7</reference>
              <reference href="https://www.niap-ccevs.org/Profile/PP.cfm">FMT_SMF_EXT.1</reference>
              <reference href="https://www.pcisecuritystandards.org/documents/PCI_DSS_v3-2-1.pdf">Req-8.2.3</reference>
              <reference href="https://www.cyber.mil/stigs/downloads/?_dl_facet_stigs=operating-systems%2Cgeneral-purpose-os">SRG-OS-000078-GPOS-00046</reference>
              <reference href="https://www.cisecurity.org/benchmark/suse_linux/">5.3.1</reference>
              <reference href="https://cyber.gouv.fr/sites/default/files/document/linux_configuration-en-v2.pdf">R31</reference>
              <reference href="https://cyber.gouv.fr/sites/default/files/document/linux_configuration-en-v2.pdf">R68</reference>
              <reference href="not_publicly_available">SLES-15-600450105</reference>
              <reference href="https://www.cyber.gov.au/acsc/view-all-content/ism">0421</reference>
              <reference href="https://www.cyber.gov.au/acsc/view-all-content/ism">0422</reference>
              <reference href="https://www.cyber.gov.au/acsc/view-all-content/ism">0974</reference>
              <reference href="https://www.cyber.gov.au/acsc/view-all-content/ism">1173</reference>
              <reference href="https://www.cyber.gov.au/acsc/view-all-content/ism">1401</reference>
              <reference href="https://www.cyber.gov.au/acsc/view-all-content/ism">1504</reference>
              <reference href="https://www.cyber.gov.au/acsc/view-all-content/ism">1505</reference>
              <reference href="https://www.cyber.gov.au/acsc/view-all-content/ism">1546</reference>
              <reference href="https://www.cyber.gov.au/acsc/view-all-content/ism">1557</reference>
              <reference href="https://www.cyber.gov.au/acsc/view-all-content/ism">1558</reference>
              <reference href="https://www.cyber.gov.au/acsc/view-all-content/ism">1559</reference>
              <reference href="https://www.cyber.gov.au/acsc/view-all-content/ism">1560</reference>
              <reference href="https://www.cyber.gov.au/acsc/view-all-content/ism">1561</reference>
              <reference href="https://docs-prv.pcisecuritystandards.org/PCI%20DSS/Standard/PCI-DSS-v4_0.pdf">8.3.6</reference>
              <reference href="https://docs-prv.pcisecuritystandards.org/PCI%20DSS/Standard/PCI-DSS-v4_0.pdf">8.3</reference>
              <rationale xmlns:xhtml="http://www.w3.org/1999/xhtml" xml:lang="en-US">The shorter the password, the lower the number of possible combinations
that need to be tested before the password is compromised.
<html:br xmlns:html="http://www.w3.org/1999/xhtml"/>
Password complexity, or strength, is a measure of the effectiveness of a
password in resisting attempts at guessing and brute-force attacks.
Password length is one factor of several that helps to determine strength
and how long it takes to crack a password. Use of more characters in a password
helps to exponentially increase the time and/or resources required to
compromise the password.</rationale>
              <platform idref="#package_libpwquality"/>
              <ident system="https://ncp.nist.gov/cce">CCE-85785-4</ident>
              <fix xmlns:xhtml="http://www.w3.org/1999/xhtml" id="accounts_password_pam_minlen" system="urn:xccdf:fix:script:sh" complexity="low" disruption="low" strategy="restrict"># Remediation is applicable only in certain platforms
if rpm --quiet -q kernel-default || rpm --quiet -q kernel-default-base &amp;&amp; { rpm --quiet -q libpwquality; }; then

var_password_pam_minlen='<xccdf-1.2:sub xmlns:xccdf-1.2="http://checklists.nist.gov/xccdf/1.2" idref="xccdf_org.ssgproject.content_value_var_password_pam_minlen" use="legacy"/>'








# Strip any search characters in the key arg so that the key can be replaced without
# adding any search characters to the config file.
stripped_key=$(sed 's/[\^=\$,;+]*//g' &lt;&lt;&lt; "^minlen")

# shellcheck disable=SC2059
printf -v formatted_output "%s = %s" "$stripped_key" "$var_password_pam_minlen"

# If the key exists, change it. Otherwise, add it to the config_file.
# We search for the key string followed by a word boundary (matched by \&gt;),
# so if we search for 'setting', 'setting2' won't match.
if LC_ALL=C grep -q -m 1 -i -e "^minlen\\&gt;" "/etc/security/pwquality.conf"; then
    escaped_formatted_output=$(sed -e 's|/|\\/|g' &lt;&lt;&lt; "$formatted_output")
    LC_ALL=C sed -i --follow-symlinks "s/^minlen\\&gt;.*/$escaped_formatted_output/gi" "/etc/security/pwquality.conf"
else
    if [[ -s "/etc/security/pwquality.conf" ]] &amp;&amp; [[ -n "$(tail -c 1 -- "/etc/security/pwquality.conf" || true)" ]]; then
        LC_ALL=C sed -i --follow-symlinks '$a'\\ "/etc/security/pwquality.conf"
    fi
    cce="CCE-85785-4"
    printf '# Per %s: Set %s in %s\n' "${cce}" "${formatted_output}" "/etc/security/pwquality.conf" &gt;&gt; "/etc/security/pwquality.conf"
    printf '%s\n' "$formatted_output" &gt;&gt; "/etc/security/pwquality.conf"
fi

else
    &gt;&amp;2 echo 'Remediation is not applicable, nothing was done'
fi
</fix>
              <fix xmlns:xhtml="http://www.w3.org/1999/xhtml" id="accounts_password_pam_minlen" system="urn:xccdf:fix:script:ansible" complexity="low" disruption="low" strategy="restrict">- name: Gather the package facts
  package_facts:
    manager: auto
  tags:
  - CCE-85785-4
  - CJIS-5.6.2.1.1
  - NIST-800-53-CM-6(a)
  - NIST-800-53-IA-5(1)(a)
  - NIST-800-53-IA-5(4)
  - NIST-800-53-IA-5(c)
  - PCI-DSS-Req-8.2.3
  - PCI-DSSv4-8.3
  - PCI-DSSv4-8.3.6
  - accounts_password_pam_minlen
  - low_complexity
  - low_disruption
  - medium_severity
  - no_reboot_needed
  - restrict_strategy
- name: XCCDF Value var_password_pam_minlen # promote to variable
  set_fact:
    var_password_pam_minlen: !!str <xccdf-1.2:sub xmlns:xccdf-1.2="http://checklists.nist.gov/xccdf/1.2" idref="xccdf_org.ssgproject.content_value_var_password_pam_minlen" use="legacy"/>
  tags:
    - always

- name: Ensure PAM Enforces Password Requirements - Minimum Length - Ensure PAM variable
    minlen is set accordingly
  ansible.builtin.lineinfile:
    create: true
    dest: /etc/security/pwquality.conf
    regexp: ^#?\s*minlen
    line: minlen = {{ var_password_pam_minlen }}
  when:
  - ("kernel-default" in ansible_facts.packages or "kernel-default-base" in ansible_facts.packages)
  - '"libpwquality" in ansible_facts.packages'
  tags:
  - CCE-85785-4
  - CJIS-5.6.2.1.1
  - NIST-800-53-CM-6(a)
  - NIST-800-53-IA-5(1)(a)
  - NIST-800-53-IA-5(4)
  - NIST-800-53-IA-5(c)
  - PCI-DSS-Req-8.2.3
  - PCI-DSSv4-8.3
  - PCI-DSSv4-8.3.6
  - accounts_password_pam_minlen
  - low_complexity
  - low_disruption
  - medium_severity
  - no_reboot_needed
  - restrict_strategy
</fix>
              <check system="http://oval.mitre.org/XMLSchema/oval-definitions-5">
                <check-export export-name="oval:ssg-var_password_pam_minlen:var:1" value-id="xccdf_org.ssgproject.content_value_var_password_pam_minlen"/>
                <check-content-ref name="oval:ssg-accounts_password_pam_minlen:def:1" href="ssg-sle15-oval.xml"/>
              </check>
              <check system="http://scap.nist.gov/schema/ocil/2">
                <check-content-ref name="ocil:ssg-accounts_password_pam_minlen_ocil:questionnaire:1" href="ssg-sle15-ocil.xml"/>
              </check>
            </Rule>
          </Group>
        </Group>
        <Group id="xccdf_org.ssgproject.content_group_set_password_hashing_algorithm">
          <title xmlns:xhtml="http://www.w3.org/1999/xhtml" xml:lang="en-US">Set Password Hashing Algorithm</title>
          <description xmlns:xhtml="http://www.w3.org/1999/xhtml" xml:lang="en-US">The system's default algorithm for storing password hashes in
<html:code xmlns:html="http://www.w3.org/1999/xhtml">/etc/shadow</html:code> is SHA-512. This can be configured in several
locations.</description>
          <platform idref="#system_with_kernel"/>
          <Value id="xccdf_org.ssgproject.content_value_var_password_hashing_min_rounds_login_defs" type="number">
            <title xmlns:xhtml="http://www.w3.org/1999/xhtml" xml:lang="en-US">Minimum number of password hashing rounds configured through /etc/login.defs</title>
            <description xmlns:xhtml="http://www.w3.org/1999/xhtml" xml:lang="en-US">Minimum number of password hashing rounds configured through /etc/login.defs</description>
            <value>5000</value>
            <value selector="5000">5000</value>
            <value selector="100000">100000</value>
          </Value>
          <Rule id="xccdf_org.ssgproject.content_rule_set_password_hashing_algorithm_commonauth" selected="false" role="full" severity="medium">
            <title xmlns:xhtml="http://www.w3.org/1999/xhtml" xml:lang="en-US">Set PAM's Common Authentication Hashing Algorithm</title>
            <description xmlns:xhtml="http://www.w3.org/1999/xhtml" xml:lang="en-US">The PAM system service can be configured to only store encrypted
representations of passwords. In
<html:code xmlns:html="http://www.w3.org/1999/xhtml">/etc/pam.d/common-auth</html:code>,
the
<html:code xmlns:html="http://www.w3.org/1999/xhtml">auth</html:code> section of the file controls which PAM modules execute
during a password change. Set the <html:code xmlns:html="http://www.w3.org/1999/xhtml">pam_unix.so</html:code> module in the
<html:code xmlns:html="http://www.w3.org/1999/xhtml">auth</html:code> section to include the argument <html:code xmlns:html="http://www.w3.org/1999/xhtml">sha512</html:code>, as shown
below:
<html:br xmlns:html="http://www.w3.org/1999/xhtml"/>
         <html:pre xmlns:html="http://www.w3.org/1999/xhtml">auth   required    pam_unix.so sha512 <html:i>other arguments...</html:i>
         </html:pre>
         <html:br xmlns:html="http://www.w3.org/1999/xhtml"/>
This will help ensure when local users change their authentication method,
hashes for the new authentications will be generated using the SHA-512
algorithm. This is the default.</description>
            <reference href="http://nvlpubs.nist.gov/nistpubs/SpecialPublications/NIST.SP.800-53r4.pdf">IA-7</reference>
            <reference href="http://nvlpubs.nist.gov/nistpubs/SpecialPublications/NIST.SP.800-53r4.pdf">IA-7.1</reference>
            <reference href="https://www.pcisecuritystandards.org/documents/PCI_DSS_v3-2-1.pdf">Req-8.2.1</reference>
            <reference href="https://www.cyber.mil/stigs/downloads/?_dl_facet_stigs=operating-systems%2Cgeneral-purpose-os">SRG-OS-000120-GPOS-00061</reference>
            <reference href="https://docs-prv.pcisecuritystandards.org/PCI%20DSS/Standard/PCI-DSS-v4_0.pdf">8.3.2</reference>
            <reference href="https://docs-prv.pcisecuritystandards.org/PCI%20DSS/Standard/PCI-DSS-v4_0.pdf">8.3</reference>
            <rationale xmlns:xhtml="http://www.w3.org/1999/xhtml" xml:lang="en-US">Unapproved mechanisms used for authentication to the cryptographic module
are not verified and therefore cannot be relied on to provide
confidentiality or integrity, and data may be compromised.
This setting ensures user and group account administration utilities are
configured to store only encrypted representations of passwords.
Additionally, the <html:code xmlns:html="http://www.w3.org/1999/xhtml">crypt_style</html:code> configuration option ensures the use
of a strong hashing algorithm that makes password cracking attacks more
difficult.</rationale>
            <platform idref="#package_pam"/>
            <ident system="https://ncp.nist.gov/cce">CCE-85754-0</ident>
            <fix xmlns:xhtml="http://www.w3.org/1999/xhtml" id="set_password_hashing_algorithm_commonauth" system="urn:xccdf:fix:script:sh"># Remediation is applicable only in certain platforms
if rpm --quiet -q kernel-default || rpm --quiet -q kernel-default-base &amp;&amp; { rpm --quiet -q pam; }; then

if [ -e "/etc/pam.d/common-auth" ] ; then
    valueRegex="" defaultValue=""
    # non-empty values need to be preceded by an equals sign
    [ -n "${valueRegex}" ] &amp;&amp; valueRegex="=${valueRegex}"
    # add an equals sign to non-empty values
    [ -n "${defaultValue}" ] &amp;&amp; defaultValue="=${defaultValue}"

    # fix 'type' if it's wrong
    if grep -q -P "^\\s*(?"'!'"auth\\s)[[:alnum:]]+\\s+[[:alnum:]]+\\s+pam_unix.so" &lt; "/etc/pam.d/common-auth" ; then
        sed --follow-symlinks -i -E -e "s/^(\\s*)[[:alnum:]]+(\\s+[[:alnum:]]+\\s+pam_unix.so)/\\1auth\\2/" "/etc/pam.d/common-auth"
    fi

    # fix 'control' if it's wrong
    if grep -q -P "^\\s*auth\\s+(?"'!'"required)[[:alnum:]]+\\s+pam_unix.so" &lt; "/etc/pam.d/common-auth" ; then
        sed --follow-symlinks -i -E -e "s/^(\\s*auth\\s+)[[:alnum:]]+(\\s+pam_unix.so)/\\1required\\2/" "/etc/pam.d/common-auth"
    fi

    # fix the value for 'option' if one exists but does not match 'valueRegex'
    if grep -q -P "^\\s*auth\\s+required\\s+pam_unix.so(\\s.+)?\\s+sha512(?"'!'"${valueRegex}(\\s|\$))" &lt; "/etc/pam.d/common-auth" ; then
        sed --follow-symlinks -i -E -e "s/^(\\s*auth\\s+required\\s+pam_unix.so(\\s.+)?\\s)sha512=[^[:space:]]*/\\1sha512${defaultValue}/" "/etc/pam.d/common-auth"

    # add 'option=default' if option is not set
    elif grep -q -E "^\\s*auth\\s+required\\s+pam_unix.so" &lt; "/etc/pam.d/common-auth" &amp;&amp;
            grep    -E "^\\s*auth\\s+required\\s+pam_unix.so" &lt; "/etc/pam.d/common-auth" | grep -q -E -v "\\ssha512(=|\\s|\$)" ; then

        sed --follow-symlinks -i -E -e "s/^(\\s*auth\\s+required\\s+pam_unix.so[^\\n]*)/\\1 sha512${defaultValue}/" "/etc/pam.d/common-auth"
    # add a new entry if none exists
    elif ! grep -q -P "^\\s*auth\\s+required\\s+pam_unix.so(\\s.+)?\\s+sha512${valueRegex}(\\s|\$)" &lt; "/etc/pam.d/common-auth" ; then
        echo "auth required pam_unix.so sha512${defaultValue}" &gt;&gt; "/etc/pam.d/common-auth"
    fi
else
    echo "/etc/pam.d/common-auth doesn't exist" &gt;&amp;2
fi

else
    &gt;&amp;2 echo 'Remediation is not applicable, nothing was done'
fi
</fix>
            <fix xmlns:xhtml="http://www.w3.org/1999/xhtml" id="set_password_hashing_algorithm_commonauth" system="urn:xccdf:fix:script:ansible" complexity="low" disruption="low" strategy="restrict">- name: Gather the package facts
  package_facts:
    manager: auto
  tags:
  - CCE-85754-0
  - NIST-800-53-IA-7
  - NIST-800-53-IA-7.1
  - PCI-DSS-Req-8.2.1
  - PCI-DSSv4-8.3
  - PCI-DSSv4-8.3.2
  - low_complexity
  - low_disruption
  - medium_severity
  - no_reboot_needed
  - restrict_strategy
  - set_password_hashing_algorithm_commonauth

- name: Set control_flag fact
  ansible.builtin.set_fact:
    control_flag: required
  when:
  - ("kernel-default" in ansible_facts.packages or "kernel-default-base" in ansible_facts.packages)
  - '"pam" in ansible_facts.packages'
  tags:
  - CCE-85754-0
  - NIST-800-53-IA-7
  - NIST-800-53-IA-7.1
  - PCI-DSS-Req-8.2.1
  - PCI-DSSv4-8.3
  - PCI-DSSv4-8.3.2
  - low_complexity
  - low_disruption
  - medium_severity
  - no_reboot_needed
  - restrict_strategy
  - set_password_hashing_algorithm_commonauth

- name: Check to see if 'pam_unix.so' module is configured in '/etc/pam.d/common-auth'
  ansible.builtin.shell: |
    set -o pipefail
    grep -E '^\s*auth\s+\S+\s+pam_unix.so' /etc/pam.d/common-auth || true
  register: check_pam_module_result
  when:
  - ("kernel-default" in ansible_facts.packages or "kernel-default-base" in ansible_facts.packages)
  - '"pam" in ansible_facts.packages'
  tags:
  - CCE-85754-0
  - NIST-800-53-IA-7
  - NIST-800-53-IA-7.1
  - PCI-DSS-Req-8.2.1
  - PCI-DSSv4-8.3
  - PCI-DSSv4-8.3.2
  - low_complexity
  - low_disruption
  - medium_severity
  - no_reboot_needed
  - restrict_strategy
  - set_password_hashing_algorithm_commonauth

- name: Configure 'pam_unix.so' module in '/etc/pam.d/common-auth'
  ansible.builtin.lineinfile:
    path: /etc/pam.d/common-auth
    line: auth required pam_unix.so
    state: present
  when:
  - ("kernel-default" in ansible_facts.packages or "kernel-default-base" in ansible_facts.packages)
  - '"pam" in ansible_facts.packages'
  - check_pam_module_result.stdout is defined and '"pam_unix.so" not in check_pam_module_result.stdout'
  tags:
  - CCE-85754-0
  - NIST-800-53-IA-7
  - NIST-800-53-IA-7.1
  - PCI-DSS-Req-8.2.1
  - PCI-DSSv4-8.3
  - PCI-DSSv4-8.3.2
  - low_complexity
  - low_disruption
  - medium_severity
  - no_reboot_needed
  - restrict_strategy
  - set_password_hashing_algorithm_commonauth

- name: Ensure 'pam_unix.so' module has conforming control flag
  ansible.builtin.lineinfile:
    path: /etc/pam.d/common-auth
    regexp: ^(\s*auth\s+)\S+(\s+pam_unix.so\s+.*)
    line: \g&lt;1&gt;required\g&lt;2&gt;
    backrefs: true
  when:
  - ("kernel-default" in ansible_facts.packages or "kernel-default-base" in ansible_facts.packages)
  - '"pam" in ansible_facts.packages'
  - control_flag|length
  tags:
  - CCE-85754-0
  - NIST-800-53-IA-7
  - NIST-800-53-IA-7.1
  - PCI-DSS-Req-8.2.1
  - PCI-DSSv4-8.3
  - PCI-DSSv4-8.3.2
  - low_complexity
  - low_disruption
  - medium_severity
  - no_reboot_needed
  - restrict_strategy
  - set_password_hashing_algorithm_commonauth

- name: Set argument_value fact
  ansible.builtin.set_fact:
    argument_value: ''
  when:
  - ("kernel-default" in ansible_facts.packages or "kernel-default-base" in ansible_facts.packages)
  - '"pam" in ansible_facts.packages'
  tags:
  - CCE-85754-0
  - NIST-800-53-IA-7
  - NIST-800-53-IA-7.1
  - PCI-DSS-Req-8.2.1
  - PCI-DSSv4-8.3
  - PCI-DSSv4-8.3.2
  - low_complexity
  - low_disruption
  - medium_severity
  - no_reboot_needed
  - restrict_strategy
  - set_password_hashing_algorithm_commonauth

- name: Ensure "pam_unix.so" module has argument "sha512"
  ansible.builtin.lineinfile:
    path: /etc/pam.d/common-auth
    regexp: ^(\s*auth\s+required\s+pam_unix.so(?:\s+\S+)*\s+sha512=)(?!)\S*((\s+\S+)*\s*\\*\s*)$
    line: \g&lt;1&gt;\g&lt;2&gt;
    backrefs: true
  when:
  - ("kernel-default" in ansible_facts.packages or "kernel-default-base" in ansible_facts.packages)
  - '"pam" in ansible_facts.packages'
  - argument_value|length
  tags:
  - CCE-85754-0
  - NIST-800-53-IA-7
  - NIST-800-53-IA-7.1
  - PCI-DSS-Req-8.2.1
  - PCI-DSSv4-8.3
  - PCI-DSSv4-8.3.2
  - low_complexity
  - low_disruption
  - medium_severity
  - no_reboot_needed
  - restrict_strategy
  - set_password_hashing_algorithm_commonauth

- name: Check the presence of "sha512" argument in "pam_unix.so" module
  ansible.builtin.shell: |
    set -o pipefail
    grep -E '^\s*auth\s+required\s+pam_unix.so.*\s+sha512(=|\s|\s*$)' /etc/pam.d/common-auth || true
  register: check_pam_module_argument_result
  when:
  - ("kernel-default" in ansible_facts.packages or "kernel-default-base" in ansible_facts.packages)
  - '"pam" in ansible_facts.packages'
  tags:
  - CCE-85754-0
  - NIST-800-53-IA-7
  - NIST-800-53-IA-7.1
  - PCI-DSS-Req-8.2.1
  - PCI-DSSv4-8.3
  - PCI-DSSv4-8.3.2
  - low_complexity
  - low_disruption
  - medium_severity
  - no_reboot_needed
  - restrict_strategy
  - set_password_hashing_algorithm_commonauth

- name: Add "sha512" argument to "pam_unix.so" module
  ansible.builtin.lineinfile:
    path: /etc/pam.d/common-auth
    regexp: ^(\s*auth\s+required\s+pam_unix.so)((\s+\S+)*\s*(\\)*$)
    line: \g&lt;1&gt; sha512\g&lt;2&gt;
    backrefs: true
  when:
  - ("kernel-default" in ansible_facts.packages or "kernel-default-base" in ansible_facts.packages)
  - '"pam" in ansible_facts.packages'
  - check_pam_module_argument_result is not skipped and '"sha512" not in check_pam_module_argument_result.stdout'
  tags:
  - CCE-85754-0
  - NIST-800-53-IA-7
  - NIST-800-53-IA-7.1
  - PCI-DSS-Req-8.2.1
  - PCI-DSSv4-8.3
  - PCI-DSSv4-8.3.2
  - low_complexity
  - low_disruption
  - medium_severity
  - no_reboot_needed
  - restrict_strategy
  - set_password_hashing_algorithm_commonauth
</fix>
            <check system="http://oval.mitre.org/XMLSchema/oval-definitions-5">
              <check-content-ref name="oval:ssg-set_password_hashing_algorithm_commonauth:def:1" href="ssg-sle15-oval.xml"/>
            </check>
            <check system="http://scap.nist.gov/schema/ocil/2">
              <check-content-ref name="ocil:ssg-set_password_hashing_algorithm_commonauth_ocil:questionnaire:1" href="ssg-sle15-ocil.xml"/>
            </check>
          </Rule>
          <Rule id="xccdf_org.ssgproject.content_rule_set_password_hashing_algorithm_libuserconf" selected="false" role="full" severity="medium">
            <title xmlns:xhtml="http://www.w3.org/1999/xhtml" xml:lang="en-US">Set Password Hashing Algorithm in /etc/libuser.conf</title>
            <description xmlns:xhtml="http://www.w3.org/1999/xhtml" xml:lang="en-US">In <html:code xmlns:html="http://www.w3.org/1999/xhtml">/etc/libuser.conf</html:code>, add or correct the following line in its <html:code xmlns:html="http://www.w3.org/1999/xhtml">[defaults]</html:code>
section to ensure the system will use the <xccdf-1.2:sub xmlns:xccdf-1.2="http://checklists.nist.gov/xccdf/1.2" idref="xccdf_org.ssgproject.content_value_var_password_hashing_algorithm_pam" use="legacy"/>
algorithm for password hashing:
<html:pre xmlns:html="http://www.w3.org/1999/xhtml" xmlns:xccdf-1.2="http://checklists.nist.gov/xccdf/1.2">crypt_style = <xccdf-1.2:sub idref="xccdf_org.ssgproject.content_value_var_password_hashing_algorithm_pam" use="legacy"/>
         </html:pre>
        </description>
            <reference href="https://www.cisecurity.org/controls/">1</reference>
            <reference href="https://www.cisecurity.org/controls/">12</reference>
            <reference href="https://www.cisecurity.org/controls/">15</reference>
            <reference href="https://www.cisecurity.org/controls/">16</reference>
            <reference href="https://www.cisecurity.org/controls/">5</reference>
            <reference href="https://www.fbi.gov/file-repository/cjis-security-policy-v5_5_20160601-2-1.pdf">5.6.2.2</reference>
            <reference href="https://www.isaca.org/resources/cobit">DSS05.04</reference>
            <reference href="https://www.isaca.org/resources/cobit">DSS05.05</reference>
            <reference href="https://www.isaca.org/resources/cobit">DSS05.07</reference>
            <reference href="https://www.isaca.org/resources/cobit">DSS05.10</reference>
            <reference href="https://www.isaca.org/resources/cobit">DSS06.03</reference>
            <reference href="https://www.isaca.org/resources/cobit">DSS06.10</reference>
            <reference href="http://nvlpubs.nist.gov/nistpubs/SpecialPublications/NIST.SP.800-171.pdf">3.13.11</reference>
            <reference href="https://www.isa.org/products/isa-62443-2-1-2009-security-for-industrial-automat">4.3.3.2.2</reference>
            <reference href="https://www.isa.org/products/isa-62443-2-1-2009-security-for-industrial-automat">4.3.3.5.1</reference>
            <reference href="https://www.isa.org/products/isa-62443-2-1-2009-security-for-industrial-automat">4.3.3.5.2</reference>
            <reference href="https://www.isa.org/products/isa-62443-2-1-2009-security-for-industrial-automat">4.3.3.6.1</reference>
            <reference href="https://www.isa.org/products/isa-62443-2-1-2009-security-for-industrial-automat">4.3.3.6.2</reference>
            <reference href="https://www.isa.org/products/isa-62443-2-1-2009-security-for-industrial-automat">4.3.3.6.3</reference>
            <reference href="https://www.isa.org/products/isa-62443-2-1-2009-security-for-industrial-automat">4.3.3.6.4</reference>
            <reference href="https://www.isa.org/products/isa-62443-2-1-2009-security-for-industrial-automat">4.3.3.6.5</reference>
            <reference href="https://www.isa.org/products/isa-62443-2-1-2009-security-for-industrial-automat">4.3.3.6.6</reference>
            <reference href="https://www.isa.org/products/isa-62443-2-1-2009-security-for-industrial-automat">4.3.3.6.7</reference>
            <reference href="https://www.isa.org/products/isa-62443-2-1-2009-security-for-industrial-automat">4.3.3.6.8</reference>
            <reference href="https://www.isa.org/products/isa-62443-2-1-2009-security-for-industrial-automat">4.3.3.6.9</reference>
            <reference href="https://www.isa.org/products/isa-62443-2-1-2009-security-for-industrial-automat">4.3.3.7.2</reference>
            <reference href="https://www.isa.org/products/isa-62443-2-1-2009-security-for-industrial-automat">4.3.3.7.4</reference>
            <reference href="https://www.isa.org/products/ansi-isa-62443-3-3-99-03-03-2013-security-for-indu">SR 1.1</reference>
            <reference href="https://www.isa.org/products/ansi-isa-62443-3-3-99-03-03-2013-security-for-indu">SR 1.10</reference>
            <reference href="https://www.isa.org/products/ansi-isa-62443-3-3-99-03-03-2013-security-for-indu">SR 1.2</reference>
            <reference href="https://www.isa.org/products/ansi-isa-62443-3-3-99-03-03-2013-security-for-indu">SR 1.3</reference>
            <reference href="https://www.isa.org/products/ansi-isa-62443-3-3-99-03-03-2013-security-for-indu">SR 1.4</reference>
            <reference href="https://www.isa.org/products/ansi-isa-62443-3-3-99-03-03-2013-security-for-indu">SR 1.5</reference>
            <reference href="https://www.isa.org/products/ansi-isa-62443-3-3-99-03-03-2013-security-for-indu">SR 1.7</reference>
            <reference href="https://www.isa.org/products/ansi-isa-62443-3-3-99-03-03-2013-security-for-indu">SR 1.8</reference>
            <reference href="https://www.isa.org/products/ansi-isa-62443-3-3-99-03-03-2013-security-for-indu">SR 1.9</reference>
            <reference href="https://www.isa.org/products/ansi-isa-62443-3-3-99-03-03-2013-security-for-indu">SR 2.1</reference>
            <reference href="https://www.iso.org/contents/data/standard/05/45/54534.html">A.18.1.4</reference>
            <reference href="https://www.iso.org/contents/data/standard/05/45/54534.html">A.7.1.1</reference>
            <reference href="https://www.iso.org/contents/data/standard/05/45/54534.html">A.9.2.1</reference>
            <reference href="https://www.iso.org/contents/data/standard/05/45/54534.html">A.9.2.2</reference>
            <reference href="https://www.iso.org/contents/data/standard/05/45/54534.html">A.9.2.3</reference>
            <reference href="https://www.iso.org/contents/data/standard/05/45/54534.html">A.9.2.4</reference>
            <reference href="https://www.iso.org/contents/data/standard/05/45/54534.html">A.9.2.6</reference>
            <reference href="https://www.iso.org/contents/data/standard/05/45/54534.html">A.9.3.1</reference>
            <reference href="https://www.iso.org/contents/data/standard/05/45/54534.html">A.9.4.2</reference>
            <reference href="https://www.iso.org/contents/data/standard/05/45/54534.html">A.9.4.3</reference>
            <reference href="http://nvlpubs.nist.gov/nistpubs/SpecialPublications/NIST.SP.800-53r4.pdf">IA-5(c)</reference>
            <reference href="http://nvlpubs.nist.gov/nistpubs/SpecialPublications/NIST.SP.800-53r4.pdf">IA-5(1)(c)</reference>
            <reference href="http://nvlpubs.nist.gov/nistpubs/SpecialPublications/NIST.SP.800-53r4.pdf">CM-6(a)</reference>
            <reference href="https://nvlpubs.nist.gov/nistpubs/CSWP/NIST.CSWP.04162018.pdf">PR.AC-1</reference>
            <reference href="https://nvlpubs.nist.gov/nistpubs/CSWP/NIST.CSWP.04162018.pdf">PR.AC-6</reference>
            <reference href="https://nvlpubs.nist.gov/nistpubs/CSWP/NIST.CSWP.04162018.pdf">PR.AC-7</reference>
            <reference href="https://www.pcisecuritystandards.org/documents/PCI_DSS_v3-2-1.pdf">Req-8.2.1</reference>
            <reference href="https://www.cyber.mil/stigs/downloads/?_dl_facet_stigs=operating-systems%2Cgeneral-purpose-os">SRG-OS-000073-GPOS-00041</reference>
            <reference href="https://www.cyber.gov.au/acsc/view-all-content/ism">0418</reference>
            <reference href="https://www.cyber.gov.au/acsc/view-all-content/ism">1055</reference>
            <reference href="https://www.cyber.gov.au/acsc/view-all-content/ism">1402</reference>
            <reference href="https://docs-prv.pcisecuritystandards.org/PCI%20DSS/Standard/PCI-DSS-v4_0.pdf">8.3.2</reference>
            <reference href="https://docs-prv.pcisecuritystandards.org/PCI%20DSS/Standard/PCI-DSS-v4_0.pdf">8.3</reference>
            <rationale xmlns:xhtml="http://www.w3.org/1999/xhtml" xml:lang="en-US">Passwords need to be protected at all times, and encryption is the standard method for
protecting passwords. If passwords are not encrypted, they can be plainly read
(i.e., clear text) and easily compromised. Passwords that are encrypted with a weak algorithm
are no more protected than if they are kept in plain text.
<html:br xmlns:html="http://www.w3.org/1999/xhtml"/>
         <html:br xmlns:html="http://www.w3.org/1999/xhtml"/>
This setting ensures user and group account administration utilities are configured to store
only encrypted representations of passwords. Additionally, the <html:code xmlns:html="http://www.w3.org/1999/xhtml">crypt_style</html:code>
configuration option in <html:code xmlns:html="http://www.w3.org/1999/xhtml">/etc/libuser.conf</html:code> ensures the use of a strong hashing
algorithm that makes password cracking attacks more difficult.</rationale>
            <platform idref="#package_libuser"/>
            <ident system="https://ncp.nist.gov/cce">CCE-85798-7</ident>
            <fix xmlns:xhtml="http://www.w3.org/1999/xhtml" id="set_password_hashing_algorithm_libuserconf" system="urn:xccdf:fix:script:sh"># Remediation is applicable only in certain platforms
if rpm --quiet -q kernel-default || rpm --quiet -q kernel-default-base &amp;&amp; { rpm --quiet -q libuser; }; then

var_password_hashing_algorithm_pam='<xccdf-1.2:sub xmlns:xccdf-1.2="http://checklists.nist.gov/xccdf/1.2" idref="xccdf_org.ssgproject.content_value_var_password_hashing_algorithm_pam" use="legacy"/>'

LIBUSER_CONF="/etc/libuser.conf"
CRYPT_STYLE_REGEX='[[:space:]]*\[defaults](.*(\n)+)+?[[:space:]]*crypt_style[[:space:]]*'

# Try find crypt_style in [defaults] section. If it is here, then change algorithm to sha512.
# If it isn't here, then add it to [defaults] section.
if grep -qzosP $CRYPT_STYLE_REGEX $LIBUSER_CONF ; then
        sed -i "s/\(crypt_style[[:space:]]*=[[:space:]]*\).*/\1$var_password_hashing_algorithm_pam/g" $LIBUSER_CONF
elif grep -qs "\[defaults]" $LIBUSER_CONF ; then
        sed -i "/[[:space:]]*\[defaults]/a crypt_style = $var_password_hashing_algorithm_pam" $LIBUSER_CONF
else
        echo -e "[defaults]\ncrypt_style = $var_password_hashing_algorithm_pam" &gt;&gt; $LIBUSER_CONF
fi

else
    &gt;&amp;2 echo 'Remediation is not applicable, nothing was done'
fi
</fix>
            <fix xmlns:xhtml="http://www.w3.org/1999/xhtml" id="set_password_hashing_algorithm_libuserconf" system="urn:xccdf:fix:script:ansible" complexity="low" disruption="low" strategy="restrict">- name: Gather the package facts
  package_facts:
    manager: auto
  tags:
  - CCE-85798-7
  - CJIS-5.6.2.2
  - NIST-800-171-3.13.11
  - NIST-800-53-CM-6(a)
  - NIST-800-53-IA-5(1)(c)
  - NIST-800-53-IA-5(c)
  - PCI-DSS-Req-8.2.1
  - PCI-DSSv4-8.3
  - PCI-DSSv4-8.3.2
  - low_complexity
  - low_disruption
  - medium_severity
  - no_reboot_needed
  - restrict_strategy
  - set_password_hashing_algorithm_libuserconf
- name: XCCDF Value var_password_hashing_algorithm_pam # promote to variable
  set_fact:
    var_password_hashing_algorithm_pam: !!str <xccdf-1.2:sub xmlns:xccdf-1.2="http://checklists.nist.gov/xccdf/1.2" idref="xccdf_org.ssgproject.content_value_var_password_hashing_algorithm_pam" use="legacy"/>
  tags:
    - always

- name: Set Password Hashing Algorithm in /etc/libuser.conf - Set Password Hashing
    Algorithm in /etc/libuser.conf
  ansible.builtin.lineinfile:
    dest: /etc/libuser.conf
    insertafter: ^\s*\[defaults]
    regexp: ^#?crypt_style
    line: crypt_style = {{ var_password_hashing_algorithm_pam }}
    state: present
    create: true
  when:
  - ("kernel-default" in ansible_facts.packages or "kernel-default-base" in ansible_facts.packages)
  - '"libuser" in ansible_facts.packages'
  tags:
  - CCE-85798-7
  - CJIS-5.6.2.2
  - NIST-800-171-3.13.11
  - NIST-800-53-CM-6(a)
  - NIST-800-53-IA-5(1)(c)
  - NIST-800-53-IA-5(c)
  - PCI-DSS-Req-8.2.1
  - PCI-DSSv4-8.3
  - PCI-DSSv4-8.3.2
  - low_complexity
  - low_disruption
  - medium_severity
  - no_reboot_needed
  - restrict_strategy
  - set_password_hashing_algorithm_libuserconf
</fix>
            <check system="http://oval.mitre.org/XMLSchema/oval-definitions-5">
              <check-export export-name="oval:ssg-var_password_hashing_algorithm_pam:var:1" value-id="xccdf_org.ssgproject.content_value_var_password_hashing_algorithm_pam"/>
              <check-content-ref name="oval:ssg-set_password_hashing_algorithm_libuserconf:def:1" href="ssg-sle15-oval.xml"/>
            </check>
            <check system="http://scap.nist.gov/schema/ocil/2">
              <check-content-ref name="ocil:ssg-set_password_hashing_algorithm_libuserconf_ocil:questionnaire:1" href="ssg-sle15-ocil.xml"/>
            </check>
          </Rule>
          <Rule id="xccdf_org.ssgproject.content_rule_set_password_hashing_algorithm_logindefs" selected="false" role="full" severity="medium">
            <title xmlns:xhtml="http://www.w3.org/1999/xhtml" xml:lang="en-US">Set Password Hashing Algorithm in /etc/login.defs</title>
            <description xmlns:xhtml="http://www.w3.org/1999/xhtml" xml:lang="en-US">In <html:code xmlns:html="http://www.w3.org/1999/xhtml">/etc/login.defs</html:code>, add or update the following line to ensure the system will use
<xccdf-1.2:sub xmlns:xccdf-1.2="http://checklists.nist.gov/xccdf/1.2" idref="xccdf_org.ssgproject.content_value_var_password_hashing_algorithm" use="legacy"/> as the hashing algorithm:
<html:pre xmlns:html="http://www.w3.org/1999/xhtml" xmlns:xccdf-1.2="http://checklists.nist.gov/xccdf/1.2">ENCRYPT_METHOD <xccdf-1.2:sub idref="xccdf_org.ssgproject.content_value_var_password_hashing_algorithm" use="legacy"/>
         </html:pre>
        </description>
            <reference href="https://www.cisecurity.org/controls/">1</reference>
            <reference href="https://www.cisecurity.org/controls/">12</reference>
            <reference href="https://www.cisecurity.org/controls/">15</reference>
            <reference href="https://www.cisecurity.org/controls/">16</reference>
            <reference href="https://www.cisecurity.org/controls/">5</reference>
            <reference href="https://www.fbi.gov/file-repository/cjis-security-policy-v5_5_20160601-2-1.pdf">5.6.2.2</reference>
            <reference href="https://www.isaca.org/resources/cobit">DSS05.04</reference>
            <reference href="https://www.isaca.org/resources/cobit">DSS05.05</reference>
            <reference href="https://www.isaca.org/resources/cobit">DSS05.07</reference>
            <reference href="https://www.isaca.org/resources/cobit">DSS05.10</reference>
            <reference href="https://www.isaca.org/resources/cobit">DSS06.03</reference>
            <reference href="https://www.isaca.org/resources/cobit">DSS06.10</reference>
            <reference href="http://nvlpubs.nist.gov/nistpubs/SpecialPublications/NIST.SP.800-171.pdf">3.13.11</reference>
            <reference href="https://www.isa.org/products/isa-62443-2-1-2009-security-for-industrial-automat">4.3.3.2.2</reference>
            <reference href="https://www.isa.org/products/isa-62443-2-1-2009-security-for-industrial-automat">4.3.3.5.1</reference>
            <reference href="https://www.isa.org/products/isa-62443-2-1-2009-security-for-industrial-automat">4.3.3.5.2</reference>
            <reference href="https://www.isa.org/products/isa-62443-2-1-2009-security-for-industrial-automat">4.3.3.6.1</reference>
            <reference href="https://www.isa.org/products/isa-62443-2-1-2009-security-for-industrial-automat">4.3.3.6.2</reference>
            <reference href="https://www.isa.org/products/isa-62443-2-1-2009-security-for-industrial-automat">4.3.3.6.3</reference>
            <reference href="https://www.isa.org/products/isa-62443-2-1-2009-security-for-industrial-automat">4.3.3.6.4</reference>
            <reference href="https://www.isa.org/products/isa-62443-2-1-2009-security-for-industrial-automat">4.3.3.6.5</reference>
            <reference href="https://www.isa.org/products/isa-62443-2-1-2009-security-for-industrial-automat">4.3.3.6.6</reference>
            <reference href="https://www.isa.org/products/isa-62443-2-1-2009-security-for-industrial-automat">4.3.3.6.7</reference>
            <reference href="https://www.isa.org/products/isa-62443-2-1-2009-security-for-industrial-automat">4.3.3.6.8</reference>
            <reference href="https://www.isa.org/products/isa-62443-2-1-2009-security-for-industrial-automat">4.3.3.6.9</reference>
            <reference href="https://www.isa.org/products/isa-62443-2-1-2009-security-for-industrial-automat">4.3.3.7.2</reference>
            <reference href="https://www.isa.org/products/isa-62443-2-1-2009-security-for-industrial-automat">4.3.3.7.4</reference>
            <reference href="https://www.isa.org/products/ansi-isa-62443-3-3-99-03-03-2013-security-for-indu">SR 1.1</reference>
            <reference href="https://www.isa.org/products/ansi-isa-62443-3-3-99-03-03-2013-security-for-indu">SR 1.10</reference>
            <reference href="https://www.isa.org/products/ansi-isa-62443-3-3-99-03-03-2013-security-for-indu">SR 1.2</reference>
            <reference href="https://www.isa.org/products/ansi-isa-62443-3-3-99-03-03-2013-security-for-indu">SR 1.3</reference>
            <reference href="https://www.isa.org/products/ansi-isa-62443-3-3-99-03-03-2013-security-for-indu">SR 1.4</reference>
            <reference href="https://www.isa.org/products/ansi-isa-62443-3-3-99-03-03-2013-security-for-indu">SR 1.5</reference>
            <reference href="https://www.isa.org/products/ansi-isa-62443-3-3-99-03-03-2013-security-for-indu">SR 1.7</reference>
            <reference href="https://www.isa.org/products/ansi-isa-62443-3-3-99-03-03-2013-security-for-indu">SR 1.8</reference>
            <reference href="https://www.isa.org/products/ansi-isa-62443-3-3-99-03-03-2013-security-for-indu">SR 1.9</reference>
            <reference href="https://www.isa.org/products/ansi-isa-62443-3-3-99-03-03-2013-security-for-indu">SR 2.1</reference>
            <reference href="https://www.iso.org/contents/data/standard/05/45/54534.html">A.18.1.4</reference>
            <reference href="https://www.iso.org/contents/data/standard/05/45/54534.html">A.7.1.1</reference>
            <reference href="https://www.iso.org/contents/data/standard/05/45/54534.html">A.9.2.1</reference>
            <reference href="https://www.iso.org/contents/data/standard/05/45/54534.html">A.9.2.2</reference>
            <reference href="https://www.iso.org/contents/data/standard/05/45/54534.html">A.9.2.3</reference>
            <reference href="https://www.iso.org/contents/data/standard/05/45/54534.html">A.9.2.4</reference>
            <reference href="https://www.iso.org/contents/data/standard/05/45/54534.html">A.9.2.6</reference>
            <reference href="https://www.iso.org/contents/data/standard/05/45/54534.html">A.9.3.1</reference>
            <reference href="https://www.iso.org/contents/data/standard/05/45/54534.html">A.9.4.2</reference>
            <reference href="https://www.iso.org/contents/data/standard/05/45/54534.html">A.9.4.3</reference>
            <reference href="http://nvlpubs.nist.gov/nistpubs/SpecialPublications/NIST.SP.800-53r4.pdf">IA-5(c)</reference>
            <reference href="http://nvlpubs.nist.gov/nistpubs/SpecialPublications/NIST.SP.800-53r4.pdf">IA-5(1)(c)</reference>
            <reference href="http://nvlpubs.nist.gov/nistpubs/SpecialPublications/NIST.SP.800-53r4.pdf">CM-6(a)</reference>
            <reference href="https://nvlpubs.nist.gov/nistpubs/CSWP/NIST.CSWP.04162018.pdf">PR.AC-1</reference>
            <reference href="https://nvlpubs.nist.gov/nistpubs/CSWP/NIST.CSWP.04162018.pdf">PR.AC-6</reference>
            <reference href="https://nvlpubs.nist.gov/nistpubs/CSWP/NIST.CSWP.04162018.pdf">PR.AC-7</reference>
            <reference href="https://www.pcisecuritystandards.org/documents/PCI_DSS_v3-2-1.pdf">Req-8.2.1</reference>
            <reference href="https://www.cyber.mil/stigs/downloads/?_dl_facet_stigs=operating-systems%2Cgeneral-purpose-os">SRG-OS-000073-GPOS-00041</reference>
            <reference href="https://www.cyber.mil/stigs/downloads/?_dl_facet_stigs=operating-systems%2Cunix-linux">SLES-15-010260</reference>
            <reference href="https://www.cisecurity.org/benchmark/suse_linux/">5.4.1.1</reference>
            <reference href="not_publicly_available">SLES-15-600600060</reference>
            <reference href="https://www.cyber.gov.au/acsc/view-all-content/ism">0418</reference>
            <reference href="https://www.cyber.gov.au/acsc/view-all-content/ism">1055</reference>
            <reference href="https://www.cyber.gov.au/acsc/view-all-content/ism">1402</reference>
            <reference href="https://docs-prv.pcisecuritystandards.org/PCI%20DSS/Standard/PCI-DSS-v4_0.pdf">8.3.2</reference>
            <reference href="https://docs-prv.pcisecuritystandards.org/PCI%20DSS/Standard/PCI-DSS-v4_0.pdf">8.3</reference>
            <reference href="https://www.cyber.mil/stigs/srg-stig-tools/">SV-234825r971535_rule</reference>
            <rationale xmlns:xhtml="http://www.w3.org/1999/xhtml" xml:lang="en-US">Passwords need to be protected at all times, and encryption is the standard method for
protecting passwords. If passwords are not encrypted, they can be plainly read
(i.e., clear text) and easily compromised. Passwords that are encrypted with a weak algorithm
are no more protected than if they are kept in plain text.
<html:br xmlns:html="http://www.w3.org/1999/xhtml"/>
         <html:br xmlns:html="http://www.w3.org/1999/xhtml"/>
Using a stronger hashing algorithm makes password cracking attacks more difficult.</rationale>
            <platform idref="#package_shadow-utils"/>
            <ident system="https://ncp.nist.gov/cce">CCE-83279-0</ident>
            <fix xmlns:xhtml="http://www.w3.org/1999/xhtml" id="set_password_hashing_algorithm_logindefs" system="urn:xccdf:fix:script:sh"># Remediation is applicable only in certain platforms
if rpm --quiet -q kernel-default || rpm --quiet -q kernel-default-base &amp;&amp; { rpm --quiet -q shadow; }; then

var_password_hashing_algorithm='<xccdf-1.2:sub xmlns:xccdf-1.2="http://checklists.nist.gov/xccdf/1.2" idref="xccdf_org.ssgproject.content_value_var_password_hashing_algorithm" use="legacy"/>'


# Allow multiple algorithms, but choose the first one for remediation
#
var_password_hashing_algorithm="$(echo $var_password_hashing_algorithm | cut -d \| -f 1)"

# Strip any search characters in the key arg so that the key can be replaced without
# adding any search characters to the config file.
stripped_key=$(sed 's/[\^=\$,;+]*//g' &lt;&lt;&lt; "^ENCRYPT_METHOD")

# shellcheck disable=SC2059
printf -v formatted_output "%s %s" "$stripped_key" "$var_password_hashing_algorithm"

# If the key exists, change it. Otherwise, add it to the config_file.
# We search for the key string followed by a word boundary (matched by \&gt;),
# so if we search for 'setting', 'setting2' won't match.
if LC_ALL=C grep -q -m 1 -i -e "^ENCRYPT_METHOD\\&gt;" "/etc/login.defs"; then
    escaped_formatted_output=$(sed -e 's|/|\\/|g' &lt;&lt;&lt; "$formatted_output")
    LC_ALL=C sed -i --follow-symlinks "s/^ENCRYPT_METHOD\\&gt;.*/$escaped_formatted_output/gi" "/etc/login.defs"
else
    if [[ -s "/etc/login.defs" ]] &amp;&amp; [[ -n "$(tail -c 1 -- "/etc/login.defs" || true)" ]]; then
        LC_ALL=C sed -i --follow-symlinks '$a'\\ "/etc/login.defs"
    fi
    cce="CCE-83279-0"
    printf '# Per %s: Set %s in %s\n' "${cce}" "${formatted_output}" "/etc/login.defs" &gt;&gt; "/etc/login.defs"
    printf '%s\n' "$formatted_output" &gt;&gt; "/etc/login.defs"
fi

else
    &gt;&amp;2 echo 'Remediation is not applicable, nothing was done'
fi
</fix>
            <fix xmlns:xhtml="http://www.w3.org/1999/xhtml" id="set_password_hashing_algorithm_logindefs" system="urn:xccdf:fix:script:ansible" complexity="low" disruption="low" strategy="restrict">- name: Gather the package facts
  package_facts:
    manager: auto
  tags:
  - CCE-83279-0
  - CJIS-5.6.2.2
  - DISA-STIG-SLES-15-010260
  - NIST-800-171-3.13.11
  - NIST-800-53-CM-6(a)
  - NIST-800-53-IA-5(1)(c)
  - NIST-800-53-IA-5(c)
  - PCI-DSS-Req-8.2.1
  - PCI-DSSv4-8.3
  - PCI-DSSv4-8.3.2
  - low_complexity
  - low_disruption
  - medium_severity
  - no_reboot_needed
  - restrict_strategy
  - set_password_hashing_algorithm_logindefs
- name: XCCDF Value var_password_hashing_algorithm # promote to variable
  set_fact:
    var_password_hashing_algorithm: !!str <xccdf-1.2:sub xmlns:xccdf-1.2="http://checklists.nist.gov/xccdf/1.2" idref="xccdf_org.ssgproject.content_value_var_password_hashing_algorithm" use="legacy"/>
  tags:
    - always

- name: Set Password Hashing Algorithm in /etc/login.defs
  ansible.builtin.lineinfile:
    dest: /etc/login.defs
    regexp: ^#?ENCRYPT_METHOD
    line: ENCRYPT_METHOD {{ var_password_hashing_algorithm.split('|')[0] }}
    state: present
    create: true
  when:
  - ("kernel-default" in ansible_facts.packages or "kernel-default-base" in ansible_facts.packages)
  - '"shadow" in ansible_facts.packages'
  tags:
  - CCE-83279-0
  - CJIS-5.6.2.2
  - DISA-STIG-SLES-15-010260
  - NIST-800-171-3.13.11
  - NIST-800-53-CM-6(a)
  - NIST-800-53-IA-5(1)(c)
  - NIST-800-53-IA-5(c)
  - PCI-DSS-Req-8.2.1
  - PCI-DSSv4-8.3
  - PCI-DSSv4-8.3.2
  - low_complexity
  - low_disruption
  - medium_severity
  - no_reboot_needed
  - restrict_strategy
  - set_password_hashing_algorithm_logindefs
</fix>
            <check system="http://oval.mitre.org/XMLSchema/oval-definitions-5">
              <check-export export-name="oval:ssg-var_password_hashing_algorithm:var:1" value-id="xccdf_org.ssgproject.content_value_var_password_hashing_algorithm"/>
              <check-content-ref name="oval:ssg-set_password_hashing_algorithm_logindefs:def:1" href="ssg-sle15-oval.xml"/>
            </check>
            <check system="http://scap.nist.gov/schema/ocil/2">
              <check-content-ref name="ocil:ssg-set_password_hashing_algorithm_logindefs_ocil:questionnaire:1" href="ssg-sle15-ocil.xml"/>
            </check>
          </Rule>
          <Rule id="xccdf_org.ssgproject.content_rule_set_password_hashing_algorithm_passwordauth" selected="false" role="full" severity="medium">
            <title xmlns:xhtml="http://www.w3.org/1999/xhtml" xml:lang="en-US">Set PAM''s Password Hashing Algorithm - password-auth</title>
            <description xmlns:xhtml="http://www.w3.org/1999/xhtml" xml:lang="en-US">The PAM system service can be configured to only store encrypted representations of passwords.
In <html:code xmlns:html="http://www.w3.org/1999/xhtml">/etc/pam.d/password-auth</html:code>, the <html:code xmlns:html="http://www.w3.org/1999/xhtml">password</html:code> section of the file controls which
PAM modules to execute during a password change.

Set the <html:code xmlns:html="http://www.w3.org/1999/xhtml">pam_unix.so</html:code> module in the <html:code xmlns:html="http://www.w3.org/1999/xhtml">password</html:code> section to include the option
<html:code xmlns:html="http://www.w3.org/1999/xhtml" xmlns:xccdf-1.2="http://checklists.nist.gov/xccdf/1.2"><xccdf-1.2:sub idref="xccdf_org.ssgproject.content_value_var_password_hashing_algorithm_pam" use="legacy"/></html:code> and no other hashing
algorithms as shown below:
<html:br xmlns:html="http://www.w3.org/1999/xhtml"/>
         <html:pre xmlns:html="http://www.w3.org/1999/xhtml" xmlns:xccdf-1.2="http://checklists.nist.gov/xccdf/1.2">password    sufficient    pam_unix.so <xccdf-1.2:sub idref="xccdf_org.ssgproject.content_value_var_password_hashing_algorithm_pam" use="legacy"/>
          <html:i>other arguments...</html:i>
         </html:pre>
         <html:br xmlns:html="http://www.w3.org/1999/xhtml"/>
This will help ensure that new passwords for local users will be stored using the
<xccdf-1.2:sub xmlns:xccdf-1.2="http://checklists.nist.gov/xccdf/1.2" idref="xccdf_org.ssgproject.content_value_var_password_hashing_algorithm_pam" use="legacy"/> algorithm.</description>
            <warning xmlns:xhtml="http://www.w3.org/1999/xhtml" xml:lang="en-US" category="general">The hashing algorithms to be used with pam_unix.so are defined with independent module
options. There are at least 7 possible algorithms and likely more algorithms will be
introduced along the time. Due the the number of options and its possible combinations,
the use of multiple hashing algorithm options may bring unexpected behaviors to the
system. For this reason the check will pass only when one hashing algorithm option is
defined and is aligned to the "var_password_hashing_algorithm_pam" variable. The
remediation will ensure the correct option and remove any other extra hashing algorithm
option.</warning>
            <reference href="https://www.cisecurity.org/controls/">1</reference>
            <reference href="https://www.cisecurity.org/controls/">12</reference>
            <reference href="https://www.cisecurity.org/controls/">15</reference>
            <reference href="https://www.cisecurity.org/controls/">16</reference>
            <reference href="https://www.cisecurity.org/controls/">5</reference>
            <reference href="https://www.fbi.gov/file-repository/cjis-security-policy-v5_5_20160601-2-1.pdf">5.6.2.2</reference>
            <reference href="https://www.isaca.org/resources/cobit">DSS05.04</reference>
            <reference href="https://www.isaca.org/resources/cobit">DSS05.05</reference>
            <reference href="https://www.isaca.org/resources/cobit">DSS05.07</reference>
            <reference href="https://www.isaca.org/resources/cobit">DSS05.10</reference>
            <reference href="https://www.isaca.org/resources/cobit">DSS06.03</reference>
            <reference href="https://www.isaca.org/resources/cobit">DSS06.10</reference>
            <reference href="http://nvlpubs.nist.gov/nistpubs/SpecialPublications/NIST.SP.800-171.pdf">3.13.11</reference>
            <reference href="https://www.isa.org/products/isa-62443-2-1-2009-security-for-industrial-automat">4.3.3.2.2</reference>
            <reference href="https://www.isa.org/products/isa-62443-2-1-2009-security-for-industrial-automat">4.3.3.5.1</reference>
            <reference href="https://www.isa.org/products/isa-62443-2-1-2009-security-for-industrial-automat">4.3.3.5.2</reference>
            <reference href="https://www.isa.org/products/isa-62443-2-1-2009-security-for-industrial-automat">4.3.3.6.1</reference>
            <reference href="https://www.isa.org/products/isa-62443-2-1-2009-security-for-industrial-automat">4.3.3.6.2</reference>
            <reference href="https://www.isa.org/products/isa-62443-2-1-2009-security-for-industrial-automat">4.3.3.6.3</reference>
            <reference href="https://www.isa.org/products/isa-62443-2-1-2009-security-for-industrial-automat">4.3.3.6.4</reference>
            <reference href="https://www.isa.org/products/isa-62443-2-1-2009-security-for-industrial-automat">4.3.3.6.5</reference>
            <reference href="https://www.isa.org/products/isa-62443-2-1-2009-security-for-industrial-automat">4.3.3.6.6</reference>
            <reference href="https://www.isa.org/products/isa-62443-2-1-2009-security-for-industrial-automat">4.3.3.6.7</reference>
            <reference href="https://www.isa.org/products/isa-62443-2-1-2009-security-for-industrial-automat">4.3.3.6.8</reference>
            <reference href="https://www.isa.org/products/isa-62443-2-1-2009-security-for-industrial-automat">4.3.3.6.9</reference>
            <reference href="https://www.isa.org/products/isa-62443-2-1-2009-security-for-industrial-automat">4.3.3.7.2</reference>
            <reference href="https://www.isa.org/products/isa-62443-2-1-2009-security-for-industrial-automat">4.3.3.7.4</reference>
            <reference href="https://www.isa.org/products/ansi-isa-62443-3-3-99-03-03-2013-security-for-indu">SR 1.1</reference>
            <reference href="https://www.isa.org/products/ansi-isa-62443-3-3-99-03-03-2013-security-for-indu">SR 1.10</reference>
            <reference href="https://www.isa.org/products/ansi-isa-62443-3-3-99-03-03-2013-security-for-indu">SR 1.2</reference>
            <reference href="https://www.isa.org/products/ansi-isa-62443-3-3-99-03-03-2013-security-for-indu">SR 1.3</reference>
            <reference href="https://www.isa.org/products/ansi-isa-62443-3-3-99-03-03-2013-security-for-indu">SR 1.4</reference>
            <reference href="https://www.isa.org/products/ansi-isa-62443-3-3-99-03-03-2013-security-for-indu">SR 1.5</reference>
            <reference href="https://www.isa.org/products/ansi-isa-62443-3-3-99-03-03-2013-security-for-indu">SR 1.7</reference>
            <reference href="https://www.isa.org/products/ansi-isa-62443-3-3-99-03-03-2013-security-for-indu">SR 1.8</reference>
            <reference href="https://www.isa.org/products/ansi-isa-62443-3-3-99-03-03-2013-security-for-indu">SR 1.9</reference>
            <reference href="https://www.isa.org/products/ansi-isa-62443-3-3-99-03-03-2013-security-for-indu">SR 2.1</reference>
            <reference href="https://www.iso.org/contents/data/standard/05/45/54534.html">A.18.1.4</reference>
            <reference href="https://www.iso.org/contents/data/standard/05/45/54534.html">A.7.1.1</reference>
            <reference href="https://www.iso.org/contents/data/standard/05/45/54534.html">A.9.2.1</reference>
            <reference href="https://www.iso.org/contents/data/standard/05/45/54534.html">A.9.2.2</reference>
            <reference href="https://www.iso.org/contents/data/standard/05/45/54534.html">A.9.2.3</reference>
            <reference href="https://www.iso.org/contents/data/standard/05/45/54534.html">A.9.2.4</reference>
            <reference href="https://www.iso.org/contents/data/standard/05/45/54534.html">A.9.2.6</reference>
            <reference href="https://www.iso.org/contents/data/standard/05/45/54534.html">A.9.3.1</reference>
            <reference href="https://www.iso.org/contents/data/standard/05/45/54534.html">A.9.4.2</reference>
            <reference href="https://www.iso.org/contents/data/standard/05/45/54534.html">A.9.4.3</reference>
            <reference href="http://nvlpubs.nist.gov/nistpubs/SpecialPublications/NIST.SP.800-53r4.pdf">IA-5(c)</reference>
            <reference href="http://nvlpubs.nist.gov/nistpubs/SpecialPublications/NIST.SP.800-53r4.pdf">IA-5(1)(c)</reference>
            <reference href="http://nvlpubs.nist.gov/nistpubs/SpecialPublications/NIST.SP.800-53r4.pdf">CM-6(a)</reference>
            <reference href="https://nvlpubs.nist.gov/nistpubs/CSWP/NIST.CSWP.04162018.pdf">PR.AC-1</reference>
            <reference href="https://nvlpubs.nist.gov/nistpubs/CSWP/NIST.CSWP.04162018.pdf">PR.AC-6</reference>
            <reference href="https://nvlpubs.nist.gov/nistpubs/CSWP/NIST.CSWP.04162018.pdf">PR.AC-7</reference>
            <reference href="https://www.pcisecuritystandards.org/documents/PCI_DSS_v3-2-1.pdf">Req-8.2.1</reference>
            <reference href="https://www.cyber.mil/stigs/downloads/?_dl_facet_stigs=operating-systems%2Cgeneral-purpose-os">SRG-OS-000073-GPOS-00041</reference>
            <reference href="https://www.cyber.mil/stigs/downloads/?_dl_facet_stigs=operating-systems%2Cgeneral-purpose-os">SRG-OS-000120-GPOS-00061</reference>
            <reference href="not_publicly_available">SLES-15-600450255</reference>
            <reference href="https://www.cyber.gov.au/acsc/view-all-content/ism">0418</reference>
            <reference href="https://www.cyber.gov.au/acsc/view-all-content/ism">1055</reference>
            <reference href="https://www.cyber.gov.au/acsc/view-all-content/ism">1402</reference>
            <rationale xmlns:xhtml="http://www.w3.org/1999/xhtml" xml:lang="en-US">Passwords need to be protected at all times, and encryption is the standard method for
protecting passwords. If passwords are not encrypted, they can be plainly read
(i.e., clear text) and easily compromised. Passwords that are encrypted with a weak algorithm
are no more protected than if they are kept in plain text.
<html:br xmlns:html="http://www.w3.org/1999/xhtml"/>
         <html:br xmlns:html="http://www.w3.org/1999/xhtml"/>
This setting ensures user and group account administration utilities are configured to store
only encrypted representations of passwords. Additionally, the <html:code xmlns:html="http://www.w3.org/1999/xhtml">crypt_style</html:code>
configuration option in <html:code xmlns:html="http://www.w3.org/1999/xhtml">/etc/libuser.conf</html:code> ensures the use of a strong hashing
algorithm that makes password cracking attacks more difficult.</rationale>
            <platform idref="#package_pam"/>
            <ident system="https://ncp.nist.gov/cce">CCE-92607-1</ident>
            <check system="http://oval.mitre.org/XMLSchema/oval-definitions-5">
              <check-export export-name="oval:ssg-var_password_hashing_algorithm_pam:var:1" value-id="xccdf_org.ssgproject.content_value_var_password_hashing_algorithm_pam"/>
              <check-content-ref name="oval:ssg-set_password_hashing_algorithm_passwordauth:def:1" href="ssg-sle15-oval.xml"/>
            </check>
            <check system="http://scap.nist.gov/schema/ocil/2">
              <check-content-ref name="ocil:ssg-set_password_hashing_algorithm_passwordauth_ocil:questionnaire:1" href="ssg-sle15-ocil.xml"/>
            </check>
          </Rule>
          <Rule id="xccdf_org.ssgproject.content_rule_set_password_hashing_algorithm_systemauth" selected="false" role="full" severity="medium">
            <title xmlns:xhtml="http://www.w3.org/1999/xhtml" xml:lang="en-US">Set PAM''s Password Hashing Algorithm</title>
            <description xmlns:xhtml="http://www.w3.org/1999/xhtml" xml:lang="en-US">The PAM system service can be configured to only store encrypted representations of passwords.
In "/etc/pam.d/common-password", the <html:code xmlns:html="http://www.w3.org/1999/xhtml">password</html:code> section of the file controls which
PAM modules to execute during a password change.

Set the <html:code xmlns:html="http://www.w3.org/1999/xhtml">pam_unix.so</html:code> module in the <html:code xmlns:html="http://www.w3.org/1999/xhtml">password</html:code> section to include the option
<html:code xmlns:html="http://www.w3.org/1999/xhtml" xmlns:xccdf-1.2="http://checklists.nist.gov/xccdf/1.2"><xccdf-1.2:sub idref="xccdf_org.ssgproject.content_value_var_password_hashing_algorithm_pam" use="legacy"/></html:code> and no other hashing
algorithms as shown below:
<html:br xmlns:html="http://www.w3.org/1999/xhtml"/>
         <html:pre xmlns:html="http://www.w3.org/1999/xhtml" xmlns:xccdf-1.2="http://checklists.nist.gov/xccdf/1.2">password    required    pam_unix.so <xccdf-1.2:sub idref="xccdf_org.ssgproject.content_value_var_password_hashing_algorithm_pam" use="legacy"/>
          <html:i>other arguments...</html:i>
         </html:pre>
         <html:br xmlns:html="http://www.w3.org/1999/xhtml"/>
This will help ensure that new passwords for local users will be stored using the
<xccdf-1.2:sub xmlns:xccdf-1.2="http://checklists.nist.gov/xccdf/1.2" idref="xccdf_org.ssgproject.content_value_var_password_hashing_algorithm_pam" use="legacy"/> algorithm.</description>
            <warning xmlns:xhtml="http://www.w3.org/1999/xhtml" xml:lang="en-US" category="general">The hashing algorithms to be used with pam_unix.so are defined with independent module
options. There are at least 7 possible algorithms and likely more algorithms will be
introduced along the time. Due the the number of options and its possible combinations,
the use of multiple hashing algorithm options may bring unexpected behaviors to the
system. For this reason the check will pass only when one hashing algorithm option is
defined and is aligned to the "var_password_hashing_algorithm_pam" variable. The
remediation will ensure the correct option and remove any other extra hashing algorithm
option.</warning>
            <reference href="https://www.cisecurity.org/controls/">1</reference>
            <reference href="https://www.cisecurity.org/controls/">12</reference>
            <reference href="https://www.cisecurity.org/controls/">15</reference>
            <reference href="https://www.cisecurity.org/controls/">16</reference>
            <reference href="https://www.cisecurity.org/controls/">5</reference>
            <reference href="https://www.fbi.gov/file-repository/cjis-security-policy-v5_5_20160601-2-1.pdf">5.6.2.2</reference>
            <reference href="https://www.isaca.org/resources/cobit">DSS05.04</reference>
            <reference href="https://www.isaca.org/resources/cobit">DSS05.05</reference>
            <reference href="https://www.isaca.org/resources/cobit">DSS05.07</reference>
            <reference href="https://www.isaca.org/resources/cobit">DSS05.10</reference>
            <reference href="https://www.isaca.org/resources/cobit">DSS06.03</reference>
            <reference href="https://www.isaca.org/resources/cobit">DSS06.10</reference>
            <reference href="http://nvlpubs.nist.gov/nistpubs/SpecialPublications/NIST.SP.800-171.pdf">3.13.11</reference>
            <reference href="https://www.isa.org/products/isa-62443-2-1-2009-security-for-industrial-automat">4.3.3.2.2</reference>
            <reference href="https://www.isa.org/products/isa-62443-2-1-2009-security-for-industrial-automat">4.3.3.5.1</reference>
            <reference href="https://www.isa.org/products/isa-62443-2-1-2009-security-for-industrial-automat">4.3.3.5.2</reference>
            <reference href="https://www.isa.org/products/isa-62443-2-1-2009-security-for-industrial-automat">4.3.3.6.1</reference>
            <reference href="https://www.isa.org/products/isa-62443-2-1-2009-security-for-industrial-automat">4.3.3.6.2</reference>
            <reference href="https://www.isa.org/products/isa-62443-2-1-2009-security-for-industrial-automat">4.3.3.6.3</reference>
            <reference href="https://www.isa.org/products/isa-62443-2-1-2009-security-for-industrial-automat">4.3.3.6.4</reference>
            <reference href="https://www.isa.org/products/isa-62443-2-1-2009-security-for-industrial-automat">4.3.3.6.5</reference>
            <reference href="https://www.isa.org/products/isa-62443-2-1-2009-security-for-industrial-automat">4.3.3.6.6</reference>
            <reference href="https://www.isa.org/products/isa-62443-2-1-2009-security-for-industrial-automat">4.3.3.6.7</reference>
            <reference href="https://www.isa.org/products/isa-62443-2-1-2009-security-for-industrial-automat">4.3.3.6.8</reference>
            <reference href="https://www.isa.org/products/isa-62443-2-1-2009-security-for-industrial-automat">4.3.3.6.9</reference>
            <reference href="https://www.isa.org/products/isa-62443-2-1-2009-security-for-industrial-automat">4.3.3.7.2</reference>
            <reference href="https://www.isa.org/products/isa-62443-2-1-2009-security-for-industrial-automat">4.3.3.7.4</reference>
            <reference href="https://www.isa.org/products/ansi-isa-62443-3-3-99-03-03-2013-security-for-indu">SR 1.1</reference>
            <reference href="https://www.isa.org/products/ansi-isa-62443-3-3-99-03-03-2013-security-for-indu">SR 1.10</reference>
            <reference href="https://www.isa.org/products/ansi-isa-62443-3-3-99-03-03-2013-security-for-indu">SR 1.2</reference>
            <reference href="https://www.isa.org/products/ansi-isa-62443-3-3-99-03-03-2013-security-for-indu">SR 1.3</reference>
            <reference href="https://www.isa.org/products/ansi-isa-62443-3-3-99-03-03-2013-security-for-indu">SR 1.4</reference>
            <reference href="https://www.isa.org/products/ansi-isa-62443-3-3-99-03-03-2013-security-for-indu">SR 1.5</reference>
            <reference href="https://www.isa.org/products/ansi-isa-62443-3-3-99-03-03-2013-security-for-indu">SR 1.7</reference>
            <reference href="https://www.isa.org/products/ansi-isa-62443-3-3-99-03-03-2013-security-for-indu">SR 1.8</reference>
            <reference href="https://www.isa.org/products/ansi-isa-62443-3-3-99-03-03-2013-security-for-indu">SR 1.9</reference>
            <reference href="https://www.isa.org/products/ansi-isa-62443-3-3-99-03-03-2013-security-for-indu">SR 2.1</reference>
            <reference href="https://www.iso.org/contents/data/standard/05/45/54534.html">A.18.1.4</reference>
            <reference href="https://www.iso.org/contents/data/standard/05/45/54534.html">A.7.1.1</reference>
            <reference href="https://www.iso.org/contents/data/standard/05/45/54534.html">A.9.2.1</reference>
            <reference href="https://www.iso.org/contents/data/standard/05/45/54534.html">A.9.2.2</reference>
            <reference href="https://www.iso.org/contents/data/standard/05/45/54534.html">A.9.2.3</reference>
            <reference href="https://www.iso.org/contents/data/standard/05/45/54534.html">A.9.2.4</reference>
            <reference href="https://www.iso.org/contents/data/standard/05/45/54534.html">A.9.2.6</reference>
            <reference href="https://www.iso.org/contents/data/standard/05/45/54534.html">A.9.3.1</reference>
            <reference href="https://www.iso.org/contents/data/standard/05/45/54534.html">A.9.4.2</reference>
            <reference href="https://www.iso.org/contents/data/standard/05/45/54534.html">A.9.4.3</reference>
            <reference href="http://nvlpubs.nist.gov/nistpubs/SpecialPublications/NIST.SP.800-53r4.pdf">IA-5(c)</reference>
            <reference href="http://nvlpubs.nist.gov/nistpubs/SpecialPublications/NIST.SP.800-53r4.pdf">IA-5(1)(c)</reference>
            <reference href="http://nvlpubs.nist.gov/nistpubs/SpecialPublications/NIST.SP.800-53r4.pdf">CM-6(a)</reference>
            <reference href="https://nvlpubs.nist.gov/nistpubs/CSWP/NIST.CSWP.04162018.pdf">PR.AC-1</reference>
            <reference href="https://nvlpubs.nist.gov/nistpubs/CSWP/NIST.CSWP.04162018.pdf">PR.AC-6</reference>
            <reference href="https://nvlpubs.nist.gov/nistpubs/CSWP/NIST.CSWP.04162018.pdf">PR.AC-7</reference>
            <reference href="https://www.pcisecuritystandards.org/documents/PCI_DSS_v3-2-1.pdf">Req-8.2.1</reference>
            <reference href="https://www.cyber.mil/stigs/downloads/?_dl_facet_stigs=operating-systems%2Cgeneral-purpose-os">SRG-OS-000073-GPOS-00041</reference>
            <reference href="https://www.cyber.mil/stigs/downloads/?_dl_facet_stigs=operating-systems%2Cgeneral-purpose-os">SRG-OS-000120-GPOS-00061</reference>
            <reference href="https://www.cyber.mil/stigs/downloads/?_dl_facet_stigs=operating-systems%2Cunix-linux">SLES-15-020170</reference>
            <reference href="https://cyber.gouv.fr/sites/default/files/document/linux_configuration-en-v2.pdf">R68</reference>
            <reference href="not_publicly_available">SLES-15-600450255</reference>
            <reference href="https://www.cyber.gov.au/acsc/view-all-content/ism">0418</reference>
            <reference href="https://www.cyber.gov.au/acsc/view-all-content/ism">1055</reference>
            <reference href="https://www.cyber.gov.au/acsc/view-all-content/ism">1402</reference>
            <reference href="https://docs-prv.pcisecuritystandards.org/PCI%20DSS/Standard/PCI-DSS-v4_0.pdf">8.3.2</reference>
            <reference href="https://docs-prv.pcisecuritystandards.org/PCI%20DSS/Standard/PCI-DSS-v4_0.pdf">8.3</reference>
            <reference href="https://www.cyber.mil/stigs/srg-stig-tools/">SV-234886r1009625_rule</reference>
            <rationale xmlns:xhtml="http://www.w3.org/1999/xhtml" xml:lang="en-US">Passwords need to be protected at all times, and encryption is the standard method for
protecting passwords. If passwords are not encrypted, they can be plainly read
(i.e., clear text) and easily compromised. Passwords that are encrypted with a weak algorithm
are no more protected than if they are kept in plain text.
<html:br xmlns:html="http://www.w3.org/1999/xhtml"/>
         <html:br xmlns:html="http://www.w3.org/1999/xhtml"/>
This setting ensures user and group account administration utilities are configured to store
only encrypted representations of passwords. Additionally, the <html:code xmlns:html="http://www.w3.org/1999/xhtml">crypt_style</html:code>
configuration option in <html:code xmlns:html="http://www.w3.org/1999/xhtml">/etc/libuser.conf</html:code> ensures the use of a strong hashing
algorithm that makes password cracking attacks more difficult.</rationale>
            <platform idref="#package_pam"/>
            <ident system="https://ncp.nist.gov/cce">CCE-85565-0</ident>
            <fix xmlns:xhtml="http://www.w3.org/1999/xhtml" id="set_password_hashing_algorithm_systemauth" system="urn:xccdf:fix:script:sh"># Remediation is applicable only in certain platforms
if rpm --quiet -q kernel-default || rpm --quiet -q kernel-default-base &amp;&amp; { rpm --quiet -q pam; }; then

var_password_hashing_algorithm_pam='<xccdf-1.2:sub xmlns:xccdf-1.2="http://checklists.nist.gov/xccdf/1.2" idref="xccdf_org.ssgproject.content_value_var_password_hashing_algorithm_pam" use="legacy"/>'


PAM_FILE_PATH="/etc/pam.d/common-password"


# Ensure all the hashing algorithm option is removed.
declare -a HASHING_ALGORITHMS_OPTIONS=("sha512" "yescrypt" "gost_yescrypt" "blowfish" "sha256" "md5" "bigcrypt")

for hash_option in "${HASHING_ALGORITHMS_OPTIONS[@]}"; do
  if grep -qP "^\s*password\s+.*\s+pam_unix.so\s+.*\b$hash_option\b" "$PAM_FILE_PATH"; then
    if [ -e "$PAM_FILE_PATH" ] ; then
    PAM_FILE_PATH="$PAM_FILE_PATH"
    if [ -f /usr/bin/authselect ]; then
        
        if ! authselect check; then
        echo "
        authselect integrity check failed. Remediation aborted!
        This remediation could not be applied because an authselect profile was not selected or the selected profile is not intact.
        It is not recommended to manually edit the PAM files when authselect tool is available.
        In cases where the default authselect profile does not cover a specific demand, a custom authselect profile is recommended."
        exit 1
        fi

        CURRENT_PROFILE=$(authselect current -r | awk '{ print $1 }')
        # If not already in use, a custom profile is created preserving the enabled features.
        if [[ ! $CURRENT_PROFILE == custom/* ]]; then
            ENABLED_FEATURES=$(authselect current | tail -n+3 | awk '{ print $2 }')
            # The "local" profile does not contain essential security features required by multiple Benchmarks.
            # If currently used, it is replaced by "sssd", which is the best option in this case.
            if [[ $CURRENT_PROFILE == local ]]; then
                CURRENT_PROFILE="sssd"
            fi
            authselect create-profile hardening -b $CURRENT_PROFILE
            CURRENT_PROFILE="custom/hardening"
            
            authselect apply-changes -b --backup=before-hardening-custom-profile
            authselect select $CURRENT_PROFILE
            for feature in $ENABLED_FEATURES; do
                authselect enable-feature $feature;
            done
            
            authselect apply-changes -b --backup=after-hardening-custom-profile
        fi
        PAM_FILE_NAME=$(basename "$PAM_FILE_PATH")
        PAM_FILE_PATH="/etc/authselect/$CURRENT_PROFILE/$PAM_FILE_NAME"

        authselect apply-changes -b
    fi
    
if grep -qP "^\s*password\s+.*\s+pam_unix.so\s.*\b$hash_option\b" "$PAM_FILE_PATH"; then
    sed -i -E --follow-symlinks "s/(.*password.*.*.*pam_unix.so.*)\b$hash_option\b=?[[:alnum:]]*(.*)/\1\2/g" "$PAM_FILE_PATH"
fi
    if [ -f /usr/bin/authselect ]; then
        
        authselect apply-changes -b
    fi
else
    echo "$PAM_FILE_PATH was not found" &gt;&amp;2
fi
  fi
done

if [ -e "$PAM_FILE_PATH" ] ; then
    PAM_FILE_PATH="$PAM_FILE_PATH"
    if [ -f /usr/bin/authselect ]; then
        
        if ! authselect check; then
        echo "
        authselect integrity check failed. Remediation aborted!
        This remediation could not be applied because an authselect profile was not selected or the selected profile is not intact.
        It is not recommended to manually edit the PAM files when authselect tool is available.
        In cases where the default authselect profile does not cover a specific demand, a custom authselect profile is recommended."
        exit 1
        fi

        CURRENT_PROFILE=$(authselect current -r | awk '{ print $1 }')
        # If not already in use, a custom profile is created preserving the enabled features.
        if [[ ! $CURRENT_PROFILE == custom/* ]]; then
            ENABLED_FEATURES=$(authselect current | tail -n+3 | awk '{ print $2 }')
            # The "local" profile does not contain essential security features required by multiple Benchmarks.
            # If currently used, it is replaced by "sssd", which is the best option in this case.
            if [[ $CURRENT_PROFILE == local ]]; then
                CURRENT_PROFILE="sssd"
            fi
            authselect create-profile hardening -b $CURRENT_PROFILE
            CURRENT_PROFILE="custom/hardening"
            
            authselect apply-changes -b --backup=before-hardening-custom-profile
            authselect select $CURRENT_PROFILE
            for feature in $ENABLED_FEATURES; do
                authselect enable-feature $feature;
            done
            
            authselect apply-changes -b --backup=after-hardening-custom-profile
        fi
        PAM_FILE_NAME=$(basename "$PAM_FILE_PATH")
        PAM_FILE_PATH="/etc/authselect/$CURRENT_PROFILE/$PAM_FILE_NAME"

        authselect apply-changes -b
    fi
    

        if ! grep -qP "^\s*password\s+required\s+pam_unix.so\s*.*" "$PAM_FILE_PATH"; then
            # Line matching group + control + module was not found. Check group + module.
            if [ "$(grep -cP '^\s*password\s+.*\s+pam_unix.so\s*' "$PAM_FILE_PATH")" -eq 1 ]; then
                # The control is updated only if one single line matches.
                sed -i -E --follow-symlinks "s/^(\s*password\s+).*(\bpam_unix.so.*)/\1required \2/" "$PAM_FILE_PATH"
            else
                echo "password    required    pam_unix.so" &gt;&gt; "$PAM_FILE_PATH"
            fi
        fi
        # Check the option
        if ! grep -qP "^\s*password\s+required\s+pam_unix.so\s*.*\s$var_password_hashing_algorithm_pam\b" "$PAM_FILE_PATH"; then
            sed -i -E --follow-symlinks "/\s*password\s+required\s+pam_unix.so.*/ s/$/ $var_password_hashing_algorithm_pam/" "$PAM_FILE_PATH"
        fi
    if [ -f /usr/bin/authselect ]; then
        
        authselect apply-changes -b
    fi
else
    echo "$PAM_FILE_PATH was not found" &gt;&amp;2
fi

else
    &gt;&amp;2 echo 'Remediation is not applicable, nothing was done'
fi
</fix>
            <fix xmlns:xhtml="http://www.w3.org/1999/xhtml" id="set_password_hashing_algorithm_systemauth" system="urn:xccdf:fix:script:ansible" complexity="low" disruption="medium" strategy="configure">- name: Gather the package facts
  package_facts:
    manager: auto
  tags:
  - CCE-85565-0
  - CJIS-5.6.2.2
  - DISA-STIG-SLES-15-020170
  - NIST-800-171-3.13.11
  - NIST-800-53-CM-6(a)
  - NIST-800-53-IA-5(1)(c)
  - NIST-800-53-IA-5(c)
  - PCI-DSS-Req-8.2.1
  - PCI-DSSv4-8.3
  - PCI-DSSv4-8.3.2
  - configure_strategy
  - low_complexity
  - medium_disruption
  - medium_severity
  - no_reboot_needed
  - set_password_hashing_algorithm_systemauth
- name: XCCDF Value var_password_hashing_algorithm_pam # promote to variable
  set_fact:
    var_password_hashing_algorithm_pam: !!str <xccdf-1.2:sub xmlns:xccdf-1.2="http://checklists.nist.gov/xccdf/1.2" idref="xccdf_org.ssgproject.content_value_var_password_hashing_algorithm_pam" use="legacy"/>
  tags:
    - always

- name: Set PAM's Password Hashing Algorithm - Check if /etc/pam.d/common-password
    file is present
  ansible.builtin.stat:
    path: /etc/pam.d/common-password
  register: result_pam_file_present
  when:
  - ("kernel-default" in ansible_facts.packages or "kernel-default-base" in ansible_facts.packages)
  - '"pam" in ansible_facts.packages'
  tags:
  - CCE-85565-0
  - CJIS-5.6.2.2
  - DISA-STIG-SLES-15-020170
  - NIST-800-171-3.13.11
  - NIST-800-53-CM-6(a)
  - NIST-800-53-IA-5(1)(c)
  - NIST-800-53-IA-5(c)
  - PCI-DSS-Req-8.2.1
  - PCI-DSSv4-8.3
  - PCI-DSSv4-8.3.2
  - configure_strategy
  - low_complexity
  - medium_disruption
  - medium_severity
  - no_reboot_needed
  - set_password_hashing_algorithm_systemauth

- name: Set PAM's Password Hashing Algorithm - Check the proper remediation for the
    system
  block:

  - name: Set PAM's Password Hashing Algorithm - Define the PAM file to be edited
      as a local fact
    ansible.builtin.set_fact:
      pam_file_path: /etc/pam.d/common-password

  - name: Set PAM's Password Hashing Algorithm - Check if system relies on authselect
      tool
    ansible.builtin.stat:
      path: /usr/bin/authselect
    register: result_authselect_present

  - name: Set PAM's Password Hashing Algorithm - Ensure authselect custom profile
      is used if authselect is present
    block:

    - name: Set PAM's Password Hashing Algorithm - Check integrity of authselect current
        profile
      ansible.builtin.command:
        cmd: authselect check
      register: result_authselect_check_cmd
      changed_when: false
      check_mode: false
      failed_when: false

    - name: Set PAM's Password Hashing Algorithm - Informative message based on the
        authselect integrity check result
      ansible.builtin.assert:
        that:
        - ansible_check_mode or result_authselect_check_cmd.rc == 0
        fail_msg:
        - authselect integrity check failed. Remediation aborted!
        - This remediation could not be applied because an authselect profile was
          not selected or the selected profile is not intact.
        - It is not recommended to manually edit the PAM files when authselect tool
          is available.
        - In cases where the default authselect profile does not cover a specific
          demand, a custom authselect profile is recommended.
        success_msg:
        - authselect integrity check passed

    - name: Set PAM's Password Hashing Algorithm - Get authselect current profile
      ansible.builtin.shell:
        cmd: authselect current -r | awk '{ print $1 }'
      register: result_authselect_profile
      changed_when: false
      when:
      - result_authselect_check_cmd is success

    - name: Set PAM's Password Hashing Algorithm - Define the current authselect profile
        as a local fact
      ansible.builtin.set_fact:
        authselect_current_profile: '{{ result_authselect_profile.stdout }}'
        authselect_custom_profile: '{{ result_authselect_profile.stdout }}'
      when:
      - result_authselect_profile is not skipped
      - result_authselect_profile.stdout is match("custom/")

    - name: Set PAM's Password Hashing Algorithm - Define the new authselect custom
        profile as a local fact
      ansible.builtin.set_fact:
        authselect_current_profile: '{{ result_authselect_profile.stdout }}'
        authselect_custom_profile: custom/hardening
      when:
      - result_authselect_profile is not skipped
      - result_authselect_profile.stdout is not match("custom/")

    - name: Set PAM's Password Hashing Algorithm - Get authselect current features
        to also enable them in the custom profile
      ansible.builtin.shell:
        cmd: authselect current | tail -n+3 | awk '{ print $2 }'
      register: result_authselect_features
      changed_when: false
      check_mode: false
      when:
      - result_authselect_profile is not skipped
      - authselect_current_profile is not match("custom/")

    - name: Set PAM's Password Hashing Algorithm - Check if any custom profile with
        the same name was already created
      ansible.builtin.stat:
        path: /etc/authselect/{{ authselect_custom_profile }}
      register: result_authselect_custom_profile_present
      changed_when: false
      when:
      - result_authselect_profile is not skipped
      - authselect_current_profile is not match("custom/")

    - name: Set PAM's Password Hashing Algorithm - Create an authselect custom profile
        based on the current profile
      ansible.builtin.command:
        cmd: authselect create-profile hardening -b {{ authselect_current_profile
          }}
      when:
      - result_authselect_profile is not skipped
      - result_authselect_check_cmd is success
      - authselect_current_profile is not match("^(custom/|local)")
      - not result_authselect_custom_profile_present.stat.exists

    - name: Set PAM's Password Hashing Algorithm - Create an authselect custom profile
        based on sssd profile
      ansible.builtin.command:
        cmd: authselect create-profile hardening -b sssd
      when:
      - result_authselect_profile is not skipped
      - result_authselect_check_cmd is success
      - authselect_current_profile is match("local")
      - not result_authselect_custom_profile_present.stat.exists

    - name: Set PAM's Password Hashing Algorithm - Ensure authselect changes are applied
      ansible.builtin.command:
        cmd: authselect apply-changes -b --backup=before-hardening-custom-profile
      when:
      - result_authselect_check_cmd is success
      - result_authselect_profile is not skipped
      - authselect_current_profile is not match("custom/")
      - authselect_custom_profile is not match(authselect_current_profile)

    - name: Set PAM's Password Hashing Algorithm - Ensure the authselect custom profile
        is selected
      ansible.builtin.command:
        cmd: authselect select {{ authselect_custom_profile }}
      register: result_pam_authselect_select_profile
      when:
      - result_authselect_check_cmd is success
      - result_authselect_profile is not skipped
      - authselect_current_profile is not match("custom/")
      - authselect_custom_profile is not match(authselect_current_profile)

    - name: Set PAM's Password Hashing Algorithm - Restore the authselect features
        in the custom profile
      ansible.builtin.command:
        cmd: authselect enable-feature {{ item }}
      loop: '{{ result_authselect_features.stdout_lines }}'
      register: result_pam_authselect_restore_features
      when:
      - result_authselect_profile is not skipped
      - result_authselect_features is not skipped
      - result_pam_authselect_select_profile is not skipped

    - name: Set PAM's Password Hashing Algorithm - Ensure authselect changes are applied
      ansible.builtin.command:
        cmd: authselect apply-changes -b --backup=after-hardening-custom-profile
      when:
      - result_authselect_check_cmd is success
      - result_authselect_profile is not skipped
      - result_pam_authselect_restore_features is not skipped

    - name: Set PAM's Password Hashing Algorithm - Change the PAM file to be edited
        according to the custom authselect profile
      ansible.builtin.set_fact:
        pam_file_path: /etc/authselect/{{ authselect_custom_profile }}/{{ pam_file_path
          | basename }}
      when:
      - authselect_custom_profile is defined
    when:
    - result_authselect_present.stat.exists

  - name: Set PAM's Password Hashing Algorithm - Define a fact for control already
      filtered in case filters are used
    ansible.builtin.set_fact:
      pam_module_control: required

  - name: Set PAM's Password Hashing Algorithm - Check if expected PAM module line
      is present in {{ pam_file_path }}
    ansible.builtin.lineinfile:
      path: '{{ pam_file_path }}'
      regexp: ^\s*password\s+{{ pam_module_control | regex_escape() }}\s+pam_unix.so\s*.*
      state: absent
    check_mode: true
    changed_when: false
    register: result_pam_line_present

  - name: Set PAM's Password Hashing Algorithm - Include or update the PAM module
      line in {{ pam_file_path }}
    block:

    - name: Set PAM's Password Hashing Algorithm - Check if required PAM module line
        is present in {{ pam_file_path }} with different control
      ansible.builtin.lineinfile:
        path: '{{ pam_file_path }}'
        regexp: ^\s*password\s+.*\s+pam_unix.so\s*
        state: absent
      check_mode: true
      changed_when: false
      register: result_pam_line_other_control_present

    - name: Set PAM's Password Hashing Algorithm - Ensure the correct control for
        the required PAM module line in {{ pam_file_path }}
      ansible.builtin.replace:
        dest: '{{ pam_file_path }}'
        regexp: ^(\s*password\s+).*(\bpam_unix.so.*)
        replace: \1{{ pam_module_control }} \2
      register: result_pam_module_edit
      when:
      - result_pam_line_other_control_present.found == 1

    - name: Set PAM's Password Hashing Algorithm - Ensure the required PAM module
        line is included in {{ pam_file_path }}
      ansible.builtin.lineinfile:
        dest: '{{ pam_file_path }}'
        line: password    {{ pam_module_control }}    pam_unix.so
      register: result_pam_module_add
      when:
      - result_pam_line_other_control_present.found == 0 or result_pam_line_other_control_present.found
        &gt; 1

    - name: Set PAM's Password Hashing Algorithm - Ensure authselect changes are applied
      ansible.builtin.command:
        cmd: authselect apply-changes -b
      when:
      - result_authselect_present is defined
      - result_authselect_present.stat.exists
      - |-
        (result_pam_module_add is defined and result_pam_module_add.changed)
         or (result_pam_module_edit is defined and result_pam_module_edit.changed)
    when:
    - result_pam_line_present.found is defined
    - result_pam_line_present.found == 0

  - name: Set PAM's Password Hashing Algorithm - Define a fact for control already
      filtered in case filters are used
    ansible.builtin.set_fact:
      pam_module_control: required

  - name: Set PAM's Password Hashing Algorithm - Check if the required PAM module
      option is present in {{ pam_file_path }}
    ansible.builtin.lineinfile:
      path: '{{ pam_file_path }}'
      regexp: ^\s*password\s+{{ pam_module_control | regex_escape() }}\s+pam_unix.so\s*.*\s{{
        var_password_hashing_algorithm_pam }}\b
      state: absent
    check_mode: true
    changed_when: false
    register: result_pam_module_set_password_hashing_algorithm_systemauth_option_present

  - name: Set PAM's Password Hashing Algorithm - Ensure the "{{ var_password_hashing_algorithm_pam
      }}" PAM option for "pam_unix.so" is included in {{ pam_file_path }}
    ansible.builtin.lineinfile:
      path: '{{ pam_file_path }}'
      backrefs: true
      regexp: ^(\s*password\s+{{ pam_module_control | regex_escape() }}\s+pam_unix.so.*)
      line: \1 {{ var_password_hashing_algorithm_pam }}
      state: present
    register: result_pam_set_password_hashing_algorithm_systemauth_add
    when:
    - result_pam_module_set_password_hashing_algorithm_systemauth_option_present.found
      is defined
    - result_pam_module_set_password_hashing_algorithm_systemauth_option_present.found
      == 0

  - name: Set PAM's Password Hashing Algorithm - Ensure authselect changes are applied
    ansible.builtin.command:
      cmd: authselect apply-changes -b
    when:
    - result_authselect_present.stat.exists
    - |-
      (result_pam_set_password_hashing_algorithm_systemauth_add is defined and result_pam_set_password_hashing_algorithm_systemauth_add.changed)
       or (result_pam_set_password_hashing_algorithm_systemauth_edit is defined and result_pam_set_password_hashing_algorithm_systemauth_edit.changed)
  when:
  - ("kernel-default" in ansible_facts.packages or "kernel-default-base" in ansible_facts.packages)
  - '"pam" in ansible_facts.packages'
  - result_pam_file_present.stat.exists
  tags:
  - CCE-85565-0
  - CJIS-5.6.2.2
  - DISA-STIG-SLES-15-020170
  - NIST-800-171-3.13.11
  - NIST-800-53-CM-6(a)
  - NIST-800-53-IA-5(1)(c)
  - NIST-800-53-IA-5(c)
  - PCI-DSS-Req-8.2.1
  - PCI-DSSv4-8.3
  - PCI-DSSv4-8.3.2
  - configure_strategy
  - low_complexity
  - medium_disruption
  - medium_severity
  - no_reboot_needed
  - set_password_hashing_algorithm_systemauth

- name: Set PAM's Password Hashing Algorithm - Check if /etc/pam.d/common-password
    File is Present
  ansible.builtin.stat:
    path: /etc/pam.d/common-password
  register: result_pam_file_present
  when:
  - ("kernel-default" in ansible_facts.packages or "kernel-default-base" in ansible_facts.packages)
  - '"pam" in ansible_facts.packages'
  tags:
  - CCE-85565-0
  - CJIS-5.6.2.2
  - DISA-STIG-SLES-15-020170
  - NIST-800-171-3.13.11
  - NIST-800-53-CM-6(a)
  - NIST-800-53-IA-5(1)(c)
  - NIST-800-53-IA-5(c)
  - PCI-DSS-Req-8.2.1
  - PCI-DSSv4-8.3
  - PCI-DSSv4-8.3.2
  - configure_strategy
  - low_complexity
  - medium_disruption
  - medium_severity
  - no_reboot_needed
  - set_password_hashing_algorithm_systemauth

- name: Set PAM's Password Hashing Algorithm - Check The Proper Remediation For The
    System
  block:

  - name: Set PAM's Password Hashing Algorithm - Define the PAM file to be edited
      as a local fact
    ansible.builtin.set_fact:
      pam_file_path: /etc/pam.d/common-password

  - name: Set PAM's Password Hashing Algorithm - Check if system relies on authselect
      tool
    ansible.builtin.stat:
      path: /usr/bin/authselect
    register: result_authselect_present

  - name: Set PAM's Password Hashing Algorithm - Ensure authselect custom profile
      is used if authselect is present
    block:

    - name: Set PAM's Password Hashing Algorithm - Check integrity of authselect current
        profile
      ansible.builtin.command:
        cmd: authselect check
      register: result_authselect_check_cmd
      changed_when: false
      check_mode: false
      failed_when: false

    - name: Set PAM's Password Hashing Algorithm - Informative message based on the
        authselect integrity check result
      ansible.builtin.assert:
        that:
        - ansible_check_mode or result_authselect_check_cmd.rc == 0
        fail_msg:
        - authselect integrity check failed. Remediation aborted!
        - This remediation could not be applied because an authselect profile was
          not selected or the selected profile is not intact.
        - It is not recommended to manually edit the PAM files when authselect tool
          is available.
        - In cases where the default authselect profile does not cover a specific
          demand, a custom authselect profile is recommended.
        success_msg:
        - authselect integrity check passed

    - name: Set PAM's Password Hashing Algorithm - Get authselect current profile
      ansible.builtin.shell:
        cmd: authselect current -r | awk '{ print $1 }'
      register: result_authselect_profile
      changed_when: false
      when:
      - result_authselect_check_cmd is success

    - name: Set PAM's Password Hashing Algorithm - Define the current authselect profile
        as a local fact
      ansible.builtin.set_fact:
        authselect_current_profile: '{{ result_authselect_profile.stdout }}'
        authselect_custom_profile: '{{ result_authselect_profile.stdout }}'
      when:
      - result_authselect_profile is not skipped
      - result_authselect_profile.stdout is match("custom/")

    - name: Set PAM's Password Hashing Algorithm - Define the new authselect custom
        profile as a local fact
      ansible.builtin.set_fact:
        authselect_current_profile: '{{ result_authselect_profile.stdout }}'
        authselect_custom_profile: custom/hardening
      when:
      - result_authselect_profile is not skipped
      - result_authselect_profile.stdout is not match("custom/")

    - name: Set PAM's Password Hashing Algorithm - Get authselect current features
        to also enable them in the custom profile
      ansible.builtin.shell:
        cmd: authselect current | tail -n+3 | awk '{ print $2 }'
      register: result_authselect_features
      changed_when: false
      check_mode: false
      when:
      - result_authselect_profile is not skipped
      - authselect_current_profile is not match("custom/")

    - name: Set PAM's Password Hashing Algorithm - Check if any custom profile with
        the same name was already created
      ansible.builtin.stat:
        path: /etc/authselect/{{ authselect_custom_profile }}
      register: result_authselect_custom_profile_present
      changed_when: false
      when:
      - result_authselect_profile is not skipped
      - authselect_current_profile is not match("custom/")

    - name: Set PAM's Password Hashing Algorithm - Create an authselect custom profile
        based on the current profile
      ansible.builtin.command:
        cmd: authselect create-profile hardening -b {{ authselect_current_profile
          }}
      when:
      - result_authselect_profile is not skipped
      - result_authselect_check_cmd is success
      - authselect_current_profile is not match("^(custom/|local)")
      - not result_authselect_custom_profile_present.stat.exists

    - name: Set PAM's Password Hashing Algorithm - Create an authselect custom profile
        based on sssd profile
      ansible.builtin.command:
        cmd: authselect create-profile hardening -b sssd
      when:
      - result_authselect_profile is not skipped
      - result_authselect_check_cmd is success
      - authselect_current_profile is match("local")
      - not result_authselect_custom_profile_present.stat.exists

    - name: Set PAM's Password Hashing Algorithm - Ensure authselect changes are applied
      ansible.builtin.command:
        cmd: authselect apply-changes -b --backup=before-hardening-custom-profile
      when:
      - result_authselect_check_cmd is success
      - result_authselect_profile is not skipped
      - authselect_current_profile is not match("custom/")
      - authselect_custom_profile is not match(authselect_current_profile)

    - name: Set PAM's Password Hashing Algorithm - Ensure the authselect custom profile
        is selected
      ansible.builtin.command:
        cmd: authselect select {{ authselect_custom_profile }}
      register: result_pam_authselect_select_profile
      when:
      - result_authselect_check_cmd is success
      - result_authselect_profile is not skipped
      - authselect_current_profile is not match("custom/")
      - authselect_custom_profile is not match(authselect_current_profile)

    - name: Set PAM's Password Hashing Algorithm - Restore the authselect features
        in the custom profile
      ansible.builtin.command:
        cmd: authselect enable-feature {{ item }}
      loop: '{{ result_authselect_features.stdout_lines }}'
      register: result_pam_authselect_restore_features
      when:
      - result_authselect_profile is not skipped
      - result_authselect_features is not skipped
      - result_pam_authselect_select_profile is not skipped

    - name: Set PAM's Password Hashing Algorithm - Ensure authselect changes are applied
      ansible.builtin.command:
        cmd: authselect apply-changes -b --backup=after-hardening-custom-profile
      when:
      - result_authselect_check_cmd is success
      - result_authselect_profile is not skipped
      - result_pam_authselect_restore_features is not skipped

    - name: Set PAM's Password Hashing Algorithm - Change the PAM file to be edited
        according to the custom authselect profile
      ansible.builtin.set_fact:
        pam_file_path: /etc/authselect/{{ authselect_custom_profile }}/{{ pam_file_path
          | basename }}
      when:
      - authselect_custom_profile is defined
    when:
    - result_authselect_present.stat.exists

  - name: Set PAM's Password Hashing Algorithm - Check if "{{ pam_file_path }}" File
      is Present
    ansible.builtin.stat:
      path: '{{ pam_file_path }}'
    register: pam_file_path_present

  - name: Set PAM's Password Hashing Algorithm - Ensure That Only the Correct Hashing
      Algorithm Option For pam_unix.so Is Used in {{ pam_file_path }}
    ansible.builtin.replace:
      dest: '{{ pam_file_path }}'
      regexp: (^\s*password.*pam_unix\.so.*)\b{{ item }}\b\s*(.*)
      replace: \1\2
    when:
    - item != var_password_hashing_algorithm_pam
    - pam_file_path_present.stat.exists
    loop:
    - sha512
    - yescrypt
    - gost_yescrypt
    - blowfish
    - sha256
    - md5
    - bigcrypt
    register: result_pam_hashing_options_removal

  - name: Set PAM's Password Hashing Algorithm - Ensure authselect changes are applied
    ansible.builtin.command:
      cmd: authselect apply-changes -b
    when:
    - result_authselect_present.stat.exists
    - result_pam_hashing_options_removal is changed
  when:
  - ("kernel-default" in ansible_facts.packages or "kernel-default-base" in ansible_facts.packages)
  - '"pam" in ansible_facts.packages'
  - result_pam_file_present.stat.exists
  tags:
  - CCE-85565-0
  - CJIS-5.6.2.2
  - DISA-STIG-SLES-15-020170
  - NIST-800-171-3.13.11
  - NIST-800-53-CM-6(a)
  - NIST-800-53-IA-5(1)(c)
  - NIST-800-53-IA-5(c)
  - PCI-DSS-Req-8.2.1
  - PCI-DSSv4-8.3
  - PCI-DSSv4-8.3.2
  - configure_strategy
  - low_complexity
  - medium_disruption
  - medium_severity
  - no_reboot_needed
  - set_password_hashing_algorithm_systemauth
</fix>
            <check system="http://oval.mitre.org/XMLSchema/oval-definitions-5">
              <check-export export-name="oval:ssg-var_password_hashing_algorithm_pam:var:1" value-id="xccdf_org.ssgproject.content_value_var_password_hashing_algorithm_pam"/>
              <check-content-ref name="oval:ssg-set_password_hashing_algorithm_systemauth:def:1" href="ssg-sle15-oval.xml"/>
            </check>
            <check system="http://scap.nist.gov/schema/ocil/2">
              <check-content-ref name="ocil:ssg-set_password_hashing_algorithm_systemauth_ocil:questionnaire:1" href="ssg-sle15-ocil.xml"/>
            </check>
          </Rule>
          <Rule id="xccdf_org.ssgproject.content_rule_set_password_hashing_min_rounds_logindefs" selected="false" role="full" severity="medium">
            <title xmlns:xhtml="http://www.w3.org/1999/xhtml" xml:lang="en-US">Set Password Hashing Rounds in /etc/login.defs</title>
            <description xmlns:xhtml="http://www.w3.org/1999/xhtml" xml:lang="en-US">In <html:code xmlns:html="http://www.w3.org/1999/xhtml">/etc/login.defs</html:code>, ensure <html:code xmlns:html="http://www.w3.org/1999/xhtml">SHA_CRYPT_MIN_ROUNDS</html:code> and
<html:code xmlns:html="http://www.w3.org/1999/xhtml">SHA_CRYPT_MAX_ROUNDS</html:code> has the minimum value of <html:code xmlns:html="http://www.w3.org/1999/xhtml" xmlns:xccdf-1.2="http://checklists.nist.gov/xccdf/1.2"><xccdf-1.2:sub idref="xccdf_org.ssgproject.content_value_var_password_hashing_min_rounds_login_defs" use="legacy"/></html:code>.
For example:
<html:pre xmlns:html="http://www.w3.org/1999/xhtml" xmlns:xccdf-1.2="http://checklists.nist.gov/xccdf/1.2">SHA_CRYPT_MIN_ROUNDS <xccdf-1.2:sub idref="xccdf_org.ssgproject.content_value_var_password_hashing_min_rounds_login_defs" use="legacy"/>
SHA_CRYPT_MAX_ROUNDS <xccdf-1.2:sub idref="xccdf_org.ssgproject.content_value_var_password_hashing_min_rounds_login_defs" use="legacy"/>
         </html:pre>
Notice that if neither are set, they already have the default value of 5000.
If either is set, they must have the minimum value of <xccdf-1.2:sub xmlns:xccdf-1.2="http://checklists.nist.gov/xccdf/1.2" idref="xccdf_org.ssgproject.content_value_var_password_hashing_min_rounds_login_defs" use="legacy"/>.</description>
            <reference href="https://www.cyber.mil/stigs/downloads/?_dl_facet_stigs=operating-systems%2Cgeneral-purpose-os">SRG-OS-000073-GPOS-00041</reference>
            <reference href="https://www.cyber.mil/stigs/downloads/?_dl_facet_stigs=operating-systems%2Cgeneral-purpose-os">SRG-OS-000120-GPOS-00061</reference>
            <reference href="https://www.cyber.mil/stigs/downloads/?_dl_facet_stigs=operating-systems%2Cunix-linux">SLES-15-020190</reference>
            <reference href="https://www.cyber.mil/stigs/srg-stig-tools/">SV-234888r1044810_rule</reference>
            <rationale xmlns:xhtml="http://www.w3.org/1999/xhtml" xml:lang="en-US">Passwords need to be protected at all times, and hashing is the standard
method for protecting passwords. If passwords are not hashed, they can
be plainly read (i.e., clear text) and easily compromised. Passwords
that are hashed with a weak algorithm are no more protected than if
they are kept in plain text.
<html:br xmlns:html="http://www.w3.org/1999/xhtml"/>
         <html:br xmlns:html="http://www.w3.org/1999/xhtml"/>
Using more hashing rounds makes password cracking attacks more difficult.</rationale>
            <ident system="https://ncp.nist.gov/cce">CCE-85567-6</ident>
            <fix xmlns:xhtml="http://www.w3.org/1999/xhtml" id="set_password_hashing_min_rounds_logindefs" system="urn:xccdf:fix:script:sh"># Remediation is applicable only in certain platforms
if rpm --quiet -q kernel-default || rpm --quiet -q kernel-default-base; then

var_password_hashing_min_rounds_login_defs='<xccdf-1.2:sub xmlns:xccdf-1.2="http://checklists.nist.gov/xccdf/1.2" idref="xccdf_org.ssgproject.content_value_var_password_hashing_min_rounds_login_defs" use="legacy"/>'


config_file=/etc/login.defs
current_min_rounds=$(grep -Po '^\s*SHA_CRYPT_MIN_ROUNDS\s+\K\d+' "$config_file")
current_max_rounds=$(grep -Po '^\s*SHA_CRYPT_MAX_ROUNDS\s+\K\d+' "$config_file")

if [[ -z "$current_min_rounds" || "$current_min_rounds" -le "$var_password_hashing_min_rounds_login_defs" ]]; then
    if [ -e "/etc/login.defs" ] ; then
        
        LC_ALL=C sed -i "/^\s*SHA_CRYPT_MIN_ROUNDS\s*/Id" "/etc/login.defs"
    else
        printf '%s\n' "Path '/etc/login.defs' wasn't found on this system. Refusing to continue." &gt;&amp;2
        return 1
    fi
    # make sure file has newline at the end
    sed -i -e '$a\' "/etc/login.defs"

    cp "/etc/login.defs" "/etc/login.defs.bak"
    # Insert at the end of the file
    printf '%s\n' "SHA_CRYPT_MIN_ROUNDS $var_password_hashing_min_rounds_login_defs" &gt;&gt; "/etc/login.defs"
    # Clean up after ourselves.
    rm "/etc/login.defs.bak"
fi

if [[ -n "$current_max_rounds" &amp;&amp; "$current_max_rounds" -le "$var_password_hashing_min_rounds_login_defs" ]]; then
    if [ -e "/etc/login.defs" ] ; then
        
        LC_ALL=C sed -i "/^\s*SHA_CRYPT_MAX_ROUNDS\s*/Id" "/etc/login.defs"
    else
        printf '%s\n' "Path '/etc/login.defs' wasn't found on this system. Refusing to continue." &gt;&amp;2
        return 1
    fi
    # make sure file has newline at the end
    sed -i -e '$a\' "/etc/login.defs"

    cp "/etc/login.defs" "/etc/login.defs.bak"
    # Insert at the end of the file
    printf '%s\n' "SHA_CRYPT_MAX_ROUNDS $var_password_hashing_min_rounds_login_defs" &gt;&gt; "/etc/login.defs"
    # Clean up after ourselves.
    rm "/etc/login.defs.bak"
fi

else
    &gt;&amp;2 echo 'Remediation is not applicable, nothing was done'
fi
</fix>
            <fix xmlns:xhtml="http://www.w3.org/1999/xhtml" id="set_password_hashing_min_rounds_logindefs" system="urn:xccdf:fix:script:ansible" complexity="low" disruption="low" strategy="restrict">- name: Gather the package facts
  package_facts:
    manager: auto
  tags:
  - CCE-85567-6
  - DISA-STIG-SLES-15-020190
  - low_complexity
  - low_disruption
  - medium_severity
  - no_reboot_needed
  - restrict_strategy
  - set_password_hashing_min_rounds_logindefs
- name: XCCDF Value var_password_hashing_min_rounds_login_defs # promote to variable
  set_fact:
    var_password_hashing_min_rounds_login_defs: !!str <xccdf-1.2:sub xmlns:xccdf-1.2="http://checklists.nist.gov/xccdf/1.2" idref="xccdf_org.ssgproject.content_value_var_password_hashing_min_rounds_login_defs" use="legacy"/>
  tags:
    - always

- name: Set Password Hashing Rounds in /etc/login.defs - extract contents of the file
    /etc/login.defs
  ansible.builtin.slurp:
    src: /etc/login.defs
  register: etc_login_defs
  when: ("kernel-default" in ansible_facts.packages or "kernel-default-base" in ansible_facts.packages)
  tags:
  - CCE-85567-6
  - DISA-STIG-SLES-15-020190
  - low_complexity
  - low_disruption
  - medium_severity
  - no_reboot_needed
  - restrict_strategy
  - set_password_hashing_min_rounds_logindefs

- name: Set Password Hashing Rounds in /etc/login.defs - extract the value of SHA_CRYPT_MIN_ROUNDS
    if present
  ansible.builtin.set_fact:
    etc_login_defs_sha_crypt_min_rounds: '{{ etc_login_defs[''content''] | b64decode
      | regex_search(''^\s*SHA_CRYPT_MIN_ROUNDS\s+(\d+)'', ''\1'', multiline=True)
      | default([], true) }}'
  when: ("kernel-default" in ansible_facts.packages or "kernel-default-base" in ansible_facts.packages)
  tags:
  - CCE-85567-6
  - DISA-STIG-SLES-15-020190
  - low_complexity
  - low_disruption
  - medium_severity
  - no_reboot_needed
  - restrict_strategy
  - set_password_hashing_min_rounds_logindefs

- name: Set Password Hashing Rounds in /etc/login.defs - extract the value of SHA_CRYPT_MAX_ROUNDS
    if present
  ansible.builtin.set_fact:
    etc_login_defs_sha_crypt_max_rounds: '{{ etc_login_defs[''content''] | b64decode
      | regex_search(''^\s*SHA_CRYPT_MAX_ROUNDS\s+(\d+)'', ''\1'', multiline=True)
      | default([], true) }}'
  when: ("kernel-default" in ansible_facts.packages or "kernel-default-base" in ansible_facts.packages)
  tags:
  - CCE-85567-6
  - DISA-STIG-SLES-15-020190
  - low_complexity
  - low_disruption
  - medium_severity
  - no_reboot_needed
  - restrict_strategy
  - set_password_hashing_min_rounds_logindefs

- name: Set Password Hashing Rounds in /etc/login.defs - Ensure SHA_CRYPT_MIN_ROUNDS
    has Minimum Value of 5000
  ansible.builtin.replace:
    path: /etc/login.defs
    regexp: (^\s*SHA_CRYPT_MIN_ROUNDS\s+)(?:\d+)(.*$)
    replace: \g&lt;1&gt;{{ var_password_hashing_min_rounds_login_defs }}\g&lt;2&gt;
    backup: false
  when:
  - ("kernel-default" in ansible_facts.packages or "kernel-default-base" in ansible_facts.packages)
  - etc_login_defs_sha_crypt_min_rounds is defined and etc_login_defs_sha_crypt_min_rounds
    | length &gt; 0 and etc_login_defs_sha_crypt_min_rounds | first | int &lt; var_password_hashing_min_rounds_login_defs
    | int
  tags:
  - CCE-85567-6
  - DISA-STIG-SLES-15-020190
  - low_complexity
  - low_disruption
  - medium_severity
  - no_reboot_needed
  - restrict_strategy
  - set_password_hashing_min_rounds_logindefs

- name: Set Password Hashing Rounds in /etc/login.defs - Ensure SHA_CRYPT_MAX_ROUNDS
    has Minimum Value of 5000
  ansible.builtin.replace:
    path: /etc/login.defs
    regexp: (^\s*SHA_CRYPT_MAX_ROUNDS\s+)(?:\d+)(.*$)
    replace: \g&lt;1&gt;{{ var_password_hashing_min_rounds_login_defs }}\g&lt;2&gt;
    backup: false
  when:
  - ("kernel-default" in ansible_facts.packages or "kernel-default-base" in ansible_facts.packages)
  - etc_login_defs_sha_crypt_max_rounds is defined and etc_login_defs_sha_crypt_max_rounds
    | length &gt; 0 and etc_login_defs_sha_crypt_max_rounds | first | int &lt; var_password_hashing_min_rounds_login_defs
    | int
  tags:
  - CCE-85567-6
  - DISA-STIG-SLES-15-020190
  - low_complexity
  - low_disruption
  - medium_severity
  - no_reboot_needed
  - restrict_strategy
  - set_password_hashing_min_rounds_logindefs

- name: Set Password Hashing Rounds in /etc/login.defs - SHA_CRYPT_MIN_ROUNDS add
    configuration if not found
  ansible.builtin.lineinfile:
    line: SHA_CRYPT_MIN_ROUNDS {{ var_password_hashing_min_rounds_login_defs }}
    path: /etc/login.defs
    state: present
  when:
  - ("kernel-default" in ansible_facts.packages or "kernel-default-base" in ansible_facts.packages)
  - etc_login_defs_sha_crypt_min_rounds | length == 0
  tags:
  - CCE-85567-6
  - DISA-STIG-SLES-15-020190
  - low_complexity
  - low_disruption
  - medium_severity
  - no_reboot_needed
  - restrict_strategy
  - set_password_hashing_min_rounds_logindefs

- name: Set Password Hashing Rounds in /etc/login.defs - SHA_CRYPT_MAX_ROUNDS add
    configuration if not found
  ansible.builtin.lineinfile:
    line: SHA_CRYPT_MAX_ROUNDS {{ var_password_hashing_min_rounds_login_defs }}
    path: /etc/login.defs
    state: present
  when:
  - ("kernel-default" in ansible_facts.packages or "kernel-default-base" in ansible_facts.packages)
  - etc_login_defs_sha_crypt_max_rounds | length == 0
  tags:
  - CCE-85567-6
  - DISA-STIG-SLES-15-020190
  - low_complexity
  - low_disruption
  - medium_severity
  - no_reboot_needed
  - restrict_strategy
  - set_password_hashing_min_rounds_logindefs
</fix>
            <check system="http://oval.mitre.org/XMLSchema/oval-definitions-5">
              <check-export export-name="oval:ssg-var_password_hashing_min_rounds_login_defs:var:1" value-id="xccdf_org.ssgproject.content_value_var_password_hashing_min_rounds_login_defs"/>
              <check-content-ref name="oval:ssg-set_password_hashing_min_rounds_logindefs:def:1" href="ssg-sle15-oval.xml"/>
            </check>
            <check system="http://scap.nist.gov/schema/ocil/2">
              <check-content-ref name="ocil:ssg-set_password_hashing_min_rounds_logindefs_ocil:questionnaire:1" href="ssg-sle15-ocil.xml"/>
            </check>
          </Rule>
        </Group>
      </Group>
      <Group id="xccdf_org.ssgproject.content_group_accounts-physical">
        <title xmlns:xhtml="http://www.w3.org/1999/xhtml" xml:lang="en-US">Protect Physical Console Access</title>
        <description xmlns:xhtml="http://www.w3.org/1999/xhtml" xml:lang="en-US">It is impossible to fully protect a system from an
attacker with physical access, so securing the space in which the
system is located should be considered a necessary step. However,
there are some steps which, if taken, make it more difficult for an
attacker to quickly or undetectably modify a system from its
console.</description>
        <platform idref="#system_with_kernel"/>
        <Value id="xccdf_org.ssgproject.content_value_var_logind_session_timeout" type="number">
          <title xmlns:xhtml="http://www.w3.org/1999/xhtml" xml:lang="en-US">Login timeout for idle sessions</title>
          <description xmlns:xhtml="http://www.w3.org/1999/xhtml" xml:lang="en-US">Specify duration of allowed idle time.</description>
          <value selector="10_minutes">600</value>
          <value selector="120_minutes">7200</value>
          <value selector="14_minutes">840</value>
          <value selector="15_minutes">900</value>
          <value selector="30_minutes">1800</value>
          <value selector="5_minutes">300</value>
          <value selector="60_minutes">3600</value>
          <value>300</value>
        </Value>
        <Rule id="xccdf_org.ssgproject.content_rule_service_debug-shell_disabled" selected="false" role="full" severity="medium">
          <title xmlns:xhtml="http://www.w3.org/1999/xhtml" xml:lang="en-US">Disable debug-shell SystemD Service</title>
          <description xmlns:xhtml="http://www.w3.org/1999/xhtml" xml:lang="en-US">SystemD's <html:code xmlns:html="http://www.w3.org/1999/xhtml">debug-shell</html:code> service is intended to
diagnose SystemD related boot issues with various <html:code xmlns:html="http://www.w3.org/1999/xhtml">systemctl</html:code>
commands. Once enabled and following a system reboot, the root shell
will be available on <html:code xmlns:html="http://www.w3.org/1999/xhtml">tty9</html:code> which is access by pressing
<html:code xmlns:html="http://www.w3.org/1999/xhtml">CTRL-ALT-F9</html:code>. The <html:code xmlns:html="http://www.w3.org/1999/xhtml">debug-shell</html:code> service should only be used
for SystemD related issues and should otherwise be disabled.
<html:br xmlns:html="http://www.w3.org/1999/xhtml"/>
        <html:br xmlns:html="http://www.w3.org/1999/xhtml"/>
By default, the <html:code xmlns:html="http://www.w3.org/1999/xhtml">debug-shell</html:code> SystemD service is already disabled.

The <html:code xmlns:html="http://www.w3.org/1999/xhtml">debug-shell</html:code> service can be disabled with the following command:
<html:pre xmlns:html="http://www.w3.org/1999/xhtml">$ sudo systemctl mask --now debug-shell.service</html:pre>
       </description>
          <reference href="http://nvlpubs.nist.gov/nistpubs/SpecialPublications/NIST.SP.800-171.pdf">3.4.5</reference>
          <reference href="https://www.gpo.gov/fdsys/pkg/CFR-2007-title45-vol1/pdf/CFR-2007-title45-vol1-chapA-subchapC.pdf">164.308(a)(1)(ii)(B)</reference>
          <reference href="https://www.gpo.gov/fdsys/pkg/CFR-2007-title45-vol1/pdf/CFR-2007-title45-vol1-chapA-subchapC.pdf">164.308(a)(7)(i)</reference>
          <reference href="https://www.gpo.gov/fdsys/pkg/CFR-2007-title45-vol1/pdf/CFR-2007-title45-vol1-chapA-subchapC.pdf">164.308(a)(7)(ii)(A)</reference>
          <reference href="https://www.gpo.gov/fdsys/pkg/CFR-2007-title45-vol1/pdf/CFR-2007-title45-vol1-chapA-subchapC.pdf">164.310(a)(1)</reference>
          <reference href="https://www.gpo.gov/fdsys/pkg/CFR-2007-title45-vol1/pdf/CFR-2007-title45-vol1-chapA-subchapC.pdf">164.310(a)(2)(i)</reference>
          <reference href="https://www.gpo.gov/fdsys/pkg/CFR-2007-title45-vol1/pdf/CFR-2007-title45-vol1-chapA-subchapC.pdf">164.310(a)(2)(ii)</reference>
          <reference href="https://www.gpo.gov/fdsys/pkg/CFR-2007-title45-vol1/pdf/CFR-2007-title45-vol1-chapA-subchapC.pdf">164.310(a)(2)(iii)</reference>
          <reference href="https://www.gpo.gov/fdsys/pkg/CFR-2007-title45-vol1/pdf/CFR-2007-title45-vol1-chapA-subchapC.pdf">164.310(b)</reference>
          <reference href="https://www.gpo.gov/fdsys/pkg/CFR-2007-title45-vol1/pdf/CFR-2007-title45-vol1-chapA-subchapC.pdf">164.310(c)</reference>
          <reference href="https://www.gpo.gov/fdsys/pkg/CFR-2007-title45-vol1/pdf/CFR-2007-title45-vol1-chapA-subchapC.pdf">164.310(d)(1)</reference>
          <reference href="https://www.gpo.gov/fdsys/pkg/CFR-2007-title45-vol1/pdf/CFR-2007-title45-vol1-chapA-subchapC.pdf">164.310(d)(2)(iii)</reference>
          <reference href="http://nvlpubs.nist.gov/nistpubs/SpecialPublications/NIST.SP.800-53r4.pdf">CM-6</reference>
          <reference href="https://www.niap-ccevs.org/Profile/PP.cfm">FIA_UAU.1</reference>
          <reference href="https://www.cyber.mil/stigs/downloads/?_dl_facet_stigs=operating-systems%2Cgeneral-purpose-os">SRG-OS-000324-GPOS-00125</reference>
          <reference href="https://www.cyber.mil/stigs/downloads/?_dl_facet_stigs=operating-systems%2Cgeneral-purpose-os">SRG-OS-000480-GPOS-00227</reference>
          <rationale xmlns:xhtml="http://www.w3.org/1999/xhtml" xml:lang="en-US">This prevents attackers with physical access from trivially bypassing security
on the machine through valid troubleshooting configurations and gaining root
access when the system is rebooted.</rationale>
          <ident system="https://ncp.nist.gov/cce">CCE-91421-8</ident>
          <fix xmlns:xhtml="http://www.w3.org/1999/xhtml" id="service_debug-shell_disabled" system="urn:xccdf:fix:script:puppet" complexity="low" disruption="low" strategy="enable">include disable_debug-shell

class disable_debug-shell {
  service {'debug-shell':
    enable =&gt; false,
    ensure =&gt; 'stopped',
  }
}
</fix>
          <fix xmlns:xhtml="http://www.w3.org/1999/xhtml" id="service_debug-shell_disabled" system="urn:xccdf:fix:script:sh" complexity="low" disruption="low" strategy="disable"># Remediation is applicable only in certain platforms
if rpm --quiet -q kernel-default || rpm --quiet -q kernel-default-base; then

SYSTEMCTL_EXEC='/usr/bin/systemctl'
if [[ $("$SYSTEMCTL_EXEC" is-system-running) != "offline" ]]; then
  "$SYSTEMCTL_EXEC" stop 'debug-shell.service'
fi
"$SYSTEMCTL_EXEC" disable 'debug-shell.service'
"$SYSTEMCTL_EXEC" mask 'debug-shell.service'
# Disable socket activation if we have a unit file for it
if "$SYSTEMCTL_EXEC" -q list-unit-files debug-shell.socket; then
    if [[ $("$SYSTEMCTL_EXEC" is-system-running) != "offline" ]]; then
      "$SYSTEMCTL_EXEC" stop 'debug-shell.socket'
    fi
    "$SYSTEMCTL_EXEC" mask 'debug-shell.socket'
fi
# The service may not be running because it has been started and failed,
# so let's reset the state so OVAL checks pass.
# Service should be 'inactive', not 'failed' after reboot though.
"$SYSTEMCTL_EXEC" reset-failed 'debug-shell.service' || true

else
    &gt;&amp;2 echo 'Remediation is not applicable, nothing was done'
fi
</fix>
          <fix xmlns:xhtml="http://www.w3.org/1999/xhtml" id="service_debug-shell_disabled" system="urn:redhat:osbuild:blueprint">
[customizations.services]
masked = ["debug-shell"]
</fix>
          <fix xmlns:xhtml="http://www.w3.org/1999/xhtml" id="service_debug-shell_disabled" system="urn:xccdf:fix:script:ansible" complexity="low" disruption="low" strategy="disable">- name: Gather the package facts
  package_facts:
    manager: auto
  tags:
  - CCE-91421-8
  - NIST-800-171-3.4.5
  - NIST-800-53-CM-6
  - disable_strategy
  - low_complexity
  - low_disruption
  - medium_severity
  - no_reboot_needed
  - service_debug-shell_disabled

- name: Disable debug-shell SystemD Service - Disable service debug-shell
  block:

  - name: Disable debug-shell SystemD Service - Collect systemd Services Present in
      the System
    ansible.builtin.command: systemctl -q list-unit-files --type service
    register: service_exists
    changed_when: false
    failed_when: service_exists.rc not in [0, 1]
    check_mode: false

  - name: Disable debug-shell SystemD Service - Ensure debug-shell.service is Masked
    ansible.builtin.systemd:
      name: debug-shell.service
      state: stopped
      enabled: false
      masked: true
    when: service_exists.stdout_lines is search("debug-shell.service", multiline=True)

  - name: Unit Socket Exists - debug-shell.socket
    ansible.builtin.command: systemctl -q list-unit-files debug-shell.socket
    register: socket_file_exists
    changed_when: false
    failed_when: socket_file_exists.rc not in [0, 1]
    check_mode: false

  - name: Disable debug-shell SystemD Service - Disable Socket debug-shell
    ansible.builtin.systemd:
      name: debug-shell.socket
      enabled: false
      state: stopped
      masked: true
    when: socket_file_exists.stdout_lines is search("debug-shell.socket", multiline=True)
  tags:
  - CCE-91421-8
  - NIST-800-171-3.4.5
  - NIST-800-53-CM-6
  - disable_strategy
  - low_complexity
  - low_disruption
  - medium_severity
  - no_reboot_needed
  - service_debug-shell_disabled
  - special_service_block
  when: ("kernel-default" in ansible_facts.packages or "kernel-default-base" in ansible_facts.packages)
</fix>
          <check system="http://open-scap.org/page/SCE">
            <check-import import-name="stdout">
                </check-import>
            <check-content-ref href="sle15/checks/sce/service_debug-shell_disabled.sh"/>
          </check>
          <check system="http://oval.mitre.org/XMLSchema/oval-definitions-5">
            <check-content-ref name="oval:ssg-service_debug-shell_disabled:def:1" href="ssg-sle15-oval.xml"/>
          </check>
          <check system="http://scap.nist.gov/schema/ocil/2">
            <check-content-ref name="ocil:ssg-service_debug-shell_disabled_ocil:questionnaire:1" href="ssg-sle15-ocil.xml"/>
          </check>
        </Rule>
        <Rule id="xccdf_org.ssgproject.content_rule_disable_ctrlaltdel_burstaction" selected="false" role="full" severity="high">
          <title xmlns:xhtml="http://www.w3.org/1999/xhtml" xml:lang="en-US">Disable Ctrl-Alt-Del Burst Action</title>
          <description xmlns:xhtml="http://www.w3.org/1999/xhtml" xml:lang="en-US">By default, <html:code xmlns:html="http://www.w3.org/1999/xhtml">SystemD</html:code> will reboot the system if the <html:code xmlns:html="http://www.w3.org/1999/xhtml">Ctrl-Alt-Del</html:code>
key sequence is pressed Ctrl-Alt-Delete more than 7 times in 2 seconds.
<html:br xmlns:html="http://www.w3.org/1999/xhtml"/>
        <html:br xmlns:html="http://www.w3.org/1999/xhtml"/>
To configure the system to ignore the <html:code xmlns:html="http://www.w3.org/1999/xhtml">CtrlAltDelBurstAction</html:code>

setting, add or modify the following to <html:code xmlns:html="http://www.w3.org/1999/xhtml">/etc/systemd/system.conf</html:code>:
<html:pre xmlns:html="http://www.w3.org/1999/xhtml">CtrlAltDelBurstAction=none</html:pre>
       </description>
          <warning xmlns:xhtml="http://www.w3.org/1999/xhtml" xml:lang="en-US" category="functionality">Disabling the <html:code xmlns:html="http://www.w3.org/1999/xhtml">Ctrl-Alt-Del</html:code> key sequence
in <html:code xmlns:html="http://www.w3.org/1999/xhtml">/etc/init/control-alt-delete.conf</html:code> DOES NOT disable the <html:code xmlns:html="http://www.w3.org/1999/xhtml">Ctrl-Alt-Del</html:code>
key sequence if running in <html:code xmlns:html="http://www.w3.org/1999/xhtml">runlevel 6</html:code> (e.g. in GNOME, KDE, etc.)! The
<html:code xmlns:html="http://www.w3.org/1999/xhtml">Ctrl-Alt-Del</html:code> key sequence will only be disabled if running in
the non-graphical <html:code xmlns:html="http://www.w3.org/1999/xhtml">runlevel 3</html:code>.</warning>
          <reference href="https://www.cisecurity.org/controls/">12</reference>
          <reference href="https://www.cisecurity.org/controls/">13</reference>
          <reference href="https://www.cisecurity.org/controls/">14</reference>
          <reference href="https://www.cisecurity.org/controls/">15</reference>
          <reference href="https://www.cisecurity.org/controls/">16</reference>
          <reference href="https://www.cisecurity.org/controls/">18</reference>
          <reference href="https://www.cisecurity.org/controls/">3</reference>
          <reference href="https://www.cisecurity.org/controls/">5</reference>
          <reference href="https://www.isaca.org/resources/cobit">APO01.06</reference>
          <reference href="https://www.isaca.org/resources/cobit">DSS05.04</reference>
          <reference href="https://www.isaca.org/resources/cobit">DSS05.07</reference>
          <reference href="https://www.isaca.org/resources/cobit">DSS06.02</reference>
          <reference href="http://nvlpubs.nist.gov/nistpubs/SpecialPublications/NIST.SP.800-171.pdf">3.4.5</reference>
          <reference href="https://www.gpo.gov/fdsys/pkg/CFR-2007-title45-vol1/pdf/CFR-2007-title45-vol1-chapA-subchapC.pdf">164.308(a)(1)(ii)(B)</reference>
          <reference href="https://www.gpo.gov/fdsys/pkg/CFR-2007-title45-vol1/pdf/CFR-2007-title45-vol1-chapA-subchapC.pdf">164.308(a)(7)(i)</reference>
          <reference href="https://www.gpo.gov/fdsys/pkg/CFR-2007-title45-vol1/pdf/CFR-2007-title45-vol1-chapA-subchapC.pdf">164.308(a)(7)(ii)(A)</reference>
          <reference href="https://www.gpo.gov/fdsys/pkg/CFR-2007-title45-vol1/pdf/CFR-2007-title45-vol1-chapA-subchapC.pdf">164.310(a)(1)</reference>
          <reference href="https://www.gpo.gov/fdsys/pkg/CFR-2007-title45-vol1/pdf/CFR-2007-title45-vol1-chapA-subchapC.pdf">164.310(a)(2)(i)</reference>
          <reference href="https://www.gpo.gov/fdsys/pkg/CFR-2007-title45-vol1/pdf/CFR-2007-title45-vol1-chapA-subchapC.pdf">164.310(a)(2)(ii)</reference>
          <reference href="https://www.gpo.gov/fdsys/pkg/CFR-2007-title45-vol1/pdf/CFR-2007-title45-vol1-chapA-subchapC.pdf">164.310(a)(2)(iii)</reference>
          <reference href="https://www.gpo.gov/fdsys/pkg/CFR-2007-title45-vol1/pdf/CFR-2007-title45-vol1-chapA-subchapC.pdf">164.310(b)</reference>
          <reference href="https://www.gpo.gov/fdsys/pkg/CFR-2007-title45-vol1/pdf/CFR-2007-title45-vol1-chapA-subchapC.pdf">164.310(c)</reference>
          <reference href="https://www.gpo.gov/fdsys/pkg/CFR-2007-title45-vol1/pdf/CFR-2007-title45-vol1-chapA-subchapC.pdf">164.310(d)(1)</reference>
          <reference href="https://www.gpo.gov/fdsys/pkg/CFR-2007-title45-vol1/pdf/CFR-2007-title45-vol1-chapA-subchapC.pdf">164.310(d)(2)(iii)</reference>
          <reference href="https://www.isa.org/products/isa-62443-2-1-2009-security-for-industrial-automat">4.3.3.7.3</reference>
          <reference href="https://www.isa.org/products/ansi-isa-62443-3-3-99-03-03-2013-security-for-indu">SR 2.1</reference>
          <reference href="https://www.isa.org/products/ansi-isa-62443-3-3-99-03-03-2013-security-for-indu">SR 5.2</reference>
          <reference href="https://www.iso.org/contents/data/standard/05/45/54534.html">A.10.1.1</reference>
          <reference href="https://www.iso.org/contents/data/standard/05/45/54534.html">A.11.1.4</reference>
          <reference href="https://www.iso.org/contents/data/standard/05/45/54534.html">A.11.1.5</reference>
          <reference href="https://www.iso.org/contents/data/standard/05/45/54534.html">A.11.2.1</reference>
          <reference href="https://www.iso.org/contents/data/standard/05/45/54534.html">A.13.1.1</reference>
          <reference href="https://www.iso.org/contents/data/standard/05/45/54534.html">A.13.1.3</reference>
          <reference href="https://www.iso.org/contents/data/standard/05/45/54534.html">A.13.2.1</reference>
          <reference href="https://www.iso.org/contents/data/standard/05/45/54534.html">A.13.2.3</reference>
          <reference href="https://www.iso.org/contents/data/standard/05/45/54534.html">A.13.2.4</reference>
          <reference href="https://www.iso.org/contents/data/standard/05/45/54534.html">A.14.1.2</reference>
          <reference href="https://www.iso.org/contents/data/standard/05/45/54534.html">A.14.1.3</reference>
          <reference href="https://www.iso.org/contents/data/standard/05/45/54534.html">A.6.1.2</reference>
          <reference href="https://www.iso.org/contents/data/standard/05/45/54534.html">A.7.1.1</reference>
          <reference href="https://www.iso.org/contents/data/standard/05/45/54534.html">A.7.1.2</reference>
          <reference href="https://www.iso.org/contents/data/standard/05/45/54534.html">A.7.3.1</reference>
          <reference href="https://www.iso.org/contents/data/standard/05/45/54534.html">A.8.2.2</reference>
          <reference href="https://www.iso.org/contents/data/standard/05/45/54534.html">A.8.2.3</reference>
          <reference href="https://www.iso.org/contents/data/standard/05/45/54534.html">A.9.1.1</reference>
          <reference href="https://www.iso.org/contents/data/standard/05/45/54534.html">A.9.1.2</reference>
          <reference href="https://www.iso.org/contents/data/standard/05/45/54534.html">A.9.2.3</reference>
          <reference href="https://www.iso.org/contents/data/standard/05/45/54534.html">A.9.4.1</reference>
          <reference href="https://www.iso.org/contents/data/standard/05/45/54534.html">A.9.4.4</reference>
          <reference href="https://www.iso.org/contents/data/standard/05/45/54534.html">A.9.4.5</reference>
          <reference href="https://www.nerc.com/standards/reliability-standards/cip">CIP-003-8 R5.1.1</reference>
          <reference href="https://www.nerc.com/standards/reliability-standards/cip">CIP-003-8 R5.3</reference>
          <reference href="https://www.nerc.com/standards/reliability-standards/cip">CIP-004-6 R2.3</reference>
          <reference href="https://www.nerc.com/standards/reliability-standards/cip">CIP-007-3 R2.1</reference>
          <reference href="https://www.nerc.com/standards/reliability-standards/cip">CIP-007-3 R2.2</reference>
          <reference href="https://www.nerc.com/standards/reliability-standards/cip">CIP-007-3 R2.3</reference>
          <reference href="https://www.nerc.com/standards/reliability-standards/cip">CIP-007-3 R5.1</reference>
          <reference href="https://www.nerc.com/standards/reliability-standards/cip">CIP-007-3 R5.1.1</reference>
          <reference href="https://www.nerc.com/standards/reliability-standards/cip">CIP-007-3 R5.1.2</reference>
          <reference href="http://nvlpubs.nist.gov/nistpubs/SpecialPublications/NIST.SP.800-53r4.pdf">CM-6(b)</reference>
          <reference href="http://nvlpubs.nist.gov/nistpubs/SpecialPublications/NIST.SP.800-53r4.pdf">CM-6.1(iv)</reference>
          <reference href="https://nvlpubs.nist.gov/nistpubs/CSWP/NIST.CSWP.04162018.pdf">PR.AC-4</reference>
          <reference href="https://nvlpubs.nist.gov/nistpubs/CSWP/NIST.CSWP.04162018.pdf">PR.DS-5</reference>
          <reference href="https://www.niap-ccevs.org/Profile/PP.cfm">FAU_GEN.1.2</reference>
          <reference href="https://www.cyber.mil/stigs/downloads/?_dl_facet_stigs=operating-systems%2Cgeneral-purpose-os">SRG-OS-000324-GPOS-00125</reference>
          <reference href="https://www.cyber.mil/stigs/downloads/?_dl_facet_stigs=operating-systems%2Cgeneral-purpose-os">SRG-OS-000480-GPOS-00227</reference>
          <reference href="https://www.cyber.mil/stigs/downloads/?_dl_facet_stigs=operating-systems%2Cunix-linux">SLES-15-040062</reference>
          <reference href="https://www.cyber.mil/stigs/srg-stig-tools/">SV-234990r1106565_rule</reference>
          <rationale xmlns:xhtml="http://www.w3.org/1999/xhtml" xml:lang="en-US">A locally logged-in user who presses Ctrl-Alt-Del, when at the console,
can reboot the system. If accidentally pressed, as could happen in
the case of mixed OS environment, this can create the risk of short-term
loss of availability of systems due to unintentional reboot.</rationale>
          <platform idref="#package_systemd"/>
          <ident system="https://ncp.nist.gov/cce">CCE-85665-8</ident>
          <fix xmlns:xhtml="http://www.w3.org/1999/xhtml" id="disable_ctrlaltdel_burstaction" system="urn:xccdf:fix:script:sh"># Remediation is applicable only in certain platforms
if rpm --quiet -q kernel-default || rpm --quiet -q kernel-default-base &amp;&amp; { rpm --quiet -q systemd; }; then

# Strip any search characters in the key arg so that the key can be replaced without
# adding any search characters to the config file.
stripped_key=$(sed 's/[\^=\$,;+]*//g' &lt;&lt;&lt; "^CtrlAltDelBurstAction=")

# shellcheck disable=SC2059
printf -v formatted_output "%s=%s" "$stripped_key" "none"

# If the key exists, change it. Otherwise, add it to the config_file.
# We search for the key string followed by a word boundary (matched by \&gt;),
# so if we search for 'setting', 'setting2' won't match.
if LC_ALL=C grep -q -m 1 -i -e "^CtrlAltDelBurstAction=\\&gt;" "/etc/systemd/system.conf"; then
    escaped_formatted_output=$(sed -e 's|/|\\/|g' &lt;&lt;&lt; "$formatted_output")
    LC_ALL=C sed -i --follow-symlinks "s/^CtrlAltDelBurstAction=\\&gt;.*/$escaped_formatted_output/gi" "/etc/systemd/system.conf"
else
    if [[ -s "/etc/systemd/system.conf" ]] &amp;&amp; [[ -n "$(tail -c 1 -- "/etc/systemd/system.conf" || true)" ]]; then
        LC_ALL=C sed -i --follow-symlinks '$a'\\ "/etc/systemd/system.conf"
    fi
    cce="CCE-85665-8"
    printf '# Per %s: Set %s in %s\n' "${cce}" "${formatted_output}" "/etc/systemd/system.conf" &gt;&gt; "/etc/systemd/system.conf"
    printf '%s\n' "$formatted_output" &gt;&gt; "/etc/systemd/system.conf"
fi

else
    &gt;&amp;2 echo 'Remediation is not applicable, nothing was done'
fi
</fix>
          <fix xmlns:xhtml="http://www.w3.org/1999/xhtml" id="disable_ctrlaltdel_burstaction" system="urn:xccdf:fix:script:ansible" complexity="low" disruption="low" strategy="disable">- name: Gather the package facts
  package_facts:
    manager: auto
  tags:
  - CCE-85665-8
  - DISA-STIG-SLES-15-040062
  - NIST-800-171-3.4.5
  - NIST-800-53-CM-6(b)
  - NIST-800-53-CM-6.1(iv)
  - disable_ctrlaltdel_burstaction
  - disable_strategy
  - high_severity
  - low_complexity
  - low_disruption
  - no_reboot_needed

- name: Disable Ctrl-Alt-Del Burst Action
  ansible.builtin.lineinfile:
    dest: /etc/systemd/system.conf
    state: present
    regexp: ^CtrlAltDelBurstAction
    line: CtrlAltDelBurstAction=none
    create: true
  when:
  - ("kernel-default" in ansible_facts.packages or "kernel-default-base" in ansible_facts.packages)
  - '"systemd" in ansible_facts.packages'
  tags:
  - CCE-85665-8
  - DISA-STIG-SLES-15-040062
  - NIST-800-171-3.4.5
  - NIST-800-53-CM-6(b)
  - NIST-800-53-CM-6.1(iv)
  - disable_ctrlaltdel_burstaction
  - disable_strategy
  - high_severity
  - low_complexity
  - low_disruption
  - no_reboot_needed
</fix>
          <check system="http://oval.mitre.org/XMLSchema/oval-definitions-5">
            <check-content-ref name="oval:ssg-disable_ctrlaltdel_burstaction:def:1" href="ssg-sle15-oval.xml"/>
          </check>
          <check system="http://scap.nist.gov/schema/ocil/2">
            <check-content-ref name="ocil:ssg-disable_ctrlaltdel_burstaction_ocil:questionnaire:1" href="ssg-sle15-ocil.xml"/>
          </check>
        </Rule>
        <Rule id="xccdf_org.ssgproject.content_rule_disable_ctrlaltdel_reboot" selected="false" role="full" severity="high">
          <title xmlns:xhtml="http://www.w3.org/1999/xhtml" xml:lang="en-US">Disable Ctrl-Alt-Del Reboot Activation</title>
          <description xmlns:xhtml="http://www.w3.org/1999/xhtml" xml:lang="en-US">By default, <html:code xmlns:html="http://www.w3.org/1999/xhtml">SystemD</html:code> will reboot the system if the <html:code xmlns:html="http://www.w3.org/1999/xhtml">Ctrl-Alt-Del</html:code>
key sequence is pressed.
<html:br xmlns:html="http://www.w3.org/1999/xhtml"/>
        <html:br xmlns:html="http://www.w3.org/1999/xhtml"/>
To configure the system to ignore the <html:code xmlns:html="http://www.w3.org/1999/xhtml">Ctrl-Alt-Del</html:code> key sequence from the

command line instead of rebooting the system, do either of the following:
<html:pre xmlns:html="http://www.w3.org/1999/xhtml">ln -sf /dev/null /etc/systemd/system/ctrl-alt-del.target</html:pre>
or
<html:pre xmlns:html="http://www.w3.org/1999/xhtml">systemctl mask ctrl-alt-del.target</html:pre>
        <html:br xmlns:html="http://www.w3.org/1999/xhtml"/>
        <html:br xmlns:html="http://www.w3.org/1999/xhtml"/>
Do not simply delete the <html:code xmlns:html="http://www.w3.org/1999/xhtml">/usr/lib/systemd/system/ctrl-alt-del.service</html:code> file,
as this file may be restored during future system updates.</description>
          <reference href="https://www.cisecurity.org/controls/">12</reference>
          <reference href="https://www.cisecurity.org/controls/">13</reference>
          <reference href="https://www.cisecurity.org/controls/">14</reference>
          <reference href="https://www.cisecurity.org/controls/">15</reference>
          <reference href="https://www.cisecurity.org/controls/">16</reference>
          <reference href="https://www.cisecurity.org/controls/">18</reference>
          <reference href="https://www.cisecurity.org/controls/">3</reference>
          <reference href="https://www.cisecurity.org/controls/">5</reference>
          <reference href="https://www.isaca.org/resources/cobit">APO01.06</reference>
          <reference href="https://www.isaca.org/resources/cobit">DSS05.04</reference>
          <reference href="https://www.isaca.org/resources/cobit">DSS05.07</reference>
          <reference href="https://www.isaca.org/resources/cobit">DSS06.02</reference>
          <reference href="http://nvlpubs.nist.gov/nistpubs/SpecialPublications/NIST.SP.800-171.pdf">3.4.5</reference>
          <reference href="https://www.gpo.gov/fdsys/pkg/CFR-2007-title45-vol1/pdf/CFR-2007-title45-vol1-chapA-subchapC.pdf">164.308(a)(1)(ii)(B)</reference>
          <reference href="https://www.gpo.gov/fdsys/pkg/CFR-2007-title45-vol1/pdf/CFR-2007-title45-vol1-chapA-subchapC.pdf">164.308(a)(7)(i)</reference>
          <reference href="https://www.gpo.gov/fdsys/pkg/CFR-2007-title45-vol1/pdf/CFR-2007-title45-vol1-chapA-subchapC.pdf">164.308(a)(7)(ii)(A)</reference>
          <reference href="https://www.gpo.gov/fdsys/pkg/CFR-2007-title45-vol1/pdf/CFR-2007-title45-vol1-chapA-subchapC.pdf">164.310(a)(1)</reference>
          <reference href="https://www.gpo.gov/fdsys/pkg/CFR-2007-title45-vol1/pdf/CFR-2007-title45-vol1-chapA-subchapC.pdf">164.310(a)(2)(i)</reference>
          <reference href="https://www.gpo.gov/fdsys/pkg/CFR-2007-title45-vol1/pdf/CFR-2007-title45-vol1-chapA-subchapC.pdf">164.310(a)(2)(ii)</reference>
          <reference href="https://www.gpo.gov/fdsys/pkg/CFR-2007-title45-vol1/pdf/CFR-2007-title45-vol1-chapA-subchapC.pdf">164.310(a)(2)(iii)</reference>
          <reference href="https://www.gpo.gov/fdsys/pkg/CFR-2007-title45-vol1/pdf/CFR-2007-title45-vol1-chapA-subchapC.pdf">164.310(b)</reference>
          <reference href="https://www.gpo.gov/fdsys/pkg/CFR-2007-title45-vol1/pdf/CFR-2007-title45-vol1-chapA-subchapC.pdf">164.310(c)</reference>
          <reference href="https://www.gpo.gov/fdsys/pkg/CFR-2007-title45-vol1/pdf/CFR-2007-title45-vol1-chapA-subchapC.pdf">164.310(d)(1)</reference>
          <reference href="https://www.gpo.gov/fdsys/pkg/CFR-2007-title45-vol1/pdf/CFR-2007-title45-vol1-chapA-subchapC.pdf">164.310(d)(2)(iii)</reference>
          <reference href="https://www.isa.org/products/isa-62443-2-1-2009-security-for-industrial-automat">4.3.3.7.3</reference>
          <reference href="https://www.isa.org/products/ansi-isa-62443-3-3-99-03-03-2013-security-for-indu">SR 2.1</reference>
          <reference href="https://www.isa.org/products/ansi-isa-62443-3-3-99-03-03-2013-security-for-indu">SR 5.2</reference>
          <reference href="https://www.iso.org/contents/data/standard/05/45/54534.html">A.10.1.1</reference>
          <reference href="https://www.iso.org/contents/data/standard/05/45/54534.html">A.11.1.4</reference>
          <reference href="https://www.iso.org/contents/data/standard/05/45/54534.html">A.11.1.5</reference>
          <reference href="https://www.iso.org/contents/data/standard/05/45/54534.html">A.11.2.1</reference>
          <reference href="https://www.iso.org/contents/data/standard/05/45/54534.html">A.13.1.1</reference>
          <reference href="https://www.iso.org/contents/data/standard/05/45/54534.html">A.13.1.3</reference>
          <reference href="https://www.iso.org/contents/data/standard/05/45/54534.html">A.13.2.1</reference>
          <reference href="https://www.iso.org/contents/data/standard/05/45/54534.html">A.13.2.3</reference>
          <reference href="https://www.iso.org/contents/data/standard/05/45/54534.html">A.13.2.4</reference>
          <reference href="https://www.iso.org/contents/data/standard/05/45/54534.html">A.14.1.2</reference>
          <reference href="https://www.iso.org/contents/data/standard/05/45/54534.html">A.14.1.3</reference>
          <reference href="https://www.iso.org/contents/data/standard/05/45/54534.html">A.6.1.2</reference>
          <reference href="https://www.iso.org/contents/data/standard/05/45/54534.html">A.7.1.1</reference>
          <reference href="https://www.iso.org/contents/data/standard/05/45/54534.html">A.7.1.2</reference>
          <reference href="https://www.iso.org/contents/data/standard/05/45/54534.html">A.7.3.1</reference>
          <reference href="https://www.iso.org/contents/data/standard/05/45/54534.html">A.8.2.2</reference>
          <reference href="https://www.iso.org/contents/data/standard/05/45/54534.html">A.8.2.3</reference>
          <reference href="https://www.iso.org/contents/data/standard/05/45/54534.html">A.9.1.1</reference>
          <reference href="https://www.iso.org/contents/data/standard/05/45/54534.html">A.9.1.2</reference>
          <reference href="https://www.iso.org/contents/data/standard/05/45/54534.html">A.9.2.3</reference>
          <reference href="https://www.iso.org/contents/data/standard/05/45/54534.html">A.9.4.1</reference>
          <reference href="https://www.iso.org/contents/data/standard/05/45/54534.html">A.9.4.4</reference>
          <reference href="https://www.iso.org/contents/data/standard/05/45/54534.html">A.9.4.5</reference>
          <reference href="https://www.nerc.com/standards/reliability-standards/cip">CIP-003-8 R5.1.1</reference>
          <reference href="https://www.nerc.com/standards/reliability-standards/cip">CIP-003-8 R5.3</reference>
          <reference href="https://www.nerc.com/standards/reliability-standards/cip">CIP-004-6 R2.3</reference>
          <reference href="https://www.nerc.com/standards/reliability-standards/cip">CIP-007-3 R2.1</reference>
          <reference href="https://www.nerc.com/standards/reliability-standards/cip">CIP-007-3 R2.2</reference>
          <reference href="https://www.nerc.com/standards/reliability-standards/cip">CIP-007-3 R2.3</reference>
          <reference href="https://www.nerc.com/standards/reliability-standards/cip">CIP-007-3 R5.1</reference>
          <reference href="https://www.nerc.com/standards/reliability-standards/cip">CIP-007-3 R5.1.1</reference>
          <reference href="https://www.nerc.com/standards/reliability-standards/cip">CIP-007-3 R5.1.2</reference>
          <reference href="http://nvlpubs.nist.gov/nistpubs/SpecialPublications/NIST.SP.800-53r4.pdf">CM-6(a)</reference>
          <reference href="http://nvlpubs.nist.gov/nistpubs/SpecialPublications/NIST.SP.800-53r4.pdf">AC-6(1)</reference>
          <reference href="https://nvlpubs.nist.gov/nistpubs/CSWP/NIST.CSWP.04162018.pdf">PR.AC-4</reference>
          <reference href="https://nvlpubs.nist.gov/nistpubs/CSWP/NIST.CSWP.04162018.pdf">PR.DS-5</reference>
          <reference href="https://www.niap-ccevs.org/Profile/PP.cfm">FAU_GEN.1.2</reference>
          <reference href="https://www.cyber.mil/stigs/downloads/?_dl_facet_stigs=operating-systems%2Cgeneral-purpose-os">SRG-OS-000324-GPOS-00125</reference>
          <reference href="https://www.cyber.mil/stigs/downloads/?_dl_facet_stigs=operating-systems%2Cgeneral-purpose-os">SRG-OS-000480-GPOS-00227</reference>
          <reference href="https://www.cyber.mil/stigs/downloads/?_dl_facet_stigs=operating-systems%2Cunix-linux">SLES-15-040060</reference>
          <reference href="https://www.cyber.mil/stigs/srg-stig-tools/">SV-234988r991589_rule</reference>
          <rationale xmlns:xhtml="http://www.w3.org/1999/xhtml" xml:lang="en-US">A locally logged-in user who presses Ctrl-Alt-Del, when at the console,
can reboot the system. If accidentally pressed, as could happen in
the case of mixed OS environment, this can create the risk of short-term
loss of availability of systems due to unintentional reboot.</rationale>
          <ident system="https://ncp.nist.gov/cce">CCE-85625-2</ident>
          <fix xmlns:xhtml="http://www.w3.org/1999/xhtml" id="disable_ctrlaltdel_reboot" system="urn:xccdf:fix:script:sh"># Remediation is applicable only in certain platforms
if rpm --quiet -q kernel-default || rpm --quiet -q kernel-default-base; then

if { rpm --quiet -q kernel rpm-ostree bootc &amp;&amp; ! rpm --quiet -q openshift-kubelet &amp;&amp; { [ -f "/run/.containerenv" ] || [ -f "/.containerenv" ]; }; } ; then
    systemctl disable ctrl-alt-del.target
    systemctl mask ctrl-alt-del.target
else
    systemctl disable --now ctrl-alt-del.target
    systemctl mask --now ctrl-alt-del.target
fi

else
    &gt;&amp;2 echo 'Remediation is not applicable, nothing was done'
fi
</fix>
          <fix xmlns:xhtml="http://www.w3.org/1999/xhtml" id="disable_ctrlaltdel_reboot" system="urn:xccdf:fix:script:ansible" complexity="low" disruption="low" strategy="disable">- name: Gather the package facts
  package_facts:
    manager: auto
  tags:
  - CCE-85625-2
  - DISA-STIG-SLES-15-040060
  - NIST-800-171-3.4.5
  - NIST-800-53-AC-6(1)
  - NIST-800-53-CM-6(a)
  - disable_ctrlaltdel_reboot
  - disable_strategy
  - high_severity
  - low_complexity
  - low_disruption
  - no_reboot_needed

- name: Disable Ctrl-Alt-Del Reboot Activation
  ansible.builtin.systemd:
    name: ctrl-alt-del.target
    force: true
    masked: true
    state: stopped
  when: ("kernel-default" in ansible_facts.packages or "kernel-default-base" in ansible_facts.packages)
  tags:
  - CCE-85625-2
  - DISA-STIG-SLES-15-040060
  - NIST-800-171-3.4.5
  - NIST-800-53-AC-6(1)
  - NIST-800-53-CM-6(a)
  - disable_ctrlaltdel_reboot
  - disable_strategy
  - high_severity
  - low_complexity
  - low_disruption
  - no_reboot_needed
</fix>
          <check system="http://oval.mitre.org/XMLSchema/oval-definitions-5">
            <check-content-ref name="oval:ssg-disable_ctrlaltdel_reboot:def:1" href="ssg-sle15-oval.xml"/>
          </check>
          <check system="http://scap.nist.gov/schema/ocil/2">
            <check-content-ref name="ocil:ssg-disable_ctrlaltdel_reboot_ocil:questionnaire:1" href="ssg-sle15-ocil.xml"/>
          </check>
        </Rule>
        <Rule id="xccdf_org.ssgproject.content_rule_grub2_disable_interactive_boot" selected="false" role="full" severity="medium">
          <title xmlns:xhtml="http://www.w3.org/1999/xhtml" xml:lang="en-US">Verify that Interactive Boot is Disabled</title>
          <description xmlns:xhtml="http://www.w3.org/1999/xhtml" xml:lang="en-US">SUSE Linux Enterprise 15 systems support an "interactive boot" option that can
be used to prevent services from being started. On a SUSE Linux Enterprise 15
system, interactive boot can be enabled by providing a <html:code xmlns:html="http://www.w3.org/1999/xhtml">1</html:code>,
<html:code xmlns:html="http://www.w3.org/1999/xhtml">yes</html:code>, <html:code xmlns:html="http://www.w3.org/1999/xhtml">true</html:code>, or <html:code xmlns:html="http://www.w3.org/1999/xhtml">on</html:code> value to the
<html:code xmlns:html="http://www.w3.org/1999/xhtml">systemd.confirm_spawn</html:code> kernel argument in <html:code xmlns:html="http://www.w3.org/1999/xhtml">/etc/default/grub</html:code>.
Remove any instance of <html:pre xmlns:html="http://www.w3.org/1999/xhtml">systemd.confirm_spawn=(1|yes|true|on)</html:pre> from
the kernel arguments in that file to disable interactive boot.
Recovery booting must also be disabled. Confirm that
<html:code xmlns:html="http://www.w3.org/1999/xhtml">GRUB_DISABLE_RECOVERY=true</html:code> is set in  <html:code xmlns:html="http://www.w3.org/1999/xhtml">/etc/default/grub</html:code>.
It is also required to change the runtime configuration, run:

<html:pre xmlns:html="http://www.w3.org/1999/xhtml">/usr/bin/grub2-editenv - unset systemd.confirm_spawn&gt;</html:pre>
        <html:pre xmlns:html="http://www.w3.org/1999/xhtml">grub2-mkconfig -o /boot/grub2/grub.cfg</html:pre>
       </description>
          <reference href="https://www.cisecurity.org/controls/">11</reference>
          <reference href="https://www.cisecurity.org/controls/">12</reference>
          <reference href="https://www.cisecurity.org/controls/">14</reference>
          <reference href="https://www.cisecurity.org/controls/">15</reference>
          <reference href="https://www.cisecurity.org/controls/">16</reference>
          <reference href="https://www.cisecurity.org/controls/">18</reference>
          <reference href="https://www.cisecurity.org/controls/">3</reference>
          <reference href="https://www.cisecurity.org/controls/">5</reference>
          <reference href="https://www.isaca.org/resources/cobit">DSS05.02</reference>
          <reference href="https://www.isaca.org/resources/cobit">DSS05.04</reference>
          <reference href="https://www.isaca.org/resources/cobit">DSS05.05</reference>
          <reference href="https://www.isaca.org/resources/cobit">DSS05.07</reference>
          <reference href="https://www.isaca.org/resources/cobit">DSS06.03</reference>
          <reference href="https://www.isaca.org/resources/cobit">DSS06.06</reference>
          <reference href="http://nvlpubs.nist.gov/nistpubs/SpecialPublications/NIST.SP.800-171.pdf">3.1.2</reference>
          <reference href="http://nvlpubs.nist.gov/nistpubs/SpecialPublications/NIST.SP.800-171.pdf">3.4.5</reference>
          <reference href="https://www.gpo.gov/fdsys/pkg/CFR-2007-title45-vol1/pdf/CFR-2007-title45-vol1-chapA-subchapC.pdf">164.308(a)(1)(ii)(B)</reference>
          <reference href="https://www.gpo.gov/fdsys/pkg/CFR-2007-title45-vol1/pdf/CFR-2007-title45-vol1-chapA-subchapC.pdf">164.308(a)(7)(i)</reference>
          <reference href="https://www.gpo.gov/fdsys/pkg/CFR-2007-title45-vol1/pdf/CFR-2007-title45-vol1-chapA-subchapC.pdf">164.308(a)(7)(ii)(A)</reference>
          <reference href="https://www.gpo.gov/fdsys/pkg/CFR-2007-title45-vol1/pdf/CFR-2007-title45-vol1-chapA-subchapC.pdf">164.310(a)(1)</reference>
          <reference href="https://www.gpo.gov/fdsys/pkg/CFR-2007-title45-vol1/pdf/CFR-2007-title45-vol1-chapA-subchapC.pdf">164.310(a)(2)(i)</reference>
          <reference href="https://www.gpo.gov/fdsys/pkg/CFR-2007-title45-vol1/pdf/CFR-2007-title45-vol1-chapA-subchapC.pdf">164.310(a)(2)(ii)</reference>
          <reference href="https://www.gpo.gov/fdsys/pkg/CFR-2007-title45-vol1/pdf/CFR-2007-title45-vol1-chapA-subchapC.pdf">164.310(a)(2)(iii)</reference>
          <reference href="https://www.gpo.gov/fdsys/pkg/CFR-2007-title45-vol1/pdf/CFR-2007-title45-vol1-chapA-subchapC.pdf">164.310(b)</reference>
          <reference href="https://www.gpo.gov/fdsys/pkg/CFR-2007-title45-vol1/pdf/CFR-2007-title45-vol1-chapA-subchapC.pdf">164.310(c)</reference>
          <reference href="https://www.gpo.gov/fdsys/pkg/CFR-2007-title45-vol1/pdf/CFR-2007-title45-vol1-chapA-subchapC.pdf">164.310(d)(1)</reference>
          <reference href="https://www.gpo.gov/fdsys/pkg/CFR-2007-title45-vol1/pdf/CFR-2007-title45-vol1-chapA-subchapC.pdf">164.310(d)(2)(iii)</reference>
          <reference href="https://www.isa.org/products/isa-62443-2-1-2009-security-for-industrial-automat">4.3.3.2.2</reference>
          <reference href="https://www.isa.org/products/isa-62443-2-1-2009-security-for-industrial-automat">4.3.3.5.1</reference>
          <reference href="https://www.isa.org/products/isa-62443-2-1-2009-security-for-industrial-automat">4.3.3.5.2</reference>
          <reference href="https://www.isa.org/products/isa-62443-2-1-2009-security-for-industrial-automat">4.3.3.5.3</reference>
          <reference href="https://www.isa.org/products/isa-62443-2-1-2009-security-for-industrial-automat">4.3.3.5.4</reference>
          <reference href="https://www.isa.org/products/isa-62443-2-1-2009-security-for-industrial-automat">4.3.3.5.5</reference>
          <reference href="https://www.isa.org/products/isa-62443-2-1-2009-security-for-industrial-automat">4.3.3.5.6</reference>
          <reference href="https://www.isa.org/products/isa-62443-2-1-2009-security-for-industrial-automat">4.3.3.5.7</reference>
          <reference href="https://www.isa.org/products/isa-62443-2-1-2009-security-for-industrial-automat">4.3.3.5.8</reference>
          <reference href="https://www.isa.org/products/isa-62443-2-1-2009-security-for-industrial-automat">4.3.3.6.1</reference>
          <reference href="https://www.isa.org/products/isa-62443-2-1-2009-security-for-industrial-automat">4.3.3.6.2</reference>
          <reference href="https://www.isa.org/products/isa-62443-2-1-2009-security-for-industrial-automat">4.3.3.6.3</reference>
          <reference href="https://www.isa.org/products/isa-62443-2-1-2009-security-for-industrial-automat">4.3.3.6.4</reference>
          <reference href="https://www.isa.org/products/isa-62443-2-1-2009-security-for-industrial-automat">4.3.3.6.5</reference>
          <reference href="https://www.isa.org/products/isa-62443-2-1-2009-security-for-industrial-automat">4.3.3.6.6</reference>
          <reference href="https://www.isa.org/products/isa-62443-2-1-2009-security-for-industrial-automat">4.3.3.6.7</reference>
          <reference href="https://www.isa.org/products/isa-62443-2-1-2009-security-for-industrial-automat">4.3.3.6.8</reference>
          <reference href="https://www.isa.org/products/isa-62443-2-1-2009-security-for-industrial-automat">4.3.3.6.9</reference>
          <reference href="https://www.isa.org/products/isa-62443-2-1-2009-security-for-industrial-automat">4.3.3.7.1</reference>
          <reference href="https://www.isa.org/products/isa-62443-2-1-2009-security-for-industrial-automat">4.3.3.7.2</reference>
          <reference href="https://www.isa.org/products/isa-62443-2-1-2009-security-for-industrial-automat">4.3.3.7.3</reference>
          <reference href="https://www.isa.org/products/isa-62443-2-1-2009-security-for-industrial-automat">4.3.3.7.4</reference>
          <reference href="https://www.isa.org/products/ansi-isa-62443-3-3-99-03-03-2013-security-for-indu">SR 1.1</reference>
          <reference href="https://www.isa.org/products/ansi-isa-62443-3-3-99-03-03-2013-security-for-indu">SR 1.10</reference>
          <reference href="https://www.isa.org/products/ansi-isa-62443-3-3-99-03-03-2013-security-for-indu">SR 1.11</reference>
          <reference href="https://www.isa.org/products/ansi-isa-62443-3-3-99-03-03-2013-security-for-indu">SR 1.12</reference>
          <reference href="https://www.isa.org/products/ansi-isa-62443-3-3-99-03-03-2013-security-for-indu">SR 1.13</reference>
          <reference href="https://www.isa.org/products/ansi-isa-62443-3-3-99-03-03-2013-security-for-indu">SR 1.2</reference>
          <reference href="https://www.isa.org/products/ansi-isa-62443-3-3-99-03-03-2013-security-for-indu">SR 1.3</reference>
          <reference href="https://www.isa.org/products/ansi-isa-62443-3-3-99-03-03-2013-security-for-indu">SR 1.4</reference>
          <reference href="https://www.isa.org/products/ansi-isa-62443-3-3-99-03-03-2013-security-for-indu">SR 1.5</reference>
          <reference href="https://www.isa.org/products/ansi-isa-62443-3-3-99-03-03-2013-security-for-indu">SR 1.6</reference>
          <reference href="https://www.isa.org/products/ansi-isa-62443-3-3-99-03-03-2013-security-for-indu">SR 1.7</reference>
          <reference href="https://www.isa.org/products/ansi-isa-62443-3-3-99-03-03-2013-security-for-indu">SR 1.8</reference>
          <reference href="https://www.isa.org/products/ansi-isa-62443-3-3-99-03-03-2013-security-for-indu">SR 1.9</reference>
          <reference href="https://www.isa.org/products/ansi-isa-62443-3-3-99-03-03-2013-security-for-indu">SR 2.1</reference>
          <reference href="https://www.isa.org/products/ansi-isa-62443-3-3-99-03-03-2013-security-for-indu">SR 2.2</reference>
          <reference href="https://www.isa.org/products/ansi-isa-62443-3-3-99-03-03-2013-security-for-indu">SR 2.3</reference>
          <reference href="https://www.isa.org/products/ansi-isa-62443-3-3-99-03-03-2013-security-for-indu">SR 2.4</reference>
          <reference href="https://www.isa.org/products/ansi-isa-62443-3-3-99-03-03-2013-security-for-indu">SR 2.5</reference>
          <reference href="https://www.isa.org/products/ansi-isa-62443-3-3-99-03-03-2013-security-for-indu">SR 2.6</reference>
          <reference href="https://www.isa.org/products/ansi-isa-62443-3-3-99-03-03-2013-security-for-indu">SR 2.7</reference>
          <reference href="https://www.iso.org/contents/data/standard/05/45/54534.html">A.6.1.2</reference>
          <reference href="https://www.iso.org/contents/data/standard/05/45/54534.html">A.7.1.1</reference>
          <reference href="https://www.iso.org/contents/data/standard/05/45/54534.html">A.9.1.2</reference>
          <reference href="https://www.iso.org/contents/data/standard/05/45/54534.html">A.9.2.1</reference>
          <reference href="https://www.iso.org/contents/data/standard/05/45/54534.html">A.9.2.3</reference>
          <reference href="https://www.iso.org/contents/data/standard/05/45/54534.html">A.9.4.1</reference>
          <reference href="https://www.iso.org/contents/data/standard/05/45/54534.html">A.9.4.4</reference>
          <reference href="https://www.iso.org/contents/data/standard/05/45/54534.html">A.9.4.5</reference>
          <reference href="http://nvlpubs.nist.gov/nistpubs/SpecialPublications/NIST.SP.800-53r4.pdf">SC-2(1)</reference>
          <reference href="http://nvlpubs.nist.gov/nistpubs/SpecialPublications/NIST.SP.800-53r4.pdf">CM-6(a)</reference>
          <reference href="https://nvlpubs.nist.gov/nistpubs/CSWP/NIST.CSWP.04162018.pdf">PR.AC-4</reference>
          <reference href="https://nvlpubs.nist.gov/nistpubs/CSWP/NIST.CSWP.04162018.pdf">PR.AC-6</reference>
          <reference href="https://nvlpubs.nist.gov/nistpubs/CSWP/NIST.CSWP.04162018.pdf">PR.PT-3</reference>
          <reference href="https://www.cyber.mil/stigs/downloads/?_dl_facet_stigs=operating-systems%2Cgeneral-purpose-os">SRG-OS-000480-GPOS-00227</reference>
          <rationale xmlns:xhtml="http://www.w3.org/1999/xhtml" xml:lang="en-US">Using interactive or recovery boot, the console user could disable auditing, firewalls,
or other services, weakening system security.</rationale>
          <platform idref="#grub2"/>
          <ident system="https://ncp.nist.gov/cce">CCE-91152-9</ident>
          <fix xmlns:xhtml="http://www.w3.org/1999/xhtml" id="grub2_disable_interactive_boot" system="urn:xccdf:fix:script:sh" reboot="true" complexity="low" disruption="low" strategy="restrict"># Remediation is applicable only in certain platforms
if rpm --quiet -q kernel-default || rpm --quiet -q kernel-default-base &amp;&amp; { rpm --quiet -q grub2; }; then

# Verify that Interactive Boot is Disabled in /etc/default/grub
CONFIRM_SPAWN_YES="systemd.confirm_spawn\(=\(1\|yes\|true\|on\)\|\b\)"
CONFIRM_SPAWN_NO="systemd.confirm_spawn=no"

if grep -q "\(GRUB_CMDLINE_LINUX\|GRUB_CMDLINE_LINUX_DEFAULT\)" /etc/default/grub
then
	sed -i "s/${CONFIRM_SPAWN_YES}/${CONFIRM_SPAWN_NO}/" /etc/default/grub
fi

# make sure GRUB_DISABLE_RECOVERY=true
if grep -q '^GRUB_DISABLE_RECOVERY=.*'  '/etc/default/grub' ; then
       # modify the GRUB command-line if an GRUB_DISABLE_RECOVERY= arg already exists
       sed -i 's/GRUB_DISABLE_RECOVERY=.*/GRUB_DISABLE_RECOVERY=true/' /etc/default/grub
else
       # no GRUB_DISABLE_RECOVERY=arg is present, append it to file
       echo "GRUB_DISABLE_RECOVERY=true"  &gt;&gt; '/etc/default/grub'
fi



#Verify that Interactive Boot is Disabled (runtime)
/usr/bin/grub2-editenv - unset systemd.confirm_spawn


#Regen grub.cfg handle updated GRUB_DISABLE_RECOVERY and confirm_spawn
grub2-mkconfig -o /boot/grub2/grub.cfg

else
    &gt;&amp;2 echo 'Remediation is not applicable, nothing was done'
fi
</fix>
          <fix xmlns:xhtml="http://www.w3.org/1999/xhtml" id="grub2_disable_interactive_boot" system="urn:xccdf:fix:script:ansible" reboot="true" complexity="low" disruption="low" strategy="restrict">- name: Gather the package facts
  package_facts:
    manager: auto
  tags:
  - CCE-91152-9
  - NIST-800-171-3.1.2
  - NIST-800-171-3.4.5
  - NIST-800-53-CM-6(a)
  - NIST-800-53-SC-2(1)
  - grub2_disable_interactive_boot
  - low_complexity
  - low_disruption
  - medium_severity
  - reboot_required
  - restrict_strategy

- name: Verify that Interactive Boot is Disabled - Verify GRUB_DISABLE_RECOVERY=true
  ansible.builtin.lineinfile:
    path: /etc/default/grub
    regexp: ^GRUB_DISABLE_RECOVERY=.*
    line: GRUB_DISABLE_RECOVERY=true
    state: present
  register: grub_disable_recovery_changed
  when:
  - ("kernel-default" in ansible_facts.packages or "kernel-default-base" in ansible_facts.packages)
  - '"grub2" in ansible_facts.packages'
  tags:
  - CCE-91152-9
  - NIST-800-171-3.1.2
  - NIST-800-171-3.4.5
  - NIST-800-53-CM-6(a)
  - NIST-800-53-SC-2(1)
  - grub2_disable_interactive_boot
  - low_complexity
  - low_disruption
  - medium_severity
  - reboot_required
  - restrict_strategy

- name: Verify that Interactive Boot is Disabled - Verify that Interactive Boot is
    Disabled in /etc/default/grub
  ansible.builtin.replace:
    dest: /etc/default/grub
    regexp: systemd.confirm_spawn(=(1|yes|true|on)|\b)
    replace: systemd.confirm_spawn=no
  register: grub_confirm_spawn_changed
  when:
  - ("kernel-default" in ansible_facts.packages or "kernel-default-base" in ansible_facts.packages)
  - '"grub2" in ansible_facts.packages'
  tags:
  - CCE-91152-9
  - NIST-800-171-3.1.2
  - NIST-800-171-3.4.5
  - NIST-800-53-CM-6(a)
  - NIST-800-53-SC-2(1)
  - grub2_disable_interactive_boot
  - low_complexity
  - low_disruption
  - medium_severity
  - reboot_required
  - restrict_strategy

- name: Verify that Interactive Boot is Disabled - Verify that Interactive Boot is
    Disabled (runtime)
  ansible.builtin.command: /usr/bin/grub2-editenv - unset systemd.confirm_spawn
  when:
  - ("kernel-default" in ansible_facts.packages or "kernel-default-base" in ansible_facts.packages)
  - '"grub2" in ansible_facts.packages'
  - grub_confirm_spawn_changed is changed
  tags:
  - CCE-91152-9
  - NIST-800-171-3.1.2
  - NIST-800-171-3.4.5
  - NIST-800-53-CM-6(a)
  - NIST-800-53-SC-2(1)
  - grub2_disable_interactive_boot
  - low_complexity
  - low_disruption
  - medium_severity
  - reboot_required
  - restrict_strategy

- name: Verify that Interactive Boot is Disabled - Regen grub.cfg handle updated GRUB_DISABLE_RECOVERY
    and confirm_spawn
  ansible.builtin.command: grub2-mkconfig -o  /boot/grub2/grub.cfg
  when:
  - ("kernel-default" in ansible_facts.packages or "kernel-default-base" in ansible_facts.packages)
  - '"grub2" in ansible_facts.packages'
  - grub_disable_recovery_changed is changed or grub_confirm_spawn_changed is changed
  tags:
  - CCE-91152-9
  - NIST-800-171-3.1.2
  - NIST-800-171-3.4.5
  - NIST-800-53-CM-6(a)
  - NIST-800-53-SC-2(1)
  - grub2_disable_interactive_boot
  - low_complexity
  - low_disruption
  - medium_severity
  - reboot_required
  - restrict_strategy
</fix>
          <check system="http://oval.mitre.org/XMLSchema/oval-definitions-5">
            <check-content-ref name="oval:ssg-grub2_disable_interactive_boot:def:1" href="ssg-sle15-oval.xml"/>
          </check>
          <check system="http://scap.nist.gov/schema/ocil/2">
            <check-content-ref name="ocil:ssg-grub2_disable_interactive_boot_ocil:questionnaire:1" href="ssg-sle15-ocil.xml"/>
          </check>
        </Rule>
        <Rule id="xccdf_org.ssgproject.content_rule_require_emergency_target_auth" selected="false" role="full" severity="medium">
          <title xmlns:xhtml="http://www.w3.org/1999/xhtml" xml:lang="en-US">Require Authentication for Emergency Systemd Target</title>
          <description xmlns:xhtml="http://www.w3.org/1999/xhtml" xml:lang="en-US">Emergency mode is intended as a system recovery
method, providing a single user root access to the system
during a failed boot sequence.
<html:br xmlns:html="http://www.w3.org/1999/xhtml"/>
        <html:br xmlns:html="http://www.w3.org/1999/xhtml"/>
By default, Emergency mode is protected by requiring a password and is set
in <html:code xmlns:html="http://www.w3.org/1999/xhtml">/usr/lib/systemd/system/emergency.service</html:code>.</description>
          <reference href="https://www.cisecurity.org/controls/">1</reference>
          <reference href="https://www.cisecurity.org/controls/">11</reference>
          <reference href="https://www.cisecurity.org/controls/">12</reference>
          <reference href="https://www.cisecurity.org/controls/">14</reference>
          <reference href="https://www.cisecurity.org/controls/">15</reference>
          <reference href="https://www.cisecurity.org/controls/">16</reference>
          <reference href="https://www.cisecurity.org/controls/">18</reference>
          <reference href="https://www.cisecurity.org/controls/">3</reference>
          <reference href="https://www.cisecurity.org/controls/">5</reference>
          <reference href="https://www.isaca.org/resources/cobit">DSS05.02</reference>
          <reference href="https://www.isaca.org/resources/cobit">DSS05.04</reference>
          <reference href="https://www.isaca.org/resources/cobit">DSS05.05</reference>
          <reference href="https://www.isaca.org/resources/cobit">DSS05.07</reference>
          <reference href="https://www.isaca.org/resources/cobit">DSS05.10</reference>
          <reference href="https://www.isaca.org/resources/cobit">DSS06.03</reference>
          <reference href="https://www.isaca.org/resources/cobit">DSS06.06</reference>
          <reference href="https://www.isaca.org/resources/cobit">DSS06.10</reference>
          <reference href="http://nvlpubs.nist.gov/nistpubs/SpecialPublications/NIST.SP.800-171.pdf">3.1.1</reference>
          <reference href="http://nvlpubs.nist.gov/nistpubs/SpecialPublications/NIST.SP.800-171.pdf">3.4.5</reference>
          <reference href="https://www.gpo.gov/fdsys/pkg/CFR-2007-title45-vol1/pdf/CFR-2007-title45-vol1-chapA-subchapC.pdf">164.308(a)(1)(ii)(B)</reference>
          <reference href="https://www.gpo.gov/fdsys/pkg/CFR-2007-title45-vol1/pdf/CFR-2007-title45-vol1-chapA-subchapC.pdf">164.308(a)(7)(i)</reference>
          <reference href="https://www.gpo.gov/fdsys/pkg/CFR-2007-title45-vol1/pdf/CFR-2007-title45-vol1-chapA-subchapC.pdf">164.308(a)(7)(ii)(A)</reference>
          <reference href="https://www.gpo.gov/fdsys/pkg/CFR-2007-title45-vol1/pdf/CFR-2007-title45-vol1-chapA-subchapC.pdf">164.310(a)(1)</reference>
          <reference href="https://www.gpo.gov/fdsys/pkg/CFR-2007-title45-vol1/pdf/CFR-2007-title45-vol1-chapA-subchapC.pdf">164.310(a)(2)(i)</reference>
          <reference href="https://www.gpo.gov/fdsys/pkg/CFR-2007-title45-vol1/pdf/CFR-2007-title45-vol1-chapA-subchapC.pdf">164.310(a)(2)(ii)</reference>
          <reference href="https://www.gpo.gov/fdsys/pkg/CFR-2007-title45-vol1/pdf/CFR-2007-title45-vol1-chapA-subchapC.pdf">164.310(a)(2)(iii)</reference>
          <reference href="https://www.gpo.gov/fdsys/pkg/CFR-2007-title45-vol1/pdf/CFR-2007-title45-vol1-chapA-subchapC.pdf">164.310(b)</reference>
          <reference href="https://www.gpo.gov/fdsys/pkg/CFR-2007-title45-vol1/pdf/CFR-2007-title45-vol1-chapA-subchapC.pdf">164.310(c)</reference>
          <reference href="https://www.gpo.gov/fdsys/pkg/CFR-2007-title45-vol1/pdf/CFR-2007-title45-vol1-chapA-subchapC.pdf">164.310(d)(1)</reference>
          <reference href="https://www.gpo.gov/fdsys/pkg/CFR-2007-title45-vol1/pdf/CFR-2007-title45-vol1-chapA-subchapC.pdf">164.310(d)(2)(iii)</reference>
          <reference href="https://www.isa.org/products/isa-62443-2-1-2009-security-for-industrial-automat">4.3.3.2.2</reference>
          <reference href="https://www.isa.org/products/isa-62443-2-1-2009-security-for-industrial-automat">4.3.3.5.1</reference>
          <reference href="https://www.isa.org/products/isa-62443-2-1-2009-security-for-industrial-automat">4.3.3.5.2</reference>
          <reference href="https://www.isa.org/products/isa-62443-2-1-2009-security-for-industrial-automat">4.3.3.5.3</reference>
          <reference href="https://www.isa.org/products/isa-62443-2-1-2009-security-for-industrial-automat">4.3.3.5.4</reference>
          <reference href="https://www.isa.org/products/isa-62443-2-1-2009-security-for-industrial-automat">4.3.3.5.5</reference>
          <reference href="https://www.isa.org/products/isa-62443-2-1-2009-security-for-industrial-automat">4.3.3.5.6</reference>
          <reference href="https://www.isa.org/products/isa-62443-2-1-2009-security-for-industrial-automat">4.3.3.5.7</reference>
          <reference href="https://www.isa.org/products/isa-62443-2-1-2009-security-for-industrial-automat">4.3.3.5.8</reference>
          <reference href="https://www.isa.org/products/isa-62443-2-1-2009-security-for-industrial-automat">4.3.3.6.1</reference>
          <reference href="https://www.isa.org/products/isa-62443-2-1-2009-security-for-industrial-automat">4.3.3.6.2</reference>
          <reference href="https://www.isa.org/products/isa-62443-2-1-2009-security-for-industrial-automat">4.3.3.6.3</reference>
          <reference href="https://www.isa.org/products/isa-62443-2-1-2009-security-for-industrial-automat">4.3.3.6.4</reference>
          <reference href="https://www.isa.org/products/isa-62443-2-1-2009-security-for-industrial-automat">4.3.3.6.5</reference>
          <reference href="https://www.isa.org/products/isa-62443-2-1-2009-security-for-industrial-automat">4.3.3.6.6</reference>
          <reference href="https://www.isa.org/products/isa-62443-2-1-2009-security-for-industrial-automat">4.3.3.6.7</reference>
          <reference href="https://www.isa.org/products/isa-62443-2-1-2009-security-for-industrial-automat">4.3.3.6.8</reference>
          <reference href="https://www.isa.org/products/isa-62443-2-1-2009-security-for-industrial-automat">4.3.3.6.9</reference>
          <reference href="https://www.isa.org/products/isa-62443-2-1-2009-security-for-industrial-automat">4.3.3.7.1</reference>
          <reference href="https://www.isa.org/products/isa-62443-2-1-2009-security-for-industrial-automat">4.3.3.7.2</reference>
          <reference href="https://www.isa.org/products/isa-62443-2-1-2009-security-for-industrial-automat">4.3.3.7.3</reference>
          <reference href="https://www.isa.org/products/isa-62443-2-1-2009-security-for-industrial-automat">4.3.3.7.4</reference>
          <reference href="https://www.isa.org/products/ansi-isa-62443-3-3-99-03-03-2013-security-for-indu">SR 1.1</reference>
          <reference href="https://www.isa.org/products/ansi-isa-62443-3-3-99-03-03-2013-security-for-indu">SR 1.10</reference>
          <reference href="https://www.isa.org/products/ansi-isa-62443-3-3-99-03-03-2013-security-for-indu">SR 1.11</reference>
          <reference href="https://www.isa.org/products/ansi-isa-62443-3-3-99-03-03-2013-security-for-indu">SR 1.12</reference>
          <reference href="https://www.isa.org/products/ansi-isa-62443-3-3-99-03-03-2013-security-for-indu">SR 1.13</reference>
          <reference href="https://www.isa.org/products/ansi-isa-62443-3-3-99-03-03-2013-security-for-indu">SR 1.2</reference>
          <reference href="https://www.isa.org/products/ansi-isa-62443-3-3-99-03-03-2013-security-for-indu">SR 1.3</reference>
          <reference href="https://www.isa.org/products/ansi-isa-62443-3-3-99-03-03-2013-security-for-indu">SR 1.4</reference>
          <reference href="https://www.isa.org/products/ansi-isa-62443-3-3-99-03-03-2013-security-for-indu">SR 1.5</reference>
          <reference href="https://www.isa.org/products/ansi-isa-62443-3-3-99-03-03-2013-security-for-indu">SR 1.6</reference>
          <reference href="https://www.isa.org/products/ansi-isa-62443-3-3-99-03-03-2013-security-for-indu">SR 1.7</reference>
          <reference href="https://www.isa.org/products/ansi-isa-62443-3-3-99-03-03-2013-security-for-indu">SR 1.8</reference>
          <reference href="https://www.isa.org/products/ansi-isa-62443-3-3-99-03-03-2013-security-for-indu">SR 1.9</reference>
          <reference href="https://www.isa.org/products/ansi-isa-62443-3-3-99-03-03-2013-security-for-indu">SR 2.1</reference>
          <reference href="https://www.isa.org/products/ansi-isa-62443-3-3-99-03-03-2013-security-for-indu">SR 2.2</reference>
          <reference href="https://www.isa.org/products/ansi-isa-62443-3-3-99-03-03-2013-security-for-indu">SR 2.3</reference>
          <reference href="https://www.isa.org/products/ansi-isa-62443-3-3-99-03-03-2013-security-for-indu">SR 2.4</reference>
          <reference href="https://www.isa.org/products/ansi-isa-62443-3-3-99-03-03-2013-security-for-indu">SR 2.5</reference>
          <reference href="https://www.isa.org/products/ansi-isa-62443-3-3-99-03-03-2013-security-for-indu">SR 2.6</reference>
          <reference href="https://www.isa.org/products/ansi-isa-62443-3-3-99-03-03-2013-security-for-indu">SR 2.7</reference>
          <reference href="https://www.iso.org/contents/data/standard/05/45/54534.html">A.18.1.4</reference>
          <reference href="https://www.iso.org/contents/data/standard/05/45/54534.html">A.6.1.2</reference>
          <reference href="https://www.iso.org/contents/data/standard/05/45/54534.html">A.7.1.1</reference>
          <reference href="https://www.iso.org/contents/data/standard/05/45/54534.html">A.9.1.2</reference>
          <reference href="https://www.iso.org/contents/data/standard/05/45/54534.html">A.9.2.1</reference>
          <reference href="https://www.iso.org/contents/data/standard/05/45/54534.html">A.9.2.2</reference>
          <reference href="https://www.iso.org/contents/data/standard/05/45/54534.html">A.9.2.3</reference>
          <reference href="https://www.iso.org/contents/data/standard/05/45/54534.html">A.9.2.4</reference>
          <reference href="https://www.iso.org/contents/data/standard/05/45/54534.html">A.9.2.6</reference>
          <reference href="https://www.iso.org/contents/data/standard/05/45/54534.html">A.9.3.1</reference>
          <reference href="https://www.iso.org/contents/data/standard/05/45/54534.html">A.9.4.1</reference>
          <reference href="https://www.iso.org/contents/data/standard/05/45/54534.html">A.9.4.2</reference>
          <reference href="https://www.iso.org/contents/data/standard/05/45/54534.html">A.9.4.3</reference>
          <reference href="https://www.iso.org/contents/data/standard/05/45/54534.html">A.9.4.4</reference>
          <reference href="https://www.iso.org/contents/data/standard/05/45/54534.html">A.9.4.5</reference>
          <reference href="http://nvlpubs.nist.gov/nistpubs/SpecialPublications/NIST.SP.800-53r4.pdf">IA-2</reference>
          <reference href="http://nvlpubs.nist.gov/nistpubs/SpecialPublications/NIST.SP.800-53r4.pdf">AC-3</reference>
          <reference href="http://nvlpubs.nist.gov/nistpubs/SpecialPublications/NIST.SP.800-53r4.pdf">CM-6(a)</reference>
          <reference href="https://nvlpubs.nist.gov/nistpubs/CSWP/NIST.CSWP.04162018.pdf">PR.AC-1</reference>
          <reference href="https://nvlpubs.nist.gov/nistpubs/CSWP/NIST.CSWP.04162018.pdf">PR.AC-4</reference>
          <reference href="https://nvlpubs.nist.gov/nistpubs/CSWP/NIST.CSWP.04162018.pdf">PR.AC-6</reference>
          <reference href="https://nvlpubs.nist.gov/nistpubs/CSWP/NIST.CSWP.04162018.pdf">PR.AC-7</reference>
          <reference href="https://nvlpubs.nist.gov/nistpubs/CSWP/NIST.CSWP.04162018.pdf">PR.PT-3</reference>
          <reference href="https://www.cyber.mil/stigs/downloads/?_dl_facet_stigs=operating-systems%2Cgeneral-purpose-os">SRG-OS-000080-GPOS-00048</reference>
          <reference href="https://www.cisecurity.org/benchmark/suse_linux/">1.5.3</reference>
          <reference href="https://www.cyber.gov.au/acsc/view-all-content/ism">0421</reference>
          <reference href="https://www.cyber.gov.au/acsc/view-all-content/ism">0422</reference>
          <reference href="https://www.cyber.gov.au/acsc/view-all-content/ism">0974</reference>
          <reference href="https://www.cyber.gov.au/acsc/view-all-content/ism">1173</reference>
          <reference href="https://www.cyber.gov.au/acsc/view-all-content/ism">1401</reference>
          <reference href="https://www.cyber.gov.au/acsc/view-all-content/ism">1504</reference>
          <reference href="https://www.cyber.gov.au/acsc/view-all-content/ism">1505</reference>
          <reference href="https://www.cyber.gov.au/acsc/view-all-content/ism">1546</reference>
          <reference href="https://www.cyber.gov.au/acsc/view-all-content/ism">1557</reference>
          <reference href="https://www.cyber.gov.au/acsc/view-all-content/ism">1558</reference>
          <reference href="https://www.cyber.gov.au/acsc/view-all-content/ism">1559</reference>
          <reference href="https://www.cyber.gov.au/acsc/view-all-content/ism">1560</reference>
          <reference href="https://www.cyber.gov.au/acsc/view-all-content/ism">1561</reference>
          <rationale xmlns:xhtml="http://www.w3.org/1999/xhtml" xml:lang="en-US">This prevents attackers with physical access from trivially bypassing security
on the machine and gaining root access. Such accesses are further prevented
by configuring the bootloader password.</rationale>
          <ident system="https://ncp.nist.gov/cce">CCE-91347-5</ident>
          <fix xmlns:xhtml="http://www.w3.org/1999/xhtml" id="require_emergency_target_auth" system="urn:xccdf:fix:script:sh"># Remediation is applicable only in certain platforms
if rpm --quiet -q kernel-default || rpm --quiet -q kernel-default-base; then

service_dropin_cfg_dir="/etc/systemd/system/emergency.service.d"
service_dropin_file="${service_dropin_cfg_dir}/10-oscap.conf"


sulogin="/usr/lib/systemd/systemd-sulogin-shell emergency"


mkdir -p "${service_dropin_cfg_dir}"
echo "[Service]" &gt;&gt; "${service_dropin_file}"
echo "ExecStart=-$sulogin" &gt;&gt; "${service_dropin_file}"

else
    &gt;&amp;2 echo 'Remediation is not applicable, nothing was done'
fi
</fix>
          <fix xmlns:xhtml="http://www.w3.org/1999/xhtml" id="require_emergency_target_auth" system="urn:xccdf:fix:script:ansible" complexity="low" disruption="low" strategy="restrict">- name: Gather the package facts
  package_facts:
    manager: auto
  tags:
  - CCE-91347-5
  - NIST-800-171-3.1.1
  - NIST-800-171-3.4.5
  - NIST-800-53-AC-3
  - NIST-800-53-CM-6(a)
  - NIST-800-53-IA-2
  - low_complexity
  - low_disruption
  - medium_severity
  - no_reboot_needed
  - require_emergency_target_auth
  - restrict_strategy

- name: Require emergency mode password
  ansible.builtin.blockinfile:
    create: true
    dest: /etc/systemd/system/emergency.service.d/10-oscap.conf
    block: |-
      [Service]
      ExecStart=-/usr/lib/systemd/systemd-sulogin-shell emergency
  when: ("kernel-default" in ansible_facts.packages or "kernel-default-base" in ansible_facts.packages)
  tags:
  - CCE-91347-5
  - NIST-800-171-3.1.1
  - NIST-800-171-3.4.5
  - NIST-800-53-AC-3
  - NIST-800-53-CM-6(a)
  - NIST-800-53-IA-2
  - low_complexity
  - low_disruption
  - medium_severity
  - no_reboot_needed
  - require_emergency_target_auth
  - restrict_strategy
</fix>
          <check system="http://oval.mitre.org/XMLSchema/oval-definitions-5">
            <check-content-ref name="oval:ssg-require_emergency_target_auth:def:1" href="ssg-sle15-oval.xml"/>
          </check>
          <check system="http://scap.nist.gov/schema/ocil/2">
            <check-content-ref name="ocil:ssg-require_emergency_target_auth_ocil:questionnaire:1" href="ssg-sle15-ocil.xml"/>
          </check>
        </Rule>
        <Rule id="xccdf_org.ssgproject.content_rule_require_singleuser_auth" selected="false" role="full" severity="medium">
          <title xmlns:xhtml="http://www.w3.org/1999/xhtml" xml:lang="en-US">Require Authentication for Single User Mode</title>
          <description xmlns:xhtml="http://www.w3.org/1999/xhtml" xml:lang="en-US">Single-user mode is intended as a system recovery
method, providing a single user root access to the system by
providing a boot option at startup.
<html:br xmlns:html="http://www.w3.org/1999/xhtml"/>
        <html:br xmlns:html="http://www.w3.org/1999/xhtml"/>
By default, single-user mode is protected by requiring a password and is set
in <html:code xmlns:html="http://www.w3.org/1999/xhtml">/usr/lib/systemd/system/rescue.service</html:code>.</description>
          <reference href="https://www.cisecurity.org/controls/">1</reference>
          <reference href="https://www.cisecurity.org/controls/">11</reference>
          <reference href="https://www.cisecurity.org/controls/">12</reference>
          <reference href="https://www.cisecurity.org/controls/">14</reference>
          <reference href="https://www.cisecurity.org/controls/">15</reference>
          <reference href="https://www.cisecurity.org/controls/">16</reference>
          <reference href="https://www.cisecurity.org/controls/">18</reference>
          <reference href="https://www.cisecurity.org/controls/">3</reference>
          <reference href="https://www.cisecurity.org/controls/">5</reference>
          <reference href="https://www.isaca.org/resources/cobit">DSS05.02</reference>
          <reference href="https://www.isaca.org/resources/cobit">DSS05.04</reference>
          <reference href="https://www.isaca.org/resources/cobit">DSS05.05</reference>
          <reference href="https://www.isaca.org/resources/cobit">DSS05.07</reference>
          <reference href="https://www.isaca.org/resources/cobit">DSS05.10</reference>
          <reference href="https://www.isaca.org/resources/cobit">DSS06.03</reference>
          <reference href="https://www.isaca.org/resources/cobit">DSS06.06</reference>
          <reference href="https://www.isaca.org/resources/cobit">DSS06.10</reference>
          <reference href="http://nvlpubs.nist.gov/nistpubs/SpecialPublications/NIST.SP.800-171.pdf">3.1.1</reference>
          <reference href="http://nvlpubs.nist.gov/nistpubs/SpecialPublications/NIST.SP.800-171.pdf">3.4.5</reference>
          <reference href="https://www.gpo.gov/fdsys/pkg/CFR-2007-title45-vol1/pdf/CFR-2007-title45-vol1-chapA-subchapC.pdf">164.308(a)(1)(ii)(B)</reference>
          <reference href="https://www.gpo.gov/fdsys/pkg/CFR-2007-title45-vol1/pdf/CFR-2007-title45-vol1-chapA-subchapC.pdf">164.308(a)(7)(i)</reference>
          <reference href="https://www.gpo.gov/fdsys/pkg/CFR-2007-title45-vol1/pdf/CFR-2007-title45-vol1-chapA-subchapC.pdf">164.308(a)(7)(ii)(A)</reference>
          <reference href="https://www.gpo.gov/fdsys/pkg/CFR-2007-title45-vol1/pdf/CFR-2007-title45-vol1-chapA-subchapC.pdf">164.310(a)(1)</reference>
          <reference href="https://www.gpo.gov/fdsys/pkg/CFR-2007-title45-vol1/pdf/CFR-2007-title45-vol1-chapA-subchapC.pdf">164.310(a)(2)(i)</reference>
          <reference href="https://www.gpo.gov/fdsys/pkg/CFR-2007-title45-vol1/pdf/CFR-2007-title45-vol1-chapA-subchapC.pdf">164.310(a)(2)(ii)</reference>
          <reference href="https://www.gpo.gov/fdsys/pkg/CFR-2007-title45-vol1/pdf/CFR-2007-title45-vol1-chapA-subchapC.pdf">164.310(a)(2)(iii)</reference>
          <reference href="https://www.gpo.gov/fdsys/pkg/CFR-2007-title45-vol1/pdf/CFR-2007-title45-vol1-chapA-subchapC.pdf">164.310(b)</reference>
          <reference href="https://www.gpo.gov/fdsys/pkg/CFR-2007-title45-vol1/pdf/CFR-2007-title45-vol1-chapA-subchapC.pdf">164.310(c)</reference>
          <reference href="https://www.gpo.gov/fdsys/pkg/CFR-2007-title45-vol1/pdf/CFR-2007-title45-vol1-chapA-subchapC.pdf">164.310(d)(1)</reference>
          <reference href="https://www.gpo.gov/fdsys/pkg/CFR-2007-title45-vol1/pdf/CFR-2007-title45-vol1-chapA-subchapC.pdf">164.310(d)(2)(iii)</reference>
          <reference href="https://www.isa.org/products/isa-62443-2-1-2009-security-for-industrial-automat">4.3.3.2.2</reference>
          <reference href="https://www.isa.org/products/isa-62443-2-1-2009-security-for-industrial-automat">4.3.3.5.1</reference>
          <reference href="https://www.isa.org/products/isa-62443-2-1-2009-security-for-industrial-automat">4.3.3.5.2</reference>
          <reference href="https://www.isa.org/products/isa-62443-2-1-2009-security-for-industrial-automat">4.3.3.5.3</reference>
          <reference href="https://www.isa.org/products/isa-62443-2-1-2009-security-for-industrial-automat">4.3.3.5.4</reference>
          <reference href="https://www.isa.org/products/isa-62443-2-1-2009-security-for-industrial-automat">4.3.3.5.5</reference>
          <reference href="https://www.isa.org/products/isa-62443-2-1-2009-security-for-industrial-automat">4.3.3.5.6</reference>
          <reference href="https://www.isa.org/products/isa-62443-2-1-2009-security-for-industrial-automat">4.3.3.5.7</reference>
          <reference href="https://www.isa.org/products/isa-62443-2-1-2009-security-for-industrial-automat">4.3.3.5.8</reference>
          <reference href="https://www.isa.org/products/isa-62443-2-1-2009-security-for-industrial-automat">4.3.3.6.1</reference>
          <reference href="https://www.isa.org/products/isa-62443-2-1-2009-security-for-industrial-automat">4.3.3.6.2</reference>
          <reference href="https://www.isa.org/products/isa-62443-2-1-2009-security-for-industrial-automat">4.3.3.6.3</reference>
          <reference href="https://www.isa.org/products/isa-62443-2-1-2009-security-for-industrial-automat">4.3.3.6.4</reference>
          <reference href="https://www.isa.org/products/isa-62443-2-1-2009-security-for-industrial-automat">4.3.3.6.5</reference>
          <reference href="https://www.isa.org/products/isa-62443-2-1-2009-security-for-industrial-automat">4.3.3.6.6</reference>
          <reference href="https://www.isa.org/products/isa-62443-2-1-2009-security-for-industrial-automat">4.3.3.6.7</reference>
          <reference href="https://www.isa.org/products/isa-62443-2-1-2009-security-for-industrial-automat">4.3.3.6.8</reference>
          <reference href="https://www.isa.org/products/isa-62443-2-1-2009-security-for-industrial-automat">4.3.3.6.9</reference>
          <reference href="https://www.isa.org/products/isa-62443-2-1-2009-security-for-industrial-automat">4.3.3.7.1</reference>
          <reference href="https://www.isa.org/products/isa-62443-2-1-2009-security-for-industrial-automat">4.3.3.7.2</reference>
          <reference href="https://www.isa.org/products/isa-62443-2-1-2009-security-for-industrial-automat">4.3.3.7.3</reference>
          <reference href="https://www.isa.org/products/isa-62443-2-1-2009-security-for-industrial-automat">4.3.3.7.4</reference>
          <reference href="https://www.isa.org/products/ansi-isa-62443-3-3-99-03-03-2013-security-for-indu">SR 1.1</reference>
          <reference href="https://www.isa.org/products/ansi-isa-62443-3-3-99-03-03-2013-security-for-indu">SR 1.10</reference>
          <reference href="https://www.isa.org/products/ansi-isa-62443-3-3-99-03-03-2013-security-for-indu">SR 1.11</reference>
          <reference href="https://www.isa.org/products/ansi-isa-62443-3-3-99-03-03-2013-security-for-indu">SR 1.12</reference>
          <reference href="https://www.isa.org/products/ansi-isa-62443-3-3-99-03-03-2013-security-for-indu">SR 1.13</reference>
          <reference href="https://www.isa.org/products/ansi-isa-62443-3-3-99-03-03-2013-security-for-indu">SR 1.2</reference>
          <reference href="https://www.isa.org/products/ansi-isa-62443-3-3-99-03-03-2013-security-for-indu">SR 1.3</reference>
          <reference href="https://www.isa.org/products/ansi-isa-62443-3-3-99-03-03-2013-security-for-indu">SR 1.4</reference>
          <reference href="https://www.isa.org/products/ansi-isa-62443-3-3-99-03-03-2013-security-for-indu">SR 1.5</reference>
          <reference href="https://www.isa.org/products/ansi-isa-62443-3-3-99-03-03-2013-security-for-indu">SR 1.6</reference>
          <reference href="https://www.isa.org/products/ansi-isa-62443-3-3-99-03-03-2013-security-for-indu">SR 1.7</reference>
          <reference href="https://www.isa.org/products/ansi-isa-62443-3-3-99-03-03-2013-security-for-indu">SR 1.8</reference>
          <reference href="https://www.isa.org/products/ansi-isa-62443-3-3-99-03-03-2013-security-for-indu">SR 1.9</reference>
          <reference href="https://www.isa.org/products/ansi-isa-62443-3-3-99-03-03-2013-security-for-indu">SR 2.1</reference>
          <reference href="https://www.isa.org/products/ansi-isa-62443-3-3-99-03-03-2013-security-for-indu">SR 2.2</reference>
          <reference href="https://www.isa.org/products/ansi-isa-62443-3-3-99-03-03-2013-security-for-indu">SR 2.3</reference>
          <reference href="https://www.isa.org/products/ansi-isa-62443-3-3-99-03-03-2013-security-for-indu">SR 2.4</reference>
          <reference href="https://www.isa.org/products/ansi-isa-62443-3-3-99-03-03-2013-security-for-indu">SR 2.5</reference>
          <reference href="https://www.isa.org/products/ansi-isa-62443-3-3-99-03-03-2013-security-for-indu">SR 2.6</reference>
          <reference href="https://www.isa.org/products/ansi-isa-62443-3-3-99-03-03-2013-security-for-indu">SR 2.7</reference>
          <reference href="https://www.iso.org/contents/data/standard/05/45/54534.html">A.18.1.4</reference>
          <reference href="https://www.iso.org/contents/data/standard/05/45/54534.html">A.6.1.2</reference>
          <reference href="https://www.iso.org/contents/data/standard/05/45/54534.html">A.7.1.1</reference>
          <reference href="https://www.iso.org/contents/data/standard/05/45/54534.html">A.9.1.2</reference>
          <reference href="https://www.iso.org/contents/data/standard/05/45/54534.html">A.9.2.1</reference>
          <reference href="https://www.iso.org/contents/data/standard/05/45/54534.html">A.9.2.2</reference>
          <reference href="https://www.iso.org/contents/data/standard/05/45/54534.html">A.9.2.3</reference>
          <reference href="https://www.iso.org/contents/data/standard/05/45/54534.html">A.9.2.4</reference>
          <reference href="https://www.iso.org/contents/data/standard/05/45/54534.html">A.9.2.6</reference>
          <reference href="https://www.iso.org/contents/data/standard/05/45/54534.html">A.9.3.1</reference>
          <reference href="https://www.iso.org/contents/data/standard/05/45/54534.html">A.9.4.1</reference>
          <reference href="https://www.iso.org/contents/data/standard/05/45/54534.html">A.9.4.2</reference>
          <reference href="https://www.iso.org/contents/data/standard/05/45/54534.html">A.9.4.3</reference>
          <reference href="https://www.iso.org/contents/data/standard/05/45/54534.html">A.9.4.4</reference>
          <reference href="https://www.iso.org/contents/data/standard/05/45/54534.html">A.9.4.5</reference>
          <reference href="https://www.nerc.com/standards/reliability-standards/cip">CIP-003-8 R5.1.1</reference>
          <reference href="https://www.nerc.com/standards/reliability-standards/cip">CIP-003-8 R5.3</reference>
          <reference href="https://www.nerc.com/standards/reliability-standards/cip">CIP-004-6 R2.2.3</reference>
          <reference href="https://www.nerc.com/standards/reliability-standards/cip">CIP-004-6 R2.3</reference>
          <reference href="https://www.nerc.com/standards/reliability-standards/cip">CIP-007-3 R5.1</reference>
          <reference href="https://www.nerc.com/standards/reliability-standards/cip">CIP-007-3 R5.1.2</reference>
          <reference href="https://www.nerc.com/standards/reliability-standards/cip">CIP-007-3 R5.2</reference>
          <reference href="https://www.nerc.com/standards/reliability-standards/cip">CIP-007-3 R5.3.1</reference>
          <reference href="https://www.nerc.com/standards/reliability-standards/cip">CIP-007-3 R5.3.2</reference>
          <reference href="https://www.nerc.com/standards/reliability-standards/cip">CIP-007-3 R5.3.3</reference>
          <reference href="http://nvlpubs.nist.gov/nistpubs/SpecialPublications/NIST.SP.800-53r4.pdf">IA-2</reference>
          <reference href="http://nvlpubs.nist.gov/nistpubs/SpecialPublications/NIST.SP.800-53r4.pdf">AC-3</reference>
          <reference href="http://nvlpubs.nist.gov/nistpubs/SpecialPublications/NIST.SP.800-53r4.pdf">CM-6(a)</reference>
          <reference href="https://nvlpubs.nist.gov/nistpubs/CSWP/NIST.CSWP.04162018.pdf">PR.AC-1</reference>
          <reference href="https://nvlpubs.nist.gov/nistpubs/CSWP/NIST.CSWP.04162018.pdf">PR.AC-4</reference>
          <reference href="https://nvlpubs.nist.gov/nistpubs/CSWP/NIST.CSWP.04162018.pdf">PR.AC-6</reference>
          <reference href="https://nvlpubs.nist.gov/nistpubs/CSWP/NIST.CSWP.04162018.pdf">PR.AC-7</reference>
          <reference href="https://nvlpubs.nist.gov/nistpubs/CSWP/NIST.CSWP.04162018.pdf">PR.PT-3</reference>
          <reference href="https://www.niap-ccevs.org/Profile/PP.cfm">FIA_UAU.1</reference>
          <reference href="https://www.cyber.mil/stigs/downloads/?_dl_facet_stigs=operating-systems%2Cgeneral-purpose-os">SRG-OS-000080-GPOS-00048</reference>
          <reference href="https://www.cisecurity.org/benchmark/suse_linux/">1.5.3</reference>
          <reference href="https://www.cyber.gov.au/acsc/view-all-content/ism">0421</reference>
          <reference href="https://www.cyber.gov.au/acsc/view-all-content/ism">0422</reference>
          <reference href="https://www.cyber.gov.au/acsc/view-all-content/ism">0974</reference>
          <reference href="https://www.cyber.gov.au/acsc/view-all-content/ism">1173</reference>
          <reference href="https://www.cyber.gov.au/acsc/view-all-content/ism">1401</reference>
          <reference href="https://www.cyber.gov.au/acsc/view-all-content/ism">1504</reference>
          <reference href="https://www.cyber.gov.au/acsc/view-all-content/ism">1505</reference>
          <reference href="https://www.cyber.gov.au/acsc/view-all-content/ism">1546</reference>
          <reference href="https://www.cyber.gov.au/acsc/view-all-content/ism">1557</reference>
          <reference href="https://www.cyber.gov.au/acsc/view-all-content/ism">1558</reference>
          <reference href="https://www.cyber.gov.au/acsc/view-all-content/ism">1559</reference>
          <reference href="https://www.cyber.gov.au/acsc/view-all-content/ism">1560</reference>
          <reference href="https://www.cyber.gov.au/acsc/view-all-content/ism">1561</reference>
          <rationale xmlns:xhtml="http://www.w3.org/1999/xhtml" xml:lang="en-US">This prevents attackers with physical access from trivially bypassing security
on the machine and gaining root access. Such accesses are further prevented
by configuring the bootloader password.</rationale>
          <ident system="https://ncp.nist.gov/cce">CCE-91428-3</ident>
          <fix xmlns:xhtml="http://www.w3.org/1999/xhtml" id="require_singleuser_auth" system="urn:xccdf:fix:script:sh"># Remediation is applicable only in certain platforms
if rpm --quiet -q kernel-default || rpm --quiet -q kernel-default-base; then

found=false

# set value in all files if they contain section or key
for f in $(echo -n "/etc/systemd/system/rescue.service.d/10-oscap.conf /etc/systemd/system/rescue.service.d/*.conf"); do
    if [ ! -e "$f" ]; then
        continue
    fi

    # find key in section and change value
    if grep -qzosP "[[:space:]]*\[Service\]([^\n\[]*\n+)+?[[:space:]]*ExecStart" "$f"; then
        if ! grep -qPz "ExecStart=\nExecStart=-/usr/lib/systemd/systemd-sulogin-shell rescue" "$f"; then

            sed -i "s/ExecStart[^(\n)]*/ExecStart=\nExecStart=-\/usr\/lib\/systemd\/systemd-sulogin-shell rescue/" "$f"

        fi

        found=true

    # find section and add key = value to it
    elif grep -qs "[[:space:]]*\[Service\]" "$f"; then

            sed -i "/[[:space:]]*\[Service\]/a ExecStart=\nExecStart=-\/usr\/lib\/systemd\/systemd-sulogin-shell rescue" "$f"

            found=true
    fi
done

# if section not in any file, append section with key = value to FIRST file in files parameter
if ! $found ; then
    file=$(echo "/etc/systemd/system/rescue.service.d/10-oscap.conf /etc/systemd/system/rescue.service.d/*.conf" | cut -f1 -d ' ')
    mkdir -p "$(dirname "$file")"

    echo -e "[Service]\nExecStart=\nExecStart=-/usr/lib/systemd/systemd-sulogin-shell rescue" &gt;&gt; "$file"

fi

else
    &gt;&amp;2 echo 'Remediation is not applicable, nothing was done'
fi
</fix>
          <fix xmlns:xhtml="http://www.w3.org/1999/xhtml" id="require_singleuser_auth" system="urn:xccdf:fix:script:ansible" complexity="low" disruption="low" strategy="restrict">- name: Gather the package facts
  package_facts:
    manager: auto
  tags:
  - CCE-91428-3
  - NIST-800-171-3.1.1
  - NIST-800-171-3.4.5
  - NIST-800-53-AC-3
  - NIST-800-53-CM-6(a)
  - NIST-800-53-IA-2
  - low_complexity
  - low_disruption
  - medium_severity
  - no_reboot_needed
  - require_singleuser_auth
  - restrict_strategy

- name: Require Authentication for Single User Mode - find files which already override
    Execstart of rescue.service
  ansible.builtin.find:
    paths: /etc/systemd/system/rescue.service.d
    patterns: '*.conf'
    contains: ^\s*ExecStart=.*$
  register: rescue_service_overrides_found
  when: ("kernel-default" in ansible_facts.packages or "kernel-default-base" in ansible_facts.packages)
  tags:
  - CCE-91428-3
  - NIST-800-171-3.1.1
  - NIST-800-171-3.4.5
  - NIST-800-53-AC-3
  - NIST-800-53-CM-6(a)
  - NIST-800-53-IA-2
  - low_complexity
  - low_disruption
  - medium_severity
  - no_reboot_needed
  - require_singleuser_auth
  - restrict_strategy

- name: Require Authentication for Single User Mode - set files containing ExecStart
    overrides as target
  ansible.builtin.set_fact:
    rescue_service_remediation_target_file: '{{ rescue_service_overrides_found.files
      | map(attribute=''path'') | list }}'
  when:
  - ("kernel-default" in ansible_facts.packages or "kernel-default-base" in ansible_facts.packages)
  - rescue_service_overrides_found.matched is defined and rescue_service_overrides_found.matched
    &gt; 0
  tags:
  - CCE-91428-3
  - NIST-800-171-3.1.1
  - NIST-800-171-3.4.5
  - NIST-800-53-AC-3
  - NIST-800-53-CM-6(a)
  - NIST-800-53-IA-2
  - low_complexity
  - low_disruption
  - medium_severity
  - no_reboot_needed
  - require_singleuser_auth
  - restrict_strategy

- name: Require Authentication for Single User Mode - set default target for rescue.service
    override
  ansible.builtin.set_fact:
    rescue_service_remediation_target_file:
    - /etc/systemd/system/rescue.service.d/10-oscap.conf
  when:
  - ("kernel-default" in ansible_facts.packages or "kernel-default-base" in ansible_facts.packages)
  - rescue_service_overrides_found.matched is defined and rescue_service_overrides_found.matched
    == 0
  tags:
  - CCE-91428-3
  - NIST-800-171-3.1.1
  - NIST-800-171-3.4.5
  - NIST-800-53-AC-3
  - NIST-800-53-CM-6(a)
  - NIST-800-53-IA-2
  - low_complexity
  - low_disruption
  - medium_severity
  - no_reboot_needed
  - require_singleuser_auth
  - restrict_strategy

- name: Require Authentication for Single User Mode - Require emergency user mode
    password
  community.general.ini_file:
    path: '{{ item }}'
    section: Service
    option: ExecStart
    values:
    - ''
    - -/usr/lib/systemd/systemd-sulogin-shell rescue
  loop: '{{ rescue_service_remediation_target_file }}'
  when: ("kernel-default" in ansible_facts.packages or "kernel-default-base" in ansible_facts.packages)
  tags:
  - CCE-91428-3
  - NIST-800-171-3.1.1
  - NIST-800-171-3.4.5
  - NIST-800-53-AC-3
  - NIST-800-53-CM-6(a)
  - NIST-800-53-IA-2
  - low_complexity
  - low_disruption
  - medium_severity
  - no_reboot_needed
  - require_singleuser_auth
  - restrict_strategy
</fix>
          <check system="http://oval.mitre.org/XMLSchema/oval-definitions-5">
            <check-content-ref name="oval:ssg-require_singleuser_auth:def:1" href="ssg-sle15-oval.xml"/>
          </check>
          <check system="http://scap.nist.gov/schema/ocil/2">
            <check-content-ref name="ocil:ssg-require_singleuser_auth_ocil:questionnaire:1" href="ssg-sle15-ocil.xml"/>
          </check>
        </Rule>
        <Group id="xccdf_org.ssgproject.content_group_screen_locking">
          <title xmlns:xhtml="http://www.w3.org/1999/xhtml" xml:lang="en-US">Configure Screen Locking</title>
          <description xmlns:xhtml="http://www.w3.org/1999/xhtml" xml:lang="en-US">When a user must temporarily leave an account
logged-in, screen locking should be employed to prevent passersby
from abusing the account. User education and training is
particularly important for screen locking to be effective, and policies
can be implemented to reinforce this.
<html:br xmlns:html="http://www.w3.org/1999/xhtml"/>
        <html:br xmlns:html="http://www.w3.org/1999/xhtml"/>
Automatic screen locking is only meant as a safeguard for
those cases where a user forgot to lock the screen.</description>
          <Group id="xccdf_org.ssgproject.content_group_console_screen_locking">
            <title xmlns:xhtml="http://www.w3.org/1999/xhtml" xml:lang="en-US">Configure Console Screen Locking</title>
            <description xmlns:xhtml="http://www.w3.org/1999/xhtml" xml:lang="en-US">A console screen locking mechanism is a temporary action taken when a user
stops work and moves away from the immediate physical vicinity of the
information system but does not logout because of the temporary nature of
the absence. Rather than relying on the user to manually lock their
operation system session prior to vacating the vicinity, operating systems
need to be able to identify when a user's session has idled and take action
to initiate the session lock.</description>
            <Rule id="xccdf_org.ssgproject.content_rule_vlock_installed" selected="false" role="full" severity="medium">
              <title xmlns:xhtml="http://www.w3.org/1999/xhtml" xml:lang="en-US">Check that vlock is installed to allow session locking</title>
              <description xmlns:xhtml="http://www.w3.org/1999/xhtml" xml:lang="en-US">The SUSE Linux Enterprise 15 operating system must have vlock installed to allow for session locking.


The <html:code xmlns:html="http://www.w3.org/1999/xhtml">kbd</html:code> package can be installed with the following command:
<html:pre xmlns:html="http://www.w3.org/1999/xhtml">
$ sudo zypper install kbd</html:pre>
         </description>
              <reference href="https://www.cyber.mil/stigs/downloads/?_dl_facet_stigs=operating-systems%2Cgeneral-purpose-os">SRG-OS-000028-GPOS-00009</reference>
              <reference href="https://www.cyber.mil/stigs/downloads/?_dl_facet_stigs=operating-systems%2Cgeneral-purpose-os">SRG-OS-000030-GPOS-00011</reference>
              <reference href="https://www.cyber.mil/stigs/downloads/?_dl_facet_stigs=operating-systems%2Cunix-linux">SLES-15-010110</reference>
              <reference href="https://www.cyber.mil/stigs/srg-stig-tools/">SV-234811r1009610_rule</reference>
              <rationale xmlns:xhtml="http://www.w3.org/1999/xhtml" xml:lang="en-US">A session lock is a temporary action taken when a user stops work and
moves away from the immediate physical vicinity of the information
system but does not want to log out because of the temporary nature of
the absence.

The session lock is implemented at the point where session activity can
be determined.

Regardless of where the session lock is determined and implemented,
once invoked, the session lock must remain in place until the user
reauthenticates. No other activity aside from reauthentication must
unlock the system.</rationale>
              <ident system="https://ncp.nist.gov/cce">CCE-83268-3</ident>
              <fix xmlns:xhtml="http://www.w3.org/1999/xhtml" id="vlock_installed" system="urn:xccdf:fix:script:puppet" complexity="low" disruption="low" strategy="enable">include install_kbd

class install_kbd {
  package { 'kbd':
    ensure =&gt; 'installed',
  }
}
</fix>
              <fix xmlns:xhtml="http://www.w3.org/1999/xhtml" id="vlock_installed" system="urn:xccdf:fix:script:sh" complexity="low" disruption="low" strategy="enable"># Remediation is applicable only in certain platforms
if rpm --quiet -q kernel-default || rpm --quiet -q kernel-default-base; then

zypper install -y "kbd"

else
    &gt;&amp;2 echo 'Remediation is not applicable, nothing was done'
fi
</fix>
              <fix xmlns:xhtml="http://www.w3.org/1999/xhtml" id="vlock_installed" system="urn:redhat:osbuild:blueprint">
[[packages]]
name = "kbd"
version = "*"
</fix>
              <fix xmlns:xhtml="http://www.w3.org/1999/xhtml" id="vlock_installed" system="urn:xccdf:fix:script:ansible" complexity="low" disruption="low" strategy="enable">- name: Gather the package facts
  package_facts:
    manager: auto
  tags:
  - CCE-83268-3
  - DISA-STIG-SLES-15-010110
  - enable_strategy
  - low_complexity
  - low_disruption
  - medium_severity
  - no_reboot_needed
  - vlock_installed

- name: Ensure kbd is installed
  ansible.builtin.package:
    name: kbd
    state: present
  when: ("kernel-default" in ansible_facts.packages or "kernel-default-base" in ansible_facts.packages)
  tags:
  - CCE-83268-3
  - DISA-STIG-SLES-15-010110
  - enable_strategy
  - low_complexity
  - low_disruption
  - medium_severity
  - no_reboot_needed
  - vlock_installed
</fix>
              <check system="http://oval.mitre.org/XMLSchema/oval-definitions-5">
                <check-content-ref name="oval:ssg-vlock_installed:def:1" href="ssg-sle15-oval.xml"/>
              </check>
              <check system="http://scap.nist.gov/schema/ocil/2">
                <check-content-ref name="ocil:ssg-vlock_installed_ocil:questionnaire:1" href="ssg-sle15-ocil.xml"/>
              </check>
            </Rule>
          </Group>
          <Group id="xccdf_org.ssgproject.content_group_smart_card_login">
            <title xmlns:xhtml="http://www.w3.org/1999/xhtml" xml:lang="en-US">Hardware Tokens for Authentication</title>
            <description xmlns:xhtml="http://www.w3.org/1999/xhtml" xml:lang="en-US">The use of hardware tokens such as smart cards for system login
provides stronger, two-factor authentication than using a username and password.

In Red Hat Enterprise Linux servers and workstations, hardware token login

is not enabled by default and must be enabled in the system settings.</description>
            <Rule id="xccdf_org.ssgproject.content_rule_install_smartcard_packages" selected="false" role="full" severity="medium">
              <title xmlns:xhtml="http://www.w3.org/1999/xhtml" xml:lang="en-US">Install Smart Card Packages For Multifactor Authentication</title>
              <description xmlns:xhtml="http://www.w3.org/1999/xhtml" xml:lang="en-US">Configure the operating system to implement multifactor authentication by
installing the required package with the following command:

The <html:code xmlns:html="http://www.w3.org/1999/xhtml">pam_pkcs11</html:code> package can be installed with the following command:
<html:pre xmlns:html="http://www.w3.org/1999/xhtml">
$ sudo zypper install pam_pkcs11</html:pre>

The <html:code xmlns:html="http://www.w3.org/1999/xhtml">mozilla-nss</html:code> package can be installed with the following command:
<html:pre xmlns:html="http://www.w3.org/1999/xhtml">
$ sudo zypper install mozilla-nss</html:pre>

The <html:code xmlns:html="http://www.w3.org/1999/xhtml">mozilla-nss-tools</html:code> package can be installed with the following command:
<html:pre xmlns:html="http://www.w3.org/1999/xhtml">
$ sudo zypper install mozilla-nss-tools</html:pre>

The <html:code xmlns:html="http://www.w3.org/1999/xhtml">pcsc-ccid</html:code> package can be installed with the following command:
<html:pre xmlns:html="http://www.w3.org/1999/xhtml">
$ sudo zypper install pcsc-ccid</html:pre>

The <html:code xmlns:html="http://www.w3.org/1999/xhtml">pcsc-lite</html:code> package can be installed with the following command:
<html:pre xmlns:html="http://www.w3.org/1999/xhtml">
$ sudo zypper install pcsc-lite</html:pre>

The <html:code xmlns:html="http://www.w3.org/1999/xhtml">pcsc-tools</html:code> package can be installed with the following command:
<html:pre xmlns:html="http://www.w3.org/1999/xhtml">
$ sudo zypper install pcsc-tools</html:pre>

The <html:code xmlns:html="http://www.w3.org/1999/xhtml">opensc</html:code> package can be installed with the following command:
<html:pre xmlns:html="http://www.w3.org/1999/xhtml">
$ sudo zypper install opensc</html:pre>
         </description>
              <reference href="http://nvlpubs.nist.gov/nistpubs/SpecialPublications/NIST.SP.800-53r4.pdf">CM-6(a)</reference>
              <reference href="https://www.pcisecuritystandards.org/documents/PCI_DSS_v3-2-1.pdf">Req-8.3</reference>
              <reference href="https://www.cyber.mil/stigs/downloads/?_dl_facet_stigs=operating-systems%2Cgeneral-purpose-os">SRG-OS-000105-GPOS-00052</reference>
              <reference href="https://www.cyber.mil/stigs/downloads/?_dl_facet_stigs=operating-systems%2Cgeneral-purpose-os">SRG-OS-000375-GPOS-00160</reference>
              <reference href="https://www.cyber.mil/stigs/downloads/?_dl_facet_stigs=operating-systems%2Cgeneral-purpose-os">SRG-OS-000375-GPOS-00161</reference>
              <reference href="https://www.cyber.mil/stigs/downloads/?_dl_facet_stigs=operating-systems%2Cgeneral-purpose-os">SRG-OS-000377-GPOS-00162</reference>
              <reference href="https://www.cyber.mil/stigs/downloads/?_dl_facet_stigs=operating-systems%2Cunix-linux">SLES-15-010460</reference>
              <reference href="not_publicly_available">SLES-15-600600315</reference>
              <reference href="https://www.cyber.mil/stigs/srg-stig-tools/">SV-234854r1009615_rule</reference>
              <rationale xmlns:xhtml="http://www.w3.org/1999/xhtml" xml:lang="en-US">Using an authentication device, such as a CAC or token that is separate from
the information system, ensures that even if the information system is
compromised, that compromise will not affect credentials stored on the
authentication device.
<html:br xmlns:html="http://www.w3.org/1999/xhtml"/>
          <html:br xmlns:html="http://www.w3.org/1999/xhtml"/>
Multifactor solutions that require devices separate from
information systems gaining access include, for example, hardware tokens
providing time-based or challenge-response authenticators and smart cards
or similar secure authentication devices issued by an organization or identity provider.</rationale>
              <platform idref="#not_s390x_arch"/>
              <ident system="https://ncp.nist.gov/cce">CCE-83292-3</ident>
              <fix xmlns:xhtml="http://www.w3.org/1999/xhtml" id="install_smartcard_packages" system="urn:xccdf:fix:script:sh" complexity="low" disruption="low" strategy="enable"># Remediation is applicable only in certain platforms
if rpm --quiet -q kernel-default || rpm --quiet -q kernel-default-base &amp;&amp; { ! ( grep -sqE "^.*\.s390x$" /proc/sys/kernel/osrelease || grep -sqE "^s390x$" /proc/sys/kernel/arch; ); }; then

SMARTCARD_PACKAGES=( "pam_pkcs11"  "mozilla-nss"  "mozilla-nss-tools"  "pcsc-ccid"  "pcsc-lite"  "pcsc-tools"  "opensc")

for PKGNAME in "${SMARTCARD_PACKAGES[@]}"
do
    zypper install -y "$PKGNAME"
done

else
    &gt;&amp;2 echo 'Remediation is not applicable, nothing was done'
fi
</fix>
              <fix xmlns:xhtml="http://www.w3.org/1999/xhtml" id="install_smartcard_packages" system="urn:xccdf:fix:script:ansible" complexity="low" disruption="low" strategy="enable">- name: Gather the package facts
  package_facts:
    manager: auto
  tags:
  - CCE-83292-3
  - DISA-STIG-SLES-15-010460
  - NIST-800-53-CM-6(a)
  - PCI-DSS-Req-8.3
  - enable_strategy
  - install_smartcard_packages
  - low_complexity
  - low_disruption
  - medium_severity
  - no_reboot_needed

- name: Set smartcard packages fact
  ansible.builtin.set_fact:
    smartcard_packages:
    - pam_pkcs11
    - mozilla-nss
    - mozilla-nss-tools
    - pcsc-ccid
    - pcsc-lite
    - pcsc-tools
    - opensc
  when:
  - ("kernel-default" in ansible_facts.packages or "kernel-default-base" in ansible_facts.packages)
  - ansible_architecture != "s390x"
  tags:
  - CCE-83292-3
  - DISA-STIG-SLES-15-010460
  - NIST-800-53-CM-6(a)
  - PCI-DSS-Req-8.3
  - enable_strategy
  - install_smartcard_packages
  - low_complexity
  - low_disruption
  - medium_severity
  - no_reboot_needed

- name: Ensure {{ smartcard_packages }} are installed
  ansible.builtin.package:
    name: '{{ smartcard_packages }}'
    state: present
  when:
  - ("kernel-default" in ansible_facts.packages or "kernel-default-base" in ansible_facts.packages)
  - ansible_architecture != "s390x"
  tags:
  - CCE-83292-3
  - DISA-STIG-SLES-15-010460
  - NIST-800-53-CM-6(a)
  - PCI-DSS-Req-8.3
  - enable_strategy
  - install_smartcard_packages
  - low_complexity
  - low_disruption
  - medium_severity
  - no_reboot_needed
</fix>
              <check system="http://oval.mitre.org/XMLSchema/oval-definitions-5">
                <check-content-ref name="oval:ssg-install_smartcard_packages:def:1" href="ssg-sle15-oval.xml"/>
              </check>
              <check system="http://scap.nist.gov/schema/ocil/2">
                <check-content-ref name="ocil:ssg-install_smartcard_packages_ocil:questionnaire:1" href="ssg-sle15-ocil.xml"/>
              </check>
            </Rule>
            <Rule id="xccdf_org.ssgproject.content_rule_smartcard_configure_ca" selected="false" role="full" severity="medium">
              <title xmlns:xhtml="http://www.w3.org/1999/xhtml" xml:lang="en-US">Configure Smart Card Certificate Authority Validation</title>
              <description xmlns:xhtml="http://www.w3.org/1999/xhtml" xml:lang="en-US">Configure the operating system to do certificate status checking for PKI
authentication. Modify all of the <html:code xmlns:html="http://www.w3.org/1999/xhtml">cert_policy</html:code> lines in
<html:code xmlns:html="http://www.w3.org/1999/xhtml">/etc/pam_pkcs11/pam_pkcs11.conf</html:code> to include <html:code xmlns:html="http://www.w3.org/1999/xhtml">ca</html:code> like so:
<html:pre xmlns:html="http://www.w3.org/1999/xhtml">cert_policy = ca, ocsp_on, signature;</html:pre>
         </description>
              <reference href="https://www.cyber.mil/stigs/downloads/?_dl_facet_stigs=operating-systems%2Cgeneral-purpose-os">SRG-OS-000066-GPOS-00034</reference>
              <reference href="https://www.cyber.mil/stigs/downloads/?_dl_facet_stigs=operating-systems%2Cgeneral-purpose-os">SRG-OS-000384-GPOS-00167</reference>
              <reference href="https://www.cyber.mil/stigs/downloads/?_dl_facet_stigs=operating-systems%2Cunix-linux">SLES-15-010170</reference>
              <reference href="not_publicly_available">SLES-15-600600345</reference>
              <reference href="https://www.cyber.mil/stigs/srg-stig-tools/">SV-234817r1009611_rule</reference>
              <rationale xmlns:xhtml="http://www.w3.org/1999/xhtml" xml:lang="en-US">Using an authentication device, such as a CAC or token that is separate from
the information system, ensures that even if the information system is
compromised, that compromise will not affect credentials stored on the
authentication device.
<html:br xmlns:html="http://www.w3.org/1999/xhtml"/>
          <html:br xmlns:html="http://www.w3.org/1999/xhtml"/>
Multifactor solutions that require devices separate from
information systems gaining access include, for example, hardware tokens
providing time-based or challenge-response authenticators and smart cards
or similar secure authentication devices issued by an organization or identity provider.</rationale>
              <ident system="https://ncp.nist.gov/cce">CCE-83272-5</ident>
              <fix xmlns:xhtml="http://www.w3.org/1999/xhtml" id="smartcard_configure_ca" system="urn:xccdf:fix:script:sh"># Remediation is applicable only in certain platforms
if rpm --quiet -q kernel-default || rpm --quiet -q kernel-default-base; then

if rpm -qa pam_pkcs11; then
    if grep "^\s*cert_policy" /etc/pam_pkcs11/pam_pkcs11.conf | grep -q "ca"; then
        sed -i "/^\s*#/! s/cert_policy.*/cert_policy = ca, ocsp_on, signature;/g" /etc/pam_pkcs11/pam_pkcs11.conf
    fi
fi

else
    &gt;&amp;2 echo 'Remediation is not applicable, nothing was done'
fi
</fix>
              <fix xmlns:xhtml="http://www.w3.org/1999/xhtml" id="smartcard_configure_ca" system="urn:xccdf:fix:script:ansible" complexity="low" disruption="low" strategy="restrict">- name: Gather the package facts
  package_facts:
    manager: auto
  tags:
  - CCE-83272-5
  - DISA-STIG-SLES-15-010170
  - low_complexity
  - low_disruption
  - medium_severity
  - no_reboot_needed
  - restrict_strategy
  - smartcard_configure_ca

- name: Package facts
  ansible.builtin.package_facts: null
  when: ("kernel-default" in ansible_facts.packages or "kernel-default-base" in ansible_facts.packages)
  tags:
  - CCE-83272-5
  - DISA-STIG-SLES-15-010170
  - low_complexity
  - low_disruption
  - medium_severity
  - no_reboot_needed
  - restrict_strategy
  - smartcard_configure_ca

- name: Replace 'none' from cert_policy
  ansible.builtin.replace:
    path: /etc/pam_pkcs11/pam_pkcs11.conf
    regexp: (^\s*cert_policy\s*=\s*)none\s*;(\s*$)
    replace: \g&lt;1&gt;ocsp_on,ca,signature;\g&lt;2&gt;
  when:
  - ("kernel-default" in ansible_facts.packages or "kernel-default-base" in ansible_facts.packages)
  - '''pam_pkcs11'' in ansible_facts.packages'
  tags:
  - CCE-83272-5
  - DISA-STIG-SLES-15-010170
  - low_complexity
  - low_disruption
  - medium_severity
  - no_reboot_needed
  - restrict_strategy
  - smartcard_configure_ca

- name: Add 'ca' parameter for cert_policy in /etc/pam_pkcs11/pam_pkcs11.conf
  ansible.builtin.replace:
    path: /etc/pam_pkcs11/pam_pkcs11.conf
    regexp: (^\s*cert_policy\s*=\s*)(?!.*ca)(.*)
    replace: \g&lt;1&gt;ca,\g&lt;2&gt;
  when:
  - ("kernel-default" in ansible_facts.packages or "kernel-default-base" in ansible_facts.packages)
  - '''pam_pkcs11'' in ansible_facts.packages'
  tags:
  - CCE-83272-5
  - DISA-STIG-SLES-15-010170
  - low_complexity
  - low_disruption
  - medium_severity
  - no_reboot_needed
  - restrict_strategy
  - smartcard_configure_ca
</fix>
              <check system="http://oval.mitre.org/XMLSchema/oval-definitions-5">
                <check-content-ref name="oval:ssg-smartcard_configure_ca:def:1" href="ssg-sle15-oval.xml"/>
              </check>
              <check system="http://scap.nist.gov/schema/ocil/2">
                <check-content-ref name="ocil:ssg-smartcard_configure_ca_ocil:questionnaire:1" href="ssg-sle15-ocil.xml"/>
              </check>
            </Rule>
            <Rule id="xccdf_org.ssgproject.content_rule_smartcard_configure_cert_checking" selected="false" role="full" severity="medium">
              <title xmlns:xhtml="http://www.w3.org/1999/xhtml" xml:lang="en-US">Configure Smart Card Certificate Status Checking</title>
              <description xmlns:xhtml="http://www.w3.org/1999/xhtml" xml:lang="en-US">Configure the operating system to do certificate status checking for PKI
authentication. Modify all of the <html:code xmlns:html="http://www.w3.org/1999/xhtml">cert_policy</html:code> lines in
<html:code xmlns:html="http://www.w3.org/1999/xhtml">/etc/pam_pkcs11/pam_pkcs11.conf</html:code> to include <html:code xmlns:html="http://www.w3.org/1999/xhtml">ocsp_on</html:code> like so:
<html:pre xmlns:html="http://www.w3.org/1999/xhtml">cert_policy = ca, ocsp_on, signature;</html:pre>
         </description>
              <reference href="https://www.cyber.mil/stigs/downloads/?_dl_facet_stigs=operating-systems%2Cgeneral-purpose-os">SRG-OS-000375-GPOS-00160</reference>
              <reference href="https://www.cyber.mil/stigs/downloads/?_dl_facet_stigs=operating-systems%2Cgeneral-purpose-os">SRG-OS-000376-GPOS-00161</reference>
              <reference href="https://www.cyber.mil/stigs/downloads/?_dl_facet_stigs=operating-systems%2Cgeneral-purpose-os">SRG-OS-000377-GPOS-00162</reference>
              <reference href="https://www.cyber.mil/stigs/downloads/?_dl_facet_stigs=operating-systems%2Cgeneral-purpose-os">SRG-OS-000384-GPOS-00167</reference>
              <reference href="https://www.cyber.mil/stigs/downloads/?_dl_facet_stigs=operating-systems%2Cunix-linux">SLES-15-010470</reference>
              <reference href="not_publicly_available">SLES-15-600600360</reference>
              <reference href="https://www.cyber.mil/stigs/srg-stig-tools/">SV-234855r1009616_rule</reference>
              <rationale xmlns:xhtml="http://www.w3.org/1999/xhtml" xml:lang="en-US">Using an authentication device, such as a CAC or token that is separate from
the information system, ensures that even if the information system is
compromised, that compromise will not affect credentials stored on the
authentication device.
<html:br xmlns:html="http://www.w3.org/1999/xhtml"/>
          <html:br xmlns:html="http://www.w3.org/1999/xhtml"/>
Multifactor solutions that require devices separate from
information systems gaining access include, for example, hardware tokens
providing time-based or challenge-response authenticators and smart cards
or similar secure authentication devices issued by an organization or identity provider.</rationale>
              <platform idref="#not_s390x_arch"/>
              <ident system="https://ncp.nist.gov/cce">CCE-83293-1</ident>
              <fix xmlns:xhtml="http://www.w3.org/1999/xhtml" id="smartcard_configure_cert_checking" system="urn:xccdf:fix:script:sh"># Remediation is applicable only in certain platforms
if rpm --quiet -q kernel-default || rpm --quiet -q kernel-default-base &amp;&amp; { ! ( grep -sqE "^.*\.s390x$" /proc/sys/kernel/osrelease || grep -sqE "^s390x$" /proc/sys/kernel/arch; ); }; then

zypper install -y "pam_pkcs11"

if grep "^\s*cert_policy" /etc/pam_pkcs11/pam_pkcs11.conf | grep -qv "ocsp_on"; then
	sed -i "/^\s*#/! s/cert_policy.*/cert_policy = ca, ocsp_on, signature;/g" /etc/pam_pkcs11/pam_pkcs11.conf
fi

else
    &gt;&amp;2 echo 'Remediation is not applicable, nothing was done'
fi
</fix>
              <fix xmlns:xhtml="http://www.w3.org/1999/xhtml" id="smartcard_configure_cert_checking" system="urn:xccdf:fix:script:ansible" complexity="low" disruption="low" strategy="restrict">- name: Gather the package facts
  package_facts:
    manager: auto
  tags:
  - CCE-83293-1
  - DISA-STIG-SLES-15-010470
  - low_complexity
  - low_disruption
  - medium_severity
  - no_reboot_needed
  - restrict_strategy
  - smartcard_configure_cert_checking

- name: Package facts
  ansible.builtin.package_facts: null
  when:
  - ("kernel-default" in ansible_facts.packages or "kernel-default-base" in ansible_facts.packages)
  - ansible_architecture != "s390x"
  tags:
  - CCE-83293-1
  - DISA-STIG-SLES-15-010470
  - low_complexity
  - low_disruption
  - medium_severity
  - no_reboot_needed
  - restrict_strategy
  - smartcard_configure_cert_checking

- name: Replace 'none' from cert_policy
  ansible.builtin.replace:
    path: /etc/pam_pkcs11/pam_pkcs11.conf
    regexp: (^\s*cert_policy\s*=\s*)none\s*;(\s*$)
    replace: \g&lt;1&gt;ocsp_on,ca,signature;\g&lt;2&gt;
  when:
  - ("kernel-default" in ansible_facts.packages or "kernel-default-base" in ansible_facts.packages)
  - ansible_architecture != "s390x"
  - '''pam_pkcs11'' in ansible_facts.packages'
  tags:
  - CCE-83293-1
  - DISA-STIG-SLES-15-010470
  - low_complexity
  - low_disruption
  - medium_severity
  - no_reboot_needed
  - restrict_strategy
  - smartcard_configure_cert_checking

- name: Add 'ocsp_on' parameter for cert_policy in /etc/pam_pkcs11/pam_pkcs11.conf
  ansible.builtin.replace:
    path: /etc/pam_pkcs11/pam_pkcs11.conf
    regexp: (^\s*cert_policy\s*=\s*)(?!.*ocsp_on)(.*)
    replace: \g&lt;1&gt;ocsp_on,\g&lt;2&gt;
  when:
  - ("kernel-default" in ansible_facts.packages or "kernel-default-base" in ansible_facts.packages)
  - ansible_architecture != "s390x"
  - '''pam_pkcs11'' in ansible_facts.packages'
  tags:
  - CCE-83293-1
  - DISA-STIG-SLES-15-010470
  - low_complexity
  - low_disruption
  - medium_severity
  - no_reboot_needed
  - restrict_strategy
  - smartcard_configure_cert_checking
</fix>
              <check system="http://oval.mitre.org/XMLSchema/oval-definitions-5">
                <check-content-ref name="oval:ssg-smartcard_configure_cert_checking:def:1" href="ssg-sle15-oval.xml"/>
              </check>
              <check system="http://scap.nist.gov/schema/ocil/2">
                <check-content-ref name="ocil:ssg-smartcard_configure_cert_checking_ocil:questionnaire:1" href="ssg-sle15-ocil.xml"/>
              </check>
            </Rule>
            <Rule id="xccdf_org.ssgproject.content_rule_smartcard_pam_enabled" selected="false" role="full" severity="medium">
              <title xmlns:xhtml="http://www.w3.org/1999/xhtml" xml:lang="en-US">Enable Smart Card Logins in PAM</title>
              <description xmlns:xhtml="http://www.w3.org/1999/xhtml" xml:lang="en-US">This requirement only applies to components where this is specific to the
function of the device or has the concept of an organizational user (e.g.,
VPN, proxy capability). This does not apply to authentication for the
purpose of configuring the device itself (management).


Check that the <html:code xmlns:html="http://www.w3.org/1999/xhtml">pam_pkcs11.so</html:code> option is configured in the
<html:code xmlns:html="http://www.w3.org/1999/xhtml">etc/pam.d/common-auth</html:code> file with the following command:

<html:pre xmlns:html="http://www.w3.org/1999/xhtml"># grep pam_pkcs11.so /etc/pam.d/common-auth

auth sufficient pam_pkcs11.so</html:pre>


For general information about enabling smart card authentication, consult
the documentation at:

<html:ul xmlns:html="http://www.w3.org/1999/xhtml"><html:li><html:b><html:a href="https://www.suse.com/c/configuring-smart-card-authentication-suse-linux-enterprise/">https://www.suse.com/c/configuring-smart-card-authentication-suse-linux-enterprise/</html:a></html:b></html:li></html:ul>
         </description>
              <reference href="https://www.cyber.mil/stigs/downloads/?_dl_facet_stigs=operating-systems%2Cgeneral-purpose-os">SRG-OS-000068-GPOS-00036</reference>
              <reference href="https://www.cyber.mil/stigs/downloads/?_dl_facet_stigs=operating-systems%2Cgeneral-purpose-os">SRG-OS-000105-GPOS-00052</reference>
              <reference href="https://www.cyber.mil/stigs/downloads/?_dl_facet_stigs=operating-systems%2Cgeneral-purpose-os">SRG-OS-000106-GPOS-00053</reference>
              <reference href="https://www.cyber.mil/stigs/downloads/?_dl_facet_stigs=operating-systems%2Cgeneral-purpose-os">SRG-OS-000107-GPOS-00054</reference>
              <reference href="https://www.cyber.mil/stigs/downloads/?_dl_facet_stigs=operating-systems%2Cgeneral-purpose-os">SRG-OS-000108-GPOS-00055</reference>
              <reference href="https://www.cyber.mil/stigs/downloads/?_dl_facet_stigs=operating-systems%2Cgeneral-purpose-os">SRG-OS-000375-GPOS-00160</reference>
              <reference href="https://www.cyber.mil/stigs/downloads/?_dl_facet_stigs=operating-systems%2Cgeneral-purpose-os">SRG-OS-000375-GPOS-00161</reference>
              <reference href="https://www.cyber.mil/stigs/downloads/?_dl_facet_stigs=operating-systems%2Cgeneral-purpose-os">SRG-OS-000375-GPOS-00162</reference>
              <reference href="https://www.cyber.mil/stigs/downloads/?_dl_facet_stigs=operating-systems%2Cunix-linux">SLES-15-020030</reference>
              <reference href="not_publicly_available">SLES-15-600600330</reference>
              <reference href="https://www.cyber.mil/stigs/srg-stig-tools/">SV-234869r1009617_rule</reference>
              <rationale xmlns:xhtml="http://www.w3.org/1999/xhtml" xml:lang="en-US">Smart card login provides two-factor authentication stronger than
that provided by a username and password combination. Smart cards leverage PKI
(public key infrastructure) in order to provide and verify credentials.

Using an authentication device, such as a CAC or token that is separate
from the information system, ensures that even if the information system is
compromised, that compromise will not affect credentials stored on the
authentication device.

Multifactor solutions that require devices separate from information
systems gaining access include, for example, hardware tokens providing
time-based or challenge-response authenticators and smart cards
or similar secure authentication devices issued by an organization or identity provider.</rationale>
              <ident system="https://ncp.nist.gov/cce">CCE-85556-9</ident>
              <fix xmlns:xhtml="http://www.w3.org/1999/xhtml" id="smartcard_pam_enabled" system="urn:xccdf:fix:script:sh"># Remediation is applicable only in certain platforms
if rpm --quiet -q kernel-default || rpm --quiet -q kernel-default-base; then

if [ -e "/etc/pam.d/common-auth" ] ; then
    valueRegex="" defaultValue=""
    # non-empty values need to be preceded by an equals sign
    [ -n "${valueRegex}" ] &amp;&amp; valueRegex="=${valueRegex}"
    # add an equals sign to non-empty values
    [ -n "${defaultValue}" ] &amp;&amp; defaultValue="=${defaultValue}"

    # fix 'type' if it's wrong
    if grep -q -P "^\\s*(?"'!'"auth\\s)[[:alnum:]]+\\s+[[:alnum:]]+\\s+pam_pkcs11.so" &lt; "/etc/pam.d/common-auth" ; then
        sed --follow-symlinks -i -E -e "s/^(\\s*)[[:alnum:]]+(\\s+[[:alnum:]]+\\s+pam_pkcs11.so)/\\1auth\\2/" "/etc/pam.d/common-auth"
    fi

    # fix 'control' if it's wrong
    if grep -q -P "^\\s*auth\\s+(?"'!'"sufficient)[[:alnum:]]+\\s+pam_pkcs11.so" &lt; "/etc/pam.d/common-auth" ; then
        sed --follow-symlinks -i -E -e "s/^(\\s*auth\\s+)[[:alnum:]]+(\\s+pam_pkcs11.so)/\\1sufficient\\2/" "/etc/pam.d/common-auth"
    fi

    # fix the value for 'option' if one exists but does not match 'valueRegex'
    if grep -q -P "^\\s*auth\\s+sufficient\\s+pam_pkcs11.so(\\s.+)?\\s+(?"'!'"${valueRegex}(\\s|\$))" &lt; "/etc/pam.d/common-auth" ; then
        sed --follow-symlinks -i -E -e "s/^(\\s*auth\\s+sufficient\\s+pam_pkcs11.so(\\s.+)?\\s)=[^[:space:]]*/\\1${defaultValue}/" "/etc/pam.d/common-auth"

    # add 'option=default' if option is not set
    elif grep -q -E "^\\s*auth\\s+sufficient\\s+pam_pkcs11.so" &lt; "/etc/pam.d/common-auth" &amp;&amp;
            grep    -E "^\\s*auth\\s+sufficient\\s+pam_pkcs11.so" &lt; "/etc/pam.d/common-auth" | grep -q -E -v "\\s(=|\\s|\$)" ; then

        sed --follow-symlinks -i -E -e "s/^(\\s*auth\\s+sufficient\\s+pam_pkcs11.so[^\\n]*)/\\1 ${defaultValue}/" "/etc/pam.d/common-auth"
    # add a new entry if none exists
    elif ! grep -q -P "^\\s*auth\\s+sufficient\\s+pam_pkcs11.so(\\s.+)?\\s+${valueRegex}(\\s|\$)" &lt; "/etc/pam.d/common-auth" ; then
        echo "auth sufficient pam_pkcs11.so ${defaultValue}" &gt;&gt; "/etc/pam.d/common-auth"
    fi
else
    echo "/etc/pam.d/common-auth doesn't exist" &gt;&amp;2
fi

else
    &gt;&amp;2 echo 'Remediation is not applicable, nothing was done'
fi
</fix>
              <fix xmlns:xhtml="http://www.w3.org/1999/xhtml" id="smartcard_pam_enabled" system="urn:xccdf:fix:script:ansible" complexity="low" disruption="low" strategy="restrict">- name: Gather the package facts
  package_facts:
    manager: auto
  tags:
  - CCE-85556-9
  - DISA-STIG-SLES-15-020030
  - low_complexity
  - low_disruption
  - medium_severity
  - no_reboot_needed
  - restrict_strategy
  - smartcard_pam_enabled

- name: Enable Smart Card Logins in PAM - Gather List of Packages
  ansible.builtin.package_facts:
    manager: auto
  when: ("kernel-default" in ansible_facts.packages or "kernel-default-base" in ansible_facts.packages)
  tags:
  - CCE-85556-9
  - DISA-STIG-SLES-15-020030
  - low_complexity
  - low_disruption
  - medium_severity
  - no_reboot_needed
  - restrict_strategy
  - smartcard_pam_enabled

- name: Enable Smart Card Logins in PAM - Check to See if 'pam_pkcs11' Module Is Configured
    in '/etc/pam.d/common-auth'
  ansible.builtin.shell: grep -E '^\s*auth\s+\S+\s+pam_pkcs11\.so' /etc/pam.d/common-auth
    || true
  register: check_pam_pkcs11_module_result
  changed_when: false
  when:
  - ("kernel-default" in ansible_facts.packages or "kernel-default-base" in ansible_facts.packages)
  - '"pam_pkcs11" in ansible_facts.packages'
  tags:
  - CCE-85556-9
  - DISA-STIG-SLES-15-020030
  - low_complexity
  - low_disruption
  - medium_severity
  - no_reboot_needed
  - restrict_strategy
  - smartcard_pam_enabled

- name: Enable Smart Card Logins in PAM - Configure 'pam_pkcs11' Module in '/etc/pam.d/common-auth'
  ansible.builtin.lineinfile:
    path: /etc/pam.d/common-auth
    line: auth sufficient pam_pkcs11.so
    insertafter: ^\s*#
    state: present
  when:
  - ("kernel-default" in ansible_facts.packages or "kernel-default-base" in ansible_facts.packages)
  - '"pam_pkcs11" in ansible_facts.packages'
  - '"pam_pkcs11.so" not in check_pam_pkcs11_module_result.stdout'
  tags:
  - CCE-85556-9
  - DISA-STIG-SLES-15-020030
  - low_complexity
  - low_disruption
  - medium_severity
  - no_reboot_needed
  - restrict_strategy
  - smartcard_pam_enabled

- name: Enable Smart Card Logins in PAM - Ensure 'pam_pkcs11' Module Has sufficient
    Control Flag
  ansible.builtin.lineinfile:
    path: /etc/pam.d/common-auth
    regexp: ^(\s*auth\s+)\S+(\s+pam_pkcs11\.so.*)
    line: \g&lt;1&gt;sufficient\g&lt;2&gt;
    backrefs: true
  when:
  - ("kernel-default" in ansible_facts.packages or "kernel-default-base" in ansible_facts.packages)
  - '"pam_pkcs11" in ansible_facts.packages'
  tags:
  - CCE-85556-9
  - DISA-STIG-SLES-15-020030
  - low_complexity
  - low_disruption
  - medium_severity
  - no_reboot_needed
  - restrict_strategy
  - smartcard_pam_enabled
</fix>
              <check system="http://oval.mitre.org/XMLSchema/oval-definitions-5">
                <check-content-ref name="oval:ssg-smartcard_pam_enabled:def:1" href="ssg-sle15-oval.xml"/>
              </check>
              <check system="http://scap.nist.gov/schema/ocil/2">
                <check-content-ref name="ocil:ssg-smartcard_pam_enabled_ocil:questionnaire:1" href="ssg-sle15-ocil.xml"/>
              </check>
            </Rule>
          </Group>
        </Group>
      </Group>
      <Group id="xccdf_org.ssgproject.content_group_accounts-restrictions">
        <title xmlns:xhtml="http://www.w3.org/1999/xhtml" xml:lang="en-US">Protect Accounts by Restricting Password-Based Login</title>
        <description xmlns:xhtml="http://www.w3.org/1999/xhtml" xml:lang="en-US">Conventionally, Unix shell accounts are accessed by
providing a username and password to a login program, which tests
these values for correctness using the <html:code xmlns:html="http://www.w3.org/1999/xhtml">/etc/passwd</html:code> and
<html:code xmlns:html="http://www.w3.org/1999/xhtml">/etc/shadow</html:code> files. Password-based login is vulnerable to
guessing of weak passwords, and to sniffing and man-in-the-middle
attacks against passwords entered over a network or at an insecure
console. Therefore, mechanisms for accessing accounts by entering
usernames and passwords should be restricted to those which are
operationally necessary.</description>
        <Value id="xccdf_org.ssgproject.content_value_var_accounts_authorized_local_users_regex" operator="pattern match" type="string" interactive="true">
          <title xmlns:xhtml="http://www.w3.org/1999/xhtml" xml:lang="en-US">Accounts Authorized Local Users on the Operating System</title>
          <description xmlns:xhtml="http://www.w3.org/1999/xhtml" xml:lang="en-US">List the user accounts that are authorized locally on the operating system. This list
includes both users required by the operating system and by the installed applications.
Depending on the Operating System distribution, version, software groups and applications,
the user list is different and can be customized with scap-workbench.
OVAL regular expression is used for the user list.
The list starts with '^' and ends with '$' so that it matches exactly the
username, not any string that includes the username. Users are separated with '|'.
For example, three users: bin, oracle and sapadm are allowed, then the list is
<html:code xmlns:html="http://www.w3.org/1999/xhtml">^(bin|oracle|sapadm)$</html:code>. The user <html:code xmlns:html="http://www.w3.org/1999/xhtml">root</html:code> is the only user that is hard coded
in OVAL that is always allowed on the operating system.</description>
          <value selector="ol7">^(abrt|adm|avahi|bin|chrony|clevis|cockpit-ws|cockpit-wsinstance|colord|daemon|dbus|dnsmasq|flatpak|ftp|games|gdm|geoclue|gluster|gnome-initial-setup|halt|libstoragemgmt|lp|mail|nfsnobody|nobody|ntp|operator|oprofile|oracle|pcp|pegasus|pipewire|polkitd|postfix|pulse|qemu|radvd|rngd|root|rpc|rpcuser|rtkit|saned|saslauth|setroubleshoot|shutdown|sshd|sssd|sync|systemd-bus-proxy|systemd-coredump|systemd-network|systemd-resolve|tcpdump|tss|unbound|usbmuxd$|uuidd)$</value>
          <value selector="ol8">^(abrt|adm|avahi|bin|chrony|clevis|cockpit-ws|cockpit-wsinstance|colord|daemon|dbus|dnsmasq|flatpak|ftp|games|gdm|geoclue|gluster|gnome-initial-setup|halt|libstoragemgmt|lp|mail|nfsnobody|nobody|ntp|operator|oprofile|oracle|pcp|pegasus|pipewire|polkitd|postfix|pulse|qemu|radvd|rngd|root|rpc|rpcuser|rtkit|saned|saslauth|setroubleshoot|shutdown|sshd|sssd|sync|systemd-bus-proxy|systemd-coredump|systemd-network|systemd-resolve|tcpdump|tss|unbound|usbmuxd$|uuidd)$</value>
          <value selector="ol9">^(abrt|adm|avahi|bin|chrony|clevis|cockpit-ws|cockpit-wsinstance|colord|daemon|dbus|dnsmasq|fapolicyd|flatpak|ftp|games|gdm|geoclue|gluster|gnome-initial-setup|halt|libstoragemgmt|lp|mail|nfsnobody|nobody|ntp|operator|oprofile|oracle|pcp|pegasus|pipewire|polkitd|postfix|pulse|qemu|radvd|rngd|root|rpc|rpcuser|rtkit|saned|saslauth|setroubleshoot|shutdown|sshd|sssd|sync|systemd-bus-proxy|systemd-coredump|systemd-network|systemd-oom|systemd-resolve|tcpdump|tss|unbound|usbmuxd$|uuidd)$</value>
          <value selector="ol7forsap">^(root|bin|daemon|adm|lp|sync|shutdown|halt|mail|operator|games|ftp|nobody|pegasus|systemd-bus-proxy|systemd-network|dbus|polkitd|abrt|unbound|tss|libstoragemgmt|rpc|colord|usbmuxd$|pcp|saslauth|geoclue|setroubleshoot|rtkit|chrony|qemu|radvd|rpcuser|nfsnobody|pulse|gdm|gnome-initial-setup|postfix|avahi|ntp|sshd|tcpdump|oprofile|uuidd)$</value>
          <value selector="rhel8">^(root|bin|daemon|adm|lp|sync|shutdown|halt|mail|operator|games|ftp|nobody|pegasus|systemd-bus-proxy|systemd-network|dbus|polkitd|abrt|unbound|tss|libstoragemgmt|rpc|colord|usbmuxd$|pcp|saslauth|geoclue|setroubleshoot|rtkit|chrony|qemu|radvd|rpcuser|nfsnobody|pulse|gdm|gnome-initial-setup|postfix|avahi|ntp|sshd|tcpdump|oprofile|uuidd|systemd-resolve|systemd-coredump|sssd|rngd)$</value>
          <value selector="rhel9">^(root|bin|daemon|adm|lp|sync|shutdown|halt|mail|operator|games|ftp|nobody|tss|systemd-coredump|dbus|polkitd|avahi|colord|rtkit|pipewire|clevis|sssd|geoclue|flatpak|setroubleshoot|libstoragemgmt|systemd-oom|gdm|cockpit-ws|cockpit-wsinstance|gnome-initial-setup|sshd|chrony|dnsmasq|tcpdump|admin)$</value>
          <value selector="sle12">^(root|bin|daemon|adm|lp|sync|shutdown|halt|mail|operator|games|ftp|nobody|pegasus|systemd-bus-proxy|systemd-network|dbus|polkitd|abrt|unbound|tss|libstoragemgmt|rpc|colord|usbmuxd$|pcp|saslauth|geoclue|setroubleshoot|rtkit|chrony|qemu|radvd|rpcuser|nfsnobody|pulse|gdm|gnome-initial-setup|postfix|avahi|ntp|sshd|tcpdump|oprofile|uuidd|systemd-resolve|systemd-coredump|sssd|rngd|man|systemd-timesync|scard|hacluster|statd|at|dockremap|vnc)$</value>
          <value selector="sle15">^(root|bin|daemon|adm|lp|sync|shutdown|halt|mail|operator|games|ftp|nobody|pegasus|systemd-bus-proxy|systemd-network|dbus|polkitd|abrt|unbound|tss|libstoragemgmt|rpc|colord|usbmuxd$|pcp|saslauth|geoclue|setroubleshoot|rtkit|chrony|qemu|radvd|rpcuser|nfsnobody|pulse|gdm|gnome-initial-setup|postfix|avahi|ntp|sshd|tcpdump|oprofile|uuidd|systemd-resolve|systemd-coredump|sssd|rngd|man|systemd-timesync|scard|hacluster|statd|at|dockremap|vnc|messagebus|nscd|flatpak|srvGeoClue|tftp|wsdd|dnsmasq|usbmux|brltty)$</value>
          <value selector="slmicro5">^(root|bin|daemon|adm|lp|sync|shutdown|halt|mail|operator|games|ftp|nobody|pegasus|systemd-bus-proxy|systemd-network|dbus|polkitd|abrt|unbound|tss|libstoragemgmt|rpc|colord|usbmuxd$|pcp|saslauth|geoclue|setroubleshoot|rtkit|chrony|qemu|radvd|rpcuser|nfsnobody|pulse|gdm|gnome-initial-setup|postfix|avahi|ntp|sshd|tcpdump|oprofile|uuidd|systemd-resolve|systemd-coredump|sssd|rngd|man|systemd-timesync|scard|hacluster|statd|at|dockremap|vnc|messagebus|nscd|flatpak|srvGeoClue|tftp|wsdd|dnsmasq|usbmux|brltty|salt|cockpit-ws|cockpit-wsinstance)$</value>
          <value selector="slmicro6">^(root|bin|daemon|adm|lp|sync|shutdown|halt|mail|operator|games|ftp|nobody|pegasus|systemd-bus-proxy|systemd-network|dbus|polkitd|abrt|unbound|tss|libstoragemgmt|rpc|colord|usbmuxd$|pcp|saslauth|geoclue|setroubleshoot|rtkit|chrony|qemu|radvd|rpcuser|nfsnobody|pulse|gdm|gnome-initial-setup|postfix|avahi|ntp|sshd|tcpdump|oprofile|uuidd|systemd-resolve|systemd-coredump|sssd|rngd|man|systemd-timesync|scard|hacluster|statd|at|dockremap|vnc|messagebus|nscd|flatpak|srvGeoClue|tftp|wsdd|dnsmasq|usbmux|brltty|salt|cockpit-ws|cockpit-wsinstance)$</value>
          <value>^(root|bin|daemon|adm|lp|sync|shutdown|halt|mail|operator|games|ftp|nobody|tss|systemd-coredump|dbus|polkitd|avahi|colord|rtkit|pipewire|clevis|sssd|geoclue|flatpak|setroubleshoot|libstoragemgmt|systemd-oom|gdm|cockpit-ws|cockpit-wsinstance|gnome-initial-setup|sshd|chrony|dnsmasq|tcpdump|admin)$</value>
        </Value>
        <Rule id="xccdf_org.ssgproject.content_rule_account_unique_id" selected="false" role="full" severity="medium">
          <title xmlns:xhtml="http://www.w3.org/1999/xhtml" xml:lang="en-US">Ensure All Accounts on the System Have Unique User IDs</title>
          <description xmlns:xhtml="http://www.w3.org/1999/xhtml" xml:lang="en-US">Change user IDs (UIDs), or delete accounts, so each has a unique name.</description>
          <warning xmlns:xhtml="http://www.w3.org/1999/xhtml" xml:lang="en-US" category="general">Automatic remediation of this control is not available due to unique requirements of each
system.</warning>
          <reference href="https://www.pcisecuritystandards.org/documents/PCI_DSS_v3-2-1.pdf">Req-8.1.1</reference>
          <reference href="https://www.cyber.mil/stigs/downloads/?_dl_facet_stigs=operating-systems%2Cgeneral-purpose-os">SRG-OS-000104-GPOS-00051</reference>
          <reference href="https://www.cyber.mil/stigs/downloads/?_dl_facet_stigs=operating-systems%2Cgeneral-purpose-os">SRG-OS-000121-GPOS-00062</reference>
          <reference href="https://www.cyber.mil/stigs/downloads/?_dl_facet_stigs=operating-systems%2Cunix-linux">SLES-15-010230</reference>
          <reference href="https://www.cisecurity.org/benchmark/suse_linux/">6.2.14</reference>
          <reference href="not_publicly_available">SLES-15-900300060</reference>
          <reference href="https://docs-prv.pcisecuritystandards.org/PCI%20DSS/Standard/PCI-DSS-v4_0.pdf">8.2.1</reference>
          <reference href="https://docs-prv.pcisecuritystandards.org/PCI%20DSS/Standard/PCI-DSS-v4_0.pdf">8.2</reference>
          <reference href="https://www.cyber.mil/stigs/srg-stig-tools/">SV-234822r958482_rule</reference>
          <rationale xmlns:xhtml="http://www.w3.org/1999/xhtml" xml:lang="en-US">To assure accountability and prevent unauthenticated access, interactive users must be identified and authenticated to prevent potential misuse and compromise of the system.</rationale>
          <platform idref="#system_with_kernel"/>
          <ident system="https://ncp.nist.gov/cce">CCE-83277-4</ident>
          <check system="http://oval.mitre.org/XMLSchema/oval-definitions-5">
            <check-content-ref name="oval:ssg-account_unique_id:def:1" href="ssg-sle15-oval.xml"/>
          </check>
          <check system="http://scap.nist.gov/schema/ocil/2">
            <check-content-ref name="ocil:ssg-account_unique_id_ocil:questionnaire:1" href="ssg-sle15-ocil.xml"/>
          </check>
        </Rule>
        <Rule id="xccdf_org.ssgproject.content_rule_accounts_authorized_local_users" selected="false" role="full" severity="medium">
          <title xmlns:xhtml="http://www.w3.org/1999/xhtml" xml:lang="en-US">Only Authorized Local User Accounts Exist on Operating System</title>
          <description xmlns:xhtml="http://www.w3.org/1999/xhtml" xml:lang="en-US">Enterprise Application tends to use the server or virtual machine exclusively.
Besides the default operating system user, there should be only authorized local
users required by the installed software groups and applications that exist on
the operating system. The authorized user list can be customized in the refine
value variable <html:code xmlns:html="http://www.w3.org/1999/xhtml">var_accounts_authorized_local_users_regex</html:code>.
OVAL regular expression is used for the user list.
Configure the system so all accounts on the system are assigned to an active system,
application, or user account. Remove accounts that do not support approved system
activities or that allow for a normal user to perform administrative-level actions.
To remove unauthorized system accounts, use the following command:
<html:pre xmlns:html="http://www.w3.org/1999/xhtml">$ sudo userdel <html:i>unauthorized_user</html:i>
        </html:pre>
       </description>
          <reference href="https://www.cyber.mil/stigs/downloads/?_dl_facet_stigs=operating-systems%2Cgeneral-purpose-os">SRG-OS-000480-GPOS-00227</reference>
          <reference href="https://www.cyber.mil/stigs/downloads/?_dl_facet_stigs=operating-systems%2Cunix-linux">SLES-15-020090</reference>
          <reference href="not_publicly_available">SLES-15-600600215</reference>
          <reference href="https://www.cyber.mil/stigs/srg-stig-tools/">SV-234874r991589_rule</reference>
          <rationale xmlns:xhtml="http://www.w3.org/1999/xhtml" xml:lang="en-US">Accounts providing no operational purpose provide additional opportunities for
system compromise. Unnecessary accounts include user accounts for individuals not
requiring access to the system and application accounts for applications not installed
on the system.</rationale>
          <platform idref="#system_with_kernel"/>
          <ident system="https://ncp.nist.gov/cce">CCE-85561-9</ident>
          <fix xmlns:xhtml="http://www.w3.org/1999/xhtml" id="accounts_authorized_local_users" system="urn:xccdf:fix:script:sh"># Remediation is applicable only in certain platforms
if rpm --quiet -q kernel-default || rpm --quiet -q kernel-default-base; then

var_accounts_authorized_local_users_regex='<xccdf-1.2:sub xmlns:xccdf-1.2="http://checklists.nist.gov/xccdf/1.2" idref="xccdf_org.ssgproject.content_value_var_accounts_authorized_local_users_regex" use="legacy"/>'


# never delete the root user
default_os_user="root"

# delete users that is in /etc/passwd but neither in default_os_user
# nor in var_accounts_authorized_local_users_regex
for username in $( sed 's/:.*//' /etc/passwd ) ; do
	if [[ ! "$username" =~ ($default_os_user|$var_accounts_authorized_local_users_regex) ]];
        then
		userdel $username ;
	fi
done

else
    &gt;&amp;2 echo 'Remediation is not applicable, nothing was done'
fi
</fix>
          <fix xmlns:xhtml="http://www.w3.org/1999/xhtml" id="accounts_authorized_local_users" system="urn:xccdf:fix:script:ansible" complexity="low" disruption="low" strategy="restrict">- name: Gather the package facts
  package_facts:
    manager: auto
  tags:
  - CCE-85561-9
  - DISA-STIG-SLES-15-020090
  - accounts_authorized_local_users
  - low_complexity
  - low_disruption
  - medium_severity
  - no_reboot_needed
  - restrict_strategy
- name: XCCDF Value var_accounts_authorized_local_users_regex # promote to variable
  set_fact:
    var_accounts_authorized_local_users_regex: !!str <xccdf-1.2:sub xmlns:xccdf-1.2="http://checklists.nist.gov/xccdf/1.2" idref="xccdf_org.ssgproject.content_value_var_accounts_authorized_local_users_regex" use="legacy"/>
  tags:
    - always

- name: Read /etc/passwd
  ansible.builtin.getent:
    database: passwd
  when: ("kernel-default" in ansible_facts.packages or "kernel-default-base" in ansible_facts.packages)
  tags:
  - CCE-85561-9
  - DISA-STIG-SLES-15-020090
  - accounts_authorized_local_users
  - low_complexity
  - low_disruption
  - medium_severity
  - no_reboot_needed
  - restrict_strategy

- name: Remove unauthorized accounts
  ansible.builtin.user:
    name: '{{ item.key }}'
    force: true
    state: absent
  when:
  - ("kernel-default" in ansible_facts.packages or "kernel-default-base" in ansible_facts.packages)
  - item.key is not regex(var_accounts_authorized_local_users_regex)
  with_dict: '{{ getent_passwd }}'
  tags:
  - CCE-85561-9
  - DISA-STIG-SLES-15-020090
  - accounts_authorized_local_users
  - low_complexity
  - low_disruption
  - medium_severity
  - no_reboot_needed
  - restrict_strategy
</fix>
          <check system="http://oval.mitre.org/XMLSchema/oval-definitions-5">
            <check-export export-name="oval:ssg-var_accounts_authorized_local_users_regex:var:1" value-id="xccdf_org.ssgproject.content_value_var_accounts_authorized_local_users_regex"/>
            <check-content-ref name="oval:ssg-accounts_authorized_local_users:def:1" href="ssg-sle15-oval.xml"/>
          </check>
          <check system="http://scap.nist.gov/schema/ocil/2">
            <check-content-ref name="ocil:ssg-accounts_authorized_local_users_ocil:questionnaire:1" href="ssg-sle15-ocil.xml"/>
          </check>
        </Rule>
        <Rule id="xccdf_org.ssgproject.content_rule_group_unique_id" selected="false" role="full" severity="medium">
          <title xmlns:xhtml="http://www.w3.org/1999/xhtml" xml:lang="en-US">Ensure All Groups on the System Have Unique Group ID</title>
          <description xmlns:xhtml="http://www.w3.org/1999/xhtml" xml:lang="en-US">Change the group name or delete groups, so each has a unique id.</description>
          <warning xmlns:xhtml="http://www.w3.org/1999/xhtml" xml:lang="en-US" category="general">Automatic remediation of this control is not available due to the unique requirements of each system.</warning>
          <reference href="https://www.cyber.mil/stigs/downloads/?_dl_facet_stigs=operating-systems%2Cgeneral-purpose-os">SRG-OS-000104-GPOS-00051</reference>
          <reference href="https://www.cisecurity.org/benchmark/suse_linux/">6.2.15</reference>
          <reference href="not_publicly_available">SLES-15-900300075</reference>
          <reference href="https://docs-prv.pcisecuritystandards.org/PCI%20DSS/Standard/PCI-DSS-v4_0.pdf">8.2.1</reference>
          <reference href="https://docs-prv.pcisecuritystandards.org/PCI%20DSS/Standard/PCI-DSS-v4_0.pdf">8.2</reference>
          <rationale xmlns:xhtml="http://www.w3.org/1999/xhtml" xml:lang="en-US">To assure accountability and prevent unauthenticated access, groups must be identified uniquely to prevent potential misuse and compromise of the system.</rationale>
          <platform idref="#system_with_kernel"/>
          <ident system="https://ncp.nist.gov/cce">CCE-91339-2</ident>
          <check system="http://oval.mitre.org/XMLSchema/oval-definitions-5">
            <check-content-ref name="oval:ssg-group_unique_id:def:1" href="ssg-sle15-oval.xml"/>
          </check>
          <check system="http://scap.nist.gov/schema/ocil/2">
            <check-content-ref name="ocil:ssg-group_unique_id_ocil:questionnaire:1" href="ssg-sle15-ocil.xml"/>
          </check>
        </Rule>
        <Rule id="xccdf_org.ssgproject.content_rule_group_unique_name" selected="false" role="full" severity="medium">
          <title xmlns:xhtml="http://www.w3.org/1999/xhtml" xml:lang="en-US">Ensure All Groups on the System Have Unique Group Names</title>
          <description xmlns:xhtml="http://www.w3.org/1999/xhtml" xml:lang="en-US">Change the group name or delete groups, so each has a unique name.</description>
          <warning xmlns:xhtml="http://www.w3.org/1999/xhtml" xml:lang="en-US" category="general">Automatic remediation of this control is not available due to the unique requirements of each system.</warning>
          <reference href="https://www.cisecurity.org/benchmark/suse_linux/">6.2.17</reference>
          <reference href="not_publicly_available">SLES-15-900300105</reference>
          <reference href="https://docs-prv.pcisecuritystandards.org/PCI%20DSS/Standard/PCI-DSS-v4_0.pdf">8.2.1</reference>
          <reference href="https://docs-prv.pcisecuritystandards.org/PCI%20DSS/Standard/PCI-DSS-v4_0.pdf">8.2</reference>
          <rationale xmlns:xhtml="http://www.w3.org/1999/xhtml" xml:lang="en-US">To assure accountability and prevent unauthenticated access, groups must be identified uniquely to prevent potential misuse and compromise of the system.</rationale>
          <platform idref="#system_with_kernel"/>
          <ident system="https://ncp.nist.gov/cce">CCE-91340-0</ident>
          <check system="http://oval.mitre.org/XMLSchema/oval-definitions-5">
            <check-content-ref name="oval:ssg-group_unique_name:def:1" href="ssg-sle15-oval.xml"/>
          </check>
          <check system="http://scap.nist.gov/schema/ocil/2">
            <check-content-ref name="ocil:ssg-group_unique_name_ocil:questionnaire:1" href="ssg-sle15-ocil.xml"/>
          </check>
        </Rule>
        <Rule id="xccdf_org.ssgproject.content_rule_no_nologin_in_shells" selected="false" role="full" severity="medium">
          <title xmlns:xhtml="http://www.w3.org/1999/xhtml" xml:lang="en-US">Ensure nologin Shell is Not Listed in /etc/shells</title>
          <description xmlns:xhtml="http://www.w3.org/1999/xhtml" xml:lang="en-US">The <html:code xmlns:html="http://www.w3.org/1999/xhtml">/sbin/nologin</html:code> shell is used to restrict accounts from having login access
and should not be listed as a valid login shell in <html:code xmlns:html="http://www.w3.org/1999/xhtml">/etc/shells</html:code>.
To verify that nologin is not listed in /etc/shells, run:
<html:pre xmlns:html="http://www.w3.org/1999/xhtml">$ grep nologin /etc/shells</html:pre>
The command should return no output.</description>
          <reference href="not_publicly_available">SLES-15-600600225</reference>
          <rationale xmlns:xhtml="http://www.w3.org/1999/xhtml" xml:lang="en-US">The <html:code xmlns:html="http://www.w3.org/1999/xhtml">/etc/shells</html:code> is consulted by various programs to evaluate
whether the user is somehow restricted. For example, the chsh utility will
consult the file to determine if the user is allowed to change their shell. </rationale>
          <ident system="https://ncp.nist.gov/cce">CCE-92592-5</ident>
          <fix xmlns:xhtml="http://www.w3.org/1999/xhtml" id="no_nologin_in_shells" system="urn:xccdf:fix:script:sh" complexity="low" disruption="low" strategy="configure">
if grep -q -E "^[^#]*/nologin\b.*$" /etc/shells; then
  sed -i --follow-symlinks 's/^[^#]*\/nologin\b.*$/#&amp;/g' /etc/shells
fi
</fix>
          <check system="http://oval.mitre.org/XMLSchema/oval-definitions-5">
            <check-content-ref name="oval:ssg-no_nologin_in_shells:def:1" href="ssg-sle15-oval.xml"/>
          </check>
          <check system="http://scap.nist.gov/schema/ocil/2">
            <check-content-ref name="ocil:ssg-no_nologin_in_shells_ocil:questionnaire:1" href="ssg-sle15-ocil.xml"/>
          </check>
        </Rule>
        <Group id="xccdf_org.ssgproject.content_group_account_expiration">
          <title xmlns:xhtml="http://www.w3.org/1999/xhtml" xml:lang="en-US">Set Account Expiration Parameters</title>
          <description xmlns:xhtml="http://www.w3.org/1999/xhtml" xml:lang="en-US">Accounts can be configured to be automatically disabled
after a certain time period,
meaning that they will require administrator interaction to become usable again.
Expiration of accounts after inactivity can be set for all accounts by default
and also on a per-account basis, such as for accounts that are known to be temporary.
To configure automatic expiration of an account following
the expiration of its password (that is, after the password has expired and not been changed),
run the following command, substituting <html:code xmlns:html="http://www.w3.org/1999/xhtml"><html:i>NUM_DAYS</html:i></html:code> and <html:code xmlns:html="http://www.w3.org/1999/xhtml"><html:i>USER</html:i></html:code> appropriately:
<html:pre xmlns:html="http://www.w3.org/1999/xhtml">$ sudo chage -I <html:i>NUM_DAYS USER</html:i>
        </html:pre>
Accounts, such as temporary accounts, can also be configured to expire on an explicitly-set date with the
<html:code xmlns:html="http://www.w3.org/1999/xhtml">-E</html:code> option.
The file <html:code xmlns:html="http://www.w3.org/1999/xhtml">/etc/default/useradd</html:code> controls
default settings for all newly-created accounts created with the system's
normal command line utilities.</description>
          <warning xmlns:xhtml="http://www.w3.org/1999/xhtml" xml:lang="en-US" category="general">This will only apply to newly created accounts</warning>
          <platform idref="#system_with_kernel"/>
          <Value id="xccdf_org.ssgproject.content_value_var_account_disable_post_pw_expiration" type="number">
            <title xmlns:xhtml="http://www.w3.org/1999/xhtml" xml:lang="en-US">number of days after a password expires until the account is permanently disabled</title>
            <description xmlns:xhtml="http://www.w3.org/1999/xhtml" xml:lang="en-US">The number of days to wait after a password expires, until the account will be permanently disabled.</description>
            <value selector="0">0</value>
            <value selector="180">180</value>
            <value selector="30">30</value>
            <value selector="35">35</value>
            <value selector="40">40</value>
            <value selector="45">45</value>
            <value selector="60">60</value>
            <value selector="90">90</value>
            <value>35</value>
          </Value>
          <Rule id="xccdf_org.ssgproject.content_rule_account_disable_post_pw_expiration" selected="false" role="full" severity="medium">
            <title xmlns:xhtml="http://www.w3.org/1999/xhtml" xml:lang="en-US">Set Account Expiration Following Inactivity</title>
            <description xmlns:xhtml="http://www.w3.org/1999/xhtml" xml:lang="en-US">To specify the number of days after a password expires (which
signifies inactivity) until an account is permanently disabled, add or correct
the following line in <html:code xmlns:html="http://www.w3.org/1999/xhtml">/etc/default/useradd</html:code>:
<html:pre xmlns:html="http://www.w3.org/1999/xhtml" xmlns:xccdf-1.2="http://checklists.nist.gov/xccdf/1.2">INACTIVE=<html:i><xccdf-1.2:sub idref="xccdf_org.ssgproject.content_value_var_account_disable_post_pw_expiration" use="legacy"/></html:i>
         </html:pre>
If a password is currently on the verge of expiration, then
<html:code xmlns:html="http://www.w3.org/1999/xhtml" xmlns:xccdf-1.2="http://checklists.nist.gov/xccdf/1.2"><xccdf-1.2:sub idref="xccdf_org.ssgproject.content_value_var_account_disable_post_pw_expiration" use="legacy"/></html:code>
day(s) remain(s) until the account is automatically
disabled. However, if the password will not expire for another 60 days, then 60
days plus <html:code xmlns:html="http://www.w3.org/1999/xhtml" xmlns:xccdf-1.2="http://checklists.nist.gov/xccdf/1.2"><xccdf-1.2:sub idref="xccdf_org.ssgproject.content_value_var_account_disable_post_pw_expiration" use="legacy"/></html:code> day(s) could
elapse until the account would be automatically disabled. See the
<html:code xmlns:html="http://www.w3.org/1999/xhtml">useradd</html:code> man page for more information.</description>
            <reference href="https://www.cisecurity.org/controls/">1</reference>
            <reference href="https://www.cisecurity.org/controls/">12</reference>
            <reference href="https://www.cisecurity.org/controls/">13</reference>
            <reference href="https://www.cisecurity.org/controls/">14</reference>
            <reference href="https://www.cisecurity.org/controls/">15</reference>
            <reference href="https://www.cisecurity.org/controls/">16</reference>
            <reference href="https://www.cisecurity.org/controls/">18</reference>
            <reference href="https://www.cisecurity.org/controls/">3</reference>
            <reference href="https://www.cisecurity.org/controls/">5</reference>
            <reference href="https://www.cisecurity.org/controls/">7</reference>
            <reference href="https://www.cisecurity.org/controls/">8</reference>
            <reference href="https://www.fbi.gov/file-repository/cjis-security-policy-v5_5_20160601-2-1.pdf">5.6.2.1.1</reference>
            <reference href="https://www.isaca.org/resources/cobit">DSS01.03</reference>
            <reference href="https://www.isaca.org/resources/cobit">DSS03.05</reference>
            <reference href="https://www.isaca.org/resources/cobit">DSS05.04</reference>
            <reference href="https://www.isaca.org/resources/cobit">DSS05.05</reference>
            <reference href="https://www.isaca.org/resources/cobit">DSS05.07</reference>
            <reference href="https://www.isaca.org/resources/cobit">DSS05.10</reference>
            <reference href="https://www.isaca.org/resources/cobit">DSS06.03</reference>
            <reference href="https://www.isaca.org/resources/cobit">DSS06.10</reference>
            <reference href="http://nvlpubs.nist.gov/nistpubs/SpecialPublications/NIST.SP.800-171.pdf">3.5.6</reference>
            <reference href="https://www.isa.org/products/isa-62443-2-1-2009-security-for-industrial-automat">4.3.3.2.2</reference>
            <reference href="https://www.isa.org/products/isa-62443-2-1-2009-security-for-industrial-automat">4.3.3.5.1</reference>
            <reference href="https://www.isa.org/products/isa-62443-2-1-2009-security-for-industrial-automat">4.3.3.5.2</reference>
            <reference href="https://www.isa.org/products/isa-62443-2-1-2009-security-for-industrial-automat">4.3.3.6.1</reference>
            <reference href="https://www.isa.org/products/isa-62443-2-1-2009-security-for-industrial-automat">4.3.3.6.2</reference>
            <reference href="https://www.isa.org/products/isa-62443-2-1-2009-security-for-industrial-automat">4.3.3.6.3</reference>
            <reference href="https://www.isa.org/products/isa-62443-2-1-2009-security-for-industrial-automat">4.3.3.6.4</reference>
            <reference href="https://www.isa.org/products/isa-62443-2-1-2009-security-for-industrial-automat">4.3.3.6.5</reference>
            <reference href="https://www.isa.org/products/isa-62443-2-1-2009-security-for-industrial-automat">4.3.3.6.6</reference>
            <reference href="https://www.isa.org/products/isa-62443-2-1-2009-security-for-industrial-automat">4.3.3.6.7</reference>
            <reference href="https://www.isa.org/products/isa-62443-2-1-2009-security-for-industrial-automat">4.3.3.6.8</reference>
            <reference href="https://www.isa.org/products/isa-62443-2-1-2009-security-for-industrial-automat">4.3.3.6.9</reference>
            <reference href="https://www.isa.org/products/isa-62443-2-1-2009-security-for-industrial-automat">4.3.3.7.2</reference>
            <reference href="https://www.isa.org/products/isa-62443-2-1-2009-security-for-industrial-automat">4.3.3.7.3</reference>
            <reference href="https://www.isa.org/products/isa-62443-2-1-2009-security-for-industrial-automat">4.3.3.7.4</reference>
            <reference href="https://www.isa.org/products/ansi-isa-62443-3-3-99-03-03-2013-security-for-indu">SR 1.1</reference>
            <reference href="https://www.isa.org/products/ansi-isa-62443-3-3-99-03-03-2013-security-for-indu">SR 1.10</reference>
            <reference href="https://www.isa.org/products/ansi-isa-62443-3-3-99-03-03-2013-security-for-indu">SR 1.2</reference>
            <reference href="https://www.isa.org/products/ansi-isa-62443-3-3-99-03-03-2013-security-for-indu">SR 1.3</reference>
            <reference href="https://www.isa.org/products/ansi-isa-62443-3-3-99-03-03-2013-security-for-indu">SR 1.4</reference>
            <reference href="https://www.isa.org/products/ansi-isa-62443-3-3-99-03-03-2013-security-for-indu">SR 1.5</reference>
            <reference href="https://www.isa.org/products/ansi-isa-62443-3-3-99-03-03-2013-security-for-indu">SR 1.7</reference>
            <reference href="https://www.isa.org/products/ansi-isa-62443-3-3-99-03-03-2013-security-for-indu">SR 1.8</reference>
            <reference href="https://www.isa.org/products/ansi-isa-62443-3-3-99-03-03-2013-security-for-indu">SR 1.9</reference>
            <reference href="https://www.isa.org/products/ansi-isa-62443-3-3-99-03-03-2013-security-for-indu">SR 2.1</reference>
            <reference href="https://www.isa.org/products/ansi-isa-62443-3-3-99-03-03-2013-security-for-indu">SR 6.2</reference>
            <reference href="https://www.iso.org/contents/data/standard/05/45/54534.html">A.12.4.1</reference>
            <reference href="https://www.iso.org/contents/data/standard/05/45/54534.html">A.12.4.3</reference>
            <reference href="https://www.iso.org/contents/data/standard/05/45/54534.html">A.18.1.4</reference>
            <reference href="https://www.iso.org/contents/data/standard/05/45/54534.html">A.6.1.2</reference>
            <reference href="https://www.iso.org/contents/data/standard/05/45/54534.html">A.7.1.1</reference>
            <reference href="https://www.iso.org/contents/data/standard/05/45/54534.html">A.9.1.2</reference>
            <reference href="https://www.iso.org/contents/data/standard/05/45/54534.html">A.9.2.1</reference>
            <reference href="https://www.iso.org/contents/data/standard/05/45/54534.html">A.9.2.2</reference>
            <reference href="https://www.iso.org/contents/data/standard/05/45/54534.html">A.9.2.3</reference>
            <reference href="https://www.iso.org/contents/data/standard/05/45/54534.html">A.9.2.4</reference>
            <reference href="https://www.iso.org/contents/data/standard/05/45/54534.html">A.9.2.6</reference>
            <reference href="https://www.iso.org/contents/data/standard/05/45/54534.html">A.9.3.1</reference>
            <reference href="https://www.iso.org/contents/data/standard/05/45/54534.html">A.9.4.1</reference>
            <reference href="https://www.iso.org/contents/data/standard/05/45/54534.html">A.9.4.2</reference>
            <reference href="https://www.iso.org/contents/data/standard/05/45/54534.html">A.9.4.3</reference>
            <reference href="https://www.iso.org/contents/data/standard/05/45/54534.html">A.9.4.4</reference>
            <reference href="https://www.iso.org/contents/data/standard/05/45/54534.html">A.9.4.5</reference>
            <reference href="https://www.nerc.com/standards/reliability-standards/cip">CIP-004-6 R2.2.2</reference>
            <reference href="https://www.nerc.com/standards/reliability-standards/cip">CIP-004-6 R2.2.3</reference>
            <reference href="https://www.nerc.com/standards/reliability-standards/cip">CIP-007-3 R.1.3</reference>
            <reference href="https://www.nerc.com/standards/reliability-standards/cip">CIP-007-3 R5</reference>
            <reference href="https://www.nerc.com/standards/reliability-standards/cip">CIP-007-3 R5.1.1</reference>
            <reference href="https://www.nerc.com/standards/reliability-standards/cip">CIP-007-3 R5.1.3</reference>
            <reference href="https://www.nerc.com/standards/reliability-standards/cip">CIP-007-3 R5.2.1</reference>
            <reference href="https://www.nerc.com/standards/reliability-standards/cip">CIP-007-3 R5.2.3</reference>
            <reference href="http://nvlpubs.nist.gov/nistpubs/SpecialPublications/NIST.SP.800-53r4.pdf">IA-4(e)</reference>
            <reference href="http://nvlpubs.nist.gov/nistpubs/SpecialPublications/NIST.SP.800-53r4.pdf">AC-2(3)</reference>
            <reference href="http://nvlpubs.nist.gov/nistpubs/SpecialPublications/NIST.SP.800-53r4.pdf">CM-6(a)</reference>
            <reference href="https://nvlpubs.nist.gov/nistpubs/CSWP/NIST.CSWP.04162018.pdf">DE.CM-1</reference>
            <reference href="https://nvlpubs.nist.gov/nistpubs/CSWP/NIST.CSWP.04162018.pdf">DE.CM-3</reference>
            <reference href="https://nvlpubs.nist.gov/nistpubs/CSWP/NIST.CSWP.04162018.pdf">PR.AC-1</reference>
            <reference href="https://nvlpubs.nist.gov/nistpubs/CSWP/NIST.CSWP.04162018.pdf">PR.AC-4</reference>
            <reference href="https://nvlpubs.nist.gov/nistpubs/CSWP/NIST.CSWP.04162018.pdf">PR.AC-6</reference>
            <reference href="https://nvlpubs.nist.gov/nistpubs/CSWP/NIST.CSWP.04162018.pdf">PR.AC-7</reference>
            <reference href="https://www.pcisecuritystandards.org/documents/PCI_DSS_v3-2-1.pdf">Req-8.1.4</reference>
            <reference href="https://www.cyber.mil/stigs/downloads/?_dl_facet_stigs=operating-systems%2Cgeneral-purpose-os">SRG-OS-000118-GPOS-00060</reference>
            <reference href="https://www.cyber.mil/stigs/downloads/?_dl_facet_stigs=operating-systems%2Cunix-linux">SLES-15-020050</reference>
            <reference href="https://www.cisecurity.org/benchmark/suse_linux/">5.4.1.5</reference>
            <reference href="not_publicly_available">SLES-15-600600075</reference>
            <reference href="https://docs-prv.pcisecuritystandards.org/PCI%20DSS/Standard/PCI-DSS-v4_0.pdf">8.2.6</reference>
            <reference href="https://docs-prv.pcisecuritystandards.org/PCI%20DSS/Standard/PCI-DSS-v4_0.pdf">8.2</reference>
            <reference href="https://www.cyber.mil/stigs/srg-stig-tools/">SV-234871r1009619_rule</reference>
            <rationale xmlns:xhtml="http://www.w3.org/1999/xhtml" xml:lang="en-US">Inactive identifiers pose a risk to systems and applications because attackers may exploit an inactive identifier and potentially obtain undetected access to the system.
Disabling inactive accounts ensures that accounts which may not have been responsibly removed are not available to attackers who may have compromised their credentials.
Owners of inactive accounts will not notice if unauthorized access to their user account has been obtained.</rationale>
            <platform idref="#package_shadow-utils"/>
            <ident system="https://ncp.nist.gov/cce">CCE-85558-5</ident>
            <fix xmlns:xhtml="http://www.w3.org/1999/xhtml" id="account_disable_post_pw_expiration" system="urn:xccdf:fix:script:sh"># Remediation is applicable only in certain platforms
if rpm --quiet -q kernel-default || rpm --quiet -q kernel-default-base &amp;&amp; { rpm --quiet -q shadow; }; then

var_account_disable_post_pw_expiration='<xccdf-1.2:sub xmlns:xccdf-1.2="http://checklists.nist.gov/xccdf/1.2" idref="xccdf_org.ssgproject.content_value_var_account_disable_post_pw_expiration" use="legacy"/>'


# Strip any search characters in the key arg so that the key can be replaced without
# adding any search characters to the config file.
stripped_key=$(sed 's/[\^=\$,;+]*//g' &lt;&lt;&lt; "^INACTIVE")

# shellcheck disable=SC2059
printf -v formatted_output "%s=%s" "$stripped_key" "$var_account_disable_post_pw_expiration"

# If the key exists, change it. Otherwise, add it to the config_file.
# We search for the key string followed by a word boundary (matched by \&gt;),
# so if we search for 'setting', 'setting2' won't match.
if LC_ALL=C grep -q -m 1 -i -e "^INACTIVE\\&gt;" "/etc/default/useradd"; then
    escaped_formatted_output=$(sed -e 's|/|\\/|g' &lt;&lt;&lt; "$formatted_output")
    LC_ALL=C sed -i --follow-symlinks "s/^INACTIVE\\&gt;.*/$escaped_formatted_output/gi" "/etc/default/useradd"
else
    if [[ -s "/etc/default/useradd" ]] &amp;&amp; [[ -n "$(tail -c 1 -- "/etc/default/useradd" || true)" ]]; then
        LC_ALL=C sed -i --follow-symlinks '$a'\\ "/etc/default/useradd"
    fi
    cce="CCE-85558-5"
    printf '# Per %s: Set %s in %s\n' "${cce}" "${formatted_output}" "/etc/default/useradd" &gt;&gt; "/etc/default/useradd"
    printf '%s\n' "$formatted_output" &gt;&gt; "/etc/default/useradd"
fi

else
    &gt;&amp;2 echo 'Remediation is not applicable, nothing was done'
fi
</fix>
            <fix xmlns:xhtml="http://www.w3.org/1999/xhtml" id="account_disable_post_pw_expiration" system="urn:xccdf:fix:script:ansible" complexity="low" disruption="low" strategy="restrict">- name: Gather the package facts
  package_facts:
    manager: auto
  tags:
  - CCE-85558-5
  - CJIS-5.6.2.1.1
  - DISA-STIG-SLES-15-020050
  - NIST-800-171-3.5.6
  - NIST-800-53-AC-2(3)
  - NIST-800-53-CM-6(a)
  - NIST-800-53-IA-4(e)
  - PCI-DSS-Req-8.1.4
  - PCI-DSSv4-8.2
  - PCI-DSSv4-8.2.6
  - account_disable_post_pw_expiration
  - low_complexity
  - low_disruption
  - medium_severity
  - no_reboot_needed
  - restrict_strategy
- name: XCCDF Value var_account_disable_post_pw_expiration # promote to variable
  set_fact:
    var_account_disable_post_pw_expiration: !!str <xccdf-1.2:sub xmlns:xccdf-1.2="http://checklists.nist.gov/xccdf/1.2" idref="xccdf_org.ssgproject.content_value_var_account_disable_post_pw_expiration" use="legacy"/>
  tags:
    - always

- name: Set Account Expiration Following Inactivity
  ansible.builtin.lineinfile:
    create: true
    dest: /etc/default/useradd
    regexp: ^INACTIVE
    line: INACTIVE={{ var_account_disable_post_pw_expiration }}
  when:
  - ("kernel-default" in ansible_facts.packages or "kernel-default-base" in ansible_facts.packages)
  - '"shadow" in ansible_facts.packages'
  tags:
  - CCE-85558-5
  - CJIS-5.6.2.1.1
  - DISA-STIG-SLES-15-020050
  - NIST-800-171-3.5.6
  - NIST-800-53-AC-2(3)
  - NIST-800-53-CM-6(a)
  - NIST-800-53-IA-4(e)
  - PCI-DSS-Req-8.1.4
  - PCI-DSSv4-8.2
  - PCI-DSSv4-8.2.6
  - account_disable_post_pw_expiration
  - low_complexity
  - low_disruption
  - medium_severity
  - no_reboot_needed
  - restrict_strategy
</fix>
            <check system="http://oval.mitre.org/XMLSchema/oval-definitions-5">
              <check-export export-name="oval:ssg-var_account_disable_post_pw_expiration:var:1" value-id="xccdf_org.ssgproject.content_value_var_account_disable_post_pw_expiration"/>
              <check-content-ref name="oval:ssg-account_disable_post_pw_expiration:def:1" href="ssg-sle15-oval.xml"/>
            </check>
            <check system="http://scap.nist.gov/schema/ocil/2">
              <check-content-ref name="ocil:ssg-account_disable_post_pw_expiration_ocil:questionnaire:1" href="ssg-sle15-ocil.xml"/>
            </check>
          </Rule>
          <Rule id="xccdf_org.ssgproject.content_rule_account_emergency_admin" selected="false" role="full" severity="medium">
            <title xmlns:xhtml="http://www.w3.org/1999/xhtml" xml:lang="en-US">Never Automatically Remove or Disable Emergency Administrator Accounts</title>
            <description xmlns:xhtml="http://www.w3.org/1999/xhtml" xml:lang="en-US">Emergency accounts are privileged accounts that are established in response
to crisis situations where the need for rapid account activation is
required. Therefore, emergency account activation may bypass normal account
authorization processes. If these accounts are automatically disabled,
system maintenance during emergencies may not be possible, thus adversely
affecting system availability.

Check to see if an emergency administrator account password or account expires with the following command:

<html:pre xmlns:html="http://www.w3.org/1999/xhtml"># sudo chage -l [Emergency_Administrator]

Password expires:never</html:pre>

If <html:code xmlns:html="http://www.w3.org/1999/xhtml">Password expires</html:code> or <html:code xmlns:html="http://www.w3.org/1999/xhtml">Account expires</html:code> is set to anything other than <html:code xmlns:html="http://www.w3.org/1999/xhtml">never</html:code>, this is a finding.</description>
            <reference href="https://www.cyber.mil/stigs/downloads/?_dl_facet_stigs=operating-systems%2Cgeneral-purpose-os">SRG-OS-000123-GPOS-00064</reference>
            <reference href="https://www.cyber.mil/stigs/downloads/?_dl_facet_stigs=operating-systems%2Cunix-linux">SLES-15-020060</reference>
            <reference href="https://www.cyber.mil/stigs/srg-stig-tools/">SV-234872r958508_rule</reference>
            <rationale xmlns:xhtml="http://www.w3.org/1999/xhtml" xml:lang="en-US">Emergency accounts are different from infrequently used accounts (i.e.,
local logon accounts used by the organization's system administrators when
network or normal logon/access is not available). Infrequently used
accounts are not subject to automatic termination dates. Emergency accounts
are accounts created in response to crisis situations, usually for use by
maintenance personnel. The automatic expiration or disabling time period
may be extended as needed until the crisis is resolved; however, it must
not be extended indefinitely. A permanent account should be established for
privileged users who need long-term maintenance accounts.

To address access requirements the SUSE operating system can be integrated
with enterprise-level authentication/access mechanisms that meet or exceed
access control policy requirements.</rationale>
            <ident system="https://ncp.nist.gov/cce">CCE-85559-3</ident>
            <check system="http://scap.nist.gov/schema/ocil/2">
              <check-content-ref name="ocil:ssg-account_emergency_admin_ocil:questionnaire:1" href="ssg-sle15-ocil.xml"/>
            </check>
          </Rule>
          <Rule id="xccdf_org.ssgproject.content_rule_account_temp_expire_date" selected="false" role="full" severity="medium">
            <title xmlns:xhtml="http://www.w3.org/1999/xhtml" xml:lang="en-US">Assign Expiration Date to Temporary Accounts</title>
            <description xmlns:xhtml="http://www.w3.org/1999/xhtml" xml:lang="en-US">Temporary accounts are established as part of normal account activation
procedures when there is a need for short-term accounts. In the event
temporary accounts are required, configure the system to
terminate them after a documented time period. For every temporary account, run the following command to set an expiration date on
it, substituting <html:code xmlns:html="http://www.w3.org/1999/xhtml"><html:i>USER</html:i></html:code> and <html:code xmlns:html="http://www.w3.org/1999/xhtml"><html:i>YYYY-MM-DD</html:i></html:code>
appropriately:
<html:pre xmlns:html="http://www.w3.org/1999/xhtml">$ sudo chage -E <html:i>YYYY-MM-DD USER</html:i>
         </html:pre>
         <html:code xmlns:html="http://www.w3.org/1999/xhtml"><html:i>YYYY-MM-DD</html:i></html:code> indicates the documented expiration date for the
account. For U.S. Government systems, the operating system must be
configured to automatically terminate these types of accounts after a
period of 72 hours.</description>
            <reference href="https://www.cisecurity.org/controls/">1</reference>
            <reference href="https://www.cisecurity.org/controls/">12</reference>
            <reference href="https://www.cisecurity.org/controls/">13</reference>
            <reference href="https://www.cisecurity.org/controls/">14</reference>
            <reference href="https://www.cisecurity.org/controls/">15</reference>
            <reference href="https://www.cisecurity.org/controls/">16</reference>
            <reference href="https://www.cisecurity.org/controls/">18</reference>
            <reference href="https://www.cisecurity.org/controls/">3</reference>
            <reference href="https://www.cisecurity.org/controls/">5</reference>
            <reference href="https://www.cisecurity.org/controls/">7</reference>
            <reference href="https://www.cisecurity.org/controls/">8</reference>
            <reference href="https://www.isaca.org/resources/cobit">DSS01.03</reference>
            <reference href="https://www.isaca.org/resources/cobit">DSS03.05</reference>
            <reference href="https://www.isaca.org/resources/cobit">DSS05.04</reference>
            <reference href="https://www.isaca.org/resources/cobit">DSS05.05</reference>
            <reference href="https://www.isaca.org/resources/cobit">DSS05.07</reference>
            <reference href="https://www.isaca.org/resources/cobit">DSS06.03</reference>
            <reference href="https://www.isa.org/products/isa-62443-2-1-2009-security-for-industrial-automat">4.3.3.2.2</reference>
            <reference href="https://www.isa.org/products/isa-62443-2-1-2009-security-for-industrial-automat">4.3.3.5.1</reference>
            <reference href="https://www.isa.org/products/isa-62443-2-1-2009-security-for-industrial-automat">4.3.3.5.2</reference>
            <reference href="https://www.isa.org/products/isa-62443-2-1-2009-security-for-industrial-automat">4.3.3.7.2</reference>
            <reference href="https://www.isa.org/products/isa-62443-2-1-2009-security-for-industrial-automat">4.3.3.7.3</reference>
            <reference href="https://www.isa.org/products/isa-62443-2-1-2009-security-for-industrial-automat">4.3.3.7.4</reference>
            <reference href="https://www.isa.org/products/ansi-isa-62443-3-3-99-03-03-2013-security-for-indu">SR 1.1</reference>
            <reference href="https://www.isa.org/products/ansi-isa-62443-3-3-99-03-03-2013-security-for-indu">SR 1.2</reference>
            <reference href="https://www.isa.org/products/ansi-isa-62443-3-3-99-03-03-2013-security-for-indu">SR 1.3</reference>
            <reference href="https://www.isa.org/products/ansi-isa-62443-3-3-99-03-03-2013-security-for-indu">SR 1.4</reference>
            <reference href="https://www.isa.org/products/ansi-isa-62443-3-3-99-03-03-2013-security-for-indu">SR 1.5</reference>
            <reference href="https://www.isa.org/products/ansi-isa-62443-3-3-99-03-03-2013-security-for-indu">SR 1.7</reference>
            <reference href="https://www.isa.org/products/ansi-isa-62443-3-3-99-03-03-2013-security-for-indu">SR 1.8</reference>
            <reference href="https://www.isa.org/products/ansi-isa-62443-3-3-99-03-03-2013-security-for-indu">SR 1.9</reference>
            <reference href="https://www.isa.org/products/ansi-isa-62443-3-3-99-03-03-2013-security-for-indu">SR 2.1</reference>
            <reference href="https://www.isa.org/products/ansi-isa-62443-3-3-99-03-03-2013-security-for-indu">SR 6.2</reference>
            <reference href="https://www.iso.org/contents/data/standard/05/45/54534.html">A.12.4.1</reference>
            <reference href="https://www.iso.org/contents/data/standard/05/45/54534.html">A.12.4.3</reference>
            <reference href="https://www.iso.org/contents/data/standard/05/45/54534.html">A.6.1.2</reference>
            <reference href="https://www.iso.org/contents/data/standard/05/45/54534.html">A.7.1.1</reference>
            <reference href="https://www.iso.org/contents/data/standard/05/45/54534.html">A.9.1.2</reference>
            <reference href="https://www.iso.org/contents/data/standard/05/45/54534.html">A.9.2.1</reference>
            <reference href="https://www.iso.org/contents/data/standard/05/45/54534.html">A.9.2.2</reference>
            <reference href="https://www.iso.org/contents/data/standard/05/45/54534.html">A.9.2.3</reference>
            <reference href="https://www.iso.org/contents/data/standard/05/45/54534.html">A.9.2.4</reference>
            <reference href="https://www.iso.org/contents/data/standard/05/45/54534.html">A.9.2.6</reference>
            <reference href="https://www.iso.org/contents/data/standard/05/45/54534.html">A.9.3.1</reference>
            <reference href="https://www.iso.org/contents/data/standard/05/45/54534.html">A.9.4.1</reference>
            <reference href="https://www.iso.org/contents/data/standard/05/45/54534.html">A.9.4.2</reference>
            <reference href="https://www.iso.org/contents/data/standard/05/45/54534.html">A.9.4.3</reference>
            <reference href="https://www.iso.org/contents/data/standard/05/45/54534.html">A.9.4.4</reference>
            <reference href="https://www.iso.org/contents/data/standard/05/45/54534.html">A.9.4.5</reference>
            <reference href="http://nvlpubs.nist.gov/nistpubs/SpecialPublications/NIST.SP.800-53r4.pdf">AC-2(2)</reference>
            <reference href="http://nvlpubs.nist.gov/nistpubs/SpecialPublications/NIST.SP.800-53r4.pdf">AC-2(3)</reference>
            <reference href="http://nvlpubs.nist.gov/nistpubs/SpecialPublications/NIST.SP.800-53r4.pdf">CM-6(a)</reference>
            <reference href="https://nvlpubs.nist.gov/nistpubs/CSWP/NIST.CSWP.04162018.pdf">DE.CM-1</reference>
            <reference href="https://nvlpubs.nist.gov/nistpubs/CSWP/NIST.CSWP.04162018.pdf">DE.CM-3</reference>
            <reference href="https://nvlpubs.nist.gov/nistpubs/CSWP/NIST.CSWP.04162018.pdf">PR.AC-1</reference>
            <reference href="https://nvlpubs.nist.gov/nistpubs/CSWP/NIST.CSWP.04162018.pdf">PR.AC-4</reference>
            <reference href="https://nvlpubs.nist.gov/nistpubs/CSWP/NIST.CSWP.04162018.pdf">PR.AC-6</reference>
            <reference href="https://www.cyber.mil/stigs/downloads/?_dl_facet_stigs=operating-systems%2Cgeneral-purpose-os">SRG-OS-000123-GPOS-00064</reference>
            <reference href="https://www.cyber.mil/stigs/downloads/?_dl_facet_stigs=operating-systems%2Cgeneral-purpose-os">SRG-OS-000002-GPOS-00002</reference>
            <reference href="https://www.cyber.mil/stigs/downloads/?_dl_facet_stigs=operating-systems%2Cunix-linux">SLES-15-020061</reference>
            <reference href="https://www.cyber.mil/stigs/srg-stig-tools/">SV-256982r958508_rule</reference>
            <rationale xmlns:xhtml="http://www.w3.org/1999/xhtml" xml:lang="en-US">If temporary user accounts remain active when no longer needed or for
an excessive period, these accounts may be used to gain unauthorized access.
To mitigate this risk, automated termination of all temporary accounts
must be set upon account creation.
<html:br xmlns:html="http://www.w3.org/1999/xhtml"/>
        </rationale>
            <ident system="https://ncp.nist.gov/cce">CCE-85553-6</ident>
            <check system="http://scap.nist.gov/schema/ocil/2">
              <check-content-ref name="ocil:ssg-account_temp_expire_date_ocil:questionnaire:1" href="ssg-sle15-ocil.xml"/>
            </check>
          </Rule>
          <Rule id="xccdf_org.ssgproject.content_rule_account_unique_name" selected="false" role="full" severity="medium">
            <title xmlns:xhtml="http://www.w3.org/1999/xhtml" xml:lang="en-US">Ensure All Accounts on the System Have Unique Names</title>
            <description xmlns:xhtml="http://www.w3.org/1999/xhtml" xml:lang="en-US">Ensure accounts on the system have unique names.

To ensure all accounts have unique names, run the following command:
<html:pre xmlns:html="http://www.w3.org/1999/xhtml">$ sudo getent passwd | awk -F: '{ print $1}' | uniq -d</html:pre>
If a username is returned, change or delete the username.</description>
            <reference href="https://www.fbi.gov/file-repository/cjis-security-policy-v5_5_20160601-2-1.pdf">5.5.2</reference>
            <reference href="https://www.pcisecuritystandards.org/documents/PCI_DSS_v3-2-1.pdf">Req-8.1.1</reference>
            <reference href="https://www.cisecurity.org/benchmark/suse_linux/">6.2.16</reference>
            <reference href="not_publicly_available">SLES-15-900300090</reference>
            <reference href="https://docs-prv.pcisecuritystandards.org/PCI%20DSS/Standard/PCI-DSS-v4_0.pdf">8.2.1</reference>
            <reference href="https://docs-prv.pcisecuritystandards.org/PCI%20DSS/Standard/PCI-DSS-v4_0.pdf">8.2</reference>
            <rationale xmlns:xhtml="http://www.w3.org/1999/xhtml" xml:lang="en-US">Unique usernames allow for accountability on the system.</rationale>
            <ident system="https://ncp.nist.gov/cce">CCE-85845-6</ident>
            <check system="http://oval.mitre.org/XMLSchema/oval-definitions-5">
              <check-content-ref name="oval:ssg-account_unique_name:def:1" href="ssg-sle15-oval.xml"/>
            </check>
            <check system="http://scap.nist.gov/schema/ocil/2">
              <check-content-ref name="ocil:ssg-account_unique_name_ocil:questionnaire:1" href="ssg-sle15-ocil.xml"/>
            </check>
          </Rule>
          <Rule id="xccdf_org.ssgproject.content_rule_account_use_centralized_automated_auth" selected="false" role="full" severity="medium">
            <title xmlns:xhtml="http://www.w3.org/1999/xhtml" xml:lang="en-US">Use Centralized and Automated Authentication</title>
            <description xmlns:xhtml="http://www.w3.org/1999/xhtml" xml:lang="en-US">Implement an automated system for managing user accounts that minimizes the
risk of errors, either intentional or deliberate. This system
should integrate with an existing enterprise user management system, such as
one based on Identity Management tools such as Active Directory, Kerberos,
Directory Server, etc.</description>
            <rationale xmlns:xhtml="http://www.w3.org/1999/xhtml" xml:lang="en-US">A comprehensive account management process that includes automation helps to
ensure the accounts designated as requiring attention are consistently and
promptly addressed. Enterprise environments make user account management
challenging and complex. A user management process requiring administrators to
manually address account management functions adds risk of potential
oversight.</rationale>
            <check system="http://scap.nist.gov/schema/ocil/2">
              <check-content-ref name="ocil:ssg-account_use_centralized_automated_auth_ocil:questionnaire:1" href="ssg-sle15-ocil.xml"/>
            </check>
          </Rule>
          <Rule id="xccdf_org.ssgproject.content_rule_ensure_shadow_group_empty" selected="false" role="full" severity="medium">
            <title xmlns:xhtml="http://www.w3.org/1999/xhtml" xml:lang="en-US">Ensure shadow Group is Empty</title>
            <description xmlns:xhtml="http://www.w3.org/1999/xhtml" xml:lang="en-US">The shadow group allows system programs which require access the ability
to read the /etc/shadow file. No users should be assigned to the shadow group.</description>
            <warning xmlns:xhtml="http://www.w3.org/1999/xhtml" xml:lang="en-US" category="general">This rule remediation will ensure the group membership is empty in /etc/group. To avoid any
disruption the remediation won't change the primary group of users in /etc/passwd if any
user has the shadow GID as primary group.</warning>
            <reference href="https://www.pcisecuritystandards.org/documents/PCI_DSS_v3-2-1.pdf">Req-8.2.1</reference>
            <reference href="https://www.cisecurity.org/benchmark/suse_linux/">6.2.18</reference>
            <reference href="https://docs-prv.pcisecuritystandards.org/PCI%20DSS/Standard/PCI-DSS-v4_0.pdf">8.3.2</reference>
            <reference href="https://docs-prv.pcisecuritystandards.org/PCI%20DSS/Standard/PCI-DSS-v4_0.pdf">8.3</reference>
            <rationale xmlns:xhtml="http://www.w3.org/1999/xhtml" xml:lang="en-US">Any users assigned to the shadow group would be granted read access to the
/etc/shadow file. If attackers can gain read access to the /etc/shadow file,
they can easily run a password cracking program against the hashed passwords
to break them. Other security information that is stored in the /etc/shadow
file (such as expiration) could also be useful to subvert additional user
accounts.</rationale>
            <ident system="https://ncp.nist.gov/cce">CCE-91344-2</ident>
            <fix xmlns:xhtml="http://www.w3.org/1999/xhtml" id="ensure_shadow_group_empty" system="urn:xccdf:fix:script:sh"># Remediation is applicable only in certain platforms
if rpm --quiet -q kernel-default || rpm --quiet -q kernel-default-base; then

sed -ri 's/(^shadow:[^:]*:[^:]*:)([^:]+$)/\1/' /etc/group

else
    &gt;&amp;2 echo 'Remediation is not applicable, nothing was done'
fi
</fix>
            <fix xmlns:xhtml="http://www.w3.org/1999/xhtml" id="ensure_shadow_group_empty" system="urn:xccdf:fix:script:ansible" complexity="low" disruption="medium" strategy="restrict">- name: Gather the package facts
  package_facts:
    manager: auto
  tags:
  - CCE-91344-2
  - PCI-DSS-Req-8.2.1
  - PCI-DSSv4-8.3
  - PCI-DSSv4-8.3.2
  - ensure_shadow_group_empty
  - low_complexity
  - medium_disruption
  - medium_severity
  - no_reboot_needed
  - restrict_strategy

- name: Ensure interactive local users are the owners of their respective initialization
    files
  ansible.builtin.lineinfile:
    dest: /etc/group
    backrefs: true
    regexp: (^shadow:[^:]*:[^:]*:)([^:]+$)
    line: \1
  when: ("kernel-default" in ansible_facts.packages or "kernel-default-base" in ansible_facts.packages)
  tags:
  - CCE-91344-2
  - PCI-DSS-Req-8.2.1
  - PCI-DSSv4-8.3
  - PCI-DSSv4-8.3.2
  - ensure_shadow_group_empty
  - low_complexity
  - medium_disruption
  - medium_severity
  - no_reboot_needed
  - restrict_strategy
</fix>
            <check system="http://oval.mitre.org/XMLSchema/oval-definitions-5">
              <check-content-ref name="oval:ssg-ensure_shadow_group_empty:def:1" href="ssg-sle15-oval.xml"/>
            </check>
            <check system="http://scap.nist.gov/schema/ocil/2">
              <check-content-ref name="ocil:ssg-ensure_shadow_group_empty_ocil:questionnaire:1" href="ssg-sle15-ocil.xml"/>
            </check>
          </Rule>
        </Group>
        <Group id="xccdf_org.ssgproject.content_group_password_expiration">
          <title xmlns:xhtml="http://www.w3.org/1999/xhtml" xml:lang="en-US">Set Password Expiration Parameters</title>
          <description xmlns:xhtml="http://www.w3.org/1999/xhtml" xml:lang="en-US">The file <html:code xmlns:html="http://www.w3.org/1999/xhtml">/etc/login.defs</html:code> controls several
password-related settings. Programs such as <html:code xmlns:html="http://www.w3.org/1999/xhtml">passwd</html:code>,
<html:code xmlns:html="http://www.w3.org/1999/xhtml">su</html:code>, and
<html:code xmlns:html="http://www.w3.org/1999/xhtml">login</html:code> consult <html:code xmlns:html="http://www.w3.org/1999/xhtml">/etc/login.defs</html:code> to determine
behavior with regard to password aging, expiration warnings,
and length. See the man page <html:code xmlns:html="http://www.w3.org/1999/xhtml">login.defs(5)</html:code> for more information.
<html:br xmlns:html="http://www.w3.org/1999/xhtml"/>
        <html:br xmlns:html="http://www.w3.org/1999/xhtml"/>
Users should be forced to change their passwords, in order to
decrease the utility of compromised passwords. However, the need to
change passwords often should be balanced against the risk that
users will reuse or write down passwords if forced to change them
too often. Forcing password changes every 90-360 days, depending on
the environment, is recommended. Set the appropriate value as
<html:code xmlns:html="http://www.w3.org/1999/xhtml">PASS_MAX_DAYS</html:code> and apply it to existing accounts with the
<html:code xmlns:html="http://www.w3.org/1999/xhtml">-M</html:code> flag.
<html:br xmlns:html="http://www.w3.org/1999/xhtml"/>
        <html:br xmlns:html="http://www.w3.org/1999/xhtml"/>
The <html:code xmlns:html="http://www.w3.org/1999/xhtml">PASS_MIN_DAYS</html:code> (<html:code xmlns:html="http://www.w3.org/1999/xhtml">-m</html:code>) setting prevents password
changes for 7 days after the first change, to discourage password
cycling. If you use this setting, train users to contact an administrator
for an emergency password change in case a new password becomes
compromised. The <html:code xmlns:html="http://www.w3.org/1999/xhtml">PASS_WARN_AGE</html:code> (<html:code xmlns:html="http://www.w3.org/1999/xhtml">-W</html:code>) setting gives
users 7 days of warnings at login time that their passwords are about to expire.
<html:br xmlns:html="http://www.w3.org/1999/xhtml"/>
        <html:br xmlns:html="http://www.w3.org/1999/xhtml"/>
For example, for each existing human user <html:i xmlns:html="http://www.w3.org/1999/xhtml">USER</html:i>, expiration parameters
could be adjusted to a 180 day maximum password age, 7 day minimum password
age, and 7 day warning period with the following command:
<html:pre xmlns:html="http://www.w3.org/1999/xhtml">$ sudo chage -M 180 -m 7 -W 7 USER</html:pre>
       </description>
          <platform idref="#system_with_kernel"/>
          <Value id="xccdf_org.ssgproject.content_value_var_accounts_maximum_age_login_defs" type="number">
            <title xmlns:xhtml="http://www.w3.org/1999/xhtml" xml:lang="en-US">maximum password age</title>
            <description xmlns:xhtml="http://www.w3.org/1999/xhtml" xml:lang="en-US">Maximum age of password in days</description>
            <value selector="365">365</value>
            <value selector="120">120</value>
            <value selector="180">180</value>
            <value selector="90">90</value>
            <value selector="60">60</value>
            <value selector="45">45</value>
            <value>60</value>
          </Value>
          <Value id="xccdf_org.ssgproject.content_value_var_accounts_maximum_age_root" type="number">
            <title xmlns:xhtml="http://www.w3.org/1999/xhtml" xml:lang="en-US">Maximum Root Password Age</title>
            <description xmlns:xhtml="http://www.w3.org/1999/xhtml" xml:lang="en-US">Maximum age of password in days for the root account</description>
            <value selector="365">365</value>
            <value>99999</value>
          </Value>
          <Value id="xccdf_org.ssgproject.content_value_var_accounts_minimum_age_login_defs" type="number">
            <title xmlns:xhtml="http://www.w3.org/1999/xhtml" xml:lang="en-US">minimum password age</title>
            <description xmlns:xhtml="http://www.w3.org/1999/xhtml" xml:lang="en-US">Minimum age of password in days</description>
            <value selector="0">0</value>
            <value selector="1">1</value>
            <value selector="2">2</value>
            <value selector="3">3</value>
            <value selector="4">4</value>
            <value selector="5">5</value>
            <value selector="6">6</value>
            <value selector="7">7</value>
            <value>7</value>
          </Value>
          <Value id="xccdf_org.ssgproject.content_value_var_accounts_password_minlen_login_defs" type="number">
            <title xmlns:xhtml="http://www.w3.org/1999/xhtml" xml:lang="en-US">minimum password length</title>
            <description xmlns:xhtml="http://www.w3.org/1999/xhtml" xml:lang="en-US">Minimum number of characters in password</description>
            <warning xmlns:xhtml="http://www.w3.org/1999/xhtml" xml:lang="en-US" category="general">This will only check new passwords</warning>
            <value selector="10">10</value>
            <value selector="12">12</value>
            <value selector="14">14</value>
            <value selector="15">15</value>
            <value selector="17">17</value>
            <value selector="18">18</value>
            <value selector="20">20</value>
            <value selector="6">6</value>
            <value selector="8">8</value>
            <value>15</value>
          </Value>
          <Value id="xccdf_org.ssgproject.content_value_var_accounts_password_warn_age_login_defs" type="number">
            <title xmlns:xhtml="http://www.w3.org/1999/xhtml" xml:lang="en-US">warning days before password expires</title>
            <description xmlns:xhtml="http://www.w3.org/1999/xhtml" xml:lang="en-US">The number of days' warning given before a password expires.</description>
            <warning xmlns:xhtml="http://www.w3.org/1999/xhtml" xml:lang="en-US" category="general">This will only apply to newly created accounts</warning>
            <value selector="0">0</value>
            <value selector="14">14</value>
            <value selector="10">10</value>
            <value selector="7">7</value>
            <value>7</value>
          </Value>
          <Rule id="xccdf_org.ssgproject.content_rule_accounts_maximum_age_login_defs" selected="false" role="full" severity="medium">
            <title xmlns:xhtml="http://www.w3.org/1999/xhtml" xml:lang="en-US">Set Password Maximum Age</title>
            <description xmlns:xhtml="http://www.w3.org/1999/xhtml" xml:lang="en-US">To specify password maximum age for new accounts,
edit the file <html:code xmlns:html="http://www.w3.org/1999/xhtml">/etc/login.defs</html:code>
and add or correct the following line:
<html:pre xmlns:html="http://www.w3.org/1999/xhtml" xmlns:xccdf-1.2="http://checklists.nist.gov/xccdf/1.2">PASS_MAX_DAYS <xccdf-1.2:sub idref="xccdf_org.ssgproject.content_value_var_accounts_maximum_age_login_defs" use="legacy"/>
         </html:pre>
The profile requirement is <html:code xmlns:html="http://www.w3.org/1999/xhtml" xmlns:xccdf-1.2="http://checklists.nist.gov/xccdf/1.2"><xccdf-1.2:sub idref="xccdf_org.ssgproject.content_value_var_accounts_maximum_age_login_defs" use="legacy"/></html:code>.</description>
            <reference href="https://www.cisecurity.org/controls/">1</reference>
            <reference href="https://www.cisecurity.org/controls/">12</reference>
            <reference href="https://www.cisecurity.org/controls/">15</reference>
            <reference href="https://www.cisecurity.org/controls/">16</reference>
            <reference href="https://www.cisecurity.org/controls/">5</reference>
            <reference href="https://www.fbi.gov/file-repository/cjis-security-policy-v5_5_20160601-2-1.pdf">5.6.2.1</reference>
            <reference href="https://www.isaca.org/resources/cobit">DSS05.04</reference>
            <reference href="https://www.isaca.org/resources/cobit">DSS05.05</reference>
            <reference href="https://www.isaca.org/resources/cobit">DSS05.07</reference>
            <reference href="https://www.isaca.org/resources/cobit">DSS05.10</reference>
            <reference href="https://www.isaca.org/resources/cobit">DSS06.03</reference>
            <reference href="https://www.isaca.org/resources/cobit">DSS06.10</reference>
            <reference href="http://nvlpubs.nist.gov/nistpubs/SpecialPublications/NIST.SP.800-171.pdf">3.5.6</reference>
            <reference href="https://www.isa.org/products/isa-62443-2-1-2009-security-for-industrial-automat">4.3.3.2.2</reference>
            <reference href="https://www.isa.org/products/isa-62443-2-1-2009-security-for-industrial-automat">4.3.3.5.1</reference>
            <reference href="https://www.isa.org/products/isa-62443-2-1-2009-security-for-industrial-automat">4.3.3.5.2</reference>
            <reference href="https://www.isa.org/products/isa-62443-2-1-2009-security-for-industrial-automat">4.3.3.6.1</reference>
            <reference href="https://www.isa.org/products/isa-62443-2-1-2009-security-for-industrial-automat">4.3.3.6.2</reference>
            <reference href="https://www.isa.org/products/isa-62443-2-1-2009-security-for-industrial-automat">4.3.3.6.3</reference>
            <reference href="https://www.isa.org/products/isa-62443-2-1-2009-security-for-industrial-automat">4.3.3.6.4</reference>
            <reference href="https://www.isa.org/products/isa-62443-2-1-2009-security-for-industrial-automat">4.3.3.6.5</reference>
            <reference href="https://www.isa.org/products/isa-62443-2-1-2009-security-for-industrial-automat">4.3.3.6.6</reference>
            <reference href="https://www.isa.org/products/isa-62443-2-1-2009-security-for-industrial-automat">4.3.3.6.7</reference>
            <reference href="https://www.isa.org/products/isa-62443-2-1-2009-security-for-industrial-automat">4.3.3.6.8</reference>
            <reference href="https://www.isa.org/products/isa-62443-2-1-2009-security-for-industrial-automat">4.3.3.6.9</reference>
            <reference href="https://www.isa.org/products/isa-62443-2-1-2009-security-for-industrial-automat">4.3.3.7.2</reference>
            <reference href="https://www.isa.org/products/isa-62443-2-1-2009-security-for-industrial-automat">4.3.3.7.4</reference>
            <reference href="https://www.isa.org/products/ansi-isa-62443-3-3-99-03-03-2013-security-for-indu">SR 1.1</reference>
            <reference href="https://www.isa.org/products/ansi-isa-62443-3-3-99-03-03-2013-security-for-indu">SR 1.10</reference>
            <reference href="https://www.isa.org/products/ansi-isa-62443-3-3-99-03-03-2013-security-for-indu">SR 1.2</reference>
            <reference href="https://www.isa.org/products/ansi-isa-62443-3-3-99-03-03-2013-security-for-indu">SR 1.3</reference>
            <reference href="https://www.isa.org/products/ansi-isa-62443-3-3-99-03-03-2013-security-for-indu">SR 1.4</reference>
            <reference href="https://www.isa.org/products/ansi-isa-62443-3-3-99-03-03-2013-security-for-indu">SR 1.5</reference>
            <reference href="https://www.isa.org/products/ansi-isa-62443-3-3-99-03-03-2013-security-for-indu">SR 1.7</reference>
            <reference href="https://www.isa.org/products/ansi-isa-62443-3-3-99-03-03-2013-security-for-indu">SR 1.8</reference>
            <reference href="https://www.isa.org/products/ansi-isa-62443-3-3-99-03-03-2013-security-for-indu">SR 1.9</reference>
            <reference href="https://www.isa.org/products/ansi-isa-62443-3-3-99-03-03-2013-security-for-indu">SR 2.1</reference>
            <reference href="https://www.iso.org/contents/data/standard/05/45/54534.html">A.18.1.4</reference>
            <reference href="https://www.iso.org/contents/data/standard/05/45/54534.html">A.7.1.1</reference>
            <reference href="https://www.iso.org/contents/data/standard/05/45/54534.html">A.9.2.1</reference>
            <reference href="https://www.iso.org/contents/data/standard/05/45/54534.html">A.9.2.2</reference>
            <reference href="https://www.iso.org/contents/data/standard/05/45/54534.html">A.9.2.3</reference>
            <reference href="https://www.iso.org/contents/data/standard/05/45/54534.html">A.9.2.4</reference>
            <reference href="https://www.iso.org/contents/data/standard/05/45/54534.html">A.9.2.6</reference>
            <reference href="https://www.iso.org/contents/data/standard/05/45/54534.html">A.9.3.1</reference>
            <reference href="https://www.iso.org/contents/data/standard/05/45/54534.html">A.9.4.2</reference>
            <reference href="https://www.iso.org/contents/data/standard/05/45/54534.html">A.9.4.3</reference>
            <reference href="http://nvlpubs.nist.gov/nistpubs/SpecialPublications/NIST.SP.800-53r4.pdf">IA-5(f)</reference>
            <reference href="http://nvlpubs.nist.gov/nistpubs/SpecialPublications/NIST.SP.800-53r4.pdf">IA-5(1)(d)</reference>
            <reference href="http://nvlpubs.nist.gov/nistpubs/SpecialPublications/NIST.SP.800-53r4.pdf">CM-6(a)</reference>
            <reference href="https://nvlpubs.nist.gov/nistpubs/CSWP/NIST.CSWP.04162018.pdf">PR.AC-1</reference>
            <reference href="https://nvlpubs.nist.gov/nistpubs/CSWP/NIST.CSWP.04162018.pdf">PR.AC-6</reference>
            <reference href="https://nvlpubs.nist.gov/nistpubs/CSWP/NIST.CSWP.04162018.pdf">PR.AC-7</reference>
            <reference href="https://www.pcisecuritystandards.org/documents/PCI_DSS_v3-2-1.pdf">Req-8.2.4</reference>
            <reference href="https://www.cyber.mil/stigs/downloads/?_dl_facet_stigs=operating-systems%2Cgeneral-purpose-os">SRG-OS-000076-GPOS-00044</reference>
            <reference href="https://www.cyber.mil/stigs/downloads/?_dl_facet_stigs=operating-systems%2Cunix-linux">SLES-15-020220</reference>
            <reference href="https://www.cisecurity.org/benchmark/suse_linux/">5.4.1.2</reference>
            <reference href="not_publicly_available">SLES-15-600600015</reference>
            <reference href="https://www.cyber.gov.au/acsc/view-all-content/ism">0418</reference>
            <reference href="https://www.cyber.gov.au/acsc/view-all-content/ism">1055</reference>
            <reference href="https://www.cyber.gov.au/acsc/view-all-content/ism">1402</reference>
            <reference href="https://docs-prv.pcisecuritystandards.org/PCI%20DSS/Standard/PCI-DSS-v4_0.pdf">8.3.9</reference>
            <reference href="https://docs-prv.pcisecuritystandards.org/PCI%20DSS/Standard/PCI-DSS-v4_0.pdf">8.3</reference>
            <reference href="https://www.cyber.mil/stigs/srg-stig-tools/">SV-234891r1038967_rule</reference>
            <rationale xmlns:xhtml="http://www.w3.org/1999/xhtml" xml:lang="en-US">Any password, no matter how complex, can eventually be cracked. Therefore, passwords
need to be changed periodically. If the operating system does not limit the lifetime
of passwords and force users to change their passwords, there is the risk that the
operating system passwords could be compromised.
<html:br xmlns:html="http://www.w3.org/1999/xhtml"/>
         <html:br xmlns:html="http://www.w3.org/1999/xhtml"/>
Setting the password maximum age ensures users are required to
periodically change their passwords. Requiring shorter password lifetimes
increases the risk of users writing down the password in a convenient
location subject to physical compromise.</rationale>
            <platform idref="#package_shadow-utils"/>
            <ident system="https://ncp.nist.gov/cce">CCE-85570-0</ident>
            <fix xmlns:xhtml="http://www.w3.org/1999/xhtml" id="accounts_maximum_age_login_defs" system="urn:xccdf:fix:script:sh"># Remediation is applicable only in certain platforms
if rpm --quiet -q kernel-default || rpm --quiet -q kernel-default-base &amp;&amp; { rpm --quiet -q shadow; }; then

var_accounts_maximum_age_login_defs='<xccdf-1.2:sub xmlns:xccdf-1.2="http://checklists.nist.gov/xccdf/1.2" idref="xccdf_org.ssgproject.content_value_var_accounts_maximum_age_login_defs" use="legacy"/>'

# Strip any search characters in the key arg so that the key can be replaced without
# adding any search characters to the config file.
stripped_key=$(sed 's/[\^=\$,;+]*//g' &lt;&lt;&lt; "^PASS_MAX_DAYS")

# shellcheck disable=SC2059
printf -v formatted_output "%s %s" "$stripped_key" "$var_accounts_maximum_age_login_defs"

# If the key exists, change it. Otherwise, add it to the config_file.
# We search for the key string followed by a word boundary (matched by \&gt;),
# so if we search for 'setting', 'setting2' won't match.
if LC_ALL=C grep -q -m 1 -i -e "^PASS_MAX_DAYS\\&gt;" "/etc/login.defs"; then
    escaped_formatted_output=$(sed -e 's|/|\\/|g' &lt;&lt;&lt; "$formatted_output")
    LC_ALL=C sed -i --follow-symlinks "s/^PASS_MAX_DAYS\\&gt;.*/$escaped_formatted_output/gi" "/etc/login.defs"
else
    if [[ -s "/etc/login.defs" ]] &amp;&amp; [[ -n "$(tail -c 1 -- "/etc/login.defs" || true)" ]]; then
        LC_ALL=C sed -i --follow-symlinks '$a'\\ "/etc/login.defs"
    fi
    cce="CCE-85570-0"
    printf '# Per %s: Set %s in %s\n' "${cce}" "${formatted_output}" "/etc/login.defs" &gt;&gt; "/etc/login.defs"
    printf '%s\n' "$formatted_output" &gt;&gt; "/etc/login.defs"
fi

else
    &gt;&amp;2 echo 'Remediation is not applicable, nothing was done'
fi
</fix>
            <fix xmlns:xhtml="http://www.w3.org/1999/xhtml" id="accounts_maximum_age_login_defs" system="urn:xccdf:fix:script:ansible" complexity="low" disruption="low" strategy="restrict">- name: Gather the package facts
  package_facts:
    manager: auto
  tags:
  - CCE-85570-0
  - CJIS-5.6.2.1
  - DISA-STIG-SLES-15-020220
  - NIST-800-171-3.5.6
  - NIST-800-53-CM-6(a)
  - NIST-800-53-IA-5(1)(d)
  - NIST-800-53-IA-5(f)
  - PCI-DSS-Req-8.2.4
  - PCI-DSSv4-8.3
  - PCI-DSSv4-8.3.9
  - accounts_maximum_age_login_defs
  - low_complexity
  - low_disruption
  - medium_severity
  - no_reboot_needed
  - restrict_strategy
- name: XCCDF Value var_accounts_maximum_age_login_defs # promote to variable
  set_fact:
    var_accounts_maximum_age_login_defs: !!str <xccdf-1.2:sub xmlns:xccdf-1.2="http://checklists.nist.gov/xccdf/1.2" idref="xccdf_org.ssgproject.content_value_var_accounts_maximum_age_login_defs" use="legacy"/>
  tags:
    - always

- name: Set Password Maximum Age
  ansible.builtin.lineinfile:
    create: true
    dest: /etc/login.defs
    regexp: ^#?PASS_MAX_DAYS
    line: PASS_MAX_DAYS {{ var_accounts_maximum_age_login_defs }}
  when:
  - ("kernel-default" in ansible_facts.packages or "kernel-default-base" in ansible_facts.packages)
  - '"shadow" in ansible_facts.packages'
  tags:
  - CCE-85570-0
  - CJIS-5.6.2.1
  - DISA-STIG-SLES-15-020220
  - NIST-800-171-3.5.6
  - NIST-800-53-CM-6(a)
  - NIST-800-53-IA-5(1)(d)
  - NIST-800-53-IA-5(f)
  - PCI-DSS-Req-8.2.4
  - PCI-DSSv4-8.3
  - PCI-DSSv4-8.3.9
  - accounts_maximum_age_login_defs
  - low_complexity
  - low_disruption
  - medium_severity
  - no_reboot_needed
  - restrict_strategy
</fix>
            <check system="http://oval.mitre.org/XMLSchema/oval-definitions-5">
              <check-export export-name="oval:ssg-var_accounts_maximum_age_login_defs:var:1" value-id="xccdf_org.ssgproject.content_value_var_accounts_maximum_age_login_defs"/>
              <check-content-ref name="oval:ssg-accounts_maximum_age_login_defs:def:1" href="ssg-sle15-oval.xml"/>
            </check>
            <check system="http://scap.nist.gov/schema/ocil/2">
              <check-content-ref name="ocil:ssg-accounts_maximum_age_login_defs_ocil:questionnaire:1" href="ssg-sle15-ocil.xml"/>
            </check>
          </Rule>
          <Rule id="xccdf_org.ssgproject.content_rule_accounts_minimum_age_login_defs" selected="false" role="full" severity="medium">
            <title xmlns:xhtml="http://www.w3.org/1999/xhtml" xml:lang="en-US">Set Password Minimum Age</title>
            <description xmlns:xhtml="http://www.w3.org/1999/xhtml" xml:lang="en-US">To specify password minimum age for new accounts,
edit the file <html:code xmlns:html="http://www.w3.org/1999/xhtml">/etc/login.defs</html:code>
and add or correct the following line:
<html:pre xmlns:html="http://www.w3.org/1999/xhtml" xmlns:xccdf-1.2="http://checklists.nist.gov/xccdf/1.2">PASS_MIN_DAYS <xccdf-1.2:sub idref="xccdf_org.ssgproject.content_value_var_accounts_minimum_age_login_defs" use="legacy"/>
         </html:pre>
A value of 1 day is considered sufficient for many
environments.
The profile requirement is <html:code xmlns:html="http://www.w3.org/1999/xhtml" xmlns:xccdf-1.2="http://checklists.nist.gov/xccdf/1.2"><xccdf-1.2:sub idref="xccdf_org.ssgproject.content_value_var_accounts_minimum_age_login_defs" use="legacy"/></html:code>.</description>
            <reference href="https://www.cisecurity.org/controls/">1</reference>
            <reference href="https://www.cisecurity.org/controls/">12</reference>
            <reference href="https://www.cisecurity.org/controls/">15</reference>
            <reference href="https://www.cisecurity.org/controls/">16</reference>
            <reference href="https://www.cisecurity.org/controls/">5</reference>
            <reference href="https://www.fbi.gov/file-repository/cjis-security-policy-v5_5_20160601-2-1.pdf">5.6.2.1.1</reference>
            <reference href="https://www.isaca.org/resources/cobit">DSS05.04</reference>
            <reference href="https://www.isaca.org/resources/cobit">DSS05.05</reference>
            <reference href="https://www.isaca.org/resources/cobit">DSS05.07</reference>
            <reference href="https://www.isaca.org/resources/cobit">DSS05.10</reference>
            <reference href="https://www.isaca.org/resources/cobit">DSS06.03</reference>
            <reference href="https://www.isaca.org/resources/cobit">DSS06.10</reference>
            <reference href="http://nvlpubs.nist.gov/nistpubs/SpecialPublications/NIST.SP.800-171.pdf">3.5.8</reference>
            <reference href="https://www.isa.org/products/isa-62443-2-1-2009-security-for-industrial-automat">4.3.3.2.2</reference>
            <reference href="https://www.isa.org/products/isa-62443-2-1-2009-security-for-industrial-automat">4.3.3.5.1</reference>
            <reference href="https://www.isa.org/products/isa-62443-2-1-2009-security-for-industrial-automat">4.3.3.5.2</reference>
            <reference href="https://www.isa.org/products/isa-62443-2-1-2009-security-for-industrial-automat">4.3.3.6.1</reference>
            <reference href="https://www.isa.org/products/isa-62443-2-1-2009-security-for-industrial-automat">4.3.3.6.2</reference>
            <reference href="https://www.isa.org/products/isa-62443-2-1-2009-security-for-industrial-automat">4.3.3.6.3</reference>
            <reference href="https://www.isa.org/products/isa-62443-2-1-2009-security-for-industrial-automat">4.3.3.6.4</reference>
            <reference href="https://www.isa.org/products/isa-62443-2-1-2009-security-for-industrial-automat">4.3.3.6.5</reference>
            <reference href="https://www.isa.org/products/isa-62443-2-1-2009-security-for-industrial-automat">4.3.3.6.6</reference>
            <reference href="https://www.isa.org/products/isa-62443-2-1-2009-security-for-industrial-automat">4.3.3.6.7</reference>
            <reference href="https://www.isa.org/products/isa-62443-2-1-2009-security-for-industrial-automat">4.3.3.6.8</reference>
            <reference href="https://www.isa.org/products/isa-62443-2-1-2009-security-for-industrial-automat">4.3.3.6.9</reference>
            <reference href="https://www.isa.org/products/isa-62443-2-1-2009-security-for-industrial-automat">4.3.3.7.2</reference>
            <reference href="https://www.isa.org/products/isa-62443-2-1-2009-security-for-industrial-automat">4.3.3.7.4</reference>
            <reference href="https://www.isa.org/products/ansi-isa-62443-3-3-99-03-03-2013-security-for-indu">SR 1.1</reference>
            <reference href="https://www.isa.org/products/ansi-isa-62443-3-3-99-03-03-2013-security-for-indu">SR 1.10</reference>
            <reference href="https://www.isa.org/products/ansi-isa-62443-3-3-99-03-03-2013-security-for-indu">SR 1.2</reference>
            <reference href="https://www.isa.org/products/ansi-isa-62443-3-3-99-03-03-2013-security-for-indu">SR 1.3</reference>
            <reference href="https://www.isa.org/products/ansi-isa-62443-3-3-99-03-03-2013-security-for-indu">SR 1.4</reference>
            <reference href="https://www.isa.org/products/ansi-isa-62443-3-3-99-03-03-2013-security-for-indu">SR 1.5</reference>
            <reference href="https://www.isa.org/products/ansi-isa-62443-3-3-99-03-03-2013-security-for-indu">SR 1.7</reference>
            <reference href="https://www.isa.org/products/ansi-isa-62443-3-3-99-03-03-2013-security-for-indu">SR 1.8</reference>
            <reference href="https://www.isa.org/products/ansi-isa-62443-3-3-99-03-03-2013-security-for-indu">SR 1.9</reference>
            <reference href="https://www.isa.org/products/ansi-isa-62443-3-3-99-03-03-2013-security-for-indu">SR 2.1</reference>
            <reference href="https://www.iso.org/contents/data/standard/05/45/54534.html">A.18.1.4</reference>
            <reference href="https://www.iso.org/contents/data/standard/05/45/54534.html">A.7.1.1</reference>
            <reference href="https://www.iso.org/contents/data/standard/05/45/54534.html">A.9.2.1</reference>
            <reference href="https://www.iso.org/contents/data/standard/05/45/54534.html">A.9.2.2</reference>
            <reference href="https://www.iso.org/contents/data/standard/05/45/54534.html">A.9.2.3</reference>
            <reference href="https://www.iso.org/contents/data/standard/05/45/54534.html">A.9.2.4</reference>
            <reference href="https://www.iso.org/contents/data/standard/05/45/54534.html">A.9.2.6</reference>
            <reference href="https://www.iso.org/contents/data/standard/05/45/54534.html">A.9.3.1</reference>
            <reference href="https://www.iso.org/contents/data/standard/05/45/54534.html">A.9.4.2</reference>
            <reference href="https://www.iso.org/contents/data/standard/05/45/54534.html">A.9.4.3</reference>
            <reference href="http://nvlpubs.nist.gov/nistpubs/SpecialPublications/NIST.SP.800-53r4.pdf">IA-5(1)(d)</reference>
            <reference href="http://nvlpubs.nist.gov/nistpubs/SpecialPublications/NIST.SP.800-53r4.pdf">IA-5(1).1(v)</reference>
            <reference href="https://nvlpubs.nist.gov/nistpubs/CSWP/NIST.CSWP.04162018.pdf">PR.AC-1</reference>
            <reference href="https://nvlpubs.nist.gov/nistpubs/CSWP/NIST.CSWP.04162018.pdf">PR.AC-6</reference>
            <reference href="https://nvlpubs.nist.gov/nistpubs/CSWP/NIST.CSWP.04162018.pdf">PR.AC-7</reference>
            <reference href="https://www.cyber.mil/stigs/downloads/?_dl_facet_stigs=operating-systems%2Cgeneral-purpose-os">SRG-OS-000075-GPOS-00043</reference>
            <reference href="https://www.cyber.mil/stigs/downloads/?_dl_facet_stigs=operating-systems%2Cunix-linux">SLES-15-020200</reference>
            <reference href="https://www.cisecurity.org/benchmark/suse_linux/">5.4.1.3</reference>
            <reference href="not_publicly_available">SLES-15-600600030</reference>
            <reference href="https://www.cyber.gov.au/acsc/view-all-content/ism">0418</reference>
            <reference href="https://www.cyber.gov.au/acsc/view-all-content/ism">1055</reference>
            <reference href="https://www.cyber.gov.au/acsc/view-all-content/ism">1402</reference>
            <reference href="https://www.cyber.mil/stigs/srg-stig-tools/">SV-234889r1009628_rule</reference>
            <rationale xmlns:xhtml="http://www.w3.org/1999/xhtml" xml:lang="en-US">Enforcing a minimum password lifetime helps to prevent repeated password
changes to defeat the password reuse or history enforcement requirement. If
users are allowed to immediately and continually change their password,
then the password could be repeatedly changed in a short period of time to
defeat the organization's policy regarding password reuse.
<html:br xmlns:html="http://www.w3.org/1999/xhtml"/>
         <html:br xmlns:html="http://www.w3.org/1999/xhtml"/>
Setting the minimum password age protects against users cycling back to a
favorite password after satisfying the password reuse requirement.</rationale>
            <platform idref="#package_shadow-utils"/>
            <ident system="https://ncp.nist.gov/cce">CCE-85720-1</ident>
            <fix xmlns:xhtml="http://www.w3.org/1999/xhtml" id="accounts_minimum_age_login_defs" system="urn:xccdf:fix:script:sh"># Remediation is applicable only in certain platforms
if rpm --quiet -q kernel-default || rpm --quiet -q kernel-default-base &amp;&amp; { rpm --quiet -q shadow; }; then

var_accounts_minimum_age_login_defs='<xccdf-1.2:sub xmlns:xccdf-1.2="http://checklists.nist.gov/xccdf/1.2" idref="xccdf_org.ssgproject.content_value_var_accounts_minimum_age_login_defs" use="legacy"/>'

# Strip any search characters in the key arg so that the key can be replaced without
# adding any search characters to the config file.
stripped_key=$(sed 's/[\^=\$,;+]*//g' &lt;&lt;&lt; "^PASS_MIN_DAYS")

# shellcheck disable=SC2059
printf -v formatted_output "%s %s" "$stripped_key" "$var_accounts_minimum_age_login_defs"

# If the key exists, change it. Otherwise, add it to the config_file.
# We search for the key string followed by a word boundary (matched by \&gt;),
# so if we search for 'setting', 'setting2' won't match.
if LC_ALL=C grep -q -m 1 -i -e "^PASS_MIN_DAYS\\&gt;" "/etc/login.defs"; then
    escaped_formatted_output=$(sed -e 's|/|\\/|g' &lt;&lt;&lt; "$formatted_output")
    LC_ALL=C sed -i --follow-symlinks "s/^PASS_MIN_DAYS\\&gt;.*/$escaped_formatted_output/gi" "/etc/login.defs"
else
    if [[ -s "/etc/login.defs" ]] &amp;&amp; [[ -n "$(tail -c 1 -- "/etc/login.defs" || true)" ]]; then
        LC_ALL=C sed -i --follow-symlinks '$a'\\ "/etc/login.defs"
    fi
    cce="CCE-85720-1"
    printf '# Per %s: Set %s in %s\n' "${cce}" "${formatted_output}" "/etc/login.defs" &gt;&gt; "/etc/login.defs"
    printf '%s\n' "$formatted_output" &gt;&gt; "/etc/login.defs"
fi

else
    &gt;&amp;2 echo 'Remediation is not applicable, nothing was done'
fi
</fix>
            <fix xmlns:xhtml="http://www.w3.org/1999/xhtml" id="accounts_minimum_age_login_defs" system="urn:xccdf:fix:script:ansible" complexity="low" disruption="low" strategy="restrict">- name: Gather the package facts
  package_facts:
    manager: auto
  tags:
  - CCE-85720-1
  - CJIS-5.6.2.1.1
  - DISA-STIG-SLES-15-020200
  - NIST-800-171-3.5.8
  - NIST-800-53-IA-5(1)(d)
  - NIST-800-53-IA-5(1).1(v)
  - accounts_minimum_age_login_defs
  - low_complexity
  - low_disruption
  - medium_severity
  - no_reboot_needed
  - restrict_strategy
- name: XCCDF Value var_accounts_minimum_age_login_defs # promote to variable
  set_fact:
    var_accounts_minimum_age_login_defs: !!str <xccdf-1.2:sub xmlns:xccdf-1.2="http://checklists.nist.gov/xccdf/1.2" idref="xccdf_org.ssgproject.content_value_var_accounts_minimum_age_login_defs" use="legacy"/>
  tags:
    - always

- name: Set Password Minimum Age
  ansible.builtin.lineinfile:
    create: true
    dest: /etc/login.defs
    regexp: ^#?PASS_MIN_DAYS
    line: PASS_MIN_DAYS {{ var_accounts_minimum_age_login_defs }}
  when:
  - ("kernel-default" in ansible_facts.packages or "kernel-default-base" in ansible_facts.packages)
  - '"shadow" in ansible_facts.packages'
  tags:
  - CCE-85720-1
  - CJIS-5.6.2.1.1
  - DISA-STIG-SLES-15-020200
  - NIST-800-171-3.5.8
  - NIST-800-53-IA-5(1)(d)
  - NIST-800-53-IA-5(1).1(v)
  - accounts_minimum_age_login_defs
  - low_complexity
  - low_disruption
  - medium_severity
  - no_reboot_needed
  - restrict_strategy
</fix>
            <check system="http://oval.mitre.org/XMLSchema/oval-definitions-5">
              <check-export export-name="oval:ssg-var_accounts_minimum_age_login_defs:var:1" value-id="xccdf_org.ssgproject.content_value_var_accounts_minimum_age_login_defs"/>
              <check-content-ref name="oval:ssg-accounts_minimum_age_login_defs:def:1" href="ssg-sle15-oval.xml"/>
            </check>
            <check system="http://scap.nist.gov/schema/ocil/2">
              <check-content-ref name="ocil:ssg-accounts_minimum_age_login_defs_ocil:questionnaire:1" href="ssg-sle15-ocil.xml"/>
            </check>
          </Rule>
          <Rule id="xccdf_org.ssgproject.content_rule_accounts_password_minlen_login_defs" selected="false" role="full" severity="medium">
            <title xmlns:xhtml="http://www.w3.org/1999/xhtml" xml:lang="en-US">Set Password Minimum Length in login.defs</title>
            <description xmlns:xhtml="http://www.w3.org/1999/xhtml" xml:lang="en-US">To specify password length requirements for new accounts, edit the file
<html:code xmlns:html="http://www.w3.org/1999/xhtml">/etc/login.defs</html:code> and add or correct the following line:
<html:pre xmlns:html="http://www.w3.org/1999/xhtml" xmlns:xccdf-1.2="http://checklists.nist.gov/xccdf/1.2">PASS_MIN_LEN <xccdf-1.2:sub idref="xccdf_org.ssgproject.content_value_var_accounts_password_minlen_login_defs" use="legacy"/>
         </html:pre>
         <html:br xmlns:html="http://www.w3.org/1999/xhtml"/>
         <html:br xmlns:html="http://www.w3.org/1999/xhtml"/>
The profile requirement is
<html:code xmlns:html="http://www.w3.org/1999/xhtml" xmlns:xccdf-1.2="http://checklists.nist.gov/xccdf/1.2"><xccdf-1.2:sub idref="xccdf_org.ssgproject.content_value_var_accounts_password_minlen_login_defs" use="legacy"/></html:code>.
If a program consults <html:code xmlns:html="http://www.w3.org/1999/xhtml">/etc/login.defs</html:code> and also another PAM module
(such as <html:code xmlns:html="http://www.w3.org/1999/xhtml">pam_pwquality</html:code>) during a password change operation, then
the most restrictive must be satisfied. See PAM section for more
information about enforcing password quality requirements.</description>
            <reference href="https://www.cisecurity.org/controls/">1</reference>
            <reference href="https://www.cisecurity.org/controls/">12</reference>
            <reference href="https://www.cisecurity.org/controls/">15</reference>
            <reference href="https://www.cisecurity.org/controls/">16</reference>
            <reference href="https://www.cisecurity.org/controls/">5</reference>
            <reference href="https://www.fbi.gov/file-repository/cjis-security-policy-v5_5_20160601-2-1.pdf">5.6.2.1</reference>
            <reference href="https://www.isaca.org/resources/cobit">DSS05.04</reference>
            <reference href="https://www.isaca.org/resources/cobit">DSS05.05</reference>
            <reference href="https://www.isaca.org/resources/cobit">DSS05.07</reference>
            <reference href="https://www.isaca.org/resources/cobit">DSS05.10</reference>
            <reference href="https://www.isaca.org/resources/cobit">DSS06.03</reference>
            <reference href="https://www.isaca.org/resources/cobit">DSS06.10</reference>
            <reference href="http://nvlpubs.nist.gov/nistpubs/SpecialPublications/NIST.SP.800-171.pdf">3.5.7</reference>
            <reference href="https://www.isa.org/products/isa-62443-2-1-2009-security-for-industrial-automat">4.3.3.2.2</reference>
            <reference href="https://www.isa.org/products/isa-62443-2-1-2009-security-for-industrial-automat">4.3.3.5.1</reference>
            <reference href="https://www.isa.org/products/isa-62443-2-1-2009-security-for-industrial-automat">4.3.3.5.2</reference>
            <reference href="https://www.isa.org/products/isa-62443-2-1-2009-security-for-industrial-automat">4.3.3.6.1</reference>
            <reference href="https://www.isa.org/products/isa-62443-2-1-2009-security-for-industrial-automat">4.3.3.6.2</reference>
            <reference href="https://www.isa.org/products/isa-62443-2-1-2009-security-for-industrial-automat">4.3.3.6.3</reference>
            <reference href="https://www.isa.org/products/isa-62443-2-1-2009-security-for-industrial-automat">4.3.3.6.4</reference>
            <reference href="https://www.isa.org/products/isa-62443-2-1-2009-security-for-industrial-automat">4.3.3.6.5</reference>
            <reference href="https://www.isa.org/products/isa-62443-2-1-2009-security-for-industrial-automat">4.3.3.6.6</reference>
            <reference href="https://www.isa.org/products/isa-62443-2-1-2009-security-for-industrial-automat">4.3.3.6.7</reference>
            <reference href="https://www.isa.org/products/isa-62443-2-1-2009-security-for-industrial-automat">4.3.3.6.8</reference>
            <reference href="https://www.isa.org/products/isa-62443-2-1-2009-security-for-industrial-automat">4.3.3.6.9</reference>
            <reference href="https://www.isa.org/products/isa-62443-2-1-2009-security-for-industrial-automat">4.3.3.7.2</reference>
            <reference href="https://www.isa.org/products/isa-62443-2-1-2009-security-for-industrial-automat">4.3.3.7.4</reference>
            <reference href="https://www.isa.org/products/ansi-isa-62443-3-3-99-03-03-2013-security-for-indu">SR 1.1</reference>
            <reference href="https://www.isa.org/products/ansi-isa-62443-3-3-99-03-03-2013-security-for-indu">SR 1.10</reference>
            <reference href="https://www.isa.org/products/ansi-isa-62443-3-3-99-03-03-2013-security-for-indu">SR 1.2</reference>
            <reference href="https://www.isa.org/products/ansi-isa-62443-3-3-99-03-03-2013-security-for-indu">SR 1.3</reference>
            <reference href="https://www.isa.org/products/ansi-isa-62443-3-3-99-03-03-2013-security-for-indu">SR 1.4</reference>
            <reference href="https://www.isa.org/products/ansi-isa-62443-3-3-99-03-03-2013-security-for-indu">SR 1.5</reference>
            <reference href="https://www.isa.org/products/ansi-isa-62443-3-3-99-03-03-2013-security-for-indu">SR 1.7</reference>
            <reference href="https://www.isa.org/products/ansi-isa-62443-3-3-99-03-03-2013-security-for-indu">SR 1.8</reference>
            <reference href="https://www.isa.org/products/ansi-isa-62443-3-3-99-03-03-2013-security-for-indu">SR 1.9</reference>
            <reference href="https://www.isa.org/products/ansi-isa-62443-3-3-99-03-03-2013-security-for-indu">SR 2.1</reference>
            <reference href="https://www.iso.org/contents/data/standard/05/45/54534.html">A.18.1.4</reference>
            <reference href="https://www.iso.org/contents/data/standard/05/45/54534.html">A.7.1.1</reference>
            <reference href="https://www.iso.org/contents/data/standard/05/45/54534.html">A.9.2.1</reference>
            <reference href="https://www.iso.org/contents/data/standard/05/45/54534.html">A.9.2.2</reference>
            <reference href="https://www.iso.org/contents/data/standard/05/45/54534.html">A.9.2.3</reference>
            <reference href="https://www.iso.org/contents/data/standard/05/45/54534.html">A.9.2.4</reference>
            <reference href="https://www.iso.org/contents/data/standard/05/45/54534.html">A.9.2.6</reference>
            <reference href="https://www.iso.org/contents/data/standard/05/45/54534.html">A.9.3.1</reference>
            <reference href="https://www.iso.org/contents/data/standard/05/45/54534.html">A.9.4.2</reference>
            <reference href="https://www.iso.org/contents/data/standard/05/45/54534.html">A.9.4.3</reference>
            <reference href="http://nvlpubs.nist.gov/nistpubs/SpecialPublications/NIST.SP.800-53r4.pdf">IA-5(f)</reference>
            <reference href="http://nvlpubs.nist.gov/nistpubs/SpecialPublications/NIST.SP.800-53r4.pdf">IA-5(1)(a)</reference>
            <reference href="http://nvlpubs.nist.gov/nistpubs/SpecialPublications/NIST.SP.800-53r4.pdf">CM-6(a)</reference>
            <reference href="https://nvlpubs.nist.gov/nistpubs/CSWP/NIST.CSWP.04162018.pdf">PR.AC-1</reference>
            <reference href="https://nvlpubs.nist.gov/nistpubs/CSWP/NIST.CSWP.04162018.pdf">PR.AC-6</reference>
            <reference href="https://nvlpubs.nist.gov/nistpubs/CSWP/NIST.CSWP.04162018.pdf">PR.AC-7</reference>
            <reference href="https://www.cyber.mil/stigs/downloads/?_dl_facet_stigs=operating-systems%2Cgeneral-purpose-os">SRG-OS-000078-GPOS-00046</reference>
            <reference href="https://cyber.gouv.fr/sites/default/files/document/linux_configuration-en-v2.pdf">R31</reference>
            <reference href="https://www.cyber.gov.au/acsc/view-all-content/ism">0421</reference>
            <reference href="https://www.cyber.gov.au/acsc/view-all-content/ism">0422</reference>
            <reference href="https://www.cyber.gov.au/acsc/view-all-content/ism">0974</reference>
            <reference href="https://www.cyber.gov.au/acsc/view-all-content/ism">1173</reference>
            <reference href="https://www.cyber.gov.au/acsc/view-all-content/ism">1401</reference>
            <reference href="https://www.cyber.gov.au/acsc/view-all-content/ism">1504</reference>
            <reference href="https://www.cyber.gov.au/acsc/view-all-content/ism">1505</reference>
            <reference href="https://www.cyber.gov.au/acsc/view-all-content/ism">1546</reference>
            <reference href="https://www.cyber.gov.au/acsc/view-all-content/ism">1557</reference>
            <reference href="https://www.cyber.gov.au/acsc/view-all-content/ism">1558</reference>
            <reference href="https://www.cyber.gov.au/acsc/view-all-content/ism">1559</reference>
            <reference href="https://www.cyber.gov.au/acsc/view-all-content/ism">1560</reference>
            <reference href="https://www.cyber.gov.au/acsc/view-all-content/ism">1561</reference>
            <rationale xmlns:xhtml="http://www.w3.org/1999/xhtml" xml:lang="en-US">Requiring a minimum password length makes password
cracking attacks more difficult by ensuring a larger
search space. However, any security benefit from an onerous requirement
must be carefully weighed against usability problems, support costs, or counterproductive
behavior that may result.</rationale>
            <platform idref="#package_shadow-utils"/>
            <ident system="https://ncp.nist.gov/cce">CCE-91168-5</ident>
            <fix xmlns:xhtml="http://www.w3.org/1999/xhtml" id="accounts_password_minlen_login_defs" system="urn:xccdf:fix:script:sh"># Remediation is applicable only in certain platforms
if rpm --quiet -q kernel-default || rpm --quiet -q kernel-default-base &amp;&amp; { rpm --quiet -q shadow; }; then

var_accounts_password_minlen_login_defs='<xccdf-1.2:sub xmlns:xccdf-1.2="http://checklists.nist.gov/xccdf/1.2" idref="xccdf_org.ssgproject.content_value_var_accounts_password_minlen_login_defs" use="legacy"/>'

# Strip any search characters in the key arg so that the key can be replaced without
# adding any search characters to the config file.
stripped_key=$(sed 's/[\^=\$,;+]*//g' &lt;&lt;&lt; "^PASS_MIN_LEN")

# shellcheck disable=SC2059
printf -v formatted_output "%s %s" "$stripped_key" "$var_accounts_password_minlen_login_defs"

# If the key exists, change it. Otherwise, add it to the config_file.
# We search for the key string followed by a word boundary (matched by \&gt;),
# so if we search for 'setting', 'setting2' won't match.
if LC_ALL=C grep -q -m 1 -i -e "^PASS_MIN_LEN\\&gt;" "/etc/login.defs"; then
    escaped_formatted_output=$(sed -e 's|/|\\/|g' &lt;&lt;&lt; "$formatted_output")
    LC_ALL=C sed -i --follow-symlinks "s/^PASS_MIN_LEN\\&gt;.*/$escaped_formatted_output/gi" "/etc/login.defs"
else
    if [[ -s "/etc/login.defs" ]] &amp;&amp; [[ -n "$(tail -c 1 -- "/etc/login.defs" || true)" ]]; then
        LC_ALL=C sed -i --follow-symlinks '$a'\\ "/etc/login.defs"
    fi
    cce="CCE-91168-5"
    printf '# Per %s: Set %s in %s\n' "${cce}" "${formatted_output}" "/etc/login.defs" &gt;&gt; "/etc/login.defs"
    printf '%s\n' "$formatted_output" &gt;&gt; "/etc/login.defs"
fi

else
    &gt;&amp;2 echo 'Remediation is not applicable, nothing was done'
fi
</fix>
            <fix xmlns:xhtml="http://www.w3.org/1999/xhtml" id="accounts_password_minlen_login_defs" system="urn:xccdf:fix:script:ansible" complexity="low" disruption="low" strategy="restrict">- name: Gather the package facts
  package_facts:
    manager: auto
  tags:
  - CCE-91168-5
  - CJIS-5.6.2.1
  - NIST-800-171-3.5.7
  - NIST-800-53-CM-6(a)
  - NIST-800-53-IA-5(1)(a)
  - NIST-800-53-IA-5(f)
  - accounts_password_minlen_login_defs
  - low_complexity
  - low_disruption
  - medium_severity
  - no_reboot_needed
  - restrict_strategy
- name: XCCDF Value var_accounts_password_minlen_login_defs # promote to variable
  set_fact:
    var_accounts_password_minlen_login_defs: !!str <xccdf-1.2:sub xmlns:xccdf-1.2="http://checklists.nist.gov/xccdf/1.2" idref="xccdf_org.ssgproject.content_value_var_accounts_password_minlen_login_defs" use="legacy"/>
  tags:
    - always

- name: Set Password Minimum Length in login.defs
  ansible.builtin.lineinfile:
    dest: /etc/login.defs
    regexp: ^PASS_MIN_LEN *[0-9]*
    state: present
    line: PASS_MIN_LEN        {{ var_accounts_password_minlen_login_defs }}
    create: true
  when:
  - ("kernel-default" in ansible_facts.packages or "kernel-default-base" in ansible_facts.packages)
  - '"shadow" in ansible_facts.packages'
  tags:
  - CCE-91168-5
  - CJIS-5.6.2.1
  - NIST-800-171-3.5.7
  - NIST-800-53-CM-6(a)
  - NIST-800-53-IA-5(1)(a)
  - NIST-800-53-IA-5(f)
  - accounts_password_minlen_login_defs
  - low_complexity
  - low_disruption
  - medium_severity
  - no_reboot_needed
  - restrict_strategy
</fix>
            <check system="http://oval.mitre.org/XMLSchema/oval-definitions-5">
              <check-export export-name="oval:ssg-var_accounts_password_minlen_login_defs:var:1" value-id="xccdf_org.ssgproject.content_value_var_accounts_password_minlen_login_defs"/>
              <check-content-ref name="oval:ssg-accounts_password_minlen_login_defs:def:1" href="ssg-sle15-oval.xml"/>
            </check>
            <check system="http://scap.nist.gov/schema/ocil/2">
              <check-content-ref name="ocil:ssg-accounts_password_minlen_login_defs_ocil:questionnaire:1" href="ssg-sle15-ocil.xml"/>
            </check>
          </Rule>
          <Rule id="xccdf_org.ssgproject.content_rule_accounts_password_set_max_life_existing" selected="false" role="full" severity="medium">
            <title xmlns:xhtml="http://www.w3.org/1999/xhtml" xml:lang="en-US">Set Existing Passwords Maximum Age</title>
            <description xmlns:xhtml="http://www.w3.org/1999/xhtml" xml:lang="en-US">Configure non-compliant accounts to enforce a <xccdf-1.2:sub xmlns:xccdf-1.2="http://checklists.nist.gov/xccdf/1.2" idref="xccdf_org.ssgproject.content_value_var_accounts_maximum_age_login_defs" use="legacy"/>-day maximum password lifetime
restriction by running the following command:
<html:pre xmlns:html="http://www.w3.org/1999/xhtml" xmlns:xccdf-1.2="http://checklists.nist.gov/xccdf/1.2">$ sudo chage -M <xccdf-1.2:sub idref="xccdf_org.ssgproject.content_value_var_accounts_maximum_age_login_defs" use="legacy"/>
          <html:i>USER</html:i>
         </html:pre>
        </description>
            <reference href="http://nvlpubs.nist.gov/nistpubs/SpecialPublications/NIST.SP.800-53r4.pdf">IA-5(f)</reference>
            <reference href="http://nvlpubs.nist.gov/nistpubs/SpecialPublications/NIST.SP.800-53r4.pdf">IA-5(1)(d)</reference>
            <reference href="http://nvlpubs.nist.gov/nistpubs/SpecialPublications/NIST.SP.800-53r4.pdf">CM-6(a)</reference>
            <reference href="https://www.cyber.mil/stigs/downloads/?_dl_facet_stigs=operating-systems%2Cgeneral-purpose-os">SRG-OS-000076-GPOS-00044</reference>
            <reference href="https://www.cyber.mil/stigs/downloads/?_dl_facet_stigs=operating-systems%2Cunix-linux">SLES-15-020230</reference>
            <reference href="https://www.cisecurity.org/benchmark/suse_linux/">5.4.1.2</reference>
            <reference href="not_publicly_available">SLES-15-600600015</reference>
            <reference href="https://docs-prv.pcisecuritystandards.org/PCI%20DSS/Standard/PCI-DSS-v4_0.pdf">8.3.9</reference>
            <reference href="https://docs-prv.pcisecuritystandards.org/PCI%20DSS/Standard/PCI-DSS-v4_0.pdf">8.3</reference>
            <reference href="https://www.cyber.mil/stigs/srg-stig-tools/">SV-234892r1038967_rule</reference>
            <rationale xmlns:xhtml="http://www.w3.org/1999/xhtml" xml:lang="en-US">Any password, no matter how complex, can eventually be cracked. Therefore,
passwords need to be changed periodically. If the operating system does
not limit the lifetime of passwords and force users to change their
passwords, there is the risk that the operating system passwords could be
compromised.</rationale>
            <ident system="https://ncp.nist.gov/cce">CCE-85571-8</ident>
            <fix xmlns:xhtml="http://www.w3.org/1999/xhtml" id="accounts_password_set_max_life_existing" system="urn:xccdf:fix:script:sh" complexity="low" disruption="low" strategy="restrict"># Remediation is applicable only in certain platforms
if rpm --quiet -q kernel-default || rpm --quiet -q kernel-default-base; then

var_accounts_maximum_age_login_defs='<xccdf-1.2:sub xmlns:xccdf-1.2="http://checklists.nist.gov/xccdf/1.2" idref="xccdf_org.ssgproject.content_value_var_accounts_maximum_age_login_defs" use="legacy"/>'


while IFS= read -r i; do
    
    passwd -q -x $var_accounts_maximum_age_login_defs $i

done &lt;   &lt;(awk -v var="$var_accounts_maximum_age_login_defs" -F: '(/^[^:]+:[^!*]/ &amp;&amp; ($5 &gt; var || $5 == "")) {print $1}' /etc/shadow)

else
    &gt;&amp;2 echo 'Remediation is not applicable, nothing was done'
fi
</fix>
            <fix xmlns:xhtml="http://www.w3.org/1999/xhtml" id="accounts_password_set_max_life_existing" system="urn:xccdf:fix:script:ansible" complexity="low" disruption="low" strategy="restrict">- name: Gather the package facts
  package_facts:
    manager: auto
  tags:
  - CCE-85571-8
  - DISA-STIG-SLES-15-020230
  - NIST-800-53-CM-6(a)
  - NIST-800-53-IA-5(1)(d)
  - NIST-800-53-IA-5(f)
  - PCI-DSSv4-8.3
  - PCI-DSSv4-8.3.9
  - accounts_password_set_max_life_existing
  - low_complexity
  - low_disruption
  - medium_severity
  - no_reboot_needed
  - restrict_strategy
- name: XCCDF Value var_accounts_maximum_age_login_defs # promote to variable
  set_fact:
    var_accounts_maximum_age_login_defs: !!str <xccdf-1.2:sub xmlns:xccdf-1.2="http://checklists.nist.gov/xccdf/1.2" idref="xccdf_org.ssgproject.content_value_var_accounts_maximum_age_login_defs" use="legacy"/>
  tags:
    - always

- name: Collect users with not correct maximum time period between password changes
  ansible.builtin.command:
    cmd: awk -F':' '(/^[^:]+:[^!*]/ &amp;&amp; ($5 &gt; {{ var_accounts_maximum_age_login_defs
      }} || $5 == "")) {print $1}' /etc/shadow
  register: user_names
  changed_when: false
  check_mode: false
  when: ("kernel-default" in ansible_facts.packages or "kernel-default-base" in ansible_facts.packages)
  tags:
  - CCE-85571-8
  - DISA-STIG-SLES-15-020230
  - NIST-800-53-CM-6(a)
  - NIST-800-53-IA-5(1)(d)
  - NIST-800-53-IA-5(f)
  - PCI-DSSv4-8.3
  - PCI-DSSv4-8.3.9
  - accounts_password_set_max_life_existing
  - low_complexity
  - low_disruption
  - medium_severity
  - no_reboot_needed
  - restrict_strategy

- name: Change the maximum time period between password changes
  ansible.builtin.command:
    cmd: passwd -q -x {{ var_accounts_maximum_age_login_defs }} {{ item }}
  with_items: '{{ user_names.stdout_lines }}'
  when:
  - ("kernel-default" in ansible_facts.packages or "kernel-default-base" in ansible_facts.packages)
  - user_names.stdout_lines | length &gt; 0
  tags:
  - CCE-85571-8
  - DISA-STIG-SLES-15-020230
  - NIST-800-53-CM-6(a)
  - NIST-800-53-IA-5(1)(d)
  - NIST-800-53-IA-5(f)
  - PCI-DSSv4-8.3
  - PCI-DSSv4-8.3.9
  - accounts_password_set_max_life_existing
  - low_complexity
  - low_disruption
  - medium_severity
  - no_reboot_needed
  - restrict_strategy
</fix>
            <check system="http://oval.mitre.org/XMLSchema/oval-definitions-5">
              <check-export export-name="oval:ssg-var_accounts_minimum_age_login_defs:var:1" value-id="xccdf_org.ssgproject.content_value_var_accounts_minimum_age_login_defs"/>
              <check-export export-name="oval:ssg-var_accounts_maximum_age_login_defs:var:1" value-id="xccdf_org.ssgproject.content_value_var_accounts_maximum_age_login_defs"/>
              <check-content-ref name="oval:ssg-accounts_password_set_max_life_existing:def:1" href="ssg-sle15-oval.xml"/>
            </check>
            <check system="http://scap.nist.gov/schema/ocil/2">
              <check-content-ref name="ocil:ssg-accounts_password_set_max_life_existing_ocil:questionnaire:1" href="ssg-sle15-ocil.xml"/>
            </check>
          </Rule>
          <Rule id="xccdf_org.ssgproject.content_rule_accounts_password_set_max_life_root" selected="false" role="full" severity="medium">
            <title xmlns:xhtml="http://www.w3.org/1999/xhtml" xml:lang="en-US">Set Root Account Password Maximum Age</title>
            <description xmlns:xhtml="http://www.w3.org/1999/xhtml" xml:lang="en-US">Configure the root account to enforce a <xccdf-1.2:sub xmlns:xccdf-1.2="http://checklists.nist.gov/xccdf/1.2" idref="xccdf_org.ssgproject.content_value_var_accounts_maximum_age_root" use="legacy"/>-day maximum password lifetime restriction by running the following command:
<html:pre xmlns:html="http://www.w3.org/1999/xhtml" xmlns:xccdf-1.2="http://checklists.nist.gov/xccdf/1.2">$ sudo chage -M <xccdf-1.2:sub idref="xccdf_org.ssgproject.content_value_var_accounts_maximum_age_root" use="legacy"/> root</html:pre>
        </description>
            <reference href="https://cyber.gouv.fr/sites/default/files/document/linux_configuration-en-v2.pdf">R31</reference>
            <rationale xmlns:xhtml="http://www.w3.org/1999/xhtml" xml:lang="en-US">Any password, no matter how complex, can eventually be cracked. Therefore,
passwords need to be changed periodically. If the operating system does
not limit the lifetime of passwords and force users to change their
passwords, there is the risk that the operating system passwords could be
compromised.</rationale>
            <check system="http://oval.mitre.org/XMLSchema/oval-definitions-5">
              <check-export export-name="oval:ssg-var_accounts_maximum_age_root:var:1" value-id="xccdf_org.ssgproject.content_value_var_accounts_maximum_age_root"/>
              <check-content-ref name="oval:ssg-accounts_password_set_max_life_root:def:1" href="ssg-sle15-oval.xml"/>
            </check>
            <check system="http://scap.nist.gov/schema/ocil/2">
              <check-content-ref name="ocil:ssg-accounts_password_set_max_life_root_ocil:questionnaire:1" href="ssg-sle15-ocil.xml"/>
            </check>
          </Rule>
          <Rule id="xccdf_org.ssgproject.content_rule_accounts_password_set_min_life_existing" selected="false" role="full" severity="medium">
            <title xmlns:xhtml="http://www.w3.org/1999/xhtml" xml:lang="en-US">Set Existing Passwords Minimum Age</title>
            <description xmlns:xhtml="http://www.w3.org/1999/xhtml" xml:lang="en-US">Configure non-compliant accounts to enforce a 24 hours/1 day minimum password
lifetime by running the following command:
<html:pre xmlns:html="http://www.w3.org/1999/xhtml">$ sudo chage -m 1 <html:i>USER</html:i>
         </html:pre>
        </description>
            <reference href="http://nvlpubs.nist.gov/nistpubs/SpecialPublications/NIST.SP.800-53r4.pdf">IA-5(1).1(v)</reference>
            <reference href="https://www.cyber.mil/stigs/downloads/?_dl_facet_stigs=operating-systems%2Cgeneral-purpose-os">SRG-OS-000075-GPOS-00043</reference>
            <reference href="https://www.cyber.mil/stigs/downloads/?_dl_facet_stigs=operating-systems%2Cunix-linux">SLES-15-020210</reference>
            <reference href="https://www.cisecurity.org/benchmark/suse_linux/">5.4.1.3</reference>
            <reference href="not_publicly_available">SLES-15-600600030</reference>
            <reference href="https://www.cyber.mil/stigs/srg-stig-tools/">SV-234890r1009629_rule</reference>
            <rationale xmlns:xhtml="http://www.w3.org/1999/xhtml" xml:lang="en-US">Enforcing a minimum password lifetime helps to prevent repeated password
changes to defeat the password reuse or history enforcement requirement. If
users are allowed to immediately and continually change their password, the
password could be repeatedly changed in a short period of time to defeat the
organization's policy regarding password reuse.</rationale>
            <ident system="https://ncp.nist.gov/cce">CCE-85710-2</ident>
            <fix xmlns:xhtml="http://www.w3.org/1999/xhtml" id="accounts_password_set_min_life_existing" system="urn:xccdf:fix:script:sh" complexity="low" disruption="low" strategy="restrict"># Remediation is applicable only in certain platforms
if rpm --quiet -q kernel-default || rpm --quiet -q kernel-default-base; then

var_accounts_minimum_age_login_defs='<xccdf-1.2:sub xmlns:xccdf-1.2="http://checklists.nist.gov/xccdf/1.2" idref="xccdf_org.ssgproject.content_value_var_accounts_minimum_age_login_defs" use="legacy"/>'


while IFS= read -r i; do
    
    passwd -q -n $var_accounts_minimum_age_login_defs $i

done &lt;   &lt;(awk -v var="$var_accounts_minimum_age_login_defs" -F: '(/^[^:]+:[^!*]/ &amp;&amp; ($4 &lt; var || $4 == "")) {print $1}' /etc/shadow)

else
    &gt;&amp;2 echo 'Remediation is not applicable, nothing was done'
fi
</fix>
            <fix xmlns:xhtml="http://www.w3.org/1999/xhtml" id="accounts_password_set_min_life_existing" system="urn:xccdf:fix:script:ansible" complexity="low" disruption="low" strategy="restrict">- name: Gather the package facts
  package_facts:
    manager: auto
  tags:
  - CCE-85710-2
  - DISA-STIG-SLES-15-020210
  - NIST-800-53-IA-5(1).1(v)
  - accounts_password_set_min_life_existing
  - low_complexity
  - low_disruption
  - medium_severity
  - no_reboot_needed
  - restrict_strategy
- name: XCCDF Value var_accounts_minimum_age_login_defs # promote to variable
  set_fact:
    var_accounts_minimum_age_login_defs: !!str <xccdf-1.2:sub xmlns:xccdf-1.2="http://checklists.nist.gov/xccdf/1.2" idref="xccdf_org.ssgproject.content_value_var_accounts_minimum_age_login_defs" use="legacy"/>
  tags:
    - always

- name: Collect users with not correct minimum time period between password changes
  ansible.builtin.command: |
    awk -F':' '(/^[^:]+:[^!*]/ &amp;&amp; ($4 &lt; {{ var_accounts_minimum_age_login_defs }} || $4 == "")) {print $1}' /etc/shadow
  register: user_names
  changed_when: false
  check_mode: false
  when: ("kernel-default" in ansible_facts.packages or "kernel-default-base" in ansible_facts.packages)
  tags:
  - CCE-85710-2
  - DISA-STIG-SLES-15-020210
  - NIST-800-53-IA-5(1).1(v)
  - accounts_password_set_min_life_existing
  - low_complexity
  - low_disruption
  - medium_severity
  - no_reboot_needed
  - restrict_strategy

- name: Change the minimum time period between password changes
  ansible.builtin.command: |
    passwd -q -n {{ var_accounts_minimum_age_login_defs }} {{ item }}
  with_items: '{{ user_names.stdout_lines }}'
  when:
  - ("kernel-default" in ansible_facts.packages or "kernel-default-base" in ansible_facts.packages)
  - user_names.stdout_lines | length &gt; 0
  tags:
  - CCE-85710-2
  - DISA-STIG-SLES-15-020210
  - NIST-800-53-IA-5(1).1(v)
  - accounts_password_set_min_life_existing
  - low_complexity
  - low_disruption
  - medium_severity
  - no_reboot_needed
  - restrict_strategy
</fix>
            <check system="http://oval.mitre.org/XMLSchema/oval-definitions-5">
              <check-export export-name="oval:ssg-var_accounts_minimum_age_login_defs:var:1" value-id="xccdf_org.ssgproject.content_value_var_accounts_minimum_age_login_defs"/>
              <check-export export-name="oval:ssg-var_accounts_maximum_age_login_defs:var:1" value-id="xccdf_org.ssgproject.content_value_var_accounts_maximum_age_login_defs"/>
              <check-content-ref name="oval:ssg-accounts_password_set_min_life_existing:def:1" href="ssg-sle15-oval.xml"/>
            </check>
            <check system="http://scap.nist.gov/schema/ocil/2">
              <check-content-ref name="ocil:ssg-accounts_password_set_min_life_existing_ocil:questionnaire:1" href="ssg-sle15-ocil.xml"/>
            </check>
          </Rule>
          <Rule id="xccdf_org.ssgproject.content_rule_accounts_password_set_warn_age_existing" selected="false" role="full" severity="medium">
            <title xmlns:xhtml="http://www.w3.org/1999/xhtml" xml:lang="en-US">Set Existing Passwords Warning Age</title>
            <description xmlns:xhtml="http://www.w3.org/1999/xhtml" xml:lang="en-US">To configure how many days prior to password expiration that a warning will be issued to
users, run the command:
<html:pre xmlns:html="http://www.w3.org/1999/xhtml" xmlns:xccdf-1.2="http://checklists.nist.gov/xccdf/1.2">$ sudo chage --warndays <xccdf-1.2:sub idref="xccdf_org.ssgproject.content_value_var_accounts_password_warn_age_login_defs" use="legacy"/>
          <html:i>USER</html:i>
         </html:pre>
This profile requirement is <html:code xmlns:html="http://www.w3.org/1999/xhtml" xmlns:xccdf-1.2="http://checklists.nist.gov/xccdf/1.2"><xccdf-1.2:sub idref="xccdf_org.ssgproject.content_value_var_accounts_password_warn_age_login_defs" use="legacy"/></html:code>.</description>
            <reference href="http://nvlpubs.nist.gov/nistpubs/SpecialPublications/NIST.SP.800-53r4.pdf">IA-5(1).1(v)</reference>
            <reference href="https://www.cisecurity.org/benchmark/suse_linux/">5.4.1.4</reference>
            <reference href="not_publicly_available">SLES-15-600600045</reference>
            <reference href="https://docs-prv.pcisecuritystandards.org/PCI%20DSS/Standard/PCI-DSS-v4_0.pdf">8.3.9</reference>
            <reference href="https://docs-prv.pcisecuritystandards.org/PCI%20DSS/Standard/PCI-DSS-v4_0.pdf">8.3</reference>
            <rationale xmlns:xhtml="http://www.w3.org/1999/xhtml" xml:lang="en-US">Providing an advance warning that a password will be expiring gives users
time to think of a secure password. Users caught unaware may choose a simple
password or write it down where it may be discovered.</rationale>
            <ident system="https://ncp.nist.gov/cce">CCE-92479-5</ident>
            <fix xmlns:xhtml="http://www.w3.org/1999/xhtml" id="accounts_password_set_warn_age_existing" system="urn:xccdf:fix:script:sh" complexity="low" disruption="low" strategy="configure"># Remediation is applicable only in certain platforms
if rpm --quiet -q kernel-default || rpm --quiet -q kernel-default-base; then

var_accounts_password_warn_age_login_defs='<xccdf-1.2:sub xmlns:xccdf-1.2="http://checklists.nist.gov/xccdf/1.2" idref="xccdf_org.ssgproject.content_value_var_accounts_password_warn_age_login_defs" use="legacy"/>'


while IFS= read -r i; do
    chage --warndays $var_accounts_password_warn_age_login_defs $i
done &lt;   &lt;(awk -v var="$var_accounts_password_warn_age_login_defs" -F: '(($6 &lt; var || $6 == "") &amp;&amp; $2 ~ /^\$/) {print $1}' /etc/shadow)

else
    &gt;&amp;2 echo 'Remediation is not applicable, nothing was done'
fi
</fix>
            <fix xmlns:xhtml="http://www.w3.org/1999/xhtml" id="accounts_password_set_warn_age_existing" system="urn:xccdf:fix:script:ansible" complexity="low" disruption="low" strategy="configure">- name: Gather the package facts
  package_facts:
    manager: auto
  tags:
  - CCE-92479-5
  - NIST-800-53-IA-5(1).1(v)
  - PCI-DSSv4-8.3
  - PCI-DSSv4-8.3.9
  - accounts_password_set_warn_age_existing
  - configure_strategy
  - low_complexity
  - low_disruption
  - medium_severity
  - no_reboot_needed
- name: XCCDF Value var_accounts_password_warn_age_login_defs # promote to variable
  set_fact:
    var_accounts_password_warn_age_login_defs: !!str <xccdf-1.2:sub xmlns:xccdf-1.2="http://checklists.nist.gov/xccdf/1.2" idref="xccdf_org.ssgproject.content_value_var_accounts_password_warn_age_login_defs" use="legacy"/>
  tags:
    - always

- name: Set Existing Passwords Warning Age - Collect Users With Incorrect Number of
    Days of Warning Before Password Expires
  ansible.builtin.command:
    cmd: awk -F':' '(($6 &lt; {{ var_accounts_password_warn_age_login_defs }} || $6 ==
      "") &amp;&amp; $2 ~ /^\$/) {print $1}' /etc/shadow
  register: result_pass_warn_age_user_names
  changed_when: false
  when: ("kernel-default" in ansible_facts.packages or "kernel-default-base" in ansible_facts.packages)
  tags:
  - CCE-92479-5
  - NIST-800-53-IA-5(1).1(v)
  - PCI-DSSv4-8.3
  - PCI-DSSv4-8.3.9
  - accounts_password_set_warn_age_existing
  - configure_strategy
  - low_complexity
  - low_disruption
  - medium_severity
  - no_reboot_needed

- name: Set Existing Passwords Warning Age - Ensure the Number of Days of Warning
    Before Password Expires
  ansible.builtin.command:
    cmd: chage --warndays {{ var_accounts_password_warn_age_login_defs }} {{ item
      }}
  with_items: '{{ result_pass_warn_age_user_names.stdout_lines }}'
  when:
  - ("kernel-default" in ansible_facts.packages or "kernel-default-base" in ansible_facts.packages)
  - result_pass_warn_age_user_names is not skipped and result_pass_warn_age_user_names.stdout_lines
    | length &gt; 0
  tags:
  - CCE-92479-5
  - NIST-800-53-IA-5(1).1(v)
  - PCI-DSSv4-8.3
  - PCI-DSSv4-8.3.9
  - accounts_password_set_warn_age_existing
  - configure_strategy
  - low_complexity
  - low_disruption
  - medium_severity
  - no_reboot_needed
</fix>
            <check system="http://oval.mitre.org/XMLSchema/oval-definitions-5">
              <check-export export-name="oval:ssg-var_accounts_password_warn_age_login_defs:var:1" value-id="xccdf_org.ssgproject.content_value_var_accounts_password_warn_age_login_defs"/>
              <check-content-ref name="oval:ssg-accounts_password_set_warn_age_existing:def:1" href="ssg-sle15-oval.xml"/>
            </check>
            <check system="http://scap.nist.gov/schema/ocil/2">
              <check-content-ref name="ocil:ssg-accounts_password_set_warn_age_existing_ocil:questionnaire:1" href="ssg-sle15-ocil.xml"/>
            </check>
          </Rule>
          <Rule id="xccdf_org.ssgproject.content_rule_accounts_password_warn_age_login_defs" selected="false" role="full" severity="medium">
            <title xmlns:xhtml="http://www.w3.org/1999/xhtml" xml:lang="en-US">Set Password Warning Age</title>
            <description xmlns:xhtml="http://www.w3.org/1999/xhtml" xml:lang="en-US">To specify how many days prior to password
expiration that a warning will be issued to users,
edit the file <html:code xmlns:html="http://www.w3.org/1999/xhtml">/etc/login.defs</html:code> and add or correct
 the following line:
<html:pre xmlns:html="http://www.w3.org/1999/xhtml" xmlns:xccdf-1.2="http://checklists.nist.gov/xccdf/1.2">PASS_WARN_AGE <xccdf-1.2:sub idref="xccdf_org.ssgproject.content_value_var_accounts_password_warn_age_login_defs" use="legacy"/>
         </html:pre>
The profile requirement is <html:code xmlns:html="http://www.w3.org/1999/xhtml" xmlns:xccdf-1.2="http://checklists.nist.gov/xccdf/1.2"><xccdf-1.2:sub idref="xccdf_org.ssgproject.content_value_var_accounts_password_warn_age_login_defs" use="legacy"/></html:code>.</description>
            <reference href="https://www.cisecurity.org/controls/">1</reference>
            <reference href="https://www.cisecurity.org/controls/">12</reference>
            <reference href="https://www.cisecurity.org/controls/">13</reference>
            <reference href="https://www.cisecurity.org/controls/">14</reference>
            <reference href="https://www.cisecurity.org/controls/">15</reference>
            <reference href="https://www.cisecurity.org/controls/">16</reference>
            <reference href="https://www.cisecurity.org/controls/">18</reference>
            <reference href="https://www.cisecurity.org/controls/">3</reference>
            <reference href="https://www.cisecurity.org/controls/">5</reference>
            <reference href="https://www.cisecurity.org/controls/">7</reference>
            <reference href="https://www.cisecurity.org/controls/">8</reference>
            <reference href="https://www.isaca.org/resources/cobit">DSS01.03</reference>
            <reference href="https://www.isaca.org/resources/cobit">DSS03.05</reference>
            <reference href="https://www.isaca.org/resources/cobit">DSS05.04</reference>
            <reference href="https://www.isaca.org/resources/cobit">DSS05.05</reference>
            <reference href="https://www.isaca.org/resources/cobit">DSS05.07</reference>
            <reference href="https://www.isaca.org/resources/cobit">DSS05.10</reference>
            <reference href="https://www.isaca.org/resources/cobit">DSS06.03</reference>
            <reference href="https://www.isaca.org/resources/cobit">DSS06.10</reference>
            <reference href="http://nvlpubs.nist.gov/nistpubs/SpecialPublications/NIST.SP.800-171.pdf">3.5.8</reference>
            <reference href="https://www.isa.org/products/isa-62443-2-1-2009-security-for-industrial-automat">4.3.3.2.2</reference>
            <reference href="https://www.isa.org/products/isa-62443-2-1-2009-security-for-industrial-automat">4.3.3.5.1</reference>
            <reference href="https://www.isa.org/products/isa-62443-2-1-2009-security-for-industrial-automat">4.3.3.5.2</reference>
            <reference href="https://www.isa.org/products/isa-62443-2-1-2009-security-for-industrial-automat">4.3.3.6.1</reference>
            <reference href="https://www.isa.org/products/isa-62443-2-1-2009-security-for-industrial-automat">4.3.3.6.2</reference>
            <reference href="https://www.isa.org/products/isa-62443-2-1-2009-security-for-industrial-automat">4.3.3.6.3</reference>
            <reference href="https://www.isa.org/products/isa-62443-2-1-2009-security-for-industrial-automat">4.3.3.6.4</reference>
            <reference href="https://www.isa.org/products/isa-62443-2-1-2009-security-for-industrial-automat">4.3.3.6.5</reference>
            <reference href="https://www.isa.org/products/isa-62443-2-1-2009-security-for-industrial-automat">4.3.3.6.6</reference>
            <reference href="https://www.isa.org/products/isa-62443-2-1-2009-security-for-industrial-automat">4.3.3.6.7</reference>
            <reference href="https://www.isa.org/products/isa-62443-2-1-2009-security-for-industrial-automat">4.3.3.6.8</reference>
            <reference href="https://www.isa.org/products/isa-62443-2-1-2009-security-for-industrial-automat">4.3.3.6.9</reference>
            <reference href="https://www.isa.org/products/isa-62443-2-1-2009-security-for-industrial-automat">4.3.3.7.2</reference>
            <reference href="https://www.isa.org/products/isa-62443-2-1-2009-security-for-industrial-automat">4.3.3.7.3</reference>
            <reference href="https://www.isa.org/products/isa-62443-2-1-2009-security-for-industrial-automat">4.3.3.7.4</reference>
            <reference href="https://www.isa.org/products/ansi-isa-62443-3-3-99-03-03-2013-security-for-indu">SR 1.1</reference>
            <reference href="https://www.isa.org/products/ansi-isa-62443-3-3-99-03-03-2013-security-for-indu">SR 1.10</reference>
            <reference href="https://www.isa.org/products/ansi-isa-62443-3-3-99-03-03-2013-security-for-indu">SR 1.2</reference>
            <reference href="https://www.isa.org/products/ansi-isa-62443-3-3-99-03-03-2013-security-for-indu">SR 1.3</reference>
            <reference href="https://www.isa.org/products/ansi-isa-62443-3-3-99-03-03-2013-security-for-indu">SR 1.4</reference>
            <reference href="https://www.isa.org/products/ansi-isa-62443-3-3-99-03-03-2013-security-for-indu">SR 1.5</reference>
            <reference href="https://www.isa.org/products/ansi-isa-62443-3-3-99-03-03-2013-security-for-indu">SR 1.7</reference>
            <reference href="https://www.isa.org/products/ansi-isa-62443-3-3-99-03-03-2013-security-for-indu">SR 1.8</reference>
            <reference href="https://www.isa.org/products/ansi-isa-62443-3-3-99-03-03-2013-security-for-indu">SR 1.9</reference>
            <reference href="https://www.isa.org/products/ansi-isa-62443-3-3-99-03-03-2013-security-for-indu">SR 2.1</reference>
            <reference href="https://www.isa.org/products/ansi-isa-62443-3-3-99-03-03-2013-security-for-indu">SR 6.2</reference>
            <reference href="https://www.iso.org/contents/data/standard/05/45/54534.html">A.12.4.1</reference>
            <reference href="https://www.iso.org/contents/data/standard/05/45/54534.html">A.12.4.3</reference>
            <reference href="https://www.iso.org/contents/data/standard/05/45/54534.html">A.18.1.4</reference>
            <reference href="https://www.iso.org/contents/data/standard/05/45/54534.html">A.6.1.2</reference>
            <reference href="https://www.iso.org/contents/data/standard/05/45/54534.html">A.7.1.1</reference>
            <reference href="https://www.iso.org/contents/data/standard/05/45/54534.html">A.9.1.2</reference>
            <reference href="https://www.iso.org/contents/data/standard/05/45/54534.html">A.9.2.1</reference>
            <reference href="https://www.iso.org/contents/data/standard/05/45/54534.html">A.9.2.2</reference>
            <reference href="https://www.iso.org/contents/data/standard/05/45/54534.html">A.9.2.3</reference>
            <reference href="https://www.iso.org/contents/data/standard/05/45/54534.html">A.9.2.4</reference>
            <reference href="https://www.iso.org/contents/data/standard/05/45/54534.html">A.9.2.6</reference>
            <reference href="https://www.iso.org/contents/data/standard/05/45/54534.html">A.9.3.1</reference>
            <reference href="https://www.iso.org/contents/data/standard/05/45/54534.html">A.9.4.1</reference>
            <reference href="https://www.iso.org/contents/data/standard/05/45/54534.html">A.9.4.2</reference>
            <reference href="https://www.iso.org/contents/data/standard/05/45/54534.html">A.9.4.3</reference>
            <reference href="https://www.iso.org/contents/data/standard/05/45/54534.html">A.9.4.4</reference>
            <reference href="https://www.iso.org/contents/data/standard/05/45/54534.html">A.9.4.5</reference>
            <reference href="http://nvlpubs.nist.gov/nistpubs/SpecialPublications/NIST.SP.800-53r4.pdf">IA-5(f)</reference>
            <reference href="http://nvlpubs.nist.gov/nistpubs/SpecialPublications/NIST.SP.800-53r4.pdf">IA-5(1)(d)</reference>
            <reference href="http://nvlpubs.nist.gov/nistpubs/SpecialPublications/NIST.SP.800-53r4.pdf">CM-6(a)</reference>
            <reference href="https://nvlpubs.nist.gov/nistpubs/CSWP/NIST.CSWP.04162018.pdf">DE.CM-1</reference>
            <reference href="https://nvlpubs.nist.gov/nistpubs/CSWP/NIST.CSWP.04162018.pdf">DE.CM-3</reference>
            <reference href="https://nvlpubs.nist.gov/nistpubs/CSWP/NIST.CSWP.04162018.pdf">PR.AC-1</reference>
            <reference href="https://nvlpubs.nist.gov/nistpubs/CSWP/NIST.CSWP.04162018.pdf">PR.AC-4</reference>
            <reference href="https://nvlpubs.nist.gov/nistpubs/CSWP/NIST.CSWP.04162018.pdf">PR.AC-6</reference>
            <reference href="https://nvlpubs.nist.gov/nistpubs/CSWP/NIST.CSWP.04162018.pdf">PR.AC-7</reference>
            <reference href="https://www.pcisecuritystandards.org/documents/PCI_DSS_v3-2-1.pdf">Req-8.2.4</reference>
            <reference href="https://www.cisecurity.org/benchmark/suse_linux/">5.4.1.4</reference>
            <reference href="not_publicly_available">SLES-15-600600045</reference>
            <reference href="https://www.cyber.gov.au/acsc/view-all-content/ism">0418</reference>
            <reference href="https://www.cyber.gov.au/acsc/view-all-content/ism">1055</reference>
            <reference href="https://www.cyber.gov.au/acsc/view-all-content/ism">1402</reference>
            <reference href="https://docs-prv.pcisecuritystandards.org/PCI%20DSS/Standard/PCI-DSS-v4_0.pdf">8.3.9</reference>
            <reference href="https://docs-prv.pcisecuritystandards.org/PCI%20DSS/Standard/PCI-DSS-v4_0.pdf">8.3</reference>
            <rationale xmlns:xhtml="http://www.w3.org/1999/xhtml" xml:lang="en-US">Setting the password warning age enables users to
make the change at a practical time.</rationale>
            <platform idref="#package_shadow-utils"/>
            <ident system="https://ncp.nist.gov/cce">CCE-91335-0</ident>
            <fix xmlns:xhtml="http://www.w3.org/1999/xhtml" id="accounts_password_warn_age_login_defs" system="urn:xccdf:fix:script:sh"># Remediation is applicable only in certain platforms
if rpm --quiet -q kernel-default || rpm --quiet -q kernel-default-base &amp;&amp; { rpm --quiet -q shadow; }; then

var_accounts_password_warn_age_login_defs='<xccdf-1.2:sub xmlns:xccdf-1.2="http://checklists.nist.gov/xccdf/1.2" idref="xccdf_org.ssgproject.content_value_var_accounts_password_warn_age_login_defs" use="legacy"/>'

# Strip any search characters in the key arg so that the key can be replaced without
# adding any search characters to the config file.
stripped_key=$(sed 's/[\^=\$,;+]*//g' &lt;&lt;&lt; "^PASS_WARN_AGE")

# shellcheck disable=SC2059
printf -v formatted_output "%s %s" "$stripped_key" "$var_accounts_password_warn_age_login_defs"

# If the key exists, change it. Otherwise, add it to the config_file.
# We search for the key string followed by a word boundary (matched by \&gt;),
# so if we search for 'setting', 'setting2' won't match.
if LC_ALL=C grep -q -m 1 -i -e "^PASS_WARN_AGE\\&gt;" "/etc/login.defs"; then
    escaped_formatted_output=$(sed -e 's|/|\\/|g' &lt;&lt;&lt; "$formatted_output")
    LC_ALL=C sed -i --follow-symlinks "s/^PASS_WARN_AGE\\&gt;.*/$escaped_formatted_output/gi" "/etc/login.defs"
else
    if [[ -s "/etc/login.defs" ]] &amp;&amp; [[ -n "$(tail -c 1 -- "/etc/login.defs" || true)" ]]; then
        LC_ALL=C sed -i --follow-symlinks '$a'\\ "/etc/login.defs"
    fi
    cce="CCE-91335-0"
    printf '# Per %s: Set %s in %s\n' "${cce}" "${formatted_output}" "/etc/login.defs" &gt;&gt; "/etc/login.defs"
    printf '%s\n' "$formatted_output" &gt;&gt; "/etc/login.defs"
fi

else
    &gt;&amp;2 echo 'Remediation is not applicable, nothing was done'
fi
</fix>
            <fix xmlns:xhtml="http://www.w3.org/1999/xhtml" id="accounts_password_warn_age_login_defs" system="urn:xccdf:fix:script:ansible" complexity="low" disruption="low" strategy="restrict">- name: Gather the package facts
  package_facts:
    manager: auto
  tags:
  - CCE-91335-0
  - NIST-800-171-3.5.8
  - NIST-800-53-CM-6(a)
  - NIST-800-53-IA-5(1)(d)
  - NIST-800-53-IA-5(f)
  - PCI-DSS-Req-8.2.4
  - PCI-DSSv4-8.3
  - PCI-DSSv4-8.3.9
  - accounts_password_warn_age_login_defs
  - low_complexity
  - low_disruption
  - medium_severity
  - no_reboot_needed
  - restrict_strategy
- name: XCCDF Value var_accounts_password_warn_age_login_defs # promote to variable
  set_fact:
    var_accounts_password_warn_age_login_defs: !!str <xccdf-1.2:sub xmlns:xccdf-1.2="http://checklists.nist.gov/xccdf/1.2" idref="xccdf_org.ssgproject.content_value_var_accounts_password_warn_age_login_defs" use="legacy"/>
  tags:
    - always

- name: Set Password Warning Age
  ansible.builtin.lineinfile:
    dest: /etc/login.defs
    regexp: ^PASS_WARN_AGE *[0-9]*
    state: present
    line: PASS_WARN_AGE        {{ var_accounts_password_warn_age_login_defs }}
    create: true
  when:
  - ("kernel-default" in ansible_facts.packages or "kernel-default-base" in ansible_facts.packages)
  - '"shadow" in ansible_facts.packages'
  tags:
  - CCE-91335-0
  - NIST-800-171-3.5.8
  - NIST-800-53-CM-6(a)
  - NIST-800-53-IA-5(1)(d)
  - NIST-800-53-IA-5(f)
  - PCI-DSS-Req-8.2.4
  - PCI-DSSv4-8.3
  - PCI-DSSv4-8.3.9
  - accounts_password_warn_age_login_defs
  - low_complexity
  - low_disruption
  - medium_severity
  - no_reboot_needed
  - restrict_strategy
</fix>
            <check system="http://oval.mitre.org/XMLSchema/oval-definitions-5">
              <check-export export-name="oval:ssg-var_accounts_password_warn_age_login_defs:var:1" value-id="xccdf_org.ssgproject.content_value_var_accounts_password_warn_age_login_defs"/>
              <check-content-ref name="oval:ssg-accounts_password_warn_age_login_defs:def:1" href="ssg-sle15-oval.xml"/>
            </check>
            <check system="http://scap.nist.gov/schema/ocil/2">
              <check-content-ref name="ocil:ssg-accounts_password_warn_age_login_defs_ocil:questionnaire:1" href="ssg-sle15-ocil.xml"/>
            </check>
          </Rule>
          <Rule id="xccdf_org.ssgproject.content_rule_accounts_set_post_pw_existing" selected="false" role="full" severity="medium">
            <title xmlns:xhtml="http://www.w3.org/1999/xhtml" xml:lang="en-US">Set existing passwords a period of inactivity before they been locked</title>
            <description xmlns:xhtml="http://www.w3.org/1999/xhtml" xml:lang="en-US">Configure user accounts that have been inactive for over a given period of time
to be automatically disabled by running the following command:
<html:pre xmlns:html="http://www.w3.org/1999/xhtml">$ sudo chage --inactive 30 USER</html:pre>
        </description>
            <reference href="https://www.isaca.org/resources/cobit">DSS01.03</reference>
            <reference href="https://www.isaca.org/resources/cobit">DSS03.05</reference>
            <reference href="https://www.isaca.org/resources/cobit">DSS05.04</reference>
            <reference href="https://www.isaca.org/resources/cobit">DSS05.05</reference>
            <reference href="https://www.isaca.org/resources/cobit">DSS05.07</reference>
            <reference href="https://www.isaca.org/resources/cobit">DSS05.10</reference>
            <reference href="https://www.isaca.org/resources/cobit">DSS06.03</reference>
            <reference href="https://www.isaca.org/resources/cobit">DSS06.10</reference>
            <reference href="http://nvlpubs.nist.gov/nistpubs/SpecialPublications/NIST.SP.800-171.pdf">3.5.6</reference>
            <reference href="https://www.isa.org/products/isa-62443-2-1-2009-security-for-industrial-automat">4.3.3.2.2</reference>
            <reference href="https://www.isa.org/products/isa-62443-2-1-2009-security-for-industrial-automat">4.3.3.5.1</reference>
            <reference href="https://www.isa.org/products/isa-62443-2-1-2009-security-for-industrial-automat">4.3.3.5.2</reference>
            <reference href="https://www.isa.org/products/isa-62443-2-1-2009-security-for-industrial-automat">4.3.3.6.1</reference>
            <reference href="https://www.isa.org/products/isa-62443-2-1-2009-security-for-industrial-automat">4.3.3.6.2</reference>
            <reference href="https://www.isa.org/products/isa-62443-2-1-2009-security-for-industrial-automat">4.3.3.6.3</reference>
            <reference href="https://www.isa.org/products/isa-62443-2-1-2009-security-for-industrial-automat">4.3.3.6.4</reference>
            <reference href="https://www.isa.org/products/isa-62443-2-1-2009-security-for-industrial-automat">4.3.3.6.5</reference>
            <reference href="https://www.isa.org/products/isa-62443-2-1-2009-security-for-industrial-automat">4.3.3.6.6</reference>
            <reference href="https://www.isa.org/products/isa-62443-2-1-2009-security-for-industrial-automat">4.3.3.6.7</reference>
            <reference href="https://www.isa.org/products/isa-62443-2-1-2009-security-for-industrial-automat">4.3.3.6.8</reference>
            <reference href="https://www.isa.org/products/isa-62443-2-1-2009-security-for-industrial-automat">4.3.3.6.9</reference>
            <reference href="https://www.isa.org/products/isa-62443-2-1-2009-security-for-industrial-automat">4.3.3.7.2</reference>
            <reference href="https://www.isa.org/products/isa-62443-2-1-2009-security-for-industrial-automat">4.3.3.7.3</reference>
            <reference href="https://www.isa.org/products/isa-62443-2-1-2009-security-for-industrial-automat">4.3.3.7.4</reference>
            <reference href="https://www.isa.org/products/ansi-isa-62443-3-3-99-03-03-2013-security-for-indu">SR 1.1</reference>
            <reference href="https://www.isa.org/products/ansi-isa-62443-3-3-99-03-03-2013-security-for-indu">SR 1.10</reference>
            <reference href="https://www.isa.org/products/ansi-isa-62443-3-3-99-03-03-2013-security-for-indu">SR 1.2</reference>
            <reference href="https://www.isa.org/products/ansi-isa-62443-3-3-99-03-03-2013-security-for-indu">SR 1.3</reference>
            <reference href="https://www.isa.org/products/ansi-isa-62443-3-3-99-03-03-2013-security-for-indu">SR 1.4</reference>
            <reference href="https://www.isa.org/products/ansi-isa-62443-3-3-99-03-03-2013-security-for-indu">SR 1.5</reference>
            <reference href="https://www.isa.org/products/ansi-isa-62443-3-3-99-03-03-2013-security-for-indu">SR 1.7</reference>
            <reference href="https://www.isa.org/products/ansi-isa-62443-3-3-99-03-03-2013-security-for-indu">SR 1.8</reference>
            <reference href="https://www.isa.org/products/ansi-isa-62443-3-3-99-03-03-2013-security-for-indu">SR 1.9</reference>
            <reference href="https://www.isa.org/products/ansi-isa-62443-3-3-99-03-03-2013-security-for-indu">SR 2.1</reference>
            <reference href="https://www.isa.org/products/ansi-isa-62443-3-3-99-03-03-2013-security-for-indu">SR 6.2</reference>
            <reference href="https://www.iso.org/contents/data/standard/05/45/54534.html">A.12.4.1</reference>
            <reference href="https://www.iso.org/contents/data/standard/05/45/54534.html">A.12.4.3</reference>
            <reference href="https://www.iso.org/contents/data/standard/05/45/54534.html">A.18.1.4</reference>
            <reference href="https://www.iso.org/contents/data/standard/05/45/54534.html">A.6.1.2</reference>
            <reference href="https://www.iso.org/contents/data/standard/05/45/54534.html">A.7.1.1</reference>
            <reference href="https://www.iso.org/contents/data/standard/05/45/54534.html">A.9.1.2</reference>
            <reference href="https://www.iso.org/contents/data/standard/05/45/54534.html">A.9.2.1</reference>
            <reference href="https://www.iso.org/contents/data/standard/05/45/54534.html">A.9.2.2</reference>
            <reference href="https://www.iso.org/contents/data/standard/05/45/54534.html">A.9.2.3</reference>
            <reference href="https://www.iso.org/contents/data/standard/05/45/54534.html">A.9.2.4</reference>
            <reference href="https://www.iso.org/contents/data/standard/05/45/54534.html">A.9.2.6</reference>
            <reference href="https://www.iso.org/contents/data/standard/05/45/54534.html">A.9.3.1</reference>
            <reference href="https://www.iso.org/contents/data/standard/05/45/54534.html">A.9.4.1</reference>
            <reference href="https://www.iso.org/contents/data/standard/05/45/54534.html">A.9.4.2</reference>
            <reference href="https://www.iso.org/contents/data/standard/05/45/54534.html">A.9.4.3</reference>
            <reference href="https://www.iso.org/contents/data/standard/05/45/54534.html">A.9.4.4</reference>
            <reference href="https://www.iso.org/contents/data/standard/05/45/54534.html">A.9.4.5</reference>
            <reference href="https://www.nerc.com/standards/reliability-standards/cip">CIP-004-6 R2.2.2</reference>
            <reference href="https://www.nerc.com/standards/reliability-standards/cip">CIP-004-6 R2.2.3</reference>
            <reference href="https://www.nerc.com/standards/reliability-standards/cip">CIP-007-3 R.1.3</reference>
            <reference href="https://www.nerc.com/standards/reliability-standards/cip">CIP-007-3 R5</reference>
            <reference href="https://www.nerc.com/standards/reliability-standards/cip">CIP-007-3 R5.1.1</reference>
            <reference href="https://www.nerc.com/standards/reliability-standards/cip">CIP-007-3 R5.1.3</reference>
            <reference href="https://www.nerc.com/standards/reliability-standards/cip">CIP-007-3 R5.2.1</reference>
            <reference href="https://www.nerc.com/standards/reliability-standards/cip">CIP-007-3 R5.2.3</reference>
            <reference href="http://nvlpubs.nist.gov/nistpubs/SpecialPublications/NIST.SP.800-53r4.pdf">IA-4(e)</reference>
            <reference href="http://nvlpubs.nist.gov/nistpubs/SpecialPublications/NIST.SP.800-53r4.pdf">AC-2(3)</reference>
            <reference href="http://nvlpubs.nist.gov/nistpubs/SpecialPublications/NIST.SP.800-53r4.pdf">CM-6(a)</reference>
            <reference href="https://nvlpubs.nist.gov/nistpubs/CSWP/NIST.CSWP.04162018.pdf">DE.CM-1</reference>
            <reference href="https://nvlpubs.nist.gov/nistpubs/CSWP/NIST.CSWP.04162018.pdf">DE.CM-3</reference>
            <reference href="https://nvlpubs.nist.gov/nistpubs/CSWP/NIST.CSWP.04162018.pdf">PR.AC-1</reference>
            <reference href="https://nvlpubs.nist.gov/nistpubs/CSWP/NIST.CSWP.04162018.pdf">PR.AC-4</reference>
            <reference href="https://nvlpubs.nist.gov/nistpubs/CSWP/NIST.CSWP.04162018.pdf">PR.AC-6</reference>
            <reference href="https://nvlpubs.nist.gov/nistpubs/CSWP/NIST.CSWP.04162018.pdf">PR.AC-7</reference>
            <reference href="https://www.pcisecuritystandards.org/documents/PCI_DSS_v3-2-1.pdf">Req-8.1.4</reference>
            <reference href="https://www.cyber.mil/stigs/downloads/?_dl_facet_stigs=operating-systems%2Cgeneral-purpose-os">SRG-OS-000118-GPOS-00060</reference>
            <reference href="https://www.cisecurity.org/benchmark/suse_linux/">5.4.1.5</reference>
            <reference href="not_publicly_available">SLES-15-600600075</reference>
            <reference href="https://docs-prv.pcisecuritystandards.org/PCI%20DSS/Standard/PCI-DSS-v4_0.pdf">8.2.6</reference>
            <reference href="https://docs-prv.pcisecuritystandards.org/PCI%20DSS/Standard/PCI-DSS-v4_0.pdf">8.2</reference>
            <rationale xmlns:xhtml="http://www.w3.org/1999/xhtml" xml:lang="en-US">Inactive accounts pose a threat to system security since the users are not logging in to
notice failed login attempts or other anomalies.</rationale>
            <ident system="https://ncp.nist.gov/cce">CCE-92480-3</ident>
            <fix xmlns:xhtml="http://www.w3.org/1999/xhtml" id="accounts_set_post_pw_existing" system="urn:xccdf:fix:script:sh" complexity="low" disruption="low" strategy="restrict"># Remediation is applicable only in certain platforms
if rpm --quiet -q kernel-default || rpm --quiet -q kernel-default-base; then

var_account_disable_post_pw_expiration='<xccdf-1.2:sub xmlns:xccdf-1.2="http://checklists.nist.gov/xccdf/1.2" idref="xccdf_org.ssgproject.content_value_var_account_disable_post_pw_expiration" use="legacy"/>'


while IFS= read -r i; do
    chage --inactive $var_account_disable_post_pw_expiration $i
done &lt;   &lt;(awk -v var="$var_account_disable_post_pw_expiration" -F: '(($7 &gt; var || $7 == "") &amp;&amp; $2 ~ /^\$/) {print $1}' /etc/shadow)

else
    &gt;&amp;2 echo 'Remediation is not applicable, nothing was done'
fi
</fix>
            <fix xmlns:xhtml="http://www.w3.org/1999/xhtml" id="accounts_set_post_pw_existing" system="urn:xccdf:fix:script:ansible" complexity="low" disruption="low" strategy="restrict">- name: Gather the package facts
  package_facts:
    manager: auto
  tags:
  - CCE-92480-3
  - NIST-800-171-3.5.6
  - NIST-800-53-AC-2(3)
  - NIST-800-53-CM-6(a)
  - NIST-800-53-IA-4(e)
  - PCI-DSS-Req-8.1.4
  - PCI-DSSv4-8.2
  - PCI-DSSv4-8.2.6
  - accounts_set_post_pw_existing
  - low_complexity
  - low_disruption
  - medium_severity
  - no_reboot_needed
  - restrict_strategy
- name: XCCDF Value var_account_disable_post_pw_expiration # promote to variable
  set_fact:
    var_account_disable_post_pw_expiration: !!str <xccdf-1.2:sub xmlns:xccdf-1.2="http://checklists.nist.gov/xccdf/1.2" idref="xccdf_org.ssgproject.content_value_var_account_disable_post_pw_expiration" use="legacy"/>
  tags:
    - always

- name: Collect users with not correct INACTIVE parameter set
  ansible.builtin.command:
    cmd: awk -F':' '(($7 &gt; {{ var_account_disable_post_pw_expiration }} || $7 == "")
      &amp;&amp; $2 ~ /^\$/) {print $1}' /etc/shadow
  register: user_names
  changed_when: false
  when: ("kernel-default" in ansible_facts.packages or "kernel-default-base" in ansible_facts.packages)
  tags:
  - CCE-92480-3
  - NIST-800-171-3.5.6
  - NIST-800-53-AC-2(3)
  - NIST-800-53-CM-6(a)
  - NIST-800-53-IA-4(e)
  - PCI-DSS-Req-8.1.4
  - PCI-DSSv4-8.2
  - PCI-DSSv4-8.2.6
  - accounts_set_post_pw_existing
  - low_complexity
  - low_disruption
  - medium_severity
  - no_reboot_needed
  - restrict_strategy

- name: Change the period of inactivity
  ansible.builtin.command:
    cmd: chage --inactive {{ var_account_disable_post_pw_expiration }} {{ item }}
  with_items: '{{ user_names.stdout_lines }}'
  when:
  - ("kernel-default" in ansible_facts.packages or "kernel-default-base" in ansible_facts.packages)
  - user_names is not skipped and user_names.stdout_lines | length &gt; 0
  tags:
  - CCE-92480-3
  - NIST-800-171-3.5.6
  - NIST-800-53-AC-2(3)
  - NIST-800-53-CM-6(a)
  - NIST-800-53-IA-4(e)
  - PCI-DSS-Req-8.1.4
  - PCI-DSSv4-8.2
  - PCI-DSSv4-8.2.6
  - accounts_set_post_pw_existing
  - low_complexity
  - low_disruption
  - medium_severity
  - no_reboot_needed
  - restrict_strategy
</fix>
            <check system="http://oval.mitre.org/XMLSchema/oval-definitions-5">
              <check-export export-name="oval:ssg-var_account_disable_post_pw_expiration:var:1" value-id="xccdf_org.ssgproject.content_value_var_account_disable_post_pw_expiration"/>
              <check-content-ref name="oval:ssg-accounts_set_post_pw_existing:def:1" href="ssg-sle15-oval.xml"/>
            </check>
            <check system="http://scap.nist.gov/schema/ocil/2">
              <check-content-ref name="ocil:ssg-accounts_set_post_pw_existing_ocil:questionnaire:1" href="ssg-sle15-ocil.xml"/>
            </check>
          </Rule>
        </Group>
        <Group id="xccdf_org.ssgproject.content_group_password_storage">
          <title xmlns:xhtml="http://www.w3.org/1999/xhtml" xml:lang="en-US">Verify Proper Storage and Existence of Password
Hashes</title>
          <description xmlns:xhtml="http://www.w3.org/1999/xhtml" xml:lang="en-US">By default, password hashes for local accounts are stored
in the second field (colon-separated) in
<html:code xmlns:html="http://www.w3.org/1999/xhtml">/etc/shadow</html:code>. This file should be readable only by
processes running with root credentials, preventing users from
casually accessing others' password hashes and attempting
to crack them.
However, it remains possible to misconfigure the system
and store password hashes
in world-readable files such as <html:code xmlns:html="http://www.w3.org/1999/xhtml">/etc/passwd</html:code>, or
to even store passwords themselves in plaintext on the system.
Using system-provided tools for password change/creation
should allow administrators to avoid such misconfiguration.</description>
          <Value id="xccdf_org.ssgproject.content_value_var_password_pam_unix_rounds" type="number">
            <title xmlns:xhtml="http://www.w3.org/1999/xhtml" xml:lang="en-US">Password Hashing algorithm</title>
            <description xmlns:xhtml="http://www.w3.org/1999/xhtml" xml:lang="en-US">Specify the number of rounds for the system password encryption algorithm.
Defines the value set in <html:code xmlns:html="http://www.w3.org/1999/xhtml">/etc/pam.d/system-auth</html:code> and <html:code xmlns:html="http://www.w3.org/1999/xhtml">/etc/pam.d/password-auth</html:code>
        </description>
            <value>5000</value>
            <value selector="5000">5000</value>
            <value selector="65536">65536</value>
            <value selector="100000">100000</value>
            <value selector="11">11</value>
            <value selector="5">5</value>
          </Value>
          <Rule id="xccdf_org.ssgproject.content_rule_accounts_password_all_shadowed" selected="false" role="full" severity="medium">
            <title xmlns:xhtml="http://www.w3.org/1999/xhtml" xml:lang="en-US">Verify All Account Password Hashes are Shadowed</title>
            <description xmlns:xhtml="http://www.w3.org/1999/xhtml" xml:lang="en-US">If any password hashes are stored in <html:code xmlns:html="http://www.w3.org/1999/xhtml">/etc/passwd</html:code> (in the second field,
instead of an <html:code xmlns:html="http://www.w3.org/1999/xhtml">x</html:code> or <html:code xmlns:html="http://www.w3.org/1999/xhtml">*</html:code>), the cause of this misconfiguration should be
investigated. The account should have its password reset and the hash should be
properly stored, or the account should be deleted entirely.</description>
            <reference href="https://www.cisecurity.org/controls/">1</reference>
            <reference href="https://www.cisecurity.org/controls/">12</reference>
            <reference href="https://www.cisecurity.org/controls/">15</reference>
            <reference href="https://www.cisecurity.org/controls/">16</reference>
            <reference href="https://www.cisecurity.org/controls/">5</reference>
            <reference href="https://www.fbi.gov/file-repository/cjis-security-policy-v5_5_20160601-2-1.pdf">5.5.2</reference>
            <reference href="https://www.isaca.org/resources/cobit">DSS05.04</reference>
            <reference href="https://www.isaca.org/resources/cobit">DSS05.05</reference>
            <reference href="https://www.isaca.org/resources/cobit">DSS05.07</reference>
            <reference href="https://www.isaca.org/resources/cobit">DSS05.10</reference>
            <reference href="https://www.isaca.org/resources/cobit">DSS06.03</reference>
            <reference href="https://www.isaca.org/resources/cobit">DSS06.10</reference>
            <reference href="http://nvlpubs.nist.gov/nistpubs/SpecialPublications/NIST.SP.800-171.pdf">3.5.10</reference>
            <reference href="https://www.isa.org/products/isa-62443-2-1-2009-security-for-industrial-automat">4.3.3.2.2</reference>
            <reference href="https://www.isa.org/products/isa-62443-2-1-2009-security-for-industrial-automat">4.3.3.5.1</reference>
            <reference href="https://www.isa.org/products/isa-62443-2-1-2009-security-for-industrial-automat">4.3.3.5.2</reference>
            <reference href="https://www.isa.org/products/isa-62443-2-1-2009-security-for-industrial-automat">4.3.3.6.1</reference>
            <reference href="https://www.isa.org/products/isa-62443-2-1-2009-security-for-industrial-automat">4.3.3.6.2</reference>
            <reference href="https://www.isa.org/products/isa-62443-2-1-2009-security-for-industrial-automat">4.3.3.6.3</reference>
            <reference href="https://www.isa.org/products/isa-62443-2-1-2009-security-for-industrial-automat">4.3.3.6.4</reference>
            <reference href="https://www.isa.org/products/isa-62443-2-1-2009-security-for-industrial-automat">4.3.3.6.5</reference>
            <reference href="https://www.isa.org/products/isa-62443-2-1-2009-security-for-industrial-automat">4.3.3.6.6</reference>
            <reference href="https://www.isa.org/products/isa-62443-2-1-2009-security-for-industrial-automat">4.3.3.6.7</reference>
            <reference href="https://www.isa.org/products/isa-62443-2-1-2009-security-for-industrial-automat">4.3.3.6.8</reference>
            <reference href="https://www.isa.org/products/isa-62443-2-1-2009-security-for-industrial-automat">4.3.3.6.9</reference>
            <reference href="https://www.isa.org/products/isa-62443-2-1-2009-security-for-industrial-automat">4.3.3.7.2</reference>
            <reference href="https://www.isa.org/products/isa-62443-2-1-2009-security-for-industrial-automat">4.3.3.7.4</reference>
            <reference href="https://www.isa.org/products/ansi-isa-62443-3-3-99-03-03-2013-security-for-indu">SR 1.1</reference>
            <reference href="https://www.isa.org/products/ansi-isa-62443-3-3-99-03-03-2013-security-for-indu">SR 1.10</reference>
            <reference href="https://www.isa.org/products/ansi-isa-62443-3-3-99-03-03-2013-security-for-indu">SR 1.2</reference>
            <reference href="https://www.isa.org/products/ansi-isa-62443-3-3-99-03-03-2013-security-for-indu">SR 1.3</reference>
            <reference href="https://www.isa.org/products/ansi-isa-62443-3-3-99-03-03-2013-security-for-indu">SR 1.4</reference>
            <reference href="https://www.isa.org/products/ansi-isa-62443-3-3-99-03-03-2013-security-for-indu">SR 1.5</reference>
            <reference href="https://www.isa.org/products/ansi-isa-62443-3-3-99-03-03-2013-security-for-indu">SR 1.7</reference>
            <reference href="https://www.isa.org/products/ansi-isa-62443-3-3-99-03-03-2013-security-for-indu">SR 1.8</reference>
            <reference href="https://www.isa.org/products/ansi-isa-62443-3-3-99-03-03-2013-security-for-indu">SR 1.9</reference>
            <reference href="https://www.isa.org/products/ansi-isa-62443-3-3-99-03-03-2013-security-for-indu">SR 2.1</reference>
            <reference href="https://www.iso.org/contents/data/standard/05/45/54534.html">A.18.1.4</reference>
            <reference href="https://www.iso.org/contents/data/standard/05/45/54534.html">A.7.1.1</reference>
            <reference href="https://www.iso.org/contents/data/standard/05/45/54534.html">A.9.2.1</reference>
            <reference href="https://www.iso.org/contents/data/standard/05/45/54534.html">A.9.2.2</reference>
            <reference href="https://www.iso.org/contents/data/standard/05/45/54534.html">A.9.2.3</reference>
            <reference href="https://www.iso.org/contents/data/standard/05/45/54534.html">A.9.2.4</reference>
            <reference href="https://www.iso.org/contents/data/standard/05/45/54534.html">A.9.2.6</reference>
            <reference href="https://www.iso.org/contents/data/standard/05/45/54534.html">A.9.3.1</reference>
            <reference href="https://www.iso.org/contents/data/standard/05/45/54534.html">A.9.4.2</reference>
            <reference href="https://www.iso.org/contents/data/standard/05/45/54534.html">A.9.4.3</reference>
            <reference href="http://nvlpubs.nist.gov/nistpubs/SpecialPublications/NIST.SP.800-53r4.pdf">IA-5(h)</reference>
            <reference href="http://nvlpubs.nist.gov/nistpubs/SpecialPublications/NIST.SP.800-53r4.pdf">CM-6(a)</reference>
            <reference href="https://nvlpubs.nist.gov/nistpubs/CSWP/NIST.CSWP.04162018.pdf">PR.AC-1</reference>
            <reference href="https://nvlpubs.nist.gov/nistpubs/CSWP/NIST.CSWP.04162018.pdf">PR.AC-6</reference>
            <reference href="https://nvlpubs.nist.gov/nistpubs/CSWP/NIST.CSWP.04162018.pdf">PR.AC-7</reference>
            <reference href="https://www.pcisecuritystandards.org/documents/PCI_DSS_v3-2-1.pdf">Req-8.2.1</reference>
            <reference href="https://www.cisecurity.org/benchmark/suse_linux/">6.2.1</reference>
            <reference href="not_publicly_available">SLES-15-900300015</reference>
            <reference href="https://www.cyber.gov.au/acsc/view-all-content/ism">1402</reference>
            <reference href="https://docs-prv.pcisecuritystandards.org/PCI%20DSS/Standard/PCI-DSS-v4_0.pdf">8.3.2</reference>
            <reference href="https://docs-prv.pcisecuritystandards.org/PCI%20DSS/Standard/PCI-DSS-v4_0.pdf">8.3</reference>
            <rationale xmlns:xhtml="http://www.w3.org/1999/xhtml" xml:lang="en-US">The hashes for all user account passwords should be stored in
the file <html:code xmlns:html="http://www.w3.org/1999/xhtml">/etc/shadow</html:code> and never in <html:code xmlns:html="http://www.w3.org/1999/xhtml">/etc/passwd</html:code>,
which is readable by all users.</rationale>
            <platform idref="#system_with_kernel"/>
            <ident system="https://ncp.nist.gov/cce">CCE-85846-4</ident>
            <check system="http://oval.mitre.org/XMLSchema/oval-definitions-5">
              <check-content-ref name="oval:ssg-accounts_password_all_shadowed:def:1" href="ssg-sle15-oval.xml"/>
            </check>
            <check system="http://scap.nist.gov/schema/ocil/2">
              <check-content-ref name="ocil:ssg-accounts_password_all_shadowed_ocil:questionnaire:1" href="ssg-sle15-ocil.xml"/>
            </check>
          </Rule>
          <Rule id="xccdf_org.ssgproject.content_rule_accounts_password_all_shadowed_sha512" selected="false" role="full" severity="medium">
            <title xmlns:xhtml="http://www.w3.org/1999/xhtml" xml:lang="en-US">Verify All Account Password Hashes are Shadowed with SHA512</title>
            <description xmlns:xhtml="http://www.w3.org/1999/xhtml" xml:lang="en-US">Verify the operating system requires the shadow password suite
configuration be set to encrypt interactive user passwords using a strong
cryptographic hash.
Check that the interactive user account passwords are using a strong
password hash with the following command:
<html:pre xmlns:html="http://www.w3.org/1999/xhtml">$ sudo cut -d: -f2 /etc/shadow
$6$kcOnRq/5$NUEYPuyL.wghQwWssXRcLRFiiru7f5JPV6GaJhNC2aK5F3PZpE/BCCtwrxRc/AInKMNX3CdMw11m9STiql12f/</html:pre>
Password hashes <html:code xmlns:html="http://www.w3.org/1999/xhtml">!</html:code> or <html:code xmlns:html="http://www.w3.org/1999/xhtml">*</html:code> indicate inactive accounts not
available for logon and are not evaluated.
If any interactive user password hash does not begin with <html:code xmlns:html="http://www.w3.org/1999/xhtml">$6</html:code>,
this is a finding.</description>
            <reference href="http://nvlpubs.nist.gov/nistpubs/SpecialPublications/NIST.SP.800-53r4.pdf">IA-5(1)(c)</reference>
            <reference href="http://nvlpubs.nist.gov/nistpubs/SpecialPublications/NIST.SP.800-53r4.pdf">IA-5(1).1(v)</reference>
            <reference href="http://nvlpubs.nist.gov/nistpubs/SpecialPublications/NIST.SP.800-53r4.pdf">IA-7</reference>
            <reference href="http://nvlpubs.nist.gov/nistpubs/SpecialPublications/NIST.SP.800-53r4.pdf">IA-7.1</reference>
            <reference href="https://www.cyber.mil/stigs/downloads/?_dl_facet_stigs=operating-systems%2Cgeneral-purpose-os">SRG-OS-000073-GPOS-00041</reference>
            <reference href="https://www.cyber.mil/stigs/downloads/?_dl_facet_stigs=operating-systems%2Cgeneral-purpose-os">SRG-OS-000120-GPOS-00061</reference>
            <reference href="https://www.cyber.mil/stigs/downloads/?_dl_facet_stigs=operating-systems%2Cunix-linux">SLES-15-020180</reference>
            <reference href="https://www.cisecurity.org/benchmark/suse_linux/">5.4.1.1</reference>
            <reference href="not_publicly_available">SLES-15-600600060</reference>
            <reference href="https://www.cyber.mil/stigs/srg-stig-tools/">SV-234887r1009626_rule</reference>
            <rationale xmlns:xhtml="http://www.w3.org/1999/xhtml" xml:lang="en-US">Passwords need to be protected at all times, and encryption is the standard method for
protecting passwords. If passwords are not encrypted, they can be plainly read
(i.e., clear text) and easily compromised.</rationale>
            <ident system="https://ncp.nist.gov/cce">CCE-85566-8</ident>
            <check system="http://oval.mitre.org/XMLSchema/oval-definitions-5">
              <check-content-ref name="oval:ssg-accounts_password_all_shadowed_sha512:def:1" href="ssg-sle15-oval.xml"/>
            </check>
            <check system="http://scap.nist.gov/schema/ocil/2">
              <check-content-ref name="ocil:ssg-accounts_password_all_shadowed_sha512_ocil:questionnaire:1" href="ssg-sle15-ocil.xml"/>
            </check>
          </Rule>
          <Rule id="xccdf_org.ssgproject.content_rule_accounts_password_last_change_is_in_past" selected="false" role="full" severity="medium">
            <title xmlns:xhtml="http://www.w3.org/1999/xhtml" xml:lang="en-US">Ensure all users last password change date is in the past</title>
            <description xmlns:xhtml="http://www.w3.org/1999/xhtml" xml:lang="en-US">All users should have a password change date in the past.</description>
            <warning xmlns:xhtml="http://www.w3.org/1999/xhtml" xml:lang="en-US" category="general">Automatic remediation is not available, in order to avoid any system disruption.</warning>
            <reference href="https://www.cisecurity.org/benchmark/suse_linux/">5.4.1.6</reference>
            <reference href="not_publicly_available">SLES-15-600600090</reference>
            <reference href="https://docs-prv.pcisecuritystandards.org/PCI%20DSS/Standard/PCI-DSS-v4_0.pdf">8.3.5</reference>
            <reference href="https://docs-prv.pcisecuritystandards.org/PCI%20DSS/Standard/PCI-DSS-v4_0.pdf">8.3</reference>
            <rationale xmlns:xhtml="http://www.w3.org/1999/xhtml" xml:lang="en-US">If a user recorded password change date is in the future then they could
bypass any set password expiration.</rationale>
            <platform idref="#system_with_kernel"/>
            <ident system="https://ncp.nist.gov/cce">CCE-92504-0</ident>
            <check system="http://oval.mitre.org/XMLSchema/oval-definitions-5">
              <check-content-ref name="oval:ssg-accounts_password_last_change_is_in_past:def:1" href="ssg-sle15-oval.xml"/>
            </check>
            <check system="http://scap.nist.gov/schema/ocil/2">
              <check-content-ref name="ocil:ssg-accounts_password_last_change_is_in_past_ocil:questionnaire:1" href="ssg-sle15-ocil.xml"/>
            </check>
          </Rule>
          <Rule id="xccdf_org.ssgproject.content_rule_accounts_password_pam_unix_rounds_password_auth" selected="false" role="full" severity="medium">
            <title xmlns:xhtml="http://www.w3.org/1999/xhtml" xml:lang="en-US">Set number of Password Hashing Rounds - password-auth</title>
            <description xmlns:xhtml="http://www.w3.org/1999/xhtml" xml:lang="en-US">Configure the number or rounds for the password hashing algorithm. This can be
accomplished by using the <html:code xmlns:html="http://www.w3.org/1999/xhtml">rounds</html:code> option for the <html:code xmlns:html="http://www.w3.org/1999/xhtml">pam_unix</html:code> PAM module.
<html:br xmlns:html="http://www.w3.org/1999/xhtml"/>
         <html:br xmlns:html="http://www.w3.org/1999/xhtml"/>
In file <html:code xmlns:html="http://www.w3.org/1999/xhtml">/etc/pam.d/common-password</html:code> append <html:code xmlns:html="http://www.w3.org/1999/xhtml" xmlns:xccdf-1.2="http://checklists.nist.gov/xccdf/1.2">rounds=<xccdf-1.2:sub idref="xccdf_org.ssgproject.content_value_var_password_pam_unix_rounds" use="legacy"/>
         </html:code>
to the <html:code xmlns:html="http://www.w3.org/1999/xhtml">pam_unix.so</html:code> entry, as shown below:

<html:pre xmlns:html="http://www.w3.org/1999/xhtml" xmlns:xccdf-1.2="http://checklists.nist.gov/xccdf/1.2">password sufficient pam_unix.so <html:i>...existing_options...</html:i> rounds=<xccdf-1.2:sub idref="xccdf_org.ssgproject.content_value_var_password_pam_unix_rounds" use="legacy"/>
         </html:pre>

The system's default number of rounds is 5000.</description>
            <warning xmlns:xhtml="http://www.w3.org/1999/xhtml" xml:lang="en-US" category="performance">Setting a high number of hashing rounds makes it more difficult to brute force the password,
but requires more CPU resources to authenticate users.</warning>
            <reference href="https://www.cyber.mil/stigs/downloads/?_dl_facet_stigs=operating-systems%2Cgeneral-purpose-os">SRG-OS-000073-GPOS-00041</reference>
            <reference href="https://cyber.gouv.fr/sites/default/files/document/linux_configuration-en-v2.pdf">R68</reference>
            <rationale xmlns:xhtml="http://www.w3.org/1999/xhtml" xml:lang="en-US">Using a higher number of rounds makes password cracking attacks more difficult.</rationale>
            <platform idref="#package_pam_and_system_with_kernel"/>
            <ident system="https://ncp.nist.gov/cce">CCE-91173-5</ident>
            <fix xmlns:xhtml="http://www.w3.org/1999/xhtml" id="accounts_password_pam_unix_rounds_password_auth" system="urn:xccdf:fix:script:sh"># Remediation is applicable only in certain platforms
if ( rpm --quiet -q pam &amp;&amp; rpm --quiet -q kernel-default || rpm --quiet -q kernel-default-base ); then

var_password_pam_unix_rounds='<xccdf-1.2:sub xmlns:xccdf-1.2="http://checklists.nist.gov/xccdf/1.2" idref="xccdf_org.ssgproject.content_value_var_password_pam_unix_rounds" use="legacy"/>'



if [ -e "/etc/pam.d/common-password" ] ; then
    PAM_FILE_PATH="/etc/pam.d/common-password"
    if [ -f /usr/bin/authselect ]; then
        
        if ! authselect check; then
        echo "
        authselect integrity check failed. Remediation aborted!
        This remediation could not be applied because an authselect profile was not selected or the selected profile is not intact.
        It is not recommended to manually edit the PAM files when authselect tool is available.
        In cases where the default authselect profile does not cover a specific demand, a custom authselect profile is recommended."
        exit 1
        fi

        CURRENT_PROFILE=$(authselect current -r | awk '{ print $1 }')
        # If not already in use, a custom profile is created preserving the enabled features.
        if [[ ! $CURRENT_PROFILE == custom/* ]]; then
            ENABLED_FEATURES=$(authselect current | tail -n+3 | awk '{ print $2 }')
            # The "local" profile does not contain essential security features required by multiple Benchmarks.
            # If currently used, it is replaced by "sssd", which is the best option in this case.
            if [[ $CURRENT_PROFILE == local ]]; then
                CURRENT_PROFILE="sssd"
            fi
            authselect create-profile hardening -b $CURRENT_PROFILE
            CURRENT_PROFILE="custom/hardening"
            
            authselect apply-changes -b --backup=before-hardening-custom-profile
            authselect select $CURRENT_PROFILE
            for feature in $ENABLED_FEATURES; do
                authselect enable-feature $feature;
            done
            
            authselect apply-changes -b --backup=after-hardening-custom-profile
        fi
        PAM_FILE_NAME=$(basename "/etc/pam.d/common-password")
        PAM_FILE_PATH="/etc/authselect/$CURRENT_PROFILE/$PAM_FILE_NAME"

        authselect apply-changes -b
    fi
    

        if ! grep -qP "^\s*password\s+sufficient\s+pam_unix.so\s*.*" "$PAM_FILE_PATH"; then
            # Line matching group + control + module was not found. Check group + module.
            if [ "$(grep -cP '^\s*password\s+.*\s+pam_unix.so\s*' "$PAM_FILE_PATH")" -eq 1 ]; then
                # The control is updated only if one single line matches.
                sed -i -E --follow-symlinks "s/^(\s*password\s+).*(\bpam_unix.so.*)/\1sufficient \2/" "$PAM_FILE_PATH"
            else
                echo "password    sufficient    pam_unix.so" &gt;&gt; "$PAM_FILE_PATH"
            fi
        fi
        # Check the option
        if ! grep -qP "^\s*password\s+sufficient\s+pam_unix.so\s*.*\srounds\b" "$PAM_FILE_PATH"; then
            sed -i -E --follow-symlinks "/\s*password\s+sufficient\s+pam_unix.so.*/ s/$/ rounds=$var_password_pam_unix_rounds/" "$PAM_FILE_PATH"
        else
            sed -i -E --follow-symlinks "s/(\s*password\s+sufficient\s+pam_unix.so\s+.*)(rounds=)[[:alnum:]]*\s*(.*)/\1\2$var_password_pam_unix_rounds \3/" "$PAM_FILE_PATH"
        fi
    if [ -f /usr/bin/authselect ]; then
        
        authselect apply-changes -b
    fi
else
    echo "/etc/pam.d/common-password was not found" &gt;&amp;2
fi

else
    &gt;&amp;2 echo 'Remediation is not applicable, nothing was done'
fi
</fix>
            <fix xmlns:xhtml="http://www.w3.org/1999/xhtml" id="accounts_password_pam_unix_rounds_password_auth" system="urn:xccdf:fix:script:ansible" complexity="low" disruption="medium" strategy="configure">- name: Gather the package facts
  package_facts:
    manager: auto
  tags:
  - CCE-91173-5
  - accounts_password_pam_unix_rounds_password_auth
  - configure_strategy
  - low_complexity
  - medium_disruption
  - medium_severity
  - no_reboot_needed
- name: XCCDF Value var_password_pam_unix_rounds # promote to variable
  set_fact:
    var_password_pam_unix_rounds: !!str <xccdf-1.2:sub xmlns:xccdf-1.2="http://checklists.nist.gov/xccdf/1.2" idref="xccdf_org.ssgproject.content_value_var_password_pam_unix_rounds" use="legacy"/>
  tags:
    - always

- name: Set number of Password Hashing Rounds - password-auth - Check if /etc/pam.d/common-password
    file is present
  ansible.builtin.stat:
    path: /etc/pam.d/common-password
  register: result_pam_file_present
  when: ( "pam" in ansible_facts.packages and ("kernel-default" in ansible_facts.packages
    or "kernel-default-base" in ansible_facts.packages) )
  tags:
  - CCE-91173-5
  - accounts_password_pam_unix_rounds_password_auth
  - configure_strategy
  - low_complexity
  - medium_disruption
  - medium_severity
  - no_reboot_needed

- name: Set number of Password Hashing Rounds - password-auth - Check the proper remediation
    for the system
  block:

  - name: Set number of Password Hashing Rounds - password-auth - Define the PAM file
      to be edited as a local fact
    ansible.builtin.set_fact:
      pam_file_path: /etc/pam.d/common-password

  - name: Set number of Password Hashing Rounds - password-auth - Check if system
      relies on authselect tool
    ansible.builtin.stat:
      path: /usr/bin/authselect
    register: result_authselect_present

  - name: Set number of Password Hashing Rounds - password-auth - Ensure authselect
      custom profile is used if authselect is present
    block:

    - name: Set number of Password Hashing Rounds - password-auth - Check integrity
        of authselect current profile
      ansible.builtin.command:
        cmd: authselect check
      register: result_authselect_check_cmd
      changed_when: false
      check_mode: false
      failed_when: false

    - name: Set number of Password Hashing Rounds - password-auth - Informative message
        based on the authselect integrity check result
      ansible.builtin.assert:
        that:
        - ansible_check_mode or result_authselect_check_cmd.rc == 0
        fail_msg:
        - authselect integrity check failed. Remediation aborted!
        - This remediation could not be applied because an authselect profile was
          not selected or the selected profile is not intact.
        - It is not recommended to manually edit the PAM files when authselect tool
          is available.
        - In cases where the default authselect profile does not cover a specific
          demand, a custom authselect profile is recommended.
        success_msg:
        - authselect integrity check passed

    - name: Set number of Password Hashing Rounds - password-auth - Get authselect
        current profile
      ansible.builtin.shell:
        cmd: authselect current -r | awk '{ print $1 }'
      register: result_authselect_profile
      changed_when: false
      when:
      - result_authselect_check_cmd is success

    - name: Set number of Password Hashing Rounds - password-auth - Define the current
        authselect profile as a local fact
      ansible.builtin.set_fact:
        authselect_current_profile: '{{ result_authselect_profile.stdout }}'
        authselect_custom_profile: '{{ result_authselect_profile.stdout }}'
      when:
      - result_authselect_profile is not skipped
      - result_authselect_profile.stdout is match("custom/")

    - name: Set number of Password Hashing Rounds - password-auth - Define the new
        authselect custom profile as a local fact
      ansible.builtin.set_fact:
        authselect_current_profile: '{{ result_authselect_profile.stdout }}'
        authselect_custom_profile: custom/hardening
      when:
      - result_authselect_profile is not skipped
      - result_authselect_profile.stdout is not match("custom/")

    - name: Set number of Password Hashing Rounds - password-auth - Get authselect
        current features to also enable them in the custom profile
      ansible.builtin.shell:
        cmd: authselect current | tail -n+3 | awk '{ print $2 }'
      register: result_authselect_features
      changed_when: false
      check_mode: false
      when:
      - result_authselect_profile is not skipped
      - authselect_current_profile is not match("custom/")

    - name: Set number of Password Hashing Rounds - password-auth - Check if any custom
        profile with the same name was already created
      ansible.builtin.stat:
        path: /etc/authselect/{{ authselect_custom_profile }}
      register: result_authselect_custom_profile_present
      changed_when: false
      when:
      - result_authselect_profile is not skipped
      - authselect_current_profile is not match("custom/")

    - name: Set number of Password Hashing Rounds - password-auth - Create an authselect
        custom profile based on the current profile
      ansible.builtin.command:
        cmd: authselect create-profile hardening -b {{ authselect_current_profile
          }}
      when:
      - result_authselect_profile is not skipped
      - result_authselect_check_cmd is success
      - authselect_current_profile is not match("^(custom/|local)")
      - not result_authselect_custom_profile_present.stat.exists

    - name: Set number of Password Hashing Rounds - password-auth - Create an authselect
        custom profile based on sssd profile
      ansible.builtin.command:
        cmd: authselect create-profile hardening -b sssd
      when:
      - result_authselect_profile is not skipped
      - result_authselect_check_cmd is success
      - authselect_current_profile is match("local")
      - not result_authselect_custom_profile_present.stat.exists

    - name: Set number of Password Hashing Rounds - password-auth - Ensure authselect
        changes are applied
      ansible.builtin.command:
        cmd: authselect apply-changes -b --backup=before-hardening-custom-profile
      when:
      - result_authselect_check_cmd is success
      - result_authselect_profile is not skipped
      - authselect_current_profile is not match("custom/")
      - authselect_custom_profile is not match(authselect_current_profile)

    - name: Set number of Password Hashing Rounds - password-auth - Ensure the authselect
        custom profile is selected
      ansible.builtin.command:
        cmd: authselect select {{ authselect_custom_profile }}
      register: result_pam_authselect_select_profile
      when:
      - result_authselect_check_cmd is success
      - result_authselect_profile is not skipped
      - authselect_current_profile is not match("custom/")
      - authselect_custom_profile is not match(authselect_current_profile)

    - name: Set number of Password Hashing Rounds - password-auth - Restore the authselect
        features in the custom profile
      ansible.builtin.command:
        cmd: authselect enable-feature {{ item }}
      loop: '{{ result_authselect_features.stdout_lines }}'
      register: result_pam_authselect_restore_features
      when:
      - result_authselect_profile is not skipped
      - result_authselect_features is not skipped
      - result_pam_authselect_select_profile is not skipped

    - name: Set number of Password Hashing Rounds - password-auth - Ensure authselect
        changes are applied
      ansible.builtin.command:
        cmd: authselect apply-changes -b --backup=after-hardening-custom-profile
      when:
      - result_authselect_check_cmd is success
      - result_authselect_profile is not skipped
      - result_pam_authselect_restore_features is not skipped

    - name: Set number of Password Hashing Rounds - password-auth - Change the PAM
        file to be edited according to the custom authselect profile
      ansible.builtin.set_fact:
        pam_file_path: /etc/authselect/{{ authselect_custom_profile }}/{{ pam_file_path
          | basename }}
      when:
      - authselect_custom_profile is defined
    when:
    - result_authselect_present.stat.exists

  - name: Set number of Password Hashing Rounds - password-auth - Define a fact for
      control already filtered in case filters are used
    ansible.builtin.set_fact:
      pam_module_control: sufficient

  - name: Set number of Password Hashing Rounds - password-auth - Check if expected
      PAM module line is present in {{ pam_file_path }}
    ansible.builtin.lineinfile:
      path: '{{ pam_file_path }}'
      regexp: ^\s*password\s+{{ pam_module_control | regex_escape() }}\s+pam_unix.so\s*.*
      state: absent
    check_mode: true
    changed_when: false
    register: result_pam_line_present

  - name: Set number of Password Hashing Rounds - password-auth - Include or update
      the PAM module line in {{ pam_file_path }}
    block:

    - name: Set number of Password Hashing Rounds - password-auth - Check if required
        PAM module line is present in {{ pam_file_path }} with different control
      ansible.builtin.lineinfile:
        path: '{{ pam_file_path }}'
        regexp: ^\s*password\s+.*\s+pam_unix.so\s*
        state: absent
      check_mode: true
      changed_when: false
      register: result_pam_line_other_control_present

    - name: Set number of Password Hashing Rounds - password-auth - Ensure the correct
        control for the required PAM module line in {{ pam_file_path }}
      ansible.builtin.replace:
        dest: '{{ pam_file_path }}'
        regexp: ^(\s*password\s+).*(\bpam_unix.so.*)
        replace: \1{{ pam_module_control }} \2
      register: result_pam_module_edit
      when:
      - result_pam_line_other_control_present.found == 1

    - name: Set number of Password Hashing Rounds - password-auth - Ensure the required
        PAM module line is included in {{ pam_file_path }}
      ansible.builtin.lineinfile:
        dest: '{{ pam_file_path }}'
        line: password    {{ pam_module_control }}    pam_unix.so
      register: result_pam_module_add
      when:
      - result_pam_line_other_control_present.found == 0 or result_pam_line_other_control_present.found
        &gt; 1

    - name: Set number of Password Hashing Rounds - password-auth - Ensure authselect
        changes are applied
      ansible.builtin.command:
        cmd: authselect apply-changes -b
      when:
      - result_authselect_present is defined
      - result_authselect_present.stat.exists
      - |-
        (result_pam_module_add is defined and result_pam_module_add.changed)
         or (result_pam_module_edit is defined and result_pam_module_edit.changed)
    when:
    - result_pam_line_present.found is defined
    - result_pam_line_present.found == 0

  - name: Set number of Password Hashing Rounds - password-auth - Define a fact for
      control already filtered in case filters are used
    ansible.builtin.set_fact:
      pam_module_control: sufficient

  - name: Set number of Password Hashing Rounds - password-auth - Check if the required
      PAM module option is present in {{ pam_file_path }}
    ansible.builtin.lineinfile:
      path: '{{ pam_file_path }}'
      regexp: ^\s*password\s+{{ pam_module_control | regex_escape() }}\s+pam_unix.so\s*.*\srounds\b
      state: absent
    check_mode: true
    changed_when: false
    register: result_pam_module_accounts_password_pam_unix_rounds_password_auth_option_present

  - name: Set number of Password Hashing Rounds - password-auth - Ensure the "rounds"
      PAM option for "pam_unix.so" is included in {{ pam_file_path }}
    ansible.builtin.lineinfile:
      path: '{{ pam_file_path }}'
      backrefs: true
      regexp: ^(\s*password\s+{{ pam_module_control | regex_escape() }}\s+pam_unix.so.*)
      line: \1 rounds={{ var_password_pam_unix_rounds }}
      state: present
    register: result_pam_accounts_password_pam_unix_rounds_password_auth_add
    when:
    - result_pam_module_accounts_password_pam_unix_rounds_password_auth_option_present.found
      is defined
    - result_pam_module_accounts_password_pam_unix_rounds_password_auth_option_present.found
      == 0

  - name: Set number of Password Hashing Rounds - password-auth - Ensure the required
      value for "rounds" PAM option from "pam_unix.so" in {{ pam_file_path }}
    ansible.builtin.lineinfile:
      path: '{{ pam_file_path }}'
      backrefs: true
      regexp: ^(\s*password\s+{{ pam_module_control | regex_escape() }}\s+pam_unix.so\s+.*)(rounds)=[0-9a-zA-Z]*\s*(.*)
      line: \1\2={{ var_password_pam_unix_rounds }} \3
    register: result_pam_accounts_password_pam_unix_rounds_password_auth_edit
    when:
    - result_pam_module_accounts_password_pam_unix_rounds_password_auth_option_present.found
      &gt; 0

  - name: Set number of Password Hashing Rounds - password-auth - Ensure authselect
      changes are applied
    ansible.builtin.command:
      cmd: authselect apply-changes -b
    when:
    - result_authselect_present.stat.exists
    - |-
      (result_pam_accounts_password_pam_unix_rounds_password_auth_add is defined and result_pam_accounts_password_pam_unix_rounds_password_auth_add.changed)
       or (result_pam_accounts_password_pam_unix_rounds_password_auth_edit is defined and result_pam_accounts_password_pam_unix_rounds_password_auth_edit.changed)
  when:
  - ( "pam" in ansible_facts.packages and ("kernel-default" in ansible_facts.packages
    or "kernel-default-base" in ansible_facts.packages) )
  - result_pam_file_present.stat.exists
  tags:
  - CCE-91173-5
  - accounts_password_pam_unix_rounds_password_auth
  - configure_strategy
  - low_complexity
  - medium_disruption
  - medium_severity
  - no_reboot_needed
</fix>
            <check system="http://oval.mitre.org/XMLSchema/oval-definitions-5">
              <check-export export-name="oval:ssg-var_password_pam_unix_rounds:var:1" value-id="xccdf_org.ssgproject.content_value_var_password_pam_unix_rounds"/>
              <check-content-ref name="oval:ssg-accounts_password_pam_unix_rounds_password_auth:def:1" href="ssg-sle15-oval.xml"/>
            </check>
            <check system="http://scap.nist.gov/schema/ocil/2">
              <check-content-ref name="ocil:ssg-accounts_password_pam_unix_rounds_password_auth_ocil:questionnaire:1" href="ssg-sle15-ocil.xml"/>
            </check>
          </Rule>
          <Rule id="xccdf_org.ssgproject.content_rule_accounts_password_pam_unix_rounds_system_auth" selected="false" role="full" severity="medium">
            <title xmlns:xhtml="http://www.w3.org/1999/xhtml" xml:lang="en-US">Set number of Password Hashing Rounds - system-auth</title>
            <description xmlns:xhtml="http://www.w3.org/1999/xhtml" xml:lang="en-US">Configure the number or rounds for the password hashing algorithm. This can be
accomplished by using the <html:code xmlns:html="http://www.w3.org/1999/xhtml">rounds</html:code> option for the <html:code xmlns:html="http://www.w3.org/1999/xhtml">pam_unix</html:code> PAM module.
<html:br xmlns:html="http://www.w3.org/1999/xhtml"/>
         <html:br xmlns:html="http://www.w3.org/1999/xhtml"/>
In file <html:code xmlns:html="http://www.w3.org/1999/xhtml">/etc/pam.d/system-auth</html:code> append <html:code xmlns:html="http://www.w3.org/1999/xhtml" xmlns:xccdf-1.2="http://checklists.nist.gov/xccdf/1.2">rounds=<xccdf-1.2:sub idref="xccdf_org.ssgproject.content_value_var_password_pam_unix_rounds" use="legacy"/>
         </html:code>
to the <html:code xmlns:html="http://www.w3.org/1999/xhtml">pam_unix.so</html:code> entry, as shown below:
<html:pre xmlns:html="http://www.w3.org/1999/xhtml" xmlns:xccdf-1.2="http://checklists.nist.gov/xccdf/1.2">password sufficient pam_unix.so <html:i>...existing_options...</html:i> rounds=<xccdf-1.2:sub idref="xccdf_org.ssgproject.content_value_var_password_pam_unix_rounds" use="legacy"/>
         </html:pre>
The system's default number of rounds is 5000.</description>
            <warning xmlns:xhtml="http://www.w3.org/1999/xhtml" xml:lang="en-US" category="performance">Setting a high number of hashing rounds makes it more difficult to brute force the password,
but requires more CPU resources to authenticate users.</warning>
            <reference href="https://www.cyber.mil/stigs/downloads/?_dl_facet_stigs=operating-systems%2Cgeneral-purpose-os">SRG-OS-000073-GPOS-00041</reference>
            <reference href="https://cyber.gouv.fr/sites/default/files/document/linux_configuration-en-v2.pdf">R68</reference>
            <rationale xmlns:xhtml="http://www.w3.org/1999/xhtml" xml:lang="en-US">Using a higher number of rounds makes password cracking attacks more difficult.</rationale>
            <platform idref="#package_pam_and_system_with_kernel"/>
            <ident system="https://ncp.nist.gov/cce">CCE-91172-7</ident>
            <fix xmlns:xhtml="http://www.w3.org/1999/xhtml" id="accounts_password_pam_unix_rounds_system_auth" system="urn:xccdf:fix:script:sh"># Remediation is applicable only in certain platforms
if ( rpm --quiet -q pam &amp;&amp; rpm --quiet -q kernel-default || rpm --quiet -q kernel-default-base ); then

var_password_pam_unix_rounds='<xccdf-1.2:sub xmlns:xccdf-1.2="http://checklists.nist.gov/xccdf/1.2" idref="xccdf_org.ssgproject.content_value_var_password_pam_unix_rounds" use="legacy"/>'


if [ -e "/etc/pam.d/system-auth" ] ; then
    PAM_FILE_PATH="/etc/pam.d/system-auth"
    if [ -f /usr/bin/authselect ]; then
        
        if ! authselect check; then
        echo "
        authselect integrity check failed. Remediation aborted!
        This remediation could not be applied because an authselect profile was not selected or the selected profile is not intact.
        It is not recommended to manually edit the PAM files when authselect tool is available.
        In cases where the default authselect profile does not cover a specific demand, a custom authselect profile is recommended."
        exit 1
        fi

        CURRENT_PROFILE=$(authselect current -r | awk '{ print $1 }')
        # If not already in use, a custom profile is created preserving the enabled features.
        if [[ ! $CURRENT_PROFILE == custom/* ]]; then
            ENABLED_FEATURES=$(authselect current | tail -n+3 | awk '{ print $2 }')
            # The "local" profile does not contain essential security features required by multiple Benchmarks.
            # If currently used, it is replaced by "sssd", which is the best option in this case.
            if [[ $CURRENT_PROFILE == local ]]; then
                CURRENT_PROFILE="sssd"
            fi
            authselect create-profile hardening -b $CURRENT_PROFILE
            CURRENT_PROFILE="custom/hardening"
            
            authselect apply-changes -b --backup=before-hardening-custom-profile
            authselect select $CURRENT_PROFILE
            for feature in $ENABLED_FEATURES; do
                authselect enable-feature $feature;
            done
            
            authselect apply-changes -b --backup=after-hardening-custom-profile
        fi
        PAM_FILE_NAME=$(basename "/etc/pam.d/system-auth")
        PAM_FILE_PATH="/etc/authselect/$CURRENT_PROFILE/$PAM_FILE_NAME"

        authselect apply-changes -b
    fi
    

        if ! grep -qP "^\s*password\s+sufficient\s+pam_unix.so\s*.*" "$PAM_FILE_PATH"; then
            # Line matching group + control + module was not found. Check group + module.
            if [ "$(grep -cP '^\s*password\s+.*\s+pam_unix.so\s*' "$PAM_FILE_PATH")" -eq 1 ]; then
                # The control is updated only if one single line matches.
                sed -i -E --follow-symlinks "s/^(\s*password\s+).*(\bpam_unix.so.*)/\1sufficient \2/" "$PAM_FILE_PATH"
            else
                echo "password    sufficient    pam_unix.so" &gt;&gt; "$PAM_FILE_PATH"
            fi
        fi
        # Check the option
        if ! grep -qP "^\s*password\s+sufficient\s+pam_unix.so\s*.*\srounds\b" "$PAM_FILE_PATH"; then
            sed -i -E --follow-symlinks "/\s*password\s+sufficient\s+pam_unix.so.*/ s/$/ rounds=$var_password_pam_unix_rounds/" "$PAM_FILE_PATH"
        else
            sed -i -E --follow-symlinks "s/(\s*password\s+sufficient\s+pam_unix.so\s+.*)(rounds=)[[:alnum:]]*\s*(.*)/\1\2$var_password_pam_unix_rounds \3/" "$PAM_FILE_PATH"
        fi
    if [ -f /usr/bin/authselect ]; then
        
        authselect apply-changes -b
    fi
else
    echo "/etc/pam.d/system-auth was not found" &gt;&amp;2
fi

else
    &gt;&amp;2 echo 'Remediation is not applicable, nothing was done'
fi
</fix>
            <fix xmlns:xhtml="http://www.w3.org/1999/xhtml" id="accounts_password_pam_unix_rounds_system_auth" system="urn:xccdf:fix:script:ansible" complexity="low" disruption="medium" strategy="configure">- name: Gather the package facts
  package_facts:
    manager: auto
  tags:
  - CCE-91172-7
  - accounts_password_pam_unix_rounds_system_auth
  - configure_strategy
  - low_complexity
  - medium_disruption
  - medium_severity
  - no_reboot_needed
- name: XCCDF Value var_password_pam_unix_rounds # promote to variable
  set_fact:
    var_password_pam_unix_rounds: !!str <xccdf-1.2:sub xmlns:xccdf-1.2="http://checklists.nist.gov/xccdf/1.2" idref="xccdf_org.ssgproject.content_value_var_password_pam_unix_rounds" use="legacy"/>
  tags:
    - always

- name: Set number of Password Hashing Rounds - system-auth - Check if /etc/pam.d/system-auth
    file is present
  ansible.builtin.stat:
    path: /etc/pam.d/system-auth
  register: result_pam_file_present
  when: ( "pam" in ansible_facts.packages and ("kernel-default" in ansible_facts.packages
    or "kernel-default-base" in ansible_facts.packages) )
  tags:
  - CCE-91172-7
  - accounts_password_pam_unix_rounds_system_auth
  - configure_strategy
  - low_complexity
  - medium_disruption
  - medium_severity
  - no_reboot_needed

- name: Set number of Password Hashing Rounds - system-auth - Check the proper remediation
    for the system
  block:

  - name: Set number of Password Hashing Rounds - system-auth - Define the PAM file
      to be edited as a local fact
    ansible.builtin.set_fact:
      pam_file_path: /etc/pam.d/system-auth

  - name: Set number of Password Hashing Rounds - system-auth - Check if system relies
      on authselect tool
    ansible.builtin.stat:
      path: /usr/bin/authselect
    register: result_authselect_present

  - name: Set number of Password Hashing Rounds - system-auth - Ensure authselect
      custom profile is used if authselect is present
    block:

    - name: Set number of Password Hashing Rounds - system-auth - Check integrity
        of authselect current profile
      ansible.builtin.command:
        cmd: authselect check
      register: result_authselect_check_cmd
      changed_when: false
      check_mode: false
      failed_when: false

    - name: Set number of Password Hashing Rounds - system-auth - Informative message
        based on the authselect integrity check result
      ansible.builtin.assert:
        that:
        - ansible_check_mode or result_authselect_check_cmd.rc == 0
        fail_msg:
        - authselect integrity check failed. Remediation aborted!
        - This remediation could not be applied because an authselect profile was
          not selected or the selected profile is not intact.
        - It is not recommended to manually edit the PAM files when authselect tool
          is available.
        - In cases where the default authselect profile does not cover a specific
          demand, a custom authselect profile is recommended.
        success_msg:
        - authselect integrity check passed

    - name: Set number of Password Hashing Rounds - system-auth - Get authselect current
        profile
      ansible.builtin.shell:
        cmd: authselect current -r | awk '{ print $1 }'
      register: result_authselect_profile
      changed_when: false
      when:
      - result_authselect_check_cmd is success

    - name: Set number of Password Hashing Rounds - system-auth - Define the current
        authselect profile as a local fact
      ansible.builtin.set_fact:
        authselect_current_profile: '{{ result_authselect_profile.stdout }}'
        authselect_custom_profile: '{{ result_authselect_profile.stdout }}'
      when:
      - result_authselect_profile is not skipped
      - result_authselect_profile.stdout is match("custom/")

    - name: Set number of Password Hashing Rounds - system-auth - Define the new authselect
        custom profile as a local fact
      ansible.builtin.set_fact:
        authselect_current_profile: '{{ result_authselect_profile.stdout }}'
        authselect_custom_profile: custom/hardening
      when:
      - result_authselect_profile is not skipped
      - result_authselect_profile.stdout is not match("custom/")

    - name: Set number of Password Hashing Rounds - system-auth - Get authselect current
        features to also enable them in the custom profile
      ansible.builtin.shell:
        cmd: authselect current | tail -n+3 | awk '{ print $2 }'
      register: result_authselect_features
      changed_when: false
      check_mode: false
      when:
      - result_authselect_profile is not skipped
      - authselect_current_profile is not match("custom/")

    - name: Set number of Password Hashing Rounds - system-auth - Check if any custom
        profile with the same name was already created
      ansible.builtin.stat:
        path: /etc/authselect/{{ authselect_custom_profile }}
      register: result_authselect_custom_profile_present
      changed_when: false
      when:
      - result_authselect_profile is not skipped
      - authselect_current_profile is not match("custom/")

    - name: Set number of Password Hashing Rounds - system-auth - Create an authselect
        custom profile based on the current profile
      ansible.builtin.command:
        cmd: authselect create-profile hardening -b {{ authselect_current_profile
          }}
      when:
      - result_authselect_profile is not skipped
      - result_authselect_check_cmd is success
      - authselect_current_profile is not match("^(custom/|local)")
      - not result_authselect_custom_profile_present.stat.exists

    - name: Set number of Password Hashing Rounds - system-auth - Create an authselect
        custom profile based on sssd profile
      ansible.builtin.command:
        cmd: authselect create-profile hardening -b sssd
      when:
      - result_authselect_profile is not skipped
      - result_authselect_check_cmd is success
      - authselect_current_profile is match("local")
      - not result_authselect_custom_profile_present.stat.exists

    - name: Set number of Password Hashing Rounds - system-auth - Ensure authselect
        changes are applied
      ansible.builtin.command:
        cmd: authselect apply-changes -b --backup=before-hardening-custom-profile
      when:
      - result_authselect_check_cmd is success
      - result_authselect_profile is not skipped
      - authselect_current_profile is not match("custom/")
      - authselect_custom_profile is not match(authselect_current_profile)

    - name: Set number of Password Hashing Rounds - system-auth - Ensure the authselect
        custom profile is selected
      ansible.builtin.command:
        cmd: authselect select {{ authselect_custom_profile }}
      register: result_pam_authselect_select_profile
      when:
      - result_authselect_check_cmd is success
      - result_authselect_profile is not skipped
      - authselect_current_profile is not match("custom/")
      - authselect_custom_profile is not match(authselect_current_profile)

    - name: Set number of Password Hashing Rounds - system-auth - Restore the authselect
        features in the custom profile
      ansible.builtin.command:
        cmd: authselect enable-feature {{ item }}
      loop: '{{ result_authselect_features.stdout_lines }}'
      register: result_pam_authselect_restore_features
      when:
      - result_authselect_profile is not skipped
      - result_authselect_features is not skipped
      - result_pam_authselect_select_profile is not skipped

    - name: Set number of Password Hashing Rounds - system-auth - Ensure authselect
        changes are applied
      ansible.builtin.command:
        cmd: authselect apply-changes -b --backup=after-hardening-custom-profile
      when:
      - result_authselect_check_cmd is success
      - result_authselect_profile is not skipped
      - result_pam_authselect_restore_features is not skipped

    - name: Set number of Password Hashing Rounds - system-auth - Change the PAM file
        to be edited according to the custom authselect profile
      ansible.builtin.set_fact:
        pam_file_path: /etc/authselect/{{ authselect_custom_profile }}/{{ pam_file_path
          | basename }}
      when:
      - authselect_custom_profile is defined
    when:
    - result_authselect_present.stat.exists

  - name: Set number of Password Hashing Rounds - system-auth - Define a fact for
      control already filtered in case filters are used
    ansible.builtin.set_fact:
      pam_module_control: sufficient

  - name: Set number of Password Hashing Rounds - system-auth - Check if expected
      PAM module line is present in {{ pam_file_path }}
    ansible.builtin.lineinfile:
      path: '{{ pam_file_path }}'
      regexp: ^\s*password\s+{{ pam_module_control | regex_escape() }}\s+pam_unix.so\s*.*
      state: absent
    check_mode: true
    changed_when: false
    register: result_pam_line_present

  - name: Set number of Password Hashing Rounds - system-auth - Include or update
      the PAM module line in {{ pam_file_path }}
    block:

    - name: Set number of Password Hashing Rounds - system-auth - Check if required
        PAM module line is present in {{ pam_file_path }} with different control
      ansible.builtin.lineinfile:
        path: '{{ pam_file_path }}'
        regexp: ^\s*password\s+.*\s+pam_unix.so\s*
        state: absent
      check_mode: true
      changed_when: false
      register: result_pam_line_other_control_present

    - name: Set number of Password Hashing Rounds - system-auth - Ensure the correct
        control for the required PAM module line in {{ pam_file_path }}
      ansible.builtin.replace:
        dest: '{{ pam_file_path }}'
        regexp: ^(\s*password\s+).*(\bpam_unix.so.*)
        replace: \1{{ pam_module_control }} \2
      register: result_pam_module_edit
      when:
      - result_pam_line_other_control_present.found == 1

    - name: Set number of Password Hashing Rounds - system-auth - Ensure the required
        PAM module line is included in {{ pam_file_path }}
      ansible.builtin.lineinfile:
        dest: '{{ pam_file_path }}'
        line: password    {{ pam_module_control }}    pam_unix.so
      register: result_pam_module_add
      when:
      - result_pam_line_other_control_present.found == 0 or result_pam_line_other_control_present.found
        &gt; 1

    - name: Set number of Password Hashing Rounds - system-auth - Ensure authselect
        changes are applied
      ansible.builtin.command:
        cmd: authselect apply-changes -b
      when:
      - result_authselect_present is defined
      - result_authselect_present.stat.exists
      - |-
        (result_pam_module_add is defined and result_pam_module_add.changed)
         or (result_pam_module_edit is defined and result_pam_module_edit.changed)
    when:
    - result_pam_line_present.found is defined
    - result_pam_line_present.found == 0

  - name: Set number of Password Hashing Rounds - system-auth - Define a fact for
      control already filtered in case filters are used
    ansible.builtin.set_fact:
      pam_module_control: sufficient

  - name: Set number of Password Hashing Rounds - system-auth - Check if the required
      PAM module option is present in {{ pam_file_path }}
    ansible.builtin.lineinfile:
      path: '{{ pam_file_path }}'
      regexp: ^\s*password\s+{{ pam_module_control | regex_escape() }}\s+pam_unix.so\s*.*\srounds\b
      state: absent
    check_mode: true
    changed_when: false
    register: result_pam_module_accounts_password_pam_unix_rounds_system_auth_option_present

  - name: Set number of Password Hashing Rounds - system-auth - Ensure the "rounds"
      PAM option for "pam_unix.so" is included in {{ pam_file_path }}
    ansible.builtin.lineinfile:
      path: '{{ pam_file_path }}'
      backrefs: true
      regexp: ^(\s*password\s+{{ pam_module_control | regex_escape() }}\s+pam_unix.so.*)
      line: \1 rounds={{ var_password_pam_unix_rounds }}
      state: present
    register: result_pam_accounts_password_pam_unix_rounds_system_auth_add
    when:
    - result_pam_module_accounts_password_pam_unix_rounds_system_auth_option_present.found
      is defined
    - result_pam_module_accounts_password_pam_unix_rounds_system_auth_option_present.found
      == 0

  - name: Set number of Password Hashing Rounds - system-auth - Ensure the required
      value for "rounds" PAM option from "pam_unix.so" in {{ pam_file_path }}
    ansible.builtin.lineinfile:
      path: '{{ pam_file_path }}'
      backrefs: true
      regexp: ^(\s*password\s+{{ pam_module_control | regex_escape() }}\s+pam_unix.so\s+.*)(rounds)=[0-9a-zA-Z]*\s*(.*)
      line: \1\2={{ var_password_pam_unix_rounds }} \3
    register: result_pam_accounts_password_pam_unix_rounds_system_auth_edit
    when:
    - result_pam_module_accounts_password_pam_unix_rounds_system_auth_option_present.found
      &gt; 0

  - name: Set number of Password Hashing Rounds - system-auth - Ensure authselect
      changes are applied
    ansible.builtin.command:
      cmd: authselect apply-changes -b
    when:
    - result_authselect_present.stat.exists
    - |-
      (result_pam_accounts_password_pam_unix_rounds_system_auth_add is defined and result_pam_accounts_password_pam_unix_rounds_system_auth_add.changed)
       or (result_pam_accounts_password_pam_unix_rounds_system_auth_edit is defined and result_pam_accounts_password_pam_unix_rounds_system_auth_edit.changed)
  when:
  - ( "pam" in ansible_facts.packages and ("kernel-default" in ansible_facts.packages
    or "kernel-default-base" in ansible_facts.packages) )
  - result_pam_file_present.stat.exists
  tags:
  - CCE-91172-7
  - accounts_password_pam_unix_rounds_system_auth
  - configure_strategy
  - low_complexity
  - medium_disruption
  - medium_severity
  - no_reboot_needed
</fix>
            <check system="http://oval.mitre.org/XMLSchema/oval-definitions-5">
              <check-export export-name="oval:ssg-var_password_pam_unix_rounds:var:1" value-id="xccdf_org.ssgproject.content_value_var_password_pam_unix_rounds"/>
              <check-content-ref name="oval:ssg-accounts_password_pam_unix_rounds_system_auth:def:1" href="ssg-sle15-oval.xml"/>
            </check>
            <check system="http://scap.nist.gov/schema/ocil/2">
              <check-content-ref name="ocil:ssg-accounts_password_pam_unix_rounds_system_auth_ocil:questionnaire:1" href="ssg-sle15-ocil.xml"/>
            </check>
          </Rule>
          <Rule id="xccdf_org.ssgproject.content_rule_gid_passwd_group_same" selected="false" role="full" severity="low">
            <title xmlns:xhtml="http://www.w3.org/1999/xhtml" xml:lang="en-US">All GIDs referenced in /etc/passwd must be defined in /etc/group</title>
            <description xmlns:xhtml="http://www.w3.org/1999/xhtml" xml:lang="en-US">Add a group to the system for each GID referenced without a corresponding group.</description>
            <reference href="https://www.cisecurity.org/controls/">1</reference>
            <reference href="https://www.cisecurity.org/controls/">12</reference>
            <reference href="https://www.cisecurity.org/controls/">15</reference>
            <reference href="https://www.cisecurity.org/controls/">16</reference>
            <reference href="https://www.cisecurity.org/controls/">5</reference>
            <reference href="https://www.fbi.gov/file-repository/cjis-security-policy-v5_5_20160601-2-1.pdf">5.5.2</reference>
            <reference href="https://www.isaca.org/resources/cobit">DSS05.04</reference>
            <reference href="https://www.isaca.org/resources/cobit">DSS05.05</reference>
            <reference href="https://www.isaca.org/resources/cobit">DSS05.07</reference>
            <reference href="https://www.isaca.org/resources/cobit">DSS05.10</reference>
            <reference href="https://www.isaca.org/resources/cobit">DSS06.03</reference>
            <reference href="https://www.isaca.org/resources/cobit">DSS06.10</reference>
            <reference href="https://www.isa.org/products/isa-62443-2-1-2009-security-for-industrial-automat">4.3.3.2.2</reference>
            <reference href="https://www.isa.org/products/isa-62443-2-1-2009-security-for-industrial-automat">4.3.3.5.1</reference>
            <reference href="https://www.isa.org/products/isa-62443-2-1-2009-security-for-industrial-automat">4.3.3.5.2</reference>
            <reference href="https://www.isa.org/products/isa-62443-2-1-2009-security-for-industrial-automat">4.3.3.6.1</reference>
            <reference href="https://www.isa.org/products/isa-62443-2-1-2009-security-for-industrial-automat">4.3.3.6.2</reference>
            <reference href="https://www.isa.org/products/isa-62443-2-1-2009-security-for-industrial-automat">4.3.3.6.3</reference>
            <reference href="https://www.isa.org/products/isa-62443-2-1-2009-security-for-industrial-automat">4.3.3.6.4</reference>
            <reference href="https://www.isa.org/products/isa-62443-2-1-2009-security-for-industrial-automat">4.3.3.6.5</reference>
            <reference href="https://www.isa.org/products/isa-62443-2-1-2009-security-for-industrial-automat">4.3.3.6.6</reference>
            <reference href="https://www.isa.org/products/isa-62443-2-1-2009-security-for-industrial-automat">4.3.3.6.7</reference>
            <reference href="https://www.isa.org/products/isa-62443-2-1-2009-security-for-industrial-automat">4.3.3.6.8</reference>
            <reference href="https://www.isa.org/products/isa-62443-2-1-2009-security-for-industrial-automat">4.3.3.6.9</reference>
            <reference href="https://www.isa.org/products/isa-62443-2-1-2009-security-for-industrial-automat">4.3.3.7.2</reference>
            <reference href="https://www.isa.org/products/isa-62443-2-1-2009-security-for-industrial-automat">4.3.3.7.4</reference>
            <reference href="https://www.isa.org/products/ansi-isa-62443-3-3-99-03-03-2013-security-for-indu">SR 1.1</reference>
            <reference href="https://www.isa.org/products/ansi-isa-62443-3-3-99-03-03-2013-security-for-indu">SR 1.10</reference>
            <reference href="https://www.isa.org/products/ansi-isa-62443-3-3-99-03-03-2013-security-for-indu">SR 1.2</reference>
            <reference href="https://www.isa.org/products/ansi-isa-62443-3-3-99-03-03-2013-security-for-indu">SR 1.3</reference>
            <reference href="https://www.isa.org/products/ansi-isa-62443-3-3-99-03-03-2013-security-for-indu">SR 1.4</reference>
            <reference href="https://www.isa.org/products/ansi-isa-62443-3-3-99-03-03-2013-security-for-indu">SR 1.5</reference>
            <reference href="https://www.isa.org/products/ansi-isa-62443-3-3-99-03-03-2013-security-for-indu">SR 1.7</reference>
            <reference href="https://www.isa.org/products/ansi-isa-62443-3-3-99-03-03-2013-security-for-indu">SR 1.8</reference>
            <reference href="https://www.isa.org/products/ansi-isa-62443-3-3-99-03-03-2013-security-for-indu">SR 1.9</reference>
            <reference href="https://www.isa.org/products/ansi-isa-62443-3-3-99-03-03-2013-security-for-indu">SR 2.1</reference>
            <reference href="https://www.iso.org/contents/data/standard/05/45/54534.html">A.18.1.4</reference>
            <reference href="https://www.iso.org/contents/data/standard/05/45/54534.html">A.7.1.1</reference>
            <reference href="https://www.iso.org/contents/data/standard/05/45/54534.html">A.9.2.1</reference>
            <reference href="https://www.iso.org/contents/data/standard/05/45/54534.html">A.9.2.2</reference>
            <reference href="https://www.iso.org/contents/data/standard/05/45/54534.html">A.9.2.3</reference>
            <reference href="https://www.iso.org/contents/data/standard/05/45/54534.html">A.9.2.4</reference>
            <reference href="https://www.iso.org/contents/data/standard/05/45/54534.html">A.9.2.6</reference>
            <reference href="https://www.iso.org/contents/data/standard/05/45/54534.html">A.9.3.1</reference>
            <reference href="https://www.iso.org/contents/data/standard/05/45/54534.html">A.9.4.2</reference>
            <reference href="https://www.iso.org/contents/data/standard/05/45/54534.html">A.9.4.3</reference>
            <reference href="https://www.nerc.com/standards/reliability-standards/cip">CIP-003-8 R5.1.1</reference>
            <reference href="https://www.nerc.com/standards/reliability-standards/cip">CIP-003-8 R5.3</reference>
            <reference href="https://www.nerc.com/standards/reliability-standards/cip">CIP-004-6 R2.2.3</reference>
            <reference href="https://www.nerc.com/standards/reliability-standards/cip">CIP-004-6 R2.3</reference>
            <reference href="https://www.nerc.com/standards/reliability-standards/cip">CIP-007-3 R5.1</reference>
            <reference href="https://www.nerc.com/standards/reliability-standards/cip">CIP-007-3 R5.1.2</reference>
            <reference href="https://www.nerc.com/standards/reliability-standards/cip">CIP-007-3 R5.2</reference>
            <reference href="https://www.nerc.com/standards/reliability-standards/cip">CIP-007-3 R5.3.1</reference>
            <reference href="https://www.nerc.com/standards/reliability-standards/cip">CIP-007-3 R5.3.2</reference>
            <reference href="https://www.nerc.com/standards/reliability-standards/cip">CIP-007-3 R5.3.3</reference>
            <reference href="http://nvlpubs.nist.gov/nistpubs/SpecialPublications/NIST.SP.800-53r4.pdf">IA-2</reference>
            <reference href="http://nvlpubs.nist.gov/nistpubs/SpecialPublications/NIST.SP.800-53r4.pdf">CM-6(a)</reference>
            <reference href="https://nvlpubs.nist.gov/nistpubs/CSWP/NIST.CSWP.04162018.pdf">PR.AC-1</reference>
            <reference href="https://nvlpubs.nist.gov/nistpubs/CSWP/NIST.CSWP.04162018.pdf">PR.AC-6</reference>
            <reference href="https://nvlpubs.nist.gov/nistpubs/CSWP/NIST.CSWP.04162018.pdf">PR.AC-7</reference>
            <reference href="https://www.pcisecuritystandards.org/documents/PCI_DSS_v3-2-1.pdf">Req-8.5.a</reference>
            <reference href="https://www.cyber.mil/stigs/downloads/?_dl_facet_stigs=operating-systems%2Cgeneral-purpose-os">SRG-OS-000104-GPOS-00051</reference>
            <reference href="https://www.cisecurity.org/benchmark/suse_linux/">6.2.13</reference>
            <reference href="not_publicly_available">SLES-15-900300045</reference>
            <reference href="https://docs-prv.pcisecuritystandards.org/PCI%20DSS/Standard/PCI-DSS-v4_0.pdf">8.2.2</reference>
            <reference href="https://docs-prv.pcisecuritystandards.org/PCI%20DSS/Standard/PCI-DSS-v4_0.pdf">8.2</reference>
            <rationale xmlns:xhtml="http://www.w3.org/1999/xhtml" xml:lang="en-US">If a user is assigned the Group Identifier (GID) of a group not existing on the system, and a group
with the Group Identifier (GID) is subsequently created, the user may have unintended rights to
any files associated with the group.</rationale>
            <ident system="https://ncp.nist.gov/cce">CCE-85847-2</ident>
            <check system="http://oval.mitre.org/XMLSchema/oval-definitions-5">
              <check-content-ref name="oval:ssg-gid_passwd_group_same:def:1" href="ssg-sle15-oval.xml"/>
            </check>
            <check system="http://scap.nist.gov/schema/ocil/2">
              <check-content-ref name="ocil:ssg-gid_passwd_group_same_ocil:questionnaire:1" href="ssg-sle15-ocil.xml"/>
            </check>
          </Rule>
          <Rule id="xccdf_org.ssgproject.content_rule_no_empty_passwords" selected="false" role="full" severity="high">
            <title xmlns:xhtml="http://www.w3.org/1999/xhtml" xml:lang="en-US">Prevent Login to Accounts With Empty Password</title>
            <description xmlns:xhtml="http://www.w3.org/1999/xhtml" xml:lang="en-US">If an account is configured for password authentication
but does not have an assigned password, it may be possible to log
into the account without authentication. Remove any instances of the
<html:code xmlns:html="http://www.w3.org/1999/xhtml">nullok</html:code> in

password authentication configurations in <html:code xmlns:html="http://www.w3.org/1999/xhtml">/etc/pam.d/</html:code>

to prevent logins with empty passwords.</description>
            <warning xmlns:xhtml="http://www.w3.org/1999/xhtml" xml:lang="en-US" category="general">If the system relies on <html:code xmlns:html="http://www.w3.org/1999/xhtml">authselect</html:code> tool to manage PAM settings, the remediation
will also use <html:code xmlns:html="http://www.w3.org/1999/xhtml">authselect</html:code> tool. However, if any manual modification was made in
PAM files, the <html:code xmlns:html="http://www.w3.org/1999/xhtml">authselect</html:code> integrity check will fail and the remediation will be
aborted in order to preserve intentional changes. In this case, an informative message will
be shown in the remediation report.
Note that this rule is not applicable for systems running within a
container. Having user with empty password within a container is not
considered a risk, because it should not be possible to directly login into
a container anyway.</warning>
            <reference href="https://www.cisecurity.org/controls/">1</reference>
            <reference href="https://www.cisecurity.org/controls/">12</reference>
            <reference href="https://www.cisecurity.org/controls/">13</reference>
            <reference href="https://www.cisecurity.org/controls/">14</reference>
            <reference href="https://www.cisecurity.org/controls/">15</reference>
            <reference href="https://www.cisecurity.org/controls/">16</reference>
            <reference href="https://www.cisecurity.org/controls/">18</reference>
            <reference href="https://www.cisecurity.org/controls/">3</reference>
            <reference href="https://www.cisecurity.org/controls/">5</reference>
            <reference href="https://www.fbi.gov/file-repository/cjis-security-policy-v5_5_20160601-2-1.pdf">5.5.2</reference>
            <reference href="https://www.isaca.org/resources/cobit">APO01.06</reference>
            <reference href="https://www.isaca.org/resources/cobit">DSS05.04</reference>
            <reference href="https://www.isaca.org/resources/cobit">DSS05.05</reference>
            <reference href="https://www.isaca.org/resources/cobit">DSS05.07</reference>
            <reference href="https://www.isaca.org/resources/cobit">DSS05.10</reference>
            <reference href="https://www.isaca.org/resources/cobit">DSS06.02</reference>
            <reference href="https://www.isaca.org/resources/cobit">DSS06.03</reference>
            <reference href="https://www.isaca.org/resources/cobit">DSS06.10</reference>
            <reference href="http://nvlpubs.nist.gov/nistpubs/SpecialPublications/NIST.SP.800-171.pdf">3.1.1</reference>
            <reference href="http://nvlpubs.nist.gov/nistpubs/SpecialPublications/NIST.SP.800-171.pdf">3.1.5</reference>
            <reference href="https://www.gpo.gov/fdsys/pkg/CFR-2007-title45-vol1/pdf/CFR-2007-title45-vol1-chapA-subchapC.pdf">164.308(a)(1)(ii)(B)</reference>
            <reference href="https://www.gpo.gov/fdsys/pkg/CFR-2007-title45-vol1/pdf/CFR-2007-title45-vol1-chapA-subchapC.pdf">164.308(a)(7)(i)</reference>
            <reference href="https://www.gpo.gov/fdsys/pkg/CFR-2007-title45-vol1/pdf/CFR-2007-title45-vol1-chapA-subchapC.pdf">164.308(a)(7)(ii)(A)</reference>
            <reference href="https://www.gpo.gov/fdsys/pkg/CFR-2007-title45-vol1/pdf/CFR-2007-title45-vol1-chapA-subchapC.pdf">164.310(a)(1)</reference>
            <reference href="https://www.gpo.gov/fdsys/pkg/CFR-2007-title45-vol1/pdf/CFR-2007-title45-vol1-chapA-subchapC.pdf">164.310(a)(2)(i)</reference>
            <reference href="https://www.gpo.gov/fdsys/pkg/CFR-2007-title45-vol1/pdf/CFR-2007-title45-vol1-chapA-subchapC.pdf">164.310(a)(2)(ii)</reference>
            <reference href="https://www.gpo.gov/fdsys/pkg/CFR-2007-title45-vol1/pdf/CFR-2007-title45-vol1-chapA-subchapC.pdf">164.310(a)(2)(iii)</reference>
            <reference href="https://www.gpo.gov/fdsys/pkg/CFR-2007-title45-vol1/pdf/CFR-2007-title45-vol1-chapA-subchapC.pdf">164.310(b)</reference>
            <reference href="https://www.gpo.gov/fdsys/pkg/CFR-2007-title45-vol1/pdf/CFR-2007-title45-vol1-chapA-subchapC.pdf">164.310(c)</reference>
            <reference href="https://www.gpo.gov/fdsys/pkg/CFR-2007-title45-vol1/pdf/CFR-2007-title45-vol1-chapA-subchapC.pdf">164.310(d)(1)</reference>
            <reference href="https://www.gpo.gov/fdsys/pkg/CFR-2007-title45-vol1/pdf/CFR-2007-title45-vol1-chapA-subchapC.pdf">164.310(d)(2)(iii)</reference>
            <reference href="https://www.isa.org/products/isa-62443-2-1-2009-security-for-industrial-automat">4.3.3.2.2</reference>
            <reference href="https://www.isa.org/products/isa-62443-2-1-2009-security-for-industrial-automat">4.3.3.5.1</reference>
            <reference href="https://www.isa.org/products/isa-62443-2-1-2009-security-for-industrial-automat">4.3.3.5.2</reference>
            <reference href="https://www.isa.org/products/isa-62443-2-1-2009-security-for-industrial-automat">4.3.3.6.1</reference>
            <reference href="https://www.isa.org/products/isa-62443-2-1-2009-security-for-industrial-automat">4.3.3.6.2</reference>
            <reference href="https://www.isa.org/products/isa-62443-2-1-2009-security-for-industrial-automat">4.3.3.6.3</reference>
            <reference href="https://www.isa.org/products/isa-62443-2-1-2009-security-for-industrial-automat">4.3.3.6.4</reference>
            <reference href="https://www.isa.org/products/isa-62443-2-1-2009-security-for-industrial-automat">4.3.3.6.5</reference>
            <reference href="https://www.isa.org/products/isa-62443-2-1-2009-security-for-industrial-automat">4.3.3.6.6</reference>
            <reference href="https://www.isa.org/products/isa-62443-2-1-2009-security-for-industrial-automat">4.3.3.6.7</reference>
            <reference href="https://www.isa.org/products/isa-62443-2-1-2009-security-for-industrial-automat">4.3.3.6.8</reference>
            <reference href="https://www.isa.org/products/isa-62443-2-1-2009-security-for-industrial-automat">4.3.3.6.9</reference>
            <reference href="https://www.isa.org/products/isa-62443-2-1-2009-security-for-industrial-automat">4.3.3.7.2</reference>
            <reference href="https://www.isa.org/products/isa-62443-2-1-2009-security-for-industrial-automat">4.3.3.7.3</reference>
            <reference href="https://www.isa.org/products/isa-62443-2-1-2009-security-for-industrial-automat">4.3.3.7.4</reference>
            <reference href="https://www.isa.org/products/ansi-isa-62443-3-3-99-03-03-2013-security-for-indu">SR 1.1</reference>
            <reference href="https://www.isa.org/products/ansi-isa-62443-3-3-99-03-03-2013-security-for-indu">SR 1.10</reference>
            <reference href="https://www.isa.org/products/ansi-isa-62443-3-3-99-03-03-2013-security-for-indu">SR 1.2</reference>
            <reference href="https://www.isa.org/products/ansi-isa-62443-3-3-99-03-03-2013-security-for-indu">SR 1.3</reference>
            <reference href="https://www.isa.org/products/ansi-isa-62443-3-3-99-03-03-2013-security-for-indu">SR 1.4</reference>
            <reference href="https://www.isa.org/products/ansi-isa-62443-3-3-99-03-03-2013-security-for-indu">SR 1.5</reference>
            <reference href="https://www.isa.org/products/ansi-isa-62443-3-3-99-03-03-2013-security-for-indu">SR 1.7</reference>
            <reference href="https://www.isa.org/products/ansi-isa-62443-3-3-99-03-03-2013-security-for-indu">SR 1.8</reference>
            <reference href="https://www.isa.org/products/ansi-isa-62443-3-3-99-03-03-2013-security-for-indu">SR 1.9</reference>
            <reference href="https://www.isa.org/products/ansi-isa-62443-3-3-99-03-03-2013-security-for-indu">SR 2.1</reference>
            <reference href="https://www.isa.org/products/ansi-isa-62443-3-3-99-03-03-2013-security-for-indu">SR 5.2</reference>
            <reference href="https://www.iso.org/contents/data/standard/05/45/54534.html">A.10.1.1</reference>
            <reference href="https://www.iso.org/contents/data/standard/05/45/54534.html">A.11.1.4</reference>
            <reference href="https://www.iso.org/contents/data/standard/05/45/54534.html">A.11.1.5</reference>
            <reference href="https://www.iso.org/contents/data/standard/05/45/54534.html">A.11.2.1</reference>
            <reference href="https://www.iso.org/contents/data/standard/05/45/54534.html">A.13.1.1</reference>
            <reference href="https://www.iso.org/contents/data/standard/05/45/54534.html">A.13.1.3</reference>
            <reference href="https://www.iso.org/contents/data/standard/05/45/54534.html">A.13.2.1</reference>
            <reference href="https://www.iso.org/contents/data/standard/05/45/54534.html">A.13.2.3</reference>
            <reference href="https://www.iso.org/contents/data/standard/05/45/54534.html">A.13.2.4</reference>
            <reference href="https://www.iso.org/contents/data/standard/05/45/54534.html">A.14.1.2</reference>
            <reference href="https://www.iso.org/contents/data/standard/05/45/54534.html">A.14.1.3</reference>
            <reference href="https://www.iso.org/contents/data/standard/05/45/54534.html">A.18.1.4</reference>
            <reference href="https://www.iso.org/contents/data/standard/05/45/54534.html">A.6.1.2</reference>
            <reference href="https://www.iso.org/contents/data/standard/05/45/54534.html">A.7.1.1</reference>
            <reference href="https://www.iso.org/contents/data/standard/05/45/54534.html">A.7.1.2</reference>
            <reference href="https://www.iso.org/contents/data/standard/05/45/54534.html">A.7.3.1</reference>
            <reference href="https://www.iso.org/contents/data/standard/05/45/54534.html">A.8.2.2</reference>
            <reference href="https://www.iso.org/contents/data/standard/05/45/54534.html">A.8.2.3</reference>
            <reference href="https://www.iso.org/contents/data/standard/05/45/54534.html">A.9.1.1</reference>
            <reference href="https://www.iso.org/contents/data/standard/05/45/54534.html">A.9.1.2</reference>
            <reference href="https://www.iso.org/contents/data/standard/05/45/54534.html">A.9.2.1</reference>
            <reference href="https://www.iso.org/contents/data/standard/05/45/54534.html">A.9.2.2</reference>
            <reference href="https://www.iso.org/contents/data/standard/05/45/54534.html">A.9.2.3</reference>
            <reference href="https://www.iso.org/contents/data/standard/05/45/54534.html">A.9.2.4</reference>
            <reference href="https://www.iso.org/contents/data/standard/05/45/54534.html">A.9.2.6</reference>
            <reference href="https://www.iso.org/contents/data/standard/05/45/54534.html">A.9.3.1</reference>
            <reference href="https://www.iso.org/contents/data/standard/05/45/54534.html">A.9.4.1</reference>
            <reference href="https://www.iso.org/contents/data/standard/05/45/54534.html">A.9.4.2</reference>
            <reference href="https://www.iso.org/contents/data/standard/05/45/54534.html">A.9.4.3</reference>
            <reference href="https://www.iso.org/contents/data/standard/05/45/54534.html">A.9.4.4</reference>
            <reference href="https://www.iso.org/contents/data/standard/05/45/54534.html">A.9.4.5</reference>
            <reference href="http://nvlpubs.nist.gov/nistpubs/SpecialPublications/NIST.SP.800-53r4.pdf">IA-5(1)(a)</reference>
            <reference href="http://nvlpubs.nist.gov/nistpubs/SpecialPublications/NIST.SP.800-53r4.pdf">IA-5(c)</reference>
            <reference href="http://nvlpubs.nist.gov/nistpubs/SpecialPublications/NIST.SP.800-53r4.pdf">CM-6(a)</reference>
            <reference href="https://nvlpubs.nist.gov/nistpubs/CSWP/NIST.CSWP.04162018.pdf">PR.AC-1</reference>
            <reference href="https://nvlpubs.nist.gov/nistpubs/CSWP/NIST.CSWP.04162018.pdf">PR.AC-4</reference>
            <reference href="https://nvlpubs.nist.gov/nistpubs/CSWP/NIST.CSWP.04162018.pdf">PR.AC-6</reference>
            <reference href="https://nvlpubs.nist.gov/nistpubs/CSWP/NIST.CSWP.04162018.pdf">PR.AC-7</reference>
            <reference href="https://nvlpubs.nist.gov/nistpubs/CSWP/NIST.CSWP.04162018.pdf">PR.DS-5</reference>
            <reference href="https://www.niap-ccevs.org/Profile/PP.cfm">FIA_UAU.1</reference>
            <reference href="https://www.pcisecuritystandards.org/documents/PCI_DSS_v3-2-1.pdf">Req-8.2.3</reference>
            <reference href="https://www.cyber.mil/stigs/downloads/?_dl_facet_stigs=operating-systems%2Cgeneral-purpose-os">SRG-OS-000480-GPOS-00227</reference>
            <reference href="https://www.cyber.mil/stigs/downloads/?_dl_facet_stigs=operating-systems%2Cunix-linux">SLES-15-020300</reference>
            <reference href="not_publicly_available">SLES-15-600450225</reference>
            <reference href="https://www.cyber.gov.au/acsc/view-all-content/ism">1546</reference>
            <reference href="https://docs-prv.pcisecuritystandards.org/PCI%20DSS/Standard/PCI-DSS-v4_0.pdf">8.3.1</reference>
            <reference href="https://docs-prv.pcisecuritystandards.org/PCI%20DSS/Standard/PCI-DSS-v4_0.pdf">8.3</reference>
            <reference href="https://www.cyber.mil/stigs/srg-stig-tools/">SV-234898r991589_rule</reference>
            <rationale xmlns:xhtml="http://www.w3.org/1999/xhtml" xml:lang="en-US">If an account has an empty password, anyone could log in and
run commands with the privileges of that account. Accounts with
empty passwords should never be used in operational environments.</rationale>
            <platform idref="#system_with_kernel"/>
            <ident system="https://ncp.nist.gov/cce">CCE-85576-7</ident>
            <fix xmlns:xhtml="http://www.w3.org/1999/xhtml" id="no_empty_passwords" system="urn:xccdf:fix:script:sh" complexity="low" disruption="medium" strategy="configure"># Remediation is applicable only in certain platforms
if rpm --quiet -q kernel-default || rpm --quiet -q kernel-default-base; then

PAM_PATH="/etc/pam.d/"
NULLOK_FILES=$(grep -rl ".*pam_unix\\.so.*nullok.*" ${PAM_PATH})
for FILE in ${NULLOK_FILES}; do
   sed --follow-symlinks -i 's/\&lt;nullok\&gt;//g' ${FILE}
done

else
    &gt;&amp;2 echo 'Remediation is not applicable, nothing was done'
fi
</fix>
            <fix xmlns:xhtml="http://www.w3.org/1999/xhtml" id="no_empty_passwords" system="urn:xccdf:fix:script:ansible" complexity="low" disruption="medium" strategy="configure">- name: Gather the package facts
  package_facts:
    manager: auto
  tags:
  - CCE-85576-7
  - CJIS-5.5.2
  - DISA-STIG-SLES-15-020300
  - NIST-800-171-3.1.1
  - NIST-800-171-3.1.5
  - NIST-800-53-CM-6(a)
  - NIST-800-53-IA-5(1)(a)
  - NIST-800-53-IA-5(c)
  - PCI-DSS-Req-8.2.3
  - PCI-DSSv4-8.3
  - PCI-DSSv4-8.3.1
  - configure_strategy
  - high_severity
  - low_complexity
  - medium_disruption
  - no_empty_passwords
  - no_reboot_needed

- name: Find files in /etc/pam.d/ with password auth
  ansible.builtin.find:
    paths: /etc/pam.d
    contains: .*pam_unix\.so.*nullok.*
    recurse: true
  register: find_pam_conf_files_result
  when: ("kernel-default" in ansible_facts.packages or "kernel-default-base" in ansible_facts.packages)
  tags:
  - CCE-85576-7
  - CJIS-5.5.2
  - DISA-STIG-SLES-15-020300
  - NIST-800-171-3.1.1
  - NIST-800-171-3.1.5
  - NIST-800-53-CM-6(a)
  - NIST-800-53-IA-5(1)(a)
  - NIST-800-53-IA-5(c)
  - PCI-DSS-Req-8.2.3
  - PCI-DSSv4-8.3
  - PCI-DSSv4-8.3.1
  - configure_strategy
  - high_severity
  - low_complexity
  - medium_disruption
  - no_empty_passwords
  - no_reboot_needed

- name: Prevent Log In to Accounts with Empty Password
  ansible.builtin.replace:
    dest: '{{ item.path }}'
    regexp: nullok
  with_items: '{{ find_pam_conf_files_result.files }}'
  when: ("kernel-default" in ansible_facts.packages or "kernel-default-base" in ansible_facts.packages)
  tags:
  - CCE-85576-7
  - CJIS-5.5.2
  - DISA-STIG-SLES-15-020300
  - NIST-800-171-3.1.1
  - NIST-800-171-3.1.5
  - NIST-800-53-CM-6(a)
  - NIST-800-53-IA-5(1)(a)
  - NIST-800-53-IA-5(c)
  - PCI-DSS-Req-8.2.3
  - PCI-DSSv4-8.3
  - PCI-DSSv4-8.3.1
  - configure_strategy
  - high_severity
  - low_complexity
  - medium_disruption
  - no_empty_passwords
  - no_reboot_needed
</fix>
            <check system="http://oval.mitre.org/XMLSchema/oval-definitions-5">
              <check-content-ref name="oval:ssg-no_empty_passwords:def:1" href="ssg-sle15-oval.xml"/>
            </check>
            <check system="http://scap.nist.gov/schema/ocil/2">
              <check-content-ref name="ocil:ssg-no_empty_passwords_ocil:questionnaire:1" href="ssg-sle15-ocil.xml"/>
            </check>
          </Rule>
          <Rule id="xccdf_org.ssgproject.content_rule_no_empty_passwords_etc_shadow" selected="false" role="full" severity="high">
            <title xmlns:xhtml="http://www.w3.org/1999/xhtml" xml:lang="en-US">Ensure There Are No Accounts With Blank or Null Passwords</title>
            <description xmlns:xhtml="http://www.w3.org/1999/xhtml" xml:lang="en-US">Check the "/etc/shadow" file for blank passwords with the
following command:
<html:pre xmlns:html="http://www.w3.org/1999/xhtml">$ sudo awk -F: '!$2 {print $1}' /etc/shadow</html:pre>
If the command returns any results, this is a finding.
Configure all accounts on the system to have a password or lock
the account with the following commands:
Perform a password reset:
<html:pre xmlns:html="http://www.w3.org/1999/xhtml">$ sudo passwd [username]</html:pre>
Lock an account:
<html:pre xmlns:html="http://www.w3.org/1999/xhtml">$ sudo passwd -l [username]</html:pre>
        </description>
            <warning xmlns:xhtml="http://www.w3.org/1999/xhtml" xml:lang="en-US" category="general">Note that this rule is not applicable for systems running within a container. Having user with empty password within a container is not considered a risk, because it should not be possible to directly login into a container anyway.</warning>
            <reference href="http://nvlpubs.nist.gov/nistpubs/SpecialPublications/NIST.SP.800-53r4.pdf">CM-6(b)</reference>
            <reference href="http://nvlpubs.nist.gov/nistpubs/SpecialPublications/NIST.SP.800-53r4.pdf">CM-6.1(iv)</reference>
            <reference href="https://www.cyber.mil/stigs/downloads/?_dl_facet_stigs=operating-systems%2Cgeneral-purpose-os">SRG-OS-000480-GPOS-00227</reference>
            <reference href="https://www.cyber.mil/stigs/downloads/?_dl_facet_stigs=operating-systems%2Cunix-linux">SLES-15-020181</reference>
            <reference href="https://docs-prv.pcisecuritystandards.org/PCI%20DSS/Standard/PCI-DSS-v4_0.pdf">2.2.2</reference>
            <reference href="https://docs-prv.pcisecuritystandards.org/PCI%20DSS/Standard/PCI-DSS-v4_0.pdf">2.2</reference>
            <reference href="https://www.cyber.mil/stigs/srg-stig-tools/">SV-251725r991589_rule</reference>
            <rationale xmlns:xhtml="http://www.w3.org/1999/xhtml" xml:lang="en-US">If an account has an empty password, anyone could log in and
run commands with the privileges of that account. Accounts with
empty passwords should never be used in operational environments.</rationale>
            <platform idref="#system_with_kernel"/>
            <ident system="https://ncp.nist.gov/cce">CCE-91155-2</ident>
            <fix xmlns:xhtml="http://www.w3.org/1999/xhtml" id="no_empty_passwords_etc_shadow" system="urn:xccdf:fix:script:sh"># Remediation is applicable only in certain platforms
if rpm --quiet -q kernel-default || rpm --quiet -q kernel-default-base; then

readarray -t users_with_empty_pass &lt; &lt;(sudo awk -F: '!$2 {print $1}' /etc/shadow)

for user_with_empty_pass in "${users_with_empty_pass[@]}"
do
    passwd -l $user_with_empty_pass
done

else
    &gt;&amp;2 echo 'Remediation is not applicable, nothing was done'
fi
</fix>
            <fix xmlns:xhtml="http://www.w3.org/1999/xhtml" id="no_empty_passwords_etc_shadow" system="urn:xccdf:fix:script:ansible" complexity="low" disruption="low" strategy="restrict">- name: Gather the package facts
  package_facts:
    manager: auto
  tags:
  - CCE-91155-2
  - DISA-STIG-SLES-15-020181
  - NIST-800-53-CM-6(b)
  - NIST-800-53-CM-6.1(iv)
  - PCI-DSSv4-2.2
  - PCI-DSSv4-2.2.2
  - high_severity
  - low_complexity
  - low_disruption
  - no_empty_passwords_etc_shadow
  - no_reboot_needed
  - restrict_strategy

- name: Collect users with no password
  ansible.builtin.command: |
    awk -F: '!$2 {print $1}' /etc/shadow
  register: users_nopasswd
  changed_when: false
  when: ("kernel-default" in ansible_facts.packages or "kernel-default-base" in ansible_facts.packages)
  tags:
  - CCE-91155-2
  - DISA-STIG-SLES-15-020181
  - NIST-800-53-CM-6(b)
  - NIST-800-53-CM-6.1(iv)
  - PCI-DSSv4-2.2
  - PCI-DSSv4-2.2.2
  - high_severity
  - low_complexity
  - low_disruption
  - no_empty_passwords_etc_shadow
  - no_reboot_needed
  - restrict_strategy

- name: Lock users with no password
  ansible.builtin.command: |
    passwd -l {{ item }}
  with_items: '{{ users_nopasswd.stdout_lines }}'
  when:
  - ("kernel-default" in ansible_facts.packages or "kernel-default-base" in ansible_facts.packages)
  - users_nopasswd is not skipped and users_nopasswd.stdout_lines | length &gt; 0
  tags:
  - CCE-91155-2
  - DISA-STIG-SLES-15-020181
  - NIST-800-53-CM-6(b)
  - NIST-800-53-CM-6.1(iv)
  - PCI-DSSv4-2.2
  - PCI-DSSv4-2.2.2
  - high_severity
  - low_complexity
  - low_disruption
  - no_empty_passwords_etc_shadow
  - no_reboot_needed
  - restrict_strategy
</fix>
            <check system="http://oval.mitre.org/XMLSchema/oval-definitions-5">
              <check-content-ref name="oval:ssg-no_empty_passwords_etc_shadow:def:1" href="ssg-sle15-oval.xml"/>
            </check>
            <check system="http://scap.nist.gov/schema/ocil/2">
              <check-content-ref name="ocil:ssg-no_empty_passwords_etc_shadow_ocil:questionnaire:1" href="ssg-sle15-ocil.xml"/>
            </check>
          </Rule>
          <Rule id="xccdf_org.ssgproject.content_rule_no_forward_files" selected="false" role="full" severity="medium">
            <title xmlns:xhtml="http://www.w3.org/1999/xhtml" xml:lang="en-US">Verify No .forward Files Exist</title>
            <description xmlns:xhtml="http://www.w3.org/1999/xhtml" xml:lang="en-US">The <html:code xmlns:html="http://www.w3.org/1999/xhtml">.forward</html:code> file specifies an email address to forward the user's mail to.</description>
            <reference href="https://www.cisecurity.org/benchmark/suse_linux/">6.2.9</reference>
            <reference href="not_publicly_available">SLES-15-900300135</reference>
            <rationale xmlns:xhtml="http://www.w3.org/1999/xhtml" xml:lang="en-US">Use of the <html:code xmlns:html="http://www.w3.org/1999/xhtml">.forward</html:code> file poses a security risk in that sensitive data may
be inadvertently transferred outside the organization. The .forward file
also poses a risk as it can be used to execute commands that may perform
unintended actions.</rationale>
            <platform idref="#system_with_kernel"/>
            <ident system="https://ncp.nist.gov/cce">CCE-92622-0</ident>
            <check system="http://oval.mitre.org/XMLSchema/oval-definitions-5">
              <check-content-ref name="oval:ssg-no_forward_files:def:1" href="ssg-sle15-oval.xml"/>
            </check>
            <check system="http://scap.nist.gov/schema/ocil/2">
              <check-content-ref name="ocil:ssg-no_forward_files_ocil:questionnaire:1" href="ssg-sle15-ocil.xml"/>
            </check>
          </Rule>
          <Rule id="xccdf_org.ssgproject.content_rule_no_legacy_plus_entries_etc_group" selected="false" role="full" severity="medium">
            <title xmlns:xhtml="http://www.w3.org/1999/xhtml" xml:lang="en-US">Ensure there are no legacy + NIS entries in /etc/group</title>
            <description xmlns:xhtml="http://www.w3.org/1999/xhtml" xml:lang="en-US">The <html:code xmlns:html="http://www.w3.org/1999/xhtml">+</html:code> character in <html:code xmlns:html="http://www.w3.org/1999/xhtml">/etc/group</html:code> file marks a place where
entries from a network information service (NIS) should be directly inserted.</description>
            <rationale xmlns:xhtml="http://www.w3.org/1999/xhtml" xml:lang="en-US">Using this method to include entries into <html:code xmlns:html="http://www.w3.org/1999/xhtml">/etc/group</html:code> is considered legacy
and should be avoided. These entries may provide a way for an attacker
to gain access to the system.</rationale>
            <fix xmlns:xhtml="http://www.w3.org/1999/xhtml" id="no_legacy_plus_entries_etc_group" system="urn:xccdf:fix:script:sh">
if grep -q '^\+' /etc/group; then
# backup old file to /etc/group-
	cp /etc/group /etc/group-
	sed -i '/^\+.*$/d' /etc/group
fi
</fix>
            <fix xmlns:xhtml="http://www.w3.org/1999/xhtml" id="no_legacy_plus_entries_etc_group" system="urn:xccdf:fix:script:ansible" complexity="low" disruption="medium" strategy="restrict">- name: Ensure there are no legacy + NIS entries in /etc/group - Backup the Old /etc/group
    File
  ansible.builtin.copy:
    src: /etc/group
    dest: /etc/group-
    remote_src: true
  tags:
  - low_complexity
  - medium_disruption
  - medium_severity
  - no_legacy_plus_entries_etc_group
  - no_reboot_needed
  - restrict_strategy

- name: Ensure there are no legacy + NIS entries in /etc/group - Remove Lines Starting
    with + From /etc/group
  ansible.builtin.lineinfile:
    regexp: ^\+.*$
    state: absent
    path: /etc/group
  tags:
  - low_complexity
  - medium_disruption
  - medium_severity
  - no_legacy_plus_entries_etc_group
  - no_reboot_needed
  - restrict_strategy
</fix>
            <check system="http://oval.mitre.org/XMLSchema/oval-definitions-5">
              <check-content-ref name="oval:ssg-no_legacy_plus_entries_etc_group:def:1" href="ssg-sle15-oval.xml"/>
            </check>
            <check system="http://scap.nist.gov/schema/ocil/2">
              <check-content-ref name="ocil:ssg-no_legacy_plus_entries_etc_group_ocil:questionnaire:1" href="ssg-sle15-ocil.xml"/>
            </check>
          </Rule>
          <Rule id="xccdf_org.ssgproject.content_rule_no_legacy_plus_entries_etc_passwd" selected="false" role="full" severity="medium">
            <title xmlns:xhtml="http://www.w3.org/1999/xhtml" xml:lang="en-US">Ensure there are no legacy + NIS entries in /etc/passwd</title>
            <description xmlns:xhtml="http://www.w3.org/1999/xhtml" xml:lang="en-US">The <html:code xmlns:html="http://www.w3.org/1999/xhtml">+</html:code> character in <html:code xmlns:html="http://www.w3.org/1999/xhtml">/etc/passwd</html:code> file marks a place where
entries from a network information service (NIS) should be directly inserted.</description>
            <reference href="https://www.cisecurity.org/benchmark/suse_linux/">6.2.2</reference>
            <reference href="not_publicly_available">SLES-15-900300030</reference>
            <rationale xmlns:xhtml="http://www.w3.org/1999/xhtml" xml:lang="en-US">Using this method to include entries into <html:code xmlns:html="http://www.w3.org/1999/xhtml">/etc/passwd</html:code> is considered legacy
and should be avoided. These entries may provide a way for an attacker
to gain access to the system.</rationale>
            <ident system="https://ncp.nist.gov/cce">CCE-91399-6</ident>
            <fix xmlns:xhtml="http://www.w3.org/1999/xhtml" id="no_legacy_plus_entries_etc_passwd" system="urn:xccdf:fix:script:sh">
if grep -q '^\+' /etc/passwd; then
# backup old file to /etc/passwd-
	cp /etc/passwd /etc/passwd-
	sed -i '/^\+.*$/d' /etc/passwd
fi
</fix>
            <fix xmlns:xhtml="http://www.w3.org/1999/xhtml" id="no_legacy_plus_entries_etc_passwd" system="urn:xccdf:fix:script:ansible" complexity="low" disruption="medium" strategy="restrict">- name: Ensure there are no legacy + NIS entries in /etc/passwd - Backup the Old /etc/passwd
    File
  ansible.builtin.copy:
    src: /etc/passwd
    dest: /etc/passwd-
    remote_src: true
  tags:
  - CCE-91399-6
  - low_complexity
  - medium_disruption
  - medium_severity
  - no_legacy_plus_entries_etc_passwd
  - no_reboot_needed
  - restrict_strategy

- name: Ensure there are no legacy + NIS entries in /etc/passwd - Remove Lines Starting
    with + From /etc/passwd
  ansible.builtin.lineinfile:
    regexp: ^\+.*$
    state: absent
    path: /etc/passwd
  tags:
  - CCE-91399-6
  - low_complexity
  - medium_disruption
  - medium_severity
  - no_legacy_plus_entries_etc_passwd
  - no_reboot_needed
  - restrict_strategy
</fix>
            <check system="http://oval.mitre.org/XMLSchema/oval-definitions-5">
              <check-content-ref name="oval:ssg-no_legacy_plus_entries_etc_passwd:def:1" href="ssg-sle15-oval.xml"/>
            </check>
            <check system="http://scap.nist.gov/schema/ocil/2">
              <check-content-ref name="ocil:ssg-no_legacy_plus_entries_etc_passwd_ocil:questionnaire:1" href="ssg-sle15-ocil.xml"/>
            </check>
          </Rule>
          <Rule id="xccdf_org.ssgproject.content_rule_no_legacy_plus_entries_etc_shadow" selected="false" role="full" severity="medium">
            <title xmlns:xhtml="http://www.w3.org/1999/xhtml" xml:lang="en-US">Ensure there are no legacy + NIS entries in /etc/shadow</title>
            <description xmlns:xhtml="http://www.w3.org/1999/xhtml" xml:lang="en-US">The <html:code xmlns:html="http://www.w3.org/1999/xhtml">+</html:code> character in <html:code xmlns:html="http://www.w3.org/1999/xhtml">/etc/shadow</html:code> file marks a place where
entries from a network information service (NIS) should be directly inserted.</description>
            <reference href="https://www.cisecurity.org/benchmark/suse_linux/">6.2.2</reference>
            <reference href="not_publicly_available">SLES-15-900300030</reference>
            <rationale xmlns:xhtml="http://www.w3.org/1999/xhtml" xml:lang="en-US">Using this method to include entries into <html:code xmlns:html="http://www.w3.org/1999/xhtml">/etc/shadow</html:code> is considered legacy
and should be avoided. These entries may provide a way for an attacker
to gain access to the system.</rationale>
            <ident system="https://ncp.nist.gov/cce">CCE-91402-8</ident>
            <fix xmlns:xhtml="http://www.w3.org/1999/xhtml" id="no_legacy_plus_entries_etc_shadow" system="urn:xccdf:fix:script:sh">
if grep -q '^\+' /etc/shadow; then
# backup old file to /etc/shadow-
	cp /etc/shadow /etc/shadow-
	sed -i '/^\+.*$/d' /etc/shadow
fi
</fix>
            <fix xmlns:xhtml="http://www.w3.org/1999/xhtml" id="no_legacy_plus_entries_etc_shadow" system="urn:xccdf:fix:script:ansible" complexity="low" disruption="medium" strategy="restrict">- name: Ensure there are no legacy + NIS entries in /etc/shadow - Backup the Old /etc/shadow
    File
  ansible.builtin.copy:
    src: /etc/shadow
    dest: /etc/shadow-
    remote_src: true
  tags:
  - CCE-91402-8
  - low_complexity
  - medium_disruption
  - medium_severity
  - no_legacy_plus_entries_etc_shadow
  - no_reboot_needed
  - restrict_strategy

- name: Ensure there are no legacy + NIS entries in /etc/shadow - Remove Lines Starting
    with + From /etc/shadow
  ansible.builtin.lineinfile:
    regexp: ^\+.*$
    state: absent
    path: /etc/shadow
  tags:
  - CCE-91402-8
  - low_complexity
  - medium_disruption
  - medium_severity
  - no_legacy_plus_entries_etc_shadow
  - no_reboot_needed
  - restrict_strategy
</fix>
            <check system="http://oval.mitre.org/XMLSchema/oval-definitions-5">
              <check-content-ref name="oval:ssg-no_legacy_plus_entries_etc_shadow:def:1" href="ssg-sle15-oval.xml"/>
            </check>
            <check system="http://scap.nist.gov/schema/ocil/2">
              <check-content-ref name="ocil:ssg-no_legacy_plus_entries_etc_shadow_ocil:questionnaire:1" href="ssg-sle15-ocil.xml"/>
            </check>
          </Rule>
          <Rule id="xccdf_org.ssgproject.content_rule_no_netrc_files" selected="false" role="full" severity="medium">
            <title xmlns:xhtml="http://www.w3.org/1999/xhtml" xml:lang="en-US">Verify No netrc Files Exist</title>
            <description xmlns:xhtml="http://www.w3.org/1999/xhtml" xml:lang="en-US">The <html:code xmlns:html="http://www.w3.org/1999/xhtml">.netrc</html:code> files contain login information
used to auto-login into FTP servers and reside in the user's home
directory. These files may contain unencrypted passwords to
remote FTP servers making them susceptible to access by unauthorized
users and should not be used.  Any <html:code xmlns:html="http://www.w3.org/1999/xhtml">.netrc</html:code> files should be removed.</description>
            <reference href="https://www.cisecurity.org/controls/">1</reference>
            <reference href="https://www.cisecurity.org/controls/">11</reference>
            <reference href="https://www.cisecurity.org/controls/">12</reference>
            <reference href="https://www.cisecurity.org/controls/">14</reference>
            <reference href="https://www.cisecurity.org/controls/">15</reference>
            <reference href="https://www.cisecurity.org/controls/">16</reference>
            <reference href="https://www.cisecurity.org/controls/">18</reference>
            <reference href="https://www.cisecurity.org/controls/">3</reference>
            <reference href="https://www.cisecurity.org/controls/">5</reference>
            <reference href="https://www.isaca.org/resources/cobit">DSS05.02</reference>
            <reference href="https://www.isaca.org/resources/cobit">DSS05.04</reference>
            <reference href="https://www.isaca.org/resources/cobit">DSS05.05</reference>
            <reference href="https://www.isaca.org/resources/cobit">DSS05.07</reference>
            <reference href="https://www.isaca.org/resources/cobit">DSS05.10</reference>
            <reference href="https://www.isaca.org/resources/cobit">DSS06.03</reference>
            <reference href="https://www.isaca.org/resources/cobit">DSS06.06</reference>
            <reference href="https://www.isaca.org/resources/cobit">DSS06.10</reference>
            <reference href="https://www.isa.org/products/isa-62443-2-1-2009-security-for-industrial-automat">4.3.3.2.2</reference>
            <reference href="https://www.isa.org/products/isa-62443-2-1-2009-security-for-industrial-automat">4.3.3.5.1</reference>
            <reference href="https://www.isa.org/products/isa-62443-2-1-2009-security-for-industrial-automat">4.3.3.5.2</reference>
            <reference href="https://www.isa.org/products/isa-62443-2-1-2009-security-for-industrial-automat">4.3.3.5.3</reference>
            <reference href="https://www.isa.org/products/isa-62443-2-1-2009-security-for-industrial-automat">4.3.3.5.4</reference>
            <reference href="https://www.isa.org/products/isa-62443-2-1-2009-security-for-industrial-automat">4.3.3.5.5</reference>
            <reference href="https://www.isa.org/products/isa-62443-2-1-2009-security-for-industrial-automat">4.3.3.5.6</reference>
            <reference href="https://www.isa.org/products/isa-62443-2-1-2009-security-for-industrial-automat">4.3.3.5.7</reference>
            <reference href="https://www.isa.org/products/isa-62443-2-1-2009-security-for-industrial-automat">4.3.3.5.8</reference>
            <reference href="https://www.isa.org/products/isa-62443-2-1-2009-security-for-industrial-automat">4.3.3.6.1</reference>
            <reference href="https://www.isa.org/products/isa-62443-2-1-2009-security-for-industrial-automat">4.3.3.6.2</reference>
            <reference href="https://www.isa.org/products/isa-62443-2-1-2009-security-for-industrial-automat">4.3.3.6.3</reference>
            <reference href="https://www.isa.org/products/isa-62443-2-1-2009-security-for-industrial-automat">4.3.3.6.4</reference>
            <reference href="https://www.isa.org/products/isa-62443-2-1-2009-security-for-industrial-automat">4.3.3.6.5</reference>
            <reference href="https://www.isa.org/products/isa-62443-2-1-2009-security-for-industrial-automat">4.3.3.6.6</reference>
            <reference href="https://www.isa.org/products/isa-62443-2-1-2009-security-for-industrial-automat">4.3.3.6.7</reference>
            <reference href="https://www.isa.org/products/isa-62443-2-1-2009-security-for-industrial-automat">4.3.3.6.8</reference>
            <reference href="https://www.isa.org/products/isa-62443-2-1-2009-security-for-industrial-automat">4.3.3.6.9</reference>
            <reference href="https://www.isa.org/products/isa-62443-2-1-2009-security-for-industrial-automat">4.3.3.7.1</reference>
            <reference href="https://www.isa.org/products/isa-62443-2-1-2009-security-for-industrial-automat">4.3.3.7.2</reference>
            <reference href="https://www.isa.org/products/isa-62443-2-1-2009-security-for-industrial-automat">4.3.3.7.3</reference>
            <reference href="https://www.isa.org/products/isa-62443-2-1-2009-security-for-industrial-automat">4.3.3.7.4</reference>
            <reference href="https://www.isa.org/products/ansi-isa-62443-3-3-99-03-03-2013-security-for-indu">SR 1.1</reference>
            <reference href="https://www.isa.org/products/ansi-isa-62443-3-3-99-03-03-2013-security-for-indu">SR 1.10</reference>
            <reference href="https://www.isa.org/products/ansi-isa-62443-3-3-99-03-03-2013-security-for-indu">SR 1.11</reference>
            <reference href="https://www.isa.org/products/ansi-isa-62443-3-3-99-03-03-2013-security-for-indu">SR 1.12</reference>
            <reference href="https://www.isa.org/products/ansi-isa-62443-3-3-99-03-03-2013-security-for-indu">SR 1.13</reference>
            <reference href="https://www.isa.org/products/ansi-isa-62443-3-3-99-03-03-2013-security-for-indu">SR 1.2</reference>
            <reference href="https://www.isa.org/products/ansi-isa-62443-3-3-99-03-03-2013-security-for-indu">SR 1.3</reference>
            <reference href="https://www.isa.org/products/ansi-isa-62443-3-3-99-03-03-2013-security-for-indu">SR 1.4</reference>
            <reference href="https://www.isa.org/products/ansi-isa-62443-3-3-99-03-03-2013-security-for-indu">SR 1.5</reference>
            <reference href="https://www.isa.org/products/ansi-isa-62443-3-3-99-03-03-2013-security-for-indu">SR 1.6</reference>
            <reference href="https://www.isa.org/products/ansi-isa-62443-3-3-99-03-03-2013-security-for-indu">SR 1.7</reference>
            <reference href="https://www.isa.org/products/ansi-isa-62443-3-3-99-03-03-2013-security-for-indu">SR 1.8</reference>
            <reference href="https://www.isa.org/products/ansi-isa-62443-3-3-99-03-03-2013-security-for-indu">SR 1.9</reference>
            <reference href="https://www.isa.org/products/ansi-isa-62443-3-3-99-03-03-2013-security-for-indu">SR 2.1</reference>
            <reference href="https://www.isa.org/products/ansi-isa-62443-3-3-99-03-03-2013-security-for-indu">SR 2.2</reference>
            <reference href="https://www.isa.org/products/ansi-isa-62443-3-3-99-03-03-2013-security-for-indu">SR 2.3</reference>
            <reference href="https://www.isa.org/products/ansi-isa-62443-3-3-99-03-03-2013-security-for-indu">SR 2.4</reference>
            <reference href="https://www.isa.org/products/ansi-isa-62443-3-3-99-03-03-2013-security-for-indu">SR 2.5</reference>
            <reference href="https://www.isa.org/products/ansi-isa-62443-3-3-99-03-03-2013-security-for-indu">SR 2.6</reference>
            <reference href="https://www.isa.org/products/ansi-isa-62443-3-3-99-03-03-2013-security-for-indu">SR 2.7</reference>
            <reference href="https://www.iso.org/contents/data/standard/05/45/54534.html">A.18.1.4</reference>
            <reference href="https://www.iso.org/contents/data/standard/05/45/54534.html">A.6.1.2</reference>
            <reference href="https://www.iso.org/contents/data/standard/05/45/54534.html">A.7.1.1</reference>
            <reference href="https://www.iso.org/contents/data/standard/05/45/54534.html">A.9.1.2</reference>
            <reference href="https://www.iso.org/contents/data/standard/05/45/54534.html">A.9.2.1</reference>
            <reference href="https://www.iso.org/contents/data/standard/05/45/54534.html">A.9.2.2</reference>
            <reference href="https://www.iso.org/contents/data/standard/05/45/54534.html">A.9.2.3</reference>
            <reference href="https://www.iso.org/contents/data/standard/05/45/54534.html">A.9.2.4</reference>
            <reference href="https://www.iso.org/contents/data/standard/05/45/54534.html">A.9.2.6</reference>
            <reference href="https://www.iso.org/contents/data/standard/05/45/54534.html">A.9.3.1</reference>
            <reference href="https://www.iso.org/contents/data/standard/05/45/54534.html">A.9.4.1</reference>
            <reference href="https://www.iso.org/contents/data/standard/05/45/54534.html">A.9.4.2</reference>
            <reference href="https://www.iso.org/contents/data/standard/05/45/54534.html">A.9.4.3</reference>
            <reference href="https://www.iso.org/contents/data/standard/05/45/54534.html">A.9.4.4</reference>
            <reference href="https://www.iso.org/contents/data/standard/05/45/54534.html">A.9.4.5</reference>
            <reference href="https://www.nerc.com/standards/reliability-standards/cip">CIP-003-8 R1.3</reference>
            <reference href="https://www.nerc.com/standards/reliability-standards/cip">CIP-003-8 R3</reference>
            <reference href="https://www.nerc.com/standards/reliability-standards/cip">CIP-003-8 R3.1</reference>
            <reference href="https://www.nerc.com/standards/reliability-standards/cip">CIP-003-8 R3.2</reference>
            <reference href="https://www.nerc.com/standards/reliability-standards/cip">CIP-003-8 R3.3</reference>
            <reference href="https://www.nerc.com/standards/reliability-standards/cip">CIP-003-8 R5.1.1</reference>
            <reference href="https://www.nerc.com/standards/reliability-standards/cip">CIP-003-8 R5.3</reference>
            <reference href="https://www.nerc.com/standards/reliability-standards/cip">CIP-004-6 R2.2.3</reference>
            <reference href="https://www.nerc.com/standards/reliability-standards/cip">CIP-004-6 R2.3</reference>
            <reference href="https://www.nerc.com/standards/reliability-standards/cip">CIP-007-3 R5.1</reference>
            <reference href="https://www.nerc.com/standards/reliability-standards/cip">CIP-007-3 R5.1.2</reference>
            <reference href="https://www.nerc.com/standards/reliability-standards/cip">CIP-007-3 R5.2</reference>
            <reference href="https://www.nerc.com/standards/reliability-standards/cip">CIP-007-3 R5.3.1</reference>
            <reference href="https://www.nerc.com/standards/reliability-standards/cip">CIP-007-3 R5.3.2</reference>
            <reference href="https://www.nerc.com/standards/reliability-standards/cip">CIP-007-3 R5.3.3</reference>
            <reference href="http://nvlpubs.nist.gov/nistpubs/SpecialPublications/NIST.SP.800-53r4.pdf">IA-5(h)</reference>
            <reference href="http://nvlpubs.nist.gov/nistpubs/SpecialPublications/NIST.SP.800-53r4.pdf">IA-5(1)(c)</reference>
            <reference href="http://nvlpubs.nist.gov/nistpubs/SpecialPublications/NIST.SP.800-53r4.pdf">CM-6(a)</reference>
            <reference href="http://nvlpubs.nist.gov/nistpubs/SpecialPublications/NIST.SP.800-53r4.pdf">IA-5(7)</reference>
            <reference href="https://nvlpubs.nist.gov/nistpubs/CSWP/NIST.CSWP.04162018.pdf">PR.AC-1</reference>
            <reference href="https://nvlpubs.nist.gov/nistpubs/CSWP/NIST.CSWP.04162018.pdf">PR.AC-4</reference>
            <reference href="https://nvlpubs.nist.gov/nistpubs/CSWP/NIST.CSWP.04162018.pdf">PR.AC-6</reference>
            <reference href="https://nvlpubs.nist.gov/nistpubs/CSWP/NIST.CSWP.04162018.pdf">PR.AC-7</reference>
            <reference href="https://nvlpubs.nist.gov/nistpubs/CSWP/NIST.CSWP.04162018.pdf">PR.PT-3</reference>
            <reference href="https://www.cisecurity.org/benchmark/suse_linux/">6.2.10</reference>
            <reference href="not_publicly_available">SLEM-5-SMA-02100000</reference>
            <reference href="not_publicly_available">SLES-15-900300135</reference>
            <rationale xmlns:xhtml="http://www.w3.org/1999/xhtml" xml:lang="en-US">Unencrypted passwords for remote FTP servers may be stored in <html:code xmlns:html="http://www.w3.org/1999/xhtml">.netrc</html:code>
files.</rationale>
            <platform idref="#system_with_kernel"/>
            <ident system="https://ncp.nist.gov/cce">CCE-92655-0</ident>
            <check system="http://oval.mitre.org/XMLSchema/oval-definitions-5">
              <check-content-ref name="oval:ssg-no_netrc_files:def:1" href="ssg-sle15-oval.xml"/>
            </check>
            <check system="http://scap.nist.gov/schema/ocil/2">
              <check-content-ref name="ocil:ssg-no_netrc_files_ocil:questionnaire:1" href="ssg-sle15-ocil.xml"/>
            </check>
          </Rule>
        </Group>
        <Group id="xccdf_org.ssgproject.content_group_root_logins">
          <title xmlns:xhtml="http://www.w3.org/1999/xhtml" xml:lang="en-US">Restrict Root Logins</title>
          <description xmlns:xhtml="http://www.w3.org/1999/xhtml" xml:lang="en-US">Direct root logins should be allowed only for emergency use.
In normal situations, the administrator should access the system
via a unique unprivileged account, and then use <html:code xmlns:html="http://www.w3.org/1999/xhtml">su</html:code> or <html:code xmlns:html="http://www.w3.org/1999/xhtml">sudo</html:code> to execute
privileged commands. Discouraging administrators from accessing the
root account directly ensures an audit trail in organizations with
multiple administrators. Locking down the channels through which
root can connect directly also reduces opportunities for
password-guessing against the root account. The <html:code xmlns:html="http://www.w3.org/1999/xhtml">login</html:code> program
uses the file <html:code xmlns:html="http://www.w3.org/1999/xhtml">/etc/securetty</html:code> to determine which interfaces
should allow root logins.

The virtual devices <html:code xmlns:html="http://www.w3.org/1999/xhtml">/dev/console</html:code>
and <html:code xmlns:html="http://www.w3.org/1999/xhtml">/dev/tty*</html:code> represent the system consoles (accessible via
the Ctrl-Alt-F1 through Ctrl-Alt-F6 keyboard sequences on a default
installation). The default securetty file also contains <html:code xmlns:html="http://www.w3.org/1999/xhtml">/dev/vc/*</html:code>.
These are likely to be deprecated in most environments, but may be retained
for compatibility. Root should also be prohibited from connecting
via network protocols. Other sections of this document
include guidance describing how to prevent root from logging in via SSH.</description>
          <Value id="xccdf_org.ssgproject.content_value_var_pam_wheel_group_for_su" type="string">
            <title xmlns:xhtml="http://www.w3.org/1999/xhtml" xml:lang="en-US">Group Name Used by pam_wheel Group Parameter</title>
            <description xmlns:xhtml="http://www.w3.org/1999/xhtml" xml:lang="en-US">pam_wheel module has a parameter called group, which controls which groups
can access the su command.
This variable holds the valid value for the parameter.</description>
            <value>sugroup</value>
            <value selector="cis">sugroup</value>
          </Value>
          <Rule id="xccdf_org.ssgproject.content_rule_accounts_no_uid_except_zero" selected="false" role="full" severity="high">
            <title xmlns:xhtml="http://www.w3.org/1999/xhtml" xml:lang="en-US">Verify Only Root Has UID 0</title>
            <description xmlns:xhtml="http://www.w3.org/1999/xhtml" xml:lang="en-US">If any account other than root has a UID of 0, this misconfiguration should
be investigated and the accounts other than root should be removed or have
their UID changed.
<html:br xmlns:html="http://www.w3.org/1999/xhtml"/>
If the account is associated with system commands or applications the UID
should be changed to one greater than "0" but less than "1000."
Otherwise assign a UID greater than "1000" that has not already been
assigned.</description>
            <reference href="https://www.cisecurity.org/controls/">1</reference>
            <reference href="https://www.cisecurity.org/controls/">12</reference>
            <reference href="https://www.cisecurity.org/controls/">13</reference>
            <reference href="https://www.cisecurity.org/controls/">14</reference>
            <reference href="https://www.cisecurity.org/controls/">15</reference>
            <reference href="https://www.cisecurity.org/controls/">16</reference>
            <reference href="https://www.cisecurity.org/controls/">18</reference>
            <reference href="https://www.cisecurity.org/controls/">3</reference>
            <reference href="https://www.cisecurity.org/controls/">5</reference>
            <reference href="https://www.isaca.org/resources/cobit">APO01.06</reference>
            <reference href="https://www.isaca.org/resources/cobit">DSS05.04</reference>
            <reference href="https://www.isaca.org/resources/cobit">DSS05.05</reference>
            <reference href="https://www.isaca.org/resources/cobit">DSS05.07</reference>
            <reference href="https://www.isaca.org/resources/cobit">DSS05.10</reference>
            <reference href="https://www.isaca.org/resources/cobit">DSS06.02</reference>
            <reference href="https://www.isaca.org/resources/cobit">DSS06.03</reference>
            <reference href="https://www.isaca.org/resources/cobit">DSS06.10</reference>
            <reference href="http://nvlpubs.nist.gov/nistpubs/SpecialPublications/NIST.SP.800-171.pdf">3.1.1</reference>
            <reference href="http://nvlpubs.nist.gov/nistpubs/SpecialPublications/NIST.SP.800-171.pdf">3.1.5</reference>
            <reference href="https://www.isa.org/products/isa-62443-2-1-2009-security-for-industrial-automat">4.3.3.2.2</reference>
            <reference href="https://www.isa.org/products/isa-62443-2-1-2009-security-for-industrial-automat">4.3.3.5.1</reference>
            <reference href="https://www.isa.org/products/isa-62443-2-1-2009-security-for-industrial-automat">4.3.3.5.2</reference>
            <reference href="https://www.isa.org/products/isa-62443-2-1-2009-security-for-industrial-automat">4.3.3.6.1</reference>
            <reference href="https://www.isa.org/products/isa-62443-2-1-2009-security-for-industrial-automat">4.3.3.6.2</reference>
            <reference href="https://www.isa.org/products/isa-62443-2-1-2009-security-for-industrial-automat">4.3.3.6.3</reference>
            <reference href="https://www.isa.org/products/isa-62443-2-1-2009-security-for-industrial-automat">4.3.3.6.4</reference>
            <reference href="https://www.isa.org/products/isa-62443-2-1-2009-security-for-industrial-automat">4.3.3.6.5</reference>
            <reference href="https://www.isa.org/products/isa-62443-2-1-2009-security-for-industrial-automat">4.3.3.6.6</reference>
            <reference href="https://www.isa.org/products/isa-62443-2-1-2009-security-for-industrial-automat">4.3.3.6.7</reference>
            <reference href="https://www.isa.org/products/isa-62443-2-1-2009-security-for-industrial-automat">4.3.3.6.8</reference>
            <reference href="https://www.isa.org/products/isa-62443-2-1-2009-security-for-industrial-automat">4.3.3.6.9</reference>
            <reference href="https://www.isa.org/products/isa-62443-2-1-2009-security-for-industrial-automat">4.3.3.7.2</reference>
            <reference href="https://www.isa.org/products/isa-62443-2-1-2009-security-for-industrial-automat">4.3.3.7.3</reference>
            <reference href="https://www.isa.org/products/isa-62443-2-1-2009-security-for-industrial-automat">4.3.3.7.4</reference>
            <reference href="https://www.isa.org/products/ansi-isa-62443-3-3-99-03-03-2013-security-for-indu">SR 1.1</reference>
            <reference href="https://www.isa.org/products/ansi-isa-62443-3-3-99-03-03-2013-security-for-indu">SR 1.10</reference>
            <reference href="https://www.isa.org/products/ansi-isa-62443-3-3-99-03-03-2013-security-for-indu">SR 1.2</reference>
            <reference href="https://www.isa.org/products/ansi-isa-62443-3-3-99-03-03-2013-security-for-indu">SR 1.3</reference>
            <reference href="https://www.isa.org/products/ansi-isa-62443-3-3-99-03-03-2013-security-for-indu">SR 1.4</reference>
            <reference href="https://www.isa.org/products/ansi-isa-62443-3-3-99-03-03-2013-security-for-indu">SR 1.5</reference>
            <reference href="https://www.isa.org/products/ansi-isa-62443-3-3-99-03-03-2013-security-for-indu">SR 1.7</reference>
            <reference href="https://www.isa.org/products/ansi-isa-62443-3-3-99-03-03-2013-security-for-indu">SR 1.8</reference>
            <reference href="https://www.isa.org/products/ansi-isa-62443-3-3-99-03-03-2013-security-for-indu">SR 1.9</reference>
            <reference href="https://www.isa.org/products/ansi-isa-62443-3-3-99-03-03-2013-security-for-indu">SR 2.1</reference>
            <reference href="https://www.isa.org/products/ansi-isa-62443-3-3-99-03-03-2013-security-for-indu">SR 5.2</reference>
            <reference href="https://www.iso.org/contents/data/standard/05/45/54534.html">A.10.1.1</reference>
            <reference href="https://www.iso.org/contents/data/standard/05/45/54534.html">A.11.1.4</reference>
            <reference href="https://www.iso.org/contents/data/standard/05/45/54534.html">A.11.1.5</reference>
            <reference href="https://www.iso.org/contents/data/standard/05/45/54534.html">A.11.2.1</reference>
            <reference href="https://www.iso.org/contents/data/standard/05/45/54534.html">A.13.1.1</reference>
            <reference href="https://www.iso.org/contents/data/standard/05/45/54534.html">A.13.1.3</reference>
            <reference href="https://www.iso.org/contents/data/standard/05/45/54534.html">A.13.2.1</reference>
            <reference href="https://www.iso.org/contents/data/standard/05/45/54534.html">A.13.2.3</reference>
            <reference href="https://www.iso.org/contents/data/standard/05/45/54534.html">A.13.2.4</reference>
            <reference href="https://www.iso.org/contents/data/standard/05/45/54534.html">A.14.1.2</reference>
            <reference href="https://www.iso.org/contents/data/standard/05/45/54534.html">A.14.1.3</reference>
            <reference href="https://www.iso.org/contents/data/standard/05/45/54534.html">A.18.1.4</reference>
            <reference href="https://www.iso.org/contents/data/standard/05/45/54534.html">A.6.1.2</reference>
            <reference href="https://www.iso.org/contents/data/standard/05/45/54534.html">A.7.1.1</reference>
            <reference href="https://www.iso.org/contents/data/standard/05/45/54534.html">A.7.1.2</reference>
            <reference href="https://www.iso.org/contents/data/standard/05/45/54534.html">A.7.3.1</reference>
            <reference href="https://www.iso.org/contents/data/standard/05/45/54534.html">A.8.2.2</reference>
            <reference href="https://www.iso.org/contents/data/standard/05/45/54534.html">A.8.2.3</reference>
            <reference href="https://www.iso.org/contents/data/standard/05/45/54534.html">A.9.1.1</reference>
            <reference href="https://www.iso.org/contents/data/standard/05/45/54534.html">A.9.1.2</reference>
            <reference href="https://www.iso.org/contents/data/standard/05/45/54534.html">A.9.2.1</reference>
            <reference href="https://www.iso.org/contents/data/standard/05/45/54534.html">A.9.2.2</reference>
            <reference href="https://www.iso.org/contents/data/standard/05/45/54534.html">A.9.2.3</reference>
            <reference href="https://www.iso.org/contents/data/standard/05/45/54534.html">A.9.2.4</reference>
            <reference href="https://www.iso.org/contents/data/standard/05/45/54534.html">A.9.2.6</reference>
            <reference href="https://www.iso.org/contents/data/standard/05/45/54534.html">A.9.3.1</reference>
            <reference href="https://www.iso.org/contents/data/standard/05/45/54534.html">A.9.4.1</reference>
            <reference href="https://www.iso.org/contents/data/standard/05/45/54534.html">A.9.4.2</reference>
            <reference href="https://www.iso.org/contents/data/standard/05/45/54534.html">A.9.4.3</reference>
            <reference href="https://www.iso.org/contents/data/standard/05/45/54534.html">A.9.4.4</reference>
            <reference href="https://www.iso.org/contents/data/standard/05/45/54534.html">A.9.4.5</reference>
            <reference href="https://www.nerc.com/standards/reliability-standards/cip">CIP-003-8 R5.1.1</reference>
            <reference href="https://www.nerc.com/standards/reliability-standards/cip">CIP-003-8 R5.3</reference>
            <reference href="https://www.nerc.com/standards/reliability-standards/cip">CIP-004-6 R2.2.3</reference>
            <reference href="https://www.nerc.com/standards/reliability-standards/cip">CIP-004-6 R2.3</reference>
            <reference href="https://www.nerc.com/standards/reliability-standards/cip">CIP-007-3 R5.1</reference>
            <reference href="https://www.nerc.com/standards/reliability-standards/cip">CIP-007-3 R5.1.2</reference>
            <reference href="https://www.nerc.com/standards/reliability-standards/cip">CIP-007-3 R5.2</reference>
            <reference href="https://www.nerc.com/standards/reliability-standards/cip">CIP-007-3 R5.3.1</reference>
            <reference href="https://www.nerc.com/standards/reliability-standards/cip">CIP-007-3 R5.3.2</reference>
            <reference href="https://www.nerc.com/standards/reliability-standards/cip">CIP-007-3 R5.3.3</reference>
            <reference href="http://nvlpubs.nist.gov/nistpubs/SpecialPublications/NIST.SP.800-53r4.pdf">CM-6(b)</reference>
            <reference href="http://nvlpubs.nist.gov/nistpubs/SpecialPublications/NIST.SP.800-53r4.pdf">CM-6.1(iv)</reference>
            <reference href="https://nvlpubs.nist.gov/nistpubs/CSWP/NIST.CSWP.04162018.pdf">PR.AC-1</reference>
            <reference href="https://nvlpubs.nist.gov/nistpubs/CSWP/NIST.CSWP.04162018.pdf">PR.AC-4</reference>
            <reference href="https://nvlpubs.nist.gov/nistpubs/CSWP/NIST.CSWP.04162018.pdf">PR.AC-6</reference>
            <reference href="https://nvlpubs.nist.gov/nistpubs/CSWP/NIST.CSWP.04162018.pdf">PR.AC-7</reference>
            <reference href="https://nvlpubs.nist.gov/nistpubs/CSWP/NIST.CSWP.04162018.pdf">PR.DS-5</reference>
            <reference href="https://www.pcisecuritystandards.org/documents/PCI_DSS_v3-2-1.pdf">Req-8.5</reference>
            <reference href="https://www.cyber.mil/stigs/downloads/?_dl_facet_stigs=operating-systems%2Cgeneral-purpose-os">SRG-OS-000480-GPOS-00227</reference>
            <reference href="https://www.cyber.mil/stigs/downloads/?_dl_facet_stigs=operating-systems%2Cunix-linux">SLES-15-020100</reference>
            <reference href="https://www.cisecurity.org/benchmark/suse_linux/">6.2.3</reference>
            <reference href="not_publicly_available">SLES-15-600600105</reference>
            <reference href="https://www.cyber.gov.au/acsc/view-all-content/ism">1546</reference>
            <reference href="https://docs-prv.pcisecuritystandards.org/PCI%20DSS/Standard/PCI-DSS-v4_0.pdf">8.2.1</reference>
            <reference href="https://docs-prv.pcisecuritystandards.org/PCI%20DSS/Standard/PCI-DSS-v4_0.pdf">8.2</reference>
            <reference href="https://www.cyber.mil/stigs/srg-stig-tools/">SV-234876r991589_rule</reference>
            <rationale xmlns:xhtml="http://www.w3.org/1999/xhtml" xml:lang="en-US">An account has root authority if it has a UID of 0. Multiple accounts
with a UID of 0 afford more opportunity for potential intruders to
guess a password for a privileged account. Proper configuration of
sudo is recommended to afford multiple system administrators
access to root privileges in an accountable manner.</rationale>
            <platform idref="#system_with_kernel"/>
            <ident system="https://ncp.nist.gov/cce">CCE-85664-1</ident>
            <fix xmlns:xhtml="http://www.w3.org/1999/xhtml" id="accounts_no_uid_except_zero" system="urn:xccdf:fix:script:sh"># Remediation is applicable only in certain platforms
if rpm --quiet -q kernel-default || rpm --quiet -q kernel-default-base; then

awk -F: '$3 == 0 &amp;&amp; $1 != "root" { print $1 }' /etc/passwd | xargs --no-run-if-empty --max-lines=1 passwd -l

else
    &gt;&amp;2 echo 'Remediation is not applicable, nothing was done'
fi
</fix>
            <fix xmlns:xhtml="http://www.w3.org/1999/xhtml" id="accounts_no_uid_except_zero" system="urn:xccdf:fix:script:ansible" complexity="low" disruption="low" strategy="restrict">- name: Gather the package facts
  package_facts:
    manager: auto
  tags:
  - CCE-85664-1
  - DISA-STIG-SLES-15-020100
  - NIST-800-171-3.1.1
  - NIST-800-171-3.1.5
  - NIST-800-53-CM-6(b)
  - NIST-800-53-CM-6.1(iv)
  - PCI-DSS-Req-8.5
  - PCI-DSSv4-8.2
  - PCI-DSSv4-8.2.1
  - accounts_no_uid_except_zero
  - high_severity
  - low_complexity
  - low_disruption
  - no_reboot_needed
  - restrict_strategy

- name: Get all /etc/passwd file entries
  ansible.builtin.getent:
    database: passwd
    split: ':'
  when: ("kernel-default" in ansible_facts.packages or "kernel-default-base" in ansible_facts.packages)
  tags:
  - CCE-85664-1
  - DISA-STIG-SLES-15-020100
  - NIST-800-171-3.1.1
  - NIST-800-171-3.1.5
  - NIST-800-53-CM-6(b)
  - NIST-800-53-CM-6.1(iv)
  - PCI-DSS-Req-8.5
  - PCI-DSSv4-8.2
  - PCI-DSSv4-8.2.1
  - accounts_no_uid_except_zero
  - high_severity
  - low_complexity
  - low_disruption
  - no_reboot_needed
  - restrict_strategy

- name: Lock the password of the user accounts other than root with uid 0
  ansible.builtin.command: passwd -l {{ item.key }}
  loop: '{{ getent_passwd | dict2items | rejectattr(''key'', ''search'', ''root'')
    | list }}'
  when:
  - ("kernel-default" in ansible_facts.packages or "kernel-default-base" in ansible_facts.packages)
  - item.value.1  == '0'
  tags:
  - CCE-85664-1
  - DISA-STIG-SLES-15-020100
  - NIST-800-171-3.1.1
  - NIST-800-171-3.1.5
  - NIST-800-53-CM-6(b)
  - NIST-800-53-CM-6.1(iv)
  - PCI-DSS-Req-8.5
  - PCI-DSSv4-8.2
  - PCI-DSSv4-8.2.1
  - accounts_no_uid_except_zero
  - high_severity
  - low_complexity
  - low_disruption
  - no_reboot_needed
  - restrict_strategy
</fix>
            <check system="http://oval.mitre.org/XMLSchema/oval-definitions-5">
              <check-content-ref name="oval:ssg-accounts_no_uid_except_zero:def:1" href="ssg-sle15-oval.xml"/>
            </check>
            <check system="http://scap.nist.gov/schema/ocil/2">
              <check-content-ref name="ocil:ssg-accounts_no_uid_except_zero_ocil:questionnaire:1" href="ssg-sle15-ocil.xml"/>
            </check>
          </Rule>
          <Rule id="xccdf_org.ssgproject.content_rule_accounts_root_gid_zero" selected="false" role="full" severity="high">
            <title xmlns:xhtml="http://www.w3.org/1999/xhtml" xml:lang="en-US">Verify Root Has A Primary GID 0</title>
            <description xmlns:xhtml="http://www.w3.org/1999/xhtml" xml:lang="en-US">The <html:code xmlns:html="http://www.w3.org/1999/xhtml">root</html:code> user should have a primary group of 0.</description>
            <reference href="https://www.pcisecuritystandards.org/documents/PCI_DSS_v3-2-1.pdf">Req-8.1.1</reference>
            <reference href="https://www.cisecurity.org/benchmark/suse_linux/">5.4.3</reference>
            <reference href="not_publicly_available">SLES-15-600600120</reference>
            <reference href="https://docs-prv.pcisecuritystandards.org/PCI%20DSS/Standard/PCI-DSS-v4_0.pdf">8.2.1</reference>
            <reference href="https://docs-prv.pcisecuritystandards.org/PCI%20DSS/Standard/PCI-DSS-v4_0.pdf">8.2</reference>
            <rationale xmlns:xhtml="http://www.w3.org/1999/xhtml" xml:lang="en-US">To help ensure that root-owned files are not inadvertently exposed to other users.</rationale>
            <platform idref="#system_with_kernel"/>
            <ident system="https://ncp.nist.gov/cce">CCE-91289-9</ident>
            <check system="http://oval.mitre.org/XMLSchema/oval-definitions-5">
              <check-content-ref name="oval:ssg-accounts_root_gid_zero:def:1" href="ssg-sle15-oval.xml"/>
            </check>
            <check system="http://scap.nist.gov/schema/ocil/2">
              <check-content-ref name="ocil:ssg-accounts_root_gid_zero_ocil:questionnaire:1" href="ssg-sle15-ocil.xml"/>
            </check>
          </Rule>
          <Rule id="xccdf_org.ssgproject.content_rule_ensure_pam_wheel_group_empty" selected="false" role="full" severity="medium">
            <title xmlns:xhtml="http://www.w3.org/1999/xhtml" xml:lang="en-US">Ensure the Group Used by pam_wheel.so Module Exists on System and is Empty</title>
            <description xmlns:xhtml="http://www.w3.org/1999/xhtml" xml:lang="en-US">Ensure that the group <html:code xmlns:html="http://www.w3.org/1999/xhtml" xmlns:xccdf-1.2="http://checklists.nist.gov/xccdf/1.2"><xccdf-1.2:sub idref="xccdf_org.ssgproject.content_value_var_pam_wheel_group_for_su" use="legacy"/></html:code> referenced by
<html:code xmlns:html="http://www.w3.org/1999/xhtml">var_pam_wheel_group_for_su</html:code> variable and used as value for the <html:code xmlns:html="http://www.w3.org/1999/xhtml">pam_wheel.so</html:code>
         <html:code xmlns:html="http://www.w3.org/1999/xhtml">group</html:code> option exists and has no members. This empty group used by
<html:code xmlns:html="http://www.w3.org/1999/xhtml">pam_wheel.so</html:code> in <html:code xmlns:html="http://www.w3.org/1999/xhtml">/etc/pam.d/su</html:code> ensures that no user can run commands with
altered privileges through the <html:code xmlns:html="http://www.w3.org/1999/xhtml">su</html:code> command.</description>
            <warning xmlns:xhtml="http://www.w3.org/1999/xhtml" xml:lang="en-US" category="general">Note that this rule just ensures the group exists and has no members. This rule does not
configure <html:code xmlns:html="http://www.w3.org/1999/xhtml">pam_wheel.so</html:code> module. The <html:code xmlns:html="http://www.w3.org/1999/xhtml">pam_wheel.so</html:code> module configuration is
accomplished by <html:code xmlns:html="http://www.w3.org/1999/xhtml">use_pam_wheel_group_for_su</html:code> rule.</warning>
            <reference href="https://www.cisecurity.org/benchmark/suse_linux/">5.6</reference>
            <reference href="not_publicly_available">SLES-15-600300105</reference>
            <reference href="https://docs-prv.pcisecuritystandards.org/PCI%20DSS/Standard/PCI-DSS-v4_0.pdf">2.2.6</reference>
            <reference href="https://docs-prv.pcisecuritystandards.org/PCI%20DSS/Standard/PCI-DSS-v4_0.pdf">2.2</reference>
            <rationale xmlns:xhtml="http://www.w3.org/1999/xhtml" xml:lang="en-US">The <html:code xmlns:html="http://www.w3.org/1999/xhtml">su</html:code> program allows to run commands with a substitute user and group ID.
It is commonly used to run commands as the root user.
Limiting access to such command is considered a good security practice.</rationale>
            <platform idref="#system_with_kernel"/>
            <ident system="https://ncp.nist.gov/cce">CCE-92528-9</ident>
            <fix xmlns:xhtml="http://www.w3.org/1999/xhtml" id="ensure_pam_wheel_group_empty" system="urn:xccdf:fix:script:sh"># Remediation is applicable only in certain platforms
if rpm --quiet -q kernel-default || rpm --quiet -q kernel-default-base; then

var_pam_wheel_group_for_su='<xccdf-1.2:sub xmlns:xccdf-1.2="http://checklists.nist.gov/xccdf/1.2" idref="xccdf_org.ssgproject.content_value_var_pam_wheel_group_for_su" use="legacy"/>'


# Workaround for https://github.com/OpenSCAP/openscap/issues/2242: Use full
# path to groupadd command to avoid the issue with the command not being found.
if ! grep -q "^${var_pam_wheel_group_for_su}:[^:]*:[^:]*:[^:]*" /etc/group; then
    /usr/sbin/groupadd ${var_pam_wheel_group_for_su}
fi

# group must be empty
gpasswd -M '' ${var_pam_wheel_group_for_su}

else
    &gt;&amp;2 echo 'Remediation is not applicable, nothing was done'
fi
</fix>
            <fix xmlns:xhtml="http://www.w3.org/1999/xhtml" id="ensure_pam_wheel_group_empty" system="urn:xccdf:fix:script:ansible" complexity="low" disruption="low" strategy="restrict">- name: Gather the package facts
  package_facts:
    manager: auto
  tags:
  - CCE-92528-9
  - PCI-DSSv4-2.2
  - PCI-DSSv4-2.2.6
  - ensure_pam_wheel_group_empty
  - low_complexity
  - low_disruption
  - medium_severity
  - no_reboot_needed
  - restrict_strategy
- name: XCCDF Value var_pam_wheel_group_for_su # promote to variable
  set_fact:
    var_pam_wheel_group_for_su: !!str <xccdf-1.2:sub xmlns:xccdf-1.2="http://checklists.nist.gov/xccdf/1.2" idref="xccdf_org.ssgproject.content_value_var_pam_wheel_group_for_su" use="legacy"/>
  tags:
    - always

- name: Ensure the Group Used by pam_wheel.so Module Exists on System and is Empty
    - Ensure {{ var_pam_wheel_group_for_su }} Group Exists
  ansible.builtin.group:
    name: '{{ var_pam_wheel_group_for_su }}'
    state: present
  when: ("kernel-default" in ansible_facts.packages or "kernel-default-base" in ansible_facts.packages)
  tags:
  - CCE-92528-9
  - PCI-DSSv4-2.2
  - PCI-DSSv4-2.2.6
  - ensure_pam_wheel_group_empty
  - low_complexity
  - low_disruption
  - medium_severity
  - no_reboot_needed
  - restrict_strategy

- name: Ensure the Group Used by pam_wheel.so Module Exists on System and is Empty
    - Ensure {{ var_pam_wheel_group_for_su }} Group is Empty
  ansible.builtin.lineinfile:
    path: /etc/group
    regexp: ^({{ var_pam_wheel_group_for_su }}:[^:]+:[0-9]+:).*$
    line: \1
    backrefs: true
  when: ("kernel-default" in ansible_facts.packages or "kernel-default-base" in ansible_facts.packages)
  tags:
  - CCE-92528-9
  - PCI-DSSv4-2.2
  - PCI-DSSv4-2.2.6
  - ensure_pam_wheel_group_empty
  - low_complexity
  - low_disruption
  - medium_severity
  - no_reboot_needed
  - restrict_strategy
</fix>
            <check system="http://oval.mitre.org/XMLSchema/oval-definitions-5">
              <check-export export-name="oval:ssg-var_pam_wheel_group_for_su:var:1" value-id="xccdf_org.ssgproject.content_value_var_pam_wheel_group_for_su"/>
              <check-content-ref name="oval:ssg-ensure_pam_wheel_group_empty:def:1" href="ssg-sle15-oval.xml"/>
            </check>
            <check system="http://scap.nist.gov/schema/ocil/2">
              <check-content-ref name="ocil:ssg-ensure_pam_wheel_group_empty_ocil:questionnaire:1" href="ssg-sle15-ocil.xml"/>
            </check>
          </Rule>
          <Rule id="xccdf_org.ssgproject.content_rule_ensure_root_password_configured" selected="false" role="full" severity="medium">
            <title xmlns:xhtml="http://www.w3.org/1999/xhtml" xml:lang="en-US">Ensure Authentication Required for Single User Mode</title>
            <description xmlns:xhtml="http://www.w3.org/1999/xhtml" xml:lang="en-US">Single user mode is used for recovery when the system detects an
issue during boot or by manual selection from the bootloader.</description>
            <reference href="not_publicly_available">SLES-15-600600150</reference>
            <reference href="https://docs-prv.pcisecuritystandards.org/PCI%20DSS/Standard/PCI-DSS-v4_0.pdf">2.2.2</reference>
            <reference href="https://docs-prv.pcisecuritystandards.org/PCI%20DSS/Standard/PCI-DSS-v4_0.pdf">2.2</reference>
            <rationale xmlns:xhtml="http://www.w3.org/1999/xhtml" xml:lang="en-US">Requiring authentication in single user mode prevents an unauthorized
user from rebooting the system into single user to gain root privileges
without credentials.</rationale>
            <platform idref="#system_with_kernel"/>
            <ident system="https://ncp.nist.gov/cce">CCE-92532-1</ident>
            <check system="http://oval.mitre.org/XMLSchema/oval-definitions-5">
              <check-content-ref name="oval:ssg-ensure_root_password_configured:def:1" href="ssg-sle15-oval.xml"/>
            </check>
            <check system="http://scap.nist.gov/schema/ocil/2">
              <check-content-ref name="ocil:ssg-ensure_root_password_configured_ocil:questionnaire:1" href="ssg-sle15-ocil.xml"/>
            </check>
          </Rule>
          <Rule id="xccdf_org.ssgproject.content_rule_groups_no_zero_gid_except_root" selected="false" role="full" severity="high">
            <title xmlns:xhtml="http://www.w3.org/1999/xhtml" xml:lang="en-US">Verify Only Group Root Has GID 0</title>
            <description xmlns:xhtml="http://www.w3.org/1999/xhtml" xml:lang="en-US">If any group other than root has a GID of 0, this misconfiguration should
be investigated and the groups other than root should be removed or have
their GID changed.</description>
            <warning xmlns:xhtml="http://www.w3.org/1999/xhtml" xml:lang="en-US" category="general">This rule doesn't come with a remediation. The removal of groups from a system
or reassigning the GID is considered too disruptive.</warning>
            <reference href="not_publicly_available">SLES-15-600600135</reference>
            <rationale xmlns:xhtml="http://www.w3.org/1999/xhtml" xml:lang="en-US">Ensuring that only the <html:code xmlns:html="http://www.w3.org/1999/xhtml">root</html:code> group has a GID of 0 helps prevent
root group owned files from becoming accidentally accessible to
non-privileged users.</rationale>
            <ident system="https://ncp.nist.gov/cce">CCE-92565-1</ident>
            <check system="http://oval.mitre.org/XMLSchema/oval-definitions-5">
              <check-content-ref name="oval:ssg-groups_no_zero_gid_except_root:def:1" href="ssg-sle15-oval.xml"/>
            </check>
            <check system="http://scap.nist.gov/schema/ocil/2">
              <check-content-ref name="ocil:ssg-groups_no_zero_gid_except_root_ocil:questionnaire:1" href="ssg-sle15-ocil.xml"/>
            </check>
          </Rule>
          <Rule id="xccdf_org.ssgproject.content_rule_no_direct_root_logins" selected="false" role="full" severity="medium">
            <title xmlns:xhtml="http://www.w3.org/1999/xhtml" xml:lang="en-US">Direct root Logins Not Allowed</title>
            <description xmlns:xhtml="http://www.w3.org/1999/xhtml" xml:lang="en-US">To further limit access to the <html:code xmlns:html="http://www.w3.org/1999/xhtml">root</html:code> account, administrators
can disable root logins at the console by editing the <html:code xmlns:html="http://www.w3.org/1999/xhtml">/etc/securetty</html:code> file.
This file lists all devices the root user is allowed to login to. If the file does
not exist at all, the root user can login through any communication device on the
system, whether via the console or via a raw network interface. This is dangerous
as user can login to the system as root via Telnet, which sends the password in
plain text over the network. By default, SUSE Linux Enterprise 15's
<html:code xmlns:html="http://www.w3.org/1999/xhtml">/etc/securetty</html:code> file only allows the root user to login at the console
physically attached to the system. To prevent root from logging in, remove the
contents of this file. To prevent direct root logins, remove the contents of this
file by typing the following command:
<html:pre xmlns:html="http://www.w3.org/1999/xhtml">
$ sudo echo &gt; /etc/securetty
</html:pre>
        </description>
            <warning xmlns:xhtml="http://www.w3.org/1999/xhtml" xml:lang="en-US" category="general">This rule only checks the <html:code xmlns:html="http://www.w3.org/1999/xhtml">/etc/securetty</html:code> file existence and its content.
If you need to restrict user access using the <html:code xmlns:html="http://www.w3.org/1999/xhtml">/etc/securetty</html:code> file, make sure
the <html:code xmlns:html="http://www.w3.org/1999/xhtml">pam_securetty.so</html:code> PAM module is properly enabled in relevant PAM files.</warning>
            <reference href="https://www.cisecurity.org/controls/">1</reference>
            <reference href="https://www.cisecurity.org/controls/">12</reference>
            <reference href="https://www.cisecurity.org/controls/">15</reference>
            <reference href="https://www.cisecurity.org/controls/">16</reference>
            <reference href="https://www.cisecurity.org/controls/">5</reference>
            <reference href="https://www.isaca.org/resources/cobit">DSS05.04</reference>
            <reference href="https://www.isaca.org/resources/cobit">DSS05.05</reference>
            <reference href="https://www.isaca.org/resources/cobit">DSS05.07</reference>
            <reference href="https://www.isaca.org/resources/cobit">DSS05.10</reference>
            <reference href="https://www.isaca.org/resources/cobit">DSS06.03</reference>
            <reference href="https://www.isaca.org/resources/cobit">DSS06.10</reference>
            <reference href="http://nvlpubs.nist.gov/nistpubs/SpecialPublications/NIST.SP.800-171.pdf">3.1.1</reference>
            <reference href="http://nvlpubs.nist.gov/nistpubs/SpecialPublications/NIST.SP.800-171.pdf">3.1.6</reference>
            <reference href="https://www.gpo.gov/fdsys/pkg/CFR-2007-title45-vol1/pdf/CFR-2007-title45-vol1-chapA-subchapC.pdf">164.308(a)(1)(ii)(B)</reference>
            <reference href="https://www.gpo.gov/fdsys/pkg/CFR-2007-title45-vol1/pdf/CFR-2007-title45-vol1-chapA-subchapC.pdf">164.308(a)(7)(i)</reference>
            <reference href="https://www.gpo.gov/fdsys/pkg/CFR-2007-title45-vol1/pdf/CFR-2007-title45-vol1-chapA-subchapC.pdf">164.308(a)(7)(ii)(A)</reference>
            <reference href="https://www.gpo.gov/fdsys/pkg/CFR-2007-title45-vol1/pdf/CFR-2007-title45-vol1-chapA-subchapC.pdf">164.310(a)(1)</reference>
            <reference href="https://www.gpo.gov/fdsys/pkg/CFR-2007-title45-vol1/pdf/CFR-2007-title45-vol1-chapA-subchapC.pdf">164.310(a)(2)(i)</reference>
            <reference href="https://www.gpo.gov/fdsys/pkg/CFR-2007-title45-vol1/pdf/CFR-2007-title45-vol1-chapA-subchapC.pdf">164.310(a)(2)(ii)</reference>
            <reference href="https://www.gpo.gov/fdsys/pkg/CFR-2007-title45-vol1/pdf/CFR-2007-title45-vol1-chapA-subchapC.pdf">164.310(a)(2)(iii)</reference>
            <reference href="https://www.gpo.gov/fdsys/pkg/CFR-2007-title45-vol1/pdf/CFR-2007-title45-vol1-chapA-subchapC.pdf">164.310(b)</reference>
            <reference href="https://www.gpo.gov/fdsys/pkg/CFR-2007-title45-vol1/pdf/CFR-2007-title45-vol1-chapA-subchapC.pdf">164.310(c)</reference>
            <reference href="https://www.gpo.gov/fdsys/pkg/CFR-2007-title45-vol1/pdf/CFR-2007-title45-vol1-chapA-subchapC.pdf">164.310(d)(1)</reference>
            <reference href="https://www.gpo.gov/fdsys/pkg/CFR-2007-title45-vol1/pdf/CFR-2007-title45-vol1-chapA-subchapC.pdf">164.310(d)(2)(iii)</reference>
            <reference href="https://www.isa.org/products/isa-62443-2-1-2009-security-for-industrial-automat">4.3.3.2.2</reference>
            <reference href="https://www.isa.org/products/isa-62443-2-1-2009-security-for-industrial-automat">4.3.3.5.1</reference>
            <reference href="https://www.isa.org/products/isa-62443-2-1-2009-security-for-industrial-automat">4.3.3.5.2</reference>
            <reference href="https://www.isa.org/products/isa-62443-2-1-2009-security-for-industrial-automat">4.3.3.6.1</reference>
            <reference href="https://www.isa.org/products/isa-62443-2-1-2009-security-for-industrial-automat">4.3.3.6.2</reference>
            <reference href="https://www.isa.org/products/isa-62443-2-1-2009-security-for-industrial-automat">4.3.3.6.3</reference>
            <reference href="https://www.isa.org/products/isa-62443-2-1-2009-security-for-industrial-automat">4.3.3.6.4</reference>
            <reference href="https://www.isa.org/products/isa-62443-2-1-2009-security-for-industrial-automat">4.3.3.6.5</reference>
            <reference href="https://www.isa.org/products/isa-62443-2-1-2009-security-for-industrial-automat">4.3.3.6.6</reference>
            <reference href="https://www.isa.org/products/isa-62443-2-1-2009-security-for-industrial-automat">4.3.3.6.7</reference>
            <reference href="https://www.isa.org/products/isa-62443-2-1-2009-security-for-industrial-automat">4.3.3.6.8</reference>
            <reference href="https://www.isa.org/products/isa-62443-2-1-2009-security-for-industrial-automat">4.3.3.6.9</reference>
            <reference href="https://www.isa.org/products/isa-62443-2-1-2009-security-for-industrial-automat">4.3.3.7.2</reference>
            <reference href="https://www.isa.org/products/isa-62443-2-1-2009-security-for-industrial-automat">4.3.3.7.4</reference>
            <reference href="https://www.isa.org/products/ansi-isa-62443-3-3-99-03-03-2013-security-for-indu">SR 1.1</reference>
            <reference href="https://www.isa.org/products/ansi-isa-62443-3-3-99-03-03-2013-security-for-indu">SR 1.10</reference>
            <reference href="https://www.isa.org/products/ansi-isa-62443-3-3-99-03-03-2013-security-for-indu">SR 1.2</reference>
            <reference href="https://www.isa.org/products/ansi-isa-62443-3-3-99-03-03-2013-security-for-indu">SR 1.3</reference>
            <reference href="https://www.isa.org/products/ansi-isa-62443-3-3-99-03-03-2013-security-for-indu">SR 1.4</reference>
            <reference href="https://www.isa.org/products/ansi-isa-62443-3-3-99-03-03-2013-security-for-indu">SR 1.5</reference>
            <reference href="https://www.isa.org/products/ansi-isa-62443-3-3-99-03-03-2013-security-for-indu">SR 1.7</reference>
            <reference href="https://www.isa.org/products/ansi-isa-62443-3-3-99-03-03-2013-security-for-indu">SR 1.8</reference>
            <reference href="https://www.isa.org/products/ansi-isa-62443-3-3-99-03-03-2013-security-for-indu">SR 1.9</reference>
            <reference href="https://www.isa.org/products/ansi-isa-62443-3-3-99-03-03-2013-security-for-indu">SR 2.1</reference>
            <reference href="https://www.iso.org/contents/data/standard/05/45/54534.html">A.18.1.4</reference>
            <reference href="https://www.iso.org/contents/data/standard/05/45/54534.html">A.7.1.1</reference>
            <reference href="https://www.iso.org/contents/data/standard/05/45/54534.html">A.9.2.1</reference>
            <reference href="https://www.iso.org/contents/data/standard/05/45/54534.html">A.9.2.2</reference>
            <reference href="https://www.iso.org/contents/data/standard/05/45/54534.html">A.9.2.3</reference>
            <reference href="https://www.iso.org/contents/data/standard/05/45/54534.html">A.9.2.4</reference>
            <reference href="https://www.iso.org/contents/data/standard/05/45/54534.html">A.9.2.6</reference>
            <reference href="https://www.iso.org/contents/data/standard/05/45/54534.html">A.9.3.1</reference>
            <reference href="https://www.iso.org/contents/data/standard/05/45/54534.html">A.9.4.2</reference>
            <reference href="https://www.iso.org/contents/data/standard/05/45/54534.html">A.9.4.3</reference>
            <reference href="https://www.nerc.com/standards/reliability-standards/cip">CIP-003-8 R5.1.1</reference>
            <reference href="https://www.nerc.com/standards/reliability-standards/cip">CIP-003-8 R5.3</reference>
            <reference href="https://www.nerc.com/standards/reliability-standards/cip">CIP-004-6 R2.2.3</reference>
            <reference href="https://www.nerc.com/standards/reliability-standards/cip">CIP-004-6 R2.3</reference>
            <reference href="https://www.nerc.com/standards/reliability-standards/cip">CIP-007-3 R5.1</reference>
            <reference href="https://www.nerc.com/standards/reliability-standards/cip">CIP-007-3 R5.1.2</reference>
            <reference href="https://www.nerc.com/standards/reliability-standards/cip">CIP-007-3 R5.2</reference>
            <reference href="https://www.nerc.com/standards/reliability-standards/cip">CIP-007-3 R5.3.1</reference>
            <reference href="https://www.nerc.com/standards/reliability-standards/cip">CIP-007-3 R5.3.2</reference>
            <reference href="https://www.nerc.com/standards/reliability-standards/cip">CIP-007-3 R5.3.3</reference>
            <reference href="http://nvlpubs.nist.gov/nistpubs/SpecialPublications/NIST.SP.800-53r4.pdf">IA-2</reference>
            <reference href="http://nvlpubs.nist.gov/nistpubs/SpecialPublications/NIST.SP.800-53r4.pdf">CM-6(a)</reference>
            <reference href="https://nvlpubs.nist.gov/nistpubs/CSWP/NIST.CSWP.04162018.pdf">PR.AC-1</reference>
            <reference href="https://nvlpubs.nist.gov/nistpubs/CSWP/NIST.CSWP.04162018.pdf">PR.AC-6</reference>
            <reference href="https://nvlpubs.nist.gov/nistpubs/CSWP/NIST.CSWP.04162018.pdf">PR.AC-7</reference>
            <reference href="https://www.cisecurity.org/benchmark/suse_linux/">5.5</reference>
            <reference href="https://cyber.gouv.fr/sites/default/files/document/linux_configuration-en-v2.pdf">R33</reference>
            <reference href="https://docs-prv.pcisecuritystandards.org/PCI%20DSS/Standard/PCI-DSS-v4_0.pdf">8.6.1</reference>
            <reference href="https://docs-prv.pcisecuritystandards.org/PCI%20DSS/Standard/PCI-DSS-v4_0.pdf">8.6</reference>
            <rationale xmlns:xhtml="http://www.w3.org/1999/xhtml" xml:lang="en-US">Disabling direct root logins ensures proper accountability and multifactor
authentication to privileged accounts. Users will first login, then escalate
to privileged (root) access via su / sudo. This is required for FISMA Low
and FISMA Moderate systems.</rationale>
            <platform idref="#system_with_kernel"/>
            <ident system="https://ncp.nist.gov/cce">CCE-91427-5</ident>
            <fix xmlns:xhtml="http://www.w3.org/1999/xhtml" id="no_direct_root_logins" system="urn:xccdf:fix:script:sh"># Remediation is applicable only in certain platforms
if rpm --quiet -q kernel-default || rpm --quiet -q kernel-default-base; then

echo &gt; /etc/securetty

else
    &gt;&amp;2 echo 'Remediation is not applicable, nothing was done'
fi
</fix>
            <fix xmlns:xhtml="http://www.w3.org/1999/xhtml" id="no_direct_root_logins" system="urn:xccdf:fix:script:ansible" complexity="low" disruption="low" strategy="restrict">- name: Gather the package facts
  package_facts:
    manager: auto
  tags:
  - CCE-91427-5
  - NIST-800-171-3.1.1
  - NIST-800-171-3.1.6
  - NIST-800-53-CM-6(a)
  - NIST-800-53-IA-2
  - PCI-DSSv4-8.6
  - PCI-DSSv4-8.6.1
  - low_complexity
  - low_disruption
  - medium_severity
  - no_direct_root_logins
  - no_reboot_needed
  - restrict_strategy

- name: Direct root Logins Not Allowed
  ansible.builtin.copy:
    dest: /etc/securetty
    content: ''
  when: ("kernel-default" in ansible_facts.packages or "kernel-default-base" in ansible_facts.packages)
  tags:
  - CCE-91427-5
  - NIST-800-171-3.1.1
  - NIST-800-171-3.1.6
  - NIST-800-53-CM-6(a)
  - NIST-800-53-IA-2
  - PCI-DSSv4-8.6
  - PCI-DSSv4-8.6.1
  - low_complexity
  - low_disruption
  - medium_severity
  - no_direct_root_logins
  - no_reboot_needed
  - restrict_strategy
</fix>
            <check system="http://oval.mitre.org/XMLSchema/oval-definitions-5">
              <check-content-ref name="oval:ssg-no_direct_root_logins:def:1" href="ssg-sle15-oval.xml"/>
            </check>
            <check system="http://scap.nist.gov/schema/ocil/2">
              <check-content-ref name="ocil:ssg-no_direct_root_logins_ocil:questionnaire:1" href="ssg-sle15-ocil.xml"/>
            </check>
          </Rule>
          <Rule id="xccdf_org.ssgproject.content_rule_no_invalid_shell_accounts_unlocked" selected="false" role="full" severity="medium">
            <title xmlns:xhtml="http://www.w3.org/1999/xhtml" xml:lang="en-US">Verify Non-Interactive Accounts Are Locked</title>
            <description xmlns:xhtml="http://www.w3.org/1999/xhtml" xml:lang="en-US">Accounts meant for non-interactive purposes should be locked to prevent
unauthorized access. Accounts with non-standard shells (those not defined in
<html:code xmlns:html="http://www.w3.org/1999/xhtml">/etc/shells</html:code>) should be locked using <html:code xmlns:html="http://www.w3.org/1999/xhtml">usermod -L</html:code>.</description>
            <warning xmlns:xhtml="http://www.w3.org/1999/xhtml" xml:lang="en-US" category="general">Automatic remediation of this control is not recommended. Locking system accounts
could be highly disruptive.</warning>
            <reference href="not_publicly_available">SLES-15-600600210</reference>
            <rationale xmlns:xhtml="http://www.w3.org/1999/xhtml" xml:lang="en-US">Locking non-interactive accounts improves security by preventing potential
misuse. While many systems configure these accounts with invalid strings,
setting the shell field to <html:code xmlns:html="http://www.w3.org/1999/xhtml">nologin</html:code> is also suggested</rationale>
            <ident system="https://ncp.nist.gov/cce">CCE-92591-7</ident>
            <check system="http://oval.mitre.org/XMLSchema/oval-definitions-5">
              <check-content-ref name="oval:ssg-no_invalid_shell_accounts_unlocked:def:1" href="ssg-sle15-oval.xml"/>
            </check>
          </Rule>
          <Rule id="xccdf_org.ssgproject.content_rule_no_password_auth_for_systemaccounts" selected="false" role="full" severity="medium">
            <title xmlns:xhtml="http://www.w3.org/1999/xhtml" xml:lang="en-US">Ensure that System Accounts Are Locked</title>
            <description xmlns:xhtml="http://www.w3.org/1999/xhtml" xml:lang="en-US">Some accounts are not associated with a human user of the system, and exist to perform some
administrative functions. An attacker should not be able to log into these accounts.
<html:br xmlns:html="http://www.w3.org/1999/xhtml"/>
         <html:br xmlns:html="http://www.w3.org/1999/xhtml"/>
System accounts are those user accounts with a user ID less than <html:code xmlns:html="http://www.w3.org/1999/xhtml">1000</html:code>.
If any system account other than <html:code xmlns:html="http://www.w3.org/1999/xhtml">root</html:code>, <html:code xmlns:html="http://www.w3.org/1999/xhtml">halt</html:code>, <html:code xmlns:html="http://www.w3.org/1999/xhtml">sync</html:code>, <html:code xmlns:html="http://www.w3.org/1999/xhtml">shutdown</html:code>
and <html:code xmlns:html="http://www.w3.org/1999/xhtml">nfsnobody</html:code> has an unlocked password, disable it with the command:
<html:pre xmlns:html="http://www.w3.org/1999/xhtml">$ sudo usermod -L <html:i>account</html:i>
         </html:pre>
        </description>
            <reference href="https://www.nerc.com/standards/reliability-standards/cip">CIP-003-8 R5.1.1</reference>
            <reference href="https://www.nerc.com/standards/reliability-standards/cip">CIP-003-8 R5.3</reference>
            <reference href="https://www.nerc.com/standards/reliability-standards/cip">CIP-004-6 R2.3</reference>
            <reference href="https://www.nerc.com/standards/reliability-standards/cip">CIP-007-3 R2.1</reference>
            <reference href="https://www.nerc.com/standards/reliability-standards/cip">CIP-007-3 R2.2</reference>
            <reference href="https://www.nerc.com/standards/reliability-standards/cip">CIP-007-3 R2.3</reference>
            <reference href="https://www.nerc.com/standards/reliability-standards/cip">CIP-007-3 R5.1</reference>
            <reference href="https://www.nerc.com/standards/reliability-standards/cip">CIP-007-3 R5.1.1</reference>
            <reference href="https://www.nerc.com/standards/reliability-standards/cip">CIP-007-3 R5.1.2</reference>
            <reference href="http://nvlpubs.nist.gov/nistpubs/SpecialPublications/NIST.SP.800-53r4.pdf">AC-6</reference>
            <reference href="http://nvlpubs.nist.gov/nistpubs/SpecialPublications/NIST.SP.800-53r4.pdf">CM-6(a)</reference>
            <reference href="not_publicly_available">SLES-15-600600195</reference>
            <reference href="https://docs-prv.pcisecuritystandards.org/PCI%20DSS/Standard/PCI-DSS-v4_0.pdf">8.2.2</reference>
            <reference href="https://docs-prv.pcisecuritystandards.org/PCI%20DSS/Standard/PCI-DSS-v4_0.pdf">8.2</reference>
            <rationale xmlns:xhtml="http://www.w3.org/1999/xhtml" xml:lang="en-US">Disabling authentication for default system accounts makes it more difficult for attackers
to make use of them to compromise a system.</rationale>
            <platform idref="#system_with_kernel"/>
            <ident system="https://ncp.nist.gov/cce">CCE-92593-3</ident>
            <fix xmlns:xhtml="http://www.w3.org/1999/xhtml" id="no_password_auth_for_systemaccounts" system="urn:xccdf:fix:script:sh" complexity="low" disruption="medium" strategy="restrict"># Remediation is applicable only in certain platforms
if rpm --quiet -q kernel-default || rpm --quiet -q kernel-default-base; then

readarray -t systemaccounts &lt; &lt;(awk -F: \
  '($3 &lt; 1000 &amp;&amp; $3 != root &amp;&amp; $3 != halt &amp;&amp; $3 != sync &amp;&amp; $3 != shutdown \
  &amp;&amp; $3 != nfsnobody) { print $1 }' /etc/passwd)

for systemaccount in "${systemaccounts[@]}"; do
    usermod -L "$systemaccount"
done

else
    &gt;&amp;2 echo 'Remediation is not applicable, nothing was done'
fi
</fix>
            <fix xmlns:xhtml="http://www.w3.org/1999/xhtml" id="no_password_auth_for_systemaccounts" system="urn:xccdf:fix:script:ansible" complexity="low" disruption="medium" strategy="restrict">- name: Gather the package facts
  package_facts:
    manager: auto
  tags:
  - CCE-92593-3
  - NIST-800-53-AC-6
  - NIST-800-53-CM-6(a)
  - PCI-DSSv4-8.2
  - PCI-DSSv4-8.2.2
  - low_complexity
  - medium_disruption
  - medium_severity
  - no_password_auth_for_systemaccounts
  - no_reboot_needed
  - restrict_strategy

- name: Ensure that System Accounts Are Locked - Get All Local Users From /etc/passwd
  ansible.builtin.getent:
    database: passwd
    split: ':'
  when: ("kernel-default" in ansible_facts.packages or "kernel-default-base" in ansible_facts.packages)
  tags:
  - CCE-92593-3
  - NIST-800-53-AC-6
  - NIST-800-53-CM-6(a)
  - PCI-DSSv4-8.2
  - PCI-DSSv4-8.2.2
  - low_complexity
  - medium_disruption
  - medium_severity
  - no_password_auth_for_systemaccounts
  - no_reboot_needed
  - restrict_strategy

- name: Ensure that System Accounts Are Locked - Create local_users Variable From
    getent_passwd Facts
  ansible.builtin.set_fact:
    local_users: '{{ ansible_facts.getent_passwd | dict2items }}'
  when: ("kernel-default" in ansible_facts.packages or "kernel-default-base" in ansible_facts.packages)
  tags:
  - CCE-92593-3
  - NIST-800-53-AC-6
  - NIST-800-53-CM-6(a)
  - PCI-DSSv4-8.2
  - PCI-DSSv4-8.2.2
  - low_complexity
  - medium_disruption
  - medium_severity
  - no_password_auth_for_systemaccounts
  - no_reboot_needed
  - restrict_strategy

- name: Ensure that System Accounts Are Locked - Lock System Accounts
  ansible.builtin.user:
    name: '{{ item.key }}'
    password_lock: true
  loop: '{{ local_users }}'
  when:
  - ("kernel-default" in ansible_facts.packages or "kernel-default-base" in ansible_facts.packages)
  - item.value[1]|int &lt; 1000
  - item.key not in ['root', 'halt', 'sync', 'shutdown', 'nfsnobody']
  tags:
  - CCE-92593-3
  - NIST-800-53-AC-6
  - NIST-800-53-CM-6(a)
  - PCI-DSSv4-8.2
  - PCI-DSSv4-8.2.2
  - low_complexity
  - medium_disruption
  - medium_severity
  - no_password_auth_for_systemaccounts
  - no_reboot_needed
  - restrict_strategy
</fix>
            <check system="http://oval.mitre.org/XMLSchema/oval-definitions-5">
              <check-content-ref name="oval:ssg-no_password_auth_for_systemaccounts:def:1" href="ssg-sle15-oval.xml"/>
            </check>
            <check system="http://scap.nist.gov/schema/ocil/2">
              <check-content-ref name="ocil:ssg-no_password_auth_for_systemaccounts_ocil:questionnaire:1" href="ssg-sle15-ocil.xml"/>
            </check>
          </Rule>
          <Rule id="xccdf_org.ssgproject.content_rule_no_shelllogin_for_systemaccounts" selected="false" role="full" severity="medium">
            <title xmlns:xhtml="http://www.w3.org/1999/xhtml" xml:lang="en-US">Ensure that System Accounts Do Not Run a Shell Upon Login</title>
            <description xmlns:xhtml="http://www.w3.org/1999/xhtml" xml:lang="en-US">Some accounts are not associated with a human user of the system, and exist to perform some
administrative functions. Should an attacker be able to log into these accounts, they should
not be granted access to a shell.
<html:br xmlns:html="http://www.w3.org/1999/xhtml"/>
         <html:br xmlns:html="http://www.w3.org/1999/xhtml"/>
The login shell for each local account is stored in the last field of each line in
<html:code xmlns:html="http://www.w3.org/1999/xhtml">/etc/passwd</html:code>. System accounts are those user accounts with a user ID less than
<html:code xmlns:html="http://www.w3.org/1999/xhtml">1000</html:code>. The user ID is stored in the third field. If any system account
other than <html:code xmlns:html="http://www.w3.org/1999/xhtml">root</html:code> has a login shell, disable it with the command:
<html:pre xmlns:html="http://www.w3.org/1999/xhtml">$ sudo usermod -s /sbin/nologin <html:i>account</html:i>
         </html:pre>
        </description>
            <warning xmlns:xhtml="http://www.w3.org/1999/xhtml" xml:lang="en-US" category="functionality">Do not perform the steps in this section on the root account. Doing so might cause the
system to become inaccessible.</warning>
            <reference href="https://www.cisecurity.org/controls/">1</reference>
            <reference href="https://www.cisecurity.org/controls/">12</reference>
            <reference href="https://www.cisecurity.org/controls/">13</reference>
            <reference href="https://www.cisecurity.org/controls/">14</reference>
            <reference href="https://www.cisecurity.org/controls/">15</reference>
            <reference href="https://www.cisecurity.org/controls/">16</reference>
            <reference href="https://www.cisecurity.org/controls/">18</reference>
            <reference href="https://www.cisecurity.org/controls/">3</reference>
            <reference href="https://www.cisecurity.org/controls/">5</reference>
            <reference href="https://www.cisecurity.org/controls/">7</reference>
            <reference href="https://www.cisecurity.org/controls/">8</reference>
            <reference href="https://www.isaca.org/resources/cobit">DSS01.03</reference>
            <reference href="https://www.isaca.org/resources/cobit">DSS03.05</reference>
            <reference href="https://www.isaca.org/resources/cobit">DSS05.04</reference>
            <reference href="https://www.isaca.org/resources/cobit">DSS05.05</reference>
            <reference href="https://www.isaca.org/resources/cobit">DSS05.07</reference>
            <reference href="https://www.isaca.org/resources/cobit">DSS06.03</reference>
            <reference href="https://www.isa.org/products/isa-62443-2-1-2009-security-for-industrial-automat">4.3.3.2.2</reference>
            <reference href="https://www.isa.org/products/isa-62443-2-1-2009-security-for-industrial-automat">4.3.3.5.1</reference>
            <reference href="https://www.isa.org/products/isa-62443-2-1-2009-security-for-industrial-automat">4.3.3.5.2</reference>
            <reference href="https://www.isa.org/products/isa-62443-2-1-2009-security-for-industrial-automat">4.3.3.7.2</reference>
            <reference href="https://www.isa.org/products/isa-62443-2-1-2009-security-for-industrial-automat">4.3.3.7.3</reference>
            <reference href="https://www.isa.org/products/isa-62443-2-1-2009-security-for-industrial-automat">4.3.3.7.4</reference>
            <reference href="https://www.isa.org/products/ansi-isa-62443-3-3-99-03-03-2013-security-for-indu">SR 1.1</reference>
            <reference href="https://www.isa.org/products/ansi-isa-62443-3-3-99-03-03-2013-security-for-indu">SR 1.2</reference>
            <reference href="https://www.isa.org/products/ansi-isa-62443-3-3-99-03-03-2013-security-for-indu">SR 1.3</reference>
            <reference href="https://www.isa.org/products/ansi-isa-62443-3-3-99-03-03-2013-security-for-indu">SR 1.4</reference>
            <reference href="https://www.isa.org/products/ansi-isa-62443-3-3-99-03-03-2013-security-for-indu">SR 1.5</reference>
            <reference href="https://www.isa.org/products/ansi-isa-62443-3-3-99-03-03-2013-security-for-indu">SR 1.7</reference>
            <reference href="https://www.isa.org/products/ansi-isa-62443-3-3-99-03-03-2013-security-for-indu">SR 1.8</reference>
            <reference href="https://www.isa.org/products/ansi-isa-62443-3-3-99-03-03-2013-security-for-indu">SR 1.9</reference>
            <reference href="https://www.isa.org/products/ansi-isa-62443-3-3-99-03-03-2013-security-for-indu">SR 2.1</reference>
            <reference href="https://www.isa.org/products/ansi-isa-62443-3-3-99-03-03-2013-security-for-indu">SR 6.2</reference>
            <reference href="https://www.iso.org/contents/data/standard/05/45/54534.html">A.12.4.1</reference>
            <reference href="https://www.iso.org/contents/data/standard/05/45/54534.html">A.12.4.3</reference>
            <reference href="https://www.iso.org/contents/data/standard/05/45/54534.html">A.6.1.2</reference>
            <reference href="https://www.iso.org/contents/data/standard/05/45/54534.html">A.7.1.1</reference>
            <reference href="https://www.iso.org/contents/data/standard/05/45/54534.html">A.9.1.2</reference>
            <reference href="https://www.iso.org/contents/data/standard/05/45/54534.html">A.9.2.1</reference>
            <reference href="https://www.iso.org/contents/data/standard/05/45/54534.html">A.9.2.2</reference>
            <reference href="https://www.iso.org/contents/data/standard/05/45/54534.html">A.9.2.3</reference>
            <reference href="https://www.iso.org/contents/data/standard/05/45/54534.html">A.9.2.4</reference>
            <reference href="https://www.iso.org/contents/data/standard/05/45/54534.html">A.9.2.6</reference>
            <reference href="https://www.iso.org/contents/data/standard/05/45/54534.html">A.9.3.1</reference>
            <reference href="https://www.iso.org/contents/data/standard/05/45/54534.html">A.9.4.1</reference>
            <reference href="https://www.iso.org/contents/data/standard/05/45/54534.html">A.9.4.2</reference>
            <reference href="https://www.iso.org/contents/data/standard/05/45/54534.html">A.9.4.3</reference>
            <reference href="https://www.iso.org/contents/data/standard/05/45/54534.html">A.9.4.4</reference>
            <reference href="https://www.iso.org/contents/data/standard/05/45/54534.html">A.9.4.5</reference>
            <reference href="http://nvlpubs.nist.gov/nistpubs/SpecialPublications/NIST.SP.800-53r4.pdf">AC-6</reference>
            <reference href="http://nvlpubs.nist.gov/nistpubs/SpecialPublications/NIST.SP.800-53r4.pdf">CM-6(a)</reference>
            <reference href="http://nvlpubs.nist.gov/nistpubs/SpecialPublications/NIST.SP.800-53r4.pdf">CM-6(b)</reference>
            <reference href="http://nvlpubs.nist.gov/nistpubs/SpecialPublications/NIST.SP.800-53r4.pdf">CM-6.1(iv)</reference>
            <reference href="https://nvlpubs.nist.gov/nistpubs/CSWP/NIST.CSWP.04162018.pdf">DE.CM-1</reference>
            <reference href="https://nvlpubs.nist.gov/nistpubs/CSWP/NIST.CSWP.04162018.pdf">DE.CM-3</reference>
            <reference href="https://nvlpubs.nist.gov/nistpubs/CSWP/NIST.CSWP.04162018.pdf">PR.AC-1</reference>
            <reference href="https://nvlpubs.nist.gov/nistpubs/CSWP/NIST.CSWP.04162018.pdf">PR.AC-4</reference>
            <reference href="https://nvlpubs.nist.gov/nistpubs/CSWP/NIST.CSWP.04162018.pdf">PR.AC-6</reference>
            <reference href="https://www.cyber.mil/stigs/downloads/?_dl_facet_stigs=operating-systems%2Cgeneral-purpose-os">SRG-OS-000480-GPOS-00227</reference>
            <reference href="https://www.cyber.mil/stigs/downloads/?_dl_facet_stigs=operating-systems%2Cunix-linux">SLES-15-020091</reference>
            <reference href="https://www.cisecurity.org/benchmark/suse_linux/">5.4.2</reference>
            <reference href="not_publicly_available">SLES-15-600600195</reference>
            <reference href="https://www.cyber.gov.au/acsc/view-all-content/ism">1491</reference>
            <reference href="https://docs-prv.pcisecuritystandards.org/PCI%20DSS/Standard/PCI-DSS-v4_0.pdf">8.2.2</reference>
            <reference href="https://docs-prv.pcisecuritystandards.org/PCI%20DSS/Standard/PCI-DSS-v4_0.pdf">8.2</reference>
            <reference href="https://www.cyber.mil/stigs/srg-stig-tools/">SV-234875r991589_rule</reference>
            <rationale xmlns:xhtml="http://www.w3.org/1999/xhtml" xml:lang="en-US">Ensuring shells are not given to system accounts upon login makes it more difficult for
attackers to make use of system accounts.</rationale>
            <platform idref="#system_with_kernel"/>
            <ident system="https://ncp.nist.gov/cce">CCE-85672-4</ident>
            <fix xmlns:xhtml="http://www.w3.org/1999/xhtml" id="no_shelllogin_for_systemaccounts" system="urn:xccdf:fix:script:sh" complexity="low" disruption="medium" strategy="restrict"># Remediation is applicable only in certain platforms
if rpm --quiet -q kernel-default || rpm --quiet -q kernel-default-base; then

readarray -t systemaccounts &lt; &lt;(awk -F: '($3 &lt; 1000 &amp;&amp; $3 != root \
  &amp;&amp; $7 != "\/sbin\/shutdown" &amp;&amp; $7 != "\/sbin\/halt" &amp;&amp; $7 != "\/bin\/sync") \
  { print $1 }' /etc/passwd)

for systemaccount in "${systemaccounts[@]}"; do
    usermod -s /sbin/nologin "$systemaccount"
done

else
    &gt;&amp;2 echo 'Remediation is not applicable, nothing was done'
fi
</fix>
            <fix xmlns:xhtml="http://www.w3.org/1999/xhtml" id="no_shelllogin_for_systemaccounts" system="urn:xccdf:fix:script:ansible" complexity="low" disruption="medium" strategy="restrict">- name: Gather the package facts
  package_facts:
    manager: auto
  tags:
  - CCE-85672-4
  - DISA-STIG-SLES-15-020091
  - NIST-800-53-AC-6
  - NIST-800-53-CM-6(a)
  - NIST-800-53-CM-6(b)
  - NIST-800-53-CM-6.1(iv)
  - PCI-DSSv4-8.2
  - PCI-DSSv4-8.2.2
  - low_complexity
  - medium_disruption
  - medium_severity
  - no_reboot_needed
  - no_shelllogin_for_systemaccounts
  - restrict_strategy

- name: Ensure that System Accounts Do Not Run a Shell Upon Login - Get All Local
    Users From /etc/passwd
  ansible.builtin.getent:
    database: passwd
    split: ':'
  when: ("kernel-default" in ansible_facts.packages or "kernel-default-base" in ansible_facts.packages)
  tags:
  - CCE-85672-4
  - DISA-STIG-SLES-15-020091
  - NIST-800-53-AC-6
  - NIST-800-53-CM-6(a)
  - NIST-800-53-CM-6(b)
  - NIST-800-53-CM-6.1(iv)
  - PCI-DSSv4-8.2
  - PCI-DSSv4-8.2.2
  - low_complexity
  - medium_disruption
  - medium_severity
  - no_reboot_needed
  - no_shelllogin_for_systemaccounts
  - restrict_strategy

- name: Ensure that System Accounts Do Not Run a Shell Upon Login - Create local_users
    Variable From getent_passwd Facts
  ansible.builtin.set_fact:
    local_users: '{{ ansible_facts.getent_passwd | dict2items }}'
  when: ("kernel-default" in ansible_facts.packages or "kernel-default-base" in ansible_facts.packages)
  tags:
  - CCE-85672-4
  - DISA-STIG-SLES-15-020091
  - NIST-800-53-AC-6
  - NIST-800-53-CM-6(a)
  - NIST-800-53-CM-6(b)
  - NIST-800-53-CM-6.1(iv)
  - PCI-DSSv4-8.2
  - PCI-DSSv4-8.2.2
  - low_complexity
  - medium_disruption
  - medium_severity
  - no_reboot_needed
  - no_shelllogin_for_systemaccounts
  - restrict_strategy

- name: Ensure that System Accounts Do Not Run a Shell Upon Login -  Disable Login
    Shell for System Accounts
  ansible.builtin.user:
    name: '{{ item.key }}'
    shell: /sbin/nologin
  loop: '{{ local_users }}'
  when:
  - ("kernel-default" in ansible_facts.packages or "kernel-default-base" in ansible_facts.packages)
  - item.key not in ['root']
  - item.value[1]|int &lt; 1000
  - item.value[5] not in ['/sbin/shutdown', '/sbin/halt', '/bin/sync']
  tags:
  - CCE-85672-4
  - DISA-STIG-SLES-15-020091
  - NIST-800-53-AC-6
  - NIST-800-53-CM-6(a)
  - NIST-800-53-CM-6(b)
  - NIST-800-53-CM-6.1(iv)
  - PCI-DSSv4-8.2
  - PCI-DSSv4-8.2.2
  - low_complexity
  - medium_disruption
  - medium_severity
  - no_reboot_needed
  - no_shelllogin_for_systemaccounts
  - restrict_strategy
</fix>
            <check system="http://oval.mitre.org/XMLSchema/oval-definitions-5">
              <check-content-ref name="oval:ssg-no_shelllogin_for_systemaccounts:def:1" href="ssg-sle15-oval.xml"/>
            </check>
            <check system="http://scap.nist.gov/schema/ocil/2">
              <check-content-ref name="ocil:ssg-no_shelllogin_for_systemaccounts_ocil:questionnaire:1" href="ssg-sle15-ocil.xml"/>
            </check>
          </Rule>
          <Rule id="xccdf_org.ssgproject.content_rule_restrict_serial_port_logins" selected="false" role="full" severity="medium">
            <title xmlns:xhtml="http://www.w3.org/1999/xhtml" xml:lang="en-US">Restrict Serial Port Root Logins</title>
            <description xmlns:xhtml="http://www.w3.org/1999/xhtml" xml:lang="en-US">To restrict root logins on serial ports,
ensure lines of this form do not appear in <html:code xmlns:html="http://www.w3.org/1999/xhtml">/etc/securetty</html:code>:
<html:pre xmlns:html="http://www.w3.org/1999/xhtml">ttyS0
ttyS1</html:pre>
        </description>
            <reference href="https://www.cisecurity.org/controls/">12</reference>
            <reference href="https://www.cisecurity.org/controls/">13</reference>
            <reference href="https://www.cisecurity.org/controls/">14</reference>
            <reference href="https://www.cisecurity.org/controls/">15</reference>
            <reference href="https://www.cisecurity.org/controls/">16</reference>
            <reference href="https://www.cisecurity.org/controls/">18</reference>
            <reference href="https://www.cisecurity.org/controls/">3</reference>
            <reference href="https://www.cisecurity.org/controls/">5</reference>
            <reference href="https://www.isaca.org/resources/cobit">APO01.06</reference>
            <reference href="https://www.isaca.org/resources/cobit">DSS05.04</reference>
            <reference href="https://www.isaca.org/resources/cobit">DSS05.07</reference>
            <reference href="https://www.isaca.org/resources/cobit">DSS06.02</reference>
            <reference href="http://nvlpubs.nist.gov/nistpubs/SpecialPublications/NIST.SP.800-171.pdf">3.1.1</reference>
            <reference href="http://nvlpubs.nist.gov/nistpubs/SpecialPublications/NIST.SP.800-171.pdf">3.1.5</reference>
            <reference href="https://www.gpo.gov/fdsys/pkg/CFR-2007-title45-vol1/pdf/CFR-2007-title45-vol1-chapA-subchapC.pdf">164.308(a)(1)(ii)(B)</reference>
            <reference href="https://www.gpo.gov/fdsys/pkg/CFR-2007-title45-vol1/pdf/CFR-2007-title45-vol1-chapA-subchapC.pdf">164.308(a)(7)(i)</reference>
            <reference href="https://www.gpo.gov/fdsys/pkg/CFR-2007-title45-vol1/pdf/CFR-2007-title45-vol1-chapA-subchapC.pdf">164.308(a)(7)(ii)(A)</reference>
            <reference href="https://www.gpo.gov/fdsys/pkg/CFR-2007-title45-vol1/pdf/CFR-2007-title45-vol1-chapA-subchapC.pdf">164.310(a)(1)</reference>
            <reference href="https://www.gpo.gov/fdsys/pkg/CFR-2007-title45-vol1/pdf/CFR-2007-title45-vol1-chapA-subchapC.pdf">164.310(a)(2)(i)</reference>
            <reference href="https://www.gpo.gov/fdsys/pkg/CFR-2007-title45-vol1/pdf/CFR-2007-title45-vol1-chapA-subchapC.pdf">164.310(a)(2)(ii)</reference>
            <reference href="https://www.gpo.gov/fdsys/pkg/CFR-2007-title45-vol1/pdf/CFR-2007-title45-vol1-chapA-subchapC.pdf">164.310(a)(2)(iii)</reference>
            <reference href="https://www.gpo.gov/fdsys/pkg/CFR-2007-title45-vol1/pdf/CFR-2007-title45-vol1-chapA-subchapC.pdf">164.310(b)</reference>
            <reference href="https://www.gpo.gov/fdsys/pkg/CFR-2007-title45-vol1/pdf/CFR-2007-title45-vol1-chapA-subchapC.pdf">164.310(c)</reference>
            <reference href="https://www.gpo.gov/fdsys/pkg/CFR-2007-title45-vol1/pdf/CFR-2007-title45-vol1-chapA-subchapC.pdf">164.310(d)(1)</reference>
            <reference href="https://www.gpo.gov/fdsys/pkg/CFR-2007-title45-vol1/pdf/CFR-2007-title45-vol1-chapA-subchapC.pdf">164.310(d)(2)(iii)</reference>
            <reference href="https://www.isa.org/products/isa-62443-2-1-2009-security-for-industrial-automat">4.3.3.7.3</reference>
            <reference href="https://www.isa.org/products/ansi-isa-62443-3-3-99-03-03-2013-security-for-indu">SR 2.1</reference>
            <reference href="https://www.isa.org/products/ansi-isa-62443-3-3-99-03-03-2013-security-for-indu">SR 5.2</reference>
            <reference href="https://www.iso.org/contents/data/standard/05/45/54534.html">A.10.1.1</reference>
            <reference href="https://www.iso.org/contents/data/standard/05/45/54534.html">A.11.1.4</reference>
            <reference href="https://www.iso.org/contents/data/standard/05/45/54534.html">A.11.1.5</reference>
            <reference href="https://www.iso.org/contents/data/standard/05/45/54534.html">A.11.2.1</reference>
            <reference href="https://www.iso.org/contents/data/standard/05/45/54534.html">A.13.1.1</reference>
            <reference href="https://www.iso.org/contents/data/standard/05/45/54534.html">A.13.1.3</reference>
            <reference href="https://www.iso.org/contents/data/standard/05/45/54534.html">A.13.2.1</reference>
            <reference href="https://www.iso.org/contents/data/standard/05/45/54534.html">A.13.2.3</reference>
            <reference href="https://www.iso.org/contents/data/standard/05/45/54534.html">A.13.2.4</reference>
            <reference href="https://www.iso.org/contents/data/standard/05/45/54534.html">A.14.1.2</reference>
            <reference href="https://www.iso.org/contents/data/standard/05/45/54534.html">A.14.1.3</reference>
            <reference href="https://www.iso.org/contents/data/standard/05/45/54534.html">A.6.1.2</reference>
            <reference href="https://www.iso.org/contents/data/standard/05/45/54534.html">A.7.1.1</reference>
            <reference href="https://www.iso.org/contents/data/standard/05/45/54534.html">A.7.1.2</reference>
            <reference href="https://www.iso.org/contents/data/standard/05/45/54534.html">A.7.3.1</reference>
            <reference href="https://www.iso.org/contents/data/standard/05/45/54534.html">A.8.2.2</reference>
            <reference href="https://www.iso.org/contents/data/standard/05/45/54534.html">A.8.2.3</reference>
            <reference href="https://www.iso.org/contents/data/standard/05/45/54534.html">A.9.1.1</reference>
            <reference href="https://www.iso.org/contents/data/standard/05/45/54534.html">A.9.1.2</reference>
            <reference href="https://www.iso.org/contents/data/standard/05/45/54534.html">A.9.2.3</reference>
            <reference href="https://www.iso.org/contents/data/standard/05/45/54534.html">A.9.4.1</reference>
            <reference href="https://www.iso.org/contents/data/standard/05/45/54534.html">A.9.4.4</reference>
            <reference href="https://www.iso.org/contents/data/standard/05/45/54534.html">A.9.4.5</reference>
            <reference href="https://www.nerc.com/standards/reliability-standards/cip">CIP-003-8 R5.1.1</reference>
            <reference href="https://www.nerc.com/standards/reliability-standards/cip">CIP-003-8 R5.3</reference>
            <reference href="https://www.nerc.com/standards/reliability-standards/cip">CIP-004-6 R2.3</reference>
            <reference href="https://www.nerc.com/standards/reliability-standards/cip">CIP-007-3 R2.1</reference>
            <reference href="https://www.nerc.com/standards/reliability-standards/cip">CIP-007-3 R2.2</reference>
            <reference href="https://www.nerc.com/standards/reliability-standards/cip">CIP-007-3 R2.3</reference>
            <reference href="https://www.nerc.com/standards/reliability-standards/cip">CIP-007-3 R5.1</reference>
            <reference href="https://www.nerc.com/standards/reliability-standards/cip">CIP-007-3 R5.1.1</reference>
            <reference href="https://www.nerc.com/standards/reliability-standards/cip">CIP-007-3 R5.1.2</reference>
            <reference href="http://nvlpubs.nist.gov/nistpubs/SpecialPublications/NIST.SP.800-53r4.pdf">AC-6</reference>
            <reference href="http://nvlpubs.nist.gov/nistpubs/SpecialPublications/NIST.SP.800-53r4.pdf">CM-6(a)</reference>
            <reference href="https://nvlpubs.nist.gov/nistpubs/CSWP/NIST.CSWP.04162018.pdf">PR.AC-4</reference>
            <reference href="https://nvlpubs.nist.gov/nistpubs/CSWP/NIST.CSWP.04162018.pdf">PR.DS-5</reference>
            <rationale xmlns:xhtml="http://www.w3.org/1999/xhtml" xml:lang="en-US">Preventing direct root login to serial port interfaces
helps ensure accountability for actions taken on the systems
using the root account.</rationale>
            <platform idref="#system_with_kernel"/>
            <ident system="https://ncp.nist.gov/cce">CCE-91429-1</ident>
            <fix xmlns:xhtml="http://www.w3.org/1999/xhtml" id="restrict_serial_port_logins" system="urn:xccdf:fix:script:sh"># Remediation is applicable only in certain platforms
if rpm --quiet -q kernel-default || rpm --quiet -q kernel-default-base; then

sed -i '/ttyS/d' /etc/securetty

else
    &gt;&amp;2 echo 'Remediation is not applicable, nothing was done'
fi
</fix>
            <fix xmlns:xhtml="http://www.w3.org/1999/xhtml" id="restrict_serial_port_logins" system="urn:xccdf:fix:script:ansible" complexity="low" disruption="low" strategy="restrict">- name: Gather the package facts
  package_facts:
    manager: auto
  tags:
  - CCE-91429-1
  - NIST-800-171-3.1.1
  - NIST-800-171-3.1.5
  - NIST-800-53-AC-6
  - NIST-800-53-CM-6(a)
  - low_complexity
  - low_disruption
  - medium_severity
  - no_reboot_needed
  - restrict_serial_port_logins
  - restrict_strategy

- name: Restrict Serial Port Root Logins
  ansible.builtin.lineinfile:
    dest: /etc/securetty
    regexp: ttyS[0-9]
    state: absent
  when: ("kernel-default" in ansible_facts.packages or "kernel-default-base" in ansible_facts.packages)
  tags:
  - CCE-91429-1
  - NIST-800-171-3.1.1
  - NIST-800-171-3.1.5
  - NIST-800-53-AC-6
  - NIST-800-53-CM-6(a)
  - low_complexity
  - low_disruption
  - medium_severity
  - no_reboot_needed
  - restrict_serial_port_logins
  - restrict_strategy
</fix>
            <check system="http://oval.mitre.org/XMLSchema/oval-definitions-5">
              <check-content-ref name="oval:ssg-restrict_serial_port_logins:def:1" href="ssg-sle15-oval.xml"/>
            </check>
            <check system="http://scap.nist.gov/schema/ocil/2">
              <check-content-ref name="ocil:ssg-restrict_serial_port_logins_ocil:questionnaire:1" href="ssg-sle15-ocil.xml"/>
            </check>
          </Rule>
          <Rule id="xccdf_org.ssgproject.content_rule_securetty_root_login_console_only" selected="false" role="full" severity="medium">
            <title xmlns:xhtml="http://www.w3.org/1999/xhtml" xml:lang="en-US">Restrict Virtual Console Root Logins</title>
            <description xmlns:xhtml="http://www.w3.org/1999/xhtml" xml:lang="en-US">To restrict root logins through the (deprecated) virtual console devices,
ensure lines of this form do not appear in <html:code xmlns:html="http://www.w3.org/1999/xhtml">/etc/securetty</html:code>:
<html:pre xmlns:html="http://www.w3.org/1999/xhtml">vc/1
vc/2
vc/3
vc/4</html:pre>
        </description>
            <reference href="https://www.cisecurity.org/controls/">12</reference>
            <reference href="https://www.cisecurity.org/controls/">13</reference>
            <reference href="https://www.cisecurity.org/controls/">14</reference>
            <reference href="https://www.cisecurity.org/controls/">15</reference>
            <reference href="https://www.cisecurity.org/controls/">16</reference>
            <reference href="https://www.cisecurity.org/controls/">18</reference>
            <reference href="https://www.cisecurity.org/controls/">3</reference>
            <reference href="https://www.cisecurity.org/controls/">5</reference>
            <reference href="https://www.isaca.org/resources/cobit">APO01.06</reference>
            <reference href="https://www.isaca.org/resources/cobit">DSS05.04</reference>
            <reference href="https://www.isaca.org/resources/cobit">DSS05.07</reference>
            <reference href="https://www.isaca.org/resources/cobit">DSS06.02</reference>
            <reference href="http://nvlpubs.nist.gov/nistpubs/SpecialPublications/NIST.SP.800-171.pdf">3.1.1</reference>
            <reference href="http://nvlpubs.nist.gov/nistpubs/SpecialPublications/NIST.SP.800-171.pdf">3.1.5</reference>
            <reference href="https://www.gpo.gov/fdsys/pkg/CFR-2007-title45-vol1/pdf/CFR-2007-title45-vol1-chapA-subchapC.pdf">164.308(a)(1)(ii)(B)</reference>
            <reference href="https://www.gpo.gov/fdsys/pkg/CFR-2007-title45-vol1/pdf/CFR-2007-title45-vol1-chapA-subchapC.pdf">164.308(a)(7)(i)</reference>
            <reference href="https://www.gpo.gov/fdsys/pkg/CFR-2007-title45-vol1/pdf/CFR-2007-title45-vol1-chapA-subchapC.pdf">164.308(a)(7)(ii)(A)</reference>
            <reference href="https://www.gpo.gov/fdsys/pkg/CFR-2007-title45-vol1/pdf/CFR-2007-title45-vol1-chapA-subchapC.pdf">164.310(a)(1)</reference>
            <reference href="https://www.gpo.gov/fdsys/pkg/CFR-2007-title45-vol1/pdf/CFR-2007-title45-vol1-chapA-subchapC.pdf">164.310(a)(2)(i)</reference>
            <reference href="https://www.gpo.gov/fdsys/pkg/CFR-2007-title45-vol1/pdf/CFR-2007-title45-vol1-chapA-subchapC.pdf">164.310(a)(2)(ii)</reference>
            <reference href="https://www.gpo.gov/fdsys/pkg/CFR-2007-title45-vol1/pdf/CFR-2007-title45-vol1-chapA-subchapC.pdf">164.310(a)(2)(iii)</reference>
            <reference href="https://www.gpo.gov/fdsys/pkg/CFR-2007-title45-vol1/pdf/CFR-2007-title45-vol1-chapA-subchapC.pdf">164.310(b)</reference>
            <reference href="https://www.gpo.gov/fdsys/pkg/CFR-2007-title45-vol1/pdf/CFR-2007-title45-vol1-chapA-subchapC.pdf">164.310(c)</reference>
            <reference href="https://www.gpo.gov/fdsys/pkg/CFR-2007-title45-vol1/pdf/CFR-2007-title45-vol1-chapA-subchapC.pdf">164.310(d)(1)</reference>
            <reference href="https://www.gpo.gov/fdsys/pkg/CFR-2007-title45-vol1/pdf/CFR-2007-title45-vol1-chapA-subchapC.pdf">164.310(d)(2)(iii)</reference>
            <reference href="https://www.isa.org/products/isa-62443-2-1-2009-security-for-industrial-automat">4.3.3.7.3</reference>
            <reference href="https://www.isa.org/products/ansi-isa-62443-3-3-99-03-03-2013-security-for-indu">SR 2.1</reference>
            <reference href="https://www.isa.org/products/ansi-isa-62443-3-3-99-03-03-2013-security-for-indu">SR 5.2</reference>
            <reference href="https://www.iso.org/contents/data/standard/05/45/54534.html">A.10.1.1</reference>
            <reference href="https://www.iso.org/contents/data/standard/05/45/54534.html">A.11.1.4</reference>
            <reference href="https://www.iso.org/contents/data/standard/05/45/54534.html">A.11.1.5</reference>
            <reference href="https://www.iso.org/contents/data/standard/05/45/54534.html">A.11.2.1</reference>
            <reference href="https://www.iso.org/contents/data/standard/05/45/54534.html">A.13.1.1</reference>
            <reference href="https://www.iso.org/contents/data/standard/05/45/54534.html">A.13.1.3</reference>
            <reference href="https://www.iso.org/contents/data/standard/05/45/54534.html">A.13.2.1</reference>
            <reference href="https://www.iso.org/contents/data/standard/05/45/54534.html">A.13.2.3</reference>
            <reference href="https://www.iso.org/contents/data/standard/05/45/54534.html">A.13.2.4</reference>
            <reference href="https://www.iso.org/contents/data/standard/05/45/54534.html">A.14.1.2</reference>
            <reference href="https://www.iso.org/contents/data/standard/05/45/54534.html">A.14.1.3</reference>
            <reference href="https://www.iso.org/contents/data/standard/05/45/54534.html">A.6.1.2</reference>
            <reference href="https://www.iso.org/contents/data/standard/05/45/54534.html">A.7.1.1</reference>
            <reference href="https://www.iso.org/contents/data/standard/05/45/54534.html">A.7.1.2</reference>
            <reference href="https://www.iso.org/contents/data/standard/05/45/54534.html">A.7.3.1</reference>
            <reference href="https://www.iso.org/contents/data/standard/05/45/54534.html">A.8.2.2</reference>
            <reference href="https://www.iso.org/contents/data/standard/05/45/54534.html">A.8.2.3</reference>
            <reference href="https://www.iso.org/contents/data/standard/05/45/54534.html">A.9.1.1</reference>
            <reference href="https://www.iso.org/contents/data/standard/05/45/54534.html">A.9.1.2</reference>
            <reference href="https://www.iso.org/contents/data/standard/05/45/54534.html">A.9.2.3</reference>
            <reference href="https://www.iso.org/contents/data/standard/05/45/54534.html">A.9.4.1</reference>
            <reference href="https://www.iso.org/contents/data/standard/05/45/54534.html">A.9.4.4</reference>
            <reference href="https://www.iso.org/contents/data/standard/05/45/54534.html">A.9.4.5</reference>
            <reference href="https://www.nerc.com/standards/reliability-standards/cip">CIP-003-8 R5.1.1</reference>
            <reference href="https://www.nerc.com/standards/reliability-standards/cip">CIP-003-8 R5.3</reference>
            <reference href="https://www.nerc.com/standards/reliability-standards/cip">CIP-004-6 R2.3</reference>
            <reference href="https://www.nerc.com/standards/reliability-standards/cip">CIP-007-3 R2.1</reference>
            <reference href="https://www.nerc.com/standards/reliability-standards/cip">CIP-007-3 R2.2</reference>
            <reference href="https://www.nerc.com/standards/reliability-standards/cip">CIP-007-3 R2.3</reference>
            <reference href="https://www.nerc.com/standards/reliability-standards/cip">CIP-007-3 R5.1</reference>
            <reference href="https://www.nerc.com/standards/reliability-standards/cip">CIP-007-3 R5.1.1</reference>
            <reference href="https://www.nerc.com/standards/reliability-standards/cip">CIP-007-3 R5.1.2</reference>
            <reference href="http://nvlpubs.nist.gov/nistpubs/SpecialPublications/NIST.SP.800-53r4.pdf">AC-6</reference>
            <reference href="http://nvlpubs.nist.gov/nistpubs/SpecialPublications/NIST.SP.800-53r4.pdf">CM-6(a)</reference>
            <reference href="https://nvlpubs.nist.gov/nistpubs/CSWP/NIST.CSWP.04162018.pdf">PR.AC-4</reference>
            <reference href="https://nvlpubs.nist.gov/nistpubs/CSWP/NIST.CSWP.04162018.pdf">PR.DS-5</reference>
            <reference href="https://www.cyber.mil/stigs/downloads/?_dl_facet_stigs=operating-systems%2Cgeneral-purpose-os">SRG-OS-000324-GPOS-00125</reference>
            <reference href="https://www.cisecurity.org/benchmark/suse_linux/">5.5</reference>
            <reference href="https://docs-prv.pcisecuritystandards.org/PCI%20DSS/Standard/PCI-DSS-v4_0.pdf">8.6.1</reference>
            <reference href="https://docs-prv.pcisecuritystandards.org/PCI%20DSS/Standard/PCI-DSS-v4_0.pdf">8.6</reference>
            <rationale xmlns:xhtml="http://www.w3.org/1999/xhtml" xml:lang="en-US">Preventing direct root login to virtual console devices
helps ensure accountability for actions taken on the system
using the root account.</rationale>
            <platform idref="#system_with_kernel"/>
            <ident system="https://ncp.nist.gov/cce">CCE-91430-9</ident>
            <fix xmlns:xhtml="http://www.w3.org/1999/xhtml" id="securetty_root_login_console_only" system="urn:xccdf:fix:script:sh"># Remediation is applicable only in certain platforms
if rpm --quiet -q kernel-default || rpm --quiet -q kernel-default-base; then

sed -i '/^vc\/[0-9]/d' /etc/securetty

else
    &gt;&amp;2 echo 'Remediation is not applicable, nothing was done'
fi
</fix>
            <check system="http://oval.mitre.org/XMLSchema/oval-definitions-5">
              <check-content-ref name="oval:ssg-securetty_root_login_console_only:def:1" href="ssg-sle15-oval.xml"/>
            </check>
            <check system="http://scap.nist.gov/schema/ocil/2">
              <check-content-ref name="ocil:ssg-securetty_root_login_console_only_ocil:questionnaire:1" href="ssg-sle15-ocil.xml"/>
            </check>
          </Rule>
          <Rule id="xccdf_org.ssgproject.content_rule_use_pam_wheel_for_su" selected="false" role="full" severity="medium">
            <title xmlns:xhtml="http://www.w3.org/1999/xhtml" xml:lang="en-US">Enforce usage of pam_wheel for su authentication</title>
            <description xmlns:xhtml="http://www.w3.org/1999/xhtml" xml:lang="en-US">To ensure that only users who are members of the <html:code xmlns:html="http://www.w3.org/1999/xhtml">wheel</html:code> group can
run commands with altered privileges through the <html:code xmlns:html="http://www.w3.org/1999/xhtml">su</html:code> command, make
sure that the following line exists in the file <html:code xmlns:html="http://www.w3.org/1999/xhtml">/etc/pam.d/su</html:code>:
<html:pre xmlns:html="http://www.w3.org/1999/xhtml">auth required pam_wheel.so use_uid</html:pre>
        </description>
            <warning xmlns:xhtml="http://www.w3.org/1999/xhtml" xml:lang="en-US" category="general">Members of "wheel" or GID 0 groups are checked by default if the group option is not set
for pam_wheel.so module. Therefore, members of these groups should be manually checked or
a different group should be informed according to the site policy.</warning>
            <reference href="https://www.niap-ccevs.org/Profile/PP.cfm">FMT_SMF_EXT.1.1</reference>
            <reference href="https://www.cyber.mil/stigs/downloads/?_dl_facet_stigs=operating-systems%2Cgeneral-purpose-os">SRG-OS-000373-GPOS-00156</reference>
            <reference href="https://www.cyber.mil/stigs/downloads/?_dl_facet_stigs=operating-systems%2Cgeneral-purpose-os">SRG-OS-000312-GPOS-00123</reference>
            <reference href="https://www.cisecurity.org/benchmark/suse_linux/">5.6</reference>
            <rationale xmlns:xhtml="http://www.w3.org/1999/xhtml" xml:lang="en-US">The <html:code xmlns:html="http://www.w3.org/1999/xhtml">su</html:code> program allows to run commands with a substitute user and
group ID. It is commonly used to run commands as the root user. Limiting
access to such command is considered a good security practice.</rationale>
            <platform idref="#package_pam"/>
            <ident system="https://ncp.nist.gov/cce">CCE-91336-8</ident>
            <fix xmlns:xhtml="http://www.w3.org/1999/xhtml" id="use_pam_wheel_for_su" system="urn:xccdf:fix:script:sh"># Remediation is applicable only in certain platforms
if rpm --quiet -q pam; then

# uncomment the option if commented
sed '/^[[:space:]]*#[[:space:]]*auth[[:space:]]\+required[[:space:]]\+pam_wheel\.so[[:space:]]\+use_uid$/s/^[[:space:]]*#//' -i /etc/pam.d/su

else
    &gt;&amp;2 echo 'Remediation is not applicable, nothing was done'
fi
</fix>
            <fix xmlns:xhtml="http://www.w3.org/1999/xhtml" id="use_pam_wheel_for_su" system="urn:xccdf:fix:script:ansible" complexity="low" disruption="low" strategy="restrict">- name: Gather the package facts
  package_facts:
    manager: auto
  tags:
  - CCE-91336-8
  - low_complexity
  - low_disruption
  - medium_severity
  - no_reboot_needed
  - restrict_strategy
  - use_pam_wheel_for_su

- name: Restrict usage of su command only to members of wheel group
  ansible.builtin.replace:
    path: /etc/pam.d/su
    regexp: ^[\s]*#[\s]*auth[\s]+required[\s]+pam_wheel\.so[\s]+use_uid$
    replace: auth             required        pam_wheel.so use_uid
  when: '"pam" in ansible_facts.packages'
  tags:
  - CCE-91336-8
  - low_complexity
  - low_disruption
  - medium_severity
  - no_reboot_needed
  - restrict_strategy
  - use_pam_wheel_for_su
</fix>
            <check system="http://oval.mitre.org/XMLSchema/oval-definitions-5">
              <check-content-ref name="oval:ssg-use_pam_wheel_for_su:def:1" href="ssg-sle15-oval.xml"/>
            </check>
            <check system="http://scap.nist.gov/schema/ocil/2">
              <check-content-ref name="ocil:ssg-use_pam_wheel_for_su_ocil:questionnaire:1" href="ssg-sle15-ocil.xml"/>
            </check>
          </Rule>
          <Rule id="xccdf_org.ssgproject.content_rule_use_pam_wheel_group_for_su" selected="false" role="full" severity="medium">
            <title xmlns:xhtml="http://www.w3.org/1999/xhtml" xml:lang="en-US">Enforce Usage of pam_wheel with Group Parameter for su Authentication</title>
            <description xmlns:xhtml="http://www.w3.org/1999/xhtml" xml:lang="en-US">To ensure that only users who are members of the group set in the <html:code xmlns:html="http://www.w3.org/1999/xhtml">group</html:code> option of
<html:code xmlns:html="http://www.w3.org/1999/xhtml">pam_wheel.so</html:code> module can run commands with altered privileges through the <html:code xmlns:html="http://www.w3.org/1999/xhtml">su</html:code>
command, make sure that the following line exists in the file <html:code xmlns:html="http://www.w3.org/1999/xhtml">/etc/pam.d/su</html:code>:
<html:pre xmlns:html="http://www.w3.org/1999/xhtml" xmlns:xccdf-1.2="http://checklists.nist.gov/xccdf/1.2">auth required pam_wheel.so use_uid group=<xccdf-1.2:sub idref="xccdf_org.ssgproject.content_value_var_pam_wheel_group_for_su" use="legacy"/>
         </html:pre>
        </description>
            <warning xmlns:xhtml="http://www.w3.org/1999/xhtml" xml:lang="en-US" category="general">Note that <html:code xmlns:html="http://www.w3.org/1999/xhtml">ensure_pam_wheel_group_empty</html:code> rule complements this requirement by
ensuring the referenced group exists and has no members.</warning>
            <reference href="https://www.cisecurity.org/benchmark/suse_linux/">5.6</reference>
            <reference href="not_publicly_available">SLES-15-600300105</reference>
            <reference href="https://docs-prv.pcisecuritystandards.org/PCI%20DSS/Standard/PCI-DSS-v4_0.pdf">2.2.6</reference>
            <reference href="https://docs-prv.pcisecuritystandards.org/PCI%20DSS/Standard/PCI-DSS-v4_0.pdf">2.2</reference>
            <rationale xmlns:xhtml="http://www.w3.org/1999/xhtml" xml:lang="en-US">The <html:code xmlns:html="http://www.w3.org/1999/xhtml">su</html:code> program allows to run commands with a substitute user and group ID.
It is commonly used to run commands as the root user.
Limiting access to such command is considered a good security practice.</rationale>
            <platform idref="#package_pam"/>
            <ident system="https://ncp.nist.gov/cce">CCE-92522-2</ident>
            <fix xmlns:xhtml="http://www.w3.org/1999/xhtml" id="use_pam_wheel_group_for_su" system="urn:xccdf:fix:script:sh"># Remediation is applicable only in certain platforms
if rpm --quiet -q pam; then

var_pam_wheel_group_for_su='<xccdf-1.2:sub xmlns:xccdf-1.2="http://checklists.nist.gov/xccdf/1.2" idref="xccdf_org.ssgproject.content_value_var_pam_wheel_group_for_su" use="legacy"/>'


PAM_CONF=/etc/pam.d/su

pamstr=$(grep -P '^auth\s+required\s+pam_wheel\.so\s+(?=[^#]*\buse_uid\b)(?=[^#]*\bgroup=)' ${PAM_CONF})
if [ -z "$pamstr" ]; then
    sed -Ei '/^auth\b.*\brequired\b.*\bpam_wheel\.so/d' ${PAM_CONF} # remove any remaining uncommented pam_wheel.so line
    sed -Ei "/^auth\s+sufficient\s+pam_rootok\.so.*$/a auth             required        pam_wheel.so use_uid group=${var_pam_wheel_group_for_su}" ${PAM_CONF}
else
    group_val=$(echo -n "$pamstr" | grep -Eo '\bgroup=[_a-z][-0-9_a-z]*' | cut -d '=' -f 2)
    if [ -z "${group_val}" ] || [ ${group_val} != ${var_pam_wheel_group_for_su} ]; then
        sed -Ei "s/(^auth\s+required\s+pam_wheel.so\s+[^#]*group=)[_a-z][-0-9_a-z]*/\1${var_pam_wheel_group_for_su}/" ${PAM_CONF}
    fi
fi

else
    &gt;&amp;2 echo 'Remediation is not applicable, nothing was done'
fi
</fix>
            <fix xmlns:xhtml="http://www.w3.org/1999/xhtml" id="use_pam_wheel_group_for_su" system="urn:xccdf:fix:script:ansible" complexity="low" disruption="low" strategy="restrict">- name: Gather the package facts
  package_facts:
    manager: auto
  tags:
  - CCE-92522-2
  - PCI-DSSv4-2.2
  - PCI-DSSv4-2.2.6
  - low_complexity
  - low_disruption
  - medium_severity
  - no_reboot_needed
  - restrict_strategy
  - use_pam_wheel_group_for_su
- name: XCCDF Value var_pam_wheel_group_for_su # promote to variable
  set_fact:
    var_pam_wheel_group_for_su: !!str <xccdf-1.2:sub xmlns:xccdf-1.2="http://checklists.nist.gov/xccdf/1.2" idref="xccdf_org.ssgproject.content_value_var_pam_wheel_group_for_su" use="legacy"/>
  tags:
    - always

- name: Enforce Usage of pam_wheel with Group Parameter for su Authentication - Add
    the group to the /etc/pam.d/su file
  ansible.builtin.lineinfile:
    path: /etc/pam.d/su
    state: present
    regexp: ^[\s]*#[\s]*auth[\s]+required[\s]+pam_wheel\.so[\s]+use_uid group=$
    line: auth             required        pam_wheel.so use_uid group={{ var_pam_wheel_group_for_su
      }}
  when: '"pam" in ansible_facts.packages'
  tags:
  - CCE-92522-2
  - PCI-DSSv4-2.2
  - PCI-DSSv4-2.2.6
  - low_complexity
  - low_disruption
  - medium_severity
  - no_reboot_needed
  - restrict_strategy
  - use_pam_wheel_group_for_su
</fix>
            <check system="http://oval.mitre.org/XMLSchema/oval-definitions-5">
              <check-export export-name="oval:ssg-var_pam_wheel_group_for_su:var:1" value-id="xccdf_org.ssgproject.content_value_var_pam_wheel_group_for_su"/>
              <check-content-ref name="oval:ssg-use_pam_wheel_group_for_su:def:1" href="ssg-sle15-oval.xml"/>
            </check>
            <check system="http://scap.nist.gov/schema/ocil/2">
              <check-content-ref name="ocil:ssg-use_pam_wheel_group_for_su_ocil:questionnaire:1" href="ssg-sle15-ocil.xml"/>
            </check>
          </Rule>
        </Group>
      </Group>
      <Group id="xccdf_org.ssgproject.content_group_accounts-session">
        <title xmlns:xhtml="http://www.w3.org/1999/xhtml" xml:lang="en-US">Secure Session Configuration Files for Login Accounts</title>
        <description xmlns:xhtml="http://www.w3.org/1999/xhtml" xml:lang="en-US">When a user logs into a Unix account, the system
configures the user's session by reading a number of files. Many of
these files are located in the user's home directory, and may have
weak permissions as a result of user error or misconfiguration. If
an attacker can modify or even read certain types of account
configuration information, they can often gain full access to the
affected user's account. Therefore, it is important to test and
correct configuration file permissions for interactive accounts,
particularly those of privileged users such as root or system
administrators.</description>
        <Value id="xccdf_org.ssgproject.content_value_var_accounts_fail_delay" type="number">
          <title xmlns:xhtml="http://www.w3.org/1999/xhtml" xml:lang="en-US">Maximum login attempts delay</title>
          <description xmlns:xhtml="http://www.w3.org/1999/xhtml" xml:lang="en-US">Maximum time in seconds between fail login attempts before re-prompting.</description>
          <value selector="1">1</value>
          <value selector="2">2</value>
          <value selector="3">3</value>
          <value selector="4">4</value>
          <value selector="5">5</value>
          <value>4</value>
        </Value>
        <Value id="xccdf_org.ssgproject.content_value_var_accounts_max_concurrent_login_sessions" type="number">
          <title xmlns:xhtml="http://www.w3.org/1999/xhtml" xml:lang="en-US">Maximum concurrent login sessions</title>
          <description xmlns:xhtml="http://www.w3.org/1999/xhtml" xml:lang="en-US">Maximum number of concurrent sessions by a user</description>
          <value selector="1">1</value>
          <value selector="10">10</value>
          <value selector="15">15</value>
          <value selector="20">20</value>
          <value selector="3">3</value>
          <value selector="5">5</value>
          <value>1</value>
        </Value>
        <Value id="xccdf_org.ssgproject.content_value_var_accounts_tmout" type="number">
          <title xmlns:xhtml="http://www.w3.org/1999/xhtml" xml:lang="en-US">Account Inactivity Timeout (seconds)</title>
          <description xmlns:xhtml="http://www.w3.org/1999/xhtml" xml:lang="en-US">In an interactive shell, the value is interpreted as the
number of seconds to wait for input after issuing the primary prompt.
Bash terminates after waiting for that number of seconds if input does
not arrive.</description>
          <value selector="30_min">1800</value>
          <value selector="10_min">600</value>
          <value selector="15_min">900</value>
          <value selector="5_min">300</value>
          <value>600</value>
        </Value>
        <Value id="xccdf_org.ssgproject.content_value_var_user_initialization_files_regex" type="string">
          <title xmlns:xhtml="http://www.w3.org/1999/xhtml" xml:lang="en-US">Interactive users initialization files</title>
          <description xmlns:xhtml="http://www.w3.org/1999/xhtml" xml:lang="en-US">'A regular expression describing a list of file names
for files that are sourced at login time for interactive users'</description>
          <value>^(\.bashrc|\.zshrc|\.cshrc|\.profile|\.bash_login|\.bash_profile)$</value>
          <value selector="all_dotfiles">^\.[\w\- ]+$</value>
        </Value>
        <Rule id="xccdf_org.ssgproject.content_rule_accounts_have_homedir_login_defs" selected="false" role="full" severity="medium">
          <title xmlns:xhtml="http://www.w3.org/1999/xhtml" xml:lang="en-US">Ensure Home Directories are Created for New Users</title>
          <description xmlns:xhtml="http://www.w3.org/1999/xhtml" xml:lang="en-US">All local interactive user accounts, upon creation, should be assigned a home directory.
<html:br xmlns:html="http://www.w3.org/1999/xhtml"/>
        <html:br xmlns:html="http://www.w3.org/1999/xhtml"/>
Configure the operating system to assign home directories to all new local interactive users by setting the <html:code xmlns:html="http://www.w3.org/1999/xhtml">CREATE_HOME</html:code>
parameter in <html:code xmlns:html="http://www.w3.org/1999/xhtml">/etc/login.defs</html:code> to <html:code xmlns:html="http://www.w3.org/1999/xhtml">yes</html:code> as follows:
<html:br xmlns:html="http://www.w3.org/1999/xhtml"/>
        <html:br xmlns:html="http://www.w3.org/1999/xhtml"/>
        <html:pre xmlns:html="http://www.w3.org/1999/xhtml">CREATE_HOME yes</html:pre>
       </description>
          <reference href="https://www.cyber.mil/stigs/downloads/?_dl_facet_stigs=operating-systems%2Cgeneral-purpose-os">SRG-OS-000480-GPOS-00227</reference>
          <reference href="https://www.cyber.mil/stigs/downloads/?_dl_facet_stigs=operating-systems%2Cunix-linux">SLES-15-020110</reference>
          <reference href="not_publicly_available">SLES-15-600600270</reference>
          <reference href="https://www.cyber.mil/stigs/srg-stig-tools/">SV-234880r991589_rule</reference>
          <rationale xmlns:xhtml="http://www.w3.org/1999/xhtml" xml:lang="en-US">If local interactive users are not assigned a valid home directory, there is no place
for the storage and control of files they should own.</rationale>
          <platform idref="#package_shadow-utils_and_system_with_kernel"/>
          <ident system="https://ncp.nist.gov/cce">CCE-85562-7</ident>
          <fix xmlns:xhtml="http://www.w3.org/1999/xhtml" id="accounts_have_homedir_login_defs" system="urn:xccdf:fix:script:sh"># Remediation is applicable only in certain platforms
if ( rpm --quiet -q shadow &amp;&amp; rpm --quiet -q kernel-default || rpm --quiet -q kernel-default-base ); then

if [ -e "/etc/login.defs" ] ; then
    
    LC_ALL=C sed -i "/^\s*CREATE_HOME\s\+/Id" "/etc/login.defs"
else
    touch "/etc/login.defs"
fi
# make sure file has newline at the end
sed -i -e '$a\' "/etc/login.defs"

cp "/etc/login.defs" "/etc/login.defs.bak"
# Insert before the line matching the regex '^\s*CREATE_HOME'.
line_number="$(LC_ALL=C grep -n "^\s*CREATE_HOME" "/etc/login.defs.bak" | LC_ALL=C sed 's/:.*//g')"
if [ -z "$line_number" ]; then
    # There was no match of '^\s*CREATE_HOME', insert at
    # the end of the file.
    printf '%s\n' "CREATE_HOME yes" &gt;&gt; "/etc/login.defs"
else
    head -n "$(( line_number - 1 ))" "/etc/login.defs.bak" &gt; "/etc/login.defs"
    printf '%s\n' "CREATE_HOME yes" &gt;&gt; "/etc/login.defs"
    tail -n "+$(( line_number ))" "/etc/login.defs.bak" &gt;&gt; "/etc/login.defs"
fi
# Clean up after ourselves.
rm "/etc/login.defs.bak"

else
    &gt;&amp;2 echo 'Remediation is not applicable, nothing was done'
fi
</fix>
          <fix xmlns:xhtml="http://www.w3.org/1999/xhtml" id="accounts_have_homedir_login_defs" system="urn:xccdf:fix:script:ansible" complexity="low" disruption="low" strategy="restrict">- name: Gather the package facts
  package_facts:
    manager: auto
  tags:
  - CCE-85562-7
  - DISA-STIG-SLES-15-020110
  - accounts_have_homedir_login_defs
  - low_complexity
  - low_disruption
  - medium_severity
  - no_reboot_needed
  - restrict_strategy

- name: Ensure new users receive home directories
  block:

  - name: Check for duplicate values
    ansible.builtin.lineinfile:
      path: /etc/login.defs
      create: true
      regexp: (?i)^\s*CREATE_HOME\s+
      state: absent
    check_mode: true
    changed_when: false
    register: dupes

  - name: Deduplicate values from /etc/login.defs
    ansible.builtin.lineinfile:
      path: /etc/login.defs
      create: true
      regexp: (?i)^\s*CREATE_HOME\s+
      state: absent
    when: dupes.found is defined and dupes.found &gt; 1

  - name: Insert correct line to /etc/login.defs
    ansible.builtin.lineinfile:
      path: /etc/login.defs
      create: true
      regexp: (?i)^\s*CREATE_HOME\s+
      line: CREATE_HOME yes
      state: present
  when: ( "shadow" in ansible_facts.packages and ("kernel-default" in ansible_facts.packages
    or "kernel-default-base" in ansible_facts.packages) )
  tags:
  - CCE-85562-7
  - DISA-STIG-SLES-15-020110
  - accounts_have_homedir_login_defs
  - low_complexity
  - low_disruption
  - medium_severity
  - no_reboot_needed
  - restrict_strategy
</fix>
          <check system="http://oval.mitre.org/XMLSchema/oval-definitions-5">
            <check-content-ref name="oval:ssg-accounts_have_homedir_login_defs:def:1" href="ssg-sle15-oval.xml"/>
          </check>
          <check system="http://scap.nist.gov/schema/ocil/2">
            <check-content-ref name="ocil:ssg-accounts_have_homedir_login_defs_ocil:questionnaire:1" href="ssg-sle15-ocil.xml"/>
          </check>
        </Rule>
        <Rule id="xccdf_org.ssgproject.content_rule_accounts_logon_fail_delay" selected="false" role="full" severity="medium">
          <title xmlns:xhtml="http://www.w3.org/1999/xhtml" xml:lang="en-US">Ensure the Logon Failure Delay is Set Correctly in login.defs</title>
          <description xmlns:xhtml="http://www.w3.org/1999/xhtml" xml:lang="en-US">To ensure the logon failure delay controlled by <html:code xmlns:html="http://www.w3.org/1999/xhtml">/etc/login.defs</html:code> is set properly,
add or correct the <html:code xmlns:html="http://www.w3.org/1999/xhtml">FAIL_DELAY</html:code> setting in <html:code xmlns:html="http://www.w3.org/1999/xhtml">/etc/login.defs</html:code> to read as follows:
<html:pre xmlns:html="http://www.w3.org/1999/xhtml" xmlns:xccdf-1.2="http://checklists.nist.gov/xccdf/1.2">FAIL_DELAY <xccdf-1.2:sub idref="xccdf_org.ssgproject.content_value_var_accounts_fail_delay" use="legacy"/>
        </html:pre>
       </description>
          <reference href="https://www.cisecurity.org/controls/">11</reference>
          <reference href="https://www.cisecurity.org/controls/">3</reference>
          <reference href="https://www.cisecurity.org/controls/">9</reference>
          <reference href="https://www.isaca.org/resources/cobit">BAI10.01</reference>
          <reference href="https://www.isaca.org/resources/cobit">BAI10.02</reference>
          <reference href="https://www.isaca.org/resources/cobit">BAI10.03</reference>
          <reference href="https://www.isaca.org/resources/cobit">BAI10.05</reference>
          <reference href="https://www.isa.org/products/isa-62443-2-1-2009-security-for-industrial-automat">4.3.4.3.2</reference>
          <reference href="https://www.isa.org/products/isa-62443-2-1-2009-security-for-industrial-automat">4.3.4.3.3</reference>
          <reference href="https://www.isa.org/products/ansi-isa-62443-3-3-99-03-03-2013-security-for-indu">SR 7.6</reference>
          <reference href="https://www.iso.org/contents/data/standard/05/45/54534.html">A.12.1.2</reference>
          <reference href="https://www.iso.org/contents/data/standard/05/45/54534.html">A.12.5.1</reference>
          <reference href="https://www.iso.org/contents/data/standard/05/45/54534.html">A.12.6.2</reference>
          <reference href="https://www.iso.org/contents/data/standard/05/45/54534.html">A.14.2.2</reference>
          <reference href="https://www.iso.org/contents/data/standard/05/45/54534.html">A.14.2.3</reference>
          <reference href="https://www.iso.org/contents/data/standard/05/45/54534.html">A.14.2.4</reference>
          <reference href="http://nvlpubs.nist.gov/nistpubs/SpecialPublications/NIST.SP.800-53r4.pdf">AC-7(b)</reference>
          <reference href="http://nvlpubs.nist.gov/nistpubs/SpecialPublications/NIST.SP.800-53r4.pdf">CM-6(a)</reference>
          <reference href="https://nvlpubs.nist.gov/nistpubs/CSWP/NIST.CSWP.04162018.pdf">PR.IP-1</reference>
          <reference href="https://www.cyber.mil/stigs/downloads/?_dl_facet_stigs=operating-systems%2Cgeneral-purpose-os">SRG-OS-000480-GPOS-00226</reference>
          <rationale xmlns:xhtml="http://www.w3.org/1999/xhtml" xml:lang="en-US">Increasing the time between a failed authentication attempt and re-prompting to
enter credentials helps to slow a single-threaded brute force attack.</rationale>
          <platform idref="#package_shadow-utils_and_system_with_kernel"/>
          <fix xmlns:xhtml="http://www.w3.org/1999/xhtml" id="accounts_logon_fail_delay" system="urn:xccdf:fix:script:sh"># Remediation is applicable only in certain platforms
if ( rpm --quiet -q shadow &amp;&amp; rpm --quiet -q kernel-default || rpm --quiet -q kernel-default-base ); then

var_accounts_fail_delay='<xccdf-1.2:sub xmlns:xccdf-1.2="http://checklists.nist.gov/xccdf/1.2" idref="xccdf_org.ssgproject.content_value_var_accounts_fail_delay" use="legacy"/>'


# Strip any search characters in the key arg so that the key can be replaced without
# adding any search characters to the config file.
stripped_key=$(sed 's/[\^=\$,;+]*//g' &lt;&lt;&lt; "^FAIL_DELAY")

# shellcheck disable=SC2059
printf -v formatted_output "%s %s" "$stripped_key" "$var_accounts_fail_delay"

# If the key exists, change it. Otherwise, add it to the config_file.
# We search for the key string followed by a word boundary (matched by \&gt;),
# so if we search for 'setting', 'setting2' won't match.
if LC_ALL=C grep -q -m 1 -i -e "^FAIL_DELAY\\&gt;" "/etc/login.defs"; then
    escaped_formatted_output=$(sed -e 's|/|\\/|g' &lt;&lt;&lt; "$formatted_output")
    LC_ALL=C sed -i --follow-symlinks "s/^FAIL_DELAY\\&gt;.*/$escaped_formatted_output/gi" "/etc/login.defs"
else
    if [[ -s "/etc/login.defs" ]] &amp;&amp; [[ -n "$(tail -c 1 -- "/etc/login.defs" || true)" ]]; then
        LC_ALL=C sed -i --follow-symlinks '$a'\\ "/etc/login.defs"
    fi
    printf '%s\n' "$formatted_output" &gt;&gt; "/etc/login.defs"
fi

else
    &gt;&amp;2 echo 'Remediation is not applicable, nothing was done'
fi
</fix>
          <fix xmlns:xhtml="http://www.w3.org/1999/xhtml" id="accounts_logon_fail_delay" system="urn:xccdf:fix:script:ansible" reboot="true" complexity="low" disruption="low" strategy="restrict">- name: Gather the package facts
  package_facts:
    manager: auto
  tags:
  - NIST-800-53-AC-7(b)
  - NIST-800-53-CM-6(a)
  - accounts_logon_fail_delay
  - low_complexity
  - low_disruption
  - medium_severity
  - reboot_required
  - restrict_strategy
- name: XCCDF Value var_accounts_fail_delay # promote to variable
  set_fact:
    var_accounts_fail_delay: !!str <xccdf-1.2:sub xmlns:xccdf-1.2="http://checklists.nist.gov/xccdf/1.2" idref="xccdf_org.ssgproject.content_value_var_accounts_fail_delay" use="legacy"/>
  tags:
    - always

- name: Set accounts logon fail delay
  ansible.builtin.lineinfile:
    dest: /etc/login.defs
    regexp: ^FAIL_DELAY
    line: FAIL_DELAY {{ var_accounts_fail_delay }}
    create: true
  when: ( "shadow" in ansible_facts.packages and ("kernel-default" in ansible_facts.packages
    or "kernel-default-base" in ansible_facts.packages) )
  tags:
  - NIST-800-53-AC-7(b)
  - NIST-800-53-CM-6(a)
  - accounts_logon_fail_delay
  - low_complexity
  - low_disruption
  - medium_severity
  - reboot_required
  - restrict_strategy
</fix>
          <check system="http://oval.mitre.org/XMLSchema/oval-definitions-5">
            <check-export export-name="oval:ssg-var_accounts_fail_delay:var:1" value-id="xccdf_org.ssgproject.content_value_var_accounts_fail_delay"/>
            <check-content-ref name="oval:ssg-accounts_logon_fail_delay:def:1" href="ssg-sle15-oval.xml"/>
          </check>
          <check system="http://scap.nist.gov/schema/ocil/2">
            <check-content-ref name="ocil:ssg-accounts_logon_fail_delay_ocil:questionnaire:1" href="ssg-sle15-ocil.xml"/>
          </check>
        </Rule>
        <Rule id="xccdf_org.ssgproject.content_rule_accounts_max_concurrent_login_sessions" selected="false" role="full" severity="low">
          <title xmlns:xhtml="http://www.w3.org/1999/xhtml" xml:lang="en-US">Limit the Number of Concurrent Login Sessions Allowed Per User</title>
          <description xmlns:xhtml="http://www.w3.org/1999/xhtml" xml:lang="en-US">Limiting the number of allowed users and sessions per user can limit risks related to Denial of
Service attacks. This addresses concurrent sessions for a single account and does not address
concurrent sessions by a single user via multiple accounts. To set the number of concurrent
sessions per user add the following line in <html:code xmlns:html="http://www.w3.org/1999/xhtml">/etc/security/limits.conf</html:code> or
a file under <html:code xmlns:html="http://www.w3.org/1999/xhtml">/etc/security/limits.d/</html:code>:
<html:pre xmlns:html="http://www.w3.org/1999/xhtml" xmlns:xccdf-1.2="http://checklists.nist.gov/xccdf/1.2">* hard maxlogins <xccdf-1.2:sub idref="xccdf_org.ssgproject.content_value_var_accounts_max_concurrent_login_sessions" use="legacy"/>
        </html:pre>
       </description>
          <reference href="https://www.cisecurity.org/controls/">14</reference>
          <reference href="https://www.cisecurity.org/controls/">15</reference>
          <reference href="https://www.cisecurity.org/controls/">18</reference>
          <reference href="https://www.cisecurity.org/controls/">9</reference>
          <reference href="https://www.fbi.gov/file-repository/cjis-security-policy-v5_5_20160601-2-1.pdf">5.5.2.2</reference>
          <reference href="https://www.isaca.org/resources/cobit">DSS01.05</reference>
          <reference href="https://www.isaca.org/resources/cobit">DSS05.02</reference>
          <reference href="https://www.isa.org/products/isa-62443-2-1-2009-security-for-industrial-automat">4.3.3.4</reference>
          <reference href="https://www.isa.org/products/ansi-isa-62443-3-3-99-03-03-2013-security-for-indu">SR 3.1</reference>
          <reference href="https://www.isa.org/products/ansi-isa-62443-3-3-99-03-03-2013-security-for-indu">SR 3.8</reference>
          <reference href="https://www.iso.org/contents/data/standard/05/45/54534.html">A.13.1.1</reference>
          <reference href="https://www.iso.org/contents/data/standard/05/45/54534.html">A.13.1.3</reference>
          <reference href="https://www.iso.org/contents/data/standard/05/45/54534.html">A.13.2.1</reference>
          <reference href="https://www.iso.org/contents/data/standard/05/45/54534.html">A.14.1.2</reference>
          <reference href="https://www.iso.org/contents/data/standard/05/45/54534.html">A.14.1.3</reference>
          <reference href="https://www.nerc.com/standards/reliability-standards/cip">CIP-007-3 R5.1</reference>
          <reference href="https://www.nerc.com/standards/reliability-standards/cip">CIP-007-3 R5.1.2</reference>
          <reference href="http://nvlpubs.nist.gov/nistpubs/SpecialPublications/NIST.SP.800-53r4.pdf">AC-10</reference>
          <reference href="http://nvlpubs.nist.gov/nistpubs/SpecialPublications/NIST.SP.800-53r4.pdf">CM-6(a)</reference>
          <reference href="https://nvlpubs.nist.gov/nistpubs/CSWP/NIST.CSWP.04162018.pdf">PR.AC-5</reference>
          <reference href="https://www.cyber.mil/stigs/downloads/?_dl_facet_stigs=operating-systems%2Cgeneral-purpose-os">SRG-OS-000027-GPOS-00008</reference>
          <reference href="https://www.cyber.mil/stigs/downloads/?_dl_facet_stigs=operating-systems%2Cunix-linux">SLES-15-020020</reference>
          <reference href="not_publicly_available">SLES-15-600600285</reference>
          <reference href="https://www.cyber.mil/stigs/srg-stig-tools/">SV-234868r958398_rule</reference>
          <rationale xmlns:xhtml="http://www.w3.org/1999/xhtml" xml:lang="en-US">Limiting simultaneous user logins can insulate the system from denial of service
problems caused by excessive logins. Automated login processes operating improperly or
maliciously may result in an exceptional number of simultaneous login sessions.</rationale>
          <platform idref="#package_pam_and_system_with_kernel"/>
          <ident system="https://ncp.nist.gov/cce">CCE-85555-1</ident>
          <fix xmlns:xhtml="http://www.w3.org/1999/xhtml" id="accounts_max_concurrent_login_sessions" system="urn:xccdf:fix:script:sh"># Remediation is applicable only in certain platforms
if ( rpm --quiet -q pam &amp;&amp; rpm --quiet -q kernel-default || rpm --quiet -q kernel-default-base ); then

var_accounts_max_concurrent_login_sessions='<xccdf-1.2:sub xmlns:xccdf-1.2="http://checklists.nist.gov/xccdf/1.2" idref="xccdf_org.ssgproject.content_value_var_accounts_max_concurrent_login_sessions" use="legacy"/>'


if grep -q '^[^#]*\&lt;maxlogins\&gt;' /etc/security/limits.d/*.conf; then
	sed -i "/^[^#]*\&lt;maxlogins\&gt;/ s/maxlogins.*/maxlogins $var_accounts_max_concurrent_login_sessions/" /etc/security/limits.d/*.conf
elif grep -q '^[^#]*\&lt;maxlogins\&gt;' /etc/security/limits.conf; then
	sed -i "/^[^#]*\&lt;maxlogins\&gt;/ s/maxlogins.*/maxlogins $var_accounts_max_concurrent_login_sessions/" /etc/security/limits.conf
else
	echo "*	hard	maxlogins	$var_accounts_max_concurrent_login_sessions" &gt;&gt; /etc/security/limits.conf
fi

else
    &gt;&amp;2 echo 'Remediation is not applicable, nothing was done'
fi
</fix>
          <fix xmlns:xhtml="http://www.w3.org/1999/xhtml" id="accounts_max_concurrent_login_sessions" system="urn:xccdf:fix:script:ansible" complexity="low" disruption="low" strategy="restrict">- name: Gather the package facts
  package_facts:
    manager: auto
  tags:
  - CCE-85555-1
  - CJIS-5.5.2.2
  - DISA-STIG-SLES-15-020020
  - NIST-800-53-AC-10
  - NIST-800-53-CM-6(a)
  - accounts_max_concurrent_login_sessions
  - low_complexity
  - low_disruption
  - low_severity
  - no_reboot_needed
  - restrict_strategy
- name: XCCDF Value var_accounts_max_concurrent_login_sessions # promote to variable
  set_fact:
    var_accounts_max_concurrent_login_sessions: !!str <xccdf-1.2:sub xmlns:xccdf-1.2="http://checklists.nist.gov/xccdf/1.2" idref="xccdf_org.ssgproject.content_value_var_accounts_max_concurrent_login_sessions" use="legacy"/>
  tags:
    - always

- name: Find /etc/security/limits.d files containing maxlogins configuration
  ansible.builtin.find:
    paths: /etc/security/limits.d
    contains: ^[\s]*\*[\s]+(?:(?:hard)|(?:-))[\s]+maxlogins
    patterns: '*.conf'
  register: maxlogins
  when: ( "pam" in ansible_facts.packages and ("kernel-default" in ansible_facts.packages
    or "kernel-default-base" in ansible_facts.packages) )
  tags:
  - CCE-85555-1
  - CJIS-5.5.2.2
  - DISA-STIG-SLES-15-020020
  - NIST-800-53-AC-10
  - NIST-800-53-CM-6(a)
  - accounts_max_concurrent_login_sessions
  - low_complexity
  - low_disruption
  - low_severity
  - no_reboot_needed
  - restrict_strategy

- name: Limit the Number of Concurrent Login Sessions Allowed Per User in files from
    limits.d
  ansible.builtin.replace:
    dest: '{{ item.path }}'
    regexp: ^#?\*.*maxlogins.*
    replace: '*          hard    maxlogins     {{ var_accounts_max_concurrent_login_sessions
      }}'
  with_items:
  - '{{ maxlogins.files }}'
  when: ( "pam" in ansible_facts.packages and ("kernel-default" in ansible_facts.packages
    or "kernel-default-base" in ansible_facts.packages) )
  tags:
  - CCE-85555-1
  - CJIS-5.5.2.2
  - DISA-STIG-SLES-15-020020
  - NIST-800-53-AC-10
  - NIST-800-53-CM-6(a)
  - accounts_max_concurrent_login_sessions
  - low_complexity
  - low_disruption
  - low_severity
  - no_reboot_needed
  - restrict_strategy

- name: Limit the Number of Concurrent Login Sessions Allowed Per User
  ansible.builtin.lineinfile:
    state: present
    dest: /etc/security/limits.conf
    insertbefore: ^# End of file
    regexp: ^#?\*.*maxlogins
    line: '*          hard    maxlogins     {{ var_accounts_max_concurrent_login_sessions
      }}'
    create: true
  when:
  - ( "pam" in ansible_facts.packages and ("kernel-default" in ansible_facts.packages
    or "kernel-default-base" in ansible_facts.packages) )
  - maxlogins.matched == 0
  tags:
  - CCE-85555-1
  - CJIS-5.5.2.2
  - DISA-STIG-SLES-15-020020
  - NIST-800-53-AC-10
  - NIST-800-53-CM-6(a)
  - accounts_max_concurrent_login_sessions
  - low_complexity
  - low_disruption
  - low_severity
  - no_reboot_needed
  - restrict_strategy
</fix>
          <check system="http://oval.mitre.org/XMLSchema/oval-definitions-5">
            <check-export export-name="oval:ssg-var_accounts_max_concurrent_login_sessions:var:1" value-id="xccdf_org.ssgproject.content_value_var_accounts_max_concurrent_login_sessions"/>
            <check-content-ref name="oval:ssg-accounts_max_concurrent_login_sessions:def:1" href="ssg-sle15-oval.xml"/>
          </check>
          <check system="http://scap.nist.gov/schema/ocil/2">
            <check-content-ref name="ocil:ssg-accounts_max_concurrent_login_sessions_ocil:questionnaire:1" href="ssg-sle15-ocil.xml"/>
          </check>
        </Rule>
        <Rule id="xccdf_org.ssgproject.content_rule_accounts_polyinstantiated_tmp" selected="false" role="full" severity="low">
          <title xmlns:xhtml="http://www.w3.org/1999/xhtml" xml:lang="en-US">Configure Polyinstantiation of /tmp Directories</title>
          <description xmlns:xhtml="http://www.w3.org/1999/xhtml" xml:lang="en-US">To configure polyinstantiated /tmp directories, first create the parent directories
which will hold the polyinstantiation child directories. Use the following command:
<html:pre xmlns:html="http://www.w3.org/1999/xhtml">$ sudo mkdir --mode 000 /tmp/tmp-inst</html:pre>
Then, add the following entry to <html:code xmlns:html="http://www.w3.org/1999/xhtml">/etc/security/namespace.conf</html:code>:
<html:pre xmlns:html="http://www.w3.org/1999/xhtml">/tmp     /tmp/tmp-inst/            level      root,adm</html:pre>
       </description>
          <reference href="https://cyber.gouv.fr/sites/default/files/document/linux_configuration-en-v2.pdf">R55</reference>
          <rationale xmlns:xhtml="http://www.w3.org/1999/xhtml" xml:lang="en-US">Polyinstantiation of temporary directories is a proactive security measure
which reduces chances of attacks that are made possible by /tmp
directories being world-writable.</rationale>
          <platform idref="#system_with_kernel"/>
          <ident system="https://ncp.nist.gov/cce">CCE-91197-4</ident>
          <fix xmlns:xhtml="http://www.w3.org/1999/xhtml" id="accounts_polyinstantiated_tmp" system="urn:xccdf:fix:script:sh"># Remediation is applicable only in certain platforms
if rpm --quiet -q kernel-default || rpm --quiet -q kernel-default-base; then

# shellcheck disable=SC2174
mkdir -p --mode 000 /tmp/tmp-inst
chmod 000 /tmp/tmp-inst
chcon --reference=/tmp /tmp/tmp-inst

if ! grep -Eq '^\s*/tmp\s+/tmp/tmp-inst/\s+level\s+root,adm$' /etc/security/namespace.conf ; then
    if grep -Eq '^\s*/tmp\s+' /etc/security/namespace.conf ; then
        sed -i '/^\s*\/tmp/d' /etc/security/namespace.conf
    fi
    echo "/tmp     /tmp/tmp-inst/        level      root,adm" &gt;&gt; /etc/security/namespace.conf
fi

else
    &gt;&amp;2 echo 'Remediation is not applicable, nothing was done'
fi
</fix>
          <fix xmlns:xhtml="http://www.w3.org/1999/xhtml" id="accounts_polyinstantiated_tmp" system="urn:xccdf:fix:script:ansible" complexity="low" disruption="low" strategy="restrict">- name: Gather the package facts
  package_facts:
    manager: auto
  tags:
  - CCE-91197-4
  - accounts_polyinstantiated_tmp
  - low_complexity
  - low_disruption
  - low_severity
  - no_reboot_needed
  - restrict_strategy

- name: Create /tmp/tmp-inst directory
  ansible.builtin.file:
    path: /tmp/tmp-inst
    state: directory
    mode: '000'
    seuser: system_u
    serole: object_r
    setype: tmp_t
  when: ("kernel-default" in ansible_facts.packages or "kernel-default-base" in ansible_facts.packages)
  tags:
  - CCE-91197-4
  - accounts_polyinstantiated_tmp
  - low_complexity
  - low_disruption
  - low_severity
  - no_reboot_needed
  - restrict_strategy

- name: Make changes to /etc/security/namespace.conf
  ansible.builtin.lineinfile:
    path: /etc/security/namespace.conf
    create: false
    regexp: ^\s*/tmp\s+/tmp/tmp-inst/\s+level\s+root,adm$
    line: /tmp     /tmp/tmp-inst/        level      root,adm
    state: present
  when: ("kernel-default" in ansible_facts.packages or "kernel-default-base" in ansible_facts.packages)
  tags:
  - CCE-91197-4
  - accounts_polyinstantiated_tmp
  - low_complexity
  - low_disruption
  - low_severity
  - no_reboot_needed
  - restrict_strategy
</fix>
          <check system="http://oval.mitre.org/XMLSchema/oval-definitions-5">
            <check-content-ref name="oval:ssg-accounts_polyinstantiated_tmp:def:1" href="ssg-sle15-oval.xml"/>
          </check>
          <check system="http://scap.nist.gov/schema/ocil/2">
            <check-content-ref name="ocil:ssg-accounts_polyinstantiated_tmp_ocil:questionnaire:1" href="ssg-sle15-ocil.xml"/>
          </check>
        </Rule>
        <Rule id="xccdf_org.ssgproject.content_rule_accounts_polyinstantiated_var_tmp" selected="false" role="full" severity="low">
          <title xmlns:xhtml="http://www.w3.org/1999/xhtml" xml:lang="en-US">Configure Polyinstantiation of /var/tmp Directories</title>
          <description xmlns:xhtml="http://www.w3.org/1999/xhtml" xml:lang="en-US">To configure polyinstantiated /tmp directories, first create the parent directories
which will hold the polyinstantiation child directories. Use the following command:
<html:pre xmlns:html="http://www.w3.org/1999/xhtml">$ sudo mkdir --mode 000 /var/tmp/tmp-inst</html:pre>
Then, add the following entry to <html:code xmlns:html="http://www.w3.org/1999/xhtml">/etc/security/namespace.conf</html:code>:
<html:pre xmlns:html="http://www.w3.org/1999/xhtml">/var/tmp /var/tmp/tmp-inst/    level      root,adm</html:pre>
       </description>
          <reference href="https://cyber.gouv.fr/sites/default/files/document/linux_configuration-en-v2.pdf">R55</reference>
          <rationale xmlns:xhtml="http://www.w3.org/1999/xhtml" xml:lang="en-US">Polyinstantiation of temporary directories is a proactive security measure
which reduces chances of attacks that are made possible by /var/tmp
directories being world-writable.</rationale>
          <platform idref="#system_with_kernel"/>
          <ident system="https://ncp.nist.gov/cce">CCE-91198-2</ident>
          <fix xmlns:xhtml="http://www.w3.org/1999/xhtml" id="accounts_polyinstantiated_var_tmp" system="urn:xccdf:fix:script:sh"># Remediation is applicable only in certain platforms
if rpm --quiet -q kernel-default || rpm --quiet -q kernel-default-base; then

# shellcheck disable=SC2174
mkdir -p --mode 000 /var/tmp/tmp-inst
chmod 000 /var/tmp/tmp-inst
chcon --reference=/var/tmp /var/tmp/tmp-inst

if ! grep -Eq '^\s*/var/tmp\s+/var/tmp/tmp-inst/\s+level\s+root,adm$' /etc/security/namespace.conf ; then
    if grep -Eq '^\s*/var/tmp\s+' /etc/security/namespace.conf ; then
        sed -i '/^\s*\/var\/tmp/d' /etc/security/namespace.conf
    fi
    echo "/var/tmp /var/tmp/tmp-inst/    level      root,adm" &gt;&gt; /etc/security/namespace.conf
fi

else
    &gt;&amp;2 echo 'Remediation is not applicable, nothing was done'
fi
</fix>
          <fix xmlns:xhtml="http://www.w3.org/1999/xhtml" id="accounts_polyinstantiated_var_tmp" system="urn:xccdf:fix:script:ansible" complexity="low" disruption="low" strategy="restrict">- name: Gather the package facts
  package_facts:
    manager: auto
  tags:
  - CCE-91198-2
  - accounts_polyinstantiated_var_tmp
  - low_complexity
  - low_disruption
  - low_severity
  - no_reboot_needed
  - restrict_strategy

- name: Create /var/tmp/tmp-inst directory
  ansible.builtin.file:
    path: /var/tmp/tmp-inst
    state: directory
    mode: '000'
    seuser: system_u
    serole: object_r
    setype: tmp_t
  when: ("kernel-default" in ansible_facts.packages or "kernel-default-base" in ansible_facts.packages)
  tags:
  - CCE-91198-2
  - accounts_polyinstantiated_var_tmp
  - low_complexity
  - low_disruption
  - low_severity
  - no_reboot_needed
  - restrict_strategy

- name: Make changes to /etc/security/namespace.conf
  ansible.builtin.lineinfile:
    path: /etc/security/namespace.conf
    create: false
    regexp: ^\s*/var/tmp\s+/var/tmp/tmp-inst/\s+level\s+root,adm$
    line: /var/tmp /var/tmp/tmp-inst/    level      root,adm
    state: present
  when: ("kernel-default" in ansible_facts.packages or "kernel-default-base" in ansible_facts.packages)
  tags:
  - CCE-91198-2
  - accounts_polyinstantiated_var_tmp
  - low_complexity
  - low_disruption
  - low_severity
  - no_reboot_needed
  - restrict_strategy
</fix>
          <check system="http://oval.mitre.org/XMLSchema/oval-definitions-5">
            <check-content-ref name="oval:ssg-accounts_polyinstantiated_var_tmp:def:1" href="ssg-sle15-oval.xml"/>
          </check>
          <check system="http://scap.nist.gov/schema/ocil/2">
            <check-content-ref name="ocil:ssg-accounts_polyinstantiated_var_tmp_ocil:questionnaire:1" href="ssg-sle15-ocil.xml"/>
          </check>
        </Rule>
        <Rule id="xccdf_org.ssgproject.content_rule_accounts_tmout" selected="false" role="full" severity="medium">
          <title xmlns:xhtml="http://www.w3.org/1999/xhtml" xml:lang="en-US">Set Interactive Session Timeout</title>
          <description xmlns:xhtml="http://www.w3.org/1999/xhtml" xml:lang="en-US">Setting the <html:code xmlns:html="http://www.w3.org/1999/xhtml">TMOUT</html:code> option in <html:code xmlns:html="http://www.w3.org/1999/xhtml">/etc/profile</html:code> ensures that
all user sessions will terminate based on inactivity. A value of <html:code xmlns:html="http://www.w3.org/1999/xhtml">0</html:code> (zero)
disables the automatic logout feature and is therefore not a compliant setting.
The value of TMOUT should be a positive integer, exported, and read only.
The <html:code xmlns:html="http://www.w3.org/1999/xhtml">TMOUT</html:code>

setting in <html:code xmlns:html="http://www.w3.org/1999/xhtml">/etc/profile.d/autologout.sh</html:code> should read as follows:
<html:pre xmlns:html="http://www.w3.org/1999/xhtml" xmlns:xccdf-1.2="http://checklists.nist.gov/xccdf/1.2">TMOUT=<xccdf-1.2:sub idref="xccdf_org.ssgproject.content_value_var_accounts_tmout" use="legacy"/>
        </html:pre>
readonly TMOUT
export TMOUT</description>
          <reference href="https://www.cisecurity.org/controls/">1</reference>
          <reference href="https://www.cisecurity.org/controls/">12</reference>
          <reference href="https://www.cisecurity.org/controls/">15</reference>
          <reference href="https://www.cisecurity.org/controls/">16</reference>
          <reference href="https://www.isaca.org/resources/cobit">DSS05.04</reference>
          <reference href="https://www.isaca.org/resources/cobit">DSS05.10</reference>
          <reference href="https://www.isaca.org/resources/cobit">DSS06.10</reference>
          <reference href="http://nvlpubs.nist.gov/nistpubs/SpecialPublications/NIST.SP.800-171.pdf">3.1.11</reference>
          <reference href="https://www.isa.org/products/isa-62443-2-1-2009-security-for-industrial-automat">4.3.3.6.1</reference>
          <reference href="https://www.isa.org/products/isa-62443-2-1-2009-security-for-industrial-automat">4.3.3.6.2</reference>
          <reference href="https://www.isa.org/products/isa-62443-2-1-2009-security-for-industrial-automat">4.3.3.6.3</reference>
          <reference href="https://www.isa.org/products/isa-62443-2-1-2009-security-for-industrial-automat">4.3.3.6.4</reference>
          <reference href="https://www.isa.org/products/isa-62443-2-1-2009-security-for-industrial-automat">4.3.3.6.5</reference>
          <reference href="https://www.isa.org/products/isa-62443-2-1-2009-security-for-industrial-automat">4.3.3.6.6</reference>
          <reference href="https://www.isa.org/products/isa-62443-2-1-2009-security-for-industrial-automat">4.3.3.6.7</reference>
          <reference href="https://www.isa.org/products/isa-62443-2-1-2009-security-for-industrial-automat">4.3.3.6.8</reference>
          <reference href="https://www.isa.org/products/isa-62443-2-1-2009-security-for-industrial-automat">4.3.3.6.9</reference>
          <reference href="https://www.isa.org/products/ansi-isa-62443-3-3-99-03-03-2013-security-for-indu">SR 1.1</reference>
          <reference href="https://www.isa.org/products/ansi-isa-62443-3-3-99-03-03-2013-security-for-indu">SR 1.10</reference>
          <reference href="https://www.isa.org/products/ansi-isa-62443-3-3-99-03-03-2013-security-for-indu">SR 1.2</reference>
          <reference href="https://www.isa.org/products/ansi-isa-62443-3-3-99-03-03-2013-security-for-indu">SR 1.5</reference>
          <reference href="https://www.isa.org/products/ansi-isa-62443-3-3-99-03-03-2013-security-for-indu">SR 1.7</reference>
          <reference href="https://www.isa.org/products/ansi-isa-62443-3-3-99-03-03-2013-security-for-indu">SR 1.8</reference>
          <reference href="https://www.isa.org/products/ansi-isa-62443-3-3-99-03-03-2013-security-for-indu">SR 1.9</reference>
          <reference href="https://www.iso.org/contents/data/standard/05/45/54534.html">A.18.1.4</reference>
          <reference href="https://www.iso.org/contents/data/standard/05/45/54534.html">A.9.2.1</reference>
          <reference href="https://www.iso.org/contents/data/standard/05/45/54534.html">A.9.2.4</reference>
          <reference href="https://www.iso.org/contents/data/standard/05/45/54534.html">A.9.3.1</reference>
          <reference href="https://www.iso.org/contents/data/standard/05/45/54534.html">A.9.4.2</reference>
          <reference href="https://www.iso.org/contents/data/standard/05/45/54534.html">A.9.4.3</reference>
          <reference href="https://www.nerc.com/standards/reliability-standards/cip">CIP-004-6 R2.2.3</reference>
          <reference href="https://www.nerc.com/standards/reliability-standards/cip">CIP-007-3 R5.1</reference>
          <reference href="https://www.nerc.com/standards/reliability-standards/cip">CIP-007-3 R5.2</reference>
          <reference href="https://www.nerc.com/standards/reliability-standards/cip">CIP-007-3 R5.3.1</reference>
          <reference href="https://www.nerc.com/standards/reliability-standards/cip">CIP-007-3 R5.3.2</reference>
          <reference href="https://www.nerc.com/standards/reliability-standards/cip">CIP-007-3 R5.3.3</reference>
          <reference href="http://nvlpubs.nist.gov/nistpubs/SpecialPublications/NIST.SP.800-53r4.pdf">AC-12</reference>
          <reference href="http://nvlpubs.nist.gov/nistpubs/SpecialPublications/NIST.SP.800-53r4.pdf">SC-10</reference>
          <reference href="http://nvlpubs.nist.gov/nistpubs/SpecialPublications/NIST.SP.800-53r4.pdf">AC-2(5)</reference>
          <reference href="http://nvlpubs.nist.gov/nistpubs/SpecialPublications/NIST.SP.800-53r4.pdf">CM-6(a)</reference>
          <reference href="https://nvlpubs.nist.gov/nistpubs/CSWP/NIST.CSWP.04162018.pdf">PR.AC-7</reference>
          <reference href="https://www.cyber.mil/stigs/downloads/?_dl_facet_stigs=operating-systems%2Cgeneral-purpose-os">SRG-OS-000163-GPOS-00072</reference>
          <reference href="https://www.cyber.mil/stigs/downloads/?_dl_facet_stigs=operating-systems%2Cgeneral-purpose-os">SRG-OS-000029-GPOS-00010</reference>
          <reference href="https://www.cyber.mil/stigs/downloads/?_dl_facet_stigs=operating-systems%2Cunix-linux">SLES-15-010130</reference>
          <reference href="https://www.cisecurity.org/benchmark/suse_linux/">5.4.4</reference>
          <reference href="https://cyber.gouv.fr/sites/default/files/document/linux_configuration-en-v2.pdf">R32</reference>
          <reference href="not_publicly_available">SLES-15-600600240</reference>
          <reference href="https://docs-prv.pcisecuritystandards.org/PCI%20DSS/Standard/PCI-DSS-v4_0.pdf">8.6.1</reference>
          <reference href="https://docs-prv.pcisecuritystandards.org/PCI%20DSS/Standard/PCI-DSS-v4_0.pdf">8.6</reference>
          <reference href="https://www.cyber.mil/stigs/srg-stig-tools/">SV-234813r1009561_rule</reference>
          <rationale xmlns:xhtml="http://www.w3.org/1999/xhtml" xml:lang="en-US">Terminating an idle session within a short time period reduces
the window of opportunity for unauthorized personnel to take control of a
management session enabled on the console or console port that has been
left unattended.</rationale>
          <platform idref="#system_with_kernel"/>
          <ident system="https://ncp.nist.gov/cce">CCE-83269-1</ident>
          <fix xmlns:xhtml="http://www.w3.org/1999/xhtml" id="accounts_tmout" system="urn:xccdf:fix:script:sh"># Remediation is applicable only in certain platforms
if rpm --quiet -q kernel-default || rpm --quiet -q kernel-default-base; then

var_accounts_tmout='<xccdf-1.2:sub xmlns:xccdf-1.2="http://checklists.nist.gov/xccdf/1.2" idref="xccdf_org.ssgproject.content_value_var_accounts_tmout" use="legacy"/>'


if [ -f /etc/profile.d/autologout.sh ]; then
    if grep --silent '^\s*TMOUT' /etc/profile.d/autologout.sh ; then
        sed -i -E "s/^(\s*)TMOUT\s*=\s*(\w|\$)*(.*)$/\1TMOUT=$var_accounts_tmout\3/g" /etc/profile.d/autologout.sh
    fi
else
    echo -e "\n# Set TMOUT to $var_accounts_tmout per security requirements" &gt;&gt; /etc/profile.d/autologout.sh
    echo "TMOUT=$var_accounts_tmout" &gt;&gt; /etc/profile.d/autologout.sh
fi
if ! grep --silent '^\s*readonly TMOUT' /etc/profile.d/autologout.sh ; then
    echo "readonly TMOUT" &gt;&gt; /etc/profile.d/autologout.sh
fi

if ! grep --silent '^\s*export TMOUT' /etc/profile.d/autologout.sh ; then
    echo "export TMOUT" &gt;&gt; /etc/profile.d/autologout.sh
fi
chmod +x /etc/profile.d/autologout.sh

else
    &gt;&amp;2 echo 'Remediation is not applicable, nothing was done'
fi
</fix>
          <fix xmlns:xhtml="http://www.w3.org/1999/xhtml" id="accounts_tmout" system="urn:xccdf:fix:script:ansible" complexity="low" disruption="low" strategy="restrict">- name: Gather the package facts
  package_facts:
    manager: auto
  tags:
  - CCE-83269-1
  - DISA-STIG-SLES-15-010130
  - NIST-800-171-3.1.11
  - NIST-800-53-AC-12
  - NIST-800-53-AC-2(5)
  - NIST-800-53-CM-6(a)
  - NIST-800-53-SC-10
  - PCI-DSSv4-8.6
  - PCI-DSSv4-8.6.1
  - accounts_tmout
  - low_complexity
  - low_disruption
  - medium_severity
  - no_reboot_needed
  - restrict_strategy
- name: XCCDF Value var_accounts_tmout # promote to variable
  set_fact:
    var_accounts_tmout: !!str <xccdf-1.2:sub xmlns:xccdf-1.2="http://checklists.nist.gov/xccdf/1.2" idref="xccdf_org.ssgproject.content_value_var_accounts_tmout" use="legacy"/>
  tags:
    - always

- name: Set Interactive Session Timeout
  block:

  - name: Check for duplicate values
    ansible.builtin.lineinfile:
      path: /etc/profile.d/autologout.sh
      create: true
      regexp: (?i)^\s*TMOUT=
      state: absent
    check_mode: true
    changed_when: false
    register: dupes

  - name: Deduplicate values from /etc/profile.d/autologout.sh
    ansible.builtin.lineinfile:
      path: /etc/profile.d/autologout.sh
      create: true
      regexp: (?i)^\s*TMOUT=
      state: absent
    when: dupes.found is defined and dupes.found &gt; 1

  - name: Insert correct line to /etc/profile.d/autologout.sh
    ansible.builtin.lineinfile:
      path: /etc/profile.d/autologout.sh
      create: true
      regexp: (?i)^\s*TMOUT=
      line: TMOUT={{ var_accounts_tmout }}
      state: present
  when: ("kernel-default" in ansible_facts.packages or "kernel-default-base" in ansible_facts.packages)
  tags:
  - CCE-83269-1
  - DISA-STIG-SLES-15-010130
  - NIST-800-171-3.1.11
  - NIST-800-53-AC-12
  - NIST-800-53-AC-2(5)
  - NIST-800-53-CM-6(a)
  - NIST-800-53-SC-10
  - PCI-DSSv4-8.6
  - PCI-DSSv4-8.6.1
  - accounts_tmout
  - low_complexity
  - low_disruption
  - medium_severity
  - no_reboot_needed
  - restrict_strategy

- name: Set Interactive Session Timeout
  block:

  - name: Check for duplicate values
    ansible.builtin.lineinfile:
      path: /etc/profile.d/autologout.sh
      create: true
      regexp: (?i)^\s*readonly\s+
      state: absent
    check_mode: true
    changed_when: false
    register: dupes

  - name: Deduplicate values from /etc/profile.d/autologout.sh
    ansible.builtin.lineinfile:
      path: /etc/profile.d/autologout.sh
      create: true
      regexp: (?i)^\s*readonly\s+
      state: absent
    when: dupes.found is defined and dupes.found &gt; 1

  - name: Insert correct line to /etc/profile.d/autologout.sh
    ansible.builtin.lineinfile:
      path: /etc/profile.d/autologout.sh
      create: true
      regexp: (?i)^\s*readonly\s+
      line: readonly TMOUT
      state: present
  when: ("kernel-default" in ansible_facts.packages or "kernel-default-base" in ansible_facts.packages)
  tags:
  - CCE-83269-1
  - DISA-STIG-SLES-15-010130
  - NIST-800-171-3.1.11
  - NIST-800-53-AC-12
  - NIST-800-53-AC-2(5)
  - NIST-800-53-CM-6(a)
  - NIST-800-53-SC-10
  - PCI-DSSv4-8.6
  - PCI-DSSv4-8.6.1
  - accounts_tmout
  - low_complexity
  - low_disruption
  - medium_severity
  - no_reboot_needed
  - restrict_strategy

- name: Set Interactive Session Timeout
  block:

  - name: Check for duplicate values
    ansible.builtin.lineinfile:
      path: /etc/profile.d/autologout.sh
      create: true
      regexp: (?i)^\s*export\s+
      state: absent
    check_mode: true
    changed_when: false
    register: dupes

  - name: Deduplicate values from /etc/profile.d/autologout.sh
    ansible.builtin.lineinfile:
      path: /etc/profile.d/autologout.sh
      create: true
      regexp: (?i)^\s*export\s+
      state: absent
    when: dupes.found is defined and dupes.found &gt; 1

  - name: Insert correct line to /etc/profile.d/autologout.sh
    ansible.builtin.lineinfile:
      path: /etc/profile.d/autologout.sh
      create: true
      regexp: (?i)^\s*export\s+
      line: export TMOUT
      state: present
  when: ("kernel-default" in ansible_facts.packages or "kernel-default-base" in ansible_facts.packages)
  tags:
  - CCE-83269-1
  - DISA-STIG-SLES-15-010130
  - NIST-800-171-3.1.11
  - NIST-800-53-AC-12
  - NIST-800-53-AC-2(5)
  - NIST-800-53-CM-6(a)
  - NIST-800-53-SC-10
  - PCI-DSSv4-8.6
  - PCI-DSSv4-8.6.1
  - accounts_tmout
  - low_complexity
  - low_disruption
  - medium_severity
  - no_reboot_needed
  - restrict_strategy

- name: Set the permission for /etc/profile.d/autologout.sh
  ansible.builtin.file:
    path: /etc/profile.d/autologout.sh
    mode: '0755'
  when:
  - ("kernel-default" in ansible_facts.packages or "kernel-default-base" in ansible_facts.packages)
  - lookup('ansible.builtin.file', '/etc/profile.d/autologout.sh', errors='warn')
  tags:
  - CCE-83269-1
  - DISA-STIG-SLES-15-010130
  - NIST-800-171-3.1.11
  - NIST-800-53-AC-12
  - NIST-800-53-AC-2(5)
  - NIST-800-53-CM-6(a)
  - NIST-800-53-SC-10
  - PCI-DSSv4-8.6
  - PCI-DSSv4-8.6.1
  - accounts_tmout
  - low_complexity
  - low_disruption
  - medium_severity
  - no_reboot_needed
  - restrict_strategy
</fix>
          <check system="http://oval.mitre.org/XMLSchema/oval-definitions-5">
            <check-export export-name="oval:ssg-var_accounts_tmout:var:1" value-id="xccdf_org.ssgproject.content_value_var_accounts_tmout"/>
            <check-content-ref name="oval:ssg-accounts_tmout:def:1" href="ssg-sle15-oval.xml"/>
          </check>
          <check system="http://scap.nist.gov/schema/ocil/2">
            <check-content-ref name="ocil:ssg-accounts_tmout_ocil:questionnaire:1" href="ssg-sle15-ocil.xml"/>
          </check>
        </Rule>
        <Rule id="xccdf_org.ssgproject.content_rule_accounts_user_dot_group_ownership" selected="false" role="full" severity="medium">
          <title xmlns:xhtml="http://www.w3.org/1999/xhtml" xml:lang="en-US">User Initialization Files Must Be Group-Owned By The Primary Group</title>
          <description xmlns:xhtml="http://www.w3.org/1999/xhtml" xml:lang="en-US">Change the group owner of interactive users files to the group found
in <html:pre xmlns:html="http://www.w3.org/1999/xhtml">/etc/passwd</html:pre> for the user. To change the group owner of a local
interactive user home directory, use the following command:
<html:pre xmlns:html="http://www.w3.org/1999/xhtml">$ sudo chgrp <html:i>USER_GROUP</html:i> /home/<html:i>USER</html:i>/.<html:i>INIT_FILE</html:i>
        </html:pre>

This rule ensures every initialization file related to an interactive user
is group-owned by an interactive user.</description>
          <warning xmlns:xhtml="http://www.w3.org/1999/xhtml" xml:lang="en-US" category="general">Due to OVAL limitation, this rule can report a false negative in a
specific situation where two interactive users swap the group-ownership
of their respective initialization files.</warning>
          <reference href="https://www.cyber.mil/stigs/downloads/?_dl_facet_stigs=operating-systems%2Cgeneral-purpose-os">SRG-OS-000480-GPOS-00227</reference>
          <reference href="https://www.cisecurity.org/benchmark/suse_linux/">6.2.8</reference>
          <reference href="https://cyber.gouv.fr/sites/default/files/document/linux_configuration-en-v2.pdf">R50</reference>
          <reference href="not_publicly_available">SLES-15-900300135</reference>
          <rationale xmlns:xhtml="http://www.w3.org/1999/xhtml" xml:lang="en-US">Local initialization files for interactive users are used to configure the
user's shell environment upon logon. Malicious modification of these files could
compromise accounts upon logon.</rationale>
          <platform idref="#system_with_kernel"/>
          <ident system="https://ncp.nist.gov/cce">CCE-91408-5</ident>
          <fix xmlns:xhtml="http://www.w3.org/1999/xhtml" id="accounts_user_dot_group_ownership" system="urn:xccdf:fix:script:sh" complexity="low" disruption="low" strategy="restrict"># Remediation is applicable only in certain platforms
if rpm --quiet -q kernel-default || rpm --quiet -q kernel-default-base; then

awk -F: '{if ($3 &gt;= 1000 &amp;&amp; $3 != 65534) print $4":"$6}' /etc/passwd | while IFS=: read -r gid home; do find -P "$home" -maxdepth 1 -type f -name "\.[^.]*" -exec chgrp -f --no-dereference -- $gid "{}" \;; done

else
    &gt;&amp;2 echo 'Remediation is not applicable, nothing was done'
fi
</fix>
          <fix xmlns:xhtml="http://www.w3.org/1999/xhtml" id="accounts_user_dot_group_ownership" system="urn:xccdf:fix:script:ansible" complexity="low" disruption="low" strategy="restrict">- name: Gather the package facts
  package_facts:
    manager: auto
  tags:
  - CCE-91408-5
  - accounts_user_dot_group_ownership
  - low_complexity
  - low_disruption
  - medium_severity
  - no_reboot_needed
  - restrict_strategy

- name: User Initialization Files Must Be Group-Owned By The Primary Group - Get interactive
    users from passwd file
  ansible.builtin.getent:
    database: passwd
  register: passwd_entries
  when: ("kernel-default" in ansible_facts.packages or "kernel-default-base" in ansible_facts.packages)
  tags:
  - CCE-91408-5
  - accounts_user_dot_group_ownership
  - low_complexity
  - low_disruption
  - medium_severity
  - no_reboot_needed
  - restrict_strategy

- name: User Initialization Files Must Be Group-Owned By The Primary Group - Create
    list of interactive users with GID and home directory
  ansible.builtin.set_fact:
    interactive_users: '{{ interactive_users | default([]) + [{''home'': item.value[4],
      ''gid'': item.value[2]}] }}'
  loop: '{{ passwd_entries.ansible_facts.getent_passwd | dict2items }}'
  when:
  - ("kernel-default" in ansible_facts.packages or "kernel-default-base" in ansible_facts.packages)
  - item.value[1] | int &gt;= 1000 | int
  - item.value[1] | int != 65534 | int
  - item.value[4] != ""
  tags:
  - CCE-91408-5
  - accounts_user_dot_group_ownership
  - low_complexity
  - low_disruption
  - medium_severity
  - no_reboot_needed
  - restrict_strategy

- name: User Initialization Files Must Be Group-Owned By The Primary Group - Find
    dot files in interactive user home directories
  ansible.builtin.find:
    paths: '{{ item.home }}'
    patterns: .*
    file_type: file
    hidden: true
    depth: 1
    follow: false
  register: user_dotfiles
  loop: '{{ interactive_users | default([]) }}'
  failed_when: false
  when:
  - ("kernel-default" in ansible_facts.packages or "kernel-default-base" in ansible_facts.packages)
  - item.home != ""
  tags:
  - CCE-91408-5
  - accounts_user_dot_group_ownership
  - low_complexity
  - low_disruption
  - medium_severity
  - no_reboot_needed
  - restrict_strategy

- name: User Initialization Files Must Be Group-Owned By The Primary Group - Set correct
    group ownership for user initialization files
  ansible.builtin.file:
    path: '{{ item.1.path }}'
    group: '{{ item.0.item.gid }}'
    follow: false
  loop: '{{ user_dotfiles.results | subelements(''files'', skip_missing=True) }}'
  when:
  - ("kernel-default" in ansible_facts.packages or "kernel-default-base" in ansible_facts.packages)
  - item.0 is not skipped
  - item.1.path is defined
  tags:
  - CCE-91408-5
  - accounts_user_dot_group_ownership
  - low_complexity
  - low_disruption
  - medium_severity
  - no_reboot_needed
  - restrict_strategy
</fix>
          <check system="http://oval.mitre.org/XMLSchema/oval-definitions-5">
            <check-content-ref name="oval:ssg-accounts_user_dot_group_ownership:def:1" href="ssg-sle15-oval.xml"/>
          </check>
          <check system="http://scap.nist.gov/schema/ocil/2">
            <check-content-ref name="ocil:ssg-accounts_user_dot_group_ownership_ocil:questionnaire:1" href="ssg-sle15-ocil.xml"/>
          </check>
        </Rule>
        <Rule id="xccdf_org.ssgproject.content_rule_accounts_user_dot_no_world_writable_programs" selected="false" role="full" severity="medium">
          <title xmlns:xhtml="http://www.w3.org/1999/xhtml" xml:lang="en-US">User Initialization Files Must Not Run World-Writable Programs</title>
          <description xmlns:xhtml="http://www.w3.org/1999/xhtml" xml:lang="en-US">Set the mode on files being executed by the user initialization files with the
following command:
<html:pre xmlns:html="http://www.w3.org/1999/xhtml">$ sudo chmod o-w <html:i>FILE</html:i>
        </html:pre>
       </description>
          <reference href="https://www.cyber.mil/stigs/downloads/?_dl_facet_stigs=operating-systems%2Cgeneral-purpose-os">SRG-OS-000480-GPOS-00227</reference>
          <reference href="https://www.cyber.mil/stigs/downloads/?_dl_facet_stigs=operating-systems%2Cunix-linux">SLES-15-040130</reference>
          <reference href="https://www.cisecurity.org/benchmark/suse_linux/">6.2.8</reference>
          <reference href="https://www.cyber.mil/stigs/srg-stig-tools/">SV-234997r991589_rule</reference>
          <rationale xmlns:xhtml="http://www.w3.org/1999/xhtml" xml:lang="en-US">If user start-up files execute world-writable programs, especially in
unprotected directories, they could be maliciously modified to destroy user
files or otherwise compromise the system at the user level. If the system is
compromised at the user level, it is easier to elevate privileges to eventually
compromise the system at the root and network level.</rationale>
          <platform idref="#system_with_kernel"/>
          <ident system="https://ncp.nist.gov/cce">CCE-85632-8</ident>
          <fix xmlns:xhtml="http://www.w3.org/1999/xhtml" id="accounts_user_dot_no_world_writable_programs" system="urn:xccdf:fix:script:sh" complexity="low" disruption="low" strategy="restrict"># Remediation is applicable only in certain platforms
if rpm --quiet -q kernel-default || rpm --quiet -q kernel-default-base; then

readarray -t world_writable_files &lt; &lt;(find / -xdev -type f -perm -0002 2&gt; /dev/null)
readarray -t interactive_home_dirs &lt; &lt;(awk -F':' '{ if ($3 &gt;= 1000 &amp;&amp; $3 != 65534) print $6 }' /etc/passwd)

for world_writable in "${world_writable_files[@]}"; do
    for homedir in "${interactive_home_dirs[@]}"; do
        if grep -q -d skip "$world_writable" "$homedir"/.*; then
            chmod o-w $world_writable
            break
        fi
    done
done

else
    &gt;&amp;2 echo 'Remediation is not applicable, nothing was done'
fi
</fix>
          <fix xmlns:xhtml="http://www.w3.org/1999/xhtml" id="accounts_user_dot_no_world_writable_programs" system="urn:xccdf:fix:script:ansible" complexity="low" disruption="low" strategy="restrict">- name: Gather the package facts
  package_facts:
    manager: auto
  tags:
  - CCE-85632-8
  - DISA-STIG-SLES-15-040130
  - accounts_user_dot_no_world_writable_programs
  - low_complexity
  - low_disruption
  - medium_severity
  - no_reboot_needed
  - restrict_strategy

- name: User Initialization Files Must Not Run World-Writable Programs - Initialize
    variables
  ansible.builtin.set_fact:
    home_user_dirs: []
    world_writable_files: []
  when: ("kernel-default" in ansible_facts.packages or "kernel-default-base" in ansible_facts.packages)
  tags:
  - CCE-85632-8
  - DISA-STIG-SLES-15-040130
  - accounts_user_dot_no_world_writable_programs
  - low_complexity
  - low_disruption
  - medium_severity
  - no_reboot_needed
  - restrict_strategy

- name: User Initialization Files Must Not Run World-Writable Programs - Get user's
    home dir list
  ansible.builtin.getent:
    database: passwd
  register: passwd_database
  when: ("kernel-default" in ansible_facts.packages or "kernel-default-base" in ansible_facts.packages)
  tags:
  - CCE-85632-8
  - DISA-STIG-SLES-15-040130
  - accounts_user_dot_no_world_writable_programs
  - low_complexity
  - low_disruption
  - medium_severity
  - no_reboot_needed
  - restrict_strategy

- name: User Initialization Files Must Not Run World-Writable Programs - Fill home_user_dirs
  ansible.builtin.set_fact:
    home_user_dirs: '{{ home_user_dirs + [item.data[4]] }}'
  when:
  - ("kernel-default" in ansible_facts.packages or "kernel-default-base" in ansible_facts.packages)
  - item.data[4] is defined and item.data[2]|int &gt;= 1000 and item.data[2]|int != 65534
  with_items: '{{ passwd_database.ansible_facts.getent_passwd | dict2items(key_name=''user'',
    value_name=''data'')}}'
  tags:
  - CCE-85632-8
  - DISA-STIG-SLES-15-040130
  - accounts_user_dot_no_world_writable_programs
  - low_complexity
  - low_disruption
  - medium_severity
  - no_reboot_needed
  - restrict_strategy

- name: User Initialization Files Must Not Run World-Writable Programs - Get world
    writable files
  ansible.builtin.shell: |
    find / -xdev -type f -perm -0002 2&gt; /dev/null
  register: world_writable_files
  changed_when: false
  check_mode: false
  when: ("kernel-default" in ansible_facts.packages or "kernel-default-base" in ansible_facts.packages)
  tags:
  - CCE-85632-8
  - DISA-STIG-SLES-15-040130
  - accounts_user_dot_no_world_writable_programs
  - low_complexity
  - low_disruption
  - medium_severity
  - no_reboot_needed
  - restrict_strategy

- name: User Initialization Files Must Not Run World-Writable Programs - Find referenced_files
    in init files
  ansible.builtin.find:
    paths: '{{ home_user_dirs }}'
    contains: '{{ item }}'
    hidden: true
    read_whole_file: true
    recurse: true
  with_items: '{{ world_writable_files.stdout_lines }}'
  register: referenced_files
  when: ("kernel-default" in ansible_facts.packages or "kernel-default-base" in ansible_facts.packages)
  tags:
  - CCE-85632-8
  - DISA-STIG-SLES-15-040130
  - accounts_user_dot_no_world_writable_programs
  - low_complexity
  - low_disruption
  - medium_severity
  - no_reboot_needed
  - restrict_strategy

- name: User Initialization Files Must Not Run World-Writable Programs - Remove world
    writable permissions
  ansible.builtin.file:
    path: '{{ item.item }}'
    mode: o-w
  when:
  - ("kernel-default" in ansible_facts.packages or "kernel-default-base" in ansible_facts.packages)
  - item.matched &gt; 0
  with_items: '{{ referenced_files.results }}'
  tags:
  - CCE-85632-8
  - DISA-STIG-SLES-15-040130
  - accounts_user_dot_no_world_writable_programs
  - low_complexity
  - low_disruption
  - medium_severity
  - no_reboot_needed
  - restrict_strategy
</fix>
          <check system="http://oval.mitre.org/XMLSchema/oval-definitions-5">
            <check-export export-name="oval:ssg-var_user_initialization_files_regex:var:1" value-id="xccdf_org.ssgproject.content_value_var_user_initialization_files_regex"/>
            <check-content-ref name="oval:ssg-accounts_user_dot_no_world_writable_programs:def:1" href="ssg-sle15-oval.xml"/>
          </check>
          <check system="http://scap.nist.gov/schema/ocil/2">
            <check-content-ref name="ocil:ssg-accounts_user_dot_no_world_writable_programs_ocil:questionnaire:1" href="ssg-sle15-ocil.xml"/>
          </check>
        </Rule>
        <Rule id="xccdf_org.ssgproject.content_rule_accounts_user_dot_user_ownership" selected="false" role="full" severity="medium">
          <title xmlns:xhtml="http://www.w3.org/1999/xhtml" xml:lang="en-US">User Initialization Files Must Be Owned By the Primary User</title>
          <description xmlns:xhtml="http://www.w3.org/1999/xhtml" xml:lang="en-US">Set the owner of the user initialization files for interactive users to
the primary owner with the following command:
<html:pre xmlns:html="http://www.w3.org/1999/xhtml">$ sudo chown <html:i>USER</html:i> /home/<html:i>USER</html:i>/.*</html:pre>

This rule ensures every initialization file related to an interactive user
is owned by an interactive user.</description>
          <warning xmlns:xhtml="http://www.w3.org/1999/xhtml" xml:lang="en-US" category="general">Due to OVAL limitation, this rule can report a false negative in a
specific situation where two interactive users swap the ownership of
their respective initialization files.</warning>
          <reference href="https://www.cyber.mil/stigs/downloads/?_dl_facet_stigs=operating-systems%2Cgeneral-purpose-os">SRG-OS-000480-GPOS-00227</reference>
          <reference href="https://www.cisecurity.org/benchmark/suse_linux/">6.2.8</reference>
          <reference href="https://cyber.gouv.fr/sites/default/files/document/linux_configuration-en-v2.pdf">R50</reference>
          <reference href="not_publicly_available">SLES-15-900300135</reference>
          <rationale xmlns:xhtml="http://www.w3.org/1999/xhtml" xml:lang="en-US">Local initialization files are used to configure the user's shell environment
upon logon. Malicious modification of these files could compromise accounts upon
logon.</rationale>
          <platform idref="#system_with_kernel"/>
          <ident system="https://ncp.nist.gov/cce">CCE-91409-3</ident>
          <fix xmlns:xhtml="http://www.w3.org/1999/xhtml" id="accounts_user_dot_user_ownership" system="urn:xccdf:fix:script:sh" complexity="low" disruption="low" strategy="restrict"># Remediation is applicable only in certain platforms
if rpm --quiet -q kernel-default || rpm --quiet -q kernel-default-base; then

awk -F: '{if ($3 &gt;= 1000 &amp;&amp; $3 != 65534) print $3":"$6}' /etc/passwd | while IFS=: read -r uid home; do find -P "$home" -maxdepth 1 -type f -name "\.[^.]*" -exec chown -f --no-dereference -- $uid "{}" \;; done

else
    &gt;&amp;2 echo 'Remediation is not applicable, nothing was done'
fi
</fix>
          <fix xmlns:xhtml="http://www.w3.org/1999/xhtml" id="accounts_user_dot_user_ownership" system="urn:xccdf:fix:script:ansible" complexity="low" disruption="low" strategy="restrict">- name: Gather the package facts
  package_facts:
    manager: auto
  tags:
  - CCE-91409-3
  - accounts_user_dot_user_ownership
  - low_complexity
  - low_disruption
  - medium_severity
  - no_reboot_needed
  - restrict_strategy

- name: User Initialization Files Must Be Owned By the Primary User - Get interactive
    users from passwd file
  ansible.builtin.getent:
    database: passwd
  register: passwd_entries
  when: ("kernel-default" in ansible_facts.packages or "kernel-default-base" in ansible_facts.packages)
  tags:
  - CCE-91409-3
  - accounts_user_dot_user_ownership
  - low_complexity
  - low_disruption
  - medium_severity
  - no_reboot_needed
  - restrict_strategy

- name: User Initialization Files Must Be Owned By the Primary User - Create list
    of interactive users with UID and home directory
  ansible.builtin.set_fact:
    interactive_users: '{{ interactive_users | default([]) + [{''uid'': item.value[1],
      ''home'': item.value[4], ''username'': item.key}] }}'
  loop: '{{ passwd_entries.ansible_facts.getent_passwd | dict2items }}'
  when:
  - ("kernel-default" in ansible_facts.packages or "kernel-default-base" in ansible_facts.packages)
  - item.value[1] | int &gt;= 1000 | int
  - item.value[1] | int != 65534 | int
  - item.value[4] != ""
  tags:
  - CCE-91409-3
  - accounts_user_dot_user_ownership
  - low_complexity
  - low_disruption
  - medium_severity
  - no_reboot_needed
  - restrict_strategy

- name: User Initialization Files Must Be Owned By the Primary User - Find dot files
    in interactive user home directories
  ansible.builtin.find:
    paths: '{{ item.home }}'
    patterns: .*
    file_type: file
    hidden: true
    depth: 1
    follow: false
  register: user_dotfiles
  loop: '{{ interactive_users | default([]) }}'
  failed_when: false
  when:
  - ("kernel-default" in ansible_facts.packages or "kernel-default-base" in ansible_facts.packages)
  - item.home != ""
  tags:
  - CCE-91409-3
  - accounts_user_dot_user_ownership
  - low_complexity
  - low_disruption
  - medium_severity
  - no_reboot_needed
  - restrict_strategy

- name: User Initialization Files Must Be Owned By the Primary User - Set correct
    ownership for user initialization files
  ansible.builtin.file:
    path: '{{ item.1.path }}'
    owner: '{{ item.0.item.username }}'
    follow: false
  loop: '{{ user_dotfiles.results | subelements(''files'', skip_missing=True) }}'
  when:
  - ("kernel-default" in ansible_facts.packages or "kernel-default-base" in ansible_facts.packages)
  - item.0 is not skipped
  - item.0 is not failed
  - item.0.item is defined
  - item.0.item.username is defined
  - item.1.path is defined
  tags:
  - CCE-91409-3
  - accounts_user_dot_user_ownership
  - low_complexity
  - low_disruption
  - medium_severity
  - no_reboot_needed
  - restrict_strategy
</fix>
          <check system="http://oval.mitre.org/XMLSchema/oval-definitions-5">
            <check-content-ref name="oval:ssg-accounts_user_dot_user_ownership:def:1" href="ssg-sle15-oval.xml"/>
          </check>
          <check system="http://scap.nist.gov/schema/ocil/2">
            <check-content-ref name="ocil:ssg-accounts_user_dot_user_ownership_ocil:questionnaire:1" href="ssg-sle15-ocil.xml"/>
          </check>
        </Rule>
        <Rule id="xccdf_org.ssgproject.content_rule_accounts_user_home_paths_only" selected="false" role="full" severity="medium">
          <title xmlns:xhtml="http://www.w3.org/1999/xhtml" xml:lang="en-US">Ensure that Users Path Contains Only Local Directories</title>
          <description xmlns:xhtml="http://www.w3.org/1999/xhtml" xml:lang="en-US">Ensure that all interactive user initialization files executable search
path statements do not contain statements that will reference a working
directory other than the users home directory.</description>
          <reference href="https://www.cyber.mil/stigs/downloads/?_dl_facet_stigs=operating-systems%2Cgeneral-purpose-os">SRG-OS-000480-GPOS-00227</reference>
          <reference href="https://www.cyber.mil/stigs/downloads/?_dl_facet_stigs=operating-systems%2Cunix-linux">SLES-15-040120</reference>
          <reference href="not_publicly_available">SLES-15-600600300</reference>
          <reference href="https://www.cyber.mil/stigs/srg-stig-tools/">SV-234996r991589_rule</reference>
          <rationale xmlns:xhtml="http://www.w3.org/1999/xhtml" xml:lang="en-US">The executable search path (typically the PATH environment variable) contains a
list of directories for the shell to search to find executables. If this path
includes the current working directory (other than the users home directory),
executables in these directories may be executed instead of system commands.
This variable is formatted as a colon-separated list of directories. If there is
an empty entry, such as a leading or trailing colon or two consecutive colons,
this is interpreted as the current working directory. If deviations from the
default system search path for the local interactive user are required, they
must be documented with the Information System Security Officer (ISSO).</rationale>
          <platform idref="#system_with_kernel"/>
          <ident system="https://ncp.nist.gov/cce">CCE-85631-0</ident>
          <check system="http://scap.nist.gov/schema/ocil/2">
            <check-content-ref name="ocil:ssg-accounts_user_home_paths_only_ocil:questionnaire:1" href="ssg-sle15-ocil.xml"/>
          </check>
        </Rule>
        <Rule id="xccdf_org.ssgproject.content_rule_accounts_user_interactive_home_directory_defined" selected="false" role="full" severity="medium">
          <title xmlns:xhtml="http://www.w3.org/1999/xhtml" xml:lang="en-US">All Interactive Users Must Have A Home Directory Defined</title>
          <description xmlns:xhtml="http://www.w3.org/1999/xhtml" xml:lang="en-US">Assign home directories to all interactive users that currently do not
have a home directory assigned.

This rule checks if the home directory is properly defined in a folder which has
at least one parent folder, like "user" in "/home/user" or "/remote/users/user".
Therefore, this rule will report a finding for home directories like <html:code xmlns:html="http://www.w3.org/1999/xhtml">/users</html:code>,
<html:code xmlns:html="http://www.w3.org/1999/xhtml">/tmp</html:code> or <html:code xmlns:html="http://www.w3.org/1999/xhtml">/</html:code>.</description>
          <reference href="https://www.cyber.mil/stigs/downloads/?_dl_facet_stigs=operating-systems%2Cgeneral-purpose-os">SRG-OS-000480-GPOS-00227</reference>
          <reference href="https://www.cyber.mil/stigs/downloads/?_dl_facet_stigs=operating-systems%2Cunix-linux">SLES-15-040070</reference>
          <reference href="https://www.cyber.mil/stigs/srg-stig-tools/">SV-234991r991589_rule</reference>
          <rationale xmlns:xhtml="http://www.w3.org/1999/xhtml" xml:lang="en-US">If local interactive users are not assigned a valid home directory, there is no
place for the storage and control of files they should own.</rationale>
          <platform idref="#system_with_kernel"/>
          <ident system="https://ncp.nist.gov/cce">CCE-85627-8</ident>
          <fix xmlns:xhtml="http://www.w3.org/1999/xhtml" id="accounts_user_interactive_home_directory_defined" system="urn:xccdf:fix:script:sh" complexity="low" disruption="low" strategy="restrict"># Remediation is applicable only in certain platforms
if rpm --quiet -q kernel-default || rpm --quiet -q kernel-default-base; then

for user in $(awk -F':' '{ if ($3 &gt;= 1000 &amp;&amp; $3 != 65534) print $1 }' /etc/passwd); do
    # This follows the same logic of evaluation of home directories as used in OVAL.
    if ! grep -q $user /etc/passwd | cut -d: -f6 | grep '^\/\w*\/\w\{1,\}'; then
        sed -i "s/\($user:x:[0-9]*:[0-9]*:.*:\).*\(:.*\)$/\1\/home\/$user\2/g" /etc/passwd;
    fi
done

else
    &gt;&amp;2 echo 'Remediation is not applicable, nothing was done'
fi
</fix>
          <fix xmlns:xhtml="http://www.w3.org/1999/xhtml" id="accounts_user_interactive_home_directory_defined" system="urn:xccdf:fix:script:ansible" complexity="low" disruption="low" strategy="restrict">- name: Gather the package facts
  package_facts:
    manager: auto
  tags:
  - CCE-85627-8
  - DISA-STIG-SLES-15-040070
  - accounts_user_interactive_home_directory_defined
  - low_complexity
  - low_disruption
  - medium_severity
  - no_reboot_needed
  - restrict_strategy

- name: Get all local users from /etc/passwd
  ansible.builtin.getent:
    database: passwd
    split: ':'
  when: ("kernel-default" in ansible_facts.packages or "kernel-default-base" in ansible_facts.packages)
  tags:
  - CCE-85627-8
  - DISA-STIG-SLES-15-040070
  - accounts_user_interactive_home_directory_defined
  - low_complexity
  - low_disruption
  - medium_severity
  - no_reboot_needed
  - restrict_strategy

- name: Create local_users variable from the getent output
  ansible.builtin.set_fact:
    local_users: '{{ ansible_facts.getent_passwd|dict2items }}'
  when: ("kernel-default" in ansible_facts.packages or "kernel-default-base" in ansible_facts.packages)
  tags:
  - CCE-85627-8
  - DISA-STIG-SLES-15-040070
  - accounts_user_interactive_home_directory_defined
  - low_complexity
  - low_disruption
  - medium_severity
  - no_reboot_needed
  - restrict_strategy

- name: Ensure interactive users have an exclusive home directory defined
  ansible.builtin.user:
    name: '{{ item.key }}'
    home: /home/{{ item.key }}
    create_home: false
  loop: '{{ local_users }}'
  when:
  - ("kernel-default" in ansible_facts.packages or "kernel-default-base" in ansible_facts.packages)
  - item.value[2]|int &gt;= 1000
  - item.value[2]|int != 65534
  - item.value[2]|int &lt; 61184 or item.value[2]|int &gt; 65519
  - not item.value[4] | regex_search('^\/\w*\/\w{1,}')
  tags:
  - CCE-85627-8
  - DISA-STIG-SLES-15-040070
  - accounts_user_interactive_home_directory_defined
  - low_complexity
  - low_disruption
  - medium_severity
  - no_reboot_needed
  - restrict_strategy
</fix>
          <check system="http://oval.mitre.org/XMLSchema/oval-definitions-5">
            <check-content-ref name="oval:ssg-accounts_user_interactive_home_directory_defined:def:1" href="ssg-sle15-oval.xml"/>
          </check>
          <check system="http://scap.nist.gov/schema/ocil/2">
            <check-content-ref name="ocil:ssg-accounts_user_interactive_home_directory_defined_ocil:questionnaire:1" href="ssg-sle15-ocil.xml"/>
          </check>
        </Rule>
        <Rule id="xccdf_org.ssgproject.content_rule_accounts_user_interactive_home_directory_exists" selected="false" role="full" severity="medium">
          <title xmlns:xhtml="http://www.w3.org/1999/xhtml" xml:lang="en-US">All Interactive Users Home Directories Must Exist</title>
          <description xmlns:xhtml="http://www.w3.org/1999/xhtml" xml:lang="en-US">Create home directories to all local interactive users that currently do not
have a home directory assigned. Use the following commands to create the user
home directory assigned in <html:code xmlns:html="http://www.w3.org/1999/xhtml">/etc/passwd</html:code>:
<html:pre xmlns:html="http://www.w3.org/1999/xhtml">$ sudo mkdir /home/<html:i>USER</html:i>
        </html:pre>
       </description>
          <reference href="https://www.cyber.mil/stigs/downloads/?_dl_facet_stigs=operating-systems%2Cgeneral-purpose-os">SRG-OS-000480-GPOS-00227</reference>
          <reference href="https://www.cyber.mil/stigs/downloads/?_dl_facet_stigs=operating-systems%2Cunix-linux">SLES-15-040080</reference>
          <reference href="https://www.cisecurity.org/benchmark/suse_linux/">6.2.5</reference>
          <reference href="not_publicly_available">SLES-15-900300120</reference>
          <reference href="https://www.cyber.mil/stigs/srg-stig-tools/">SV-234992r991589_rule</reference>
          <rationale xmlns:xhtml="http://www.w3.org/1999/xhtml" xml:lang="en-US">If a local interactive user has a home directory defined that does not exist,
the user may be given access to the / directory as the current working directory
upon logon. This could create a Denial of Service because the user would not be
able to access their logon configuration files, and it may give them visibility
to system files they normally would not be able to access.</rationale>
          <platform idref="#system_with_kernel"/>
          <ident system="https://ncp.nist.gov/cce">CCE-85628-6</ident>
          <fix xmlns:xhtml="http://www.w3.org/1999/xhtml" id="accounts_user_interactive_home_directory_exists" system="urn:xccdf:fix:script:sh" complexity="low" disruption="low" strategy="restrict"># Remediation is applicable only in certain platforms
if rpm --quiet -q kernel-default || rpm --quiet -q kernel-default-base; then

for user in $(awk -F':' '{ if ($3 &gt;= 1000 &amp;&amp; $3 != 65534) print $1}' /etc/passwd); do
    mkhomedir_helper $user 0077;
done

else
    &gt;&amp;2 echo 'Remediation is not applicable, nothing was done'
fi
</fix>
          <fix xmlns:xhtml="http://www.w3.org/1999/xhtml" id="accounts_user_interactive_home_directory_exists" system="urn:xccdf:fix:script:ansible" complexity="low" disruption="low" strategy="restrict">- name: Gather the package facts
  package_facts:
    manager: auto
  tags:
  - CCE-85628-6
  - DISA-STIG-SLES-15-040080
  - accounts_user_interactive_home_directory_exists
  - low_complexity
  - low_disruption
  - medium_severity
  - no_reboot_needed
  - restrict_strategy

- name: Get all local users from /etc/passwd
  ansible.builtin.getent:
    database: passwd
    split: ':'
  when: ("kernel-default" in ansible_facts.packages or "kernel-default-base" in ansible_facts.packages)
  tags:
  - CCE-85628-6
  - DISA-STIG-SLES-15-040080
  - accounts_user_interactive_home_directory_exists
  - low_complexity
  - low_disruption
  - medium_severity
  - no_reboot_needed
  - restrict_strategy

- name: Create local_users variable from the getent output
  ansible.builtin.set_fact:
    local_users: '{{ ansible_facts.getent_passwd|dict2items }}'
  when: ("kernel-default" in ansible_facts.packages or "kernel-default-base" in ansible_facts.packages)
  tags:
  - CCE-85628-6
  - DISA-STIG-SLES-15-040080
  - accounts_user_interactive_home_directory_exists
  - low_complexity
  - low_disruption
  - medium_severity
  - no_reboot_needed
  - restrict_strategy

- name: Ensure interactive users have a home directory exists
  ansible.builtin.user:
    name: '{{ item.key }}'
    create_home: true
  loop: '{{ local_users }}'
  when:
  - ("kernel-default" in ansible_facts.packages or "kernel-default-base" in ansible_facts.packages)
  - item.value[1]|int &gt;= 1000
  - item.value[1]|int != 65534
  tags:
  - CCE-85628-6
  - DISA-STIG-SLES-15-040080
  - accounts_user_interactive_home_directory_exists
  - low_complexity
  - low_disruption
  - medium_severity
  - no_reboot_needed
  - restrict_strategy
</fix>
          <check system="http://oval.mitre.org/XMLSchema/oval-definitions-5">
            <check-content-ref name="oval:ssg-accounts_user_interactive_home_directory_exists:def:1" href="ssg-sle15-oval.xml"/>
          </check>
          <check system="http://scap.nist.gov/schema/ocil/2">
            <check-content-ref name="ocil:ssg-accounts_user_interactive_home_directory_exists_ocil:questionnaire:1" href="ssg-sle15-ocil.xml"/>
          </check>
        </Rule>
        <Rule id="xccdf_org.ssgproject.content_rule_accounts_users_home_files_groupownership" selected="false" role="full" severity="medium">
          <title xmlns:xhtml="http://www.w3.org/1999/xhtml" xml:lang="en-US">All User Files and Directories In The Home Directory Must Be Group-Owned By The Primary Group</title>
          <description xmlns:xhtml="http://www.w3.org/1999/xhtml" xml:lang="en-US">Change the group of a local interactive users files and directories to a
group that the interactive user is a member of. To change the group owner of a
local interactive users files and directories, use the following command:
<html:pre xmlns:html="http://www.w3.org/1999/xhtml">$ sudo chgrp <html:i>USER_GROUP</html:i> /home/<html:i>USER</html:i>/<html:i>FILE_DIR</html:i>
        </html:pre>

This rule ensures every file or directory under the home directory related
to an interactive user is group-owned by an interactive user.</description>
          <warning xmlns:xhtml="http://www.w3.org/1999/xhtml" xml:lang="en-US" category="general">Due to OVAL limitation, this rule can report a false negative in a
specific situation where two interactive users swap the group-ownership
of folders or files in their respective home directories.</warning>
          <reference href="https://www.cyber.mil/stigs/downloads/?_dl_facet_stigs=operating-systems%2Cgeneral-purpose-os">SRG-OS-000480-GPOS-00227</reference>
          <reference href="https://www.cisecurity.org/benchmark/suse_linux/">6.2.7</reference>
          <reference href="https://cyber.gouv.fr/sites/default/files/document/linux_configuration-en-v2.pdf">R50</reference>
          <rationale xmlns:xhtml="http://www.w3.org/1999/xhtml" xml:lang="en-US">If a local interactive users files are group-owned by a group of which the
user is not a member, unintended users may be able to access them.</rationale>
          <platform idref="#system_with_kernel"/>
          <ident system="https://ncp.nist.gov/cce">CCE-91405-1</ident>
          <fix xmlns:xhtml="http://www.w3.org/1999/xhtml" id="accounts_users_home_files_groupownership" system="urn:xccdf:fix:script:sh" complexity="low" disruption="low" strategy="restrict"># Remediation is applicable only in certain platforms
if rpm --quiet -q kernel-default || rpm --quiet -q kernel-default-base; then

for user in $(awk -F':' '{ if ($3 &gt;= 1000 &amp;&amp; $3 != 65534 &amp;&amp; $6 != "/") print $1 }' /etc/passwd); do
    home_dir=$(getent passwd $user | cut -d: -f6)
    group=$(getent passwd $user | cut -d: -f4)
    # Only update the group-ownership when necessary. This will avoid changing the inode timestamp
    # when the group is already defined as expected, therefore not impacting in possible integrity
    # check systems that also check inodes timestamps.
    find $home_dir -not -group $group -exec chgrp -f --no-dereference $group {} \;
done

else
    &gt;&amp;2 echo 'Remediation is not applicable, nothing was done'
fi
</fix>
          <fix xmlns:xhtml="http://www.w3.org/1999/xhtml" id="accounts_users_home_files_groupownership" system="urn:xccdf:fix:script:ansible" complexity="low" disruption="low" strategy="restrict">- name: Gather the package facts
  package_facts:
    manager: auto
  tags:
  - CCE-91405-1
  - accounts_users_home_files_groupownership
  - low_complexity
  - low_disruption
  - medium_severity
  - no_reboot_needed
  - restrict_strategy

- name: Get all local users from /etc/passwd
  ansible.builtin.getent:
    database: passwd
    split: ':'
  when: ("kernel-default" in ansible_facts.packages or "kernel-default-base" in ansible_facts.packages)
  tags:
  - CCE-91405-1
  - accounts_users_home_files_groupownership
  - low_complexity
  - low_disruption
  - medium_severity
  - no_reboot_needed
  - restrict_strategy

- name: Create local_users variable from the getent output
  ansible.builtin.set_fact:
    local_users: '{{ ansible_facts.getent_passwd|dict2items }}'
  when: ("kernel-default" in ansible_facts.packages or "kernel-default-base" in ansible_facts.packages)
  tags:
  - CCE-91405-1
  - accounts_users_home_files_groupownership
  - low_complexity
  - low_disruption
  - medium_severity
  - no_reboot_needed
  - restrict_strategy

- name: Test for existence of home directories to avoid creating them, but only fixing
    ownership
  ansible.builtin.stat:
    path: '{{ item.value[4] }}'
  register: path_exists
  loop: '{{ local_users }}'
  when:
  - ("kernel-default" in ansible_facts.packages or "kernel-default-base" in ansible_facts.packages)
  - item.value[1]|int &gt;= 1000
  - item.value[1]|int != 65534
  - item.value[4] != "/"
  tags:
  - CCE-91405-1
  - accounts_users_home_files_groupownership
  - low_complexity
  - low_disruption
  - medium_severity
  - no_reboot_needed
  - restrict_strategy

- name: Ensure interactive local users are the owners of their respective home directories
  ansible.builtin.file:
    path: '{{ item.0.value[4] }}'
    group: '{{ item.0.value[2] }}'
    recurse: true
  loop: '{{ local_users|zip(path_exists.results)|list }}'
  when:
  - ("kernel-default" in ansible_facts.packages or "kernel-default-base" in ansible_facts.packages)
  - item.1.stat is defined and item.1.stat.exists
  tags:
  - CCE-91405-1
  - accounts_users_home_files_groupownership
  - low_complexity
  - low_disruption
  - medium_severity
  - no_reboot_needed
  - restrict_strategy
</fix>
          <check system="http://oval.mitre.org/XMLSchema/oval-definitions-5">
            <check-content-ref name="oval:ssg-accounts_users_home_files_groupownership:def:1" href="ssg-sle15-oval.xml"/>
          </check>
          <check system="http://scap.nist.gov/schema/ocil/2">
            <check-content-ref name="ocil:ssg-accounts_users_home_files_groupownership_ocil:questionnaire:1" href="ssg-sle15-ocil.xml"/>
          </check>
        </Rule>
        <Rule id="xccdf_org.ssgproject.content_rule_accounts_users_home_files_ownership" selected="false" role="full" severity="medium">
          <title xmlns:xhtml="http://www.w3.org/1999/xhtml" xml:lang="en-US">All User Files and Directories In The Home Directory Must Have a Valid Owner</title>
          <description xmlns:xhtml="http://www.w3.org/1999/xhtml" xml:lang="en-US">Either remove all files and directories from the system that
do not have a valid user, or assign a valid user to all unowned
files and directories. To assign a valid owner to a local
interactive user's files and directories, use the following command:
<html:pre xmlns:html="http://www.w3.org/1999/xhtml">$ sudo chown -R <html:i>USER</html:i> /home/<html:i>USER</html:i>
        </html:pre>

This rule ensures every file or directory under the home directory related
to an interactive user is owned by an interactive user.</description>
          <warning xmlns:xhtml="http://www.w3.org/1999/xhtml" xml:lang="en-US" category="general">Due to OVAL limitation, this rule can report a false negative in a
specific situation where two interactive users swap the ownership of
folders or files in their respective home directories.</warning>
          <reference href="https://www.cyber.mil/stigs/downloads/?_dl_facet_stigs=operating-systems%2Cgeneral-purpose-os">SRG-OS-000480-GPOS-00227</reference>
          <reference href="https://www.cisecurity.org/benchmark/suse_linux/">6.2.7</reference>
          <reference href="https://cyber.gouv.fr/sites/default/files/document/linux_configuration-en-v2.pdf">R50</reference>
          <rationale xmlns:xhtml="http://www.w3.org/1999/xhtml" xml:lang="en-US">If local interactive users do not own the files in their directories,
unauthorized users may be able to access them. Additionally, if files are not
owned by the user, this could be an indication of system compromise.</rationale>
          <platform idref="#system_with_kernel"/>
          <ident system="https://ncp.nist.gov/cce">CCE-91406-9</ident>
          <fix xmlns:xhtml="http://www.w3.org/1999/xhtml" id="accounts_users_home_files_ownership" system="urn:xccdf:fix:script:sh" complexity="low" disruption="low" strategy="restrict"># Remediation is applicable only in certain platforms
if rpm --quiet -q kernel-default || rpm --quiet -q kernel-default-base; then

for user in $(awk -F':' '{ if ($3 &gt;= 1000 &amp;&amp; $3 != 65534 &amp;&amp; $6 != "/") print $1 }' /etc/passwd); do
    home_dir=$(getent passwd $user | cut -d: -f6)
    # Only update the ownership when necessary. This will avoid changing the inode timestamp
    # when the owner is already defined as expected, therefore not impacting in possible integrity
    # check systems that also check inodes timestamps.
    find $home_dir -not -user $user -exec chown -f --no-dereference $user {} \;
done

else
    &gt;&amp;2 echo 'Remediation is not applicable, nothing was done'
fi
</fix>
          <fix xmlns:xhtml="http://www.w3.org/1999/xhtml" id="accounts_users_home_files_ownership" system="urn:xccdf:fix:script:ansible" complexity="low" disruption="low" strategy="restrict">- name: Gather the package facts
  package_facts:
    manager: auto
  tags:
  - CCE-91406-9
  - accounts_users_home_files_ownership
  - low_complexity
  - low_disruption
  - medium_severity
  - no_reboot_needed
  - restrict_strategy

- name: Get all local users from /etc/passwd
  ansible.builtin.getent:
    database: passwd
    split: ':'
  when: ("kernel-default" in ansible_facts.packages or "kernel-default-base" in ansible_facts.packages)
  tags:
  - CCE-91406-9
  - accounts_users_home_files_ownership
  - low_complexity
  - low_disruption
  - medium_severity
  - no_reboot_needed
  - restrict_strategy

- name: Create local_users variable from the getent output
  ansible.builtin.set_fact:
    local_users: '{{ ansible_facts.getent_passwd|dict2items }}'
  when: ("kernel-default" in ansible_facts.packages or "kernel-default-base" in ansible_facts.packages)
  tags:
  - CCE-91406-9
  - accounts_users_home_files_ownership
  - low_complexity
  - low_disruption
  - medium_severity
  - no_reboot_needed
  - restrict_strategy

- name: Test for existence of home directories to avoid creating them, but only fixing
    ownership
  ansible.builtin.stat:
    path: '{{ item.value[4] }}'
  register: path_exists
  loop: '{{ local_users }}'
  when:
  - ("kernel-default" in ansible_facts.packages or "kernel-default-base" in ansible_facts.packages)
  - item.value[1]|int &gt;= 1000
  - item.value[1]|int != 65534
  - item.value[4] != "/"
  tags:
  - CCE-91406-9
  - accounts_users_home_files_ownership
  - low_complexity
  - low_disruption
  - medium_severity
  - no_reboot_needed
  - restrict_strategy

- name: Ensure interactive local users are the owners of their respective home directories
  ansible.builtin.file:
    path: '{{ item.0.value[4] }}'
    owner: '{{ item.0.value[1] }}'
    recurse: true
  loop: '{{ local_users|zip(path_exists.results)|list }}'
  when:
  - ("kernel-default" in ansible_facts.packages or "kernel-default-base" in ansible_facts.packages)
  - item.1.stat is defined and item.1.stat.exists
  tags:
  - CCE-91406-9
  - accounts_users_home_files_ownership
  - low_complexity
  - low_disruption
  - medium_severity
  - no_reboot_needed
  - restrict_strategy
</fix>
          <check system="http://oval.mitre.org/XMLSchema/oval-definitions-5">
            <check-content-ref name="oval:ssg-accounts_users_home_files_ownership:def:1" href="ssg-sle15-oval.xml"/>
          </check>
          <check system="http://scap.nist.gov/schema/ocil/2">
            <check-content-ref name="ocil:ssg-accounts_users_home_files_ownership_ocil:questionnaire:1" href="ssg-sle15-ocil.xml"/>
          </check>
        </Rule>
        <Rule id="xccdf_org.ssgproject.content_rule_accounts_users_home_files_permissions" selected="false" role="full" severity="medium">
          <title xmlns:xhtml="http://www.w3.org/1999/xhtml" xml:lang="en-US">All User Files and Directories In The Home Directory Must Have Mode 0750 Or Less Permissive</title>
          <description xmlns:xhtml="http://www.w3.org/1999/xhtml" xml:lang="en-US">Set the mode on files and directories in the local interactive user home
directory with the following command:
<html:pre xmlns:html="http://www.w3.org/1999/xhtml">$ sudo chmod 0750 /home/<html:i>USER</html:i>/<html:i>FILE_DIR</html:i>
        </html:pre>
Files that begin with a "." are excluded from this requirement.</description>
          <reference href="https://www.cyber.mil/stigs/downloads/?_dl_facet_stigs=operating-systems%2Cgeneral-purpose-os">SRG-OS-000480-GPOS-00227</reference>
          <reference href="https://www.cisecurity.org/benchmark/suse_linux/">6.2.6</reference>
          <reference href="https://cyber.gouv.fr/sites/default/files/document/linux_configuration-en-v2.pdf">R50</reference>
          <rationale xmlns:xhtml="http://www.w3.org/1999/xhtml" xml:lang="en-US">If a local interactive user files have excessive permissions, unintended users
may be able to access or modify them.</rationale>
          <platform idref="#system_with_kernel"/>
          <ident system="https://ncp.nist.gov/cce">CCE-91403-6</ident>
          <fix xmlns:xhtml="http://www.w3.org/1999/xhtml" id="accounts_users_home_files_permissions" system="urn:xccdf:fix:script:sh" complexity="low" disruption="low" strategy="restrict"># Remediation is applicable only in certain platforms
if rpm --quiet -q kernel-default || rpm --quiet -q kernel-default-base; then

for home_dir in $(awk -F':' '{ if ($3 &gt;= 1000 &amp;&amp; $3 != 65534 &amp;&amp; $6 != "/") print $6 }' /etc/passwd); do
    # Only update the permissions when necessary. This will avoid changing the inode timestamp when
    # the permission is already defined as expected, therefore not impacting in possible integrity
    # check systems that also check inodes timestamps.
    find "$home_dir" -perm /7027 \! -type l -exec chmod u-s,g-w-s,o=- {} \;
done

else
    &gt;&amp;2 echo 'Remediation is not applicable, nothing was done'
fi
</fix>
          <fix xmlns:xhtml="http://www.w3.org/1999/xhtml" id="accounts_users_home_files_permissions" system="urn:xccdf:fix:script:ansible" complexity="low" disruption="low" strategy="restrict">- name: Gather the package facts
  package_facts:
    manager: auto
  tags:
  - CCE-91403-6
  - accounts_users_home_files_permissions
  - low_complexity
  - low_disruption
  - medium_severity
  - no_reboot_needed
  - restrict_strategy

- name: Get all local users from /etc/passwd
  ansible.builtin.getent:
    database: passwd
    split: ':'
  when: ("kernel-default" in ansible_facts.packages or "kernel-default-base" in ansible_facts.packages)
  tags:
  - CCE-91403-6
  - accounts_users_home_files_permissions
  - low_complexity
  - low_disruption
  - medium_severity
  - no_reboot_needed
  - restrict_strategy

- name: Create local_users variable from the getent output
  ansible.builtin.set_fact:
    local_users: '{{ ansible_facts.getent_passwd|dict2items }}'
  when: ("kernel-default" in ansible_facts.packages or "kernel-default-base" in ansible_facts.packages)
  tags:
  - CCE-91403-6
  - accounts_users_home_files_permissions
  - low_complexity
  - low_disruption
  - medium_severity
  - no_reboot_needed
  - restrict_strategy

- name: Test for existence home directories to avoid creating them.
  ansible.builtin.stat:
    path: '{{ item.value[4] }}'
  register: path_exists
  loop: '{{ local_users }}'
  when:
  - ("kernel-default" in ansible_facts.packages or "kernel-default-base" in ansible_facts.packages)
  - item.value[1]|int &gt;= 1000
  - item.value[1]|int != 65534
  - item.value[4] != "/"
  tags:
  - CCE-91403-6
  - accounts_users_home_files_permissions
  - low_complexity
  - low_disruption
  - medium_severity
  - no_reboot_needed
  - restrict_strategy

- name: Ensure interactive local users have proper permissions on their respective
    home directories
  ansible.builtin.file:
    path: '{{ item.0.value[4] }}'
    mode: u-s,g-w-s,o=-
    follow: false
    recurse: true
  loop: '{{ local_users|zip(path_exists.results)|list }}'
  when:
  - ("kernel-default" in ansible_facts.packages or "kernel-default-base" in ansible_facts.packages)
  - item.1.stat is defined and item.1.stat.exists
  tags:
  - CCE-91403-6
  - accounts_users_home_files_permissions
  - low_complexity
  - low_disruption
  - medium_severity
  - no_reboot_needed
  - restrict_strategy
</fix>
          <check system="http://oval.mitre.org/XMLSchema/oval-definitions-5">
            <check-content-ref name="oval:ssg-accounts_users_home_files_permissions:def:1" href="ssg-sle15-oval.xml"/>
          </check>
          <check system="http://scap.nist.gov/schema/ocil/2">
            <check-content-ref name="ocil:ssg-accounts_users_home_files_permissions_ocil:questionnaire:1" href="ssg-sle15-ocil.xml"/>
          </check>
        </Rule>
        <Rule id="xccdf_org.ssgproject.content_rule_accounts_users_netrc_file_permissions" selected="false" role="full" severity="medium">
          <title xmlns:xhtml="http://www.w3.org/1999/xhtml" xml:lang="en-US">Ensure users' .netrc Files are not group or world accessible</title>
          <description xmlns:xhtml="http://www.w3.org/1999/xhtml" xml:lang="en-US">While the system administrator can establish secure permissions for users' .netrc files, the
users can easily override these.

This rule ensures every .netrc file or directory under the home directory related
to an interactive user is not group or world accessible</description>
          <reference href="https://www.cisecurity.org/benchmark/suse_linux/">6.2.11</reference>
          <rationale xmlns:xhtml="http://www.w3.org/1999/xhtml" xml:lang="en-US">.netrc files may contain unencrypted passwords that may be used to attack other systems.
Note: While the complete removal of .netrc files is recommended, if any are required on the
      system, secure permissions must be applied.</rationale>
          <ident system="https://ncp.nist.gov/cce">CCE-92697-2</ident>
          <fix xmlns:xhtml="http://www.w3.org/1999/xhtml" id="accounts_users_netrc_file_permissions" system="urn:xccdf:fix:script:sh" complexity="low" disruption="low" strategy="restrict">
for user in $(awk -F':' '{ if ($3 &gt;= 1000 &amp;&amp; $3 != 65534) print $1 }' /etc/passwd); do
    home_dir=$(getent passwd "$user" | cut -d: -f6)
    find "${home_dir}/.netrc" -exec chmod 0600 {} \;
done
</fix>
          <fix xmlns:xhtml="http://www.w3.org/1999/xhtml" id="accounts_users_netrc_file_permissions" system="urn:xccdf:fix:script:ansible" complexity="low" disruption="low" strategy="restrict">- name: Get all local users from /etc/passwd
  ansible.builtin.getent:
    database: passwd
    split: ':'
  tags:
  - CCE-92697-2
  - accounts_users_netrc_file_permissions
  - low_complexity
  - low_disruption
  - medium_severity
  - no_reboot_needed
  - restrict_strategy

- name: Create local_users variable from the getent output
  ansible.builtin.set_fact:
    local_users: '{{ ansible_facts.getent_passwd|dict2items }}'
  tags:
  - CCE-92697-2
  - accounts_users_netrc_file_permissions
  - low_complexity
  - low_disruption
  - medium_severity
  - no_reboot_needed
  - restrict_strategy

- name: Test for existence of .netrc file in home directories to avoid creating them,
    but only fixing permissions
  ansible.builtin.stat:
    path: '{{ item.value[4] }}/.netrc'
  register: path_exists
  loop: '{{ local_users }}'
  when:
  - item.value[1]|int &gt;= 1000
  - item.value[1]|int != 65534
  tags:
  - CCE-92697-2
  - accounts_users_netrc_file_permissions
  - low_complexity
  - low_disruption
  - medium_severity
  - no_reboot_needed
  - restrict_strategy

- name: Ensure group and world cannot access respective .netrc files
  ansible.builtin.file:
    path: '{{ item.item.value[4] }}/.netrc'
    mode: '0600'
    state: file
  loop: '{{ path_exists.results }}'
  when: item.stat is defined and item.stat.exists
  tags:
  - CCE-92697-2
  - accounts_users_netrc_file_permissions
  - low_complexity
  - low_disruption
  - medium_severity
  - no_reboot_needed
  - restrict_strategy
</fix>
          <check system="http://oval.mitre.org/XMLSchema/oval-definitions-5">
            <check-content-ref name="oval:ssg-accounts_users_netrc_file_permissions:def:1" href="ssg-sle15-oval.xml"/>
          </check>
          <check system="http://scap.nist.gov/schema/ocil/2">
            <check-content-ref name="ocil:ssg-accounts_users_netrc_file_permissions_ocil:questionnaire:1" href="ssg-sle15-ocil.xml"/>
          </check>
        </Rule>
        <Rule id="xccdf_org.ssgproject.content_rule_accounts_users_own_home_directories" selected="false" role="full" severity="medium">
          <title xmlns:xhtml="http://www.w3.org/1999/xhtml" xml:lang="en-US">Ensure users own their home directories</title>
          <description xmlns:xhtml="http://www.w3.org/1999/xhtml" xml:lang="en-US">The user home directory is space defined for the particular user to set local
environment variables and to store personal files. Since the user is
accountable for files stored in the user home directory, the user must be
the owner of the directory.</description>
          <reference href="https://www.cisecurity.org/benchmark/suse_linux/">6.2.7</reference>
          <rationale xmlns:xhtml="http://www.w3.org/1999/xhtml" xml:lang="en-US">Since the user is accountable for files stored in the user home directory,
the user must be the owner of the directory.</rationale>
          <ident system="https://ncp.nist.gov/cce">CCE-91407-7</ident>
        </Rule>
        <Rule id="xccdf_org.ssgproject.content_rule_file_groupownership_home_directories" selected="false" role="full" severity="medium">
          <title xmlns:xhtml="http://www.w3.org/1999/xhtml" xml:lang="en-US">All Interactive User Home Directories Must Be Group-Owned By The Primary Group</title>
          <description xmlns:xhtml="http://www.w3.org/1999/xhtml" xml:lang="en-US">Change the group owner of interactive users home directory to the
group found in <html:code xmlns:html="http://www.w3.org/1999/xhtml">/etc/passwd</html:code>. To change the group owner of
interactive users home directory, use the following command:
<html:pre xmlns:html="http://www.w3.org/1999/xhtml">$ sudo chgrp <html:i>USER_GROUP</html:i> /home/<html:i>USER</html:i>
        </html:pre>

This rule ensures every home directory related to an interactive user is
group-owned by an interactive user. It also ensures that interactive users
are group-owners of one and only one home directory.</description>
          <warning xmlns:xhtml="http://www.w3.org/1999/xhtml" xml:lang="en-US" category="general">Due to OVAL limitation, this rule can report a false negative in a
specific situation where two interactive users swap the group-ownership
of their respective home directories.</warning>
          <reference href="http://nvlpubs.nist.gov/nistpubs/SpecialPublications/NIST.SP.800-53r4.pdf">CM-6(b)</reference>
          <reference href="http://nvlpubs.nist.gov/nistpubs/SpecialPublications/NIST.SP.800-53r4.pdf">CM-6.1(iv)</reference>
          <reference href="https://www.cyber.mil/stigs/downloads/?_dl_facet_stigs=operating-systems%2Cgeneral-purpose-os">SRG-OS-000480-GPOS-00227</reference>
          <reference href="https://www.cyber.mil/stigs/downloads/?_dl_facet_stigs=operating-systems%2Cunix-linux">SLES-15-040100</reference>
          <reference href="https://www.cisecurity.org/benchmark/suse_linux/">6.2.7</reference>
          <reference href="not_publicly_available">SLES-15-900300120</reference>
          <reference href="https://www.cyber.mil/stigs/srg-stig-tools/">SV-234994r991589_rule</reference>
          <rationale xmlns:xhtml="http://www.w3.org/1999/xhtml" xml:lang="en-US">If the Group Identifier (GID) of a local interactive users home directory is
not the same as the primary GID of the user, this would allow unauthorized
access to the users files, and users that share the same group may not be
able to access files that they legitimately should.</rationale>
          <ident system="https://ncp.nist.gov/cce">CCE-85711-0</ident>
          <fix xmlns:xhtml="http://www.w3.org/1999/xhtml" id="file_groupownership_home_directories" system="urn:xccdf:fix:script:sh" complexity="low" disruption="low" strategy="restrict">
awk -F':' '{ if ($3 &gt;= 1000 &amp;&amp; $3 != 65534) system("chgrp -f " $4" "$6) }' /etc/passwd
</fix>
          <fix xmlns:xhtml="http://www.w3.org/1999/xhtml" id="file_groupownership_home_directories" system="urn:xccdf:fix:script:ansible" complexity="low" disruption="low" strategy="restrict">- name: Get all local users from /etc/passwd
  ansible.builtin.getent:
    database: passwd
    split: ':'
  tags:
  - CCE-85711-0
  - DISA-STIG-SLES-15-040100
  - NIST-800-53-CM-6(b)
  - NIST-800-53-CM-6.1(iv)
  - file_groupownership_home_directories
  - low_complexity
  - low_disruption
  - medium_severity
  - no_reboot_needed
  - restrict_strategy

- name: Create local_users variable from the getent output
  ansible.builtin.set_fact:
    local_users: '{{ ansible_facts.getent_passwd|dict2items }}'
  tags:
  - CCE-85711-0
  - DISA-STIG-SLES-15-040100
  - NIST-800-53-CM-6(b)
  - NIST-800-53-CM-6.1(iv)
  - file_groupownership_home_directories
  - low_complexity
  - low_disruption
  - medium_severity
  - no_reboot_needed
  - restrict_strategy

- name: Test for existence of home directories to avoid creating them, but only fixing
    group ownership
  ansible.builtin.stat:
    path: '{{ item.value[4] }}'
  register: path_exists
  loop: '{{ local_users }}'
  when:
  - item.value[1]|int &gt;= 1000
  - item.value[1]|int != 65534
  tags:
  - CCE-85711-0
  - DISA-STIG-SLES-15-040100
  - NIST-800-53-CM-6(b)
  - NIST-800-53-CM-6.1(iv)
  - file_groupownership_home_directories
  - low_complexity
  - low_disruption
  - medium_severity
  - no_reboot_needed
  - restrict_strategy

- name: Ensure interactive local users are the group-owners of their respective home
    directories
  ansible.builtin.file:
    path: '{{ item.0.value[4] }}'
    group: '{{ item.0.value[2] }}'
  loop: '{{ local_users|zip(path_exists.results)|list }}'
  when: item.1.stat is defined and item.1.stat.exists
  tags:
  - CCE-85711-0
  - DISA-STIG-SLES-15-040100
  - NIST-800-53-CM-6(b)
  - NIST-800-53-CM-6.1(iv)
  - file_groupownership_home_directories
  - low_complexity
  - low_disruption
  - medium_severity
  - no_reboot_needed
  - restrict_strategy
</fix>
          <check system="http://oval.mitre.org/XMLSchema/oval-definitions-5">
            <check-content-ref name="oval:ssg-file_groupownership_home_directories:def:1" href="ssg-sle15-oval.xml"/>
          </check>
          <check system="http://scap.nist.gov/schema/ocil/2">
            <check-content-ref name="ocil:ssg-file_groupownership_home_directories_ocil:questionnaire:1" href="ssg-sle15-ocil.xml"/>
          </check>
        </Rule>
        <Rule id="xccdf_org.ssgproject.content_rule_file_ownership_home_directories" selected="false" role="full" severity="medium">
          <title xmlns:xhtml="http://www.w3.org/1999/xhtml" xml:lang="en-US">All Interactive User Home Directories Must Be Owned By The Primary User</title>
          <description xmlns:xhtml="http://www.w3.org/1999/xhtml" xml:lang="en-US">Change the owner of interactive users home directories to that correct
owner. To change the owner of a interactive users home directory, use
the following command:
<html:pre xmlns:html="http://www.w3.org/1999/xhtml">$ sudo chown <html:i>USER</html:i> /home/<html:i>USER</html:i>
        </html:pre>

This rule ensures every home directory related to an interactive user is
owned by an interactive user. It also ensures that interactive users are
owners of one and only one home directory.</description>
          <warning xmlns:xhtml="http://www.w3.org/1999/xhtml" xml:lang="en-US" category="general">Due to OVAL limitation, this rule can report a false negative in a
specific situation where two interactive users swap the ownership of
their respective home directories.</warning>
          <reference href="https://www.cyber.mil/stigs/downloads/?_dl_facet_stigs=operating-systems%2Cgeneral-purpose-os">SRG-OS-000480-GPOS-00227</reference>
          <reference href="https://www.cisecurity.org/benchmark/suse_linux/">6.2.7</reference>
          <reference href="not_publicly_available">SLES-15-900300120</reference>
          <rationale xmlns:xhtml="http://www.w3.org/1999/xhtml" xml:lang="en-US">If a local interactive user does not own their home directory, unauthorized
users could access or modify the user's files, and the users may not be able to
access their own files.</rationale>
          <ident system="https://ncp.nist.gov/cce">CCE-91404-4</ident>
          <fix xmlns:xhtml="http://www.w3.org/1999/xhtml" id="file_ownership_home_directories" system="urn:xccdf:fix:script:sh" complexity="low" disruption="low" strategy="restrict">
awk -F':' '{ if ($3 &gt;= 1000 &amp;&amp; $3 != 65534) system("chown -f " $3" "$6) }' /etc/passwd
</fix>
          <fix xmlns:xhtml="http://www.w3.org/1999/xhtml" id="file_ownership_home_directories" system="urn:xccdf:fix:script:ansible" complexity="low" disruption="low" strategy="restrict">- name: Get all local users from /etc/passwd
  ansible.builtin.getent:
    database: passwd
    split: ':'
  tags:
  - CCE-91404-4
  - file_ownership_home_directories
  - low_complexity
  - low_disruption
  - medium_severity
  - no_reboot_needed
  - restrict_strategy

- name: Create local_users variable from the getent output
  ansible.builtin.set_fact:
    local_users: '{{ ansible_facts.getent_passwd|dict2items }}'
  tags:
  - CCE-91404-4
  - file_ownership_home_directories
  - low_complexity
  - low_disruption
  - medium_severity
  - no_reboot_needed
  - restrict_strategy

- name: Test for existence of home directories to avoid creating them, but only fixing
    ownership
  ansible.builtin.stat:
    path: '{{ item.value[4] }}'
  register: path_exists
  loop: '{{ local_users }}'
  when:
  - item.value[1]|int &gt;= 1000
  - item.value[1]|int != 65534
  tags:
  - CCE-91404-4
  - file_ownership_home_directories
  - low_complexity
  - low_disruption
  - medium_severity
  - no_reboot_needed
  - restrict_strategy

- name: Ensure interactive local users are the owners of their respective home directories
  ansible.builtin.file:
    path: '{{ item.0.value[4] }}'
    owner: '{{ item.0.value[1] }}'
  loop: '{{ local_users|zip(path_exists.results)|list }}'
  when: item.1.stat is defined and item.1.stat.exists
  tags:
  - CCE-91404-4
  - file_ownership_home_directories
  - low_complexity
  - low_disruption
  - medium_severity
  - no_reboot_needed
  - restrict_strategy
</fix>
          <check system="http://oval.mitre.org/XMLSchema/oval-definitions-5">
            <check-content-ref name="oval:ssg-file_ownership_home_directories:def:1" href="ssg-sle15-oval.xml"/>
          </check>
          <check system="http://scap.nist.gov/schema/ocil/2">
            <check-content-ref name="ocil:ssg-file_ownership_home_directories_ocil:questionnaire:1" href="ssg-sle15-ocil.xml"/>
          </check>
        </Rule>
        <Rule id="xccdf_org.ssgproject.content_rule_file_permission_user_bash_history" selected="false" role="full" severity="medium">
          <title xmlns:xhtml="http://www.w3.org/1999/xhtml" xml:lang="en-US">Ensure User Bash History File Has Correct Permissions</title>
          <description xmlns:xhtml="http://www.w3.org/1999/xhtml" xml:lang="en-US">Set the mode of the bash history file to <html:code xmlns:html="http://www.w3.org/1999/xhtml">0600</html:code> with the
following command:
<html:pre xmlns:html="http://www.w3.org/1999/xhtml">$ sudo chmod 0600 /home/<html:i>USER</html:i>/.bash_history</html:pre>
       </description>
          <reference href="not_publicly_available">SLES-15-900300135</reference>
          <rationale xmlns:xhtml="http://www.w3.org/1999/xhtml" xml:lang="en-US">Incorrect permissions may enable malicious users to recover
other users' command history.</rationale>
          <ident system="https://ncp.nist.gov/cce">CCE-92554-5</ident>
          <fix xmlns:xhtml="http://www.w3.org/1999/xhtml" id="file_permission_user_bash_history" system="urn:xccdf:fix:script:sh" complexity="low" disruption="low" strategy="restrict">
readarray -t interactive_users &lt; &lt;(awk -F: '$3&gt;=1000   {print $1}' /etc/passwd)
readarray -t interactive_users_home &lt; &lt;(awk -F: '$3&gt;=1000   {print $6}' /etc/passwd)
readarray -t interactive_users_shell &lt; &lt;(awk -F: '$3&gt;=1000   {print $7}' /etc/passwd)

USERS_IGNORED_REGEX='nobody|nfsnobody'

for (( i=0; i&lt;"${#interactive_users[@]}"; i++ )); do
    if ! grep -qP "$USERS_IGNORED_REGEX" &lt;&lt;&lt; "${interactive_users[$i]}" &amp;&amp; \
        [ "${interactive_users_shell[$i]}" != "/sbin/nologin" ]; then

        chmod u-sx,go= "${interactive_users_home[$i]}/.bash_history"
    fi
done
</fix>
          <fix xmlns:xhtml="http://www.w3.org/1999/xhtml" id="file_permission_user_bash_history" system="urn:xccdf:fix:script:ansible" complexity="low" disruption="low" strategy="restrict">- name: Ensure User Bash History File Has Correct Permissions - Gather User Info
  ansible.builtin.getent:
    database: passwd
  tags:
  - CCE-92554-5
  - file_permission_user_bash_history
  - low_complexity
  - low_disruption
  - medium_severity
  - no_reboot_needed
  - restrict_strategy

- name: Ensure User Bash History File Has Correct Permissions - Check Bash History
    Files Existence
  ansible.builtin.stat:
    path: '{{ item.value[4] }}/.bash_history'
  register: bash_history_files
  with_dict: '{{ ansible_facts.getent_passwd }}'
  when:
  - item.value[4] != "/sbin/nologin"
  - item.key not in ["nobody", "nfsnobody"]
  - item.value[1] | int &gt;= 1000
  tags:
  - CCE-92554-5
  - file_permission_user_bash_history
  - low_complexity
  - low_disruption
  - medium_severity
  - no_reboot_needed
  - restrict_strategy

- name: Ensure User Bash History File Has Correct Permissions - Fix Bash History Files
    Permissions
  ansible.builtin.file:
    path: '{{ item.stat.path }}'
    mode: u-sx,go=
  with_items: '{{ bash_history_files.results }}'
  when:
  - item.stat is defined
  - item.stat.exists
  tags:
  - CCE-92554-5
  - file_permission_user_bash_history
  - low_complexity
  - low_disruption
  - medium_severity
  - no_reboot_needed
  - restrict_strategy
</fix>
          <check system="http://oval.mitre.org/XMLSchema/oval-definitions-5">
            <check-content-ref name="oval:ssg-file_permission_user_bash_history:def:1" href="ssg-sle15-oval.xml"/>
          </check>
          <check system="http://scap.nist.gov/schema/ocil/2">
            <check-content-ref name="ocil:ssg-file_permission_user_bash_history_ocil:questionnaire:1" href="ssg-sle15-ocil.xml"/>
          </check>
        </Rule>
        <Rule id="xccdf_org.ssgproject.content_rule_file_permission_user_init_files" selected="false" role="full" severity="medium">
          <title xmlns:xhtml="http://www.w3.org/1999/xhtml" xml:lang="en-US">Ensure All User Initialization Files Have Mode 0740 Or Less Permissive</title>
          <description xmlns:xhtml="http://www.w3.org/1999/xhtml" xml:lang="en-US">Set the mode of the user initialization files to <html:code xmlns:html="http://www.w3.org/1999/xhtml">0740</html:code> with the
following command:
<html:pre xmlns:html="http://www.w3.org/1999/xhtml">$ sudo chmod 0740 /home/<html:i>USER</html:i>/.<html:i>INIT_FILE</html:i>
        </html:pre>
       </description>
          <reference href="https://www.cyber.mil/stigs/downloads/?_dl_facet_stigs=operating-systems%2Cgeneral-purpose-os">SRG-OS-000480-GPOS-00227</reference>
          <reference href="https://www.cyber.mil/stigs/downloads/?_dl_facet_stigs=operating-systems%2Cunix-linux">SLES-15-040110</reference>
          <reference href="https://cyber.gouv.fr/sites/default/files/document/linux_configuration-en-v2.pdf">R50</reference>
          <reference href="not_publicly_available">SLES-15-900300135</reference>
          <reference href="https://www.cyber.mil/stigs/srg-stig-tools/">SV-234995r991589_rule</reference>
          <rationale xmlns:xhtml="http://www.w3.org/1999/xhtml" xml:lang="en-US">Local initialization files are used to configure the user's shell environment
upon logon. Malicious modification of these files could compromise accounts upon
logon.</rationale>
          <ident system="https://ncp.nist.gov/cce">CCE-85630-2</ident>
          <fix xmlns:xhtml="http://www.w3.org/1999/xhtml" id="file_permission_user_init_files" system="urn:xccdf:fix:script:sh" complexity="low" disruption="low" strategy="restrict">
var_user_initialization_files_regex='<xccdf-1.2:sub xmlns:xccdf-1.2="http://checklists.nist.gov/xccdf/1.2" idref="xccdf_org.ssgproject.content_value_var_user_initialization_files_regex" use="legacy"/>'


readarray -t interactive_users &lt; &lt;(awk -F: '$3&gt;=1000   {print $1}' /etc/passwd)
readarray -t interactive_users_home &lt; &lt;(awk -F: '$3&gt;=1000   {print $6}' /etc/passwd)
readarray -t interactive_users_shell &lt; &lt;(awk -F: '$3&gt;=1000   {print $7}' /etc/passwd)

USERS_IGNORED_REGEX='nobody|nfsnobody'

for (( i=0; i&lt;"${#interactive_users[@]}"; i++ )); do
    if ! grep -qP "$USERS_IGNORED_REGEX" &lt;&lt;&lt; "${interactive_users[$i]}" &amp;&amp; \
        [ "${interactive_users_shell[$i]}" != "/sbin/nologin" ]; then
        
        readarray -t init_files &lt; &lt;(find "${interactive_users_home[$i]}" -maxdepth 1 \
            -exec basename {} \; | grep -P "$var_user_initialization_files_regex")
        for file in "${init_files[@]}"; do
            chmod u-s,g-wxs,o= "${interactive_users_home[$i]}/$file"
        done
    fi
done
</fix>
          <fix xmlns:xhtml="http://www.w3.org/1999/xhtml" id="file_permission_user_init_files" system="urn:xccdf:fix:script:ansible" complexity="low" disruption="low" strategy="restrict">- name: XCCDF Value var_user_initialization_files_regex # promote to variable
  set_fact:
    var_user_initialization_files_regex: !!str <xccdf-1.2:sub xmlns:xccdf-1.2="http://checklists.nist.gov/xccdf/1.2" idref="xccdf_org.ssgproject.content_value_var_user_initialization_files_regex" use="legacy"/>
  tags:
    - always

- name: Ensure All User Initialization Files Have Mode 0740 Or Less Permissive - Gather
    User Info
  ansible.builtin.getent:
    database: passwd
  tags:
  - CCE-85630-2
  - DISA-STIG-SLES-15-040110
  - file_permission_user_init_files
  - low_complexity
  - low_disruption
  - medium_severity
  - no_reboot_needed
  - restrict_strategy

- name: Ensure All User Initialization Files Have Mode 0740 Or Less Permissive - Find
    Init Files
  ansible.builtin.find:
    paths: '{{ item.value[4] }}'
    pattern: '{{ var_user_initialization_files_regex }}'
    hidden: true
    use_regex: true
  with_dict: '{{ ansible_facts.getent_passwd }}'
  when:
  - item.value[4] != "/sbin/nologin"
  - item.key not in ["nobody", "nfsnobody"]
  - item.value[1] | int &gt;= 1000
  register: found_init_files
  tags:
  - CCE-85630-2
  - DISA-STIG-SLES-15-040110
  - file_permission_user_init_files
  - low_complexity
  - low_disruption
  - medium_severity
  - no_reboot_needed
  - restrict_strategy

- name: Ensure All User Initialization Files Have Mode 0740 Or Less Permissive - Fix
    Init Files Permissions
  ansible.builtin.file:
    path: '{{ item.1.path }}'
    mode: u-s,g-wxs,o=
  loop: '{{ q(''ansible.builtin.subelements'', found_init_files.results, ''files'',
    {''skip_missing'': True}) }}'
  tags:
  - CCE-85630-2
  - DISA-STIG-SLES-15-040110
  - file_permission_user_init_files
  - low_complexity
  - low_disruption
  - medium_severity
  - no_reboot_needed
  - restrict_strategy
</fix>
          <check system="http://oval.mitre.org/XMLSchema/oval-definitions-5">
            <check-export export-name="oval:ssg-var_user_initialization_files_regex:var:1" value-id="xccdf_org.ssgproject.content_value_var_user_initialization_files_regex"/>
            <check-content-ref name="oval:ssg-file_permission_user_init_files:def:1" href="ssg-sle15-oval.xml"/>
          </check>
          <check system="http://scap.nist.gov/schema/ocil/2">
            <check-content-ref name="ocil:ssg-file_permission_user_init_files_ocil:questionnaire:1" href="ssg-sle15-ocil.xml"/>
          </check>
        </Rule>
        <Rule id="xccdf_org.ssgproject.content_rule_file_permissions_home_directories" selected="false" role="full" severity="medium">
          <title xmlns:xhtml="http://www.w3.org/1999/xhtml" xml:lang="en-US">All Interactive User Home Directories Must Have mode 0750 Or Less Permissive</title>
          <description xmlns:xhtml="http://www.w3.org/1999/xhtml" xml:lang="en-US">Change the mode of interactive users home directories to <html:code xmlns:html="http://www.w3.org/1999/xhtml">0750</html:code>. To
change the mode of interactive users home directory, use the
following command:
<html:pre xmlns:html="http://www.w3.org/1999/xhtml">$ sudo chmod 0750 /home/<html:i>USER</html:i>
        </html:pre>
       </description>
          <reference href="https://www.cyber.mil/stigs/downloads/?_dl_facet_stigs=operating-systems%2Cgeneral-purpose-os">SRG-OS-000480-GPOS-00227</reference>
          <reference href="https://www.cyber.mil/stigs/downloads/?_dl_facet_stigs=operating-systems%2Cunix-linux">SLES-15-040090</reference>
          <reference href="https://www.cisecurity.org/benchmark/suse_linux/">6.2.6</reference>
          <reference href="not_publicly_available">SLES-15-900300120</reference>
          <reference href="https://www.cyber.mil/stigs/srg-stig-tools/">SV-234993r991589_rule</reference>
          <rationale xmlns:xhtml="http://www.w3.org/1999/xhtml" xml:lang="en-US">Excessive permissions on local interactive user home directories may allow
unauthorized access to user files by other users.</rationale>
          <ident system="https://ncp.nist.gov/cce">CCE-85629-4</ident>
          <fix xmlns:xhtml="http://www.w3.org/1999/xhtml" id="file_permissions_home_directories" system="urn:xccdf:fix:script:sh" complexity="low" disruption="low" strategy="restrict">
for home_dir in $(awk -F':' '{ if ($3 &gt;= 1000 &amp;&amp; $3 != 65534 &amp;&amp; $6 != "/") print $6 }' /etc/passwd); do
    # Only update the permissions when necessary. This will avoid changing the inode timestamp when
    # the permission is already defined as expected, therefore not impacting in possible integrity
    # check systems that also check inodes timestamps.
    find "$home_dir" -maxdepth 0 -perm /7027 \! -type l -exec chmod u-s,g-w-s,o=- {} \;
done
</fix>
          <fix xmlns:xhtml="http://www.w3.org/1999/xhtml" id="file_permissions_home_directories" system="urn:xccdf:fix:script:ansible" complexity="low" disruption="low" strategy="restrict">- name: Get all local users from /etc/passwd
  ansible.builtin.getent:
    database: passwd
    split: ':'
  tags:
  - CCE-85629-4
  - DISA-STIG-SLES-15-040090
  - file_permissions_home_directories
  - low_complexity
  - low_disruption
  - medium_severity
  - no_reboot_needed
  - restrict_strategy

- name: Create local_users variable from the getent output
  ansible.builtin.set_fact:
    local_users: '{{ ansible_facts.getent_passwd|dict2items }}'
  tags:
  - CCE-85629-4
  - DISA-STIG-SLES-15-040090
  - file_permissions_home_directories
  - low_complexity
  - low_disruption
  - medium_severity
  - no_reboot_needed
  - restrict_strategy

- name: Test for existence home directories to avoid creating them.
  ansible.builtin.stat:
    path: '{{ item.value[4] }}'
  register: path_exists
  loop: '{{ local_users }}'
  when:
  - item.value[1]|int &gt;= 1000
  - item.value[1]|int != 65534
  - item.value[4] != "/"
  tags:
  - CCE-85629-4
  - DISA-STIG-SLES-15-040090
  - file_permissions_home_directories
  - low_complexity
  - low_disruption
  - medium_severity
  - no_reboot_needed
  - restrict_strategy

- name: Ensure interactive local users have proper permissions on their respective
    home directories
  ansible.builtin.file:
    path: '{{ item.0.value[4] }}'
    mode: u-s,g-w-s,o=-
    follow: false
    recurse: false
  loop: '{{ local_users|zip(path_exists.results)|list }}'
  when: item.1.stat is defined and item.1.stat.exists
  tags:
  - CCE-85629-4
  - DISA-STIG-SLES-15-040090
  - file_permissions_home_directories
  - low_complexity
  - low_disruption
  - medium_severity
  - no_reboot_needed
  - restrict_strategy
</fix>
          <check system="http://oval.mitre.org/XMLSchema/oval-definitions-5">
            <check-content-ref name="oval:ssg-file_permissions_home_directories:def:1" href="ssg-sle15-oval.xml"/>
          </check>
          <check system="http://scap.nist.gov/schema/ocil/2">
            <check-content-ref name="ocil:ssg-file_permissions_home_directories_ocil:questionnaire:1" href="ssg-sle15-ocil.xml"/>
          </check>
        </Rule>
        <Rule id="xccdf_org.ssgproject.content_rule_file_permissions_home_dirs" selected="false" role="full" severity="medium">
          <title xmlns:xhtml="http://www.w3.org/1999/xhtml" xml:lang="en-US">Ensure that User Home Directories are not Group-Writable or World-Readable</title>
          <description xmlns:xhtml="http://www.w3.org/1999/xhtml" xml:lang="en-US">For each human user of the system, view the
permissions of the user's home directory:
<html:pre xmlns:html="http://www.w3.org/1999/xhtml"># ls -ld /home/<html:i>USER</html:i>
        </html:pre>
Ensure that the directory is not group-writable and that it
is not world-readable. If necessary, repair the permissions:
<html:pre xmlns:html="http://www.w3.org/1999/xhtml"># chmod g-w /home/<html:i>USER</html:i>
# chmod o-rwx /home/<html:i>USER</html:i>
        </html:pre>
       </description>
          <warning xmlns:xhtml="http://www.w3.org/1999/xhtml" xml:lang="en-US" category="functionality">This action may involve modifying user home directories.
Notify your user community, and solicit input if appropriate,
before making this type of change.</warning>
          <warning xmlns:xhtml="http://www.w3.org/1999/xhtml" xml:lang="en-US" category="general">This rule is deprecated in favor of the <html:code xmlns:html="http://www.w3.org/1999/xhtml">file_permissions_home_directories</html:code> rule.Please consider replacing this rule in your files as it is not expected to receive
updates as of version <html:code xmlns:html="http://www.w3.org/1999/xhtml">0.1.62</html:code>.</warning>
          <reference href="https://www.cisecurity.org/controls/">12</reference>
          <reference href="https://www.cisecurity.org/controls/">13</reference>
          <reference href="https://www.cisecurity.org/controls/">14</reference>
          <reference href="https://www.cisecurity.org/controls/">15</reference>
          <reference href="https://www.cisecurity.org/controls/">16</reference>
          <reference href="https://www.cisecurity.org/controls/">18</reference>
          <reference href="https://www.cisecurity.org/controls/">3</reference>
          <reference href="https://www.cisecurity.org/controls/">5</reference>
          <reference href="https://www.isaca.org/resources/cobit">APO01.06</reference>
          <reference href="https://www.isaca.org/resources/cobit">DSS05.04</reference>
          <reference href="https://www.isaca.org/resources/cobit">DSS05.07</reference>
          <reference href="https://www.isaca.org/resources/cobit">DSS06.02</reference>
          <reference href="https://www.isa.org/products/isa-62443-2-1-2009-security-for-industrial-automat">4.3.3.7.3</reference>
          <reference href="https://www.isa.org/products/ansi-isa-62443-3-3-99-03-03-2013-security-for-indu">SR 2.1</reference>
          <reference href="https://www.isa.org/products/ansi-isa-62443-3-3-99-03-03-2013-security-for-indu">SR 5.2</reference>
          <reference href="https://www.iso.org/contents/data/standard/05/45/54534.html">A.10.1.1</reference>
          <reference href="https://www.iso.org/contents/data/standard/05/45/54534.html">A.11.1.4</reference>
          <reference href="https://www.iso.org/contents/data/standard/05/45/54534.html">A.11.1.5</reference>
          <reference href="https://www.iso.org/contents/data/standard/05/45/54534.html">A.11.2.1</reference>
          <reference href="https://www.iso.org/contents/data/standard/05/45/54534.html">A.13.1.1</reference>
          <reference href="https://www.iso.org/contents/data/standard/05/45/54534.html">A.13.1.3</reference>
          <reference href="https://www.iso.org/contents/data/standard/05/45/54534.html">A.13.2.1</reference>
          <reference href="https://www.iso.org/contents/data/standard/05/45/54534.html">A.13.2.3</reference>
          <reference href="https://www.iso.org/contents/data/standard/05/45/54534.html">A.13.2.4</reference>
          <reference href="https://www.iso.org/contents/data/standard/05/45/54534.html">A.14.1.2</reference>
          <reference href="https://www.iso.org/contents/data/standard/05/45/54534.html">A.14.1.3</reference>
          <reference href="https://www.iso.org/contents/data/standard/05/45/54534.html">A.6.1.2</reference>
          <reference href="https://www.iso.org/contents/data/standard/05/45/54534.html">A.7.1.1</reference>
          <reference href="https://www.iso.org/contents/data/standard/05/45/54534.html">A.7.1.2</reference>
          <reference href="https://www.iso.org/contents/data/standard/05/45/54534.html">A.7.3.1</reference>
          <reference href="https://www.iso.org/contents/data/standard/05/45/54534.html">A.8.2.2</reference>
          <reference href="https://www.iso.org/contents/data/standard/05/45/54534.html">A.8.2.3</reference>
          <reference href="https://www.iso.org/contents/data/standard/05/45/54534.html">A.9.1.1</reference>
          <reference href="https://www.iso.org/contents/data/standard/05/45/54534.html">A.9.1.2</reference>
          <reference href="https://www.iso.org/contents/data/standard/05/45/54534.html">A.9.2.3</reference>
          <reference href="https://www.iso.org/contents/data/standard/05/45/54534.html">A.9.4.1</reference>
          <reference href="https://www.iso.org/contents/data/standard/05/45/54534.html">A.9.4.4</reference>
          <reference href="https://www.iso.org/contents/data/standard/05/45/54534.html">A.9.4.5</reference>
          <reference href="https://www.nerc.com/standards/reliability-standards/cip">CIP-003-8 R5.1.1</reference>
          <reference href="https://www.nerc.com/standards/reliability-standards/cip">CIP-003-8 R5.3</reference>
          <reference href="https://www.nerc.com/standards/reliability-standards/cip">CIP-004-6 R2.3</reference>
          <reference href="https://www.nerc.com/standards/reliability-standards/cip">CIP-007-3 R2.1</reference>
          <reference href="https://www.nerc.com/standards/reliability-standards/cip">CIP-007-3 R2.2</reference>
          <reference href="https://www.nerc.com/standards/reliability-standards/cip">CIP-007-3 R2.3</reference>
          <reference href="https://www.nerc.com/standards/reliability-standards/cip">CIP-007-3 R5.1</reference>
          <reference href="https://www.nerc.com/standards/reliability-standards/cip">CIP-007-3 R5.1.1</reference>
          <reference href="https://www.nerc.com/standards/reliability-standards/cip">CIP-007-3 R5.1.2</reference>
          <reference href="http://nvlpubs.nist.gov/nistpubs/SpecialPublications/NIST.SP.800-53r4.pdf">CM-6(a)</reference>
          <reference href="http://nvlpubs.nist.gov/nistpubs/SpecialPublications/NIST.SP.800-53r4.pdf">AC-6(1)</reference>
          <reference href="http://nvlpubs.nist.gov/nistpubs/SpecialPublications/NIST.SP.800-53r4.pdf">CM-6(a)</reference>
          <reference href="https://nvlpubs.nist.gov/nistpubs/CSWP/NIST.CSWP.04162018.pdf">PR.AC-4</reference>
          <reference href="https://nvlpubs.nist.gov/nistpubs/CSWP/NIST.CSWP.04162018.pdf">PR.DS-5</reference>
          <rationale xmlns:xhtml="http://www.w3.org/1999/xhtml" xml:lang="en-US">User home directories contain many configuration files which
affect the behavior of a user's account. No user should ever have
write permission to another user's home directory. Group shared
directories can be configured in sub-directories or elsewhere in the
filesystem if they are needed. Typically, user home directories
should not be world-readable, as it would disclose file names
to other users. If a subset of users need read access
to one another's home directories, this can be provided using
groups or ACLs.</rationale>
          <fix xmlns:xhtml="http://www.w3.org/1999/xhtml" id="file_permissions_home_dirs" system="urn:xccdf:fix:script:sh" complexity="low" disruption="low" strategy="restrict">
for home_dir in $(awk -F':' '{ if ($3 &gt;= 1000 &amp;&amp; $3 != 65534 &amp;&amp; $6 != "/") print $6 }' /etc/passwd); do
    # Only update the permissions when necessary. This will avoid changing the inode timestamp when
    # the permission is already defined as expected, therefore not impacting in possible integrity
    # check systems that also check inodes timestamps.
    find "$home_dir" -maxdepth 0 -perm /7027 \! -type l -exec chmod u-s,g-w-s,o=- {} \;
done
</fix>
          <fix xmlns:xhtml="http://www.w3.org/1999/xhtml" id="file_permissions_home_dirs" system="urn:xccdf:fix:script:ansible" complexity="low" disruption="low" strategy="restrict">- name: Get all local users from /etc/passwd
  ansible.builtin.getent:
    database: passwd
    split: ':'
  tags:
  - NIST-800-53-AC-6(1)
  - NIST-800-53-CM-6(a)
  - NIST-800-53-CM-6(a)
  - file_permissions_home_dirs
  - low_complexity
  - low_disruption
  - medium_severity
  - no_reboot_needed
  - restrict_strategy

- name: Create local_users variable from the getent output
  ansible.builtin.set_fact:
    local_users: '{{ ansible_facts.getent_passwd|dict2items }}'
  tags:
  - NIST-800-53-AC-6(1)
  - NIST-800-53-CM-6(a)
  - NIST-800-53-CM-6(a)
  - file_permissions_home_dirs
  - low_complexity
  - low_disruption
  - medium_severity
  - no_reboot_needed
  - restrict_strategy

- name: Test for existence home directories to avoid creating them.
  ansible.builtin.stat:
    path: '{{ item.value[4] }}'
  register: path_exists
  loop: '{{ local_users }}'
  when:
  - item.value[1]|int &gt;= 1000
  - item.value[1]|int != 65534
  - item.value[4] != "/"
  tags:
  - NIST-800-53-AC-6(1)
  - NIST-800-53-CM-6(a)
  - NIST-800-53-CM-6(a)
  - file_permissions_home_dirs
  - low_complexity
  - low_disruption
  - medium_severity
  - no_reboot_needed
  - restrict_strategy

- name: Ensure interactive local users have proper permissions on their respective
    home directories
  ansible.builtin.file:
    path: '{{ item.0.value[4] }}'
    mode: u-s,g-w-s,o=-
    follow: false
    recurse: false
  loop: '{{ local_users|zip(path_exists.results)|list }}'
  when: item.1.stat is defined and item.1.stat.exists
  tags:
  - NIST-800-53-AC-6(1)
  - NIST-800-53-CM-6(a)
  - NIST-800-53-CM-6(a)
  - file_permissions_home_dirs
  - low_complexity
  - low_disruption
  - medium_severity
  - no_reboot_needed
  - restrict_strategy
</fix>
          <check system="http://oval.mitre.org/XMLSchema/oval-definitions-5">
            <check-content-ref name="oval:ssg-file_permissions_home_dirs:def:1" href="ssg-sle15-oval.xml"/>
          </check>
          <check system="http://scap.nist.gov/schema/ocil/2">
            <check-content-ref name="ocil:ssg-file_permissions_home_dirs_ocil:questionnaire:1" href="ssg-sle15-ocil.xml"/>
          </check>
        </Rule>
        <Group id="xccdf_org.ssgproject.content_group_root_paths">
          <title xmlns:xhtml="http://www.w3.org/1999/xhtml" xml:lang="en-US">Ensure that No Dangerous Directories Exist in Root's Path</title>
          <description xmlns:xhtml="http://www.w3.org/1999/xhtml" xml:lang="en-US">The active path of the root account can be obtained by
starting a new root shell and running:
<html:pre xmlns:html="http://www.w3.org/1999/xhtml"># echo $PATH</html:pre>
This will produce a colon-separated list of
directories in the path.
<html:br xmlns:html="http://www.w3.org/1999/xhtml"/>
        <html:br xmlns:html="http://www.w3.org/1999/xhtml"/>
Certain path elements could be considered dangerous, as they could lead
to root executing unknown or
untrusted programs, which could contain malicious
code.
Since root may sometimes work inside
untrusted directories, the <html:code xmlns:html="http://www.w3.org/1999/xhtml">.</html:code> character, which represents the
current directory, should never be in the root path, nor should any
directory which can be written to by an unprivileged or
semi-privileged (system) user.
<html:br xmlns:html="http://www.w3.org/1999/xhtml"/>
        <html:br xmlns:html="http://www.w3.org/1999/xhtml"/>
It is a good practice for administrators to always execute
privileged commands by typing the full path to the
command.</description>
          <Rule id="xccdf_org.ssgproject.content_rule_accounts_root_path_dirs_no_write" selected="false" role="full" severity="medium">
            <title xmlns:xhtml="http://www.w3.org/1999/xhtml" xml:lang="en-US">Ensure that Root's Path Does Not Include World or Group-Writable Directories</title>
            <description xmlns:xhtml="http://www.w3.org/1999/xhtml" xml:lang="en-US">For each element in root's path, run:
<html:pre xmlns:html="http://www.w3.org/1999/xhtml"># ls -ld <html:i>DIR</html:i>
         </html:pre>
and ensure that write permissions are disabled for group and
other.</description>
            <reference href="https://www.cisecurity.org/controls/">11</reference>
            <reference href="https://www.cisecurity.org/controls/">3</reference>
            <reference href="https://www.cisecurity.org/controls/">9</reference>
            <reference href="https://www.isaca.org/resources/cobit">BAI10.01</reference>
            <reference href="https://www.isaca.org/resources/cobit">BAI10.02</reference>
            <reference href="https://www.isaca.org/resources/cobit">BAI10.03</reference>
            <reference href="https://www.isaca.org/resources/cobit">BAI10.05</reference>
            <reference href="https://www.isa.org/products/isa-62443-2-1-2009-security-for-industrial-automat">4.3.4.3.2</reference>
            <reference href="https://www.isa.org/products/isa-62443-2-1-2009-security-for-industrial-automat">4.3.4.3.3</reference>
            <reference href="https://www.isa.org/products/ansi-isa-62443-3-3-99-03-03-2013-security-for-indu">SR 7.6</reference>
            <reference href="https://www.iso.org/contents/data/standard/05/45/54534.html">A.12.1.2</reference>
            <reference href="https://www.iso.org/contents/data/standard/05/45/54534.html">A.12.5.1</reference>
            <reference href="https://www.iso.org/contents/data/standard/05/45/54534.html">A.12.6.2</reference>
            <reference href="https://www.iso.org/contents/data/standard/05/45/54534.html">A.14.2.2</reference>
            <reference href="https://www.iso.org/contents/data/standard/05/45/54534.html">A.14.2.3</reference>
            <reference href="https://www.iso.org/contents/data/standard/05/45/54534.html">A.14.2.4</reference>
            <reference href="http://nvlpubs.nist.gov/nistpubs/SpecialPublications/NIST.SP.800-53r4.pdf">CM-6(a)</reference>
            <reference href="http://nvlpubs.nist.gov/nistpubs/SpecialPublications/NIST.SP.800-53r4.pdf">CM-6(a)</reference>
            <reference href="https://nvlpubs.nist.gov/nistpubs/CSWP/NIST.CSWP.04162018.pdf">PR.IP-1</reference>
            <reference href="https://www.cisecurity.org/benchmark/suse_linux/">6.2.4</reference>
            <reference href="not_publicly_available">SLES-15-600600165</reference>
            <rationale xmlns:xhtml="http://www.w3.org/1999/xhtml" xml:lang="en-US">Such entries increase the risk that root could
execute code provided by unprivileged users,
and potentially malicious code.</rationale>
            <ident system="https://ncp.nist.gov/cce">CCE-91401-0</ident>
            <fix xmlns:xhtml="http://www.w3.org/1999/xhtml" id="accounts_root_path_dirs_no_write" system="urn:xccdf:fix:script:ansible" complexity="low" disruption="medium" strategy="restrict">- name: Get root paths which are not symbolic links
  ansible.builtin.stat:
    path: '{{ item }}'
  changed_when: false
  failed_when: false
  register: root_paths
  with_items: '{{ ansible_env.PATH.split('':'') }}'
  tags:
  - CCE-91401-0
  - NIST-800-53-CM-6(a)
  - NIST-800-53-CM-6(a)
  - accounts_root_path_dirs_no_write
  - low_complexity
  - medium_disruption
  - medium_severity
  - no_reboot_needed
  - restrict_strategy

- name: Disable writability to root directories
  ansible.builtin.file:
    path: '{{ item.item }}'
    mode: g-w,o-w
  with_items: '{{ root_paths.results }}'
  when:
  - root_paths.results is defined
  - item.stat.exists
  - not item.stat.islnk
  tags:
  - CCE-91401-0
  - NIST-800-53-CM-6(a)
  - NIST-800-53-CM-6(a)
  - accounts_root_path_dirs_no_write
  - low_complexity
  - medium_disruption
  - medium_severity
  - no_reboot_needed
  - restrict_strategy
</fix>
            <check system="http://oval.mitre.org/XMLSchema/oval-definitions-5">
              <check-content-ref name="oval:ssg-accounts_root_path_dirs_no_write:def:1" href="ssg-sle15-oval.xml"/>
            </check>
            <check system="http://scap.nist.gov/schema/ocil/2">
              <check-content-ref name="ocil:ssg-accounts_root_path_dirs_no_write_ocil:questionnaire:1" href="ssg-sle15-ocil.xml"/>
            </check>
          </Rule>
          <Rule id="xccdf_org.ssgproject.content_rule_root_path_no_dot" selected="false" role="full" severity="unknown">
            <title xmlns:xhtml="http://www.w3.org/1999/xhtml" xml:lang="en-US">Ensure that Root's Path Does Not Include Relative Paths or Null Directories</title>
            <description xmlns:xhtml="http://www.w3.org/1999/xhtml" xml:lang="en-US">Ensure that none of the directories in root's path is equal to a single
<html:code xmlns:html="http://www.w3.org/1999/xhtml">.</html:code> character, or
that it contains any instances that lead to relative path traversal, such as
<html:code xmlns:html="http://www.w3.org/1999/xhtml">..</html:code> or beginning a path without the slash (<html:code xmlns:html="http://www.w3.org/1999/xhtml">/</html:code>) character.
Also ensure that there are no "empty" elements in the path, such as in these examples:
<html:pre xmlns:html="http://www.w3.org/1999/xhtml">PATH=:/bin
PATH=/bin:
PATH=/bin::/sbin</html:pre>
These empty elements have the same effect as a single <html:code xmlns:html="http://www.w3.org/1999/xhtml">.</html:code> character.</description>
            <reference href="https://www.cisecurity.org/controls/">11</reference>
            <reference href="https://www.cisecurity.org/controls/">3</reference>
            <reference href="https://www.cisecurity.org/controls/">9</reference>
            <reference href="https://www.isaca.org/resources/cobit">BAI10.01</reference>
            <reference href="https://www.isaca.org/resources/cobit">BAI10.02</reference>
            <reference href="https://www.isaca.org/resources/cobit">BAI10.03</reference>
            <reference href="https://www.isaca.org/resources/cobit">BAI10.05</reference>
            <reference href="https://www.isa.org/products/isa-62443-2-1-2009-security-for-industrial-automat">4.3.4.3.2</reference>
            <reference href="https://www.isa.org/products/isa-62443-2-1-2009-security-for-industrial-automat">4.3.4.3.3</reference>
            <reference href="https://www.isa.org/products/ansi-isa-62443-3-3-99-03-03-2013-security-for-indu">SR 7.6</reference>
            <reference href="https://www.iso.org/contents/data/standard/05/45/54534.html">A.12.1.2</reference>
            <reference href="https://www.iso.org/contents/data/standard/05/45/54534.html">A.12.5.1</reference>
            <reference href="https://www.iso.org/contents/data/standard/05/45/54534.html">A.12.6.2</reference>
            <reference href="https://www.iso.org/contents/data/standard/05/45/54534.html">A.14.2.2</reference>
            <reference href="https://www.iso.org/contents/data/standard/05/45/54534.html">A.14.2.3</reference>
            <reference href="https://www.iso.org/contents/data/standard/05/45/54534.html">A.14.2.4</reference>
            <reference href="http://nvlpubs.nist.gov/nistpubs/SpecialPublications/NIST.SP.800-53r4.pdf">CM-6(a)</reference>
            <reference href="http://nvlpubs.nist.gov/nistpubs/SpecialPublications/NIST.SP.800-53r4.pdf">CM-6(a)</reference>
            <reference href="https://nvlpubs.nist.gov/nistpubs/CSWP/NIST.CSWP.04162018.pdf">PR.IP-1</reference>
            <reference href="https://www.cisecurity.org/benchmark/suse_linux/">6.2.4</reference>
            <reference href="not_publicly_available">SLES-15-600600165</reference>
            <rationale xmlns:xhtml="http://www.w3.org/1999/xhtml" xml:lang="en-US">Including these entries increases the risk that root could
execute code from an untrusted location.</rationale>
            <ident system="https://ncp.nist.gov/cce">CCE-91400-2</ident>
            <check system="http://oval.mitre.org/XMLSchema/oval-definitions-5">
              <check-content-ref name="oval:ssg-root_path_no_dot:def:1" href="ssg-sle15-oval.xml"/>
            </check>
          </Rule>
        </Group>
        <Group id="xccdf_org.ssgproject.content_group_user_umask">
          <title xmlns:xhtml="http://www.w3.org/1999/xhtml" xml:lang="en-US">Ensure that Users Have Sensible Umask Values</title>
          <description xmlns:xhtml="http://www.w3.org/1999/xhtml" xml:lang="en-US">The umask setting controls the default permissions
for the creation of new files.
With a default <html:code xmlns:html="http://www.w3.org/1999/xhtml">umask</html:code> setting of 077, files and directories
created by users will not be readable by any other user on the
system. Users who wish to make specific files group- or
world-readable can accomplish this by using the chmod command.
Additionally, users can make all their files readable to their
group by default by setting a <html:code xmlns:html="http://www.w3.org/1999/xhtml">umask</html:code> of 027 in their shell
configuration files. If default per-user groups exist (that is, if
every user has a default group whose name is the same as that
user's username and whose only member is the user), then it may
even be safe for users to select a <html:code xmlns:html="http://www.w3.org/1999/xhtml">umask</html:code> of 007, making it very
easy to intentionally share files with groups of which the user is
a member.
<html:br xmlns:html="http://www.w3.org/1999/xhtml"/>
        <html:br xmlns:html="http://www.w3.org/1999/xhtml"/>
       </description>
          <platform idref="#system_with_kernel"/>
          <Value id="xccdf_org.ssgproject.content_value_var_accounts_user_umask" type="string">
            <title xmlns:xhtml="http://www.w3.org/1999/xhtml" xml:lang="en-US">Sensible umask</title>
            <description xmlns:xhtml="http://www.w3.org/1999/xhtml" xml:lang="en-US">Enter default user umask</description>
            <value selector="007">007</value>
            <value selector="022">022</value>
            <value selector="027">027</value>
            <value selector="077">077</value>
            <value>027</value>
          </Value>
          <Rule id="xccdf_org.ssgproject.content_rule_accounts_umask_etc_bashrc" selected="false" role="full" severity="medium">
            <title xmlns:xhtml="http://www.w3.org/1999/xhtml" xml:lang="en-US">Ensure the Default Bash Umask is Set Correctly</title>
            <description xmlns:xhtml="http://www.w3.org/1999/xhtml" xml:lang="en-US">To ensure the default umask for users of the Bash shell is set properly,
add or correct the <html:code xmlns:html="http://www.w3.org/1999/xhtml">umask</html:code> setting in <html:code xmlns:html="http://www.w3.org/1999/xhtml">/etc/bash.bashrc</html:code> to read
as follows:
<html:pre xmlns:html="http://www.w3.org/1999/xhtml" xmlns:xccdf-1.2="http://checklists.nist.gov/xccdf/1.2">umask <xccdf-1.2:sub idref="xccdf_org.ssgproject.content_value_var_accounts_user_umask" use="legacy"/>
         </html:pre>
        </description>
            <reference href="https://www.cisecurity.org/controls/">18</reference>
            <reference href="https://www.isaca.org/resources/cobit">APO13.01</reference>
            <reference href="https://www.isaca.org/resources/cobit">BAI03.01</reference>
            <reference href="https://www.isaca.org/resources/cobit">BAI03.02</reference>
            <reference href="https://www.isaca.org/resources/cobit">BAI03.03</reference>
            <reference href="https://www.isa.org/products/isa-62443-2-1-2009-security-for-industrial-automat">4.3.4.3.3</reference>
            <reference href="https://www.iso.org/contents/data/standard/05/45/54534.html">A.14.1.1</reference>
            <reference href="https://www.iso.org/contents/data/standard/05/45/54534.html">A.14.2.1</reference>
            <reference href="https://www.iso.org/contents/data/standard/05/45/54534.html">A.14.2.5</reference>
            <reference href="https://www.iso.org/contents/data/standard/05/45/54534.html">A.6.1.5</reference>
            <reference href="https://www.nerc.com/standards/reliability-standards/cip">CIP-003-8 R5.1.1</reference>
            <reference href="https://www.nerc.com/standards/reliability-standards/cip">CIP-003-8 R5.3</reference>
            <reference href="https://www.nerc.com/standards/reliability-standards/cip">CIP-004-6 R2.3</reference>
            <reference href="https://www.nerc.com/standards/reliability-standards/cip">CIP-007-3 R2.1</reference>
            <reference href="https://www.nerc.com/standards/reliability-standards/cip">CIP-007-3 R2.2</reference>
            <reference href="https://www.nerc.com/standards/reliability-standards/cip">CIP-007-3 R2.3</reference>
            <reference href="https://www.nerc.com/standards/reliability-standards/cip">CIP-007-3 R5.1</reference>
            <reference href="https://www.nerc.com/standards/reliability-standards/cip">CIP-007-3 R5.1.1</reference>
            <reference href="https://www.nerc.com/standards/reliability-standards/cip">CIP-007-3 R5.1.2</reference>
            <reference href="http://nvlpubs.nist.gov/nistpubs/SpecialPublications/NIST.SP.800-53r4.pdf">AC-6(1)</reference>
            <reference href="http://nvlpubs.nist.gov/nistpubs/SpecialPublications/NIST.SP.800-53r4.pdf">CM-6(a)</reference>
            <reference href="https://nvlpubs.nist.gov/nistpubs/CSWP/NIST.CSWP.04162018.pdf">PR.IP-2</reference>
            <reference href="https://www.cyber.mil/stigs/downloads/?_dl_facet_stigs=operating-systems%2Cgeneral-purpose-os">SRG-OS-000480-GPOS-00228</reference>
            <reference href="https://www.cyber.mil/stigs/downloads/?_dl_facet_stigs=operating-systems%2Cgeneral-purpose-os">SRG-OS-000480-GPOS-00227</reference>
            <reference href="https://www.cisecurity.org/benchmark/suse_linux/">5.4.5</reference>
            <reference href="https://cyber.gouv.fr/sites/default/files/document/linux_configuration-en-v2.pdf">R36</reference>
            <reference href="not_publicly_available">SLES-15-600600255</reference>
            <rationale xmlns:xhtml="http://www.w3.org/1999/xhtml" xml:lang="en-US">The umask value influences the permissions assigned to files when they are created.
A misconfigured umask value could result in files with excessive permissions that can be read or
written to by unauthorized users.</rationale>
            <platform idref="#package_bash"/>
            <ident system="https://ncp.nist.gov/cce">CCE-91215-4</ident>
            <fix xmlns:xhtml="http://www.w3.org/1999/xhtml" id="accounts_umask_etc_bashrc" system="urn:xccdf:fix:script:sh"># Remediation is applicable only in certain platforms
if rpm --quiet -q kernel-default || rpm --quiet -q kernel-default-base &amp;&amp; { rpm --quiet -q bash; }; then

var_accounts_user_umask='<xccdf-1.2:sub xmlns:xccdf-1.2="http://checklists.nist.gov/xccdf/1.2" idref="xccdf_org.ssgproject.content_value_var_accounts_user_umask" use="legacy"/>'






grep -q "^[^#]*\bumask" /etc/bash.bashrc &amp;&amp; \
  sed -i -E -e "s/^([^#]*\bumask)[[:space:]]+[[:digit:]]+/\1 $var_accounts_user_umask/g" /etc/bash.bashrc
if ! [ $? -eq 0 ]; then
    echo "umask $var_accounts_user_umask" &gt;&gt; /etc/bash.bashrc
fi

else
    &gt;&amp;2 echo 'Remediation is not applicable, nothing was done'
fi
</fix>
            <fix xmlns:xhtml="http://www.w3.org/1999/xhtml" id="accounts_umask_etc_bashrc" system="urn:xccdf:fix:script:ansible" complexity="low" disruption="low" strategy="restrict">- name: Gather the package facts
  package_facts:
    manager: auto
  tags:
  - CCE-91215-4
  - NIST-800-53-AC-6(1)
  - NIST-800-53-CM-6(a)
  - accounts_umask_etc_bashrc
  - low_complexity
  - low_disruption
  - medium_severity
  - no_reboot_needed
  - restrict_strategy
- name: XCCDF Value var_accounts_user_umask # promote to variable
  set_fact:
    var_accounts_user_umask: !!str <xccdf-1.2:sub xmlns:xccdf-1.2="http://checklists.nist.gov/xccdf/1.2" idref="xccdf_org.ssgproject.content_value_var_accounts_user_umask" use="legacy"/>
  tags:
    - always

- name: Check if umask in /etc/bash.bashrc is already set
  ansible.builtin.lineinfile:
    path: /etc/bash.bashrc
    regexp: ^[^#]*\bumask\s+\d+$
    state: absent
  check_mode: true
  changed_when: false
  register: umask_replace
  when:
  - ("kernel-default" in ansible_facts.packages or "kernel-default-base" in ansible_facts.packages)
  - '"bash" in ansible_facts.packages'
  tags:
  - CCE-91215-4
  - NIST-800-53-AC-6(1)
  - NIST-800-53-CM-6(a)
  - accounts_umask_etc_bashrc
  - low_complexity
  - low_disruption
  - medium_severity
  - no_reboot_needed
  - restrict_strategy

- name: Replace user umask in /etc/bash.bashrc
  ansible.builtin.replace:
    path: /etc/bash.bashrc
    regexp: ^([^#]*\b)umask\s+\d+$
    replace: \g&lt;1&gt;umask {{ var_accounts_user_umask }}
  when:
  - ("kernel-default" in ansible_facts.packages or "kernel-default-base" in ansible_facts.packages)
  - '"bash" in ansible_facts.packages'
  - umask_replace.found &gt; 0
  tags:
  - CCE-91215-4
  - NIST-800-53-AC-6(1)
  - NIST-800-53-CM-6(a)
  - accounts_umask_etc_bashrc
  - low_complexity
  - low_disruption
  - medium_severity
  - no_reboot_needed
  - restrict_strategy

- name: Ensure the Default umask is Appended Correctly
  ansible.builtin.lineinfile:
    create: true
    path: /etc/bash.bashrc
    line: umask {{ var_accounts_user_umask }}
  when:
  - ("kernel-default" in ansible_facts.packages or "kernel-default-base" in ansible_facts.packages)
  - '"bash" in ansible_facts.packages'
  - umask_replace.found == 0
  tags:
  - CCE-91215-4
  - NIST-800-53-AC-6(1)
  - NIST-800-53-CM-6(a)
  - accounts_umask_etc_bashrc
  - low_complexity
  - low_disruption
  - medium_severity
  - no_reboot_needed
  - restrict_strategy
</fix>
            <check system="http://oval.mitre.org/XMLSchema/oval-definitions-5">
              <check-export export-name="oval:ssg-var_accounts_user_umask:var:1" value-id="xccdf_org.ssgproject.content_value_var_accounts_user_umask"/>
              <check-content-ref name="oval:ssg-accounts_umask_etc_bashrc:def:1" href="ssg-sle15-oval.xml"/>
            </check>
            <check system="http://scap.nist.gov/schema/ocil/2">
              <check-content-ref name="ocil:ssg-accounts_umask_etc_bashrc_ocil:questionnaire:1" href="ssg-sle15-ocil.xml"/>
            </check>
          </Rule>
          <Rule id="xccdf_org.ssgproject.content_rule_accounts_umask_etc_csh_cshrc" selected="false" role="full" severity="medium">
            <title xmlns:xhtml="http://www.w3.org/1999/xhtml" xml:lang="en-US">Ensure the Default C Shell Umask is Set Correctly</title>
            <description xmlns:xhtml="http://www.w3.org/1999/xhtml" xml:lang="en-US">To ensure the default umask for users of the C shell is set properly,
add or correct the <html:code xmlns:html="http://www.w3.org/1999/xhtml">umask</html:code> setting in <html:code xmlns:html="http://www.w3.org/1999/xhtml">/etc/csh.cshrc</html:code> to read as follows:
<html:pre xmlns:html="http://www.w3.org/1999/xhtml" xmlns:xccdf-1.2="http://checklists.nist.gov/xccdf/1.2">umask <xccdf-1.2:sub idref="xccdf_org.ssgproject.content_value_var_accounts_user_umask" use="legacy"/>
         </html:pre>
        </description>
            <reference href="https://www.cisecurity.org/controls/">18</reference>
            <reference href="https://www.isaca.org/resources/cobit">APO13.01</reference>
            <reference href="https://www.isaca.org/resources/cobit">BAI03.01</reference>
            <reference href="https://www.isaca.org/resources/cobit">BAI03.02</reference>
            <reference href="https://www.isaca.org/resources/cobit">BAI03.03</reference>
            <reference href="https://www.isa.org/products/isa-62443-2-1-2009-security-for-industrial-automat">4.3.4.3.3</reference>
            <reference href="https://www.iso.org/contents/data/standard/05/45/54534.html">A.14.1.1</reference>
            <reference href="https://www.iso.org/contents/data/standard/05/45/54534.html">A.14.2.1</reference>
            <reference href="https://www.iso.org/contents/data/standard/05/45/54534.html">A.14.2.5</reference>
            <reference href="https://www.iso.org/contents/data/standard/05/45/54534.html">A.6.1.5</reference>
            <reference href="https://www.nerc.com/standards/reliability-standards/cip">CIP-003-8 R5.1.1</reference>
            <reference href="https://www.nerc.com/standards/reliability-standards/cip">CIP-003-8 R5.3</reference>
            <reference href="https://www.nerc.com/standards/reliability-standards/cip">CIP-004-6 R2.3</reference>
            <reference href="https://www.nerc.com/standards/reliability-standards/cip">CIP-007-3 R2.1</reference>
            <reference href="https://www.nerc.com/standards/reliability-standards/cip">CIP-007-3 R2.2</reference>
            <reference href="https://www.nerc.com/standards/reliability-standards/cip">CIP-007-3 R2.3</reference>
            <reference href="https://www.nerc.com/standards/reliability-standards/cip">CIP-007-3 R5.1</reference>
            <reference href="https://www.nerc.com/standards/reliability-standards/cip">CIP-007-3 R5.1.1</reference>
            <reference href="https://www.nerc.com/standards/reliability-standards/cip">CIP-007-3 R5.1.2</reference>
            <reference href="http://nvlpubs.nist.gov/nistpubs/SpecialPublications/NIST.SP.800-53r4.pdf">AC-6(1)</reference>
            <reference href="http://nvlpubs.nist.gov/nistpubs/SpecialPublications/NIST.SP.800-53r4.pdf">CM-6(a)</reference>
            <reference href="https://nvlpubs.nist.gov/nistpubs/CSWP/NIST.CSWP.04162018.pdf">PR.IP-2</reference>
            <reference href="https://www.cyber.mil/stigs/downloads/?_dl_facet_stigs=operating-systems%2Cgeneral-purpose-os">SRG-OS-000480-GPOS-00228</reference>
            <reference href="https://www.cyber.mil/stigs/downloads/?_dl_facet_stigs=operating-systems%2Cgeneral-purpose-os">SRG-OS-000480-GPOS-00227</reference>
            <rationale xmlns:xhtml="http://www.w3.org/1999/xhtml" xml:lang="en-US">The umask value influences the permissions assigned to files when they are created.
A misconfigured umask value could result in files with excessive permissions that can be read or
written to by unauthorized users.</rationale>
            <fix xmlns:xhtml="http://www.w3.org/1999/xhtml" id="accounts_umask_etc_csh_cshrc" system="urn:xccdf:fix:script:ansible" complexity="low" disruption="low" strategy="restrict">- name: Gather the package facts
  package_facts:
    manager: auto
  tags:
  - NIST-800-53-AC-6(1)
  - NIST-800-53-CM-6(a)
  - accounts_umask_etc_csh_cshrc
  - low_complexity
  - low_disruption
  - medium_severity
  - no_reboot_needed
  - restrict_strategy
- name: XCCDF Value var_accounts_user_umask # promote to variable
  set_fact:
    var_accounts_user_umask: !!str <xccdf-1.2:sub xmlns:xccdf-1.2="http://checklists.nist.gov/xccdf/1.2" idref="xccdf_org.ssgproject.content_value_var_accounts_user_umask" use="legacy"/>
  tags:
    - always

- name: Check if umask in /etc/csh.cshrc is already set
  ansible.builtin.lineinfile:
    path: /etc/csh.cshrc
    regexp: ^(\s*)umask\s+.*
    state: absent
  check_mode: true
  changed_when: false
  register: umask_replace
  when: ("kernel-default" in ansible_facts.packages or "kernel-default-base" in ansible_facts.packages)
  tags:
  - NIST-800-53-AC-6(1)
  - NIST-800-53-CM-6(a)
  - accounts_umask_etc_csh_cshrc
  - low_complexity
  - low_disruption
  - medium_severity
  - no_reboot_needed
  - restrict_strategy

- name: Replace user umask in /etc/csh.cshrc
  ansible.builtin.replace:
    path: /etc/csh.cshrc
    regexp: ^(\s*)umask(\s+).*
    replace: \g&lt;1&gt;umask\g&lt;2&gt;{{ var_accounts_user_umask }}
  when:
  - ("kernel-default" in ansible_facts.packages or "kernel-default-base" in ansible_facts.packages)
  - umask_replace.found &gt; 0
  tags:
  - NIST-800-53-AC-6(1)
  - NIST-800-53-CM-6(a)
  - accounts_umask_etc_csh_cshrc
  - low_complexity
  - low_disruption
  - medium_severity
  - no_reboot_needed
  - restrict_strategy

- name: Ensure the Default umask is Appended Correctly
  ansible.builtin.lineinfile:
    create: true
    path: /etc/csh.cshrc
    line: umask {{ var_accounts_user_umask }}
  when:
  - ("kernel-default" in ansible_facts.packages or "kernel-default-base" in ansible_facts.packages)
  - umask_replace.found == 0
  tags:
  - NIST-800-53-AC-6(1)
  - NIST-800-53-CM-6(a)
  - accounts_umask_etc_csh_cshrc
  - low_complexity
  - low_disruption
  - medium_severity
  - no_reboot_needed
  - restrict_strategy
</fix>
            <check system="http://oval.mitre.org/XMLSchema/oval-definitions-5">
              <check-export export-name="oval:ssg-var_accounts_user_umask:var:1" value-id="xccdf_org.ssgproject.content_value_var_accounts_user_umask"/>
              <check-content-ref name="oval:ssg-accounts_umask_etc_csh_cshrc:def:1" href="ssg-sle15-oval.xml"/>
            </check>
            <check system="http://scap.nist.gov/schema/ocil/2">
              <check-content-ref name="ocil:ssg-accounts_umask_etc_csh_cshrc_ocil:questionnaire:1" href="ssg-sle15-ocil.xml"/>
            </check>
          </Rule>
          <Rule id="xccdf_org.ssgproject.content_rule_accounts_umask_etc_login_defs" selected="false" role="full" severity="medium">
            <title xmlns:xhtml="http://www.w3.org/1999/xhtml" xml:lang="en-US">Ensure the Default Umask is Set Correctly in login.defs</title>
            <description xmlns:xhtml="http://www.w3.org/1999/xhtml" xml:lang="en-US">To ensure the default umask controlled by <html:code xmlns:html="http://www.w3.org/1999/xhtml">/etc/login.defs</html:code> is set properly,
add or correct the <html:code xmlns:html="http://www.w3.org/1999/xhtml">UMASK</html:code> setting in <html:code xmlns:html="http://www.w3.org/1999/xhtml">/etc/login.defs</html:code> to read as follows:
<html:pre xmlns:html="http://www.w3.org/1999/xhtml" xmlns:xccdf-1.2="http://checklists.nist.gov/xccdf/1.2">UMASK <xccdf-1.2:sub idref="xccdf_org.ssgproject.content_value_var_accounts_user_umask" use="legacy"/>
         </html:pre>
        </description>
            <reference href="https://www.cisecurity.org/controls/">11</reference>
            <reference href="https://www.cisecurity.org/controls/">18</reference>
            <reference href="https://www.cisecurity.org/controls/">3</reference>
            <reference href="https://www.cisecurity.org/controls/">9</reference>
            <reference href="https://www.isaca.org/resources/cobit">APO13.01</reference>
            <reference href="https://www.isaca.org/resources/cobit">BAI03.01</reference>
            <reference href="https://www.isaca.org/resources/cobit">BAI03.02</reference>
            <reference href="https://www.isaca.org/resources/cobit">BAI03.03</reference>
            <reference href="https://www.isaca.org/resources/cobit">BAI10.01</reference>
            <reference href="https://www.isaca.org/resources/cobit">BAI10.02</reference>
            <reference href="https://www.isaca.org/resources/cobit">BAI10.03</reference>
            <reference href="https://www.isaca.org/resources/cobit">BAI10.05</reference>
            <reference href="https://www.isa.org/products/isa-62443-2-1-2009-security-for-industrial-automat">4.3.4.3.2</reference>
            <reference href="https://www.isa.org/products/isa-62443-2-1-2009-security-for-industrial-automat">4.3.4.3.3</reference>
            <reference href="https://www.isa.org/products/ansi-isa-62443-3-3-99-03-03-2013-security-for-indu">SR 7.6</reference>
            <reference href="https://www.iso.org/contents/data/standard/05/45/54534.html">A.12.1.2</reference>
            <reference href="https://www.iso.org/contents/data/standard/05/45/54534.html">A.12.5.1</reference>
            <reference href="https://www.iso.org/contents/data/standard/05/45/54534.html">A.12.6.2</reference>
            <reference href="https://www.iso.org/contents/data/standard/05/45/54534.html">A.14.1.1</reference>
            <reference href="https://www.iso.org/contents/data/standard/05/45/54534.html">A.14.2.1</reference>
            <reference href="https://www.iso.org/contents/data/standard/05/45/54534.html">A.14.2.2</reference>
            <reference href="https://www.iso.org/contents/data/standard/05/45/54534.html">A.14.2.3</reference>
            <reference href="https://www.iso.org/contents/data/standard/05/45/54534.html">A.14.2.4</reference>
            <reference href="https://www.iso.org/contents/data/standard/05/45/54534.html">A.14.2.5</reference>
            <reference href="https://www.iso.org/contents/data/standard/05/45/54534.html">A.6.1.5</reference>
            <reference href="https://www.nerc.com/standards/reliability-standards/cip">CIP-003-8 R5.1.1</reference>
            <reference href="https://www.nerc.com/standards/reliability-standards/cip">CIP-003-8 R5.3</reference>
            <reference href="https://www.nerc.com/standards/reliability-standards/cip">CIP-004-6 R2.3</reference>
            <reference href="https://www.nerc.com/standards/reliability-standards/cip">CIP-007-3 R2.1</reference>
            <reference href="https://www.nerc.com/standards/reliability-standards/cip">CIP-007-3 R2.2</reference>
            <reference href="https://www.nerc.com/standards/reliability-standards/cip">CIP-007-3 R2.3</reference>
            <reference href="https://www.nerc.com/standards/reliability-standards/cip">CIP-007-3 R5.1</reference>
            <reference href="https://www.nerc.com/standards/reliability-standards/cip">CIP-007-3 R5.1.1</reference>
            <reference href="https://www.nerc.com/standards/reliability-standards/cip">CIP-007-3 R5.1.2</reference>
            <reference href="http://nvlpubs.nist.gov/nistpubs/SpecialPublications/NIST.SP.800-53r4.pdf">AC-6(1)</reference>
            <reference href="http://nvlpubs.nist.gov/nistpubs/SpecialPublications/NIST.SP.800-53r4.pdf">CM-6(a)</reference>
            <reference href="https://nvlpubs.nist.gov/nistpubs/CSWP/NIST.CSWP.04162018.pdf">PR.IP-1</reference>
            <reference href="https://nvlpubs.nist.gov/nistpubs/CSWP/NIST.CSWP.04162018.pdf">PR.IP-2</reference>
            <reference href="https://www.cyber.mil/stigs/downloads/?_dl_facet_stigs=operating-systems%2Cgeneral-purpose-os">SRG-OS-000480-GPOS-00228</reference>
            <reference href="https://www.cyber.mil/stigs/downloads/?_dl_facet_stigs=operating-systems%2Cunix-linux">SLES-15-040420</reference>
            <reference href="https://www.cisecurity.org/benchmark/suse_linux/">5.4.5</reference>
            <reference href="https://cyber.gouv.fr/sites/default/files/document/linux_configuration-en-v2.pdf">R36</reference>
            <reference href="not_publicly_available">SLES-15-600600255</reference>
            <reference href="https://www.cyber.mil/stigs/srg-stig-tools/">SV-235030r991590_rule</reference>
            <rationale xmlns:xhtml="http://www.w3.org/1999/xhtml" xml:lang="en-US">The umask value influences the permissions assigned to files when they are created.
A misconfigured umask value could result in files with excessive permissions that can be read and
written to by unauthorized users.</rationale>
            <platform idref="#package_shadow-utils"/>
            <ident system="https://ncp.nist.gov/cce">CCE-85659-1</ident>
            <fix xmlns:xhtml="http://www.w3.org/1999/xhtml" id="accounts_umask_etc_login_defs" system="urn:xccdf:fix:script:sh"># Remediation is applicable only in certain platforms
if rpm --quiet -q kernel-default || rpm --quiet -q kernel-default-base &amp;&amp; { rpm --quiet -q shadow; }; then

var_accounts_user_umask='<xccdf-1.2:sub xmlns:xccdf-1.2="http://checklists.nist.gov/xccdf/1.2" idref="xccdf_org.ssgproject.content_value_var_accounts_user_umask" use="legacy"/>'


# Strip any search characters in the key arg so that the key can be replaced without
# adding any search characters to the config file.
stripped_key=$(sed 's/[\^=\$,;+]*//g' &lt;&lt;&lt; "^UMASK")

# shellcheck disable=SC2059
printf -v formatted_output "%s %s" "$stripped_key" "$var_accounts_user_umask"

# If the key exists, change it. Otherwise, add it to the config_file.
# We search for the key string followed by a word boundary (matched by \&gt;),
# so if we search for 'setting', 'setting2' won't match.
if LC_ALL=C grep -q -m 1 -i -e "^UMASK\\&gt;" "/etc/login.defs"; then
    escaped_formatted_output=$(sed -e 's|/|\\/|g' &lt;&lt;&lt; "$formatted_output")
    LC_ALL=C sed -i --follow-symlinks "s/^UMASK\\&gt;.*/$escaped_formatted_output/gi" "/etc/login.defs"
else
    if [[ -s "/etc/login.defs" ]] &amp;&amp; [[ -n "$(tail -c 1 -- "/etc/login.defs" || true)" ]]; then
        LC_ALL=C sed -i --follow-symlinks '$a'\\ "/etc/login.defs"
    fi
    cce="CCE-85659-1"
    printf '# Per %s: Set %s in %s\n' "${cce}" "${formatted_output}" "/etc/login.defs" &gt;&gt; "/etc/login.defs"
    printf '%s\n' "$formatted_output" &gt;&gt; "/etc/login.defs"
fi

else
    &gt;&amp;2 echo 'Remediation is not applicable, nothing was done'
fi
</fix>
            <fix xmlns:xhtml="http://www.w3.org/1999/xhtml" id="accounts_umask_etc_login_defs" system="urn:xccdf:fix:script:ansible" complexity="low" disruption="low" strategy="restrict">- name: Gather the package facts
  package_facts:
    manager: auto
  tags:
  - CCE-85659-1
  - DISA-STIG-SLES-15-040420
  - NIST-800-53-AC-6(1)
  - NIST-800-53-CM-6(a)
  - accounts_umask_etc_login_defs
  - low_complexity
  - low_disruption
  - medium_severity
  - no_reboot_needed
  - restrict_strategy
- name: XCCDF Value var_accounts_user_umask # promote to variable
  set_fact:
    var_accounts_user_umask: !!str <xccdf-1.2:sub xmlns:xccdf-1.2="http://checklists.nist.gov/xccdf/1.2" idref="xccdf_org.ssgproject.content_value_var_accounts_user_umask" use="legacy"/>
  tags:
    - always

- name: Check if UMASK is already set
  ansible.builtin.lineinfile:
    path: /etc/login.defs
    regexp: ^(\s*)UMASK\s+.*
    state: absent
  check_mode: true
  changed_when: false
  register: result_umask_is_set
  when:
  - ("kernel-default" in ansible_facts.packages or "kernel-default-base" in ansible_facts.packages)
  - '"shadow" in ansible_facts.packages'
  tags:
  - CCE-85659-1
  - DISA-STIG-SLES-15-040420
  - NIST-800-53-AC-6(1)
  - NIST-800-53-CM-6(a)
  - accounts_umask_etc_login_defs
  - low_complexity
  - low_disruption
  - medium_severity
  - no_reboot_needed
  - restrict_strategy

- name: Replace user UMASK in /etc/login.defs
  ansible.builtin.replace:
    path: /etc/login.defs
    regexp: ^(\s*)UMASK(\s+).*
    replace: \g&lt;1&gt;UMASK\g&lt;2&gt;{{ var_accounts_user_umask }}
  when:
  - ("kernel-default" in ansible_facts.packages or "kernel-default-base" in ansible_facts.packages)
  - '"shadow" in ansible_facts.packages'
  - result_umask_is_set.found &gt; 0
  tags:
  - CCE-85659-1
  - DISA-STIG-SLES-15-040420
  - NIST-800-53-AC-6(1)
  - NIST-800-53-CM-6(a)
  - accounts_umask_etc_login_defs
  - low_complexity
  - low_disruption
  - medium_severity
  - no_reboot_needed
  - restrict_strategy

- name: Ensure the Default UMASK is Appended Correctly
  ansible.builtin.lineinfile:
    create: true
    path: /etc/login.defs
    line: UMASK {{ var_accounts_user_umask }}
  when:
  - ("kernel-default" in ansible_facts.packages or "kernel-default-base" in ansible_facts.packages)
  - '"shadow" in ansible_facts.packages'
  - result_umask_is_set.found == 0
  tags:
  - CCE-85659-1
  - DISA-STIG-SLES-15-040420
  - NIST-800-53-AC-6(1)
  - NIST-800-53-CM-6(a)
  - accounts_umask_etc_login_defs
  - low_complexity
  - low_disruption
  - medium_severity
  - no_reboot_needed
  - restrict_strategy
</fix>
            <check system="http://oval.mitre.org/XMLSchema/oval-definitions-5">
              <check-export export-name="oval:ssg-var_accounts_user_umask:var:1" value-id="xccdf_org.ssgproject.content_value_var_accounts_user_umask"/>
              <check-content-ref name="oval:ssg-accounts_umask_etc_login_defs:def:1" href="ssg-sle15-oval.xml"/>
            </check>
            <check system="http://scap.nist.gov/schema/ocil/2">
              <check-content-ref name="ocil:ssg-accounts_umask_etc_login_defs_ocil:questionnaire:1" href="ssg-sle15-ocil.xml"/>
            </check>
          </Rule>
          <Rule id="xccdf_org.ssgproject.content_rule_accounts_umask_etc_profile" selected="false" role="full" severity="medium">
            <title xmlns:xhtml="http://www.w3.org/1999/xhtml" xml:lang="en-US">Ensure the Default Umask is Set Correctly in /etc/profile</title>
            <description xmlns:xhtml="http://www.w3.org/1999/xhtml" xml:lang="en-US">To ensure the default umask controlled by <html:code xmlns:html="http://www.w3.org/1999/xhtml">/etc/profile</html:code> is set properly,
add or correct the <html:code xmlns:html="http://www.w3.org/1999/xhtml">umask</html:code> setting in <html:code xmlns:html="http://www.w3.org/1999/xhtml">/etc/profile</html:code> to read as follows:
<html:pre xmlns:html="http://www.w3.org/1999/xhtml" xmlns:xccdf-1.2="http://checklists.nist.gov/xccdf/1.2">umask <xccdf-1.2:sub idref="xccdf_org.ssgproject.content_value_var_accounts_user_umask" use="legacy"/>
         </html:pre>

Note that <html:code xmlns:html="http://www.w3.org/1999/xhtml">/etc/profile</html:code> also reads scripts within <html:code xmlns:html="http://www.w3.org/1999/xhtml">/etc/profile.d</html:code> directory.
These scripts are also valid files to set umask value. Therefore, they should also be
considered during the check and properly remediated, if necessary.</description>
            <reference href="https://www.cisecurity.org/controls/">18</reference>
            <reference href="https://www.isaca.org/resources/cobit">APO13.01</reference>
            <reference href="https://www.isaca.org/resources/cobit">BAI03.01</reference>
            <reference href="https://www.isaca.org/resources/cobit">BAI03.02</reference>
            <reference href="https://www.isaca.org/resources/cobit">BAI03.03</reference>
            <reference href="https://www.isa.org/products/isa-62443-2-1-2009-security-for-industrial-automat">4.3.4.3.3</reference>
            <reference href="https://www.iso.org/contents/data/standard/05/45/54534.html">A.14.1.1</reference>
            <reference href="https://www.iso.org/contents/data/standard/05/45/54534.html">A.14.2.1</reference>
            <reference href="https://www.iso.org/contents/data/standard/05/45/54534.html">A.14.2.5</reference>
            <reference href="https://www.iso.org/contents/data/standard/05/45/54534.html">A.6.1.5</reference>
            <reference href="https://www.nerc.com/standards/reliability-standards/cip">CIP-003-8 R5.1.1</reference>
            <reference href="https://www.nerc.com/standards/reliability-standards/cip">CIP-003-8 R5.3</reference>
            <reference href="https://www.nerc.com/standards/reliability-standards/cip">CIP-004-6 R2.3</reference>
            <reference href="https://www.nerc.com/standards/reliability-standards/cip">CIP-007-3 R2.1</reference>
            <reference href="https://www.nerc.com/standards/reliability-standards/cip">CIP-007-3 R2.2</reference>
            <reference href="https://www.nerc.com/standards/reliability-standards/cip">CIP-007-3 R2.3</reference>
            <reference href="https://www.nerc.com/standards/reliability-standards/cip">CIP-007-3 R5.1</reference>
            <reference href="https://www.nerc.com/standards/reliability-standards/cip">CIP-007-3 R5.1.1</reference>
            <reference href="https://www.nerc.com/standards/reliability-standards/cip">CIP-007-3 R5.1.2</reference>
            <reference href="http://nvlpubs.nist.gov/nistpubs/SpecialPublications/NIST.SP.800-53r4.pdf">AC-6(1)</reference>
            <reference href="http://nvlpubs.nist.gov/nistpubs/SpecialPublications/NIST.SP.800-53r4.pdf">CM-6(a)</reference>
            <reference href="https://nvlpubs.nist.gov/nistpubs/CSWP/NIST.CSWP.04162018.pdf">PR.IP-2</reference>
            <reference href="https://www.cyber.mil/stigs/downloads/?_dl_facet_stigs=operating-systems%2Cgeneral-purpose-os">SRG-OS-000480-GPOS-00228</reference>
            <reference href="https://www.cyber.mil/stigs/downloads/?_dl_facet_stigs=operating-systems%2Cgeneral-purpose-os">SRG-OS-000480-GPOS-00227</reference>
            <reference href="https://www.cisecurity.org/benchmark/suse_linux/">5.4.5</reference>
            <reference href="https://cyber.gouv.fr/sites/default/files/document/linux_configuration-en-v2.pdf">R36</reference>
            <reference href="not_publicly_available">SLES-15-600600255</reference>
            <rationale xmlns:xhtml="http://www.w3.org/1999/xhtml" xml:lang="en-US">The umask value influences the permissions assigned to files when they are created.
A misconfigured umask value could result in files with excessive permissions that can be read or
written to by unauthorized users.</rationale>
            <ident system="https://ncp.nist.gov/cce">CCE-91216-2</ident>
            <fix xmlns:xhtml="http://www.w3.org/1999/xhtml" id="accounts_umask_etc_profile" system="urn:xccdf:fix:script:sh" complexity="low" disruption="low" strategy="restrict"># Remediation is applicable only in certain platforms
if rpm --quiet -q kernel-default || rpm --quiet -q kernel-default-base; then

var_accounts_user_umask='<xccdf-1.2:sub xmlns:xccdf-1.2="http://checklists.nist.gov/xccdf/1.2" idref="xccdf_org.ssgproject.content_value_var_accounts_user_umask" use="legacy"/>'


readarray -t profile_files &lt; &lt;(find /etc/profile.d/ -type f -name '*.sh' -or -name 'sh.local')

for file in "${profile_files[@]}" /etc/profile; do
  grep -qE '^[^#]*umask' "$file" &amp;&amp; sed -i -E "s/^(\s*umask\s*)[0-7]+/\1$var_accounts_user_umask/g" "$file"
done

if ! grep -qrE '^[^#]*umask' /etc/profile*; then
  echo "umask $var_accounts_user_umask" &gt;&gt; /etc/profile
fi

else
    &gt;&amp;2 echo 'Remediation is not applicable, nothing was done'
fi
</fix>
            <fix xmlns:xhtml="http://www.w3.org/1999/xhtml" id="accounts_umask_etc_profile" system="urn:xccdf:fix:script:ansible" complexity="low" disruption="low" strategy="restrict">- name: Gather the package facts
  package_facts:
    manager: auto
  tags:
  - CCE-91216-2
  - NIST-800-53-AC-6(1)
  - NIST-800-53-CM-6(a)
  - accounts_umask_etc_profile
  - low_complexity
  - low_disruption
  - medium_severity
  - no_reboot_needed
  - restrict_strategy
- name: XCCDF Value var_accounts_user_umask # promote to variable
  set_fact:
    var_accounts_user_umask: !!str <xccdf-1.2:sub xmlns:xccdf-1.2="http://checklists.nist.gov/xccdf/1.2" idref="xccdf_org.ssgproject.content_value_var_accounts_user_umask" use="legacy"/>
  tags:
    - always

- name: Ensure the Default Umask is Set Correctly in /etc/profile - Locate Profile
    Configuration Files Where umask Is Defined
  ansible.builtin.find:
    paths:
    - /etc/profile.d
    patterns:
    - sh.local
    - '*.sh'
    contains: ^[\s]*umask\s+\d+
  register: result_profile_d_files
  when: ("kernel-default" in ansible_facts.packages or "kernel-default-base" in ansible_facts.packages)
  tags:
  - CCE-91216-2
  - NIST-800-53-AC-6(1)
  - NIST-800-53-CM-6(a)
  - accounts_umask_etc_profile
  - low_complexity
  - low_disruption
  - medium_severity
  - no_reboot_needed
  - restrict_strategy

- name: Ensure the Default Umask is Set Correctly in /etc/profile - Replace Existing
    umask Value in Files From /etc/profile.d
  ansible.builtin.replace:
    path: '{{ item.path }}'
    regexp: ^(\s*)umask\s+\d+
    replace: \1umask {{ var_accounts_user_umask }}
  loop: '{{ result_profile_d_files.files }}'
  register: result_umask_replaced_profile_d
  when:
  - ("kernel-default" in ansible_facts.packages or "kernel-default-base" in ansible_facts.packages)
  - result_profile_d_files.matched
  tags:
  - CCE-91216-2
  - NIST-800-53-AC-6(1)
  - NIST-800-53-CM-6(a)
  - accounts_umask_etc_profile
  - low_complexity
  - low_disruption
  - medium_severity
  - no_reboot_needed
  - restrict_strategy

- name: Ensure the Default Umask is Set Correctly in /etc/profile - Ensure umask Is
    Set in /etc/profile if Not Already Set Elsewhere
  ansible.builtin.lineinfile:
    create: true
    mode: 420
    path: /etc/profile
    line: umask {{ var_accounts_user_umask }}
  when:
  - ("kernel-default" in ansible_facts.packages or "kernel-default-base" in ansible_facts.packages)
  - not result_profile_d_files.matched
  tags:
  - CCE-91216-2
  - NIST-800-53-AC-6(1)
  - NIST-800-53-CM-6(a)
  - accounts_umask_etc_profile
  - low_complexity
  - low_disruption
  - medium_severity
  - no_reboot_needed
  - restrict_strategy

- name: Ensure the Default Umask is Set Correctly in /etc/profile - Ensure umask Value
    For All Existing umask Definition in /etc/profile
  ansible.builtin.replace:
    path: /etc/profile
    regexp: ^(\s*)umask\s+\d+
    replace: \1umask {{ var_accounts_user_umask }}
  register: result_umask_replaced_profile
  when: ("kernel-default" in ansible_facts.packages or "kernel-default-base" in ansible_facts.packages)
  tags:
  - CCE-91216-2
  - NIST-800-53-AC-6(1)
  - NIST-800-53-CM-6(a)
  - accounts_umask_etc_profile
  - low_complexity
  - low_disruption
  - medium_severity
  - no_reboot_needed
  - restrict_strategy
</fix>
            <check system="http://oval.mitre.org/XMLSchema/oval-definitions-5">
              <check-export export-name="oval:ssg-var_accounts_user_umask:var:1" value-id="xccdf_org.ssgproject.content_value_var_accounts_user_umask"/>
              <check-content-ref name="oval:ssg-accounts_umask_etc_profile:def:1" href="ssg-sle15-oval.xml"/>
            </check>
            <check system="http://scap.nist.gov/schema/ocil/2">
              <check-content-ref name="ocil:ssg-accounts_umask_etc_profile_ocil:questionnaire:1" href="ssg-sle15-ocil.xml"/>
            </check>
          </Rule>
          <Rule id="xccdf_org.ssgproject.content_rule_accounts_umask_interactive_users" selected="false" role="full" severity="medium">
            <title xmlns:xhtml="http://www.w3.org/1999/xhtml" xml:lang="en-US">Ensure the Default Umask is Set Correctly For Interactive Users</title>
            <description xmlns:xhtml="http://www.w3.org/1999/xhtml" xml:lang="en-US">Remove the <html:code xmlns:html="http://www.w3.org/1999/xhtml">UMASK</html:code> environment variable from all interactive users initialization files.</description>
            <reference href="https://www.cyber.mil/stigs/downloads/?_dl_facet_stigs=operating-systems%2Cgeneral-purpose-os">SRG-OS-000480-GPOS-00227</reference>
            <reference href="https://www.cyber.mil/stigs/downloads/?_dl_facet_stigs=operating-systems%2Cgeneral-purpose-os">SRG-OS-000480-GPOS-00228</reference>
            <rationale xmlns:xhtml="http://www.w3.org/1999/xhtml" xml:lang="en-US">The umask controls the default access mode assigned to newly created files. A
umask of 077 limits new files to mode 700 or less permissive. Although umask can
be represented as a four-digit number, the first digit representing special
access modes is typically ignored or required to be 0. This requirement
applies to the globally configured system defaults and the local interactive
user defaults for each account on the system.</rationale>
            <fix xmlns:xhtml="http://www.w3.org/1999/xhtml" id="accounts_umask_interactive_users" system="urn:xccdf:fix:script:sh" complexity="low" disruption="low" strategy="restrict"># Remediation is applicable only in certain platforms
if rpm --quiet -q kernel-default || rpm --quiet -q kernel-default-base; then

while IFS= read -r dir; do
    while IFS= read -r -d '' file; do
        if [ "$(basename $file)" != ".bash_history" ]; then
            sed -i 's/^\(\s*umask\s*\)/#\1/g' "$file"
        fi
    done &lt;   &lt;(find $dir -maxdepth 1 -type f -name ".*" -print0)
done &lt;   &lt;(awk -F':' '{ if ($3 &gt;= 1000 &amp;&amp; $3 != 65534) print $6}' /etc/passwd)

else
    &gt;&amp;2 echo 'Remediation is not applicable, nothing was done'
fi
</fix>
            <fix xmlns:xhtml="http://www.w3.org/1999/xhtml" id="accounts_umask_interactive_users" system="urn:xccdf:fix:script:ansible" complexity="low" disruption="low" strategy="restrict">- name: Gather the package facts
  package_facts:
    manager: auto
  tags:
  - accounts_umask_interactive_users
  - low_complexity
  - low_disruption
  - medium_severity
  - no_reboot_needed
  - restrict_strategy

- name: Ensure the Default Umask is Set Correctly For Interactive Users - Get interactive
    users from passwd file
  ansible.builtin.getent:
    database: passwd
  register: passwd_entries
  when: ("kernel-default" in ansible_facts.packages or "kernel-default-base" in ansible_facts.packages)
  tags:
  - accounts_umask_interactive_users
  - low_complexity
  - low_disruption
  - medium_severity
  - no_reboot_needed
  - restrict_strategy

- name: Ensure the Default Umask is Set Correctly For Interactive Users - Filter interactive
    users and get home directories
  ansible.builtin.set_fact:
    interactive_user_homes: '{{ interactive_user_homes | default([]) + [item.value[4]]
      }}'
  loop: '{{ passwd_entries.ansible_facts.getent_passwd | dict2items }}'
  when:
  - ("kernel-default" in ansible_facts.packages or "kernel-default-base" in ansible_facts.packages)
  - item.value[2] | int &gt;= 1000 | int
  - item.value[2] | int != 65534 | int
  - item.value[4] != ""
  tags:
  - accounts_umask_interactive_users
  - low_complexity
  - low_disruption
  - medium_severity
  - no_reboot_needed
  - restrict_strategy

- name: Ensure the Default Umask is Set Correctly For Interactive Users - Find dot
    files in interactive user home directories
  ansible.builtin.find:
    paths: '{{ item }}'
    patterns: .*
    file_type: file
    hidden: true
    depth: 1
  register: user_dotfiles
  with_items: '{{ interactive_user_homes | default([]) }}'
  failed_when: false
  when:
  - ("kernel-default" in ansible_facts.packages or "kernel-default-base" in ansible_facts.packages)
  - item != ""
  tags:
  - accounts_umask_interactive_users
  - low_complexity
  - low_disruption
  - medium_severity
  - no_reboot_needed
  - restrict_strategy

- name: Ensure the Default Umask is Set Correctly For Interactive Users - Comment
    out umask statements in user initialization files
  ansible.builtin.replace:
    path: '{{ item.1.path }}'
    regexp: ^\s*umask\s+
    replace: '#\g&lt;0&gt;'
    backup: false
  with_subelements:
  - '{{ user_dotfiles.results }}'
  - files
  when:
  - ("kernel-default" in ansible_facts.packages or "kernel-default-base" in ansible_facts.packages)
  - item.0 is not skipped
  - item.1.path is defined
  - '''.bash_history'' not in item.1.path'
  tags:
  - accounts_umask_interactive_users
  - low_complexity
  - low_disruption
  - medium_severity
  - no_reboot_needed
  - restrict_strategy
</fix>
            <check system="http://oval.mitre.org/XMLSchema/oval-definitions-5">
              <check-content-ref name="oval:ssg-accounts_umask_interactive_users:def:1" href="ssg-sle15-oval.xml"/>
            </check>
            <check system="http://scap.nist.gov/schema/ocil/2">
              <check-content-ref name="ocil:ssg-accounts_umask_interactive_users_ocil:questionnaire:1" href="ssg-sle15-ocil.xml"/>
            </check>
          </Rule>
          <Rule id="xccdf_org.ssgproject.content_rule_accounts_umask_root" selected="false" role="full" severity="medium">
            <title xmlns:xhtml="http://www.w3.org/1999/xhtml" xml:lang="en-US">Ensure the Root Bash Umask is Set Correctly</title>
            <description xmlns:xhtml="http://www.w3.org/1999/xhtml" xml:lang="en-US">To ensure the root user's umask of the Bash shell is set properly,
add or correct the <html:code xmlns:html="http://www.w3.org/1999/xhtml">umask</html:code> setting in <html:code xmlns:html="http://www.w3.org/1999/xhtml">/root/.bashrc</html:code>
or <html:code xmlns:html="http://www.w3.org/1999/xhtml">/root/.profile</html:code> to read as follows:
<html:pre xmlns:html="http://www.w3.org/1999/xhtml">umask 0027</html:pre>
        </description>
            <reference href="not_publicly_available">SLES-15-600600180</reference>
            <rationale xmlns:xhtml="http://www.w3.org/1999/xhtml" xml:lang="en-US">The umask value influences the permissions assigned to files when they are created.
A misconfigured umask value could result in files with excessive permissions that can be read or
written to by unauthorized users.</rationale>
            <platform idref="#package_bash"/>
            <ident system="https://ncp.nist.gov/cce">CCE-92484-5</ident>
            <fix xmlns:xhtml="http://www.w3.org/1999/xhtml" id="accounts_umask_root" system="urn:xccdf:fix:script:sh"># Remediation is applicable only in certain platforms
if rpm --quiet -q kernel-default || rpm --quiet -q kernel-default-base &amp;&amp; { rpm --quiet -q bash; }; then

for file in /root/.bashrc /root/.profile; do
    if [ -f "$file" ]; then
        sed -i -E -e "s/^([^#]*\bumask)[[:space:]]+[[:digit:]]+/\1 0027/g" "$file"
    fi
done

else
    &gt;&amp;2 echo 'Remediation is not applicable, nothing was done'
fi
</fix>
            <check system="http://oval.mitre.org/XMLSchema/oval-definitions-5">
              <check-content-ref name="oval:ssg-accounts_umask_root:def:1" href="ssg-sle15-oval.xml"/>
            </check>
          </Rule>
        </Group>
      </Group>
    </Group>
    <Group id="xccdf_org.ssgproject.content_group_apparmor">
      <title xmlns:xhtml="http://www.w3.org/1999/xhtml" xml:lang="en-US">AppArmor</title>
      <description xmlns:xhtml="http://www.w3.org/1999/xhtml" xml:lang="en-US">Many security vulnerabilities result from bugs in trusted programs. A trusted
program runs with privileges that attackers want to possess. The program fails
to keep that trust if there is a bug in the program that allows the attacker to
acquire said privilege.
<html:br xmlns:html="http://www.w3.org/1999/xhtml"/>
      <html:br xmlns:html="http://www.w3.org/1999/xhtml"/>
AppArmor® is an application security solution designed specifically to apply
privilege confinement to suspect programs. AppArmor allows the administrator to
specify the domain of activities the program can perform by developing a
security profile. A security profile is a listing of files that the program may
access and the operations the program may perform. AppArmor secures
applications by enforcing good application behavior without relying on attack
signatures, so it can prevent attacks even if previously unknown
vulnerabilities are being exploited.

<html:br xmlns:html="http://www.w3.org/1999/xhtml"/>
      <html:br xmlns:html="http://www.w3.org/1999/xhtml"/>
For more information on using AppArmor, see

    <html:a xmlns:html="http://www.w3.org/1999/xhtml" href="https://www.suse.com/documentation/sles-12/book_security/data/cha_apparmor_intro.html">https://www.suse.com/documentation/sles-12/book_security/data/cha_apparmor_intro.html</html:a>.</description>
      <platform idref="#machine"/>
      <Value id="xccdf_org.ssgproject.content_value_var_apparmor_mode" type="string">
        <title xmlns:xhtml="http://www.w3.org/1999/xhtml" xml:lang="en-US">AppArmor profiles mode</title>
        <description xmlns:xhtml="http://www.w3.org/1999/xhtml" xml:lang="en-US">enforce - Set all AppArmor profiles to enforce mode<html:br xmlns:html="http://www.w3.org/1999/xhtml"/>
complain - Set all AppArmor profiles to complain mode<html:br xmlns:html="http://www.w3.org/1999/xhtml"/>
keep_existing_mode - Don't change existing modes of AppArmor profiles.</description>
        <value>enforce</value>
        <value selector="complain">complain</value>
        <value selector="enforce">enforce</value>
        <value selector="keep_existing_mode">keep_existing_mode</value>
      </Value>
      <Rule id="xccdf_org.ssgproject.content_rule_package_apparmor_installed" selected="false" role="full" severity="medium">
        <title xmlns:xhtml="http://www.w3.org/1999/xhtml" xml:lang="en-US">Ensure AppArmor is installed</title>
        <description xmlns:xhtml="http://www.w3.org/1999/xhtml" xml:lang="en-US">AppArmor provide Mandatory Access Controls.</description>
        <reference href="https://www.cyber.mil/stigs/downloads/?_dl_facet_stigs=operating-systems%2Cgeneral-purpose-os">SRG-OS-000368-GPOS-00154</reference>
        <reference href="https://www.cyber.mil/stigs/downloads/?_dl_facet_stigs=operating-systems%2Cgeneral-purpose-os">SRG-OS-000312-GPOS-00122</reference>
        <reference href="https://www.cyber.mil/stigs/downloads/?_dl_facet_stigs=operating-systems%2Cgeneral-purpose-os">SRG-OS-000312-GPOS-00123</reference>
        <reference href="https://www.cyber.mil/stigs/downloads/?_dl_facet_stigs=operating-systems%2Cgeneral-purpose-os">SRG-OS-000312-GPOS-00124</reference>
        <reference href="https://www.cyber.mil/stigs/downloads/?_dl_facet_stigs=operating-systems%2Cgeneral-purpose-os">SRG-OS-000324-GPOS-00125</reference>
        <reference href="https://www.cyber.mil/stigs/downloads/?_dl_facet_stigs=operating-systems%2Cgeneral-purpose-os">SRG-OS-000370-GPOS-00155</reference>
        <reference href="https://cyber.gouv.fr/sites/default/files/document/linux_configuration-en-v2.pdf">R45</reference>
        <reference href="not_publicly_available">SLES-15-150450015</reference>
        <rationale xmlns:xhtml="http://www.w3.org/1999/xhtml" xml:lang="en-US">Without a Mandatory Access Control system installed only the default
Discretionary Access Control system will be available.</rationale>
        <ident system="https://ncp.nist.gov/cce">CCE-92594-1</ident>
        <fix xmlns:xhtml="http://www.w3.org/1999/xhtml" id="package_apparmor_installed" system="urn:xccdf:fix:script:puppet" complexity="low" disruption="low" strategy="enable">include install_patterns-base-apparmor

class install_patterns-base-apparmor {
  package { 'patterns-base-apparmor':
    ensure =&gt; 'installed',
  }
}
</fix>
        <fix xmlns:xhtml="http://www.w3.org/1999/xhtml" id="package_apparmor_installed" system="urn:xccdf:fix:script:sh" complexity="low" disruption="low" strategy="enable"># Remediation is applicable only in certain platforms
if [ ! -f /.dockerenv ] &amp;&amp; [ ! -f /run/.containerenv ]; then

zypper install -y "patterns-base-apparmor"

else
    &gt;&amp;2 echo 'Remediation is not applicable, nothing was done'
fi
</fix>
        <fix xmlns:xhtml="http://www.w3.org/1999/xhtml" id="package_apparmor_installed" system="urn:redhat:osbuild:blueprint">
[[packages]]
name = "patterns-base-apparmor"
version = "*"
</fix>
        <fix xmlns:xhtml="http://www.w3.org/1999/xhtml" id="package_apparmor_installed" system="urn:xccdf:fix:script:ansible" complexity="low" disruption="low" strategy="enable">- name: Ensure patterns-base-apparmor is installed
  ansible.builtin.package:
    name: patterns-base-apparmor
    state: present
  when: ansible_virtualization_type not in ["docker", "lxc", "openvz", "podman", "container"]
  tags:
  - CCE-92594-1
  - enable_strategy
  - low_complexity
  - low_disruption
  - medium_severity
  - no_reboot_needed
  - package_apparmor_installed
</fix>
        <check system="http://oval.mitre.org/XMLSchema/oval-definitions-5">
          <check-content-ref name="oval:ssg-package_apparmor_installed:def:1" href="ssg-sle15-oval.xml"/>
        </check>
      </Rule>
      <Rule id="xccdf_org.ssgproject.content_rule_package_pam_apparmor_installed" selected="false" role="full" severity="medium">
        <title xmlns:xhtml="http://www.w3.org/1999/xhtml" xml:lang="en-US">Install the pam_apparmor Package</title>
        <description xmlns:xhtml="http://www.w3.org/1999/xhtml" xml:lang="en-US">The <html:code xmlns:html="http://www.w3.org/1999/xhtml">pam_apparmor</html:code> package can be installed with the following command:
<html:pre xmlns:html="http://www.w3.org/1999/xhtml">
$ sudo zypper install pam_apparmor</html:pre>
      </description>
        <reference href="http://nvlpubs.nist.gov/nistpubs/SpecialPublications/NIST.SP.800-53r4.pdf">AC-3(4)</reference>
        <reference href="http://nvlpubs.nist.gov/nistpubs/SpecialPublications/NIST.SP.800-53r4.pdf">AC-6(8)</reference>
        <reference href="http://nvlpubs.nist.gov/nistpubs/SpecialPublications/NIST.SP.800-53r4.pdf">AC-6(10)</reference>
        <reference href="http://nvlpubs.nist.gov/nistpubs/SpecialPublications/NIST.SP.800-53r4.pdf">CM-7(5)(b)</reference>
        <reference href="http://nvlpubs.nist.gov/nistpubs/SpecialPublications/NIST.SP.800-53r4.pdf">CM-7(2)</reference>
        <reference href="http://nvlpubs.nist.gov/nistpubs/SpecialPublications/NIST.SP.800-53r4.pdf">SC-7(21)</reference>
        <reference href="http://nvlpubs.nist.gov/nistpubs/SpecialPublications/NIST.SP.800-53r4.pdf">CM-6(a)</reference>
        <reference href="https://www.cyber.mil/stigs/downloads/?_dl_facet_stigs=operating-systems%2Cgeneral-purpose-os">SRG-OS-000312-GPOS-00122</reference>
        <reference href="https://www.cyber.mil/stigs/downloads/?_dl_facet_stigs=operating-systems%2Cgeneral-purpose-os">SRG-OS-000312-GPOS-00123</reference>
        <reference href="https://www.cyber.mil/stigs/downloads/?_dl_facet_stigs=operating-systems%2Cgeneral-purpose-os">SRG-OS-000312-GPOS-00124</reference>
        <reference href="https://www.cyber.mil/stigs/downloads/?_dl_facet_stigs=operating-systems%2Cgeneral-purpose-os">SRG-OS-000324-GPOS-00125</reference>
        <reference href="https://www.cyber.mil/stigs/downloads/?_dl_facet_stigs=operating-systems%2Cgeneral-purpose-os">SRG-OS-000326-GPOS-00126</reference>
        <reference href="https://www.cyber.mil/stigs/downloads/?_dl_facet_stigs=operating-systems%2Cgeneral-purpose-os">SRG-OS-000370-GPOS-00155</reference>
        <reference href="https://www.cyber.mil/stigs/downloads/?_dl_facet_stigs=operating-systems%2Cgeneral-purpose-os">SRG-OS-000480-GPOS-00230</reference>
        <reference href="https://www.cyber.mil/stigs/downloads/?_dl_facet_stigs=operating-systems%2Cgeneral-purpose-os">SRG-OS-000480-GPOS-00227</reference>
        <reference href="https://www.cyber.mil/stigs/downloads/?_dl_facet_stigs=operating-systems%2Cgeneral-purpose-os">SRG-OS-000480-GPOS-00231</reference>
        <reference href="https://www.cyber.mil/stigs/downloads/?_dl_facet_stigs=operating-systems%2Cgeneral-purpose-os">SRG-OS-000480-GPOS-00232</reference>
        <reference href="https://www.cyber.mil/stigs/downloads/?_dl_facet_stigs=operating-systems%2Cunix-linux">SLES-15-010390</reference>
        <reference href="https://www.cisecurity.org/benchmark/suse_linux/">1.7.1.1</reference>
        <reference href="https://cyber.gouv.fr/sites/default/files/document/linux_configuration-en-v2.pdf">R45</reference>
        <reference href="https://www.cyber.mil/stigs/srg-stig-tools/">SV-234848r958702_rule</reference>
        <rationale xmlns:xhtml="http://www.w3.org/1999/xhtml" xml:lang="en-US">Protection of system integrity using AppArmor depends on this package being
installed.</rationale>
        <ident system="https://ncp.nist.gov/cce">CCE-85765-6</ident>
        <fix xmlns:xhtml="http://www.w3.org/1999/xhtml" id="package_pam_apparmor_installed" system="urn:xccdf:fix:script:puppet" complexity="low" disruption="low" strategy="enable">include install_pam_apparmor

class install_pam_apparmor {
  package { 'pam_apparmor':
    ensure =&gt; 'installed',
  }
}
</fix>
        <fix xmlns:xhtml="http://www.w3.org/1999/xhtml" id="package_pam_apparmor_installed" system="urn:xccdf:fix:script:sh" complexity="low" disruption="low" strategy="enable"># Remediation is applicable only in certain platforms
if [ ! -f /.dockerenv ] &amp;&amp; [ ! -f /run/.containerenv ]; then

zypper install -y "pam_apparmor"

else
    &gt;&amp;2 echo 'Remediation is not applicable, nothing was done'
fi
</fix>
        <fix xmlns:xhtml="http://www.w3.org/1999/xhtml" id="package_pam_apparmor_installed" system="urn:redhat:osbuild:blueprint">
[[packages]]
name = "pam_apparmor"
version = "*"
</fix>
        <fix xmlns:xhtml="http://www.w3.org/1999/xhtml" id="package_pam_apparmor_installed" system="urn:xccdf:fix:script:ansible" complexity="low" disruption="low" strategy="enable">- name: Ensure pam_apparmor is installed
  ansible.builtin.package:
    name: pam_apparmor
    state: present
  when: ansible_virtualization_type not in ["docker", "lxc", "openvz", "podman", "container"]
  tags:
  - CCE-85765-6
  - DISA-STIG-SLES-15-010390
  - NIST-800-53-AC-3(4)
  - NIST-800-53-AC-6(10)
  - NIST-800-53-AC-6(8)
  - NIST-800-53-CM-6(a)
  - NIST-800-53-CM-7(2)
  - NIST-800-53-CM-7(5)(b)
  - NIST-800-53-SC-7(21)
  - enable_strategy
  - low_complexity
  - low_disruption
  - medium_severity
  - no_reboot_needed
  - package_pam_apparmor_installed
</fix>
        <check system="http://oval.mitre.org/XMLSchema/oval-definitions-5">
          <check-content-ref name="oval:ssg-package_pam_apparmor_installed:def:1" href="ssg-sle15-oval.xml"/>
        </check>
        <check system="http://scap.nist.gov/schema/ocil/2">
          <check-content-ref name="ocil:ssg-package_pam_apparmor_installed_ocil:questionnaire:1" href="ssg-sle15-ocil.xml"/>
        </check>
      </Rule>
      <Rule id="xccdf_org.ssgproject.content_rule_all_apparmor_profiles_enforced" selected="false" role="full" severity="medium">
        <title xmlns:xhtml="http://www.w3.org/1999/xhtml" xml:lang="en-US">Enforce all AppArmor Profiles</title>
        <description xmlns:xhtml="http://www.w3.org/1999/xhtml" xml:lang="en-US">AppArmor profiles define what resources applications are able to access.
To set all profiles to enforce mode run the following command:
<html:pre xmlns:html="http://www.w3.org/1999/xhtml">$ sudo aa-enforce /etc/apparmor.d/*</html:pre>
To list unconfined processes run the following command:

<html:pre xmlns:html="http://www.w3.org/1999/xhtml">$ sudo aa-unconfined</html:pre>

Any unconfined processes may need to have a profile created or activated
for them and then be restarted.</description>
        <reference href="https://www.cisecurity.org/benchmark/suse_linux/">1.7.1.4</reference>
        <reference href="https://cyber.gouv.fr/sites/default/files/document/linux_configuration-en-v2.pdf">R45</reference>
        <reference href="not_publicly_available">SLES-15-150450060</reference>
        <rationale xmlns:xhtml="http://www.w3.org/1999/xhtml" xml:lang="en-US">Security configuration requirements vary from site to site. Some sites may
mandate a policy that is stricter than the default policy, which is perfectly
acceptable. This recommendation is intended to ensure that any policies that
exist on the system are activated.</rationale>
        <platform idref="#machine_and_package_apparmor"/>
        <ident system="https://ncp.nist.gov/cce">CCE-92536-2</ident>
        <fix xmlns:xhtml="http://www.w3.org/1999/xhtml" id="all_apparmor_profiles_enforced" system="urn:xccdf:fix:script:sh"># Remediation is applicable only in certain platforms
if [ ! -f /.dockerenv ] &amp;&amp; [ ! -f /run/.containerenv ] &amp;&amp; { ( [ ! -f /.dockerenv ] &amp;&amp; [ ! -f /run/.containerenv ] &amp;&amp; rpm --quiet -q apparmor-profiles ); }; then

# make sure apparmor-utils is installed for aa-complain and aa-enforce
zypper install -y "apparmor-utils"

# Ensure all AppArmor Profiles are enforcing
apparmor_parser -q -r /etc/apparmor.d/

aa-enforce /etc/apparmor.d/*



UNCONFINED=$(aa-unconfined)
if [ ! -z "$UNCONFINED" ]

then
  echo -e "***WARNING***: There are some unconfined processes:"
  echo -e "----------------------------"
  echo "The may need to have a profile created or activated for them and then be restarted."
  for PROCESS in "${UNCONFINED[@]}"
  do
      echo "$PROCESS"
  done
  echo -e "----------------------------"
  echo "The may need to have a profile created or activated for them and then be restarted."
fi

else
    &gt;&amp;2 echo 'Remediation is not applicable, nothing was done'
fi
</fix>
        <fix xmlns:xhtml="http://www.w3.org/1999/xhtml" id="all_apparmor_profiles_enforced" system="urn:xccdf:fix:script:ansible" complexity="low" disruption="low" strategy="restrict">- name: Gather the package facts
  package_facts:
    manager: auto
  tags:
  - CCE-92536-2
  - all_apparmor_profiles_enforced
  - low_complexity
  - low_disruption
  - medium_severity
  - no_reboot_needed
  - restrict_strategy

- name: Enforce all AppArmor Profiles - Ensure all AppArmor Profiles are reloaded
  ansible.builtin.command: apparmor_parser -q -r /etc/apparmor.d/
  when:
  - ansible_virtualization_type not in ["docker", "lxc", "openvz", "podman", "container"]
  - ( ansible_virtualization_type not in ["docker", "lxc", "openvz", "podman", "container"]
    and "apparmor-profiles" in ansible_facts.packages )
  tags:
  - CCE-92536-2
  - all_apparmor_profiles_enforced
  - low_complexity
  - low_disruption
  - medium_severity
  - no_reboot_needed
  - restrict_strategy

- name: Enforce all AppArmor Profiles - Ensure all AppArmor Profiles are enforcing
  ansible.builtin.command: aa-enforce /etc/apparmor.d/*
  when:
  - ansible_virtualization_type not in ["docker", "lxc", "openvz", "podman", "container"]
  - ( ansible_virtualization_type not in ["docker", "lxc", "openvz", "podman", "container"]
    and "apparmor-profiles" in ansible_facts.packages )
  tags:
  - CCE-92536-2
  - all_apparmor_profiles_enforced
  - low_complexity
  - low_disruption
  - medium_severity
  - no_reboot_needed
  - restrict_strategy

- name: Enforce all AppArmor Profiles - Collect unconfined processes
  ansible.builtin.command: aa-unconfined
  register: unconfined_processes
  when:
  - ansible_virtualization_type not in ["docker", "lxc", "openvz", "podman", "container"]
  - ( ansible_virtualization_type not in ["docker", "lxc", "openvz", "podman", "container"]
    and "apparmor-profiles" in ansible_facts.packages )
  tags:
  - CCE-92536-2
  - all_apparmor_profiles_enforced
  - low_complexity
  - low_disruption
  - medium_severity
  - no_reboot_needed
  - restrict_strategy

- name: Enforce all AppArmor Profiles - Provide details about unconfined processes
  ansible.builtin.assert:
    that:
    - unconfined_processes.stdout_lines | length &gt; 0
    success_msg: The process {{ item }} may need to have a profile created or activated
      for them and then be restarted.
    fail_msg: ''
  with_items: '{{ unconfined_processes.stdout_lines }}'
  when:
  - ansible_virtualization_type not in ["docker", "lxc", "openvz", "podman", "container"]
  - ( ansible_virtualization_type not in ["docker", "lxc", "openvz", "podman", "container"]
    and "apparmor-profiles" in ansible_facts.packages )
  - unconfined_processes is not skipped
  tags:
  - CCE-92536-2
  - all_apparmor_profiles_enforced
  - low_complexity
  - low_disruption
  - medium_severity
  - no_reboot_needed
  - restrict_strategy
</fix>
        <check system="http://open-scap.org/page/SCE">
          <check-import import-name="stdout">
              </check-import>
          <check-content-ref href="sle15/checks/sce/all_apparmor_profiles_enforced.sh"/>
        </check>
      </Rule>
      <Rule id="xccdf_org.ssgproject.content_rule_all_apparmor_profiles_in_enforce_complain_mode" selected="false" role="full" severity="medium">
        <title xmlns:xhtml="http://www.w3.org/1999/xhtml" xml:lang="en-US">All AppArmor Profiles are in enforce or complain mode</title>
        <description xmlns:xhtml="http://www.w3.org/1999/xhtml" xml:lang="en-US">AppArmor profiles define what resources applications are able to access.
To set all profiles to either <html:code xmlns:html="http://www.w3.org/1999/xhtml">enforce</html:code> or <html:code xmlns:html="http://www.w3.org/1999/xhtml">complain</html:code>  mode
run the following command to set all profiles to <html:code xmlns:html="http://www.w3.org/1999/xhtml">enforce</html:code> mode:
<html:pre xmlns:html="http://www.w3.org/1999/xhtml">$ sudo aa-enforce /etc/apparmor.d/*</html:pre>
run the following command to set all profiles to <html:code xmlns:html="http://www.w3.org/1999/xhtml">complain</html:code> mode:
<html:pre xmlns:html="http://www.w3.org/1999/xhtml">$ sudo aa-complain /etc/apparmor.d/*</html:pre>
To list unconfined processes run the following command:

<html:pre xmlns:html="http://www.w3.org/1999/xhtml">$ sudo aa-unconfined</html:pre>

Any unconfined processes may need to have a profile created or activated
for them and then be restarted.</description>
        <reference href="https://www.cisecurity.org/benchmark/suse_linux/">1.7.1.3</reference>
        <reference href="not_publicly_available">SLES-15-150450045</reference>
        <rationale xmlns:xhtml="http://www.w3.org/1999/xhtml" xml:lang="en-US">Security configuration requirements vary from site to site. Some sites may
mandate a policy that is stricter than the default policy, which is perfectly
acceptable. This recommendation is intended to ensure that any policies that
exist on the system are activated.</rationale>
        <platform idref="#machine_and_package_apparmor"/>
        <ident system="https://ncp.nist.gov/cce">CCE-92548-7</ident>
        <fix xmlns:xhtml="http://www.w3.org/1999/xhtml" id="all_apparmor_profiles_in_enforce_complain_mode" system="urn:xccdf:fix:script:sh"># Remediation is applicable only in certain platforms
if [ ! -f /.dockerenv ] &amp;&amp; [ ! -f /run/.containerenv ] &amp;&amp; { ( [ ! -f /.dockerenv ] &amp;&amp; [ ! -f /run/.containerenv ] &amp;&amp; rpm --quiet -q apparmor-profiles ); }; then

var_apparmor_mode='<xccdf-1.2:sub xmlns:xccdf-1.2="http://checklists.nist.gov/xccdf/1.2" idref="xccdf_org.ssgproject.content_value_var_apparmor_mode" use="legacy"/>'


# make sure apparmor-utils is installed for aa-complain and aa-enforce
zypper install -y "apparmor-utils"

# Reload all AppArmor profiles
apparmor_parser -q -r /etc/apparmor.d/

# Set the mode
APPARMOR_MODE="$var_apparmor_mode"

if [ "$APPARMOR_MODE" = "enforce" ]
then
  
  # Set all profiles to enforce mode
  aa-enforce /etc/apparmor.d/*
  
fi

if [ "$APPARMOR_MODE" = "complain" ]
then
  
  # Set all profiles to complain mode
  aa-complain /etc/apparmor.d/*
  
fi

if [ "$APPARMOR_MODE" = "keep_existing_mode" ]
then
  echo "***WARNING***: This remediation will not modify any existing AppArmor profiles."
fi


UNCONFINED=$(aa-unconfined)
if [ ! -z "$UNCONFINED" ]

then
  echo -e "***WARNING***: There are some unconfined processes:"
  echo -e "----------------------------"
  echo "The may need to have a profile created or activated for them and then be restarted."
  for PROCESS in "${UNCONFINED[@]}"
  do
      echo "$PROCESS"
  done
  echo -e "----------------------------"
  echo "The may need to have a profile created or activated for them and then be restarted."
fi

else
    &gt;&amp;2 echo 'Remediation is not applicable, nothing was done'
fi
</fix>
        <fix xmlns:xhtml="http://www.w3.org/1999/xhtml" id="all_apparmor_profiles_in_enforce_complain_mode" system="urn:xccdf:fix:script:ansible" complexity="low" disruption="low" strategy="restrict">- name: Gather the package facts
  package_facts:
    manager: auto
  tags:
  - CCE-92548-7
  - all_apparmor_profiles_in_enforce_complain_mode
  - low_complexity
  - low_disruption
  - medium_severity
  - no_reboot_needed
  - restrict_strategy
- name: XCCDF Value var_apparmor_mode # promote to variable
  set_fact:
    var_apparmor_mode: !!str <xccdf-1.2:sub xmlns:xccdf-1.2="http://checklists.nist.gov/xccdf/1.2" idref="xccdf_org.ssgproject.content_value_var_apparmor_mode" use="legacy"/>
  tags:
    - always

- name: All AppArmor Profiles are in enforce or complain mode - Ensure all AppArmor
    Profiles are reloaded
  ansible.builtin.command: apparmor_parser -q -r /etc/apparmor.d/
  when:
  - ansible_virtualization_type not in ["docker", "lxc", "openvz", "podman", "container"]
  - ( ansible_virtualization_type not in ["docker", "lxc", "openvz", "podman", "container"]
    and "apparmor-profiles" in ansible_facts.packages )
  tags:
  - CCE-92548-7
  - all_apparmor_profiles_in_enforce_complain_mode
  - low_complexity
  - low_disruption
  - medium_severity
  - no_reboot_needed
  - restrict_strategy

- name: All AppArmor Profiles are in enforce or complain mode - Set all AppArmor profiles
    to enforce mode
  ansible.builtin.command: aa-enforce /etc/apparmor.d/*
  when:
  - ansible_virtualization_type not in ["docker", "lxc", "openvz", "podman", "container"]
  - ( ansible_virtualization_type not in ["docker", "lxc", "openvz", "podman", "container"]
    and "apparmor-profiles" in ansible_facts.packages )
  - var_apparmor_mode == 'enforce'
  tags:
  - CCE-92548-7
  - all_apparmor_profiles_in_enforce_complain_mode
  - low_complexity
  - low_disruption
  - medium_severity
  - no_reboot_needed
  - restrict_strategy

- name: All AppArmor Profiles are in enforce or complain mode - Set all AppArmor profiles
    to complain mode
  ansible.builtin.command: aa-complain /etc/apparmor.d/*
  when:
  - ansible_virtualization_type not in ["docker", "lxc", "openvz", "podman", "container"]
  - ( ansible_virtualization_type not in ["docker", "lxc", "openvz", "podman", "container"]
    and "apparmor-profiles" in ansible_facts.packages )
  - var_apparmor_mode == 'complain'
  tags:
  - CCE-92548-7
  - all_apparmor_profiles_in_enforce_complain_mode
  - low_complexity
  - low_disruption
  - medium_severity
  - no_reboot_needed
  - restrict_strategy

- name: All AppArmor Profiles are in enforce or complain mode - Collect unconfined
    processes
  ansible.builtin.command: aa-unconfined
  register: unconfined_processes
  when:
  - ansible_virtualization_type not in ["docker", "lxc", "openvz", "podman", "container"]
  - ( ansible_virtualization_type not in ["docker", "lxc", "openvz", "podman", "container"]
    and "apparmor-profiles" in ansible_facts.packages )
  tags:
  - CCE-92548-7
  - all_apparmor_profiles_in_enforce_complain_mode
  - low_complexity
  - low_disruption
  - medium_severity
  - no_reboot_needed
  - restrict_strategy

- name: All AppArmor Profiles are in enforce or complain mode - Provide details about
    unconfined processes
  ansible.builtin.assert:
    that:
    - unconfined_processes.stdout_lines | length &gt; 0
    success_msg: The process {{ item }} may need to have a profile created or activated
      for them and then be restarted.
    fail_msg: ''
  with_items: '{{ unconfined_processes.stdout_lines }}'
  when:
  - ansible_virtualization_type not in ["docker", "lxc", "openvz", "podman", "container"]
  - ( ansible_virtualization_type not in ["docker", "lxc", "openvz", "podman", "container"]
    and "apparmor-profiles" in ansible_facts.packages )
  - unconfined_processes is not skipped
  tags:
  - CCE-92548-7
  - all_apparmor_profiles_in_enforce_complain_mode
  - low_complexity
  - low_disruption
  - medium_severity
  - no_reboot_needed
  - restrict_strategy
</fix>
        <check system="http://oval.mitre.org/XMLSchema/oval-definitions-5">
          <check-content-ref name="oval:ssg-all_apparmor_profiles_in_enforce_complain_mode:def:1" href="ssg-sle15-oval.xml"/>
        </check>
      </Rule>
      <Rule id="xccdf_org.ssgproject.content_rule_apparmor_configured" selected="false" role="full" severity="medium">
        <title xmlns:xhtml="http://www.w3.org/1999/xhtml" xml:lang="en-US">Ensure AppArmor is Active and Configured</title>
        <description xmlns:xhtml="http://www.w3.org/1999/xhtml" xml:lang="en-US">Verify that the Apparmor tool is configured to
control whitelisted applications and user home directory access
control.<html:br xmlns:html="http://www.w3.org/1999/xhtml"/>
       <html:br xmlns:html="http://www.w3.org/1999/xhtml"/>

The <html:code xmlns:html="http://www.w3.org/1999/xhtml">apparmor</html:code> service can be enabled with the following command:
<html:pre xmlns:html="http://www.w3.org/1999/xhtml">$ sudo systemctl enable apparmor.service</html:pre>
      </description>
        <reference href="http://nvlpubs.nist.gov/nistpubs/SpecialPublications/NIST.SP.800-53r4.pdf">AC-3(4)</reference>
        <reference href="http://nvlpubs.nist.gov/nistpubs/SpecialPublications/NIST.SP.800-53r4.pdf">AC-6(8)</reference>
        <reference href="http://nvlpubs.nist.gov/nistpubs/SpecialPublications/NIST.SP.800-53r4.pdf">AC-6(10)</reference>
        <reference href="http://nvlpubs.nist.gov/nistpubs/SpecialPublications/NIST.SP.800-53r4.pdf">CM-7(5)(b)</reference>
        <reference href="http://nvlpubs.nist.gov/nistpubs/SpecialPublications/NIST.SP.800-53r4.pdf">CM-7(2)</reference>
        <reference href="http://nvlpubs.nist.gov/nistpubs/SpecialPublications/NIST.SP.800-53r4.pdf">SC-7(21)</reference>
        <reference href="http://nvlpubs.nist.gov/nistpubs/SpecialPublications/NIST.SP.800-53r4.pdf">CM-6(a)</reference>
        <reference href="https://www.cyber.mil/stigs/downloads/?_dl_facet_stigs=operating-systems%2Cgeneral-purpose-os">SRG-OS-000312-GPOS-00122</reference>
        <reference href="https://www.cyber.mil/stigs/downloads/?_dl_facet_stigs=operating-systems%2Cgeneral-purpose-os">SRG-OS-000312-GPOS-00123</reference>
        <reference href="https://www.cyber.mil/stigs/downloads/?_dl_facet_stigs=operating-systems%2Cgeneral-purpose-os">SRG-OS-000312-GPOS-00124</reference>
        <reference href="https://www.cyber.mil/stigs/downloads/?_dl_facet_stigs=operating-systems%2Cgeneral-purpose-os">SRG-OS-000324-GPOS-00125</reference>
        <reference href="https://www.cyber.mil/stigs/downloads/?_dl_facet_stigs=operating-systems%2Cgeneral-purpose-os">SRG-OS-000326-GPOS-00126</reference>
        <reference href="https://www.cyber.mil/stigs/downloads/?_dl_facet_stigs=operating-systems%2Cgeneral-purpose-os">SRG-OS-000370-GPOS-00155</reference>
        <reference href="https://www.cyber.mil/stigs/downloads/?_dl_facet_stigs=operating-systems%2Cgeneral-purpose-os">SRG-OS-000480-GPOS-00230</reference>
        <reference href="https://www.cyber.mil/stigs/downloads/?_dl_facet_stigs=operating-systems%2Cgeneral-purpose-os">SRG-OS-000480-GPOS-00227</reference>
        <reference href="https://www.cyber.mil/stigs/downloads/?_dl_facet_stigs=operating-systems%2Cgeneral-purpose-os">SRG-OS-000480-GPOS-00231</reference>
        <reference href="https://www.cyber.mil/stigs/downloads/?_dl_facet_stigs=operating-systems%2Cgeneral-purpose-os">SRG-OS-000480-GPOS-00232</reference>
        <reference href="https://www.cyber.mil/stigs/downloads/?_dl_facet_stigs=operating-systems%2Cunix-linux">SLES-15-010390</reference>
        <reference href="https://www.cisecurity.org/benchmark/suse_linux/">1.7.1.2</reference>
        <reference href="https://cyber.gouv.fr/sites/default/files/document/linux_configuration-en-v2.pdf">R45</reference>
        <reference href="not_publicly_available">SLES-15-150450030</reference>
        <reference href="https://www.cyber.mil/stigs/srg-stig-tools/">SV-234848r958702_rule</reference>
        <rationale xmlns:xhtml="http://www.w3.org/1999/xhtml" xml:lang="en-US">Using a whitelist provides a configuration management method for allowing
the execution of only authorized software. Using only authorized software
decreases risk by limiting the number of potential vulnerabilities.<html:br xmlns:html="http://www.w3.org/1999/xhtml"/>
       <html:br xmlns:html="http://www.w3.org/1999/xhtml"/>

The organization must identify authorized software programs and permit
execution of authorized software by adding each authorized program to the
"pam_apparmor" exception policy. The process used to identify software
programs that are authorized to execute on organizational information
systems is commonly referred to as whitelisting.<html:br xmlns:html="http://www.w3.org/1999/xhtml"/>
       <html:br xmlns:html="http://www.w3.org/1999/xhtml"/>

Verification of whitelisted software occurs prior to execution or at system
startup.<html:br xmlns:html="http://www.w3.org/1999/xhtml"/>
       <html:br xmlns:html="http://www.w3.org/1999/xhtml"/>

Users' home directories/folders may contain information of a sensitive
nature. Nonprivileged users should coordinate any sharing of information
with a System Administrator (SA) through shared resources.<html:br xmlns:html="http://www.w3.org/1999/xhtml"/>
       <html:br xmlns:html="http://www.w3.org/1999/xhtml"/>

Apparmor can confine users to their home directory, not allowing them to
make any changes outside of their own home directories. Confining users to
their home directory will minimize the risk of sharing information.</rationale>
        <ident system="https://ncp.nist.gov/cce">CCE-85752-4</ident>
        <fix xmlns:xhtml="http://www.w3.org/1999/xhtml" id="apparmor_configured" system="urn:xccdf:fix:script:puppet" complexity="low" disruption="low" strategy="enable">include enable_apparmor

class enable_apparmor {
  service {'apparmor':
    enable =&gt; true,
    ensure =&gt; 'running',
  }
}
</fix>
        <fix xmlns:xhtml="http://www.w3.org/1999/xhtml" id="apparmor_configured" system="urn:xccdf:fix:script:sh"># Remediation is applicable only in certain platforms
if [ ! -f /.dockerenv ] &amp;&amp; [ ! -f /run/.containerenv ]; then

# Enable apparmor
/usr/bin/systemctl enable "apparmor"
if [[ $(/usr/bin/systemctl is-system-running) != "offline" ]]; then
/usr/bin/systemctl start "apparmor"
fi
# The service may not be running because it has been started and failed,
# so let's reset the state so OVAL checks pass.
# Service should be 'inactive', not 'failed' after reboot though.
if /usr/bin/systemctl --failed | grep -q "apparmor"; then
    /usr/bin/systemctl reset-failed "apparmor"
fi

else
    &gt;&amp;2 echo 'Remediation is not applicable, nothing was done'
fi
</fix>
        <fix xmlns:xhtml="http://www.w3.org/1999/xhtml" id="apparmor_configured" system="urn:redhat:osbuild:blueprint">
[customizations.services]
enabled = ["apparmor"]
</fix>
        <fix xmlns:xhtml="http://www.w3.org/1999/xhtml" id="apparmor_configured" system="urn:xccdf:fix:script:ansible">- name: Start apparmor.service
  ansible.builtin.systemd:
    name: apparmor.service
    state: started
    enabled: true
  when: ansible_virtualization_type not in ["docker", "lxc", "openvz", "podman", "container"]
  tags:
  - CCE-85752-4
  - DISA-STIG-SLES-15-010390
  - NIST-800-53-AC-3(4)
  - NIST-800-53-AC-6(10)
  - NIST-800-53-AC-6(8)
  - NIST-800-53-CM-6(a)
  - NIST-800-53-CM-7(2)
  - NIST-800-53-CM-7(5)(b)
  - NIST-800-53-SC-7(21)
  - apparmor_configured
  - medium_severity
</fix>
        <check system="http://open-scap.org/page/SCE">
          <check-import import-name="stdout">
              </check-import>
          <check-content-ref href="sle15/checks/sce/apparmor_configured.sh"/>
        </check>
        <check system="http://oval.mitre.org/XMLSchema/oval-definitions-5">
          <check-content-ref name="oval:ssg-apparmor_configured:def:1" href="ssg-sle15-oval.xml"/>
        </check>
        <check system="http://scap.nist.gov/schema/ocil/2">
          <check-content-ref name="ocil:ssg-apparmor_configured_ocil:questionnaire:1" href="ssg-sle15-ocil.xml"/>
        </check>
      </Rule>
      <Rule id="xccdf_org.ssgproject.content_rule_grub2_enable_apparmor" selected="false" role="full" severity="medium">
        <title xmlns:xhtml="http://www.w3.org/1999/xhtml" xml:lang="en-US">Ensure AppArmor is enabled in the bootloader configuration</title>
        <description xmlns:xhtml="http://www.w3.org/1999/xhtml" xml:lang="en-US">Configure AppArmor to be enabled at boot time and verify that it has not been
overwritten by the bootloader boot parameters.

Note: This recommendation is designed around the grub bootloader, if LILO or
another bootloader is in use in your environment, enact equivalent settings.</description>
        <reference href="https://cyber.gouv.fr/sites/default/files/document/linux_configuration-en-v2.pdf">R45</reference>
        <rationale xmlns:xhtml="http://www.w3.org/1999/xhtml" xml:lang="en-US">AppArmor must be enabled at boot time in your bootloader configuration to
ensure that the controls it provides are not overridden.</rationale>
        <check system="http://oval.mitre.org/XMLSchema/oval-definitions-5">
          <check-content-ref name="oval:ssg-grub2_enable_apparmor:def:1" href="ssg-sle15-oval.xml"/>
        </check>
      </Rule>
    </Group>
    <Group id="xccdf_org.ssgproject.content_group_bootloader-grub2">
      <title xmlns:xhtml="http://www.w3.org/1999/xhtml" xml:lang="en-US">GRUB2 bootloader configuration</title>
      <description xmlns:xhtml="http://www.w3.org/1999/xhtml" xml:lang="en-US">During the boot process, the boot loader is
responsible for starting the execution of the kernel and passing
options to it. The boot loader allows for the selection of
different kernels - possibly on different partitions or media.
The default SUSE Linux Enterprise 15 boot loader for x86 systems is called GRUB2.
Options it can pass to the kernel include <html:i xmlns:html="http://www.w3.org/1999/xhtml">single-user mode</html:i>, which
provides root access without any authentication, and the ability to
disable SELinux. To prevent local users from modifying the boot
parameters and endangering security, protect the boot loader configuration
with a password and ensure its configuration file's permissions
are set properly.</description>
      <platform idref="#grub2_and_system_with_kernel"/>
      <Value id="xccdf_org.ssgproject.content_value_var_l1tf_options" type="string">
        <title xmlns:xhtml="http://www.w3.org/1999/xhtml" xml:lang="en-US">L1TF vulnerability mitigation</title>
        <description xmlns:xhtml="http://www.w3.org/1999/xhtml" xml:lang="en-US">Defines the L1TF vulneratility mitigations to employ.</description>
        <value>flush</value>
        <value selector="full">full</value>
        <value selector="full_force">full,force</value>
        <value selector="flush">flush</value>
        <value selector="flush_nosmt">flush,nosmt</value>
        <value selector="flush_nowarn">flush,nowarn</value>
      </Value>
      <Value id="xccdf_org.ssgproject.content_value_var_mds_options" type="string">
        <title xmlns:xhtml="http://www.w3.org/1999/xhtml" xml:lang="en-US">MDS vulnerability mitigation</title>
        <description xmlns:xhtml="http://www.w3.org/1999/xhtml" xml:lang="en-US">Defines the MDS vulneratility mitigation to employ.</description>
        <value>full</value>
        <value selector="full">full</value>
        <value selector="full_nosmt">full,nosmt</value>
      </Value>
      <Value id="xccdf_org.ssgproject.content_value_var_rng_core_default_quality" type="string" interactive="true">
        <title xmlns:xhtml="http://www.w3.org/1999/xhtml" xml:lang="en-US">Confidence level on Hardware Random Number Generator</title>
        <description xmlns:xhtml="http://www.w3.org/1999/xhtml" xml:lang="en-US">Defines the level of trust on the hardware random number generators available in the
system and the percentage of entropy to credit.</description>
        <value>500</value>
        <value selector="500">500</value>
        <value selector="512">512</value>
        <value selector="1000">1000</value>
      </Value>
      <Value id="xccdf_org.ssgproject.content_value_var_spec_store_bypass_disable_options" type="string">
        <title xmlns:xhtml="http://www.w3.org/1999/xhtml" xml:lang="en-US">Spec Store Bypass Mitigation</title>
        <description xmlns:xhtml="http://www.w3.org/1999/xhtml" xml:lang="en-US">This controls how the Speculative Store Bypass (SSB) vulnerability is mitigated.</description>
        <value>prctl</value>
        <value selector="on">on</value>
        <value selector="auto">auto</value>
        <value selector="prctl">prctl</value>
        <value selector="seccomp">seccomp</value>
      </Value>
      <Rule id="xccdf_org.ssgproject.content_rule_grub2_disable_recovery" selected="false" role="full" severity="medium">
        <title xmlns:xhtml="http://www.w3.org/1999/xhtml" xml:lang="en-US">Disable Recovery Booting</title>
        <description xmlns:xhtml="http://www.w3.org/1999/xhtml" xml:lang="en-US">SUSE Linux Enterprise 15 systems support an "recovery boot" option that can be used
to prevent services from being started. The <html:code xmlns:html="http://www.w3.org/1999/xhtml">GRUB_DISABLE_RECOVERY</html:code>
configuration option in <html:code xmlns:html="http://www.w3.org/1999/xhtml">/etc/default/grub</html:code> should be set to
<html:code xmlns:html="http://www.w3.org/1999/xhtml">true</html:code> to disable the generation of recovery mode menu entries. It is
also required to change the runtime configuration, run:
<html:pre xmlns:html="http://www.w3.org/1999/xhtml">$ sudo grub2-mkconfig -o /boot/grub2/grub.cfg</html:pre>
      </description>
        <reference href="https://www.niap-ccevs.org/Profile/PP.cfm">FIA_UAU.1</reference>
        <rationale xmlns:xhtml="http://www.w3.org/1999/xhtml" xml:lang="en-US">Using recovery boot, the console user could disable auditing, firewalls,
or other services, weakening system security.</rationale>
        <fix xmlns:xhtml="http://www.w3.org/1999/xhtml" id="grub2_disable_recovery" system="urn:xccdf:fix:script:sh" reboot="true" complexity="low" disruption="low" strategy="restrict"># Remediation is applicable only in certain platforms
if ( rpm --quiet -q grub2 &amp;&amp; rpm --quiet -q kernel-default || rpm --quiet -q kernel-default-base ); then

if grep -q '^GRUB_DISABLE_RECOVERY=.*'  '/etc/default/grub' ; then
    sed -i 's/GRUB_DISABLE_RECOVERY=.*/GRUB_DISABLE_RECOVERY=true/' "/etc/default/grub"
else
    echo "GRUB_DISABLE_RECOVERY=true" &gt;&gt; '/etc/default/grub'
fi

grub2-mkconfig -o /boot/grub2/grub.cfg

else
    &gt;&amp;2 echo 'Remediation is not applicable, nothing was done'
fi
</fix>
        <fix xmlns:xhtml="http://www.w3.org/1999/xhtml" id="grub2_disable_recovery" system="urn:xccdf:fix:script:ansible" reboot="true" complexity="low" disruption="low" strategy="restrict">- name: Gather the package facts
  package_facts:
    manager: auto
  tags:
  - grub2_disable_recovery
  - low_complexity
  - low_disruption
  - medium_severity
  - reboot_required
  - restrict_strategy

- name: Disable Recovery Booting - Verify GRUB_DISABLE_RECOVERY=true
  ansible.builtin.lineinfile:
    path: /etc/default/grub
    regexp: ^GRUB_DISABLE_RECOVERY=.*
    line: GRUB_DISABLE_RECOVERY=true
    state: present
  register: grub_config_changed
  when: ( "grub2" in ansible_facts.packages and ("kernel-default" in ansible_facts.packages
    or "kernel-default-base" in ansible_facts.packages) )
  tags:
  - grub2_disable_recovery
  - low_complexity
  - low_disruption
  - medium_severity
  - reboot_required
  - restrict_strategy

- name: Disable Recovery Booting - Update grub defaults and the bootloader menu
  ansible.builtin.command: /usr/sbin/grub2-mkconfig -o /boot/grub2/grub.cfg
  when: ( "grub2" in ansible_facts.packages and ("kernel-default" in ansible_facts.packages
    or "kernel-default-base" in ansible_facts.packages) )
  tags:
  - grub2_disable_recovery
  - low_complexity
  - low_disruption
  - medium_severity
  - reboot_required
  - restrict_strategy
</fix>
        <check system="http://oval.mitre.org/XMLSchema/oval-definitions-5">
          <check-content-ref name="oval:ssg-grub2_disable_recovery:def:1" href="ssg-sle15-oval.xml"/>
        </check>
        <check system="http://scap.nist.gov/schema/ocil/2">
          <check-content-ref name="ocil:ssg-grub2_disable_recovery_ocil:questionnaire:1" href="ssg-sle15-ocil.xml"/>
        </check>
      </Rule>
      <Rule id="xccdf_org.ssgproject.content_rule_grub2_enable_iommu_force" selected="false" role="full" severity="unknown">
        <title xmlns:xhtml="http://www.w3.org/1999/xhtml" xml:lang="en-US">IOMMU configuration directive</title>
        <description xmlns:xhtml="http://www.w3.org/1999/xhtml" xml:lang="en-US">On x86 architecture supporting VT-d, the IOMMU manages the access control policy between the hardware devices and some
    of the system critical units such as the memory.
Configure the default Grub2 kernel command line to contain iommu=force as follows:
<html:pre xmlns:html="http://www.w3.org/1999/xhtml"># grub2-editenv - set "$(grub2-editenv - list | grep kernelopts) iommu=force"</html:pre>
      </description>
        <warning xmlns:xhtml="http://www.w3.org/1999/xhtml" xml:lang="en-US" category="functionality">Depending on the hardware, devices and operating system used, enabling IOMMU can cause hardware instabilities. Proper function and stability should be assessed before applying remediation to production systems.</warning>
        <reference href="https://cyber.gouv.fr/sites/default/files/document/linux_configuration-en-v2.pdf">R7</reference>
        <rationale xmlns:xhtml="http://www.w3.org/1999/xhtml" xml:lang="en-US">On x86 architectures, activating the I/OMMU prevents the system from arbitrary accesses potentially made by
    hardware devices.</rationale>
        <ident system="https://ncp.nist.gov/cce">CCE-91217-0</ident>
        <fix xmlns:xhtml="http://www.w3.org/1999/xhtml" id="grub2_enable_iommu_force" system="urn:xccdf:fix:script:sh"># Remediation is applicable only in certain platforms
if ( rpm --quiet -q grub2 &amp;&amp; rpm --quiet -q kernel-default || rpm --quiet -q kernel-default-base ); then

if { rpm --quiet -q kernel rpm-ostree bootc &amp;&amp; ! rpm --quiet -q openshift-kubelet &amp;&amp; { [ -f "/run/.containerenv" ] || [ -f "/.containerenv" ]; }; } ; then
    KARGS_DIR="/usr/lib/bootc/kargs.d/"
    if grep -q -E "iommu" "$KARGS_DIR/*.toml" ; then
        sed -i -E "s/^(\s*kargs\s*=\s*\[.*)\"iommu=[^\"]*\"(.*]\s*)/\1\"iommu=force\"\2/" "$KARGS_DIR/*.toml"
    else
        echo "kargs = [\"iommu=force\"]" &gt;&gt; "$KARGS_DIR/10-iommu.toml"
    fi
else


    # Correct the form of default kernel command line in GRUB
    if grep -q '^\s*GRUB_CMDLINE_LINUX=.*iommu=.*"'  '/etc/default/grub' ; then
           # modify the GRUB command-line if an iommu= arg already exists
           sed -i "s/\(^\s*GRUB_CMDLINE_LINUX=\".*\)iommu=[^[:space:]]\+\(.*\"\)/\1iommu=force\2/"  '/etc/default/grub'
    # Add to already existing GRUB_CMDLINE_LINUX parameters
    elif grep -q '^\s*GRUB_CMDLINE_LINUX='  '/etc/default/grub' ; then
           # no iommu=arg is present, append it
           sed -i "s/\(^\s*GRUB_CMDLINE_LINUX=\".*\)\"/\1 iommu=force\"/"  '/etc/default/grub'
    # Add GRUB_CMDLINE_LINUX parameters line
    else
           echo "GRUB_CMDLINE_LINUX=\"iommu=force\"" &gt;&gt; '/etc/default/grub'
    fi
    grub2-mkconfig -o /boot/grub2/grub.cfg

fi

else
    &gt;&amp;2 echo 'Remediation is not applicable, nothing was done'
fi
</fix>
        <fix xmlns:xhtml="http://www.w3.org/1999/xhtml" id="grub2_enable_iommu_force" system="urn:redhat:osbuild:blueprint">[customizations.kernel]
append = "iommu=force"
</fix>
        <fix xmlns:xhtml="http://www.w3.org/1999/xhtml" id="grub2_enable_iommu_force" system="urn:xccdf:fix:script:ansible" reboot="true" complexity="medium" disruption="low" strategy="restrict">- name: Gather the package facts
  package_facts:
    manager: auto
  tags:
  - CCE-91217-0
  - grub2_enable_iommu_force
  - low_disruption
  - medium_complexity
  - reboot_required
  - restrict_strategy
  - unknown_severity

- name: Check iommu argument exists
  ansible.builtin.command: grep '^\s*GRUB_CMDLINE_LINUX=.*iommu=' /etc/default/grub
  check_mode: false
  failed_when: false
  changed_when: false
  register: argcheck
  when: ( "grub2" in ansible_facts.packages and ("kernel-default" in ansible_facts.packages
    or "kernel-default-base" in ansible_facts.packages) )
  tags:
  - CCE-91217-0
  - grub2_enable_iommu_force
  - low_disruption
  - medium_complexity
  - reboot_required
  - restrict_strategy
  - unknown_severity

- name: Check iommu argument exists
  ansible.builtin.command: grep '^\s*GRUB_CMDLINE_LINUX=' /etc/default/grub
  check_mode: false
  failed_when: false
  changed_when: false
  register: linecheck
  when: ( "grub2" in ansible_facts.packages and ("kernel-default" in ansible_facts.packages
    or "kernel-default-base" in ansible_facts.packages) )
  tags:
  - CCE-91217-0
  - grub2_enable_iommu_force
  - low_disruption
  - medium_complexity
  - reboot_required
  - restrict_strategy
  - unknown_severity

- name: Add iommu argument
  ansible.builtin.lineinfile:
    line: GRUB_CMDLINE_LINUX="iommu=force "
    state: present
    dest: /etc/default/grub
    create: true
    mode: '0644'
  when:
  - ( "grub2" in ansible_facts.packages and ("kernel-default" in ansible_facts.packages
    or "kernel-default-base" in ansible_facts.packages) )
  - argcheck is not skipped and linecheck is not skipped and argcheck.rc != 0 and
    linecheck.rc != 0
  tags:
  - CCE-91217-0
  - grub2_enable_iommu_force
  - low_disruption
  - medium_complexity
  - reboot_required
  - restrict_strategy
  - unknown_severity

- name: Replace existing iommu argument
  ansible.builtin.replace:
    path: /etc/default/grub
    regexp: iommu=[a-zA-Z0-9,]+
    replace: iommu=force
  when:
  - ( "grub2" in ansible_facts.packages and ("kernel-default" in ansible_facts.packages
    or "kernel-default-base" in ansible_facts.packages) )
  - argcheck is not skipped and linecheck is not skipped and argcheck.rc == 0 and
    linecheck.rc == 0
  tags:
  - CCE-91217-0
  - grub2_enable_iommu_force
  - low_disruption
  - medium_complexity
  - reboot_required
  - restrict_strategy
  - unknown_severity

- name: Add iommu argument
  ansible.builtin.replace:
    path: /etc/default/grub
    regexp: (^\s*GRUB_CMDLINE_LINUX=.*)"
    replace: \1 iommu=force"
  when:
  - ( "grub2" in ansible_facts.packages and ("kernel-default" in ansible_facts.packages
    or "kernel-default-base" in ansible_facts.packages) )
  - argcheck is not skipped and linecheck is not skipped and argcheck.rc != 0 and
    linecheck.rc == 0
  tags:
  - CCE-91217-0
  - grub2_enable_iommu_force
  - low_disruption
  - medium_complexity
  - reboot_required
  - restrict_strategy
  - unknown_severity

- name: Update grub defaults and the bootloader menu
  ansible.builtin.command: /usr/sbin/grub2-mkconfig -o /boot/grub2/grub.cfg
  when: ( "grub2" in ansible_facts.packages and ("kernel-default" in ansible_facts.packages
    or "kernel-default-base" in ansible_facts.packages) )
  tags:
  - CCE-91217-0
  - grub2_enable_iommu_force
  - low_disruption
  - medium_complexity
  - reboot_required
  - restrict_strategy
  - unknown_severity
</fix>
        <check system="http://oval.mitre.org/XMLSchema/oval-definitions-5">
          <check-content-ref name="oval:ssg-grub2_enable_iommu_force:def:1" href="ssg-sle15-oval.xml"/>
        </check>
        <check system="http://scap.nist.gov/schema/ocil/2">
          <check-content-ref name="ocil:ssg-grub2_enable_iommu_force_ocil:questionnaire:1" href="ssg-sle15-ocil.xml"/>
        </check>
      </Rule>
      <Rule id="xccdf_org.ssgproject.content_rule_grub2_l1tf_argument" selected="false" role="full" severity="high">
        <title xmlns:xhtml="http://www.w3.org/1999/xhtml" xml:lang="en-US">Configure L1 Terminal Fault mitigations</title>
        <description xmlns:xhtml="http://www.w3.org/1999/xhtml" xml:lang="en-US">L1 Terminal Fault (L1TF) is a hardware vulnerability which allows unprivileged
speculative access to data which is available in the Level 1 Data Cache when
the page table entry isn't present.

Select the appropriate mitigation by adding the argument
<html:code xmlns:html="http://www.w3.org/1999/xhtml" xmlns:xccdf-1.2="http://checklists.nist.gov/xccdf/1.2">l1tf=<xccdf-1.2:sub idref="xccdf_org.ssgproject.content_value_var_l1tf_options" use="legacy"/>
       </html:code> to the default
GRUB 2 command line for the Linux operating system.
Configure the default Grub2 kernel command line to contain l1tf=<xccdf-1.2:sub xmlns:xccdf-1.2="http://checklists.nist.gov/xccdf/1.2" idref="xccdf_org.ssgproject.content_value_var_l1tf_options" use="legacy"/> as follows:
<html:pre xmlns:html="http://www.w3.org/1999/xhtml" xmlns:xccdf-1.2="http://checklists.nist.gov/xccdf/1.2"># grub2-editenv - set "$(grub2-editenv - list | grep kernelopts) l1tf=<xccdf-1.2:sub idref="xccdf_org.ssgproject.content_value_var_l1tf_options" use="legacy"/>"</html:pre>

Since Linux Kernel 4.19 you can check the L1TF vulnerability state with the
following command:
<html:code xmlns:html="http://www.w3.org/1999/xhtml">cat /sys/devices/system/cpu/vulnerabilities/l1tf</html:code>
      </description>
        <warning xmlns:xhtml="http://www.w3.org/1999/xhtml" xml:lang="en-US" category="performance">Enabling L1TF mitigations may impact performance of the system.</warning>
        <reference href="https://cyber.gouv.fr/sites/default/files/document/linux_configuration-en-v2.pdf">R8</reference>
        <rationale xmlns:xhtml="http://www.w3.org/1999/xhtml" xml:lang="en-US">The L1TF vulnerability allows an attacker to bypass memory access security controls imposed
by the system or hypervisor. The L1TF vulnerability allows read access to any physical memory
location that is cached in the L1 Data Cache.</rationale>
        <fix xmlns:xhtml="http://www.w3.org/1999/xhtml" id="grub2_l1tf_argument" system="urn:xccdf:fix:script:sh"># Remediation is applicable only in certain platforms
if ( rpm --quiet -q grub2 &amp;&amp; rpm --quiet -q kernel-default || rpm --quiet -q kernel-default-base ); then

var_l1tf_options='<xccdf-1.2:sub xmlns:xccdf-1.2="http://checklists.nist.gov/xccdf/1.2" idref="xccdf_org.ssgproject.content_value_var_l1tf_options" use="legacy"/>'



if { rpm --quiet -q kernel rpm-ostree bootc &amp;&amp; ! rpm --quiet -q openshift-kubelet &amp;&amp; { [ -f "/run/.containerenv" ] || [ -f "/.containerenv" ]; }; } ; then
    KARGS_DIR="/usr/lib/bootc/kargs.d/"
    if grep -q -E "l1tf" "$KARGS_DIR/*.toml" ; then
        sed -i -E "s/^(\s*kargs\s*=\s*\[.*)\"l1tf=[^\"]*\"(.*]\s*)/\1\"l1tf=$var_l1tf_options\"\2/" "$KARGS_DIR/*.toml"
    else
        echo "kargs = [\"l1tf=$var_l1tf_options\"]" &gt;&gt; "$KARGS_DIR/10-l1tf.toml"
    fi
else


    # Correct the form of default kernel command line in GRUB
    if grep -q '^\s*GRUB_CMDLINE_LINUX=.*l1tf=.*"'  '/etc/default/grub' ; then
           # modify the GRUB command-line if an l1tf= arg already exists
           sed -i "s/\(^\s*GRUB_CMDLINE_LINUX=\".*\)l1tf=[^[:space:]]\+\(.*\"\)/\1l1tf=$var_l1tf_options\2/"  '/etc/default/grub'
    # Add to already existing GRUB_CMDLINE_LINUX parameters
    elif grep -q '^\s*GRUB_CMDLINE_LINUX='  '/etc/default/grub' ; then
           # no l1tf=arg is present, append it
           sed -i "s/\(^\s*GRUB_CMDLINE_LINUX=\".*\)\"/\1 l1tf=$var_l1tf_options\"/"  '/etc/default/grub'
    # Add GRUB_CMDLINE_LINUX parameters line
    else
           echo "GRUB_CMDLINE_LINUX=\"l1tf=$var_l1tf_options\"" &gt;&gt; '/etc/default/grub'
    fi
    grub2-mkconfig -o /boot/grub2/grub.cfg

fi

else
    &gt;&amp;2 echo 'Remediation is not applicable, nothing was done'
fi
</fix>
        <fix xmlns:xhtml="http://www.w3.org/1999/xhtml" id="grub2_l1tf_argument" system="urn:redhat:osbuild:blueprint">[customizations.kernel]
append = "l1tf=<xccdf-1.2:sub xmlns:xccdf-1.2="http://checklists.nist.gov/xccdf/1.2" idref="xccdf_org.ssgproject.content_value_var_l1tf_options" use="legacy"/>"
</fix>
        <fix xmlns:xhtml="http://www.w3.org/1999/xhtml" id="grub2_l1tf_argument" system="urn:xccdf:fix:script:ansible" reboot="true" complexity="medium" disruption="low" strategy="restrict">- name: Gather the package facts
  package_facts:
    manager: auto
  tags:
  - grub2_l1tf_argument
  - high_severity
  - low_disruption
  - medium_complexity
  - reboot_required
  - restrict_strategy
- name: XCCDF Value var_l1tf_options # promote to variable
  set_fact:
    var_l1tf_options: !!str <xccdf-1.2:sub xmlns:xccdf-1.2="http://checklists.nist.gov/xccdf/1.2" idref="xccdf_org.ssgproject.content_value_var_l1tf_options" use="legacy"/>
  tags:
    - always

- name: Check l1tf argument exists
  ansible.builtin.command: grep '^\s*GRUB_CMDLINE_LINUX=.*l1tf=' /etc/default/grub
  check_mode: false
  failed_when: false
  changed_when: false
  register: argcheck
  when: ( "grub2" in ansible_facts.packages and ("kernel-default" in ansible_facts.packages
    or "kernel-default-base" in ansible_facts.packages) )
  tags:
  - grub2_l1tf_argument
  - high_severity
  - low_disruption
  - medium_complexity
  - reboot_required
  - restrict_strategy

- name: Check l1tf argument exists
  ansible.builtin.command: grep '^\s*GRUB_CMDLINE_LINUX=' /etc/default/grub
  check_mode: false
  failed_when: false
  changed_when: false
  register: linecheck
  when: ( "grub2" in ansible_facts.packages and ("kernel-default" in ansible_facts.packages
    or "kernel-default-base" in ansible_facts.packages) )
  tags:
  - grub2_l1tf_argument
  - high_severity
  - low_disruption
  - medium_complexity
  - reboot_required
  - restrict_strategy

- name: Add l1tf argument
  ansible.builtin.lineinfile:
    line: GRUB_CMDLINE_LINUX="l1tf={{ var_l1tf_options }} "
    state: present
    dest: /etc/default/grub
    create: true
    mode: '0644'
  when:
  - ( "grub2" in ansible_facts.packages and ("kernel-default" in ansible_facts.packages
    or "kernel-default-base" in ansible_facts.packages) )
  - argcheck is not skipped and linecheck is not skipped and argcheck.rc != 0 and
    linecheck.rc != 0
  tags:
  - grub2_l1tf_argument
  - high_severity
  - low_disruption
  - medium_complexity
  - reboot_required
  - restrict_strategy

- name: Replace existing l1tf argument
  ansible.builtin.replace:
    path: /etc/default/grub
    regexp: l1tf=[a-zA-Z0-9,]+
    replace: l1tf={{ var_l1tf_options }}
  when:
  - ( "grub2" in ansible_facts.packages and ("kernel-default" in ansible_facts.packages
    or "kernel-default-base" in ansible_facts.packages) )
  - argcheck is not skipped and linecheck is not skipped and argcheck.rc == 0 and
    linecheck.rc == 0
  tags:
  - grub2_l1tf_argument
  - high_severity
  - low_disruption
  - medium_complexity
  - reboot_required
  - restrict_strategy

- name: Add l1tf argument
  ansible.builtin.replace:
    path: /etc/default/grub
    regexp: (^\s*GRUB_CMDLINE_LINUX=.*)"
    replace: \1 l1tf={{ var_l1tf_options }}"
  when:
  - ( "grub2" in ansible_facts.packages and ("kernel-default" in ansible_facts.packages
    or "kernel-default-base" in ansible_facts.packages) )
  - argcheck is not skipped and linecheck is not skipped and argcheck.rc != 0 and
    linecheck.rc == 0
  tags:
  - grub2_l1tf_argument
  - high_severity
  - low_disruption
  - medium_complexity
  - reboot_required
  - restrict_strategy

- name: Update grub defaults and the bootloader menu
  ansible.builtin.command: /usr/sbin/grub2-mkconfig -o /boot/grub2/grub.cfg
  when: ( "grub2" in ansible_facts.packages and ("kernel-default" in ansible_facts.packages
    or "kernel-default-base" in ansible_facts.packages) )
  tags:
  - grub2_l1tf_argument
  - high_severity
  - low_disruption
  - medium_complexity
  - reboot_required
  - restrict_strategy
</fix>
        <check system="http://oval.mitre.org/XMLSchema/oval-definitions-5">
          <check-export export-name="oval:ssg-var_l1tf_options:var:1" value-id="xccdf_org.ssgproject.content_value_var_l1tf_options"/>
          <check-content-ref name="oval:ssg-grub2_l1tf_argument:def:1" href="ssg-sle15-oval.xml"/>
        </check>
        <check system="http://scap.nist.gov/schema/ocil/2">
          <check-content-ref name="ocil:ssg-grub2_l1tf_argument_ocil:questionnaire:1" href="ssg-sle15-ocil.xml"/>
        </check>
      </Rule>
      <Rule id="xccdf_org.ssgproject.content_rule_grub2_mce_argument" selected="false" role="full" severity="medium">
        <title xmlns:xhtml="http://www.w3.org/1999/xhtml" xml:lang="en-US">Force kernel panic on uncorrected MCEs</title>
        <description xmlns:xhtml="http://www.w3.org/1999/xhtml" xml:lang="en-US">A Machine Check Exception is an error generated by the CPU itdetects an error
in itself, memory or I/O devices.
These errors may be corrected and generate a check log entry, if an error
cannot be corrected the kernel may panic or SIGBUS.

To force the kernel to panic on any uncorrected error reported by Machine Check
set the MCE tolerance to zero by adding <html:code xmlns:html="http://www.w3.org/1999/xhtml">mce=0</html:code>
to the default GRUB 2 command line for the Linux operating system.
Configure the default Grub2 kernel command line to contain mce=0 as follows:
<html:pre xmlns:html="http://www.w3.org/1999/xhtml"># grub2-editenv - set "$(grub2-editenv - list | grep kernelopts) mce=0"</html:pre>
      </description>
        <reference href="https://cyber.gouv.fr/sites/default/files/document/linux_configuration-en-v2.pdf">R8</reference>
        <rationale xmlns:xhtml="http://www.w3.org/1999/xhtml" xml:lang="en-US">Allowing uncorrected errors to result on a SIGBUS may allow an attacker to continue
trying to exploit a vulnerability such as Rowhammer.</rationale>
        <fix xmlns:xhtml="http://www.w3.org/1999/xhtml" id="grub2_mce_argument" system="urn:xccdf:fix:script:sh"># Remediation is applicable only in certain platforms
if ( rpm --quiet -q grub2 &amp;&amp; rpm --quiet -q kernel-default || rpm --quiet -q kernel-default-base ); then

if { rpm --quiet -q kernel rpm-ostree bootc &amp;&amp; ! rpm --quiet -q openshift-kubelet &amp;&amp; { [ -f "/run/.containerenv" ] || [ -f "/.containerenv" ]; }; } ; then
    KARGS_DIR="/usr/lib/bootc/kargs.d/"
    if grep -q -E "mce" "$KARGS_DIR/*.toml" ; then
        sed -i -E "s/^(\s*kargs\s*=\s*\[.*)\"mce=[^\"]*\"(.*]\s*)/\1\"mce=0\"\2/" "$KARGS_DIR/*.toml"
    else
        echo "kargs = [\"mce=0\"]" &gt;&gt; "$KARGS_DIR/10-mce.toml"
    fi
else


    # Correct the form of default kernel command line in GRUB
    if grep -q '^\s*GRUB_CMDLINE_LINUX=.*mce=.*"'  '/etc/default/grub' ; then
           # modify the GRUB command-line if an mce= arg already exists
           sed -i "s/\(^\s*GRUB_CMDLINE_LINUX=\".*\)mce=[^[:space:]]\+\(.*\"\)/\1mce=0\2/"  '/etc/default/grub'
    # Add to already existing GRUB_CMDLINE_LINUX parameters
    elif grep -q '^\s*GRUB_CMDLINE_LINUX='  '/etc/default/grub' ; then
           # no mce=arg is present, append it
           sed -i "s/\(^\s*GRUB_CMDLINE_LINUX=\".*\)\"/\1 mce=0\"/"  '/etc/default/grub'
    # Add GRUB_CMDLINE_LINUX parameters line
    else
           echo "GRUB_CMDLINE_LINUX=\"mce=0\"" &gt;&gt; '/etc/default/grub'
    fi
    grub2-mkconfig -o /boot/grub2/grub.cfg

fi

else
    &gt;&amp;2 echo 'Remediation is not applicable, nothing was done'
fi
</fix>
        <fix xmlns:xhtml="http://www.w3.org/1999/xhtml" id="grub2_mce_argument" system="urn:redhat:osbuild:blueprint">[customizations.kernel]
append = "mce=0"
</fix>
        <fix xmlns:xhtml="http://www.w3.org/1999/xhtml" id="grub2_mce_argument" system="urn:xccdf:fix:script:ansible" reboot="true" complexity="medium" disruption="low" strategy="restrict">- name: Gather the package facts
  package_facts:
    manager: auto
  tags:
  - grub2_mce_argument
  - low_disruption
  - medium_complexity
  - medium_severity
  - reboot_required
  - restrict_strategy

- name: Check mce argument exists
  ansible.builtin.command: grep '^\s*GRUB_CMDLINE_LINUX=.*mce=' /etc/default/grub
  check_mode: false
  failed_when: false
  changed_when: false
  register: argcheck
  when: ( "grub2" in ansible_facts.packages and ("kernel-default" in ansible_facts.packages
    or "kernel-default-base" in ansible_facts.packages) )
  tags:
  - grub2_mce_argument
  - low_disruption
  - medium_complexity
  - medium_severity
  - reboot_required
  - restrict_strategy

- name: Check mce argument exists
  ansible.builtin.command: grep '^\s*GRUB_CMDLINE_LINUX=' /etc/default/grub
  check_mode: false
  failed_when: false
  changed_when: false
  register: linecheck
  when: ( "grub2" in ansible_facts.packages and ("kernel-default" in ansible_facts.packages
    or "kernel-default-base" in ansible_facts.packages) )
  tags:
  - grub2_mce_argument
  - low_disruption
  - medium_complexity
  - medium_severity
  - reboot_required
  - restrict_strategy

- name: Add mce argument
  ansible.builtin.lineinfile:
    line: GRUB_CMDLINE_LINUX="mce=0 "
    state: present
    dest: /etc/default/grub
    create: true
    mode: '0644'
  when:
  - ( "grub2" in ansible_facts.packages and ("kernel-default" in ansible_facts.packages
    or "kernel-default-base" in ansible_facts.packages) )
  - argcheck is not skipped and linecheck is not skipped and argcheck.rc != 0 and
    linecheck.rc != 0
  tags:
  - grub2_mce_argument
  - low_disruption
  - medium_complexity
  - medium_severity
  - reboot_required
  - restrict_strategy

- name: Replace existing mce argument
  ansible.builtin.replace:
    path: /etc/default/grub
    regexp: mce=[a-zA-Z0-9,]+
    replace: mce=0
  when:
  - ( "grub2" in ansible_facts.packages and ("kernel-default" in ansible_facts.packages
    or "kernel-default-base" in ansible_facts.packages) )
  - argcheck is not skipped and linecheck is not skipped and argcheck.rc == 0 and
    linecheck.rc == 0
  tags:
  - grub2_mce_argument
  - low_disruption
  - medium_complexity
  - medium_severity
  - reboot_required
  - restrict_strategy

- name: Add mce argument
  ansible.builtin.replace:
    path: /etc/default/grub
    regexp: (^\s*GRUB_CMDLINE_LINUX=.*)"
    replace: \1 mce=0"
  when:
  - ( "grub2" in ansible_facts.packages and ("kernel-default" in ansible_facts.packages
    or "kernel-default-base" in ansible_facts.packages) )
  - argcheck is not skipped and linecheck is not skipped and argcheck.rc != 0 and
    linecheck.rc == 0
  tags:
  - grub2_mce_argument
  - low_disruption
  - medium_complexity
  - medium_severity
  - reboot_required
  - restrict_strategy

- name: Update grub defaults and the bootloader menu
  ansible.builtin.command: /usr/sbin/grub2-mkconfig -o /boot/grub2/grub.cfg
  when: ( "grub2" in ansible_facts.packages and ("kernel-default" in ansible_facts.packages
    or "kernel-default-base" in ansible_facts.packages) )
  tags:
  - grub2_mce_argument
  - low_disruption
  - medium_complexity
  - medium_severity
  - reboot_required
  - restrict_strategy
</fix>
        <check system="http://oval.mitre.org/XMLSchema/oval-definitions-5">
          <check-content-ref name="oval:ssg-grub2_mce_argument:def:1" href="ssg-sle15-oval.xml"/>
        </check>
        <check system="http://scap.nist.gov/schema/ocil/2">
          <check-content-ref name="ocil:ssg-grub2_mce_argument_ocil:questionnaire:1" href="ssg-sle15-ocil.xml"/>
        </check>
      </Rule>
      <Rule id="xccdf_org.ssgproject.content_rule_grub2_nosmap_argument_absent" selected="false" role="full" severity="medium">
        <title xmlns:xhtml="http://www.w3.org/1999/xhtml" xml:lang="en-US">Ensure SMAP is not disabled during boot</title>
        <description xmlns:xhtml="http://www.w3.org/1999/xhtml" xml:lang="en-US">The SMAP is used to prevent the supervisor mode from unintentionally reading/writing into
memory pages in the user space, it is enabled by default since Linux kernel 3.7.
But it could be disabled through kernel boot parameters.

Ensure that Supervisor Mode Access Prevention (SMAP) is not disabled by
the <html:code xmlns:html="http://www.w3.org/1999/xhtml">nosmap</html:code> boot parameter option.

Check that the line <html:pre xmlns:html="http://www.w3.org/1999/xhtml">GRUB_CMDLINE_LINUX="..."</html:pre> within <html:code xmlns:html="http://www.w3.org/1999/xhtml">/etc/default/grub</html:code>
doesn't contain the argument <html:code xmlns:html="http://www.w3.org/1999/xhtml">nosmap</html:code>.
Run the following command to update command line for already installed kernels:
<html:pre xmlns:html="http://www.w3.org/1999/xhtml"># grubby --update-kernel=ALL --remove-args="nosmap"</html:pre>
      </description>
        <reference href="https://cyber.gouv.fr/sites/default/files/document/linux_configuration-en-v2.pdf">R1</reference>
        <rationale xmlns:xhtml="http://www.w3.org/1999/xhtml" xml:lang="en-US">Disabling SMAP can facilitate exploitation of vulnerabilities caused by unintended access and
manipulation of data in the user space.</rationale>
        <fix xmlns:xhtml="http://www.w3.org/1999/xhtml" id="grub2_nosmap_argument_absent" system="urn:xccdf:fix:script:sh"># Remediation is applicable only in certain platforms
if ( rpm --quiet -q grub2 &amp;&amp; rpm --quiet -q kernel-default || rpm --quiet -q kernel-default-base ); then

if { rpm --quiet -q kernel rpm-ostree bootc &amp;&amp; ! rpm --quiet -q openshift-kubelet &amp;&amp; { [ -f "/run/.containerenv" ] || [ -f "/.containerenv" ]; }; } ; then
    sed -i -E "/kargs\s*=\s*\[\s*\"nosmap=[^\"]*\"\s*]/{:a;N;/^\n$/ba;N;/match-architectures.*/d;}" "$KARGS_DIR/*.toml"
    sed -i -E -e "s/^(\s*kargs\s*=\s*\[.*)\"nosmap=[^\"]*\"[,[:space:]]*(.*]\s*)/\1\2/" -e "s/^(\s*kargs.*),\s*\]$/\1\]/" "$KARGS_DIR/*.toml"
else


# Correct the form of default kernel command line in GRUB
if grep -q -E '^GRUB_CMDLINE_LINUX=.*nosmap=?.*"'  '/etc/default/grub' ; then
       sed -i 's/\(^GRUB_CMDLINE_LINUX=".*\)nosmap=\?[^[:space:]]*\(.*"\)/\1 \2/' '/etc/default/grub'
fi
grub2-mkconfig -o /boot/grub2/grub.cfg

fi

else
    &gt;&amp;2 echo 'Remediation is not applicable, nothing was done'
fi
</fix>
        <fix xmlns:xhtml="http://www.w3.org/1999/xhtml" id="grub2_nosmap_argument_absent" system="urn:xccdf:fix:script:ansible" reboot="true" complexity="medium" disruption="low" strategy="restrict">- name: Gather the package facts
  package_facts:
    manager: auto
  tags:
  - grub2_nosmap_argument_absent
  - low_disruption
  - medium_complexity
  - medium_severity
  - reboot_required
  - restrict_strategy

- name: Check nosmap argument exists
  ansible.builtin.command: grep -E '^GRUB_CMDLINE_LINUX=.*nosmap=?.*"' /etc/default/grub
  check_mode: false
  failed_when: false
  changed_when: false
  register: argcheck
  when: ( "grub2" in ansible_facts.packages and ("kernel-default" in ansible_facts.packages
    or "kernel-default-base" in ansible_facts.packages) )
  tags:
  - grub2_nosmap_argument_absent
  - low_disruption
  - medium_complexity
  - medium_severity
  - reboot_required
  - restrict_strategy

- name: Replace existing nosmap argument
  ansible.builtin.replace:
    path: /etc/default/grub
    regexp: (^GRUB_CMDLINE_LINUX=\".*)nosmap(\s|=[0-9a-zA-Z]+)?(.*\")
    replace: \1 \3
  when:
  - ( "grub2" in ansible_facts.packages and ("kernel-default" in ansible_facts.packages
    or "kernel-default-base" in ansible_facts.packages) )
  - argcheck is not skipped and argcheck.rc == 0
  tags:
  - grub2_nosmap_argument_absent
  - low_disruption
  - medium_complexity
  - medium_severity
  - reboot_required
  - restrict_strategy

- name: Update grub defaults and the bootloader menu
  ansible.builtin.command: /usr/sbin/grub2-mkconfig -o /boot/grub2/grub.cfg
  when: ( "grub2" in ansible_facts.packages and ("kernel-default" in ansible_facts.packages
    or "kernel-default-base" in ansible_facts.packages) )
  tags:
  - grub2_nosmap_argument_absent
  - low_disruption
  - medium_complexity
  - medium_severity
  - reboot_required
  - restrict_strategy
</fix>
        <check system="http://oval.mitre.org/XMLSchema/oval-definitions-5">
          <check-content-ref name="oval:ssg-grub2_nosmap_argument_absent:def:1" href="ssg-sle15-oval.xml"/>
        </check>
        <check system="http://scap.nist.gov/schema/ocil/2">
          <check-content-ref name="ocil:ssg-grub2_nosmap_argument_absent_ocil:questionnaire:1" href="ssg-sle15-ocil.xml"/>
        </check>
      </Rule>
      <Rule id="xccdf_org.ssgproject.content_rule_grub2_nosmep_argument_absent" selected="false" role="full" severity="medium">
        <title xmlns:xhtml="http://www.w3.org/1999/xhtml" xml:lang="en-US">Ensure SMEP is not disabled during boot</title>
        <description xmlns:xhtml="http://www.w3.org/1999/xhtml" xml:lang="en-US">The SMEP is used to prevent the supervisor mode from executing user space code,
it is enabled by default since Linux kernel 3.0. But it could be disabled through
kernel boot parameters.

Ensure that Supervisor Mode Execution Prevention (SMEP) is not disabled by
the <html:code xmlns:html="http://www.w3.org/1999/xhtml">nosmep</html:code> boot parameter option.

Check that the line <html:pre xmlns:html="http://www.w3.org/1999/xhtml">GRUB_CMDLINE_LINUX="..."</html:pre> within <html:code xmlns:html="http://www.w3.org/1999/xhtml">/etc/default/grub</html:code>
doesn't contain the argument <html:code xmlns:html="http://www.w3.org/1999/xhtml">nosmep</html:code>.
Run the following command to update command line for already installed kernels:
<html:pre xmlns:html="http://www.w3.org/1999/xhtml"># grubby --update-kernel=ALL --remove-args="nosmep"</html:pre>
      </description>
        <reference href="https://cyber.gouv.fr/sites/default/files/document/linux_configuration-en-v2.pdf">R1</reference>
        <rationale xmlns:xhtml="http://www.w3.org/1999/xhtml" xml:lang="en-US">Disabling SMEP can facilitate exploitation of certain vulnerabilities because it allows
the kernel to unintentionally execute code in less privileged memory space.</rationale>
        <fix xmlns:xhtml="http://www.w3.org/1999/xhtml" id="grub2_nosmep_argument_absent" system="urn:xccdf:fix:script:sh"># Remediation is applicable only in certain platforms
if ( rpm --quiet -q grub2 &amp;&amp; rpm --quiet -q kernel-default || rpm --quiet -q kernel-default-base ); then

if { rpm --quiet -q kernel rpm-ostree bootc &amp;&amp; ! rpm --quiet -q openshift-kubelet &amp;&amp; { [ -f "/run/.containerenv" ] || [ -f "/.containerenv" ]; }; } ; then
    sed -i -E "/kargs\s*=\s*\[\s*\"nosmep=[^\"]*\"\s*]/{:a;N;/^\n$/ba;N;/match-architectures.*/d;}" "$KARGS_DIR/*.toml"
    sed -i -E -e "s/^(\s*kargs\s*=\s*\[.*)\"nosmep=[^\"]*\"[,[:space:]]*(.*]\s*)/\1\2/" -e "s/^(\s*kargs.*),\s*\]$/\1\]/" "$KARGS_DIR/*.toml"
else


# Correct the form of default kernel command line in GRUB
if grep -q -E '^GRUB_CMDLINE_LINUX=.*nosmep=?.*"'  '/etc/default/grub' ; then
       sed -i 's/\(^GRUB_CMDLINE_LINUX=".*\)nosmep=\?[^[:space:]]*\(.*"\)/\1 \2/' '/etc/default/grub'
fi
grub2-mkconfig -o /boot/grub2/grub.cfg

fi

else
    &gt;&amp;2 echo 'Remediation is not applicable, nothing was done'
fi
</fix>
        <fix xmlns:xhtml="http://www.w3.org/1999/xhtml" id="grub2_nosmep_argument_absent" system="urn:xccdf:fix:script:ansible" reboot="true" complexity="medium" disruption="low" strategy="restrict">- name: Gather the package facts
  package_facts:
    manager: auto
  tags:
  - grub2_nosmep_argument_absent
  - low_disruption
  - medium_complexity
  - medium_severity
  - reboot_required
  - restrict_strategy

- name: Check nosmep argument exists
  ansible.builtin.command: grep -E '^GRUB_CMDLINE_LINUX=.*nosmep=?.*"' /etc/default/grub
  check_mode: false
  failed_when: false
  changed_when: false
  register: argcheck
  when: ( "grub2" in ansible_facts.packages and ("kernel-default" in ansible_facts.packages
    or "kernel-default-base" in ansible_facts.packages) )
  tags:
  - grub2_nosmep_argument_absent
  - low_disruption
  - medium_complexity
  - medium_severity
  - reboot_required
  - restrict_strategy

- name: Replace existing nosmep argument
  ansible.builtin.replace:
    path: /etc/default/grub
    regexp: (^GRUB_CMDLINE_LINUX=\".*)nosmep(\s|=[0-9a-zA-Z]+)?(.*\")
    replace: \1 \3
  when:
  - ( "grub2" in ansible_facts.packages and ("kernel-default" in ansible_facts.packages
    or "kernel-default-base" in ansible_facts.packages) )
  - argcheck is not skipped and argcheck.rc == 0
  tags:
  - grub2_nosmep_argument_absent
  - low_disruption
  - medium_complexity
  - medium_severity
  - reboot_required
  - restrict_strategy

- name: Update grub defaults and the bootloader menu
  ansible.builtin.command: /usr/sbin/grub2-mkconfig -o /boot/grub2/grub.cfg
  when: ( "grub2" in ansible_facts.packages and ("kernel-default" in ansible_facts.packages
    or "kernel-default-base" in ansible_facts.packages) )
  tags:
  - grub2_nosmep_argument_absent
  - low_disruption
  - medium_complexity
  - medium_severity
  - reboot_required
  - restrict_strategy
</fix>
        <check system="http://oval.mitre.org/XMLSchema/oval-definitions-5">
          <check-content-ref name="oval:ssg-grub2_nosmep_argument_absent:def:1" href="ssg-sle15-oval.xml"/>
        </check>
        <check system="http://scap.nist.gov/schema/ocil/2">
          <check-content-ref name="ocil:ssg-grub2_nosmep_argument_absent_ocil:questionnaire:1" href="ssg-sle15-ocil.xml"/>
        </check>
      </Rule>
      <Rule id="xccdf_org.ssgproject.content_rule_grub2_rng_core_default_quality_argument" selected="false" role="full" severity="low">
        <title xmlns:xhtml="http://www.w3.org/1999/xhtml" xml:lang="en-US">Configure the confidence in TPM for entropy</title>
        <description xmlns:xhtml="http://www.w3.org/1999/xhtml" xml:lang="en-US">The TPM security chip that is available in most modern systems has a hardware RNG.
It is also used to feed the entropy pool, but generally not credited entropy.

Use <html:code xmlns:html="http://www.w3.org/1999/xhtml">rng_core.default_quality</html:code> in the kernel command line to set the trust
level on the hardware generators. The trust level defines the amount of entropy to credit.
A value of <html:code xmlns:html="http://www.w3.org/1999/xhtml">0</html:code> tells the system not to trust the hardware random number generators
available, and doesn't credit any entropy to the pool.
A value of <html:code xmlns:html="http://www.w3.org/1999/xhtml">1000</html:code> assigns full confidence in the generators, and credits all the
entropy it provides to the pool.

Note that the value of <html:code xmlns:html="http://www.w3.org/1999/xhtml">rng_core.default_quality</html:code> is global, affecting the trust
on all hardware random number generators.

Select the appropriate confidence by adding the argument
<html:code xmlns:html="http://www.w3.org/1999/xhtml" xmlns:xccdf-1.2="http://checklists.nist.gov/xccdf/1.2">rng_core.default_quality=<xccdf-1.2:sub idref="xccdf_org.ssgproject.content_value_var_rng_core_default_quality" use="legacy"/>
       </html:code> to the default
GRUB 2 command line for the Linux operating system.
Configure the default Grub2 kernel command line to contain rng_core.default_quality=<xccdf-1.2:sub xmlns:xccdf-1.2="http://checklists.nist.gov/xccdf/1.2" idref="xccdf_org.ssgproject.content_value_var_rng_core_default_quality" use="legacy"/> as follows:
<html:pre xmlns:html="http://www.w3.org/1999/xhtml" xmlns:xccdf-1.2="http://checklists.nist.gov/xccdf/1.2"># grub2-editenv - set "$(grub2-editenv - list | grep kernelopts) rng_core.default_quality=<xccdf-1.2:sub idref="xccdf_org.ssgproject.content_value_var_rng_core_default_quality" use="legacy"/>"</html:pre>
      </description>
        <reference href="https://cyber.gouv.fr/sites/default/files/document/linux_configuration-en-v2.pdf">R8</reference>
        <rationale xmlns:xhtml="http://www.w3.org/1999/xhtml" xml:lang="en-US">A system may struggle to initialize its entropy pool and end up starving. Crediting entropy
from the hardware number generators available in the system helps fill up the entropy pool.</rationale>
        <fix xmlns:xhtml="http://www.w3.org/1999/xhtml" id="grub2_rng_core_default_quality_argument" system="urn:xccdf:fix:script:sh"># Remediation is applicable only in certain platforms
if ( rpm --quiet -q grub2 &amp;&amp; rpm --quiet -q kernel-default || rpm --quiet -q kernel-default-base ); then

var_rng_core_default_quality='<xccdf-1.2:sub xmlns:xccdf-1.2="http://checklists.nist.gov/xccdf/1.2" idref="xccdf_org.ssgproject.content_value_var_rng_core_default_quality" use="legacy"/>'



if { rpm --quiet -q kernel rpm-ostree bootc &amp;&amp; ! rpm --quiet -q openshift-kubelet &amp;&amp; { [ -f "/run/.containerenv" ] || [ -f "/.containerenv" ]; }; } ; then
    KARGS_DIR="/usr/lib/bootc/kargs.d/"
    if grep -q -E "rng_core.default_quality" "$KARGS_DIR/*.toml" ; then
        sed -i -E "s/^(\s*kargs\s*=\s*\[.*)\"rng_core.default_quality=[^\"]*\"(.*]\s*)/\1\"rng_core.default_quality=$var_rng_core_default_quality\"\2/" "$KARGS_DIR/*.toml"
    else
        echo "kargs = [\"rng_core.default_quality=$var_rng_core_default_quality\"]" &gt;&gt; "$KARGS_DIR/10-rng_core_default_quality.toml"
    fi
else


    # Correct the form of default kernel command line in GRUB
    if grep -q '^\s*GRUB_CMDLINE_LINUX=.*rng_core.default_quality=.*"'  '/etc/default/grub' ; then
           # modify the GRUB command-line if an rng_core.default_quality= arg already exists
           sed -i "s/\(^\s*GRUB_CMDLINE_LINUX=\".*\)rng_core.default_quality=[^[:space:]]\+\(.*\"\)/\1rng_core.default_quality=$var_rng_core_default_quality\2/"  '/etc/default/grub'
    # Add to already existing GRUB_CMDLINE_LINUX parameters
    elif grep -q '^\s*GRUB_CMDLINE_LINUX='  '/etc/default/grub' ; then
           # no rng_core.default_quality=arg is present, append it
           sed -i "s/\(^\s*GRUB_CMDLINE_LINUX=\".*\)\"/\1 rng_core.default_quality=$var_rng_core_default_quality\"/"  '/etc/default/grub'
    # Add GRUB_CMDLINE_LINUX parameters line
    else
           echo "GRUB_CMDLINE_LINUX=\"rng_core.default_quality=$var_rng_core_default_quality\"" &gt;&gt; '/etc/default/grub'
    fi
    grub2-mkconfig -o /boot/grub2/grub.cfg

fi

else
    &gt;&amp;2 echo 'Remediation is not applicable, nothing was done'
fi
</fix>
        <fix xmlns:xhtml="http://www.w3.org/1999/xhtml" id="grub2_rng_core_default_quality_argument" system="urn:redhat:osbuild:blueprint">[customizations.kernel]
append = "rng_core.default_quality=<xccdf-1.2:sub xmlns:xccdf-1.2="http://checklists.nist.gov/xccdf/1.2" idref="xccdf_org.ssgproject.content_value_var_rng_core_default_quality" use="legacy"/>"
</fix>
        <fix xmlns:xhtml="http://www.w3.org/1999/xhtml" id="grub2_rng_core_default_quality_argument" system="urn:xccdf:fix:script:ansible" reboot="true" complexity="medium" disruption="low" strategy="restrict">- name: Gather the package facts
  package_facts:
    manager: auto
  tags:
  - grub2_rng_core_default_quality_argument
  - low_disruption
  - low_severity
  - medium_complexity
  - reboot_required
  - restrict_strategy
- name: XCCDF Value var_rng_core_default_quality # promote to variable
  set_fact:
    var_rng_core_default_quality: !!str <xccdf-1.2:sub xmlns:xccdf-1.2="http://checklists.nist.gov/xccdf/1.2" idref="xccdf_org.ssgproject.content_value_var_rng_core_default_quality" use="legacy"/>
  tags:
    - always

- name: Check rng_core.default_quality argument exists
  ansible.builtin.command: grep '^\s*GRUB_CMDLINE_LINUX=.*rng_core.default_quality='
    /etc/default/grub
  check_mode: false
  failed_when: false
  changed_when: false
  register: argcheck
  when: ( "grub2" in ansible_facts.packages and ("kernel-default" in ansible_facts.packages
    or "kernel-default-base" in ansible_facts.packages) )
  tags:
  - grub2_rng_core_default_quality_argument
  - low_disruption
  - low_severity
  - medium_complexity
  - reboot_required
  - restrict_strategy

- name: Check rng_core.default_quality argument exists
  ansible.builtin.command: grep '^\s*GRUB_CMDLINE_LINUX=' /etc/default/grub
  check_mode: false
  failed_when: false
  changed_when: false
  register: linecheck
  when: ( "grub2" in ansible_facts.packages and ("kernel-default" in ansible_facts.packages
    or "kernel-default-base" in ansible_facts.packages) )
  tags:
  - grub2_rng_core_default_quality_argument
  - low_disruption
  - low_severity
  - medium_complexity
  - reboot_required
  - restrict_strategy

- name: Add rng_core.default_quality argument
  ansible.builtin.lineinfile:
    line: GRUB_CMDLINE_LINUX="rng_core.default_quality={{ var_rng_core_default_quality
      }} "
    state: present
    dest: /etc/default/grub
    create: true
    mode: '0644'
  when:
  - ( "grub2" in ansible_facts.packages and ("kernel-default" in ansible_facts.packages
    or "kernel-default-base" in ansible_facts.packages) )
  - argcheck is not skipped and linecheck is not skipped and argcheck.rc != 0 and
    linecheck.rc != 0
  tags:
  - grub2_rng_core_default_quality_argument
  - low_disruption
  - low_severity
  - medium_complexity
  - reboot_required
  - restrict_strategy

- name: Replace existing rng_core.default_quality argument
  ansible.builtin.replace:
    path: /etc/default/grub
    regexp: rng_core.default_quality=[a-zA-Z0-9,]+
    replace: rng_core.default_quality={{ var_rng_core_default_quality }}
  when:
  - ( "grub2" in ansible_facts.packages and ("kernel-default" in ansible_facts.packages
    or "kernel-default-base" in ansible_facts.packages) )
  - argcheck is not skipped and linecheck is not skipped and argcheck.rc == 0 and
    linecheck.rc == 0
  tags:
  - grub2_rng_core_default_quality_argument
  - low_disruption
  - low_severity
  - medium_complexity
  - reboot_required
  - restrict_strategy

- name: Add rng_core.default_quality argument
  ansible.builtin.replace:
    path: /etc/default/grub
    regexp: (^\s*GRUB_CMDLINE_LINUX=.*)"
    replace: \1 rng_core.default_quality={{ var_rng_core_default_quality }}"
  when:
  - ( "grub2" in ansible_facts.packages and ("kernel-default" in ansible_facts.packages
    or "kernel-default-base" in ansible_facts.packages) )
  - argcheck is not skipped and linecheck is not skipped and argcheck.rc != 0 and
    linecheck.rc == 0
  tags:
  - grub2_rng_core_default_quality_argument
  - low_disruption
  - low_severity
  - medium_complexity
  - reboot_required
  - restrict_strategy

- name: Update grub defaults and the bootloader menu
  ansible.builtin.command: /usr/sbin/grub2-mkconfig -o /boot/grub2/grub.cfg
  when: ( "grub2" in ansible_facts.packages and ("kernel-default" in ansible_facts.packages
    or "kernel-default-base" in ansible_facts.packages) )
  tags:
  - grub2_rng_core_default_quality_argument
  - low_disruption
  - low_severity
  - medium_complexity
  - reboot_required
  - restrict_strategy
</fix>
        <check system="http://oval.mitre.org/XMLSchema/oval-definitions-5">
          <check-export export-name="oval:ssg-var_rng_core_default_quality:var:1" value-id="xccdf_org.ssgproject.content_value_var_rng_core_default_quality"/>
          <check-content-ref name="oval:ssg-grub2_rng_core_default_quality_argument:def:1" href="ssg-sle15-oval.xml"/>
        </check>
        <check system="http://scap.nist.gov/schema/ocil/2">
          <check-content-ref name="ocil:ssg-grub2_rng_core_default_quality_argument_ocil:questionnaire:1" href="ssg-sle15-ocil.xml"/>
        </check>
      </Rule>
      <Rule id="xccdf_org.ssgproject.content_rule_grub2_slab_nomerge_argument" selected="false" role="full" severity="medium">
        <title xmlns:xhtml="http://www.w3.org/1999/xhtml" xml:lang="en-US">Disable merging of slabs with similar size</title>
        <description xmlns:xhtml="http://www.w3.org/1999/xhtml" xml:lang="en-US">The kernel may merge similar slabs together to reduce overhead and increase
cache hotness of objects.
Disabling merging of slabs keeps the slabs separate and reduces the risk of
kernel heap overflows overwriting objects in merged caches.

To disable merging of slabs in the Kernel add the argument <html:code xmlns:html="http://www.w3.org/1999/xhtml">slab_nomerge=yes</html:code>
to the default GRUB 2 command line for the Linux operating system.
Configure the default Grub2 kernel command line to contain slab_nomerge=yes as follows:
<html:pre xmlns:html="http://www.w3.org/1999/xhtml"># grub2-editenv - set "$(grub2-editenv - list | grep kernelopts) slab_nomerge=yes"</html:pre>
      </description>
        <warning xmlns:xhtml="http://www.w3.org/1999/xhtml" xml:lang="en-US" category="performance">Disabling merge of slabs will slightly increase kernel memory utilization.</warning>
        <reference href="https://cyber.gouv.fr/sites/default/files/document/linux_configuration-en-v2.pdf">R8</reference>
        <rationale xmlns:xhtml="http://www.w3.org/1999/xhtml" xml:lang="en-US">Disabling the merge of slabs of similar sizes prevents the kernel from
merging a seemingly useless but vulnerable slab with a useful and valuable slab.
This increase the risk that a heap overflow could overwrite objects from merged caches,
with unmerged caches the heap overflow would only affect the objects in the same cache.
Overall, this reduces the kernel attack surface area by isolating slabs from each other.</rationale>
        <fix xmlns:xhtml="http://www.w3.org/1999/xhtml" id="grub2_slab_nomerge_argument" system="urn:xccdf:fix:script:sh"># Remediation is applicable only in certain platforms
if ( rpm --quiet -q grub2 &amp;&amp; rpm --quiet -q kernel-default || rpm --quiet -q kernel-default-base ); then

if { rpm --quiet -q kernel rpm-ostree bootc &amp;&amp; ! rpm --quiet -q openshift-kubelet &amp;&amp; { [ -f "/run/.containerenv" ] || [ -f "/.containerenv" ]; }; } ; then
    KARGS_DIR="/usr/lib/bootc/kargs.d/"
    if grep -q -E "slab_nomerge" "$KARGS_DIR/*.toml" ; then
        sed -i -E "s/^(\s*kargs\s*=\s*\[.*)\"slab_nomerge=[^\"]*\"(.*]\s*)/\1\"slab_nomerge=yes\"\2/" "$KARGS_DIR/*.toml"
    else
        echo "kargs = [\"slab_nomerge=yes\"]" &gt;&gt; "$KARGS_DIR/10-slab_nomerge.toml"
    fi
else


    # Correct the form of default kernel command line in GRUB
    if grep -q '^\s*GRUB_CMDLINE_LINUX=.*slab_nomerge=.*"'  '/etc/default/grub' ; then
           # modify the GRUB command-line if an slab_nomerge= arg already exists
           sed -i "s/\(^\s*GRUB_CMDLINE_LINUX=\".*\)slab_nomerge=[^[:space:]]\+\(.*\"\)/\1slab_nomerge=yes\2/"  '/etc/default/grub'
    # Add to already existing GRUB_CMDLINE_LINUX parameters
    elif grep -q '^\s*GRUB_CMDLINE_LINUX='  '/etc/default/grub' ; then
           # no slab_nomerge=arg is present, append it
           sed -i "s/\(^\s*GRUB_CMDLINE_LINUX=\".*\)\"/\1 slab_nomerge=yes\"/"  '/etc/default/grub'
    # Add GRUB_CMDLINE_LINUX parameters line
    else
           echo "GRUB_CMDLINE_LINUX=\"slab_nomerge=yes\"" &gt;&gt; '/etc/default/grub'
    fi
    grub2-mkconfig -o /boot/grub2/grub.cfg

fi

else
    &gt;&amp;2 echo 'Remediation is not applicable, nothing was done'
fi
</fix>
        <fix xmlns:xhtml="http://www.w3.org/1999/xhtml" id="grub2_slab_nomerge_argument" system="urn:redhat:osbuild:blueprint">[customizations.kernel]
append = "slab_nomerge=yes"
</fix>
        <fix xmlns:xhtml="http://www.w3.org/1999/xhtml" id="grub2_slab_nomerge_argument" system="urn:xccdf:fix:script:ansible" reboot="true" complexity="medium" disruption="low" strategy="restrict">- name: Gather the package facts
  package_facts:
    manager: auto
  tags:
  - grub2_slab_nomerge_argument
  - low_disruption
  - medium_complexity
  - medium_severity
  - reboot_required
  - restrict_strategy

- name: Check slab_nomerge argument exists
  ansible.builtin.command: grep '^\s*GRUB_CMDLINE_LINUX=.*slab_nomerge=' /etc/default/grub
  check_mode: false
  failed_when: false
  changed_when: false
  register: argcheck
  when: ( "grub2" in ansible_facts.packages and ("kernel-default" in ansible_facts.packages
    or "kernel-default-base" in ansible_facts.packages) )
  tags:
  - grub2_slab_nomerge_argument
  - low_disruption
  - medium_complexity
  - medium_severity
  - reboot_required
  - restrict_strategy

- name: Check slab_nomerge argument exists
  ansible.builtin.command: grep '^\s*GRUB_CMDLINE_LINUX=' /etc/default/grub
  check_mode: false
  failed_when: false
  changed_when: false
  register: linecheck
  when: ( "grub2" in ansible_facts.packages and ("kernel-default" in ansible_facts.packages
    or "kernel-default-base" in ansible_facts.packages) )
  tags:
  - grub2_slab_nomerge_argument
  - low_disruption
  - medium_complexity
  - medium_severity
  - reboot_required
  - restrict_strategy

- name: Add slab_nomerge argument
  ansible.builtin.lineinfile:
    line: GRUB_CMDLINE_LINUX="slab_nomerge=yes "
    state: present
    dest: /etc/default/grub
    create: true
    mode: '0644'
  when:
  - ( "grub2" in ansible_facts.packages and ("kernel-default" in ansible_facts.packages
    or "kernel-default-base" in ansible_facts.packages) )
  - argcheck is not skipped and linecheck is not skipped and argcheck.rc != 0 and
    linecheck.rc != 0
  tags:
  - grub2_slab_nomerge_argument
  - low_disruption
  - medium_complexity
  - medium_severity
  - reboot_required
  - restrict_strategy

- name: Replace existing slab_nomerge argument
  ansible.builtin.replace:
    path: /etc/default/grub
    regexp: slab_nomerge=[a-zA-Z0-9,]+
    replace: slab_nomerge=yes
  when:
  - ( "grub2" in ansible_facts.packages and ("kernel-default" in ansible_facts.packages
    or "kernel-default-base" in ansible_facts.packages) )
  - argcheck is not skipped and linecheck is not skipped and argcheck.rc == 0 and
    linecheck.rc == 0
  tags:
  - grub2_slab_nomerge_argument
  - low_disruption
  - medium_complexity
  - medium_severity
  - reboot_required
  - restrict_strategy

- name: Add slab_nomerge argument
  ansible.builtin.replace:
    path: /etc/default/grub
    regexp: (^\s*GRUB_CMDLINE_LINUX=.*)"
    replace: \1 slab_nomerge=yes"
  when:
  - ( "grub2" in ansible_facts.packages and ("kernel-default" in ansible_facts.packages
    or "kernel-default-base" in ansible_facts.packages) )
  - argcheck is not skipped and linecheck is not skipped and argcheck.rc != 0 and
    linecheck.rc == 0
  tags:
  - grub2_slab_nomerge_argument
  - low_disruption
  - medium_complexity
  - medium_severity
  - reboot_required
  - restrict_strategy

- name: Update grub defaults and the bootloader menu
  ansible.builtin.command: /usr/sbin/grub2-mkconfig -o /boot/grub2/grub.cfg
  when: ( "grub2" in ansible_facts.packages and ("kernel-default" in ansible_facts.packages
    or "kernel-default-base" in ansible_facts.packages) )
  tags:
  - grub2_slab_nomerge_argument
  - low_disruption
  - medium_complexity
  - medium_severity
  - reboot_required
  - restrict_strategy
</fix>
        <check system="http://oval.mitre.org/XMLSchema/oval-definitions-5">
          <check-content-ref name="oval:ssg-grub2_slab_nomerge_argument:def:1" href="ssg-sle15-oval.xml"/>
        </check>
        <check system="http://scap.nist.gov/schema/ocil/2">
          <check-content-ref name="ocil:ssg-grub2_slab_nomerge_argument_ocil:questionnaire:1" href="ssg-sle15-ocil.xml"/>
        </check>
      </Rule>
      <Rule id="xccdf_org.ssgproject.content_rule_grub2_spec_store_bypass_disable_argument" selected="false" role="full" severity="medium">
        <title xmlns:xhtml="http://www.w3.org/1999/xhtml" xml:lang="en-US">Configure Speculative Store Bypass Mitigation</title>
        <description xmlns:xhtml="http://www.w3.org/1999/xhtml" xml:lang="en-US">Certain CPUs are vulnerable to an exploit against a common wide industry wide performance
optimization known as Speculative Store Bypass (SSB).

In such cases, recent stores to the same memory location cannot always be observed by later
loads during speculative execution. However, such stores are unlikely and thus they can be
detected prior to instruction retirement at the end of a particular speculation execution
window.

Since Linux Kernel 4.17 you can check the SSB mitigation state with the following command:
<html:code xmlns:html="http://www.w3.org/1999/xhtml">cat /sys/devices/system/cpu/vulnerabilities/spec_store_bypass</html:code>

Select the appropriate SSB state by adding the argument
<html:code xmlns:html="http://www.w3.org/1999/xhtml" xmlns:xccdf-1.2="http://checklists.nist.gov/xccdf/1.2">spec_store_bypass_disable=<xccdf-1.2:sub idref="xccdf_org.ssgproject.content_value_var_spec_store_bypass_disable_options" use="legacy"/>
       </html:code> to the default
GRUB 2 command line for the Linux operating system.
Configure the default Grub2 kernel command line to contain spec_store_bypass_disable=<xccdf-1.2:sub xmlns:xccdf-1.2="http://checklists.nist.gov/xccdf/1.2" idref="xccdf_org.ssgproject.content_value_var_spec_store_bypass_disable_options" use="legacy"/> as follows:
<html:pre xmlns:html="http://www.w3.org/1999/xhtml" xmlns:xccdf-1.2="http://checklists.nist.gov/xccdf/1.2"># grub2-editenv - set "$(grub2-editenv - list | grep kernelopts) spec_store_bypass_disable=<xccdf-1.2:sub idref="xccdf_org.ssgproject.content_value_var_spec_store_bypass_disable_options" use="legacy"/>"</html:pre>
      </description>
        <warning xmlns:xhtml="http://www.w3.org/1999/xhtml" xml:lang="en-US" category="performance">Disabling Speculative Store Bypass may impact performance of the system.</warning>
        <reference href="https://cyber.gouv.fr/sites/default/files/document/linux_configuration-en-v2.pdf">R8</reference>
        <rationale xmlns:xhtml="http://www.w3.org/1999/xhtml" xml:lang="en-US">In vulnerable processors, the speculatively forwarded store can be used in a cache side channel
attack. An example of this is reading memory to which the attacker does not directly have access,
for example inside the sandboxed code.</rationale>
        <fix xmlns:xhtml="http://www.w3.org/1999/xhtml" id="grub2_spec_store_bypass_disable_argument" system="urn:xccdf:fix:script:sh"># Remediation is applicable only in certain platforms
if ( rpm --quiet -q grub2 &amp;&amp; rpm --quiet -q kernel-default || rpm --quiet -q kernel-default-base ); then

var_spec_store_bypass_disable_options='<xccdf-1.2:sub xmlns:xccdf-1.2="http://checklists.nist.gov/xccdf/1.2" idref="xccdf_org.ssgproject.content_value_var_spec_store_bypass_disable_options" use="legacy"/>'



if { rpm --quiet -q kernel rpm-ostree bootc &amp;&amp; ! rpm --quiet -q openshift-kubelet &amp;&amp; { [ -f "/run/.containerenv" ] || [ -f "/.containerenv" ]; }; } ; then
    KARGS_DIR="/usr/lib/bootc/kargs.d/"
    if grep -q -E "spec_store_bypass_disable" "$KARGS_DIR/*.toml" ; then
        sed -i -E "s/^(\s*kargs\s*=\s*\[.*)\"spec_store_bypass_disable=[^\"]*\"(.*]\s*)/\1\"spec_store_bypass_disable=$var_spec_store_bypass_disable_options\"\2/" "$KARGS_DIR/*.toml"
    else
        echo "kargs = [\"spec_store_bypass_disable=$var_spec_store_bypass_disable_options\"]" &gt;&gt; "$KARGS_DIR/10-spec_store_bypass_disable.toml"
    fi
else


    # Correct the form of default kernel command line in GRUB
    if grep -q '^\s*GRUB_CMDLINE_LINUX=.*spec_store_bypass_disable=.*"'  '/etc/default/grub' ; then
           # modify the GRUB command-line if an spec_store_bypass_disable= arg already exists
           sed -i "s/\(^\s*GRUB_CMDLINE_LINUX=\".*\)spec_store_bypass_disable=[^[:space:]]\+\(.*\"\)/\1spec_store_bypass_disable=$var_spec_store_bypass_disable_options\2/"  '/etc/default/grub'
    # Add to already existing GRUB_CMDLINE_LINUX parameters
    elif grep -q '^\s*GRUB_CMDLINE_LINUX='  '/etc/default/grub' ; then
           # no spec_store_bypass_disable=arg is present, append it
           sed -i "s/\(^\s*GRUB_CMDLINE_LINUX=\".*\)\"/\1 spec_store_bypass_disable=$var_spec_store_bypass_disable_options\"/"  '/etc/default/grub'
    # Add GRUB_CMDLINE_LINUX parameters line
    else
           echo "GRUB_CMDLINE_LINUX=\"spec_store_bypass_disable=$var_spec_store_bypass_disable_options\"" &gt;&gt; '/etc/default/grub'
    fi
    grub2-mkconfig -o /boot/grub2/grub.cfg

fi

else
    &gt;&amp;2 echo 'Remediation is not applicable, nothing was done'
fi
</fix>
        <fix xmlns:xhtml="http://www.w3.org/1999/xhtml" id="grub2_spec_store_bypass_disable_argument" system="urn:redhat:osbuild:blueprint">[customizations.kernel]
append = "spec_store_bypass_disable=<xccdf-1.2:sub xmlns:xccdf-1.2="http://checklists.nist.gov/xccdf/1.2" idref="xccdf_org.ssgproject.content_value_var_spec_store_bypass_disable_options" use="legacy"/>"
</fix>
        <fix xmlns:xhtml="http://www.w3.org/1999/xhtml" id="grub2_spec_store_bypass_disable_argument" system="urn:xccdf:fix:script:ansible" reboot="true" complexity="medium" disruption="low" strategy="restrict">- name: Gather the package facts
  package_facts:
    manager: auto
  tags:
  - grub2_spec_store_bypass_disable_argument
  - low_disruption
  - medium_complexity
  - medium_severity
  - reboot_required
  - restrict_strategy
- name: XCCDF Value var_spec_store_bypass_disable_options # promote to variable
  set_fact:
    var_spec_store_bypass_disable_options: !!str <xccdf-1.2:sub xmlns:xccdf-1.2="http://checklists.nist.gov/xccdf/1.2" idref="xccdf_org.ssgproject.content_value_var_spec_store_bypass_disable_options" use="legacy"/>
  tags:
    - always

- name: Check spec_store_bypass_disable argument exists
  ansible.builtin.command: grep '^\s*GRUB_CMDLINE_LINUX=.*spec_store_bypass_disable='
    /etc/default/grub
  check_mode: false
  failed_when: false
  changed_when: false
  register: argcheck
  when: ( "grub2" in ansible_facts.packages and ("kernel-default" in ansible_facts.packages
    or "kernel-default-base" in ansible_facts.packages) )
  tags:
  - grub2_spec_store_bypass_disable_argument
  - low_disruption
  - medium_complexity
  - medium_severity
  - reboot_required
  - restrict_strategy

- name: Check spec_store_bypass_disable argument exists
  ansible.builtin.command: grep '^\s*GRUB_CMDLINE_LINUX=' /etc/default/grub
  check_mode: false
  failed_when: false
  changed_when: false
  register: linecheck
  when: ( "grub2" in ansible_facts.packages and ("kernel-default" in ansible_facts.packages
    or "kernel-default-base" in ansible_facts.packages) )
  tags:
  - grub2_spec_store_bypass_disable_argument
  - low_disruption
  - medium_complexity
  - medium_severity
  - reboot_required
  - restrict_strategy

- name: Add spec_store_bypass_disable argument
  ansible.builtin.lineinfile:
    line: GRUB_CMDLINE_LINUX="spec_store_bypass_disable={{ var_spec_store_bypass_disable_options
      }} "
    state: present
    dest: /etc/default/grub
    create: true
    mode: '0644'
  when:
  - ( "grub2" in ansible_facts.packages and ("kernel-default" in ansible_facts.packages
    or "kernel-default-base" in ansible_facts.packages) )
  - argcheck is not skipped and linecheck is not skipped and argcheck.rc != 0 and
    linecheck.rc != 0
  tags:
  - grub2_spec_store_bypass_disable_argument
  - low_disruption
  - medium_complexity
  - medium_severity
  - reboot_required
  - restrict_strategy

- name: Replace existing spec_store_bypass_disable argument
  ansible.builtin.replace:
    path: /etc/default/grub
    regexp: spec_store_bypass_disable=[a-zA-Z0-9,]+
    replace: spec_store_bypass_disable={{ var_spec_store_bypass_disable_options }}
  when:
  - ( "grub2" in ansible_facts.packages and ("kernel-default" in ansible_facts.packages
    or "kernel-default-base" in ansible_facts.packages) )
  - argcheck is not skipped and linecheck is not skipped and argcheck.rc == 0 and
    linecheck.rc == 0
  tags:
  - grub2_spec_store_bypass_disable_argument
  - low_disruption
  - medium_complexity
  - medium_severity
  - reboot_required
  - restrict_strategy

- name: Add spec_store_bypass_disable argument
  ansible.builtin.replace:
    path: /etc/default/grub
    regexp: (^\s*GRUB_CMDLINE_LINUX=.*)"
    replace: \1 spec_store_bypass_disable={{ var_spec_store_bypass_disable_options
      }}"
  when:
  - ( "grub2" in ansible_facts.packages and ("kernel-default" in ansible_facts.packages
    or "kernel-default-base" in ansible_facts.packages) )
  - argcheck is not skipped and linecheck is not skipped and argcheck.rc != 0 and
    linecheck.rc == 0
  tags:
  - grub2_spec_store_bypass_disable_argument
  - low_disruption
  - medium_complexity
  - medium_severity
  - reboot_required
  - restrict_strategy

- name: Update grub defaults and the bootloader menu
  ansible.builtin.command: /usr/sbin/grub2-mkconfig -o /boot/grub2/grub.cfg
  when: ( "grub2" in ansible_facts.packages and ("kernel-default" in ansible_facts.packages
    or "kernel-default-base" in ansible_facts.packages) )
  tags:
  - grub2_spec_store_bypass_disable_argument
  - low_disruption
  - medium_complexity
  - medium_severity
  - reboot_required
  - restrict_strategy
</fix>
        <check system="http://oval.mitre.org/XMLSchema/oval-definitions-5">
          <check-export export-name="oval:ssg-var_spec_store_bypass_disable_options:var:1" value-id="xccdf_org.ssgproject.content_value_var_spec_store_bypass_disable_options"/>
          <check-content-ref name="oval:ssg-grub2_spec_store_bypass_disable_argument:def:1" href="ssg-sle15-oval.xml"/>
        </check>
        <check system="http://scap.nist.gov/schema/ocil/2">
          <check-content-ref name="ocil:ssg-grub2_spec_store_bypass_disable_argument_ocil:questionnaire:1" href="ssg-sle15-ocil.xml"/>
        </check>
      </Rule>
      <Rule id="xccdf_org.ssgproject.content_rule_grub2_spectre_v2_argument" selected="false" role="full" severity="high">
        <title xmlns:xhtml="http://www.w3.org/1999/xhtml" xml:lang="en-US">Enforce Spectre v2 mitigation</title>
        <description xmlns:xhtml="http://www.w3.org/1999/xhtml" xml:lang="en-US">Spectre V2 is an indirect branch poisoning attack that can lead to data leakage.
An exploit for Spectre V2 tricks the indirect branch predictor into executing
code from a future indirect branch chosen by the attacker, even if the privilege
level is different.

Since Linux Kernel 4.15 you can check the Spectre V2 mitigation state with the following command:
<html:code xmlns:html="http://www.w3.org/1999/xhtml">cat /sys/devices/system/cpu/vulnerabilities/spectre_v2</html:code>

Enforce the Spectre V2 mitigation by adding the argument
<html:code xmlns:html="http://www.w3.org/1999/xhtml">spectre_v2=on</html:code> to the default
GRUB 2 command line for the Linux operating system.
Configure the default Grub2 kernel command line to contain spectre_v2=on as follows:
<html:pre xmlns:html="http://www.w3.org/1999/xhtml"># grub2-editenv - set "$(grub2-editenv - list | grep kernelopts) spectre_v2=on"</html:pre>
      </description>
        <reference href="https://cyber.gouv.fr/sites/default/files/document/linux_configuration-en-v2.pdf">R8</reference>
        <rationale xmlns:xhtml="http://www.w3.org/1999/xhtml" xml:lang="en-US">The Spectre V2 vulnerability allows an attacker to read memory that he should not have
access to.</rationale>
        <fix xmlns:xhtml="http://www.w3.org/1999/xhtml" id="grub2_spectre_v2_argument" system="urn:xccdf:fix:script:sh"># Remediation is applicable only in certain platforms
if ( rpm --quiet -q grub2 &amp;&amp; rpm --quiet -q kernel-default || rpm --quiet -q kernel-default-base ); then

if { rpm --quiet -q kernel rpm-ostree bootc &amp;&amp; ! rpm --quiet -q openshift-kubelet &amp;&amp; { [ -f "/run/.containerenv" ] || [ -f "/.containerenv" ]; }; } ; then
    KARGS_DIR="/usr/lib/bootc/kargs.d/"
    if grep -q -E "spectre_v2" "$KARGS_DIR/*.toml" ; then
        sed -i -E "s/^(\s*kargs\s*=\s*\[.*)\"spectre_v2=[^\"]*\"(.*]\s*)/\1\"spectre_v2=on\"\2/" "$KARGS_DIR/*.toml"
    else
        echo "kargs = [\"spectre_v2=on\"]" &gt;&gt; "$KARGS_DIR/10-spectre_v2.toml"
    fi
else


    # Correct the form of default kernel command line in GRUB
    if grep -q '^\s*GRUB_CMDLINE_LINUX=.*spectre_v2=.*"'  '/etc/default/grub' ; then
           # modify the GRUB command-line if an spectre_v2= arg already exists
           sed -i "s/\(^\s*GRUB_CMDLINE_LINUX=\".*\)spectre_v2=[^[:space:]]\+\(.*\"\)/\1spectre_v2=on\2/"  '/etc/default/grub'
    # Add to already existing GRUB_CMDLINE_LINUX parameters
    elif grep -q '^\s*GRUB_CMDLINE_LINUX='  '/etc/default/grub' ; then
           # no spectre_v2=arg is present, append it
           sed -i "s/\(^\s*GRUB_CMDLINE_LINUX=\".*\)\"/\1 spectre_v2=on\"/"  '/etc/default/grub'
    # Add GRUB_CMDLINE_LINUX parameters line
    else
           echo "GRUB_CMDLINE_LINUX=\"spectre_v2=on\"" &gt;&gt; '/etc/default/grub'
    fi
    grub2-mkconfig -o /boot/grub2/grub.cfg

fi

else
    &gt;&amp;2 echo 'Remediation is not applicable, nothing was done'
fi
</fix>
        <fix xmlns:xhtml="http://www.w3.org/1999/xhtml" id="grub2_spectre_v2_argument" system="urn:redhat:osbuild:blueprint">[customizations.kernel]
append = "spectre_v2=on"
</fix>
        <fix xmlns:xhtml="http://www.w3.org/1999/xhtml" id="grub2_spectre_v2_argument" system="urn:xccdf:fix:script:ansible" reboot="true" complexity="medium" disruption="low" strategy="restrict">- name: Gather the package facts
  package_facts:
    manager: auto
  tags:
  - grub2_spectre_v2_argument
  - high_severity
  - low_disruption
  - medium_complexity
  - reboot_required
  - restrict_strategy

- name: Check spectre_v2 argument exists
  ansible.builtin.command: grep '^\s*GRUB_CMDLINE_LINUX=.*spectre_v2=' /etc/default/grub
  check_mode: false
  failed_when: false
  changed_when: false
  register: argcheck
  when: ( "grub2" in ansible_facts.packages and ("kernel-default" in ansible_facts.packages
    or "kernel-default-base" in ansible_facts.packages) )
  tags:
  - grub2_spectre_v2_argument
  - high_severity
  - low_disruption
  - medium_complexity
  - reboot_required
  - restrict_strategy

- name: Check spectre_v2 argument exists
  ansible.builtin.command: grep '^\s*GRUB_CMDLINE_LINUX=' /etc/default/grub
  check_mode: false
  failed_when: false
  changed_when: false
  register: linecheck
  when: ( "grub2" in ansible_facts.packages and ("kernel-default" in ansible_facts.packages
    or "kernel-default-base" in ansible_facts.packages) )
  tags:
  - grub2_spectre_v2_argument
  - high_severity
  - low_disruption
  - medium_complexity
  - reboot_required
  - restrict_strategy

- name: Add spectre_v2 argument
  ansible.builtin.lineinfile:
    line: GRUB_CMDLINE_LINUX="spectre_v2=on "
    state: present
    dest: /etc/default/grub
    create: true
    mode: '0644'
  when:
  - ( "grub2" in ansible_facts.packages and ("kernel-default" in ansible_facts.packages
    or "kernel-default-base" in ansible_facts.packages) )
  - argcheck is not skipped and linecheck is not skipped and argcheck.rc != 0 and
    linecheck.rc != 0
  tags:
  - grub2_spectre_v2_argument
  - high_severity
  - low_disruption
  - medium_complexity
  - reboot_required
  - restrict_strategy

- name: Replace existing spectre_v2 argument
  ansible.builtin.replace:
    path: /etc/default/grub
    regexp: spectre_v2=[a-zA-Z0-9,]+
    replace: spectre_v2=on
  when:
  - ( "grub2" in ansible_facts.packages and ("kernel-default" in ansible_facts.packages
    or "kernel-default-base" in ansible_facts.packages) )
  - argcheck is not skipped and linecheck is not skipped and argcheck.rc == 0 and
    linecheck.rc == 0
  tags:
  - grub2_spectre_v2_argument
  - high_severity
  - low_disruption
  - medium_complexity
  - reboot_required
  - restrict_strategy

- name: Add spectre_v2 argument
  ansible.builtin.replace:
    path: /etc/default/grub
    regexp: (^\s*GRUB_CMDLINE_LINUX=.*)"
    replace: \1 spectre_v2=on"
  when:
  - ( "grub2" in ansible_facts.packages and ("kernel-default" in ansible_facts.packages
    or "kernel-default-base" in ansible_facts.packages) )
  - argcheck is not skipped and linecheck is not skipped and argcheck.rc != 0 and
    linecheck.rc == 0
  tags:
  - grub2_spectre_v2_argument
  - high_severity
  - low_disruption
  - medium_complexity
  - reboot_required
  - restrict_strategy

- name: Update grub defaults and the bootloader menu
  ansible.builtin.command: /usr/sbin/grub2-mkconfig -o /boot/grub2/grub.cfg
  when: ( "grub2" in ansible_facts.packages and ("kernel-default" in ansible_facts.packages
    or "kernel-default-base" in ansible_facts.packages) )
  tags:
  - grub2_spectre_v2_argument
  - high_severity
  - low_disruption
  - medium_complexity
  - reboot_required
  - restrict_strategy
</fix>
        <check system="http://oval.mitre.org/XMLSchema/oval-definitions-5">
          <check-content-ref name="oval:ssg-grub2_spectre_v2_argument:def:1" href="ssg-sle15-oval.xml"/>
        </check>
        <check system="http://scap.nist.gov/schema/ocil/2">
          <check-content-ref name="ocil:ssg-grub2_spectre_v2_argument_ocil:questionnaire:1" href="ssg-sle15-ocil.xml"/>
        </check>
      </Rule>
      <Rule id="xccdf_org.ssgproject.content_rule_grub2_systemd_debug-shell_argument_absent" selected="false" role="full" severity="medium">
        <title xmlns:xhtml="http://www.w3.org/1999/xhtml" xml:lang="en-US">Ensure debug-shell service is not enabled during boot</title>
        <description xmlns:xhtml="http://www.w3.org/1999/xhtml" xml:lang="en-US">systemd's <html:code xmlns:html="http://www.w3.org/1999/xhtml">debug-shell</html:code> service is intended to
diagnose systemd related boot issues with various <html:code xmlns:html="http://www.w3.org/1999/xhtml">systemctl</html:code>
commands. Once enabled and following a system reboot, the root shell
will be available on <html:code xmlns:html="http://www.w3.org/1999/xhtml">tty9</html:code> which is access by pressing
<html:code xmlns:html="http://www.w3.org/1999/xhtml">CTRL-ALT-F9</html:code>. The <html:code xmlns:html="http://www.w3.org/1999/xhtml">debug-shell</html:code> service should only be used
for systemd related issues and should otherwise be disabled.
<html:br xmlns:html="http://www.w3.org/1999/xhtml"/>
       <html:br xmlns:html="http://www.w3.org/1999/xhtml"/>
By default, the <html:code xmlns:html="http://www.w3.org/1999/xhtml">debug-shell</html:code> systemd service is already disabled.

Ensure the debug-shell is not enabled by the <html:code xmlns:html="http://www.w3.org/1999/xhtml">systemd.debug-shel=1</html:code>
boot parameter option.

Check that the line <html:pre xmlns:html="http://www.w3.org/1999/xhtml">GRUB_CMDLINE_LINUX="..."</html:pre> within <html:code xmlns:html="http://www.w3.org/1999/xhtml">/etc/default/grub</html:code>
doesn't contain the argument <html:code xmlns:html="http://www.w3.org/1999/xhtml">systemd.debug-shell</html:code>.
Run the following command to update command line for already installed kernels:
<html:pre xmlns:html="http://www.w3.org/1999/xhtml"># grubby --update-kernel=ALL --remove-args="systemd.debug-shell"</html:pre>
      </description>
        <reference href="https://www.niap-ccevs.org/Profile/PP.cfm">FIA_UAU.1</reference>
        <rationale xmlns:xhtml="http://www.w3.org/1999/xhtml" xml:lang="en-US">This prevents attackers with physical access from trivially bypassing security
on the machine through valid troubleshooting configurations and gaining root
access when the system is rebooted.</rationale>
        <fix xmlns:xhtml="http://www.w3.org/1999/xhtml" id="grub2_systemd_debug-shell_argument_absent" system="urn:xccdf:fix:script:sh"># Remediation is applicable only in certain platforms
if ( rpm --quiet -q grub2 &amp;&amp; rpm --quiet -q kernel-default || rpm --quiet -q kernel-default-base ); then

if { rpm --quiet -q kernel rpm-ostree bootc &amp;&amp; ! rpm --quiet -q openshift-kubelet &amp;&amp; { [ -f "/run/.containerenv" ] || [ -f "/.containerenv" ]; }; } ; then
    sed -i -E "/kargs\s*=\s*\[\s*\"systemd.debug-shell=[^\"]*\"\s*]/{:a;N;/^\n$/ba;N;/match-architectures.*/d;}" "$KARGS_DIR/*.toml"
    sed -i -E -e "s/^(\s*kargs\s*=\s*\[.*)\"systemd.debug-shell=[^\"]*\"[,[:space:]]*(.*]\s*)/\1\2/" -e "s/^(\s*kargs.*),\s*\]$/\1\]/" "$KARGS_DIR/*.toml"
else


# Correct the form of default kernel command line in GRUB
if grep -q -E '^GRUB_CMDLINE_LINUX=.*systemd.debug-shell=?.*"'  '/etc/default/grub' ; then
       sed -i 's/\(^GRUB_CMDLINE_LINUX=".*\)systemd.debug-shell=\?[^[:space:]]*\(.*"\)/\1 \2/' '/etc/default/grub'
fi
grub2-mkconfig -o /boot/grub2/grub.cfg

fi

else
    &gt;&amp;2 echo 'Remediation is not applicable, nothing was done'
fi
</fix>
        <fix xmlns:xhtml="http://www.w3.org/1999/xhtml" id="grub2_systemd_debug-shell_argument_absent" system="urn:xccdf:fix:script:ansible" reboot="true" complexity="medium" disruption="low" strategy="restrict">- name: Gather the package facts
  package_facts:
    manager: auto
  tags:
  - grub2_systemd_debug-shell_argument_absent
  - low_disruption
  - medium_complexity
  - medium_severity
  - reboot_required
  - restrict_strategy

- name: Check systemd.debug-shell argument exists
  ansible.builtin.command: grep -E '^GRUB_CMDLINE_LINUX=.*systemd.debug-shell=?.*"'
    /etc/default/grub
  check_mode: false
  failed_when: false
  changed_when: false
  register: argcheck
  when: ( "grub2" in ansible_facts.packages and ("kernel-default" in ansible_facts.packages
    or "kernel-default-base" in ansible_facts.packages) )
  tags:
  - grub2_systemd_debug-shell_argument_absent
  - low_disruption
  - medium_complexity
  - medium_severity
  - reboot_required
  - restrict_strategy

- name: Replace existing systemd.debug-shell argument
  ansible.builtin.replace:
    path: /etc/default/grub
    regexp: (^GRUB_CMDLINE_LINUX=\".*)systemd.debug-shell(\s|=[0-9a-zA-Z]+)?(.*\")
    replace: \1 \3
  when:
  - ( "grub2" in ansible_facts.packages and ("kernel-default" in ansible_facts.packages
    or "kernel-default-base" in ansible_facts.packages) )
  - argcheck is not skipped and argcheck.rc == 0
  tags:
  - grub2_systemd_debug-shell_argument_absent
  - low_disruption
  - medium_complexity
  - medium_severity
  - reboot_required
  - restrict_strategy

- name: Update grub defaults and the bootloader menu
  ansible.builtin.command: /usr/sbin/grub2-mkconfig -o /boot/grub2/grub.cfg
  when: ( "grub2" in ansible_facts.packages and ("kernel-default" in ansible_facts.packages
    or "kernel-default-base" in ansible_facts.packages) )
  tags:
  - grub2_systemd_debug-shell_argument_absent
  - low_disruption
  - medium_complexity
  - medium_severity
  - reboot_required
  - restrict_strategy
</fix>
        <check system="http://oval.mitre.org/XMLSchema/oval-definitions-5">
          <check-content-ref name="oval:ssg-grub2_systemd_debug-shell_argument_absent:def:1" href="ssg-sle15-oval.xml"/>
        </check>
        <check system="http://scap.nist.gov/schema/ocil/2">
          <check-content-ref name="ocil:ssg-grub2_systemd_debug-shell_argument_absent_ocil:questionnaire:1" href="ssg-sle15-ocil.xml"/>
        </check>
      </Rule>
      <Group id="xccdf_org.ssgproject.content_group_non-uefi">
        <title xmlns:xhtml="http://www.w3.org/1999/xhtml" xml:lang="en-US">Non-UEFI GRUB2 bootloader configuration</title>
        <description xmlns:xhtml="http://www.w3.org/1999/xhtml" xml:lang="en-US">Non-UEFI GRUB2 bootloader configuration</description>
        <Rule id="xccdf_org.ssgproject.content_rule_file_groupowner_grub2_cfg" selected="false" role="full" severity="medium">
          <title xmlns:xhtml="http://www.w3.org/1999/xhtml" xml:lang="en-US">Verify /boot/grub2/grub.cfg Group Ownership</title>
          <description xmlns:xhtml="http://www.w3.org/1999/xhtml" xml:lang="en-US">The file <html:code xmlns:html="http://www.w3.org/1999/xhtml">/boot/grub2/grub.cfg</html:code> should
be group-owned by the <html:code xmlns:html="http://www.w3.org/1999/xhtml">root</html:code> group to prevent
destruction or modification of the file.

To properly set the group owner of <html:code xmlns:html="http://www.w3.org/1999/xhtml">/boot/grub2/grub.cfg</html:code>, run the command:

  <html:pre xmlns:html="http://www.w3.org/1999/xhtml">$ sudo chgrp root /boot/grub2/grub.cfg</html:pre>
       </description>
          <reference href="https://www.cisecurity.org/controls/">12</reference>
          <reference href="https://www.cisecurity.org/controls/">13</reference>
          <reference href="https://www.cisecurity.org/controls/">14</reference>
          <reference href="https://www.cisecurity.org/controls/">15</reference>
          <reference href="https://www.cisecurity.org/controls/">16</reference>
          <reference href="https://www.cisecurity.org/controls/">18</reference>
          <reference href="https://www.cisecurity.org/controls/">3</reference>
          <reference href="https://www.cisecurity.org/controls/">5</reference>
          <reference href="https://www.fbi.gov/file-repository/cjis-security-policy-v5_5_20160601-2-1.pdf">5.5.2.2</reference>
          <reference href="https://www.isaca.org/resources/cobit">APO01.06</reference>
          <reference href="https://www.isaca.org/resources/cobit">DSS05.04</reference>
          <reference href="https://www.isaca.org/resources/cobit">DSS05.07</reference>
          <reference href="https://www.isaca.org/resources/cobit">DSS06.02</reference>
          <reference href="http://nvlpubs.nist.gov/nistpubs/SpecialPublications/NIST.SP.800-171.pdf">3.4.5</reference>
          <reference href="https://www.gpo.gov/fdsys/pkg/CFR-2007-title45-vol1/pdf/CFR-2007-title45-vol1-chapA-subchapC.pdf">164.308(a)(1)(ii)(B)</reference>
          <reference href="https://www.gpo.gov/fdsys/pkg/CFR-2007-title45-vol1/pdf/CFR-2007-title45-vol1-chapA-subchapC.pdf">164.308(a)(7)(i)</reference>
          <reference href="https://www.gpo.gov/fdsys/pkg/CFR-2007-title45-vol1/pdf/CFR-2007-title45-vol1-chapA-subchapC.pdf">164.308(a)(7)(ii)(A)</reference>
          <reference href="https://www.gpo.gov/fdsys/pkg/CFR-2007-title45-vol1/pdf/CFR-2007-title45-vol1-chapA-subchapC.pdf">164.310(a)(1)</reference>
          <reference href="https://www.gpo.gov/fdsys/pkg/CFR-2007-title45-vol1/pdf/CFR-2007-title45-vol1-chapA-subchapC.pdf">164.310(a)(2)(i)</reference>
          <reference href="https://www.gpo.gov/fdsys/pkg/CFR-2007-title45-vol1/pdf/CFR-2007-title45-vol1-chapA-subchapC.pdf">164.310(a)(2)(ii)</reference>
          <reference href="https://www.gpo.gov/fdsys/pkg/CFR-2007-title45-vol1/pdf/CFR-2007-title45-vol1-chapA-subchapC.pdf">164.310(a)(2)(iii)</reference>
          <reference href="https://www.gpo.gov/fdsys/pkg/CFR-2007-title45-vol1/pdf/CFR-2007-title45-vol1-chapA-subchapC.pdf">164.310(b)</reference>
          <reference href="https://www.gpo.gov/fdsys/pkg/CFR-2007-title45-vol1/pdf/CFR-2007-title45-vol1-chapA-subchapC.pdf">164.310(c)</reference>
          <reference href="https://www.gpo.gov/fdsys/pkg/CFR-2007-title45-vol1/pdf/CFR-2007-title45-vol1-chapA-subchapC.pdf">164.310(d)(1)</reference>
          <reference href="https://www.gpo.gov/fdsys/pkg/CFR-2007-title45-vol1/pdf/CFR-2007-title45-vol1-chapA-subchapC.pdf">164.310(d)(2)(iii)</reference>
          <reference href="https://www.isa.org/products/isa-62443-2-1-2009-security-for-industrial-automat">4.3.3.7.3</reference>
          <reference href="https://www.isa.org/products/ansi-isa-62443-3-3-99-03-03-2013-security-for-indu">SR 2.1</reference>
          <reference href="https://www.isa.org/products/ansi-isa-62443-3-3-99-03-03-2013-security-for-indu">SR 5.2</reference>
          <reference href="https://www.iso.org/contents/data/standard/05/45/54534.html">A.10.1.1</reference>
          <reference href="https://www.iso.org/contents/data/standard/05/45/54534.html">A.11.1.4</reference>
          <reference href="https://www.iso.org/contents/data/standard/05/45/54534.html">A.11.1.5</reference>
          <reference href="https://www.iso.org/contents/data/standard/05/45/54534.html">A.11.2.1</reference>
          <reference href="https://www.iso.org/contents/data/standard/05/45/54534.html">A.13.1.1</reference>
          <reference href="https://www.iso.org/contents/data/standard/05/45/54534.html">A.13.1.3</reference>
          <reference href="https://www.iso.org/contents/data/standard/05/45/54534.html">A.13.2.1</reference>
          <reference href="https://www.iso.org/contents/data/standard/05/45/54534.html">A.13.2.3</reference>
          <reference href="https://www.iso.org/contents/data/standard/05/45/54534.html">A.13.2.4</reference>
          <reference href="https://www.iso.org/contents/data/standard/05/45/54534.html">A.14.1.2</reference>
          <reference href="https://www.iso.org/contents/data/standard/05/45/54534.html">A.14.1.3</reference>
          <reference href="https://www.iso.org/contents/data/standard/05/45/54534.html">A.6.1.2</reference>
          <reference href="https://www.iso.org/contents/data/standard/05/45/54534.html">A.7.1.1</reference>
          <reference href="https://www.iso.org/contents/data/standard/05/45/54534.html">A.7.1.2</reference>
          <reference href="https://www.iso.org/contents/data/standard/05/45/54534.html">A.7.3.1</reference>
          <reference href="https://www.iso.org/contents/data/standard/05/45/54534.html">A.8.2.2</reference>
          <reference href="https://www.iso.org/contents/data/standard/05/45/54534.html">A.8.2.3</reference>
          <reference href="https://www.iso.org/contents/data/standard/05/45/54534.html">A.9.1.1</reference>
          <reference href="https://www.iso.org/contents/data/standard/05/45/54534.html">A.9.1.2</reference>
          <reference href="https://www.iso.org/contents/data/standard/05/45/54534.html">A.9.2.3</reference>
          <reference href="https://www.iso.org/contents/data/standard/05/45/54534.html">A.9.4.1</reference>
          <reference href="https://www.iso.org/contents/data/standard/05/45/54534.html">A.9.4.4</reference>
          <reference href="https://www.iso.org/contents/data/standard/05/45/54534.html">A.9.4.5</reference>
          <reference href="http://nvlpubs.nist.gov/nistpubs/SpecialPublications/NIST.SP.800-53r4.pdf">CM-6(a)</reference>
          <reference href="http://nvlpubs.nist.gov/nistpubs/SpecialPublications/NIST.SP.800-53r4.pdf">AC-6(1)</reference>
          <reference href="https://nvlpubs.nist.gov/nistpubs/CSWP/NIST.CSWP.04162018.pdf">PR.AC-4</reference>
          <reference href="https://nvlpubs.nist.gov/nistpubs/CSWP/NIST.CSWP.04162018.pdf">PR.DS-5</reference>
          <reference href="https://www.pcisecuritystandards.org/documents/PCI_DSS_v3-2-1.pdf">Req-7.1</reference>
          <reference href="https://www.cyber.mil/stigs/downloads/?_dl_facet_stigs=operating-systems%2Cgeneral-purpose-os">SRG-OS-000480-GPOS-00227</reference>
          <reference href="https://www.cisecurity.org/benchmark/suse_linux/">1.5.2</reference>
          <reference href="https://cyber.gouv.fr/sites/default/files/document/linux_configuration-en-v2.pdf">R29</reference>
          <reference href="not_publicly_available">SLES-15-150600030</reference>
          <reference href="https://docs-prv.pcisecuritystandards.org/PCI%20DSS/Standard/PCI-DSS-v4_0.pdf">2.2.6</reference>
          <reference href="https://docs-prv.pcisecuritystandards.org/PCI%20DSS/Standard/PCI-DSS-v4_0.pdf">2.2</reference>
          <rationale xmlns:xhtml="http://www.w3.org/1999/xhtml" xml:lang="en-US">The <html:code xmlns:html="http://www.w3.org/1999/xhtml">root</html:code> group is a highly-privileged group. Furthermore, the group-owner of this
file should not have any access privileges anyway.</rationale>
          <platform idref="#not_container"/>
          <ident system="https://ncp.nist.gov/cce">CCE-85849-8</ident>
          <fix xmlns:xhtml="http://www.w3.org/1999/xhtml" id="file_groupowner_grub2_cfg" system="urn:xccdf:fix:script:sh" complexity="low" disruption="low" strategy="configure"># Remediation is applicable only in certain platforms
if ( rpm --quiet -q grub2 &amp;&amp; rpm --quiet -q kernel-default || rpm --quiet -q kernel-default-base ) &amp;&amp; { ! ( [ -f /.dockerenv ] || [ -f /run/.containerenv ] ); }; then

newgroup=""
if getent group "0" &gt;/dev/null 2&gt;&amp;1; then
  newgroup="0"
fi

if [[ -z "${newgroup}" ]]; then
  &gt;&amp;2 echo "0 is not a defined group on the system"
else
if ! stat -c "%g %G" "/boot/grub2/grub.cfg" | grep -E -w -q "0"; then
    chgrp --no-dereference "$newgroup" /boot/grub2/grub.cfg
fi

fi

else
    &gt;&amp;2 echo 'Remediation is not applicable, nothing was done'
fi
</fix>
          <fix xmlns:xhtml="http://www.w3.org/1999/xhtml" id="file_groupowner_grub2_cfg" system="urn:xccdf:fix:script:ansible" complexity="low" disruption="low" strategy="configure">- name: Gather the package facts
  package_facts:
    manager: auto
  tags:
  - CCE-85849-8
  - CJIS-5.5.2.2
  - NIST-800-171-3.4.5
  - NIST-800-53-AC-6(1)
  - NIST-800-53-CM-6(a)
  - PCI-DSS-Req-7.1
  - PCI-DSSv4-2.2
  - PCI-DSSv4-2.2.6
  - configure_strategy
  - file_groupowner_grub2_cfg
  - low_complexity
  - low_disruption
  - medium_severity
  - no_reboot_needed

- name: Set the file_groupowner_grub2_cfg_newgroup variable if represented by gid
  ansible.builtin.set_fact:
    file_groupowner_grub2_cfg_newgroup: '0'
  when:
  - ( "grub2" in ansible_facts.packages and ("kernel-default" in ansible_facts.packages
    or "kernel-default-base" in ansible_facts.packages) )
  - not ( ansible_virtualization_type in ["docker", "lxc", "openvz", "podman", "container"]
    )
  tags:
  - CCE-85849-8
  - CJIS-5.5.2.2
  - NIST-800-171-3.4.5
  - NIST-800-53-AC-6(1)
  - NIST-800-53-CM-6(a)
  - PCI-DSS-Req-7.1
  - PCI-DSSv4-2.2
  - PCI-DSSv4-2.2.6
  - configure_strategy
  - file_groupowner_grub2_cfg
  - low_complexity
  - low_disruption
  - medium_severity
  - no_reboot_needed

- name: Test for existence /boot/grub2/grub.cfg
  ansible.builtin.stat:
    path: /boot/grub2/grub.cfg
  register: file_exists
  when:
  - ( "grub2" in ansible_facts.packages and ("kernel-default" in ansible_facts.packages
    or "kernel-default-base" in ansible_facts.packages) )
  - not ( ansible_virtualization_type in ["docker", "lxc", "openvz", "podman", "container"]
    )
  tags:
  - CCE-85849-8
  - CJIS-5.5.2.2
  - NIST-800-171-3.4.5
  - NIST-800-53-AC-6(1)
  - NIST-800-53-CM-6(a)
  - PCI-DSS-Req-7.1
  - PCI-DSSv4-2.2
  - PCI-DSSv4-2.2.6
  - configure_strategy
  - file_groupowner_grub2_cfg
  - low_complexity
  - low_disruption
  - medium_severity
  - no_reboot_needed

- name: Ensure group owner on /boot/grub2/grub.cfg
  ansible.builtin.file:
    path: /boot/grub2/grub.cfg
    follow: false
    group: '{{ file_groupowner_grub2_cfg_newgroup }}'
  when:
  - ( "grub2" in ansible_facts.packages and ("kernel-default" in ansible_facts.packages
    or "kernel-default-base" in ansible_facts.packages) )
  - not ( ansible_virtualization_type in ["docker", "lxc", "openvz", "podman", "container"]
    )
  - file_exists.stat is defined and file_exists.stat.exists
  tags:
  - CCE-85849-8
  - CJIS-5.5.2.2
  - NIST-800-171-3.4.5
  - NIST-800-53-AC-6(1)
  - NIST-800-53-CM-6(a)
  - PCI-DSS-Req-7.1
  - PCI-DSSv4-2.2
  - PCI-DSSv4-2.2.6
  - configure_strategy
  - file_groupowner_grub2_cfg
  - low_complexity
  - low_disruption
  - medium_severity
  - no_reboot_needed
</fix>
          <check system="http://oval.mitre.org/XMLSchema/oval-definitions-5">
            <check-content-ref name="oval:ssg-file_groupowner_grub2_cfg:def:1" href="ssg-sle15-oval.xml"/>
          </check>
          <check system="http://scap.nist.gov/schema/ocil/2">
            <check-content-ref name="ocil:ssg-file_groupowner_grub2_cfg_ocil:questionnaire:1" href="ssg-sle15-ocil.xml"/>
          </check>
        </Rule>
        <Rule id="xccdf_org.ssgproject.content_rule_file_groupowner_user_cfg" selected="false" role="full" severity="medium">
          <title xmlns:xhtml="http://www.w3.org/1999/xhtml" xml:lang="en-US">Verify /boot/grub2/user.cfg Group Ownership</title>
          <description xmlns:xhtml="http://www.w3.org/1999/xhtml" xml:lang="en-US">The file <html:code xmlns:html="http://www.w3.org/1999/xhtml">/boot/grub2/user.cfg</html:code> should be group-owned by the <html:code xmlns:html="http://www.w3.org/1999/xhtml">root</html:code>
group to prevent reading or modification of the file.

To properly set the group owner of <html:code xmlns:html="http://www.w3.org/1999/xhtml">/boot/grub2/user.cfg</html:code>, run the command:

  <html:pre xmlns:html="http://www.w3.org/1999/xhtml">$ sudo chgrp root /boot/grub2/user.cfg</html:pre>
       </description>
          <reference href="https://www.cisecurity.org/controls/">12</reference>
          <reference href="https://www.cisecurity.org/controls/">13</reference>
          <reference href="https://www.cisecurity.org/controls/">14</reference>
          <reference href="https://www.cisecurity.org/controls/">15</reference>
          <reference href="https://www.cisecurity.org/controls/">16</reference>
          <reference href="https://www.cisecurity.org/controls/">18</reference>
          <reference href="https://www.cisecurity.org/controls/">3</reference>
          <reference href="https://www.cisecurity.org/controls/">5</reference>
          <reference href="https://www.fbi.gov/file-repository/cjis-security-policy-v5_5_20160601-2-1.pdf">5.5.2.2</reference>
          <reference href="https://www.isaca.org/resources/cobit">APO01.06</reference>
          <reference href="https://www.isaca.org/resources/cobit">DSS05.04</reference>
          <reference href="https://www.isaca.org/resources/cobit">DSS05.07</reference>
          <reference href="https://www.isaca.org/resources/cobit">DSS06.02</reference>
          <reference href="http://nvlpubs.nist.gov/nistpubs/SpecialPublications/NIST.SP.800-171.pdf">3.4.5</reference>
          <reference href="https://www.gpo.gov/fdsys/pkg/CFR-2007-title45-vol1/pdf/CFR-2007-title45-vol1-chapA-subchapC.pdf">164.308(a)(1)(ii)(B)</reference>
          <reference href="https://www.gpo.gov/fdsys/pkg/CFR-2007-title45-vol1/pdf/CFR-2007-title45-vol1-chapA-subchapC.pdf">164.308(a)(7)(i)</reference>
          <reference href="https://www.gpo.gov/fdsys/pkg/CFR-2007-title45-vol1/pdf/CFR-2007-title45-vol1-chapA-subchapC.pdf">164.308(a)(7)(ii)(A)</reference>
          <reference href="https://www.gpo.gov/fdsys/pkg/CFR-2007-title45-vol1/pdf/CFR-2007-title45-vol1-chapA-subchapC.pdf">164.310(a)(1)</reference>
          <reference href="https://www.gpo.gov/fdsys/pkg/CFR-2007-title45-vol1/pdf/CFR-2007-title45-vol1-chapA-subchapC.pdf">164.310(a)(2)(i)</reference>
          <reference href="https://www.gpo.gov/fdsys/pkg/CFR-2007-title45-vol1/pdf/CFR-2007-title45-vol1-chapA-subchapC.pdf">164.310(a)(2)(ii)</reference>
          <reference href="https://www.gpo.gov/fdsys/pkg/CFR-2007-title45-vol1/pdf/CFR-2007-title45-vol1-chapA-subchapC.pdf">164.310(a)(2)(iii)</reference>
          <reference href="https://www.gpo.gov/fdsys/pkg/CFR-2007-title45-vol1/pdf/CFR-2007-title45-vol1-chapA-subchapC.pdf">164.310(b)</reference>
          <reference href="https://www.gpo.gov/fdsys/pkg/CFR-2007-title45-vol1/pdf/CFR-2007-title45-vol1-chapA-subchapC.pdf">164.310(c)</reference>
          <reference href="https://www.gpo.gov/fdsys/pkg/CFR-2007-title45-vol1/pdf/CFR-2007-title45-vol1-chapA-subchapC.pdf">164.310(d)(1)</reference>
          <reference href="https://www.gpo.gov/fdsys/pkg/CFR-2007-title45-vol1/pdf/CFR-2007-title45-vol1-chapA-subchapC.pdf">164.310(d)(2)(iii)</reference>
          <reference href="https://www.isa.org/products/isa-62443-2-1-2009-security-for-industrial-automat">4.3.3.7.3</reference>
          <reference href="https://www.isa.org/products/ansi-isa-62443-3-3-99-03-03-2013-security-for-indu">SR 2.1</reference>
          <reference href="https://www.isa.org/products/ansi-isa-62443-3-3-99-03-03-2013-security-for-indu">SR 5.2</reference>
          <reference href="https://www.iso.org/contents/data/standard/05/45/54534.html">A.10.1.1</reference>
          <reference href="https://www.iso.org/contents/data/standard/05/45/54534.html">A.11.1.4</reference>
          <reference href="https://www.iso.org/contents/data/standard/05/45/54534.html">A.11.1.5</reference>
          <reference href="https://www.iso.org/contents/data/standard/05/45/54534.html">A.11.2.1</reference>
          <reference href="https://www.iso.org/contents/data/standard/05/45/54534.html">A.13.1.1</reference>
          <reference href="https://www.iso.org/contents/data/standard/05/45/54534.html">A.13.1.3</reference>
          <reference href="https://www.iso.org/contents/data/standard/05/45/54534.html">A.13.2.1</reference>
          <reference href="https://www.iso.org/contents/data/standard/05/45/54534.html">A.13.2.3</reference>
          <reference href="https://www.iso.org/contents/data/standard/05/45/54534.html">A.13.2.4</reference>
          <reference href="https://www.iso.org/contents/data/standard/05/45/54534.html">A.14.1.2</reference>
          <reference href="https://www.iso.org/contents/data/standard/05/45/54534.html">A.14.1.3</reference>
          <reference href="https://www.iso.org/contents/data/standard/05/45/54534.html">A.6.1.2</reference>
          <reference href="https://www.iso.org/contents/data/standard/05/45/54534.html">A.7.1.1</reference>
          <reference href="https://www.iso.org/contents/data/standard/05/45/54534.html">A.7.1.2</reference>
          <reference href="https://www.iso.org/contents/data/standard/05/45/54534.html">A.7.3.1</reference>
          <reference href="https://www.iso.org/contents/data/standard/05/45/54534.html">A.8.2.2</reference>
          <reference href="https://www.iso.org/contents/data/standard/05/45/54534.html">A.8.2.3</reference>
          <reference href="https://www.iso.org/contents/data/standard/05/45/54534.html">A.9.1.1</reference>
          <reference href="https://www.iso.org/contents/data/standard/05/45/54534.html">A.9.1.2</reference>
          <reference href="https://www.iso.org/contents/data/standard/05/45/54534.html">A.9.2.3</reference>
          <reference href="https://www.iso.org/contents/data/standard/05/45/54534.html">A.9.4.1</reference>
          <reference href="https://www.iso.org/contents/data/standard/05/45/54534.html">A.9.4.4</reference>
          <reference href="https://www.iso.org/contents/data/standard/05/45/54534.html">A.9.4.5</reference>
          <reference href="http://nvlpubs.nist.gov/nistpubs/SpecialPublications/NIST.SP.800-53r4.pdf">CM-6(a)</reference>
          <reference href="http://nvlpubs.nist.gov/nistpubs/SpecialPublications/NIST.SP.800-53r4.pdf">AC-6(1)</reference>
          <reference href="https://nvlpubs.nist.gov/nistpubs/CSWP/NIST.CSWP.04162018.pdf">PR.AC-4</reference>
          <reference href="https://nvlpubs.nist.gov/nistpubs/CSWP/NIST.CSWP.04162018.pdf">PR.DS-5</reference>
          <reference href="https://www.pcisecuritystandards.org/documents/PCI_DSS_v3-2-1.pdf">Req-7.1</reference>
          <reference href="https://www.cyber.mil/stigs/downloads/?_dl_facet_stigs=operating-systems%2Cgeneral-purpose-os">SRG-OS-000480-GPOS-00227</reference>
          <reference href="https://cyber.gouv.fr/sites/default/files/document/linux_configuration-en-v2.pdf">R29</reference>
          <reference href="https://docs-prv.pcisecuritystandards.org/PCI%20DSS/Standard/PCI-DSS-v4_0.pdf">2.2.6</reference>
          <reference href="https://docs-prv.pcisecuritystandards.org/PCI%20DSS/Standard/PCI-DSS-v4_0.pdf">2.2</reference>
          <rationale xmlns:xhtml="http://www.w3.org/1999/xhtml" xml:lang="en-US">The <html:code xmlns:html="http://www.w3.org/1999/xhtml">root</html:code> group is a highly-privileged group. Furthermore, the group-owner of this
file should not have any access privileges anyway. Non-root users who read the boot parameters
may be able to identify weaknesses in security upon boot and be able to exploit them.</rationale>
          <platform idref="#not_container"/>
          <fix xmlns:xhtml="http://www.w3.org/1999/xhtml" id="file_groupowner_user_cfg" system="urn:xccdf:fix:script:sh" complexity="low" disruption="low" strategy="configure"># Remediation is applicable only in certain platforms
if ( rpm --quiet -q grub2 &amp;&amp; rpm --quiet -q kernel-default || rpm --quiet -q kernel-default-base ) &amp;&amp; { ! ( [ -f /.dockerenv ] || [ -f /run/.containerenv ] ); }; then

newgroup=""
if getent group "0" &gt;/dev/null 2&gt;&amp;1; then
  newgroup="0"
fi

if [[ -z "${newgroup}" ]]; then
  &gt;&amp;2 echo "0 is not a defined group on the system"
else
if ! stat -c "%g %G" "/boot/grub2/user.cfg" | grep -E -w -q "0"; then
    chgrp --no-dereference "$newgroup" /boot/grub2/user.cfg
fi

fi

else
    &gt;&amp;2 echo 'Remediation is not applicable, nothing was done'
fi
</fix>
          <fix xmlns:xhtml="http://www.w3.org/1999/xhtml" id="file_groupowner_user_cfg" system="urn:xccdf:fix:script:ansible" complexity="low" disruption="low" strategy="configure">- name: Gather the package facts
  package_facts:
    manager: auto
  tags:
  - CJIS-5.5.2.2
  - NIST-800-171-3.4.5
  - NIST-800-53-AC-6(1)
  - NIST-800-53-CM-6(a)
  - PCI-DSS-Req-7.1
  - PCI-DSSv4-2.2
  - PCI-DSSv4-2.2.6
  - configure_strategy
  - file_groupowner_user_cfg
  - low_complexity
  - low_disruption
  - medium_severity
  - no_reboot_needed

- name: Set the file_groupowner_user_cfg_newgroup variable if represented by gid
  ansible.builtin.set_fact:
    file_groupowner_user_cfg_newgroup: '0'
  when:
  - ( "grub2" in ansible_facts.packages and ("kernel-default" in ansible_facts.packages
    or "kernel-default-base" in ansible_facts.packages) )
  - not ( ansible_virtualization_type in ["docker", "lxc", "openvz", "podman", "container"]
    )
  tags:
  - CJIS-5.5.2.2
  - NIST-800-171-3.4.5
  - NIST-800-53-AC-6(1)
  - NIST-800-53-CM-6(a)
  - PCI-DSS-Req-7.1
  - PCI-DSSv4-2.2
  - PCI-DSSv4-2.2.6
  - configure_strategy
  - file_groupowner_user_cfg
  - low_complexity
  - low_disruption
  - medium_severity
  - no_reboot_needed

- name: Test for existence /boot/grub2/user.cfg
  ansible.builtin.stat:
    path: /boot/grub2/user.cfg
  register: file_exists
  when:
  - ( "grub2" in ansible_facts.packages and ("kernel-default" in ansible_facts.packages
    or "kernel-default-base" in ansible_facts.packages) )
  - not ( ansible_virtualization_type in ["docker", "lxc", "openvz", "podman", "container"]
    )
  tags:
  - CJIS-5.5.2.2
  - NIST-800-171-3.4.5
  - NIST-800-53-AC-6(1)
  - NIST-800-53-CM-6(a)
  - PCI-DSS-Req-7.1
  - PCI-DSSv4-2.2
  - PCI-DSSv4-2.2.6
  - configure_strategy
  - file_groupowner_user_cfg
  - low_complexity
  - low_disruption
  - medium_severity
  - no_reboot_needed

- name: Ensure group owner on /boot/grub2/user.cfg
  ansible.builtin.file:
    path: /boot/grub2/user.cfg
    follow: false
    group: '{{ file_groupowner_user_cfg_newgroup }}'
  when:
  - ( "grub2" in ansible_facts.packages and ("kernel-default" in ansible_facts.packages
    or "kernel-default-base" in ansible_facts.packages) )
  - not ( ansible_virtualization_type in ["docker", "lxc", "openvz", "podman", "container"]
    )
  - file_exists.stat is defined and file_exists.stat.exists
  tags:
  - CJIS-5.5.2.2
  - NIST-800-171-3.4.5
  - NIST-800-53-AC-6(1)
  - NIST-800-53-CM-6(a)
  - PCI-DSS-Req-7.1
  - PCI-DSSv4-2.2
  - PCI-DSSv4-2.2.6
  - configure_strategy
  - file_groupowner_user_cfg
  - low_complexity
  - low_disruption
  - medium_severity
  - no_reboot_needed
</fix>
          <check system="http://oval.mitre.org/XMLSchema/oval-definitions-5">
            <check-content-ref name="oval:ssg-file_groupowner_user_cfg:def:1" href="ssg-sle15-oval.xml"/>
          </check>
          <check system="http://scap.nist.gov/schema/ocil/2">
            <check-content-ref name="ocil:ssg-file_groupowner_user_cfg_ocil:questionnaire:1" href="ssg-sle15-ocil.xml"/>
          </check>
        </Rule>
        <Rule id="xccdf_org.ssgproject.content_rule_file_owner_grub2_cfg" selected="false" role="full" severity="medium">
          <title xmlns:xhtml="http://www.w3.org/1999/xhtml" xml:lang="en-US">Verify /boot/grub2/grub.cfg User Ownership</title>
          <description xmlns:xhtml="http://www.w3.org/1999/xhtml" xml:lang="en-US">The file <html:code xmlns:html="http://www.w3.org/1999/xhtml">/boot/grub2/grub.cfg</html:code> should
be owned by the <html:code xmlns:html="http://www.w3.org/1999/xhtml">root</html:code> user to prevent destruction
or modification of the file.

To properly set the owner of <html:code xmlns:html="http://www.w3.org/1999/xhtml">/boot/grub2/grub.cfg</html:code>, run the command:

  <html:pre xmlns:html="http://www.w3.org/1999/xhtml">$ sudo chown root /boot/grub2/grub.cfg </html:pre>
       </description>
          <reference href="https://www.cisecurity.org/controls/">12</reference>
          <reference href="https://www.cisecurity.org/controls/">13</reference>
          <reference href="https://www.cisecurity.org/controls/">14</reference>
          <reference href="https://www.cisecurity.org/controls/">15</reference>
          <reference href="https://www.cisecurity.org/controls/">16</reference>
          <reference href="https://www.cisecurity.org/controls/">18</reference>
          <reference href="https://www.cisecurity.org/controls/">3</reference>
          <reference href="https://www.cisecurity.org/controls/">5</reference>
          <reference href="https://www.fbi.gov/file-repository/cjis-security-policy-v5_5_20160601-2-1.pdf">5.5.2.2</reference>
          <reference href="https://www.isaca.org/resources/cobit">APO01.06</reference>
          <reference href="https://www.isaca.org/resources/cobit">DSS05.04</reference>
          <reference href="https://www.isaca.org/resources/cobit">DSS05.07</reference>
          <reference href="https://www.isaca.org/resources/cobit">DSS06.02</reference>
          <reference href="http://nvlpubs.nist.gov/nistpubs/SpecialPublications/NIST.SP.800-171.pdf">3.4.5</reference>
          <reference href="https://www.gpo.gov/fdsys/pkg/CFR-2007-title45-vol1/pdf/CFR-2007-title45-vol1-chapA-subchapC.pdf">164.308(a)(1)(ii)(B)</reference>
          <reference href="https://www.gpo.gov/fdsys/pkg/CFR-2007-title45-vol1/pdf/CFR-2007-title45-vol1-chapA-subchapC.pdf">164.308(a)(7)(i)</reference>
          <reference href="https://www.gpo.gov/fdsys/pkg/CFR-2007-title45-vol1/pdf/CFR-2007-title45-vol1-chapA-subchapC.pdf">164.308(a)(7)(ii)(A)</reference>
          <reference href="https://www.gpo.gov/fdsys/pkg/CFR-2007-title45-vol1/pdf/CFR-2007-title45-vol1-chapA-subchapC.pdf">164.310(a)(1)</reference>
          <reference href="https://www.gpo.gov/fdsys/pkg/CFR-2007-title45-vol1/pdf/CFR-2007-title45-vol1-chapA-subchapC.pdf">164.310(a)(2)(i)</reference>
          <reference href="https://www.gpo.gov/fdsys/pkg/CFR-2007-title45-vol1/pdf/CFR-2007-title45-vol1-chapA-subchapC.pdf">164.310(a)(2)(ii)</reference>
          <reference href="https://www.gpo.gov/fdsys/pkg/CFR-2007-title45-vol1/pdf/CFR-2007-title45-vol1-chapA-subchapC.pdf">164.310(a)(2)(iii)</reference>
          <reference href="https://www.gpo.gov/fdsys/pkg/CFR-2007-title45-vol1/pdf/CFR-2007-title45-vol1-chapA-subchapC.pdf">164.310(b)</reference>
          <reference href="https://www.gpo.gov/fdsys/pkg/CFR-2007-title45-vol1/pdf/CFR-2007-title45-vol1-chapA-subchapC.pdf">164.310(c)</reference>
          <reference href="https://www.gpo.gov/fdsys/pkg/CFR-2007-title45-vol1/pdf/CFR-2007-title45-vol1-chapA-subchapC.pdf">164.310(d)(1)</reference>
          <reference href="https://www.gpo.gov/fdsys/pkg/CFR-2007-title45-vol1/pdf/CFR-2007-title45-vol1-chapA-subchapC.pdf">164.310(d)(2)(iii)</reference>
          <reference href="https://www.isa.org/products/isa-62443-2-1-2009-security-for-industrial-automat">4.3.3.7.3</reference>
          <reference href="https://www.isa.org/products/ansi-isa-62443-3-3-99-03-03-2013-security-for-indu">SR 2.1</reference>
          <reference href="https://www.isa.org/products/ansi-isa-62443-3-3-99-03-03-2013-security-for-indu">SR 5.2</reference>
          <reference href="https://www.iso.org/contents/data/standard/05/45/54534.html">A.10.1.1</reference>
          <reference href="https://www.iso.org/contents/data/standard/05/45/54534.html">A.11.1.4</reference>
          <reference href="https://www.iso.org/contents/data/standard/05/45/54534.html">A.11.1.5</reference>
          <reference href="https://www.iso.org/contents/data/standard/05/45/54534.html">A.11.2.1</reference>
          <reference href="https://www.iso.org/contents/data/standard/05/45/54534.html">A.13.1.1</reference>
          <reference href="https://www.iso.org/contents/data/standard/05/45/54534.html">A.13.1.3</reference>
          <reference href="https://www.iso.org/contents/data/standard/05/45/54534.html">A.13.2.1</reference>
          <reference href="https://www.iso.org/contents/data/standard/05/45/54534.html">A.13.2.3</reference>
          <reference href="https://www.iso.org/contents/data/standard/05/45/54534.html">A.13.2.4</reference>
          <reference href="https://www.iso.org/contents/data/standard/05/45/54534.html">A.14.1.2</reference>
          <reference href="https://www.iso.org/contents/data/standard/05/45/54534.html">A.14.1.3</reference>
          <reference href="https://www.iso.org/contents/data/standard/05/45/54534.html">A.6.1.2</reference>
          <reference href="https://www.iso.org/contents/data/standard/05/45/54534.html">A.7.1.1</reference>
          <reference href="https://www.iso.org/contents/data/standard/05/45/54534.html">A.7.1.2</reference>
          <reference href="https://www.iso.org/contents/data/standard/05/45/54534.html">A.7.3.1</reference>
          <reference href="https://www.iso.org/contents/data/standard/05/45/54534.html">A.8.2.2</reference>
          <reference href="https://www.iso.org/contents/data/standard/05/45/54534.html">A.8.2.3</reference>
          <reference href="https://www.iso.org/contents/data/standard/05/45/54534.html">A.9.1.1</reference>
          <reference href="https://www.iso.org/contents/data/standard/05/45/54534.html">A.9.1.2</reference>
          <reference href="https://www.iso.org/contents/data/standard/05/45/54534.html">A.9.2.3</reference>
          <reference href="https://www.iso.org/contents/data/standard/05/45/54534.html">A.9.4.1</reference>
          <reference href="https://www.iso.org/contents/data/standard/05/45/54534.html">A.9.4.4</reference>
          <reference href="https://www.iso.org/contents/data/standard/05/45/54534.html">A.9.4.5</reference>
          <reference href="http://nvlpubs.nist.gov/nistpubs/SpecialPublications/NIST.SP.800-53r4.pdf">CM-6(a)</reference>
          <reference href="http://nvlpubs.nist.gov/nistpubs/SpecialPublications/NIST.SP.800-53r4.pdf">AC-6(1)</reference>
          <reference href="https://nvlpubs.nist.gov/nistpubs/CSWP/NIST.CSWP.04162018.pdf">PR.AC-4</reference>
          <reference href="https://nvlpubs.nist.gov/nistpubs/CSWP/NIST.CSWP.04162018.pdf">PR.DS-5</reference>
          <reference href="https://www.pcisecuritystandards.org/documents/PCI_DSS_v3-2-1.pdf">Req-7.1</reference>
          <reference href="https://www.cyber.mil/stigs/downloads/?_dl_facet_stigs=operating-systems%2Cgeneral-purpose-os">SRG-OS-000480-GPOS-00227</reference>
          <reference href="https://www.cisecurity.org/benchmark/suse_linux/">1.5.2</reference>
          <reference href="https://cyber.gouv.fr/sites/default/files/document/linux_configuration-en-v2.pdf">R29</reference>
          <reference href="not_publicly_available">SLES-15-150600030</reference>
          <reference href="https://docs-prv.pcisecuritystandards.org/PCI%20DSS/Standard/PCI-DSS-v4_0.pdf">2.2.6</reference>
          <reference href="https://docs-prv.pcisecuritystandards.org/PCI%20DSS/Standard/PCI-DSS-v4_0.pdf">2.2</reference>
          <rationale xmlns:xhtml="http://www.w3.org/1999/xhtml" xml:lang="en-US">Only root should be able to modify important boot parameters.</rationale>
          <platform idref="#not_container"/>
          <ident system="https://ncp.nist.gov/cce">CCE-85848-0</ident>
          <fix xmlns:xhtml="http://www.w3.org/1999/xhtml" id="file_owner_grub2_cfg" system="urn:xccdf:fix:script:sh" complexity="low" disruption="low" strategy="configure"># Remediation is applicable only in certain platforms
if ( rpm --quiet -q grub2 &amp;&amp; rpm --quiet -q kernel-default || rpm --quiet -q kernel-default-base ) &amp;&amp; { ! ( [ -f /.dockerenv ] || [ -f /run/.containerenv ] ); }; then

newown=""
if id "0" &gt;/dev/null 2&gt;&amp;1; then
  newown="0"
fi

if [[ -z "$newown" ]]; then
  &gt;&amp;2 echo "0 is not a defined user on the system"
else
if ! stat -c "%u %U" "/boot/grub2/grub.cfg" | grep -E -w -q "0"; then
    chown --no-dereference "$newown" /boot/grub2/grub.cfg
fi

fi

else
    &gt;&amp;2 echo 'Remediation is not applicable, nothing was done'
fi
</fix>
          <fix xmlns:xhtml="http://www.w3.org/1999/xhtml" id="file_owner_grub2_cfg" system="urn:xccdf:fix:script:ansible" complexity="low" disruption="low" strategy="configure">- name: Gather the package facts
  package_facts:
    manager: auto
  tags:
  - CCE-85848-0
  - CJIS-5.5.2.2
  - NIST-800-171-3.4.5
  - NIST-800-53-AC-6(1)
  - NIST-800-53-CM-6(a)
  - PCI-DSS-Req-7.1
  - PCI-DSSv4-2.2
  - PCI-DSSv4-2.2.6
  - configure_strategy
  - file_owner_grub2_cfg
  - low_complexity
  - low_disruption
  - medium_severity
  - no_reboot_needed

- name: Set the file_owner_grub2_cfg_newown variable if represented by uid
  ansible.builtin.set_fact:
    file_owner_grub2_cfg_newown: '0'
  when:
  - ( "grub2" in ansible_facts.packages and ("kernel-default" in ansible_facts.packages
    or "kernel-default-base" in ansible_facts.packages) )
  - not ( ansible_virtualization_type in ["docker", "lxc", "openvz", "podman", "container"]
    )
  tags:
  - CCE-85848-0
  - CJIS-5.5.2.2
  - NIST-800-171-3.4.5
  - NIST-800-53-AC-6(1)
  - NIST-800-53-CM-6(a)
  - PCI-DSS-Req-7.1
  - PCI-DSSv4-2.2
  - PCI-DSSv4-2.2.6
  - configure_strategy
  - file_owner_grub2_cfg
  - low_complexity
  - low_disruption
  - medium_severity
  - no_reboot_needed

- name: Test for existence /boot/grub2/grub.cfg
  ansible.builtin.stat:
    path: /boot/grub2/grub.cfg
  register: file_exists
  when:
  - ( "grub2" in ansible_facts.packages and ("kernel-default" in ansible_facts.packages
    or "kernel-default-base" in ansible_facts.packages) )
  - not ( ansible_virtualization_type in ["docker", "lxc", "openvz", "podman", "container"]
    )
  tags:
  - CCE-85848-0
  - CJIS-5.5.2.2
  - NIST-800-171-3.4.5
  - NIST-800-53-AC-6(1)
  - NIST-800-53-CM-6(a)
  - PCI-DSS-Req-7.1
  - PCI-DSSv4-2.2
  - PCI-DSSv4-2.2.6
  - configure_strategy
  - file_owner_grub2_cfg
  - low_complexity
  - low_disruption
  - medium_severity
  - no_reboot_needed

- name: Ensure owner on /boot/grub2/grub.cfg
  ansible.builtin.file:
    path: /boot/grub2/grub.cfg
    follow: false
    owner: '{{ file_owner_grub2_cfg_newown }}'
  when:
  - ( "grub2" in ansible_facts.packages and ("kernel-default" in ansible_facts.packages
    or "kernel-default-base" in ansible_facts.packages) )
  - not ( ansible_virtualization_type in ["docker", "lxc", "openvz", "podman", "container"]
    )
  - file_exists.stat is defined and file_exists.stat.exists
  tags:
  - CCE-85848-0
  - CJIS-5.5.2.2
  - NIST-800-171-3.4.5
  - NIST-800-53-AC-6(1)
  - NIST-800-53-CM-6(a)
  - PCI-DSS-Req-7.1
  - PCI-DSSv4-2.2
  - PCI-DSSv4-2.2.6
  - configure_strategy
  - file_owner_grub2_cfg
  - low_complexity
  - low_disruption
  - medium_severity
  - no_reboot_needed
</fix>
          <check system="http://oval.mitre.org/XMLSchema/oval-definitions-5">
            <check-content-ref name="oval:ssg-file_owner_grub2_cfg:def:1" href="ssg-sle15-oval.xml"/>
          </check>
          <check system="http://scap.nist.gov/schema/ocil/2">
            <check-content-ref name="ocil:ssg-file_owner_grub2_cfg_ocil:questionnaire:1" href="ssg-sle15-ocil.xml"/>
          </check>
        </Rule>
        <Rule id="xccdf_org.ssgproject.content_rule_file_owner_user_cfg" selected="false" role="full" severity="medium">
          <title xmlns:xhtml="http://www.w3.org/1999/xhtml" xml:lang="en-US">Verify /boot/grub2/user.cfg User Ownership</title>
          <description xmlns:xhtml="http://www.w3.org/1999/xhtml" xml:lang="en-US">The file <html:code xmlns:html="http://www.w3.org/1999/xhtml">/boot/grub2/user.cfg</html:code> should be owned by the <html:code xmlns:html="http://www.w3.org/1999/xhtml">root</html:code>
user to prevent reading or modification of the file.

To properly set the owner of <html:code xmlns:html="http://www.w3.org/1999/xhtml">/boot/grub2/user.cfg</html:code>, run the command:

  <html:pre xmlns:html="http://www.w3.org/1999/xhtml">$ sudo chown root /boot/grub2/user.cfg </html:pre>
       </description>
          <reference href="https://www.cisecurity.org/controls/">12</reference>
          <reference href="https://www.cisecurity.org/controls/">13</reference>
          <reference href="https://www.cisecurity.org/controls/">14</reference>
          <reference href="https://www.cisecurity.org/controls/">15</reference>
          <reference href="https://www.cisecurity.org/controls/">16</reference>
          <reference href="https://www.cisecurity.org/controls/">18</reference>
          <reference href="https://www.cisecurity.org/controls/">3</reference>
          <reference href="https://www.cisecurity.org/controls/">5</reference>
          <reference href="https://www.fbi.gov/file-repository/cjis-security-policy-v5_5_20160601-2-1.pdf">5.5.2.2</reference>
          <reference href="https://www.isaca.org/resources/cobit">APO01.06</reference>
          <reference href="https://www.isaca.org/resources/cobit">DSS05.04</reference>
          <reference href="https://www.isaca.org/resources/cobit">DSS05.07</reference>
          <reference href="https://www.isaca.org/resources/cobit">DSS06.02</reference>
          <reference href="http://nvlpubs.nist.gov/nistpubs/SpecialPublications/NIST.SP.800-171.pdf">3.4.5</reference>
          <reference href="https://www.gpo.gov/fdsys/pkg/CFR-2007-title45-vol1/pdf/CFR-2007-title45-vol1-chapA-subchapC.pdf">164.308(a)(1)(ii)(B)</reference>
          <reference href="https://www.gpo.gov/fdsys/pkg/CFR-2007-title45-vol1/pdf/CFR-2007-title45-vol1-chapA-subchapC.pdf">164.308(a)(7)(i)</reference>
          <reference href="https://www.gpo.gov/fdsys/pkg/CFR-2007-title45-vol1/pdf/CFR-2007-title45-vol1-chapA-subchapC.pdf">164.308(a)(7)(ii)(A)</reference>
          <reference href="https://www.gpo.gov/fdsys/pkg/CFR-2007-title45-vol1/pdf/CFR-2007-title45-vol1-chapA-subchapC.pdf">164.310(a)(1)</reference>
          <reference href="https://www.gpo.gov/fdsys/pkg/CFR-2007-title45-vol1/pdf/CFR-2007-title45-vol1-chapA-subchapC.pdf">164.310(a)(2)(i)</reference>
          <reference href="https://www.gpo.gov/fdsys/pkg/CFR-2007-title45-vol1/pdf/CFR-2007-title45-vol1-chapA-subchapC.pdf">164.310(a)(2)(ii)</reference>
          <reference href="https://www.gpo.gov/fdsys/pkg/CFR-2007-title45-vol1/pdf/CFR-2007-title45-vol1-chapA-subchapC.pdf">164.310(a)(2)(iii)</reference>
          <reference href="https://www.gpo.gov/fdsys/pkg/CFR-2007-title45-vol1/pdf/CFR-2007-title45-vol1-chapA-subchapC.pdf">164.310(b)</reference>
          <reference href="https://www.gpo.gov/fdsys/pkg/CFR-2007-title45-vol1/pdf/CFR-2007-title45-vol1-chapA-subchapC.pdf">164.310(c)</reference>
          <reference href="https://www.gpo.gov/fdsys/pkg/CFR-2007-title45-vol1/pdf/CFR-2007-title45-vol1-chapA-subchapC.pdf">164.310(d)(1)</reference>
          <reference href="https://www.gpo.gov/fdsys/pkg/CFR-2007-title45-vol1/pdf/CFR-2007-title45-vol1-chapA-subchapC.pdf">164.310(d)(2)(iii)</reference>
          <reference href="https://www.isa.org/products/isa-62443-2-1-2009-security-for-industrial-automat">4.3.3.7.3</reference>
          <reference href="https://www.isa.org/products/ansi-isa-62443-3-3-99-03-03-2013-security-for-indu">SR 2.1</reference>
          <reference href="https://www.isa.org/products/ansi-isa-62443-3-3-99-03-03-2013-security-for-indu">SR 5.2</reference>
          <reference href="https://www.iso.org/contents/data/standard/05/45/54534.html">A.10.1.1</reference>
          <reference href="https://www.iso.org/contents/data/standard/05/45/54534.html">A.11.1.4</reference>
          <reference href="https://www.iso.org/contents/data/standard/05/45/54534.html">A.11.1.5</reference>
          <reference href="https://www.iso.org/contents/data/standard/05/45/54534.html">A.11.2.1</reference>
          <reference href="https://www.iso.org/contents/data/standard/05/45/54534.html">A.13.1.1</reference>
          <reference href="https://www.iso.org/contents/data/standard/05/45/54534.html">A.13.1.3</reference>
          <reference href="https://www.iso.org/contents/data/standard/05/45/54534.html">A.13.2.1</reference>
          <reference href="https://www.iso.org/contents/data/standard/05/45/54534.html">A.13.2.3</reference>
          <reference href="https://www.iso.org/contents/data/standard/05/45/54534.html">A.13.2.4</reference>
          <reference href="https://www.iso.org/contents/data/standard/05/45/54534.html">A.14.1.2</reference>
          <reference href="https://www.iso.org/contents/data/standard/05/45/54534.html">A.14.1.3</reference>
          <reference href="https://www.iso.org/contents/data/standard/05/45/54534.html">A.6.1.2</reference>
          <reference href="https://www.iso.org/contents/data/standard/05/45/54534.html">A.7.1.1</reference>
          <reference href="https://www.iso.org/contents/data/standard/05/45/54534.html">A.7.1.2</reference>
          <reference href="https://www.iso.org/contents/data/standard/05/45/54534.html">A.7.3.1</reference>
          <reference href="https://www.iso.org/contents/data/standard/05/45/54534.html">A.8.2.2</reference>
          <reference href="https://www.iso.org/contents/data/standard/05/45/54534.html">A.8.2.3</reference>
          <reference href="https://www.iso.org/contents/data/standard/05/45/54534.html">A.9.1.1</reference>
          <reference href="https://www.iso.org/contents/data/standard/05/45/54534.html">A.9.1.2</reference>
          <reference href="https://www.iso.org/contents/data/standard/05/45/54534.html">A.9.2.3</reference>
          <reference href="https://www.iso.org/contents/data/standard/05/45/54534.html">A.9.4.1</reference>
          <reference href="https://www.iso.org/contents/data/standard/05/45/54534.html">A.9.4.4</reference>
          <reference href="https://www.iso.org/contents/data/standard/05/45/54534.html">A.9.4.5</reference>
          <reference href="http://nvlpubs.nist.gov/nistpubs/SpecialPublications/NIST.SP.800-53r4.pdf">CM-6(a)</reference>
          <reference href="http://nvlpubs.nist.gov/nistpubs/SpecialPublications/NIST.SP.800-53r4.pdf">AC-6(1)</reference>
          <reference href="https://nvlpubs.nist.gov/nistpubs/CSWP/NIST.CSWP.04162018.pdf">PR.AC-4</reference>
          <reference href="https://nvlpubs.nist.gov/nistpubs/CSWP/NIST.CSWP.04162018.pdf">PR.DS-5</reference>
          <reference href="https://www.pcisecuritystandards.org/documents/PCI_DSS_v3-2-1.pdf">Req-7.1</reference>
          <reference href="https://cyber.gouv.fr/sites/default/files/document/linux_configuration-en-v2.pdf">R29</reference>
          <reference href="https://docs-prv.pcisecuritystandards.org/PCI%20DSS/Standard/PCI-DSS-v4_0.pdf">2.2.6</reference>
          <reference href="https://docs-prv.pcisecuritystandards.org/PCI%20DSS/Standard/PCI-DSS-v4_0.pdf">2.2</reference>
          <rationale xmlns:xhtml="http://www.w3.org/1999/xhtml" xml:lang="en-US">Only root should be able to modify important boot parameters. Also, non-root users who read
the boot parameters may be able to identify weaknesses in security upon boot and be able to
exploit them.</rationale>
          <platform idref="#not_container"/>
          <fix xmlns:xhtml="http://www.w3.org/1999/xhtml" id="file_owner_user_cfg" system="urn:xccdf:fix:script:sh" complexity="low" disruption="low" strategy="configure"># Remediation is applicable only in certain platforms
if ( rpm --quiet -q grub2 &amp;&amp; rpm --quiet -q kernel-default || rpm --quiet -q kernel-default-base ) &amp;&amp; { ! ( [ -f /.dockerenv ] || [ -f /run/.containerenv ] ); }; then

newown=""
if id "0" &gt;/dev/null 2&gt;&amp;1; then
  newown="0"
fi

if [[ -z "$newown" ]]; then
  &gt;&amp;2 echo "0 is not a defined user on the system"
else
if ! stat -c "%u %U" "/boot/grub2/user.cfg" | grep -E -w -q "0"; then
    chown --no-dereference "$newown" /boot/grub2/user.cfg
fi

fi

else
    &gt;&amp;2 echo 'Remediation is not applicable, nothing was done'
fi
</fix>
          <fix xmlns:xhtml="http://www.w3.org/1999/xhtml" id="file_owner_user_cfg" system="urn:xccdf:fix:script:ansible" complexity="low" disruption="low" strategy="configure">- name: Gather the package facts
  package_facts:
    manager: auto
  tags:
  - CJIS-5.5.2.2
  - NIST-800-171-3.4.5
  - NIST-800-53-AC-6(1)
  - NIST-800-53-CM-6(a)
  - PCI-DSS-Req-7.1
  - PCI-DSSv4-2.2
  - PCI-DSSv4-2.2.6
  - configure_strategy
  - file_owner_user_cfg
  - low_complexity
  - low_disruption
  - medium_severity
  - no_reboot_needed

- name: Set the file_owner_user_cfg_newown variable if represented by uid
  ansible.builtin.set_fact:
    file_owner_user_cfg_newown: '0'
  when:
  - ( "grub2" in ansible_facts.packages and ("kernel-default" in ansible_facts.packages
    or "kernel-default-base" in ansible_facts.packages) )
  - not ( ansible_virtualization_type in ["docker", "lxc", "openvz", "podman", "container"]
    )
  tags:
  - CJIS-5.5.2.2
  - NIST-800-171-3.4.5
  - NIST-800-53-AC-6(1)
  - NIST-800-53-CM-6(a)
  - PCI-DSS-Req-7.1
  - PCI-DSSv4-2.2
  - PCI-DSSv4-2.2.6
  - configure_strategy
  - file_owner_user_cfg
  - low_complexity
  - low_disruption
  - medium_severity
  - no_reboot_needed

- name: Test for existence /boot/grub2/user.cfg
  ansible.builtin.stat:
    path: /boot/grub2/user.cfg
  register: file_exists
  when:
  - ( "grub2" in ansible_facts.packages and ("kernel-default" in ansible_facts.packages
    or "kernel-default-base" in ansible_facts.packages) )
  - not ( ansible_virtualization_type in ["docker", "lxc", "openvz", "podman", "container"]
    )
  tags:
  - CJIS-5.5.2.2
  - NIST-800-171-3.4.5
  - NIST-800-53-AC-6(1)
  - NIST-800-53-CM-6(a)
  - PCI-DSS-Req-7.1
  - PCI-DSSv4-2.2
  - PCI-DSSv4-2.2.6
  - configure_strategy
  - file_owner_user_cfg
  - low_complexity
  - low_disruption
  - medium_severity
  - no_reboot_needed

- name: Ensure owner on /boot/grub2/user.cfg
  ansible.builtin.file:
    path: /boot/grub2/user.cfg
    follow: false
    owner: '{{ file_owner_user_cfg_newown }}'
  when:
  - ( "grub2" in ansible_facts.packages and ("kernel-default" in ansible_facts.packages
    or "kernel-default-base" in ansible_facts.packages) )
  - not ( ansible_virtualization_type in ["docker", "lxc", "openvz", "podman", "container"]
    )
  - file_exists.stat is defined and file_exists.stat.exists
  tags:
  - CJIS-5.5.2.2
  - NIST-800-171-3.4.5
  - NIST-800-53-AC-6(1)
  - NIST-800-53-CM-6(a)
  - PCI-DSS-Req-7.1
  - PCI-DSSv4-2.2
  - PCI-DSSv4-2.2.6
  - configure_strategy
  - file_owner_user_cfg
  - low_complexity
  - low_disruption
  - medium_severity
  - no_reboot_needed
</fix>
          <check system="http://oval.mitre.org/XMLSchema/oval-definitions-5">
            <check-content-ref name="oval:ssg-file_owner_user_cfg:def:1" href="ssg-sle15-oval.xml"/>
          </check>
          <check system="http://scap.nist.gov/schema/ocil/2">
            <check-content-ref name="ocil:ssg-file_owner_user_cfg_ocil:questionnaire:1" href="ssg-sle15-ocil.xml"/>
          </check>
        </Rule>
        <Rule id="xccdf_org.ssgproject.content_rule_file_permissions_grub2_cfg" selected="false" role="full" severity="medium">
          <title xmlns:xhtml="http://www.w3.org/1999/xhtml" xml:lang="en-US">Verify /boot/grub2/grub.cfg Permissions</title>
          <description xmlns:xhtml="http://www.w3.org/1999/xhtml" xml:lang="en-US">File permissions for <html:code xmlns:html="http://www.w3.org/1999/xhtml">/boot/grub2/grub.cfg</html:code> should be set to 600.

To properly set the permissions of <html:code xmlns:html="http://www.w3.org/1999/xhtml">/boot/grub2/grub.cfg</html:code>, run the command:
<html:pre xmlns:html="http://www.w3.org/1999/xhtml">$ sudo chmod 600 /boot/grub2/grub.cfg</html:pre>
       </description>
          <reference href="https://www.cisecurity.org/controls/">12</reference>
          <reference href="https://www.cisecurity.org/controls/">13</reference>
          <reference href="https://www.cisecurity.org/controls/">14</reference>
          <reference href="https://www.cisecurity.org/controls/">15</reference>
          <reference href="https://www.cisecurity.org/controls/">16</reference>
          <reference href="https://www.cisecurity.org/controls/">18</reference>
          <reference href="https://www.cisecurity.org/controls/">3</reference>
          <reference href="https://www.cisecurity.org/controls/">5</reference>
          <reference href="https://www.isaca.org/resources/cobit">APO01.06</reference>
          <reference href="https://www.isaca.org/resources/cobit">DSS05.04</reference>
          <reference href="https://www.isaca.org/resources/cobit">DSS05.07</reference>
          <reference href="https://www.isaca.org/resources/cobit">DSS06.02</reference>
          <reference href="http://nvlpubs.nist.gov/nistpubs/SpecialPublications/NIST.SP.800-171.pdf">3.4.5</reference>
          <reference href="https://www.gpo.gov/fdsys/pkg/CFR-2007-title45-vol1/pdf/CFR-2007-title45-vol1-chapA-subchapC.pdf">164.308(a)(1)(ii)(B)</reference>
          <reference href="https://www.gpo.gov/fdsys/pkg/CFR-2007-title45-vol1/pdf/CFR-2007-title45-vol1-chapA-subchapC.pdf">164.308(a)(7)(i)</reference>
          <reference href="https://www.gpo.gov/fdsys/pkg/CFR-2007-title45-vol1/pdf/CFR-2007-title45-vol1-chapA-subchapC.pdf">164.308(a)(7)(ii)(A)</reference>
          <reference href="https://www.gpo.gov/fdsys/pkg/CFR-2007-title45-vol1/pdf/CFR-2007-title45-vol1-chapA-subchapC.pdf">164.310(a)(1)</reference>
          <reference href="https://www.gpo.gov/fdsys/pkg/CFR-2007-title45-vol1/pdf/CFR-2007-title45-vol1-chapA-subchapC.pdf">164.310(a)(2)(i)</reference>
          <reference href="https://www.gpo.gov/fdsys/pkg/CFR-2007-title45-vol1/pdf/CFR-2007-title45-vol1-chapA-subchapC.pdf">164.310(a)(2)(ii)</reference>
          <reference href="https://www.gpo.gov/fdsys/pkg/CFR-2007-title45-vol1/pdf/CFR-2007-title45-vol1-chapA-subchapC.pdf">164.310(a)(2)(iii)</reference>
          <reference href="https://www.gpo.gov/fdsys/pkg/CFR-2007-title45-vol1/pdf/CFR-2007-title45-vol1-chapA-subchapC.pdf">164.310(b)</reference>
          <reference href="https://www.gpo.gov/fdsys/pkg/CFR-2007-title45-vol1/pdf/CFR-2007-title45-vol1-chapA-subchapC.pdf">164.310(c)</reference>
          <reference href="https://www.gpo.gov/fdsys/pkg/CFR-2007-title45-vol1/pdf/CFR-2007-title45-vol1-chapA-subchapC.pdf">164.310(d)(1)</reference>
          <reference href="https://www.gpo.gov/fdsys/pkg/CFR-2007-title45-vol1/pdf/CFR-2007-title45-vol1-chapA-subchapC.pdf">164.310(d)(2)(iii)</reference>
          <reference href="https://www.isa.org/products/isa-62443-2-1-2009-security-for-industrial-automat">4.3.3.7.3</reference>
          <reference href="https://www.isa.org/products/ansi-isa-62443-3-3-99-03-03-2013-security-for-indu">SR 2.1</reference>
          <reference href="https://www.isa.org/products/ansi-isa-62443-3-3-99-03-03-2013-security-for-indu">SR 5.2</reference>
          <reference href="https://www.iso.org/contents/data/standard/05/45/54534.html">A.10.1.1</reference>
          <reference href="https://www.iso.org/contents/data/standard/05/45/54534.html">A.11.1.4</reference>
          <reference href="https://www.iso.org/contents/data/standard/05/45/54534.html">A.11.1.5</reference>
          <reference href="https://www.iso.org/contents/data/standard/05/45/54534.html">A.11.2.1</reference>
          <reference href="https://www.iso.org/contents/data/standard/05/45/54534.html">A.13.1.1</reference>
          <reference href="https://www.iso.org/contents/data/standard/05/45/54534.html">A.13.1.3</reference>
          <reference href="https://www.iso.org/contents/data/standard/05/45/54534.html">A.13.2.1</reference>
          <reference href="https://www.iso.org/contents/data/standard/05/45/54534.html">A.13.2.3</reference>
          <reference href="https://www.iso.org/contents/data/standard/05/45/54534.html">A.13.2.4</reference>
          <reference href="https://www.iso.org/contents/data/standard/05/45/54534.html">A.14.1.2</reference>
          <reference href="https://www.iso.org/contents/data/standard/05/45/54534.html">A.14.1.3</reference>
          <reference href="https://www.iso.org/contents/data/standard/05/45/54534.html">A.6.1.2</reference>
          <reference href="https://www.iso.org/contents/data/standard/05/45/54534.html">A.7.1.1</reference>
          <reference href="https://www.iso.org/contents/data/standard/05/45/54534.html">A.7.1.2</reference>
          <reference href="https://www.iso.org/contents/data/standard/05/45/54534.html">A.7.3.1</reference>
          <reference href="https://www.iso.org/contents/data/standard/05/45/54534.html">A.8.2.2</reference>
          <reference href="https://www.iso.org/contents/data/standard/05/45/54534.html">A.8.2.3</reference>
          <reference href="https://www.iso.org/contents/data/standard/05/45/54534.html">A.9.1.1</reference>
          <reference href="https://www.iso.org/contents/data/standard/05/45/54534.html">A.9.1.2</reference>
          <reference href="https://www.iso.org/contents/data/standard/05/45/54534.html">A.9.2.3</reference>
          <reference href="https://www.iso.org/contents/data/standard/05/45/54534.html">A.9.4.1</reference>
          <reference href="https://www.iso.org/contents/data/standard/05/45/54534.html">A.9.4.4</reference>
          <reference href="https://www.iso.org/contents/data/standard/05/45/54534.html">A.9.4.5</reference>
          <reference href="http://nvlpubs.nist.gov/nistpubs/SpecialPublications/NIST.SP.800-53r4.pdf">CM-6(a)</reference>
          <reference href="http://nvlpubs.nist.gov/nistpubs/SpecialPublications/NIST.SP.800-53r4.pdf">AC-6(1)</reference>
          <reference href="https://nvlpubs.nist.gov/nistpubs/CSWP/NIST.CSWP.04162018.pdf">PR.AC-4</reference>
          <reference href="https://nvlpubs.nist.gov/nistpubs/CSWP/NIST.CSWP.04162018.pdf">PR.DS-5</reference>
          <reference href="https://www.cisecurity.org/benchmark/suse_linux/">1.5.2</reference>
          <reference href="https://cyber.gouv.fr/sites/default/files/document/linux_configuration-en-v2.pdf">R29</reference>
          <reference href="not_publicly_available">SLES-15-150600030</reference>
          <reference href="https://docs-prv.pcisecuritystandards.org/PCI%20DSS/Standard/PCI-DSS-v4_0.pdf">2.2.6</reference>
          <reference href="https://docs-prv.pcisecuritystandards.org/PCI%20DSS/Standard/PCI-DSS-v4_0.pdf">2.2</reference>
          <rationale xmlns:xhtml="http://www.w3.org/1999/xhtml" xml:lang="en-US">Proper permissions ensure that only the root user can modify important boot
parameters.</rationale>
          <platform idref="#not_container"/>
          <ident system="https://ncp.nist.gov/cce">CCE-91426-7</ident>
          <fix xmlns:xhtml="http://www.w3.org/1999/xhtml" id="file_permissions_grub2_cfg" system="urn:xccdf:fix:script:sh" complexity="low" disruption="low" strategy="configure"># Remediation is applicable only in certain platforms
if ( rpm --quiet -q grub2 &amp;&amp; rpm --quiet -q kernel-default || rpm --quiet -q kernel-default-base ) &amp;&amp; { ! ( [ -f /.dockerenv ] || [ -f /run/.containerenv ] ); }; then

chmod u-xs,g-xwrs,o-xwrt /boot/grub2/grub.cfg

else
    &gt;&amp;2 echo 'Remediation is not applicable, nothing was done'
fi
</fix>
          <fix xmlns:xhtml="http://www.w3.org/1999/xhtml" id="file_permissions_grub2_cfg" system="urn:xccdf:fix:script:ansible" complexity="low" disruption="low" strategy="configure">- name: Gather the package facts
  package_facts:
    manager: auto
  tags:
  - CCE-91426-7
  - NIST-800-171-3.4.5
  - NIST-800-53-AC-6(1)
  - NIST-800-53-CM-6(a)
  - PCI-DSSv4-2.2
  - PCI-DSSv4-2.2.6
  - configure_strategy
  - file_permissions_grub2_cfg
  - low_complexity
  - low_disruption
  - medium_severity
  - no_reboot_needed

- name: Test for existence /boot/grub2/grub.cfg
  ansible.builtin.stat:
    path: /boot/grub2/grub.cfg
  register: file_exists
  when:
  - ( "grub2" in ansible_facts.packages and ("kernel-default" in ansible_facts.packages
    or "kernel-default-base" in ansible_facts.packages) )
  - not ( ansible_virtualization_type in ["docker", "lxc", "openvz", "podman", "container"]
    )
  tags:
  - CCE-91426-7
  - NIST-800-171-3.4.5
  - NIST-800-53-AC-6(1)
  - NIST-800-53-CM-6(a)
  - PCI-DSSv4-2.2
  - PCI-DSSv4-2.2.6
  - configure_strategy
  - file_permissions_grub2_cfg
  - low_complexity
  - low_disruption
  - medium_severity
  - no_reboot_needed

- name: Ensure permission u-xs,g-xwrs,o-xwrt on /boot/grub2/grub.cfg
  ansible.builtin.file:
    path: /boot/grub2/grub.cfg
    mode: u-xs,g-xwrs,o-xwrt
  when:
  - ( "grub2" in ansible_facts.packages and ("kernel-default" in ansible_facts.packages
    or "kernel-default-base" in ansible_facts.packages) )
  - not ( ansible_virtualization_type in ["docker", "lxc", "openvz", "podman", "container"]
    )
  - file_exists.stat is defined and file_exists.stat.exists
  tags:
  - CCE-91426-7
  - NIST-800-171-3.4.5
  - NIST-800-53-AC-6(1)
  - NIST-800-53-CM-6(a)
  - PCI-DSSv4-2.2
  - PCI-DSSv4-2.2.6
  - configure_strategy
  - file_permissions_grub2_cfg
  - low_complexity
  - low_disruption
  - medium_severity
  - no_reboot_needed
</fix>
          <check system="http://oval.mitre.org/XMLSchema/oval-definitions-5">
            <check-content-ref name="oval:ssg-file_permissions_grub2_cfg:def:1" href="ssg-sle15-oval.xml"/>
          </check>
          <check system="http://scap.nist.gov/schema/ocil/2">
            <check-content-ref name="ocil:ssg-file_permissions_grub2_cfg_ocil:questionnaire:1" href="ssg-sle15-ocil.xml"/>
          </check>
        </Rule>
        <Rule id="xccdf_org.ssgproject.content_rule_file_permissions_user_cfg" selected="false" role="full" severity="medium">
          <title xmlns:xhtml="http://www.w3.org/1999/xhtml" xml:lang="en-US">Verify /boot/grub2/user.cfg Permissions</title>
          <description xmlns:xhtml="http://www.w3.org/1999/xhtml" xml:lang="en-US">File permissions for <html:code xmlns:html="http://www.w3.org/1999/xhtml">/boot/grub2/user.cfg</html:code> should be set to 600.

To properly set the permissions of <html:code xmlns:html="http://www.w3.org/1999/xhtml">/boot/grub2/user.cfg</html:code>, run the command:
<html:pre xmlns:html="http://www.w3.org/1999/xhtml">$ sudo chmod 600 /boot/grub2/user.cfg</html:pre>
       </description>
          <reference href="https://www.cisecurity.org/controls/">12</reference>
          <reference href="https://www.cisecurity.org/controls/">13</reference>
          <reference href="https://www.cisecurity.org/controls/">14</reference>
          <reference href="https://www.cisecurity.org/controls/">15</reference>
          <reference href="https://www.cisecurity.org/controls/">16</reference>
          <reference href="https://www.cisecurity.org/controls/">18</reference>
          <reference href="https://www.cisecurity.org/controls/">3</reference>
          <reference href="https://www.cisecurity.org/controls/">5</reference>
          <reference href="https://www.isaca.org/resources/cobit">APO01.06</reference>
          <reference href="https://www.isaca.org/resources/cobit">DSS05.04</reference>
          <reference href="https://www.isaca.org/resources/cobit">DSS05.07</reference>
          <reference href="https://www.isaca.org/resources/cobit">DSS06.02</reference>
          <reference href="http://nvlpubs.nist.gov/nistpubs/SpecialPublications/NIST.SP.800-171.pdf">3.4.5</reference>
          <reference href="https://www.gpo.gov/fdsys/pkg/CFR-2007-title45-vol1/pdf/CFR-2007-title45-vol1-chapA-subchapC.pdf">164.308(a)(1)(ii)(B)</reference>
          <reference href="https://www.gpo.gov/fdsys/pkg/CFR-2007-title45-vol1/pdf/CFR-2007-title45-vol1-chapA-subchapC.pdf">164.308(a)(7)(i)</reference>
          <reference href="https://www.gpo.gov/fdsys/pkg/CFR-2007-title45-vol1/pdf/CFR-2007-title45-vol1-chapA-subchapC.pdf">164.308(a)(7)(ii)(A)</reference>
          <reference href="https://www.gpo.gov/fdsys/pkg/CFR-2007-title45-vol1/pdf/CFR-2007-title45-vol1-chapA-subchapC.pdf">164.310(a)(1)</reference>
          <reference href="https://www.gpo.gov/fdsys/pkg/CFR-2007-title45-vol1/pdf/CFR-2007-title45-vol1-chapA-subchapC.pdf">164.310(a)(2)(i)</reference>
          <reference href="https://www.gpo.gov/fdsys/pkg/CFR-2007-title45-vol1/pdf/CFR-2007-title45-vol1-chapA-subchapC.pdf">164.310(a)(2)(ii)</reference>
          <reference href="https://www.gpo.gov/fdsys/pkg/CFR-2007-title45-vol1/pdf/CFR-2007-title45-vol1-chapA-subchapC.pdf">164.310(a)(2)(iii)</reference>
          <reference href="https://www.gpo.gov/fdsys/pkg/CFR-2007-title45-vol1/pdf/CFR-2007-title45-vol1-chapA-subchapC.pdf">164.310(b)</reference>
          <reference href="https://www.gpo.gov/fdsys/pkg/CFR-2007-title45-vol1/pdf/CFR-2007-title45-vol1-chapA-subchapC.pdf">164.310(c)</reference>
          <reference href="https://www.gpo.gov/fdsys/pkg/CFR-2007-title45-vol1/pdf/CFR-2007-title45-vol1-chapA-subchapC.pdf">164.310(d)(1)</reference>
          <reference href="https://www.gpo.gov/fdsys/pkg/CFR-2007-title45-vol1/pdf/CFR-2007-title45-vol1-chapA-subchapC.pdf">164.310(d)(2)(iii)</reference>
          <reference href="https://www.isa.org/products/isa-62443-2-1-2009-security-for-industrial-automat">4.3.3.7.3</reference>
          <reference href="https://www.isa.org/products/ansi-isa-62443-3-3-99-03-03-2013-security-for-indu">SR 2.1</reference>
          <reference href="https://www.isa.org/products/ansi-isa-62443-3-3-99-03-03-2013-security-for-indu">SR 5.2</reference>
          <reference href="https://www.iso.org/contents/data/standard/05/45/54534.html">A.10.1.1</reference>
          <reference href="https://www.iso.org/contents/data/standard/05/45/54534.html">A.11.1.4</reference>
          <reference href="https://www.iso.org/contents/data/standard/05/45/54534.html">A.11.1.5</reference>
          <reference href="https://www.iso.org/contents/data/standard/05/45/54534.html">A.11.2.1</reference>
          <reference href="https://www.iso.org/contents/data/standard/05/45/54534.html">A.13.1.1</reference>
          <reference href="https://www.iso.org/contents/data/standard/05/45/54534.html">A.13.1.3</reference>
          <reference href="https://www.iso.org/contents/data/standard/05/45/54534.html">A.13.2.1</reference>
          <reference href="https://www.iso.org/contents/data/standard/05/45/54534.html">A.13.2.3</reference>
          <reference href="https://www.iso.org/contents/data/standard/05/45/54534.html">A.13.2.4</reference>
          <reference href="https://www.iso.org/contents/data/standard/05/45/54534.html">A.14.1.2</reference>
          <reference href="https://www.iso.org/contents/data/standard/05/45/54534.html">A.14.1.3</reference>
          <reference href="https://www.iso.org/contents/data/standard/05/45/54534.html">A.6.1.2</reference>
          <reference href="https://www.iso.org/contents/data/standard/05/45/54534.html">A.7.1.1</reference>
          <reference href="https://www.iso.org/contents/data/standard/05/45/54534.html">A.7.1.2</reference>
          <reference href="https://www.iso.org/contents/data/standard/05/45/54534.html">A.7.3.1</reference>
          <reference href="https://www.iso.org/contents/data/standard/05/45/54534.html">A.8.2.2</reference>
          <reference href="https://www.iso.org/contents/data/standard/05/45/54534.html">A.8.2.3</reference>
          <reference href="https://www.iso.org/contents/data/standard/05/45/54534.html">A.9.1.1</reference>
          <reference href="https://www.iso.org/contents/data/standard/05/45/54534.html">A.9.1.2</reference>
          <reference href="https://www.iso.org/contents/data/standard/05/45/54534.html">A.9.2.3</reference>
          <reference href="https://www.iso.org/contents/data/standard/05/45/54534.html">A.9.4.1</reference>
          <reference href="https://www.iso.org/contents/data/standard/05/45/54534.html">A.9.4.4</reference>
          <reference href="https://www.iso.org/contents/data/standard/05/45/54534.html">A.9.4.5</reference>
          <reference href="http://nvlpubs.nist.gov/nistpubs/SpecialPublications/NIST.SP.800-53r4.pdf">CM-6(a)</reference>
          <reference href="http://nvlpubs.nist.gov/nistpubs/SpecialPublications/NIST.SP.800-53r4.pdf">AC-6(1)</reference>
          <reference href="https://nvlpubs.nist.gov/nistpubs/CSWP/NIST.CSWP.04162018.pdf">PR.AC-4</reference>
          <reference href="https://nvlpubs.nist.gov/nistpubs/CSWP/NIST.CSWP.04162018.pdf">PR.DS-5</reference>
          <reference href="https://cyber.gouv.fr/sites/default/files/document/linux_configuration-en-v2.pdf">R29</reference>
          <reference href="https://docs-prv.pcisecuritystandards.org/PCI%20DSS/Standard/PCI-DSS-v4_0.pdf">2.2.6</reference>
          <reference href="https://docs-prv.pcisecuritystandards.org/PCI%20DSS/Standard/PCI-DSS-v4_0.pdf">2.2</reference>
          <rationale xmlns:xhtml="http://www.w3.org/1999/xhtml" xml:lang="en-US">Proper permissions ensure that only the root user can read or modify important boot
parameters.</rationale>
          <platform idref="#not_container"/>
          <fix xmlns:xhtml="http://www.w3.org/1999/xhtml" id="file_permissions_user_cfg" system="urn:xccdf:fix:script:sh" complexity="low" disruption="low" strategy="configure"># Remediation is applicable only in certain platforms
if ( rpm --quiet -q grub2 &amp;&amp; rpm --quiet -q kernel-default || rpm --quiet -q kernel-default-base ) &amp;&amp; { ! ( [ -f /.dockerenv ] || [ -f /run/.containerenv ] ); }; then

chmod u-xs,g-xwrs,o-xwrt /boot/grub2/user.cfg

else
    &gt;&amp;2 echo 'Remediation is not applicable, nothing was done'
fi
</fix>
          <fix xmlns:xhtml="http://www.w3.org/1999/xhtml" id="file_permissions_user_cfg" system="urn:xccdf:fix:script:ansible" complexity="low" disruption="low" strategy="configure">- name: Gather the package facts
  package_facts:
    manager: auto
  tags:
  - NIST-800-171-3.4.5
  - NIST-800-53-AC-6(1)
  - NIST-800-53-CM-6(a)
  - PCI-DSSv4-2.2
  - PCI-DSSv4-2.2.6
  - configure_strategy
  - file_permissions_user_cfg
  - low_complexity
  - low_disruption
  - medium_severity
  - no_reboot_needed

- name: Test for existence /boot/grub2/user.cfg
  ansible.builtin.stat:
    path: /boot/grub2/user.cfg
  register: file_exists
  when:
  - ( "grub2" in ansible_facts.packages and ("kernel-default" in ansible_facts.packages
    or "kernel-default-base" in ansible_facts.packages) )
  - not ( ansible_virtualization_type in ["docker", "lxc", "openvz", "podman", "container"]
    )
  tags:
  - NIST-800-171-3.4.5
  - NIST-800-53-AC-6(1)
  - NIST-800-53-CM-6(a)
  - PCI-DSSv4-2.2
  - PCI-DSSv4-2.2.6
  - configure_strategy
  - file_permissions_user_cfg
  - low_complexity
  - low_disruption
  - medium_severity
  - no_reboot_needed

- name: Ensure permission u-xs,g-xwrs,o-xwrt on /boot/grub2/user.cfg
  ansible.builtin.file:
    path: /boot/grub2/user.cfg
    mode: u-xs,g-xwrs,o-xwrt
  when:
  - ( "grub2" in ansible_facts.packages and ("kernel-default" in ansible_facts.packages
    or "kernel-default-base" in ansible_facts.packages) )
  - not ( ansible_virtualization_type in ["docker", "lxc", "openvz", "podman", "container"]
    )
  - file_exists.stat is defined and file_exists.stat.exists
  tags:
  - NIST-800-171-3.4.5
  - NIST-800-53-AC-6(1)
  - NIST-800-53-CM-6(a)
  - PCI-DSSv4-2.2
  - PCI-DSSv4-2.2.6
  - configure_strategy
  - file_permissions_user_cfg
  - low_complexity
  - low_disruption
  - medium_severity
  - no_reboot_needed
</fix>
          <check system="http://oval.mitre.org/XMLSchema/oval-definitions-5">
            <check-content-ref name="oval:ssg-file_permissions_user_cfg:def:1" href="ssg-sle15-oval.xml"/>
          </check>
          <check system="http://scap.nist.gov/schema/ocil/2">
            <check-content-ref name="ocil:ssg-file_permissions_user_cfg_ocil:questionnaire:1" href="ssg-sle15-ocil.xml"/>
          </check>
        </Rule>
        <Rule id="xccdf_org.ssgproject.content_rule_grub2_password" selected="false" role="full" severity="high">
          <title xmlns:xhtml="http://www.w3.org/1999/xhtml" xml:lang="en-US">Set Boot Loader Password in grub2</title>
          <description xmlns:xhtml="http://www.w3.org/1999/xhtml" xml:lang="en-US">The grub2 boot loader should have a superuser account and password
protection enabled to protect boot-time settings.
<html:br xmlns:html="http://www.w3.org/1999/xhtml"/>
        <html:br xmlns:html="http://www.w3.org/1999/xhtml"/>
Since plaintext passwords are a security risk, generate a hash for the password
by running the following command:

<html:pre xmlns:html="http://www.w3.org/1999/xhtml"># grub2-mkpasswd-pbkdf2</html:pre>

When prompted, enter the password that was selected.
<html:br xmlns:html="http://www.w3.org/1999/xhtml"/>
        <html:br xmlns:html="http://www.w3.org/1999/xhtml"/>

Using the hash from the output, modify the <html:code xmlns:html="http://www.w3.org/1999/xhtml">/etc/grub.d/40_custom</html:code>
file with the following content:
<html:pre xmlns:html="http://www.w3.org/1999/xhtml">set superusers="boot"
password_pbkdf2 boot grub.pbkdf2.sha512.VeryLongString
</html:pre>
NOTE: the bootloader superuser account and password MUST differ from the
root account and password.
Once the superuser password has been added,
update the
<html:code xmlns:html="http://www.w3.org/1999/xhtml">grub.cfg</html:code> file by running:
<html:pre xmlns:html="http://www.w3.org/1999/xhtml">grub2-mkconfig -o /boot/grub2/grub.cfg</html:pre>
       </description>
          <warning xmlns:xhtml="http://www.w3.org/1999/xhtml" xml:lang="en-US" category="general">To prevent hard-coded passwords, automatic remediation of this control is not available. Remediation
must be automated as a component of machine provisioning, or followed manually as outlined above.

Also, do NOT manually add the superuser account and password to the
<html:code xmlns:html="http://www.w3.org/1999/xhtml">grub.cfg</html:code> file as the grub2-mkconfig command overwrites this file.</warning>
          <reference href="https://www.cisecurity.org/controls/">1</reference>
          <reference href="https://www.cisecurity.org/controls/">11</reference>
          <reference href="https://www.cisecurity.org/controls/">12</reference>
          <reference href="https://www.cisecurity.org/controls/">14</reference>
          <reference href="https://www.cisecurity.org/controls/">15</reference>
          <reference href="https://www.cisecurity.org/controls/">16</reference>
          <reference href="https://www.cisecurity.org/controls/">18</reference>
          <reference href="https://www.cisecurity.org/controls/">3</reference>
          <reference href="https://www.cisecurity.org/controls/">5</reference>
          <reference href="https://www.isaca.org/resources/cobit">DSS05.02</reference>
          <reference href="https://www.isaca.org/resources/cobit">DSS05.04</reference>
          <reference href="https://www.isaca.org/resources/cobit">DSS05.05</reference>
          <reference href="https://www.isaca.org/resources/cobit">DSS05.07</reference>
          <reference href="https://www.isaca.org/resources/cobit">DSS05.10</reference>
          <reference href="https://www.isaca.org/resources/cobit">DSS06.03</reference>
          <reference href="https://www.isaca.org/resources/cobit">DSS06.06</reference>
          <reference href="https://www.isaca.org/resources/cobit">DSS06.10</reference>
          <reference href="http://nvlpubs.nist.gov/nistpubs/SpecialPublications/NIST.SP.800-171.pdf">3.4.5</reference>
          <reference href="https://www.gpo.gov/fdsys/pkg/CFR-2007-title45-vol1/pdf/CFR-2007-title45-vol1-chapA-subchapC.pdf">164.308(a)(1)(ii)(B)</reference>
          <reference href="https://www.gpo.gov/fdsys/pkg/CFR-2007-title45-vol1/pdf/CFR-2007-title45-vol1-chapA-subchapC.pdf">164.308(a)(7)(i)</reference>
          <reference href="https://www.gpo.gov/fdsys/pkg/CFR-2007-title45-vol1/pdf/CFR-2007-title45-vol1-chapA-subchapC.pdf">164.308(a)(7)(ii)(A)</reference>
          <reference href="https://www.gpo.gov/fdsys/pkg/CFR-2007-title45-vol1/pdf/CFR-2007-title45-vol1-chapA-subchapC.pdf">164.310(a)(1)</reference>
          <reference href="https://www.gpo.gov/fdsys/pkg/CFR-2007-title45-vol1/pdf/CFR-2007-title45-vol1-chapA-subchapC.pdf">164.310(a)(2)(i)</reference>
          <reference href="https://www.gpo.gov/fdsys/pkg/CFR-2007-title45-vol1/pdf/CFR-2007-title45-vol1-chapA-subchapC.pdf">164.310(a)(2)(ii)</reference>
          <reference href="https://www.gpo.gov/fdsys/pkg/CFR-2007-title45-vol1/pdf/CFR-2007-title45-vol1-chapA-subchapC.pdf">164.310(a)(2)(iii)</reference>
          <reference href="https://www.gpo.gov/fdsys/pkg/CFR-2007-title45-vol1/pdf/CFR-2007-title45-vol1-chapA-subchapC.pdf">164.310(b)</reference>
          <reference href="https://www.gpo.gov/fdsys/pkg/CFR-2007-title45-vol1/pdf/CFR-2007-title45-vol1-chapA-subchapC.pdf">164.310(c)</reference>
          <reference href="https://www.gpo.gov/fdsys/pkg/CFR-2007-title45-vol1/pdf/CFR-2007-title45-vol1-chapA-subchapC.pdf">164.310(d)(1)</reference>
          <reference href="https://www.gpo.gov/fdsys/pkg/CFR-2007-title45-vol1/pdf/CFR-2007-title45-vol1-chapA-subchapC.pdf">164.310(d)(2)(iii)</reference>
          <reference href="https://www.isa.org/products/isa-62443-2-1-2009-security-for-industrial-automat">4.3.3.2.2</reference>
          <reference href="https://www.isa.org/products/isa-62443-2-1-2009-security-for-industrial-automat">4.3.3.5.1</reference>
          <reference href="https://www.isa.org/products/isa-62443-2-1-2009-security-for-industrial-automat">4.3.3.5.2</reference>
          <reference href="https://www.isa.org/products/isa-62443-2-1-2009-security-for-industrial-automat">4.3.3.5.3</reference>
          <reference href="https://www.isa.org/products/isa-62443-2-1-2009-security-for-industrial-automat">4.3.3.5.4</reference>
          <reference href="https://www.isa.org/products/isa-62443-2-1-2009-security-for-industrial-automat">4.3.3.5.5</reference>
          <reference href="https://www.isa.org/products/isa-62443-2-1-2009-security-for-industrial-automat">4.3.3.5.6</reference>
          <reference href="https://www.isa.org/products/isa-62443-2-1-2009-security-for-industrial-automat">4.3.3.5.7</reference>
          <reference href="https://www.isa.org/products/isa-62443-2-1-2009-security-for-industrial-automat">4.3.3.5.8</reference>
          <reference href="https://www.isa.org/products/isa-62443-2-1-2009-security-for-industrial-automat">4.3.3.6.1</reference>
          <reference href="https://www.isa.org/products/isa-62443-2-1-2009-security-for-industrial-automat">4.3.3.6.2</reference>
          <reference href="https://www.isa.org/products/isa-62443-2-1-2009-security-for-industrial-automat">4.3.3.6.3</reference>
          <reference href="https://www.isa.org/products/isa-62443-2-1-2009-security-for-industrial-automat">4.3.3.6.4</reference>
          <reference href="https://www.isa.org/products/isa-62443-2-1-2009-security-for-industrial-automat">4.3.3.6.5</reference>
          <reference href="https://www.isa.org/products/isa-62443-2-1-2009-security-for-industrial-automat">4.3.3.6.6</reference>
          <reference href="https://www.isa.org/products/isa-62443-2-1-2009-security-for-industrial-automat">4.3.3.6.7</reference>
          <reference href="https://www.isa.org/products/isa-62443-2-1-2009-security-for-industrial-automat">4.3.3.6.8</reference>
          <reference href="https://www.isa.org/products/isa-62443-2-1-2009-security-for-industrial-automat">4.3.3.6.9</reference>
          <reference href="https://www.isa.org/products/isa-62443-2-1-2009-security-for-industrial-automat">4.3.3.7.1</reference>
          <reference href="https://www.isa.org/products/isa-62443-2-1-2009-security-for-industrial-automat">4.3.3.7.2</reference>
          <reference href="https://www.isa.org/products/isa-62443-2-1-2009-security-for-industrial-automat">4.3.3.7.3</reference>
          <reference href="https://www.isa.org/products/isa-62443-2-1-2009-security-for-industrial-automat">4.3.3.7.4</reference>
          <reference href="https://www.isa.org/products/ansi-isa-62443-3-3-99-03-03-2013-security-for-indu">SR 1.1</reference>
          <reference href="https://www.isa.org/products/ansi-isa-62443-3-3-99-03-03-2013-security-for-indu">SR 1.10</reference>
          <reference href="https://www.isa.org/products/ansi-isa-62443-3-3-99-03-03-2013-security-for-indu">SR 1.11</reference>
          <reference href="https://www.isa.org/products/ansi-isa-62443-3-3-99-03-03-2013-security-for-indu">SR 1.12</reference>
          <reference href="https://www.isa.org/products/ansi-isa-62443-3-3-99-03-03-2013-security-for-indu">SR 1.13</reference>
          <reference href="https://www.isa.org/products/ansi-isa-62443-3-3-99-03-03-2013-security-for-indu">SR 1.2</reference>
          <reference href="https://www.isa.org/products/ansi-isa-62443-3-3-99-03-03-2013-security-for-indu">SR 1.3</reference>
          <reference href="https://www.isa.org/products/ansi-isa-62443-3-3-99-03-03-2013-security-for-indu">SR 1.4</reference>
          <reference href="https://www.isa.org/products/ansi-isa-62443-3-3-99-03-03-2013-security-for-indu">SR 1.5</reference>
          <reference href="https://www.isa.org/products/ansi-isa-62443-3-3-99-03-03-2013-security-for-indu">SR 1.6</reference>
          <reference href="https://www.isa.org/products/ansi-isa-62443-3-3-99-03-03-2013-security-for-indu">SR 1.7</reference>
          <reference href="https://www.isa.org/products/ansi-isa-62443-3-3-99-03-03-2013-security-for-indu">SR 1.8</reference>
          <reference href="https://www.isa.org/products/ansi-isa-62443-3-3-99-03-03-2013-security-for-indu">SR 1.9</reference>
          <reference href="https://www.isa.org/products/ansi-isa-62443-3-3-99-03-03-2013-security-for-indu">SR 2.1</reference>
          <reference href="https://www.isa.org/products/ansi-isa-62443-3-3-99-03-03-2013-security-for-indu">SR 2.2</reference>
          <reference href="https://www.isa.org/products/ansi-isa-62443-3-3-99-03-03-2013-security-for-indu">SR 2.3</reference>
          <reference href="https://www.isa.org/products/ansi-isa-62443-3-3-99-03-03-2013-security-for-indu">SR 2.4</reference>
          <reference href="https://www.isa.org/products/ansi-isa-62443-3-3-99-03-03-2013-security-for-indu">SR 2.5</reference>
          <reference href="https://www.isa.org/products/ansi-isa-62443-3-3-99-03-03-2013-security-for-indu">SR 2.6</reference>
          <reference href="https://www.isa.org/products/ansi-isa-62443-3-3-99-03-03-2013-security-for-indu">SR 2.7</reference>
          <reference href="https://www.iso.org/contents/data/standard/05/45/54534.html">A.18.1.4</reference>
          <reference href="https://www.iso.org/contents/data/standard/05/45/54534.html">A.6.1.2</reference>
          <reference href="https://www.iso.org/contents/data/standard/05/45/54534.html">A.7.1.1</reference>
          <reference href="https://www.iso.org/contents/data/standard/05/45/54534.html">A.9.1.2</reference>
          <reference href="https://www.iso.org/contents/data/standard/05/45/54534.html">A.9.2.1</reference>
          <reference href="https://www.iso.org/contents/data/standard/05/45/54534.html">A.9.2.2</reference>
          <reference href="https://www.iso.org/contents/data/standard/05/45/54534.html">A.9.2.3</reference>
          <reference href="https://www.iso.org/contents/data/standard/05/45/54534.html">A.9.2.4</reference>
          <reference href="https://www.iso.org/contents/data/standard/05/45/54534.html">A.9.2.6</reference>
          <reference href="https://www.iso.org/contents/data/standard/05/45/54534.html">A.9.3.1</reference>
          <reference href="https://www.iso.org/contents/data/standard/05/45/54534.html">A.9.4.1</reference>
          <reference href="https://www.iso.org/contents/data/standard/05/45/54534.html">A.9.4.2</reference>
          <reference href="https://www.iso.org/contents/data/standard/05/45/54534.html">A.9.4.3</reference>
          <reference href="https://www.iso.org/contents/data/standard/05/45/54534.html">A.9.4.4</reference>
          <reference href="https://www.iso.org/contents/data/standard/05/45/54534.html">A.9.4.5</reference>
          <reference href="http://nvlpubs.nist.gov/nistpubs/SpecialPublications/NIST.SP.800-53r4.pdf">CM-6(a)</reference>
          <reference href="https://nvlpubs.nist.gov/nistpubs/CSWP/NIST.CSWP.04162018.pdf">PR.AC-1</reference>
          <reference href="https://nvlpubs.nist.gov/nistpubs/CSWP/NIST.CSWP.04162018.pdf">PR.AC-4</reference>
          <reference href="https://nvlpubs.nist.gov/nistpubs/CSWP/NIST.CSWP.04162018.pdf">PR.AC-6</reference>
          <reference href="https://nvlpubs.nist.gov/nistpubs/CSWP/NIST.CSWP.04162018.pdf">PR.AC-7</reference>
          <reference href="https://nvlpubs.nist.gov/nistpubs/CSWP/NIST.CSWP.04162018.pdf">PR.PT-3</reference>
          <reference href="https://www.niap-ccevs.org/Profile/PP.cfm">FIA_UAU.1</reference>
          <reference href="https://www.cyber.mil/stigs/downloads/?_dl_facet_stigs=operating-systems%2Cgeneral-purpose-os">SRG-OS-000080-GPOS-00048</reference>
          <reference href="https://www.cyber.mil/stigs/downloads/?_dl_facet_stigs=operating-systems%2Cunix-linux">SLES-15-010190</reference>
          <reference href="https://www.cisecurity.org/benchmark/suse_linux/">1.5.1</reference>
          <reference href="https://cyber.gouv.fr/sites/default/files/document/linux_configuration-en-v2.pdf">R5</reference>
          <reference href="not_publicly_available">SLES-15-150600015</reference>
          <reference href="https://www.cyber.mil/stigs/srg-stig-tools/">SV-234819r958472_rule</reference>
          <rationale xmlns:xhtml="http://www.w3.org/1999/xhtml" xml:lang="en-US">Password protection on the boot loader configuration ensures
users with physical access cannot trivially alter
important bootloader settings. These include which kernel to use,
and whether to enter single-user mode.</rationale>
          <platform idref="#not_container"/>
          <ident system="https://ncp.nist.gov/cce">CCE-83274-1</ident>
          <check system="http://oval.mitre.org/XMLSchema/oval-definitions-5">
            <check-content-ref name="oval:ssg-grub2_password:def:1" href="ssg-sle15-oval.xml"/>
          </check>
          <check system="http://scap.nist.gov/schema/ocil/2">
            <check-content-ref name="ocil:ssg-grub2_password_ocil:questionnaire:1" href="ssg-sle15-ocil.xml"/>
          </check>
        </Rule>
      </Group>
      <Group id="xccdf_org.ssgproject.content_group_uefi">
        <title xmlns:xhtml="http://www.w3.org/1999/xhtml" xml:lang="en-US">UEFI GRUB2 bootloader configuration</title>
        <description xmlns:xhtml="http://www.w3.org/1999/xhtml" xml:lang="en-US">UEFI GRUB2 bootloader configuration</description>
        <warning xmlns:xhtml="http://www.w3.org/1999/xhtml" xml:lang="en-US" category="functionality">UEFI generally uses vfat file systems, which does not support Unix-style permissions
managed by chmod command. In this case, in order to change file permissions for files
within /boot/efi it is necessary to update the mount options in /etc/fstab file and
reboot the system.</warning>
        <Rule id="xccdf_org.ssgproject.content_rule_file_groupowner_efi_grub2_cfg" selected="false" role="full" severity="medium">
          <title xmlns:xhtml="http://www.w3.org/1999/xhtml" xml:lang="en-US">Verify the UEFI Boot Loader grub.cfg Group Ownership</title>
          <description xmlns:xhtml="http://www.w3.org/1999/xhtml" xml:lang="en-US">The file <html:code xmlns:html="http://www.w3.org/1999/xhtml">/boot/grub2/grub.cfg</html:code> should
be group-owned by the <html:code xmlns:html="http://www.w3.org/1999/xhtml">root</html:code> group to prevent
destruction or modification of the file.

To properly set the group owner of <html:code xmlns:html="http://www.w3.org/1999/xhtml">/boot/grub2/grub.cfg</html:code>, run the command:

  <html:pre xmlns:html="http://www.w3.org/1999/xhtml">$ sudo chgrp root /boot/grub2/grub.cfg</html:pre>
       </description>
          <reference href="https://www.cisecurity.org/controls/">12</reference>
          <reference href="https://www.cisecurity.org/controls/">13</reference>
          <reference href="https://www.cisecurity.org/controls/">14</reference>
          <reference href="https://www.cisecurity.org/controls/">15</reference>
          <reference href="https://www.cisecurity.org/controls/">16</reference>
          <reference href="https://www.cisecurity.org/controls/">18</reference>
          <reference href="https://www.cisecurity.org/controls/">3</reference>
          <reference href="https://www.cisecurity.org/controls/">5</reference>
          <reference href="https://www.fbi.gov/file-repository/cjis-security-policy-v5_5_20160601-2-1.pdf">5.5.2.2</reference>
          <reference href="https://www.isaca.org/resources/cobit">APO01.06</reference>
          <reference href="https://www.isaca.org/resources/cobit">DSS05.04</reference>
          <reference href="https://www.isaca.org/resources/cobit">DSS05.07</reference>
          <reference href="https://www.isaca.org/resources/cobit">DSS06.02</reference>
          <reference href="http://nvlpubs.nist.gov/nistpubs/SpecialPublications/NIST.SP.800-171.pdf">3.4.5</reference>
          <reference href="https://www.isa.org/products/isa-62443-2-1-2009-security-for-industrial-automat">4.3.3.7.3</reference>
          <reference href="https://www.isa.org/products/ansi-isa-62443-3-3-99-03-03-2013-security-for-indu">SR 2.1</reference>
          <reference href="https://www.isa.org/products/ansi-isa-62443-3-3-99-03-03-2013-security-for-indu">SR 5.2</reference>
          <reference href="https://www.iso.org/contents/data/standard/05/45/54534.html">A.10.1.1</reference>
          <reference href="https://www.iso.org/contents/data/standard/05/45/54534.html">A.11.1.4</reference>
          <reference href="https://www.iso.org/contents/data/standard/05/45/54534.html">A.11.1.5</reference>
          <reference href="https://www.iso.org/contents/data/standard/05/45/54534.html">A.11.2.1</reference>
          <reference href="https://www.iso.org/contents/data/standard/05/45/54534.html">A.13.1.1</reference>
          <reference href="https://www.iso.org/contents/data/standard/05/45/54534.html">A.13.1.3</reference>
          <reference href="https://www.iso.org/contents/data/standard/05/45/54534.html">A.13.2.1</reference>
          <reference href="https://www.iso.org/contents/data/standard/05/45/54534.html">A.13.2.3</reference>
          <reference href="https://www.iso.org/contents/data/standard/05/45/54534.html">A.13.2.4</reference>
          <reference href="https://www.iso.org/contents/data/standard/05/45/54534.html">A.14.1.2</reference>
          <reference href="https://www.iso.org/contents/data/standard/05/45/54534.html">A.14.1.3</reference>
          <reference href="https://www.iso.org/contents/data/standard/05/45/54534.html">A.6.1.2</reference>
          <reference href="https://www.iso.org/contents/data/standard/05/45/54534.html">A.7.1.1</reference>
          <reference href="https://www.iso.org/contents/data/standard/05/45/54534.html">A.7.1.2</reference>
          <reference href="https://www.iso.org/contents/data/standard/05/45/54534.html">A.7.3.1</reference>
          <reference href="https://www.iso.org/contents/data/standard/05/45/54534.html">A.8.2.2</reference>
          <reference href="https://www.iso.org/contents/data/standard/05/45/54534.html">A.8.2.3</reference>
          <reference href="https://www.iso.org/contents/data/standard/05/45/54534.html">A.9.1.1</reference>
          <reference href="https://www.iso.org/contents/data/standard/05/45/54534.html">A.9.1.2</reference>
          <reference href="https://www.iso.org/contents/data/standard/05/45/54534.html">A.9.2.3</reference>
          <reference href="https://www.iso.org/contents/data/standard/05/45/54534.html">A.9.4.1</reference>
          <reference href="https://www.iso.org/contents/data/standard/05/45/54534.html">A.9.4.4</reference>
          <reference href="https://www.iso.org/contents/data/standard/05/45/54534.html">A.9.4.5</reference>
          <reference href="http://nvlpubs.nist.gov/nistpubs/SpecialPublications/NIST.SP.800-53r4.pdf">CM-6(a)</reference>
          <reference href="http://nvlpubs.nist.gov/nistpubs/SpecialPublications/NIST.SP.800-53r4.pdf">AC-6(1)</reference>
          <reference href="https://nvlpubs.nist.gov/nistpubs/CSWP/NIST.CSWP.04162018.pdf">PR.AC-4</reference>
          <reference href="https://nvlpubs.nist.gov/nistpubs/CSWP/NIST.CSWP.04162018.pdf">PR.DS-5</reference>
          <reference href="https://www.pcisecuritystandards.org/documents/PCI_DSS_v3-2-1.pdf">Req-7.1</reference>
          <reference href="https://cyber.gouv.fr/sites/default/files/document/linux_configuration-en-v2.pdf">R29</reference>
          <rationale xmlns:xhtml="http://www.w3.org/1999/xhtml" xml:lang="en-US">The <html:code xmlns:html="http://www.w3.org/1999/xhtml">root</html:code> group is a highly-privileged group. Furthermore, the group-owner of this
file should not have any access privileges anyway.</rationale>
          <fix xmlns:xhtml="http://www.w3.org/1999/xhtml" id="file_groupowner_efi_grub2_cfg" system="urn:xccdf:fix:script:sh" complexity="low" disruption="low" strategy="configure"># Remediation is applicable only in certain platforms
if ( rpm --quiet -q grub2 &amp;&amp; rpm --quiet -q kernel-default || rpm --quiet -q kernel-default-base ); then

newgroup=""
if getent group "0" &gt;/dev/null 2&gt;&amp;1; then
  newgroup="0"
fi

if [[ -z "${newgroup}" ]]; then
  &gt;&amp;2 echo "0 is not a defined group on the system"
else
if ! stat -c "%g %G" "/boot/grub2/grub.cfg" | grep -E -w -q "0"; then
    chgrp --no-dereference "$newgroup" /boot/grub2/grub.cfg
fi

fi

else
    &gt;&amp;2 echo 'Remediation is not applicable, nothing was done'
fi
</fix>
          <fix xmlns:xhtml="http://www.w3.org/1999/xhtml" id="file_groupowner_efi_grub2_cfg" system="urn:xccdf:fix:script:ansible" complexity="low" disruption="low" strategy="configure">- name: Gather the package facts
  package_facts:
    manager: auto
  tags:
  - CJIS-5.5.2.2
  - NIST-800-171-3.4.5
  - NIST-800-53-AC-6(1)
  - NIST-800-53-CM-6(a)
  - PCI-DSS-Req-7.1
  - configure_strategy
  - file_groupowner_efi_grub2_cfg
  - low_complexity
  - low_disruption
  - medium_severity
  - no_reboot_needed

- name: Set the file_groupowner_efi_grub2_cfg_newgroup variable if represented by
    gid
  ansible.builtin.set_fact:
    file_groupowner_efi_grub2_cfg_newgroup: '0'
  when: ( "grub2" in ansible_facts.packages and ("kernel-default" in ansible_facts.packages
    or "kernel-default-base" in ansible_facts.packages) )
  tags:
  - CJIS-5.5.2.2
  - NIST-800-171-3.4.5
  - NIST-800-53-AC-6(1)
  - NIST-800-53-CM-6(a)
  - PCI-DSS-Req-7.1
  - configure_strategy
  - file_groupowner_efi_grub2_cfg
  - low_complexity
  - low_disruption
  - medium_severity
  - no_reboot_needed

- name: Test for existence /boot/grub2/grub.cfg
  ansible.builtin.stat:
    path: /boot/grub2/grub.cfg
  register: file_exists
  when: ( "grub2" in ansible_facts.packages and ("kernel-default" in ansible_facts.packages
    or "kernel-default-base" in ansible_facts.packages) )
  tags:
  - CJIS-5.5.2.2
  - NIST-800-171-3.4.5
  - NIST-800-53-AC-6(1)
  - NIST-800-53-CM-6(a)
  - PCI-DSS-Req-7.1
  - configure_strategy
  - file_groupowner_efi_grub2_cfg
  - low_complexity
  - low_disruption
  - medium_severity
  - no_reboot_needed

- name: Ensure group owner on /boot/grub2/grub.cfg
  ansible.builtin.file:
    path: /boot/grub2/grub.cfg
    follow: false
    group: '{{ file_groupowner_efi_grub2_cfg_newgroup }}'
  when:
  - ( "grub2" in ansible_facts.packages and ("kernel-default" in ansible_facts.packages
    or "kernel-default-base" in ansible_facts.packages) )
  - file_exists.stat is defined and file_exists.stat.exists
  tags:
  - CJIS-5.5.2.2
  - NIST-800-171-3.4.5
  - NIST-800-53-AC-6(1)
  - NIST-800-53-CM-6(a)
  - PCI-DSS-Req-7.1
  - configure_strategy
  - file_groupowner_efi_grub2_cfg
  - low_complexity
  - low_disruption
  - medium_severity
  - no_reboot_needed
</fix>
          <check system="http://oval.mitre.org/XMLSchema/oval-definitions-5">
            <check-content-ref name="oval:ssg-file_groupowner_efi_grub2_cfg:def:1" href="ssg-sle15-oval.xml"/>
          </check>
          <check system="http://scap.nist.gov/schema/ocil/2">
            <check-content-ref name="ocil:ssg-file_groupowner_efi_grub2_cfg_ocil:questionnaire:1" href="ssg-sle15-ocil.xml"/>
          </check>
        </Rule>
        <Rule id="xccdf_org.ssgproject.content_rule_file_groupowner_efi_user_cfg" selected="false" role="full" severity="medium">
          <title xmlns:xhtml="http://www.w3.org/1999/xhtml" xml:lang="en-US">Verify /boot/grub2/user.cfg Group Ownership</title>
          <description xmlns:xhtml="http://www.w3.org/1999/xhtml" xml:lang="en-US">The file <html:code xmlns:html="http://www.w3.org/1999/xhtml">/boot/grub2/user.cfg</html:code> should be group-owned by the
<html:code xmlns:html="http://www.w3.org/1999/xhtml">root</html:code> group to prevent reading or modification of the file.

To properly set the group owner of <html:code xmlns:html="http://www.w3.org/1999/xhtml">/boot/grub2/user.cfg</html:code>, run the command:

  <html:pre xmlns:html="http://www.w3.org/1999/xhtml">$ sudo chgrp root /boot/grub2/user.cfg</html:pre>
       </description>
          <reference href="https://www.cisecurity.org/controls/">12</reference>
          <reference href="https://www.cisecurity.org/controls/">13</reference>
          <reference href="https://www.cisecurity.org/controls/">14</reference>
          <reference href="https://www.cisecurity.org/controls/">15</reference>
          <reference href="https://www.cisecurity.org/controls/">16</reference>
          <reference href="https://www.cisecurity.org/controls/">18</reference>
          <reference href="https://www.cisecurity.org/controls/">3</reference>
          <reference href="https://www.cisecurity.org/controls/">5</reference>
          <reference href="https://www.fbi.gov/file-repository/cjis-security-policy-v5_5_20160601-2-1.pdf">5.5.2.2</reference>
          <reference href="https://www.isaca.org/resources/cobit">APO01.06</reference>
          <reference href="https://www.isaca.org/resources/cobit">DSS05.04</reference>
          <reference href="https://www.isaca.org/resources/cobit">DSS05.07</reference>
          <reference href="https://www.isaca.org/resources/cobit">DSS06.02</reference>
          <reference href="http://nvlpubs.nist.gov/nistpubs/SpecialPublications/NIST.SP.800-171.pdf">3.4.5</reference>
          <reference href="https://www.isa.org/products/isa-62443-2-1-2009-security-for-industrial-automat">4.3.3.7.3</reference>
          <reference href="https://www.isa.org/products/ansi-isa-62443-3-3-99-03-03-2013-security-for-indu">SR 2.1</reference>
          <reference href="https://www.isa.org/products/ansi-isa-62443-3-3-99-03-03-2013-security-for-indu">SR 5.2</reference>
          <reference href="https://www.iso.org/contents/data/standard/05/45/54534.html">A.10.1.1</reference>
          <reference href="https://www.iso.org/contents/data/standard/05/45/54534.html">A.11.1.4</reference>
          <reference href="https://www.iso.org/contents/data/standard/05/45/54534.html">A.11.1.5</reference>
          <reference href="https://www.iso.org/contents/data/standard/05/45/54534.html">A.11.2.1</reference>
          <reference href="https://www.iso.org/contents/data/standard/05/45/54534.html">A.13.1.1</reference>
          <reference href="https://www.iso.org/contents/data/standard/05/45/54534.html">A.13.1.3</reference>
          <reference href="https://www.iso.org/contents/data/standard/05/45/54534.html">A.13.2.1</reference>
          <reference href="https://www.iso.org/contents/data/standard/05/45/54534.html">A.13.2.3</reference>
          <reference href="https://www.iso.org/contents/data/standard/05/45/54534.html">A.13.2.4</reference>
          <reference href="https://www.iso.org/contents/data/standard/05/45/54534.html">A.14.1.2</reference>
          <reference href="https://www.iso.org/contents/data/standard/05/45/54534.html">A.14.1.3</reference>
          <reference href="https://www.iso.org/contents/data/standard/05/45/54534.html">A.6.1.2</reference>
          <reference href="https://www.iso.org/contents/data/standard/05/45/54534.html">A.7.1.1</reference>
          <reference href="https://www.iso.org/contents/data/standard/05/45/54534.html">A.7.1.2</reference>
          <reference href="https://www.iso.org/contents/data/standard/05/45/54534.html">A.7.3.1</reference>
          <reference href="https://www.iso.org/contents/data/standard/05/45/54534.html">A.8.2.2</reference>
          <reference href="https://www.iso.org/contents/data/standard/05/45/54534.html">A.8.2.3</reference>
          <reference href="https://www.iso.org/contents/data/standard/05/45/54534.html">A.9.1.1</reference>
          <reference href="https://www.iso.org/contents/data/standard/05/45/54534.html">A.9.1.2</reference>
          <reference href="https://www.iso.org/contents/data/standard/05/45/54534.html">A.9.2.3</reference>
          <reference href="https://www.iso.org/contents/data/standard/05/45/54534.html">A.9.4.1</reference>
          <reference href="https://www.iso.org/contents/data/standard/05/45/54534.html">A.9.4.4</reference>
          <reference href="https://www.iso.org/contents/data/standard/05/45/54534.html">A.9.4.5</reference>
          <reference href="http://nvlpubs.nist.gov/nistpubs/SpecialPublications/NIST.SP.800-53r4.pdf">CM-6(a)</reference>
          <reference href="http://nvlpubs.nist.gov/nistpubs/SpecialPublications/NIST.SP.800-53r4.pdf">AC-6(1)</reference>
          <reference href="https://nvlpubs.nist.gov/nistpubs/CSWP/NIST.CSWP.04162018.pdf">PR.AC-4</reference>
          <reference href="https://nvlpubs.nist.gov/nistpubs/CSWP/NIST.CSWP.04162018.pdf">PR.DS-5</reference>
          <reference href="https://www.pcisecuritystandards.org/documents/PCI_DSS_v3-2-1.pdf">Req-7.1</reference>
          <reference href="https://cyber.gouv.fr/sites/default/files/document/linux_configuration-en-v2.pdf">R29</reference>
          <rationale xmlns:xhtml="http://www.w3.org/1999/xhtml" xml:lang="en-US">The <html:code xmlns:html="http://www.w3.org/1999/xhtml">root</html:code> group is a highly-privileged group. Furthermore, the group-owner of this
file should not have any access privileges anyway. Non-root users who read the boot parameters
may be able to identify weaknesses in security upon boot and be able to exploit them.</rationale>
          <fix xmlns:xhtml="http://www.w3.org/1999/xhtml" id="file_groupowner_efi_user_cfg" system="urn:xccdf:fix:script:sh" complexity="low" disruption="low" strategy="configure"># Remediation is applicable only in certain platforms
if ( rpm --quiet -q grub2 &amp;&amp; rpm --quiet -q kernel-default || rpm --quiet -q kernel-default-base ); then

newgroup=""
if getent group "0" &gt;/dev/null 2&gt;&amp;1; then
  newgroup="0"
fi

if [[ -z "${newgroup}" ]]; then
  &gt;&amp;2 echo "0 is not a defined group on the system"
else
if ! stat -c "%g %G" "/boot/grub2/user.cfg" | grep -E -w -q "0"; then
    chgrp --no-dereference "$newgroup" /boot/grub2/user.cfg
fi

fi

else
    &gt;&amp;2 echo 'Remediation is not applicable, nothing was done'
fi
</fix>
          <fix xmlns:xhtml="http://www.w3.org/1999/xhtml" id="file_groupowner_efi_user_cfg" system="urn:xccdf:fix:script:ansible" complexity="low" disruption="low" strategy="configure">- name: Gather the package facts
  package_facts:
    manager: auto
  tags:
  - CJIS-5.5.2.2
  - NIST-800-171-3.4.5
  - NIST-800-53-AC-6(1)
  - NIST-800-53-CM-6(a)
  - PCI-DSS-Req-7.1
  - configure_strategy
  - file_groupowner_efi_user_cfg
  - low_complexity
  - low_disruption
  - medium_severity
  - no_reboot_needed

- name: Set the file_groupowner_efi_user_cfg_newgroup variable if represented by gid
  ansible.builtin.set_fact:
    file_groupowner_efi_user_cfg_newgroup: '0'
  when: ( "grub2" in ansible_facts.packages and ("kernel-default" in ansible_facts.packages
    or "kernel-default-base" in ansible_facts.packages) )
  tags:
  - CJIS-5.5.2.2
  - NIST-800-171-3.4.5
  - NIST-800-53-AC-6(1)
  - NIST-800-53-CM-6(a)
  - PCI-DSS-Req-7.1
  - configure_strategy
  - file_groupowner_efi_user_cfg
  - low_complexity
  - low_disruption
  - medium_severity
  - no_reboot_needed

- name: Test for existence /boot/grub2/user.cfg
  ansible.builtin.stat:
    path: /boot/grub2/user.cfg
  register: file_exists
  when: ( "grub2" in ansible_facts.packages and ("kernel-default" in ansible_facts.packages
    or "kernel-default-base" in ansible_facts.packages) )
  tags:
  - CJIS-5.5.2.2
  - NIST-800-171-3.4.5
  - NIST-800-53-AC-6(1)
  - NIST-800-53-CM-6(a)
  - PCI-DSS-Req-7.1
  - configure_strategy
  - file_groupowner_efi_user_cfg
  - low_complexity
  - low_disruption
  - medium_severity
  - no_reboot_needed

- name: Ensure group owner on /boot/grub2/user.cfg
  ansible.builtin.file:
    path: /boot/grub2/user.cfg
    follow: false
    group: '{{ file_groupowner_efi_user_cfg_newgroup }}'
  when:
  - ( "grub2" in ansible_facts.packages and ("kernel-default" in ansible_facts.packages
    or "kernel-default-base" in ansible_facts.packages) )
  - file_exists.stat is defined and file_exists.stat.exists
  tags:
  - CJIS-5.5.2.2
  - NIST-800-171-3.4.5
  - NIST-800-53-AC-6(1)
  - NIST-800-53-CM-6(a)
  - PCI-DSS-Req-7.1
  - configure_strategy
  - file_groupowner_efi_user_cfg
  - low_complexity
  - low_disruption
  - medium_severity
  - no_reboot_needed
</fix>
          <check system="http://oval.mitre.org/XMLSchema/oval-definitions-5">
            <check-content-ref name="oval:ssg-file_groupowner_efi_user_cfg:def:1" href="ssg-sle15-oval.xml"/>
          </check>
          <check system="http://scap.nist.gov/schema/ocil/2">
            <check-content-ref name="ocil:ssg-file_groupowner_efi_user_cfg_ocil:questionnaire:1" href="ssg-sle15-ocil.xml"/>
          </check>
        </Rule>
        <Rule id="xccdf_org.ssgproject.content_rule_file_owner_efi_grub2_cfg" selected="false" role="full" severity="medium">
          <title xmlns:xhtml="http://www.w3.org/1999/xhtml" xml:lang="en-US">Verify the UEFI Boot Loader grub.cfg User Ownership</title>
          <description xmlns:xhtml="http://www.w3.org/1999/xhtml" xml:lang="en-US">The file <html:code xmlns:html="http://www.w3.org/1999/xhtml">/boot/grub2/grub.cfg</html:code> should
be owned by the <html:code xmlns:html="http://www.w3.org/1999/xhtml">root</html:code> user to prevent destruction
or modification of the file.

To properly set the owner of <html:code xmlns:html="http://www.w3.org/1999/xhtml">/boot/grub2/grub.cfg</html:code>, run the command:

  <html:pre xmlns:html="http://www.w3.org/1999/xhtml">$ sudo chown root /boot/grub2/grub.cfg </html:pre>
       </description>
          <reference href="https://www.cisecurity.org/controls/">12</reference>
          <reference href="https://www.cisecurity.org/controls/">13</reference>
          <reference href="https://www.cisecurity.org/controls/">14</reference>
          <reference href="https://www.cisecurity.org/controls/">15</reference>
          <reference href="https://www.cisecurity.org/controls/">16</reference>
          <reference href="https://www.cisecurity.org/controls/">18</reference>
          <reference href="https://www.cisecurity.org/controls/">3</reference>
          <reference href="https://www.cisecurity.org/controls/">5</reference>
          <reference href="https://www.fbi.gov/file-repository/cjis-security-policy-v5_5_20160601-2-1.pdf">5.5.2.2</reference>
          <reference href="https://www.isaca.org/resources/cobit">APO01.06</reference>
          <reference href="https://www.isaca.org/resources/cobit">DSS05.04</reference>
          <reference href="https://www.isaca.org/resources/cobit">DSS05.07</reference>
          <reference href="https://www.isaca.org/resources/cobit">DSS06.02</reference>
          <reference href="http://nvlpubs.nist.gov/nistpubs/SpecialPublications/NIST.SP.800-171.pdf">3.4.5</reference>
          <reference href="https://www.isa.org/products/isa-62443-2-1-2009-security-for-industrial-automat">4.3.3.7.3</reference>
          <reference href="https://www.isa.org/products/ansi-isa-62443-3-3-99-03-03-2013-security-for-indu">SR 2.1</reference>
          <reference href="https://www.isa.org/products/ansi-isa-62443-3-3-99-03-03-2013-security-for-indu">SR 5.2</reference>
          <reference href="https://www.iso.org/contents/data/standard/05/45/54534.html">A.10.1.1</reference>
          <reference href="https://www.iso.org/contents/data/standard/05/45/54534.html">A.11.1.4</reference>
          <reference href="https://www.iso.org/contents/data/standard/05/45/54534.html">A.11.1.5</reference>
          <reference href="https://www.iso.org/contents/data/standard/05/45/54534.html">A.11.2.1</reference>
          <reference href="https://www.iso.org/contents/data/standard/05/45/54534.html">A.13.1.1</reference>
          <reference href="https://www.iso.org/contents/data/standard/05/45/54534.html">A.13.1.3</reference>
          <reference href="https://www.iso.org/contents/data/standard/05/45/54534.html">A.13.2.1</reference>
          <reference href="https://www.iso.org/contents/data/standard/05/45/54534.html">A.13.2.3</reference>
          <reference href="https://www.iso.org/contents/data/standard/05/45/54534.html">A.13.2.4</reference>
          <reference href="https://www.iso.org/contents/data/standard/05/45/54534.html">A.14.1.2</reference>
          <reference href="https://www.iso.org/contents/data/standard/05/45/54534.html">A.14.1.3</reference>
          <reference href="https://www.iso.org/contents/data/standard/05/45/54534.html">A.6.1.2</reference>
          <reference href="https://www.iso.org/contents/data/standard/05/45/54534.html">A.7.1.1</reference>
          <reference href="https://www.iso.org/contents/data/standard/05/45/54534.html">A.7.1.2</reference>
          <reference href="https://www.iso.org/contents/data/standard/05/45/54534.html">A.7.3.1</reference>
          <reference href="https://www.iso.org/contents/data/standard/05/45/54534.html">A.8.2.2</reference>
          <reference href="https://www.iso.org/contents/data/standard/05/45/54534.html">A.8.2.3</reference>
          <reference href="https://www.iso.org/contents/data/standard/05/45/54534.html">A.9.1.1</reference>
          <reference href="https://www.iso.org/contents/data/standard/05/45/54534.html">A.9.1.2</reference>
          <reference href="https://www.iso.org/contents/data/standard/05/45/54534.html">A.9.2.3</reference>
          <reference href="https://www.iso.org/contents/data/standard/05/45/54534.html">A.9.4.1</reference>
          <reference href="https://www.iso.org/contents/data/standard/05/45/54534.html">A.9.4.4</reference>
          <reference href="https://www.iso.org/contents/data/standard/05/45/54534.html">A.9.4.5</reference>
          <reference href="http://nvlpubs.nist.gov/nistpubs/SpecialPublications/NIST.SP.800-53r4.pdf">CM-6(a)</reference>
          <reference href="http://nvlpubs.nist.gov/nistpubs/SpecialPublications/NIST.SP.800-53r4.pdf">AC-6(1)</reference>
          <reference href="https://nvlpubs.nist.gov/nistpubs/CSWP/NIST.CSWP.04162018.pdf">PR.AC-4</reference>
          <reference href="https://nvlpubs.nist.gov/nistpubs/CSWP/NIST.CSWP.04162018.pdf">PR.DS-5</reference>
          <reference href="https://www.pcisecuritystandards.org/documents/PCI_DSS_v3-2-1.pdf">Req-7.1</reference>
          <reference href="https://cyber.gouv.fr/sites/default/files/document/linux_configuration-en-v2.pdf">R29</reference>
          <rationale xmlns:xhtml="http://www.w3.org/1999/xhtml" xml:lang="en-US">Only root should be able to modify important boot parameters.</rationale>
          <fix xmlns:xhtml="http://www.w3.org/1999/xhtml" id="file_owner_efi_grub2_cfg" system="urn:xccdf:fix:script:sh" complexity="low" disruption="low" strategy="configure"># Remediation is applicable only in certain platforms
if ( rpm --quiet -q grub2 &amp;&amp; rpm --quiet -q kernel-default || rpm --quiet -q kernel-default-base ); then

newown=""
if id "0" &gt;/dev/null 2&gt;&amp;1; then
  newown="0"
fi

if [[ -z "$newown" ]]; then
  &gt;&amp;2 echo "0 is not a defined user on the system"
else
if ! stat -c "%u %U" "/boot/grub2/grub.cfg" | grep -E -w -q "0"; then
    chown --no-dereference "$newown" /boot/grub2/grub.cfg
fi

fi

else
    &gt;&amp;2 echo 'Remediation is not applicable, nothing was done'
fi
</fix>
          <fix xmlns:xhtml="http://www.w3.org/1999/xhtml" id="file_owner_efi_grub2_cfg" system="urn:xccdf:fix:script:ansible" complexity="low" disruption="low" strategy="configure">- name: Gather the package facts
  package_facts:
    manager: auto
  tags:
  - CJIS-5.5.2.2
  - NIST-800-171-3.4.5
  - NIST-800-53-AC-6(1)
  - NIST-800-53-CM-6(a)
  - PCI-DSS-Req-7.1
  - configure_strategy
  - file_owner_efi_grub2_cfg
  - low_complexity
  - low_disruption
  - medium_severity
  - no_reboot_needed

- name: Set the file_owner_efi_grub2_cfg_newown variable if represented by uid
  ansible.builtin.set_fact:
    file_owner_efi_grub2_cfg_newown: '0'
  when: ( "grub2" in ansible_facts.packages and ("kernel-default" in ansible_facts.packages
    or "kernel-default-base" in ansible_facts.packages) )
  tags:
  - CJIS-5.5.2.2
  - NIST-800-171-3.4.5
  - NIST-800-53-AC-6(1)
  - NIST-800-53-CM-6(a)
  - PCI-DSS-Req-7.1
  - configure_strategy
  - file_owner_efi_grub2_cfg
  - low_complexity
  - low_disruption
  - medium_severity
  - no_reboot_needed

- name: Test for existence /boot/grub2/grub.cfg
  ansible.builtin.stat:
    path: /boot/grub2/grub.cfg
  register: file_exists
  when: ( "grub2" in ansible_facts.packages and ("kernel-default" in ansible_facts.packages
    or "kernel-default-base" in ansible_facts.packages) )
  tags:
  - CJIS-5.5.2.2
  - NIST-800-171-3.4.5
  - NIST-800-53-AC-6(1)
  - NIST-800-53-CM-6(a)
  - PCI-DSS-Req-7.1
  - configure_strategy
  - file_owner_efi_grub2_cfg
  - low_complexity
  - low_disruption
  - medium_severity
  - no_reboot_needed

- name: Ensure owner on /boot/grub2/grub.cfg
  ansible.builtin.file:
    path: /boot/grub2/grub.cfg
    follow: false
    owner: '{{ file_owner_efi_grub2_cfg_newown }}'
  when:
  - ( "grub2" in ansible_facts.packages and ("kernel-default" in ansible_facts.packages
    or "kernel-default-base" in ansible_facts.packages) )
  - file_exists.stat is defined and file_exists.stat.exists
  tags:
  - CJIS-5.5.2.2
  - NIST-800-171-3.4.5
  - NIST-800-53-AC-6(1)
  - NIST-800-53-CM-6(a)
  - PCI-DSS-Req-7.1
  - configure_strategy
  - file_owner_efi_grub2_cfg
  - low_complexity
  - low_disruption
  - medium_severity
  - no_reboot_needed
</fix>
          <check system="http://oval.mitre.org/XMLSchema/oval-definitions-5">
            <check-content-ref name="oval:ssg-file_owner_efi_grub2_cfg:def:1" href="ssg-sle15-oval.xml"/>
          </check>
          <check system="http://scap.nist.gov/schema/ocil/2">
            <check-content-ref name="ocil:ssg-file_owner_efi_grub2_cfg_ocil:questionnaire:1" href="ssg-sle15-ocil.xml"/>
          </check>
        </Rule>
        <Rule id="xccdf_org.ssgproject.content_rule_file_owner_efi_user_cfg" selected="false" role="full" severity="medium">
          <title xmlns:xhtml="http://www.w3.org/1999/xhtml" xml:lang="en-US">Verify /boot/grub2/user.cfg User Ownership</title>
          <description xmlns:xhtml="http://www.w3.org/1999/xhtml" xml:lang="en-US">The file <html:code xmlns:html="http://www.w3.org/1999/xhtml">/boot/grub2/user.cfg</html:code> should be owned by the <html:code xmlns:html="http://www.w3.org/1999/xhtml">root</html:code>
user to prevent reading or modification of the file.

To properly set the owner of <html:code xmlns:html="http://www.w3.org/1999/xhtml">/boot/grub2/user.cfg</html:code>, run the command:

  <html:pre xmlns:html="http://www.w3.org/1999/xhtml">$ sudo chown root /boot/grub2/user.cfg </html:pre>
       </description>
          <reference href="https://www.cisecurity.org/controls/">12</reference>
          <reference href="https://www.cisecurity.org/controls/">13</reference>
          <reference href="https://www.cisecurity.org/controls/">14</reference>
          <reference href="https://www.cisecurity.org/controls/">15</reference>
          <reference href="https://www.cisecurity.org/controls/">16</reference>
          <reference href="https://www.cisecurity.org/controls/">18</reference>
          <reference href="https://www.cisecurity.org/controls/">3</reference>
          <reference href="https://www.cisecurity.org/controls/">5</reference>
          <reference href="https://www.fbi.gov/file-repository/cjis-security-policy-v5_5_20160601-2-1.pdf">5.5.2.2</reference>
          <reference href="https://www.isaca.org/resources/cobit">APO01.06</reference>
          <reference href="https://www.isaca.org/resources/cobit">DSS05.04</reference>
          <reference href="https://www.isaca.org/resources/cobit">DSS05.07</reference>
          <reference href="https://www.isaca.org/resources/cobit">DSS06.02</reference>
          <reference href="http://nvlpubs.nist.gov/nistpubs/SpecialPublications/NIST.SP.800-171.pdf">3.4.5</reference>
          <reference href="https://www.isa.org/products/isa-62443-2-1-2009-security-for-industrial-automat">4.3.3.7.3</reference>
          <reference href="https://www.isa.org/products/ansi-isa-62443-3-3-99-03-03-2013-security-for-indu">SR 2.1</reference>
          <reference href="https://www.isa.org/products/ansi-isa-62443-3-3-99-03-03-2013-security-for-indu">SR 5.2</reference>
          <reference href="https://www.iso.org/contents/data/standard/05/45/54534.html">A.10.1.1</reference>
          <reference href="https://www.iso.org/contents/data/standard/05/45/54534.html">A.11.1.4</reference>
          <reference href="https://www.iso.org/contents/data/standard/05/45/54534.html">A.11.1.5</reference>
          <reference href="https://www.iso.org/contents/data/standard/05/45/54534.html">A.11.2.1</reference>
          <reference href="https://www.iso.org/contents/data/standard/05/45/54534.html">A.13.1.1</reference>
          <reference href="https://www.iso.org/contents/data/standard/05/45/54534.html">A.13.1.3</reference>
          <reference href="https://www.iso.org/contents/data/standard/05/45/54534.html">A.13.2.1</reference>
          <reference href="https://www.iso.org/contents/data/standard/05/45/54534.html">A.13.2.3</reference>
          <reference href="https://www.iso.org/contents/data/standard/05/45/54534.html">A.13.2.4</reference>
          <reference href="https://www.iso.org/contents/data/standard/05/45/54534.html">A.14.1.2</reference>
          <reference href="https://www.iso.org/contents/data/standard/05/45/54534.html">A.14.1.3</reference>
          <reference href="https://www.iso.org/contents/data/standard/05/45/54534.html">A.6.1.2</reference>
          <reference href="https://www.iso.org/contents/data/standard/05/45/54534.html">A.7.1.1</reference>
          <reference href="https://www.iso.org/contents/data/standard/05/45/54534.html">A.7.1.2</reference>
          <reference href="https://www.iso.org/contents/data/standard/05/45/54534.html">A.7.3.1</reference>
          <reference href="https://www.iso.org/contents/data/standard/05/45/54534.html">A.8.2.2</reference>
          <reference href="https://www.iso.org/contents/data/standard/05/45/54534.html">A.8.2.3</reference>
          <reference href="https://www.iso.org/contents/data/standard/05/45/54534.html">A.9.1.1</reference>
          <reference href="https://www.iso.org/contents/data/standard/05/45/54534.html">A.9.1.2</reference>
          <reference href="https://www.iso.org/contents/data/standard/05/45/54534.html">A.9.2.3</reference>
          <reference href="https://www.iso.org/contents/data/standard/05/45/54534.html">A.9.4.1</reference>
          <reference href="https://www.iso.org/contents/data/standard/05/45/54534.html">A.9.4.4</reference>
          <reference href="https://www.iso.org/contents/data/standard/05/45/54534.html">A.9.4.5</reference>
          <reference href="http://nvlpubs.nist.gov/nistpubs/SpecialPublications/NIST.SP.800-53r4.pdf">CM-6(a)</reference>
          <reference href="http://nvlpubs.nist.gov/nistpubs/SpecialPublications/NIST.SP.800-53r4.pdf">AC-6(1)</reference>
          <reference href="https://nvlpubs.nist.gov/nistpubs/CSWP/NIST.CSWP.04162018.pdf">PR.AC-4</reference>
          <reference href="https://nvlpubs.nist.gov/nistpubs/CSWP/NIST.CSWP.04162018.pdf">PR.DS-5</reference>
          <reference href="https://www.pcisecuritystandards.org/documents/PCI_DSS_v3-2-1.pdf">Req-7.1</reference>
          <reference href="https://cyber.gouv.fr/sites/default/files/document/linux_configuration-en-v2.pdf">R29</reference>
          <rationale xmlns:xhtml="http://www.w3.org/1999/xhtml" xml:lang="en-US">Only root should be able to modify important boot parameters. Also, non-root users who read
the boot parameters may be able to identify weaknesses in security upon boot and be able to
exploit them.</rationale>
          <fix xmlns:xhtml="http://www.w3.org/1999/xhtml" id="file_owner_efi_user_cfg" system="urn:xccdf:fix:script:sh" complexity="low" disruption="low" strategy="configure"># Remediation is applicable only in certain platforms
if ( rpm --quiet -q grub2 &amp;&amp; rpm --quiet -q kernel-default || rpm --quiet -q kernel-default-base ); then

newown=""
if id "0" &gt;/dev/null 2&gt;&amp;1; then
  newown="0"
fi

if [[ -z "$newown" ]]; then
  &gt;&amp;2 echo "0 is not a defined user on the system"
else
if ! stat -c "%u %U" "/boot/grub2/user.cfg" | grep -E -w -q "0"; then
    chown --no-dereference "$newown" /boot/grub2/user.cfg
fi

fi

else
    &gt;&amp;2 echo 'Remediation is not applicable, nothing was done'
fi
</fix>
          <fix xmlns:xhtml="http://www.w3.org/1999/xhtml" id="file_owner_efi_user_cfg" system="urn:xccdf:fix:script:ansible" complexity="low" disruption="low" strategy="configure">- name: Gather the package facts
  package_facts:
    manager: auto
  tags:
  - CJIS-5.5.2.2
  - NIST-800-171-3.4.5
  - NIST-800-53-AC-6(1)
  - NIST-800-53-CM-6(a)
  - PCI-DSS-Req-7.1
  - configure_strategy
  - file_owner_efi_user_cfg
  - low_complexity
  - low_disruption
  - medium_severity
  - no_reboot_needed

- name: Set the file_owner_efi_user_cfg_newown variable if represented by uid
  ansible.builtin.set_fact:
    file_owner_efi_user_cfg_newown: '0'
  when: ( "grub2" in ansible_facts.packages and ("kernel-default" in ansible_facts.packages
    or "kernel-default-base" in ansible_facts.packages) )
  tags:
  - CJIS-5.5.2.2
  - NIST-800-171-3.4.5
  - NIST-800-53-AC-6(1)
  - NIST-800-53-CM-6(a)
  - PCI-DSS-Req-7.1
  - configure_strategy
  - file_owner_efi_user_cfg
  - low_complexity
  - low_disruption
  - medium_severity
  - no_reboot_needed

- name: Test for existence /boot/grub2/user.cfg
  ansible.builtin.stat:
    path: /boot/grub2/user.cfg
  register: file_exists
  when: ( "grub2" in ansible_facts.packages and ("kernel-default" in ansible_facts.packages
    or "kernel-default-base" in ansible_facts.packages) )
  tags:
  - CJIS-5.5.2.2
  - NIST-800-171-3.4.5
  - NIST-800-53-AC-6(1)
  - NIST-800-53-CM-6(a)
  - PCI-DSS-Req-7.1
  - configure_strategy
  - file_owner_efi_user_cfg
  - low_complexity
  - low_disruption
  - medium_severity
  - no_reboot_needed

- name: Ensure owner on /boot/grub2/user.cfg
  ansible.builtin.file:
    path: /boot/grub2/user.cfg
    follow: false
    owner: '{{ file_owner_efi_user_cfg_newown }}'
  when:
  - ( "grub2" in ansible_facts.packages and ("kernel-default" in ansible_facts.packages
    or "kernel-default-base" in ansible_facts.packages) )
  - file_exists.stat is defined and file_exists.stat.exists
  tags:
  - CJIS-5.5.2.2
  - NIST-800-171-3.4.5
  - NIST-800-53-AC-6(1)
  - NIST-800-53-CM-6(a)
  - PCI-DSS-Req-7.1
  - configure_strategy
  - file_owner_efi_user_cfg
  - low_complexity
  - low_disruption
  - medium_severity
  - no_reboot_needed
</fix>
          <check system="http://oval.mitre.org/XMLSchema/oval-definitions-5">
            <check-content-ref name="oval:ssg-file_owner_efi_user_cfg:def:1" href="ssg-sle15-oval.xml"/>
          </check>
          <check system="http://scap.nist.gov/schema/ocil/2">
            <check-content-ref name="ocil:ssg-file_owner_efi_user_cfg_ocil:questionnaire:1" href="ssg-sle15-ocil.xml"/>
          </check>
        </Rule>
        <Rule id="xccdf_org.ssgproject.content_rule_file_permissions_efi_grub2_cfg" selected="false" role="full" severity="medium">
          <title xmlns:xhtml="http://www.w3.org/1999/xhtml" xml:lang="en-US">Verify the UEFI Boot Loader grub.cfg Permissions</title>
          <description xmlns:xhtml="http://www.w3.org/1999/xhtml" xml:lang="en-US">File permissions for <html:code xmlns:html="http://www.w3.org/1999/xhtml">/boot/grub2/grub.cfg</html:code> should be set to 700.

To properly set the permissions of <html:code xmlns:html="http://www.w3.org/1999/xhtml">/boot/grub2/grub.cfg</html:code>, run the command:
<html:pre xmlns:html="http://www.w3.org/1999/xhtml">$ sudo chmod 700 /boot/grub2/grub.cfg</html:pre>
       </description>
          <reference href="https://www.cisecurity.org/controls/">12</reference>
          <reference href="https://www.cisecurity.org/controls/">13</reference>
          <reference href="https://www.cisecurity.org/controls/">14</reference>
          <reference href="https://www.cisecurity.org/controls/">15</reference>
          <reference href="https://www.cisecurity.org/controls/">16</reference>
          <reference href="https://www.cisecurity.org/controls/">18</reference>
          <reference href="https://www.cisecurity.org/controls/">3</reference>
          <reference href="https://www.cisecurity.org/controls/">5</reference>
          <reference href="https://www.isaca.org/resources/cobit">APO01.06</reference>
          <reference href="https://www.isaca.org/resources/cobit">DSS05.04</reference>
          <reference href="https://www.isaca.org/resources/cobit">DSS05.07</reference>
          <reference href="https://www.isaca.org/resources/cobit">DSS06.02</reference>
          <reference href="http://nvlpubs.nist.gov/nistpubs/SpecialPublications/NIST.SP.800-171.pdf">3.4.5</reference>
          <reference href="https://www.isa.org/products/isa-62443-2-1-2009-security-for-industrial-automat">4.3.3.7.3</reference>
          <reference href="https://www.isa.org/products/ansi-isa-62443-3-3-99-03-03-2013-security-for-indu">SR 2.1</reference>
          <reference href="https://www.isa.org/products/ansi-isa-62443-3-3-99-03-03-2013-security-for-indu">SR 5.2</reference>
          <reference href="https://www.iso.org/contents/data/standard/05/45/54534.html">A.10.1.1</reference>
          <reference href="https://www.iso.org/contents/data/standard/05/45/54534.html">A.11.1.4</reference>
          <reference href="https://www.iso.org/contents/data/standard/05/45/54534.html">A.11.1.5</reference>
          <reference href="https://www.iso.org/contents/data/standard/05/45/54534.html">A.11.2.1</reference>
          <reference href="https://www.iso.org/contents/data/standard/05/45/54534.html">A.13.1.1</reference>
          <reference href="https://www.iso.org/contents/data/standard/05/45/54534.html">A.13.1.3</reference>
          <reference href="https://www.iso.org/contents/data/standard/05/45/54534.html">A.13.2.1</reference>
          <reference href="https://www.iso.org/contents/data/standard/05/45/54534.html">A.13.2.3</reference>
          <reference href="https://www.iso.org/contents/data/standard/05/45/54534.html">A.13.2.4</reference>
          <reference href="https://www.iso.org/contents/data/standard/05/45/54534.html">A.14.1.2</reference>
          <reference href="https://www.iso.org/contents/data/standard/05/45/54534.html">A.14.1.3</reference>
          <reference href="https://www.iso.org/contents/data/standard/05/45/54534.html">A.6.1.2</reference>
          <reference href="https://www.iso.org/contents/data/standard/05/45/54534.html">A.7.1.1</reference>
          <reference href="https://www.iso.org/contents/data/standard/05/45/54534.html">A.7.1.2</reference>
          <reference href="https://www.iso.org/contents/data/standard/05/45/54534.html">A.7.3.1</reference>
          <reference href="https://www.iso.org/contents/data/standard/05/45/54534.html">A.8.2.2</reference>
          <reference href="https://www.iso.org/contents/data/standard/05/45/54534.html">A.8.2.3</reference>
          <reference href="https://www.iso.org/contents/data/standard/05/45/54534.html">A.9.1.1</reference>
          <reference href="https://www.iso.org/contents/data/standard/05/45/54534.html">A.9.1.2</reference>
          <reference href="https://www.iso.org/contents/data/standard/05/45/54534.html">A.9.2.3</reference>
          <reference href="https://www.iso.org/contents/data/standard/05/45/54534.html">A.9.4.1</reference>
          <reference href="https://www.iso.org/contents/data/standard/05/45/54534.html">A.9.4.4</reference>
          <reference href="https://www.iso.org/contents/data/standard/05/45/54534.html">A.9.4.5</reference>
          <reference href="http://nvlpubs.nist.gov/nistpubs/SpecialPublications/NIST.SP.800-53r4.pdf">CM-6(a)</reference>
          <reference href="http://nvlpubs.nist.gov/nistpubs/SpecialPublications/NIST.SP.800-53r4.pdf">AC-6(1)</reference>
          <reference href="https://nvlpubs.nist.gov/nistpubs/CSWP/NIST.CSWP.04162018.pdf">PR.AC-4</reference>
          <reference href="https://nvlpubs.nist.gov/nistpubs/CSWP/NIST.CSWP.04162018.pdf">PR.DS-5</reference>
          <reference href="https://cyber.gouv.fr/sites/default/files/document/linux_configuration-en-v2.pdf">R29</reference>
          <rationale xmlns:xhtml="http://www.w3.org/1999/xhtml" xml:lang="en-US">Proper permissions ensure that only the root user can modify important boot
parameters.</rationale>
          <fix xmlns:xhtml="http://www.w3.org/1999/xhtml" id="file_permissions_efi_grub2_cfg" system="urn:xccdf:fix:script:sh" complexity="low" disruption="low" strategy="configure"># Remediation is applicable only in certain platforms
if ( rpm --quiet -q grub2 &amp;&amp; rpm --quiet -q kernel-default || rpm --quiet -q kernel-default-base ); then

chmod u-s,g-xwrs,o-xwrt /boot/grub2/grub.cfg

else
    &gt;&amp;2 echo 'Remediation is not applicable, nothing was done'
fi
</fix>
          <fix xmlns:xhtml="http://www.w3.org/1999/xhtml" id="file_permissions_efi_grub2_cfg" system="urn:xccdf:fix:script:ansible" complexity="low" disruption="low" strategy="configure">- name: Gather the package facts
  package_facts:
    manager: auto
  tags:
  - NIST-800-171-3.4.5
  - NIST-800-53-AC-6(1)
  - NIST-800-53-CM-6(a)
  - configure_strategy
  - file_permissions_efi_grub2_cfg
  - low_complexity
  - low_disruption
  - medium_severity
  - no_reboot_needed

- name: Test for existence /boot/grub2/grub.cfg
  ansible.builtin.stat:
    path: /boot/grub2/grub.cfg
  register: file_exists
  when: ( "grub2" in ansible_facts.packages and ("kernel-default" in ansible_facts.packages
    or "kernel-default-base" in ansible_facts.packages) )
  tags:
  - NIST-800-171-3.4.5
  - NIST-800-53-AC-6(1)
  - NIST-800-53-CM-6(a)
  - configure_strategy
  - file_permissions_efi_grub2_cfg
  - low_complexity
  - low_disruption
  - medium_severity
  - no_reboot_needed

- name: Ensure permission u-s,g-xwrs,o-xwrt on /boot/grub2/grub.cfg
  ansible.builtin.file:
    path: /boot/grub2/grub.cfg
    mode: u-s,g-xwrs,o-xwrt
  when:
  - ( "grub2" in ansible_facts.packages and ("kernel-default" in ansible_facts.packages
    or "kernel-default-base" in ansible_facts.packages) )
  - file_exists.stat is defined and file_exists.stat.exists
  tags:
  - NIST-800-171-3.4.5
  - NIST-800-53-AC-6(1)
  - NIST-800-53-CM-6(a)
  - configure_strategy
  - file_permissions_efi_grub2_cfg
  - low_complexity
  - low_disruption
  - medium_severity
  - no_reboot_needed
</fix>
          <check system="http://oval.mitre.org/XMLSchema/oval-definitions-5">
            <check-content-ref name="oval:ssg-file_permissions_efi_grub2_cfg:def:1" href="ssg-sle15-oval.xml"/>
          </check>
          <check system="http://scap.nist.gov/schema/ocil/2">
            <check-content-ref name="ocil:ssg-file_permissions_efi_grub2_cfg_ocil:questionnaire:1" href="ssg-sle15-ocil.xml"/>
          </check>
        </Rule>
        <Rule id="xccdf_org.ssgproject.content_rule_file_permissions_efi_user_cfg" selected="false" role="full" severity="medium">
          <title xmlns:xhtml="http://www.w3.org/1999/xhtml" xml:lang="en-US">Verify /boot/grub2/user.cfg Permissions</title>
          <description xmlns:xhtml="http://www.w3.org/1999/xhtml" xml:lang="en-US">File permissions for <html:code xmlns:html="http://www.w3.org/1999/xhtml">/boot/grub2/user.cfg</html:code> should be set to 600.

To properly set the permissions of <html:code xmlns:html="http://www.w3.org/1999/xhtml">/boot/grub2/user.cfg</html:code>, run the command:
<html:pre xmlns:html="http://www.w3.org/1999/xhtml">$ sudo chmod 600 /boot/grub2/user.cfg</html:pre>
       </description>
          <reference href="https://www.cisecurity.org/controls/">12</reference>
          <reference href="https://www.cisecurity.org/controls/">13</reference>
          <reference href="https://www.cisecurity.org/controls/">14</reference>
          <reference href="https://www.cisecurity.org/controls/">15</reference>
          <reference href="https://www.cisecurity.org/controls/">16</reference>
          <reference href="https://www.cisecurity.org/controls/">18</reference>
          <reference href="https://www.cisecurity.org/controls/">3</reference>
          <reference href="https://www.cisecurity.org/controls/">5</reference>
          <reference href="https://www.isaca.org/resources/cobit">APO01.06</reference>
          <reference href="https://www.isaca.org/resources/cobit">DSS05.04</reference>
          <reference href="https://www.isaca.org/resources/cobit">DSS05.07</reference>
          <reference href="https://www.isaca.org/resources/cobit">DSS06.02</reference>
          <reference href="http://nvlpubs.nist.gov/nistpubs/SpecialPublications/NIST.SP.800-171.pdf">3.4.5</reference>
          <reference href="https://www.isa.org/products/isa-62443-2-1-2009-security-for-industrial-automat">4.3.3.7.3</reference>
          <reference href="https://www.isa.org/products/ansi-isa-62443-3-3-99-03-03-2013-security-for-indu">SR 2.1</reference>
          <reference href="https://www.isa.org/products/ansi-isa-62443-3-3-99-03-03-2013-security-for-indu">SR 5.2</reference>
          <reference href="https://www.iso.org/contents/data/standard/05/45/54534.html">A.10.1.1</reference>
          <reference href="https://www.iso.org/contents/data/standard/05/45/54534.html">A.11.1.4</reference>
          <reference href="https://www.iso.org/contents/data/standard/05/45/54534.html">A.11.1.5</reference>
          <reference href="https://www.iso.org/contents/data/standard/05/45/54534.html">A.11.2.1</reference>
          <reference href="https://www.iso.org/contents/data/standard/05/45/54534.html">A.13.1.1</reference>
          <reference href="https://www.iso.org/contents/data/standard/05/45/54534.html">A.13.1.3</reference>
          <reference href="https://www.iso.org/contents/data/standard/05/45/54534.html">A.13.2.1</reference>
          <reference href="https://www.iso.org/contents/data/standard/05/45/54534.html">A.13.2.3</reference>
          <reference href="https://www.iso.org/contents/data/standard/05/45/54534.html">A.13.2.4</reference>
          <reference href="https://www.iso.org/contents/data/standard/05/45/54534.html">A.14.1.2</reference>
          <reference href="https://www.iso.org/contents/data/standard/05/45/54534.html">A.14.1.3</reference>
          <reference href="https://www.iso.org/contents/data/standard/05/45/54534.html">A.6.1.2</reference>
          <reference href="https://www.iso.org/contents/data/standard/05/45/54534.html">A.7.1.1</reference>
          <reference href="https://www.iso.org/contents/data/standard/05/45/54534.html">A.7.1.2</reference>
          <reference href="https://www.iso.org/contents/data/standard/05/45/54534.html">A.7.3.1</reference>
          <reference href="https://www.iso.org/contents/data/standard/05/45/54534.html">A.8.2.2</reference>
          <reference href="https://www.iso.org/contents/data/standard/05/45/54534.html">A.8.2.3</reference>
          <reference href="https://www.iso.org/contents/data/standard/05/45/54534.html">A.9.1.1</reference>
          <reference href="https://www.iso.org/contents/data/standard/05/45/54534.html">A.9.1.2</reference>
          <reference href="https://www.iso.org/contents/data/standard/05/45/54534.html">A.9.2.3</reference>
          <reference href="https://www.iso.org/contents/data/standard/05/45/54534.html">A.9.4.1</reference>
          <reference href="https://www.iso.org/contents/data/standard/05/45/54534.html">A.9.4.4</reference>
          <reference href="https://www.iso.org/contents/data/standard/05/45/54534.html">A.9.4.5</reference>
          <reference href="http://nvlpubs.nist.gov/nistpubs/SpecialPublications/NIST.SP.800-53r4.pdf">CM-6(a)</reference>
          <reference href="http://nvlpubs.nist.gov/nistpubs/SpecialPublications/NIST.SP.800-53r4.pdf">AC-6(1)</reference>
          <reference href="https://nvlpubs.nist.gov/nistpubs/CSWP/NIST.CSWP.04162018.pdf">PR.AC-4</reference>
          <reference href="https://nvlpubs.nist.gov/nistpubs/CSWP/NIST.CSWP.04162018.pdf">PR.DS-5</reference>
          <reference href="https://cyber.gouv.fr/sites/default/files/document/linux_configuration-en-v2.pdf">R29</reference>
          <rationale xmlns:xhtml="http://www.w3.org/1999/xhtml" xml:lang="en-US">Proper permissions ensure that only the root user can read or modify important boot
parameters.</rationale>
          <fix xmlns:xhtml="http://www.w3.org/1999/xhtml" id="file_permissions_efi_user_cfg" system="urn:xccdf:fix:script:sh" complexity="low" disruption="low" strategy="configure"># Remediation is applicable only in certain platforms
if ( rpm --quiet -q grub2 &amp;&amp; rpm --quiet -q kernel-default || rpm --quiet -q kernel-default-base ); then

chmod u-s,g-xwrs,o-xwrt /boot/grub2/user.cfg

else
    &gt;&amp;2 echo 'Remediation is not applicable, nothing was done'
fi
</fix>
          <fix xmlns:xhtml="http://www.w3.org/1999/xhtml" id="file_permissions_efi_user_cfg" system="urn:xccdf:fix:script:ansible" complexity="low" disruption="low" strategy="configure">- name: Gather the package facts
  package_facts:
    manager: auto
  tags:
  - NIST-800-171-3.4.5
  - NIST-800-53-AC-6(1)
  - NIST-800-53-CM-6(a)
  - configure_strategy
  - file_permissions_efi_user_cfg
  - low_complexity
  - low_disruption
  - medium_severity
  - no_reboot_needed

- name: Test for existence /boot/grub2/user.cfg
  ansible.builtin.stat:
    path: /boot/grub2/user.cfg
  register: file_exists
  when: ( "grub2" in ansible_facts.packages and ("kernel-default" in ansible_facts.packages
    or "kernel-default-base" in ansible_facts.packages) )
  tags:
  - NIST-800-171-3.4.5
  - NIST-800-53-AC-6(1)
  - NIST-800-53-CM-6(a)
  - configure_strategy
  - file_permissions_efi_user_cfg
  - low_complexity
  - low_disruption
  - medium_severity
  - no_reboot_needed

- name: Ensure permission u-s,g-xwrs,o-xwrt on /boot/grub2/user.cfg
  ansible.builtin.file:
    path: /boot/grub2/user.cfg
    mode: u-s,g-xwrs,o-xwrt
  when:
  - ( "grub2" in ansible_facts.packages and ("kernel-default" in ansible_facts.packages
    or "kernel-default-base" in ansible_facts.packages) )
  - file_exists.stat is defined and file_exists.stat.exists
  tags:
  - NIST-800-171-3.4.5
  - NIST-800-53-AC-6(1)
  - NIST-800-53-CM-6(a)
  - configure_strategy
  - file_permissions_efi_user_cfg
  - low_complexity
  - low_disruption
  - medium_severity
  - no_reboot_needed
</fix>
          <check system="http://oval.mitre.org/XMLSchema/oval-definitions-5">
            <check-content-ref name="oval:ssg-file_permissions_efi_user_cfg:def:1" href="ssg-sle15-oval.xml"/>
          </check>
          <check system="http://scap.nist.gov/schema/ocil/2">
            <check-content-ref name="ocil:ssg-file_permissions_efi_user_cfg_ocil:questionnaire:1" href="ssg-sle15-ocil.xml"/>
          </check>
        </Rule>
        <Rule id="xccdf_org.ssgproject.content_rule_grub2_uefi_password" selected="false" role="full" severity="high">
          <title xmlns:xhtml="http://www.w3.org/1999/xhtml" xml:lang="en-US">Set the UEFI Boot Loader Password</title>
          <description xmlns:xhtml="http://www.w3.org/1999/xhtml" xml:lang="en-US">The grub2 boot loader should have a superuser account and password
protection enabled to protect boot-time settings.
<html:br xmlns:html="http://www.w3.org/1999/xhtml"/>
        <html:br xmlns:html="http://www.w3.org/1999/xhtml"/>
Since plaintext passwords are a security risk, generate a hash for the password
by running the following command:

<html:pre xmlns:html="http://www.w3.org/1999/xhtml"># grub2-mkpasswd-pbkdf2</html:pre>

When prompted, enter the password that was selected.
<html:br xmlns:html="http://www.w3.org/1999/xhtml"/>
        <html:br xmlns:html="http://www.w3.org/1999/xhtml"/>

Using the hash from the output, modify the <html:code xmlns:html="http://www.w3.org/1999/xhtml">/etc/grub.d/40_custom</html:code>
file with the following content:
<html:pre xmlns:html="http://www.w3.org/1999/xhtml">set superusers="boot"
password_pbkdf2 boot grub.pbkdf2.sha512.VeryLongString
</html:pre>
NOTE: the bootloader superuser account and password MUST differ from the
root account and password.
Once the superuser password has been added,
update the
<html:code xmlns:html="http://www.w3.org/1999/xhtml">grub.cfg</html:code> file by running:
<html:pre xmlns:html="http://www.w3.org/1999/xhtml">grub2-mkconfig -o /boot/grub2/grub.cfg</html:pre>
       </description>
          <warning xmlns:xhtml="http://www.w3.org/1999/xhtml" xml:lang="en-US" category="general">To prevent hard-coded passwords, automatic remediation of this control is not available. Remediation
must be automated as a component of machine provisioning, or followed manually as outlined above.

Also, do NOT manually add the superuser account and password to the
<html:code xmlns:html="http://www.w3.org/1999/xhtml">grub.cfg</html:code> file as the grub2-mkconfig command overwrites this file.</warning>
          <reference href="https://www.cisecurity.org/controls/">11</reference>
          <reference href="https://www.cisecurity.org/controls/">12</reference>
          <reference href="https://www.cisecurity.org/controls/">14</reference>
          <reference href="https://www.cisecurity.org/controls/">15</reference>
          <reference href="https://www.cisecurity.org/controls/">16</reference>
          <reference href="https://www.cisecurity.org/controls/">18</reference>
          <reference href="https://www.cisecurity.org/controls/">3</reference>
          <reference href="https://www.cisecurity.org/controls/">5</reference>
          <reference href="https://www.isaca.org/resources/cobit">DSS05.02</reference>
          <reference href="https://www.isaca.org/resources/cobit">DSS05.04</reference>
          <reference href="https://www.isaca.org/resources/cobit">DSS05.05</reference>
          <reference href="https://www.isaca.org/resources/cobit">DSS05.07</reference>
          <reference href="https://www.isaca.org/resources/cobit">DSS06.03</reference>
          <reference href="https://www.isaca.org/resources/cobit">DSS06.06</reference>
          <reference href="http://nvlpubs.nist.gov/nistpubs/SpecialPublications/NIST.SP.800-171.pdf">3.4.5</reference>
          <reference href="https://www.gpo.gov/fdsys/pkg/CFR-2007-title45-vol1/pdf/CFR-2007-title45-vol1-chapA-subchapC.pdf">164.308(a)(1)(ii)(B)</reference>
          <reference href="https://www.gpo.gov/fdsys/pkg/CFR-2007-title45-vol1/pdf/CFR-2007-title45-vol1-chapA-subchapC.pdf">164.308(a)(7)(i)</reference>
          <reference href="https://www.gpo.gov/fdsys/pkg/CFR-2007-title45-vol1/pdf/CFR-2007-title45-vol1-chapA-subchapC.pdf">164.308(a)(7)(ii)(A)</reference>
          <reference href="https://www.gpo.gov/fdsys/pkg/CFR-2007-title45-vol1/pdf/CFR-2007-title45-vol1-chapA-subchapC.pdf">164.310(a)(1)</reference>
          <reference href="https://www.gpo.gov/fdsys/pkg/CFR-2007-title45-vol1/pdf/CFR-2007-title45-vol1-chapA-subchapC.pdf">164.310(a)(2)(i)</reference>
          <reference href="https://www.gpo.gov/fdsys/pkg/CFR-2007-title45-vol1/pdf/CFR-2007-title45-vol1-chapA-subchapC.pdf">164.310(a)(2)(ii)</reference>
          <reference href="https://www.gpo.gov/fdsys/pkg/CFR-2007-title45-vol1/pdf/CFR-2007-title45-vol1-chapA-subchapC.pdf">164.310(a)(2)(iii)</reference>
          <reference href="https://www.gpo.gov/fdsys/pkg/CFR-2007-title45-vol1/pdf/CFR-2007-title45-vol1-chapA-subchapC.pdf">164.310(b)</reference>
          <reference href="https://www.gpo.gov/fdsys/pkg/CFR-2007-title45-vol1/pdf/CFR-2007-title45-vol1-chapA-subchapC.pdf">164.310(c)</reference>
          <reference href="https://www.gpo.gov/fdsys/pkg/CFR-2007-title45-vol1/pdf/CFR-2007-title45-vol1-chapA-subchapC.pdf">164.310(d)(1)</reference>
          <reference href="https://www.gpo.gov/fdsys/pkg/CFR-2007-title45-vol1/pdf/CFR-2007-title45-vol1-chapA-subchapC.pdf">164.310(d)(2)(iii)</reference>
          <reference href="https://www.isa.org/products/isa-62443-2-1-2009-security-for-industrial-automat">4.3.3.2.2</reference>
          <reference href="https://www.isa.org/products/isa-62443-2-1-2009-security-for-industrial-automat">4.3.3.5.1</reference>
          <reference href="https://www.isa.org/products/isa-62443-2-1-2009-security-for-industrial-automat">4.3.3.5.2</reference>
          <reference href="https://www.isa.org/products/isa-62443-2-1-2009-security-for-industrial-automat">4.3.3.5.3</reference>
          <reference href="https://www.isa.org/products/isa-62443-2-1-2009-security-for-industrial-automat">4.3.3.5.4</reference>
          <reference href="https://www.isa.org/products/isa-62443-2-1-2009-security-for-industrial-automat">4.3.3.5.5</reference>
          <reference href="https://www.isa.org/products/isa-62443-2-1-2009-security-for-industrial-automat">4.3.3.5.6</reference>
          <reference href="https://www.isa.org/products/isa-62443-2-1-2009-security-for-industrial-automat">4.3.3.5.7</reference>
          <reference href="https://www.isa.org/products/isa-62443-2-1-2009-security-for-industrial-automat">4.3.3.5.8</reference>
          <reference href="https://www.isa.org/products/isa-62443-2-1-2009-security-for-industrial-automat">4.3.3.6.1</reference>
          <reference href="https://www.isa.org/products/isa-62443-2-1-2009-security-for-industrial-automat">4.3.3.6.2</reference>
          <reference href="https://www.isa.org/products/isa-62443-2-1-2009-security-for-industrial-automat">4.3.3.6.3</reference>
          <reference href="https://www.isa.org/products/isa-62443-2-1-2009-security-for-industrial-automat">4.3.3.6.4</reference>
          <reference href="https://www.isa.org/products/isa-62443-2-1-2009-security-for-industrial-automat">4.3.3.6.5</reference>
          <reference href="https://www.isa.org/products/isa-62443-2-1-2009-security-for-industrial-automat">4.3.3.6.6</reference>
          <reference href="https://www.isa.org/products/isa-62443-2-1-2009-security-for-industrial-automat">4.3.3.6.7</reference>
          <reference href="https://www.isa.org/products/isa-62443-2-1-2009-security-for-industrial-automat">4.3.3.6.8</reference>
          <reference href="https://www.isa.org/products/isa-62443-2-1-2009-security-for-industrial-automat">4.3.3.6.9</reference>
          <reference href="https://www.isa.org/products/isa-62443-2-1-2009-security-for-industrial-automat">4.3.3.7.1</reference>
          <reference href="https://www.isa.org/products/isa-62443-2-1-2009-security-for-industrial-automat">4.3.3.7.2</reference>
          <reference href="https://www.isa.org/products/isa-62443-2-1-2009-security-for-industrial-automat">4.3.3.7.3</reference>
          <reference href="https://www.isa.org/products/isa-62443-2-1-2009-security-for-industrial-automat">4.3.3.7.4</reference>
          <reference href="https://www.isa.org/products/ansi-isa-62443-3-3-99-03-03-2013-security-for-indu">SR 1.1</reference>
          <reference href="https://www.isa.org/products/ansi-isa-62443-3-3-99-03-03-2013-security-for-indu">SR 1.10</reference>
          <reference href="https://www.isa.org/products/ansi-isa-62443-3-3-99-03-03-2013-security-for-indu">SR 1.11</reference>
          <reference href="https://www.isa.org/products/ansi-isa-62443-3-3-99-03-03-2013-security-for-indu">SR 1.12</reference>
          <reference href="https://www.isa.org/products/ansi-isa-62443-3-3-99-03-03-2013-security-for-indu">SR 1.13</reference>
          <reference href="https://www.isa.org/products/ansi-isa-62443-3-3-99-03-03-2013-security-for-indu">SR 1.2</reference>
          <reference href="https://www.isa.org/products/ansi-isa-62443-3-3-99-03-03-2013-security-for-indu">SR 1.3</reference>
          <reference href="https://www.isa.org/products/ansi-isa-62443-3-3-99-03-03-2013-security-for-indu">SR 1.4</reference>
          <reference href="https://www.isa.org/products/ansi-isa-62443-3-3-99-03-03-2013-security-for-indu">SR 1.5</reference>
          <reference href="https://www.isa.org/products/ansi-isa-62443-3-3-99-03-03-2013-security-for-indu">SR 1.6</reference>
          <reference href="https://www.isa.org/products/ansi-isa-62443-3-3-99-03-03-2013-security-for-indu">SR 1.7</reference>
          <reference href="https://www.isa.org/products/ansi-isa-62443-3-3-99-03-03-2013-security-for-indu">SR 1.8</reference>
          <reference href="https://www.isa.org/products/ansi-isa-62443-3-3-99-03-03-2013-security-for-indu">SR 1.9</reference>
          <reference href="https://www.isa.org/products/ansi-isa-62443-3-3-99-03-03-2013-security-for-indu">SR 2.1</reference>
          <reference href="https://www.isa.org/products/ansi-isa-62443-3-3-99-03-03-2013-security-for-indu">SR 2.2</reference>
          <reference href="https://www.isa.org/products/ansi-isa-62443-3-3-99-03-03-2013-security-for-indu">SR 2.3</reference>
          <reference href="https://www.isa.org/products/ansi-isa-62443-3-3-99-03-03-2013-security-for-indu">SR 2.4</reference>
          <reference href="https://www.isa.org/products/ansi-isa-62443-3-3-99-03-03-2013-security-for-indu">SR 2.5</reference>
          <reference href="https://www.isa.org/products/ansi-isa-62443-3-3-99-03-03-2013-security-for-indu">SR 2.6</reference>
          <reference href="https://www.isa.org/products/ansi-isa-62443-3-3-99-03-03-2013-security-for-indu">SR 2.7</reference>
          <reference href="https://www.iso.org/contents/data/standard/05/45/54534.html">A.6.1.2</reference>
          <reference href="https://www.iso.org/contents/data/standard/05/45/54534.html">A.7.1.1</reference>
          <reference href="https://www.iso.org/contents/data/standard/05/45/54534.html">A.9.1.2</reference>
          <reference href="https://www.iso.org/contents/data/standard/05/45/54534.html">A.9.2.1</reference>
          <reference href="https://www.iso.org/contents/data/standard/05/45/54534.html">A.9.2.3</reference>
          <reference href="https://www.iso.org/contents/data/standard/05/45/54534.html">A.9.4.1</reference>
          <reference href="https://www.iso.org/contents/data/standard/05/45/54534.html">A.9.4.4</reference>
          <reference href="https://www.iso.org/contents/data/standard/05/45/54534.html">A.9.4.5</reference>
          <reference href="http://nvlpubs.nist.gov/nistpubs/SpecialPublications/NIST.SP.800-53r4.pdf">CM-6(a)</reference>
          <reference href="https://nvlpubs.nist.gov/nistpubs/CSWP/NIST.CSWP.04162018.pdf">PR.AC-4</reference>
          <reference href="https://nvlpubs.nist.gov/nistpubs/CSWP/NIST.CSWP.04162018.pdf">PR.AC-6</reference>
          <reference href="https://nvlpubs.nist.gov/nistpubs/CSWP/NIST.CSWP.04162018.pdf">PR.PT-3</reference>
          <reference href="https://www.niap-ccevs.org/Profile/PP.cfm">FIA_UAU.1</reference>
          <reference href="https://www.cyber.mil/stigs/downloads/?_dl_facet_stigs=operating-systems%2Cgeneral-purpose-os">SRG-OS-000080-GPOS-00048</reference>
          <reference href="https://www.cyber.mil/stigs/downloads/?_dl_facet_stigs=operating-systems%2Cunix-linux">SLES-15-010200</reference>
          <reference href="https://www.cisecurity.org/benchmark/suse_linux/">1.5.1</reference>
          <reference href="https://cyber.gouv.fr/sites/default/files/document/linux_configuration-en-v2.pdf">R5</reference>
          <reference href="not_publicly_available">SLES-15-150600015</reference>
          <reference href="https://www.cyber.mil/stigs/srg-stig-tools/">SV-234820r958472_rule</reference>
          <rationale xmlns:xhtml="http://www.w3.org/1999/xhtml" xml:lang="en-US">Password protection on the boot loader configuration ensures
users with physical access cannot trivially alter
important bootloader settings. These include which kernel to use,
and whether to enter single-user mode.</rationale>
          <ident system="https://ncp.nist.gov/cce">CCE-83275-8</ident>
          <check system="http://oval.mitre.org/XMLSchema/oval-definitions-5">
            <check-content-ref name="oval:ssg-grub2_uefi_password:def:1" href="ssg-sle15-oval.xml"/>
          </check>
          <check system="http://scap.nist.gov/schema/ocil/2">
            <check-content-ref name="ocil:ssg-grub2_uefi_password_ocil:questionnaire:1" href="ssg-sle15-ocil.xml"/>
          </check>
        </Rule>
      </Group>
    </Group>
    <Group id="xccdf_org.ssgproject.content_group_entropy">
      <title xmlns:xhtml="http://www.w3.org/1999/xhtml" xml:lang="en-US">Protect Random-Number Entropy Pool</title>
      <description xmlns:xhtml="http://www.w3.org/1999/xhtml" xml:lang="en-US">The I/O operations of the Linux kernel block layer due to their inherently
unpredictable execution times have been traditionally considered as a reliable
source to contribute to random-number entropy pool of the Linux kernel. This
has changed with introduction of solid-state storage devices (SSDs) though.</description>
      <platform idref="#machine"/>
      <Rule id="xccdf_org.ssgproject.content_rule_kernel_disable_entropy_contribution_for_solid_state_drives" selected="false" role="full" severity="medium">
        <title xmlns:xhtml="http://www.w3.org/1999/xhtml" xml:lang="en-US">Ensure Solid State Drives Do Not Contribute To Random-Number Entropy Pool</title>
        <description xmlns:xhtml="http://www.w3.org/1999/xhtml" xml:lang="en-US">For each solid-state drive on the system, run:
<html:pre xmlns:html="http://www.w3.org/1999/xhtml"> # echo 0 &gt; /sys/block/DRIVE/queue/add_random</html:pre>
      </description>
        <rationale xmlns:xhtml="http://www.w3.org/1999/xhtml" xml:lang="en-US">In contrast to traditional electromechanical magnetic disks, containing
spinning disks and / or movable read / write heads, the solid-state storage
devices (SSDs) do not contain moving / mechanical components. Therefore the
I/O operation completion times are much more predictable for them.</rationale>
      </Rule>
    </Group>
    <Group id="xccdf_org.ssgproject.content_group_kernel_build_config">
      <title xmlns:xhtml="http://www.w3.org/1999/xhtml" xml:lang="en-US">Kernel Configuration</title>
      <description xmlns:xhtml="http://www.w3.org/1999/xhtml" xml:lang="en-US">Contains rules that check the kernel configuration that was used to build it.</description>
      <platform idref="#system_with_kernel"/>
      <Value id="xccdf_org.ssgproject.content_value_var_kernel_config_module_sig_hash" type="string">
        <title xmlns:xhtml="http://www.w3.org/1999/xhtml" xml:lang="en-US">Hash function for kernel module signing</title>
        <description xmlns:xhtml="http://www.w3.org/1999/xhtml" xml:lang="en-US">The hash function to use when signing modules during kernel build process.</description>
        <value>sha512</value>
        <value selector="sha1">sha1</value>
        <value selector="sha224">sha224</value>
        <value selector="sha256">sha256</value>
        <value selector="sha384">sha384</value>
        <value selector="sha512">sha512</value>
      </Value>
      <Value id="xccdf_org.ssgproject.content_value_var_kernel_config_module_sig_key" type="string" interactive="true">
        <title xmlns:xhtml="http://www.w3.org/1999/xhtml" xml:lang="en-US">Key and certificate for kernel module signing</title>
        <description xmlns:xhtml="http://www.w3.org/1999/xhtml" xml:lang="en-US">The private key and certificate to use when signing modules during kernel build process.
On systems where the OpenSSL ENGINE_pkcs11 is functional — a PKCS#11 URI as defined by RFC7512
In the latter case, the PKCS#11 URI should reference both a certificate and a private key.</description>
        <value>certs/signing_key.pem</value>
        <value selector="kernel_default">certs/signing_key.pem</value>
      </Value>
      <Value id="xccdf_org.ssgproject.content_value_var_kernel_config_panic_timeout" type="string" interactive="true">
        <title xmlns:xhtml="http://www.w3.org/1999/xhtml" xml:lang="en-US">Kernel panic timeout</title>
        <description xmlns:xhtml="http://www.w3.org/1999/xhtml" xml:lang="en-US">The time, in seconds, to wait until a reboot occurs.
If the value is <html:code xmlns:html="http://www.w3.org/1999/xhtml">0</html:code> the system never reboots.
If the value is less than <html:code xmlns:html="http://www.w3.org/1999/xhtml">0</html:code> the system reboots immediately.</description>
        <value>0</value>
        <value selector="never">0</value>
        <value selector="5_minutes">300</value>
        <value selector="1_minute">60</value>
        <value selector="immediately">-1</value>
      </Value>
      <Rule id="xccdf_org.ssgproject.content_rule_kernel_config_acpi_custom_method" selected="false" role="full" severity="low">
        <title xmlns:xhtml="http://www.w3.org/1999/xhtml" xml:lang="en-US">Do not allow ACPI methods to be inserted/replaced at run time</title>
        <description xmlns:xhtml="http://www.w3.org/1999/xhtml" xml:lang="en-US">This debug facility allows ACPI AML methods to be inserted and/or replaced without rebooting
the system.
This configuration is available from kernel 3.0.

The configuration that was used to build kernel is available at <html:code xmlns:html="http://www.w3.org/1999/xhtml">/boot/config-*</html:code>.
    To check the configuration value for <html:code xmlns:html="http://www.w3.org/1999/xhtml">CONFIG_ACPI_CUSTOM_METHOD</html:code>, run the following command:
    <html:code xmlns:html="http://www.w3.org/1999/xhtml">grep CONFIG_ACPI_CUSTOM_METHOD /boot/config-*</html:code>
    
    Configs with value 'n' are not explicitly set in the file, so either commented lines or no
    lines should be returned.
    </description>
        <warning xmlns:xhtml="http://www.w3.org/1999/xhtml" xml:lang="en-US" category="general">There is no remediation for this besides re-compiling the kernel with the appropriate value for the config.</warning>
        <reference href="https://cyber.gouv.fr/sites/default/files/document/linux_configuration-en-v2.pdf">R15</reference>
        <rationale xmlns:xhtml="http://www.w3.org/1999/xhtml" xml:lang="en-US">Enabling this feature allows arbitrary kernel memory to be written to by root (uid=0) users,
allowing them to bypass certain security measures</rationale>
        <check system="http://oval.mitre.org/XMLSchema/oval-definitions-5">
          <check-content-ref name="oval:ssg-kernel_config_acpi_custom_method:def:1" href="ssg-sle15-oval.xml"/>
        </check>
        <check system="http://scap.nist.gov/schema/ocil/2">
          <check-content-ref name="ocil:ssg-kernel_config_acpi_custom_method_ocil:questionnaire:1" href="ssg-sle15-ocil.xml"/>
        </check>
      </Rule>
      <Rule id="xccdf_org.ssgproject.content_rule_kernel_config_binfmt_misc" selected="false" role="full" severity="medium">
        <title xmlns:xhtml="http://www.w3.org/1999/xhtml" xml:lang="en-US">Disable kernel support for MISC binaries</title>
        <description xmlns:xhtml="http://www.w3.org/1999/xhtml" xml:lang="en-US">Enabling <html:code xmlns:html="http://www.w3.org/1999/xhtml">CONFIG_BINFMT_MISC</html:code> makes it possible to plug wrapper-driven binary formats
into the kernel. This is specially useful for programs that need an interpreter to run like
Java, Python and DOS emulators. Once you have registered such a binary class with the kernel,
you can start one of those programs simply by typing in its name at a shell prompt.

The configuration that was used to build kernel is available at <html:code xmlns:html="http://www.w3.org/1999/xhtml">/boot/config-*</html:code>.
    To check the configuration value for <html:code xmlns:html="http://www.w3.org/1999/xhtml">CONFIG_BINFMT_MISC</html:code>, run the following command:
    <html:code xmlns:html="http://www.w3.org/1999/xhtml">grep CONFIG_BINFMT_MISC /boot/config-*</html:code>
    
    Configs with value 'n' are not explicitly set in the file, so either commented lines or no
    lines should be returned.
    </description>
        <warning xmlns:xhtml="http://www.w3.org/1999/xhtml" xml:lang="en-US" category="general">There is no remediation for this besides re-compiling the kernel with the appropriate value for the config.</warning>
        <reference href="https://cyber.gouv.fr/sites/default/files/document/linux_configuration-en-v2.pdf">R23</reference>
        <rationale xmlns:xhtml="http://www.w3.org/1999/xhtml" xml:lang="en-US">This disables arbitrary binary format support and helps reduce attack surface.</rationale>
        <check system="http://oval.mitre.org/XMLSchema/oval-definitions-5">
          <check-content-ref name="oval:ssg-kernel_config_binfmt_misc:def:1" href="ssg-sle15-oval.xml"/>
        </check>
        <check system="http://scap.nist.gov/schema/ocil/2">
          <check-content-ref name="ocil:ssg-kernel_config_binfmt_misc_ocil:questionnaire:1" href="ssg-sle15-ocil.xml"/>
        </check>
      </Rule>
      <Rule id="xccdf_org.ssgproject.content_rule_kernel_config_bug" selected="false" role="full" severity="medium">
        <title xmlns:xhtml="http://www.w3.org/1999/xhtml" xml:lang="en-US">Enable support for BUG()</title>
        <description xmlns:xhtml="http://www.w3.org/1999/xhtml" xml:lang="en-US">Disabling this option eliminates support for BUG and WARN, reducing the size of your kernel
image and potentially quietly ignoring numerous fatal conditions. You should only consider
disabling this option for embedded systems with no facilities for reporting errors.

The configuration that was used to build kernel is available at <html:code xmlns:html="http://www.w3.org/1999/xhtml">/boot/config-*</html:code>.
    To check the configuration value for <html:code xmlns:html="http://www.w3.org/1999/xhtml">CONFIG_BUG</html:code>, run the following command:
    <html:code xmlns:html="http://www.w3.org/1999/xhtml">grep CONFIG_BUG /boot/config-*</html:code>
    
    For each kernel installed, a line with value "y" should be returned.
    </description>
        <warning xmlns:xhtml="http://www.w3.org/1999/xhtml" xml:lang="en-US" category="general">There is no remediation for this besides re-compiling the kernel with the appropriate value for the config.</warning>
        <reference href="https://cyber.gouv.fr/sites/default/files/document/linux_configuration-en-v2.pdf">R19</reference>
        <rationale xmlns:xhtml="http://www.w3.org/1999/xhtml" xml:lang="en-US">Not setting this variable may hide a number of critical errors.</rationale>
        <check system="http://oval.mitre.org/XMLSchema/oval-definitions-5">
          <check-content-ref name="oval:ssg-kernel_config_bug:def:1" href="ssg-sle15-oval.xml"/>
        </check>
        <check system="http://scap.nist.gov/schema/ocil/2">
          <check-content-ref name="ocil:ssg-kernel_config_bug_ocil:questionnaire:1" href="ssg-sle15-ocil.xml"/>
        </check>
      </Rule>
      <Rule id="xccdf_org.ssgproject.content_rule_kernel_config_compat_brk" selected="false" role="full" severity="medium">
        <title xmlns:xhtml="http://www.w3.org/1999/xhtml" xml:lang="en-US">Disable compatibility with brk()</title>
        <description xmlns:xhtml="http://www.w3.org/1999/xhtml" xml:lang="en-US">Enabling compatiliby with <html:code xmlns:html="http://www.w3.org/1999/xhtml">brk()</html:code> allows legacy binaries to run (i.e. those linked
against libc5). But this compatibility comes at the cost of not being able to randomize
the heap placement (ASLR).

Unless legacy binaries need to run on the system, set <html:code xmlns:html="http://www.w3.org/1999/xhtml">CONFIG_COMPAT_BRK</html:code> to <html:code xmlns:html="http://www.w3.org/1999/xhtml">"n"</html:code>.

The configuration that was used to build kernel is available at <html:code xmlns:html="http://www.w3.org/1999/xhtml">/boot/config-*</html:code>.
    To check the configuration value for <html:code xmlns:html="http://www.w3.org/1999/xhtml">CONFIG_COMPAT_BRK</html:code>, run the following command:
    <html:code xmlns:html="http://www.w3.org/1999/xhtml">grep CONFIG_COMPAT_BRK /boot/config-*</html:code>
    
    Configs with value 'n' are not explicitly set in the file, so either commented lines or no
    lines should be returned.
    </description>
        <warning xmlns:xhtml="http://www.w3.org/1999/xhtml" xml:lang="en-US" category="general">There is no remediation for this besides re-compiling the kernel with the appropriate value for the config.</warning>
        <reference href="https://cyber.gouv.fr/sites/default/files/document/linux_configuration-en-v2.pdf">R17</reference>
        <rationale xmlns:xhtml="http://www.w3.org/1999/xhtml" xml:lang="en-US">Enabling compatibility with brk() disables support for ASLR.</rationale>
        <check system="http://oval.mitre.org/XMLSchema/oval-definitions-5">
          <check-content-ref name="oval:ssg-kernel_config_compat_brk:def:1" href="ssg-sle15-oval.xml"/>
        </check>
        <check system="http://scap.nist.gov/schema/ocil/2">
          <check-content-ref name="ocil:ssg-kernel_config_compat_brk_ocil:questionnaire:1" href="ssg-sle15-ocil.xml"/>
        </check>
      </Rule>
      <Rule id="xccdf_org.ssgproject.content_rule_kernel_config_compat_vdso" selected="false" role="full" severity="low">
        <title xmlns:xhtml="http://www.w3.org/1999/xhtml" xml:lang="en-US">Disable the 32-bit vDSO</title>
        <description xmlns:xhtml="http://www.w3.org/1999/xhtml" xml:lang="en-US">Certain buggy versions of glibc (2.3.3) will crash if they are presented with a 32-bit vDSO
that is not mapped at the address indicated in its segment table.
Setting <html:code xmlns:html="http://www.w3.org/1999/xhtml">CONFIG_COMPAT_VDSO</html:code> to <html:code xmlns:html="http://www.w3.org/1999/xhtml">y</html:code> turns off the 32-bit VDSO and works
around the glibc bug.

The configuration that was used to build kernel is available at <html:code xmlns:html="http://www.w3.org/1999/xhtml">/boot/config-*</html:code>.
    To check the configuration value for <html:code xmlns:html="http://www.w3.org/1999/xhtml">CONFIG_COMPAT_VDSO</html:code>, run the following command:
    <html:code xmlns:html="http://www.w3.org/1999/xhtml">grep CONFIG_COMPAT_VDSO /boot/config-*</html:code>
    
    Configs with value 'n' are not explicitly set in the file, so either commented lines or no
    lines should be returned.
    </description>
        <warning xmlns:xhtml="http://www.w3.org/1999/xhtml" xml:lang="en-US" category="general">There is no remediation for this besides re-compiling the kernel with the appropriate value for the config.</warning>
        <reference href="https://cyber.gouv.fr/sites/default/files/document/linux_configuration-en-v2.pdf">R15</reference>
        <rationale xmlns:xhtml="http://www.w3.org/1999/xhtml" xml:lang="en-US">Enabling VDSO compatibility hurts performance and disables ASLR.</rationale>
        <check system="http://oval.mitre.org/XMLSchema/oval-definitions-5">
          <check-content-ref name="oval:ssg-kernel_config_compat_vdso:def:1" href="ssg-sle15-oval.xml"/>
        </check>
        <check system="http://scap.nist.gov/schema/ocil/2">
          <check-content-ref name="ocil:ssg-kernel_config_compat_vdso_ocil:questionnaire:1" href="ssg-sle15-ocil.xml"/>
        </check>
      </Rule>
      <Rule id="xccdf_org.ssgproject.content_rule_kernel_config_debug_credentials" selected="false" role="full" severity="low">
        <title xmlns:xhtml="http://www.w3.org/1999/xhtml" xml:lang="en-US">Enable checks on credential management</title>
        <description xmlns:xhtml="http://www.w3.org/1999/xhtml" xml:lang="en-US">Enable this to turn on some debug checking for credential management. The additional code keeps
track of the number of pointers from task_structs to any given cred struct, and checks to see
that this number never exceeds the usage count of the cred struct.

Furthermore, if SELinux is enabled, this also checks that the security pointer in the cred
struct is never seen to be invalid.

The configuration that was used to build kernel is available at <html:code xmlns:html="http://www.w3.org/1999/xhtml">/boot/config-*</html:code>.
    To check the configuration value for <html:code xmlns:html="http://www.w3.org/1999/xhtml">CONFIG_DEBUG_CREDENTIALS</html:code>, run the following command:
    <html:code xmlns:html="http://www.w3.org/1999/xhtml">grep CONFIG_DEBUG_CREDENTIALS /boot/config-*</html:code>
    
    For each kernel installed, a line with value "y" should be returned.
    </description>
        <warning xmlns:xhtml="http://www.w3.org/1999/xhtml" xml:lang="en-US" category="general">There is no remediation for this besides re-compiling the kernel with the appropriate value for the config.</warning>
        <reference href="https://cyber.gouv.fr/sites/default/files/document/linux_configuration-en-v2.pdf">R16</reference>
        <rationale xmlns:xhtml="http://www.w3.org/1999/xhtml" xml:lang="en-US">This adds sanity checks and validations to credential data structures.</rationale>
        <check system="http://oval.mitre.org/XMLSchema/oval-definitions-5">
          <check-content-ref name="oval:ssg-kernel_config_debug_credentials:def:1" href="ssg-sle15-oval.xml"/>
        </check>
        <check system="http://scap.nist.gov/schema/ocil/2">
          <check-content-ref name="ocil:ssg-kernel_config_debug_credentials_ocil:questionnaire:1" href="ssg-sle15-ocil.xml"/>
        </check>
      </Rule>
      <Rule id="xccdf_org.ssgproject.content_rule_kernel_config_debug_fs" selected="false" role="full" severity="low">
        <title xmlns:xhtml="http://www.w3.org/1999/xhtml" xml:lang="en-US">Disable kernel debugfs</title>
        <description xmlns:xhtml="http://www.w3.org/1999/xhtml" xml:lang="en-US"><html:code xmlns:html="http://www.w3.org/1999/xhtml">debugfs</html:code> is a virtual file system that kernel developers use to put debugging files
into. Enable this option to be able to read and write to these files.

The configuration that was used to build kernel is available at <html:code xmlns:html="http://www.w3.org/1999/xhtml">/boot/config-*</html:code>.
    To check the configuration value for <html:code xmlns:html="http://www.w3.org/1999/xhtml">CONFIG_DEBUG_FS</html:code>, run the following command:
    <html:code xmlns:html="http://www.w3.org/1999/xhtml">grep CONFIG_DEBUG_FS /boot/config-*</html:code>
    
    Configs with value 'n' are not explicitly set in the file, so either commented lines or no
    lines should be returned.
    </description>
        <warning xmlns:xhtml="http://www.w3.org/1999/xhtml" xml:lang="en-US" category="general">There is no remediation for this besides re-compiling the kernel with the appropriate value for the config.</warning>
        <reference href="https://cyber.gouv.fr/sites/default/files/document/linux_configuration-en-v2.pdf">R15</reference>
        <rationale xmlns:xhtml="http://www.w3.org/1999/xhtml" xml:lang="en-US">To reduce the attack surface, this file system should be disabled if not in use.</rationale>
        <check system="http://oval.mitre.org/XMLSchema/oval-definitions-5">
          <check-content-ref name="oval:ssg-kernel_config_debug_fs:def:1" href="ssg-sle15-oval.xml"/>
        </check>
        <check system="http://scap.nist.gov/schema/ocil/2">
          <check-content-ref name="ocil:ssg-kernel_config_debug_fs_ocil:questionnaire:1" href="ssg-sle15-ocil.xml"/>
        </check>
      </Rule>
      <Rule id="xccdf_org.ssgproject.content_rule_kernel_config_debug_list" selected="false" role="full" severity="low">
        <title xmlns:xhtml="http://www.w3.org/1999/xhtml" xml:lang="en-US">Enable checks on linked list manipulation</title>
        <description xmlns:xhtml="http://www.w3.org/1999/xhtml" xml:lang="en-US">Enable this to turn on extended checks in the linked-list walking routines.

The configuration that was used to build kernel is available at <html:code xmlns:html="http://www.w3.org/1999/xhtml">/boot/config-*</html:code>.
    To check the configuration value for <html:code xmlns:html="http://www.w3.org/1999/xhtml">CONFIG_DEBUG_LIST</html:code>, run the following command:
    <html:code xmlns:html="http://www.w3.org/1999/xhtml">grep CONFIG_DEBUG_LIST /boot/config-*</html:code>
    
    For each kernel installed, a line with value "y" should be returned.
    </description>
        <warning xmlns:xhtml="http://www.w3.org/1999/xhtml" xml:lang="en-US" category="general">There is no remediation for this besides re-compiling the kernel with the appropriate value for the config.</warning>
        <reference href="https://cyber.gouv.fr/sites/default/files/document/linux_configuration-en-v2.pdf">R16</reference>
        <rationale xmlns:xhtml="http://www.w3.org/1999/xhtml" xml:lang="en-US">This add sanity checks to manipulation of linked lists structures in the kernel and may
prevent exploits such as CVE-2017-1661, where a race condition and simultaneous operations
caused a list to corrupt.</rationale>
        <check system="http://oval.mitre.org/XMLSchema/oval-definitions-5">
          <check-content-ref name="oval:ssg-kernel_config_debug_list:def:1" href="ssg-sle15-oval.xml"/>
        </check>
        <check system="http://scap.nist.gov/schema/ocil/2">
          <check-content-ref name="ocil:ssg-kernel_config_debug_list_ocil:questionnaire:1" href="ssg-sle15-ocil.xml"/>
        </check>
      </Rule>
      <Rule id="xccdf_org.ssgproject.content_rule_kernel_config_debug_notifiers" selected="false" role="full" severity="low">
        <title xmlns:xhtml="http://www.w3.org/1999/xhtml" xml:lang="en-US">Enable checks on notifier call chains</title>
        <description xmlns:xhtml="http://www.w3.org/1999/xhtml" xml:lang="en-US">Enable this to turn on sanity checking for notifier call chains. This is most useful for kernel
developers to make sure that modules properly unregister themselves from notifier chains.

The configuration that was used to build kernel is available at <html:code xmlns:html="http://www.w3.org/1999/xhtml">/boot/config-*</html:code>.
    To check the configuration value for <html:code xmlns:html="http://www.w3.org/1999/xhtml">CONFIG_DEBUG_NOTIFIERS</html:code>, run the following command:
    <html:code xmlns:html="http://www.w3.org/1999/xhtml">grep CONFIG_DEBUG_NOTIFIERS /boot/config-*</html:code>
    
    For each kernel installed, a line with value "y" should be returned.
    </description>
        <warning xmlns:xhtml="http://www.w3.org/1999/xhtml" xml:lang="en-US" category="general">There is no remediation for this besides re-compiling the kernel with the appropriate value for the config.</warning>
        <reference href="https://cyber.gouv.fr/sites/default/files/document/linux_configuration-en-v2.pdf">R16</reference>
        <rationale xmlns:xhtml="http://www.w3.org/1999/xhtml" xml:lang="en-US">This provides validation of notifier chains, it checks whether the notifiers are from the
kernel or a module that is still loaded prior to being invoked.</rationale>
        <check system="http://oval.mitre.org/XMLSchema/oval-definitions-5">
          <check-content-ref name="oval:ssg-kernel_config_debug_notifiers:def:1" href="ssg-sle15-oval.xml"/>
        </check>
        <check system="http://scap.nist.gov/schema/ocil/2">
          <check-content-ref name="ocil:ssg-kernel_config_debug_notifiers_ocil:questionnaire:1" href="ssg-sle15-ocil.xml"/>
        </check>
      </Rule>
      <Rule id="xccdf_org.ssgproject.content_rule_kernel_config_debug_sg" selected="false" role="full" severity="low">
        <title xmlns:xhtml="http://www.w3.org/1999/xhtml" xml:lang="en-US">Enable checks on scatter-gather (SG) table operations</title>
        <description xmlns:xhtml="http://www.w3.org/1999/xhtml" xml:lang="en-US">Scatter-gather tables are mechanism used for high performance I/O on DMA devices.
Enable this to turn on checks on scatter-gather tables.

The configuration that was used to build kernel is available at <html:code xmlns:html="http://www.w3.org/1999/xhtml">/boot/config-*</html:code>.
    To check the configuration value for <html:code xmlns:html="http://www.w3.org/1999/xhtml">CONFIG_DEBUG_SG</html:code>, run the following command:
    <html:code xmlns:html="http://www.w3.org/1999/xhtml">grep CONFIG_DEBUG_SG /boot/config-*</html:code>
    
    For each kernel installed, a line with value "y" should be returned.
    </description>
        <warning xmlns:xhtml="http://www.w3.org/1999/xhtml" xml:lang="en-US" category="general">There is no remediation for this besides re-compiling the kernel with the appropriate value for the config.</warning>
        <reference href="https://cyber.gouv.fr/sites/default/files/document/linux_configuration-en-v2.pdf">R16</reference>
        <rationale xmlns:xhtml="http://www.w3.org/1999/xhtml" xml:lang="en-US">This can help find problems with drivers that do not properly initialize their SG tables.</rationale>
        <check system="http://oval.mitre.org/XMLSchema/oval-definitions-5">
          <check-content-ref name="oval:ssg-kernel_config_debug_sg:def:1" href="ssg-sle15-oval.xml"/>
        </check>
        <check system="http://scap.nist.gov/schema/ocil/2">
          <check-content-ref name="ocil:ssg-kernel_config_debug_sg_ocil:questionnaire:1" href="ssg-sle15-ocil.xml"/>
        </check>
      </Rule>
      <Rule id="xccdf_org.ssgproject.content_rule_kernel_config_default_mmap_min_addr" selected="false" role="full" severity="medium">
        <title xmlns:xhtml="http://www.w3.org/1999/xhtml" xml:lang="en-US">Configure Low Address Space To Protect From User Allocation</title>
        <description xmlns:xhtml="http://www.w3.org/1999/xhtml" xml:lang="en-US">This is the portion of low virtual memory which should be protected from userspace allocation.
This configuration is available from kernel 3.14, but may be available if backported
by distros.

The configuration that was used to build kernel is available at <html:code xmlns:html="http://www.w3.org/1999/xhtml">/boot/config-*</html:code>.
To check the configuration value for <html:code xmlns:html="http://www.w3.org/1999/xhtml">CONFIG_DEFAULT_MMAP_MIN_ADDR</html:code>, run the following command:
<html:code xmlns:html="http://www.w3.org/1999/xhtml">grep CONFIG_DEFAULT_MMAP_MIN_ADDR /boot/config-*</html:code>
For each kernel installed, a line with value should be returned.
If the system architecture is x86_64, the value should be 65536.
If the system architecture is aarch64, the value should be 32768.</description>
        <warning xmlns:xhtml="http://www.w3.org/1999/xhtml" xml:lang="en-US" category="general">There is no remediation for this besides re-compiling the kernel with the appropriate value for the config.</warning>
        <reference href="https://cyber.gouv.fr/sites/default/files/document/linux_configuration-en-v2.pdf">R25</reference>
        <reference href="https://cyber.gouv.fr/sites/default/files/document/linux_configuration-en-v2.pdf">R27</reference>
        <rationale xmlns:xhtml="http://www.w3.org/1999/xhtml" xml:lang="en-US">Keeping a user from writing to low pages can help reduce the impact of kernel NULL pointer bugs.</rationale>
        <platform idref="#aarch64_arch_or_x86_64_arch"/>
        <check system="http://oval.mitre.org/XMLSchema/oval-definitions-5">
          <check-content-ref name="oval:ssg-kernel_config_default_mmap_min_addr:def:1" href="ssg-sle15-oval.xml"/>
        </check>
        <check system="http://scap.nist.gov/schema/ocil/2">
          <check-content-ref name="ocil:ssg-kernel_config_default_mmap_min_addr_ocil:questionnaire:1" href="ssg-sle15-ocil.xml"/>
        </check>
      </Rule>
      <Rule id="xccdf_org.ssgproject.content_rule_kernel_config_devkmem" selected="false" role="full" severity="low">
        <title xmlns:xhtml="http://www.w3.org/1999/xhtml" xml:lang="en-US">Disable /dev/kmem virtual device support</title>
        <description xmlns:xhtml="http://www.w3.org/1999/xhtml" xml:lang="en-US">Disable support for the /dev/kmem device.

The configuration that was used to build kernel is available at <html:code xmlns:html="http://www.w3.org/1999/xhtml">/boot/config-*</html:code>.
    To check the configuration value for <html:code xmlns:html="http://www.w3.org/1999/xhtml">CONFIG_DEVKMEM</html:code>, run the following command:
    <html:code xmlns:html="http://www.w3.org/1999/xhtml">grep CONFIG_DEVKMEM /boot/config-*</html:code>
    
    Configs with value 'n' are not explicitly set in the file, so either commented lines or no
    lines should be returned.
    </description>
        <warning xmlns:xhtml="http://www.w3.org/1999/xhtml" xml:lang="en-US" category="general">There is no remediation for this besides re-compiling the kernel with the appropriate value for the config.</warning>
        <reference href="https://cyber.gouv.fr/sites/default/files/document/linux_configuration-en-v2.pdf">R15</reference>
        <rationale xmlns:xhtml="http://www.w3.org/1999/xhtml" xml:lang="en-US">The /dev/kmem device is rarely used, but can be used for certain kind of kernel debugging
operations.</rationale>
        <check system="http://oval.mitre.org/XMLSchema/oval-definitions-5">
          <check-content-ref name="oval:ssg-kernel_config_devkmem:def:1" href="ssg-sle15-oval.xml"/>
        </check>
        <check system="http://scap.nist.gov/schema/ocil/2">
          <check-content-ref name="ocil:ssg-kernel_config_devkmem_ocil:questionnaire:1" href="ssg-sle15-ocil.xml"/>
        </check>
      </Rule>
      <Rule id="xccdf_org.ssgproject.content_rule_kernel_config_hibernation" selected="false" role="full" severity="medium">
        <title xmlns:xhtml="http://www.w3.org/1999/xhtml" xml:lang="en-US">Disable hibernation</title>
        <description xmlns:xhtml="http://www.w3.org/1999/xhtml" xml:lang="en-US">Enable the suspend to disk (STD) functionality, which is usually called "hibernation" in user
interfaces. STD checkpoints the system and powers it off; and restores that checkpoint on
reboot.

The configuration that was used to build kernel is available at <html:code xmlns:html="http://www.w3.org/1999/xhtml">/boot/config-*</html:code>.
    To check the configuration value for <html:code xmlns:html="http://www.w3.org/1999/xhtml">CONFIG_HIBERNATION</html:code>, run the following command:
    <html:code xmlns:html="http://www.w3.org/1999/xhtml">grep CONFIG_HIBERNATION /boot/config-*</html:code>
    
    Configs with value 'n' are not explicitly set in the file, so either commented lines or no
    lines should be returned.
    </description>
        <warning xmlns:xhtml="http://www.w3.org/1999/xhtml" xml:lang="en-US" category="general">There is no remediation for this besides re-compiling the kernel with the appropriate value for the config.</warning>
        <reference href="https://cyber.gouv.fr/sites/default/files/document/linux_configuration-en-v2.pdf">R23</reference>
        <rationale xmlns:xhtml="http://www.w3.org/1999/xhtml" xml:lang="en-US">Suspending to disk allows one to replace the running kernel.</rationale>
        <check system="http://oval.mitre.org/XMLSchema/oval-definitions-5">
          <check-content-ref name="oval:ssg-kernel_config_hibernation:def:1" href="ssg-sle15-oval.xml"/>
        </check>
        <check system="http://scap.nist.gov/schema/ocil/2">
          <check-content-ref name="ocil:ssg-kernel_config_hibernation_ocil:questionnaire:1" href="ssg-sle15-ocil.xml"/>
        </check>
      </Rule>
      <Rule id="xccdf_org.ssgproject.content_rule_kernel_config_ia32_emulation" selected="false" role="full" severity="medium">
        <title xmlns:xhtml="http://www.w3.org/1999/xhtml" xml:lang="en-US">Disable IA32 emulation</title>
        <description xmlns:xhtml="http://www.w3.org/1999/xhtml" xml:lang="en-US">Disables support for legacy 32-bit programs under a 64-bit kernel.

The configuration that was used to build kernel is available at <html:code xmlns:html="http://www.w3.org/1999/xhtml">/boot/config-*</html:code>.
    To check the configuration value for <html:code xmlns:html="http://www.w3.org/1999/xhtml">CONFIG_IA32_EMULATION</html:code>, run the following command:
    <html:code xmlns:html="http://www.w3.org/1999/xhtml">grep CONFIG_IA32_EMULATION /boot/config-*</html:code>
    
    Configs with value 'n' are not explicitly set in the file, so either commented lines or no
    lines should be returned.
    </description>
        <warning xmlns:xhtml="http://www.w3.org/1999/xhtml" xml:lang="en-US" category="general">There is no remediation for this besides re-compiling the kernel with the appropriate value for the config.</warning>
        <warning xmlns:xhtml="http://www.w3.org/1999/xhtml" xml:lang="en-US" category="general">Only disable support for 32-bit programs if you are sure you don't need any 32-bit program.</warning>
        <reference href="https://cyber.gouv.fr/sites/default/files/document/linux_configuration-en-v2.pdf">R25</reference>
        <rationale xmlns:xhtml="http://www.w3.org/1999/xhtml" xml:lang="en-US">Disabling 32-bit backwards compatibility helps reduce the attack surface.</rationale>
        <platform idref="#x86_64_arch"/>
        <check system="http://oval.mitre.org/XMLSchema/oval-definitions-5">
          <check-content-ref name="oval:ssg-kernel_config_ia32_emulation:def:1" href="ssg-sle15-oval.xml"/>
        </check>
        <check system="http://scap.nist.gov/schema/ocil/2">
          <check-content-ref name="ocil:ssg-kernel_config_ia32_emulation_ocil:questionnaire:1" href="ssg-sle15-ocil.xml"/>
        </check>
      </Rule>
      <Rule id="xccdf_org.ssgproject.content_rule_kernel_config_ipv6" selected="false" role="full" severity="medium">
        <title xmlns:xhtml="http://www.w3.org/1999/xhtml" xml:lang="en-US">Disable the IPv6 protocol</title>
        <description xmlns:xhtml="http://www.w3.org/1999/xhtml" xml:lang="en-US">Disable support for IP version 6 (IPv6).

The configuration that was used to build kernel is available at <html:code xmlns:html="http://www.w3.org/1999/xhtml">/boot/config-*</html:code>.
    To check the configuration value for <html:code xmlns:html="http://www.w3.org/1999/xhtml">CONFIG_IPV6</html:code>, run the following command:
    <html:code xmlns:html="http://www.w3.org/1999/xhtml">grep CONFIG_IPV6 /boot/config-*</html:code>
    
    Configs with value 'n' are not explicitly set in the file, so either commented lines or no
    lines should be returned.
    </description>
        <warning xmlns:xhtml="http://www.w3.org/1999/xhtml" xml:lang="en-US" category="general">There is no remediation for this besides re-compiling the kernel with the appropriate value for the config.</warning>
        <rationale xmlns:xhtml="http://www.w3.org/1999/xhtml" xml:lang="en-US">Any unnecessary network stacks, including IPv6, should be disabled to reduce
the vulnerability to exploitation.</rationale>
        <check system="http://oval.mitre.org/XMLSchema/oval-definitions-5">
          <check-content-ref name="oval:ssg-kernel_config_ipv6:def:1" href="ssg-sle15-oval.xml"/>
        </check>
        <check system="http://scap.nist.gov/schema/ocil/2">
          <check-content-ref name="ocil:ssg-kernel_config_ipv6_ocil:questionnaire:1" href="ssg-sle15-ocil.xml"/>
        </check>
      </Rule>
      <Rule id="xccdf_org.ssgproject.content_rule_kernel_config_kexec" selected="false" role="full" severity="low">
        <title xmlns:xhtml="http://www.w3.org/1999/xhtml" xml:lang="en-US">Disable kexec system call</title>
        <description xmlns:xhtml="http://www.w3.org/1999/xhtml" xml:lang="en-US"><html:code xmlns:html="http://www.w3.org/1999/xhtml">kexec</html:code> is a system call that implements the ability to shutdown your current kernel,
and to start another kernel. It is like a reboot but it is independent of the system firmware.
And like a reboot you can start any kernel with it, not just Linux.

The configuration that was used to build kernel is available at <html:code xmlns:html="http://www.w3.org/1999/xhtml">/boot/config-*</html:code>.
    To check the configuration value for <html:code xmlns:html="http://www.w3.org/1999/xhtml">CONFIG_KEXEC</html:code>, run the following command:
    <html:code xmlns:html="http://www.w3.org/1999/xhtml">grep CONFIG_KEXEC /boot/config-*</html:code>
    
    Configs with value 'n' are not explicitly set in the file, so either commented lines or no
    lines should be returned.
    </description>
        <warning xmlns:xhtml="http://www.w3.org/1999/xhtml" xml:lang="en-US" category="general">There is no remediation for this besides re-compiling the kernel with the appropriate value for the config.</warning>
        <reference href="https://cyber.gouv.fr/sites/default/files/document/linux_configuration-en-v2.pdf">R23</reference>
        <rationale xmlns:xhtml="http://www.w3.org/1999/xhtml" xml:lang="en-US">Prohibits the execution of a new kernel image after reboot.</rationale>
        <check system="http://oval.mitre.org/XMLSchema/oval-definitions-5">
          <check-content-ref name="oval:ssg-kernel_config_kexec:def:1" href="ssg-sle15-oval.xml"/>
        </check>
        <check system="http://scap.nist.gov/schema/ocil/2">
          <check-content-ref name="ocil:ssg-kernel_config_kexec_ocil:questionnaire:1" href="ssg-sle15-ocil.xml"/>
        </check>
      </Rule>
      <Rule id="xccdf_org.ssgproject.content_rule_kernel_config_legacy_ptys" selected="false" role="full" severity="medium">
        <title xmlns:xhtml="http://www.w3.org/1999/xhtml" xml:lang="en-US">Disable legacy (BSD) PTY support</title>
        <description xmlns:xhtml="http://www.w3.org/1999/xhtml" xml:lang="en-US">Disable the Linux traditional BSD-like terminal names /dev/ptyxx for masters and /dev/ttyxx for
slaves of pseudo terminals, and use only the modern ptys (devpts) interface.

The configuration that was used to build kernel is available at <html:code xmlns:html="http://www.w3.org/1999/xhtml">/boot/config-*</html:code>.
    To check the configuration value for <html:code xmlns:html="http://www.w3.org/1999/xhtml">CONFIG_LEGACY_PTYS</html:code>, run the following command:
    <html:code xmlns:html="http://www.w3.org/1999/xhtml">grep CONFIG_LEGACY_PTYS /boot/config-*</html:code>
    
    Configs with value 'n' are not explicitly set in the file, so either commented lines or no
    lines should be returned.
    </description>
        <warning xmlns:xhtml="http://www.w3.org/1999/xhtml" xml:lang="en-US" category="general">There is no remediation for this besides re-compiling the kernel with the appropriate value for the config.</warning>
        <reference href="https://cyber.gouv.fr/sites/default/files/document/linux_configuration-en-v2.pdf">R23</reference>
        <rationale xmlns:xhtml="http://www.w3.org/1999/xhtml" xml:lang="en-US">The legacy scheme has a number of security problems.</rationale>
        <check system="http://oval.mitre.org/XMLSchema/oval-definitions-5">
          <check-content-ref name="oval:ssg-kernel_config_legacy_ptys:def:1" href="ssg-sle15-oval.xml"/>
        </check>
        <check system="http://scap.nist.gov/schema/ocil/2">
          <check-content-ref name="ocil:ssg-kernel_config_legacy_ptys_ocil:questionnaire:1" href="ssg-sle15-ocil.xml"/>
        </check>
      </Rule>
      <Rule id="xccdf_org.ssgproject.content_rule_kernel_config_module_sig" selected="false" role="full" severity="medium">
        <title xmlns:xhtml="http://www.w3.org/1999/xhtml" xml:lang="en-US">Enable module signature verification</title>
        <description xmlns:xhtml="http://www.w3.org/1999/xhtml" xml:lang="en-US">Check modules for valid signatures upon load.
Note that this option adds the OpenSSL development packages as a kernel build dependency so
that the signing tool can use its crypto library.

The configuration that was used to build kernel is available at <html:code xmlns:html="http://www.w3.org/1999/xhtml">/boot/config-*</html:code>.
    To check the configuration value for <html:code xmlns:html="http://www.w3.org/1999/xhtml">CONFIG_MODULE_SIG</html:code>, run the following command:
    <html:code xmlns:html="http://www.w3.org/1999/xhtml">grep CONFIG_MODULE_SIG /boot/config-*</html:code>
    
    For each kernel installed, a line with value "y" should be returned.
    </description>
        <warning xmlns:xhtml="http://www.w3.org/1999/xhtml" xml:lang="en-US" category="general">There is no remediation for this besides re-compiling the kernel with the appropriate value for the config.</warning>
        <reference href="https://cyber.gouv.fr/sites/default/files/document/linux_configuration-en-v2.pdf">R18</reference>
        <rationale xmlns:xhtml="http://www.w3.org/1999/xhtml" xml:lang="en-US">Loaded modules must be signed.</rationale>
        <check system="http://oval.mitre.org/XMLSchema/oval-definitions-5">
          <check-content-ref name="oval:ssg-kernel_config_module_sig:def:1" href="ssg-sle15-oval.xml"/>
        </check>
        <check system="http://scap.nist.gov/schema/ocil/2">
          <check-content-ref name="ocil:ssg-kernel_config_module_sig_ocil:questionnaire:1" href="ssg-sle15-ocil.xml"/>
        </check>
      </Rule>
      <Rule id="xccdf_org.ssgproject.content_rule_kernel_config_module_sig_all" selected="false" role="full" severity="medium">
        <title xmlns:xhtml="http://www.w3.org/1999/xhtml" xml:lang="en-US">Enable automatic signing of all modules</title>
        <description xmlns:xhtml="http://www.w3.org/1999/xhtml" xml:lang="en-US">Sign all modules during make modules_install. Without this option, modules must be signed
manually, using the scripts/sign-file tool.

The configuration that was used to build kernel is available at <html:code xmlns:html="http://www.w3.org/1999/xhtml">/boot/config-*</html:code>.
    To check the configuration value for <html:code xmlns:html="http://www.w3.org/1999/xhtml">CONFIG_MODULE_SIG_ALL</html:code>, run the following command:
    <html:code xmlns:html="http://www.w3.org/1999/xhtml">grep CONFIG_MODULE_SIG_ALL /boot/config-*</html:code>
    
    For each kernel installed, a line with value "y" should be returned.
    </description>
        <warning xmlns:xhtml="http://www.w3.org/1999/xhtml" xml:lang="en-US" category="general">There is no remediation for this besides re-compiling the kernel with the appropriate value for the config.</warning>
        <reference href="https://cyber.gouv.fr/sites/default/files/document/linux_configuration-en-v2.pdf">R18</reference>
        <rationale xmlns:xhtml="http://www.w3.org/1999/xhtml" xml:lang="en-US">This ensures the modules are signed during install process.</rationale>
        <check system="http://oval.mitre.org/XMLSchema/oval-definitions-5">
          <check-content-ref name="oval:ssg-kernel_config_module_sig_all:def:1" href="ssg-sle15-oval.xml"/>
        </check>
        <check system="http://scap.nist.gov/schema/ocil/2">
          <check-content-ref name="ocil:ssg-kernel_config_module_sig_all_ocil:questionnaire:1" href="ssg-sle15-ocil.xml"/>
        </check>
      </Rule>
      <Rule id="xccdf_org.ssgproject.content_rule_kernel_config_module_sig_force" selected="false" role="full" severity="medium">
        <title xmlns:xhtml="http://www.w3.org/1999/xhtml" xml:lang="en-US">Require modules to be validly signed</title>
        <description xmlns:xhtml="http://www.w3.org/1999/xhtml" xml:lang="en-US">Reject unsigned modules or signed modules with an unknown key.

The configuration that was used to build kernel is available at <html:code xmlns:html="http://www.w3.org/1999/xhtml">/boot/config-*</html:code>.
    To check the configuration value for <html:code xmlns:html="http://www.w3.org/1999/xhtml">CONFIG_MODULE_SIG_FORCE</html:code>, run the following command:
    <html:code xmlns:html="http://www.w3.org/1999/xhtml">grep CONFIG_MODULE_SIG_FORCE /boot/config-*</html:code>
    
    For each kernel installed, a line with value "y" should be returned.
    </description>
        <warning xmlns:xhtml="http://www.w3.org/1999/xhtml" xml:lang="en-US" category="general">There is no remediation for this besides re-compiling the kernel with the appropriate value for the config.</warning>
        <reference href="https://cyber.gouv.fr/sites/default/files/document/linux_configuration-en-v2.pdf">R18</reference>
        <rationale xmlns:xhtml="http://www.w3.org/1999/xhtml" xml:lang="en-US">Prevent loading modules that are unsigned or signed with an unknown key.</rationale>
        <check system="http://oval.mitre.org/XMLSchema/oval-definitions-5">
          <check-content-ref name="oval:ssg-kernel_config_module_sig_force:def:1" href="ssg-sle15-oval.xml"/>
        </check>
        <check system="http://scap.nist.gov/schema/ocil/2">
          <check-content-ref name="ocil:ssg-kernel_config_module_sig_force_ocil:questionnaire:1" href="ssg-sle15-ocil.xml"/>
        </check>
      </Rule>
      <Rule id="xccdf_org.ssgproject.content_rule_kernel_config_module_sig_hash" selected="false" role="full" severity="medium">
        <title xmlns:xhtml="http://www.w3.org/1999/xhtml" xml:lang="en-US">Specify the hash to use when signing modules</title>
        <description xmlns:xhtml="http://www.w3.org/1999/xhtml" xml:lang="en-US">This configures the kernel to build and sign modules using
<xccdf-1.2:sub xmlns:xccdf-1.2="http://checklists.nist.gov/xccdf/1.2" idref="xccdf_org.ssgproject.content_value_var_kernel_config_module_sig_hash" use="legacy"/> as the hash function.

The configuration that was used to build kernel is available at <html:code xmlns:html="http://www.w3.org/1999/xhtml">/boot/config-*</html:code>.
    To check the configuration value for <html:code xmlns:html="http://www.w3.org/1999/xhtml">CONFIG_MODULE_SIG_HASH</html:code>, run the following command:
    <html:code xmlns:html="http://www.w3.org/1999/xhtml">grep CONFIG_MODULE_SIG_HASH /boot/config-*</html:code>
    
    For each kernel installed, a line with value "<xccdf-1.2:sub xmlns:xccdf-1.2="http://checklists.nist.gov/xccdf/1.2" idref="xccdf_org.ssgproject.content_value_var_kernel_config_module_sig_hash" use="legacy"/>" should be returned.
    </description>
        <warning xmlns:xhtml="http://www.w3.org/1999/xhtml" xml:lang="en-US" category="general">There is no remediation for this besides re-compiling the kernel with the appropriate value for the config.</warning>
        <reference href="https://cyber.gouv.fr/sites/default/files/document/linux_configuration-en-v2.pdf">R18</reference>
        <rationale xmlns:xhtml="http://www.w3.org/1999/xhtml" xml:lang="en-US">Use of strong hash function is important to secure the module against counterfeit signatures.</rationale>
        <check system="http://oval.mitre.org/XMLSchema/oval-definitions-5">
          <check-export export-name="oval:ssg-var_kernel_config_module_sig_hash:var:1" value-id="xccdf_org.ssgproject.content_value_var_kernel_config_module_sig_hash"/>
          <check-content-ref name="oval:ssg-kernel_config_module_sig_hash:def:1" href="ssg-sle15-oval.xml"/>
        </check>
        <check system="http://scap.nist.gov/schema/ocil/2">
          <check-content-ref name="ocil:ssg-kernel_config_module_sig_hash_ocil:questionnaire:1" href="ssg-sle15-ocil.xml"/>
        </check>
      </Rule>
      <Rule id="xccdf_org.ssgproject.content_rule_kernel_config_module_sig_key" selected="false" role="full" severity="medium">
        <title xmlns:xhtml="http://www.w3.org/1999/xhtml" xml:lang="en-US">Specify module signing key to use</title>
        <description xmlns:xhtml="http://www.w3.org/1999/xhtml" xml:lang="en-US">Setting this option to something other than its default of <html:code xmlns:html="http://www.w3.org/1999/xhtml">certs/signing_key.pem</html:code> will
disable the autogeneration of signing keys and allow the kernel modules to be signed with a key
of your choosing.

The string provided should identify a file containing both a private key and
its corresponding X.509 certificate in PEM form, or — on systems where the OpenSSL ENGINE_pkcs11
is functional — a PKCS#11 URI as defined by RFC7512. In the latter case, the PKCS#11 URI should
reference both a certificate and a private key.

The configuration that was used to build kernel is available at <html:code xmlns:html="http://www.w3.org/1999/xhtml">/boot/config-*</html:code>.
    To check the configuration value for <html:code xmlns:html="http://www.w3.org/1999/xhtml">CONFIG_MODULE_SIG_KEY</html:code>, run the following command:
    <html:code xmlns:html="http://www.w3.org/1999/xhtml">grep CONFIG_MODULE_SIG_KEY /boot/config-*</html:code>
    
    For each kernel installed, a line with value "<xccdf-1.2:sub xmlns:xccdf-1.2="http://checklists.nist.gov/xccdf/1.2" idref="xccdf_org.ssgproject.content_value_var_kernel_config_module_sig_key" use="legacy"/>" should be returned.
    </description>
        <warning xmlns:xhtml="http://www.w3.org/1999/xhtml" xml:lang="en-US" category="general">There is no remediation for this besides re-compiling the kernel with the appropriate value for the config.</warning>
        <reference href="https://cyber.gouv.fr/sites/default/files/document/linux_configuration-en-v2.pdf">R18</reference>
        <rationale xmlns:xhtml="http://www.w3.org/1999/xhtml" xml:lang="en-US">A key and certificate is required to sign the built modules.</rationale>
        <check system="http://oval.mitre.org/XMLSchema/oval-definitions-5">
          <check-export export-name="oval:ssg-var_kernel_config_module_sig_key:var:1" value-id="xccdf_org.ssgproject.content_value_var_kernel_config_module_sig_key"/>
          <check-content-ref name="oval:ssg-kernel_config_module_sig_key:def:1" href="ssg-sle15-oval.xml"/>
        </check>
        <check system="http://scap.nist.gov/schema/ocil/2">
          <check-content-ref name="ocil:ssg-kernel_config_module_sig_key_ocil:questionnaire:1" href="ssg-sle15-ocil.xml"/>
        </check>
      </Rule>
      <Rule id="xccdf_org.ssgproject.content_rule_kernel_config_module_sig_sha512" selected="false" role="full" severity="medium">
        <title xmlns:xhtml="http://www.w3.org/1999/xhtml" xml:lang="en-US">Sign kernel modules with SHA-512</title>
        <description xmlns:xhtml="http://www.w3.org/1999/xhtml" xml:lang="en-US">This configures the kernel to build and sign modules using SHA512 as the hash function.

The configuration that was used to build kernel is available at <html:code xmlns:html="http://www.w3.org/1999/xhtml">/boot/config-*</html:code>.
    To check the configuration value for <html:code xmlns:html="http://www.w3.org/1999/xhtml">CONFIG_MODULE_SIG_SHA512</html:code>, run the following command:
    <html:code xmlns:html="http://www.w3.org/1999/xhtml">grep CONFIG_MODULE_SIG_SHA512 /boot/config-*</html:code>
    
    For each kernel installed, a line with value "y" should be returned.
    </description>
        <warning xmlns:xhtml="http://www.w3.org/1999/xhtml" xml:lang="en-US" category="general">There is no remediation for this besides re-compiling the kernel with the appropriate value for the config.</warning>
        <reference href="https://cyber.gouv.fr/sites/default/files/document/linux_configuration-en-v2.pdf">R18</reference>
        <rationale xmlns:xhtml="http://www.w3.org/1999/xhtml" xml:lang="en-US">Use of strong hash function is important to secure the module against counterfeit signatures.</rationale>
        <check system="http://oval.mitre.org/XMLSchema/oval-definitions-5">
          <check-content-ref name="oval:ssg-kernel_config_module_sig_sha512:def:1" href="ssg-sle15-oval.xml"/>
        </check>
        <check system="http://scap.nist.gov/schema/ocil/2">
          <check-content-ref name="ocil:ssg-kernel_config_module_sig_sha512_ocil:questionnaire:1" href="ssg-sle15-ocil.xml"/>
        </check>
      </Rule>
      <Rule id="xccdf_org.ssgproject.content_rule_kernel_config_page_poisoning_no_sanity" selected="false" role="full" severity="medium">
        <title xmlns:xhtml="http://www.w3.org/1999/xhtml" xml:lang="en-US">Enable poison without sanity check</title>
        <description xmlns:xhtml="http://www.w3.org/1999/xhtml" xml:lang="en-US">Skip the sanity checking on alloc, only fill the pages with poison on free. This reduces some
of the overhead of the poisoning feature.
This configuration is available from kernel 4.6.

The configuration that was used to build kernel is available at <html:code xmlns:html="http://www.w3.org/1999/xhtml">/boot/config-*</html:code>.
    To check the configuration value for <html:code xmlns:html="http://www.w3.org/1999/xhtml">CONFIG_PAGE_POISONING_NO_SANITY</html:code>, run the following command:
    <html:code xmlns:html="http://www.w3.org/1999/xhtml">grep CONFIG_PAGE_POISONING_NO_SANITY /boot/config-*</html:code>
    
    For each kernel installed, a line with value "y" should be returned.
    </description>
        <warning xmlns:xhtml="http://www.w3.org/1999/xhtml" xml:lang="en-US" category="general">There is no remediation for this besides re-compiling the kernel with the appropriate value for the config.</warning>
        <reference href="https://cyber.gouv.fr/sites/default/files/document/linux_configuration-en-v2.pdf">R17</reference>
        <rationale xmlns:xhtml="http://www.w3.org/1999/xhtml" xml:lang="en-US">This configuration helps alleviates the performance impact of poisonining.</rationale>
        <check system="http://oval.mitre.org/XMLSchema/oval-definitions-5">
          <check-content-ref name="oval:ssg-kernel_config_page_poisoning_no_sanity:def:1" href="ssg-sle15-oval.xml"/>
        </check>
        <check system="http://scap.nist.gov/schema/ocil/2">
          <check-content-ref name="ocil:ssg-kernel_config_page_poisoning_no_sanity_ocil:questionnaire:1" href="ssg-sle15-ocil.xml"/>
        </check>
      </Rule>
      <Rule id="xccdf_org.ssgproject.content_rule_kernel_config_page_poisoning_zero" selected="false" role="full" severity="medium">
        <title xmlns:xhtml="http://www.w3.org/1999/xhtml" xml:lang="en-US">Use zero for poisoning instead of debugging value</title>
        <description xmlns:xhtml="http://www.w3.org/1999/xhtml" xml:lang="en-US">Instead of using the existing poison value, fill the pages with zeros. This makes it harder to
detect when errors are occurring due to sanitization but the zeroing at free means that it is
no longer necessary to write zeros when GFP_ZERO is used on allocation.
This configuration is available from kernel 4.19.

The configuration that was used to build kernel is available at <html:code xmlns:html="http://www.w3.org/1999/xhtml">/boot/config-*</html:code>.
    To check the configuration value for <html:code xmlns:html="http://www.w3.org/1999/xhtml">CONFIG_PAGE_POISONING_ZERO</html:code>, run the following command:
    <html:code xmlns:html="http://www.w3.org/1999/xhtml">grep CONFIG_PAGE_POISONING_ZERO /boot/config-*</html:code>
    
    For each kernel installed, a line with value "y" should be returned.
    </description>
        <warning xmlns:xhtml="http://www.w3.org/1999/xhtml" xml:lang="en-US" category="general">There is no remediation for this besides re-compiling the kernel with the appropriate value for the config.</warning>
        <reference href="https://cyber.gouv.fr/sites/default/files/document/linux_configuration-en-v2.pdf">R17</reference>
        <rationale xmlns:xhtml="http://www.w3.org/1999/xhtml" xml:lang="en-US">This configuration helps alleviates the performance impact of poisonining.</rationale>
        <check system="http://oval.mitre.org/XMLSchema/oval-definitions-5">
          <check-content-ref name="oval:ssg-kernel_config_page_poisoning_zero:def:1" href="ssg-sle15-oval.xml"/>
        </check>
        <check system="http://scap.nist.gov/schema/ocil/2">
          <check-content-ref name="ocil:ssg-kernel_config_page_poisoning_zero_ocil:questionnaire:1" href="ssg-sle15-ocil.xml"/>
        </check>
      </Rule>
      <Rule id="xccdf_org.ssgproject.content_rule_kernel_config_page_table_isolation" selected="false" role="full" severity="high">
        <title xmlns:xhtml="http://www.w3.org/1999/xhtml" xml:lang="en-US">Remove the kernel mapping in user mode</title>
        <description xmlns:xhtml="http://www.w3.org/1999/xhtml" xml:lang="en-US">This feature reduces the number of hardware side channels by ensuring that the majority of
kernel addresses are not mapped into userspace.
This configuration is available from kernel 4.15, but may be available if backported
by distros.

The configuration that was used to build kernel is available at <html:code xmlns:html="http://www.w3.org/1999/xhtml">/boot/config-*</html:code>.
    To check the configuration value for <html:code xmlns:html="http://www.w3.org/1999/xhtml">CONFIG_PAGE_TABLE_ISOLATION</html:code>, run the following command:
    <html:code xmlns:html="http://www.w3.org/1999/xhtml">grep CONFIG_PAGE_TABLE_ISOLATION /boot/config-*</html:code>
    
    For each kernel installed, a line with value "y" should be returned.
    </description>
        <warning xmlns:xhtml="http://www.w3.org/1999/xhtml" xml:lang="en-US" category="general">There is no remediation for this besides re-compiling the kernel with the appropriate value for the config.</warning>
        <reference href="https://cyber.gouv.fr/sites/default/files/document/linux_configuration-en-v2.pdf">R25</reference>
        <rationale xmlns:xhtml="http://www.w3.org/1999/xhtml" xml:lang="en-US">This is a countermeasure to the Meltdown attack.</rationale>
        <platform idref="#x86_64_arch"/>
        <check system="http://oval.mitre.org/XMLSchema/oval-definitions-5">
          <check-content-ref name="oval:ssg-kernel_config_page_table_isolation:def:1" href="ssg-sle15-oval.xml"/>
        </check>
        <check system="http://scap.nist.gov/schema/ocil/2">
          <check-content-ref name="ocil:ssg-kernel_config_page_table_isolation_ocil:questionnaire:1" href="ssg-sle15-ocil.xml"/>
        </check>
      </Rule>
      <Rule id="xccdf_org.ssgproject.content_rule_kernel_config_panic_on_oops" selected="false" role="full" severity="medium">
        <title xmlns:xhtml="http://www.w3.org/1999/xhtml" xml:lang="en-US">Kernel panic oops</title>
        <description xmlns:xhtml="http://www.w3.org/1999/xhtml" xml:lang="en-US">Enable the kernel to panic when it oopses.
This has the same effect as setting oops=panic on the kernel command line.

The configuration that was used to build kernel is available at <html:code xmlns:html="http://www.w3.org/1999/xhtml">/boot/config-*</html:code>.
    To check the configuration value for <html:code xmlns:html="http://www.w3.org/1999/xhtml">CONFIG_PANIC_ON_OOPS</html:code>, run the following command:
    <html:code xmlns:html="http://www.w3.org/1999/xhtml">grep CONFIG_PANIC_ON_OOPS /boot/config-*</html:code>
    
    For each kernel installed, a line with value "y" should be returned.
    </description>
        <warning xmlns:xhtml="http://www.w3.org/1999/xhtml" xml:lang="en-US" category="general">There is no remediation for this besides re-compiling the kernel with the appropriate value for the config.</warning>
        <reference href="https://cyber.gouv.fr/sites/default/files/document/linux_configuration-en-v2.pdf">R19</reference>
        <rationale xmlns:xhtml="http://www.w3.org/1999/xhtml" xml:lang="en-US">This feature ensures that the kernel does not do anything erroneous after an oops which
could result in data corruption or other issues.</rationale>
        <check system="http://oval.mitre.org/XMLSchema/oval-definitions-5">
          <check-content-ref name="oval:ssg-kernel_config_panic_on_oops:def:1" href="ssg-sle15-oval.xml"/>
        </check>
        <check system="http://scap.nist.gov/schema/ocil/2">
          <check-content-ref name="ocil:ssg-kernel_config_panic_on_oops_ocil:questionnaire:1" href="ssg-sle15-ocil.xml"/>
        </check>
      </Rule>
      <Rule id="xccdf_org.ssgproject.content_rule_kernel_config_panic_timeout" selected="false" role="full" severity="medium">
        <title xmlns:xhtml="http://www.w3.org/1999/xhtml" xml:lang="en-US">Kernel panic timeout</title>
        <description xmlns:xhtml="http://www.w3.org/1999/xhtml" xml:lang="en-US">Set the timeout value (in seconds) until a reboot occurs when the kernel panics.
A timeout of 0 configures the system to wait forever. With a timeout value greater than 0,
the system will wait the specified amount of seconds before rebooting. While a timeout value
less than 0 makes the system reboot immediately.

The configuration that was used to build kernel is available at <html:code xmlns:html="http://www.w3.org/1999/xhtml">/boot/config-*</html:code>.
    To check the configuration value for <html:code xmlns:html="http://www.w3.org/1999/xhtml">CONFIG_PANIC_TIMEOUT</html:code>, run the following command:
    <html:code xmlns:html="http://www.w3.org/1999/xhtml">grep CONFIG_PANIC_TIMEOUT /boot/config-*</html:code>
    
    For each kernel installed, a line with value "<xccdf-1.2:sub xmlns:xccdf-1.2="http://checklists.nist.gov/xccdf/1.2" idref="xccdf_org.ssgproject.content_value_var_kernel_config_panic_timeout" use="legacy"/>" should be returned.
    </description>
        <warning xmlns:xhtml="http://www.w3.org/1999/xhtml" xml:lang="en-US" category="general">There is no remediation for this besides re-compiling the kernel with the appropriate value for the config.</warning>
        <reference href="https://cyber.gouv.fr/sites/default/files/document/linux_configuration-en-v2.pdf">R19</reference>
        <rationale xmlns:xhtml="http://www.w3.org/1999/xhtml" xml:lang="en-US">This is required to enable protection against Spectre v2.</rationale>
        <check system="http://oval.mitre.org/XMLSchema/oval-definitions-5">
          <check-export export-name="oval:ssg-var_kernel_config_panic_timeout:var:1" value-id="xccdf_org.ssgproject.content_value_var_kernel_config_panic_timeout"/>
          <check-content-ref name="oval:ssg-kernel_config_panic_timeout:def:1" href="ssg-sle15-oval.xml"/>
        </check>
        <check system="http://scap.nist.gov/schema/ocil/2">
          <check-content-ref name="ocil:ssg-kernel_config_panic_timeout_ocil:questionnaire:1" href="ssg-sle15-ocil.xml"/>
        </check>
      </Rule>
      <Rule id="xccdf_org.ssgproject.content_rule_kernel_config_proc_kcore" selected="false" role="full" severity="low">
        <title xmlns:xhtml="http://www.w3.org/1999/xhtml" xml:lang="en-US">Disable support for /proc/kkcore</title>
        <description xmlns:xhtml="http://www.w3.org/1999/xhtml" xml:lang="en-US">Provides a virtual ELF core file of the live kernel.

The configuration that was used to build kernel is available at <html:code xmlns:html="http://www.w3.org/1999/xhtml">/boot/config-*</html:code>.
    To check the configuration value for <html:code xmlns:html="http://www.w3.org/1999/xhtml">CONFIG_PROC_KCORE</html:code>, run the following command:
    <html:code xmlns:html="http://www.w3.org/1999/xhtml">grep CONFIG_PROC_KCORE /boot/config-*</html:code>
    
    Configs with value 'n' are not explicitly set in the file, so either commented lines or no
    lines should be returned.
    </description>
        <warning xmlns:xhtml="http://www.w3.org/1999/xhtml" xml:lang="en-US" category="general">There is no remediation for this besides re-compiling the kernel with the appropriate value for the config.</warning>
        <reference href="https://cyber.gouv.fr/sites/default/files/document/linux_configuration-en-v2.pdf">R15</reference>
        <rationale xmlns:xhtml="http://www.w3.org/1999/xhtml" xml:lang="en-US">This feature exposes the memory to the userspace and can assist an attacker in discovering
attack vectors.</rationale>
        <check system="http://oval.mitre.org/XMLSchema/oval-definitions-5">
          <check-content-ref name="oval:ssg-kernel_config_proc_kcore:def:1" href="ssg-sle15-oval.xml"/>
        </check>
        <check system="http://scap.nist.gov/schema/ocil/2">
          <check-content-ref name="ocil:ssg-kernel_config_proc_kcore_ocil:questionnaire:1" href="ssg-sle15-ocil.xml"/>
        </check>
      </Rule>
      <Rule id="xccdf_org.ssgproject.content_rule_kernel_config_randomize_base" selected="false" role="full" severity="medium">
        <title xmlns:xhtml="http://www.w3.org/1999/xhtml" xml:lang="en-US">Randomize the address of the kernel image (KASLR)</title>
        <description xmlns:xhtml="http://www.w3.org/1999/xhtml" xml:lang="en-US">In support of Kernel Address Space Layout Randomization (KASLR), this randomizes the physical
address at which the kernel image is decompressed and the virtual address where the kernel
image is mapped.

The configuration that was used to build kernel is available at <html:code xmlns:html="http://www.w3.org/1999/xhtml">/boot/config-*</html:code>.
    To check the configuration value for <html:code xmlns:html="http://www.w3.org/1999/xhtml">CONFIG_RANDOMIZE_BASE</html:code>, run the following command:
    <html:code xmlns:html="http://www.w3.org/1999/xhtml">grep CONFIG_RANDOMIZE_BASE /boot/config-*</html:code>
    
    For each kernel installed, a line with value "y" should be returned.
    </description>
        <warning xmlns:xhtml="http://www.w3.org/1999/xhtml" xml:lang="en-US" category="general">There is no remediation for this besides re-compiling the kernel with the appropriate value for the config.</warning>
        <reference href="https://cyber.gouv.fr/sites/default/files/document/linux_configuration-en-v2.pdf">R25</reference>
        <reference href="https://cyber.gouv.fr/sites/default/files/document/linux_configuration-en-v2.pdf">R27</reference>
        <rationale xmlns:xhtml="http://www.w3.org/1999/xhtml" xml:lang="en-US">An unpredictable kernel address makes it more difficult to succeed with exploits that rely on
knowledge of the location of kernel code internals.</rationale>
        <check system="http://oval.mitre.org/XMLSchema/oval-definitions-5">
          <check-content-ref name="oval:ssg-kernel_config_randomize_base:def:1" href="ssg-sle15-oval.xml"/>
        </check>
        <check system="http://scap.nist.gov/schema/ocil/2">
          <check-content-ref name="ocil:ssg-kernel_config_randomize_base_ocil:questionnaire:1" href="ssg-sle15-ocil.xml"/>
        </check>
      </Rule>
      <Rule id="xccdf_org.ssgproject.content_rule_kernel_config_randomize_memory" selected="false" role="full" severity="medium">
        <title xmlns:xhtml="http://www.w3.org/1999/xhtml" xml:lang="en-US">Randomize the kernel memory sections</title>
        <description xmlns:xhtml="http://www.w3.org/1999/xhtml" xml:lang="en-US">Randomizes the base virtual address of kernel memory sections (physical memory mapping,
vmalloc &amp; vmemmap).
This configuration is available from kernel 4.8, but may be available if backported
by distros.

The configuration that was used to build kernel is available at <html:code xmlns:html="http://www.w3.org/1999/xhtml">/boot/config-*</html:code>.
    To check the configuration value for <html:code xmlns:html="http://www.w3.org/1999/xhtml">CONFIG_RANDOMIZE_MEMORY</html:code>, run the following command:
    <html:code xmlns:html="http://www.w3.org/1999/xhtml">grep CONFIG_RANDOMIZE_MEMORY /boot/config-*</html:code>
    
    For each kernel installed, a line with value "y" should be returned.
    </description>
        <warning xmlns:xhtml="http://www.w3.org/1999/xhtml" xml:lang="en-US" category="general">There is no remediation for this besides re-compiling the kernel with the appropriate value for the config.</warning>
        <reference href="https://cyber.gouv.fr/sites/default/files/document/linux_configuration-en-v2.pdf">R25</reference>
        <rationale xmlns:xhtml="http://www.w3.org/1999/xhtml" xml:lang="en-US">This security feature makes exploits relying on predictable memory locations less reliable.</rationale>
        <platform idref="#x86_64_arch"/>
        <check system="http://oval.mitre.org/XMLSchema/oval-definitions-5">
          <check-content-ref name="oval:ssg-kernel_config_randomize_memory:def:1" href="ssg-sle15-oval.xml"/>
        </check>
        <check system="http://scap.nist.gov/schema/ocil/2">
          <check-content-ref name="ocil:ssg-kernel_config_randomize_memory_ocil:questionnaire:1" href="ssg-sle15-ocil.xml"/>
        </check>
      </Rule>
      <Rule id="xccdf_org.ssgproject.content_rule_kernel_config_retpoline" selected="false" role="full" severity="medium">
        <title xmlns:xhtml="http://www.w3.org/1999/xhtml" xml:lang="en-US">Avoid speculative indirect branches in kernel</title>
        <description xmlns:xhtml="http://www.w3.org/1999/xhtml" xml:lang="en-US">Compile kernel with the retpoline compiler options to guard against kernel-to-user data leaks
by avoiding speculative indirect branches.
Requires a compiler with -mindirect-branch=thunk-extern support for full protection.
The kernel may run slower.

The configuration that was used to build kernel is available at <html:code xmlns:html="http://www.w3.org/1999/xhtml">/boot/config-*</html:code>.
    To check the configuration value for <html:code xmlns:html="http://www.w3.org/1999/xhtml">CONFIG_RETPOLINE</html:code>, run the following command:
    <html:code xmlns:html="http://www.w3.org/1999/xhtml">grep CONFIG_RETPOLINE /boot/config-*</html:code>
    
    For each kernel installed, a line with value "y" should be returned.
    </description>
        <warning xmlns:xhtml="http://www.w3.org/1999/xhtml" xml:lang="en-US" category="general">There is no remediation for this besides re-compiling the kernel with the appropriate value for the config.</warning>
        <reference href="https://cyber.gouv.fr/sites/default/files/document/linux_configuration-en-v2.pdf">R15</reference>
        <rationale xmlns:xhtml="http://www.w3.org/1999/xhtml" xml:lang="en-US">This is required to enable protection against Spectre v2.</rationale>
        <check system="http://oval.mitre.org/XMLSchema/oval-definitions-5">
          <check-content-ref name="oval:ssg-kernel_config_retpoline:def:1" href="ssg-sle15-oval.xml"/>
        </check>
        <check system="http://scap.nist.gov/schema/ocil/2">
          <check-content-ref name="ocil:ssg-kernel_config_retpoline_ocil:questionnaire:1" href="ssg-sle15-ocil.xml"/>
        </check>
      </Rule>
      <Rule id="xccdf_org.ssgproject.content_rule_kernel_config_seccomp" selected="false" role="full" severity="medium">
        <title xmlns:xhtml="http://www.w3.org/1999/xhtml" xml:lang="en-US">Enable seccomp to safely compute untrusted bytecode</title>
        <description xmlns:xhtml="http://www.w3.org/1999/xhtml" xml:lang="en-US">This kernel feature is useful for number crunching applications that may need to compute
untrusted bytecode during their execution. By using pipes or other transports made available
to the process as file descriptors supporting the read/write syscalls, it's possible to isolate
those applications in their own address space using seccomp.

The configuration that was used to build kernel is available at <html:code xmlns:html="http://www.w3.org/1999/xhtml">/boot/config-*</html:code>.
    To check the configuration value for <html:code xmlns:html="http://www.w3.org/1999/xhtml">CONFIG_SECCOMP</html:code>, run the following command:
    <html:code xmlns:html="http://www.w3.org/1999/xhtml">grep CONFIG_SECCOMP /boot/config-*</html:code>
    
    For each kernel installed, a line with value "y" should be returned.
    </description>
        <warning xmlns:xhtml="http://www.w3.org/1999/xhtml" xml:lang="en-US" category="general">There is no remediation for this besides re-compiling the kernel with the appropriate value for the config.</warning>
        <reference href="https://cyber.gouv.fr/sites/default/files/document/linux_configuration-en-v2.pdf">R20</reference>
        <reference href="not_publicly_available">SLES-15-150750060</reference>
        <rationale xmlns:xhtml="http://www.w3.org/1999/xhtml" xml:lang="en-US"><html:code xmlns:html="http://www.w3.org/1999/xhtml">seccomp</html:code> enables the ability to filter system calls made by an application, effectively
isolating the system's resources from it.</rationale>
        <ident system="https://ncp.nist.gov/cce">CCE-92567-7</ident>
        <check system="http://oval.mitre.org/XMLSchema/oval-definitions-5">
          <check-content-ref name="oval:ssg-kernel_config_seccomp:def:1" href="ssg-sle15-oval.xml"/>
        </check>
        <check system="http://scap.nist.gov/schema/ocil/2">
          <check-content-ref name="ocil:ssg-kernel_config_seccomp_ocil:questionnaire:1" href="ssg-sle15-ocil.xml"/>
        </check>
      </Rule>
      <Rule id="xccdf_org.ssgproject.content_rule_kernel_config_seccomp_filter" selected="false" role="full" severity="medium">
        <title xmlns:xhtml="http://www.w3.org/1999/xhtml" xml:lang="en-US">Enable use of Berkeley Packet Filter with seccomp</title>
        <description xmlns:xhtml="http://www.w3.org/1999/xhtml" xml:lang="en-US">Enable tasks to build secure computing environments defined in terms of Berkeley Packet Filter
programs which implement task-defined system call filtering polices.

The configuration that was used to build kernel is available at <html:code xmlns:html="http://www.w3.org/1999/xhtml">/boot/config-*</html:code>.
    To check the configuration value for <html:code xmlns:html="http://www.w3.org/1999/xhtml">CONFIG_SECCOMP_FILTER</html:code>, run the following command:
    <html:code xmlns:html="http://www.w3.org/1999/xhtml">grep CONFIG_SECCOMP_FILTER /boot/config-*</html:code>
    
    For each kernel installed, a line with value "y" should be returned.
    </description>
        <warning xmlns:xhtml="http://www.w3.org/1999/xhtml" xml:lang="en-US" category="general">There is no remediation for this besides re-compiling the kernel with the appropriate value for the config.</warning>
        <reference href="https://cyber.gouv.fr/sites/default/files/document/linux_configuration-en-v2.pdf">R20</reference>
        <reference href="not_publicly_available">SLES-15-150750060</reference>
        <rationale xmlns:xhtml="http://www.w3.org/1999/xhtml" xml:lang="en-US">Use of BPF filters allows for expressive filtering of system calls using a filter program
language with a long history of being exposed to userland.</rationale>
        <ident system="https://ncp.nist.gov/cce">CCE-92568-5</ident>
        <check system="http://oval.mitre.org/XMLSchema/oval-definitions-5">
          <check-content-ref name="oval:ssg-kernel_config_seccomp_filter:def:1" href="ssg-sle15-oval.xml"/>
        </check>
        <check system="http://scap.nist.gov/schema/ocil/2">
          <check-content-ref name="ocil:ssg-kernel_config_seccomp_filter_ocil:questionnaire:1" href="ssg-sle15-ocil.xml"/>
        </check>
      </Rule>
      <Rule id="xccdf_org.ssgproject.content_rule_kernel_config_security" selected="false" role="full" severity="medium">
        <title xmlns:xhtml="http://www.w3.org/1999/xhtml" xml:lang="en-US">Enable different security models</title>
        <description xmlns:xhtml="http://www.w3.org/1999/xhtml" xml:lang="en-US">This allows you to choose different security modules to be configured into your kernel.

The configuration that was used to build kernel is available at <html:code xmlns:html="http://www.w3.org/1999/xhtml">/boot/config-*</html:code>.
    To check the configuration value for <html:code xmlns:html="http://www.w3.org/1999/xhtml">CONFIG_SECURITY</html:code>, run the following command:
    <html:code xmlns:html="http://www.w3.org/1999/xhtml">grep CONFIG_SECURITY /boot/config-*</html:code>
    
    For each kernel installed, a line with value "y" should be returned.
    </description>
        <warning xmlns:xhtml="http://www.w3.org/1999/xhtml" xml:lang="en-US" category="general">There is no remediation for this besides re-compiling the kernel with the appropriate value for the config.</warning>
        <reference href="https://cyber.gouv.fr/sites/default/files/document/linux_configuration-en-v2.pdf">R20</reference>
        <reference href="not_publicly_available">SLES-15-150750060</reference>
        <rationale xmlns:xhtml="http://www.w3.org/1999/xhtml" xml:lang="en-US">This is enables kernel security primitives required by the LSM framework.</rationale>
        <ident system="https://ncp.nist.gov/cce">CCE-92570-1</ident>
        <check system="http://oval.mitre.org/XMLSchema/oval-definitions-5">
          <check-content-ref name="oval:ssg-kernel_config_security:def:1" href="ssg-sle15-oval.xml"/>
        </check>
        <check system="http://scap.nist.gov/schema/ocil/2">
          <check-content-ref name="ocil:ssg-kernel_config_security_ocil:questionnaire:1" href="ssg-sle15-ocil.xml"/>
        </check>
      </Rule>
      <Rule id="xccdf_org.ssgproject.content_rule_kernel_config_security_dmesg_restrict" selected="false" role="full" severity="medium">
        <title xmlns:xhtml="http://www.w3.org/1999/xhtml" xml:lang="en-US">Restrict unprivileged access to the kernel syslog</title>
        <description xmlns:xhtml="http://www.w3.org/1999/xhtml" xml:lang="en-US">Enforce restrictions on unprivileged users reading the kernel syslog via dmesg(8).

The configuration that was used to build kernel is available at <html:code xmlns:html="http://www.w3.org/1999/xhtml">/boot/config-*</html:code>.
    To check the configuration value for <html:code xmlns:html="http://www.w3.org/1999/xhtml">CONFIG_SECURITY_DMESG_RESTRICT</html:code>, run the following command:
    <html:code xmlns:html="http://www.w3.org/1999/xhtml">grep CONFIG_SECURITY_DMESG_RESTRICT /boot/config-*</html:code>
    
    For each kernel installed, a line with value "y" should be returned.
    </description>
        <warning xmlns:xhtml="http://www.w3.org/1999/xhtml" xml:lang="en-US" category="general">There is no remediation for this besides re-compiling the kernel with the appropriate value for the config.</warning>
        <reference href="https://cyber.gouv.fr/sites/default/files/document/linux_configuration-en-v2.pdf">R15</reference>
        <rationale xmlns:xhtml="http://www.w3.org/1999/xhtml" xml:lang="en-US">Prevents unprivileged users from retrieving kernel addresses with dmesg.</rationale>
        <check system="http://oval.mitre.org/XMLSchema/oval-definitions-5">
          <check-content-ref name="oval:ssg-kernel_config_security_dmesg_restrict:def:1" href="ssg-sle15-oval.xml"/>
        </check>
        <check system="http://scap.nist.gov/schema/ocil/2">
          <check-content-ref name="ocil:ssg-kernel_config_security_dmesg_restrict_ocil:questionnaire:1" href="ssg-sle15-ocil.xml"/>
        </check>
      </Rule>
      <Rule id="xccdf_org.ssgproject.content_rule_kernel_config_security_writable_hooks" selected="false" role="full" severity="medium">
        <title xmlns:xhtml="http://www.w3.org/1999/xhtml" xml:lang="en-US">Disable mutable hooks</title>
        <description xmlns:xhtml="http://www.w3.org/1999/xhtml" xml:lang="en-US">Ensure kernel structures associated with LSMs are always mapped as read-only after system boot.

The configuration that was used to build kernel is available at <html:code xmlns:html="http://www.w3.org/1999/xhtml">/boot/config-*</html:code>.
    To check the configuration value for <html:code xmlns:html="http://www.w3.org/1999/xhtml">CONFIG_SECURITY_WRITABLE_HOOKS</html:code>, run the following command:
    <html:code xmlns:html="http://www.w3.org/1999/xhtml">grep CONFIG_SECURITY_WRITABLE_HOOKS /boot/config-*</html:code>
    
    Configs with value 'n' are not explicitly set in the file, so either commented lines or no
    lines should be returned.
    </description>
        <warning xmlns:xhtml="http://www.w3.org/1999/xhtml" xml:lang="en-US" category="general">There is no remediation for this besides re-compiling the kernel with the appropriate value for the config.</warning>
        <reference href="https://cyber.gouv.fr/sites/default/files/document/linux_configuration-en-v2.pdf">R20</reference>
        <reference href="not_publicly_available">SLES-15-150750060</reference>
        <rationale xmlns:xhtml="http://www.w3.org/1999/xhtml" xml:lang="en-US">If CONFIG_SECURITY_WRITABLE_HOOKS is enabled, then hooks can be loaded at runtime and
being able to manipulate hooks is a way to bypass all LSMs.</rationale>
        <ident system="https://ncp.nist.gov/cce">CCE-92571-9</ident>
        <check system="http://oval.mitre.org/XMLSchema/oval-definitions-5">
          <check-content-ref name="oval:ssg-kernel_config_security_writable_hooks:def:1" href="ssg-sle15-oval.xml"/>
        </check>
        <check system="http://scap.nist.gov/schema/ocil/2">
          <check-content-ref name="ocil:ssg-kernel_config_security_writable_hooks_ocil:questionnaire:1" href="ssg-sle15-ocil.xml"/>
        </check>
      </Rule>
      <Rule id="xccdf_org.ssgproject.content_rule_kernel_config_security_yama" selected="false" role="full" severity="medium">
        <title xmlns:xhtml="http://www.w3.org/1999/xhtml" xml:lang="en-US">Enable Yama support</title>
        <description xmlns:xhtml="http://www.w3.org/1999/xhtml" xml:lang="en-US">This enables support for LSM module Yama, which extends DAC support with additional system-wide
security settings beyond regular Linux discretionary access controls. The module will limit the
use of the system call <html:code xmlns:html="http://www.w3.org/1999/xhtml">ptrace()</html:code>.

The configuration that was used to build kernel is available at <html:code xmlns:html="http://www.w3.org/1999/xhtml">/boot/config-*</html:code>.
    To check the configuration value for <html:code xmlns:html="http://www.w3.org/1999/xhtml">CONFIG_SECURITY_YAMA</html:code>, run the following command:
    <html:code xmlns:html="http://www.w3.org/1999/xhtml">grep CONFIG_SECURITY_YAMA /boot/config-*</html:code>
    
    For each kernel installed, a line with value "y" should be returned.
    </description>
        <warning xmlns:xhtml="http://www.w3.org/1999/xhtml" xml:lang="en-US" category="general">There is no remediation for this besides re-compiling the kernel with the appropriate value for the config.</warning>
        <reference href="https://cyber.gouv.fr/sites/default/files/document/linux_configuration-en-v2.pdf">R20</reference>
        <reference href="not_publicly_available">SLES-15-150750060</reference>
        <rationale xmlns:xhtml="http://www.w3.org/1999/xhtml" xml:lang="en-US">Unrestricted usage of ptrace allows compromised binaries to run ptrace
on another processes of the user.</rationale>
        <ident system="https://ncp.nist.gov/cce">CCE-92572-7</ident>
        <check system="http://oval.mitre.org/XMLSchema/oval-definitions-5">
          <check-content-ref name="oval:ssg-kernel_config_security_yama:def:1" href="ssg-sle15-oval.xml"/>
        </check>
        <check system="http://scap.nist.gov/schema/ocil/2">
          <check-content-ref name="ocil:ssg-kernel_config_security_yama_ocil:questionnaire:1" href="ssg-sle15-ocil.xml"/>
        </check>
      </Rule>
      <Rule id="xccdf_org.ssgproject.content_rule_kernel_config_slub_debug" selected="false" role="full" severity="medium">
        <title xmlns:xhtml="http://www.w3.org/1999/xhtml" xml:lang="en-US">Enable SLUB debugging support</title>
        <description xmlns:xhtml="http://www.w3.org/1999/xhtml" xml:lang="en-US">SLUB has extensive debug support features and this allows the allocator validation checking to
be enabled.

The configuration that was used to build kernel is available at <html:code xmlns:html="http://www.w3.org/1999/xhtml">/boot/config-*</html:code>.
    To check the configuration value for <html:code xmlns:html="http://www.w3.org/1999/xhtml">CONFIG_SLUB_DEBUG</html:code>, run the following command:
    <html:code xmlns:html="http://www.w3.org/1999/xhtml">grep CONFIG_SLUB_DEBUG /boot/config-*</html:code>
    
    For each kernel installed, a line with value "y" should be returned.
    </description>
        <warning xmlns:xhtml="http://www.w3.org/1999/xhtml" xml:lang="en-US" category="general">There is no remediation for this besides re-compiling the kernel with the appropriate value for the config.</warning>
        <reference href="https://cyber.gouv.fr/sites/default/files/document/linux_configuration-en-v2.pdf">R17</reference>
        <rationale xmlns:xhtml="http://www.w3.org/1999/xhtml" xml:lang="en-US">This activates the checking of the memory allocator structures and resets to zero the zones
allocated when they are released.</rationale>
        <check system="http://oval.mitre.org/XMLSchema/oval-definitions-5">
          <check-content-ref name="oval:ssg-kernel_config_slub_debug:def:1" href="ssg-sle15-oval.xml"/>
        </check>
        <check system="http://scap.nist.gov/schema/ocil/2">
          <check-content-ref name="ocil:ssg-kernel_config_slub_debug_ocil:questionnaire:1" href="ssg-sle15-ocil.xml"/>
        </check>
      </Rule>
      <Rule id="xccdf_org.ssgproject.content_rule_kernel_config_syn_cookies" selected="false" role="full" severity="medium">
        <title xmlns:xhtml="http://www.w3.org/1999/xhtml" xml:lang="en-US">Enable TCP/IP syncookie support</title>
        <description xmlns:xhtml="http://www.w3.org/1999/xhtml" xml:lang="en-US">Normal TCP/IP networking is open to an attack known as SYN flooding.
It is denial-of-service attack that prevents legitimate remote users from being able to connect
to your computer during an ongoing attack.

When enabled the TCP/IP stack will use a cryptographic challenge protocol known as SYN cookies
to enable legitimate users to continue to connect, even when your machine is under attack.

The configuration that was used to build kernel is available at <html:code xmlns:html="http://www.w3.org/1999/xhtml">/boot/config-*</html:code>.
    To check the configuration value for <html:code xmlns:html="http://www.w3.org/1999/xhtml">CONFIG_SYN_COOKIES</html:code>, run the following command:
    <html:code xmlns:html="http://www.w3.org/1999/xhtml">grep CONFIG_SYN_COOKIES /boot/config-*</html:code>
    
    For each kernel installed, a line with value "y" should be returned.
    </description>
        <warning xmlns:xhtml="http://www.w3.org/1999/xhtml" xml:lang="en-US" category="general">There is no remediation for this besides re-compiling the kernel with the appropriate value for the config.</warning>
        <reference href="https://cyber.gouv.fr/sites/default/files/document/linux_configuration-en-v2.pdf">R22</reference>
        <rationale xmlns:xhtml="http://www.w3.org/1999/xhtml" xml:lang="en-US">SYN cookies provide protection against SYN flooding attacks.</rationale>
        <check system="http://oval.mitre.org/XMLSchema/oval-definitions-5">
          <check-content-ref name="oval:ssg-kernel_config_syn_cookies:def:1" href="ssg-sle15-oval.xml"/>
        </check>
        <check system="http://scap.nist.gov/schema/ocil/2">
          <check-content-ref name="ocil:ssg-kernel_config_syn_cookies_ocil:questionnaire:1" href="ssg-sle15-ocil.xml"/>
        </check>
      </Rule>
      <Rule id="xccdf_org.ssgproject.content_rule_kernel_config_unmap_kernel_at_el0" selected="false" role="full" severity="medium">
        <title xmlns:xhtml="http://www.w3.org/1999/xhtml" xml:lang="en-US">Unmap kernel when running in userspace (aka KAISER)</title>
        <description xmlns:xhtml="http://www.w3.org/1999/xhtml" xml:lang="en-US">Speculation attacks against some high-performance processors can be used to bypass MMU
permission checks and leak kernel data to userspace. This can be defended against by unmapping
the kernel when running in userspace, mapping it back in on exception entry via a trampoline
page in the vector table.
This configuration is available from kernel 4.16, but may be available if backported
by distros.
The configuration that was used to build kernel is available at <html:code xmlns:html="http://www.w3.org/1999/xhtml">/boot/config-*</html:code>.
    To check the configuration value for <html:code xmlns:html="http://www.w3.org/1999/xhtml">CONFIG_UNMAP_KERNEL_AT_EL0</html:code>, run the following command:
    <html:code xmlns:html="http://www.w3.org/1999/xhtml">grep CONFIG_UNMAP_KERNEL_AT_EL0 /boot/config-*</html:code>
    
    For each kernel installed, a line with value "y" should be returned.
    </description>
        <warning xmlns:xhtml="http://www.w3.org/1999/xhtml" xml:lang="en-US" category="general">There is no remediation for this besides re-compiling the kernel with the appropriate value for the config.</warning>
        <reference href="https://cyber.gouv.fr/sites/default/files/document/linux_configuration-en-v2.pdf">R27</reference>
        <rationale xmlns:xhtml="http://www.w3.org/1999/xhtml" xml:lang="en-US">This is a countermeasure to the Meltdown attack.</rationale>
        <platform idref="#aarch64_arch"/>
        <check system="http://oval.mitre.org/XMLSchema/oval-definitions-5">
          <check-content-ref name="oval:ssg-kernel_config_unmap_kernel_at_el0:def:1" href="ssg-sle15-oval.xml"/>
        </check>
        <check system="http://scap.nist.gov/schema/ocil/2">
          <check-content-ref name="ocil:ssg-kernel_config_unmap_kernel_at_el0_ocil:questionnaire:1" href="ssg-sle15-ocil.xml"/>
        </check>
      </Rule>
      <Rule id="xccdf_org.ssgproject.content_rule_kernel_config_x86_vsyscall_emulation" selected="false" role="full" severity="low">
        <title xmlns:xhtml="http://www.w3.org/1999/xhtml" xml:lang="en-US">Disable x86 vsyscall emulation</title>
        <description xmlns:xhtml="http://www.w3.org/1999/xhtml" xml:lang="en-US">Disabling it is roughly equivalent to booting with vsyscall=none, except that it will also
disable the helpful warning if a program tries to use a vsyscall. With this option set to N,
offending programs will just segfault, citing addresses of the form 0xffffffffff600?00.
This configuration is available from kernel 3.19.

The configuration that was used to build kernel is available at <html:code xmlns:html="http://www.w3.org/1999/xhtml">/boot/config-*</html:code>.
    To check the configuration value for <html:code xmlns:html="http://www.w3.org/1999/xhtml">CONFIG_X86_VSYSCALL_EMULATION</html:code>, run the following command:
    <html:code xmlns:html="http://www.w3.org/1999/xhtml">grep CONFIG_X86_VSYSCALL_EMULATION /boot/config-*</html:code>
    
    Configs with value 'n' are not explicitly set in the file, so either commented lines or no
    lines should be returned.
    </description>
        <warning xmlns:xhtml="http://www.w3.org/1999/xhtml" xml:lang="en-US" category="general">There is no remediation for this besides re-compiling the kernel with the appropriate value for the config.</warning>
        <reference href="https://cyber.gouv.fr/sites/default/files/document/linux_configuration-en-v2.pdf">R15</reference>
        <rationale xmlns:xhtml="http://www.w3.org/1999/xhtml" xml:lang="en-US">The vsyscall table is no longer required and is a potential source of ROP gadgets.</rationale>
        <check system="http://oval.mitre.org/XMLSchema/oval-definitions-5">
          <check-content-ref name="oval:ssg-kernel_config_x86_vsyscall_emulation:def:1" href="ssg-sle15-oval.xml"/>
        </check>
        <check system="http://scap.nist.gov/schema/ocil/2">
          <check-content-ref name="ocil:ssg-kernel_config_x86_vsyscall_emulation_ocil:questionnaire:1" href="ssg-sle15-ocil.xml"/>
        </check>
      </Rule>
    </Group>
    <Group id="xccdf_org.ssgproject.content_group_logging">
      <title xmlns:xhtml="http://www.w3.org/1999/xhtml" xml:lang="en-US">Configure Syslog</title>
      <description xmlns:xhtml="http://www.w3.org/1999/xhtml" xml:lang="en-US">The syslog service has been the default Unix logging mechanism for
many years. It has a number of downsides, including inconsistent log format,
lack of authentication for received messages, and lack of authentication,
encryption, or reliable transport for messages sent over a network. However,
due to its long history, syslog is a de facto standard which is supported by
almost all Unix applications.
<html:br xmlns:html="http://www.w3.org/1999/xhtml"/>
      <html:br xmlns:html="http://www.w3.org/1999/xhtml"/>
In SUSE Linux Enterprise 15, rsyslog has replaced ksyslogd as the
syslog daemon of choice, and it includes some additional security features
such as reliable, connection-oriented (i.e. TCP) transmission of logs, the
option to log to database formats, and the encryption of log data en route to
a central logging server.
This section discusses how to configure rsyslog for
best effect, and how to use tools provided with the system to maintain and
monitor logs.</description>
      <platform idref="#system_with_kernel"/>
      <Rule id="xccdf_org.ssgproject.content_rule_package_rsyslog-gnutls_installed" selected="false" role="full" severity="medium">
        <title xmlns:xhtml="http://www.w3.org/1999/xhtml" xml:lang="en-US">Ensure rsyslog-gnutls is installed</title>
        <description xmlns:xhtml="http://www.w3.org/1999/xhtml" xml:lang="en-US">TLS protocol support for rsyslog is installed.

The <html:code xmlns:html="http://www.w3.org/1999/xhtml">rsyslog-module-gtls</html:code> package can be installed with the following command:
<html:pre xmlns:html="http://www.w3.org/1999/xhtml">
$ sudo zypper install rsyslog-module-gtls</html:pre>
      </description>
        <reference href="https://www.cyber.mil/stigs/downloads/?_dl_facet_stigs=operating-systems%2Cgeneral-purpose-os">SRG-OS-000480-GPOS-00227</reference>
        <reference href="https://www.cyber.mil/stigs/downloads/?_dl_facet_stigs=operating-systems%2Cgeneral-purpose-os">SRG-OS-000120-GPOS-00061</reference>
        <reference href="https://cyber.gouv.fr/sites/default/files/document/linux_configuration-en-v2.pdf">R71</reference>
        <rationale xmlns:xhtml="http://www.w3.org/1999/xhtml" xml:lang="en-US">The rsyslog-gnutls package provides Transport Layer Security (TLS) support
for the rsyslog daemon, which enables secure remote logging.</rationale>
        <ident system="https://ncp.nist.gov/cce">CCE-91199-0</ident>
        <fix xmlns:xhtml="http://www.w3.org/1999/xhtml" id="package_rsyslog-gnutls_installed" system="urn:xccdf:fix:script:puppet" complexity="low" disruption="low" strategy="enable">include install_rsyslog-module-gtls

class install_rsyslog-module-gtls {
  package { 'rsyslog-module-gtls':
    ensure =&gt; 'installed',
  }
}
</fix>
        <fix xmlns:xhtml="http://www.w3.org/1999/xhtml" id="package_rsyslog-gnutls_installed" system="urn:xccdf:fix:script:sh" complexity="low" disruption="low" strategy="enable"># Remediation is applicable only in certain platforms
if rpm --quiet -q kernel-default || rpm --quiet -q kernel-default-base; then

zypper install -y "rsyslog-module-gtls"

else
    &gt;&amp;2 echo 'Remediation is not applicable, nothing was done'
fi
</fix>
        <fix xmlns:xhtml="http://www.w3.org/1999/xhtml" id="package_rsyslog-gnutls_installed" system="urn:redhat:osbuild:blueprint">
[[packages]]
name = "rsyslog-module-gtls"
version = "*"
</fix>
        <fix xmlns:xhtml="http://www.w3.org/1999/xhtml" id="package_rsyslog-gnutls_installed" system="urn:xccdf:fix:script:ansible" complexity="low" disruption="low" strategy="enable">- name: Gather the package facts
  package_facts:
    manager: auto
  tags:
  - CCE-91199-0
  - enable_strategy
  - low_complexity
  - low_disruption
  - medium_severity
  - no_reboot_needed
  - package_rsyslog-gnutls_installed

- name: Ensure rsyslog-module-gtls is installed
  ansible.builtin.package:
    name: rsyslog-module-gtls
    state: present
  when: ("kernel-default" in ansible_facts.packages or "kernel-default-base" in ansible_facts.packages)
  tags:
  - CCE-91199-0
  - enable_strategy
  - low_complexity
  - low_disruption
  - medium_severity
  - no_reboot_needed
  - package_rsyslog-gnutls_installed
</fix>
        <check system="http://oval.mitre.org/XMLSchema/oval-definitions-5">
          <check-content-ref name="oval:ssg-package_rsyslog-gnutls_installed:def:1" href="ssg-sle15-oval.xml"/>
        </check>
        <check system="http://scap.nist.gov/schema/ocil/2">
          <check-content-ref name="ocil:ssg-package_rsyslog-gnutls_installed_ocil:questionnaire:1" href="ssg-sle15-ocil.xml"/>
        </check>
      </Rule>
      <Rule id="xccdf_org.ssgproject.content_rule_package_rsyslog_installed" selected="false" role="full" severity="medium">
        <title xmlns:xhtml="http://www.w3.org/1999/xhtml" xml:lang="en-US">Ensure rsyslog is Installed</title>
        <description xmlns:xhtml="http://www.w3.org/1999/xhtml" xml:lang="en-US">Rsyslog is installed by default. The <html:code xmlns:html="http://www.w3.org/1999/xhtml">rsyslog</html:code> package can be installed with the following command: <html:pre xmlns:html="http://www.w3.org/1999/xhtml"> $ sudo zypper install rsyslog</html:pre>
      </description>
        <reference href="https://www.cisecurity.org/controls/">1</reference>
        <reference href="https://www.cisecurity.org/controls/">14</reference>
        <reference href="https://www.cisecurity.org/controls/">15</reference>
        <reference href="https://www.cisecurity.org/controls/">16</reference>
        <reference href="https://www.cisecurity.org/controls/">3</reference>
        <reference href="https://www.cisecurity.org/controls/">5</reference>
        <reference href="https://www.cisecurity.org/controls/">6</reference>
        <reference href="https://www.isaca.org/resources/cobit">APO11.04</reference>
        <reference href="https://www.isaca.org/resources/cobit">BAI03.05</reference>
        <reference href="https://www.isaca.org/resources/cobit">DSS05.04</reference>
        <reference href="https://www.isaca.org/resources/cobit">DSS05.07</reference>
        <reference href="https://www.isaca.org/resources/cobit">MEA02.01</reference>
        <reference href="https://www.gpo.gov/fdsys/pkg/CFR-2007-title45-vol1/pdf/CFR-2007-title45-vol1-chapA-subchapC.pdf">164.312(a)(2)(ii)</reference>
        <reference href="https://www.isa.org/products/isa-62443-2-1-2009-security-for-industrial-automat">4.3.3.3.9</reference>
        <reference href="https://www.isa.org/products/isa-62443-2-1-2009-security-for-industrial-automat">4.3.3.5.8</reference>
        <reference href="https://www.isa.org/products/isa-62443-2-1-2009-security-for-industrial-automat">4.3.4.4.7</reference>
        <reference href="https://www.isa.org/products/isa-62443-2-1-2009-security-for-industrial-automat">4.4.2.1</reference>
        <reference href="https://www.isa.org/products/isa-62443-2-1-2009-security-for-industrial-automat">4.4.2.2</reference>
        <reference href="https://www.isa.org/products/isa-62443-2-1-2009-security-for-industrial-automat">4.4.2.4</reference>
        <reference href="https://www.isa.org/products/ansi-isa-62443-3-3-99-03-03-2013-security-for-indu">SR 2.10</reference>
        <reference href="https://www.isa.org/products/ansi-isa-62443-3-3-99-03-03-2013-security-for-indu">SR 2.11</reference>
        <reference href="https://www.isa.org/products/ansi-isa-62443-3-3-99-03-03-2013-security-for-indu">SR 2.12</reference>
        <reference href="https://www.isa.org/products/ansi-isa-62443-3-3-99-03-03-2013-security-for-indu">SR 2.8</reference>
        <reference href="https://www.isa.org/products/ansi-isa-62443-3-3-99-03-03-2013-security-for-indu">SR 2.9</reference>
        <reference href="https://www.iso.org/contents/data/standard/05/45/54534.html">A.12.4.1</reference>
        <reference href="https://www.iso.org/contents/data/standard/05/45/54534.html">A.12.4.2</reference>
        <reference href="https://www.iso.org/contents/data/standard/05/45/54534.html">A.12.4.3</reference>
        <reference href="https://www.iso.org/contents/data/standard/05/45/54534.html">A.12.4.4</reference>
        <reference href="https://www.iso.org/contents/data/standard/05/45/54534.html">A.12.7.1</reference>
        <reference href="http://nvlpubs.nist.gov/nistpubs/SpecialPublications/NIST.SP.800-53r4.pdf">CM-6(a)</reference>
        <reference href="https://nvlpubs.nist.gov/nistpubs/CSWP/NIST.CSWP.04162018.pdf">PR.PT-1</reference>
        <reference href="https://www.cyber.mil/stigs/downloads/?_dl_facet_stigs=operating-systems%2Cgeneral-purpose-os">SRG-OS-000479-GPOS-00224</reference>
        <reference href="https://www.cyber.mil/stigs/downloads/?_dl_facet_stigs=operating-systems%2Cgeneral-purpose-os">SRG-OS-000051-GPOS-00024</reference>
        <reference href="https://www.cyber.mil/stigs/downloads/?_dl_facet_stigs=operating-systems%2Cgeneral-purpose-os">SRG-OS-000480-GPOS-00227</reference>
        <reference href="https://www.cisecurity.org/benchmark/suse_linux/">4.2.1.1</reference>
        <reference href="not_publicly_available">SLES-15-750300210</reference>
        <reference href="https://www.cyber.gov.au/acsc/view-all-content/ism">1409</reference>
        <rationale xmlns:xhtml="http://www.w3.org/1999/xhtml" xml:lang="en-US">The rsyslog package provides the rsyslog daemon, which provides
system logging services.</rationale>
        <ident system="https://ncp.nist.gov/cce">CCE-91161-0</ident>
        <fix xmlns:xhtml="http://www.w3.org/1999/xhtml" id="package_rsyslog_installed" system="urn:xccdf:fix:script:puppet" complexity="low" disruption="low" strategy="enable">include install_rsyslog

class install_rsyslog {
  package { 'rsyslog':
    ensure =&gt; 'installed',
  }
}
</fix>
        <fix xmlns:xhtml="http://www.w3.org/1999/xhtml" id="package_rsyslog_installed" system="urn:xccdf:fix:script:sh" complexity="low" disruption="low" strategy="enable"># Remediation is applicable only in certain platforms
if rpm --quiet -q kernel-default || rpm --quiet -q kernel-default-base; then

zypper install -y "rsyslog"

else
    &gt;&amp;2 echo 'Remediation is not applicable, nothing was done'
fi
</fix>
        <fix xmlns:xhtml="http://www.w3.org/1999/xhtml" id="package_rsyslog_installed" system="urn:redhat:osbuild:blueprint">
[[packages]]
name = "rsyslog"
version = "*"
</fix>
        <fix xmlns:xhtml="http://www.w3.org/1999/xhtml" id="package_rsyslog_installed" system="urn:xccdf:fix:script:ansible" complexity="low" disruption="low" strategy="enable">- name: Gather the package facts
  package_facts:
    manager: auto
  tags:
  - CCE-91161-0
  - NIST-800-53-CM-6(a)
  - enable_strategy
  - low_complexity
  - low_disruption
  - medium_severity
  - no_reboot_needed
  - package_rsyslog_installed

- name: Ensure rsyslog is installed
  ansible.builtin.package:
    name: rsyslog
    state: present
  when: ("kernel-default" in ansible_facts.packages or "kernel-default-base" in ansible_facts.packages)
  tags:
  - CCE-91161-0
  - NIST-800-53-CM-6(a)
  - enable_strategy
  - low_complexity
  - low_disruption
  - medium_severity
  - no_reboot_needed
  - package_rsyslog_installed
</fix>
        <check system="http://oval.mitre.org/XMLSchema/oval-definitions-5">
          <check-content-ref name="oval:ssg-package_rsyslog_installed:def:1" href="ssg-sle15-oval.xml"/>
        </check>
        <check system="http://scap.nist.gov/schema/ocil/2">
          <check-content-ref name="ocil:ssg-package_rsyslog_installed_ocil:questionnaire:1" href="ssg-sle15-ocil.xml"/>
        </check>
      </Rule>
      <Rule id="xccdf_org.ssgproject.content_rule_service_rsyslog_enabled" selected="false" role="full" severity="medium">
        <title xmlns:xhtml="http://www.w3.org/1999/xhtml" xml:lang="en-US">Enable rsyslog Service</title>
        <description xmlns:xhtml="http://www.w3.org/1999/xhtml" xml:lang="en-US">The <html:code xmlns:html="http://www.w3.org/1999/xhtml">rsyslog</html:code> service provides syslog-style logging by default on SUSE Linux Enterprise 15.

The <html:code xmlns:html="http://www.w3.org/1999/xhtml">rsyslog</html:code> service can be enabled with the following command:
<html:pre xmlns:html="http://www.w3.org/1999/xhtml">$ sudo systemctl enable rsyslog.service</html:pre>
      </description>
        <reference href="https://www.cisecurity.org/controls/">1</reference>
        <reference href="https://www.cisecurity.org/controls/">12</reference>
        <reference href="https://www.cisecurity.org/controls/">13</reference>
        <reference href="https://www.cisecurity.org/controls/">14</reference>
        <reference href="https://www.cisecurity.org/controls/">15</reference>
        <reference href="https://www.cisecurity.org/controls/">16</reference>
        <reference href="https://www.cisecurity.org/controls/">2</reference>
        <reference href="https://www.cisecurity.org/controls/">3</reference>
        <reference href="https://www.cisecurity.org/controls/">5</reference>
        <reference href="https://www.cisecurity.org/controls/">6</reference>
        <reference href="https://www.cisecurity.org/controls/">7</reference>
        <reference href="https://www.cisecurity.org/controls/">8</reference>
        <reference href="https://www.cisecurity.org/controls/">9</reference>
        <reference href="https://www.isaca.org/resources/cobit">APO10.01</reference>
        <reference href="https://www.isaca.org/resources/cobit">APO10.03</reference>
        <reference href="https://www.isaca.org/resources/cobit">APO10.04</reference>
        <reference href="https://www.isaca.org/resources/cobit">APO10.05</reference>
        <reference href="https://www.isaca.org/resources/cobit">APO11.04</reference>
        <reference href="https://www.isaca.org/resources/cobit">APO13.01</reference>
        <reference href="https://www.isaca.org/resources/cobit">BAI03.05</reference>
        <reference href="https://www.isaca.org/resources/cobit">BAI04.04</reference>
        <reference href="https://www.isaca.org/resources/cobit">DSS01.03</reference>
        <reference href="https://www.isaca.org/resources/cobit">DSS03.05</reference>
        <reference href="https://www.isaca.org/resources/cobit">DSS05.02</reference>
        <reference href="https://www.isaca.org/resources/cobit">DSS05.04</reference>
        <reference href="https://www.isaca.org/resources/cobit">DSS05.05</reference>
        <reference href="https://www.isaca.org/resources/cobit">DSS05.07</reference>
        <reference href="https://www.isaca.org/resources/cobit">MEA01.01</reference>
        <reference href="https://www.isaca.org/resources/cobit">MEA01.02</reference>
        <reference href="https://www.isaca.org/resources/cobit">MEA01.03</reference>
        <reference href="https://www.isaca.org/resources/cobit">MEA01.04</reference>
        <reference href="https://www.isaca.org/resources/cobit">MEA01.05</reference>
        <reference href="https://www.isaca.org/resources/cobit">MEA02.01</reference>
        <reference href="https://www.gpo.gov/fdsys/pkg/CFR-2007-title45-vol1/pdf/CFR-2007-title45-vol1-chapA-subchapC.pdf">164.312(a)(2)(ii)</reference>
        <reference href="https://www.isa.org/products/isa-62443-2-1-2009-security-for-industrial-automat">4.3.2.6.7</reference>
        <reference href="https://www.isa.org/products/isa-62443-2-1-2009-security-for-industrial-automat">4.3.3.3.9</reference>
        <reference href="https://www.isa.org/products/isa-62443-2-1-2009-security-for-industrial-automat">4.3.3.5.8</reference>
        <reference href="https://www.isa.org/products/isa-62443-2-1-2009-security-for-industrial-automat">4.3.4.4.7</reference>
        <reference href="https://www.isa.org/products/isa-62443-2-1-2009-security-for-industrial-automat">4.4.2.1</reference>
        <reference href="https://www.isa.org/products/isa-62443-2-1-2009-security-for-industrial-automat">4.4.2.2</reference>
        <reference href="https://www.isa.org/products/isa-62443-2-1-2009-security-for-industrial-automat">4.4.2.4</reference>
        <reference href="https://www.isa.org/products/ansi-isa-62443-3-3-99-03-03-2013-security-for-indu">SR 2.10</reference>
        <reference href="https://www.isa.org/products/ansi-isa-62443-3-3-99-03-03-2013-security-for-indu">SR 2.11</reference>
        <reference href="https://www.isa.org/products/ansi-isa-62443-3-3-99-03-03-2013-security-for-indu">SR 2.12</reference>
        <reference href="https://www.isa.org/products/ansi-isa-62443-3-3-99-03-03-2013-security-for-indu">SR 2.8</reference>
        <reference href="https://www.isa.org/products/ansi-isa-62443-3-3-99-03-03-2013-security-for-indu">SR 2.9</reference>
        <reference href="https://www.isa.org/products/ansi-isa-62443-3-3-99-03-03-2013-security-for-indu">SR 6.1</reference>
        <reference href="https://www.isa.org/products/ansi-isa-62443-3-3-99-03-03-2013-security-for-indu">SR 6.2</reference>
        <reference href="https://www.isa.org/products/ansi-isa-62443-3-3-99-03-03-2013-security-for-indu">SR 7.1</reference>
        <reference href="https://www.isa.org/products/ansi-isa-62443-3-3-99-03-03-2013-security-for-indu">SR 7.2</reference>
        <reference href="https://www.iso.org/contents/data/standard/05/45/54534.html">A.12.1.3</reference>
        <reference href="https://www.iso.org/contents/data/standard/05/45/54534.html">A.12.4.1</reference>
        <reference href="https://www.iso.org/contents/data/standard/05/45/54534.html">A.12.4.2</reference>
        <reference href="https://www.iso.org/contents/data/standard/05/45/54534.html">A.12.4.3</reference>
        <reference href="https://www.iso.org/contents/data/standard/05/45/54534.html">A.12.4.4</reference>
        <reference href="https://www.iso.org/contents/data/standard/05/45/54534.html">A.12.7.1</reference>
        <reference href="https://www.iso.org/contents/data/standard/05/45/54534.html">A.14.2.7</reference>
        <reference href="https://www.iso.org/contents/data/standard/05/45/54534.html">A.15.2.1</reference>
        <reference href="https://www.iso.org/contents/data/standard/05/45/54534.html">A.15.2.2</reference>
        <reference href="https://www.iso.org/contents/data/standard/05/45/54534.html">A.17.2.1</reference>
        <reference href="http://nvlpubs.nist.gov/nistpubs/SpecialPublications/NIST.SP.800-53r4.pdf">CM-6(a)</reference>
        <reference href="http://nvlpubs.nist.gov/nistpubs/SpecialPublications/NIST.SP.800-53r4.pdf">AU-4(1)</reference>
        <reference href="https://nvlpubs.nist.gov/nistpubs/CSWP/NIST.CSWP.04162018.pdf">DE.CM-1</reference>
        <reference href="https://nvlpubs.nist.gov/nistpubs/CSWP/NIST.CSWP.04162018.pdf">DE.CM-3</reference>
        <reference href="https://nvlpubs.nist.gov/nistpubs/CSWP/NIST.CSWP.04162018.pdf">DE.CM-7</reference>
        <reference href="https://nvlpubs.nist.gov/nistpubs/CSWP/NIST.CSWP.04162018.pdf">ID.SC-4</reference>
        <reference href="https://nvlpubs.nist.gov/nistpubs/CSWP/NIST.CSWP.04162018.pdf">PR.DS-4</reference>
        <reference href="https://nvlpubs.nist.gov/nistpubs/CSWP/NIST.CSWP.04162018.pdf">PR.PT-1</reference>
        <reference href="https://www.cyber.mil/stigs/downloads/?_dl_facet_stigs=operating-systems%2Cgeneral-purpose-os">SRG-OS-000480-GPOS-00227</reference>
        <reference href="https://www.cisecurity.org/benchmark/suse_linux/">4.2.1.2</reference>
        <reference href="not_publicly_available">SLES-15-750300225</reference>
        <reference href="https://www.cyber.gov.au/acsc/view-all-content/ism">1409</reference>
        <rationale xmlns:xhtml="http://www.w3.org/1999/xhtml" xml:lang="en-US">The <html:code xmlns:html="http://www.w3.org/1999/xhtml">rsyslog</html:code> service must be running in order to provide
logging services, which are essential to system administration.</rationale>
        <ident system="https://ncp.nist.gov/cce">CCE-91162-8</ident>
        <fix xmlns:xhtml="http://www.w3.org/1999/xhtml" id="service_rsyslog_enabled" system="urn:xccdf:fix:script:puppet" complexity="low" disruption="low" strategy="enable">include enable_rsyslog

class enable_rsyslog {
  service {'rsyslog':
    enable =&gt; true,
    ensure =&gt; 'running',
  }
}
</fix>
        <fix xmlns:xhtml="http://www.w3.org/1999/xhtml" id="service_rsyslog_enabled" system="urn:xccdf:fix:script:sh" complexity="low" disruption="low" strategy="enable"># Remediation is applicable only in certain platforms
if rpm --quiet -q kernel-default || rpm --quiet -q kernel-default-base; then

SYSTEMCTL_EXEC='/usr/bin/systemctl'
"$SYSTEMCTL_EXEC" unmask 'rsyslog.service'
if [[ $("$SYSTEMCTL_EXEC" is-system-running) != "offline" ]]; then
  "$SYSTEMCTL_EXEC" start 'rsyslog.service'
fi
"$SYSTEMCTL_EXEC" enable 'rsyslog.service'

else
    &gt;&amp;2 echo 'Remediation is not applicable, nothing was done'
fi
</fix>
        <fix xmlns:xhtml="http://www.w3.org/1999/xhtml" id="service_rsyslog_enabled" system="urn:redhat:osbuild:blueprint">
[customizations.services]
enabled = ["rsyslog"]
</fix>
        <fix xmlns:xhtml="http://www.w3.org/1999/xhtml" id="service_rsyslog_enabled" system="urn:xccdf:fix:script:ansible" complexity="low" disruption="low" strategy="enable">- name: Gather the package facts
  package_facts:
    manager: auto
  tags:
  - CCE-91162-8
  - NIST-800-53-AU-4(1)
  - NIST-800-53-CM-6(a)
  - enable_strategy
  - low_complexity
  - low_disruption
  - medium_severity
  - no_reboot_needed
  - service_rsyslog_enabled

- name: Enable rsyslog Service - Enable service rsyslog
  block:

  - name: Gather the package facts
    ansible.builtin.package_facts:
      manager: auto

  - name: Enable rsyslog Service - Enable Service rsyslog
    ansible.builtin.systemd:
      name: rsyslog
      enabled: true
      state: started
      masked: false
    when:
    - '"rsyslog" in ansible_facts.packages'
  tags:
  - CCE-91162-8
  - NIST-800-53-AU-4(1)
  - NIST-800-53-CM-6(a)
  - enable_strategy
  - low_complexity
  - low_disruption
  - medium_severity
  - no_reboot_needed
  - service_rsyslog_enabled
  - special_service_block
  when: ("kernel-default" in ansible_facts.packages or "kernel-default-base" in ansible_facts.packages)
</fix>
        <check system="http://open-scap.org/page/SCE">
          <check-import import-name="stdout">
              </check-import>
          <check-content-ref href="sle15/checks/sce/service_rsyslog_enabled.sh"/>
        </check>
        <check system="http://oval.mitre.org/XMLSchema/oval-definitions-5">
          <check-content-ref name="oval:ssg-service_rsyslog_enabled:def:1" href="ssg-sle15-oval.xml"/>
        </check>
        <check system="http://scap.nist.gov/schema/ocil/2">
          <check-content-ref name="ocil:ssg-service_rsyslog_enabled_ocil:questionnaire:1" href="ssg-sle15-ocil.xml"/>
        </check>
      </Rule>
      <Rule id="xccdf_org.ssgproject.content_rule_ensure_rtc_utc_configuration" selected="false" role="full" severity="high">
        <title xmlns:xhtml="http://www.w3.org/1999/xhtml" xml:lang="en-US">Ensure real-time clock is set to UTC</title>
        <description xmlns:xhtml="http://www.w3.org/1999/xhtml" xml:lang="en-US">Ensure that the system real-time clock (RTC) is set to Coordinated Universal Time (UTC).</description>
        <reference href="http://nvlpubs.nist.gov/nistpubs/SpecialPublications/NIST.SP.800-53r4.pdf">AU-8(b)</reference>
        <reference href="https://www.cyber.mil/stigs/downloads/?_dl_facet_stigs=operating-systems%2Cgeneral-purpose-os">SRG-OS-000359-GPOS-00146</reference>
        <reference href="https://www.cyber.mil/stigs/downloads/?_dl_facet_stigs=operating-systems%2Cunix-linux">SLES-15-010410</reference>
        <reference href="https://www.cyber.mil/stigs/srg-stig-tools/">SV-234850r958788_rule</reference>
        <rationale xmlns:xhtml="http://www.w3.org/1999/xhtml" xml:lang="en-US">If time stamps are not consistently applied and there is no common
time reference, it is difficult to perform forensic analysis.

Time stamps generated by the operating system include date and time.
Time is commonly expressed in UTC, a modern continuation of GMT, or
local time with an offset from UTC.</rationale>
        <ident system="https://ncp.nist.gov/cce">CCE-85724-3</ident>
        <fix xmlns:xhtml="http://www.w3.org/1999/xhtml" id="ensure_rtc_utc_configuration" system="urn:xccdf:fix:script:sh"># Remediation is applicable only in certain platforms
if rpm --quiet -q kernel-default || rpm --quiet -q kernel-default-base; then

if timedatectl status | grep -i "time zone" | grep -iv 'UTC\|GMT'; then
    timedatectl set-timezone UTC
fi

else
    &gt;&amp;2 echo 'Remediation is not applicable, nothing was done'
fi
</fix>
        <fix xmlns:xhtml="http://www.w3.org/1999/xhtml" id="ensure_rtc_utc_configuration" system="urn:xccdf:fix:script:ansible">- name: Gather the package facts
  package_facts:
    manager: auto
  tags:
  - CCE-85724-3
  - DISA-STIG-SLES-15-010410
  - NIST-800-53-AU-8(b)
  - ensure_rtc_utc_configuration
  - high_severity

- name: Check 'UTC' timezone is set
  ansible.builtin.shell: |
    set -o pipefail
    timedatectl status | grep -i 'Time zone'| grep -iv 'UTC\|GMT' || true
  register: check_tz
  failed_when: check_tz.rc not in [ 0 , 1 ]
  changed_when: false
  check_mode: false
  when: ("kernel-default" in ansible_facts.packages or "kernel-default-base" in ansible_facts.packages)
  tags:
  - CCE-85724-3
  - DISA-STIG-SLES-15-010410
  - NIST-800-53-AU-8(b)
  - ensure_rtc_utc_configuration
  - high_severity

- name: Configure OS to use 'UTC' timezone
  ansible.builtin.command: timedatectl set-timezone UTC
  become: true
  when:
  - ("kernel-default" in ansible_facts.packages or "kernel-default-base" in ansible_facts.packages)
  - check_tz.rc == 0
  tags:
  - CCE-85724-3
  - DISA-STIG-SLES-15-010410
  - NIST-800-53-AU-8(b)
  - ensure_rtc_utc_configuration
  - high_severity
</fix>
        <check system="http://oval.mitre.org/XMLSchema/oval-definitions-5">
          <check-content-ref name="oval:ssg-ensure_rtc_utc_configuration:def:1" href="ssg-sle15-oval.xml"/>
        </check>
        <check system="http://scap.nist.gov/schema/ocil/2">
          <check-content-ref name="ocil:ssg-ensure_rtc_utc_configuration_ocil:questionnaire:1" href="ssg-sle15-ocil.xml"/>
        </check>
      </Rule>
      <Rule id="xccdf_org.ssgproject.content_rule_logging_services_active" selected="false" role="full" severity="medium">
        <title xmlns:xhtml="http://www.w3.org/1999/xhtml" xml:lang="en-US">Ensure One Logging Service Is In Use</title>
        <description xmlns:xhtml="http://www.w3.org/1999/xhtml" xml:lang="en-US">Ensure that a logging system is active and in use.
<html:pre xmlns:html="http://www.w3.org/1999/xhtml">
systemctl is-active rsyslog systemd-journald
</html:pre>
The command should return at least one <html:code xmlns:html="http://www.w3.org/1999/xhtml">active</html:code>.</description>
        <warning xmlns:xhtml="http://www.w3.org/1999/xhtml" xml:lang="en-US" category="general">This rule does not come with a remediation. There are specific rules
for enabling each logging service which should be enabled instead.</warning>
        <reference href="not_publicly_available">SLES-15-750300060</reference>
        <rationale xmlns:xhtml="http://www.w3.org/1999/xhtml" xml:lang="en-US">The system should have one active logging service to avoid conflicts
and ensure consistency.</rationale>
        <platform idref="#machine"/>
        <ident system="https://ncp.nist.gov/cce">CCE-92582-6</ident>
        <check system="http://oval.mitre.org/XMLSchema/oval-definitions-5">
          <check-content-ref name="oval:ssg-logging_services_active:def:1" href="ssg-sle15-oval.xml"/>
        </check>
      </Rule>
      <Rule id="xccdf_org.ssgproject.content_rule_rsyslog_filecreatemode" selected="false" role="full" severity="medium">
        <title xmlns:xhtml="http://www.w3.org/1999/xhtml" xml:lang="en-US">Ensure rsyslog Default File Permissions Configured</title>
        <description xmlns:xhtml="http://www.w3.org/1999/xhtml" xml:lang="en-US">rsyslog will create logfiles that do not already exist on the system.
This settings controls what permissions will be applied to these newly
created files.</description>
        <reference href="not_publicly_available">SLES-15-750300255</reference>
        <rationale xmlns:xhtml="http://www.w3.org/1999/xhtml" xml:lang="en-US">It is important to ensure that log files have the correct permissions
to ensure that sensitive data is archived and protected.</rationale>
        <ident system="https://ncp.nist.gov/cce">CCE-92599-0</ident>
        <fix xmlns:xhtml="http://www.w3.org/1999/xhtml" id="rsyslog_filecreatemode" system="urn:xccdf:fix:script:sh" complexity="low" disruption="low" strategy="configure"># Remediation is applicable only in certain platforms
if rpm --quiet -q kernel-default || rpm --quiet -q kernel-default-base; then

sed -i '/^\s*$FileCreateMode/d' /etc/rsyslog.d/*

if ! grep -qE '^\s*\$FileCreateMode\s+0640' /etc/rsyslog.conf; then
    if grep -qE '^\s*\$FileCreateMode' /etc/rsyslog.conf; then
        sed -i '/^\s*\$FileCreateMode/ s/^/#/' /etc/rsyslog.conf
    fi
    ## Assume there is no filter named as 00-, otherwise those filters might be included before this configuration and create file with different permissions
    echo '$FileCreateMode 0640' &gt; /etc/rsyslog.d/00-rsyslog_filecreatemode.conf
fi

systemctl restart rsyslog.service

else
    &gt;&amp;2 echo 'Remediation is not applicable, nothing was done'
fi
</fix>
        <fix xmlns:xhtml="http://www.w3.org/1999/xhtml" id="rsyslog_filecreatemode" system="urn:xccdf:fix:script:ansible" complexity="low" disruption="low" strategy="configure">- name: Gather the package facts
  package_facts:
    manager: auto
  tags:
  - CCE-92599-0
  - configure_strategy
  - low_complexity
  - low_disruption
  - medium_severity
  - no_reboot_needed
  - rsyslog_filecreatemode

- name: Ensure rsyslog Default File Permissions Configured - Search for $FileCreateMode
    Parameter in rsyslog Main Config File
  ansible.builtin.find:
    paths: /etc
    pattern: rsyslog.conf
    contains: ^\s*\$FileCreateMode\s*\d+
  register: rsyslog_main_file_with_filecreatemode
  when: ("kernel-default" in ansible_facts.packages or "kernel-default-base" in ansible_facts.packages)
  tags:
  - CCE-92599-0
  - configure_strategy
  - low_complexity
  - low_disruption
  - medium_severity
  - no_reboot_needed
  - rsyslog_filecreatemode

- name: Ensure rsyslog Default File Permissions Configured - Search for $FileCreateMode
    Parameter in rsyslog Include Files
  ansible.builtin.find:
    paths: /etc/rsyslog.d/
    pattern: '*.conf'
    contains: ^\s*\$FileCreateMode\s*\d+
  register: rsyslog_includes_with_filecreatemode
  when: ("kernel-default" in ansible_facts.packages or "kernel-default-base" in ansible_facts.packages)
  tags:
  - CCE-92599-0
  - configure_strategy
  - low_complexity
  - low_disruption
  - medium_severity
  - no_reboot_needed
  - rsyslog_filecreatemode

- name: Ensure rsyslog Default File Permissions Configured - Assemble List of rsyslog
    Configuration Files with $FileCreateMode Parameter
  ansible.builtin.set_fact:
    rsyslog_filecreatemode_files: '{{ rsyslog_main_file_with_filecreatemode.files
      | map(attribute=''path'') | list + rsyslog_includes_with_filecreatemode.files
      | map(attribute=''path'') | list }}'
  when: ("kernel-default" in ansible_facts.packages or "kernel-default-base" in ansible_facts.packages)
  tags:
  - CCE-92599-0
  - configure_strategy
  - low_complexity
  - low_disruption
  - medium_severity
  - no_reboot_needed
  - rsyslog_filecreatemode

- name: Ensure rsyslog Default File Permissions Configured - Remove $FileCreateMode
    Parameter from Multiple Files to Avoid Conflicts
  ansible.builtin.lineinfile:
    path: '{{ item }}'
    regexp: \$FileCreateMode.*
    state: absent
  register: result_rsyslog_filecreatemode_removed
  loop: '{{ rsyslog_filecreatemode_files }}'
  when:
  - ("kernel-default" in ansible_facts.packages or "kernel-default-base" in ansible_facts.packages)
  - rsyslog_filecreatemode_files | length &gt; 1
  tags:
  - CCE-92599-0
  - configure_strategy
  - low_complexity
  - low_disruption
  - medium_severity
  - no_reboot_needed
  - rsyslog_filecreatemode

- name: Ensure rsyslog Default File Permissions Configured - Add $FileCreateMode Parameter
    and Expected Value
  ansible.builtin.lineinfile:
    path: /etc/rsyslog.d/00-rsyslog_filecreatemode.conf
    line: $FileCreateMode 0640
    mode: 416
    create: true
  when:
  - ("kernel-default" in ansible_facts.packages or "kernel-default-base" in ansible_facts.packages)
  - rsyslog_filecreatemode_files | length == 0 or result_rsyslog_filecreatemode_removed
    is not skipped
  tags:
  - CCE-92599-0
  - configure_strategy
  - low_complexity
  - low_disruption
  - medium_severity
  - no_reboot_needed
  - rsyslog_filecreatemode

- name: Ensure rsyslog Default File Permissions Configured - Ensure Correct Value
    of Existing $FileCreateMode Parameter
  ansible.builtin.lineinfile:
    path: '{{ item }}'
    regexp: ^\$FileCreateMode
    line: $FileCreateMode 0640
  loop: '{{ rsyslog_filecreatemode_files }}'
  when:
  - ("kernel-default" in ansible_facts.packages or "kernel-default-base" in ansible_facts.packages)
  - rsyslog_filecreatemode_files | length == 1
  tags:
  - CCE-92599-0
  - configure_strategy
  - low_complexity
  - low_disruption
  - medium_severity
  - no_reboot_needed
  - rsyslog_filecreatemode
</fix>
        <check system="http://oval.mitre.org/XMLSchema/oval-definitions-5">
          <check-content-ref name="oval:ssg-rsyslog_filecreatemode:def:1" href="ssg-sle15-oval.xml"/>
        </check>
        <check system="http://scap.nist.gov/schema/ocil/2">
          <check-content-ref name="ocil:ssg-rsyslog_filecreatemode_ocil:questionnaire:1" href="ssg-sle15-ocil.xml"/>
        </check>
      </Rule>
      <Group id="xccdf_org.ssgproject.content_group_ensure_rsyslog_log_file_configuration">
        <title xmlns:xhtml="http://www.w3.org/1999/xhtml" xml:lang="en-US">Ensure Proper Configuration of Log Files</title>
        <description xmlns:xhtml="http://www.w3.org/1999/xhtml" xml:lang="en-US">The file <html:code xmlns:html="http://www.w3.org/1999/xhtml">/etc/rsyslog.conf</html:code> controls where log message are written.
These are controlled by lines called <html:i xmlns:html="http://www.w3.org/1999/xhtml">rules</html:i>, which consist of a
<html:i xmlns:html="http://www.w3.org/1999/xhtml">selector</html:i> and an <html:i xmlns:html="http://www.w3.org/1999/xhtml">action</html:i>.
These rules are often customized depending on the role of the system, the
requirements of the environment, and whatever may enable
the administrator to most effectively make use of log data.
The default rules in SUSE Linux Enterprise 15 are:
<html:pre xmlns:html="http://www.w3.org/1999/xhtml">*.info;mail.none;authpriv.none;cron.none                /var/log/messages
authpriv.*                                              /var/log/secure
mail.*                                                  -/var/log/maillog
cron.*                                                  /var/log/cron
*.emerg                                                 *
uucp,news.crit                                          /var/log/spooler
local7.*                                                /var/log/boot.log</html:pre>
See the man page <html:code xmlns:html="http://www.w3.org/1999/xhtml">rsyslog.conf(5)</html:code> for more information.
<html:i xmlns:html="http://www.w3.org/1999/xhtml">Note that the <html:code>rsyslog</html:code> daemon can be configured to use a timestamp format that
some log processing programs may not understand. If this occurs,
edit the file <html:code>/etc/rsyslog.conf</html:code> and add or edit the following line:</html:i>
       <html:pre xmlns:html="http://www.w3.org/1999/xhtml">$ ActionFileDefaultTemplate RSYSLOG_TraditionalFileFormat</html:pre>
      </description>
        <platform idref="#package_rsyslog"/>
        <Rule id="xccdf_org.ssgproject.content_rule_rsyslog_encrypt_offload_actionsendstreamdriverauthmode" selected="false" role="full" severity="medium">
          <title xmlns:xhtml="http://www.w3.org/1999/xhtml" xml:lang="en-US">Ensure Rsyslog Authenticates Off-Loaded Audit Records</title>
          <description xmlns:xhtml="http://www.w3.org/1999/xhtml" xml:lang="en-US">Rsyslogd is a system utility providing support for message logging. Support
for both internet and UNIX domain sockets enables this utility to support both local
and remote logging.  Couple this utility with <html:code xmlns:html="http://www.w3.org/1999/xhtml">gnutls</html:code> (which is a secure communications
library implementing the SSL, TLS and DTLS protocols), and you have a method to securely
encrypt and off-load auditing.

When using <html:code xmlns:html="http://www.w3.org/1999/xhtml">rsyslogd</html:code> to off-load logs the remote system must be authenticated.

Set the following configuration option in /etc/rsyslog.conf or in a file in /etc/rsyslog.d (using legacy syntax):
<html:pre xmlns:html="http://www.w3.org/1999/xhtml">$ActionSendStreamDriverAuthMode x509/name</html:pre>
Alternatively, use the RainerScript syntax:
<html:pre xmlns:html="http://www.w3.org/1999/xhtml">action(type="omfwd" Target="some.example.com" StreamDriverAuthMode="x509/name")</html:pre>
       </description>
          <reference href="http://nvlpubs.nist.gov/nistpubs/SpecialPublications/NIST.SP.800-53r4.pdf">AU-4(1)</reference>
          <reference href="https://www.cyber.mil/stigs/downloads/?_dl_facet_stigs=operating-systems%2Cgeneral-purpose-os">SRG-OS-000342-GPOS-00133</reference>
          <reference href="https://www.cyber.mil/stigs/downloads/?_dl_facet_stigs=operating-systems%2Cgeneral-purpose-os">SRG-OS-000479-GPOS-00224</reference>
          <rationale xmlns:xhtml="http://www.w3.org/1999/xhtml" xml:lang="en-US">The audit records generated by Rsyslog contain valuable information regarding system
configuration, user authentication, and other such information. Audit records should be
protected from unauthorized access.</rationale>
          <check system="http://oval.mitre.org/XMLSchema/oval-definitions-5">
            <check-content-ref name="oval:ssg-rsyslog_encrypt_offload_actionsendstreamdriverauthmode:def:1" href="ssg-sle15-oval.xml"/>
          </check>
          <check system="http://scap.nist.gov/schema/ocil/2">
            <check-content-ref name="ocil:ssg-rsyslog_encrypt_offload_actionsendstreamdriverauthmode_ocil:questionnaire:1" href="ssg-sle15-ocil.xml"/>
          </check>
        </Rule>
        <Rule id="xccdf_org.ssgproject.content_rule_rsyslog_encrypt_offload_actionsendstreamdrivermode" selected="false" role="full" severity="medium">
          <title xmlns:xhtml="http://www.w3.org/1999/xhtml" xml:lang="en-US">Ensure Rsyslog Encrypts Off-Loaded Audit Records</title>
          <description xmlns:xhtml="http://www.w3.org/1999/xhtml" xml:lang="en-US">Rsyslogd is a system utility providing support for message logging. Support
for both internet and UNIX domain sockets enables this utility to support both local
and remote logging.  Couple this utility with <html:code xmlns:html="http://www.w3.org/1999/xhtml">gnutls</html:code> (which is a secure communications
library implementing the SSL, TLS and DTLS protocols), and you have a method to securely
encrypt and off-load auditing.

When using <html:code xmlns:html="http://www.w3.org/1999/xhtml">rsyslogd</html:code> to off-load logs off a encryption system must be used.

Set the following configuration option in /etc/rsyslog.conf or in a file in /etc/rsyslog.d (using legacy syntax):
<html:pre xmlns:html="http://www.w3.org/1999/xhtml">$ActionSendStreamDriverMode 1</html:pre>

Alternatively, use the RainerScript syntax:
<html:pre xmlns:html="http://www.w3.org/1999/xhtml">action(type="omfwd" ... StreamDriverMode="1")</html:pre>
       </description>
          <reference href="http://nvlpubs.nist.gov/nistpubs/SpecialPublications/NIST.SP.800-53r4.pdf">AU-4(1)</reference>
          <reference href="https://www.cyber.mil/stigs/downloads/?_dl_facet_stigs=operating-systems%2Cgeneral-purpose-os">SRG-OS-000342-GPOS-00133</reference>
          <reference href="https://www.cyber.mil/stigs/downloads/?_dl_facet_stigs=operating-systems%2Cgeneral-purpose-os">SRG-OS-000479-GPOS-00224</reference>
          <rationale xmlns:xhtml="http://www.w3.org/1999/xhtml" xml:lang="en-US">The audit records generated by Rsyslog contain valuable information regarding system
configuration, user authentication, and other such information. Audit records should be
protected from unauthorized access.</rationale>
          <fix xmlns:xhtml="http://www.w3.org/1999/xhtml" id="rsyslog_encrypt_offload_actionsendstreamdrivermode" system="urn:xccdf:fix:script:sh"># Remediation is applicable only in certain platforms
if rpm --quiet -q kernel-default || rpm --quiet -q kernel-default-base &amp;&amp; rpm --quiet -q rsyslog; then

RSYSLOG_CONF='/etc/rsyslog.conf'
RSYSLOG_D_FOLDER='/etc/rsyslog.d'
RSYSLOG_D_CONF='/etc/rsyslog.d/encrypt.conf'
test -f $RSYSLOG_CONF || touch $RSYSLOG_CONF
mkdir -p $RSYSLOG_D_FOLDER
# remove ActionSendStreamDriverMode entries
sed -i '/^[[:space:]]*\$ActionSendStreamDriverMode/d' $RSYSLOG_CONF
find $RSYSLOG_D_FOLDER -type f -name "*.conf" -exec sed -i '/^[[:space:]]*\$ActionSendStreamDriverMode/d' {} +
# remove all multilined and onelined RainerScript entries
sed -i '/^[[:space:]]*action(/ { :a; N; /)/!ba; /StreamDriverMode/d }' $RSYSLOG_CONF
find $RSYSLOG_D_FOLDER -type f -name "*.conf" -exec sed -i '/^[[:space:]]*action(/ { :a; N; /)/!ba; /StreamDriverMode/d }' {} +

if [ -e "$RSYSLOG_D_CONF" ] ; then
    
    LC_ALL=C sed -i "/^\s*\$ActionSendStreamDriverMode /Id" "$RSYSLOG_D_CONF"
else
    touch "$RSYSLOG_D_CONF"
fi
# make sure file has newline at the end
sed -i -e '$a\' "$RSYSLOG_D_CONF"

cp "$RSYSLOG_D_CONF" "$RSYSLOG_D_CONF.bak"
# Insert at the end of the file
printf '%s\n' "\$ActionSendStreamDriverMode 1" &gt;&gt; "$RSYSLOG_D_CONF"
# Clean up after ourselves.
rm "$RSYSLOG_D_CONF.bak"

else
    &gt;&amp;2 echo 'Remediation is not applicable, nothing was done'
fi
</fix>
          <fix xmlns:xhtml="http://www.w3.org/1999/xhtml" id="rsyslog_encrypt_offload_actionsendstreamdrivermode" system="urn:xccdf:fix:script:ansible" complexity="low" disruption="low" strategy="configure">- name: Gather the package facts
  package_facts:
    manager: auto
  tags:
  - NIST-800-53-AU-4(1)
  - configure_strategy
  - low_complexity
  - low_disruption
  - medium_severity
  - no_reboot_needed
  - rsyslog_encrypt_offload_actionsendstreamdrivermode

- name: Ensure Rsyslog Encrypts Off-Loaded Audit Records - Ensure /etc/rsyslog.conf
    exists
  ansible.builtin.file:
    path: /etc/rsyslog.conf
    state: touch
    modification_time: preserve
    access_time: preserve
  when:
  - '"rsyslog" in ansible_facts.packages'
  - ("kernel-default" in ansible_facts.packages or "kernel-default-base" in ansible_facts.packages)
  tags:
  - NIST-800-53-AU-4(1)
  - configure_strategy
  - low_complexity
  - low_disruption
  - medium_severity
  - no_reboot_needed
  - rsyslog_encrypt_offload_actionsendstreamdrivermode

- name: Ensure Rsyslog Encrypts Off-Loaded Audit Records - Ensure /etc/rsyslog.d directory
    exists
  ansible.builtin.file:
    path: /etc/rsyslog.d
    state: directory
  when:
  - '"rsyslog" in ansible_facts.packages'
  - ("kernel-default" in ansible_facts.packages or "kernel-default-base" in ansible_facts.packages)
  tags:
  - NIST-800-53-AU-4(1)
  - configure_strategy
  - low_complexity
  - low_disruption
  - medium_severity
  - no_reboot_needed
  - rsyslog_encrypt_offload_actionsendstreamdrivermode

- name: Ensure Rsyslog Encrypts Off-Loaded Audit Records - Remove RainerScript action()
    entries with StreamDriverMode from rsyslog.conf
  ansible.builtin.shell: |
    sed -i '/^[[:space:]]*action(/ { :a; N; /)/!ba; /StreamDriverMode/d }' /etc/rsyslog.conf
  changed_when: true
  when:
  - '"rsyslog" in ansible_facts.packages'
  - ("kernel-default" in ansible_facts.packages or "kernel-default-base" in ansible_facts.packages)
  tags:
  - NIST-800-53-AU-4(1)
  - configure_strategy
  - low_complexity
  - low_disruption
  - medium_severity
  - no_reboot_needed
  - rsyslog_encrypt_offload_actionsendstreamdrivermode

- name: Ensure Rsyslog Encrypts Off-Loaded Audit Records - Remove RainerScript action()
    entries with StreamDriverMode from rsyslog.d/*.conf
  ansible.builtin.shell: |
    find /etc/rsyslog.d -type f -name "*.conf" -exec sed -i '/^[[:space:]]*action(/ { :a; N; /)/!ba; /StreamDriverMode/d }' {} +
  changed_when: true
  when:
  - '"rsyslog" in ansible_facts.packages'
  - ("kernel-default" in ansible_facts.packages or "kernel-default-base" in ansible_facts.packages)
  tags:
  - NIST-800-53-AU-4(1)
  - configure_strategy
  - low_complexity
  - low_disruption
  - medium_severity
  - no_reboot_needed
  - rsyslog_encrypt_offload_actionsendstreamdrivermode

- name: Ensure Rsyslog Encrypts Off-Loaded Audit Records - Check if the parameter
    $ActionSendStreamDriverMode is configured
  ansible.builtin.find:
    paths:
    - /etc/rsyslog.conf
    - /etc/rsyslog.d
    contains: ^\s*{{ "$ActionSendStreamDriverMode"| regex_escape }}
  register: _sshd_config_has_parameter
  when:
  - '"rsyslog" in ansible_facts.packages'
  - ("kernel-default" in ansible_facts.packages or "kernel-default-base" in ansible_facts.packages)
  tags:
  - NIST-800-53-AU-4(1)
  - configure_strategy
  - low_complexity
  - low_disruption
  - medium_severity
  - no_reboot_needed
  - rsyslog_encrypt_offload_actionsendstreamdrivermode

- name: Ensure Rsyslog Encrypts Off-Loaded Audit Records - Check if the parameter
    $ActionSendStreamDriverMode is configured correctly
  ansible.builtin.find:
    paths:
    - /etc/rsyslog.conf
    - /etc/rsyslog.d
    contains: ^\s*{{ "$ActionSendStreamDriverMode"| regex_escape }} 1$
  register: _sshd_config_correctly
  when:
  - '"rsyslog" in ansible_facts.packages'
  - ("kernel-default" in ansible_facts.packages or "kernel-default-base" in ansible_facts.packages)
  tags:
  - NIST-800-53-AU-4(1)
  - configure_strategy
  - low_complexity
  - low_disruption
  - medium_severity
  - no_reboot_needed
  - rsyslog_encrypt_offload_actionsendstreamdrivermode

- name: Ensure Rsyslog Encrypts Off-Loaded Audit Records
  block:

  - name: Deduplicate values from /etc/rsyslog.conf
    ansible.builtin.lineinfile:
      path: /etc/rsyslog.conf
      create: false
      regexp: '(?i)^\s*{{ "$ActionSendStreamDriverMode"| regex_escape }} '
      state: absent

  - name: Check if /etc/rsyslog.d exists
    ansible.builtin.stat:
      path: /etc/rsyslog.d
    register: _etc_rsyslog_d_exists

  - name: Check if the parameter $ActionSendStreamDriverMode is present in /etc/rsyslog.d
    ansible.builtin.find:
      paths: /etc/rsyslog.d
      recurse: 'yes'
      follow: 'no'
      contains: '^\s*{{ "$ActionSendStreamDriverMode"| regex_escape }} '
    register: _etc_rsyslog_d_has_parameter
    when: _etc_rsyslog_d_exists.stat.isdir is defined and _etc_rsyslog_d_exists.stat.isdir

  - name: Remove parameter from files in /etc/rsyslog.d
    ansible.builtin.lineinfile:
      path: '{{ item.path }}'
      create: false
      regexp: '(?i)^\s*{{ "$ActionSendStreamDriverMode"| regex_escape }} '
      state: absent
    with_items: '{{ _etc_rsyslog_d_has_parameter.files }}'
    when: _etc_rsyslog_d_has_parameter.matched

  - name: Insert correct line to /etc/rsyslog.conf
    ansible.builtin.lineinfile:
      path: /etc/rsyslog.conf
      create: true
      regexp: '(?i)^\s*{{ "$ActionSendStreamDriverMode"| regex_escape }} '
      line: $ActionSendStreamDriverMode 1
      state: present
  when:
  - '"rsyslog" in ansible_facts.packages'
  - ("kernel-default" in ansible_facts.packages or "kernel-default-base" in ansible_facts.packages)
  - _sshd_config_correctly.matched == 0 or _sshd_config_has_parameter.matched != 1
  tags:
  - NIST-800-53-AU-4(1)
  - configure_strategy
  - low_complexity
  - low_disruption
  - medium_severity
  - no_reboot_needed
  - rsyslog_encrypt_offload_actionsendstreamdrivermode
</fix>
          <check system="http://oval.mitre.org/XMLSchema/oval-definitions-5">
            <check-content-ref name="oval:ssg-rsyslog_encrypt_offload_actionsendstreamdrivermode:def:1" href="ssg-sle15-oval.xml"/>
          </check>
          <check system="http://scap.nist.gov/schema/ocil/2">
            <check-content-ref name="ocil:ssg-rsyslog_encrypt_offload_actionsendstreamdrivermode_ocil:questionnaire:1" href="ssg-sle15-ocil.xml"/>
          </check>
        </Rule>
        <Rule id="xccdf_org.ssgproject.content_rule_rsyslog_encrypt_offload_defaultnetstreamdriver" selected="false" role="full" severity="medium">
          <title xmlns:xhtml="http://www.w3.org/1999/xhtml" xml:lang="en-US">Ensure Rsyslog Encrypts Off-Loaded Audit Records</title>
          <description xmlns:xhtml="http://www.w3.org/1999/xhtml" xml:lang="en-US">Rsyslogd is a system utility providing support for message logging. Support
for both internet and UNIX domain sockets enables this utility to support both local
and remote logging.  Couple this utility with <html:code xmlns:html="http://www.w3.org/1999/xhtml">gnutls</html:code> (which is a secure communications
library implementing the SSL, TLS and DTLS protocols), and you have a method to securely
encrypt and off-load auditing.

When using <html:code xmlns:html="http://www.w3.org/1999/xhtml">rsyslogd</html:code> to off-load logs off an encryption system must be used.

Set the following configuration option in /etc/rsyslog.conf or in a file in /etc/rsyslog.d (using legacy syntax):
<html:pre xmlns:html="http://www.w3.org/1999/xhtml">$DefaultNetstreamDriver gtls</html:pre>

Alternatively, use the RainerScript syntax:
<html:pre xmlns:html="http://www.w3.org/1999/xhtml">global(DefaultNetstreamDriver="gtls")</html:pre>
       </description>
          <reference href="http://nvlpubs.nist.gov/nistpubs/SpecialPublications/NIST.SP.800-53r4.pdf">AU-4(1)</reference>
          <reference href="https://www.cyber.mil/stigs/downloads/?_dl_facet_stigs=operating-systems%2Cgeneral-purpose-os">SRG-OS-000342-GPOS-00133</reference>
          <reference href="https://www.cyber.mil/stigs/downloads/?_dl_facet_stigs=operating-systems%2Cgeneral-purpose-os">SRG-OS-000479-GPOS-00224</reference>
          <rationale xmlns:xhtml="http://www.w3.org/1999/xhtml" xml:lang="en-US">The audit records generated by Rsyslog contain valuable information regarding system
configuration, user authentication, and other such information. Audit records should be
protected from unauthorized access.</rationale>
          <fix xmlns:xhtml="http://www.w3.org/1999/xhtml" id="rsyslog_encrypt_offload_defaultnetstreamdriver" system="urn:xccdf:fix:script:sh"># Remediation is applicable only in certain platforms
if rpm --quiet -q kernel-default || rpm --quiet -q kernel-default-base &amp;&amp; rpm --quiet -q rsyslog; then

RSYSLOG_CONF='/etc/rsyslog.conf'
RSYSLOG_D_FOLDER='/etc/rsyslog.d'
RSYSLOG_D_CONF='/etc/rsyslog.d/encrypt.conf'
test -f $RSYSLOG_CONF || touch $RSYSLOG_CONF
mkdir -p $RSYSLOG_D_FOLDER
# remove DefaultNetstreamDriver entries
sed -i '/^[[:space:]]*\$DefaultNetstreamDriver/d' $RSYSLOG_CONF
find $RSYSLOG_D_FOLDER -type f -name "*.conf" -exec sed -i '/^[[:space:]]*\$DefaultNetstreamDriver/d' {} +
# remove all multilined and onelined RainerScript entries
sed -i '/^[[:space:]]*global(/ { :a; N; /)/!ba; /DefaultNetstreamDriver/d }' $RSYSLOG_CONF
find $RSYSLOG_D_FOLDER -type f -name "*.conf" -exec sed -i '/^[[:space:]]*global(/ { :a; N; /)/!ba; /DefaultNetstreamDriver/d }' {} +

if [ -e "$RSYSLOG_D_CONF" ] ; then
    
    LC_ALL=C sed -i "/^\s*\$DefaultNetstreamDriver /Id" "$RSYSLOG_D_CONF"
else
    touch "$RSYSLOG_D_CONF"
fi
# make sure file has newline at the end
sed -i -e '$a\' "$RSYSLOG_D_CONF"

cp "$RSYSLOG_D_CONF" "$RSYSLOG_D_CONF.bak"
# Insert at the end of the file
printf '%s\n' "\$DefaultNetstreamDriver gtls" &gt;&gt; "$RSYSLOG_D_CONF"
# Clean up after ourselves.
rm "$RSYSLOG_D_CONF.bak"

else
    &gt;&amp;2 echo 'Remediation is not applicable, nothing was done'
fi
</fix>
          <fix xmlns:xhtml="http://www.w3.org/1999/xhtml" id="rsyslog_encrypt_offload_defaultnetstreamdriver" system="urn:xccdf:fix:script:ansible" complexity="low" disruption="low" strategy="configure">- name: Gather the package facts
  package_facts:
    manager: auto
  tags:
  - NIST-800-53-AU-4(1)
  - configure_strategy
  - low_complexity
  - low_disruption
  - medium_severity
  - no_reboot_needed
  - rsyslog_encrypt_offload_defaultnetstreamdriver

- name: Ensure Rsyslog Encrypts Off-Loaded Audit Records - Ensure /etc/rsyslog.conf
    exists
  ansible.builtin.file:
    path: /etc/rsyslog.conf
    state: touch
    modification_time: preserve
    access_time: preserve
  when:
  - '"rsyslog" in ansible_facts.packages'
  - ("kernel-default" in ansible_facts.packages or "kernel-default-base" in ansible_facts.packages)
  tags:
  - NIST-800-53-AU-4(1)
  - configure_strategy
  - low_complexity
  - low_disruption
  - medium_severity
  - no_reboot_needed
  - rsyslog_encrypt_offload_defaultnetstreamdriver

- name: Ensure Rsyslog Encrypts Off-Loaded Audit Records - Ensure /etc/rsyslog.d directory
    exists
  ansible.builtin.file:
    path: /etc/rsyslog.d
    state: directory
  when:
  - '"rsyslog" in ansible_facts.packages'
  - ("kernel-default" in ansible_facts.packages or "kernel-default-base" in ansible_facts.packages)
  tags:
  - NIST-800-53-AU-4(1)
  - configure_strategy
  - low_complexity
  - low_disruption
  - medium_severity
  - no_reboot_needed
  - rsyslog_encrypt_offload_defaultnetstreamdriver

- name: Ensure Rsyslog Encrypts Off-Loaded Audit Records - Remove RainerScript global()
    entries with DefaultNetstreamDriver from rsyslog.conf
  ansible.builtin.shell: |
    sed -i '/^[[:space:]]*global(/ { :a; N; /)/!ba; /DefaultNetstreamDriver/d }' /etc/rsyslog.conf
  changed_when: true
  when:
  - '"rsyslog" in ansible_facts.packages'
  - ("kernel-default" in ansible_facts.packages or "kernel-default-base" in ansible_facts.packages)
  tags:
  - NIST-800-53-AU-4(1)
  - configure_strategy
  - low_complexity
  - low_disruption
  - medium_severity
  - no_reboot_needed
  - rsyslog_encrypt_offload_defaultnetstreamdriver

- name: Ensure Rsyslog Encrypts Off-Loaded Audit Records - Remove RainerScript global()
    entries with DefaultNetstreamDriver from rsyslog.d/*.conf
  ansible.builtin.shell: |
    find /etc/rsyslog.d -type f -name "*.conf" -exec sed -i '/^[[:space:]]*global(/ { :a; N; /)/!ba; /DefaultNetstreamDriver/d }' {} +
  changed_when: true
  when:
  - '"rsyslog" in ansible_facts.packages'
  - ("kernel-default" in ansible_facts.packages or "kernel-default-base" in ansible_facts.packages)
  tags:
  - NIST-800-53-AU-4(1)
  - configure_strategy
  - low_complexity
  - low_disruption
  - medium_severity
  - no_reboot_needed
  - rsyslog_encrypt_offload_defaultnetstreamdriver

- name: Ensure Rsyslog Encrypts Off-Loaded Audit Records - Check if the parameter
    $DefaultNetstreamDriver is configured
  ansible.builtin.find:
    paths:
    - /etc/rsyslog.conf
    - /etc/rsyslog.d
    contains: ^\s*{{ "$DefaultNetstreamDriver"| regex_escape }}
  register: _sshd_config_has_parameter
  when:
  - '"rsyslog" in ansible_facts.packages'
  - ("kernel-default" in ansible_facts.packages or "kernel-default-base" in ansible_facts.packages)
  tags:
  - NIST-800-53-AU-4(1)
  - configure_strategy
  - low_complexity
  - low_disruption
  - medium_severity
  - no_reboot_needed
  - rsyslog_encrypt_offload_defaultnetstreamdriver

- name: Ensure Rsyslog Encrypts Off-Loaded Audit Records - Check if the parameter
    $DefaultNetstreamDriver is configured correctly
  ansible.builtin.find:
    paths:
    - /etc/rsyslog.conf
    - /etc/rsyslog.d
    contains: ^\s*{{ "$DefaultNetstreamDriver"| regex_escape }} gtls$
  register: _sshd_config_correctly
  when:
  - '"rsyslog" in ansible_facts.packages'
  - ("kernel-default" in ansible_facts.packages or "kernel-default-base" in ansible_facts.packages)
  tags:
  - NIST-800-53-AU-4(1)
  - configure_strategy
  - low_complexity
  - low_disruption
  - medium_severity
  - no_reboot_needed
  - rsyslog_encrypt_offload_defaultnetstreamdriver

- name: Ensure Rsyslog Encrypts Off-Loaded Audit Records
  block:

  - name: Deduplicate values from /etc/rsyslog.conf
    ansible.builtin.lineinfile:
      path: /etc/rsyslog.conf
      create: false
      regexp: '(?i)^\s*{{ "$DefaultNetstreamDriver"| regex_escape }} '
      state: absent

  - name: Check if /etc/rsyslog.d exists
    ansible.builtin.stat:
      path: /etc/rsyslog.d
    register: _etc_rsyslog_d_exists

  - name: Check if the parameter $DefaultNetstreamDriver is present in /etc/rsyslog.d
    ansible.builtin.find:
      paths: /etc/rsyslog.d
      recurse: 'yes'
      follow: 'no'
      contains: '^\s*{{ "$DefaultNetstreamDriver"| regex_escape }} '
    register: _etc_rsyslog_d_has_parameter
    when: _etc_rsyslog_d_exists.stat.isdir is defined and _etc_rsyslog_d_exists.stat.isdir

  - name: Remove parameter from files in /etc/rsyslog.d
    ansible.builtin.lineinfile:
      path: '{{ item.path }}'
      create: false
      regexp: '(?i)^\s*{{ "$DefaultNetstreamDriver"| regex_escape }} '
      state: absent
    with_items: '{{ _etc_rsyslog_d_has_parameter.files }}'
    when: _etc_rsyslog_d_has_parameter.matched

  - name: Insert correct line to /etc/rsyslog.conf
    ansible.builtin.lineinfile:
      path: /etc/rsyslog.conf
      create: true
      regexp: '(?i)^\s*{{ "$DefaultNetstreamDriver"| regex_escape }} '
      line: $DefaultNetstreamDriver gtls
      state: present
  when:
  - '"rsyslog" in ansible_facts.packages'
  - ("kernel-default" in ansible_facts.packages or "kernel-default-base" in ansible_facts.packages)
  - _sshd_config_correctly.matched == 0 or _sshd_config_has_parameter.matched != 1
  tags:
  - NIST-800-53-AU-4(1)
  - configure_strategy
  - low_complexity
  - low_disruption
  - medium_severity
  - no_reboot_needed
  - rsyslog_encrypt_offload_defaultnetstreamdriver
</fix>
          <check system="http://oval.mitre.org/XMLSchema/oval-definitions-5">
            <check-content-ref name="oval:ssg-rsyslog_encrypt_offload_defaultnetstreamdriver:def:1" href="ssg-sle15-oval.xml"/>
          </check>
          <check system="http://scap.nist.gov/schema/ocil/2">
            <check-content-ref name="ocil:ssg-rsyslog_encrypt_offload_defaultnetstreamdriver_ocil:questionnaire:1" href="ssg-sle15-ocil.xml"/>
          </check>
        </Rule>
        <Rule id="xccdf_org.ssgproject.content_rule_rsyslog_files_groupownership" selected="false" role="full" severity="medium">
          <title xmlns:xhtml="http://www.w3.org/1999/xhtml" xml:lang="en-US">Ensure Log Files Are Owned By Appropriate Group</title>
          <description xmlns:xhtml="http://www.w3.org/1999/xhtml" xml:lang="en-US">The group-owner of all log files written by
<html:code xmlns:html="http://www.w3.org/1999/xhtml">rsyslog</html:code> should be <html:code xmlns:html="http://www.w3.org/1999/xhtml">root</html:code>.
These log files are determined by the second part of each Rule line in
<html:code xmlns:html="http://www.w3.org/1999/xhtml">/etc/rsyslog.conf</html:code> and typically all appear in <html:code xmlns:html="http://www.w3.org/1999/xhtml">/var/log</html:code>.
For each log file <html:i xmlns:html="http://www.w3.org/1999/xhtml">LOGFILE</html:i> referenced in <html:code xmlns:html="http://www.w3.org/1999/xhtml">/etc/rsyslog.conf</html:code>,
run the following command to inspect the file's group owner:
<html:pre xmlns:html="http://www.w3.org/1999/xhtml">$ ls -l <html:i>LOGFILE</html:i>
        </html:pre>
If the owner is not <html:code xmlns:html="http://www.w3.org/1999/xhtml">root</html:code>,
run the following command to
correct this:
<html:pre xmlns:html="http://www.w3.org/1999/xhtml">$ sudo chgrp root <html:i>LOGFILE</html:i>
        </html:pre>
       </description>
          <reference href="https://www.cisecurity.org/controls/">12</reference>
          <reference href="https://www.cisecurity.org/controls/">13</reference>
          <reference href="https://www.cisecurity.org/controls/">14</reference>
          <reference href="https://www.cisecurity.org/controls/">15</reference>
          <reference href="https://www.cisecurity.org/controls/">16</reference>
          <reference href="https://www.cisecurity.org/controls/">18</reference>
          <reference href="https://www.cisecurity.org/controls/">3</reference>
          <reference href="https://www.cisecurity.org/controls/">5</reference>
          <reference href="https://www.isaca.org/resources/cobit">APO01.06</reference>
          <reference href="https://www.isaca.org/resources/cobit">DSS05.04</reference>
          <reference href="https://www.isaca.org/resources/cobit">DSS05.07</reference>
          <reference href="https://www.isaca.org/resources/cobit">DSS06.02</reference>
          <reference href="https://www.isa.org/products/isa-62443-2-1-2009-security-for-industrial-automat">4.3.3.7.3</reference>
          <reference href="https://www.isa.org/products/ansi-isa-62443-3-3-99-03-03-2013-security-for-indu">SR 2.1</reference>
          <reference href="https://www.isa.org/products/ansi-isa-62443-3-3-99-03-03-2013-security-for-indu">SR 5.2</reference>
          <reference href="https://www.iso.org/contents/data/standard/05/45/54534.html">A.10.1.1</reference>
          <reference href="https://www.iso.org/contents/data/standard/05/45/54534.html">A.11.1.4</reference>
          <reference href="https://www.iso.org/contents/data/standard/05/45/54534.html">A.11.1.5</reference>
          <reference href="https://www.iso.org/contents/data/standard/05/45/54534.html">A.11.2.1</reference>
          <reference href="https://www.iso.org/contents/data/standard/05/45/54534.html">A.13.1.1</reference>
          <reference href="https://www.iso.org/contents/data/standard/05/45/54534.html">A.13.1.3</reference>
          <reference href="https://www.iso.org/contents/data/standard/05/45/54534.html">A.13.2.1</reference>
          <reference href="https://www.iso.org/contents/data/standard/05/45/54534.html">A.13.2.3</reference>
          <reference href="https://www.iso.org/contents/data/standard/05/45/54534.html">A.13.2.4</reference>
          <reference href="https://www.iso.org/contents/data/standard/05/45/54534.html">A.14.1.2</reference>
          <reference href="https://www.iso.org/contents/data/standard/05/45/54534.html">A.14.1.3</reference>
          <reference href="https://www.iso.org/contents/data/standard/05/45/54534.html">A.6.1.2</reference>
          <reference href="https://www.iso.org/contents/data/standard/05/45/54534.html">A.7.1.1</reference>
          <reference href="https://www.iso.org/contents/data/standard/05/45/54534.html">A.7.1.2</reference>
          <reference href="https://www.iso.org/contents/data/standard/05/45/54534.html">A.7.3.1</reference>
          <reference href="https://www.iso.org/contents/data/standard/05/45/54534.html">A.8.2.2</reference>
          <reference href="https://www.iso.org/contents/data/standard/05/45/54534.html">A.8.2.3</reference>
          <reference href="https://www.iso.org/contents/data/standard/05/45/54534.html">A.9.1.1</reference>
          <reference href="https://www.iso.org/contents/data/standard/05/45/54534.html">A.9.1.2</reference>
          <reference href="https://www.iso.org/contents/data/standard/05/45/54534.html">A.9.2.3</reference>
          <reference href="https://www.iso.org/contents/data/standard/05/45/54534.html">A.9.4.1</reference>
          <reference href="https://www.iso.org/contents/data/standard/05/45/54534.html">A.9.4.4</reference>
          <reference href="https://www.iso.org/contents/data/standard/05/45/54534.html">A.9.4.5</reference>
          <reference href="https://www.nerc.com/standards/reliability-standards/cip">CIP-003-8 R5.1.1</reference>
          <reference href="https://www.nerc.com/standards/reliability-standards/cip">CIP-003-8 R5.3</reference>
          <reference href="https://www.nerc.com/standards/reliability-standards/cip">CIP-004-6 R2.3</reference>
          <reference href="https://www.nerc.com/standards/reliability-standards/cip">CIP-007-3 R2.1</reference>
          <reference href="https://www.nerc.com/standards/reliability-standards/cip">CIP-007-3 R2.2</reference>
          <reference href="https://www.nerc.com/standards/reliability-standards/cip">CIP-007-3 R2.3</reference>
          <reference href="https://www.nerc.com/standards/reliability-standards/cip">CIP-007-3 R5.1</reference>
          <reference href="https://www.nerc.com/standards/reliability-standards/cip">CIP-007-3 R5.1.1</reference>
          <reference href="https://www.nerc.com/standards/reliability-standards/cip">CIP-007-3 R5.1.2</reference>
          <reference href="http://nvlpubs.nist.gov/nistpubs/SpecialPublications/NIST.SP.800-53r4.pdf">CM-6(a)</reference>
          <reference href="http://nvlpubs.nist.gov/nistpubs/SpecialPublications/NIST.SP.800-53r4.pdf">AC-6(1)</reference>
          <reference href="https://nvlpubs.nist.gov/nistpubs/CSWP/NIST.CSWP.04162018.pdf">PR.AC-4</reference>
          <reference href="https://nvlpubs.nist.gov/nistpubs/CSWP/NIST.CSWP.04162018.pdf">PR.DS-5</reference>
          <reference href="https://www.pcisecuritystandards.org/documents/PCI_DSS_v3-2-1.pdf">Req-10.5.1</reference>
          <reference href="https://www.pcisecuritystandards.org/documents/PCI_DSS_v3-2-1.pdf">Req-10.5.2</reference>
          <reference href="https://www.cisecurity.org/benchmark/suse_linux/">4.2.1.3</reference>
          <reference href="https://cyber.gouv.fr/sites/default/files/document/linux_configuration-en-v2.pdf">R71</reference>
          <reference href="not_publicly_available">SLES-15-750300300</reference>
          <reference href="https://www.cyber.gov.au/acsc/view-all-content/ism">0988</reference>
          <reference href="https://www.cyber.gov.au/acsc/view-all-content/ism">1405</reference>
          <reference href="https://docs-prv.pcisecuritystandards.org/PCI%20DSS/Standard/PCI-DSS-v4_0.pdf">10.3.2</reference>
          <reference href="https://docs-prv.pcisecuritystandards.org/PCI%20DSS/Standard/PCI-DSS-v4_0.pdf">10.3</reference>
          <rationale xmlns:xhtml="http://www.w3.org/1999/xhtml" xml:lang="en-US">The log files generated by rsyslog contain valuable information regarding system
configuration, user authentication, and other such information. Log files should be
protected from unauthorized access.</rationale>
          <ident system="https://ncp.nist.gov/cce">CCE-85838-1</ident>
          <fix xmlns:xhtml="http://www.w3.org/1999/xhtml" id="rsyslog_files_groupownership" system="urn:xccdf:fix:script:sh"># Remediation is applicable only in certain platforms
if rpm --quiet -q kernel-default || rpm --quiet -q kernel-default-base &amp;&amp; rpm --quiet -q rsyslog; then

# List of log file paths to be inspected for correct permissions
# * Primarily inspect log file paths listed in /etc/rsyslog.conf
RSYSLOG_ETC_CONFIG="/etc/rsyslog.conf"
# * And also the log file paths listed after rsyslog's $IncludeConfig directive
#   (store the result into array for the case there's shell glob used as value of IncludeConfig)
readarray -t OLD_INC &lt; &lt;(grep -e "\$IncludeConfig[[:space:]]\+[^[:space:];]\+" /etc/rsyslog.conf | cut -d ' ' -f 2)
readarray -t RSYSLOG_INCLUDE_CONFIG &lt; &lt;(for INCPATH in "${OLD_INC[@]}"; do eval printf '%s\\n' "${INCPATH}"; done)
readarray -t NEW_INC &lt; &lt;(sed -n '/^\s*include(/,/)/Ip' /etc/rsyslog.conf | sed -n 's@.*file\s*=\s*"\([/[:alnum:][:punct:]]*\)".*@\1@Ip')
readarray -t RSYSLOG_INCLUDE &lt; &lt;(for INCPATH in "${NEW_INC[@]}"; do eval printf '%s\\n' "${INCPATH}"; done)

# Declare an array to hold the final list of different log file paths
declare -a LOG_FILE_PATHS

# Array to hold all rsyslog config entries
RSYSLOG_CONFIGS=()
RSYSLOG_CONFIGS=("${RSYSLOG_ETC_CONFIG}" "${RSYSLOG_INCLUDE_CONFIG[@]}" "${RSYSLOG_INCLUDE[@]}")

# Get full list of files to be checked
# RSYSLOG_CONFIGS may contain globs such as
# /etc/rsyslog.d/*.conf /etc/rsyslog.d/*.frule
# So, loop over the entries in RSYSLOG_CONFIGS and use find to get the list of included files.
RSYSLOG_CONFIG_FILES=()
for ENTRY in "${RSYSLOG_CONFIGS[@]}"
do
	# If directory, rsyslog will search for config files in recursively.
	# However, files in hidden sub-directories or hidden files will be ignored.
	if [ -d "${ENTRY}" ]
	then
		readarray -t FINDOUT &lt; &lt;(find "${ENTRY}" -not -path '*/.*' -type f)
		RSYSLOG_CONFIG_FILES+=("${FINDOUT[@]}")
	elif [ -f "${ENTRY}" ]
	then
		RSYSLOG_CONFIG_FILES+=("${ENTRY}")
	else
		echo "Invalid include object: ${ENTRY}"
	fi
done

# Browse each file selected above as containing paths of log files
# ('/etc/rsyslog.conf' and '/etc/rsyslog.d/*.conf' in the default configuration)
for LOG_FILE in "${RSYSLOG_CONFIG_FILES[@]}"
do
	# From each of these files extract just particular log file path(s), thus:
	# * Ignore lines starting with space (' '), comment ('#"), or variable syntax ('$') characters,
	# * Ignore empty lines,
	# * Strip quotes and closing brackets from paths.
	# * Ignore paths that match /dev|/etc.*\.conf, as those are paths, but likely not log files
	# * From the remaining valid rows select only fields constituting a log file path
	# Text file column is understood to represent a log file path if and only if all of the
	# following are met:
	# * it contains at least one slash '/' character,
	# * it is preceded by space
	# * it doesn't contain space (' '), colon (':'), and semicolon (';') characters
	# Search log file for path(s) only in case it exists!
	if [[ -f "${LOG_FILE}" ]]
	then
		NORMALIZED_CONFIG_FILE_LINES=$(sed -e "/^[#|$]/d" "${LOG_FILE}")
		LINES_WITH_PATHS=$(grep '[^/]*\s\+\S*/\S\+$' &lt;&lt;&lt; "${NORMALIZED_CONFIG_FILE_LINES}")
		FILTERED_PATHS=$(awk '{if(NF&gt;=2&amp;&amp;($NF~/^\//||$NF~/^-\//)){sub(/^-\//,"/",$NF);print $NF}}' &lt;&lt;&lt; "${LINES_WITH_PATHS}")
		CLEANED_PATHS=$(sed -e "s/[\"')]//g; /\\/etc.*\.conf/d; /\\/dev\\//d" &lt;&lt;&lt; "${FILTERED_PATHS}")
		MATCHED_ITEMS=$(sed -e "/^$/d" &lt;&lt;&lt; "${CLEANED_PATHS}")
		# Since above sed command might return more than one item (delimited by newline), split
		# the particular matches entries into new array specific for this log file
		readarray -t ARRAY_FOR_LOG_FILE &lt;&lt;&lt; "$MATCHED_ITEMS"
		# Concatenate the two arrays - previous content of $LOG_FILE_PATHS array with
		# items from newly created array for this log file
		LOG_FILE_PATHS+=("${ARRAY_FOR_LOG_FILE[@]}")
		# Delete the temporary array
		unset ARRAY_FOR_LOG_FILE
	fi
done

# Check for RainerScript action log format which might be also multiline so grep regex is a bit
# curly:
# extract possibly multiline action omfile expressions
# extract File="logfile" expression
# match only "logfile" expression
for LOG_FILE in "${RSYSLOG_CONFIG_FILES[@]}"
do
	ACTION_OMFILE_LINES=$(grep -iozP "action\s*\(\s*type\s*=\s*\"omfile\"[^\)]*\)" "${LOG_FILE}")
	OMFILE_LINES=$(echo "${ACTION_OMFILE_LINES}"| grep -iaoP "\bFile\s*=\s*\"([/[:alnum:][:punct:]]*)\"\s*\)")
	LOG_FILE_PATHS+=("$(echo "${OMFILE_LINES}"| grep -oE "\"([/[:alnum:][:punct:]]*)\""|tr -d "\"")")
done

# Ensure the correct attribute if file exists
FILE_CMD="chgrp"
for LOG_FILE_PATH in "${LOG_FILE_PATHS[@]}"
do
	# Sanity check - if particular $LOG_FILE_PATH is empty string, skip it from further processing
	if [ -z "$LOG_FILE_PATH" ]
	then
		continue
	fi
	$FILE_CMD "root" "$LOG_FILE_PATH"
done

else
    &gt;&amp;2 echo 'Remediation is not applicable, nothing was done'
fi
</fix>
          <fix xmlns:xhtml="http://www.w3.org/1999/xhtml" id="rsyslog_files_groupownership" system="urn:xccdf:fix:script:ansible" complexity="low" disruption="medium" strategy="configure">- name: Gather the package facts
  package_facts:
    manager: auto
  tags:
  - CCE-85838-1
  - NIST-800-53-AC-6(1)
  - NIST-800-53-CM-6(a)
  - PCI-DSS-Req-10.5.1
  - PCI-DSS-Req-10.5.2
  - PCI-DSSv4-10.3
  - PCI-DSSv4-10.3.2
  - configure_strategy
  - low_complexity
  - medium_disruption
  - medium_severity
  - no_reboot_needed
  - rsyslog_files_groupownership

- name: Ensure Log Files Are Owned By Appropriate Group - Set rsyslog logfile configuration
    facts
  ansible.builtin.set_fact:
    rsyslog_etc_config: /etc/rsyslog.conf
  when:
  - '"rsyslog" in ansible_facts.packages'
  - ("kernel-default" in ansible_facts.packages or "kernel-default-base" in ansible_facts.packages)
  tags:
  - CCE-85838-1
  - NIST-800-53-AC-6(1)
  - NIST-800-53-CM-6(a)
  - PCI-DSS-Req-10.5.1
  - PCI-DSS-Req-10.5.2
  - PCI-DSSv4-10.3
  - PCI-DSSv4-10.3.2
  - configure_strategy
  - low_complexity
  - medium_disruption
  - medium_severity
  - no_reboot_needed
  - rsyslog_files_groupownership

- name: Ensure Log Files Are Owned By Appropriate Group - Get IncludeConfig directive
  ansible.builtin.shell: |
    set -o pipefail
    grep -e '$IncludeConfig' {{ rsyslog_etc_config }} | cut -d ' ' -f 2 || true
  register: rsyslog_old_inc
  changed_when: false
  when:
  - '"rsyslog" in ansible_facts.packages'
  - ("kernel-default" in ansible_facts.packages or "kernel-default-base" in ansible_facts.packages)
  tags:
  - CCE-85838-1
  - NIST-800-53-AC-6(1)
  - NIST-800-53-CM-6(a)
  - PCI-DSS-Req-10.5.1
  - PCI-DSS-Req-10.5.2
  - PCI-DSSv4-10.3
  - PCI-DSSv4-10.3.2
  - configure_strategy
  - low_complexity
  - medium_disruption
  - medium_severity
  - no_reboot_needed
  - rsyslog_files_groupownership

- name: Ensure Log Files Are Owned By Appropriate Group - Get include files directives
  ansible.builtin.shell: |
    set -o pipefail
    awk '/)/{f=0} /include\(/{f=1} f{ nf=gensub("^(include\\(|\\s*)file=\"(\\S+)\".*","\\2",1); if($0!=nf){ print nf }}' {{ rsyslog_etc_config }} || true
  register: rsyslog_new_inc
  changed_when: false
  when:
  - '"rsyslog" in ansible_facts.packages'
  - ("kernel-default" in ansible_facts.packages or "kernel-default-base" in ansible_facts.packages)
  tags:
  - CCE-85838-1
  - NIST-800-53-AC-6(1)
  - NIST-800-53-CM-6(a)
  - PCI-DSS-Req-10.5.1
  - PCI-DSS-Req-10.5.2
  - PCI-DSSv4-10.3
  - PCI-DSSv4-10.3.2
  - configure_strategy
  - low_complexity
  - medium_disruption
  - medium_severity
  - no_reboot_needed
  - rsyslog_files_groupownership

- name: Ensure Log Files Are Owned By Appropriate Group - Aggregate rsyslog includes
  ansible.builtin.set_fact:
    include_config_output: '{{ rsyslog_old_inc.stdout_lines + rsyslog_new_inc.stdout_lines
      }}'
  when:
  - '"rsyslog" in ansible_facts.packages'
  - ("kernel-default" in ansible_facts.packages or "kernel-default-base" in ansible_facts.packages)
  - rsyslog_old_inc is not skipped and rsyslog_new_inc is not skipped
  tags:
  - CCE-85838-1
  - NIST-800-53-AC-6(1)
  - NIST-800-53-CM-6(a)
  - PCI-DSS-Req-10.5.1
  - PCI-DSS-Req-10.5.2
  - PCI-DSSv4-10.3
  - PCI-DSSv4-10.3.2
  - configure_strategy
  - low_complexity
  - medium_disruption
  - medium_severity
  - no_reboot_needed
  - rsyslog_files_groupownership

- name: Ensure Log Files Are Owned By Appropriate Group - List all config files
  ansible.builtin.find:
    paths: '{{ item | dirname }}'
    patterns: '{{ item | basename }}'
    hidden: false
    follow: true
  loop: '{{ include_config_output | list + [rsyslog_etc_config] }}'
  when:
  - '"rsyslog" in ansible_facts.packages'
  - ("kernel-default" in ansible_facts.packages or "kernel-default-base" in ansible_facts.packages)
  - include_config_output is defined
  register: rsyslog_config_files
  failed_when: false
  changed_when: false
  tags:
  - CCE-85838-1
  - NIST-800-53-AC-6(1)
  - NIST-800-53-CM-6(a)
  - PCI-DSS-Req-10.5.1
  - PCI-DSS-Req-10.5.2
  - PCI-DSSv4-10.3
  - PCI-DSSv4-10.3.2
  - configure_strategy
  - low_complexity
  - medium_disruption
  - medium_severity
  - no_reboot_needed
  - rsyslog_files_groupownership

- name: Ensure Log Files Are Owned By Appropriate Group - Extract log files old format
  ansible.builtin.shell: |
    set -o pipefail
    grep -oP '^[^(\s|#|\$)]+[\s]+.*[\s]+-?(/+[^:;\s]+);*\.*$' {{ item.1.path }} | \
    awk '{print $NF}' | \
    sed -e 's/^-//' || true
  loop: '{{ rsyslog_config_files.results | default([]) | subelements(''files'') }}'
  register: log_files_old
  changed_when: false
  when:
  - '"rsyslog" in ansible_facts.packages'
  - ("kernel-default" in ansible_facts.packages or "kernel-default-base" in ansible_facts.packages)
  - rsyslog_config_files is not skipped
  tags:
  - CCE-85838-1
  - NIST-800-53-AC-6(1)
  - NIST-800-53-CM-6(a)
  - PCI-DSS-Req-10.5.1
  - PCI-DSS-Req-10.5.2
  - PCI-DSSv4-10.3
  - PCI-DSSv4-10.3.2
  - configure_strategy
  - low_complexity
  - medium_disruption
  - medium_severity
  - no_reboot_needed
  - rsyslog_files_groupownership

- name: Ensure Log Files Are Owned By Appropriate Group - Extract log files new format
  ansible.builtin.shell: |
    set -o pipefail
    grep -ozP "action\s*\(\s*type\s*=\s*\"omfile\"[^\)]*\)" {{ item.1.path }} | \
    grep -aoP "\bFile\s*=\s*\"([/[:alnum:][:punct:]]*)\"\s*\)" | \
    grep -oE "\"([/[:alnum:][:punct:]]*)\"" | \
    tr -d "\""|| true
  loop: '{{ rsyslog_config_files.results | default([]) | subelements(''files'') }}'
  register: log_files_new
  changed_when: false
  when:
  - '"rsyslog" in ansible_facts.packages'
  - ("kernel-default" in ansible_facts.packages or "kernel-default-base" in ansible_facts.packages)
  - rsyslog_config_files is not skipped
  tags:
  - CCE-85838-1
  - NIST-800-53-AC-6(1)
  - NIST-800-53-CM-6(a)
  - PCI-DSS-Req-10.5.1
  - PCI-DSS-Req-10.5.2
  - PCI-DSSv4-10.3
  - PCI-DSSv4-10.3.2
  - configure_strategy
  - low_complexity
  - medium_disruption
  - medium_severity
  - no_reboot_needed
  - rsyslog_files_groupownership

- name: Ensure Log Files Are Owned By Appropriate Group - Sum all log files found
  ansible.builtin.set_fact:
    log_files: '{{ log_files_new.results | map(attribute=''stdout_lines'') | list
      | flatten | unique + log_files_old.results | map(attribute=''stdout_lines'')
      | list | flatten | unique }}'
  when:
  - '"rsyslog" in ansible_facts.packages'
  - ("kernel-default" in ansible_facts.packages or "kernel-default-base" in ansible_facts.packages)
  tags:
  - CCE-85838-1
  - NIST-800-53-AC-6(1)
  - NIST-800-53-CM-6(a)
  - PCI-DSS-Req-10.5.1
  - PCI-DSS-Req-10.5.2
  - PCI-DSSv4-10.3
  - PCI-DSSv4-10.3.2
  - configure_strategy
  - low_complexity
  - medium_disruption
  - medium_severity
  - no_reboot_needed
  - rsyslog_files_groupownership

- name: Ensure Log Files Are Owned By Appropriate Group -Setup log files attribute
  ansible.builtin.file:
    path: '{{ item }}'
    group: root
    state: file
  loop: '{{ log_files | list | flatten | unique }}'
  failed_when: false
  when:
  - '"rsyslog" in ansible_facts.packages'
  - ("kernel-default" in ansible_facts.packages or "kernel-default-base" in ansible_facts.packages)
  tags:
  - CCE-85838-1
  - NIST-800-53-AC-6(1)
  - NIST-800-53-CM-6(a)
  - PCI-DSS-Req-10.5.1
  - PCI-DSS-Req-10.5.2
  - PCI-DSSv4-10.3
  - PCI-DSSv4-10.3.2
  - configure_strategy
  - low_complexity
  - medium_disruption
  - medium_severity
  - no_reboot_needed
  - rsyslog_files_groupownership
</fix>
          <check system="http://oval.mitre.org/XMLSchema/oval-definitions-5">
            <check-content-ref name="oval:ssg-rsyslog_files_groupownership:def:1" href="ssg-sle15-oval.xml"/>
          </check>
          <check system="http://scap.nist.gov/schema/ocil/2">
            <check-content-ref name="ocil:ssg-rsyslog_files_groupownership_ocil:questionnaire:1" href="ssg-sle15-ocil.xml"/>
          </check>
        </Rule>
        <Rule id="xccdf_org.ssgproject.content_rule_rsyslog_files_ownership" selected="false" role="full" severity="medium">
          <title xmlns:xhtml="http://www.w3.org/1999/xhtml" xml:lang="en-US">Ensure Log Files Are Owned By Appropriate User</title>
          <description xmlns:xhtml="http://www.w3.org/1999/xhtml" xml:lang="en-US">The owner of all log files written by
<html:code xmlns:html="http://www.w3.org/1999/xhtml">rsyslog</html:code> should be

<html:code xmlns:html="http://www.w3.org/1999/xhtml">root</html:code>.

These log files are determined by the second part of each Rule line in
<html:code xmlns:html="http://www.w3.org/1999/xhtml">/etc/rsyslog.conf</html:code> and typically all appear in <html:code xmlns:html="http://www.w3.org/1999/xhtml">/var/log</html:code>.
For each log file <html:i xmlns:html="http://www.w3.org/1999/xhtml">LOGFILE</html:i> referenced in <html:code xmlns:html="http://www.w3.org/1999/xhtml">/etc/rsyslog.conf</html:code>,
run the following command to inspect the file's owner:
<html:pre xmlns:html="http://www.w3.org/1999/xhtml">$ ls -l <html:i>LOGFILE</html:i>
        </html:pre>
If the owner is not

<html:code xmlns:html="http://www.w3.org/1999/xhtml">root</html:code>,

run the following command to
correct this:

<html:pre xmlns:html="http://www.w3.org/1999/xhtml">$ sudo chown root <html:i>LOGFILE</html:i>
        </html:pre>
       </description>
          <reference href="https://www.cisecurity.org/controls/">12</reference>
          <reference href="https://www.cisecurity.org/controls/">13</reference>
          <reference href="https://www.cisecurity.org/controls/">14</reference>
          <reference href="https://www.cisecurity.org/controls/">15</reference>
          <reference href="https://www.cisecurity.org/controls/">16</reference>
          <reference href="https://www.cisecurity.org/controls/">18</reference>
          <reference href="https://www.cisecurity.org/controls/">3</reference>
          <reference href="https://www.cisecurity.org/controls/">5</reference>
          <reference href="https://www.isaca.org/resources/cobit">APO01.06</reference>
          <reference href="https://www.isaca.org/resources/cobit">DSS05.04</reference>
          <reference href="https://www.isaca.org/resources/cobit">DSS05.07</reference>
          <reference href="https://www.isaca.org/resources/cobit">DSS06.02</reference>
          <reference href="https://www.isa.org/products/isa-62443-2-1-2009-security-for-industrial-automat">4.3.3.7.3</reference>
          <reference href="https://www.isa.org/products/ansi-isa-62443-3-3-99-03-03-2013-security-for-indu">SR 2.1</reference>
          <reference href="https://www.isa.org/products/ansi-isa-62443-3-3-99-03-03-2013-security-for-indu">SR 5.2</reference>
          <reference href="https://www.iso.org/contents/data/standard/05/45/54534.html">A.10.1.1</reference>
          <reference href="https://www.iso.org/contents/data/standard/05/45/54534.html">A.11.1.4</reference>
          <reference href="https://www.iso.org/contents/data/standard/05/45/54534.html">A.11.1.5</reference>
          <reference href="https://www.iso.org/contents/data/standard/05/45/54534.html">A.11.2.1</reference>
          <reference href="https://www.iso.org/contents/data/standard/05/45/54534.html">A.13.1.1</reference>
          <reference href="https://www.iso.org/contents/data/standard/05/45/54534.html">A.13.1.3</reference>
          <reference href="https://www.iso.org/contents/data/standard/05/45/54534.html">A.13.2.1</reference>
          <reference href="https://www.iso.org/contents/data/standard/05/45/54534.html">A.13.2.3</reference>
          <reference href="https://www.iso.org/contents/data/standard/05/45/54534.html">A.13.2.4</reference>
          <reference href="https://www.iso.org/contents/data/standard/05/45/54534.html">A.14.1.2</reference>
          <reference href="https://www.iso.org/contents/data/standard/05/45/54534.html">A.14.1.3</reference>
          <reference href="https://www.iso.org/contents/data/standard/05/45/54534.html">A.6.1.2</reference>
          <reference href="https://www.iso.org/contents/data/standard/05/45/54534.html">A.7.1.1</reference>
          <reference href="https://www.iso.org/contents/data/standard/05/45/54534.html">A.7.1.2</reference>
          <reference href="https://www.iso.org/contents/data/standard/05/45/54534.html">A.7.3.1</reference>
          <reference href="https://www.iso.org/contents/data/standard/05/45/54534.html">A.8.2.2</reference>
          <reference href="https://www.iso.org/contents/data/standard/05/45/54534.html">A.8.2.3</reference>
          <reference href="https://www.iso.org/contents/data/standard/05/45/54534.html">A.9.1.1</reference>
          <reference href="https://www.iso.org/contents/data/standard/05/45/54534.html">A.9.1.2</reference>
          <reference href="https://www.iso.org/contents/data/standard/05/45/54534.html">A.9.2.3</reference>
          <reference href="https://www.iso.org/contents/data/standard/05/45/54534.html">A.9.4.1</reference>
          <reference href="https://www.iso.org/contents/data/standard/05/45/54534.html">A.9.4.4</reference>
          <reference href="https://www.iso.org/contents/data/standard/05/45/54534.html">A.9.4.5</reference>
          <reference href="https://www.nerc.com/standards/reliability-standards/cip">CIP-003-8 R5.1.1</reference>
          <reference href="https://www.nerc.com/standards/reliability-standards/cip">CIP-003-8 R5.3</reference>
          <reference href="https://www.nerc.com/standards/reliability-standards/cip">CIP-004-6 R2.3</reference>
          <reference href="https://www.nerc.com/standards/reliability-standards/cip">CIP-007-3 R2.1</reference>
          <reference href="https://www.nerc.com/standards/reliability-standards/cip">CIP-007-3 R2.2</reference>
          <reference href="https://www.nerc.com/standards/reliability-standards/cip">CIP-007-3 R2.3</reference>
          <reference href="https://www.nerc.com/standards/reliability-standards/cip">CIP-007-3 R5.1</reference>
          <reference href="https://www.nerc.com/standards/reliability-standards/cip">CIP-007-3 R5.1.1</reference>
          <reference href="https://www.nerc.com/standards/reliability-standards/cip">CIP-007-3 R5.1.2</reference>
          <reference href="http://nvlpubs.nist.gov/nistpubs/SpecialPublications/NIST.SP.800-53r4.pdf">CM-6(a)</reference>
          <reference href="http://nvlpubs.nist.gov/nistpubs/SpecialPublications/NIST.SP.800-53r4.pdf">AC-6(1)</reference>
          <reference href="https://nvlpubs.nist.gov/nistpubs/CSWP/NIST.CSWP.04162018.pdf">PR.AC-4</reference>
          <reference href="https://nvlpubs.nist.gov/nistpubs/CSWP/NIST.CSWP.04162018.pdf">PR.DS-5</reference>
          <reference href="https://www.pcisecuritystandards.org/documents/PCI_DSS_v3-2-1.pdf">Req-10.5.1</reference>
          <reference href="https://www.pcisecuritystandards.org/documents/PCI_DSS_v3-2-1.pdf">Req-10.5.2</reference>
          <reference href="https://www.cisecurity.org/benchmark/suse_linux/">4.2.1.3</reference>
          <reference href="https://cyber.gouv.fr/sites/default/files/document/linux_configuration-en-v2.pdf">R71</reference>
          <reference href="not_publicly_available">SLES-15-750300300</reference>
          <reference href="https://www.cyber.gov.au/acsc/view-all-content/ism">0988</reference>
          <reference href="https://www.cyber.gov.au/acsc/view-all-content/ism">1405</reference>
          <reference href="https://docs-prv.pcisecuritystandards.org/PCI%20DSS/Standard/PCI-DSS-v4_0.pdf">10.3.2</reference>
          <reference href="https://docs-prv.pcisecuritystandards.org/PCI%20DSS/Standard/PCI-DSS-v4_0.pdf">10.3</reference>
          <rationale xmlns:xhtml="http://www.w3.org/1999/xhtml" xml:lang="en-US">The log files generated by rsyslog contain valuable information regarding system
configuration, user authentication, and other such information. Log files should be
protected from unauthorized access.</rationale>
          <ident system="https://ncp.nist.gov/cce">CCE-85839-9</ident>
          <fix xmlns:xhtml="http://www.w3.org/1999/xhtml" id="rsyslog_files_ownership" system="urn:xccdf:fix:script:sh"># Remediation is applicable only in certain platforms
if rpm --quiet -q kernel-default || rpm --quiet -q kernel-default-base &amp;&amp; rpm --quiet -q rsyslog; then

# List of log file paths to be inspected for correct permissions
# * Primarily inspect log file paths listed in /etc/rsyslog.conf
RSYSLOG_ETC_CONFIG="/etc/rsyslog.conf"
# * And also the log file paths listed after rsyslog's $IncludeConfig directive
#   (store the result into array for the case there's shell glob used as value of IncludeConfig)
readarray -t OLD_INC &lt; &lt;(grep -e "\$IncludeConfig[[:space:]]\+[^[:space:];]\+" /etc/rsyslog.conf | cut -d ' ' -f 2)
readarray -t RSYSLOG_INCLUDE_CONFIG &lt; &lt;(for INCPATH in "${OLD_INC[@]}"; do eval printf '%s\\n' "${INCPATH}"; done)
readarray -t NEW_INC &lt; &lt;(sed -n '/^\s*include(/,/)/Ip' /etc/rsyslog.conf | sed -n 's@.*file\s*=\s*"\([/[:alnum:][:punct:]]*\)".*@\1@Ip')
readarray -t RSYSLOG_INCLUDE &lt; &lt;(for INCPATH in "${NEW_INC[@]}"; do eval printf '%s\\n' "${INCPATH}"; done)

# Declare an array to hold the final list of different log file paths
declare -a LOG_FILE_PATHS

# Array to hold all rsyslog config entries
RSYSLOG_CONFIGS=()
RSYSLOG_CONFIGS=("${RSYSLOG_ETC_CONFIG}" "${RSYSLOG_INCLUDE_CONFIG[@]}" "${RSYSLOG_INCLUDE[@]}")

# Get full list of files to be checked
# RSYSLOG_CONFIGS may contain globs such as
# /etc/rsyslog.d/*.conf /etc/rsyslog.d/*.frule
# So, loop over the entries in RSYSLOG_CONFIGS and use find to get the list of included files.
RSYSLOG_CONFIG_FILES=()
for ENTRY in "${RSYSLOG_CONFIGS[@]}"
do
	# If directory, rsyslog will search for config files in recursively.
	# However, files in hidden sub-directories or hidden files will be ignored.
	if [ -d "${ENTRY}" ]
	then
		readarray -t FINDOUT &lt; &lt;(find "${ENTRY}" -not -path '*/.*' -type f)
		RSYSLOG_CONFIG_FILES+=("${FINDOUT[@]}")
	elif [ -f "${ENTRY}" ]
	then
		RSYSLOG_CONFIG_FILES+=("${ENTRY}")
	else
		echo "Invalid include object: ${ENTRY}"
	fi
done

# Browse each file selected above as containing paths of log files
# ('/etc/rsyslog.conf' and '/etc/rsyslog.d/*.conf' in the default configuration)
for LOG_FILE in "${RSYSLOG_CONFIG_FILES[@]}"
do
	# From each of these files extract just particular log file path(s), thus:
	# * Ignore lines starting with space (' '), comment ('#"), or variable syntax ('$') characters,
	# * Ignore empty lines,
	# * Strip quotes and closing brackets from paths.
	# * Ignore paths that match /dev|/etc.*\.conf, as those are paths, but likely not log files
	# * From the remaining valid rows select only fields constituting a log file path
	# Text file column is understood to represent a log file path if and only if all of the
	# following are met:
	# * it contains at least one slash '/' character,
	# * it is preceded by space
	# * it doesn't contain space (' '), colon (':'), and semicolon (';') characters
	# Search log file for path(s) only in case it exists!
	if [[ -f "${LOG_FILE}" ]]
	then
		NORMALIZED_CONFIG_FILE_LINES=$(sed -e "/^[#|$]/d" "${LOG_FILE}")
		LINES_WITH_PATHS=$(grep '[^/]*\s\+\S*/\S\+$' &lt;&lt;&lt; "${NORMALIZED_CONFIG_FILE_LINES}")
		FILTERED_PATHS=$(awk '{if(NF&gt;=2&amp;&amp;($NF~/^\//||$NF~/^-\//)){sub(/^-\//,"/",$NF);print $NF}}' &lt;&lt;&lt; "${LINES_WITH_PATHS}")
		CLEANED_PATHS=$(sed -e "s/[\"')]//g; /\\/etc.*\.conf/d; /\\/dev\\//d" &lt;&lt;&lt; "${FILTERED_PATHS}")
		MATCHED_ITEMS=$(sed -e "/^$/d" &lt;&lt;&lt; "${CLEANED_PATHS}")
		# Since above sed command might return more than one item (delimited by newline), split
		# the particular matches entries into new array specific for this log file
		readarray -t ARRAY_FOR_LOG_FILE &lt;&lt;&lt; "$MATCHED_ITEMS"
		# Concatenate the two arrays - previous content of $LOG_FILE_PATHS array with
		# items from newly created array for this log file
		LOG_FILE_PATHS+=("${ARRAY_FOR_LOG_FILE[@]}")
		# Delete the temporary array
		unset ARRAY_FOR_LOG_FILE
	fi
done

# Check for RainerScript action log format which might be also multiline so grep regex is a bit
# curly:
# extract possibly multiline action omfile expressions
# extract File="logfile" expression
# match only "logfile" expression
for LOG_FILE in "${RSYSLOG_CONFIG_FILES[@]}"
do
	ACTION_OMFILE_LINES=$(grep -iozP "action\s*\(\s*type\s*=\s*\"omfile\"[^\)]*\)" "${LOG_FILE}")
	OMFILE_LINES=$(echo "${ACTION_OMFILE_LINES}"| grep -iaoP "\bFile\s*=\s*\"([/[:alnum:][:punct:]]*)\"\s*\)")
	LOG_FILE_PATHS+=("$(echo "${OMFILE_LINES}"| grep -oE "\"([/[:alnum:][:punct:]]*)\""|tr -d "\"")")
done

# Ensure the correct attribute if file exists
FILE_CMD="chown"
for LOG_FILE_PATH in "${LOG_FILE_PATHS[@]}"
do
	# Sanity check - if particular $LOG_FILE_PATH is empty string, skip it from further processing
	if [ -z "$LOG_FILE_PATH" ]
	then
		continue
	fi
	$FILE_CMD "root" "$LOG_FILE_PATH"
done

else
    &gt;&amp;2 echo 'Remediation is not applicable, nothing was done'
fi
</fix>
          <fix xmlns:xhtml="http://www.w3.org/1999/xhtml" id="rsyslog_files_ownership" system="urn:xccdf:fix:script:ansible" complexity="low" disruption="medium" strategy="configure">- name: Gather the package facts
  package_facts:
    manager: auto
  tags:
  - CCE-85839-9
  - NIST-800-53-AC-6(1)
  - NIST-800-53-CM-6(a)
  - PCI-DSS-Req-10.5.1
  - PCI-DSS-Req-10.5.2
  - PCI-DSSv4-10.3
  - PCI-DSSv4-10.3.2
  - configure_strategy
  - low_complexity
  - medium_disruption
  - medium_severity
  - no_reboot_needed
  - rsyslog_files_ownership

- name: Ensure Log Files Are Owned By Appropriate User - Set rsyslog logfile configuration
    facts
  ansible.builtin.set_fact:
    rsyslog_etc_config: /etc/rsyslog.conf
  when:
  - '"rsyslog" in ansible_facts.packages'
  - ("kernel-default" in ansible_facts.packages or "kernel-default-base" in ansible_facts.packages)
  tags:
  - CCE-85839-9
  - NIST-800-53-AC-6(1)
  - NIST-800-53-CM-6(a)
  - PCI-DSS-Req-10.5.1
  - PCI-DSS-Req-10.5.2
  - PCI-DSSv4-10.3
  - PCI-DSSv4-10.3.2
  - configure_strategy
  - low_complexity
  - medium_disruption
  - medium_severity
  - no_reboot_needed
  - rsyslog_files_ownership

- name: Ensure Log Files Are Owned By Appropriate User - Get IncludeConfig directive
  ansible.builtin.shell: |
    set -o pipefail
    grep -e '$IncludeConfig' {{ rsyslog_etc_config }} | cut -d ' ' -f 2 || true
  register: rsyslog_old_inc
  changed_when: false
  when:
  - '"rsyslog" in ansible_facts.packages'
  - ("kernel-default" in ansible_facts.packages or "kernel-default-base" in ansible_facts.packages)
  tags:
  - CCE-85839-9
  - NIST-800-53-AC-6(1)
  - NIST-800-53-CM-6(a)
  - PCI-DSS-Req-10.5.1
  - PCI-DSS-Req-10.5.2
  - PCI-DSSv4-10.3
  - PCI-DSSv4-10.3.2
  - configure_strategy
  - low_complexity
  - medium_disruption
  - medium_severity
  - no_reboot_needed
  - rsyslog_files_ownership

- name: Ensure Log Files Are Owned By Appropriate User - Get include files directives
  ansible.builtin.shell: |
    set -o pipefail
    awk '/)/{f=0} /include\(/{f=1} f{ nf=gensub("^(include\\(|\\s*)file=\"(\\S+)\".*","\\2",1); if($0!=nf){ print nf }}' {{ rsyslog_etc_config }} || true
  register: rsyslog_new_inc
  changed_when: false
  when:
  - '"rsyslog" in ansible_facts.packages'
  - ("kernel-default" in ansible_facts.packages or "kernel-default-base" in ansible_facts.packages)
  tags:
  - CCE-85839-9
  - NIST-800-53-AC-6(1)
  - NIST-800-53-CM-6(a)
  - PCI-DSS-Req-10.5.1
  - PCI-DSS-Req-10.5.2
  - PCI-DSSv4-10.3
  - PCI-DSSv4-10.3.2
  - configure_strategy
  - low_complexity
  - medium_disruption
  - medium_severity
  - no_reboot_needed
  - rsyslog_files_ownership

- name: Ensure Log Files Are Owned By Appropriate User - Aggregate rsyslog includes
  ansible.builtin.set_fact:
    include_config_output: '{{ rsyslog_old_inc.stdout_lines + rsyslog_new_inc.stdout_lines
      }}'
  when:
  - '"rsyslog" in ansible_facts.packages'
  - ("kernel-default" in ansible_facts.packages or "kernel-default-base" in ansible_facts.packages)
  - rsyslog_old_inc is not skipped and rsyslog_new_inc is not skipped
  tags:
  - CCE-85839-9
  - NIST-800-53-AC-6(1)
  - NIST-800-53-CM-6(a)
  - PCI-DSS-Req-10.5.1
  - PCI-DSS-Req-10.5.2
  - PCI-DSSv4-10.3
  - PCI-DSSv4-10.3.2
  - configure_strategy
  - low_complexity
  - medium_disruption
  - medium_severity
  - no_reboot_needed
  - rsyslog_files_ownership

- name: Ensure Log Files Are Owned By Appropriate User - List all config files
  ansible.builtin.find:
    paths: '{{ item | dirname }}'
    patterns: '{{ item | basename }}'
    hidden: false
    follow: true
  loop: '{{ include_config_output | list + [rsyslog_etc_config] }}'
  when:
  - '"rsyslog" in ansible_facts.packages'
  - ("kernel-default" in ansible_facts.packages or "kernel-default-base" in ansible_facts.packages)
  - include_config_output is defined
  register: rsyslog_config_files
  failed_when: false
  changed_when: false
  tags:
  - CCE-85839-9
  - NIST-800-53-AC-6(1)
  - NIST-800-53-CM-6(a)
  - PCI-DSS-Req-10.5.1
  - PCI-DSS-Req-10.5.2
  - PCI-DSSv4-10.3
  - PCI-DSSv4-10.3.2
  - configure_strategy
  - low_complexity
  - medium_disruption
  - medium_severity
  - no_reboot_needed
  - rsyslog_files_ownership

- name: Ensure Log Files Are Owned By Appropriate User - Extract log files old format
  ansible.builtin.shell: |
    set -o pipefail
    grep -oP '^[^(\s|#|\$)]+[\s]+.*[\s]+-?(/+[^:;\s]+);*\.*$' {{ item.1.path }} | \
    awk '{print $NF}' | \
    sed -e 's/^-//' || true
  loop: '{{ rsyslog_config_files.results | default([]) | subelements(''files'') }}'
  register: log_files_old
  changed_when: false
  when:
  - '"rsyslog" in ansible_facts.packages'
  - ("kernel-default" in ansible_facts.packages or "kernel-default-base" in ansible_facts.packages)
  - rsyslog_config_files is not skipped
  tags:
  - CCE-85839-9
  - NIST-800-53-AC-6(1)
  - NIST-800-53-CM-6(a)
  - PCI-DSS-Req-10.5.1
  - PCI-DSS-Req-10.5.2
  - PCI-DSSv4-10.3
  - PCI-DSSv4-10.3.2
  - configure_strategy
  - low_complexity
  - medium_disruption
  - medium_severity
  - no_reboot_needed
  - rsyslog_files_ownership

- name: Ensure Log Files Are Owned By Appropriate User - Extract log files new format
  ansible.builtin.shell: |
    set -o pipefail
    grep -ozP "action\s*\(\s*type\s*=\s*\"omfile\"[^\)]*\)" {{ item.1.path }} | \
    grep -aoP "\bFile\s*=\s*\"([/[:alnum:][:punct:]]*)\"\s*\)" | \
    grep -oE "\"([/[:alnum:][:punct:]]*)\"" | \
    tr -d "\""|| true
  loop: '{{ rsyslog_config_files.results | default([]) | subelements(''files'') }}'
  register: log_files_new
  changed_when: false
  when:
  - '"rsyslog" in ansible_facts.packages'
  - ("kernel-default" in ansible_facts.packages or "kernel-default-base" in ansible_facts.packages)
  - rsyslog_config_files is not skipped
  tags:
  - CCE-85839-9
  - NIST-800-53-AC-6(1)
  - NIST-800-53-CM-6(a)
  - PCI-DSS-Req-10.5.1
  - PCI-DSS-Req-10.5.2
  - PCI-DSSv4-10.3
  - PCI-DSSv4-10.3.2
  - configure_strategy
  - low_complexity
  - medium_disruption
  - medium_severity
  - no_reboot_needed
  - rsyslog_files_ownership

- name: Ensure Log Files Are Owned By Appropriate User - Sum all log files found
  ansible.builtin.set_fact:
    log_files: '{{ log_files_new.results | map(attribute=''stdout_lines'') | list
      | flatten | unique + log_files_old.results | map(attribute=''stdout_lines'')
      | list | flatten | unique }}'
  when:
  - '"rsyslog" in ansible_facts.packages'
  - ("kernel-default" in ansible_facts.packages or "kernel-default-base" in ansible_facts.packages)
  tags:
  - CCE-85839-9
  - NIST-800-53-AC-6(1)
  - NIST-800-53-CM-6(a)
  - PCI-DSS-Req-10.5.1
  - PCI-DSS-Req-10.5.2
  - PCI-DSSv4-10.3
  - PCI-DSSv4-10.3.2
  - configure_strategy
  - low_complexity
  - medium_disruption
  - medium_severity
  - no_reboot_needed
  - rsyslog_files_ownership

- name: Ensure Log Files Are Owned By Appropriate User -Setup log files attribute
  ansible.builtin.file:
    path: '{{ item }}'
    owner: root
    state: file
  loop: '{{ log_files | list | flatten | unique }}'
  failed_when: false
  when:
  - '"rsyslog" in ansible_facts.packages'
  - ("kernel-default" in ansible_facts.packages or "kernel-default-base" in ansible_facts.packages)
  tags:
  - CCE-85839-9
  - NIST-800-53-AC-6(1)
  - NIST-800-53-CM-6(a)
  - PCI-DSS-Req-10.5.1
  - PCI-DSS-Req-10.5.2
  - PCI-DSSv4-10.3
  - PCI-DSSv4-10.3.2
  - configure_strategy
  - low_complexity
  - medium_disruption
  - medium_severity
  - no_reboot_needed
  - rsyslog_files_ownership
</fix>
          <check system="http://oval.mitre.org/XMLSchema/oval-definitions-5">
            <check-content-ref name="oval:ssg-rsyslog_files_ownership:def:1" href="ssg-sle15-oval.xml"/>
          </check>
          <check system="http://scap.nist.gov/schema/ocil/2">
            <check-content-ref name="ocil:ssg-rsyslog_files_ownership_ocil:questionnaire:1" href="ssg-sle15-ocil.xml"/>
          </check>
        </Rule>
        <Rule id="xccdf_org.ssgproject.content_rule_rsyslog_files_permissions" selected="false" role="full" severity="medium">
          <title xmlns:xhtml="http://www.w3.org/1999/xhtml" xml:lang="en-US">Ensure System Log Files Have Correct Permissions</title>
          <description xmlns:xhtml="http://www.w3.org/1999/xhtml" xml:lang="en-US">The file permissions for all log files written by <html:code xmlns:html="http://www.w3.org/1999/xhtml">rsyslog</html:code> should
be set to 640, or more restrictive. These log files are determined by the
second part of each Rule line in <html:code xmlns:html="http://www.w3.org/1999/xhtml">/etc/rsyslog.conf</html:code> and typically
all appear in <html:code xmlns:html="http://www.w3.org/1999/xhtml">/var/log</html:code>. For each log file <html:i xmlns:html="http://www.w3.org/1999/xhtml">LOGFILE</html:i>
referenced in <html:code xmlns:html="http://www.w3.org/1999/xhtml">/etc/rsyslog.conf</html:code>, run the following command to
inspect the file's permissions:
<html:pre xmlns:html="http://www.w3.org/1999/xhtml">$ ls -l <html:i>LOGFILE</html:i>
        </html:pre>
If the permissions are not 640 or more restrictive, run the following
command to correct this:
<html:pre xmlns:html="http://www.w3.org/1999/xhtml">$ sudo chmod 640 <html:i>LOGFILE</html:i>
        </html:pre>"</description>
          <reference href="https://www.nerc.com/standards/reliability-standards/cip">CIP-003-8 R5.1.1</reference>
          <reference href="https://www.nerc.com/standards/reliability-standards/cip">CIP-003-8 R5.3</reference>
          <reference href="https://www.nerc.com/standards/reliability-standards/cip">CIP-004-6 R2.3</reference>
          <reference href="https://www.nerc.com/standards/reliability-standards/cip">CIP-007-3 R2.1</reference>
          <reference href="https://www.nerc.com/standards/reliability-standards/cip">CIP-007-3 R2.2</reference>
          <reference href="https://www.nerc.com/standards/reliability-standards/cip">CIP-007-3 R2.3</reference>
          <reference href="https://www.nerc.com/standards/reliability-standards/cip">CIP-007-3 R5.1</reference>
          <reference href="https://www.nerc.com/standards/reliability-standards/cip">CIP-007-3 R5.1.1</reference>
          <reference href="https://www.nerc.com/standards/reliability-standards/cip">CIP-007-3 R5.1.2</reference>
          <reference href="http://nvlpubs.nist.gov/nistpubs/SpecialPublications/NIST.SP.800-53r4.pdf">CM-6(a)</reference>
          <reference href="http://nvlpubs.nist.gov/nistpubs/SpecialPublications/NIST.SP.800-53r4.pdf">AC-6(1)</reference>
          <reference href="https://www.pcisecuritystandards.org/documents/PCI_DSS_v3-2-1.pdf">Req-10.5.1</reference>
          <reference href="https://www.pcisecuritystandards.org/documents/PCI_DSS_v3-2-1.pdf">Req-10.5.2</reference>
          <reference href="https://www.cisecurity.org/benchmark/suse_linux/">4.2.1.3</reference>
          <reference href="https://cyber.gouv.fr/sites/default/files/document/linux_configuration-en-v2.pdf">R71</reference>
          <reference href="not_publicly_available">SLES-15-750300300</reference>
          <reference href="https://www.cyber.gov.au/acsc/view-all-content/ism">0988</reference>
          <reference href="https://www.cyber.gov.au/acsc/view-all-content/ism">1405</reference>
          <reference href="https://docs-prv.pcisecuritystandards.org/PCI%20DSS/Standard/PCI-DSS-v4_0.pdf">10.3.1</reference>
          <reference href="https://docs-prv.pcisecuritystandards.org/PCI%20DSS/Standard/PCI-DSS-v4_0.pdf">10.3</reference>
          <rationale xmlns:xhtml="http://www.w3.org/1999/xhtml" xml:lang="en-US">Log files can contain valuable information regarding system
configuration. If the system log files are not protected unauthorized
users could change the logged data, eliminating their forensic value.</rationale>
          <ident system="https://ncp.nist.gov/cce">CCE-85837-3</ident>
          <fix xmlns:xhtml="http://www.w3.org/1999/xhtml" id="rsyslog_files_permissions" system="urn:xccdf:fix:script:sh"># Remediation is applicable only in certain platforms
if rpm --quiet -q kernel-default || rpm --quiet -q kernel-default-base &amp;&amp; rpm --quiet -q rsyslog; then

# List of log file paths to be inspected for correct permissions
# * Primarily inspect log file paths listed in /etc/rsyslog.conf
RSYSLOG_ETC_CONFIG="/etc/rsyslog.conf"
# * And also the log file paths listed after rsyslog's $IncludeConfig directive
#   (store the result into array for the case there's shell glob used as value of IncludeConfig)
readarray -t OLD_INC &lt; &lt;(grep -e "\$IncludeConfig[[:space:]]\+[^[:space:];]\+" /etc/rsyslog.conf | cut -d ' ' -f 2)
readarray -t RSYSLOG_INCLUDE_CONFIG &lt; &lt;(for INCPATH in "${OLD_INC[@]}"; do eval printf '%s\\n' "${INCPATH}"; done)
readarray -t NEW_INC &lt; &lt;(sed -n '/^\s*include(/,/)/Ip' /etc/rsyslog.conf | sed -n 's@.*file\s*=\s*"\([/[:alnum:][:punct:]]*\)".*@\1@Ip')
readarray -t RSYSLOG_INCLUDE &lt; &lt;(for INCPATH in "${NEW_INC[@]}"; do eval printf '%s\\n' "${INCPATH}"; done)

# Declare an array to hold the final list of different log file paths
declare -a LOG_FILE_PATHS

# Array to hold all rsyslog config entries
RSYSLOG_CONFIGS=()
RSYSLOG_CONFIGS=("${RSYSLOG_ETC_CONFIG}" "${RSYSLOG_INCLUDE_CONFIG[@]}" "${RSYSLOG_INCLUDE[@]}")

# Get full list of files to be checked
# RSYSLOG_CONFIGS may contain globs such as
# /etc/rsyslog.d/*.conf /etc/rsyslog.d/*.frule
# So, loop over the entries in RSYSLOG_CONFIGS and use find to get the list of included files.
RSYSLOG_CONFIG_FILES=()
for ENTRY in "${RSYSLOG_CONFIGS[@]}"
do
	# If directory, rsyslog will search for config files in recursively.
	# However, files in hidden sub-directories or hidden files will be ignored.
	if [ -d "${ENTRY}" ]
	then
		readarray -t FINDOUT &lt; &lt;(find "${ENTRY}" -not -path '*/.*' -type f)
		RSYSLOG_CONFIG_FILES+=("${FINDOUT[@]}")
	elif [ -f "${ENTRY}" ]
	then
		RSYSLOG_CONFIG_FILES+=("${ENTRY}")
	else
		echo "Invalid include object: ${ENTRY}"
	fi
done

# Browse each file selected above as containing paths of log files
# ('/etc/rsyslog.conf' and '/etc/rsyslog.d/*.conf' in the default configuration)
for LOG_FILE in "${RSYSLOG_CONFIG_FILES[@]}"
do
	# From each of these files extract just particular log file path(s), thus:
	# * Ignore lines starting with space (' '), comment ('#"), or variable syntax ('$') characters,
	# * Ignore empty lines,
	# * Strip quotes and closing brackets from paths.
	# * Ignore paths that match /dev|/etc.*\.conf, as those are paths, but likely not log files
	# * From the remaining valid rows select only fields constituting a log file path
	# Text file column is understood to represent a log file path if and only if all of the
	# following are met:
	# * it contains at least one slash '/' character,
	# * it is preceded by space
	# * it doesn't contain space (' '), colon (':'), and semicolon (';') characters
	# Search log file for path(s) only in case it exists!
	if [[ -f "${LOG_FILE}" ]]
	then
		NORMALIZED_CONFIG_FILE_LINES=$(sed -e "/^[#|$]/d" "${LOG_FILE}")
		LINES_WITH_PATHS=$(grep '[^/]*\s\+\S*/\S\+$' &lt;&lt;&lt; "${NORMALIZED_CONFIG_FILE_LINES}")
		FILTERED_PATHS=$(awk '{if(NF&gt;=2&amp;&amp;($NF~/^\//||$NF~/^-\//)){sub(/^-\//,"/",$NF);print $NF}}' &lt;&lt;&lt; "${LINES_WITH_PATHS}")
		CLEANED_PATHS=$(sed -e "s/[\"')]//g; /\\/etc.*\.conf/d; /\\/dev\\//d" &lt;&lt;&lt; "${FILTERED_PATHS}")
		MATCHED_ITEMS=$(sed -e "/^$/d" &lt;&lt;&lt; "${CLEANED_PATHS}")
		# Since above sed command might return more than one item (delimited by newline), split
		# the particular matches entries into new array specific for this log file
		readarray -t ARRAY_FOR_LOG_FILE &lt;&lt;&lt; "$MATCHED_ITEMS"
		# Concatenate the two arrays - previous content of $LOG_FILE_PATHS array with
		# items from newly created array for this log file
		LOG_FILE_PATHS+=("${ARRAY_FOR_LOG_FILE[@]}")
		# Delete the temporary array
		unset ARRAY_FOR_LOG_FILE
	fi
done

# Check for RainerScript action log format which might be also multiline so grep regex is a bit
# curly:
# extract possibly multiline action omfile expressions
# extract File="logfile" expression
# match only "logfile" expression
for LOG_FILE in "${RSYSLOG_CONFIG_FILES[@]}"
do
	ACTION_OMFILE_LINES=$(grep -iozP "action\s*\(\s*type\s*=\s*\"omfile\"[^\)]*\)" "${LOG_FILE}")
	OMFILE_LINES=$(echo "${ACTION_OMFILE_LINES}"| grep -iaoP "\bFile\s*=\s*\"([/[:alnum:][:punct:]]*)\"\s*\)")
	LOG_FILE_PATHS+=("$(echo "${OMFILE_LINES}"| grep -oE "\"([/[:alnum:][:punct:]]*)\""|tr -d "\"")")
done

# Ensure the correct attribute if file exists
FILE_CMD="chmod"
for LOG_FILE_PATH in "${LOG_FILE_PATHS[@]}"
do
	# Sanity check - if particular $LOG_FILE_PATH is empty string, skip it from further processing
	if [ -z "$LOG_FILE_PATH" ]
	then
		continue
	fi
	$FILE_CMD "0640" "$LOG_FILE_PATH"
done

else
    &gt;&amp;2 echo 'Remediation is not applicable, nothing was done'
fi
</fix>
          <fix xmlns:xhtml="http://www.w3.org/1999/xhtml" id="rsyslog_files_permissions" system="urn:xccdf:fix:script:ansible" complexity="low" disruption="medium" strategy="configure">- name: Gather the package facts
  package_facts:
    manager: auto
  tags:
  - CCE-85837-3
  - NIST-800-53-AC-6(1)
  - NIST-800-53-CM-6(a)
  - PCI-DSS-Req-10.5.1
  - PCI-DSS-Req-10.5.2
  - PCI-DSSv4-10.3
  - PCI-DSSv4-10.3.1
  - configure_strategy
  - low_complexity
  - medium_disruption
  - medium_severity
  - no_reboot_needed
  - rsyslog_files_permissions

- name: Ensure System Log Files Have Correct Permissions - Set rsyslog logfile configuration
    facts
  ansible.builtin.set_fact:
    rsyslog_etc_config: /etc/rsyslog.conf
  when:
  - '"rsyslog" in ansible_facts.packages'
  - ("kernel-default" in ansible_facts.packages or "kernel-default-base" in ansible_facts.packages)
  tags:
  - CCE-85837-3
  - NIST-800-53-AC-6(1)
  - NIST-800-53-CM-6(a)
  - PCI-DSS-Req-10.5.1
  - PCI-DSS-Req-10.5.2
  - PCI-DSSv4-10.3
  - PCI-DSSv4-10.3.1
  - configure_strategy
  - low_complexity
  - medium_disruption
  - medium_severity
  - no_reboot_needed
  - rsyslog_files_permissions

- name: Ensure System Log Files Have Correct Permissions - Get IncludeConfig directive
  ansible.builtin.shell: |
    set -o pipefail
    grep -e '$IncludeConfig' {{ rsyslog_etc_config }} | cut -d ' ' -f 2 || true
  register: rsyslog_old_inc
  changed_when: false
  when:
  - '"rsyslog" in ansible_facts.packages'
  - ("kernel-default" in ansible_facts.packages or "kernel-default-base" in ansible_facts.packages)
  tags:
  - CCE-85837-3
  - NIST-800-53-AC-6(1)
  - NIST-800-53-CM-6(a)
  - PCI-DSS-Req-10.5.1
  - PCI-DSS-Req-10.5.2
  - PCI-DSSv4-10.3
  - PCI-DSSv4-10.3.1
  - configure_strategy
  - low_complexity
  - medium_disruption
  - medium_severity
  - no_reboot_needed
  - rsyslog_files_permissions

- name: Ensure System Log Files Have Correct Permissions - Get include files directives
  ansible.builtin.shell: |
    set -o pipefail
    awk '/)/{f=0} /include\(/{f=1} f{ nf=gensub("^(include\\(|\\s*)file=\"(\\S+)\".*","\\2",1); if($0!=nf){ print nf }}' {{ rsyslog_etc_config }} || true
  register: rsyslog_new_inc
  changed_when: false
  when:
  - '"rsyslog" in ansible_facts.packages'
  - ("kernel-default" in ansible_facts.packages or "kernel-default-base" in ansible_facts.packages)
  tags:
  - CCE-85837-3
  - NIST-800-53-AC-6(1)
  - NIST-800-53-CM-6(a)
  - PCI-DSS-Req-10.5.1
  - PCI-DSS-Req-10.5.2
  - PCI-DSSv4-10.3
  - PCI-DSSv4-10.3.1
  - configure_strategy
  - low_complexity
  - medium_disruption
  - medium_severity
  - no_reboot_needed
  - rsyslog_files_permissions

- name: Ensure System Log Files Have Correct Permissions - Aggregate rsyslog includes
  ansible.builtin.set_fact:
    include_config_output: '{{ rsyslog_old_inc.stdout_lines + rsyslog_new_inc.stdout_lines
      }}'
  when:
  - '"rsyslog" in ansible_facts.packages'
  - ("kernel-default" in ansible_facts.packages or "kernel-default-base" in ansible_facts.packages)
  - rsyslog_old_inc is not skipped and rsyslog_new_inc is not skipped
  tags:
  - CCE-85837-3
  - NIST-800-53-AC-6(1)
  - NIST-800-53-CM-6(a)
  - PCI-DSS-Req-10.5.1
  - PCI-DSS-Req-10.5.2
  - PCI-DSSv4-10.3
  - PCI-DSSv4-10.3.1
  - configure_strategy
  - low_complexity
  - medium_disruption
  - medium_severity
  - no_reboot_needed
  - rsyslog_files_permissions

- name: Ensure System Log Files Have Correct Permissions - List all config files
  ansible.builtin.find:
    paths: '{{ item | dirname }}'
    patterns: '{{ item | basename }}'
    hidden: false
    follow: true
  loop: '{{ include_config_output | list + [rsyslog_etc_config] }}'
  when:
  - '"rsyslog" in ansible_facts.packages'
  - ("kernel-default" in ansible_facts.packages or "kernel-default-base" in ansible_facts.packages)
  - include_config_output is defined
  register: rsyslog_config_files
  failed_when: false
  changed_when: false
  tags:
  - CCE-85837-3
  - NIST-800-53-AC-6(1)
  - NIST-800-53-CM-6(a)
  - PCI-DSS-Req-10.5.1
  - PCI-DSS-Req-10.5.2
  - PCI-DSSv4-10.3
  - PCI-DSSv4-10.3.1
  - configure_strategy
  - low_complexity
  - medium_disruption
  - medium_severity
  - no_reboot_needed
  - rsyslog_files_permissions

- name: Ensure System Log Files Have Correct Permissions - Extract log files old format
  ansible.builtin.shell: |
    set -o pipefail
    grep -oP '^[^(\s|#|\$)]+[\s]+.*[\s]+-?(/+[^:;\s]+);*\.*$' {{ item.1.path }} | \
    awk '{print $NF}' | \
    sed -e 's/^-//' || true
  loop: '{{ rsyslog_config_files.results | default([]) | subelements(''files'') }}'
  register: log_files_old
  changed_when: false
  when:
  - '"rsyslog" in ansible_facts.packages'
  - ("kernel-default" in ansible_facts.packages or "kernel-default-base" in ansible_facts.packages)
  - rsyslog_config_files is not skipped
  tags:
  - CCE-85837-3
  - NIST-800-53-AC-6(1)
  - NIST-800-53-CM-6(a)
  - PCI-DSS-Req-10.5.1
  - PCI-DSS-Req-10.5.2
  - PCI-DSSv4-10.3
  - PCI-DSSv4-10.3.1
  - configure_strategy
  - low_complexity
  - medium_disruption
  - medium_severity
  - no_reboot_needed
  - rsyslog_files_permissions

- name: Ensure System Log Files Have Correct Permissions - Extract log files new format
  ansible.builtin.shell: |
    set -o pipefail
    grep -ozP "action\s*\(\s*type\s*=\s*\"omfile\"[^\)]*\)" {{ item.1.path }} | \
    grep -aoP "\bFile\s*=\s*\"([/[:alnum:][:punct:]]*)\"\s*\)" | \
    grep -oE "\"([/[:alnum:][:punct:]]*)\"" | \
    tr -d "\""|| true
  loop: '{{ rsyslog_config_files.results | default([]) | subelements(''files'') }}'
  register: log_files_new
  changed_when: false
  when:
  - '"rsyslog" in ansible_facts.packages'
  - ("kernel-default" in ansible_facts.packages or "kernel-default-base" in ansible_facts.packages)
  - rsyslog_config_files is not skipped
  tags:
  - CCE-85837-3
  - NIST-800-53-AC-6(1)
  - NIST-800-53-CM-6(a)
  - PCI-DSS-Req-10.5.1
  - PCI-DSS-Req-10.5.2
  - PCI-DSSv4-10.3
  - PCI-DSSv4-10.3.1
  - configure_strategy
  - low_complexity
  - medium_disruption
  - medium_severity
  - no_reboot_needed
  - rsyslog_files_permissions

- name: Ensure System Log Files Have Correct Permissions - Sum all log files found
  ansible.builtin.set_fact:
    log_files: '{{ log_files_new.results | map(attribute=''stdout_lines'') | list
      | flatten | unique + log_files_old.results | map(attribute=''stdout_lines'')
      | list | flatten | unique }}'
  when:
  - '"rsyslog" in ansible_facts.packages'
  - ("kernel-default" in ansible_facts.packages or "kernel-default-base" in ansible_facts.packages)
  tags:
  - CCE-85837-3
  - NIST-800-53-AC-6(1)
  - NIST-800-53-CM-6(a)
  - PCI-DSS-Req-10.5.1
  - PCI-DSS-Req-10.5.2
  - PCI-DSSv4-10.3
  - PCI-DSSv4-10.3.1
  - configure_strategy
  - low_complexity
  - medium_disruption
  - medium_severity
  - no_reboot_needed
  - rsyslog_files_permissions

- name: Ensure System Log Files Have Correct Permissions -Setup log files attribute
  ansible.builtin.file:
    path: '{{ item }}'
    mode: '0640'
    state: file
  loop: '{{ log_files | list | flatten | unique }}'
  failed_when: false
  when:
  - '"rsyslog" in ansible_facts.packages'
  - ("kernel-default" in ansible_facts.packages or "kernel-default-base" in ansible_facts.packages)
  tags:
  - CCE-85837-3
  - NIST-800-53-AC-6(1)
  - NIST-800-53-CM-6(a)
  - PCI-DSS-Req-10.5.1
  - PCI-DSS-Req-10.5.2
  - PCI-DSSv4-10.3
  - PCI-DSSv4-10.3.1
  - configure_strategy
  - low_complexity
  - medium_disruption
  - medium_severity
  - no_reboot_needed
  - rsyslog_files_permissions
</fix>
          <check system="http://oval.mitre.org/XMLSchema/oval-definitions-5">
            <check-content-ref name="oval:ssg-rsyslog_files_permissions:def:1" href="ssg-sle15-oval.xml"/>
          </check>
          <check system="http://scap.nist.gov/schema/ocil/2">
            <check-content-ref name="ocil:ssg-rsyslog_files_permissions_ocil:questionnaire:1" href="ssg-sle15-ocil.xml"/>
          </check>
        </Rule>
        <Rule id="xccdf_org.ssgproject.content_rule_rsyslog_logging_configured" selected="false" role="full" severity="medium">
          <title xmlns:xhtml="http://www.w3.org/1999/xhtml" xml:lang="en-US">Ensure logging is configured</title>
          <description xmlns:xhtml="http://www.w3.org/1999/xhtml" xml:lang="en-US">The <html:code xmlns:html="http://www.w3.org/1999/xhtml">/etc/rsyslog.conf</html:code> and <html:code xmlns:html="http://www.w3.org/1999/xhtml">/etc/rsyslog.d/*.conf</html:code> files
specifies rules for logging and which files are to be used to log certain
classes of messages.</description>
          <warning xmlns:xhtml="http://www.w3.org/1999/xhtml" xml:lang="en-US" category="general">This rule does not come with remediation as there is no one way to solve the problem, and
the requirement from CIS specification does not require one particular way, but persuades
the system administrator to perform configuration suitable for the specific environment.
This also means that the OVAL check is too generic, and the user most probably should
perform additional manual verification.</warning>
          <reference href="https://www.cisecurity.org/benchmark/suse_linux/">4.2.1.4</reference>
          <reference href="not_publicly_available">SLES-15-750300270</reference>
          <rationale xmlns:xhtml="http://www.w3.org/1999/xhtml" xml:lang="en-US">A great deal of important security-related information is sent via
rsyslog (e.g., successful and failed su attempts, failed login attempts,
root login attempts, etc.).</rationale>
          <ident system="https://ncp.nist.gov/cce">CCE-92497-7</ident>
          <check system="http://oval.mitre.org/XMLSchema/oval-definitions-5">
            <check-content-ref name="oval:ssg-rsyslog_logging_configured:def:1" href="ssg-sle15-oval.xml"/>
          </check>
          <check system="http://scap.nist.gov/schema/ocil/2">
            <check-content-ref name="ocil:ssg-rsyslog_logging_configured_ocil:questionnaire:1" href="ssg-sle15-ocil.xml"/>
          </check>
        </Rule>
      </Group>
      <Group id="xccdf_org.ssgproject.content_group_journald">
        <title xmlns:xhtml="http://www.w3.org/1999/xhtml" xml:lang="en-US">systemd-journald</title>
        <description xmlns:xhtml="http://www.w3.org/1999/xhtml" xml:lang="en-US">systemd-journald is a system service that collects and stores
logging data. It creates and maintains structured, indexed
journals based on logging information that is received from a
variety of sources.

For more information on <html:code xmlns:html="http://www.w3.org/1999/xhtml">systemd-journald </html:code> and additional <html:code xmlns:html="http://www.w3.org/1999/xhtml">systemd-journald</html:code> configuration options, see
<html:b xmlns:html="http://www.w3.org/1999/xhtml"><html:a href="https://systemd.io/">https://systemd.io/</html:a></html:b>.</description>
        <Value id="xccdf_org.ssgproject.content_value_var_journal_upload_server_certificate_file" type="string" interactive="true">
          <title xmlns:xhtml="http://www.w3.org/1999/xhtml" xml:lang="en-US">Remote server SSL CA certificate in PEM format for systemd-journal-upload service</title>
          <description xmlns:xhtml="http://www.w3.org/1999/xhtml" xml:lang="en-US">The setting for ServerCertificateFile in the journal-upload config file.</description>
          <value>/etc/pki/systemd/certs/journal-upload.pem</value>
        </Value>
        <Value id="xccdf_org.ssgproject.content_value_var_journal_upload_server_key_file" type="string" interactive="true">
          <title xmlns:xhtml="http://www.w3.org/1999/xhtml" xml:lang="en-US">Remote server SSL key in PEM format for systemd-journal-upload service</title>
          <description xmlns:xhtml="http://www.w3.org/1999/xhtml" xml:lang="en-US">The setting for ServerKeyFile in the journal-upload config file.</description>
          <value>/etc/pki/systemd/private/journal-upload.pem</value>
        </Value>
        <Value id="xccdf_org.ssgproject.content_value_var_journal_upload_server_trusted_certificate_file" type="string" interactive="true">
          <title xmlns:xhtml="http://www.w3.org/1999/xhtml" xml:lang="en-US">Remote server SSL CA certificate for systemd-journal-upload service</title>
          <description xmlns:xhtml="http://www.w3.org/1999/xhtml" xml:lang="en-US">The setting for TrustedCertificateFile in the journal-upload config file.</description>
          <value>/etc/pki/systemd/ca/trusted.pem</value>
        </Value>
        <Value id="xccdf_org.ssgproject.content_value_var_journal_upload_url" type="string" interactive="true">
          <title xmlns:xhtml="http://www.w3.org/1999/xhtml" xml:lang="en-US">Remote server for systemd-journal-upload service</title>
          <description xmlns:xhtml="http://www.w3.org/1999/xhtml" xml:lang="en-US">The setting for URL in the journal-upload config file.</description>
          <value>remotelogserver</value>
        </Value>
        <Rule id="xccdf_org.ssgproject.content_rule_package_systemd-journal-remote_installed" selected="false" role="full" severity="medium">
          <title xmlns:xhtml="http://www.w3.org/1999/xhtml" xml:lang="en-US">Install systemd-journal-remote Package</title>
          <description xmlns:xhtml="http://www.w3.org/1999/xhtml" xml:lang="en-US">Journald (via systemd-journal-remote ) supports the ability to send
log events it gathers to a remote log host or to receive messages
from remote hosts, thus enabling centralised log management.</description>
          <reference href="https://www.cyber.mil/stigs/downloads/?_dl_facet_stigs=operating-systems%2Cgeneral-purpose-os">SRG-OS-000479-GPOS-00224</reference>
          <reference href="not_publicly_available">SLES-15-750300075</reference>
          <rationale xmlns:xhtml="http://www.w3.org/1999/xhtml" xml:lang="en-US">Storing log data on a remote host protects log integrity from local
attacks. If an attacker gains root access on the local system, they
could tamper with or remove log data that is stored on the local system.</rationale>
          <ident system="https://ncp.nist.gov/cce">CCE-92598-2</ident>
          <fix xmlns:xhtml="http://www.w3.org/1999/xhtml" id="package_systemd-journal-remote_installed" system="urn:xccdf:fix:script:puppet" complexity="low" disruption="low" strategy="enable">include install_systemd-journal-remote

class install_systemd-journal-remote {
  package { 'systemd-journal-remote':
    ensure =&gt; 'installed',
  }
}
</fix>
          <fix xmlns:xhtml="http://www.w3.org/1999/xhtml" id="package_systemd-journal-remote_installed" system="urn:xccdf:fix:script:sh" complexity="low" disruption="low" strategy="enable"># Remediation is applicable only in certain platforms
if rpm --quiet -q kernel-default || rpm --quiet -q kernel-default-base; then

zypper install -y "systemd-journal-remote"

else
    &gt;&amp;2 echo 'Remediation is not applicable, nothing was done'
fi
</fix>
          <fix xmlns:xhtml="http://www.w3.org/1999/xhtml" id="package_systemd-journal-remote_installed" system="urn:redhat:osbuild:blueprint">
[[packages]]
name = "systemd-journal-remote"
version = "*"
</fix>
          <fix xmlns:xhtml="http://www.w3.org/1999/xhtml" id="package_systemd-journal-remote_installed" system="urn:xccdf:fix:script:ansible" complexity="low" disruption="low" strategy="enable">- name: Gather the package facts
  package_facts:
    manager: auto
  tags:
  - CCE-92598-2
  - enable_strategy
  - low_complexity
  - low_disruption
  - medium_severity
  - no_reboot_needed
  - package_systemd-journal-remote_installed

- name: Ensure systemd-journal-remote is installed
  ansible.builtin.package:
    name: systemd-journal-remote
    state: present
  when: ("kernel-default" in ansible_facts.packages or "kernel-default-base" in ansible_facts.packages)
  tags:
  - CCE-92598-2
  - enable_strategy
  - low_complexity
  - low_disruption
  - medium_severity
  - no_reboot_needed
  - package_systemd-journal-remote_installed
</fix>
          <check system="http://oval.mitre.org/XMLSchema/oval-definitions-5">
            <check-content-ref name="oval:ssg-package_systemd-journal-remote_installed:def:1" href="ssg-sle15-oval.xml"/>
          </check>
          <check system="http://scap.nist.gov/schema/ocil/2">
            <check-content-ref name="ocil:ssg-package_systemd-journal-remote_installed_ocil:questionnaire:1" href="ssg-sle15-ocil.xml"/>
          </check>
        </Rule>
        <Rule id="xccdf_org.ssgproject.content_rule_service_systemd-journal-upload_enabled" selected="false" role="full" severity="medium">
          <title xmlns:xhtml="http://www.w3.org/1999/xhtml" xml:lang="en-US">Enable systemd-journal-upload Service</title>
          <description xmlns:xhtml="http://www.w3.org/1999/xhtml" xml:lang="en-US">The <html:code xmlns:html="http://www.w3.org/1999/xhtml">systemd-journal-upload</html:code> service is part of the <html:code xmlns:html="http://www.w3.org/1999/xhtml">systemd-journal-remote</html:code> package
and enables centralized logging by uploading local systemd journal entries to a remote log
server via HTTPS. This service acts as a client that pushes journal data to a remote host
running the <html:code xmlns:html="http://www.w3.org/1999/xhtml">systemd-journal-remote</html:code> receiver service.

The <html:code xmlns:html="http://www.w3.org/1999/xhtml">systemd-journal-upload</html:code> service can be enabled with the following command:
<html:pre xmlns:html="http://www.w3.org/1999/xhtml">$ sudo systemctl enable systemd-journal-upload.service</html:pre>
       </description>
          <warning xmlns:xhtml="http://www.w3.org/1999/xhtml" xml:lang="en-US" category="general">The <html:code xmlns:html="http://www.w3.org/1999/xhtml">systemd-journal-upload</html:code> service will fail to start if the remote server URL is not configured.
Edit <html:code xmlns:html="http://www.w3.org/1999/xhtml">/etc/systemd/journal-upload.conf</html:code> to configure the remote server URL.</warning>
          <reference href="https://www.cyber.mil/stigs/downloads/?_dl_facet_stigs=operating-systems%2Cgeneral-purpose-os">SRG-OS-000479-GPOS-00224</reference>
          <reference href="not_publicly_available">SLES-15-750300105</reference>
          <rationale xmlns:xhtml="http://www.w3.org/1999/xhtml" xml:lang="en-US">Centralized logging through <html:code xmlns:html="http://www.w3.org/1999/xhtml">systemd-journal-upload</html:code> is essential for security monitoring,
incident response, and compliance requirements. Storing log data on a remote host protects log
integrity from local attacks. If an attacker gains root access on the local system, they could
tamper with or remove log data stored locally to hide their activities. Remote logging ensures
that audit trails remain intact even if the local system is compromised. Additionally,
centralized logs facilitate correlation of events across multiple systems, enabling better
detection of distributed attacks and security incidents.</rationale>
          <platform idref="#machine_and_package_systemd-journal-remote"/>
          <ident system="https://ncp.nist.gov/cce">CCE-92604-8</ident>
          <fix xmlns:xhtml="http://www.w3.org/1999/xhtml" id="service_systemd-journal-upload_enabled" system="urn:xccdf:fix:script:puppet" complexity="low" disruption="low" strategy="enable">include enable_systemd-journal-upload

class enable_systemd-journal-upload {
  service {'systemd-journal-upload':
    enable =&gt; true,
    ensure =&gt; 'running',
  }
}
</fix>
          <fix xmlns:xhtml="http://www.w3.org/1999/xhtml" id="service_systemd-journal-upload_enabled" system="urn:xccdf:fix:script:sh" complexity="low" disruption="low" strategy="enable"># Remediation is applicable only in certain platforms
if rpm --quiet -q kernel-default || rpm --quiet -q kernel-default-base &amp;&amp; { ( [ ! -f /.dockerenv ] &amp;&amp; [ ! -f /run/.containerenv ] &amp;&amp; rpm --quiet -q systemd-journal-remote ); }; then

SYSTEMCTL_EXEC='/usr/bin/systemctl'
"$SYSTEMCTL_EXEC" unmask 'systemd-journal-upload.service'
if [[ $("$SYSTEMCTL_EXEC" is-system-running) != "offline" ]]; then
  "$SYSTEMCTL_EXEC" start 'systemd-journal-upload.service'
fi
"$SYSTEMCTL_EXEC" enable 'systemd-journal-upload.service'

else
    &gt;&amp;2 echo 'Remediation is not applicable, nothing was done'
fi
</fix>
          <fix xmlns:xhtml="http://www.w3.org/1999/xhtml" id="service_systemd-journal-upload_enabled" system="urn:redhat:osbuild:blueprint">
[customizations.services]
enabled = ["systemd-journal-upload"]
</fix>
          <fix xmlns:xhtml="http://www.w3.org/1999/xhtml" id="service_systemd-journal-upload_enabled" system="urn:xccdf:fix:script:ansible" complexity="low" disruption="low" strategy="enable">- name: Gather the package facts
  package_facts:
    manager: auto
  tags:
  - CCE-92604-8
  - enable_strategy
  - low_complexity
  - low_disruption
  - medium_severity
  - no_reboot_needed
  - service_systemd-journal-upload_enabled

- name: Enable systemd-journal-upload Service - Enable service systemd-journal-upload
  block:

  - name: Gather the package facts
    ansible.builtin.package_facts:
      manager: auto

  - name: Enable systemd-journal-upload Service - Enable Service systemd-journal-upload
    ansible.builtin.systemd:
      name: systemd-journal-upload
      enabled: true
      state: started
      masked: false
    when:
    - '"systemd-journal-remote" in ansible_facts.packages'
  tags:
  - CCE-92604-8
  - enable_strategy
  - low_complexity
  - low_disruption
  - medium_severity
  - no_reboot_needed
  - service_systemd-journal-upload_enabled
  - special_service_block
  when:
  - ("kernel-default" in ansible_facts.packages or "kernel-default-base" in ansible_facts.packages)
  - ( ansible_virtualization_type not in ["docker", "lxc", "openvz", "podman", "container"]
    and "systemd-journal-remote" in ansible_facts.packages )
</fix>
          <check system="http://open-scap.org/page/SCE">
            <check-import import-name="stdout">
                </check-import>
            <check-content-ref href="sle15/checks/sce/service_systemd-journal-upload_enabled.sh"/>
          </check>
          <check system="http://oval.mitre.org/XMLSchema/oval-definitions-5">
            <check-content-ref name="oval:ssg-service_systemd-journal-upload_enabled:def:1" href="ssg-sle15-oval.xml"/>
          </check>
          <check system="http://scap.nist.gov/schema/ocil/2">
            <check-content-ref name="ocil:ssg-service_systemd-journal-upload_enabled_ocil:questionnaire:1" href="ssg-sle15-ocil.xml"/>
          </check>
        </Rule>
        <Rule id="xccdf_org.ssgproject.content_rule_service_systemd-journald_enabled" selected="false" role="full" severity="medium">
          <title xmlns:xhtml="http://www.w3.org/1999/xhtml" xml:lang="en-US">Enable systemd-journald Service</title>
          <description xmlns:xhtml="http://www.w3.org/1999/xhtml" xml:lang="en-US">The <html:code xmlns:html="http://www.w3.org/1999/xhtml">systemd-journald</html:code> service is an essential component of
systemd.

The <html:code xmlns:html="http://www.w3.org/1999/xhtml">systemd-journald</html:code> service can be enabled with the following command:
<html:pre xmlns:html="http://www.w3.org/1999/xhtml">$ sudo systemctl enable systemd-journald.service</html:pre>
       </description>
          <reference href="http://nvlpubs.nist.gov/nistpubs/SpecialPublications/NIST.SP.800-53r4.pdf">SC-24</reference>
          <reference href="https://www.cyber.mil/stigs/downloads/?_dl_facet_stigs=operating-systems%2Cgeneral-purpose-os">SRG-OS-000269-GPOS-00103</reference>
          <reference href="not_publicly_available">SLES-15-750300015</reference>
          <rationale xmlns:xhtml="http://www.w3.org/1999/xhtml" xml:lang="en-US">In the event of a system failure, SUSE Linux Enterprise 15 must preserve any information necessary to determine cause of failure and any information necessary to return to operations with least disruption to system processes.</rationale>
          <ident system="https://ncp.nist.gov/cce">CCE-92605-5</ident>
          <fix xmlns:xhtml="http://www.w3.org/1999/xhtml" id="service_systemd-journald_enabled" system="urn:xccdf:fix:script:puppet" complexity="low" disruption="low" strategy="enable">include enable_systemd-journald

class enable_systemd-journald {
  service {'systemd-journald':
    enable =&gt; true,
    ensure =&gt; 'running',
  }
}
</fix>
          <fix xmlns:xhtml="http://www.w3.org/1999/xhtml" id="service_systemd-journald_enabled" system="urn:xccdf:fix:script:sh" complexity="low" disruption="low" strategy="enable"># Remediation is applicable only in certain platforms
if rpm --quiet -q kernel-default || rpm --quiet -q kernel-default-base; then

SYSTEMCTL_EXEC='/usr/bin/systemctl'
"$SYSTEMCTL_EXEC" unmask 'systemd-journald.service'
if [[ $("$SYSTEMCTL_EXEC" is-system-running) != "offline" ]]; then
  "$SYSTEMCTL_EXEC" start 'systemd-journald.service'
fi
"$SYSTEMCTL_EXEC" enable 'systemd-journald.service'

else
    &gt;&amp;2 echo 'Remediation is not applicable, nothing was done'
fi
</fix>
          <fix xmlns:xhtml="http://www.w3.org/1999/xhtml" id="service_systemd-journald_enabled" system="urn:redhat:osbuild:blueprint">
[customizations.services]
enabled = ["systemd-journald"]
</fix>
          <fix xmlns:xhtml="http://www.w3.org/1999/xhtml" id="service_systemd-journald_enabled" system="urn:xccdf:fix:script:ansible" complexity="low" disruption="low" strategy="enable">- name: Gather the package facts
  package_facts:
    manager: auto
  tags:
  - CCE-92605-5
  - NIST-800-53-SC-24
  - enable_strategy
  - low_complexity
  - low_disruption
  - medium_severity
  - no_reboot_needed
  - service_systemd-journald_enabled

- name: Enable systemd-journald Service - Enable service systemd-journald
  block:

  - name: Gather the package facts
    ansible.builtin.package_facts:
      manager: auto

  - name: Enable systemd-journald Service - Enable Service systemd-journald
    ansible.builtin.systemd:
      name: systemd-journald
      enabled: true
      state: started
      masked: false
    when:
    - '"systemd" in ansible_facts.packages'
  tags:
  - CCE-92605-5
  - NIST-800-53-SC-24
  - enable_strategy
  - low_complexity
  - low_disruption
  - medium_severity
  - no_reboot_needed
  - service_systemd-journald_enabled
  - special_service_block
  when: ("kernel-default" in ansible_facts.packages or "kernel-default-base" in ansible_facts.packages)
</fix>
          <check system="http://open-scap.org/page/SCE">
            <check-import import-name="stdout">
                </check-import>
            <check-content-ref href="sle15/checks/sce/service_systemd-journald_enabled.sh"/>
          </check>
          <check system="http://oval.mitre.org/XMLSchema/oval-definitions-5">
            <check-content-ref name="oval:ssg-service_systemd-journald_enabled:def:1" href="ssg-sle15-oval.xml"/>
          </check>
          <check system="http://scap.nist.gov/schema/ocil/2">
            <check-content-ref name="ocil:ssg-service_systemd-journald_enabled_ocil:questionnaire:1" href="ssg-sle15-ocil.xml"/>
          </check>
        </Rule>
        <Rule id="xccdf_org.ssgproject.content_rule_journald_compress" selected="false" role="full" severity="medium">
          <title xmlns:xhtml="http://www.w3.org/1999/xhtml" xml:lang="en-US">Ensure journald is configured to compress large log files</title>
          <description xmlns:xhtml="http://www.w3.org/1999/xhtml" xml:lang="en-US">The journald system can compress large log files to avoid fill the system disk.</description>
          <reference href="https://www.cisecurity.org/benchmark/suse_linux/">4.2.2.2</reference>
          <reference href="not_publicly_available">SLES-15-750300150</reference>
          <rationale xmlns:xhtml="http://www.w3.org/1999/xhtml" xml:lang="en-US">Log files that are not properly compressed run the risk of growing so large that they fill up the log partition. Valuable logging information could be lost if the log partition becomes full.</rationale>
          <ident system="https://ncp.nist.gov/cce">CCE-91377-2</ident>
          <fix xmlns:xhtml="http://www.w3.org/1999/xhtml" id="journald_compress" system="urn:xccdf:fix:script:sh" complexity="low" disruption="low" strategy="restrict"># Remediation is applicable only in certain platforms
if rpm --quiet -q kernel-default || rpm --quiet -q kernel-default-base; then

found=false

# set value in all files if they contain section or key
for f in $(echo -n "/etc/systemd/journal.d/complianceascode_hardening.conf /etc/systemd/journal.d/*.conf /etc/systemd/journald.conf"); do
    if [ ! -e "$f" ]; then
        continue
    fi

    # find key in section and change value
    if grep -qzosP "[[:space:]]*\[Journal\]([^\n\[]*\n+)+?[[:space:]]*Compress" "$f"; then
        if ! grep -qPz "Compress=yes" "$f"; then

            sed -i "s/Compress[^(\n)]*/Compress=yes/" "$f"

        fi

        found=true

    # find section and add key = value to it
    elif grep -qs "[[:space:]]*\[Journal\]" "$f"; then

            sed -i "/[[:space:]]*\[Journal\]/a Compress=yes" "$f"

            found=true
    fi
done

# if section not in any file, append section with key = value to FIRST file in files parameter
if ! $found ; then
    file=$(echo "/etc/systemd/journal.d/complianceascode_hardening.conf /etc/systemd/journal.d/*.conf /etc/systemd/journald.conf" | cut -f1 -d ' ')
    mkdir -p "$(dirname "$file")"

    echo -e "[Journal]\nCompress=yes" &gt;&gt; "$file"

fi

else
    &gt;&amp;2 echo 'Remediation is not applicable, nothing was done'
fi
</fix>
          <fix xmlns:xhtml="http://www.w3.org/1999/xhtml" id="journald_compress" system="urn:xccdf:fix:script:ansible" complexity="low" disruption="low" strategy="restrict">- name: Gather the package facts
  package_facts:
    manager: auto
  tags:
  - CCE-91377-2
  - journald_compress
  - low_complexity
  - low_disruption
  - medium_severity
  - no_reboot_needed
  - restrict_strategy

- name: Ensure journald is configured to compress large log files - Search for a section
    in files
  ansible.builtin.find:
    paths: '{{item.path}}'
    patterns: '{{item.pattern}}'
    contains: ^\s*\[Journal\]
    read_whole_file: true
    use_regex: true
  register: systemd_dropin_files_with_section
  loop:
  - path: '{{ ''/etc/systemd/journald.conf'' | dirname }}'
    pattern: '{{ ''/etc/systemd/journald.conf'' | basename | regex_escape }}'
  - path: /etc/systemd/journal.d
    pattern: .*\.conf
  when: ("kernel-default" in ansible_facts.packages or "kernel-default-base" in ansible_facts.packages)
  tags:
  - CCE-91377-2
  - journald_compress
  - low_complexity
  - low_disruption
  - medium_severity
  - no_reboot_needed
  - restrict_strategy

- name: Ensure journald is configured to compress large log files - Count number of
    files which contain the correct section
  ansible.builtin.set_fact:
    count_of_systemd_dropin_files_with_section: '{{systemd_dropin_files_with_section.results
      | map(attribute=''matched'') | list | map(''int'') | sum}}'
  when: ("kernel-default" in ansible_facts.packages or "kernel-default-base" in ansible_facts.packages)
  tags:
  - CCE-91377-2
  - journald_compress
  - low_complexity
  - low_disruption
  - medium_severity
  - no_reboot_needed
  - restrict_strategy

- name: Ensure journald is configured to compress large log files - Add missing configuration
    to correct section
  community.general.ini_file:
    path: '{{item}}'
    section: Journal
    option: Compress
    value: 'yes'
    state: present
    no_extra_spaces: true
  when:
  - ("kernel-default" in ansible_facts.packages or "kernel-default-base" in ansible_facts.packages)
  - count_of_systemd_dropin_files_with_section | int &gt; 0
  loop: '{{systemd_dropin_files_with_section.results | sum(attribute=''files'', start=[])
    | map(attribute=''path'') | list }}'
  tags:
  - CCE-91377-2
  - journald_compress
  - low_complexity
  - low_disruption
  - medium_severity
  - no_reboot_needed
  - restrict_strategy

- name: Ensure journald is configured to compress large log files - Add configuration
    to new remediation file
  community.general.ini_file:
    path: /etc/systemd/journal.d/complianceascode_hardening.conf
    section: Journal
    option: Compress
    value: 'yes'
    state: present
    no_extra_spaces: true
    create: true
  when:
  - ("kernel-default" in ansible_facts.packages or "kernel-default-base" in ansible_facts.packages)
  - count_of_systemd_dropin_files_with_section | int == 0
  tags:
  - CCE-91377-2
  - journald_compress
  - low_complexity
  - low_disruption
  - medium_severity
  - no_reboot_needed
  - restrict_strategy
</fix>
          <check system="http://oval.mitre.org/XMLSchema/oval-definitions-5">
            <check-content-ref name="oval:ssg-journald_compress:def:1" href="ssg-sle15-oval.xml"/>
          </check>
          <check system="http://scap.nist.gov/schema/ocil/2">
            <check-content-ref name="ocil:ssg-journald_compress_ocil:questionnaire:1" href="ssg-sle15-ocil.xml"/>
          </check>
        </Rule>
        <Rule id="xccdf_org.ssgproject.content_rule_journald_disable_forward_to_syslog" selected="false" role="full" severity="medium">
          <title xmlns:xhtml="http://www.w3.org/1999/xhtml" xml:lang="en-US">Ensure journald ForwardToSyslog is disabled</title>
          <description xmlns:xhtml="http://www.w3.org/1999/xhtml" xml:lang="en-US">Data from journald should be kept in the confines of the service and not forwarded to other services.</description>
          <reference href="not_publicly_available">SLES-15-750300135</reference>
          <rationale xmlns:xhtml="http://www.w3.org/1999/xhtml" xml:lang="en-US">If journald is the method for capturing logs, all logs of the system should be handled by journald and not forwarded to other logging mechanisms.</rationale>
          <platform idref="#package_systemd"/>
          <ident system="https://ncp.nist.gov/cce">CCE-92566-9</ident>
          <fix xmlns:xhtml="http://www.w3.org/1999/xhtml" id="journald_disable_forward_to_syslog" system="urn:xccdf:fix:script:sh" complexity="low" disruption="low" strategy="restrict"># Remediation is applicable only in certain platforms
if rpm --quiet -q kernel-default || rpm --quiet -q kernel-default-base &amp;&amp; { rpm --quiet -q systemd; }; then

found=false

# set value in all files if they contain section or key
for f in $(echo -n "/etc/systemd/journal.d/complianceascode_hardening.conf /etc/systemd/journal.d/*.conf /etc/systemd/journald.conf"); do
    if [ ! -e "$f" ]; then
        continue
    fi

    # find key in section and change value
    if grep -qzosP "[[:space:]]*\[Journal\]([^\n\[]*\n+)+?[[:space:]]*ForwardToSyslog" "$f"; then
        if ! grep -qPz "ForwardToSyslog=no" "$f"; then

            sed -i "s/ForwardToSyslog[^(\n)]*/ForwardToSyslog=no/" "$f"

        fi

        found=true

    # find section and add key = value to it
    elif grep -qs "[[:space:]]*\[Journal\]" "$f"; then

            sed -i "/[[:space:]]*\[Journal\]/a ForwardToSyslog=no" "$f"

            found=true
    fi
done

# if section not in any file, append section with key = value to FIRST file in files parameter
if ! $found ; then
    file=$(echo "/etc/systemd/journal.d/complianceascode_hardening.conf /etc/systemd/journal.d/*.conf /etc/systemd/journald.conf" | cut -f1 -d ' ')
    mkdir -p "$(dirname "$file")"

    echo -e "[Journal]\nForwardToSyslog=no" &gt;&gt; "$file"

fi

else
    &gt;&amp;2 echo 'Remediation is not applicable, nothing was done'
fi
</fix>
          <fix xmlns:xhtml="http://www.w3.org/1999/xhtml" id="journald_disable_forward_to_syslog" system="urn:xccdf:fix:script:ansible" complexity="low" disruption="low" strategy="restrict">- name: Gather the package facts
  package_facts:
    manager: auto
  tags:
  - CCE-92566-9
  - journald_disable_forward_to_syslog
  - low_complexity
  - low_disruption
  - medium_severity
  - no_reboot_needed
  - restrict_strategy

- name: Ensure journald ForwardToSyslog is disabled - Search for a section in files
  ansible.builtin.find:
    paths: '{{item.path}}'
    patterns: '{{item.pattern}}'
    contains: ^\s*\[Journal\]
    read_whole_file: true
    use_regex: true
  register: systemd_dropin_files_with_section
  loop:
  - path: '{{ ''/etc/systemd/journald.conf'' | dirname }}'
    pattern: '{{ ''/etc/systemd/journald.conf'' | basename | regex_escape }}'
  - path: /etc/systemd/journal.d
    pattern: .*\.conf
  when:
  - ("kernel-default" in ansible_facts.packages or "kernel-default-base" in ansible_facts.packages)
  - '"systemd" in ansible_facts.packages'
  tags:
  - CCE-92566-9
  - journald_disable_forward_to_syslog
  - low_complexity
  - low_disruption
  - medium_severity
  - no_reboot_needed
  - restrict_strategy

- name: Ensure journald ForwardToSyslog is disabled - Count number of files which
    contain the correct section
  ansible.builtin.set_fact:
    count_of_systemd_dropin_files_with_section: '{{systemd_dropin_files_with_section.results
      | map(attribute=''matched'') | list | map(''int'') | sum}}'
  when:
  - ("kernel-default" in ansible_facts.packages or "kernel-default-base" in ansible_facts.packages)
  - '"systemd" in ansible_facts.packages'
  tags:
  - CCE-92566-9
  - journald_disable_forward_to_syslog
  - low_complexity
  - low_disruption
  - medium_severity
  - no_reboot_needed
  - restrict_strategy

- name: Ensure journald ForwardToSyslog is disabled - Add missing configuration to
    correct section
  community.general.ini_file:
    path: '{{item}}'
    section: Journal
    option: ForwardToSyslog
    value: 'no'
    state: present
    no_extra_spaces: true
  when:
  - ("kernel-default" in ansible_facts.packages or "kernel-default-base" in ansible_facts.packages)
  - '"systemd" in ansible_facts.packages'
  - count_of_systemd_dropin_files_with_section | int &gt; 0
  loop: '{{systemd_dropin_files_with_section.results | sum(attribute=''files'', start=[])
    | map(attribute=''path'') | list }}'
  tags:
  - CCE-92566-9
  - journald_disable_forward_to_syslog
  - low_complexity
  - low_disruption
  - medium_severity
  - no_reboot_needed
  - restrict_strategy

- name: Ensure journald ForwardToSyslog is disabled - Add configuration to new remediation
    file
  community.general.ini_file:
    path: /etc/systemd/journal.d/complianceascode_hardening.conf
    section: Journal
    option: ForwardToSyslog
    value: 'no'
    state: present
    no_extra_spaces: true
    create: true
  when:
  - ("kernel-default" in ansible_facts.packages or "kernel-default-base" in ansible_facts.packages)
  - '"systemd" in ansible_facts.packages'
  - count_of_systemd_dropin_files_with_section | int == 0
  tags:
  - CCE-92566-9
  - journald_disable_forward_to_syslog
  - low_complexity
  - low_disruption
  - medium_severity
  - no_reboot_needed
  - restrict_strategy
</fix>
          <check system="http://oval.mitre.org/XMLSchema/oval-definitions-5">
            <check-content-ref name="oval:ssg-journald_disable_forward_to_syslog:def:1" href="ssg-sle15-oval.xml"/>
          </check>
          <check system="http://scap.nist.gov/schema/ocil/2">
            <check-content-ref name="ocil:ssg-journald_disable_forward_to_syslog_ocil:questionnaire:1" href="ssg-sle15-ocil.xml"/>
          </check>
        </Rule>
        <Rule id="xccdf_org.ssgproject.content_rule_journald_forward_to_syslog" selected="false" role="full" severity="medium">
          <title xmlns:xhtml="http://www.w3.org/1999/xhtml" xml:lang="en-US">Ensure journald is configured to send logs to rsyslog</title>
          <description xmlns:xhtml="http://www.w3.org/1999/xhtml" xml:lang="en-US">Data from journald may be stored in volatile memory or persisted locally.
Utilities exist to accept remote export of journald logs.</description>
          <reference href="https://www.cisecurity.org/benchmark/suse_linux/">4.2.2.1</reference>
          <reference href="not_publicly_available">SLES-15-750300240</reference>
          <rationale xmlns:xhtml="http://www.w3.org/1999/xhtml" xml:lang="en-US">Storing log data on a remote host protects log integrity from local attacks. If an attacker gains root access on the local system, they could tamper with or remove log data that is stored on the local system.</rationale>
          <ident system="https://ncp.nist.gov/cce">CCE-91376-4</ident>
          <fix xmlns:xhtml="http://www.w3.org/1999/xhtml" id="journald_forward_to_syslog" system="urn:xccdf:fix:script:sh" complexity="low" disruption="low" strategy="restrict"># Remediation is applicable only in certain platforms
if rpm --quiet -q kernel-default || rpm --quiet -q kernel-default-base; then

found=false

# set value in all files if they contain section or key
for f in $(echo -n "/etc/systemd/journal.d/complianceascode_hardening.conf /etc/systemd/journal.d/*.conf /etc/systemd/journald.conf"); do
    if [ ! -e "$f" ]; then
        continue
    fi

    # find key in section and change value
    if grep -qzosP "[[:space:]]*\[Journal\]([^\n\[]*\n+)+?[[:space:]]*ForwardToSyslog" "$f"; then
        if ! grep -qPz "ForwardToSyslog=yes" "$f"; then

            sed -i "s/ForwardToSyslog[^(\n)]*/ForwardToSyslog=yes/" "$f"

        fi

        found=true

    # find section and add key = value to it
    elif grep -qs "[[:space:]]*\[Journal\]" "$f"; then

            sed -i "/[[:space:]]*\[Journal\]/a ForwardToSyslog=yes" "$f"

            found=true
    fi
done

# if section not in any file, append section with key = value to FIRST file in files parameter
if ! $found ; then
    file=$(echo "/etc/systemd/journal.d/complianceascode_hardening.conf /etc/systemd/journal.d/*.conf /etc/systemd/journald.conf" | cut -f1 -d ' ')
    mkdir -p "$(dirname "$file")"

    echo -e "[Journal]\nForwardToSyslog=yes" &gt;&gt; "$file"

fi

else
    &gt;&amp;2 echo 'Remediation is not applicable, nothing was done'
fi
</fix>
          <fix xmlns:xhtml="http://www.w3.org/1999/xhtml" id="journald_forward_to_syslog" system="urn:xccdf:fix:script:ansible" complexity="low" disruption="low" strategy="restrict">- name: Gather the package facts
  package_facts:
    manager: auto
  tags:
  - CCE-91376-4
  - journald_forward_to_syslog
  - low_complexity
  - low_disruption
  - medium_severity
  - no_reboot_needed
  - restrict_strategy

- name: Ensure journald is configured to send logs to rsyslog - Search for a section
    in files
  ansible.builtin.find:
    paths: '{{item.path}}'
    patterns: '{{item.pattern}}'
    contains: ^\s*\[Journal\]
    read_whole_file: true
    use_regex: true
  register: systemd_dropin_files_with_section
  loop:
  - path: '{{ ''/etc/systemd/journald.conf'' | dirname }}'
    pattern: '{{ ''/etc/systemd/journald.conf'' | basename | regex_escape }}'
  - path: /etc/systemd/journal.d
    pattern: .*\.conf
  when: ("kernel-default" in ansible_facts.packages or "kernel-default-base" in ansible_facts.packages)
  tags:
  - CCE-91376-4
  - journald_forward_to_syslog
  - low_complexity
  - low_disruption
  - medium_severity
  - no_reboot_needed
  - restrict_strategy

- name: Ensure journald is configured to send logs to rsyslog - Count number of files
    which contain the correct section
  ansible.builtin.set_fact:
    count_of_systemd_dropin_files_with_section: '{{systemd_dropin_files_with_section.results
      | map(attribute=''matched'') | list | map(''int'') | sum}}'
  when: ("kernel-default" in ansible_facts.packages or "kernel-default-base" in ansible_facts.packages)
  tags:
  - CCE-91376-4
  - journald_forward_to_syslog
  - low_complexity
  - low_disruption
  - medium_severity
  - no_reboot_needed
  - restrict_strategy

- name: Ensure journald is configured to send logs to rsyslog - Add missing configuration
    to correct section
  community.general.ini_file:
    path: '{{item}}'
    section: Journal
    option: ForwardToSyslog
    value: 'yes'
    state: present
    no_extra_spaces: true
  when:
  - ("kernel-default" in ansible_facts.packages or "kernel-default-base" in ansible_facts.packages)
  - count_of_systemd_dropin_files_with_section | int &gt; 0
  loop: '{{systemd_dropin_files_with_section.results | sum(attribute=''files'', start=[])
    | map(attribute=''path'') | list }}'
  tags:
  - CCE-91376-4
  - journald_forward_to_syslog
  - low_complexity
  - low_disruption
  - medium_severity
  - no_reboot_needed
  - restrict_strategy

- name: Ensure journald is configured to send logs to rsyslog - Add configuration
    to new remediation file
  community.general.ini_file:
    path: /etc/systemd/journal.d/complianceascode_hardening.conf
    section: Journal
    option: ForwardToSyslog
    value: 'yes'
    state: present
    no_extra_spaces: true
    create: true
  when:
  - ("kernel-default" in ansible_facts.packages or "kernel-default-base" in ansible_facts.packages)
  - count_of_systemd_dropin_files_with_section | int == 0
  tags:
  - CCE-91376-4
  - journald_forward_to_syslog
  - low_complexity
  - low_disruption
  - medium_severity
  - no_reboot_needed
  - restrict_strategy
</fix>
          <check system="http://oval.mitre.org/XMLSchema/oval-definitions-5">
            <check-content-ref name="oval:ssg-journald_forward_to_syslog:def:1" href="ssg-sle15-oval.xml"/>
          </check>
          <check system="http://scap.nist.gov/schema/ocil/2">
            <check-content-ref name="ocil:ssg-journald_forward_to_syslog_ocil:questionnaire:1" href="ssg-sle15-ocil.xml"/>
          </check>
        </Rule>
        <Rule id="xccdf_org.ssgproject.content_rule_journald_storage" selected="false" role="full" severity="medium">
          <title xmlns:xhtml="http://www.w3.org/1999/xhtml" xml:lang="en-US">Ensure journald is configured to write log files to persistent disk</title>
          <description xmlns:xhtml="http://www.w3.org/1999/xhtml" xml:lang="en-US">The journald system may store log files in volatile memory or locally on disk.
If the logs are only stored in volatile memory they will be lost upon reboot.</description>
          <reference href="https://www.cisecurity.org/benchmark/suse_linux/">4.2.2.3</reference>
          <reference href="not_publicly_available">SLES-15-750300165</reference>
          <rationale xmlns:xhtml="http://www.w3.org/1999/xhtml" xml:lang="en-US">Log files contain valuable data and need to be persistent to aid in possible investigations.</rationale>
          <ident system="https://ncp.nist.gov/cce">CCE-91378-0</ident>
          <fix xmlns:xhtml="http://www.w3.org/1999/xhtml" id="journald_storage" system="urn:xccdf:fix:script:sh" complexity="low" disruption="low" strategy="restrict"># Remediation is applicable only in certain platforms
if rpm --quiet -q kernel-default || rpm --quiet -q kernel-default-base; then

found=false

# set value in all files if they contain section or key
for f in $(echo -n "/etc/systemd/journal.d/complianceascode_hardening.conf /etc/systemd/journal.d/*.conf /etc/systemd/journald.conf"); do
    if [ ! -e "$f" ]; then
        continue
    fi

    # find key in section and change value
    if grep -qzosP "[[:space:]]*\[Journal\]([^\n\[]*\n+)+?[[:space:]]*Storage" "$f"; then
        if ! grep -qPz "Storage=persistent" "$f"; then

            sed -i "s/Storage[^(\n)]*/Storage=persistent/" "$f"

        fi

        found=true

    # find section and add key = value to it
    elif grep -qs "[[:space:]]*\[Journal\]" "$f"; then

            sed -i "/[[:space:]]*\[Journal\]/a Storage=persistent" "$f"

            found=true
    fi
done

# if section not in any file, append section with key = value to FIRST file in files parameter
if ! $found ; then
    file=$(echo "/etc/systemd/journal.d/complianceascode_hardening.conf /etc/systemd/journal.d/*.conf /etc/systemd/journald.conf" | cut -f1 -d ' ')
    mkdir -p "$(dirname "$file")"

    echo -e "[Journal]\nStorage=persistent" &gt;&gt; "$file"

fi

else
    &gt;&amp;2 echo 'Remediation is not applicable, nothing was done'
fi
</fix>
          <fix xmlns:xhtml="http://www.w3.org/1999/xhtml" id="journald_storage" system="urn:xccdf:fix:script:ansible" complexity="low" disruption="low" strategy="restrict">- name: Gather the package facts
  package_facts:
    manager: auto
  tags:
  - CCE-91378-0
  - journald_storage
  - low_complexity
  - low_disruption
  - medium_severity
  - no_reboot_needed
  - restrict_strategy

- name: Ensure journald is configured to write log files to persistent disk - Search
    for a section in files
  ansible.builtin.find:
    paths: '{{item.path}}'
    patterns: '{{item.pattern}}'
    contains: ^\s*\[Journal\]
    read_whole_file: true
    use_regex: true
  register: systemd_dropin_files_with_section
  loop:
  - path: '{{ ''/etc/systemd/journald.conf'' | dirname }}'
    pattern: '{{ ''/etc/systemd/journald.conf'' | basename | regex_escape }}'
  - path: /etc/systemd/journal.d
    pattern: .*\.conf
  when: ("kernel-default" in ansible_facts.packages or "kernel-default-base" in ansible_facts.packages)
  tags:
  - CCE-91378-0
  - journald_storage
  - low_complexity
  - low_disruption
  - medium_severity
  - no_reboot_needed
  - restrict_strategy

- name: Ensure journald is configured to write log files to persistent disk - Count
    number of files which contain the correct section
  ansible.builtin.set_fact:
    count_of_systemd_dropin_files_with_section: '{{systemd_dropin_files_with_section.results
      | map(attribute=''matched'') | list | map(''int'') | sum}}'
  when: ("kernel-default" in ansible_facts.packages or "kernel-default-base" in ansible_facts.packages)
  tags:
  - CCE-91378-0
  - journald_storage
  - low_complexity
  - low_disruption
  - medium_severity
  - no_reboot_needed
  - restrict_strategy

- name: Ensure journald is configured to write log files to persistent disk - Add
    missing configuration to correct section
  community.general.ini_file:
    path: '{{item}}'
    section: Journal
    option: Storage
    value: persistent
    state: present
    no_extra_spaces: true
  when:
  - ("kernel-default" in ansible_facts.packages or "kernel-default-base" in ansible_facts.packages)
  - count_of_systemd_dropin_files_with_section | int &gt; 0
  loop: '{{systemd_dropin_files_with_section.results | sum(attribute=''files'', start=[])
    | map(attribute=''path'') | list }}'
  tags:
  - CCE-91378-0
  - journald_storage
  - low_complexity
  - low_disruption
  - medium_severity
  - no_reboot_needed
  - restrict_strategy

- name: Ensure journald is configured to write log files to persistent disk - Add
    configuration to new remediation file
  community.general.ini_file:
    path: /etc/systemd/journal.d/complianceascode_hardening.conf
    section: Journal
    option: Storage
    value: persistent
    state: present
    no_extra_spaces: true
    create: true
  when:
  - ("kernel-default" in ansible_facts.packages or "kernel-default-base" in ansible_facts.packages)
  - count_of_systemd_dropin_files_with_section | int == 0
  tags:
  - CCE-91378-0
  - journald_storage
  - low_complexity
  - low_disruption
  - medium_severity
  - no_reboot_needed
  - restrict_strategy
</fix>
          <check system="http://oval.mitre.org/XMLSchema/oval-definitions-5">
            <check-content-ref name="oval:ssg-journald_storage:def:1" href="ssg-sle15-oval.xml"/>
          </check>
          <check system="http://scap.nist.gov/schema/ocil/2">
            <check-content-ref name="ocil:ssg-journald_storage_ocil:questionnaire:1" href="ssg-sle15-ocil.xml"/>
          </check>
        </Rule>
        <Rule id="xccdf_org.ssgproject.content_rule_socket_systemd-journal-remote_disabled" selected="false" role="full" severity="medium">
          <title xmlns:xhtml="http://www.w3.org/1999/xhtml" xml:lang="en-US">Disable systemd-journal-remote Socket</title>
          <description xmlns:xhtml="http://www.w3.org/1999/xhtml" xml:lang="en-US">Journald supports the ability to receive messages from remote hosts,
thus acting as a log server. Clients should not receive data from
other hosts.
NOTE:
    The same package, systemd-journal-remote , is used for both sending
    logs to remote hosts and receiving incoming logs.
    With regards to receiving logs, there are two Systemd unit files;
    systemd-journal-remote.socket and systemd-journal-remote.service.</description>
          <reference href="not_publicly_available">SLES-15-750300120</reference>
          <rationale xmlns:xhtml="http://www.w3.org/1999/xhtml" xml:lang="en-US">If a client is configured to also receive data, thus turning it into
a server, the client system is acting outside it's operational boundary.</rationale>
          <ident system="https://ncp.nist.gov/cce">CCE-92608-9</ident>
          <fix xmlns:xhtml="http://www.w3.org/1999/xhtml" id="socket_systemd-journal-remote_disabled" system="urn:xccdf:fix:script:sh" complexity="low" disruption="low" strategy="disable"># Remediation is applicable only in certain platforms
if rpm --quiet -q kernel-default || rpm --quiet -q kernel-default-base; then

SOCKET_NAME="systemd-journal-remote.socket"
SYSTEMCTL_EXEC='/usr/bin/systemctl'

if "$SYSTEMCTL_EXEC" -q list-unit-files --type socket | grep -q "$SOCKET_NAME"; then
    if [[ $("$SYSTEMCTL_EXEC" is-system-running) != "offline" ]]; then
      "$SYSTEMCTL_EXEC" stop "$SOCKET_NAME"
    fi
    "$SYSTEMCTL_EXEC" mask "$SOCKET_NAME"
fi

else
    &gt;&amp;2 echo 'Remediation is not applicable, nothing was done'
fi
</fix>
          <fix xmlns:xhtml="http://www.w3.org/1999/xhtml" id="socket_systemd-journal-remote_disabled" system="urn:xccdf:fix:script:ansible" complexity="low" disruption="low" strategy="disable">- name: Gather the package facts
  package_facts:
    manager: auto
  tags:
  - CCE-92608-9
  - disable_strategy
  - low_complexity
  - low_disruption
  - medium_severity
  - no_reboot_needed
  - socket_systemd-journal-remote_disabled

- name: Disable systemd-journal-remote Socket - Collect systemd Socket Units Present
    in the System
  ansible.builtin.command:
    cmd: systemctl -q list-unit-files --type socket
  register: result_systemd_unit_files
  changed_when: false
  check_mode: false
  when: ("kernel-default" in ansible_facts.packages or "kernel-default-base" in ansible_facts.packages)
  tags:
  - CCE-92608-9
  - disable_strategy
  - low_complexity
  - low_disruption
  - medium_severity
  - no_reboot_needed
  - socket_systemd-journal-remote_disabled

- name: Disable systemd-journal-remote Socket - Ensure systemd-journal-remote.socket
    is Masked
  ansible.builtin.systemd:
    name: systemd-journal-remote.socket
    state: stopped
    enabled: false
    masked: true
  when:
  - ("kernel-default" in ansible_facts.packages or "kernel-default-base" in ansible_facts.packages)
  - result_systemd_unit_files.stdout_lines is search("systemd-journal-remote.socket")
  tags:
  - CCE-92608-9
  - disable_strategy
  - low_complexity
  - low_disruption
  - medium_severity
  - no_reboot_needed
  - socket_systemd-journal-remote_disabled
</fix>
          <check system="http://open-scap.org/page/SCE">
            <check-import import-name="stdout">
                </check-import>
            <check-content-ref href="sle15/checks/sce/socket_systemd-journal-remote_disabled.sh"/>
          </check>
          <check system="http://oval.mitre.org/XMLSchema/oval-definitions-5">
            <check-content-ref name="oval:ssg-socket_systemd-journal-remote_disabled:def:1" href="ssg-sle15-oval.xml"/>
          </check>
          <check system="http://scap.nist.gov/schema/ocil/2">
            <check-content-ref name="ocil:ssg-socket_systemd-journal-remote_disabled_ocil:questionnaire:1" href="ssg-sle15-ocil.xml"/>
          </check>
        </Rule>
        <Rule id="xccdf_org.ssgproject.content_rule_systemd_journal_upload_server_tls" selected="false" role="full" severity="medium">
          <title xmlns:xhtml="http://www.w3.org/1999/xhtml" xml:lang="en-US">Configure systemd-journal-upload TLS parameters: ServerKeyFile, ServerCertificateFile and TrustedCertificateFile</title>
          <description xmlns:xhtml="http://www.w3.org/1999/xhtml" xml:lang="en-US">SUSE Linux Enterprise 15 must offload rsyslog messages for networked systems in real time and
offload standalone systems at least weekly</description>
          <reference href="https://www.cyber.mil/stigs/downloads/?_dl_facet_stigs=operating-systems%2Cgeneral-purpose-os">SRG-OS-000479-GPOS-00224</reference>
          <reference href="not_publicly_available">SLES-15-750300090</reference>
          <rationale xmlns:xhtml="http://www.w3.org/1999/xhtml" xml:lang="en-US">Information stored in one location is vulnerable to accidental or incidental deletion or alteration.
Offloading is a common process in information systems with limited audit storage capacity</rationale>
          <ident system="https://ncp.nist.gov/cce">CCE-92612-1</ident>
          <check system="http://oval.mitre.org/XMLSchema/oval-definitions-5">
            <check-export export-name="oval:ssg-var_journal_upload_server_trusted_certificate_file:var:1" value-id="xccdf_org.ssgproject.content_value_var_journal_upload_server_trusted_certificate_file"/>
            <check-export export-name="oval:ssg-var_journal_upload_server_key_file:var:1" value-id="xccdf_org.ssgproject.content_value_var_journal_upload_server_key_file"/>
            <check-export export-name="oval:ssg-var_journal_upload_server_certificate_file:var:1" value-id="xccdf_org.ssgproject.content_value_var_journal_upload_server_certificate_file"/>
            <check-content-ref name="oval:ssg-systemd_journal_upload_server_tls:def:1" href="ssg-sle15-oval.xml"/>
          </check>
          <check system="http://scap.nist.gov/schema/ocil/2">
            <check-content-ref name="ocil:ssg-systemd_journal_upload_server_tls_ocil:questionnaire:1" href="ssg-sle15-ocil.xml"/>
          </check>
        </Rule>
        <Rule id="xccdf_org.ssgproject.content_rule_systemd_journal_upload_url" selected="false" role="full" severity="medium">
          <title xmlns:xhtml="http://www.w3.org/1999/xhtml" xml:lang="en-US">Configure systemd-journal-upload URL</title>
          <description xmlns:xhtml="http://www.w3.org/1999/xhtml" xml:lang="en-US">SUSE Linux Enterprise 15 must offload rsyslog messages for networked systems in real time and
offload standalone systems at least weekly</description>
          <reference href="https://www.cyber.mil/stigs/downloads/?_dl_facet_stigs=operating-systems%2Cgeneral-purpose-os">SRG-OS-000479-GPOS-00224</reference>
          <reference href="not_publicly_available">SLES-15-750300090</reference>
          <rationale xmlns:xhtml="http://www.w3.org/1999/xhtml" xml:lang="en-US">Information stored in one location is vulnerable to accidental or incidental deletion or alteration.
Offloading is a common process in information systems with limited audit storage capacity</rationale>
          <ident system="https://ncp.nist.gov/cce">CCE-92613-9</ident>
          <check system="http://oval.mitre.org/XMLSchema/oval-definitions-5">
            <check-export export-name="oval:ssg-var_journal_upload_url:var:1" value-id="xccdf_org.ssgproject.content_value_var_journal_upload_url"/>
            <check-content-ref name="oval:ssg-systemd_journal_upload_url:def:1" href="ssg-sle15-oval.xml"/>
          </check>
          <check system="http://scap.nist.gov/schema/ocil/2">
            <check-content-ref name="ocil:ssg-systemd_journal_upload_url_ocil:questionnaire:1" href="ssg-sle15-ocil.xml"/>
          </check>
        </Rule>
      </Group>
      <Group id="xccdf_org.ssgproject.content_group_log_rotation">
        <title xmlns:xhtml="http://www.w3.org/1999/xhtml" xml:lang="en-US">Ensure All Logs are Rotated by logrotate</title>
        <description xmlns:xhtml="http://www.w3.org/1999/xhtml" xml:lang="en-US">Edit the file <html:code xmlns:html="http://www.w3.org/1999/xhtml">/etc/logrotate.d/syslog</html:code>. Find the first
line, which should look like this (wrapped for clarity):
<html:pre xmlns:html="http://www.w3.org/1999/xhtml">/var/log/messages /var/log/secure /var/log/maillog /var/log/spooler \
  /var/log/boot.log /var/log/cron {</html:pre>
Edit this line so that it contains a one-space-separated
listing of each log file referenced in <html:code xmlns:html="http://www.w3.org/1999/xhtml">/etc/rsyslog.conf</html:code>.
<html:br xmlns:html="http://www.w3.org/1999/xhtml"/>
       <html:br xmlns:html="http://www.w3.org/1999/xhtml"/>
All logs in use on a system must be rotated regularly, or the
log files will consume disk space over time, eventually interfering
with system operation. The file <html:code xmlns:html="http://www.w3.org/1999/xhtml">/etc/logrotate.d/syslog</html:code> is the
configuration file used by the <html:code xmlns:html="http://www.w3.org/1999/xhtml">logrotate</html:code> program to maintain all
log files written by <html:code xmlns:html="http://www.w3.org/1999/xhtml">syslog</html:code>. By default, it rotates logs weekly and
stores four archival copies of each log. These settings can be
modified by editing <html:code xmlns:html="http://www.w3.org/1999/xhtml">/etc/logrotate.conf</html:code>, but the defaults are
sufficient for purposes of this guide.
<html:br xmlns:html="http://www.w3.org/1999/xhtml"/>
       <html:br xmlns:html="http://www.w3.org/1999/xhtml"/>
Note that <html:code xmlns:html="http://www.w3.org/1999/xhtml">logrotate</html:code> is run nightly by the cron job
<html:code xmlns:html="http://www.w3.org/1999/xhtml">/etc/cron.daily/logrotate</html:code>. If particularly active logs need to be
rotated more often than once a day, some other mechanism must be
used.</description>
        <Rule id="xccdf_org.ssgproject.content_rule_package_logrotate_installed" selected="false" role="full" severity="medium">
          <title xmlns:xhtml="http://www.w3.org/1999/xhtml" xml:lang="en-US">Ensure logrotate is Installed</title>
          <description xmlns:xhtml="http://www.w3.org/1999/xhtml" xml:lang="en-US">logrotate is installed by default. The <html:code xmlns:html="http://www.w3.org/1999/xhtml">logrotate</html:code> package can be installed with the following command: <html:pre xmlns:html="http://www.w3.org/1999/xhtml"> $ sudo zypper install logrotate</html:pre>
       </description>
          <reference href="https://www.cisecurity.org/controls/">1</reference>
          <reference href="https://www.cisecurity.org/controls/">14</reference>
          <reference href="https://www.cisecurity.org/controls/">15</reference>
          <reference href="https://www.cisecurity.org/controls/">16</reference>
          <reference href="https://www.cisecurity.org/controls/">3</reference>
          <reference href="https://www.cisecurity.org/controls/">5</reference>
          <reference href="https://www.cisecurity.org/controls/">6</reference>
          <reference href="https://www.isaca.org/resources/cobit">APO11.04</reference>
          <reference href="https://www.isaca.org/resources/cobit">BAI03.05</reference>
          <reference href="https://www.isaca.org/resources/cobit">DSS05.04</reference>
          <reference href="https://www.isaca.org/resources/cobit">DSS05.07</reference>
          <reference href="https://www.isaca.org/resources/cobit">MEA02.01</reference>
          <reference href="https://www.isa.org/products/isa-62443-2-1-2009-security-for-industrial-automat">4.3.3.3.9</reference>
          <reference href="https://www.isa.org/products/isa-62443-2-1-2009-security-for-industrial-automat">4.3.3.5.8</reference>
          <reference href="https://www.isa.org/products/isa-62443-2-1-2009-security-for-industrial-automat">4.3.4.4.7</reference>
          <reference href="https://www.isa.org/products/isa-62443-2-1-2009-security-for-industrial-automat">4.4.2.1</reference>
          <reference href="https://www.isa.org/products/isa-62443-2-1-2009-security-for-industrial-automat">4.4.2.2</reference>
          <reference href="https://www.isa.org/products/isa-62443-2-1-2009-security-for-industrial-automat">4.4.2.4</reference>
          <reference href="https://www.isa.org/products/ansi-isa-62443-3-3-99-03-03-2013-security-for-indu">SR 2.10</reference>
          <reference href="https://www.isa.org/products/ansi-isa-62443-3-3-99-03-03-2013-security-for-indu">SR 2.11</reference>
          <reference href="https://www.isa.org/products/ansi-isa-62443-3-3-99-03-03-2013-security-for-indu">SR 2.12</reference>
          <reference href="https://www.isa.org/products/ansi-isa-62443-3-3-99-03-03-2013-security-for-indu">SR 2.8</reference>
          <reference href="https://www.isa.org/products/ansi-isa-62443-3-3-99-03-03-2013-security-for-indu">SR 2.9</reference>
          <reference href="https://www.iso.org/contents/data/standard/05/45/54534.html">A.12.4.1</reference>
          <reference href="https://www.iso.org/contents/data/standard/05/45/54534.html">A.12.4.2</reference>
          <reference href="https://www.iso.org/contents/data/standard/05/45/54534.html">A.12.4.3</reference>
          <reference href="https://www.iso.org/contents/data/standard/05/45/54534.html">A.12.4.4</reference>
          <reference href="https://www.iso.org/contents/data/standard/05/45/54534.html">A.12.7.1</reference>
          <reference href="http://nvlpubs.nist.gov/nistpubs/SpecialPublications/NIST.SP.800-53r4.pdf">CM-6(a)</reference>
          <reference href="https://nvlpubs.nist.gov/nistpubs/CSWP/NIST.CSWP.04162018.pdf">PR.PT-1</reference>
          <reference href="https://www.pcisecuritystandards.org/documents/PCI_DSS_v3-2-1.pdf">Req-10.7</reference>
          <reference href="https://www.cisecurity.org/benchmark/suse_linux/">4.2.4</reference>
          <reference href="https://cyber.gouv.fr/sites/default/files/document/linux_configuration-en-v2.pdf">R71</reference>
          <reference href="not_publicly_available">SLES-15-750300285</reference>
          <reference href="https://docs-prv.pcisecuritystandards.org/PCI%20DSS/Standard/PCI-DSS-v4_0.pdf">10.5.1</reference>
          <reference href="https://docs-prv.pcisecuritystandards.org/PCI%20DSS/Standard/PCI-DSS-v4_0.pdf">10.5</reference>
          <rationale xmlns:xhtml="http://www.w3.org/1999/xhtml" xml:lang="en-US">The logrotate package provides the logrotate services.</rationale>
          <ident system="https://ncp.nist.gov/cce">CCE-92561-0</ident>
          <fix xmlns:xhtml="http://www.w3.org/1999/xhtml" id="package_logrotate_installed" system="urn:xccdf:fix:script:puppet" complexity="low" disruption="low" strategy="enable">include install_logrotate

class install_logrotate {
  package { 'logrotate':
    ensure =&gt; 'installed',
  }
}
</fix>
          <fix xmlns:xhtml="http://www.w3.org/1999/xhtml" id="package_logrotate_installed" system="urn:xccdf:fix:script:sh" complexity="low" disruption="low" strategy="enable"># Remediation is applicable only in certain platforms
if rpm --quiet -q kernel-default || rpm --quiet -q kernel-default-base; then

zypper install -y "logrotate"

else
    &gt;&amp;2 echo 'Remediation is not applicable, nothing was done'
fi
</fix>
          <fix xmlns:xhtml="http://www.w3.org/1999/xhtml" id="package_logrotate_installed" system="urn:redhat:osbuild:blueprint">
[[packages]]
name = "logrotate"
version = "*"
</fix>
          <fix xmlns:xhtml="http://www.w3.org/1999/xhtml" id="package_logrotate_installed" system="urn:xccdf:fix:script:ansible" complexity="low" disruption="low" strategy="enable">- name: Gather the package facts
  package_facts:
    manager: auto
  tags:
  - CCE-92561-0
  - NIST-800-53-CM-6(a)
  - PCI-DSS-Req-10.7
  - PCI-DSSv4-10.5
  - PCI-DSSv4-10.5.1
  - enable_strategy
  - low_complexity
  - low_disruption
  - medium_severity
  - no_reboot_needed
  - package_logrotate_installed

- name: Ensure logrotate is installed
  ansible.builtin.package:
    name: logrotate
    state: present
  when: ("kernel-default" in ansible_facts.packages or "kernel-default-base" in ansible_facts.packages)
  tags:
  - CCE-92561-0
  - NIST-800-53-CM-6(a)
  - PCI-DSS-Req-10.7
  - PCI-DSSv4-10.5
  - PCI-DSSv4-10.5.1
  - enable_strategy
  - low_complexity
  - low_disruption
  - medium_severity
  - no_reboot_needed
  - package_logrotate_installed
</fix>
          <check system="http://oval.mitre.org/XMLSchema/oval-definitions-5">
            <check-content-ref name="oval:ssg-package_logrotate_installed:def:1" href="ssg-sle15-oval.xml"/>
          </check>
          <check system="http://scap.nist.gov/schema/ocil/2">
            <check-content-ref name="ocil:ssg-package_logrotate_installed_ocil:questionnaire:1" href="ssg-sle15-ocil.xml"/>
          </check>
        </Rule>
        <Rule id="xccdf_org.ssgproject.content_rule_ensure_logrotate_activated" selected="false" role="full" severity="medium">
          <title xmlns:xhtml="http://www.w3.org/1999/xhtml" xml:lang="en-US">Ensure Logrotate Runs Periodically</title>
          <description xmlns:xhtml="http://www.w3.org/1999/xhtml" xml:lang="en-US">The <html:code xmlns:html="http://www.w3.org/1999/xhtml">logrotate</html:code> utility allows for the automatic rotation of
log files.  The frequency of rotation is specified in <html:code xmlns:html="http://www.w3.org/1999/xhtml">/etc/logrotate.conf</html:code>,
which triggers a cron task or a timer.  To configure logrotate to run daily, add or correct
the following line in <html:code xmlns:html="http://www.w3.org/1999/xhtml">/etc/logrotate.conf</html:code>:
<html:pre xmlns:html="http://www.w3.org/1999/xhtml"># rotate log files <html:i>frequency</html:i>
daily</html:pre>
       </description>
          <reference href="https://www.cisecurity.org/controls/">1</reference>
          <reference href="https://www.cisecurity.org/controls/">14</reference>
          <reference href="https://www.cisecurity.org/controls/">15</reference>
          <reference href="https://www.cisecurity.org/controls/">16</reference>
          <reference href="https://www.cisecurity.org/controls/">3</reference>
          <reference href="https://www.cisecurity.org/controls/">5</reference>
          <reference href="https://www.cisecurity.org/controls/">6</reference>
          <reference href="https://www.isaca.org/resources/cobit">APO11.04</reference>
          <reference href="https://www.isaca.org/resources/cobit">BAI03.05</reference>
          <reference href="https://www.isaca.org/resources/cobit">DSS05.04</reference>
          <reference href="https://www.isaca.org/resources/cobit">DSS05.07</reference>
          <reference href="https://www.isaca.org/resources/cobit">MEA02.01</reference>
          <reference href="https://www.isa.org/products/isa-62443-2-1-2009-security-for-industrial-automat">4.3.3.3.9</reference>
          <reference href="https://www.isa.org/products/isa-62443-2-1-2009-security-for-industrial-automat">4.3.3.5.8</reference>
          <reference href="https://www.isa.org/products/isa-62443-2-1-2009-security-for-industrial-automat">4.3.4.4.7</reference>
          <reference href="https://www.isa.org/products/isa-62443-2-1-2009-security-for-industrial-automat">4.4.2.1</reference>
          <reference href="https://www.isa.org/products/isa-62443-2-1-2009-security-for-industrial-automat">4.4.2.2</reference>
          <reference href="https://www.isa.org/products/isa-62443-2-1-2009-security-for-industrial-automat">4.4.2.4</reference>
          <reference href="https://www.isa.org/products/ansi-isa-62443-3-3-99-03-03-2013-security-for-indu">SR 2.10</reference>
          <reference href="https://www.isa.org/products/ansi-isa-62443-3-3-99-03-03-2013-security-for-indu">SR 2.11</reference>
          <reference href="https://www.isa.org/products/ansi-isa-62443-3-3-99-03-03-2013-security-for-indu">SR 2.12</reference>
          <reference href="https://www.isa.org/products/ansi-isa-62443-3-3-99-03-03-2013-security-for-indu">SR 2.8</reference>
          <reference href="https://www.isa.org/products/ansi-isa-62443-3-3-99-03-03-2013-security-for-indu">SR 2.9</reference>
          <reference href="https://www.iso.org/contents/data/standard/05/45/54534.html">A.12.4.1</reference>
          <reference href="https://www.iso.org/contents/data/standard/05/45/54534.html">A.12.4.2</reference>
          <reference href="https://www.iso.org/contents/data/standard/05/45/54534.html">A.12.4.3</reference>
          <reference href="https://www.iso.org/contents/data/standard/05/45/54534.html">A.12.4.4</reference>
          <reference href="https://www.iso.org/contents/data/standard/05/45/54534.html">A.12.7.1</reference>
          <reference href="http://nvlpubs.nist.gov/nistpubs/SpecialPublications/NIST.SP.800-53r4.pdf">CM-6(a)</reference>
          <reference href="https://nvlpubs.nist.gov/nistpubs/CSWP/NIST.CSWP.04162018.pdf">PR.PT-1</reference>
          <reference href="https://www.pcisecuritystandards.org/documents/PCI_DSS_v3-2-1.pdf">Req-10.7</reference>
          <reference href="https://www.cisecurity.org/benchmark/suse_linux/">4.2.4</reference>
          <reference href="https://cyber.gouv.fr/sites/default/files/document/linux_configuration-en-v2.pdf">R71</reference>
          <reference href="not_publicly_available">SLES-15-750300285</reference>
          <rationale xmlns:xhtml="http://www.w3.org/1999/xhtml" xml:lang="en-US">Log files that are not properly rotated run the risk of growing so large
that they fill up the /var/log partition. Valuable logging information could be lost
if the /var/log partition becomes full.</rationale>
          <platform idref="#package_logrotate"/>
          <ident system="https://ncp.nist.gov/cce">CCE-85850-6</ident>
          <fix xmlns:xhtml="http://www.w3.org/1999/xhtml" id="ensure_logrotate_activated" system="urn:xccdf:fix:script:sh"># Remediation is applicable only in certain platforms
if rpm --quiet -q kernel-default || rpm --quiet -q kernel-default-base &amp;&amp; { rpm --quiet -q logrotate; }; then

LOGROTATE_CONF_FILE="/etc/logrotate.conf"

SYSTEMCTL_EXEC='/usr/bin/systemctl'


# daily rotation is configured
grep -q "^daily$" $LOGROTATE_CONF_FILE|| sed -i '1i daily' "$LOGROTATE_CONF_FILE"

# remove any line configuring weekly, monthly or yearly rotation
sed -i '/^\s*\(weekly\|monthly\|yearly\).*$/d' $LOGROTATE_CONF_FILE


# enable logrotate timer service
"$SYSTEMCTL_EXEC" unmask 'logrotate.timer'
if [[ $("$SYSTEMCTL_EXEC" is-system-running) != "offline" ]]; then
  "$SYSTEMCTL_EXEC" start 'logrotate.timer'
fi
"$SYSTEMCTL_EXEC" enable 'logrotate.timer'

else
    &gt;&amp;2 echo 'Remediation is not applicable, nothing was done'
fi
</fix>
          <fix xmlns:xhtml="http://www.w3.org/1999/xhtml" id="ensure_logrotate_activated" system="urn:xccdf:fix:script:ansible" complexity="low" disruption="low" strategy="configure">- name: Gather the package facts
  package_facts:
    manager: auto
  tags:
  - CCE-85850-6
  - NIST-800-53-CM-6(a)
  - PCI-DSS-Req-10.7
  - configure_strategy
  - ensure_logrotate_activated
  - low_complexity
  - low_disruption
  - medium_severity
  - no_reboot_needed

- name: Configure daily log rotation in /etc/logrotate.conf
  ansible.builtin.lineinfile:
    create: true
    dest: /etc/logrotate.conf
    regexp: ^\s*(weekly|monthly|yearly)$
    line: daily
    state: present
    insertbefore: BOF
  when:
  - ("kernel-default" in ansible_facts.packages or "kernel-default-base" in ansible_facts.packages)
  - '"logrotate" in ansible_facts.packages'
  tags:
  - CCE-85850-6
  - NIST-800-53-CM-6(a)
  - PCI-DSS-Req-10.7
  - configure_strategy
  - ensure_logrotate_activated
  - low_complexity
  - low_disruption
  - medium_severity
  - no_reboot_needed

- name: Make sure daily log rotation setting is not overridden in /etc/logrotate.conf
  ansible.builtin.lineinfile:
    create: false
    dest: /etc/logrotate.conf
    regexp: ^[\s]*(weekly|monthly|yearly)$
    state: absent
  when:
  - ("kernel-default" in ansible_facts.packages or "kernel-default-base" in ansible_facts.packages)
  - '"logrotate" in ansible_facts.packages'
  tags:
  - CCE-85850-6
  - NIST-800-53-CM-6(a)
  - PCI-DSS-Req-10.7
  - configure_strategy
  - ensure_logrotate_activated
  - low_complexity
  - low_disruption
  - medium_severity
  - no_reboot_needed

- name: Enable timer logrotate
  ansible.builtin.systemd:
    name: logrotate.timer
    enabled: 'yes'
    state: started
    masked: 'no'
  when:
  - ("kernel-default" in ansible_facts.packages or "kernel-default-base" in ansible_facts.packages)
  - '"logrotate" in ansible_facts.packages'
  tags:
  - CCE-85850-6
  - NIST-800-53-CM-6(a)
  - PCI-DSS-Req-10.7
  - configure_strategy
  - ensure_logrotate_activated
  - low_complexity
  - low_disruption
  - medium_severity
  - no_reboot_needed
</fix>
          <check system="http://oval.mitre.org/XMLSchema/oval-definitions-5">
            <check-content-ref name="oval:ssg-ensure_logrotate_activated:def:1" href="ssg-sle15-oval.xml"/>
          </check>
          <check system="http://scap.nist.gov/schema/ocil/2">
            <check-content-ref name="ocil:ssg-ensure_logrotate_activated_ocil:questionnaire:1" href="ssg-sle15-ocil.xml"/>
          </check>
        </Rule>
        <Rule id="xccdf_org.ssgproject.content_rule_timer_logrotate_enabled" selected="false" role="full" severity="medium">
          <title xmlns:xhtml="http://www.w3.org/1999/xhtml" xml:lang="en-US">Enable logrotate Timer</title>
          <description xmlns:xhtml="http://www.w3.org/1999/xhtml" xml:lang="en-US">
The <html:code xmlns:html="http://www.w3.org/1999/xhtml">logrotate</html:code> timer can be enabled with the following command:
<html:pre xmlns:html="http://www.w3.org/1999/xhtml">$ sudo systemctl enable logrotate.timer</html:pre>
       </description>
          <reference href="https://www.cisecurity.org/controls/">1</reference>
          <reference href="https://www.cisecurity.org/controls/">14</reference>
          <reference href="https://www.cisecurity.org/controls/">15</reference>
          <reference href="https://www.cisecurity.org/controls/">16</reference>
          <reference href="https://www.cisecurity.org/controls/">3</reference>
          <reference href="https://www.cisecurity.org/controls/">5</reference>
          <reference href="https://www.cisecurity.org/controls/">6</reference>
          <reference href="https://www.isaca.org/resources/cobit">APO11.04</reference>
          <reference href="https://www.isaca.org/resources/cobit">BAI03.05</reference>
          <reference href="https://www.isaca.org/resources/cobit">DSS05.04</reference>
          <reference href="https://www.isaca.org/resources/cobit">DSS05.07</reference>
          <reference href="https://www.isaca.org/resources/cobit">MEA02.01</reference>
          <reference href="https://www.isa.org/products/isa-62443-2-1-2009-security-for-industrial-automat">4.3.3.3.9</reference>
          <reference href="https://www.isa.org/products/isa-62443-2-1-2009-security-for-industrial-automat">4.3.3.5.8</reference>
          <reference href="https://www.isa.org/products/isa-62443-2-1-2009-security-for-industrial-automat">4.3.4.4.7</reference>
          <reference href="https://www.isa.org/products/isa-62443-2-1-2009-security-for-industrial-automat">4.4.2.1</reference>
          <reference href="https://www.isa.org/products/isa-62443-2-1-2009-security-for-industrial-automat">4.4.2.2</reference>
          <reference href="https://www.isa.org/products/isa-62443-2-1-2009-security-for-industrial-automat">4.4.2.4</reference>
          <reference href="https://www.isa.org/products/ansi-isa-62443-3-3-99-03-03-2013-security-for-indu">SR 2.10</reference>
          <reference href="https://www.isa.org/products/ansi-isa-62443-3-3-99-03-03-2013-security-for-indu">SR 2.11</reference>
          <reference href="https://www.isa.org/products/ansi-isa-62443-3-3-99-03-03-2013-security-for-indu">SR 2.12</reference>
          <reference href="https://www.isa.org/products/ansi-isa-62443-3-3-99-03-03-2013-security-for-indu">SR 2.8</reference>
          <reference href="https://www.isa.org/products/ansi-isa-62443-3-3-99-03-03-2013-security-for-indu">SR 2.9</reference>
          <reference href="https://www.iso.org/contents/data/standard/05/45/54534.html">A.12.4.1</reference>
          <reference href="https://www.iso.org/contents/data/standard/05/45/54534.html">A.12.4.2</reference>
          <reference href="https://www.iso.org/contents/data/standard/05/45/54534.html">A.12.4.3</reference>
          <reference href="https://www.iso.org/contents/data/standard/05/45/54534.html">A.12.4.4</reference>
          <reference href="https://www.iso.org/contents/data/standard/05/45/54534.html">A.12.7.1</reference>
          <reference href="http://nvlpubs.nist.gov/nistpubs/SpecialPublications/NIST.SP.800-53r4.pdf">CM-6(a)</reference>
          <reference href="https://nvlpubs.nist.gov/nistpubs/CSWP/NIST.CSWP.04162018.pdf">PR.PT-1</reference>
          <reference href="https://www.pcisecuritystandards.org/documents/PCI_DSS_v3-2-1.pdf">Req-10.7</reference>
          <reference href="https://www.cisecurity.org/benchmark/suse_linux/">4.2.4</reference>
          <reference href="https://cyber.gouv.fr/sites/default/files/document/linux_configuration-en-v2.pdf">R71</reference>
          <reference href="not_publicly_available">SLES-15-750300285</reference>
          <reference href="https://docs-prv.pcisecuritystandards.org/PCI%20DSS/Standard/PCI-DSS-v4_0.pdf">10.5.1</reference>
          <reference href="https://docs-prv.pcisecuritystandards.org/PCI%20DSS/Standard/PCI-DSS-v4_0.pdf">10.5</reference>
          <rationale xmlns:xhtml="http://www.w3.org/1999/xhtml" xml:lang="en-US">Log files that are not properly rotated run the risk of growing so large
that they fill up the /var/log partition. Valuable logging information could be lost
if the /var/log partition becomes full.</rationale>
          <platform idref="#package_logrotate"/>
          <ident system="https://ncp.nist.gov/cce">CCE-92585-9</ident>
          <fix xmlns:xhtml="http://www.w3.org/1999/xhtml" id="timer_logrotate_enabled" system="urn:xccdf:fix:script:sh" complexity="low" disruption="low" strategy="enable"># Remediation is applicable only in certain platforms
if rpm --quiet -q kernel-default || rpm --quiet -q kernel-default-base &amp;&amp; { rpm --quiet -q logrotate; }; then

SYSTEMCTL_EXEC='/usr/bin/systemctl'
if [[ $("$SYSTEMCTL_EXEC" is-system-running) != "offline" ]]; then
  "$SYSTEMCTL_EXEC" start 'logrotate.timer'
fi
"$SYSTEMCTL_EXEC" enable 'logrotate.timer'

else
    &gt;&amp;2 echo 'Remediation is not applicable, nothing was done'
fi
</fix>
          <fix xmlns:xhtml="http://www.w3.org/1999/xhtml" id="timer_logrotate_enabled" system="urn:xccdf:fix:script:ansible" complexity="low" disruption="low" strategy="enable">- name: Gather the package facts
  package_facts:
    manager: auto
  tags:
  - CCE-92585-9
  - NIST-800-53-CM-6(a)
  - PCI-DSS-Req-10.7
  - PCI-DSSv4-10.5
  - PCI-DSSv4-10.5.1
  - enable_strategy
  - low_complexity
  - low_disruption
  - medium_severity
  - no_reboot_needed
  - timer_logrotate_enabled

- name: Enable timer logrotate
  block:

  - name: Gather the package facts
    ansible.builtin.package_facts:
      manager: auto

  - name: Enable timer logrotate
    ansible.builtin.systemd:
      name: logrotate.timer
      enabled: 'yes'
      state: started
    when:
    - '"logrotate" in ansible_facts.packages'
  when:
  - ("kernel-default" in ansible_facts.packages or "kernel-default-base" in ansible_facts.packages)
  - '"logrotate" in ansible_facts.packages'
  tags:
  - CCE-92585-9
  - NIST-800-53-CM-6(a)
  - PCI-DSS-Req-10.7
  - PCI-DSSv4-10.5
  - PCI-DSSv4-10.5.1
  - enable_strategy
  - low_complexity
  - low_disruption
  - medium_severity
  - no_reboot_needed
  - timer_logrotate_enabled
</fix>
          <check system="http://open-scap.org/page/SCE">
            <check-import import-name="stdout">
                </check-import>
            <check-content-ref href="sle15/checks/sce/timer_logrotate_enabled.sh"/>
          </check>
          <check system="http://oval.mitre.org/XMLSchema/oval-definitions-5">
            <check-content-ref name="oval:ssg-timer_logrotate_enabled:def:1" href="ssg-sle15-oval.xml"/>
          </check>
          <check system="http://scap.nist.gov/schema/ocil/2">
            <check-content-ref name="ocil:ssg-timer_logrotate_enabled_ocil:questionnaire:1" href="ssg-sle15-ocil.xml"/>
          </check>
        </Rule>
      </Group>
      <Group id="xccdf_org.ssgproject.content_group_rsyslog_accepting_remote_messages">
        <title xmlns:xhtml="http://www.w3.org/1999/xhtml" xml:lang="en-US">Configure rsyslogd to Accept Remote Messages If Acting as a Log Server</title>
        <description xmlns:xhtml="http://www.w3.org/1999/xhtml" xml:lang="en-US">By default, <html:code xmlns:html="http://www.w3.org/1999/xhtml">rsyslog</html:code> does not listen over the network
for log messages. If needed, modules can be enabled to allow
the rsyslog daemon to receive messages from other systems and for the system
thus to act as a log server.
If the system is not a log server, then lines concerning these modules
should remain commented out.
<html:br xmlns:html="http://www.w3.org/1999/xhtml"/>
       <html:br xmlns:html="http://www.w3.org/1999/xhtml"/>
      </description>
        <Rule id="xccdf_org.ssgproject.content_rule_package_syslogng_installed" selected="false" role="full" severity="medium">
          <title xmlns:xhtml="http://www.w3.org/1999/xhtml" xml:lang="en-US">Ensure syslog-ng is Installed</title>
          <description xmlns:xhtml="http://www.w3.org/1999/xhtml" xml:lang="en-US">syslog-ng can be installed in replacement of rsyslog.
The <html:code xmlns:html="http://www.w3.org/1999/xhtml">syslog-ng-core</html:code> package can be installed with the following command:
<html:pre xmlns:html="http://www.w3.org/1999/xhtml">
$ sudo zypper install syslog-ng-core</html:pre>
       </description>
          <reference href="https://www.cisecurity.org/controls/">1</reference>
          <reference href="https://www.cisecurity.org/controls/">14</reference>
          <reference href="https://www.cisecurity.org/controls/">15</reference>
          <reference href="https://www.cisecurity.org/controls/">16</reference>
          <reference href="https://www.cisecurity.org/controls/">3</reference>
          <reference href="https://www.cisecurity.org/controls/">5</reference>
          <reference href="https://www.cisecurity.org/controls/">6</reference>
          <reference href="https://www.isaca.org/resources/cobit">APO11.04</reference>
          <reference href="https://www.isaca.org/resources/cobit">BAI03.05</reference>
          <reference href="https://www.isaca.org/resources/cobit">DSS05.04</reference>
          <reference href="https://www.isaca.org/resources/cobit">DSS05.07</reference>
          <reference href="https://www.isaca.org/resources/cobit">MEA02.01</reference>
          <reference href="https://www.isa.org/products/isa-62443-2-1-2009-security-for-industrial-automat">4.3.3.3.9</reference>
          <reference href="https://www.isa.org/products/isa-62443-2-1-2009-security-for-industrial-automat">4.3.3.5.8</reference>
          <reference href="https://www.isa.org/products/isa-62443-2-1-2009-security-for-industrial-automat">4.3.4.4.7</reference>
          <reference href="https://www.isa.org/products/isa-62443-2-1-2009-security-for-industrial-automat">4.4.2.1</reference>
          <reference href="https://www.isa.org/products/isa-62443-2-1-2009-security-for-industrial-automat">4.4.2.2</reference>
          <reference href="https://www.isa.org/products/isa-62443-2-1-2009-security-for-industrial-automat">4.4.2.4</reference>
          <reference href="https://www.isa.org/products/ansi-isa-62443-3-3-99-03-03-2013-security-for-indu">SR 2.10</reference>
          <reference href="https://www.isa.org/products/ansi-isa-62443-3-3-99-03-03-2013-security-for-indu">SR 2.11</reference>
          <reference href="https://www.isa.org/products/ansi-isa-62443-3-3-99-03-03-2013-security-for-indu">SR 2.12</reference>
          <reference href="https://www.isa.org/products/ansi-isa-62443-3-3-99-03-03-2013-security-for-indu">SR 2.8</reference>
          <reference href="https://www.isa.org/products/ansi-isa-62443-3-3-99-03-03-2013-security-for-indu">SR 2.9</reference>
          <reference href="https://www.iso.org/contents/data/standard/05/45/54534.html">A.12.4.1</reference>
          <reference href="https://www.iso.org/contents/data/standard/05/45/54534.html">A.12.4.2</reference>
          <reference href="https://www.iso.org/contents/data/standard/05/45/54534.html">A.12.4.3</reference>
          <reference href="https://www.iso.org/contents/data/standard/05/45/54534.html">A.12.4.4</reference>
          <reference href="https://www.iso.org/contents/data/standard/05/45/54534.html">A.12.7.1</reference>
          <reference href="http://nvlpubs.nist.gov/nistpubs/SpecialPublications/NIST.SP.800-53r4.pdf">CM-6(a)</reference>
          <reference href="https://nvlpubs.nist.gov/nistpubs/CSWP/NIST.CSWP.04162018.pdf">PR.PT-1</reference>
          <rationale xmlns:xhtml="http://www.w3.org/1999/xhtml" xml:lang="en-US">The syslog-ng-core package provides the syslog-ng daemon, which provides
system logging services.</rationale>
          <fix xmlns:xhtml="http://www.w3.org/1999/xhtml" id="package_syslogng_installed" system="urn:xccdf:fix:script:puppet" complexity="low" disruption="low" strategy="enable">include install_syslog-ng

class install_syslog-ng {
  package { 'syslog-ng':
    ensure =&gt; 'installed',
  }
}
</fix>
          <fix xmlns:xhtml="http://www.w3.org/1999/xhtml" id="package_syslogng_installed" system="urn:xccdf:fix:script:sh" complexity="low" disruption="low" strategy="enable"># Remediation is applicable only in certain platforms
if rpm --quiet -q kernel-default || rpm --quiet -q kernel-default-base; then

zypper install -y "syslog-ng"

else
    &gt;&amp;2 echo 'Remediation is not applicable, nothing was done'
fi
</fix>
          <fix xmlns:xhtml="http://www.w3.org/1999/xhtml" id="package_syslogng_installed" system="urn:redhat:osbuild:blueprint">
[[packages]]
name = "syslog-ng"
version = "*"
</fix>
          <fix xmlns:xhtml="http://www.w3.org/1999/xhtml" id="package_syslogng_installed" system="urn:xccdf:fix:script:ansible" complexity="low" disruption="low" strategy="enable">- name: Gather the package facts
  package_facts:
    manager: auto
  tags:
  - NIST-800-53-CM-6(a)
  - enable_strategy
  - low_complexity
  - low_disruption
  - medium_severity
  - no_reboot_needed
  - package_syslogng_installed

- name: Ensure syslog-ng is installed
  ansible.builtin.package:
    name: syslog-ng
    state: present
  when: ("kernel-default" in ansible_facts.packages or "kernel-default-base" in ansible_facts.packages)
  tags:
  - NIST-800-53-CM-6(a)
  - enable_strategy
  - low_complexity
  - low_disruption
  - medium_severity
  - no_reboot_needed
  - package_syslogng_installed
</fix>
          <check system="http://oval.mitre.org/XMLSchema/oval-definitions-5">
            <check-content-ref name="oval:ssg-package_syslogng_installed:def:1" href="ssg-sle15-oval.xml"/>
          </check>
          <check system="http://scap.nist.gov/schema/ocil/2">
            <check-content-ref name="ocil:ssg-package_syslogng_installed_ocil:questionnaire:1" href="ssg-sle15-ocil.xml"/>
          </check>
        </Rule>
        <Rule id="xccdf_org.ssgproject.content_rule_service_syslogng_enabled" selected="false" role="full" severity="medium">
          <title xmlns:xhtml="http://www.w3.org/1999/xhtml" xml:lang="en-US">Enable syslog-ng Service</title>
          <description xmlns:xhtml="http://www.w3.org/1999/xhtml" xml:lang="en-US">The <html:code xmlns:html="http://www.w3.org/1999/xhtml">syslog-ng</html:code> service (in replacement of rsyslog) provides syslog-style logging by default on Debian.

The <html:code xmlns:html="http://www.w3.org/1999/xhtml">syslog-ng</html:code> service can be enabled with the following command:
<html:pre xmlns:html="http://www.w3.org/1999/xhtml">$ sudo systemctl enable syslog-ng.service</html:pre>
       </description>
          <reference href="https://www.cisecurity.org/controls/">1</reference>
          <reference href="https://www.cisecurity.org/controls/">12</reference>
          <reference href="https://www.cisecurity.org/controls/">13</reference>
          <reference href="https://www.cisecurity.org/controls/">14</reference>
          <reference href="https://www.cisecurity.org/controls/">15</reference>
          <reference href="https://www.cisecurity.org/controls/">16</reference>
          <reference href="https://www.cisecurity.org/controls/">2</reference>
          <reference href="https://www.cisecurity.org/controls/">3</reference>
          <reference href="https://www.cisecurity.org/controls/">5</reference>
          <reference href="https://www.cisecurity.org/controls/">6</reference>
          <reference href="https://www.cisecurity.org/controls/">7</reference>
          <reference href="https://www.cisecurity.org/controls/">8</reference>
          <reference href="https://www.cisecurity.org/controls/">9</reference>
          <reference href="https://www.isaca.org/resources/cobit">APO10.01</reference>
          <reference href="https://www.isaca.org/resources/cobit">APO10.03</reference>
          <reference href="https://www.isaca.org/resources/cobit">APO10.04</reference>
          <reference href="https://www.isaca.org/resources/cobit">APO10.05</reference>
          <reference href="https://www.isaca.org/resources/cobit">APO11.04</reference>
          <reference href="https://www.isaca.org/resources/cobit">APO13.01</reference>
          <reference href="https://www.isaca.org/resources/cobit">BAI03.05</reference>
          <reference href="https://www.isaca.org/resources/cobit">BAI04.04</reference>
          <reference href="https://www.isaca.org/resources/cobit">DSS01.03</reference>
          <reference href="https://www.isaca.org/resources/cobit">DSS03.05</reference>
          <reference href="https://www.isaca.org/resources/cobit">DSS05.02</reference>
          <reference href="https://www.isaca.org/resources/cobit">DSS05.04</reference>
          <reference href="https://www.isaca.org/resources/cobit">DSS05.05</reference>
          <reference href="https://www.isaca.org/resources/cobit">DSS05.07</reference>
          <reference href="https://www.isaca.org/resources/cobit">MEA01.01</reference>
          <reference href="https://www.isaca.org/resources/cobit">MEA01.02</reference>
          <reference href="https://www.isaca.org/resources/cobit">MEA01.03</reference>
          <reference href="https://www.isaca.org/resources/cobit">MEA01.04</reference>
          <reference href="https://www.isaca.org/resources/cobit">MEA01.05</reference>
          <reference href="https://www.isaca.org/resources/cobit">MEA02.01</reference>
          <reference href="https://www.isa.org/products/isa-62443-2-1-2009-security-for-industrial-automat">4.3.2.6.7</reference>
          <reference href="https://www.isa.org/products/isa-62443-2-1-2009-security-for-industrial-automat">4.3.3.3.9</reference>
          <reference href="https://www.isa.org/products/isa-62443-2-1-2009-security-for-industrial-automat">4.3.3.5.8</reference>
          <reference href="https://www.isa.org/products/isa-62443-2-1-2009-security-for-industrial-automat">4.3.4.4.7</reference>
          <reference href="https://www.isa.org/products/isa-62443-2-1-2009-security-for-industrial-automat">4.4.2.1</reference>
          <reference href="https://www.isa.org/products/isa-62443-2-1-2009-security-for-industrial-automat">4.4.2.2</reference>
          <reference href="https://www.isa.org/products/isa-62443-2-1-2009-security-for-industrial-automat">4.4.2.4</reference>
          <reference href="https://www.isa.org/products/ansi-isa-62443-3-3-99-03-03-2013-security-for-indu">SR 2.10</reference>
          <reference href="https://www.isa.org/products/ansi-isa-62443-3-3-99-03-03-2013-security-for-indu">SR 2.11</reference>
          <reference href="https://www.isa.org/products/ansi-isa-62443-3-3-99-03-03-2013-security-for-indu">SR 2.12</reference>
          <reference href="https://www.isa.org/products/ansi-isa-62443-3-3-99-03-03-2013-security-for-indu">SR 2.8</reference>
          <reference href="https://www.isa.org/products/ansi-isa-62443-3-3-99-03-03-2013-security-for-indu">SR 2.9</reference>
          <reference href="https://www.isa.org/products/ansi-isa-62443-3-3-99-03-03-2013-security-for-indu">SR 6.1</reference>
          <reference href="https://www.isa.org/products/ansi-isa-62443-3-3-99-03-03-2013-security-for-indu">SR 6.2</reference>
          <reference href="https://www.isa.org/products/ansi-isa-62443-3-3-99-03-03-2013-security-for-indu">SR 7.1</reference>
          <reference href="https://www.isa.org/products/ansi-isa-62443-3-3-99-03-03-2013-security-for-indu">SR 7.2</reference>
          <reference href="https://www.iso.org/contents/data/standard/05/45/54534.html">A.12.1.3</reference>
          <reference href="https://www.iso.org/contents/data/standard/05/45/54534.html">A.12.4.1</reference>
          <reference href="https://www.iso.org/contents/data/standard/05/45/54534.html">A.12.4.2</reference>
          <reference href="https://www.iso.org/contents/data/standard/05/45/54534.html">A.12.4.3</reference>
          <reference href="https://www.iso.org/contents/data/standard/05/45/54534.html">A.12.4.4</reference>
          <reference href="https://www.iso.org/contents/data/standard/05/45/54534.html">A.12.7.1</reference>
          <reference href="https://www.iso.org/contents/data/standard/05/45/54534.html">A.14.2.7</reference>
          <reference href="https://www.iso.org/contents/data/standard/05/45/54534.html">A.15.2.1</reference>
          <reference href="https://www.iso.org/contents/data/standard/05/45/54534.html">A.15.2.2</reference>
          <reference href="https://www.iso.org/contents/data/standard/05/45/54534.html">A.17.2.1</reference>
          <reference href="http://nvlpubs.nist.gov/nistpubs/SpecialPublications/NIST.SP.800-53r4.pdf">CM-6(a)</reference>
          <reference href="http://nvlpubs.nist.gov/nistpubs/SpecialPublications/NIST.SP.800-53r4.pdf">AU-4(1)</reference>
          <reference href="https://nvlpubs.nist.gov/nistpubs/CSWP/NIST.CSWP.04162018.pdf">DE.CM-1</reference>
          <reference href="https://nvlpubs.nist.gov/nistpubs/CSWP/NIST.CSWP.04162018.pdf">DE.CM-3</reference>
          <reference href="https://nvlpubs.nist.gov/nistpubs/CSWP/NIST.CSWP.04162018.pdf">DE.CM-7</reference>
          <reference href="https://nvlpubs.nist.gov/nistpubs/CSWP/NIST.CSWP.04162018.pdf">ID.SC-4</reference>
          <reference href="https://nvlpubs.nist.gov/nistpubs/CSWP/NIST.CSWP.04162018.pdf">PR.DS-4</reference>
          <reference href="https://nvlpubs.nist.gov/nistpubs/CSWP/NIST.CSWP.04162018.pdf">PR.PT-1</reference>
          <rationale xmlns:xhtml="http://www.w3.org/1999/xhtml" xml:lang="en-US">The <html:code xmlns:html="http://www.w3.org/1999/xhtml">syslog-ng</html:code> service must be running in order to provide
logging services, which are essential to system administration.</rationale>
          <fix xmlns:xhtml="http://www.w3.org/1999/xhtml" id="service_syslogng_enabled" system="urn:xccdf:fix:script:puppet" complexity="low" disruption="low" strategy="enable">include enable_syslog-ng

class enable_syslog-ng {
  service {'syslog-ng':
    enable =&gt; true,
    ensure =&gt; 'running',
  }
}
</fix>
          <fix xmlns:xhtml="http://www.w3.org/1999/xhtml" id="service_syslogng_enabled" system="urn:xccdf:fix:script:sh" complexity="low" disruption="low" strategy="enable"># Remediation is applicable only in certain platforms
if rpm --quiet -q kernel-default || rpm --quiet -q kernel-default-base; then

SYSTEMCTL_EXEC='/usr/bin/systemctl'
"$SYSTEMCTL_EXEC" unmask 'syslog-ng.service'
if [[ $("$SYSTEMCTL_EXEC" is-system-running) != "offline" ]]; then
  "$SYSTEMCTL_EXEC" start 'syslog-ng.service'
fi
"$SYSTEMCTL_EXEC" enable 'syslog-ng.service'

else
    &gt;&amp;2 echo 'Remediation is not applicable, nothing was done'
fi
</fix>
          <fix xmlns:xhtml="http://www.w3.org/1999/xhtml" id="service_syslogng_enabled" system="urn:redhat:osbuild:blueprint">
[customizations.services]
enabled = ["syslog-ng"]
</fix>
          <fix xmlns:xhtml="http://www.w3.org/1999/xhtml" id="service_syslogng_enabled" system="urn:xccdf:fix:script:ansible" complexity="low" disruption="low" strategy="enable">- name: Gather the package facts
  package_facts:
    manager: auto
  tags:
  - NIST-800-53-AU-4(1)
  - NIST-800-53-CM-6(a)
  - enable_strategy
  - low_complexity
  - low_disruption
  - medium_severity
  - no_reboot_needed
  - service_syslogng_enabled

- name: Enable syslog-ng Service - Enable service syslog-ng
  block:

  - name: Gather the package facts
    ansible.builtin.package_facts:
      manager: auto

  - name: Enable syslog-ng Service - Enable Service syslog-ng
    ansible.builtin.systemd:
      name: syslog-ng
      enabled: true
      state: started
      masked: false
    when:
    - '"syslog-ng" in ansible_facts.packages'
  tags:
  - NIST-800-53-AU-4(1)
  - NIST-800-53-CM-6(a)
  - enable_strategy
  - low_complexity
  - low_disruption
  - medium_severity
  - no_reboot_needed
  - service_syslogng_enabled
  - special_service_block
  when: ("kernel-default" in ansible_facts.packages or "kernel-default-base" in ansible_facts.packages)
</fix>
          <check system="http://open-scap.org/page/SCE">
            <check-import import-name="stdout">
                </check-import>
            <check-content-ref href="sle15/checks/sce/service_syslogng_enabled.sh"/>
          </check>
          <check system="http://oval.mitre.org/XMLSchema/oval-definitions-5">
            <check-content-ref name="oval:ssg-service_syslogng_enabled:def:1" href="ssg-sle15-oval.xml"/>
          </check>
          <check system="http://scap.nist.gov/schema/ocil/2">
            <check-content-ref name="ocil:ssg-service_syslogng_enabled_ocil:questionnaire:1" href="ssg-sle15-ocil.xml"/>
          </check>
        </Rule>
        <Rule id="xccdf_org.ssgproject.content_rule_rsyslog_accept_remote_messages_tcp" selected="false" role="full" severity="unknown">
          <title xmlns:xhtml="http://www.w3.org/1999/xhtml" xml:lang="en-US">Enable rsyslog to Accept Messages via TCP, if Acting As Log Server</title>
          <description xmlns:xhtml="http://www.w3.org/1999/xhtml" xml:lang="en-US">The <html:code xmlns:html="http://www.w3.org/1999/xhtml">rsyslog</html:code> daemon should not accept remote messages
unless the system acts as a log server.
If the system needs to act as a central log server, add the following lines to
<html:code xmlns:html="http://www.w3.org/1999/xhtml">/etc/rsyslog.conf</html:code> to enable reception of messages over TCP:
<html:pre xmlns:html="http://www.w3.org/1999/xhtml">$ModLoad imtcp
$InputTCPServerRun 514</html:pre>
       </description>
          <reference href="https://www.cisecurity.org/controls/">1</reference>
          <reference href="https://www.cisecurity.org/controls/">14</reference>
          <reference href="https://www.cisecurity.org/controls/">15</reference>
          <reference href="https://www.cisecurity.org/controls/">16</reference>
          <reference href="https://www.cisecurity.org/controls/">3</reference>
          <reference href="https://www.cisecurity.org/controls/">5</reference>
          <reference href="https://www.cisecurity.org/controls/">6</reference>
          <reference href="https://www.isaca.org/resources/cobit">APO11.04</reference>
          <reference href="https://www.isaca.org/resources/cobit">BAI03.05</reference>
          <reference href="https://www.isaca.org/resources/cobit">DSS05.04</reference>
          <reference href="https://www.isaca.org/resources/cobit">DSS05.07</reference>
          <reference href="https://www.isaca.org/resources/cobit">MEA02.01</reference>
          <reference href="https://www.isa.org/products/isa-62443-2-1-2009-security-for-industrial-automat">4.3.3.3.9</reference>
          <reference href="https://www.isa.org/products/isa-62443-2-1-2009-security-for-industrial-automat">4.3.3.5.8</reference>
          <reference href="https://www.isa.org/products/isa-62443-2-1-2009-security-for-industrial-automat">4.3.4.4.7</reference>
          <reference href="https://www.isa.org/products/isa-62443-2-1-2009-security-for-industrial-automat">4.4.2.1</reference>
          <reference href="https://www.isa.org/products/isa-62443-2-1-2009-security-for-industrial-automat">4.4.2.2</reference>
          <reference href="https://www.isa.org/products/isa-62443-2-1-2009-security-for-industrial-automat">4.4.2.4</reference>
          <reference href="https://www.isa.org/products/ansi-isa-62443-3-3-99-03-03-2013-security-for-indu">SR 2.10</reference>
          <reference href="https://www.isa.org/products/ansi-isa-62443-3-3-99-03-03-2013-security-for-indu">SR 2.11</reference>
          <reference href="https://www.isa.org/products/ansi-isa-62443-3-3-99-03-03-2013-security-for-indu">SR 2.12</reference>
          <reference href="https://www.isa.org/products/ansi-isa-62443-3-3-99-03-03-2013-security-for-indu">SR 2.8</reference>
          <reference href="https://www.isa.org/products/ansi-isa-62443-3-3-99-03-03-2013-security-for-indu">SR 2.9</reference>
          <reference href="https://www.iso.org/contents/data/standard/05/45/54534.html">A.12.4.1</reference>
          <reference href="https://www.iso.org/contents/data/standard/05/45/54534.html">A.12.4.2</reference>
          <reference href="https://www.iso.org/contents/data/standard/05/45/54534.html">A.12.4.3</reference>
          <reference href="https://www.iso.org/contents/data/standard/05/45/54534.html">A.12.4.4</reference>
          <reference href="https://www.iso.org/contents/data/standard/05/45/54534.html">A.12.7.1</reference>
          <reference href="https://www.nerc.com/standards/reliability-standards/cip">CIP-004-6 R2.2.2</reference>
          <reference href="https://www.nerc.com/standards/reliability-standards/cip">CIP-004-6 R3.3</reference>
          <reference href="https://www.nerc.com/standards/reliability-standards/cip">CIP-007-3 R.1.3</reference>
          <reference href="https://www.nerc.com/standards/reliability-standards/cip">CIP-007-3 R5</reference>
          <reference href="https://www.nerc.com/standards/reliability-standards/cip">CIP-007-3 R5.1.1</reference>
          <reference href="https://www.nerc.com/standards/reliability-standards/cip">CIP-007-3 R6.5</reference>
          <reference href="http://nvlpubs.nist.gov/nistpubs/SpecialPublications/NIST.SP.800-53r4.pdf">CM-6(a)</reference>
          <reference href="http://nvlpubs.nist.gov/nistpubs/SpecialPublications/NIST.SP.800-53r4.pdf">AU-6(3)</reference>
          <reference href="http://nvlpubs.nist.gov/nistpubs/SpecialPublications/NIST.SP.800-53r4.pdf">AU-6(4)</reference>
          <reference href="https://nvlpubs.nist.gov/nistpubs/CSWP/NIST.CSWP.04162018.pdf">PR.PT-1</reference>
          <rationale xmlns:xhtml="http://www.w3.org/1999/xhtml" xml:lang="en-US">If the system needs to act as a log server, this ensures that it can receive
messages over a reliable TCP connection.</rationale>
        </Rule>
        <Rule id="xccdf_org.ssgproject.content_rule_rsyslog_accept_remote_messages_udp" selected="false" role="full" severity="unknown">
          <title xmlns:xhtml="http://www.w3.org/1999/xhtml" xml:lang="en-US">Enable rsyslog to Accept Messages via UDP, if Acting As Log Server</title>
          <description xmlns:xhtml="http://www.w3.org/1999/xhtml" xml:lang="en-US">The <html:code xmlns:html="http://www.w3.org/1999/xhtml">rsyslog</html:code> daemon should not accept remote messages
unless the system acts as a log server.
If the system needs to act as a central log server, add the following lines to
<html:code xmlns:html="http://www.w3.org/1999/xhtml">/etc/rsyslog.conf</html:code> to enable reception of messages over UDP:
<html:pre xmlns:html="http://www.w3.org/1999/xhtml">$ModLoad imudp
$UDPServerRun 514</html:pre>
       </description>
          <reference href="https://www.cisecurity.org/controls/">1</reference>
          <reference href="https://www.cisecurity.org/controls/">14</reference>
          <reference href="https://www.cisecurity.org/controls/">15</reference>
          <reference href="https://www.cisecurity.org/controls/">16</reference>
          <reference href="https://www.cisecurity.org/controls/">3</reference>
          <reference href="https://www.cisecurity.org/controls/">5</reference>
          <reference href="https://www.cisecurity.org/controls/">6</reference>
          <reference href="https://www.isaca.org/resources/cobit">APO11.04</reference>
          <reference href="https://www.isaca.org/resources/cobit">BAI03.05</reference>
          <reference href="https://www.isaca.org/resources/cobit">DSS05.04</reference>
          <reference href="https://www.isaca.org/resources/cobit">DSS05.07</reference>
          <reference href="https://www.isaca.org/resources/cobit">MEA02.01</reference>
          <reference href="https://www.isa.org/products/isa-62443-2-1-2009-security-for-industrial-automat">4.3.3.3.9</reference>
          <reference href="https://www.isa.org/products/isa-62443-2-1-2009-security-for-industrial-automat">4.3.3.5.8</reference>
          <reference href="https://www.isa.org/products/isa-62443-2-1-2009-security-for-industrial-automat">4.3.4.4.7</reference>
          <reference href="https://www.isa.org/products/isa-62443-2-1-2009-security-for-industrial-automat">4.4.2.1</reference>
          <reference href="https://www.isa.org/products/isa-62443-2-1-2009-security-for-industrial-automat">4.4.2.2</reference>
          <reference href="https://www.isa.org/products/isa-62443-2-1-2009-security-for-industrial-automat">4.4.2.4</reference>
          <reference href="https://www.isa.org/products/ansi-isa-62443-3-3-99-03-03-2013-security-for-indu">SR 2.10</reference>
          <reference href="https://www.isa.org/products/ansi-isa-62443-3-3-99-03-03-2013-security-for-indu">SR 2.11</reference>
          <reference href="https://www.isa.org/products/ansi-isa-62443-3-3-99-03-03-2013-security-for-indu">SR 2.12</reference>
          <reference href="https://www.isa.org/products/ansi-isa-62443-3-3-99-03-03-2013-security-for-indu">SR 2.8</reference>
          <reference href="https://www.isa.org/products/ansi-isa-62443-3-3-99-03-03-2013-security-for-indu">SR 2.9</reference>
          <reference href="https://www.iso.org/contents/data/standard/05/45/54534.html">A.12.4.1</reference>
          <reference href="https://www.iso.org/contents/data/standard/05/45/54534.html">A.12.4.2</reference>
          <reference href="https://www.iso.org/contents/data/standard/05/45/54534.html">A.12.4.3</reference>
          <reference href="https://www.iso.org/contents/data/standard/05/45/54534.html">A.12.4.4</reference>
          <reference href="https://www.iso.org/contents/data/standard/05/45/54534.html">A.12.7.1</reference>
          <reference href="https://www.nerc.com/standards/reliability-standards/cip">CIP-004-6 R2.2.2</reference>
          <reference href="https://www.nerc.com/standards/reliability-standards/cip">CIP-004-6 R3.3</reference>
          <reference href="https://www.nerc.com/standards/reliability-standards/cip">CIP-007-3 R.1.3</reference>
          <reference href="https://www.nerc.com/standards/reliability-standards/cip">CIP-007-3 R5</reference>
          <reference href="https://www.nerc.com/standards/reliability-standards/cip">CIP-007-3 R5.1.1</reference>
          <reference href="https://www.nerc.com/standards/reliability-standards/cip">CIP-007-3 R6.5</reference>
          <reference href="http://nvlpubs.nist.gov/nistpubs/SpecialPublications/NIST.SP.800-53r4.pdf">CM-6(a)</reference>
          <reference href="http://nvlpubs.nist.gov/nistpubs/SpecialPublications/NIST.SP.800-53r4.pdf">AU-6(3)</reference>
          <reference href="http://nvlpubs.nist.gov/nistpubs/SpecialPublications/NIST.SP.800-53r4.pdf">AU-6(4)</reference>
          <reference href="https://nvlpubs.nist.gov/nistpubs/CSWP/NIST.CSWP.04162018.pdf">PR.PT-1</reference>
          <rationale xmlns:xhtml="http://www.w3.org/1999/xhtml" xml:lang="en-US">Many devices, such as switches, routers, and other Unix-like systems, may only support
the traditional syslog transmission over UDP. If the system must act as a log server,
this enables it to receive their messages as well.</rationale>
        </Rule>
        <Rule id="xccdf_org.ssgproject.content_rule_rsyslog_nolisten" selected="false" role="full" severity="medium">
          <title xmlns:xhtml="http://www.w3.org/1999/xhtml" xml:lang="en-US">Ensure rsyslog Does Not Accept Remote Messages Unless Acting As Log Server</title>
          <description xmlns:xhtml="http://www.w3.org/1999/xhtml" xml:lang="en-US">The <html:code xmlns:html="http://www.w3.org/1999/xhtml">rsyslog</html:code> daemon should not accept remote messages unless the system acts as a log
server. To ensure that it is not listening on the network, ensure any of the following lines
are <html:i xmlns:html="http://www.w3.org/1999/xhtml">not</html:i> found in <html:code xmlns:html="http://www.w3.org/1999/xhtml">rsyslog</html:code> configuration files.

If using legacy syntax:
<html:pre xmlns:html="http://www.w3.org/1999/xhtml">$ModLoad imtcp
$InputTCPServerRun <html:i>port</html:i>
$ModLoad imudp
$UDPServerRun <html:i>port</html:i>
$ModLoad imrelp
$InputRELPServerRun <html:i>port</html:i>
        </html:pre>

If using RainerScript syntax:
<html:pre xmlns:html="http://www.w3.org/1999/xhtml">module(load="imtcp")
module(load="imudp")
input(type="imtcp" port="514")
input(type="imudp" port="514")
</html:pre>
       </description>
          <reference href="https://www.cisecurity.org/controls/">1</reference>
          <reference href="https://www.cisecurity.org/controls/">11</reference>
          <reference href="https://www.cisecurity.org/controls/">12</reference>
          <reference href="https://www.cisecurity.org/controls/">13</reference>
          <reference href="https://www.cisecurity.org/controls/">14</reference>
          <reference href="https://www.cisecurity.org/controls/">15</reference>
          <reference href="https://www.cisecurity.org/controls/">16</reference>
          <reference href="https://www.cisecurity.org/controls/">18</reference>
          <reference href="https://www.cisecurity.org/controls/">3</reference>
          <reference href="https://www.cisecurity.org/controls/">4</reference>
          <reference href="https://www.cisecurity.org/controls/">5</reference>
          <reference href="https://www.cisecurity.org/controls/">6</reference>
          <reference href="https://www.cisecurity.org/controls/">8</reference>
          <reference href="https://www.cisecurity.org/controls/">9</reference>
          <reference href="https://www.isaca.org/resources/cobit">APO01.06</reference>
          <reference href="https://www.isaca.org/resources/cobit">APO11.04</reference>
          <reference href="https://www.isaca.org/resources/cobit">APO13.01</reference>
          <reference href="https://www.isaca.org/resources/cobit">BAI03.05</reference>
          <reference href="https://www.isaca.org/resources/cobit">BAI10.01</reference>
          <reference href="https://www.isaca.org/resources/cobit">BAI10.02</reference>
          <reference href="https://www.isaca.org/resources/cobit">BAI10.03</reference>
          <reference href="https://www.isaca.org/resources/cobit">BAI10.05</reference>
          <reference href="https://www.isaca.org/resources/cobit">DSS01.05</reference>
          <reference href="https://www.isaca.org/resources/cobit">DSS03.01</reference>
          <reference href="https://www.isaca.org/resources/cobit">DSS05.02</reference>
          <reference href="https://www.isaca.org/resources/cobit">DSS05.04</reference>
          <reference href="https://www.isaca.org/resources/cobit">DSS05.07</reference>
          <reference href="https://www.isaca.org/resources/cobit">DSS06.02</reference>
          <reference href="https://www.isaca.org/resources/cobit">MEA02.01</reference>
          <reference href="https://www.isa.org/products/isa-62443-2-1-2009-security-for-industrial-automat">4.2.3.4</reference>
          <reference href="https://www.isa.org/products/isa-62443-2-1-2009-security-for-industrial-automat">4.3.3.3.9</reference>
          <reference href="https://www.isa.org/products/isa-62443-2-1-2009-security-for-industrial-automat">4.3.3.4</reference>
          <reference href="https://www.isa.org/products/isa-62443-2-1-2009-security-for-industrial-automat">4.3.3.5.8</reference>
          <reference href="https://www.isa.org/products/isa-62443-2-1-2009-security-for-industrial-automat">4.3.4.3.2</reference>
          <reference href="https://www.isa.org/products/isa-62443-2-1-2009-security-for-industrial-automat">4.3.4.3.3</reference>
          <reference href="https://www.isa.org/products/isa-62443-2-1-2009-security-for-industrial-automat">4.3.4.4.7</reference>
          <reference href="https://www.isa.org/products/isa-62443-2-1-2009-security-for-industrial-automat">4.4.2.1</reference>
          <reference href="https://www.isa.org/products/isa-62443-2-1-2009-security-for-industrial-automat">4.4.2.2</reference>
          <reference href="https://www.isa.org/products/isa-62443-2-1-2009-security-for-industrial-automat">4.4.2.4</reference>
          <reference href="https://www.isa.org/products/isa-62443-2-1-2009-security-for-industrial-automat">4.4.3.3</reference>
          <reference href="https://www.isa.org/products/ansi-isa-62443-3-3-99-03-03-2013-security-for-indu">SR 2.10</reference>
          <reference href="https://www.isa.org/products/ansi-isa-62443-3-3-99-03-03-2013-security-for-indu">SR 2.11</reference>
          <reference href="https://www.isa.org/products/ansi-isa-62443-3-3-99-03-03-2013-security-for-indu">SR 2.12</reference>
          <reference href="https://www.isa.org/products/ansi-isa-62443-3-3-99-03-03-2013-security-for-indu">SR 2.8</reference>
          <reference href="https://www.isa.org/products/ansi-isa-62443-3-3-99-03-03-2013-security-for-indu">SR 2.9</reference>
          <reference href="https://www.isa.org/products/ansi-isa-62443-3-3-99-03-03-2013-security-for-indu">SR 3.1</reference>
          <reference href="https://www.isa.org/products/ansi-isa-62443-3-3-99-03-03-2013-security-for-indu">SR 3.5</reference>
          <reference href="https://www.isa.org/products/ansi-isa-62443-3-3-99-03-03-2013-security-for-indu">SR 3.8</reference>
          <reference href="https://www.isa.org/products/ansi-isa-62443-3-3-99-03-03-2013-security-for-indu">SR 4.1</reference>
          <reference href="https://www.isa.org/products/ansi-isa-62443-3-3-99-03-03-2013-security-for-indu">SR 4.3</reference>
          <reference href="https://www.isa.org/products/ansi-isa-62443-3-3-99-03-03-2013-security-for-indu">SR 5.1</reference>
          <reference href="https://www.isa.org/products/ansi-isa-62443-3-3-99-03-03-2013-security-for-indu">SR 5.2</reference>
          <reference href="https://www.isa.org/products/ansi-isa-62443-3-3-99-03-03-2013-security-for-indu">SR 5.3</reference>
          <reference href="https://www.isa.org/products/ansi-isa-62443-3-3-99-03-03-2013-security-for-indu">SR 7.1</reference>
          <reference href="https://www.isa.org/products/ansi-isa-62443-3-3-99-03-03-2013-security-for-indu">SR 7.6</reference>
          <reference href="https://www.iso.org/contents/data/standard/05/45/54534.html">A.10.1.1</reference>
          <reference href="https://www.iso.org/contents/data/standard/05/45/54534.html">A.11.1.4</reference>
          <reference href="https://www.iso.org/contents/data/standard/05/45/54534.html">A.11.1.5</reference>
          <reference href="https://www.iso.org/contents/data/standard/05/45/54534.html">A.11.2.1</reference>
          <reference href="https://www.iso.org/contents/data/standard/05/45/54534.html">A.12.1.1</reference>
          <reference href="https://www.iso.org/contents/data/standard/05/45/54534.html">A.12.1.2</reference>
          <reference href="https://www.iso.org/contents/data/standard/05/45/54534.html">A.12.4.1</reference>
          <reference href="https://www.iso.org/contents/data/standard/05/45/54534.html">A.12.4.2</reference>
          <reference href="https://www.iso.org/contents/data/standard/05/45/54534.html">A.12.4.3</reference>
          <reference href="https://www.iso.org/contents/data/standard/05/45/54534.html">A.12.4.4</reference>
          <reference href="https://www.iso.org/contents/data/standard/05/45/54534.html">A.12.5.1</reference>
          <reference href="https://www.iso.org/contents/data/standard/05/45/54534.html">A.12.6.2</reference>
          <reference href="https://www.iso.org/contents/data/standard/05/45/54534.html">A.12.7.1</reference>
          <reference href="https://www.iso.org/contents/data/standard/05/45/54534.html">A.13.1.1</reference>
          <reference href="https://www.iso.org/contents/data/standard/05/45/54534.html">A.13.1.2</reference>
          <reference href="https://www.iso.org/contents/data/standard/05/45/54534.html">A.13.1.3</reference>
          <reference href="https://www.iso.org/contents/data/standard/05/45/54534.html">A.13.2.1</reference>
          <reference href="https://www.iso.org/contents/data/standard/05/45/54534.html">A.13.2.2</reference>
          <reference href="https://www.iso.org/contents/data/standard/05/45/54534.html">A.13.2.3</reference>
          <reference href="https://www.iso.org/contents/data/standard/05/45/54534.html">A.13.2.4</reference>
          <reference href="https://www.iso.org/contents/data/standard/05/45/54534.html">A.14.1.2</reference>
          <reference href="https://www.iso.org/contents/data/standard/05/45/54534.html">A.14.1.3</reference>
          <reference href="https://www.iso.org/contents/data/standard/05/45/54534.html">A.14.2.2</reference>
          <reference href="https://www.iso.org/contents/data/standard/05/45/54534.html">A.14.2.3</reference>
          <reference href="https://www.iso.org/contents/data/standard/05/45/54534.html">A.14.2.4</reference>
          <reference href="https://www.iso.org/contents/data/standard/05/45/54534.html">A.6.1.2</reference>
          <reference href="https://www.iso.org/contents/data/standard/05/45/54534.html">A.7.1.1</reference>
          <reference href="https://www.iso.org/contents/data/standard/05/45/54534.html">A.7.1.2</reference>
          <reference href="https://www.iso.org/contents/data/standard/05/45/54534.html">A.7.3.1</reference>
          <reference href="https://www.iso.org/contents/data/standard/05/45/54534.html">A.8.2.2</reference>
          <reference href="https://www.iso.org/contents/data/standard/05/45/54534.html">A.8.2.3</reference>
          <reference href="https://www.iso.org/contents/data/standard/05/45/54534.html">A.9.1.1</reference>
          <reference href="https://www.iso.org/contents/data/standard/05/45/54534.html">A.9.1.2</reference>
          <reference href="https://www.iso.org/contents/data/standard/05/45/54534.html">A.9.2.3</reference>
          <reference href="https://www.iso.org/contents/data/standard/05/45/54534.html">A.9.4.1</reference>
          <reference href="https://www.iso.org/contents/data/standard/05/45/54534.html">A.9.4.4</reference>
          <reference href="https://www.iso.org/contents/data/standard/05/45/54534.html">A.9.4.5</reference>
          <reference href="http://nvlpubs.nist.gov/nistpubs/SpecialPublications/NIST.SP.800-53r4.pdf">CM-7(a)</reference>
          <reference href="http://nvlpubs.nist.gov/nistpubs/SpecialPublications/NIST.SP.800-53r4.pdf">CM-7(b)</reference>
          <reference href="http://nvlpubs.nist.gov/nistpubs/SpecialPublications/NIST.SP.800-53r4.pdf">CM-6(a)</reference>
          <reference href="https://nvlpubs.nist.gov/nistpubs/CSWP/NIST.CSWP.04162018.pdf">DE.AE-1</reference>
          <reference href="https://nvlpubs.nist.gov/nistpubs/CSWP/NIST.CSWP.04162018.pdf">ID.AM-3</reference>
          <reference href="https://nvlpubs.nist.gov/nistpubs/CSWP/NIST.CSWP.04162018.pdf">PR.AC-5</reference>
          <reference href="https://nvlpubs.nist.gov/nistpubs/CSWP/NIST.CSWP.04162018.pdf">PR.DS-5</reference>
          <reference href="https://nvlpubs.nist.gov/nistpubs/CSWP/NIST.CSWP.04162018.pdf">PR.IP-1</reference>
          <reference href="https://nvlpubs.nist.gov/nistpubs/CSWP/NIST.CSWP.04162018.pdf">PR.PT-1</reference>
          <reference href="https://nvlpubs.nist.gov/nistpubs/CSWP/NIST.CSWP.04162018.pdf">PR.PT-4</reference>
          <reference href="https://www.cyber.mil/stigs/downloads/?_dl_facet_stigs=operating-systems%2Cgeneral-purpose-os">SRG-OS-000480-GPOS-00227</reference>
          <reference href="https://www.cisecurity.org/benchmark/suse_linux/">4.2.1.6</reference>
          <reference href="not_publicly_available">SLES-15-750300195</reference>
          <reference href="https://www.cyber.gov.au/acsc/view-all-content/ism">0988</reference>
          <reference href="https://www.cyber.gov.au/acsc/view-all-content/ism">1405</reference>
          <rationale xmlns:xhtml="http://www.w3.org/1999/xhtml" xml:lang="en-US">Any process which receives messages from the network incurs some risk of receiving malicious
messages. This risk can be eliminated for rsyslog by configuring it not to listen on the
network.</rationale>
          <ident system="https://ncp.nist.gov/cce">CCE-91375-6</ident>
          <fix xmlns:xhtml="http://www.w3.org/1999/xhtml" id="rsyslog_nolisten" system="urn:xccdf:fix:script:sh" complexity="low" disruption="low" strategy="configure"># Remediation is applicable only in certain platforms
if rpm --quiet -q kernel-default || rpm --quiet -q kernel-default-base; then

legacy_regex='^\s*\$(((Input(TCP|RELP)|UDP)ServerRun)|ModLoad\s+(imtcp|imudp|imrelp))'
rainer_regex='^\s*(module|input)\((load|type)="(imtcp|imudp)".*$'

readarray -t legacy_targets &lt; &lt;(grep -l -E -r "${legacy_regex[@]}" /etc/rsyslog.conf /etc/rsyslog.d/)
readarray -t rainer_targets &lt; &lt;(grep -l -E -r "${rainer_regex[@]}" /etc/rsyslog.conf /etc/rsyslog.d/)

config_changed=false
if [ ${#legacy_targets[@]} -gt 0 ]; then
    for target in "${legacy_targets[@]}"; do
        sed -E -i "/$legacy_regex/ s/^/# /" "$target"
    done
    config_changed=true
fi

if [ ${#rainer_targets[@]} -gt 0 ]; then
    for target in "${rainer_targets[@]}"; do
        sed -E -i "/$rainer_regex/ s/^/# /" "$target"
    done
    config_changed=true
fi

if $config_changed; then
    systemctl restart rsyslog.service
fi

else
    &gt;&amp;2 echo 'Remediation is not applicable, nothing was done'
fi
</fix>
          <fix xmlns:xhtml="http://www.w3.org/1999/xhtml" id="rsyslog_nolisten" system="urn:xccdf:fix:script:ansible" complexity="low" disruption="low" strategy="configure">- name: Gather the package facts
  package_facts:
    manager: auto
  tags:
  - CCE-91375-6
  - NIST-800-53-CM-6(a)
  - NIST-800-53-CM-7(a)
  - NIST-800-53-CM-7(b)
  - configure_strategy
  - low_complexity
  - low_disruption
  - medium_severity
  - no_reboot_needed
  - rsyslog_nolisten

- name: Ensure rsyslog Does Not Accept Remote Messages Unless Acting As Log Server
    - Define Rsyslog Config Lines Regex in Legacy Syntax
  ansible.builtin.set_fact:
    rsyslog_listen_legacy_regex: ^\s*\$(((Input(TCP|RELP)|UDP)ServerRun)|ModLoad\s+(imtcp|imudp|imrelp))
  when: ("kernel-default" in ansible_facts.packages or "kernel-default-base" in ansible_facts.packages)
  tags:
  - CCE-91375-6
  - NIST-800-53-CM-6(a)
  - NIST-800-53-CM-7(a)
  - NIST-800-53-CM-7(b)
  - configure_strategy
  - low_complexity
  - low_disruption
  - medium_severity
  - no_reboot_needed
  - rsyslog_nolisten

- name: Ensure rsyslog Does Not Accept Remote Messages Unless Acting As Log Server
    - Search for Legacy Config Lines in Rsyslog Main Config File
  ansible.builtin.find:
    paths: /etc
    pattern: rsyslog.conf
    contains: '{{ rsyslog_listen_legacy_regex }}'
  register: rsyslog_listen_legacy_main_file
  when: ("kernel-default" in ansible_facts.packages or "kernel-default-base" in ansible_facts.packages)
  tags:
  - CCE-91375-6
  - NIST-800-53-CM-6(a)
  - NIST-800-53-CM-7(a)
  - NIST-800-53-CM-7(b)
  - configure_strategy
  - low_complexity
  - low_disruption
  - medium_severity
  - no_reboot_needed
  - rsyslog_nolisten

- name: Ensure rsyslog Does Not Accept Remote Messages Unless Acting As Log Server
    - Search for Legacy Config Lines in Rsyslog Include Files
  ansible.builtin.find:
    paths: /etc/rsyslog.d/
    pattern: '*.conf'
    contains: '{{ rsyslog_listen_legacy_regex }}'
  register: rsyslog_listen_legacy_include_files
  when: ("kernel-default" in ansible_facts.packages or "kernel-default-base" in ansible_facts.packages)
  tags:
  - CCE-91375-6
  - NIST-800-53-CM-6(a)
  - NIST-800-53-CM-7(a)
  - NIST-800-53-CM-7(b)
  - configure_strategy
  - low_complexity
  - low_disruption
  - medium_severity
  - no_reboot_needed
  - rsyslog_nolisten

- name: Ensure rsyslog Does Not Accept Remote Messages Unless Acting As Log Server
    - Assemble List of Config Files With Listen Lines in Legacy Syntax
  ansible.builtin.set_fact:
    rsyslog_legacy_remote_listen_files: '{{ rsyslog_listen_legacy_main_file.files
      | map(attribute=''path'') | list + rsyslog_listen_legacy_include_files.files
      | map(attribute=''path'') | list }}'
  when: ("kernel-default" in ansible_facts.packages or "kernel-default-base" in ansible_facts.packages)
  tags:
  - CCE-91375-6
  - NIST-800-53-CM-6(a)
  - NIST-800-53-CM-7(a)
  - NIST-800-53-CM-7(b)
  - configure_strategy
  - low_complexity
  - low_disruption
  - medium_severity
  - no_reboot_needed
  - rsyslog_nolisten

- name: Ensure rsyslog Does Not Accept Remote Messages Unless Acting As Log Server
    - Comment Listen Config Lines Wherever Defined Using Legacy Syntax
  ansible.builtin.replace:
    path: '{{ item }}'
    regexp: '{{ rsyslog_listen_legacy_regex }}'
    replace: '# \1'
  loop: '{{ rsyslog_legacy_remote_listen_files }}'
  register: rsyslog_listen_legacy_comment
  when:
  - ("kernel-default" in ansible_facts.packages or "kernel-default-base" in ansible_facts.packages)
  - rsyslog_legacy_remote_listen_files | length &gt; 0
  tags:
  - CCE-91375-6
  - NIST-800-53-CM-6(a)
  - NIST-800-53-CM-7(a)
  - NIST-800-53-CM-7(b)
  - configure_strategy
  - low_complexity
  - low_disruption
  - medium_severity
  - no_reboot_needed
  - rsyslog_nolisten

- name: Ensure rsyslog Does Not Accept Remote Messages Unless Acting As Log Server
    - Define Rsyslog Config Lines Regex in RainerScript Syntax
  ansible.builtin.set_fact:
    rsyslog_listen_rainer_regex: ^\s*(module|input)\((load|type)="(imtcp|imudp)".*$
  when: ("kernel-default" in ansible_facts.packages or "kernel-default-base" in ansible_facts.packages)
  tags:
  - CCE-91375-6
  - NIST-800-53-CM-6(a)
  - NIST-800-53-CM-7(a)
  - NIST-800-53-CM-7(b)
  - configure_strategy
  - low_complexity
  - low_disruption
  - medium_severity
  - no_reboot_needed
  - rsyslog_nolisten

- name: Ensure rsyslog Does Not Accept Remote Messages Unless Acting As Log Server
    - Search for RainerScript Config Lines in Rsyslog Main Config File
  ansible.builtin.find:
    paths: /etc
    pattern: rsyslog.conf
    contains: '{{ rsyslog_listen_rainer_regex }}'
  register: rsyslog_rainer_remote_main_file
  when: ("kernel-default" in ansible_facts.packages or "kernel-default-base" in ansible_facts.packages)
  tags:
  - CCE-91375-6
  - NIST-800-53-CM-6(a)
  - NIST-800-53-CM-7(a)
  - NIST-800-53-CM-7(b)
  - configure_strategy
  - low_complexity
  - low_disruption
  - medium_severity
  - no_reboot_needed
  - rsyslog_nolisten

- name: Ensure rsyslog Does Not Accept Remote Messages Unless Acting As Log Server
    - Search for RainerScript Config Lines in Rsyslog Include Files
  ansible.builtin.find:
    paths: /etc/rsyslog.d/
    pattern: '*.conf'
    contains: '{{ rsyslog_listen_rainer_regex }}'
  register: rsyslog_rainer_remote_include_files
  when: ("kernel-default" in ansible_facts.packages or "kernel-default-base" in ansible_facts.packages)
  tags:
  - CCE-91375-6
  - NIST-800-53-CM-6(a)
  - NIST-800-53-CM-7(a)
  - NIST-800-53-CM-7(b)
  - configure_strategy
  - low_complexity
  - low_disruption
  - medium_severity
  - no_reboot_needed
  - rsyslog_nolisten

- name: Ensure rsyslog Does Not Accept Remote Messages Unless Acting As Log Server
    - Assemble List of Config Files With Listen Lines in RainerScript
  ansible.builtin.set_fact:
    rsyslog_rainer_remote_listen_files: '{{ rsyslog_rainer_remote_main_file.files
      | map(attribute=''path'') | list + rsyslog_rainer_remote_include_files.files
      | map(attribute=''path'') | list }}'
  when: ("kernel-default" in ansible_facts.packages or "kernel-default-base" in ansible_facts.packages)
  tags:
  - CCE-91375-6
  - NIST-800-53-CM-6(a)
  - NIST-800-53-CM-7(a)
  - NIST-800-53-CM-7(b)
  - configure_strategy
  - low_complexity
  - low_disruption
  - medium_severity
  - no_reboot_needed
  - rsyslog_nolisten

- name: Ensure rsyslog Does Not Accept Remote Messages Unless Acting As Log Server
    - Comment Listen Config Lines Wherever Defined Using RainerScript
  ansible.builtin.replace:
    path: '{{ item }}'
    regexp: '{{ rsyslog_listen_rainer_regex }}'
    replace: '# \1'
  loop: '{{ rsyslog_rainer_remote_listen_files }}'
  register: rsyslog_listen_rainer_comment
  when:
  - ("kernel-default" in ansible_facts.packages or "kernel-default-base" in ansible_facts.packages)
  - rsyslog_rainer_remote_listen_files | length &gt; 0
  tags:
  - CCE-91375-6
  - NIST-800-53-CM-6(a)
  - NIST-800-53-CM-7(a)
  - NIST-800-53-CM-7(b)
  - configure_strategy
  - low_complexity
  - low_disruption
  - medium_severity
  - no_reboot_needed
  - rsyslog_nolisten

- name: Ensure rsyslog Does Not Accept Remote Messages Unless Acting As Log Server
    - Restart Rsyslog if Any Line Were Commented Out
  ansible.builtin.service:
    name: rsyslog
    state: restarted
  when:
  - ("kernel-default" in ansible_facts.packages or "kernel-default-base" in ansible_facts.packages)
  - rsyslog_listen_legacy_comment is changed or rsyslog_listen_rainer_comment is changed
  tags:
  - CCE-91375-6
  - NIST-800-53-CM-6(a)
  - NIST-800-53-CM-7(a)
  - NIST-800-53-CM-7(b)
  - configure_strategy
  - low_complexity
  - low_disruption
  - medium_severity
  - no_reboot_needed
  - rsyslog_nolisten
</fix>
          <check system="http://oval.mitre.org/XMLSchema/oval-definitions-5">
            <check-content-ref name="oval:ssg-rsyslog_nolisten:def:1" href="ssg-sle15-oval.xml"/>
          </check>
          <check system="http://scap.nist.gov/schema/ocil/2">
            <check-content-ref name="ocil:ssg-rsyslog_nolisten_ocil:questionnaire:1" href="ssg-sle15-ocil.xml"/>
          </check>
        </Rule>
      </Group>
      <Group id="xccdf_org.ssgproject.content_group_rsyslog_sending_messages">
        <title xmlns:xhtml="http://www.w3.org/1999/xhtml" xml:lang="en-US">Rsyslog Logs Sent To Remote Host</title>
        <description xmlns:xhtml="http://www.w3.org/1999/xhtml" xml:lang="en-US">If system logs are to be useful in detecting malicious
activities, it is necessary to send logs to a remote server. An
intruder who has compromised the root account on a system may
delete the log entries which indicate that the system was attacked
before they are seen by an administrator.
<html:br xmlns:html="http://www.w3.org/1999/xhtml"/>
       <html:br xmlns:html="http://www.w3.org/1999/xhtml"/>
However, it is recommended that logs be stored on the local
host in addition to being sent to the loghost, especially if
<html:code xmlns:html="http://www.w3.org/1999/xhtml">rsyslog</html:code> has been configured to use the UDP protocol to send
messages over a network. UDP does not guarantee reliable delivery,
and moderately busy sites will lose log messages occasionally,
especially in periods of high traffic which may be the result of an
attack. In addition, remote <html:code xmlns:html="http://www.w3.org/1999/xhtml">rsyslog</html:code> messages are not
authenticated in any way by default, so it is easy for an attacker to
introduce spurious messages to the central log server. Also, some
problems cause loss of network connectivity, which will prevent the
sending of messages to the central server. For all of these reasons, it is
better to store log messages both centrally and on each host, so
that they can be correlated if necessary.</description>
        <Value id="xccdf_org.ssgproject.content_value_rsyslog_remote_loghost_address" type="string" interactive="true">
          <title xmlns:xhtml="http://www.w3.org/1999/xhtml" xml:lang="en-US">Remote Log Server</title>
          <description xmlns:xhtml="http://www.w3.org/1999/xhtml" xml:lang="en-US">Specify an URI or IP address of a remote host where the log messages will be sent and stored.</description>
          <value>logcollector</value>
        </Value>
        <Rule id="xccdf_org.ssgproject.content_rule_rsyslog_remote_loghost" selected="false" role="full" severity="medium">
          <title xmlns:xhtml="http://www.w3.org/1999/xhtml" xml:lang="en-US">Ensure Logs Sent To Remote Host</title>
          <description xmlns:xhtml="http://www.w3.org/1999/xhtml" xml:lang="en-US">To configure rsyslog to send logs to a remote log server,
open <html:code xmlns:html="http://www.w3.org/1999/xhtml">/etc/rsyslog.conf</html:code> and read and understand the last section of the file,
which describes the multiple directives necessary to activate remote
logging.
Along with these other directives, the system can be configured
to forward its logs to a particular log server by
adding or correcting one of the following lines,
substituting <html:code xmlns:html="http://www.w3.org/1999/xhtml" xmlns:xccdf-1.2="http://checklists.nist.gov/xccdf/1.2"><html:i><xccdf-1.2:sub idref="xccdf_org.ssgproject.content_value_rsyslog_remote_loghost_address" use="legacy"/></html:i></html:code> appropriately.
The choice of protocol depends on the environment of the system;
although TCP and RELP provide more reliable message delivery,
they may not be supported in all environments.
<html:br xmlns:html="http://www.w3.org/1999/xhtml"/>
To use UDP for log message delivery:
<html:pre xmlns:html="http://www.w3.org/1999/xhtml" xmlns:xccdf-1.2="http://checklists.nist.gov/xccdf/1.2">*.* @<html:i><xccdf-1.2:sub idref="xccdf_org.ssgproject.content_value_rsyslog_remote_loghost_address" use="legacy"/></html:i>
        </html:pre>
        <html:br xmlns:html="http://www.w3.org/1999/xhtml"/>
Or in RainerScript:
<html:pre xmlns:html="http://www.w3.org/1999/xhtml" xmlns:xccdf-1.2="http://checklists.nist.gov/xccdf/1.2">*.* action(type="omfwd" ... target="<html:i><xccdf-1.2:sub idref="xccdf_org.ssgproject.content_value_rsyslog_remote_loghost_address" use="legacy"/></html:i>" protocol="udp")</html:pre>
        <html:br xmlns:html="http://www.w3.org/1999/xhtml"/>
To use TCP for log message delivery:
<html:pre xmlns:html="http://www.w3.org/1999/xhtml" xmlns:xccdf-1.2="http://checklists.nist.gov/xccdf/1.2">*.* @@<html:i><xccdf-1.2:sub idref="xccdf_org.ssgproject.content_value_rsyslog_remote_loghost_address" use="legacy"/></html:i>
        </html:pre>
        <html:br xmlns:html="http://www.w3.org/1999/xhtml"/>
Or in RainerScript:
<html:pre xmlns:html="http://www.w3.org/1999/xhtml" xmlns:xccdf-1.2="http://checklists.nist.gov/xccdf/1.2">*.* action(type="omfwd" ... target="<html:i><xccdf-1.2:sub idref="xccdf_org.ssgproject.content_value_rsyslog_remote_loghost_address" use="legacy"/></html:i>" protocol="tcp")</html:pre>
        <html:br xmlns:html="http://www.w3.org/1999/xhtml"/>
To use RELP for log message delivery:
<html:pre xmlns:html="http://www.w3.org/1999/xhtml" xmlns:xccdf-1.2="http://checklists.nist.gov/xccdf/1.2">*.* :omrelp:<html:i><xccdf-1.2:sub idref="xccdf_org.ssgproject.content_value_rsyslog_remote_loghost_address" use="legacy"/></html:i>
        </html:pre>
        <html:br xmlns:html="http://www.w3.org/1999/xhtml"/>
Or in RainerScript:
<html:pre xmlns:html="http://www.w3.org/1999/xhtml" xmlns:xccdf-1.2="http://checklists.nist.gov/xccdf/1.2">*.* action(type="omfwd" ... target="<html:i><xccdf-1.2:sub idref="xccdf_org.ssgproject.content_value_rsyslog_remote_loghost_address" use="legacy"/></html:i>" protocol="relp")</html:pre>
        <html:br xmlns:html="http://www.w3.org/1999/xhtml"/>
There must be a resolvable DNS CNAME or Alias record set to "<xccdf-1.2:sub xmlns:xccdf-1.2="http://checklists.nist.gov/xccdf/1.2" idref="xccdf_org.ssgproject.content_value_rsyslog_remote_loghost_address" use="legacy"/>" for logs to be sent correctly to the centralized logging utility.</description>
          <warning xmlns:xhtml="http://www.w3.org/1999/xhtml" xml:lang="en-US" category="functionality">It is important to configure queues in case the client is sending log
messages to a remote server. If queues are not configured,
the system will stop functioning when the connection
to the remote server is not available. Please consult Rsyslog
documentation for more information about configuration of queues. The
example configuration which should go into <html:code xmlns:html="http://www.w3.org/1999/xhtml">/etc/rsyslog.conf</html:code>
can look like the following lines:
<html:pre xmlns:html="http://www.w3.org/1999/xhtml">
$ActionQueueType LinkedList
$ActionQueueFileName queuefilename
$ActionQueueMaxDiskSpace 1g
$ActionQueueSaveOnShutdown on
$ActionResumeRetryCount -1
</html:pre>
Or if using Rainer Script syntax, it could be:
<html:pre xmlns:html="http://www.w3.org/1999/xhtml">*.* action(type="omfwd" queue.type="linkedlist" queue.filename="example_fwd" action.resumeRetryCount="-1" queue.saveOnShutdown="on" target="example.com" port="30514" protocol="tcp")</html:pre>
       </warning>
          <reference href="https://www.cisecurity.org/controls/">1</reference>
          <reference href="https://www.cisecurity.org/controls/">13</reference>
          <reference href="https://www.cisecurity.org/controls/">14</reference>
          <reference href="https://www.cisecurity.org/controls/">15</reference>
          <reference href="https://www.cisecurity.org/controls/">16</reference>
          <reference href="https://www.cisecurity.org/controls/">2</reference>
          <reference href="https://www.cisecurity.org/controls/">3</reference>
          <reference href="https://www.cisecurity.org/controls/">5</reference>
          <reference href="https://www.cisecurity.org/controls/">6</reference>
          <reference href="https://www.isaca.org/resources/cobit">APO11.04</reference>
          <reference href="https://www.isaca.org/resources/cobit">APO13.01</reference>
          <reference href="https://www.isaca.org/resources/cobit">BAI03.05</reference>
          <reference href="https://www.isaca.org/resources/cobit">BAI04.04</reference>
          <reference href="https://www.isaca.org/resources/cobit">DSS05.04</reference>
          <reference href="https://www.isaca.org/resources/cobit">DSS05.07</reference>
          <reference href="https://www.isaca.org/resources/cobit">MEA02.01</reference>
          <reference href="https://www.gpo.gov/fdsys/pkg/CFR-2007-title45-vol1/pdf/CFR-2007-title45-vol1-chapA-subchapC.pdf">164.308(a)(1)(ii)(D)</reference>
          <reference href="https://www.gpo.gov/fdsys/pkg/CFR-2007-title45-vol1/pdf/CFR-2007-title45-vol1-chapA-subchapC.pdf">164.308(a)(5)(ii)(B)</reference>
          <reference href="https://www.gpo.gov/fdsys/pkg/CFR-2007-title45-vol1/pdf/CFR-2007-title45-vol1-chapA-subchapC.pdf">164.308(a)(5)(ii)(C)</reference>
          <reference href="https://www.gpo.gov/fdsys/pkg/CFR-2007-title45-vol1/pdf/CFR-2007-title45-vol1-chapA-subchapC.pdf">164.308(a)(6)(ii)</reference>
          <reference href="https://www.gpo.gov/fdsys/pkg/CFR-2007-title45-vol1/pdf/CFR-2007-title45-vol1-chapA-subchapC.pdf">164.308(a)(8)</reference>
          <reference href="https://www.gpo.gov/fdsys/pkg/CFR-2007-title45-vol1/pdf/CFR-2007-title45-vol1-chapA-subchapC.pdf">164.310(d)(2)(iii)</reference>
          <reference href="https://www.gpo.gov/fdsys/pkg/CFR-2007-title45-vol1/pdf/CFR-2007-title45-vol1-chapA-subchapC.pdf">164.312(b)</reference>
          <reference href="https://www.gpo.gov/fdsys/pkg/CFR-2007-title45-vol1/pdf/CFR-2007-title45-vol1-chapA-subchapC.pdf">164.314(a)(2)(i)(C)</reference>
          <reference href="https://www.gpo.gov/fdsys/pkg/CFR-2007-title45-vol1/pdf/CFR-2007-title45-vol1-chapA-subchapC.pdf">164.314(a)(2)(iii)</reference>
          <reference href="https://www.isa.org/products/isa-62443-2-1-2009-security-for-industrial-automat">4.3.3.3.9</reference>
          <reference href="https://www.isa.org/products/isa-62443-2-1-2009-security-for-industrial-automat">4.3.3.5.8</reference>
          <reference href="https://www.isa.org/products/isa-62443-2-1-2009-security-for-industrial-automat">4.3.4.4.7</reference>
          <reference href="https://www.isa.org/products/isa-62443-2-1-2009-security-for-industrial-automat">4.4.2.1</reference>
          <reference href="https://www.isa.org/products/isa-62443-2-1-2009-security-for-industrial-automat">4.4.2.2</reference>
          <reference href="https://www.isa.org/products/isa-62443-2-1-2009-security-for-industrial-automat">4.4.2.4</reference>
          <reference href="https://www.isa.org/products/ansi-isa-62443-3-3-99-03-03-2013-security-for-indu">SR 2.10</reference>
          <reference href="https://www.isa.org/products/ansi-isa-62443-3-3-99-03-03-2013-security-for-indu">SR 2.11</reference>
          <reference href="https://www.isa.org/products/ansi-isa-62443-3-3-99-03-03-2013-security-for-indu">SR 2.12</reference>
          <reference href="https://www.isa.org/products/ansi-isa-62443-3-3-99-03-03-2013-security-for-indu">SR 2.8</reference>
          <reference href="https://www.isa.org/products/ansi-isa-62443-3-3-99-03-03-2013-security-for-indu">SR 2.9</reference>
          <reference href="https://www.isa.org/products/ansi-isa-62443-3-3-99-03-03-2013-security-for-indu">SR 7.1</reference>
          <reference href="https://www.isa.org/products/ansi-isa-62443-3-3-99-03-03-2013-security-for-indu">SR 7.2</reference>
          <reference href="https://www.iso.org/contents/data/standard/05/45/54534.html">A.12.1.3</reference>
          <reference href="https://www.iso.org/contents/data/standard/05/45/54534.html">A.12.4.1</reference>
          <reference href="https://www.iso.org/contents/data/standard/05/45/54534.html">A.12.4.2</reference>
          <reference href="https://www.iso.org/contents/data/standard/05/45/54534.html">A.12.4.3</reference>
          <reference href="https://www.iso.org/contents/data/standard/05/45/54534.html">A.12.4.4</reference>
          <reference href="https://www.iso.org/contents/data/standard/05/45/54534.html">A.12.7.1</reference>
          <reference href="https://www.iso.org/contents/data/standard/05/45/54534.html">A.17.2.1</reference>
          <reference href="https://www.nerc.com/standards/reliability-standards/cip">CIP-003-8 R5.2</reference>
          <reference href="https://www.nerc.com/standards/reliability-standards/cip">CIP-004-6 R3.3</reference>
          <reference href="http://nvlpubs.nist.gov/nistpubs/SpecialPublications/NIST.SP.800-53r4.pdf">CM-6(a)</reference>
          <reference href="http://nvlpubs.nist.gov/nistpubs/SpecialPublications/NIST.SP.800-53r4.pdf">AU-4(1)</reference>
          <reference href="http://nvlpubs.nist.gov/nistpubs/SpecialPublications/NIST.SP.800-53r4.pdf">AU-9(2)</reference>
          <reference href="https://nvlpubs.nist.gov/nistpubs/CSWP/NIST.CSWP.04162018.pdf">PR.DS-4</reference>
          <reference href="https://nvlpubs.nist.gov/nistpubs/CSWP/NIST.CSWP.04162018.pdf">PR.PT-1</reference>
          <reference href="https://www.cyber.mil/stigs/downloads/?_dl_facet_stigs=operating-systems%2Cgeneral-purpose-os">SRG-OS-000479-GPOS-00224</reference>
          <reference href="https://www.cyber.mil/stigs/downloads/?_dl_facet_stigs=operating-systems%2Cgeneral-purpose-os">SRG-OS-000480-GPOS-00227</reference>
          <reference href="https://www.cyber.mil/stigs/downloads/?_dl_facet_stigs=operating-systems%2Cgeneral-purpose-os">SRG-OS-000342-GPOS-00133</reference>
          <reference href="https://www.cyber.mil/stigs/downloads/?_dl_facet_stigs=operating-systems%2Cunix-linux">SLES-15-010580</reference>
          <reference href="https://www.cisecurity.org/benchmark/suse_linux/">4.2.1.5</reference>
          <reference href="https://cyber.gouv.fr/sites/default/files/document/linux_configuration-en-v2.pdf">R71</reference>
          <reference href="not_publicly_available">SLES-15-750300180</reference>
          <reference href="https://www.cyber.gov.au/acsc/view-all-content/ism">0988</reference>
          <reference href="https://www.cyber.gov.au/acsc/view-all-content/ism">1405</reference>
          <reference href="https://www.cyber.mil/stigs/srg-stig-tools/">SV-234865r1082187_rule</reference>
          <rationale xmlns:xhtml="http://www.w3.org/1999/xhtml" xml:lang="en-US">A log server (loghost) receives syslog messages from one or more
systems. This data can be used as an additional log source in the event a
system is compromised and its local logs are suspect. Forwarding log messages
to a remote loghost also provides system administrators with a centralized
place to view the status of multiple hosts within the enterprise.</rationale>
          <ident system="https://ncp.nist.gov/cce">CCE-85552-8</ident>
          <fix xmlns:xhtml="http://www.w3.org/1999/xhtml" id="rsyslog_remote_loghost" system="urn:xccdf:fix:script:sh"># Remediation is applicable only in certain platforms
if rpm --quiet -q kernel-default || rpm --quiet -q kernel-default-base; then

rsyslog_remote_loghost_address='<xccdf-1.2:sub xmlns:xccdf-1.2="http://checklists.nist.gov/xccdf/1.2" idref="xccdf_org.ssgproject.content_value_rsyslog_remote_loghost_address" use="legacy"/>'

# If the key exists, comment it. Otherwise do nothing
# We search for the key string followed by a blank space,
# so if we search for 'setting', 'setting2' won't match.
if LC_ALL=C grep -q -m 1 -i -e "^\*\.\*[[:blank:]]" "/etc/rsyslog.conf"; then
    LC_ALL=C sed -i --follow-symlinks "s/^\*\.\*[[:blank:]].*/#&amp;/gi" "/etc/rsyslog.conf"
fi
# If the key exists, comment it. Otherwise do nothing
# We search for the key string followed by a blank space,
# so if we search for 'setting', 'setting2' won't match.
if LC_ALL=C grep -q -m 1 -i -e "^\*\.\*[[:blank:]]" "/etc/rsyslog.d/*.conf"; then
    LC_ALL=C sed -i --follow-symlinks "s/^\*\.\*[[:blank:]].*/#&amp;/gi" "/etc/rsyslog.d/*.conf"
fi
# Strip any search characters in the key arg so that the key can be replaced without
# adding any search characters to the config file.
stripped_key=$(sed 's/[\^=\$,;+]*//g' &lt;&lt;&lt; "^\*\.\*")

# shellcheck disable=SC2059
printf -v formatted_output "%s %s" "$stripped_key" "@@$rsyslog_remote_loghost_address"

# If the key exists, change it. Otherwise, add it to the config_file.
# We search for the key string followed by a word boundary (matched by \&gt;),
# so if we search for 'setting', 'setting2' won't match.
if LC_ALL=C grep -q -m 1 -i -e "^\*\.\*\\&gt;" "/etc/rsyslog.d/remote.conf"; then
    escaped_formatted_output=$(sed -e 's|/|\\/|g' &lt;&lt;&lt; "$formatted_output")
    LC_ALL=C sed -i --follow-symlinks "s/^\*\.\*\\&gt;.*/$escaped_formatted_output/gi" "/etc/rsyslog.d/remote.conf"
else
    if [[ -s "/etc/rsyslog.d/remote.conf" ]] &amp;&amp; [[ -n "$(tail -c 1 -- "/etc/rsyslog.d/remote.conf" || true)" ]]; then
        LC_ALL=C sed -i --follow-symlinks '$a'\\ "/etc/rsyslog.d/remote.conf"
    fi
    cce="CCE-85552-8"
    printf '# Per %s: Set %s in %s\n' "${cce}" "${formatted_output}" "/etc/rsyslog.d/remote.conf" &gt;&gt; "/etc/rsyslog.d/remote.conf"
    printf '%s\n' "$formatted_output" &gt;&gt; "/etc/rsyslog.d/remote.conf"
fi

else
    &gt;&amp;2 echo 'Remediation is not applicable, nothing was done'
fi
</fix>
          <fix xmlns:xhtml="http://www.w3.org/1999/xhtml" id="rsyslog_remote_loghost" system="urn:xccdf:fix:script:ansible" complexity="low" disruption="low" strategy="restrict">- name: Gather the package facts
  package_facts:
    manager: auto
  tags:
  - CCE-85552-8
  - DISA-STIG-SLES-15-010580
  - NIST-800-53-AU-4(1)
  - NIST-800-53-AU-9(2)
  - NIST-800-53-CM-6(a)
  - low_complexity
  - low_disruption
  - medium_severity
  - no_reboot_needed
  - restrict_strategy
  - rsyslog_remote_loghost
- name: XCCDF Value rsyslog_remote_loghost_address # promote to variable
  set_fact:
    rsyslog_remote_loghost_address: !!str <xccdf-1.2:sub xmlns:xccdf-1.2="http://checklists.nist.gov/xccdf/1.2" idref="xccdf_org.ssgproject.content_value_rsyslog_remote_loghost_address" use="legacy"/>
  tags:
    - always

- name: Check for duplicate values in master configuration
  ansible.builtin.lineinfile:
    path: /etc/rsyslog.conf
    create: false
    regexp: ^\*\.\*\s+.*$
    state: absent
  changed_when: false
  register: dupes_master
  when: ("kernel-default" in ansible_facts.packages or "kernel-default-base" in ansible_facts.packages)
  tags:
  - CCE-85552-8
  - DISA-STIG-SLES-15-010580
  - NIST-800-53-AU-4(1)
  - NIST-800-53-AU-9(2)
  - NIST-800-53-CM-6(a)
  - low_complexity
  - low_disruption
  - medium_severity
  - no_reboot_needed
  - restrict_strategy
  - rsyslog_remote_loghost

- name: Collect all config rsyslog files which configure remote logger
  ansible.builtin.find:
    paths: /etc/rsyslog.d/
    contains: ^\*\.\*\s+.*$
    patterns: '*.conf'
  register: rsyslog_dropin_config_files
  when: ("kernel-default" in ansible_facts.packages or "kernel-default-base" in ansible_facts.packages)
  tags:
  - CCE-85552-8
  - DISA-STIG-SLES-15-010580
  - NIST-800-53-AU-4(1)
  - NIST-800-53-AU-9(2)
  - NIST-800-53-CM-6(a)
  - low_complexity
  - low_disruption
  - medium_severity
  - no_reboot_needed
  - restrict_strategy
  - rsyslog_remote_loghost

- name: Deduplicate values from rsyslog dropin configuration
  ansible.builtin.lineinfile:
    path: '{{ item.path }}'
    create: false
    regexp: ^\*\.\*\s+.*$
    state: absent
  loop: '{{  rsyslog_dropin_config_files.files }}'
  when: ("kernel-default" in ansible_facts.packages or "kernel-default-base" in ansible_facts.packages)
  tags:
  - CCE-85552-8
  - DISA-STIG-SLES-15-010580
  - NIST-800-53-AU-4(1)
  - NIST-800-53-AU-9(2)
  - NIST-800-53-CM-6(a)
  - low_complexity
  - low_disruption
  - medium_severity
  - no_reboot_needed
  - restrict_strategy
  - rsyslog_remote_loghost

- name: Set rsyslog remote loghost
  ansible.builtin.lineinfile:
    dest: /etc/rsyslog.d/remote.conf
    regexp: ^\*\.\*\s+.*$
    line: '*.* @@{{ rsyslog_remote_loghost_address }}'
    create: true
  when: ("kernel-default" in ansible_facts.packages or "kernel-default-base" in ansible_facts.packages)
  tags:
  - CCE-85552-8
  - DISA-STIG-SLES-15-010580
  - NIST-800-53-AU-4(1)
  - NIST-800-53-AU-9(2)
  - NIST-800-53-CM-6(a)
  - low_complexity
  - low_disruption
  - medium_severity
  - no_reboot_needed
  - restrict_strategy
  - rsyslog_remote_loghost
</fix>
          <check system="http://oval.mitre.org/XMLSchema/oval-definitions-5">
            <check-content-ref name="oval:ssg-rsyslog_remote_loghost:def:1" href="ssg-sle15-oval.xml"/>
          </check>
          <check system="http://scap.nist.gov/schema/ocil/2">
            <check-content-ref name="ocil:ssg-rsyslog_remote_loghost_ocil:questionnaire:1" href="ssg-sle15-ocil.xml"/>
          </check>
        </Rule>
        <Rule id="xccdf_org.ssgproject.content_rule_rsyslog_remote_tls" selected="false" role="full" severity="medium">
          <title xmlns:xhtml="http://www.w3.org/1999/xhtml" xml:lang="en-US">Configure TLS for rsyslog remote logging</title>
          <description xmlns:xhtml="http://www.w3.org/1999/xhtml" xml:lang="en-US">Configure <html:code xmlns:html="http://www.w3.org/1999/xhtml">rsyslog</html:code> to use Transport Layer
Security (TLS) support for logging to remote server
for the Forwarding Output Module in <html:code xmlns:html="http://www.w3.org/1999/xhtml">/etc/rsyslog.conf</html:code>
using action. You can use the following command:
<html:pre xmlns:html="http://www.w3.org/1999/xhtml">echo 'action(type="omfwd" protocol="tcp" Target="&lt;remote system&gt;" port="6514"
    StreamDriver="gtls" StreamDriverMode="1" StreamDriverAuthMode="x509/name" streamdriver.CheckExtendedKeyPurpose="on")' &gt;&gt; /etc/rsyslog.conf
</html:pre>
Replace the <html:code xmlns:html="http://www.w3.org/1999/xhtml">&lt;remote system&gt;</html:code> in the above command with an IP address or a host name of the remote logging server.</description>
          <reference href="http://nvlpubs.nist.gov/nistpubs/SpecialPublications/NIST.SP.800-53r4.pdf">AU-9(3)</reference>
          <reference href="http://nvlpubs.nist.gov/nistpubs/SpecialPublications/NIST.SP.800-53r4.pdf">CM-6(a)</reference>
          <reference href="https://www.cyber.mil/stigs/downloads/?_dl_facet_stigs=operating-systems%2Cgeneral-purpose-os">SRG-OS-000480-GPOS-00227</reference>
          <reference href="https://www.cyber.mil/stigs/downloads/?_dl_facet_stigs=operating-systems%2Cgeneral-purpose-os">SRG-OS-000120-GPOS-00061</reference>
          <reference href="https://cyber.gouv.fr/sites/default/files/document/linux_configuration-en-v2.pdf">R71</reference>
          <reference href="https://www.cyber.gov.au/acsc/view-all-content/ism">0988</reference>
          <reference href="https://www.cyber.gov.au/acsc/view-all-content/ism">1405</reference>
          <rationale xmlns:xhtml="http://www.w3.org/1999/xhtml" xml:lang="en-US">For protection of data being logged, the connection to the
remote logging server needs to be authenticated and encrypted.</rationale>
          <ident system="https://ncp.nist.gov/cce">CCE-91200-6</ident>
          <fix xmlns:xhtml="http://www.w3.org/1999/xhtml" id="rsyslog_remote_tls" system="urn:xccdf:fix:script:sh" complexity="low" disruption="low" strategy="configure"># Remediation is applicable only in certain platforms
if rpm --quiet -q kernel-default || rpm --quiet -q kernel-default-base; then

rsyslog_remote_loghost_address='<xccdf-1.2:sub xmlns:xccdf-1.2="http://checklists.nist.gov/xccdf/1.2" idref="xccdf_org.ssgproject.content_value_rsyslog_remote_loghost_address" use="legacy"/>'

params_to_add_if_missing=("protocol" "target" "port" "StreamDriver" "StreamDriverMode" "StreamDriverAuthMode" "streamdriver.CheckExtendedKeyPurpose")
values_to_add_if_missing=("tcp" "$rsyslog_remote_loghost_address" "6514" "gtls" "1" "x509/name" "on")
params_to_replace_if_wrong_value=("protocol" "StreamDriver" "StreamDriverMode" "StreamDriverAuthMode" "streamdriver.CheckExtendedKeyPurpose")
values_to_replace_if_wrong_value=("tcp" "gtls" "1" "x509/name" "on")

files_containing_omfwd=("$(grep -ilE '^[^#]*\s*action\s*\(\s*type\s*=\s*"omfwd".*' /etc/rsyslog.conf /etc/rsyslog.d/*.conf)")
if [ -n "${files_containing_omfwd[*]}" ]; then
    for file in "${files_containing_omfwd[@]}"; do
        for ((i=0; i&lt;${#params_to_replace_if_wrong_value[@]}; i++)); do
            sed -i -E -e 'H;$!d;x;s/^\n//' -e "s|(\s*action\s*\(\s*type\s*=\s*[\"]omfwd[\"].*?)${params_to_replace_if_wrong_value[$i]}\s*=\s*[\"]\S*[\"](.*\))|\1${params_to_replace_if_wrong_value[$i]}=\"${values_to_replace_if_wrong_value[$i]}\"\2|gI" "$file"
        done
        for ((i=0; i&lt;${#params_to_add_if_missing[@]}; i++)); do
            if ! grep -qPzi "(?s)\s*action\s*\(\s*type\s*=\s*[\"]omfwd[\"].*?${params_to_add_if_missing[$i]}.*?\).*" "$file"; then
                sed -i -E -e 'H;$!d;x;s/^\n//' -e "s|(\s*action\s*\(\s*type\s*=\s*[\"]omfwd[\"])|\1\n${params_to_add_if_missing[$i]}=\"${values_to_add_if_missing[$i]}\"|gI" "$file"
            fi
        done
    done
else
    echo "action(type=\"omfwd\" protocol=\"tcp\" Target=\"$rsyslog_remote_loghost_address\" port=\"6514\" StreamDriver=\"gtls\" StreamDriverMode=\"1\" StreamDriverAuthMode=\"x509/name\" streamdriver.CheckExtendedKeyPurpose=\"on\")"  &gt;&gt; /etc/rsyslog.conf
fi

else
    &gt;&amp;2 echo 'Remediation is not applicable, nothing was done'
fi
</fix>
          <fix xmlns:xhtml="http://www.w3.org/1999/xhtml" id="rsyslog_remote_tls" system="urn:xccdf:fix:script:ansible" complexity="low" disruption="low" strategy="configure">- name: Gather the package facts
  package_facts:
    manager: auto
  tags:
  - CCE-91200-6
  - NIST-800-53-AU-9(3)
  - NIST-800-53-CM-6(a)
  - configure_strategy
  - low_complexity
  - low_disruption
  - medium_severity
  - no_reboot_needed
  - rsyslog_remote_tls
- name: XCCDF Value rsyslog_remote_loghost_address # promote to variable
  set_fact:
    rsyslog_remote_loghost_address: !!str <xccdf-1.2:sub xmlns:xccdf-1.2="http://checklists.nist.gov/xccdf/1.2" idref="xccdf_org.ssgproject.content_value_rsyslog_remote_loghost_address" use="legacy"/>
  tags:
    - always

- name: 'Configure TLS for rsyslog remote logging: search for omfwd action directive
    in rsyslog include files'
  ansible.builtin.find:
    paths: /etc/rsyslog.d/
    pattern: '*.conf'
    contains: ^\s*action\s*\(\s*type\s*=\s*"omfwd".*
  register: rsyslog_includes_with_directive
  when: ("kernel-default" in ansible_facts.packages or "kernel-default-base" in ansible_facts.packages)
  tags:
  - CCE-91200-6
  - NIST-800-53-AU-9(3)
  - NIST-800-53-CM-6(a)
  - configure_strategy
  - low_complexity
  - low_disruption
  - medium_severity
  - no_reboot_needed
  - rsyslog_remote_tls

- name: 'Configure TLS for rsyslog remote logging: search for omfwd action directive
    in rsyslog main config file'
  ansible.builtin.find:
    paths: /etc
    pattern: rsyslog.conf
    contains: ^\s*action\s*\(\s*type\s*=\s*"omfwd".*
  register: rsyslog_main_file_with_directive
  when: ("kernel-default" in ansible_facts.packages or "kernel-default-base" in ansible_facts.packages)
  tags:
  - CCE-91200-6
  - NIST-800-53-AU-9(3)
  - NIST-800-53-CM-6(a)
  - configure_strategy
  - low_complexity
  - low_disruption
  - medium_severity
  - no_reboot_needed
  - rsyslog_remote_tls

- name: 'Configure TLS for rsyslog remote logging: declare Rsyslog option parameters
    to be inserted if entirely missing'
  ansible.builtin.set_fact:
    rsyslog_parameters_to_add_if_missing:
    - protocol
    - target
    - port
    - StreamDriver
    - StreamDriverMode
    - StreamDriverAuthMode
    - streamdriver.CheckExtendedKeyPurpose
  when: ("kernel-default" in ansible_facts.packages or "kernel-default-base" in ansible_facts.packages)
  tags:
  - CCE-91200-6
  - NIST-800-53-AU-9(3)
  - NIST-800-53-CM-6(a)
  - configure_strategy
  - low_complexity
  - low_disruption
  - medium_severity
  - no_reboot_needed
  - rsyslog_remote_tls

- name: 'Configure TLS for rsyslog remote logging: declare Rsyslog option values to
    be inserted if entirely missing'
  ansible.builtin.set_fact:
    rsyslog_values_to_add_if_missing:
    - tcp
    - '{{ rsyslog_remote_loghost_address }}'
    - '6514'
    - gtls
    - '1'
    - x509/name
    - 'on'
  when: ("kernel-default" in ansible_facts.packages or "kernel-default-base" in ansible_facts.packages)
  tags:
  - CCE-91200-6
  - NIST-800-53-AU-9(3)
  - NIST-800-53-CM-6(a)
  - configure_strategy
  - low_complexity
  - low_disruption
  - medium_severity
  - no_reboot_needed
  - rsyslog_remote_tls

- name: 'Configure TLS for rsyslog remote logging: declare Rsyslog option parameters
    to be replaced if defined with wrong values'
  ansible.builtin.set_fact:
    rsyslog_parameters_to_replace_if_wrong_value:
    - protocol
    - StreamDriver
    - StreamDriverMode
    - StreamDriverAuthMode
    - streamdriver.CheckExtendedKeyPurpose
  when: ("kernel-default" in ansible_facts.packages or "kernel-default-base" in ansible_facts.packages)
  tags:
  - CCE-91200-6
  - NIST-800-53-AU-9(3)
  - NIST-800-53-CM-6(a)
  - configure_strategy
  - low_complexity
  - low_disruption
  - medium_severity
  - no_reboot_needed
  - rsyslog_remote_tls

- name: 'Configure TLS for rsyslog remote logging: declare Rsyslog option values to
    be replaced when having wrong value'
  ansible.builtin.set_fact:
    rsyslog_values_to_replace_if_wrong_value:
    - tcp
    - gtls
    - '1'
    - x509/name
    - 'on'
  when: ("kernel-default" in ansible_facts.packages or "kernel-default-base" in ansible_facts.packages)
  tags:
  - CCE-91200-6
  - NIST-800-53-AU-9(3)
  - NIST-800-53-CM-6(a)
  - configure_strategy
  - low_complexity
  - low_disruption
  - medium_severity
  - no_reboot_needed
  - rsyslog_remote_tls

- name: 'Configure TLS for rsyslog remote logging: assemble list of files with existing
    directives'
  ansible.builtin.set_fact:
    rsyslog_files: '{{ rsyslog_includes_with_directive.files | map(attribute=''path'')
      | list + rsyslog_main_file_with_directive.files | map(attribute=''path'') |
      list }}'
  when: ("kernel-default" in ansible_facts.packages or "kernel-default-base" in ansible_facts.packages)
  tags:
  - CCE-91200-6
  - NIST-800-53-AU-9(3)
  - NIST-800-53-CM-6(a)
  - configure_strategy
  - low_complexity
  - low_disruption
  - medium_severity
  - no_reboot_needed
  - rsyslog_remote_tls

- name: 'Configure TLS for rsyslog remote logging: try to fix existing directives'
  block:

  - name: 'Configure TLS for rsyslog remote logging: Fix existing omfwd directives
      by adjusting the value'
    ansible.builtin.replace:
      path: '{{ item[0] }}'
      regexp: (?i)^(\s*action\s*\(\s*type\s*=\s*"omfwd"[\s\S]*)({{ item[1][0] | regex_escape()
        }}\s*=\s*"\S*")([\s\S]*\))$
      replace: \1{{ item[1][0] }}="{{ item[1][1] }}"\3
    loop: '{{ rsyslog_files | product (rsyslog_parameters_to_replace_if_wrong_value
      | zip(rsyslog_values_to_replace_if_wrong_value)) | list }}'

  - name: 'Configure TLS for rsyslog remote logging: Fix existing omfwd directives
      by adding parameter and value'
    ansible.builtin.replace:
      path: '{{ item[0] }}'
      regexp: (?i)^(\s*action\s*\(\s*type\s*=\s*"omfwd"(?:[\s\S](?!{{ item[1][0] |
        regex_escape() }}))*.)(\))$
      replace: \1 {{ item[1][0] }}="{{ item[1][1] }}" \2
    loop: '{{ rsyslog_files | product (rsyslog_parameters_to_add_if_missing | zip(rsyslog_values_to_add_if_missing))
      | list }}'
  when:
  - ("kernel-default" in ansible_facts.packages or "kernel-default-base" in ansible_facts.packages)
  - rsyslog_includes_with_directive.matched or rsyslog_main_file_with_directive.matched
  tags:
  - CCE-91200-6
  - NIST-800-53-AU-9(3)
  - NIST-800-53-CM-6(a)
  - configure_strategy
  - low_complexity
  - low_disruption
  - medium_severity
  - no_reboot_needed
  - rsyslog_remote_tls

- name: 'Configure TLS for rsyslog remote logging: Add missing rsyslog directive'
  ansible.builtin.lineinfile:
    dest: /etc/rsyslog.conf
    line: action(type="omfwd" protocol="tcp" Target="{{ rsyslog_remote_loghost_address
      }}" port="6514" StreamDriver="gtls" StreamDriverMode="1" StreamDriverAuthMode="x509/name"
      streamdriver.CheckExtendedKeyPurpose="on")
    create: true
  when:
  - ("kernel-default" in ansible_facts.packages or "kernel-default-base" in ansible_facts.packages)
  - not rsyslog_includes_with_directive.matched and not rsyslog_main_file_with_directive.matched
  tags:
  - CCE-91200-6
  - NIST-800-53-AU-9(3)
  - NIST-800-53-CM-6(a)
  - configure_strategy
  - low_complexity
  - low_disruption
  - medium_severity
  - no_reboot_needed
  - rsyslog_remote_tls
</fix>
          <check system="http://oval.mitre.org/XMLSchema/oval-definitions-5">
            <check-content-ref name="oval:ssg-rsyslog_remote_tls:def:1" href="ssg-sle15-oval.xml"/>
          </check>
          <check system="http://scap.nist.gov/schema/ocil/2">
            <check-content-ref name="ocil:ssg-rsyslog_remote_tls_ocil:questionnaire:1" href="ssg-sle15-ocil.xml"/>
          </check>
        </Rule>
        <Rule id="xccdf_org.ssgproject.content_rule_rsyslog_remote_tls_cacert" selected="false" role="full" severity="medium">
          <title xmlns:xhtml="http://www.w3.org/1999/xhtml" xml:lang="en-US">Configure CA certificate for rsyslog remote logging</title>
          <description xmlns:xhtml="http://www.w3.org/1999/xhtml" xml:lang="en-US">Configure CA certificate for <html:code xmlns:html="http://www.w3.org/1999/xhtml">rsyslog</html:code> logging
to remote server using Transport Layer Security (TLS)
using correct path for the <html:code xmlns:html="http://www.w3.org/1999/xhtml">DefaultNetstreamDriverCAFile</html:code>
global option in <html:code xmlns:html="http://www.w3.org/1999/xhtml">/etc/rsyslog.conf</html:code>, for example with the following command:
<html:pre xmlns:html="http://www.w3.org/1999/xhtml">echo 'global(DefaultNetstreamDriverCAFile="/etc/pki/tls/cert.pem")' &gt;&gt; /etc/rsyslog.conf</html:pre>
Replace the <html:code xmlns:html="http://www.w3.org/1999/xhtml">/etc/pki/tls/cert.pem</html:code> in the above command with the path to the file with CA certificate generated for the purpose of remote logging.</description>
          <warning xmlns:xhtml="http://www.w3.org/1999/xhtml" xml:lang="en-US" category="general">Automatic remediation is not available as each organization has unique requirements. </warning>
          <reference href="https://www.cyber.mil/stigs/downloads/?_dl_facet_stigs=operating-systems%2Cgeneral-purpose-os">SRG-OS-000480-GPOS-00227</reference>
          <reference href="https://cyber.gouv.fr/sites/default/files/document/linux_configuration-en-v2.pdf">R71</reference>
          <reference href="https://www.cyber.gov.au/acsc/view-all-content/ism">0988</reference>
          <reference href="https://www.cyber.gov.au/acsc/view-all-content/ism">1405</reference>
          <rationale xmlns:xhtml="http://www.w3.org/1999/xhtml" xml:lang="en-US">The CA certificate needs to be set or <html:code xmlns:html="http://www.w3.org/1999/xhtml">rsyslog.service</html:code>
fails to start with
<html:pre xmlns:html="http://www.w3.org/1999/xhtml">error: ca certificate is not set, cannot continue</html:pre>
       </rationale>
          <ident system="https://ncp.nist.gov/cce">CCE-91201-4</ident>
          <check system="http://oval.mitre.org/XMLSchema/oval-definitions-5">
            <check-content-ref name="oval:ssg-rsyslog_remote_tls_cacert:def:1" href="ssg-sle15-oval.xml"/>
          </check>
          <check system="http://scap.nist.gov/schema/ocil/2">
            <check-content-ref name="ocil:ssg-rsyslog_remote_tls_cacert_ocil:questionnaire:1" href="ssg-sle15-ocil.xml"/>
          </check>
        </Rule>
      </Group>
    </Group>
    <Group id="xccdf_org.ssgproject.content_group_network">
      <title xmlns:xhtml="http://www.w3.org/1999/xhtml" xml:lang="en-US">Network Configuration and Firewalls</title>
      <description xmlns:xhtml="http://www.w3.org/1999/xhtml" xml:lang="en-US">Most systems must be connected to a network of some
sort, and this brings with it the substantial risk of network
attack. This section discusses the security impact of decisions
about networking which must be made when configuring a system.
<html:br xmlns:html="http://www.w3.org/1999/xhtml"/>
      <html:br xmlns:html="http://www.w3.org/1999/xhtml"/>
This section also discusses firewalls, network access
controls, and other network security frameworks, which allow
system-level rules to be written that can limit an attackers' ability
to connect to your system. These rules can specify that network
traffic should be allowed or denied from certain IP addresses,
hosts, and networks. The rules can also specify which of the
system's network services are available to particular hosts or
networks.</description>
      <Value id="xccdf_org.ssgproject.content_value_var_network_filtering_service" type="string" interactive="true">
        <title xmlns:xhtml="http://www.w3.org/1999/xhtml" xml:lang="en-US">Network filtering service</title>
        <description xmlns:xhtml="http://www.w3.org/1999/xhtml" xml:lang="en-US">Network filtering service: iptables, nftables, firewalld or ufw</description>
        <value selector="iptables">iptables</value>
        <value selector="nftables">nftables</value>
        <value selector="firewalld">firewalld</value>
        <value selector="ufw">ufw</value>
        <value>firewalld</value>
      </Value>
      <Rule id="xccdf_org.ssgproject.content_rule_network_sniffer_disabled" selected="false" role="full" severity="medium">
        <title xmlns:xhtml="http://www.w3.org/1999/xhtml" xml:lang="en-US">Ensure System is Not Acting as a Network Sniffer</title>
        <description xmlns:xhtml="http://www.w3.org/1999/xhtml" xml:lang="en-US">The system should not be acting as a network sniffer, which can
capture all traffic on the network to which it is connected. Run the following
to determine if any interface is running in promiscuous mode:
<html:pre xmlns:html="http://www.w3.org/1999/xhtml">$ ip link | grep PROMISC</html:pre>
Promiscuous mode of an interface can be disabled with the following command:
<html:pre xmlns:html="http://www.w3.org/1999/xhtml">$ sudo ip link set dev <html:code>device_name</html:code> multicast off promisc off</html:pre>
      </description>
        <reference href="https://www.cisecurity.org/controls/">1</reference>
        <reference href="https://www.cisecurity.org/controls/">11</reference>
        <reference href="https://www.cisecurity.org/controls/">14</reference>
        <reference href="https://www.cisecurity.org/controls/">3</reference>
        <reference href="https://www.cisecurity.org/controls/">9</reference>
        <reference href="https://www.isaca.org/resources/cobit">APO11.06</reference>
        <reference href="https://www.isaca.org/resources/cobit">APO12.06</reference>
        <reference href="https://www.isaca.org/resources/cobit">BAI03.10</reference>
        <reference href="https://www.isaca.org/resources/cobit">BAI09.01</reference>
        <reference href="https://www.isaca.org/resources/cobit">BAI09.02</reference>
        <reference href="https://www.isaca.org/resources/cobit">BAI09.03</reference>
        <reference href="https://www.isaca.org/resources/cobit">BAI10.01</reference>
        <reference href="https://www.isaca.org/resources/cobit">BAI10.02</reference>
        <reference href="https://www.isaca.org/resources/cobit">BAI10.03</reference>
        <reference href="https://www.isaca.org/resources/cobit">BAI10.05</reference>
        <reference href="https://www.isaca.org/resources/cobit">DSS01.05</reference>
        <reference href="https://www.isaca.org/resources/cobit">DSS04.05</reference>
        <reference href="https://www.isaca.org/resources/cobit">DSS05.02</reference>
        <reference href="https://www.isaca.org/resources/cobit">DSS05.05</reference>
        <reference href="https://www.isaca.org/resources/cobit">DSS06.06</reference>
        <reference href="https://www.isa.org/products/isa-62443-2-1-2009-security-for-industrial-automat">4.2.3.4</reference>
        <reference href="https://www.isa.org/products/isa-62443-2-1-2009-security-for-industrial-automat">4.3.3.3.7</reference>
        <reference href="https://www.isa.org/products/isa-62443-2-1-2009-security-for-industrial-automat">4.3.3.5.1</reference>
        <reference href="https://www.isa.org/products/isa-62443-2-1-2009-security-for-industrial-automat">4.3.3.5.2</reference>
        <reference href="https://www.isa.org/products/isa-62443-2-1-2009-security-for-industrial-automat">4.3.3.5.3</reference>
        <reference href="https://www.isa.org/products/isa-62443-2-1-2009-security-for-industrial-automat">4.3.3.5.4</reference>
        <reference href="https://www.isa.org/products/isa-62443-2-1-2009-security-for-industrial-automat">4.3.3.5.5</reference>
        <reference href="https://www.isa.org/products/isa-62443-2-1-2009-security-for-industrial-automat">4.3.3.5.6</reference>
        <reference href="https://www.isa.org/products/isa-62443-2-1-2009-security-for-industrial-automat">4.3.3.5.7</reference>
        <reference href="https://www.isa.org/products/isa-62443-2-1-2009-security-for-industrial-automat">4.3.3.5.8</reference>
        <reference href="https://www.isa.org/products/isa-62443-2-1-2009-security-for-industrial-automat">4.3.3.6.1</reference>
        <reference href="https://www.isa.org/products/isa-62443-2-1-2009-security-for-industrial-automat">4.3.3.6.2</reference>
        <reference href="https://www.isa.org/products/isa-62443-2-1-2009-security-for-industrial-automat">4.3.3.6.3</reference>
        <reference href="https://www.isa.org/products/isa-62443-2-1-2009-security-for-industrial-automat">4.3.3.6.4</reference>
        <reference href="https://www.isa.org/products/isa-62443-2-1-2009-security-for-industrial-automat">4.3.3.6.5</reference>
        <reference href="https://www.isa.org/products/isa-62443-2-1-2009-security-for-industrial-automat">4.3.3.6.6</reference>
        <reference href="https://www.isa.org/products/isa-62443-2-1-2009-security-for-industrial-automat">4.3.3.6.7</reference>
        <reference href="https://www.isa.org/products/isa-62443-2-1-2009-security-for-industrial-automat">4.3.3.6.8</reference>
        <reference href="https://www.isa.org/products/isa-62443-2-1-2009-security-for-industrial-automat">4.3.3.6.9</reference>
        <reference href="https://www.isa.org/products/isa-62443-2-1-2009-security-for-industrial-automat">4.3.3.7.1</reference>
        <reference href="https://www.isa.org/products/isa-62443-2-1-2009-security-for-industrial-automat">4.3.3.7.2</reference>
        <reference href="https://www.isa.org/products/isa-62443-2-1-2009-security-for-industrial-automat">4.3.3.7.3</reference>
        <reference href="https://www.isa.org/products/isa-62443-2-1-2009-security-for-industrial-automat">4.3.3.7.4</reference>
        <reference href="https://www.isa.org/products/isa-62443-2-1-2009-security-for-industrial-automat">4.3.4.3.2</reference>
        <reference href="https://www.isa.org/products/isa-62443-2-1-2009-security-for-industrial-automat">4.3.4.3.3</reference>
        <reference href="https://www.isa.org/products/isa-62443-2-1-2009-security-for-industrial-automat">4.4.3.4</reference>
        <reference href="https://www.isa.org/products/ansi-isa-62443-3-3-99-03-03-2013-security-for-indu">SR 1.1</reference>
        <reference href="https://www.isa.org/products/ansi-isa-62443-3-3-99-03-03-2013-security-for-indu">SR 1.10</reference>
        <reference href="https://www.isa.org/products/ansi-isa-62443-3-3-99-03-03-2013-security-for-indu">SR 1.11</reference>
        <reference href="https://www.isa.org/products/ansi-isa-62443-3-3-99-03-03-2013-security-for-indu">SR 1.12</reference>
        <reference href="https://www.isa.org/products/ansi-isa-62443-3-3-99-03-03-2013-security-for-indu">SR 1.13</reference>
        <reference href="https://www.isa.org/products/ansi-isa-62443-3-3-99-03-03-2013-security-for-indu">SR 1.2</reference>
        <reference href="https://www.isa.org/products/ansi-isa-62443-3-3-99-03-03-2013-security-for-indu">SR 1.3</reference>
        <reference href="https://www.isa.org/products/ansi-isa-62443-3-3-99-03-03-2013-security-for-indu">SR 1.4</reference>
        <reference href="https://www.isa.org/products/ansi-isa-62443-3-3-99-03-03-2013-security-for-indu">SR 1.5</reference>
        <reference href="https://www.isa.org/products/ansi-isa-62443-3-3-99-03-03-2013-security-for-indu">SR 1.6</reference>
        <reference href="https://www.isa.org/products/ansi-isa-62443-3-3-99-03-03-2013-security-for-indu">SR 1.7</reference>
        <reference href="https://www.isa.org/products/ansi-isa-62443-3-3-99-03-03-2013-security-for-indu">SR 1.8</reference>
        <reference href="https://www.isa.org/products/ansi-isa-62443-3-3-99-03-03-2013-security-for-indu">SR 1.9</reference>
        <reference href="https://www.isa.org/products/ansi-isa-62443-3-3-99-03-03-2013-security-for-indu">SR 2.1</reference>
        <reference href="https://www.isa.org/products/ansi-isa-62443-3-3-99-03-03-2013-security-for-indu">SR 2.2</reference>
        <reference href="https://www.isa.org/products/ansi-isa-62443-3-3-99-03-03-2013-security-for-indu">SR 2.3</reference>
        <reference href="https://www.isa.org/products/ansi-isa-62443-3-3-99-03-03-2013-security-for-indu">SR 2.4</reference>
        <reference href="https://www.isa.org/products/ansi-isa-62443-3-3-99-03-03-2013-security-for-indu">SR 2.5</reference>
        <reference href="https://www.isa.org/products/ansi-isa-62443-3-3-99-03-03-2013-security-for-indu">SR 2.6</reference>
        <reference href="https://www.isa.org/products/ansi-isa-62443-3-3-99-03-03-2013-security-for-indu">SR 2.7</reference>
        <reference href="https://www.isa.org/products/ansi-isa-62443-3-3-99-03-03-2013-security-for-indu">SR 7.6</reference>
        <reference href="https://www.isa.org/products/ansi-isa-62443-3-3-99-03-03-2013-security-for-indu">SR 7.8</reference>
        <reference href="https://www.iso.org/contents/data/standard/05/45/54534.html">A.11.1.2</reference>
        <reference href="https://www.iso.org/contents/data/standard/05/45/54534.html">A.11.2.4</reference>
        <reference href="https://www.iso.org/contents/data/standard/05/45/54534.html">A.11.2.5</reference>
        <reference href="https://www.iso.org/contents/data/standard/05/45/54534.html">A.11.2.6</reference>
        <reference href="https://www.iso.org/contents/data/standard/05/45/54534.html">A.12.1.2</reference>
        <reference href="https://www.iso.org/contents/data/standard/05/45/54534.html">A.12.5.1</reference>
        <reference href="https://www.iso.org/contents/data/standard/05/45/54534.html">A.12.6.2</reference>
        <reference href="https://www.iso.org/contents/data/standard/05/45/54534.html">A.14.2.2</reference>
        <reference href="https://www.iso.org/contents/data/standard/05/45/54534.html">A.14.2.3</reference>
        <reference href="https://www.iso.org/contents/data/standard/05/45/54534.html">A.14.2.4</reference>
        <reference href="https://www.iso.org/contents/data/standard/05/45/54534.html">A.16.1.6</reference>
        <reference href="https://www.iso.org/contents/data/standard/05/45/54534.html">A.8.1.1</reference>
        <reference href="https://www.iso.org/contents/data/standard/05/45/54534.html">A.8.1.2</reference>
        <reference href="https://www.iso.org/contents/data/standard/05/45/54534.html">A.9.1.2</reference>
        <reference href="http://nvlpubs.nist.gov/nistpubs/SpecialPublications/NIST.SP.800-53r4.pdf">CM-7(a)</reference>
        <reference href="http://nvlpubs.nist.gov/nistpubs/SpecialPublications/NIST.SP.800-53r4.pdf">CM-7(b)</reference>
        <reference href="http://nvlpubs.nist.gov/nistpubs/SpecialPublications/NIST.SP.800-53r4.pdf">CM-6(a)</reference>
        <reference href="http://nvlpubs.nist.gov/nistpubs/SpecialPublications/NIST.SP.800-53r4.pdf">CM-7(2)</reference>
        <reference href="http://nvlpubs.nist.gov/nistpubs/SpecialPublications/NIST.SP.800-53r4.pdf">MA-3</reference>
        <reference href="https://nvlpubs.nist.gov/nistpubs/CSWP/NIST.CSWP.04162018.pdf">DE.DP-5</reference>
        <reference href="https://nvlpubs.nist.gov/nistpubs/CSWP/NIST.CSWP.04162018.pdf">ID.AM-1</reference>
        <reference href="https://nvlpubs.nist.gov/nistpubs/CSWP/NIST.CSWP.04162018.pdf">PR.IP-1</reference>
        <reference href="https://nvlpubs.nist.gov/nistpubs/CSWP/NIST.CSWP.04162018.pdf">PR.MA-1</reference>
        <reference href="https://nvlpubs.nist.gov/nistpubs/CSWP/NIST.CSWP.04162018.pdf">PR.PT-3</reference>
        <reference href="https://www.cyber.mil/stigs/downloads/?_dl_facet_stigs=operating-systems%2Cgeneral-purpose-os">SRG-OS-000480-GPOS-00227</reference>
        <reference href="https://www.cyber.mil/stigs/downloads/?_dl_facet_stigs=operating-systems%2Cunix-linux">SLES-15-040390</reference>
        <reference href="https://www.cyber.gov.au/acsc/view-all-content/ism">1409</reference>
        <reference href="https://docs-prv.pcisecuritystandards.org/PCI%20DSS/Standard/PCI-DSS-v4_0.pdf">1.4.5</reference>
        <reference href="https://docs-prv.pcisecuritystandards.org/PCI%20DSS/Standard/PCI-DSS-v4_0.pdf">1.4</reference>
        <reference href="https://www.cyber.mil/stigs/srg-stig-tools/">SV-235027r991589_rule</reference>
        <rationale xmlns:xhtml="http://www.w3.org/1999/xhtml" xml:lang="en-US">Network interfaces in promiscuous mode allow for the capture of all network traffic
visible to the system. If unauthorized individuals can access these applications, it
may allow them to collect information such as logon IDs, passwords, and key exchanges
between systems.
<html:br xmlns:html="http://www.w3.org/1999/xhtml"/>
       <html:br xmlns:html="http://www.w3.org/1999/xhtml"/>
If the system is being used to perform a network troubleshooting function, the use of these
tools must be documented with the Information Systems Security Manager (ISSM) and restricted
to only authorized personnel.</rationale>
        <platform idref="#machine"/>
        <ident system="https://ncp.nist.gov/cce">CCE-85656-7</ident>
        <fix xmlns:xhtml="http://www.w3.org/1999/xhtml" id="network_sniffer_disabled" system="urn:xccdf:fix:script:sh" complexity="low" disruption="low" strategy="restrict"># Remediation is applicable only in certain platforms
if [ ! -f /.dockerenv ] &amp;&amp; [ ! -f /run/.containerenv ]; then

for interface in $(ip -o link show | cut -d ":" -f 2); do
    ip link set dev $interface multicast off promisc off
done

else
    &gt;&amp;2 echo 'Remediation is not applicable, nothing was done'
fi
</fix>
        <fix xmlns:xhtml="http://www.w3.org/1999/xhtml" id="network_sniffer_disabled" system="urn:xccdf:fix:script:ansible" complexity="low" disruption="low" strategy="restrict">- name: Ensure System is Not Acting as a Network Sniffer - Gather network interfaces
  ansible.builtin.command:
    cmd: ip -o link show
  register: network_interfaces
  when: ansible_virtualization_type not in ["docker", "lxc", "openvz", "podman", "container"]
  tags:
  - CCE-85656-7
  - DISA-STIG-SLES-15-040390
  - NIST-800-53-CM-6(a)
  - NIST-800-53-CM-7(2)
  - NIST-800-53-CM-7(a)
  - NIST-800-53-CM-7(b)
  - NIST-800-53-MA-3
  - PCI-DSSv4-1.4
  - PCI-DSSv4-1.4.5
  - low_complexity
  - low_disruption
  - medium_severity
  - network_sniffer_disabled
  - no_reboot_needed
  - restrict_strategy

- name: Ensure System is Not Acting as a Network Sniffer - Disable promiscuous mode
  ansible.builtin.command:
    cmd: ip link set dev {{ (item.split(':')[1] | trim).split('@')[0] }} multicast
      off promisc off
  loop: '{{ network_interfaces.stdout_lines }}'
  when:
  - ansible_virtualization_type not in ["docker", "lxc", "openvz", "podman", "container"]
  - network_interfaces.stdout_lines is defined and item.split(':') | length &gt;= 3
  tags:
  - CCE-85656-7
  - DISA-STIG-SLES-15-040390
  - NIST-800-53-CM-6(a)
  - NIST-800-53-CM-7(2)
  - NIST-800-53-CM-7(a)
  - NIST-800-53-CM-7(b)
  - NIST-800-53-MA-3
  - PCI-DSSv4-1.4
  - PCI-DSSv4-1.4.5
  - low_complexity
  - low_disruption
  - medium_severity
  - network_sniffer_disabled
  - no_reboot_needed
  - restrict_strategy
</fix>
        <check system="http://oval.mitre.org/XMLSchema/oval-definitions-5">
          <check-content-ref name="oval:ssg-network_sniffer_disabled:def:1" href="ssg-sle15-oval.xml"/>
        </check>
        <check system="http://scap.nist.gov/schema/ocil/2">
          <check-content-ref name="ocil:ssg-network_sniffer_disabled_ocil:questionnaire:1" href="ssg-sle15-ocil.xml"/>
        </check>
      </Rule>
      <Group id="xccdf_org.ssgproject.content_group_network-firewalld">
        <title xmlns:xhtml="http://www.w3.org/1999/xhtml" xml:lang="en-US">firewalld</title>
        <description xmlns:xhtml="http://www.w3.org/1999/xhtml" xml:lang="en-US">The dynamic firewall daemon <html:code xmlns:html="http://www.w3.org/1999/xhtml">firewalld</html:code> provides a
dynamically managed firewall with support for network “zones” to assign
a level of trust to a network and its associated connections and interfaces.
It has support for IPv4 and IPv6 firewall settings. It supports Ethernet
bridges and has a separation of runtime and permanent configuration options.
It also has an interface for services or applications to add firewall rules
directly.
<html:br xmlns:html="http://www.w3.org/1999/xhtml"/>
A graphical configuration tool, <html:code xmlns:html="http://www.w3.org/1999/xhtml">firewall-config</html:code>, is used to configure
<html:code xmlns:html="http://www.w3.org/1999/xhtml">firewalld</html:code>, which in turn uses <html:code xmlns:html="http://www.w3.org/1999/xhtml">iptables</html:code> tool to communicate
with <html:code xmlns:html="http://www.w3.org/1999/xhtml">Netfilter</html:code> in the kernel which implements packet filtering.
<html:br xmlns:html="http://www.w3.org/1999/xhtml"/>
The firewall service provided by <html:code xmlns:html="http://www.w3.org/1999/xhtml">firewalld</html:code> is dynamic rather than
static because changes to the configuration can be made at anytime and are
immediately implemented. There is no need to save or apply the changes. No
unintended disruption of existing network connections occurs as no part of
the firewall has to be reloaded.</description>
        <platform idref="#system_with_kernel"/>
        <Rule id="xccdf_org.ssgproject.content_rule_firewalld-backend" selected="false" role="full" severity="medium">
          <title xmlns:xhtml="http://www.w3.org/1999/xhtml" xml:lang="en-US">Configure Firewalld to Use the Nftables Backend</title>
          <description xmlns:xhtml="http://www.w3.org/1999/xhtml" xml:lang="en-US">Firewalld can be configured with many backends, such as nftables.</description>
          <reference href="http://nvlpubs.nist.gov/nistpubs/SpecialPublications/NIST.SP.800-53r4.pdf">SC-5</reference>
          <reference href="https://www.cyber.mil/stigs/downloads/?_dl_facet_stigs=operating-systems%2Cgeneral-purpose-os">SRG-OS-000420-GPOS-00186</reference>
          <reference href="https://www.cisecurity.org/benchmark/suse_linux/">3.5.2.1</reference>
          <rationale xmlns:xhtml="http://www.w3.org/1999/xhtml" xml:lang="en-US">Nftables is modern kernel module for controlling network connections coming into a system.
Utilizing the limit statement in "nftables" can help to mitigate DoS attacks.</rationale>
          <platform idref="#package_firewalld"/>
          <ident system="https://ncp.nist.gov/cce">CCE-92470-4</ident>
          <fix xmlns:xhtml="http://www.w3.org/1999/xhtml" id="firewalld-backend" system="urn:xccdf:fix:script:sh" complexity="low" disruption="low" strategy="restrict"># Remediation is applicable only in certain platforms
if rpm --quiet -q kernel-default || rpm --quiet -q kernel-default-base &amp;&amp; { rpm --quiet -q firewalld; }; then

if [ -e "/etc/firewalld/firewalld.conf" ] ; then
    
    LC_ALL=C sed -i "/^\s*FirewallBackend\s*=\s*/d" "/etc/firewalld/firewalld.conf"
else
    touch "/etc/firewalld/firewalld.conf"
fi
# make sure file has newline at the end
sed -i -e '$a\' "/etc/firewalld/firewalld.conf"

cp "/etc/firewalld/firewalld.conf" "/etc/firewalld/firewalld.conf.bak"
# Insert before the line matching the regex '^#\s*FirewallBackend'.
line_number="$(LC_ALL=C grep -n "^#\s*FirewallBackend" "/etc/firewalld/firewalld.conf.bak" | LC_ALL=C sed 's/:.*//g')"
if [ -z "$line_number" ]; then
    # There was no match of '^#\s*FirewallBackend', insert at
    # the end of the file.
    printf '%s\n' "FirewallBackend=nftables" &gt;&gt; "/etc/firewalld/firewalld.conf"
else
    head -n "$(( line_number - 1 ))" "/etc/firewalld/firewalld.conf.bak" &gt; "/etc/firewalld/firewalld.conf"
    printf '%s\n' "FirewallBackend=nftables" &gt;&gt; "/etc/firewalld/firewalld.conf"
    tail -n "+$(( line_number ))" "/etc/firewalld/firewalld.conf.bak" &gt;&gt; "/etc/firewalld/firewalld.conf"
fi
# Clean up after ourselves.
rm "/etc/firewalld/firewalld.conf.bak"

else
    &gt;&amp;2 echo 'Remediation is not applicable, nothing was done'
fi
</fix>
          <fix xmlns:xhtml="http://www.w3.org/1999/xhtml" id="firewalld-backend" system="urn:xccdf:fix:script:ansible" complexity="low" disruption="low" strategy="restrict">- name: Gather the package facts
  package_facts:
    manager: auto
  tags:
  - CCE-92470-4
  - NIST-800-53-SC-5
  - firewalld-backend
  - low_complexity
  - low_disruption
  - medium_severity
  - no_reboot_needed
  - restrict_strategy

- name: Setting unquoted shell-style assignment of 'FirewallBackend' to 'nftables'
    in '/etc/firewalld/firewalld.conf'
  block:

  - name: Check for duplicate values
    ansible.builtin.lineinfile:
      path: /etc/firewalld/firewalld.conf
      create: true
      regexp: (?i)^\s*FirewallBackend=
      state: absent
    check_mode: true
    changed_when: false
    register: dupes

  - name: Deduplicate values from /etc/firewalld/firewalld.conf
    ansible.builtin.lineinfile:
      path: /etc/firewalld/firewalld.conf
      create: true
      regexp: (?i)^\s*FirewallBackend=
      state: absent
    when: dupes.found is defined and dupes.found &gt; 1

  - name: Insert correct line to /etc/firewalld/firewalld.conf
    ansible.builtin.lineinfile:
      path: /etc/firewalld/firewalld.conf
      create: true
      regexp: (?i)^\s*FirewallBackend=
      line: FirewallBackend=nftables
      state: present
      insertbefore: ^# FirewallBackend
      validate: /usr/bin/bash -n %s
  when:
  - ("kernel-default" in ansible_facts.packages or "kernel-default-base" in ansible_facts.packages)
  - '"firewalld" in ansible_facts.packages'
  tags:
  - CCE-92470-4
  - NIST-800-53-SC-5
  - firewalld-backend
  - low_complexity
  - low_disruption
  - medium_severity
  - no_reboot_needed
  - restrict_strategy
</fix>
          <check system="http://oval.mitre.org/XMLSchema/oval-definitions-5">
            <check-content-ref name="oval:ssg-firewalld-backend:def:1" href="ssg-sle15-oval.xml"/>
          </check>
          <check system="http://scap.nist.gov/schema/ocil/2">
            <check-content-ref name="ocil:ssg-firewalld-backend_ocil:questionnaire:1" href="ssg-sle15-ocil.xml"/>
          </check>
        </Rule>
        <Rule id="xccdf_org.ssgproject.content_rule_set_firewalld_appropriate_zone" selected="false" role="full" severity="medium">
          <title xmlns:xhtml="http://www.w3.org/1999/xhtml" xml:lang="en-US">Ensure network interfaces are assigned to appropriate zone</title>
          <description xmlns:xhtml="http://www.w3.org/1999/xhtml" xml:lang="en-US">Firewall zones define the trust level of network connections or interfaces.
Note: Changing firewall settings while connected over network can result in 
being locked out of the system.</description>
          <reference href="https://www.cisecurity.org/benchmark/suse_linux/">3.5.1.5</reference>
          <rationale xmlns:xhtml="http://www.w3.org/1999/xhtml" xml:lang="en-US">A network interface not assigned to the appropriate zone can allow unexpected or
undesired network traffic to be accepted on the interface.</rationale>
          <platform idref="#package_firewalld"/>
          <ident system="https://ncp.nist.gov/cce">CCE-92556-0</ident>
          <check system="http://scap.nist.gov/schema/ocil/2">
            <check-content-ref name="ocil:ssg-set_firewalld_appropriate_zone_ocil:questionnaire:1" href="ssg-sle15-ocil.xml"/>
          </check>
        </Rule>
        <Rule id="xccdf_org.ssgproject.content_rule_unnecessary_firewalld_services_ports_disabled" selected="false" role="full" severity="medium">
          <title xmlns:xhtml="http://www.w3.org/1999/xhtml" xml:lang="en-US">Ensure Unnecessary Services and Ports Are Not Accepted</title>
          <description xmlns:xhtml="http://www.w3.org/1999/xhtml" xml:lang="en-US">Services and ports can be accepted or explicitly rejected or dropped by a zone.
For every zone, a default behavior can be set that handles incoming traffic that
is not further specified. Such behavior is defined by setting the target of the zone.
The possible options are:
- <html:code xmlns:html="http://www.w3.org/1999/xhtml">ACCEPT</html:code> - accepts all incoming packets except those disabled by a specific rule.
- <html:code xmlns:html="http://www.w3.org/1999/xhtml">REJECT</html:code> - disables all incoming packets except those that have been allowed in
   specific rules and the source machine is informed about the rejection.
- <html:code xmlns:html="http://www.w3.org/1999/xhtml">DROP</html:code> - disables all incoming packets except those that have been allowed in
   specific rules and no information sent to the source machine.</description>
          <reference href="https://www.cisecurity.org/benchmark/suse_linux/">3.5.1.6</reference>
          <rationale xmlns:xhtml="http://www.w3.org/1999/xhtml" xml:lang="en-US">To reduce the attack surface of a system, all services and ports should be blocked unless
required.</rationale>
          <platform idref="#package_firewalld"/>
          <ident system="https://ncp.nist.gov/cce">CCE-92552-9</ident>
          <check system="http://scap.nist.gov/schema/ocil/2">
            <check-content-ref name="ocil:ssg-unnecessary_firewalld_services_ports_disabled_ocil:questionnaire:1" href="ssg-sle15-ocil.xml"/>
          </check>
        </Rule>
        <Group id="xccdf_org.ssgproject.content_group_firewalld_activation">
          <title xmlns:xhtml="http://www.w3.org/1999/xhtml" xml:lang="en-US">Inspect and Activate Default firewalld Rules</title>
          <description xmlns:xhtml="http://www.w3.org/1999/xhtml" xml:lang="en-US">Firewalls can be used to separate networks into different zones
based on the level of trust the user has decided to place on the devices and
traffic within that network. <html:code xmlns:html="http://www.w3.org/1999/xhtml">NetworkManager</html:code> informs firewalld to which
zone an interface belongs. An interface's assigned zone can be changed by
<html:code xmlns:html="http://www.w3.org/1999/xhtml">NetworkManager</html:code> or via the <html:code xmlns:html="http://www.w3.org/1999/xhtml">firewall-config</html:code> tool.
<html:br xmlns:html="http://www.w3.org/1999/xhtml"/>
The zone settings in <html:code xmlns:html="http://www.w3.org/1999/xhtml">/etc/firewalld/</html:code> are a range of preset settings
which can be quickly applied to a network interface. These are the zones
provided by firewalld sorted according to the default trust level of the
zones from untrusted to trusted:
<html:ul xmlns:html="http://www.w3.org/1999/xhtml"><html:li><html:code>drop</html:code><html:br/><html:p>Any incoming network packets are dropped, there is no
reply. Only outgoing network connections are possible.</html:p></html:li><html:li><html:code>block</html:code><html:br/><html:p>Any incoming network connections are rejected with an
<html:code>icmp-host-prohibited</html:code> message for IPv4 and <html:code>icmp6-adm-prohibited</html:code>
for IPv6. Only network connections initiated from within the system are
possible.</html:p></html:li><html:li><html:code>public</html:code><html:br/><html:p>For use in public areas. You do not trust the other
computers on the network to not harm your computer. Only selected incoming
connections are accepted.</html:p></html:li><html:li><html:code>external</html:code><html:br/><html:p>For use on external networks with masquerading enabled
especially for routers. You do not trust the other computers on the network to
not harm your computer. Only selected incoming connections are accepted.</html:p></html:li><html:li><html:code>dmz</html:code><html:br/><html:p>For computers in your demilitarized zone that are
publicly-accessible with limited access to your internal network. Only selected
incoming connections are accepted.</html:p></html:li><html:li><html:code>work</html:code><html:br/><html:p>For use in work areas. You mostly trust the other computers
on networks to not harm your computer. Only selected incoming connections are
accepted.</html:p></html:li><html:li><html:code>home</html:code><html:br/><html:p>For use in home areas. You mostly trust the other computers
on networks to not harm your computer. Only selected incoming connections are
accepted.</html:p></html:li><html:li><html:code>internal</html:code><html:br/><html:p>For use on internal networks. You mostly trust the
other computers on the networks to not harm your computer. Only selected
incoming connections are accepted.</html:p></html:li><html:li><html:code>trusted</html:code><html:br/><html:p>All network connections are accepted.</html:p></html:li></html:ul>
        <html:br xmlns:html="http://www.w3.org/1999/xhtml"/>
It is possible to designate one of these zones to be the default zone. When
interface connections are added to <html:code xmlns:html="http://www.w3.org/1999/xhtml">NetworkManager</html:code>, they are assigned
to the default zone. On installation, the default zone in firewalld is set to
be the public zone.
<html:br xmlns:html="http://www.w3.org/1999/xhtml"/>
To find out all the settings of a zone, for example the <html:code xmlns:html="http://www.w3.org/1999/xhtml">public zone,</html:code>
enter the following command as root:
<html:pre xmlns:html="http://www.w3.org/1999/xhtml"># firewall-cmd --zone=public --list-all</html:pre>
Example output of this command might look like the following:
<html:pre xmlns:html="http://www.w3.org/1999/xhtml">
# firewall-cmd --zone=public --list-all
public
  interfaces:
  services: mdns dhcpv6-client ssh
  ports:
  forward-ports:
  icmp-blocks: source-quench
</html:pre>
To view the network zones currently active, enter the following command as root:
<html:pre xmlns:html="http://www.w3.org/1999/xhtml"># firewall-cmd --get-service</html:pre>
The following listing displays the result of this command
on common SUSE Linux Enterprise 15 system:
<html:pre xmlns:html="http://www.w3.org/1999/xhtml">
# firewall-cmd --get-service
amanda-client bacula bacula-client dhcp dhcpv6 dhcpv6-client dns ftp
high-availability http https imaps ipp ipp-client ipsec kerberos kpasswd
ldap ldaps libvirt libvirt-tls mdns mountd ms-wbt mysql nfs ntp openvpn
pmcd pmproxy pmwebapi pmwebapis pop3s postgresql proxy-dhcp radius rpc-bind
samba samba-client smtp ssh telnet tftp tftp-client transmission-client
vnc-server wbem-https
</html:pre>
Finally to view the network zones that will be active after the next firewalld
service reload, enter the following command as root:
<html:pre xmlns:html="http://www.w3.org/1999/xhtml"># firewall-cmd --get-service --permanent</html:pre>
       </description>
          <Rule id="xccdf_org.ssgproject.content_rule_package_firewalld_installed" selected="false" role="full" severity="medium">
            <title xmlns:xhtml="http://www.w3.org/1999/xhtml" xml:lang="en-US">Install firewalld Package</title>
            <description xmlns:xhtml="http://www.w3.org/1999/xhtml" xml:lang="en-US">The <html:code xmlns:html="http://www.w3.org/1999/xhtml">firewalld</html:code> package can be installed with the following command:
<html:pre xmlns:html="http://www.w3.org/1999/xhtml">
$ sudo zypper install firewalld</html:pre>
        </description>
            <reference href="http://nvlpubs.nist.gov/nistpubs/SpecialPublications/NIST.SP.800-53r4.pdf">CM-7</reference>
            <reference href="http://nvlpubs.nist.gov/nistpubs/SpecialPublications/NIST.SP.800-53r4.pdf">CM-7.1(iii)</reference>
            <reference href="http://nvlpubs.nist.gov/nistpubs/SpecialPublications/NIST.SP.800-53r4.pdf">CM-7(b)</reference>
            <reference href="http://nvlpubs.nist.gov/nistpubs/SpecialPublications/NIST.SP.800-53r4.pdf">AC-17(1)</reference>
            <reference href="https://www.niap-ccevs.org/Profile/PP.cfm">FMT_SMF_EXT.1</reference>
            <reference href="https://www.cyber.mil/stigs/downloads/?_dl_facet_stigs=operating-systems%2Cgeneral-purpose-os">SRG-OS-000096-GPOS-00050</reference>
            <reference href="https://www.cyber.mil/stigs/downloads/?_dl_facet_stigs=operating-systems%2Cgeneral-purpose-os">SRG-OS-000297-GPOS-00115</reference>
            <reference href="https://www.cyber.mil/stigs/downloads/?_dl_facet_stigs=operating-systems%2Cgeneral-purpose-os">SRG-OS-000298-GPOS-00116</reference>
            <reference href="https://www.cyber.mil/stigs/downloads/?_dl_facet_stigs=operating-systems%2Cgeneral-purpose-os">SRG-OS-000480-GPOS-00227</reference>
            <reference href="https://www.cyber.mil/stigs/downloads/?_dl_facet_stigs=operating-systems%2Cgeneral-purpose-os">SRG-OS-000480-GPOS-00232</reference>
            <reference href="https://www.cyber.mil/stigs/downloads/?_dl_facet_stigs=operating-systems%2Cunix-linux">SLES-15-010220</reference>
            <reference href="https://www.cisecurity.org/benchmark/suse_linux/">3.5.1.1</reference>
            <reference href="not_publicly_available">SLES-15-450600030</reference>
            <reference href="https://www.cyber.gov.au/acsc/view-all-content/ism">1409</reference>
            <reference href="https://docs-prv.pcisecuritystandards.org/PCI%20DSS/Standard/PCI-DSS-v4_0.pdf">1.2.1</reference>
            <reference href="https://docs-prv.pcisecuritystandards.org/PCI%20DSS/Standard/PCI-DSS-v4_0.pdf">1.2</reference>
            <reference href="https://www.cyber.mil/stigs/srg-stig-tools/">SV-234821r958480_rule</reference>
            <rationale xmlns:xhtml="http://www.w3.org/1999/xhtml" xml:lang="en-US">"Firewalld" provides an easy and effective way to block/limit remote access to the system via ports, services, and protocols.

Remote access services, such as those providing remote access to network devices and information systems, which lack automated control capabilities, increase risk and make remote user access management difficult at best.

Remote access is access to nonpublic information systems by an authorized user (or an information system) communicating through an external, non-organization-controlled network. Remote access methods include, for example, dial-up, broadband, and wireless.

SUSE Linux Enterprise 15 functionality (e.g., SSH) must be capable of taking enforcement action if the audit reveals unauthorized activity.
Automated control of remote access sessions allows organizations to ensure ongoing compliance with remote access policies by enforcing connection rules of remote access applications on a variety of information system components (e.g., servers, workstations, notebook computers, smartphones, and tablets)."</rationale>
            <ident system="https://ncp.nist.gov/cce">CCE-85698-9</ident>
            <fix xmlns:xhtml="http://www.w3.org/1999/xhtml" id="package_firewalld_installed" system="urn:xccdf:fix:script:sh" complexity="low" disruption="low" strategy="enable"># Remediation is applicable only in certain platforms
if rpm --quiet -q kernel-default || rpm --quiet -q kernel-default-base; then

var_network_filtering_service='<xccdf-1.2:sub xmlns:xccdf-1.2="http://checklists.nist.gov/xccdf/1.2" idref="xccdf_org.ssgproject.content_value_var_network_filtering_service" use="legacy"/>'



  if [ $var_network_filtering_service == firewalld ]; then
    zypper install -y "firewalld"
  fi

else
    &gt;&amp;2 echo 'Remediation is not applicable, nothing was done'
fi
</fix>
            <fix xmlns:xhtml="http://www.w3.org/1999/xhtml" id="package_firewalld_installed" system="urn:xccdf:fix:script:ansible" complexity="low" disruption="low" strategy="enable">- name: Gather the package facts
  package_facts:
    manager: auto
  tags:
  - CCE-85698-9
  - DISA-STIG-SLES-15-010220
  - NIST-800-53-AC-17(1)
  - NIST-800-53-CM-7
  - NIST-800-53-CM-7(b)
  - NIST-800-53-CM-7.1(iii)
  - PCI-DSSv4-1.2
  - PCI-DSSv4-1.2.1
  - enable_strategy
  - low_complexity
  - low_disruption
  - medium_severity
  - no_reboot_needed
  - package_firewalld_installed
- name: XCCDF Value var_network_filtering_service # promote to variable
  set_fact:
    var_network_filtering_service: !!str <xccdf-1.2:sub xmlns:xccdf-1.2="http://checklists.nist.gov/xccdf/1.2" idref="xccdf_org.ssgproject.content_value_var_network_filtering_service" use="legacy"/>
  tags:
    - always

- name: Ensure firewalld is installed
  ansible.builtin.package:
    name: firewalld
    state: present
  when:
  - ("kernel-default" in ansible_facts.packages or "kernel-default-base" in ansible_facts.packages)
  - var_network_filtering_service == "firewalld"
  tags:
  - CCE-85698-9
  - DISA-STIG-SLES-15-010220
  - NIST-800-53-AC-17(1)
  - NIST-800-53-CM-7
  - NIST-800-53-CM-7(b)
  - NIST-800-53-CM-7.1(iii)
  - PCI-DSSv4-1.2
  - PCI-DSSv4-1.2.1
  - enable_strategy
  - low_complexity
  - low_disruption
  - medium_severity
  - no_reboot_needed
  - package_firewalld_installed
</fix>
            <check system="http://oval.mitre.org/XMLSchema/oval-definitions-5">
              <check-export export-name="oval:ssg-var_network_filtering_service:var:1" value-id="xccdf_org.ssgproject.content_value_var_network_filtering_service"/>
              <check-content-ref name="oval:ssg-package_firewalld_installed:def:1" href="ssg-sle15-oval.xml"/>
            </check>
            <check system="http://scap.nist.gov/schema/ocil/2">
              <check-content-ref name="ocil:ssg-package_firewalld_installed_ocil:questionnaire:1" href="ssg-sle15-ocil.xml"/>
            </check>
          </Rule>
          <Rule id="xccdf_org.ssgproject.content_rule_service_firewalld_enabled" selected="false" role="full" severity="medium">
            <title xmlns:xhtml="http://www.w3.org/1999/xhtml" xml:lang="en-US">Verify firewalld Enabled</title>
            <description xmlns:xhtml="http://www.w3.org/1999/xhtml" xml:lang="en-US">
The <html:code xmlns:html="http://www.w3.org/1999/xhtml">firewalld</html:code> service can be enabled with the following command:
<html:pre xmlns:html="http://www.w3.org/1999/xhtml">$ sudo systemctl enable firewalld.service</html:pre>
        </description>
            <reference href="https://www.cisecurity.org/controls/">11</reference>
            <reference href="https://www.cisecurity.org/controls/">3</reference>
            <reference href="https://www.cisecurity.org/controls/">9</reference>
            <reference href="https://www.isaca.org/resources/cobit">BAI10.01</reference>
            <reference href="https://www.isaca.org/resources/cobit">BAI10.02</reference>
            <reference href="https://www.isaca.org/resources/cobit">BAI10.03</reference>
            <reference href="https://www.isaca.org/resources/cobit">BAI10.05</reference>
            <reference href="http://nvlpubs.nist.gov/nistpubs/SpecialPublications/NIST.SP.800-171.pdf">3.1.3</reference>
            <reference href="http://nvlpubs.nist.gov/nistpubs/SpecialPublications/NIST.SP.800-171.pdf">3.4.7</reference>
            <reference href="https://www.isa.org/products/isa-62443-2-1-2009-security-for-industrial-automat">4.3.4.3.2</reference>
            <reference href="https://www.isa.org/products/isa-62443-2-1-2009-security-for-industrial-automat">4.3.4.3.3</reference>
            <reference href="https://www.isa.org/products/ansi-isa-62443-3-3-99-03-03-2013-security-for-indu">SR 7.6</reference>
            <reference href="https://www.iso.org/contents/data/standard/05/45/54534.html">A.12.1.2</reference>
            <reference href="https://www.iso.org/contents/data/standard/05/45/54534.html">A.12.5.1</reference>
            <reference href="https://www.iso.org/contents/data/standard/05/45/54534.html">A.12.6.2</reference>
            <reference href="https://www.iso.org/contents/data/standard/05/45/54534.html">A.14.2.2</reference>
            <reference href="https://www.iso.org/contents/data/standard/05/45/54534.html">A.14.2.3</reference>
            <reference href="https://www.iso.org/contents/data/standard/05/45/54534.html">A.14.2.4</reference>
            <reference href="https://www.nerc.com/standards/reliability-standards/cip">CIP-003-8 R4</reference>
            <reference href="https://www.nerc.com/standards/reliability-standards/cip">CIP-003-8 R5</reference>
            <reference href="https://www.nerc.com/standards/reliability-standards/cip">CIP-004-6 R3</reference>
            <reference href="http://nvlpubs.nist.gov/nistpubs/SpecialPublications/NIST.SP.800-53r4.pdf">CM-7</reference>
            <reference href="http://nvlpubs.nist.gov/nistpubs/SpecialPublications/NIST.SP.800-53r4.pdf">CM-7.1(iii)</reference>
            <reference href="http://nvlpubs.nist.gov/nistpubs/SpecialPublications/NIST.SP.800-53r4.pdf">CM-7(b)</reference>
            <reference href="http://nvlpubs.nist.gov/nistpubs/SpecialPublications/NIST.SP.800-53r4.pdf">AC-17(1)</reference>
            <reference href="https://nvlpubs.nist.gov/nistpubs/CSWP/NIST.CSWP.04162018.pdf">PR.IP-1</reference>
            <reference href="https://www.niap-ccevs.org/Profile/PP.cfm">FMT_SMF_EXT.1</reference>
            <reference href="https://www.cyber.mil/stigs/downloads/?_dl_facet_stigs=operating-systems%2Cgeneral-purpose-os">SRG-OS-000096-GPOS-00050</reference>
            <reference href="https://www.cyber.mil/stigs/downloads/?_dl_facet_stigs=operating-systems%2Cgeneral-purpose-os">SRG-OS-000297-GPOS-00115</reference>
            <reference href="https://www.cyber.mil/stigs/downloads/?_dl_facet_stigs=operating-systems%2Cgeneral-purpose-os">SRG-OS-000480-GPOS-00227</reference>
            <reference href="https://www.cyber.mil/stigs/downloads/?_dl_facet_stigs=operating-systems%2Cgeneral-purpose-os">SRG-OS-000480-GPOS-00231</reference>
            <reference href="https://www.cyber.mil/stigs/downloads/?_dl_facet_stigs=operating-systems%2Cgeneral-purpose-os">SRG-OS-000480-GPOS-00232</reference>
            <reference href="https://www.cyber.mil/stigs/downloads/?_dl_facet_stigs=operating-systems%2Cunix-linux">SLES-15-010220</reference>
            <reference href="https://www.cisecurity.org/benchmark/suse_linux/">3.5.1.3</reference>
            <reference href="https://www.bsi.bund.de/SharedDocs/Downloads/EN/BSI/Grundschutz/International/bsi_it_gs_comp_2022.pdf">SYS.1.6.A5</reference>
            <reference href="https://www.bsi.bund.de/SharedDocs/Downloads/EN/BSI/Grundschutz/International/bsi_it_gs_comp_2022.pdf">SYS.1.6.A21</reference>
            <reference href="not_publicly_available">SLES-15-450600090</reference>
            <reference href="https://www.cyber.gov.au/acsc/view-all-content/ism">1409</reference>
            <reference href="https://docs-prv.pcisecuritystandards.org/PCI%20DSS/Standard/PCI-DSS-v4_0.pdf">1.2.1</reference>
            <reference href="https://docs-prv.pcisecuritystandards.org/PCI%20DSS/Standard/PCI-DSS-v4_0.pdf">1.2</reference>
            <reference href="https://www.cyber.mil/stigs/srg-stig-tools/">SV-234821r958480_rule</reference>
            <rationale xmlns:xhtml="http://www.w3.org/1999/xhtml" xml:lang="en-US">Access control methods provide the ability to enhance system security posture
by restricting services and known good IP addresses and address ranges. This
prevents connections from unknown hosts and protocols.</rationale>
            <platform idref="#package_firewalld"/>
            <ident system="https://ncp.nist.gov/cce">CCE-85751-6</ident>
            <fix xmlns:xhtml="http://www.w3.org/1999/xhtml" id="service_firewalld_enabled" system="urn:xccdf:fix:script:sh" complexity="low" disruption="low" strategy="enable"># Remediation is applicable only in certain platforms
if rpm --quiet -q kernel-default || rpm --quiet -q kernel-default-base &amp;&amp; { rpm --quiet -q firewalld; }; then

var_network_filtering_service='<xccdf-1.2:sub xmlns:xccdf-1.2="http://checklists.nist.gov/xccdf/1.2" idref="xccdf_org.ssgproject.content_value_var_network_filtering_service" use="legacy"/>'


SYSTEMCTL_EXEC='/usr/bin/systemctl'

if [ $var_network_filtering_service == firewalld ]; then
  "$SYSTEMCTL_EXEC" unmask 'firewalld.service'
  "$SYSTEMCTL_EXEC" start 'firewalld.service'
  "$SYSTEMCTL_EXEC" enable 'firewalld.service'
fi

else
    &gt;&amp;2 echo 'Remediation is not applicable, nothing was done'
fi
</fix>
            <fix xmlns:xhtml="http://www.w3.org/1999/xhtml" id="service_firewalld_enabled" system="urn:xccdf:fix:script:ansible" complexity="low" disruption="low" strategy="enable">- name: Gather the package facts
  package_facts:
    manager: auto
  tags:
  - CCE-85751-6
  - DISA-STIG-SLES-15-010220
  - NIST-800-171-3.1.3
  - NIST-800-171-3.4.7
  - NIST-800-53-AC-17(1)
  - NIST-800-53-CM-7
  - NIST-800-53-CM-7(b)
  - NIST-800-53-CM-7.1(iii)
  - PCI-DSSv4-1.2
  - PCI-DSSv4-1.2.1
  - enable_strategy
  - low_complexity
  - low_disruption
  - medium_severity
  - no_reboot_needed
  - service_firewalld_enabled
- name: XCCDF Value var_network_filtering_service # promote to variable
  set_fact:
    var_network_filtering_service: !!str <xccdf-1.2:sub xmlns:xccdf-1.2="http://checklists.nist.gov/xccdf/1.2" idref="xccdf_org.ssgproject.content_value_var_network_filtering_service" use="legacy"/>
  tags:
    - always

- name: Enable service firewalld
  block:

  - name: Gather the package facts
    ansible.builtin.package_facts:
      manager: auto

  - name: Enable service firewalld
    ansible.builtin.systemd:
      name: firewalld
      enabled: 'yes'
      state: started
      masked: 'no'
    when:
    - '"firewalld" in ansible_facts.packages'
    - var_network_filtering_service == "firewalld"
    - var_network_filtering_service == "firewalld"
  when:
  - ("kernel-default" in ansible_facts.packages or "kernel-default-base" in ansible_facts.packages)
  - '"firewalld" in ansible_facts.packages'
  tags:
  - CCE-85751-6
  - DISA-STIG-SLES-15-010220
  - NIST-800-171-3.1.3
  - NIST-800-171-3.4.7
  - NIST-800-53-AC-17(1)
  - NIST-800-53-CM-7
  - NIST-800-53-CM-7(b)
  - NIST-800-53-CM-7.1(iii)
  - PCI-DSSv4-1.2
  - PCI-DSSv4-1.2.1
  - enable_strategy
  - low_complexity
  - low_disruption
  - medium_severity
  - no_reboot_needed
  - service_firewalld_enabled
</fix>
            <check system="http://oval.mitre.org/XMLSchema/oval-definitions-5">
              <check-export export-name="oval:ssg-var_network_filtering_service:var:1" value-id="xccdf_org.ssgproject.content_value_var_network_filtering_service"/>
              <check-content-ref name="oval:ssg-service_firewalld_enabled:def:1" href="ssg-sle15-oval.xml"/>
            </check>
            <check system="http://scap.nist.gov/schema/ocil/2">
              <check-content-ref name="ocil:ssg-service_firewalld_enabled_ocil:questionnaire:1" href="ssg-sle15-ocil.xml"/>
            </check>
          </Rule>
        </Group>
        <Group id="xccdf_org.ssgproject.content_group_ruleset_modifications">
          <title xmlns:xhtml="http://www.w3.org/1999/xhtml" xml:lang="en-US">Strengthen the Default Ruleset</title>
          <description xmlns:xhtml="http://www.w3.org/1999/xhtml" xml:lang="en-US">The default rules can be strengthened. The system
scripts that activate the firewall rules expect them to be defined
in configuration files under the <html:code xmlns:html="http://www.w3.org/1999/xhtml">/etc/firewalld/services</html:code>
and <html:code xmlns:html="http://www.w3.org/1999/xhtml">/etc/firewalld/zones</html:code> directories.
<html:br xmlns:html="http://www.w3.org/1999/xhtml"/>
        <html:br xmlns:html="http://www.w3.org/1999/xhtml"/>
The following recommendations describe how to strengthen the
default ruleset configuration file. An alternative to editing this
configuration file is to create a shell script that makes calls to
the <html:code xmlns:html="http://www.w3.org/1999/xhtml">firewall-cmd</html:code> program to load in rules under the <html:code xmlns:html="http://www.w3.org/1999/xhtml">/etc/firewalld/services</html:code>
and <html:code xmlns:html="http://www.w3.org/1999/xhtml">/etc/firewalld/zones</html:code> directories.
<html:br xmlns:html="http://www.w3.org/1999/xhtml"/>
        <html:br xmlns:html="http://www.w3.org/1999/xhtml"/>
Instructions apply to both unless otherwise noted. Language and address
conventions for regular firewalld rules are used throughout this section.</description>
          <warning xmlns:xhtml="http://www.w3.org/1999/xhtml" xml:lang="en-US" category="general">The program <html:code xmlns:html="http://www.w3.org/1999/xhtml">firewall-config</html:code>
allows additional services to penetrate the default firewall rules
and automatically adjusts the <html:code xmlns:html="http://www.w3.org/1999/xhtml">firewalld</html:code> ruleset(s).</warning>
          <Rule id="xccdf_org.ssgproject.content_rule_ensure_firewall_rules_for_open_ports" selected="false" role="full" severity="medium">
            <title xmlns:xhtml="http://www.w3.org/1999/xhtml" xml:lang="en-US">Ensure firewall rules exist for all open ports</title>
            <description xmlns:xhtml="http://www.w3.org/1999/xhtml" xml:lang="en-US">Any ports that have been opened on non-loopback addresses need firewall rules to govern
traffic.</description>
            <warning xmlns:xhtml="http://www.w3.org/1999/xhtml" xml:lang="en-US" category="general">To prevent denying any access to the system, automatic remediation
of this control is not available. Remediation must be automated as
a component of machine provisioning, or followed manually as outlined
above.</warning>
            <reference href="https://www.pcisecuritystandards.org/documents/PCI_DSS_v3-2-1.pdf">Req-1.4</reference>
            <reference href="https://www.cisecurity.org/benchmark/suse_linux/">3.5.3.2.4</reference>
            <reference href="https://www.cisecurity.org/benchmark/suse_linux/">3.5.3.3.4</reference>
            <reference href="https://docs-prv.pcisecuritystandards.org/PCI%20DSS/Standard/PCI-DSS-v4_0.pdf">1.3.1</reference>
            <reference href="https://docs-prv.pcisecuritystandards.org/PCI%20DSS/Standard/PCI-DSS-v4_0.pdf">1.3</reference>
            <rationale xmlns:xhtml="http://www.w3.org/1999/xhtml" xml:lang="en-US">Without a firewall rule configured for open ports default firewall policy will drop all
packets to these ports.</rationale>
            <ident system="https://ncp.nist.gov/cce">CCE-91411-9</ident>
            <check system="http://oval.mitre.org/XMLSchema/oval-definitions-5">
              <check-content-ref name="oval:ssg-ensure_firewall_rules_for_open_ports:def:1" href="ssg-sle15-oval.xml"/>
            </check>
            <check system="http://scap.nist.gov/schema/ocil/2">
              <check-content-ref name="ocil:ssg-ensure_firewall_rules_for_open_ports_ocil:questionnaire:1" href="ssg-sle15-ocil.xml"/>
            </check>
          </Rule>
          <Rule id="xccdf_org.ssgproject.content_rule_set_firewalld_default_zone" selected="false" role="full" severity="medium">
            <title xmlns:xhtml="http://www.w3.org/1999/xhtml" xml:lang="en-US">Set Default firewalld Zone for Incoming Packets</title>
            <description xmlns:xhtml="http://www.w3.org/1999/xhtml" xml:lang="en-US">To set the default zone to <html:code xmlns:html="http://www.w3.org/1999/xhtml">drop</html:code> for
the built-in default zone which processes incoming IPv4 and IPv6 packets,
modify the following line in
<html:code xmlns:html="http://www.w3.org/1999/xhtml">/etc/firewalld/firewalld.conf</html:code> to be:
<html:pre xmlns:html="http://www.w3.org/1999/xhtml">DefaultZone=drop</html:pre>
        </description>
            <warning xmlns:xhtml="http://www.w3.org/1999/xhtml" xml:lang="en-US" category="general">To prevent denying any access to the system, automatic remediation
of this control is not available. Remediation must be automated as
a component of machine provisioning, or followed manually as outlined
above.</warning>
            <reference href="https://www.cisecurity.org/controls/">11</reference>
            <reference href="https://www.cisecurity.org/controls/">14</reference>
            <reference href="https://www.cisecurity.org/controls/">3</reference>
            <reference href="https://www.cisecurity.org/controls/">9</reference>
            <reference href="https://www.fbi.gov/file-repository/cjis-security-policy-v5_5_20160601-2-1.pdf">5.10.1</reference>
            <reference href="https://www.isaca.org/resources/cobit">BAI10.01</reference>
            <reference href="https://www.isaca.org/resources/cobit">BAI10.02</reference>
            <reference href="https://www.isaca.org/resources/cobit">BAI10.03</reference>
            <reference href="https://www.isaca.org/resources/cobit">BAI10.05</reference>
            <reference href="https://www.isaca.org/resources/cobit">DSS05.02</reference>
            <reference href="https://www.isaca.org/resources/cobit">DSS05.05</reference>
            <reference href="https://www.isaca.org/resources/cobit">DSS06.06</reference>
            <reference href="http://nvlpubs.nist.gov/nistpubs/SpecialPublications/NIST.SP.800-171.pdf">3.1.3</reference>
            <reference href="http://nvlpubs.nist.gov/nistpubs/SpecialPublications/NIST.SP.800-171.pdf">3.4.7</reference>
            <reference href="http://nvlpubs.nist.gov/nistpubs/SpecialPublications/NIST.SP.800-171.pdf">3.13.6</reference>
            <reference href="https://www.isa.org/products/isa-62443-2-1-2009-security-for-industrial-automat">4.3.3.5.1</reference>
            <reference href="https://www.isa.org/products/isa-62443-2-1-2009-security-for-industrial-automat">4.3.3.5.2</reference>
            <reference href="https://www.isa.org/products/isa-62443-2-1-2009-security-for-industrial-automat">4.3.3.5.3</reference>
            <reference href="https://www.isa.org/products/isa-62443-2-1-2009-security-for-industrial-automat">4.3.3.5.4</reference>
            <reference href="https://www.isa.org/products/isa-62443-2-1-2009-security-for-industrial-automat">4.3.3.5.5</reference>
            <reference href="https://www.isa.org/products/isa-62443-2-1-2009-security-for-industrial-automat">4.3.3.5.6</reference>
            <reference href="https://www.isa.org/products/isa-62443-2-1-2009-security-for-industrial-automat">4.3.3.5.7</reference>
            <reference href="https://www.isa.org/products/isa-62443-2-1-2009-security-for-industrial-automat">4.3.3.5.8</reference>
            <reference href="https://www.isa.org/products/isa-62443-2-1-2009-security-for-industrial-automat">4.3.3.6.1</reference>
            <reference href="https://www.isa.org/products/isa-62443-2-1-2009-security-for-industrial-automat">4.3.3.6.2</reference>
            <reference href="https://www.isa.org/products/isa-62443-2-1-2009-security-for-industrial-automat">4.3.3.6.3</reference>
            <reference href="https://www.isa.org/products/isa-62443-2-1-2009-security-for-industrial-automat">4.3.3.6.4</reference>
            <reference href="https://www.isa.org/products/isa-62443-2-1-2009-security-for-industrial-automat">4.3.3.6.5</reference>
            <reference href="https://www.isa.org/products/isa-62443-2-1-2009-security-for-industrial-automat">4.3.3.6.6</reference>
            <reference href="https://www.isa.org/products/isa-62443-2-1-2009-security-for-industrial-automat">4.3.3.6.7</reference>
            <reference href="https://www.isa.org/products/isa-62443-2-1-2009-security-for-industrial-automat">4.3.3.6.8</reference>
            <reference href="https://www.isa.org/products/isa-62443-2-1-2009-security-for-industrial-automat">4.3.3.6.9</reference>
            <reference href="https://www.isa.org/products/isa-62443-2-1-2009-security-for-industrial-automat">4.3.3.7.1</reference>
            <reference href="https://www.isa.org/products/isa-62443-2-1-2009-security-for-industrial-automat">4.3.3.7.2</reference>
            <reference href="https://www.isa.org/products/isa-62443-2-1-2009-security-for-industrial-automat">4.3.3.7.3</reference>
            <reference href="https://www.isa.org/products/isa-62443-2-1-2009-security-for-industrial-automat">4.3.3.7.4</reference>
            <reference href="https://www.isa.org/products/isa-62443-2-1-2009-security-for-industrial-automat">4.3.4.3.2</reference>
            <reference href="https://www.isa.org/products/isa-62443-2-1-2009-security-for-industrial-automat">4.3.4.3.3</reference>
            <reference href="https://www.isa.org/products/ansi-isa-62443-3-3-99-03-03-2013-security-for-indu">SR 1.1</reference>
            <reference href="https://www.isa.org/products/ansi-isa-62443-3-3-99-03-03-2013-security-for-indu">SR 1.10</reference>
            <reference href="https://www.isa.org/products/ansi-isa-62443-3-3-99-03-03-2013-security-for-indu">SR 1.11</reference>
            <reference href="https://www.isa.org/products/ansi-isa-62443-3-3-99-03-03-2013-security-for-indu">SR 1.12</reference>
            <reference href="https://www.isa.org/products/ansi-isa-62443-3-3-99-03-03-2013-security-for-indu">SR 1.13</reference>
            <reference href="https://www.isa.org/products/ansi-isa-62443-3-3-99-03-03-2013-security-for-indu">SR 1.2</reference>
            <reference href="https://www.isa.org/products/ansi-isa-62443-3-3-99-03-03-2013-security-for-indu">SR 1.3</reference>
            <reference href="https://www.isa.org/products/ansi-isa-62443-3-3-99-03-03-2013-security-for-indu">SR 1.4</reference>
            <reference href="https://www.isa.org/products/ansi-isa-62443-3-3-99-03-03-2013-security-for-indu">SR 1.5</reference>
            <reference href="https://www.isa.org/products/ansi-isa-62443-3-3-99-03-03-2013-security-for-indu">SR 1.6</reference>
            <reference href="https://www.isa.org/products/ansi-isa-62443-3-3-99-03-03-2013-security-for-indu">SR 1.7</reference>
            <reference href="https://www.isa.org/products/ansi-isa-62443-3-3-99-03-03-2013-security-for-indu">SR 1.8</reference>
            <reference href="https://www.isa.org/products/ansi-isa-62443-3-3-99-03-03-2013-security-for-indu">SR 1.9</reference>
            <reference href="https://www.isa.org/products/ansi-isa-62443-3-3-99-03-03-2013-security-for-indu">SR 2.1</reference>
            <reference href="https://www.isa.org/products/ansi-isa-62443-3-3-99-03-03-2013-security-for-indu">SR 2.2</reference>
            <reference href="https://www.isa.org/products/ansi-isa-62443-3-3-99-03-03-2013-security-for-indu">SR 2.3</reference>
            <reference href="https://www.isa.org/products/ansi-isa-62443-3-3-99-03-03-2013-security-for-indu">SR 2.4</reference>
            <reference href="https://www.isa.org/products/ansi-isa-62443-3-3-99-03-03-2013-security-for-indu">SR 2.5</reference>
            <reference href="https://www.isa.org/products/ansi-isa-62443-3-3-99-03-03-2013-security-for-indu">SR 2.6</reference>
            <reference href="https://www.isa.org/products/ansi-isa-62443-3-3-99-03-03-2013-security-for-indu">SR 2.7</reference>
            <reference href="https://www.isa.org/products/ansi-isa-62443-3-3-99-03-03-2013-security-for-indu">SR 7.6</reference>
            <reference href="https://www.iso.org/contents/data/standard/05/45/54534.html">A.12.1.2</reference>
            <reference href="https://www.iso.org/contents/data/standard/05/45/54534.html">A.12.5.1</reference>
            <reference href="https://www.iso.org/contents/data/standard/05/45/54534.html">A.12.6.2</reference>
            <reference href="https://www.iso.org/contents/data/standard/05/45/54534.html">A.14.2.2</reference>
            <reference href="https://www.iso.org/contents/data/standard/05/45/54534.html">A.14.2.3</reference>
            <reference href="https://www.iso.org/contents/data/standard/05/45/54534.html">A.14.2.4</reference>
            <reference href="https://www.iso.org/contents/data/standard/05/45/54534.html">A.9.1.2</reference>
            <reference href="http://nvlpubs.nist.gov/nistpubs/SpecialPublications/NIST.SP.800-53r4.pdf">CA-3(5)</reference>
            <reference href="http://nvlpubs.nist.gov/nistpubs/SpecialPublications/NIST.SP.800-53r4.pdf">CM-7(b)</reference>
            <reference href="http://nvlpubs.nist.gov/nistpubs/SpecialPublications/NIST.SP.800-53r4.pdf">SC-7(23)</reference>
            <reference href="http://nvlpubs.nist.gov/nistpubs/SpecialPublications/NIST.SP.800-53r4.pdf">CM-6(a)</reference>
            <reference href="https://nvlpubs.nist.gov/nistpubs/CSWP/NIST.CSWP.04162018.pdf">PR.IP-1</reference>
            <reference href="https://nvlpubs.nist.gov/nistpubs/CSWP/NIST.CSWP.04162018.pdf">PR.PT-3</reference>
            <reference href="https://www.pcisecuritystandards.org/documents/PCI_DSS_v3-2-1.pdf">Req-1.4</reference>
            <reference href="https://www.cyber.mil/stigs/downloads/?_dl_facet_stigs=operating-systems%2Cgeneral-purpose-os">SRG-OS-000480-GPOS-00227</reference>
            <reference href="https://www.cisecurity.org/benchmark/suse_linux/">3.5.1.4</reference>
            <reference href="not_publicly_available">SLES-15-450600075</reference>
            <reference href="https://www.cyber.gov.au/acsc/view-all-content/ism">1416</reference>
            <reference href="https://docs-prv.pcisecuritystandards.org/PCI%20DSS/Standard/PCI-DSS-v4_0.pdf">1.3.1</reference>
            <reference href="https://docs-prv.pcisecuritystandards.org/PCI%20DSS/Standard/PCI-DSS-v4_0.pdf">1.3</reference>
            <rationale xmlns:xhtml="http://www.w3.org/1999/xhtml" xml:lang="en-US">In <html:code xmlns:html="http://www.w3.org/1999/xhtml">firewalld</html:code> the default zone is applied only after all
the applicable rules in the table are examined for a match. Setting the
default zone to <html:code xmlns:html="http://www.w3.org/1999/xhtml">drop</html:code> implements proper design for a firewall, i.e.
any packets which are not explicitly permitted should not be
accepted.</rationale>
            <platform idref="#package_firewalld"/>
            <ident system="https://ncp.nist.gov/cce">CCE-91410-1</ident>
            <check system="http://oval.mitre.org/XMLSchema/oval-definitions-5">
              <check-content-ref name="oval:ssg-set_firewalld_default_zone:def:1" href="ssg-sle15-oval.xml"/>
            </check>
            <check system="http://scap.nist.gov/schema/ocil/2">
              <check-content-ref name="ocil:ssg-set_firewalld_default_zone_ocil:questionnaire:1" href="ssg-sle15-ocil.xml"/>
            </check>
          </Rule>
        </Group>
        <Group id="xccdf_org.ssgproject.content_group_firewalld_deactivation">
          <title xmlns:xhtml="http://www.w3.org/1999/xhtml" xml:lang="en-US">Dectivate firewalld Rules</title>
          <description xmlns:xhtml="http://www.w3.org/1999/xhtml" xml:lang="en-US">Firewalls can be used to separate networks into different zones
based on the level of trust the user has decided to place on the devices and
traffic within that network.
Firewalls can be implemented using variety of software tools and services,
i.e. iptables, nftables, firewalld, ufw, SuSEFirewall2 etc.
Having more than one service controlling the firewall functionality may lead
to conflicts and misconfiguration.
Therefore, in case one uses iptables or nftables firewalld service should
be disabled.</description>
          <Rule id="xccdf_org.ssgproject.content_rule_package_firewalld_removed" selected="false" role="full" severity="medium">
            <title xmlns:xhtml="http://www.w3.org/1999/xhtml" xml:lang="en-US">Uninstall firewalld Package</title>
            <description xmlns:xhtml="http://www.w3.org/1999/xhtml" xml:lang="en-US">firewalld (Dynamic Firewall Manager) provides a dynamically managed firewall with
support for network/firewall “zones” to assign a level of trust to a network and its
associated connections, interfaces or sources. It has support for IPv4, IPv6, Ethernet
bridges and also for IPSet firewall settings. There is a separation of the runtime and
permanent configuration options.
The <html:code xmlns:html="http://www.w3.org/1999/xhtml">firewalld</html:code> package can be removed with the following command:
<html:pre xmlns:html="http://www.w3.org/1999/xhtml">
$ sudo zypper remove firewalld</html:pre>
        </description>
            <reference href="https://www.cisecurity.org/benchmark/suse_linux/">3.5.2.2</reference>
            <reference href="https://www.cisecurity.org/benchmark/suse_linux/">3.5.3.1.3</reference>
            <rationale xmlns:xhtml="http://www.w3.org/1999/xhtml" xml:lang="en-US">Running both <html:b xmlns:html="http://www.w3.org/1999/xhtml">nftables.service</html:b> and <html:b xmlns:html="http://www.w3.org/1999/xhtml">firewalld.service</html:b> may lead to conflict and
unexpected results.</rationale>
            <ident system="https://ncp.nist.gov/cce">CCE-92471-2</ident>
            <fix xmlns:xhtml="http://www.w3.org/1999/xhtml" id="package_firewalld_removed" system="urn:xccdf:fix:script:sh" complexity="low" disruption="low" strategy="disable"># Remediation is applicable only in certain platforms
if rpm --quiet -q kernel-default || rpm --quiet -q kernel-default-base; then

# CAUTION: This remediation script will remove firewalld
#	   from the system, and may remove any packages
#	   that depend on firewalld. Execute this
#	   remediation AFTER testing on a non-production
#	   system!

var_network_filtering_service='<xccdf-1.2:sub xmlns:xccdf-1.2="http://checklists.nist.gov/xccdf/1.2" idref="xccdf_org.ssgproject.content_value_var_network_filtering_service" use="legacy"/>'



  if [ $var_network_filtering_service != firewalld ]; then
    zypper remove -y "firewalld"
  fi

else
    &gt;&amp;2 echo 'Remediation is not applicable, nothing was done'
fi
</fix>
            <fix xmlns:xhtml="http://www.w3.org/1999/xhtml" id="package_firewalld_removed" system="urn:xccdf:fix:script:ansible" complexity="low" disruption="low" strategy="disable">- name: Gather the package facts
  package_facts:
    manager: auto
  tags:
  - CCE-92471-2
  - disable_strategy
  - low_complexity
  - low_disruption
  - medium_severity
  - no_reboot_needed
  - package_firewalld_removed
- name: XCCDF Value var_network_filtering_service # promote to variable
  set_fact:
    var_network_filtering_service: !!str <xccdf-1.2:sub xmlns:xccdf-1.2="http://checklists.nist.gov/xccdf/1.2" idref="xccdf_org.ssgproject.content_value_var_network_filtering_service" use="legacy"/>
  tags:
    - always

- name: Ensure firewalld is removed
  ansible.builtin.package:
    name: firewalld
    state: absent
  when:
  - ("kernel-default" in ansible_facts.packages or "kernel-default-base" in ansible_facts.packages)
  - var_network_filtering_service != "firewalld"
  tags:
  - CCE-92471-2
  - disable_strategy
  - low_complexity
  - low_disruption
  - medium_severity
  - no_reboot_needed
  - package_firewalld_removed
</fix>
            <check system="http://oval.mitre.org/XMLSchema/oval-definitions-5">
              <check-export export-name="oval:ssg-var_network_filtering_service:var:1" value-id="xccdf_org.ssgproject.content_value_var_network_filtering_service"/>
              <check-content-ref name="oval:ssg-package_firewalld_removed:def:1" href="ssg-sle15-oval.xml"/>
            </check>
            <check system="http://scap.nist.gov/schema/ocil/2">
              <check-content-ref name="ocil:ssg-package_firewalld_removed_ocil:questionnaire:1" href="ssg-sle15-ocil.xml"/>
            </check>
          </Rule>
          <Rule id="xccdf_org.ssgproject.content_rule_service_firewalld_disabled" selected="false" role="full" severity="medium">
            <title xmlns:xhtml="http://www.w3.org/1999/xhtml" xml:lang="en-US">Verify firewalld service disabled</title>
            <description xmlns:xhtml="http://www.w3.org/1999/xhtml" xml:lang="en-US">Firewalld (Dynamic Firewall Manager) provides a dynamically managed firewall with
support for network/firewall “zones” to assign a level of trust to a network and its
associated connections, interfaces or sources. It has support for IPv4, IPv6, Ethernet
bridges and also for IPSet firewall settings. There is a separation of the runtime and
permanent configuration options.

The <html:code xmlns:html="http://www.w3.org/1999/xhtml">firewalld</html:code> service can be disabled with the following command:
<html:pre xmlns:html="http://www.w3.org/1999/xhtml">$ sudo systemctl mask --now firewalld.service</html:pre>
        </description>
            <reference href="https://www.cisecurity.org/benchmark/suse_linux/">3.5.2.2</reference>
            <reference href="https://www.cisecurity.org/benchmark/suse_linux/">3.5.3.1.3</reference>
            <rationale xmlns:xhtml="http://www.w3.org/1999/xhtml" xml:lang="en-US">Running Firewalld along other service with the same functionality may lead to conflict
and unexpected results.</rationale>
            <platform idref="#package_firewalld"/>
            <ident system="https://ncp.nist.gov/cce">CCE-92472-0</ident>
            <fix xmlns:xhtml="http://www.w3.org/1999/xhtml" id="service_firewalld_disabled" system="urn:xccdf:fix:script:sh" complexity="low" disruption="low" strategy="disable"># Remediation is applicable only in certain platforms
if rpm --quiet -q kernel-default || rpm --quiet -q kernel-default-base &amp;&amp; { rpm --quiet -q firewalld; }; then

var_network_filtering_service='<xccdf-1.2:sub xmlns:xccdf-1.2="http://checklists.nist.gov/xccdf/1.2" idref="xccdf_org.ssgproject.content_value_var_network_filtering_service" use="legacy"/>'



if [ $var_network_filtering_service != firewalld ]; then
  SYSTEMCTL_EXEC='/usr/bin/systemctl'
  "$SYSTEMCTL_EXEC" stop 'firewalld.service'
  "$SYSTEMCTL_EXEC" disable 'firewalld.service'
  "$SYSTEMCTL_EXEC" mask 'firewalld.service'
  # Disable socket activation if we have a unit file for it
  if "$SYSTEMCTL_EXEC" -q list-unit-files firewalld.socket; then
      "$SYSTEMCTL_EXEC" stop 'firewalld.socket'
      "$SYSTEMCTL_EXEC" mask 'firewalld.socket'
  fi
  # The service may not be running because it has been started and failed,
  # so let's reset the state so OVAL checks pass.
  # Service should be 'inactive', not 'failed' after reboot though.
  "$SYSTEMCTL_EXEC" reset-failed 'firewalld.service' || true
fi

else
    &gt;&amp;2 echo 'Remediation is not applicable, nothing was done'
fi
</fix>
            <fix xmlns:xhtml="http://www.w3.org/1999/xhtml" id="service_firewalld_disabled" system="urn:xccdf:fix:script:ansible" complexity="low" disruption="low" strategy="disable">- name: Gather the package facts
  package_facts:
    manager: auto
  tags:
  - CCE-92472-0
  - disable_strategy
  - low_complexity
  - low_disruption
  - medium_severity
  - no_reboot_needed
  - service_firewalld_disabled
- name: XCCDF Value var_network_filtering_service # promote to variable
  set_fact:
    var_network_filtering_service: !!str <xccdf-1.2:sub xmlns:xccdf-1.2="http://checklists.nist.gov/xccdf/1.2" idref="xccdf_org.ssgproject.content_value_var_network_filtering_service" use="legacy"/>
  tags:
    - always

- name: Verify firewalld service disabled - Collect systemd Services Present in the
    System
  ansible.builtin.command: systemctl -q list-unit-files --type service
  register: service_exists
  changed_when: false
  failed_when: service_exists.rc not in [0, 1]
  check_mode: false
  when:
  - ("kernel-default" in ansible_facts.packages or "kernel-default-base" in ansible_facts.packages)
  - '"firewalld" in ansible_facts.packages'
  tags:
  - CCE-92472-0
  - disable_strategy
  - low_complexity
  - low_disruption
  - medium_severity
  - no_reboot_needed
  - service_firewalld_disabled

- name: Verify firewalld service disabled - Ensure "firewalld.service" is Masked
  ansible.builtin.systemd:
    name: firewalld.service
    state: stopped
    enabled: false
    masked: true
  when:
  - ("kernel-default" in ansible_facts.packages or "kernel-default-base" in ansible_facts.packages)
  - '"firewalld" in ansible_facts.packages'
  - service_exists.stdout_lines is search("firewalld.service",multiline=True)
  - var_network_filtering_service != "firewalld"
  tags:
  - CCE-92472-0
  - disable_strategy
  - low_complexity
  - low_disruption
  - medium_severity
  - no_reboot_needed
  - service_firewalld_disabled

- name: Unit Socket Exists - firewalld.socket
  ansible.builtin.command: systemctl -q list-unit-files firewalld.socket
  register: socket_file_exists
  changed_when: false
  failed_when: socket_file_exists.rc not in [0, 1]
  check_mode: false
  when:
  - ("kernel-default" in ansible_facts.packages or "kernel-default-base" in ansible_facts.packages)
  - '"firewalld" in ansible_facts.packages'
  tags:
  - CCE-92472-0
  - disable_strategy
  - low_complexity
  - low_disruption
  - medium_severity
  - no_reboot_needed
  - service_firewalld_disabled

- name: Disable socket firewalld
  ansible.builtin.systemd:
    name: firewalld.socket
    enabled: 'no'
    state: stopped
    masked: 'yes'
  when:
  - ("kernel-default" in ansible_facts.packages or "kernel-default-base" in ansible_facts.packages)
  - '"firewalld" in ansible_facts.packages'
  - socket_file_exists.stdout_lines is search("firewalld.socket",multiline=True)
  - var_network_filtering_service != "firewalld"
  tags:
  - CCE-92472-0
  - disable_strategy
  - low_complexity
  - low_disruption
  - medium_severity
  - no_reboot_needed
  - service_firewalld_disabled
</fix>
            <check system="http://oval.mitre.org/XMLSchema/oval-definitions-5">
              <check-export export-name="oval:ssg-var_network_filtering_service:var:1" value-id="xccdf_org.ssgproject.content_value_var_network_filtering_service"/>
              <check-content-ref name="oval:ssg-service_firewalld_disabled:def:1" href="ssg-sle15-oval.xml"/>
            </check>
            <check system="http://scap.nist.gov/schema/ocil/2">
              <check-content-ref name="ocil:ssg-service_firewalld_disabled_ocil:questionnaire:1" href="ssg-sle15-ocil.xml"/>
            </check>
          </Rule>
        </Group>
      </Group>
      <Group id="xccdf_org.ssgproject.content_group_network-ipsec">
        <title xmlns:xhtml="http://www.w3.org/1999/xhtml" xml:lang="en-US">IPSec Support</title>
        <description xmlns:xhtml="http://www.w3.org/1999/xhtml" xml:lang="en-US">Support for Internet Protocol Security (IPsec)
is provided with Libreswan.</description>
        <Rule id="xccdf_org.ssgproject.content_rule_package_libreswan_installed" selected="false" role="full" severity="medium">
          <title xmlns:xhtml="http://www.w3.org/1999/xhtml" xml:lang="en-US">Install libreswan Package</title>
          <description xmlns:xhtml="http://www.w3.org/1999/xhtml" xml:lang="en-US">The libreswan package provides an implementation of IPsec
and IKE, which permits the creation of secure tunnels over
untrusted networks. The <html:code xmlns:html="http://www.w3.org/1999/xhtml">libreswan</html:code> package can be installed with the following command:
<html:pre xmlns:html="http://www.w3.org/1999/xhtml">
$ sudo zypper install libreswan</html:pre>
       </description>
          <reference href="https://www.cisecurity.org/controls/">12</reference>
          <reference href="https://www.cisecurity.org/controls/">15</reference>
          <reference href="https://www.cisecurity.org/controls/">3</reference>
          <reference href="https://www.cisecurity.org/controls/">5</reference>
          <reference href="https://www.cisecurity.org/controls/">8</reference>
          <reference href="https://www.isaca.org/resources/cobit">APO13.01</reference>
          <reference href="https://www.isaca.org/resources/cobit">DSS01.04</reference>
          <reference href="https://www.isaca.org/resources/cobit">DSS05.02</reference>
          <reference href="https://www.isaca.org/resources/cobit">DSS05.03</reference>
          <reference href="https://www.isaca.org/resources/cobit">DSS05.04</reference>
          <reference href="https://www.isa.org/products/isa-62443-2-1-2009-security-for-industrial-automat">4.3.3.6.5</reference>
          <reference href="https://www.isa.org/products/isa-62443-2-1-2009-security-for-industrial-automat">4.3.3.6.6</reference>
          <reference href="https://www.isa.org/products/isa-62443-2-1-2009-security-for-industrial-automat">4.3.3.6.7</reference>
          <reference href="https://www.isa.org/products/isa-62443-2-1-2009-security-for-industrial-automat">4.3.3.6.8</reference>
          <reference href="https://www.isa.org/products/ansi-isa-62443-3-3-99-03-03-2013-security-for-indu">SR 1.13</reference>
          <reference href="https://www.isa.org/products/ansi-isa-62443-3-3-99-03-03-2013-security-for-indu">SR 2.6</reference>
          <reference href="https://www.isa.org/products/ansi-isa-62443-3-3-99-03-03-2013-security-for-indu">SR 3.1</reference>
          <reference href="https://www.isa.org/products/ansi-isa-62443-3-3-99-03-03-2013-security-for-indu">SR 3.5</reference>
          <reference href="https://www.isa.org/products/ansi-isa-62443-3-3-99-03-03-2013-security-for-indu">SR 3.8</reference>
          <reference href="https://www.isa.org/products/ansi-isa-62443-3-3-99-03-03-2013-security-for-indu">SR 4.1</reference>
          <reference href="https://www.isa.org/products/ansi-isa-62443-3-3-99-03-03-2013-security-for-indu">SR 4.3</reference>
          <reference href="https://www.isa.org/products/ansi-isa-62443-3-3-99-03-03-2013-security-for-indu">SR 5.1</reference>
          <reference href="https://www.isa.org/products/ansi-isa-62443-3-3-99-03-03-2013-security-for-indu">SR 5.2</reference>
          <reference href="https://www.isa.org/products/ansi-isa-62443-3-3-99-03-03-2013-security-for-indu">SR 5.3</reference>
          <reference href="https://www.isa.org/products/ansi-isa-62443-3-3-99-03-03-2013-security-for-indu">SR 7.1</reference>
          <reference href="https://www.isa.org/products/ansi-isa-62443-3-3-99-03-03-2013-security-for-indu">SR 7.6</reference>
          <reference href="https://www.iso.org/contents/data/standard/05/45/54534.html">A.11.2.4</reference>
          <reference href="https://www.iso.org/contents/data/standard/05/45/54534.html">A.11.2.6</reference>
          <reference href="https://www.iso.org/contents/data/standard/05/45/54534.html">A.13.1.1</reference>
          <reference href="https://www.iso.org/contents/data/standard/05/45/54534.html">A.13.2.1</reference>
          <reference href="https://www.iso.org/contents/data/standard/05/45/54534.html">A.14.1.3</reference>
          <reference href="https://www.iso.org/contents/data/standard/05/45/54534.html">A.15.1.1</reference>
          <reference href="https://www.iso.org/contents/data/standard/05/45/54534.html">A.15.2.1</reference>
          <reference href="https://www.iso.org/contents/data/standard/05/45/54534.html">A.6.2.1</reference>
          <reference href="https://www.iso.org/contents/data/standard/05/45/54534.html">A.6.2.2</reference>
          <reference href="http://nvlpubs.nist.gov/nistpubs/SpecialPublications/NIST.SP.800-53r4.pdf">CM-6(a)</reference>
          <reference href="https://nvlpubs.nist.gov/nistpubs/CSWP/NIST.CSWP.04162018.pdf">PR.AC-3</reference>
          <reference href="https://nvlpubs.nist.gov/nistpubs/CSWP/NIST.CSWP.04162018.pdf">PR.MA-2</reference>
          <reference href="https://nvlpubs.nist.gov/nistpubs/CSWP/NIST.CSWP.04162018.pdf">PR.PT-4</reference>
          <reference href="https://www.pcisecuritystandards.org/documents/PCI_DSS_v3-2-1.pdf">Req-4.1</reference>
          <reference href="https://www.cyber.mil/stigs/downloads/?_dl_facet_stigs=operating-systems%2Cgeneral-purpose-os">SRG-OS-000480-GPOS-00227</reference>
          <reference href="https://www.cyber.mil/stigs/downloads/?_dl_facet_stigs=operating-systems%2Cgeneral-purpose-os">SRG-OS-000120-GPOS-00061</reference>
          <rationale xmlns:xhtml="http://www.w3.org/1999/xhtml" xml:lang="en-US">Providing the ability for remote users or systems
to initiate a secure VPN connection protects information when it is
transmitted over a wide area network.</rationale>
          <platform idref="#system_with_kernel"/>
          <ident system="https://ncp.nist.gov/cce">CCE-85799-5</ident>
          <fix xmlns:xhtml="http://www.w3.org/1999/xhtml" id="package_libreswan_installed" system="urn:xccdf:fix:script:puppet" complexity="low" disruption="low" strategy="enable">include install_libreswan

class install_libreswan {
  package { 'libreswan':
    ensure =&gt; 'installed',
  }
}
</fix>
          <fix xmlns:xhtml="http://www.w3.org/1999/xhtml" id="package_libreswan_installed" system="urn:xccdf:fix:script:sh" complexity="low" disruption="low" strategy="enable"># Remediation is applicable only in certain platforms
if rpm --quiet -q kernel-default || rpm --quiet -q kernel-default-base; then

zypper install -y "libreswan"

else
    &gt;&amp;2 echo 'Remediation is not applicable, nothing was done'
fi
</fix>
          <fix xmlns:xhtml="http://www.w3.org/1999/xhtml" id="package_libreswan_installed" system="urn:redhat:osbuild:blueprint">
[[packages]]
name = "libreswan"
version = "*"
</fix>
          <fix xmlns:xhtml="http://www.w3.org/1999/xhtml" id="package_libreswan_installed" system="urn:xccdf:fix:script:ansible" complexity="low" disruption="low" strategy="enable">- name: Gather the package facts
  package_facts:
    manager: auto
  tags:
  - CCE-85799-5
  - NIST-800-53-CM-6(a)
  - PCI-DSS-Req-4.1
  - enable_strategy
  - low_complexity
  - low_disruption
  - medium_severity
  - no_reboot_needed
  - package_libreswan_installed

- name: Ensure libreswan is installed
  ansible.builtin.package:
    name: libreswan
    state: present
  when: ("kernel-default" in ansible_facts.packages or "kernel-default-base" in ansible_facts.packages)
  tags:
  - CCE-85799-5
  - NIST-800-53-CM-6(a)
  - PCI-DSS-Req-4.1
  - enable_strategy
  - low_complexity
  - low_disruption
  - medium_severity
  - no_reboot_needed
  - package_libreswan_installed
</fix>
          <check system="http://oval.mitre.org/XMLSchema/oval-definitions-5">
            <check-content-ref name="oval:ssg-package_libreswan_installed:def:1" href="ssg-sle15-oval.xml"/>
          </check>
          <check system="http://scap.nist.gov/schema/ocil/2">
            <check-content-ref name="ocil:ssg-package_libreswan_installed_ocil:questionnaire:1" href="ssg-sle15-ocil.xml"/>
          </check>
        </Rule>
        <Rule id="xccdf_org.ssgproject.content_rule_directory_groupowner_etc_ipsecd" selected="false" role="full" severity="medium">
          <title xmlns:xhtml="http://www.w3.org/1999/xhtml" xml:lang="en-US">Verify Group Who Owns /etc/ipsec.d Directory</title>
          <description xmlns:xhtml="http://www.w3.org/1999/xhtml" xml:lang="en-US"> To properly set the group owner of <html:code xmlns:html="http://www.w3.org/1999/xhtml">/etc/ipsec.d</html:code>, run the command:
<html:pre xmlns:html="http://www.w3.org/1999/xhtml">$ sudo chgrp root /etc/ipsec.d</html:pre>
       </description>
          <reference href="https://cyber.gouv.fr/sites/default/files/document/linux_configuration-en-v2.pdf">R50</reference>
          <reference href="not_publicly_available">SLES-15-900150210</reference>
          <rationale xmlns:xhtml="http://www.w3.org/1999/xhtml" xml:lang="en-US">The ownership of the /etc/ipsec.d directory by the root group is important
because this directory hosts Libreswan configuration. Protection of this
file is critical for system security. Assigning the ownership to root
ensures exclusive control of the Libreswan configuration.</rationale>
          <platform idref="#package_libreswan"/>
          <ident system="https://ncp.nist.gov/cce">CCE-92499-3</ident>
          <fix xmlns:xhtml="http://www.w3.org/1999/xhtml" id="directory_groupowner_etc_ipsecd" system="urn:xccdf:fix:script:sh" complexity="low" disruption="low" strategy="configure"># Remediation is applicable only in certain platforms
if rpm --quiet -q strongswan-ipsec; then

newgroup=""
if getent group "root" &gt;/dev/null 2&gt;&amp;1; then
  newgroup="root"
fi

if [[ -z "${newgroup}" ]]; then
  &gt;&amp;2 echo "root is not a defined group on the system"
else
find -P /etc/ipsec.d/ -maxdepth 0 -type d  ! -group root -exec chgrp --no-dereference "$newgroup" {} \;

fi

else
    &gt;&amp;2 echo 'Remediation is not applicable, nothing was done'
fi
</fix>
          <fix xmlns:xhtml="http://www.w3.org/1999/xhtml" id="directory_groupowner_etc_ipsecd" system="urn:xccdf:fix:script:ansible" complexity="low" disruption="low" strategy="configure">- name: Gather the package facts
  package_facts:
    manager: auto
  tags:
  - CCE-92499-3
  - configure_strategy
  - directory_groupowner_etc_ipsecd
  - low_complexity
  - low_disruption
  - medium_severity
  - no_reboot_needed

- name: Check that the root group is defined
  ansible.builtin.getent:
    database: group
    key: root
  ignore_errors: true
  when:
  - '"strongswan-ipsec" in ansible_facts.packages'
  - directory_groupowner_etc_ipsecd_newgroup is undefined
  tags:
  - CCE-92499-3
  - configure_strategy
  - directory_groupowner_etc_ipsecd
  - low_complexity
  - low_disruption
  - medium_severity
  - no_reboot_needed

- name: Set the directory_groupowner_etc_ipsecd_newgroup variable if root found
  ansible.builtin.set_fact:
    directory_groupowner_etc_ipsecd_newgroup: root
  when:
  - '"strongswan-ipsec" in ansible_facts.packages'
  - ansible_facts.getent_group["root"] is defined
  tags:
  - CCE-92499-3
  - configure_strategy
  - directory_groupowner_etc_ipsecd
  - low_complexity
  - low_disruption
  - medium_severity
  - no_reboot_needed

- name: Ensure group owner on /etc/ipsec.d/
  ansible.builtin.file:
    path: /etc/ipsec.d/
    follow: false
    state: directory
    group: '{{ directory_groupowner_etc_ipsecd_newgroup }}'
  when: '"strongswan-ipsec" in ansible_facts.packages'
  tags:
  - CCE-92499-3
  - configure_strategy
  - directory_groupowner_etc_ipsecd
  - low_complexity
  - low_disruption
  - medium_severity
  - no_reboot_needed
</fix>
          <check system="http://oval.mitre.org/XMLSchema/oval-definitions-5">
            <check-content-ref name="oval:ssg-directory_groupowner_etc_ipsecd:def:1" href="ssg-sle15-oval.xml"/>
          </check>
          <check system="http://scap.nist.gov/schema/ocil/2">
            <check-content-ref name="ocil:ssg-directory_groupowner_etc_ipsecd_ocil:questionnaire:1" href="ssg-sle15-ocil.xml"/>
          </check>
        </Rule>
        <Rule id="xccdf_org.ssgproject.content_rule_directory_owner_etc_ipsecd" selected="false" role="full" severity="medium">
          <title xmlns:xhtml="http://www.w3.org/1999/xhtml" xml:lang="en-US">Verify User Who Owns /etc/ipsec.d Directory</title>
          <description xmlns:xhtml="http://www.w3.org/1999/xhtml" xml:lang="en-US"> To properly set the owner of <html:code xmlns:html="http://www.w3.org/1999/xhtml">/etc/ipsec.d</html:code>, run the command:
<html:pre xmlns:html="http://www.w3.org/1999/xhtml">$ sudo chown root /etc/ipsec.d </html:pre>
       </description>
          <reference href="https://cyber.gouv.fr/sites/default/files/document/linux_configuration-en-v2.pdf">R50</reference>
          <reference href="not_publicly_available">SLES-15-900150210</reference>
          <rationale xmlns:xhtml="http://www.w3.org/1999/xhtml" xml:lang="en-US">The ownership of the /etc/ipsec.d directory by the root user is important
because this directory hosts Libreswan configuration. Protection of this
file is critical for system security. Assigning the ownership to root
ensures exclusive control of the Libreswan configuration.</rationale>
          <platform idref="#package_libreswan"/>
          <ident system="https://ncp.nist.gov/cce">CCE-92508-1</ident>
          <fix xmlns:xhtml="http://www.w3.org/1999/xhtml" id="directory_owner_etc_ipsecd" system="urn:xccdf:fix:script:sh" complexity="low" disruption="low" strategy="configure"># Remediation is applicable only in certain platforms
if rpm --quiet -q strongswan-ipsec; then

newown=""
if id "0" &gt;/dev/null 2&gt;&amp;1; then
  newown="0"
fi

if [[ -z "$newown" ]]; then
  &gt;&amp;2 echo "0 is not a defined user on the system"
else
find -P /etc/ipsec.d/ -maxdepth 0 -type d  ! -user 0 -exec chown --no-dereference "$newown" {} \;

fi

else
    &gt;&amp;2 echo 'Remediation is not applicable, nothing was done'
fi
</fix>
          <fix xmlns:xhtml="http://www.w3.org/1999/xhtml" id="directory_owner_etc_ipsecd" system="urn:xccdf:fix:script:ansible" complexity="low" disruption="low" strategy="configure">- name: Gather the package facts
  package_facts:
    manager: auto
  tags:
  - CCE-92508-1
  - configure_strategy
  - directory_owner_etc_ipsecd
  - low_complexity
  - low_disruption
  - medium_severity
  - no_reboot_needed

- name: Set the directory_owner_etc_ipsecd_newown variable if represented by uid
  ansible.builtin.set_fact:
    directory_owner_etc_ipsecd_newown: '0'
  when: '"strongswan-ipsec" in ansible_facts.packages'
  tags:
  - CCE-92508-1
  - configure_strategy
  - directory_owner_etc_ipsecd
  - low_complexity
  - low_disruption
  - medium_severity
  - no_reboot_needed

- name: Ensure owner on directory /etc/ipsec.d/
  ansible.builtin.file:
    path: /etc/ipsec.d/
    follow: false
    state: directory
    owner: '{{ directory_owner_etc_ipsecd_newown }}'
  when: '"strongswan-ipsec" in ansible_facts.packages'
  tags:
  - CCE-92508-1
  - configure_strategy
  - directory_owner_etc_ipsecd
  - low_complexity
  - low_disruption
  - medium_severity
  - no_reboot_needed
</fix>
          <check system="http://oval.mitre.org/XMLSchema/oval-definitions-5">
            <check-content-ref name="oval:ssg-directory_owner_etc_ipsecd:def:1" href="ssg-sle15-oval.xml"/>
          </check>
          <check system="http://scap.nist.gov/schema/ocil/2">
            <check-content-ref name="ocil:ssg-directory_owner_etc_ipsecd_ocil:questionnaire:1" href="ssg-sle15-ocil.xml"/>
          </check>
        </Rule>
        <Rule id="xccdf_org.ssgproject.content_rule_directory_permissions_etc_ipsecd" selected="false" role="full" severity="medium">
          <title xmlns:xhtml="http://www.w3.org/1999/xhtml" xml:lang="en-US">Verify Permissions On /etc/ipsec.d Directory</title>
          <description xmlns:xhtml="http://www.w3.org/1999/xhtml" xml:lang="en-US"> To properly set the permissions of <html:code xmlns:html="http://www.w3.org/1999/xhtml">/etc/ipsec.d</html:code>, run the command: <html:pre xmlns:html="http://www.w3.org/1999/xhtml">$ sudo chmod 0700 /etc/ipsec.d</html:pre>
       </description>
          <reference href="https://cyber.gouv.fr/sites/default/files/document/linux_configuration-en-v2.pdf">R50</reference>
          <reference href="not_publicly_available">SLES-15-900150210</reference>
          <rationale xmlns:xhtml="http://www.w3.org/1999/xhtml" xml:lang="en-US">Setting correct permissions on the /etc/ipsec.d directory is important
because this directory hosts Libreswan configuration. Protection of this
directory is critical for system security. Restricting the permissions
ensures exclusive control of the Libreswan configuration.</rationale>
          <platform idref="#package_libreswan"/>
          <ident system="https://ncp.nist.gov/cce">CCE-92517-2</ident>
          <fix xmlns:xhtml="http://www.w3.org/1999/xhtml" id="directory_permissions_etc_ipsecd" system="urn:xccdf:fix:script:sh" complexity="low" disruption="low" strategy="configure"># Remediation is applicable only in certain platforms
if rpm --quiet -q strongswan-ipsec; then

find -H /etc/ipsec.d/ -maxdepth 0 -perm /u+s,g+xwrs,o+xwrt -type d -exec chmod u-s,g-xwrs,o-xwrt {} \;

else
    &gt;&amp;2 echo 'Remediation is not applicable, nothing was done'
fi
</fix>
          <fix xmlns:xhtml="http://www.w3.org/1999/xhtml" id="directory_permissions_etc_ipsecd" system="urn:xccdf:fix:script:ansible" complexity="low" disruption="low" strategy="configure">- name: Gather the package facts
  package_facts:
    manager: auto
  tags:
  - CCE-92517-2
  - configure_strategy
  - directory_permissions_etc_ipsecd
  - low_complexity
  - low_disruption
  - medium_severity
  - no_reboot_needed

- name: Find /etc/ipsec.d/ file(s)
  ansible.builtin.command: 'find -P /etc/ipsec.d/ -maxdepth 0 -perm /u+s,g+xwrs,o+xwrt  -type
    d '
  register: files_found
  changed_when: false
  failed_when: false
  check_mode: false
  when: '"strongswan-ipsec" in ansible_facts.packages'
  tags:
  - CCE-92517-2
  - configure_strategy
  - directory_permissions_etc_ipsecd
  - low_complexity
  - low_disruption
  - medium_severity
  - no_reboot_needed

- name: Set permissions for /etc/ipsec.d/ file(s)
  ansible.builtin.file:
    path: '{{ item }}'
    mode: u-s,g-xwrs,o-xwrt
    state: directory
  with_items:
  - '{{ files_found.stdout_lines }}'
  when: '"strongswan-ipsec" in ansible_facts.packages'
  tags:
  - CCE-92517-2
  - configure_strategy
  - directory_permissions_etc_ipsecd
  - low_complexity
  - low_disruption
  - medium_severity
  - no_reboot_needed
</fix>
          <check system="http://oval.mitre.org/XMLSchema/oval-definitions-5">
            <check-content-ref name="oval:ssg-directory_permissions_etc_ipsecd:def:1" href="ssg-sle15-oval.xml"/>
          </check>
          <check system="http://scap.nist.gov/schema/ocil/2">
            <check-content-ref name="ocil:ssg-directory_permissions_etc_ipsecd_ocil:questionnaire:1" href="ssg-sle15-ocil.xml"/>
          </check>
        </Rule>
        <Rule id="xccdf_org.ssgproject.content_rule_file_groupowner_etc_ipsec_conf" selected="false" role="full" severity="medium">
          <title xmlns:xhtml="http://www.w3.org/1999/xhtml" xml:lang="en-US">Verify Group Who Owns /etc/ipsec.conf File</title>
          <description xmlns:xhtml="http://www.w3.org/1999/xhtml" xml:lang="en-US"> To properly set the group owner of <html:code xmlns:html="http://www.w3.org/1999/xhtml">/etc/ipsec.conf</html:code>, run the command:
<html:pre xmlns:html="http://www.w3.org/1999/xhtml">$ sudo chgrp root /etc/ipsec.conf</html:pre>
       </description>
          <reference href="https://cyber.gouv.fr/sites/default/files/document/linux_configuration-en-v2.pdf">R50</reference>
          <reference href="not_publicly_available">SLES-15-900150210</reference>
          <rationale xmlns:xhtml="http://www.w3.org/1999/xhtml" xml:lang="en-US">The ownership of the /etc/ipsec.conf file by the root group is important
because this file hosts Libreswan configuration. Protection of this
file is critical for system security. Assigning the ownership to root
ensures exclusive control of the Libreswan configuration.</rationale>
          <platform idref="#package_libreswan"/>
          <ident system="https://ncp.nist.gov/cce">CCE-92535-4</ident>
          <fix xmlns:xhtml="http://www.w3.org/1999/xhtml" id="file_groupowner_etc_ipsec_conf" system="urn:xccdf:fix:script:sh" complexity="low" disruption="low" strategy="configure"># Remediation is applicable only in certain platforms
if rpm --quiet -q strongswan-ipsec; then

newgroup=""
if getent group "root" &gt;/dev/null 2&gt;&amp;1; then
  newgroup="root"
fi

if [[ -z "${newgroup}" ]]; then
  &gt;&amp;2 echo "root is not a defined group on the system"
else
if ! stat -c "%g %G" "/etc/ipsec.conf" | grep -E -w -q "root"; then
    chgrp --no-dereference "$newgroup" /etc/ipsec.conf
fi

fi

else
    &gt;&amp;2 echo 'Remediation is not applicable, nothing was done'
fi
</fix>
          <fix xmlns:xhtml="http://www.w3.org/1999/xhtml" id="file_groupowner_etc_ipsec_conf" system="urn:xccdf:fix:script:ansible" complexity="low" disruption="low" strategy="configure">- name: Gather the package facts
  package_facts:
    manager: auto
  tags:
  - CCE-92535-4
  - configure_strategy
  - file_groupowner_etc_ipsec_conf
  - low_complexity
  - low_disruption
  - medium_severity
  - no_reboot_needed

- name: Check that the root group is defined
  ansible.builtin.getent:
    database: group
    key: root
  ignore_errors: true
  when:
  - '"strongswan-ipsec" in ansible_facts.packages'
  - file_groupowner_etc_ipsec_conf_newgroup is undefined
  tags:
  - CCE-92535-4
  - configure_strategy
  - file_groupowner_etc_ipsec_conf
  - low_complexity
  - low_disruption
  - medium_severity
  - no_reboot_needed

- name: Set the file_groupowner_etc_ipsec_conf_newgroup variable if root found
  ansible.builtin.set_fact:
    file_groupowner_etc_ipsec_conf_newgroup: root
  when:
  - '"strongswan-ipsec" in ansible_facts.packages'
  - ansible_facts.getent_group["root"] is defined
  tags:
  - CCE-92535-4
  - configure_strategy
  - file_groupowner_etc_ipsec_conf
  - low_complexity
  - low_disruption
  - medium_severity
  - no_reboot_needed

- name: Test for existence /etc/ipsec.conf
  ansible.builtin.stat:
    path: /etc/ipsec.conf
  register: file_exists
  when: '"strongswan-ipsec" in ansible_facts.packages'
  tags:
  - CCE-92535-4
  - configure_strategy
  - file_groupowner_etc_ipsec_conf
  - low_complexity
  - low_disruption
  - medium_severity
  - no_reboot_needed

- name: Ensure group owner on /etc/ipsec.conf
  ansible.builtin.file:
    path: /etc/ipsec.conf
    follow: false
    group: '{{ file_groupowner_etc_ipsec_conf_newgroup }}'
  when:
  - '"strongswan-ipsec" in ansible_facts.packages'
  - file_exists.stat is defined and file_exists.stat.exists
  tags:
  - CCE-92535-4
  - configure_strategy
  - file_groupowner_etc_ipsec_conf
  - low_complexity
  - low_disruption
  - medium_severity
  - no_reboot_needed
</fix>
          <check system="http://oval.mitre.org/XMLSchema/oval-definitions-5">
            <check-content-ref name="oval:ssg-file_groupowner_etc_ipsec_conf:def:1" href="ssg-sle15-oval.xml"/>
          </check>
          <check system="http://scap.nist.gov/schema/ocil/2">
            <check-content-ref name="ocil:ssg-file_groupowner_etc_ipsec_conf_ocil:questionnaire:1" href="ssg-sle15-ocil.xml"/>
          </check>
        </Rule>
        <Rule id="xccdf_org.ssgproject.content_rule_file_groupowner_etc_ipsec_secrets" selected="false" role="full" severity="medium">
          <title xmlns:xhtml="http://www.w3.org/1999/xhtml" xml:lang="en-US">Verify Group Who Owns /etc/ipsec.secrets File</title>
          <description xmlns:xhtml="http://www.w3.org/1999/xhtml" xml:lang="en-US"> To properly set the group owner of <html:code xmlns:html="http://www.w3.org/1999/xhtml">/etc/ipsec.secrets</html:code>, run the command:
<html:pre xmlns:html="http://www.w3.org/1999/xhtml">$ sudo chgrp root /etc/ipsec.secrets</html:pre>
       </description>
          <reference href="https://cyber.gouv.fr/sites/default/files/document/linux_configuration-en-v2.pdf">R50</reference>
          <reference href="not_publicly_available">SLES-15-900150210</reference>
          <rationale xmlns:xhtml="http://www.w3.org/1999/xhtml" xml:lang="en-US">The ownership of the /etc/ipsec.secrets file by the root group is important
because this file hosts Libreswan configuration. Protection of this
file is critical for system security. Assigning the ownership to root
ensures exclusive control of the Libreswan configuration.</rationale>
          <platform idref="#package_libreswan"/>
          <ident system="https://ncp.nist.gov/cce">CCE-92537-0</ident>
          <fix xmlns:xhtml="http://www.w3.org/1999/xhtml" id="file_groupowner_etc_ipsec_secrets" system="urn:xccdf:fix:script:sh" complexity="low" disruption="low" strategy="configure"># Remediation is applicable only in certain platforms
if rpm --quiet -q strongswan-ipsec; then

newgroup=""
if getent group "root" &gt;/dev/null 2&gt;&amp;1; then
  newgroup="root"
fi

if [[ -z "${newgroup}" ]]; then
  &gt;&amp;2 echo "root is not a defined group on the system"
else
if ! stat -c "%g %G" "/etc/ipsec.secrets" | grep -E -w -q "root"; then
    chgrp --no-dereference "$newgroup" /etc/ipsec.secrets
fi

fi

else
    &gt;&amp;2 echo 'Remediation is not applicable, nothing was done'
fi
</fix>
          <fix xmlns:xhtml="http://www.w3.org/1999/xhtml" id="file_groupowner_etc_ipsec_secrets" system="urn:xccdf:fix:script:ansible" complexity="low" disruption="low" strategy="configure">- name: Gather the package facts
  package_facts:
    manager: auto
  tags:
  - CCE-92537-0
  - configure_strategy
  - file_groupowner_etc_ipsec_secrets
  - low_complexity
  - low_disruption
  - medium_severity
  - no_reboot_needed

- name: Check that the root group is defined
  ansible.builtin.getent:
    database: group
    key: root
  ignore_errors: true
  when:
  - '"strongswan-ipsec" in ansible_facts.packages'
  - file_groupowner_etc_ipsec_secrets_newgroup is undefined
  tags:
  - CCE-92537-0
  - configure_strategy
  - file_groupowner_etc_ipsec_secrets
  - low_complexity
  - low_disruption
  - medium_severity
  - no_reboot_needed

- name: Set the file_groupowner_etc_ipsec_secrets_newgroup variable if root found
  ansible.builtin.set_fact:
    file_groupowner_etc_ipsec_secrets_newgroup: root
  when:
  - '"strongswan-ipsec" in ansible_facts.packages'
  - ansible_facts.getent_group["root"] is defined
  tags:
  - CCE-92537-0
  - configure_strategy
  - file_groupowner_etc_ipsec_secrets
  - low_complexity
  - low_disruption
  - medium_severity
  - no_reboot_needed

- name: Test for existence /etc/ipsec.secrets
  ansible.builtin.stat:
    path: /etc/ipsec.secrets
  register: file_exists
  when: '"strongswan-ipsec" in ansible_facts.packages'
  tags:
  - CCE-92537-0
  - configure_strategy
  - file_groupowner_etc_ipsec_secrets
  - low_complexity
  - low_disruption
  - medium_severity
  - no_reboot_needed

- name: Ensure group owner on /etc/ipsec.secrets
  ansible.builtin.file:
    path: /etc/ipsec.secrets
    follow: false
    group: '{{ file_groupowner_etc_ipsec_secrets_newgroup }}'
  when:
  - '"strongswan-ipsec" in ansible_facts.packages'
  - file_exists.stat is defined and file_exists.stat.exists
  tags:
  - CCE-92537-0
  - configure_strategy
  - file_groupowner_etc_ipsec_secrets
  - low_complexity
  - low_disruption
  - medium_severity
  - no_reboot_needed
</fix>
          <check system="http://oval.mitre.org/XMLSchema/oval-definitions-5">
            <check-content-ref name="oval:ssg-file_groupowner_etc_ipsec_secrets:def:1" href="ssg-sle15-oval.xml"/>
          </check>
          <check system="http://scap.nist.gov/schema/ocil/2">
            <check-content-ref name="ocil:ssg-file_groupowner_etc_ipsec_secrets_ocil:questionnaire:1" href="ssg-sle15-ocil.xml"/>
          </check>
        </Rule>
        <Rule id="xccdf_org.ssgproject.content_rule_file_owner_etc_ipsec_conf" selected="false" role="full" severity="medium">
          <title xmlns:xhtml="http://www.w3.org/1999/xhtml" xml:lang="en-US">Verify User Who Owns /etc/ipsec.conf File</title>
          <description xmlns:xhtml="http://www.w3.org/1999/xhtml" xml:lang="en-US"> To properly set the owner of <html:code xmlns:html="http://www.w3.org/1999/xhtml">/etc/ipsec.conf</html:code>, run the command:
<html:pre xmlns:html="http://www.w3.org/1999/xhtml">$ sudo chown root /etc/ipsec.conf </html:pre>
       </description>
          <reference href="https://cyber.gouv.fr/sites/default/files/document/linux_configuration-en-v2.pdf">R50</reference>
          <rationale xmlns:xhtml="http://www.w3.org/1999/xhtml" xml:lang="en-US">The ownership of the /etc/ipsec.conf file by the root user is important
because this file hosts Libreswan configuration. Protection of this
file is critical for system security. Assigning the ownership to root
ensures exclusive control of the Libreswan configuration.</rationale>
          <platform idref="#package_libreswan"/>
          <fix xmlns:xhtml="http://www.w3.org/1999/xhtml" id="file_owner_etc_ipsec_conf" system="urn:xccdf:fix:script:sh" complexity="low" disruption="low" strategy="configure"># Remediation is applicable only in certain platforms
if rpm --quiet -q strongswan-ipsec; then

newown=""
if id "0" &gt;/dev/null 2&gt;&amp;1; then
  newown="0"
fi

if [[ -z "$newown" ]]; then
  &gt;&amp;2 echo "0 is not a defined user on the system"
else
if ! stat -c "%u %U" "/etc/ipsec.conf" | grep -E -w -q "0"; then
    chown --no-dereference "$newown" /etc/ipsec.conf
fi

fi

else
    &gt;&amp;2 echo 'Remediation is not applicable, nothing was done'
fi
</fix>
          <fix xmlns:xhtml="http://www.w3.org/1999/xhtml" id="file_owner_etc_ipsec_conf" system="urn:xccdf:fix:script:ansible" complexity="low" disruption="low" strategy="configure">- name: Gather the package facts
  package_facts:
    manager: auto
  tags:
  - configure_strategy
  - file_owner_etc_ipsec_conf
  - low_complexity
  - low_disruption
  - medium_severity
  - no_reboot_needed

- name: Set the file_owner_etc_ipsec_conf_newown variable if represented by uid
  ansible.builtin.set_fact:
    file_owner_etc_ipsec_conf_newown: '0'
  when: '"strongswan-ipsec" in ansible_facts.packages'
  tags:
  - configure_strategy
  - file_owner_etc_ipsec_conf
  - low_complexity
  - low_disruption
  - medium_severity
  - no_reboot_needed

- name: Test for existence /etc/ipsec.conf
  ansible.builtin.stat:
    path: /etc/ipsec.conf
  register: file_exists
  when: '"strongswan-ipsec" in ansible_facts.packages'
  tags:
  - configure_strategy
  - file_owner_etc_ipsec_conf
  - low_complexity
  - low_disruption
  - medium_severity
  - no_reboot_needed

- name: Ensure owner on /etc/ipsec.conf
  ansible.builtin.file:
    path: /etc/ipsec.conf
    follow: false
    owner: '{{ file_owner_etc_ipsec_conf_newown }}'
  when:
  - '"strongswan-ipsec" in ansible_facts.packages'
  - file_exists.stat is defined and file_exists.stat.exists
  tags:
  - configure_strategy
  - file_owner_etc_ipsec_conf
  - low_complexity
  - low_disruption
  - medium_severity
  - no_reboot_needed
</fix>
          <check system="http://oval.mitre.org/XMLSchema/oval-definitions-5">
            <check-content-ref name="oval:ssg-file_owner_etc_ipsec_conf:def:1" href="ssg-sle15-oval.xml"/>
          </check>
          <check system="http://scap.nist.gov/schema/ocil/2">
            <check-content-ref name="ocil:ssg-file_owner_etc_ipsec_conf_ocil:questionnaire:1" href="ssg-sle15-ocil.xml"/>
          </check>
        </Rule>
        <Rule id="xccdf_org.ssgproject.content_rule_file_owner_etc_ipsec_secrets" selected="false" role="full" severity="medium">
          <title xmlns:xhtml="http://www.w3.org/1999/xhtml" xml:lang="en-US">Verify User Who Owns /etc/ipsec.secrets File</title>
          <description xmlns:xhtml="http://www.w3.org/1999/xhtml" xml:lang="en-US"> To properly set the owner of <html:code xmlns:html="http://www.w3.org/1999/xhtml">/etc/ipsec.secrets</html:code>, run the command:
<html:pre xmlns:html="http://www.w3.org/1999/xhtml">$ sudo chown root /etc/ipsec.secrets </html:pre>
       </description>
          <reference href="https://cyber.gouv.fr/sites/default/files/document/linux_configuration-en-v2.pdf">R50</reference>
          <rationale xmlns:xhtml="http://www.w3.org/1999/xhtml" xml:lang="en-US">The ownership of the /etc/ipsec.secrets file by the root user is important
because this file hosts Libreswan configuration. Protection of this
file is critical for system security. Assigning the ownership to root
ensures exclusive control of the Libreswan configuration.</rationale>
          <platform idref="#package_libreswan"/>
          <fix xmlns:xhtml="http://www.w3.org/1999/xhtml" id="file_owner_etc_ipsec_secrets" system="urn:xccdf:fix:script:sh" complexity="low" disruption="low" strategy="configure"># Remediation is applicable only in certain platforms
if rpm --quiet -q strongswan-ipsec; then

newown=""
if id "0" &gt;/dev/null 2&gt;&amp;1; then
  newown="0"
fi

if [[ -z "$newown" ]]; then
  &gt;&amp;2 echo "0 is not a defined user on the system"
else
if ! stat -c "%u %U" "/etc/ipsec.secrets" | grep -E -w -q "0"; then
    chown --no-dereference "$newown" /etc/ipsec.secrets
fi

fi

else
    &gt;&amp;2 echo 'Remediation is not applicable, nothing was done'
fi
</fix>
          <fix xmlns:xhtml="http://www.w3.org/1999/xhtml" id="file_owner_etc_ipsec_secrets" system="urn:xccdf:fix:script:ansible" complexity="low" disruption="low" strategy="configure">- name: Gather the package facts
  package_facts:
    manager: auto
  tags:
  - configure_strategy
  - file_owner_etc_ipsec_secrets
  - low_complexity
  - low_disruption
  - medium_severity
  - no_reboot_needed

- name: Set the file_owner_etc_ipsec_secrets_newown variable if represented by uid
  ansible.builtin.set_fact:
    file_owner_etc_ipsec_secrets_newown: '0'
  when: '"strongswan-ipsec" in ansible_facts.packages'
  tags:
  - configure_strategy
  - file_owner_etc_ipsec_secrets
  - low_complexity
  - low_disruption
  - medium_severity
  - no_reboot_needed

- name: Test for existence /etc/ipsec.secrets
  ansible.builtin.stat:
    path: /etc/ipsec.secrets
  register: file_exists
  when: '"strongswan-ipsec" in ansible_facts.packages'
  tags:
  - configure_strategy
  - file_owner_etc_ipsec_secrets
  - low_complexity
  - low_disruption
  - medium_severity
  - no_reboot_needed

- name: Ensure owner on /etc/ipsec.secrets
  ansible.builtin.file:
    path: /etc/ipsec.secrets
    follow: false
    owner: '{{ file_owner_etc_ipsec_secrets_newown }}'
  when:
  - '"strongswan-ipsec" in ansible_facts.packages'
  - file_exists.stat is defined and file_exists.stat.exists
  tags:
  - configure_strategy
  - file_owner_etc_ipsec_secrets
  - low_complexity
  - low_disruption
  - medium_severity
  - no_reboot_needed
</fix>
          <check system="http://oval.mitre.org/XMLSchema/oval-definitions-5">
            <check-content-ref name="oval:ssg-file_owner_etc_ipsec_secrets:def:1" href="ssg-sle15-oval.xml"/>
          </check>
          <check system="http://scap.nist.gov/schema/ocil/2">
            <check-content-ref name="ocil:ssg-file_owner_etc_ipsec_secrets_ocil:questionnaire:1" href="ssg-sle15-ocil.xml"/>
          </check>
        </Rule>
        <Rule id="xccdf_org.ssgproject.content_rule_file_permissions_etc_ipsec_conf" selected="false" role="full" severity="medium">
          <title xmlns:xhtml="http://www.w3.org/1999/xhtml" xml:lang="en-US">Verify Permissions On /etc/ipsec.conf File</title>
          <description xmlns:xhtml="http://www.w3.org/1999/xhtml" xml:lang="en-US"> To properly set the permissions of <html:code xmlns:html="http://www.w3.org/1999/xhtml">/etc/ipsec.conf</html:code>, run the command: <html:pre xmlns:html="http://www.w3.org/1999/xhtml">$ sudo chmod 0644 /etc/ipsec.conf</html:pre>
       </description>
          <reference href="https://cyber.gouv.fr/sites/default/files/document/linux_configuration-en-v2.pdf">R50</reference>
          <rationale xmlns:xhtml="http://www.w3.org/1999/xhtml" xml:lang="en-US">Setting correct permissions on the /etc/ipsec.conf file is important
because this file hosts Libreswan configuration. Protection of this
file is critical for system security. Restricting the permissions
ensures exclusive control of the Libreswan configuration.</rationale>
          <platform idref="#package_libreswan"/>
          <fix xmlns:xhtml="http://www.w3.org/1999/xhtml" id="file_permissions_etc_ipsec_conf" system="urn:xccdf:fix:script:sh" complexity="low" disruption="low" strategy="configure"># Remediation is applicable only in certain platforms
if rpm --quiet -q strongswan-ipsec; then

chmod u-xs,g-xws,o-xwt /etc/ipsec.conf

else
    &gt;&amp;2 echo 'Remediation is not applicable, nothing was done'
fi
</fix>
          <fix xmlns:xhtml="http://www.w3.org/1999/xhtml" id="file_permissions_etc_ipsec_conf" system="urn:xccdf:fix:script:ansible" complexity="low" disruption="low" strategy="configure">- name: Gather the package facts
  package_facts:
    manager: auto
  tags:
  - configure_strategy
  - file_permissions_etc_ipsec_conf
  - low_complexity
  - low_disruption
  - medium_severity
  - no_reboot_needed

- name: Test for existence /etc/ipsec.conf
  ansible.builtin.stat:
    path: /etc/ipsec.conf
  register: file_exists
  when: '"strongswan-ipsec" in ansible_facts.packages'
  tags:
  - configure_strategy
  - file_permissions_etc_ipsec_conf
  - low_complexity
  - low_disruption
  - medium_severity
  - no_reboot_needed

- name: Ensure permission u-xs,g-xws,o-xwt on /etc/ipsec.conf
  ansible.builtin.file:
    path: /etc/ipsec.conf
    mode: u-xs,g-xws,o-xwt
  when:
  - '"strongswan-ipsec" in ansible_facts.packages'
  - file_exists.stat is defined and file_exists.stat.exists
  tags:
  - configure_strategy
  - file_permissions_etc_ipsec_conf
  - low_complexity
  - low_disruption
  - medium_severity
  - no_reboot_needed
</fix>
          <check system="http://oval.mitre.org/XMLSchema/oval-definitions-5">
            <check-content-ref name="oval:ssg-file_permissions_etc_ipsec_conf:def:1" href="ssg-sle15-oval.xml"/>
          </check>
          <check system="http://scap.nist.gov/schema/ocil/2">
            <check-content-ref name="ocil:ssg-file_permissions_etc_ipsec_conf_ocil:questionnaire:1" href="ssg-sle15-ocil.xml"/>
          </check>
        </Rule>
        <Rule id="xccdf_org.ssgproject.content_rule_file_permissions_etc_ipsec_secrets" selected="false" role="full" severity="medium">
          <title xmlns:xhtml="http://www.w3.org/1999/xhtml" xml:lang="en-US">Verify Permissions On /etc/ipsec.secrets File</title>
          <description xmlns:xhtml="http://www.w3.org/1999/xhtml" xml:lang="en-US"> To properly set the permissions of <html:code xmlns:html="http://www.w3.org/1999/xhtml">/etc/ipsec.secrets</html:code>, run the command: <html:pre xmlns:html="http://www.w3.org/1999/xhtml">$ sudo chmod 0644 /etc/ipsec.secrets</html:pre>
       </description>
          <reference href="https://cyber.gouv.fr/sites/default/files/document/linux_configuration-en-v2.pdf">R50</reference>
          <rationale xmlns:xhtml="http://www.w3.org/1999/xhtml" xml:lang="en-US">Setting correct permissions on the /etc/ipsec.secrets file is important
because this file hosts Libreswan configuration. Protection of this
file is critical for system security. Restricting the permissions
ensures exclusive control of the Libreswan configuration.</rationale>
          <platform idref="#package_libreswan"/>
          <fix xmlns:xhtml="http://www.w3.org/1999/xhtml" id="file_permissions_etc_ipsec_secrets" system="urn:xccdf:fix:script:sh" complexity="low" disruption="low" strategy="configure"># Remediation is applicable only in certain platforms
if rpm --quiet -q strongswan-ipsec; then

chmod u-xs,g-xws,o-xwt /etc/ipsec.secrets

else
    &gt;&amp;2 echo 'Remediation is not applicable, nothing was done'
fi
</fix>
          <fix xmlns:xhtml="http://www.w3.org/1999/xhtml" id="file_permissions_etc_ipsec_secrets" system="urn:xccdf:fix:script:ansible" complexity="low" disruption="low" strategy="configure">- name: Gather the package facts
  package_facts:
    manager: auto
  tags:
  - configure_strategy
  - file_permissions_etc_ipsec_secrets
  - low_complexity
  - low_disruption
  - medium_severity
  - no_reboot_needed

- name: Test for existence /etc/ipsec.secrets
  ansible.builtin.stat:
    path: /etc/ipsec.secrets
  register: file_exists
  when: '"strongswan-ipsec" in ansible_facts.packages'
  tags:
  - configure_strategy
  - file_permissions_etc_ipsec_secrets
  - low_complexity
  - low_disruption
  - medium_severity
  - no_reboot_needed

- name: Ensure permission u-xs,g-xws,o-xwt on /etc/ipsec.secrets
  ansible.builtin.file:
    path: /etc/ipsec.secrets
    mode: u-xs,g-xws,o-xwt
  when:
  - '"strongswan-ipsec" in ansible_facts.packages'
  - file_exists.stat is defined and file_exists.stat.exists
  tags:
  - configure_strategy
  - file_permissions_etc_ipsec_secrets
  - low_complexity
  - low_disruption
  - medium_severity
  - no_reboot_needed
</fix>
          <check system="http://oval.mitre.org/XMLSchema/oval-definitions-5">
            <check-content-ref name="oval:ssg-file_permissions_etc_ipsec_secrets:def:1" href="ssg-sle15-oval.xml"/>
          </check>
          <check system="http://scap.nist.gov/schema/ocil/2">
            <check-content-ref name="ocil:ssg-file_permissions_etc_ipsec_secrets_ocil:questionnaire:1" href="ssg-sle15-ocil.xml"/>
          </check>
        </Rule>
        <Rule id="xccdf_org.ssgproject.content_rule_libreswan_approved_tunnels" selected="false" role="full" severity="medium">
          <title xmlns:xhtml="http://www.w3.org/1999/xhtml" xml:lang="en-US">Verify Any Configured IPSec Tunnel Connections</title>
          <description xmlns:xhtml="http://www.w3.org/1999/xhtml" xml:lang="en-US">Libreswan provides an implementation of IPsec
and IKE, which permits the creation of secure tunnels over
untrusted networks. As such, IPsec can be used to circumvent certain
network requirements such as filtering. Verify that if any IPsec connection
(<html:code xmlns:html="http://www.w3.org/1999/xhtml">conn</html:code>) configured in <html:code xmlns:html="http://www.w3.org/1999/xhtml">/etc/ipsec.conf</html:code> and <html:code xmlns:html="http://www.w3.org/1999/xhtml">/etc/ipsec.d</html:code>
exists is an approved organizational connection.</description>
          <warning xmlns:xhtml="http://www.w3.org/1999/xhtml" xml:lang="en-US" category="general">Automatic remediation of this control is not available due to the unique
requirements of each system.</warning>
          <reference href="https://www.cisecurity.org/controls/">1</reference>
          <reference href="https://www.cisecurity.org/controls/">12</reference>
          <reference href="https://www.cisecurity.org/controls/">13</reference>
          <reference href="https://www.cisecurity.org/controls/">14</reference>
          <reference href="https://www.cisecurity.org/controls/">15</reference>
          <reference href="https://www.cisecurity.org/controls/">16</reference>
          <reference href="https://www.cisecurity.org/controls/">18</reference>
          <reference href="https://www.cisecurity.org/controls/">4</reference>
          <reference href="https://www.cisecurity.org/controls/">6</reference>
          <reference href="https://www.cisecurity.org/controls/">8</reference>
          <reference href="https://www.cisecurity.org/controls/">9</reference>
          <reference href="https://www.isaca.org/resources/cobit">APO01.06</reference>
          <reference href="https://www.isaca.org/resources/cobit">APO13.01</reference>
          <reference href="https://www.isaca.org/resources/cobit">DSS01.05</reference>
          <reference href="https://www.isaca.org/resources/cobit">DSS03.01</reference>
          <reference href="https://www.isaca.org/resources/cobit">DSS05.02</reference>
          <reference href="https://www.isaca.org/resources/cobit">DSS05.04</reference>
          <reference href="https://www.isaca.org/resources/cobit">DSS05.07</reference>
          <reference href="https://www.isaca.org/resources/cobit">DSS06.02</reference>
          <reference href="https://www.gpo.gov/fdsys/pkg/CFR-2007-title45-vol1/pdf/CFR-2007-title45-vol1-chapA-subchapC.pdf">164.308(a)(4)(i)</reference>
          <reference href="https://www.gpo.gov/fdsys/pkg/CFR-2007-title45-vol1/pdf/CFR-2007-title45-vol1-chapA-subchapC.pdf">164.308(b)(1)</reference>
          <reference href="https://www.gpo.gov/fdsys/pkg/CFR-2007-title45-vol1/pdf/CFR-2007-title45-vol1-chapA-subchapC.pdf">164.308(b)(3)</reference>
          <reference href="https://www.gpo.gov/fdsys/pkg/CFR-2007-title45-vol1/pdf/CFR-2007-title45-vol1-chapA-subchapC.pdf">164.310(b)</reference>
          <reference href="https://www.gpo.gov/fdsys/pkg/CFR-2007-title45-vol1/pdf/CFR-2007-title45-vol1-chapA-subchapC.pdf">164.312(e)(1)</reference>
          <reference href="https://www.gpo.gov/fdsys/pkg/CFR-2007-title45-vol1/pdf/CFR-2007-title45-vol1-chapA-subchapC.pdf">164.312(e)(2)(ii)</reference>
          <reference href="https://www.isa.org/products/isa-62443-2-1-2009-security-for-industrial-automat">4.2.3.4</reference>
          <reference href="https://www.isa.org/products/isa-62443-2-1-2009-security-for-industrial-automat">4.3.3.4</reference>
          <reference href="https://www.isa.org/products/isa-62443-2-1-2009-security-for-industrial-automat">4.4.3.3</reference>
          <reference href="https://www.isa.org/products/ansi-isa-62443-3-3-99-03-03-2013-security-for-indu">SR 3.1</reference>
          <reference href="https://www.isa.org/products/ansi-isa-62443-3-3-99-03-03-2013-security-for-indu">SR 3.5</reference>
          <reference href="https://www.isa.org/products/ansi-isa-62443-3-3-99-03-03-2013-security-for-indu">SR 3.8</reference>
          <reference href="https://www.isa.org/products/ansi-isa-62443-3-3-99-03-03-2013-security-for-indu">SR 4.1</reference>
          <reference href="https://www.isa.org/products/ansi-isa-62443-3-3-99-03-03-2013-security-for-indu">SR 4.3</reference>
          <reference href="https://www.isa.org/products/ansi-isa-62443-3-3-99-03-03-2013-security-for-indu">SR 5.1</reference>
          <reference href="https://www.isa.org/products/ansi-isa-62443-3-3-99-03-03-2013-security-for-indu">SR 5.2</reference>
          <reference href="https://www.isa.org/products/ansi-isa-62443-3-3-99-03-03-2013-security-for-indu">SR 5.3</reference>
          <reference href="https://www.isa.org/products/ansi-isa-62443-3-3-99-03-03-2013-security-for-indu">SR 7.1</reference>
          <reference href="https://www.isa.org/products/ansi-isa-62443-3-3-99-03-03-2013-security-for-indu">SR 7.6</reference>
          <reference href="https://www.iso.org/contents/data/standard/05/45/54534.html">A.10.1.1</reference>
          <reference href="https://www.iso.org/contents/data/standard/05/45/54534.html">A.11.1.4</reference>
          <reference href="https://www.iso.org/contents/data/standard/05/45/54534.html">A.11.1.5</reference>
          <reference href="https://www.iso.org/contents/data/standard/05/45/54534.html">A.11.2.1</reference>
          <reference href="https://www.iso.org/contents/data/standard/05/45/54534.html">A.12.1.1</reference>
          <reference href="https://www.iso.org/contents/data/standard/05/45/54534.html">A.12.1.2</reference>
          <reference href="https://www.iso.org/contents/data/standard/05/45/54534.html">A.13.1.1</reference>
          <reference href="https://www.iso.org/contents/data/standard/05/45/54534.html">A.13.1.2</reference>
          <reference href="https://www.iso.org/contents/data/standard/05/45/54534.html">A.13.1.3</reference>
          <reference href="https://www.iso.org/contents/data/standard/05/45/54534.html">A.13.2.1</reference>
          <reference href="https://www.iso.org/contents/data/standard/05/45/54534.html">A.13.2.2</reference>
          <reference href="https://www.iso.org/contents/data/standard/05/45/54534.html">A.13.2.3</reference>
          <reference href="https://www.iso.org/contents/data/standard/05/45/54534.html">A.13.2.4</reference>
          <reference href="https://www.iso.org/contents/data/standard/05/45/54534.html">A.14.1.2</reference>
          <reference href="https://www.iso.org/contents/data/standard/05/45/54534.html">A.14.1.3</reference>
          <reference href="https://www.iso.org/contents/data/standard/05/45/54534.html">A.6.1.2</reference>
          <reference href="https://www.iso.org/contents/data/standard/05/45/54534.html">A.7.1.1</reference>
          <reference href="https://www.iso.org/contents/data/standard/05/45/54534.html">A.7.1.2</reference>
          <reference href="https://www.iso.org/contents/data/standard/05/45/54534.html">A.7.3.1</reference>
          <reference href="https://www.iso.org/contents/data/standard/05/45/54534.html">A.8.2.2</reference>
          <reference href="https://www.iso.org/contents/data/standard/05/45/54534.html">A.8.2.3</reference>
          <reference href="https://www.iso.org/contents/data/standard/05/45/54534.html">A.9.1.1</reference>
          <reference href="https://www.iso.org/contents/data/standard/05/45/54534.html">A.9.1.2</reference>
          <reference href="https://www.iso.org/contents/data/standard/05/45/54534.html">A.9.2.3</reference>
          <reference href="https://www.iso.org/contents/data/standard/05/45/54534.html">A.9.4.1</reference>
          <reference href="https://www.iso.org/contents/data/standard/05/45/54534.html">A.9.4.4</reference>
          <reference href="https://www.iso.org/contents/data/standard/05/45/54534.html">A.9.4.5</reference>
          <reference href="http://nvlpubs.nist.gov/nistpubs/SpecialPublications/NIST.SP.800-53r4.pdf">AC-17(a)</reference>
          <reference href="http://nvlpubs.nist.gov/nistpubs/SpecialPublications/NIST.SP.800-53r4.pdf">MA-4(6)</reference>
          <reference href="http://nvlpubs.nist.gov/nistpubs/SpecialPublications/NIST.SP.800-53r4.pdf">CM-6(a)</reference>
          <reference href="http://nvlpubs.nist.gov/nistpubs/SpecialPublications/NIST.SP.800-53r4.pdf">AC-4</reference>
          <reference href="http://nvlpubs.nist.gov/nistpubs/SpecialPublications/NIST.SP.800-53r4.pdf">SC-8</reference>
          <reference href="https://nvlpubs.nist.gov/nistpubs/CSWP/NIST.CSWP.04162018.pdf">DE.AE-1</reference>
          <reference href="https://nvlpubs.nist.gov/nistpubs/CSWP/NIST.CSWP.04162018.pdf">ID.AM-3</reference>
          <reference href="https://nvlpubs.nist.gov/nistpubs/CSWP/NIST.CSWP.04162018.pdf">PR.AC-5</reference>
          <reference href="https://nvlpubs.nist.gov/nistpubs/CSWP/NIST.CSWP.04162018.pdf">PR.DS-5</reference>
          <reference href="https://nvlpubs.nist.gov/nistpubs/CSWP/NIST.CSWP.04162018.pdf">PR.PT-4</reference>
          <reference href="https://www.cyber.mil/stigs/downloads/?_dl_facet_stigs=operating-systems%2Cgeneral-purpose-os">SRG-OS-000480-GPOS-00227</reference>
          <rationale xmlns:xhtml="http://www.w3.org/1999/xhtml" xml:lang="en-US">IP tunneling mechanisms can be used to bypass network filtering.</rationale>
          <platform idref="#system_with_kernel"/>
          <ident system="https://ncp.nist.gov/cce">CCE-91153-7</ident>
          <check system="http://scap.nist.gov/schema/ocil/2">
            <check-content-ref name="ocil:ssg-libreswan_approved_tunnels_ocil:questionnaire:1" href="ssg-sle15-ocil.xml"/>
          </check>
        </Rule>
      </Group>
      <Group id="xccdf_org.ssgproject.content_group_network-iptables">
        <title xmlns:xhtml="http://www.w3.org/1999/xhtml" xml:lang="en-US">iptables and ip6tables</title>
        <description xmlns:xhtml="http://www.w3.org/1999/xhtml" xml:lang="en-US">A host-based firewall called <html:code xmlns:html="http://www.w3.org/1999/xhtml">netfilter</html:code> is included as
part of the Linux kernel distributed with the system. It is
activated by default. This firewall is controlled by the program
<html:code xmlns:html="http://www.w3.org/1999/xhtml">iptables</html:code>, and the entire capability is frequently referred to by
this name. An analogous program called <html:code xmlns:html="http://www.w3.org/1999/xhtml">ip6tables</html:code> handles filtering
for IPv6.
<html:br xmlns:html="http://www.w3.org/1999/xhtml"/>
       <html:br xmlns:html="http://www.w3.org/1999/xhtml"/>
Unlike TCP Wrappers, which depends on the network server
program to support and respect the rules written, <html:code xmlns:html="http://www.w3.org/1999/xhtml">netfilter</html:code>
filtering occurs at the kernel level, before a program can even
process the data from the network packet. As such, any program on
the system is affected by the rules written.
<html:br xmlns:html="http://www.w3.org/1999/xhtml"/>
       <html:br xmlns:html="http://www.w3.org/1999/xhtml"/>
This section provides basic information about strengthening
the <html:code xmlns:html="http://www.w3.org/1999/xhtml">iptables</html:code> and <html:code xmlns:html="http://www.w3.org/1999/xhtml">ip6tables</html:code> configurations included with the system.
For more complete information that may allow the construction of a
sophisticated ruleset tailored to your environment, please consult
the references at the end of this section.</description>
        <Rule id="xccdf_org.ssgproject.content_rule_package_iptables_installed" selected="false" role="full" severity="medium">
          <title xmlns:xhtml="http://www.w3.org/1999/xhtml" xml:lang="en-US">Install iptables Package</title>
          <description xmlns:xhtml="http://www.w3.org/1999/xhtml" xml:lang="en-US">The <html:code xmlns:html="http://www.w3.org/1999/xhtml">iptables</html:code> package can be installed with the following command:
<html:pre xmlns:html="http://www.w3.org/1999/xhtml">
$ sudo zypper install iptables</html:pre>
       </description>
          <reference href="http://nvlpubs.nist.gov/nistpubs/SpecialPublications/NIST.SP.800-53r4.pdf">CM-6(a)</reference>
          <reference href="https://www.pcisecuritystandards.org/documents/PCI_DSS_v3-2-1.pdf">Req-1.4.1</reference>
          <reference href="https://www.cyber.mil/stigs/downloads/?_dl_facet_stigs=operating-systems%2Cgeneral-purpose-os">SRG-OS-000480-GPOS-00227</reference>
          <reference href="https://www.cisecurity.org/benchmark/suse_linux/">3.5.3.1.1</reference>
          <rationale xmlns:xhtml="http://www.w3.org/1999/xhtml" xml:lang="en-US"><html:code xmlns:html="http://www.w3.org/1999/xhtml">iptables</html:code> controls the Linux kernel network packet filtering
code. <html:code xmlns:html="http://www.w3.org/1999/xhtml">iptables</html:code> allows system operators to set up firewalls and IP
masquerading, etc.</rationale>
          <platform idref="#not_rhcos4-rhel9_and_service_disabled_nftables_and_service_disabled_ufw_and_system_with_kernel"/>
          <ident system="https://ncp.nist.gov/cce">CCE-91244-4</ident>
          <fix xmlns:xhtml="http://www.w3.org/1999/xhtml" id="package_iptables_installed" system="urn:xccdf:fix:script:sh" complexity="low" disruption="low" strategy="enable"># Remediation is applicable only in certain platforms
if ( ! (systemctl is-active nftables &amp;&gt;/dev/null) &amp;&amp; ! (systemctl is-active ufw &amp;&gt;/dev/null) &amp;&amp; rpm --quiet -q kernel-default || rpm --quiet -q kernel-default-base ); then

var_network_filtering_service='<xccdf-1.2:sub xmlns:xccdf-1.2="http://checklists.nist.gov/xccdf/1.2" idref="xccdf_org.ssgproject.content_value_var_network_filtering_service" use="legacy"/>'



  if [ $var_network_filtering_service == iptables ]; then
    zypper install -y "iptables"
  fi

else
    &gt;&amp;2 echo 'Remediation is not applicable, nothing was done'
fi
</fix>
          <fix xmlns:xhtml="http://www.w3.org/1999/xhtml" id="package_iptables_installed" system="urn:xccdf:fix:script:ansible" complexity="low" disruption="low" strategy="enable">- name: Gather the package facts
  package_facts:
    manager: auto
  tags:
  - CCE-91244-4
  - NIST-800-53-CM-6(a)
  - PCI-DSS-Req-1.4.1
  - enable_strategy
  - low_complexity
  - low_disruption
  - medium_severity
  - no_reboot_needed
  - package_iptables_installed
- name: XCCDF Value var_network_filtering_service # promote to variable
  set_fact:
    var_network_filtering_service: !!str <xccdf-1.2:sub xmlns:xccdf-1.2="http://checklists.nist.gov/xccdf/1.2" idref="xccdf_org.ssgproject.content_value_var_network_filtering_service" use="legacy"/>
  tags:
    - always

- name: Ensure iptables is installed
  ansible.builtin.package:
    name: iptables
    state: present
  when:
  - ( ("kernel-default" in ansible_facts.packages or "kernel-default-base" in ansible_facts.packages)
    )
  - var_network_filtering_service == "iptables"
  tags:
  - CCE-91244-4
  - NIST-800-53-CM-6(a)
  - PCI-DSS-Req-1.4.1
  - enable_strategy
  - low_complexity
  - low_disruption
  - medium_severity
  - no_reboot_needed
  - package_iptables_installed
</fix>
          <check system="http://oval.mitre.org/XMLSchema/oval-definitions-5">
            <check-export export-name="oval:ssg-var_network_filtering_service:var:1" value-id="xccdf_org.ssgproject.content_value_var_network_filtering_service"/>
            <check-content-ref name="oval:ssg-package_iptables_installed:def:1" href="ssg-sle15-oval.xml"/>
          </check>
          <check system="http://scap.nist.gov/schema/ocil/2">
            <check-content-ref name="ocil:ssg-package_iptables_installed_ocil:questionnaire:1" href="ssg-sle15-ocil.xml"/>
          </check>
        </Rule>
        <Rule id="xccdf_org.ssgproject.content_rule_directory_groupowner_etc_iptables" selected="false" role="full" severity="medium">
          <title xmlns:xhtml="http://www.w3.org/1999/xhtml" xml:lang="en-US">Verify Group Who Owns /etc/iptables Directory</title>
          <description xmlns:xhtml="http://www.w3.org/1999/xhtml" xml:lang="en-US"> To properly set the group owner of <html:code xmlns:html="http://www.w3.org/1999/xhtml">/etc/iptables</html:code>, run the command:
<html:pre xmlns:html="http://www.w3.org/1999/xhtml">$ sudo chgrp root /etc/iptables</html:pre>
       </description>
          <reference href="https://cyber.gouv.fr/sites/default/files/document/linux_configuration-en-v2.pdf">R50</reference>
          <rationale xmlns:xhtml="http://www.w3.org/1999/xhtml" xml:lang="en-US">The ownership of the /etc/iptables directory by the root group is important
because this directory hosts iptables configuration. Protection of this
file is critical for system security. Assigning the ownership to root
ensures exclusive control of the iptables configuration.</rationale>
          <platform idref="#package_iptables"/>
          <fix xmlns:xhtml="http://www.w3.org/1999/xhtml" id="directory_groupowner_etc_iptables" system="urn:xccdf:fix:script:sh" complexity="low" disruption="low" strategy="configure"># Remediation is applicable only in certain platforms
if rpm --quiet -q iptables; then

newgroup=""
if getent group "root" &gt;/dev/null 2&gt;&amp;1; then
  newgroup="root"
fi

if [[ -z "${newgroup}" ]]; then
  &gt;&amp;2 echo "root is not a defined group on the system"
else
find -P /etc/iptables/ -maxdepth 0 -type d  ! -group root -exec chgrp --no-dereference "$newgroup" {} \;

fi

else
    &gt;&amp;2 echo 'Remediation is not applicable, nothing was done'
fi
</fix>
          <fix xmlns:xhtml="http://www.w3.org/1999/xhtml" id="directory_groupowner_etc_iptables" system="urn:xccdf:fix:script:ansible" complexity="low" disruption="low" strategy="configure">- name: Gather the package facts
  package_facts:
    manager: auto
  tags:
  - configure_strategy
  - directory_groupowner_etc_iptables
  - low_complexity
  - low_disruption
  - medium_severity
  - no_reboot_needed

- name: Check that the root group is defined
  ansible.builtin.getent:
    database: group
    key: root
  ignore_errors: true
  when:
  - '"iptables" in ansible_facts.packages'
  - directory_groupowner_etc_iptables_newgroup is undefined
  tags:
  - configure_strategy
  - directory_groupowner_etc_iptables
  - low_complexity
  - low_disruption
  - medium_severity
  - no_reboot_needed

- name: Set the directory_groupowner_etc_iptables_newgroup variable if root found
  ansible.builtin.set_fact:
    directory_groupowner_etc_iptables_newgroup: root
  when:
  - '"iptables" in ansible_facts.packages'
  - ansible_facts.getent_group["root"] is defined
  tags:
  - configure_strategy
  - directory_groupowner_etc_iptables
  - low_complexity
  - low_disruption
  - medium_severity
  - no_reboot_needed

- name: Ensure group owner on /etc/iptables/
  ansible.builtin.file:
    path: /etc/iptables/
    follow: false
    state: directory
    group: '{{ directory_groupowner_etc_iptables_newgroup }}'
  when: '"iptables" in ansible_facts.packages'
  tags:
  - configure_strategy
  - directory_groupowner_etc_iptables
  - low_complexity
  - low_disruption
  - medium_severity
  - no_reboot_needed
</fix>
          <check system="http://oval.mitre.org/XMLSchema/oval-definitions-5">
            <check-content-ref name="oval:ssg-directory_groupowner_etc_iptables:def:1" href="ssg-sle15-oval.xml"/>
          </check>
          <check system="http://scap.nist.gov/schema/ocil/2">
            <check-content-ref name="ocil:ssg-directory_groupowner_etc_iptables_ocil:questionnaire:1" href="ssg-sle15-ocil.xml"/>
          </check>
        </Rule>
        <Rule id="xccdf_org.ssgproject.content_rule_directory_owner_etc_iptables" selected="false" role="full" severity="medium">
          <title xmlns:xhtml="http://www.w3.org/1999/xhtml" xml:lang="en-US">Verify User Who Owns /etc/iptables Directory</title>
          <description xmlns:xhtml="http://www.w3.org/1999/xhtml" xml:lang="en-US"> To properly set the owner of <html:code xmlns:html="http://www.w3.org/1999/xhtml">/etc/iptables</html:code>, run the command:
<html:pre xmlns:html="http://www.w3.org/1999/xhtml">$ sudo chown root /etc/iptables </html:pre>
       </description>
          <reference href="https://cyber.gouv.fr/sites/default/files/document/linux_configuration-en-v2.pdf">R50</reference>
          <rationale xmlns:xhtml="http://www.w3.org/1999/xhtml" xml:lang="en-US">The ownership of the /etc/iptables directory by the root user is important
because this directory hosts iptables configuration. Protection of this
file is critical for system security. Assigning the ownership to root
ensures exclusive control of the iptables configuration.</rationale>
          <platform idref="#package_iptables"/>
          <fix xmlns:xhtml="http://www.w3.org/1999/xhtml" id="directory_owner_etc_iptables" system="urn:xccdf:fix:script:sh" complexity="low" disruption="low" strategy="configure"># Remediation is applicable only in certain platforms
if rpm --quiet -q iptables; then

newown=""
if id "0" &gt;/dev/null 2&gt;&amp;1; then
  newown="0"
fi

if [[ -z "$newown" ]]; then
  &gt;&amp;2 echo "0 is not a defined user on the system"
else
find -P /etc/iptables/ -maxdepth 0 -type d  ! -user 0 -exec chown --no-dereference "$newown" {} \;

fi

else
    &gt;&amp;2 echo 'Remediation is not applicable, nothing was done'
fi
</fix>
          <fix xmlns:xhtml="http://www.w3.org/1999/xhtml" id="directory_owner_etc_iptables" system="urn:xccdf:fix:script:ansible" complexity="low" disruption="low" strategy="configure">- name: Gather the package facts
  package_facts:
    manager: auto
  tags:
  - configure_strategy
  - directory_owner_etc_iptables
  - low_complexity
  - low_disruption
  - medium_severity
  - no_reboot_needed

- name: Set the directory_owner_etc_iptables_newown variable if represented by uid
  ansible.builtin.set_fact:
    directory_owner_etc_iptables_newown: '0'
  when: '"iptables" in ansible_facts.packages'
  tags:
  - configure_strategy
  - directory_owner_etc_iptables
  - low_complexity
  - low_disruption
  - medium_severity
  - no_reboot_needed

- name: Ensure owner on directory /etc/iptables/
  ansible.builtin.file:
    path: /etc/iptables/
    follow: false
    state: directory
    owner: '{{ directory_owner_etc_iptables_newown }}'
  when: '"iptables" in ansible_facts.packages'
  tags:
  - configure_strategy
  - directory_owner_etc_iptables
  - low_complexity
  - low_disruption
  - medium_severity
  - no_reboot_needed
</fix>
          <check system="http://oval.mitre.org/XMLSchema/oval-definitions-5">
            <check-content-ref name="oval:ssg-directory_owner_etc_iptables:def:1" href="ssg-sle15-oval.xml"/>
          </check>
          <check system="http://scap.nist.gov/schema/ocil/2">
            <check-content-ref name="ocil:ssg-directory_owner_etc_iptables_ocil:questionnaire:1" href="ssg-sle15-ocil.xml"/>
          </check>
        </Rule>
        <Rule id="xccdf_org.ssgproject.content_rule_directory_permissions_etc_iptables" selected="false" role="full" severity="medium">
          <title xmlns:xhtml="http://www.w3.org/1999/xhtml" xml:lang="en-US">Verify Permissions On /etc/iptables Directory</title>
          <description xmlns:xhtml="http://www.w3.org/1999/xhtml" xml:lang="en-US"> To properly set the permissions of <html:code xmlns:html="http://www.w3.org/1999/xhtml">/etc/iptables</html:code>, run the command: <html:pre xmlns:html="http://www.w3.org/1999/xhtml">$ sudo chmod 0700 /etc/iptables</html:pre>
       </description>
          <reference href="https://cyber.gouv.fr/sites/default/files/document/linux_configuration-en-v2.pdf">R50</reference>
          <rationale xmlns:xhtml="http://www.w3.org/1999/xhtml" xml:lang="en-US">Setting correct permissions on the /etc/iptables directory is important
because this directory hosts iptables configuration. Protection of this
directory is critical for system security. Restricting the permissions
ensures exclusive control of the iptables configuration.</rationale>
          <platform idref="#package_iptables"/>
          <fix xmlns:xhtml="http://www.w3.org/1999/xhtml" id="directory_permissions_etc_iptables" system="urn:xccdf:fix:script:sh" complexity="low" disruption="low" strategy="configure"># Remediation is applicable only in certain platforms
if rpm --quiet -q iptables; then

find -H /etc/iptables/ -maxdepth 0 -perm /u+s,g+xwrs,o+xwrt -type d -exec chmod u-s,g-xwrs,o-xwrt {} \;

else
    &gt;&amp;2 echo 'Remediation is not applicable, nothing was done'
fi
</fix>
          <fix xmlns:xhtml="http://www.w3.org/1999/xhtml" id="directory_permissions_etc_iptables" system="urn:xccdf:fix:script:ansible" complexity="low" disruption="low" strategy="configure">- name: Gather the package facts
  package_facts:
    manager: auto
  tags:
  - configure_strategy
  - directory_permissions_etc_iptables
  - low_complexity
  - low_disruption
  - medium_severity
  - no_reboot_needed

- name: Find /etc/iptables/ file(s)
  ansible.builtin.command: 'find -P /etc/iptables/ -maxdepth 0 -perm /u+s,g+xwrs,o+xwrt  -type
    d '
  register: files_found
  changed_when: false
  failed_when: false
  check_mode: false
  when: '"iptables" in ansible_facts.packages'
  tags:
  - configure_strategy
  - directory_permissions_etc_iptables
  - low_complexity
  - low_disruption
  - medium_severity
  - no_reboot_needed

- name: Set permissions for /etc/iptables/ file(s)
  ansible.builtin.file:
    path: '{{ item }}'
    mode: u-s,g-xwrs,o-xwrt
    state: directory
  with_items:
  - '{{ files_found.stdout_lines }}'
  when: '"iptables" in ansible_facts.packages'
  tags:
  - configure_strategy
  - directory_permissions_etc_iptables
  - low_complexity
  - low_disruption
  - medium_severity
  - no_reboot_needed
</fix>
          <check system="http://oval.mitre.org/XMLSchema/oval-definitions-5">
            <check-content-ref name="oval:ssg-directory_permissions_etc_iptables:def:1" href="ssg-sle15-oval.xml"/>
          </check>
          <check system="http://scap.nist.gov/schema/ocil/2">
            <check-content-ref name="ocil:ssg-directory_permissions_etc_iptables_ocil:questionnaire:1" href="ssg-sle15-ocil.xml"/>
          </check>
        </Rule>
        <Rule id="xccdf_org.ssgproject.content_rule_ensure_iptables_are_flushed" selected="false" role="full" severity="medium">
          <title xmlns:xhtml="http://www.w3.org/1999/xhtml" xml:lang="en-US">Ensure iptables are flushed</title>
          <description xmlns:xhtml="http://www.w3.org/1999/xhtml" xml:lang="en-US">nftables is a replacement for iptables, ip6tables, ebtables and arptables</description>
          <reference href="https://www.cisecurity.org/benchmark/suse_linux/">3.5.2.3</reference>
          <rationale xmlns:xhtml="http://www.w3.org/1999/xhtml" xml:lang="en-US">It is possible to mix iptables and nftables. However, this increases complexity
and also the chance to introduce errors. For simplicity flush out all iptables
rules, and ensure it is not loaded.</rationale>
          <platform idref="#package_iptables"/>
          <ident system="https://ncp.nist.gov/cce">CCE-92523-0</ident>
          <check system="http://scap.nist.gov/schema/ocil/2">
            <check-content-ref name="ocil:ssg-ensure_iptables_are_flushed_ocil:questionnaire:1" href="ssg-sle15-ocil.xml"/>
          </check>
        </Rule>
        <Group id="xccdf_org.ssgproject.content_group_iptables_activation">
          <title xmlns:xhtml="http://www.w3.org/1999/xhtml" xml:lang="en-US">Inspect and Activate Default Rules</title>
          <description xmlns:xhtml="http://www.w3.org/1999/xhtml" xml:lang="en-US">View the currently-enforced <html:code xmlns:html="http://www.w3.org/1999/xhtml">iptables</html:code> rules by running
the command:
<html:pre xmlns:html="http://www.w3.org/1999/xhtml">$ sudo iptables -nL --line-numbers</html:pre>
The command is analogous for <html:code xmlns:html="http://www.w3.org/1999/xhtml">ip6tables</html:code>.
<html:br xmlns:html="http://www.w3.org/1999/xhtml"/>
        <html:br xmlns:html="http://www.w3.org/1999/xhtml"/>
If the firewall does not appear to be active (i.e., no rules
appear), activate it and ensure that it starts at boot by issuing
the following commands (and analogously for <html:code xmlns:html="http://www.w3.org/1999/xhtml">ip6tables</html:code>):
<html:pre xmlns:html="http://www.w3.org/1999/xhtml">$ sudo service iptables restart</html:pre>
The default iptables rules are:
<html:pre xmlns:html="http://www.w3.org/1999/xhtml">Chain INPUT (policy ACCEPT)
num  target     prot opt source       destination
1    ACCEPT     all  --  0.0.0.0/0    0.0.0.0/0    state RELATED,ESTABLISHED 
2    ACCEPT     icmp --  0.0.0.0/0    0.0.0.0/0
3    ACCEPT     all  --  0.0.0.0/0    0.0.0.0/0
4    ACCEPT     tcp  --  0.0.0.0/0    0.0.0.0/0    state NEW tcp dpt:22 
5    REJECT     all  --  0.0.0.0/0    0.0.0.0/0    reject-with icmp-host-prohibited 

Chain FORWARD (policy ACCEPT)
num  target     prot opt source       destination
1    REJECT     all  --  0.0.0.0/0    0.0.0.0/0    reject-with icmp-host-prohibited 

Chain OUTPUT (policy ACCEPT)
num  target     prot opt source       destination</html:pre>
The <html:code xmlns:html="http://www.w3.org/1999/xhtml">ip6tables</html:code> default rules are essentially the same.</description>
          <Rule id="xccdf_org.ssgproject.content_rule_service_ip6tables_enabled" selected="false" role="full" severity="medium">
            <title xmlns:xhtml="http://www.w3.org/1999/xhtml" xml:lang="en-US">Verify ip6tables Enabled if Using IPv6</title>
            <description xmlns:xhtml="http://www.w3.org/1999/xhtml" xml:lang="en-US">
The <html:code xmlns:html="http://www.w3.org/1999/xhtml">ip6tables</html:code> service can be enabled with the following command:
<html:pre xmlns:html="http://www.w3.org/1999/xhtml">$ sudo systemctl enable ip6tables.service</html:pre>
        </description>
            <reference href="https://www.cisecurity.org/controls/">1</reference>
            <reference href="https://www.cisecurity.org/controls/">11</reference>
            <reference href="https://www.cisecurity.org/controls/">12</reference>
            <reference href="https://www.cisecurity.org/controls/">13</reference>
            <reference href="https://www.cisecurity.org/controls/">14</reference>
            <reference href="https://www.cisecurity.org/controls/">15</reference>
            <reference href="https://www.cisecurity.org/controls/">16</reference>
            <reference href="https://www.cisecurity.org/controls/">18</reference>
            <reference href="https://www.cisecurity.org/controls/">3</reference>
            <reference href="https://www.cisecurity.org/controls/">4</reference>
            <reference href="https://www.cisecurity.org/controls/">6</reference>
            <reference href="https://www.cisecurity.org/controls/">8</reference>
            <reference href="https://www.cisecurity.org/controls/">9</reference>
            <reference href="https://www.isaca.org/resources/cobit">APO01.06</reference>
            <reference href="https://www.isaca.org/resources/cobit">APO13.01</reference>
            <reference href="https://www.isaca.org/resources/cobit">BAI10.01</reference>
            <reference href="https://www.isaca.org/resources/cobit">BAI10.02</reference>
            <reference href="https://www.isaca.org/resources/cobit">BAI10.03</reference>
            <reference href="https://www.isaca.org/resources/cobit">BAI10.05</reference>
            <reference href="https://www.isaca.org/resources/cobit">DSS01.05</reference>
            <reference href="https://www.isaca.org/resources/cobit">DSS03.01</reference>
            <reference href="https://www.isaca.org/resources/cobit">DSS05.02</reference>
            <reference href="https://www.isaca.org/resources/cobit">DSS05.04</reference>
            <reference href="https://www.isaca.org/resources/cobit">DSS05.05</reference>
            <reference href="https://www.isaca.org/resources/cobit">DSS05.07</reference>
            <reference href="https://www.isaca.org/resources/cobit">DSS06.02</reference>
            <reference href="https://www.isaca.org/resources/cobit">DSS06.06</reference>
            <reference href="https://www.isa.org/products/isa-62443-2-1-2009-security-for-industrial-automat">4.2.3.4</reference>
            <reference href="https://www.isa.org/products/isa-62443-2-1-2009-security-for-industrial-automat">4.3.3.4</reference>
            <reference href="https://www.isa.org/products/isa-62443-2-1-2009-security-for-industrial-automat">4.3.3.5.1</reference>
            <reference href="https://www.isa.org/products/isa-62443-2-1-2009-security-for-industrial-automat">4.3.3.5.2</reference>
            <reference href="https://www.isa.org/products/isa-62443-2-1-2009-security-for-industrial-automat">4.3.3.5.3</reference>
            <reference href="https://www.isa.org/products/isa-62443-2-1-2009-security-for-industrial-automat">4.3.3.5.4</reference>
            <reference href="https://www.isa.org/products/isa-62443-2-1-2009-security-for-industrial-automat">4.3.3.5.5</reference>
            <reference href="https://www.isa.org/products/isa-62443-2-1-2009-security-for-industrial-automat">4.3.3.5.6</reference>
            <reference href="https://www.isa.org/products/isa-62443-2-1-2009-security-for-industrial-automat">4.3.3.5.7</reference>
            <reference href="https://www.isa.org/products/isa-62443-2-1-2009-security-for-industrial-automat">4.3.3.5.8</reference>
            <reference href="https://www.isa.org/products/isa-62443-2-1-2009-security-for-industrial-automat">4.3.3.6.1</reference>
            <reference href="https://www.isa.org/products/isa-62443-2-1-2009-security-for-industrial-automat">4.3.3.6.2</reference>
            <reference href="https://www.isa.org/products/isa-62443-2-1-2009-security-for-industrial-automat">4.3.3.6.3</reference>
            <reference href="https://www.isa.org/products/isa-62443-2-1-2009-security-for-industrial-automat">4.3.3.6.4</reference>
            <reference href="https://www.isa.org/products/isa-62443-2-1-2009-security-for-industrial-automat">4.3.3.6.5</reference>
            <reference href="https://www.isa.org/products/isa-62443-2-1-2009-security-for-industrial-automat">4.3.3.6.6</reference>
            <reference href="https://www.isa.org/products/isa-62443-2-1-2009-security-for-industrial-automat">4.3.3.6.7</reference>
            <reference href="https://www.isa.org/products/isa-62443-2-1-2009-security-for-industrial-automat">4.3.3.6.8</reference>
            <reference href="https://www.isa.org/products/isa-62443-2-1-2009-security-for-industrial-automat">4.3.3.6.9</reference>
            <reference href="https://www.isa.org/products/isa-62443-2-1-2009-security-for-industrial-automat">4.3.3.7.1</reference>
            <reference href="https://www.isa.org/products/isa-62443-2-1-2009-security-for-industrial-automat">4.3.3.7.2</reference>
            <reference href="https://www.isa.org/products/isa-62443-2-1-2009-security-for-industrial-automat">4.3.3.7.3</reference>
            <reference href="https://www.isa.org/products/isa-62443-2-1-2009-security-for-industrial-automat">4.3.3.7.4</reference>
            <reference href="https://www.isa.org/products/isa-62443-2-1-2009-security-for-industrial-automat">4.3.4.3.2</reference>
            <reference href="https://www.isa.org/products/isa-62443-2-1-2009-security-for-industrial-automat">4.3.4.3.3</reference>
            <reference href="https://www.isa.org/products/isa-62443-2-1-2009-security-for-industrial-automat">4.4.3.3</reference>
            <reference href="https://www.isa.org/products/ansi-isa-62443-3-3-99-03-03-2013-security-for-indu">SR 1.1</reference>
            <reference href="https://www.isa.org/products/ansi-isa-62443-3-3-99-03-03-2013-security-for-indu">SR 1.10</reference>
            <reference href="https://www.isa.org/products/ansi-isa-62443-3-3-99-03-03-2013-security-for-indu">SR 1.11</reference>
            <reference href="https://www.isa.org/products/ansi-isa-62443-3-3-99-03-03-2013-security-for-indu">SR 1.12</reference>
            <reference href="https://www.isa.org/products/ansi-isa-62443-3-3-99-03-03-2013-security-for-indu">SR 1.13</reference>
            <reference href="https://www.isa.org/products/ansi-isa-62443-3-3-99-03-03-2013-security-for-indu">SR 1.2</reference>
            <reference href="https://www.isa.org/products/ansi-isa-62443-3-3-99-03-03-2013-security-for-indu">SR 1.3</reference>
            <reference href="https://www.isa.org/products/ansi-isa-62443-3-3-99-03-03-2013-security-for-indu">SR 1.4</reference>
            <reference href="https://www.isa.org/products/ansi-isa-62443-3-3-99-03-03-2013-security-for-indu">SR 1.5</reference>
            <reference href="https://www.isa.org/products/ansi-isa-62443-3-3-99-03-03-2013-security-for-indu">SR 1.6</reference>
            <reference href="https://www.isa.org/products/ansi-isa-62443-3-3-99-03-03-2013-security-for-indu">SR 1.7</reference>
            <reference href="https://www.isa.org/products/ansi-isa-62443-3-3-99-03-03-2013-security-for-indu">SR 1.8</reference>
            <reference href="https://www.isa.org/products/ansi-isa-62443-3-3-99-03-03-2013-security-for-indu">SR 1.9</reference>
            <reference href="https://www.isa.org/products/ansi-isa-62443-3-3-99-03-03-2013-security-for-indu">SR 2.1</reference>
            <reference href="https://www.isa.org/products/ansi-isa-62443-3-3-99-03-03-2013-security-for-indu">SR 2.2</reference>
            <reference href="https://www.isa.org/products/ansi-isa-62443-3-3-99-03-03-2013-security-for-indu">SR 2.3</reference>
            <reference href="https://www.isa.org/products/ansi-isa-62443-3-3-99-03-03-2013-security-for-indu">SR 2.4</reference>
            <reference href="https://www.isa.org/products/ansi-isa-62443-3-3-99-03-03-2013-security-for-indu">SR 2.5</reference>
            <reference href="https://www.isa.org/products/ansi-isa-62443-3-3-99-03-03-2013-security-for-indu">SR 2.6</reference>
            <reference href="https://www.isa.org/products/ansi-isa-62443-3-3-99-03-03-2013-security-for-indu">SR 2.7</reference>
            <reference href="https://www.isa.org/products/ansi-isa-62443-3-3-99-03-03-2013-security-for-indu">SR 3.1</reference>
            <reference href="https://www.isa.org/products/ansi-isa-62443-3-3-99-03-03-2013-security-for-indu">SR 3.5</reference>
            <reference href="https://www.isa.org/products/ansi-isa-62443-3-3-99-03-03-2013-security-for-indu">SR 3.8</reference>
            <reference href="https://www.isa.org/products/ansi-isa-62443-3-3-99-03-03-2013-security-for-indu">SR 4.1</reference>
            <reference href="https://www.isa.org/products/ansi-isa-62443-3-3-99-03-03-2013-security-for-indu">SR 4.3</reference>
            <reference href="https://www.isa.org/products/ansi-isa-62443-3-3-99-03-03-2013-security-for-indu">SR 5.1</reference>
            <reference href="https://www.isa.org/products/ansi-isa-62443-3-3-99-03-03-2013-security-for-indu">SR 5.2</reference>
            <reference href="https://www.isa.org/products/ansi-isa-62443-3-3-99-03-03-2013-security-for-indu">SR 5.3</reference>
            <reference href="https://www.isa.org/products/ansi-isa-62443-3-3-99-03-03-2013-security-for-indu">SR 7.1</reference>
            <reference href="https://www.isa.org/products/ansi-isa-62443-3-3-99-03-03-2013-security-for-indu">SR 7.6</reference>
            <reference href="https://www.iso.org/contents/data/standard/05/45/54534.html">A.10.1.1</reference>
            <reference href="https://www.iso.org/contents/data/standard/05/45/54534.html">A.11.1.4</reference>
            <reference href="https://www.iso.org/contents/data/standard/05/45/54534.html">A.11.1.5</reference>
            <reference href="https://www.iso.org/contents/data/standard/05/45/54534.html">A.11.2.1</reference>
            <reference href="https://www.iso.org/contents/data/standard/05/45/54534.html">A.12.1.1</reference>
            <reference href="https://www.iso.org/contents/data/standard/05/45/54534.html">A.12.1.2</reference>
            <reference href="https://www.iso.org/contents/data/standard/05/45/54534.html">A.12.5.1</reference>
            <reference href="https://www.iso.org/contents/data/standard/05/45/54534.html">A.12.6.2</reference>
            <reference href="https://www.iso.org/contents/data/standard/05/45/54534.html">A.13.1.1</reference>
            <reference href="https://www.iso.org/contents/data/standard/05/45/54534.html">A.13.1.2</reference>
            <reference href="https://www.iso.org/contents/data/standard/05/45/54534.html">A.13.1.3</reference>
            <reference href="https://www.iso.org/contents/data/standard/05/45/54534.html">A.13.2.1</reference>
            <reference href="https://www.iso.org/contents/data/standard/05/45/54534.html">A.13.2.2</reference>
            <reference href="https://www.iso.org/contents/data/standard/05/45/54534.html">A.13.2.3</reference>
            <reference href="https://www.iso.org/contents/data/standard/05/45/54534.html">A.13.2.4</reference>
            <reference href="https://www.iso.org/contents/data/standard/05/45/54534.html">A.14.1.2</reference>
            <reference href="https://www.iso.org/contents/data/standard/05/45/54534.html">A.14.1.3</reference>
            <reference href="https://www.iso.org/contents/data/standard/05/45/54534.html">A.14.2.2</reference>
            <reference href="https://www.iso.org/contents/data/standard/05/45/54534.html">A.14.2.3</reference>
            <reference href="https://www.iso.org/contents/data/standard/05/45/54534.html">A.14.2.4</reference>
            <reference href="https://www.iso.org/contents/data/standard/05/45/54534.html">A.6.1.2</reference>
            <reference href="https://www.iso.org/contents/data/standard/05/45/54534.html">A.7.1.1</reference>
            <reference href="https://www.iso.org/contents/data/standard/05/45/54534.html">A.7.1.2</reference>
            <reference href="https://www.iso.org/contents/data/standard/05/45/54534.html">A.7.3.1</reference>
            <reference href="https://www.iso.org/contents/data/standard/05/45/54534.html">A.8.2.2</reference>
            <reference href="https://www.iso.org/contents/data/standard/05/45/54534.html">A.8.2.3</reference>
            <reference href="https://www.iso.org/contents/data/standard/05/45/54534.html">A.9.1.1</reference>
            <reference href="https://www.iso.org/contents/data/standard/05/45/54534.html">A.9.1.2</reference>
            <reference href="https://www.iso.org/contents/data/standard/05/45/54534.html">A.9.2.3</reference>
            <reference href="https://www.iso.org/contents/data/standard/05/45/54534.html">A.9.4.1</reference>
            <reference href="https://www.iso.org/contents/data/standard/05/45/54534.html">A.9.4.4</reference>
            <reference href="https://www.iso.org/contents/data/standard/05/45/54534.html">A.9.4.5</reference>
            <reference href="https://www.nerc.com/standards/reliability-standards/cip">CIP-003-8 R4</reference>
            <reference href="https://www.nerc.com/standards/reliability-standards/cip">CIP-003-8 R5</reference>
            <reference href="https://www.nerc.com/standards/reliability-standards/cip">CIP-004-6 R3</reference>
            <reference href="http://nvlpubs.nist.gov/nistpubs/SpecialPublications/NIST.SP.800-53r4.pdf">AC-4</reference>
            <reference href="http://nvlpubs.nist.gov/nistpubs/SpecialPublications/NIST.SP.800-53r4.pdf">CM-7(b)</reference>
            <reference href="http://nvlpubs.nist.gov/nistpubs/SpecialPublications/NIST.SP.800-53r4.pdf">CA-3(5)</reference>
            <reference href="http://nvlpubs.nist.gov/nistpubs/SpecialPublications/NIST.SP.800-53r4.pdf">SC-7(21)</reference>
            <reference href="http://nvlpubs.nist.gov/nistpubs/SpecialPublications/NIST.SP.800-53r4.pdf">CM-6(a)</reference>
            <reference href="https://nvlpubs.nist.gov/nistpubs/CSWP/NIST.CSWP.04162018.pdf">DE.AE-1</reference>
            <reference href="https://nvlpubs.nist.gov/nistpubs/CSWP/NIST.CSWP.04162018.pdf">ID.AM-3</reference>
            <reference href="https://nvlpubs.nist.gov/nistpubs/CSWP/NIST.CSWP.04162018.pdf">PR.AC-5</reference>
            <reference href="https://nvlpubs.nist.gov/nistpubs/CSWP/NIST.CSWP.04162018.pdf">PR.DS-5</reference>
            <reference href="https://nvlpubs.nist.gov/nistpubs/CSWP/NIST.CSWP.04162018.pdf">PR.IP-1</reference>
            <reference href="https://nvlpubs.nist.gov/nistpubs/CSWP/NIST.CSWP.04162018.pdf">PR.PT-3</reference>
            <reference href="https://nvlpubs.nist.gov/nistpubs/CSWP/NIST.CSWP.04162018.pdf">PR.PT-4</reference>
            <rationale xmlns:xhtml="http://www.w3.org/1999/xhtml" xml:lang="en-US">The <html:code xmlns:html="http://www.w3.org/1999/xhtml">ip6tables</html:code> service provides the system's host-based firewalling
capability for IPv6 and ICMPv6.</rationale>
            <platform idref="#system_with_kernel"/>
            <fix xmlns:xhtml="http://www.w3.org/1999/xhtml" id="service_ip6tables_enabled" system="urn:xccdf:fix:script:sh" complexity="low" disruption="low" strategy="enable"># Remediation is applicable only in certain platforms
if rpm --quiet -q kernel-default || rpm --quiet -q kernel-default-base; then

var_network_filtering_service='<xccdf-1.2:sub xmlns:xccdf-1.2="http://checklists.nist.gov/xccdf/1.2" idref="xccdf_org.ssgproject.content_value_var_network_filtering_service" use="legacy"/>'


SYSTEMCTL_EXEC='/usr/bin/systemctl'

if [ $var_network_filtering_service == iptables ]; then
  "$SYSTEMCTL_EXEC" unmask 'iptables.service'
  "$SYSTEMCTL_EXEC" start 'iptables.service'
  "$SYSTEMCTL_EXEC" enable 'iptables.service'
fi

else
    &gt;&amp;2 echo 'Remediation is not applicable, nothing was done'
fi
</fix>
            <fix xmlns:xhtml="http://www.w3.org/1999/xhtml" id="service_ip6tables_enabled" system="urn:xccdf:fix:script:ansible" complexity="low" disruption="low" strategy="enable">- name: Gather the package facts
  package_facts:
    manager: auto
  tags:
  - NIST-800-53-AC-4
  - NIST-800-53-CA-3(5)
  - NIST-800-53-CM-6(a)
  - NIST-800-53-CM-7(b)
  - NIST-800-53-SC-7(21)
  - enable_strategy
  - low_complexity
  - low_disruption
  - medium_severity
  - no_reboot_needed
  - service_ip6tables_enabled
- name: XCCDF Value var_network_filtering_service # promote to variable
  set_fact:
    var_network_filtering_service: !!str <xccdf-1.2:sub xmlns:xccdf-1.2="http://checklists.nist.gov/xccdf/1.2" idref="xccdf_org.ssgproject.content_value_var_network_filtering_service" use="legacy"/>
  tags:
    - always

- name: Enable service iptables
  block:

  - name: Gather the package facts
    ansible.builtin.package_facts:
      manager: auto

  - name: Enable service iptables
    ansible.builtin.systemd:
      name: iptables
      enabled: 'yes'
      state: started
      masked: 'no'
    when:
    - '"iptables" in ansible_facts.packages'
    - var_network_filtering_service == "iptables"
    - var_network_filtering_service == "iptables"
  when: ("kernel-default" in ansible_facts.packages or "kernel-default-base" in ansible_facts.packages)
  tags:
  - NIST-800-53-AC-4
  - NIST-800-53-CA-3(5)
  - NIST-800-53-CM-6(a)
  - NIST-800-53-CM-7(b)
  - NIST-800-53-SC-7(21)
  - enable_strategy
  - low_complexity
  - low_disruption
  - medium_severity
  - no_reboot_needed
  - service_ip6tables_enabled
</fix>
            <check system="http://oval.mitre.org/XMLSchema/oval-definitions-5">
              <check-export export-name="oval:ssg-var_network_filtering_service:var:1" value-id="xccdf_org.ssgproject.content_value_var_network_filtering_service"/>
              <check-content-ref name="oval:ssg-service_ip6tables_enabled:def:1" href="ssg-sle15-oval.xml"/>
            </check>
            <check system="http://scap.nist.gov/schema/ocil/2">
              <check-content-ref name="ocil:ssg-service_ip6tables_enabled_ocil:questionnaire:1" href="ssg-sle15-ocil.xml"/>
            </check>
          </Rule>
          <Rule id="xccdf_org.ssgproject.content_rule_service_iptables_enabled" selected="false" role="full" severity="medium">
            <title xmlns:xhtml="http://www.w3.org/1999/xhtml" xml:lang="en-US">Verify iptables Enabled</title>
            <description xmlns:xhtml="http://www.w3.org/1999/xhtml" xml:lang="en-US">
The <html:code xmlns:html="http://www.w3.org/1999/xhtml">iptables</html:code> service can be enabled with the following command:
<html:pre xmlns:html="http://www.w3.org/1999/xhtml">$ sudo systemctl enable iptables.service</html:pre>
        </description>
            <reference href="https://www.cisecurity.org/controls/">1</reference>
            <reference href="https://www.cisecurity.org/controls/">11</reference>
            <reference href="https://www.cisecurity.org/controls/">12</reference>
            <reference href="https://www.cisecurity.org/controls/">13</reference>
            <reference href="https://www.cisecurity.org/controls/">14</reference>
            <reference href="https://www.cisecurity.org/controls/">15</reference>
            <reference href="https://www.cisecurity.org/controls/">16</reference>
            <reference href="https://www.cisecurity.org/controls/">18</reference>
            <reference href="https://www.cisecurity.org/controls/">3</reference>
            <reference href="https://www.cisecurity.org/controls/">4</reference>
            <reference href="https://www.cisecurity.org/controls/">6</reference>
            <reference href="https://www.cisecurity.org/controls/">8</reference>
            <reference href="https://www.cisecurity.org/controls/">9</reference>
            <reference href="https://www.isaca.org/resources/cobit">APO01.06</reference>
            <reference href="https://www.isaca.org/resources/cobit">APO13.01</reference>
            <reference href="https://www.isaca.org/resources/cobit">BAI10.01</reference>
            <reference href="https://www.isaca.org/resources/cobit">BAI10.02</reference>
            <reference href="https://www.isaca.org/resources/cobit">BAI10.03</reference>
            <reference href="https://www.isaca.org/resources/cobit">BAI10.05</reference>
            <reference href="https://www.isaca.org/resources/cobit">DSS01.05</reference>
            <reference href="https://www.isaca.org/resources/cobit">DSS03.01</reference>
            <reference href="https://www.isaca.org/resources/cobit">DSS05.02</reference>
            <reference href="https://www.isaca.org/resources/cobit">DSS05.04</reference>
            <reference href="https://www.isaca.org/resources/cobit">DSS05.05</reference>
            <reference href="https://www.isaca.org/resources/cobit">DSS05.07</reference>
            <reference href="https://www.isaca.org/resources/cobit">DSS06.02</reference>
            <reference href="https://www.isaca.org/resources/cobit">DSS06.06</reference>
            <reference href="https://www.isa.org/products/isa-62443-2-1-2009-security-for-industrial-automat">4.2.3.4</reference>
            <reference href="https://www.isa.org/products/isa-62443-2-1-2009-security-for-industrial-automat">4.3.3.4</reference>
            <reference href="https://www.isa.org/products/isa-62443-2-1-2009-security-for-industrial-automat">4.3.3.5.1</reference>
            <reference href="https://www.isa.org/products/isa-62443-2-1-2009-security-for-industrial-automat">4.3.3.5.2</reference>
            <reference href="https://www.isa.org/products/isa-62443-2-1-2009-security-for-industrial-automat">4.3.3.5.3</reference>
            <reference href="https://www.isa.org/products/isa-62443-2-1-2009-security-for-industrial-automat">4.3.3.5.4</reference>
            <reference href="https://www.isa.org/products/isa-62443-2-1-2009-security-for-industrial-automat">4.3.3.5.5</reference>
            <reference href="https://www.isa.org/products/isa-62443-2-1-2009-security-for-industrial-automat">4.3.3.5.6</reference>
            <reference href="https://www.isa.org/products/isa-62443-2-1-2009-security-for-industrial-automat">4.3.3.5.7</reference>
            <reference href="https://www.isa.org/products/isa-62443-2-1-2009-security-for-industrial-automat">4.3.3.5.8</reference>
            <reference href="https://www.isa.org/products/isa-62443-2-1-2009-security-for-industrial-automat">4.3.3.6.1</reference>
            <reference href="https://www.isa.org/products/isa-62443-2-1-2009-security-for-industrial-automat">4.3.3.6.2</reference>
            <reference href="https://www.isa.org/products/isa-62443-2-1-2009-security-for-industrial-automat">4.3.3.6.3</reference>
            <reference href="https://www.isa.org/products/isa-62443-2-1-2009-security-for-industrial-automat">4.3.3.6.4</reference>
            <reference href="https://www.isa.org/products/isa-62443-2-1-2009-security-for-industrial-automat">4.3.3.6.5</reference>
            <reference href="https://www.isa.org/products/isa-62443-2-1-2009-security-for-industrial-automat">4.3.3.6.6</reference>
            <reference href="https://www.isa.org/products/isa-62443-2-1-2009-security-for-industrial-automat">4.3.3.6.7</reference>
            <reference href="https://www.isa.org/products/isa-62443-2-1-2009-security-for-industrial-automat">4.3.3.6.8</reference>
            <reference href="https://www.isa.org/products/isa-62443-2-1-2009-security-for-industrial-automat">4.3.3.6.9</reference>
            <reference href="https://www.isa.org/products/isa-62443-2-1-2009-security-for-industrial-automat">4.3.3.7.1</reference>
            <reference href="https://www.isa.org/products/isa-62443-2-1-2009-security-for-industrial-automat">4.3.3.7.2</reference>
            <reference href="https://www.isa.org/products/isa-62443-2-1-2009-security-for-industrial-automat">4.3.3.7.3</reference>
            <reference href="https://www.isa.org/products/isa-62443-2-1-2009-security-for-industrial-automat">4.3.3.7.4</reference>
            <reference href="https://www.isa.org/products/isa-62443-2-1-2009-security-for-industrial-automat">4.3.4.3.2</reference>
            <reference href="https://www.isa.org/products/isa-62443-2-1-2009-security-for-industrial-automat">4.3.4.3.3</reference>
            <reference href="https://www.isa.org/products/isa-62443-2-1-2009-security-for-industrial-automat">4.4.3.3</reference>
            <reference href="https://www.isa.org/products/ansi-isa-62443-3-3-99-03-03-2013-security-for-indu">SR 1.1</reference>
            <reference href="https://www.isa.org/products/ansi-isa-62443-3-3-99-03-03-2013-security-for-indu">SR 1.10</reference>
            <reference href="https://www.isa.org/products/ansi-isa-62443-3-3-99-03-03-2013-security-for-indu">SR 1.11</reference>
            <reference href="https://www.isa.org/products/ansi-isa-62443-3-3-99-03-03-2013-security-for-indu">SR 1.12</reference>
            <reference href="https://www.isa.org/products/ansi-isa-62443-3-3-99-03-03-2013-security-for-indu">SR 1.13</reference>
            <reference href="https://www.isa.org/products/ansi-isa-62443-3-3-99-03-03-2013-security-for-indu">SR 1.2</reference>
            <reference href="https://www.isa.org/products/ansi-isa-62443-3-3-99-03-03-2013-security-for-indu">SR 1.3</reference>
            <reference href="https://www.isa.org/products/ansi-isa-62443-3-3-99-03-03-2013-security-for-indu">SR 1.4</reference>
            <reference href="https://www.isa.org/products/ansi-isa-62443-3-3-99-03-03-2013-security-for-indu">SR 1.5</reference>
            <reference href="https://www.isa.org/products/ansi-isa-62443-3-3-99-03-03-2013-security-for-indu">SR 1.6</reference>
            <reference href="https://www.isa.org/products/ansi-isa-62443-3-3-99-03-03-2013-security-for-indu">SR 1.7</reference>
            <reference href="https://www.isa.org/products/ansi-isa-62443-3-3-99-03-03-2013-security-for-indu">SR 1.8</reference>
            <reference href="https://www.isa.org/products/ansi-isa-62443-3-3-99-03-03-2013-security-for-indu">SR 1.9</reference>
            <reference href="https://www.isa.org/products/ansi-isa-62443-3-3-99-03-03-2013-security-for-indu">SR 2.1</reference>
            <reference href="https://www.isa.org/products/ansi-isa-62443-3-3-99-03-03-2013-security-for-indu">SR 2.2</reference>
            <reference href="https://www.isa.org/products/ansi-isa-62443-3-3-99-03-03-2013-security-for-indu">SR 2.3</reference>
            <reference href="https://www.isa.org/products/ansi-isa-62443-3-3-99-03-03-2013-security-for-indu">SR 2.4</reference>
            <reference href="https://www.isa.org/products/ansi-isa-62443-3-3-99-03-03-2013-security-for-indu">SR 2.5</reference>
            <reference href="https://www.isa.org/products/ansi-isa-62443-3-3-99-03-03-2013-security-for-indu">SR 2.6</reference>
            <reference href="https://www.isa.org/products/ansi-isa-62443-3-3-99-03-03-2013-security-for-indu">SR 2.7</reference>
            <reference href="https://www.isa.org/products/ansi-isa-62443-3-3-99-03-03-2013-security-for-indu">SR 3.1</reference>
            <reference href="https://www.isa.org/products/ansi-isa-62443-3-3-99-03-03-2013-security-for-indu">SR 3.5</reference>
            <reference href="https://www.isa.org/products/ansi-isa-62443-3-3-99-03-03-2013-security-for-indu">SR 3.8</reference>
            <reference href="https://www.isa.org/products/ansi-isa-62443-3-3-99-03-03-2013-security-for-indu">SR 4.1</reference>
            <reference href="https://www.isa.org/products/ansi-isa-62443-3-3-99-03-03-2013-security-for-indu">SR 4.3</reference>
            <reference href="https://www.isa.org/products/ansi-isa-62443-3-3-99-03-03-2013-security-for-indu">SR 5.1</reference>
            <reference href="https://www.isa.org/products/ansi-isa-62443-3-3-99-03-03-2013-security-for-indu">SR 5.2</reference>
            <reference href="https://www.isa.org/products/ansi-isa-62443-3-3-99-03-03-2013-security-for-indu">SR 5.3</reference>
            <reference href="https://www.isa.org/products/ansi-isa-62443-3-3-99-03-03-2013-security-for-indu">SR 7.1</reference>
            <reference href="https://www.isa.org/products/ansi-isa-62443-3-3-99-03-03-2013-security-for-indu">SR 7.6</reference>
            <reference href="https://www.iso.org/contents/data/standard/05/45/54534.html">A.10.1.1</reference>
            <reference href="https://www.iso.org/contents/data/standard/05/45/54534.html">A.11.1.4</reference>
            <reference href="https://www.iso.org/contents/data/standard/05/45/54534.html">A.11.1.5</reference>
            <reference href="https://www.iso.org/contents/data/standard/05/45/54534.html">A.11.2.1</reference>
            <reference href="https://www.iso.org/contents/data/standard/05/45/54534.html">A.12.1.1</reference>
            <reference href="https://www.iso.org/contents/data/standard/05/45/54534.html">A.12.1.2</reference>
            <reference href="https://www.iso.org/contents/data/standard/05/45/54534.html">A.12.5.1</reference>
            <reference href="https://www.iso.org/contents/data/standard/05/45/54534.html">A.12.6.2</reference>
            <reference href="https://www.iso.org/contents/data/standard/05/45/54534.html">A.13.1.1</reference>
            <reference href="https://www.iso.org/contents/data/standard/05/45/54534.html">A.13.1.2</reference>
            <reference href="https://www.iso.org/contents/data/standard/05/45/54534.html">A.13.1.3</reference>
            <reference href="https://www.iso.org/contents/data/standard/05/45/54534.html">A.13.2.1</reference>
            <reference href="https://www.iso.org/contents/data/standard/05/45/54534.html">A.13.2.2</reference>
            <reference href="https://www.iso.org/contents/data/standard/05/45/54534.html">A.13.2.3</reference>
            <reference href="https://www.iso.org/contents/data/standard/05/45/54534.html">A.13.2.4</reference>
            <reference href="https://www.iso.org/contents/data/standard/05/45/54534.html">A.14.1.2</reference>
            <reference href="https://www.iso.org/contents/data/standard/05/45/54534.html">A.14.1.3</reference>
            <reference href="https://www.iso.org/contents/data/standard/05/45/54534.html">A.14.2.2</reference>
            <reference href="https://www.iso.org/contents/data/standard/05/45/54534.html">A.14.2.3</reference>
            <reference href="https://www.iso.org/contents/data/standard/05/45/54534.html">A.14.2.4</reference>
            <reference href="https://www.iso.org/contents/data/standard/05/45/54534.html">A.6.1.2</reference>
            <reference href="https://www.iso.org/contents/data/standard/05/45/54534.html">A.7.1.1</reference>
            <reference href="https://www.iso.org/contents/data/standard/05/45/54534.html">A.7.1.2</reference>
            <reference href="https://www.iso.org/contents/data/standard/05/45/54534.html">A.7.3.1</reference>
            <reference href="https://www.iso.org/contents/data/standard/05/45/54534.html">A.8.2.2</reference>
            <reference href="https://www.iso.org/contents/data/standard/05/45/54534.html">A.8.2.3</reference>
            <reference href="https://www.iso.org/contents/data/standard/05/45/54534.html">A.9.1.1</reference>
            <reference href="https://www.iso.org/contents/data/standard/05/45/54534.html">A.9.1.2</reference>
            <reference href="https://www.iso.org/contents/data/standard/05/45/54534.html">A.9.2.3</reference>
            <reference href="https://www.iso.org/contents/data/standard/05/45/54534.html">A.9.4.1</reference>
            <reference href="https://www.iso.org/contents/data/standard/05/45/54534.html">A.9.4.4</reference>
            <reference href="https://www.iso.org/contents/data/standard/05/45/54534.html">A.9.4.5</reference>
            <reference href="https://www.nerc.com/standards/reliability-standards/cip">CIP-003-8 R4</reference>
            <reference href="https://www.nerc.com/standards/reliability-standards/cip">CIP-003-8 R5</reference>
            <reference href="https://www.nerc.com/standards/reliability-standards/cip">CIP-004-6 R3</reference>
            <reference href="http://nvlpubs.nist.gov/nistpubs/SpecialPublications/NIST.SP.800-53r4.pdf">AC-4</reference>
            <reference href="http://nvlpubs.nist.gov/nistpubs/SpecialPublications/NIST.SP.800-53r4.pdf">CM-7(b)</reference>
            <reference href="http://nvlpubs.nist.gov/nistpubs/SpecialPublications/NIST.SP.800-53r4.pdf">CA-3(5)</reference>
            <reference href="http://nvlpubs.nist.gov/nistpubs/SpecialPublications/NIST.SP.800-53r4.pdf">SC-7(21)</reference>
            <reference href="http://nvlpubs.nist.gov/nistpubs/SpecialPublications/NIST.SP.800-53r4.pdf">CM-6(a)</reference>
            <reference href="https://nvlpubs.nist.gov/nistpubs/CSWP/NIST.CSWP.04162018.pdf">DE.AE-1</reference>
            <reference href="https://nvlpubs.nist.gov/nistpubs/CSWP/NIST.CSWP.04162018.pdf">ID.AM-3</reference>
            <reference href="https://nvlpubs.nist.gov/nistpubs/CSWP/NIST.CSWP.04162018.pdf">PR.AC-5</reference>
            <reference href="https://nvlpubs.nist.gov/nistpubs/CSWP/NIST.CSWP.04162018.pdf">PR.DS-5</reference>
            <reference href="https://nvlpubs.nist.gov/nistpubs/CSWP/NIST.CSWP.04162018.pdf">PR.IP-1</reference>
            <reference href="https://nvlpubs.nist.gov/nistpubs/CSWP/NIST.CSWP.04162018.pdf">PR.PT-3</reference>
            <reference href="https://nvlpubs.nist.gov/nistpubs/CSWP/NIST.CSWP.04162018.pdf">PR.PT-4</reference>
            <reference href="https://www.cisecurity.org/benchmark/suse_linux/">3.5.3.1.1</reference>
            <rationale xmlns:xhtml="http://www.w3.org/1999/xhtml" xml:lang="en-US">The <html:code xmlns:html="http://www.w3.org/1999/xhtml">iptables</html:code> service provides the system's host-based firewalling
capability for IPv4 and ICMP.</rationale>
            <platform idref="#package_iptables_and_service_disabled_firewalld_and_system_with_kernel"/>
            <ident system="https://ncp.nist.gov/cce">CCE-92475-3</ident>
            <fix xmlns:xhtml="http://www.w3.org/1999/xhtml" id="service_iptables_enabled" system="urn:xccdf:fix:script:sh" complexity="low" disruption="low" strategy="enable"># Remediation is applicable only in certain platforms
if ( rpm --quiet -q iptables &amp;&amp; ! (systemctl is-active firewalld &amp;&gt;/dev/null) &amp;&amp; rpm --quiet -q kernel-default || rpm --quiet -q kernel-default-base ); then

var_network_filtering_service='<xccdf-1.2:sub xmlns:xccdf-1.2="http://checklists.nist.gov/xccdf/1.2" idref="xccdf_org.ssgproject.content_value_var_network_filtering_service" use="legacy"/>'


SYSTEMCTL_EXEC='/usr/bin/systemctl'

if [ $var_network_filtering_service == iptables ]; then
  "$SYSTEMCTL_EXEC" unmask 'iptables.service'
  "$SYSTEMCTL_EXEC" start 'iptables.service'
  "$SYSTEMCTL_EXEC" enable 'iptables.service'
fi

else
    &gt;&amp;2 echo 'Remediation is not applicable, nothing was done'
fi
</fix>
            <fix xmlns:xhtml="http://www.w3.org/1999/xhtml" id="service_iptables_enabled" system="urn:xccdf:fix:script:ansible" complexity="low" disruption="low" strategy="enable">- name: Gather the package facts
  package_facts:
    manager: auto
  tags:
  - CCE-92475-3
  - NIST-800-53-AC-4
  - NIST-800-53-CA-3(5)
  - NIST-800-53-CM-6(a)
  - NIST-800-53-CM-7(b)
  - NIST-800-53-SC-7(21)
  - enable_strategy
  - low_complexity
  - low_disruption
  - medium_severity
  - no_reboot_needed
  - service_iptables_enabled
- name: XCCDF Value var_network_filtering_service # promote to variable
  set_fact:
    var_network_filtering_service: !!str <xccdf-1.2:sub xmlns:xccdf-1.2="http://checklists.nist.gov/xccdf/1.2" idref="xccdf_org.ssgproject.content_value_var_network_filtering_service" use="legacy"/>
  tags:
    - always

- name: Enable service iptables
  block:

  - name: Gather the package facts
    ansible.builtin.package_facts:
      manager: auto

  - name: Enable service iptables
    ansible.builtin.systemd:
      name: iptables
      enabled: 'yes'
      state: started
      masked: 'no'
    when:
    - '"iptables" in ansible_facts.packages'
    - var_network_filtering_service == "iptables"
    - var_network_filtering_service == "iptables"
  when: ( "iptables" in ansible_facts.packages and ("kernel-default" in ansible_facts.packages
    or "kernel-default-base" in ansible_facts.packages) )
  tags:
  - CCE-92475-3
  - NIST-800-53-AC-4
  - NIST-800-53-CA-3(5)
  - NIST-800-53-CM-6(a)
  - NIST-800-53-CM-7(b)
  - NIST-800-53-SC-7(21)
  - enable_strategy
  - low_complexity
  - low_disruption
  - medium_severity
  - no_reboot_needed
  - service_iptables_enabled
</fix>
            <check system="http://oval.mitre.org/XMLSchema/oval-definitions-5">
              <check-export export-name="oval:ssg-var_network_filtering_service:var:1" value-id="xccdf_org.ssgproject.content_value_var_network_filtering_service"/>
              <check-content-ref name="oval:ssg-service_iptables_enabled:def:1" href="ssg-sle15-oval.xml"/>
            </check>
            <check system="http://scap.nist.gov/schema/ocil/2">
              <check-content-ref name="ocil:ssg-service_iptables_enabled_ocil:questionnaire:1" href="ssg-sle15-ocil.xml"/>
            </check>
          </Rule>
          <Rule id="xccdf_org.ssgproject.content_rule_set_ip6tables_default_rule" selected="false" role="full" severity="medium">
            <title xmlns:xhtml="http://www.w3.org/1999/xhtml" xml:lang="en-US">Set Default ip6tables Policy for Incoming Packets</title>
            <description xmlns:xhtml="http://www.w3.org/1999/xhtml" xml:lang="en-US">To set the default policy to DROP (instead of ACCEPT) for
the built-in INPUT chain which processes incoming packets,
add or correct the following line in

<html:code xmlns:html="http://www.w3.org/1999/xhtml">/etc/sysconfig/ip6tables</html:code>:

<html:pre xmlns:html="http://www.w3.org/1999/xhtml">:INPUT DROP [0:0]</html:pre>
If changes were required, reload the ip6tables rules:
<html:pre xmlns:html="http://www.w3.org/1999/xhtml">$ sudo service ip6tables reload</html:pre>
        </description>
            <warning xmlns:xhtml="http://www.w3.org/1999/xhtml" xml:lang="en-US" category="general">Automated remediation for this rule is disabled.
Changing firewall settings while connected over network can
result in being locked out of the system.</warning>
            <reference href="https://www.cisecurity.org/controls/">11</reference>
            <reference href="https://www.cisecurity.org/controls/">14</reference>
            <reference href="https://www.cisecurity.org/controls/">3</reference>
            <reference href="https://www.cisecurity.org/controls/">9</reference>
            <reference href="https://www.isaca.org/resources/cobit">BAI10.01</reference>
            <reference href="https://www.isaca.org/resources/cobit">BAI10.02</reference>
            <reference href="https://www.isaca.org/resources/cobit">BAI10.03</reference>
            <reference href="https://www.isaca.org/resources/cobit">BAI10.05</reference>
            <reference href="https://www.isaca.org/resources/cobit">DSS05.02</reference>
            <reference href="https://www.isaca.org/resources/cobit">DSS05.05</reference>
            <reference href="https://www.isaca.org/resources/cobit">DSS06.06</reference>
            <reference href="https://www.isa.org/products/isa-62443-2-1-2009-security-for-industrial-automat">4.3.3.5.1</reference>
            <reference href="https://www.isa.org/products/isa-62443-2-1-2009-security-for-industrial-automat">4.3.3.5.2</reference>
            <reference href="https://www.isa.org/products/isa-62443-2-1-2009-security-for-industrial-automat">4.3.3.5.3</reference>
            <reference href="https://www.isa.org/products/isa-62443-2-1-2009-security-for-industrial-automat">4.3.3.5.4</reference>
            <reference href="https://www.isa.org/products/isa-62443-2-1-2009-security-for-industrial-automat">4.3.3.5.5</reference>
            <reference href="https://www.isa.org/products/isa-62443-2-1-2009-security-for-industrial-automat">4.3.3.5.6</reference>
            <reference href="https://www.isa.org/products/isa-62443-2-1-2009-security-for-industrial-automat">4.3.3.5.7</reference>
            <reference href="https://www.isa.org/products/isa-62443-2-1-2009-security-for-industrial-automat">4.3.3.5.8</reference>
            <reference href="https://www.isa.org/products/isa-62443-2-1-2009-security-for-industrial-automat">4.3.3.6.1</reference>
            <reference href="https://www.isa.org/products/isa-62443-2-1-2009-security-for-industrial-automat">4.3.3.6.2</reference>
            <reference href="https://www.isa.org/products/isa-62443-2-1-2009-security-for-industrial-automat">4.3.3.6.3</reference>
            <reference href="https://www.isa.org/products/isa-62443-2-1-2009-security-for-industrial-automat">4.3.3.6.4</reference>
            <reference href="https://www.isa.org/products/isa-62443-2-1-2009-security-for-industrial-automat">4.3.3.6.5</reference>
            <reference href="https://www.isa.org/products/isa-62443-2-1-2009-security-for-industrial-automat">4.3.3.6.6</reference>
            <reference href="https://www.isa.org/products/isa-62443-2-1-2009-security-for-industrial-automat">4.3.3.6.7</reference>
            <reference href="https://www.isa.org/products/isa-62443-2-1-2009-security-for-industrial-automat">4.3.3.6.8</reference>
            <reference href="https://www.isa.org/products/isa-62443-2-1-2009-security-for-industrial-automat">4.3.3.6.9</reference>
            <reference href="https://www.isa.org/products/isa-62443-2-1-2009-security-for-industrial-automat">4.3.3.7.1</reference>
            <reference href="https://www.isa.org/products/isa-62443-2-1-2009-security-for-industrial-automat">4.3.3.7.2</reference>
            <reference href="https://www.isa.org/products/isa-62443-2-1-2009-security-for-industrial-automat">4.3.3.7.3</reference>
            <reference href="https://www.isa.org/products/isa-62443-2-1-2009-security-for-industrial-automat">4.3.3.7.4</reference>
            <reference href="https://www.isa.org/products/isa-62443-2-1-2009-security-for-industrial-automat">4.3.4.3.2</reference>
            <reference href="https://www.isa.org/products/isa-62443-2-1-2009-security-for-industrial-automat">4.3.4.3.3</reference>
            <reference href="https://www.isa.org/products/ansi-isa-62443-3-3-99-03-03-2013-security-for-indu">SR 1.1</reference>
            <reference href="https://www.isa.org/products/ansi-isa-62443-3-3-99-03-03-2013-security-for-indu">SR 1.10</reference>
            <reference href="https://www.isa.org/products/ansi-isa-62443-3-3-99-03-03-2013-security-for-indu">SR 1.11</reference>
            <reference href="https://www.isa.org/products/ansi-isa-62443-3-3-99-03-03-2013-security-for-indu">SR 1.12</reference>
            <reference href="https://www.isa.org/products/ansi-isa-62443-3-3-99-03-03-2013-security-for-indu">SR 1.13</reference>
            <reference href="https://www.isa.org/products/ansi-isa-62443-3-3-99-03-03-2013-security-for-indu">SR 1.2</reference>
            <reference href="https://www.isa.org/products/ansi-isa-62443-3-3-99-03-03-2013-security-for-indu">SR 1.3</reference>
            <reference href="https://www.isa.org/products/ansi-isa-62443-3-3-99-03-03-2013-security-for-indu">SR 1.4</reference>
            <reference href="https://www.isa.org/products/ansi-isa-62443-3-3-99-03-03-2013-security-for-indu">SR 1.5</reference>
            <reference href="https://www.isa.org/products/ansi-isa-62443-3-3-99-03-03-2013-security-for-indu">SR 1.6</reference>
            <reference href="https://www.isa.org/products/ansi-isa-62443-3-3-99-03-03-2013-security-for-indu">SR 1.7</reference>
            <reference href="https://www.isa.org/products/ansi-isa-62443-3-3-99-03-03-2013-security-for-indu">SR 1.8</reference>
            <reference href="https://www.isa.org/products/ansi-isa-62443-3-3-99-03-03-2013-security-for-indu">SR 1.9</reference>
            <reference href="https://www.isa.org/products/ansi-isa-62443-3-3-99-03-03-2013-security-for-indu">SR 2.1</reference>
            <reference href="https://www.isa.org/products/ansi-isa-62443-3-3-99-03-03-2013-security-for-indu">SR 2.2</reference>
            <reference href="https://www.isa.org/products/ansi-isa-62443-3-3-99-03-03-2013-security-for-indu">SR 2.3</reference>
            <reference href="https://www.isa.org/products/ansi-isa-62443-3-3-99-03-03-2013-security-for-indu">SR 2.4</reference>
            <reference href="https://www.isa.org/products/ansi-isa-62443-3-3-99-03-03-2013-security-for-indu">SR 2.5</reference>
            <reference href="https://www.isa.org/products/ansi-isa-62443-3-3-99-03-03-2013-security-for-indu">SR 2.6</reference>
            <reference href="https://www.isa.org/products/ansi-isa-62443-3-3-99-03-03-2013-security-for-indu">SR 2.7</reference>
            <reference href="https://www.isa.org/products/ansi-isa-62443-3-3-99-03-03-2013-security-for-indu">SR 7.6</reference>
            <reference href="https://www.iso.org/contents/data/standard/05/45/54534.html">A.12.1.2</reference>
            <reference href="https://www.iso.org/contents/data/standard/05/45/54534.html">A.12.5.1</reference>
            <reference href="https://www.iso.org/contents/data/standard/05/45/54534.html">A.12.6.2</reference>
            <reference href="https://www.iso.org/contents/data/standard/05/45/54534.html">A.14.2.2</reference>
            <reference href="https://www.iso.org/contents/data/standard/05/45/54534.html">A.14.2.3</reference>
            <reference href="https://www.iso.org/contents/data/standard/05/45/54534.html">A.14.2.4</reference>
            <reference href="https://www.iso.org/contents/data/standard/05/45/54534.html">A.9.1.2</reference>
            <reference href="https://www.nerc.com/standards/reliability-standards/cip">CIP-003-8 R4</reference>
            <reference href="https://www.nerc.com/standards/reliability-standards/cip">CIP-003-8 R5</reference>
            <reference href="https://www.nerc.com/standards/reliability-standards/cip">CIP-004-6 R3</reference>
            <reference href="http://nvlpubs.nist.gov/nistpubs/SpecialPublications/NIST.SP.800-53r4.pdf">AC-4</reference>
            <reference href="http://nvlpubs.nist.gov/nistpubs/SpecialPublications/NIST.SP.800-53r4.pdf">CM-7(b)</reference>
            <reference href="http://nvlpubs.nist.gov/nistpubs/SpecialPublications/NIST.SP.800-53r4.pdf">CA-3(5)</reference>
            <reference href="http://nvlpubs.nist.gov/nistpubs/SpecialPublications/NIST.SP.800-53r4.pdf">SC-7(21)</reference>
            <reference href="http://nvlpubs.nist.gov/nistpubs/SpecialPublications/NIST.SP.800-53r4.pdf">CM-6(a)</reference>
            <reference href="https://nvlpubs.nist.gov/nistpubs/CSWP/NIST.CSWP.04162018.pdf">PR.IP-1</reference>
            <reference href="https://nvlpubs.nist.gov/nistpubs/CSWP/NIST.CSWP.04162018.pdf">PR.PT-3</reference>
            <reference href="https://www.cisecurity.org/benchmark/suse_linux/">3.5.3.3.1</reference>
            <reference href="https://docs-prv.pcisecuritystandards.org/PCI%20DSS/Standard/PCI-DSS-v4_0.pdf">1.4.1</reference>
            <reference href="https://docs-prv.pcisecuritystandards.org/PCI%20DSS/Standard/PCI-DSS-v4_0.pdf">1.4</reference>
            <rationale xmlns:xhtml="http://www.w3.org/1999/xhtml" xml:lang="en-US">In <html:code xmlns:html="http://www.w3.org/1999/xhtml">ip6tables</html:code>, the default policy is applied only after all
the applicable rules in the table are examined for a match. Setting the
default policy to <html:code xmlns:html="http://www.w3.org/1999/xhtml">DROP</html:code> implements proper design for a firewall, i.e.
any packets which are not explicitly permitted should not be
accepted.</rationale>
            <platform idref="#not_package_nftables_and_not_package_ufw_and_package_iptables"/>
            <ident system="https://ncp.nist.gov/cce">CCE-91342-6</ident>
            <check system="http://open-scap.org/page/SCE">
              <check-import import-name="stdout">
                  </check-import>
              <check-content-ref href="sle15/checks/sce/set_ip6tables_default_rule.sh"/>
            </check>
            <check system="http://scap.nist.gov/schema/ocil/2">
              <check-content-ref name="ocil:ssg-set_ip6tables_default_rule_ocil:questionnaire:1" href="ssg-sle15-ocil.xml"/>
            </check>
          </Rule>
          <Rule id="xccdf_org.ssgproject.content_rule_set_ipv6_loopback_traffic" selected="false" role="full" severity="medium">
            <title xmlns:xhtml="http://www.w3.org/1999/xhtml" xml:lang="en-US">Set configuration for IPv6 loopback traffic</title>
            <description xmlns:xhtml="http://www.w3.org/1999/xhtml" xml:lang="en-US">Configure the loopback interface to accept traffic.
Configure all other interfaces to deny traffic to the loopback
network.</description>
            <warning xmlns:xhtml="http://www.w3.org/1999/xhtml" xml:lang="en-US" category="general">Changing firewall settings while connected over network can
result in being locked out of the system.</warning>
            <reference href="https://www.pcisecuritystandards.org/documents/PCI_DSS_v3-2-1.pdf">Req-1.3</reference>
            <reference href="https://www.cisecurity.org/benchmark/suse_linux/">3.5.3.3.2</reference>
            <reference href="https://docs-prv.pcisecuritystandards.org/PCI%20DSS/Standard/PCI-DSS-v4_0.pdf">1.4.1</reference>
            <reference href="https://docs-prv.pcisecuritystandards.org/PCI%20DSS/Standard/PCI-DSS-v4_0.pdf">1.4</reference>
            <rationale xmlns:xhtml="http://www.w3.org/1999/xhtml" xml:lang="en-US">Loopback traffic is generated between processes on machine and is
typically critical to operation of the system. The loopback interface
is the only place that loopback network traffic should be seen,
all other interfaces should ignore traffic on this network as an
anti-spoofing measure.</rationale>
            <platform idref="#not_package_nftables_and_not_package_ufw_and_package_iptables"/>
            <ident system="https://ncp.nist.gov/cce">CCE-91346-7</ident>
            <fix xmlns:xhtml="http://www.w3.org/1999/xhtml" id="set_ipv6_loopback_traffic" system="urn:xccdf:fix:script:sh"># Remediation is applicable only in certain platforms
if ( ! ( rpm --quiet -q nftables ) &amp;&amp; ! ( rpm --quiet -q ufw ) &amp;&amp; rpm --quiet -q iptables ); then

if [ "$(sysctl -n net.ipv6.conf.all.disable_ipv6)" -eq 0 ]; then
  # IPv6 is not disabled, so run the script
  ip6tables -A INPUT -i lo -j ACCEPT
  ip6tables -A OUTPUT -o lo -j ACCEPT
  ip6tables -A INPUT -s ::1 -j DROP
fi

else
    &gt;&amp;2 echo 'Remediation is not applicable, nothing was done'
fi
</fix>
            <fix xmlns:xhtml="http://www.w3.org/1999/xhtml" id="set_ipv6_loopback_traffic" system="urn:xccdf:fix:script:ansible">- name: Gather the package facts
  package_facts:
    manager: auto
  tags:
  - CCE-91346-7
  - PCI-DSS-Req-1.3
  - PCI-DSSv4-1.4
  - PCI-DSSv4-1.4.1
  - medium_severity
  - set_ipv6_loopback_traffic

- name: Check if IPv6 is enabled
  ansible.builtin.command: sysctl -n net.ipv6.conf.all.disable_ipv6
  register: ipv6_status
  failed_when: ipv6_status.stdout != "0"
  when: ( not ( "nftables" in ansible_facts.packages ) and not ( "ufw" in ansible_facts.packages
    ) and "iptables" in ansible_facts.packages )
  tags:
  - CCE-91346-7
  - PCI-DSS-Req-1.3
  - PCI-DSSv4-1.4
  - PCI-DSSv4-1.4.1
  - medium_severity
  - set_ipv6_loopback_traffic

- name: Allow incoming traffic on the loopback interface
  ansible.builtin.iptables:
    ipv6: true
    chain: INPUT
    in_interface: lo
    jump: ACCEPT
  when:
  - ( not ( "nftables" in ansible_facts.packages ) and not ( "ufw" in ansible_facts.packages
    ) and "iptables" in ansible_facts.packages )
  - ipv6_status.stdout == '0'
  tags:
  - CCE-91346-7
  - PCI-DSS-Req-1.3
  - PCI-DSSv4-1.4
  - PCI-DSSv4-1.4.1
  - medium_severity
  - set_ipv6_loopback_traffic

- name: Allow outgoing traffic on the loopback interface
  ansible.builtin.iptables:
    ipv6: true
    chain: OUTPUT
    out_interface: lo
    jump: ACCEPT
  when:
  - ( not ( "nftables" in ansible_facts.packages ) and not ( "ufw" in ansible_facts.packages
    ) and "iptables" in ansible_facts.packages )
  - ipv6_status.stdout == '0'
  tags:
  - CCE-91346-7
  - PCI-DSS-Req-1.3
  - PCI-DSSv4-1.4
  - PCI-DSSv4-1.4.1
  - medium_severity
  - set_ipv6_loopback_traffic

- name: Drop incoming traffic from the localhost
  ansible.builtin.iptables:
    ipv6: true
    chain: INPUT
    source: ::1
    jump: DROP
  when:
  - ( not ( "nftables" in ansible_facts.packages ) and not ( "ufw" in ansible_facts.packages
    ) and "iptables" in ansible_facts.packages )
  - ipv6_status.stdout == '0'
  tags:
  - CCE-91346-7
  - PCI-DSS-Req-1.3
  - PCI-DSSv4-1.4
  - PCI-DSSv4-1.4.1
  - medium_severity
  - set_ipv6_loopback_traffic
</fix>
            <check system="http://open-scap.org/page/SCE">
              <check-import import-name="stdout">
                  </check-import>
              <check-content-ref href="sle15/checks/sce/set_ipv6_loopback_traffic.sh"/>
            </check>
            <check system="http://scap.nist.gov/schema/ocil/2">
              <check-content-ref name="ocil:ssg-set_ipv6_loopback_traffic_ocil:questionnaire:1" href="ssg-sle15-ocil.xml"/>
            </check>
          </Rule>
          <Rule id="xccdf_org.ssgproject.content_rule_set_loopback_traffic" selected="false" role="full" severity="medium">
            <title xmlns:xhtml="http://www.w3.org/1999/xhtml" xml:lang="en-US">Set configuration for loopback traffic</title>
            <description xmlns:xhtml="http://www.w3.org/1999/xhtml" xml:lang="en-US">Configure the loopback interface to accept traffic.
Configure all other interfaces to deny traffic to the loopback
network.</description>
            <warning xmlns:xhtml="http://www.w3.org/1999/xhtml" xml:lang="en-US" category="general">Changing firewall settings while connected over network can
result in being locked out of the system.</warning>
            <reference href="https://www.pcisecuritystandards.org/documents/PCI_DSS_v3-2-1.pdf">Req-1.3</reference>
            <reference href="https://www.cisecurity.org/benchmark/suse_linux/">3.5.3.2.2</reference>
            <reference href="https://docs-prv.pcisecuritystandards.org/PCI%20DSS/Standard/PCI-DSS-v4_0.pdf">1.4.1</reference>
            <reference href="https://docs-prv.pcisecuritystandards.org/PCI%20DSS/Standard/PCI-DSS-v4_0.pdf">1.4</reference>
            <rationale xmlns:xhtml="http://www.w3.org/1999/xhtml" xml:lang="en-US">Loopback traffic is generated between processes on machine and is
typically critical to operation of the system. The loopback interface
is the only place that loopback network traffic should be seen, all
other interfaces should ignore traffic on this network as an
anti-spoofing measure.</rationale>
            <platform idref="#not_package_nftables_and_not_package_ufw_and_package_iptables"/>
            <ident system="https://ncp.nist.gov/cce">CCE-91345-9</ident>
            <fix xmlns:xhtml="http://www.w3.org/1999/xhtml" id="set_loopback_traffic" system="urn:xccdf:fix:script:sh"># Remediation is applicable only in certain platforms
if ( ! ( rpm --quiet -q nftables ) &amp;&amp; ! ( rpm --quiet -q ufw ) &amp;&amp; rpm --quiet -q iptables ); then

iptables -A INPUT -i lo -j ACCEPT
iptables -A OUTPUT -o lo -j ACCEPT
iptables -A INPUT -s 127.0.0.0/8 -j DROP

else
    &gt;&amp;2 echo 'Remediation is not applicable, nothing was done'
fi
</fix>
            <fix xmlns:xhtml="http://www.w3.org/1999/xhtml" id="set_loopback_traffic" system="urn:xccdf:fix:script:ansible">- name: Gather the package facts
  package_facts:
    manager: auto
  tags:
  - CCE-91345-9
  - PCI-DSS-Req-1.3
  - PCI-DSSv4-1.4
  - PCI-DSSv4-1.4.1
  - medium_severity
  - set_loopback_traffic

- name: Allow incoming traffic on the loopback interface
  ansible.builtin.iptables:
    chain: INPUT
    in_interface: lo
    jump: ACCEPT
  when: ( not ( "nftables" in ansible_facts.packages ) and not ( "ufw" in ansible_facts.packages
    ) and "iptables" in ansible_facts.packages )
  tags:
  - CCE-91345-9
  - PCI-DSS-Req-1.3
  - PCI-DSSv4-1.4
  - PCI-DSSv4-1.4.1
  - medium_severity
  - set_loopback_traffic

- name: Allow outgoing traffic on the loopback interface
  ansible.builtin.iptables:
    chain: OUTPUT
    out_interface: lo
    jump: ACCEPT
  when: ( not ( "nftables" in ansible_facts.packages ) and not ( "ufw" in ansible_facts.packages
    ) and "iptables" in ansible_facts.packages )
  tags:
  - CCE-91345-9
  - PCI-DSS-Req-1.3
  - PCI-DSSv4-1.4
  - PCI-DSSv4-1.4.1
  - medium_severity
  - set_loopback_traffic

- name: Drop incoming traffic from the localhost
  ansible.builtin.iptables:
    chain: INPUT
    source: 127.0.0.0/8
    jump: DROP
  when: ( not ( "nftables" in ansible_facts.packages ) and not ( "ufw" in ansible_facts.packages
    ) and "iptables" in ansible_facts.packages )
  tags:
  - CCE-91345-9
  - PCI-DSS-Req-1.3
  - PCI-DSSv4-1.4
  - PCI-DSSv4-1.4.1
  - medium_severity
  - set_loopback_traffic
</fix>
            <check system="http://open-scap.org/page/SCE">
              <check-import import-name="stdout">
                  </check-import>
              <check-content-ref href="sle15/checks/sce/set_loopback_traffic.sh"/>
            </check>
            <check system="http://scap.nist.gov/schema/ocil/2">
              <check-content-ref name="ocil:ssg-set_loopback_traffic_ocil:questionnaire:1" href="ssg-sle15-ocil.xml"/>
            </check>
          </Rule>
        </Group>
        <Group id="xccdf_org.ssgproject.content_group_iptables_ruleset_modifications">
          <title xmlns:xhtml="http://www.w3.org/1999/xhtml" xml:lang="en-US">Strengthen the Default Ruleset</title>
          <description xmlns:xhtml="http://www.w3.org/1999/xhtml" xml:lang="en-US">The default rules can be strengthened. The system
scripts that activate the firewall rules expect them to be defined
in the configuration files <html:code xmlns:html="http://www.w3.org/1999/xhtml">iptables</html:code> and <html:code xmlns:html="http://www.w3.org/1999/xhtml">ip6tables</html:code> in the directory
<html:code xmlns:html="http://www.w3.org/1999/xhtml">/etc/sysconfig</html:code>. Many of the lines in these files are similar
to the command line arguments that would be provided to the programs
<html:code xmlns:html="http://www.w3.org/1999/xhtml">/sbin/iptables</html:code> or <html:code xmlns:html="http://www.w3.org/1999/xhtml">/sbin/ip6tables</html:code> - but some are quite
different.
<html:br xmlns:html="http://www.w3.org/1999/xhtml"/>
        <html:br xmlns:html="http://www.w3.org/1999/xhtml"/>
The following recommendations describe how to strengthen the
default ruleset configuration file. An alternative to editing this
configuration file is to create a shell script that makes calls to
the iptables program to load in rules, and then invokes service
iptables save to write those loaded rules to
<html:code xmlns:html="http://www.w3.org/1999/xhtml">/etc/sysconfig/iptables.</html:code>
        <html:br xmlns:html="http://www.w3.org/1999/xhtml"/>
        <html:br xmlns:html="http://www.w3.org/1999/xhtml"/>
The following alterations can be made directly to
<html:code xmlns:html="http://www.w3.org/1999/xhtml">/etc/sysconfig/iptables</html:code> and <html:code xmlns:html="http://www.w3.org/1999/xhtml">/etc/sysconfig/ip6tables</html:code>.
Instructions apply to both unless otherwise noted. Language and address
conventions for regular iptables are used throughout this section;
configuration for ip6tables will be either analogous or explicitly
covered.</description>
          <warning xmlns:xhtml="http://www.w3.org/1999/xhtml" xml:lang="en-US" category="general">The program <html:code xmlns:html="http://www.w3.org/1999/xhtml">system-config-securitylevel</html:code>
allows additional services to penetrate the default firewall rules
and automatically adjusts <html:code xmlns:html="http://www.w3.org/1999/xhtml">/etc/sysconfig/iptables</html:code>. This program
is only useful if the default ruleset meets your security
requirements. Otherwise, this program should not be used to make
changes to the firewall configuration because it re-writes the
saved configuration file.</warning>
          <platform idref="#package_iptables"/>
          <Rule id="xccdf_org.ssgproject.content_rule_set_iptables_default_rule" selected="false" role="full" severity="medium">
            <title xmlns:xhtml="http://www.w3.org/1999/xhtml" xml:lang="en-US">Set Default iptables Policy for Incoming Packets</title>
            <description xmlns:xhtml="http://www.w3.org/1999/xhtml" xml:lang="en-US">To set the default policy to DROP (instead of ACCEPT) for
the built-in INPUT chain which processes incoming packets,
add or correct the following line in

<html:code xmlns:html="http://www.w3.org/1999/xhtml">/etc/sysconfig/iptables</html:code>:

<html:pre xmlns:html="http://www.w3.org/1999/xhtml">:INPUT DROP [0:0]</html:pre>
        </description>
            <warning xmlns:xhtml="http://www.w3.org/1999/xhtml" xml:lang="en-US" category="general">Automated remediation for this rule is disabled.
Changing firewall settings while connected over network can
result in being locked out of the system.</warning>
            <reference href="https://www.cisecurity.org/controls/">11</reference>
            <reference href="https://www.cisecurity.org/controls/">14</reference>
            <reference href="https://www.cisecurity.org/controls/">3</reference>
            <reference href="https://www.cisecurity.org/controls/">9</reference>
            <reference href="https://www.isaca.org/resources/cobit">BAI10.01</reference>
            <reference href="https://www.isaca.org/resources/cobit">BAI10.02</reference>
            <reference href="https://www.isaca.org/resources/cobit">BAI10.03</reference>
            <reference href="https://www.isaca.org/resources/cobit">BAI10.05</reference>
            <reference href="https://www.isaca.org/resources/cobit">DSS05.02</reference>
            <reference href="https://www.isaca.org/resources/cobit">DSS05.05</reference>
            <reference href="https://www.isaca.org/resources/cobit">DSS06.06</reference>
            <reference href="https://www.isa.org/products/isa-62443-2-1-2009-security-for-industrial-automat">4.3.3.5.1</reference>
            <reference href="https://www.isa.org/products/isa-62443-2-1-2009-security-for-industrial-automat">4.3.3.5.2</reference>
            <reference href="https://www.isa.org/products/isa-62443-2-1-2009-security-for-industrial-automat">4.3.3.5.3</reference>
            <reference href="https://www.isa.org/products/isa-62443-2-1-2009-security-for-industrial-automat">4.3.3.5.4</reference>
            <reference href="https://www.isa.org/products/isa-62443-2-1-2009-security-for-industrial-automat">4.3.3.5.5</reference>
            <reference href="https://www.isa.org/products/isa-62443-2-1-2009-security-for-industrial-automat">4.3.3.5.6</reference>
            <reference href="https://www.isa.org/products/isa-62443-2-1-2009-security-for-industrial-automat">4.3.3.5.7</reference>
            <reference href="https://www.isa.org/products/isa-62443-2-1-2009-security-for-industrial-automat">4.3.3.5.8</reference>
            <reference href="https://www.isa.org/products/isa-62443-2-1-2009-security-for-industrial-automat">4.3.3.6.1</reference>
            <reference href="https://www.isa.org/products/isa-62443-2-1-2009-security-for-industrial-automat">4.3.3.6.2</reference>
            <reference href="https://www.isa.org/products/isa-62443-2-1-2009-security-for-industrial-automat">4.3.3.6.3</reference>
            <reference href="https://www.isa.org/products/isa-62443-2-1-2009-security-for-industrial-automat">4.3.3.6.4</reference>
            <reference href="https://www.isa.org/products/isa-62443-2-1-2009-security-for-industrial-automat">4.3.3.6.5</reference>
            <reference href="https://www.isa.org/products/isa-62443-2-1-2009-security-for-industrial-automat">4.3.3.6.6</reference>
            <reference href="https://www.isa.org/products/isa-62443-2-1-2009-security-for-industrial-automat">4.3.3.6.7</reference>
            <reference href="https://www.isa.org/products/isa-62443-2-1-2009-security-for-industrial-automat">4.3.3.6.8</reference>
            <reference href="https://www.isa.org/products/isa-62443-2-1-2009-security-for-industrial-automat">4.3.3.6.9</reference>
            <reference href="https://www.isa.org/products/isa-62443-2-1-2009-security-for-industrial-automat">4.3.3.7.1</reference>
            <reference href="https://www.isa.org/products/isa-62443-2-1-2009-security-for-industrial-automat">4.3.3.7.2</reference>
            <reference href="https://www.isa.org/products/isa-62443-2-1-2009-security-for-industrial-automat">4.3.3.7.3</reference>
            <reference href="https://www.isa.org/products/isa-62443-2-1-2009-security-for-industrial-automat">4.3.3.7.4</reference>
            <reference href="https://www.isa.org/products/isa-62443-2-1-2009-security-for-industrial-automat">4.3.4.3.2</reference>
            <reference href="https://www.isa.org/products/isa-62443-2-1-2009-security-for-industrial-automat">4.3.4.3.3</reference>
            <reference href="https://www.isa.org/products/ansi-isa-62443-3-3-99-03-03-2013-security-for-indu">SR 1.1</reference>
            <reference href="https://www.isa.org/products/ansi-isa-62443-3-3-99-03-03-2013-security-for-indu">SR 1.10</reference>
            <reference href="https://www.isa.org/products/ansi-isa-62443-3-3-99-03-03-2013-security-for-indu">SR 1.11</reference>
            <reference href="https://www.isa.org/products/ansi-isa-62443-3-3-99-03-03-2013-security-for-indu">SR 1.12</reference>
            <reference href="https://www.isa.org/products/ansi-isa-62443-3-3-99-03-03-2013-security-for-indu">SR 1.13</reference>
            <reference href="https://www.isa.org/products/ansi-isa-62443-3-3-99-03-03-2013-security-for-indu">SR 1.2</reference>
            <reference href="https://www.isa.org/products/ansi-isa-62443-3-3-99-03-03-2013-security-for-indu">SR 1.3</reference>
            <reference href="https://www.isa.org/products/ansi-isa-62443-3-3-99-03-03-2013-security-for-indu">SR 1.4</reference>
            <reference href="https://www.isa.org/products/ansi-isa-62443-3-3-99-03-03-2013-security-for-indu">SR 1.5</reference>
            <reference href="https://www.isa.org/products/ansi-isa-62443-3-3-99-03-03-2013-security-for-indu">SR 1.6</reference>
            <reference href="https://www.isa.org/products/ansi-isa-62443-3-3-99-03-03-2013-security-for-indu">SR 1.7</reference>
            <reference href="https://www.isa.org/products/ansi-isa-62443-3-3-99-03-03-2013-security-for-indu">SR 1.8</reference>
            <reference href="https://www.isa.org/products/ansi-isa-62443-3-3-99-03-03-2013-security-for-indu">SR 1.9</reference>
            <reference href="https://www.isa.org/products/ansi-isa-62443-3-3-99-03-03-2013-security-for-indu">SR 2.1</reference>
            <reference href="https://www.isa.org/products/ansi-isa-62443-3-3-99-03-03-2013-security-for-indu">SR 2.2</reference>
            <reference href="https://www.isa.org/products/ansi-isa-62443-3-3-99-03-03-2013-security-for-indu">SR 2.3</reference>
            <reference href="https://www.isa.org/products/ansi-isa-62443-3-3-99-03-03-2013-security-for-indu">SR 2.4</reference>
            <reference href="https://www.isa.org/products/ansi-isa-62443-3-3-99-03-03-2013-security-for-indu">SR 2.5</reference>
            <reference href="https://www.isa.org/products/ansi-isa-62443-3-3-99-03-03-2013-security-for-indu">SR 2.6</reference>
            <reference href="https://www.isa.org/products/ansi-isa-62443-3-3-99-03-03-2013-security-for-indu">SR 2.7</reference>
            <reference href="https://www.isa.org/products/ansi-isa-62443-3-3-99-03-03-2013-security-for-indu">SR 7.6</reference>
            <reference href="https://www.iso.org/contents/data/standard/05/45/54534.html">A.12.1.2</reference>
            <reference href="https://www.iso.org/contents/data/standard/05/45/54534.html">A.12.5.1</reference>
            <reference href="https://www.iso.org/contents/data/standard/05/45/54534.html">A.12.6.2</reference>
            <reference href="https://www.iso.org/contents/data/standard/05/45/54534.html">A.14.2.2</reference>
            <reference href="https://www.iso.org/contents/data/standard/05/45/54534.html">A.14.2.3</reference>
            <reference href="https://www.iso.org/contents/data/standard/05/45/54534.html">A.14.2.4</reference>
            <reference href="https://www.iso.org/contents/data/standard/05/45/54534.html">A.9.1.2</reference>
            <reference href="http://nvlpubs.nist.gov/nistpubs/SpecialPublications/NIST.SP.800-53r4.pdf">CA-3(5)</reference>
            <reference href="http://nvlpubs.nist.gov/nistpubs/SpecialPublications/NIST.SP.800-53r4.pdf">CM-7(b)</reference>
            <reference href="http://nvlpubs.nist.gov/nistpubs/SpecialPublications/NIST.SP.800-53r4.pdf">SC-7(23)</reference>
            <reference href="http://nvlpubs.nist.gov/nistpubs/SpecialPublications/NIST.SP.800-53r4.pdf">CM-6(a)</reference>
            <reference href="https://nvlpubs.nist.gov/nistpubs/CSWP/NIST.CSWP.04162018.pdf">PR.IP-1</reference>
            <reference href="https://nvlpubs.nist.gov/nistpubs/CSWP/NIST.CSWP.04162018.pdf">PR.PT-3</reference>
            <reference href="https://www.cisecurity.org/benchmark/suse_linux/">3.5.3.2.1</reference>
            <rationale xmlns:xhtml="http://www.w3.org/1999/xhtml" xml:lang="en-US">In <html:code xmlns:html="http://www.w3.org/1999/xhtml">iptables</html:code> the default policy is applied only after all
the applicable rules in the table are examined for a match. Setting the
default policy to <html:code xmlns:html="http://www.w3.org/1999/xhtml">DROP</html:code> implements proper design for a firewall, i.e.
any packets which are not explicitly permitted should not be
accepted.</rationale>
            <platform idref="#not_package_nftables_and_not_package_ufw"/>
            <ident system="https://ncp.nist.gov/cce">CCE-92494-4</ident>
            <check system="http://open-scap.org/page/SCE">
              <check-import import-name="stdout">
                  </check-import>
              <check-content-ref href="sle15/checks/sce/set_iptables_default_rule.sh"/>
            </check>
            <check system="http://scap.nist.gov/schema/ocil/2">
              <check-content-ref name="ocil:ssg-set_iptables_default_rule_ocil:questionnaire:1" href="ssg-sle15-ocil.xml"/>
            </check>
          </Rule>
          <Rule id="xccdf_org.ssgproject.content_rule_set_iptables_default_rule_forward" selected="false" role="full" severity="medium">
            <title xmlns:xhtml="http://www.w3.org/1999/xhtml" xml:lang="en-US">Set Default iptables Policy for Forwarded Packets</title>
            <description xmlns:xhtml="http://www.w3.org/1999/xhtml" xml:lang="en-US">To set the default policy to DROP (instead of ACCEPT) for
the built-in FORWARD chain which processes packets that will be forwarded from
one interface to another,
add or correct the following line in
<html:code xmlns:html="http://www.w3.org/1999/xhtml">/etc/sysconfig/iptables</html:code>:
<html:pre xmlns:html="http://www.w3.org/1999/xhtml">:FORWARD DROP [0:0]</html:pre>
        </description>
            <reference href="https://www.cisecurity.org/controls/">11</reference>
            <reference href="https://www.cisecurity.org/controls/">14</reference>
            <reference href="https://www.cisecurity.org/controls/">3</reference>
            <reference href="https://www.cisecurity.org/controls/">9</reference>
            <reference href="https://www.isaca.org/resources/cobit">BAI10.01</reference>
            <reference href="https://www.isaca.org/resources/cobit">BAI10.02</reference>
            <reference href="https://www.isaca.org/resources/cobit">BAI10.03</reference>
            <reference href="https://www.isaca.org/resources/cobit">BAI10.05</reference>
            <reference href="https://www.isaca.org/resources/cobit">DSS05.02</reference>
            <reference href="https://www.isaca.org/resources/cobit">DSS05.05</reference>
            <reference href="https://www.isaca.org/resources/cobit">DSS06.06</reference>
            <reference href="https://www.isa.org/products/isa-62443-2-1-2009-security-for-industrial-automat">4.3.3.5.1</reference>
            <reference href="https://www.isa.org/products/isa-62443-2-1-2009-security-for-industrial-automat">4.3.3.5.2</reference>
            <reference href="https://www.isa.org/products/isa-62443-2-1-2009-security-for-industrial-automat">4.3.3.5.3</reference>
            <reference href="https://www.isa.org/products/isa-62443-2-1-2009-security-for-industrial-automat">4.3.3.5.4</reference>
            <reference href="https://www.isa.org/products/isa-62443-2-1-2009-security-for-industrial-automat">4.3.3.5.5</reference>
            <reference href="https://www.isa.org/products/isa-62443-2-1-2009-security-for-industrial-automat">4.3.3.5.6</reference>
            <reference href="https://www.isa.org/products/isa-62443-2-1-2009-security-for-industrial-automat">4.3.3.5.7</reference>
            <reference href="https://www.isa.org/products/isa-62443-2-1-2009-security-for-industrial-automat">4.3.3.5.8</reference>
            <reference href="https://www.isa.org/products/isa-62443-2-1-2009-security-for-industrial-automat">4.3.3.6.1</reference>
            <reference href="https://www.isa.org/products/isa-62443-2-1-2009-security-for-industrial-automat">4.3.3.6.2</reference>
            <reference href="https://www.isa.org/products/isa-62443-2-1-2009-security-for-industrial-automat">4.3.3.6.3</reference>
            <reference href="https://www.isa.org/products/isa-62443-2-1-2009-security-for-industrial-automat">4.3.3.6.4</reference>
            <reference href="https://www.isa.org/products/isa-62443-2-1-2009-security-for-industrial-automat">4.3.3.6.5</reference>
            <reference href="https://www.isa.org/products/isa-62443-2-1-2009-security-for-industrial-automat">4.3.3.6.6</reference>
            <reference href="https://www.isa.org/products/isa-62443-2-1-2009-security-for-industrial-automat">4.3.3.6.7</reference>
            <reference href="https://www.isa.org/products/isa-62443-2-1-2009-security-for-industrial-automat">4.3.3.6.8</reference>
            <reference href="https://www.isa.org/products/isa-62443-2-1-2009-security-for-industrial-automat">4.3.3.6.9</reference>
            <reference href="https://www.isa.org/products/isa-62443-2-1-2009-security-for-industrial-automat">4.3.3.7.1</reference>
            <reference href="https://www.isa.org/products/isa-62443-2-1-2009-security-for-industrial-automat">4.3.3.7.2</reference>
            <reference href="https://www.isa.org/products/isa-62443-2-1-2009-security-for-industrial-automat">4.3.3.7.3</reference>
            <reference href="https://www.isa.org/products/isa-62443-2-1-2009-security-for-industrial-automat">4.3.3.7.4</reference>
            <reference href="https://www.isa.org/products/isa-62443-2-1-2009-security-for-industrial-automat">4.3.4.3.2</reference>
            <reference href="https://www.isa.org/products/isa-62443-2-1-2009-security-for-industrial-automat">4.3.4.3.3</reference>
            <reference href="https://www.isa.org/products/ansi-isa-62443-3-3-99-03-03-2013-security-for-indu">SR 1.1</reference>
            <reference href="https://www.isa.org/products/ansi-isa-62443-3-3-99-03-03-2013-security-for-indu">SR 1.10</reference>
            <reference href="https://www.isa.org/products/ansi-isa-62443-3-3-99-03-03-2013-security-for-indu">SR 1.11</reference>
            <reference href="https://www.isa.org/products/ansi-isa-62443-3-3-99-03-03-2013-security-for-indu">SR 1.12</reference>
            <reference href="https://www.isa.org/products/ansi-isa-62443-3-3-99-03-03-2013-security-for-indu">SR 1.13</reference>
            <reference href="https://www.isa.org/products/ansi-isa-62443-3-3-99-03-03-2013-security-for-indu">SR 1.2</reference>
            <reference href="https://www.isa.org/products/ansi-isa-62443-3-3-99-03-03-2013-security-for-indu">SR 1.3</reference>
            <reference href="https://www.isa.org/products/ansi-isa-62443-3-3-99-03-03-2013-security-for-indu">SR 1.4</reference>
            <reference href="https://www.isa.org/products/ansi-isa-62443-3-3-99-03-03-2013-security-for-indu">SR 1.5</reference>
            <reference href="https://www.isa.org/products/ansi-isa-62443-3-3-99-03-03-2013-security-for-indu">SR 1.6</reference>
            <reference href="https://www.isa.org/products/ansi-isa-62443-3-3-99-03-03-2013-security-for-indu">SR 1.7</reference>
            <reference href="https://www.isa.org/products/ansi-isa-62443-3-3-99-03-03-2013-security-for-indu">SR 1.8</reference>
            <reference href="https://www.isa.org/products/ansi-isa-62443-3-3-99-03-03-2013-security-for-indu">SR 1.9</reference>
            <reference href="https://www.isa.org/products/ansi-isa-62443-3-3-99-03-03-2013-security-for-indu">SR 2.1</reference>
            <reference href="https://www.isa.org/products/ansi-isa-62443-3-3-99-03-03-2013-security-for-indu">SR 2.2</reference>
            <reference href="https://www.isa.org/products/ansi-isa-62443-3-3-99-03-03-2013-security-for-indu">SR 2.3</reference>
            <reference href="https://www.isa.org/products/ansi-isa-62443-3-3-99-03-03-2013-security-for-indu">SR 2.4</reference>
            <reference href="https://www.isa.org/products/ansi-isa-62443-3-3-99-03-03-2013-security-for-indu">SR 2.5</reference>
            <reference href="https://www.isa.org/products/ansi-isa-62443-3-3-99-03-03-2013-security-for-indu">SR 2.6</reference>
            <reference href="https://www.isa.org/products/ansi-isa-62443-3-3-99-03-03-2013-security-for-indu">SR 2.7</reference>
            <reference href="https://www.isa.org/products/ansi-isa-62443-3-3-99-03-03-2013-security-for-indu">SR 7.6</reference>
            <reference href="https://www.iso.org/contents/data/standard/05/45/54534.html">A.12.1.2</reference>
            <reference href="https://www.iso.org/contents/data/standard/05/45/54534.html">A.12.5.1</reference>
            <reference href="https://www.iso.org/contents/data/standard/05/45/54534.html">A.12.6.2</reference>
            <reference href="https://www.iso.org/contents/data/standard/05/45/54534.html">A.14.2.2</reference>
            <reference href="https://www.iso.org/contents/data/standard/05/45/54534.html">A.14.2.3</reference>
            <reference href="https://www.iso.org/contents/data/standard/05/45/54534.html">A.14.2.4</reference>
            <reference href="https://www.iso.org/contents/data/standard/05/45/54534.html">A.9.1.2</reference>
            <reference href="http://nvlpubs.nist.gov/nistpubs/SpecialPublications/NIST.SP.800-53r4.pdf">CA-3(5)</reference>
            <reference href="http://nvlpubs.nist.gov/nistpubs/SpecialPublications/NIST.SP.800-53r4.pdf">CM-7(b)</reference>
            <reference href="http://nvlpubs.nist.gov/nistpubs/SpecialPublications/NIST.SP.800-53r4.pdf">SC-7(23)</reference>
            <reference href="http://nvlpubs.nist.gov/nistpubs/SpecialPublications/NIST.SP.800-53r4.pdf">CM-6(a)</reference>
            <reference href="https://nvlpubs.nist.gov/nistpubs/CSWP/NIST.CSWP.04162018.pdf">PR.IP-1</reference>
            <reference href="https://nvlpubs.nist.gov/nistpubs/CSWP/NIST.CSWP.04162018.pdf">PR.PT-3</reference>
            <reference href="https://www.cisecurity.org/benchmark/suse_linux/">3.5.3.2.1</reference>
            <rationale xmlns:xhtml="http://www.w3.org/1999/xhtml" xml:lang="en-US">In <html:code xmlns:html="http://www.w3.org/1999/xhtml">iptables</html:code>, the default policy is applied only after all
the applicable rules in the table are examined for a match. Setting the
default policy to <html:code xmlns:html="http://www.w3.org/1999/xhtml">DROP</html:code> implements proper design for a firewall, i.e.
any packets which are not explicitly permitted should not be
accepted.</rationale>
            <ident system="https://ncp.nist.gov/cce">CCE-92483-7</ident>
            <fix xmlns:xhtml="http://www.w3.org/1999/xhtml" id="set_iptables_default_rule_forward" system="urn:xccdf:fix:script:sh"># Remediation is applicable only in certain platforms
if rpm --quiet -q iptables; then

sed -i 's/^:FORWARD ACCEPT.*/:FORWARD DROP [0:0]/g' /etc/sysconfig/iptables

else
    &gt;&amp;2 echo 'Remediation is not applicable, nothing was done'
fi
</fix>
            <check system="http://scap.nist.gov/schema/ocil/2">
              <check-content-ref name="ocil:ssg-set_iptables_default_rule_forward_ocil:questionnaire:1" href="ssg-sle15-ocil.xml"/>
            </check>
          </Rule>
          <Rule id="xccdf_org.ssgproject.content_rule_set_iptables_outbound_n_established" selected="false" role="full" severity="medium">
            <title xmlns:xhtml="http://www.w3.org/1999/xhtml" xml:lang="en-US">Ensure Outbound and Established Connections are Configured</title>
            <description xmlns:xhtml="http://www.w3.org/1999/xhtml" xml:lang="en-US">Configure the firewall rules for new outbound and established connections.</description>
            <warning xmlns:xhtml="http://www.w3.org/1999/xhtml" xml:lang="en-US" category="general">Changing firewall settings while connected over network can result in being
locked out of the system.</warning>
            <reference href="https://www.cisecurity.org/benchmark/suse_linux/">3.5.3.2.3</reference>
            <reference href="https://www.cisecurity.org/benchmark/suse_linux/">3.5.3.3.3</reference>
            <rationale xmlns:xhtml="http://www.w3.org/1999/xhtml" xml:lang="en-US">If rules are not in place for new outbound, and established connections all packets will
be dropped by the default policy preventing network usage.</rationale>
            <ident system="https://ncp.nist.gov/cce">CCE-92531-3</ident>
            <check system="http://open-scap.org/page/SCE">
              <check-content-ref href="sle15/checks/sce/set_iptables_outbound_n_established.sh"/>
            </check>
            <check system="http://scap.nist.gov/schema/ocil/2">
              <check-content-ref name="ocil:ssg-set_iptables_outbound_n_established_ocil:questionnaire:1" href="ssg-sle15-ocil.xml"/>
            </check>
          </Rule>
        </Group>
      </Group>
      <Group id="xccdf_org.ssgproject.content_group_network-ipv6">
        <title xmlns:xhtml="http://www.w3.org/1999/xhtml" xml:lang="en-US">IPv6</title>
        <description xmlns:xhtml="http://www.w3.org/1999/xhtml" xml:lang="en-US">The system includes support for Internet Protocol
version 6. A major and often-mentioned improvement over IPv4 is its
enormous increase in the number of available addresses. Another
important feature is its support for automatic configuration of
many network settings.</description>
        <Group id="xccdf_org.ssgproject.content_group_disabling_ipv6">
          <title xmlns:xhtml="http://www.w3.org/1999/xhtml" xml:lang="en-US">Disable Support for IPv6 Unless Needed</title>
          <description xmlns:xhtml="http://www.w3.org/1999/xhtml" xml:lang="en-US">Despite configuration that suggests support for IPv6 has
been disabled, link-local IPv6 address auto-configuration occurs
even when only an IPv4 address is assigned. The only way to
effectively prevent execution of the IPv6 networking stack is to
instruct the system not to activate the IPv6 kernel module.</description>
          <Rule id="xccdf_org.ssgproject.content_rule_grub2_ipv6_disable_argument" selected="false" role="full" severity="low">
            <title xmlns:xhtml="http://www.w3.org/1999/xhtml" xml:lang="en-US">Ensure IPv6 is disabled through kernel boot parameter</title>
            <description xmlns:xhtml="http://www.w3.org/1999/xhtml" xml:lang="en-US">To disable IPv6 protocol support in the Linux kernel,
add the argument <html:code xmlns:html="http://www.w3.org/1999/xhtml">ipv6.disable=1</html:code> to the default
GRUB2 command line for the Linux operating system.
Configure the default Grub2 kernel command line to contain ipv6.disable=1 as follows:
<html:pre xmlns:html="http://www.w3.org/1999/xhtml"># grub2-editenv - set "$(grub2-editenv - list | grep kernelopts) ipv6.disable=1"</html:pre>
        </description>
            <reference href="https://www.pcisecuritystandards.org/documents/PCI_DSS_v3-2-1.pdf">Req-1.3.1</reference>
            <reference href="https://www.pcisecuritystandards.org/documents/PCI_DSS_v3-2-1.pdf">Req-1.3.2</reference>
            <reference href="https://www.cisecurity.org/benchmark/suse_linux/">3.1.1</reference>
            <rationale xmlns:xhtml="http://www.w3.org/1999/xhtml" xml:lang="en-US">Any unnecessary network stacks, including IPv6, should be disabled to reduce
the vulnerability to exploitation.</rationale>
            <platform idref="#grub2"/>
            <ident system="https://ncp.nist.gov/cce">CCE-91240-2</ident>
            <fix xmlns:xhtml="http://www.w3.org/1999/xhtml" id="grub2_ipv6_disable_argument" system="urn:xccdf:fix:script:sh"># Remediation is applicable only in certain platforms
if rpm --quiet -q grub2; then

if { rpm --quiet -q kernel rpm-ostree bootc &amp;&amp; ! rpm --quiet -q openshift-kubelet &amp;&amp; { [ -f "/run/.containerenv" ] || [ -f "/.containerenv" ]; }; } ; then
    KARGS_DIR="/usr/lib/bootc/kargs.d/"
    if grep -q -E "ipv6.disable" "$KARGS_DIR/*.toml" ; then
        sed -i -E "s/^(\s*kargs\s*=\s*\[.*)\"ipv6.disable=[^\"]*\"(.*]\s*)/\1\"ipv6.disable=1\"\2/" "$KARGS_DIR/*.toml"
    else
        echo "kargs = [\"ipv6.disable=1\"]" &gt;&gt; "$KARGS_DIR/10-ipv6_disable.toml"
    fi
else


    # Correct the form of default kernel command line in GRUB
    if grep -q '^\s*GRUB_CMDLINE_LINUX=.*ipv6.disable=.*"'  '/etc/default/grub' ; then
           # modify the GRUB command-line if an ipv6.disable= arg already exists
           sed -i "s/\(^\s*GRUB_CMDLINE_LINUX=\".*\)ipv6.disable=[^[:space:]]\+\(.*\"\)/\1ipv6.disable=1\2/"  '/etc/default/grub'
    # Add to already existing GRUB_CMDLINE_LINUX parameters
    elif grep -q '^\s*GRUB_CMDLINE_LINUX='  '/etc/default/grub' ; then
           # no ipv6.disable=arg is present, append it
           sed -i "s/\(^\s*GRUB_CMDLINE_LINUX=\".*\)\"/\1 ipv6.disable=1\"/"  '/etc/default/grub'
    # Add GRUB_CMDLINE_LINUX parameters line
    else
           echo "GRUB_CMDLINE_LINUX=\"ipv6.disable=1\"" &gt;&gt; '/etc/default/grub'
    fi
    grub2-mkconfig -o /boot/grub2/grub.cfg

fi

else
    &gt;&amp;2 echo 'Remediation is not applicable, nothing was done'
fi
</fix>
            <fix xmlns:xhtml="http://www.w3.org/1999/xhtml" id="grub2_ipv6_disable_argument" system="urn:redhat:osbuild:blueprint">[customizations.kernel]
append = "ipv6.disable=1"
</fix>
            <fix xmlns:xhtml="http://www.w3.org/1999/xhtml" id="grub2_ipv6_disable_argument" system="urn:xccdf:fix:script:ansible" reboot="true" complexity="medium" disruption="low" strategy="restrict">- name: Gather the package facts
  package_facts:
    manager: auto
  tags:
  - CCE-91240-2
  - PCI-DSS-Req-1.3.1
  - PCI-DSS-Req-1.3.2
  - grub2_ipv6_disable_argument
  - low_disruption
  - low_severity
  - medium_complexity
  - reboot_required
  - restrict_strategy

- name: Check ipv6.disable argument exists
  ansible.builtin.command: grep '^\s*GRUB_CMDLINE_LINUX=.*ipv6.disable=' /etc/default/grub
  check_mode: false
  failed_when: false
  changed_when: false
  register: argcheck
  when: '"grub2" in ansible_facts.packages'
  tags:
  - CCE-91240-2
  - PCI-DSS-Req-1.3.1
  - PCI-DSS-Req-1.3.2
  - grub2_ipv6_disable_argument
  - low_disruption
  - low_severity
  - medium_complexity
  - reboot_required
  - restrict_strategy

- name: Check ipv6.disable argument exists
  ansible.builtin.command: grep '^\s*GRUB_CMDLINE_LINUX=' /etc/default/grub
  check_mode: false
  failed_when: false
  changed_when: false
  register: linecheck
  when: '"grub2" in ansible_facts.packages'
  tags:
  - CCE-91240-2
  - PCI-DSS-Req-1.3.1
  - PCI-DSS-Req-1.3.2
  - grub2_ipv6_disable_argument
  - low_disruption
  - low_severity
  - medium_complexity
  - reboot_required
  - restrict_strategy

- name: Add ipv6.disable argument
  ansible.builtin.lineinfile:
    line: GRUB_CMDLINE_LINUX="ipv6.disable=1 "
    state: present
    dest: /etc/default/grub
    create: true
    mode: '0644'
  when:
  - '"grub2" in ansible_facts.packages'
  - argcheck is not skipped and linecheck is not skipped and argcheck.rc != 0 and
    linecheck.rc != 0
  tags:
  - CCE-91240-2
  - PCI-DSS-Req-1.3.1
  - PCI-DSS-Req-1.3.2
  - grub2_ipv6_disable_argument
  - low_disruption
  - low_severity
  - medium_complexity
  - reboot_required
  - restrict_strategy

- name: Replace existing ipv6.disable argument
  ansible.builtin.replace:
    path: /etc/default/grub
    regexp: ipv6.disable=[a-zA-Z0-9,]+
    replace: ipv6.disable=1
  when:
  - '"grub2" in ansible_facts.packages'
  - argcheck is not skipped and linecheck is not skipped and argcheck.rc == 0 and
    linecheck.rc == 0
  tags:
  - CCE-91240-2
  - PCI-DSS-Req-1.3.1
  - PCI-DSS-Req-1.3.2
  - grub2_ipv6_disable_argument
  - low_disruption
  - low_severity
  - medium_complexity
  - reboot_required
  - restrict_strategy

- name: Add ipv6.disable argument
  ansible.builtin.replace:
    path: /etc/default/grub
    regexp: (^\s*GRUB_CMDLINE_LINUX=.*)"
    replace: \1 ipv6.disable=1"
  when:
  - '"grub2" in ansible_facts.packages'
  - argcheck is not skipped and linecheck is not skipped and argcheck.rc != 0 and
    linecheck.rc == 0
  tags:
  - CCE-91240-2
  - PCI-DSS-Req-1.3.1
  - PCI-DSS-Req-1.3.2
  - grub2_ipv6_disable_argument
  - low_disruption
  - low_severity
  - medium_complexity
  - reboot_required
  - restrict_strategy

- name: Update grub defaults and the bootloader menu
  ansible.builtin.command: /usr/sbin/grub2-mkconfig -o /boot/grub2/grub.cfg
  when: '"grub2" in ansible_facts.packages'
  tags:
  - CCE-91240-2
  - PCI-DSS-Req-1.3.1
  - PCI-DSS-Req-1.3.2
  - grub2_ipv6_disable_argument
  - low_disruption
  - low_severity
  - medium_complexity
  - reboot_required
  - restrict_strategy
</fix>
            <check system="http://oval.mitre.org/XMLSchema/oval-definitions-5">
              <check-content-ref name="oval:ssg-grub2_ipv6_disable_argument:def:1" href="ssg-sle15-oval.xml"/>
            </check>
            <check system="http://scap.nist.gov/schema/ocil/2">
              <check-content-ref name="ocil:ssg-grub2_ipv6_disable_argument_ocil:questionnaire:1" href="ssg-sle15-ocil.xml"/>
            </check>
          </Rule>
          <Rule id="xccdf_org.ssgproject.content_rule_kernel_module_ipv6_option_disabled" selected="false" role="full" severity="medium">
            <title xmlns:xhtml="http://www.w3.org/1999/xhtml" xml:lang="en-US">Disable IPv6 Networking Support Automatic Loading</title>
            <description xmlns:xhtml="http://www.w3.org/1999/xhtml" xml:lang="en-US">To prevent the IPv6 kernel module (<html:code xmlns:html="http://www.w3.org/1999/xhtml">ipv6</html:code>) from binding to the
IPv6 networking stack, add the following line to
<html:code xmlns:html="http://www.w3.org/1999/xhtml">/etc/modprobe.d/disabled.conf</html:code> (or another file in
<html:code xmlns:html="http://www.w3.org/1999/xhtml">/etc/modprobe.d</html:code>):
<html:pre xmlns:html="http://www.w3.org/1999/xhtml">options ipv6 disable=1</html:pre>
This permits the IPv6 module to be loaded (and thus satisfy other modules that
depend on it), while disabling support for the IPv6 protocol.</description>
            <reference href="https://www.cisecurity.org/controls/">11</reference>
            <reference href="https://www.cisecurity.org/controls/">14</reference>
            <reference href="https://www.cisecurity.org/controls/">3</reference>
            <reference href="https://www.cisecurity.org/controls/">9</reference>
            <reference href="https://www.isaca.org/resources/cobit">BAI10.01</reference>
            <reference href="https://www.isaca.org/resources/cobit">BAI10.02</reference>
            <reference href="https://www.isaca.org/resources/cobit">BAI10.03</reference>
            <reference href="https://www.isaca.org/resources/cobit">BAI10.05</reference>
            <reference href="https://www.isaca.org/resources/cobit">DSS05.02</reference>
            <reference href="https://www.isaca.org/resources/cobit">DSS05.05</reference>
            <reference href="https://www.isaca.org/resources/cobit">DSS06.06</reference>
            <reference href="https://www.isa.org/products/isa-62443-2-1-2009-security-for-industrial-automat">4.3.3.5.1</reference>
            <reference href="https://www.isa.org/products/isa-62443-2-1-2009-security-for-industrial-automat">4.3.3.5.2</reference>
            <reference href="https://www.isa.org/products/isa-62443-2-1-2009-security-for-industrial-automat">4.3.3.5.3</reference>
            <reference href="https://www.isa.org/products/isa-62443-2-1-2009-security-for-industrial-automat">4.3.3.5.4</reference>
            <reference href="https://www.isa.org/products/isa-62443-2-1-2009-security-for-industrial-automat">4.3.3.5.5</reference>
            <reference href="https://www.isa.org/products/isa-62443-2-1-2009-security-for-industrial-automat">4.3.3.5.6</reference>
            <reference href="https://www.isa.org/products/isa-62443-2-1-2009-security-for-industrial-automat">4.3.3.5.7</reference>
            <reference href="https://www.isa.org/products/isa-62443-2-1-2009-security-for-industrial-automat">4.3.3.5.8</reference>
            <reference href="https://www.isa.org/products/isa-62443-2-1-2009-security-for-industrial-automat">4.3.3.6.1</reference>
            <reference href="https://www.isa.org/products/isa-62443-2-1-2009-security-for-industrial-automat">4.3.3.6.2</reference>
            <reference href="https://www.isa.org/products/isa-62443-2-1-2009-security-for-industrial-automat">4.3.3.6.3</reference>
            <reference href="https://www.isa.org/products/isa-62443-2-1-2009-security-for-industrial-automat">4.3.3.6.4</reference>
            <reference href="https://www.isa.org/products/isa-62443-2-1-2009-security-for-industrial-automat">4.3.3.6.5</reference>
            <reference href="https://www.isa.org/products/isa-62443-2-1-2009-security-for-industrial-automat">4.3.3.6.6</reference>
            <reference href="https://www.isa.org/products/isa-62443-2-1-2009-security-for-industrial-automat">4.3.3.6.7</reference>
            <reference href="https://www.isa.org/products/isa-62443-2-1-2009-security-for-industrial-automat">4.3.3.6.8</reference>
            <reference href="https://www.isa.org/products/isa-62443-2-1-2009-security-for-industrial-automat">4.3.3.6.9</reference>
            <reference href="https://www.isa.org/products/isa-62443-2-1-2009-security-for-industrial-automat">4.3.3.7.1</reference>
            <reference href="https://www.isa.org/products/isa-62443-2-1-2009-security-for-industrial-automat">4.3.3.7.2</reference>
            <reference href="https://www.isa.org/products/isa-62443-2-1-2009-security-for-industrial-automat">4.3.3.7.3</reference>
            <reference href="https://www.isa.org/products/isa-62443-2-1-2009-security-for-industrial-automat">4.3.3.7.4</reference>
            <reference href="https://www.isa.org/products/isa-62443-2-1-2009-security-for-industrial-automat">4.3.4.3.2</reference>
            <reference href="https://www.isa.org/products/isa-62443-2-1-2009-security-for-industrial-automat">4.3.4.3.3</reference>
            <reference href="https://www.isa.org/products/ansi-isa-62443-3-3-99-03-03-2013-security-for-indu">SR 1.1</reference>
            <reference href="https://www.isa.org/products/ansi-isa-62443-3-3-99-03-03-2013-security-for-indu">SR 1.10</reference>
            <reference href="https://www.isa.org/products/ansi-isa-62443-3-3-99-03-03-2013-security-for-indu">SR 1.11</reference>
            <reference href="https://www.isa.org/products/ansi-isa-62443-3-3-99-03-03-2013-security-for-indu">SR 1.12</reference>
            <reference href="https://www.isa.org/products/ansi-isa-62443-3-3-99-03-03-2013-security-for-indu">SR 1.13</reference>
            <reference href="https://www.isa.org/products/ansi-isa-62443-3-3-99-03-03-2013-security-for-indu">SR 1.2</reference>
            <reference href="https://www.isa.org/products/ansi-isa-62443-3-3-99-03-03-2013-security-for-indu">SR 1.3</reference>
            <reference href="https://www.isa.org/products/ansi-isa-62443-3-3-99-03-03-2013-security-for-indu">SR 1.4</reference>
            <reference href="https://www.isa.org/products/ansi-isa-62443-3-3-99-03-03-2013-security-for-indu">SR 1.5</reference>
            <reference href="https://www.isa.org/products/ansi-isa-62443-3-3-99-03-03-2013-security-for-indu">SR 1.6</reference>
            <reference href="https://www.isa.org/products/ansi-isa-62443-3-3-99-03-03-2013-security-for-indu">SR 1.7</reference>
            <reference href="https://www.isa.org/products/ansi-isa-62443-3-3-99-03-03-2013-security-for-indu">SR 1.8</reference>
            <reference href="https://www.isa.org/products/ansi-isa-62443-3-3-99-03-03-2013-security-for-indu">SR 1.9</reference>
            <reference href="https://www.isa.org/products/ansi-isa-62443-3-3-99-03-03-2013-security-for-indu">SR 2.1</reference>
            <reference href="https://www.isa.org/products/ansi-isa-62443-3-3-99-03-03-2013-security-for-indu">SR 2.2</reference>
            <reference href="https://www.isa.org/products/ansi-isa-62443-3-3-99-03-03-2013-security-for-indu">SR 2.3</reference>
            <reference href="https://www.isa.org/products/ansi-isa-62443-3-3-99-03-03-2013-security-for-indu">SR 2.4</reference>
            <reference href="https://www.isa.org/products/ansi-isa-62443-3-3-99-03-03-2013-security-for-indu">SR 2.5</reference>
            <reference href="https://www.isa.org/products/ansi-isa-62443-3-3-99-03-03-2013-security-for-indu">SR 2.6</reference>
            <reference href="https://www.isa.org/products/ansi-isa-62443-3-3-99-03-03-2013-security-for-indu">SR 2.7</reference>
            <reference href="https://www.isa.org/products/ansi-isa-62443-3-3-99-03-03-2013-security-for-indu">SR 7.6</reference>
            <reference href="https://www.iso.org/contents/data/standard/05/45/54534.html">A.12.1.2</reference>
            <reference href="https://www.iso.org/contents/data/standard/05/45/54534.html">A.12.5.1</reference>
            <reference href="https://www.iso.org/contents/data/standard/05/45/54534.html">A.12.6.2</reference>
            <reference href="https://www.iso.org/contents/data/standard/05/45/54534.html">A.14.2.2</reference>
            <reference href="https://www.iso.org/contents/data/standard/05/45/54534.html">A.14.2.3</reference>
            <reference href="https://www.iso.org/contents/data/standard/05/45/54534.html">A.14.2.4</reference>
            <reference href="https://www.iso.org/contents/data/standard/05/45/54534.html">A.9.1.2</reference>
            <reference href="http://nvlpubs.nist.gov/nistpubs/SpecialPublications/NIST.SP.800-53r4.pdf">CM-7(a)</reference>
            <reference href="http://nvlpubs.nist.gov/nistpubs/SpecialPublications/NIST.SP.800-53r4.pdf">CM-7(b)</reference>
            <reference href="http://nvlpubs.nist.gov/nistpubs/SpecialPublications/NIST.SP.800-53r4.pdf">CM-6(a)</reference>
            <reference href="https://nvlpubs.nist.gov/nistpubs/CSWP/NIST.CSWP.04162018.pdf">PR.IP-1</reference>
            <reference href="https://nvlpubs.nist.gov/nistpubs/CSWP/NIST.CSWP.04162018.pdf">PR.PT-3</reference>
            <rationale xmlns:xhtml="http://www.w3.org/1999/xhtml" xml:lang="en-US">Any unnecessary network stacks - including IPv6 - should be disabled, to reduce
the vulnerability to exploitation.</rationale>
            <platform idref="#system_with_kernel"/>
            <fix xmlns:xhtml="http://www.w3.org/1999/xhtml" id="kernel_module_ipv6_option_disabled" system="urn:xccdf:fix:script:sh"># Remediation is applicable only in certain platforms
if rpm --quiet -q kernel-default || rpm --quiet -q kernel-default-base; then

# Prevent the IPv6 kernel module (ipv6) from loading the IPv6 networking stack
echo "options ipv6 disable=1" &gt; /etc/modprobe.d/ipv6.conf

# Since according to: https://access.redhat.com/solutions/72733
# "ipv6 disable=1" options doesn't always disable the IPv6 networking stack from
# loading, instruct also sysctl configuration to disable IPv6 according to:
# https://access.redhat.com/solutions/8709#rhel6disable

declare -a IPV6_SETTINGS=("net.ipv6.conf.all.disable_ipv6" "net.ipv6.conf.default.disable_ipv6")

for setting in "${IPV6_SETTINGS[@]}"
do
	# Set runtime =1 for setting
	/sbin/sysctl -q -n -w "$setting=1"

	# If setting is present in /etc/sysctl.conf, change value to "1"
	# else, add "$setting = 1" to /etc/sysctl.conf
	if grep -q ^"$setting" /etc/sysctl.conf ; then
		sed -i "s/^$setting.*/$setting = 1/g" /etc/sysctl.conf
	else
		echo "" &gt;&gt; /etc/sysctl.conf
		echo "# Set $setting = 1 per security requirements" &gt;&gt; /etc/sysctl.conf
		echo "$setting = 1" &gt;&gt; /etc/sysctl.conf
	fi
done

else
    &gt;&amp;2 echo 'Remediation is not applicable, nothing was done'
fi
</fix>
            <fix xmlns:xhtml="http://www.w3.org/1999/xhtml" id="kernel_module_ipv6_option_disabled" system="urn:xccdf:fix:script:ansible" reboot="true" complexity="low" disruption="medium" strategy="disable">- name: Gather the package facts
  package_facts:
    manager: auto
  tags:
  - NIST-800-53-CM-6(a)
  - NIST-800-53-CM-7(a)
  - NIST-800-53-CM-7(b)
  - disable_strategy
  - kernel_module_ipv6_option_disabled
  - low_complexity
  - medium_disruption
  - medium_severity
  - reboot_required

- name: Disable IPv6 Networking kernel module
  ansible.builtin.lineinfile:
    create: true
    dest: /etc/modprobe.d/ipv6.conf
    regexp: ^options\s+ipv6\s+disable=\d
    line: options ipv6 disable=1
  when: ("kernel-default" in ansible_facts.packages or "kernel-default-base" in ansible_facts.packages)
  tags:
  - NIST-800-53-CM-6(a)
  - NIST-800-53-CM-7(a)
  - NIST-800-53-CM-7(b)
  - disable_strategy
  - kernel_module_ipv6_option_disabled
  - low_complexity
  - medium_disruption
  - medium_severity
  - reboot_required

- name: Ensure disable_ipv6 (all and default) is set to 1
  ansible.posix.sysctl:
    name: '{{ item }}'
    value: '1'
    state: present
    reload: true
  with_items:
  - net.ipv6.conf.all.disable_ipv6
  - net.ipv6.conf.default.disable_ipv6
  when: ("kernel-default" in ansible_facts.packages or "kernel-default-base" in ansible_facts.packages)
  tags:
  - NIST-800-53-CM-6(a)
  - NIST-800-53-CM-7(a)
  - NIST-800-53-CM-7(b)
  - disable_strategy
  - kernel_module_ipv6_option_disabled
  - low_complexity
  - medium_disruption
  - medium_severity
  - reboot_required
</fix>
            <check system="http://oval.mitre.org/XMLSchema/oval-definitions-5">
              <check-content-ref name="oval:ssg-kernel_module_ipv6_option_disabled:def:1" href="ssg-sle15-oval.xml"/>
            </check>
            <check system="http://scap.nist.gov/schema/ocil/2">
              <check-content-ref name="ocil:ssg-kernel_module_ipv6_option_disabled_ocil:questionnaire:1" href="ssg-sle15-ocil.xml"/>
            </check>
          </Rule>
          <Rule id="xccdf_org.ssgproject.content_rule_sysctl_net_ipv6_conf_all_disable_ipv6" selected="false" role="full" severity="medium">
            <title xmlns:xhtml="http://www.w3.org/1999/xhtml" xml:lang="en-US">Disable IPv6 Addressing on All IPv6 Interfaces</title>
            <description xmlns:xhtml="http://www.w3.org/1999/xhtml" xml:lang="en-US">To disable support for (<html:code xmlns:html="http://www.w3.org/1999/xhtml">ipv6</html:code>) addressing on all interface add the following line to
<html:code xmlns:html="http://www.w3.org/1999/xhtml">/etc/sysctl.d/ipv6.conf</html:code> (or another file in <html:code xmlns:html="http://www.w3.org/1999/xhtml">/etc/sysctl.d</html:code>):
<html:pre xmlns:html="http://www.w3.org/1999/xhtml">net.ipv6.conf.all.disable_ipv6 = 1</html:pre>
This disables IPv6 on all network interfaces as other services and system
functionality require the IPv6 stack loaded to work.</description>
            <reference href="https://www.cisecurity.org/controls/">11</reference>
            <reference href="https://www.cisecurity.org/controls/">14</reference>
            <reference href="https://www.cisecurity.org/controls/">3</reference>
            <reference href="https://www.cisecurity.org/controls/">9</reference>
            <reference href="https://www.isaca.org/resources/cobit">BAI10.01</reference>
            <reference href="https://www.isaca.org/resources/cobit">BAI10.02</reference>
            <reference href="https://www.isaca.org/resources/cobit">BAI10.03</reference>
            <reference href="https://www.isaca.org/resources/cobit">BAI10.05</reference>
            <reference href="https://www.isaca.org/resources/cobit">DSS05.02</reference>
            <reference href="https://www.isaca.org/resources/cobit">DSS05.05</reference>
            <reference href="https://www.isaca.org/resources/cobit">DSS06.06</reference>
            <reference href="http://nvlpubs.nist.gov/nistpubs/SpecialPublications/NIST.SP.800-171.pdf">3.1.20</reference>
            <reference href="https://www.isa.org/products/isa-62443-2-1-2009-security-for-industrial-automat">4.3.3.5.1</reference>
            <reference href="https://www.isa.org/products/isa-62443-2-1-2009-security-for-industrial-automat">4.3.3.5.2</reference>
            <reference href="https://www.isa.org/products/isa-62443-2-1-2009-security-for-industrial-automat">4.3.3.5.3</reference>
            <reference href="https://www.isa.org/products/isa-62443-2-1-2009-security-for-industrial-automat">4.3.3.5.4</reference>
            <reference href="https://www.isa.org/products/isa-62443-2-1-2009-security-for-industrial-automat">4.3.3.5.5</reference>
            <reference href="https://www.isa.org/products/isa-62443-2-1-2009-security-for-industrial-automat">4.3.3.5.6</reference>
            <reference href="https://www.isa.org/products/isa-62443-2-1-2009-security-for-industrial-automat">4.3.3.5.7</reference>
            <reference href="https://www.isa.org/products/isa-62443-2-1-2009-security-for-industrial-automat">4.3.3.5.8</reference>
            <reference href="https://www.isa.org/products/isa-62443-2-1-2009-security-for-industrial-automat">4.3.3.6.1</reference>
            <reference href="https://www.isa.org/products/isa-62443-2-1-2009-security-for-industrial-automat">4.3.3.6.2</reference>
            <reference href="https://www.isa.org/products/isa-62443-2-1-2009-security-for-industrial-automat">4.3.3.6.3</reference>
            <reference href="https://www.isa.org/products/isa-62443-2-1-2009-security-for-industrial-automat">4.3.3.6.4</reference>
            <reference href="https://www.isa.org/products/isa-62443-2-1-2009-security-for-industrial-automat">4.3.3.6.5</reference>
            <reference href="https://www.isa.org/products/isa-62443-2-1-2009-security-for-industrial-automat">4.3.3.6.6</reference>
            <reference href="https://www.isa.org/products/isa-62443-2-1-2009-security-for-industrial-automat">4.3.3.6.7</reference>
            <reference href="https://www.isa.org/products/isa-62443-2-1-2009-security-for-industrial-automat">4.3.3.6.8</reference>
            <reference href="https://www.isa.org/products/isa-62443-2-1-2009-security-for-industrial-automat">4.3.3.6.9</reference>
            <reference href="https://www.isa.org/products/isa-62443-2-1-2009-security-for-industrial-automat">4.3.3.7.1</reference>
            <reference href="https://www.isa.org/products/isa-62443-2-1-2009-security-for-industrial-automat">4.3.3.7.2</reference>
            <reference href="https://www.isa.org/products/isa-62443-2-1-2009-security-for-industrial-automat">4.3.3.7.3</reference>
            <reference href="https://www.isa.org/products/isa-62443-2-1-2009-security-for-industrial-automat">4.3.3.7.4</reference>
            <reference href="https://www.isa.org/products/isa-62443-2-1-2009-security-for-industrial-automat">4.3.4.3.2</reference>
            <reference href="https://www.isa.org/products/isa-62443-2-1-2009-security-for-industrial-automat">4.3.4.3.3</reference>
            <reference href="https://www.isa.org/products/ansi-isa-62443-3-3-99-03-03-2013-security-for-indu">SR 1.1</reference>
            <reference href="https://www.isa.org/products/ansi-isa-62443-3-3-99-03-03-2013-security-for-indu">SR 1.10</reference>
            <reference href="https://www.isa.org/products/ansi-isa-62443-3-3-99-03-03-2013-security-for-indu">SR 1.11</reference>
            <reference href="https://www.isa.org/products/ansi-isa-62443-3-3-99-03-03-2013-security-for-indu">SR 1.12</reference>
            <reference href="https://www.isa.org/products/ansi-isa-62443-3-3-99-03-03-2013-security-for-indu">SR 1.13</reference>
            <reference href="https://www.isa.org/products/ansi-isa-62443-3-3-99-03-03-2013-security-for-indu">SR 1.2</reference>
            <reference href="https://www.isa.org/products/ansi-isa-62443-3-3-99-03-03-2013-security-for-indu">SR 1.3</reference>
            <reference href="https://www.isa.org/products/ansi-isa-62443-3-3-99-03-03-2013-security-for-indu">SR 1.4</reference>
            <reference href="https://www.isa.org/products/ansi-isa-62443-3-3-99-03-03-2013-security-for-indu">SR 1.5</reference>
            <reference href="https://www.isa.org/products/ansi-isa-62443-3-3-99-03-03-2013-security-for-indu">SR 1.6</reference>
            <reference href="https://www.isa.org/products/ansi-isa-62443-3-3-99-03-03-2013-security-for-indu">SR 1.7</reference>
            <reference href="https://www.isa.org/products/ansi-isa-62443-3-3-99-03-03-2013-security-for-indu">SR 1.8</reference>
            <reference href="https://www.isa.org/products/ansi-isa-62443-3-3-99-03-03-2013-security-for-indu">SR 1.9</reference>
            <reference href="https://www.isa.org/products/ansi-isa-62443-3-3-99-03-03-2013-security-for-indu">SR 2.1</reference>
            <reference href="https://www.isa.org/products/ansi-isa-62443-3-3-99-03-03-2013-security-for-indu">SR 2.2</reference>
            <reference href="https://www.isa.org/products/ansi-isa-62443-3-3-99-03-03-2013-security-for-indu">SR 2.3</reference>
            <reference href="https://www.isa.org/products/ansi-isa-62443-3-3-99-03-03-2013-security-for-indu">SR 2.4</reference>
            <reference href="https://www.isa.org/products/ansi-isa-62443-3-3-99-03-03-2013-security-for-indu">SR 2.5</reference>
            <reference href="https://www.isa.org/products/ansi-isa-62443-3-3-99-03-03-2013-security-for-indu">SR 2.6</reference>
            <reference href="https://www.isa.org/products/ansi-isa-62443-3-3-99-03-03-2013-security-for-indu">SR 2.7</reference>
            <reference href="https://www.isa.org/products/ansi-isa-62443-3-3-99-03-03-2013-security-for-indu">SR 7.6</reference>
            <reference href="https://www.iso.org/contents/data/standard/05/45/54534.html">A.12.1.2</reference>
            <reference href="https://www.iso.org/contents/data/standard/05/45/54534.html">A.12.5.1</reference>
            <reference href="https://www.iso.org/contents/data/standard/05/45/54534.html">A.12.6.2</reference>
            <reference href="https://www.iso.org/contents/data/standard/05/45/54534.html">A.14.2.2</reference>
            <reference href="https://www.iso.org/contents/data/standard/05/45/54534.html">A.14.2.3</reference>
            <reference href="https://www.iso.org/contents/data/standard/05/45/54534.html">A.14.2.4</reference>
            <reference href="https://www.iso.org/contents/data/standard/05/45/54534.html">A.9.1.2</reference>
            <reference href="http://nvlpubs.nist.gov/nistpubs/SpecialPublications/NIST.SP.800-53r4.pdf">CM-7(a)</reference>
            <reference href="http://nvlpubs.nist.gov/nistpubs/SpecialPublications/NIST.SP.800-53r4.pdf">CM-7(b)</reference>
            <reference href="http://nvlpubs.nist.gov/nistpubs/SpecialPublications/NIST.SP.800-53r4.pdf">CM-6(a)</reference>
            <reference href="https://nvlpubs.nist.gov/nistpubs/CSWP/NIST.CSWP.04162018.pdf">PR.IP-1</reference>
            <reference href="https://nvlpubs.nist.gov/nistpubs/CSWP/NIST.CSWP.04162018.pdf">PR.PT-3</reference>
            <reference href="https://www.cisecurity.org/benchmark/suse_linux/">3.1.1</reference>
            <rationale xmlns:xhtml="http://www.w3.org/1999/xhtml" xml:lang="en-US">Any unnecessary network stacks - including IPv6 - should be disabled, to reduce
the vulnerability to exploitation.</rationale>
            <platform idref="#ipv6_enabled"/>
            <ident system="https://ncp.nist.gov/cce">CCE-92496-9</ident>
            <fix xmlns:xhtml="http://www.w3.org/1999/xhtml" id="sysctl_net_ipv6_conf_all_disable_ipv6" system="urn:xccdf:fix:script:sh" reboot="true" complexity="low" disruption="medium" strategy="disable">
# Comment out any occurrences of net.ipv6.conf.all.disable_ipv6 from /etc/sysctl.d/*.conf files

for f in /etc/sysctl.d/*.conf /run/sysctl.d/*.conf /usr/local/lib/sysctl.d/*.conf /lib/sysctl.d/*.conf; do


  # skip systemd-sysctl symlink (/etc/sysctl.d/99-sysctl.conf -&gt; /etc/sysctl.conf)
  if [[ "$(readlink -f "$f")" == "/etc/sysctl.conf" ]]; then continue; fi

  matching_list=$(grep -P '^(?!#).*[\s]*net.ipv6.conf.all.disable_ipv6.*$' $f | uniq )
  if ! test -z "$matching_list"; then
    while IFS= read -r entry; do
      escaped_entry=$(sed -e 's|/|\\/|g' &lt;&lt;&lt; "$entry")
      # comment out "net.ipv6.conf.all.disable_ipv6" matches to preserve user data
      sed -i --follow-symlinks "s/^${escaped_entry}$/# &amp;/g" $f
    done &lt;&lt;&lt; "$matching_list"
  fi
done

#
# Set sysctl config file which to save the desired value
#

SYSCONFIG_FILE='/etc/sysctl.d/net_ipv6_conf_all_disable_ipv6.conf'


#
# Set runtime for net.ipv6.conf.all.disable_ipv6
#
if ! { rpm --quiet -q kernel rpm-ostree bootc &amp;&amp; ! rpm --quiet -q openshift-kubelet &amp;&amp; { [ -f "/run/.containerenv" ] || [ -f "/.containerenv" ]; }; } ; then
    /sbin/sysctl -q -n -w net.ipv6.conf.all.disable_ipv6="1"
fi

#
# If net.ipv6.conf.all.disable_ipv6 present in /etc/sysctl.conf, change value to "1"
#	else, add "net.ipv6.conf.all.disable_ipv6 = 1" to /etc/sysctl.conf
#

sed -i "/^$SYSCONFIG_VAR/d" /etc/sysctl.conf

# Strip any search characters in the key arg so that the key can be replaced without
# adding any search characters to the config file.
stripped_key=$(sed 's/[\^=\$,;+]*//g' &lt;&lt;&lt; "^net.ipv6.conf.all.disable_ipv6")

# shellcheck disable=SC2059
printf -v formatted_output "%s = %s" "$stripped_key" "1"

# If the key exists, change it. Otherwise, add it to the config_file.
# We search for the key string followed by a word boundary (matched by \&gt;),
# so if we search for 'setting', 'setting2' won't match.
if LC_ALL=C grep -q -m 1 -i -e "^net.ipv6.conf.all.disable_ipv6\\&gt;" "${SYSCONFIG_FILE}"; then
    escaped_formatted_output=$(sed -e 's|/|\\/|g' &lt;&lt;&lt; "$formatted_output")
    LC_ALL=C sed -i --follow-symlinks "s/^net.ipv6.conf.all.disable_ipv6\\&gt;.*/$escaped_formatted_output/gi" "${SYSCONFIG_FILE}"
else
    if [[ -s "${SYSCONFIG_FILE}" ]] &amp;&amp; [[ -n "$(tail -c 1 -- "${SYSCONFIG_FILE}" || true)" ]]; then
        LC_ALL=C sed -i --follow-symlinks '$a'\\ "${SYSCONFIG_FILE}"
    fi
    cce="CCE-92496-9"
    printf '# Per %s: Set %s in %s\n' "${cce}" "${formatted_output}" "${SYSCONFIG_FILE}" &gt;&gt; "${SYSCONFIG_FILE}"
    printf '%s\n' "$formatted_output" &gt;&gt; "${SYSCONFIG_FILE}"
fi
</fix>
            <fix xmlns:xhtml="http://www.w3.org/1999/xhtml" id="sysctl_net_ipv6_conf_all_disable_ipv6" system="urn:xccdf:fix:script:ansible" reboot="true" complexity="low" disruption="medium" strategy="disable">- name: Disable IPv6 Addressing on All IPv6 Interfaces - Set fact for sysctl paths
  ansible.builtin.set_fact:
    sysctl_paths:
    - /run/sysctl.d/
    - /etc/sysctl.d/
    - /usr/local/lib/sysctl.d/
    - /lib/sysctl.d/
  tags:
  - CCE-92496-9
  - NIST-800-171-3.1.20
  - NIST-800-53-CM-6(a)
  - NIST-800-53-CM-7(a)
  - NIST-800-53-CM-7(b)
  - disable_strategy
  - low_complexity
  - medium_disruption
  - medium_severity
  - reboot_required
  - sysctl_net_ipv6_conf_all_disable_ipv6

- name: Disable IPv6 Addressing on All IPv6 Interfaces - Find all files that contain
    net.ipv6.conf.all.disable_ipv6
  ansible.builtin.shell:
    cmd: find -L {{ sysctl_paths | join(" ") }} -type f -name '*.conf' | xargs grep
      -HP '^\s*net.ipv6.conf.all.disable_ipv6\s*=\s*.*$'
  register: find_all_values
  check_mode: false
  changed_when: false
  failed_when: false
  tags:
  - CCE-92496-9
  - NIST-800-171-3.1.20
  - NIST-800-53-CM-6(a)
  - NIST-800-53-CM-7(a)
  - NIST-800-53-CM-7(b)
  - disable_strategy
  - low_complexity
  - medium_disruption
  - medium_severity
  - reboot_required
  - sysctl_net_ipv6_conf_all_disable_ipv6

- name: Disable IPv6 Addressing on All IPv6 Interfaces - Find all files that set net.ipv6.conf.all.disable_ipv6
    to correct value
  ansible.builtin.shell:
    cmd: find -L {{ sysctl_paths | join(" ") }} -type f -name '*.conf' | xargs grep
      -HP '^\s*net.ipv6.conf.all.disable_ipv6\s*=\s*1$'
  register: find_correct_value
  check_mode: false
  changed_when: false
  failed_when: false
  tags:
  - CCE-92496-9
  - NIST-800-171-3.1.20
  - NIST-800-53-CM-6(a)
  - NIST-800-53-CM-7(a)
  - NIST-800-53-CM-7(b)
  - disable_strategy
  - low_complexity
  - medium_disruption
  - medium_severity
  - reboot_required
  - sysctl_net_ipv6_conf_all_disable_ipv6

- name: Disable IPv6 Addressing on All IPv6 Interfaces - Comment out any occurrences
    of net.ipv6.conf.all.disable_ipv6 from config files
  ansible.builtin.replace:
    path: '{{ item | split(":") | first }}'
    regexp: ^[\s]*net.ipv6.conf.all.disable_ipv6
    replace: '#net.ipv6.conf.all.disable_ipv6'
  loop: '{{ find_all_values.stdout_lines }}'
  when: find_correct_value.stdout_lines | length == 0 or find_all_values.stdout_lines
    | length &gt; find_correct_value.stdout_lines | length
  tags:
  - CCE-92496-9
  - NIST-800-171-3.1.20
  - NIST-800-53-CM-6(a)
  - NIST-800-53-CM-7(a)
  - NIST-800-53-CM-7(b)
  - disable_strategy
  - low_complexity
  - medium_disruption
  - medium_severity
  - reboot_required
  - sysctl_net_ipv6_conf_all_disable_ipv6

- name: Disable IPv6 Addressing on All IPv6 Interfaces - Comment out any occurrences
    of net.ipv6.conf.all.disable_ipv6 from /etc/sysctl.conf
  ansible.builtin.replace:
    path: /etc/sysctl.conf
    regexp: ^[\s]*net.ipv6.conf.all.disable_ipv6
    replace: '#net.ipv6.conf.all.disable_ipv6'
  tags:
  - CCE-92496-9
  - NIST-800-171-3.1.20
  - NIST-800-53-CM-6(a)
  - NIST-800-53-CM-7(a)
  - NIST-800-53-CM-7(b)
  - disable_strategy
  - low_complexity
  - medium_disruption
  - medium_severity
  - reboot_required
  - sysctl_net_ipv6_conf_all_disable_ipv6

- name: Disable IPv6 Addressing on All IPv6 Interfaces - Ensure sysctl net.ipv6.conf.all.disable_ipv6
    is set to 1
  ansible.posix.sysctl:
    name: net.ipv6.conf.all.disable_ipv6
    value: '1'
    sysctl_file: /etc/sysctl.d/net_ipv6_conf_all_disable_ipv6.conf
    state: present
    reload: true
  tags:
  - CCE-92496-9
  - NIST-800-171-3.1.20
  - NIST-800-53-CM-6(a)
  - NIST-800-53-CM-7(a)
  - NIST-800-53-CM-7(b)
  - disable_strategy
  - low_complexity
  - medium_disruption
  - medium_severity
  - reboot_required
  - sysctl_net_ipv6_conf_all_disable_ipv6
</fix>
            <check system="http://open-scap.org/page/SCE">
              <check-import import-name="stdout">
                  </check-import>
              <check-content-ref href="sle15/checks/sce/sysctl_net_ipv6_conf_all_disable_ipv6.sh"/>
            </check>
            <check system="http://oval.mitre.org/XMLSchema/oval-definitions-5">
              <check-content-ref name="oval:ssg-sysctl_net_ipv6_conf_all_disable_ipv6:def:1" href="ssg-sle15-oval.xml"/>
            </check>
            <check system="http://scap.nist.gov/schema/ocil/2">
              <check-content-ref name="ocil:ssg-sysctl_net_ipv6_conf_all_disable_ipv6_ocil:questionnaire:1" href="ssg-sle15-ocil.xml"/>
            </check>
          </Rule>
          <Rule id="xccdf_org.ssgproject.content_rule_sysctl_net_ipv6_conf_default_disable_ipv6" selected="false" role="full" severity="medium">
            <title xmlns:xhtml="http://www.w3.org/1999/xhtml" xml:lang="en-US">Disable IPv6 Addressing on IPv6 Interfaces by Default</title>
            <description xmlns:xhtml="http://www.w3.org/1999/xhtml" xml:lang="en-US">To disable support for (<html:code xmlns:html="http://www.w3.org/1999/xhtml">ipv6</html:code>) addressing on interfaces by default add the following line to
<html:code xmlns:html="http://www.w3.org/1999/xhtml">/etc/sysctl.d/ipv6.conf</html:code> (or another file in <html:code xmlns:html="http://www.w3.org/1999/xhtml">/etc/sysctl.d</html:code>):
<html:pre xmlns:html="http://www.w3.org/1999/xhtml">net.ipv6.conf.default.disable_ipv6 = 1</html:pre>
This disables IPv6 on network interfaces by default as other services and system
functionality require the IPv6 stack loaded to work.</description>
            <reference href="https://www.cisecurity.org/controls/">11</reference>
            <reference href="https://www.cisecurity.org/controls/">14</reference>
            <reference href="https://www.cisecurity.org/controls/">3</reference>
            <reference href="https://www.cisecurity.org/controls/">9</reference>
            <reference href="https://www.isaca.org/resources/cobit">BAI10.01</reference>
            <reference href="https://www.isaca.org/resources/cobit">BAI10.02</reference>
            <reference href="https://www.isaca.org/resources/cobit">BAI10.03</reference>
            <reference href="https://www.isaca.org/resources/cobit">BAI10.05</reference>
            <reference href="https://www.isaca.org/resources/cobit">DSS05.02</reference>
            <reference href="https://www.isaca.org/resources/cobit">DSS05.05</reference>
            <reference href="https://www.isaca.org/resources/cobit">DSS06.06</reference>
            <reference href="http://nvlpubs.nist.gov/nistpubs/SpecialPublications/NIST.SP.800-171.pdf">3.1.20</reference>
            <reference href="https://www.isa.org/products/isa-62443-2-1-2009-security-for-industrial-automat">4.3.3.5.1</reference>
            <reference href="https://www.isa.org/products/isa-62443-2-1-2009-security-for-industrial-automat">4.3.3.5.2</reference>
            <reference href="https://www.isa.org/products/isa-62443-2-1-2009-security-for-industrial-automat">4.3.3.5.3</reference>
            <reference href="https://www.isa.org/products/isa-62443-2-1-2009-security-for-industrial-automat">4.3.3.5.4</reference>
            <reference href="https://www.isa.org/products/isa-62443-2-1-2009-security-for-industrial-automat">4.3.3.5.5</reference>
            <reference href="https://www.isa.org/products/isa-62443-2-1-2009-security-for-industrial-automat">4.3.3.5.6</reference>
            <reference href="https://www.isa.org/products/isa-62443-2-1-2009-security-for-industrial-automat">4.3.3.5.7</reference>
            <reference href="https://www.isa.org/products/isa-62443-2-1-2009-security-for-industrial-automat">4.3.3.5.8</reference>
            <reference href="https://www.isa.org/products/isa-62443-2-1-2009-security-for-industrial-automat">4.3.3.6.1</reference>
            <reference href="https://www.isa.org/products/isa-62443-2-1-2009-security-for-industrial-automat">4.3.3.6.2</reference>
            <reference href="https://www.isa.org/products/isa-62443-2-1-2009-security-for-industrial-automat">4.3.3.6.3</reference>
            <reference href="https://www.isa.org/products/isa-62443-2-1-2009-security-for-industrial-automat">4.3.3.6.4</reference>
            <reference href="https://www.isa.org/products/isa-62443-2-1-2009-security-for-industrial-automat">4.3.3.6.5</reference>
            <reference href="https://www.isa.org/products/isa-62443-2-1-2009-security-for-industrial-automat">4.3.3.6.6</reference>
            <reference href="https://www.isa.org/products/isa-62443-2-1-2009-security-for-industrial-automat">4.3.3.6.7</reference>
            <reference href="https://www.isa.org/products/isa-62443-2-1-2009-security-for-industrial-automat">4.3.3.6.8</reference>
            <reference href="https://www.isa.org/products/isa-62443-2-1-2009-security-for-industrial-automat">4.3.3.6.9</reference>
            <reference href="https://www.isa.org/products/isa-62443-2-1-2009-security-for-industrial-automat">4.3.3.7.1</reference>
            <reference href="https://www.isa.org/products/isa-62443-2-1-2009-security-for-industrial-automat">4.3.3.7.2</reference>
            <reference href="https://www.isa.org/products/isa-62443-2-1-2009-security-for-industrial-automat">4.3.3.7.3</reference>
            <reference href="https://www.isa.org/products/isa-62443-2-1-2009-security-for-industrial-automat">4.3.3.7.4</reference>
            <reference href="https://www.isa.org/products/isa-62443-2-1-2009-security-for-industrial-automat">4.3.4.3.2</reference>
            <reference href="https://www.isa.org/products/isa-62443-2-1-2009-security-for-industrial-automat">4.3.4.3.3</reference>
            <reference href="https://www.isa.org/products/ansi-isa-62443-3-3-99-03-03-2013-security-for-indu">SR 1.1</reference>
            <reference href="https://www.isa.org/products/ansi-isa-62443-3-3-99-03-03-2013-security-for-indu">SR 1.10</reference>
            <reference href="https://www.isa.org/products/ansi-isa-62443-3-3-99-03-03-2013-security-for-indu">SR 1.11</reference>
            <reference href="https://www.isa.org/products/ansi-isa-62443-3-3-99-03-03-2013-security-for-indu">SR 1.12</reference>
            <reference href="https://www.isa.org/products/ansi-isa-62443-3-3-99-03-03-2013-security-for-indu">SR 1.13</reference>
            <reference href="https://www.isa.org/products/ansi-isa-62443-3-3-99-03-03-2013-security-for-indu">SR 1.2</reference>
            <reference href="https://www.isa.org/products/ansi-isa-62443-3-3-99-03-03-2013-security-for-indu">SR 1.3</reference>
            <reference href="https://www.isa.org/products/ansi-isa-62443-3-3-99-03-03-2013-security-for-indu">SR 1.4</reference>
            <reference href="https://www.isa.org/products/ansi-isa-62443-3-3-99-03-03-2013-security-for-indu">SR 1.5</reference>
            <reference href="https://www.isa.org/products/ansi-isa-62443-3-3-99-03-03-2013-security-for-indu">SR 1.6</reference>
            <reference href="https://www.isa.org/products/ansi-isa-62443-3-3-99-03-03-2013-security-for-indu">SR 1.7</reference>
            <reference href="https://www.isa.org/products/ansi-isa-62443-3-3-99-03-03-2013-security-for-indu">SR 1.8</reference>
            <reference href="https://www.isa.org/products/ansi-isa-62443-3-3-99-03-03-2013-security-for-indu">SR 1.9</reference>
            <reference href="https://www.isa.org/products/ansi-isa-62443-3-3-99-03-03-2013-security-for-indu">SR 2.1</reference>
            <reference href="https://www.isa.org/products/ansi-isa-62443-3-3-99-03-03-2013-security-for-indu">SR 2.2</reference>
            <reference href="https://www.isa.org/products/ansi-isa-62443-3-3-99-03-03-2013-security-for-indu">SR 2.3</reference>
            <reference href="https://www.isa.org/products/ansi-isa-62443-3-3-99-03-03-2013-security-for-indu">SR 2.4</reference>
            <reference href="https://www.isa.org/products/ansi-isa-62443-3-3-99-03-03-2013-security-for-indu">SR 2.5</reference>
            <reference href="https://www.isa.org/products/ansi-isa-62443-3-3-99-03-03-2013-security-for-indu">SR 2.6</reference>
            <reference href="https://www.isa.org/products/ansi-isa-62443-3-3-99-03-03-2013-security-for-indu">SR 2.7</reference>
            <reference href="https://www.isa.org/products/ansi-isa-62443-3-3-99-03-03-2013-security-for-indu">SR 7.6</reference>
            <reference href="https://www.iso.org/contents/data/standard/05/45/54534.html">A.12.1.2</reference>
            <reference href="https://www.iso.org/contents/data/standard/05/45/54534.html">A.12.5.1</reference>
            <reference href="https://www.iso.org/contents/data/standard/05/45/54534.html">A.12.6.2</reference>
            <reference href="https://www.iso.org/contents/data/standard/05/45/54534.html">A.14.2.2</reference>
            <reference href="https://www.iso.org/contents/data/standard/05/45/54534.html">A.14.2.3</reference>
            <reference href="https://www.iso.org/contents/data/standard/05/45/54534.html">A.14.2.4</reference>
            <reference href="https://www.iso.org/contents/data/standard/05/45/54534.html">A.9.1.2</reference>
            <reference href="http://nvlpubs.nist.gov/nistpubs/SpecialPublications/NIST.SP.800-53r4.pdf">CM-7(a)</reference>
            <reference href="http://nvlpubs.nist.gov/nistpubs/SpecialPublications/NIST.SP.800-53r4.pdf">CM-7(b)</reference>
            <reference href="http://nvlpubs.nist.gov/nistpubs/SpecialPublications/NIST.SP.800-53r4.pdf">CM-6(a)</reference>
            <reference href="https://nvlpubs.nist.gov/nistpubs/CSWP/NIST.CSWP.04162018.pdf">PR.IP-1</reference>
            <reference href="https://nvlpubs.nist.gov/nistpubs/CSWP/NIST.CSWP.04162018.pdf">PR.PT-3</reference>
            <rationale xmlns:xhtml="http://www.w3.org/1999/xhtml" xml:lang="en-US">Any unnecessary network stacks - including IPv6 - should be disabled, to reduce
the vulnerability to exploitation.</rationale>
            <platform idref="#ipv6_enabled"/>
            <fix xmlns:xhtml="http://www.w3.org/1999/xhtml" id="sysctl_net_ipv6_conf_default_disable_ipv6" system="urn:xccdf:fix:script:sh" reboot="true" complexity="low" disruption="medium" strategy="disable">
# Comment out any occurrences of net.ipv6.conf.default.disable_ipv6 from /etc/sysctl.d/*.conf files

for f in /etc/sysctl.d/*.conf /run/sysctl.d/*.conf /usr/local/lib/sysctl.d/*.conf /lib/sysctl.d/*.conf; do


  # skip systemd-sysctl symlink (/etc/sysctl.d/99-sysctl.conf -&gt; /etc/sysctl.conf)
  if [[ "$(readlink -f "$f")" == "/etc/sysctl.conf" ]]; then continue; fi

  matching_list=$(grep -P '^(?!#).*[\s]*net.ipv6.conf.default.disable_ipv6.*$' $f | uniq )
  if ! test -z "$matching_list"; then
    while IFS= read -r entry; do
      escaped_entry=$(sed -e 's|/|\\/|g' &lt;&lt;&lt; "$entry")
      # comment out "net.ipv6.conf.default.disable_ipv6" matches to preserve user data
      sed -i --follow-symlinks "s/^${escaped_entry}$/# &amp;/g" $f
    done &lt;&lt;&lt; "$matching_list"
  fi
done

#
# Set sysctl config file which to save the desired value
#

SYSCONFIG_FILE='/etc/sysctl.d/net_ipv6_conf_default_disable_ipv6.conf'


#
# Set runtime for net.ipv6.conf.default.disable_ipv6
#
if ! { rpm --quiet -q kernel rpm-ostree bootc &amp;&amp; ! rpm --quiet -q openshift-kubelet &amp;&amp; { [ -f "/run/.containerenv" ] || [ -f "/.containerenv" ]; }; } ; then
    /sbin/sysctl -q -n -w net.ipv6.conf.default.disable_ipv6="1"
fi

#
# If net.ipv6.conf.default.disable_ipv6 present in /etc/sysctl.conf, change value to "1"
#	else, add "net.ipv6.conf.default.disable_ipv6 = 1" to /etc/sysctl.conf
#

sed -i "/^$SYSCONFIG_VAR/d" /etc/sysctl.conf

# Strip any search characters in the key arg so that the key can be replaced without
# adding any search characters to the config file.
stripped_key=$(sed 's/[\^=\$,;+]*//g' &lt;&lt;&lt; "^net.ipv6.conf.default.disable_ipv6")

# shellcheck disable=SC2059
printf -v formatted_output "%s = %s" "$stripped_key" "1"

# If the key exists, change it. Otherwise, add it to the config_file.
# We search for the key string followed by a word boundary (matched by \&gt;),
# so if we search for 'setting', 'setting2' won't match.
if LC_ALL=C grep -q -m 1 -i -e "^net.ipv6.conf.default.disable_ipv6\\&gt;" "${SYSCONFIG_FILE}"; then
    escaped_formatted_output=$(sed -e 's|/|\\/|g' &lt;&lt;&lt; "$formatted_output")
    LC_ALL=C sed -i --follow-symlinks "s/^net.ipv6.conf.default.disable_ipv6\\&gt;.*/$escaped_formatted_output/gi" "${SYSCONFIG_FILE}"
else
    if [[ -s "${SYSCONFIG_FILE}" ]] &amp;&amp; [[ -n "$(tail -c 1 -- "${SYSCONFIG_FILE}" || true)" ]]; then
        LC_ALL=C sed -i --follow-symlinks '$a'\\ "${SYSCONFIG_FILE}"
    fi
    printf '%s\n' "$formatted_output" &gt;&gt; "${SYSCONFIG_FILE}"
fi
</fix>
            <fix xmlns:xhtml="http://www.w3.org/1999/xhtml" id="sysctl_net_ipv6_conf_default_disable_ipv6" system="urn:xccdf:fix:script:ansible" reboot="true" complexity="low" disruption="medium" strategy="disable">- name: Disable IPv6 Addressing on IPv6 Interfaces by Default - Set fact for sysctl
    paths
  ansible.builtin.set_fact:
    sysctl_paths:
    - /run/sysctl.d/
    - /etc/sysctl.d/
    - /usr/local/lib/sysctl.d/
    - /lib/sysctl.d/
  tags:
  - NIST-800-171-3.1.20
  - NIST-800-53-CM-6(a)
  - NIST-800-53-CM-7(a)
  - NIST-800-53-CM-7(b)
  - disable_strategy
  - low_complexity
  - medium_disruption
  - medium_severity
  - reboot_required
  - sysctl_net_ipv6_conf_default_disable_ipv6

- name: Disable IPv6 Addressing on IPv6 Interfaces by Default - Find all files that
    contain net.ipv6.conf.default.disable_ipv6
  ansible.builtin.shell:
    cmd: find -L {{ sysctl_paths | join(" ") }} -type f -name '*.conf' | xargs grep
      -HP '^\s*net.ipv6.conf.default.disable_ipv6\s*=\s*.*$'
  register: find_all_values
  check_mode: false
  changed_when: false
  failed_when: false
  tags:
  - NIST-800-171-3.1.20
  - NIST-800-53-CM-6(a)
  - NIST-800-53-CM-7(a)
  - NIST-800-53-CM-7(b)
  - disable_strategy
  - low_complexity
  - medium_disruption
  - medium_severity
  - reboot_required
  - sysctl_net_ipv6_conf_default_disable_ipv6

- name: Disable IPv6 Addressing on IPv6 Interfaces by Default - Find all files that
    set net.ipv6.conf.default.disable_ipv6 to correct value
  ansible.builtin.shell:
    cmd: find -L {{ sysctl_paths | join(" ") }} -type f -name '*.conf' | xargs grep
      -HP '^\s*net.ipv6.conf.default.disable_ipv6\s*=\s*1$'
  register: find_correct_value
  check_mode: false
  changed_when: false
  failed_when: false
  tags:
  - NIST-800-171-3.1.20
  - NIST-800-53-CM-6(a)
  - NIST-800-53-CM-7(a)
  - NIST-800-53-CM-7(b)
  - disable_strategy
  - low_complexity
  - medium_disruption
  - medium_severity
  - reboot_required
  - sysctl_net_ipv6_conf_default_disable_ipv6

- name: Disable IPv6 Addressing on IPv6 Interfaces by Default - Comment out any occurrences
    of net.ipv6.conf.default.disable_ipv6 from config files
  ansible.builtin.replace:
    path: '{{ item | split(":") | first }}'
    regexp: ^[\s]*net.ipv6.conf.default.disable_ipv6
    replace: '#net.ipv6.conf.default.disable_ipv6'
  loop: '{{ find_all_values.stdout_lines }}'
  when: find_correct_value.stdout_lines | length == 0 or find_all_values.stdout_lines
    | length &gt; find_correct_value.stdout_lines | length
  tags:
  - NIST-800-171-3.1.20
  - NIST-800-53-CM-6(a)
  - NIST-800-53-CM-7(a)
  - NIST-800-53-CM-7(b)
  - disable_strategy
  - low_complexity
  - medium_disruption
  - medium_severity
  - reboot_required
  - sysctl_net_ipv6_conf_default_disable_ipv6

- name: Disable IPv6 Addressing on IPv6 Interfaces by Default - Comment out any occurrences
    of net.ipv6.conf.default.disable_ipv6 from /etc/sysctl.conf
  ansible.builtin.replace:
    path: /etc/sysctl.conf
    regexp: ^[\s]*net.ipv6.conf.default.disable_ipv6
    replace: '#net.ipv6.conf.default.disable_ipv6'
  tags:
  - NIST-800-171-3.1.20
  - NIST-800-53-CM-6(a)
  - NIST-800-53-CM-7(a)
  - NIST-800-53-CM-7(b)
  - disable_strategy
  - low_complexity
  - medium_disruption
  - medium_severity
  - reboot_required
  - sysctl_net_ipv6_conf_default_disable_ipv6

- name: Disable IPv6 Addressing on IPv6 Interfaces by Default - Ensure sysctl net.ipv6.conf.default.disable_ipv6
    is set to 1
  ansible.posix.sysctl:
    name: net.ipv6.conf.default.disable_ipv6
    value: '1'
    sysctl_file: /etc/sysctl.d/net_ipv6_conf_default_disable_ipv6.conf
    state: present
    reload: true
  tags:
  - NIST-800-171-3.1.20
  - NIST-800-53-CM-6(a)
  - NIST-800-53-CM-7(a)
  - NIST-800-53-CM-7(b)
  - disable_strategy
  - low_complexity
  - medium_disruption
  - medium_severity
  - reboot_required
  - sysctl_net_ipv6_conf_default_disable_ipv6
</fix>
            <check system="http://open-scap.org/page/SCE">
              <check-import import-name="stdout">
                  </check-import>
              <check-content-ref href="sle15/checks/sce/sysctl_net_ipv6_conf_default_disable_ipv6.sh"/>
            </check>
            <check system="http://oval.mitre.org/XMLSchema/oval-definitions-5">
              <check-content-ref name="oval:ssg-sysctl_net_ipv6_conf_default_disable_ipv6:def:1" href="ssg-sle15-oval.xml"/>
            </check>
            <check system="http://scap.nist.gov/schema/ocil/2">
              <check-content-ref name="ocil:ssg-sysctl_net_ipv6_conf_default_disable_ipv6_ocil:questionnaire:1" href="ssg-sle15-ocil.xml"/>
            </check>
          </Rule>
        </Group>
        <Group id="xccdf_org.ssgproject.content_group_configuring_ipv6">
          <title xmlns:xhtml="http://www.w3.org/1999/xhtml" xml:lang="en-US">Configure IPv6 Settings if Necessary</title>
          <description xmlns:xhtml="http://www.w3.org/1999/xhtml" xml:lang="en-US">A major feature of IPv6 is the extent to which systems
implementing it can automatically configure their networking
devices using information from the network. From a security
perspective, manually configuring important configuration
information is preferable to accepting it from the network
in an unauthenticated fashion.</description>
          <platform idref="#ipv6_enabled"/>
          <Value id="xccdf_org.ssgproject.content_value_sysctl_net_ipv6_conf_all_accept_ra_defrtr_value" type="number">
            <title xmlns:xhtml="http://www.w3.org/1999/xhtml" xml:lang="en-US">net.ipv6.conf.all.accept_ra_defrtr</title>
            <description xmlns:xhtml="http://www.w3.org/1999/xhtml" xml:lang="en-US">Accept default router in router advertisements?</description>
            <value>0</value>
            <value selector="disabled">0</value>
            <value selector="enabled">1</value>
          </Value>
          <Value id="xccdf_org.ssgproject.content_value_sysctl_net_ipv6_conf_all_accept_ra_pinfo_value" type="number">
            <title xmlns:xhtml="http://www.w3.org/1999/xhtml" xml:lang="en-US">net.ipv6.conf.all.accept_ra_pinfo</title>
            <description xmlns:xhtml="http://www.w3.org/1999/xhtml" xml:lang="en-US">Accept prefix information in router advertisements?</description>
            <value>0</value>
            <value selector="disabled">0</value>
            <value selector="enabled">1</value>
          </Value>
          <Value id="xccdf_org.ssgproject.content_value_sysctl_net_ipv6_conf_all_accept_ra_rtr_pref_value" type="number">
            <title xmlns:xhtml="http://www.w3.org/1999/xhtml" xml:lang="en-US">net.ipv6.conf.all.accept_ra_rtr_pref</title>
            <description xmlns:xhtml="http://www.w3.org/1999/xhtml" xml:lang="en-US">Accept router preference in router advertisements?</description>
            <value>0</value>
            <value selector="disabled">0</value>
            <value selector="enabled">1</value>
          </Value>
          <Value id="xccdf_org.ssgproject.content_value_sysctl_net_ipv6_conf_all_accept_ra_value" type="number">
            <title xmlns:xhtml="http://www.w3.org/1999/xhtml" xml:lang="en-US">net.ipv6.conf.all.accept_ra</title>
            <description xmlns:xhtml="http://www.w3.org/1999/xhtml" xml:lang="en-US">Accept all router advertisements?</description>
            <value>0</value>
            <value selector="disabled">0</value>
            <value selector="enabled">1</value>
          </Value>
          <Value id="xccdf_org.ssgproject.content_value_sysctl_net_ipv6_conf_all_accept_redirects_value" type="number">
            <title xmlns:xhtml="http://www.w3.org/1999/xhtml" xml:lang="en-US">net.ipv6.conf.all.accept_redirects</title>
            <description xmlns:xhtml="http://www.w3.org/1999/xhtml" xml:lang="en-US">Toggle ICMP Redirect Acceptance</description>
            <value>0</value>
            <value selector="disabled">0</value>
            <value selector="enabled">1</value>
          </Value>
          <Value id="xccdf_org.ssgproject.content_value_sysctl_net_ipv6_conf_all_accept_source_route_value" type="number">
            <title xmlns:xhtml="http://www.w3.org/1999/xhtml" xml:lang="en-US">net.ipv6.conf.all.accept_source_route</title>
            <description xmlns:xhtml="http://www.w3.org/1999/xhtml" xml:lang="en-US">Trackers could be using source-routed packets to
generate traffic that seems to be intra-net, but actually was
created outside and has been redirected.</description>
            <value>0</value>
            <value selector="disabled">0</value>
            <value selector="enabled">1</value>
          </Value>
          <Value id="xccdf_org.ssgproject.content_value_sysctl_net_ipv6_conf_all_forwarding_value" type="number">
            <title xmlns:xhtml="http://www.w3.org/1999/xhtml" xml:lang="en-US">net.ipv6.conf.all.forwarding</title>
            <description xmlns:xhtml="http://www.w3.org/1999/xhtml" xml:lang="en-US">Toggle IPv6 Forwarding</description>
            <value>0</value>
            <value selector="disabled">0</value>
            <value selector="enabled">1</value>
          </Value>
          <Value id="xccdf_org.ssgproject.content_value_sysctl_net_ipv6_conf_all_max_addresses_value" type="number">
            <title xmlns:xhtml="http://www.w3.org/1999/xhtml" xml:lang="en-US">net.ipv6.conf.all.max_addresses</title>
            <description xmlns:xhtml="http://www.w3.org/1999/xhtml" xml:lang="en-US">Maximum number of autoconfigured IPv6 addresses</description>
            <value>1</value>
          </Value>
          <Value id="xccdf_org.ssgproject.content_value_sysctl_net_ipv6_conf_all_router_solicitations_value" type="number">
            <title xmlns:xhtml="http://www.w3.org/1999/xhtml" xml:lang="en-US">net.ipv6.conf.all.router_solicitations</title>
            <description xmlns:xhtml="http://www.w3.org/1999/xhtml" xml:lang="en-US">Accept all router solicitations?</description>
            <value>0</value>
            <value selector="disabled">0</value>
            <value selector="enabled">1</value>
          </Value>
          <Value id="xccdf_org.ssgproject.content_value_sysctl_net_ipv6_conf_default_accept_ra_defrtr_value" type="number">
            <title xmlns:xhtml="http://www.w3.org/1999/xhtml" xml:lang="en-US">net.ipv6.conf.default.accept_ra_defrtr</title>
            <description xmlns:xhtml="http://www.w3.org/1999/xhtml" xml:lang="en-US">Accept default router in router advertisements?</description>
            <value>0</value>
            <value selector="disabled">0</value>
            <value selector="enabled">1</value>
          </Value>
          <Value id="xccdf_org.ssgproject.content_value_sysctl_net_ipv6_conf_default_accept_ra_pinfo_value" type="number">
            <title xmlns:xhtml="http://www.w3.org/1999/xhtml" xml:lang="en-US">net.ipv6.conf.default.accept_ra_pinfo</title>
            <description xmlns:xhtml="http://www.w3.org/1999/xhtml" xml:lang="en-US">Accept prefix information in router advertisements?</description>
            <value>0</value>
            <value selector="disabled">0</value>
            <value selector="enabled">1</value>
          </Value>
          <Value id="xccdf_org.ssgproject.content_value_sysctl_net_ipv6_conf_default_accept_ra_rtr_pref_value" type="number">
            <title xmlns:xhtml="http://www.w3.org/1999/xhtml" xml:lang="en-US">net.ipv6.conf.default.accept_ra_rtr_pref</title>
            <description xmlns:xhtml="http://www.w3.org/1999/xhtml" xml:lang="en-US">Accept router preference in router advertisements?</description>
            <value>0</value>
            <value selector="disabled">0</value>
            <value selector="enabled">1</value>
          </Value>
          <Value id="xccdf_org.ssgproject.content_value_sysctl_net_ipv6_conf_default_accept_ra_value" type="number">
            <title xmlns:xhtml="http://www.w3.org/1999/xhtml" xml:lang="en-US">net.ipv6.conf.default.accept_ra</title>
            <description xmlns:xhtml="http://www.w3.org/1999/xhtml" xml:lang="en-US">Accept default router advertisements by default?</description>
            <value>0</value>
            <value selector="disabled">0</value>
            <value selector="enabled">1</value>
          </Value>
          <Value id="xccdf_org.ssgproject.content_value_sysctl_net_ipv6_conf_default_accept_redirects_value" type="number">
            <title xmlns:xhtml="http://www.w3.org/1999/xhtml" xml:lang="en-US">net.ipv6.conf.default.accept_redirects</title>
            <description xmlns:xhtml="http://www.w3.org/1999/xhtml" xml:lang="en-US">Toggle ICMP Redirect Acceptance By Default</description>
            <value>0</value>
            <value selector="disabled">0</value>
            <value selector="enabled">1</value>
          </Value>
          <Value id="xccdf_org.ssgproject.content_value_sysctl_net_ipv6_conf_default_accept_source_route_value" type="number">
            <title xmlns:xhtml="http://www.w3.org/1999/xhtml" xml:lang="en-US">net.ipv6.conf.default.accept_source_route</title>
            <description xmlns:xhtml="http://www.w3.org/1999/xhtml" xml:lang="en-US">Trackers could be using source-routed packets to
generate traffic that seems to be intra-net, but actually was
created outside and has been redirected.</description>
            <value>0</value>
            <value selector="disabled">0</value>
            <value selector="enabled">1</value>
          </Value>
          <Value id="xccdf_org.ssgproject.content_value_sysctl_net_ipv6_conf_default_autoconf_value" type="number">
            <title xmlns:xhtml="http://www.w3.org/1999/xhtml" xml:lang="en-US">net.ipv6.conf.default.autoconf</title>
            <description xmlns:xhtml="http://www.w3.org/1999/xhtml" xml:lang="en-US">Enable auto configuration on IPv6 interfaces</description>
            <value>0</value>
            <value selector="disabled">0</value>
            <value selector="enabled">1</value>
          </Value>
          <Value id="xccdf_org.ssgproject.content_value_sysctl_net_ipv6_conf_default_forwarding_value" type="number">
            <title xmlns:xhtml="http://www.w3.org/1999/xhtml" xml:lang="en-US">net.ipv6.conf.default.forwarding</title>
            <description xmlns:xhtml="http://www.w3.org/1999/xhtml" xml:lang="en-US">Toggle IPv6 default Forwarding</description>
            <value>0</value>
            <value selector="disabled">0</value>
            <value selector="enabled">1</value>
          </Value>
          <Value id="xccdf_org.ssgproject.content_value_sysctl_net_ipv6_conf_default_max_addresses_value" type="number">
            <title xmlns:xhtml="http://www.w3.org/1999/xhtml" xml:lang="en-US">net.ipv6.conf.default.max_addresses</title>
            <description xmlns:xhtml="http://www.w3.org/1999/xhtml" xml:lang="en-US">Maximum number of autoconfigured IPv6 addresses</description>
            <value>1</value>
          </Value>
          <Value id="xccdf_org.ssgproject.content_value_sysctl_net_ipv6_conf_default_router_solicitations_value" type="number">
            <title xmlns:xhtml="http://www.w3.org/1999/xhtml" xml:lang="en-US">net.ipv6.conf.default.router_solicitations</title>
            <description xmlns:xhtml="http://www.w3.org/1999/xhtml" xml:lang="en-US">Accept all router solicitations by default?</description>
            <value>0</value>
            <value selector="disabled">0</value>
            <value selector="enabled">1</value>
          </Value>
          <Rule id="xccdf_org.ssgproject.content_rule_sysctl_net_ipv6_conf_all_accept_ra" selected="false" role="full" severity="medium">
            <title xmlns:xhtml="http://www.w3.org/1999/xhtml" xml:lang="en-US">Configure Accepting Router Advertisements on All IPv6 Interfaces</title>
            <description xmlns:xhtml="http://www.w3.org/1999/xhtml" xml:lang="en-US">To set the runtime status of the <html:code xmlns:html="http://www.w3.org/1999/xhtml">net.ipv6.conf.all.accept_ra</html:code> kernel parameter, run the following command: <html:pre xmlns:html="http://www.w3.org/1999/xhtml">$ sudo sysctl -w net.ipv6.conf.all.accept_ra=0</html:pre>
To make sure that the setting is persistent, add the following line to a file in the directory <html:code xmlns:html="http://www.w3.org/1999/xhtml">/etc/sysctl.d</html:code>: <html:pre xmlns:html="http://www.w3.org/1999/xhtml">net.ipv6.conf.all.accept_ra = 0</html:pre>
        </description>
            <reference href="https://www.cisecurity.org/controls/">11</reference>
            <reference href="https://www.cisecurity.org/controls/">14</reference>
            <reference href="https://www.cisecurity.org/controls/">3</reference>
            <reference href="https://www.cisecurity.org/controls/">9</reference>
            <reference href="https://www.isaca.org/resources/cobit">BAI10.01</reference>
            <reference href="https://www.isaca.org/resources/cobit">BAI10.02</reference>
            <reference href="https://www.isaca.org/resources/cobit">BAI10.03</reference>
            <reference href="https://www.isaca.org/resources/cobit">BAI10.05</reference>
            <reference href="https://www.isaca.org/resources/cobit">DSS05.02</reference>
            <reference href="https://www.isaca.org/resources/cobit">DSS05.05</reference>
            <reference href="https://www.isaca.org/resources/cobit">DSS06.06</reference>
            <reference href="http://nvlpubs.nist.gov/nistpubs/SpecialPublications/NIST.SP.800-171.pdf">3.1.20</reference>
            <reference href="https://www.isa.org/products/isa-62443-2-1-2009-security-for-industrial-automat">4.3.3.5.1</reference>
            <reference href="https://www.isa.org/products/isa-62443-2-1-2009-security-for-industrial-automat">4.3.3.5.2</reference>
            <reference href="https://www.isa.org/products/isa-62443-2-1-2009-security-for-industrial-automat">4.3.3.5.3</reference>
            <reference href="https://www.isa.org/products/isa-62443-2-1-2009-security-for-industrial-automat">4.3.3.5.4</reference>
            <reference href="https://www.isa.org/products/isa-62443-2-1-2009-security-for-industrial-automat">4.3.3.5.5</reference>
            <reference href="https://www.isa.org/products/isa-62443-2-1-2009-security-for-industrial-automat">4.3.3.5.6</reference>
            <reference href="https://www.isa.org/products/isa-62443-2-1-2009-security-for-industrial-automat">4.3.3.5.7</reference>
            <reference href="https://www.isa.org/products/isa-62443-2-1-2009-security-for-industrial-automat">4.3.3.5.8</reference>
            <reference href="https://www.isa.org/products/isa-62443-2-1-2009-security-for-industrial-automat">4.3.3.6.1</reference>
            <reference href="https://www.isa.org/products/isa-62443-2-1-2009-security-for-industrial-automat">4.3.3.6.2</reference>
            <reference href="https://www.isa.org/products/isa-62443-2-1-2009-security-for-industrial-automat">4.3.3.6.3</reference>
            <reference href="https://www.isa.org/products/isa-62443-2-1-2009-security-for-industrial-automat">4.3.3.6.4</reference>
            <reference href="https://www.isa.org/products/isa-62443-2-1-2009-security-for-industrial-automat">4.3.3.6.5</reference>
            <reference href="https://www.isa.org/products/isa-62443-2-1-2009-security-for-industrial-automat">4.3.3.6.6</reference>
            <reference href="https://www.isa.org/products/isa-62443-2-1-2009-security-for-industrial-automat">4.3.3.6.7</reference>
            <reference href="https://www.isa.org/products/isa-62443-2-1-2009-security-for-industrial-automat">4.3.3.6.8</reference>
            <reference href="https://www.isa.org/products/isa-62443-2-1-2009-security-for-industrial-automat">4.3.3.6.9</reference>
            <reference href="https://www.isa.org/products/isa-62443-2-1-2009-security-for-industrial-automat">4.3.3.7.1</reference>
            <reference href="https://www.isa.org/products/isa-62443-2-1-2009-security-for-industrial-automat">4.3.3.7.2</reference>
            <reference href="https://www.isa.org/products/isa-62443-2-1-2009-security-for-industrial-automat">4.3.3.7.3</reference>
            <reference href="https://www.isa.org/products/isa-62443-2-1-2009-security-for-industrial-automat">4.3.3.7.4</reference>
            <reference href="https://www.isa.org/products/isa-62443-2-1-2009-security-for-industrial-automat">4.3.4.3.2</reference>
            <reference href="https://www.isa.org/products/isa-62443-2-1-2009-security-for-industrial-automat">4.3.4.3.3</reference>
            <reference href="https://www.isa.org/products/ansi-isa-62443-3-3-99-03-03-2013-security-for-indu">SR 1.1</reference>
            <reference href="https://www.isa.org/products/ansi-isa-62443-3-3-99-03-03-2013-security-for-indu">SR 1.10</reference>
            <reference href="https://www.isa.org/products/ansi-isa-62443-3-3-99-03-03-2013-security-for-indu">SR 1.11</reference>
            <reference href="https://www.isa.org/products/ansi-isa-62443-3-3-99-03-03-2013-security-for-indu">SR 1.12</reference>
            <reference href="https://www.isa.org/products/ansi-isa-62443-3-3-99-03-03-2013-security-for-indu">SR 1.13</reference>
            <reference href="https://www.isa.org/products/ansi-isa-62443-3-3-99-03-03-2013-security-for-indu">SR 1.2</reference>
            <reference href="https://www.isa.org/products/ansi-isa-62443-3-3-99-03-03-2013-security-for-indu">SR 1.3</reference>
            <reference href="https://www.isa.org/products/ansi-isa-62443-3-3-99-03-03-2013-security-for-indu">SR 1.4</reference>
            <reference href="https://www.isa.org/products/ansi-isa-62443-3-3-99-03-03-2013-security-for-indu">SR 1.5</reference>
            <reference href="https://www.isa.org/products/ansi-isa-62443-3-3-99-03-03-2013-security-for-indu">SR 1.6</reference>
            <reference href="https://www.isa.org/products/ansi-isa-62443-3-3-99-03-03-2013-security-for-indu">SR 1.7</reference>
            <reference href="https://www.isa.org/products/ansi-isa-62443-3-3-99-03-03-2013-security-for-indu">SR 1.8</reference>
            <reference href="https://www.isa.org/products/ansi-isa-62443-3-3-99-03-03-2013-security-for-indu">SR 1.9</reference>
            <reference href="https://www.isa.org/products/ansi-isa-62443-3-3-99-03-03-2013-security-for-indu">SR 2.1</reference>
            <reference href="https://www.isa.org/products/ansi-isa-62443-3-3-99-03-03-2013-security-for-indu">SR 2.2</reference>
            <reference href="https://www.isa.org/products/ansi-isa-62443-3-3-99-03-03-2013-security-for-indu">SR 2.3</reference>
            <reference href="https://www.isa.org/products/ansi-isa-62443-3-3-99-03-03-2013-security-for-indu">SR 2.4</reference>
            <reference href="https://www.isa.org/products/ansi-isa-62443-3-3-99-03-03-2013-security-for-indu">SR 2.5</reference>
            <reference href="https://www.isa.org/products/ansi-isa-62443-3-3-99-03-03-2013-security-for-indu">SR 2.6</reference>
            <reference href="https://www.isa.org/products/ansi-isa-62443-3-3-99-03-03-2013-security-for-indu">SR 2.7</reference>
            <reference href="https://www.isa.org/products/ansi-isa-62443-3-3-99-03-03-2013-security-for-indu">SR 7.6</reference>
            <reference href="https://www.iso.org/contents/data/standard/05/45/54534.html">A.12.1.2</reference>
            <reference href="https://www.iso.org/contents/data/standard/05/45/54534.html">A.12.5.1</reference>
            <reference href="https://www.iso.org/contents/data/standard/05/45/54534.html">A.12.6.2</reference>
            <reference href="https://www.iso.org/contents/data/standard/05/45/54534.html">A.14.2.2</reference>
            <reference href="https://www.iso.org/contents/data/standard/05/45/54534.html">A.14.2.3</reference>
            <reference href="https://www.iso.org/contents/data/standard/05/45/54534.html">A.14.2.4</reference>
            <reference href="https://www.iso.org/contents/data/standard/05/45/54534.html">A.9.1.2</reference>
            <reference href="http://nvlpubs.nist.gov/nistpubs/SpecialPublications/NIST.SP.800-53r4.pdf">CM-7(a)</reference>
            <reference href="http://nvlpubs.nist.gov/nistpubs/SpecialPublications/NIST.SP.800-53r4.pdf">CM-7(b)</reference>
            <reference href="http://nvlpubs.nist.gov/nistpubs/SpecialPublications/NIST.SP.800-53r4.pdf">CM-6(a)</reference>
            <reference href="https://nvlpubs.nist.gov/nistpubs/CSWP/NIST.CSWP.04162018.pdf">PR.IP-1</reference>
            <reference href="https://nvlpubs.nist.gov/nistpubs/CSWP/NIST.CSWP.04162018.pdf">PR.PT-3</reference>
            <reference href="https://www.cyber.mil/stigs/downloads/?_dl_facet_stigs=operating-systems%2Cgeneral-purpose-os">SRG-OS-000480-GPOS-00227</reference>
            <reference href="https://www.cisecurity.org/benchmark/suse_linux/">3.3.9</reference>
            <reference href="not_publicly_available">SLES-15-450450165</reference>
            <rationale xmlns:xhtml="http://www.w3.org/1999/xhtml" xml:lang="en-US">An illicit router advertisement message could result in a man-in-the-middle attack.</rationale>
            <platform idref="#system_with_kernel"/>
            <ident system="https://ncp.nist.gov/cce">CCE-92473-8</ident>
            <fix xmlns:xhtml="http://www.w3.org/1999/xhtml" id="sysctl_net_ipv6_conf_all_accept_ra" system="urn:xccdf:fix:script:sh" reboot="true" complexity="low" disruption="medium" strategy="disable"># Remediation is applicable only in certain platforms
if rpm --quiet -q kernel-default || rpm --quiet -q kernel-default-base; then

# Comment out any occurrences of net.ipv6.conf.all.accept_ra from /etc/sysctl.d/*.conf files

for f in /etc/sysctl.d/*.conf /run/sysctl.d/*.conf /usr/local/lib/sysctl.d/*.conf /lib/sysctl.d/*.conf; do


  # skip systemd-sysctl symlink (/etc/sysctl.d/99-sysctl.conf -&gt; /etc/sysctl.conf)
  if [[ "$(readlink -f "$f")" == "/etc/sysctl.conf" ]]; then continue; fi

  matching_list=$(grep -P '^(?!#).*[\s]*net.ipv6.conf.all.accept_ra.*$' $f | uniq )
  if ! test -z "$matching_list"; then
    while IFS= read -r entry; do
      escaped_entry=$(sed -e 's|/|\\/|g' &lt;&lt;&lt; "$entry")
      # comment out "net.ipv6.conf.all.accept_ra" matches to preserve user data
      sed -i --follow-symlinks "s/^${escaped_entry}$/# &amp;/g" $f
    done &lt;&lt;&lt; "$matching_list"
  fi
done

#
# Set sysctl config file which to save the desired value
#

SYSCONFIG_FILE='/etc/sysctl.d/net_ipv6_conf_all_accept_ra.conf'

sysctl_net_ipv6_conf_all_accept_ra_value='<xccdf-1.2:sub xmlns:xccdf-1.2="http://checklists.nist.gov/xccdf/1.2" idref="xccdf_org.ssgproject.content_value_sysctl_net_ipv6_conf_all_accept_ra_value" use="legacy"/>'


#
# Set runtime for net.ipv6.conf.all.accept_ra
#
if ! { rpm --quiet -q kernel rpm-ostree bootc &amp;&amp; ! rpm --quiet -q openshift-kubelet &amp;&amp; { [ -f "/run/.containerenv" ] || [ -f "/.containerenv" ]; }; } ; then
    /sbin/sysctl -q -n -w net.ipv6.conf.all.accept_ra="$sysctl_net_ipv6_conf_all_accept_ra_value"
fi

#
# If net.ipv6.conf.all.accept_ra present in /etc/sysctl.conf, change value to appropriate value
#	else, add "net.ipv6.conf.all.accept_ra = value" to /etc/sysctl.conf
#

sed -i "/^$SYSCONFIG_VAR/d" /etc/sysctl.conf

# Strip any search characters in the key arg so that the key can be replaced without
# adding any search characters to the config file.
stripped_key=$(sed 's/[\^=\$,;+]*//g' &lt;&lt;&lt; "^net.ipv6.conf.all.accept_ra")

# shellcheck disable=SC2059
printf -v formatted_output "%s = %s" "$stripped_key" "$sysctl_net_ipv6_conf_all_accept_ra_value"

# If the key exists, change it. Otherwise, add it to the config_file.
# We search for the key string followed by a word boundary (matched by \&gt;),
# so if we search for 'setting', 'setting2' won't match.
if LC_ALL=C grep -q -m 1 -i -e "^net.ipv6.conf.all.accept_ra\\&gt;" "${SYSCONFIG_FILE}"; then
    escaped_formatted_output=$(sed -e 's|/|\\/|g' &lt;&lt;&lt; "$formatted_output")
    LC_ALL=C sed -i --follow-symlinks "s/^net.ipv6.conf.all.accept_ra\\&gt;.*/$escaped_formatted_output/gi" "${SYSCONFIG_FILE}"
else
    if [[ -s "${SYSCONFIG_FILE}" ]] &amp;&amp; [[ -n "$(tail -c 1 -- "${SYSCONFIG_FILE}" || true)" ]]; then
        LC_ALL=C sed -i --follow-symlinks '$a'\\ "${SYSCONFIG_FILE}"
    fi
    cce="CCE-92473-8"
    printf '# Per %s: Set %s in %s\n' "${cce}" "${formatted_output}" "${SYSCONFIG_FILE}" &gt;&gt; "${SYSCONFIG_FILE}"
    printf '%s\n' "$formatted_output" &gt;&gt; "${SYSCONFIG_FILE}"
fi

else
    &gt;&amp;2 echo 'Remediation is not applicable, nothing was done'
fi
</fix>
            <fix xmlns:xhtml="http://www.w3.org/1999/xhtml" id="sysctl_net_ipv6_conf_all_accept_ra" system="urn:xccdf:fix:script:ansible" reboot="true" complexity="low" disruption="medium" strategy="disable">- name: Gather the package facts
  package_facts:
    manager: auto
  tags:
  - CCE-92473-8
  - NIST-800-171-3.1.20
  - NIST-800-53-CM-6(a)
  - NIST-800-53-CM-7(a)
  - NIST-800-53-CM-7(b)
  - disable_strategy
  - low_complexity
  - medium_disruption
  - medium_severity
  - reboot_required
  - sysctl_net_ipv6_conf_all_accept_ra
- name: XCCDF Value sysctl_net_ipv6_conf_all_accept_ra_value # promote to variable
  set_fact:
    sysctl_net_ipv6_conf_all_accept_ra_value: !!str <xccdf-1.2:sub xmlns:xccdf-1.2="http://checklists.nist.gov/xccdf/1.2" idref="xccdf_org.ssgproject.content_value_sysctl_net_ipv6_conf_all_accept_ra_value" use="legacy"/>
  tags:
    - always

- name: Configure Accepting Router Advertisements on All IPv6 Interfaces - Set fact
    for sysctl paths
  ansible.builtin.set_fact:
    sysctl_paths:
    - /run/sysctl.d/
    - /etc/sysctl.d/
    - /usr/local/lib/sysctl.d/
    - /lib/sysctl.d/
  when: ("kernel-default" in ansible_facts.packages or "kernel-default-base" in ansible_facts.packages)
  tags:
  - CCE-92473-8
  - NIST-800-171-3.1.20
  - NIST-800-53-CM-6(a)
  - NIST-800-53-CM-7(a)
  - NIST-800-53-CM-7(b)
  - disable_strategy
  - low_complexity
  - medium_disruption
  - medium_severity
  - reboot_required
  - sysctl_net_ipv6_conf_all_accept_ra

- name: Configure Accepting Router Advertisements on All IPv6 Interfaces - Find all
    files that contain net.ipv6.conf.all.accept_ra
  ansible.builtin.shell:
    cmd: find -L {{ sysctl_paths | join(" ") }} -type f -name '*.conf' | xargs grep
      -HP '^\s*net.ipv6.conf.all.accept_ra\s*=\s*.*$'
  register: find_all_values
  check_mode: false
  changed_when: false
  failed_when: false
  when: ("kernel-default" in ansible_facts.packages or "kernel-default-base" in ansible_facts.packages)
  tags:
  - CCE-92473-8
  - NIST-800-171-3.1.20
  - NIST-800-53-CM-6(a)
  - NIST-800-53-CM-7(a)
  - NIST-800-53-CM-7(b)
  - disable_strategy
  - low_complexity
  - medium_disruption
  - medium_severity
  - reboot_required
  - sysctl_net_ipv6_conf_all_accept_ra

- name: Configure Accepting Router Advertisements on All IPv6 Interfaces - Find all
    files that set net.ipv6.conf.all.accept_ra to correct value
  ansible.builtin.shell:
    cmd: find -L {{ sysctl_paths | join(" ") }} -type f -name '*.conf' | xargs grep
      -HP '^\s*net.ipv6.conf.all.accept_ra\s*=\s*{{ sysctl_net_ipv6_conf_all_accept_ra_value
      }}$'
  register: find_correct_value
  check_mode: false
  changed_when: false
  failed_when: false
  when: ("kernel-default" in ansible_facts.packages or "kernel-default-base" in ansible_facts.packages)
  tags:
  - CCE-92473-8
  - NIST-800-171-3.1.20
  - NIST-800-53-CM-6(a)
  - NIST-800-53-CM-7(a)
  - NIST-800-53-CM-7(b)
  - disable_strategy
  - low_complexity
  - medium_disruption
  - medium_severity
  - reboot_required
  - sysctl_net_ipv6_conf_all_accept_ra

- name: Configure Accepting Router Advertisements on All IPv6 Interfaces - Comment
    out any occurrences of net.ipv6.conf.all.accept_ra from config files
  ansible.builtin.replace:
    path: '{{ item | split(":") | first }}'
    regexp: ^[\s]*net.ipv6.conf.all.accept_ra
    replace: '#net.ipv6.conf.all.accept_ra'
  loop: '{{ find_all_values.stdout_lines }}'
  when:
  - ("kernel-default" in ansible_facts.packages or "kernel-default-base" in ansible_facts.packages)
  - find_correct_value.stdout_lines | length == 0 or find_all_values.stdout_lines
    | length &gt; find_correct_value.stdout_lines | length
  tags:
  - CCE-92473-8
  - NIST-800-171-3.1.20
  - NIST-800-53-CM-6(a)
  - NIST-800-53-CM-7(a)
  - NIST-800-53-CM-7(b)
  - disable_strategy
  - low_complexity
  - medium_disruption
  - medium_severity
  - reboot_required
  - sysctl_net_ipv6_conf_all_accept_ra

- name: Configure Accepting Router Advertisements on All IPv6 Interfaces - Comment
    out any occurrences of net.ipv6.conf.all.accept_ra from /etc/sysctl.conf
  ansible.builtin.replace:
    path: /etc/sysctl.conf
    regexp: ^[\s]*net.ipv6.conf.all.accept_ra
    replace: '#net.ipv6.conf.all.accept_ra'
  when: ("kernel-default" in ansible_facts.packages or "kernel-default-base" in ansible_facts.packages)
  tags:
  - CCE-92473-8
  - NIST-800-171-3.1.20
  - NIST-800-53-CM-6(a)
  - NIST-800-53-CM-7(a)
  - NIST-800-53-CM-7(b)
  - disable_strategy
  - low_complexity
  - medium_disruption
  - medium_severity
  - reboot_required
  - sysctl_net_ipv6_conf_all_accept_ra

- name: Configure Accepting Router Advertisements on All IPv6 Interfaces - Ensure
    sysctl net.ipv6.conf.all.accept_ra is set
  ansible.posix.sysctl:
    name: net.ipv6.conf.all.accept_ra
    value: '{{ sysctl_net_ipv6_conf_all_accept_ra_value }}'
    sysctl_file: /etc/sysctl.d/net_ipv6_conf_all_accept_ra.conf
    state: present
    reload: true
  when: ("kernel-default" in ansible_facts.packages or "kernel-default-base" in ansible_facts.packages)
  tags:
  - CCE-92473-8
  - NIST-800-171-3.1.20
  - NIST-800-53-CM-6(a)
  - NIST-800-53-CM-7(a)
  - NIST-800-53-CM-7(b)
  - disable_strategy
  - low_complexity
  - medium_disruption
  - medium_severity
  - reboot_required
  - sysctl_net_ipv6_conf_all_accept_ra
</fix>
            <check system="http://open-scap.org/page/SCE">
              <check-import import-name="stdout">
                  </check-import>
              <check-export export-name="sysctl_net_ipv6_conf_all_accept_ra_value" value-id="xccdf_org.ssgproject.content_value_sysctl_net_ipv6_conf_all_accept_ra_value"/>
              <check-content-ref href="sle15/checks/sce/sysctl_net_ipv6_conf_all_accept_ra.sh"/>
            </check>
            <check system="http://oval.mitre.org/XMLSchema/oval-definitions-5">
              <check-export export-name="oval:ssg-sysctl_net_ipv6_conf_all_accept_ra_value:var:1" value-id="xccdf_org.ssgproject.content_value_sysctl_net_ipv6_conf_all_accept_ra_value"/>
              <check-content-ref name="oval:ssg-sysctl_net_ipv6_conf_all_accept_ra:def:1" href="ssg-sle15-oval.xml"/>
            </check>
            <check system="http://scap.nist.gov/schema/ocil/2">
              <check-content-ref name="ocil:ssg-sysctl_net_ipv6_conf_all_accept_ra_ocil:questionnaire:1" href="ssg-sle15-ocil.xml"/>
            </check>
          </Rule>
          <Rule id="xccdf_org.ssgproject.content_rule_sysctl_net_ipv6_conf_all_accept_ra_defrtr" selected="false" role="full" severity="unknown">
            <title xmlns:xhtml="http://www.w3.org/1999/xhtml" xml:lang="en-US">Configure Accepting Default Router in Router Advertisements on All IPv6 Interfaces</title>
            <description xmlns:xhtml="http://www.w3.org/1999/xhtml" xml:lang="en-US">To set the runtime status of the <html:code xmlns:html="http://www.w3.org/1999/xhtml">net.ipv6.conf.all.accept_ra_defrtr</html:code> kernel parameter, run the following command: <html:pre xmlns:html="http://www.w3.org/1999/xhtml">$ sudo sysctl -w net.ipv6.conf.all.accept_ra_defrtr=0</html:pre>
To make sure that the setting is persistent, add the following line to a file in the directory <html:code xmlns:html="http://www.w3.org/1999/xhtml">/etc/sysctl.d</html:code>: <html:pre xmlns:html="http://www.w3.org/1999/xhtml">net.ipv6.conf.all.accept_ra_defrtr = 0</html:pre>
        </description>
            <reference href="https://cyber.gouv.fr/sites/default/files/document/linux_configuration-en-v2.pdf">R13</reference>
            <rationale xmlns:xhtml="http://www.w3.org/1999/xhtml" xml:lang="en-US">An illicit router advertisement message could result in a man-in-the-middle attack.</rationale>
            <platform idref="#system_with_kernel"/>
            <ident system="https://ncp.nist.gov/cce">CCE-91202-2</ident>
            <fix xmlns:xhtml="http://www.w3.org/1999/xhtml" id="sysctl_net_ipv6_conf_all_accept_ra_defrtr" system="urn:xccdf:fix:script:sh" reboot="true" complexity="low" disruption="medium" strategy="disable"># Remediation is applicable only in certain platforms
if rpm --quiet -q kernel-default || rpm --quiet -q kernel-default-base; then

# Comment out any occurrences of net.ipv6.conf.all.accept_ra_defrtr from /etc/sysctl.d/*.conf files

for f in /etc/sysctl.d/*.conf /run/sysctl.d/*.conf /usr/local/lib/sysctl.d/*.conf /lib/sysctl.d/*.conf; do


  # skip systemd-sysctl symlink (/etc/sysctl.d/99-sysctl.conf -&gt; /etc/sysctl.conf)
  if [[ "$(readlink -f "$f")" == "/etc/sysctl.conf" ]]; then continue; fi

  matching_list=$(grep -P '^(?!#).*[\s]*net.ipv6.conf.all.accept_ra_defrtr.*$' $f | uniq )
  if ! test -z "$matching_list"; then
    while IFS= read -r entry; do
      escaped_entry=$(sed -e 's|/|\\/|g' &lt;&lt;&lt; "$entry")
      # comment out "net.ipv6.conf.all.accept_ra_defrtr" matches to preserve user data
      sed -i --follow-symlinks "s/^${escaped_entry}$/# &amp;/g" $f
    done &lt;&lt;&lt; "$matching_list"
  fi
done

#
# Set sysctl config file which to save the desired value
#

SYSCONFIG_FILE='/etc/sysctl.d/net_ipv6_conf_all_accept_ra_defrtr.conf'

sysctl_net_ipv6_conf_all_accept_ra_defrtr_value='<xccdf-1.2:sub xmlns:xccdf-1.2="http://checklists.nist.gov/xccdf/1.2" idref="xccdf_org.ssgproject.content_value_sysctl_net_ipv6_conf_all_accept_ra_defrtr_value" use="legacy"/>'


#
# Set runtime for net.ipv6.conf.all.accept_ra_defrtr
#
if ! { rpm --quiet -q kernel rpm-ostree bootc &amp;&amp; ! rpm --quiet -q openshift-kubelet &amp;&amp; { [ -f "/run/.containerenv" ] || [ -f "/.containerenv" ]; }; } ; then
    /sbin/sysctl -q -n -w net.ipv6.conf.all.accept_ra_defrtr="$sysctl_net_ipv6_conf_all_accept_ra_defrtr_value"
fi

#
# If net.ipv6.conf.all.accept_ra_defrtr present in /etc/sysctl.conf, change value to appropriate value
#	else, add "net.ipv6.conf.all.accept_ra_defrtr = value" to /etc/sysctl.conf
#

sed -i "/^$SYSCONFIG_VAR/d" /etc/sysctl.conf

# Strip any search characters in the key arg so that the key can be replaced without
# adding any search characters to the config file.
stripped_key=$(sed 's/[\^=\$,;+]*//g' &lt;&lt;&lt; "^net.ipv6.conf.all.accept_ra_defrtr")

# shellcheck disable=SC2059
printf -v formatted_output "%s = %s" "$stripped_key" "$sysctl_net_ipv6_conf_all_accept_ra_defrtr_value"

# If the key exists, change it. Otherwise, add it to the config_file.
# We search for the key string followed by a word boundary (matched by \&gt;),
# so if we search for 'setting', 'setting2' won't match.
if LC_ALL=C grep -q -m 1 -i -e "^net.ipv6.conf.all.accept_ra_defrtr\\&gt;" "${SYSCONFIG_FILE}"; then
    escaped_formatted_output=$(sed -e 's|/|\\/|g' &lt;&lt;&lt; "$formatted_output")
    LC_ALL=C sed -i --follow-symlinks "s/^net.ipv6.conf.all.accept_ra_defrtr\\&gt;.*/$escaped_formatted_output/gi" "${SYSCONFIG_FILE}"
else
    if [[ -s "${SYSCONFIG_FILE}" ]] &amp;&amp; [[ -n "$(tail -c 1 -- "${SYSCONFIG_FILE}" || true)" ]]; then
        LC_ALL=C sed -i --follow-symlinks '$a'\\ "${SYSCONFIG_FILE}"
    fi
    cce="CCE-91202-2"
    printf '# Per %s: Set %s in %s\n' "${cce}" "${formatted_output}" "${SYSCONFIG_FILE}" &gt;&gt; "${SYSCONFIG_FILE}"
    printf '%s\n' "$formatted_output" &gt;&gt; "${SYSCONFIG_FILE}"
fi

else
    &gt;&amp;2 echo 'Remediation is not applicable, nothing was done'
fi
</fix>
            <fix xmlns:xhtml="http://www.w3.org/1999/xhtml" id="sysctl_net_ipv6_conf_all_accept_ra_defrtr" system="urn:xccdf:fix:script:ansible" reboot="true" complexity="low" disruption="medium" strategy="disable">- name: Gather the package facts
  package_facts:
    manager: auto
  tags:
  - CCE-91202-2
  - disable_strategy
  - low_complexity
  - medium_disruption
  - reboot_required
  - sysctl_net_ipv6_conf_all_accept_ra_defrtr
  - unknown_severity
- name: XCCDF Value sysctl_net_ipv6_conf_all_accept_ra_defrtr_value # promote to variable
  set_fact:
    sysctl_net_ipv6_conf_all_accept_ra_defrtr_value: !!str <xccdf-1.2:sub xmlns:xccdf-1.2="http://checklists.nist.gov/xccdf/1.2" idref="xccdf_org.ssgproject.content_value_sysctl_net_ipv6_conf_all_accept_ra_defrtr_value" use="legacy"/>
  tags:
    - always

- name: Configure Accepting Default Router in Router Advertisements on All IPv6 Interfaces
    - Set fact for sysctl paths
  ansible.builtin.set_fact:
    sysctl_paths:
    - /run/sysctl.d/
    - /etc/sysctl.d/
    - /usr/local/lib/sysctl.d/
    - /lib/sysctl.d/
  when: ("kernel-default" in ansible_facts.packages or "kernel-default-base" in ansible_facts.packages)
  tags:
  - CCE-91202-2
  - disable_strategy
  - low_complexity
  - medium_disruption
  - reboot_required
  - sysctl_net_ipv6_conf_all_accept_ra_defrtr
  - unknown_severity

- name: Configure Accepting Default Router in Router Advertisements on All IPv6 Interfaces
    - Find all files that contain net.ipv6.conf.all.accept_ra_defrtr
  ansible.builtin.shell:
    cmd: find -L {{ sysctl_paths | join(" ") }} -type f -name '*.conf' | xargs grep
      -HP '^\s*net.ipv6.conf.all.accept_ra_defrtr\s*=\s*.*$'
  register: find_all_values
  check_mode: false
  changed_when: false
  failed_when: false
  when: ("kernel-default" in ansible_facts.packages or "kernel-default-base" in ansible_facts.packages)
  tags:
  - CCE-91202-2
  - disable_strategy
  - low_complexity
  - medium_disruption
  - reboot_required
  - sysctl_net_ipv6_conf_all_accept_ra_defrtr
  - unknown_severity

- name: Configure Accepting Default Router in Router Advertisements on All IPv6 Interfaces
    - Find all files that set net.ipv6.conf.all.accept_ra_defrtr to correct value
  ansible.builtin.shell:
    cmd: find -L {{ sysctl_paths | join(" ") }} -type f -name '*.conf' | xargs grep
      -HP '^\s*net.ipv6.conf.all.accept_ra_defrtr\s*=\s*{{ sysctl_net_ipv6_conf_all_accept_ra_defrtr_value
      }}$'
  register: find_correct_value
  check_mode: false
  changed_when: false
  failed_when: false
  when: ("kernel-default" in ansible_facts.packages or "kernel-default-base" in ansible_facts.packages)
  tags:
  - CCE-91202-2
  - disable_strategy
  - low_complexity
  - medium_disruption
  - reboot_required
  - sysctl_net_ipv6_conf_all_accept_ra_defrtr
  - unknown_severity

- name: Configure Accepting Default Router in Router Advertisements on All IPv6 Interfaces
    - Comment out any occurrences of net.ipv6.conf.all.accept_ra_defrtr from config
    files
  ansible.builtin.replace:
    path: '{{ item | split(":") | first }}'
    regexp: ^[\s]*net.ipv6.conf.all.accept_ra_defrtr
    replace: '#net.ipv6.conf.all.accept_ra_defrtr'
  loop: '{{ find_all_values.stdout_lines }}'
  when:
  - ("kernel-default" in ansible_facts.packages or "kernel-default-base" in ansible_facts.packages)
  - find_correct_value.stdout_lines | length == 0 or find_all_values.stdout_lines
    | length &gt; find_correct_value.stdout_lines | length
  tags:
  - CCE-91202-2
  - disable_strategy
  - low_complexity
  - medium_disruption
  - reboot_required
  - sysctl_net_ipv6_conf_all_accept_ra_defrtr
  - unknown_severity

- name: Configure Accepting Default Router in Router Advertisements on All IPv6 Interfaces
    - Comment out any occurrences of net.ipv6.conf.all.accept_ra_defrtr from /etc/sysctl.conf
  ansible.builtin.replace:
    path: /etc/sysctl.conf
    regexp: ^[\s]*net.ipv6.conf.all.accept_ra_defrtr
    replace: '#net.ipv6.conf.all.accept_ra_defrtr'
  when: ("kernel-default" in ansible_facts.packages or "kernel-default-base" in ansible_facts.packages)
  tags:
  - CCE-91202-2
  - disable_strategy
  - low_complexity
  - medium_disruption
  - reboot_required
  - sysctl_net_ipv6_conf_all_accept_ra_defrtr
  - unknown_severity

- name: Configure Accepting Default Router in Router Advertisements on All IPv6 Interfaces
    - Ensure sysctl net.ipv6.conf.all.accept_ra_defrtr is set
  ansible.posix.sysctl:
    name: net.ipv6.conf.all.accept_ra_defrtr
    value: '{{ sysctl_net_ipv6_conf_all_accept_ra_defrtr_value }}'
    sysctl_file: /etc/sysctl.d/net_ipv6_conf_all_accept_ra_defrtr.conf
    state: present
    reload: true
  when: ("kernel-default" in ansible_facts.packages or "kernel-default-base" in ansible_facts.packages)
  tags:
  - CCE-91202-2
  - disable_strategy
  - low_complexity
  - medium_disruption
  - reboot_required
  - sysctl_net_ipv6_conf_all_accept_ra_defrtr
  - unknown_severity
</fix>
            <check system="http://open-scap.org/page/SCE">
              <check-import import-name="stdout">
                  </check-import>
              <check-export export-name="sysctl_net_ipv6_conf_all_accept_ra_defrtr_value" value-id="xccdf_org.ssgproject.content_value_sysctl_net_ipv6_conf_all_accept_ra_defrtr_value"/>
              <check-content-ref href="sle15/checks/sce/sysctl_net_ipv6_conf_all_accept_ra_defrtr.sh"/>
            </check>
            <check system="http://oval.mitre.org/XMLSchema/oval-definitions-5">
              <check-export export-name="oval:ssg-sysctl_net_ipv6_conf_all_accept_ra_defrtr_value:var:1" value-id="xccdf_org.ssgproject.content_value_sysctl_net_ipv6_conf_all_accept_ra_defrtr_value"/>
              <check-content-ref name="oval:ssg-sysctl_net_ipv6_conf_all_accept_ra_defrtr:def:1" href="ssg-sle15-oval.xml"/>
            </check>
            <check system="http://scap.nist.gov/schema/ocil/2">
              <check-content-ref name="ocil:ssg-sysctl_net_ipv6_conf_all_accept_ra_defrtr_ocil:questionnaire:1" href="ssg-sle15-ocil.xml"/>
            </check>
          </Rule>
          <Rule id="xccdf_org.ssgproject.content_rule_sysctl_net_ipv6_conf_all_accept_ra_pinfo" selected="false" role="full" severity="unknown">
            <title xmlns:xhtml="http://www.w3.org/1999/xhtml" xml:lang="en-US">Configure Accepting Prefix Information in Router Advertisements on All IPv6 Interfaces</title>
            <description xmlns:xhtml="http://www.w3.org/1999/xhtml" xml:lang="en-US">To set the runtime status of the <html:code xmlns:html="http://www.w3.org/1999/xhtml">net.ipv6.conf.all.accept_ra_pinfo</html:code> kernel parameter, run the following command: <html:pre xmlns:html="http://www.w3.org/1999/xhtml">$ sudo sysctl -w net.ipv6.conf.all.accept_ra_pinfo=0</html:pre>
To make sure that the setting is persistent, add the following line to a file in the directory <html:code xmlns:html="http://www.w3.org/1999/xhtml">/etc/sysctl.d</html:code>: <html:pre xmlns:html="http://www.w3.org/1999/xhtml">net.ipv6.conf.all.accept_ra_pinfo = 0</html:pre>
        </description>
            <reference href="https://cyber.gouv.fr/sites/default/files/document/linux_configuration-en-v2.pdf">R13</reference>
            <rationale xmlns:xhtml="http://www.w3.org/1999/xhtml" xml:lang="en-US">An illicit router advertisement message could result in a man-in-the-middle attack.</rationale>
            <platform idref="#system_with_kernel"/>
            <ident system="https://ncp.nist.gov/cce">CCE-91203-0</ident>
            <fix xmlns:xhtml="http://www.w3.org/1999/xhtml" id="sysctl_net_ipv6_conf_all_accept_ra_pinfo" system="urn:xccdf:fix:script:sh" reboot="true" complexity="low" disruption="medium" strategy="disable"># Remediation is applicable only in certain platforms
if rpm --quiet -q kernel-default || rpm --quiet -q kernel-default-base; then

# Comment out any occurrences of net.ipv6.conf.all.accept_ra_pinfo from /etc/sysctl.d/*.conf files

for f in /etc/sysctl.d/*.conf /run/sysctl.d/*.conf /usr/local/lib/sysctl.d/*.conf /lib/sysctl.d/*.conf; do


  # skip systemd-sysctl symlink (/etc/sysctl.d/99-sysctl.conf -&gt; /etc/sysctl.conf)
  if [[ "$(readlink -f "$f")" == "/etc/sysctl.conf" ]]; then continue; fi

  matching_list=$(grep -P '^(?!#).*[\s]*net.ipv6.conf.all.accept_ra_pinfo.*$' $f | uniq )
  if ! test -z "$matching_list"; then
    while IFS= read -r entry; do
      escaped_entry=$(sed -e 's|/|\\/|g' &lt;&lt;&lt; "$entry")
      # comment out "net.ipv6.conf.all.accept_ra_pinfo" matches to preserve user data
      sed -i --follow-symlinks "s/^${escaped_entry}$/# &amp;/g" $f
    done &lt;&lt;&lt; "$matching_list"
  fi
done

#
# Set sysctl config file which to save the desired value
#

SYSCONFIG_FILE='/etc/sysctl.d/net_ipv6_conf_all_accept_ra_pinfo.conf'

sysctl_net_ipv6_conf_all_accept_ra_pinfo_value='<xccdf-1.2:sub xmlns:xccdf-1.2="http://checklists.nist.gov/xccdf/1.2" idref="xccdf_org.ssgproject.content_value_sysctl_net_ipv6_conf_all_accept_ra_pinfo_value" use="legacy"/>'


#
# Set runtime for net.ipv6.conf.all.accept_ra_pinfo
#
if ! { rpm --quiet -q kernel rpm-ostree bootc &amp;&amp; ! rpm --quiet -q openshift-kubelet &amp;&amp; { [ -f "/run/.containerenv" ] || [ -f "/.containerenv" ]; }; } ; then
    /sbin/sysctl -q -n -w net.ipv6.conf.all.accept_ra_pinfo="$sysctl_net_ipv6_conf_all_accept_ra_pinfo_value"
fi

#
# If net.ipv6.conf.all.accept_ra_pinfo present in /etc/sysctl.conf, change value to appropriate value
#	else, add "net.ipv6.conf.all.accept_ra_pinfo = value" to /etc/sysctl.conf
#

sed -i "/^$SYSCONFIG_VAR/d" /etc/sysctl.conf

# Strip any search characters in the key arg so that the key can be replaced without
# adding any search characters to the config file.
stripped_key=$(sed 's/[\^=\$,;+]*//g' &lt;&lt;&lt; "^net.ipv6.conf.all.accept_ra_pinfo")

# shellcheck disable=SC2059
printf -v formatted_output "%s = %s" "$stripped_key" "$sysctl_net_ipv6_conf_all_accept_ra_pinfo_value"

# If the key exists, change it. Otherwise, add it to the config_file.
# We search for the key string followed by a word boundary (matched by \&gt;),
# so if we search for 'setting', 'setting2' won't match.
if LC_ALL=C grep -q -m 1 -i -e "^net.ipv6.conf.all.accept_ra_pinfo\\&gt;" "${SYSCONFIG_FILE}"; then
    escaped_formatted_output=$(sed -e 's|/|\\/|g' &lt;&lt;&lt; "$formatted_output")
    LC_ALL=C sed -i --follow-symlinks "s/^net.ipv6.conf.all.accept_ra_pinfo\\&gt;.*/$escaped_formatted_output/gi" "${SYSCONFIG_FILE}"
else
    if [[ -s "${SYSCONFIG_FILE}" ]] &amp;&amp; [[ -n "$(tail -c 1 -- "${SYSCONFIG_FILE}" || true)" ]]; then
        LC_ALL=C sed -i --follow-symlinks '$a'\\ "${SYSCONFIG_FILE}"
    fi
    cce="CCE-91203-0"
    printf '# Per %s: Set %s in %s\n' "${cce}" "${formatted_output}" "${SYSCONFIG_FILE}" &gt;&gt; "${SYSCONFIG_FILE}"
    printf '%s\n' "$formatted_output" &gt;&gt; "${SYSCONFIG_FILE}"
fi

else
    &gt;&amp;2 echo 'Remediation is not applicable, nothing was done'
fi
</fix>
            <fix xmlns:xhtml="http://www.w3.org/1999/xhtml" id="sysctl_net_ipv6_conf_all_accept_ra_pinfo" system="urn:xccdf:fix:script:ansible" reboot="true" complexity="low" disruption="medium" strategy="disable">- name: Gather the package facts
  package_facts:
    manager: auto
  tags:
  - CCE-91203-0
  - disable_strategy
  - low_complexity
  - medium_disruption
  - reboot_required
  - sysctl_net_ipv6_conf_all_accept_ra_pinfo
  - unknown_severity
- name: XCCDF Value sysctl_net_ipv6_conf_all_accept_ra_pinfo_value # promote to variable
  set_fact:
    sysctl_net_ipv6_conf_all_accept_ra_pinfo_value: !!str <xccdf-1.2:sub xmlns:xccdf-1.2="http://checklists.nist.gov/xccdf/1.2" idref="xccdf_org.ssgproject.content_value_sysctl_net_ipv6_conf_all_accept_ra_pinfo_value" use="legacy"/>
  tags:
    - always

- name: Configure Accepting Prefix Information in Router Advertisements on All IPv6
    Interfaces - Set fact for sysctl paths
  ansible.builtin.set_fact:
    sysctl_paths:
    - /run/sysctl.d/
    - /etc/sysctl.d/
    - /usr/local/lib/sysctl.d/
    - /lib/sysctl.d/
  when: ("kernel-default" in ansible_facts.packages or "kernel-default-base" in ansible_facts.packages)
  tags:
  - CCE-91203-0
  - disable_strategy
  - low_complexity
  - medium_disruption
  - reboot_required
  - sysctl_net_ipv6_conf_all_accept_ra_pinfo
  - unknown_severity

- name: Configure Accepting Prefix Information in Router Advertisements on All IPv6
    Interfaces - Find all files that contain net.ipv6.conf.all.accept_ra_pinfo
  ansible.builtin.shell:
    cmd: find -L {{ sysctl_paths | join(" ") }} -type f -name '*.conf' | xargs grep
      -HP '^\s*net.ipv6.conf.all.accept_ra_pinfo\s*=\s*.*$'
  register: find_all_values
  check_mode: false
  changed_when: false
  failed_when: false
  when: ("kernel-default" in ansible_facts.packages or "kernel-default-base" in ansible_facts.packages)
  tags:
  - CCE-91203-0
  - disable_strategy
  - low_complexity
  - medium_disruption
  - reboot_required
  - sysctl_net_ipv6_conf_all_accept_ra_pinfo
  - unknown_severity

- name: Configure Accepting Prefix Information in Router Advertisements on All IPv6
    Interfaces - Find all files that set net.ipv6.conf.all.accept_ra_pinfo to correct
    value
  ansible.builtin.shell:
    cmd: find -L {{ sysctl_paths | join(" ") }} -type f -name '*.conf' | xargs grep
      -HP '^\s*net.ipv6.conf.all.accept_ra_pinfo\s*=\s*{{ sysctl_net_ipv6_conf_all_accept_ra_pinfo_value
      }}$'
  register: find_correct_value
  check_mode: false
  changed_when: false
  failed_when: false
  when: ("kernel-default" in ansible_facts.packages or "kernel-default-base" in ansible_facts.packages)
  tags:
  - CCE-91203-0
  - disable_strategy
  - low_complexity
  - medium_disruption
  - reboot_required
  - sysctl_net_ipv6_conf_all_accept_ra_pinfo
  - unknown_severity

- name: Configure Accepting Prefix Information in Router Advertisements on All IPv6
    Interfaces - Comment out any occurrences of net.ipv6.conf.all.accept_ra_pinfo
    from config files
  ansible.builtin.replace:
    path: '{{ item | split(":") | first }}'
    regexp: ^[\s]*net.ipv6.conf.all.accept_ra_pinfo
    replace: '#net.ipv6.conf.all.accept_ra_pinfo'
  loop: '{{ find_all_values.stdout_lines }}'
  when:
  - ("kernel-default" in ansible_facts.packages or "kernel-default-base" in ansible_facts.packages)
  - find_correct_value.stdout_lines | length == 0 or find_all_values.stdout_lines
    | length &gt; find_correct_value.stdout_lines | length
  tags:
  - CCE-91203-0
  - disable_strategy
  - low_complexity
  - medium_disruption
  - reboot_required
  - sysctl_net_ipv6_conf_all_accept_ra_pinfo
  - unknown_severity

- name: Configure Accepting Prefix Information in Router Advertisements on All IPv6
    Interfaces - Comment out any occurrences of net.ipv6.conf.all.accept_ra_pinfo
    from /etc/sysctl.conf
  ansible.builtin.replace:
    path: /etc/sysctl.conf
    regexp: ^[\s]*net.ipv6.conf.all.accept_ra_pinfo
    replace: '#net.ipv6.conf.all.accept_ra_pinfo'
  when: ("kernel-default" in ansible_facts.packages or "kernel-default-base" in ansible_facts.packages)
  tags:
  - CCE-91203-0
  - disable_strategy
  - low_complexity
  - medium_disruption
  - reboot_required
  - sysctl_net_ipv6_conf_all_accept_ra_pinfo
  - unknown_severity

- name: Configure Accepting Prefix Information in Router Advertisements on All IPv6
    Interfaces - Ensure sysctl net.ipv6.conf.all.accept_ra_pinfo is set
  ansible.posix.sysctl:
    name: net.ipv6.conf.all.accept_ra_pinfo
    value: '{{ sysctl_net_ipv6_conf_all_accept_ra_pinfo_value }}'
    sysctl_file: /etc/sysctl.d/net_ipv6_conf_all_accept_ra_pinfo.conf
    state: present
    reload: true
  when: ("kernel-default" in ansible_facts.packages or "kernel-default-base" in ansible_facts.packages)
  tags:
  - CCE-91203-0
  - disable_strategy
  - low_complexity
  - medium_disruption
  - reboot_required
  - sysctl_net_ipv6_conf_all_accept_ra_pinfo
  - unknown_severity
</fix>
            <check system="http://open-scap.org/page/SCE">
              <check-import import-name="stdout">
                  </check-import>
              <check-export export-name="sysctl_net_ipv6_conf_all_accept_ra_pinfo_value" value-id="xccdf_org.ssgproject.content_value_sysctl_net_ipv6_conf_all_accept_ra_pinfo_value"/>
              <check-content-ref href="sle15/checks/sce/sysctl_net_ipv6_conf_all_accept_ra_pinfo.sh"/>
            </check>
            <check system="http://oval.mitre.org/XMLSchema/oval-definitions-5">
              <check-export export-name="oval:ssg-sysctl_net_ipv6_conf_all_accept_ra_pinfo_value:var:1" value-id="xccdf_org.ssgproject.content_value_sysctl_net_ipv6_conf_all_accept_ra_pinfo_value"/>
              <check-content-ref name="oval:ssg-sysctl_net_ipv6_conf_all_accept_ra_pinfo:def:1" href="ssg-sle15-oval.xml"/>
            </check>
            <check system="http://scap.nist.gov/schema/ocil/2">
              <check-content-ref name="ocil:ssg-sysctl_net_ipv6_conf_all_accept_ra_pinfo_ocil:questionnaire:1" href="ssg-sle15-ocil.xml"/>
            </check>
          </Rule>
          <Rule id="xccdf_org.ssgproject.content_rule_sysctl_net_ipv6_conf_all_accept_ra_rtr_pref" selected="false" role="full" severity="unknown">
            <title xmlns:xhtml="http://www.w3.org/1999/xhtml" xml:lang="en-US">Configure Accepting Router Preference in Router Advertisements on All IPv6 Interfaces</title>
            <description xmlns:xhtml="http://www.w3.org/1999/xhtml" xml:lang="en-US">To set the runtime status of the <html:code xmlns:html="http://www.w3.org/1999/xhtml">net.ipv6.conf.all.accept_ra_rtr_pref</html:code> kernel parameter, run the following command: <html:pre xmlns:html="http://www.w3.org/1999/xhtml">$ sudo sysctl -w net.ipv6.conf.all.accept_ra_rtr_pref=0</html:pre>
To make sure that the setting is persistent, add the following line to a file in the directory <html:code xmlns:html="http://www.w3.org/1999/xhtml">/etc/sysctl.d</html:code>: <html:pre xmlns:html="http://www.w3.org/1999/xhtml">net.ipv6.conf.all.accept_ra_rtr_pref = 0</html:pre>
        </description>
            <reference href="https://cyber.gouv.fr/sites/default/files/document/linux_configuration-en-v2.pdf">R13</reference>
            <rationale xmlns:xhtml="http://www.w3.org/1999/xhtml" xml:lang="en-US">An illicit router advertisement message could result in a man-in-the-middle attack.</rationale>
            <platform idref="#system_with_kernel"/>
            <ident system="https://ncp.nist.gov/cce">CCE-91204-8</ident>
            <fix xmlns:xhtml="http://www.w3.org/1999/xhtml" id="sysctl_net_ipv6_conf_all_accept_ra_rtr_pref" system="urn:xccdf:fix:script:sh" reboot="true" complexity="low" disruption="medium" strategy="disable"># Remediation is applicable only in certain platforms
if rpm --quiet -q kernel-default || rpm --quiet -q kernel-default-base; then

# Comment out any occurrences of net.ipv6.conf.all.accept_ra_rtr_pref from /etc/sysctl.d/*.conf files

for f in /etc/sysctl.d/*.conf /run/sysctl.d/*.conf /usr/local/lib/sysctl.d/*.conf /lib/sysctl.d/*.conf; do


  # skip systemd-sysctl symlink (/etc/sysctl.d/99-sysctl.conf -&gt; /etc/sysctl.conf)
  if [[ "$(readlink -f "$f")" == "/etc/sysctl.conf" ]]; then continue; fi

  matching_list=$(grep -P '^(?!#).*[\s]*net.ipv6.conf.all.accept_ra_rtr_pref.*$' $f | uniq )
  if ! test -z "$matching_list"; then
    while IFS= read -r entry; do
      escaped_entry=$(sed -e 's|/|\\/|g' &lt;&lt;&lt; "$entry")
      # comment out "net.ipv6.conf.all.accept_ra_rtr_pref" matches to preserve user data
      sed -i --follow-symlinks "s/^${escaped_entry}$/# &amp;/g" $f
    done &lt;&lt;&lt; "$matching_list"
  fi
done

#
# Set sysctl config file which to save the desired value
#

SYSCONFIG_FILE='/etc/sysctl.d/net_ipv6_conf_all_accept_ra_rtr_pref.conf'

sysctl_net_ipv6_conf_all_accept_ra_rtr_pref_value='<xccdf-1.2:sub xmlns:xccdf-1.2="http://checklists.nist.gov/xccdf/1.2" idref="xccdf_org.ssgproject.content_value_sysctl_net_ipv6_conf_all_accept_ra_rtr_pref_value" use="legacy"/>'


#
# Set runtime for net.ipv6.conf.all.accept_ra_rtr_pref
#
if ! { rpm --quiet -q kernel rpm-ostree bootc &amp;&amp; ! rpm --quiet -q openshift-kubelet &amp;&amp; { [ -f "/run/.containerenv" ] || [ -f "/.containerenv" ]; }; } ; then
    /sbin/sysctl -q -n -w net.ipv6.conf.all.accept_ra_rtr_pref="$sysctl_net_ipv6_conf_all_accept_ra_rtr_pref_value"
fi

#
# If net.ipv6.conf.all.accept_ra_rtr_pref present in /etc/sysctl.conf, change value to appropriate value
#	else, add "net.ipv6.conf.all.accept_ra_rtr_pref = value" to /etc/sysctl.conf
#

sed -i "/^$SYSCONFIG_VAR/d" /etc/sysctl.conf

# Strip any search characters in the key arg so that the key can be replaced without
# adding any search characters to the config file.
stripped_key=$(sed 's/[\^=\$,;+]*//g' &lt;&lt;&lt; "^net.ipv6.conf.all.accept_ra_rtr_pref")

# shellcheck disable=SC2059
printf -v formatted_output "%s = %s" "$stripped_key" "$sysctl_net_ipv6_conf_all_accept_ra_rtr_pref_value"

# If the key exists, change it. Otherwise, add it to the config_file.
# We search for the key string followed by a word boundary (matched by \&gt;),
# so if we search for 'setting', 'setting2' won't match.
if LC_ALL=C grep -q -m 1 -i -e "^net.ipv6.conf.all.accept_ra_rtr_pref\\&gt;" "${SYSCONFIG_FILE}"; then
    escaped_formatted_output=$(sed -e 's|/|\\/|g' &lt;&lt;&lt; "$formatted_output")
    LC_ALL=C sed -i --follow-symlinks "s/^net.ipv6.conf.all.accept_ra_rtr_pref\\&gt;.*/$escaped_formatted_output/gi" "${SYSCONFIG_FILE}"
else
    if [[ -s "${SYSCONFIG_FILE}" ]] &amp;&amp; [[ -n "$(tail -c 1 -- "${SYSCONFIG_FILE}" || true)" ]]; then
        LC_ALL=C sed -i --follow-symlinks '$a'\\ "${SYSCONFIG_FILE}"
    fi
    cce="CCE-91204-8"
    printf '# Per %s: Set %s in %s\n' "${cce}" "${formatted_output}" "${SYSCONFIG_FILE}" &gt;&gt; "${SYSCONFIG_FILE}"
    printf '%s\n' "$formatted_output" &gt;&gt; "${SYSCONFIG_FILE}"
fi

else
    &gt;&amp;2 echo 'Remediation is not applicable, nothing was done'
fi
</fix>
            <fix xmlns:xhtml="http://www.w3.org/1999/xhtml" id="sysctl_net_ipv6_conf_all_accept_ra_rtr_pref" system="urn:xccdf:fix:script:ansible" reboot="true" complexity="low" disruption="medium" strategy="disable">- name: Gather the package facts
  package_facts:
    manager: auto
  tags:
  - CCE-91204-8
  - disable_strategy
  - low_complexity
  - medium_disruption
  - reboot_required
  - sysctl_net_ipv6_conf_all_accept_ra_rtr_pref
  - unknown_severity
- name: XCCDF Value sysctl_net_ipv6_conf_all_accept_ra_rtr_pref_value # promote to variable
  set_fact:
    sysctl_net_ipv6_conf_all_accept_ra_rtr_pref_value: !!str <xccdf-1.2:sub xmlns:xccdf-1.2="http://checklists.nist.gov/xccdf/1.2" idref="xccdf_org.ssgproject.content_value_sysctl_net_ipv6_conf_all_accept_ra_rtr_pref_value" use="legacy"/>
  tags:
    - always

- name: Configure Accepting Router Preference in Router Advertisements on All IPv6
    Interfaces - Set fact for sysctl paths
  ansible.builtin.set_fact:
    sysctl_paths:
    - /run/sysctl.d/
    - /etc/sysctl.d/
    - /usr/local/lib/sysctl.d/
    - /lib/sysctl.d/
  when: ("kernel-default" in ansible_facts.packages or "kernel-default-base" in ansible_facts.packages)
  tags:
  - CCE-91204-8
  - disable_strategy
  - low_complexity
  - medium_disruption
  - reboot_required
  - sysctl_net_ipv6_conf_all_accept_ra_rtr_pref
  - unknown_severity

- name: Configure Accepting Router Preference in Router Advertisements on All IPv6
    Interfaces - Find all files that contain net.ipv6.conf.all.accept_ra_rtr_pref
  ansible.builtin.shell:
    cmd: find -L {{ sysctl_paths | join(" ") }} -type f -name '*.conf' | xargs grep
      -HP '^\s*net.ipv6.conf.all.accept_ra_rtr_pref\s*=\s*.*$'
  register: find_all_values
  check_mode: false
  changed_when: false
  failed_when: false
  when: ("kernel-default" in ansible_facts.packages or "kernel-default-base" in ansible_facts.packages)
  tags:
  - CCE-91204-8
  - disable_strategy
  - low_complexity
  - medium_disruption
  - reboot_required
  - sysctl_net_ipv6_conf_all_accept_ra_rtr_pref
  - unknown_severity

- name: Configure Accepting Router Preference in Router Advertisements on All IPv6
    Interfaces - Find all files that set net.ipv6.conf.all.accept_ra_rtr_pref to correct
    value
  ansible.builtin.shell:
    cmd: find -L {{ sysctl_paths | join(" ") }} -type f -name '*.conf' | xargs grep
      -HP '^\s*net.ipv6.conf.all.accept_ra_rtr_pref\s*=\s*{{ sysctl_net_ipv6_conf_all_accept_ra_rtr_pref_value
      }}$'
  register: find_correct_value
  check_mode: false
  changed_when: false
  failed_when: false
  when: ("kernel-default" in ansible_facts.packages or "kernel-default-base" in ansible_facts.packages)
  tags:
  - CCE-91204-8
  - disable_strategy
  - low_complexity
  - medium_disruption
  - reboot_required
  - sysctl_net_ipv6_conf_all_accept_ra_rtr_pref
  - unknown_severity

- name: Configure Accepting Router Preference in Router Advertisements on All IPv6
    Interfaces - Comment out any occurrences of net.ipv6.conf.all.accept_ra_rtr_pref
    from config files
  ansible.builtin.replace:
    path: '{{ item | split(":") | first }}'
    regexp: ^[\s]*net.ipv6.conf.all.accept_ra_rtr_pref
    replace: '#net.ipv6.conf.all.accept_ra_rtr_pref'
  loop: '{{ find_all_values.stdout_lines }}'
  when:
  - ("kernel-default" in ansible_facts.packages or "kernel-default-base" in ansible_facts.packages)
  - find_correct_value.stdout_lines | length == 0 or find_all_values.stdout_lines
    | length &gt; find_correct_value.stdout_lines | length
  tags:
  - CCE-91204-8
  - disable_strategy
  - low_complexity
  - medium_disruption
  - reboot_required
  - sysctl_net_ipv6_conf_all_accept_ra_rtr_pref
  - unknown_severity

- name: Configure Accepting Router Preference in Router Advertisements on All IPv6
    Interfaces - Comment out any occurrences of net.ipv6.conf.all.accept_ra_rtr_pref
    from /etc/sysctl.conf
  ansible.builtin.replace:
    path: /etc/sysctl.conf
    regexp: ^[\s]*net.ipv6.conf.all.accept_ra_rtr_pref
    replace: '#net.ipv6.conf.all.accept_ra_rtr_pref'
  when: ("kernel-default" in ansible_facts.packages or "kernel-default-base" in ansible_facts.packages)
  tags:
  - CCE-91204-8
  - disable_strategy
  - low_complexity
  - medium_disruption
  - reboot_required
  - sysctl_net_ipv6_conf_all_accept_ra_rtr_pref
  - unknown_severity

- name: Configure Accepting Router Preference in Router Advertisements on All IPv6
    Interfaces - Ensure sysctl net.ipv6.conf.all.accept_ra_rtr_pref is set
  ansible.posix.sysctl:
    name: net.ipv6.conf.all.accept_ra_rtr_pref
    value: '{{ sysctl_net_ipv6_conf_all_accept_ra_rtr_pref_value }}'
    sysctl_file: /etc/sysctl.d/net_ipv6_conf_all_accept_ra_rtr_pref.conf
    state: present
    reload: true
  when: ("kernel-default" in ansible_facts.packages or "kernel-default-base" in ansible_facts.packages)
  tags:
  - CCE-91204-8
  - disable_strategy
  - low_complexity
  - medium_disruption
  - reboot_required
  - sysctl_net_ipv6_conf_all_accept_ra_rtr_pref
  - unknown_severity
</fix>
            <check system="http://open-scap.org/page/SCE">
              <check-import import-name="stdout">
                  </check-import>
              <check-export export-name="sysctl_net_ipv6_conf_all_accept_ra_rtr_pref_value" value-id="xccdf_org.ssgproject.content_value_sysctl_net_ipv6_conf_all_accept_ra_rtr_pref_value"/>
              <check-content-ref href="sle15/checks/sce/sysctl_net_ipv6_conf_all_accept_ra_rtr_pref.sh"/>
            </check>
            <check system="http://oval.mitre.org/XMLSchema/oval-definitions-5">
              <check-export export-name="oval:ssg-sysctl_net_ipv6_conf_all_accept_ra_rtr_pref_value:var:1" value-id="xccdf_org.ssgproject.content_value_sysctl_net_ipv6_conf_all_accept_ra_rtr_pref_value"/>
              <check-content-ref name="oval:ssg-sysctl_net_ipv6_conf_all_accept_ra_rtr_pref:def:1" href="ssg-sle15-oval.xml"/>
            </check>
            <check system="http://scap.nist.gov/schema/ocil/2">
              <check-content-ref name="ocil:ssg-sysctl_net_ipv6_conf_all_accept_ra_rtr_pref_ocil:questionnaire:1" href="ssg-sle15-ocil.xml"/>
            </check>
          </Rule>
          <Rule id="xccdf_org.ssgproject.content_rule_sysctl_net_ipv6_conf_all_accept_redirects" selected="false" role="full" severity="medium">
            <title xmlns:xhtml="http://www.w3.org/1999/xhtml" xml:lang="en-US">Disable Accepting ICMP Redirects for All IPv6 Interfaces</title>
            <description xmlns:xhtml="http://www.w3.org/1999/xhtml" xml:lang="en-US">To set the runtime status of the <html:code xmlns:html="http://www.w3.org/1999/xhtml">net.ipv6.conf.all.accept_redirects</html:code> kernel parameter, run the following command: <html:pre xmlns:html="http://www.w3.org/1999/xhtml">$ sudo sysctl -w net.ipv6.conf.all.accept_redirects=0</html:pre>
To make sure that the setting is persistent, add the following line to a file in the directory <html:code xmlns:html="http://www.w3.org/1999/xhtml">/etc/sysctl.d</html:code>: <html:pre xmlns:html="http://www.w3.org/1999/xhtml">net.ipv6.conf.all.accept_redirects = 0</html:pre>
        </description>
            <reference href="https://www.cisecurity.org/controls/">11</reference>
            <reference href="https://www.cisecurity.org/controls/">14</reference>
            <reference href="https://www.cisecurity.org/controls/">3</reference>
            <reference href="https://www.cisecurity.org/controls/">9</reference>
            <reference href="https://www.isaca.org/resources/cobit">BAI10.01</reference>
            <reference href="https://www.isaca.org/resources/cobit">BAI10.02</reference>
            <reference href="https://www.isaca.org/resources/cobit">BAI10.03</reference>
            <reference href="https://www.isaca.org/resources/cobit">BAI10.05</reference>
            <reference href="https://www.isaca.org/resources/cobit">DSS05.02</reference>
            <reference href="https://www.isaca.org/resources/cobit">DSS05.05</reference>
            <reference href="https://www.isaca.org/resources/cobit">DSS06.06</reference>
            <reference href="http://nvlpubs.nist.gov/nistpubs/SpecialPublications/NIST.SP.800-171.pdf">3.1.20</reference>
            <reference href="https://www.isa.org/products/isa-62443-2-1-2009-security-for-industrial-automat">4.3.3.5.1</reference>
            <reference href="https://www.isa.org/products/isa-62443-2-1-2009-security-for-industrial-automat">4.3.3.5.2</reference>
            <reference href="https://www.isa.org/products/isa-62443-2-1-2009-security-for-industrial-automat">4.3.3.5.3</reference>
            <reference href="https://www.isa.org/products/isa-62443-2-1-2009-security-for-industrial-automat">4.3.3.5.4</reference>
            <reference href="https://www.isa.org/products/isa-62443-2-1-2009-security-for-industrial-automat">4.3.3.5.5</reference>
            <reference href="https://www.isa.org/products/isa-62443-2-1-2009-security-for-industrial-automat">4.3.3.5.6</reference>
            <reference href="https://www.isa.org/products/isa-62443-2-1-2009-security-for-industrial-automat">4.3.3.5.7</reference>
            <reference href="https://www.isa.org/products/isa-62443-2-1-2009-security-for-industrial-automat">4.3.3.5.8</reference>
            <reference href="https://www.isa.org/products/isa-62443-2-1-2009-security-for-industrial-automat">4.3.3.6.1</reference>
            <reference href="https://www.isa.org/products/isa-62443-2-1-2009-security-for-industrial-automat">4.3.3.6.2</reference>
            <reference href="https://www.isa.org/products/isa-62443-2-1-2009-security-for-industrial-automat">4.3.3.6.3</reference>
            <reference href="https://www.isa.org/products/isa-62443-2-1-2009-security-for-industrial-automat">4.3.3.6.4</reference>
            <reference href="https://www.isa.org/products/isa-62443-2-1-2009-security-for-industrial-automat">4.3.3.6.5</reference>
            <reference href="https://www.isa.org/products/isa-62443-2-1-2009-security-for-industrial-automat">4.3.3.6.6</reference>
            <reference href="https://www.isa.org/products/isa-62443-2-1-2009-security-for-industrial-automat">4.3.3.6.7</reference>
            <reference href="https://www.isa.org/products/isa-62443-2-1-2009-security-for-industrial-automat">4.3.3.6.8</reference>
            <reference href="https://www.isa.org/products/isa-62443-2-1-2009-security-for-industrial-automat">4.3.3.6.9</reference>
            <reference href="https://www.isa.org/products/isa-62443-2-1-2009-security-for-industrial-automat">4.3.3.7.1</reference>
            <reference href="https://www.isa.org/products/isa-62443-2-1-2009-security-for-industrial-automat">4.3.3.7.2</reference>
            <reference href="https://www.isa.org/products/isa-62443-2-1-2009-security-for-industrial-automat">4.3.3.7.3</reference>
            <reference href="https://www.isa.org/products/isa-62443-2-1-2009-security-for-industrial-automat">4.3.3.7.4</reference>
            <reference href="https://www.isa.org/products/isa-62443-2-1-2009-security-for-industrial-automat">4.3.4.3.2</reference>
            <reference href="https://www.isa.org/products/isa-62443-2-1-2009-security-for-industrial-automat">4.3.4.3.3</reference>
            <reference href="https://www.isa.org/products/ansi-isa-62443-3-3-99-03-03-2013-security-for-indu">SR 1.1</reference>
            <reference href="https://www.isa.org/products/ansi-isa-62443-3-3-99-03-03-2013-security-for-indu">SR 1.10</reference>
            <reference href="https://www.isa.org/products/ansi-isa-62443-3-3-99-03-03-2013-security-for-indu">SR 1.11</reference>
            <reference href="https://www.isa.org/products/ansi-isa-62443-3-3-99-03-03-2013-security-for-indu">SR 1.12</reference>
            <reference href="https://www.isa.org/products/ansi-isa-62443-3-3-99-03-03-2013-security-for-indu">SR 1.13</reference>
            <reference href="https://www.isa.org/products/ansi-isa-62443-3-3-99-03-03-2013-security-for-indu">SR 1.2</reference>
            <reference href="https://www.isa.org/products/ansi-isa-62443-3-3-99-03-03-2013-security-for-indu">SR 1.3</reference>
            <reference href="https://www.isa.org/products/ansi-isa-62443-3-3-99-03-03-2013-security-for-indu">SR 1.4</reference>
            <reference href="https://www.isa.org/products/ansi-isa-62443-3-3-99-03-03-2013-security-for-indu">SR 1.5</reference>
            <reference href="https://www.isa.org/products/ansi-isa-62443-3-3-99-03-03-2013-security-for-indu">SR 1.6</reference>
            <reference href="https://www.isa.org/products/ansi-isa-62443-3-3-99-03-03-2013-security-for-indu">SR 1.7</reference>
            <reference href="https://www.isa.org/products/ansi-isa-62443-3-3-99-03-03-2013-security-for-indu">SR 1.8</reference>
            <reference href="https://www.isa.org/products/ansi-isa-62443-3-3-99-03-03-2013-security-for-indu">SR 1.9</reference>
            <reference href="https://www.isa.org/products/ansi-isa-62443-3-3-99-03-03-2013-security-for-indu">SR 2.1</reference>
            <reference href="https://www.isa.org/products/ansi-isa-62443-3-3-99-03-03-2013-security-for-indu">SR 2.2</reference>
            <reference href="https://www.isa.org/products/ansi-isa-62443-3-3-99-03-03-2013-security-for-indu">SR 2.3</reference>
            <reference href="https://www.isa.org/products/ansi-isa-62443-3-3-99-03-03-2013-security-for-indu">SR 2.4</reference>
            <reference href="https://www.isa.org/products/ansi-isa-62443-3-3-99-03-03-2013-security-for-indu">SR 2.5</reference>
            <reference href="https://www.isa.org/products/ansi-isa-62443-3-3-99-03-03-2013-security-for-indu">SR 2.6</reference>
            <reference href="https://www.isa.org/products/ansi-isa-62443-3-3-99-03-03-2013-security-for-indu">SR 2.7</reference>
            <reference href="https://www.isa.org/products/ansi-isa-62443-3-3-99-03-03-2013-security-for-indu">SR 7.6</reference>
            <reference href="https://www.iso.org/contents/data/standard/05/45/54534.html">A.12.1.2</reference>
            <reference href="https://www.iso.org/contents/data/standard/05/45/54534.html">A.12.5.1</reference>
            <reference href="https://www.iso.org/contents/data/standard/05/45/54534.html">A.12.6.2</reference>
            <reference href="https://www.iso.org/contents/data/standard/05/45/54534.html">A.14.2.2</reference>
            <reference href="https://www.iso.org/contents/data/standard/05/45/54534.html">A.14.2.3</reference>
            <reference href="https://www.iso.org/contents/data/standard/05/45/54534.html">A.14.2.4</reference>
            <reference href="https://www.iso.org/contents/data/standard/05/45/54534.html">A.9.1.2</reference>
            <reference href="http://nvlpubs.nist.gov/nistpubs/SpecialPublications/NIST.SP.800-53r4.pdf">CM-7(a)</reference>
            <reference href="http://nvlpubs.nist.gov/nistpubs/SpecialPublications/NIST.SP.800-53r4.pdf">CM-7(b)</reference>
            <reference href="http://nvlpubs.nist.gov/nistpubs/SpecialPublications/NIST.SP.800-53r4.pdf">CM-6(a)</reference>
            <reference href="http://nvlpubs.nist.gov/nistpubs/SpecialPublications/NIST.SP.800-53r4.pdf">CM-6(b)</reference>
            <reference href="http://nvlpubs.nist.gov/nistpubs/SpecialPublications/NIST.SP.800-53r4.pdf">CM-6.1(iv)</reference>
            <reference href="https://nvlpubs.nist.gov/nistpubs/CSWP/NIST.CSWP.04162018.pdf">PR.IP-1</reference>
            <reference href="https://nvlpubs.nist.gov/nistpubs/CSWP/NIST.CSWP.04162018.pdf">PR.PT-3</reference>
            <reference href="https://www.cyber.mil/stigs/downloads/?_dl_facet_stigs=operating-systems%2Cgeneral-purpose-os">SRG-OS-000480-GPOS-00227</reference>
            <reference href="https://www.cyber.mil/stigs/downloads/?_dl_facet_stigs=operating-systems%2Cunix-linux">SLES-15-040341</reference>
            <reference href="https://www.cisecurity.org/benchmark/suse_linux/">3.3.2</reference>
            <reference href="https://cyber.gouv.fr/sites/default/files/document/linux_configuration-en-v2.pdf">R13</reference>
            <reference href="not_publicly_available">SLES-15-450450075</reference>
            <reference href="https://www.cyber.mil/stigs/srg-stig-tools/">SV-235020r991589_rule</reference>
            <rationale xmlns:xhtml="http://www.w3.org/1999/xhtml" xml:lang="en-US">An illicit ICMP redirect message could result in a man-in-the-middle attack.</rationale>
            <platform idref="#system_with_kernel"/>
            <ident system="https://ncp.nist.gov/cce">CCE-85708-6</ident>
            <fix xmlns:xhtml="http://www.w3.org/1999/xhtml" id="sysctl_net_ipv6_conf_all_accept_redirects" system="urn:xccdf:fix:script:sh" reboot="true" complexity="low" disruption="medium" strategy="disable"># Remediation is applicable only in certain platforms
if rpm --quiet -q kernel-default || rpm --quiet -q kernel-default-base; then

# Comment out any occurrences of net.ipv6.conf.all.accept_redirects from /etc/sysctl.d/*.conf files

for f in /etc/sysctl.d/*.conf /run/sysctl.d/*.conf /usr/local/lib/sysctl.d/*.conf /lib/sysctl.d/*.conf; do


  # skip systemd-sysctl symlink (/etc/sysctl.d/99-sysctl.conf -&gt; /etc/sysctl.conf)
  if [[ "$(readlink -f "$f")" == "/etc/sysctl.conf" ]]; then continue; fi

  matching_list=$(grep -P '^(?!#).*[\s]*net.ipv6.conf.all.accept_redirects.*$' $f | uniq )
  if ! test -z "$matching_list"; then
    while IFS= read -r entry; do
      escaped_entry=$(sed -e 's|/|\\/|g' &lt;&lt;&lt; "$entry")
      # comment out "net.ipv6.conf.all.accept_redirects" matches to preserve user data
      sed -i --follow-symlinks "s/^${escaped_entry}$/# &amp;/g" $f
    done &lt;&lt;&lt; "$matching_list"
  fi
done

#
# Set sysctl config file which to save the desired value
#

SYSCONFIG_FILE='/etc/sysctl.d/net_ipv6_conf_all_accept_redirects.conf'

sysctl_net_ipv6_conf_all_accept_redirects_value='<xccdf-1.2:sub xmlns:xccdf-1.2="http://checklists.nist.gov/xccdf/1.2" idref="xccdf_org.ssgproject.content_value_sysctl_net_ipv6_conf_all_accept_redirects_value" use="legacy"/>'


#
# Set runtime for net.ipv6.conf.all.accept_redirects
#
if ! { rpm --quiet -q kernel rpm-ostree bootc &amp;&amp; ! rpm --quiet -q openshift-kubelet &amp;&amp; { [ -f "/run/.containerenv" ] || [ -f "/.containerenv" ]; }; } ; then
    /sbin/sysctl -q -n -w net.ipv6.conf.all.accept_redirects="$sysctl_net_ipv6_conf_all_accept_redirects_value"
fi

#
# If net.ipv6.conf.all.accept_redirects present in /etc/sysctl.conf, change value to appropriate value
#	else, add "net.ipv6.conf.all.accept_redirects = value" to /etc/sysctl.conf
#

sed -i "/^$SYSCONFIG_VAR/d" /etc/sysctl.conf

# Strip any search characters in the key arg so that the key can be replaced without
# adding any search characters to the config file.
stripped_key=$(sed 's/[\^=\$,;+]*//g' &lt;&lt;&lt; "^net.ipv6.conf.all.accept_redirects")

# shellcheck disable=SC2059
printf -v formatted_output "%s = %s" "$stripped_key" "$sysctl_net_ipv6_conf_all_accept_redirects_value"

# If the key exists, change it. Otherwise, add it to the config_file.
# We search for the key string followed by a word boundary (matched by \&gt;),
# so if we search for 'setting', 'setting2' won't match.
if LC_ALL=C grep -q -m 1 -i -e "^net.ipv6.conf.all.accept_redirects\\&gt;" "${SYSCONFIG_FILE}"; then
    escaped_formatted_output=$(sed -e 's|/|\\/|g' &lt;&lt;&lt; "$formatted_output")
    LC_ALL=C sed -i --follow-symlinks "s/^net.ipv6.conf.all.accept_redirects\\&gt;.*/$escaped_formatted_output/gi" "${SYSCONFIG_FILE}"
else
    if [[ -s "${SYSCONFIG_FILE}" ]] &amp;&amp; [[ -n "$(tail -c 1 -- "${SYSCONFIG_FILE}" || true)" ]]; then
        LC_ALL=C sed -i --follow-symlinks '$a'\\ "${SYSCONFIG_FILE}"
    fi
    cce="CCE-85708-6"
    printf '# Per %s: Set %s in %s\n' "${cce}" "${formatted_output}" "${SYSCONFIG_FILE}" &gt;&gt; "${SYSCONFIG_FILE}"
    printf '%s\n' "$formatted_output" &gt;&gt; "${SYSCONFIG_FILE}"
fi

else
    &gt;&amp;2 echo 'Remediation is not applicable, nothing was done'
fi
</fix>
            <fix xmlns:xhtml="http://www.w3.org/1999/xhtml" id="sysctl_net_ipv6_conf_all_accept_redirects" system="urn:xccdf:fix:script:ansible" reboot="true" complexity="low" disruption="medium" strategy="disable">- name: Gather the package facts
  package_facts:
    manager: auto
  tags:
  - CCE-85708-6
  - DISA-STIG-SLES-15-040341
  - NIST-800-171-3.1.20
  - NIST-800-53-CM-6(a)
  - NIST-800-53-CM-6(b)
  - NIST-800-53-CM-6.1(iv)
  - NIST-800-53-CM-7(a)
  - NIST-800-53-CM-7(b)
  - disable_strategy
  - low_complexity
  - medium_disruption
  - medium_severity
  - reboot_required
  - sysctl_net_ipv6_conf_all_accept_redirects
- name: XCCDF Value sysctl_net_ipv6_conf_all_accept_redirects_value # promote to variable
  set_fact:
    sysctl_net_ipv6_conf_all_accept_redirects_value: !!str <xccdf-1.2:sub xmlns:xccdf-1.2="http://checklists.nist.gov/xccdf/1.2" idref="xccdf_org.ssgproject.content_value_sysctl_net_ipv6_conf_all_accept_redirects_value" use="legacy"/>
  tags:
    - always

- name: Disable Accepting ICMP Redirects for All IPv6 Interfaces - Set fact for sysctl
    paths
  ansible.builtin.set_fact:
    sysctl_paths:
    - /run/sysctl.d/
    - /etc/sysctl.d/
    - /usr/local/lib/sysctl.d/
    - /lib/sysctl.d/
  when: ("kernel-default" in ansible_facts.packages or "kernel-default-base" in ansible_facts.packages)
  tags:
  - CCE-85708-6
  - DISA-STIG-SLES-15-040341
  - NIST-800-171-3.1.20
  - NIST-800-53-CM-6(a)
  - NIST-800-53-CM-6(b)
  - NIST-800-53-CM-6.1(iv)
  - NIST-800-53-CM-7(a)
  - NIST-800-53-CM-7(b)
  - disable_strategy
  - low_complexity
  - medium_disruption
  - medium_severity
  - reboot_required
  - sysctl_net_ipv6_conf_all_accept_redirects

- name: Disable Accepting ICMP Redirects for All IPv6 Interfaces - Find all files
    that contain net.ipv6.conf.all.accept_redirects
  ansible.builtin.shell:
    cmd: find -L {{ sysctl_paths | join(" ") }} -type f -name '*.conf' | xargs grep
      -HP '^\s*net.ipv6.conf.all.accept_redirects\s*=\s*.*$'
  register: find_all_values
  check_mode: false
  changed_when: false
  failed_when: false
  when: ("kernel-default" in ansible_facts.packages or "kernel-default-base" in ansible_facts.packages)
  tags:
  - CCE-85708-6
  - DISA-STIG-SLES-15-040341
  - NIST-800-171-3.1.20
  - NIST-800-53-CM-6(a)
  - NIST-800-53-CM-6(b)
  - NIST-800-53-CM-6.1(iv)
  - NIST-800-53-CM-7(a)
  - NIST-800-53-CM-7(b)
  - disable_strategy
  - low_complexity
  - medium_disruption
  - medium_severity
  - reboot_required
  - sysctl_net_ipv6_conf_all_accept_redirects

- name: Disable Accepting ICMP Redirects for All IPv6 Interfaces - Find all files
    that set net.ipv6.conf.all.accept_redirects to correct value
  ansible.builtin.shell:
    cmd: find -L {{ sysctl_paths | join(" ") }} -type f -name '*.conf' | xargs grep
      -HP '^\s*net.ipv6.conf.all.accept_redirects\s*=\s*{{ sysctl_net_ipv6_conf_all_accept_redirects_value
      }}$'
  register: find_correct_value
  check_mode: false
  changed_when: false
  failed_when: false
  when: ("kernel-default" in ansible_facts.packages or "kernel-default-base" in ansible_facts.packages)
  tags:
  - CCE-85708-6
  - DISA-STIG-SLES-15-040341
  - NIST-800-171-3.1.20
  - NIST-800-53-CM-6(a)
  - NIST-800-53-CM-6(b)
  - NIST-800-53-CM-6.1(iv)
  - NIST-800-53-CM-7(a)
  - NIST-800-53-CM-7(b)
  - disable_strategy
  - low_complexity
  - medium_disruption
  - medium_severity
  - reboot_required
  - sysctl_net_ipv6_conf_all_accept_redirects

- name: Disable Accepting ICMP Redirects for All IPv6 Interfaces - Comment out any
    occurrences of net.ipv6.conf.all.accept_redirects from config files
  ansible.builtin.replace:
    path: '{{ item | split(":") | first }}'
    regexp: ^[\s]*net.ipv6.conf.all.accept_redirects
    replace: '#net.ipv6.conf.all.accept_redirects'
  loop: '{{ find_all_values.stdout_lines }}'
  when:
  - ("kernel-default" in ansible_facts.packages or "kernel-default-base" in ansible_facts.packages)
  - find_correct_value.stdout_lines | length == 0 or find_all_values.stdout_lines
    | length &gt; find_correct_value.stdout_lines | length
  tags:
  - CCE-85708-6
  - DISA-STIG-SLES-15-040341
  - NIST-800-171-3.1.20
  - NIST-800-53-CM-6(a)
  - NIST-800-53-CM-6(b)
  - NIST-800-53-CM-6.1(iv)
  - NIST-800-53-CM-7(a)
  - NIST-800-53-CM-7(b)
  - disable_strategy
  - low_complexity
  - medium_disruption
  - medium_severity
  - reboot_required
  - sysctl_net_ipv6_conf_all_accept_redirects

- name: Disable Accepting ICMP Redirects for All IPv6 Interfaces - Comment out any
    occurrences of net.ipv6.conf.all.accept_redirects from /etc/sysctl.conf
  ansible.builtin.replace:
    path: /etc/sysctl.conf
    regexp: ^[\s]*net.ipv6.conf.all.accept_redirects
    replace: '#net.ipv6.conf.all.accept_redirects'
  when: ("kernel-default" in ansible_facts.packages or "kernel-default-base" in ansible_facts.packages)
  tags:
  - CCE-85708-6
  - DISA-STIG-SLES-15-040341
  - NIST-800-171-3.1.20
  - NIST-800-53-CM-6(a)
  - NIST-800-53-CM-6(b)
  - NIST-800-53-CM-6.1(iv)
  - NIST-800-53-CM-7(a)
  - NIST-800-53-CM-7(b)
  - disable_strategy
  - low_complexity
  - medium_disruption
  - medium_severity
  - reboot_required
  - sysctl_net_ipv6_conf_all_accept_redirects

- name: Disable Accepting ICMP Redirects for All IPv6 Interfaces - Ensure sysctl net.ipv6.conf.all.accept_redirects
    is set
  ansible.posix.sysctl:
    name: net.ipv6.conf.all.accept_redirects
    value: '{{ sysctl_net_ipv6_conf_all_accept_redirects_value }}'
    sysctl_file: /etc/sysctl.d/net_ipv6_conf_all_accept_redirects.conf
    state: present
    reload: true
  when: ("kernel-default" in ansible_facts.packages or "kernel-default-base" in ansible_facts.packages)
  tags:
  - CCE-85708-6
  - DISA-STIG-SLES-15-040341
  - NIST-800-171-3.1.20
  - NIST-800-53-CM-6(a)
  - NIST-800-53-CM-6(b)
  - NIST-800-53-CM-6.1(iv)
  - NIST-800-53-CM-7(a)
  - NIST-800-53-CM-7(b)
  - disable_strategy
  - low_complexity
  - medium_disruption
  - medium_severity
  - reboot_required
  - sysctl_net_ipv6_conf_all_accept_redirects
</fix>
            <check system="http://open-scap.org/page/SCE">
              <check-import import-name="stdout">
                  </check-import>
              <check-export export-name="sysctl_net_ipv6_conf_all_accept_redirects_value" value-id="xccdf_org.ssgproject.content_value_sysctl_net_ipv6_conf_all_accept_redirects_value"/>
              <check-content-ref href="sle15/checks/sce/sysctl_net_ipv6_conf_all_accept_redirects.sh"/>
            </check>
            <check system="http://oval.mitre.org/XMLSchema/oval-definitions-5">
              <check-export export-name="oval:ssg-sysctl_net_ipv6_conf_all_accept_redirects_value:var:1" value-id="xccdf_org.ssgproject.content_value_sysctl_net_ipv6_conf_all_accept_redirects_value"/>
              <check-content-ref name="oval:ssg-sysctl_net_ipv6_conf_all_accept_redirects:def:1" href="ssg-sle15-oval.xml"/>
            </check>
            <check system="http://scap.nist.gov/schema/ocil/2">
              <check-content-ref name="ocil:ssg-sysctl_net_ipv6_conf_all_accept_redirects_ocil:questionnaire:1" href="ssg-sle15-ocil.xml"/>
            </check>
          </Rule>
          <Rule id="xccdf_org.ssgproject.content_rule_sysctl_net_ipv6_conf_all_accept_source_route" selected="false" role="full" severity="medium">
            <title xmlns:xhtml="http://www.w3.org/1999/xhtml" xml:lang="en-US">Disable Kernel Parameter for Accepting Source-Routed Packets on all IPv6 Interfaces</title>
            <description xmlns:xhtml="http://www.w3.org/1999/xhtml" xml:lang="en-US">To set the runtime status of the <html:code xmlns:html="http://www.w3.org/1999/xhtml">net.ipv6.conf.all.accept_source_route</html:code> kernel parameter, run the following command: <html:pre xmlns:html="http://www.w3.org/1999/xhtml">$ sudo sysctl -w net.ipv6.conf.all.accept_source_route=0</html:pre>
To make sure that the setting is persistent, add the following line to a file in the directory <html:code xmlns:html="http://www.w3.org/1999/xhtml">/etc/sysctl.d</html:code>: <html:pre xmlns:html="http://www.w3.org/1999/xhtml">net.ipv6.conf.all.accept_source_route = 0</html:pre>
        </description>
            <reference href="https://www.cisecurity.org/controls/">1</reference>
            <reference href="https://www.cisecurity.org/controls/">12</reference>
            <reference href="https://www.cisecurity.org/controls/">13</reference>
            <reference href="https://www.cisecurity.org/controls/">14</reference>
            <reference href="https://www.cisecurity.org/controls/">15</reference>
            <reference href="https://www.cisecurity.org/controls/">16</reference>
            <reference href="https://www.cisecurity.org/controls/">18</reference>
            <reference href="https://www.cisecurity.org/controls/">4</reference>
            <reference href="https://www.cisecurity.org/controls/">6</reference>
            <reference href="https://www.cisecurity.org/controls/">8</reference>
            <reference href="https://www.cisecurity.org/controls/">9</reference>
            <reference href="https://www.isaca.org/resources/cobit">APO01.06</reference>
            <reference href="https://www.isaca.org/resources/cobit">APO13.01</reference>
            <reference href="https://www.isaca.org/resources/cobit">DSS01.05</reference>
            <reference href="https://www.isaca.org/resources/cobit">DSS03.01</reference>
            <reference href="https://www.isaca.org/resources/cobit">DSS05.02</reference>
            <reference href="https://www.isaca.org/resources/cobit">DSS05.04</reference>
            <reference href="https://www.isaca.org/resources/cobit">DSS05.07</reference>
            <reference href="https://www.isaca.org/resources/cobit">DSS06.02</reference>
            <reference href="http://nvlpubs.nist.gov/nistpubs/SpecialPublications/NIST.SP.800-171.pdf">3.1.20</reference>
            <reference href="https://www.isa.org/products/isa-62443-2-1-2009-security-for-industrial-automat">4.2.3.4</reference>
            <reference href="https://www.isa.org/products/isa-62443-2-1-2009-security-for-industrial-automat">4.3.3.4</reference>
            <reference href="https://www.isa.org/products/isa-62443-2-1-2009-security-for-industrial-automat">4.4.3.3</reference>
            <reference href="https://www.isa.org/products/ansi-isa-62443-3-3-99-03-03-2013-security-for-indu">SR 3.1</reference>
            <reference href="https://www.isa.org/products/ansi-isa-62443-3-3-99-03-03-2013-security-for-indu">SR 3.5</reference>
            <reference href="https://www.isa.org/products/ansi-isa-62443-3-3-99-03-03-2013-security-for-indu">SR 3.8</reference>
            <reference href="https://www.isa.org/products/ansi-isa-62443-3-3-99-03-03-2013-security-for-indu">SR 4.1</reference>
            <reference href="https://www.isa.org/products/ansi-isa-62443-3-3-99-03-03-2013-security-for-indu">SR 4.3</reference>
            <reference href="https://www.isa.org/products/ansi-isa-62443-3-3-99-03-03-2013-security-for-indu">SR 5.1</reference>
            <reference href="https://www.isa.org/products/ansi-isa-62443-3-3-99-03-03-2013-security-for-indu">SR 5.2</reference>
            <reference href="https://www.isa.org/products/ansi-isa-62443-3-3-99-03-03-2013-security-for-indu">SR 5.3</reference>
            <reference href="https://www.isa.org/products/ansi-isa-62443-3-3-99-03-03-2013-security-for-indu">SR 7.1</reference>
            <reference href="https://www.isa.org/products/ansi-isa-62443-3-3-99-03-03-2013-security-for-indu">SR 7.6</reference>
            <reference href="https://www.iso.org/contents/data/standard/05/45/54534.html">A.10.1.1</reference>
            <reference href="https://www.iso.org/contents/data/standard/05/45/54534.html">A.11.1.4</reference>
            <reference href="https://www.iso.org/contents/data/standard/05/45/54534.html">A.11.1.5</reference>
            <reference href="https://www.iso.org/contents/data/standard/05/45/54534.html">A.11.2.1</reference>
            <reference href="https://www.iso.org/contents/data/standard/05/45/54534.html">A.12.1.1</reference>
            <reference href="https://www.iso.org/contents/data/standard/05/45/54534.html">A.12.1.2</reference>
            <reference href="https://www.iso.org/contents/data/standard/05/45/54534.html">A.13.1.1</reference>
            <reference href="https://www.iso.org/contents/data/standard/05/45/54534.html">A.13.1.2</reference>
            <reference href="https://www.iso.org/contents/data/standard/05/45/54534.html">A.13.1.3</reference>
            <reference href="https://www.iso.org/contents/data/standard/05/45/54534.html">A.13.2.1</reference>
            <reference href="https://www.iso.org/contents/data/standard/05/45/54534.html">A.13.2.2</reference>
            <reference href="https://www.iso.org/contents/data/standard/05/45/54534.html">A.13.2.3</reference>
            <reference href="https://www.iso.org/contents/data/standard/05/45/54534.html">A.13.2.4</reference>
            <reference href="https://www.iso.org/contents/data/standard/05/45/54534.html">A.14.1.2</reference>
            <reference href="https://www.iso.org/contents/data/standard/05/45/54534.html">A.14.1.3</reference>
            <reference href="https://www.iso.org/contents/data/standard/05/45/54534.html">A.6.1.2</reference>
            <reference href="https://www.iso.org/contents/data/standard/05/45/54534.html">A.7.1.1</reference>
            <reference href="https://www.iso.org/contents/data/standard/05/45/54534.html">A.7.1.2</reference>
            <reference href="https://www.iso.org/contents/data/standard/05/45/54534.html">A.7.3.1</reference>
            <reference href="https://www.iso.org/contents/data/standard/05/45/54534.html">A.8.2.2</reference>
            <reference href="https://www.iso.org/contents/data/standard/05/45/54534.html">A.8.2.3</reference>
            <reference href="https://www.iso.org/contents/data/standard/05/45/54534.html">A.9.1.1</reference>
            <reference href="https://www.iso.org/contents/data/standard/05/45/54534.html">A.9.1.2</reference>
            <reference href="https://www.iso.org/contents/data/standard/05/45/54534.html">A.9.2.3</reference>
            <reference href="https://www.iso.org/contents/data/standard/05/45/54534.html">A.9.4.1</reference>
            <reference href="https://www.iso.org/contents/data/standard/05/45/54534.html">A.9.4.4</reference>
            <reference href="https://www.iso.org/contents/data/standard/05/45/54534.html">A.9.4.5</reference>
            <reference href="http://nvlpubs.nist.gov/nistpubs/SpecialPublications/NIST.SP.800-53r4.pdf">CM-7(a)</reference>
            <reference href="http://nvlpubs.nist.gov/nistpubs/SpecialPublications/NIST.SP.800-53r4.pdf">CM-7(b)</reference>
            <reference href="http://nvlpubs.nist.gov/nistpubs/SpecialPublications/NIST.SP.800-53r4.pdf">CM-6(a)</reference>
            <reference href="https://nvlpubs.nist.gov/nistpubs/CSWP/NIST.CSWP.04162018.pdf">DE.AE-1</reference>
            <reference href="https://nvlpubs.nist.gov/nistpubs/CSWP/NIST.CSWP.04162018.pdf">ID.AM-3</reference>
            <reference href="https://nvlpubs.nist.gov/nistpubs/CSWP/NIST.CSWP.04162018.pdf">PR.AC-5</reference>
            <reference href="https://nvlpubs.nist.gov/nistpubs/CSWP/NIST.CSWP.04162018.pdf">PR.DS-5</reference>
            <reference href="https://nvlpubs.nist.gov/nistpubs/CSWP/NIST.CSWP.04162018.pdf">PR.PT-4</reference>
            <reference href="https://www.cyber.mil/stigs/downloads/?_dl_facet_stigs=operating-systems%2Cgeneral-purpose-os">SRG-OS-000480-GPOS-00227</reference>
            <reference href="https://www.cyber.mil/stigs/downloads/?_dl_facet_stigs=operating-systems%2Cunix-linux">SLES-15-040310</reference>
            <reference href="https://www.cisecurity.org/benchmark/suse_linux/">3.3.1</reference>
            <reference href="https://cyber.gouv.fr/sites/default/files/document/linux_configuration-en-v2.pdf">R13</reference>
            <reference href="not_publicly_available">SLES-15-450450120</reference>
            <reference href="https://www.cyber.mil/stigs/srg-stig-tools/">SV-235015r991589_rule</reference>
            <rationale xmlns:xhtml="http://www.w3.org/1999/xhtml" xml:lang="en-US">Source-routed packets allow the source of the packet to suggest routers
forward the packet along a different path than configured on the router, which can
be used to bypass network security measures. This requirement applies only to the
forwarding of source-routerd traffic, such as when IPv6 forwarding is enabled and
the system is functioning as a router.
<html:br xmlns:html="http://www.w3.org/1999/xhtml"/>
         <html:br xmlns:html="http://www.w3.org/1999/xhtml"/>
Accepting source-routed packets in the IPv6 protocol has few legitimate
uses. It should be disabled unless it is absolutely required.</rationale>
            <platform idref="#system_with_kernel"/>
            <ident system="https://ncp.nist.gov/cce">CCE-85649-2</ident>
            <fix xmlns:xhtml="http://www.w3.org/1999/xhtml" id="sysctl_net_ipv6_conf_all_accept_source_route" system="urn:xccdf:fix:script:sh" reboot="true" complexity="low" disruption="medium" strategy="disable"># Remediation is applicable only in certain platforms
if rpm --quiet -q kernel-default || rpm --quiet -q kernel-default-base; then

# Comment out any occurrences of net.ipv6.conf.all.accept_source_route from /etc/sysctl.d/*.conf files

for f in /etc/sysctl.d/*.conf /run/sysctl.d/*.conf /usr/local/lib/sysctl.d/*.conf /lib/sysctl.d/*.conf; do


  # skip systemd-sysctl symlink (/etc/sysctl.d/99-sysctl.conf -&gt; /etc/sysctl.conf)
  if [[ "$(readlink -f "$f")" == "/etc/sysctl.conf" ]]; then continue; fi

  matching_list=$(grep -P '^(?!#).*[\s]*net.ipv6.conf.all.accept_source_route.*$' $f | uniq )
  if ! test -z "$matching_list"; then
    while IFS= read -r entry; do
      escaped_entry=$(sed -e 's|/|\\/|g' &lt;&lt;&lt; "$entry")
      # comment out "net.ipv6.conf.all.accept_source_route" matches to preserve user data
      sed -i --follow-symlinks "s/^${escaped_entry}$/# &amp;/g" $f
    done &lt;&lt;&lt; "$matching_list"
  fi
done

#
# Set sysctl config file which to save the desired value
#

SYSCONFIG_FILE='/etc/sysctl.d/net_ipv6_conf_all_accept_source_route.conf'

sysctl_net_ipv6_conf_all_accept_source_route_value='<xccdf-1.2:sub xmlns:xccdf-1.2="http://checklists.nist.gov/xccdf/1.2" idref="xccdf_org.ssgproject.content_value_sysctl_net_ipv6_conf_all_accept_source_route_value" use="legacy"/>'


#
# Set runtime for net.ipv6.conf.all.accept_source_route
#
if ! { rpm --quiet -q kernel rpm-ostree bootc &amp;&amp; ! rpm --quiet -q openshift-kubelet &amp;&amp; { [ -f "/run/.containerenv" ] || [ -f "/.containerenv" ]; }; } ; then
    /sbin/sysctl -q -n -w net.ipv6.conf.all.accept_source_route="$sysctl_net_ipv6_conf_all_accept_source_route_value"
fi

#
# If net.ipv6.conf.all.accept_source_route present in /etc/sysctl.conf, change value to appropriate value
#	else, add "net.ipv6.conf.all.accept_source_route = value" to /etc/sysctl.conf
#

sed -i "/^$SYSCONFIG_VAR/d" /etc/sysctl.conf

# Strip any search characters in the key arg so that the key can be replaced without
# adding any search characters to the config file.
stripped_key=$(sed 's/[\^=\$,;+]*//g' &lt;&lt;&lt; "^net.ipv6.conf.all.accept_source_route")

# shellcheck disable=SC2059
printf -v formatted_output "%s = %s" "$stripped_key" "$sysctl_net_ipv6_conf_all_accept_source_route_value"

# If the key exists, change it. Otherwise, add it to the config_file.
# We search for the key string followed by a word boundary (matched by \&gt;),
# so if we search for 'setting', 'setting2' won't match.
if LC_ALL=C grep -q -m 1 -i -e "^net.ipv6.conf.all.accept_source_route\\&gt;" "${SYSCONFIG_FILE}"; then
    escaped_formatted_output=$(sed -e 's|/|\\/|g' &lt;&lt;&lt; "$formatted_output")
    LC_ALL=C sed -i --follow-symlinks "s/^net.ipv6.conf.all.accept_source_route\\&gt;.*/$escaped_formatted_output/gi" "${SYSCONFIG_FILE}"
else
    if [[ -s "${SYSCONFIG_FILE}" ]] &amp;&amp; [[ -n "$(tail -c 1 -- "${SYSCONFIG_FILE}" || true)" ]]; then
        LC_ALL=C sed -i --follow-symlinks '$a'\\ "${SYSCONFIG_FILE}"
    fi
    cce="CCE-85649-2"
    printf '# Per %s: Set %s in %s\n' "${cce}" "${formatted_output}" "${SYSCONFIG_FILE}" &gt;&gt; "${SYSCONFIG_FILE}"
    printf '%s\n' "$formatted_output" &gt;&gt; "${SYSCONFIG_FILE}"
fi

else
    &gt;&amp;2 echo 'Remediation is not applicable, nothing was done'
fi
</fix>
            <fix xmlns:xhtml="http://www.w3.org/1999/xhtml" id="sysctl_net_ipv6_conf_all_accept_source_route" system="urn:xccdf:fix:script:ansible" reboot="true" complexity="low" disruption="medium" strategy="disable">- name: Gather the package facts
  package_facts:
    manager: auto
  tags:
  - CCE-85649-2
  - DISA-STIG-SLES-15-040310
  - NIST-800-171-3.1.20
  - NIST-800-53-CM-6(a)
  - NIST-800-53-CM-7(a)
  - NIST-800-53-CM-7(b)
  - disable_strategy
  - low_complexity
  - medium_disruption
  - medium_severity
  - reboot_required
  - sysctl_net_ipv6_conf_all_accept_source_route
- name: XCCDF Value sysctl_net_ipv6_conf_all_accept_source_route_value # promote to variable
  set_fact:
    sysctl_net_ipv6_conf_all_accept_source_route_value: !!str <xccdf-1.2:sub xmlns:xccdf-1.2="http://checklists.nist.gov/xccdf/1.2" idref="xccdf_org.ssgproject.content_value_sysctl_net_ipv6_conf_all_accept_source_route_value" use="legacy"/>
  tags:
    - always

- name: Disable Kernel Parameter for Accepting Source-Routed Packets on all IPv6 Interfaces
    - Set fact for sysctl paths
  ansible.builtin.set_fact:
    sysctl_paths:
    - /run/sysctl.d/
    - /etc/sysctl.d/
    - /usr/local/lib/sysctl.d/
    - /lib/sysctl.d/
  when: ("kernel-default" in ansible_facts.packages or "kernel-default-base" in ansible_facts.packages)
  tags:
  - CCE-85649-2
  - DISA-STIG-SLES-15-040310
  - NIST-800-171-3.1.20
  - NIST-800-53-CM-6(a)
  - NIST-800-53-CM-7(a)
  - NIST-800-53-CM-7(b)
  - disable_strategy
  - low_complexity
  - medium_disruption
  - medium_severity
  - reboot_required
  - sysctl_net_ipv6_conf_all_accept_source_route

- name: Disable Kernel Parameter for Accepting Source-Routed Packets on all IPv6 Interfaces
    - Find all files that contain net.ipv6.conf.all.accept_source_route
  ansible.builtin.shell:
    cmd: find -L {{ sysctl_paths | join(" ") }} -type f -name '*.conf' | xargs grep
      -HP '^\s*net.ipv6.conf.all.accept_source_route\s*=\s*.*$'
  register: find_all_values
  check_mode: false
  changed_when: false
  failed_when: false
  when: ("kernel-default" in ansible_facts.packages or "kernel-default-base" in ansible_facts.packages)
  tags:
  - CCE-85649-2
  - DISA-STIG-SLES-15-040310
  - NIST-800-171-3.1.20
  - NIST-800-53-CM-6(a)
  - NIST-800-53-CM-7(a)
  - NIST-800-53-CM-7(b)
  - disable_strategy
  - low_complexity
  - medium_disruption
  - medium_severity
  - reboot_required
  - sysctl_net_ipv6_conf_all_accept_source_route

- name: Disable Kernel Parameter for Accepting Source-Routed Packets on all IPv6 Interfaces
    - Find all files that set net.ipv6.conf.all.accept_source_route to correct value
  ansible.builtin.shell:
    cmd: find -L {{ sysctl_paths | join(" ") }} -type f -name '*.conf' | xargs grep
      -HP '^\s*net.ipv6.conf.all.accept_source_route\s*=\s*{{ sysctl_net_ipv6_conf_all_accept_source_route_value
      }}$'
  register: find_correct_value
  check_mode: false
  changed_when: false
  failed_when: false
  when: ("kernel-default" in ansible_facts.packages or "kernel-default-base" in ansible_facts.packages)
  tags:
  - CCE-85649-2
  - DISA-STIG-SLES-15-040310
  - NIST-800-171-3.1.20
  - NIST-800-53-CM-6(a)
  - NIST-800-53-CM-7(a)
  - NIST-800-53-CM-7(b)
  - disable_strategy
  - low_complexity
  - medium_disruption
  - medium_severity
  - reboot_required
  - sysctl_net_ipv6_conf_all_accept_source_route

- name: Disable Kernel Parameter for Accepting Source-Routed Packets on all IPv6 Interfaces
    - Comment out any occurrences of net.ipv6.conf.all.accept_source_route from config
    files
  ansible.builtin.replace:
    path: '{{ item | split(":") | first }}'
    regexp: ^[\s]*net.ipv6.conf.all.accept_source_route
    replace: '#net.ipv6.conf.all.accept_source_route'
  loop: '{{ find_all_values.stdout_lines }}'
  when:
  - ("kernel-default" in ansible_facts.packages or "kernel-default-base" in ansible_facts.packages)
  - find_correct_value.stdout_lines | length == 0 or find_all_values.stdout_lines
    | length &gt; find_correct_value.stdout_lines | length
  tags:
  - CCE-85649-2
  - DISA-STIG-SLES-15-040310
  - NIST-800-171-3.1.20
  - NIST-800-53-CM-6(a)
  - NIST-800-53-CM-7(a)
  - NIST-800-53-CM-7(b)
  - disable_strategy
  - low_complexity
  - medium_disruption
  - medium_severity
  - reboot_required
  - sysctl_net_ipv6_conf_all_accept_source_route

- name: Disable Kernel Parameter for Accepting Source-Routed Packets on all IPv6 Interfaces
    - Comment out any occurrences of net.ipv6.conf.all.accept_source_route from /etc/sysctl.conf
  ansible.builtin.replace:
    path: /etc/sysctl.conf
    regexp: ^[\s]*net.ipv6.conf.all.accept_source_route
    replace: '#net.ipv6.conf.all.accept_source_route'
  when: ("kernel-default" in ansible_facts.packages or "kernel-default-base" in ansible_facts.packages)
  tags:
  - CCE-85649-2
  - DISA-STIG-SLES-15-040310
  - NIST-800-171-3.1.20
  - NIST-800-53-CM-6(a)
  - NIST-800-53-CM-7(a)
  - NIST-800-53-CM-7(b)
  - disable_strategy
  - low_complexity
  - medium_disruption
  - medium_severity
  - reboot_required
  - sysctl_net_ipv6_conf_all_accept_source_route

- name: Disable Kernel Parameter for Accepting Source-Routed Packets on all IPv6 Interfaces
    - Ensure sysctl net.ipv6.conf.all.accept_source_route is set
  ansible.posix.sysctl:
    name: net.ipv6.conf.all.accept_source_route
    value: '{{ sysctl_net_ipv6_conf_all_accept_source_route_value }}'
    sysctl_file: /etc/sysctl.d/net_ipv6_conf_all_accept_source_route.conf
    state: present
    reload: true
  when: ("kernel-default" in ansible_facts.packages or "kernel-default-base" in ansible_facts.packages)
  tags:
  - CCE-85649-2
  - DISA-STIG-SLES-15-040310
  - NIST-800-171-3.1.20
  - NIST-800-53-CM-6(a)
  - NIST-800-53-CM-7(a)
  - NIST-800-53-CM-7(b)
  - disable_strategy
  - low_complexity
  - medium_disruption
  - medium_severity
  - reboot_required
  - sysctl_net_ipv6_conf_all_accept_source_route
</fix>
            <check system="http://open-scap.org/page/SCE">
              <check-import import-name="stdout">
                  </check-import>
              <check-export export-name="sysctl_net_ipv6_conf_all_accept_source_route_value" value-id="xccdf_org.ssgproject.content_value_sysctl_net_ipv6_conf_all_accept_source_route_value"/>
              <check-content-ref href="sle15/checks/sce/sysctl_net_ipv6_conf_all_accept_source_route.sh"/>
            </check>
            <check system="http://oval.mitre.org/XMLSchema/oval-definitions-5">
              <check-export export-name="oval:ssg-sysctl_net_ipv6_conf_all_accept_source_route_value:var:1" value-id="xccdf_org.ssgproject.content_value_sysctl_net_ipv6_conf_all_accept_source_route_value"/>
              <check-content-ref name="oval:ssg-sysctl_net_ipv6_conf_all_accept_source_route:def:1" href="ssg-sle15-oval.xml"/>
            </check>
            <check system="http://scap.nist.gov/schema/ocil/2">
              <check-content-ref name="ocil:ssg-sysctl_net_ipv6_conf_all_accept_source_route_ocil:questionnaire:1" href="ssg-sle15-ocil.xml"/>
            </check>
          </Rule>
          <Rule id="xccdf_org.ssgproject.content_rule_sysctl_net_ipv6_conf_all_forwarding" selected="false" role="full" severity="medium">
            <title xmlns:xhtml="http://www.w3.org/1999/xhtml" xml:lang="en-US">Disable Kernel Parameter for IPv6 Forwarding</title>
            <description xmlns:xhtml="http://www.w3.org/1999/xhtml" xml:lang="en-US">To set the runtime status of the <html:code xmlns:html="http://www.w3.org/1999/xhtml">net.ipv6.conf.all.forwarding</html:code> kernel parameter, run the following command: <html:pre xmlns:html="http://www.w3.org/1999/xhtml">$ sudo sysctl -w net.ipv6.conf.all.forwarding=0</html:pre>
To make sure that the setting is persistent, add the following line to a file in the directory <html:code xmlns:html="http://www.w3.org/1999/xhtml">/etc/sysctl.d</html:code>: <html:pre xmlns:html="http://www.w3.org/1999/xhtml">net.ipv6.conf.all.forwarding = 0</html:pre>
        </description>
            <reference href="https://www.cisecurity.org/controls/">1</reference>
            <reference href="https://www.cisecurity.org/controls/">11</reference>
            <reference href="https://www.cisecurity.org/controls/">12</reference>
            <reference href="https://www.cisecurity.org/controls/">13</reference>
            <reference href="https://www.cisecurity.org/controls/">14</reference>
            <reference href="https://www.cisecurity.org/controls/">15</reference>
            <reference href="https://www.cisecurity.org/controls/">16</reference>
            <reference href="https://www.cisecurity.org/controls/">2</reference>
            <reference href="https://www.cisecurity.org/controls/">3</reference>
            <reference href="https://www.cisecurity.org/controls/">7</reference>
            <reference href="https://www.cisecurity.org/controls/">8</reference>
            <reference href="https://www.cisecurity.org/controls/">9</reference>
            <reference href="https://www.isaca.org/resources/cobit">APO13.01</reference>
            <reference href="https://www.isaca.org/resources/cobit">BAI04.04</reference>
            <reference href="https://www.isaca.org/resources/cobit">BAI10.01</reference>
            <reference href="https://www.isaca.org/resources/cobit">BAI10.02</reference>
            <reference href="https://www.isaca.org/resources/cobit">BAI10.03</reference>
            <reference href="https://www.isaca.org/resources/cobit">BAI10.05</reference>
            <reference href="https://www.isaca.org/resources/cobit">DSS01.03</reference>
            <reference href="https://www.isaca.org/resources/cobit">DSS03.05</reference>
            <reference href="https://www.isaca.org/resources/cobit">DSS05.02</reference>
            <reference href="https://www.isaca.org/resources/cobit">DSS05.05</reference>
            <reference href="https://www.isaca.org/resources/cobit">DSS05.07</reference>
            <reference href="https://www.isaca.org/resources/cobit">DSS06.06</reference>
            <reference href="https://www.isa.org/products/isa-62443-2-1-2009-security-for-industrial-automat">4.3.3.5.1</reference>
            <reference href="https://www.isa.org/products/isa-62443-2-1-2009-security-for-industrial-automat">4.3.3.5.2</reference>
            <reference href="https://www.isa.org/products/isa-62443-2-1-2009-security-for-industrial-automat">4.3.3.5.3</reference>
            <reference href="https://www.isa.org/products/isa-62443-2-1-2009-security-for-industrial-automat">4.3.3.5.4</reference>
            <reference href="https://www.isa.org/products/isa-62443-2-1-2009-security-for-industrial-automat">4.3.3.5.5</reference>
            <reference href="https://www.isa.org/products/isa-62443-2-1-2009-security-for-industrial-automat">4.3.3.5.6</reference>
            <reference href="https://www.isa.org/products/isa-62443-2-1-2009-security-for-industrial-automat">4.3.3.5.7</reference>
            <reference href="https://www.isa.org/products/isa-62443-2-1-2009-security-for-industrial-automat">4.3.3.5.8</reference>
            <reference href="https://www.isa.org/products/isa-62443-2-1-2009-security-for-industrial-automat">4.3.3.6.1</reference>
            <reference href="https://www.isa.org/products/isa-62443-2-1-2009-security-for-industrial-automat">4.3.3.6.2</reference>
            <reference href="https://www.isa.org/products/isa-62443-2-1-2009-security-for-industrial-automat">4.3.3.6.3</reference>
            <reference href="https://www.isa.org/products/isa-62443-2-1-2009-security-for-industrial-automat">4.3.3.6.4</reference>
            <reference href="https://www.isa.org/products/isa-62443-2-1-2009-security-for-industrial-automat">4.3.3.6.5</reference>
            <reference href="https://www.isa.org/products/isa-62443-2-1-2009-security-for-industrial-automat">4.3.3.6.6</reference>
            <reference href="https://www.isa.org/products/isa-62443-2-1-2009-security-for-industrial-automat">4.3.3.6.7</reference>
            <reference href="https://www.isa.org/products/isa-62443-2-1-2009-security-for-industrial-automat">4.3.3.6.8</reference>
            <reference href="https://www.isa.org/products/isa-62443-2-1-2009-security-for-industrial-automat">4.3.3.6.9</reference>
            <reference href="https://www.isa.org/products/isa-62443-2-1-2009-security-for-industrial-automat">4.3.3.7.1</reference>
            <reference href="https://www.isa.org/products/isa-62443-2-1-2009-security-for-industrial-automat">4.3.3.7.2</reference>
            <reference href="https://www.isa.org/products/isa-62443-2-1-2009-security-for-industrial-automat">4.3.3.7.3</reference>
            <reference href="https://www.isa.org/products/isa-62443-2-1-2009-security-for-industrial-automat">4.3.3.7.4</reference>
            <reference href="https://www.isa.org/products/isa-62443-2-1-2009-security-for-industrial-automat">4.3.4.3.2</reference>
            <reference href="https://www.isa.org/products/isa-62443-2-1-2009-security-for-industrial-automat">4.3.4.3.3</reference>
            <reference href="https://www.isa.org/products/ansi-isa-62443-3-3-99-03-03-2013-security-for-indu">SR 1.1</reference>
            <reference href="https://www.isa.org/products/ansi-isa-62443-3-3-99-03-03-2013-security-for-indu">SR 1.10</reference>
            <reference href="https://www.isa.org/products/ansi-isa-62443-3-3-99-03-03-2013-security-for-indu">SR 1.11</reference>
            <reference href="https://www.isa.org/products/ansi-isa-62443-3-3-99-03-03-2013-security-for-indu">SR 1.12</reference>
            <reference href="https://www.isa.org/products/ansi-isa-62443-3-3-99-03-03-2013-security-for-indu">SR 1.13</reference>
            <reference href="https://www.isa.org/products/ansi-isa-62443-3-3-99-03-03-2013-security-for-indu">SR 1.2</reference>
            <reference href="https://www.isa.org/products/ansi-isa-62443-3-3-99-03-03-2013-security-for-indu">SR 1.3</reference>
            <reference href="https://www.isa.org/products/ansi-isa-62443-3-3-99-03-03-2013-security-for-indu">SR 1.4</reference>
            <reference href="https://www.isa.org/products/ansi-isa-62443-3-3-99-03-03-2013-security-for-indu">SR 1.5</reference>
            <reference href="https://www.isa.org/products/ansi-isa-62443-3-3-99-03-03-2013-security-for-indu">SR 1.6</reference>
            <reference href="https://www.isa.org/products/ansi-isa-62443-3-3-99-03-03-2013-security-for-indu">SR 1.7</reference>
            <reference href="https://www.isa.org/products/ansi-isa-62443-3-3-99-03-03-2013-security-for-indu">SR 1.8</reference>
            <reference href="https://www.isa.org/products/ansi-isa-62443-3-3-99-03-03-2013-security-for-indu">SR 1.9</reference>
            <reference href="https://www.isa.org/products/ansi-isa-62443-3-3-99-03-03-2013-security-for-indu">SR 2.1</reference>
            <reference href="https://www.isa.org/products/ansi-isa-62443-3-3-99-03-03-2013-security-for-indu">SR 2.2</reference>
            <reference href="https://www.isa.org/products/ansi-isa-62443-3-3-99-03-03-2013-security-for-indu">SR 2.3</reference>
            <reference href="https://www.isa.org/products/ansi-isa-62443-3-3-99-03-03-2013-security-for-indu">SR 2.4</reference>
            <reference href="https://www.isa.org/products/ansi-isa-62443-3-3-99-03-03-2013-security-for-indu">SR 2.5</reference>
            <reference href="https://www.isa.org/products/ansi-isa-62443-3-3-99-03-03-2013-security-for-indu">SR 2.6</reference>
            <reference href="https://www.isa.org/products/ansi-isa-62443-3-3-99-03-03-2013-security-for-indu">SR 2.7</reference>
            <reference href="https://www.isa.org/products/ansi-isa-62443-3-3-99-03-03-2013-security-for-indu">SR 6.2</reference>
            <reference href="https://www.isa.org/products/ansi-isa-62443-3-3-99-03-03-2013-security-for-indu">SR 7.1</reference>
            <reference href="https://www.isa.org/products/ansi-isa-62443-3-3-99-03-03-2013-security-for-indu">SR 7.2</reference>
            <reference href="https://www.isa.org/products/ansi-isa-62443-3-3-99-03-03-2013-security-for-indu">SR 7.6</reference>
            <reference href="https://www.iso.org/contents/data/standard/05/45/54534.html">A.12.1.2</reference>
            <reference href="https://www.iso.org/contents/data/standard/05/45/54534.html">A.12.1.3</reference>
            <reference href="https://www.iso.org/contents/data/standard/05/45/54534.html">A.12.5.1</reference>
            <reference href="https://www.iso.org/contents/data/standard/05/45/54534.html">A.12.6.2</reference>
            <reference href="https://www.iso.org/contents/data/standard/05/45/54534.html">A.14.2.2</reference>
            <reference href="https://www.iso.org/contents/data/standard/05/45/54534.html">A.14.2.3</reference>
            <reference href="https://www.iso.org/contents/data/standard/05/45/54534.html">A.14.2.4</reference>
            <reference href="https://www.iso.org/contents/data/standard/05/45/54534.html">A.17.2.1</reference>
            <reference href="https://www.iso.org/contents/data/standard/05/45/54534.html">A.9.1.2</reference>
            <reference href="http://nvlpubs.nist.gov/nistpubs/SpecialPublications/NIST.SP.800-53r4.pdf">CM-7(a)</reference>
            <reference href="http://nvlpubs.nist.gov/nistpubs/SpecialPublications/NIST.SP.800-53r4.pdf">CM-7(b)</reference>
            <reference href="http://nvlpubs.nist.gov/nistpubs/SpecialPublications/NIST.SP.800-53r4.pdf">CM-6(a)</reference>
            <reference href="http://nvlpubs.nist.gov/nistpubs/SpecialPublications/NIST.SP.800-53r4.pdf">CM-6(b)</reference>
            <reference href="http://nvlpubs.nist.gov/nistpubs/SpecialPublications/NIST.SP.800-53r4.pdf">CM-6.1(iv)</reference>
            <reference href="https://nvlpubs.nist.gov/nistpubs/CSWP/NIST.CSWP.04162018.pdf">DE.CM-1</reference>
            <reference href="https://nvlpubs.nist.gov/nistpubs/CSWP/NIST.CSWP.04162018.pdf">PR.DS-4</reference>
            <reference href="https://nvlpubs.nist.gov/nistpubs/CSWP/NIST.CSWP.04162018.pdf">PR.IP-1</reference>
            <reference href="https://nvlpubs.nist.gov/nistpubs/CSWP/NIST.CSWP.04162018.pdf">PR.PT-3</reference>
            <reference href="https://www.cyber.mil/stigs/downloads/?_dl_facet_stigs=operating-systems%2Cgeneral-purpose-os">SRG-OS-000480-GPOS-00227</reference>
            <reference href="https://www.cyber.mil/stigs/downloads/?_dl_facet_stigs=operating-systems%2Cunix-linux">SLES-15-040381</reference>
            <reference href="https://www.cisecurity.org/benchmark/suse_linux/">3.2.1</reference>
            <reference href="not_publicly_available">SLES-15-450450015</reference>
            <reference href="https://www.cyber.mil/stigs/srg-stig-tools/">SV-235025r991589_rule</reference>
            <rationale xmlns:xhtml="http://www.w3.org/1999/xhtml" xml:lang="en-US">IP forwarding permits the kernel to forward packets from one network
interface to another. The ability to forward packets between two networks is
only appropriate for systems acting as routers.</rationale>
            <platform idref="#system_with_kernel"/>
            <ident system="https://ncp.nist.gov/cce">CCE-85713-6</ident>
            <fix xmlns:xhtml="http://www.w3.org/1999/xhtml" id="sysctl_net_ipv6_conf_all_forwarding" system="urn:xccdf:fix:script:sh" reboot="true" complexity="low" disruption="medium" strategy="disable"># Remediation is applicable only in certain platforms
if rpm --quiet -q kernel-default || rpm --quiet -q kernel-default-base; then

# Comment out any occurrences of net.ipv6.conf.all.forwarding from /etc/sysctl.d/*.conf files

for f in /etc/sysctl.d/*.conf /run/sysctl.d/*.conf /usr/local/lib/sysctl.d/*.conf /lib/sysctl.d/*.conf; do


  # skip systemd-sysctl symlink (/etc/sysctl.d/99-sysctl.conf -&gt; /etc/sysctl.conf)
  if [[ "$(readlink -f "$f")" == "/etc/sysctl.conf" ]]; then continue; fi

  matching_list=$(grep -P '^(?!#).*[\s]*net.ipv6.conf.all.forwarding.*$' $f | uniq )
  if ! test -z "$matching_list"; then
    while IFS= read -r entry; do
      escaped_entry=$(sed -e 's|/|\\/|g' &lt;&lt;&lt; "$entry")
      # comment out "net.ipv6.conf.all.forwarding" matches to preserve user data
      sed -i --follow-symlinks "s/^${escaped_entry}$/# &amp;/g" $f
    done &lt;&lt;&lt; "$matching_list"
  fi
done

#
# Set sysctl config file which to save the desired value
#

SYSCONFIG_FILE='/etc/sysctl.d/net_ipv6_conf_all_forwarding.conf'

sysctl_net_ipv6_conf_all_forwarding_value='<xccdf-1.2:sub xmlns:xccdf-1.2="http://checklists.nist.gov/xccdf/1.2" idref="xccdf_org.ssgproject.content_value_sysctl_net_ipv6_conf_all_forwarding_value" use="legacy"/>'


#
# Set runtime for net.ipv6.conf.all.forwarding
#
if ! { rpm --quiet -q kernel rpm-ostree bootc &amp;&amp; ! rpm --quiet -q openshift-kubelet &amp;&amp; { [ -f "/run/.containerenv" ] || [ -f "/.containerenv" ]; }; } ; then
    /sbin/sysctl -q -n -w net.ipv6.conf.all.forwarding="$sysctl_net_ipv6_conf_all_forwarding_value"
fi

#
# If net.ipv6.conf.all.forwarding present in /etc/sysctl.conf, change value to appropriate value
#	else, add "net.ipv6.conf.all.forwarding = value" to /etc/sysctl.conf
#

sed -i "/^$SYSCONFIG_VAR/d" /etc/sysctl.conf

# Strip any search characters in the key arg so that the key can be replaced without
# adding any search characters to the config file.
stripped_key=$(sed 's/[\^=\$,;+]*//g' &lt;&lt;&lt; "^net.ipv6.conf.all.forwarding")

# shellcheck disable=SC2059
printf -v formatted_output "%s = %s" "$stripped_key" "$sysctl_net_ipv6_conf_all_forwarding_value"

# If the key exists, change it. Otherwise, add it to the config_file.
# We search for the key string followed by a word boundary (matched by \&gt;),
# so if we search for 'setting', 'setting2' won't match.
if LC_ALL=C grep -q -m 1 -i -e "^net.ipv6.conf.all.forwarding\\&gt;" "${SYSCONFIG_FILE}"; then
    escaped_formatted_output=$(sed -e 's|/|\\/|g' &lt;&lt;&lt; "$formatted_output")
    LC_ALL=C sed -i --follow-symlinks "s/^net.ipv6.conf.all.forwarding\\&gt;.*/$escaped_formatted_output/gi" "${SYSCONFIG_FILE}"
else
    if [[ -s "${SYSCONFIG_FILE}" ]] &amp;&amp; [[ -n "$(tail -c 1 -- "${SYSCONFIG_FILE}" || true)" ]]; then
        LC_ALL=C sed -i --follow-symlinks '$a'\\ "${SYSCONFIG_FILE}"
    fi
    cce="CCE-85713-6"
    printf '# Per %s: Set %s in %s\n' "${cce}" "${formatted_output}" "${SYSCONFIG_FILE}" &gt;&gt; "${SYSCONFIG_FILE}"
    printf '%s\n' "$formatted_output" &gt;&gt; "${SYSCONFIG_FILE}"
fi

else
    &gt;&amp;2 echo 'Remediation is not applicable, nothing was done'
fi
</fix>
            <fix xmlns:xhtml="http://www.w3.org/1999/xhtml" id="sysctl_net_ipv6_conf_all_forwarding" system="urn:xccdf:fix:script:ansible" reboot="true" complexity="low" disruption="medium" strategy="disable">- name: Gather the package facts
  package_facts:
    manager: auto
  tags:
  - CCE-85713-6
  - DISA-STIG-SLES-15-040381
  - NIST-800-53-CM-6(a)
  - NIST-800-53-CM-6(b)
  - NIST-800-53-CM-6.1(iv)
  - NIST-800-53-CM-7(a)
  - NIST-800-53-CM-7(b)
  - disable_strategy
  - low_complexity
  - medium_disruption
  - medium_severity
  - reboot_required
  - sysctl_net_ipv6_conf_all_forwarding
- name: XCCDF Value sysctl_net_ipv6_conf_all_forwarding_value # promote to variable
  set_fact:
    sysctl_net_ipv6_conf_all_forwarding_value: !!str <xccdf-1.2:sub xmlns:xccdf-1.2="http://checklists.nist.gov/xccdf/1.2" idref="xccdf_org.ssgproject.content_value_sysctl_net_ipv6_conf_all_forwarding_value" use="legacy"/>
  tags:
    - always

- name: Disable Kernel Parameter for IPv6 Forwarding - Set fact for sysctl paths
  ansible.builtin.set_fact:
    sysctl_paths:
    - /run/sysctl.d/
    - /etc/sysctl.d/
    - /usr/local/lib/sysctl.d/
    - /lib/sysctl.d/
  when: ("kernel-default" in ansible_facts.packages or "kernel-default-base" in ansible_facts.packages)
  tags:
  - CCE-85713-6
  - DISA-STIG-SLES-15-040381
  - NIST-800-53-CM-6(a)
  - NIST-800-53-CM-6(b)
  - NIST-800-53-CM-6.1(iv)
  - NIST-800-53-CM-7(a)
  - NIST-800-53-CM-7(b)
  - disable_strategy
  - low_complexity
  - medium_disruption
  - medium_severity
  - reboot_required
  - sysctl_net_ipv6_conf_all_forwarding

- name: Disable Kernel Parameter for IPv6 Forwarding - Find all files that contain
    net.ipv6.conf.all.forwarding
  ansible.builtin.shell:
    cmd: find -L {{ sysctl_paths | join(" ") }} -type f -name '*.conf' | xargs grep
      -HP '^\s*net.ipv6.conf.all.forwarding\s*=\s*.*$'
  register: find_all_values
  check_mode: false
  changed_when: false
  failed_when: false
  when: ("kernel-default" in ansible_facts.packages or "kernel-default-base" in ansible_facts.packages)
  tags:
  - CCE-85713-6
  - DISA-STIG-SLES-15-040381
  - NIST-800-53-CM-6(a)
  - NIST-800-53-CM-6(b)
  - NIST-800-53-CM-6.1(iv)
  - NIST-800-53-CM-7(a)
  - NIST-800-53-CM-7(b)
  - disable_strategy
  - low_complexity
  - medium_disruption
  - medium_severity
  - reboot_required
  - sysctl_net_ipv6_conf_all_forwarding

- name: Disable Kernel Parameter for IPv6 Forwarding - Find all files that set net.ipv6.conf.all.forwarding
    to correct value
  ansible.builtin.shell:
    cmd: find -L {{ sysctl_paths | join(" ") }} -type f -name '*.conf' | xargs grep
      -HP '^\s*net.ipv6.conf.all.forwarding\s*=\s*{{ sysctl_net_ipv6_conf_all_forwarding_value
      }}$'
  register: find_correct_value
  check_mode: false
  changed_when: false
  failed_when: false
  when: ("kernel-default" in ansible_facts.packages or "kernel-default-base" in ansible_facts.packages)
  tags:
  - CCE-85713-6
  - DISA-STIG-SLES-15-040381
  - NIST-800-53-CM-6(a)
  - NIST-800-53-CM-6(b)
  - NIST-800-53-CM-6.1(iv)
  - NIST-800-53-CM-7(a)
  - NIST-800-53-CM-7(b)
  - disable_strategy
  - low_complexity
  - medium_disruption
  - medium_severity
  - reboot_required
  - sysctl_net_ipv6_conf_all_forwarding

- name: Disable Kernel Parameter for IPv6 Forwarding - Comment out any occurrences
    of net.ipv6.conf.all.forwarding from config files
  ansible.builtin.replace:
    path: '{{ item | split(":") | first }}'
    regexp: ^[\s]*net.ipv6.conf.all.forwarding
    replace: '#net.ipv6.conf.all.forwarding'
  loop: '{{ find_all_values.stdout_lines }}'
  when:
  - ("kernel-default" in ansible_facts.packages or "kernel-default-base" in ansible_facts.packages)
  - find_correct_value.stdout_lines | length == 0 or find_all_values.stdout_lines
    | length &gt; find_correct_value.stdout_lines | length
  tags:
  - CCE-85713-6
  - DISA-STIG-SLES-15-040381
  - NIST-800-53-CM-6(a)
  - NIST-800-53-CM-6(b)
  - NIST-800-53-CM-6.1(iv)
  - NIST-800-53-CM-7(a)
  - NIST-800-53-CM-7(b)
  - disable_strategy
  - low_complexity
  - medium_disruption
  - medium_severity
  - reboot_required
  - sysctl_net_ipv6_conf_all_forwarding

- name: Disable Kernel Parameter for IPv6 Forwarding - Comment out any occurrences
    of net.ipv6.conf.all.forwarding from /etc/sysctl.conf
  ansible.builtin.replace:
    path: /etc/sysctl.conf
    regexp: ^[\s]*net.ipv6.conf.all.forwarding
    replace: '#net.ipv6.conf.all.forwarding'
  when: ("kernel-default" in ansible_facts.packages or "kernel-default-base" in ansible_facts.packages)
  tags:
  - CCE-85713-6
  - DISA-STIG-SLES-15-040381
  - NIST-800-53-CM-6(a)
  - NIST-800-53-CM-6(b)
  - NIST-800-53-CM-6.1(iv)
  - NIST-800-53-CM-7(a)
  - NIST-800-53-CM-7(b)
  - disable_strategy
  - low_complexity
  - medium_disruption
  - medium_severity
  - reboot_required
  - sysctl_net_ipv6_conf_all_forwarding

- name: Disable Kernel Parameter for IPv6 Forwarding - Ensure sysctl net.ipv6.conf.all.forwarding
    is set
  ansible.posix.sysctl:
    name: net.ipv6.conf.all.forwarding
    value: '{{ sysctl_net_ipv6_conf_all_forwarding_value }}'
    sysctl_file: /etc/sysctl.d/net_ipv6_conf_all_forwarding.conf
    state: present
    reload: true
  when: ("kernel-default" in ansible_facts.packages or "kernel-default-base" in ansible_facts.packages)
  tags:
  - CCE-85713-6
  - DISA-STIG-SLES-15-040381
  - NIST-800-53-CM-6(a)
  - NIST-800-53-CM-6(b)
  - NIST-800-53-CM-6.1(iv)
  - NIST-800-53-CM-7(a)
  - NIST-800-53-CM-7(b)
  - disable_strategy
  - low_complexity
  - medium_disruption
  - medium_severity
  - reboot_required
  - sysctl_net_ipv6_conf_all_forwarding
</fix>
            <check system="http://open-scap.org/page/SCE">
              <check-import import-name="stdout">
                  </check-import>
              <check-export export-name="sysctl_net_ipv6_conf_all_forwarding_value" value-id="xccdf_org.ssgproject.content_value_sysctl_net_ipv6_conf_all_forwarding_value"/>
              <check-content-ref href="sle15/checks/sce/sysctl_net_ipv6_conf_all_forwarding.sh"/>
            </check>
            <check system="http://oval.mitre.org/XMLSchema/oval-definitions-5">
              <check-export export-name="oval:ssg-sysctl_net_ipv6_conf_all_forwarding_value:var:1" value-id="xccdf_org.ssgproject.content_value_sysctl_net_ipv6_conf_all_forwarding_value"/>
              <check-content-ref name="oval:ssg-sysctl_net_ipv6_conf_all_forwarding:def:1" href="ssg-sle15-oval.xml"/>
            </check>
            <check system="http://scap.nist.gov/schema/ocil/2">
              <check-content-ref name="ocil:ssg-sysctl_net_ipv6_conf_all_forwarding_ocil:questionnaire:1" href="ssg-sle15-ocil.xml"/>
            </check>
          </Rule>
          <Rule id="xccdf_org.ssgproject.content_rule_sysctl_net_ipv6_conf_all_max_addresses" selected="false" role="full" severity="unknown">
            <title xmlns:xhtml="http://www.w3.org/1999/xhtml" xml:lang="en-US">Configure Maximum Number of Autoconfigured Addresses on All IPv6 Interfaces</title>
            <description xmlns:xhtml="http://www.w3.org/1999/xhtml" xml:lang="en-US">To set the runtime status of the <html:code xmlns:html="http://www.w3.org/1999/xhtml">net.ipv6.conf.all.max_addresses</html:code> kernel parameter, run the following command: <html:pre xmlns:html="http://www.w3.org/1999/xhtml">$ sudo sysctl -w net.ipv6.conf.all.max_addresses=1</html:pre>
To make sure that the setting is persistent, add the following line to a file in the directory <html:code xmlns:html="http://www.w3.org/1999/xhtml">/etc/sysctl.d</html:code>: <html:pre xmlns:html="http://www.w3.org/1999/xhtml">net.ipv6.conf.all.max_addresses = 1</html:pre>
        </description>
            <reference href="https://cyber.gouv.fr/sites/default/files/document/linux_configuration-en-v2.pdf">R13</reference>
            <rationale xmlns:xhtml="http://www.w3.org/1999/xhtml" xml:lang="en-US">The number of global unicast IPv6 addresses for each interface should be limited exactly to the number of statically configured addresses.</rationale>
            <platform idref="#system_with_kernel"/>
            <ident system="https://ncp.nist.gov/cce">CCE-91206-3</ident>
            <fix xmlns:xhtml="http://www.w3.org/1999/xhtml" id="sysctl_net_ipv6_conf_all_max_addresses" system="urn:xccdf:fix:script:sh" reboot="true" complexity="low" disruption="medium" strategy="disable"># Remediation is applicable only in certain platforms
if rpm --quiet -q kernel-default || rpm --quiet -q kernel-default-base; then

# Comment out any occurrences of net.ipv6.conf.all.max_addresses from /etc/sysctl.d/*.conf files

for f in /etc/sysctl.d/*.conf /run/sysctl.d/*.conf /usr/local/lib/sysctl.d/*.conf /lib/sysctl.d/*.conf; do


  # skip systemd-sysctl symlink (/etc/sysctl.d/99-sysctl.conf -&gt; /etc/sysctl.conf)
  if [[ "$(readlink -f "$f")" == "/etc/sysctl.conf" ]]; then continue; fi

  matching_list=$(grep -P '^(?!#).*[\s]*net.ipv6.conf.all.max_addresses.*$' $f | uniq )
  if ! test -z "$matching_list"; then
    while IFS= read -r entry; do
      escaped_entry=$(sed -e 's|/|\\/|g' &lt;&lt;&lt; "$entry")
      # comment out "net.ipv6.conf.all.max_addresses" matches to preserve user data
      sed -i --follow-symlinks "s/^${escaped_entry}$/# &amp;/g" $f
    done &lt;&lt;&lt; "$matching_list"
  fi
done

#
# Set sysctl config file which to save the desired value
#

SYSCONFIG_FILE='/etc/sysctl.d/net_ipv6_conf_all_max_addresses.conf'

sysctl_net_ipv6_conf_all_max_addresses_value='<xccdf-1.2:sub xmlns:xccdf-1.2="http://checklists.nist.gov/xccdf/1.2" idref="xccdf_org.ssgproject.content_value_sysctl_net_ipv6_conf_all_max_addresses_value" use="legacy"/>'


#
# Set runtime for net.ipv6.conf.all.max_addresses
#
if ! { rpm --quiet -q kernel rpm-ostree bootc &amp;&amp; ! rpm --quiet -q openshift-kubelet &amp;&amp; { [ -f "/run/.containerenv" ] || [ -f "/.containerenv" ]; }; } ; then
    /sbin/sysctl -q -n -w net.ipv6.conf.all.max_addresses="$sysctl_net_ipv6_conf_all_max_addresses_value"
fi

#
# If net.ipv6.conf.all.max_addresses present in /etc/sysctl.conf, change value to appropriate value
#	else, add "net.ipv6.conf.all.max_addresses = value" to /etc/sysctl.conf
#

sed -i "/^$SYSCONFIG_VAR/d" /etc/sysctl.conf

# Strip any search characters in the key arg so that the key can be replaced without
# adding any search characters to the config file.
stripped_key=$(sed 's/[\^=\$,;+]*//g' &lt;&lt;&lt; "^net.ipv6.conf.all.max_addresses")

# shellcheck disable=SC2059
printf -v formatted_output "%s = %s" "$stripped_key" "$sysctl_net_ipv6_conf_all_max_addresses_value"

# If the key exists, change it. Otherwise, add it to the config_file.
# We search for the key string followed by a word boundary (matched by \&gt;),
# so if we search for 'setting', 'setting2' won't match.
if LC_ALL=C grep -q -m 1 -i -e "^net.ipv6.conf.all.max_addresses\\&gt;" "${SYSCONFIG_FILE}"; then
    escaped_formatted_output=$(sed -e 's|/|\\/|g' &lt;&lt;&lt; "$formatted_output")
    LC_ALL=C sed -i --follow-symlinks "s/^net.ipv6.conf.all.max_addresses\\&gt;.*/$escaped_formatted_output/gi" "${SYSCONFIG_FILE}"
else
    if [[ -s "${SYSCONFIG_FILE}" ]] &amp;&amp; [[ -n "$(tail -c 1 -- "${SYSCONFIG_FILE}" || true)" ]]; then
        LC_ALL=C sed -i --follow-symlinks '$a'\\ "${SYSCONFIG_FILE}"
    fi
    cce="CCE-91206-3"
    printf '# Per %s: Set %s in %s\n' "${cce}" "${formatted_output}" "${SYSCONFIG_FILE}" &gt;&gt; "${SYSCONFIG_FILE}"
    printf '%s\n' "$formatted_output" &gt;&gt; "${SYSCONFIG_FILE}"
fi

else
    &gt;&amp;2 echo 'Remediation is not applicable, nothing was done'
fi
</fix>
            <fix xmlns:xhtml="http://www.w3.org/1999/xhtml" id="sysctl_net_ipv6_conf_all_max_addresses" system="urn:xccdf:fix:script:ansible" reboot="true" complexity="low" disruption="medium" strategy="disable">- name: Gather the package facts
  package_facts:
    manager: auto
  tags:
  - CCE-91206-3
  - disable_strategy
  - low_complexity
  - medium_disruption
  - reboot_required
  - sysctl_net_ipv6_conf_all_max_addresses
  - unknown_severity
- name: XCCDF Value sysctl_net_ipv6_conf_all_max_addresses_value # promote to variable
  set_fact:
    sysctl_net_ipv6_conf_all_max_addresses_value: !!str <xccdf-1.2:sub xmlns:xccdf-1.2="http://checklists.nist.gov/xccdf/1.2" idref="xccdf_org.ssgproject.content_value_sysctl_net_ipv6_conf_all_max_addresses_value" use="legacy"/>
  tags:
    - always

- name: Configure Maximum Number of Autoconfigured Addresses on All IPv6 Interfaces
    - Set fact for sysctl paths
  ansible.builtin.set_fact:
    sysctl_paths:
    - /run/sysctl.d/
    - /etc/sysctl.d/
    - /usr/local/lib/sysctl.d/
    - /lib/sysctl.d/
  when: ("kernel-default" in ansible_facts.packages or "kernel-default-base" in ansible_facts.packages)
  tags:
  - CCE-91206-3
  - disable_strategy
  - low_complexity
  - medium_disruption
  - reboot_required
  - sysctl_net_ipv6_conf_all_max_addresses
  - unknown_severity

- name: Configure Maximum Number of Autoconfigured Addresses on All IPv6 Interfaces
    - Find all files that contain net.ipv6.conf.all.max_addresses
  ansible.builtin.shell:
    cmd: find -L {{ sysctl_paths | join(" ") }} -type f -name '*.conf' | xargs grep
      -HP '^\s*net.ipv6.conf.all.max_addresses\s*=\s*.*$'
  register: find_all_values
  check_mode: false
  changed_when: false
  failed_when: false
  when: ("kernel-default" in ansible_facts.packages or "kernel-default-base" in ansible_facts.packages)
  tags:
  - CCE-91206-3
  - disable_strategy
  - low_complexity
  - medium_disruption
  - reboot_required
  - sysctl_net_ipv6_conf_all_max_addresses
  - unknown_severity

- name: Configure Maximum Number of Autoconfigured Addresses on All IPv6 Interfaces
    - Find all files that set net.ipv6.conf.all.max_addresses to correct value
  ansible.builtin.shell:
    cmd: find -L {{ sysctl_paths | join(" ") }} -type f -name '*.conf' | xargs grep
      -HP '^\s*net.ipv6.conf.all.max_addresses\s*=\s*{{ sysctl_net_ipv6_conf_all_max_addresses_value
      }}$'
  register: find_correct_value
  check_mode: false
  changed_when: false
  failed_when: false
  when: ("kernel-default" in ansible_facts.packages or "kernel-default-base" in ansible_facts.packages)
  tags:
  - CCE-91206-3
  - disable_strategy
  - low_complexity
  - medium_disruption
  - reboot_required
  - sysctl_net_ipv6_conf_all_max_addresses
  - unknown_severity

- name: Configure Maximum Number of Autoconfigured Addresses on All IPv6 Interfaces
    - Comment out any occurrences of net.ipv6.conf.all.max_addresses from config files
  ansible.builtin.replace:
    path: '{{ item | split(":") | first }}'
    regexp: ^[\s]*net.ipv6.conf.all.max_addresses
    replace: '#net.ipv6.conf.all.max_addresses'
  loop: '{{ find_all_values.stdout_lines }}'
  when:
  - ("kernel-default" in ansible_facts.packages or "kernel-default-base" in ansible_facts.packages)
  - find_correct_value.stdout_lines | length == 0 or find_all_values.stdout_lines
    | length &gt; find_correct_value.stdout_lines | length
  tags:
  - CCE-91206-3
  - disable_strategy
  - low_complexity
  - medium_disruption
  - reboot_required
  - sysctl_net_ipv6_conf_all_max_addresses
  - unknown_severity

- name: Configure Maximum Number of Autoconfigured Addresses on All IPv6 Interfaces
    - Comment out any occurrences of net.ipv6.conf.all.max_addresses from /etc/sysctl.conf
  ansible.builtin.replace:
    path: /etc/sysctl.conf
    regexp: ^[\s]*net.ipv6.conf.all.max_addresses
    replace: '#net.ipv6.conf.all.max_addresses'
  when: ("kernel-default" in ansible_facts.packages or "kernel-default-base" in ansible_facts.packages)
  tags:
  - CCE-91206-3
  - disable_strategy
  - low_complexity
  - medium_disruption
  - reboot_required
  - sysctl_net_ipv6_conf_all_max_addresses
  - unknown_severity

- name: Configure Maximum Number of Autoconfigured Addresses on All IPv6 Interfaces
    - Ensure sysctl net.ipv6.conf.all.max_addresses is set
  ansible.posix.sysctl:
    name: net.ipv6.conf.all.max_addresses
    value: '{{ sysctl_net_ipv6_conf_all_max_addresses_value }}'
    sysctl_file: /etc/sysctl.d/net_ipv6_conf_all_max_addresses.conf
    state: present
    reload: true
  when: ("kernel-default" in ansible_facts.packages or "kernel-default-base" in ansible_facts.packages)
  tags:
  - CCE-91206-3
  - disable_strategy
  - low_complexity
  - medium_disruption
  - reboot_required
  - sysctl_net_ipv6_conf_all_max_addresses
  - unknown_severity
</fix>
            <check system="http://open-scap.org/page/SCE">
              <check-import import-name="stdout">
                  </check-import>
              <check-export export-name="sysctl_net_ipv6_conf_all_max_addresses_value" value-id="xccdf_org.ssgproject.content_value_sysctl_net_ipv6_conf_all_max_addresses_value"/>
              <check-content-ref href="sle15/checks/sce/sysctl_net_ipv6_conf_all_max_addresses.sh"/>
            </check>
            <check system="http://oval.mitre.org/XMLSchema/oval-definitions-5">
              <check-export export-name="oval:ssg-sysctl_net_ipv6_conf_all_max_addresses_value:var:1" value-id="xccdf_org.ssgproject.content_value_sysctl_net_ipv6_conf_all_max_addresses_value"/>
              <check-content-ref name="oval:ssg-sysctl_net_ipv6_conf_all_max_addresses:def:1" href="ssg-sle15-oval.xml"/>
            </check>
            <check system="http://scap.nist.gov/schema/ocil/2">
              <check-content-ref name="ocil:ssg-sysctl_net_ipv6_conf_all_max_addresses_ocil:questionnaire:1" href="ssg-sle15-ocil.xml"/>
            </check>
          </Rule>
          <Rule id="xccdf_org.ssgproject.content_rule_sysctl_net_ipv6_conf_all_router_solicitations" selected="false" role="full" severity="unknown">
            <title xmlns:xhtml="http://www.w3.org/1999/xhtml" xml:lang="en-US">Configure Denying Router Solicitations on All IPv6 Interfaces</title>
            <description xmlns:xhtml="http://www.w3.org/1999/xhtml" xml:lang="en-US">To set the runtime status of the <html:code xmlns:html="http://www.w3.org/1999/xhtml">net.ipv6.conf.all.router_solicitations</html:code> kernel parameter, run the following command: <html:pre xmlns:html="http://www.w3.org/1999/xhtml">$ sudo sysctl -w net.ipv6.conf.all.router_solicitations=0</html:pre>
To make sure that the setting is persistent, add the following line to a file in the directory <html:code xmlns:html="http://www.w3.org/1999/xhtml">/etc/sysctl.d</html:code>: <html:pre xmlns:html="http://www.w3.org/1999/xhtml">net.ipv6.conf.all.router_solicitations = 0</html:pre>
        </description>
            <reference href="https://cyber.gouv.fr/sites/default/files/document/linux_configuration-en-v2.pdf">R13</reference>
            <rationale xmlns:xhtml="http://www.w3.org/1999/xhtml" xml:lang="en-US">To prevent discovery of the system by other systems, router solicitation requests should be denied.</rationale>
            <platform idref="#system_with_kernel"/>
            <ident system="https://ncp.nist.gov/cce">CCE-91207-1</ident>
            <fix xmlns:xhtml="http://www.w3.org/1999/xhtml" id="sysctl_net_ipv6_conf_all_router_solicitations" system="urn:xccdf:fix:script:sh" reboot="true" complexity="low" disruption="medium" strategy="disable"># Remediation is applicable only in certain platforms
if rpm --quiet -q kernel-default || rpm --quiet -q kernel-default-base; then

# Comment out any occurrences of net.ipv6.conf.all.router_solicitations from /etc/sysctl.d/*.conf files

for f in /etc/sysctl.d/*.conf /run/sysctl.d/*.conf /usr/local/lib/sysctl.d/*.conf /lib/sysctl.d/*.conf; do


  # skip systemd-sysctl symlink (/etc/sysctl.d/99-sysctl.conf -&gt; /etc/sysctl.conf)
  if [[ "$(readlink -f "$f")" == "/etc/sysctl.conf" ]]; then continue; fi

  matching_list=$(grep -P '^(?!#).*[\s]*net.ipv6.conf.all.router_solicitations.*$' $f | uniq )
  if ! test -z "$matching_list"; then
    while IFS= read -r entry; do
      escaped_entry=$(sed -e 's|/|\\/|g' &lt;&lt;&lt; "$entry")
      # comment out "net.ipv6.conf.all.router_solicitations" matches to preserve user data
      sed -i --follow-symlinks "s/^${escaped_entry}$/# &amp;/g" $f
    done &lt;&lt;&lt; "$matching_list"
  fi
done

#
# Set sysctl config file which to save the desired value
#

SYSCONFIG_FILE='/etc/sysctl.d/net_ipv6_conf_all_router_solicitations.conf'

sysctl_net_ipv6_conf_all_router_solicitations_value='<xccdf-1.2:sub xmlns:xccdf-1.2="http://checklists.nist.gov/xccdf/1.2" idref="xccdf_org.ssgproject.content_value_sysctl_net_ipv6_conf_all_router_solicitations_value" use="legacy"/>'


#
# Set runtime for net.ipv6.conf.all.router_solicitations
#
if ! { rpm --quiet -q kernel rpm-ostree bootc &amp;&amp; ! rpm --quiet -q openshift-kubelet &amp;&amp; { [ -f "/run/.containerenv" ] || [ -f "/.containerenv" ]; }; } ; then
    /sbin/sysctl -q -n -w net.ipv6.conf.all.router_solicitations="$sysctl_net_ipv6_conf_all_router_solicitations_value"
fi

#
# If net.ipv6.conf.all.router_solicitations present in /etc/sysctl.conf, change value to appropriate value
#	else, add "net.ipv6.conf.all.router_solicitations = value" to /etc/sysctl.conf
#

sed -i "/^$SYSCONFIG_VAR/d" /etc/sysctl.conf

# Strip any search characters in the key arg so that the key can be replaced without
# adding any search characters to the config file.
stripped_key=$(sed 's/[\^=\$,;+]*//g' &lt;&lt;&lt; "^net.ipv6.conf.all.router_solicitations")

# shellcheck disable=SC2059
printf -v formatted_output "%s = %s" "$stripped_key" "$sysctl_net_ipv6_conf_all_router_solicitations_value"

# If the key exists, change it. Otherwise, add it to the config_file.
# We search for the key string followed by a word boundary (matched by \&gt;),
# so if we search for 'setting', 'setting2' won't match.
if LC_ALL=C grep -q -m 1 -i -e "^net.ipv6.conf.all.router_solicitations\\&gt;" "${SYSCONFIG_FILE}"; then
    escaped_formatted_output=$(sed -e 's|/|\\/|g' &lt;&lt;&lt; "$formatted_output")
    LC_ALL=C sed -i --follow-symlinks "s/^net.ipv6.conf.all.router_solicitations\\&gt;.*/$escaped_formatted_output/gi" "${SYSCONFIG_FILE}"
else
    if [[ -s "${SYSCONFIG_FILE}" ]] &amp;&amp; [[ -n "$(tail -c 1 -- "${SYSCONFIG_FILE}" || true)" ]]; then
        LC_ALL=C sed -i --follow-symlinks '$a'\\ "${SYSCONFIG_FILE}"
    fi
    cce="CCE-91207-1"
    printf '# Per %s: Set %s in %s\n' "${cce}" "${formatted_output}" "${SYSCONFIG_FILE}" &gt;&gt; "${SYSCONFIG_FILE}"
    printf '%s\n' "$formatted_output" &gt;&gt; "${SYSCONFIG_FILE}"
fi

else
    &gt;&amp;2 echo 'Remediation is not applicable, nothing was done'
fi
</fix>
            <fix xmlns:xhtml="http://www.w3.org/1999/xhtml" id="sysctl_net_ipv6_conf_all_router_solicitations" system="urn:xccdf:fix:script:ansible" reboot="true" complexity="low" disruption="medium" strategy="disable">- name: Gather the package facts
  package_facts:
    manager: auto
  tags:
  - CCE-91207-1
  - disable_strategy
  - low_complexity
  - medium_disruption
  - reboot_required
  - sysctl_net_ipv6_conf_all_router_solicitations
  - unknown_severity
- name: XCCDF Value sysctl_net_ipv6_conf_all_router_solicitations_value # promote to variable
  set_fact:
    sysctl_net_ipv6_conf_all_router_solicitations_value: !!str <xccdf-1.2:sub xmlns:xccdf-1.2="http://checklists.nist.gov/xccdf/1.2" idref="xccdf_org.ssgproject.content_value_sysctl_net_ipv6_conf_all_router_solicitations_value" use="legacy"/>
  tags:
    - always

- name: Configure Denying Router Solicitations on All IPv6 Interfaces - Set fact for
    sysctl paths
  ansible.builtin.set_fact:
    sysctl_paths:
    - /run/sysctl.d/
    - /etc/sysctl.d/
    - /usr/local/lib/sysctl.d/
    - /lib/sysctl.d/
  when: ("kernel-default" in ansible_facts.packages or "kernel-default-base" in ansible_facts.packages)
  tags:
  - CCE-91207-1
  - disable_strategy
  - low_complexity
  - medium_disruption
  - reboot_required
  - sysctl_net_ipv6_conf_all_router_solicitations
  - unknown_severity

- name: Configure Denying Router Solicitations on All IPv6 Interfaces - Find all files
    that contain net.ipv6.conf.all.router_solicitations
  ansible.builtin.shell:
    cmd: find -L {{ sysctl_paths | join(" ") }} -type f -name '*.conf' | xargs grep
      -HP '^\s*net.ipv6.conf.all.router_solicitations\s*=\s*.*$'
  register: find_all_values
  check_mode: false
  changed_when: false
  failed_when: false
  when: ("kernel-default" in ansible_facts.packages or "kernel-default-base" in ansible_facts.packages)
  tags:
  - CCE-91207-1
  - disable_strategy
  - low_complexity
  - medium_disruption
  - reboot_required
  - sysctl_net_ipv6_conf_all_router_solicitations
  - unknown_severity

- name: Configure Denying Router Solicitations on All IPv6 Interfaces - Find all files
    that set net.ipv6.conf.all.router_solicitations to correct value
  ansible.builtin.shell:
    cmd: find -L {{ sysctl_paths | join(" ") }} -type f -name '*.conf' | xargs grep
      -HP '^\s*net.ipv6.conf.all.router_solicitations\s*=\s*{{ sysctl_net_ipv6_conf_all_router_solicitations_value
      }}$'
  register: find_correct_value
  check_mode: false
  changed_when: false
  failed_when: false
  when: ("kernel-default" in ansible_facts.packages or "kernel-default-base" in ansible_facts.packages)
  tags:
  - CCE-91207-1
  - disable_strategy
  - low_complexity
  - medium_disruption
  - reboot_required
  - sysctl_net_ipv6_conf_all_router_solicitations
  - unknown_severity

- name: Configure Denying Router Solicitations on All IPv6 Interfaces - Comment out
    any occurrences of net.ipv6.conf.all.router_solicitations from config files
  ansible.builtin.replace:
    path: '{{ item | split(":") | first }}'
    regexp: ^[\s]*net.ipv6.conf.all.router_solicitations
    replace: '#net.ipv6.conf.all.router_solicitations'
  loop: '{{ find_all_values.stdout_lines }}'
  when:
  - ("kernel-default" in ansible_facts.packages or "kernel-default-base" in ansible_facts.packages)
  - find_correct_value.stdout_lines | length == 0 or find_all_values.stdout_lines
    | length &gt; find_correct_value.stdout_lines | length
  tags:
  - CCE-91207-1
  - disable_strategy
  - low_complexity
  - medium_disruption
  - reboot_required
  - sysctl_net_ipv6_conf_all_router_solicitations
  - unknown_severity

- name: Configure Denying Router Solicitations on All IPv6 Interfaces - Comment out
    any occurrences of net.ipv6.conf.all.router_solicitations from /etc/sysctl.conf
  ansible.builtin.replace:
    path: /etc/sysctl.conf
    regexp: ^[\s]*net.ipv6.conf.all.router_solicitations
    replace: '#net.ipv6.conf.all.router_solicitations'
  when: ("kernel-default" in ansible_facts.packages or "kernel-default-base" in ansible_facts.packages)
  tags:
  - CCE-91207-1
  - disable_strategy
  - low_complexity
  - medium_disruption
  - reboot_required
  - sysctl_net_ipv6_conf_all_router_solicitations
  - unknown_severity

- name: Configure Denying Router Solicitations on All IPv6 Interfaces - Ensure sysctl
    net.ipv6.conf.all.router_solicitations is set
  ansible.posix.sysctl:
    name: net.ipv6.conf.all.router_solicitations
    value: '{{ sysctl_net_ipv6_conf_all_router_solicitations_value }}'
    sysctl_file: /etc/sysctl.d/net_ipv6_conf_all_router_solicitations.conf
    state: present
    reload: true
  when: ("kernel-default" in ansible_facts.packages or "kernel-default-base" in ansible_facts.packages)
  tags:
  - CCE-91207-1
  - disable_strategy
  - low_complexity
  - medium_disruption
  - reboot_required
  - sysctl_net_ipv6_conf_all_router_solicitations
  - unknown_severity
</fix>
            <check system="http://open-scap.org/page/SCE">
              <check-import import-name="stdout">
                  </check-import>
              <check-export export-name="sysctl_net_ipv6_conf_all_router_solicitations_value" value-id="xccdf_org.ssgproject.content_value_sysctl_net_ipv6_conf_all_router_solicitations_value"/>
              <check-content-ref href="sle15/checks/sce/sysctl_net_ipv6_conf_all_router_solicitations.sh"/>
            </check>
            <check system="http://oval.mitre.org/XMLSchema/oval-definitions-5">
              <check-export export-name="oval:ssg-sysctl_net_ipv6_conf_all_router_solicitations_value:var:1" value-id="xccdf_org.ssgproject.content_value_sysctl_net_ipv6_conf_all_router_solicitations_value"/>
              <check-content-ref name="oval:ssg-sysctl_net_ipv6_conf_all_router_solicitations:def:1" href="ssg-sle15-oval.xml"/>
            </check>
            <check system="http://scap.nist.gov/schema/ocil/2">
              <check-content-ref name="ocil:ssg-sysctl_net_ipv6_conf_all_router_solicitations_ocil:questionnaire:1" href="ssg-sle15-ocil.xml"/>
            </check>
          </Rule>
          <Rule id="xccdf_org.ssgproject.content_rule_sysctl_net_ipv6_conf_default_accept_ra" selected="false" role="full" severity="medium">
            <title xmlns:xhtml="http://www.w3.org/1999/xhtml" xml:lang="en-US">Disable Accepting Router Advertisements on all IPv6 Interfaces by Default</title>
            <description xmlns:xhtml="http://www.w3.org/1999/xhtml" xml:lang="en-US">To set the runtime status of the <html:code xmlns:html="http://www.w3.org/1999/xhtml">net.ipv6.conf.default.accept_ra</html:code> kernel parameter, run the following command: <html:pre xmlns:html="http://www.w3.org/1999/xhtml">$ sudo sysctl -w net.ipv6.conf.default.accept_ra=0</html:pre>
To make sure that the setting is persistent, add the following line to a file in the directory <html:code xmlns:html="http://www.w3.org/1999/xhtml">/etc/sysctl.d</html:code>: <html:pre xmlns:html="http://www.w3.org/1999/xhtml">net.ipv6.conf.default.accept_ra = 0</html:pre>
        </description>
            <reference href="https://www.cisecurity.org/controls/">11</reference>
            <reference href="https://www.cisecurity.org/controls/">14</reference>
            <reference href="https://www.cisecurity.org/controls/">3</reference>
            <reference href="https://www.cisecurity.org/controls/">9</reference>
            <reference href="https://www.isaca.org/resources/cobit">BAI10.01</reference>
            <reference href="https://www.isaca.org/resources/cobit">BAI10.02</reference>
            <reference href="https://www.isaca.org/resources/cobit">BAI10.03</reference>
            <reference href="https://www.isaca.org/resources/cobit">BAI10.05</reference>
            <reference href="https://www.isaca.org/resources/cobit">DSS05.02</reference>
            <reference href="https://www.isaca.org/resources/cobit">DSS05.05</reference>
            <reference href="https://www.isaca.org/resources/cobit">DSS06.06</reference>
            <reference href="http://nvlpubs.nist.gov/nistpubs/SpecialPublications/NIST.SP.800-171.pdf">3.1.20</reference>
            <reference href="https://www.isa.org/products/isa-62443-2-1-2009-security-for-industrial-automat">4.3.3.5.1</reference>
            <reference href="https://www.isa.org/products/isa-62443-2-1-2009-security-for-industrial-automat">4.3.3.5.2</reference>
            <reference href="https://www.isa.org/products/isa-62443-2-1-2009-security-for-industrial-automat">4.3.3.5.3</reference>
            <reference href="https://www.isa.org/products/isa-62443-2-1-2009-security-for-industrial-automat">4.3.3.5.4</reference>
            <reference href="https://www.isa.org/products/isa-62443-2-1-2009-security-for-industrial-automat">4.3.3.5.5</reference>
            <reference href="https://www.isa.org/products/isa-62443-2-1-2009-security-for-industrial-automat">4.3.3.5.6</reference>
            <reference href="https://www.isa.org/products/isa-62443-2-1-2009-security-for-industrial-automat">4.3.3.5.7</reference>
            <reference href="https://www.isa.org/products/isa-62443-2-1-2009-security-for-industrial-automat">4.3.3.5.8</reference>
            <reference href="https://www.isa.org/products/isa-62443-2-1-2009-security-for-industrial-automat">4.3.3.6.1</reference>
            <reference href="https://www.isa.org/products/isa-62443-2-1-2009-security-for-industrial-automat">4.3.3.6.2</reference>
            <reference href="https://www.isa.org/products/isa-62443-2-1-2009-security-for-industrial-automat">4.3.3.6.3</reference>
            <reference href="https://www.isa.org/products/isa-62443-2-1-2009-security-for-industrial-automat">4.3.3.6.4</reference>
            <reference href="https://www.isa.org/products/isa-62443-2-1-2009-security-for-industrial-automat">4.3.3.6.5</reference>
            <reference href="https://www.isa.org/products/isa-62443-2-1-2009-security-for-industrial-automat">4.3.3.6.6</reference>
            <reference href="https://www.isa.org/products/isa-62443-2-1-2009-security-for-industrial-automat">4.3.3.6.7</reference>
            <reference href="https://www.isa.org/products/isa-62443-2-1-2009-security-for-industrial-automat">4.3.3.6.8</reference>
            <reference href="https://www.isa.org/products/isa-62443-2-1-2009-security-for-industrial-automat">4.3.3.6.9</reference>
            <reference href="https://www.isa.org/products/isa-62443-2-1-2009-security-for-industrial-automat">4.3.3.7.1</reference>
            <reference href="https://www.isa.org/products/isa-62443-2-1-2009-security-for-industrial-automat">4.3.3.7.2</reference>
            <reference href="https://www.isa.org/products/isa-62443-2-1-2009-security-for-industrial-automat">4.3.3.7.3</reference>
            <reference href="https://www.isa.org/products/isa-62443-2-1-2009-security-for-industrial-automat">4.3.3.7.4</reference>
            <reference href="https://www.isa.org/products/isa-62443-2-1-2009-security-for-industrial-automat">4.3.4.3.2</reference>
            <reference href="https://www.isa.org/products/isa-62443-2-1-2009-security-for-industrial-automat">4.3.4.3.3</reference>
            <reference href="https://www.isa.org/products/ansi-isa-62443-3-3-99-03-03-2013-security-for-indu">SR 1.1</reference>
            <reference href="https://www.isa.org/products/ansi-isa-62443-3-3-99-03-03-2013-security-for-indu">SR 1.10</reference>
            <reference href="https://www.isa.org/products/ansi-isa-62443-3-3-99-03-03-2013-security-for-indu">SR 1.11</reference>
            <reference href="https://www.isa.org/products/ansi-isa-62443-3-3-99-03-03-2013-security-for-indu">SR 1.12</reference>
            <reference href="https://www.isa.org/products/ansi-isa-62443-3-3-99-03-03-2013-security-for-indu">SR 1.13</reference>
            <reference href="https://www.isa.org/products/ansi-isa-62443-3-3-99-03-03-2013-security-for-indu">SR 1.2</reference>
            <reference href="https://www.isa.org/products/ansi-isa-62443-3-3-99-03-03-2013-security-for-indu">SR 1.3</reference>
            <reference href="https://www.isa.org/products/ansi-isa-62443-3-3-99-03-03-2013-security-for-indu">SR 1.4</reference>
            <reference href="https://www.isa.org/products/ansi-isa-62443-3-3-99-03-03-2013-security-for-indu">SR 1.5</reference>
            <reference href="https://www.isa.org/products/ansi-isa-62443-3-3-99-03-03-2013-security-for-indu">SR 1.6</reference>
            <reference href="https://www.isa.org/products/ansi-isa-62443-3-3-99-03-03-2013-security-for-indu">SR 1.7</reference>
            <reference href="https://www.isa.org/products/ansi-isa-62443-3-3-99-03-03-2013-security-for-indu">SR 1.8</reference>
            <reference href="https://www.isa.org/products/ansi-isa-62443-3-3-99-03-03-2013-security-for-indu">SR 1.9</reference>
            <reference href="https://www.isa.org/products/ansi-isa-62443-3-3-99-03-03-2013-security-for-indu">SR 2.1</reference>
            <reference href="https://www.isa.org/products/ansi-isa-62443-3-3-99-03-03-2013-security-for-indu">SR 2.2</reference>
            <reference href="https://www.isa.org/products/ansi-isa-62443-3-3-99-03-03-2013-security-for-indu">SR 2.3</reference>
            <reference href="https://www.isa.org/products/ansi-isa-62443-3-3-99-03-03-2013-security-for-indu">SR 2.4</reference>
            <reference href="https://www.isa.org/products/ansi-isa-62443-3-3-99-03-03-2013-security-for-indu">SR 2.5</reference>
            <reference href="https://www.isa.org/products/ansi-isa-62443-3-3-99-03-03-2013-security-for-indu">SR 2.6</reference>
            <reference href="https://www.isa.org/products/ansi-isa-62443-3-3-99-03-03-2013-security-for-indu">SR 2.7</reference>
            <reference href="https://www.isa.org/products/ansi-isa-62443-3-3-99-03-03-2013-security-for-indu">SR 7.6</reference>
            <reference href="https://www.iso.org/contents/data/standard/05/45/54534.html">A.12.1.2</reference>
            <reference href="https://www.iso.org/contents/data/standard/05/45/54534.html">A.12.5.1</reference>
            <reference href="https://www.iso.org/contents/data/standard/05/45/54534.html">A.12.6.2</reference>
            <reference href="https://www.iso.org/contents/data/standard/05/45/54534.html">A.14.2.2</reference>
            <reference href="https://www.iso.org/contents/data/standard/05/45/54534.html">A.14.2.3</reference>
            <reference href="https://www.iso.org/contents/data/standard/05/45/54534.html">A.14.2.4</reference>
            <reference href="https://www.iso.org/contents/data/standard/05/45/54534.html">A.9.1.2</reference>
            <reference href="http://nvlpubs.nist.gov/nistpubs/SpecialPublications/NIST.SP.800-53r4.pdf">CM-7(a)</reference>
            <reference href="http://nvlpubs.nist.gov/nistpubs/SpecialPublications/NIST.SP.800-53r4.pdf">CM-7(b)</reference>
            <reference href="http://nvlpubs.nist.gov/nistpubs/SpecialPublications/NIST.SP.800-53r4.pdf">CM-6(a)</reference>
            <reference href="https://nvlpubs.nist.gov/nistpubs/CSWP/NIST.CSWP.04162018.pdf">PR.IP-1</reference>
            <reference href="https://nvlpubs.nist.gov/nistpubs/CSWP/NIST.CSWP.04162018.pdf">PR.PT-3</reference>
            <reference href="https://www.cyber.mil/stigs/downloads/?_dl_facet_stigs=operating-systems%2Cgeneral-purpose-os">SRG-OS-000480-GPOS-00227</reference>
            <reference href="https://www.cisecurity.org/benchmark/suse_linux/">3.3.9</reference>
            <reference href="not_publicly_available">SLES-15-450450165</reference>
            <rationale xmlns:xhtml="http://www.w3.org/1999/xhtml" xml:lang="en-US">An illicit router advertisement message could result in a man-in-the-middle attack.</rationale>
            <platform idref="#system_with_kernel"/>
            <ident system="https://ncp.nist.gov/cce">CCE-92474-6</ident>
            <fix xmlns:xhtml="http://www.w3.org/1999/xhtml" id="sysctl_net_ipv6_conf_default_accept_ra" system="urn:xccdf:fix:script:sh" reboot="true" complexity="low" disruption="medium" strategy="disable"># Remediation is applicable only in certain platforms
if rpm --quiet -q kernel-default || rpm --quiet -q kernel-default-base; then

# Comment out any occurrences of net.ipv6.conf.default.accept_ra from /etc/sysctl.d/*.conf files

for f in /etc/sysctl.d/*.conf /run/sysctl.d/*.conf /usr/local/lib/sysctl.d/*.conf /lib/sysctl.d/*.conf; do


  # skip systemd-sysctl symlink (/etc/sysctl.d/99-sysctl.conf -&gt; /etc/sysctl.conf)
  if [[ "$(readlink -f "$f")" == "/etc/sysctl.conf" ]]; then continue; fi

  matching_list=$(grep -P '^(?!#).*[\s]*net.ipv6.conf.default.accept_ra.*$' $f | uniq )
  if ! test -z "$matching_list"; then
    while IFS= read -r entry; do
      escaped_entry=$(sed -e 's|/|\\/|g' &lt;&lt;&lt; "$entry")
      # comment out "net.ipv6.conf.default.accept_ra" matches to preserve user data
      sed -i --follow-symlinks "s/^${escaped_entry}$/# &amp;/g" $f
    done &lt;&lt;&lt; "$matching_list"
  fi
done

#
# Set sysctl config file which to save the desired value
#

SYSCONFIG_FILE='/etc/sysctl.d/net_ipv6_conf_default_accept_ra.conf'

sysctl_net_ipv6_conf_default_accept_ra_value='<xccdf-1.2:sub xmlns:xccdf-1.2="http://checklists.nist.gov/xccdf/1.2" idref="xccdf_org.ssgproject.content_value_sysctl_net_ipv6_conf_default_accept_ra_value" use="legacy"/>'


#
# Set runtime for net.ipv6.conf.default.accept_ra
#
if ! { rpm --quiet -q kernel rpm-ostree bootc &amp;&amp; ! rpm --quiet -q openshift-kubelet &amp;&amp; { [ -f "/run/.containerenv" ] || [ -f "/.containerenv" ]; }; } ; then
    /sbin/sysctl -q -n -w net.ipv6.conf.default.accept_ra="$sysctl_net_ipv6_conf_default_accept_ra_value"
fi

#
# If net.ipv6.conf.default.accept_ra present in /etc/sysctl.conf, change value to appropriate value
#	else, add "net.ipv6.conf.default.accept_ra = value" to /etc/sysctl.conf
#

sed -i "/^$SYSCONFIG_VAR/d" /etc/sysctl.conf

# Strip any search characters in the key arg so that the key can be replaced without
# adding any search characters to the config file.
stripped_key=$(sed 's/[\^=\$,;+]*//g' &lt;&lt;&lt; "^net.ipv6.conf.default.accept_ra")

# shellcheck disable=SC2059
printf -v formatted_output "%s = %s" "$stripped_key" "$sysctl_net_ipv6_conf_default_accept_ra_value"

# If the key exists, change it. Otherwise, add it to the config_file.
# We search for the key string followed by a word boundary (matched by \&gt;),
# so if we search for 'setting', 'setting2' won't match.
if LC_ALL=C grep -q -m 1 -i -e "^net.ipv6.conf.default.accept_ra\\&gt;" "${SYSCONFIG_FILE}"; then
    escaped_formatted_output=$(sed -e 's|/|\\/|g' &lt;&lt;&lt; "$formatted_output")
    LC_ALL=C sed -i --follow-symlinks "s/^net.ipv6.conf.default.accept_ra\\&gt;.*/$escaped_formatted_output/gi" "${SYSCONFIG_FILE}"
else
    if [[ -s "${SYSCONFIG_FILE}" ]] &amp;&amp; [[ -n "$(tail -c 1 -- "${SYSCONFIG_FILE}" || true)" ]]; then
        LC_ALL=C sed -i --follow-symlinks '$a'\\ "${SYSCONFIG_FILE}"
    fi
    cce="CCE-92474-6"
    printf '# Per %s: Set %s in %s\n' "${cce}" "${formatted_output}" "${SYSCONFIG_FILE}" &gt;&gt; "${SYSCONFIG_FILE}"
    printf '%s\n' "$formatted_output" &gt;&gt; "${SYSCONFIG_FILE}"
fi

else
    &gt;&amp;2 echo 'Remediation is not applicable, nothing was done'
fi
</fix>
            <fix xmlns:xhtml="http://www.w3.org/1999/xhtml" id="sysctl_net_ipv6_conf_default_accept_ra" system="urn:xccdf:fix:script:ansible" reboot="true" complexity="low" disruption="medium" strategy="disable">- name: Gather the package facts
  package_facts:
    manager: auto
  tags:
  - CCE-92474-6
  - NIST-800-171-3.1.20
  - NIST-800-53-CM-6(a)
  - NIST-800-53-CM-7(a)
  - NIST-800-53-CM-7(b)
  - disable_strategy
  - low_complexity
  - medium_disruption
  - medium_severity
  - reboot_required
  - sysctl_net_ipv6_conf_default_accept_ra
- name: XCCDF Value sysctl_net_ipv6_conf_default_accept_ra_value # promote to variable
  set_fact:
    sysctl_net_ipv6_conf_default_accept_ra_value: !!str <xccdf-1.2:sub xmlns:xccdf-1.2="http://checklists.nist.gov/xccdf/1.2" idref="xccdf_org.ssgproject.content_value_sysctl_net_ipv6_conf_default_accept_ra_value" use="legacy"/>
  tags:
    - always

- name: Disable Accepting Router Advertisements on all IPv6 Interfaces by Default
    - Set fact for sysctl paths
  ansible.builtin.set_fact:
    sysctl_paths:
    - /run/sysctl.d/
    - /etc/sysctl.d/
    - /usr/local/lib/sysctl.d/
    - /lib/sysctl.d/
  when: ("kernel-default" in ansible_facts.packages or "kernel-default-base" in ansible_facts.packages)
  tags:
  - CCE-92474-6
  - NIST-800-171-3.1.20
  - NIST-800-53-CM-6(a)
  - NIST-800-53-CM-7(a)
  - NIST-800-53-CM-7(b)
  - disable_strategy
  - low_complexity
  - medium_disruption
  - medium_severity
  - reboot_required
  - sysctl_net_ipv6_conf_default_accept_ra

- name: Disable Accepting Router Advertisements on all IPv6 Interfaces by Default
    - Find all files that contain net.ipv6.conf.default.accept_ra
  ansible.builtin.shell:
    cmd: find -L {{ sysctl_paths | join(" ") }} -type f -name '*.conf' | xargs grep
      -HP '^\s*net.ipv6.conf.default.accept_ra\s*=\s*.*$'
  register: find_all_values
  check_mode: false
  changed_when: false
  failed_when: false
  when: ("kernel-default" in ansible_facts.packages or "kernel-default-base" in ansible_facts.packages)
  tags:
  - CCE-92474-6
  - NIST-800-171-3.1.20
  - NIST-800-53-CM-6(a)
  - NIST-800-53-CM-7(a)
  - NIST-800-53-CM-7(b)
  - disable_strategy
  - low_complexity
  - medium_disruption
  - medium_severity
  - reboot_required
  - sysctl_net_ipv6_conf_default_accept_ra

- name: Disable Accepting Router Advertisements on all IPv6 Interfaces by Default
    - Find all files that set net.ipv6.conf.default.accept_ra to correct value
  ansible.builtin.shell:
    cmd: find -L {{ sysctl_paths | join(" ") }} -type f -name '*.conf' | xargs grep
      -HP '^\s*net.ipv6.conf.default.accept_ra\s*=\s*{{ sysctl_net_ipv6_conf_default_accept_ra_value
      }}$'
  register: find_correct_value
  check_mode: false
  changed_when: false
  failed_when: false
  when: ("kernel-default" in ansible_facts.packages or "kernel-default-base" in ansible_facts.packages)
  tags:
  - CCE-92474-6
  - NIST-800-171-3.1.20
  - NIST-800-53-CM-6(a)
  - NIST-800-53-CM-7(a)
  - NIST-800-53-CM-7(b)
  - disable_strategy
  - low_complexity
  - medium_disruption
  - medium_severity
  - reboot_required
  - sysctl_net_ipv6_conf_default_accept_ra

- name: Disable Accepting Router Advertisements on all IPv6 Interfaces by Default
    - Comment out any occurrences of net.ipv6.conf.default.accept_ra from config files
  ansible.builtin.replace:
    path: '{{ item | split(":") | first }}'
    regexp: ^[\s]*net.ipv6.conf.default.accept_ra
    replace: '#net.ipv6.conf.default.accept_ra'
  loop: '{{ find_all_values.stdout_lines }}'
  when:
  - ("kernel-default" in ansible_facts.packages or "kernel-default-base" in ansible_facts.packages)
  - find_correct_value.stdout_lines | length == 0 or find_all_values.stdout_lines
    | length &gt; find_correct_value.stdout_lines | length
  tags:
  - CCE-92474-6
  - NIST-800-171-3.1.20
  - NIST-800-53-CM-6(a)
  - NIST-800-53-CM-7(a)
  - NIST-800-53-CM-7(b)
  - disable_strategy
  - low_complexity
  - medium_disruption
  - medium_severity
  - reboot_required
  - sysctl_net_ipv6_conf_default_accept_ra

- name: Disable Accepting Router Advertisements on all IPv6 Interfaces by Default
    - Comment out any occurrences of net.ipv6.conf.default.accept_ra from /etc/sysctl.conf
  ansible.builtin.replace:
    path: /etc/sysctl.conf
    regexp: ^[\s]*net.ipv6.conf.default.accept_ra
    replace: '#net.ipv6.conf.default.accept_ra'
  when: ("kernel-default" in ansible_facts.packages or "kernel-default-base" in ansible_facts.packages)
  tags:
  - CCE-92474-6
  - NIST-800-171-3.1.20
  - NIST-800-53-CM-6(a)
  - NIST-800-53-CM-7(a)
  - NIST-800-53-CM-7(b)
  - disable_strategy
  - low_complexity
  - medium_disruption
  - medium_severity
  - reboot_required
  - sysctl_net_ipv6_conf_default_accept_ra

- name: Disable Accepting Router Advertisements on all IPv6 Interfaces by Default
    - Ensure sysctl net.ipv6.conf.default.accept_ra is set
  ansible.posix.sysctl:
    name: net.ipv6.conf.default.accept_ra
    value: '{{ sysctl_net_ipv6_conf_default_accept_ra_value }}'
    sysctl_file: /etc/sysctl.d/net_ipv6_conf_default_accept_ra.conf
    state: present
    reload: true
  when: ("kernel-default" in ansible_facts.packages or "kernel-default-base" in ansible_facts.packages)
  tags:
  - CCE-92474-6
  - NIST-800-171-3.1.20
  - NIST-800-53-CM-6(a)
  - NIST-800-53-CM-7(a)
  - NIST-800-53-CM-7(b)
  - disable_strategy
  - low_complexity
  - medium_disruption
  - medium_severity
  - reboot_required
  - sysctl_net_ipv6_conf_default_accept_ra
</fix>
            <check system="http://open-scap.org/page/SCE">
              <check-import import-name="stdout">
                  </check-import>
              <check-export export-name="sysctl_net_ipv6_conf_default_accept_ra_value" value-id="xccdf_org.ssgproject.content_value_sysctl_net_ipv6_conf_default_accept_ra_value"/>
              <check-content-ref href="sle15/checks/sce/sysctl_net_ipv6_conf_default_accept_ra.sh"/>
            </check>
            <check system="http://oval.mitre.org/XMLSchema/oval-definitions-5">
              <check-export export-name="oval:ssg-sysctl_net_ipv6_conf_default_accept_ra_value:var:1" value-id="xccdf_org.ssgproject.content_value_sysctl_net_ipv6_conf_default_accept_ra_value"/>
              <check-content-ref name="oval:ssg-sysctl_net_ipv6_conf_default_accept_ra:def:1" href="ssg-sle15-oval.xml"/>
            </check>
            <check system="http://scap.nist.gov/schema/ocil/2">
              <check-content-ref name="ocil:ssg-sysctl_net_ipv6_conf_default_accept_ra_ocil:questionnaire:1" href="ssg-sle15-ocil.xml"/>
            </check>
          </Rule>
          <Rule id="xccdf_org.ssgproject.content_rule_sysctl_net_ipv6_conf_default_accept_ra_defrtr" selected="false" role="full" severity="unknown">
            <title xmlns:xhtml="http://www.w3.org/1999/xhtml" xml:lang="en-US">Configure Accepting Default Router in Router Advertisements on All IPv6 Interfaces By Default</title>
            <description xmlns:xhtml="http://www.w3.org/1999/xhtml" xml:lang="en-US">To set the runtime status of the <html:code xmlns:html="http://www.w3.org/1999/xhtml">net.ipv6.conf.default.accept_ra_defrtr</html:code> kernel parameter, run the following command: <html:pre xmlns:html="http://www.w3.org/1999/xhtml">$ sudo sysctl -w net.ipv6.conf.default.accept_ra_defrtr=0</html:pre>
To make sure that the setting is persistent, add the following line to a file in the directory <html:code xmlns:html="http://www.w3.org/1999/xhtml">/etc/sysctl.d</html:code>: <html:pre xmlns:html="http://www.w3.org/1999/xhtml">net.ipv6.conf.default.accept_ra_defrtr = 0</html:pre>
        </description>
            <reference href="https://cyber.gouv.fr/sites/default/files/document/linux_configuration-en-v2.pdf">R13</reference>
            <rationale xmlns:xhtml="http://www.w3.org/1999/xhtml" xml:lang="en-US">An illicit router advertisement message could result in a man-in-the-middle attack.</rationale>
            <platform idref="#system_with_kernel"/>
            <ident system="https://ncp.nist.gov/cce">CCE-91208-9</ident>
            <fix xmlns:xhtml="http://www.w3.org/1999/xhtml" id="sysctl_net_ipv6_conf_default_accept_ra_defrtr" system="urn:xccdf:fix:script:sh" reboot="true" complexity="low" disruption="medium" strategy="disable"># Remediation is applicable only in certain platforms
if rpm --quiet -q kernel-default || rpm --quiet -q kernel-default-base; then

# Comment out any occurrences of net.ipv6.conf.default.accept_ra_defrtr from /etc/sysctl.d/*.conf files

for f in /etc/sysctl.d/*.conf /run/sysctl.d/*.conf /usr/local/lib/sysctl.d/*.conf /lib/sysctl.d/*.conf; do


  # skip systemd-sysctl symlink (/etc/sysctl.d/99-sysctl.conf -&gt; /etc/sysctl.conf)
  if [[ "$(readlink -f "$f")" == "/etc/sysctl.conf" ]]; then continue; fi

  matching_list=$(grep -P '^(?!#).*[\s]*net.ipv6.conf.default.accept_ra_defrtr.*$' $f | uniq )
  if ! test -z "$matching_list"; then
    while IFS= read -r entry; do
      escaped_entry=$(sed -e 's|/|\\/|g' &lt;&lt;&lt; "$entry")
      # comment out "net.ipv6.conf.default.accept_ra_defrtr" matches to preserve user data
      sed -i --follow-symlinks "s/^${escaped_entry}$/# &amp;/g" $f
    done &lt;&lt;&lt; "$matching_list"
  fi
done

#
# Set sysctl config file which to save the desired value
#

SYSCONFIG_FILE='/etc/sysctl.d/net_ipv6_conf_default_accept_ra_defrtr.conf'

sysctl_net_ipv6_conf_default_accept_ra_defrtr_value='<xccdf-1.2:sub xmlns:xccdf-1.2="http://checklists.nist.gov/xccdf/1.2" idref="xccdf_org.ssgproject.content_value_sysctl_net_ipv6_conf_default_accept_ra_defrtr_value" use="legacy"/>'


#
# Set runtime for net.ipv6.conf.default.accept_ra_defrtr
#
if ! { rpm --quiet -q kernel rpm-ostree bootc &amp;&amp; ! rpm --quiet -q openshift-kubelet &amp;&amp; { [ -f "/run/.containerenv" ] || [ -f "/.containerenv" ]; }; } ; then
    /sbin/sysctl -q -n -w net.ipv6.conf.default.accept_ra_defrtr="$sysctl_net_ipv6_conf_default_accept_ra_defrtr_value"
fi

#
# If net.ipv6.conf.default.accept_ra_defrtr present in /etc/sysctl.conf, change value to appropriate value
#	else, add "net.ipv6.conf.default.accept_ra_defrtr = value" to /etc/sysctl.conf
#

sed -i "/^$SYSCONFIG_VAR/d" /etc/sysctl.conf

# Strip any search characters in the key arg so that the key can be replaced without
# adding any search characters to the config file.
stripped_key=$(sed 's/[\^=\$,;+]*//g' &lt;&lt;&lt; "^net.ipv6.conf.default.accept_ra_defrtr")

# shellcheck disable=SC2059
printf -v formatted_output "%s = %s" "$stripped_key" "$sysctl_net_ipv6_conf_default_accept_ra_defrtr_value"

# If the key exists, change it. Otherwise, add it to the config_file.
# We search for the key string followed by a word boundary (matched by \&gt;),
# so if we search for 'setting', 'setting2' won't match.
if LC_ALL=C grep -q -m 1 -i -e "^net.ipv6.conf.default.accept_ra_defrtr\\&gt;" "${SYSCONFIG_FILE}"; then
    escaped_formatted_output=$(sed -e 's|/|\\/|g' &lt;&lt;&lt; "$formatted_output")
    LC_ALL=C sed -i --follow-symlinks "s/^net.ipv6.conf.default.accept_ra_defrtr\\&gt;.*/$escaped_formatted_output/gi" "${SYSCONFIG_FILE}"
else
    if [[ -s "${SYSCONFIG_FILE}" ]] &amp;&amp; [[ -n "$(tail -c 1 -- "${SYSCONFIG_FILE}" || true)" ]]; then
        LC_ALL=C sed -i --follow-symlinks '$a'\\ "${SYSCONFIG_FILE}"
    fi
    cce="CCE-91208-9"
    printf '# Per %s: Set %s in %s\n' "${cce}" "${formatted_output}" "${SYSCONFIG_FILE}" &gt;&gt; "${SYSCONFIG_FILE}"
    printf '%s\n' "$formatted_output" &gt;&gt; "${SYSCONFIG_FILE}"
fi

else
    &gt;&amp;2 echo 'Remediation is not applicable, nothing was done'
fi
</fix>
            <fix xmlns:xhtml="http://www.w3.org/1999/xhtml" id="sysctl_net_ipv6_conf_default_accept_ra_defrtr" system="urn:xccdf:fix:script:ansible" reboot="true" complexity="low" disruption="medium" strategy="disable">- name: Gather the package facts
  package_facts:
    manager: auto
  tags:
  - CCE-91208-9
  - disable_strategy
  - low_complexity
  - medium_disruption
  - reboot_required
  - sysctl_net_ipv6_conf_default_accept_ra_defrtr
  - unknown_severity
- name: XCCDF Value sysctl_net_ipv6_conf_default_accept_ra_defrtr_value # promote to variable
  set_fact:
    sysctl_net_ipv6_conf_default_accept_ra_defrtr_value: !!str <xccdf-1.2:sub xmlns:xccdf-1.2="http://checklists.nist.gov/xccdf/1.2" idref="xccdf_org.ssgproject.content_value_sysctl_net_ipv6_conf_default_accept_ra_defrtr_value" use="legacy"/>
  tags:
    - always

- name: Configure Accepting Default Router in Router Advertisements on All IPv6 Interfaces
    By Default - Set fact for sysctl paths
  ansible.builtin.set_fact:
    sysctl_paths:
    - /run/sysctl.d/
    - /etc/sysctl.d/
    - /usr/local/lib/sysctl.d/
    - /lib/sysctl.d/
  when: ("kernel-default" in ansible_facts.packages or "kernel-default-base" in ansible_facts.packages)
  tags:
  - CCE-91208-9
  - disable_strategy
  - low_complexity
  - medium_disruption
  - reboot_required
  - sysctl_net_ipv6_conf_default_accept_ra_defrtr
  - unknown_severity

- name: Configure Accepting Default Router in Router Advertisements on All IPv6 Interfaces
    By Default - Find all files that contain net.ipv6.conf.default.accept_ra_defrtr
  ansible.builtin.shell:
    cmd: find -L {{ sysctl_paths | join(" ") }} -type f -name '*.conf' | xargs grep
      -HP '^\s*net.ipv6.conf.default.accept_ra_defrtr\s*=\s*.*$'
  register: find_all_values
  check_mode: false
  changed_when: false
  failed_when: false
  when: ("kernel-default" in ansible_facts.packages or "kernel-default-base" in ansible_facts.packages)
  tags:
  - CCE-91208-9
  - disable_strategy
  - low_complexity
  - medium_disruption
  - reboot_required
  - sysctl_net_ipv6_conf_default_accept_ra_defrtr
  - unknown_severity

- name: Configure Accepting Default Router in Router Advertisements on All IPv6 Interfaces
    By Default - Find all files that set net.ipv6.conf.default.accept_ra_defrtr to
    correct value
  ansible.builtin.shell:
    cmd: find -L {{ sysctl_paths | join(" ") }} -type f -name '*.conf' | xargs grep
      -HP '^\s*net.ipv6.conf.default.accept_ra_defrtr\s*=\s*{{ sysctl_net_ipv6_conf_default_accept_ra_defrtr_value
      }}$'
  register: find_correct_value
  check_mode: false
  changed_when: false
  failed_when: false
  when: ("kernel-default" in ansible_facts.packages or "kernel-default-base" in ansible_facts.packages)
  tags:
  - CCE-91208-9
  - disable_strategy
  - low_complexity
  - medium_disruption
  - reboot_required
  - sysctl_net_ipv6_conf_default_accept_ra_defrtr
  - unknown_severity

- name: Configure Accepting Default Router in Router Advertisements on All IPv6 Interfaces
    By Default - Comment out any occurrences of net.ipv6.conf.default.accept_ra_defrtr
    from config files
  ansible.builtin.replace:
    path: '{{ item | split(":") | first }}'
    regexp: ^[\s]*net.ipv6.conf.default.accept_ra_defrtr
    replace: '#net.ipv6.conf.default.accept_ra_defrtr'
  loop: '{{ find_all_values.stdout_lines }}'
  when:
  - ("kernel-default" in ansible_facts.packages or "kernel-default-base" in ansible_facts.packages)
  - find_correct_value.stdout_lines | length == 0 or find_all_values.stdout_lines
    | length &gt; find_correct_value.stdout_lines | length
  tags:
  - CCE-91208-9
  - disable_strategy
  - low_complexity
  - medium_disruption
  - reboot_required
  - sysctl_net_ipv6_conf_default_accept_ra_defrtr
  - unknown_severity

- name: Configure Accepting Default Router in Router Advertisements on All IPv6 Interfaces
    By Default - Comment out any occurrences of net.ipv6.conf.default.accept_ra_defrtr
    from /etc/sysctl.conf
  ansible.builtin.replace:
    path: /etc/sysctl.conf
    regexp: ^[\s]*net.ipv6.conf.default.accept_ra_defrtr
    replace: '#net.ipv6.conf.default.accept_ra_defrtr'
  when: ("kernel-default" in ansible_facts.packages or "kernel-default-base" in ansible_facts.packages)
  tags:
  - CCE-91208-9
  - disable_strategy
  - low_complexity
  - medium_disruption
  - reboot_required
  - sysctl_net_ipv6_conf_default_accept_ra_defrtr
  - unknown_severity

- name: Configure Accepting Default Router in Router Advertisements on All IPv6 Interfaces
    By Default - Ensure sysctl net.ipv6.conf.default.accept_ra_defrtr is set
  ansible.posix.sysctl:
    name: net.ipv6.conf.default.accept_ra_defrtr
    value: '{{ sysctl_net_ipv6_conf_default_accept_ra_defrtr_value }}'
    sysctl_file: /etc/sysctl.d/net_ipv6_conf_default_accept_ra_defrtr.conf
    state: present
    reload: true
  when: ("kernel-default" in ansible_facts.packages or "kernel-default-base" in ansible_facts.packages)
  tags:
  - CCE-91208-9
  - disable_strategy
  - low_complexity
  - medium_disruption
  - reboot_required
  - sysctl_net_ipv6_conf_default_accept_ra_defrtr
  - unknown_severity
</fix>
            <check system="http://open-scap.org/page/SCE">
              <check-import import-name="stdout">
                  </check-import>
              <check-export export-name="sysctl_net_ipv6_conf_default_accept_ra_defrtr_value" value-id="xccdf_org.ssgproject.content_value_sysctl_net_ipv6_conf_default_accept_ra_defrtr_value"/>
              <check-content-ref href="sle15/checks/sce/sysctl_net_ipv6_conf_default_accept_ra_defrtr.sh"/>
            </check>
            <check system="http://oval.mitre.org/XMLSchema/oval-definitions-5">
              <check-export export-name="oval:ssg-sysctl_net_ipv6_conf_default_accept_ra_defrtr_value:var:1" value-id="xccdf_org.ssgproject.content_value_sysctl_net_ipv6_conf_default_accept_ra_defrtr_value"/>
              <check-content-ref name="oval:ssg-sysctl_net_ipv6_conf_default_accept_ra_defrtr:def:1" href="ssg-sle15-oval.xml"/>
            </check>
            <check system="http://scap.nist.gov/schema/ocil/2">
              <check-content-ref name="ocil:ssg-sysctl_net_ipv6_conf_default_accept_ra_defrtr_ocil:questionnaire:1" href="ssg-sle15-ocil.xml"/>
            </check>
          </Rule>
          <Rule id="xccdf_org.ssgproject.content_rule_sysctl_net_ipv6_conf_default_accept_ra_pinfo" selected="false" role="full" severity="unknown">
            <title xmlns:xhtml="http://www.w3.org/1999/xhtml" xml:lang="en-US">Configure Accepting Prefix Information in Router Advertisements on All IPv6 Interfaces By Default</title>
            <description xmlns:xhtml="http://www.w3.org/1999/xhtml" xml:lang="en-US">To set the runtime status of the <html:code xmlns:html="http://www.w3.org/1999/xhtml">net.ipv6.conf.default.accept_ra_pinfo</html:code> kernel parameter, run the following command: <html:pre xmlns:html="http://www.w3.org/1999/xhtml">$ sudo sysctl -w net.ipv6.conf.default.accept_ra_pinfo=0</html:pre>
To make sure that the setting is persistent, add the following line to a file in the directory <html:code xmlns:html="http://www.w3.org/1999/xhtml">/etc/sysctl.d</html:code>: <html:pre xmlns:html="http://www.w3.org/1999/xhtml">net.ipv6.conf.default.accept_ra_pinfo = 0</html:pre>
        </description>
            <reference href="https://cyber.gouv.fr/sites/default/files/document/linux_configuration-en-v2.pdf">R13</reference>
            <rationale xmlns:xhtml="http://www.w3.org/1999/xhtml" xml:lang="en-US">An illicit router advertisement message could result in a man-in-the-middle attack.</rationale>
            <platform idref="#system_with_kernel"/>
            <ident system="https://ncp.nist.gov/cce">CCE-91209-7</ident>
            <fix xmlns:xhtml="http://www.w3.org/1999/xhtml" id="sysctl_net_ipv6_conf_default_accept_ra_pinfo" system="urn:xccdf:fix:script:sh" reboot="true" complexity="low" disruption="medium" strategy="disable"># Remediation is applicable only in certain platforms
if rpm --quiet -q kernel-default || rpm --quiet -q kernel-default-base; then

# Comment out any occurrences of net.ipv6.conf.default.accept_ra_pinfo from /etc/sysctl.d/*.conf files

for f in /etc/sysctl.d/*.conf /run/sysctl.d/*.conf /usr/local/lib/sysctl.d/*.conf /lib/sysctl.d/*.conf; do


  # skip systemd-sysctl symlink (/etc/sysctl.d/99-sysctl.conf -&gt; /etc/sysctl.conf)
  if [[ "$(readlink -f "$f")" == "/etc/sysctl.conf" ]]; then continue; fi

  matching_list=$(grep -P '^(?!#).*[\s]*net.ipv6.conf.default.accept_ra_pinfo.*$' $f | uniq )
  if ! test -z "$matching_list"; then
    while IFS= read -r entry; do
      escaped_entry=$(sed -e 's|/|\\/|g' &lt;&lt;&lt; "$entry")
      # comment out "net.ipv6.conf.default.accept_ra_pinfo" matches to preserve user data
      sed -i --follow-symlinks "s/^${escaped_entry}$/# &amp;/g" $f
    done &lt;&lt;&lt; "$matching_list"
  fi
done

#
# Set sysctl config file which to save the desired value
#

SYSCONFIG_FILE='/etc/sysctl.d/net_ipv6_conf_default_accept_ra_pinfo.conf'

sysctl_net_ipv6_conf_default_accept_ra_pinfo_value='<xccdf-1.2:sub xmlns:xccdf-1.2="http://checklists.nist.gov/xccdf/1.2" idref="xccdf_org.ssgproject.content_value_sysctl_net_ipv6_conf_default_accept_ra_pinfo_value" use="legacy"/>'


#
# Set runtime for net.ipv6.conf.default.accept_ra_pinfo
#
if ! { rpm --quiet -q kernel rpm-ostree bootc &amp;&amp; ! rpm --quiet -q openshift-kubelet &amp;&amp; { [ -f "/run/.containerenv" ] || [ -f "/.containerenv" ]; }; } ; then
    /sbin/sysctl -q -n -w net.ipv6.conf.default.accept_ra_pinfo="$sysctl_net_ipv6_conf_default_accept_ra_pinfo_value"
fi

#
# If net.ipv6.conf.default.accept_ra_pinfo present in /etc/sysctl.conf, change value to appropriate value
#	else, add "net.ipv6.conf.default.accept_ra_pinfo = value" to /etc/sysctl.conf
#

sed -i "/^$SYSCONFIG_VAR/d" /etc/sysctl.conf

# Strip any search characters in the key arg so that the key can be replaced without
# adding any search characters to the config file.
stripped_key=$(sed 's/[\^=\$,;+]*//g' &lt;&lt;&lt; "^net.ipv6.conf.default.accept_ra_pinfo")

# shellcheck disable=SC2059
printf -v formatted_output "%s = %s" "$stripped_key" "$sysctl_net_ipv6_conf_default_accept_ra_pinfo_value"

# If the key exists, change it. Otherwise, add it to the config_file.
# We search for the key string followed by a word boundary (matched by \&gt;),
# so if we search for 'setting', 'setting2' won't match.
if LC_ALL=C grep -q -m 1 -i -e "^net.ipv6.conf.default.accept_ra_pinfo\\&gt;" "${SYSCONFIG_FILE}"; then
    escaped_formatted_output=$(sed -e 's|/|\\/|g' &lt;&lt;&lt; "$formatted_output")
    LC_ALL=C sed -i --follow-symlinks "s/^net.ipv6.conf.default.accept_ra_pinfo\\&gt;.*/$escaped_formatted_output/gi" "${SYSCONFIG_FILE}"
else
    if [[ -s "${SYSCONFIG_FILE}" ]] &amp;&amp; [[ -n "$(tail -c 1 -- "${SYSCONFIG_FILE}" || true)" ]]; then
        LC_ALL=C sed -i --follow-symlinks '$a'\\ "${SYSCONFIG_FILE}"
    fi
    cce="CCE-91209-7"
    printf '# Per %s: Set %s in %s\n' "${cce}" "${formatted_output}" "${SYSCONFIG_FILE}" &gt;&gt; "${SYSCONFIG_FILE}"
    printf '%s\n' "$formatted_output" &gt;&gt; "${SYSCONFIG_FILE}"
fi

else
    &gt;&amp;2 echo 'Remediation is not applicable, nothing was done'
fi
</fix>
            <fix xmlns:xhtml="http://www.w3.org/1999/xhtml" id="sysctl_net_ipv6_conf_default_accept_ra_pinfo" system="urn:xccdf:fix:script:ansible" reboot="true" complexity="low" disruption="medium" strategy="disable">- name: Gather the package facts
  package_facts:
    manager: auto
  tags:
  - CCE-91209-7
  - disable_strategy
  - low_complexity
  - medium_disruption
  - reboot_required
  - sysctl_net_ipv6_conf_default_accept_ra_pinfo
  - unknown_severity
- name: XCCDF Value sysctl_net_ipv6_conf_default_accept_ra_pinfo_value # promote to variable
  set_fact:
    sysctl_net_ipv6_conf_default_accept_ra_pinfo_value: !!str <xccdf-1.2:sub xmlns:xccdf-1.2="http://checklists.nist.gov/xccdf/1.2" idref="xccdf_org.ssgproject.content_value_sysctl_net_ipv6_conf_default_accept_ra_pinfo_value" use="legacy"/>
  tags:
    - always

- name: Configure Accepting Prefix Information in Router Advertisements on All IPv6
    Interfaces By Default - Set fact for sysctl paths
  ansible.builtin.set_fact:
    sysctl_paths:
    - /run/sysctl.d/
    - /etc/sysctl.d/
    - /usr/local/lib/sysctl.d/
    - /lib/sysctl.d/
  when: ("kernel-default" in ansible_facts.packages or "kernel-default-base" in ansible_facts.packages)
  tags:
  - CCE-91209-7
  - disable_strategy
  - low_complexity
  - medium_disruption
  - reboot_required
  - sysctl_net_ipv6_conf_default_accept_ra_pinfo
  - unknown_severity

- name: Configure Accepting Prefix Information in Router Advertisements on All IPv6
    Interfaces By Default - Find all files that contain net.ipv6.conf.default.accept_ra_pinfo
  ansible.builtin.shell:
    cmd: find -L {{ sysctl_paths | join(" ") }} -type f -name '*.conf' | xargs grep
      -HP '^\s*net.ipv6.conf.default.accept_ra_pinfo\s*=\s*.*$'
  register: find_all_values
  check_mode: false
  changed_when: false
  failed_when: false
  when: ("kernel-default" in ansible_facts.packages or "kernel-default-base" in ansible_facts.packages)
  tags:
  - CCE-91209-7
  - disable_strategy
  - low_complexity
  - medium_disruption
  - reboot_required
  - sysctl_net_ipv6_conf_default_accept_ra_pinfo
  - unknown_severity

- name: Configure Accepting Prefix Information in Router Advertisements on All IPv6
    Interfaces By Default - Find all files that set net.ipv6.conf.default.accept_ra_pinfo
    to correct value
  ansible.builtin.shell:
    cmd: find -L {{ sysctl_paths | join(" ") }} -type f -name '*.conf' | xargs grep
      -HP '^\s*net.ipv6.conf.default.accept_ra_pinfo\s*=\s*{{ sysctl_net_ipv6_conf_default_accept_ra_pinfo_value
      }}$'
  register: find_correct_value
  check_mode: false
  changed_when: false
  failed_when: false
  when: ("kernel-default" in ansible_facts.packages or "kernel-default-base" in ansible_facts.packages)
  tags:
  - CCE-91209-7
  - disable_strategy
  - low_complexity
  - medium_disruption
  - reboot_required
  - sysctl_net_ipv6_conf_default_accept_ra_pinfo
  - unknown_severity

- name: Configure Accepting Prefix Information in Router Advertisements on All IPv6
    Interfaces By Default - Comment out any occurrences of net.ipv6.conf.default.accept_ra_pinfo
    from config files
  ansible.builtin.replace:
    path: '{{ item | split(":") | first }}'
    regexp: ^[\s]*net.ipv6.conf.default.accept_ra_pinfo
    replace: '#net.ipv6.conf.default.accept_ra_pinfo'
  loop: '{{ find_all_values.stdout_lines }}'
  when:
  - ("kernel-default" in ansible_facts.packages or "kernel-default-base" in ansible_facts.packages)
  - find_correct_value.stdout_lines | length == 0 or find_all_values.stdout_lines
    | length &gt; find_correct_value.stdout_lines | length
  tags:
  - CCE-91209-7
  - disable_strategy
  - low_complexity
  - medium_disruption
  - reboot_required
  - sysctl_net_ipv6_conf_default_accept_ra_pinfo
  - unknown_severity

- name: Configure Accepting Prefix Information in Router Advertisements on All IPv6
    Interfaces By Default - Comment out any occurrences of net.ipv6.conf.default.accept_ra_pinfo
    from /etc/sysctl.conf
  ansible.builtin.replace:
    path: /etc/sysctl.conf
    regexp: ^[\s]*net.ipv6.conf.default.accept_ra_pinfo
    replace: '#net.ipv6.conf.default.accept_ra_pinfo'
  when: ("kernel-default" in ansible_facts.packages or "kernel-default-base" in ansible_facts.packages)
  tags:
  - CCE-91209-7
  - disable_strategy
  - low_complexity
  - medium_disruption
  - reboot_required
  - sysctl_net_ipv6_conf_default_accept_ra_pinfo
  - unknown_severity

- name: Configure Accepting Prefix Information in Router Advertisements on All IPv6
    Interfaces By Default - Ensure sysctl net.ipv6.conf.default.accept_ra_pinfo is
    set
  ansible.posix.sysctl:
    name: net.ipv6.conf.default.accept_ra_pinfo
    value: '{{ sysctl_net_ipv6_conf_default_accept_ra_pinfo_value }}'
    sysctl_file: /etc/sysctl.d/net_ipv6_conf_default_accept_ra_pinfo.conf
    state: present
    reload: true
  when: ("kernel-default" in ansible_facts.packages or "kernel-default-base" in ansible_facts.packages)
  tags:
  - CCE-91209-7
  - disable_strategy
  - low_complexity
  - medium_disruption
  - reboot_required
  - sysctl_net_ipv6_conf_default_accept_ra_pinfo
  - unknown_severity
</fix>
            <check system="http://open-scap.org/page/SCE">
              <check-import import-name="stdout">
                  </check-import>
              <check-export export-name="sysctl_net_ipv6_conf_default_accept_ra_pinfo_value" value-id="xccdf_org.ssgproject.content_value_sysctl_net_ipv6_conf_default_accept_ra_pinfo_value"/>
              <check-content-ref href="sle15/checks/sce/sysctl_net_ipv6_conf_default_accept_ra_pinfo.sh"/>
            </check>
            <check system="http://oval.mitre.org/XMLSchema/oval-definitions-5">
              <check-export export-name="oval:ssg-sysctl_net_ipv6_conf_default_accept_ra_pinfo_value:var:1" value-id="xccdf_org.ssgproject.content_value_sysctl_net_ipv6_conf_default_accept_ra_pinfo_value"/>
              <check-content-ref name="oval:ssg-sysctl_net_ipv6_conf_default_accept_ra_pinfo:def:1" href="ssg-sle15-oval.xml"/>
            </check>
            <check system="http://scap.nist.gov/schema/ocil/2">
              <check-content-ref name="ocil:ssg-sysctl_net_ipv6_conf_default_accept_ra_pinfo_ocil:questionnaire:1" href="ssg-sle15-ocil.xml"/>
            </check>
          </Rule>
          <Rule id="xccdf_org.ssgproject.content_rule_sysctl_net_ipv6_conf_default_accept_ra_rtr_pref" selected="false" role="full" severity="unknown">
            <title xmlns:xhtml="http://www.w3.org/1999/xhtml" xml:lang="en-US">Configure Accepting Router Preference in Router Advertisements on All IPv6 Interfaces By Default</title>
            <description xmlns:xhtml="http://www.w3.org/1999/xhtml" xml:lang="en-US">To set the runtime status of the <html:code xmlns:html="http://www.w3.org/1999/xhtml">net.ipv6.conf.default.accept_ra_rtr_pref</html:code> kernel parameter, run the following command: <html:pre xmlns:html="http://www.w3.org/1999/xhtml">$ sudo sysctl -w net.ipv6.conf.default.accept_ra_rtr_pref=0</html:pre>
To make sure that the setting is persistent, add the following line to a file in the directory <html:code xmlns:html="http://www.w3.org/1999/xhtml">/etc/sysctl.d</html:code>: <html:pre xmlns:html="http://www.w3.org/1999/xhtml">net.ipv6.conf.default.accept_ra_rtr_pref = 0</html:pre>
        </description>
            <reference href="https://cyber.gouv.fr/sites/default/files/document/linux_configuration-en-v2.pdf">R13</reference>
            <rationale xmlns:xhtml="http://www.w3.org/1999/xhtml" xml:lang="en-US">An illicit router advertisement message could result in a man-in-the-middle attack.</rationale>
            <platform idref="#system_with_kernel"/>
            <ident system="https://ncp.nist.gov/cce">CCE-91210-5</ident>
            <fix xmlns:xhtml="http://www.w3.org/1999/xhtml" id="sysctl_net_ipv6_conf_default_accept_ra_rtr_pref" system="urn:xccdf:fix:script:sh" reboot="true" complexity="low" disruption="medium" strategy="disable"># Remediation is applicable only in certain platforms
if rpm --quiet -q kernel-default || rpm --quiet -q kernel-default-base; then

# Comment out any occurrences of net.ipv6.conf.default.accept_ra_rtr_pref from /etc/sysctl.d/*.conf files

for f in /etc/sysctl.d/*.conf /run/sysctl.d/*.conf /usr/local/lib/sysctl.d/*.conf /lib/sysctl.d/*.conf; do


  # skip systemd-sysctl symlink (/etc/sysctl.d/99-sysctl.conf -&gt; /etc/sysctl.conf)
  if [[ "$(readlink -f "$f")" == "/etc/sysctl.conf" ]]; then continue; fi

  matching_list=$(grep -P '^(?!#).*[\s]*net.ipv6.conf.default.accept_ra_rtr_pref.*$' $f | uniq )
  if ! test -z "$matching_list"; then
    while IFS= read -r entry; do
      escaped_entry=$(sed -e 's|/|\\/|g' &lt;&lt;&lt; "$entry")
      # comment out "net.ipv6.conf.default.accept_ra_rtr_pref" matches to preserve user data
      sed -i --follow-symlinks "s/^${escaped_entry}$/# &amp;/g" $f
    done &lt;&lt;&lt; "$matching_list"
  fi
done

#
# Set sysctl config file which to save the desired value
#

SYSCONFIG_FILE='/etc/sysctl.d/net_ipv6_conf_default_accept_ra_rtr_pref.conf'

sysctl_net_ipv6_conf_default_accept_ra_rtr_pref_value='<xccdf-1.2:sub xmlns:xccdf-1.2="http://checklists.nist.gov/xccdf/1.2" idref="xccdf_org.ssgproject.content_value_sysctl_net_ipv6_conf_default_accept_ra_rtr_pref_value" use="legacy"/>'


#
# Set runtime for net.ipv6.conf.default.accept_ra_rtr_pref
#
if ! { rpm --quiet -q kernel rpm-ostree bootc &amp;&amp; ! rpm --quiet -q openshift-kubelet &amp;&amp; { [ -f "/run/.containerenv" ] || [ -f "/.containerenv" ]; }; } ; then
    /sbin/sysctl -q -n -w net.ipv6.conf.default.accept_ra_rtr_pref="$sysctl_net_ipv6_conf_default_accept_ra_rtr_pref_value"
fi

#
# If net.ipv6.conf.default.accept_ra_rtr_pref present in /etc/sysctl.conf, change value to appropriate value
#	else, add "net.ipv6.conf.default.accept_ra_rtr_pref = value" to /etc/sysctl.conf
#

sed -i "/^$SYSCONFIG_VAR/d" /etc/sysctl.conf

# Strip any search characters in the key arg so that the key can be replaced without
# adding any search characters to the config file.
stripped_key=$(sed 's/[\^=\$,;+]*//g' &lt;&lt;&lt; "^net.ipv6.conf.default.accept_ra_rtr_pref")

# shellcheck disable=SC2059
printf -v formatted_output "%s = %s" "$stripped_key" "$sysctl_net_ipv6_conf_default_accept_ra_rtr_pref_value"

# If the key exists, change it. Otherwise, add it to the config_file.
# We search for the key string followed by a word boundary (matched by \&gt;),
# so if we search for 'setting', 'setting2' won't match.
if LC_ALL=C grep -q -m 1 -i -e "^net.ipv6.conf.default.accept_ra_rtr_pref\\&gt;" "${SYSCONFIG_FILE}"; then
    escaped_formatted_output=$(sed -e 's|/|\\/|g' &lt;&lt;&lt; "$formatted_output")
    LC_ALL=C sed -i --follow-symlinks "s/^net.ipv6.conf.default.accept_ra_rtr_pref\\&gt;.*/$escaped_formatted_output/gi" "${SYSCONFIG_FILE}"
else
    if [[ -s "${SYSCONFIG_FILE}" ]] &amp;&amp; [[ -n "$(tail -c 1 -- "${SYSCONFIG_FILE}" || true)" ]]; then
        LC_ALL=C sed -i --follow-symlinks '$a'\\ "${SYSCONFIG_FILE}"
    fi
    cce="CCE-91210-5"
    printf '# Per %s: Set %s in %s\n' "${cce}" "${formatted_output}" "${SYSCONFIG_FILE}" &gt;&gt; "${SYSCONFIG_FILE}"
    printf '%s\n' "$formatted_output" &gt;&gt; "${SYSCONFIG_FILE}"
fi

else
    &gt;&amp;2 echo 'Remediation is not applicable, nothing was done'
fi
</fix>
            <fix xmlns:xhtml="http://www.w3.org/1999/xhtml" id="sysctl_net_ipv6_conf_default_accept_ra_rtr_pref" system="urn:xccdf:fix:script:ansible" reboot="true" complexity="low" disruption="medium" strategy="disable">- name: Gather the package facts
  package_facts:
    manager: auto
  tags:
  - CCE-91210-5
  - disable_strategy
  - low_complexity
  - medium_disruption
  - reboot_required
  - sysctl_net_ipv6_conf_default_accept_ra_rtr_pref
  - unknown_severity
- name: XCCDF Value sysctl_net_ipv6_conf_default_accept_ra_rtr_pref_value # promote to variable
  set_fact:
    sysctl_net_ipv6_conf_default_accept_ra_rtr_pref_value: !!str <xccdf-1.2:sub xmlns:xccdf-1.2="http://checklists.nist.gov/xccdf/1.2" idref="xccdf_org.ssgproject.content_value_sysctl_net_ipv6_conf_default_accept_ra_rtr_pref_value" use="legacy"/>
  tags:
    - always

- name: Configure Accepting Router Preference in Router Advertisements on All IPv6
    Interfaces By Default - Set fact for sysctl paths
  ansible.builtin.set_fact:
    sysctl_paths:
    - /run/sysctl.d/
    - /etc/sysctl.d/
    - /usr/local/lib/sysctl.d/
    - /lib/sysctl.d/
  when: ("kernel-default" in ansible_facts.packages or "kernel-default-base" in ansible_facts.packages)
  tags:
  - CCE-91210-5
  - disable_strategy
  - low_complexity
  - medium_disruption
  - reboot_required
  - sysctl_net_ipv6_conf_default_accept_ra_rtr_pref
  - unknown_severity

- name: Configure Accepting Router Preference in Router Advertisements on All IPv6
    Interfaces By Default - Find all files that contain net.ipv6.conf.default.accept_ra_rtr_pref
  ansible.builtin.shell:
    cmd: find -L {{ sysctl_paths | join(" ") }} -type f -name '*.conf' | xargs grep
      -HP '^\s*net.ipv6.conf.default.accept_ra_rtr_pref\s*=\s*.*$'
  register: find_all_values
  check_mode: false
  changed_when: false
  failed_when: false
  when: ("kernel-default" in ansible_facts.packages or "kernel-default-base" in ansible_facts.packages)
  tags:
  - CCE-91210-5
  - disable_strategy
  - low_complexity
  - medium_disruption
  - reboot_required
  - sysctl_net_ipv6_conf_default_accept_ra_rtr_pref
  - unknown_severity

- name: Configure Accepting Router Preference in Router Advertisements on All IPv6
    Interfaces By Default - Find all files that set net.ipv6.conf.default.accept_ra_rtr_pref
    to correct value
  ansible.builtin.shell:
    cmd: find -L {{ sysctl_paths | join(" ") }} -type f -name '*.conf' | xargs grep
      -HP '^\s*net.ipv6.conf.default.accept_ra_rtr_pref\s*=\s*{{ sysctl_net_ipv6_conf_default_accept_ra_rtr_pref_value
      }}$'
  register: find_correct_value
  check_mode: false
  changed_when: false
  failed_when: false
  when: ("kernel-default" in ansible_facts.packages or "kernel-default-base" in ansible_facts.packages)
  tags:
  - CCE-91210-5
  - disable_strategy
  - low_complexity
  - medium_disruption
  - reboot_required
  - sysctl_net_ipv6_conf_default_accept_ra_rtr_pref
  - unknown_severity

- name: Configure Accepting Router Preference in Router Advertisements on All IPv6
    Interfaces By Default - Comment out any occurrences of net.ipv6.conf.default.accept_ra_rtr_pref
    from config files
  ansible.builtin.replace:
    path: '{{ item | split(":") | first }}'
    regexp: ^[\s]*net.ipv6.conf.default.accept_ra_rtr_pref
    replace: '#net.ipv6.conf.default.accept_ra_rtr_pref'
  loop: '{{ find_all_values.stdout_lines }}'
  when:
  - ("kernel-default" in ansible_facts.packages or "kernel-default-base" in ansible_facts.packages)
  - find_correct_value.stdout_lines | length == 0 or find_all_values.stdout_lines
    | length &gt; find_correct_value.stdout_lines | length
  tags:
  - CCE-91210-5
  - disable_strategy
  - low_complexity
  - medium_disruption
  - reboot_required
  - sysctl_net_ipv6_conf_default_accept_ra_rtr_pref
  - unknown_severity

- name: Configure Accepting Router Preference in Router Advertisements on All IPv6
    Interfaces By Default - Comment out any occurrences of net.ipv6.conf.default.accept_ra_rtr_pref
    from /etc/sysctl.conf
  ansible.builtin.replace:
    path: /etc/sysctl.conf
    regexp: ^[\s]*net.ipv6.conf.default.accept_ra_rtr_pref
    replace: '#net.ipv6.conf.default.accept_ra_rtr_pref'
  when: ("kernel-default" in ansible_facts.packages or "kernel-default-base" in ansible_facts.packages)
  tags:
  - CCE-91210-5
  - disable_strategy
  - low_complexity
  - medium_disruption
  - reboot_required
  - sysctl_net_ipv6_conf_default_accept_ra_rtr_pref
  - unknown_severity

- name: Configure Accepting Router Preference in Router Advertisements on All IPv6
    Interfaces By Default - Ensure sysctl net.ipv6.conf.default.accept_ra_rtr_pref
    is set
  ansible.posix.sysctl:
    name: net.ipv6.conf.default.accept_ra_rtr_pref
    value: '{{ sysctl_net_ipv6_conf_default_accept_ra_rtr_pref_value }}'
    sysctl_file: /etc/sysctl.d/net_ipv6_conf_default_accept_ra_rtr_pref.conf
    state: present
    reload: true
  when: ("kernel-default" in ansible_facts.packages or "kernel-default-base" in ansible_facts.packages)
  tags:
  - CCE-91210-5
  - disable_strategy
  - low_complexity
  - medium_disruption
  - reboot_required
  - sysctl_net_ipv6_conf_default_accept_ra_rtr_pref
  - unknown_severity
</fix>
            <check system="http://open-scap.org/page/SCE">
              <check-import import-name="stdout">
                  </check-import>
              <check-export export-name="sysctl_net_ipv6_conf_default_accept_ra_rtr_pref_value" value-id="xccdf_org.ssgproject.content_value_sysctl_net_ipv6_conf_default_accept_ra_rtr_pref_value"/>
              <check-content-ref href="sle15/checks/sce/sysctl_net_ipv6_conf_default_accept_ra_rtr_pref.sh"/>
            </check>
            <check system="http://oval.mitre.org/XMLSchema/oval-definitions-5">
              <check-export export-name="oval:ssg-sysctl_net_ipv6_conf_default_accept_ra_rtr_pref_value:var:1" value-id="xccdf_org.ssgproject.content_value_sysctl_net_ipv6_conf_default_accept_ra_rtr_pref_value"/>
              <check-content-ref name="oval:ssg-sysctl_net_ipv6_conf_default_accept_ra_rtr_pref:def:1" href="ssg-sle15-oval.xml"/>
            </check>
            <check system="http://scap.nist.gov/schema/ocil/2">
              <check-content-ref name="ocil:ssg-sysctl_net_ipv6_conf_default_accept_ra_rtr_pref_ocil:questionnaire:1" href="ssg-sle15-ocil.xml"/>
            </check>
          </Rule>
          <Rule id="xccdf_org.ssgproject.content_rule_sysctl_net_ipv6_conf_default_accept_redirects" selected="false" role="full" severity="medium">
            <title xmlns:xhtml="http://www.w3.org/1999/xhtml" xml:lang="en-US">Disable Kernel Parameter for Accepting ICMP Redirects by Default on IPv6 Interfaces</title>
            <description xmlns:xhtml="http://www.w3.org/1999/xhtml" xml:lang="en-US">To set the runtime status of the <html:code xmlns:html="http://www.w3.org/1999/xhtml">net.ipv6.conf.default.accept_redirects</html:code> kernel parameter, run the following command: <html:pre xmlns:html="http://www.w3.org/1999/xhtml">$ sudo sysctl -w net.ipv6.conf.default.accept_redirects=0</html:pre>
To make sure that the setting is persistent, add the following line to a file in the directory <html:code xmlns:html="http://www.w3.org/1999/xhtml">/etc/sysctl.d</html:code>: <html:pre xmlns:html="http://www.w3.org/1999/xhtml">net.ipv6.conf.default.accept_redirects = 0</html:pre>
        </description>
            <reference href="https://www.cisecurity.org/controls/">11</reference>
            <reference href="https://www.cisecurity.org/controls/">14</reference>
            <reference href="https://www.cisecurity.org/controls/">3</reference>
            <reference href="https://www.cisecurity.org/controls/">9</reference>
            <reference href="https://www.isaca.org/resources/cobit">BAI10.01</reference>
            <reference href="https://www.isaca.org/resources/cobit">BAI10.02</reference>
            <reference href="https://www.isaca.org/resources/cobit">BAI10.03</reference>
            <reference href="https://www.isaca.org/resources/cobit">BAI10.05</reference>
            <reference href="https://www.isaca.org/resources/cobit">DSS05.02</reference>
            <reference href="https://www.isaca.org/resources/cobit">DSS05.05</reference>
            <reference href="https://www.isaca.org/resources/cobit">DSS06.06</reference>
            <reference href="http://nvlpubs.nist.gov/nistpubs/SpecialPublications/NIST.SP.800-171.pdf">3.1.20</reference>
            <reference href="https://www.isa.org/products/isa-62443-2-1-2009-security-for-industrial-automat">4.3.3.5.1</reference>
            <reference href="https://www.isa.org/products/isa-62443-2-1-2009-security-for-industrial-automat">4.3.3.5.2</reference>
            <reference href="https://www.isa.org/products/isa-62443-2-1-2009-security-for-industrial-automat">4.3.3.5.3</reference>
            <reference href="https://www.isa.org/products/isa-62443-2-1-2009-security-for-industrial-automat">4.3.3.5.4</reference>
            <reference href="https://www.isa.org/products/isa-62443-2-1-2009-security-for-industrial-automat">4.3.3.5.5</reference>
            <reference href="https://www.isa.org/products/isa-62443-2-1-2009-security-for-industrial-automat">4.3.3.5.6</reference>
            <reference href="https://www.isa.org/products/isa-62443-2-1-2009-security-for-industrial-automat">4.3.3.5.7</reference>
            <reference href="https://www.isa.org/products/isa-62443-2-1-2009-security-for-industrial-automat">4.3.3.5.8</reference>
            <reference href="https://www.isa.org/products/isa-62443-2-1-2009-security-for-industrial-automat">4.3.3.6.1</reference>
            <reference href="https://www.isa.org/products/isa-62443-2-1-2009-security-for-industrial-automat">4.3.3.6.2</reference>
            <reference href="https://www.isa.org/products/isa-62443-2-1-2009-security-for-industrial-automat">4.3.3.6.3</reference>
            <reference href="https://www.isa.org/products/isa-62443-2-1-2009-security-for-industrial-automat">4.3.3.6.4</reference>
            <reference href="https://www.isa.org/products/isa-62443-2-1-2009-security-for-industrial-automat">4.3.3.6.5</reference>
            <reference href="https://www.isa.org/products/isa-62443-2-1-2009-security-for-industrial-automat">4.3.3.6.6</reference>
            <reference href="https://www.isa.org/products/isa-62443-2-1-2009-security-for-industrial-automat">4.3.3.6.7</reference>
            <reference href="https://www.isa.org/products/isa-62443-2-1-2009-security-for-industrial-automat">4.3.3.6.8</reference>
            <reference href="https://www.isa.org/products/isa-62443-2-1-2009-security-for-industrial-automat">4.3.3.6.9</reference>
            <reference href="https://www.isa.org/products/isa-62443-2-1-2009-security-for-industrial-automat">4.3.3.7.1</reference>
            <reference href="https://www.isa.org/products/isa-62443-2-1-2009-security-for-industrial-automat">4.3.3.7.2</reference>
            <reference href="https://www.isa.org/products/isa-62443-2-1-2009-security-for-industrial-automat">4.3.3.7.3</reference>
            <reference href="https://www.isa.org/products/isa-62443-2-1-2009-security-for-industrial-automat">4.3.3.7.4</reference>
            <reference href="https://www.isa.org/products/isa-62443-2-1-2009-security-for-industrial-automat">4.3.4.3.2</reference>
            <reference href="https://www.isa.org/products/isa-62443-2-1-2009-security-for-industrial-automat">4.3.4.3.3</reference>
            <reference href="https://www.isa.org/products/ansi-isa-62443-3-3-99-03-03-2013-security-for-indu">SR 1.1</reference>
            <reference href="https://www.isa.org/products/ansi-isa-62443-3-3-99-03-03-2013-security-for-indu">SR 1.10</reference>
            <reference href="https://www.isa.org/products/ansi-isa-62443-3-3-99-03-03-2013-security-for-indu">SR 1.11</reference>
            <reference href="https://www.isa.org/products/ansi-isa-62443-3-3-99-03-03-2013-security-for-indu">SR 1.12</reference>
            <reference href="https://www.isa.org/products/ansi-isa-62443-3-3-99-03-03-2013-security-for-indu">SR 1.13</reference>
            <reference href="https://www.isa.org/products/ansi-isa-62443-3-3-99-03-03-2013-security-for-indu">SR 1.2</reference>
            <reference href="https://www.isa.org/products/ansi-isa-62443-3-3-99-03-03-2013-security-for-indu">SR 1.3</reference>
            <reference href="https://www.isa.org/products/ansi-isa-62443-3-3-99-03-03-2013-security-for-indu">SR 1.4</reference>
            <reference href="https://www.isa.org/products/ansi-isa-62443-3-3-99-03-03-2013-security-for-indu">SR 1.5</reference>
            <reference href="https://www.isa.org/products/ansi-isa-62443-3-3-99-03-03-2013-security-for-indu">SR 1.6</reference>
            <reference href="https://www.isa.org/products/ansi-isa-62443-3-3-99-03-03-2013-security-for-indu">SR 1.7</reference>
            <reference href="https://www.isa.org/products/ansi-isa-62443-3-3-99-03-03-2013-security-for-indu">SR 1.8</reference>
            <reference href="https://www.isa.org/products/ansi-isa-62443-3-3-99-03-03-2013-security-for-indu">SR 1.9</reference>
            <reference href="https://www.isa.org/products/ansi-isa-62443-3-3-99-03-03-2013-security-for-indu">SR 2.1</reference>
            <reference href="https://www.isa.org/products/ansi-isa-62443-3-3-99-03-03-2013-security-for-indu">SR 2.2</reference>
            <reference href="https://www.isa.org/products/ansi-isa-62443-3-3-99-03-03-2013-security-for-indu">SR 2.3</reference>
            <reference href="https://www.isa.org/products/ansi-isa-62443-3-3-99-03-03-2013-security-for-indu">SR 2.4</reference>
            <reference href="https://www.isa.org/products/ansi-isa-62443-3-3-99-03-03-2013-security-for-indu">SR 2.5</reference>
            <reference href="https://www.isa.org/products/ansi-isa-62443-3-3-99-03-03-2013-security-for-indu">SR 2.6</reference>
            <reference href="https://www.isa.org/products/ansi-isa-62443-3-3-99-03-03-2013-security-for-indu">SR 2.7</reference>
            <reference href="https://www.isa.org/products/ansi-isa-62443-3-3-99-03-03-2013-security-for-indu">SR 7.6</reference>
            <reference href="https://www.iso.org/contents/data/standard/05/45/54534.html">A.12.1.2</reference>
            <reference href="https://www.iso.org/contents/data/standard/05/45/54534.html">A.12.5.1</reference>
            <reference href="https://www.iso.org/contents/data/standard/05/45/54534.html">A.12.6.2</reference>
            <reference href="https://www.iso.org/contents/data/standard/05/45/54534.html">A.14.2.2</reference>
            <reference href="https://www.iso.org/contents/data/standard/05/45/54534.html">A.14.2.3</reference>
            <reference href="https://www.iso.org/contents/data/standard/05/45/54534.html">A.14.2.4</reference>
            <reference href="https://www.iso.org/contents/data/standard/05/45/54534.html">A.9.1.2</reference>
            <reference href="http://nvlpubs.nist.gov/nistpubs/SpecialPublications/NIST.SP.800-53r4.pdf">CM-6(b)</reference>
            <reference href="http://nvlpubs.nist.gov/nistpubs/SpecialPublications/NIST.SP.800-53r4.pdf">CM-6.1(iv)</reference>
            <reference href="https://nvlpubs.nist.gov/nistpubs/CSWP/NIST.CSWP.04162018.pdf">PR.IP-1</reference>
            <reference href="https://nvlpubs.nist.gov/nistpubs/CSWP/NIST.CSWP.04162018.pdf">PR.PT-3</reference>
            <reference href="https://www.cyber.mil/stigs/downloads/?_dl_facet_stigs=operating-systems%2Cgeneral-purpose-os">SRG-OS-000480-GPOS-00227</reference>
            <reference href="https://www.cyber.mil/stigs/downloads/?_dl_facet_stigs=operating-systems%2Cunix-linux">SLES-15-040350</reference>
            <reference href="https://www.cisecurity.org/benchmark/suse_linux/">3.3.2</reference>
            <reference href="https://cyber.gouv.fr/sites/default/files/document/linux_configuration-en-v2.pdf">R13</reference>
            <reference href="not_publicly_available">SLES-15-450450075</reference>
            <reference href="https://www.cyber.mil/stigs/srg-stig-tools/">SV-235021r991589_rule</reference>
            <rationale xmlns:xhtml="http://www.w3.org/1999/xhtml" xml:lang="en-US">An illicit ICMP redirect message could result in a man-in-the-middle attack.</rationale>
            <platform idref="#system_with_kernel"/>
            <ident system="https://ncp.nist.gov/cce">CCE-85722-7</ident>
            <fix xmlns:xhtml="http://www.w3.org/1999/xhtml" id="sysctl_net_ipv6_conf_default_accept_redirects" system="urn:xccdf:fix:script:sh" reboot="true" complexity="low" disruption="medium" strategy="disable"># Remediation is applicable only in certain platforms
if rpm --quiet -q kernel-default || rpm --quiet -q kernel-default-base; then

# Comment out any occurrences of net.ipv6.conf.default.accept_redirects from /etc/sysctl.d/*.conf files

for f in /etc/sysctl.d/*.conf /run/sysctl.d/*.conf /usr/local/lib/sysctl.d/*.conf /lib/sysctl.d/*.conf; do


  # skip systemd-sysctl symlink (/etc/sysctl.d/99-sysctl.conf -&gt; /etc/sysctl.conf)
  if [[ "$(readlink -f "$f")" == "/etc/sysctl.conf" ]]; then continue; fi

  matching_list=$(grep -P '^(?!#).*[\s]*net.ipv6.conf.default.accept_redirects.*$' $f | uniq )
  if ! test -z "$matching_list"; then
    while IFS= read -r entry; do
      escaped_entry=$(sed -e 's|/|\\/|g' &lt;&lt;&lt; "$entry")
      # comment out "net.ipv6.conf.default.accept_redirects" matches to preserve user data
      sed -i --follow-symlinks "s/^${escaped_entry}$/# &amp;/g" $f
    done &lt;&lt;&lt; "$matching_list"
  fi
done

#
# Set sysctl config file which to save the desired value
#

SYSCONFIG_FILE='/etc/sysctl.d/net_ipv6_conf_default_accept_redirects.conf'

sysctl_net_ipv6_conf_default_accept_redirects_value='<xccdf-1.2:sub xmlns:xccdf-1.2="http://checklists.nist.gov/xccdf/1.2" idref="xccdf_org.ssgproject.content_value_sysctl_net_ipv6_conf_default_accept_redirects_value" use="legacy"/>'


#
# Set runtime for net.ipv6.conf.default.accept_redirects
#
if ! { rpm --quiet -q kernel rpm-ostree bootc &amp;&amp; ! rpm --quiet -q openshift-kubelet &amp;&amp; { [ -f "/run/.containerenv" ] || [ -f "/.containerenv" ]; }; } ; then
    /sbin/sysctl -q -n -w net.ipv6.conf.default.accept_redirects="$sysctl_net_ipv6_conf_default_accept_redirects_value"
fi

#
# If net.ipv6.conf.default.accept_redirects present in /etc/sysctl.conf, change value to appropriate value
#	else, add "net.ipv6.conf.default.accept_redirects = value" to /etc/sysctl.conf
#

sed -i "/^$SYSCONFIG_VAR/d" /etc/sysctl.conf

# Strip any search characters in the key arg so that the key can be replaced without
# adding any search characters to the config file.
stripped_key=$(sed 's/[\^=\$,;+]*//g' &lt;&lt;&lt; "^net.ipv6.conf.default.accept_redirects")

# shellcheck disable=SC2059
printf -v formatted_output "%s = %s" "$stripped_key" "$sysctl_net_ipv6_conf_default_accept_redirects_value"

# If the key exists, change it. Otherwise, add it to the config_file.
# We search for the key string followed by a word boundary (matched by \&gt;),
# so if we search for 'setting', 'setting2' won't match.
if LC_ALL=C grep -q -m 1 -i -e "^net.ipv6.conf.default.accept_redirects\\&gt;" "${SYSCONFIG_FILE}"; then
    escaped_formatted_output=$(sed -e 's|/|\\/|g' &lt;&lt;&lt; "$formatted_output")
    LC_ALL=C sed -i --follow-symlinks "s/^net.ipv6.conf.default.accept_redirects\\&gt;.*/$escaped_formatted_output/gi" "${SYSCONFIG_FILE}"
else
    if [[ -s "${SYSCONFIG_FILE}" ]] &amp;&amp; [[ -n "$(tail -c 1 -- "${SYSCONFIG_FILE}" || true)" ]]; then
        LC_ALL=C sed -i --follow-symlinks '$a'\\ "${SYSCONFIG_FILE}"
    fi
    cce="CCE-85722-7"
    printf '# Per %s: Set %s in %s\n' "${cce}" "${formatted_output}" "${SYSCONFIG_FILE}" &gt;&gt; "${SYSCONFIG_FILE}"
    printf '%s\n' "$formatted_output" &gt;&gt; "${SYSCONFIG_FILE}"
fi

else
    &gt;&amp;2 echo 'Remediation is not applicable, nothing was done'
fi
</fix>
            <fix xmlns:xhtml="http://www.w3.org/1999/xhtml" id="sysctl_net_ipv6_conf_default_accept_redirects" system="urn:xccdf:fix:script:ansible" reboot="true" complexity="low" disruption="medium" strategy="disable">- name: Gather the package facts
  package_facts:
    manager: auto
  tags:
  - CCE-85722-7
  - DISA-STIG-SLES-15-040350
  - NIST-800-171-3.1.20
  - NIST-800-53-CM-6(b)
  - NIST-800-53-CM-6.1(iv)
  - disable_strategy
  - low_complexity
  - medium_disruption
  - medium_severity
  - reboot_required
  - sysctl_net_ipv6_conf_default_accept_redirects
- name: XCCDF Value sysctl_net_ipv6_conf_default_accept_redirects_value # promote to variable
  set_fact:
    sysctl_net_ipv6_conf_default_accept_redirects_value: !!str <xccdf-1.2:sub xmlns:xccdf-1.2="http://checklists.nist.gov/xccdf/1.2" idref="xccdf_org.ssgproject.content_value_sysctl_net_ipv6_conf_default_accept_redirects_value" use="legacy"/>
  tags:
    - always

- name: Disable Kernel Parameter for Accepting ICMP Redirects by Default on IPv6 Interfaces
    - Set fact for sysctl paths
  ansible.builtin.set_fact:
    sysctl_paths:
    - /run/sysctl.d/
    - /etc/sysctl.d/
    - /usr/local/lib/sysctl.d/
    - /lib/sysctl.d/
  when: ("kernel-default" in ansible_facts.packages or "kernel-default-base" in ansible_facts.packages)
  tags:
  - CCE-85722-7
  - DISA-STIG-SLES-15-040350
  - NIST-800-171-3.1.20
  - NIST-800-53-CM-6(b)
  - NIST-800-53-CM-6.1(iv)
  - disable_strategy
  - low_complexity
  - medium_disruption
  - medium_severity
  - reboot_required
  - sysctl_net_ipv6_conf_default_accept_redirects

- name: Disable Kernel Parameter for Accepting ICMP Redirects by Default on IPv6 Interfaces
    - Find all files that contain net.ipv6.conf.default.accept_redirects
  ansible.builtin.shell:
    cmd: find -L {{ sysctl_paths | join(" ") }} -type f -name '*.conf' | xargs grep
      -HP '^\s*net.ipv6.conf.default.accept_redirects\s*=\s*.*$'
  register: find_all_values
  check_mode: false
  changed_when: false
  failed_when: false
  when: ("kernel-default" in ansible_facts.packages or "kernel-default-base" in ansible_facts.packages)
  tags:
  - CCE-85722-7
  - DISA-STIG-SLES-15-040350
  - NIST-800-171-3.1.20
  - NIST-800-53-CM-6(b)
  - NIST-800-53-CM-6.1(iv)
  - disable_strategy
  - low_complexity
  - medium_disruption
  - medium_severity
  - reboot_required
  - sysctl_net_ipv6_conf_default_accept_redirects

- name: Disable Kernel Parameter for Accepting ICMP Redirects by Default on IPv6 Interfaces
    - Find all files that set net.ipv6.conf.default.accept_redirects to correct value
  ansible.builtin.shell:
    cmd: find -L {{ sysctl_paths | join(" ") }} -type f -name '*.conf' | xargs grep
      -HP '^\s*net.ipv6.conf.default.accept_redirects\s*=\s*{{ sysctl_net_ipv6_conf_default_accept_redirects_value
      }}$'
  register: find_correct_value
  check_mode: false
  changed_when: false
  failed_when: false
  when: ("kernel-default" in ansible_facts.packages or "kernel-default-base" in ansible_facts.packages)
  tags:
  - CCE-85722-7
  - DISA-STIG-SLES-15-040350
  - NIST-800-171-3.1.20
  - NIST-800-53-CM-6(b)
  - NIST-800-53-CM-6.1(iv)
  - disable_strategy
  - low_complexity
  - medium_disruption
  - medium_severity
  - reboot_required
  - sysctl_net_ipv6_conf_default_accept_redirects

- name: Disable Kernel Parameter for Accepting ICMP Redirects by Default on IPv6 Interfaces
    - Comment out any occurrences of net.ipv6.conf.default.accept_redirects from config
    files
  ansible.builtin.replace:
    path: '{{ item | split(":") | first }}'
    regexp: ^[\s]*net.ipv6.conf.default.accept_redirects
    replace: '#net.ipv6.conf.default.accept_redirects'
  loop: '{{ find_all_values.stdout_lines }}'
  when:
  - ("kernel-default" in ansible_facts.packages or "kernel-default-base" in ansible_facts.packages)
  - find_correct_value.stdout_lines | length == 0 or find_all_values.stdout_lines
    | length &gt; find_correct_value.stdout_lines | length
  tags:
  - CCE-85722-7
  - DISA-STIG-SLES-15-040350
  - NIST-800-171-3.1.20
  - NIST-800-53-CM-6(b)
  - NIST-800-53-CM-6.1(iv)
  - disable_strategy
  - low_complexity
  - medium_disruption
  - medium_severity
  - reboot_required
  - sysctl_net_ipv6_conf_default_accept_redirects

- name: Disable Kernel Parameter for Accepting ICMP Redirects by Default on IPv6 Interfaces
    - Comment out any occurrences of net.ipv6.conf.default.accept_redirects from /etc/sysctl.conf
  ansible.builtin.replace:
    path: /etc/sysctl.conf
    regexp: ^[\s]*net.ipv6.conf.default.accept_redirects
    replace: '#net.ipv6.conf.default.accept_redirects'
  when: ("kernel-default" in ansible_facts.packages or "kernel-default-base" in ansible_facts.packages)
  tags:
  - CCE-85722-7
  - DISA-STIG-SLES-15-040350
  - NIST-800-171-3.1.20
  - NIST-800-53-CM-6(b)
  - NIST-800-53-CM-6.1(iv)
  - disable_strategy
  - low_complexity
  - medium_disruption
  - medium_severity
  - reboot_required
  - sysctl_net_ipv6_conf_default_accept_redirects

- name: Disable Kernel Parameter for Accepting ICMP Redirects by Default on IPv6 Interfaces
    - Ensure sysctl net.ipv6.conf.default.accept_redirects is set
  ansible.posix.sysctl:
    name: net.ipv6.conf.default.accept_redirects
    value: '{{ sysctl_net_ipv6_conf_default_accept_redirects_value }}'
    sysctl_file: /etc/sysctl.d/net_ipv6_conf_default_accept_redirects.conf
    state: present
    reload: true
  when: ("kernel-default" in ansible_facts.packages or "kernel-default-base" in ansible_facts.packages)
  tags:
  - CCE-85722-7
  - DISA-STIG-SLES-15-040350
  - NIST-800-171-3.1.20
  - NIST-800-53-CM-6(b)
  - NIST-800-53-CM-6.1(iv)
  - disable_strategy
  - low_complexity
  - medium_disruption
  - medium_severity
  - reboot_required
  - sysctl_net_ipv6_conf_default_accept_redirects
</fix>
            <check system="http://open-scap.org/page/SCE">
              <check-import import-name="stdout">
                  </check-import>
              <check-export export-name="sysctl_net_ipv6_conf_default_accept_redirects_value" value-id="xccdf_org.ssgproject.content_value_sysctl_net_ipv6_conf_default_accept_redirects_value"/>
              <check-content-ref href="sle15/checks/sce/sysctl_net_ipv6_conf_default_accept_redirects.sh"/>
            </check>
            <check system="http://oval.mitre.org/XMLSchema/oval-definitions-5">
              <check-export export-name="oval:ssg-sysctl_net_ipv6_conf_default_accept_redirects_value:var:1" value-id="xccdf_org.ssgproject.content_value_sysctl_net_ipv6_conf_default_accept_redirects_value"/>
              <check-content-ref name="oval:ssg-sysctl_net_ipv6_conf_default_accept_redirects:def:1" href="ssg-sle15-oval.xml"/>
            </check>
            <check system="http://scap.nist.gov/schema/ocil/2">
              <check-content-ref name="ocil:ssg-sysctl_net_ipv6_conf_default_accept_redirects_ocil:questionnaire:1" href="ssg-sle15-ocil.xml"/>
            </check>
          </Rule>
          <Rule id="xccdf_org.ssgproject.content_rule_sysctl_net_ipv6_conf_default_accept_source_route" selected="false" role="full" severity="medium">
            <title xmlns:xhtml="http://www.w3.org/1999/xhtml" xml:lang="en-US">Disable Kernel Parameter for Accepting Source-Routed Packets on IPv6 Interfaces by Default</title>
            <description xmlns:xhtml="http://www.w3.org/1999/xhtml" xml:lang="en-US">To set the runtime status of the <html:code xmlns:html="http://www.w3.org/1999/xhtml">net.ipv6.conf.default.accept_source_route</html:code> kernel parameter, run the following command: <html:pre xmlns:html="http://www.w3.org/1999/xhtml">$ sudo sysctl -w net.ipv6.conf.default.accept_source_route=0</html:pre>
To make sure that the setting is persistent, add the following line to a file in the directory <html:code xmlns:html="http://www.w3.org/1999/xhtml">/etc/sysctl.d</html:code>: <html:pre xmlns:html="http://www.w3.org/1999/xhtml">net.ipv6.conf.default.accept_source_route = 0</html:pre>
        </description>
            <reference href="https://www.cisecurity.org/controls/">1</reference>
            <reference href="https://www.cisecurity.org/controls/">12</reference>
            <reference href="https://www.cisecurity.org/controls/">13</reference>
            <reference href="https://www.cisecurity.org/controls/">14</reference>
            <reference href="https://www.cisecurity.org/controls/">15</reference>
            <reference href="https://www.cisecurity.org/controls/">16</reference>
            <reference href="https://www.cisecurity.org/controls/">18</reference>
            <reference href="https://www.cisecurity.org/controls/">4</reference>
            <reference href="https://www.cisecurity.org/controls/">6</reference>
            <reference href="https://www.cisecurity.org/controls/">8</reference>
            <reference href="https://www.cisecurity.org/controls/">9</reference>
            <reference href="https://www.isaca.org/resources/cobit">APO01.06</reference>
            <reference href="https://www.isaca.org/resources/cobit">APO13.01</reference>
            <reference href="https://www.isaca.org/resources/cobit">DSS01.05</reference>
            <reference href="https://www.isaca.org/resources/cobit">DSS03.01</reference>
            <reference href="https://www.isaca.org/resources/cobit">DSS05.02</reference>
            <reference href="https://www.isaca.org/resources/cobit">DSS05.04</reference>
            <reference href="https://www.isaca.org/resources/cobit">DSS05.07</reference>
            <reference href="https://www.isaca.org/resources/cobit">DSS06.02</reference>
            <reference href="http://nvlpubs.nist.gov/nistpubs/SpecialPublications/NIST.SP.800-171.pdf">3.1.20</reference>
            <reference href="https://www.isa.org/products/isa-62443-2-1-2009-security-for-industrial-automat">4.2.3.4</reference>
            <reference href="https://www.isa.org/products/isa-62443-2-1-2009-security-for-industrial-automat">4.3.3.4</reference>
            <reference href="https://www.isa.org/products/isa-62443-2-1-2009-security-for-industrial-automat">4.4.3.3</reference>
            <reference href="https://www.isa.org/products/ansi-isa-62443-3-3-99-03-03-2013-security-for-indu">SR 3.1</reference>
            <reference href="https://www.isa.org/products/ansi-isa-62443-3-3-99-03-03-2013-security-for-indu">SR 3.5</reference>
            <reference href="https://www.isa.org/products/ansi-isa-62443-3-3-99-03-03-2013-security-for-indu">SR 3.8</reference>
            <reference href="https://www.isa.org/products/ansi-isa-62443-3-3-99-03-03-2013-security-for-indu">SR 4.1</reference>
            <reference href="https://www.isa.org/products/ansi-isa-62443-3-3-99-03-03-2013-security-for-indu">SR 4.3</reference>
            <reference href="https://www.isa.org/products/ansi-isa-62443-3-3-99-03-03-2013-security-for-indu">SR 5.1</reference>
            <reference href="https://www.isa.org/products/ansi-isa-62443-3-3-99-03-03-2013-security-for-indu">SR 5.2</reference>
            <reference href="https://www.isa.org/products/ansi-isa-62443-3-3-99-03-03-2013-security-for-indu">SR 5.3</reference>
            <reference href="https://www.isa.org/products/ansi-isa-62443-3-3-99-03-03-2013-security-for-indu">SR 7.1</reference>
            <reference href="https://www.isa.org/products/ansi-isa-62443-3-3-99-03-03-2013-security-for-indu">SR 7.6</reference>
            <reference href="https://www.iso.org/contents/data/standard/05/45/54534.html">A.10.1.1</reference>
            <reference href="https://www.iso.org/contents/data/standard/05/45/54534.html">A.11.1.4</reference>
            <reference href="https://www.iso.org/contents/data/standard/05/45/54534.html">A.11.1.5</reference>
            <reference href="https://www.iso.org/contents/data/standard/05/45/54534.html">A.11.2.1</reference>
            <reference href="https://www.iso.org/contents/data/standard/05/45/54534.html">A.12.1.1</reference>
            <reference href="https://www.iso.org/contents/data/standard/05/45/54534.html">A.12.1.2</reference>
            <reference href="https://www.iso.org/contents/data/standard/05/45/54534.html">A.13.1.1</reference>
            <reference href="https://www.iso.org/contents/data/standard/05/45/54534.html">A.13.1.2</reference>
            <reference href="https://www.iso.org/contents/data/standard/05/45/54534.html">A.13.1.3</reference>
            <reference href="https://www.iso.org/contents/data/standard/05/45/54534.html">A.13.2.1</reference>
            <reference href="https://www.iso.org/contents/data/standard/05/45/54534.html">A.13.2.2</reference>
            <reference href="https://www.iso.org/contents/data/standard/05/45/54534.html">A.13.2.3</reference>
            <reference href="https://www.iso.org/contents/data/standard/05/45/54534.html">A.13.2.4</reference>
            <reference href="https://www.iso.org/contents/data/standard/05/45/54534.html">A.14.1.2</reference>
            <reference href="https://www.iso.org/contents/data/standard/05/45/54534.html">A.14.1.3</reference>
            <reference href="https://www.iso.org/contents/data/standard/05/45/54534.html">A.6.1.2</reference>
            <reference href="https://www.iso.org/contents/data/standard/05/45/54534.html">A.7.1.1</reference>
            <reference href="https://www.iso.org/contents/data/standard/05/45/54534.html">A.7.1.2</reference>
            <reference href="https://www.iso.org/contents/data/standard/05/45/54534.html">A.7.3.1</reference>
            <reference href="https://www.iso.org/contents/data/standard/05/45/54534.html">A.8.2.2</reference>
            <reference href="https://www.iso.org/contents/data/standard/05/45/54534.html">A.8.2.3</reference>
            <reference href="https://www.iso.org/contents/data/standard/05/45/54534.html">A.9.1.1</reference>
            <reference href="https://www.iso.org/contents/data/standard/05/45/54534.html">A.9.1.2</reference>
            <reference href="https://www.iso.org/contents/data/standard/05/45/54534.html">A.9.2.3</reference>
            <reference href="https://www.iso.org/contents/data/standard/05/45/54534.html">A.9.4.1</reference>
            <reference href="https://www.iso.org/contents/data/standard/05/45/54534.html">A.9.4.4</reference>
            <reference href="https://www.iso.org/contents/data/standard/05/45/54534.html">A.9.4.5</reference>
            <reference href="http://nvlpubs.nist.gov/nistpubs/SpecialPublications/NIST.SP.800-53r4.pdf">CM-7(a)</reference>
            <reference href="http://nvlpubs.nist.gov/nistpubs/SpecialPublications/NIST.SP.800-53r4.pdf">CM-7(b)</reference>
            <reference href="http://nvlpubs.nist.gov/nistpubs/SpecialPublications/NIST.SP.800-53r4.pdf">CM-6(a)</reference>
            <reference href="http://nvlpubs.nist.gov/nistpubs/SpecialPublications/NIST.SP.800-53r4.pdf">CM-6(b)</reference>
            <reference href="http://nvlpubs.nist.gov/nistpubs/SpecialPublications/NIST.SP.800-53r4.pdf">CM-6.1(iv)</reference>
            <reference href="https://nvlpubs.nist.gov/nistpubs/CSWP/NIST.CSWP.04162018.pdf">DE.AE-1</reference>
            <reference href="https://nvlpubs.nist.gov/nistpubs/CSWP/NIST.CSWP.04162018.pdf">ID.AM-3</reference>
            <reference href="https://nvlpubs.nist.gov/nistpubs/CSWP/NIST.CSWP.04162018.pdf">PR.AC-5</reference>
            <reference href="https://nvlpubs.nist.gov/nistpubs/CSWP/NIST.CSWP.04162018.pdf">PR.DS-5</reference>
            <reference href="https://nvlpubs.nist.gov/nistpubs/CSWP/NIST.CSWP.04162018.pdf">PR.PT-4</reference>
            <reference href="https://www.pcisecuritystandards.org/documents/PCI_DSS_v3-2-1.pdf">Req-1.4.3</reference>
            <reference href="https://www.cyber.mil/stigs/downloads/?_dl_facet_stigs=operating-systems%2Cgeneral-purpose-os">SRG-OS-000480-GPOS-00227</reference>
            <reference href="https://www.cyber.mil/stigs/downloads/?_dl_facet_stigs=operating-systems%2Cunix-linux">SLES-15-040321</reference>
            <reference href="https://www.cisecurity.org/benchmark/suse_linux/">3.3.1</reference>
            <reference href="https://cyber.gouv.fr/sites/default/files/document/linux_configuration-en-v2.pdf">R13</reference>
            <reference href="not_publicly_available">SLES-15-450450120</reference>
            <reference href="https://docs-prv.pcisecuritystandards.org/PCI%20DSS/Standard/PCI-DSS-v4_0.pdf">1.4.2</reference>
            <reference href="https://docs-prv.pcisecuritystandards.org/PCI%20DSS/Standard/PCI-DSS-v4_0.pdf">1.4</reference>
            <reference href="https://www.cyber.mil/stigs/srg-stig-tools/">SV-235017r991589_rule</reference>
            <rationale xmlns:xhtml="http://www.w3.org/1999/xhtml" xml:lang="en-US">Source-routed packets allow the source of the packet to suggest routers
forward the packet along a different path than configured on the router, which can
be used to bypass network security measures. This requirement applies only to the
forwarding of source-routerd traffic, such as when IPv6 forwarding is enabled and
the system is functioning as a router.

Accepting source-routed packets in the IPv6 protocol has few legitimate
uses. It should be disabled unless it is absolutely required.</rationale>
            <platform idref="#system_with_kernel"/>
            <ident system="https://ncp.nist.gov/cce">CCE-85653-4</ident>
            <fix xmlns:xhtml="http://www.w3.org/1999/xhtml" id="sysctl_net_ipv6_conf_default_accept_source_route" system="urn:xccdf:fix:script:sh" reboot="true" complexity="low" disruption="medium" strategy="disable"># Remediation is applicable only in certain platforms
if rpm --quiet -q kernel-default || rpm --quiet -q kernel-default-base; then

# Comment out any occurrences of net.ipv6.conf.default.accept_source_route from /etc/sysctl.d/*.conf files

for f in /etc/sysctl.d/*.conf /run/sysctl.d/*.conf /usr/local/lib/sysctl.d/*.conf /lib/sysctl.d/*.conf; do


  # skip systemd-sysctl symlink (/etc/sysctl.d/99-sysctl.conf -&gt; /etc/sysctl.conf)
  if [[ "$(readlink -f "$f")" == "/etc/sysctl.conf" ]]; then continue; fi

  matching_list=$(grep -P '^(?!#).*[\s]*net.ipv6.conf.default.accept_source_route.*$' $f | uniq )
  if ! test -z "$matching_list"; then
    while IFS= read -r entry; do
      escaped_entry=$(sed -e 's|/|\\/|g' &lt;&lt;&lt; "$entry")
      # comment out "net.ipv6.conf.default.accept_source_route" matches to preserve user data
      sed -i --follow-symlinks "s/^${escaped_entry}$/# &amp;/g" $f
    done &lt;&lt;&lt; "$matching_list"
  fi
done

#
# Set sysctl config file which to save the desired value
#

SYSCONFIG_FILE='/etc/sysctl.d/net_ipv6_conf_default_accept_source_route.conf'

sysctl_net_ipv6_conf_default_accept_source_route_value='<xccdf-1.2:sub xmlns:xccdf-1.2="http://checklists.nist.gov/xccdf/1.2" idref="xccdf_org.ssgproject.content_value_sysctl_net_ipv6_conf_default_accept_source_route_value" use="legacy"/>'


#
# Set runtime for net.ipv6.conf.default.accept_source_route
#
if ! { rpm --quiet -q kernel rpm-ostree bootc &amp;&amp; ! rpm --quiet -q openshift-kubelet &amp;&amp; { [ -f "/run/.containerenv" ] || [ -f "/.containerenv" ]; }; } ; then
    /sbin/sysctl -q -n -w net.ipv6.conf.default.accept_source_route="$sysctl_net_ipv6_conf_default_accept_source_route_value"
fi

#
# If net.ipv6.conf.default.accept_source_route present in /etc/sysctl.conf, change value to appropriate value
#	else, add "net.ipv6.conf.default.accept_source_route = value" to /etc/sysctl.conf
#

sed -i "/^$SYSCONFIG_VAR/d" /etc/sysctl.conf

# Strip any search characters in the key arg so that the key can be replaced without
# adding any search characters to the config file.
stripped_key=$(sed 's/[\^=\$,;+]*//g' &lt;&lt;&lt; "^net.ipv6.conf.default.accept_source_route")

# shellcheck disable=SC2059
printf -v formatted_output "%s = %s" "$stripped_key" "$sysctl_net_ipv6_conf_default_accept_source_route_value"

# If the key exists, change it. Otherwise, add it to the config_file.
# We search for the key string followed by a word boundary (matched by \&gt;),
# so if we search for 'setting', 'setting2' won't match.
if LC_ALL=C grep -q -m 1 -i -e "^net.ipv6.conf.default.accept_source_route\\&gt;" "${SYSCONFIG_FILE}"; then
    escaped_formatted_output=$(sed -e 's|/|\\/|g' &lt;&lt;&lt; "$formatted_output")
    LC_ALL=C sed -i --follow-symlinks "s/^net.ipv6.conf.default.accept_source_route\\&gt;.*/$escaped_formatted_output/gi" "${SYSCONFIG_FILE}"
else
    if [[ -s "${SYSCONFIG_FILE}" ]] &amp;&amp; [[ -n "$(tail -c 1 -- "${SYSCONFIG_FILE}" || true)" ]]; then
        LC_ALL=C sed -i --follow-symlinks '$a'\\ "${SYSCONFIG_FILE}"
    fi
    cce="CCE-85653-4"
    printf '# Per %s: Set %s in %s\n' "${cce}" "${formatted_output}" "${SYSCONFIG_FILE}" &gt;&gt; "${SYSCONFIG_FILE}"
    printf '%s\n' "$formatted_output" &gt;&gt; "${SYSCONFIG_FILE}"
fi

else
    &gt;&amp;2 echo 'Remediation is not applicable, nothing was done'
fi
</fix>
            <fix xmlns:xhtml="http://www.w3.org/1999/xhtml" id="sysctl_net_ipv6_conf_default_accept_source_route" system="urn:xccdf:fix:script:ansible" reboot="true" complexity="low" disruption="medium" strategy="disable">- name: Gather the package facts
  package_facts:
    manager: auto
  tags:
  - CCE-85653-4
  - DISA-STIG-SLES-15-040321
  - NIST-800-171-3.1.20
  - NIST-800-53-CM-6(a)
  - NIST-800-53-CM-6(b)
  - NIST-800-53-CM-6.1(iv)
  - NIST-800-53-CM-7(a)
  - NIST-800-53-CM-7(b)
  - PCI-DSS-Req-1.4.3
  - PCI-DSSv4-1.4
  - PCI-DSSv4-1.4.2
  - disable_strategy
  - low_complexity
  - medium_disruption
  - medium_severity
  - reboot_required
  - sysctl_net_ipv6_conf_default_accept_source_route
- name: XCCDF Value sysctl_net_ipv6_conf_default_accept_source_route_value # promote to variable
  set_fact:
    sysctl_net_ipv6_conf_default_accept_source_route_value: !!str <xccdf-1.2:sub xmlns:xccdf-1.2="http://checklists.nist.gov/xccdf/1.2" idref="xccdf_org.ssgproject.content_value_sysctl_net_ipv6_conf_default_accept_source_route_value" use="legacy"/>
  tags:
    - always

- name: Disable Kernel Parameter for Accepting Source-Routed Packets on IPv6 Interfaces
    by Default - Set fact for sysctl paths
  ansible.builtin.set_fact:
    sysctl_paths:
    - /run/sysctl.d/
    - /etc/sysctl.d/
    - /usr/local/lib/sysctl.d/
    - /lib/sysctl.d/
  when: ("kernel-default" in ansible_facts.packages or "kernel-default-base" in ansible_facts.packages)
  tags:
  - CCE-85653-4
  - DISA-STIG-SLES-15-040321
  - NIST-800-171-3.1.20
  - NIST-800-53-CM-6(a)
  - NIST-800-53-CM-6(b)
  - NIST-800-53-CM-6.1(iv)
  - NIST-800-53-CM-7(a)
  - NIST-800-53-CM-7(b)
  - PCI-DSS-Req-1.4.3
  - PCI-DSSv4-1.4
  - PCI-DSSv4-1.4.2
  - disable_strategy
  - low_complexity
  - medium_disruption
  - medium_severity
  - reboot_required
  - sysctl_net_ipv6_conf_default_accept_source_route

- name: Disable Kernel Parameter for Accepting Source-Routed Packets on IPv6 Interfaces
    by Default - Find all files that contain net.ipv6.conf.default.accept_source_route
  ansible.builtin.shell:
    cmd: find -L {{ sysctl_paths | join(" ") }} -type f -name '*.conf' | xargs grep
      -HP '^\s*net.ipv6.conf.default.accept_source_route\s*=\s*.*$'
  register: find_all_values
  check_mode: false
  changed_when: false
  failed_when: false
  when: ("kernel-default" in ansible_facts.packages or "kernel-default-base" in ansible_facts.packages)
  tags:
  - CCE-85653-4
  - DISA-STIG-SLES-15-040321
  - NIST-800-171-3.1.20
  - NIST-800-53-CM-6(a)
  - NIST-800-53-CM-6(b)
  - NIST-800-53-CM-6.1(iv)
  - NIST-800-53-CM-7(a)
  - NIST-800-53-CM-7(b)
  - PCI-DSS-Req-1.4.3
  - PCI-DSSv4-1.4
  - PCI-DSSv4-1.4.2
  - disable_strategy
  - low_complexity
  - medium_disruption
  - medium_severity
  - reboot_required
  - sysctl_net_ipv6_conf_default_accept_source_route

- name: Disable Kernel Parameter for Accepting Source-Routed Packets on IPv6 Interfaces
    by Default - Find all files that set net.ipv6.conf.default.accept_source_route
    to correct value
  ansible.builtin.shell:
    cmd: find -L {{ sysctl_paths | join(" ") }} -type f -name '*.conf' | xargs grep
      -HP '^\s*net.ipv6.conf.default.accept_source_route\s*=\s*{{ sysctl_net_ipv6_conf_default_accept_source_route_value
      }}$'
  register: find_correct_value
  check_mode: false
  changed_when: false
  failed_when: false
  when: ("kernel-default" in ansible_facts.packages or "kernel-default-base" in ansible_facts.packages)
  tags:
  - CCE-85653-4
  - DISA-STIG-SLES-15-040321
  - NIST-800-171-3.1.20
  - NIST-800-53-CM-6(a)
  - NIST-800-53-CM-6(b)
  - NIST-800-53-CM-6.1(iv)
  - NIST-800-53-CM-7(a)
  - NIST-800-53-CM-7(b)
  - PCI-DSS-Req-1.4.3
  - PCI-DSSv4-1.4
  - PCI-DSSv4-1.4.2
  - disable_strategy
  - low_complexity
  - medium_disruption
  - medium_severity
  - reboot_required
  - sysctl_net_ipv6_conf_default_accept_source_route

- name: Disable Kernel Parameter for Accepting Source-Routed Packets on IPv6 Interfaces
    by Default - Comment out any occurrences of net.ipv6.conf.default.accept_source_route
    from config files
  ansible.builtin.replace:
    path: '{{ item | split(":") | first }}'
    regexp: ^[\s]*net.ipv6.conf.default.accept_source_route
    replace: '#net.ipv6.conf.default.accept_source_route'
  loop: '{{ find_all_values.stdout_lines }}'
  when:
  - ("kernel-default" in ansible_facts.packages or "kernel-default-base" in ansible_facts.packages)
  - find_correct_value.stdout_lines | length == 0 or find_all_values.stdout_lines
    | length &gt; find_correct_value.stdout_lines | length
  tags:
  - CCE-85653-4
  - DISA-STIG-SLES-15-040321
  - NIST-800-171-3.1.20
  - NIST-800-53-CM-6(a)
  - NIST-800-53-CM-6(b)
  - NIST-800-53-CM-6.1(iv)
  - NIST-800-53-CM-7(a)
  - NIST-800-53-CM-7(b)
  - PCI-DSS-Req-1.4.3
  - PCI-DSSv4-1.4
  - PCI-DSSv4-1.4.2
  - disable_strategy
  - low_complexity
  - medium_disruption
  - medium_severity
  - reboot_required
  - sysctl_net_ipv6_conf_default_accept_source_route

- name: Disable Kernel Parameter for Accepting Source-Routed Packets on IPv6 Interfaces
    by Default - Comment out any occurrences of net.ipv6.conf.default.accept_source_route
    from /etc/sysctl.conf
  ansible.builtin.replace:
    path: /etc/sysctl.conf
    regexp: ^[\s]*net.ipv6.conf.default.accept_source_route
    replace: '#net.ipv6.conf.default.accept_source_route'
  when: ("kernel-default" in ansible_facts.packages or "kernel-default-base" in ansible_facts.packages)
  tags:
  - CCE-85653-4
  - DISA-STIG-SLES-15-040321
  - NIST-800-171-3.1.20
  - NIST-800-53-CM-6(a)
  - NIST-800-53-CM-6(b)
  - NIST-800-53-CM-6.1(iv)
  - NIST-800-53-CM-7(a)
  - NIST-800-53-CM-7(b)
  - PCI-DSS-Req-1.4.3
  - PCI-DSSv4-1.4
  - PCI-DSSv4-1.4.2
  - disable_strategy
  - low_complexity
  - medium_disruption
  - medium_severity
  - reboot_required
  - sysctl_net_ipv6_conf_default_accept_source_route

- name: Disable Kernel Parameter for Accepting Source-Routed Packets on IPv6 Interfaces
    by Default - Ensure sysctl net.ipv6.conf.default.accept_source_route is set
  ansible.posix.sysctl:
    name: net.ipv6.conf.default.accept_source_route
    value: '{{ sysctl_net_ipv6_conf_default_accept_source_route_value }}'
    sysctl_file: /etc/sysctl.d/net_ipv6_conf_default_accept_source_route.conf
    state: present
    reload: true
  when: ("kernel-default" in ansible_facts.packages or "kernel-default-base" in ansible_facts.packages)
  tags:
  - CCE-85653-4
  - DISA-STIG-SLES-15-040321
  - NIST-800-171-3.1.20
  - NIST-800-53-CM-6(a)
  - NIST-800-53-CM-6(b)
  - NIST-800-53-CM-6.1(iv)
  - NIST-800-53-CM-7(a)
  - NIST-800-53-CM-7(b)
  - PCI-DSS-Req-1.4.3
  - PCI-DSSv4-1.4
  - PCI-DSSv4-1.4.2
  - disable_strategy
  - low_complexity
  - medium_disruption
  - medium_severity
  - reboot_required
  - sysctl_net_ipv6_conf_default_accept_source_route
</fix>
            <check system="http://open-scap.org/page/SCE">
              <check-import import-name="stdout">
                  </check-import>
              <check-export export-name="sysctl_net_ipv6_conf_default_accept_source_route_value" value-id="xccdf_org.ssgproject.content_value_sysctl_net_ipv6_conf_default_accept_source_route_value"/>
              <check-content-ref href="sle15/checks/sce/sysctl_net_ipv6_conf_default_accept_source_route.sh"/>
            </check>
            <check system="http://oval.mitre.org/XMLSchema/oval-definitions-5">
              <check-export export-name="oval:ssg-sysctl_net_ipv6_conf_default_accept_source_route_value:var:1" value-id="xccdf_org.ssgproject.content_value_sysctl_net_ipv6_conf_default_accept_source_route_value"/>
              <check-content-ref name="oval:ssg-sysctl_net_ipv6_conf_default_accept_source_route:def:1" href="ssg-sle15-oval.xml"/>
            </check>
            <check system="http://scap.nist.gov/schema/ocil/2">
              <check-content-ref name="ocil:ssg-sysctl_net_ipv6_conf_default_accept_source_route_ocil:questionnaire:1" href="ssg-sle15-ocil.xml"/>
            </check>
          </Rule>
          <Rule id="xccdf_org.ssgproject.content_rule_sysctl_net_ipv6_conf_default_autoconf" selected="false" role="full" severity="unknown">
            <title xmlns:xhtml="http://www.w3.org/1999/xhtml" xml:lang="en-US">Configure Auto Configuration on All IPv6 Interfaces By Default</title>
            <description xmlns:xhtml="http://www.w3.org/1999/xhtml" xml:lang="en-US">To set the runtime status of the <html:code xmlns:html="http://www.w3.org/1999/xhtml">net.ipv6.conf.default.autoconf</html:code> kernel parameter, run the following command: <html:pre xmlns:html="http://www.w3.org/1999/xhtml">$ sudo sysctl -w net.ipv6.conf.default.autoconf=0</html:pre>
To make sure that the setting is persistent, add the following line to a file in the directory <html:code xmlns:html="http://www.w3.org/1999/xhtml">/etc/sysctl.d</html:code>: <html:pre xmlns:html="http://www.w3.org/1999/xhtml">net.ipv6.conf.default.autoconf = 0</html:pre>
        </description>
            <reference href="https://cyber.gouv.fr/sites/default/files/document/linux_configuration-en-v2.pdf">R13</reference>
            <rationale xmlns:xhtml="http://www.w3.org/1999/xhtml" xml:lang="en-US">An illicit router advertisement message could result in a man-in-the-middle attack.</rationale>
            <platform idref="#system_with_kernel"/>
            <ident system="https://ncp.nist.gov/cce">CCE-91211-3</ident>
            <fix xmlns:xhtml="http://www.w3.org/1999/xhtml" id="sysctl_net_ipv6_conf_default_autoconf" system="urn:xccdf:fix:script:sh" reboot="true" complexity="low" disruption="medium" strategy="disable"># Remediation is applicable only in certain platforms
if rpm --quiet -q kernel-default || rpm --quiet -q kernel-default-base; then

# Comment out any occurrences of net.ipv6.conf.default.autoconf from /etc/sysctl.d/*.conf files

for f in /etc/sysctl.d/*.conf /run/sysctl.d/*.conf /usr/local/lib/sysctl.d/*.conf /lib/sysctl.d/*.conf; do


  # skip systemd-sysctl symlink (/etc/sysctl.d/99-sysctl.conf -&gt; /etc/sysctl.conf)
  if [[ "$(readlink -f "$f")" == "/etc/sysctl.conf" ]]; then continue; fi

  matching_list=$(grep -P '^(?!#).*[\s]*net.ipv6.conf.default.autoconf.*$' $f | uniq )
  if ! test -z "$matching_list"; then
    while IFS= read -r entry; do
      escaped_entry=$(sed -e 's|/|\\/|g' &lt;&lt;&lt; "$entry")
      # comment out "net.ipv6.conf.default.autoconf" matches to preserve user data
      sed -i --follow-symlinks "s/^${escaped_entry}$/# &amp;/g" $f
    done &lt;&lt;&lt; "$matching_list"
  fi
done

#
# Set sysctl config file which to save the desired value
#

SYSCONFIG_FILE='/etc/sysctl.d/net_ipv6_conf_default_autoconf.conf'

sysctl_net_ipv6_conf_default_autoconf_value='<xccdf-1.2:sub xmlns:xccdf-1.2="http://checklists.nist.gov/xccdf/1.2" idref="xccdf_org.ssgproject.content_value_sysctl_net_ipv6_conf_default_autoconf_value" use="legacy"/>'


#
# Set runtime for net.ipv6.conf.default.autoconf
#
if ! { rpm --quiet -q kernel rpm-ostree bootc &amp;&amp; ! rpm --quiet -q openshift-kubelet &amp;&amp; { [ -f "/run/.containerenv" ] || [ -f "/.containerenv" ]; }; } ; then
    /sbin/sysctl -q -n -w net.ipv6.conf.default.autoconf="$sysctl_net_ipv6_conf_default_autoconf_value"
fi

#
# If net.ipv6.conf.default.autoconf present in /etc/sysctl.conf, change value to appropriate value
#	else, add "net.ipv6.conf.default.autoconf = value" to /etc/sysctl.conf
#

sed -i "/^$SYSCONFIG_VAR/d" /etc/sysctl.conf

# Strip any search characters in the key arg so that the key can be replaced without
# adding any search characters to the config file.
stripped_key=$(sed 's/[\^=\$,;+]*//g' &lt;&lt;&lt; "^net.ipv6.conf.default.autoconf")

# shellcheck disable=SC2059
printf -v formatted_output "%s = %s" "$stripped_key" "$sysctl_net_ipv6_conf_default_autoconf_value"

# If the key exists, change it. Otherwise, add it to the config_file.
# We search for the key string followed by a word boundary (matched by \&gt;),
# so if we search for 'setting', 'setting2' won't match.
if LC_ALL=C grep -q -m 1 -i -e "^net.ipv6.conf.default.autoconf\\&gt;" "${SYSCONFIG_FILE}"; then
    escaped_formatted_output=$(sed -e 's|/|\\/|g' &lt;&lt;&lt; "$formatted_output")
    LC_ALL=C sed -i --follow-symlinks "s/^net.ipv6.conf.default.autoconf\\&gt;.*/$escaped_formatted_output/gi" "${SYSCONFIG_FILE}"
else
    if [[ -s "${SYSCONFIG_FILE}" ]] &amp;&amp; [[ -n "$(tail -c 1 -- "${SYSCONFIG_FILE}" || true)" ]]; then
        LC_ALL=C sed -i --follow-symlinks '$a'\\ "${SYSCONFIG_FILE}"
    fi
    cce="CCE-91211-3"
    printf '# Per %s: Set %s in %s\n' "${cce}" "${formatted_output}" "${SYSCONFIG_FILE}" &gt;&gt; "${SYSCONFIG_FILE}"
    printf '%s\n' "$formatted_output" &gt;&gt; "${SYSCONFIG_FILE}"
fi

else
    &gt;&amp;2 echo 'Remediation is not applicable, nothing was done'
fi
</fix>
            <fix xmlns:xhtml="http://www.w3.org/1999/xhtml" id="sysctl_net_ipv6_conf_default_autoconf" system="urn:xccdf:fix:script:ansible" reboot="true" complexity="low" disruption="medium" strategy="disable">- name: Gather the package facts
  package_facts:
    manager: auto
  tags:
  - CCE-91211-3
  - disable_strategy
  - low_complexity
  - medium_disruption
  - reboot_required
  - sysctl_net_ipv6_conf_default_autoconf
  - unknown_severity
- name: XCCDF Value sysctl_net_ipv6_conf_default_autoconf_value # promote to variable
  set_fact:
    sysctl_net_ipv6_conf_default_autoconf_value: !!str <xccdf-1.2:sub xmlns:xccdf-1.2="http://checklists.nist.gov/xccdf/1.2" idref="xccdf_org.ssgproject.content_value_sysctl_net_ipv6_conf_default_autoconf_value" use="legacy"/>
  tags:
    - always

- name: Configure Auto Configuration on All IPv6 Interfaces By Default - Set fact
    for sysctl paths
  ansible.builtin.set_fact:
    sysctl_paths:
    - /run/sysctl.d/
    - /etc/sysctl.d/
    - /usr/local/lib/sysctl.d/
    - /lib/sysctl.d/
  when: ("kernel-default" in ansible_facts.packages or "kernel-default-base" in ansible_facts.packages)
  tags:
  - CCE-91211-3
  - disable_strategy
  - low_complexity
  - medium_disruption
  - reboot_required
  - sysctl_net_ipv6_conf_default_autoconf
  - unknown_severity

- name: Configure Auto Configuration on All IPv6 Interfaces By Default - Find all
    files that contain net.ipv6.conf.default.autoconf
  ansible.builtin.shell:
    cmd: find -L {{ sysctl_paths | join(" ") }} -type f -name '*.conf' | xargs grep
      -HP '^\s*net.ipv6.conf.default.autoconf\s*=\s*.*$'
  register: find_all_values
  check_mode: false
  changed_when: false
  failed_when: false
  when: ("kernel-default" in ansible_facts.packages or "kernel-default-base" in ansible_facts.packages)
  tags:
  - CCE-91211-3
  - disable_strategy
  - low_complexity
  - medium_disruption
  - reboot_required
  - sysctl_net_ipv6_conf_default_autoconf
  - unknown_severity

- name: Configure Auto Configuration on All IPv6 Interfaces By Default - Find all
    files that set net.ipv6.conf.default.autoconf to correct value
  ansible.builtin.shell:
    cmd: find -L {{ sysctl_paths | join(" ") }} -type f -name '*.conf' | xargs grep
      -HP '^\s*net.ipv6.conf.default.autoconf\s*=\s*{{ sysctl_net_ipv6_conf_default_autoconf_value
      }}$'
  register: find_correct_value
  check_mode: false
  changed_when: false
  failed_when: false
  when: ("kernel-default" in ansible_facts.packages or "kernel-default-base" in ansible_facts.packages)
  tags:
  - CCE-91211-3
  - disable_strategy
  - low_complexity
  - medium_disruption
  - reboot_required
  - sysctl_net_ipv6_conf_default_autoconf
  - unknown_severity

- name: Configure Auto Configuration on All IPv6 Interfaces By Default - Comment out
    any occurrences of net.ipv6.conf.default.autoconf from config files
  ansible.builtin.replace:
    path: '{{ item | split(":") | first }}'
    regexp: ^[\s]*net.ipv6.conf.default.autoconf
    replace: '#net.ipv6.conf.default.autoconf'
  loop: '{{ find_all_values.stdout_lines }}'
  when:
  - ("kernel-default" in ansible_facts.packages or "kernel-default-base" in ansible_facts.packages)
  - find_correct_value.stdout_lines | length == 0 or find_all_values.stdout_lines
    | length &gt; find_correct_value.stdout_lines | length
  tags:
  - CCE-91211-3
  - disable_strategy
  - low_complexity
  - medium_disruption
  - reboot_required
  - sysctl_net_ipv6_conf_default_autoconf
  - unknown_severity

- name: Configure Auto Configuration on All IPv6 Interfaces By Default - Comment out
    any occurrences of net.ipv6.conf.default.autoconf from /etc/sysctl.conf
  ansible.builtin.replace:
    path: /etc/sysctl.conf
    regexp: ^[\s]*net.ipv6.conf.default.autoconf
    replace: '#net.ipv6.conf.default.autoconf'
  when: ("kernel-default" in ansible_facts.packages or "kernel-default-base" in ansible_facts.packages)
  tags:
  - CCE-91211-3
  - disable_strategy
  - low_complexity
  - medium_disruption
  - reboot_required
  - sysctl_net_ipv6_conf_default_autoconf
  - unknown_severity

- name: Configure Auto Configuration on All IPv6 Interfaces By Default - Ensure sysctl
    net.ipv6.conf.default.autoconf is set
  ansible.posix.sysctl:
    name: net.ipv6.conf.default.autoconf
    value: '{{ sysctl_net_ipv6_conf_default_autoconf_value }}'
    sysctl_file: /etc/sysctl.d/net_ipv6_conf_default_autoconf.conf
    state: present
    reload: true
  when: ("kernel-default" in ansible_facts.packages or "kernel-default-base" in ansible_facts.packages)
  tags:
  - CCE-91211-3
  - disable_strategy
  - low_complexity
  - medium_disruption
  - reboot_required
  - sysctl_net_ipv6_conf_default_autoconf
  - unknown_severity
</fix>
            <check system="http://open-scap.org/page/SCE">
              <check-import import-name="stdout">
                  </check-import>
              <check-export export-name="sysctl_net_ipv6_conf_default_autoconf_value" value-id="xccdf_org.ssgproject.content_value_sysctl_net_ipv6_conf_default_autoconf_value"/>
              <check-content-ref href="sle15/checks/sce/sysctl_net_ipv6_conf_default_autoconf.sh"/>
            </check>
            <check system="http://oval.mitre.org/XMLSchema/oval-definitions-5">
              <check-export export-name="oval:ssg-sysctl_net_ipv6_conf_default_autoconf_value:var:1" value-id="xccdf_org.ssgproject.content_value_sysctl_net_ipv6_conf_default_autoconf_value"/>
              <check-content-ref name="oval:ssg-sysctl_net_ipv6_conf_default_autoconf:def:1" href="ssg-sle15-oval.xml"/>
            </check>
            <check system="http://scap.nist.gov/schema/ocil/2">
              <check-content-ref name="ocil:ssg-sysctl_net_ipv6_conf_default_autoconf_ocil:questionnaire:1" href="ssg-sle15-ocil.xml"/>
            </check>
          </Rule>
          <Rule id="xccdf_org.ssgproject.content_rule_sysctl_net_ipv6_conf_default_forwarding" selected="false" role="full" severity="medium">
            <title xmlns:xhtml="http://www.w3.org/1999/xhtml" xml:lang="en-US">Disable Kernel Parameter for IPv6 Forwarding by default</title>
            <description xmlns:xhtml="http://www.w3.org/1999/xhtml" xml:lang="en-US">To set the runtime status of the <html:code xmlns:html="http://www.w3.org/1999/xhtml">net.ipv6.conf.default.forwarding</html:code> kernel parameter, run the following command: <html:pre xmlns:html="http://www.w3.org/1999/xhtml">$ sudo sysctl -w net.ipv6.conf.default.forwarding=0</html:pre>
To make sure that the setting is persistent, add the following line to a file in the directory <html:code xmlns:html="http://www.w3.org/1999/xhtml">/etc/sysctl.d</html:code>: <html:pre xmlns:html="http://www.w3.org/1999/xhtml">net.ipv6.conf.default.forwarding = 0</html:pre>
        </description>
            <reference href="http://nvlpubs.nist.gov/nistpubs/SpecialPublications/NIST.SP.800-53r4.pdf">CM-6(b)</reference>
            <reference href="http://nvlpubs.nist.gov/nistpubs/SpecialPublications/NIST.SP.800-53r4.pdf">CM-6.1(iv)</reference>
            <reference href="https://www.cyber.mil/stigs/downloads/?_dl_facet_stigs=operating-systems%2Cgeneral-purpose-os">SRG-OS-000480-GPOS-00227</reference>
            <reference href="https://www.cyber.mil/stigs/downloads/?_dl_facet_stigs=operating-systems%2Cunix-linux">SLES-15-040382</reference>
            <reference href="https://www.cyber.mil/stigs/srg-stig-tools/">SV-235026r991589_rule</reference>
            <rationale xmlns:xhtml="http://www.w3.org/1999/xhtml" xml:lang="en-US">IP forwarding permits the kernel to forward packets from one network
interface to another. The ability to forward packets between two networks is
only appropriate for systems acting as routers.</rationale>
            <platform idref="#system_with_kernel"/>
            <ident system="https://ncp.nist.gov/cce">CCE-85725-0</ident>
            <fix xmlns:xhtml="http://www.w3.org/1999/xhtml" id="sysctl_net_ipv6_conf_default_forwarding" system="urn:xccdf:fix:script:sh" reboot="true" complexity="low" disruption="medium" strategy="disable"># Remediation is applicable only in certain platforms
if rpm --quiet -q kernel-default || rpm --quiet -q kernel-default-base; then

# Comment out any occurrences of net.ipv6.conf.default.forwarding from /etc/sysctl.d/*.conf files

for f in /etc/sysctl.d/*.conf /run/sysctl.d/*.conf /usr/local/lib/sysctl.d/*.conf /lib/sysctl.d/*.conf; do


  # skip systemd-sysctl symlink (/etc/sysctl.d/99-sysctl.conf -&gt; /etc/sysctl.conf)
  if [[ "$(readlink -f "$f")" == "/etc/sysctl.conf" ]]; then continue; fi

  matching_list=$(grep -P '^(?!#).*[\s]*net.ipv6.conf.default.forwarding.*$' $f | uniq )
  if ! test -z "$matching_list"; then
    while IFS= read -r entry; do
      escaped_entry=$(sed -e 's|/|\\/|g' &lt;&lt;&lt; "$entry")
      # comment out "net.ipv6.conf.default.forwarding" matches to preserve user data
      sed -i --follow-symlinks "s/^${escaped_entry}$/# &amp;/g" $f
    done &lt;&lt;&lt; "$matching_list"
  fi
done

#
# Set sysctl config file which to save the desired value
#

SYSCONFIG_FILE='/etc/sysctl.d/net_ipv6_conf_default_forwarding.conf'

sysctl_net_ipv6_conf_default_forwarding_value='<xccdf-1.2:sub xmlns:xccdf-1.2="http://checklists.nist.gov/xccdf/1.2" idref="xccdf_org.ssgproject.content_value_sysctl_net_ipv6_conf_default_forwarding_value" use="legacy"/>'


#
# Set runtime for net.ipv6.conf.default.forwarding
#
if ! { rpm --quiet -q kernel rpm-ostree bootc &amp;&amp; ! rpm --quiet -q openshift-kubelet &amp;&amp; { [ -f "/run/.containerenv" ] || [ -f "/.containerenv" ]; }; } ; then
    /sbin/sysctl -q -n -w net.ipv6.conf.default.forwarding="$sysctl_net_ipv6_conf_default_forwarding_value"
fi

#
# If net.ipv6.conf.default.forwarding present in /etc/sysctl.conf, change value to appropriate value
#	else, add "net.ipv6.conf.default.forwarding = value" to /etc/sysctl.conf
#

sed -i "/^$SYSCONFIG_VAR/d" /etc/sysctl.conf

# Strip any search characters in the key arg so that the key can be replaced without
# adding any search characters to the config file.
stripped_key=$(sed 's/[\^=\$,;+]*//g' &lt;&lt;&lt; "^net.ipv6.conf.default.forwarding")

# shellcheck disable=SC2059
printf -v formatted_output "%s = %s" "$stripped_key" "$sysctl_net_ipv6_conf_default_forwarding_value"

# If the key exists, change it. Otherwise, add it to the config_file.
# We search for the key string followed by a word boundary (matched by \&gt;),
# so if we search for 'setting', 'setting2' won't match.
if LC_ALL=C grep -q -m 1 -i -e "^net.ipv6.conf.default.forwarding\\&gt;" "${SYSCONFIG_FILE}"; then
    escaped_formatted_output=$(sed -e 's|/|\\/|g' &lt;&lt;&lt; "$formatted_output")
    LC_ALL=C sed -i --follow-symlinks "s/^net.ipv6.conf.default.forwarding\\&gt;.*/$escaped_formatted_output/gi" "${SYSCONFIG_FILE}"
else
    if [[ -s "${SYSCONFIG_FILE}" ]] &amp;&amp; [[ -n "$(tail -c 1 -- "${SYSCONFIG_FILE}" || true)" ]]; then
        LC_ALL=C sed -i --follow-symlinks '$a'\\ "${SYSCONFIG_FILE}"
    fi
    cce="CCE-85725-0"
    printf '# Per %s: Set %s in %s\n' "${cce}" "${formatted_output}" "${SYSCONFIG_FILE}" &gt;&gt; "${SYSCONFIG_FILE}"
    printf '%s\n' "$formatted_output" &gt;&gt; "${SYSCONFIG_FILE}"
fi

else
    &gt;&amp;2 echo 'Remediation is not applicable, nothing was done'
fi
</fix>
            <fix xmlns:xhtml="http://www.w3.org/1999/xhtml" id="sysctl_net_ipv6_conf_default_forwarding" system="urn:xccdf:fix:script:ansible" reboot="true" complexity="low" disruption="medium" strategy="disable">- name: Gather the package facts
  package_facts:
    manager: auto
  tags:
  - CCE-85725-0
  - DISA-STIG-SLES-15-040382
  - NIST-800-53-CM-6(b)
  - NIST-800-53-CM-6.1(iv)
  - disable_strategy
  - low_complexity
  - medium_disruption
  - medium_severity
  - reboot_required
  - sysctl_net_ipv6_conf_default_forwarding
- name: XCCDF Value sysctl_net_ipv6_conf_default_forwarding_value # promote to variable
  set_fact:
    sysctl_net_ipv6_conf_default_forwarding_value: !!str <xccdf-1.2:sub xmlns:xccdf-1.2="http://checklists.nist.gov/xccdf/1.2" idref="xccdf_org.ssgproject.content_value_sysctl_net_ipv6_conf_default_forwarding_value" use="legacy"/>
  tags:
    - always

- name: Disable Kernel Parameter for IPv6 Forwarding by default - Set fact for sysctl
    paths
  ansible.builtin.set_fact:
    sysctl_paths:
    - /run/sysctl.d/
    - /etc/sysctl.d/
    - /usr/local/lib/sysctl.d/
    - /lib/sysctl.d/
  when: ("kernel-default" in ansible_facts.packages or "kernel-default-base" in ansible_facts.packages)
  tags:
  - CCE-85725-0
  - DISA-STIG-SLES-15-040382
  - NIST-800-53-CM-6(b)
  - NIST-800-53-CM-6.1(iv)
  - disable_strategy
  - low_complexity
  - medium_disruption
  - medium_severity
  - reboot_required
  - sysctl_net_ipv6_conf_default_forwarding

- name: Disable Kernel Parameter for IPv6 Forwarding by default - Find all files that
    contain net.ipv6.conf.default.forwarding
  ansible.builtin.shell:
    cmd: find -L {{ sysctl_paths | join(" ") }} -type f -name '*.conf' | xargs grep
      -HP '^\s*net.ipv6.conf.default.forwarding\s*=\s*.*$'
  register: find_all_values
  check_mode: false
  changed_when: false
  failed_when: false
  when: ("kernel-default" in ansible_facts.packages or "kernel-default-base" in ansible_facts.packages)
  tags:
  - CCE-85725-0
  - DISA-STIG-SLES-15-040382
  - NIST-800-53-CM-6(b)
  - NIST-800-53-CM-6.1(iv)
  - disable_strategy
  - low_complexity
  - medium_disruption
  - medium_severity
  - reboot_required
  - sysctl_net_ipv6_conf_default_forwarding

- name: Disable Kernel Parameter for IPv6 Forwarding by default - Find all files that
    set net.ipv6.conf.default.forwarding to correct value
  ansible.builtin.shell:
    cmd: find -L {{ sysctl_paths | join(" ") }} -type f -name '*.conf' | xargs grep
      -HP '^\s*net.ipv6.conf.default.forwarding\s*=\s*{{ sysctl_net_ipv6_conf_default_forwarding_value
      }}$'
  register: find_correct_value
  check_mode: false
  changed_when: false
  failed_when: false
  when: ("kernel-default" in ansible_facts.packages or "kernel-default-base" in ansible_facts.packages)
  tags:
  - CCE-85725-0
  - DISA-STIG-SLES-15-040382
  - NIST-800-53-CM-6(b)
  - NIST-800-53-CM-6.1(iv)
  - disable_strategy
  - low_complexity
  - medium_disruption
  - medium_severity
  - reboot_required
  - sysctl_net_ipv6_conf_default_forwarding

- name: Disable Kernel Parameter for IPv6 Forwarding by default - Comment out any
    occurrences of net.ipv6.conf.default.forwarding from config files
  ansible.builtin.replace:
    path: '{{ item | split(":") | first }}'
    regexp: ^[\s]*net.ipv6.conf.default.forwarding
    replace: '#net.ipv6.conf.default.forwarding'
  loop: '{{ find_all_values.stdout_lines }}'
  when:
  - ("kernel-default" in ansible_facts.packages or "kernel-default-base" in ansible_facts.packages)
  - find_correct_value.stdout_lines | length == 0 or find_all_values.stdout_lines
    | length &gt; find_correct_value.stdout_lines | length
  tags:
  - CCE-85725-0
  - DISA-STIG-SLES-15-040382
  - NIST-800-53-CM-6(b)
  - NIST-800-53-CM-6.1(iv)
  - disable_strategy
  - low_complexity
  - medium_disruption
  - medium_severity
  - reboot_required
  - sysctl_net_ipv6_conf_default_forwarding

- name: Disable Kernel Parameter for IPv6 Forwarding by default - Comment out any
    occurrences of net.ipv6.conf.default.forwarding from /etc/sysctl.conf
  ansible.builtin.replace:
    path: /etc/sysctl.conf
    regexp: ^[\s]*net.ipv6.conf.default.forwarding
    replace: '#net.ipv6.conf.default.forwarding'
  when: ("kernel-default" in ansible_facts.packages or "kernel-default-base" in ansible_facts.packages)
  tags:
  - CCE-85725-0
  - DISA-STIG-SLES-15-040382
  - NIST-800-53-CM-6(b)
  - NIST-800-53-CM-6.1(iv)
  - disable_strategy
  - low_complexity
  - medium_disruption
  - medium_severity
  - reboot_required
  - sysctl_net_ipv6_conf_default_forwarding

- name: Disable Kernel Parameter for IPv6 Forwarding by default - Ensure sysctl net.ipv6.conf.default.forwarding
    is set
  ansible.posix.sysctl:
    name: net.ipv6.conf.default.forwarding
    value: '{{ sysctl_net_ipv6_conf_default_forwarding_value }}'
    sysctl_file: /etc/sysctl.d/net_ipv6_conf_default_forwarding.conf
    state: present
    reload: true
  when: ("kernel-default" in ansible_facts.packages or "kernel-default-base" in ansible_facts.packages)
  tags:
  - CCE-85725-0
  - DISA-STIG-SLES-15-040382
  - NIST-800-53-CM-6(b)
  - NIST-800-53-CM-6.1(iv)
  - disable_strategy
  - low_complexity
  - medium_disruption
  - medium_severity
  - reboot_required
  - sysctl_net_ipv6_conf_default_forwarding
</fix>
            <check system="http://open-scap.org/page/SCE">
              <check-import import-name="stdout">
                  </check-import>
              <check-export export-name="sysctl_net_ipv6_conf_default_forwarding_value" value-id="xccdf_org.ssgproject.content_value_sysctl_net_ipv6_conf_default_forwarding_value"/>
              <check-content-ref href="sle15/checks/sce/sysctl_net_ipv6_conf_default_forwarding.sh"/>
            </check>
            <check system="http://oval.mitre.org/XMLSchema/oval-definitions-5">
              <check-export export-name="oval:ssg-sysctl_net_ipv6_conf_default_forwarding_value:var:1" value-id="xccdf_org.ssgproject.content_value_sysctl_net_ipv6_conf_default_forwarding_value"/>
              <check-content-ref name="oval:ssg-sysctl_net_ipv6_conf_default_forwarding:def:1" href="ssg-sle15-oval.xml"/>
            </check>
            <check system="http://scap.nist.gov/schema/ocil/2">
              <check-content-ref name="ocil:ssg-sysctl_net_ipv6_conf_default_forwarding_ocil:questionnaire:1" href="ssg-sle15-ocil.xml"/>
            </check>
          </Rule>
          <Rule id="xccdf_org.ssgproject.content_rule_sysctl_net_ipv6_conf_default_max_addresses" selected="false" role="full" severity="unknown">
            <title xmlns:xhtml="http://www.w3.org/1999/xhtml" xml:lang="en-US">Configure Maximum Number of Autoconfigured Addresses on All IPv6 Interfaces By Default</title>
            <description xmlns:xhtml="http://www.w3.org/1999/xhtml" xml:lang="en-US">To set the runtime status of the <html:code xmlns:html="http://www.w3.org/1999/xhtml">net.ipv6.conf.default.max_addresses</html:code> kernel parameter, run the following command: <html:pre xmlns:html="http://www.w3.org/1999/xhtml">$ sudo sysctl -w net.ipv6.conf.default.max_addresses=1</html:pre>
To make sure that the setting is persistent, add the following line to a file in the directory <html:code xmlns:html="http://www.w3.org/1999/xhtml">/etc/sysctl.d</html:code>: <html:pre xmlns:html="http://www.w3.org/1999/xhtml">net.ipv6.conf.default.max_addresses = 1</html:pre>
        </description>
            <reference href="https://cyber.gouv.fr/sites/default/files/document/linux_configuration-en-v2.pdf">R13</reference>
            <rationale xmlns:xhtml="http://www.w3.org/1999/xhtml" xml:lang="en-US">The number of global unicast IPv6 addresses for each interface should be limited exactly to the number of statically configured addresses.</rationale>
            <platform idref="#system_with_kernel"/>
            <ident system="https://ncp.nist.gov/cce">CCE-91212-1</ident>
            <fix xmlns:xhtml="http://www.w3.org/1999/xhtml" id="sysctl_net_ipv6_conf_default_max_addresses" system="urn:xccdf:fix:script:sh" reboot="true" complexity="low" disruption="medium" strategy="disable"># Remediation is applicable only in certain platforms
if rpm --quiet -q kernel-default || rpm --quiet -q kernel-default-base; then

# Comment out any occurrences of net.ipv6.conf.default.max_addresses from /etc/sysctl.d/*.conf files

for f in /etc/sysctl.d/*.conf /run/sysctl.d/*.conf /usr/local/lib/sysctl.d/*.conf /lib/sysctl.d/*.conf; do


  # skip systemd-sysctl symlink (/etc/sysctl.d/99-sysctl.conf -&gt; /etc/sysctl.conf)
  if [[ "$(readlink -f "$f")" == "/etc/sysctl.conf" ]]; then continue; fi

  matching_list=$(grep -P '^(?!#).*[\s]*net.ipv6.conf.default.max_addresses.*$' $f | uniq )
  if ! test -z "$matching_list"; then
    while IFS= read -r entry; do
      escaped_entry=$(sed -e 's|/|\\/|g' &lt;&lt;&lt; "$entry")
      # comment out "net.ipv6.conf.default.max_addresses" matches to preserve user data
      sed -i --follow-symlinks "s/^${escaped_entry}$/# &amp;/g" $f
    done &lt;&lt;&lt; "$matching_list"
  fi
done

#
# Set sysctl config file which to save the desired value
#

SYSCONFIG_FILE='/etc/sysctl.d/net_ipv6_conf_default_max_addresses.conf'

sysctl_net_ipv6_conf_default_max_addresses_value='<xccdf-1.2:sub xmlns:xccdf-1.2="http://checklists.nist.gov/xccdf/1.2" idref="xccdf_org.ssgproject.content_value_sysctl_net_ipv6_conf_default_max_addresses_value" use="legacy"/>'


#
# Set runtime for net.ipv6.conf.default.max_addresses
#
if ! { rpm --quiet -q kernel rpm-ostree bootc &amp;&amp; ! rpm --quiet -q openshift-kubelet &amp;&amp; { [ -f "/run/.containerenv" ] || [ -f "/.containerenv" ]; }; } ; then
    /sbin/sysctl -q -n -w net.ipv6.conf.default.max_addresses="$sysctl_net_ipv6_conf_default_max_addresses_value"
fi

#
# If net.ipv6.conf.default.max_addresses present in /etc/sysctl.conf, change value to appropriate value
#	else, add "net.ipv6.conf.default.max_addresses = value" to /etc/sysctl.conf
#

sed -i "/^$SYSCONFIG_VAR/d" /etc/sysctl.conf

# Strip any search characters in the key arg so that the key can be replaced without
# adding any search characters to the config file.
stripped_key=$(sed 's/[\^=\$,;+]*//g' &lt;&lt;&lt; "^net.ipv6.conf.default.max_addresses")

# shellcheck disable=SC2059
printf -v formatted_output "%s = %s" "$stripped_key" "$sysctl_net_ipv6_conf_default_max_addresses_value"

# If the key exists, change it. Otherwise, add it to the config_file.
# We search for the key string followed by a word boundary (matched by \&gt;),
# so if we search for 'setting', 'setting2' won't match.
if LC_ALL=C grep -q -m 1 -i -e "^net.ipv6.conf.default.max_addresses\\&gt;" "${SYSCONFIG_FILE}"; then
    escaped_formatted_output=$(sed -e 's|/|\\/|g' &lt;&lt;&lt; "$formatted_output")
    LC_ALL=C sed -i --follow-symlinks "s/^net.ipv6.conf.default.max_addresses\\&gt;.*/$escaped_formatted_output/gi" "${SYSCONFIG_FILE}"
else
    if [[ -s "${SYSCONFIG_FILE}" ]] &amp;&amp; [[ -n "$(tail -c 1 -- "${SYSCONFIG_FILE}" || true)" ]]; then
        LC_ALL=C sed -i --follow-symlinks '$a'\\ "${SYSCONFIG_FILE}"
    fi
    cce="CCE-91212-1"
    printf '# Per %s: Set %s in %s\n' "${cce}" "${formatted_output}" "${SYSCONFIG_FILE}" &gt;&gt; "${SYSCONFIG_FILE}"
    printf '%s\n' "$formatted_output" &gt;&gt; "${SYSCONFIG_FILE}"
fi

else
    &gt;&amp;2 echo 'Remediation is not applicable, nothing was done'
fi
</fix>
            <fix xmlns:xhtml="http://www.w3.org/1999/xhtml" id="sysctl_net_ipv6_conf_default_max_addresses" system="urn:xccdf:fix:script:ansible" reboot="true" complexity="low" disruption="medium" strategy="disable">- name: Gather the package facts
  package_facts:
    manager: auto
  tags:
  - CCE-91212-1
  - disable_strategy
  - low_complexity
  - medium_disruption
  - reboot_required
  - sysctl_net_ipv6_conf_default_max_addresses
  - unknown_severity
- name: XCCDF Value sysctl_net_ipv6_conf_default_max_addresses_value # promote to variable
  set_fact:
    sysctl_net_ipv6_conf_default_max_addresses_value: !!str <xccdf-1.2:sub xmlns:xccdf-1.2="http://checklists.nist.gov/xccdf/1.2" idref="xccdf_org.ssgproject.content_value_sysctl_net_ipv6_conf_default_max_addresses_value" use="legacy"/>
  tags:
    - always

- name: Configure Maximum Number of Autoconfigured Addresses on All IPv6 Interfaces
    By Default - Set fact for sysctl paths
  ansible.builtin.set_fact:
    sysctl_paths:
    - /run/sysctl.d/
    - /etc/sysctl.d/
    - /usr/local/lib/sysctl.d/
    - /lib/sysctl.d/
  when: ("kernel-default" in ansible_facts.packages or "kernel-default-base" in ansible_facts.packages)
  tags:
  - CCE-91212-1
  - disable_strategy
  - low_complexity
  - medium_disruption
  - reboot_required
  - sysctl_net_ipv6_conf_default_max_addresses
  - unknown_severity

- name: Configure Maximum Number of Autoconfigured Addresses on All IPv6 Interfaces
    By Default - Find all files that contain net.ipv6.conf.default.max_addresses
  ansible.builtin.shell:
    cmd: find -L {{ sysctl_paths | join(" ") }} -type f -name '*.conf' | xargs grep
      -HP '^\s*net.ipv6.conf.default.max_addresses\s*=\s*.*$'
  register: find_all_values
  check_mode: false
  changed_when: false
  failed_when: false
  when: ("kernel-default" in ansible_facts.packages or "kernel-default-base" in ansible_facts.packages)
  tags:
  - CCE-91212-1
  - disable_strategy
  - low_complexity
  - medium_disruption
  - reboot_required
  - sysctl_net_ipv6_conf_default_max_addresses
  - unknown_severity

- name: Configure Maximum Number of Autoconfigured Addresses on All IPv6 Interfaces
    By Default - Find all files that set net.ipv6.conf.default.max_addresses to correct
    value
  ansible.builtin.shell:
    cmd: find -L {{ sysctl_paths | join(" ") }} -type f -name '*.conf' | xargs grep
      -HP '^\s*net.ipv6.conf.default.max_addresses\s*=\s*{{ sysctl_net_ipv6_conf_default_max_addresses_value
      }}$'
  register: find_correct_value
  check_mode: false
  changed_when: false
  failed_when: false
  when: ("kernel-default" in ansible_facts.packages or "kernel-default-base" in ansible_facts.packages)
  tags:
  - CCE-91212-1
  - disable_strategy
  - low_complexity
  - medium_disruption
  - reboot_required
  - sysctl_net_ipv6_conf_default_max_addresses
  - unknown_severity

- name: Configure Maximum Number of Autoconfigured Addresses on All IPv6 Interfaces
    By Default - Comment out any occurrences of net.ipv6.conf.default.max_addresses
    from config files
  ansible.builtin.replace:
    path: '{{ item | split(":") | first }}'
    regexp: ^[\s]*net.ipv6.conf.default.max_addresses
    replace: '#net.ipv6.conf.default.max_addresses'
  loop: '{{ find_all_values.stdout_lines }}'
  when:
  - ("kernel-default" in ansible_facts.packages or "kernel-default-base" in ansible_facts.packages)
  - find_correct_value.stdout_lines | length == 0 or find_all_values.stdout_lines
    | length &gt; find_correct_value.stdout_lines | length
  tags:
  - CCE-91212-1
  - disable_strategy
  - low_complexity
  - medium_disruption
  - reboot_required
  - sysctl_net_ipv6_conf_default_max_addresses
  - unknown_severity

- name: Configure Maximum Number of Autoconfigured Addresses on All IPv6 Interfaces
    By Default - Comment out any occurrences of net.ipv6.conf.default.max_addresses
    from /etc/sysctl.conf
  ansible.builtin.replace:
    path: /etc/sysctl.conf
    regexp: ^[\s]*net.ipv6.conf.default.max_addresses
    replace: '#net.ipv6.conf.default.max_addresses'
  when: ("kernel-default" in ansible_facts.packages or "kernel-default-base" in ansible_facts.packages)
  tags:
  - CCE-91212-1
  - disable_strategy
  - low_complexity
  - medium_disruption
  - reboot_required
  - sysctl_net_ipv6_conf_default_max_addresses
  - unknown_severity

- name: Configure Maximum Number of Autoconfigured Addresses on All IPv6 Interfaces
    By Default - Ensure sysctl net.ipv6.conf.default.max_addresses is set
  ansible.posix.sysctl:
    name: net.ipv6.conf.default.max_addresses
    value: '{{ sysctl_net_ipv6_conf_default_max_addresses_value }}'
    sysctl_file: /etc/sysctl.d/net_ipv6_conf_default_max_addresses.conf
    state: present
    reload: true
  when: ("kernel-default" in ansible_facts.packages or "kernel-default-base" in ansible_facts.packages)
  tags:
  - CCE-91212-1
  - disable_strategy
  - low_complexity
  - medium_disruption
  - reboot_required
  - sysctl_net_ipv6_conf_default_max_addresses
  - unknown_severity
</fix>
            <check system="http://open-scap.org/page/SCE">
              <check-import import-name="stdout">
                  </check-import>
              <check-export export-name="sysctl_net_ipv6_conf_default_max_addresses_value" value-id="xccdf_org.ssgproject.content_value_sysctl_net_ipv6_conf_default_max_addresses_value"/>
              <check-content-ref href="sle15/checks/sce/sysctl_net_ipv6_conf_default_max_addresses.sh"/>
            </check>
            <check system="http://oval.mitre.org/XMLSchema/oval-definitions-5">
              <check-export export-name="oval:ssg-sysctl_net_ipv6_conf_default_max_addresses_value:var:1" value-id="xccdf_org.ssgproject.content_value_sysctl_net_ipv6_conf_default_max_addresses_value"/>
              <check-content-ref name="oval:ssg-sysctl_net_ipv6_conf_default_max_addresses:def:1" href="ssg-sle15-oval.xml"/>
            </check>
            <check system="http://scap.nist.gov/schema/ocil/2">
              <check-content-ref name="ocil:ssg-sysctl_net_ipv6_conf_default_max_addresses_ocil:questionnaire:1" href="ssg-sle15-ocil.xml"/>
            </check>
          </Rule>
          <Rule id="xccdf_org.ssgproject.content_rule_sysctl_net_ipv6_conf_default_router_solicitations" selected="false" role="full" severity="unknown">
            <title xmlns:xhtml="http://www.w3.org/1999/xhtml" xml:lang="en-US">Configure Denying Router Solicitations on All IPv6 Interfaces By Default</title>
            <description xmlns:xhtml="http://www.w3.org/1999/xhtml" xml:lang="en-US">To set the runtime status of the <html:code xmlns:html="http://www.w3.org/1999/xhtml">net.ipv6.conf.default.router_solicitations</html:code> kernel parameter, run the following command: <html:pre xmlns:html="http://www.w3.org/1999/xhtml">$ sudo sysctl -w net.ipv6.conf.default.router_solicitations=0</html:pre>
To make sure that the setting is persistent, add the following line to a file in the directory <html:code xmlns:html="http://www.w3.org/1999/xhtml">/etc/sysctl.d</html:code>: <html:pre xmlns:html="http://www.w3.org/1999/xhtml">net.ipv6.conf.default.router_solicitations = 0</html:pre>
        </description>
            <reference href="https://cyber.gouv.fr/sites/default/files/document/linux_configuration-en-v2.pdf">R13</reference>
            <rationale xmlns:xhtml="http://www.w3.org/1999/xhtml" xml:lang="en-US">To prevent discovery of the system by other systems, router solicitation requests should be denied.</rationale>
            <platform idref="#system_with_kernel"/>
            <ident system="https://ncp.nist.gov/cce">CCE-91213-9</ident>
            <fix xmlns:xhtml="http://www.w3.org/1999/xhtml" id="sysctl_net_ipv6_conf_default_router_solicitations" system="urn:xccdf:fix:script:sh" reboot="true" complexity="low" disruption="medium" strategy="disable"># Remediation is applicable only in certain platforms
if rpm --quiet -q kernel-default || rpm --quiet -q kernel-default-base; then

# Comment out any occurrences of net.ipv6.conf.default.router_solicitations from /etc/sysctl.d/*.conf files

for f in /etc/sysctl.d/*.conf /run/sysctl.d/*.conf /usr/local/lib/sysctl.d/*.conf /lib/sysctl.d/*.conf; do


  # skip systemd-sysctl symlink (/etc/sysctl.d/99-sysctl.conf -&gt; /etc/sysctl.conf)
  if [[ "$(readlink -f "$f")" == "/etc/sysctl.conf" ]]; then continue; fi

  matching_list=$(grep -P '^(?!#).*[\s]*net.ipv6.conf.default.router_solicitations.*$' $f | uniq )
  if ! test -z "$matching_list"; then
    while IFS= read -r entry; do
      escaped_entry=$(sed -e 's|/|\\/|g' &lt;&lt;&lt; "$entry")
      # comment out "net.ipv6.conf.default.router_solicitations" matches to preserve user data
      sed -i --follow-symlinks "s/^${escaped_entry}$/# &amp;/g" $f
    done &lt;&lt;&lt; "$matching_list"
  fi
done

#
# Set sysctl config file which to save the desired value
#

SYSCONFIG_FILE='/etc/sysctl.d/net_ipv6_conf_default_router_solicitations.conf'

sysctl_net_ipv6_conf_default_router_solicitations_value='<xccdf-1.2:sub xmlns:xccdf-1.2="http://checklists.nist.gov/xccdf/1.2" idref="xccdf_org.ssgproject.content_value_sysctl_net_ipv6_conf_default_router_solicitations_value" use="legacy"/>'


#
# Set runtime for net.ipv6.conf.default.router_solicitations
#
if ! { rpm --quiet -q kernel rpm-ostree bootc &amp;&amp; ! rpm --quiet -q openshift-kubelet &amp;&amp; { [ -f "/run/.containerenv" ] || [ -f "/.containerenv" ]; }; } ; then
    /sbin/sysctl -q -n -w net.ipv6.conf.default.router_solicitations="$sysctl_net_ipv6_conf_default_router_solicitations_value"
fi

#
# If net.ipv6.conf.default.router_solicitations present in /etc/sysctl.conf, change value to appropriate value
#	else, add "net.ipv6.conf.default.router_solicitations = value" to /etc/sysctl.conf
#

sed -i "/^$SYSCONFIG_VAR/d" /etc/sysctl.conf

# Strip any search characters in the key arg so that the key can be replaced without
# adding any search characters to the config file.
stripped_key=$(sed 's/[\^=\$,;+]*//g' &lt;&lt;&lt; "^net.ipv6.conf.default.router_solicitations")

# shellcheck disable=SC2059
printf -v formatted_output "%s = %s" "$stripped_key" "$sysctl_net_ipv6_conf_default_router_solicitations_value"

# If the key exists, change it. Otherwise, add it to the config_file.
# We search for the key string followed by a word boundary (matched by \&gt;),
# so if we search for 'setting', 'setting2' won't match.
if LC_ALL=C grep -q -m 1 -i -e "^net.ipv6.conf.default.router_solicitations\\&gt;" "${SYSCONFIG_FILE}"; then
    escaped_formatted_output=$(sed -e 's|/|\\/|g' &lt;&lt;&lt; "$formatted_output")
    LC_ALL=C sed -i --follow-symlinks "s/^net.ipv6.conf.default.router_solicitations\\&gt;.*/$escaped_formatted_output/gi" "${SYSCONFIG_FILE}"
else
    if [[ -s "${SYSCONFIG_FILE}" ]] &amp;&amp; [[ -n "$(tail -c 1 -- "${SYSCONFIG_FILE}" || true)" ]]; then
        LC_ALL=C sed -i --follow-symlinks '$a'\\ "${SYSCONFIG_FILE}"
    fi
    cce="CCE-91213-9"
    printf '# Per %s: Set %s in %s\n' "${cce}" "${formatted_output}" "${SYSCONFIG_FILE}" &gt;&gt; "${SYSCONFIG_FILE}"
    printf '%s\n' "$formatted_output" &gt;&gt; "${SYSCONFIG_FILE}"
fi

else
    &gt;&amp;2 echo 'Remediation is not applicable, nothing was done'
fi
</fix>
            <fix xmlns:xhtml="http://www.w3.org/1999/xhtml" id="sysctl_net_ipv6_conf_default_router_solicitations" system="urn:xccdf:fix:script:ansible" reboot="true" complexity="low" disruption="medium" strategy="disable">- name: Gather the package facts
  package_facts:
    manager: auto
  tags:
  - CCE-91213-9
  - disable_strategy
  - low_complexity
  - medium_disruption
  - reboot_required
  - sysctl_net_ipv6_conf_default_router_solicitations
  - unknown_severity
- name: XCCDF Value sysctl_net_ipv6_conf_default_router_solicitations_value # promote to variable
  set_fact:
    sysctl_net_ipv6_conf_default_router_solicitations_value: !!str <xccdf-1.2:sub xmlns:xccdf-1.2="http://checklists.nist.gov/xccdf/1.2" idref="xccdf_org.ssgproject.content_value_sysctl_net_ipv6_conf_default_router_solicitations_value" use="legacy"/>
  tags:
    - always

- name: Configure Denying Router Solicitations on All IPv6 Interfaces By Default -
    Set fact for sysctl paths
  ansible.builtin.set_fact:
    sysctl_paths:
    - /run/sysctl.d/
    - /etc/sysctl.d/
    - /usr/local/lib/sysctl.d/
    - /lib/sysctl.d/
  when: ("kernel-default" in ansible_facts.packages or "kernel-default-base" in ansible_facts.packages)
  tags:
  - CCE-91213-9
  - disable_strategy
  - low_complexity
  - medium_disruption
  - reboot_required
  - sysctl_net_ipv6_conf_default_router_solicitations
  - unknown_severity

- name: Configure Denying Router Solicitations on All IPv6 Interfaces By Default -
    Find all files that contain net.ipv6.conf.default.router_solicitations
  ansible.builtin.shell:
    cmd: find -L {{ sysctl_paths | join(" ") }} -type f -name '*.conf' | xargs grep
      -HP '^\s*net.ipv6.conf.default.router_solicitations\s*=\s*.*$'
  register: find_all_values
  check_mode: false
  changed_when: false
  failed_when: false
  when: ("kernel-default" in ansible_facts.packages or "kernel-default-base" in ansible_facts.packages)
  tags:
  - CCE-91213-9
  - disable_strategy
  - low_complexity
  - medium_disruption
  - reboot_required
  - sysctl_net_ipv6_conf_default_router_solicitations
  - unknown_severity

- name: Configure Denying Router Solicitations on All IPv6 Interfaces By Default -
    Find all files that set net.ipv6.conf.default.router_solicitations to correct
    value
  ansible.builtin.shell:
    cmd: find -L {{ sysctl_paths | join(" ") }} -type f -name '*.conf' | xargs grep
      -HP '^\s*net.ipv6.conf.default.router_solicitations\s*=\s*{{ sysctl_net_ipv6_conf_default_router_solicitations_value
      }}$'
  register: find_correct_value
  check_mode: false
  changed_when: false
  failed_when: false
  when: ("kernel-default" in ansible_facts.packages or "kernel-default-base" in ansible_facts.packages)
  tags:
  - CCE-91213-9
  - disable_strategy
  - low_complexity
  - medium_disruption
  - reboot_required
  - sysctl_net_ipv6_conf_default_router_solicitations
  - unknown_severity

- name: Configure Denying Router Solicitations on All IPv6 Interfaces By Default -
    Comment out any occurrences of net.ipv6.conf.default.router_solicitations from
    config files
  ansible.builtin.replace:
    path: '{{ item | split(":") | first }}'
    regexp: ^[\s]*net.ipv6.conf.default.router_solicitations
    replace: '#net.ipv6.conf.default.router_solicitations'
  loop: '{{ find_all_values.stdout_lines }}'
  when:
  - ("kernel-default" in ansible_facts.packages or "kernel-default-base" in ansible_facts.packages)
  - find_correct_value.stdout_lines | length == 0 or find_all_values.stdout_lines
    | length &gt; find_correct_value.stdout_lines | length
  tags:
  - CCE-91213-9
  - disable_strategy
  - low_complexity
  - medium_disruption
  - reboot_required
  - sysctl_net_ipv6_conf_default_router_solicitations
  - unknown_severity

- name: Configure Denying Router Solicitations on All IPv6 Interfaces By Default -
    Comment out any occurrences of net.ipv6.conf.default.router_solicitations from
    /etc/sysctl.conf
  ansible.builtin.replace:
    path: /etc/sysctl.conf
    regexp: ^[\s]*net.ipv6.conf.default.router_solicitations
    replace: '#net.ipv6.conf.default.router_solicitations'
  when: ("kernel-default" in ansible_facts.packages or "kernel-default-base" in ansible_facts.packages)
  tags:
  - CCE-91213-9
  - disable_strategy
  - low_complexity
  - medium_disruption
  - reboot_required
  - sysctl_net_ipv6_conf_default_router_solicitations
  - unknown_severity

- name: Configure Denying Router Solicitations on All IPv6 Interfaces By Default -
    Ensure sysctl net.ipv6.conf.default.router_solicitations is set
  ansible.posix.sysctl:
    name: net.ipv6.conf.default.router_solicitations
    value: '{{ sysctl_net_ipv6_conf_default_router_solicitations_value }}'
    sysctl_file: /etc/sysctl.d/net_ipv6_conf_default_router_solicitations.conf
    state: present
    reload: true
  when: ("kernel-default" in ansible_facts.packages or "kernel-default-base" in ansible_facts.packages)
  tags:
  - CCE-91213-9
  - disable_strategy
  - low_complexity
  - medium_disruption
  - reboot_required
  - sysctl_net_ipv6_conf_default_router_solicitations
  - unknown_severity
</fix>
            <check system="http://open-scap.org/page/SCE">
              <check-import import-name="stdout">
                  </check-import>
              <check-export export-name="sysctl_net_ipv6_conf_default_router_solicitations_value" value-id="xccdf_org.ssgproject.content_value_sysctl_net_ipv6_conf_default_router_solicitations_value"/>
              <check-content-ref href="sle15/checks/sce/sysctl_net_ipv6_conf_default_router_solicitations.sh"/>
            </check>
            <check system="http://oval.mitre.org/XMLSchema/oval-definitions-5">
              <check-export export-name="oval:ssg-sysctl_net_ipv6_conf_default_router_solicitations_value:var:1" value-id="xccdf_org.ssgproject.content_value_sysctl_net_ipv6_conf_default_router_solicitations_value"/>
              <check-content-ref name="oval:ssg-sysctl_net_ipv6_conf_default_router_solicitations:def:1" href="ssg-sle15-oval.xml"/>
            </check>
            <check system="http://scap.nist.gov/schema/ocil/2">
              <check-content-ref name="ocil:ssg-sysctl_net_ipv6_conf_default_router_solicitations_ocil:questionnaire:1" href="ssg-sle15-ocil.xml"/>
            </check>
          </Rule>
        </Group>
      </Group>
      <Group id="xccdf_org.ssgproject.content_group_network-kernel">
        <title xmlns:xhtml="http://www.w3.org/1999/xhtml" xml:lang="en-US">Kernel Parameters Which Affect Networking</title>
        <description xmlns:xhtml="http://www.w3.org/1999/xhtml" xml:lang="en-US">The <html:code xmlns:html="http://www.w3.org/1999/xhtml">sysctl</html:code> utility is used to set
parameters which affect the operation of the Linux kernel. Kernel parameters
which affect networking and have security implications are described here.</description>
        <Group id="xccdf_org.ssgproject.content_group_network_host_and_router_parameters">
          <title xmlns:xhtml="http://www.w3.org/1999/xhtml" xml:lang="en-US">Network Related Kernel Runtime Parameters for Hosts and Routers</title>
          <description xmlns:xhtml="http://www.w3.org/1999/xhtml" xml:lang="en-US">Certain kernel parameters should be set for systems which are
acting as either hosts or routers to improve the system's ability defend
against certain types of IPv4 protocol attacks.</description>
          <platform idref="#system_with_kernel"/>
          <Value id="xccdf_org.ssgproject.content_value_sysctl_net_ipv4_conf_all_accept_redirects_value" type="number">
            <title xmlns:xhtml="http://www.w3.org/1999/xhtml" xml:lang="en-US">net.ipv4.conf.all.accept_redirects</title>
            <description xmlns:xhtml="http://www.w3.org/1999/xhtml" xml:lang="en-US">Disable ICMP Redirect Acceptance</description>
            <value>0</value>
            <value selector="disabled">0</value>
            <value selector="enabled">1</value>
          </Value>
          <Value id="xccdf_org.ssgproject.content_value_sysctl_net_ipv4_conf_all_accept_source_route_value" type="number">
            <title xmlns:xhtml="http://www.w3.org/1999/xhtml" xml:lang="en-US">net.ipv4.conf.all.accept_source_route</title>
            <description xmlns:xhtml="http://www.w3.org/1999/xhtml" xml:lang="en-US">Trackers could be using source-routed packets to
generate traffic that seems to be intra-net, but actually was
created outside and has been redirected.</description>
            <value>0</value>
            <value selector="disabled">0</value>
            <value selector="enabled">1</value>
          </Value>
          <Value id="xccdf_org.ssgproject.content_value_sysctl_net_ipv4_conf_all_arp_filter_value" type="number">
            <title xmlns:xhtml="http://www.w3.org/1999/xhtml" xml:lang="en-US">net.ipv4.conf.default.arp_filter</title>
            <description xmlns:xhtml="http://www.w3.org/1999/xhtml" xml:lang="en-US">Controls whether the ARP filter is enabled or not.

1 - Allows you to have multiple network interfaces on the same subnet, and have the ARPs for each
interface be answered based on whether or not the kernel would route a packet from the ARP’d IP out that interface.
In other words it allows control of which cards (usually 1) will respond to an ARP request.

0 - (default) The kernel can respond to arp requests with addresses from other interfaces.
This may seem wrong but it usually makes sense, because it increases the chance of successful communication.
IP addresses are owned by the complete host on Linux, not by particular interfaces.</description>
            <value>0</value>
            <value selector="disabled">0</value>
            <value selector="enabled">1</value>
          </Value>
          <Value id="xccdf_org.ssgproject.content_value_sysctl_net_ipv4_conf_all_arp_ignore_value" type="number">
            <title xmlns:xhtml="http://www.w3.org/1999/xhtml" xml:lang="en-US">net.ipv4.conf.default.arp_ignore</title>
            <description xmlns:xhtml="http://www.w3.org/1999/xhtml" xml:lang="en-US">Control the response modes for ARP queries that resolve local target IP addresses:

0 - (default): reply for any local target IP address, configured on any interface
1 - reply only if the target IP address is local address configured on the incoming interface
2 - reply only if the target IP address is local address configured on the incoming interface and both with the sender’s IP address are part from same subnet on this interface
3 - do not reply for local addresses configured with scope host, only resolutions for global and link addresses are replied
4-7 - reserved
8 - do not reply for all local addresses</description>
            <value>0</value>
            <value selector="0">0</value>
            <value selector="1">1</value>
            <value selector="2">2</value>
            <value selector="3">3</value>
            <value selector="8">8</value>
          </Value>
          <Value id="xccdf_org.ssgproject.content_value_sysctl_net_ipv4_conf_all_log_martians_value" type="number">
            <title xmlns:xhtml="http://www.w3.org/1999/xhtml" xml:lang="en-US">net.ipv4.conf.all.log_martians</title>
            <description xmlns:xhtml="http://www.w3.org/1999/xhtml" xml:lang="en-US">Disable so you don't Log Spoofed Packets, Source
Routed Packets, Redirect Packets</description>
            <value>1</value>
            <value selector="disabled">0</value>
            <value selector="enabled">1</value>
          </Value>
          <Value id="xccdf_org.ssgproject.content_value_sysctl_net_ipv4_conf_all_rp_filter_value" type="number">
            <title xmlns:xhtml="http://www.w3.org/1999/xhtml" xml:lang="en-US">net.ipv4.conf.all.rp_filter</title>
            <description xmlns:xhtml="http://www.w3.org/1999/xhtml" xml:lang="en-US">Enable to enforce sanity checking, also called ingress
filtering or egress filtering. The point is to drop a packet if the
source and destination IP addresses in the IP header do not make
sense when considered in light of the physical interface on which
it arrived.</description>
            <value>1</value>
            <value selector="enabled">1</value>
            <value selector="loose">2</value>
          </Value>
          <Value id="xccdf_org.ssgproject.content_value_sysctl_net_ipv4_conf_all_secure_redirects_value" type="number">
            <title xmlns:xhtml="http://www.w3.org/1999/xhtml" xml:lang="en-US">net.ipv4.conf.all.secure_redirects</title>
            <description xmlns:xhtml="http://www.w3.org/1999/xhtml" xml:lang="en-US">Enable to prevent hijacking of routing path by only
allowing redirects from gateways known in routing
table. Disable to refuse acceptance of secure ICMP redirected packets on all interfaces.</description>
            <value>0</value>
            <value selector="disabled">0</value>
            <value selector="enabled">1</value>
          </Value>
          <Value id="xccdf_org.ssgproject.content_value_sysctl_net_ipv4_conf_all_shared_media_value" type="number">
            <title xmlns:xhtml="http://www.w3.org/1999/xhtml" xml:lang="en-US">net.ipv4.conf.all.shared_media</title>
            <description xmlns:xhtml="http://www.w3.org/1999/xhtml" xml:lang="en-US">Controls whether the system can send (router) or accept (host) RFC1620 shared media redirects.
<html:code xmlns:html="http://www.w3.org/1999/xhtml">shared_media</html:code> for the interface will be enabled if at least one of conf/{all,interface}/shared_media
is set to TRUE, it will be disabled otherwise.</description>
            <value>0</value>
            <value selector="disabled">0</value>
            <value selector="enabled">1</value>
          </Value>
          <Value id="xccdf_org.ssgproject.content_value_sysctl_net_ipv4_conf_default_accept_redirects_value" type="number">
            <title xmlns:xhtml="http://www.w3.org/1999/xhtml" xml:lang="en-US">net.ipv4.conf.default.accept_redirects</title>
            <description xmlns:xhtml="http://www.w3.org/1999/xhtml" xml:lang="en-US">Disable ICMP Redirect Acceptance?</description>
            <value>0</value>
            <value selector="disabled">0</value>
            <value selector="enabled">1</value>
          </Value>
          <Value id="xccdf_org.ssgproject.content_value_sysctl_net_ipv4_conf_default_accept_source_route_value" type="number">
            <title xmlns:xhtml="http://www.w3.org/1999/xhtml" xml:lang="en-US">net.ipv4.conf.default.accept_source_route</title>
            <description xmlns:xhtml="http://www.w3.org/1999/xhtml" xml:lang="en-US">Disable IP source routing?</description>
            <value>0</value>
            <value selector="disabled">0</value>
            <value selector="enabled">1</value>
          </Value>
          <Value id="xccdf_org.ssgproject.content_value_sysctl_net_ipv4_conf_default_log_martians_value" type="number">
            <title xmlns:xhtml="http://www.w3.org/1999/xhtml" xml:lang="en-US">net.ipv4.conf.default.log_martians</title>
            <description xmlns:xhtml="http://www.w3.org/1999/xhtml" xml:lang="en-US">Disable so you don't Log Spoofed Packets, Source
Routed Packets, Redirect Packets</description>
            <value>1</value>
            <value selector="disabled">0</value>
            <value selector="enabled">1</value>
          </Value>
          <Value id="xccdf_org.ssgproject.content_value_sysctl_net_ipv4_conf_default_rp_filter_value" type="number">
            <title xmlns:xhtml="http://www.w3.org/1999/xhtml" xml:lang="en-US">net.ipv4.conf.default.rp_filter</title>
            <description xmlns:xhtml="http://www.w3.org/1999/xhtml" xml:lang="en-US">Enables source route verification</description>
            <value>1</value>
            <value selector="disabled">0</value>
            <value selector="enabled">1</value>
          </Value>
          <Value id="xccdf_org.ssgproject.content_value_sysctl_net_ipv4_conf_default_secure_redirects_value" type="number">
            <title xmlns:xhtml="http://www.w3.org/1999/xhtml" xml:lang="en-US">net.ipv4.conf.default.secure_redirects</title>
            <description xmlns:xhtml="http://www.w3.org/1999/xhtml" xml:lang="en-US">Enable to prevent hijacking of routing path by only
allowing redirects from gateways known in routing
table. Disable to refuse acceptance of secure ICMP redirected packages by default.</description>
            <value>0</value>
            <value selector="disabled">0</value>
            <value selector="enabled">1</value>
          </Value>
          <Value id="xccdf_org.ssgproject.content_value_sysctl_net_ipv4_conf_default_shared_media_value" type="number">
            <title xmlns:xhtml="http://www.w3.org/1999/xhtml" xml:lang="en-US">net.ipv4.conf.default.shared_media</title>
            <description xmlns:xhtml="http://www.w3.org/1999/xhtml" xml:lang="en-US">Controls whether the system can send(router) or accept(host) RFC1620 shared media redirects.
<html:code xmlns:html="http://www.w3.org/1999/xhtml">shared_media</html:code> for the interface will be enabled if at least one of conf/{all,interface}/shared_media
is set to TRUE, it will be disabled otherwise.</description>
            <value>0</value>
            <value selector="disabled">0</value>
            <value selector="enabled">1</value>
          </Value>
          <Value id="xccdf_org.ssgproject.content_value_sysctl_net_ipv4_icmp_echo_ignore_broadcasts_value" type="number">
            <title xmlns:xhtml="http://www.w3.org/1999/xhtml" xml:lang="en-US">net.ipv4.icmp_echo_ignore_broadcasts</title>
            <description xmlns:xhtml="http://www.w3.org/1999/xhtml" xml:lang="en-US">Ignore all ICMP ECHO and TIMESTAMP requests sent to it
via broadcast/multicast</description>
            <value>1</value>
            <value selector="disabled">0</value>
            <value selector="enabled">1</value>
          </Value>
          <Value id="xccdf_org.ssgproject.content_value_sysctl_net_ipv4_icmp_ignore_bogus_error_responses_value" type="number">
            <title xmlns:xhtml="http://www.w3.org/1999/xhtml" xml:lang="en-US">net.ipv4.icmp_ignore_bogus_error_responses</title>
            <description xmlns:xhtml="http://www.w3.org/1999/xhtml" xml:lang="en-US">Enable to prevent unnecessary logging</description>
            <value>1</value>
            <value selector="disabled">0</value>
            <value selector="enabled">1</value>
          </Value>
          <Value id="xccdf_org.ssgproject.content_value_sysctl_net_ipv4_tcp_invalid_ratelimit_value" type="number">
            <title xmlns:xhtml="http://www.w3.org/1999/xhtml" xml:lang="en-US">net.ipv4.tcp_invalid_ratelimit</title>
            <description xmlns:xhtml="http://www.w3.org/1999/xhtml" xml:lang="en-US">Configure  the maximal rate for sending duplicate acknowledgments in
response to incoming invalid TCP packets.</description>
            <value>500</value>
            <value selector="one_thousand">1000</value>
            <value selector="five_hundred">500</value>
            <value selector="two_hundred_fifty">250</value>
            <value selector="one_hundred">100</value>
          </Value>
          <Value id="xccdf_org.ssgproject.content_value_sysctl_net_ipv4_tcp_rfc1337_value" type="number">
            <title xmlns:xhtml="http://www.w3.org/1999/xhtml" xml:lang="en-US">net.ipv4.tcp_rfc1337</title>
            <description xmlns:xhtml="http://www.w3.org/1999/xhtml" xml:lang="en-US">Enable to enable TCP behavior conformant with RFC 1337</description>
            <value>1</value>
            <value selector="disabled">0</value>
            <value selector="enabled">1</value>
          </Value>
          <Value id="xccdf_org.ssgproject.content_value_sysctl_net_ipv4_tcp_syncookies_value" type="number">
            <title xmlns:xhtml="http://www.w3.org/1999/xhtml" xml:lang="en-US">net.ipv4.tcp_syncookies</title>
            <description xmlns:xhtml="http://www.w3.org/1999/xhtml" xml:lang="en-US">Enable to turn on TCP SYN Cookie
Protection</description>
            <value>1</value>
            <value selector="disabled">0</value>
            <value selector="enabled">1</value>
          </Value>
          <Rule id="xccdf_org.ssgproject.content_rule_sysctl_net_ipv4_conf_all_accept_local" selected="false" role="full" severity="medium">
            <title xmlns:xhtml="http://www.w3.org/1999/xhtml" xml:lang="en-US">Disable Accepting Packets Routed Between Local Interfaces</title>
            <description xmlns:xhtml="http://www.w3.org/1999/xhtml" xml:lang="en-US">To set the runtime status of the <html:code xmlns:html="http://www.w3.org/1999/xhtml">net.ipv4.conf.all.accept_local</html:code> kernel parameter, run the following command: <html:pre xmlns:html="http://www.w3.org/1999/xhtml">$ sudo sysctl -w net.ipv4.conf.all.accept_local=0</html:pre>
To make sure that the setting is persistent, add the following line to a file in the directory <html:code xmlns:html="http://www.w3.org/1999/xhtml">/etc/sysctl.d</html:code>: <html:pre xmlns:html="http://www.w3.org/1999/xhtml">net.ipv4.conf.all.accept_local = 0</html:pre>
        </description>
            <reference href="https://cyber.gouv.fr/sites/default/files/document/linux_configuration-en-v2.pdf">R12</reference>
            <rationale xmlns:xhtml="http://www.w3.org/1999/xhtml" xml:lang="en-US">Configure <html:code xmlns:html="http://www.w3.org/1999/xhtml">net.ipv4.conf.all.accept_local=0</html:code> to consider as invalid the packets
received from outside whose source is the 127.0.0.0/8 address block.
In combination with suitable routing, this can be used to direct packets between two
local interfaces over the wire and have them accepted properly.</rationale>
            <fix xmlns:xhtml="http://www.w3.org/1999/xhtml" id="sysctl_net_ipv4_conf_all_accept_local" system="urn:xccdf:fix:script:sh" reboot="true" complexity="low" disruption="medium" strategy="disable"># Remediation is applicable only in certain platforms
if rpm --quiet -q kernel-default || rpm --quiet -q kernel-default-base; then

# Comment out any occurrences of net.ipv4.conf.all.accept_local from /etc/sysctl.d/*.conf files

for f in /etc/sysctl.d/*.conf /run/sysctl.d/*.conf /usr/local/lib/sysctl.d/*.conf /lib/sysctl.d/*.conf; do


  # skip systemd-sysctl symlink (/etc/sysctl.d/99-sysctl.conf -&gt; /etc/sysctl.conf)
  if [[ "$(readlink -f "$f")" == "/etc/sysctl.conf" ]]; then continue; fi

  matching_list=$(grep -P '^(?!#).*[\s]*net.ipv4.conf.all.accept_local.*$' $f | uniq )
  if ! test -z "$matching_list"; then
    while IFS= read -r entry; do
      escaped_entry=$(sed -e 's|/|\\/|g' &lt;&lt;&lt; "$entry")
      # comment out "net.ipv4.conf.all.accept_local" matches to preserve user data
      sed -i --follow-symlinks "s/^${escaped_entry}$/# &amp;/g" $f
    done &lt;&lt;&lt; "$matching_list"
  fi
done

#
# Set sysctl config file which to save the desired value
#

SYSCONFIG_FILE='/etc/sysctl.d/net_ipv4_conf_all_accept_local.conf'


#
# Set runtime for net.ipv4.conf.all.accept_local
#
if ! { rpm --quiet -q kernel rpm-ostree bootc &amp;&amp; ! rpm --quiet -q openshift-kubelet &amp;&amp; { [ -f "/run/.containerenv" ] || [ -f "/.containerenv" ]; }; } ; then
    /sbin/sysctl -q -n -w net.ipv4.conf.all.accept_local="0"
fi

#
# If net.ipv4.conf.all.accept_local present in /etc/sysctl.conf, change value to "0"
#	else, add "net.ipv4.conf.all.accept_local = 0" to /etc/sysctl.conf
#

sed -i "/^$SYSCONFIG_VAR/d" /etc/sysctl.conf

# Strip any search characters in the key arg so that the key can be replaced without
# adding any search characters to the config file.
stripped_key=$(sed 's/[\^=\$,;+]*//g' &lt;&lt;&lt; "^net.ipv4.conf.all.accept_local")

# shellcheck disable=SC2059
printf -v formatted_output "%s = %s" "$stripped_key" "0"

# If the key exists, change it. Otherwise, add it to the config_file.
# We search for the key string followed by a word boundary (matched by \&gt;),
# so if we search for 'setting', 'setting2' won't match.
if LC_ALL=C grep -q -m 1 -i -e "^net.ipv4.conf.all.accept_local\\&gt;" "${SYSCONFIG_FILE}"; then
    escaped_formatted_output=$(sed -e 's|/|\\/|g' &lt;&lt;&lt; "$formatted_output")
    LC_ALL=C sed -i --follow-symlinks "s/^net.ipv4.conf.all.accept_local\\&gt;.*/$escaped_formatted_output/gi" "${SYSCONFIG_FILE}"
else
    if [[ -s "${SYSCONFIG_FILE}" ]] &amp;&amp; [[ -n "$(tail -c 1 -- "${SYSCONFIG_FILE}" || true)" ]]; then
        LC_ALL=C sed -i --follow-symlinks '$a'\\ "${SYSCONFIG_FILE}"
    fi
    printf '%s\n' "$formatted_output" &gt;&gt; "${SYSCONFIG_FILE}"
fi

else
    &gt;&amp;2 echo 'Remediation is not applicable, nothing was done'
fi
</fix>
            <fix xmlns:xhtml="http://www.w3.org/1999/xhtml" id="sysctl_net_ipv4_conf_all_accept_local" system="urn:xccdf:fix:script:ansible" reboot="true" complexity="low" disruption="medium" strategy="disable">- name: Gather the package facts
  package_facts:
    manager: auto
  tags:
  - disable_strategy
  - low_complexity
  - medium_disruption
  - medium_severity
  - reboot_required
  - sysctl_net_ipv4_conf_all_accept_local

- name: Disable Accepting Packets Routed Between Local Interfaces - Set fact for sysctl
    paths
  ansible.builtin.set_fact:
    sysctl_paths:
    - /run/sysctl.d/
    - /etc/sysctl.d/
    - /usr/local/lib/sysctl.d/
    - /lib/sysctl.d/
  when: ("kernel-default" in ansible_facts.packages or "kernel-default-base" in ansible_facts.packages)
  tags:
  - disable_strategy
  - low_complexity
  - medium_disruption
  - medium_severity
  - reboot_required
  - sysctl_net_ipv4_conf_all_accept_local

- name: Disable Accepting Packets Routed Between Local Interfaces - Find all files
    that contain net.ipv4.conf.all.accept_local
  ansible.builtin.shell:
    cmd: find -L {{ sysctl_paths | join(" ") }} -type f -name '*.conf' | xargs grep
      -HP '^\s*net.ipv4.conf.all.accept_local\s*=\s*.*$'
  register: find_all_values
  check_mode: false
  changed_when: false
  failed_when: false
  when: ("kernel-default" in ansible_facts.packages or "kernel-default-base" in ansible_facts.packages)
  tags:
  - disable_strategy
  - low_complexity
  - medium_disruption
  - medium_severity
  - reboot_required
  - sysctl_net_ipv4_conf_all_accept_local

- name: Disable Accepting Packets Routed Between Local Interfaces - Find all files
    that set net.ipv4.conf.all.accept_local to correct value
  ansible.builtin.shell:
    cmd: find -L {{ sysctl_paths | join(" ") }} -type f -name '*.conf' | xargs grep
      -HP '^\s*net.ipv4.conf.all.accept_local\s*=\s*0$'
  register: find_correct_value
  check_mode: false
  changed_when: false
  failed_when: false
  when: ("kernel-default" in ansible_facts.packages or "kernel-default-base" in ansible_facts.packages)
  tags:
  - disable_strategy
  - low_complexity
  - medium_disruption
  - medium_severity
  - reboot_required
  - sysctl_net_ipv4_conf_all_accept_local

- name: Disable Accepting Packets Routed Between Local Interfaces - Comment out any
    occurrences of net.ipv4.conf.all.accept_local from config files
  ansible.builtin.replace:
    path: '{{ item | split(":") | first }}'
    regexp: ^[\s]*net.ipv4.conf.all.accept_local
    replace: '#net.ipv4.conf.all.accept_local'
  loop: '{{ find_all_values.stdout_lines }}'
  when:
  - ("kernel-default" in ansible_facts.packages or "kernel-default-base" in ansible_facts.packages)
  - find_correct_value.stdout_lines | length == 0 or find_all_values.stdout_lines
    | length &gt; find_correct_value.stdout_lines | length
  tags:
  - disable_strategy
  - low_complexity
  - medium_disruption
  - medium_severity
  - reboot_required
  - sysctl_net_ipv4_conf_all_accept_local

- name: Disable Accepting Packets Routed Between Local Interfaces - Comment out any
    occurrences of net.ipv4.conf.all.accept_local from /etc/sysctl.conf
  ansible.builtin.replace:
    path: /etc/sysctl.conf
    regexp: ^[\s]*net.ipv4.conf.all.accept_local
    replace: '#net.ipv4.conf.all.accept_local'
  when: ("kernel-default" in ansible_facts.packages or "kernel-default-base" in ansible_facts.packages)
  tags:
  - disable_strategy
  - low_complexity
  - medium_disruption
  - medium_severity
  - reboot_required
  - sysctl_net_ipv4_conf_all_accept_local

- name: Disable Accepting Packets Routed Between Local Interfaces - Ensure sysctl
    net.ipv4.conf.all.accept_local is set to 0
  ansible.posix.sysctl:
    name: net.ipv4.conf.all.accept_local
    value: '0'
    sysctl_file: /etc/sysctl.d/net_ipv4_conf_all_accept_local.conf
    state: present
    reload: true
  when: ("kernel-default" in ansible_facts.packages or "kernel-default-base" in ansible_facts.packages)
  tags:
  - disable_strategy
  - low_complexity
  - medium_disruption
  - medium_severity
  - reboot_required
  - sysctl_net_ipv4_conf_all_accept_local
</fix>
            <check system="http://open-scap.org/page/SCE">
              <check-import import-name="stdout">
                  </check-import>
              <check-content-ref href="sle15/checks/sce/sysctl_net_ipv4_conf_all_accept_local.sh"/>
            </check>
            <check system="http://oval.mitre.org/XMLSchema/oval-definitions-5">
              <check-content-ref name="oval:ssg-sysctl_net_ipv4_conf_all_accept_local:def:1" href="ssg-sle15-oval.xml"/>
            </check>
            <check system="http://scap.nist.gov/schema/ocil/2">
              <check-content-ref name="ocil:ssg-sysctl_net_ipv4_conf_all_accept_local_ocil:questionnaire:1" href="ssg-sle15-ocil.xml"/>
            </check>
          </Rule>
          <Rule id="xccdf_org.ssgproject.content_rule_sysctl_net_ipv4_conf_all_accept_redirects" selected="false" role="full" severity="medium">
            <title xmlns:xhtml="http://www.w3.org/1999/xhtml" xml:lang="en-US">Disable Accepting ICMP Redirects for All IPv4 Interfaces</title>
            <description xmlns:xhtml="http://www.w3.org/1999/xhtml" xml:lang="en-US">To set the runtime status of the <html:code xmlns:html="http://www.w3.org/1999/xhtml">net.ipv4.conf.all.accept_redirects</html:code> kernel parameter, run the following command: <html:pre xmlns:html="http://www.w3.org/1999/xhtml">$ sudo sysctl -w net.ipv4.conf.all.accept_redirects=0</html:pre>
To make sure that the setting is persistent, add the following line to a file in the directory <html:code xmlns:html="http://www.w3.org/1999/xhtml">/etc/sysctl.d</html:code>: <html:pre xmlns:html="http://www.w3.org/1999/xhtml">net.ipv4.conf.all.accept_redirects = 0</html:pre>
        </description>
            <reference href="https://www.cisecurity.org/controls/">1</reference>
            <reference href="https://www.cisecurity.org/controls/">11</reference>
            <reference href="https://www.cisecurity.org/controls/">12</reference>
            <reference href="https://www.cisecurity.org/controls/">13</reference>
            <reference href="https://www.cisecurity.org/controls/">14</reference>
            <reference href="https://www.cisecurity.org/controls/">15</reference>
            <reference href="https://www.cisecurity.org/controls/">16</reference>
            <reference href="https://www.cisecurity.org/controls/">2</reference>
            <reference href="https://www.cisecurity.org/controls/">3</reference>
            <reference href="https://www.cisecurity.org/controls/">7</reference>
            <reference href="https://www.cisecurity.org/controls/">8</reference>
            <reference href="https://www.cisecurity.org/controls/">9</reference>
            <reference href="https://www.fbi.gov/file-repository/cjis-security-policy-v5_5_20160601-2-1.pdf">5.10.1.1</reference>
            <reference href="https://www.isaca.org/resources/cobit">APO13.01</reference>
            <reference href="https://www.isaca.org/resources/cobit">BAI04.04</reference>
            <reference href="https://www.isaca.org/resources/cobit">BAI10.01</reference>
            <reference href="https://www.isaca.org/resources/cobit">BAI10.02</reference>
            <reference href="https://www.isaca.org/resources/cobit">BAI10.03</reference>
            <reference href="https://www.isaca.org/resources/cobit">BAI10.05</reference>
            <reference href="https://www.isaca.org/resources/cobit">DSS01.03</reference>
            <reference href="https://www.isaca.org/resources/cobit">DSS03.05</reference>
            <reference href="https://www.isaca.org/resources/cobit">DSS05.02</reference>
            <reference href="https://www.isaca.org/resources/cobit">DSS05.05</reference>
            <reference href="https://www.isaca.org/resources/cobit">DSS05.07</reference>
            <reference href="https://www.isaca.org/resources/cobit">DSS06.06</reference>
            <reference href="http://nvlpubs.nist.gov/nistpubs/SpecialPublications/NIST.SP.800-171.pdf">3.1.20</reference>
            <reference href="https://www.isa.org/products/isa-62443-2-1-2009-security-for-industrial-automat">4.3.3.5.1</reference>
            <reference href="https://www.isa.org/products/isa-62443-2-1-2009-security-for-industrial-automat">4.3.3.5.2</reference>
            <reference href="https://www.isa.org/products/isa-62443-2-1-2009-security-for-industrial-automat">4.3.3.5.3</reference>
            <reference href="https://www.isa.org/products/isa-62443-2-1-2009-security-for-industrial-automat">4.3.3.5.4</reference>
            <reference href="https://www.isa.org/products/isa-62443-2-1-2009-security-for-industrial-automat">4.3.3.5.5</reference>
            <reference href="https://www.isa.org/products/isa-62443-2-1-2009-security-for-industrial-automat">4.3.3.5.6</reference>
            <reference href="https://www.isa.org/products/isa-62443-2-1-2009-security-for-industrial-automat">4.3.3.5.7</reference>
            <reference href="https://www.isa.org/products/isa-62443-2-1-2009-security-for-industrial-automat">4.3.3.5.8</reference>
            <reference href="https://www.isa.org/products/isa-62443-2-1-2009-security-for-industrial-automat">4.3.3.6.1</reference>
            <reference href="https://www.isa.org/products/isa-62443-2-1-2009-security-for-industrial-automat">4.3.3.6.2</reference>
            <reference href="https://www.isa.org/products/isa-62443-2-1-2009-security-for-industrial-automat">4.3.3.6.3</reference>
            <reference href="https://www.isa.org/products/isa-62443-2-1-2009-security-for-industrial-automat">4.3.3.6.4</reference>
            <reference href="https://www.isa.org/products/isa-62443-2-1-2009-security-for-industrial-automat">4.3.3.6.5</reference>
            <reference href="https://www.isa.org/products/isa-62443-2-1-2009-security-for-industrial-automat">4.3.3.6.6</reference>
            <reference href="https://www.isa.org/products/isa-62443-2-1-2009-security-for-industrial-automat">4.3.3.6.7</reference>
            <reference href="https://www.isa.org/products/isa-62443-2-1-2009-security-for-industrial-automat">4.3.3.6.8</reference>
            <reference href="https://www.isa.org/products/isa-62443-2-1-2009-security-for-industrial-automat">4.3.3.6.9</reference>
            <reference href="https://www.isa.org/products/isa-62443-2-1-2009-security-for-industrial-automat">4.3.3.7.1</reference>
            <reference href="https://www.isa.org/products/isa-62443-2-1-2009-security-for-industrial-automat">4.3.3.7.2</reference>
            <reference href="https://www.isa.org/products/isa-62443-2-1-2009-security-for-industrial-automat">4.3.3.7.3</reference>
            <reference href="https://www.isa.org/products/isa-62443-2-1-2009-security-for-industrial-automat">4.3.3.7.4</reference>
            <reference href="https://www.isa.org/products/isa-62443-2-1-2009-security-for-industrial-automat">4.3.4.3.2</reference>
            <reference href="https://www.isa.org/products/isa-62443-2-1-2009-security-for-industrial-automat">4.3.4.3.3</reference>
            <reference href="https://www.isa.org/products/ansi-isa-62443-3-3-99-03-03-2013-security-for-indu">SR 1.1</reference>
            <reference href="https://www.isa.org/products/ansi-isa-62443-3-3-99-03-03-2013-security-for-indu">SR 1.10</reference>
            <reference href="https://www.isa.org/products/ansi-isa-62443-3-3-99-03-03-2013-security-for-indu">SR 1.11</reference>
            <reference href="https://www.isa.org/products/ansi-isa-62443-3-3-99-03-03-2013-security-for-indu">SR 1.12</reference>
            <reference href="https://www.isa.org/products/ansi-isa-62443-3-3-99-03-03-2013-security-for-indu">SR 1.13</reference>
            <reference href="https://www.isa.org/products/ansi-isa-62443-3-3-99-03-03-2013-security-for-indu">SR 1.2</reference>
            <reference href="https://www.isa.org/products/ansi-isa-62443-3-3-99-03-03-2013-security-for-indu">SR 1.3</reference>
            <reference href="https://www.isa.org/products/ansi-isa-62443-3-3-99-03-03-2013-security-for-indu">SR 1.4</reference>
            <reference href="https://www.isa.org/products/ansi-isa-62443-3-3-99-03-03-2013-security-for-indu">SR 1.5</reference>
            <reference href="https://www.isa.org/products/ansi-isa-62443-3-3-99-03-03-2013-security-for-indu">SR 1.6</reference>
            <reference href="https://www.isa.org/products/ansi-isa-62443-3-3-99-03-03-2013-security-for-indu">SR 1.7</reference>
            <reference href="https://www.isa.org/products/ansi-isa-62443-3-3-99-03-03-2013-security-for-indu">SR 1.8</reference>
            <reference href="https://www.isa.org/products/ansi-isa-62443-3-3-99-03-03-2013-security-for-indu">SR 1.9</reference>
            <reference href="https://www.isa.org/products/ansi-isa-62443-3-3-99-03-03-2013-security-for-indu">SR 2.1</reference>
            <reference href="https://www.isa.org/products/ansi-isa-62443-3-3-99-03-03-2013-security-for-indu">SR 2.2</reference>
            <reference href="https://www.isa.org/products/ansi-isa-62443-3-3-99-03-03-2013-security-for-indu">SR 2.3</reference>
            <reference href="https://www.isa.org/products/ansi-isa-62443-3-3-99-03-03-2013-security-for-indu">SR 2.4</reference>
            <reference href="https://www.isa.org/products/ansi-isa-62443-3-3-99-03-03-2013-security-for-indu">SR 2.5</reference>
            <reference href="https://www.isa.org/products/ansi-isa-62443-3-3-99-03-03-2013-security-for-indu">SR 2.6</reference>
            <reference href="https://www.isa.org/products/ansi-isa-62443-3-3-99-03-03-2013-security-for-indu">SR 2.7</reference>
            <reference href="https://www.isa.org/products/ansi-isa-62443-3-3-99-03-03-2013-security-for-indu">SR 6.2</reference>
            <reference href="https://www.isa.org/products/ansi-isa-62443-3-3-99-03-03-2013-security-for-indu">SR 7.1</reference>
            <reference href="https://www.isa.org/products/ansi-isa-62443-3-3-99-03-03-2013-security-for-indu">SR 7.2</reference>
            <reference href="https://www.isa.org/products/ansi-isa-62443-3-3-99-03-03-2013-security-for-indu">SR 7.6</reference>
            <reference href="https://www.iso.org/contents/data/standard/05/45/54534.html">A.12.1.2</reference>
            <reference href="https://www.iso.org/contents/data/standard/05/45/54534.html">A.12.1.3</reference>
            <reference href="https://www.iso.org/contents/data/standard/05/45/54534.html">A.12.5.1</reference>
            <reference href="https://www.iso.org/contents/data/standard/05/45/54534.html">A.12.6.2</reference>
            <reference href="https://www.iso.org/contents/data/standard/05/45/54534.html">A.14.2.2</reference>
            <reference href="https://www.iso.org/contents/data/standard/05/45/54534.html">A.14.2.3</reference>
            <reference href="https://www.iso.org/contents/data/standard/05/45/54534.html">A.14.2.4</reference>
            <reference href="https://www.iso.org/contents/data/standard/05/45/54534.html">A.17.2.1</reference>
            <reference href="https://www.iso.org/contents/data/standard/05/45/54534.html">A.9.1.2</reference>
            <reference href="http://nvlpubs.nist.gov/nistpubs/SpecialPublications/NIST.SP.800-53r4.pdf">CM-7(a)</reference>
            <reference href="http://nvlpubs.nist.gov/nistpubs/SpecialPublications/NIST.SP.800-53r4.pdf">CM-7(b)</reference>
            <reference href="http://nvlpubs.nist.gov/nistpubs/SpecialPublications/NIST.SP.800-53r4.pdf">CM-6(a)</reference>
            <reference href="http://nvlpubs.nist.gov/nistpubs/SpecialPublications/NIST.SP.800-53r4.pdf">SC-7(a)</reference>
            <reference href="https://nvlpubs.nist.gov/nistpubs/CSWP/NIST.CSWP.04162018.pdf">DE.CM-1</reference>
            <reference href="https://nvlpubs.nist.gov/nistpubs/CSWP/NIST.CSWP.04162018.pdf">PR.DS-4</reference>
            <reference href="https://nvlpubs.nist.gov/nistpubs/CSWP/NIST.CSWP.04162018.pdf">PR.IP-1</reference>
            <reference href="https://nvlpubs.nist.gov/nistpubs/CSWP/NIST.CSWP.04162018.pdf">PR.PT-3</reference>
            <reference href="https://www.cyber.mil/stigs/downloads/?_dl_facet_stigs=operating-systems%2Cgeneral-purpose-os">SRG-OS-000480-GPOS-00227</reference>
            <reference href="https://www.cyber.mil/stigs/downloads/?_dl_facet_stigs=operating-systems%2Cunix-linux">SLES-15-040330</reference>
            <reference href="https://www.cisecurity.org/benchmark/suse_linux/">3.3.2</reference>
            <reference href="https://cyber.gouv.fr/sites/default/files/document/linux_configuration-en-v2.pdf">R12</reference>
            <reference href="not_publicly_available">SLES-15-450450075</reference>
            <reference href="https://www.cyber.mil/stigs/srg-stig-tools/">SV-235018r991589_rule</reference>
            <rationale xmlns:xhtml="http://www.w3.org/1999/xhtml" xml:lang="en-US">ICMP redirect messages are used by routers to inform hosts that a more
direct route exists for a particular destination. These messages modify the
host's route table and are unauthenticated. An illicit ICMP redirect
message could result in a man-in-the-middle attack.
<html:br xmlns:html="http://www.w3.org/1999/xhtml"/>
This feature of the IPv4 protocol has few legitimate uses. It should be
disabled unless absolutely required."</rationale>
            <ident system="https://ncp.nist.gov/cce">CCE-85651-8</ident>
            <fix xmlns:xhtml="http://www.w3.org/1999/xhtml" id="sysctl_net_ipv4_conf_all_accept_redirects" system="urn:xccdf:fix:script:sh" reboot="true" complexity="low" disruption="medium" strategy="disable"># Remediation is applicable only in certain platforms
if rpm --quiet -q kernel-default || rpm --quiet -q kernel-default-base; then

# Comment out any occurrences of net.ipv4.conf.all.accept_redirects from /etc/sysctl.d/*.conf files

for f in /etc/sysctl.d/*.conf /run/sysctl.d/*.conf /usr/local/lib/sysctl.d/*.conf /lib/sysctl.d/*.conf; do


  # skip systemd-sysctl symlink (/etc/sysctl.d/99-sysctl.conf -&gt; /etc/sysctl.conf)
  if [[ "$(readlink -f "$f")" == "/etc/sysctl.conf" ]]; then continue; fi

  matching_list=$(grep -P '^(?!#).*[\s]*net.ipv4.conf.all.accept_redirects.*$' $f | uniq )
  if ! test -z "$matching_list"; then
    while IFS= read -r entry; do
      escaped_entry=$(sed -e 's|/|\\/|g' &lt;&lt;&lt; "$entry")
      # comment out "net.ipv4.conf.all.accept_redirects" matches to preserve user data
      sed -i --follow-symlinks "s/^${escaped_entry}$/# &amp;/g" $f
    done &lt;&lt;&lt; "$matching_list"
  fi
done

#
# Set sysctl config file which to save the desired value
#

SYSCONFIG_FILE='/etc/sysctl.d/net_ipv4_conf_all_accept_redirects.conf'

sysctl_net_ipv4_conf_all_accept_redirects_value='<xccdf-1.2:sub xmlns:xccdf-1.2="http://checklists.nist.gov/xccdf/1.2" idref="xccdf_org.ssgproject.content_value_sysctl_net_ipv4_conf_all_accept_redirects_value" use="legacy"/>'


#
# Set runtime for net.ipv4.conf.all.accept_redirects
#
if ! { rpm --quiet -q kernel rpm-ostree bootc &amp;&amp; ! rpm --quiet -q openshift-kubelet &amp;&amp; { [ -f "/run/.containerenv" ] || [ -f "/.containerenv" ]; }; } ; then
    /sbin/sysctl -q -n -w net.ipv4.conf.all.accept_redirects="$sysctl_net_ipv4_conf_all_accept_redirects_value"
fi

#
# If net.ipv4.conf.all.accept_redirects present in /etc/sysctl.conf, change value to appropriate value
#	else, add "net.ipv4.conf.all.accept_redirects = value" to /etc/sysctl.conf
#

sed -i "/^$SYSCONFIG_VAR/d" /etc/sysctl.conf

# Strip any search characters in the key arg so that the key can be replaced without
# adding any search characters to the config file.
stripped_key=$(sed 's/[\^=\$,;+]*//g' &lt;&lt;&lt; "^net.ipv4.conf.all.accept_redirects")

# shellcheck disable=SC2059
printf -v formatted_output "%s = %s" "$stripped_key" "$sysctl_net_ipv4_conf_all_accept_redirects_value"

# If the key exists, change it. Otherwise, add it to the config_file.
# We search for the key string followed by a word boundary (matched by \&gt;),
# so if we search for 'setting', 'setting2' won't match.
if LC_ALL=C grep -q -m 1 -i -e "^net.ipv4.conf.all.accept_redirects\\&gt;" "${SYSCONFIG_FILE}"; then
    escaped_formatted_output=$(sed -e 's|/|\\/|g' &lt;&lt;&lt; "$formatted_output")
    LC_ALL=C sed -i --follow-symlinks "s/^net.ipv4.conf.all.accept_redirects\\&gt;.*/$escaped_formatted_output/gi" "${SYSCONFIG_FILE}"
else
    if [[ -s "${SYSCONFIG_FILE}" ]] &amp;&amp; [[ -n "$(tail -c 1 -- "${SYSCONFIG_FILE}" || true)" ]]; then
        LC_ALL=C sed -i --follow-symlinks '$a'\\ "${SYSCONFIG_FILE}"
    fi
    cce="CCE-85651-8"
    printf '# Per %s: Set %s in %s\n' "${cce}" "${formatted_output}" "${SYSCONFIG_FILE}" &gt;&gt; "${SYSCONFIG_FILE}"
    printf '%s\n' "$formatted_output" &gt;&gt; "${SYSCONFIG_FILE}"
fi

else
    &gt;&amp;2 echo 'Remediation is not applicable, nothing was done'
fi
</fix>
            <fix xmlns:xhtml="http://www.w3.org/1999/xhtml" id="sysctl_net_ipv4_conf_all_accept_redirects" system="urn:xccdf:fix:script:ansible" reboot="true" complexity="low" disruption="medium" strategy="disable">- name: Gather the package facts
  package_facts:
    manager: auto
  tags:
  - CCE-85651-8
  - CJIS-5.10.1.1
  - DISA-STIG-SLES-15-040330
  - NIST-800-171-3.1.20
  - NIST-800-53-CM-6(a)
  - NIST-800-53-CM-7(a)
  - NIST-800-53-CM-7(b)
  - NIST-800-53-SC-7(a)
  - disable_strategy
  - low_complexity
  - medium_disruption
  - medium_severity
  - reboot_required
  - sysctl_net_ipv4_conf_all_accept_redirects
- name: XCCDF Value sysctl_net_ipv4_conf_all_accept_redirects_value # promote to variable
  set_fact:
    sysctl_net_ipv4_conf_all_accept_redirects_value: !!str <xccdf-1.2:sub xmlns:xccdf-1.2="http://checklists.nist.gov/xccdf/1.2" idref="xccdf_org.ssgproject.content_value_sysctl_net_ipv4_conf_all_accept_redirects_value" use="legacy"/>
  tags:
    - always

- name: Disable Accepting ICMP Redirects for All IPv4 Interfaces - Set fact for sysctl
    paths
  ansible.builtin.set_fact:
    sysctl_paths:
    - /run/sysctl.d/
    - /etc/sysctl.d/
    - /usr/local/lib/sysctl.d/
    - /lib/sysctl.d/
  when: ("kernel-default" in ansible_facts.packages or "kernel-default-base" in ansible_facts.packages)
  tags:
  - CCE-85651-8
  - CJIS-5.10.1.1
  - DISA-STIG-SLES-15-040330
  - NIST-800-171-3.1.20
  - NIST-800-53-CM-6(a)
  - NIST-800-53-CM-7(a)
  - NIST-800-53-CM-7(b)
  - NIST-800-53-SC-7(a)
  - disable_strategy
  - low_complexity
  - medium_disruption
  - medium_severity
  - reboot_required
  - sysctl_net_ipv4_conf_all_accept_redirects

- name: Disable Accepting ICMP Redirects for All IPv4 Interfaces - Find all files
    that contain net.ipv4.conf.all.accept_redirects
  ansible.builtin.shell:
    cmd: find -L {{ sysctl_paths | join(" ") }} -type f -name '*.conf' | xargs grep
      -HP '^\s*net.ipv4.conf.all.accept_redirects\s*=\s*.*$'
  register: find_all_values
  check_mode: false
  changed_when: false
  failed_when: false
  when: ("kernel-default" in ansible_facts.packages or "kernel-default-base" in ansible_facts.packages)
  tags:
  - CCE-85651-8
  - CJIS-5.10.1.1
  - DISA-STIG-SLES-15-040330
  - NIST-800-171-3.1.20
  - NIST-800-53-CM-6(a)
  - NIST-800-53-CM-7(a)
  - NIST-800-53-CM-7(b)
  - NIST-800-53-SC-7(a)
  - disable_strategy
  - low_complexity
  - medium_disruption
  - medium_severity
  - reboot_required
  - sysctl_net_ipv4_conf_all_accept_redirects

- name: Disable Accepting ICMP Redirects for All IPv4 Interfaces - Find all files
    that set net.ipv4.conf.all.accept_redirects to correct value
  ansible.builtin.shell:
    cmd: find -L {{ sysctl_paths | join(" ") }} -type f -name '*.conf' | xargs grep
      -HP '^\s*net.ipv4.conf.all.accept_redirects\s*=\s*{{ sysctl_net_ipv4_conf_all_accept_redirects_value
      }}$'
  register: find_correct_value
  check_mode: false
  changed_when: false
  failed_when: false
  when: ("kernel-default" in ansible_facts.packages or "kernel-default-base" in ansible_facts.packages)
  tags:
  - CCE-85651-8
  - CJIS-5.10.1.1
  - DISA-STIG-SLES-15-040330
  - NIST-800-171-3.1.20
  - NIST-800-53-CM-6(a)
  - NIST-800-53-CM-7(a)
  - NIST-800-53-CM-7(b)
  - NIST-800-53-SC-7(a)
  - disable_strategy
  - low_complexity
  - medium_disruption
  - medium_severity
  - reboot_required
  - sysctl_net_ipv4_conf_all_accept_redirects

- name: Disable Accepting ICMP Redirects for All IPv4 Interfaces - Comment out any
    occurrences of net.ipv4.conf.all.accept_redirects from config files
  ansible.builtin.replace:
    path: '{{ item | split(":") | first }}'
    regexp: ^[\s]*net.ipv4.conf.all.accept_redirects
    replace: '#net.ipv4.conf.all.accept_redirects'
  loop: '{{ find_all_values.stdout_lines }}'
  when:
  - ("kernel-default" in ansible_facts.packages or "kernel-default-base" in ansible_facts.packages)
  - find_correct_value.stdout_lines | length == 0 or find_all_values.stdout_lines
    | length &gt; find_correct_value.stdout_lines | length
  tags:
  - CCE-85651-8
  - CJIS-5.10.1.1
  - DISA-STIG-SLES-15-040330
  - NIST-800-171-3.1.20
  - NIST-800-53-CM-6(a)
  - NIST-800-53-CM-7(a)
  - NIST-800-53-CM-7(b)
  - NIST-800-53-SC-7(a)
  - disable_strategy
  - low_complexity
  - medium_disruption
  - medium_severity
  - reboot_required
  - sysctl_net_ipv4_conf_all_accept_redirects

- name: Disable Accepting ICMP Redirects for All IPv4 Interfaces - Comment out any
    occurrences of net.ipv4.conf.all.accept_redirects from /etc/sysctl.conf
  ansible.builtin.replace:
    path: /etc/sysctl.conf
    regexp: ^[\s]*net.ipv4.conf.all.accept_redirects
    replace: '#net.ipv4.conf.all.accept_redirects'
  when: ("kernel-default" in ansible_facts.packages or "kernel-default-base" in ansible_facts.packages)
  tags:
  - CCE-85651-8
  - CJIS-5.10.1.1
  - DISA-STIG-SLES-15-040330
  - NIST-800-171-3.1.20
  - NIST-800-53-CM-6(a)
  - NIST-800-53-CM-7(a)
  - NIST-800-53-CM-7(b)
  - NIST-800-53-SC-7(a)
  - disable_strategy
  - low_complexity
  - medium_disruption
  - medium_severity
  - reboot_required
  - sysctl_net_ipv4_conf_all_accept_redirects

- name: Disable Accepting ICMP Redirects for All IPv4 Interfaces - Ensure sysctl net.ipv4.conf.all.accept_redirects
    is set
  ansible.posix.sysctl:
    name: net.ipv4.conf.all.accept_redirects
    value: '{{ sysctl_net_ipv4_conf_all_accept_redirects_value }}'
    sysctl_file: /etc/sysctl.d/net_ipv4_conf_all_accept_redirects.conf
    state: present
    reload: true
  when: ("kernel-default" in ansible_facts.packages or "kernel-default-base" in ansible_facts.packages)
  tags:
  - CCE-85651-8
  - CJIS-5.10.1.1
  - DISA-STIG-SLES-15-040330
  - NIST-800-171-3.1.20
  - NIST-800-53-CM-6(a)
  - NIST-800-53-CM-7(a)
  - NIST-800-53-CM-7(b)
  - NIST-800-53-SC-7(a)
  - disable_strategy
  - low_complexity
  - medium_disruption
  - medium_severity
  - reboot_required
  - sysctl_net_ipv4_conf_all_accept_redirects
</fix>
            <check system="http://open-scap.org/page/SCE">
              <check-import import-name="stdout">
                  </check-import>
              <check-export export-name="sysctl_net_ipv4_conf_all_accept_redirects_value" value-id="xccdf_org.ssgproject.content_value_sysctl_net_ipv4_conf_all_accept_redirects_value"/>
              <check-content-ref href="sle15/checks/sce/sysctl_net_ipv4_conf_all_accept_redirects.sh"/>
            </check>
            <check system="http://oval.mitre.org/XMLSchema/oval-definitions-5">
              <check-export export-name="oval:ssg-sysctl_net_ipv4_conf_all_accept_redirects_value:var:1" value-id="xccdf_org.ssgproject.content_value_sysctl_net_ipv4_conf_all_accept_redirects_value"/>
              <check-content-ref name="oval:ssg-sysctl_net_ipv4_conf_all_accept_redirects:def:1" href="ssg-sle15-oval.xml"/>
            </check>
            <check system="http://scap.nist.gov/schema/ocil/2">
              <check-content-ref name="ocil:ssg-sysctl_net_ipv4_conf_all_accept_redirects_ocil:questionnaire:1" href="ssg-sle15-ocil.xml"/>
            </check>
          </Rule>
          <Rule id="xccdf_org.ssgproject.content_rule_sysctl_net_ipv4_conf_all_accept_source_route" selected="false" role="full" severity="medium">
            <title xmlns:xhtml="http://www.w3.org/1999/xhtml" xml:lang="en-US">Disable Kernel Parameter for Accepting Source-Routed Packets on all IPv4 Interfaces</title>
            <description xmlns:xhtml="http://www.w3.org/1999/xhtml" xml:lang="en-US">To set the runtime status of the <html:code xmlns:html="http://www.w3.org/1999/xhtml">net.ipv4.conf.all.accept_source_route</html:code> kernel parameter, run the following command: <html:pre xmlns:html="http://www.w3.org/1999/xhtml">$ sudo sysctl -w net.ipv4.conf.all.accept_source_route=0</html:pre>
To make sure that the setting is persistent, add the following line to a file in the directory <html:code xmlns:html="http://www.w3.org/1999/xhtml">/etc/sysctl.d</html:code>: <html:pre xmlns:html="http://www.w3.org/1999/xhtml">net.ipv4.conf.all.accept_source_route = 0</html:pre>
        </description>
            <reference href="https://www.cisecurity.org/controls/">1</reference>
            <reference href="https://www.cisecurity.org/controls/">11</reference>
            <reference href="https://www.cisecurity.org/controls/">12</reference>
            <reference href="https://www.cisecurity.org/controls/">13</reference>
            <reference href="https://www.cisecurity.org/controls/">14</reference>
            <reference href="https://www.cisecurity.org/controls/">15</reference>
            <reference href="https://www.cisecurity.org/controls/">16</reference>
            <reference href="https://www.cisecurity.org/controls/">18</reference>
            <reference href="https://www.cisecurity.org/controls/">2</reference>
            <reference href="https://www.cisecurity.org/controls/">3</reference>
            <reference href="https://www.cisecurity.org/controls/">4</reference>
            <reference href="https://www.cisecurity.org/controls/">6</reference>
            <reference href="https://www.cisecurity.org/controls/">7</reference>
            <reference href="https://www.cisecurity.org/controls/">8</reference>
            <reference href="https://www.cisecurity.org/controls/">9</reference>
            <reference href="https://www.isaca.org/resources/cobit">APO01.06</reference>
            <reference href="https://www.isaca.org/resources/cobit">APO13.01</reference>
            <reference href="https://www.isaca.org/resources/cobit">BAI04.04</reference>
            <reference href="https://www.isaca.org/resources/cobit">BAI10.01</reference>
            <reference href="https://www.isaca.org/resources/cobit">BAI10.02</reference>
            <reference href="https://www.isaca.org/resources/cobit">BAI10.03</reference>
            <reference href="https://www.isaca.org/resources/cobit">BAI10.05</reference>
            <reference href="https://www.isaca.org/resources/cobit">DSS01.03</reference>
            <reference href="https://www.isaca.org/resources/cobit">DSS01.05</reference>
            <reference href="https://www.isaca.org/resources/cobit">DSS03.01</reference>
            <reference href="https://www.isaca.org/resources/cobit">DSS03.05</reference>
            <reference href="https://www.isaca.org/resources/cobit">DSS05.02</reference>
            <reference href="https://www.isaca.org/resources/cobit">DSS05.04</reference>
            <reference href="https://www.isaca.org/resources/cobit">DSS05.05</reference>
            <reference href="https://www.isaca.org/resources/cobit">DSS05.07</reference>
            <reference href="https://www.isaca.org/resources/cobit">DSS06.02</reference>
            <reference href="https://www.isaca.org/resources/cobit">DSS06.06</reference>
            <reference href="http://nvlpubs.nist.gov/nistpubs/SpecialPublications/NIST.SP.800-171.pdf">3.1.20</reference>
            <reference href="https://www.isa.org/products/isa-62443-2-1-2009-security-for-industrial-automat">4.2.3.4</reference>
            <reference href="https://www.isa.org/products/isa-62443-2-1-2009-security-for-industrial-automat">4.3.3.4</reference>
            <reference href="https://www.isa.org/products/isa-62443-2-1-2009-security-for-industrial-automat">4.3.3.5.1</reference>
            <reference href="https://www.isa.org/products/isa-62443-2-1-2009-security-for-industrial-automat">4.3.3.5.2</reference>
            <reference href="https://www.isa.org/products/isa-62443-2-1-2009-security-for-industrial-automat">4.3.3.5.3</reference>
            <reference href="https://www.isa.org/products/isa-62443-2-1-2009-security-for-industrial-automat">4.3.3.5.4</reference>
            <reference href="https://www.isa.org/products/isa-62443-2-1-2009-security-for-industrial-automat">4.3.3.5.5</reference>
            <reference href="https://www.isa.org/products/isa-62443-2-1-2009-security-for-industrial-automat">4.3.3.5.6</reference>
            <reference href="https://www.isa.org/products/isa-62443-2-1-2009-security-for-industrial-automat">4.3.3.5.7</reference>
            <reference href="https://www.isa.org/products/isa-62443-2-1-2009-security-for-industrial-automat">4.3.3.5.8</reference>
            <reference href="https://www.isa.org/products/isa-62443-2-1-2009-security-for-industrial-automat">4.3.3.6.1</reference>
            <reference href="https://www.isa.org/products/isa-62443-2-1-2009-security-for-industrial-automat">4.3.3.6.2</reference>
            <reference href="https://www.isa.org/products/isa-62443-2-1-2009-security-for-industrial-automat">4.3.3.6.3</reference>
            <reference href="https://www.isa.org/products/isa-62443-2-1-2009-security-for-industrial-automat">4.3.3.6.4</reference>
            <reference href="https://www.isa.org/products/isa-62443-2-1-2009-security-for-industrial-automat">4.3.3.6.5</reference>
            <reference href="https://www.isa.org/products/isa-62443-2-1-2009-security-for-industrial-automat">4.3.3.6.6</reference>
            <reference href="https://www.isa.org/products/isa-62443-2-1-2009-security-for-industrial-automat">4.3.3.6.7</reference>
            <reference href="https://www.isa.org/products/isa-62443-2-1-2009-security-for-industrial-automat">4.3.3.6.8</reference>
            <reference href="https://www.isa.org/products/isa-62443-2-1-2009-security-for-industrial-automat">4.3.3.6.9</reference>
            <reference href="https://www.isa.org/products/isa-62443-2-1-2009-security-for-industrial-automat">4.3.3.7.1</reference>
            <reference href="https://www.isa.org/products/isa-62443-2-1-2009-security-for-industrial-automat">4.3.3.7.2</reference>
            <reference href="https://www.isa.org/products/isa-62443-2-1-2009-security-for-industrial-automat">4.3.3.7.3</reference>
            <reference href="https://www.isa.org/products/isa-62443-2-1-2009-security-for-industrial-automat">4.3.3.7.4</reference>
            <reference href="https://www.isa.org/products/isa-62443-2-1-2009-security-for-industrial-automat">4.3.4.3.2</reference>
            <reference href="https://www.isa.org/products/isa-62443-2-1-2009-security-for-industrial-automat">4.3.4.3.3</reference>
            <reference href="https://www.isa.org/products/isa-62443-2-1-2009-security-for-industrial-automat">4.4.3.3</reference>
            <reference href="https://www.isa.org/products/ansi-isa-62443-3-3-99-03-03-2013-security-for-indu">SR 1.1</reference>
            <reference href="https://www.isa.org/products/ansi-isa-62443-3-3-99-03-03-2013-security-for-indu">SR 1.10</reference>
            <reference href="https://www.isa.org/products/ansi-isa-62443-3-3-99-03-03-2013-security-for-indu">SR 1.11</reference>
            <reference href="https://www.isa.org/products/ansi-isa-62443-3-3-99-03-03-2013-security-for-indu">SR 1.12</reference>
            <reference href="https://www.isa.org/products/ansi-isa-62443-3-3-99-03-03-2013-security-for-indu">SR 1.13</reference>
            <reference href="https://www.isa.org/products/ansi-isa-62443-3-3-99-03-03-2013-security-for-indu">SR 1.2</reference>
            <reference href="https://www.isa.org/products/ansi-isa-62443-3-3-99-03-03-2013-security-for-indu">SR 1.3</reference>
            <reference href="https://www.isa.org/products/ansi-isa-62443-3-3-99-03-03-2013-security-for-indu">SR 1.4</reference>
            <reference href="https://www.isa.org/products/ansi-isa-62443-3-3-99-03-03-2013-security-for-indu">SR 1.5</reference>
            <reference href="https://www.isa.org/products/ansi-isa-62443-3-3-99-03-03-2013-security-for-indu">SR 1.6</reference>
            <reference href="https://www.isa.org/products/ansi-isa-62443-3-3-99-03-03-2013-security-for-indu">SR 1.7</reference>
            <reference href="https://www.isa.org/products/ansi-isa-62443-3-3-99-03-03-2013-security-for-indu">SR 1.8</reference>
            <reference href="https://www.isa.org/products/ansi-isa-62443-3-3-99-03-03-2013-security-for-indu">SR 1.9</reference>
            <reference href="https://www.isa.org/products/ansi-isa-62443-3-3-99-03-03-2013-security-for-indu">SR 2.1</reference>
            <reference href="https://www.isa.org/products/ansi-isa-62443-3-3-99-03-03-2013-security-for-indu">SR 2.2</reference>
            <reference href="https://www.isa.org/products/ansi-isa-62443-3-3-99-03-03-2013-security-for-indu">SR 2.3</reference>
            <reference href="https://www.isa.org/products/ansi-isa-62443-3-3-99-03-03-2013-security-for-indu">SR 2.4</reference>
            <reference href="https://www.isa.org/products/ansi-isa-62443-3-3-99-03-03-2013-security-for-indu">SR 2.5</reference>
            <reference href="https://www.isa.org/products/ansi-isa-62443-3-3-99-03-03-2013-security-for-indu">SR 2.6</reference>
            <reference href="https://www.isa.org/products/ansi-isa-62443-3-3-99-03-03-2013-security-for-indu">SR 2.7</reference>
            <reference href="https://www.isa.org/products/ansi-isa-62443-3-3-99-03-03-2013-security-for-indu">SR 3.1</reference>
            <reference href="https://www.isa.org/products/ansi-isa-62443-3-3-99-03-03-2013-security-for-indu">SR 3.5</reference>
            <reference href="https://www.isa.org/products/ansi-isa-62443-3-3-99-03-03-2013-security-for-indu">SR 3.8</reference>
            <reference href="https://www.isa.org/products/ansi-isa-62443-3-3-99-03-03-2013-security-for-indu">SR 4.1</reference>
            <reference href="https://www.isa.org/products/ansi-isa-62443-3-3-99-03-03-2013-security-for-indu">SR 4.3</reference>
            <reference href="https://www.isa.org/products/ansi-isa-62443-3-3-99-03-03-2013-security-for-indu">SR 5.1</reference>
            <reference href="https://www.isa.org/products/ansi-isa-62443-3-3-99-03-03-2013-security-for-indu">SR 5.2</reference>
            <reference href="https://www.isa.org/products/ansi-isa-62443-3-3-99-03-03-2013-security-for-indu">SR 5.3</reference>
            <reference href="https://www.isa.org/products/ansi-isa-62443-3-3-99-03-03-2013-security-for-indu">SR 6.2</reference>
            <reference href="https://www.isa.org/products/ansi-isa-62443-3-3-99-03-03-2013-security-for-indu">SR 7.1</reference>
            <reference href="https://www.isa.org/products/ansi-isa-62443-3-3-99-03-03-2013-security-for-indu">SR 7.2</reference>
            <reference href="https://www.isa.org/products/ansi-isa-62443-3-3-99-03-03-2013-security-for-indu">SR 7.6</reference>
            <reference href="https://www.iso.org/contents/data/standard/05/45/54534.html">A.10.1.1</reference>
            <reference href="https://www.iso.org/contents/data/standard/05/45/54534.html">A.11.1.4</reference>
            <reference href="https://www.iso.org/contents/data/standard/05/45/54534.html">A.11.1.5</reference>
            <reference href="https://www.iso.org/contents/data/standard/05/45/54534.html">A.11.2.1</reference>
            <reference href="https://www.iso.org/contents/data/standard/05/45/54534.html">A.12.1.1</reference>
            <reference href="https://www.iso.org/contents/data/standard/05/45/54534.html">A.12.1.2</reference>
            <reference href="https://www.iso.org/contents/data/standard/05/45/54534.html">A.12.1.3</reference>
            <reference href="https://www.iso.org/contents/data/standard/05/45/54534.html">A.12.5.1</reference>
            <reference href="https://www.iso.org/contents/data/standard/05/45/54534.html">A.12.6.2</reference>
            <reference href="https://www.iso.org/contents/data/standard/05/45/54534.html">A.13.1.1</reference>
            <reference href="https://www.iso.org/contents/data/standard/05/45/54534.html">A.13.1.2</reference>
            <reference href="https://www.iso.org/contents/data/standard/05/45/54534.html">A.13.1.3</reference>
            <reference href="https://www.iso.org/contents/data/standard/05/45/54534.html">A.13.2.1</reference>
            <reference href="https://www.iso.org/contents/data/standard/05/45/54534.html">A.13.2.2</reference>
            <reference href="https://www.iso.org/contents/data/standard/05/45/54534.html">A.13.2.3</reference>
            <reference href="https://www.iso.org/contents/data/standard/05/45/54534.html">A.13.2.4</reference>
            <reference href="https://www.iso.org/contents/data/standard/05/45/54534.html">A.14.1.2</reference>
            <reference href="https://www.iso.org/contents/data/standard/05/45/54534.html">A.14.1.3</reference>
            <reference href="https://www.iso.org/contents/data/standard/05/45/54534.html">A.14.2.2</reference>
            <reference href="https://www.iso.org/contents/data/standard/05/45/54534.html">A.14.2.3</reference>
            <reference href="https://www.iso.org/contents/data/standard/05/45/54534.html">A.14.2.4</reference>
            <reference href="https://www.iso.org/contents/data/standard/05/45/54534.html">A.17.2.1</reference>
            <reference href="https://www.iso.org/contents/data/standard/05/45/54534.html">A.6.1.2</reference>
            <reference href="https://www.iso.org/contents/data/standard/05/45/54534.html">A.7.1.1</reference>
            <reference href="https://www.iso.org/contents/data/standard/05/45/54534.html">A.7.1.2</reference>
            <reference href="https://www.iso.org/contents/data/standard/05/45/54534.html">A.7.3.1</reference>
            <reference href="https://www.iso.org/contents/data/standard/05/45/54534.html">A.8.2.2</reference>
            <reference href="https://www.iso.org/contents/data/standard/05/45/54534.html">A.8.2.3</reference>
            <reference href="https://www.iso.org/contents/data/standard/05/45/54534.html">A.9.1.1</reference>
            <reference href="https://www.iso.org/contents/data/standard/05/45/54534.html">A.9.1.2</reference>
            <reference href="https://www.iso.org/contents/data/standard/05/45/54534.html">A.9.2.3</reference>
            <reference href="https://www.iso.org/contents/data/standard/05/45/54534.html">A.9.4.1</reference>
            <reference href="https://www.iso.org/contents/data/standard/05/45/54534.html">A.9.4.4</reference>
            <reference href="https://www.iso.org/contents/data/standard/05/45/54534.html">A.9.4.5</reference>
            <reference href="https://www.nerc.com/standards/reliability-standards/cip">CIP-007-3 R4</reference>
            <reference href="https://www.nerc.com/standards/reliability-standards/cip">CIP-007-3 R4.1</reference>
            <reference href="https://www.nerc.com/standards/reliability-standards/cip">CIP-007-3 R4.2</reference>
            <reference href="https://www.nerc.com/standards/reliability-standards/cip">CIP-007-3 R5.1</reference>
            <reference href="http://nvlpubs.nist.gov/nistpubs/SpecialPublications/NIST.SP.800-53r4.pdf">CM-7(a)</reference>
            <reference href="http://nvlpubs.nist.gov/nistpubs/SpecialPublications/NIST.SP.800-53r4.pdf">CM-7(b)</reference>
            <reference href="http://nvlpubs.nist.gov/nistpubs/SpecialPublications/NIST.SP.800-53r4.pdf">SC-5</reference>
            <reference href="http://nvlpubs.nist.gov/nistpubs/SpecialPublications/NIST.SP.800-53r4.pdf">CM-6(a)</reference>
            <reference href="http://nvlpubs.nist.gov/nistpubs/SpecialPublications/NIST.SP.800-53r4.pdf">SC-7(a)</reference>
            <reference href="https://nvlpubs.nist.gov/nistpubs/CSWP/NIST.CSWP.04162018.pdf">DE.AE-1</reference>
            <reference href="https://nvlpubs.nist.gov/nistpubs/CSWP/NIST.CSWP.04162018.pdf">DE.CM-1</reference>
            <reference href="https://nvlpubs.nist.gov/nistpubs/CSWP/NIST.CSWP.04162018.pdf">ID.AM-3</reference>
            <reference href="https://nvlpubs.nist.gov/nistpubs/CSWP/NIST.CSWP.04162018.pdf">PR.AC-5</reference>
            <reference href="https://nvlpubs.nist.gov/nistpubs/CSWP/NIST.CSWP.04162018.pdf">PR.DS-4</reference>
            <reference href="https://nvlpubs.nist.gov/nistpubs/CSWP/NIST.CSWP.04162018.pdf">PR.DS-5</reference>
            <reference href="https://nvlpubs.nist.gov/nistpubs/CSWP/NIST.CSWP.04162018.pdf">PR.IP-1</reference>
            <reference href="https://nvlpubs.nist.gov/nistpubs/CSWP/NIST.CSWP.04162018.pdf">PR.PT-3</reference>
            <reference href="https://nvlpubs.nist.gov/nistpubs/CSWP/NIST.CSWP.04162018.pdf">PR.PT-4</reference>
            <reference href="https://www.cyber.mil/stigs/downloads/?_dl_facet_stigs=operating-systems%2Cgeneral-purpose-os">SRG-OS-000480-GPOS-00227</reference>
            <reference href="https://www.cyber.mil/stigs/downloads/?_dl_facet_stigs=operating-systems%2Cunix-linux">SLES-15-040300</reference>
            <reference href="https://www.cisecurity.org/benchmark/suse_linux/">3.3.1</reference>
            <reference href="https://cyber.gouv.fr/sites/default/files/document/linux_configuration-en-v2.pdf">R12</reference>
            <reference href="not_publicly_available">SLES-15-450450120</reference>
            <reference href="https://www.cyber.mil/stigs/srg-stig-tools/">SV-235014r991589_rule</reference>
            <rationale xmlns:xhtml="http://www.w3.org/1999/xhtml" xml:lang="en-US">Source-routed packets allow the source of the packet to suggest routers
forward the packet along a different path than configured on the router,
which can be used to bypass network security measures. This requirement
applies only to the forwarding of source-routerd traffic, such as when IPv4
forwarding is enabled and the system is functioning as a router.
<html:br xmlns:html="http://www.w3.org/1999/xhtml"/>
         <html:br xmlns:html="http://www.w3.org/1999/xhtml"/>
Accepting source-routed packets in the IPv4 protocol has few legitimate
uses. It should be disabled unless it is absolutely required.</rationale>
            <ident system="https://ncp.nist.gov/cce">CCE-85648-4</ident>
            <fix xmlns:xhtml="http://www.w3.org/1999/xhtml" id="sysctl_net_ipv4_conf_all_accept_source_route" system="urn:xccdf:fix:script:sh" reboot="true" complexity="low" disruption="medium" strategy="disable"># Remediation is applicable only in certain platforms
if rpm --quiet -q kernel-default || rpm --quiet -q kernel-default-base; then

# Comment out any occurrences of net.ipv4.conf.all.accept_source_route from /etc/sysctl.d/*.conf files

for f in /etc/sysctl.d/*.conf /run/sysctl.d/*.conf /usr/local/lib/sysctl.d/*.conf /lib/sysctl.d/*.conf; do


  # skip systemd-sysctl symlink (/etc/sysctl.d/99-sysctl.conf -&gt; /etc/sysctl.conf)
  if [[ "$(readlink -f "$f")" == "/etc/sysctl.conf" ]]; then continue; fi

  matching_list=$(grep -P '^(?!#).*[\s]*net.ipv4.conf.all.accept_source_route.*$' $f | uniq )
  if ! test -z "$matching_list"; then
    while IFS= read -r entry; do
      escaped_entry=$(sed -e 's|/|\\/|g' &lt;&lt;&lt; "$entry")
      # comment out "net.ipv4.conf.all.accept_source_route" matches to preserve user data
      sed -i --follow-symlinks "s/^${escaped_entry}$/# &amp;/g" $f
    done &lt;&lt;&lt; "$matching_list"
  fi
done

#
# Set sysctl config file which to save the desired value
#

SYSCONFIG_FILE='/etc/sysctl.d/net_ipv4_conf_all_accept_source_route.conf'

sysctl_net_ipv4_conf_all_accept_source_route_value='<xccdf-1.2:sub xmlns:xccdf-1.2="http://checklists.nist.gov/xccdf/1.2" idref="xccdf_org.ssgproject.content_value_sysctl_net_ipv4_conf_all_accept_source_route_value" use="legacy"/>'


#
# Set runtime for net.ipv4.conf.all.accept_source_route
#
if ! { rpm --quiet -q kernel rpm-ostree bootc &amp;&amp; ! rpm --quiet -q openshift-kubelet &amp;&amp; { [ -f "/run/.containerenv" ] || [ -f "/.containerenv" ]; }; } ; then
    /sbin/sysctl -q -n -w net.ipv4.conf.all.accept_source_route="$sysctl_net_ipv4_conf_all_accept_source_route_value"
fi

#
# If net.ipv4.conf.all.accept_source_route present in /etc/sysctl.conf, change value to appropriate value
#	else, add "net.ipv4.conf.all.accept_source_route = value" to /etc/sysctl.conf
#

sed -i "/^$SYSCONFIG_VAR/d" /etc/sysctl.conf

# Strip any search characters in the key arg so that the key can be replaced without
# adding any search characters to the config file.
stripped_key=$(sed 's/[\^=\$,;+]*//g' &lt;&lt;&lt; "^net.ipv4.conf.all.accept_source_route")

# shellcheck disable=SC2059
printf -v formatted_output "%s = %s" "$stripped_key" "$sysctl_net_ipv4_conf_all_accept_source_route_value"

# If the key exists, change it. Otherwise, add it to the config_file.
# We search for the key string followed by a word boundary (matched by \&gt;),
# so if we search for 'setting', 'setting2' won't match.
if LC_ALL=C grep -q -m 1 -i -e "^net.ipv4.conf.all.accept_source_route\\&gt;" "${SYSCONFIG_FILE}"; then
    escaped_formatted_output=$(sed -e 's|/|\\/|g' &lt;&lt;&lt; "$formatted_output")
    LC_ALL=C sed -i --follow-symlinks "s/^net.ipv4.conf.all.accept_source_route\\&gt;.*/$escaped_formatted_output/gi" "${SYSCONFIG_FILE}"
else
    if [[ -s "${SYSCONFIG_FILE}" ]] &amp;&amp; [[ -n "$(tail -c 1 -- "${SYSCONFIG_FILE}" || true)" ]]; then
        LC_ALL=C sed -i --follow-symlinks '$a'\\ "${SYSCONFIG_FILE}"
    fi
    cce="CCE-85648-4"
    printf '# Per %s: Set %s in %s\n' "${cce}" "${formatted_output}" "${SYSCONFIG_FILE}" &gt;&gt; "${SYSCONFIG_FILE}"
    printf '%s\n' "$formatted_output" &gt;&gt; "${SYSCONFIG_FILE}"
fi

else
    &gt;&amp;2 echo 'Remediation is not applicable, nothing was done'
fi
</fix>
            <fix xmlns:xhtml="http://www.w3.org/1999/xhtml" id="sysctl_net_ipv4_conf_all_accept_source_route" system="urn:xccdf:fix:script:ansible" reboot="true" complexity="low" disruption="medium" strategy="disable">- name: Gather the package facts
  package_facts:
    manager: auto
  tags:
  - CCE-85648-4
  - DISA-STIG-SLES-15-040300
  - NIST-800-171-3.1.20
  - NIST-800-53-CM-6(a)
  - NIST-800-53-CM-7(a)
  - NIST-800-53-CM-7(b)
  - NIST-800-53-SC-5
  - NIST-800-53-SC-7(a)
  - disable_strategy
  - low_complexity
  - medium_disruption
  - medium_severity
  - reboot_required
  - sysctl_net_ipv4_conf_all_accept_source_route
- name: XCCDF Value sysctl_net_ipv4_conf_all_accept_source_route_value # promote to variable
  set_fact:
    sysctl_net_ipv4_conf_all_accept_source_route_value: !!str <xccdf-1.2:sub xmlns:xccdf-1.2="http://checklists.nist.gov/xccdf/1.2" idref="xccdf_org.ssgproject.content_value_sysctl_net_ipv4_conf_all_accept_source_route_value" use="legacy"/>
  tags:
    - always

- name: Disable Kernel Parameter for Accepting Source-Routed Packets on all IPv4 Interfaces
    - Set fact for sysctl paths
  ansible.builtin.set_fact:
    sysctl_paths:
    - /run/sysctl.d/
    - /etc/sysctl.d/
    - /usr/local/lib/sysctl.d/
    - /lib/sysctl.d/
  when: ("kernel-default" in ansible_facts.packages or "kernel-default-base" in ansible_facts.packages)
  tags:
  - CCE-85648-4
  - DISA-STIG-SLES-15-040300
  - NIST-800-171-3.1.20
  - NIST-800-53-CM-6(a)
  - NIST-800-53-CM-7(a)
  - NIST-800-53-CM-7(b)
  - NIST-800-53-SC-5
  - NIST-800-53-SC-7(a)
  - disable_strategy
  - low_complexity
  - medium_disruption
  - medium_severity
  - reboot_required
  - sysctl_net_ipv4_conf_all_accept_source_route

- name: Disable Kernel Parameter for Accepting Source-Routed Packets on all IPv4 Interfaces
    - Find all files that contain net.ipv4.conf.all.accept_source_route
  ansible.builtin.shell:
    cmd: find -L {{ sysctl_paths | join(" ") }} -type f -name '*.conf' | xargs grep
      -HP '^\s*net.ipv4.conf.all.accept_source_route\s*=\s*.*$'
  register: find_all_values
  check_mode: false
  changed_when: false
  failed_when: false
  when: ("kernel-default" in ansible_facts.packages or "kernel-default-base" in ansible_facts.packages)
  tags:
  - CCE-85648-4
  - DISA-STIG-SLES-15-040300
  - NIST-800-171-3.1.20
  - NIST-800-53-CM-6(a)
  - NIST-800-53-CM-7(a)
  - NIST-800-53-CM-7(b)
  - NIST-800-53-SC-5
  - NIST-800-53-SC-7(a)
  - disable_strategy
  - low_complexity
  - medium_disruption
  - medium_severity
  - reboot_required
  - sysctl_net_ipv4_conf_all_accept_source_route

- name: Disable Kernel Parameter for Accepting Source-Routed Packets on all IPv4 Interfaces
    - Find all files that set net.ipv4.conf.all.accept_source_route to correct value
  ansible.builtin.shell:
    cmd: find -L {{ sysctl_paths | join(" ") }} -type f -name '*.conf' | xargs grep
      -HP '^\s*net.ipv4.conf.all.accept_source_route\s*=\s*{{ sysctl_net_ipv4_conf_all_accept_source_route_value
      }}$'
  register: find_correct_value
  check_mode: false
  changed_when: false
  failed_when: false
  when: ("kernel-default" in ansible_facts.packages or "kernel-default-base" in ansible_facts.packages)
  tags:
  - CCE-85648-4
  - DISA-STIG-SLES-15-040300
  - NIST-800-171-3.1.20
  - NIST-800-53-CM-6(a)
  - NIST-800-53-CM-7(a)
  - NIST-800-53-CM-7(b)
  - NIST-800-53-SC-5
  - NIST-800-53-SC-7(a)
  - disable_strategy
  - low_complexity
  - medium_disruption
  - medium_severity
  - reboot_required
  - sysctl_net_ipv4_conf_all_accept_source_route

- name: Disable Kernel Parameter for Accepting Source-Routed Packets on all IPv4 Interfaces
    - Comment out any occurrences of net.ipv4.conf.all.accept_source_route from config
    files
  ansible.builtin.replace:
    path: '{{ item | split(":") | first }}'
    regexp: ^[\s]*net.ipv4.conf.all.accept_source_route
    replace: '#net.ipv4.conf.all.accept_source_route'
  loop: '{{ find_all_values.stdout_lines }}'
  when:
  - ("kernel-default" in ansible_facts.packages or "kernel-default-base" in ansible_facts.packages)
  - find_correct_value.stdout_lines | length == 0 or find_all_values.stdout_lines
    | length &gt; find_correct_value.stdout_lines | length
  tags:
  - CCE-85648-4
  - DISA-STIG-SLES-15-040300
  - NIST-800-171-3.1.20
  - NIST-800-53-CM-6(a)
  - NIST-800-53-CM-7(a)
  - NIST-800-53-CM-7(b)
  - NIST-800-53-SC-5
  - NIST-800-53-SC-7(a)
  - disable_strategy
  - low_complexity
  - medium_disruption
  - medium_severity
  - reboot_required
  - sysctl_net_ipv4_conf_all_accept_source_route

- name: Disable Kernel Parameter for Accepting Source-Routed Packets on all IPv4 Interfaces
    - Comment out any occurrences of net.ipv4.conf.all.accept_source_route from /etc/sysctl.conf
  ansible.builtin.replace:
    path: /etc/sysctl.conf
    regexp: ^[\s]*net.ipv4.conf.all.accept_source_route
    replace: '#net.ipv4.conf.all.accept_source_route'
  when: ("kernel-default" in ansible_facts.packages or "kernel-default-base" in ansible_facts.packages)
  tags:
  - CCE-85648-4
  - DISA-STIG-SLES-15-040300
  - NIST-800-171-3.1.20
  - NIST-800-53-CM-6(a)
  - NIST-800-53-CM-7(a)
  - NIST-800-53-CM-7(b)
  - NIST-800-53-SC-5
  - NIST-800-53-SC-7(a)
  - disable_strategy
  - low_complexity
  - medium_disruption
  - medium_severity
  - reboot_required
  - sysctl_net_ipv4_conf_all_accept_source_route

- name: Disable Kernel Parameter for Accepting Source-Routed Packets on all IPv4 Interfaces
    - Ensure sysctl net.ipv4.conf.all.accept_source_route is set
  ansible.posix.sysctl:
    name: net.ipv4.conf.all.accept_source_route
    value: '{{ sysctl_net_ipv4_conf_all_accept_source_route_value }}'
    sysctl_file: /etc/sysctl.d/net_ipv4_conf_all_accept_source_route.conf
    state: present
    reload: true
  when: ("kernel-default" in ansible_facts.packages or "kernel-default-base" in ansible_facts.packages)
  tags:
  - CCE-85648-4
  - DISA-STIG-SLES-15-040300
  - NIST-800-171-3.1.20
  - NIST-800-53-CM-6(a)
  - NIST-800-53-CM-7(a)
  - NIST-800-53-CM-7(b)
  - NIST-800-53-SC-5
  - NIST-800-53-SC-7(a)
  - disable_strategy
  - low_complexity
  - medium_disruption
  - medium_severity
  - reboot_required
  - sysctl_net_ipv4_conf_all_accept_source_route
</fix>
            <check system="http://open-scap.org/page/SCE">
              <check-import import-name="stdout">
                  </check-import>
              <check-export export-name="sysctl_net_ipv4_conf_all_accept_source_route_value" value-id="xccdf_org.ssgproject.content_value_sysctl_net_ipv4_conf_all_accept_source_route_value"/>
              <check-content-ref href="sle15/checks/sce/sysctl_net_ipv4_conf_all_accept_source_route.sh"/>
            </check>
            <check system="http://oval.mitre.org/XMLSchema/oval-definitions-5">
              <check-export export-name="oval:ssg-sysctl_net_ipv4_conf_all_accept_source_route_value:var:1" value-id="xccdf_org.ssgproject.content_value_sysctl_net_ipv4_conf_all_accept_source_route_value"/>
              <check-content-ref name="oval:ssg-sysctl_net_ipv4_conf_all_accept_source_route:def:1" href="ssg-sle15-oval.xml"/>
            </check>
            <check system="http://scap.nist.gov/schema/ocil/2">
              <check-content-ref name="ocil:ssg-sysctl_net_ipv4_conf_all_accept_source_route_ocil:questionnaire:1" href="ssg-sle15-ocil.xml"/>
            </check>
          </Rule>
          <Rule id="xccdf_org.ssgproject.content_rule_sysctl_net_ipv4_conf_all_arp_filter" selected="false" role="full" severity="medium">
            <title xmlns:xhtml="http://www.w3.org/1999/xhtml" xml:lang="en-US">Configure ARP filtering for All IPv4 Interfaces</title>
            <description xmlns:xhtml="http://www.w3.org/1999/xhtml" xml:lang="en-US">To set the runtime status of the <html:code xmlns:html="http://www.w3.org/1999/xhtml">net.ipv4.conf.all.arp_filter</html:code> kernel parameter, run the following command: <html:pre xmlns:html="http://www.w3.org/1999/xhtml" xmlns:xccdf-1.2="http://checklists.nist.gov/xccdf/1.2">$ sudo sysctl -w net.ipv4.conf.all.arp_filter=<xccdf-1.2:sub idref="xccdf_org.ssgproject.content_value_sysctl_net_ipv4_conf_all_arp_filter_value" use="legacy"/>
         </html:pre>
To make sure that the setting is persistent, add the following line to a file in the directory <html:code xmlns:html="http://www.w3.org/1999/xhtml">/etc/sysctl.d</html:code>: <html:pre xmlns:html="http://www.w3.org/1999/xhtml" xmlns:xccdf-1.2="http://checklists.nist.gov/xccdf/1.2">net.ipv4.conf.all.arp_filter = <xccdf-1.2:sub idref="xccdf_org.ssgproject.content_value_sysctl_net_ipv4_conf_all_arp_filter_value" use="legacy"/>
         </html:pre>
        </description>
            <warning xmlns:xhtml="http://www.w3.org/1999/xhtml" xml:lang="en-US" category="functionality">This behaviour may cause problems to system on a high availability or load balancing configuration.</warning>
            <reference href="https://cyber.gouv.fr/sites/default/files/document/linux_configuration-en-v2.pdf">R12</reference>
            <reference href="not_publicly_available">SLES-15-450450180</reference>
            <rationale xmlns:xhtml="http://www.w3.org/1999/xhtml" xml:lang="en-US">Prevents the Linux Kernel from handling the ARP table globally.
By default, the kernel may respond to an ARP request from a certain interface with information
from another interface.</rationale>
            <ident system="https://ncp.nist.gov/cce">CCE-92609-7</ident>
            <fix xmlns:xhtml="http://www.w3.org/1999/xhtml" id="sysctl_net_ipv4_conf_all_arp_filter" system="urn:xccdf:fix:script:sh" reboot="true" complexity="low" disruption="medium" strategy="disable"># Remediation is applicable only in certain platforms
if rpm --quiet -q kernel-default || rpm --quiet -q kernel-default-base; then

# Comment out any occurrences of net.ipv4.conf.all.arp_filter from /etc/sysctl.d/*.conf files

for f in /etc/sysctl.d/*.conf /run/sysctl.d/*.conf /usr/local/lib/sysctl.d/*.conf /lib/sysctl.d/*.conf; do


  # skip systemd-sysctl symlink (/etc/sysctl.d/99-sysctl.conf -&gt; /etc/sysctl.conf)
  if [[ "$(readlink -f "$f")" == "/etc/sysctl.conf" ]]; then continue; fi

  matching_list=$(grep -P '^(?!#).*[\s]*net.ipv4.conf.all.arp_filter.*$' $f | uniq )
  if ! test -z "$matching_list"; then
    while IFS= read -r entry; do
      escaped_entry=$(sed -e 's|/|\\/|g' &lt;&lt;&lt; "$entry")
      # comment out "net.ipv4.conf.all.arp_filter" matches to preserve user data
      sed -i --follow-symlinks "s/^${escaped_entry}$/# &amp;/g" $f
    done &lt;&lt;&lt; "$matching_list"
  fi
done

#
# Set sysctl config file which to save the desired value
#

SYSCONFIG_FILE='/etc/sysctl.d/net_ipv4_conf_all_arp_filter.conf'

sysctl_net_ipv4_conf_all_arp_filter_value='<xccdf-1.2:sub xmlns:xccdf-1.2="http://checklists.nist.gov/xccdf/1.2" idref="xccdf_org.ssgproject.content_value_sysctl_net_ipv4_conf_all_arp_filter_value" use="legacy"/>'


#
# Set runtime for net.ipv4.conf.all.arp_filter
#
if ! { rpm --quiet -q kernel rpm-ostree bootc &amp;&amp; ! rpm --quiet -q openshift-kubelet &amp;&amp; { [ -f "/run/.containerenv" ] || [ -f "/.containerenv" ]; }; } ; then
    /sbin/sysctl -q -n -w net.ipv4.conf.all.arp_filter="$sysctl_net_ipv4_conf_all_arp_filter_value"
fi

#
# If net.ipv4.conf.all.arp_filter present in /etc/sysctl.conf, change value to appropriate value
#	else, add "net.ipv4.conf.all.arp_filter = value" to /etc/sysctl.conf
#

sed -i "/^$SYSCONFIG_VAR/d" /etc/sysctl.conf

# Strip any search characters in the key arg so that the key can be replaced without
# adding any search characters to the config file.
stripped_key=$(sed 's/[\^=\$,;+]*//g' &lt;&lt;&lt; "^net.ipv4.conf.all.arp_filter")

# shellcheck disable=SC2059
printf -v formatted_output "%s = %s" "$stripped_key" "$sysctl_net_ipv4_conf_all_arp_filter_value"

# If the key exists, change it. Otherwise, add it to the config_file.
# We search for the key string followed by a word boundary (matched by \&gt;),
# so if we search for 'setting', 'setting2' won't match.
if LC_ALL=C grep -q -m 1 -i -e "^net.ipv4.conf.all.arp_filter\\&gt;" "${SYSCONFIG_FILE}"; then
    escaped_formatted_output=$(sed -e 's|/|\\/|g' &lt;&lt;&lt; "$formatted_output")
    LC_ALL=C sed -i --follow-symlinks "s/^net.ipv4.conf.all.arp_filter\\&gt;.*/$escaped_formatted_output/gi" "${SYSCONFIG_FILE}"
else
    if [[ -s "${SYSCONFIG_FILE}" ]] &amp;&amp; [[ -n "$(tail -c 1 -- "${SYSCONFIG_FILE}" || true)" ]]; then
        LC_ALL=C sed -i --follow-symlinks '$a'\\ "${SYSCONFIG_FILE}"
    fi
    cce="CCE-92609-7"
    printf '# Per %s: Set %s in %s\n' "${cce}" "${formatted_output}" "${SYSCONFIG_FILE}" &gt;&gt; "${SYSCONFIG_FILE}"
    printf '%s\n' "$formatted_output" &gt;&gt; "${SYSCONFIG_FILE}"
fi

else
    &gt;&amp;2 echo 'Remediation is not applicable, nothing was done'
fi
</fix>
            <fix xmlns:xhtml="http://www.w3.org/1999/xhtml" id="sysctl_net_ipv4_conf_all_arp_filter" system="urn:xccdf:fix:script:ansible" reboot="true" complexity="low" disruption="medium" strategy="disable">- name: Gather the package facts
  package_facts:
    manager: auto
  tags:
  - CCE-92609-7
  - disable_strategy
  - low_complexity
  - medium_disruption
  - medium_severity
  - reboot_required
  - sysctl_net_ipv4_conf_all_arp_filter
- name: XCCDF Value sysctl_net_ipv4_conf_all_arp_filter_value # promote to variable
  set_fact:
    sysctl_net_ipv4_conf_all_arp_filter_value: !!str <xccdf-1.2:sub xmlns:xccdf-1.2="http://checklists.nist.gov/xccdf/1.2" idref="xccdf_org.ssgproject.content_value_sysctl_net_ipv4_conf_all_arp_filter_value" use="legacy"/>
  tags:
    - always

- name: Configure ARP filtering for All IPv4 Interfaces - Set fact for sysctl paths
  ansible.builtin.set_fact:
    sysctl_paths:
    - /run/sysctl.d/
    - /etc/sysctl.d/
    - /usr/local/lib/sysctl.d/
    - /lib/sysctl.d/
  when: ("kernel-default" in ansible_facts.packages or "kernel-default-base" in ansible_facts.packages)
  tags:
  - CCE-92609-7
  - disable_strategy
  - low_complexity
  - medium_disruption
  - medium_severity
  - reboot_required
  - sysctl_net_ipv4_conf_all_arp_filter

- name: Configure ARP filtering for All IPv4 Interfaces - Find all files that contain
    net.ipv4.conf.all.arp_filter
  ansible.builtin.shell:
    cmd: find -L {{ sysctl_paths | join(" ") }} -type f -name '*.conf' | xargs grep
      -HP '^\s*net.ipv4.conf.all.arp_filter\s*=\s*.*$'
  register: find_all_values
  check_mode: false
  changed_when: false
  failed_when: false
  when: ("kernel-default" in ansible_facts.packages or "kernel-default-base" in ansible_facts.packages)
  tags:
  - CCE-92609-7
  - disable_strategy
  - low_complexity
  - medium_disruption
  - medium_severity
  - reboot_required
  - sysctl_net_ipv4_conf_all_arp_filter

- name: Configure ARP filtering for All IPv4 Interfaces - Find all files that set
    net.ipv4.conf.all.arp_filter to correct value
  ansible.builtin.shell:
    cmd: find -L {{ sysctl_paths | join(" ") }} -type f -name '*.conf' | xargs grep
      -HP '^\s*net.ipv4.conf.all.arp_filter\s*=\s*{{ sysctl_net_ipv4_conf_all_arp_filter_value
      }}$'
  register: find_correct_value
  check_mode: false
  changed_when: false
  failed_when: false
  when: ("kernel-default" in ansible_facts.packages or "kernel-default-base" in ansible_facts.packages)
  tags:
  - CCE-92609-7
  - disable_strategy
  - low_complexity
  - medium_disruption
  - medium_severity
  - reboot_required
  - sysctl_net_ipv4_conf_all_arp_filter

- name: Configure ARP filtering for All IPv4 Interfaces - Comment out any occurrences
    of net.ipv4.conf.all.arp_filter from config files
  ansible.builtin.replace:
    path: '{{ item | split(":") | first }}'
    regexp: ^[\s]*net.ipv4.conf.all.arp_filter
    replace: '#net.ipv4.conf.all.arp_filter'
  loop: '{{ find_all_values.stdout_lines }}'
  when:
  - ("kernel-default" in ansible_facts.packages or "kernel-default-base" in ansible_facts.packages)
  - find_correct_value.stdout_lines | length == 0 or find_all_values.stdout_lines
    | length &gt; find_correct_value.stdout_lines | length
  tags:
  - CCE-92609-7
  - disable_strategy
  - low_complexity
  - medium_disruption
  - medium_severity
  - reboot_required
  - sysctl_net_ipv4_conf_all_arp_filter

- name: Configure ARP filtering for All IPv4 Interfaces - Comment out any occurrences
    of net.ipv4.conf.all.arp_filter from /etc/sysctl.conf
  ansible.builtin.replace:
    path: /etc/sysctl.conf
    regexp: ^[\s]*net.ipv4.conf.all.arp_filter
    replace: '#net.ipv4.conf.all.arp_filter'
  when: ("kernel-default" in ansible_facts.packages or "kernel-default-base" in ansible_facts.packages)
  tags:
  - CCE-92609-7
  - disable_strategy
  - low_complexity
  - medium_disruption
  - medium_severity
  - reboot_required
  - sysctl_net_ipv4_conf_all_arp_filter

- name: Configure ARP filtering for All IPv4 Interfaces - Ensure sysctl net.ipv4.conf.all.arp_filter
    is set
  ansible.posix.sysctl:
    name: net.ipv4.conf.all.arp_filter
    value: '{{ sysctl_net_ipv4_conf_all_arp_filter_value }}'
    sysctl_file: /etc/sysctl.d/net_ipv4_conf_all_arp_filter.conf
    state: present
    reload: true
  when: ("kernel-default" in ansible_facts.packages or "kernel-default-base" in ansible_facts.packages)
  tags:
  - CCE-92609-7
  - disable_strategy
  - low_complexity
  - medium_disruption
  - medium_severity
  - reboot_required
  - sysctl_net_ipv4_conf_all_arp_filter
</fix>
            <check system="http://open-scap.org/page/SCE">
              <check-import import-name="stdout">
                  </check-import>
              <check-export export-name="sysctl_net_ipv4_conf_all_arp_filter_value" value-id="xccdf_org.ssgproject.content_value_sysctl_net_ipv4_conf_all_arp_filter_value"/>
              <check-content-ref href="sle15/checks/sce/sysctl_net_ipv4_conf_all_arp_filter.sh"/>
            </check>
            <check system="http://oval.mitre.org/XMLSchema/oval-definitions-5">
              <check-export export-name="oval:ssg-sysctl_net_ipv4_conf_all_arp_filter_value:var:1" value-id="xccdf_org.ssgproject.content_value_sysctl_net_ipv4_conf_all_arp_filter_value"/>
              <check-content-ref name="oval:ssg-sysctl_net_ipv4_conf_all_arp_filter:def:1" href="ssg-sle15-oval.xml"/>
            </check>
            <check system="http://scap.nist.gov/schema/ocil/2">
              <check-content-ref name="ocil:ssg-sysctl_net_ipv4_conf_all_arp_filter_ocil:questionnaire:1" href="ssg-sle15-ocil.xml"/>
            </check>
          </Rule>
          <Rule id="xccdf_org.ssgproject.content_rule_sysctl_net_ipv4_conf_all_arp_ignore" selected="false" role="full" severity="medium">
            <title xmlns:xhtml="http://www.w3.org/1999/xhtml" xml:lang="en-US">Configure Response Mode of ARP Requests for All IPv4 Interfaces</title>
            <description xmlns:xhtml="http://www.w3.org/1999/xhtml" xml:lang="en-US">To set the runtime status of the <html:code xmlns:html="http://www.w3.org/1999/xhtml">net.ipv4.conf.all.arp_ignore</html:code> kernel parameter, run the following command: <html:pre xmlns:html="http://www.w3.org/1999/xhtml" xmlns:xccdf-1.2="http://checklists.nist.gov/xccdf/1.2">$ sudo sysctl -w net.ipv4.conf.all.arp_ignore=<xccdf-1.2:sub idref="xccdf_org.ssgproject.content_value_sysctl_net_ipv4_conf_all_arp_ignore_value" use="legacy"/>
         </html:pre>
To make sure that the setting is persistent, add the following line to a file in the directory <html:code xmlns:html="http://www.w3.org/1999/xhtml">/etc/sysctl.d</html:code>: <html:pre xmlns:html="http://www.w3.org/1999/xhtml" xmlns:xccdf-1.2="http://checklists.nist.gov/xccdf/1.2">net.ipv4.conf.all.arp_ignore = <xccdf-1.2:sub idref="xccdf_org.ssgproject.content_value_sysctl_net_ipv4_conf_all_arp_ignore_value" use="legacy"/>
         </html:pre>
        </description>
            <warning xmlns:xhtml="http://www.w3.org/1999/xhtml" xml:lang="en-US" category="functionality">The ARP response mode may impact behaviour of workloads and firewalls on the system.</warning>
            <reference href="https://cyber.gouv.fr/sites/default/files/document/linux_configuration-en-v2.pdf">R12</reference>
            <reference href="not_publicly_available">SLES-15-450450195</reference>
            <rationale xmlns:xhtml="http://www.w3.org/1999/xhtml" xml:lang="en-US">Avoids ARP Flux on system that have more than one interface on the same subnet.</rationale>
            <ident system="https://ncp.nist.gov/cce">CCE-92610-5</ident>
            <fix xmlns:xhtml="http://www.w3.org/1999/xhtml" id="sysctl_net_ipv4_conf_all_arp_ignore" system="urn:xccdf:fix:script:sh" reboot="true" complexity="low" disruption="medium" strategy="disable"># Remediation is applicable only in certain platforms
if rpm --quiet -q kernel-default || rpm --quiet -q kernel-default-base; then

# Comment out any occurrences of net.ipv4.conf.all.arp_ignore from /etc/sysctl.d/*.conf files

for f in /etc/sysctl.d/*.conf /run/sysctl.d/*.conf /usr/local/lib/sysctl.d/*.conf /lib/sysctl.d/*.conf; do


  # skip systemd-sysctl symlink (/etc/sysctl.d/99-sysctl.conf -&gt; /etc/sysctl.conf)
  if [[ "$(readlink -f "$f")" == "/etc/sysctl.conf" ]]; then continue; fi

  matching_list=$(grep -P '^(?!#).*[\s]*net.ipv4.conf.all.arp_ignore.*$' $f | uniq )
  if ! test -z "$matching_list"; then
    while IFS= read -r entry; do
      escaped_entry=$(sed -e 's|/|\\/|g' &lt;&lt;&lt; "$entry")
      # comment out "net.ipv4.conf.all.arp_ignore" matches to preserve user data
      sed -i --follow-symlinks "s/^${escaped_entry}$/# &amp;/g" $f
    done &lt;&lt;&lt; "$matching_list"
  fi
done

#
# Set sysctl config file which to save the desired value
#

SYSCONFIG_FILE='/etc/sysctl.d/net_ipv4_conf_all_arp_ignore.conf'

sysctl_net_ipv4_conf_all_arp_ignore_value='<xccdf-1.2:sub xmlns:xccdf-1.2="http://checklists.nist.gov/xccdf/1.2" idref="xccdf_org.ssgproject.content_value_sysctl_net_ipv4_conf_all_arp_ignore_value" use="legacy"/>'


#
# Set runtime for net.ipv4.conf.all.arp_ignore
#
if ! { rpm --quiet -q kernel rpm-ostree bootc &amp;&amp; ! rpm --quiet -q openshift-kubelet &amp;&amp; { [ -f "/run/.containerenv" ] || [ -f "/.containerenv" ]; }; } ; then
    /sbin/sysctl -q -n -w net.ipv4.conf.all.arp_ignore="$sysctl_net_ipv4_conf_all_arp_ignore_value"
fi

#
# If net.ipv4.conf.all.arp_ignore present in /etc/sysctl.conf, change value to appropriate value
#	else, add "net.ipv4.conf.all.arp_ignore = value" to /etc/sysctl.conf
#

sed -i "/^$SYSCONFIG_VAR/d" /etc/sysctl.conf

# Strip any search characters in the key arg so that the key can be replaced without
# adding any search characters to the config file.
stripped_key=$(sed 's/[\^=\$,;+]*//g' &lt;&lt;&lt; "^net.ipv4.conf.all.arp_ignore")

# shellcheck disable=SC2059
printf -v formatted_output "%s = %s" "$stripped_key" "$sysctl_net_ipv4_conf_all_arp_ignore_value"

# If the key exists, change it. Otherwise, add it to the config_file.
# We search for the key string followed by a word boundary (matched by \&gt;),
# so if we search for 'setting', 'setting2' won't match.
if LC_ALL=C grep -q -m 1 -i -e "^net.ipv4.conf.all.arp_ignore\\&gt;" "${SYSCONFIG_FILE}"; then
    escaped_formatted_output=$(sed -e 's|/|\\/|g' &lt;&lt;&lt; "$formatted_output")
    LC_ALL=C sed -i --follow-symlinks "s/^net.ipv4.conf.all.arp_ignore\\&gt;.*/$escaped_formatted_output/gi" "${SYSCONFIG_FILE}"
else
    if [[ -s "${SYSCONFIG_FILE}" ]] &amp;&amp; [[ -n "$(tail -c 1 -- "${SYSCONFIG_FILE}" || true)" ]]; then
        LC_ALL=C sed -i --follow-symlinks '$a'\\ "${SYSCONFIG_FILE}"
    fi
    cce="CCE-92610-5"
    printf '# Per %s: Set %s in %s\n' "${cce}" "${formatted_output}" "${SYSCONFIG_FILE}" &gt;&gt; "${SYSCONFIG_FILE}"
    printf '%s\n' "$formatted_output" &gt;&gt; "${SYSCONFIG_FILE}"
fi

else
    &gt;&amp;2 echo 'Remediation is not applicable, nothing was done'
fi
</fix>
            <fix xmlns:xhtml="http://www.w3.org/1999/xhtml" id="sysctl_net_ipv4_conf_all_arp_ignore" system="urn:xccdf:fix:script:ansible" reboot="true" complexity="low" disruption="medium" strategy="disable">- name: Gather the package facts
  package_facts:
    manager: auto
  tags:
  - CCE-92610-5
  - disable_strategy
  - low_complexity
  - medium_disruption
  - medium_severity
  - reboot_required
  - sysctl_net_ipv4_conf_all_arp_ignore
- name: XCCDF Value sysctl_net_ipv4_conf_all_arp_ignore_value # promote to variable
  set_fact:
    sysctl_net_ipv4_conf_all_arp_ignore_value: !!str <xccdf-1.2:sub xmlns:xccdf-1.2="http://checklists.nist.gov/xccdf/1.2" idref="xccdf_org.ssgproject.content_value_sysctl_net_ipv4_conf_all_arp_ignore_value" use="legacy"/>
  tags:
    - always

- name: Configure Response Mode of ARP Requests for All IPv4 Interfaces - Set fact
    for sysctl paths
  ansible.builtin.set_fact:
    sysctl_paths:
    - /run/sysctl.d/
    - /etc/sysctl.d/
    - /usr/local/lib/sysctl.d/
    - /lib/sysctl.d/
  when: ("kernel-default" in ansible_facts.packages or "kernel-default-base" in ansible_facts.packages)
  tags:
  - CCE-92610-5
  - disable_strategy
  - low_complexity
  - medium_disruption
  - medium_severity
  - reboot_required
  - sysctl_net_ipv4_conf_all_arp_ignore

- name: Configure Response Mode of ARP Requests for All IPv4 Interfaces - Find all
    files that contain net.ipv4.conf.all.arp_ignore
  ansible.builtin.shell:
    cmd: find -L {{ sysctl_paths | join(" ") }} -type f -name '*.conf' | xargs grep
      -HP '^\s*net.ipv4.conf.all.arp_ignore\s*=\s*.*$'
  register: find_all_values
  check_mode: false
  changed_when: false
  failed_when: false
  when: ("kernel-default" in ansible_facts.packages or "kernel-default-base" in ansible_facts.packages)
  tags:
  - CCE-92610-5
  - disable_strategy
  - low_complexity
  - medium_disruption
  - medium_severity
  - reboot_required
  - sysctl_net_ipv4_conf_all_arp_ignore

- name: Configure Response Mode of ARP Requests for All IPv4 Interfaces - Find all
    files that set net.ipv4.conf.all.arp_ignore to correct value
  ansible.builtin.shell:
    cmd: find -L {{ sysctl_paths | join(" ") }} -type f -name '*.conf' | xargs grep
      -HP '^\s*net.ipv4.conf.all.arp_ignore\s*=\s*{{ sysctl_net_ipv4_conf_all_arp_ignore_value
      }}$'
  register: find_correct_value
  check_mode: false
  changed_when: false
  failed_when: false
  when: ("kernel-default" in ansible_facts.packages or "kernel-default-base" in ansible_facts.packages)
  tags:
  - CCE-92610-5
  - disable_strategy
  - low_complexity
  - medium_disruption
  - medium_severity
  - reboot_required
  - sysctl_net_ipv4_conf_all_arp_ignore

- name: Configure Response Mode of ARP Requests for All IPv4 Interfaces - Comment
    out any occurrences of net.ipv4.conf.all.arp_ignore from config files
  ansible.builtin.replace:
    path: '{{ item | split(":") | first }}'
    regexp: ^[\s]*net.ipv4.conf.all.arp_ignore
    replace: '#net.ipv4.conf.all.arp_ignore'
  loop: '{{ find_all_values.stdout_lines }}'
  when:
  - ("kernel-default" in ansible_facts.packages or "kernel-default-base" in ansible_facts.packages)
  - find_correct_value.stdout_lines | length == 0 or find_all_values.stdout_lines
    | length &gt; find_correct_value.stdout_lines | length
  tags:
  - CCE-92610-5
  - disable_strategy
  - low_complexity
  - medium_disruption
  - medium_severity
  - reboot_required
  - sysctl_net_ipv4_conf_all_arp_ignore

- name: Configure Response Mode of ARP Requests for All IPv4 Interfaces - Comment
    out any occurrences of net.ipv4.conf.all.arp_ignore from /etc/sysctl.conf
  ansible.builtin.replace:
    path: /etc/sysctl.conf
    regexp: ^[\s]*net.ipv4.conf.all.arp_ignore
    replace: '#net.ipv4.conf.all.arp_ignore'
  when: ("kernel-default" in ansible_facts.packages or "kernel-default-base" in ansible_facts.packages)
  tags:
  - CCE-92610-5
  - disable_strategy
  - low_complexity
  - medium_disruption
  - medium_severity
  - reboot_required
  - sysctl_net_ipv4_conf_all_arp_ignore

- name: Configure Response Mode of ARP Requests for All IPv4 Interfaces - Ensure sysctl
    net.ipv4.conf.all.arp_ignore is set
  ansible.posix.sysctl:
    name: net.ipv4.conf.all.arp_ignore
    value: '{{ sysctl_net_ipv4_conf_all_arp_ignore_value }}'
    sysctl_file: /etc/sysctl.d/net_ipv4_conf_all_arp_ignore.conf
    state: present
    reload: true
  when: ("kernel-default" in ansible_facts.packages or "kernel-default-base" in ansible_facts.packages)
  tags:
  - CCE-92610-5
  - disable_strategy
  - low_complexity
  - medium_disruption
  - medium_severity
  - reboot_required
  - sysctl_net_ipv4_conf_all_arp_ignore
</fix>
            <check system="http://open-scap.org/page/SCE">
              <check-import import-name="stdout">
                  </check-import>
              <check-export export-name="sysctl_net_ipv4_conf_all_arp_ignore_value" value-id="xccdf_org.ssgproject.content_value_sysctl_net_ipv4_conf_all_arp_ignore_value"/>
              <check-content-ref href="sle15/checks/sce/sysctl_net_ipv4_conf_all_arp_ignore.sh"/>
            </check>
            <check system="http://oval.mitre.org/XMLSchema/oval-definitions-5">
              <check-export export-name="oval:ssg-sysctl_net_ipv4_conf_all_arp_ignore_value:var:1" value-id="xccdf_org.ssgproject.content_value_sysctl_net_ipv4_conf_all_arp_ignore_value"/>
              <check-content-ref name="oval:ssg-sysctl_net_ipv4_conf_all_arp_ignore:def:1" href="ssg-sle15-oval.xml"/>
            </check>
            <check system="http://scap.nist.gov/schema/ocil/2">
              <check-content-ref name="ocil:ssg-sysctl_net_ipv4_conf_all_arp_ignore_ocil:questionnaire:1" href="ssg-sle15-ocil.xml"/>
            </check>
          </Rule>
          <Rule id="xccdf_org.ssgproject.content_rule_sysctl_net_ipv4_conf_all_log_martians" selected="false" role="full" severity="unknown">
            <title xmlns:xhtml="http://www.w3.org/1999/xhtml" xml:lang="en-US">Enable Kernel Parameter to Log Martian Packets on all IPv4 Interfaces</title>
            <description xmlns:xhtml="http://www.w3.org/1999/xhtml" xml:lang="en-US">To set the runtime status of the <html:code xmlns:html="http://www.w3.org/1999/xhtml">net.ipv4.conf.all.log_martians</html:code> kernel parameter, run the following command: <html:pre xmlns:html="http://www.w3.org/1999/xhtml">$ sudo sysctl -w net.ipv4.conf.all.log_martians=1</html:pre>
To make sure that the setting is persistent, add the following line to a file in the directory <html:code xmlns:html="http://www.w3.org/1999/xhtml">/etc/sysctl.d</html:code>: <html:pre xmlns:html="http://www.w3.org/1999/xhtml">net.ipv4.conf.all.log_martians = 1</html:pre>
        </description>
            <reference href="https://www.cisecurity.org/controls/">1</reference>
            <reference href="https://www.cisecurity.org/controls/">11</reference>
            <reference href="https://www.cisecurity.org/controls/">12</reference>
            <reference href="https://www.cisecurity.org/controls/">13</reference>
            <reference href="https://www.cisecurity.org/controls/">14</reference>
            <reference href="https://www.cisecurity.org/controls/">15</reference>
            <reference href="https://www.cisecurity.org/controls/">16</reference>
            <reference href="https://www.cisecurity.org/controls/">2</reference>
            <reference href="https://www.cisecurity.org/controls/">3</reference>
            <reference href="https://www.cisecurity.org/controls/">7</reference>
            <reference href="https://www.cisecurity.org/controls/">8</reference>
            <reference href="https://www.cisecurity.org/controls/">9</reference>
            <reference href="https://www.isaca.org/resources/cobit">APO13.01</reference>
            <reference href="https://www.isaca.org/resources/cobit">BAI04.04</reference>
            <reference href="https://www.isaca.org/resources/cobit">BAI10.01</reference>
            <reference href="https://www.isaca.org/resources/cobit">BAI10.02</reference>
            <reference href="https://www.isaca.org/resources/cobit">BAI10.03</reference>
            <reference href="https://www.isaca.org/resources/cobit">BAI10.05</reference>
            <reference href="https://www.isaca.org/resources/cobit">DSS01.03</reference>
            <reference href="https://www.isaca.org/resources/cobit">DSS01.04</reference>
            <reference href="https://www.isaca.org/resources/cobit">DSS03.05</reference>
            <reference href="https://www.isaca.org/resources/cobit">DSS05.02</reference>
            <reference href="https://www.isaca.org/resources/cobit">DSS05.03</reference>
            <reference href="https://www.isaca.org/resources/cobit">DSS05.05</reference>
            <reference href="https://www.isaca.org/resources/cobit">DSS05.07</reference>
            <reference href="https://www.isaca.org/resources/cobit">DSS06.06</reference>
            <reference href="http://nvlpubs.nist.gov/nistpubs/SpecialPublications/NIST.SP.800-171.pdf">3.1.20</reference>
            <reference href="https://www.isa.org/products/isa-62443-2-1-2009-security-for-industrial-automat">4.3.3.5.1</reference>
            <reference href="https://www.isa.org/products/isa-62443-2-1-2009-security-for-industrial-automat">4.3.3.5.2</reference>
            <reference href="https://www.isa.org/products/isa-62443-2-1-2009-security-for-industrial-automat">4.3.3.5.3</reference>
            <reference href="https://www.isa.org/products/isa-62443-2-1-2009-security-for-industrial-automat">4.3.3.5.4</reference>
            <reference href="https://www.isa.org/products/isa-62443-2-1-2009-security-for-industrial-automat">4.3.3.5.5</reference>
            <reference href="https://www.isa.org/products/isa-62443-2-1-2009-security-for-industrial-automat">4.3.3.5.6</reference>
            <reference href="https://www.isa.org/products/isa-62443-2-1-2009-security-for-industrial-automat">4.3.3.5.7</reference>
            <reference href="https://www.isa.org/products/isa-62443-2-1-2009-security-for-industrial-automat">4.3.3.5.8</reference>
            <reference href="https://www.isa.org/products/isa-62443-2-1-2009-security-for-industrial-automat">4.3.3.6.1</reference>
            <reference href="https://www.isa.org/products/isa-62443-2-1-2009-security-for-industrial-automat">4.3.3.6.2</reference>
            <reference href="https://www.isa.org/products/isa-62443-2-1-2009-security-for-industrial-automat">4.3.3.6.3</reference>
            <reference href="https://www.isa.org/products/isa-62443-2-1-2009-security-for-industrial-automat">4.3.3.6.4</reference>
            <reference href="https://www.isa.org/products/isa-62443-2-1-2009-security-for-industrial-automat">4.3.3.6.5</reference>
            <reference href="https://www.isa.org/products/isa-62443-2-1-2009-security-for-industrial-automat">4.3.3.6.6</reference>
            <reference href="https://www.isa.org/products/isa-62443-2-1-2009-security-for-industrial-automat">4.3.3.6.7</reference>
            <reference href="https://www.isa.org/products/isa-62443-2-1-2009-security-for-industrial-automat">4.3.3.6.8</reference>
            <reference href="https://www.isa.org/products/isa-62443-2-1-2009-security-for-industrial-automat">4.3.3.6.9</reference>
            <reference href="https://www.isa.org/products/isa-62443-2-1-2009-security-for-industrial-automat">4.3.3.7.1</reference>
            <reference href="https://www.isa.org/products/isa-62443-2-1-2009-security-for-industrial-automat">4.3.3.7.2</reference>
            <reference href="https://www.isa.org/products/isa-62443-2-1-2009-security-for-industrial-automat">4.3.3.7.3</reference>
            <reference href="https://www.isa.org/products/isa-62443-2-1-2009-security-for-industrial-automat">4.3.3.7.4</reference>
            <reference href="https://www.isa.org/products/isa-62443-2-1-2009-security-for-industrial-automat">4.3.4.3.2</reference>
            <reference href="https://www.isa.org/products/isa-62443-2-1-2009-security-for-industrial-automat">4.3.4.3.3</reference>
            <reference href="https://www.isa.org/products/ansi-isa-62443-3-3-99-03-03-2013-security-for-indu">SR 1.1</reference>
            <reference href="https://www.isa.org/products/ansi-isa-62443-3-3-99-03-03-2013-security-for-indu">SR 1.10</reference>
            <reference href="https://www.isa.org/products/ansi-isa-62443-3-3-99-03-03-2013-security-for-indu">SR 1.11</reference>
            <reference href="https://www.isa.org/products/ansi-isa-62443-3-3-99-03-03-2013-security-for-indu">SR 1.12</reference>
            <reference href="https://www.isa.org/products/ansi-isa-62443-3-3-99-03-03-2013-security-for-indu">SR 1.13</reference>
            <reference href="https://www.isa.org/products/ansi-isa-62443-3-3-99-03-03-2013-security-for-indu">SR 1.2</reference>
            <reference href="https://www.isa.org/products/ansi-isa-62443-3-3-99-03-03-2013-security-for-indu">SR 1.3</reference>
            <reference href="https://www.isa.org/products/ansi-isa-62443-3-3-99-03-03-2013-security-for-indu">SR 1.4</reference>
            <reference href="https://www.isa.org/products/ansi-isa-62443-3-3-99-03-03-2013-security-for-indu">SR 1.5</reference>
            <reference href="https://www.isa.org/products/ansi-isa-62443-3-3-99-03-03-2013-security-for-indu">SR 1.6</reference>
            <reference href="https://www.isa.org/products/ansi-isa-62443-3-3-99-03-03-2013-security-for-indu">SR 1.7</reference>
            <reference href="https://www.isa.org/products/ansi-isa-62443-3-3-99-03-03-2013-security-for-indu">SR 1.8</reference>
            <reference href="https://www.isa.org/products/ansi-isa-62443-3-3-99-03-03-2013-security-for-indu">SR 1.9</reference>
            <reference href="https://www.isa.org/products/ansi-isa-62443-3-3-99-03-03-2013-security-for-indu">SR 2.1</reference>
            <reference href="https://www.isa.org/products/ansi-isa-62443-3-3-99-03-03-2013-security-for-indu">SR 2.2</reference>
            <reference href="https://www.isa.org/products/ansi-isa-62443-3-3-99-03-03-2013-security-for-indu">SR 2.3</reference>
            <reference href="https://www.isa.org/products/ansi-isa-62443-3-3-99-03-03-2013-security-for-indu">SR 2.4</reference>
            <reference href="https://www.isa.org/products/ansi-isa-62443-3-3-99-03-03-2013-security-for-indu">SR 2.5</reference>
            <reference href="https://www.isa.org/products/ansi-isa-62443-3-3-99-03-03-2013-security-for-indu">SR 2.6</reference>
            <reference href="https://www.isa.org/products/ansi-isa-62443-3-3-99-03-03-2013-security-for-indu">SR 2.7</reference>
            <reference href="https://www.isa.org/products/ansi-isa-62443-3-3-99-03-03-2013-security-for-indu">SR 3.1</reference>
            <reference href="https://www.isa.org/products/ansi-isa-62443-3-3-99-03-03-2013-security-for-indu">SR 3.5</reference>
            <reference href="https://www.isa.org/products/ansi-isa-62443-3-3-99-03-03-2013-security-for-indu">SR 3.8</reference>
            <reference href="https://www.isa.org/products/ansi-isa-62443-3-3-99-03-03-2013-security-for-indu">SR 4.1</reference>
            <reference href="https://www.isa.org/products/ansi-isa-62443-3-3-99-03-03-2013-security-for-indu">SR 4.3</reference>
            <reference href="https://www.isa.org/products/ansi-isa-62443-3-3-99-03-03-2013-security-for-indu">SR 5.1</reference>
            <reference href="https://www.isa.org/products/ansi-isa-62443-3-3-99-03-03-2013-security-for-indu">SR 5.2</reference>
            <reference href="https://www.isa.org/products/ansi-isa-62443-3-3-99-03-03-2013-security-for-indu">SR 5.3</reference>
            <reference href="https://www.isa.org/products/ansi-isa-62443-3-3-99-03-03-2013-security-for-indu">SR 6.2</reference>
            <reference href="https://www.isa.org/products/ansi-isa-62443-3-3-99-03-03-2013-security-for-indu">SR 7.1</reference>
            <reference href="https://www.isa.org/products/ansi-isa-62443-3-3-99-03-03-2013-security-for-indu">SR 7.2</reference>
            <reference href="https://www.isa.org/products/ansi-isa-62443-3-3-99-03-03-2013-security-for-indu">SR 7.6</reference>
            <reference href="https://www.iso.org/contents/data/standard/05/45/54534.html">A.11.2.6</reference>
            <reference href="https://www.iso.org/contents/data/standard/05/45/54534.html">A.12.1.2</reference>
            <reference href="https://www.iso.org/contents/data/standard/05/45/54534.html">A.12.1.3</reference>
            <reference href="https://www.iso.org/contents/data/standard/05/45/54534.html">A.12.5.1</reference>
            <reference href="https://www.iso.org/contents/data/standard/05/45/54534.html">A.12.6.2</reference>
            <reference href="https://www.iso.org/contents/data/standard/05/45/54534.html">A.13.1.1</reference>
            <reference href="https://www.iso.org/contents/data/standard/05/45/54534.html">A.13.2.1</reference>
            <reference href="https://www.iso.org/contents/data/standard/05/45/54534.html">A.14.1.3</reference>
            <reference href="https://www.iso.org/contents/data/standard/05/45/54534.html">A.14.2.2</reference>
            <reference href="https://www.iso.org/contents/data/standard/05/45/54534.html">A.14.2.3</reference>
            <reference href="https://www.iso.org/contents/data/standard/05/45/54534.html">A.14.2.4</reference>
            <reference href="https://www.iso.org/contents/data/standard/05/45/54534.html">A.17.2.1</reference>
            <reference href="https://www.iso.org/contents/data/standard/05/45/54534.html">A.6.2.1</reference>
            <reference href="https://www.iso.org/contents/data/standard/05/45/54534.html">A.6.2.2</reference>
            <reference href="https://www.iso.org/contents/data/standard/05/45/54534.html">A.9.1.2</reference>
            <reference href="http://nvlpubs.nist.gov/nistpubs/SpecialPublications/NIST.SP.800-53r4.pdf">CM-7(a)</reference>
            <reference href="http://nvlpubs.nist.gov/nistpubs/SpecialPublications/NIST.SP.800-53r4.pdf">CM-7(b)</reference>
            <reference href="http://nvlpubs.nist.gov/nistpubs/SpecialPublications/NIST.SP.800-53r4.pdf">SC-5(3)(a)</reference>
            <reference href="https://nvlpubs.nist.gov/nistpubs/CSWP/NIST.CSWP.04162018.pdf">DE.CM-1</reference>
            <reference href="https://nvlpubs.nist.gov/nistpubs/CSWP/NIST.CSWP.04162018.pdf">PR.AC-3</reference>
            <reference href="https://nvlpubs.nist.gov/nistpubs/CSWP/NIST.CSWP.04162018.pdf">PR.DS-4</reference>
            <reference href="https://nvlpubs.nist.gov/nistpubs/CSWP/NIST.CSWP.04162018.pdf">PR.IP-1</reference>
            <reference href="https://nvlpubs.nist.gov/nistpubs/CSWP/NIST.CSWP.04162018.pdf">PR.PT-3</reference>
            <reference href="https://nvlpubs.nist.gov/nistpubs/CSWP/NIST.CSWP.04162018.pdf">PR.PT-4</reference>
            <reference href="https://www.cyber.mil/stigs/downloads/?_dl_facet_stigs=operating-systems%2Cgeneral-purpose-os">SRG-OS-000480-GPOS-00227</reference>
            <reference href="https://www.cisecurity.org/benchmark/suse_linux/">3.3.4</reference>
            <reference href="not_publicly_available">SLES-15-450450135</reference>
            <rationale xmlns:xhtml="http://www.w3.org/1999/xhtml" xml:lang="en-US">The presence of "martian" packets (which have impossible addresses)
as well as spoofed packets, source-routed packets, and redirects could be a
sign of nefarious network activity. Logging these packets enables this activity
to be detected.</rationale>
            <ident system="https://ncp.nist.gov/cce">CCE-91222-0</ident>
            <fix xmlns:xhtml="http://www.w3.org/1999/xhtml" id="sysctl_net_ipv4_conf_all_log_martians" system="urn:xccdf:fix:script:sh" reboot="true" complexity="low" disruption="medium" strategy="disable"># Remediation is applicable only in certain platforms
if rpm --quiet -q kernel-default || rpm --quiet -q kernel-default-base; then

# Comment out any occurrences of net.ipv4.conf.all.log_martians from /etc/sysctl.d/*.conf files

for f in /etc/sysctl.d/*.conf /run/sysctl.d/*.conf /usr/local/lib/sysctl.d/*.conf /lib/sysctl.d/*.conf; do


  # skip systemd-sysctl symlink (/etc/sysctl.d/99-sysctl.conf -&gt; /etc/sysctl.conf)
  if [[ "$(readlink -f "$f")" == "/etc/sysctl.conf" ]]; then continue; fi

  matching_list=$(grep -P '^(?!#).*[\s]*net.ipv4.conf.all.log_martians.*$' $f | uniq )
  if ! test -z "$matching_list"; then
    while IFS= read -r entry; do
      escaped_entry=$(sed -e 's|/|\\/|g' &lt;&lt;&lt; "$entry")
      # comment out "net.ipv4.conf.all.log_martians" matches to preserve user data
      sed -i --follow-symlinks "s/^${escaped_entry}$/# &amp;/g" $f
    done &lt;&lt;&lt; "$matching_list"
  fi
done

#
# Set sysctl config file which to save the desired value
#

SYSCONFIG_FILE='/etc/sysctl.d/net_ipv4_conf_all_log_martians.conf'

sysctl_net_ipv4_conf_all_log_martians_value='<xccdf-1.2:sub xmlns:xccdf-1.2="http://checklists.nist.gov/xccdf/1.2" idref="xccdf_org.ssgproject.content_value_sysctl_net_ipv4_conf_all_log_martians_value" use="legacy"/>'


#
# Set runtime for net.ipv4.conf.all.log_martians
#
if ! { rpm --quiet -q kernel rpm-ostree bootc &amp;&amp; ! rpm --quiet -q openshift-kubelet &amp;&amp; { [ -f "/run/.containerenv" ] || [ -f "/.containerenv" ]; }; } ; then
    /sbin/sysctl -q -n -w net.ipv4.conf.all.log_martians="$sysctl_net_ipv4_conf_all_log_martians_value"
fi

#
# If net.ipv4.conf.all.log_martians present in /etc/sysctl.conf, change value to appropriate value
#	else, add "net.ipv4.conf.all.log_martians = value" to /etc/sysctl.conf
#

sed -i "/^$SYSCONFIG_VAR/d" /etc/sysctl.conf

# Strip any search characters in the key arg so that the key can be replaced without
# adding any search characters to the config file.
stripped_key=$(sed 's/[\^=\$,;+]*//g' &lt;&lt;&lt; "^net.ipv4.conf.all.log_martians")

# shellcheck disable=SC2059
printf -v formatted_output "%s = %s" "$stripped_key" "$sysctl_net_ipv4_conf_all_log_martians_value"

# If the key exists, change it. Otherwise, add it to the config_file.
# We search for the key string followed by a word boundary (matched by \&gt;),
# so if we search for 'setting', 'setting2' won't match.
if LC_ALL=C grep -q -m 1 -i -e "^net.ipv4.conf.all.log_martians\\&gt;" "${SYSCONFIG_FILE}"; then
    escaped_formatted_output=$(sed -e 's|/|\\/|g' &lt;&lt;&lt; "$formatted_output")
    LC_ALL=C sed -i --follow-symlinks "s/^net.ipv4.conf.all.log_martians\\&gt;.*/$escaped_formatted_output/gi" "${SYSCONFIG_FILE}"
else
    if [[ -s "${SYSCONFIG_FILE}" ]] &amp;&amp; [[ -n "$(tail -c 1 -- "${SYSCONFIG_FILE}" || true)" ]]; then
        LC_ALL=C sed -i --follow-symlinks '$a'\\ "${SYSCONFIG_FILE}"
    fi
    cce="CCE-91222-0"
    printf '# Per %s: Set %s in %s\n' "${cce}" "${formatted_output}" "${SYSCONFIG_FILE}" &gt;&gt; "${SYSCONFIG_FILE}"
    printf '%s\n' "$formatted_output" &gt;&gt; "${SYSCONFIG_FILE}"
fi

else
    &gt;&amp;2 echo 'Remediation is not applicable, nothing was done'
fi
</fix>
            <fix xmlns:xhtml="http://www.w3.org/1999/xhtml" id="sysctl_net_ipv4_conf_all_log_martians" system="urn:xccdf:fix:script:ansible" reboot="true" complexity="low" disruption="medium" strategy="disable">- name: Gather the package facts
  package_facts:
    manager: auto
  tags:
  - CCE-91222-0
  - NIST-800-171-3.1.20
  - NIST-800-53-CM-7(a)
  - NIST-800-53-CM-7(b)
  - NIST-800-53-SC-5(3)(a)
  - disable_strategy
  - low_complexity
  - medium_disruption
  - reboot_required
  - sysctl_net_ipv4_conf_all_log_martians
  - unknown_severity
- name: XCCDF Value sysctl_net_ipv4_conf_all_log_martians_value # promote to variable
  set_fact:
    sysctl_net_ipv4_conf_all_log_martians_value: !!str <xccdf-1.2:sub xmlns:xccdf-1.2="http://checklists.nist.gov/xccdf/1.2" idref="xccdf_org.ssgproject.content_value_sysctl_net_ipv4_conf_all_log_martians_value" use="legacy"/>
  tags:
    - always

- name: Enable Kernel Parameter to Log Martian Packets on all IPv4 Interfaces - Set
    fact for sysctl paths
  ansible.builtin.set_fact:
    sysctl_paths:
    - /run/sysctl.d/
    - /etc/sysctl.d/
    - /usr/local/lib/sysctl.d/
    - /lib/sysctl.d/
  when: ("kernel-default" in ansible_facts.packages or "kernel-default-base" in ansible_facts.packages)
  tags:
  - CCE-91222-0
  - NIST-800-171-3.1.20
  - NIST-800-53-CM-7(a)
  - NIST-800-53-CM-7(b)
  - NIST-800-53-SC-5(3)(a)
  - disable_strategy
  - low_complexity
  - medium_disruption
  - reboot_required
  - sysctl_net_ipv4_conf_all_log_martians
  - unknown_severity

- name: Enable Kernel Parameter to Log Martian Packets on all IPv4 Interfaces - Find
    all files that contain net.ipv4.conf.all.log_martians
  ansible.builtin.shell:
    cmd: find -L {{ sysctl_paths | join(" ") }} -type f -name '*.conf' | xargs grep
      -HP '^\s*net.ipv4.conf.all.log_martians\s*=\s*.*$'
  register: find_all_values
  check_mode: false
  changed_when: false
  failed_when: false
  when: ("kernel-default" in ansible_facts.packages or "kernel-default-base" in ansible_facts.packages)
  tags:
  - CCE-91222-0
  - NIST-800-171-3.1.20
  - NIST-800-53-CM-7(a)
  - NIST-800-53-CM-7(b)
  - NIST-800-53-SC-5(3)(a)
  - disable_strategy
  - low_complexity
  - medium_disruption
  - reboot_required
  - sysctl_net_ipv4_conf_all_log_martians
  - unknown_severity

- name: Enable Kernel Parameter to Log Martian Packets on all IPv4 Interfaces - Find
    all files that set net.ipv4.conf.all.log_martians to correct value
  ansible.builtin.shell:
    cmd: find -L {{ sysctl_paths | join(" ") }} -type f -name '*.conf' | xargs grep
      -HP '^\s*net.ipv4.conf.all.log_martians\s*=\s*{{ sysctl_net_ipv4_conf_all_log_martians_value
      }}$'
  register: find_correct_value
  check_mode: false
  changed_when: false
  failed_when: false
  when: ("kernel-default" in ansible_facts.packages or "kernel-default-base" in ansible_facts.packages)
  tags:
  - CCE-91222-0
  - NIST-800-171-3.1.20
  - NIST-800-53-CM-7(a)
  - NIST-800-53-CM-7(b)
  - NIST-800-53-SC-5(3)(a)
  - disable_strategy
  - low_complexity
  - medium_disruption
  - reboot_required
  - sysctl_net_ipv4_conf_all_log_martians
  - unknown_severity

- name: Enable Kernel Parameter to Log Martian Packets on all IPv4 Interfaces - Comment
    out any occurrences of net.ipv4.conf.all.log_martians from config files
  ansible.builtin.replace:
    path: '{{ item | split(":") | first }}'
    regexp: ^[\s]*net.ipv4.conf.all.log_martians
    replace: '#net.ipv4.conf.all.log_martians'
  loop: '{{ find_all_values.stdout_lines }}'
  when:
  - ("kernel-default" in ansible_facts.packages or "kernel-default-base" in ansible_facts.packages)
  - find_correct_value.stdout_lines | length == 0 or find_all_values.stdout_lines
    | length &gt; find_correct_value.stdout_lines | length
  tags:
  - CCE-91222-0
  - NIST-800-171-3.1.20
  - NIST-800-53-CM-7(a)
  - NIST-800-53-CM-7(b)
  - NIST-800-53-SC-5(3)(a)
  - disable_strategy
  - low_complexity
  - medium_disruption
  - reboot_required
  - sysctl_net_ipv4_conf_all_log_martians
  - unknown_severity

- name: Enable Kernel Parameter to Log Martian Packets on all IPv4 Interfaces - Comment
    out any occurrences of net.ipv4.conf.all.log_martians from /etc/sysctl.conf
  ansible.builtin.replace:
    path: /etc/sysctl.conf
    regexp: ^[\s]*net.ipv4.conf.all.log_martians
    replace: '#net.ipv4.conf.all.log_martians'
  when: ("kernel-default" in ansible_facts.packages or "kernel-default-base" in ansible_facts.packages)
  tags:
  - CCE-91222-0
  - NIST-800-171-3.1.20
  - NIST-800-53-CM-7(a)
  - NIST-800-53-CM-7(b)
  - NIST-800-53-SC-5(3)(a)
  - disable_strategy
  - low_complexity
  - medium_disruption
  - reboot_required
  - sysctl_net_ipv4_conf_all_log_martians
  - unknown_severity

- name: Enable Kernel Parameter to Log Martian Packets on all IPv4 Interfaces - Ensure
    sysctl net.ipv4.conf.all.log_martians is set
  ansible.posix.sysctl:
    name: net.ipv4.conf.all.log_martians
    value: '{{ sysctl_net_ipv4_conf_all_log_martians_value }}'
    sysctl_file: /etc/sysctl.d/net_ipv4_conf_all_log_martians.conf
    state: present
    reload: true
  when: ("kernel-default" in ansible_facts.packages or "kernel-default-base" in ansible_facts.packages)
  tags:
  - CCE-91222-0
  - NIST-800-171-3.1.20
  - NIST-800-53-CM-7(a)
  - NIST-800-53-CM-7(b)
  - NIST-800-53-SC-5(3)(a)
  - disable_strategy
  - low_complexity
  - medium_disruption
  - reboot_required
  - sysctl_net_ipv4_conf_all_log_martians
  - unknown_severity
</fix>
            <check system="http://open-scap.org/page/SCE">
              <check-import import-name="stdout">
                  </check-import>
              <check-export export-name="sysctl_net_ipv4_conf_all_log_martians_value" value-id="xccdf_org.ssgproject.content_value_sysctl_net_ipv4_conf_all_log_martians_value"/>
              <check-content-ref href="sle15/checks/sce/sysctl_net_ipv4_conf_all_log_martians.sh"/>
            </check>
            <check system="http://oval.mitre.org/XMLSchema/oval-definitions-5">
              <check-export export-name="oval:ssg-sysctl_net_ipv4_conf_all_log_martians_value:var:1" value-id="xccdf_org.ssgproject.content_value_sysctl_net_ipv4_conf_all_log_martians_value"/>
              <check-content-ref name="oval:ssg-sysctl_net_ipv4_conf_all_log_martians:def:1" href="ssg-sle15-oval.xml"/>
            </check>
            <check system="http://scap.nist.gov/schema/ocil/2">
              <check-content-ref name="ocil:ssg-sysctl_net_ipv4_conf_all_log_martians_ocil:questionnaire:1" href="ssg-sle15-ocil.xml"/>
            </check>
          </Rule>
          <Rule id="xccdf_org.ssgproject.content_rule_sysctl_net_ipv4_conf_all_route_localnet" selected="false" role="full" severity="medium">
            <title xmlns:xhtml="http://www.w3.org/1999/xhtml" xml:lang="en-US">Prevent Routing External Traffic to Local Loopback on All IPv4 Interfaces</title>
            <description xmlns:xhtml="http://www.w3.org/1999/xhtml" xml:lang="en-US">To set the runtime status of the <html:code xmlns:html="http://www.w3.org/1999/xhtml">net.ipv4.conf.all.route_localnet</html:code> kernel parameter, run the following command: <html:pre xmlns:html="http://www.w3.org/1999/xhtml">$ sudo sysctl -w net.ipv4.conf.all.route_localnet=0</html:pre>
To make sure that the setting is persistent, add the following line to a file in the directory <html:code xmlns:html="http://www.w3.org/1999/xhtml">/etc/sysctl.d</html:code>: <html:pre xmlns:html="http://www.w3.org/1999/xhtml">net.ipv4.conf.all.route_localnet = 0</html:pre>
        </description>
            <reference href="https://cyber.gouv.fr/sites/default/files/document/linux_configuration-en-v2.pdf">R12</reference>
            <reference href="not_publicly_available">SLES-15-450450210</reference>
            <rationale xmlns:xhtml="http://www.w3.org/1999/xhtml" xml:lang="en-US">Refuse the routing of packets whose source or destination address is the local loopback.
This prohibits the use of network 127/8 for local routing purposes.
Enabling <html:code xmlns:html="http://www.w3.org/1999/xhtml">route_localnet</html:code> can expose applications listening on localhost to external traffic.</rationale>
            <ident system="https://ncp.nist.gov/cce">CCE-92611-3</ident>
            <fix xmlns:xhtml="http://www.w3.org/1999/xhtml" id="sysctl_net_ipv4_conf_all_route_localnet" system="urn:xccdf:fix:script:sh" reboot="true" complexity="low" disruption="medium" strategy="disable"># Remediation is applicable only in certain platforms
if rpm --quiet -q kernel-default || rpm --quiet -q kernel-default-base; then

# Comment out any occurrences of net.ipv4.conf.all.route_localnet from /etc/sysctl.d/*.conf files

for f in /etc/sysctl.d/*.conf /run/sysctl.d/*.conf /usr/local/lib/sysctl.d/*.conf /lib/sysctl.d/*.conf; do


  # skip systemd-sysctl symlink (/etc/sysctl.d/99-sysctl.conf -&gt; /etc/sysctl.conf)
  if [[ "$(readlink -f "$f")" == "/etc/sysctl.conf" ]]; then continue; fi

  matching_list=$(grep -P '^(?!#).*[\s]*net.ipv4.conf.all.route_localnet.*$' $f | uniq )
  if ! test -z "$matching_list"; then
    while IFS= read -r entry; do
      escaped_entry=$(sed -e 's|/|\\/|g' &lt;&lt;&lt; "$entry")
      # comment out "net.ipv4.conf.all.route_localnet" matches to preserve user data
      sed -i --follow-symlinks "s/^${escaped_entry}$/# &amp;/g" $f
    done &lt;&lt;&lt; "$matching_list"
  fi
done

#
# Set sysctl config file which to save the desired value
#

SYSCONFIG_FILE='/etc/sysctl.d/net_ipv4_conf_all_route_localnet.conf'


#
# Set runtime for net.ipv4.conf.all.route_localnet
#
if ! { rpm --quiet -q kernel rpm-ostree bootc &amp;&amp; ! rpm --quiet -q openshift-kubelet &amp;&amp; { [ -f "/run/.containerenv" ] || [ -f "/.containerenv" ]; }; } ; then
    /sbin/sysctl -q -n -w net.ipv4.conf.all.route_localnet="0"
fi

#
# If net.ipv4.conf.all.route_localnet present in /etc/sysctl.conf, change value to "0"
#	else, add "net.ipv4.conf.all.route_localnet = 0" to /etc/sysctl.conf
#

sed -i "/^$SYSCONFIG_VAR/d" /etc/sysctl.conf

# Strip any search characters in the key arg so that the key can be replaced without
# adding any search characters to the config file.
stripped_key=$(sed 's/[\^=\$,;+]*//g' &lt;&lt;&lt; "^net.ipv4.conf.all.route_localnet")

# shellcheck disable=SC2059
printf -v formatted_output "%s = %s" "$stripped_key" "0"

# If the key exists, change it. Otherwise, add it to the config_file.
# We search for the key string followed by a word boundary (matched by \&gt;),
# so if we search for 'setting', 'setting2' won't match.
if LC_ALL=C grep -q -m 1 -i -e "^net.ipv4.conf.all.route_localnet\\&gt;" "${SYSCONFIG_FILE}"; then
    escaped_formatted_output=$(sed -e 's|/|\\/|g' &lt;&lt;&lt; "$formatted_output")
    LC_ALL=C sed -i --follow-symlinks "s/^net.ipv4.conf.all.route_localnet\\&gt;.*/$escaped_formatted_output/gi" "${SYSCONFIG_FILE}"
else
    if [[ -s "${SYSCONFIG_FILE}" ]] &amp;&amp; [[ -n "$(tail -c 1 -- "${SYSCONFIG_FILE}" || true)" ]]; then
        LC_ALL=C sed -i --follow-symlinks '$a'\\ "${SYSCONFIG_FILE}"
    fi
    cce="CCE-92611-3"
    printf '# Per %s: Set %s in %s\n' "${cce}" "${formatted_output}" "${SYSCONFIG_FILE}" &gt;&gt; "${SYSCONFIG_FILE}"
    printf '%s\n' "$formatted_output" &gt;&gt; "${SYSCONFIG_FILE}"
fi

else
    &gt;&amp;2 echo 'Remediation is not applicable, nothing was done'
fi
</fix>
            <fix xmlns:xhtml="http://www.w3.org/1999/xhtml" id="sysctl_net_ipv4_conf_all_route_localnet" system="urn:xccdf:fix:script:ansible" reboot="true" complexity="low" disruption="medium" strategy="disable">- name: Gather the package facts
  package_facts:
    manager: auto
  tags:
  - CCE-92611-3
  - disable_strategy
  - low_complexity
  - medium_disruption
  - medium_severity
  - reboot_required
  - sysctl_net_ipv4_conf_all_route_localnet

- name: Prevent Routing External Traffic to Local Loopback on All IPv4 Interfaces
    - Set fact for sysctl paths
  ansible.builtin.set_fact:
    sysctl_paths:
    - /run/sysctl.d/
    - /etc/sysctl.d/
    - /usr/local/lib/sysctl.d/
    - /lib/sysctl.d/
  when: ("kernel-default" in ansible_facts.packages or "kernel-default-base" in ansible_facts.packages)
  tags:
  - CCE-92611-3
  - disable_strategy
  - low_complexity
  - medium_disruption
  - medium_severity
  - reboot_required
  - sysctl_net_ipv4_conf_all_route_localnet

- name: Prevent Routing External Traffic to Local Loopback on All IPv4 Interfaces
    - Find all files that contain net.ipv4.conf.all.route_localnet
  ansible.builtin.shell:
    cmd: find -L {{ sysctl_paths | join(" ") }} -type f -name '*.conf' | xargs grep
      -HP '^\s*net.ipv4.conf.all.route_localnet\s*=\s*.*$'
  register: find_all_values
  check_mode: false
  changed_when: false
  failed_when: false
  when: ("kernel-default" in ansible_facts.packages or "kernel-default-base" in ansible_facts.packages)
  tags:
  - CCE-92611-3
  - disable_strategy
  - low_complexity
  - medium_disruption
  - medium_severity
  - reboot_required
  - sysctl_net_ipv4_conf_all_route_localnet

- name: Prevent Routing External Traffic to Local Loopback on All IPv4 Interfaces
    - Find all files that set net.ipv4.conf.all.route_localnet to correct value
  ansible.builtin.shell:
    cmd: find -L {{ sysctl_paths | join(" ") }} -type f -name '*.conf' | xargs grep
      -HP '^\s*net.ipv4.conf.all.route_localnet\s*=\s*0$'
  register: find_correct_value
  check_mode: false
  changed_when: false
  failed_when: false
  when: ("kernel-default" in ansible_facts.packages or "kernel-default-base" in ansible_facts.packages)
  tags:
  - CCE-92611-3
  - disable_strategy
  - low_complexity
  - medium_disruption
  - medium_severity
  - reboot_required
  - sysctl_net_ipv4_conf_all_route_localnet

- name: Prevent Routing External Traffic to Local Loopback on All IPv4 Interfaces
    - Comment out any occurrences of net.ipv4.conf.all.route_localnet from config
    files
  ansible.builtin.replace:
    path: '{{ item | split(":") | first }}'
    regexp: ^[\s]*net.ipv4.conf.all.route_localnet
    replace: '#net.ipv4.conf.all.route_localnet'
  loop: '{{ find_all_values.stdout_lines }}'
  when:
  - ("kernel-default" in ansible_facts.packages or "kernel-default-base" in ansible_facts.packages)
  - find_correct_value.stdout_lines | length == 0 or find_all_values.stdout_lines
    | length &gt; find_correct_value.stdout_lines | length
  tags:
  - CCE-92611-3
  - disable_strategy
  - low_complexity
  - medium_disruption
  - medium_severity
  - reboot_required
  - sysctl_net_ipv4_conf_all_route_localnet

- name: Prevent Routing External Traffic to Local Loopback on All IPv4 Interfaces
    - Comment out any occurrences of net.ipv4.conf.all.route_localnet from /etc/sysctl.conf
  ansible.builtin.replace:
    path: /etc/sysctl.conf
    regexp: ^[\s]*net.ipv4.conf.all.route_localnet
    replace: '#net.ipv4.conf.all.route_localnet'
  when: ("kernel-default" in ansible_facts.packages or "kernel-default-base" in ansible_facts.packages)
  tags:
  - CCE-92611-3
  - disable_strategy
  - low_complexity
  - medium_disruption
  - medium_severity
  - reboot_required
  - sysctl_net_ipv4_conf_all_route_localnet

- name: Prevent Routing External Traffic to Local Loopback on All IPv4 Interfaces
    - Ensure sysctl net.ipv4.conf.all.route_localnet is set to 0
  ansible.posix.sysctl:
    name: net.ipv4.conf.all.route_localnet
    value: '0'
    sysctl_file: /etc/sysctl.d/net_ipv4_conf_all_route_localnet.conf
    state: present
    reload: true
  when: ("kernel-default" in ansible_facts.packages or "kernel-default-base" in ansible_facts.packages)
  tags:
  - CCE-92611-3
  - disable_strategy
  - low_complexity
  - medium_disruption
  - medium_severity
  - reboot_required
  - sysctl_net_ipv4_conf_all_route_localnet
</fix>
            <check system="http://open-scap.org/page/SCE">
              <check-import import-name="stdout">
                  </check-import>
              <check-content-ref href="sle15/checks/sce/sysctl_net_ipv4_conf_all_route_localnet.sh"/>
            </check>
            <check system="http://oval.mitre.org/XMLSchema/oval-definitions-5">
              <check-content-ref name="oval:ssg-sysctl_net_ipv4_conf_all_route_localnet:def:1" href="ssg-sle15-oval.xml"/>
            </check>
            <check system="http://scap.nist.gov/schema/ocil/2">
              <check-content-ref name="ocil:ssg-sysctl_net_ipv4_conf_all_route_localnet_ocil:questionnaire:1" href="ssg-sle15-ocil.xml"/>
            </check>
          </Rule>
          <Rule id="xccdf_org.ssgproject.content_rule_sysctl_net_ipv4_conf_all_rp_filter" selected="false" role="full" severity="medium">
            <title xmlns:xhtml="http://www.w3.org/1999/xhtml" xml:lang="en-US">Enable Kernel Parameter to Use Reverse Path Filtering on all IPv4 Interfaces</title>
            <description xmlns:xhtml="http://www.w3.org/1999/xhtml" xml:lang="en-US">To set the runtime status of the <html:code xmlns:html="http://www.w3.org/1999/xhtml">net.ipv4.conf.all.rp_filter</html:code> kernel parameter, run the following command: <html:pre xmlns:html="http://www.w3.org/1999/xhtml">$ sudo sysctl -w net.ipv4.conf.all.rp_filter=1</html:pre>
To make sure that the setting is persistent, add the following line to a file in the directory <html:code xmlns:html="http://www.w3.org/1999/xhtml">/etc/sysctl.d</html:code>: <html:pre xmlns:html="http://www.w3.org/1999/xhtml">net.ipv4.conf.all.rp_filter = 1</html:pre>
        </description>
            <reference href="https://www.cisecurity.org/controls/">1</reference>
            <reference href="https://www.cisecurity.org/controls/">12</reference>
            <reference href="https://www.cisecurity.org/controls/">13</reference>
            <reference href="https://www.cisecurity.org/controls/">14</reference>
            <reference href="https://www.cisecurity.org/controls/">15</reference>
            <reference href="https://www.cisecurity.org/controls/">16</reference>
            <reference href="https://www.cisecurity.org/controls/">18</reference>
            <reference href="https://www.cisecurity.org/controls/">2</reference>
            <reference href="https://www.cisecurity.org/controls/">4</reference>
            <reference href="https://www.cisecurity.org/controls/">6</reference>
            <reference href="https://www.cisecurity.org/controls/">7</reference>
            <reference href="https://www.cisecurity.org/controls/">8</reference>
            <reference href="https://www.cisecurity.org/controls/">9</reference>
            <reference href="https://www.isaca.org/resources/cobit">APO01.06</reference>
            <reference href="https://www.isaca.org/resources/cobit">APO13.01</reference>
            <reference href="https://www.isaca.org/resources/cobit">BAI04.04</reference>
            <reference href="https://www.isaca.org/resources/cobit">DSS01.03</reference>
            <reference href="https://www.isaca.org/resources/cobit">DSS01.05</reference>
            <reference href="https://www.isaca.org/resources/cobit">DSS03.01</reference>
            <reference href="https://www.isaca.org/resources/cobit">DSS03.05</reference>
            <reference href="https://www.isaca.org/resources/cobit">DSS05.02</reference>
            <reference href="https://www.isaca.org/resources/cobit">DSS05.04</reference>
            <reference href="https://www.isaca.org/resources/cobit">DSS05.07</reference>
            <reference href="https://www.isaca.org/resources/cobit">DSS06.02</reference>
            <reference href="http://nvlpubs.nist.gov/nistpubs/SpecialPublications/NIST.SP.800-171.pdf">3.1.20</reference>
            <reference href="https://www.isa.org/products/isa-62443-2-1-2009-security-for-industrial-automat">4.2.3.4</reference>
            <reference href="https://www.isa.org/products/isa-62443-2-1-2009-security-for-industrial-automat">4.3.3.4</reference>
            <reference href="https://www.isa.org/products/isa-62443-2-1-2009-security-for-industrial-automat">4.4.3.3</reference>
            <reference href="https://www.isa.org/products/ansi-isa-62443-3-3-99-03-03-2013-security-for-indu">SR 3.1</reference>
            <reference href="https://www.isa.org/products/ansi-isa-62443-3-3-99-03-03-2013-security-for-indu">SR 3.5</reference>
            <reference href="https://www.isa.org/products/ansi-isa-62443-3-3-99-03-03-2013-security-for-indu">SR 3.8</reference>
            <reference href="https://www.isa.org/products/ansi-isa-62443-3-3-99-03-03-2013-security-for-indu">SR 4.1</reference>
            <reference href="https://www.isa.org/products/ansi-isa-62443-3-3-99-03-03-2013-security-for-indu">SR 4.3</reference>
            <reference href="https://www.isa.org/products/ansi-isa-62443-3-3-99-03-03-2013-security-for-indu">SR 5.1</reference>
            <reference href="https://www.isa.org/products/ansi-isa-62443-3-3-99-03-03-2013-security-for-indu">SR 5.2</reference>
            <reference href="https://www.isa.org/products/ansi-isa-62443-3-3-99-03-03-2013-security-for-indu">SR 5.3</reference>
            <reference href="https://www.isa.org/products/ansi-isa-62443-3-3-99-03-03-2013-security-for-indu">SR 6.2</reference>
            <reference href="https://www.isa.org/products/ansi-isa-62443-3-3-99-03-03-2013-security-for-indu">SR 7.1</reference>
            <reference href="https://www.isa.org/products/ansi-isa-62443-3-3-99-03-03-2013-security-for-indu">SR 7.2</reference>
            <reference href="https://www.isa.org/products/ansi-isa-62443-3-3-99-03-03-2013-security-for-indu">SR 7.6</reference>
            <reference href="https://www.iso.org/contents/data/standard/05/45/54534.html">A.10.1.1</reference>
            <reference href="https://www.iso.org/contents/data/standard/05/45/54534.html">A.11.1.4</reference>
            <reference href="https://www.iso.org/contents/data/standard/05/45/54534.html">A.11.1.5</reference>
            <reference href="https://www.iso.org/contents/data/standard/05/45/54534.html">A.11.2.1</reference>
            <reference href="https://www.iso.org/contents/data/standard/05/45/54534.html">A.12.1.1</reference>
            <reference href="https://www.iso.org/contents/data/standard/05/45/54534.html">A.12.1.2</reference>
            <reference href="https://www.iso.org/contents/data/standard/05/45/54534.html">A.12.1.3</reference>
            <reference href="https://www.iso.org/contents/data/standard/05/45/54534.html">A.13.1.1</reference>
            <reference href="https://www.iso.org/contents/data/standard/05/45/54534.html">A.13.1.2</reference>
            <reference href="https://www.iso.org/contents/data/standard/05/45/54534.html">A.13.1.3</reference>
            <reference href="https://www.iso.org/contents/data/standard/05/45/54534.html">A.13.2.1</reference>
            <reference href="https://www.iso.org/contents/data/standard/05/45/54534.html">A.13.2.2</reference>
            <reference href="https://www.iso.org/contents/data/standard/05/45/54534.html">A.13.2.3</reference>
            <reference href="https://www.iso.org/contents/data/standard/05/45/54534.html">A.13.2.4</reference>
            <reference href="https://www.iso.org/contents/data/standard/05/45/54534.html">A.14.1.2</reference>
            <reference href="https://www.iso.org/contents/data/standard/05/45/54534.html">A.14.1.3</reference>
            <reference href="https://www.iso.org/contents/data/standard/05/45/54534.html">A.17.2.1</reference>
            <reference href="https://www.iso.org/contents/data/standard/05/45/54534.html">A.6.1.2</reference>
            <reference href="https://www.iso.org/contents/data/standard/05/45/54534.html">A.7.1.1</reference>
            <reference href="https://www.iso.org/contents/data/standard/05/45/54534.html">A.7.1.2</reference>
            <reference href="https://www.iso.org/contents/data/standard/05/45/54534.html">A.7.3.1</reference>
            <reference href="https://www.iso.org/contents/data/standard/05/45/54534.html">A.8.2.2</reference>
            <reference href="https://www.iso.org/contents/data/standard/05/45/54534.html">A.8.2.3</reference>
            <reference href="https://www.iso.org/contents/data/standard/05/45/54534.html">A.9.1.1</reference>
            <reference href="https://www.iso.org/contents/data/standard/05/45/54534.html">A.9.1.2</reference>
            <reference href="https://www.iso.org/contents/data/standard/05/45/54534.html">A.9.2.3</reference>
            <reference href="https://www.iso.org/contents/data/standard/05/45/54534.html">A.9.4.1</reference>
            <reference href="https://www.iso.org/contents/data/standard/05/45/54534.html">A.9.4.4</reference>
            <reference href="https://www.iso.org/contents/data/standard/05/45/54534.html">A.9.4.5</reference>
            <reference href="http://nvlpubs.nist.gov/nistpubs/SpecialPublications/NIST.SP.800-53r4.pdf">CM-7(a)</reference>
            <reference href="http://nvlpubs.nist.gov/nistpubs/SpecialPublications/NIST.SP.800-53r4.pdf">CM-7(b)</reference>
            <reference href="http://nvlpubs.nist.gov/nistpubs/SpecialPublications/NIST.SP.800-53r4.pdf">CM-6(a)</reference>
            <reference href="http://nvlpubs.nist.gov/nistpubs/SpecialPublications/NIST.SP.800-53r4.pdf">SC-7(a)</reference>
            <reference href="https://nvlpubs.nist.gov/nistpubs/CSWP/NIST.CSWP.04162018.pdf">DE.AE-1</reference>
            <reference href="https://nvlpubs.nist.gov/nistpubs/CSWP/NIST.CSWP.04162018.pdf">DE.CM-1</reference>
            <reference href="https://nvlpubs.nist.gov/nistpubs/CSWP/NIST.CSWP.04162018.pdf">ID.AM-3</reference>
            <reference href="https://nvlpubs.nist.gov/nistpubs/CSWP/NIST.CSWP.04162018.pdf">PR.AC-5</reference>
            <reference href="https://nvlpubs.nist.gov/nistpubs/CSWP/NIST.CSWP.04162018.pdf">PR.DS-4</reference>
            <reference href="https://nvlpubs.nist.gov/nistpubs/CSWP/NIST.CSWP.04162018.pdf">PR.DS-5</reference>
            <reference href="https://nvlpubs.nist.gov/nistpubs/CSWP/NIST.CSWP.04162018.pdf">PR.PT-4</reference>
            <reference href="https://www.pcisecuritystandards.org/documents/PCI_DSS_v3-2-1.pdf">Req-1.4.3</reference>
            <reference href="https://www.cyber.mil/stigs/downloads/?_dl_facet_stigs=operating-systems%2Cgeneral-purpose-os">SRG-OS-000480-GPOS-00227</reference>
            <reference href="https://www.cisecurity.org/benchmark/suse_linux/">3.3.7</reference>
            <reference href="https://cyber.gouv.fr/sites/default/files/document/linux_configuration-en-v2.pdf">R12</reference>
            <reference href="https://docs-prv.pcisecuritystandards.org/PCI%20DSS/Standard/PCI-DSS-v4_0.pdf">1.4.3</reference>
            <reference href="https://docs-prv.pcisecuritystandards.org/PCI%20DSS/Standard/PCI-DSS-v4_0.pdf">1.4</reference>
            <rationale xmlns:xhtml="http://www.w3.org/1999/xhtml" xml:lang="en-US">Enabling reverse path filtering drops packets with source addresses
that should not have been able to be received on the interface they were
received on. It should not be used on systems which are routers for
complicated networks, but is helpful for end hosts and routers serving small
networks.</rationale>
            <ident system="https://ncp.nist.gov/cce">CCE-91218-8</ident>
            <fix xmlns:xhtml="http://www.w3.org/1999/xhtml" id="sysctl_net_ipv4_conf_all_rp_filter" system="urn:xccdf:fix:script:sh" reboot="true" complexity="low" disruption="medium" strategy="disable"># Remediation is applicable only in certain platforms
if rpm --quiet -q kernel-default || rpm --quiet -q kernel-default-base; then

# Comment out any occurrences of net.ipv4.conf.all.rp_filter from /etc/sysctl.d/*.conf files

for f in /etc/sysctl.d/*.conf /run/sysctl.d/*.conf /usr/local/lib/sysctl.d/*.conf /lib/sysctl.d/*.conf; do


  # skip systemd-sysctl symlink (/etc/sysctl.d/99-sysctl.conf -&gt; /etc/sysctl.conf)
  if [[ "$(readlink -f "$f")" == "/etc/sysctl.conf" ]]; then continue; fi

  matching_list=$(grep -P '^(?!#).*[\s]*net.ipv4.conf.all.rp_filter.*$' $f | uniq )
  if ! test -z "$matching_list"; then
    while IFS= read -r entry; do
      escaped_entry=$(sed -e 's|/|\\/|g' &lt;&lt;&lt; "$entry")
      # comment out "net.ipv4.conf.all.rp_filter" matches to preserve user data
      sed -i --follow-symlinks "s/^${escaped_entry}$/# &amp;/g" $f
    done &lt;&lt;&lt; "$matching_list"
  fi
done

#
# Set sysctl config file which to save the desired value
#

SYSCONFIG_FILE='/etc/sysctl.d/net_ipv4_conf_all_rp_filter.conf'

sysctl_net_ipv4_conf_all_rp_filter_value='<xccdf-1.2:sub xmlns:xccdf-1.2="http://checklists.nist.gov/xccdf/1.2" idref="xccdf_org.ssgproject.content_value_sysctl_net_ipv4_conf_all_rp_filter_value" use="legacy"/>'


#
# Set runtime for net.ipv4.conf.all.rp_filter
#
if ! { rpm --quiet -q kernel rpm-ostree bootc &amp;&amp; ! rpm --quiet -q openshift-kubelet &amp;&amp; { [ -f "/run/.containerenv" ] || [ -f "/.containerenv" ]; }; } ; then
    /sbin/sysctl -q -n -w net.ipv4.conf.all.rp_filter="$sysctl_net_ipv4_conf_all_rp_filter_value"
fi

#
# If net.ipv4.conf.all.rp_filter present in /etc/sysctl.conf, change value to appropriate value
#	else, add "net.ipv4.conf.all.rp_filter = value" to /etc/sysctl.conf
#

sed -i "/^$SYSCONFIG_VAR/d" /etc/sysctl.conf

# Strip any search characters in the key arg so that the key can be replaced without
# adding any search characters to the config file.
stripped_key=$(sed 's/[\^=\$,;+]*//g' &lt;&lt;&lt; "^net.ipv4.conf.all.rp_filter")

# shellcheck disable=SC2059
printf -v formatted_output "%s = %s" "$stripped_key" "$sysctl_net_ipv4_conf_all_rp_filter_value"

# If the key exists, change it. Otherwise, add it to the config_file.
# We search for the key string followed by a word boundary (matched by \&gt;),
# so if we search for 'setting', 'setting2' won't match.
if LC_ALL=C grep -q -m 1 -i -e "^net.ipv4.conf.all.rp_filter\\&gt;" "${SYSCONFIG_FILE}"; then
    escaped_formatted_output=$(sed -e 's|/|\\/|g' &lt;&lt;&lt; "$formatted_output")
    LC_ALL=C sed -i --follow-symlinks "s/^net.ipv4.conf.all.rp_filter\\&gt;.*/$escaped_formatted_output/gi" "${SYSCONFIG_FILE}"
else
    if [[ -s "${SYSCONFIG_FILE}" ]] &amp;&amp; [[ -n "$(tail -c 1 -- "${SYSCONFIG_FILE}" || true)" ]]; then
        LC_ALL=C sed -i --follow-symlinks '$a'\\ "${SYSCONFIG_FILE}"
    fi
    cce="CCE-91218-8"
    printf '# Per %s: Set %s in %s\n' "${cce}" "${formatted_output}" "${SYSCONFIG_FILE}" &gt;&gt; "${SYSCONFIG_FILE}"
    printf '%s\n' "$formatted_output" &gt;&gt; "${SYSCONFIG_FILE}"
fi

else
    &gt;&amp;2 echo 'Remediation is not applicable, nothing was done'
fi
</fix>
            <fix xmlns:xhtml="http://www.w3.org/1999/xhtml" id="sysctl_net_ipv4_conf_all_rp_filter" system="urn:xccdf:fix:script:ansible" reboot="true" complexity="low" disruption="medium" strategy="disable">- name: Gather the package facts
  package_facts:
    manager: auto
  tags:
  - CCE-91218-8
  - NIST-800-171-3.1.20
  - NIST-800-53-CM-6(a)
  - NIST-800-53-CM-7(a)
  - NIST-800-53-CM-7(b)
  - NIST-800-53-SC-7(a)
  - PCI-DSS-Req-1.4.3
  - PCI-DSSv4-1.4
  - PCI-DSSv4-1.4.3
  - disable_strategy
  - low_complexity
  - medium_disruption
  - medium_severity
  - reboot_required
  - sysctl_net_ipv4_conf_all_rp_filter
- name: XCCDF Value sysctl_net_ipv4_conf_all_rp_filter_value # promote to variable
  set_fact:
    sysctl_net_ipv4_conf_all_rp_filter_value: !!str <xccdf-1.2:sub xmlns:xccdf-1.2="http://checklists.nist.gov/xccdf/1.2" idref="xccdf_org.ssgproject.content_value_sysctl_net_ipv4_conf_all_rp_filter_value" use="legacy"/>
  tags:
    - always

- name: Enable Kernel Parameter to Use Reverse Path Filtering on all IPv4 Interfaces
    - Set fact for sysctl paths
  ansible.builtin.set_fact:
    sysctl_paths:
    - /run/sysctl.d/
    - /etc/sysctl.d/
    - /usr/local/lib/sysctl.d/
    - /lib/sysctl.d/
  when: ("kernel-default" in ansible_facts.packages or "kernel-default-base" in ansible_facts.packages)
  tags:
  - CCE-91218-8
  - NIST-800-171-3.1.20
  - NIST-800-53-CM-6(a)
  - NIST-800-53-CM-7(a)
  - NIST-800-53-CM-7(b)
  - NIST-800-53-SC-7(a)
  - PCI-DSS-Req-1.4.3
  - PCI-DSSv4-1.4
  - PCI-DSSv4-1.4.3
  - disable_strategy
  - low_complexity
  - medium_disruption
  - medium_severity
  - reboot_required
  - sysctl_net_ipv4_conf_all_rp_filter

- name: Enable Kernel Parameter to Use Reverse Path Filtering on all IPv4 Interfaces
    - Find all files that contain net.ipv4.conf.all.rp_filter
  ansible.builtin.shell:
    cmd: find -L {{ sysctl_paths | join(" ") }} -type f -name '*.conf' | xargs grep
      -HP '^\s*net.ipv4.conf.all.rp_filter\s*=\s*.*$'
  register: find_all_values
  check_mode: false
  changed_when: false
  failed_when: false
  when: ("kernel-default" in ansible_facts.packages or "kernel-default-base" in ansible_facts.packages)
  tags:
  - CCE-91218-8
  - NIST-800-171-3.1.20
  - NIST-800-53-CM-6(a)
  - NIST-800-53-CM-7(a)
  - NIST-800-53-CM-7(b)
  - NIST-800-53-SC-7(a)
  - PCI-DSS-Req-1.4.3
  - PCI-DSSv4-1.4
  - PCI-DSSv4-1.4.3
  - disable_strategy
  - low_complexity
  - medium_disruption
  - medium_severity
  - reboot_required
  - sysctl_net_ipv4_conf_all_rp_filter

- name: Enable Kernel Parameter to Use Reverse Path Filtering on all IPv4 Interfaces
    - Find all files that set net.ipv4.conf.all.rp_filter to correct value
  ansible.builtin.shell:
    cmd: find -L {{ sysctl_paths | join(" ") }} -type f -name '*.conf' | xargs grep
      -HP '^\s*net.ipv4.conf.all.rp_filter\s*=\s*{{ sysctl_net_ipv4_conf_all_rp_filter_value
      }}$'
  register: find_correct_value
  check_mode: false
  changed_when: false
  failed_when: false
  when: ("kernel-default" in ansible_facts.packages or "kernel-default-base" in ansible_facts.packages)
  tags:
  - CCE-91218-8
  - NIST-800-171-3.1.20
  - NIST-800-53-CM-6(a)
  - NIST-800-53-CM-7(a)
  - NIST-800-53-CM-7(b)
  - NIST-800-53-SC-7(a)
  - PCI-DSS-Req-1.4.3
  - PCI-DSSv4-1.4
  - PCI-DSSv4-1.4.3
  - disable_strategy
  - low_complexity
  - medium_disruption
  - medium_severity
  - reboot_required
  - sysctl_net_ipv4_conf_all_rp_filter

- name: Enable Kernel Parameter to Use Reverse Path Filtering on all IPv4 Interfaces
    - Comment out any occurrences of net.ipv4.conf.all.rp_filter from config files
  ansible.builtin.replace:
    path: '{{ item | split(":") | first }}'
    regexp: ^[\s]*net.ipv4.conf.all.rp_filter
    replace: '#net.ipv4.conf.all.rp_filter'
  loop: '{{ find_all_values.stdout_lines }}'
  when:
  - ("kernel-default" in ansible_facts.packages or "kernel-default-base" in ansible_facts.packages)
  - find_correct_value.stdout_lines | length == 0 or find_all_values.stdout_lines
    | length &gt; find_correct_value.stdout_lines | length
  tags:
  - CCE-91218-8
  - NIST-800-171-3.1.20
  - NIST-800-53-CM-6(a)
  - NIST-800-53-CM-7(a)
  - NIST-800-53-CM-7(b)
  - NIST-800-53-SC-7(a)
  - PCI-DSS-Req-1.4.3
  - PCI-DSSv4-1.4
  - PCI-DSSv4-1.4.3
  - disable_strategy
  - low_complexity
  - medium_disruption
  - medium_severity
  - reboot_required
  - sysctl_net_ipv4_conf_all_rp_filter

- name: Enable Kernel Parameter to Use Reverse Path Filtering on all IPv4 Interfaces
    - Comment out any occurrences of net.ipv4.conf.all.rp_filter from /etc/sysctl.conf
  ansible.builtin.replace:
    path: /etc/sysctl.conf
    regexp: ^[\s]*net.ipv4.conf.all.rp_filter
    replace: '#net.ipv4.conf.all.rp_filter'
  when: ("kernel-default" in ansible_facts.packages or "kernel-default-base" in ansible_facts.packages)
  tags:
  - CCE-91218-8
  - NIST-800-171-3.1.20
  - NIST-800-53-CM-6(a)
  - NIST-800-53-CM-7(a)
  - NIST-800-53-CM-7(b)
  - NIST-800-53-SC-7(a)
  - PCI-DSS-Req-1.4.3
  - PCI-DSSv4-1.4
  - PCI-DSSv4-1.4.3
  - disable_strategy
  - low_complexity
  - medium_disruption
  - medium_severity
  - reboot_required
  - sysctl_net_ipv4_conf_all_rp_filter

- name: Enable Kernel Parameter to Use Reverse Path Filtering on all IPv4 Interfaces
    - Ensure sysctl net.ipv4.conf.all.rp_filter is set
  ansible.posix.sysctl:
    name: net.ipv4.conf.all.rp_filter
    value: '{{ sysctl_net_ipv4_conf_all_rp_filter_value }}'
    sysctl_file: /etc/sysctl.d/net_ipv4_conf_all_rp_filter.conf
    state: present
    reload: true
  when: ("kernel-default" in ansible_facts.packages or "kernel-default-base" in ansible_facts.packages)
  tags:
  - CCE-91218-8
  - NIST-800-171-3.1.20
  - NIST-800-53-CM-6(a)
  - NIST-800-53-CM-7(a)
  - NIST-800-53-CM-7(b)
  - NIST-800-53-SC-7(a)
  - PCI-DSS-Req-1.4.3
  - PCI-DSSv4-1.4
  - PCI-DSSv4-1.4.3
  - disable_strategy
  - low_complexity
  - medium_disruption
  - medium_severity
  - reboot_required
  - sysctl_net_ipv4_conf_all_rp_filter
</fix>
            <check system="http://open-scap.org/page/SCE">
              <check-import import-name="stdout">
                  </check-import>
              <check-export export-name="sysctl_net_ipv4_conf_all_rp_filter_value" value-id="xccdf_org.ssgproject.content_value_sysctl_net_ipv4_conf_all_rp_filter_value"/>
              <check-content-ref href="sle15/checks/sce/sysctl_net_ipv4_conf_all_rp_filter.sh"/>
            </check>
            <check system="http://oval.mitre.org/XMLSchema/oval-definitions-5">
              <check-export export-name="oval:ssg-sysctl_net_ipv4_conf_all_rp_filter_value:var:1" value-id="xccdf_org.ssgproject.content_value_sysctl_net_ipv4_conf_all_rp_filter_value"/>
              <check-content-ref name="oval:ssg-sysctl_net_ipv4_conf_all_rp_filter:def:1" href="ssg-sle15-oval.xml"/>
            </check>
            <check system="http://scap.nist.gov/schema/ocil/2">
              <check-content-ref name="ocil:ssg-sysctl_net_ipv4_conf_all_rp_filter_ocil:questionnaire:1" href="ssg-sle15-ocil.xml"/>
            </check>
          </Rule>
          <Rule id="xccdf_org.ssgproject.content_rule_sysctl_net_ipv4_conf_all_secure_redirects" selected="false" role="full" severity="medium">
            <title xmlns:xhtml="http://www.w3.org/1999/xhtml" xml:lang="en-US">Disable Kernel Parameter for Accepting Secure ICMP Redirects on all IPv4 Interfaces</title>
            <description xmlns:xhtml="http://www.w3.org/1999/xhtml" xml:lang="en-US">To set the runtime status of the <html:code xmlns:html="http://www.w3.org/1999/xhtml">net.ipv4.conf.all.secure_redirects</html:code> kernel parameter, run the following command: <html:pre xmlns:html="http://www.w3.org/1999/xhtml">$ sudo sysctl -w net.ipv4.conf.all.secure_redirects=0</html:pre>
To make sure that the setting is persistent, add the following line to a file in the directory <html:code xmlns:html="http://www.w3.org/1999/xhtml">/etc/sysctl.d</html:code>: <html:pre xmlns:html="http://www.w3.org/1999/xhtml">net.ipv4.conf.all.secure_redirects = 0</html:pre>
        </description>
            <reference href="https://www.cisecurity.org/controls/">1</reference>
            <reference href="https://www.cisecurity.org/controls/">11</reference>
            <reference href="https://www.cisecurity.org/controls/">12</reference>
            <reference href="https://www.cisecurity.org/controls/">13</reference>
            <reference href="https://www.cisecurity.org/controls/">14</reference>
            <reference href="https://www.cisecurity.org/controls/">15</reference>
            <reference href="https://www.cisecurity.org/controls/">16</reference>
            <reference href="https://www.cisecurity.org/controls/">18</reference>
            <reference href="https://www.cisecurity.org/controls/">2</reference>
            <reference href="https://www.cisecurity.org/controls/">3</reference>
            <reference href="https://www.cisecurity.org/controls/">4</reference>
            <reference href="https://www.cisecurity.org/controls/">6</reference>
            <reference href="https://www.cisecurity.org/controls/">7</reference>
            <reference href="https://www.cisecurity.org/controls/">8</reference>
            <reference href="https://www.cisecurity.org/controls/">9</reference>
            <reference href="https://www.isaca.org/resources/cobit">APO01.06</reference>
            <reference href="https://www.isaca.org/resources/cobit">APO13.01</reference>
            <reference href="https://www.isaca.org/resources/cobit">BAI04.04</reference>
            <reference href="https://www.isaca.org/resources/cobit">BAI10.01</reference>
            <reference href="https://www.isaca.org/resources/cobit">BAI10.02</reference>
            <reference href="https://www.isaca.org/resources/cobit">BAI10.03</reference>
            <reference href="https://www.isaca.org/resources/cobit">BAI10.05</reference>
            <reference href="https://www.isaca.org/resources/cobit">DSS01.03</reference>
            <reference href="https://www.isaca.org/resources/cobit">DSS01.05</reference>
            <reference href="https://www.isaca.org/resources/cobit">DSS03.01</reference>
            <reference href="https://www.isaca.org/resources/cobit">DSS03.05</reference>
            <reference href="https://www.isaca.org/resources/cobit">DSS05.02</reference>
            <reference href="https://www.isaca.org/resources/cobit">DSS05.04</reference>
            <reference href="https://www.isaca.org/resources/cobit">DSS05.05</reference>
            <reference href="https://www.isaca.org/resources/cobit">DSS05.07</reference>
            <reference href="https://www.isaca.org/resources/cobit">DSS06.02</reference>
            <reference href="https://www.isaca.org/resources/cobit">DSS06.06</reference>
            <reference href="http://nvlpubs.nist.gov/nistpubs/SpecialPublications/NIST.SP.800-171.pdf">3.1.20</reference>
            <reference href="https://www.isa.org/products/isa-62443-2-1-2009-security-for-industrial-automat">4.2.3.4</reference>
            <reference href="https://www.isa.org/products/isa-62443-2-1-2009-security-for-industrial-automat">4.3.3.4</reference>
            <reference href="https://www.isa.org/products/isa-62443-2-1-2009-security-for-industrial-automat">4.3.3.5.1</reference>
            <reference href="https://www.isa.org/products/isa-62443-2-1-2009-security-for-industrial-automat">4.3.3.5.2</reference>
            <reference href="https://www.isa.org/products/isa-62443-2-1-2009-security-for-industrial-automat">4.3.3.5.3</reference>
            <reference href="https://www.isa.org/products/isa-62443-2-1-2009-security-for-industrial-automat">4.3.3.5.4</reference>
            <reference href="https://www.isa.org/products/isa-62443-2-1-2009-security-for-industrial-automat">4.3.3.5.5</reference>
            <reference href="https://www.isa.org/products/isa-62443-2-1-2009-security-for-industrial-automat">4.3.3.5.6</reference>
            <reference href="https://www.isa.org/products/isa-62443-2-1-2009-security-for-industrial-automat">4.3.3.5.7</reference>
            <reference href="https://www.isa.org/products/isa-62443-2-1-2009-security-for-industrial-automat">4.3.3.5.8</reference>
            <reference href="https://www.isa.org/products/isa-62443-2-1-2009-security-for-industrial-automat">4.3.3.6.1</reference>
            <reference href="https://www.isa.org/products/isa-62443-2-1-2009-security-for-industrial-automat">4.3.3.6.2</reference>
            <reference href="https://www.isa.org/products/isa-62443-2-1-2009-security-for-industrial-automat">4.3.3.6.3</reference>
            <reference href="https://www.isa.org/products/isa-62443-2-1-2009-security-for-industrial-automat">4.3.3.6.4</reference>
            <reference href="https://www.isa.org/products/isa-62443-2-1-2009-security-for-industrial-automat">4.3.3.6.5</reference>
            <reference href="https://www.isa.org/products/isa-62443-2-1-2009-security-for-industrial-automat">4.3.3.6.6</reference>
            <reference href="https://www.isa.org/products/isa-62443-2-1-2009-security-for-industrial-automat">4.3.3.6.7</reference>
            <reference href="https://www.isa.org/products/isa-62443-2-1-2009-security-for-industrial-automat">4.3.3.6.8</reference>
            <reference href="https://www.isa.org/products/isa-62443-2-1-2009-security-for-industrial-automat">4.3.3.6.9</reference>
            <reference href="https://www.isa.org/products/isa-62443-2-1-2009-security-for-industrial-automat">4.3.3.7.1</reference>
            <reference href="https://www.isa.org/products/isa-62443-2-1-2009-security-for-industrial-automat">4.3.3.7.2</reference>
            <reference href="https://www.isa.org/products/isa-62443-2-1-2009-security-for-industrial-automat">4.3.3.7.3</reference>
            <reference href="https://www.isa.org/products/isa-62443-2-1-2009-security-for-industrial-automat">4.3.3.7.4</reference>
            <reference href="https://www.isa.org/products/isa-62443-2-1-2009-security-for-industrial-automat">4.3.4.3.2</reference>
            <reference href="https://www.isa.org/products/isa-62443-2-1-2009-security-for-industrial-automat">4.3.4.3.3</reference>
            <reference href="https://www.isa.org/products/isa-62443-2-1-2009-security-for-industrial-automat">4.4.3.3</reference>
            <reference href="https://www.isa.org/products/ansi-isa-62443-3-3-99-03-03-2013-security-for-indu">SR 1.1</reference>
            <reference href="https://www.isa.org/products/ansi-isa-62443-3-3-99-03-03-2013-security-for-indu">SR 1.10</reference>
            <reference href="https://www.isa.org/products/ansi-isa-62443-3-3-99-03-03-2013-security-for-indu">SR 1.11</reference>
            <reference href="https://www.isa.org/products/ansi-isa-62443-3-3-99-03-03-2013-security-for-indu">SR 1.12</reference>
            <reference href="https://www.isa.org/products/ansi-isa-62443-3-3-99-03-03-2013-security-for-indu">SR 1.13</reference>
            <reference href="https://www.isa.org/products/ansi-isa-62443-3-3-99-03-03-2013-security-for-indu">SR 1.2</reference>
            <reference href="https://www.isa.org/products/ansi-isa-62443-3-3-99-03-03-2013-security-for-indu">SR 1.3</reference>
            <reference href="https://www.isa.org/products/ansi-isa-62443-3-3-99-03-03-2013-security-for-indu">SR 1.4</reference>
            <reference href="https://www.isa.org/products/ansi-isa-62443-3-3-99-03-03-2013-security-for-indu">SR 1.5</reference>
            <reference href="https://www.isa.org/products/ansi-isa-62443-3-3-99-03-03-2013-security-for-indu">SR 1.6</reference>
            <reference href="https://www.isa.org/products/ansi-isa-62443-3-3-99-03-03-2013-security-for-indu">SR 1.7</reference>
            <reference href="https://www.isa.org/products/ansi-isa-62443-3-3-99-03-03-2013-security-for-indu">SR 1.8</reference>
            <reference href="https://www.isa.org/products/ansi-isa-62443-3-3-99-03-03-2013-security-for-indu">SR 1.9</reference>
            <reference href="https://www.isa.org/products/ansi-isa-62443-3-3-99-03-03-2013-security-for-indu">SR 2.1</reference>
            <reference href="https://www.isa.org/products/ansi-isa-62443-3-3-99-03-03-2013-security-for-indu">SR 2.2</reference>
            <reference href="https://www.isa.org/products/ansi-isa-62443-3-3-99-03-03-2013-security-for-indu">SR 2.3</reference>
            <reference href="https://www.isa.org/products/ansi-isa-62443-3-3-99-03-03-2013-security-for-indu">SR 2.4</reference>
            <reference href="https://www.isa.org/products/ansi-isa-62443-3-3-99-03-03-2013-security-for-indu">SR 2.5</reference>
            <reference href="https://www.isa.org/products/ansi-isa-62443-3-3-99-03-03-2013-security-for-indu">SR 2.6</reference>
            <reference href="https://www.isa.org/products/ansi-isa-62443-3-3-99-03-03-2013-security-for-indu">SR 2.7</reference>
            <reference href="https://www.isa.org/products/ansi-isa-62443-3-3-99-03-03-2013-security-for-indu">SR 3.1</reference>
            <reference href="https://www.isa.org/products/ansi-isa-62443-3-3-99-03-03-2013-security-for-indu">SR 3.5</reference>
            <reference href="https://www.isa.org/products/ansi-isa-62443-3-3-99-03-03-2013-security-for-indu">SR 3.8</reference>
            <reference href="https://www.isa.org/products/ansi-isa-62443-3-3-99-03-03-2013-security-for-indu">SR 4.1</reference>
            <reference href="https://www.isa.org/products/ansi-isa-62443-3-3-99-03-03-2013-security-for-indu">SR 4.3</reference>
            <reference href="https://www.isa.org/products/ansi-isa-62443-3-3-99-03-03-2013-security-for-indu">SR 5.1</reference>
            <reference href="https://www.isa.org/products/ansi-isa-62443-3-3-99-03-03-2013-security-for-indu">SR 5.2</reference>
            <reference href="https://www.isa.org/products/ansi-isa-62443-3-3-99-03-03-2013-security-for-indu">SR 5.3</reference>
            <reference href="https://www.isa.org/products/ansi-isa-62443-3-3-99-03-03-2013-security-for-indu">SR 6.2</reference>
            <reference href="https://www.isa.org/products/ansi-isa-62443-3-3-99-03-03-2013-security-for-indu">SR 7.1</reference>
            <reference href="https://www.isa.org/products/ansi-isa-62443-3-3-99-03-03-2013-security-for-indu">SR 7.2</reference>
            <reference href="https://www.isa.org/products/ansi-isa-62443-3-3-99-03-03-2013-security-for-indu">SR 7.6</reference>
            <reference href="https://www.iso.org/contents/data/standard/05/45/54534.html">A.10.1.1</reference>
            <reference href="https://www.iso.org/contents/data/standard/05/45/54534.html">A.11.1.4</reference>
            <reference href="https://www.iso.org/contents/data/standard/05/45/54534.html">A.11.1.5</reference>
            <reference href="https://www.iso.org/contents/data/standard/05/45/54534.html">A.11.2.1</reference>
            <reference href="https://www.iso.org/contents/data/standard/05/45/54534.html">A.12.1.1</reference>
            <reference href="https://www.iso.org/contents/data/standard/05/45/54534.html">A.12.1.2</reference>
            <reference href="https://www.iso.org/contents/data/standard/05/45/54534.html">A.12.1.3</reference>
            <reference href="https://www.iso.org/contents/data/standard/05/45/54534.html">A.12.5.1</reference>
            <reference href="https://www.iso.org/contents/data/standard/05/45/54534.html">A.12.6.2</reference>
            <reference href="https://www.iso.org/contents/data/standard/05/45/54534.html">A.13.1.1</reference>
            <reference href="https://www.iso.org/contents/data/standard/05/45/54534.html">A.13.1.2</reference>
            <reference href="https://www.iso.org/contents/data/standard/05/45/54534.html">A.13.1.3</reference>
            <reference href="https://www.iso.org/contents/data/standard/05/45/54534.html">A.13.2.1</reference>
            <reference href="https://www.iso.org/contents/data/standard/05/45/54534.html">A.13.2.2</reference>
            <reference href="https://www.iso.org/contents/data/standard/05/45/54534.html">A.13.2.3</reference>
            <reference href="https://www.iso.org/contents/data/standard/05/45/54534.html">A.13.2.4</reference>
            <reference href="https://www.iso.org/contents/data/standard/05/45/54534.html">A.14.1.2</reference>
            <reference href="https://www.iso.org/contents/data/standard/05/45/54534.html">A.14.1.3</reference>
            <reference href="https://www.iso.org/contents/data/standard/05/45/54534.html">A.14.2.2</reference>
            <reference href="https://www.iso.org/contents/data/standard/05/45/54534.html">A.14.2.3</reference>
            <reference href="https://www.iso.org/contents/data/standard/05/45/54534.html">A.14.2.4</reference>
            <reference href="https://www.iso.org/contents/data/standard/05/45/54534.html">A.17.2.1</reference>
            <reference href="https://www.iso.org/contents/data/standard/05/45/54534.html">A.6.1.2</reference>
            <reference href="https://www.iso.org/contents/data/standard/05/45/54534.html">A.7.1.1</reference>
            <reference href="https://www.iso.org/contents/data/standard/05/45/54534.html">A.7.1.2</reference>
            <reference href="https://www.iso.org/contents/data/standard/05/45/54534.html">A.7.3.1</reference>
            <reference href="https://www.iso.org/contents/data/standard/05/45/54534.html">A.8.2.2</reference>
            <reference href="https://www.iso.org/contents/data/standard/05/45/54534.html">A.8.2.3</reference>
            <reference href="https://www.iso.org/contents/data/standard/05/45/54534.html">A.9.1.1</reference>
            <reference href="https://www.iso.org/contents/data/standard/05/45/54534.html">A.9.1.2</reference>
            <reference href="https://www.iso.org/contents/data/standard/05/45/54534.html">A.9.2.3</reference>
            <reference href="https://www.iso.org/contents/data/standard/05/45/54534.html">A.9.4.1</reference>
            <reference href="https://www.iso.org/contents/data/standard/05/45/54534.html">A.9.4.4</reference>
            <reference href="https://www.iso.org/contents/data/standard/05/45/54534.html">A.9.4.5</reference>
            <reference href="http://nvlpubs.nist.gov/nistpubs/SpecialPublications/NIST.SP.800-53r4.pdf">CM-7(a)</reference>
            <reference href="http://nvlpubs.nist.gov/nistpubs/SpecialPublications/NIST.SP.800-53r4.pdf">CM-7(b)</reference>
            <reference href="http://nvlpubs.nist.gov/nistpubs/SpecialPublications/NIST.SP.800-53r4.pdf">CM-6(a)</reference>
            <reference href="http://nvlpubs.nist.gov/nistpubs/SpecialPublications/NIST.SP.800-53r4.pdf">SC-7(a)</reference>
            <reference href="https://nvlpubs.nist.gov/nistpubs/CSWP/NIST.CSWP.04162018.pdf">DE.AE-1</reference>
            <reference href="https://nvlpubs.nist.gov/nistpubs/CSWP/NIST.CSWP.04162018.pdf">DE.CM-1</reference>
            <reference href="https://nvlpubs.nist.gov/nistpubs/CSWP/NIST.CSWP.04162018.pdf">ID.AM-3</reference>
            <reference href="https://nvlpubs.nist.gov/nistpubs/CSWP/NIST.CSWP.04162018.pdf">PR.AC-5</reference>
            <reference href="https://nvlpubs.nist.gov/nistpubs/CSWP/NIST.CSWP.04162018.pdf">PR.DS-4</reference>
            <reference href="https://nvlpubs.nist.gov/nistpubs/CSWP/NIST.CSWP.04162018.pdf">PR.DS-5</reference>
            <reference href="https://nvlpubs.nist.gov/nistpubs/CSWP/NIST.CSWP.04162018.pdf">PR.IP-1</reference>
            <reference href="https://nvlpubs.nist.gov/nistpubs/CSWP/NIST.CSWP.04162018.pdf">PR.PT-3</reference>
            <reference href="https://nvlpubs.nist.gov/nistpubs/CSWP/NIST.CSWP.04162018.pdf">PR.PT-4</reference>
            <reference href="https://www.pcisecuritystandards.org/documents/PCI_DSS_v3-2-1.pdf">Req-1.4.3</reference>
            <reference href="https://www.cyber.mil/stigs/downloads/?_dl_facet_stigs=operating-systems%2Cgeneral-purpose-os">SRG-OS-000480-GPOS-00227</reference>
            <reference href="https://www.cisecurity.org/benchmark/suse_linux/">3.3.3</reference>
            <reference href="https://cyber.gouv.fr/sites/default/files/document/linux_configuration-en-v2.pdf">R12</reference>
            <reference href="not_publicly_available">SLES-15-450450090</reference>
            <reference href="https://docs-prv.pcisecuritystandards.org/PCI%20DSS/Standard/PCI-DSS-v4_0.pdf">1.4.3</reference>
            <reference href="https://docs-prv.pcisecuritystandards.org/PCI%20DSS/Standard/PCI-DSS-v4_0.pdf">1.4</reference>
            <rationale xmlns:xhtml="http://www.w3.org/1999/xhtml" xml:lang="en-US">Accepting "secure" ICMP redirects (from those gateways listed as
default gateways) has few legitimate uses. It should be disabled unless it is
absolutely required.</rationale>
            <ident system="https://ncp.nist.gov/cce">CCE-91220-4</ident>
            <fix xmlns:xhtml="http://www.w3.org/1999/xhtml" id="sysctl_net_ipv4_conf_all_secure_redirects" system="urn:xccdf:fix:script:sh" reboot="true" complexity="low" disruption="medium" strategy="disable"># Remediation is applicable only in certain platforms
if rpm --quiet -q kernel-default || rpm --quiet -q kernel-default-base; then

# Comment out any occurrences of net.ipv4.conf.all.secure_redirects from /etc/sysctl.d/*.conf files

for f in /etc/sysctl.d/*.conf /run/sysctl.d/*.conf /usr/local/lib/sysctl.d/*.conf /lib/sysctl.d/*.conf; do


  # skip systemd-sysctl symlink (/etc/sysctl.d/99-sysctl.conf -&gt; /etc/sysctl.conf)
  if [[ "$(readlink -f "$f")" == "/etc/sysctl.conf" ]]; then continue; fi

  matching_list=$(grep -P '^(?!#).*[\s]*net.ipv4.conf.all.secure_redirects.*$' $f | uniq )
  if ! test -z "$matching_list"; then
    while IFS= read -r entry; do
      escaped_entry=$(sed -e 's|/|\\/|g' &lt;&lt;&lt; "$entry")
      # comment out "net.ipv4.conf.all.secure_redirects" matches to preserve user data
      sed -i --follow-symlinks "s/^${escaped_entry}$/# &amp;/g" $f
    done &lt;&lt;&lt; "$matching_list"
  fi
done

#
# Set sysctl config file which to save the desired value
#

SYSCONFIG_FILE='/etc/sysctl.d/net_ipv4_conf_all_secure_redirects.conf'

sysctl_net_ipv4_conf_all_secure_redirects_value='<xccdf-1.2:sub xmlns:xccdf-1.2="http://checklists.nist.gov/xccdf/1.2" idref="xccdf_org.ssgproject.content_value_sysctl_net_ipv4_conf_all_secure_redirects_value" use="legacy"/>'


#
# Set runtime for net.ipv4.conf.all.secure_redirects
#
if ! { rpm --quiet -q kernel rpm-ostree bootc &amp;&amp; ! rpm --quiet -q openshift-kubelet &amp;&amp; { [ -f "/run/.containerenv" ] || [ -f "/.containerenv" ]; }; } ; then
    /sbin/sysctl -q -n -w net.ipv4.conf.all.secure_redirects="$sysctl_net_ipv4_conf_all_secure_redirects_value"
fi

#
# If net.ipv4.conf.all.secure_redirects present in /etc/sysctl.conf, change value to appropriate value
#	else, add "net.ipv4.conf.all.secure_redirects = value" to /etc/sysctl.conf
#

sed -i "/^$SYSCONFIG_VAR/d" /etc/sysctl.conf

# Strip any search characters in the key arg so that the key can be replaced without
# adding any search characters to the config file.
stripped_key=$(sed 's/[\^=\$,;+]*//g' &lt;&lt;&lt; "^net.ipv4.conf.all.secure_redirects")

# shellcheck disable=SC2059
printf -v formatted_output "%s = %s" "$stripped_key" "$sysctl_net_ipv4_conf_all_secure_redirects_value"

# If the key exists, change it. Otherwise, add it to the config_file.
# We search for the key string followed by a word boundary (matched by \&gt;),
# so if we search for 'setting', 'setting2' won't match.
if LC_ALL=C grep -q -m 1 -i -e "^net.ipv4.conf.all.secure_redirects\\&gt;" "${SYSCONFIG_FILE}"; then
    escaped_formatted_output=$(sed -e 's|/|\\/|g' &lt;&lt;&lt; "$formatted_output")
    LC_ALL=C sed -i --follow-symlinks "s/^net.ipv4.conf.all.secure_redirects\\&gt;.*/$escaped_formatted_output/gi" "${SYSCONFIG_FILE}"
else
    if [[ -s "${SYSCONFIG_FILE}" ]] &amp;&amp; [[ -n "$(tail -c 1 -- "${SYSCONFIG_FILE}" || true)" ]]; then
        LC_ALL=C sed -i --follow-symlinks '$a'\\ "${SYSCONFIG_FILE}"
    fi
    cce="CCE-91220-4"
    printf '# Per %s: Set %s in %s\n' "${cce}" "${formatted_output}" "${SYSCONFIG_FILE}" &gt;&gt; "${SYSCONFIG_FILE}"
    printf '%s\n' "$formatted_output" &gt;&gt; "${SYSCONFIG_FILE}"
fi

else
    &gt;&amp;2 echo 'Remediation is not applicable, nothing was done'
fi
</fix>
            <fix xmlns:xhtml="http://www.w3.org/1999/xhtml" id="sysctl_net_ipv4_conf_all_secure_redirects" system="urn:xccdf:fix:script:ansible" reboot="true" complexity="low" disruption="medium" strategy="disable">- name: Gather the package facts
  package_facts:
    manager: auto
  tags:
  - CCE-91220-4
  - NIST-800-171-3.1.20
  - NIST-800-53-CM-6(a)
  - NIST-800-53-CM-7(a)
  - NIST-800-53-CM-7(b)
  - NIST-800-53-SC-7(a)
  - PCI-DSS-Req-1.4.3
  - PCI-DSSv4-1.4
  - PCI-DSSv4-1.4.3
  - disable_strategy
  - low_complexity
  - medium_disruption
  - medium_severity
  - reboot_required
  - sysctl_net_ipv4_conf_all_secure_redirects
- name: XCCDF Value sysctl_net_ipv4_conf_all_secure_redirects_value # promote to variable
  set_fact:
    sysctl_net_ipv4_conf_all_secure_redirects_value: !!str <xccdf-1.2:sub xmlns:xccdf-1.2="http://checklists.nist.gov/xccdf/1.2" idref="xccdf_org.ssgproject.content_value_sysctl_net_ipv4_conf_all_secure_redirects_value" use="legacy"/>
  tags:
    - always

- name: Disable Kernel Parameter for Accepting Secure ICMP Redirects on all IPv4 Interfaces
    - Set fact for sysctl paths
  ansible.builtin.set_fact:
    sysctl_paths:
    - /run/sysctl.d/
    - /etc/sysctl.d/
    - /usr/local/lib/sysctl.d/
    - /lib/sysctl.d/
  when: ("kernel-default" in ansible_facts.packages or "kernel-default-base" in ansible_facts.packages)
  tags:
  - CCE-91220-4
  - NIST-800-171-3.1.20
  - NIST-800-53-CM-6(a)
  - NIST-800-53-CM-7(a)
  - NIST-800-53-CM-7(b)
  - NIST-800-53-SC-7(a)
  - PCI-DSS-Req-1.4.3
  - PCI-DSSv4-1.4
  - PCI-DSSv4-1.4.3
  - disable_strategy
  - low_complexity
  - medium_disruption
  - medium_severity
  - reboot_required
  - sysctl_net_ipv4_conf_all_secure_redirects

- name: Disable Kernel Parameter for Accepting Secure ICMP Redirects on all IPv4 Interfaces
    - Find all files that contain net.ipv4.conf.all.secure_redirects
  ansible.builtin.shell:
    cmd: find -L {{ sysctl_paths | join(" ") }} -type f -name '*.conf' | xargs grep
      -HP '^\s*net.ipv4.conf.all.secure_redirects\s*=\s*.*$'
  register: find_all_values
  check_mode: false
  changed_when: false
  failed_when: false
  when: ("kernel-default" in ansible_facts.packages or "kernel-default-base" in ansible_facts.packages)
  tags:
  - CCE-91220-4
  - NIST-800-171-3.1.20
  - NIST-800-53-CM-6(a)
  - NIST-800-53-CM-7(a)
  - NIST-800-53-CM-7(b)
  - NIST-800-53-SC-7(a)
  - PCI-DSS-Req-1.4.3
  - PCI-DSSv4-1.4
  - PCI-DSSv4-1.4.3
  - disable_strategy
  - low_complexity
  - medium_disruption
  - medium_severity
  - reboot_required
  - sysctl_net_ipv4_conf_all_secure_redirects

- name: Disable Kernel Parameter for Accepting Secure ICMP Redirects on all IPv4 Interfaces
    - Find all files that set net.ipv4.conf.all.secure_redirects to correct value
  ansible.builtin.shell:
    cmd: find -L {{ sysctl_paths | join(" ") }} -type f -name '*.conf' | xargs grep
      -HP '^\s*net.ipv4.conf.all.secure_redirects\s*=\s*{{ sysctl_net_ipv4_conf_all_secure_redirects_value
      }}$'
  register: find_correct_value
  check_mode: false
  changed_when: false
  failed_when: false
  when: ("kernel-default" in ansible_facts.packages or "kernel-default-base" in ansible_facts.packages)
  tags:
  - CCE-91220-4
  - NIST-800-171-3.1.20
  - NIST-800-53-CM-6(a)
  - NIST-800-53-CM-7(a)
  - NIST-800-53-CM-7(b)
  - NIST-800-53-SC-7(a)
  - PCI-DSS-Req-1.4.3
  - PCI-DSSv4-1.4
  - PCI-DSSv4-1.4.3
  - disable_strategy
  - low_complexity
  - medium_disruption
  - medium_severity
  - reboot_required
  - sysctl_net_ipv4_conf_all_secure_redirects

- name: Disable Kernel Parameter for Accepting Secure ICMP Redirects on all IPv4 Interfaces
    - Comment out any occurrences of net.ipv4.conf.all.secure_redirects from config
    files
  ansible.builtin.replace:
    path: '{{ item | split(":") | first }}'
    regexp: ^[\s]*net.ipv4.conf.all.secure_redirects
    replace: '#net.ipv4.conf.all.secure_redirects'
  loop: '{{ find_all_values.stdout_lines }}'
  when:
  - ("kernel-default" in ansible_facts.packages or "kernel-default-base" in ansible_facts.packages)
  - find_correct_value.stdout_lines | length == 0 or find_all_values.stdout_lines
    | length &gt; find_correct_value.stdout_lines | length
  tags:
  - CCE-91220-4
  - NIST-800-171-3.1.20
  - NIST-800-53-CM-6(a)
  - NIST-800-53-CM-7(a)
  - NIST-800-53-CM-7(b)
  - NIST-800-53-SC-7(a)
  - PCI-DSS-Req-1.4.3
  - PCI-DSSv4-1.4
  - PCI-DSSv4-1.4.3
  - disable_strategy
  - low_complexity
  - medium_disruption
  - medium_severity
  - reboot_required
  - sysctl_net_ipv4_conf_all_secure_redirects

- name: Disable Kernel Parameter for Accepting Secure ICMP Redirects on all IPv4 Interfaces
    - Comment out any occurrences of net.ipv4.conf.all.secure_redirects from /etc/sysctl.conf
  ansible.builtin.replace:
    path: /etc/sysctl.conf
    regexp: ^[\s]*net.ipv4.conf.all.secure_redirects
    replace: '#net.ipv4.conf.all.secure_redirects'
  when: ("kernel-default" in ansible_facts.packages or "kernel-default-base" in ansible_facts.packages)
  tags:
  - CCE-91220-4
  - NIST-800-171-3.1.20
  - NIST-800-53-CM-6(a)
  - NIST-800-53-CM-7(a)
  - NIST-800-53-CM-7(b)
  - NIST-800-53-SC-7(a)
  - PCI-DSS-Req-1.4.3
  - PCI-DSSv4-1.4
  - PCI-DSSv4-1.4.3
  - disable_strategy
  - low_complexity
  - medium_disruption
  - medium_severity
  - reboot_required
  - sysctl_net_ipv4_conf_all_secure_redirects

- name: Disable Kernel Parameter for Accepting Secure ICMP Redirects on all IPv4 Interfaces
    - Ensure sysctl net.ipv4.conf.all.secure_redirects is set
  ansible.posix.sysctl:
    name: net.ipv4.conf.all.secure_redirects
    value: '{{ sysctl_net_ipv4_conf_all_secure_redirects_value }}'
    sysctl_file: /etc/sysctl.d/net_ipv4_conf_all_secure_redirects.conf
    state: present
    reload: true
  when: ("kernel-default" in ansible_facts.packages or "kernel-default-base" in ansible_facts.packages)
  tags:
  - CCE-91220-4
  - NIST-800-171-3.1.20
  - NIST-800-53-CM-6(a)
  - NIST-800-53-CM-7(a)
  - NIST-800-53-CM-7(b)
  - NIST-800-53-SC-7(a)
  - PCI-DSS-Req-1.4.3
  - PCI-DSSv4-1.4
  - PCI-DSSv4-1.4.3
  - disable_strategy
  - low_complexity
  - medium_disruption
  - medium_severity
  - reboot_required
  - sysctl_net_ipv4_conf_all_secure_redirects
</fix>
            <check system="http://open-scap.org/page/SCE">
              <check-import import-name="stdout">
                  </check-import>
              <check-export export-name="sysctl_net_ipv4_conf_all_secure_redirects_value" value-id="xccdf_org.ssgproject.content_value_sysctl_net_ipv4_conf_all_secure_redirects_value"/>
              <check-content-ref href="sle15/checks/sce/sysctl_net_ipv4_conf_all_secure_redirects.sh"/>
            </check>
            <check system="http://oval.mitre.org/XMLSchema/oval-definitions-5">
              <check-export export-name="oval:ssg-sysctl_net_ipv4_conf_all_secure_redirects_value:var:1" value-id="xccdf_org.ssgproject.content_value_sysctl_net_ipv4_conf_all_secure_redirects_value"/>
              <check-content-ref name="oval:ssg-sysctl_net_ipv4_conf_all_secure_redirects:def:1" href="ssg-sle15-oval.xml"/>
            </check>
            <check system="http://scap.nist.gov/schema/ocil/2">
              <check-content-ref name="ocil:ssg-sysctl_net_ipv4_conf_all_secure_redirects_ocil:questionnaire:1" href="ssg-sle15-ocil.xml"/>
            </check>
          </Rule>
          <Rule id="xccdf_org.ssgproject.content_rule_sysctl_net_ipv4_conf_all_shared_media" selected="false" role="full" severity="medium">
            <title xmlns:xhtml="http://www.w3.org/1999/xhtml" xml:lang="en-US">Configure Sending and Accepting Shared Media Redirects for All IPv4 Interfaces</title>
            <description xmlns:xhtml="http://www.w3.org/1999/xhtml" xml:lang="en-US">To set the runtime status of the <html:code xmlns:html="http://www.w3.org/1999/xhtml">net.ipv4.conf.all.shared_media</html:code> kernel parameter, run the following command: <html:pre xmlns:html="http://www.w3.org/1999/xhtml" xmlns:xccdf-1.2="http://checklists.nist.gov/xccdf/1.2">$ sudo sysctl -w net.ipv4.conf.all.shared_media=<xccdf-1.2:sub idref="xccdf_org.ssgproject.content_value_sysctl_net_ipv4_conf_all_shared_media_value" use="legacy"/>
         </html:pre>
To make sure that the setting is persistent, add the following line to a file in the directory <html:code xmlns:html="http://www.w3.org/1999/xhtml">/etc/sysctl.d</html:code>: <html:pre xmlns:html="http://www.w3.org/1999/xhtml" xmlns:xccdf-1.2="http://checklists.nist.gov/xccdf/1.2">net.ipv4.conf.all.shared_media = <xccdf-1.2:sub idref="xccdf_org.ssgproject.content_value_sysctl_net_ipv4_conf_all_shared_media_value" use="legacy"/>
         </html:pre>
        </description>
            <reference href="https://cyber.gouv.fr/sites/default/files/document/linux_configuration-en-v2.pdf">R12</reference>
            <rationale xmlns:xhtml="http://www.w3.org/1999/xhtml" xml:lang="en-US">This setting should be aligned with <html:code xmlns:html="http://www.w3.org/1999/xhtml">net.ipv4.conf.all.secure_redirects</html:code> because it overrides it.
If <html:code xmlns:html="http://www.w3.org/1999/xhtml">shared_media</html:code> is enabled for an interface <html:code xmlns:html="http://www.w3.org/1999/xhtml">secure_redirects</html:code> will be enabled too.</rationale>
            <fix xmlns:xhtml="http://www.w3.org/1999/xhtml" id="sysctl_net_ipv4_conf_all_shared_media" system="urn:xccdf:fix:script:sh" reboot="true" complexity="low" disruption="medium" strategy="disable"># Remediation is applicable only in certain platforms
if rpm --quiet -q kernel-default || rpm --quiet -q kernel-default-base; then

# Comment out any occurrences of net.ipv4.conf.all.shared_media from /etc/sysctl.d/*.conf files

for f in /etc/sysctl.d/*.conf /run/sysctl.d/*.conf /usr/local/lib/sysctl.d/*.conf /lib/sysctl.d/*.conf; do


  # skip systemd-sysctl symlink (/etc/sysctl.d/99-sysctl.conf -&gt; /etc/sysctl.conf)
  if [[ "$(readlink -f "$f")" == "/etc/sysctl.conf" ]]; then continue; fi

  matching_list=$(grep -P '^(?!#).*[\s]*net.ipv4.conf.all.shared_media.*$' $f | uniq )
  if ! test -z "$matching_list"; then
    while IFS= read -r entry; do
      escaped_entry=$(sed -e 's|/|\\/|g' &lt;&lt;&lt; "$entry")
      # comment out "net.ipv4.conf.all.shared_media" matches to preserve user data
      sed -i --follow-symlinks "s/^${escaped_entry}$/# &amp;/g" $f
    done &lt;&lt;&lt; "$matching_list"
  fi
done

#
# Set sysctl config file which to save the desired value
#

SYSCONFIG_FILE='/etc/sysctl.d/net_ipv4_conf_all_shared_media.conf'

sysctl_net_ipv4_conf_all_shared_media_value='<xccdf-1.2:sub xmlns:xccdf-1.2="http://checklists.nist.gov/xccdf/1.2" idref="xccdf_org.ssgproject.content_value_sysctl_net_ipv4_conf_all_shared_media_value" use="legacy"/>'


#
# Set runtime for net.ipv4.conf.all.shared_media
#
if ! { rpm --quiet -q kernel rpm-ostree bootc &amp;&amp; ! rpm --quiet -q openshift-kubelet &amp;&amp; { [ -f "/run/.containerenv" ] || [ -f "/.containerenv" ]; }; } ; then
    /sbin/sysctl -q -n -w net.ipv4.conf.all.shared_media="$sysctl_net_ipv4_conf_all_shared_media_value"
fi

#
# If net.ipv4.conf.all.shared_media present in /etc/sysctl.conf, change value to appropriate value
#	else, add "net.ipv4.conf.all.shared_media = value" to /etc/sysctl.conf
#

sed -i "/^$SYSCONFIG_VAR/d" /etc/sysctl.conf

# Strip any search characters in the key arg so that the key can be replaced without
# adding any search characters to the config file.
stripped_key=$(sed 's/[\^=\$,;+]*//g' &lt;&lt;&lt; "^net.ipv4.conf.all.shared_media")

# shellcheck disable=SC2059
printf -v formatted_output "%s = %s" "$stripped_key" "$sysctl_net_ipv4_conf_all_shared_media_value"

# If the key exists, change it. Otherwise, add it to the config_file.
# We search for the key string followed by a word boundary (matched by \&gt;),
# so if we search for 'setting', 'setting2' won't match.
if LC_ALL=C grep -q -m 1 -i -e "^net.ipv4.conf.all.shared_media\\&gt;" "${SYSCONFIG_FILE}"; then
    escaped_formatted_output=$(sed -e 's|/|\\/|g' &lt;&lt;&lt; "$formatted_output")
    LC_ALL=C sed -i --follow-symlinks "s/^net.ipv4.conf.all.shared_media\\&gt;.*/$escaped_formatted_output/gi" "${SYSCONFIG_FILE}"
else
    if [[ -s "${SYSCONFIG_FILE}" ]] &amp;&amp; [[ -n "$(tail -c 1 -- "${SYSCONFIG_FILE}" || true)" ]]; then
        LC_ALL=C sed -i --follow-symlinks '$a'\\ "${SYSCONFIG_FILE}"
    fi
    printf '%s\n' "$formatted_output" &gt;&gt; "${SYSCONFIG_FILE}"
fi

else
    &gt;&amp;2 echo 'Remediation is not applicable, nothing was done'
fi
</fix>
            <fix xmlns:xhtml="http://www.w3.org/1999/xhtml" id="sysctl_net_ipv4_conf_all_shared_media" system="urn:xccdf:fix:script:ansible" reboot="true" complexity="low" disruption="medium" strategy="disable">- name: Gather the package facts
  package_facts:
    manager: auto
  tags:
  - disable_strategy
  - low_complexity
  - medium_disruption
  - medium_severity
  - reboot_required
  - sysctl_net_ipv4_conf_all_shared_media
- name: XCCDF Value sysctl_net_ipv4_conf_all_shared_media_value # promote to variable
  set_fact:
    sysctl_net_ipv4_conf_all_shared_media_value: !!str <xccdf-1.2:sub xmlns:xccdf-1.2="http://checklists.nist.gov/xccdf/1.2" idref="xccdf_org.ssgproject.content_value_sysctl_net_ipv4_conf_all_shared_media_value" use="legacy"/>
  tags:
    - always

- name: Configure Sending and Accepting Shared Media Redirects for All IPv4 Interfaces
    - Set fact for sysctl paths
  ansible.builtin.set_fact:
    sysctl_paths:
    - /run/sysctl.d/
    - /etc/sysctl.d/
    - /usr/local/lib/sysctl.d/
    - /lib/sysctl.d/
  when: ("kernel-default" in ansible_facts.packages or "kernel-default-base" in ansible_facts.packages)
  tags:
  - disable_strategy
  - low_complexity
  - medium_disruption
  - medium_severity
  - reboot_required
  - sysctl_net_ipv4_conf_all_shared_media

- name: Configure Sending and Accepting Shared Media Redirects for All IPv4 Interfaces
    - Find all files that contain net.ipv4.conf.all.shared_media
  ansible.builtin.shell:
    cmd: find -L {{ sysctl_paths | join(" ") }} -type f -name '*.conf' | xargs grep
      -HP '^\s*net.ipv4.conf.all.shared_media\s*=\s*.*$'
  register: find_all_values
  check_mode: false
  changed_when: false
  failed_when: false
  when: ("kernel-default" in ansible_facts.packages or "kernel-default-base" in ansible_facts.packages)
  tags:
  - disable_strategy
  - low_complexity
  - medium_disruption
  - medium_severity
  - reboot_required
  - sysctl_net_ipv4_conf_all_shared_media

- name: Configure Sending and Accepting Shared Media Redirects for All IPv4 Interfaces
    - Find all files that set net.ipv4.conf.all.shared_media to correct value
  ansible.builtin.shell:
    cmd: find -L {{ sysctl_paths | join(" ") }} -type f -name '*.conf' | xargs grep
      -HP '^\s*net.ipv4.conf.all.shared_media\s*=\s*{{ sysctl_net_ipv4_conf_all_shared_media_value
      }}$'
  register: find_correct_value
  check_mode: false
  changed_when: false
  failed_when: false
  when: ("kernel-default" in ansible_facts.packages or "kernel-default-base" in ansible_facts.packages)
  tags:
  - disable_strategy
  - low_complexity
  - medium_disruption
  - medium_severity
  - reboot_required
  - sysctl_net_ipv4_conf_all_shared_media

- name: Configure Sending and Accepting Shared Media Redirects for All IPv4 Interfaces
    - Comment out any occurrences of net.ipv4.conf.all.shared_media from config files
  ansible.builtin.replace:
    path: '{{ item | split(":") | first }}'
    regexp: ^[\s]*net.ipv4.conf.all.shared_media
    replace: '#net.ipv4.conf.all.shared_media'
  loop: '{{ find_all_values.stdout_lines }}'
  when:
  - ("kernel-default" in ansible_facts.packages or "kernel-default-base" in ansible_facts.packages)
  - find_correct_value.stdout_lines | length == 0 or find_all_values.stdout_lines
    | length &gt; find_correct_value.stdout_lines | length
  tags:
  - disable_strategy
  - low_complexity
  - medium_disruption
  - medium_severity
  - reboot_required
  - sysctl_net_ipv4_conf_all_shared_media

- name: Configure Sending and Accepting Shared Media Redirects for All IPv4 Interfaces
    - Comment out any occurrences of net.ipv4.conf.all.shared_media from /etc/sysctl.conf
  ansible.builtin.replace:
    path: /etc/sysctl.conf
    regexp: ^[\s]*net.ipv4.conf.all.shared_media
    replace: '#net.ipv4.conf.all.shared_media'
  when: ("kernel-default" in ansible_facts.packages or "kernel-default-base" in ansible_facts.packages)
  tags:
  - disable_strategy
  - low_complexity
  - medium_disruption
  - medium_severity
  - reboot_required
  - sysctl_net_ipv4_conf_all_shared_media

- name: Configure Sending and Accepting Shared Media Redirects for All IPv4 Interfaces
    - Ensure sysctl net.ipv4.conf.all.shared_media is set
  ansible.posix.sysctl:
    name: net.ipv4.conf.all.shared_media
    value: '{{ sysctl_net_ipv4_conf_all_shared_media_value }}'
    sysctl_file: /etc/sysctl.d/net_ipv4_conf_all_shared_media.conf
    state: present
    reload: true
  when: ("kernel-default" in ansible_facts.packages or "kernel-default-base" in ansible_facts.packages)
  tags:
  - disable_strategy
  - low_complexity
  - medium_disruption
  - medium_severity
  - reboot_required
  - sysctl_net_ipv4_conf_all_shared_media
</fix>
            <check system="http://open-scap.org/page/SCE">
              <check-import import-name="stdout">
                  </check-import>
              <check-export export-name="sysctl_net_ipv4_conf_all_shared_media_value" value-id="xccdf_org.ssgproject.content_value_sysctl_net_ipv4_conf_all_shared_media_value"/>
              <check-content-ref href="sle15/checks/sce/sysctl_net_ipv4_conf_all_shared_media.sh"/>
            </check>
            <check system="http://oval.mitre.org/XMLSchema/oval-definitions-5">
              <check-export export-name="oval:ssg-sysctl_net_ipv4_conf_all_shared_media_value:var:1" value-id="xccdf_org.ssgproject.content_value_sysctl_net_ipv4_conf_all_shared_media_value"/>
              <check-content-ref name="oval:ssg-sysctl_net_ipv4_conf_all_shared_media:def:1" href="ssg-sle15-oval.xml"/>
            </check>
            <check system="http://scap.nist.gov/schema/ocil/2">
              <check-content-ref name="ocil:ssg-sysctl_net_ipv4_conf_all_shared_media_ocil:questionnaire:1" href="ssg-sle15-ocil.xml"/>
            </check>
          </Rule>
          <Rule id="xccdf_org.ssgproject.content_rule_sysctl_net_ipv4_conf_default_accept_redirects" selected="false" role="full" severity="medium">
            <title xmlns:xhtml="http://www.w3.org/1999/xhtml" xml:lang="en-US">Disable Kernel Parameter for Accepting ICMP Redirects by Default on IPv4 Interfaces</title>
            <description xmlns:xhtml="http://www.w3.org/1999/xhtml" xml:lang="en-US">To set the runtime status of the <html:code xmlns:html="http://www.w3.org/1999/xhtml">net.ipv4.conf.default.accept_redirects</html:code> kernel parameter, run the following command: <html:pre xmlns:html="http://www.w3.org/1999/xhtml">$ sudo sysctl -w net.ipv4.conf.default.accept_redirects=0</html:pre>
To make sure that the setting is persistent, add the following line to a file in the directory <html:code xmlns:html="http://www.w3.org/1999/xhtml">/etc/sysctl.d</html:code>: <html:pre xmlns:html="http://www.w3.org/1999/xhtml">net.ipv4.conf.default.accept_redirects = 0</html:pre>
        </description>
            <reference href="https://www.cisecurity.org/controls/">1</reference>
            <reference href="https://www.cisecurity.org/controls/">11</reference>
            <reference href="https://www.cisecurity.org/controls/">12</reference>
            <reference href="https://www.cisecurity.org/controls/">13</reference>
            <reference href="https://www.cisecurity.org/controls/">14</reference>
            <reference href="https://www.cisecurity.org/controls/">15</reference>
            <reference href="https://www.cisecurity.org/controls/">16</reference>
            <reference href="https://www.cisecurity.org/controls/">18</reference>
            <reference href="https://www.cisecurity.org/controls/">2</reference>
            <reference href="https://www.cisecurity.org/controls/">3</reference>
            <reference href="https://www.cisecurity.org/controls/">4</reference>
            <reference href="https://www.cisecurity.org/controls/">6</reference>
            <reference href="https://www.cisecurity.org/controls/">7</reference>
            <reference href="https://www.cisecurity.org/controls/">8</reference>
            <reference href="https://www.cisecurity.org/controls/">9</reference>
            <reference href="https://www.fbi.gov/file-repository/cjis-security-policy-v5_5_20160601-2-1.pdf">5.10.1.1</reference>
            <reference href="https://www.isaca.org/resources/cobit">APO01.06</reference>
            <reference href="https://www.isaca.org/resources/cobit">APO13.01</reference>
            <reference href="https://www.isaca.org/resources/cobit">BAI04.04</reference>
            <reference href="https://www.isaca.org/resources/cobit">BAI10.01</reference>
            <reference href="https://www.isaca.org/resources/cobit">BAI10.02</reference>
            <reference href="https://www.isaca.org/resources/cobit">BAI10.03</reference>
            <reference href="https://www.isaca.org/resources/cobit">BAI10.05</reference>
            <reference href="https://www.isaca.org/resources/cobit">DSS01.03</reference>
            <reference href="https://www.isaca.org/resources/cobit">DSS01.05</reference>
            <reference href="https://www.isaca.org/resources/cobit">DSS03.01</reference>
            <reference href="https://www.isaca.org/resources/cobit">DSS03.05</reference>
            <reference href="https://www.isaca.org/resources/cobit">DSS05.02</reference>
            <reference href="https://www.isaca.org/resources/cobit">DSS05.04</reference>
            <reference href="https://www.isaca.org/resources/cobit">DSS05.05</reference>
            <reference href="https://www.isaca.org/resources/cobit">DSS05.07</reference>
            <reference href="https://www.isaca.org/resources/cobit">DSS06.02</reference>
            <reference href="https://www.isaca.org/resources/cobit">DSS06.06</reference>
            <reference href="http://nvlpubs.nist.gov/nistpubs/SpecialPublications/NIST.SP.800-171.pdf">3.1.20</reference>
            <reference href="https://www.isa.org/products/isa-62443-2-1-2009-security-for-industrial-automat">4.2.3.4</reference>
            <reference href="https://www.isa.org/products/isa-62443-2-1-2009-security-for-industrial-automat">4.3.3.4</reference>
            <reference href="https://www.isa.org/products/isa-62443-2-1-2009-security-for-industrial-automat">4.3.3.5.1</reference>
            <reference href="https://www.isa.org/products/isa-62443-2-1-2009-security-for-industrial-automat">4.3.3.5.2</reference>
            <reference href="https://www.isa.org/products/isa-62443-2-1-2009-security-for-industrial-automat">4.3.3.5.3</reference>
            <reference href="https://www.isa.org/products/isa-62443-2-1-2009-security-for-industrial-automat">4.3.3.5.4</reference>
            <reference href="https://www.isa.org/products/isa-62443-2-1-2009-security-for-industrial-automat">4.3.3.5.5</reference>
            <reference href="https://www.isa.org/products/isa-62443-2-1-2009-security-for-industrial-automat">4.3.3.5.6</reference>
            <reference href="https://www.isa.org/products/isa-62443-2-1-2009-security-for-industrial-automat">4.3.3.5.7</reference>
            <reference href="https://www.isa.org/products/isa-62443-2-1-2009-security-for-industrial-automat">4.3.3.5.8</reference>
            <reference href="https://www.isa.org/products/isa-62443-2-1-2009-security-for-industrial-automat">4.3.3.6.1</reference>
            <reference href="https://www.isa.org/products/isa-62443-2-1-2009-security-for-industrial-automat">4.3.3.6.2</reference>
            <reference href="https://www.isa.org/products/isa-62443-2-1-2009-security-for-industrial-automat">4.3.3.6.3</reference>
            <reference href="https://www.isa.org/products/isa-62443-2-1-2009-security-for-industrial-automat">4.3.3.6.4</reference>
            <reference href="https://www.isa.org/products/isa-62443-2-1-2009-security-for-industrial-automat">4.3.3.6.5</reference>
            <reference href="https://www.isa.org/products/isa-62443-2-1-2009-security-for-industrial-automat">4.3.3.6.6</reference>
            <reference href="https://www.isa.org/products/isa-62443-2-1-2009-security-for-industrial-automat">4.3.3.6.7</reference>
            <reference href="https://www.isa.org/products/isa-62443-2-1-2009-security-for-industrial-automat">4.3.3.6.8</reference>
            <reference href="https://www.isa.org/products/isa-62443-2-1-2009-security-for-industrial-automat">4.3.3.6.9</reference>
            <reference href="https://www.isa.org/products/isa-62443-2-1-2009-security-for-industrial-automat">4.3.3.7.1</reference>
            <reference href="https://www.isa.org/products/isa-62443-2-1-2009-security-for-industrial-automat">4.3.3.7.2</reference>
            <reference href="https://www.isa.org/products/isa-62443-2-1-2009-security-for-industrial-automat">4.3.3.7.3</reference>
            <reference href="https://www.isa.org/products/isa-62443-2-1-2009-security-for-industrial-automat">4.3.3.7.4</reference>
            <reference href="https://www.isa.org/products/isa-62443-2-1-2009-security-for-industrial-automat">4.3.4.3.2</reference>
            <reference href="https://www.isa.org/products/isa-62443-2-1-2009-security-for-industrial-automat">4.3.4.3.3</reference>
            <reference href="https://www.isa.org/products/isa-62443-2-1-2009-security-for-industrial-automat">4.4.3.3</reference>
            <reference href="https://www.isa.org/products/ansi-isa-62443-3-3-99-03-03-2013-security-for-indu">SR 1.1</reference>
            <reference href="https://www.isa.org/products/ansi-isa-62443-3-3-99-03-03-2013-security-for-indu">SR 1.10</reference>
            <reference href="https://www.isa.org/products/ansi-isa-62443-3-3-99-03-03-2013-security-for-indu">SR 1.11</reference>
            <reference href="https://www.isa.org/products/ansi-isa-62443-3-3-99-03-03-2013-security-for-indu">SR 1.12</reference>
            <reference href="https://www.isa.org/products/ansi-isa-62443-3-3-99-03-03-2013-security-for-indu">SR 1.13</reference>
            <reference href="https://www.isa.org/products/ansi-isa-62443-3-3-99-03-03-2013-security-for-indu">SR 1.2</reference>
            <reference href="https://www.isa.org/products/ansi-isa-62443-3-3-99-03-03-2013-security-for-indu">SR 1.3</reference>
            <reference href="https://www.isa.org/products/ansi-isa-62443-3-3-99-03-03-2013-security-for-indu">SR 1.4</reference>
            <reference href="https://www.isa.org/products/ansi-isa-62443-3-3-99-03-03-2013-security-for-indu">SR 1.5</reference>
            <reference href="https://www.isa.org/products/ansi-isa-62443-3-3-99-03-03-2013-security-for-indu">SR 1.6</reference>
            <reference href="https://www.isa.org/products/ansi-isa-62443-3-3-99-03-03-2013-security-for-indu">SR 1.7</reference>
            <reference href="https://www.isa.org/products/ansi-isa-62443-3-3-99-03-03-2013-security-for-indu">SR 1.8</reference>
            <reference href="https://www.isa.org/products/ansi-isa-62443-3-3-99-03-03-2013-security-for-indu">SR 1.9</reference>
            <reference href="https://www.isa.org/products/ansi-isa-62443-3-3-99-03-03-2013-security-for-indu">SR 2.1</reference>
            <reference href="https://www.isa.org/products/ansi-isa-62443-3-3-99-03-03-2013-security-for-indu">SR 2.2</reference>
            <reference href="https://www.isa.org/products/ansi-isa-62443-3-3-99-03-03-2013-security-for-indu">SR 2.3</reference>
            <reference href="https://www.isa.org/products/ansi-isa-62443-3-3-99-03-03-2013-security-for-indu">SR 2.4</reference>
            <reference href="https://www.isa.org/products/ansi-isa-62443-3-3-99-03-03-2013-security-for-indu">SR 2.5</reference>
            <reference href="https://www.isa.org/products/ansi-isa-62443-3-3-99-03-03-2013-security-for-indu">SR 2.6</reference>
            <reference href="https://www.isa.org/products/ansi-isa-62443-3-3-99-03-03-2013-security-for-indu">SR 2.7</reference>
            <reference href="https://www.isa.org/products/ansi-isa-62443-3-3-99-03-03-2013-security-for-indu">SR 3.1</reference>
            <reference href="https://www.isa.org/products/ansi-isa-62443-3-3-99-03-03-2013-security-for-indu">SR 3.5</reference>
            <reference href="https://www.isa.org/products/ansi-isa-62443-3-3-99-03-03-2013-security-for-indu">SR 3.8</reference>
            <reference href="https://www.isa.org/products/ansi-isa-62443-3-3-99-03-03-2013-security-for-indu">SR 4.1</reference>
            <reference href="https://www.isa.org/products/ansi-isa-62443-3-3-99-03-03-2013-security-for-indu">SR 4.3</reference>
            <reference href="https://www.isa.org/products/ansi-isa-62443-3-3-99-03-03-2013-security-for-indu">SR 5.1</reference>
            <reference href="https://www.isa.org/products/ansi-isa-62443-3-3-99-03-03-2013-security-for-indu">SR 5.2</reference>
            <reference href="https://www.isa.org/products/ansi-isa-62443-3-3-99-03-03-2013-security-for-indu">SR 5.3</reference>
            <reference href="https://www.isa.org/products/ansi-isa-62443-3-3-99-03-03-2013-security-for-indu">SR 6.2</reference>
            <reference href="https://www.isa.org/products/ansi-isa-62443-3-3-99-03-03-2013-security-for-indu">SR 7.1</reference>
            <reference href="https://www.isa.org/products/ansi-isa-62443-3-3-99-03-03-2013-security-for-indu">SR 7.2</reference>
            <reference href="https://www.isa.org/products/ansi-isa-62443-3-3-99-03-03-2013-security-for-indu">SR 7.6</reference>
            <reference href="https://www.iso.org/contents/data/standard/05/45/54534.html">A.10.1.1</reference>
            <reference href="https://www.iso.org/contents/data/standard/05/45/54534.html">A.11.1.4</reference>
            <reference href="https://www.iso.org/contents/data/standard/05/45/54534.html">A.11.1.5</reference>
            <reference href="https://www.iso.org/contents/data/standard/05/45/54534.html">A.11.2.1</reference>
            <reference href="https://www.iso.org/contents/data/standard/05/45/54534.html">A.12.1.1</reference>
            <reference href="https://www.iso.org/contents/data/standard/05/45/54534.html">A.12.1.2</reference>
            <reference href="https://www.iso.org/contents/data/standard/05/45/54534.html">A.12.1.3</reference>
            <reference href="https://www.iso.org/contents/data/standard/05/45/54534.html">A.12.5.1</reference>
            <reference href="https://www.iso.org/contents/data/standard/05/45/54534.html">A.12.6.2</reference>
            <reference href="https://www.iso.org/contents/data/standard/05/45/54534.html">A.13.1.1</reference>
            <reference href="https://www.iso.org/contents/data/standard/05/45/54534.html">A.13.1.2</reference>
            <reference href="https://www.iso.org/contents/data/standard/05/45/54534.html">A.13.1.3</reference>
            <reference href="https://www.iso.org/contents/data/standard/05/45/54534.html">A.13.2.1</reference>
            <reference href="https://www.iso.org/contents/data/standard/05/45/54534.html">A.13.2.2</reference>
            <reference href="https://www.iso.org/contents/data/standard/05/45/54534.html">A.13.2.3</reference>
            <reference href="https://www.iso.org/contents/data/standard/05/45/54534.html">A.13.2.4</reference>
            <reference href="https://www.iso.org/contents/data/standard/05/45/54534.html">A.14.1.2</reference>
            <reference href="https://www.iso.org/contents/data/standard/05/45/54534.html">A.14.1.3</reference>
            <reference href="https://www.iso.org/contents/data/standard/05/45/54534.html">A.14.2.2</reference>
            <reference href="https://www.iso.org/contents/data/standard/05/45/54534.html">A.14.2.3</reference>
            <reference href="https://www.iso.org/contents/data/standard/05/45/54534.html">A.14.2.4</reference>
            <reference href="https://www.iso.org/contents/data/standard/05/45/54534.html">A.17.2.1</reference>
            <reference href="https://www.iso.org/contents/data/standard/05/45/54534.html">A.6.1.2</reference>
            <reference href="https://www.iso.org/contents/data/standard/05/45/54534.html">A.7.1.1</reference>
            <reference href="https://www.iso.org/contents/data/standard/05/45/54534.html">A.7.1.2</reference>
            <reference href="https://www.iso.org/contents/data/standard/05/45/54534.html">A.7.3.1</reference>
            <reference href="https://www.iso.org/contents/data/standard/05/45/54534.html">A.8.2.2</reference>
            <reference href="https://www.iso.org/contents/data/standard/05/45/54534.html">A.8.2.3</reference>
            <reference href="https://www.iso.org/contents/data/standard/05/45/54534.html">A.9.1.1</reference>
            <reference href="https://www.iso.org/contents/data/standard/05/45/54534.html">A.9.1.2</reference>
            <reference href="https://www.iso.org/contents/data/standard/05/45/54534.html">A.9.2.3</reference>
            <reference href="https://www.iso.org/contents/data/standard/05/45/54534.html">A.9.4.1</reference>
            <reference href="https://www.iso.org/contents/data/standard/05/45/54534.html">A.9.4.4</reference>
            <reference href="https://www.iso.org/contents/data/standard/05/45/54534.html">A.9.4.5</reference>
            <reference href="http://nvlpubs.nist.gov/nistpubs/SpecialPublications/NIST.SP.800-53r4.pdf">CM-7(a)</reference>
            <reference href="http://nvlpubs.nist.gov/nistpubs/SpecialPublications/NIST.SP.800-53r4.pdf">CM-7(b)</reference>
            <reference href="http://nvlpubs.nist.gov/nistpubs/SpecialPublications/NIST.SP.800-53r4.pdf">CM-6(a)</reference>
            <reference href="http://nvlpubs.nist.gov/nistpubs/SpecialPublications/NIST.SP.800-53r4.pdf">SC-7(a)</reference>
            <reference href="https://nvlpubs.nist.gov/nistpubs/CSWP/NIST.CSWP.04162018.pdf">DE.AE-1</reference>
            <reference href="https://nvlpubs.nist.gov/nistpubs/CSWP/NIST.CSWP.04162018.pdf">DE.CM-1</reference>
            <reference href="https://nvlpubs.nist.gov/nistpubs/CSWP/NIST.CSWP.04162018.pdf">ID.AM-3</reference>
            <reference href="https://nvlpubs.nist.gov/nistpubs/CSWP/NIST.CSWP.04162018.pdf">PR.AC-5</reference>
            <reference href="https://nvlpubs.nist.gov/nistpubs/CSWP/NIST.CSWP.04162018.pdf">PR.DS-4</reference>
            <reference href="https://nvlpubs.nist.gov/nistpubs/CSWP/NIST.CSWP.04162018.pdf">PR.DS-5</reference>
            <reference href="https://nvlpubs.nist.gov/nistpubs/CSWP/NIST.CSWP.04162018.pdf">PR.IP-1</reference>
            <reference href="https://nvlpubs.nist.gov/nistpubs/CSWP/NIST.CSWP.04162018.pdf">PR.PT-3</reference>
            <reference href="https://nvlpubs.nist.gov/nistpubs/CSWP/NIST.CSWP.04162018.pdf">PR.PT-4</reference>
            <reference href="https://www.pcisecuritystandards.org/documents/PCI_DSS_v3-2-1.pdf">Req-1.4.3</reference>
            <reference href="https://www.cyber.mil/stigs/downloads/?_dl_facet_stigs=operating-systems%2Cgeneral-purpose-os">SRG-OS-000480-GPOS-00227</reference>
            <reference href="https://www.cyber.mil/stigs/downloads/?_dl_facet_stigs=operating-systems%2Cunix-linux">SLES-15-040340</reference>
            <reference href="https://www.cisecurity.org/benchmark/suse_linux/">3.3.3</reference>
            <reference href="https://cyber.gouv.fr/sites/default/files/document/linux_configuration-en-v2.pdf">R12</reference>
            <reference href="not_publicly_available">SLES-15-450450075</reference>
            <reference href="https://docs-prv.pcisecuritystandards.org/PCI%20DSS/Standard/PCI-DSS-v4_0.pdf">1.4.3</reference>
            <reference href="https://docs-prv.pcisecuritystandards.org/PCI%20DSS/Standard/PCI-DSS-v4_0.pdf">1.4</reference>
            <reference href="https://www.cyber.mil/stigs/srg-stig-tools/">SV-235019r991589_rule</reference>
            <rationale xmlns:xhtml="http://www.w3.org/1999/xhtml" xml:lang="en-US">ICMP redirect messages are used by routers to inform hosts that a more
direct route exists for a particular destination. These messages modify the
host's route table and are unauthenticated. An illicit ICMP redirect
message could result in a man-in-the-middle attack.
<html:br xmlns:html="http://www.w3.org/1999/xhtml"/>This feature of the IPv4 protocol has few legitimate uses. It should
be disabled unless absolutely required.</rationale>
            <ident system="https://ncp.nist.gov/cce">CCE-85652-6</ident>
            <fix xmlns:xhtml="http://www.w3.org/1999/xhtml" id="sysctl_net_ipv4_conf_default_accept_redirects" system="urn:xccdf:fix:script:sh" reboot="true" complexity="low" disruption="medium" strategy="disable"># Remediation is applicable only in certain platforms
if rpm --quiet -q kernel-default || rpm --quiet -q kernel-default-base; then

# Comment out any occurrences of net.ipv4.conf.default.accept_redirects from /etc/sysctl.d/*.conf files

for f in /etc/sysctl.d/*.conf /run/sysctl.d/*.conf /usr/local/lib/sysctl.d/*.conf /lib/sysctl.d/*.conf; do


  # skip systemd-sysctl symlink (/etc/sysctl.d/99-sysctl.conf -&gt; /etc/sysctl.conf)
  if [[ "$(readlink -f "$f")" == "/etc/sysctl.conf" ]]; then continue; fi

  matching_list=$(grep -P '^(?!#).*[\s]*net.ipv4.conf.default.accept_redirects.*$' $f | uniq )
  if ! test -z "$matching_list"; then
    while IFS= read -r entry; do
      escaped_entry=$(sed -e 's|/|\\/|g' &lt;&lt;&lt; "$entry")
      # comment out "net.ipv4.conf.default.accept_redirects" matches to preserve user data
      sed -i --follow-symlinks "s/^${escaped_entry}$/# &amp;/g" $f
    done &lt;&lt;&lt; "$matching_list"
  fi
done

#
# Set sysctl config file which to save the desired value
#

SYSCONFIG_FILE='/etc/sysctl.d/net_ipv4_conf_default_accept_redirects.conf'

sysctl_net_ipv4_conf_default_accept_redirects_value='<xccdf-1.2:sub xmlns:xccdf-1.2="http://checklists.nist.gov/xccdf/1.2" idref="xccdf_org.ssgproject.content_value_sysctl_net_ipv4_conf_default_accept_redirects_value" use="legacy"/>'


#
# Set runtime for net.ipv4.conf.default.accept_redirects
#
if ! { rpm --quiet -q kernel rpm-ostree bootc &amp;&amp; ! rpm --quiet -q openshift-kubelet &amp;&amp; { [ -f "/run/.containerenv" ] || [ -f "/.containerenv" ]; }; } ; then
    /sbin/sysctl -q -n -w net.ipv4.conf.default.accept_redirects="$sysctl_net_ipv4_conf_default_accept_redirects_value"
fi

#
# If net.ipv4.conf.default.accept_redirects present in /etc/sysctl.conf, change value to appropriate value
#	else, add "net.ipv4.conf.default.accept_redirects = value" to /etc/sysctl.conf
#

sed -i "/^$SYSCONFIG_VAR/d" /etc/sysctl.conf

# Strip any search characters in the key arg so that the key can be replaced without
# adding any search characters to the config file.
stripped_key=$(sed 's/[\^=\$,;+]*//g' &lt;&lt;&lt; "^net.ipv4.conf.default.accept_redirects")

# shellcheck disable=SC2059
printf -v formatted_output "%s = %s" "$stripped_key" "$sysctl_net_ipv4_conf_default_accept_redirects_value"

# If the key exists, change it. Otherwise, add it to the config_file.
# We search for the key string followed by a word boundary (matched by \&gt;),
# so if we search for 'setting', 'setting2' won't match.
if LC_ALL=C grep -q -m 1 -i -e "^net.ipv4.conf.default.accept_redirects\\&gt;" "${SYSCONFIG_FILE}"; then
    escaped_formatted_output=$(sed -e 's|/|\\/|g' &lt;&lt;&lt; "$formatted_output")
    LC_ALL=C sed -i --follow-symlinks "s/^net.ipv4.conf.default.accept_redirects\\&gt;.*/$escaped_formatted_output/gi" "${SYSCONFIG_FILE}"
else
    if [[ -s "${SYSCONFIG_FILE}" ]] &amp;&amp; [[ -n "$(tail -c 1 -- "${SYSCONFIG_FILE}" || true)" ]]; then
        LC_ALL=C sed -i --follow-symlinks '$a'\\ "${SYSCONFIG_FILE}"
    fi
    cce="CCE-85652-6"
    printf '# Per %s: Set %s in %s\n' "${cce}" "${formatted_output}" "${SYSCONFIG_FILE}" &gt;&gt; "${SYSCONFIG_FILE}"
    printf '%s\n' "$formatted_output" &gt;&gt; "${SYSCONFIG_FILE}"
fi

else
    &gt;&amp;2 echo 'Remediation is not applicable, nothing was done'
fi
</fix>
            <fix xmlns:xhtml="http://www.w3.org/1999/xhtml" id="sysctl_net_ipv4_conf_default_accept_redirects" system="urn:xccdf:fix:script:ansible" reboot="true" complexity="low" disruption="medium" strategy="disable">- name: Gather the package facts
  package_facts:
    manager: auto
  tags:
  - CCE-85652-6
  - CJIS-5.10.1.1
  - DISA-STIG-SLES-15-040340
  - NIST-800-171-3.1.20
  - NIST-800-53-CM-6(a)
  - NIST-800-53-CM-7(a)
  - NIST-800-53-CM-7(b)
  - NIST-800-53-SC-7(a)
  - PCI-DSS-Req-1.4.3
  - PCI-DSSv4-1.4
  - PCI-DSSv4-1.4.3
  - disable_strategy
  - low_complexity
  - medium_disruption
  - medium_severity
  - reboot_required
  - sysctl_net_ipv4_conf_default_accept_redirects
- name: XCCDF Value sysctl_net_ipv4_conf_default_accept_redirects_value # promote to variable
  set_fact:
    sysctl_net_ipv4_conf_default_accept_redirects_value: !!str <xccdf-1.2:sub xmlns:xccdf-1.2="http://checklists.nist.gov/xccdf/1.2" idref="xccdf_org.ssgproject.content_value_sysctl_net_ipv4_conf_default_accept_redirects_value" use="legacy"/>
  tags:
    - always

- name: Disable Kernel Parameter for Accepting ICMP Redirects by Default on IPv4 Interfaces
    - Set fact for sysctl paths
  ansible.builtin.set_fact:
    sysctl_paths:
    - /run/sysctl.d/
    - /etc/sysctl.d/
    - /usr/local/lib/sysctl.d/
    - /lib/sysctl.d/
  when: ("kernel-default" in ansible_facts.packages or "kernel-default-base" in ansible_facts.packages)
  tags:
  - CCE-85652-6
  - CJIS-5.10.1.1
  - DISA-STIG-SLES-15-040340
  - NIST-800-171-3.1.20
  - NIST-800-53-CM-6(a)
  - NIST-800-53-CM-7(a)
  - NIST-800-53-CM-7(b)
  - NIST-800-53-SC-7(a)
  - PCI-DSS-Req-1.4.3
  - PCI-DSSv4-1.4
  - PCI-DSSv4-1.4.3
  - disable_strategy
  - low_complexity
  - medium_disruption
  - medium_severity
  - reboot_required
  - sysctl_net_ipv4_conf_default_accept_redirects

- name: Disable Kernel Parameter for Accepting ICMP Redirects by Default on IPv4 Interfaces
    - Find all files that contain net.ipv4.conf.default.accept_redirects
  ansible.builtin.shell:
    cmd: find -L {{ sysctl_paths | join(" ") }} -type f -name '*.conf' | xargs grep
      -HP '^\s*net.ipv4.conf.default.accept_redirects\s*=\s*.*$'
  register: find_all_values
  check_mode: false
  changed_when: false
  failed_when: false
  when: ("kernel-default" in ansible_facts.packages or "kernel-default-base" in ansible_facts.packages)
  tags:
  - CCE-85652-6
  - CJIS-5.10.1.1
  - DISA-STIG-SLES-15-040340
  - NIST-800-171-3.1.20
  - NIST-800-53-CM-6(a)
  - NIST-800-53-CM-7(a)
  - NIST-800-53-CM-7(b)
  - NIST-800-53-SC-7(a)
  - PCI-DSS-Req-1.4.3
  - PCI-DSSv4-1.4
  - PCI-DSSv4-1.4.3
  - disable_strategy
  - low_complexity
  - medium_disruption
  - medium_severity
  - reboot_required
  - sysctl_net_ipv4_conf_default_accept_redirects

- name: Disable Kernel Parameter for Accepting ICMP Redirects by Default on IPv4 Interfaces
    - Find all files that set net.ipv4.conf.default.accept_redirects to correct value
  ansible.builtin.shell:
    cmd: find -L {{ sysctl_paths | join(" ") }} -type f -name '*.conf' | xargs grep
      -HP '^\s*net.ipv4.conf.default.accept_redirects\s*=\s*{{ sysctl_net_ipv4_conf_default_accept_redirects_value
      }}$'
  register: find_correct_value
  check_mode: false
  changed_when: false
  failed_when: false
  when: ("kernel-default" in ansible_facts.packages or "kernel-default-base" in ansible_facts.packages)
  tags:
  - CCE-85652-6
  - CJIS-5.10.1.1
  - DISA-STIG-SLES-15-040340
  - NIST-800-171-3.1.20
  - NIST-800-53-CM-6(a)
  - NIST-800-53-CM-7(a)
  - NIST-800-53-CM-7(b)
  - NIST-800-53-SC-7(a)
  - PCI-DSS-Req-1.4.3
  - PCI-DSSv4-1.4
  - PCI-DSSv4-1.4.3
  - disable_strategy
  - low_complexity
  - medium_disruption
  - medium_severity
  - reboot_required
  - sysctl_net_ipv4_conf_default_accept_redirects

- name: Disable Kernel Parameter for Accepting ICMP Redirects by Default on IPv4 Interfaces
    - Comment out any occurrences of net.ipv4.conf.default.accept_redirects from config
    files
  ansible.builtin.replace:
    path: '{{ item | split(":") | first }}'
    regexp: ^[\s]*net.ipv4.conf.default.accept_redirects
    replace: '#net.ipv4.conf.default.accept_redirects'
  loop: '{{ find_all_values.stdout_lines }}'
  when:
  - ("kernel-default" in ansible_facts.packages or "kernel-default-base" in ansible_facts.packages)
  - find_correct_value.stdout_lines | length == 0 or find_all_values.stdout_lines
    | length &gt; find_correct_value.stdout_lines | length
  tags:
  - CCE-85652-6
  - CJIS-5.10.1.1
  - DISA-STIG-SLES-15-040340
  - NIST-800-171-3.1.20
  - NIST-800-53-CM-6(a)
  - NIST-800-53-CM-7(a)
  - NIST-800-53-CM-7(b)
  - NIST-800-53-SC-7(a)
  - PCI-DSS-Req-1.4.3
  - PCI-DSSv4-1.4
  - PCI-DSSv4-1.4.3
  - disable_strategy
  - low_complexity
  - medium_disruption
  - medium_severity
  - reboot_required
  - sysctl_net_ipv4_conf_default_accept_redirects

- name: Disable Kernel Parameter for Accepting ICMP Redirects by Default on IPv4 Interfaces
    - Comment out any occurrences of net.ipv4.conf.default.accept_redirects from /etc/sysctl.conf
  ansible.builtin.replace:
    path: /etc/sysctl.conf
    regexp: ^[\s]*net.ipv4.conf.default.accept_redirects
    replace: '#net.ipv4.conf.default.accept_redirects'
  when: ("kernel-default" in ansible_facts.packages or "kernel-default-base" in ansible_facts.packages)
  tags:
  - CCE-85652-6
  - CJIS-5.10.1.1
  - DISA-STIG-SLES-15-040340
  - NIST-800-171-3.1.20
  - NIST-800-53-CM-6(a)
  - NIST-800-53-CM-7(a)
  - NIST-800-53-CM-7(b)
  - NIST-800-53-SC-7(a)
  - PCI-DSS-Req-1.4.3
  - PCI-DSSv4-1.4
  - PCI-DSSv4-1.4.3
  - disable_strategy
  - low_complexity
  - medium_disruption
  - medium_severity
  - reboot_required
  - sysctl_net_ipv4_conf_default_accept_redirects

- name: Disable Kernel Parameter for Accepting ICMP Redirects by Default on IPv4 Interfaces
    - Ensure sysctl net.ipv4.conf.default.accept_redirects is set
  ansible.posix.sysctl:
    name: net.ipv4.conf.default.accept_redirects
    value: '{{ sysctl_net_ipv4_conf_default_accept_redirects_value }}'
    sysctl_file: /etc/sysctl.d/net_ipv4_conf_default_accept_redirects.conf
    state: present
    reload: true
  when: ("kernel-default" in ansible_facts.packages or "kernel-default-base" in ansible_facts.packages)
  tags:
  - CCE-85652-6
  - CJIS-5.10.1.1
  - DISA-STIG-SLES-15-040340
  - NIST-800-171-3.1.20
  - NIST-800-53-CM-6(a)
  - NIST-800-53-CM-7(a)
  - NIST-800-53-CM-7(b)
  - NIST-800-53-SC-7(a)
  - PCI-DSS-Req-1.4.3
  - PCI-DSSv4-1.4
  - PCI-DSSv4-1.4.3
  - disable_strategy
  - low_complexity
  - medium_disruption
  - medium_severity
  - reboot_required
  - sysctl_net_ipv4_conf_default_accept_redirects
</fix>
            <check system="http://open-scap.org/page/SCE">
              <check-import import-name="stdout">
                  </check-import>
              <check-export export-name="sysctl_net_ipv4_conf_default_accept_redirects_value" value-id="xccdf_org.ssgproject.content_value_sysctl_net_ipv4_conf_default_accept_redirects_value"/>
              <check-content-ref href="sle15/checks/sce/sysctl_net_ipv4_conf_default_accept_redirects.sh"/>
            </check>
            <check system="http://oval.mitre.org/XMLSchema/oval-definitions-5">
              <check-export export-name="oval:ssg-sysctl_net_ipv4_conf_default_accept_redirects_value:var:1" value-id="xccdf_org.ssgproject.content_value_sysctl_net_ipv4_conf_default_accept_redirects_value"/>
              <check-content-ref name="oval:ssg-sysctl_net_ipv4_conf_default_accept_redirects:def:1" href="ssg-sle15-oval.xml"/>
            </check>
            <check system="http://scap.nist.gov/schema/ocil/2">
              <check-content-ref name="ocil:ssg-sysctl_net_ipv4_conf_default_accept_redirects_ocil:questionnaire:1" href="ssg-sle15-ocil.xml"/>
            </check>
          </Rule>
          <Rule id="xccdf_org.ssgproject.content_rule_sysctl_net_ipv4_conf_default_accept_source_route" selected="false" role="full" severity="medium">
            <title xmlns:xhtml="http://www.w3.org/1999/xhtml" xml:lang="en-US">Disable Kernel Parameter for Accepting Source-Routed Packets on IPv4 Interfaces by Default</title>
            <description xmlns:xhtml="http://www.w3.org/1999/xhtml" xml:lang="en-US">To set the runtime status of the <html:code xmlns:html="http://www.w3.org/1999/xhtml">net.ipv4.conf.default.accept_source_route</html:code> kernel parameter, run the following command: <html:pre xmlns:html="http://www.w3.org/1999/xhtml">$ sudo sysctl -w net.ipv4.conf.default.accept_source_route=0</html:pre>
To make sure that the setting is persistent, add the following line to a file in the directory <html:code xmlns:html="http://www.w3.org/1999/xhtml">/etc/sysctl.d</html:code>: <html:pre xmlns:html="http://www.w3.org/1999/xhtml">net.ipv4.conf.default.accept_source_route = 0</html:pre>
        </description>
            <reference href="https://www.cisecurity.org/controls/">1</reference>
            <reference href="https://www.cisecurity.org/controls/">11</reference>
            <reference href="https://www.cisecurity.org/controls/">12</reference>
            <reference href="https://www.cisecurity.org/controls/">13</reference>
            <reference href="https://www.cisecurity.org/controls/">14</reference>
            <reference href="https://www.cisecurity.org/controls/">15</reference>
            <reference href="https://www.cisecurity.org/controls/">16</reference>
            <reference href="https://www.cisecurity.org/controls/">18</reference>
            <reference href="https://www.cisecurity.org/controls/">2</reference>
            <reference href="https://www.cisecurity.org/controls/">3</reference>
            <reference href="https://www.cisecurity.org/controls/">4</reference>
            <reference href="https://www.cisecurity.org/controls/">6</reference>
            <reference href="https://www.cisecurity.org/controls/">7</reference>
            <reference href="https://www.cisecurity.org/controls/">8</reference>
            <reference href="https://www.cisecurity.org/controls/">9</reference>
            <reference href="https://www.fbi.gov/file-repository/cjis-security-policy-v5_5_20160601-2-1.pdf">5.10.1.1</reference>
            <reference href="https://www.isaca.org/resources/cobit">APO01.06</reference>
            <reference href="https://www.isaca.org/resources/cobit">APO13.01</reference>
            <reference href="https://www.isaca.org/resources/cobit">BAI04.04</reference>
            <reference href="https://www.isaca.org/resources/cobit">BAI10.01</reference>
            <reference href="https://www.isaca.org/resources/cobit">BAI10.02</reference>
            <reference href="https://www.isaca.org/resources/cobit">BAI10.03</reference>
            <reference href="https://www.isaca.org/resources/cobit">BAI10.05</reference>
            <reference href="https://www.isaca.org/resources/cobit">DSS01.03</reference>
            <reference href="https://www.isaca.org/resources/cobit">DSS01.05</reference>
            <reference href="https://www.isaca.org/resources/cobit">DSS03.01</reference>
            <reference href="https://www.isaca.org/resources/cobit">DSS03.05</reference>
            <reference href="https://www.isaca.org/resources/cobit">DSS05.02</reference>
            <reference href="https://www.isaca.org/resources/cobit">DSS05.04</reference>
            <reference href="https://www.isaca.org/resources/cobit">DSS05.05</reference>
            <reference href="https://www.isaca.org/resources/cobit">DSS05.07</reference>
            <reference href="https://www.isaca.org/resources/cobit">DSS06.02</reference>
            <reference href="https://www.isaca.org/resources/cobit">DSS06.06</reference>
            <reference href="http://nvlpubs.nist.gov/nistpubs/SpecialPublications/NIST.SP.800-171.pdf">3.1.20</reference>
            <reference href="https://www.isa.org/products/isa-62443-2-1-2009-security-for-industrial-automat">4.2.3.4</reference>
            <reference href="https://www.isa.org/products/isa-62443-2-1-2009-security-for-industrial-automat">4.3.3.4</reference>
            <reference href="https://www.isa.org/products/isa-62443-2-1-2009-security-for-industrial-automat">4.3.3.5.1</reference>
            <reference href="https://www.isa.org/products/isa-62443-2-1-2009-security-for-industrial-automat">4.3.3.5.2</reference>
            <reference href="https://www.isa.org/products/isa-62443-2-1-2009-security-for-industrial-automat">4.3.3.5.3</reference>
            <reference href="https://www.isa.org/products/isa-62443-2-1-2009-security-for-industrial-automat">4.3.3.5.4</reference>
            <reference href="https://www.isa.org/products/isa-62443-2-1-2009-security-for-industrial-automat">4.3.3.5.5</reference>
            <reference href="https://www.isa.org/products/isa-62443-2-1-2009-security-for-industrial-automat">4.3.3.5.6</reference>
            <reference href="https://www.isa.org/products/isa-62443-2-1-2009-security-for-industrial-automat">4.3.3.5.7</reference>
            <reference href="https://www.isa.org/products/isa-62443-2-1-2009-security-for-industrial-automat">4.3.3.5.8</reference>
            <reference href="https://www.isa.org/products/isa-62443-2-1-2009-security-for-industrial-automat">4.3.3.6.1</reference>
            <reference href="https://www.isa.org/products/isa-62443-2-1-2009-security-for-industrial-automat">4.3.3.6.2</reference>
            <reference href="https://www.isa.org/products/isa-62443-2-1-2009-security-for-industrial-automat">4.3.3.6.3</reference>
            <reference href="https://www.isa.org/products/isa-62443-2-1-2009-security-for-industrial-automat">4.3.3.6.4</reference>
            <reference href="https://www.isa.org/products/isa-62443-2-1-2009-security-for-industrial-automat">4.3.3.6.5</reference>
            <reference href="https://www.isa.org/products/isa-62443-2-1-2009-security-for-industrial-automat">4.3.3.6.6</reference>
            <reference href="https://www.isa.org/products/isa-62443-2-1-2009-security-for-industrial-automat">4.3.3.6.7</reference>
            <reference href="https://www.isa.org/products/isa-62443-2-1-2009-security-for-industrial-automat">4.3.3.6.8</reference>
            <reference href="https://www.isa.org/products/isa-62443-2-1-2009-security-for-industrial-automat">4.3.3.6.9</reference>
            <reference href="https://www.isa.org/products/isa-62443-2-1-2009-security-for-industrial-automat">4.3.3.7.1</reference>
            <reference href="https://www.isa.org/products/isa-62443-2-1-2009-security-for-industrial-automat">4.3.3.7.2</reference>
            <reference href="https://www.isa.org/products/isa-62443-2-1-2009-security-for-industrial-automat">4.3.3.7.3</reference>
            <reference href="https://www.isa.org/products/isa-62443-2-1-2009-security-for-industrial-automat">4.3.3.7.4</reference>
            <reference href="https://www.isa.org/products/isa-62443-2-1-2009-security-for-industrial-automat">4.3.4.3.2</reference>
            <reference href="https://www.isa.org/products/isa-62443-2-1-2009-security-for-industrial-automat">4.3.4.3.3</reference>
            <reference href="https://www.isa.org/products/isa-62443-2-1-2009-security-for-industrial-automat">4.4.3.3</reference>
            <reference href="https://www.isa.org/products/ansi-isa-62443-3-3-99-03-03-2013-security-for-indu">SR 1.1</reference>
            <reference href="https://www.isa.org/products/ansi-isa-62443-3-3-99-03-03-2013-security-for-indu">SR 1.10</reference>
            <reference href="https://www.isa.org/products/ansi-isa-62443-3-3-99-03-03-2013-security-for-indu">SR 1.11</reference>
            <reference href="https://www.isa.org/products/ansi-isa-62443-3-3-99-03-03-2013-security-for-indu">SR 1.12</reference>
            <reference href="https://www.isa.org/products/ansi-isa-62443-3-3-99-03-03-2013-security-for-indu">SR 1.13</reference>
            <reference href="https://www.isa.org/products/ansi-isa-62443-3-3-99-03-03-2013-security-for-indu">SR 1.2</reference>
            <reference href="https://www.isa.org/products/ansi-isa-62443-3-3-99-03-03-2013-security-for-indu">SR 1.3</reference>
            <reference href="https://www.isa.org/products/ansi-isa-62443-3-3-99-03-03-2013-security-for-indu">SR 1.4</reference>
            <reference href="https://www.isa.org/products/ansi-isa-62443-3-3-99-03-03-2013-security-for-indu">SR 1.5</reference>
            <reference href="https://www.isa.org/products/ansi-isa-62443-3-3-99-03-03-2013-security-for-indu">SR 1.6</reference>
            <reference href="https://www.isa.org/products/ansi-isa-62443-3-3-99-03-03-2013-security-for-indu">SR 1.7</reference>
            <reference href="https://www.isa.org/products/ansi-isa-62443-3-3-99-03-03-2013-security-for-indu">SR 1.8</reference>
            <reference href="https://www.isa.org/products/ansi-isa-62443-3-3-99-03-03-2013-security-for-indu">SR 1.9</reference>
            <reference href="https://www.isa.org/products/ansi-isa-62443-3-3-99-03-03-2013-security-for-indu">SR 2.1</reference>
            <reference href="https://www.isa.org/products/ansi-isa-62443-3-3-99-03-03-2013-security-for-indu">SR 2.2</reference>
            <reference href="https://www.isa.org/products/ansi-isa-62443-3-3-99-03-03-2013-security-for-indu">SR 2.3</reference>
            <reference href="https://www.isa.org/products/ansi-isa-62443-3-3-99-03-03-2013-security-for-indu">SR 2.4</reference>
            <reference href="https://www.isa.org/products/ansi-isa-62443-3-3-99-03-03-2013-security-for-indu">SR 2.5</reference>
            <reference href="https://www.isa.org/products/ansi-isa-62443-3-3-99-03-03-2013-security-for-indu">SR 2.6</reference>
            <reference href="https://www.isa.org/products/ansi-isa-62443-3-3-99-03-03-2013-security-for-indu">SR 2.7</reference>
            <reference href="https://www.isa.org/products/ansi-isa-62443-3-3-99-03-03-2013-security-for-indu">SR 3.1</reference>
            <reference href="https://www.isa.org/products/ansi-isa-62443-3-3-99-03-03-2013-security-for-indu">SR 3.5</reference>
            <reference href="https://www.isa.org/products/ansi-isa-62443-3-3-99-03-03-2013-security-for-indu">SR 3.8</reference>
            <reference href="https://www.isa.org/products/ansi-isa-62443-3-3-99-03-03-2013-security-for-indu">SR 4.1</reference>
            <reference href="https://www.isa.org/products/ansi-isa-62443-3-3-99-03-03-2013-security-for-indu">SR 4.3</reference>
            <reference href="https://www.isa.org/products/ansi-isa-62443-3-3-99-03-03-2013-security-for-indu">SR 5.1</reference>
            <reference href="https://www.isa.org/products/ansi-isa-62443-3-3-99-03-03-2013-security-for-indu">SR 5.2</reference>
            <reference href="https://www.isa.org/products/ansi-isa-62443-3-3-99-03-03-2013-security-for-indu">SR 5.3</reference>
            <reference href="https://www.isa.org/products/ansi-isa-62443-3-3-99-03-03-2013-security-for-indu">SR 6.2</reference>
            <reference href="https://www.isa.org/products/ansi-isa-62443-3-3-99-03-03-2013-security-for-indu">SR 7.1</reference>
            <reference href="https://www.isa.org/products/ansi-isa-62443-3-3-99-03-03-2013-security-for-indu">SR 7.2</reference>
            <reference href="https://www.isa.org/products/ansi-isa-62443-3-3-99-03-03-2013-security-for-indu">SR 7.6</reference>
            <reference href="https://www.iso.org/contents/data/standard/05/45/54534.html">A.10.1.1</reference>
            <reference href="https://www.iso.org/contents/data/standard/05/45/54534.html">A.11.1.4</reference>
            <reference href="https://www.iso.org/contents/data/standard/05/45/54534.html">A.11.1.5</reference>
            <reference href="https://www.iso.org/contents/data/standard/05/45/54534.html">A.11.2.1</reference>
            <reference href="https://www.iso.org/contents/data/standard/05/45/54534.html">A.12.1.1</reference>
            <reference href="https://www.iso.org/contents/data/standard/05/45/54534.html">A.12.1.2</reference>
            <reference href="https://www.iso.org/contents/data/standard/05/45/54534.html">A.12.1.3</reference>
            <reference href="https://www.iso.org/contents/data/standard/05/45/54534.html">A.12.5.1</reference>
            <reference href="https://www.iso.org/contents/data/standard/05/45/54534.html">A.12.6.2</reference>
            <reference href="https://www.iso.org/contents/data/standard/05/45/54534.html">A.13.1.1</reference>
            <reference href="https://www.iso.org/contents/data/standard/05/45/54534.html">A.13.1.2</reference>
            <reference href="https://www.iso.org/contents/data/standard/05/45/54534.html">A.13.1.3</reference>
            <reference href="https://www.iso.org/contents/data/standard/05/45/54534.html">A.13.2.1</reference>
            <reference href="https://www.iso.org/contents/data/standard/05/45/54534.html">A.13.2.2</reference>
            <reference href="https://www.iso.org/contents/data/standard/05/45/54534.html">A.13.2.3</reference>
            <reference href="https://www.iso.org/contents/data/standard/05/45/54534.html">A.13.2.4</reference>
            <reference href="https://www.iso.org/contents/data/standard/05/45/54534.html">A.14.1.2</reference>
            <reference href="https://www.iso.org/contents/data/standard/05/45/54534.html">A.14.1.3</reference>
            <reference href="https://www.iso.org/contents/data/standard/05/45/54534.html">A.14.2.2</reference>
            <reference href="https://www.iso.org/contents/data/standard/05/45/54534.html">A.14.2.3</reference>
            <reference href="https://www.iso.org/contents/data/standard/05/45/54534.html">A.14.2.4</reference>
            <reference href="https://www.iso.org/contents/data/standard/05/45/54534.html">A.17.2.1</reference>
            <reference href="https://www.iso.org/contents/data/standard/05/45/54534.html">A.6.1.2</reference>
            <reference href="https://www.iso.org/contents/data/standard/05/45/54534.html">A.7.1.1</reference>
            <reference href="https://www.iso.org/contents/data/standard/05/45/54534.html">A.7.1.2</reference>
            <reference href="https://www.iso.org/contents/data/standard/05/45/54534.html">A.7.3.1</reference>
            <reference href="https://www.iso.org/contents/data/standard/05/45/54534.html">A.8.2.2</reference>
            <reference href="https://www.iso.org/contents/data/standard/05/45/54534.html">A.8.2.3</reference>
            <reference href="https://www.iso.org/contents/data/standard/05/45/54534.html">A.9.1.1</reference>
            <reference href="https://www.iso.org/contents/data/standard/05/45/54534.html">A.9.1.2</reference>
            <reference href="https://www.iso.org/contents/data/standard/05/45/54534.html">A.9.2.3</reference>
            <reference href="https://www.iso.org/contents/data/standard/05/45/54534.html">A.9.4.1</reference>
            <reference href="https://www.iso.org/contents/data/standard/05/45/54534.html">A.9.4.4</reference>
            <reference href="https://www.iso.org/contents/data/standard/05/45/54534.html">A.9.4.5</reference>
            <reference href="https://www.nerc.com/standards/reliability-standards/cip">CIP-007-3 R4</reference>
            <reference href="https://www.nerc.com/standards/reliability-standards/cip">CIP-007-3 R4.1</reference>
            <reference href="https://www.nerc.com/standards/reliability-standards/cip">CIP-007-3 R4.2</reference>
            <reference href="https://www.nerc.com/standards/reliability-standards/cip">CIP-007-3 R5.1</reference>
            <reference href="http://nvlpubs.nist.gov/nistpubs/SpecialPublications/NIST.SP.800-53r4.pdf">CM-7(a)</reference>
            <reference href="http://nvlpubs.nist.gov/nistpubs/SpecialPublications/NIST.SP.800-53r4.pdf">CM-7(b)</reference>
            <reference href="http://nvlpubs.nist.gov/nistpubs/SpecialPublications/NIST.SP.800-53r4.pdf">SC-5</reference>
            <reference href="http://nvlpubs.nist.gov/nistpubs/SpecialPublications/NIST.SP.800-53r4.pdf">SC-7(a)</reference>
            <reference href="https://nvlpubs.nist.gov/nistpubs/CSWP/NIST.CSWP.04162018.pdf">DE.AE-1</reference>
            <reference href="https://nvlpubs.nist.gov/nistpubs/CSWP/NIST.CSWP.04162018.pdf">DE.CM-1</reference>
            <reference href="https://nvlpubs.nist.gov/nistpubs/CSWP/NIST.CSWP.04162018.pdf">ID.AM-3</reference>
            <reference href="https://nvlpubs.nist.gov/nistpubs/CSWP/NIST.CSWP.04162018.pdf">PR.AC-5</reference>
            <reference href="https://nvlpubs.nist.gov/nistpubs/CSWP/NIST.CSWP.04162018.pdf">PR.DS-4</reference>
            <reference href="https://nvlpubs.nist.gov/nistpubs/CSWP/NIST.CSWP.04162018.pdf">PR.DS-5</reference>
            <reference href="https://nvlpubs.nist.gov/nistpubs/CSWP/NIST.CSWP.04162018.pdf">PR.IP-1</reference>
            <reference href="https://nvlpubs.nist.gov/nistpubs/CSWP/NIST.CSWP.04162018.pdf">PR.PT-3</reference>
            <reference href="https://nvlpubs.nist.gov/nistpubs/CSWP/NIST.CSWP.04162018.pdf">PR.PT-4</reference>
            <reference href="https://www.cyber.mil/stigs/downloads/?_dl_facet_stigs=operating-systems%2Cgeneral-purpose-os">SRG-OS-000480-GPOS-00227</reference>
            <reference href="https://www.cyber.mil/stigs/downloads/?_dl_facet_stigs=operating-systems%2Cunix-linux">SLES-15-040320</reference>
            <reference href="https://www.cisecurity.org/benchmark/suse_linux/">3.3.1</reference>
            <reference href="https://cyber.gouv.fr/sites/default/files/document/linux_configuration-en-v2.pdf">R12</reference>
            <reference href="not_publicly_available">SLES-15-450450120</reference>
            <reference href="https://www.cyber.mil/stigs/srg-stig-tools/">SV-235016r991589_rule</reference>
            <rationale xmlns:xhtml="http://www.w3.org/1999/xhtml" xml:lang="en-US">Source-routed packets allow the source of the packet to suggest routers
forward the packet along a different path than configured on the router,
which can be used to bypass network security measures.
<html:br xmlns:html="http://www.w3.org/1999/xhtml"/>
Accepting source-routed packets in the IPv4 protocol has few legitimate
uses. It should be disabled unless it is absolutely required, such as when
IPv4 forwarding is enabled and the system is legitimately functioning as a
router.</rationale>
            <ident system="https://ncp.nist.gov/cce">CCE-85650-0</ident>
            <fix xmlns:xhtml="http://www.w3.org/1999/xhtml" id="sysctl_net_ipv4_conf_default_accept_source_route" system="urn:xccdf:fix:script:sh" reboot="true" complexity="low" disruption="medium" strategy="disable"># Remediation is applicable only in certain platforms
if rpm --quiet -q kernel-default || rpm --quiet -q kernel-default-base; then

# Comment out any occurrences of net.ipv4.conf.default.accept_source_route from /etc/sysctl.d/*.conf files

for f in /etc/sysctl.d/*.conf /run/sysctl.d/*.conf /usr/local/lib/sysctl.d/*.conf /lib/sysctl.d/*.conf; do


  # skip systemd-sysctl symlink (/etc/sysctl.d/99-sysctl.conf -&gt; /etc/sysctl.conf)
  if [[ "$(readlink -f "$f")" == "/etc/sysctl.conf" ]]; then continue; fi

  matching_list=$(grep -P '^(?!#).*[\s]*net.ipv4.conf.default.accept_source_route.*$' $f | uniq )
  if ! test -z "$matching_list"; then
    while IFS= read -r entry; do
      escaped_entry=$(sed -e 's|/|\\/|g' &lt;&lt;&lt; "$entry")
      # comment out "net.ipv4.conf.default.accept_source_route" matches to preserve user data
      sed -i --follow-symlinks "s/^${escaped_entry}$/# &amp;/g" $f
    done &lt;&lt;&lt; "$matching_list"
  fi
done

#
# Set sysctl config file which to save the desired value
#

SYSCONFIG_FILE='/etc/sysctl.d/net_ipv4_conf_default_accept_source_route.conf'

sysctl_net_ipv4_conf_default_accept_source_route_value='<xccdf-1.2:sub xmlns:xccdf-1.2="http://checklists.nist.gov/xccdf/1.2" idref="xccdf_org.ssgproject.content_value_sysctl_net_ipv4_conf_default_accept_source_route_value" use="legacy"/>'


#
# Set runtime for net.ipv4.conf.default.accept_source_route
#
if ! { rpm --quiet -q kernel rpm-ostree bootc &amp;&amp; ! rpm --quiet -q openshift-kubelet &amp;&amp; { [ -f "/run/.containerenv" ] || [ -f "/.containerenv" ]; }; } ; then
    /sbin/sysctl -q -n -w net.ipv4.conf.default.accept_source_route="$sysctl_net_ipv4_conf_default_accept_source_route_value"
fi

#
# If net.ipv4.conf.default.accept_source_route present in /etc/sysctl.conf, change value to appropriate value
#	else, add "net.ipv4.conf.default.accept_source_route = value" to /etc/sysctl.conf
#

sed -i "/^$SYSCONFIG_VAR/d" /etc/sysctl.conf

# Strip any search characters in the key arg so that the key can be replaced without
# adding any search characters to the config file.
stripped_key=$(sed 's/[\^=\$,;+]*//g' &lt;&lt;&lt; "^net.ipv4.conf.default.accept_source_route")

# shellcheck disable=SC2059
printf -v formatted_output "%s = %s" "$stripped_key" "$sysctl_net_ipv4_conf_default_accept_source_route_value"

# If the key exists, change it. Otherwise, add it to the config_file.
# We search for the key string followed by a word boundary (matched by \&gt;),
# so if we search for 'setting', 'setting2' won't match.
if LC_ALL=C grep -q -m 1 -i -e "^net.ipv4.conf.default.accept_source_route\\&gt;" "${SYSCONFIG_FILE}"; then
    escaped_formatted_output=$(sed -e 's|/|\\/|g' &lt;&lt;&lt; "$formatted_output")
    LC_ALL=C sed -i --follow-symlinks "s/^net.ipv4.conf.default.accept_source_route\\&gt;.*/$escaped_formatted_output/gi" "${SYSCONFIG_FILE}"
else
    if [[ -s "${SYSCONFIG_FILE}" ]] &amp;&amp; [[ -n "$(tail -c 1 -- "${SYSCONFIG_FILE}" || true)" ]]; then
        LC_ALL=C sed -i --follow-symlinks '$a'\\ "${SYSCONFIG_FILE}"
    fi
    cce="CCE-85650-0"
    printf '# Per %s: Set %s in %s\n' "${cce}" "${formatted_output}" "${SYSCONFIG_FILE}" &gt;&gt; "${SYSCONFIG_FILE}"
    printf '%s\n' "$formatted_output" &gt;&gt; "${SYSCONFIG_FILE}"
fi

else
    &gt;&amp;2 echo 'Remediation is not applicable, nothing was done'
fi
</fix>
            <fix xmlns:xhtml="http://www.w3.org/1999/xhtml" id="sysctl_net_ipv4_conf_default_accept_source_route" system="urn:xccdf:fix:script:ansible" reboot="true" complexity="low" disruption="medium" strategy="disable">- name: Gather the package facts
  package_facts:
    manager: auto
  tags:
  - CCE-85650-0
  - CJIS-5.10.1.1
  - DISA-STIG-SLES-15-040320
  - NIST-800-171-3.1.20
  - NIST-800-53-CM-7(a)
  - NIST-800-53-CM-7(b)
  - NIST-800-53-SC-5
  - NIST-800-53-SC-7(a)
  - disable_strategy
  - low_complexity
  - medium_disruption
  - medium_severity
  - reboot_required
  - sysctl_net_ipv4_conf_default_accept_source_route
- name: XCCDF Value sysctl_net_ipv4_conf_default_accept_source_route_value # promote to variable
  set_fact:
    sysctl_net_ipv4_conf_default_accept_source_route_value: !!str <xccdf-1.2:sub xmlns:xccdf-1.2="http://checklists.nist.gov/xccdf/1.2" idref="xccdf_org.ssgproject.content_value_sysctl_net_ipv4_conf_default_accept_source_route_value" use="legacy"/>
  tags:
    - always

- name: Disable Kernel Parameter for Accepting Source-Routed Packets on IPv4 Interfaces
    by Default - Set fact for sysctl paths
  ansible.builtin.set_fact:
    sysctl_paths:
    - /run/sysctl.d/
    - /etc/sysctl.d/
    - /usr/local/lib/sysctl.d/
    - /lib/sysctl.d/
  when: ("kernel-default" in ansible_facts.packages or "kernel-default-base" in ansible_facts.packages)
  tags:
  - CCE-85650-0
  - CJIS-5.10.1.1
  - DISA-STIG-SLES-15-040320
  - NIST-800-171-3.1.20
  - NIST-800-53-CM-7(a)
  - NIST-800-53-CM-7(b)
  - NIST-800-53-SC-5
  - NIST-800-53-SC-7(a)
  - disable_strategy
  - low_complexity
  - medium_disruption
  - medium_severity
  - reboot_required
  - sysctl_net_ipv4_conf_default_accept_source_route

- name: Disable Kernel Parameter for Accepting Source-Routed Packets on IPv4 Interfaces
    by Default - Find all files that contain net.ipv4.conf.default.accept_source_route
  ansible.builtin.shell:
    cmd: find -L {{ sysctl_paths | join(" ") }} -type f -name '*.conf' | xargs grep
      -HP '^\s*net.ipv4.conf.default.accept_source_route\s*=\s*.*$'
  register: find_all_values
  check_mode: false
  changed_when: false
  failed_when: false
  when: ("kernel-default" in ansible_facts.packages or "kernel-default-base" in ansible_facts.packages)
  tags:
  - CCE-85650-0
  - CJIS-5.10.1.1
  - DISA-STIG-SLES-15-040320
  - NIST-800-171-3.1.20
  - NIST-800-53-CM-7(a)
  - NIST-800-53-CM-7(b)
  - NIST-800-53-SC-5
  - NIST-800-53-SC-7(a)
  - disable_strategy
  - low_complexity
  - medium_disruption
  - medium_severity
  - reboot_required
  - sysctl_net_ipv4_conf_default_accept_source_route

- name: Disable Kernel Parameter for Accepting Source-Routed Packets on IPv4 Interfaces
    by Default - Find all files that set net.ipv4.conf.default.accept_source_route
    to correct value
  ansible.builtin.shell:
    cmd: find -L {{ sysctl_paths | join(" ") }} -type f -name '*.conf' | xargs grep
      -HP '^\s*net.ipv4.conf.default.accept_source_route\s*=\s*{{ sysctl_net_ipv4_conf_default_accept_source_route_value
      }}$'
  register: find_correct_value
  check_mode: false
  changed_when: false
  failed_when: false
  when: ("kernel-default" in ansible_facts.packages or "kernel-default-base" in ansible_facts.packages)
  tags:
  - CCE-85650-0
  - CJIS-5.10.1.1
  - DISA-STIG-SLES-15-040320
  - NIST-800-171-3.1.20
  - NIST-800-53-CM-7(a)
  - NIST-800-53-CM-7(b)
  - NIST-800-53-SC-5
  - NIST-800-53-SC-7(a)
  - disable_strategy
  - low_complexity
  - medium_disruption
  - medium_severity
  - reboot_required
  - sysctl_net_ipv4_conf_default_accept_source_route

- name: Disable Kernel Parameter for Accepting Source-Routed Packets on IPv4 Interfaces
    by Default - Comment out any occurrences of net.ipv4.conf.default.accept_source_route
    from config files
  ansible.builtin.replace:
    path: '{{ item | split(":") | first }}'
    regexp: ^[\s]*net.ipv4.conf.default.accept_source_route
    replace: '#net.ipv4.conf.default.accept_source_route'
  loop: '{{ find_all_values.stdout_lines }}'
  when:
  - ("kernel-default" in ansible_facts.packages or "kernel-default-base" in ansible_facts.packages)
  - find_correct_value.stdout_lines | length == 0 or find_all_values.stdout_lines
    | length &gt; find_correct_value.stdout_lines | length
  tags:
  - CCE-85650-0
  - CJIS-5.10.1.1
  - DISA-STIG-SLES-15-040320
  - NIST-800-171-3.1.20
  - NIST-800-53-CM-7(a)
  - NIST-800-53-CM-7(b)
  - NIST-800-53-SC-5
  - NIST-800-53-SC-7(a)
  - disable_strategy
  - low_complexity
  - medium_disruption
  - medium_severity
  - reboot_required
  - sysctl_net_ipv4_conf_default_accept_source_route

- name: Disable Kernel Parameter for Accepting Source-Routed Packets on IPv4 Interfaces
    by Default - Comment out any occurrences of net.ipv4.conf.default.accept_source_route
    from /etc/sysctl.conf
  ansible.builtin.replace:
    path: /etc/sysctl.conf
    regexp: ^[\s]*net.ipv4.conf.default.accept_source_route
    replace: '#net.ipv4.conf.default.accept_source_route'
  when: ("kernel-default" in ansible_facts.packages or "kernel-default-base" in ansible_facts.packages)
  tags:
  - CCE-85650-0
  - CJIS-5.10.1.1
  - DISA-STIG-SLES-15-040320
  - NIST-800-171-3.1.20
  - NIST-800-53-CM-7(a)
  - NIST-800-53-CM-7(b)
  - NIST-800-53-SC-5
  - NIST-800-53-SC-7(a)
  - disable_strategy
  - low_complexity
  - medium_disruption
  - medium_severity
  - reboot_required
  - sysctl_net_ipv4_conf_default_accept_source_route

- name: Disable Kernel Parameter for Accepting Source-Routed Packets on IPv4 Interfaces
    by Default - Ensure sysctl net.ipv4.conf.default.accept_source_route is set
  ansible.posix.sysctl:
    name: net.ipv4.conf.default.accept_source_route
    value: '{{ sysctl_net_ipv4_conf_default_accept_source_route_value }}'
    sysctl_file: /etc/sysctl.d/net_ipv4_conf_default_accept_source_route.conf
    state: present
    reload: true
  when: ("kernel-default" in ansible_facts.packages or "kernel-default-base" in ansible_facts.packages)
  tags:
  - CCE-85650-0
  - CJIS-5.10.1.1
  - DISA-STIG-SLES-15-040320
  - NIST-800-171-3.1.20
  - NIST-800-53-CM-7(a)
  - NIST-800-53-CM-7(b)
  - NIST-800-53-SC-5
  - NIST-800-53-SC-7(a)
  - disable_strategy
  - low_complexity
  - medium_disruption
  - medium_severity
  - reboot_required
  - sysctl_net_ipv4_conf_default_accept_source_route
</fix>
            <check system="http://open-scap.org/page/SCE">
              <check-import import-name="stdout">
                  </check-import>
              <check-export export-name="sysctl_net_ipv4_conf_default_accept_source_route_value" value-id="xccdf_org.ssgproject.content_value_sysctl_net_ipv4_conf_default_accept_source_route_value"/>
              <check-content-ref href="sle15/checks/sce/sysctl_net_ipv4_conf_default_accept_source_route.sh"/>
            </check>
            <check system="http://oval.mitre.org/XMLSchema/oval-definitions-5">
              <check-export export-name="oval:ssg-sysctl_net_ipv4_conf_default_accept_source_route_value:var:1" value-id="xccdf_org.ssgproject.content_value_sysctl_net_ipv4_conf_default_accept_source_route_value"/>
              <check-content-ref name="oval:ssg-sysctl_net_ipv4_conf_default_accept_source_route:def:1" href="ssg-sle15-oval.xml"/>
            </check>
            <check system="http://scap.nist.gov/schema/ocil/2">
              <check-content-ref name="ocil:ssg-sysctl_net_ipv4_conf_default_accept_source_route_ocil:questionnaire:1" href="ssg-sle15-ocil.xml"/>
            </check>
          </Rule>
          <Rule id="xccdf_org.ssgproject.content_rule_sysctl_net_ipv4_conf_default_log_martians" selected="false" role="full" severity="unknown">
            <title xmlns:xhtml="http://www.w3.org/1999/xhtml" xml:lang="en-US">Enable Kernel Parameter to Log Martian Packets on all IPv4 Interfaces by Default</title>
            <description xmlns:xhtml="http://www.w3.org/1999/xhtml" xml:lang="en-US">To set the runtime status of the <html:code xmlns:html="http://www.w3.org/1999/xhtml">net.ipv4.conf.default.log_martians</html:code> kernel parameter, run the following command: <html:pre xmlns:html="http://www.w3.org/1999/xhtml">$ sudo sysctl -w net.ipv4.conf.default.log_martians=1</html:pre>
To make sure that the setting is persistent, add the following line to a file in the directory <html:code xmlns:html="http://www.w3.org/1999/xhtml">/etc/sysctl.d</html:code>: <html:pre xmlns:html="http://www.w3.org/1999/xhtml">net.ipv4.conf.default.log_martians = 1</html:pre>
        </description>
            <reference href="https://www.cisecurity.org/controls/">1</reference>
            <reference href="https://www.cisecurity.org/controls/">11</reference>
            <reference href="https://www.cisecurity.org/controls/">12</reference>
            <reference href="https://www.cisecurity.org/controls/">13</reference>
            <reference href="https://www.cisecurity.org/controls/">14</reference>
            <reference href="https://www.cisecurity.org/controls/">15</reference>
            <reference href="https://www.cisecurity.org/controls/">16</reference>
            <reference href="https://www.cisecurity.org/controls/">2</reference>
            <reference href="https://www.cisecurity.org/controls/">3</reference>
            <reference href="https://www.cisecurity.org/controls/">7</reference>
            <reference href="https://www.cisecurity.org/controls/">8</reference>
            <reference href="https://www.cisecurity.org/controls/">9</reference>
            <reference href="https://www.isaca.org/resources/cobit">APO13.01</reference>
            <reference href="https://www.isaca.org/resources/cobit">BAI04.04</reference>
            <reference href="https://www.isaca.org/resources/cobit">BAI10.01</reference>
            <reference href="https://www.isaca.org/resources/cobit">BAI10.02</reference>
            <reference href="https://www.isaca.org/resources/cobit">BAI10.03</reference>
            <reference href="https://www.isaca.org/resources/cobit">BAI10.05</reference>
            <reference href="https://www.isaca.org/resources/cobit">DSS01.03</reference>
            <reference href="https://www.isaca.org/resources/cobit">DSS01.04</reference>
            <reference href="https://www.isaca.org/resources/cobit">DSS03.05</reference>
            <reference href="https://www.isaca.org/resources/cobit">DSS05.02</reference>
            <reference href="https://www.isaca.org/resources/cobit">DSS05.03</reference>
            <reference href="https://www.isaca.org/resources/cobit">DSS05.05</reference>
            <reference href="https://www.isaca.org/resources/cobit">DSS05.07</reference>
            <reference href="https://www.isaca.org/resources/cobit">DSS06.06</reference>
            <reference href="http://nvlpubs.nist.gov/nistpubs/SpecialPublications/NIST.SP.800-171.pdf">3.1.20</reference>
            <reference href="https://www.isa.org/products/isa-62443-2-1-2009-security-for-industrial-automat">4.3.3.5.1</reference>
            <reference href="https://www.isa.org/products/isa-62443-2-1-2009-security-for-industrial-automat">4.3.3.5.2</reference>
            <reference href="https://www.isa.org/products/isa-62443-2-1-2009-security-for-industrial-automat">4.3.3.5.3</reference>
            <reference href="https://www.isa.org/products/isa-62443-2-1-2009-security-for-industrial-automat">4.3.3.5.4</reference>
            <reference href="https://www.isa.org/products/isa-62443-2-1-2009-security-for-industrial-automat">4.3.3.5.5</reference>
            <reference href="https://www.isa.org/products/isa-62443-2-1-2009-security-for-industrial-automat">4.3.3.5.6</reference>
            <reference href="https://www.isa.org/products/isa-62443-2-1-2009-security-for-industrial-automat">4.3.3.5.7</reference>
            <reference href="https://www.isa.org/products/isa-62443-2-1-2009-security-for-industrial-automat">4.3.3.5.8</reference>
            <reference href="https://www.isa.org/products/isa-62443-2-1-2009-security-for-industrial-automat">4.3.3.6.1</reference>
            <reference href="https://www.isa.org/products/isa-62443-2-1-2009-security-for-industrial-automat">4.3.3.6.2</reference>
            <reference href="https://www.isa.org/products/isa-62443-2-1-2009-security-for-industrial-automat">4.3.3.6.3</reference>
            <reference href="https://www.isa.org/products/isa-62443-2-1-2009-security-for-industrial-automat">4.3.3.6.4</reference>
            <reference href="https://www.isa.org/products/isa-62443-2-1-2009-security-for-industrial-automat">4.3.3.6.5</reference>
            <reference href="https://www.isa.org/products/isa-62443-2-1-2009-security-for-industrial-automat">4.3.3.6.6</reference>
            <reference href="https://www.isa.org/products/isa-62443-2-1-2009-security-for-industrial-automat">4.3.3.6.7</reference>
            <reference href="https://www.isa.org/products/isa-62443-2-1-2009-security-for-industrial-automat">4.3.3.6.8</reference>
            <reference href="https://www.isa.org/products/isa-62443-2-1-2009-security-for-industrial-automat">4.3.3.6.9</reference>
            <reference href="https://www.isa.org/products/isa-62443-2-1-2009-security-for-industrial-automat">4.3.3.7.1</reference>
            <reference href="https://www.isa.org/products/isa-62443-2-1-2009-security-for-industrial-automat">4.3.3.7.2</reference>
            <reference href="https://www.isa.org/products/isa-62443-2-1-2009-security-for-industrial-automat">4.3.3.7.3</reference>
            <reference href="https://www.isa.org/products/isa-62443-2-1-2009-security-for-industrial-automat">4.3.3.7.4</reference>
            <reference href="https://www.isa.org/products/isa-62443-2-1-2009-security-for-industrial-automat">4.3.4.3.2</reference>
            <reference href="https://www.isa.org/products/isa-62443-2-1-2009-security-for-industrial-automat">4.3.4.3.3</reference>
            <reference href="https://www.isa.org/products/ansi-isa-62443-3-3-99-03-03-2013-security-for-indu">SR 1.1</reference>
            <reference href="https://www.isa.org/products/ansi-isa-62443-3-3-99-03-03-2013-security-for-indu">SR 1.10</reference>
            <reference href="https://www.isa.org/products/ansi-isa-62443-3-3-99-03-03-2013-security-for-indu">SR 1.11</reference>
            <reference href="https://www.isa.org/products/ansi-isa-62443-3-3-99-03-03-2013-security-for-indu">SR 1.12</reference>
            <reference href="https://www.isa.org/products/ansi-isa-62443-3-3-99-03-03-2013-security-for-indu">SR 1.13</reference>
            <reference href="https://www.isa.org/products/ansi-isa-62443-3-3-99-03-03-2013-security-for-indu">SR 1.2</reference>
            <reference href="https://www.isa.org/products/ansi-isa-62443-3-3-99-03-03-2013-security-for-indu">SR 1.3</reference>
            <reference href="https://www.isa.org/products/ansi-isa-62443-3-3-99-03-03-2013-security-for-indu">SR 1.4</reference>
            <reference href="https://www.isa.org/products/ansi-isa-62443-3-3-99-03-03-2013-security-for-indu">SR 1.5</reference>
            <reference href="https://www.isa.org/products/ansi-isa-62443-3-3-99-03-03-2013-security-for-indu">SR 1.6</reference>
            <reference href="https://www.isa.org/products/ansi-isa-62443-3-3-99-03-03-2013-security-for-indu">SR 1.7</reference>
            <reference href="https://www.isa.org/products/ansi-isa-62443-3-3-99-03-03-2013-security-for-indu">SR 1.8</reference>
            <reference href="https://www.isa.org/products/ansi-isa-62443-3-3-99-03-03-2013-security-for-indu">SR 1.9</reference>
            <reference href="https://www.isa.org/products/ansi-isa-62443-3-3-99-03-03-2013-security-for-indu">SR 2.1</reference>
            <reference href="https://www.isa.org/products/ansi-isa-62443-3-3-99-03-03-2013-security-for-indu">SR 2.2</reference>
            <reference href="https://www.isa.org/products/ansi-isa-62443-3-3-99-03-03-2013-security-for-indu">SR 2.3</reference>
            <reference href="https://www.isa.org/products/ansi-isa-62443-3-3-99-03-03-2013-security-for-indu">SR 2.4</reference>
            <reference href="https://www.isa.org/products/ansi-isa-62443-3-3-99-03-03-2013-security-for-indu">SR 2.5</reference>
            <reference href="https://www.isa.org/products/ansi-isa-62443-3-3-99-03-03-2013-security-for-indu">SR 2.6</reference>
            <reference href="https://www.isa.org/products/ansi-isa-62443-3-3-99-03-03-2013-security-for-indu">SR 2.7</reference>
            <reference href="https://www.isa.org/products/ansi-isa-62443-3-3-99-03-03-2013-security-for-indu">SR 3.1</reference>
            <reference href="https://www.isa.org/products/ansi-isa-62443-3-3-99-03-03-2013-security-for-indu">SR 3.5</reference>
            <reference href="https://www.isa.org/products/ansi-isa-62443-3-3-99-03-03-2013-security-for-indu">SR 3.8</reference>
            <reference href="https://www.isa.org/products/ansi-isa-62443-3-3-99-03-03-2013-security-for-indu">SR 4.1</reference>
            <reference href="https://www.isa.org/products/ansi-isa-62443-3-3-99-03-03-2013-security-for-indu">SR 4.3</reference>
            <reference href="https://www.isa.org/products/ansi-isa-62443-3-3-99-03-03-2013-security-for-indu">SR 5.1</reference>
            <reference href="https://www.isa.org/products/ansi-isa-62443-3-3-99-03-03-2013-security-for-indu">SR 5.2</reference>
            <reference href="https://www.isa.org/products/ansi-isa-62443-3-3-99-03-03-2013-security-for-indu">SR 5.3</reference>
            <reference href="https://www.isa.org/products/ansi-isa-62443-3-3-99-03-03-2013-security-for-indu">SR 6.2</reference>
            <reference href="https://www.isa.org/products/ansi-isa-62443-3-3-99-03-03-2013-security-for-indu">SR 7.1</reference>
            <reference href="https://www.isa.org/products/ansi-isa-62443-3-3-99-03-03-2013-security-for-indu">SR 7.2</reference>
            <reference href="https://www.isa.org/products/ansi-isa-62443-3-3-99-03-03-2013-security-for-indu">SR 7.6</reference>
            <reference href="https://www.iso.org/contents/data/standard/05/45/54534.html">A.11.2.6</reference>
            <reference href="https://www.iso.org/contents/data/standard/05/45/54534.html">A.12.1.2</reference>
            <reference href="https://www.iso.org/contents/data/standard/05/45/54534.html">A.12.1.3</reference>
            <reference href="https://www.iso.org/contents/data/standard/05/45/54534.html">A.12.5.1</reference>
            <reference href="https://www.iso.org/contents/data/standard/05/45/54534.html">A.12.6.2</reference>
            <reference href="https://www.iso.org/contents/data/standard/05/45/54534.html">A.13.1.1</reference>
            <reference href="https://www.iso.org/contents/data/standard/05/45/54534.html">A.13.2.1</reference>
            <reference href="https://www.iso.org/contents/data/standard/05/45/54534.html">A.14.1.3</reference>
            <reference href="https://www.iso.org/contents/data/standard/05/45/54534.html">A.14.2.2</reference>
            <reference href="https://www.iso.org/contents/data/standard/05/45/54534.html">A.14.2.3</reference>
            <reference href="https://www.iso.org/contents/data/standard/05/45/54534.html">A.14.2.4</reference>
            <reference href="https://www.iso.org/contents/data/standard/05/45/54534.html">A.17.2.1</reference>
            <reference href="https://www.iso.org/contents/data/standard/05/45/54534.html">A.6.2.1</reference>
            <reference href="https://www.iso.org/contents/data/standard/05/45/54534.html">A.6.2.2</reference>
            <reference href="https://www.iso.org/contents/data/standard/05/45/54534.html">A.9.1.2</reference>
            <reference href="http://nvlpubs.nist.gov/nistpubs/SpecialPublications/NIST.SP.800-53r4.pdf">CM-7(a)</reference>
            <reference href="http://nvlpubs.nist.gov/nistpubs/SpecialPublications/NIST.SP.800-53r4.pdf">CM-7(b)</reference>
            <reference href="http://nvlpubs.nist.gov/nistpubs/SpecialPublications/NIST.SP.800-53r4.pdf">SC-5(3)(a)</reference>
            <reference href="https://nvlpubs.nist.gov/nistpubs/CSWP/NIST.CSWP.04162018.pdf">DE.CM-1</reference>
            <reference href="https://nvlpubs.nist.gov/nistpubs/CSWP/NIST.CSWP.04162018.pdf">PR.AC-3</reference>
            <reference href="https://nvlpubs.nist.gov/nistpubs/CSWP/NIST.CSWP.04162018.pdf">PR.DS-4</reference>
            <reference href="https://nvlpubs.nist.gov/nistpubs/CSWP/NIST.CSWP.04162018.pdf">PR.IP-1</reference>
            <reference href="https://nvlpubs.nist.gov/nistpubs/CSWP/NIST.CSWP.04162018.pdf">PR.PT-3</reference>
            <reference href="https://nvlpubs.nist.gov/nistpubs/CSWP/NIST.CSWP.04162018.pdf">PR.PT-4</reference>
            <reference href="https://www.cyber.mil/stigs/downloads/?_dl_facet_stigs=operating-systems%2Cgeneral-purpose-os">SRG-OS-000480-GPOS-00227</reference>
            <reference href="https://www.cisecurity.org/benchmark/suse_linux/">3.3.4</reference>
            <reference href="not_publicly_available">SLES-15-450450135</reference>
            <rationale xmlns:xhtml="http://www.w3.org/1999/xhtml" xml:lang="en-US">The presence of "martian" packets (which have impossible addresses)
as well as spoofed packets, source-routed packets, and redirects could be a
sign of nefarious network activity. Logging these packets enables this activity
to be detected.</rationale>
            <ident system="https://ncp.nist.gov/cce">CCE-92482-9</ident>
            <fix xmlns:xhtml="http://www.w3.org/1999/xhtml" id="sysctl_net_ipv4_conf_default_log_martians" system="urn:xccdf:fix:script:sh" reboot="true" complexity="low" disruption="medium" strategy="disable"># Remediation is applicable only in certain platforms
if rpm --quiet -q kernel-default || rpm --quiet -q kernel-default-base; then

# Comment out any occurrences of net.ipv4.conf.default.log_martians from /etc/sysctl.d/*.conf files

for f in /etc/sysctl.d/*.conf /run/sysctl.d/*.conf /usr/local/lib/sysctl.d/*.conf /lib/sysctl.d/*.conf; do


  # skip systemd-sysctl symlink (/etc/sysctl.d/99-sysctl.conf -&gt; /etc/sysctl.conf)
  if [[ "$(readlink -f "$f")" == "/etc/sysctl.conf" ]]; then continue; fi

  matching_list=$(grep -P '^(?!#).*[\s]*net.ipv4.conf.default.log_martians.*$' $f | uniq )
  if ! test -z "$matching_list"; then
    while IFS= read -r entry; do
      escaped_entry=$(sed -e 's|/|\\/|g' &lt;&lt;&lt; "$entry")
      # comment out "net.ipv4.conf.default.log_martians" matches to preserve user data
      sed -i --follow-symlinks "s/^${escaped_entry}$/# &amp;/g" $f
    done &lt;&lt;&lt; "$matching_list"
  fi
done

#
# Set sysctl config file which to save the desired value
#

SYSCONFIG_FILE='/etc/sysctl.d/net_ipv4_conf_default_log_martians.conf'

sysctl_net_ipv4_conf_default_log_martians_value='<xccdf-1.2:sub xmlns:xccdf-1.2="http://checklists.nist.gov/xccdf/1.2" idref="xccdf_org.ssgproject.content_value_sysctl_net_ipv4_conf_default_log_martians_value" use="legacy"/>'


#
# Set runtime for net.ipv4.conf.default.log_martians
#
if ! { rpm --quiet -q kernel rpm-ostree bootc &amp;&amp; ! rpm --quiet -q openshift-kubelet &amp;&amp; { [ -f "/run/.containerenv" ] || [ -f "/.containerenv" ]; }; } ; then
    /sbin/sysctl -q -n -w net.ipv4.conf.default.log_martians="$sysctl_net_ipv4_conf_default_log_martians_value"
fi

#
# If net.ipv4.conf.default.log_martians present in /etc/sysctl.conf, change value to appropriate value
#	else, add "net.ipv4.conf.default.log_martians = value" to /etc/sysctl.conf
#

sed -i "/^$SYSCONFIG_VAR/d" /etc/sysctl.conf

# Strip any search characters in the key arg so that the key can be replaced without
# adding any search characters to the config file.
stripped_key=$(sed 's/[\^=\$,;+]*//g' &lt;&lt;&lt; "^net.ipv4.conf.default.log_martians")

# shellcheck disable=SC2059
printf -v formatted_output "%s = %s" "$stripped_key" "$sysctl_net_ipv4_conf_default_log_martians_value"

# If the key exists, change it. Otherwise, add it to the config_file.
# We search for the key string followed by a word boundary (matched by \&gt;),
# so if we search for 'setting', 'setting2' won't match.
if LC_ALL=C grep -q -m 1 -i -e "^net.ipv4.conf.default.log_martians\\&gt;" "${SYSCONFIG_FILE}"; then
    escaped_formatted_output=$(sed -e 's|/|\\/|g' &lt;&lt;&lt; "$formatted_output")
    LC_ALL=C sed -i --follow-symlinks "s/^net.ipv4.conf.default.log_martians\\&gt;.*/$escaped_formatted_output/gi" "${SYSCONFIG_FILE}"
else
    if [[ -s "${SYSCONFIG_FILE}" ]] &amp;&amp; [[ -n "$(tail -c 1 -- "${SYSCONFIG_FILE}" || true)" ]]; then
        LC_ALL=C sed -i --follow-symlinks '$a'\\ "${SYSCONFIG_FILE}"
    fi
    cce="CCE-92482-9"
    printf '# Per %s: Set %s in %s\n' "${cce}" "${formatted_output}" "${SYSCONFIG_FILE}" &gt;&gt; "${SYSCONFIG_FILE}"
    printf '%s\n' "$formatted_output" &gt;&gt; "${SYSCONFIG_FILE}"
fi

else
    &gt;&amp;2 echo 'Remediation is not applicable, nothing was done'
fi
</fix>
            <fix xmlns:xhtml="http://www.w3.org/1999/xhtml" id="sysctl_net_ipv4_conf_default_log_martians" system="urn:xccdf:fix:script:ansible" reboot="true" complexity="low" disruption="medium" strategy="disable">- name: Gather the package facts
  package_facts:
    manager: auto
  tags:
  - CCE-92482-9
  - NIST-800-171-3.1.20
  - NIST-800-53-CM-7(a)
  - NIST-800-53-CM-7(b)
  - NIST-800-53-SC-5(3)(a)
  - disable_strategy
  - low_complexity
  - medium_disruption
  - reboot_required
  - sysctl_net_ipv4_conf_default_log_martians
  - unknown_severity
- name: XCCDF Value sysctl_net_ipv4_conf_default_log_martians_value # promote to variable
  set_fact:
    sysctl_net_ipv4_conf_default_log_martians_value: !!str <xccdf-1.2:sub xmlns:xccdf-1.2="http://checklists.nist.gov/xccdf/1.2" idref="xccdf_org.ssgproject.content_value_sysctl_net_ipv4_conf_default_log_martians_value" use="legacy"/>
  tags:
    - always

- name: Enable Kernel Parameter to Log Martian Packets on all IPv4 Interfaces by Default
    - Set fact for sysctl paths
  ansible.builtin.set_fact:
    sysctl_paths:
    - /run/sysctl.d/
    - /etc/sysctl.d/
    - /usr/local/lib/sysctl.d/
    - /lib/sysctl.d/
  when: ("kernel-default" in ansible_facts.packages or "kernel-default-base" in ansible_facts.packages)
  tags:
  - CCE-92482-9
  - NIST-800-171-3.1.20
  - NIST-800-53-CM-7(a)
  - NIST-800-53-CM-7(b)
  - NIST-800-53-SC-5(3)(a)
  - disable_strategy
  - low_complexity
  - medium_disruption
  - reboot_required
  - sysctl_net_ipv4_conf_default_log_martians
  - unknown_severity

- name: Enable Kernel Parameter to Log Martian Packets on all IPv4 Interfaces by Default
    - Find all files that contain net.ipv4.conf.default.log_martians
  ansible.builtin.shell:
    cmd: find -L {{ sysctl_paths | join(" ") }} -type f -name '*.conf' | xargs grep
      -HP '^\s*net.ipv4.conf.default.log_martians\s*=\s*.*$'
  register: find_all_values
  check_mode: false
  changed_when: false
  failed_when: false
  when: ("kernel-default" in ansible_facts.packages or "kernel-default-base" in ansible_facts.packages)
  tags:
  - CCE-92482-9
  - NIST-800-171-3.1.20
  - NIST-800-53-CM-7(a)
  - NIST-800-53-CM-7(b)
  - NIST-800-53-SC-5(3)(a)
  - disable_strategy
  - low_complexity
  - medium_disruption
  - reboot_required
  - sysctl_net_ipv4_conf_default_log_martians
  - unknown_severity

- name: Enable Kernel Parameter to Log Martian Packets on all IPv4 Interfaces by Default
    - Find all files that set net.ipv4.conf.default.log_martians to correct value
  ansible.builtin.shell:
    cmd: find -L {{ sysctl_paths | join(" ") }} -type f -name '*.conf' | xargs grep
      -HP '^\s*net.ipv4.conf.default.log_martians\s*=\s*{{ sysctl_net_ipv4_conf_default_log_martians_value
      }}$'
  register: find_correct_value
  check_mode: false
  changed_when: false
  failed_when: false
  when: ("kernel-default" in ansible_facts.packages or "kernel-default-base" in ansible_facts.packages)
  tags:
  - CCE-92482-9
  - NIST-800-171-3.1.20
  - NIST-800-53-CM-7(a)
  - NIST-800-53-CM-7(b)
  - NIST-800-53-SC-5(3)(a)
  - disable_strategy
  - low_complexity
  - medium_disruption
  - reboot_required
  - sysctl_net_ipv4_conf_default_log_martians
  - unknown_severity

- name: Enable Kernel Parameter to Log Martian Packets on all IPv4 Interfaces by Default
    - Comment out any occurrences of net.ipv4.conf.default.log_martians from config
    files
  ansible.builtin.replace:
    path: '{{ item | split(":") | first }}'
    regexp: ^[\s]*net.ipv4.conf.default.log_martians
    replace: '#net.ipv4.conf.default.log_martians'
  loop: '{{ find_all_values.stdout_lines }}'
  when:
  - ("kernel-default" in ansible_facts.packages or "kernel-default-base" in ansible_facts.packages)
  - find_correct_value.stdout_lines | length == 0 or find_all_values.stdout_lines
    | length &gt; find_correct_value.stdout_lines | length
  tags:
  - CCE-92482-9
  - NIST-800-171-3.1.20
  - NIST-800-53-CM-7(a)
  - NIST-800-53-CM-7(b)
  - NIST-800-53-SC-5(3)(a)
  - disable_strategy
  - low_complexity
  - medium_disruption
  - reboot_required
  - sysctl_net_ipv4_conf_default_log_martians
  - unknown_severity

- name: Enable Kernel Parameter to Log Martian Packets on all IPv4 Interfaces by Default
    - Comment out any occurrences of net.ipv4.conf.default.log_martians from /etc/sysctl.conf
  ansible.builtin.replace:
    path: /etc/sysctl.conf
    regexp: ^[\s]*net.ipv4.conf.default.log_martians
    replace: '#net.ipv4.conf.default.log_martians'
  when: ("kernel-default" in ansible_facts.packages or "kernel-default-base" in ansible_facts.packages)
  tags:
  - CCE-92482-9
  - NIST-800-171-3.1.20
  - NIST-800-53-CM-7(a)
  - NIST-800-53-CM-7(b)
  - NIST-800-53-SC-5(3)(a)
  - disable_strategy
  - low_complexity
  - medium_disruption
  - reboot_required
  - sysctl_net_ipv4_conf_default_log_martians
  - unknown_severity

- name: Enable Kernel Parameter to Log Martian Packets on all IPv4 Interfaces by Default
    - Ensure sysctl net.ipv4.conf.default.log_martians is set
  ansible.posix.sysctl:
    name: net.ipv4.conf.default.log_martians
    value: '{{ sysctl_net_ipv4_conf_default_log_martians_value }}'
    sysctl_file: /etc/sysctl.d/net_ipv4_conf_default_log_martians.conf
    state: present
    reload: true
  when: ("kernel-default" in ansible_facts.packages or "kernel-default-base" in ansible_facts.packages)
  tags:
  - CCE-92482-9
  - NIST-800-171-3.1.20
  - NIST-800-53-CM-7(a)
  - NIST-800-53-CM-7(b)
  - NIST-800-53-SC-5(3)(a)
  - disable_strategy
  - low_complexity
  - medium_disruption
  - reboot_required
  - sysctl_net_ipv4_conf_default_log_martians
  - unknown_severity
</fix>
            <check system="http://open-scap.org/page/SCE">
              <check-import import-name="stdout">
                  </check-import>
              <check-export export-name="sysctl_net_ipv4_conf_default_log_martians_value" value-id="xccdf_org.ssgproject.content_value_sysctl_net_ipv4_conf_default_log_martians_value"/>
              <check-content-ref href="sle15/checks/sce/sysctl_net_ipv4_conf_default_log_martians.sh"/>
            </check>
            <check system="http://oval.mitre.org/XMLSchema/oval-definitions-5">
              <check-export export-name="oval:ssg-sysctl_net_ipv4_conf_default_log_martians_value:var:1" value-id="xccdf_org.ssgproject.content_value_sysctl_net_ipv4_conf_default_log_martians_value"/>
              <check-content-ref name="oval:ssg-sysctl_net_ipv4_conf_default_log_martians:def:1" href="ssg-sle15-oval.xml"/>
            </check>
            <check system="http://scap.nist.gov/schema/ocil/2">
              <check-content-ref name="ocil:ssg-sysctl_net_ipv4_conf_default_log_martians_ocil:questionnaire:1" href="ssg-sle15-ocil.xml"/>
            </check>
          </Rule>
          <Rule id="xccdf_org.ssgproject.content_rule_sysctl_net_ipv4_conf_default_rp_filter" selected="false" role="full" severity="medium">
            <title xmlns:xhtml="http://www.w3.org/1999/xhtml" xml:lang="en-US">Enable Kernel Parameter to Use Reverse Path Filtering on all IPv4 Interfaces by Default</title>
            <description xmlns:xhtml="http://www.w3.org/1999/xhtml" xml:lang="en-US">To set the runtime status of the <html:code xmlns:html="http://www.w3.org/1999/xhtml">net.ipv4.conf.default.rp_filter</html:code> kernel parameter, run the following command: <html:pre xmlns:html="http://www.w3.org/1999/xhtml">$ sudo sysctl -w net.ipv4.conf.default.rp_filter=1</html:pre>
To make sure that the setting is persistent, add the following line to a file in the directory <html:code xmlns:html="http://www.w3.org/1999/xhtml">/etc/sysctl.d</html:code>: <html:pre xmlns:html="http://www.w3.org/1999/xhtml">net.ipv4.conf.default.rp_filter = 1</html:pre>
        </description>
            <reference href="https://www.cisecurity.org/controls/">1</reference>
            <reference href="https://www.cisecurity.org/controls/">12</reference>
            <reference href="https://www.cisecurity.org/controls/">13</reference>
            <reference href="https://www.cisecurity.org/controls/">14</reference>
            <reference href="https://www.cisecurity.org/controls/">15</reference>
            <reference href="https://www.cisecurity.org/controls/">16</reference>
            <reference href="https://www.cisecurity.org/controls/">18</reference>
            <reference href="https://www.cisecurity.org/controls/">2</reference>
            <reference href="https://www.cisecurity.org/controls/">4</reference>
            <reference href="https://www.cisecurity.org/controls/">6</reference>
            <reference href="https://www.cisecurity.org/controls/">7</reference>
            <reference href="https://www.cisecurity.org/controls/">8</reference>
            <reference href="https://www.cisecurity.org/controls/">9</reference>
            <reference href="https://www.isaca.org/resources/cobit">APO01.06</reference>
            <reference href="https://www.isaca.org/resources/cobit">APO13.01</reference>
            <reference href="https://www.isaca.org/resources/cobit">BAI04.04</reference>
            <reference href="https://www.isaca.org/resources/cobit">DSS01.03</reference>
            <reference href="https://www.isaca.org/resources/cobit">DSS01.05</reference>
            <reference href="https://www.isaca.org/resources/cobit">DSS03.01</reference>
            <reference href="https://www.isaca.org/resources/cobit">DSS03.05</reference>
            <reference href="https://www.isaca.org/resources/cobit">DSS05.02</reference>
            <reference href="https://www.isaca.org/resources/cobit">DSS05.04</reference>
            <reference href="https://www.isaca.org/resources/cobit">DSS05.07</reference>
            <reference href="https://www.isaca.org/resources/cobit">DSS06.02</reference>
            <reference href="http://nvlpubs.nist.gov/nistpubs/SpecialPublications/NIST.SP.800-171.pdf">3.1.20</reference>
            <reference href="https://www.isa.org/products/isa-62443-2-1-2009-security-for-industrial-automat">4.2.3.4</reference>
            <reference href="https://www.isa.org/products/isa-62443-2-1-2009-security-for-industrial-automat">4.3.3.4</reference>
            <reference href="https://www.isa.org/products/isa-62443-2-1-2009-security-for-industrial-automat">4.4.3.3</reference>
            <reference href="https://www.isa.org/products/ansi-isa-62443-3-3-99-03-03-2013-security-for-indu">SR 3.1</reference>
            <reference href="https://www.isa.org/products/ansi-isa-62443-3-3-99-03-03-2013-security-for-indu">SR 3.5</reference>
            <reference href="https://www.isa.org/products/ansi-isa-62443-3-3-99-03-03-2013-security-for-indu">SR 3.8</reference>
            <reference href="https://www.isa.org/products/ansi-isa-62443-3-3-99-03-03-2013-security-for-indu">SR 4.1</reference>
            <reference href="https://www.isa.org/products/ansi-isa-62443-3-3-99-03-03-2013-security-for-indu">SR 4.3</reference>
            <reference href="https://www.isa.org/products/ansi-isa-62443-3-3-99-03-03-2013-security-for-indu">SR 5.1</reference>
            <reference href="https://www.isa.org/products/ansi-isa-62443-3-3-99-03-03-2013-security-for-indu">SR 5.2</reference>
            <reference href="https://www.isa.org/products/ansi-isa-62443-3-3-99-03-03-2013-security-for-indu">SR 5.3</reference>
            <reference href="https://www.isa.org/products/ansi-isa-62443-3-3-99-03-03-2013-security-for-indu">SR 6.2</reference>
            <reference href="https://www.isa.org/products/ansi-isa-62443-3-3-99-03-03-2013-security-for-indu">SR 7.1</reference>
            <reference href="https://www.isa.org/products/ansi-isa-62443-3-3-99-03-03-2013-security-for-indu">SR 7.2</reference>
            <reference href="https://www.isa.org/products/ansi-isa-62443-3-3-99-03-03-2013-security-for-indu">SR 7.6</reference>
            <reference href="https://www.iso.org/contents/data/standard/05/45/54534.html">A.10.1.1</reference>
            <reference href="https://www.iso.org/contents/data/standard/05/45/54534.html">A.11.1.4</reference>
            <reference href="https://www.iso.org/contents/data/standard/05/45/54534.html">A.11.1.5</reference>
            <reference href="https://www.iso.org/contents/data/standard/05/45/54534.html">A.11.2.1</reference>
            <reference href="https://www.iso.org/contents/data/standard/05/45/54534.html">A.12.1.1</reference>
            <reference href="https://www.iso.org/contents/data/standard/05/45/54534.html">A.12.1.2</reference>
            <reference href="https://www.iso.org/contents/data/standard/05/45/54534.html">A.12.1.3</reference>
            <reference href="https://www.iso.org/contents/data/standard/05/45/54534.html">A.13.1.1</reference>
            <reference href="https://www.iso.org/contents/data/standard/05/45/54534.html">A.13.1.2</reference>
            <reference href="https://www.iso.org/contents/data/standard/05/45/54534.html">A.13.1.3</reference>
            <reference href="https://www.iso.org/contents/data/standard/05/45/54534.html">A.13.2.1</reference>
            <reference href="https://www.iso.org/contents/data/standard/05/45/54534.html">A.13.2.2</reference>
            <reference href="https://www.iso.org/contents/data/standard/05/45/54534.html">A.13.2.3</reference>
            <reference href="https://www.iso.org/contents/data/standard/05/45/54534.html">A.13.2.4</reference>
            <reference href="https://www.iso.org/contents/data/standard/05/45/54534.html">A.14.1.2</reference>
            <reference href="https://www.iso.org/contents/data/standard/05/45/54534.html">A.14.1.3</reference>
            <reference href="https://www.iso.org/contents/data/standard/05/45/54534.html">A.17.2.1</reference>
            <reference href="https://www.iso.org/contents/data/standard/05/45/54534.html">A.6.1.2</reference>
            <reference href="https://www.iso.org/contents/data/standard/05/45/54534.html">A.7.1.1</reference>
            <reference href="https://www.iso.org/contents/data/standard/05/45/54534.html">A.7.1.2</reference>
            <reference href="https://www.iso.org/contents/data/standard/05/45/54534.html">A.7.3.1</reference>
            <reference href="https://www.iso.org/contents/data/standard/05/45/54534.html">A.8.2.2</reference>
            <reference href="https://www.iso.org/contents/data/standard/05/45/54534.html">A.8.2.3</reference>
            <reference href="https://www.iso.org/contents/data/standard/05/45/54534.html">A.9.1.1</reference>
            <reference href="https://www.iso.org/contents/data/standard/05/45/54534.html">A.9.1.2</reference>
            <reference href="https://www.iso.org/contents/data/standard/05/45/54534.html">A.9.2.3</reference>
            <reference href="https://www.iso.org/contents/data/standard/05/45/54534.html">A.9.4.1</reference>
            <reference href="https://www.iso.org/contents/data/standard/05/45/54534.html">A.9.4.4</reference>
            <reference href="https://www.iso.org/contents/data/standard/05/45/54534.html">A.9.4.5</reference>
            <reference href="http://nvlpubs.nist.gov/nistpubs/SpecialPublications/NIST.SP.800-53r4.pdf">CM-7(a)</reference>
            <reference href="http://nvlpubs.nist.gov/nistpubs/SpecialPublications/NIST.SP.800-53r4.pdf">CM-7(b)</reference>
            <reference href="http://nvlpubs.nist.gov/nistpubs/SpecialPublications/NIST.SP.800-53r4.pdf">CM-6(a)</reference>
            <reference href="http://nvlpubs.nist.gov/nistpubs/SpecialPublications/NIST.SP.800-53r4.pdf">SC-7(a)</reference>
            <reference href="https://nvlpubs.nist.gov/nistpubs/CSWP/NIST.CSWP.04162018.pdf">DE.AE-1</reference>
            <reference href="https://nvlpubs.nist.gov/nistpubs/CSWP/NIST.CSWP.04162018.pdf">DE.CM-1</reference>
            <reference href="https://nvlpubs.nist.gov/nistpubs/CSWP/NIST.CSWP.04162018.pdf">ID.AM-3</reference>
            <reference href="https://nvlpubs.nist.gov/nistpubs/CSWP/NIST.CSWP.04162018.pdf">PR.AC-5</reference>
            <reference href="https://nvlpubs.nist.gov/nistpubs/CSWP/NIST.CSWP.04162018.pdf">PR.DS-4</reference>
            <reference href="https://nvlpubs.nist.gov/nistpubs/CSWP/NIST.CSWP.04162018.pdf">PR.DS-5</reference>
            <reference href="https://nvlpubs.nist.gov/nistpubs/CSWP/NIST.CSWP.04162018.pdf">PR.PT-4</reference>
            <reference href="https://www.cyber.mil/stigs/downloads/?_dl_facet_stigs=operating-systems%2Cgeneral-purpose-os">SRG-OS-000480-GPOS-00227</reference>
            <reference href="https://www.cisecurity.org/benchmark/suse_linux/">3.3.7</reference>
            <reference href="https://cyber.gouv.fr/sites/default/files/document/linux_configuration-en-v2.pdf">R12</reference>
            <rationale xmlns:xhtml="http://www.w3.org/1999/xhtml" xml:lang="en-US">Enabling reverse path filtering drops packets with source addresses
that should not have been able to be received on the interface they were
received on. It should not be used on systems which are routers for
complicated networks, but is helpful for end hosts and routers serving small
networks.</rationale>
            <ident system="https://ncp.nist.gov/cce">CCE-91219-6</ident>
            <fix xmlns:xhtml="http://www.w3.org/1999/xhtml" id="sysctl_net_ipv4_conf_default_rp_filter" system="urn:xccdf:fix:script:sh" reboot="true" complexity="low" disruption="medium" strategy="disable"># Remediation is applicable only in certain platforms
if rpm --quiet -q kernel-default || rpm --quiet -q kernel-default-base; then

# Comment out any occurrences of net.ipv4.conf.default.rp_filter from /etc/sysctl.d/*.conf files

for f in /etc/sysctl.d/*.conf /run/sysctl.d/*.conf /usr/local/lib/sysctl.d/*.conf /lib/sysctl.d/*.conf; do


  # skip systemd-sysctl symlink (/etc/sysctl.d/99-sysctl.conf -&gt; /etc/sysctl.conf)
  if [[ "$(readlink -f "$f")" == "/etc/sysctl.conf" ]]; then continue; fi

  matching_list=$(grep -P '^(?!#).*[\s]*net.ipv4.conf.default.rp_filter.*$' $f | uniq )
  if ! test -z "$matching_list"; then
    while IFS= read -r entry; do
      escaped_entry=$(sed -e 's|/|\\/|g' &lt;&lt;&lt; "$entry")
      # comment out "net.ipv4.conf.default.rp_filter" matches to preserve user data
      sed -i --follow-symlinks "s/^${escaped_entry}$/# &amp;/g" $f
    done &lt;&lt;&lt; "$matching_list"
  fi
done

#
# Set sysctl config file which to save the desired value
#

SYSCONFIG_FILE='/etc/sysctl.d/net_ipv4_conf_default_rp_filter.conf'

sysctl_net_ipv4_conf_default_rp_filter_value='<xccdf-1.2:sub xmlns:xccdf-1.2="http://checklists.nist.gov/xccdf/1.2" idref="xccdf_org.ssgproject.content_value_sysctl_net_ipv4_conf_default_rp_filter_value" use="legacy"/>'


#
# Set runtime for net.ipv4.conf.default.rp_filter
#
if ! { rpm --quiet -q kernel rpm-ostree bootc &amp;&amp; ! rpm --quiet -q openshift-kubelet &amp;&amp; { [ -f "/run/.containerenv" ] || [ -f "/.containerenv" ]; }; } ; then
    /sbin/sysctl -q -n -w net.ipv4.conf.default.rp_filter="$sysctl_net_ipv4_conf_default_rp_filter_value"
fi

#
# If net.ipv4.conf.default.rp_filter present in /etc/sysctl.conf, change value to appropriate value
#	else, add "net.ipv4.conf.default.rp_filter = value" to /etc/sysctl.conf
#

sed -i "/^$SYSCONFIG_VAR/d" /etc/sysctl.conf

# Strip any search characters in the key arg so that the key can be replaced without
# adding any search characters to the config file.
stripped_key=$(sed 's/[\^=\$,;+]*//g' &lt;&lt;&lt; "^net.ipv4.conf.default.rp_filter")

# shellcheck disable=SC2059
printf -v formatted_output "%s = %s" "$stripped_key" "$sysctl_net_ipv4_conf_default_rp_filter_value"

# If the key exists, change it. Otherwise, add it to the config_file.
# We search for the key string followed by a word boundary (matched by \&gt;),
# so if we search for 'setting', 'setting2' won't match.
if LC_ALL=C grep -q -m 1 -i -e "^net.ipv4.conf.default.rp_filter\\&gt;" "${SYSCONFIG_FILE}"; then
    escaped_formatted_output=$(sed -e 's|/|\\/|g' &lt;&lt;&lt; "$formatted_output")
    LC_ALL=C sed -i --follow-symlinks "s/^net.ipv4.conf.default.rp_filter\\&gt;.*/$escaped_formatted_output/gi" "${SYSCONFIG_FILE}"
else
    if [[ -s "${SYSCONFIG_FILE}" ]] &amp;&amp; [[ -n "$(tail -c 1 -- "${SYSCONFIG_FILE}" || true)" ]]; then
        LC_ALL=C sed -i --follow-symlinks '$a'\\ "${SYSCONFIG_FILE}"
    fi
    cce="CCE-91219-6"
    printf '# Per %s: Set %s in %s\n' "${cce}" "${formatted_output}" "${SYSCONFIG_FILE}" &gt;&gt; "${SYSCONFIG_FILE}"
    printf '%s\n' "$formatted_output" &gt;&gt; "${SYSCONFIG_FILE}"
fi

else
    &gt;&amp;2 echo 'Remediation is not applicable, nothing was done'
fi
</fix>
            <fix xmlns:xhtml="http://www.w3.org/1999/xhtml" id="sysctl_net_ipv4_conf_default_rp_filter" system="urn:xccdf:fix:script:ansible" reboot="true" complexity="low" disruption="medium" strategy="disable">- name: Gather the package facts
  package_facts:
    manager: auto
  tags:
  - CCE-91219-6
  - NIST-800-171-3.1.20
  - NIST-800-53-CM-6(a)
  - NIST-800-53-CM-7(a)
  - NIST-800-53-CM-7(b)
  - NIST-800-53-SC-7(a)
  - disable_strategy
  - low_complexity
  - medium_disruption
  - medium_severity
  - reboot_required
  - sysctl_net_ipv4_conf_default_rp_filter
- name: XCCDF Value sysctl_net_ipv4_conf_default_rp_filter_value # promote to variable
  set_fact:
    sysctl_net_ipv4_conf_default_rp_filter_value: !!str <xccdf-1.2:sub xmlns:xccdf-1.2="http://checklists.nist.gov/xccdf/1.2" idref="xccdf_org.ssgproject.content_value_sysctl_net_ipv4_conf_default_rp_filter_value" use="legacy"/>
  tags:
    - always

- name: Enable Kernel Parameter to Use Reverse Path Filtering on all IPv4 Interfaces
    by Default - Set fact for sysctl paths
  ansible.builtin.set_fact:
    sysctl_paths:
    - /run/sysctl.d/
    - /etc/sysctl.d/
    - /usr/local/lib/sysctl.d/
    - /lib/sysctl.d/
  when: ("kernel-default" in ansible_facts.packages or "kernel-default-base" in ansible_facts.packages)
  tags:
  - CCE-91219-6
  - NIST-800-171-3.1.20
  - NIST-800-53-CM-6(a)
  - NIST-800-53-CM-7(a)
  - NIST-800-53-CM-7(b)
  - NIST-800-53-SC-7(a)
  - disable_strategy
  - low_complexity
  - medium_disruption
  - medium_severity
  - reboot_required
  - sysctl_net_ipv4_conf_default_rp_filter

- name: Enable Kernel Parameter to Use Reverse Path Filtering on all IPv4 Interfaces
    by Default - Find all files that contain net.ipv4.conf.default.rp_filter
  ansible.builtin.shell:
    cmd: find -L {{ sysctl_paths | join(" ") }} -type f -name '*.conf' | xargs grep
      -HP '^\s*net.ipv4.conf.default.rp_filter\s*=\s*.*$'
  register: find_all_values
  check_mode: false
  changed_when: false
  failed_when: false
  when: ("kernel-default" in ansible_facts.packages or "kernel-default-base" in ansible_facts.packages)
  tags:
  - CCE-91219-6
  - NIST-800-171-3.1.20
  - NIST-800-53-CM-6(a)
  - NIST-800-53-CM-7(a)
  - NIST-800-53-CM-7(b)
  - NIST-800-53-SC-7(a)
  - disable_strategy
  - low_complexity
  - medium_disruption
  - medium_severity
  - reboot_required
  - sysctl_net_ipv4_conf_default_rp_filter

- name: Enable Kernel Parameter to Use Reverse Path Filtering on all IPv4 Interfaces
    by Default - Find all files that set net.ipv4.conf.default.rp_filter to correct
    value
  ansible.builtin.shell:
    cmd: find -L {{ sysctl_paths | join(" ") }} -type f -name '*.conf' | xargs grep
      -HP '^\s*net.ipv4.conf.default.rp_filter\s*=\s*{{ sysctl_net_ipv4_conf_default_rp_filter_value
      }}$'
  register: find_correct_value
  check_mode: false
  changed_when: false
  failed_when: false
  when: ("kernel-default" in ansible_facts.packages or "kernel-default-base" in ansible_facts.packages)
  tags:
  - CCE-91219-6
  - NIST-800-171-3.1.20
  - NIST-800-53-CM-6(a)
  - NIST-800-53-CM-7(a)
  - NIST-800-53-CM-7(b)
  - NIST-800-53-SC-7(a)
  - disable_strategy
  - low_complexity
  - medium_disruption
  - medium_severity
  - reboot_required
  - sysctl_net_ipv4_conf_default_rp_filter

- name: Enable Kernel Parameter to Use Reverse Path Filtering on all IPv4 Interfaces
    by Default - Comment out any occurrences of net.ipv4.conf.default.rp_filter from
    config files
  ansible.builtin.replace:
    path: '{{ item | split(":") | first }}'
    regexp: ^[\s]*net.ipv4.conf.default.rp_filter
    replace: '#net.ipv4.conf.default.rp_filter'
  loop: '{{ find_all_values.stdout_lines }}'
  when:
  - ("kernel-default" in ansible_facts.packages or "kernel-default-base" in ansible_facts.packages)
  - find_correct_value.stdout_lines | length == 0 or find_all_values.stdout_lines
    | length &gt; find_correct_value.stdout_lines | length
  tags:
  - CCE-91219-6
  - NIST-800-171-3.1.20
  - NIST-800-53-CM-6(a)
  - NIST-800-53-CM-7(a)
  - NIST-800-53-CM-7(b)
  - NIST-800-53-SC-7(a)
  - disable_strategy
  - low_complexity
  - medium_disruption
  - medium_severity
  - reboot_required
  - sysctl_net_ipv4_conf_default_rp_filter

- name: Enable Kernel Parameter to Use Reverse Path Filtering on all IPv4 Interfaces
    by Default - Comment out any occurrences of net.ipv4.conf.default.rp_filter from
    /etc/sysctl.conf
  ansible.builtin.replace:
    path: /etc/sysctl.conf
    regexp: ^[\s]*net.ipv4.conf.default.rp_filter
    replace: '#net.ipv4.conf.default.rp_filter'
  when: ("kernel-default" in ansible_facts.packages or "kernel-default-base" in ansible_facts.packages)
  tags:
  - CCE-91219-6
  - NIST-800-171-3.1.20
  - NIST-800-53-CM-6(a)
  - NIST-800-53-CM-7(a)
  - NIST-800-53-CM-7(b)
  - NIST-800-53-SC-7(a)
  - disable_strategy
  - low_complexity
  - medium_disruption
  - medium_severity
  - reboot_required
  - sysctl_net_ipv4_conf_default_rp_filter

- name: Enable Kernel Parameter to Use Reverse Path Filtering on all IPv4 Interfaces
    by Default - Ensure sysctl net.ipv4.conf.default.rp_filter is set
  ansible.posix.sysctl:
    name: net.ipv4.conf.default.rp_filter
    value: '{{ sysctl_net_ipv4_conf_default_rp_filter_value }}'
    sysctl_file: /etc/sysctl.d/net_ipv4_conf_default_rp_filter.conf
    state: present
    reload: true
  when: ("kernel-default" in ansible_facts.packages or "kernel-default-base" in ansible_facts.packages)
  tags:
  - CCE-91219-6
  - NIST-800-171-3.1.20
  - NIST-800-53-CM-6(a)
  - NIST-800-53-CM-7(a)
  - NIST-800-53-CM-7(b)
  - NIST-800-53-SC-7(a)
  - disable_strategy
  - low_complexity
  - medium_disruption
  - medium_severity
  - reboot_required
  - sysctl_net_ipv4_conf_default_rp_filter
</fix>
            <check system="http://open-scap.org/page/SCE">
              <check-import import-name="stdout">
                  </check-import>
              <check-export export-name="sysctl_net_ipv4_conf_default_rp_filter_value" value-id="xccdf_org.ssgproject.content_value_sysctl_net_ipv4_conf_default_rp_filter_value"/>
              <check-content-ref href="sle15/checks/sce/sysctl_net_ipv4_conf_default_rp_filter.sh"/>
            </check>
            <check system="http://oval.mitre.org/XMLSchema/oval-definitions-5">
              <check-export export-name="oval:ssg-sysctl_net_ipv4_conf_default_rp_filter_value:var:1" value-id="xccdf_org.ssgproject.content_value_sysctl_net_ipv4_conf_default_rp_filter_value"/>
              <check-content-ref name="oval:ssg-sysctl_net_ipv4_conf_default_rp_filter:def:1" href="ssg-sle15-oval.xml"/>
            </check>
            <check system="http://scap.nist.gov/schema/ocil/2">
              <check-content-ref name="ocil:ssg-sysctl_net_ipv4_conf_default_rp_filter_ocil:questionnaire:1" href="ssg-sle15-ocil.xml"/>
            </check>
          </Rule>
          <Rule id="xccdf_org.ssgproject.content_rule_sysctl_net_ipv4_conf_default_secure_redirects" selected="false" role="full" severity="medium">
            <title xmlns:xhtml="http://www.w3.org/1999/xhtml" xml:lang="en-US">Configure Kernel Parameter for Accepting Secure Redirects By Default</title>
            <description xmlns:xhtml="http://www.w3.org/1999/xhtml" xml:lang="en-US">To set the runtime status of the <html:code xmlns:html="http://www.w3.org/1999/xhtml">net.ipv4.conf.default.secure_redirects</html:code> kernel parameter, run the following command: <html:pre xmlns:html="http://www.w3.org/1999/xhtml">$ sudo sysctl -w net.ipv4.conf.default.secure_redirects=0</html:pre>
To make sure that the setting is persistent, add the following line to a file in the directory <html:code xmlns:html="http://www.w3.org/1999/xhtml">/etc/sysctl.d</html:code>: <html:pre xmlns:html="http://www.w3.org/1999/xhtml">net.ipv4.conf.default.secure_redirects = 0</html:pre>
        </description>
            <reference href="https://www.cisecurity.org/controls/">1</reference>
            <reference href="https://www.cisecurity.org/controls/">11</reference>
            <reference href="https://www.cisecurity.org/controls/">12</reference>
            <reference href="https://www.cisecurity.org/controls/">13</reference>
            <reference href="https://www.cisecurity.org/controls/">14</reference>
            <reference href="https://www.cisecurity.org/controls/">15</reference>
            <reference href="https://www.cisecurity.org/controls/">16</reference>
            <reference href="https://www.cisecurity.org/controls/">18</reference>
            <reference href="https://www.cisecurity.org/controls/">2</reference>
            <reference href="https://www.cisecurity.org/controls/">3</reference>
            <reference href="https://www.cisecurity.org/controls/">4</reference>
            <reference href="https://www.cisecurity.org/controls/">6</reference>
            <reference href="https://www.cisecurity.org/controls/">7</reference>
            <reference href="https://www.cisecurity.org/controls/">8</reference>
            <reference href="https://www.cisecurity.org/controls/">9</reference>
            <reference href="https://www.isaca.org/resources/cobit">APO01.06</reference>
            <reference href="https://www.isaca.org/resources/cobit">APO13.01</reference>
            <reference href="https://www.isaca.org/resources/cobit">BAI04.04</reference>
            <reference href="https://www.isaca.org/resources/cobit">BAI10.01</reference>
            <reference href="https://www.isaca.org/resources/cobit">BAI10.02</reference>
            <reference href="https://www.isaca.org/resources/cobit">BAI10.03</reference>
            <reference href="https://www.isaca.org/resources/cobit">BAI10.05</reference>
            <reference href="https://www.isaca.org/resources/cobit">DSS01.03</reference>
            <reference href="https://www.isaca.org/resources/cobit">DSS01.05</reference>
            <reference href="https://www.isaca.org/resources/cobit">DSS03.01</reference>
            <reference href="https://www.isaca.org/resources/cobit">DSS03.05</reference>
            <reference href="https://www.isaca.org/resources/cobit">DSS05.02</reference>
            <reference href="https://www.isaca.org/resources/cobit">DSS05.04</reference>
            <reference href="https://www.isaca.org/resources/cobit">DSS05.05</reference>
            <reference href="https://www.isaca.org/resources/cobit">DSS05.07</reference>
            <reference href="https://www.isaca.org/resources/cobit">DSS06.02</reference>
            <reference href="https://www.isaca.org/resources/cobit">DSS06.06</reference>
            <reference href="http://nvlpubs.nist.gov/nistpubs/SpecialPublications/NIST.SP.800-171.pdf">3.1.20</reference>
            <reference href="https://www.isa.org/products/isa-62443-2-1-2009-security-for-industrial-automat">4.2.3.4</reference>
            <reference href="https://www.isa.org/products/isa-62443-2-1-2009-security-for-industrial-automat">4.3.3.4</reference>
            <reference href="https://www.isa.org/products/isa-62443-2-1-2009-security-for-industrial-automat">4.3.3.5.1</reference>
            <reference href="https://www.isa.org/products/isa-62443-2-1-2009-security-for-industrial-automat">4.3.3.5.2</reference>
            <reference href="https://www.isa.org/products/isa-62443-2-1-2009-security-for-industrial-automat">4.3.3.5.3</reference>
            <reference href="https://www.isa.org/products/isa-62443-2-1-2009-security-for-industrial-automat">4.3.3.5.4</reference>
            <reference href="https://www.isa.org/products/isa-62443-2-1-2009-security-for-industrial-automat">4.3.3.5.5</reference>
            <reference href="https://www.isa.org/products/isa-62443-2-1-2009-security-for-industrial-automat">4.3.3.5.6</reference>
            <reference href="https://www.isa.org/products/isa-62443-2-1-2009-security-for-industrial-automat">4.3.3.5.7</reference>
            <reference href="https://www.isa.org/products/isa-62443-2-1-2009-security-for-industrial-automat">4.3.3.5.8</reference>
            <reference href="https://www.isa.org/products/isa-62443-2-1-2009-security-for-industrial-automat">4.3.3.6.1</reference>
            <reference href="https://www.isa.org/products/isa-62443-2-1-2009-security-for-industrial-automat">4.3.3.6.2</reference>
            <reference href="https://www.isa.org/products/isa-62443-2-1-2009-security-for-industrial-automat">4.3.3.6.3</reference>
            <reference href="https://www.isa.org/products/isa-62443-2-1-2009-security-for-industrial-automat">4.3.3.6.4</reference>
            <reference href="https://www.isa.org/products/isa-62443-2-1-2009-security-for-industrial-automat">4.3.3.6.5</reference>
            <reference href="https://www.isa.org/products/isa-62443-2-1-2009-security-for-industrial-automat">4.3.3.6.6</reference>
            <reference href="https://www.isa.org/products/isa-62443-2-1-2009-security-for-industrial-automat">4.3.3.6.7</reference>
            <reference href="https://www.isa.org/products/isa-62443-2-1-2009-security-for-industrial-automat">4.3.3.6.8</reference>
            <reference href="https://www.isa.org/products/isa-62443-2-1-2009-security-for-industrial-automat">4.3.3.6.9</reference>
            <reference href="https://www.isa.org/products/isa-62443-2-1-2009-security-for-industrial-automat">4.3.3.7.1</reference>
            <reference href="https://www.isa.org/products/isa-62443-2-1-2009-security-for-industrial-automat">4.3.3.7.2</reference>
            <reference href="https://www.isa.org/products/isa-62443-2-1-2009-security-for-industrial-automat">4.3.3.7.3</reference>
            <reference href="https://www.isa.org/products/isa-62443-2-1-2009-security-for-industrial-automat">4.3.3.7.4</reference>
            <reference href="https://www.isa.org/products/isa-62443-2-1-2009-security-for-industrial-automat">4.3.4.3.2</reference>
            <reference href="https://www.isa.org/products/isa-62443-2-1-2009-security-for-industrial-automat">4.3.4.3.3</reference>
            <reference href="https://www.isa.org/products/isa-62443-2-1-2009-security-for-industrial-automat">4.4.3.3</reference>
            <reference href="https://www.isa.org/products/ansi-isa-62443-3-3-99-03-03-2013-security-for-indu">SR 1.1</reference>
            <reference href="https://www.isa.org/products/ansi-isa-62443-3-3-99-03-03-2013-security-for-indu">SR 1.10</reference>
            <reference href="https://www.isa.org/products/ansi-isa-62443-3-3-99-03-03-2013-security-for-indu">SR 1.11</reference>
            <reference href="https://www.isa.org/products/ansi-isa-62443-3-3-99-03-03-2013-security-for-indu">SR 1.12</reference>
            <reference href="https://www.isa.org/products/ansi-isa-62443-3-3-99-03-03-2013-security-for-indu">SR 1.13</reference>
            <reference href="https://www.isa.org/products/ansi-isa-62443-3-3-99-03-03-2013-security-for-indu">SR 1.2</reference>
            <reference href="https://www.isa.org/products/ansi-isa-62443-3-3-99-03-03-2013-security-for-indu">SR 1.3</reference>
            <reference href="https://www.isa.org/products/ansi-isa-62443-3-3-99-03-03-2013-security-for-indu">SR 1.4</reference>
            <reference href="https://www.isa.org/products/ansi-isa-62443-3-3-99-03-03-2013-security-for-indu">SR 1.5</reference>
            <reference href="https://www.isa.org/products/ansi-isa-62443-3-3-99-03-03-2013-security-for-indu">SR 1.6</reference>
            <reference href="https://www.isa.org/products/ansi-isa-62443-3-3-99-03-03-2013-security-for-indu">SR 1.7</reference>
            <reference href="https://www.isa.org/products/ansi-isa-62443-3-3-99-03-03-2013-security-for-indu">SR 1.8</reference>
            <reference href="https://www.isa.org/products/ansi-isa-62443-3-3-99-03-03-2013-security-for-indu">SR 1.9</reference>
            <reference href="https://www.isa.org/products/ansi-isa-62443-3-3-99-03-03-2013-security-for-indu">SR 2.1</reference>
            <reference href="https://www.isa.org/products/ansi-isa-62443-3-3-99-03-03-2013-security-for-indu">SR 2.2</reference>
            <reference href="https://www.isa.org/products/ansi-isa-62443-3-3-99-03-03-2013-security-for-indu">SR 2.3</reference>
            <reference href="https://www.isa.org/products/ansi-isa-62443-3-3-99-03-03-2013-security-for-indu">SR 2.4</reference>
            <reference href="https://www.isa.org/products/ansi-isa-62443-3-3-99-03-03-2013-security-for-indu">SR 2.5</reference>
            <reference href="https://www.isa.org/products/ansi-isa-62443-3-3-99-03-03-2013-security-for-indu">SR 2.6</reference>
            <reference href="https://www.isa.org/products/ansi-isa-62443-3-3-99-03-03-2013-security-for-indu">SR 2.7</reference>
            <reference href="https://www.isa.org/products/ansi-isa-62443-3-3-99-03-03-2013-security-for-indu">SR 3.1</reference>
            <reference href="https://www.isa.org/products/ansi-isa-62443-3-3-99-03-03-2013-security-for-indu">SR 3.5</reference>
            <reference href="https://www.isa.org/products/ansi-isa-62443-3-3-99-03-03-2013-security-for-indu">SR 3.8</reference>
            <reference href="https://www.isa.org/products/ansi-isa-62443-3-3-99-03-03-2013-security-for-indu">SR 4.1</reference>
            <reference href="https://www.isa.org/products/ansi-isa-62443-3-3-99-03-03-2013-security-for-indu">SR 4.3</reference>
            <reference href="https://www.isa.org/products/ansi-isa-62443-3-3-99-03-03-2013-security-for-indu">SR 5.1</reference>
            <reference href="https://www.isa.org/products/ansi-isa-62443-3-3-99-03-03-2013-security-for-indu">SR 5.2</reference>
            <reference href="https://www.isa.org/products/ansi-isa-62443-3-3-99-03-03-2013-security-for-indu">SR 5.3</reference>
            <reference href="https://www.isa.org/products/ansi-isa-62443-3-3-99-03-03-2013-security-for-indu">SR 6.2</reference>
            <reference href="https://www.isa.org/products/ansi-isa-62443-3-3-99-03-03-2013-security-for-indu">SR 7.1</reference>
            <reference href="https://www.isa.org/products/ansi-isa-62443-3-3-99-03-03-2013-security-for-indu">SR 7.2</reference>
            <reference href="https://www.isa.org/products/ansi-isa-62443-3-3-99-03-03-2013-security-for-indu">SR 7.6</reference>
            <reference href="https://www.iso.org/contents/data/standard/05/45/54534.html">A.10.1.1</reference>
            <reference href="https://www.iso.org/contents/data/standard/05/45/54534.html">A.11.1.4</reference>
            <reference href="https://www.iso.org/contents/data/standard/05/45/54534.html">A.11.1.5</reference>
            <reference href="https://www.iso.org/contents/data/standard/05/45/54534.html">A.11.2.1</reference>
            <reference href="https://www.iso.org/contents/data/standard/05/45/54534.html">A.12.1.1</reference>
            <reference href="https://www.iso.org/contents/data/standard/05/45/54534.html">A.12.1.2</reference>
            <reference href="https://www.iso.org/contents/data/standard/05/45/54534.html">A.12.1.3</reference>
            <reference href="https://www.iso.org/contents/data/standard/05/45/54534.html">A.12.5.1</reference>
            <reference href="https://www.iso.org/contents/data/standard/05/45/54534.html">A.12.6.2</reference>
            <reference href="https://www.iso.org/contents/data/standard/05/45/54534.html">A.13.1.1</reference>
            <reference href="https://www.iso.org/contents/data/standard/05/45/54534.html">A.13.1.2</reference>
            <reference href="https://www.iso.org/contents/data/standard/05/45/54534.html">A.13.1.3</reference>
            <reference href="https://www.iso.org/contents/data/standard/05/45/54534.html">A.13.2.1</reference>
            <reference href="https://www.iso.org/contents/data/standard/05/45/54534.html">A.13.2.2</reference>
            <reference href="https://www.iso.org/contents/data/standard/05/45/54534.html">A.13.2.3</reference>
            <reference href="https://www.iso.org/contents/data/standard/05/45/54534.html">A.13.2.4</reference>
            <reference href="https://www.iso.org/contents/data/standard/05/45/54534.html">A.14.1.2</reference>
            <reference href="https://www.iso.org/contents/data/standard/05/45/54534.html">A.14.1.3</reference>
            <reference href="https://www.iso.org/contents/data/standard/05/45/54534.html">A.14.2.2</reference>
            <reference href="https://www.iso.org/contents/data/standard/05/45/54534.html">A.14.2.3</reference>
            <reference href="https://www.iso.org/contents/data/standard/05/45/54534.html">A.14.2.4</reference>
            <reference href="https://www.iso.org/contents/data/standard/05/45/54534.html">A.17.2.1</reference>
            <reference href="https://www.iso.org/contents/data/standard/05/45/54534.html">A.6.1.2</reference>
            <reference href="https://www.iso.org/contents/data/standard/05/45/54534.html">A.7.1.1</reference>
            <reference href="https://www.iso.org/contents/data/standard/05/45/54534.html">A.7.1.2</reference>
            <reference href="https://www.iso.org/contents/data/standard/05/45/54534.html">A.7.3.1</reference>
            <reference href="https://www.iso.org/contents/data/standard/05/45/54534.html">A.8.2.2</reference>
            <reference href="https://www.iso.org/contents/data/standard/05/45/54534.html">A.8.2.3</reference>
            <reference href="https://www.iso.org/contents/data/standard/05/45/54534.html">A.9.1.1</reference>
            <reference href="https://www.iso.org/contents/data/standard/05/45/54534.html">A.9.1.2</reference>
            <reference href="https://www.iso.org/contents/data/standard/05/45/54534.html">A.9.2.3</reference>
            <reference href="https://www.iso.org/contents/data/standard/05/45/54534.html">A.9.4.1</reference>
            <reference href="https://www.iso.org/contents/data/standard/05/45/54534.html">A.9.4.4</reference>
            <reference href="https://www.iso.org/contents/data/standard/05/45/54534.html">A.9.4.5</reference>
            <reference href="https://www.nerc.com/standards/reliability-standards/cip">CIP-007-3 R4</reference>
            <reference href="https://www.nerc.com/standards/reliability-standards/cip">CIP-007-3 R4.1</reference>
            <reference href="https://www.nerc.com/standards/reliability-standards/cip">CIP-007-3 R4.2</reference>
            <reference href="https://www.nerc.com/standards/reliability-standards/cip">CIP-007-3 R5.1</reference>
            <reference href="http://nvlpubs.nist.gov/nistpubs/SpecialPublications/NIST.SP.800-53r4.pdf">CM-7(a)</reference>
            <reference href="http://nvlpubs.nist.gov/nistpubs/SpecialPublications/NIST.SP.800-53r4.pdf">CM-7(b)</reference>
            <reference href="http://nvlpubs.nist.gov/nistpubs/SpecialPublications/NIST.SP.800-53r4.pdf">SC-5</reference>
            <reference href="http://nvlpubs.nist.gov/nistpubs/SpecialPublications/NIST.SP.800-53r4.pdf">SC-7(a)</reference>
            <reference href="https://nvlpubs.nist.gov/nistpubs/CSWP/NIST.CSWP.04162018.pdf">DE.AE-1</reference>
            <reference href="https://nvlpubs.nist.gov/nistpubs/CSWP/NIST.CSWP.04162018.pdf">DE.CM-1</reference>
            <reference href="https://nvlpubs.nist.gov/nistpubs/CSWP/NIST.CSWP.04162018.pdf">ID.AM-3</reference>
            <reference href="https://nvlpubs.nist.gov/nistpubs/CSWP/NIST.CSWP.04162018.pdf">PR.AC-5</reference>
            <reference href="https://nvlpubs.nist.gov/nistpubs/CSWP/NIST.CSWP.04162018.pdf">PR.DS-4</reference>
            <reference href="https://nvlpubs.nist.gov/nistpubs/CSWP/NIST.CSWP.04162018.pdf">PR.DS-5</reference>
            <reference href="https://nvlpubs.nist.gov/nistpubs/CSWP/NIST.CSWP.04162018.pdf">PR.IP-1</reference>
            <reference href="https://nvlpubs.nist.gov/nistpubs/CSWP/NIST.CSWP.04162018.pdf">PR.PT-3</reference>
            <reference href="https://nvlpubs.nist.gov/nistpubs/CSWP/NIST.CSWP.04162018.pdf">PR.PT-4</reference>
            <reference href="https://www.cyber.mil/stigs/downloads/?_dl_facet_stigs=operating-systems%2Cgeneral-purpose-os">SRG-OS-000480-GPOS-00227</reference>
            <reference href="https://www.cisecurity.org/benchmark/suse_linux/">3.3.2</reference>
            <reference href="https://cyber.gouv.fr/sites/default/files/document/linux_configuration-en-v2.pdf">R12</reference>
            <reference href="not_publicly_available">SLES-15-450450090</reference>
            <rationale xmlns:xhtml="http://www.w3.org/1999/xhtml" xml:lang="en-US">Accepting "secure" ICMP redirects (from those gateways listed as
default gateways) has few legitimate uses. It should be disabled unless it is
absolutely required.</rationale>
            <ident system="https://ncp.nist.gov/cce">CCE-91221-2</ident>
            <fix xmlns:xhtml="http://www.w3.org/1999/xhtml" id="sysctl_net_ipv4_conf_default_secure_redirects" system="urn:xccdf:fix:script:sh" reboot="true" complexity="low" disruption="medium" strategy="disable"># Remediation is applicable only in certain platforms
if rpm --quiet -q kernel-default || rpm --quiet -q kernel-default-base; then

# Comment out any occurrences of net.ipv4.conf.default.secure_redirects from /etc/sysctl.d/*.conf files

for f in /etc/sysctl.d/*.conf /run/sysctl.d/*.conf /usr/local/lib/sysctl.d/*.conf /lib/sysctl.d/*.conf; do


  # skip systemd-sysctl symlink (/etc/sysctl.d/99-sysctl.conf -&gt; /etc/sysctl.conf)
  if [[ "$(readlink -f "$f")" == "/etc/sysctl.conf" ]]; then continue; fi

  matching_list=$(grep -P '^(?!#).*[\s]*net.ipv4.conf.default.secure_redirects.*$' $f | uniq )
  if ! test -z "$matching_list"; then
    while IFS= read -r entry; do
      escaped_entry=$(sed -e 's|/|\\/|g' &lt;&lt;&lt; "$entry")
      # comment out "net.ipv4.conf.default.secure_redirects" matches to preserve user data
      sed -i --follow-symlinks "s/^${escaped_entry}$/# &amp;/g" $f
    done &lt;&lt;&lt; "$matching_list"
  fi
done

#
# Set sysctl config file which to save the desired value
#

SYSCONFIG_FILE='/etc/sysctl.d/net_ipv4_conf_default_secure_redirects.conf'

sysctl_net_ipv4_conf_default_secure_redirects_value='<xccdf-1.2:sub xmlns:xccdf-1.2="http://checklists.nist.gov/xccdf/1.2" idref="xccdf_org.ssgproject.content_value_sysctl_net_ipv4_conf_default_secure_redirects_value" use="legacy"/>'


#
# Set runtime for net.ipv4.conf.default.secure_redirects
#
if ! { rpm --quiet -q kernel rpm-ostree bootc &amp;&amp; ! rpm --quiet -q openshift-kubelet &amp;&amp; { [ -f "/run/.containerenv" ] || [ -f "/.containerenv" ]; }; } ; then
    /sbin/sysctl -q -n -w net.ipv4.conf.default.secure_redirects="$sysctl_net_ipv4_conf_default_secure_redirects_value"
fi

#
# If net.ipv4.conf.default.secure_redirects present in /etc/sysctl.conf, change value to appropriate value
#	else, add "net.ipv4.conf.default.secure_redirects = value" to /etc/sysctl.conf
#

sed -i "/^$SYSCONFIG_VAR/d" /etc/sysctl.conf

# Strip any search characters in the key arg so that the key can be replaced without
# adding any search characters to the config file.
stripped_key=$(sed 's/[\^=\$,;+]*//g' &lt;&lt;&lt; "^net.ipv4.conf.default.secure_redirects")

# shellcheck disable=SC2059
printf -v formatted_output "%s = %s" "$stripped_key" "$sysctl_net_ipv4_conf_default_secure_redirects_value"

# If the key exists, change it. Otherwise, add it to the config_file.
# We search for the key string followed by a word boundary (matched by \&gt;),
# so if we search for 'setting', 'setting2' won't match.
if LC_ALL=C grep -q -m 1 -i -e "^net.ipv4.conf.default.secure_redirects\\&gt;" "${SYSCONFIG_FILE}"; then
    escaped_formatted_output=$(sed -e 's|/|\\/|g' &lt;&lt;&lt; "$formatted_output")
    LC_ALL=C sed -i --follow-symlinks "s/^net.ipv4.conf.default.secure_redirects\\&gt;.*/$escaped_formatted_output/gi" "${SYSCONFIG_FILE}"
else
    if [[ -s "${SYSCONFIG_FILE}" ]] &amp;&amp; [[ -n "$(tail -c 1 -- "${SYSCONFIG_FILE}" || true)" ]]; then
        LC_ALL=C sed -i --follow-symlinks '$a'\\ "${SYSCONFIG_FILE}"
    fi
    cce="CCE-91221-2"
    printf '# Per %s: Set %s in %s\n' "${cce}" "${formatted_output}" "${SYSCONFIG_FILE}" &gt;&gt; "${SYSCONFIG_FILE}"
    printf '%s\n' "$formatted_output" &gt;&gt; "${SYSCONFIG_FILE}"
fi

else
    &gt;&amp;2 echo 'Remediation is not applicable, nothing was done'
fi
</fix>
            <fix xmlns:xhtml="http://www.w3.org/1999/xhtml" id="sysctl_net_ipv4_conf_default_secure_redirects" system="urn:xccdf:fix:script:ansible" reboot="true" complexity="low" disruption="medium" strategy="disable">- name: Gather the package facts
  package_facts:
    manager: auto
  tags:
  - CCE-91221-2
  - NIST-800-171-3.1.20
  - NIST-800-53-CM-7(a)
  - NIST-800-53-CM-7(b)
  - NIST-800-53-SC-5
  - NIST-800-53-SC-7(a)
  - disable_strategy
  - low_complexity
  - medium_disruption
  - medium_severity
  - reboot_required
  - sysctl_net_ipv4_conf_default_secure_redirects
- name: XCCDF Value sysctl_net_ipv4_conf_default_secure_redirects_value # promote to variable
  set_fact:
    sysctl_net_ipv4_conf_default_secure_redirects_value: !!str <xccdf-1.2:sub xmlns:xccdf-1.2="http://checklists.nist.gov/xccdf/1.2" idref="xccdf_org.ssgproject.content_value_sysctl_net_ipv4_conf_default_secure_redirects_value" use="legacy"/>
  tags:
    - always

- name: Configure Kernel Parameter for Accepting Secure Redirects By Default - Set
    fact for sysctl paths
  ansible.builtin.set_fact:
    sysctl_paths:
    - /run/sysctl.d/
    - /etc/sysctl.d/
    - /usr/local/lib/sysctl.d/
    - /lib/sysctl.d/
  when: ("kernel-default" in ansible_facts.packages or "kernel-default-base" in ansible_facts.packages)
  tags:
  - CCE-91221-2
  - NIST-800-171-3.1.20
  - NIST-800-53-CM-7(a)
  - NIST-800-53-CM-7(b)
  - NIST-800-53-SC-5
  - NIST-800-53-SC-7(a)
  - disable_strategy
  - low_complexity
  - medium_disruption
  - medium_severity
  - reboot_required
  - sysctl_net_ipv4_conf_default_secure_redirects

- name: Configure Kernel Parameter for Accepting Secure Redirects By Default - Find
    all files that contain net.ipv4.conf.default.secure_redirects
  ansible.builtin.shell:
    cmd: find -L {{ sysctl_paths | join(" ") }} -type f -name '*.conf' | xargs grep
      -HP '^\s*net.ipv4.conf.default.secure_redirects\s*=\s*.*$'
  register: find_all_values
  check_mode: false
  changed_when: false
  failed_when: false
  when: ("kernel-default" in ansible_facts.packages or "kernel-default-base" in ansible_facts.packages)
  tags:
  - CCE-91221-2
  - NIST-800-171-3.1.20
  - NIST-800-53-CM-7(a)
  - NIST-800-53-CM-7(b)
  - NIST-800-53-SC-5
  - NIST-800-53-SC-7(a)
  - disable_strategy
  - low_complexity
  - medium_disruption
  - medium_severity
  - reboot_required
  - sysctl_net_ipv4_conf_default_secure_redirects

- name: Configure Kernel Parameter for Accepting Secure Redirects By Default - Find
    all files that set net.ipv4.conf.default.secure_redirects to correct value
  ansible.builtin.shell:
    cmd: find -L {{ sysctl_paths | join(" ") }} -type f -name '*.conf' | xargs grep
      -HP '^\s*net.ipv4.conf.default.secure_redirects\s*=\s*{{ sysctl_net_ipv4_conf_default_secure_redirects_value
      }}$'
  register: find_correct_value
  check_mode: false
  changed_when: false
  failed_when: false
  when: ("kernel-default" in ansible_facts.packages or "kernel-default-base" in ansible_facts.packages)
  tags:
  - CCE-91221-2
  - NIST-800-171-3.1.20
  - NIST-800-53-CM-7(a)
  - NIST-800-53-CM-7(b)
  - NIST-800-53-SC-5
  - NIST-800-53-SC-7(a)
  - disable_strategy
  - low_complexity
  - medium_disruption
  - medium_severity
  - reboot_required
  - sysctl_net_ipv4_conf_default_secure_redirects

- name: Configure Kernel Parameter for Accepting Secure Redirects By Default - Comment
    out any occurrences of net.ipv4.conf.default.secure_redirects from config files
  ansible.builtin.replace:
    path: '{{ item | split(":") | first }}'
    regexp: ^[\s]*net.ipv4.conf.default.secure_redirects
    replace: '#net.ipv4.conf.default.secure_redirects'
  loop: '{{ find_all_values.stdout_lines }}'
  when:
  - ("kernel-default" in ansible_facts.packages or "kernel-default-base" in ansible_facts.packages)
  - find_correct_value.stdout_lines | length == 0 or find_all_values.stdout_lines
    | length &gt; find_correct_value.stdout_lines | length
  tags:
  - CCE-91221-2
  - NIST-800-171-3.1.20
  - NIST-800-53-CM-7(a)
  - NIST-800-53-CM-7(b)
  - NIST-800-53-SC-5
  - NIST-800-53-SC-7(a)
  - disable_strategy
  - low_complexity
  - medium_disruption
  - medium_severity
  - reboot_required
  - sysctl_net_ipv4_conf_default_secure_redirects

- name: Configure Kernel Parameter for Accepting Secure Redirects By Default - Comment
    out any occurrences of net.ipv4.conf.default.secure_redirects from /etc/sysctl.conf
  ansible.builtin.replace:
    path: /etc/sysctl.conf
    regexp: ^[\s]*net.ipv4.conf.default.secure_redirects
    replace: '#net.ipv4.conf.default.secure_redirects'
  when: ("kernel-default" in ansible_facts.packages or "kernel-default-base" in ansible_facts.packages)
  tags:
  - CCE-91221-2
  - NIST-800-171-3.1.20
  - NIST-800-53-CM-7(a)
  - NIST-800-53-CM-7(b)
  - NIST-800-53-SC-5
  - NIST-800-53-SC-7(a)
  - disable_strategy
  - low_complexity
  - medium_disruption
  - medium_severity
  - reboot_required
  - sysctl_net_ipv4_conf_default_secure_redirects

- name: Configure Kernel Parameter for Accepting Secure Redirects By Default - Ensure
    sysctl net.ipv4.conf.default.secure_redirects is set
  ansible.posix.sysctl:
    name: net.ipv4.conf.default.secure_redirects
    value: '{{ sysctl_net_ipv4_conf_default_secure_redirects_value }}'
    sysctl_file: /etc/sysctl.d/net_ipv4_conf_default_secure_redirects.conf
    state: present
    reload: true
  when: ("kernel-default" in ansible_facts.packages or "kernel-default-base" in ansible_facts.packages)
  tags:
  - CCE-91221-2
  - NIST-800-171-3.1.20
  - NIST-800-53-CM-7(a)
  - NIST-800-53-CM-7(b)
  - NIST-800-53-SC-5
  - NIST-800-53-SC-7(a)
  - disable_strategy
  - low_complexity
  - medium_disruption
  - medium_severity
  - reboot_required
  - sysctl_net_ipv4_conf_default_secure_redirects
</fix>
            <check system="http://open-scap.org/page/SCE">
              <check-import import-name="stdout">
                  </check-import>
              <check-export export-name="sysctl_net_ipv4_conf_default_secure_redirects_value" value-id="xccdf_org.ssgproject.content_value_sysctl_net_ipv4_conf_default_secure_redirects_value"/>
              <check-content-ref href="sle15/checks/sce/sysctl_net_ipv4_conf_default_secure_redirects.sh"/>
            </check>
            <check system="http://oval.mitre.org/XMLSchema/oval-definitions-5">
              <check-export export-name="oval:ssg-sysctl_net_ipv4_conf_default_secure_redirects_value:var:1" value-id="xccdf_org.ssgproject.content_value_sysctl_net_ipv4_conf_default_secure_redirects_value"/>
              <check-content-ref name="oval:ssg-sysctl_net_ipv4_conf_default_secure_redirects:def:1" href="ssg-sle15-oval.xml"/>
            </check>
            <check system="http://scap.nist.gov/schema/ocil/2">
              <check-content-ref name="ocil:ssg-sysctl_net_ipv4_conf_default_secure_redirects_ocil:questionnaire:1" href="ssg-sle15-ocil.xml"/>
            </check>
          </Rule>
          <Rule id="xccdf_org.ssgproject.content_rule_sysctl_net_ipv4_conf_default_shared_media" selected="false" role="full" severity="medium">
            <title xmlns:xhtml="http://www.w3.org/1999/xhtml" xml:lang="en-US">Configure Sending and Accepting Shared Media Redirects by Default</title>
            <description xmlns:xhtml="http://www.w3.org/1999/xhtml" xml:lang="en-US">To set the runtime status of the <html:code xmlns:html="http://www.w3.org/1999/xhtml">net.ipv4.conf.default.shared_media</html:code> kernel parameter, run the following command: <html:pre xmlns:html="http://www.w3.org/1999/xhtml" xmlns:xccdf-1.2="http://checklists.nist.gov/xccdf/1.2">$ sudo sysctl -w net.ipv4.conf.default.shared_media=<xccdf-1.2:sub idref="xccdf_org.ssgproject.content_value_sysctl_net_ipv4_conf_default_shared_media_value" use="legacy"/>
         </html:pre>
To make sure that the setting is persistent, add the following line to a file in the directory <html:code xmlns:html="http://www.w3.org/1999/xhtml">/etc/sysctl.d</html:code>: <html:pre xmlns:html="http://www.w3.org/1999/xhtml" xmlns:xccdf-1.2="http://checklists.nist.gov/xccdf/1.2">net.ipv4.conf.default.shared_media = <xccdf-1.2:sub idref="xccdf_org.ssgproject.content_value_sysctl_net_ipv4_conf_default_shared_media_value" use="legacy"/>
         </html:pre>
        </description>
            <reference href="https://cyber.gouv.fr/sites/default/files/document/linux_configuration-en-v2.pdf">R12</reference>
            <rationale xmlns:xhtml="http://www.w3.org/1999/xhtml" xml:lang="en-US">This setting should be aligned with <html:code xmlns:html="http://www.w3.org/1999/xhtml">net.ipv4.conf.default.secure_redirects</html:code> because it overrides it.
If <html:code xmlns:html="http://www.w3.org/1999/xhtml">shared_media</html:code> is enabled for an interface <html:code xmlns:html="http://www.w3.org/1999/xhtml">secure_redirects</html:code> will be enabled too.</rationale>
            <fix xmlns:xhtml="http://www.w3.org/1999/xhtml" id="sysctl_net_ipv4_conf_default_shared_media" system="urn:xccdf:fix:script:sh" reboot="true" complexity="low" disruption="medium" strategy="disable"># Remediation is applicable only in certain platforms
if rpm --quiet -q kernel-default || rpm --quiet -q kernel-default-base; then

# Comment out any occurrences of net.ipv4.conf.default.shared_media from /etc/sysctl.d/*.conf files

for f in /etc/sysctl.d/*.conf /run/sysctl.d/*.conf /usr/local/lib/sysctl.d/*.conf /lib/sysctl.d/*.conf; do


  # skip systemd-sysctl symlink (/etc/sysctl.d/99-sysctl.conf -&gt; /etc/sysctl.conf)
  if [[ "$(readlink -f "$f")" == "/etc/sysctl.conf" ]]; then continue; fi

  matching_list=$(grep -P '^(?!#).*[\s]*net.ipv4.conf.default.shared_media.*$' $f | uniq )
  if ! test -z "$matching_list"; then
    while IFS= read -r entry; do
      escaped_entry=$(sed -e 's|/|\\/|g' &lt;&lt;&lt; "$entry")
      # comment out "net.ipv4.conf.default.shared_media" matches to preserve user data
      sed -i --follow-symlinks "s/^${escaped_entry}$/# &amp;/g" $f
    done &lt;&lt;&lt; "$matching_list"
  fi
done

#
# Set sysctl config file which to save the desired value
#

SYSCONFIG_FILE='/etc/sysctl.d/net_ipv4_conf_default_shared_media.conf'

sysctl_net_ipv4_conf_default_shared_media_value='<xccdf-1.2:sub xmlns:xccdf-1.2="http://checklists.nist.gov/xccdf/1.2" idref="xccdf_org.ssgproject.content_value_sysctl_net_ipv4_conf_default_shared_media_value" use="legacy"/>'


#
# Set runtime for net.ipv4.conf.default.shared_media
#
if ! { rpm --quiet -q kernel rpm-ostree bootc &amp;&amp; ! rpm --quiet -q openshift-kubelet &amp;&amp; { [ -f "/run/.containerenv" ] || [ -f "/.containerenv" ]; }; } ; then
    /sbin/sysctl -q -n -w net.ipv4.conf.default.shared_media="$sysctl_net_ipv4_conf_default_shared_media_value"
fi

#
# If net.ipv4.conf.default.shared_media present in /etc/sysctl.conf, change value to appropriate value
#	else, add "net.ipv4.conf.default.shared_media = value" to /etc/sysctl.conf
#

sed -i "/^$SYSCONFIG_VAR/d" /etc/sysctl.conf

# Strip any search characters in the key arg so that the key can be replaced without
# adding any search characters to the config file.
stripped_key=$(sed 's/[\^=\$,;+]*//g' &lt;&lt;&lt; "^net.ipv4.conf.default.shared_media")

# shellcheck disable=SC2059
printf -v formatted_output "%s = %s" "$stripped_key" "$sysctl_net_ipv4_conf_default_shared_media_value"

# If the key exists, change it. Otherwise, add it to the config_file.
# We search for the key string followed by a word boundary (matched by \&gt;),
# so if we search for 'setting', 'setting2' won't match.
if LC_ALL=C grep -q -m 1 -i -e "^net.ipv4.conf.default.shared_media\\&gt;" "${SYSCONFIG_FILE}"; then
    escaped_formatted_output=$(sed -e 's|/|\\/|g' &lt;&lt;&lt; "$formatted_output")
    LC_ALL=C sed -i --follow-symlinks "s/^net.ipv4.conf.default.shared_media\\&gt;.*/$escaped_formatted_output/gi" "${SYSCONFIG_FILE}"
else
    if [[ -s "${SYSCONFIG_FILE}" ]] &amp;&amp; [[ -n "$(tail -c 1 -- "${SYSCONFIG_FILE}" || true)" ]]; then
        LC_ALL=C sed -i --follow-symlinks '$a'\\ "${SYSCONFIG_FILE}"
    fi
    printf '%s\n' "$formatted_output" &gt;&gt; "${SYSCONFIG_FILE}"
fi

else
    &gt;&amp;2 echo 'Remediation is not applicable, nothing was done'
fi
</fix>
            <fix xmlns:xhtml="http://www.w3.org/1999/xhtml" id="sysctl_net_ipv4_conf_default_shared_media" system="urn:xccdf:fix:script:ansible" reboot="true" complexity="low" disruption="medium" strategy="disable">- name: Gather the package facts
  package_facts:
    manager: auto
  tags:
  - disable_strategy
  - low_complexity
  - medium_disruption
  - medium_severity
  - reboot_required
  - sysctl_net_ipv4_conf_default_shared_media
- name: XCCDF Value sysctl_net_ipv4_conf_default_shared_media_value # promote to variable
  set_fact:
    sysctl_net_ipv4_conf_default_shared_media_value: !!str <xccdf-1.2:sub xmlns:xccdf-1.2="http://checklists.nist.gov/xccdf/1.2" idref="xccdf_org.ssgproject.content_value_sysctl_net_ipv4_conf_default_shared_media_value" use="legacy"/>
  tags:
    - always

- name: Configure Sending and Accepting Shared Media Redirects by Default - Set fact
    for sysctl paths
  ansible.builtin.set_fact:
    sysctl_paths:
    - /run/sysctl.d/
    - /etc/sysctl.d/
    - /usr/local/lib/sysctl.d/
    - /lib/sysctl.d/
  when: ("kernel-default" in ansible_facts.packages or "kernel-default-base" in ansible_facts.packages)
  tags:
  - disable_strategy
  - low_complexity
  - medium_disruption
  - medium_severity
  - reboot_required
  - sysctl_net_ipv4_conf_default_shared_media

- name: Configure Sending and Accepting Shared Media Redirects by Default - Find all
    files that contain net.ipv4.conf.default.shared_media
  ansible.builtin.shell:
    cmd: find -L {{ sysctl_paths | join(" ") }} -type f -name '*.conf' | xargs grep
      -HP '^\s*net.ipv4.conf.default.shared_media\s*=\s*.*$'
  register: find_all_values
  check_mode: false
  changed_when: false
  failed_when: false
  when: ("kernel-default" in ansible_facts.packages or "kernel-default-base" in ansible_facts.packages)
  tags:
  - disable_strategy
  - low_complexity
  - medium_disruption
  - medium_severity
  - reboot_required
  - sysctl_net_ipv4_conf_default_shared_media

- name: Configure Sending and Accepting Shared Media Redirects by Default - Find all
    files that set net.ipv4.conf.default.shared_media to correct value
  ansible.builtin.shell:
    cmd: find -L {{ sysctl_paths | join(" ") }} -type f -name '*.conf' | xargs grep
      -HP '^\s*net.ipv4.conf.default.shared_media\s*=\s*{{ sysctl_net_ipv4_conf_default_shared_media_value
      }}$'
  register: find_correct_value
  check_mode: false
  changed_when: false
  failed_when: false
  when: ("kernel-default" in ansible_facts.packages or "kernel-default-base" in ansible_facts.packages)
  tags:
  - disable_strategy
  - low_complexity
  - medium_disruption
  - medium_severity
  - reboot_required
  - sysctl_net_ipv4_conf_default_shared_media

- name: Configure Sending and Accepting Shared Media Redirects by Default - Comment
    out any occurrences of net.ipv4.conf.default.shared_media from config files
  ansible.builtin.replace:
    path: '{{ item | split(":") | first }}'
    regexp: ^[\s]*net.ipv4.conf.default.shared_media
    replace: '#net.ipv4.conf.default.shared_media'
  loop: '{{ find_all_values.stdout_lines }}'
  when:
  - ("kernel-default" in ansible_facts.packages or "kernel-default-base" in ansible_facts.packages)
  - find_correct_value.stdout_lines | length == 0 or find_all_values.stdout_lines
    | length &gt; find_correct_value.stdout_lines | length
  tags:
  - disable_strategy
  - low_complexity
  - medium_disruption
  - medium_severity
  - reboot_required
  - sysctl_net_ipv4_conf_default_shared_media

- name: Configure Sending and Accepting Shared Media Redirects by Default - Comment
    out any occurrences of net.ipv4.conf.default.shared_media from /etc/sysctl.conf
  ansible.builtin.replace:
    path: /etc/sysctl.conf
    regexp: ^[\s]*net.ipv4.conf.default.shared_media
    replace: '#net.ipv4.conf.default.shared_media'
  when: ("kernel-default" in ansible_facts.packages or "kernel-default-base" in ansible_facts.packages)
  tags:
  - disable_strategy
  - low_complexity
  - medium_disruption
  - medium_severity
  - reboot_required
  - sysctl_net_ipv4_conf_default_shared_media

- name: Configure Sending and Accepting Shared Media Redirects by Default - Ensure
    sysctl net.ipv4.conf.default.shared_media is set
  ansible.posix.sysctl:
    name: net.ipv4.conf.default.shared_media
    value: '{{ sysctl_net_ipv4_conf_default_shared_media_value }}'
    sysctl_file: /etc/sysctl.d/net_ipv4_conf_default_shared_media.conf
    state: present
    reload: true
  when: ("kernel-default" in ansible_facts.packages or "kernel-default-base" in ansible_facts.packages)
  tags:
  - disable_strategy
  - low_complexity
  - medium_disruption
  - medium_severity
  - reboot_required
  - sysctl_net_ipv4_conf_default_shared_media
</fix>
            <check system="http://open-scap.org/page/SCE">
              <check-import import-name="stdout">
                  </check-import>
              <check-export export-name="sysctl_net_ipv4_conf_default_shared_media_value" value-id="xccdf_org.ssgproject.content_value_sysctl_net_ipv4_conf_default_shared_media_value"/>
              <check-content-ref href="sle15/checks/sce/sysctl_net_ipv4_conf_default_shared_media.sh"/>
            </check>
            <check system="http://oval.mitre.org/XMLSchema/oval-definitions-5">
              <check-export export-name="oval:ssg-sysctl_net_ipv4_conf_default_shared_media_value:var:1" value-id="xccdf_org.ssgproject.content_value_sysctl_net_ipv4_conf_default_shared_media_value"/>
              <check-content-ref name="oval:ssg-sysctl_net_ipv4_conf_default_shared_media:def:1" href="ssg-sle15-oval.xml"/>
            </check>
            <check system="http://scap.nist.gov/schema/ocil/2">
              <check-content-ref name="ocil:ssg-sysctl_net_ipv4_conf_default_shared_media_ocil:questionnaire:1" href="ssg-sle15-ocil.xml"/>
            </check>
          </Rule>
          <Rule id="xccdf_org.ssgproject.content_rule_sysctl_net_ipv4_icmp_echo_ignore_broadcasts" selected="false" role="full" severity="medium">
            <title xmlns:xhtml="http://www.w3.org/1999/xhtml" xml:lang="en-US">Enable Kernel Parameter to Ignore ICMP Broadcast Echo Requests on IPv4 Interfaces</title>
            <description xmlns:xhtml="http://www.w3.org/1999/xhtml" xml:lang="en-US">To set the runtime status of the <html:code xmlns:html="http://www.w3.org/1999/xhtml">net.ipv4.icmp_echo_ignore_broadcasts</html:code> kernel parameter, run the following command: <html:pre xmlns:html="http://www.w3.org/1999/xhtml">$ sudo sysctl -w net.ipv4.icmp_echo_ignore_broadcasts=1</html:pre>
To make sure that the setting is persistent, add the following line to a file in the directory <html:code xmlns:html="http://www.w3.org/1999/xhtml">/etc/sysctl.d</html:code>: <html:pre xmlns:html="http://www.w3.org/1999/xhtml">net.ipv4.icmp_echo_ignore_broadcasts = 1</html:pre>
        </description>
            <reference href="https://www.cisecurity.org/controls/">1</reference>
            <reference href="https://www.cisecurity.org/controls/">11</reference>
            <reference href="https://www.cisecurity.org/controls/">12</reference>
            <reference href="https://www.cisecurity.org/controls/">13</reference>
            <reference href="https://www.cisecurity.org/controls/">14</reference>
            <reference href="https://www.cisecurity.org/controls/">15</reference>
            <reference href="https://www.cisecurity.org/controls/">16</reference>
            <reference href="https://www.cisecurity.org/controls/">18</reference>
            <reference href="https://www.cisecurity.org/controls/">2</reference>
            <reference href="https://www.cisecurity.org/controls/">3</reference>
            <reference href="https://www.cisecurity.org/controls/">4</reference>
            <reference href="https://www.cisecurity.org/controls/">6</reference>
            <reference href="https://www.cisecurity.org/controls/">7</reference>
            <reference href="https://www.cisecurity.org/controls/">8</reference>
            <reference href="https://www.cisecurity.org/controls/">9</reference>
            <reference href="https://www.fbi.gov/file-repository/cjis-security-policy-v5_5_20160601-2-1.pdf">5.10.1.1</reference>
            <reference href="https://www.isaca.org/resources/cobit">APO01.06</reference>
            <reference href="https://www.isaca.org/resources/cobit">APO13.01</reference>
            <reference href="https://www.isaca.org/resources/cobit">BAI04.04</reference>
            <reference href="https://www.isaca.org/resources/cobit">BAI10.01</reference>
            <reference href="https://www.isaca.org/resources/cobit">BAI10.02</reference>
            <reference href="https://www.isaca.org/resources/cobit">BAI10.03</reference>
            <reference href="https://www.isaca.org/resources/cobit">BAI10.05</reference>
            <reference href="https://www.isaca.org/resources/cobit">DSS01.03</reference>
            <reference href="https://www.isaca.org/resources/cobit">DSS01.05</reference>
            <reference href="https://www.isaca.org/resources/cobit">DSS03.01</reference>
            <reference href="https://www.isaca.org/resources/cobit">DSS03.05</reference>
            <reference href="https://www.isaca.org/resources/cobit">DSS05.02</reference>
            <reference href="https://www.isaca.org/resources/cobit">DSS05.04</reference>
            <reference href="https://www.isaca.org/resources/cobit">DSS05.05</reference>
            <reference href="https://www.isaca.org/resources/cobit">DSS05.07</reference>
            <reference href="https://www.isaca.org/resources/cobit">DSS06.02</reference>
            <reference href="https://www.isaca.org/resources/cobit">DSS06.06</reference>
            <reference href="http://nvlpubs.nist.gov/nistpubs/SpecialPublications/NIST.SP.800-171.pdf">3.1.20</reference>
            <reference href="https://www.isa.org/products/isa-62443-2-1-2009-security-for-industrial-automat">4.2.3.4</reference>
            <reference href="https://www.isa.org/products/isa-62443-2-1-2009-security-for-industrial-automat">4.3.3.4</reference>
            <reference href="https://www.isa.org/products/isa-62443-2-1-2009-security-for-industrial-automat">4.3.3.5.1</reference>
            <reference href="https://www.isa.org/products/isa-62443-2-1-2009-security-for-industrial-automat">4.3.3.5.2</reference>
            <reference href="https://www.isa.org/products/isa-62443-2-1-2009-security-for-industrial-automat">4.3.3.5.3</reference>
            <reference href="https://www.isa.org/products/isa-62443-2-1-2009-security-for-industrial-automat">4.3.3.5.4</reference>
            <reference href="https://www.isa.org/products/isa-62443-2-1-2009-security-for-industrial-automat">4.3.3.5.5</reference>
            <reference href="https://www.isa.org/products/isa-62443-2-1-2009-security-for-industrial-automat">4.3.3.5.6</reference>
            <reference href="https://www.isa.org/products/isa-62443-2-1-2009-security-for-industrial-automat">4.3.3.5.7</reference>
            <reference href="https://www.isa.org/products/isa-62443-2-1-2009-security-for-industrial-automat">4.3.3.5.8</reference>
            <reference href="https://www.isa.org/products/isa-62443-2-1-2009-security-for-industrial-automat">4.3.3.6.1</reference>
            <reference href="https://www.isa.org/products/isa-62443-2-1-2009-security-for-industrial-automat">4.3.3.6.2</reference>
            <reference href="https://www.isa.org/products/isa-62443-2-1-2009-security-for-industrial-automat">4.3.3.6.3</reference>
            <reference href="https://www.isa.org/products/isa-62443-2-1-2009-security-for-industrial-automat">4.3.3.6.4</reference>
            <reference href="https://www.isa.org/products/isa-62443-2-1-2009-security-for-industrial-automat">4.3.3.6.5</reference>
            <reference href="https://www.isa.org/products/isa-62443-2-1-2009-security-for-industrial-automat">4.3.3.6.6</reference>
            <reference href="https://www.isa.org/products/isa-62443-2-1-2009-security-for-industrial-automat">4.3.3.6.7</reference>
            <reference href="https://www.isa.org/products/isa-62443-2-1-2009-security-for-industrial-automat">4.3.3.6.8</reference>
            <reference href="https://www.isa.org/products/isa-62443-2-1-2009-security-for-industrial-automat">4.3.3.6.9</reference>
            <reference href="https://www.isa.org/products/isa-62443-2-1-2009-security-for-industrial-automat">4.3.3.7.1</reference>
            <reference href="https://www.isa.org/products/isa-62443-2-1-2009-security-for-industrial-automat">4.3.3.7.2</reference>
            <reference href="https://www.isa.org/products/isa-62443-2-1-2009-security-for-industrial-automat">4.3.3.7.3</reference>
            <reference href="https://www.isa.org/products/isa-62443-2-1-2009-security-for-industrial-automat">4.3.3.7.4</reference>
            <reference href="https://www.isa.org/products/isa-62443-2-1-2009-security-for-industrial-automat">4.3.4.3.2</reference>
            <reference href="https://www.isa.org/products/isa-62443-2-1-2009-security-for-industrial-automat">4.3.4.3.3</reference>
            <reference href="https://www.isa.org/products/isa-62443-2-1-2009-security-for-industrial-automat">4.4.3.3</reference>
            <reference href="https://www.isa.org/products/ansi-isa-62443-3-3-99-03-03-2013-security-for-indu">SR 1.1</reference>
            <reference href="https://www.isa.org/products/ansi-isa-62443-3-3-99-03-03-2013-security-for-indu">SR 1.10</reference>
            <reference href="https://www.isa.org/products/ansi-isa-62443-3-3-99-03-03-2013-security-for-indu">SR 1.11</reference>
            <reference href="https://www.isa.org/products/ansi-isa-62443-3-3-99-03-03-2013-security-for-indu">SR 1.12</reference>
            <reference href="https://www.isa.org/products/ansi-isa-62443-3-3-99-03-03-2013-security-for-indu">SR 1.13</reference>
            <reference href="https://www.isa.org/products/ansi-isa-62443-3-3-99-03-03-2013-security-for-indu">SR 1.2</reference>
            <reference href="https://www.isa.org/products/ansi-isa-62443-3-3-99-03-03-2013-security-for-indu">SR 1.3</reference>
            <reference href="https://www.isa.org/products/ansi-isa-62443-3-3-99-03-03-2013-security-for-indu">SR 1.4</reference>
            <reference href="https://www.isa.org/products/ansi-isa-62443-3-3-99-03-03-2013-security-for-indu">SR 1.5</reference>
            <reference href="https://www.isa.org/products/ansi-isa-62443-3-3-99-03-03-2013-security-for-indu">SR 1.6</reference>
            <reference href="https://www.isa.org/products/ansi-isa-62443-3-3-99-03-03-2013-security-for-indu">SR 1.7</reference>
            <reference href="https://www.isa.org/products/ansi-isa-62443-3-3-99-03-03-2013-security-for-indu">SR 1.8</reference>
            <reference href="https://www.isa.org/products/ansi-isa-62443-3-3-99-03-03-2013-security-for-indu">SR 1.9</reference>
            <reference href="https://www.isa.org/products/ansi-isa-62443-3-3-99-03-03-2013-security-for-indu">SR 2.1</reference>
            <reference href="https://www.isa.org/products/ansi-isa-62443-3-3-99-03-03-2013-security-for-indu">SR 2.2</reference>
            <reference href="https://www.isa.org/products/ansi-isa-62443-3-3-99-03-03-2013-security-for-indu">SR 2.3</reference>
            <reference href="https://www.isa.org/products/ansi-isa-62443-3-3-99-03-03-2013-security-for-indu">SR 2.4</reference>
            <reference href="https://www.isa.org/products/ansi-isa-62443-3-3-99-03-03-2013-security-for-indu">SR 2.5</reference>
            <reference href="https://www.isa.org/products/ansi-isa-62443-3-3-99-03-03-2013-security-for-indu">SR 2.6</reference>
            <reference href="https://www.isa.org/products/ansi-isa-62443-3-3-99-03-03-2013-security-for-indu">SR 2.7</reference>
            <reference href="https://www.isa.org/products/ansi-isa-62443-3-3-99-03-03-2013-security-for-indu">SR 3.1</reference>
            <reference href="https://www.isa.org/products/ansi-isa-62443-3-3-99-03-03-2013-security-for-indu">SR 3.5</reference>
            <reference href="https://www.isa.org/products/ansi-isa-62443-3-3-99-03-03-2013-security-for-indu">SR 3.8</reference>
            <reference href="https://www.isa.org/products/ansi-isa-62443-3-3-99-03-03-2013-security-for-indu">SR 4.1</reference>
            <reference href="https://www.isa.org/products/ansi-isa-62443-3-3-99-03-03-2013-security-for-indu">SR 4.3</reference>
            <reference href="https://www.isa.org/products/ansi-isa-62443-3-3-99-03-03-2013-security-for-indu">SR 5.1</reference>
            <reference href="https://www.isa.org/products/ansi-isa-62443-3-3-99-03-03-2013-security-for-indu">SR 5.2</reference>
            <reference href="https://www.isa.org/products/ansi-isa-62443-3-3-99-03-03-2013-security-for-indu">SR 5.3</reference>
            <reference href="https://www.isa.org/products/ansi-isa-62443-3-3-99-03-03-2013-security-for-indu">SR 6.2</reference>
            <reference href="https://www.isa.org/products/ansi-isa-62443-3-3-99-03-03-2013-security-for-indu">SR 7.1</reference>
            <reference href="https://www.isa.org/products/ansi-isa-62443-3-3-99-03-03-2013-security-for-indu">SR 7.2</reference>
            <reference href="https://www.isa.org/products/ansi-isa-62443-3-3-99-03-03-2013-security-for-indu">SR 7.6</reference>
            <reference href="https://www.iso.org/contents/data/standard/05/45/54534.html">A.10.1.1</reference>
            <reference href="https://www.iso.org/contents/data/standard/05/45/54534.html">A.11.1.4</reference>
            <reference href="https://www.iso.org/contents/data/standard/05/45/54534.html">A.11.1.5</reference>
            <reference href="https://www.iso.org/contents/data/standard/05/45/54534.html">A.11.2.1</reference>
            <reference href="https://www.iso.org/contents/data/standard/05/45/54534.html">A.12.1.1</reference>
            <reference href="https://www.iso.org/contents/data/standard/05/45/54534.html">A.12.1.2</reference>
            <reference href="https://www.iso.org/contents/data/standard/05/45/54534.html">A.12.1.3</reference>
            <reference href="https://www.iso.org/contents/data/standard/05/45/54534.html">A.12.5.1</reference>
            <reference href="https://www.iso.org/contents/data/standard/05/45/54534.html">A.12.6.2</reference>
            <reference href="https://www.iso.org/contents/data/standard/05/45/54534.html">A.13.1.1</reference>
            <reference href="https://www.iso.org/contents/data/standard/05/45/54534.html">A.13.1.2</reference>
            <reference href="https://www.iso.org/contents/data/standard/05/45/54534.html">A.13.1.3</reference>
            <reference href="https://www.iso.org/contents/data/standard/05/45/54534.html">A.13.2.1</reference>
            <reference href="https://www.iso.org/contents/data/standard/05/45/54534.html">A.13.2.2</reference>
            <reference href="https://www.iso.org/contents/data/standard/05/45/54534.html">A.13.2.3</reference>
            <reference href="https://www.iso.org/contents/data/standard/05/45/54534.html">A.13.2.4</reference>
            <reference href="https://www.iso.org/contents/data/standard/05/45/54534.html">A.14.1.2</reference>
            <reference href="https://www.iso.org/contents/data/standard/05/45/54534.html">A.14.1.3</reference>
            <reference href="https://www.iso.org/contents/data/standard/05/45/54534.html">A.14.2.2</reference>
            <reference href="https://www.iso.org/contents/data/standard/05/45/54534.html">A.14.2.3</reference>
            <reference href="https://www.iso.org/contents/data/standard/05/45/54534.html">A.14.2.4</reference>
            <reference href="https://www.iso.org/contents/data/standard/05/45/54534.html">A.17.2.1</reference>
            <reference href="https://www.iso.org/contents/data/standard/05/45/54534.html">A.6.1.2</reference>
            <reference href="https://www.iso.org/contents/data/standard/05/45/54534.html">A.7.1.1</reference>
            <reference href="https://www.iso.org/contents/data/standard/05/45/54534.html">A.7.1.2</reference>
            <reference href="https://www.iso.org/contents/data/standard/05/45/54534.html">A.7.3.1</reference>
            <reference href="https://www.iso.org/contents/data/standard/05/45/54534.html">A.8.2.2</reference>
            <reference href="https://www.iso.org/contents/data/standard/05/45/54534.html">A.8.2.3</reference>
            <reference href="https://www.iso.org/contents/data/standard/05/45/54534.html">A.9.1.1</reference>
            <reference href="https://www.iso.org/contents/data/standard/05/45/54534.html">A.9.1.2</reference>
            <reference href="https://www.iso.org/contents/data/standard/05/45/54534.html">A.9.2.3</reference>
            <reference href="https://www.iso.org/contents/data/standard/05/45/54534.html">A.9.4.1</reference>
            <reference href="https://www.iso.org/contents/data/standard/05/45/54534.html">A.9.4.4</reference>
            <reference href="https://www.iso.org/contents/data/standard/05/45/54534.html">A.9.4.5</reference>
            <reference href="https://www.nerc.com/standards/reliability-standards/cip">CIP-007-3 R4</reference>
            <reference href="https://www.nerc.com/standards/reliability-standards/cip">CIP-007-3 R4.1</reference>
            <reference href="https://www.nerc.com/standards/reliability-standards/cip">CIP-007-3 R4.2</reference>
            <reference href="https://www.nerc.com/standards/reliability-standards/cip">CIP-007-3 R5.1</reference>
            <reference href="http://nvlpubs.nist.gov/nistpubs/SpecialPublications/NIST.SP.800-53r4.pdf">CM-7(a)</reference>
            <reference href="http://nvlpubs.nist.gov/nistpubs/SpecialPublications/NIST.SP.800-53r4.pdf">CM-7(b)</reference>
            <reference href="http://nvlpubs.nist.gov/nistpubs/SpecialPublications/NIST.SP.800-53r4.pdf">SC-5</reference>
            <reference href="https://nvlpubs.nist.gov/nistpubs/CSWP/NIST.CSWP.04162018.pdf">DE.AE-1</reference>
            <reference href="https://nvlpubs.nist.gov/nistpubs/CSWP/NIST.CSWP.04162018.pdf">DE.CM-1</reference>
            <reference href="https://nvlpubs.nist.gov/nistpubs/CSWP/NIST.CSWP.04162018.pdf">ID.AM-3</reference>
            <reference href="https://nvlpubs.nist.gov/nistpubs/CSWP/NIST.CSWP.04162018.pdf">PR.AC-5</reference>
            <reference href="https://nvlpubs.nist.gov/nistpubs/CSWP/NIST.CSWP.04162018.pdf">PR.DS-4</reference>
            <reference href="https://nvlpubs.nist.gov/nistpubs/CSWP/NIST.CSWP.04162018.pdf">PR.DS-5</reference>
            <reference href="https://nvlpubs.nist.gov/nistpubs/CSWP/NIST.CSWP.04162018.pdf">PR.IP-1</reference>
            <reference href="https://nvlpubs.nist.gov/nistpubs/CSWP/NIST.CSWP.04162018.pdf">PR.PT-3</reference>
            <reference href="https://nvlpubs.nist.gov/nistpubs/CSWP/NIST.CSWP.04162018.pdf">PR.PT-4</reference>
            <reference href="https://www.pcisecuritystandards.org/documents/PCI_DSS_v3-2-1.pdf">Req-1.4.3</reference>
            <reference href="https://www.cyber.mil/stigs/downloads/?_dl_facet_stigs=operating-systems%2Cgeneral-purpose-os">SRG-OS-000480-GPOS-00227</reference>
            <reference href="https://www.cisecurity.org/benchmark/suse_linux/">3.3.5</reference>
            <reference href="not_publicly_available">SLES-15-450450060</reference>
            <reference href="https://docs-prv.pcisecuritystandards.org/PCI%20DSS/Standard/PCI-DSS-v4_0.pdf">1.4.2</reference>
            <reference href="https://docs-prv.pcisecuritystandards.org/PCI%20DSS/Standard/PCI-DSS-v4_0.pdf">1.4</reference>
            <rationale xmlns:xhtml="http://www.w3.org/1999/xhtml" xml:lang="en-US">Responding to broadcast (ICMP) echoes facilitates network mapping
and provides a vector for amplification attacks.
<html:br xmlns:html="http://www.w3.org/1999/xhtml"/>
Ignoring ICMP echo requests (pings) sent to broadcast or multicast
addresses makes the system slightly more difficult to enumerate on the network.</rationale>
            <ident system="https://ncp.nist.gov/cce">CCE-91243-6</ident>
            <fix xmlns:xhtml="http://www.w3.org/1999/xhtml" id="sysctl_net_ipv4_icmp_echo_ignore_broadcasts" system="urn:xccdf:fix:script:sh" reboot="true" complexity="low" disruption="medium" strategy="disable"># Remediation is applicable only in certain platforms
if rpm --quiet -q kernel-default || rpm --quiet -q kernel-default-base; then

# Comment out any occurrences of net.ipv4.icmp_echo_ignore_broadcasts from /etc/sysctl.d/*.conf files

for f in /etc/sysctl.d/*.conf /run/sysctl.d/*.conf /usr/local/lib/sysctl.d/*.conf /lib/sysctl.d/*.conf; do


  # skip systemd-sysctl symlink (/etc/sysctl.d/99-sysctl.conf -&gt; /etc/sysctl.conf)
  if [[ "$(readlink -f "$f")" == "/etc/sysctl.conf" ]]; then continue; fi

  matching_list=$(grep -P '^(?!#).*[\s]*net.ipv4.icmp_echo_ignore_broadcasts.*$' $f | uniq )
  if ! test -z "$matching_list"; then
    while IFS= read -r entry; do
      escaped_entry=$(sed -e 's|/|\\/|g' &lt;&lt;&lt; "$entry")
      # comment out "net.ipv4.icmp_echo_ignore_broadcasts" matches to preserve user data
      sed -i --follow-symlinks "s/^${escaped_entry}$/# &amp;/g" $f
    done &lt;&lt;&lt; "$matching_list"
  fi
done

#
# Set sysctl config file which to save the desired value
#

SYSCONFIG_FILE='/etc/sysctl.d/net_ipv4_icmp_echo_ignore_broadcasts.conf'

sysctl_net_ipv4_icmp_echo_ignore_broadcasts_value='<xccdf-1.2:sub xmlns:xccdf-1.2="http://checklists.nist.gov/xccdf/1.2" idref="xccdf_org.ssgproject.content_value_sysctl_net_ipv4_icmp_echo_ignore_broadcasts_value" use="legacy"/>'


#
# Set runtime for net.ipv4.icmp_echo_ignore_broadcasts
#
if ! { rpm --quiet -q kernel rpm-ostree bootc &amp;&amp; ! rpm --quiet -q openshift-kubelet &amp;&amp; { [ -f "/run/.containerenv" ] || [ -f "/.containerenv" ]; }; } ; then
    /sbin/sysctl -q -n -w net.ipv4.icmp_echo_ignore_broadcasts="$sysctl_net_ipv4_icmp_echo_ignore_broadcasts_value"
fi

#
# If net.ipv4.icmp_echo_ignore_broadcasts present in /etc/sysctl.conf, change value to appropriate value
#	else, add "net.ipv4.icmp_echo_ignore_broadcasts = value" to /etc/sysctl.conf
#

sed -i "/^$SYSCONFIG_VAR/d" /etc/sysctl.conf

# Strip any search characters in the key arg so that the key can be replaced without
# adding any search characters to the config file.
stripped_key=$(sed 's/[\^=\$,;+]*//g' &lt;&lt;&lt; "^net.ipv4.icmp_echo_ignore_broadcasts")

# shellcheck disable=SC2059
printf -v formatted_output "%s = %s" "$stripped_key" "$sysctl_net_ipv4_icmp_echo_ignore_broadcasts_value"

# If the key exists, change it. Otherwise, add it to the config_file.
# We search for the key string followed by a word boundary (matched by \&gt;),
# so if we search for 'setting', 'setting2' won't match.
if LC_ALL=C grep -q -m 1 -i -e "^net.ipv4.icmp_echo_ignore_broadcasts\\&gt;" "${SYSCONFIG_FILE}"; then
    escaped_formatted_output=$(sed -e 's|/|\\/|g' &lt;&lt;&lt; "$formatted_output")
    LC_ALL=C sed -i --follow-symlinks "s/^net.ipv4.icmp_echo_ignore_broadcasts\\&gt;.*/$escaped_formatted_output/gi" "${SYSCONFIG_FILE}"
else
    if [[ -s "${SYSCONFIG_FILE}" ]] &amp;&amp; [[ -n "$(tail -c 1 -- "${SYSCONFIG_FILE}" || true)" ]]; then
        LC_ALL=C sed -i --follow-symlinks '$a'\\ "${SYSCONFIG_FILE}"
    fi
    cce="CCE-91243-6"
    printf '# Per %s: Set %s in %s\n' "${cce}" "${formatted_output}" "${SYSCONFIG_FILE}" &gt;&gt; "${SYSCONFIG_FILE}"
    printf '%s\n' "$formatted_output" &gt;&gt; "${SYSCONFIG_FILE}"
fi

else
    &gt;&amp;2 echo 'Remediation is not applicable, nothing was done'
fi
</fix>
            <fix xmlns:xhtml="http://www.w3.org/1999/xhtml" id="sysctl_net_ipv4_icmp_echo_ignore_broadcasts" system="urn:xccdf:fix:script:ansible" reboot="true" complexity="low" disruption="medium" strategy="disable">- name: Gather the package facts
  package_facts:
    manager: auto
  tags:
  - CCE-91243-6
  - CJIS-5.10.1.1
  - NIST-800-171-3.1.20
  - NIST-800-53-CM-7(a)
  - NIST-800-53-CM-7(b)
  - NIST-800-53-SC-5
  - PCI-DSS-Req-1.4.3
  - PCI-DSSv4-1.4
  - PCI-DSSv4-1.4.2
  - disable_strategy
  - low_complexity
  - medium_disruption
  - medium_severity
  - reboot_required
  - sysctl_net_ipv4_icmp_echo_ignore_broadcasts
- name: XCCDF Value sysctl_net_ipv4_icmp_echo_ignore_broadcasts_value # promote to variable
  set_fact:
    sysctl_net_ipv4_icmp_echo_ignore_broadcasts_value: !!str <xccdf-1.2:sub xmlns:xccdf-1.2="http://checklists.nist.gov/xccdf/1.2" idref="xccdf_org.ssgproject.content_value_sysctl_net_ipv4_icmp_echo_ignore_broadcasts_value" use="legacy"/>
  tags:
    - always

- name: Enable Kernel Parameter to Ignore ICMP Broadcast Echo Requests on IPv4 Interfaces
    - Set fact for sysctl paths
  ansible.builtin.set_fact:
    sysctl_paths:
    - /run/sysctl.d/
    - /etc/sysctl.d/
    - /usr/local/lib/sysctl.d/
    - /lib/sysctl.d/
  when: ("kernel-default" in ansible_facts.packages or "kernel-default-base" in ansible_facts.packages)
  tags:
  - CCE-91243-6
  - CJIS-5.10.1.1
  - NIST-800-171-3.1.20
  - NIST-800-53-CM-7(a)
  - NIST-800-53-CM-7(b)
  - NIST-800-53-SC-5
  - PCI-DSS-Req-1.4.3
  - PCI-DSSv4-1.4
  - PCI-DSSv4-1.4.2
  - disable_strategy
  - low_complexity
  - medium_disruption
  - medium_severity
  - reboot_required
  - sysctl_net_ipv4_icmp_echo_ignore_broadcasts

- name: Enable Kernel Parameter to Ignore ICMP Broadcast Echo Requests on IPv4 Interfaces
    - Find all files that contain net.ipv4.icmp_echo_ignore_broadcasts
  ansible.builtin.shell:
    cmd: find -L {{ sysctl_paths | join(" ") }} -type f -name '*.conf' | xargs grep
      -HP '^\s*net.ipv4.icmp_echo_ignore_broadcasts\s*=\s*.*$'
  register: find_all_values
  check_mode: false
  changed_when: false
  failed_when: false
  when: ("kernel-default" in ansible_facts.packages or "kernel-default-base" in ansible_facts.packages)
  tags:
  - CCE-91243-6
  - CJIS-5.10.1.1
  - NIST-800-171-3.1.20
  - NIST-800-53-CM-7(a)
  - NIST-800-53-CM-7(b)
  - NIST-800-53-SC-5
  - PCI-DSS-Req-1.4.3
  - PCI-DSSv4-1.4
  - PCI-DSSv4-1.4.2
  - disable_strategy
  - low_complexity
  - medium_disruption
  - medium_severity
  - reboot_required
  - sysctl_net_ipv4_icmp_echo_ignore_broadcasts

- name: Enable Kernel Parameter to Ignore ICMP Broadcast Echo Requests on IPv4 Interfaces
    - Find all files that set net.ipv4.icmp_echo_ignore_broadcasts to correct value
  ansible.builtin.shell:
    cmd: find -L {{ sysctl_paths | join(" ") }} -type f -name '*.conf' | xargs grep
      -HP '^\s*net.ipv4.icmp_echo_ignore_broadcasts\s*=\s*{{ sysctl_net_ipv4_icmp_echo_ignore_broadcasts_value
      }}$'
  register: find_correct_value
  check_mode: false
  changed_when: false
  failed_when: false
  when: ("kernel-default" in ansible_facts.packages or "kernel-default-base" in ansible_facts.packages)
  tags:
  - CCE-91243-6
  - CJIS-5.10.1.1
  - NIST-800-171-3.1.20
  - NIST-800-53-CM-7(a)
  - NIST-800-53-CM-7(b)
  - NIST-800-53-SC-5
  - PCI-DSS-Req-1.4.3
  - PCI-DSSv4-1.4
  - PCI-DSSv4-1.4.2
  - disable_strategy
  - low_complexity
  - medium_disruption
  - medium_severity
  - reboot_required
  - sysctl_net_ipv4_icmp_echo_ignore_broadcasts

- name: Enable Kernel Parameter to Ignore ICMP Broadcast Echo Requests on IPv4 Interfaces
    - Comment out any occurrences of net.ipv4.icmp_echo_ignore_broadcasts from config
    files
  ansible.builtin.replace:
    path: '{{ item | split(":") | first }}'
    regexp: ^[\s]*net.ipv4.icmp_echo_ignore_broadcasts
    replace: '#net.ipv4.icmp_echo_ignore_broadcasts'
  loop: '{{ find_all_values.stdout_lines }}'
  when:
  - ("kernel-default" in ansible_facts.packages or "kernel-default-base" in ansible_facts.packages)
  - find_correct_value.stdout_lines | length == 0 or find_all_values.stdout_lines
    | length &gt; find_correct_value.stdout_lines | length
  tags:
  - CCE-91243-6
  - CJIS-5.10.1.1
  - NIST-800-171-3.1.20
  - NIST-800-53-CM-7(a)
  - NIST-800-53-CM-7(b)
  - NIST-800-53-SC-5
  - PCI-DSS-Req-1.4.3
  - PCI-DSSv4-1.4
  - PCI-DSSv4-1.4.2
  - disable_strategy
  - low_complexity
  - medium_disruption
  - medium_severity
  - reboot_required
  - sysctl_net_ipv4_icmp_echo_ignore_broadcasts

- name: Enable Kernel Parameter to Ignore ICMP Broadcast Echo Requests on IPv4 Interfaces
    - Comment out any occurrences of net.ipv4.icmp_echo_ignore_broadcasts from /etc/sysctl.conf
  ansible.builtin.replace:
    path: /etc/sysctl.conf
    regexp: ^[\s]*net.ipv4.icmp_echo_ignore_broadcasts
    replace: '#net.ipv4.icmp_echo_ignore_broadcasts'
  when: ("kernel-default" in ansible_facts.packages or "kernel-default-base" in ansible_facts.packages)
  tags:
  - CCE-91243-6
  - CJIS-5.10.1.1
  - NIST-800-171-3.1.20
  - NIST-800-53-CM-7(a)
  - NIST-800-53-CM-7(b)
  - NIST-800-53-SC-5
  - PCI-DSS-Req-1.4.3
  - PCI-DSSv4-1.4
  - PCI-DSSv4-1.4.2
  - disable_strategy
  - low_complexity
  - medium_disruption
  - medium_severity
  - reboot_required
  - sysctl_net_ipv4_icmp_echo_ignore_broadcasts

- name: Enable Kernel Parameter to Ignore ICMP Broadcast Echo Requests on IPv4 Interfaces
    - Ensure sysctl net.ipv4.icmp_echo_ignore_broadcasts is set
  ansible.posix.sysctl:
    name: net.ipv4.icmp_echo_ignore_broadcasts
    value: '{{ sysctl_net_ipv4_icmp_echo_ignore_broadcasts_value }}'
    sysctl_file: /etc/sysctl.d/net_ipv4_icmp_echo_ignore_broadcasts.conf
    state: present
    reload: true
  when: ("kernel-default" in ansible_facts.packages or "kernel-default-base" in ansible_facts.packages)
  tags:
  - CCE-91243-6
  - CJIS-5.10.1.1
  - NIST-800-171-3.1.20
  - NIST-800-53-CM-7(a)
  - NIST-800-53-CM-7(b)
  - NIST-800-53-SC-5
  - PCI-DSS-Req-1.4.3
  - PCI-DSSv4-1.4
  - PCI-DSSv4-1.4.2
  - disable_strategy
  - low_complexity
  - medium_disruption
  - medium_severity
  - reboot_required
  - sysctl_net_ipv4_icmp_echo_ignore_broadcasts
</fix>
            <check system="http://open-scap.org/page/SCE">
              <check-import import-name="stdout">
                  </check-import>
              <check-export export-name="sysctl_net_ipv4_icmp_echo_ignore_broadcasts_value" value-id="xccdf_org.ssgproject.content_value_sysctl_net_ipv4_icmp_echo_ignore_broadcasts_value"/>
              <check-content-ref href="sle15/checks/sce/sysctl_net_ipv4_icmp_echo_ignore_broadcasts.sh"/>
            </check>
            <check system="http://oval.mitre.org/XMLSchema/oval-definitions-5">
              <check-export export-name="oval:ssg-sysctl_net_ipv4_icmp_echo_ignore_broadcasts_value:var:1" value-id="xccdf_org.ssgproject.content_value_sysctl_net_ipv4_icmp_echo_ignore_broadcasts_value"/>
              <check-content-ref name="oval:ssg-sysctl_net_ipv4_icmp_echo_ignore_broadcasts:def:1" href="ssg-sle15-oval.xml"/>
            </check>
            <check system="http://scap.nist.gov/schema/ocil/2">
              <check-content-ref name="ocil:ssg-sysctl_net_ipv4_icmp_echo_ignore_broadcasts_ocil:questionnaire:1" href="ssg-sle15-ocil.xml"/>
            </check>
          </Rule>
          <Rule id="xccdf_org.ssgproject.content_rule_sysctl_net_ipv4_icmp_ignore_bogus_error_responses" selected="false" role="full" severity="unknown">
            <title xmlns:xhtml="http://www.w3.org/1999/xhtml" xml:lang="en-US">Enable Kernel Parameter to Ignore Bogus ICMP Error Responses on IPv4 Interfaces</title>
            <description xmlns:xhtml="http://www.w3.org/1999/xhtml" xml:lang="en-US">To set the runtime status of the <html:code xmlns:html="http://www.w3.org/1999/xhtml">net.ipv4.icmp_ignore_bogus_error_responses</html:code> kernel parameter, run the following command: <html:pre xmlns:html="http://www.w3.org/1999/xhtml">$ sudo sysctl -w net.ipv4.icmp_ignore_bogus_error_responses=1</html:pre>
To make sure that the setting is persistent, add the following line to a file in the directory <html:code xmlns:html="http://www.w3.org/1999/xhtml">/etc/sysctl.d</html:code>: <html:pre xmlns:html="http://www.w3.org/1999/xhtml">net.ipv4.icmp_ignore_bogus_error_responses = 1</html:pre>
        </description>
            <reference href="https://www.cisecurity.org/controls/">1</reference>
            <reference href="https://www.cisecurity.org/controls/">11</reference>
            <reference href="https://www.cisecurity.org/controls/">12</reference>
            <reference href="https://www.cisecurity.org/controls/">13</reference>
            <reference href="https://www.cisecurity.org/controls/">14</reference>
            <reference href="https://www.cisecurity.org/controls/">15</reference>
            <reference href="https://www.cisecurity.org/controls/">16</reference>
            <reference href="https://www.cisecurity.org/controls/">2</reference>
            <reference href="https://www.cisecurity.org/controls/">3</reference>
            <reference href="https://www.cisecurity.org/controls/">7</reference>
            <reference href="https://www.cisecurity.org/controls/">8</reference>
            <reference href="https://www.cisecurity.org/controls/">9</reference>
            <reference href="https://www.isaca.org/resources/cobit">APO13.01</reference>
            <reference href="https://www.isaca.org/resources/cobit">BAI04.04</reference>
            <reference href="https://www.isaca.org/resources/cobit">BAI10.01</reference>
            <reference href="https://www.isaca.org/resources/cobit">BAI10.02</reference>
            <reference href="https://www.isaca.org/resources/cobit">BAI10.03</reference>
            <reference href="https://www.isaca.org/resources/cobit">BAI10.05</reference>
            <reference href="https://www.isaca.org/resources/cobit">DSS01.03</reference>
            <reference href="https://www.isaca.org/resources/cobit">DSS03.05</reference>
            <reference href="https://www.isaca.org/resources/cobit">DSS05.02</reference>
            <reference href="https://www.isaca.org/resources/cobit">DSS05.05</reference>
            <reference href="https://www.isaca.org/resources/cobit">DSS05.07</reference>
            <reference href="https://www.isaca.org/resources/cobit">DSS06.06</reference>
            <reference href="http://nvlpubs.nist.gov/nistpubs/SpecialPublications/NIST.SP.800-171.pdf">3.1.20</reference>
            <reference href="https://www.isa.org/products/isa-62443-2-1-2009-security-for-industrial-automat">4.3.3.5.1</reference>
            <reference href="https://www.isa.org/products/isa-62443-2-1-2009-security-for-industrial-automat">4.3.3.5.2</reference>
            <reference href="https://www.isa.org/products/isa-62443-2-1-2009-security-for-industrial-automat">4.3.3.5.3</reference>
            <reference href="https://www.isa.org/products/isa-62443-2-1-2009-security-for-industrial-automat">4.3.3.5.4</reference>
            <reference href="https://www.isa.org/products/isa-62443-2-1-2009-security-for-industrial-automat">4.3.3.5.5</reference>
            <reference href="https://www.isa.org/products/isa-62443-2-1-2009-security-for-industrial-automat">4.3.3.5.6</reference>
            <reference href="https://www.isa.org/products/isa-62443-2-1-2009-security-for-industrial-automat">4.3.3.5.7</reference>
            <reference href="https://www.isa.org/products/isa-62443-2-1-2009-security-for-industrial-automat">4.3.3.5.8</reference>
            <reference href="https://www.isa.org/products/isa-62443-2-1-2009-security-for-industrial-automat">4.3.3.6.1</reference>
            <reference href="https://www.isa.org/products/isa-62443-2-1-2009-security-for-industrial-automat">4.3.3.6.2</reference>
            <reference href="https://www.isa.org/products/isa-62443-2-1-2009-security-for-industrial-automat">4.3.3.6.3</reference>
            <reference href="https://www.isa.org/products/isa-62443-2-1-2009-security-for-industrial-automat">4.3.3.6.4</reference>
            <reference href="https://www.isa.org/products/isa-62443-2-1-2009-security-for-industrial-automat">4.3.3.6.5</reference>
            <reference href="https://www.isa.org/products/isa-62443-2-1-2009-security-for-industrial-automat">4.3.3.6.6</reference>
            <reference href="https://www.isa.org/products/isa-62443-2-1-2009-security-for-industrial-automat">4.3.3.6.7</reference>
            <reference href="https://www.isa.org/products/isa-62443-2-1-2009-security-for-industrial-automat">4.3.3.6.8</reference>
            <reference href="https://www.isa.org/products/isa-62443-2-1-2009-security-for-industrial-automat">4.3.3.6.9</reference>
            <reference href="https://www.isa.org/products/isa-62443-2-1-2009-security-for-industrial-automat">4.3.3.7.1</reference>
            <reference href="https://www.isa.org/products/isa-62443-2-1-2009-security-for-industrial-automat">4.3.3.7.2</reference>
            <reference href="https://www.isa.org/products/isa-62443-2-1-2009-security-for-industrial-automat">4.3.3.7.3</reference>
            <reference href="https://www.isa.org/products/isa-62443-2-1-2009-security-for-industrial-automat">4.3.3.7.4</reference>
            <reference href="https://www.isa.org/products/isa-62443-2-1-2009-security-for-industrial-automat">4.3.4.3.2</reference>
            <reference href="https://www.isa.org/products/isa-62443-2-1-2009-security-for-industrial-automat">4.3.4.3.3</reference>
            <reference href="https://www.isa.org/products/ansi-isa-62443-3-3-99-03-03-2013-security-for-indu">SR 1.1</reference>
            <reference href="https://www.isa.org/products/ansi-isa-62443-3-3-99-03-03-2013-security-for-indu">SR 1.10</reference>
            <reference href="https://www.isa.org/products/ansi-isa-62443-3-3-99-03-03-2013-security-for-indu">SR 1.11</reference>
            <reference href="https://www.isa.org/products/ansi-isa-62443-3-3-99-03-03-2013-security-for-indu">SR 1.12</reference>
            <reference href="https://www.isa.org/products/ansi-isa-62443-3-3-99-03-03-2013-security-for-indu">SR 1.13</reference>
            <reference href="https://www.isa.org/products/ansi-isa-62443-3-3-99-03-03-2013-security-for-indu">SR 1.2</reference>
            <reference href="https://www.isa.org/products/ansi-isa-62443-3-3-99-03-03-2013-security-for-indu">SR 1.3</reference>
            <reference href="https://www.isa.org/products/ansi-isa-62443-3-3-99-03-03-2013-security-for-indu">SR 1.4</reference>
            <reference href="https://www.isa.org/products/ansi-isa-62443-3-3-99-03-03-2013-security-for-indu">SR 1.5</reference>
            <reference href="https://www.isa.org/products/ansi-isa-62443-3-3-99-03-03-2013-security-for-indu">SR 1.6</reference>
            <reference href="https://www.isa.org/products/ansi-isa-62443-3-3-99-03-03-2013-security-for-indu">SR 1.7</reference>
            <reference href="https://www.isa.org/products/ansi-isa-62443-3-3-99-03-03-2013-security-for-indu">SR 1.8</reference>
            <reference href="https://www.isa.org/products/ansi-isa-62443-3-3-99-03-03-2013-security-for-indu">SR 1.9</reference>
            <reference href="https://www.isa.org/products/ansi-isa-62443-3-3-99-03-03-2013-security-for-indu">SR 2.1</reference>
            <reference href="https://www.isa.org/products/ansi-isa-62443-3-3-99-03-03-2013-security-for-indu">SR 2.2</reference>
            <reference href="https://www.isa.org/products/ansi-isa-62443-3-3-99-03-03-2013-security-for-indu">SR 2.3</reference>
            <reference href="https://www.isa.org/products/ansi-isa-62443-3-3-99-03-03-2013-security-for-indu">SR 2.4</reference>
            <reference href="https://www.isa.org/products/ansi-isa-62443-3-3-99-03-03-2013-security-for-indu">SR 2.5</reference>
            <reference href="https://www.isa.org/products/ansi-isa-62443-3-3-99-03-03-2013-security-for-indu">SR 2.6</reference>
            <reference href="https://www.isa.org/products/ansi-isa-62443-3-3-99-03-03-2013-security-for-indu">SR 2.7</reference>
            <reference href="https://www.isa.org/products/ansi-isa-62443-3-3-99-03-03-2013-security-for-indu">SR 6.2</reference>
            <reference href="https://www.isa.org/products/ansi-isa-62443-3-3-99-03-03-2013-security-for-indu">SR 7.1</reference>
            <reference href="https://www.isa.org/products/ansi-isa-62443-3-3-99-03-03-2013-security-for-indu">SR 7.2</reference>
            <reference href="https://www.isa.org/products/ansi-isa-62443-3-3-99-03-03-2013-security-for-indu">SR 7.6</reference>
            <reference href="https://www.iso.org/contents/data/standard/05/45/54534.html">A.12.1.2</reference>
            <reference href="https://www.iso.org/contents/data/standard/05/45/54534.html">A.12.1.3</reference>
            <reference href="https://www.iso.org/contents/data/standard/05/45/54534.html">A.12.5.1</reference>
            <reference href="https://www.iso.org/contents/data/standard/05/45/54534.html">A.12.6.2</reference>
            <reference href="https://www.iso.org/contents/data/standard/05/45/54534.html">A.14.2.2</reference>
            <reference href="https://www.iso.org/contents/data/standard/05/45/54534.html">A.14.2.3</reference>
            <reference href="https://www.iso.org/contents/data/standard/05/45/54534.html">A.14.2.4</reference>
            <reference href="https://www.iso.org/contents/data/standard/05/45/54534.html">A.17.2.1</reference>
            <reference href="https://www.iso.org/contents/data/standard/05/45/54534.html">A.9.1.2</reference>
            <reference href="https://www.nerc.com/standards/reliability-standards/cip">CIP-007-3 R4</reference>
            <reference href="https://www.nerc.com/standards/reliability-standards/cip">CIP-007-3 R4.1</reference>
            <reference href="https://www.nerc.com/standards/reliability-standards/cip">CIP-007-3 R4.2</reference>
            <reference href="https://www.nerc.com/standards/reliability-standards/cip">CIP-007-3 R5.1</reference>
            <reference href="http://nvlpubs.nist.gov/nistpubs/SpecialPublications/NIST.SP.800-53r4.pdf">CM-7(a)</reference>
            <reference href="http://nvlpubs.nist.gov/nistpubs/SpecialPublications/NIST.SP.800-53r4.pdf">CM-7(b)</reference>
            <reference href="http://nvlpubs.nist.gov/nistpubs/SpecialPublications/NIST.SP.800-53r4.pdf">SC-5</reference>
            <reference href="https://nvlpubs.nist.gov/nistpubs/CSWP/NIST.CSWP.04162018.pdf">DE.CM-1</reference>
            <reference href="https://nvlpubs.nist.gov/nistpubs/CSWP/NIST.CSWP.04162018.pdf">PR.DS-4</reference>
            <reference href="https://nvlpubs.nist.gov/nistpubs/CSWP/NIST.CSWP.04162018.pdf">PR.IP-1</reference>
            <reference href="https://nvlpubs.nist.gov/nistpubs/CSWP/NIST.CSWP.04162018.pdf">PR.PT-3</reference>
            <reference href="https://www.pcisecuritystandards.org/documents/PCI_DSS_v3-2-1.pdf">Req-1.4.3</reference>
            <reference href="https://www.cyber.mil/stigs/downloads/?_dl_facet_stigs=operating-systems%2Cgeneral-purpose-os">SRG-OS-000480-GPOS-00227</reference>
            <reference href="https://www.cisecurity.org/benchmark/suse_linux/">3.3.6</reference>
            <reference href="https://cyber.gouv.fr/sites/default/files/document/linux_configuration-en-v2.pdf">R12</reference>
            <reference href="not_publicly_available">SLES-15-450450045</reference>
            <reference href="https://docs-prv.pcisecuritystandards.org/PCI%20DSS/Standard/PCI-DSS-v4_0.pdf">1.4.2</reference>
            <reference href="https://docs-prv.pcisecuritystandards.org/PCI%20DSS/Standard/PCI-DSS-v4_0.pdf">1.4</reference>
            <rationale xmlns:xhtml="http://www.w3.org/1999/xhtml" xml:lang="en-US">Ignoring bogus ICMP error responses reduces
log size, although some activity would not be logged.</rationale>
            <ident system="https://ncp.nist.gov/cce">CCE-91224-6</ident>
            <fix xmlns:xhtml="http://www.w3.org/1999/xhtml" id="sysctl_net_ipv4_icmp_ignore_bogus_error_responses" system="urn:xccdf:fix:script:sh" reboot="true" complexity="low" disruption="medium" strategy="disable"># Remediation is applicable only in certain platforms
if rpm --quiet -q kernel-default || rpm --quiet -q kernel-default-base; then

# Comment out any occurrences of net.ipv4.icmp_ignore_bogus_error_responses from /etc/sysctl.d/*.conf files

for f in /etc/sysctl.d/*.conf /run/sysctl.d/*.conf /usr/local/lib/sysctl.d/*.conf /lib/sysctl.d/*.conf; do


  # skip systemd-sysctl symlink (/etc/sysctl.d/99-sysctl.conf -&gt; /etc/sysctl.conf)
  if [[ "$(readlink -f "$f")" == "/etc/sysctl.conf" ]]; then continue; fi

  matching_list=$(grep -P '^(?!#).*[\s]*net.ipv4.icmp_ignore_bogus_error_responses.*$' $f | uniq )
  if ! test -z "$matching_list"; then
    while IFS= read -r entry; do
      escaped_entry=$(sed -e 's|/|\\/|g' &lt;&lt;&lt; "$entry")
      # comment out "net.ipv4.icmp_ignore_bogus_error_responses" matches to preserve user data
      sed -i --follow-symlinks "s/^${escaped_entry}$/# &amp;/g" $f
    done &lt;&lt;&lt; "$matching_list"
  fi
done

#
# Set sysctl config file which to save the desired value
#

SYSCONFIG_FILE='/etc/sysctl.d/net_ipv4_icmp_ignore_bogus_error_responses.conf'

sysctl_net_ipv4_icmp_ignore_bogus_error_responses_value='<xccdf-1.2:sub xmlns:xccdf-1.2="http://checklists.nist.gov/xccdf/1.2" idref="xccdf_org.ssgproject.content_value_sysctl_net_ipv4_icmp_ignore_bogus_error_responses_value" use="legacy"/>'


#
# Set runtime for net.ipv4.icmp_ignore_bogus_error_responses
#
if ! { rpm --quiet -q kernel rpm-ostree bootc &amp;&amp; ! rpm --quiet -q openshift-kubelet &amp;&amp; { [ -f "/run/.containerenv" ] || [ -f "/.containerenv" ]; }; } ; then
    /sbin/sysctl -q -n -w net.ipv4.icmp_ignore_bogus_error_responses="$sysctl_net_ipv4_icmp_ignore_bogus_error_responses_value"
fi

#
# If net.ipv4.icmp_ignore_bogus_error_responses present in /etc/sysctl.conf, change value to appropriate value
#	else, add "net.ipv4.icmp_ignore_bogus_error_responses = value" to /etc/sysctl.conf
#

sed -i "/^$SYSCONFIG_VAR/d" /etc/sysctl.conf

# Strip any search characters in the key arg so that the key can be replaced without
# adding any search characters to the config file.
stripped_key=$(sed 's/[\^=\$,;+]*//g' &lt;&lt;&lt; "^net.ipv4.icmp_ignore_bogus_error_responses")

# shellcheck disable=SC2059
printf -v formatted_output "%s = %s" "$stripped_key" "$sysctl_net_ipv4_icmp_ignore_bogus_error_responses_value"

# If the key exists, change it. Otherwise, add it to the config_file.
# We search for the key string followed by a word boundary (matched by \&gt;),
# so if we search for 'setting', 'setting2' won't match.
if LC_ALL=C grep -q -m 1 -i -e "^net.ipv4.icmp_ignore_bogus_error_responses\\&gt;" "${SYSCONFIG_FILE}"; then
    escaped_formatted_output=$(sed -e 's|/|\\/|g' &lt;&lt;&lt; "$formatted_output")
    LC_ALL=C sed -i --follow-symlinks "s/^net.ipv4.icmp_ignore_bogus_error_responses\\&gt;.*/$escaped_formatted_output/gi" "${SYSCONFIG_FILE}"
else
    if [[ -s "${SYSCONFIG_FILE}" ]] &amp;&amp; [[ -n "$(tail -c 1 -- "${SYSCONFIG_FILE}" || true)" ]]; then
        LC_ALL=C sed -i --follow-symlinks '$a'\\ "${SYSCONFIG_FILE}"
    fi
    cce="CCE-91224-6"
    printf '# Per %s: Set %s in %s\n' "${cce}" "${formatted_output}" "${SYSCONFIG_FILE}" &gt;&gt; "${SYSCONFIG_FILE}"
    printf '%s\n' "$formatted_output" &gt;&gt; "${SYSCONFIG_FILE}"
fi

else
    &gt;&amp;2 echo 'Remediation is not applicable, nothing was done'
fi
</fix>
            <fix xmlns:xhtml="http://www.w3.org/1999/xhtml" id="sysctl_net_ipv4_icmp_ignore_bogus_error_responses" system="urn:xccdf:fix:script:ansible" reboot="true" complexity="low" disruption="medium" strategy="disable">- name: Gather the package facts
  package_facts:
    manager: auto
  tags:
  - CCE-91224-6
  - NIST-800-171-3.1.20
  - NIST-800-53-CM-7(a)
  - NIST-800-53-CM-7(b)
  - NIST-800-53-SC-5
  - PCI-DSS-Req-1.4.3
  - PCI-DSSv4-1.4
  - PCI-DSSv4-1.4.2
  - disable_strategy
  - low_complexity
  - medium_disruption
  - reboot_required
  - sysctl_net_ipv4_icmp_ignore_bogus_error_responses
  - unknown_severity
- name: XCCDF Value sysctl_net_ipv4_icmp_ignore_bogus_error_responses_value # promote to variable
  set_fact:
    sysctl_net_ipv4_icmp_ignore_bogus_error_responses_value: !!str <xccdf-1.2:sub xmlns:xccdf-1.2="http://checklists.nist.gov/xccdf/1.2" idref="xccdf_org.ssgproject.content_value_sysctl_net_ipv4_icmp_ignore_bogus_error_responses_value" use="legacy"/>
  tags:
    - always

- name: Enable Kernel Parameter to Ignore Bogus ICMP Error Responses on IPv4 Interfaces
    - Set fact for sysctl paths
  ansible.builtin.set_fact:
    sysctl_paths:
    - /run/sysctl.d/
    - /etc/sysctl.d/
    - /usr/local/lib/sysctl.d/
    - /lib/sysctl.d/
  when: ("kernel-default" in ansible_facts.packages or "kernel-default-base" in ansible_facts.packages)
  tags:
  - CCE-91224-6
  - NIST-800-171-3.1.20
  - NIST-800-53-CM-7(a)
  - NIST-800-53-CM-7(b)
  - NIST-800-53-SC-5
  - PCI-DSS-Req-1.4.3
  - PCI-DSSv4-1.4
  - PCI-DSSv4-1.4.2
  - disable_strategy
  - low_complexity
  - medium_disruption
  - reboot_required
  - sysctl_net_ipv4_icmp_ignore_bogus_error_responses
  - unknown_severity

- name: Enable Kernel Parameter to Ignore Bogus ICMP Error Responses on IPv4 Interfaces
    - Find all files that contain net.ipv4.icmp_ignore_bogus_error_responses
  ansible.builtin.shell:
    cmd: find -L {{ sysctl_paths | join(" ") }} -type f -name '*.conf' | xargs grep
      -HP '^\s*net.ipv4.icmp_ignore_bogus_error_responses\s*=\s*.*$'
  register: find_all_values
  check_mode: false
  changed_when: false
  failed_when: false
  when: ("kernel-default" in ansible_facts.packages or "kernel-default-base" in ansible_facts.packages)
  tags:
  - CCE-91224-6
  - NIST-800-171-3.1.20
  - NIST-800-53-CM-7(a)
  - NIST-800-53-CM-7(b)
  - NIST-800-53-SC-5
  - PCI-DSS-Req-1.4.3
  - PCI-DSSv4-1.4
  - PCI-DSSv4-1.4.2
  - disable_strategy
  - low_complexity
  - medium_disruption
  - reboot_required
  - sysctl_net_ipv4_icmp_ignore_bogus_error_responses
  - unknown_severity

- name: Enable Kernel Parameter to Ignore Bogus ICMP Error Responses on IPv4 Interfaces
    - Find all files that set net.ipv4.icmp_ignore_bogus_error_responses to correct
    value
  ansible.builtin.shell:
    cmd: find -L {{ sysctl_paths | join(" ") }} -type f -name '*.conf' | xargs grep
      -HP '^\s*net.ipv4.icmp_ignore_bogus_error_responses\s*=\s*{{ sysctl_net_ipv4_icmp_ignore_bogus_error_responses_value
      }}$'
  register: find_correct_value
  check_mode: false
  changed_when: false
  failed_when: false
  when: ("kernel-default" in ansible_facts.packages or "kernel-default-base" in ansible_facts.packages)
  tags:
  - CCE-91224-6
  - NIST-800-171-3.1.20
  - NIST-800-53-CM-7(a)
  - NIST-800-53-CM-7(b)
  - NIST-800-53-SC-5
  - PCI-DSS-Req-1.4.3
  - PCI-DSSv4-1.4
  - PCI-DSSv4-1.4.2
  - disable_strategy
  - low_complexity
  - medium_disruption
  - reboot_required
  - sysctl_net_ipv4_icmp_ignore_bogus_error_responses
  - unknown_severity

- name: Enable Kernel Parameter to Ignore Bogus ICMP Error Responses on IPv4 Interfaces
    - Comment out any occurrences of net.ipv4.icmp_ignore_bogus_error_responses from
    config files
  ansible.builtin.replace:
    path: '{{ item | split(":") | first }}'
    regexp: ^[\s]*net.ipv4.icmp_ignore_bogus_error_responses
    replace: '#net.ipv4.icmp_ignore_bogus_error_responses'
  loop: '{{ find_all_values.stdout_lines }}'
  when:
  - ("kernel-default" in ansible_facts.packages or "kernel-default-base" in ansible_facts.packages)
  - find_correct_value.stdout_lines | length == 0 or find_all_values.stdout_lines
    | length &gt; find_correct_value.stdout_lines | length
  tags:
  - CCE-91224-6
  - NIST-800-171-3.1.20
  - NIST-800-53-CM-7(a)
  - NIST-800-53-CM-7(b)
  - NIST-800-53-SC-5
  - PCI-DSS-Req-1.4.3
  - PCI-DSSv4-1.4
  - PCI-DSSv4-1.4.2
  - disable_strategy
  - low_complexity
  - medium_disruption
  - reboot_required
  - sysctl_net_ipv4_icmp_ignore_bogus_error_responses
  - unknown_severity

- name: Enable Kernel Parameter to Ignore Bogus ICMP Error Responses on IPv4 Interfaces
    - Comment out any occurrences of net.ipv4.icmp_ignore_bogus_error_responses from
    /etc/sysctl.conf
  ansible.builtin.replace:
    path: /etc/sysctl.conf
    regexp: ^[\s]*net.ipv4.icmp_ignore_bogus_error_responses
    replace: '#net.ipv4.icmp_ignore_bogus_error_responses'
  when: ("kernel-default" in ansible_facts.packages or "kernel-default-base" in ansible_facts.packages)
  tags:
  - CCE-91224-6
  - NIST-800-171-3.1.20
  - NIST-800-53-CM-7(a)
  - NIST-800-53-CM-7(b)
  - NIST-800-53-SC-5
  - PCI-DSS-Req-1.4.3
  - PCI-DSSv4-1.4
  - PCI-DSSv4-1.4.2
  - disable_strategy
  - low_complexity
  - medium_disruption
  - reboot_required
  - sysctl_net_ipv4_icmp_ignore_bogus_error_responses
  - unknown_severity

- name: Enable Kernel Parameter to Ignore Bogus ICMP Error Responses on IPv4 Interfaces
    - Ensure sysctl net.ipv4.icmp_ignore_bogus_error_responses is set
  ansible.posix.sysctl:
    name: net.ipv4.icmp_ignore_bogus_error_responses
    value: '{{ sysctl_net_ipv4_icmp_ignore_bogus_error_responses_value }}'
    sysctl_file: /etc/sysctl.d/net_ipv4_icmp_ignore_bogus_error_responses.conf
    state: present
    reload: true
  when: ("kernel-default" in ansible_facts.packages or "kernel-default-base" in ansible_facts.packages)
  tags:
  - CCE-91224-6
  - NIST-800-171-3.1.20
  - NIST-800-53-CM-7(a)
  - NIST-800-53-CM-7(b)
  - NIST-800-53-SC-5
  - PCI-DSS-Req-1.4.3
  - PCI-DSSv4-1.4
  - PCI-DSSv4-1.4.2
  - disable_strategy
  - low_complexity
  - medium_disruption
  - reboot_required
  - sysctl_net_ipv4_icmp_ignore_bogus_error_responses
  - unknown_severity
</fix>
            <check system="http://open-scap.org/page/SCE">
              <check-import import-name="stdout">
                  </check-import>
              <check-export export-name="sysctl_net_ipv4_icmp_ignore_bogus_error_responses_value" value-id="xccdf_org.ssgproject.content_value_sysctl_net_ipv4_icmp_ignore_bogus_error_responses_value"/>
              <check-content-ref href="sle15/checks/sce/sysctl_net_ipv4_icmp_ignore_bogus_error_responses.sh"/>
            </check>
            <check system="http://oval.mitre.org/XMLSchema/oval-definitions-5">
              <check-export export-name="oval:ssg-sysctl_net_ipv4_icmp_ignore_bogus_error_responses_value:var:1" value-id="xccdf_org.ssgproject.content_value_sysctl_net_ipv4_icmp_ignore_bogus_error_responses_value"/>
              <check-content-ref name="oval:ssg-sysctl_net_ipv4_icmp_ignore_bogus_error_responses:def:1" href="ssg-sle15-oval.xml"/>
            </check>
            <check system="http://scap.nist.gov/schema/ocil/2">
              <check-content-ref name="ocil:ssg-sysctl_net_ipv4_icmp_ignore_bogus_error_responses_ocil:questionnaire:1" href="ssg-sle15-ocil.xml"/>
            </check>
          </Rule>
          <Rule id="xccdf_org.ssgproject.content_rule_sysctl_net_ipv4_ip_local_port_range" selected="false" role="full" severity="medium">
            <title xmlns:xhtml="http://www.w3.org/1999/xhtml" xml:lang="en-US">Set Kernel Parameter to Increase Local Port Range</title>
            <description xmlns:xhtml="http://www.w3.org/1999/xhtml" xml:lang="en-US">To set the runtime status of the <html:code xmlns:html="http://www.w3.org/1999/xhtml">net.ipv4.ip_local_port_range</html:code> kernel parameter, run the following command: <html:pre xmlns:html="http://www.w3.org/1999/xhtml">$ sudo sysctl -w net.ipv4.ip_local_port_range=32768 65535</html:pre>
To make sure that the setting is persistent, add the following line to a file in the directory <html:code xmlns:html="http://www.w3.org/1999/xhtml">/etc/sysctl.d</html:code>: <html:pre xmlns:html="http://www.w3.org/1999/xhtml">net.ipv4.ip_local_port_range = 32768 65535</html:pre>
        </description>
            <reference href="https://cyber.gouv.fr/sites/default/files/document/linux_configuration-en-v2.pdf">R12</reference>
            <rationale xmlns:xhtml="http://www.w3.org/1999/xhtml" xml:lang="en-US">This setting defines the local port range that is used by TCP and UDP to
choose the local port. The first number is the first, the second the last
local port number.</rationale>
            <ident system="https://ncp.nist.gov/cce">CCE-91225-3</ident>
            <fix xmlns:xhtml="http://www.w3.org/1999/xhtml" id="sysctl_net_ipv4_ip_local_port_range" system="urn:xccdf:fix:script:sh" reboot="true" complexity="low" disruption="medium" strategy="disable"># Remediation is applicable only in certain platforms
if rpm --quiet -q kernel-default || rpm --quiet -q kernel-default-base; then

# Comment out any occurrences of net.ipv4.ip_local_port_range from /etc/sysctl.d/*.conf files

for f in /etc/sysctl.d/*.conf /run/sysctl.d/*.conf /usr/local/lib/sysctl.d/*.conf /lib/sysctl.d/*.conf; do


  # skip systemd-sysctl symlink (/etc/sysctl.d/99-sysctl.conf -&gt; /etc/sysctl.conf)
  if [[ "$(readlink -f "$f")" == "/etc/sysctl.conf" ]]; then continue; fi

  matching_list=$(grep -P '^(?!#).*[\s]*net.ipv4.ip_local_port_range.*$' $f | uniq )
  if ! test -z "$matching_list"; then
    while IFS= read -r entry; do
      escaped_entry=$(sed -e 's|/|\\/|g' &lt;&lt;&lt; "$entry")
      # comment out "net.ipv4.ip_local_port_range" matches to preserve user data
      sed -i --follow-symlinks "s/^${escaped_entry}$/# &amp;/g" $f
    done &lt;&lt;&lt; "$matching_list"
  fi
done

#
# Set sysctl config file which to save the desired value
#

SYSCONFIG_FILE='/etc/sysctl.d/net_ipv4_ip_local_port_range.conf'


#
# Set runtime for net.ipv4.ip_local_port_range
#
if ! { rpm --quiet -q kernel rpm-ostree bootc &amp;&amp; ! rpm --quiet -q openshift-kubelet &amp;&amp; { [ -f "/run/.containerenv" ] || [ -f "/.containerenv" ]; }; } ; then
    /sbin/sysctl -q -n -w net.ipv4.ip_local_port_range="32768 65535"
fi

#
# If net.ipv4.ip_local_port_range present in /etc/sysctl.conf, change value to "32768 65535"
#	else, add "net.ipv4.ip_local_port_range = 32768 65535" to /etc/sysctl.conf
#

sed -i "/^$SYSCONFIG_VAR/d" /etc/sysctl.conf

# Strip any search characters in the key arg so that the key can be replaced without
# adding any search characters to the config file.
stripped_key=$(sed 's/[\^=\$,;+]*//g' &lt;&lt;&lt; "^net.ipv4.ip_local_port_range")

# shellcheck disable=SC2059
printf -v formatted_output "%s = %s" "$stripped_key" "32768 65535"

# If the key exists, change it. Otherwise, add it to the config_file.
# We search for the key string followed by a word boundary (matched by \&gt;),
# so if we search for 'setting', 'setting2' won't match.
if LC_ALL=C grep -q -m 1 -i -e "^net.ipv4.ip_local_port_range\\&gt;" "${SYSCONFIG_FILE}"; then
    escaped_formatted_output=$(sed -e 's|/|\\/|g' &lt;&lt;&lt; "$formatted_output")
    LC_ALL=C sed -i --follow-symlinks "s/^net.ipv4.ip_local_port_range\\&gt;.*/$escaped_formatted_output/gi" "${SYSCONFIG_FILE}"
else
    if [[ -s "${SYSCONFIG_FILE}" ]] &amp;&amp; [[ -n "$(tail -c 1 -- "${SYSCONFIG_FILE}" || true)" ]]; then
        LC_ALL=C sed -i --follow-symlinks '$a'\\ "${SYSCONFIG_FILE}"
    fi
    cce="CCE-91225-3"
    printf '# Per %s: Set %s in %s\n' "${cce}" "${formatted_output}" "${SYSCONFIG_FILE}" &gt;&gt; "${SYSCONFIG_FILE}"
    printf '%s\n' "$formatted_output" &gt;&gt; "${SYSCONFIG_FILE}"
fi

else
    &gt;&amp;2 echo 'Remediation is not applicable, nothing was done'
fi
</fix>
            <fix xmlns:xhtml="http://www.w3.org/1999/xhtml" id="sysctl_net_ipv4_ip_local_port_range" system="urn:xccdf:fix:script:ansible" reboot="true" complexity="low" disruption="medium" strategy="disable">- name: Gather the package facts
  package_facts:
    manager: auto
  tags:
  - CCE-91225-3
  - disable_strategy
  - low_complexity
  - medium_disruption
  - medium_severity
  - reboot_required
  - sysctl_net_ipv4_ip_local_port_range

- name: Set Kernel Parameter to Increase Local Port Range - Set fact for sysctl paths
  ansible.builtin.set_fact:
    sysctl_paths:
    - /run/sysctl.d/
    - /etc/sysctl.d/
    - /usr/local/lib/sysctl.d/
    - /lib/sysctl.d/
  when: ("kernel-default" in ansible_facts.packages or "kernel-default-base" in ansible_facts.packages)
  tags:
  - CCE-91225-3
  - disable_strategy
  - low_complexity
  - medium_disruption
  - medium_severity
  - reboot_required
  - sysctl_net_ipv4_ip_local_port_range

- name: Set Kernel Parameter to Increase Local Port Range - Find all files that contain
    net.ipv4.ip_local_port_range
  ansible.builtin.shell:
    cmd: find -L {{ sysctl_paths | join(" ") }} -type f -name '*.conf' | xargs grep
      -HP '^\s*net.ipv4.ip_local_port_range\s*=\s*.*$'
  register: find_all_values
  check_mode: false
  changed_when: false
  failed_when: false
  when: ("kernel-default" in ansible_facts.packages or "kernel-default-base" in ansible_facts.packages)
  tags:
  - CCE-91225-3
  - disable_strategy
  - low_complexity
  - medium_disruption
  - medium_severity
  - reboot_required
  - sysctl_net_ipv4_ip_local_port_range

- name: Set Kernel Parameter to Increase Local Port Range - Find all files that set
    net.ipv4.ip_local_port_range to correct value
  ansible.builtin.shell:
    cmd: find -L {{ sysctl_paths | join(" ") }} -type f -name '*.conf' | xargs grep
      -HP '^\s*net.ipv4.ip_local_port_range\s*=\s*32768 65535$'
  register: find_correct_value
  check_mode: false
  changed_when: false
  failed_when: false
  when: ("kernel-default" in ansible_facts.packages or "kernel-default-base" in ansible_facts.packages)
  tags:
  - CCE-91225-3
  - disable_strategy
  - low_complexity
  - medium_disruption
  - medium_severity
  - reboot_required
  - sysctl_net_ipv4_ip_local_port_range

- name: Set Kernel Parameter to Increase Local Port Range - Comment out any occurrences
    of net.ipv4.ip_local_port_range from config files
  ansible.builtin.replace:
    path: '{{ item | split(":") | first }}'
    regexp: ^[\s]*net.ipv4.ip_local_port_range
    replace: '#net.ipv4.ip_local_port_range'
  loop: '{{ find_all_values.stdout_lines }}'
  when:
  - ("kernel-default" in ansible_facts.packages or "kernel-default-base" in ansible_facts.packages)
  - find_correct_value.stdout_lines | length == 0 or find_all_values.stdout_lines
    | length &gt; find_correct_value.stdout_lines | length
  tags:
  - CCE-91225-3
  - disable_strategy
  - low_complexity
  - medium_disruption
  - medium_severity
  - reboot_required
  - sysctl_net_ipv4_ip_local_port_range

- name: Set Kernel Parameter to Increase Local Port Range - Comment out any occurrences
    of net.ipv4.ip_local_port_range from /etc/sysctl.conf
  ansible.builtin.replace:
    path: /etc/sysctl.conf
    regexp: ^[\s]*net.ipv4.ip_local_port_range
    replace: '#net.ipv4.ip_local_port_range'
  when: ("kernel-default" in ansible_facts.packages or "kernel-default-base" in ansible_facts.packages)
  tags:
  - CCE-91225-3
  - disable_strategy
  - low_complexity
  - medium_disruption
  - medium_severity
  - reboot_required
  - sysctl_net_ipv4_ip_local_port_range

- name: Set Kernel Parameter to Increase Local Port Range - Ensure sysctl net.ipv4.ip_local_port_range
    is set to 32768 65535
  ansible.posix.sysctl:
    name: net.ipv4.ip_local_port_range
    value: 32768 65535
    sysctl_file: /etc/sysctl.d/net_ipv4_ip_local_port_range.conf
    state: present
    reload: true
  when: ("kernel-default" in ansible_facts.packages or "kernel-default-base" in ansible_facts.packages)
  tags:
  - CCE-91225-3
  - disable_strategy
  - low_complexity
  - medium_disruption
  - medium_severity
  - reboot_required
  - sysctl_net_ipv4_ip_local_port_range
</fix>
            <check system="http://open-scap.org/page/SCE">
              <check-import import-name="stdout">
                  </check-import>
              <check-content-ref href="sle15/checks/sce/sysctl_net_ipv4_ip_local_port_range.sh"/>
            </check>
            <check system="http://oval.mitre.org/XMLSchema/oval-definitions-5">
              <check-content-ref name="oval:ssg-sysctl_net_ipv4_ip_local_port_range:def:1" href="ssg-sle15-oval.xml"/>
            </check>
            <check system="http://scap.nist.gov/schema/ocil/2">
              <check-content-ref name="ocil:ssg-sysctl_net_ipv4_ip_local_port_range_ocil:questionnaire:1" href="ssg-sle15-ocil.xml"/>
            </check>
          </Rule>
          <Rule id="xccdf_org.ssgproject.content_rule_sysctl_net_ipv4_tcp_invalid_ratelimit" selected="false" role="full" severity="medium">
            <title xmlns:xhtml="http://www.w3.org/1999/xhtml" xml:lang="en-US">Configure Kernel to Rate Limit Sending of Duplicate TCP Acknowledgments</title>
            <description xmlns:xhtml="http://www.w3.org/1999/xhtml" xml:lang="en-US">Make sure that the system is configured to limit the maximal rate for sending
duplicate acknowledgments in response to incoming TCP packets that are for
an existing connection but that are invalid due to any of these reasons:

(a) out-of-window sequence number, (b) out-of-window acknowledgment number,
or (c) PAWS (Protection Against Wrapped Sequence numbers) check failure
This measure protects against or limits effects of DoS attacks against the system.
Set the system to implement rate-limiting measures by adding the following line to
<html:code xmlns:html="http://www.w3.org/1999/xhtml">/etc/sysctl.conf</html:code> or a configuration file in the <html:code xmlns:html="http://www.w3.org/1999/xhtml">/etc/sysctl.d/</html:code> directory
(or modify the line to have the required value):
<html:pre xmlns:html="http://www.w3.org/1999/xhtml" xmlns:xccdf-1.2="http://checklists.nist.gov/xccdf/1.2">net.ipv4.tcp_invalid_ratelimit = <xccdf-1.2:sub idref="xccdf_org.ssgproject.content_value_sysctl_net_ipv4_tcp_invalid_ratelimit_value" use="legacy"/>
         </html:pre>
Issue the following command to make the changes take effect:
<html:pre xmlns:html="http://www.w3.org/1999/xhtml"># sysctl --system</html:pre>
        </description>
            <reference href="https://www.nerc.com/standards/reliability-standards/cip">CIP-007-3 R4</reference>
            <reference href="https://www.nerc.com/standards/reliability-standards/cip">CIP-007-3 R4.1</reference>
            <reference href="https://www.nerc.com/standards/reliability-standards/cip">CIP-007-3 R4.2</reference>
            <reference href="https://www.nerc.com/standards/reliability-standards/cip">CIP-007-3 R5.1</reference>
            <reference href="http://nvlpubs.nist.gov/nistpubs/SpecialPublications/NIST.SP.800-53r4.pdf">SC-5</reference>
            <reference href="https://www.cyber.mil/stigs/downloads/?_dl_facet_stigs=operating-systems%2Cgeneral-purpose-os">SRG-OS-000420-GPOS-00186</reference>
            <rationale xmlns:xhtml="http://www.w3.org/1999/xhtml" xml:lang="en-US">Denial of Service (DoS) is a condition when a resource is not available for legitimate users. When
this occurs, the organization either cannot accomplish its mission or must
operate at degraded capacity.
<html:br xmlns:html="http://www.w3.org/1999/xhtml"/>
         <html:br xmlns:html="http://www.w3.org/1999/xhtml"/>
This can help mitigate simple “ack loop” DoS attacks, wherein a buggy or
malicious middlebox or man-in-the-middle can rewrite TCP header fields in
manner that causes each endpoint to think that the other is sending invalid
TCP segments, thus causing each side to send an unterminating stream of
duplicate acknowledgments for invalid segments.</rationale>
            <fix xmlns:xhtml="http://www.w3.org/1999/xhtml" id="sysctl_net_ipv4_tcp_invalid_ratelimit" system="urn:xccdf:fix:script:sh" reboot="true" complexity="low" disruption="medium" strategy="disable"># Remediation is applicable only in certain platforms
if rpm --quiet -q kernel-default || rpm --quiet -q kernel-default-base; then

# Comment out any occurrences of net.ipv4.tcp_invalid_ratelimit from /etc/sysctl.d/*.conf files

for f in /etc/sysctl.d/*.conf /run/sysctl.d/*.conf /usr/local/lib/sysctl.d/*.conf /lib/sysctl.d/*.conf; do


  # skip systemd-sysctl symlink (/etc/sysctl.d/99-sysctl.conf -&gt; /etc/sysctl.conf)
  if [[ "$(readlink -f "$f")" == "/etc/sysctl.conf" ]]; then continue; fi

  matching_list=$(grep -P '^(?!#).*[\s]*net.ipv4.tcp_invalid_ratelimit.*$' $f | uniq )
  if ! test -z "$matching_list"; then
    while IFS= read -r entry; do
      escaped_entry=$(sed -e 's|/|\\/|g' &lt;&lt;&lt; "$entry")
      # comment out "net.ipv4.tcp_invalid_ratelimit" matches to preserve user data
      sed -i --follow-symlinks "s/^${escaped_entry}$/# &amp;/g" $f
    done &lt;&lt;&lt; "$matching_list"
  fi
done

#
# Set sysctl config file which to save the desired value
#

SYSCONFIG_FILE='/etc/sysctl.d/net_ipv4_tcp_invalid_ratelimit.conf'

sysctl_net_ipv4_tcp_invalid_ratelimit_value='<xccdf-1.2:sub xmlns:xccdf-1.2="http://checklists.nist.gov/xccdf/1.2" idref="xccdf_org.ssgproject.content_value_sysctl_net_ipv4_tcp_invalid_ratelimit_value" use="legacy"/>'


#
# Set runtime for net.ipv4.tcp_invalid_ratelimit
#
if ! { rpm --quiet -q kernel rpm-ostree bootc &amp;&amp; ! rpm --quiet -q openshift-kubelet &amp;&amp; { [ -f "/run/.containerenv" ] || [ -f "/.containerenv" ]; }; } ; then
    /sbin/sysctl -q -n -w net.ipv4.tcp_invalid_ratelimit="$sysctl_net_ipv4_tcp_invalid_ratelimit_value"
fi

#
# If net.ipv4.tcp_invalid_ratelimit present in /etc/sysctl.conf, change value to appropriate value
#	else, add "net.ipv4.tcp_invalid_ratelimit = value" to /etc/sysctl.conf
#

sed -i "/^$SYSCONFIG_VAR/d" /etc/sysctl.conf

# Strip any search characters in the key arg so that the key can be replaced without
# adding any search characters to the config file.
stripped_key=$(sed 's/[\^=\$,;+]*//g' &lt;&lt;&lt; "^net.ipv4.tcp_invalid_ratelimit")

# shellcheck disable=SC2059
printf -v formatted_output "%s = %s" "$stripped_key" "$sysctl_net_ipv4_tcp_invalid_ratelimit_value"

# If the key exists, change it. Otherwise, add it to the config_file.
# We search for the key string followed by a word boundary (matched by \&gt;),
# so if we search for 'setting', 'setting2' won't match.
if LC_ALL=C grep -q -m 1 -i -e "^net.ipv4.tcp_invalid_ratelimit\\&gt;" "${SYSCONFIG_FILE}"; then
    escaped_formatted_output=$(sed -e 's|/|\\/|g' &lt;&lt;&lt; "$formatted_output")
    LC_ALL=C sed -i --follow-symlinks "s/^net.ipv4.tcp_invalid_ratelimit\\&gt;.*/$escaped_formatted_output/gi" "${SYSCONFIG_FILE}"
else
    if [[ -s "${SYSCONFIG_FILE}" ]] &amp;&amp; [[ -n "$(tail -c 1 -- "${SYSCONFIG_FILE}" || true)" ]]; then
        LC_ALL=C sed -i --follow-symlinks '$a'\\ "${SYSCONFIG_FILE}"
    fi
    printf '%s\n' "$formatted_output" &gt;&gt; "${SYSCONFIG_FILE}"
fi

else
    &gt;&amp;2 echo 'Remediation is not applicable, nothing was done'
fi
</fix>
            <fix xmlns:xhtml="http://www.w3.org/1999/xhtml" id="sysctl_net_ipv4_tcp_invalid_ratelimit" system="urn:xccdf:fix:script:ansible" reboot="true" complexity="low" disruption="medium" strategy="disable">- name: Gather the package facts
  package_facts:
    manager: auto
  tags:
  - NIST-800-53-SC-5
  - disable_strategy
  - low_complexity
  - medium_disruption
  - medium_severity
  - reboot_required
  - sysctl_net_ipv4_tcp_invalid_ratelimit
- name: XCCDF Value sysctl_net_ipv4_tcp_invalid_ratelimit_value # promote to variable
  set_fact:
    sysctl_net_ipv4_tcp_invalid_ratelimit_value: !!str <xccdf-1.2:sub xmlns:xccdf-1.2="http://checklists.nist.gov/xccdf/1.2" idref="xccdf_org.ssgproject.content_value_sysctl_net_ipv4_tcp_invalid_ratelimit_value" use="legacy"/>
  tags:
    - always

- name: Configure Kernel to Rate Limit Sending of Duplicate TCP Acknowledgments -
    Set fact for sysctl paths
  ansible.builtin.set_fact:
    sysctl_paths:
    - /run/sysctl.d/
    - /etc/sysctl.d/
    - /usr/local/lib/sysctl.d/
    - /lib/sysctl.d/
  when: ("kernel-default" in ansible_facts.packages or "kernel-default-base" in ansible_facts.packages)
  tags:
  - NIST-800-53-SC-5
  - disable_strategy
  - low_complexity
  - medium_disruption
  - medium_severity
  - reboot_required
  - sysctl_net_ipv4_tcp_invalid_ratelimit

- name: Configure Kernel to Rate Limit Sending of Duplicate TCP Acknowledgments -
    Find all files that contain net.ipv4.tcp_invalid_ratelimit
  ansible.builtin.shell:
    cmd: find -L {{ sysctl_paths | join(" ") }} -type f -name '*.conf' | xargs grep
      -HP '^\s*net.ipv4.tcp_invalid_ratelimit\s*=\s*.*$'
  register: find_all_values
  check_mode: false
  changed_when: false
  failed_when: false
  when: ("kernel-default" in ansible_facts.packages or "kernel-default-base" in ansible_facts.packages)
  tags:
  - NIST-800-53-SC-5
  - disable_strategy
  - low_complexity
  - medium_disruption
  - medium_severity
  - reboot_required
  - sysctl_net_ipv4_tcp_invalid_ratelimit

- name: Configure Kernel to Rate Limit Sending of Duplicate TCP Acknowledgments -
    Find all files that set net.ipv4.tcp_invalid_ratelimit to correct value
  ansible.builtin.shell:
    cmd: find -L {{ sysctl_paths | join(" ") }} -type f -name '*.conf' | xargs grep
      -HP '^\s*net.ipv4.tcp_invalid_ratelimit\s*=\s*{{ sysctl_net_ipv4_tcp_invalid_ratelimit_value
      }}$'
  register: find_correct_value
  check_mode: false
  changed_when: false
  failed_when: false
  when: ("kernel-default" in ansible_facts.packages or "kernel-default-base" in ansible_facts.packages)
  tags:
  - NIST-800-53-SC-5
  - disable_strategy
  - low_complexity
  - medium_disruption
  - medium_severity
  - reboot_required
  - sysctl_net_ipv4_tcp_invalid_ratelimit

- name: Configure Kernel to Rate Limit Sending of Duplicate TCP Acknowledgments -
    Comment out any occurrences of net.ipv4.tcp_invalid_ratelimit from config files
  ansible.builtin.replace:
    path: '{{ item | split(":") | first }}'
    regexp: ^[\s]*net.ipv4.tcp_invalid_ratelimit
    replace: '#net.ipv4.tcp_invalid_ratelimit'
  loop: '{{ find_all_values.stdout_lines }}'
  when:
  - ("kernel-default" in ansible_facts.packages or "kernel-default-base" in ansible_facts.packages)
  - find_correct_value.stdout_lines | length == 0 or find_all_values.stdout_lines
    | length &gt; find_correct_value.stdout_lines | length
  tags:
  - NIST-800-53-SC-5
  - disable_strategy
  - low_complexity
  - medium_disruption
  - medium_severity
  - reboot_required
  - sysctl_net_ipv4_tcp_invalid_ratelimit

- name: Configure Kernel to Rate Limit Sending of Duplicate TCP Acknowledgments -
    Comment out any occurrences of net.ipv4.tcp_invalid_ratelimit from /etc/sysctl.conf
  ansible.builtin.replace:
    path: /etc/sysctl.conf
    regexp: ^[\s]*net.ipv4.tcp_invalid_ratelimit
    replace: '#net.ipv4.tcp_invalid_ratelimit'
  when: ("kernel-default" in ansible_facts.packages or "kernel-default-base" in ansible_facts.packages)
  tags:
  - NIST-800-53-SC-5
  - disable_strategy
  - low_complexity
  - medium_disruption
  - medium_severity
  - reboot_required
  - sysctl_net_ipv4_tcp_invalid_ratelimit

- name: Configure Kernel to Rate Limit Sending of Duplicate TCP Acknowledgments -
    Ensure sysctl net.ipv4.tcp_invalid_ratelimit is set
  ansible.posix.sysctl:
    name: net.ipv4.tcp_invalid_ratelimit
    value: '{{ sysctl_net_ipv4_tcp_invalid_ratelimit_value }}'
    sysctl_file: /etc/sysctl.d/net_ipv4_tcp_invalid_ratelimit.conf
    state: present
    reload: true
  when: ("kernel-default" in ansible_facts.packages or "kernel-default-base" in ansible_facts.packages)
  tags:
  - NIST-800-53-SC-5
  - disable_strategy
  - low_complexity
  - medium_disruption
  - medium_severity
  - reboot_required
  - sysctl_net_ipv4_tcp_invalid_ratelimit
</fix>
            <check system="http://open-scap.org/page/SCE">
              <check-import import-name="stdout">
                  </check-import>
              <check-export export-name="sysctl_net_ipv4_tcp_invalid_ratelimit_value" value-id="xccdf_org.ssgproject.content_value_sysctl_net_ipv4_tcp_invalid_ratelimit_value"/>
              <check-content-ref href="sle15/checks/sce/sysctl_net_ipv4_tcp_invalid_ratelimit.sh"/>
            </check>
            <check system="http://oval.mitre.org/XMLSchema/oval-definitions-5">
              <check-export export-name="oval:ssg-sysctl_net_ipv4_tcp_invalid_ratelimit_value:var:1" value-id="xccdf_org.ssgproject.content_value_sysctl_net_ipv4_tcp_invalid_ratelimit_value"/>
              <check-content-ref name="oval:ssg-sysctl_net_ipv4_tcp_invalid_ratelimit:def:1" href="ssg-sle15-oval.xml"/>
            </check>
            <check system="http://scap.nist.gov/schema/ocil/2">
              <check-content-ref name="ocil:ssg-sysctl_net_ipv4_tcp_invalid_ratelimit_ocil:questionnaire:1" href="ssg-sle15-ocil.xml"/>
            </check>
          </Rule>
          <Rule id="xccdf_org.ssgproject.content_rule_sysctl_net_ipv4_tcp_rfc1337" selected="false" role="full" severity="medium">
            <title xmlns:xhtml="http://www.w3.org/1999/xhtml" xml:lang="en-US">Enable Kernel Parameter to Use TCP RFC 1337 on IPv4 Interfaces</title>
            <description xmlns:xhtml="http://www.w3.org/1999/xhtml" xml:lang="en-US">To set the runtime status of the <html:code xmlns:html="http://www.w3.org/1999/xhtml">net.ipv4.tcp_rfc1337</html:code> kernel parameter, run the following command: <html:pre xmlns:html="http://www.w3.org/1999/xhtml">$ sudo sysctl -w net.ipv4.tcp_rfc1337=1</html:pre>
To make sure that the setting is persistent, add the following line to a file in the directory <html:code xmlns:html="http://www.w3.org/1999/xhtml">/etc/sysctl.d</html:code>: <html:pre xmlns:html="http://www.w3.org/1999/xhtml">net.ipv4.tcp_rfc1337 = 1</html:pre>
        </description>
            <reference href="https://cyber.gouv.fr/sites/default/files/document/linux_configuration-en-v2.pdf">R12</reference>
            <rationale xmlns:xhtml="http://www.w3.org/1999/xhtml" xml:lang="en-US">Enable TCP behavior conformant with RFC 1337. When disabled, if a RST is
received in TIME_WAIT state, we close the socket immediately without waiting
for the end of the TIME_WAIT period.</rationale>
            <ident system="https://ncp.nist.gov/cce">CCE-91223-8</ident>
            <fix xmlns:xhtml="http://www.w3.org/1999/xhtml" id="sysctl_net_ipv4_tcp_rfc1337" system="urn:xccdf:fix:script:sh" reboot="true" complexity="low" disruption="medium" strategy="disable"># Remediation is applicable only in certain platforms
if rpm --quiet -q kernel-default || rpm --quiet -q kernel-default-base; then

# Comment out any occurrences of net.ipv4.tcp_rfc1337 from /etc/sysctl.d/*.conf files

for f in /etc/sysctl.d/*.conf /run/sysctl.d/*.conf /usr/local/lib/sysctl.d/*.conf /lib/sysctl.d/*.conf; do


  # skip systemd-sysctl symlink (/etc/sysctl.d/99-sysctl.conf -&gt; /etc/sysctl.conf)
  if [[ "$(readlink -f "$f")" == "/etc/sysctl.conf" ]]; then continue; fi

  matching_list=$(grep -P '^(?!#).*[\s]*net.ipv4.tcp_rfc1337.*$' $f | uniq )
  if ! test -z "$matching_list"; then
    while IFS= read -r entry; do
      escaped_entry=$(sed -e 's|/|\\/|g' &lt;&lt;&lt; "$entry")
      # comment out "net.ipv4.tcp_rfc1337" matches to preserve user data
      sed -i --follow-symlinks "s/^${escaped_entry}$/# &amp;/g" $f
    done &lt;&lt;&lt; "$matching_list"
  fi
done

#
# Set sysctl config file which to save the desired value
#

SYSCONFIG_FILE='/etc/sysctl.d/net_ipv4_tcp_rfc1337.conf'

sysctl_net_ipv4_tcp_rfc1337_value='<xccdf-1.2:sub xmlns:xccdf-1.2="http://checklists.nist.gov/xccdf/1.2" idref="xccdf_org.ssgproject.content_value_sysctl_net_ipv4_tcp_rfc1337_value" use="legacy"/>'


#
# Set runtime for net.ipv4.tcp_rfc1337
#
if ! { rpm --quiet -q kernel rpm-ostree bootc &amp;&amp; ! rpm --quiet -q openshift-kubelet &amp;&amp; { [ -f "/run/.containerenv" ] || [ -f "/.containerenv" ]; }; } ; then
    /sbin/sysctl -q -n -w net.ipv4.tcp_rfc1337="$sysctl_net_ipv4_tcp_rfc1337_value"
fi

#
# If net.ipv4.tcp_rfc1337 present in /etc/sysctl.conf, change value to appropriate value
#	else, add "net.ipv4.tcp_rfc1337 = value" to /etc/sysctl.conf
#

sed -i "/^$SYSCONFIG_VAR/d" /etc/sysctl.conf

# Strip any search characters in the key arg so that the key can be replaced without
# adding any search characters to the config file.
stripped_key=$(sed 's/[\^=\$,;+]*//g' &lt;&lt;&lt; "^net.ipv4.tcp_rfc1337")

# shellcheck disable=SC2059
printf -v formatted_output "%s = %s" "$stripped_key" "$sysctl_net_ipv4_tcp_rfc1337_value"

# If the key exists, change it. Otherwise, add it to the config_file.
# We search for the key string followed by a word boundary (matched by \&gt;),
# so if we search for 'setting', 'setting2' won't match.
if LC_ALL=C grep -q -m 1 -i -e "^net.ipv4.tcp_rfc1337\\&gt;" "${SYSCONFIG_FILE}"; then
    escaped_formatted_output=$(sed -e 's|/|\\/|g' &lt;&lt;&lt; "$formatted_output")
    LC_ALL=C sed -i --follow-symlinks "s/^net.ipv4.tcp_rfc1337\\&gt;.*/$escaped_formatted_output/gi" "${SYSCONFIG_FILE}"
else
    if [[ -s "${SYSCONFIG_FILE}" ]] &amp;&amp; [[ -n "$(tail -c 1 -- "${SYSCONFIG_FILE}" || true)" ]]; then
        LC_ALL=C sed -i --follow-symlinks '$a'\\ "${SYSCONFIG_FILE}"
    fi
    cce="CCE-91223-8"
    printf '# Per %s: Set %s in %s\n' "${cce}" "${formatted_output}" "${SYSCONFIG_FILE}" &gt;&gt; "${SYSCONFIG_FILE}"
    printf '%s\n' "$formatted_output" &gt;&gt; "${SYSCONFIG_FILE}"
fi

else
    &gt;&amp;2 echo 'Remediation is not applicable, nothing was done'
fi
</fix>
            <fix xmlns:xhtml="http://www.w3.org/1999/xhtml" id="sysctl_net_ipv4_tcp_rfc1337" system="urn:xccdf:fix:script:ansible" reboot="true" complexity="low" disruption="medium" strategy="disable">- name: Gather the package facts
  package_facts:
    manager: auto
  tags:
  - CCE-91223-8
  - disable_strategy
  - low_complexity
  - medium_disruption
  - medium_severity
  - reboot_required
  - sysctl_net_ipv4_tcp_rfc1337
- name: XCCDF Value sysctl_net_ipv4_tcp_rfc1337_value # promote to variable
  set_fact:
    sysctl_net_ipv4_tcp_rfc1337_value: !!str <xccdf-1.2:sub xmlns:xccdf-1.2="http://checklists.nist.gov/xccdf/1.2" idref="xccdf_org.ssgproject.content_value_sysctl_net_ipv4_tcp_rfc1337_value" use="legacy"/>
  tags:
    - always

- name: Enable Kernel Parameter to Use TCP RFC 1337 on IPv4 Interfaces - Set fact
    for sysctl paths
  ansible.builtin.set_fact:
    sysctl_paths:
    - /run/sysctl.d/
    - /etc/sysctl.d/
    - /usr/local/lib/sysctl.d/
    - /lib/sysctl.d/
  when: ("kernel-default" in ansible_facts.packages or "kernel-default-base" in ansible_facts.packages)
  tags:
  - CCE-91223-8
  - disable_strategy
  - low_complexity
  - medium_disruption
  - medium_severity
  - reboot_required
  - sysctl_net_ipv4_tcp_rfc1337

- name: Enable Kernel Parameter to Use TCP RFC 1337 on IPv4 Interfaces - Find all
    files that contain net.ipv4.tcp_rfc1337
  ansible.builtin.shell:
    cmd: find -L {{ sysctl_paths | join(" ") }} -type f -name '*.conf' | xargs grep
      -HP '^\s*net.ipv4.tcp_rfc1337\s*=\s*.*$'
  register: find_all_values
  check_mode: false
  changed_when: false
  failed_when: false
  when: ("kernel-default" in ansible_facts.packages or "kernel-default-base" in ansible_facts.packages)
  tags:
  - CCE-91223-8
  - disable_strategy
  - low_complexity
  - medium_disruption
  - medium_severity
  - reboot_required
  - sysctl_net_ipv4_tcp_rfc1337

- name: Enable Kernel Parameter to Use TCP RFC 1337 on IPv4 Interfaces - Find all
    files that set net.ipv4.tcp_rfc1337 to correct value
  ansible.builtin.shell:
    cmd: find -L {{ sysctl_paths | join(" ") }} -type f -name '*.conf' | xargs grep
      -HP '^\s*net.ipv4.tcp_rfc1337\s*=\s*{{ sysctl_net_ipv4_tcp_rfc1337_value }}$'
  register: find_correct_value
  check_mode: false
  changed_when: false
  failed_when: false
  when: ("kernel-default" in ansible_facts.packages or "kernel-default-base" in ansible_facts.packages)
  tags:
  - CCE-91223-8
  - disable_strategy
  - low_complexity
  - medium_disruption
  - medium_severity
  - reboot_required
  - sysctl_net_ipv4_tcp_rfc1337

- name: Enable Kernel Parameter to Use TCP RFC 1337 on IPv4 Interfaces - Comment out
    any occurrences of net.ipv4.tcp_rfc1337 from config files
  ansible.builtin.replace:
    path: '{{ item | split(":") | first }}'
    regexp: ^[\s]*net.ipv4.tcp_rfc1337
    replace: '#net.ipv4.tcp_rfc1337'
  loop: '{{ find_all_values.stdout_lines }}'
  when:
  - ("kernel-default" in ansible_facts.packages or "kernel-default-base" in ansible_facts.packages)
  - find_correct_value.stdout_lines | length == 0 or find_all_values.stdout_lines
    | length &gt; find_correct_value.stdout_lines | length
  tags:
  - CCE-91223-8
  - disable_strategy
  - low_complexity
  - medium_disruption
  - medium_severity
  - reboot_required
  - sysctl_net_ipv4_tcp_rfc1337

- name: Enable Kernel Parameter to Use TCP RFC 1337 on IPv4 Interfaces - Comment out
    any occurrences of net.ipv4.tcp_rfc1337 from /etc/sysctl.conf
  ansible.builtin.replace:
    path: /etc/sysctl.conf
    regexp: ^[\s]*net.ipv4.tcp_rfc1337
    replace: '#net.ipv4.tcp_rfc1337'
  when: ("kernel-default" in ansible_facts.packages or "kernel-default-base" in ansible_facts.packages)
  tags:
  - CCE-91223-8
  - disable_strategy
  - low_complexity
  - medium_disruption
  - medium_severity
  - reboot_required
  - sysctl_net_ipv4_tcp_rfc1337

- name: Enable Kernel Parameter to Use TCP RFC 1337 on IPv4 Interfaces - Ensure sysctl
    net.ipv4.tcp_rfc1337 is set
  ansible.posix.sysctl:
    name: net.ipv4.tcp_rfc1337
    value: '{{ sysctl_net_ipv4_tcp_rfc1337_value }}'
    sysctl_file: /etc/sysctl.d/net_ipv4_tcp_rfc1337.conf
    state: present
    reload: true
  when: ("kernel-default" in ansible_facts.packages or "kernel-default-base" in ansible_facts.packages)
  tags:
  - CCE-91223-8
  - disable_strategy
  - low_complexity
  - medium_disruption
  - medium_severity
  - reboot_required
  - sysctl_net_ipv4_tcp_rfc1337
</fix>
            <check system="http://open-scap.org/page/SCE">
              <check-import import-name="stdout">
                  </check-import>
              <check-export export-name="sysctl_net_ipv4_tcp_rfc1337_value" value-id="xccdf_org.ssgproject.content_value_sysctl_net_ipv4_tcp_rfc1337_value"/>
              <check-content-ref href="sle15/checks/sce/sysctl_net_ipv4_tcp_rfc1337.sh"/>
            </check>
            <check system="http://oval.mitre.org/XMLSchema/oval-definitions-5">
              <check-export export-name="oval:ssg-sysctl_net_ipv4_tcp_rfc1337_value:var:1" value-id="xccdf_org.ssgproject.content_value_sysctl_net_ipv4_tcp_rfc1337_value"/>
              <check-content-ref name="oval:ssg-sysctl_net_ipv4_tcp_rfc1337:def:1" href="ssg-sle15-oval.xml"/>
            </check>
            <check system="http://scap.nist.gov/schema/ocil/2">
              <check-content-ref name="ocil:ssg-sysctl_net_ipv4_tcp_rfc1337_ocil:questionnaire:1" href="ssg-sle15-ocil.xml"/>
            </check>
          </Rule>
          <Rule id="xccdf_org.ssgproject.content_rule_sysctl_net_ipv4_tcp_syncookies" selected="false" role="full" severity="medium">
            <title xmlns:xhtml="http://www.w3.org/1999/xhtml" xml:lang="en-US">Enable Kernel Parameter to Use TCP Syncookies on Network Interfaces</title>
            <description xmlns:xhtml="http://www.w3.org/1999/xhtml" xml:lang="en-US">To set the runtime status of the <html:code xmlns:html="http://www.w3.org/1999/xhtml">net.ipv4.tcp_syncookies</html:code> kernel parameter, run the following command: <html:pre xmlns:html="http://www.w3.org/1999/xhtml">$ sudo sysctl -w net.ipv4.tcp_syncookies=1</html:pre>
To make sure that the setting is persistent, add the following line to a file in the directory <html:code xmlns:html="http://www.w3.org/1999/xhtml">/etc/sysctl.d</html:code>: <html:pre xmlns:html="http://www.w3.org/1999/xhtml">net.ipv4.tcp_syncookies = 1</html:pre>
        </description>
            <reference href="https://www.cisecurity.org/controls/">1</reference>
            <reference href="https://www.cisecurity.org/controls/">12</reference>
            <reference href="https://www.cisecurity.org/controls/">13</reference>
            <reference href="https://www.cisecurity.org/controls/">14</reference>
            <reference href="https://www.cisecurity.org/controls/">15</reference>
            <reference href="https://www.cisecurity.org/controls/">16</reference>
            <reference href="https://www.cisecurity.org/controls/">18</reference>
            <reference href="https://www.cisecurity.org/controls/">2</reference>
            <reference href="https://www.cisecurity.org/controls/">4</reference>
            <reference href="https://www.cisecurity.org/controls/">6</reference>
            <reference href="https://www.cisecurity.org/controls/">7</reference>
            <reference href="https://www.cisecurity.org/controls/">8</reference>
            <reference href="https://www.cisecurity.org/controls/">9</reference>
            <reference href="https://www.fbi.gov/file-repository/cjis-security-policy-v5_5_20160601-2-1.pdf">5.10.1.1</reference>
            <reference href="https://www.isaca.org/resources/cobit">APO01.06</reference>
            <reference href="https://www.isaca.org/resources/cobit">APO13.01</reference>
            <reference href="https://www.isaca.org/resources/cobit">BAI04.04</reference>
            <reference href="https://www.isaca.org/resources/cobit">DSS01.03</reference>
            <reference href="https://www.isaca.org/resources/cobit">DSS01.05</reference>
            <reference href="https://www.isaca.org/resources/cobit">DSS03.01</reference>
            <reference href="https://www.isaca.org/resources/cobit">DSS03.05</reference>
            <reference href="https://www.isaca.org/resources/cobit">DSS05.02</reference>
            <reference href="https://www.isaca.org/resources/cobit">DSS05.04</reference>
            <reference href="https://www.isaca.org/resources/cobit">DSS05.07</reference>
            <reference href="https://www.isaca.org/resources/cobit">DSS06.02</reference>
            <reference href="http://nvlpubs.nist.gov/nistpubs/SpecialPublications/NIST.SP.800-171.pdf">3.1.20</reference>
            <reference href="https://www.isa.org/products/isa-62443-2-1-2009-security-for-industrial-automat">4.2.3.4</reference>
            <reference href="https://www.isa.org/products/isa-62443-2-1-2009-security-for-industrial-automat">4.3.3.4</reference>
            <reference href="https://www.isa.org/products/isa-62443-2-1-2009-security-for-industrial-automat">4.4.3.3</reference>
            <reference href="https://www.isa.org/products/ansi-isa-62443-3-3-99-03-03-2013-security-for-indu">SR 3.1</reference>
            <reference href="https://www.isa.org/products/ansi-isa-62443-3-3-99-03-03-2013-security-for-indu">SR 3.5</reference>
            <reference href="https://www.isa.org/products/ansi-isa-62443-3-3-99-03-03-2013-security-for-indu">SR 3.8</reference>
            <reference href="https://www.isa.org/products/ansi-isa-62443-3-3-99-03-03-2013-security-for-indu">SR 4.1</reference>
            <reference href="https://www.isa.org/products/ansi-isa-62443-3-3-99-03-03-2013-security-for-indu">SR 4.3</reference>
            <reference href="https://www.isa.org/products/ansi-isa-62443-3-3-99-03-03-2013-security-for-indu">SR 5.1</reference>
            <reference href="https://www.isa.org/products/ansi-isa-62443-3-3-99-03-03-2013-security-for-indu">SR 5.2</reference>
            <reference href="https://www.isa.org/products/ansi-isa-62443-3-3-99-03-03-2013-security-for-indu">SR 5.3</reference>
            <reference href="https://www.isa.org/products/ansi-isa-62443-3-3-99-03-03-2013-security-for-indu">SR 6.2</reference>
            <reference href="https://www.isa.org/products/ansi-isa-62443-3-3-99-03-03-2013-security-for-indu">SR 7.1</reference>
            <reference href="https://www.isa.org/products/ansi-isa-62443-3-3-99-03-03-2013-security-for-indu">SR 7.2</reference>
            <reference href="https://www.isa.org/products/ansi-isa-62443-3-3-99-03-03-2013-security-for-indu">SR 7.6</reference>
            <reference href="https://www.iso.org/contents/data/standard/05/45/54534.html">A.10.1.1</reference>
            <reference href="https://www.iso.org/contents/data/standard/05/45/54534.html">A.11.1.4</reference>
            <reference href="https://www.iso.org/contents/data/standard/05/45/54534.html">A.11.1.5</reference>
            <reference href="https://www.iso.org/contents/data/standard/05/45/54534.html">A.11.2.1</reference>
            <reference href="https://www.iso.org/contents/data/standard/05/45/54534.html">A.12.1.1</reference>
            <reference href="https://www.iso.org/contents/data/standard/05/45/54534.html">A.12.1.2</reference>
            <reference href="https://www.iso.org/contents/data/standard/05/45/54534.html">A.12.1.3</reference>
            <reference href="https://www.iso.org/contents/data/standard/05/45/54534.html">A.13.1.1</reference>
            <reference href="https://www.iso.org/contents/data/standard/05/45/54534.html">A.13.1.2</reference>
            <reference href="https://www.iso.org/contents/data/standard/05/45/54534.html">A.13.1.3</reference>
            <reference href="https://www.iso.org/contents/data/standard/05/45/54534.html">A.13.2.1</reference>
            <reference href="https://www.iso.org/contents/data/standard/05/45/54534.html">A.13.2.2</reference>
            <reference href="https://www.iso.org/contents/data/standard/05/45/54534.html">A.13.2.3</reference>
            <reference href="https://www.iso.org/contents/data/standard/05/45/54534.html">A.13.2.4</reference>
            <reference href="https://www.iso.org/contents/data/standard/05/45/54534.html">A.14.1.2</reference>
            <reference href="https://www.iso.org/contents/data/standard/05/45/54534.html">A.14.1.3</reference>
            <reference href="https://www.iso.org/contents/data/standard/05/45/54534.html">A.17.2.1</reference>
            <reference href="https://www.iso.org/contents/data/standard/05/45/54534.html">A.6.1.2</reference>
            <reference href="https://www.iso.org/contents/data/standard/05/45/54534.html">A.7.1.1</reference>
            <reference href="https://www.iso.org/contents/data/standard/05/45/54534.html">A.7.1.2</reference>
            <reference href="https://www.iso.org/contents/data/standard/05/45/54534.html">A.7.3.1</reference>
            <reference href="https://www.iso.org/contents/data/standard/05/45/54534.html">A.8.2.2</reference>
            <reference href="https://www.iso.org/contents/data/standard/05/45/54534.html">A.8.2.3</reference>
            <reference href="https://www.iso.org/contents/data/standard/05/45/54534.html">A.9.1.1</reference>
            <reference href="https://www.iso.org/contents/data/standard/05/45/54534.html">A.9.1.2</reference>
            <reference href="https://www.iso.org/contents/data/standard/05/45/54534.html">A.9.2.3</reference>
            <reference href="https://www.iso.org/contents/data/standard/05/45/54534.html">A.9.4.1</reference>
            <reference href="https://www.iso.org/contents/data/standard/05/45/54534.html">A.9.4.4</reference>
            <reference href="https://www.iso.org/contents/data/standard/05/45/54534.html">A.9.4.5</reference>
            <reference href="http://nvlpubs.nist.gov/nistpubs/SpecialPublications/NIST.SP.800-53r4.pdf">CM-7(a)</reference>
            <reference href="http://nvlpubs.nist.gov/nistpubs/SpecialPublications/NIST.SP.800-53r4.pdf">CM-7(b)</reference>
            <reference href="http://nvlpubs.nist.gov/nistpubs/SpecialPublications/NIST.SP.800-53r4.pdf">SC-5(1)</reference>
            <reference href="http://nvlpubs.nist.gov/nistpubs/SpecialPublications/NIST.SP.800-53r4.pdf">SC-5(2)</reference>
            <reference href="http://nvlpubs.nist.gov/nistpubs/SpecialPublications/NIST.SP.800-53r4.pdf">SC-5(3)(a)</reference>
            <reference href="http://nvlpubs.nist.gov/nistpubs/SpecialPublications/NIST.SP.800-53r4.pdf">CM-6(a)</reference>
            <reference href="https://nvlpubs.nist.gov/nistpubs/CSWP/NIST.CSWP.04162018.pdf">DE.AE-1</reference>
            <reference href="https://nvlpubs.nist.gov/nistpubs/CSWP/NIST.CSWP.04162018.pdf">DE.CM-1</reference>
            <reference href="https://nvlpubs.nist.gov/nistpubs/CSWP/NIST.CSWP.04162018.pdf">ID.AM-3</reference>
            <reference href="https://nvlpubs.nist.gov/nistpubs/CSWP/NIST.CSWP.04162018.pdf">PR.AC-5</reference>
            <reference href="https://nvlpubs.nist.gov/nistpubs/CSWP/NIST.CSWP.04162018.pdf">PR.DS-4</reference>
            <reference href="https://nvlpubs.nist.gov/nistpubs/CSWP/NIST.CSWP.04162018.pdf">PR.DS-5</reference>
            <reference href="https://nvlpubs.nist.gov/nistpubs/CSWP/NIST.CSWP.04162018.pdf">PR.PT-4</reference>
            <reference href="https://www.pcisecuritystandards.org/documents/PCI_DSS_v3-2-1.pdf">Req-1.4.1</reference>
            <reference href="https://www.cyber.mil/stigs/downloads/?_dl_facet_stigs=operating-systems%2Cgeneral-purpose-os">SRG-OS-000480-GPOS-00227</reference>
            <reference href="https://www.cyber.mil/stigs/downloads/?_dl_facet_stigs=operating-systems%2Cgeneral-purpose-os">SRG-OS-000420-GPOS-00186</reference>
            <reference href="https://www.cyber.mil/stigs/downloads/?_dl_facet_stigs=operating-systems%2Cgeneral-purpose-os">SRG-OS-000142-GPOS-00071</reference>
            <reference href="https://www.cyber.mil/stigs/downloads/?_dl_facet_stigs=operating-systems%2Cunix-linux">SLES-15-010310</reference>
            <reference href="https://www.cisecurity.org/benchmark/suse_linux/">3.3.8</reference>
            <reference href="https://cyber.gouv.fr/sites/default/files/document/linux_configuration-en-v2.pdf">R12</reference>
            <reference href="not_publicly_available">SLES-15-450450150</reference>
            <reference href="https://docs-prv.pcisecuritystandards.org/PCI%20DSS/Standard/PCI-DSS-v4_0.pdf">1.4.3</reference>
            <reference href="https://docs-prv.pcisecuritystandards.org/PCI%20DSS/Standard/PCI-DSS-v4_0.pdf">1.4</reference>
            <reference href="https://www.cyber.mil/stigs/srg-stig-tools/">SV-234829r958528_rule</reference>
            <rationale xmlns:xhtml="http://www.w3.org/1999/xhtml" xml:lang="en-US">A TCP SYN flood attack can cause a denial of service by filling a
system's TCP connection table with connections in the SYN_RCVD state.
Syncookies can be used to track a connection when a subsequent ACK is received,
verifying the initiator is attempting a valid connection and is not a flood
source. This feature is activated when a flood condition is detected, and
enables the system to continue servicing valid connection requests.</rationale>
            <ident system="https://ncp.nist.gov/cce">CCE-83283-2</ident>
            <fix xmlns:xhtml="http://www.w3.org/1999/xhtml" id="sysctl_net_ipv4_tcp_syncookies" system="urn:xccdf:fix:script:sh" reboot="true" complexity="low" disruption="medium" strategy="disable"># Remediation is applicable only in certain platforms
if rpm --quiet -q kernel-default || rpm --quiet -q kernel-default-base; then

# Comment out any occurrences of net.ipv4.tcp_syncookies from /etc/sysctl.d/*.conf files

for f in /etc/sysctl.d/*.conf /run/sysctl.d/*.conf /usr/local/lib/sysctl.d/*.conf /lib/sysctl.d/*.conf; do


  # skip systemd-sysctl symlink (/etc/sysctl.d/99-sysctl.conf -&gt; /etc/sysctl.conf)
  if [[ "$(readlink -f "$f")" == "/etc/sysctl.conf" ]]; then continue; fi

  matching_list=$(grep -P '^(?!#).*[\s]*net.ipv4.tcp_syncookies.*$' $f | uniq )
  if ! test -z "$matching_list"; then
    while IFS= read -r entry; do
      escaped_entry=$(sed -e 's|/|\\/|g' &lt;&lt;&lt; "$entry")
      # comment out "net.ipv4.tcp_syncookies" matches to preserve user data
      sed -i --follow-symlinks "s/^${escaped_entry}$/# &amp;/g" $f
    done &lt;&lt;&lt; "$matching_list"
  fi
done

#
# Set sysctl config file which to save the desired value
#

SYSCONFIG_FILE='/etc/sysctl.d/net_ipv4_tcp_syncookies.conf'

sysctl_net_ipv4_tcp_syncookies_value='<xccdf-1.2:sub xmlns:xccdf-1.2="http://checklists.nist.gov/xccdf/1.2" idref="xccdf_org.ssgproject.content_value_sysctl_net_ipv4_tcp_syncookies_value" use="legacy"/>'


#
# Set runtime for net.ipv4.tcp_syncookies
#
if ! { rpm --quiet -q kernel rpm-ostree bootc &amp;&amp; ! rpm --quiet -q openshift-kubelet &amp;&amp; { [ -f "/run/.containerenv" ] || [ -f "/.containerenv" ]; }; } ; then
    /sbin/sysctl -q -n -w net.ipv4.tcp_syncookies="$sysctl_net_ipv4_tcp_syncookies_value"
fi

#
# If net.ipv4.tcp_syncookies present in /etc/sysctl.conf, change value to appropriate value
#	else, add "net.ipv4.tcp_syncookies = value" to /etc/sysctl.conf
#

sed -i "/^$SYSCONFIG_VAR/d" /etc/sysctl.conf

# Strip any search characters in the key arg so that the key can be replaced without
# adding any search characters to the config file.
stripped_key=$(sed 's/[\^=\$,;+]*//g' &lt;&lt;&lt; "^net.ipv4.tcp_syncookies")

# shellcheck disable=SC2059
printf -v formatted_output "%s = %s" "$stripped_key" "$sysctl_net_ipv4_tcp_syncookies_value"

# If the key exists, change it. Otherwise, add it to the config_file.
# We search for the key string followed by a word boundary (matched by \&gt;),
# so if we search for 'setting', 'setting2' won't match.
if LC_ALL=C grep -q -m 1 -i -e "^net.ipv4.tcp_syncookies\\&gt;" "${SYSCONFIG_FILE}"; then
    escaped_formatted_output=$(sed -e 's|/|\\/|g' &lt;&lt;&lt; "$formatted_output")
    LC_ALL=C sed -i --follow-symlinks "s/^net.ipv4.tcp_syncookies\\&gt;.*/$escaped_formatted_output/gi" "${SYSCONFIG_FILE}"
else
    if [[ -s "${SYSCONFIG_FILE}" ]] &amp;&amp; [[ -n "$(tail -c 1 -- "${SYSCONFIG_FILE}" || true)" ]]; then
        LC_ALL=C sed -i --follow-symlinks '$a'\\ "${SYSCONFIG_FILE}"
    fi
    cce="CCE-83283-2"
    printf '# Per %s: Set %s in %s\n' "${cce}" "${formatted_output}" "${SYSCONFIG_FILE}" &gt;&gt; "${SYSCONFIG_FILE}"
    printf '%s\n' "$formatted_output" &gt;&gt; "${SYSCONFIG_FILE}"
fi

else
    &gt;&amp;2 echo 'Remediation is not applicable, nothing was done'
fi
</fix>
            <fix xmlns:xhtml="http://www.w3.org/1999/xhtml" id="sysctl_net_ipv4_tcp_syncookies" system="urn:xccdf:fix:script:ansible" reboot="true" complexity="low" disruption="medium" strategy="disable">- name: Gather the package facts
  package_facts:
    manager: auto
  tags:
  - CCE-83283-2
  - CJIS-5.10.1.1
  - DISA-STIG-SLES-15-010310
  - NIST-800-171-3.1.20
  - NIST-800-53-CM-6(a)
  - NIST-800-53-CM-7(a)
  - NIST-800-53-CM-7(b)
  - NIST-800-53-SC-5(1)
  - NIST-800-53-SC-5(2)
  - NIST-800-53-SC-5(3)(a)
  - PCI-DSS-Req-1.4.1
  - PCI-DSSv4-1.4
  - PCI-DSSv4-1.4.3
  - disable_strategy
  - low_complexity
  - medium_disruption
  - medium_severity
  - reboot_required
  - sysctl_net_ipv4_tcp_syncookies
- name: XCCDF Value sysctl_net_ipv4_tcp_syncookies_value # promote to variable
  set_fact:
    sysctl_net_ipv4_tcp_syncookies_value: !!str <xccdf-1.2:sub xmlns:xccdf-1.2="http://checklists.nist.gov/xccdf/1.2" idref="xccdf_org.ssgproject.content_value_sysctl_net_ipv4_tcp_syncookies_value" use="legacy"/>
  tags:
    - always

- name: Enable Kernel Parameter to Use TCP Syncookies on Network Interfaces - Set
    fact for sysctl paths
  ansible.builtin.set_fact:
    sysctl_paths:
    - /run/sysctl.d/
    - /etc/sysctl.d/
    - /usr/local/lib/sysctl.d/
    - /lib/sysctl.d/
  when: ("kernel-default" in ansible_facts.packages or "kernel-default-base" in ansible_facts.packages)
  tags:
  - CCE-83283-2
  - CJIS-5.10.1.1
  - DISA-STIG-SLES-15-010310
  - NIST-800-171-3.1.20
  - NIST-800-53-CM-6(a)
  - NIST-800-53-CM-7(a)
  - NIST-800-53-CM-7(b)
  - NIST-800-53-SC-5(1)
  - NIST-800-53-SC-5(2)
  - NIST-800-53-SC-5(3)(a)
  - PCI-DSS-Req-1.4.1
  - PCI-DSSv4-1.4
  - PCI-DSSv4-1.4.3
  - disable_strategy
  - low_complexity
  - medium_disruption
  - medium_severity
  - reboot_required
  - sysctl_net_ipv4_tcp_syncookies

- name: Enable Kernel Parameter to Use TCP Syncookies on Network Interfaces - Find
    all files that contain net.ipv4.tcp_syncookies
  ansible.builtin.shell:
    cmd: find -L {{ sysctl_paths | join(" ") }} -type f -name '*.conf' | xargs grep
      -HP '^\s*net.ipv4.tcp_syncookies\s*=\s*.*$'
  register: find_all_values
  check_mode: false
  changed_when: false
  failed_when: false
  when: ("kernel-default" in ansible_facts.packages or "kernel-default-base" in ansible_facts.packages)
  tags:
  - CCE-83283-2
  - CJIS-5.10.1.1
  - DISA-STIG-SLES-15-010310
  - NIST-800-171-3.1.20
  - NIST-800-53-CM-6(a)
  - NIST-800-53-CM-7(a)
  - NIST-800-53-CM-7(b)
  - NIST-800-53-SC-5(1)
  - NIST-800-53-SC-5(2)
  - NIST-800-53-SC-5(3)(a)
  - PCI-DSS-Req-1.4.1
  - PCI-DSSv4-1.4
  - PCI-DSSv4-1.4.3
  - disable_strategy
  - low_complexity
  - medium_disruption
  - medium_severity
  - reboot_required
  - sysctl_net_ipv4_tcp_syncookies

- name: Enable Kernel Parameter to Use TCP Syncookies on Network Interfaces - Find
    all files that set net.ipv4.tcp_syncookies to correct value
  ansible.builtin.shell:
    cmd: find -L {{ sysctl_paths | join(" ") }} -type f -name '*.conf' | xargs grep
      -HP '^\s*net.ipv4.tcp_syncookies\s*=\s*{{ sysctl_net_ipv4_tcp_syncookies_value
      }}$'
  register: find_correct_value
  check_mode: false
  changed_when: false
  failed_when: false
  when: ("kernel-default" in ansible_facts.packages or "kernel-default-base" in ansible_facts.packages)
  tags:
  - CCE-83283-2
  - CJIS-5.10.1.1
  - DISA-STIG-SLES-15-010310
  - NIST-800-171-3.1.20
  - NIST-800-53-CM-6(a)
  - NIST-800-53-CM-7(a)
  - NIST-800-53-CM-7(b)
  - NIST-800-53-SC-5(1)
  - NIST-800-53-SC-5(2)
  - NIST-800-53-SC-5(3)(a)
  - PCI-DSS-Req-1.4.1
  - PCI-DSSv4-1.4
  - PCI-DSSv4-1.4.3
  - disable_strategy
  - low_complexity
  - medium_disruption
  - medium_severity
  - reboot_required
  - sysctl_net_ipv4_tcp_syncookies

- name: Enable Kernel Parameter to Use TCP Syncookies on Network Interfaces - Comment
    out any occurrences of net.ipv4.tcp_syncookies from config files
  ansible.builtin.replace:
    path: '{{ item | split(":") | first }}'
    regexp: ^[\s]*net.ipv4.tcp_syncookies
    replace: '#net.ipv4.tcp_syncookies'
  loop: '{{ find_all_values.stdout_lines }}'
  when:
  - ("kernel-default" in ansible_facts.packages or "kernel-default-base" in ansible_facts.packages)
  - find_correct_value.stdout_lines | length == 0 or find_all_values.stdout_lines
    | length &gt; find_correct_value.stdout_lines | length
  tags:
  - CCE-83283-2
  - CJIS-5.10.1.1
  - DISA-STIG-SLES-15-010310
  - NIST-800-171-3.1.20
  - NIST-800-53-CM-6(a)
  - NIST-800-53-CM-7(a)
  - NIST-800-53-CM-7(b)
  - NIST-800-53-SC-5(1)
  - NIST-800-53-SC-5(2)
  - NIST-800-53-SC-5(3)(a)
  - PCI-DSS-Req-1.4.1
  - PCI-DSSv4-1.4
  - PCI-DSSv4-1.4.3
  - disable_strategy
  - low_complexity
  - medium_disruption
  - medium_severity
  - reboot_required
  - sysctl_net_ipv4_tcp_syncookies

- name: Enable Kernel Parameter to Use TCP Syncookies on Network Interfaces - Comment
    out any occurrences of net.ipv4.tcp_syncookies from /etc/sysctl.conf
  ansible.builtin.replace:
    path: /etc/sysctl.conf
    regexp: ^[\s]*net.ipv4.tcp_syncookies
    replace: '#net.ipv4.tcp_syncookies'
  when: ("kernel-default" in ansible_facts.packages or "kernel-default-base" in ansible_facts.packages)
  tags:
  - CCE-83283-2
  - CJIS-5.10.1.1
  - DISA-STIG-SLES-15-010310
  - NIST-800-171-3.1.20
  - NIST-800-53-CM-6(a)
  - NIST-800-53-CM-7(a)
  - NIST-800-53-CM-7(b)
  - NIST-800-53-SC-5(1)
  - NIST-800-53-SC-5(2)
  - NIST-800-53-SC-5(3)(a)
  - PCI-DSS-Req-1.4.1
  - PCI-DSSv4-1.4
  - PCI-DSSv4-1.4.3
  - disable_strategy
  - low_complexity
  - medium_disruption
  - medium_severity
  - reboot_required
  - sysctl_net_ipv4_tcp_syncookies

- name: Enable Kernel Parameter to Use TCP Syncookies on Network Interfaces - Ensure
    sysctl net.ipv4.tcp_syncookies is set
  ansible.posix.sysctl:
    name: net.ipv4.tcp_syncookies
    value: '{{ sysctl_net_ipv4_tcp_syncookies_value }}'
    sysctl_file: /etc/sysctl.d/net_ipv4_tcp_syncookies.conf
    state: present
    reload: true
  when: ("kernel-default" in ansible_facts.packages or "kernel-default-base" in ansible_facts.packages)
  tags:
  - CCE-83283-2
  - CJIS-5.10.1.1
  - DISA-STIG-SLES-15-010310
  - NIST-800-171-3.1.20
  - NIST-800-53-CM-6(a)
  - NIST-800-53-CM-7(a)
  - NIST-800-53-CM-7(b)
  - NIST-800-53-SC-5(1)
  - NIST-800-53-SC-5(2)
  - NIST-800-53-SC-5(3)(a)
  - PCI-DSS-Req-1.4.1
  - PCI-DSSv4-1.4
  - PCI-DSSv4-1.4.3
  - disable_strategy
  - low_complexity
  - medium_disruption
  - medium_severity
  - reboot_required
  - sysctl_net_ipv4_tcp_syncookies
</fix>
            <check system="http://open-scap.org/page/SCE">
              <check-import import-name="stdout">
                  </check-import>
              <check-export export-name="sysctl_net_ipv4_tcp_syncookies_value" value-id="xccdf_org.ssgproject.content_value_sysctl_net_ipv4_tcp_syncookies_value"/>
              <check-content-ref href="sle15/checks/sce/sysctl_net_ipv4_tcp_syncookies.sh"/>
            </check>
            <check system="http://oval.mitre.org/XMLSchema/oval-definitions-5">
              <check-export export-name="oval:ssg-sysctl_net_ipv4_tcp_syncookies_value:var:1" value-id="xccdf_org.ssgproject.content_value_sysctl_net_ipv4_tcp_syncookies_value"/>
              <check-content-ref name="oval:ssg-sysctl_net_ipv4_tcp_syncookies:def:1" href="ssg-sle15-oval.xml"/>
            </check>
            <check system="http://scap.nist.gov/schema/ocil/2">
              <check-content-ref name="ocil:ssg-sysctl_net_ipv4_tcp_syncookies_ocil:questionnaire:1" href="ssg-sle15-ocil.xml"/>
            </check>
          </Rule>
        </Group>
        <Group id="xccdf_org.ssgproject.content_group_network_host_parameters">
          <title xmlns:xhtml="http://www.w3.org/1999/xhtml" xml:lang="en-US">Network Parameters for Hosts Only</title>
          <description xmlns:xhtml="http://www.w3.org/1999/xhtml" xml:lang="en-US">If the system is not going to be used as a router, then setting certain
kernel parameters ensure that the host will not perform routing
of network traffic.</description>
          <platform idref="#system_with_kernel"/>
          <Rule id="xccdf_org.ssgproject.content_rule_sysctl_net_ipv4_conf_all_send_redirects" selected="false" role="full" severity="medium">
            <title xmlns:xhtml="http://www.w3.org/1999/xhtml" xml:lang="en-US">Disable Kernel Parameter for Sending ICMP Redirects on all IPv4 Interfaces</title>
            <description xmlns:xhtml="http://www.w3.org/1999/xhtml" xml:lang="en-US">To set the runtime status of the <html:code xmlns:html="http://www.w3.org/1999/xhtml">net.ipv4.conf.all.send_redirects</html:code> kernel parameter, run the following command: <html:pre xmlns:html="http://www.w3.org/1999/xhtml">$ sudo sysctl -w net.ipv4.conf.all.send_redirects=0</html:pre>
To make sure that the setting is persistent, add the following line to a file in the directory <html:code xmlns:html="http://www.w3.org/1999/xhtml">/etc/sysctl.d</html:code>: <html:pre xmlns:html="http://www.w3.org/1999/xhtml">net.ipv4.conf.all.send_redirects = 0</html:pre>
        </description>
            <reference href="https://www.cisecurity.org/controls/">1</reference>
            <reference href="https://www.cisecurity.org/controls/">11</reference>
            <reference href="https://www.cisecurity.org/controls/">12</reference>
            <reference href="https://www.cisecurity.org/controls/">13</reference>
            <reference href="https://www.cisecurity.org/controls/">14</reference>
            <reference href="https://www.cisecurity.org/controls/">15</reference>
            <reference href="https://www.cisecurity.org/controls/">16</reference>
            <reference href="https://www.cisecurity.org/controls/">18</reference>
            <reference href="https://www.cisecurity.org/controls/">2</reference>
            <reference href="https://www.cisecurity.org/controls/">3</reference>
            <reference href="https://www.cisecurity.org/controls/">4</reference>
            <reference href="https://www.cisecurity.org/controls/">6</reference>
            <reference href="https://www.cisecurity.org/controls/">7</reference>
            <reference href="https://www.cisecurity.org/controls/">8</reference>
            <reference href="https://www.cisecurity.org/controls/">9</reference>
            <reference href="https://www.fbi.gov/file-repository/cjis-security-policy-v5_5_20160601-2-1.pdf">5.10.1.1</reference>
            <reference href="https://www.isaca.org/resources/cobit">APO01.06</reference>
            <reference href="https://www.isaca.org/resources/cobit">APO13.01</reference>
            <reference href="https://www.isaca.org/resources/cobit">BAI04.04</reference>
            <reference href="https://www.isaca.org/resources/cobit">BAI10.01</reference>
            <reference href="https://www.isaca.org/resources/cobit">BAI10.02</reference>
            <reference href="https://www.isaca.org/resources/cobit">BAI10.03</reference>
            <reference href="https://www.isaca.org/resources/cobit">BAI10.05</reference>
            <reference href="https://www.isaca.org/resources/cobit">DSS01.03</reference>
            <reference href="https://www.isaca.org/resources/cobit">DSS01.05</reference>
            <reference href="https://www.isaca.org/resources/cobit">DSS03.01</reference>
            <reference href="https://www.isaca.org/resources/cobit">DSS03.05</reference>
            <reference href="https://www.isaca.org/resources/cobit">DSS05.02</reference>
            <reference href="https://www.isaca.org/resources/cobit">DSS05.04</reference>
            <reference href="https://www.isaca.org/resources/cobit">DSS05.05</reference>
            <reference href="https://www.isaca.org/resources/cobit">DSS05.07</reference>
            <reference href="https://www.isaca.org/resources/cobit">DSS06.02</reference>
            <reference href="https://www.isaca.org/resources/cobit">DSS06.06</reference>
            <reference href="http://nvlpubs.nist.gov/nistpubs/SpecialPublications/NIST.SP.800-171.pdf">3.1.20</reference>
            <reference href="https://www.isa.org/products/isa-62443-2-1-2009-security-for-industrial-automat">4.2.3.4</reference>
            <reference href="https://www.isa.org/products/isa-62443-2-1-2009-security-for-industrial-automat">4.3.3.4</reference>
            <reference href="https://www.isa.org/products/isa-62443-2-1-2009-security-for-industrial-automat">4.3.3.5.1</reference>
            <reference href="https://www.isa.org/products/isa-62443-2-1-2009-security-for-industrial-automat">4.3.3.5.2</reference>
            <reference href="https://www.isa.org/products/isa-62443-2-1-2009-security-for-industrial-automat">4.3.3.5.3</reference>
            <reference href="https://www.isa.org/products/isa-62443-2-1-2009-security-for-industrial-automat">4.3.3.5.4</reference>
            <reference href="https://www.isa.org/products/isa-62443-2-1-2009-security-for-industrial-automat">4.3.3.5.5</reference>
            <reference href="https://www.isa.org/products/isa-62443-2-1-2009-security-for-industrial-automat">4.3.3.5.6</reference>
            <reference href="https://www.isa.org/products/isa-62443-2-1-2009-security-for-industrial-automat">4.3.3.5.7</reference>
            <reference href="https://www.isa.org/products/isa-62443-2-1-2009-security-for-industrial-automat">4.3.3.5.8</reference>
            <reference href="https://www.isa.org/products/isa-62443-2-1-2009-security-for-industrial-automat">4.3.3.6.1</reference>
            <reference href="https://www.isa.org/products/isa-62443-2-1-2009-security-for-industrial-automat">4.3.3.6.2</reference>
            <reference href="https://www.isa.org/products/isa-62443-2-1-2009-security-for-industrial-automat">4.3.3.6.3</reference>
            <reference href="https://www.isa.org/products/isa-62443-2-1-2009-security-for-industrial-automat">4.3.3.6.4</reference>
            <reference href="https://www.isa.org/products/isa-62443-2-1-2009-security-for-industrial-automat">4.3.3.6.5</reference>
            <reference href="https://www.isa.org/products/isa-62443-2-1-2009-security-for-industrial-automat">4.3.3.6.6</reference>
            <reference href="https://www.isa.org/products/isa-62443-2-1-2009-security-for-industrial-automat">4.3.3.6.7</reference>
            <reference href="https://www.isa.org/products/isa-62443-2-1-2009-security-for-industrial-automat">4.3.3.6.8</reference>
            <reference href="https://www.isa.org/products/isa-62443-2-1-2009-security-for-industrial-automat">4.3.3.6.9</reference>
            <reference href="https://www.isa.org/products/isa-62443-2-1-2009-security-for-industrial-automat">4.3.3.7.1</reference>
            <reference href="https://www.isa.org/products/isa-62443-2-1-2009-security-for-industrial-automat">4.3.3.7.2</reference>
            <reference href="https://www.isa.org/products/isa-62443-2-1-2009-security-for-industrial-automat">4.3.3.7.3</reference>
            <reference href="https://www.isa.org/products/isa-62443-2-1-2009-security-for-industrial-automat">4.3.3.7.4</reference>
            <reference href="https://www.isa.org/products/isa-62443-2-1-2009-security-for-industrial-automat">4.3.4.3.2</reference>
            <reference href="https://www.isa.org/products/isa-62443-2-1-2009-security-for-industrial-automat">4.3.4.3.3</reference>
            <reference href="https://www.isa.org/products/isa-62443-2-1-2009-security-for-industrial-automat">4.4.3.3</reference>
            <reference href="https://www.isa.org/products/ansi-isa-62443-3-3-99-03-03-2013-security-for-indu">SR 1.1</reference>
            <reference href="https://www.isa.org/products/ansi-isa-62443-3-3-99-03-03-2013-security-for-indu">SR 1.10</reference>
            <reference href="https://www.isa.org/products/ansi-isa-62443-3-3-99-03-03-2013-security-for-indu">SR 1.11</reference>
            <reference href="https://www.isa.org/products/ansi-isa-62443-3-3-99-03-03-2013-security-for-indu">SR 1.12</reference>
            <reference href="https://www.isa.org/products/ansi-isa-62443-3-3-99-03-03-2013-security-for-indu">SR 1.13</reference>
            <reference href="https://www.isa.org/products/ansi-isa-62443-3-3-99-03-03-2013-security-for-indu">SR 1.2</reference>
            <reference href="https://www.isa.org/products/ansi-isa-62443-3-3-99-03-03-2013-security-for-indu">SR 1.3</reference>
            <reference href="https://www.isa.org/products/ansi-isa-62443-3-3-99-03-03-2013-security-for-indu">SR 1.4</reference>
            <reference href="https://www.isa.org/products/ansi-isa-62443-3-3-99-03-03-2013-security-for-indu">SR 1.5</reference>
            <reference href="https://www.isa.org/products/ansi-isa-62443-3-3-99-03-03-2013-security-for-indu">SR 1.6</reference>
            <reference href="https://www.isa.org/products/ansi-isa-62443-3-3-99-03-03-2013-security-for-indu">SR 1.7</reference>
            <reference href="https://www.isa.org/products/ansi-isa-62443-3-3-99-03-03-2013-security-for-indu">SR 1.8</reference>
            <reference href="https://www.isa.org/products/ansi-isa-62443-3-3-99-03-03-2013-security-for-indu">SR 1.9</reference>
            <reference href="https://www.isa.org/products/ansi-isa-62443-3-3-99-03-03-2013-security-for-indu">SR 2.1</reference>
            <reference href="https://www.isa.org/products/ansi-isa-62443-3-3-99-03-03-2013-security-for-indu">SR 2.2</reference>
            <reference href="https://www.isa.org/products/ansi-isa-62443-3-3-99-03-03-2013-security-for-indu">SR 2.3</reference>
            <reference href="https://www.isa.org/products/ansi-isa-62443-3-3-99-03-03-2013-security-for-indu">SR 2.4</reference>
            <reference href="https://www.isa.org/products/ansi-isa-62443-3-3-99-03-03-2013-security-for-indu">SR 2.5</reference>
            <reference href="https://www.isa.org/products/ansi-isa-62443-3-3-99-03-03-2013-security-for-indu">SR 2.6</reference>
            <reference href="https://www.isa.org/products/ansi-isa-62443-3-3-99-03-03-2013-security-for-indu">SR 2.7</reference>
            <reference href="https://www.isa.org/products/ansi-isa-62443-3-3-99-03-03-2013-security-for-indu">SR 3.1</reference>
            <reference href="https://www.isa.org/products/ansi-isa-62443-3-3-99-03-03-2013-security-for-indu">SR 3.5</reference>
            <reference href="https://www.isa.org/products/ansi-isa-62443-3-3-99-03-03-2013-security-for-indu">SR 3.8</reference>
            <reference href="https://www.isa.org/products/ansi-isa-62443-3-3-99-03-03-2013-security-for-indu">SR 4.1</reference>
            <reference href="https://www.isa.org/products/ansi-isa-62443-3-3-99-03-03-2013-security-for-indu">SR 4.3</reference>
            <reference href="https://www.isa.org/products/ansi-isa-62443-3-3-99-03-03-2013-security-for-indu">SR 5.1</reference>
            <reference href="https://www.isa.org/products/ansi-isa-62443-3-3-99-03-03-2013-security-for-indu">SR 5.2</reference>
            <reference href="https://www.isa.org/products/ansi-isa-62443-3-3-99-03-03-2013-security-for-indu">SR 5.3</reference>
            <reference href="https://www.isa.org/products/ansi-isa-62443-3-3-99-03-03-2013-security-for-indu">SR 6.2</reference>
            <reference href="https://www.isa.org/products/ansi-isa-62443-3-3-99-03-03-2013-security-for-indu">SR 7.1</reference>
            <reference href="https://www.isa.org/products/ansi-isa-62443-3-3-99-03-03-2013-security-for-indu">SR 7.2</reference>
            <reference href="https://www.isa.org/products/ansi-isa-62443-3-3-99-03-03-2013-security-for-indu">SR 7.6</reference>
            <reference href="https://www.iso.org/contents/data/standard/05/45/54534.html">A.10.1.1</reference>
            <reference href="https://www.iso.org/contents/data/standard/05/45/54534.html">A.11.1.4</reference>
            <reference href="https://www.iso.org/contents/data/standard/05/45/54534.html">A.11.1.5</reference>
            <reference href="https://www.iso.org/contents/data/standard/05/45/54534.html">A.11.2.1</reference>
            <reference href="https://www.iso.org/contents/data/standard/05/45/54534.html">A.12.1.1</reference>
            <reference href="https://www.iso.org/contents/data/standard/05/45/54534.html">A.12.1.2</reference>
            <reference href="https://www.iso.org/contents/data/standard/05/45/54534.html">A.12.1.3</reference>
            <reference href="https://www.iso.org/contents/data/standard/05/45/54534.html">A.12.5.1</reference>
            <reference href="https://www.iso.org/contents/data/standard/05/45/54534.html">A.12.6.2</reference>
            <reference href="https://www.iso.org/contents/data/standard/05/45/54534.html">A.13.1.1</reference>
            <reference href="https://www.iso.org/contents/data/standard/05/45/54534.html">A.13.1.2</reference>
            <reference href="https://www.iso.org/contents/data/standard/05/45/54534.html">A.13.1.3</reference>
            <reference href="https://www.iso.org/contents/data/standard/05/45/54534.html">A.13.2.1</reference>
            <reference href="https://www.iso.org/contents/data/standard/05/45/54534.html">A.13.2.2</reference>
            <reference href="https://www.iso.org/contents/data/standard/05/45/54534.html">A.13.2.3</reference>
            <reference href="https://www.iso.org/contents/data/standard/05/45/54534.html">A.13.2.4</reference>
            <reference href="https://www.iso.org/contents/data/standard/05/45/54534.html">A.14.1.2</reference>
            <reference href="https://www.iso.org/contents/data/standard/05/45/54534.html">A.14.1.3</reference>
            <reference href="https://www.iso.org/contents/data/standard/05/45/54534.html">A.14.2.2</reference>
            <reference href="https://www.iso.org/contents/data/standard/05/45/54534.html">A.14.2.3</reference>
            <reference href="https://www.iso.org/contents/data/standard/05/45/54534.html">A.14.2.4</reference>
            <reference href="https://www.iso.org/contents/data/standard/05/45/54534.html">A.17.2.1</reference>
            <reference href="https://www.iso.org/contents/data/standard/05/45/54534.html">A.6.1.2</reference>
            <reference href="https://www.iso.org/contents/data/standard/05/45/54534.html">A.7.1.1</reference>
            <reference href="https://www.iso.org/contents/data/standard/05/45/54534.html">A.7.1.2</reference>
            <reference href="https://www.iso.org/contents/data/standard/05/45/54534.html">A.7.3.1</reference>
            <reference href="https://www.iso.org/contents/data/standard/05/45/54534.html">A.8.2.2</reference>
            <reference href="https://www.iso.org/contents/data/standard/05/45/54534.html">A.8.2.3</reference>
            <reference href="https://www.iso.org/contents/data/standard/05/45/54534.html">A.9.1.1</reference>
            <reference href="https://www.iso.org/contents/data/standard/05/45/54534.html">A.9.1.2</reference>
            <reference href="https://www.iso.org/contents/data/standard/05/45/54534.html">A.9.2.3</reference>
            <reference href="https://www.iso.org/contents/data/standard/05/45/54534.html">A.9.4.1</reference>
            <reference href="https://www.iso.org/contents/data/standard/05/45/54534.html">A.9.4.4</reference>
            <reference href="https://www.iso.org/contents/data/standard/05/45/54534.html">A.9.4.5</reference>
            <reference href="https://www.nerc.com/standards/reliability-standards/cip">CIP-007-3 R4</reference>
            <reference href="https://www.nerc.com/standards/reliability-standards/cip">CIP-007-3 R4.1</reference>
            <reference href="https://www.nerc.com/standards/reliability-standards/cip">CIP-007-3 R4.2</reference>
            <reference href="https://www.nerc.com/standards/reliability-standards/cip">CIP-007-3 R5.1</reference>
            <reference href="http://nvlpubs.nist.gov/nistpubs/SpecialPublications/NIST.SP.800-53r4.pdf">CM-7(a)</reference>
            <reference href="http://nvlpubs.nist.gov/nistpubs/SpecialPublications/NIST.SP.800-53r4.pdf">CM-7(b)</reference>
            <reference href="http://nvlpubs.nist.gov/nistpubs/SpecialPublications/NIST.SP.800-53r4.pdf">SC-5</reference>
            <reference href="http://nvlpubs.nist.gov/nistpubs/SpecialPublications/NIST.SP.800-53r4.pdf">CM-6(a)</reference>
            <reference href="http://nvlpubs.nist.gov/nistpubs/SpecialPublications/NIST.SP.800-53r4.pdf">SC-7(a)</reference>
            <reference href="https://nvlpubs.nist.gov/nistpubs/CSWP/NIST.CSWP.04162018.pdf">DE.AE-1</reference>
            <reference href="https://nvlpubs.nist.gov/nistpubs/CSWP/NIST.CSWP.04162018.pdf">DE.CM-1</reference>
            <reference href="https://nvlpubs.nist.gov/nistpubs/CSWP/NIST.CSWP.04162018.pdf">ID.AM-3</reference>
            <reference href="https://nvlpubs.nist.gov/nistpubs/CSWP/NIST.CSWP.04162018.pdf">PR.AC-5</reference>
            <reference href="https://nvlpubs.nist.gov/nistpubs/CSWP/NIST.CSWP.04162018.pdf">PR.DS-4</reference>
            <reference href="https://nvlpubs.nist.gov/nistpubs/CSWP/NIST.CSWP.04162018.pdf">PR.DS-5</reference>
            <reference href="https://nvlpubs.nist.gov/nistpubs/CSWP/NIST.CSWP.04162018.pdf">PR.IP-1</reference>
            <reference href="https://nvlpubs.nist.gov/nistpubs/CSWP/NIST.CSWP.04162018.pdf">PR.PT-3</reference>
            <reference href="https://nvlpubs.nist.gov/nistpubs/CSWP/NIST.CSWP.04162018.pdf">PR.PT-4</reference>
            <reference href="https://www.cyber.mil/stigs/downloads/?_dl_facet_stigs=operating-systems%2Cgeneral-purpose-os">SRG-OS-000480-GPOS-00227</reference>
            <reference href="https://www.cyber.mil/stigs/downloads/?_dl_facet_stigs=operating-systems%2Cunix-linux">SLES-15-040370</reference>
            <reference href="https://www.cisecurity.org/benchmark/suse_linux/">3.2.2</reference>
            <reference href="https://cyber.gouv.fr/sites/default/files/document/linux_configuration-en-v2.pdf">R12</reference>
            <reference href="not_publicly_available">SLES-15-450450030</reference>
            <reference href="https://docs-prv.pcisecuritystandards.org/PCI%20DSS/Standard/PCI-DSS-v4_0.pdf">1.4.5</reference>
            <reference href="https://docs-prv.pcisecuritystandards.org/PCI%20DSS/Standard/PCI-DSS-v4_0.pdf">1.4</reference>
            <reference href="https://www.cyber.mil/stigs/srg-stig-tools/">SV-235023r991589_rule</reference>
            <rationale xmlns:xhtml="http://www.w3.org/1999/xhtml" xml:lang="en-US">ICMP redirect messages are used by routers to inform hosts that a more
direct route exists for a particular destination. These messages contain information
from the system's route table possibly revealing portions of the network topology.
<html:br xmlns:html="http://www.w3.org/1999/xhtml"/>
The ability to send ICMP redirects is only appropriate for systems acting as routers.</rationale>
            <ident system="https://ncp.nist.gov/cce">CCE-85655-9</ident>
            <fix xmlns:xhtml="http://www.w3.org/1999/xhtml" id="sysctl_net_ipv4_conf_all_send_redirects" system="urn:xccdf:fix:script:sh" reboot="true" complexity="low" disruption="medium" strategy="disable"># Remediation is applicable only in certain platforms
if rpm --quiet -q kernel-default || rpm --quiet -q kernel-default-base; then

# Comment out any occurrences of net.ipv4.conf.all.send_redirects from /etc/sysctl.d/*.conf files

for f in /etc/sysctl.d/*.conf /run/sysctl.d/*.conf /usr/local/lib/sysctl.d/*.conf /lib/sysctl.d/*.conf; do


  # skip systemd-sysctl symlink (/etc/sysctl.d/99-sysctl.conf -&gt; /etc/sysctl.conf)
  if [[ "$(readlink -f "$f")" == "/etc/sysctl.conf" ]]; then continue; fi

  matching_list=$(grep -P '^(?!#).*[\s]*net.ipv4.conf.all.send_redirects.*$' $f | uniq )
  if ! test -z "$matching_list"; then
    while IFS= read -r entry; do
      escaped_entry=$(sed -e 's|/|\\/|g' &lt;&lt;&lt; "$entry")
      # comment out "net.ipv4.conf.all.send_redirects" matches to preserve user data
      sed -i --follow-symlinks "s/^${escaped_entry}$/# &amp;/g" $f
    done &lt;&lt;&lt; "$matching_list"
  fi
done

#
# Set sysctl config file which to save the desired value
#

SYSCONFIG_FILE='/etc/sysctl.d/net_ipv4_conf_all_send_redirects.conf'


#
# Set runtime for net.ipv4.conf.all.send_redirects
#
if ! { rpm --quiet -q kernel rpm-ostree bootc &amp;&amp; ! rpm --quiet -q openshift-kubelet &amp;&amp; { [ -f "/run/.containerenv" ] || [ -f "/.containerenv" ]; }; } ; then
    /sbin/sysctl -q -n -w net.ipv4.conf.all.send_redirects="0"
fi

#
# If net.ipv4.conf.all.send_redirects present in /etc/sysctl.conf, change value to "0"
#	else, add "net.ipv4.conf.all.send_redirects = 0" to /etc/sysctl.conf
#

sed -i "/^$SYSCONFIG_VAR/d" /etc/sysctl.conf

# Strip any search characters in the key arg so that the key can be replaced without
# adding any search characters to the config file.
stripped_key=$(sed 's/[\^=\$,;+]*//g' &lt;&lt;&lt; "^net.ipv4.conf.all.send_redirects")

# shellcheck disable=SC2059
printf -v formatted_output "%s = %s" "$stripped_key" "0"

# If the key exists, change it. Otherwise, add it to the config_file.
# We search for the key string followed by a word boundary (matched by \&gt;),
# so if we search for 'setting', 'setting2' won't match.
if LC_ALL=C grep -q -m 1 -i -e "^net.ipv4.conf.all.send_redirects\\&gt;" "${SYSCONFIG_FILE}"; then
    escaped_formatted_output=$(sed -e 's|/|\\/|g' &lt;&lt;&lt; "$formatted_output")
    LC_ALL=C sed -i --follow-symlinks "s/^net.ipv4.conf.all.send_redirects\\&gt;.*/$escaped_formatted_output/gi" "${SYSCONFIG_FILE}"
else
    if [[ -s "${SYSCONFIG_FILE}" ]] &amp;&amp; [[ -n "$(tail -c 1 -- "${SYSCONFIG_FILE}" || true)" ]]; then
        LC_ALL=C sed -i --follow-symlinks '$a'\\ "${SYSCONFIG_FILE}"
    fi
    cce="CCE-85655-9"
    printf '# Per %s: Set %s in %s\n' "${cce}" "${formatted_output}" "${SYSCONFIG_FILE}" &gt;&gt; "${SYSCONFIG_FILE}"
    printf '%s\n' "$formatted_output" &gt;&gt; "${SYSCONFIG_FILE}"
fi

else
    &gt;&amp;2 echo 'Remediation is not applicable, nothing was done'
fi
</fix>
            <fix xmlns:xhtml="http://www.w3.org/1999/xhtml" id="sysctl_net_ipv4_conf_all_send_redirects" system="urn:xccdf:fix:script:ansible" reboot="true" complexity="low" disruption="medium" strategy="disable">- name: Gather the package facts
  package_facts:
    manager: auto
  tags:
  - CCE-85655-9
  - CJIS-5.10.1.1
  - DISA-STIG-SLES-15-040370
  - NIST-800-171-3.1.20
  - NIST-800-53-CM-6(a)
  - NIST-800-53-CM-7(a)
  - NIST-800-53-CM-7(b)
  - NIST-800-53-SC-5
  - NIST-800-53-SC-7(a)
  - PCI-DSSv4-1.4
  - PCI-DSSv4-1.4.5
  - disable_strategy
  - low_complexity
  - medium_disruption
  - medium_severity
  - reboot_required
  - sysctl_net_ipv4_conf_all_send_redirects

- name: Disable Kernel Parameter for Sending ICMP Redirects on all IPv4 Interfaces
    - Set fact for sysctl paths
  ansible.builtin.set_fact:
    sysctl_paths:
    - /run/sysctl.d/
    - /etc/sysctl.d/
    - /usr/local/lib/sysctl.d/
    - /lib/sysctl.d/
  when: ("kernel-default" in ansible_facts.packages or "kernel-default-base" in ansible_facts.packages)
  tags:
  - CCE-85655-9
  - CJIS-5.10.1.1
  - DISA-STIG-SLES-15-040370
  - NIST-800-171-3.1.20
  - NIST-800-53-CM-6(a)
  - NIST-800-53-CM-7(a)
  - NIST-800-53-CM-7(b)
  - NIST-800-53-SC-5
  - NIST-800-53-SC-7(a)
  - PCI-DSSv4-1.4
  - PCI-DSSv4-1.4.5
  - disable_strategy
  - low_complexity
  - medium_disruption
  - medium_severity
  - reboot_required
  - sysctl_net_ipv4_conf_all_send_redirects

- name: Disable Kernel Parameter for Sending ICMP Redirects on all IPv4 Interfaces
    - Find all files that contain net.ipv4.conf.all.send_redirects
  ansible.builtin.shell:
    cmd: find -L {{ sysctl_paths | join(" ") }} -type f -name '*.conf' | xargs grep
      -HP '^\s*net.ipv4.conf.all.send_redirects\s*=\s*.*$'
  register: find_all_values
  check_mode: false
  changed_when: false
  failed_when: false
  when: ("kernel-default" in ansible_facts.packages or "kernel-default-base" in ansible_facts.packages)
  tags:
  - CCE-85655-9
  - CJIS-5.10.1.1
  - DISA-STIG-SLES-15-040370
  - NIST-800-171-3.1.20
  - NIST-800-53-CM-6(a)
  - NIST-800-53-CM-7(a)
  - NIST-800-53-CM-7(b)
  - NIST-800-53-SC-5
  - NIST-800-53-SC-7(a)
  - PCI-DSSv4-1.4
  - PCI-DSSv4-1.4.5
  - disable_strategy
  - low_complexity
  - medium_disruption
  - medium_severity
  - reboot_required
  - sysctl_net_ipv4_conf_all_send_redirects

- name: Disable Kernel Parameter for Sending ICMP Redirects on all IPv4 Interfaces
    - Find all files that set net.ipv4.conf.all.send_redirects to correct value
  ansible.builtin.shell:
    cmd: find -L {{ sysctl_paths | join(" ") }} -type f -name '*.conf' | xargs grep
      -HP '^\s*net.ipv4.conf.all.send_redirects\s*=\s*0$'
  register: find_correct_value
  check_mode: false
  changed_when: false
  failed_when: false
  when: ("kernel-default" in ansible_facts.packages or "kernel-default-base" in ansible_facts.packages)
  tags:
  - CCE-85655-9
  - CJIS-5.10.1.1
  - DISA-STIG-SLES-15-040370
  - NIST-800-171-3.1.20
  - NIST-800-53-CM-6(a)
  - NIST-800-53-CM-7(a)
  - NIST-800-53-CM-7(b)
  - NIST-800-53-SC-5
  - NIST-800-53-SC-7(a)
  - PCI-DSSv4-1.4
  - PCI-DSSv4-1.4.5
  - disable_strategy
  - low_complexity
  - medium_disruption
  - medium_severity
  - reboot_required
  - sysctl_net_ipv4_conf_all_send_redirects

- name: Disable Kernel Parameter for Sending ICMP Redirects on all IPv4 Interfaces
    - Comment out any occurrences of net.ipv4.conf.all.send_redirects from config
    files
  ansible.builtin.replace:
    path: '{{ item | split(":") | first }}'
    regexp: ^[\s]*net.ipv4.conf.all.send_redirects
    replace: '#net.ipv4.conf.all.send_redirects'
  loop: '{{ find_all_values.stdout_lines }}'
  when:
  - ("kernel-default" in ansible_facts.packages or "kernel-default-base" in ansible_facts.packages)
  - find_correct_value.stdout_lines | length == 0 or find_all_values.stdout_lines
    | length &gt; find_correct_value.stdout_lines | length
  tags:
  - CCE-85655-9
  - CJIS-5.10.1.1
  - DISA-STIG-SLES-15-040370
  - NIST-800-171-3.1.20
  - NIST-800-53-CM-6(a)
  - NIST-800-53-CM-7(a)
  - NIST-800-53-CM-7(b)
  - NIST-800-53-SC-5
  - NIST-800-53-SC-7(a)
  - PCI-DSSv4-1.4
  - PCI-DSSv4-1.4.5
  - disable_strategy
  - low_complexity
  - medium_disruption
  - medium_severity
  - reboot_required
  - sysctl_net_ipv4_conf_all_send_redirects

- name: Disable Kernel Parameter for Sending ICMP Redirects on all IPv4 Interfaces
    - Comment out any occurrences of net.ipv4.conf.all.send_redirects from /etc/sysctl.conf
  ansible.builtin.replace:
    path: /etc/sysctl.conf
    regexp: ^[\s]*net.ipv4.conf.all.send_redirects
    replace: '#net.ipv4.conf.all.send_redirects'
  when: ("kernel-default" in ansible_facts.packages or "kernel-default-base" in ansible_facts.packages)
  tags:
  - CCE-85655-9
  - CJIS-5.10.1.1
  - DISA-STIG-SLES-15-040370
  - NIST-800-171-3.1.20
  - NIST-800-53-CM-6(a)
  - NIST-800-53-CM-7(a)
  - NIST-800-53-CM-7(b)
  - NIST-800-53-SC-5
  - NIST-800-53-SC-7(a)
  - PCI-DSSv4-1.4
  - PCI-DSSv4-1.4.5
  - disable_strategy
  - low_complexity
  - medium_disruption
  - medium_severity
  - reboot_required
  - sysctl_net_ipv4_conf_all_send_redirects

- name: Disable Kernel Parameter for Sending ICMP Redirects on all IPv4 Interfaces
    - Ensure sysctl net.ipv4.conf.all.send_redirects is set to 0
  ansible.posix.sysctl:
    name: net.ipv4.conf.all.send_redirects
    value: '0'
    sysctl_file: /etc/sysctl.d/net_ipv4_conf_all_send_redirects.conf
    state: present
    reload: true
  when: ("kernel-default" in ansible_facts.packages or "kernel-default-base" in ansible_facts.packages)
  tags:
  - CCE-85655-9
  - CJIS-5.10.1.1
  - DISA-STIG-SLES-15-040370
  - NIST-800-171-3.1.20
  - NIST-800-53-CM-6(a)
  - NIST-800-53-CM-7(a)
  - NIST-800-53-CM-7(b)
  - NIST-800-53-SC-5
  - NIST-800-53-SC-7(a)
  - PCI-DSSv4-1.4
  - PCI-DSSv4-1.4.5
  - disable_strategy
  - low_complexity
  - medium_disruption
  - medium_severity
  - reboot_required
  - sysctl_net_ipv4_conf_all_send_redirects
</fix>
            <check system="http://open-scap.org/page/SCE">
              <check-import import-name="stdout">
                  </check-import>
              <check-content-ref href="sle15/checks/sce/sysctl_net_ipv4_conf_all_send_redirects.sh"/>
            </check>
            <check system="http://oval.mitre.org/XMLSchema/oval-definitions-5">
              <check-content-ref name="oval:ssg-sysctl_net_ipv4_conf_all_send_redirects:def:1" href="ssg-sle15-oval.xml"/>
            </check>
            <check system="http://scap.nist.gov/schema/ocil/2">
              <check-content-ref name="ocil:ssg-sysctl_net_ipv4_conf_all_send_redirects_ocil:questionnaire:1" href="ssg-sle15-ocil.xml"/>
            </check>
          </Rule>
          <Rule id="xccdf_org.ssgproject.content_rule_sysctl_net_ipv4_conf_default_send_redirects" selected="false" role="full" severity="medium">
            <title xmlns:xhtml="http://www.w3.org/1999/xhtml" xml:lang="en-US">Disable Kernel Parameter for Sending ICMP Redirects on all IPv4 Interfaces by Default</title>
            <description xmlns:xhtml="http://www.w3.org/1999/xhtml" xml:lang="en-US">To set the runtime status of the <html:code xmlns:html="http://www.w3.org/1999/xhtml">net.ipv4.conf.default.send_redirects</html:code> kernel parameter, run the following command: <html:pre xmlns:html="http://www.w3.org/1999/xhtml">$ sudo sysctl -w net.ipv4.conf.default.send_redirects=0</html:pre>
To make sure that the setting is persistent, add the following line to a file in the directory <html:code xmlns:html="http://www.w3.org/1999/xhtml">/etc/sysctl.d</html:code>: <html:pre xmlns:html="http://www.w3.org/1999/xhtml">net.ipv4.conf.default.send_redirects = 0</html:pre>
        </description>
            <reference href="https://www.cisecurity.org/controls/">1</reference>
            <reference href="https://www.cisecurity.org/controls/">11</reference>
            <reference href="https://www.cisecurity.org/controls/">12</reference>
            <reference href="https://www.cisecurity.org/controls/">13</reference>
            <reference href="https://www.cisecurity.org/controls/">14</reference>
            <reference href="https://www.cisecurity.org/controls/">15</reference>
            <reference href="https://www.cisecurity.org/controls/">16</reference>
            <reference href="https://www.cisecurity.org/controls/">18</reference>
            <reference href="https://www.cisecurity.org/controls/">2</reference>
            <reference href="https://www.cisecurity.org/controls/">3</reference>
            <reference href="https://www.cisecurity.org/controls/">4</reference>
            <reference href="https://www.cisecurity.org/controls/">6</reference>
            <reference href="https://www.cisecurity.org/controls/">7</reference>
            <reference href="https://www.cisecurity.org/controls/">8</reference>
            <reference href="https://www.cisecurity.org/controls/">9</reference>
            <reference href="https://www.fbi.gov/file-repository/cjis-security-policy-v5_5_20160601-2-1.pdf">5.10.1.1</reference>
            <reference href="https://www.isaca.org/resources/cobit">APO01.06</reference>
            <reference href="https://www.isaca.org/resources/cobit">APO13.01</reference>
            <reference href="https://www.isaca.org/resources/cobit">BAI04.04</reference>
            <reference href="https://www.isaca.org/resources/cobit">BAI10.01</reference>
            <reference href="https://www.isaca.org/resources/cobit">BAI10.02</reference>
            <reference href="https://www.isaca.org/resources/cobit">BAI10.03</reference>
            <reference href="https://www.isaca.org/resources/cobit">BAI10.05</reference>
            <reference href="https://www.isaca.org/resources/cobit">DSS01.03</reference>
            <reference href="https://www.isaca.org/resources/cobit">DSS01.05</reference>
            <reference href="https://www.isaca.org/resources/cobit">DSS03.01</reference>
            <reference href="https://www.isaca.org/resources/cobit">DSS03.05</reference>
            <reference href="https://www.isaca.org/resources/cobit">DSS05.02</reference>
            <reference href="https://www.isaca.org/resources/cobit">DSS05.04</reference>
            <reference href="https://www.isaca.org/resources/cobit">DSS05.05</reference>
            <reference href="https://www.isaca.org/resources/cobit">DSS05.07</reference>
            <reference href="https://www.isaca.org/resources/cobit">DSS06.02</reference>
            <reference href="https://www.isaca.org/resources/cobit">DSS06.06</reference>
            <reference href="http://nvlpubs.nist.gov/nistpubs/SpecialPublications/NIST.SP.800-171.pdf">3.1.20</reference>
            <reference href="https://www.isa.org/products/isa-62443-2-1-2009-security-for-industrial-automat">4.2.3.4</reference>
            <reference href="https://www.isa.org/products/isa-62443-2-1-2009-security-for-industrial-automat">4.3.3.4</reference>
            <reference href="https://www.isa.org/products/isa-62443-2-1-2009-security-for-industrial-automat">4.3.3.5.1</reference>
            <reference href="https://www.isa.org/products/isa-62443-2-1-2009-security-for-industrial-automat">4.3.3.5.2</reference>
            <reference href="https://www.isa.org/products/isa-62443-2-1-2009-security-for-industrial-automat">4.3.3.5.3</reference>
            <reference href="https://www.isa.org/products/isa-62443-2-1-2009-security-for-industrial-automat">4.3.3.5.4</reference>
            <reference href="https://www.isa.org/products/isa-62443-2-1-2009-security-for-industrial-automat">4.3.3.5.5</reference>
            <reference href="https://www.isa.org/products/isa-62443-2-1-2009-security-for-industrial-automat">4.3.3.5.6</reference>
            <reference href="https://www.isa.org/products/isa-62443-2-1-2009-security-for-industrial-automat">4.3.3.5.7</reference>
            <reference href="https://www.isa.org/products/isa-62443-2-1-2009-security-for-industrial-automat">4.3.3.5.8</reference>
            <reference href="https://www.isa.org/products/isa-62443-2-1-2009-security-for-industrial-automat">4.3.3.6.1</reference>
            <reference href="https://www.isa.org/products/isa-62443-2-1-2009-security-for-industrial-automat">4.3.3.6.2</reference>
            <reference href="https://www.isa.org/products/isa-62443-2-1-2009-security-for-industrial-automat">4.3.3.6.3</reference>
            <reference href="https://www.isa.org/products/isa-62443-2-1-2009-security-for-industrial-automat">4.3.3.6.4</reference>
            <reference href="https://www.isa.org/products/isa-62443-2-1-2009-security-for-industrial-automat">4.3.3.6.5</reference>
            <reference href="https://www.isa.org/products/isa-62443-2-1-2009-security-for-industrial-automat">4.3.3.6.6</reference>
            <reference href="https://www.isa.org/products/isa-62443-2-1-2009-security-for-industrial-automat">4.3.3.6.7</reference>
            <reference href="https://www.isa.org/products/isa-62443-2-1-2009-security-for-industrial-automat">4.3.3.6.8</reference>
            <reference href="https://www.isa.org/products/isa-62443-2-1-2009-security-for-industrial-automat">4.3.3.6.9</reference>
            <reference href="https://www.isa.org/products/isa-62443-2-1-2009-security-for-industrial-automat">4.3.3.7.1</reference>
            <reference href="https://www.isa.org/products/isa-62443-2-1-2009-security-for-industrial-automat">4.3.3.7.2</reference>
            <reference href="https://www.isa.org/products/isa-62443-2-1-2009-security-for-industrial-automat">4.3.3.7.3</reference>
            <reference href="https://www.isa.org/products/isa-62443-2-1-2009-security-for-industrial-automat">4.3.3.7.4</reference>
            <reference href="https://www.isa.org/products/isa-62443-2-1-2009-security-for-industrial-automat">4.3.4.3.2</reference>
            <reference href="https://www.isa.org/products/isa-62443-2-1-2009-security-for-industrial-automat">4.3.4.3.3</reference>
            <reference href="https://www.isa.org/products/isa-62443-2-1-2009-security-for-industrial-automat">4.4.3.3</reference>
            <reference href="https://www.isa.org/products/ansi-isa-62443-3-3-99-03-03-2013-security-for-indu">SR 1.1</reference>
            <reference href="https://www.isa.org/products/ansi-isa-62443-3-3-99-03-03-2013-security-for-indu">SR 1.10</reference>
            <reference href="https://www.isa.org/products/ansi-isa-62443-3-3-99-03-03-2013-security-for-indu">SR 1.11</reference>
            <reference href="https://www.isa.org/products/ansi-isa-62443-3-3-99-03-03-2013-security-for-indu">SR 1.12</reference>
            <reference href="https://www.isa.org/products/ansi-isa-62443-3-3-99-03-03-2013-security-for-indu">SR 1.13</reference>
            <reference href="https://www.isa.org/products/ansi-isa-62443-3-3-99-03-03-2013-security-for-indu">SR 1.2</reference>
            <reference href="https://www.isa.org/products/ansi-isa-62443-3-3-99-03-03-2013-security-for-indu">SR 1.3</reference>
            <reference href="https://www.isa.org/products/ansi-isa-62443-3-3-99-03-03-2013-security-for-indu">SR 1.4</reference>
            <reference href="https://www.isa.org/products/ansi-isa-62443-3-3-99-03-03-2013-security-for-indu">SR 1.5</reference>
            <reference href="https://www.isa.org/products/ansi-isa-62443-3-3-99-03-03-2013-security-for-indu">SR 1.6</reference>
            <reference href="https://www.isa.org/products/ansi-isa-62443-3-3-99-03-03-2013-security-for-indu">SR 1.7</reference>
            <reference href="https://www.isa.org/products/ansi-isa-62443-3-3-99-03-03-2013-security-for-indu">SR 1.8</reference>
            <reference href="https://www.isa.org/products/ansi-isa-62443-3-3-99-03-03-2013-security-for-indu">SR 1.9</reference>
            <reference href="https://www.isa.org/products/ansi-isa-62443-3-3-99-03-03-2013-security-for-indu">SR 2.1</reference>
            <reference href="https://www.isa.org/products/ansi-isa-62443-3-3-99-03-03-2013-security-for-indu">SR 2.2</reference>
            <reference href="https://www.isa.org/products/ansi-isa-62443-3-3-99-03-03-2013-security-for-indu">SR 2.3</reference>
            <reference href="https://www.isa.org/products/ansi-isa-62443-3-3-99-03-03-2013-security-for-indu">SR 2.4</reference>
            <reference href="https://www.isa.org/products/ansi-isa-62443-3-3-99-03-03-2013-security-for-indu">SR 2.5</reference>
            <reference href="https://www.isa.org/products/ansi-isa-62443-3-3-99-03-03-2013-security-for-indu">SR 2.6</reference>
            <reference href="https://www.isa.org/products/ansi-isa-62443-3-3-99-03-03-2013-security-for-indu">SR 2.7</reference>
            <reference href="https://www.isa.org/products/ansi-isa-62443-3-3-99-03-03-2013-security-for-indu">SR 3.1</reference>
            <reference href="https://www.isa.org/products/ansi-isa-62443-3-3-99-03-03-2013-security-for-indu">SR 3.5</reference>
            <reference href="https://www.isa.org/products/ansi-isa-62443-3-3-99-03-03-2013-security-for-indu">SR 3.8</reference>
            <reference href="https://www.isa.org/products/ansi-isa-62443-3-3-99-03-03-2013-security-for-indu">SR 4.1</reference>
            <reference href="https://www.isa.org/products/ansi-isa-62443-3-3-99-03-03-2013-security-for-indu">SR 4.3</reference>
            <reference href="https://www.isa.org/products/ansi-isa-62443-3-3-99-03-03-2013-security-for-indu">SR 5.1</reference>
            <reference href="https://www.isa.org/products/ansi-isa-62443-3-3-99-03-03-2013-security-for-indu">SR 5.2</reference>
            <reference href="https://www.isa.org/products/ansi-isa-62443-3-3-99-03-03-2013-security-for-indu">SR 5.3</reference>
            <reference href="https://www.isa.org/products/ansi-isa-62443-3-3-99-03-03-2013-security-for-indu">SR 6.2</reference>
            <reference href="https://www.isa.org/products/ansi-isa-62443-3-3-99-03-03-2013-security-for-indu">SR 7.1</reference>
            <reference href="https://www.isa.org/products/ansi-isa-62443-3-3-99-03-03-2013-security-for-indu">SR 7.2</reference>
            <reference href="https://www.isa.org/products/ansi-isa-62443-3-3-99-03-03-2013-security-for-indu">SR 7.6</reference>
            <reference href="https://www.iso.org/contents/data/standard/05/45/54534.html">A.10.1.1</reference>
            <reference href="https://www.iso.org/contents/data/standard/05/45/54534.html">A.11.1.4</reference>
            <reference href="https://www.iso.org/contents/data/standard/05/45/54534.html">A.11.1.5</reference>
            <reference href="https://www.iso.org/contents/data/standard/05/45/54534.html">A.11.2.1</reference>
            <reference href="https://www.iso.org/contents/data/standard/05/45/54534.html">A.12.1.1</reference>
            <reference href="https://www.iso.org/contents/data/standard/05/45/54534.html">A.12.1.2</reference>
            <reference href="https://www.iso.org/contents/data/standard/05/45/54534.html">A.12.1.3</reference>
            <reference href="https://www.iso.org/contents/data/standard/05/45/54534.html">A.12.5.1</reference>
            <reference href="https://www.iso.org/contents/data/standard/05/45/54534.html">A.12.6.2</reference>
            <reference href="https://www.iso.org/contents/data/standard/05/45/54534.html">A.13.1.1</reference>
            <reference href="https://www.iso.org/contents/data/standard/05/45/54534.html">A.13.1.2</reference>
            <reference href="https://www.iso.org/contents/data/standard/05/45/54534.html">A.13.1.3</reference>
            <reference href="https://www.iso.org/contents/data/standard/05/45/54534.html">A.13.2.1</reference>
            <reference href="https://www.iso.org/contents/data/standard/05/45/54534.html">A.13.2.2</reference>
            <reference href="https://www.iso.org/contents/data/standard/05/45/54534.html">A.13.2.3</reference>
            <reference href="https://www.iso.org/contents/data/standard/05/45/54534.html">A.13.2.4</reference>
            <reference href="https://www.iso.org/contents/data/standard/05/45/54534.html">A.14.1.2</reference>
            <reference href="https://www.iso.org/contents/data/standard/05/45/54534.html">A.14.1.3</reference>
            <reference href="https://www.iso.org/contents/data/standard/05/45/54534.html">A.14.2.2</reference>
            <reference href="https://www.iso.org/contents/data/standard/05/45/54534.html">A.14.2.3</reference>
            <reference href="https://www.iso.org/contents/data/standard/05/45/54534.html">A.14.2.4</reference>
            <reference href="https://www.iso.org/contents/data/standard/05/45/54534.html">A.17.2.1</reference>
            <reference href="https://www.iso.org/contents/data/standard/05/45/54534.html">A.6.1.2</reference>
            <reference href="https://www.iso.org/contents/data/standard/05/45/54534.html">A.7.1.1</reference>
            <reference href="https://www.iso.org/contents/data/standard/05/45/54534.html">A.7.1.2</reference>
            <reference href="https://www.iso.org/contents/data/standard/05/45/54534.html">A.7.3.1</reference>
            <reference href="https://www.iso.org/contents/data/standard/05/45/54534.html">A.8.2.2</reference>
            <reference href="https://www.iso.org/contents/data/standard/05/45/54534.html">A.8.2.3</reference>
            <reference href="https://www.iso.org/contents/data/standard/05/45/54534.html">A.9.1.1</reference>
            <reference href="https://www.iso.org/contents/data/standard/05/45/54534.html">A.9.1.2</reference>
            <reference href="https://www.iso.org/contents/data/standard/05/45/54534.html">A.9.2.3</reference>
            <reference href="https://www.iso.org/contents/data/standard/05/45/54534.html">A.9.4.1</reference>
            <reference href="https://www.iso.org/contents/data/standard/05/45/54534.html">A.9.4.4</reference>
            <reference href="https://www.iso.org/contents/data/standard/05/45/54534.html">A.9.4.5</reference>
            <reference href="https://www.nerc.com/standards/reliability-standards/cip">CIP-007-3 R4</reference>
            <reference href="https://www.nerc.com/standards/reliability-standards/cip">CIP-007-3 R4.1</reference>
            <reference href="https://www.nerc.com/standards/reliability-standards/cip">CIP-007-3 R4.2</reference>
            <reference href="https://www.nerc.com/standards/reliability-standards/cip">CIP-007-3 R5.1</reference>
            <reference href="http://nvlpubs.nist.gov/nistpubs/SpecialPublications/NIST.SP.800-53r4.pdf">CM-7(a)</reference>
            <reference href="http://nvlpubs.nist.gov/nistpubs/SpecialPublications/NIST.SP.800-53r4.pdf">CM-7(b)</reference>
            <reference href="http://nvlpubs.nist.gov/nistpubs/SpecialPublications/NIST.SP.800-53r4.pdf">SC-5</reference>
            <reference href="http://nvlpubs.nist.gov/nistpubs/SpecialPublications/NIST.SP.800-53r4.pdf">CM-6(a)</reference>
            <reference href="http://nvlpubs.nist.gov/nistpubs/SpecialPublications/NIST.SP.800-53r4.pdf">SC-7(a)</reference>
            <reference href="https://nvlpubs.nist.gov/nistpubs/CSWP/NIST.CSWP.04162018.pdf">DE.AE-1</reference>
            <reference href="https://nvlpubs.nist.gov/nistpubs/CSWP/NIST.CSWP.04162018.pdf">DE.CM-1</reference>
            <reference href="https://nvlpubs.nist.gov/nistpubs/CSWP/NIST.CSWP.04162018.pdf">ID.AM-3</reference>
            <reference href="https://nvlpubs.nist.gov/nistpubs/CSWP/NIST.CSWP.04162018.pdf">PR.AC-5</reference>
            <reference href="https://nvlpubs.nist.gov/nistpubs/CSWP/NIST.CSWP.04162018.pdf">PR.DS-4</reference>
            <reference href="https://nvlpubs.nist.gov/nistpubs/CSWP/NIST.CSWP.04162018.pdf">PR.DS-5</reference>
            <reference href="https://nvlpubs.nist.gov/nistpubs/CSWP/NIST.CSWP.04162018.pdf">PR.IP-1</reference>
            <reference href="https://nvlpubs.nist.gov/nistpubs/CSWP/NIST.CSWP.04162018.pdf">PR.PT-3</reference>
            <reference href="https://nvlpubs.nist.gov/nistpubs/CSWP/NIST.CSWP.04162018.pdf">PR.PT-4</reference>
            <reference href="https://www.cyber.mil/stigs/downloads/?_dl_facet_stigs=operating-systems%2Cgeneral-purpose-os">SRG-OS-000480-GPOS-00227</reference>
            <reference href="https://www.cyber.mil/stigs/downloads/?_dl_facet_stigs=operating-systems%2Cunix-linux">SLES-15-040360</reference>
            <reference href="https://www.cisecurity.org/benchmark/suse_linux/">3.2.2</reference>
            <reference href="https://cyber.gouv.fr/sites/default/files/document/linux_configuration-en-v2.pdf">R12</reference>
            <reference href="not_publicly_available">SLES-15-450450030</reference>
            <reference href="https://docs-prv.pcisecuritystandards.org/PCI%20DSS/Standard/PCI-DSS-v4_0.pdf">1.4.5</reference>
            <reference href="https://docs-prv.pcisecuritystandards.org/PCI%20DSS/Standard/PCI-DSS-v4_0.pdf">1.4</reference>
            <reference href="https://www.cyber.mil/stigs/srg-stig-tools/">SV-235022r991589_rule</reference>
            <rationale xmlns:xhtml="http://www.w3.org/1999/xhtml" xml:lang="en-US">ICMP redirect messages are used by routers to inform hosts that a more
direct route exists for a particular destination. These messages contain information
from the system's route table possibly revealing portions of the network topology.
<html:br xmlns:html="http://www.w3.org/1999/xhtml"/>
The ability to send ICMP redirects is only appropriate for systems acting as routers.</rationale>
            <ident system="https://ncp.nist.gov/cce">CCE-85654-2</ident>
            <fix xmlns:xhtml="http://www.w3.org/1999/xhtml" id="sysctl_net_ipv4_conf_default_send_redirects" system="urn:xccdf:fix:script:sh" reboot="true" complexity="low" disruption="medium" strategy="disable"># Remediation is applicable only in certain platforms
if rpm --quiet -q kernel-default || rpm --quiet -q kernel-default-base; then

# Comment out any occurrences of net.ipv4.conf.default.send_redirects from /etc/sysctl.d/*.conf files

for f in /etc/sysctl.d/*.conf /run/sysctl.d/*.conf /usr/local/lib/sysctl.d/*.conf /lib/sysctl.d/*.conf; do


  # skip systemd-sysctl symlink (/etc/sysctl.d/99-sysctl.conf -&gt; /etc/sysctl.conf)
  if [[ "$(readlink -f "$f")" == "/etc/sysctl.conf" ]]; then continue; fi

  matching_list=$(grep -P '^(?!#).*[\s]*net.ipv4.conf.default.send_redirects.*$' $f | uniq )
  if ! test -z "$matching_list"; then
    while IFS= read -r entry; do
      escaped_entry=$(sed -e 's|/|\\/|g' &lt;&lt;&lt; "$entry")
      # comment out "net.ipv4.conf.default.send_redirects" matches to preserve user data
      sed -i --follow-symlinks "s/^${escaped_entry}$/# &amp;/g" $f
    done &lt;&lt;&lt; "$matching_list"
  fi
done

#
# Set sysctl config file which to save the desired value
#

SYSCONFIG_FILE='/etc/sysctl.d/net_ipv4_conf_default_send_redirects.conf'


#
# Set runtime for net.ipv4.conf.default.send_redirects
#
if ! { rpm --quiet -q kernel rpm-ostree bootc &amp;&amp; ! rpm --quiet -q openshift-kubelet &amp;&amp; { [ -f "/run/.containerenv" ] || [ -f "/.containerenv" ]; }; } ; then
    /sbin/sysctl -q -n -w net.ipv4.conf.default.send_redirects="0"
fi

#
# If net.ipv4.conf.default.send_redirects present in /etc/sysctl.conf, change value to "0"
#	else, add "net.ipv4.conf.default.send_redirects = 0" to /etc/sysctl.conf
#

sed -i "/^$SYSCONFIG_VAR/d" /etc/sysctl.conf

# Strip any search characters in the key arg so that the key can be replaced without
# adding any search characters to the config file.
stripped_key=$(sed 's/[\^=\$,;+]*//g' &lt;&lt;&lt; "^net.ipv4.conf.default.send_redirects")

# shellcheck disable=SC2059
printf -v formatted_output "%s = %s" "$stripped_key" "0"

# If the key exists, change it. Otherwise, add it to the config_file.
# We search for the key string followed by a word boundary (matched by \&gt;),
# so if we search for 'setting', 'setting2' won't match.
if LC_ALL=C grep -q -m 1 -i -e "^net.ipv4.conf.default.send_redirects\\&gt;" "${SYSCONFIG_FILE}"; then
    escaped_formatted_output=$(sed -e 's|/|\\/|g' &lt;&lt;&lt; "$formatted_output")
    LC_ALL=C sed -i --follow-symlinks "s/^net.ipv4.conf.default.send_redirects\\&gt;.*/$escaped_formatted_output/gi" "${SYSCONFIG_FILE}"
else
    if [[ -s "${SYSCONFIG_FILE}" ]] &amp;&amp; [[ -n "$(tail -c 1 -- "${SYSCONFIG_FILE}" || true)" ]]; then
        LC_ALL=C sed -i --follow-symlinks '$a'\\ "${SYSCONFIG_FILE}"
    fi
    cce="CCE-85654-2"
    printf '# Per %s: Set %s in %s\n' "${cce}" "${formatted_output}" "${SYSCONFIG_FILE}" &gt;&gt; "${SYSCONFIG_FILE}"
    printf '%s\n' "$formatted_output" &gt;&gt; "${SYSCONFIG_FILE}"
fi

else
    &gt;&amp;2 echo 'Remediation is not applicable, nothing was done'
fi
</fix>
            <fix xmlns:xhtml="http://www.w3.org/1999/xhtml" id="sysctl_net_ipv4_conf_default_send_redirects" system="urn:xccdf:fix:script:ansible" reboot="true" complexity="low" disruption="medium" strategy="disable">- name: Gather the package facts
  package_facts:
    manager: auto
  tags:
  - CCE-85654-2
  - CJIS-5.10.1.1
  - DISA-STIG-SLES-15-040360
  - NIST-800-171-3.1.20
  - NIST-800-53-CM-6(a)
  - NIST-800-53-CM-7(a)
  - NIST-800-53-CM-7(b)
  - NIST-800-53-SC-5
  - NIST-800-53-SC-7(a)
  - PCI-DSSv4-1.4
  - PCI-DSSv4-1.4.5
  - disable_strategy
  - low_complexity
  - medium_disruption
  - medium_severity
  - reboot_required
  - sysctl_net_ipv4_conf_default_send_redirects

- name: Disable Kernel Parameter for Sending ICMP Redirects on all IPv4 Interfaces
    by Default - Set fact for sysctl paths
  ansible.builtin.set_fact:
    sysctl_paths:
    - /run/sysctl.d/
    - /etc/sysctl.d/
    - /usr/local/lib/sysctl.d/
    - /lib/sysctl.d/
  when: ("kernel-default" in ansible_facts.packages or "kernel-default-base" in ansible_facts.packages)
  tags:
  - CCE-85654-2
  - CJIS-5.10.1.1
  - DISA-STIG-SLES-15-040360
  - NIST-800-171-3.1.20
  - NIST-800-53-CM-6(a)
  - NIST-800-53-CM-7(a)
  - NIST-800-53-CM-7(b)
  - NIST-800-53-SC-5
  - NIST-800-53-SC-7(a)
  - PCI-DSSv4-1.4
  - PCI-DSSv4-1.4.5
  - disable_strategy
  - low_complexity
  - medium_disruption
  - medium_severity
  - reboot_required
  - sysctl_net_ipv4_conf_default_send_redirects

- name: Disable Kernel Parameter for Sending ICMP Redirects on all IPv4 Interfaces
    by Default - Find all files that contain net.ipv4.conf.default.send_redirects
  ansible.builtin.shell:
    cmd: find -L {{ sysctl_paths | join(" ") }} -type f -name '*.conf' | xargs grep
      -HP '^\s*net.ipv4.conf.default.send_redirects\s*=\s*.*$'
  register: find_all_values
  check_mode: false
  changed_when: false
  failed_when: false
  when: ("kernel-default" in ansible_facts.packages or "kernel-default-base" in ansible_facts.packages)
  tags:
  - CCE-85654-2
  - CJIS-5.10.1.1
  - DISA-STIG-SLES-15-040360
  - NIST-800-171-3.1.20
  - NIST-800-53-CM-6(a)
  - NIST-800-53-CM-7(a)
  - NIST-800-53-CM-7(b)
  - NIST-800-53-SC-5
  - NIST-800-53-SC-7(a)
  - PCI-DSSv4-1.4
  - PCI-DSSv4-1.4.5
  - disable_strategy
  - low_complexity
  - medium_disruption
  - medium_severity
  - reboot_required
  - sysctl_net_ipv4_conf_default_send_redirects

- name: Disable Kernel Parameter for Sending ICMP Redirects on all IPv4 Interfaces
    by Default - Find all files that set net.ipv4.conf.default.send_redirects to correct
    value
  ansible.builtin.shell:
    cmd: find -L {{ sysctl_paths | join(" ") }} -type f -name '*.conf' | xargs grep
      -HP '^\s*net.ipv4.conf.default.send_redirects\s*=\s*0$'
  register: find_correct_value
  check_mode: false
  changed_when: false
  failed_when: false
  when: ("kernel-default" in ansible_facts.packages or "kernel-default-base" in ansible_facts.packages)
  tags:
  - CCE-85654-2
  - CJIS-5.10.1.1
  - DISA-STIG-SLES-15-040360
  - NIST-800-171-3.1.20
  - NIST-800-53-CM-6(a)
  - NIST-800-53-CM-7(a)
  - NIST-800-53-CM-7(b)
  - NIST-800-53-SC-5
  - NIST-800-53-SC-7(a)
  - PCI-DSSv4-1.4
  - PCI-DSSv4-1.4.5
  - disable_strategy
  - low_complexity
  - medium_disruption
  - medium_severity
  - reboot_required
  - sysctl_net_ipv4_conf_default_send_redirects

- name: Disable Kernel Parameter for Sending ICMP Redirects on all IPv4 Interfaces
    by Default - Comment out any occurrences of net.ipv4.conf.default.send_redirects
    from config files
  ansible.builtin.replace:
    path: '{{ item | split(":") | first }}'
    regexp: ^[\s]*net.ipv4.conf.default.send_redirects
    replace: '#net.ipv4.conf.default.send_redirects'
  loop: '{{ find_all_values.stdout_lines }}'
  when:
  - ("kernel-default" in ansible_facts.packages or "kernel-default-base" in ansible_facts.packages)
  - find_correct_value.stdout_lines | length == 0 or find_all_values.stdout_lines
    | length &gt; find_correct_value.stdout_lines | length
  tags:
  - CCE-85654-2
  - CJIS-5.10.1.1
  - DISA-STIG-SLES-15-040360
  - NIST-800-171-3.1.20
  - NIST-800-53-CM-6(a)
  - NIST-800-53-CM-7(a)
  - NIST-800-53-CM-7(b)
  - NIST-800-53-SC-5
  - NIST-800-53-SC-7(a)
  - PCI-DSSv4-1.4
  - PCI-DSSv4-1.4.5
  - disable_strategy
  - low_complexity
  - medium_disruption
  - medium_severity
  - reboot_required
  - sysctl_net_ipv4_conf_default_send_redirects

- name: Disable Kernel Parameter for Sending ICMP Redirects on all IPv4 Interfaces
    by Default - Comment out any occurrences of net.ipv4.conf.default.send_redirects
    from /etc/sysctl.conf
  ansible.builtin.replace:
    path: /etc/sysctl.conf
    regexp: ^[\s]*net.ipv4.conf.default.send_redirects
    replace: '#net.ipv4.conf.default.send_redirects'
  when: ("kernel-default" in ansible_facts.packages or "kernel-default-base" in ansible_facts.packages)
  tags:
  - CCE-85654-2
  - CJIS-5.10.1.1
  - DISA-STIG-SLES-15-040360
  - NIST-800-171-3.1.20
  - NIST-800-53-CM-6(a)
  - NIST-800-53-CM-7(a)
  - NIST-800-53-CM-7(b)
  - NIST-800-53-SC-5
  - NIST-800-53-SC-7(a)
  - PCI-DSSv4-1.4
  - PCI-DSSv4-1.4.5
  - disable_strategy
  - low_complexity
  - medium_disruption
  - medium_severity
  - reboot_required
  - sysctl_net_ipv4_conf_default_send_redirects

- name: Disable Kernel Parameter for Sending ICMP Redirects on all IPv4 Interfaces
    by Default - Ensure sysctl net.ipv4.conf.default.send_redirects is set to 0
  ansible.posix.sysctl:
    name: net.ipv4.conf.default.send_redirects
    value: '0'
    sysctl_file: /etc/sysctl.d/net_ipv4_conf_default_send_redirects.conf
    state: present
    reload: true
  when: ("kernel-default" in ansible_facts.packages or "kernel-default-base" in ansible_facts.packages)
  tags:
  - CCE-85654-2
  - CJIS-5.10.1.1
  - DISA-STIG-SLES-15-040360
  - NIST-800-171-3.1.20
  - NIST-800-53-CM-6(a)
  - NIST-800-53-CM-7(a)
  - NIST-800-53-CM-7(b)
  - NIST-800-53-SC-5
  - NIST-800-53-SC-7(a)
  - PCI-DSSv4-1.4
  - PCI-DSSv4-1.4.5
  - disable_strategy
  - low_complexity
  - medium_disruption
  - medium_severity
  - reboot_required
  - sysctl_net_ipv4_conf_default_send_redirects
</fix>
            <check system="http://open-scap.org/page/SCE">
              <check-import import-name="stdout">
                  </check-import>
              <check-content-ref href="sle15/checks/sce/sysctl_net_ipv4_conf_default_send_redirects.sh"/>
            </check>
            <check system="http://oval.mitre.org/XMLSchema/oval-definitions-5">
              <check-content-ref name="oval:ssg-sysctl_net_ipv4_conf_default_send_redirects:def:1" href="ssg-sle15-oval.xml"/>
            </check>
            <check system="http://scap.nist.gov/schema/ocil/2">
              <check-content-ref name="ocil:ssg-sysctl_net_ipv4_conf_default_send_redirects_ocil:questionnaire:1" href="ssg-sle15-ocil.xml"/>
            </check>
          </Rule>
          <Rule id="xccdf_org.ssgproject.content_rule_sysctl_net_ipv4_ip_forward" selected="false" role="full" severity="medium">
            <title xmlns:xhtml="http://www.w3.org/1999/xhtml" xml:lang="en-US">Disable Kernel Parameter for IP Forwarding on IPv4 Interfaces</title>
            <description xmlns:xhtml="http://www.w3.org/1999/xhtml" xml:lang="en-US">To set the runtime status of the <html:code xmlns:html="http://www.w3.org/1999/xhtml">net.ipv4.ip_forward</html:code> kernel parameter, run the following command: <html:pre xmlns:html="http://www.w3.org/1999/xhtml">$ sudo sysctl -w net.ipv4.ip_forward=0</html:pre>
To make sure that the setting is persistent, add the following line to a file in the directory <html:code xmlns:html="http://www.w3.org/1999/xhtml">/etc/sysctl.d</html:code>: <html:pre xmlns:html="http://www.w3.org/1999/xhtml">net.ipv4.ip_forward = 0</html:pre>
        </description>
            <warning xmlns:xhtml="http://www.w3.org/1999/xhtml" xml:lang="en-US" category="functionality">Certain technologies such as virtual machines, containers, etc. rely on IPv4 forwarding to enable and use networking.
Disabling IPv4 forwarding would cause those technologies to stop working. Therefore, this rule should not be used in
profiles or benchmarks that target usage of IPv4 forwarding.</warning>
            <reference href="https://www.cisecurity.org/controls/">1</reference>
            <reference href="https://www.cisecurity.org/controls/">11</reference>
            <reference href="https://www.cisecurity.org/controls/">12</reference>
            <reference href="https://www.cisecurity.org/controls/">13</reference>
            <reference href="https://www.cisecurity.org/controls/">14</reference>
            <reference href="https://www.cisecurity.org/controls/">15</reference>
            <reference href="https://www.cisecurity.org/controls/">16</reference>
            <reference href="https://www.cisecurity.org/controls/">2</reference>
            <reference href="https://www.cisecurity.org/controls/">3</reference>
            <reference href="https://www.cisecurity.org/controls/">7</reference>
            <reference href="https://www.cisecurity.org/controls/">8</reference>
            <reference href="https://www.cisecurity.org/controls/">9</reference>
            <reference href="https://www.isaca.org/resources/cobit">APO13.01</reference>
            <reference href="https://www.isaca.org/resources/cobit">BAI04.04</reference>
            <reference href="https://www.isaca.org/resources/cobit">BAI10.01</reference>
            <reference href="https://www.isaca.org/resources/cobit">BAI10.02</reference>
            <reference href="https://www.isaca.org/resources/cobit">BAI10.03</reference>
            <reference href="https://www.isaca.org/resources/cobit">BAI10.05</reference>
            <reference href="https://www.isaca.org/resources/cobit">DSS01.03</reference>
            <reference href="https://www.isaca.org/resources/cobit">DSS03.05</reference>
            <reference href="https://www.isaca.org/resources/cobit">DSS05.02</reference>
            <reference href="https://www.isaca.org/resources/cobit">DSS05.05</reference>
            <reference href="https://www.isaca.org/resources/cobit">DSS05.07</reference>
            <reference href="https://www.isaca.org/resources/cobit">DSS06.06</reference>
            <reference href="http://nvlpubs.nist.gov/nistpubs/SpecialPublications/NIST.SP.800-171.pdf">3.1.20</reference>
            <reference href="https://www.isa.org/products/isa-62443-2-1-2009-security-for-industrial-automat">4.3.3.5.1</reference>
            <reference href="https://www.isa.org/products/isa-62443-2-1-2009-security-for-industrial-automat">4.3.3.5.2</reference>
            <reference href="https://www.isa.org/products/isa-62443-2-1-2009-security-for-industrial-automat">4.3.3.5.3</reference>
            <reference href="https://www.isa.org/products/isa-62443-2-1-2009-security-for-industrial-automat">4.3.3.5.4</reference>
            <reference href="https://www.isa.org/products/isa-62443-2-1-2009-security-for-industrial-automat">4.3.3.5.5</reference>
            <reference href="https://www.isa.org/products/isa-62443-2-1-2009-security-for-industrial-automat">4.3.3.5.6</reference>
            <reference href="https://www.isa.org/products/isa-62443-2-1-2009-security-for-industrial-automat">4.3.3.5.7</reference>
            <reference href="https://www.isa.org/products/isa-62443-2-1-2009-security-for-industrial-automat">4.3.3.5.8</reference>
            <reference href="https://www.isa.org/products/isa-62443-2-1-2009-security-for-industrial-automat">4.3.3.6.1</reference>
            <reference href="https://www.isa.org/products/isa-62443-2-1-2009-security-for-industrial-automat">4.3.3.6.2</reference>
            <reference href="https://www.isa.org/products/isa-62443-2-1-2009-security-for-industrial-automat">4.3.3.6.3</reference>
            <reference href="https://www.isa.org/products/isa-62443-2-1-2009-security-for-industrial-automat">4.3.3.6.4</reference>
            <reference href="https://www.isa.org/products/isa-62443-2-1-2009-security-for-industrial-automat">4.3.3.6.5</reference>
            <reference href="https://www.isa.org/products/isa-62443-2-1-2009-security-for-industrial-automat">4.3.3.6.6</reference>
            <reference href="https://www.isa.org/products/isa-62443-2-1-2009-security-for-industrial-automat">4.3.3.6.7</reference>
            <reference href="https://www.isa.org/products/isa-62443-2-1-2009-security-for-industrial-automat">4.3.3.6.8</reference>
            <reference href="https://www.isa.org/products/isa-62443-2-1-2009-security-for-industrial-automat">4.3.3.6.9</reference>
            <reference href="https://www.isa.org/products/isa-62443-2-1-2009-security-for-industrial-automat">4.3.3.7.1</reference>
            <reference href="https://www.isa.org/products/isa-62443-2-1-2009-security-for-industrial-automat">4.3.3.7.2</reference>
            <reference href="https://www.isa.org/products/isa-62443-2-1-2009-security-for-industrial-automat">4.3.3.7.3</reference>
            <reference href="https://www.isa.org/products/isa-62443-2-1-2009-security-for-industrial-automat">4.3.3.7.4</reference>
            <reference href="https://www.isa.org/products/isa-62443-2-1-2009-security-for-industrial-automat">4.3.4.3.2</reference>
            <reference href="https://www.isa.org/products/isa-62443-2-1-2009-security-for-industrial-automat">4.3.4.3.3</reference>
            <reference href="https://www.isa.org/products/ansi-isa-62443-3-3-99-03-03-2013-security-for-indu">SR 1.1</reference>
            <reference href="https://www.isa.org/products/ansi-isa-62443-3-3-99-03-03-2013-security-for-indu">SR 1.10</reference>
            <reference href="https://www.isa.org/products/ansi-isa-62443-3-3-99-03-03-2013-security-for-indu">SR 1.11</reference>
            <reference href="https://www.isa.org/products/ansi-isa-62443-3-3-99-03-03-2013-security-for-indu">SR 1.12</reference>
            <reference href="https://www.isa.org/products/ansi-isa-62443-3-3-99-03-03-2013-security-for-indu">SR 1.13</reference>
            <reference href="https://www.isa.org/products/ansi-isa-62443-3-3-99-03-03-2013-security-for-indu">SR 1.2</reference>
            <reference href="https://www.isa.org/products/ansi-isa-62443-3-3-99-03-03-2013-security-for-indu">SR 1.3</reference>
            <reference href="https://www.isa.org/products/ansi-isa-62443-3-3-99-03-03-2013-security-for-indu">SR 1.4</reference>
            <reference href="https://www.isa.org/products/ansi-isa-62443-3-3-99-03-03-2013-security-for-indu">SR 1.5</reference>
            <reference href="https://www.isa.org/products/ansi-isa-62443-3-3-99-03-03-2013-security-for-indu">SR 1.6</reference>
            <reference href="https://www.isa.org/products/ansi-isa-62443-3-3-99-03-03-2013-security-for-indu">SR 1.7</reference>
            <reference href="https://www.isa.org/products/ansi-isa-62443-3-3-99-03-03-2013-security-for-indu">SR 1.8</reference>
            <reference href="https://www.isa.org/products/ansi-isa-62443-3-3-99-03-03-2013-security-for-indu">SR 1.9</reference>
            <reference href="https://www.isa.org/products/ansi-isa-62443-3-3-99-03-03-2013-security-for-indu">SR 2.1</reference>
            <reference href="https://www.isa.org/products/ansi-isa-62443-3-3-99-03-03-2013-security-for-indu">SR 2.2</reference>
            <reference href="https://www.isa.org/products/ansi-isa-62443-3-3-99-03-03-2013-security-for-indu">SR 2.3</reference>
            <reference href="https://www.isa.org/products/ansi-isa-62443-3-3-99-03-03-2013-security-for-indu">SR 2.4</reference>
            <reference href="https://www.isa.org/products/ansi-isa-62443-3-3-99-03-03-2013-security-for-indu">SR 2.5</reference>
            <reference href="https://www.isa.org/products/ansi-isa-62443-3-3-99-03-03-2013-security-for-indu">SR 2.6</reference>
            <reference href="https://www.isa.org/products/ansi-isa-62443-3-3-99-03-03-2013-security-for-indu">SR 2.7</reference>
            <reference href="https://www.isa.org/products/ansi-isa-62443-3-3-99-03-03-2013-security-for-indu">SR 3.1</reference>
            <reference href="https://www.isa.org/products/ansi-isa-62443-3-3-99-03-03-2013-security-for-indu">SR 3.5</reference>
            <reference href="https://www.isa.org/products/ansi-isa-62443-3-3-99-03-03-2013-security-for-indu">SR 3.8</reference>
            <reference href="https://www.isa.org/products/ansi-isa-62443-3-3-99-03-03-2013-security-for-indu">SR 4.1</reference>
            <reference href="https://www.isa.org/products/ansi-isa-62443-3-3-99-03-03-2013-security-for-indu">SR 4.3</reference>
            <reference href="https://www.isa.org/products/ansi-isa-62443-3-3-99-03-03-2013-security-for-indu">SR 5.1</reference>
            <reference href="https://www.isa.org/products/ansi-isa-62443-3-3-99-03-03-2013-security-for-indu">SR 5.2</reference>
            <reference href="https://www.isa.org/products/ansi-isa-62443-3-3-99-03-03-2013-security-for-indu">SR 5.3</reference>
            <reference href="https://www.isa.org/products/ansi-isa-62443-3-3-99-03-03-2013-security-for-indu">SR 6.2</reference>
            <reference href="https://www.isa.org/products/ansi-isa-62443-3-3-99-03-03-2013-security-for-indu">SR 7.1</reference>
            <reference href="https://www.isa.org/products/ansi-isa-62443-3-3-99-03-03-2013-security-for-indu">SR 7.2</reference>
            <reference href="https://www.isa.org/products/ansi-isa-62443-3-3-99-03-03-2013-security-for-indu">SR 7.6</reference>
            <reference href="https://www.iso.org/contents/data/standard/05/45/54534.html">A.12.1.2</reference>
            <reference href="https://www.iso.org/contents/data/standard/05/45/54534.html">A.12.1.3</reference>
            <reference href="https://www.iso.org/contents/data/standard/05/45/54534.html">A.12.5.1</reference>
            <reference href="https://www.iso.org/contents/data/standard/05/45/54534.html">A.12.6.2</reference>
            <reference href="https://www.iso.org/contents/data/standard/05/45/54534.html">A.13.1.1</reference>
            <reference href="https://www.iso.org/contents/data/standard/05/45/54534.html">A.13.2.1</reference>
            <reference href="https://www.iso.org/contents/data/standard/05/45/54534.html">A.14.1.3</reference>
            <reference href="https://www.iso.org/contents/data/standard/05/45/54534.html">A.14.2.2</reference>
            <reference href="https://www.iso.org/contents/data/standard/05/45/54534.html">A.14.2.3</reference>
            <reference href="https://www.iso.org/contents/data/standard/05/45/54534.html">A.14.2.4</reference>
            <reference href="https://www.iso.org/contents/data/standard/05/45/54534.html">A.17.2.1</reference>
            <reference href="https://www.iso.org/contents/data/standard/05/45/54534.html">A.9.1.2</reference>
            <reference href="https://www.nerc.com/standards/reliability-standards/cip">CIP-007-3 R4</reference>
            <reference href="https://www.nerc.com/standards/reliability-standards/cip">CIP-007-3 R4.1</reference>
            <reference href="https://www.nerc.com/standards/reliability-standards/cip">CIP-007-3 R4.2</reference>
            <reference href="https://www.nerc.com/standards/reliability-standards/cip">CIP-007-3 R5.1</reference>
            <reference href="http://nvlpubs.nist.gov/nistpubs/SpecialPublications/NIST.SP.800-53r4.pdf">CM-6(b)</reference>
            <reference href="http://nvlpubs.nist.gov/nistpubs/SpecialPublications/NIST.SP.800-53r4.pdf">CM-6.1(iv)</reference>
            <reference href="https://nvlpubs.nist.gov/nistpubs/CSWP/NIST.CSWP.04162018.pdf">DE.CM-1</reference>
            <reference href="https://nvlpubs.nist.gov/nistpubs/CSWP/NIST.CSWP.04162018.pdf">PR.DS-4</reference>
            <reference href="https://nvlpubs.nist.gov/nistpubs/CSWP/NIST.CSWP.04162018.pdf">PR.IP-1</reference>
            <reference href="https://nvlpubs.nist.gov/nistpubs/CSWP/NIST.CSWP.04162018.pdf">PR.PT-3</reference>
            <reference href="https://nvlpubs.nist.gov/nistpubs/CSWP/NIST.CSWP.04162018.pdf">PR.PT-4</reference>
            <reference href="https://www.pcisecuritystandards.org/documents/PCI_DSS_v3-2-1.pdf">Req-1.3.1</reference>
            <reference href="https://www.pcisecuritystandards.org/documents/PCI_DSS_v3-2-1.pdf">Req-1.3.2</reference>
            <reference href="https://www.cyber.mil/stigs/downloads/?_dl_facet_stigs=operating-systems%2Cgeneral-purpose-os">SRG-OS-000480-GPOS-00227</reference>
            <reference href="https://www.cyber.mil/stigs/downloads/?_dl_facet_stigs=operating-systems%2Cunix-linux">SLES-15-040380</reference>
            <reference href="https://www.cisecurity.org/benchmark/suse_linux/">3.2.1</reference>
            <reference href="https://cyber.gouv.fr/sites/default/files/document/linux_configuration-en-v2.pdf">R12</reference>
            <reference href="not_publicly_available">SLES-15-450450015</reference>
            <reference href="https://docs-prv.pcisecuritystandards.org/PCI%20DSS/Standard/PCI-DSS-v4_0.pdf">1.4.3</reference>
            <reference href="https://docs-prv.pcisecuritystandards.org/PCI%20DSS/Standard/PCI-DSS-v4_0.pdf">1.4</reference>
            <reference href="https://www.cyber.mil/stigs/srg-stig-tools/">SV-235024r991589_rule</reference>
            <rationale xmlns:xhtml="http://www.w3.org/1999/xhtml" xml:lang="en-US">Routing protocol daemons are typically used on routers to exchange
network topology information with other routers. If this capability is used when
not required, system network information may be unnecessarily transmitted across
the network.</rationale>
            <ident system="https://ncp.nist.gov/cce">CCE-85709-4</ident>
            <fix xmlns:xhtml="http://www.w3.org/1999/xhtml" id="sysctl_net_ipv4_ip_forward" system="urn:xccdf:fix:script:sh" reboot="true" complexity="low" disruption="medium" strategy="disable"># Remediation is applicable only in certain platforms
if rpm --quiet -q kernel-default || rpm --quiet -q kernel-default-base; then

# Comment out any occurrences of net.ipv4.ip_forward from /etc/sysctl.d/*.conf files

for f in /etc/sysctl.d/*.conf /run/sysctl.d/*.conf /usr/local/lib/sysctl.d/*.conf /lib/sysctl.d/*.conf; do


  # skip systemd-sysctl symlink (/etc/sysctl.d/99-sysctl.conf -&gt; /etc/sysctl.conf)
  if [[ "$(readlink -f "$f")" == "/etc/sysctl.conf" ]]; then continue; fi

  matching_list=$(grep -P '^(?!#).*[\s]*net.ipv4.ip_forward.*$' $f | uniq )
  if ! test -z "$matching_list"; then
    while IFS= read -r entry; do
      escaped_entry=$(sed -e 's|/|\\/|g' &lt;&lt;&lt; "$entry")
      # comment out "net.ipv4.ip_forward" matches to preserve user data
      sed -i --follow-symlinks "s/^${escaped_entry}$/# &amp;/g" $f
    done &lt;&lt;&lt; "$matching_list"
  fi
done

#
# Set sysctl config file which to save the desired value
#

SYSCONFIG_FILE='/etc/sysctl.d/net_ipv4_ip_forward.conf'


#
# Set runtime for net.ipv4.ip_forward
#
if ! { rpm --quiet -q kernel rpm-ostree bootc &amp;&amp; ! rpm --quiet -q openshift-kubelet &amp;&amp; { [ -f "/run/.containerenv" ] || [ -f "/.containerenv" ]; }; } ; then
    /sbin/sysctl -q -n -w net.ipv4.ip_forward="0"
fi

#
# If net.ipv4.ip_forward present in /etc/sysctl.conf, change value to "0"
#	else, add "net.ipv4.ip_forward = 0" to /etc/sysctl.conf
#

sed -i "/^$SYSCONFIG_VAR/d" /etc/sysctl.conf

# Strip any search characters in the key arg so that the key can be replaced without
# adding any search characters to the config file.
stripped_key=$(sed 's/[\^=\$,;+]*//g' &lt;&lt;&lt; "^net.ipv4.ip_forward")

# shellcheck disable=SC2059
printf -v formatted_output "%s = %s" "$stripped_key" "0"

# If the key exists, change it. Otherwise, add it to the config_file.
# We search for the key string followed by a word boundary (matched by \&gt;),
# so if we search for 'setting', 'setting2' won't match.
if LC_ALL=C grep -q -m 1 -i -e "^net.ipv4.ip_forward\\&gt;" "${SYSCONFIG_FILE}"; then
    escaped_formatted_output=$(sed -e 's|/|\\/|g' &lt;&lt;&lt; "$formatted_output")
    LC_ALL=C sed -i --follow-symlinks "s/^net.ipv4.ip_forward\\&gt;.*/$escaped_formatted_output/gi" "${SYSCONFIG_FILE}"
else
    if [[ -s "${SYSCONFIG_FILE}" ]] &amp;&amp; [[ -n "$(tail -c 1 -- "${SYSCONFIG_FILE}" || true)" ]]; then
        LC_ALL=C sed -i --follow-symlinks '$a'\\ "${SYSCONFIG_FILE}"
    fi
    cce="CCE-85709-4"
    printf '# Per %s: Set %s in %s\n' "${cce}" "${formatted_output}" "${SYSCONFIG_FILE}" &gt;&gt; "${SYSCONFIG_FILE}"
    printf '%s\n' "$formatted_output" &gt;&gt; "${SYSCONFIG_FILE}"
fi

else
    &gt;&amp;2 echo 'Remediation is not applicable, nothing was done'
fi
</fix>
            <fix xmlns:xhtml="http://www.w3.org/1999/xhtml" id="sysctl_net_ipv4_ip_forward" system="urn:xccdf:fix:script:ansible" reboot="true" complexity="low" disruption="medium" strategy="disable">- name: Gather the package facts
  package_facts:
    manager: auto
  tags:
  - CCE-85709-4
  - DISA-STIG-SLES-15-040380
  - NIST-800-171-3.1.20
  - NIST-800-53-CM-6(b)
  - NIST-800-53-CM-6.1(iv)
  - PCI-DSS-Req-1.3.1
  - PCI-DSS-Req-1.3.2
  - PCI-DSSv4-1.4
  - PCI-DSSv4-1.4.3
  - disable_strategy
  - low_complexity
  - medium_disruption
  - medium_severity
  - reboot_required
  - sysctl_net_ipv4_ip_forward

- name: Disable Kernel Parameter for IP Forwarding on IPv4 Interfaces - Set fact for
    sysctl paths
  ansible.builtin.set_fact:
    sysctl_paths:
    - /run/sysctl.d/
    - /etc/sysctl.d/
    - /usr/local/lib/sysctl.d/
    - /lib/sysctl.d/
  when: ("kernel-default" in ansible_facts.packages or "kernel-default-base" in ansible_facts.packages)
  tags:
  - CCE-85709-4
  - DISA-STIG-SLES-15-040380
  - NIST-800-171-3.1.20
  - NIST-800-53-CM-6(b)
  - NIST-800-53-CM-6.1(iv)
  - PCI-DSS-Req-1.3.1
  - PCI-DSS-Req-1.3.2
  - PCI-DSSv4-1.4
  - PCI-DSSv4-1.4.3
  - disable_strategy
  - low_complexity
  - medium_disruption
  - medium_severity
  - reboot_required
  - sysctl_net_ipv4_ip_forward

- name: Disable Kernel Parameter for IP Forwarding on IPv4 Interfaces - Find all files
    that contain net.ipv4.ip_forward
  ansible.builtin.shell:
    cmd: find -L {{ sysctl_paths | join(" ") }} -type f -name '*.conf' | xargs grep
      -HP '^\s*net.ipv4.ip_forward\s*=\s*.*$'
  register: find_all_values
  check_mode: false
  changed_when: false
  failed_when: false
  when: ("kernel-default" in ansible_facts.packages or "kernel-default-base" in ansible_facts.packages)
  tags:
  - CCE-85709-4
  - DISA-STIG-SLES-15-040380
  - NIST-800-171-3.1.20
  - NIST-800-53-CM-6(b)
  - NIST-800-53-CM-6.1(iv)
  - PCI-DSS-Req-1.3.1
  - PCI-DSS-Req-1.3.2
  - PCI-DSSv4-1.4
  - PCI-DSSv4-1.4.3
  - disable_strategy
  - low_complexity
  - medium_disruption
  - medium_severity
  - reboot_required
  - sysctl_net_ipv4_ip_forward

- name: Disable Kernel Parameter for IP Forwarding on IPv4 Interfaces - Find all files
    that set net.ipv4.ip_forward to correct value
  ansible.builtin.shell:
    cmd: find -L {{ sysctl_paths | join(" ") }} -type f -name '*.conf' | xargs grep
      -HP '^\s*net.ipv4.ip_forward\s*=\s*0$'
  register: find_correct_value
  check_mode: false
  changed_when: false
  failed_when: false
  when: ("kernel-default" in ansible_facts.packages or "kernel-default-base" in ansible_facts.packages)
  tags:
  - CCE-85709-4
  - DISA-STIG-SLES-15-040380
  - NIST-800-171-3.1.20
  - NIST-800-53-CM-6(b)
  - NIST-800-53-CM-6.1(iv)
  - PCI-DSS-Req-1.3.1
  - PCI-DSS-Req-1.3.2
  - PCI-DSSv4-1.4
  - PCI-DSSv4-1.4.3
  - disable_strategy
  - low_complexity
  - medium_disruption
  - medium_severity
  - reboot_required
  - sysctl_net_ipv4_ip_forward

- name: Disable Kernel Parameter for IP Forwarding on IPv4 Interfaces - Comment out
    any occurrences of net.ipv4.ip_forward from config files
  ansible.builtin.replace:
    path: '{{ item | split(":") | first }}'
    regexp: ^[\s]*net.ipv4.ip_forward
    replace: '#net.ipv4.ip_forward'
  loop: '{{ find_all_values.stdout_lines }}'
  when:
  - ("kernel-default" in ansible_facts.packages or "kernel-default-base" in ansible_facts.packages)
  - find_correct_value.stdout_lines | length == 0 or find_all_values.stdout_lines
    | length &gt; find_correct_value.stdout_lines | length
  tags:
  - CCE-85709-4
  - DISA-STIG-SLES-15-040380
  - NIST-800-171-3.1.20
  - NIST-800-53-CM-6(b)
  - NIST-800-53-CM-6.1(iv)
  - PCI-DSS-Req-1.3.1
  - PCI-DSS-Req-1.3.2
  - PCI-DSSv4-1.4
  - PCI-DSSv4-1.4.3
  - disable_strategy
  - low_complexity
  - medium_disruption
  - medium_severity
  - reboot_required
  - sysctl_net_ipv4_ip_forward

- name: Disable Kernel Parameter for IP Forwarding on IPv4 Interfaces - Comment out
    any occurrences of net.ipv4.ip_forward from /etc/sysctl.conf
  ansible.builtin.replace:
    path: /etc/sysctl.conf
    regexp: ^[\s]*net.ipv4.ip_forward
    replace: '#net.ipv4.ip_forward'
  when: ("kernel-default" in ansible_facts.packages or "kernel-default-base" in ansible_facts.packages)
  tags:
  - CCE-85709-4
  - DISA-STIG-SLES-15-040380
  - NIST-800-171-3.1.20
  - NIST-800-53-CM-6(b)
  - NIST-800-53-CM-6.1(iv)
  - PCI-DSS-Req-1.3.1
  - PCI-DSS-Req-1.3.2
  - PCI-DSSv4-1.4
  - PCI-DSSv4-1.4.3
  - disable_strategy
  - low_complexity
  - medium_disruption
  - medium_severity
  - reboot_required
  - sysctl_net_ipv4_ip_forward

- name: Disable Kernel Parameter for IP Forwarding on IPv4 Interfaces - Ensure sysctl
    net.ipv4.ip_forward is set to 0
  ansible.posix.sysctl:
    name: net.ipv4.ip_forward
    value: '0'
    sysctl_file: /etc/sysctl.d/net_ipv4_ip_forward.conf
    state: present
    reload: true
  when: ("kernel-default" in ansible_facts.packages or "kernel-default-base" in ansible_facts.packages)
  tags:
  - CCE-85709-4
  - DISA-STIG-SLES-15-040380
  - NIST-800-171-3.1.20
  - NIST-800-53-CM-6(b)
  - NIST-800-53-CM-6.1(iv)
  - PCI-DSS-Req-1.3.1
  - PCI-DSS-Req-1.3.2
  - PCI-DSSv4-1.4
  - PCI-DSSv4-1.4.3
  - disable_strategy
  - low_complexity
  - medium_disruption
  - medium_severity
  - reboot_required
  - sysctl_net_ipv4_ip_forward
</fix>
            <check system="http://open-scap.org/page/SCE">
              <check-import import-name="stdout">
                  </check-import>
              <check-content-ref href="sle15/checks/sce/sysctl_net_ipv4_ip_forward.sh"/>
            </check>
            <check system="http://oval.mitre.org/XMLSchema/oval-definitions-5">
              <check-content-ref name="oval:ssg-sysctl_net_ipv4_ip_forward:def:1" href="ssg-sle15-oval.xml"/>
            </check>
            <check system="http://scap.nist.gov/schema/ocil/2">
              <check-content-ref name="ocil:ssg-sysctl_net_ipv4_ip_forward_ocil:questionnaire:1" href="ssg-sle15-ocil.xml"/>
            </check>
          </Rule>
        </Group>
      </Group>
      <Group id="xccdf_org.ssgproject.content_group_network-nftables">
        <title xmlns:xhtml="http://www.w3.org/1999/xhtml" xml:lang="en-US">nftables</title>
        <description xmlns:xhtml="http://www.w3.org/1999/xhtml" xml:lang="en-US"><html:code xmlns:html="http://www.w3.org/1999/xhtml">If firewalld or iptables are being used in your environment, please follow the guidance in their
respective section and pass-over the guidance in this section.</html:code><html:br xmlns:html="http://www.w3.org/1999/xhtml"/><html:br xmlns:html="http://www.w3.org/1999/xhtml"/>
nftables is a subsystem of the Linux kernel providing filtering and classification of network
packets/datagrams/frames and is the successor to iptables. The biggest change with the
successor nftables is its simplicity. With iptables, we have to configure every single rule and
use the syntax which can be compared with normal commands. With nftables, the simpler
syntax, much like BPF (Berkely Packet Filter) means shorter lines and less repetition.
Support for nftables should also be compiled into the kernel, together with the related
nftables modules.
<html:br xmlns:html="http://www.w3.org/1999/xhtml"/>
       <html:br xmlns:html="http://www.w3.org/1999/xhtml"/> 
It is available in Linux kernels &gt;= 3.13. <html:b xmlns:html="http://www.w3.org/1999/xhtml">Please ensure that your kernel
supports nftables before choosing this option.</html:b>
      </description>
        <Value id="xccdf_org.ssgproject.content_value_var_nftables_base_chain_hooks" type="string" interactive="true">
          <title xmlns:xhtml="http://www.w3.org/1999/xhtml" xml:lang="en-US">Nftables Base Chain Hooks</title>
          <description xmlns:xhtml="http://www.w3.org/1999/xhtml" xml:lang="en-US">The possible hooks which can be used to configure the base chain are:
<html:code xmlns:html="http://www.w3.org/1999/xhtml">ingress</html:code> (only in netdev family since Linux kernel 4.2, and inet family since Linux kernel 5.10): 
sees packets immediately after they are passed up from the NIC driver, before even prerouting. 
<html:code xmlns:html="http://www.w3.org/1999/xhtml">prerouting</html:code> sees all incoming packets, before any routing decision has been made. 
Packets may be addressed to the local or remote systems.
<html:code xmlns:html="http://www.w3.org/1999/xhtml">input</html:code> sees incoming packets that are addressed to and have now been routed 
to the local system and processes running there.
<html:code xmlns:html="http://www.w3.org/1999/xhtml">forward</html:code> sees incoming packets that are not addressed to the local system.
<html:code xmlns:html="http://www.w3.org/1999/xhtml">output</html:code> sees packets that originated from processes in the local machine.
<html:code xmlns:html="http://www.w3.org/1999/xhtml">postrouting</html:code> sees all packets after routing, just before they leave the 
local system.</description>
          <value>input,forward,output</value>
          <value selector="ingress">ingress</value>
          <value selector="prerouting">prerouting</value>
          <value selector="input">input</value>
          <value selector="forward">forward</value>
          <value selector="output">output</value>
          <value selector="postrouting">postrouting</value>
          <value selector="chain_hooks">input,forward,output</value>
        </Value>
        <Value id="xccdf_org.ssgproject.content_value_var_nftables_base_chain_names" type="string" interactive="true">
          <title xmlns:xhtml="http://www.w3.org/1999/xhtml" xml:lang="en-US">Nftables Chain Names</title>
          <description xmlns:xhtml="http://www.w3.org/1999/xhtml" xml:lang="en-US">The rules in nftables are attached to chains. Unlike in iptables, 
there are no predefined chains like INPUT, OUTPUT, etc. Instead, 
to filter packets at a particular processing step, a base chain with a 
chosen name should be created, and attached it to the appropriate 
Netfilter hook. 
 </description>
          <value>input,forward,output</value>
          <value selector="input">input</value>
          <value selector="output">output</value>
          <value selector="forward">forward</value>
          <value selector="chain_names">input,forward,output</value>
        </Value>
        <Value id="xccdf_org.ssgproject.content_value_var_nftables_base_chain_policies" type="string" interactive="true">
          <title xmlns:xhtml="http://www.w3.org/1999/xhtml" xml:lang="en-US">Nftables Base Chain Policies</title>
          <description xmlns:xhtml="http://www.w3.org/1999/xhtml" xml:lang="en-US">This is the default verdict that will be applied to packets reaching the end of the chain 
(i.e, no more rules to be evaluated against).
Currently there are 2 policies: 
<html:code xmlns:html="http://www.w3.org/1999/xhtml">accept</html:code> this verdict means that the packet will keep traversing the network stack.
<html:code xmlns:html="http://www.w3.org/1999/xhtml">drop</html:code> this verdict means that the packet is discarded if the packet reaches the end 
of the base chain.</description>
          <value>accept,accept,accept</value>
          <value selector="accept">accept</value>
          <value selector="drop">drop</value>
          <value selector="chain_policies">accept,accept,accept</value>
        </Value>
        <Value id="xccdf_org.ssgproject.content_value_var_nftables_base_chain_priorities" type="string" interactive="true">
          <title xmlns:xhtml="http://www.w3.org/1999/xhtml" xml:lang="en-US">Nftables Base Chain Priorities</title>
          <description xmlns:xhtml="http://www.w3.org/1999/xhtml" xml:lang="en-US">Each nftables base chain is assigned a priority that defines its ordering 
among other base chains, flowtables, and Netfilter internal operations at 
the same hook. For example, a chain on the prerouting hook with priority 
-300 will be placed before connection tracking operations. 
Netfilter Internal Priority for inet, ip, ip6:
<html:code xmlns:html="http://www.w3.org/1999/xhtml">NF_IP_PRI_RAW_BEFORE_DEFRAG</html:code> Typical hooks: prerouting; nft Keyword: n/a; Description: n/a
<html:code xmlns:html="http://www.w3.org/1999/xhtml">NF_IP_PRI_CONNTRACK_DEFRAG</html:code> Typical hooks: prerouting; nft Keyword: n/a; Description: Packet defragmentation / datagram reassembly 
<html:code xmlns:html="http://www.w3.org/1999/xhtml">NF_IP_PRI_RAW</html:code> Typical hooks: all; nft Keyword: raw; Description:  Typical hooks: prerouting; nft Keyword: n/a; Description: Traditional priority of 
the raw table placed before connection tracking operation 
<html:code xmlns:html="http://www.w3.org/1999/xhtml">NF_IP_PRI_SELINUX_FIRST</html:code> Typical hooks: n/a; nft Keyword: n/a; Description: SELinux operations  
<html:code xmlns:html="http://www.w3.org/1999/xhtml">NF_IP_PRI_CONNTRACK</html:code> Typical hooks: prerouting, output;nft Keyword: n/a; Description: Connection tracking processes run early in prerouting and 
output hooks to associate packets with tracked connections.
<html:code xmlns:html="http://www.w3.org/1999/xhtml">NF_IP_PRI_MANGLE</html:code> Typical hooks: all;nft Keyword: mangle; Description: Mangle operation
<html:code xmlns:html="http://www.w3.org/1999/xhtml">NF_IP_PRI_NAT_DST</html:code> Typical hooks: prerouting;nft Keyword: dstnat; Description: Destination NAT
<html:code xmlns:html="http://www.w3.org/1999/xhtml">NF_IP_PRI_FILTER</html:code> Typical hooks: all;nft Keyword: filter; Description: Filtering operation, the filter table 
<html:code xmlns:html="http://www.w3.org/1999/xhtml">NF_IP_PRI_SECURITY</html:code> Typical hooks: all;nft Keyword: security; Description: Place of security table, where secmark can be set for example 
<html:code xmlns:html="http://www.w3.org/1999/xhtml">NF_IP_PRI_NAT_SRC</html:code> Typical hooks: postrouting;nft Keyword: srcnat; Description: Source NAT
<html:code xmlns:html="http://www.w3.org/1999/xhtml">NF_IP_PRI_SELINUX_LAST</html:code> Typical hooks: postrouting;nft Keyword: n/a; Description: SELinux at packet exit
<html:code xmlns:html="http://www.w3.org/1999/xhtml">NF_IP_PRI_CONNTRACK_HELPER</html:code> Typical hooks: postrouting;nft Keyword: n/a; Description: Connection tracking helpers, which identify expected and 
related packets. 
<html:code xmlns:html="http://www.w3.org/1999/xhtml">NF_IP_PRI_CONNTRACK_CONFIRM</html:code> Typical hooks: input,postrouting;nft Keyword: n/a; Description: Connection tracking adds new tracked connections 
at final step in input and postrouting hooks. 
Netfilter Internal Priority for bridge:
<html:code xmlns:html="http://www.w3.org/1999/xhtml">NF_BR_PRI_NAT_DST_BRIDGED</html:code> Typical hooks: prerouting; nft Keyword: n/a; Description: n/a
<html:code xmlns:html="http://www.w3.org/1999/xhtml">NF_BR_PRI_FILTER_BRIDGED</html:code> Typical hooks: all;nft Keyword: filter; Description: n/a
<html:code xmlns:html="http://www.w3.org/1999/xhtml">NF_BR_PRI_BRNF</html:code> Typical hooks: n/a;nft Keyword: n/a; Description: n/a
<html:code xmlns:html="http://www.w3.org/1999/xhtml">NF_BR_PRI_NAT_DST_OTHER</html:code> Typical hooks: output;nft Keyword: out; Description: n/a
<html:code xmlns:html="http://www.w3.org/1999/xhtml">NF_BR_PRI_FILTER_OTHER</html:code> Typical hooks: n/a;nft Keyword: n/a; Description: n/a
<html:code xmlns:html="http://www.w3.org/1999/xhtml">NF_BR_PRI_NAT_SRC</html:code> Typical hooks: postrouting;nft Keyword: srcnat; Description: n/a</description>
          <value>0,0,0</value>
          <value selector="NF_IP_PRI_RAW_BEFORE_DEFRAG">-450</value>
          <value selector="NF_IP_PRI_CONNTRACK_DEFRAG">-400</value>
          <value selector="NF_IP_PRI_RAW">-300</value>
          <value selector="NF_IP_PRI_SELINUX_FIRST">-225</value>
          <value selector="NF_IP_PRI_CONNTRACK">-200</value>
          <value selector="NF_IP_PRI_MANGLE">-150</value>
          <value selector="NF_IP_PRI_NAT_DST">-100</value>
          <value selector="NF_IP_PRI_FILTER">0</value>
          <value selector="NF_IP_PRI_SECURITY">50</value>
          <value selector="NF_IP_PRI_NAT_SRC">100</value>
          <value selector="NF_IP_PRI_SELINUX_LAST">225</value>
          <value selector="NF_IP_PRI_CONNTRACK_HELPER">300</value>
          <value selector="NF_IP_PRI_CONNTRACK_CONFIRM">2147483647</value>
          <value selector="NF_BR_PRI_NAT_DST_BRIDGED">-300</value>
          <value selector="NF_BR_PRI_FILTER_BRIDGED">-200</value>
          <value selector="NF_BR_PRI_BRNF">0</value>
          <value selector="NF_BR_PRI_NAT_DST_OTHER">100</value>
          <value selector="NF_BR_PRI_FILTER_OTHER">200</value>
          <value selector="NF_BR_PRI_NAT_SRC">300</value>
          <value selector="chain_priorities">0,0,0</value>
        </Value>
        <Value id="xccdf_org.ssgproject.content_value_var_nftables_base_chain_types" type="string" interactive="true">
          <title xmlns:xhtml="http://www.w3.org/1999/xhtml" xml:lang="en-US">Nftables Base Chain Types</title>
          <description xmlns:xhtml="http://www.w3.org/1999/xhtml" xml:lang="en-US">Base chains are those that are registered into the Netfilter hooks, 
i.e. these chains see packets flowing through the Linux TCP/IP stack.
The possible chain types are:
<html:code xmlns:html="http://www.w3.org/1999/xhtml">filter</html:code>, which is used to filter packets. This is supported by 
the arp, bridge, ip, ip6 and inet table families.
<html:code xmlns:html="http://www.w3.org/1999/xhtml">route</html:code>, which is used to reroute packets if any relevant IP 
header field or the packet mark is modified. This chain type provides 
equivalent semantics to the mangle table but only for the output hook 
(for other hooks use type filter instead). This is supported by the 
ip, ip6 and inet table families.
<html:code xmlns:html="http://www.w3.org/1999/xhtml">nat</html:code>, which is used to perform Networking Address Translation (NAT). 
Only the first packet of a given flow hits this chain; subsequent packets bypass it. 
This chain should be never used for filtering. The nat chain type 
is supported by the ip, ip6 and inet table families.
 </description>
          <value>filter,filter,filter</value>
          <value selector="filter">filter</value>
          <value selector="route">route</value>
          <value selector="nat">nat</value>
          <value selector="chain_types">filter,filter,filter</value>
        </Value>
        <Value id="xccdf_org.ssgproject.content_value_var_nftables_family" type="string" interactive="true">
          <title xmlns:xhtml="http://www.w3.org/1999/xhtml" xml:lang="en-US">Nftables Families</title>
          <description xmlns:xhtml="http://www.w3.org/1999/xhtml" xml:lang="en-US">Netfilter enables filtering at multiple networking levels. With iptables there 
is a separate tool for each level: iptables, ip6tables, arptables, ebtables. 
With nftables the multiple networking levels are abstracted into families, 
all of which are served  by the single tool nft. 
<html:code xmlns:html="http://www.w3.org/1999/xhtml">ip</html:code>Tables of this family see IPv4 traffic/packets. 
<html:code xmlns:html="http://www.w3.org/1999/xhtml">ip6</html:code>Tables of this family see IPv6 traffic/packets.
<html:code xmlns:html="http://www.w3.org/1999/xhtml">inet</html:code>Tables of this family see both IPv4 and IPv6 traffic/packets, 
simplifying dual stack support. 
<html:code xmlns:html="http://www.w3.org/1999/xhtml">arp</html:code>Tables of this family see ARP-level (i.e, L2) traffic, before 
any L3 handling is done by the kernel. 
<html:code xmlns:html="http://www.w3.org/1999/xhtml">bridge</html:code>Tables of this family see traffic/packets traversing bridges 
(i.e. switching). No assumptions are made about L3 protocols. 
<html:code xmlns:html="http://www.w3.org/1999/xhtml">netdev</html:code>The netdev family is different from the others in that it 
is used to create base chains attached to a single network interface. Such 
base chains see all network traffic on the specified interface, with no 
assumptions about L2 or L3 protocols. Therefore you can filter ARP traffic from here. </description>
          <value>inet</value>
          <value selector="ip">ip</value>
          <value selector="ip6">ip6</value>
          <value selector="inet">inet</value>
          <value selector="arp">arp</value>
          <value selector="bridge">bridge</value>
          <value selector="netdev">netdev</value>
        </Value>
        <Value id="xccdf_org.ssgproject.content_value_var_nftables_master_config_file" type="string">
          <title xmlns:xhtml="http://www.w3.org/1999/xhtml" xml:lang="en-US">Nftables Master configuration file</title>
          <description xmlns:xhtml="http://www.w3.org/1999/xhtml" xml:lang="en-US">The file which contains top level configuration for nftables service, and with which,
the service is started.</description>
          <value>/etc/sysconfig/nftables.conf</value>
          <value selector="sysconfig">/etc/sysconfig/nftables.conf</value>
          <value selector="etc">/etc/nftables.conf</value>
        </Value>
        <Value id="xccdf_org.ssgproject.content_value_var_nftables_table" type="string" interactive="true">
          <title xmlns:xhtml="http://www.w3.org/1999/xhtml" xml:lang="en-US">Nftables Tables</title>
          <description xmlns:xhtml="http://www.w3.org/1999/xhtml" xml:lang="en-US">Tables in nftables hold chains. Each table only has one address family and only applies 
to packets of this family. Tables can have one of six families.
 </description>
          <value>filter</value>
          <value selector="filter">filter</value>
          <value selector="firewalld">firewalld</value>
        </Value>
        <Rule id="xccdf_org.ssgproject.content_rule_package_nftables_installed" selected="false" role="full" severity="medium">
          <title xmlns:xhtml="http://www.w3.org/1999/xhtml" xml:lang="en-US">Install nftables Package</title>
          <description xmlns:xhtml="http://www.w3.org/1999/xhtml" xml:lang="en-US">nftables provides a new in-kernel packet classification framework that is based on a
network-specific Virtual Machine (VM) and a new nft userspace command line tool.
nftables reuses the existing Netfilter subsystems such as the existing hook infrastructure,
the connection tracking system, NAT, userspace queuing and logging subsystem.
The <html:code xmlns:html="http://www.w3.org/1999/xhtml">nftables</html:code> package can be installed with the following command:
<html:pre xmlns:html="http://www.w3.org/1999/xhtml">
$ sudo zypper install nftables</html:pre>
       </description>
          <reference href="https://www.cisecurity.org/benchmark/suse_linux/">3.5.2.1</reference>
          <reference href="https://docs-prv.pcisecuritystandards.org/PCI%20DSS/Standard/PCI-DSS-v4_0.pdf">1.2.1</reference>
          <reference href="https://docs-prv.pcisecuritystandards.org/PCI%20DSS/Standard/PCI-DSS-v4_0.pdf">1.2</reference>
          <rationale xmlns:xhtml="http://www.w3.org/1999/xhtml" xml:lang="en-US"><html:code xmlns:html="http://www.w3.org/1999/xhtml">nftables</html:code> is a subsystem of the Linux kernel that can protect against threats
originating from within a corporate network to include malicious mobile code and poorly
configured software on a host.</rationale>
          <platform idref="#service_disabled_iptables_and_service_disabled_ufw_and_system_with_kernel"/>
          <ident system="https://ncp.nist.gov/cce">CCE-92469-6</ident>
          <fix xmlns:xhtml="http://www.w3.org/1999/xhtml" id="package_nftables_installed" system="urn:xccdf:fix:script:puppet" complexity="low" disruption="low" strategy="enable">include install_nftables

class install_nftables {
  package { 'nftables':
    ensure =&gt; 'installed',
  }
}
</fix>
          <fix xmlns:xhtml="http://www.w3.org/1999/xhtml" id="package_nftables_installed" system="urn:xccdf:fix:script:sh" complexity="low" disruption="low" strategy="enable"># Remediation is applicable only in certain platforms
if ( ! (systemctl is-active iptables &amp;&gt;/dev/null) &amp;&amp; ! (systemctl is-active ufw &amp;&gt;/dev/null) &amp;&amp; rpm --quiet -q kernel-default || rpm --quiet -q kernel-default-base ); then

zypper install -y "nftables"

else
    &gt;&amp;2 echo 'Remediation is not applicable, nothing was done'
fi
</fix>
          <fix xmlns:xhtml="http://www.w3.org/1999/xhtml" id="package_nftables_installed" system="urn:redhat:osbuild:blueprint">
[[packages]]
name = "nftables"
version = "*"
</fix>
          <fix xmlns:xhtml="http://www.w3.org/1999/xhtml" id="package_nftables_installed" system="urn:xccdf:fix:script:ansible" complexity="low" disruption="low" strategy="enable">- name: Gather the package facts
  package_facts:
    manager: auto
  tags:
  - CCE-92469-6
  - PCI-DSSv4-1.2
  - PCI-DSSv4-1.2.1
  - enable_strategy
  - low_complexity
  - low_disruption
  - medium_severity
  - no_reboot_needed
  - package_nftables_installed

- name: Ensure nftables is installed
  ansible.builtin.package:
    name: nftables
    state: present
  when: ( ("kernel-default" in ansible_facts.packages or "kernel-default-base" in
    ansible_facts.packages) )
  tags:
  - CCE-92469-6
  - PCI-DSSv4-1.2
  - PCI-DSSv4-1.2.1
  - enable_strategy
  - low_complexity
  - low_disruption
  - medium_severity
  - no_reboot_needed
  - package_nftables_installed
</fix>
          <check system="http://oval.mitre.org/XMLSchema/oval-definitions-5">
            <check-content-ref name="oval:ssg-package_nftables_installed:def:1" href="ssg-sle15-oval.xml"/>
          </check>
          <check system="http://scap.nist.gov/schema/ocil/2">
            <check-content-ref name="ocil:ssg-package_nftables_installed_ocil:questionnaire:1" href="ssg-sle15-ocil.xml"/>
          </check>
        </Rule>
        <Rule id="xccdf_org.ssgproject.content_rule_package_nftables_removed" selected="false" role="full" severity="medium">
          <title xmlns:xhtml="http://www.w3.org/1999/xhtml" xml:lang="en-US">Uninstall nftables package</title>
          <description xmlns:xhtml="http://www.w3.org/1999/xhtml" xml:lang="en-US">nftables is a subsystem of the Linux kernel providing filtering and classification of network
packets/datagrams/frames and is the successor to iptables.
The <html:code xmlns:html="http://www.w3.org/1999/xhtml">nftables</html:code> package can be removed with the following command:
<html:pre xmlns:html="http://www.w3.org/1999/xhtml">
$ sudo zypper remove nftables</html:pre>
       </description>
          <reference href="https://www.cisecurity.org/benchmark/suse_linux/">3.5.1.2</reference>
          <reference href="https://www.cisecurity.org/benchmark/suse_linux/">3.5.3.1.2</reference>
          <rationale xmlns:xhtml="http://www.w3.org/1999/xhtml" xml:lang="en-US">Running both <html:code xmlns:html="http://www.w3.org/1999/xhtml">firewalld</html:code> and <html:code xmlns:html="http://www.w3.org/1999/xhtml">nftables</html:code> may lead to conflict.</rationale>
          <ident system="https://ncp.nist.gov/cce">CCE-92518-0</ident>
          <fix xmlns:xhtml="http://www.w3.org/1999/xhtml" id="package_nftables_removed" system="urn:xccdf:fix:script:sh" complexity="low" disruption="low" strategy="disable">
# CAUTION: This remediation script will remove nftables
#	   from the system, and may remove any packages
#	   that depend on nftables. Execute this
#	   remediation AFTER testing on a non-production
#	   system!

var_network_filtering_service='<xccdf-1.2:sub xmlns:xccdf-1.2="http://checklists.nist.gov/xccdf/1.2" idref="xccdf_org.ssgproject.content_value_var_network_filtering_service" use="legacy"/>'



  if ! [[ "firewalld|nftables" =~ $var_network_filtering_service ]]; then
    zypper remove -y "nftables"
  fi
</fix>
          <fix xmlns:xhtml="http://www.w3.org/1999/xhtml" id="package_nftables_removed" system="urn:xccdf:fix:script:ansible" complexity="low" disruption="low" strategy="disable">- name: XCCDF Value var_network_filtering_service # promote to variable
  set_fact:
    var_network_filtering_service: !!str <xccdf-1.2:sub xmlns:xccdf-1.2="http://checklists.nist.gov/xccdf/1.2" idref="xccdf_org.ssgproject.content_value_var_network_filtering_service" use="legacy"/>
  tags:
    - always

- name: Ensure nftables is removed
  ansible.builtin.package:
    name: nftables
    state: absent
  when: var_network_filtering_service is not regex("firewalld|nftables")
  tags:
  - CCE-92518-0
  - disable_strategy
  - low_complexity
  - low_disruption
  - medium_severity
  - no_reboot_needed
  - package_nftables_removed
</fix>
          <check system="http://oval.mitre.org/XMLSchema/oval-definitions-5">
            <check-export export-name="oval:ssg-var_network_filtering_service:var:1" value-id="xccdf_org.ssgproject.content_value_var_network_filtering_service"/>
            <check-content-ref name="oval:ssg-package_nftables_removed:def:1" href="ssg-sle15-oval.xml"/>
          </check>
          <check system="http://scap.nist.gov/schema/ocil/2">
            <check-content-ref name="ocil:ssg-package_nftables_removed_ocil:questionnaire:1" href="ssg-sle15-ocil.xml"/>
          </check>
        </Rule>
        <Rule id="xccdf_org.ssgproject.content_rule_service_nftables_enabled" selected="false" role="full" severity="medium">
          <title xmlns:xhtml="http://www.w3.org/1999/xhtml" xml:lang="en-US">Verify nftables Service is Enabled</title>
          <description xmlns:xhtml="http://www.w3.org/1999/xhtml" xml:lang="en-US">The nftables service allows for the loading of nftables rulesets during boot,
or starting on the nftables service

The <html:code xmlns:html="http://www.w3.org/1999/xhtml">nftables</html:code> service can be enabled with the following command:
<html:pre xmlns:html="http://www.w3.org/1999/xhtml">$ sudo systemctl enable nftables.service</html:pre>
       </description>
          <reference href="https://www.cisecurity.org/benchmark/suse_linux/">3.5.2.9</reference>
          <rationale xmlns:xhtml="http://www.w3.org/1999/xhtml" xml:lang="en-US">The nftables service restores the nftables rules from the rules files referenced
in the <html:code xmlns:html="http://www.w3.org/1999/xhtml">/etc/sysconfig/nftables.conf</html:code> file during boot or the starting of
the nftables service</rationale>
          <platform idref="#package_nftables_and_service_disabled_firewalld_and_system_with_kernel"/>
          <ident system="https://ncp.nist.gov/cce">CCE-92560-2</ident>
          <fix xmlns:xhtml="http://www.w3.org/1999/xhtml" id="service_nftables_enabled" system="urn:xccdf:fix:script:sh" complexity="low" disruption="low" strategy="enable"># Remediation is applicable only in certain platforms
if ( rpm --quiet -q nftables &amp;&amp; ! (systemctl is-active firewalld &amp;&gt;/dev/null) &amp;&amp; rpm --quiet -q kernel-default || rpm --quiet -q kernel-default-base ); then

var_network_filtering_service='<xccdf-1.2:sub xmlns:xccdf-1.2="http://checklists.nist.gov/xccdf/1.2" idref="xccdf_org.ssgproject.content_value_var_network_filtering_service" use="legacy"/>'


SYSTEMCTL_EXEC='/usr/bin/systemctl'

if [ $var_network_filtering_service == nftables ]; then
  "$SYSTEMCTL_EXEC" unmask 'nftables.service'
  "$SYSTEMCTL_EXEC" start 'nftables.service'
  "$SYSTEMCTL_EXEC" enable 'nftables.service'
fi

else
    &gt;&amp;2 echo 'Remediation is not applicable, nothing was done'
fi
</fix>
          <fix xmlns:xhtml="http://www.w3.org/1999/xhtml" id="service_nftables_enabled" system="urn:xccdf:fix:script:ansible" complexity="low" disruption="low" strategy="enable">- name: Gather the package facts
  package_facts:
    manager: auto
  tags:
  - CCE-92560-2
  - enable_strategy
  - low_complexity
  - low_disruption
  - medium_severity
  - no_reboot_needed
  - service_nftables_enabled
- name: XCCDF Value var_network_filtering_service # promote to variable
  set_fact:
    var_network_filtering_service: !!str <xccdf-1.2:sub xmlns:xccdf-1.2="http://checklists.nist.gov/xccdf/1.2" idref="xccdf_org.ssgproject.content_value_var_network_filtering_service" use="legacy"/>
  tags:
    - always

- name: Enable service nftables
  block:

  - name: Gather the package facts
    ansible.builtin.package_facts:
      manager: auto

  - name: Enable service nftables
    ansible.builtin.systemd:
      name: nftables
      enabled: 'yes'
      state: started
      masked: 'no'
    when:
    - '"nftables" in ansible_facts.packages'
    - var_network_filtering_service == "nftables"
    - var_network_filtering_service == "nftables"
  when: ( "nftables" in ansible_facts.packages and ("kernel-default" in ansible_facts.packages
    or "kernel-default-base" in ansible_facts.packages) )
  tags:
  - CCE-92560-2
  - enable_strategy
  - low_complexity
  - low_disruption
  - medium_severity
  - no_reboot_needed
  - service_nftables_enabled
</fix>
          <check system="http://oval.mitre.org/XMLSchema/oval-definitions-5">
            <check-export export-name="oval:ssg-var_network_filtering_service:var:1" value-id="xccdf_org.ssgproject.content_value_var_network_filtering_service"/>
            <check-content-ref name="oval:ssg-service_nftables_enabled:def:1" href="ssg-sle15-oval.xml"/>
          </check>
          <check system="http://scap.nist.gov/schema/ocil/2">
            <check-content-ref name="ocil:ssg-service_nftables_enabled_ocil:questionnaire:1" href="ssg-sle15-ocil.xml"/>
          </check>
        </Rule>
        <Rule id="xccdf_org.ssgproject.content_rule_service_nftables_disabled" selected="false" role="full" severity="medium">
          <title xmlns:xhtml="http://www.w3.org/1999/xhtml" xml:lang="en-US">Verify nftables Service is Disabled</title>
          <description xmlns:xhtml="http://www.w3.org/1999/xhtml" xml:lang="en-US">nftables is a subsystem of the Linux kernel providing filtering and classification of network
packets/datagrams/frames and is the successor to iptables.
The <html:code xmlns:html="http://www.w3.org/1999/xhtml">nftables</html:code> service can be disabled with the following command:
<html:pre xmlns:html="http://www.w3.org/1999/xhtml">systemctl disable nftables</html:pre>
       </description>
          <reference href="https://www.cisecurity.org/benchmark/suse_linux/">3.5.1.2</reference>
          <reference href="https://docs-prv.pcisecuritystandards.org/PCI%20DSS/Standard/PCI-DSS-v4_0.pdf">1.2.1</reference>
          <reference href="https://docs-prv.pcisecuritystandards.org/PCI%20DSS/Standard/PCI-DSS-v4_0.pdf">1.2</reference>
          <rationale xmlns:xhtml="http://www.w3.org/1999/xhtml" xml:lang="en-US">Running both <html:code xmlns:html="http://www.w3.org/1999/xhtml">firewalld</html:code> and <html:code xmlns:html="http://www.w3.org/1999/xhtml">nftables</html:code> may lead to conflict. <html:code xmlns:html="http://www.w3.org/1999/xhtml">nftables</html:code>
is actually one of the backends for <html:code xmlns:html="http://www.w3.org/1999/xhtml">firewalld</html:code> management tools.</rationale>
          <platform idref="#package_firewalld_and_package_nftables_and_system_with_kernel"/>
          <ident system="https://ncp.nist.gov/cce">CCE-92529-7</ident>
          <fix xmlns:xhtml="http://www.w3.org/1999/xhtml" id="service_nftables_disabled" system="urn:xccdf:fix:script:sh" complexity="low" disruption="low" strategy="disable"># Remediation is applicable only in certain platforms
if ( rpm --quiet -q firewalld &amp;&amp; rpm --quiet -q nftables &amp;&amp; rpm --quiet -q kernel-default || rpm --quiet -q kernel-default-base ); then

var_network_filtering_service='<xccdf-1.2:sub xmlns:xccdf-1.2="http://checklists.nist.gov/xccdf/1.2" idref="xccdf_org.ssgproject.content_value_var_network_filtering_service" use="legacy"/>'



if [ $var_network_filtering_service != nftables ]; then
  SYSTEMCTL_EXEC='/usr/bin/systemctl'
  "$SYSTEMCTL_EXEC" stop 'nftables.service'
  "$SYSTEMCTL_EXEC" disable 'nftables.service'
  "$SYSTEMCTL_EXEC" mask 'nftables.service'
  # Disable socket activation if we have a unit file for it
  if "$SYSTEMCTL_EXEC" -q list-unit-files nftables.socket; then
      "$SYSTEMCTL_EXEC" stop 'nftables.socket'
      "$SYSTEMCTL_EXEC" mask 'nftables.socket'
  fi
  # The service may not be running because it has been started and failed,
  # so let's reset the state so OVAL checks pass.
  # Service should be 'inactive', not 'failed' after reboot though.
  "$SYSTEMCTL_EXEC" reset-failed 'nftables.service' || true
fi

else
    &gt;&amp;2 echo 'Remediation is not applicable, nothing was done'
fi
</fix>
          <fix xmlns:xhtml="http://www.w3.org/1999/xhtml" id="service_nftables_disabled" system="urn:xccdf:fix:script:ansible" complexity="low" disruption="low" strategy="disable">- name: Gather the package facts
  package_facts:
    manager: auto
  tags:
  - CCE-92529-7
  - PCI-DSSv4-1.2
  - PCI-DSSv4-1.2.1
  - disable_strategy
  - low_complexity
  - low_disruption
  - medium_severity
  - no_reboot_needed
  - service_nftables_disabled
- name: XCCDF Value var_network_filtering_service # promote to variable
  set_fact:
    var_network_filtering_service: !!str <xccdf-1.2:sub xmlns:xccdf-1.2="http://checklists.nist.gov/xccdf/1.2" idref="xccdf_org.ssgproject.content_value_var_network_filtering_service" use="legacy"/>
  tags:
    - always

- name: Verify nftables Service is Disabled - Collect systemd Services Present in
    the System
  ansible.builtin.command: systemctl -q list-unit-files --type service
  register: service_exists
  changed_when: false
  failed_when: service_exists.rc not in [0, 1]
  check_mode: false
  when: ( "firewalld" in ansible_facts.packages and "nftables" in ansible_facts.packages
    and ("kernel-default" in ansible_facts.packages or "kernel-default-base" in ansible_facts.packages)
    )
  tags:
  - CCE-92529-7
  - PCI-DSSv4-1.2
  - PCI-DSSv4-1.2.1
  - disable_strategy
  - low_complexity
  - low_disruption
  - medium_severity
  - no_reboot_needed
  - service_nftables_disabled

- name: Verify nftables Service is Disabled - Ensure "nftables.service" is Masked
  ansible.builtin.systemd:
    name: nftables.service
    state: stopped
    enabled: false
    masked: true
  when:
  - ( "firewalld" in ansible_facts.packages and "nftables" in ansible_facts.packages
    and ("kernel-default" in ansible_facts.packages or "kernel-default-base" in ansible_facts.packages)
    )
  - service_exists.stdout_lines is search("nftables.service",multiline=True)
  - var_network_filtering_service != "nftables"
  tags:
  - CCE-92529-7
  - PCI-DSSv4-1.2
  - PCI-DSSv4-1.2.1
  - disable_strategy
  - low_complexity
  - low_disruption
  - medium_severity
  - no_reboot_needed
  - service_nftables_disabled

- name: Unit Socket Exists - nftables.socket
  ansible.builtin.command: systemctl -q list-unit-files nftables.socket
  register: socket_file_exists
  changed_when: false
  failed_when: socket_file_exists.rc not in [0, 1]
  check_mode: false
  when: ( "firewalld" in ansible_facts.packages and "nftables" in ansible_facts.packages
    and ("kernel-default" in ansible_facts.packages or "kernel-default-base" in ansible_facts.packages)
    )
  tags:
  - CCE-92529-7
  - PCI-DSSv4-1.2
  - PCI-DSSv4-1.2.1
  - disable_strategy
  - low_complexity
  - low_disruption
  - medium_severity
  - no_reboot_needed
  - service_nftables_disabled

- name: Disable socket nftables
  ansible.builtin.systemd:
    name: nftables.socket
    enabled: 'no'
    state: stopped
    masked: 'yes'
  when:
  - ( "firewalld" in ansible_facts.packages and "nftables" in ansible_facts.packages
    and ("kernel-default" in ansible_facts.packages or "kernel-default-base" in ansible_facts.packages)
    )
  - socket_file_exists.stdout_lines is search("nftables.socket",multiline=True)
  - var_network_filtering_service != "nftables"
  tags:
  - CCE-92529-7
  - PCI-DSSv4-1.2
  - PCI-DSSv4-1.2.1
  - disable_strategy
  - low_complexity
  - low_disruption
  - medium_severity
  - no_reboot_needed
  - service_nftables_disabled
</fix>
          <check system="http://oval.mitre.org/XMLSchema/oval-definitions-5">
            <check-export export-name="oval:ssg-var_network_filtering_service:var:1" value-id="xccdf_org.ssgproject.content_value_var_network_filtering_service"/>
            <check-content-ref name="oval:ssg-service_nftables_disabled:def:1" href="ssg-sle15-oval.xml"/>
          </check>
          <check system="http://scap.nist.gov/schema/ocil/2">
            <check-content-ref name="ocil:ssg-service_nftables_disabled_ocil:questionnaire:1" href="ssg-sle15-ocil.xml"/>
          </check>
        </Rule>
        <Rule id="xccdf_org.ssgproject.content_rule_directory_groupowner_etc_nftables" selected="false" role="full" severity="medium">
          <title xmlns:xhtml="http://www.w3.org/1999/xhtml" xml:lang="en-US">Verify Group Who Owns /etc/nftables Directory</title>
          <description xmlns:xhtml="http://www.w3.org/1999/xhtml" xml:lang="en-US"> To properly set the group owner of <html:code xmlns:html="http://www.w3.org/1999/xhtml">/etc/nftables</html:code>, run the command:
<html:pre xmlns:html="http://www.w3.org/1999/xhtml">$ sudo chgrp root /etc/nftables</html:pre>
       </description>
          <reference href="https://cyber.gouv.fr/sites/default/files/document/linux_configuration-en-v2.pdf">R50</reference>
          <reference href="not_publicly_available">SLES-15-900150225</reference>
          <rationale xmlns:xhtml="http://www.w3.org/1999/xhtml" xml:lang="en-US">The ownership of the /etc/nftables directory by the root group is important
because this directory hosts nftables configuration. Protection of this
directory is critical for system security. Assigning the ownership to root
ensures exclusive control of the nftables configuration.</rationale>
          <platform idref="#package_nftables"/>
          <ident system="https://ncp.nist.gov/cce">CCE-92500-8</ident>
          <fix xmlns:xhtml="http://www.w3.org/1999/xhtml" id="directory_groupowner_etc_nftables" system="urn:xccdf:fix:script:sh" complexity="low" disruption="low" strategy="configure"># Remediation is applicable only in certain platforms
if rpm --quiet -q nftables; then

newgroup=""
if getent group "root" &gt;/dev/null 2&gt;&amp;1; then
  newgroup="root"
fi

if [[ -z "${newgroup}" ]]; then
  &gt;&amp;2 echo "root is not a defined group on the system"
else
find -P /etc/nftables/ -maxdepth 0 -type d  ! -group root -exec chgrp --no-dereference "$newgroup" {} \;

fi

else
    &gt;&amp;2 echo 'Remediation is not applicable, nothing was done'
fi
</fix>
          <fix xmlns:xhtml="http://www.w3.org/1999/xhtml" id="directory_groupowner_etc_nftables" system="urn:xccdf:fix:script:ansible" complexity="low" disruption="low" strategy="configure">- name: Gather the package facts
  package_facts:
    manager: auto
  tags:
  - CCE-92500-8
  - configure_strategy
  - directory_groupowner_etc_nftables
  - low_complexity
  - low_disruption
  - medium_severity
  - no_reboot_needed

- name: Check that the root group is defined
  ansible.builtin.getent:
    database: group
    key: root
  ignore_errors: true
  when:
  - '"nftables" in ansible_facts.packages'
  - directory_groupowner_etc_nftables_newgroup is undefined
  tags:
  - CCE-92500-8
  - configure_strategy
  - directory_groupowner_etc_nftables
  - low_complexity
  - low_disruption
  - medium_severity
  - no_reboot_needed

- name: Set the directory_groupowner_etc_nftables_newgroup variable if root found
  ansible.builtin.set_fact:
    directory_groupowner_etc_nftables_newgroup: root
  when:
  - '"nftables" in ansible_facts.packages'
  - ansible_facts.getent_group["root"] is defined
  tags:
  - CCE-92500-8
  - configure_strategy
  - directory_groupowner_etc_nftables
  - low_complexity
  - low_disruption
  - medium_severity
  - no_reboot_needed

- name: Ensure group owner on /etc/nftables/
  ansible.builtin.file:
    path: /etc/nftables/
    follow: false
    state: directory
    group: '{{ directory_groupowner_etc_nftables_newgroup }}'
  when: '"nftables" in ansible_facts.packages'
  tags:
  - CCE-92500-8
  - configure_strategy
  - directory_groupowner_etc_nftables
  - low_complexity
  - low_disruption
  - medium_severity
  - no_reboot_needed
</fix>
          <check system="http://oval.mitre.org/XMLSchema/oval-definitions-5">
            <check-content-ref name="oval:ssg-directory_groupowner_etc_nftables:def:1" href="ssg-sle15-oval.xml"/>
          </check>
          <check system="http://scap.nist.gov/schema/ocil/2">
            <check-content-ref name="ocil:ssg-directory_groupowner_etc_nftables_ocil:questionnaire:1" href="ssg-sle15-ocil.xml"/>
          </check>
        </Rule>
        <Rule id="xccdf_org.ssgproject.content_rule_directory_owner_etc_nftables" selected="false" role="full" severity="medium">
          <title xmlns:xhtml="http://www.w3.org/1999/xhtml" xml:lang="en-US">Verify User Who Owns /etc/nftables Directory</title>
          <description xmlns:xhtml="http://www.w3.org/1999/xhtml" xml:lang="en-US"> To properly set the owner of <html:code xmlns:html="http://www.w3.org/1999/xhtml">/etc/nftables</html:code>, run the command:
<html:pre xmlns:html="http://www.w3.org/1999/xhtml">$ sudo chown root /etc/nftables </html:pre>
       </description>
          <reference href="https://cyber.gouv.fr/sites/default/files/document/linux_configuration-en-v2.pdf">R50</reference>
          <reference href="not_publicly_available">SLES-15-900150225</reference>
          <rationale xmlns:xhtml="http://www.w3.org/1999/xhtml" xml:lang="en-US">The ownership of the /etc/nftables directory by the root user is important
because this directory hosts nftables configuration. Protection of this
directory is critical for system security. Assigning the ownership to root
ensures exclusive control of the nftables configuration.</rationale>
          <platform idref="#package_nftables"/>
          <ident system="https://ncp.nist.gov/cce">CCE-92509-9</ident>
          <fix xmlns:xhtml="http://www.w3.org/1999/xhtml" id="directory_owner_etc_nftables" system="urn:xccdf:fix:script:sh" complexity="low" disruption="low" strategy="configure"># Remediation is applicable only in certain platforms
if rpm --quiet -q nftables; then

newown=""
if id "0" &gt;/dev/null 2&gt;&amp;1; then
  newown="0"
fi

if [[ -z "$newown" ]]; then
  &gt;&amp;2 echo "0 is not a defined user on the system"
else
find -P /etc/nftables/ -maxdepth 0 -type d  ! -user 0 -exec chown --no-dereference "$newown" {} \;

fi

else
    &gt;&amp;2 echo 'Remediation is not applicable, nothing was done'
fi
</fix>
          <fix xmlns:xhtml="http://www.w3.org/1999/xhtml" id="directory_owner_etc_nftables" system="urn:xccdf:fix:script:ansible" complexity="low" disruption="low" strategy="configure">- name: Gather the package facts
  package_facts:
    manager: auto
  tags:
  - CCE-92509-9
  - configure_strategy
  - directory_owner_etc_nftables
  - low_complexity
  - low_disruption
  - medium_severity
  - no_reboot_needed

- name: Set the directory_owner_etc_nftables_newown variable if represented by uid
  ansible.builtin.set_fact:
    directory_owner_etc_nftables_newown: '0'
  when: '"nftables" in ansible_facts.packages'
  tags:
  - CCE-92509-9
  - configure_strategy
  - directory_owner_etc_nftables
  - low_complexity
  - low_disruption
  - medium_severity
  - no_reboot_needed

- name: Ensure owner on directory /etc/nftables/
  ansible.builtin.file:
    path: /etc/nftables/
    follow: false
    state: directory
    owner: '{{ directory_owner_etc_nftables_newown }}'
  when: '"nftables" in ansible_facts.packages'
  tags:
  - CCE-92509-9
  - configure_strategy
  - directory_owner_etc_nftables
  - low_complexity
  - low_disruption
  - medium_severity
  - no_reboot_needed
</fix>
          <check system="http://oval.mitre.org/XMLSchema/oval-definitions-5">
            <check-content-ref name="oval:ssg-directory_owner_etc_nftables:def:1" href="ssg-sle15-oval.xml"/>
          </check>
          <check system="http://scap.nist.gov/schema/ocil/2">
            <check-content-ref name="ocil:ssg-directory_owner_etc_nftables_ocil:questionnaire:1" href="ssg-sle15-ocil.xml"/>
          </check>
        </Rule>
        <Rule id="xccdf_org.ssgproject.content_rule_directory_permissions_etc_nftables" selected="false" role="full" severity="medium">
          <title xmlns:xhtml="http://www.w3.org/1999/xhtml" xml:lang="en-US">Verify Permissions On /etc/nftables Directory</title>
          <description xmlns:xhtml="http://www.w3.org/1999/xhtml" xml:lang="en-US"> To properly set the permissions of <html:code xmlns:html="http://www.w3.org/1999/xhtml">/etc/nftables</html:code>, run the command: <html:pre xmlns:html="http://www.w3.org/1999/xhtml">$ sudo chmod 0700 /etc/nftables</html:pre>
       </description>
          <reference href="https://cyber.gouv.fr/sites/default/files/document/linux_configuration-en-v2.pdf">R50</reference>
          <reference href="not_publicly_available">SLES-15-900150225</reference>
          <rationale xmlns:xhtml="http://www.w3.org/1999/xhtml" xml:lang="en-US">Setting correct permissions on the /etc/nftables directory is important
because this directory hosts nftables configuration. Protection of this
directory is critical for system security. Restricting the permissions
ensures exclusive control of the nftables configuration.</rationale>
          <platform idref="#package_nftables"/>
          <ident system="https://ncp.nist.gov/cce">CCE-92521-4</ident>
          <fix xmlns:xhtml="http://www.w3.org/1999/xhtml" id="directory_permissions_etc_nftables" system="urn:xccdf:fix:script:sh" complexity="low" disruption="low" strategy="configure"># Remediation is applicable only in certain platforms
if rpm --quiet -q nftables; then

find -H /etc/nftables/ -maxdepth 0 -perm /u+s,g+xwrs,o+xwrt -type d -exec chmod u-s,g-xwrs,o-xwrt {} \;

else
    &gt;&amp;2 echo 'Remediation is not applicable, nothing was done'
fi
</fix>
          <fix xmlns:xhtml="http://www.w3.org/1999/xhtml" id="directory_permissions_etc_nftables" system="urn:xccdf:fix:script:ansible" complexity="low" disruption="low" strategy="configure">- name: Gather the package facts
  package_facts:
    manager: auto
  tags:
  - CCE-92521-4
  - configure_strategy
  - directory_permissions_etc_nftables
  - low_complexity
  - low_disruption
  - medium_severity
  - no_reboot_needed

- name: Find /etc/nftables/ file(s)
  ansible.builtin.command: 'find -P /etc/nftables/ -maxdepth 0 -perm /u+s,g+xwrs,o+xwrt  -type
    d '
  register: files_found
  changed_when: false
  failed_when: false
  check_mode: false
  when: '"nftables" in ansible_facts.packages'
  tags:
  - CCE-92521-4
  - configure_strategy
  - directory_permissions_etc_nftables
  - low_complexity
  - low_disruption
  - medium_severity
  - no_reboot_needed

- name: Set permissions for /etc/nftables/ file(s)
  ansible.builtin.file:
    path: '{{ item }}'
    mode: u-s,g-xwrs,o-xwrt
    state: directory
  with_items:
  - '{{ files_found.stdout_lines }}'
  when: '"nftables" in ansible_facts.packages'
  tags:
  - CCE-92521-4
  - configure_strategy
  - directory_permissions_etc_nftables
  - low_complexity
  - low_disruption
  - medium_severity
  - no_reboot_needed
</fix>
          <check system="http://oval.mitre.org/XMLSchema/oval-definitions-5">
            <check-content-ref name="oval:ssg-directory_permissions_etc_nftables:def:1" href="ssg-sle15-oval.xml"/>
          </check>
          <check system="http://scap.nist.gov/schema/ocil/2">
            <check-content-ref name="ocil:ssg-directory_permissions_etc_nftables_ocil:questionnaire:1" href="ssg-sle15-ocil.xml"/>
          </check>
        </Rule>
        <Rule id="xccdf_org.ssgproject.content_rule_nftables_ensure_default_deny_policy" selected="false" role="full" severity="medium">
          <title xmlns:xhtml="http://www.w3.org/1999/xhtml" xml:lang="en-US">Ensure nftables Default Deny Firewall Policy</title>
          <description xmlns:xhtml="http://www.w3.org/1999/xhtml" xml:lang="en-US">Base chain policy is the default verdict that will be applied to packets reaching the end of
the chain. There are two policies: accept (Default) and drop. If the policy is set to accept,
the firewall will accept any packet that is not configured to be denied and the packet will
continue traversing the network stack.

Run the following commands and verify that base chains contain a policy of DROP.
<html:pre xmlns:html="http://www.w3.org/1999/xhtml">
$ nft list ruleset | grep 'hook input'
type filter hook input priority 0; policy drop;
$ nft list ruleset | grep 'hook forward'
type filter hook forward priority 0; policy drop;
$ nft list ruleset | grep 'hook output'
type filter hook output priority 0; policy drop;
</html:pre>
       </description>
          <warning xmlns:xhtml="http://www.w3.org/1999/xhtml" xml:lang="en-US" category="general">Changing firewall settings while connected over network can result in being locked out
of the system.</warning>
          <reference href="https://www.cisecurity.org/benchmark/suse_linux/">3.5.2.8</reference>
          <reference href="https://docs-prv.pcisecuritystandards.org/PCI%20DSS/Standard/PCI-DSS-v4_0.pdf">1.3.1</reference>
          <reference href="https://docs-prv.pcisecuritystandards.org/PCI%20DSS/Standard/PCI-DSS-v4_0.pdf">1.3</reference>
          <rationale xmlns:xhtml="http://www.w3.org/1999/xhtml" xml:lang="en-US">It is easier to allow acceptable usage than to block unacceptable usage.
</rationale>
          <platform idref="#package_nftables_and_service_disabled_firewalld_and_service_disabled_ufw"/>
          <ident system="https://ncp.nist.gov/cce">CCE-92507-3</ident>
          <check system="http://oval.mitre.org/XMLSchema/oval-definitions-5">
            <check-export export-name="oval:ssg-var_nftables_master_config_file:var:1" value-id="xccdf_org.ssgproject.content_value_var_nftables_master_config_file"/>
            <check-content-ref name="oval:ssg-nftables_ensure_default_deny_policy:def:1" href="ssg-sle15-oval.xml"/>
          </check>
          <check system="http://scap.nist.gov/schema/ocil/2">
            <check-content-ref name="ocil:ssg-nftables_ensure_default_deny_policy_ocil:questionnaire:1" href="ssg-sle15-ocil.xml"/>
          </check>
        </Rule>
        <Rule id="xccdf_org.ssgproject.content_rule_nftables_rules_permanent" selected="false" role="full" severity="medium">
          <title xmlns:xhtml="http://www.w3.org/1999/xhtml" xml:lang="en-US">Ensure nftables Rules are Permanent</title>
          <description xmlns:xhtml="http://www.w3.org/1999/xhtml" xml:lang="en-US">nftables is a subsystem of the Linux kernel providing filtering and classification of
network packets/datagrams/frames. The nftables service reads the
<xccdf-1.2:sub xmlns:xccdf-1.2="http://checklists.nist.gov/xccdf/1.2" idref="xccdf_org.ssgproject.content_value_var_nftables_master_config_file" use="legacy"/> file for a nftables file or files to
include in the nftables ruleset. A nftables ruleset containing the input, forward, and output
base chains allow network traffic to be filtered.</description>
          <reference href="https://www.cisecurity.org/benchmark/suse_linux/">3.5.2.10</reference>
          <rationale xmlns:xhtml="http://www.w3.org/1999/xhtml" xml:lang="en-US">Changes made to nftables ruleset only affect the live system, you will also need to configure
the nftables ruleset to apply on boot</rationale>
          <platform idref="#package_nftables_and_service_disabled_firewalld"/>
          <ident system="https://ncp.nist.gov/cce">CCE-92485-2</ident>
          <fix xmlns:xhtml="http://www.w3.org/1999/xhtml" id="nftables_rules_permanent" system="urn:xccdf:fix:script:sh" complexity="low" disruption="low" strategy="restrict"># Remediation is applicable only in certain platforms
if ( rpm --quiet -q nftables &amp;&amp; ! (systemctl is-active firewalld &amp;&gt;/dev/null) ); then

var_nftables_master_config_file='<xccdf-1.2:sub xmlns:xccdf-1.2="http://checklists.nist.gov/xccdf/1.2" idref="xccdf_org.ssgproject.content_value_var_nftables_master_config_file" use="legacy"/>'


if [ ! -f "${var_nftables_master_config_file}" ]; then
    touch "${var_nftables_master_config_file}"
fi


grep -qxF 'include "/etc/nftables/bridge-filter"' "${var_nftables_master_config_file}" \
    || echo 'include "/etc/nftables/bridge-filter"' &gt;&gt; "${var_nftables_master_config_file}"

grep -qxF 'include "/etc/nftables/arp-filter"' "${var_nftables_master_config_file}" \
    || echo 'include "/etc/nftables/arp-filter"' &gt;&gt; "${var_nftables_master_config_file}"

grep -qxF 'include "/etc/nftables/inet-filter"' "${var_nftables_master_config_file}" \
    || echo 'include "/etc/nftables/inet-filter"' &gt;&gt; "${var_nftables_master_config_file}"

else
    &gt;&amp;2 echo 'Remediation is not applicable, nothing was done'
fi
</fix>
          <fix xmlns:xhtml="http://www.w3.org/1999/xhtml" id="nftables_rules_permanent" system="urn:xccdf:fix:script:ansible" complexity="low" disruption="low" strategy="restrict">- name: Gather the package facts
  package_facts:
    manager: auto
  tags:
  - CCE-92485-2
  - low_complexity
  - low_disruption
  - medium_severity
  - nftables_rules_permanent
  - no_reboot_needed
  - restrict_strategy
- name: XCCDF Value var_nftables_master_config_file # promote to variable
  set_fact:
    var_nftables_master_config_file: !!str <xccdf-1.2:sub xmlns:xccdf-1.2="http://checklists.nist.gov/xccdf/1.2" idref="xccdf_org.ssgproject.content_value_var_nftables_master_config_file" use="legacy"/>
  tags:
    - always

- name: Check the top-level configuration file exists
  ansible.builtin.stat:
    path: '{{ var_nftables_master_config_file }}'
  when: ( "nftables" in ansible_facts.packages )
  tags:
  - CCE-92485-2
  - low_complexity
  - low_disruption
  - medium_severity
  - nftables_rules_permanent
  - no_reboot_needed
  - restrict_strategy

- name: Check the  relevant file is included configuration
  ansible.builtin.lineinfile:
    path: '{{ var_nftables_master_config_file }}'
    line: include "/etc/nftables/{{ item }}-filter"
    create: true
  loop:
  - bridge
  - arp
  - inet
  when: ( "nftables" in ansible_facts.packages )
  tags:
  - CCE-92485-2
  - low_complexity
  - low_disruption
  - medium_severity
  - nftables_rules_permanent
  - no_reboot_needed
  - restrict_strategy
</fix>
          <check system="http://oval.mitre.org/XMLSchema/oval-definitions-5">
            <check-export export-name="oval:ssg-var_nftables_master_config_file:var:1" value-id="xccdf_org.ssgproject.content_value_var_nftables_master_config_file"/>
            <check-content-ref name="oval:ssg-nftables_rules_permanent:def:1" href="ssg-sle15-oval.xml"/>
          </check>
          <check system="http://scap.nist.gov/schema/ocil/2">
            <check-content-ref name="ocil:ssg-nftables_rules_permanent_ocil:questionnaire:1" href="ssg-sle15-ocil.xml"/>
          </check>
        </Rule>
        <Rule id="xccdf_org.ssgproject.content_rule_set_nftables_base_chain" selected="false" role="full" severity="medium">
          <title xmlns:xhtml="http://www.w3.org/1999/xhtml" xml:lang="en-US">Ensure Base Chains Exist for Nftables</title>
          <description xmlns:xhtml="http://www.w3.org/1999/xhtml" xml:lang="en-US">Tables in nftables hold chains. Each table only has one address family and only applies
to packets of this family. Tables can have one of six families.
Chains are containers for rules. They exist in two kinds, base chains and regular chains.
A base chain is an entry point for packets from the networking stack, a regular chain may
be used as jump target and is used for better rule organization.</description>
          <warning xmlns:xhtml="http://www.w3.org/1999/xhtml" xml:lang="en-US" category="general">Configuring rules over ssh, by creating a base chain with policy drop will cause loss of connectivity. Ensure that a rule allowing ssh has been added to the base chain prior to setting the base cahin's policy to drop</warning>
          <reference href="https://www.cisecurity.org/benchmark/suse_linux/">3.5.2.5</reference>
          <rationale xmlns:xhtml="http://www.w3.org/1999/xhtml" xml:lang="en-US">If a base chain doesn't exist with a hook for input, forward, and delete, packets that would
flow through those chains will not be touched by nftables.</rationale>
          <platform idref="#package_nftables"/>
          <ident system="https://ncp.nist.gov/cce">CCE-92578-4</ident>
          <fix xmlns:xhtml="http://www.w3.org/1999/xhtml" id="set_nftables_base_chain" system="urn:xccdf:fix:script:sh" complexity="low" disruption="low" strategy="restrict"># Remediation is applicable only in certain platforms
if rpm --quiet -q nftables; then

#Name of the table
var_nftables_table='<xccdf-1.2:sub xmlns:xccdf-1.2="http://checklists.nist.gov/xccdf/1.2" idref="xccdf_org.ssgproject.content_value_var_nftables_table" use="legacy"/>'

#Family of the table 
var_nftables_family='<xccdf-1.2:sub xmlns:xccdf-1.2="http://checklists.nist.gov/xccdf/1.2" idref="xccdf_org.ssgproject.content_value_var_nftables_family" use="legacy"/>'

#Name(s) of base chain
var_nftables_base_chain_names='<xccdf-1.2:sub xmlns:xccdf-1.2="http://checklists.nist.gov/xccdf/1.2" idref="xccdf_org.ssgproject.content_value_var_nftables_base_chain_names" use="legacy"/>'

#Type(s) of base chain
var_nftables_base_chain_types='<xccdf-1.2:sub xmlns:xccdf-1.2="http://checklists.nist.gov/xccdf/1.2" idref="xccdf_org.ssgproject.content_value_var_nftables_base_chain_types" use="legacy"/>'

# Hooks for base chain
var_nftables_base_chain_hooks='<xccdf-1.2:sub xmlns:xccdf-1.2="http://checklists.nist.gov/xccdf/1.2" idref="xccdf_org.ssgproject.content_value_var_nftables_base_chain_hooks" use="legacy"/>'

#Priority
var_nftables_base_chain_priorities='<xccdf-1.2:sub xmlns:xccdf-1.2="http://checklists.nist.gov/xccdf/1.2" idref="xccdf_org.ssgproject.content_value_var_nftables_base_chain_priorities" use="legacy"/>'

#Policy 
var_nftables_base_chain_policies='<xccdf-1.2:sub xmlns:xccdf-1.2="http://checklists.nist.gov/xccdf/1.2" idref="xccdf_org.ssgproject.content_value_var_nftables_base_chain_policies" use="legacy"/>'


#Transfer some of strings to arrays
IFS="," read -r -a  names &lt;&lt;&lt; "$var_nftables_base_chain_names"
IFS="," read -r -a  types &lt;&lt;&lt; "$var_nftables_base_chain_types"
IFS="," read -r -a  hooks &lt;&lt;&lt; "$var_nftables_base_chain_hooks"
IFS="," read -r -a  priorities &lt;&lt;&lt; "$var_nftables_base_chain_priorities"
IFS="," read -r -a  policies &lt;&lt;&lt; "$var_nftables_base_chain_policies"

my_cmd="nft list tables | grep '$var_nftables_family $var_nftables_table'"
eval IS_TABLE_EXIST=\$\($my_cmd\)
if [ -z "$IS_TABLE_EXIST" ]
then
  # We create a table and add chains to it 
  nft create table "$var_nftables_family" "$var_nftables_table"
  num_of_chains=${#names[@]}
  for ((i=0; i &lt; num_of_chains; i++))
  do
   chain_to_add="add chain $var_nftables_family $var_nftables_table ${names[$i]} { type ${types[$i]} hook ${hooks[$i]} priority ${priorities[$i]} ; policy ${policies[$i]} ; }"
   my_cmd="nft '$chain_to_add'"
   eval $my_cmd
  done    
else
  # We add missing chains to the existing table
  num_of_chains=${#names[@]}
  for ((i=0; i &lt; num_of_chains; i++))
  do
    IS_CHAIN_EXIST=$(nft list table "$var_nftables_family" "$var_nftables_table" | grep "hook ${hooks[$i]}")
    if [ -z "$IS_CHAIN_EXIST" ]
      then
        chain_to_add="add chain '$var_nftables_family' '$var_nftables_table' ${names[$i]} { type ${types[$i]} hook ${hooks[$i]} priority ${priorities[$i]} ; policy ${policies[$i]} ; }"
        my_cmd="nft '$chain_to_add'"
        eval $my_cmd
    fi
  done 
fi

else
    &gt;&amp;2 echo 'Remediation is not applicable, nothing was done'
fi
</fix>
          <fix xmlns:xhtml="http://www.w3.org/1999/xhtml" id="set_nftables_base_chain" system="urn:xccdf:fix:script:ansible" complexity="low" disruption="low" strategy="restrict">- name: Gather the package facts
  package_facts:
    manager: auto
  tags:
  - CCE-92578-4
  - low_complexity
  - low_disruption
  - medium_severity
  - no_reboot_needed
  - restrict_strategy
  - set_nftables_base_chain
- name: XCCDF Value var_nftables_table # promote to variable
  set_fact:
    var_nftables_table: !!str <xccdf-1.2:sub xmlns:xccdf-1.2="http://checklists.nist.gov/xccdf/1.2" idref="xccdf_org.ssgproject.content_value_var_nftables_table" use="legacy"/>
  tags:
    - always
- name: XCCDF Value var_nftables_family # promote to variable
  set_fact:
    var_nftables_family: !!str <xccdf-1.2:sub xmlns:xccdf-1.2="http://checklists.nist.gov/xccdf/1.2" idref="xccdf_org.ssgproject.content_value_var_nftables_family" use="legacy"/>
  tags:
    - always
- name: XCCDF Value var_nftables_base_chain_names # promote to variable
  set_fact:
    var_nftables_base_chain_names: !!str <xccdf-1.2:sub xmlns:xccdf-1.2="http://checklists.nist.gov/xccdf/1.2" idref="xccdf_org.ssgproject.content_value_var_nftables_base_chain_names" use="legacy"/>
  tags:
    - always
- name: XCCDF Value var_nftables_base_chain_types # promote to variable
  set_fact:
    var_nftables_base_chain_types: !!str <xccdf-1.2:sub xmlns:xccdf-1.2="http://checklists.nist.gov/xccdf/1.2" idref="xccdf_org.ssgproject.content_value_var_nftables_base_chain_types" use="legacy"/>
  tags:
    - always
- name: XCCDF Value var_nftables_base_chain_hooks # promote to variable
  set_fact:
    var_nftables_base_chain_hooks: !!str <xccdf-1.2:sub xmlns:xccdf-1.2="http://checklists.nist.gov/xccdf/1.2" idref="xccdf_org.ssgproject.content_value_var_nftables_base_chain_hooks" use="legacy"/>
  tags:
    - always
- name: XCCDF Value var_nftables_base_chain_priorities # promote to variable
  set_fact:
    var_nftables_base_chain_priorities: !!str <xccdf-1.2:sub xmlns:xccdf-1.2="http://checklists.nist.gov/xccdf/1.2" idref="xccdf_org.ssgproject.content_value_var_nftables_base_chain_priorities" use="legacy"/>
  tags:
    - always
- name: XCCDF Value var_nftables_base_chain_policies # promote to variable
  set_fact:
    var_nftables_base_chain_policies: !!str <xccdf-1.2:sub xmlns:xccdf-1.2="http://checklists.nist.gov/xccdf/1.2" idref="xccdf_org.ssgproject.content_value_var_nftables_base_chain_policies" use="legacy"/>
  tags:
    - always

- name: Ensure Base Chains Exist for Nftables - Check Existence of Nftables Table
  ansible.builtin.shell: nft list tables | grep '{{ var_nftables_family }} {{ var_nftables_table
    }}'
  register: existing_nftables
  changed_when: false
  failed_when: false
  when: '"nftables" in ansible_facts.packages'
  tags:
  - CCE-92578-4
  - low_complexity
  - low_disruption
  - medium_severity
  - no_reboot_needed
  - restrict_strategy
  - set_nftables_base_chain

- name: Ensure Base Chains Exist for Nftables - Set NFTables Table
  ansible.builtin.command: nft create table {{ var_nftables_family }} {{ var_nftables_table
    }}
  when:
  - '"nftables" in ansible_facts.packages'
  - existing_nftables is not skipped and existing_nftables.rc &gt; 0
  tags:
  - CCE-92578-4
  - low_complexity
  - low_disruption
  - medium_severity
  - no_reboot_needed
  - restrict_strategy
  - set_nftables_base_chain

- name: Ensure Base Chains Exist for Nftables - Add Base Chains
  ansible.builtin.command: nft 'add chain {{ var_nftables_family }} {{ var_nftables_table
    }} {{ item.0 }} { type {{ item.1 }} hook {{ item.2 }} priority {{ item.3 }} ;
    policy {{ item.4 }} ; }'
  with_together:
  - '{{ var_nftables_base_chain_names.split(",") }}'
  - '{{ var_nftables_base_chain_types.split(",") }}'
  - '{{ var_nftables_base_chain_hooks.split(",") }}'
  - '{{ var_nftables_base_chain_priorities.split(",") }}'
  - '{{ var_nftables_base_chain_policies.split(",") }}'
  when: '"nftables" in ansible_facts.packages'
  tags:
  - CCE-92578-4
  - low_complexity
  - low_disruption
  - medium_severity
  - no_reboot_needed
  - restrict_strategy
  - set_nftables_base_chain
</fix>
          <check system="http://open-scap.org/page/SCE">
            <check-import import-name="stdout">
                </check-import>
            <check-content-ref href="sle15/checks/sce/set_nftables_base_chain.sh"/>
          </check>
          <check system="http://scap.nist.gov/schema/ocil/2">
            <check-content-ref name="ocil:ssg-set_nftables_base_chain_ocil:questionnaire:1" href="ssg-sle15-ocil.xml"/>
          </check>
        </Rule>
        <Rule id="xccdf_org.ssgproject.content_rule_set_nftables_loopback_traffic" selected="false" role="full" severity="medium">
          <title xmlns:xhtml="http://www.w3.org/1999/xhtml" xml:lang="en-US">Set nftables Configuration for Loopback Traffic</title>
          <description xmlns:xhtml="http://www.w3.org/1999/xhtml" xml:lang="en-US">Configure the loopback interface to accept traffic.
Configure all other interfaces to deny traffic to the loopback
network.</description>
          <warning xmlns:xhtml="http://www.w3.org/1999/xhtml" xml:lang="en-US" category="general">Changing firewall settings while connected over network can
result in being locked out of the system.
Keep in mind the remediation makes changes only to the running
system, in order to keep the changes need to take care to save
the nft settings to the relvant configutation files.</warning>
          <reference href="https://www.pcisecuritystandards.org/documents/PCI_DSS_v3-2-1.pdf">Req-1.4.1</reference>
          <reference href="https://www.cisecurity.org/benchmark/suse_linux/">3.5.2.6</reference>
          <rationale xmlns:xhtml="http://www.w3.org/1999/xhtml" xml:lang="en-US">Loopback traffic is generated between processes on machine and is
typically critical to operation of the system. The loopback interface
is the only place that loopback network traffic should be seen,
all other interfaces should ignore traffic on this network as an
anti-spoofing measure.</rationale>
          <platform idref="#package_nftables_and_service_disabled_firewalld"/>
          <ident system="https://ncp.nist.gov/cce">CCE-92481-1</ident>
          <fix xmlns:xhtml="http://www.w3.org/1999/xhtml" id="set_nftables_loopback_traffic" system="urn:xccdf:fix:script:sh"># Remediation is applicable only in certain platforms
if ( rpm --quiet -q nftables &amp;&amp; ! (systemctl is-active firewalld &amp;&gt;/dev/null) ); then

grubfile="/boot/grub2/grub.cfg"

# Implement the loopback rules:
nft add rule inet filter input iif lo accept
nft add rule inet filter input ip saddr 127.0.0.0/8 counter drop

# Check IPv6 is disabled, if false implement IPv6 loopback rules
disabled="false"
[ -f "$grubfile" ] &amp;&amp; ! grep "^\s*linux" "$grubfile" | grep -vq "ipv6.disable=1" &amp;&amp; disabled="true"

grep -Eq "^\s*net\.ipv6\.conf\.all\.disable_ipv6\s*=\s*1\b(\s+#.*)?$" \
/etc/sysctl.conf /etc/sysctl.d/*.conf &amp;&amp; \
grep -Eq "^\s*net\.ipv6\.conf\.default\.disable_ipv6\s*=\s*1\b(\s+#.*)?$" \
/etc/sysctl.conf /etc/sysctl.d/*.conf &amp;&amp; sysctl net.ipv6.conf.all.disable_ipv6 | \
grep -Eq "^\s*net\.ipv6\.conf\.all\.disable_ipv6\s*=\s*1\b(\s+#.*)?$" &amp;&amp; \
sysctl net.ipv6.conf.default.disable_ipv6 | \
grep -Eq "^\s*net\.ipv6\.conf\.default\.disable_ipv6\s*=\s*1\b(\s+#.*)?$" &amp;&amp; disabled="true"

# Is IPv6 Disabled? (true/false)
if [ "$disabled" = false ] ; then
    nft add rule inet filter input ip6 saddr ::1 counter drop
fi

else
    &gt;&amp;2 echo 'Remediation is not applicable, nothing was done'
fi
</fix>
          <fix xmlns:xhtml="http://www.w3.org/1999/xhtml" id="set_nftables_loopback_traffic" system="urn:xccdf:fix:script:ansible" complexity="low" disruption="low" strategy="restrict">- name: Gather the package facts
  package_facts:
    manager: auto
  tags:
  - CCE-92481-1
  - PCI-DSS-Req-1.4.1
  - low_complexity
  - low_disruption
  - medium_severity
  - no_reboot_needed
  - restrict_strategy
  - set_nftables_loopback_traffic

- name: Implement Loopback Rules
  ansible.builtin.command: nft add rule inet filter input iif lo accept
  when: ( "nftables" in ansible_facts.packages )
  tags:
  - CCE-92481-1
  - PCI-DSS-Req-1.4.1
  - low_complexity
  - low_disruption
  - medium_severity
  - no_reboot_needed
  - restrict_strategy
  - set_nftables_loopback_traffic

- name: Create Rule to Drop Input IP Address from Loopback
  ansible.builtin.command: nft add rule inet filter input ip saddr 127.0.0.0/8 counter
    drop
  when: ( "nftables" in ansible_facts.packages )
  tags:
  - CCE-92481-1
  - PCI-DSS-Req-1.4.1
  - low_complexity
  - low_disruption
  - medium_severity
  - no_reboot_needed
  - restrict_strategy
  - set_nftables_loopback_traffic

- name: Check if IPv6 is Disabled in grub Configuration
  ansible.builtin.shell: |
    [ -z "$(grep "^\s*linux" /boot/grub2/grub.cfg | grep -v ipv6.disabled=1)" ]
  register: ipv6_status
  changed_when: false
  check_mode: false
  when: ( "nftables" in ansible_facts.packages )
  tags:
  - CCE-92481-1
  - PCI-DSS-Req-1.4.1
  - low_complexity
  - low_disruption
  - medium_severity
  - no_reboot_needed
  - restrict_strategy
  - set_nftables_loopback_traffic

- name: Check sysctl value of net.ipv6.conf.all.disable_ipv6
  ansible.posix.sysctl:
    name: net.ipv6.conf.all.disable_ipv6
    state: present
    value: '1'
  check_mode: true
  register: sysctl_ipv6_all
  when: ( "nftables" in ansible_facts.packages )
  tags:
  - CCE-92481-1
  - PCI-DSS-Req-1.4.1
  - low_complexity
  - low_disruption
  - medium_severity
  - no_reboot_needed
  - restrict_strategy
  - set_nftables_loopback_traffic

- name: Check sysctl value of net.ipv6.conf.default.disable_ipv6
  ansible.posix.sysctl:
    name: net.ipv6.conf.default.disable_ipv6
    state: present
    value: '1'
  check_mode: true
  register: sysctl_ipv6_default
  when: ( "nftables" in ansible_facts.packages )
  tags:
  - CCE-92481-1
  - PCI-DSS-Req-1.4.1
  - low_complexity
  - low_disruption
  - medium_severity
  - no_reboot_needed
  - restrict_strategy
  - set_nftables_loopback_traffic

- name: Implement IPv6 loopback rules
  ansible.builtin.command: nft add rule inet filter input ip6 saddr ::1 counter drop
  when:
  - ( "nftables" in ansible_facts.packages )
  - ipv6_status is not skipped
  - sysctl_ipv6_default is not skipped
  - sysctl_ipv6_all is not skipped
  - ipv6_status.rc == 0 or sysctl_ipv6_all.found &gt; 0 or sysctl_ipv6_default.found
    &gt; 0
  tags:
  - CCE-92481-1
  - PCI-DSS-Req-1.4.1
  - low_complexity
  - low_disruption
  - medium_severity
  - no_reboot_needed
  - restrict_strategy
  - set_nftables_loopback_traffic
</fix>
          <check system="http://oval.mitre.org/XMLSchema/oval-definitions-5">
            <check-export export-name="oval:ssg-var_nftables_master_config_file:var:1" value-id="xccdf_org.ssgproject.content_value_var_nftables_master_config_file"/>
            <check-content-ref name="oval:ssg-set_nftables_loopback_traffic:def:1" href="ssg-sle15-oval.xml"/>
          </check>
          <check system="http://scap.nist.gov/schema/ocil/2">
            <check-content-ref name="ocil:ssg-set_nftables_loopback_traffic_ocil:questionnaire:1" href="ssg-sle15-ocil.xml"/>
          </check>
        </Rule>
        <Rule id="xccdf_org.ssgproject.content_rule_set_nftables_new_connections" selected="false" role="full" severity="medium">
          <title xmlns:xhtml="http://www.w3.org/1999/xhtml" xml:lang="en-US">Ensure all outbound and established connections are configured for nftables</title>
          <description xmlns:xhtml="http://www.w3.org/1999/xhtml" xml:lang="en-US">Configure the nftables firewall rules for new outbound and established connections</description>
          <reference href="https://www.cisecurity.org/benchmark/suse_linux/">3.5.2.7</reference>
          <rationale xmlns:xhtml="http://www.w3.org/1999/xhtml" xml:lang="en-US">If rules are not in place for new outbound and established connections, all packets
will be dropped by the default policy preventing network usage.</rationale>
          <ident system="https://ncp.nist.gov/cce">CCE-92564-4</ident>
          <check system="http://scap.nist.gov/schema/ocil/2">
            <check-content-ref name="ocil:ssg-set_nftables_new_connections_ocil:questionnaire:1" href="ssg-sle15-ocil.xml"/>
          </check>
        </Rule>
        <Rule id="xccdf_org.ssgproject.content_rule_set_nftables_table" selected="false" role="full" severity="medium">
          <title xmlns:xhtml="http://www.w3.org/1999/xhtml" xml:lang="en-US">Ensure a Table Exists for Nftables</title>
          <description xmlns:xhtml="http://www.w3.org/1999/xhtml" xml:lang="en-US">Tables in nftables hold chains. Each table only has one address family and only applies
to packets of this family. Tables can have one of six families.</description>
          <warning xmlns:xhtml="http://www.w3.org/1999/xhtml" xml:lang="en-US" category="general">Adding or editing rules in a running nftables can cause loss of connectivity to the system.</warning>
          <warning xmlns:xhtml="http://www.w3.org/1999/xhtml" xml:lang="en-US" category="general">Both the SCE check and remediation for this rule only consider runtime settings.
There is no specific file to check as it depends on each site's policy. Therefore, check
and remediation use the nft command directly. The fix is not persistent across system
reboots.</warning>
          <warning xmlns:xhtml="http://www.w3.org/1999/xhtml" xml:lang="en-US" category="functionality">SCE check does not support variables, therefore the SCE check in this rule only checks the
address family, regardless of the table name.</warning>
          <reference href="https://www.cisecurity.org/benchmark/suse_linux/">3.5.2.4</reference>
          <rationale xmlns:xhtml="http://www.w3.org/1999/xhtml" xml:lang="en-US">Nftables doesn't have any default tables. Without a table being built, nftables will not
filter network traffic.</rationale>
          <platform idref="#package_nftables"/>
          <ident system="https://ncp.nist.gov/cce">CCE-92569-3</ident>
          <fix xmlns:xhtml="http://www.w3.org/1999/xhtml" id="set_nftables_table" system="urn:xccdf:fix:script:sh" complexity="low" disruption="low" strategy="restrict"># Remediation is applicable only in certain platforms
if rpm --quiet -q nftables; then

var_nftables_family='<xccdf-1.2:sub xmlns:xccdf-1.2="http://checklists.nist.gov/xccdf/1.2" idref="xccdf_org.ssgproject.content_value_var_nftables_family" use="legacy"/>'

var_nftables_table='<xccdf-1.2:sub xmlns:xccdf-1.2="http://checklists.nist.gov/xccdf/1.2" idref="xccdf_org.ssgproject.content_value_var_nftables_table" use="legacy"/>'


if ! nft list table $var_nftables_family $var_nftables_table; then
  nft create table "$var_nftables_family" "$var_nftables_table"
fi

else
    &gt;&amp;2 echo 'Remediation is not applicable, nothing was done'
fi
</fix>
          <fix xmlns:xhtml="http://www.w3.org/1999/xhtml" id="set_nftables_table" system="urn:xccdf:fix:script:ansible" complexity="low" disruption="low" strategy="restrict">- name: Gather the package facts
  package_facts:
    manager: auto
  tags:
  - CCE-92569-3
  - low_complexity
  - low_disruption
  - medium_severity
  - no_reboot_needed
  - restrict_strategy
  - set_nftables_table
- name: XCCDF Value var_nftables_family # promote to variable
  set_fact:
    var_nftables_family: !!str <xccdf-1.2:sub xmlns:xccdf-1.2="http://checklists.nist.gov/xccdf/1.2" idref="xccdf_org.ssgproject.content_value_var_nftables_family" use="legacy"/>
  tags:
    - always
- name: XCCDF Value var_nftables_table # promote to variable
  set_fact:
    var_nftables_table: !!str <xccdf-1.2:sub xmlns:xccdf-1.2="http://checklists.nist.gov/xccdf/1.2" idref="xccdf_org.ssgproject.content_value_var_nftables_table" use="legacy"/>
  tags:
    - always

- name: Collect Existing Nftables
  ansible.builtin.command: nft list table {{ var_nftables_family }} {{ var_nftables_table
    }}
  register: result_nftables_table_family
  changed_when: false
  failed_when: result_nftables_table_family.rc not in [0, 1]
  when: '"nftables" in ansible_facts.packages'
  tags:
  - CCE-92569-3
  - low_complexity
  - low_disruption
  - medium_severity
  - no_reboot_needed
  - restrict_strategy
  - set_nftables_table

- name: Set Nftable Table
  ansible.builtin.command: nft create table {{ var_nftables_family }} {{ var_nftables_table
    }}
  when:
  - '"nftables" in ansible_facts.packages'
  - result_nftables_table_family is not skipped
  - result_nftables_table_family.rc != 0
  tags:
  - CCE-92569-3
  - low_complexity
  - low_disruption
  - medium_severity
  - no_reboot_needed
  - restrict_strategy
  - set_nftables_table
</fix>
          <check system="http://scap.nist.gov/schema/ocil/2">
            <check-content-ref name="ocil:ssg-set_nftables_table_ocil:questionnaire:1" href="ssg-sle15-ocil.xml"/>
          </check>
        </Rule>
      </Group>
      <Group id="xccdf_org.ssgproject.content_group_network-ufw">
        <title xmlns:xhtml="http://www.w3.org/1999/xhtml" xml:lang="en-US">Uncomplicated Firewall (ufw)</title>
        <description xmlns:xhtml="http://www.w3.org/1999/xhtml" xml:lang="en-US">The Linux kernel in Ubuntu provides a packet filtering system called
netfilter, and the traditional interface for manipulating netfilter are
the iptables suite of commands. iptables provide a complete firewall
solution that is both highly configurable and highly flexible.

Becoming proficient in iptables takes time, and getting started with
netfilter firewalling using only iptables can be a daunting task. As a
result, many frontends for iptables have been created over the years,
each trying to achieve a different result and targeting a different
audience.

The Uncomplicated Firewall (ufw) is a frontend for iptables and is
particularly well-suited for host-based firewalls. ufw provides a
framework for managing netfilter, as well as a command-line interface
for manipulating the firewall. ufw aims to provide an easy to use
interface for people unfamiliar with firewall concepts, while at the
same time simplifies complicated iptables commands to help an
administrator who knows what he or she is doing. ufw is an upstream
for other distributions and graphical frontends.</description>
        <platform idref="#system_with_kernel"/>
        <Rule id="xccdf_org.ssgproject.content_rule_service_ufw_enabled" selected="false" role="full" severity="medium">
          <title xmlns:xhtml="http://www.w3.org/1999/xhtml" xml:lang="en-US">Verify ufw Enabled</title>
          <description xmlns:xhtml="http://www.w3.org/1999/xhtml" xml:lang="en-US">
The <html:code xmlns:html="http://www.w3.org/1999/xhtml">ufw</html:code> service can be enabled with the following command:
<html:pre xmlns:html="http://www.w3.org/1999/xhtml">$ sudo systemctl enable ufw.service</html:pre>
       </description>
          <reference href="https://www.cyber.mil/stigs/downloads/?_dl_facet_stigs=operating-systems%2Cgeneral-purpose-os">SRG-OS-000297-GPOS-00115</reference>
          <rationale xmlns:xhtml="http://www.w3.org/1999/xhtml" xml:lang="en-US">The ufw service must be enabled and running in order for ufw to protect the system</rationale>
          <platform idref="#package_ufw_and_system_with_kernel"/>
          <fix xmlns:xhtml="http://www.w3.org/1999/xhtml" id="service_ufw_enabled" system="urn:xccdf:fix:script:puppet" complexity="low" disruption="low" strategy="enable">include enable_ufw

class enable_ufw {
  service {'ufw':
    enable =&gt; true,
    ensure =&gt; 'running',
  }
}
</fix>
          <fix xmlns:xhtml="http://www.w3.org/1999/xhtml" id="service_ufw_enabled" system="urn:xccdf:fix:script:sh" complexity="low" disruption="low" strategy="enable"># Remediation is applicable only in certain platforms
if rpm --quiet -q kernel-default || rpm --quiet -q kernel-default-base &amp;&amp; { ( rpm --quiet -q ufw &amp;&amp; rpm --quiet -q kernel-default || rpm --quiet -q kernel-default-base ); }; then

SYSTEMCTL_EXEC='/usr/bin/systemctl'
"$SYSTEMCTL_EXEC" unmask 'ufw.service'
if [[ $("$SYSTEMCTL_EXEC" is-system-running) != "offline" ]]; then
  "$SYSTEMCTL_EXEC" start 'ufw.service'
fi
"$SYSTEMCTL_EXEC" enable 'ufw.service'

else
    &gt;&amp;2 echo 'Remediation is not applicable, nothing was done'
fi
</fix>
          <fix xmlns:xhtml="http://www.w3.org/1999/xhtml" id="service_ufw_enabled" system="urn:redhat:osbuild:blueprint">
[customizations.services]
enabled = ["ufw"]
</fix>
          <fix xmlns:xhtml="http://www.w3.org/1999/xhtml" id="service_ufw_enabled" system="urn:xccdf:fix:script:ansible" complexity="low" disruption="low" strategy="enable">- name: Gather the package facts
  package_facts:
    manager: auto
  tags:
  - enable_strategy
  - low_complexity
  - low_disruption
  - medium_severity
  - no_reboot_needed
  - service_ufw_enabled

- name: Verify ufw Enabled - Enable service ufw
  block:

  - name: Gather the package facts
    ansible.builtin.package_facts:
      manager: auto

  - name: Verify ufw Enabled - Enable Service ufw
    ansible.builtin.systemd:
      name: ufw
      enabled: true
      state: started
      masked: false
    when:
    - '"ufw" in ansible_facts.packages'
  tags:
  - enable_strategy
  - low_complexity
  - low_disruption
  - medium_severity
  - no_reboot_needed
  - service_ufw_enabled
  - special_service_block
  when:
  - ("kernel-default" in ansible_facts.packages or "kernel-default-base" in ansible_facts.packages)
  - ( "ufw" in ansible_facts.packages and ("kernel-default" in ansible_facts.packages
    or "kernel-default-base" in ansible_facts.packages) )
</fix>
          <check system="http://open-scap.org/page/SCE">
            <check-import import-name="stdout">
                </check-import>
            <check-content-ref href="sle15/checks/sce/service_ufw_enabled.sh"/>
          </check>
          <check system="http://oval.mitre.org/XMLSchema/oval-definitions-5">
            <check-content-ref name="oval:ssg-service_ufw_enabled:def:1" href="ssg-sle15-oval.xml"/>
          </check>
          <check system="http://scap.nist.gov/schema/ocil/2">
            <check-content-ref name="ocil:ssg-service_ufw_enabled_ocil:questionnaire:1" href="ssg-sle15-ocil.xml"/>
          </check>
        </Rule>
      </Group>
      <Group id="xccdf_org.ssgproject.content_group_network-uncommon">
        <title xmlns:xhtml="http://www.w3.org/1999/xhtml" xml:lang="en-US">Uncommon Network Protocols</title>
        <description xmlns:xhtml="http://www.w3.org/1999/xhtml" xml:lang="en-US">The system includes support for several network protocols which are not commonly used.
Although security vulnerabilities in kernel networking code are not frequently discovered,
the consequences can be dramatic. Ensuring uncommon network protocols are disabled
reduces the system's risk to attacks targeted at its implementation of those protocols.</description>
        <warning xmlns:xhtml="http://www.w3.org/1999/xhtml" xml:lang="en-US" category="general">Although these protocols are not commonly used, avoid disruption
in your network environment by ensuring they are not needed
prior to disabling them.</warning>
        <platform idref="#system_with_kernel"/>
        <Rule id="xccdf_org.ssgproject.content_rule_kernel_module_dccp_disabled" selected="false" role="full" severity="medium">
          <title xmlns:xhtml="http://www.w3.org/1999/xhtml" xml:lang="en-US">Disable DCCP Support</title>
          <description xmlns:xhtml="http://www.w3.org/1999/xhtml" xml:lang="en-US">The Datagram Congestion Control Protocol (DCCP) is a
relatively new transport layer protocol, designed to support
streaming media and telephony.

To configure the system to prevent the <html:code xmlns:html="http://www.w3.org/1999/xhtml">dccp</html:code>
kernel module from being loaded, add the following line to the file <html:code xmlns:html="http://www.w3.org/1999/xhtml">/etc/modprobe.d/dccp.conf</html:code>:
<html:pre xmlns:html="http://www.w3.org/1999/xhtml">install dccp /bin/false</html:pre>
This entry will cause a non-zero return value during a <html:code xmlns:html="http://www.w3.org/1999/xhtml">dccp</html:code> module installation
and additionally convey the meaning of the entry to the user in form of an error message.
If you would like to omit a non-zero return value and an error message, you may want to add a different line instead
(both <html:code xmlns:html="http://www.w3.org/1999/xhtml">/bin/true</html:code> and <html:code xmlns:html="http://www.w3.org/1999/xhtml">/bin/false</html:code> are allowed by OVAL and will be accepted by the scan):
<html:pre xmlns:html="http://www.w3.org/1999/xhtml">install dccp /bin/true</html:pre>
       </description>
          <reference href="https://www.cisecurity.org/controls/">11</reference>
          <reference href="https://www.cisecurity.org/controls/">14</reference>
          <reference href="https://www.cisecurity.org/controls/">3</reference>
          <reference href="https://www.cisecurity.org/controls/">9</reference>
          <reference href="https://www.fbi.gov/file-repository/cjis-security-policy-v5_5_20160601-2-1.pdf">5.10.1</reference>
          <reference href="https://www.isaca.org/resources/cobit">BAI10.01</reference>
          <reference href="https://www.isaca.org/resources/cobit">BAI10.02</reference>
          <reference href="https://www.isaca.org/resources/cobit">BAI10.03</reference>
          <reference href="https://www.isaca.org/resources/cobit">BAI10.05</reference>
          <reference href="https://www.isaca.org/resources/cobit">DSS05.02</reference>
          <reference href="https://www.isaca.org/resources/cobit">DSS05.05</reference>
          <reference href="https://www.isaca.org/resources/cobit">DSS06.06</reference>
          <reference href="http://nvlpubs.nist.gov/nistpubs/SpecialPublications/NIST.SP.800-171.pdf">3.4.6</reference>
          <reference href="https://www.isa.org/products/isa-62443-2-1-2009-security-for-industrial-automat">4.3.3.5.1</reference>
          <reference href="https://www.isa.org/products/isa-62443-2-1-2009-security-for-industrial-automat">4.3.3.5.2</reference>
          <reference href="https://www.isa.org/products/isa-62443-2-1-2009-security-for-industrial-automat">4.3.3.5.3</reference>
          <reference href="https://www.isa.org/products/isa-62443-2-1-2009-security-for-industrial-automat">4.3.3.5.4</reference>
          <reference href="https://www.isa.org/products/isa-62443-2-1-2009-security-for-industrial-automat">4.3.3.5.5</reference>
          <reference href="https://www.isa.org/products/isa-62443-2-1-2009-security-for-industrial-automat">4.3.3.5.6</reference>
          <reference href="https://www.isa.org/products/isa-62443-2-1-2009-security-for-industrial-automat">4.3.3.5.7</reference>
          <reference href="https://www.isa.org/products/isa-62443-2-1-2009-security-for-industrial-automat">4.3.3.5.8</reference>
          <reference href="https://www.isa.org/products/isa-62443-2-1-2009-security-for-industrial-automat">4.3.3.6.1</reference>
          <reference href="https://www.isa.org/products/isa-62443-2-1-2009-security-for-industrial-automat">4.3.3.6.2</reference>
          <reference href="https://www.isa.org/products/isa-62443-2-1-2009-security-for-industrial-automat">4.3.3.6.3</reference>
          <reference href="https://www.isa.org/products/isa-62443-2-1-2009-security-for-industrial-automat">4.3.3.6.4</reference>
          <reference href="https://www.isa.org/products/isa-62443-2-1-2009-security-for-industrial-automat">4.3.3.6.5</reference>
          <reference href="https://www.isa.org/products/isa-62443-2-1-2009-security-for-industrial-automat">4.3.3.6.6</reference>
          <reference href="https://www.isa.org/products/isa-62443-2-1-2009-security-for-industrial-automat">4.3.3.6.7</reference>
          <reference href="https://www.isa.org/products/isa-62443-2-1-2009-security-for-industrial-automat">4.3.3.6.8</reference>
          <reference href="https://www.isa.org/products/isa-62443-2-1-2009-security-for-industrial-automat">4.3.3.6.9</reference>
          <reference href="https://www.isa.org/products/isa-62443-2-1-2009-security-for-industrial-automat">4.3.3.7.1</reference>
          <reference href="https://www.isa.org/products/isa-62443-2-1-2009-security-for-industrial-automat">4.3.3.7.2</reference>
          <reference href="https://www.isa.org/products/isa-62443-2-1-2009-security-for-industrial-automat">4.3.3.7.3</reference>
          <reference href="https://www.isa.org/products/isa-62443-2-1-2009-security-for-industrial-automat">4.3.3.7.4</reference>
          <reference href="https://www.isa.org/products/isa-62443-2-1-2009-security-for-industrial-automat">4.3.4.3.2</reference>
          <reference href="https://www.isa.org/products/isa-62443-2-1-2009-security-for-industrial-automat">4.3.4.3.3</reference>
          <reference href="https://www.isa.org/products/ansi-isa-62443-3-3-99-03-03-2013-security-for-indu">SR 1.1</reference>
          <reference href="https://www.isa.org/products/ansi-isa-62443-3-3-99-03-03-2013-security-for-indu">SR 1.10</reference>
          <reference href="https://www.isa.org/products/ansi-isa-62443-3-3-99-03-03-2013-security-for-indu">SR 1.11</reference>
          <reference href="https://www.isa.org/products/ansi-isa-62443-3-3-99-03-03-2013-security-for-indu">SR 1.12</reference>
          <reference href="https://www.isa.org/products/ansi-isa-62443-3-3-99-03-03-2013-security-for-indu">SR 1.13</reference>
          <reference href="https://www.isa.org/products/ansi-isa-62443-3-3-99-03-03-2013-security-for-indu">SR 1.2</reference>
          <reference href="https://www.isa.org/products/ansi-isa-62443-3-3-99-03-03-2013-security-for-indu">SR 1.3</reference>
          <reference href="https://www.isa.org/products/ansi-isa-62443-3-3-99-03-03-2013-security-for-indu">SR 1.4</reference>
          <reference href="https://www.isa.org/products/ansi-isa-62443-3-3-99-03-03-2013-security-for-indu">SR 1.5</reference>
          <reference href="https://www.isa.org/products/ansi-isa-62443-3-3-99-03-03-2013-security-for-indu">SR 1.6</reference>
          <reference href="https://www.isa.org/products/ansi-isa-62443-3-3-99-03-03-2013-security-for-indu">SR 1.7</reference>
          <reference href="https://www.isa.org/products/ansi-isa-62443-3-3-99-03-03-2013-security-for-indu">SR 1.8</reference>
          <reference href="https://www.isa.org/products/ansi-isa-62443-3-3-99-03-03-2013-security-for-indu">SR 1.9</reference>
          <reference href="https://www.isa.org/products/ansi-isa-62443-3-3-99-03-03-2013-security-for-indu">SR 2.1</reference>
          <reference href="https://www.isa.org/products/ansi-isa-62443-3-3-99-03-03-2013-security-for-indu">SR 2.2</reference>
          <reference href="https://www.isa.org/products/ansi-isa-62443-3-3-99-03-03-2013-security-for-indu">SR 2.3</reference>
          <reference href="https://www.isa.org/products/ansi-isa-62443-3-3-99-03-03-2013-security-for-indu">SR 2.4</reference>
          <reference href="https://www.isa.org/products/ansi-isa-62443-3-3-99-03-03-2013-security-for-indu">SR 2.5</reference>
          <reference href="https://www.isa.org/products/ansi-isa-62443-3-3-99-03-03-2013-security-for-indu">SR 2.6</reference>
          <reference href="https://www.isa.org/products/ansi-isa-62443-3-3-99-03-03-2013-security-for-indu">SR 2.7</reference>
          <reference href="https://www.isa.org/products/ansi-isa-62443-3-3-99-03-03-2013-security-for-indu">SR 7.6</reference>
          <reference href="https://www.iso.org/contents/data/standard/05/45/54534.html">A.12.1.2</reference>
          <reference href="https://www.iso.org/contents/data/standard/05/45/54534.html">A.12.5.1</reference>
          <reference href="https://www.iso.org/contents/data/standard/05/45/54534.html">A.12.6.2</reference>
          <reference href="https://www.iso.org/contents/data/standard/05/45/54534.html">A.14.2.2</reference>
          <reference href="https://www.iso.org/contents/data/standard/05/45/54534.html">A.14.2.3</reference>
          <reference href="https://www.iso.org/contents/data/standard/05/45/54534.html">A.14.2.4</reference>
          <reference href="https://www.iso.org/contents/data/standard/05/45/54534.html">A.9.1.2</reference>
          <reference href="http://nvlpubs.nist.gov/nistpubs/SpecialPublications/NIST.SP.800-53r4.pdf">CM-7(a)</reference>
          <reference href="http://nvlpubs.nist.gov/nistpubs/SpecialPublications/NIST.SP.800-53r4.pdf">CM-7(b)</reference>
          <reference href="http://nvlpubs.nist.gov/nistpubs/SpecialPublications/NIST.SP.800-53r4.pdf">CM-6(a)</reference>
          <reference href="https://nvlpubs.nist.gov/nistpubs/CSWP/NIST.CSWP.04162018.pdf">PR.IP-1</reference>
          <reference href="https://nvlpubs.nist.gov/nistpubs/CSWP/NIST.CSWP.04162018.pdf">PR.PT-3</reference>
          <reference href="https://www.pcisecuritystandards.org/documents/PCI_DSS_v3-2-1.pdf">Req-1.4.2</reference>
          <reference href="https://www.cyber.mil/stigs/downloads/?_dl_facet_stigs=operating-systems%2Cgeneral-purpose-os">SRG-OS-000096-GPOS-00050</reference>
          <reference href="https://www.cyber.mil/stigs/downloads/?_dl_facet_stigs=operating-systems%2Cgeneral-purpose-os">SRG-OS-000378-GPOS-00163</reference>
          <reference href="https://www.cisecurity.org/benchmark/suse_linux/">3.4.1</reference>
          <reference href="not_publicly_available">SLES-15-450300015</reference>
          <reference href="https://docs-prv.pcisecuritystandards.org/PCI%20DSS/Standard/PCI-DSS-v4_0.pdf">1.4.2</reference>
          <reference href="https://docs-prv.pcisecuritystandards.org/PCI%20DSS/Standard/PCI-DSS-v4_0.pdf">1.4</reference>
          <rationale xmlns:xhtml="http://www.w3.org/1999/xhtml" xml:lang="en-US">Disabling DCCP protects
the system against exploitation of any flaws in its implementation.</rationale>
          <ident system="https://ncp.nist.gov/cce">CCE-91241-0</ident>
          <fix xmlns:xhtml="http://www.w3.org/1999/xhtml" id="kernel_module_dccp_disabled" system="urn:xccdf:fix:script:sh" reboot="true" complexity="low" disruption="medium" strategy="disable"># Remediation is applicable only in certain platforms
if rpm --quiet -q kernel-default || rpm --quiet -q kernel-default-base; then

if LC_ALL=C grep -q -m 1 "^install dccp" /etc/modprobe.d/dccp.conf ; then
	
	sed -i 's#^install dccp.*#install dccp /bin/false#g' /etc/modprobe.d/dccp.conf
else
	echo -e "\n# Disable per security requirements" &gt;&gt; /etc/modprobe.d/dccp.conf
	echo "install dccp /bin/false" &gt;&gt; /etc/modprobe.d/dccp.conf
fi

if ! LC_ALL=C grep -q -m 1 "^blacklist dccp$" /etc/modprobe.d/dccp.conf ; then
	echo "blacklist dccp" &gt;&gt; /etc/modprobe.d/dccp.conf
fi

else
    &gt;&amp;2 echo 'Remediation is not applicable, nothing was done'
fi
</fix>
          <fix xmlns:xhtml="http://www.w3.org/1999/xhtml" id="kernel_module_dccp_disabled" system="urn:xccdf:fix:script:ansible" reboot="true" complexity="low" disruption="medium" strategy="disable">- name: Gather the package facts
  package_facts:
    manager: auto
  tags:
  - CCE-91241-0
  - CJIS-5.10.1
  - NIST-800-171-3.4.6
  - NIST-800-53-CM-6(a)
  - NIST-800-53-CM-7(a)
  - NIST-800-53-CM-7(b)
  - PCI-DSS-Req-1.4.2
  - PCI-DSSv4-1.4
  - PCI-DSSv4-1.4.2
  - disable_strategy
  - kernel_module_dccp_disabled
  - low_complexity
  - medium_disruption
  - medium_severity
  - reboot_required

- name: Ensure kernel module 'dccp' is disabled
  ansible.builtin.lineinfile:
    create: true
    dest: /etc/modprobe.d/dccp.conf
    regexp: install\s+dccp
    line: install dccp /bin/false
  when: ("kernel-default" in ansible_facts.packages or "kernel-default-base" in ansible_facts.packages)
  tags:
  - CCE-91241-0
  - CJIS-5.10.1
  - NIST-800-171-3.4.6
  - NIST-800-53-CM-6(a)
  - NIST-800-53-CM-7(a)
  - NIST-800-53-CM-7(b)
  - PCI-DSS-Req-1.4.2
  - PCI-DSSv4-1.4
  - PCI-DSSv4-1.4.2
  - disable_strategy
  - kernel_module_dccp_disabled
  - low_complexity
  - medium_disruption
  - medium_severity
  - reboot_required

- name: Ensure kernel module 'dccp' is blacklisted
  ansible.builtin.lineinfile:
    create: true
    dest: /etc/modprobe.d/dccp.conf
    regexp: ^blacklist dccp$
    line: blacklist dccp
  when: ("kernel-default" in ansible_facts.packages or "kernel-default-base" in ansible_facts.packages)
  tags:
  - CCE-91241-0
  - CJIS-5.10.1
  - NIST-800-171-3.4.6
  - NIST-800-53-CM-6(a)
  - NIST-800-53-CM-7(a)
  - NIST-800-53-CM-7(b)
  - PCI-DSS-Req-1.4.2
  - PCI-DSSv4-1.4
  - PCI-DSSv4-1.4.2
  - disable_strategy
  - kernel_module_dccp_disabled
  - low_complexity
  - medium_disruption
  - medium_severity
  - reboot_required
</fix>
          <check system="http://oval.mitre.org/XMLSchema/oval-definitions-5">
            <check-content-ref name="oval:ssg-kernel_module_dccp_disabled:def:1" href="ssg-sle15-oval.xml"/>
          </check>
          <check system="http://scap.nist.gov/schema/ocil/2">
            <check-content-ref name="ocil:ssg-kernel_module_dccp_disabled_ocil:questionnaire:1" href="ssg-sle15-ocil.xml"/>
          </check>
        </Rule>
        <Rule id="xccdf_org.ssgproject.content_rule_kernel_module_rds_disabled" selected="false" role="full" severity="low">
          <title xmlns:xhtml="http://www.w3.org/1999/xhtml" xml:lang="en-US">Disable RDS Support</title>
          <description xmlns:xhtml="http://www.w3.org/1999/xhtml" xml:lang="en-US">The Reliable Datagram Sockets (RDS) protocol is a transport
layer protocol designed to provide reliable high-bandwidth,
low-latency communications between nodes in a cluster.

To configure the system to prevent the <html:code xmlns:html="http://www.w3.org/1999/xhtml">rds</html:code>
kernel module from being loaded, add the following line to the file <html:code xmlns:html="http://www.w3.org/1999/xhtml">/etc/modprobe.d/rds.conf</html:code>:
<html:pre xmlns:html="http://www.w3.org/1999/xhtml">install rds /bin/false</html:pre>
This entry will cause a non-zero return value during a <html:code xmlns:html="http://www.w3.org/1999/xhtml">rds</html:code> module installation
and additionally convey the meaning of the entry to the user in form of an error message.
If you would like to omit a non-zero return value and an error message, you may want to add a different line instead
(both <html:code xmlns:html="http://www.w3.org/1999/xhtml">/bin/true</html:code> and <html:code xmlns:html="http://www.w3.org/1999/xhtml">/bin/false</html:code> are allowed by OVAL and will be accepted by the scan):
<html:pre xmlns:html="http://www.w3.org/1999/xhtml">install rds /bin/true</html:pre>
       </description>
          <reference href="https://www.cisecurity.org/controls/">11</reference>
          <reference href="https://www.cisecurity.org/controls/">14</reference>
          <reference href="https://www.cisecurity.org/controls/">3</reference>
          <reference href="https://www.cisecurity.org/controls/">9</reference>
          <reference href="https://www.isaca.org/resources/cobit">BAI10.01</reference>
          <reference href="https://www.isaca.org/resources/cobit">BAI10.02</reference>
          <reference href="https://www.isaca.org/resources/cobit">BAI10.03</reference>
          <reference href="https://www.isaca.org/resources/cobit">BAI10.05</reference>
          <reference href="https://www.isaca.org/resources/cobit">DSS05.02</reference>
          <reference href="https://www.isaca.org/resources/cobit">DSS05.05</reference>
          <reference href="https://www.isaca.org/resources/cobit">DSS06.06</reference>
          <reference href="https://www.isa.org/products/isa-62443-2-1-2009-security-for-industrial-automat">4.3.3.5.1</reference>
          <reference href="https://www.isa.org/products/isa-62443-2-1-2009-security-for-industrial-automat">4.3.3.5.2</reference>
          <reference href="https://www.isa.org/products/isa-62443-2-1-2009-security-for-industrial-automat">4.3.3.5.3</reference>
          <reference href="https://www.isa.org/products/isa-62443-2-1-2009-security-for-industrial-automat">4.3.3.5.4</reference>
          <reference href="https://www.isa.org/products/isa-62443-2-1-2009-security-for-industrial-automat">4.3.3.5.5</reference>
          <reference href="https://www.isa.org/products/isa-62443-2-1-2009-security-for-industrial-automat">4.3.3.5.6</reference>
          <reference href="https://www.isa.org/products/isa-62443-2-1-2009-security-for-industrial-automat">4.3.3.5.7</reference>
          <reference href="https://www.isa.org/products/isa-62443-2-1-2009-security-for-industrial-automat">4.3.3.5.8</reference>
          <reference href="https://www.isa.org/products/isa-62443-2-1-2009-security-for-industrial-automat">4.3.3.6.1</reference>
          <reference href="https://www.isa.org/products/isa-62443-2-1-2009-security-for-industrial-automat">4.3.3.6.2</reference>
          <reference href="https://www.isa.org/products/isa-62443-2-1-2009-security-for-industrial-automat">4.3.3.6.3</reference>
          <reference href="https://www.isa.org/products/isa-62443-2-1-2009-security-for-industrial-automat">4.3.3.6.4</reference>
          <reference href="https://www.isa.org/products/isa-62443-2-1-2009-security-for-industrial-automat">4.3.3.6.5</reference>
          <reference href="https://www.isa.org/products/isa-62443-2-1-2009-security-for-industrial-automat">4.3.3.6.6</reference>
          <reference href="https://www.isa.org/products/isa-62443-2-1-2009-security-for-industrial-automat">4.3.3.6.7</reference>
          <reference href="https://www.isa.org/products/isa-62443-2-1-2009-security-for-industrial-automat">4.3.3.6.8</reference>
          <reference href="https://www.isa.org/products/isa-62443-2-1-2009-security-for-industrial-automat">4.3.3.6.9</reference>
          <reference href="https://www.isa.org/products/isa-62443-2-1-2009-security-for-industrial-automat">4.3.3.7.1</reference>
          <reference href="https://www.isa.org/products/isa-62443-2-1-2009-security-for-industrial-automat">4.3.3.7.2</reference>
          <reference href="https://www.isa.org/products/isa-62443-2-1-2009-security-for-industrial-automat">4.3.3.7.3</reference>
          <reference href="https://www.isa.org/products/isa-62443-2-1-2009-security-for-industrial-automat">4.3.3.7.4</reference>
          <reference href="https://www.isa.org/products/isa-62443-2-1-2009-security-for-industrial-automat">4.3.4.3.2</reference>
          <reference href="https://www.isa.org/products/isa-62443-2-1-2009-security-for-industrial-automat">4.3.4.3.3</reference>
          <reference href="https://www.isa.org/products/ansi-isa-62443-3-3-99-03-03-2013-security-for-indu">SR 1.1</reference>
          <reference href="https://www.isa.org/products/ansi-isa-62443-3-3-99-03-03-2013-security-for-indu">SR 1.10</reference>
          <reference href="https://www.isa.org/products/ansi-isa-62443-3-3-99-03-03-2013-security-for-indu">SR 1.11</reference>
          <reference href="https://www.isa.org/products/ansi-isa-62443-3-3-99-03-03-2013-security-for-indu">SR 1.12</reference>
          <reference href="https://www.isa.org/products/ansi-isa-62443-3-3-99-03-03-2013-security-for-indu">SR 1.13</reference>
          <reference href="https://www.isa.org/products/ansi-isa-62443-3-3-99-03-03-2013-security-for-indu">SR 1.2</reference>
          <reference href="https://www.isa.org/products/ansi-isa-62443-3-3-99-03-03-2013-security-for-indu">SR 1.3</reference>
          <reference href="https://www.isa.org/products/ansi-isa-62443-3-3-99-03-03-2013-security-for-indu">SR 1.4</reference>
          <reference href="https://www.isa.org/products/ansi-isa-62443-3-3-99-03-03-2013-security-for-indu">SR 1.5</reference>
          <reference href="https://www.isa.org/products/ansi-isa-62443-3-3-99-03-03-2013-security-for-indu">SR 1.6</reference>
          <reference href="https://www.isa.org/products/ansi-isa-62443-3-3-99-03-03-2013-security-for-indu">SR 1.7</reference>
          <reference href="https://www.isa.org/products/ansi-isa-62443-3-3-99-03-03-2013-security-for-indu">SR 1.8</reference>
          <reference href="https://www.isa.org/products/ansi-isa-62443-3-3-99-03-03-2013-security-for-indu">SR 1.9</reference>
          <reference href="https://www.isa.org/products/ansi-isa-62443-3-3-99-03-03-2013-security-for-indu">SR 2.1</reference>
          <reference href="https://www.isa.org/products/ansi-isa-62443-3-3-99-03-03-2013-security-for-indu">SR 2.2</reference>
          <reference href="https://www.isa.org/products/ansi-isa-62443-3-3-99-03-03-2013-security-for-indu">SR 2.3</reference>
          <reference href="https://www.isa.org/products/ansi-isa-62443-3-3-99-03-03-2013-security-for-indu">SR 2.4</reference>
          <reference href="https://www.isa.org/products/ansi-isa-62443-3-3-99-03-03-2013-security-for-indu">SR 2.5</reference>
          <reference href="https://www.isa.org/products/ansi-isa-62443-3-3-99-03-03-2013-security-for-indu">SR 2.6</reference>
          <reference href="https://www.isa.org/products/ansi-isa-62443-3-3-99-03-03-2013-security-for-indu">SR 2.7</reference>
          <reference href="https://www.isa.org/products/ansi-isa-62443-3-3-99-03-03-2013-security-for-indu">SR 7.6</reference>
          <reference href="https://www.iso.org/contents/data/standard/05/45/54534.html">A.12.1.2</reference>
          <reference href="https://www.iso.org/contents/data/standard/05/45/54534.html">A.12.5.1</reference>
          <reference href="https://www.iso.org/contents/data/standard/05/45/54534.html">A.12.6.2</reference>
          <reference href="https://www.iso.org/contents/data/standard/05/45/54534.html">A.14.2.2</reference>
          <reference href="https://www.iso.org/contents/data/standard/05/45/54534.html">A.14.2.3</reference>
          <reference href="https://www.iso.org/contents/data/standard/05/45/54534.html">A.14.2.4</reference>
          <reference href="https://www.iso.org/contents/data/standard/05/45/54534.html">A.9.1.2</reference>
          <reference href="http://nvlpubs.nist.gov/nistpubs/SpecialPublications/NIST.SP.800-53r4.pdf">CM-7(a)</reference>
          <reference href="http://nvlpubs.nist.gov/nistpubs/SpecialPublications/NIST.SP.800-53r4.pdf">CM-7(b)</reference>
          <reference href="http://nvlpubs.nist.gov/nistpubs/SpecialPublications/NIST.SP.800-53r4.pdf">CM-6(a)</reference>
          <reference href="https://nvlpubs.nist.gov/nistpubs/CSWP/NIST.CSWP.04162018.pdf">PR.IP-1</reference>
          <reference href="https://nvlpubs.nist.gov/nistpubs/CSWP/NIST.CSWP.04162018.pdf">PR.PT-3</reference>
          <reference href="not_publicly_available">SLES-15-450300045</reference>
          <rationale xmlns:xhtml="http://www.w3.org/1999/xhtml" xml:lang="en-US">Disabling RDS protects
the system against exploitation of any flaws in its implementation.</rationale>
          <ident system="https://ncp.nist.gov/cce">CCE-92580-0</ident>
          <fix xmlns:xhtml="http://www.w3.org/1999/xhtml" id="kernel_module_rds_disabled" system="urn:xccdf:fix:script:sh" reboot="true" complexity="low" disruption="medium" strategy="disable"># Remediation is applicable only in certain platforms
if rpm --quiet -q kernel-default || rpm --quiet -q kernel-default-base; then

if LC_ALL=C grep -q -m 1 "^install rds" /etc/modprobe.d/rds.conf ; then
	
	sed -i 's#^install rds.*#install rds /bin/false#g' /etc/modprobe.d/rds.conf
else
	echo -e "\n# Disable per security requirements" &gt;&gt; /etc/modprobe.d/rds.conf
	echo "install rds /bin/false" &gt;&gt; /etc/modprobe.d/rds.conf
fi

if ! LC_ALL=C grep -q -m 1 "^blacklist rds$" /etc/modprobe.d/rds.conf ; then
	echo "blacklist rds" &gt;&gt; /etc/modprobe.d/rds.conf
fi

else
    &gt;&amp;2 echo 'Remediation is not applicable, nothing was done'
fi
</fix>
          <fix xmlns:xhtml="http://www.w3.org/1999/xhtml" id="kernel_module_rds_disabled" system="urn:xccdf:fix:script:ansible" reboot="true" complexity="low" disruption="medium" strategy="disable">- name: Gather the package facts
  package_facts:
    manager: auto
  tags:
  - CCE-92580-0
  - NIST-800-53-CM-6(a)
  - NIST-800-53-CM-7(a)
  - NIST-800-53-CM-7(b)
  - disable_strategy
  - kernel_module_rds_disabled
  - low_complexity
  - low_severity
  - medium_disruption
  - reboot_required

- name: Ensure kernel module 'rds' is disabled
  ansible.builtin.lineinfile:
    create: true
    dest: /etc/modprobe.d/rds.conf
    regexp: install\s+rds
    line: install rds /bin/false
  when: ("kernel-default" in ansible_facts.packages or "kernel-default-base" in ansible_facts.packages)
  tags:
  - CCE-92580-0
  - NIST-800-53-CM-6(a)
  - NIST-800-53-CM-7(a)
  - NIST-800-53-CM-7(b)
  - disable_strategy
  - kernel_module_rds_disabled
  - low_complexity
  - low_severity
  - medium_disruption
  - reboot_required

- name: Ensure kernel module 'rds' is blacklisted
  ansible.builtin.lineinfile:
    create: true
    dest: /etc/modprobe.d/rds.conf
    regexp: ^blacklist rds$
    line: blacklist rds
  when: ("kernel-default" in ansible_facts.packages or "kernel-default-base" in ansible_facts.packages)
  tags:
  - CCE-92580-0
  - NIST-800-53-CM-6(a)
  - NIST-800-53-CM-7(a)
  - NIST-800-53-CM-7(b)
  - disable_strategy
  - kernel_module_rds_disabled
  - low_complexity
  - low_severity
  - medium_disruption
  - reboot_required
</fix>
          <check system="http://oval.mitre.org/XMLSchema/oval-definitions-5">
            <check-content-ref name="oval:ssg-kernel_module_rds_disabled:def:1" href="ssg-sle15-oval.xml"/>
          </check>
          <check system="http://scap.nist.gov/schema/ocil/2">
            <check-content-ref name="ocil:ssg-kernel_module_rds_disabled_ocil:questionnaire:1" href="ssg-sle15-ocil.xml"/>
          </check>
        </Rule>
        <Rule id="xccdf_org.ssgproject.content_rule_kernel_module_sctp_disabled" selected="false" role="full" severity="medium">
          <title xmlns:xhtml="http://www.w3.org/1999/xhtml" xml:lang="en-US">Disable SCTP Support</title>
          <description xmlns:xhtml="http://www.w3.org/1999/xhtml" xml:lang="en-US">The Stream Control Transmission Protocol (SCTP) is a
transport layer protocol, designed to support the idea of
message-oriented communication, with several streams of messages
within one connection.

To configure the system to prevent the <html:code xmlns:html="http://www.w3.org/1999/xhtml">sctp</html:code>
kernel module from being loaded, add the following line to the file <html:code xmlns:html="http://www.w3.org/1999/xhtml">/etc/modprobe.d/sctp.conf</html:code>:
<html:pre xmlns:html="http://www.w3.org/1999/xhtml">install sctp /bin/false</html:pre>
This entry will cause a non-zero return value during a <html:code xmlns:html="http://www.w3.org/1999/xhtml">sctp</html:code> module installation
and additionally convey the meaning of the entry to the user in form of an error message.
If you would like to omit a non-zero return value and an error message, you may want to add a different line instead
(both <html:code xmlns:html="http://www.w3.org/1999/xhtml">/bin/true</html:code> and <html:code xmlns:html="http://www.w3.org/1999/xhtml">/bin/false</html:code> are allowed by OVAL and will be accepted by the scan):
<html:pre xmlns:html="http://www.w3.org/1999/xhtml">install sctp /bin/true</html:pre>
       </description>
          <reference href="https://www.cisecurity.org/controls/">11</reference>
          <reference href="https://www.cisecurity.org/controls/">14</reference>
          <reference href="https://www.cisecurity.org/controls/">3</reference>
          <reference href="https://www.cisecurity.org/controls/">9</reference>
          <reference href="https://www.fbi.gov/file-repository/cjis-security-policy-v5_5_20160601-2-1.pdf">5.10.1</reference>
          <reference href="https://www.isaca.org/resources/cobit">BAI10.01</reference>
          <reference href="https://www.isaca.org/resources/cobit">BAI10.02</reference>
          <reference href="https://www.isaca.org/resources/cobit">BAI10.03</reference>
          <reference href="https://www.isaca.org/resources/cobit">BAI10.05</reference>
          <reference href="https://www.isaca.org/resources/cobit">DSS05.02</reference>
          <reference href="https://www.isaca.org/resources/cobit">DSS05.05</reference>
          <reference href="https://www.isaca.org/resources/cobit">DSS06.06</reference>
          <reference href="http://nvlpubs.nist.gov/nistpubs/SpecialPublications/NIST.SP.800-171.pdf">3.4.6</reference>
          <reference href="https://www.isa.org/products/isa-62443-2-1-2009-security-for-industrial-automat">4.3.3.5.1</reference>
          <reference href="https://www.isa.org/products/isa-62443-2-1-2009-security-for-industrial-automat">4.3.3.5.2</reference>
          <reference href="https://www.isa.org/products/isa-62443-2-1-2009-security-for-industrial-automat">4.3.3.5.3</reference>
          <reference href="https://www.isa.org/products/isa-62443-2-1-2009-security-for-industrial-automat">4.3.3.5.4</reference>
          <reference href="https://www.isa.org/products/isa-62443-2-1-2009-security-for-industrial-automat">4.3.3.5.5</reference>
          <reference href="https://www.isa.org/products/isa-62443-2-1-2009-security-for-industrial-automat">4.3.3.5.6</reference>
          <reference href="https://www.isa.org/products/isa-62443-2-1-2009-security-for-industrial-automat">4.3.3.5.7</reference>
          <reference href="https://www.isa.org/products/isa-62443-2-1-2009-security-for-industrial-automat">4.3.3.5.8</reference>
          <reference href="https://www.isa.org/products/isa-62443-2-1-2009-security-for-industrial-automat">4.3.3.6.1</reference>
          <reference href="https://www.isa.org/products/isa-62443-2-1-2009-security-for-industrial-automat">4.3.3.6.2</reference>
          <reference href="https://www.isa.org/products/isa-62443-2-1-2009-security-for-industrial-automat">4.3.3.6.3</reference>
          <reference href="https://www.isa.org/products/isa-62443-2-1-2009-security-for-industrial-automat">4.3.3.6.4</reference>
          <reference href="https://www.isa.org/products/isa-62443-2-1-2009-security-for-industrial-automat">4.3.3.6.5</reference>
          <reference href="https://www.isa.org/products/isa-62443-2-1-2009-security-for-industrial-automat">4.3.3.6.6</reference>
          <reference href="https://www.isa.org/products/isa-62443-2-1-2009-security-for-industrial-automat">4.3.3.6.7</reference>
          <reference href="https://www.isa.org/products/isa-62443-2-1-2009-security-for-industrial-automat">4.3.3.6.8</reference>
          <reference href="https://www.isa.org/products/isa-62443-2-1-2009-security-for-industrial-automat">4.3.3.6.9</reference>
          <reference href="https://www.isa.org/products/isa-62443-2-1-2009-security-for-industrial-automat">4.3.3.7.1</reference>
          <reference href="https://www.isa.org/products/isa-62443-2-1-2009-security-for-industrial-automat">4.3.3.7.2</reference>
          <reference href="https://www.isa.org/products/isa-62443-2-1-2009-security-for-industrial-automat">4.3.3.7.3</reference>
          <reference href="https://www.isa.org/products/isa-62443-2-1-2009-security-for-industrial-automat">4.3.3.7.4</reference>
          <reference href="https://www.isa.org/products/isa-62443-2-1-2009-security-for-industrial-automat">4.3.4.3.2</reference>
          <reference href="https://www.isa.org/products/isa-62443-2-1-2009-security-for-industrial-automat">4.3.4.3.3</reference>
          <reference href="https://www.isa.org/products/ansi-isa-62443-3-3-99-03-03-2013-security-for-indu">SR 1.1</reference>
          <reference href="https://www.isa.org/products/ansi-isa-62443-3-3-99-03-03-2013-security-for-indu">SR 1.10</reference>
          <reference href="https://www.isa.org/products/ansi-isa-62443-3-3-99-03-03-2013-security-for-indu">SR 1.11</reference>
          <reference href="https://www.isa.org/products/ansi-isa-62443-3-3-99-03-03-2013-security-for-indu">SR 1.12</reference>
          <reference href="https://www.isa.org/products/ansi-isa-62443-3-3-99-03-03-2013-security-for-indu">SR 1.13</reference>
          <reference href="https://www.isa.org/products/ansi-isa-62443-3-3-99-03-03-2013-security-for-indu">SR 1.2</reference>
          <reference href="https://www.isa.org/products/ansi-isa-62443-3-3-99-03-03-2013-security-for-indu">SR 1.3</reference>
          <reference href="https://www.isa.org/products/ansi-isa-62443-3-3-99-03-03-2013-security-for-indu">SR 1.4</reference>
          <reference href="https://www.isa.org/products/ansi-isa-62443-3-3-99-03-03-2013-security-for-indu">SR 1.5</reference>
          <reference href="https://www.isa.org/products/ansi-isa-62443-3-3-99-03-03-2013-security-for-indu">SR 1.6</reference>
          <reference href="https://www.isa.org/products/ansi-isa-62443-3-3-99-03-03-2013-security-for-indu">SR 1.7</reference>
          <reference href="https://www.isa.org/products/ansi-isa-62443-3-3-99-03-03-2013-security-for-indu">SR 1.8</reference>
          <reference href="https://www.isa.org/products/ansi-isa-62443-3-3-99-03-03-2013-security-for-indu">SR 1.9</reference>
          <reference href="https://www.isa.org/products/ansi-isa-62443-3-3-99-03-03-2013-security-for-indu">SR 2.1</reference>
          <reference href="https://www.isa.org/products/ansi-isa-62443-3-3-99-03-03-2013-security-for-indu">SR 2.2</reference>
          <reference href="https://www.isa.org/products/ansi-isa-62443-3-3-99-03-03-2013-security-for-indu">SR 2.3</reference>
          <reference href="https://www.isa.org/products/ansi-isa-62443-3-3-99-03-03-2013-security-for-indu">SR 2.4</reference>
          <reference href="https://www.isa.org/products/ansi-isa-62443-3-3-99-03-03-2013-security-for-indu">SR 2.5</reference>
          <reference href="https://www.isa.org/products/ansi-isa-62443-3-3-99-03-03-2013-security-for-indu">SR 2.6</reference>
          <reference href="https://www.isa.org/products/ansi-isa-62443-3-3-99-03-03-2013-security-for-indu">SR 2.7</reference>
          <reference href="https://www.isa.org/products/ansi-isa-62443-3-3-99-03-03-2013-security-for-indu">SR 7.6</reference>
          <reference href="https://www.iso.org/contents/data/standard/05/45/54534.html">A.12.1.2</reference>
          <reference href="https://www.iso.org/contents/data/standard/05/45/54534.html">A.12.5.1</reference>
          <reference href="https://www.iso.org/contents/data/standard/05/45/54534.html">A.12.6.2</reference>
          <reference href="https://www.iso.org/contents/data/standard/05/45/54534.html">A.14.2.2</reference>
          <reference href="https://www.iso.org/contents/data/standard/05/45/54534.html">A.14.2.3</reference>
          <reference href="https://www.iso.org/contents/data/standard/05/45/54534.html">A.14.2.4</reference>
          <reference href="https://www.iso.org/contents/data/standard/05/45/54534.html">A.9.1.2</reference>
          <reference href="http://nvlpubs.nist.gov/nistpubs/SpecialPublications/NIST.SP.800-53r4.pdf">CM-7(a)</reference>
          <reference href="http://nvlpubs.nist.gov/nistpubs/SpecialPublications/NIST.SP.800-53r4.pdf">CM-7(b)</reference>
          <reference href="http://nvlpubs.nist.gov/nistpubs/SpecialPublications/NIST.SP.800-53r4.pdf">CM-6(a)</reference>
          <reference href="https://nvlpubs.nist.gov/nistpubs/CSWP/NIST.CSWP.04162018.pdf">PR.IP-1</reference>
          <reference href="https://nvlpubs.nist.gov/nistpubs/CSWP/NIST.CSWP.04162018.pdf">PR.PT-3</reference>
          <reference href="https://www.niap-ccevs.org/Profile/PP.cfm">FMT_SMF_EXT.1</reference>
          <reference href="https://www.pcisecuritystandards.org/documents/PCI_DSS_v3-2-1.pdf">Req-1.4.2</reference>
          <reference href="https://www.cyber.mil/stigs/downloads/?_dl_facet_stigs=operating-systems%2Cgeneral-purpose-os">SRG-OS-000095-GPOS-00049</reference>
          <reference href="https://www.cyber.mil/stigs/downloads/?_dl_facet_stigs=operating-systems%2Cgeneral-purpose-os">SRG-OS-000480-GPOS-00227</reference>
          <reference href="https://www.cisecurity.org/benchmark/suse_linux/">3.4.2</reference>
          <reference href="not_publicly_available">SLES-15-450300060</reference>
          <reference href="https://docs-prv.pcisecuritystandards.org/PCI%20DSS/Standard/PCI-DSS-v4_0.pdf">1.4.2</reference>
          <reference href="https://docs-prv.pcisecuritystandards.org/PCI%20DSS/Standard/PCI-DSS-v4_0.pdf">1.4</reference>
          <rationale xmlns:xhtml="http://www.w3.org/1999/xhtml" xml:lang="en-US">Disabling SCTP protects
the system against exploitation of any flaws in its implementation.</rationale>
          <ident system="https://ncp.nist.gov/cce">CCE-91242-8</ident>
          <fix xmlns:xhtml="http://www.w3.org/1999/xhtml" id="kernel_module_sctp_disabled" system="urn:xccdf:fix:script:sh" reboot="true" complexity="low" disruption="medium" strategy="disable"># Remediation is applicable only in certain platforms
if rpm --quiet -q kernel-default || rpm --quiet -q kernel-default-base; then

if LC_ALL=C grep -q -m 1 "^install sctp" /etc/modprobe.d/sctp.conf ; then
	
	sed -i 's#^install sctp.*#install sctp /bin/false#g' /etc/modprobe.d/sctp.conf
else
	echo -e "\n# Disable per security requirements" &gt;&gt; /etc/modprobe.d/sctp.conf
	echo "install sctp /bin/false" &gt;&gt; /etc/modprobe.d/sctp.conf
fi

if ! LC_ALL=C grep -q -m 1 "^blacklist sctp$" /etc/modprobe.d/sctp.conf ; then
	echo "blacklist sctp" &gt;&gt; /etc/modprobe.d/sctp.conf
fi

else
    &gt;&amp;2 echo 'Remediation is not applicable, nothing was done'
fi
</fix>
          <fix xmlns:xhtml="http://www.w3.org/1999/xhtml" id="kernel_module_sctp_disabled" system="urn:xccdf:fix:script:ansible" reboot="true" complexity="low" disruption="medium" strategy="disable">- name: Gather the package facts
  package_facts:
    manager: auto
  tags:
  - CCE-91242-8
  - CJIS-5.10.1
  - NIST-800-171-3.4.6
  - NIST-800-53-CM-6(a)
  - NIST-800-53-CM-7(a)
  - NIST-800-53-CM-7(b)
  - PCI-DSS-Req-1.4.2
  - PCI-DSSv4-1.4
  - PCI-DSSv4-1.4.2
  - disable_strategy
  - kernel_module_sctp_disabled
  - low_complexity
  - medium_disruption
  - medium_severity
  - reboot_required

- name: Ensure kernel module 'sctp' is disabled
  ansible.builtin.lineinfile:
    create: true
    dest: /etc/modprobe.d/sctp.conf
    regexp: install\s+sctp
    line: install sctp /bin/false
  when: ("kernel-default" in ansible_facts.packages or "kernel-default-base" in ansible_facts.packages)
  tags:
  - CCE-91242-8
  - CJIS-5.10.1
  - NIST-800-171-3.4.6
  - NIST-800-53-CM-6(a)
  - NIST-800-53-CM-7(a)
  - NIST-800-53-CM-7(b)
  - PCI-DSS-Req-1.4.2
  - PCI-DSSv4-1.4
  - PCI-DSSv4-1.4.2
  - disable_strategy
  - kernel_module_sctp_disabled
  - low_complexity
  - medium_disruption
  - medium_severity
  - reboot_required

- name: Ensure kernel module 'sctp' is blacklisted
  ansible.builtin.lineinfile:
    create: true
    dest: /etc/modprobe.d/sctp.conf
    regexp: ^blacklist sctp$
    line: blacklist sctp
  when: ("kernel-default" in ansible_facts.packages or "kernel-default-base" in ansible_facts.packages)
  tags:
  - CCE-91242-8
  - CJIS-5.10.1
  - NIST-800-171-3.4.6
  - NIST-800-53-CM-6(a)
  - NIST-800-53-CM-7(a)
  - NIST-800-53-CM-7(b)
  - PCI-DSS-Req-1.4.2
  - PCI-DSSv4-1.4
  - PCI-DSSv4-1.4.2
  - disable_strategy
  - kernel_module_sctp_disabled
  - low_complexity
  - medium_disruption
  - medium_severity
  - reboot_required
</fix>
          <check system="http://oval.mitre.org/XMLSchema/oval-definitions-5">
            <check-content-ref name="oval:ssg-kernel_module_sctp_disabled:def:1" href="ssg-sle15-oval.xml"/>
          </check>
          <check system="http://scap.nist.gov/schema/ocil/2">
            <check-content-ref name="ocil:ssg-kernel_module_sctp_disabled_ocil:questionnaire:1" href="ssg-sle15-ocil.xml"/>
          </check>
        </Rule>
        <Rule id="xccdf_org.ssgproject.content_rule_kernel_module_tipc_disabled" selected="false" role="full" severity="low">
          <title xmlns:xhtml="http://www.w3.org/1999/xhtml" xml:lang="en-US">Disable TIPC Support</title>
          <description xmlns:xhtml="http://www.w3.org/1999/xhtml" xml:lang="en-US">The Transparent Inter-Process Communication (TIPC) protocol
is designed to provide communications between nodes in a
cluster.

To configure the system to prevent the <html:code xmlns:html="http://www.w3.org/1999/xhtml">tipc</html:code>
kernel module from being loaded, add the following line to the file <html:code xmlns:html="http://www.w3.org/1999/xhtml">/etc/modprobe.d/tipc.conf</html:code>:
<html:pre xmlns:html="http://www.w3.org/1999/xhtml">install tipc /bin/false</html:pre>
This entry will cause a non-zero return value during a <html:code xmlns:html="http://www.w3.org/1999/xhtml">tipc</html:code> module installation
and additionally convey the meaning of the entry to the user in form of an error message.
If you would like to omit a non-zero return value and an error message, you may want to add a different line instead
(both <html:code xmlns:html="http://www.w3.org/1999/xhtml">/bin/true</html:code> and <html:code xmlns:html="http://www.w3.org/1999/xhtml">/bin/false</html:code> are allowed by OVAL and will be accepted by the scan):
<html:pre xmlns:html="http://www.w3.org/1999/xhtml">install tipc /bin/true</html:pre>
       </description>
          <warning xmlns:xhtml="http://www.w3.org/1999/xhtml" xml:lang="en-US" category="general">This configuration baseline was created to deploy the base operating system for general purpose
workloads. When the operating system is configured for certain purposes, such as
a node in High Performance Computing cluster, it is expected that
the <html:code xmlns:html="http://www.w3.org/1999/xhtml">tipc</html:code> kernel module will be loaded.</warning>
          <reference href="https://www.cisecurity.org/controls/">11</reference>
          <reference href="https://www.cisecurity.org/controls/">14</reference>
          <reference href="https://www.cisecurity.org/controls/">3</reference>
          <reference href="https://www.cisecurity.org/controls/">9</reference>
          <reference href="https://www.isaca.org/resources/cobit">BAI10.01</reference>
          <reference href="https://www.isaca.org/resources/cobit">BAI10.02</reference>
          <reference href="https://www.isaca.org/resources/cobit">BAI10.03</reference>
          <reference href="https://www.isaca.org/resources/cobit">BAI10.05</reference>
          <reference href="https://www.isaca.org/resources/cobit">DSS05.02</reference>
          <reference href="https://www.isaca.org/resources/cobit">DSS05.05</reference>
          <reference href="https://www.isaca.org/resources/cobit">DSS06.06</reference>
          <reference href="https://www.isa.org/products/isa-62443-2-1-2009-security-for-industrial-automat">4.3.3.5.1</reference>
          <reference href="https://www.isa.org/products/isa-62443-2-1-2009-security-for-industrial-automat">4.3.3.5.2</reference>
          <reference href="https://www.isa.org/products/isa-62443-2-1-2009-security-for-industrial-automat">4.3.3.5.3</reference>
          <reference href="https://www.isa.org/products/isa-62443-2-1-2009-security-for-industrial-automat">4.3.3.5.4</reference>
          <reference href="https://www.isa.org/products/isa-62443-2-1-2009-security-for-industrial-automat">4.3.3.5.5</reference>
          <reference href="https://www.isa.org/products/isa-62443-2-1-2009-security-for-industrial-automat">4.3.3.5.6</reference>
          <reference href="https://www.isa.org/products/isa-62443-2-1-2009-security-for-industrial-automat">4.3.3.5.7</reference>
          <reference href="https://www.isa.org/products/isa-62443-2-1-2009-security-for-industrial-automat">4.3.3.5.8</reference>
          <reference href="https://www.isa.org/products/isa-62443-2-1-2009-security-for-industrial-automat">4.3.3.6.1</reference>
          <reference href="https://www.isa.org/products/isa-62443-2-1-2009-security-for-industrial-automat">4.3.3.6.2</reference>
          <reference href="https://www.isa.org/products/isa-62443-2-1-2009-security-for-industrial-automat">4.3.3.6.3</reference>
          <reference href="https://www.isa.org/products/isa-62443-2-1-2009-security-for-industrial-automat">4.3.3.6.4</reference>
          <reference href="https://www.isa.org/products/isa-62443-2-1-2009-security-for-industrial-automat">4.3.3.6.5</reference>
          <reference href="https://www.isa.org/products/isa-62443-2-1-2009-security-for-industrial-automat">4.3.3.6.6</reference>
          <reference href="https://www.isa.org/products/isa-62443-2-1-2009-security-for-industrial-automat">4.3.3.6.7</reference>
          <reference href="https://www.isa.org/products/isa-62443-2-1-2009-security-for-industrial-automat">4.3.3.6.8</reference>
          <reference href="https://www.isa.org/products/isa-62443-2-1-2009-security-for-industrial-automat">4.3.3.6.9</reference>
          <reference href="https://www.isa.org/products/isa-62443-2-1-2009-security-for-industrial-automat">4.3.3.7.1</reference>
          <reference href="https://www.isa.org/products/isa-62443-2-1-2009-security-for-industrial-automat">4.3.3.7.2</reference>
          <reference href="https://www.isa.org/products/isa-62443-2-1-2009-security-for-industrial-automat">4.3.3.7.3</reference>
          <reference href="https://www.isa.org/products/isa-62443-2-1-2009-security-for-industrial-automat">4.3.3.7.4</reference>
          <reference href="https://www.isa.org/products/isa-62443-2-1-2009-security-for-industrial-automat">4.3.4.3.2</reference>
          <reference href="https://www.isa.org/products/isa-62443-2-1-2009-security-for-industrial-automat">4.3.4.3.3</reference>
          <reference href="https://www.isa.org/products/ansi-isa-62443-3-3-99-03-03-2013-security-for-indu">SR 1.1</reference>
          <reference href="https://www.isa.org/products/ansi-isa-62443-3-3-99-03-03-2013-security-for-indu">SR 1.10</reference>
          <reference href="https://www.isa.org/products/ansi-isa-62443-3-3-99-03-03-2013-security-for-indu">SR 1.11</reference>
          <reference href="https://www.isa.org/products/ansi-isa-62443-3-3-99-03-03-2013-security-for-indu">SR 1.12</reference>
          <reference href="https://www.isa.org/products/ansi-isa-62443-3-3-99-03-03-2013-security-for-indu">SR 1.13</reference>
          <reference href="https://www.isa.org/products/ansi-isa-62443-3-3-99-03-03-2013-security-for-indu">SR 1.2</reference>
          <reference href="https://www.isa.org/products/ansi-isa-62443-3-3-99-03-03-2013-security-for-indu">SR 1.3</reference>
          <reference href="https://www.isa.org/products/ansi-isa-62443-3-3-99-03-03-2013-security-for-indu">SR 1.4</reference>
          <reference href="https://www.isa.org/products/ansi-isa-62443-3-3-99-03-03-2013-security-for-indu">SR 1.5</reference>
          <reference href="https://www.isa.org/products/ansi-isa-62443-3-3-99-03-03-2013-security-for-indu">SR 1.6</reference>
          <reference href="https://www.isa.org/products/ansi-isa-62443-3-3-99-03-03-2013-security-for-indu">SR 1.7</reference>
          <reference href="https://www.isa.org/products/ansi-isa-62443-3-3-99-03-03-2013-security-for-indu">SR 1.8</reference>
          <reference href="https://www.isa.org/products/ansi-isa-62443-3-3-99-03-03-2013-security-for-indu">SR 1.9</reference>
          <reference href="https://www.isa.org/products/ansi-isa-62443-3-3-99-03-03-2013-security-for-indu">SR 2.1</reference>
          <reference href="https://www.isa.org/products/ansi-isa-62443-3-3-99-03-03-2013-security-for-indu">SR 2.2</reference>
          <reference href="https://www.isa.org/products/ansi-isa-62443-3-3-99-03-03-2013-security-for-indu">SR 2.3</reference>
          <reference href="https://www.isa.org/products/ansi-isa-62443-3-3-99-03-03-2013-security-for-indu">SR 2.4</reference>
          <reference href="https://www.isa.org/products/ansi-isa-62443-3-3-99-03-03-2013-security-for-indu">SR 2.5</reference>
          <reference href="https://www.isa.org/products/ansi-isa-62443-3-3-99-03-03-2013-security-for-indu">SR 2.6</reference>
          <reference href="https://www.isa.org/products/ansi-isa-62443-3-3-99-03-03-2013-security-for-indu">SR 2.7</reference>
          <reference href="https://www.isa.org/products/ansi-isa-62443-3-3-99-03-03-2013-security-for-indu">SR 7.6</reference>
          <reference href="https://www.iso.org/contents/data/standard/05/45/54534.html">A.12.1.2</reference>
          <reference href="https://www.iso.org/contents/data/standard/05/45/54534.html">A.12.5.1</reference>
          <reference href="https://www.iso.org/contents/data/standard/05/45/54534.html">A.12.6.2</reference>
          <reference href="https://www.iso.org/contents/data/standard/05/45/54534.html">A.14.2.2</reference>
          <reference href="https://www.iso.org/contents/data/standard/05/45/54534.html">A.14.2.3</reference>
          <reference href="https://www.iso.org/contents/data/standard/05/45/54534.html">A.14.2.4</reference>
          <reference href="https://www.iso.org/contents/data/standard/05/45/54534.html">A.9.1.2</reference>
          <reference href="http://nvlpubs.nist.gov/nistpubs/SpecialPublications/NIST.SP.800-53r4.pdf">CM-7(a)</reference>
          <reference href="http://nvlpubs.nist.gov/nistpubs/SpecialPublications/NIST.SP.800-53r4.pdf">CM-7(b)</reference>
          <reference href="http://nvlpubs.nist.gov/nistpubs/SpecialPublications/NIST.SP.800-53r4.pdf">CM-6(a)</reference>
          <reference href="https://nvlpubs.nist.gov/nistpubs/CSWP/NIST.CSWP.04162018.pdf">PR.IP-1</reference>
          <reference href="https://nvlpubs.nist.gov/nistpubs/CSWP/NIST.CSWP.04162018.pdf">PR.PT-3</reference>
          <reference href="https://www.niap-ccevs.org/Profile/PP.cfm">FMT_SMF_EXT.1</reference>
          <reference href="https://www.cyber.mil/stigs/downloads/?_dl_facet_stigs=operating-systems%2Cgeneral-purpose-os">SRG-OS-000095-GPOS-00049</reference>
          <reference href="not_publicly_available">SLES-15-450300030</reference>
          <rationale xmlns:xhtml="http://www.w3.org/1999/xhtml" xml:lang="en-US">Disabling TIPC protects
the system against exploitation of any flaws in its implementation.</rationale>
          <ident system="https://ncp.nist.gov/cce">CCE-92581-8</ident>
          <fix xmlns:xhtml="http://www.w3.org/1999/xhtml" id="kernel_module_tipc_disabled" system="urn:xccdf:fix:script:sh" reboot="true" complexity="low" disruption="medium" strategy="disable"># Remediation is applicable only in certain platforms
if rpm --quiet -q kernel-default || rpm --quiet -q kernel-default-base; then

if LC_ALL=C grep -q -m 1 "^install tipc" /etc/modprobe.d/tipc.conf ; then
	
	sed -i 's#^install tipc.*#install tipc /bin/false#g' /etc/modprobe.d/tipc.conf
else
	echo -e "\n# Disable per security requirements" &gt;&gt; /etc/modprobe.d/tipc.conf
	echo "install tipc /bin/false" &gt;&gt; /etc/modprobe.d/tipc.conf
fi

if ! LC_ALL=C grep -q -m 1 "^blacklist tipc$" /etc/modprobe.d/tipc.conf ; then
	echo "blacklist tipc" &gt;&gt; /etc/modprobe.d/tipc.conf
fi

else
    &gt;&amp;2 echo 'Remediation is not applicable, nothing was done'
fi
</fix>
          <fix xmlns:xhtml="http://www.w3.org/1999/xhtml" id="kernel_module_tipc_disabled" system="urn:xccdf:fix:script:ansible" reboot="true" complexity="low" disruption="medium" strategy="disable">- name: Gather the package facts
  package_facts:
    manager: auto
  tags:
  - CCE-92581-8
  - NIST-800-53-CM-6(a)
  - NIST-800-53-CM-7(a)
  - NIST-800-53-CM-7(b)
  - disable_strategy
  - kernel_module_tipc_disabled
  - low_complexity
  - low_severity
  - medium_disruption
  - reboot_required

- name: Ensure kernel module 'tipc' is disabled
  ansible.builtin.lineinfile:
    create: true
    dest: /etc/modprobe.d/tipc.conf
    regexp: install\s+tipc
    line: install tipc /bin/false
  when: ("kernel-default" in ansible_facts.packages or "kernel-default-base" in ansible_facts.packages)
  tags:
  - CCE-92581-8
  - NIST-800-53-CM-6(a)
  - NIST-800-53-CM-7(a)
  - NIST-800-53-CM-7(b)
  - disable_strategy
  - kernel_module_tipc_disabled
  - low_complexity
  - low_severity
  - medium_disruption
  - reboot_required

- name: Ensure kernel module 'tipc' is blacklisted
  ansible.builtin.lineinfile:
    create: true
    dest: /etc/modprobe.d/tipc.conf
    regexp: ^blacklist tipc$
    line: blacklist tipc
  when: ("kernel-default" in ansible_facts.packages or "kernel-default-base" in ansible_facts.packages)
  tags:
  - CCE-92581-8
  - NIST-800-53-CM-6(a)
  - NIST-800-53-CM-7(a)
  - NIST-800-53-CM-7(b)
  - disable_strategy
  - kernel_module_tipc_disabled
  - low_complexity
  - low_severity
  - medium_disruption
  - reboot_required
</fix>
          <check system="http://oval.mitre.org/XMLSchema/oval-definitions-5">
            <check-content-ref name="oval:ssg-kernel_module_tipc_disabled:def:1" href="ssg-sle15-oval.xml"/>
          </check>
          <check system="http://scap.nist.gov/schema/ocil/2">
            <check-content-ref name="ocil:ssg-kernel_module_tipc_disabled_ocil:questionnaire:1" href="ssg-sle15-ocil.xml"/>
          </check>
        </Rule>
      </Group>
      <Group id="xccdf_org.ssgproject.content_group_network-wireless">
        <title xmlns:xhtml="http://www.w3.org/1999/xhtml" xml:lang="en-US">Wireless Networking</title>
        <description xmlns:xhtml="http://www.w3.org/1999/xhtml" xml:lang="en-US">Wireless networking, such as 802.11
(WiFi) and Bluetooth, can present a security risk to sensitive or
classified systems and networks. Wireless networking hardware is
much more likely to be included in laptop or portable systems than
in desktops or servers. 
<html:br xmlns:html="http://www.w3.org/1999/xhtml"/>
       <html:br xmlns:html="http://www.w3.org/1999/xhtml"/>
Removal of hardware provides the greatest assurance that the wireless
capability remains disabled. Acquisition policies often include provisions to
prevent the purchase of equipment that will be used in sensitive spaces and
includes wireless capabilities. If it is impractical to remove the wireless
hardware, and policy permits the device to enter sensitive spaces as long
as wireless is disabled, efforts should instead focus on disabling wireless capability
via software.</description>
        <Group id="xccdf_org.ssgproject.content_group_wireless_software">
          <title xmlns:xhtml="http://www.w3.org/1999/xhtml" xml:lang="en-US">Disable Wireless Through Software Configuration</title>
          <description xmlns:xhtml="http://www.w3.org/1999/xhtml" xml:lang="en-US">If it is impossible to remove the wireless hardware
from the device in question, disable as much of it as possible
through software. The following methods can disable software
support for wireless networking, but note that these methods do not
prevent malicious software or careless users from re-activating the
devices.</description>
          <Rule id="xccdf_org.ssgproject.content_rule_service_bluetooth_disabled" selected="false" role="full" severity="medium">
            <title xmlns:xhtml="http://www.w3.org/1999/xhtml" xml:lang="en-US">Disable Bluetooth Service</title>
            <description xmlns:xhtml="http://www.w3.org/1999/xhtml" xml:lang="en-US">
The <html:code xmlns:html="http://www.w3.org/1999/xhtml">bluetooth</html:code> service can be disabled with the following command:
<html:pre xmlns:html="http://www.w3.org/1999/xhtml">$ sudo systemctl mask --now bluetooth.service</html:pre>
         <html:pre xmlns:html="http://www.w3.org/1999/xhtml">$ sudo service bluetooth stop</html:pre>
        </description>
            <reference href="https://www.cisecurity.org/controls/">11</reference>
            <reference href="https://www.cisecurity.org/controls/">12</reference>
            <reference href="https://www.cisecurity.org/controls/">14</reference>
            <reference href="https://www.cisecurity.org/controls/">15</reference>
            <reference href="https://www.cisecurity.org/controls/">3</reference>
            <reference href="https://www.cisecurity.org/controls/">8</reference>
            <reference href="https://www.cisecurity.org/controls/">9</reference>
            <reference href="https://www.isaca.org/resources/cobit">APO13.01</reference>
            <reference href="https://www.isaca.org/resources/cobit">BAI10.01</reference>
            <reference href="https://www.isaca.org/resources/cobit">BAI10.02</reference>
            <reference href="https://www.isaca.org/resources/cobit">BAI10.03</reference>
            <reference href="https://www.isaca.org/resources/cobit">BAI10.05</reference>
            <reference href="https://www.isaca.org/resources/cobit">DSS01.04</reference>
            <reference href="https://www.isaca.org/resources/cobit">DSS05.02</reference>
            <reference href="https://www.isaca.org/resources/cobit">DSS05.03</reference>
            <reference href="https://www.isaca.org/resources/cobit">DSS05.05</reference>
            <reference href="https://www.isaca.org/resources/cobit">DSS06.06</reference>
            <reference href="http://nvlpubs.nist.gov/nistpubs/SpecialPublications/NIST.SP.800-171.pdf">3.1.16</reference>
            <reference href="https://www.isa.org/products/isa-62443-2-1-2009-security-for-industrial-automat">4.3.3.5.1</reference>
            <reference href="https://www.isa.org/products/isa-62443-2-1-2009-security-for-industrial-automat">4.3.3.5.2</reference>
            <reference href="https://www.isa.org/products/isa-62443-2-1-2009-security-for-industrial-automat">4.3.3.5.3</reference>
            <reference href="https://www.isa.org/products/isa-62443-2-1-2009-security-for-industrial-automat">4.3.3.5.4</reference>
            <reference href="https://www.isa.org/products/isa-62443-2-1-2009-security-for-industrial-automat">4.3.3.5.5</reference>
            <reference href="https://www.isa.org/products/isa-62443-2-1-2009-security-for-industrial-automat">4.3.3.5.6</reference>
            <reference href="https://www.isa.org/products/isa-62443-2-1-2009-security-for-industrial-automat">4.3.3.5.7</reference>
            <reference href="https://www.isa.org/products/isa-62443-2-1-2009-security-for-industrial-automat">4.3.3.5.8</reference>
            <reference href="https://www.isa.org/products/isa-62443-2-1-2009-security-for-industrial-automat">4.3.3.6.1</reference>
            <reference href="https://www.isa.org/products/isa-62443-2-1-2009-security-for-industrial-automat">4.3.3.6.2</reference>
            <reference href="https://www.isa.org/products/isa-62443-2-1-2009-security-for-industrial-automat">4.3.3.6.3</reference>
            <reference href="https://www.isa.org/products/isa-62443-2-1-2009-security-for-industrial-automat">4.3.3.6.4</reference>
            <reference href="https://www.isa.org/products/isa-62443-2-1-2009-security-for-industrial-automat">4.3.3.6.5</reference>
            <reference href="https://www.isa.org/products/isa-62443-2-1-2009-security-for-industrial-automat">4.3.3.6.6</reference>
            <reference href="https://www.isa.org/products/isa-62443-2-1-2009-security-for-industrial-automat">4.3.3.6.7</reference>
            <reference href="https://www.isa.org/products/isa-62443-2-1-2009-security-for-industrial-automat">4.3.3.6.8</reference>
            <reference href="https://www.isa.org/products/isa-62443-2-1-2009-security-for-industrial-automat">4.3.3.6.9</reference>
            <reference href="https://www.isa.org/products/isa-62443-2-1-2009-security-for-industrial-automat">4.3.3.7.1</reference>
            <reference href="https://www.isa.org/products/isa-62443-2-1-2009-security-for-industrial-automat">4.3.3.7.2</reference>
            <reference href="https://www.isa.org/products/isa-62443-2-1-2009-security-for-industrial-automat">4.3.3.7.3</reference>
            <reference href="https://www.isa.org/products/isa-62443-2-1-2009-security-for-industrial-automat">4.3.3.7.4</reference>
            <reference href="https://www.isa.org/products/isa-62443-2-1-2009-security-for-industrial-automat">4.3.4.3.2</reference>
            <reference href="https://www.isa.org/products/isa-62443-2-1-2009-security-for-industrial-automat">4.3.4.3.3</reference>
            <reference href="https://www.isa.org/products/ansi-isa-62443-3-3-99-03-03-2013-security-for-indu">SR 1.1</reference>
            <reference href="https://www.isa.org/products/ansi-isa-62443-3-3-99-03-03-2013-security-for-indu">SR 1.10</reference>
            <reference href="https://www.isa.org/products/ansi-isa-62443-3-3-99-03-03-2013-security-for-indu">SR 1.11</reference>
            <reference href="https://www.isa.org/products/ansi-isa-62443-3-3-99-03-03-2013-security-for-indu">SR 1.12</reference>
            <reference href="https://www.isa.org/products/ansi-isa-62443-3-3-99-03-03-2013-security-for-indu">SR 1.13</reference>
            <reference href="https://www.isa.org/products/ansi-isa-62443-3-3-99-03-03-2013-security-for-indu">SR 1.2</reference>
            <reference href="https://www.isa.org/products/ansi-isa-62443-3-3-99-03-03-2013-security-for-indu">SR 1.3</reference>
            <reference href="https://www.isa.org/products/ansi-isa-62443-3-3-99-03-03-2013-security-for-indu">SR 1.4</reference>
            <reference href="https://www.isa.org/products/ansi-isa-62443-3-3-99-03-03-2013-security-for-indu">SR 1.5</reference>
            <reference href="https://www.isa.org/products/ansi-isa-62443-3-3-99-03-03-2013-security-for-indu">SR 1.6</reference>
            <reference href="https://www.isa.org/products/ansi-isa-62443-3-3-99-03-03-2013-security-for-indu">SR 1.7</reference>
            <reference href="https://www.isa.org/products/ansi-isa-62443-3-3-99-03-03-2013-security-for-indu">SR 1.8</reference>
            <reference href="https://www.isa.org/products/ansi-isa-62443-3-3-99-03-03-2013-security-for-indu">SR 1.9</reference>
            <reference href="https://www.isa.org/products/ansi-isa-62443-3-3-99-03-03-2013-security-for-indu">SR 2.1</reference>
            <reference href="https://www.isa.org/products/ansi-isa-62443-3-3-99-03-03-2013-security-for-indu">SR 2.2</reference>
            <reference href="https://www.isa.org/products/ansi-isa-62443-3-3-99-03-03-2013-security-for-indu">SR 2.3</reference>
            <reference href="https://www.isa.org/products/ansi-isa-62443-3-3-99-03-03-2013-security-for-indu">SR 2.4</reference>
            <reference href="https://www.isa.org/products/ansi-isa-62443-3-3-99-03-03-2013-security-for-indu">SR 2.5</reference>
            <reference href="https://www.isa.org/products/ansi-isa-62443-3-3-99-03-03-2013-security-for-indu">SR 2.6</reference>
            <reference href="https://www.isa.org/products/ansi-isa-62443-3-3-99-03-03-2013-security-for-indu">SR 2.7</reference>
            <reference href="https://www.isa.org/products/ansi-isa-62443-3-3-99-03-03-2013-security-for-indu">SR 3.1</reference>
            <reference href="https://www.isa.org/products/ansi-isa-62443-3-3-99-03-03-2013-security-for-indu">SR 3.5</reference>
            <reference href="https://www.isa.org/products/ansi-isa-62443-3-3-99-03-03-2013-security-for-indu">SR 3.8</reference>
            <reference href="https://www.isa.org/products/ansi-isa-62443-3-3-99-03-03-2013-security-for-indu">SR 4.1</reference>
            <reference href="https://www.isa.org/products/ansi-isa-62443-3-3-99-03-03-2013-security-for-indu">SR 4.3</reference>
            <reference href="https://www.isa.org/products/ansi-isa-62443-3-3-99-03-03-2013-security-for-indu">SR 5.1</reference>
            <reference href="https://www.isa.org/products/ansi-isa-62443-3-3-99-03-03-2013-security-for-indu">SR 5.2</reference>
            <reference href="https://www.isa.org/products/ansi-isa-62443-3-3-99-03-03-2013-security-for-indu">SR 5.3</reference>
            <reference href="https://www.isa.org/products/ansi-isa-62443-3-3-99-03-03-2013-security-for-indu">SR 7.1</reference>
            <reference href="https://www.isa.org/products/ansi-isa-62443-3-3-99-03-03-2013-security-for-indu">SR 7.6</reference>
            <reference href="https://www.iso.org/contents/data/standard/05/45/54534.html">A.11.2.6</reference>
            <reference href="https://www.iso.org/contents/data/standard/05/45/54534.html">A.12.1.2</reference>
            <reference href="https://www.iso.org/contents/data/standard/05/45/54534.html">A.12.5.1</reference>
            <reference href="https://www.iso.org/contents/data/standard/05/45/54534.html">A.12.6.2</reference>
            <reference href="https://www.iso.org/contents/data/standard/05/45/54534.html">A.13.1.1</reference>
            <reference href="https://www.iso.org/contents/data/standard/05/45/54534.html">A.13.2.1</reference>
            <reference href="https://www.iso.org/contents/data/standard/05/45/54534.html">A.14.1.3</reference>
            <reference href="https://www.iso.org/contents/data/standard/05/45/54534.html">A.14.2.2</reference>
            <reference href="https://www.iso.org/contents/data/standard/05/45/54534.html">A.14.2.3</reference>
            <reference href="https://www.iso.org/contents/data/standard/05/45/54534.html">A.14.2.4</reference>
            <reference href="https://www.iso.org/contents/data/standard/05/45/54534.html">A.6.2.1</reference>
            <reference href="https://www.iso.org/contents/data/standard/05/45/54534.html">A.6.2.2</reference>
            <reference href="https://www.iso.org/contents/data/standard/05/45/54534.html">A.9.1.2</reference>
            <reference href="http://nvlpubs.nist.gov/nistpubs/SpecialPublications/NIST.SP.800-53r4.pdf">AC-18(a)</reference>
            <reference href="http://nvlpubs.nist.gov/nistpubs/SpecialPublications/NIST.SP.800-53r4.pdf">AC-18(3)</reference>
            <reference href="http://nvlpubs.nist.gov/nistpubs/SpecialPublications/NIST.SP.800-53r4.pdf">CM-7(a)</reference>
            <reference href="http://nvlpubs.nist.gov/nistpubs/SpecialPublications/NIST.SP.800-53r4.pdf">CM-7(b)</reference>
            <reference href="http://nvlpubs.nist.gov/nistpubs/SpecialPublications/NIST.SP.800-53r4.pdf">CM-6(a)</reference>
            <reference href="http://nvlpubs.nist.gov/nistpubs/SpecialPublications/NIST.SP.800-53r4.pdf">MP-7</reference>
            <reference href="https://nvlpubs.nist.gov/nistpubs/CSWP/NIST.CSWP.04162018.pdf">PR.AC-3</reference>
            <reference href="https://nvlpubs.nist.gov/nistpubs/CSWP/NIST.CSWP.04162018.pdf">PR.IP-1</reference>
            <reference href="https://nvlpubs.nist.gov/nistpubs/CSWP/NIST.CSWP.04162018.pdf">PR.PT-3</reference>
            <reference href="https://nvlpubs.nist.gov/nistpubs/CSWP/NIST.CSWP.04162018.pdf">PR.PT-4</reference>
            <reference href="not_publicly_available">SLES-15-450150045</reference>
            <rationale xmlns:xhtml="http://www.w3.org/1999/xhtml" xml:lang="en-US">Disabling the <html:code xmlns:html="http://www.w3.org/1999/xhtml">bluetooth</html:code> service prevents the system from attempting
connections to Bluetooth devices, which entails some security risk.
Nevertheless, variation in this risk decision may be expected due to the
utility of Bluetooth connectivity and its limited range.</rationale>
            <platform idref="#system_with_kernel"/>
            <ident system="https://ncp.nist.gov/cce">CCE-92600-6</ident>
            <fix xmlns:xhtml="http://www.w3.org/1999/xhtml" id="service_bluetooth_disabled" system="urn:xccdf:fix:script:puppet" complexity="low" disruption="low" strategy="enable">include disable_bluetooth

class disable_bluetooth {
  service {'bluetooth':
    enable =&gt; false,
    ensure =&gt; 'stopped',
  }
}
</fix>
            <fix xmlns:xhtml="http://www.w3.org/1999/xhtml" id="service_bluetooth_disabled" system="urn:xccdf:fix:script:sh" complexity="low" disruption="low" strategy="disable"># Remediation is applicable only in certain platforms
if rpm --quiet -q kernel-default || rpm --quiet -q kernel-default-base; then

SYSTEMCTL_EXEC='/usr/bin/systemctl'
if [[ $("$SYSTEMCTL_EXEC" is-system-running) != "offline" ]]; then
  "$SYSTEMCTL_EXEC" stop 'bluetooth.service'
fi
"$SYSTEMCTL_EXEC" disable 'bluetooth.service'
"$SYSTEMCTL_EXEC" mask 'bluetooth.service'
# Disable socket activation if we have a unit file for it
if "$SYSTEMCTL_EXEC" -q list-unit-files bluetooth.socket; then
    if [[ $("$SYSTEMCTL_EXEC" is-system-running) != "offline" ]]; then
      "$SYSTEMCTL_EXEC" stop 'bluetooth.socket'
    fi
    "$SYSTEMCTL_EXEC" mask 'bluetooth.socket'
fi
# The service may not be running because it has been started and failed,
# so let's reset the state so OVAL checks pass.
# Service should be 'inactive', not 'failed' after reboot though.
"$SYSTEMCTL_EXEC" reset-failed 'bluetooth.service' || true

else
    &gt;&amp;2 echo 'Remediation is not applicable, nothing was done'
fi
</fix>
            <fix xmlns:xhtml="http://www.w3.org/1999/xhtml" id="service_bluetooth_disabled" system="urn:redhat:osbuild:blueprint">
[customizations.services]
masked = ["bluetooth"]
</fix>
            <fix xmlns:xhtml="http://www.w3.org/1999/xhtml" id="service_bluetooth_disabled" system="urn:xccdf:fix:script:ansible" complexity="low" disruption="low" strategy="disable">- name: Gather the package facts
  package_facts:
    manager: auto
  tags:
  - CCE-92600-6
  - NIST-800-171-3.1.16
  - NIST-800-53-AC-18(3)
  - NIST-800-53-AC-18(a)
  - NIST-800-53-CM-6(a)
  - NIST-800-53-CM-7(a)
  - NIST-800-53-CM-7(b)
  - NIST-800-53-MP-7
  - disable_strategy
  - low_complexity
  - low_disruption
  - medium_severity
  - no_reboot_needed
  - service_bluetooth_disabled

- name: Disable Bluetooth Service - Disable service bluetooth
  block:

  - name: Disable Bluetooth Service - Collect systemd Services Present in the System
    ansible.builtin.command: systemctl -q list-unit-files --type service
    register: service_exists
    changed_when: false
    failed_when: service_exists.rc not in [0, 1]
    check_mode: false

  - name: Disable Bluetooth Service - Ensure bluetooth.service is Masked
    ansible.builtin.systemd:
      name: bluetooth.service
      state: stopped
      enabled: false
      masked: true
    when: service_exists.stdout_lines is search("bluetooth.service", multiline=True)

  - name: Unit Socket Exists - bluetooth.socket
    ansible.builtin.command: systemctl -q list-unit-files bluetooth.socket
    register: socket_file_exists
    changed_when: false
    failed_when: socket_file_exists.rc not in [0, 1]
    check_mode: false

  - name: Disable Bluetooth Service - Disable Socket bluetooth
    ansible.builtin.systemd:
      name: bluetooth.socket
      enabled: false
      state: stopped
      masked: true
    when: socket_file_exists.stdout_lines is search("bluetooth.socket", multiline=True)
  tags:
  - CCE-92600-6
  - NIST-800-171-3.1.16
  - NIST-800-53-AC-18(3)
  - NIST-800-53-AC-18(a)
  - NIST-800-53-CM-6(a)
  - NIST-800-53-CM-7(a)
  - NIST-800-53-CM-7(b)
  - NIST-800-53-MP-7
  - disable_strategy
  - low_complexity
  - low_disruption
  - medium_severity
  - no_reboot_needed
  - service_bluetooth_disabled
  - special_service_block
  when: ("kernel-default" in ansible_facts.packages or "kernel-default-base" in ansible_facts.packages)
</fix>
            <check system="http://open-scap.org/page/SCE">
              <check-import import-name="stdout">
                  </check-import>
              <check-content-ref href="sle15/checks/sce/service_bluetooth_disabled.sh"/>
            </check>
            <check system="http://oval.mitre.org/XMLSchema/oval-definitions-5">
              <check-content-ref name="oval:ssg-service_bluetooth_disabled:def:1" href="ssg-sle15-oval.xml"/>
            </check>
            <check system="http://scap.nist.gov/schema/ocil/2">
              <check-content-ref name="ocil:ssg-service_bluetooth_disabled_ocil:questionnaire:1" href="ssg-sle15-ocil.xml"/>
            </check>
          </Rule>
          <Rule id="xccdf_org.ssgproject.content_rule_wireless_disable_interfaces" selected="false" role="full" severity="medium">
            <title xmlns:xhtml="http://www.w3.org/1999/xhtml" xml:lang="en-US">Deactivate Wireless Network Interfaces</title>
            <description xmlns:xhtml="http://www.w3.org/1999/xhtml" xml:lang="en-US">Deactivating wireless network interfaces should prevent normal usage of the wireless
capability.
<html:br xmlns:html="http://www.w3.org/1999/xhtml"/>
         <html:br xmlns:html="http://www.w3.org/1999/xhtml"/>

Configure the system to disable wireless network interfaces by issuing the following
command for every active <html:code xmlns:html="http://www.w3.org/1999/xhtml">&lt;WIFI-INTERFACE&gt;</html:code> in the system:
<html:pre xmlns:html="http://www.w3.org/1999/xhtml">$ sudo wicked ifdown &lt;WIFI-INTERFACE&gt;</html:pre>
Also remove the configuration files for every wifi adapter from
<html:code xmlns:html="http://www.w3.org/1999/xhtml">/etc/wicked/ifconfig/&lt;WIFI-INTERFACE&gt;.xml</html:code> to prevent future
connections.</description>
            <reference href="https://www.cisecurity.org/controls/">11</reference>
            <reference href="https://www.cisecurity.org/controls/">12</reference>
            <reference href="https://www.cisecurity.org/controls/">14</reference>
            <reference href="https://www.cisecurity.org/controls/">15</reference>
            <reference href="https://www.cisecurity.org/controls/">3</reference>
            <reference href="https://www.cisecurity.org/controls/">8</reference>
            <reference href="https://www.cisecurity.org/controls/">9</reference>
            <reference href="https://www.isaca.org/resources/cobit">APO13.01</reference>
            <reference href="https://www.isaca.org/resources/cobit">BAI10.01</reference>
            <reference href="https://www.isaca.org/resources/cobit">BAI10.02</reference>
            <reference href="https://www.isaca.org/resources/cobit">BAI10.03</reference>
            <reference href="https://www.isaca.org/resources/cobit">BAI10.05</reference>
            <reference href="https://www.isaca.org/resources/cobit">DSS01.04</reference>
            <reference href="https://www.isaca.org/resources/cobit">DSS05.02</reference>
            <reference href="https://www.isaca.org/resources/cobit">DSS05.03</reference>
            <reference href="https://www.isaca.org/resources/cobit">DSS05.05</reference>
            <reference href="https://www.isaca.org/resources/cobit">DSS06.06</reference>
            <reference href="http://nvlpubs.nist.gov/nistpubs/SpecialPublications/NIST.SP.800-171.pdf">3.1.16</reference>
            <reference href="https://www.isa.org/products/isa-62443-2-1-2009-security-for-industrial-automat">4.3.3.5.1</reference>
            <reference href="https://www.isa.org/products/isa-62443-2-1-2009-security-for-industrial-automat">4.3.3.5.2</reference>
            <reference href="https://www.isa.org/products/isa-62443-2-1-2009-security-for-industrial-automat">4.3.3.5.3</reference>
            <reference href="https://www.isa.org/products/isa-62443-2-1-2009-security-for-industrial-automat">4.3.3.5.4</reference>
            <reference href="https://www.isa.org/products/isa-62443-2-1-2009-security-for-industrial-automat">4.3.3.5.5</reference>
            <reference href="https://www.isa.org/products/isa-62443-2-1-2009-security-for-industrial-automat">4.3.3.5.6</reference>
            <reference href="https://www.isa.org/products/isa-62443-2-1-2009-security-for-industrial-automat">4.3.3.5.7</reference>
            <reference href="https://www.isa.org/products/isa-62443-2-1-2009-security-for-industrial-automat">4.3.3.5.8</reference>
            <reference href="https://www.isa.org/products/isa-62443-2-1-2009-security-for-industrial-automat">4.3.3.6.1</reference>
            <reference href="https://www.isa.org/products/isa-62443-2-1-2009-security-for-industrial-automat">4.3.3.6.2</reference>
            <reference href="https://www.isa.org/products/isa-62443-2-1-2009-security-for-industrial-automat">4.3.3.6.3</reference>
            <reference href="https://www.isa.org/products/isa-62443-2-1-2009-security-for-industrial-automat">4.3.3.6.4</reference>
            <reference href="https://www.isa.org/products/isa-62443-2-1-2009-security-for-industrial-automat">4.3.3.6.5</reference>
            <reference href="https://www.isa.org/products/isa-62443-2-1-2009-security-for-industrial-automat">4.3.3.6.6</reference>
            <reference href="https://www.isa.org/products/isa-62443-2-1-2009-security-for-industrial-automat">4.3.3.6.7</reference>
            <reference href="https://www.isa.org/products/isa-62443-2-1-2009-security-for-industrial-automat">4.3.3.6.8</reference>
            <reference href="https://www.isa.org/products/isa-62443-2-1-2009-security-for-industrial-automat">4.3.3.6.9</reference>
            <reference href="https://www.isa.org/products/isa-62443-2-1-2009-security-for-industrial-automat">4.3.3.7.1</reference>
            <reference href="https://www.isa.org/products/isa-62443-2-1-2009-security-for-industrial-automat">4.3.3.7.2</reference>
            <reference href="https://www.isa.org/products/isa-62443-2-1-2009-security-for-industrial-automat">4.3.3.7.3</reference>
            <reference href="https://www.isa.org/products/isa-62443-2-1-2009-security-for-industrial-automat">4.3.3.7.4</reference>
            <reference href="https://www.isa.org/products/isa-62443-2-1-2009-security-for-industrial-automat">4.3.4.3.2</reference>
            <reference href="https://www.isa.org/products/isa-62443-2-1-2009-security-for-industrial-automat">4.3.4.3.3</reference>
            <reference href="https://www.isa.org/products/ansi-isa-62443-3-3-99-03-03-2013-security-for-indu">SR 1.1</reference>
            <reference href="https://www.isa.org/products/ansi-isa-62443-3-3-99-03-03-2013-security-for-indu">SR 1.10</reference>
            <reference href="https://www.isa.org/products/ansi-isa-62443-3-3-99-03-03-2013-security-for-indu">SR 1.11</reference>
            <reference href="https://www.isa.org/products/ansi-isa-62443-3-3-99-03-03-2013-security-for-indu">SR 1.12</reference>
            <reference href="https://www.isa.org/products/ansi-isa-62443-3-3-99-03-03-2013-security-for-indu">SR 1.13</reference>
            <reference href="https://www.isa.org/products/ansi-isa-62443-3-3-99-03-03-2013-security-for-indu">SR 1.2</reference>
            <reference href="https://www.isa.org/products/ansi-isa-62443-3-3-99-03-03-2013-security-for-indu">SR 1.3</reference>
            <reference href="https://www.isa.org/products/ansi-isa-62443-3-3-99-03-03-2013-security-for-indu">SR 1.4</reference>
            <reference href="https://www.isa.org/products/ansi-isa-62443-3-3-99-03-03-2013-security-for-indu">SR 1.5</reference>
            <reference href="https://www.isa.org/products/ansi-isa-62443-3-3-99-03-03-2013-security-for-indu">SR 1.6</reference>
            <reference href="https://www.isa.org/products/ansi-isa-62443-3-3-99-03-03-2013-security-for-indu">SR 1.7</reference>
            <reference href="https://www.isa.org/products/ansi-isa-62443-3-3-99-03-03-2013-security-for-indu">SR 1.8</reference>
            <reference href="https://www.isa.org/products/ansi-isa-62443-3-3-99-03-03-2013-security-for-indu">SR 1.9</reference>
            <reference href="https://www.isa.org/products/ansi-isa-62443-3-3-99-03-03-2013-security-for-indu">SR 2.1</reference>
            <reference href="https://www.isa.org/products/ansi-isa-62443-3-3-99-03-03-2013-security-for-indu">SR 2.2</reference>
            <reference href="https://www.isa.org/products/ansi-isa-62443-3-3-99-03-03-2013-security-for-indu">SR 2.3</reference>
            <reference href="https://www.isa.org/products/ansi-isa-62443-3-3-99-03-03-2013-security-for-indu">SR 2.4</reference>
            <reference href="https://www.isa.org/products/ansi-isa-62443-3-3-99-03-03-2013-security-for-indu">SR 2.5</reference>
            <reference href="https://www.isa.org/products/ansi-isa-62443-3-3-99-03-03-2013-security-for-indu">SR 2.6</reference>
            <reference href="https://www.isa.org/products/ansi-isa-62443-3-3-99-03-03-2013-security-for-indu">SR 2.7</reference>
            <reference href="https://www.isa.org/products/ansi-isa-62443-3-3-99-03-03-2013-security-for-indu">SR 3.1</reference>
            <reference href="https://www.isa.org/products/ansi-isa-62443-3-3-99-03-03-2013-security-for-indu">SR 3.5</reference>
            <reference href="https://www.isa.org/products/ansi-isa-62443-3-3-99-03-03-2013-security-for-indu">SR 3.8</reference>
            <reference href="https://www.isa.org/products/ansi-isa-62443-3-3-99-03-03-2013-security-for-indu">SR 4.1</reference>
            <reference href="https://www.isa.org/products/ansi-isa-62443-3-3-99-03-03-2013-security-for-indu">SR 4.3</reference>
            <reference href="https://www.isa.org/products/ansi-isa-62443-3-3-99-03-03-2013-security-for-indu">SR 5.1</reference>
            <reference href="https://www.isa.org/products/ansi-isa-62443-3-3-99-03-03-2013-security-for-indu">SR 5.2</reference>
            <reference href="https://www.isa.org/products/ansi-isa-62443-3-3-99-03-03-2013-security-for-indu">SR 5.3</reference>
            <reference href="https://www.isa.org/products/ansi-isa-62443-3-3-99-03-03-2013-security-for-indu">SR 7.1</reference>
            <reference href="https://www.isa.org/products/ansi-isa-62443-3-3-99-03-03-2013-security-for-indu">SR 7.6</reference>
            <reference href="https://www.iso.org/contents/data/standard/05/45/54534.html">A.11.2.6</reference>
            <reference href="https://www.iso.org/contents/data/standard/05/45/54534.html">A.12.1.2</reference>
            <reference href="https://www.iso.org/contents/data/standard/05/45/54534.html">A.12.5.1</reference>
            <reference href="https://www.iso.org/contents/data/standard/05/45/54534.html">A.12.6.2</reference>
            <reference href="https://www.iso.org/contents/data/standard/05/45/54534.html">A.13.1.1</reference>
            <reference href="https://www.iso.org/contents/data/standard/05/45/54534.html">A.13.2.1</reference>
            <reference href="https://www.iso.org/contents/data/standard/05/45/54534.html">A.14.1.3</reference>
            <reference href="https://www.iso.org/contents/data/standard/05/45/54534.html">A.14.2.2</reference>
            <reference href="https://www.iso.org/contents/data/standard/05/45/54534.html">A.14.2.3</reference>
            <reference href="https://www.iso.org/contents/data/standard/05/45/54534.html">A.14.2.4</reference>
            <reference href="https://www.iso.org/contents/data/standard/05/45/54534.html">A.6.2.1</reference>
            <reference href="https://www.iso.org/contents/data/standard/05/45/54534.html">A.6.2.2</reference>
            <reference href="https://www.iso.org/contents/data/standard/05/45/54534.html">A.9.1.2</reference>
            <reference href="http://nvlpubs.nist.gov/nistpubs/SpecialPublications/NIST.SP.800-53r4.pdf">AC-18(a)</reference>
            <reference href="http://nvlpubs.nist.gov/nistpubs/SpecialPublications/NIST.SP.800-53r4.pdf">AC-18(3)</reference>
            <reference href="http://nvlpubs.nist.gov/nistpubs/SpecialPublications/NIST.SP.800-53r4.pdf">CM-7(a)</reference>
            <reference href="http://nvlpubs.nist.gov/nistpubs/SpecialPublications/NIST.SP.800-53r4.pdf">CM-7(b)</reference>
            <reference href="http://nvlpubs.nist.gov/nistpubs/SpecialPublications/NIST.SP.800-53r4.pdf">CM-6(a)</reference>
            <reference href="http://nvlpubs.nist.gov/nistpubs/SpecialPublications/NIST.SP.800-53r4.pdf">MP-7</reference>
            <reference href="https://nvlpubs.nist.gov/nistpubs/CSWP/NIST.CSWP.04162018.pdf">PR.AC-3</reference>
            <reference href="https://nvlpubs.nist.gov/nistpubs/CSWP/NIST.CSWP.04162018.pdf">PR.IP-1</reference>
            <reference href="https://nvlpubs.nist.gov/nistpubs/CSWP/NIST.CSWP.04162018.pdf">PR.PT-3</reference>
            <reference href="https://nvlpubs.nist.gov/nistpubs/CSWP/NIST.CSWP.04162018.pdf">PR.PT-4</reference>
            <reference href="https://www.pcisecuritystandards.org/documents/PCI_DSS_v3-2-1.pdf">Req-1.3.3</reference>
            <reference href="https://www.cyber.mil/stigs/downloads/?_dl_facet_stigs=operating-systems%2Cgeneral-purpose-os">SRG-OS-000299-GPOS-00117</reference>
            <reference href="https://www.cyber.mil/stigs/downloads/?_dl_facet_stigs=operating-systems%2Cgeneral-purpose-os">SRG-OS-000300-GPOS-00118</reference>
            <reference href="https://www.cyber.mil/stigs/downloads/?_dl_facet_stigs=operating-systems%2Cgeneral-purpose-os">SRG-OS-000424-GPOS-00188</reference>
            <reference href="https://www.cyber.mil/stigs/downloads/?_dl_facet_stigs=operating-systems%2Cgeneral-purpose-os">SRG-OS-000481-GPOS-00481</reference>
            <reference href="https://www.cyber.mil/stigs/downloads/?_dl_facet_stigs=operating-systems%2Cunix-linux">SLES-15-010380</reference>
            <reference href="https://www.cisecurity.org/benchmark/suse_linux/">3.1.2</reference>
            <reference href="not_publicly_available">SLES-15-450150030</reference>
            <reference href="https://www.cyber.gov.au/acsc/view-all-content/ism">1315</reference>
            <reference href="https://www.cyber.gov.au/acsc/view-all-content/ism">1319</reference>
            <reference href="https://docs-prv.pcisecuritystandards.org/PCI%20DSS/Standard/PCI-DSS-v4_0.pdf">1.3.3</reference>
            <reference href="https://docs-prv.pcisecuritystandards.org/PCI%20DSS/Standard/PCI-DSS-v4_0.pdf">1.3</reference>
            <reference href="https://www.cyber.mil/stigs/srg-stig-tools/">SV-234847r991568_rule</reference>
            <rationale xmlns:xhtml="http://www.w3.org/1999/xhtml" xml:lang="en-US">The use of wireless networking can introduce many different attack vectors into
the organization's network. Common attack vectors such as malicious association
and ad hoc networks will allow an attacker to spoof a wireless access point
(AP), allowing validated systems to connect to the malicious AP and enabling the
attacker to monitor and record network traffic. These malicious APs can also
serve to create a man-in-the-middle attack or be used to create a denial of
service to valid network resources.</rationale>
            <platform idref="#not_container_and_wifi-iface"/>
            <ident system="https://ncp.nist.gov/cce">CCE-83286-5</ident>
            <fix xmlns:xhtml="http://www.w3.org/1999/xhtml" id="wireless_disable_interfaces" system="urn:xccdf:fix:script:sh"># Remediation is applicable only in certain platforms
if ( ! ( [ -f /.dockerenv ] || [ -f /run/.containerenv ] ) ); then

zypper install -y "NetworkManager"

if command -v nmcli &gt;/dev/null 2&gt;&amp;1 &amp;&amp; systemctl is-active NetworkManager &gt;/dev/null 2&gt;&amp;1; then
    nmcli radio all off
fi

if command -v wicked &gt;/dev/null 2&gt;&amp;1 &amp;&amp; systemctl is-active wickedd &gt;/dev/null 2&gt;&amp;1; then
  if [ -n "$(find /sys/class/net/*/ -type d -name wireless)" ]; then
    interfaces=$(find /sys/class/net/*/wireless -type d -name wireless | xargs -0 dirname | xargs basename)
    for iface in $interfaces; do
      wicked ifdown $iface
      sed -i 's/STARTMODE=.*/STARTMODE=off/' /etc/sysconfig/network/ifcfg-$iface
    done
  fi
fi

else
    &gt;&amp;2 echo 'Remediation is not applicable, nothing was done'
fi
</fix>
            <fix xmlns:xhtml="http://www.w3.org/1999/xhtml" id="wireless_disable_interfaces" system="urn:xccdf:fix:script:ansible" complexity="low" disruption="medium">- name: Gather the package facts
  package_facts:
    manager: auto
  tags:
  - CCE-83286-5
  - DISA-STIG-SLES-15-010380
  - NIST-800-171-3.1.16
  - NIST-800-53-AC-18(3)
  - NIST-800-53-AC-18(a)
  - NIST-800-53-CM-6(a)
  - NIST-800-53-CM-7(a)
  - NIST-800-53-CM-7(b)
  - NIST-800-53-MP-7
  - PCI-DSS-Req-1.3.3
  - PCI-DSSv4-1.3
  - PCI-DSSv4-1.3.3
  - low_complexity
  - medium_disruption
  - medium_severity
  - no_reboot_needed
  - unknown_strategy
  - wireless_disable_interfaces

- name: Service facts
  ansible.builtin.service_facts: null
  when: ( not ( ansible_virtualization_type in ["docker", "lxc", "openvz", "podman",
    "container"] ) )
  tags:
  - CCE-83286-5
  - DISA-STIG-SLES-15-010380
  - NIST-800-171-3.1.16
  - NIST-800-53-AC-18(3)
  - NIST-800-53-AC-18(a)
  - NIST-800-53-CM-6(a)
  - NIST-800-53-CM-7(a)
  - NIST-800-53-CM-7(b)
  - NIST-800-53-MP-7
  - PCI-DSS-Req-1.3.3
  - PCI-DSSv4-1.3
  - PCI-DSSv4-1.3.3
  - low_complexity
  - medium_disruption
  - medium_severity
  - no_reboot_needed
  - unknown_strategy
  - wireless_disable_interfaces

- name: Wicked Deactivate Wireless Network Interfaces
  ansible.builtin.command: wicked ifdown {{ item }}
  loop: '{{ ansible_facts.interfaces }}'
  when:
  - ( not ( ansible_virtualization_type in ["docker", "lxc", "openvz", "podman", "container"]
    ) )
  - ansible_facts.services['wickedd.service'].state == 'running'
  - item.startswith("wl")
  tags:
  - CCE-83286-5
  - DISA-STIG-SLES-15-010380
  - NIST-800-171-3.1.16
  - NIST-800-53-AC-18(3)
  - NIST-800-53-AC-18(a)
  - NIST-800-53-CM-6(a)
  - NIST-800-53-CM-7(a)
  - NIST-800-53-CM-7(b)
  - NIST-800-53-MP-7
  - PCI-DSS-Req-1.3.3
  - PCI-DSSv4-1.3
  - PCI-DSSv4-1.3.3
  - low_complexity
  - medium_disruption
  - medium_severity
  - no_reboot_needed
  - unknown_strategy
  - wireless_disable_interfaces

- name: Wicked Disable Wireless Network Interfaces
  ansible.builtin.lineinfile:
    path: /etc/sysconfig/network/ifcfg-{{ item }}
    regexp: ^STARTMODE=
    line: STARTMODE=off
  loop: '{{ ansible_facts.interfaces }}'
  when:
  - ( not ( ansible_virtualization_type in ["docker", "lxc", "openvz", "podman", "container"]
    ) )
  - ansible_facts.services['wickedd.service'].state == 'running'
  - item.startswith("wl")
  tags:
  - CCE-83286-5
  - DISA-STIG-SLES-15-010380
  - NIST-800-171-3.1.16
  - NIST-800-53-AC-18(3)
  - NIST-800-53-AC-18(a)
  - NIST-800-53-CM-6(a)
  - NIST-800-53-CM-7(a)
  - NIST-800-53-CM-7(b)
  - NIST-800-53-MP-7
  - PCI-DSS-Req-1.3.3
  - PCI-DSSv4-1.3
  - PCI-DSSv4-1.3.3
  - low_complexity
  - medium_disruption
  - medium_severity
  - no_reboot_needed
  - unknown_strategy
  - wireless_disable_interfaces

- name: NetworkManager Deactivate Wireless Network Interfaces
  ansible.builtin.command: nmcli radio wifi off
  when:
  - ( not ( ansible_virtualization_type in ["docker", "lxc", "openvz", "podman", "container"]
    ) )
  - '''NetworkManager'' in ansible_facts.packages'
  - ansible_facts.services['NetworkManager.service'].state == 'running'
  tags:
  - CCE-83286-5
  - DISA-STIG-SLES-15-010380
  - NIST-800-171-3.1.16
  - NIST-800-53-AC-18(3)
  - NIST-800-53-AC-18(a)
  - NIST-800-53-CM-6(a)
  - NIST-800-53-CM-7(a)
  - NIST-800-53-CM-7(b)
  - NIST-800-53-MP-7
  - PCI-DSS-Req-1.3.3
  - PCI-DSSv4-1.3
  - PCI-DSSv4-1.3.3
  - low_complexity
  - medium_disruption
  - medium_severity
  - no_reboot_needed
  - unknown_strategy
  - wireless_disable_interfaces
</fix>
            <check system="http://oval.mitre.org/XMLSchema/oval-definitions-5">
              <check-content-ref name="oval:ssg-wireless_disable_interfaces:def:1" href="ssg-sle15-oval.xml"/>
            </check>
            <check system="http://scap.nist.gov/schema/ocil/2">
              <check-content-ref name="ocil:ssg-wireless_disable_interfaces_ocil:questionnaire:1" href="ssg-sle15-ocil.xml"/>
            </check>
          </Rule>
        </Group>
      </Group>
    </Group>
    <Group id="xccdf_org.ssgproject.content_group_permissions">
      <title xmlns:xhtml="http://www.w3.org/1999/xhtml" xml:lang="en-US">File Permissions and Masks</title>
      <description xmlns:xhtml="http://www.w3.org/1999/xhtml" xml:lang="en-US">Traditional Unix security relies heavily on file and
directory permissions to prevent unauthorized users from reading or
modifying files to which they should not have access.
<html:br xmlns:html="http://www.w3.org/1999/xhtml"/>
      <html:br xmlns:html="http://www.w3.org/1999/xhtml"/>
Several of the commands in this section search filesystems
for files or directories with certain characteristics, and are
intended to be run on every local partition on a given system.
When the variable <html:i xmlns:html="http://www.w3.org/1999/xhtml">PART</html:i> appears in one of the commands below,
it means that the command is intended to be run repeatedly, with the
name of each local partition substituted for <html:i xmlns:html="http://www.w3.org/1999/xhtml">PART</html:i> in turn.
<html:br xmlns:html="http://www.w3.org/1999/xhtml"/>
      <html:br xmlns:html="http://www.w3.org/1999/xhtml"/>
The following command prints a list of all xfs partitions on the local
system, which is the default filesystem for SUSE Linux Enterprise 15
installations:
<html:pre xmlns:html="http://www.w3.org/1999/xhtml">$ mount -t xfs | awk '{print $3}'</html:pre>
For any systems that use a different
local filesystem type, modify this command as appropriate.</description>
      <Group id="xccdf_org.ssgproject.content_group_files">
        <title xmlns:xhtml="http://www.w3.org/1999/xhtml" xml:lang="en-US">Verify Permissions on Important Files and
Directories</title>
        <description xmlns:xhtml="http://www.w3.org/1999/xhtml" xml:lang="en-US">Permissions for many files on a system must be set
restrictively to ensure sensitive information is properly protected.
This section discusses important
permission restrictions which can be verified
to ensure that no harmful discrepancies have
arisen.</description>
        <Rule id="xccdf_org.ssgproject.content_rule_dir_perms_world_writable_root_owned" selected="false" role="full" severity="medium">
          <title xmlns:xhtml="http://www.w3.org/1999/xhtml" xml:lang="en-US">Ensure All World-Writable Directories Are Owned by root User</title>
          <description xmlns:xhtml="http://www.w3.org/1999/xhtml" xml:lang="en-US">All directories in local partitions which are world-writable should be owned by root.
If any world-writable directories are not owned by root, this should be investigated.
Following this, the files should be deleted or assigned to root user.</description>
          <reference href="https://www.cyber.mil/stigs/downloads/?_dl_facet_stigs=operating-systems%2Cgeneral-purpose-os">SRG-OS-000480-GPOS-00227</reference>
          <reference href="https://www.cyber.mil/stigs/downloads/?_dl_facet_stigs=operating-systems%2Cgeneral-purpose-os">SRG-OS-000138-GPOS-00069</reference>
          <reference href="https://cyber.gouv.fr/sites/default/files/document/linux_configuration-en-v2.pdf">R54</reference>
          <rationale xmlns:xhtml="http://www.w3.org/1999/xhtml" xml:lang="en-US">Allowing a user account to own a world-writable directory is undesirable because it allows the
owner of that directory to remove or replace any files that may be placed in the directory by
other users.</rationale>
          <ident system="https://ncp.nist.gov/cce">CCE-91239-4</ident>
          <fix xmlns:xhtml="http://www.w3.org/1999/xhtml" id="dir_perms_world_writable_root_owned" system="urn:xccdf:fix:script:sh" complexity="low" disruption="medium" strategy="restrict">
# At least under containerized env /proc can have files w/o possilibity to
# modify even as root. And touching /proc is not good idea anyways.
find / -path /proc -prune -o \
    -not -fstype afs -not -fstype autofs -not -fstype ceph -not -fstype cifs -not -fstype smb3 \
    -not -fstype smbfs -not -fstype sshfs -not -fstype ncpfs -not -fstype ncp -not -fstype nfs \
    -not -fstype nfs4 -not -fstype gfs -not -fstype gfs2 -not -fstype glusterfs -not -fstype gpfs \
    -not -fstype pvfs2 -not -fstype ocfs2 -not -fstype lustre -not -fstype davfs \
    -not -fstype fuse.sshfs -type d -perm -0002 -uid +0 -exec chown root {} \;
</fix>
          <fix xmlns:xhtml="http://www.w3.org/1999/xhtml" id="dir_perms_world_writable_root_owned" system="urn:xccdf:fix:script:ansible" complexity="low" disruption="medium" strategy="restrict">- name: Ensure All World-Writable Directories Are Owned by root User - Define Excluded
    (Non-Local) File Systems and Paths
  ansible.builtin.set_fact:
    excluded_fstypes:
    - afs
    - autofs
    - ceph
    - cifs
    - smb3
    - smbfs
    - sshfs
    - ncpfs
    - ncp
    - nfs
    - nfs4
    - gfs
    - gfs2
    - glusterfs
    - gpfs
    - pvfs2
    - ocfs2
    - lustre
    - davfs
    - fuse.sshfs
    excluded_paths:
    - dev
    - proc
    - run
    - sys
    search_paths: []
  tags:
  - CCE-91239-4
  - dir_perms_world_writable_root_owned
  - low_complexity
  - medium_disruption
  - medium_severity
  - no_reboot_needed
  - restrict_strategy

- name: Ensure All World-Writable Directories Are Owned by root User - Find Relevant
    Root Directories Ignoring Pre-Defined Excluded Paths
  ansible.builtin.find:
    paths: /
    file_type: directory
    excludes: '{{ excluded_paths }}'
    hidden: true
    recurse: false
  register: result_relevant_root_dirs
  tags:
  - CCE-91239-4
  - dir_perms_world_writable_root_owned
  - low_complexity
  - medium_disruption
  - medium_severity
  - no_reboot_needed
  - restrict_strategy

- name: Ensure All World-Writable Directories Are Owned by root User - Include Relevant
    Root Directories in a List of Paths to be Searched
  ansible.builtin.set_fact:
    search_paths: '{{ search_paths | union([item.path]) }}'
  loop: '{{ result_relevant_root_dirs.files }}'
  tags:
  - CCE-91239-4
  - dir_perms_world_writable_root_owned
  - low_complexity
  - medium_disruption
  - medium_severity
  - no_reboot_needed
  - restrict_strategy

- name: Ensure All World-Writable Directories Are Owned by root User - Increment Search
    Paths List with Local Partitions Mount Points
  ansible.builtin.set_fact:
    search_paths: '{{ search_paths | union([item.mount]) }}'
  loop: '{{ ansible_mounts }}'
  when:
  - item.fstype not in excluded_fstypes
  - item.mount != '/'
  tags:
  - CCE-91239-4
  - dir_perms_world_writable_root_owned
  - low_complexity
  - medium_disruption
  - medium_severity
  - no_reboot_needed
  - restrict_strategy

- name: Ensure All World-Writable Directories Are Owned by root User - Increment Search
    Paths List with Local NFS File System Targets
  ansible.builtin.set_fact:
    search_paths: '{{ search_paths | union([item.device.split('':'')[1]]) }}'
  loop: '{{ ansible_mounts }}'
  when: item.device is search("localhost:")
  tags:
  - CCE-91239-4
  - dir_perms_world_writable_root_owned
  - low_complexity
  - medium_disruption
  - medium_severity
  - no_reboot_needed
  - restrict_strategy

- name: Ensure All World-Writable Directories Are Owned by root User - Define Rule
    Specific Facts
  ansible.builtin.set_fact:
    world_writable_dirs: []
  tags:
  - CCE-91239-4
  - dir_perms_world_writable_root_owned
  - low_complexity
  - medium_disruption
  - medium_severity
  - no_reboot_needed
  - restrict_strategy

- name: Ensure All World-Writable Directories Are Owned by root User - Find All Uncompliant
    Directories in Local File Systems
  ansible.builtin.command:
    cmd: find {{ item }} -xdev -type d -perm -0002 -uid +0
  loop: '{{ search_paths }}'
  changed_when: false
  register: result_found_dirs
  tags:
  - CCE-91239-4
  - dir_perms_world_writable_root_owned
  - low_complexity
  - medium_disruption
  - medium_severity
  - no_reboot_needed
  - restrict_strategy

- name: Ensure All World-Writable Directories Are Owned by root User - Create List
    of World Writable Directories Not Owned by root
  ansible.builtin.set_fact:
    world_writable_dirs: '{{ world_writable_dirs | union(item.stdout_lines) | list
      }}'
  loop: '{{ result_found_dirs.results }}'
  when: item is not skipped
  tags:
  - CCE-91239-4
  - dir_perms_world_writable_root_owned
  - low_complexity
  - medium_disruption
  - medium_severity
  - no_reboot_needed
  - restrict_strategy

- name: Ensure All World-Writable Directories Are Owned by root User - Ensure root
    Ownership on Local World Writable Directories
  ansible.builtin.file:
    path: '{{ item }}'
    owner: root
  loop: '{{ world_writable_dirs }}'
  tags:
  - CCE-91239-4
  - dir_perms_world_writable_root_owned
  - low_complexity
  - medium_disruption
  - medium_severity
  - no_reboot_needed
  - restrict_strategy
</fix>
          <check system="http://oval.mitre.org/XMLSchema/oval-definitions-5">
            <check-content-ref name="oval:ssg-dir_perms_world_writable_root_owned:def:1" href="ssg-sle15-oval.xml"/>
          </check>
          <check system="http://scap.nist.gov/schema/ocil/2">
            <check-content-ref name="ocil:ssg-dir_perms_world_writable_root_owned_ocil:questionnaire:1" href="ssg-sle15-ocil.xml"/>
          </check>
        </Rule>
        <Rule id="xccdf_org.ssgproject.content_rule_dir_perms_world_writable_sticky_bits" selected="false" role="full" severity="medium">
          <title xmlns:xhtml="http://www.w3.org/1999/xhtml" xml:lang="en-US">Verify that All World-Writable Directories Have Sticky Bits Set</title>
          <description xmlns:xhtml="http://www.w3.org/1999/xhtml" xml:lang="en-US">When the so-called 'sticky bit' is set on a directory, only the owner of a given file may
remove that file from the directory. Without the sticky bit, any user with write access to a
directory may remove any file in the directory. Setting the sticky bit prevents users from
removing each other's files. In cases where there is no reason for a directory to be
world-writable, a better solution is to remove that permission rather than to set the sticky
bit. However, if a directory is used by a particular application, consult that application's
documentation instead of blindly changing modes.
<html:br xmlns:html="http://www.w3.org/1999/xhtml"/>
To set the sticky bit on a world-writable directory <html:i xmlns:html="http://www.w3.org/1999/xhtml">DIR</html:i>, run the following command:
<html:pre xmlns:html="http://www.w3.org/1999/xhtml">$ sudo chmod +t <html:i>DIR</html:i>
        </html:pre>
       </description>
          <warning xmlns:xhtml="http://www.w3.org/1999/xhtml" xml:lang="en-US" category="general">This rule can take a long time to perform the check and might consume a considerable
amount of resources depending on the number of directories present on the system. It is
not a problem in most cases, but especially systems with a large number of directories can
be affected. See <html:code xmlns:html="http://www.w3.org/1999/xhtml">https://access.redhat.com/articles/6999111</html:code>.</warning>
          <warning xmlns:xhtml="http://www.w3.org/1999/xhtml" xml:lang="en-US" category="general">Please note that there might be cases where the rule remediation cannot fix directory permissions.
This can happen for example when running on a system with some immutable parts.
These immutable parts cannot be remediated because they are read-only.
Example of such directories can be OStree deployments located at <html:code xmlns:html="http://www.w3.org/1999/xhtml">/sysroot/ostree/deploy</html:code>.
In such case, it is needed to make modifications to the underlying ostree snapshot and this is out of scope of regular rule remediation.</warning>
          <reference href="https://www.cisecurity.org/controls/">12</reference>
          <reference href="https://www.cisecurity.org/controls/">13</reference>
          <reference href="https://www.cisecurity.org/controls/">14</reference>
          <reference href="https://www.cisecurity.org/controls/">15</reference>
          <reference href="https://www.cisecurity.org/controls/">16</reference>
          <reference href="https://www.cisecurity.org/controls/">18</reference>
          <reference href="https://www.cisecurity.org/controls/">3</reference>
          <reference href="https://www.cisecurity.org/controls/">5</reference>
          <reference href="https://www.isaca.org/resources/cobit">APO01.06</reference>
          <reference href="https://www.isaca.org/resources/cobit">DSS05.04</reference>
          <reference href="https://www.isaca.org/resources/cobit">DSS05.07</reference>
          <reference href="https://www.isaca.org/resources/cobit">DSS06.02</reference>
          <reference href="https://www.isa.org/products/isa-62443-2-1-2009-security-for-industrial-automat">4.3.3.7.3</reference>
          <reference href="https://www.isa.org/products/ansi-isa-62443-3-3-99-03-03-2013-security-for-indu">SR 2.1</reference>
          <reference href="https://www.isa.org/products/ansi-isa-62443-3-3-99-03-03-2013-security-for-indu">SR 5.2</reference>
          <reference href="https://www.iso.org/contents/data/standard/05/45/54534.html">A.10.1.1</reference>
          <reference href="https://www.iso.org/contents/data/standard/05/45/54534.html">A.11.1.4</reference>
          <reference href="https://www.iso.org/contents/data/standard/05/45/54534.html">A.11.1.5</reference>
          <reference href="https://www.iso.org/contents/data/standard/05/45/54534.html">A.11.2.1</reference>
          <reference href="https://www.iso.org/contents/data/standard/05/45/54534.html">A.13.1.1</reference>
          <reference href="https://www.iso.org/contents/data/standard/05/45/54534.html">A.13.1.3</reference>
          <reference href="https://www.iso.org/contents/data/standard/05/45/54534.html">A.13.2.1</reference>
          <reference href="https://www.iso.org/contents/data/standard/05/45/54534.html">A.13.2.3</reference>
          <reference href="https://www.iso.org/contents/data/standard/05/45/54534.html">A.13.2.4</reference>
          <reference href="https://www.iso.org/contents/data/standard/05/45/54534.html">A.14.1.2</reference>
          <reference href="https://www.iso.org/contents/data/standard/05/45/54534.html">A.14.1.3</reference>
          <reference href="https://www.iso.org/contents/data/standard/05/45/54534.html">A.6.1.2</reference>
          <reference href="https://www.iso.org/contents/data/standard/05/45/54534.html">A.7.1.1</reference>
          <reference href="https://www.iso.org/contents/data/standard/05/45/54534.html">A.7.1.2</reference>
          <reference href="https://www.iso.org/contents/data/standard/05/45/54534.html">A.7.3.1</reference>
          <reference href="https://www.iso.org/contents/data/standard/05/45/54534.html">A.8.2.2</reference>
          <reference href="https://www.iso.org/contents/data/standard/05/45/54534.html">A.8.2.3</reference>
          <reference href="https://www.iso.org/contents/data/standard/05/45/54534.html">A.9.1.1</reference>
          <reference href="https://www.iso.org/contents/data/standard/05/45/54534.html">A.9.1.2</reference>
          <reference href="https://www.iso.org/contents/data/standard/05/45/54534.html">A.9.2.3</reference>
          <reference href="https://www.iso.org/contents/data/standard/05/45/54534.html">A.9.4.1</reference>
          <reference href="https://www.iso.org/contents/data/standard/05/45/54534.html">A.9.4.4</reference>
          <reference href="https://www.iso.org/contents/data/standard/05/45/54534.html">A.9.4.5</reference>
          <reference href="https://www.nerc.com/standards/reliability-standards/cip">CIP-003-8 R5.1.1</reference>
          <reference href="https://www.nerc.com/standards/reliability-standards/cip">CIP-003-8 R5.3</reference>
          <reference href="https://www.nerc.com/standards/reliability-standards/cip">CIP-004-6 R2.3</reference>
          <reference href="https://www.nerc.com/standards/reliability-standards/cip">CIP-007-3 R2.1</reference>
          <reference href="https://www.nerc.com/standards/reliability-standards/cip">CIP-007-3 R2.2</reference>
          <reference href="https://www.nerc.com/standards/reliability-standards/cip">CIP-007-3 R2.3</reference>
          <reference href="https://www.nerc.com/standards/reliability-standards/cip">CIP-007-3 R5.1</reference>
          <reference href="https://www.nerc.com/standards/reliability-standards/cip">CIP-007-3 R5.1.1</reference>
          <reference href="https://www.nerc.com/standards/reliability-standards/cip">CIP-007-3 R5.1.2</reference>
          <reference href="http://nvlpubs.nist.gov/nistpubs/SpecialPublications/NIST.SP.800-53r4.pdf">CM-6(a)</reference>
          <reference href="http://nvlpubs.nist.gov/nistpubs/SpecialPublications/NIST.SP.800-53r4.pdf">AC-6(1)</reference>
          <reference href="https://nvlpubs.nist.gov/nistpubs/CSWP/NIST.CSWP.04162018.pdf">PR.AC-4</reference>
          <reference href="https://nvlpubs.nist.gov/nistpubs/CSWP/NIST.CSWP.04162018.pdf">PR.DS-5</reference>
          <reference href="https://www.cyber.mil/stigs/downloads/?_dl_facet_stigs=operating-systems%2Cgeneral-purpose-os">SRG-OS-000138-GPOS-00069</reference>
          <reference href="https://www.cyber.mil/stigs/downloads/?_dl_facet_stigs=operating-systems%2Cunix-linux">SLES-15-010300</reference>
          <reference href="https://www.cisecurity.org/benchmark/suse_linux/">1.1.22</reference>
          <reference href="https://cyber.gouv.fr/sites/default/files/document/linux_configuration-en-v2.pdf">R54</reference>
          <reference href="https://www.cyber.gov.au/acsc/view-all-content/ism">1409</reference>
          <reference href="https://docs-prv.pcisecuritystandards.org/PCI%20DSS/Standard/PCI-DSS-v4_0.pdf">2.2.6</reference>
          <reference href="https://docs-prv.pcisecuritystandards.org/PCI%20DSS/Standard/PCI-DSS-v4_0.pdf">2.2</reference>
          <reference href="https://www.cyber.mil/stigs/srg-stig-tools/">SV-234828r958524_rule</reference>
          <rationale xmlns:xhtml="http://www.w3.org/1999/xhtml" xml:lang="en-US">Failing to set the sticky bit on public directories allows unauthorized users to delete files
in the directory structure.
<html:br xmlns:html="http://www.w3.org/1999/xhtml"/>
        <html:br xmlns:html="http://www.w3.org/1999/xhtml"/>
The only authorized public directories are those temporary directories supplied with the
system, or those designed to be temporary file repositories. The setting is normally reserved
for directories used by the system, by users for temporary file storage (such as <html:code xmlns:html="http://www.w3.org/1999/xhtml">/tmp</html:code>),
and for directories requiring global read/write access.</rationale>
          <ident system="https://ncp.nist.gov/cce">CCE-83282-4</ident>
          <fix xmlns:xhtml="http://www.w3.org/1999/xhtml" id="dir_perms_world_writable_sticky_bits" system="urn:xccdf:fix:script:sh">df --local -P | awk '{if (NR!=1) print $6}' \
| xargs -I '$6' find '$6' -xdev -type d \
\( -perm -0002 -a ! -perm -1000 \) 2&gt;/dev/null \
-exec chmod a+t {} +
</fix>
          <fix xmlns:xhtml="http://www.w3.org/1999/xhtml" id="dir_perms_world_writable_sticky_bits" system="urn:xccdf:fix:script:ansible" complexity="low" disruption="low" strategy="restrict">- name: Verify that All World-Writable Directories Have Sticky Bits Set - Define Excluded
    (Non-Local) File Systems and Paths
  ansible.builtin.set_fact:
    excluded_fstypes:
    - afs
    - autofs
    - ceph
    - cifs
    - smb3
    - smbfs
    - sshfs
    - ncpfs
    - ncp
    - nfs
    - nfs4
    - gfs
    - gfs2
    - glusterfs
    - gpfs
    - pvfs2
    - ocfs2
    - lustre
    - davfs
    - fuse.sshfs
    excluded_paths:
    - dev
    - proc
    - run
    - sys
    search_paths: []
  tags:
  - CCE-83282-4
  - DISA-STIG-SLES-15-010300
  - NIST-800-53-AC-6(1)
  - NIST-800-53-CM-6(a)
  - PCI-DSSv4-2.2
  - PCI-DSSv4-2.2.6
  - dir_perms_world_writable_sticky_bits
  - low_complexity
  - low_disruption
  - medium_severity
  - no_reboot_needed
  - restrict_strategy

- name: Verify that All World-Writable Directories Have Sticky Bits Set - Find Relevant
    Root Directories Ignoring Pre-Defined Excluded Paths
  ansible.builtin.find:
    paths: /
    file_type: directory
    excludes: '{{ excluded_paths }}'
    hidden: true
    recurse: false
  register: result_relevant_root_dirs
  tags:
  - CCE-83282-4
  - DISA-STIG-SLES-15-010300
  - NIST-800-53-AC-6(1)
  - NIST-800-53-CM-6(a)
  - PCI-DSSv4-2.2
  - PCI-DSSv4-2.2.6
  - dir_perms_world_writable_sticky_bits
  - low_complexity
  - low_disruption
  - medium_severity
  - no_reboot_needed
  - restrict_strategy

- name: Verify that All World-Writable Directories Have Sticky Bits Set - Include
    Relevant Root Directories in a List of Paths to be Searched
  ansible.builtin.set_fact:
    search_paths: '{{ search_paths | union([item.path]) }}'
  loop: '{{ result_relevant_root_dirs.files }}'
  tags:
  - CCE-83282-4
  - DISA-STIG-SLES-15-010300
  - NIST-800-53-AC-6(1)
  - NIST-800-53-CM-6(a)
  - PCI-DSSv4-2.2
  - PCI-DSSv4-2.2.6
  - dir_perms_world_writable_sticky_bits
  - low_complexity
  - low_disruption
  - medium_severity
  - no_reboot_needed
  - restrict_strategy

- name: Verify that All World-Writable Directories Have Sticky Bits Set - Increment
    Search Paths List with Local Partitions Mount Points
  ansible.builtin.set_fact:
    search_paths: '{{ search_paths | union([item.mount]) }}'
  loop: '{{ ansible_mounts }}'
  when:
  - item.fstype not in excluded_fstypes
  - item.mount != '/'
  tags:
  - CCE-83282-4
  - DISA-STIG-SLES-15-010300
  - NIST-800-53-AC-6(1)
  - NIST-800-53-CM-6(a)
  - PCI-DSSv4-2.2
  - PCI-DSSv4-2.2.6
  - dir_perms_world_writable_sticky_bits
  - low_complexity
  - low_disruption
  - medium_severity
  - no_reboot_needed
  - restrict_strategy

- name: Verify that All World-Writable Directories Have Sticky Bits Set - Increment
    Search Paths List with Local NFS File System Targets
  ansible.builtin.set_fact:
    search_paths: '{{ search_paths | union([item.device.split('':'')[1]]) }}'
  loop: '{{ ansible_mounts }}'
  when: item.device is search("localhost:")
  tags:
  - CCE-83282-4
  - DISA-STIG-SLES-15-010300
  - NIST-800-53-AC-6(1)
  - NIST-800-53-CM-6(a)
  - PCI-DSSv4-2.2
  - PCI-DSSv4-2.2.6
  - dir_perms_world_writable_sticky_bits
  - low_complexity
  - low_disruption
  - medium_severity
  - no_reboot_needed
  - restrict_strategy

- name: Verify that All World-Writable Directories Have Sticky Bits Set - Define Rule
    Specific Facts
  ansible.builtin.set_fact:
    world_writable_dirs: []
  tags:
  - CCE-83282-4
  - DISA-STIG-SLES-15-010300
  - NIST-800-53-AC-6(1)
  - NIST-800-53-CM-6(a)
  - PCI-DSSv4-2.2
  - PCI-DSSv4-2.2.6
  - dir_perms_world_writable_sticky_bits
  - low_complexity
  - low_disruption
  - medium_severity
  - no_reboot_needed
  - restrict_strategy

- name: Verify that All World-Writable Directories Have Sticky Bits Set - Find All
    Uncompliant Directories in Local File Systems
  ansible.builtin.command:
    cmd: find {{ item }} -xdev -type d ( -perm -0002 -a ! -perm -1000 )
  loop: '{{ search_paths }}'
  changed_when: false
  register: result_found_dirs
  tags:
  - CCE-83282-4
  - DISA-STIG-SLES-15-010300
  - NIST-800-53-AC-6(1)
  - NIST-800-53-CM-6(a)
  - PCI-DSSv4-2.2
  - PCI-DSSv4-2.2.6
  - dir_perms_world_writable_sticky_bits
  - low_complexity
  - low_disruption
  - medium_severity
  - no_reboot_needed
  - restrict_strategy

- name: Verify that All World-Writable Directories Have Sticky Bits Set - Create List
    of World Writable Directories Without Sticky Bit
  ansible.builtin.set_fact:
    world_writable_dirs: '{{ world_writable_dirs | union(item.stdout_lines) | list
      }}'
  loop: '{{ result_found_dirs.results }}'
  when: result_found_dirs is not skipped and item is not skipped
  tags:
  - CCE-83282-4
  - DISA-STIG-SLES-15-010300
  - NIST-800-53-AC-6(1)
  - NIST-800-53-CM-6(a)
  - PCI-DSSv4-2.2
  - PCI-DSSv4-2.2.6
  - dir_perms_world_writable_sticky_bits
  - low_complexity
  - low_disruption
  - medium_severity
  - no_reboot_needed
  - restrict_strategy

- name: Verify that All World-Writable Directories Have Sticky Bits Set - Ensure Sticky
    Bit is Set on Local World Writable Directories
  ansible.builtin.file:
    path: '{{ item }}'
    mode: a+t
  loop: '{{ world_writable_dirs }}'
  tags:
  - CCE-83282-4
  - DISA-STIG-SLES-15-010300
  - NIST-800-53-AC-6(1)
  - NIST-800-53-CM-6(a)
  - PCI-DSSv4-2.2
  - PCI-DSSv4-2.2.6
  - dir_perms_world_writable_sticky_bits
  - low_complexity
  - low_disruption
  - medium_severity
  - no_reboot_needed
  - restrict_strategy
</fix>
          <check system="http://oval.mitre.org/XMLSchema/oval-definitions-5">
            <check-content-ref name="oval:ssg-dir_perms_world_writable_sticky_bits:def:1" href="ssg-sle15-oval.xml"/>
          </check>
          <check system="http://scap.nist.gov/schema/ocil/2">
            <check-content-ref name="ocil:ssg-dir_perms_world_writable_sticky_bits_ocil:questionnaire:1" href="ssg-sle15-ocil.xml"/>
          </check>
        </Rule>
        <Rule id="xccdf_org.ssgproject.content_rule_dir_perms_world_writable_system_owned_group" selected="false" role="full" severity="medium">
          <title xmlns:xhtml="http://www.w3.org/1999/xhtml" xml:lang="en-US">Ensure All World-Writable Directories Are Group Owned by a System Account</title>
          <description xmlns:xhtml="http://www.w3.org/1999/xhtml" xml:lang="en-US">All directories in local partitions which are
world-writable should be group owned by root or another
system account. If any world-writable directories are not
group owned by a system account, this should be investigated.
Following this, the files should be deleted or assigned to an
appropriate group.</description>
          <reference href="https://www.cisecurity.org/controls/">12</reference>
          <reference href="https://www.cisecurity.org/controls/">13</reference>
          <reference href="https://www.cisecurity.org/controls/">14</reference>
          <reference href="https://www.cisecurity.org/controls/">15</reference>
          <reference href="https://www.cisecurity.org/controls/">16</reference>
          <reference href="https://www.cisecurity.org/controls/">18</reference>
          <reference href="https://www.cisecurity.org/controls/">3</reference>
          <reference href="https://www.cisecurity.org/controls/">5</reference>
          <reference href="https://www.isaca.org/resources/cobit">APO01.06</reference>
          <reference href="https://www.isaca.org/resources/cobit">DSS05.04</reference>
          <reference href="https://www.isaca.org/resources/cobit">DSS05.07</reference>
          <reference href="https://www.isaca.org/resources/cobit">DSS06.02</reference>
          <reference href="https://www.isa.org/products/isa-62443-2-1-2009-security-for-industrial-automat">4.3.3.7.3</reference>
          <reference href="https://www.isa.org/products/ansi-isa-62443-3-3-99-03-03-2013-security-for-indu">SR 2.1</reference>
          <reference href="https://www.isa.org/products/ansi-isa-62443-3-3-99-03-03-2013-security-for-indu">SR 5.2</reference>
          <reference href="https://www.iso.org/contents/data/standard/05/45/54534.html">A.10.1.1</reference>
          <reference href="https://www.iso.org/contents/data/standard/05/45/54534.html">A.11.1.4</reference>
          <reference href="https://www.iso.org/contents/data/standard/05/45/54534.html">A.11.1.5</reference>
          <reference href="https://www.iso.org/contents/data/standard/05/45/54534.html">A.11.2.1</reference>
          <reference href="https://www.iso.org/contents/data/standard/05/45/54534.html">A.13.1.1</reference>
          <reference href="https://www.iso.org/contents/data/standard/05/45/54534.html">A.13.1.3</reference>
          <reference href="https://www.iso.org/contents/data/standard/05/45/54534.html">A.13.2.1</reference>
          <reference href="https://www.iso.org/contents/data/standard/05/45/54534.html">A.13.2.3</reference>
          <reference href="https://www.iso.org/contents/data/standard/05/45/54534.html">A.13.2.4</reference>
          <reference href="https://www.iso.org/contents/data/standard/05/45/54534.html">A.14.1.2</reference>
          <reference href="https://www.iso.org/contents/data/standard/05/45/54534.html">A.14.1.3</reference>
          <reference href="https://www.iso.org/contents/data/standard/05/45/54534.html">A.6.1.2</reference>
          <reference href="https://www.iso.org/contents/data/standard/05/45/54534.html">A.7.1.1</reference>
          <reference href="https://www.iso.org/contents/data/standard/05/45/54534.html">A.7.1.2</reference>
          <reference href="https://www.iso.org/contents/data/standard/05/45/54534.html">A.7.3.1</reference>
          <reference href="https://www.iso.org/contents/data/standard/05/45/54534.html">A.8.2.2</reference>
          <reference href="https://www.iso.org/contents/data/standard/05/45/54534.html">A.8.2.3</reference>
          <reference href="https://www.iso.org/contents/data/standard/05/45/54534.html">A.9.1.1</reference>
          <reference href="https://www.iso.org/contents/data/standard/05/45/54534.html">A.9.1.2</reference>
          <reference href="https://www.iso.org/contents/data/standard/05/45/54534.html">A.9.2.3</reference>
          <reference href="https://www.iso.org/contents/data/standard/05/45/54534.html">A.9.4.1</reference>
          <reference href="https://www.iso.org/contents/data/standard/05/45/54534.html">A.9.4.4</reference>
          <reference href="https://www.iso.org/contents/data/standard/05/45/54534.html">A.9.4.5</reference>
          <reference href="http://nvlpubs.nist.gov/nistpubs/SpecialPublications/NIST.SP.800-53r4.pdf">CM-6(a)</reference>
          <reference href="http://nvlpubs.nist.gov/nistpubs/SpecialPublications/NIST.SP.800-53r4.pdf">AC-6(1)</reference>
          <reference href="https://nvlpubs.nist.gov/nistpubs/CSWP/NIST.CSWP.04162018.pdf">PR.AC-4</reference>
          <reference href="https://nvlpubs.nist.gov/nistpubs/CSWP/NIST.CSWP.04162018.pdf">PR.DS-5</reference>
          <reference href="https://www.cyber.mil/stigs/downloads/?_dl_facet_stigs=operating-systems%2Cgeneral-purpose-os">SRG-OS-000480-GPOS-00227</reference>
          <reference href="https://www.cyber.mil/stigs/downloads/?_dl_facet_stigs=operating-systems%2Cunix-linux">SLES-15-040180</reference>
          <reference href="https://www.cyber.mil/stigs/srg-stig-tools/">SV-235002r991589_rule</reference>
          <rationale xmlns:xhtml="http://www.w3.org/1999/xhtml" xml:lang="en-US">Allowing a user account to group own a world-writable directory is
undesirable because it allows the owner of that directory to remove
or replace any files that may be placed in the directory by other
users.</rationale>
          <ident system="https://ncp.nist.gov/cce">CCE-85637-7</ident>
          <check system="http://oval.mitre.org/XMLSchema/oval-definitions-5">
            <check-content-ref name="oval:ssg-dir_perms_world_writable_system_owned_group:def:1" href="ssg-sle15-oval.xml"/>
          </check>
          <check system="http://scap.nist.gov/schema/ocil/2">
            <check-content-ref name="ocil:ssg-dir_perms_world_writable_system_owned_group_ocil:questionnaire:1" href="ssg-sle15-ocil.xml"/>
          </check>
        </Rule>
        <Rule id="xccdf_org.ssgproject.content_rule_dir_system_commands_group_root_owned" selected="false" role="full" severity="medium">
          <title xmlns:xhtml="http://www.w3.org/1999/xhtml" xml:lang="en-US">Verify that system commands directories have root as a group owner</title>
          <description xmlns:xhtml="http://www.w3.org/1999/xhtml" xml:lang="en-US">System commands are stored in the following directories:
by default:
<html:pre xmlns:html="http://www.w3.org/1999/xhtml">/bin 
/sbin 
/usr/bin 
/usr/sbin 
/usr/local/bin 
/usr/local/sbin
</html:pre>
All these directories should have <html:code xmlns:html="http://www.w3.org/1999/xhtml">root</html:code> user as a group owner. 
If any system command directory is not group owned by a user other than root 
correct its ownership with the following command:
<html:pre xmlns:html="http://www.w3.org/1999/xhtml">$ sudo chgrp root <html:i>DIR</html:i>
        </html:pre>
       </description>
          <reference href="http://nvlpubs.nist.gov/nistpubs/SpecialPublications/NIST.SP.800-53r4.pdf">CM-5(6)</reference>
          <reference href="http://nvlpubs.nist.gov/nistpubs/SpecialPublications/NIST.SP.800-53r4.pdf">CM-5(6).1</reference>
          <reference href="https://www.cyber.mil/stigs/downloads/?_dl_facet_stigs=operating-systems%2Cgeneral-purpose-os">SRG-OS-000259-GPOS-00100</reference>
          <reference href="https://www.cyber.mil/stigs/downloads/?_dl_facet_stigs=operating-systems%2Cunix-linux">SLES-15-010362</reference>
          <reference href="https://cyber.gouv.fr/sites/default/files/document/linux_configuration-en-v2.pdf">R50</reference>
          <reference href="https://www.cyber.mil/stigs/srg-stig-tools/">SV-234845r991560_rule</reference>
          <rationale xmlns:xhtml="http://www.w3.org/1999/xhtml" xml:lang="en-US">If the operating system were to allow any user to make changes to 
software libraries, then those changes might be implemented without 
undergoing the appropriate testing and approvals that are part of a 
robust change management process.

This requirement applies to operating systems with software libraries
that are accessible and configurable, as in the case of interpreted languages. 
Software libraries also include privileged programs which execute with escalated 
privileges. Only qualified and authorized individuals must be allowed to obtain 
access to information system components for purposes of initiating changes, 
including upgrades and modifications.</rationale>
          <ident system="https://ncp.nist.gov/cce">CCE-85743-3</ident>
          <fix xmlns:xhtml="http://www.w3.org/1999/xhtml" id="dir_system_commands_group_root_owned" system="urn:xccdf:fix:script:sh">

for SYSCMDDIRS in /bin /sbin /usr/bin /usr/sbin /usr/local/bin /usr/local/sbin
do
     find -L $SYSCMDDIRS ! -group root -type d -exec chgrp root '{}' \; 
done
</fix>
          <fix xmlns:xhtml="http://www.w3.org/1999/xhtml" id="dir_system_commands_group_root_owned" system="urn:xccdf:fix:script:ansible" complexity="medium" disruption="medium" strategy="restrict">- name: Verify that system commands directories have root as a group owner - Set group
    ownership of directories that contain system commands to root
  ansible.builtin.file:
    path: '{{ item }}'
    group: root
    recurse: 'yes'
    state: directory
    follow: 'yes'
  with_items:
  - /bin
  - /sbin
  - /usr/bin
  - /usr/sbin
  - /usr/local/bin
  - /usr/local/sbin
  tags:
  - CCE-85743-3
  - DISA-STIG-SLES-15-010362
  - NIST-800-53-CM-5(6)
  - NIST-800-53-CM-5(6).1
  - dir_system_commands_group_root_owned
  - medium_complexity
  - medium_disruption
  - medium_severity
  - no_reboot_needed
  - restrict_strategy
</fix>
          <check system="http://oval.mitre.org/XMLSchema/oval-definitions-5">
            <check-content-ref name="oval:ssg-dir_system_commands_group_root_owned:def:1" href="ssg-sle15-oval.xml"/>
          </check>
          <check system="http://scap.nist.gov/schema/ocil/2">
            <check-content-ref name="ocil:ssg-dir_system_commands_group_root_owned_ocil:questionnaire:1" href="ssg-sle15-ocil.xml"/>
          </check>
        </Rule>
        <Rule id="xccdf_org.ssgproject.content_rule_dir_system_commands_root_owned" selected="false" role="full" severity="medium">
          <title xmlns:xhtml="http://www.w3.org/1999/xhtml" xml:lang="en-US">Verify that system commands directories have root ownership</title>
          <description xmlns:xhtml="http://www.w3.org/1999/xhtml" xml:lang="en-US">System commands are stored in the following directories by default:
<html:pre xmlns:html="http://www.w3.org/1999/xhtml">/bin 
/sbin 
/usr/bin 
/usr/sbin 
/usr/local/bin 
/usr/local/sbin
</html:pre>
All these directories should be owned by the <html:code xmlns:html="http://www.w3.org/1999/xhtml">root</html:code> user. 
If any system command directory is not owned by a user other than root 
correct its ownership with the following command:
<html:pre xmlns:html="http://www.w3.org/1999/xhtml">$ sudo chown root <html:i>DIR</html:i>
        </html:pre>
       </description>
          <reference href="http://nvlpubs.nist.gov/nistpubs/SpecialPublications/NIST.SP.800-53r4.pdf">CM-5(6)</reference>
          <reference href="http://nvlpubs.nist.gov/nistpubs/SpecialPublications/NIST.SP.800-53r4.pdf">CM-5(6).1</reference>
          <reference href="https://www.cyber.mil/stigs/downloads/?_dl_facet_stigs=operating-systems%2Cgeneral-purpose-os">SRG-OS-000259-GPOS-00100</reference>
          <reference href="https://www.cyber.mil/stigs/downloads/?_dl_facet_stigs=operating-systems%2Cunix-linux">SLES-15-010360</reference>
          <reference href="https://cyber.gouv.fr/sites/default/files/document/linux_configuration-en-v2.pdf">R50</reference>
          <reference href="https://www.cyber.mil/stigs/srg-stig-tools/">SV-234843r991560_rule</reference>
          <rationale xmlns:xhtml="http://www.w3.org/1999/xhtml" xml:lang="en-US">If the operating system were to allow any user to make changes to 
software libraries, then those changes might be implemented without 
undergoing the appropriate testing and approvals that are part of a 
robust change management process.

This requirement applies to operating systems with software libraries
that are accessible and configurable, as in the case of interpreted languages. 
Software libraries also include privileged programs which execute with escalated 
privileges. Only qualified and authorized individuals must be allowed to obtain 
access to information system components for purposes of initiating changes, 
including upgrades and modifications.</rationale>
          <ident system="https://ncp.nist.gov/cce">CCE-85741-7</ident>
          <fix xmlns:xhtml="http://www.w3.org/1999/xhtml" id="dir_system_commands_root_owned" system="urn:xccdf:fix:script:sh">
for SYSCMDDIRS in /bin /sbin /usr/bin /usr/sbin /usr/local/bin /usr/local/sbin
do
   find -L $SYSCMDDIRS \! -user root -type d -exec chown root {} \; 
done
</fix>
          <fix xmlns:xhtml="http://www.w3.org/1999/xhtml" id="dir_system_commands_root_owned" system="urn:xccdf:fix:script:ansible" complexity="medium" disruption="medium" strategy="restrict">- name: Verify that system commands directories have root ownership - Set ownership
    of directories that contain system commands to root
  ansible.builtin.file:
    path: '{{ item }}'
    owner: root
    recurse: 'yes'
    state: directory
    follow: 'yes'
  with_items:
  - /bin
  - /sbin
  - /usr/bin
  - /usr/sbin
  - /usr/local/bin
  - /usr/local/sbin
  tags:
  - CCE-85741-7
  - DISA-STIG-SLES-15-010360
  - NIST-800-53-CM-5(6)
  - NIST-800-53-CM-5(6).1
  - dir_system_commands_root_owned
  - medium_complexity
  - medium_disruption
  - medium_severity
  - no_reboot_needed
  - restrict_strategy
</fix>
          <check system="http://oval.mitre.org/XMLSchema/oval-definitions-5">
            <check-content-ref name="oval:ssg-dir_system_commands_root_owned:def:1" href="ssg-sle15-oval.xml"/>
          </check>
          <check system="http://scap.nist.gov/schema/ocil/2">
            <check-content-ref name="ocil:ssg-dir_system_commands_root_owned_ocil:questionnaire:1" href="ssg-sle15-ocil.xml"/>
          </check>
        </Rule>
        <Rule id="xccdf_org.ssgproject.content_rule_file_groupowner_etc_crypttab" selected="false" role="full" severity="medium">
          <title xmlns:xhtml="http://www.w3.org/1999/xhtml" xml:lang="en-US">Verify Group Who Owns /etc/crypttab File</title>
          <description xmlns:xhtml="http://www.w3.org/1999/xhtml" xml:lang="en-US"> To properly set the group owner of <html:code xmlns:html="http://www.w3.org/1999/xhtml">/etc/crypttab</html:code>, run the command:
<html:pre xmlns:html="http://www.w3.org/1999/xhtml">$ sudo chgrp root /etc/crypttab</html:pre>
       </description>
          <reference href="https://cyber.gouv.fr/sites/default/files/document/linux_configuration-en-v2.pdf">R50</reference>
          <rationale xmlns:xhtml="http://www.w3.org/1999/xhtml" xml:lang="en-US">The ownership of the /etc/crypttab file by the root group is important
because this file hosts encrypted block devices configuration. Protection
of this file is critical for system security. Assigning the ownership to
root ensures exclusive control of the encrypted block devices
configuration.</rationale>
          <platform idref="#system_with_kernel"/>
          <fix xmlns:xhtml="http://www.w3.org/1999/xhtml" id="file_groupowner_etc_crypttab" system="urn:xccdf:fix:script:sh" complexity="low" disruption="low" strategy="configure"># Remediation is applicable only in certain platforms
if rpm --quiet -q kernel-default || rpm --quiet -q kernel-default-base; then

newgroup=""
if getent group "root" &gt;/dev/null 2&gt;&amp;1; then
  newgroup="root"
fi

if [[ -z "${newgroup}" ]]; then
  &gt;&amp;2 echo "root is not a defined group on the system"
else
if ! stat -c "%g %G" "/etc/crypttab" | grep -E -w -q "root"; then
    chgrp --no-dereference "$newgroup" /etc/crypttab
fi

fi

else
    &gt;&amp;2 echo 'Remediation is not applicable, nothing was done'
fi
</fix>
          <fix xmlns:xhtml="http://www.w3.org/1999/xhtml" id="file_groupowner_etc_crypttab" system="urn:xccdf:fix:script:ansible" complexity="low" disruption="low" strategy="configure">- name: Gather the package facts
  package_facts:
    manager: auto
  tags:
  - configure_strategy
  - file_groupowner_etc_crypttab
  - low_complexity
  - low_disruption
  - medium_severity
  - no_reboot_needed

- name: Check that the root group is defined
  ansible.builtin.getent:
    database: group
    key: root
  ignore_errors: true
  when:
  - ("kernel-default" in ansible_facts.packages or "kernel-default-base" in ansible_facts.packages)
  - file_groupowner_etc_crypttab_newgroup is undefined
  tags:
  - configure_strategy
  - file_groupowner_etc_crypttab
  - low_complexity
  - low_disruption
  - medium_severity
  - no_reboot_needed

- name: Set the file_groupowner_etc_crypttab_newgroup variable if root found
  ansible.builtin.set_fact:
    file_groupowner_etc_crypttab_newgroup: root
  when:
  - ("kernel-default" in ansible_facts.packages or "kernel-default-base" in ansible_facts.packages)
  - ansible_facts.getent_group["root"] is defined
  tags:
  - configure_strategy
  - file_groupowner_etc_crypttab
  - low_complexity
  - low_disruption
  - medium_severity
  - no_reboot_needed

- name: Test for existence /etc/crypttab
  ansible.builtin.stat:
    path: /etc/crypttab
  register: file_exists
  when: ("kernel-default" in ansible_facts.packages or "kernel-default-base" in ansible_facts.packages)
  tags:
  - configure_strategy
  - file_groupowner_etc_crypttab
  - low_complexity
  - low_disruption
  - medium_severity
  - no_reboot_needed

- name: Ensure group owner on /etc/crypttab
  ansible.builtin.file:
    path: /etc/crypttab
    follow: false
    group: '{{ file_groupowner_etc_crypttab_newgroup }}'
  when:
  - ("kernel-default" in ansible_facts.packages or "kernel-default-base" in ansible_facts.packages)
  - file_exists.stat is defined and file_exists.stat.exists
  tags:
  - configure_strategy
  - file_groupowner_etc_crypttab
  - low_complexity
  - low_disruption
  - medium_severity
  - no_reboot_needed
</fix>
          <check system="http://oval.mitre.org/XMLSchema/oval-definitions-5">
            <check-content-ref name="oval:ssg-file_groupowner_etc_crypttab:def:1" href="ssg-sle15-oval.xml"/>
          </check>
          <check system="http://scap.nist.gov/schema/ocil/2">
            <check-content-ref name="ocil:ssg-file_groupowner_etc_crypttab_ocil:questionnaire:1" href="ssg-sle15-ocil.xml"/>
          </check>
        </Rule>
        <Rule id="xccdf_org.ssgproject.content_rule_file_groupowner_systemmap" selected="false" role="full" severity="low">
          <title xmlns:xhtml="http://www.w3.org/1999/xhtml" xml:lang="en-US">Verify Group Who Owns System.map Files</title>
          <description xmlns:xhtml="http://www.w3.org/1999/xhtml" xml:lang="en-US">The System.map files are symbol map files generated during the compilation of the Linux
kernel. They contain the mapping between kernel symbols and their corresponding memory
addresses. These files must be group-owned by root.


To properly set the group owner of <html:code xmlns:html="http://www.w3.org/1999/xhtml">/boot/System.map*</html:code>, run the command:

  <html:pre xmlns:html="http://www.w3.org/1999/xhtml">$ sudo chgrp root /boot/System.map*</html:pre>
       </description>
          <reference href="https://cyber.gouv.fr/sites/default/files/document/linux_configuration-en-v2.pdf">R29</reference>
          <rationale xmlns:xhtml="http://www.w3.org/1999/xhtml" xml:lang="en-US">The purpose of <html:code xmlns:html="http://www.w3.org/1999/xhtml">System.map</html:code> files is primarily for debugging and profiling the kernel.
Unrestricted access to these files might disclose information useful to attackers and
malicious software leading to more sophisticated exploitation.</rationale>
          <platform idref="#system_with_kernel"/>
          <fix xmlns:xhtml="http://www.w3.org/1999/xhtml" id="file_groupowner_systemmap" system="urn:xccdf:fix:script:sh" complexity="low" disruption="low" strategy="configure"># Remediation is applicable only in certain platforms
if rpm --quiet -q kernel-default || rpm --quiet -q kernel-default-base; then

newgroup=""
if getent group "root" &gt;/dev/null 2&gt;&amp;1; then
  newgroup="root"
fi

if [[ -z "${newgroup}" ]]; then
  &gt;&amp;2 echo "root is not a defined group on the system"
else
find -P /boot/ -maxdepth 1 -type f  ! -group root -regextype posix-extended -regex '^.*System\.map.*$' -exec chgrp --no-dereference "$newgroup" {} \;

fi

else
    &gt;&amp;2 echo 'Remediation is not applicable, nothing was done'
fi
</fix>
          <fix xmlns:xhtml="http://www.w3.org/1999/xhtml" id="file_groupowner_systemmap" system="urn:xccdf:fix:script:ansible" complexity="low" disruption="low" strategy="configure">- name: Gather the package facts
  package_facts:
    manager: auto
  tags:
  - configure_strategy
  - file_groupowner_systemmap
  - low_complexity
  - low_disruption
  - low_severity
  - no_reboot_needed

- name: Check that the root group is defined
  ansible.builtin.getent:
    database: group
    key: root
  ignore_errors: true
  when:
  - ("kernel-default" in ansible_facts.packages or "kernel-default-base" in ansible_facts.packages)
  - file_groupowner_systemmap_newgroup is undefined
  tags:
  - configure_strategy
  - file_groupowner_systemmap
  - low_complexity
  - low_disruption
  - low_severity
  - no_reboot_needed

- name: Set the file_groupowner_systemmap_newgroup variable if root found
  ansible.builtin.set_fact:
    file_groupowner_systemmap_newgroup: root
  when:
  - ("kernel-default" in ansible_facts.packages or "kernel-default-base" in ansible_facts.packages)
  - ansible_facts.getent_group["root"] is defined
  tags:
  - configure_strategy
  - file_groupowner_systemmap
  - low_complexity
  - low_disruption
  - low_severity
  - no_reboot_needed

- name: Find /boot/ file(s) matching ^.*System\.map.*$
  ansible.builtin.command: find -P /boot/ -maxdepth 1 -type f  ! -group root -regextype
    posix-extended -regex "^.*System\.map.*$"
  register: files_found
  changed_when: false
  failed_when: false
  check_mode: false
  when: ("kernel-default" in ansible_facts.packages or "kernel-default-base" in ansible_facts.packages)
  tags:
  - configure_strategy
  - file_groupowner_systemmap
  - low_complexity
  - low_disruption
  - low_severity
  - no_reboot_needed

- name: Ensure group owner on /boot/ file(s) matching ^.*System\.map.*$
  ansible.builtin.file:
    path: '{{ item }}'
    follow: false
    group: '{{ file_groupowner_systemmap_newgroup }}'
    state: file
  with_items:
  - '{{ files_found.stdout_lines }}'
  when: ("kernel-default" in ansible_facts.packages or "kernel-default-base" in ansible_facts.packages)
  tags:
  - configure_strategy
  - file_groupowner_systemmap
  - low_complexity
  - low_disruption
  - low_severity
  - no_reboot_needed
</fix>
          <check system="http://oval.mitre.org/XMLSchema/oval-definitions-5">
            <check-content-ref name="oval:ssg-file_groupowner_systemmap:def:1" href="ssg-sle15-oval.xml"/>
          </check>
          <check system="http://scap.nist.gov/schema/ocil/2">
            <check-content-ref name="ocil:ssg-file_groupowner_systemmap_ocil:questionnaire:1" href="ssg-sle15-ocil.xml"/>
          </check>
        </Rule>
        <Rule id="xccdf_org.ssgproject.content_rule_file_owner_etc_crypttab" selected="false" role="full" severity="medium">
          <title xmlns:xhtml="http://www.w3.org/1999/xhtml" xml:lang="en-US">Verify User Who Owns /etc/crypttab File</title>
          <description xmlns:xhtml="http://www.w3.org/1999/xhtml" xml:lang="en-US"> To properly set the owner of <html:code xmlns:html="http://www.w3.org/1999/xhtml">/etc/crypttab</html:code>, run the command:
<html:pre xmlns:html="http://www.w3.org/1999/xhtml">$ sudo chown root /etc/crypttab </html:pre>
       </description>
          <reference href="https://cyber.gouv.fr/sites/default/files/document/linux_configuration-en-v2.pdf">R50</reference>
          <rationale xmlns:xhtml="http://www.w3.org/1999/xhtml" xml:lang="en-US">The ownership of the /etc/crypttab file by the root user is important
because this file hosts encrypted block devices configuration. Protection
of this file is critical for system security. Assigning the ownership to
root ensures exclusive control of the encrypted block devices
configuration.</rationale>
          <platform idref="#system_with_kernel"/>
          <fix xmlns:xhtml="http://www.w3.org/1999/xhtml" id="file_owner_etc_crypttab" system="urn:xccdf:fix:script:sh" complexity="low" disruption="low" strategy="configure"># Remediation is applicable only in certain platforms
if rpm --quiet -q kernel-default || rpm --quiet -q kernel-default-base; then

newown=""
if id "0" &gt;/dev/null 2&gt;&amp;1; then
  newown="0"
fi

if [[ -z "$newown" ]]; then
  &gt;&amp;2 echo "0 is not a defined user on the system"
else
if ! stat -c "%u %U" "/etc/crypttab" | grep -E -w -q "0"; then
    chown --no-dereference "$newown" /etc/crypttab
fi

fi

else
    &gt;&amp;2 echo 'Remediation is not applicable, nothing was done'
fi
</fix>
          <fix xmlns:xhtml="http://www.w3.org/1999/xhtml" id="file_owner_etc_crypttab" system="urn:xccdf:fix:script:ansible" complexity="low" disruption="low" strategy="configure">- name: Gather the package facts
  package_facts:
    manager: auto
  tags:
  - configure_strategy
  - file_owner_etc_crypttab
  - low_complexity
  - low_disruption
  - medium_severity
  - no_reboot_needed

- name: Set the file_owner_etc_crypttab_newown variable if represented by uid
  ansible.builtin.set_fact:
    file_owner_etc_crypttab_newown: '0'
  when: ("kernel-default" in ansible_facts.packages or "kernel-default-base" in ansible_facts.packages)
  tags:
  - configure_strategy
  - file_owner_etc_crypttab
  - low_complexity
  - low_disruption
  - medium_severity
  - no_reboot_needed

- name: Test for existence /etc/crypttab
  ansible.builtin.stat:
    path: /etc/crypttab
  register: file_exists
  when: ("kernel-default" in ansible_facts.packages or "kernel-default-base" in ansible_facts.packages)
  tags:
  - configure_strategy
  - file_owner_etc_crypttab
  - low_complexity
  - low_disruption
  - medium_severity
  - no_reboot_needed

- name: Ensure owner on /etc/crypttab
  ansible.builtin.file:
    path: /etc/crypttab
    follow: false
    owner: '{{ file_owner_etc_crypttab_newown }}'
  when:
  - ("kernel-default" in ansible_facts.packages or "kernel-default-base" in ansible_facts.packages)
  - file_exists.stat is defined and file_exists.stat.exists
  tags:
  - configure_strategy
  - file_owner_etc_crypttab
  - low_complexity
  - low_disruption
  - medium_severity
  - no_reboot_needed
</fix>
          <check system="http://oval.mitre.org/XMLSchema/oval-definitions-5">
            <check-content-ref name="oval:ssg-file_owner_etc_crypttab:def:1" href="ssg-sle15-oval.xml"/>
          </check>
          <check system="http://scap.nist.gov/schema/ocil/2">
            <check-content-ref name="ocil:ssg-file_owner_etc_crypttab_ocil:questionnaire:1" href="ssg-sle15-ocil.xml"/>
          </check>
        </Rule>
        <Rule id="xccdf_org.ssgproject.content_rule_file_owner_systemmap" selected="false" role="full" severity="low">
          <title xmlns:xhtml="http://www.w3.org/1999/xhtml" xml:lang="en-US">Verify User Who Owns System.map Files</title>
          <description xmlns:xhtml="http://www.w3.org/1999/xhtml" xml:lang="en-US">The System.map files are symbol map files generated during the compilation of the Linux
kernel. They contain the mapping between kernel symbols and their corresponding memory
addresses. These files must be owned by root.


To properly set the owner of <html:code xmlns:html="http://www.w3.org/1999/xhtml">/boot/System.map*</html:code>, run the command:

  <html:pre xmlns:html="http://www.w3.org/1999/xhtml">$ sudo chown root /boot/System.map* </html:pre>
       </description>
          <reference href="https://cyber.gouv.fr/sites/default/files/document/linux_configuration-en-v2.pdf">R29</reference>
          <rationale xmlns:xhtml="http://www.w3.org/1999/xhtml" xml:lang="en-US">The purpose of <html:code xmlns:html="http://www.w3.org/1999/xhtml">System.map</html:code> files is primarily for debugging and profiling the kernel.
Unrestricted access to these files might disclose information useful to attackers and
malicious software leading to more sophisticated exploitation.</rationale>
          <platform idref="#system_with_kernel"/>
          <fix xmlns:xhtml="http://www.w3.org/1999/xhtml" id="file_owner_systemmap" system="urn:xccdf:fix:script:sh" complexity="low" disruption="low" strategy="configure"># Remediation is applicable only in certain platforms
if rpm --quiet -q kernel-default || rpm --quiet -q kernel-default-base; then

newown=""
if id "0" &gt;/dev/null 2&gt;&amp;1; then
  newown="0"
fi

if [[ -z "$newown" ]]; then
  &gt;&amp;2 echo "0 is not a defined user on the system"
else

find -P /boot/ -maxdepth 1 -type f  ! -user 0 -regextype posix-extended -regex '^.*System\.map.*$' -exec chown --no-dereference "$newown" {} \;

fi

else
    &gt;&amp;2 echo 'Remediation is not applicable, nothing was done'
fi
</fix>
          <fix xmlns:xhtml="http://www.w3.org/1999/xhtml" id="file_owner_systemmap" system="urn:xccdf:fix:script:ansible" complexity="low" disruption="low" strategy="configure">- name: Gather the package facts
  package_facts:
    manager: auto
  tags:
  - configure_strategy
  - file_owner_systemmap
  - low_complexity
  - low_disruption
  - low_severity
  - no_reboot_needed

- name: Set the file_owner_systemmap_newown variable if represented by uid
  ansible.builtin.set_fact:
    file_owner_systemmap_newown: '0'
  when: ("kernel-default" in ansible_facts.packages or "kernel-default-base" in ansible_facts.packages)
  tags:
  - configure_strategy
  - file_owner_systemmap
  - low_complexity
  - low_disruption
  - low_severity
  - no_reboot_needed

- name: Find /boot/ file(s) matching ^.*System\.map.*$
  ansible.builtin.command: find -P /boot/ -maxdepth 1 -type f  ! -user 0 -regextype
    posix-extended -regex "^.*System\.map.*$"
  register: files_found
  changed_when: false
  failed_when: false
  check_mode: false
  when: ("kernel-default" in ansible_facts.packages or "kernel-default-base" in ansible_facts.packages)
  tags:
  - configure_strategy
  - file_owner_systemmap
  - low_complexity
  - low_disruption
  - low_severity
  - no_reboot_needed

- name: Ensure owner on /boot/ file(s) matching ^.*System\.map.*$
  ansible.builtin.file:
    path: '{{ item }}'
    follow: false
    owner: '{{ file_owner_systemmap_newown }}'
    state: file
  with_items:
  - '{{ files_found.stdout_lines }}'
  when: ("kernel-default" in ansible_facts.packages or "kernel-default-base" in ansible_facts.packages)
  tags:
  - configure_strategy
  - file_owner_systemmap
  - low_complexity
  - low_disruption
  - low_severity
  - no_reboot_needed
</fix>
          <check system="http://oval.mitre.org/XMLSchema/oval-definitions-5">
            <check-content-ref name="oval:ssg-file_owner_systemmap:def:1" href="ssg-sle15-oval.xml"/>
          </check>
          <check system="http://scap.nist.gov/schema/ocil/2">
            <check-content-ref name="ocil:ssg-file_owner_systemmap_ocil:questionnaire:1" href="ssg-sle15-ocil.xml"/>
          </check>
        </Rule>
        <Rule id="xccdf_org.ssgproject.content_rule_file_permissions_etc_crypttab" selected="false" role="full" severity="medium">
          <title xmlns:xhtml="http://www.w3.org/1999/xhtml" xml:lang="en-US">Verify Permissions On /etc/crypttab File</title>
          <description xmlns:xhtml="http://www.w3.org/1999/xhtml" xml:lang="en-US"> To properly set the permissions of <html:code xmlns:html="http://www.w3.org/1999/xhtml">/etc/crypttab</html:code>, run the command: <html:pre xmlns:html="http://www.w3.org/1999/xhtml">$ sudo chmod 0600 /etc/crypttab</html:pre>
       </description>
          <reference href="https://cyber.gouv.fr/sites/default/files/document/linux_configuration-en-v2.pdf">R50</reference>
          <rationale xmlns:xhtml="http://www.w3.org/1999/xhtml" xml:lang="en-US">Setting correct permissions on the /etc/crypttab file is important
because this file hosts encrypted block devices configuration. Protection
of this file is critical for system security. Assigning the ownership to
root ensures exclusive control of the encrypted block devices
configuration.</rationale>
          <platform idref="#system_with_kernel"/>
          <fix xmlns:xhtml="http://www.w3.org/1999/xhtml" id="file_permissions_etc_crypttab" system="urn:xccdf:fix:script:sh" complexity="low" disruption="low" strategy="configure"># Remediation is applicable only in certain platforms
if rpm --quiet -q kernel-default || rpm --quiet -q kernel-default-base; then

chmod u-xs,g-xwrs,o-xwrt /etc/crypttab

else
    &gt;&amp;2 echo 'Remediation is not applicable, nothing was done'
fi
</fix>
          <fix xmlns:xhtml="http://www.w3.org/1999/xhtml" id="file_permissions_etc_crypttab" system="urn:xccdf:fix:script:ansible" complexity="low" disruption="low" strategy="configure">- name: Gather the package facts
  package_facts:
    manager: auto
  tags:
  - configure_strategy
  - file_permissions_etc_crypttab
  - low_complexity
  - low_disruption
  - medium_severity
  - no_reboot_needed

- name: Test for existence /etc/crypttab
  ansible.builtin.stat:
    path: /etc/crypttab
  register: file_exists
  when: ("kernel-default" in ansible_facts.packages or "kernel-default-base" in ansible_facts.packages)
  tags:
  - configure_strategy
  - file_permissions_etc_crypttab
  - low_complexity
  - low_disruption
  - medium_severity
  - no_reboot_needed

- name: Ensure permission u-xs,g-xwrs,o-xwrt on /etc/crypttab
  ansible.builtin.file:
    path: /etc/crypttab
    mode: u-xs,g-xwrs,o-xwrt
  when:
  - ("kernel-default" in ansible_facts.packages or "kernel-default-base" in ansible_facts.packages)
  - file_exists.stat is defined and file_exists.stat.exists
  tags:
  - configure_strategy
  - file_permissions_etc_crypttab
  - low_complexity
  - low_disruption
  - medium_severity
  - no_reboot_needed
</fix>
          <check system="http://oval.mitre.org/XMLSchema/oval-definitions-5">
            <check-content-ref name="oval:ssg-file_permissions_etc_crypttab:def:1" href="ssg-sle15-oval.xml"/>
          </check>
          <check system="http://scap.nist.gov/schema/ocil/2">
            <check-content-ref name="ocil:ssg-file_permissions_etc_crypttab_ocil:questionnaire:1" href="ssg-sle15-ocil.xml"/>
          </check>
        </Rule>
        <Rule id="xccdf_org.ssgproject.content_rule_file_permissions_systemmap" selected="false" role="full" severity="low">
          <title xmlns:xhtml="http://www.w3.org/1999/xhtml" xml:lang="en-US">Verify Permissions on System.map Files</title>
          <description xmlns:xhtml="http://www.w3.org/1999/xhtml" xml:lang="en-US">The System.map files are symbol map files generated during the compilation of the Linux
kernel. They contain the mapping between kernel symbols and their corresponding memory
addresses. In general, there is no need for non-root users to read these files.


To properly set the permissions of <html:code xmlns:html="http://www.w3.org/1999/xhtml">/boot/System.map*</html:code>, run the command:
<html:pre xmlns:html="http://www.w3.org/1999/xhtml">$ sudo chmod 0600 /boot/System.map*</html:pre>
       </description>
          <reference href="https://cyber.gouv.fr/sites/default/files/document/linux_configuration-en-v2.pdf">R29</reference>
          <rationale xmlns:xhtml="http://www.w3.org/1999/xhtml" xml:lang="en-US">The purpose of <html:code xmlns:html="http://www.w3.org/1999/xhtml">System.map</html:code> files is primarily for debugging and profiling the kernel.
Unrestricted access to these files might disclose information useful to attackers and
malicious software leading to more sophisticated exploitation.</rationale>
          <platform idref="#system_with_kernel"/>
          <fix xmlns:xhtml="http://www.w3.org/1999/xhtml" id="file_permissions_systemmap" system="urn:xccdf:fix:script:sh" complexity="low" disruption="low" strategy="configure"># Remediation is applicable only in certain platforms
if rpm --quiet -q kernel-default || rpm --quiet -q kernel-default-base; then

find -P /boot/ -maxdepth 1 -perm /u+xs,g+xwrs,o+xwrt  -type f -regextype posix-extended -regex '^.*System\.map.*$' -exec chmod u-xs,g-xwrs,o-xwrt {} \;

else
    &gt;&amp;2 echo 'Remediation is not applicable, nothing was done'
fi
</fix>
          <fix xmlns:xhtml="http://www.w3.org/1999/xhtml" id="file_permissions_systemmap" system="urn:xccdf:fix:script:ansible" complexity="low" disruption="low" strategy="configure">- name: Gather the package facts
  package_facts:
    manager: auto
  tags:
  - configure_strategy
  - file_permissions_systemmap
  - low_complexity
  - low_disruption
  - low_severity
  - no_reboot_needed

- name: Find /boot/ file(s)
  ansible.builtin.command: find -P /boot/ -maxdepth 1 -perm /u+xs,g+xwrs,o+xwrt  -type
    f -regextype posix-extended -regex "^.*System\.map.*$"
  register: files_found
  changed_when: false
  failed_when: false
  check_mode: false
  when: ("kernel-default" in ansible_facts.packages or "kernel-default-base" in ansible_facts.packages)
  tags:
  - configure_strategy
  - file_permissions_systemmap
  - low_complexity
  - low_disruption
  - low_severity
  - no_reboot_needed

- name: Set permissions for /boot/ file(s)
  ansible.builtin.file:
    path: '{{ item }}'
    mode: u-xs,g-xwrs,o-xwrt
    state: file
  with_items:
  - '{{ files_found.stdout_lines }}'
  when: ("kernel-default" in ansible_facts.packages or "kernel-default-base" in ansible_facts.packages)
  tags:
  - configure_strategy
  - file_permissions_systemmap
  - low_complexity
  - low_disruption
  - low_severity
  - no_reboot_needed
</fix>
          <check system="http://oval.mitre.org/XMLSchema/oval-definitions-5">
            <check-content-ref name="oval:ssg-file_permissions_systemmap:def:1" href="ssg-sle15-oval.xml"/>
          </check>
          <check system="http://scap.nist.gov/schema/ocil/2">
            <check-content-ref name="ocil:ssg-file_permissions_systemmap_ocil:questionnaire:1" href="ssg-sle15-ocil.xml"/>
          </check>
        </Rule>
        <Rule id="xccdf_org.ssgproject.content_rule_file_permissions_unauthorized_sgid" selected="false" role="full" severity="medium">
          <title xmlns:xhtml="http://www.w3.org/1999/xhtml" xml:lang="en-US">Ensure All SGID Executables Are Authorized</title>
          <description xmlns:xhtml="http://www.w3.org/1999/xhtml" xml:lang="en-US">The SGID (set group id) bit should be set only on files that were installed via authorized
means. A straightforward means of identifying unauthorized SGID files is determine if any were
not installed as part of an RPM package, which is cryptographically verified. Investigate the
origin of any unpackaged SGID files. This configuration check considers authorized SGID files
those which were installed via RPM. It is assumed that when an individual has sudo access to
install an RPM and all packages are signed with an organizationally-recognized GPG key, the
software should be considered an approved package on the system. Any SGID file not deployed
through an RPM will be flagged for further review.</description>
          <warning xmlns:xhtml="http://www.w3.org/1999/xhtml" xml:lang="en-US" category="general">This rule can take a long time to perform the check and might consume a considerable
amount of resources depending on the number of files present on the system. It is not a
problem in most cases, but especially systems with a large number of files can be affected.
See <html:code xmlns:html="http://www.w3.org/1999/xhtml">https://access.redhat.com/articles/6999111</html:code>.</warning>
          <reference href="https://www.cisecurity.org/controls/">12</reference>
          <reference href="https://www.cisecurity.org/controls/">13</reference>
          <reference href="https://www.cisecurity.org/controls/">14</reference>
          <reference href="https://www.cisecurity.org/controls/">15</reference>
          <reference href="https://www.cisecurity.org/controls/">16</reference>
          <reference href="https://www.cisecurity.org/controls/">18</reference>
          <reference href="https://www.cisecurity.org/controls/">3</reference>
          <reference href="https://www.cisecurity.org/controls/">5</reference>
          <reference href="https://www.isaca.org/resources/cobit">APO01.06</reference>
          <reference href="https://www.isaca.org/resources/cobit">DSS05.04</reference>
          <reference href="https://www.isaca.org/resources/cobit">DSS05.07</reference>
          <reference href="https://www.isaca.org/resources/cobit">DSS06.02</reference>
          <reference href="https://www.isa.org/products/isa-62443-2-1-2009-security-for-industrial-automat">4.3.3.7.3</reference>
          <reference href="https://www.isa.org/products/ansi-isa-62443-3-3-99-03-03-2013-security-for-indu">SR 2.1</reference>
          <reference href="https://www.isa.org/products/ansi-isa-62443-3-3-99-03-03-2013-security-for-indu">SR 5.2</reference>
          <reference href="https://www.iso.org/contents/data/standard/05/45/54534.html">A.10.1.1</reference>
          <reference href="https://www.iso.org/contents/data/standard/05/45/54534.html">A.11.1.4</reference>
          <reference href="https://www.iso.org/contents/data/standard/05/45/54534.html">A.11.1.5</reference>
          <reference href="https://www.iso.org/contents/data/standard/05/45/54534.html">A.11.2.1</reference>
          <reference href="https://www.iso.org/contents/data/standard/05/45/54534.html">A.13.1.1</reference>
          <reference href="https://www.iso.org/contents/data/standard/05/45/54534.html">A.13.1.3</reference>
          <reference href="https://www.iso.org/contents/data/standard/05/45/54534.html">A.13.2.1</reference>
          <reference href="https://www.iso.org/contents/data/standard/05/45/54534.html">A.13.2.3</reference>
          <reference href="https://www.iso.org/contents/data/standard/05/45/54534.html">A.13.2.4</reference>
          <reference href="https://www.iso.org/contents/data/standard/05/45/54534.html">A.14.1.2</reference>
          <reference href="https://www.iso.org/contents/data/standard/05/45/54534.html">A.14.1.3</reference>
          <reference href="https://www.iso.org/contents/data/standard/05/45/54534.html">A.6.1.2</reference>
          <reference href="https://www.iso.org/contents/data/standard/05/45/54534.html">A.7.1.1</reference>
          <reference href="https://www.iso.org/contents/data/standard/05/45/54534.html">A.7.1.2</reference>
          <reference href="https://www.iso.org/contents/data/standard/05/45/54534.html">A.7.3.1</reference>
          <reference href="https://www.iso.org/contents/data/standard/05/45/54534.html">A.8.2.2</reference>
          <reference href="https://www.iso.org/contents/data/standard/05/45/54534.html">A.8.2.3</reference>
          <reference href="https://www.iso.org/contents/data/standard/05/45/54534.html">A.9.1.1</reference>
          <reference href="https://www.iso.org/contents/data/standard/05/45/54534.html">A.9.1.2</reference>
          <reference href="https://www.iso.org/contents/data/standard/05/45/54534.html">A.9.2.3</reference>
          <reference href="https://www.iso.org/contents/data/standard/05/45/54534.html">A.9.4.1</reference>
          <reference href="https://www.iso.org/contents/data/standard/05/45/54534.html">A.9.4.4</reference>
          <reference href="https://www.iso.org/contents/data/standard/05/45/54534.html">A.9.4.5</reference>
          <reference href="http://nvlpubs.nist.gov/nistpubs/SpecialPublications/NIST.SP.800-53r4.pdf">CM-6(a)</reference>
          <reference href="http://nvlpubs.nist.gov/nistpubs/SpecialPublications/NIST.SP.800-53r4.pdf">AC-6(1)</reference>
          <reference href="https://nvlpubs.nist.gov/nistpubs/CSWP/NIST.CSWP.04162018.pdf">PR.AC-4</reference>
          <reference href="https://nvlpubs.nist.gov/nistpubs/CSWP/NIST.CSWP.04162018.pdf">PR.DS-5</reference>
          <reference href="https://www.cisecurity.org/benchmark/suse_linux/">6.1.12</reference>
          <reference href="https://cyber.gouv.fr/sites/default/files/document/linux_configuration-en-v2.pdf">R56</reference>
          <reference href="https://www.cyber.gov.au/acsc/view-all-content/ism">1409</reference>
          <rationale xmlns:xhtml="http://www.w3.org/1999/xhtml" xml:lang="en-US">Executable files with the SGID permission run with the privileges of the owner of the file.
SGID files of uncertain provenance could allow for unprivileged users to elevate privileges.
The presence of these files should be strictly controlled on the system.</rationale>
          <ident system="https://ncp.nist.gov/cce">CCE-91175-0</ident>
          <check system="http://oval.mitre.org/XMLSchema/oval-definitions-5">
            <check-content-ref name="oval:ssg-file_permissions_unauthorized_sgid:def:1" href="ssg-sle15-oval.xml"/>
          </check>
          <check system="http://scap.nist.gov/schema/ocil/2">
            <check-content-ref name="ocil:ssg-file_permissions_unauthorized_sgid_ocil:questionnaire:1" href="ssg-sle15-ocil.xml"/>
          </check>
        </Rule>
        <Rule id="xccdf_org.ssgproject.content_rule_file_permissions_unauthorized_suid" selected="false" role="full" severity="medium">
          <title xmlns:xhtml="http://www.w3.org/1999/xhtml" xml:lang="en-US">Ensure All SUID Executables Are Authorized</title>
          <description xmlns:xhtml="http://www.w3.org/1999/xhtml" xml:lang="en-US">The SUID (set user id) bit should be set only on files that were installed via authorized
means. A straightforward means of identifying unauthorized SUID files is determine if any were
not installed as part of an RPM package, which is cryptographically verified. Investigate the
origin of any unpackaged SUID files. This configuration check considers authorized SUID files
those which were installed via RPM. It is assumed that when an individual has sudo access to
install an RPM and all packages are signed with an organizationally-recognized GPG key, the
software should be considered an approved package on the system. Any SUID file not deployed
through an RPM will be flagged for further review.</description>
          <warning xmlns:xhtml="http://www.w3.org/1999/xhtml" xml:lang="en-US" category="general">This rule can take a long time to perform the check and might consume a considerable
amount of resources depending on the number of files present on the system. It is not a
problem in most cases, but especially systems with a large number of files can be affected.
See <html:code xmlns:html="http://www.w3.org/1999/xhtml">https://access.redhat.com/articles/6999111</html:code>.</warning>
          <reference href="https://www.cisecurity.org/controls/">12</reference>
          <reference href="https://www.cisecurity.org/controls/">13</reference>
          <reference href="https://www.cisecurity.org/controls/">14</reference>
          <reference href="https://www.cisecurity.org/controls/">15</reference>
          <reference href="https://www.cisecurity.org/controls/">16</reference>
          <reference href="https://www.cisecurity.org/controls/">18</reference>
          <reference href="https://www.cisecurity.org/controls/">3</reference>
          <reference href="https://www.cisecurity.org/controls/">5</reference>
          <reference href="https://www.isaca.org/resources/cobit">APO01.06</reference>
          <reference href="https://www.isaca.org/resources/cobit">DSS05.04</reference>
          <reference href="https://www.isaca.org/resources/cobit">DSS05.07</reference>
          <reference href="https://www.isaca.org/resources/cobit">DSS06.02</reference>
          <reference href="https://www.isa.org/products/isa-62443-2-1-2009-security-for-industrial-automat">4.3.3.7.3</reference>
          <reference href="https://www.isa.org/products/ansi-isa-62443-3-3-99-03-03-2013-security-for-indu">SR 2.1</reference>
          <reference href="https://www.isa.org/products/ansi-isa-62443-3-3-99-03-03-2013-security-for-indu">SR 5.2</reference>
          <reference href="https://www.iso.org/contents/data/standard/05/45/54534.html">A.10.1.1</reference>
          <reference href="https://www.iso.org/contents/data/standard/05/45/54534.html">A.11.1.4</reference>
          <reference href="https://www.iso.org/contents/data/standard/05/45/54534.html">A.11.1.5</reference>
          <reference href="https://www.iso.org/contents/data/standard/05/45/54534.html">A.11.2.1</reference>
          <reference href="https://www.iso.org/contents/data/standard/05/45/54534.html">A.13.1.1</reference>
          <reference href="https://www.iso.org/contents/data/standard/05/45/54534.html">A.13.1.3</reference>
          <reference href="https://www.iso.org/contents/data/standard/05/45/54534.html">A.13.2.1</reference>
          <reference href="https://www.iso.org/contents/data/standard/05/45/54534.html">A.13.2.3</reference>
          <reference href="https://www.iso.org/contents/data/standard/05/45/54534.html">A.13.2.4</reference>
          <reference href="https://www.iso.org/contents/data/standard/05/45/54534.html">A.14.1.2</reference>
          <reference href="https://www.iso.org/contents/data/standard/05/45/54534.html">A.14.1.3</reference>
          <reference href="https://www.iso.org/contents/data/standard/05/45/54534.html">A.6.1.2</reference>
          <reference href="https://www.iso.org/contents/data/standard/05/45/54534.html">A.7.1.1</reference>
          <reference href="https://www.iso.org/contents/data/standard/05/45/54534.html">A.7.1.2</reference>
          <reference href="https://www.iso.org/contents/data/standard/05/45/54534.html">A.7.3.1</reference>
          <reference href="https://www.iso.org/contents/data/standard/05/45/54534.html">A.8.2.2</reference>
          <reference href="https://www.iso.org/contents/data/standard/05/45/54534.html">A.8.2.3</reference>
          <reference href="https://www.iso.org/contents/data/standard/05/45/54534.html">A.9.1.1</reference>
          <reference href="https://www.iso.org/contents/data/standard/05/45/54534.html">A.9.1.2</reference>
          <reference href="https://www.iso.org/contents/data/standard/05/45/54534.html">A.9.2.3</reference>
          <reference href="https://www.iso.org/contents/data/standard/05/45/54534.html">A.9.4.1</reference>
          <reference href="https://www.iso.org/contents/data/standard/05/45/54534.html">A.9.4.4</reference>
          <reference href="https://www.iso.org/contents/data/standard/05/45/54534.html">A.9.4.5</reference>
          <reference href="http://nvlpubs.nist.gov/nistpubs/SpecialPublications/NIST.SP.800-53r4.pdf">CM-6(a)</reference>
          <reference href="http://nvlpubs.nist.gov/nistpubs/SpecialPublications/NIST.SP.800-53r4.pdf">AC-6(1)</reference>
          <reference href="https://nvlpubs.nist.gov/nistpubs/CSWP/NIST.CSWP.04162018.pdf">PR.AC-4</reference>
          <reference href="https://nvlpubs.nist.gov/nistpubs/CSWP/NIST.CSWP.04162018.pdf">PR.DS-5</reference>
          <reference href="https://www.cisecurity.org/benchmark/suse_linux/">6.1.11</reference>
          <reference href="https://cyber.gouv.fr/sites/default/files/document/linux_configuration-en-v2.pdf">R56</reference>
          <reference href="not_publicly_available">SLES-15-900150195</reference>
          <reference href="https://www.cyber.gov.au/acsc/view-all-content/ism">1409</reference>
          <rationale xmlns:xhtml="http://www.w3.org/1999/xhtml" xml:lang="en-US">Executable files with the SUID permission run with the privileges of the owner of the file.
SUID files of uncertain provenance could allow for unprivileged users to elevate privileges.
The presence of these files should be strictly controlled on the system.</rationale>
          <ident system="https://ncp.nist.gov/cce">CCE-91174-3</ident>
          <check system="http://oval.mitre.org/XMLSchema/oval-definitions-5">
            <check-content-ref name="oval:ssg-file_permissions_unauthorized_suid:def:1" href="ssg-sle15-oval.xml"/>
          </check>
          <check system="http://scap.nist.gov/schema/ocil/2">
            <check-content-ref name="ocil:ssg-file_permissions_unauthorized_suid_ocil:questionnaire:1" href="ssg-sle15-ocil.xml"/>
          </check>
        </Rule>
        <Rule id="xccdf_org.ssgproject.content_rule_file_permissions_unauthorized_world_writable" selected="false" role="full" severity="medium">
          <title xmlns:xhtml="http://www.w3.org/1999/xhtml" xml:lang="en-US">Ensure No World-Writable Files Exist</title>
          <description xmlns:xhtml="http://www.w3.org/1999/xhtml" xml:lang="en-US">It is generally a good idea to remove global (other) write access to a file when it is
discovered. However, check with documentation for specific applications before making changes.
Also, monitor for recurring world-writable files, as these may be symptoms of a misconfigured
application or user account. Finally, this applies to real files and not virtual files that
are a part of pseudo file systems such as <html:code xmlns:html="http://www.w3.org/1999/xhtml">sysfs</html:code> or <html:code xmlns:html="http://www.w3.org/1999/xhtml">procfs</html:code>.</description>
          <warning xmlns:xhtml="http://www.w3.org/1999/xhtml" xml:lang="en-US" category="general">This rule can take a long time to perform the check and might consume a considerable
amount of resources depending on the number of files present on the system. It is not a
problem in most cases, but especially systems with a large number of files can be affected.
See <html:code xmlns:html="http://www.w3.org/1999/xhtml">https://access.redhat.com/articles/6999111</html:code>.</warning>
          <reference href="https://www.cisecurity.org/controls/">12</reference>
          <reference href="https://www.cisecurity.org/controls/">13</reference>
          <reference href="https://www.cisecurity.org/controls/">14</reference>
          <reference href="https://www.cisecurity.org/controls/">15</reference>
          <reference href="https://www.cisecurity.org/controls/">16</reference>
          <reference href="https://www.cisecurity.org/controls/">18</reference>
          <reference href="https://www.cisecurity.org/controls/">3</reference>
          <reference href="https://www.cisecurity.org/controls/">5</reference>
          <reference href="https://www.isaca.org/resources/cobit">APO01.06</reference>
          <reference href="https://www.isaca.org/resources/cobit">DSS05.04</reference>
          <reference href="https://www.isaca.org/resources/cobit">DSS05.07</reference>
          <reference href="https://www.isaca.org/resources/cobit">DSS06.02</reference>
          <reference href="https://www.isa.org/products/isa-62443-2-1-2009-security-for-industrial-automat">4.3.3.7.3</reference>
          <reference href="https://www.isa.org/products/ansi-isa-62443-3-3-99-03-03-2013-security-for-indu">SR 2.1</reference>
          <reference href="https://www.isa.org/products/ansi-isa-62443-3-3-99-03-03-2013-security-for-indu">SR 5.2</reference>
          <reference href="https://www.iso.org/contents/data/standard/05/45/54534.html">A.10.1.1</reference>
          <reference href="https://www.iso.org/contents/data/standard/05/45/54534.html">A.11.1.4</reference>
          <reference href="https://www.iso.org/contents/data/standard/05/45/54534.html">A.11.1.5</reference>
          <reference href="https://www.iso.org/contents/data/standard/05/45/54534.html">A.11.2.1</reference>
          <reference href="https://www.iso.org/contents/data/standard/05/45/54534.html">A.13.1.1</reference>
          <reference href="https://www.iso.org/contents/data/standard/05/45/54534.html">A.13.1.3</reference>
          <reference href="https://www.iso.org/contents/data/standard/05/45/54534.html">A.13.2.1</reference>
          <reference href="https://www.iso.org/contents/data/standard/05/45/54534.html">A.13.2.3</reference>
          <reference href="https://www.iso.org/contents/data/standard/05/45/54534.html">A.13.2.4</reference>
          <reference href="https://www.iso.org/contents/data/standard/05/45/54534.html">A.14.1.2</reference>
          <reference href="https://www.iso.org/contents/data/standard/05/45/54534.html">A.14.1.3</reference>
          <reference href="https://www.iso.org/contents/data/standard/05/45/54534.html">A.6.1.2</reference>
          <reference href="https://www.iso.org/contents/data/standard/05/45/54534.html">A.7.1.1</reference>
          <reference href="https://www.iso.org/contents/data/standard/05/45/54534.html">A.7.1.2</reference>
          <reference href="https://www.iso.org/contents/data/standard/05/45/54534.html">A.7.3.1</reference>
          <reference href="https://www.iso.org/contents/data/standard/05/45/54534.html">A.8.2.2</reference>
          <reference href="https://www.iso.org/contents/data/standard/05/45/54534.html">A.8.2.3</reference>
          <reference href="https://www.iso.org/contents/data/standard/05/45/54534.html">A.9.1.1</reference>
          <reference href="https://www.iso.org/contents/data/standard/05/45/54534.html">A.9.1.2</reference>
          <reference href="https://www.iso.org/contents/data/standard/05/45/54534.html">A.9.2.3</reference>
          <reference href="https://www.iso.org/contents/data/standard/05/45/54534.html">A.9.4.1</reference>
          <reference href="https://www.iso.org/contents/data/standard/05/45/54534.html">A.9.4.4</reference>
          <reference href="https://www.iso.org/contents/data/standard/05/45/54534.html">A.9.4.5</reference>
          <reference href="https://www.nerc.com/standards/reliability-standards/cip">CIP-003-8 R5.1.1</reference>
          <reference href="https://www.nerc.com/standards/reliability-standards/cip">CIP-003-8 R5.3</reference>
          <reference href="https://www.nerc.com/standards/reliability-standards/cip">CIP-004-6 R2.3</reference>
          <reference href="https://www.nerc.com/standards/reliability-standards/cip">CIP-007-3 R2.1</reference>
          <reference href="https://www.nerc.com/standards/reliability-standards/cip">CIP-007-3 R2.2</reference>
          <reference href="https://www.nerc.com/standards/reliability-standards/cip">CIP-007-3 R2.3</reference>
          <reference href="https://www.nerc.com/standards/reliability-standards/cip">CIP-007-3 R5.1</reference>
          <reference href="https://www.nerc.com/standards/reliability-standards/cip">CIP-007-3 R5.1.1</reference>
          <reference href="https://www.nerc.com/standards/reliability-standards/cip">CIP-007-3 R5.1.2</reference>
          <reference href="http://nvlpubs.nist.gov/nistpubs/SpecialPublications/NIST.SP.800-53r4.pdf">CM-6(a)</reference>
          <reference href="http://nvlpubs.nist.gov/nistpubs/SpecialPublications/NIST.SP.800-53r4.pdf">AC-6(1)</reference>
          <reference href="https://nvlpubs.nist.gov/nistpubs/CSWP/NIST.CSWP.04162018.pdf">PR.AC-4</reference>
          <reference href="https://nvlpubs.nist.gov/nistpubs/CSWP/NIST.CSWP.04162018.pdf">PR.DS-5</reference>
          <reference href="https://www.cisecurity.org/benchmark/suse_linux/">6.1.8</reference>
          <reference href="https://cyber.gouv.fr/sites/default/files/document/linux_configuration-en-v2.pdf">R54</reference>
          <reference href="not_publicly_available">SLES-15-900150165</reference>
          <reference href="https://www.cyber.gov.au/acsc/view-all-content/ism">1409</reference>
          <reference href="https://docs-prv.pcisecuritystandards.org/PCI%20DSS/Standard/PCI-DSS-v4_0.pdf">2.2.6</reference>
          <reference href="https://docs-prv.pcisecuritystandards.org/PCI%20DSS/Standard/PCI-DSS-v4_0.pdf">2.2</reference>
          <rationale xmlns:xhtml="http://www.w3.org/1999/xhtml" xml:lang="en-US">Data in world-writable files can be modified by any user on the system. In almost all
circumstances, files can be configured using a combination of user and group permissions to
support whatever legitimate access is needed without the risk caused by world-writable files.</rationale>
          <ident system="https://ncp.nist.gov/cce">CCE-91233-7</ident>
          <fix xmlns:xhtml="http://www.w3.org/1999/xhtml" id="file_permissions_unauthorized_world_writable" system="urn:xccdf:fix:script:sh" complexity="low" disruption="low" strategy="configure">
FILTER_NODEV=$(awk '/nodev/ { print $2 }' /proc/filesystems | paste -sd,)

# Do not consider /sysroot partition because it contains only the physical
# read-only root on bootable containers.
PARTITIONS=$(findmnt -n -l -k -it $FILTER_NODEV | awk '{ print $1 }' | grep -v "/sysroot")

for PARTITION in $PARTITIONS; do
  find "${PARTITION}" -xdev -type f -perm -002 -exec chmod o-w {} \; 2&gt;/dev/null
done

# Ensure /tmp is also fixed when tmpfs is used.
if grep "^tmpfs /tmp" /proc/mounts; then
  find /tmp -xdev -type f -perm -002 -exec chmod o-w {} \; 2&gt;/dev/null
fi
</fix>
          <check system="http://oval.mitre.org/XMLSchema/oval-definitions-5">
            <check-content-ref name="oval:ssg-file_permissions_unauthorized_world_writable:def:1" href="ssg-sle15-oval.xml"/>
          </check>
          <check system="http://scap.nist.gov/schema/ocil/2">
            <check-content-ref name="ocil:ssg-file_permissions_unauthorized_world_writable_ocil:questionnaire:1" href="ssg-sle15-ocil.xml"/>
          </check>
        </Rule>
        <Rule id="xccdf_org.ssgproject.content_rule_file_permissions_ungroupowned" selected="false" role="full" severity="medium">
          <title xmlns:xhtml="http://www.w3.org/1999/xhtml" xml:lang="en-US">Ensure All Files Are Owned by a Group</title>
          <description xmlns:xhtml="http://www.w3.org/1999/xhtml" xml:lang="en-US">If any file is not group-owned by a valid defined group, the cause of the lack of
group-ownership must be investigated. Following this, those files should be deleted or
assigned to an appropriate group. The groups need to be defined in <html:code xmlns:html="http://www.w3.org/1999/xhtml">/etc/group</html:code>
or in <html:code xmlns:html="http://www.w3.org/1999/xhtml">/usr/lib/group</html:code> if <html:code xmlns:html="http://www.w3.org/1999/xhtml">nss-altfiles</html:code> are configured to be used
in <html:code xmlns:html="http://www.w3.org/1999/xhtml">/etc/nsswitch.conf</html:code>.

Locate the mount points related to local devices by the following command:
<html:pre xmlns:html="http://www.w3.org/1999/xhtml">$ findmnt -n -l -k -it $(awk '/nodev/ { print $2 }' /proc/filesystems | paste -sd,)</html:pre>

For all mount points listed by the previous command, it is necessary to search for files which
do not belong to a valid group using the following command:
<html:pre xmlns:html="http://www.w3.org/1999/xhtml">$ sudo find <html:i>MOUNTPOINT</html:i> -xdev -nogroup 2&gt;/dev/null</html:pre>
       </description>
          <warning xmlns:xhtml="http://www.w3.org/1999/xhtml" xml:lang="en-US" category="general">This rule only considers local groups as valid groups.
If you have your groups defined outside <html:code xmlns:html="http://www.w3.org/1999/xhtml">/etc/group</html:code> or <html:code xmlns:html="http://www.w3.org/1999/xhtml">/usr/lib/group</html:code>, the rule won't consider those.</warning>
          <warning xmlns:xhtml="http://www.w3.org/1999/xhtml" xml:lang="en-US" category="general">This rule can take a long time to perform the check and might consume a considerable
amount of resources depending on the number of files present on the system. It is not a
problem in most cases, but especially systems with a large number of files can be affected.
See <html:code xmlns:html="http://www.w3.org/1999/xhtml">https://access.redhat.com/articles/6999111</html:code>.</warning>
          <reference href="https://www.cisecurity.org/controls/">1</reference>
          <reference href="https://www.cisecurity.org/controls/">11</reference>
          <reference href="https://www.cisecurity.org/controls/">12</reference>
          <reference href="https://www.cisecurity.org/controls/">13</reference>
          <reference href="https://www.cisecurity.org/controls/">14</reference>
          <reference href="https://www.cisecurity.org/controls/">15</reference>
          <reference href="https://www.cisecurity.org/controls/">16</reference>
          <reference href="https://www.cisecurity.org/controls/">18</reference>
          <reference href="https://www.cisecurity.org/controls/">3</reference>
          <reference href="https://www.cisecurity.org/controls/">5</reference>
          <reference href="https://www.isaca.org/resources/cobit">APO01.06</reference>
          <reference href="https://www.isaca.org/resources/cobit">DSS05.02</reference>
          <reference href="https://www.isaca.org/resources/cobit">DSS05.04</reference>
          <reference href="https://www.isaca.org/resources/cobit">DSS05.05</reference>
          <reference href="https://www.isaca.org/resources/cobit">DSS05.07</reference>
          <reference href="https://www.isaca.org/resources/cobit">DSS05.10</reference>
          <reference href="https://www.isaca.org/resources/cobit">DSS06.02</reference>
          <reference href="https://www.isaca.org/resources/cobit">DSS06.03</reference>
          <reference href="https://www.isaca.org/resources/cobit">DSS06.06</reference>
          <reference href="https://www.isaca.org/resources/cobit">DSS06.10</reference>
          <reference href="https://www.isa.org/products/isa-62443-2-1-2009-security-for-industrial-automat">4.3.3.2.2</reference>
          <reference href="https://www.isa.org/products/isa-62443-2-1-2009-security-for-industrial-automat">4.3.3.5.1</reference>
          <reference href="https://www.isa.org/products/isa-62443-2-1-2009-security-for-industrial-automat">4.3.3.5.2</reference>
          <reference href="https://www.isa.org/products/isa-62443-2-1-2009-security-for-industrial-automat">4.3.3.5.3</reference>
          <reference href="https://www.isa.org/products/isa-62443-2-1-2009-security-for-industrial-automat">4.3.3.5.4</reference>
          <reference href="https://www.isa.org/products/isa-62443-2-1-2009-security-for-industrial-automat">4.3.3.5.5</reference>
          <reference href="https://www.isa.org/products/isa-62443-2-1-2009-security-for-industrial-automat">4.3.3.5.6</reference>
          <reference href="https://www.isa.org/products/isa-62443-2-1-2009-security-for-industrial-automat">4.3.3.5.7</reference>
          <reference href="https://www.isa.org/products/isa-62443-2-1-2009-security-for-industrial-automat">4.3.3.5.8</reference>
          <reference href="https://www.isa.org/products/isa-62443-2-1-2009-security-for-industrial-automat">4.3.3.6.1</reference>
          <reference href="https://www.isa.org/products/isa-62443-2-1-2009-security-for-industrial-automat">4.3.3.6.2</reference>
          <reference href="https://www.isa.org/products/isa-62443-2-1-2009-security-for-industrial-automat">4.3.3.6.3</reference>
          <reference href="https://www.isa.org/products/isa-62443-2-1-2009-security-for-industrial-automat">4.3.3.6.4</reference>
          <reference href="https://www.isa.org/products/isa-62443-2-1-2009-security-for-industrial-automat">4.3.3.6.5</reference>
          <reference href="https://www.isa.org/products/isa-62443-2-1-2009-security-for-industrial-automat">4.3.3.6.6</reference>
          <reference href="https://www.isa.org/products/isa-62443-2-1-2009-security-for-industrial-automat">4.3.3.6.7</reference>
          <reference href="https://www.isa.org/products/isa-62443-2-1-2009-security-for-industrial-automat">4.3.3.6.8</reference>
          <reference href="https://www.isa.org/products/isa-62443-2-1-2009-security-for-industrial-automat">4.3.3.6.9</reference>
          <reference href="https://www.isa.org/products/isa-62443-2-1-2009-security-for-industrial-automat">4.3.3.7.1</reference>
          <reference href="https://www.isa.org/products/isa-62443-2-1-2009-security-for-industrial-automat">4.3.3.7.2</reference>
          <reference href="https://www.isa.org/products/isa-62443-2-1-2009-security-for-industrial-automat">4.3.3.7.3</reference>
          <reference href="https://www.isa.org/products/isa-62443-2-1-2009-security-for-industrial-automat">4.3.3.7.4</reference>
          <reference href="https://www.isa.org/products/ansi-isa-62443-3-3-99-03-03-2013-security-for-indu">SR 1.1</reference>
          <reference href="https://www.isa.org/products/ansi-isa-62443-3-3-99-03-03-2013-security-for-indu">SR 1.10</reference>
          <reference href="https://www.isa.org/products/ansi-isa-62443-3-3-99-03-03-2013-security-for-indu">SR 1.11</reference>
          <reference href="https://www.isa.org/products/ansi-isa-62443-3-3-99-03-03-2013-security-for-indu">SR 1.12</reference>
          <reference href="https://www.isa.org/products/ansi-isa-62443-3-3-99-03-03-2013-security-for-indu">SR 1.13</reference>
          <reference href="https://www.isa.org/products/ansi-isa-62443-3-3-99-03-03-2013-security-for-indu">SR 1.2</reference>
          <reference href="https://www.isa.org/products/ansi-isa-62443-3-3-99-03-03-2013-security-for-indu">SR 1.3</reference>
          <reference href="https://www.isa.org/products/ansi-isa-62443-3-3-99-03-03-2013-security-for-indu">SR 1.4</reference>
          <reference href="https://www.isa.org/products/ansi-isa-62443-3-3-99-03-03-2013-security-for-indu">SR 1.5</reference>
          <reference href="https://www.isa.org/products/ansi-isa-62443-3-3-99-03-03-2013-security-for-indu">SR 1.6</reference>
          <reference href="https://www.isa.org/products/ansi-isa-62443-3-3-99-03-03-2013-security-for-indu">SR 1.7</reference>
          <reference href="https://www.isa.org/products/ansi-isa-62443-3-3-99-03-03-2013-security-for-indu">SR 1.8</reference>
          <reference href="https://www.isa.org/products/ansi-isa-62443-3-3-99-03-03-2013-security-for-indu">SR 1.9</reference>
          <reference href="https://www.isa.org/products/ansi-isa-62443-3-3-99-03-03-2013-security-for-indu">SR 2.1</reference>
          <reference href="https://www.isa.org/products/ansi-isa-62443-3-3-99-03-03-2013-security-for-indu">SR 2.2</reference>
          <reference href="https://www.isa.org/products/ansi-isa-62443-3-3-99-03-03-2013-security-for-indu">SR 2.3</reference>
          <reference href="https://www.isa.org/products/ansi-isa-62443-3-3-99-03-03-2013-security-for-indu">SR 2.4</reference>
          <reference href="https://www.isa.org/products/ansi-isa-62443-3-3-99-03-03-2013-security-for-indu">SR 2.5</reference>
          <reference href="https://www.isa.org/products/ansi-isa-62443-3-3-99-03-03-2013-security-for-indu">SR 2.6</reference>
          <reference href="https://www.isa.org/products/ansi-isa-62443-3-3-99-03-03-2013-security-for-indu">SR 2.7</reference>
          <reference href="https://www.isa.org/products/ansi-isa-62443-3-3-99-03-03-2013-security-for-indu">SR 5.2</reference>
          <reference href="https://www.iso.org/contents/data/standard/05/45/54534.html">A.10.1.1</reference>
          <reference href="https://www.iso.org/contents/data/standard/05/45/54534.html">A.11.1.4</reference>
          <reference href="https://www.iso.org/contents/data/standard/05/45/54534.html">A.11.1.5</reference>
          <reference href="https://www.iso.org/contents/data/standard/05/45/54534.html">A.11.2.1</reference>
          <reference href="https://www.iso.org/contents/data/standard/05/45/54534.html">A.13.1.1</reference>
          <reference href="https://www.iso.org/contents/data/standard/05/45/54534.html">A.13.1.3</reference>
          <reference href="https://www.iso.org/contents/data/standard/05/45/54534.html">A.13.2.1</reference>
          <reference href="https://www.iso.org/contents/data/standard/05/45/54534.html">A.13.2.3</reference>
          <reference href="https://www.iso.org/contents/data/standard/05/45/54534.html">A.13.2.4</reference>
          <reference href="https://www.iso.org/contents/data/standard/05/45/54534.html">A.14.1.2</reference>
          <reference href="https://www.iso.org/contents/data/standard/05/45/54534.html">A.14.1.3</reference>
          <reference href="https://www.iso.org/contents/data/standard/05/45/54534.html">A.18.1.4</reference>
          <reference href="https://www.iso.org/contents/data/standard/05/45/54534.html">A.6.1.2</reference>
          <reference href="https://www.iso.org/contents/data/standard/05/45/54534.html">A.7.1.1</reference>
          <reference href="https://www.iso.org/contents/data/standard/05/45/54534.html">A.7.1.2</reference>
          <reference href="https://www.iso.org/contents/data/standard/05/45/54534.html">A.7.3.1</reference>
          <reference href="https://www.iso.org/contents/data/standard/05/45/54534.html">A.8.2.2</reference>
          <reference href="https://www.iso.org/contents/data/standard/05/45/54534.html">A.8.2.3</reference>
          <reference href="https://www.iso.org/contents/data/standard/05/45/54534.html">A.9.1.1</reference>
          <reference href="https://www.iso.org/contents/data/standard/05/45/54534.html">A.9.1.2</reference>
          <reference href="https://www.iso.org/contents/data/standard/05/45/54534.html">A.9.2.1</reference>
          <reference href="https://www.iso.org/contents/data/standard/05/45/54534.html">A.9.2.2</reference>
          <reference href="https://www.iso.org/contents/data/standard/05/45/54534.html">A.9.2.3</reference>
          <reference href="https://www.iso.org/contents/data/standard/05/45/54534.html">A.9.2.4</reference>
          <reference href="https://www.iso.org/contents/data/standard/05/45/54534.html">A.9.2.6</reference>
          <reference href="https://www.iso.org/contents/data/standard/05/45/54534.html">A.9.3.1</reference>
          <reference href="https://www.iso.org/contents/data/standard/05/45/54534.html">A.9.4.1</reference>
          <reference href="https://www.iso.org/contents/data/standard/05/45/54534.html">A.9.4.2</reference>
          <reference href="https://www.iso.org/contents/data/standard/05/45/54534.html">A.9.4.3</reference>
          <reference href="https://www.iso.org/contents/data/standard/05/45/54534.html">A.9.4.4</reference>
          <reference href="https://www.iso.org/contents/data/standard/05/45/54534.html">A.9.4.5</reference>
          <reference href="http://nvlpubs.nist.gov/nistpubs/SpecialPublications/NIST.SP.800-53r4.pdf">CM-6(a)</reference>
          <reference href="http://nvlpubs.nist.gov/nistpubs/SpecialPublications/NIST.SP.800-53r4.pdf">AC-6(1)</reference>
          <reference href="https://nvlpubs.nist.gov/nistpubs/CSWP/NIST.CSWP.04162018.pdf">PR.AC-1</reference>
          <reference href="https://nvlpubs.nist.gov/nistpubs/CSWP/NIST.CSWP.04162018.pdf">PR.AC-4</reference>
          <reference href="https://nvlpubs.nist.gov/nistpubs/CSWP/NIST.CSWP.04162018.pdf">PR.AC-6</reference>
          <reference href="https://nvlpubs.nist.gov/nistpubs/CSWP/NIST.CSWP.04162018.pdf">PR.AC-7</reference>
          <reference href="https://nvlpubs.nist.gov/nistpubs/CSWP/NIST.CSWP.04162018.pdf">PR.DS-5</reference>
          <reference href="https://nvlpubs.nist.gov/nistpubs/CSWP/NIST.CSWP.04162018.pdf">PR.PT-3</reference>
          <reference href="https://www.cyber.mil/stigs/downloads/?_dl_facet_stigs=operating-systems%2Cgeneral-purpose-os">SRG-OS-000480-GPOS-00227</reference>
          <reference href="https://www.cyber.mil/stigs/downloads/?_dl_facet_stigs=operating-systems%2Cunix-linux">SLES-15-040410</reference>
          <reference href="https://www.cisecurity.org/benchmark/suse_linux/">6.1.10</reference>
          <reference href="https://cyber.gouv.fr/sites/default/files/document/linux_configuration-en-v2.pdf">R53</reference>
          <reference href="https://docs-prv.pcisecuritystandards.org/PCI%20DSS/Standard/PCI-DSS-v4_0.pdf">2.2.6</reference>
          <reference href="https://docs-prv.pcisecuritystandards.org/PCI%20DSS/Standard/PCI-DSS-v4_0.pdf">2.2</reference>
          <reference href="https://www.cyber.mil/stigs/srg-stig-tools/">SV-235029r991589_rule</reference>
          <rationale xmlns:xhtml="http://www.w3.org/1999/xhtml" xml:lang="en-US">Unowned files do not directly imply a security problem, but they are generally a sign that
something is amiss. They may be caused by an intruder, by incorrect software installation or
draft software removal, or by failure to remove all files belonging to a deleted account, or
other similar cases. The files should be repaired so they will not cause problems when
accounts are created in the future, and the cause should be discovered and addressed.</rationale>
          <ident system="https://ncp.nist.gov/cce">CCE-85658-3</ident>
          <check system="http://oval.mitre.org/XMLSchema/oval-definitions-5">
            <check-content-ref name="oval:ssg-file_permissions_ungroupowned:def:1" href="ssg-sle15-oval.xml"/>
          </check>
          <check system="http://scap.nist.gov/schema/ocil/2">
            <check-content-ref name="ocil:ssg-file_permissions_ungroupowned_ocil:questionnaire:1" href="ssg-sle15-ocil.xml"/>
          </check>
        </Rule>
        <Rule id="xccdf_org.ssgproject.content_rule_no_files_unowned_by_user" selected="false" role="full" severity="medium">
          <title xmlns:xhtml="http://www.w3.org/1999/xhtml" xml:lang="en-US">Ensure All Files Are Owned by a User</title>
          <description xmlns:xhtml="http://www.w3.org/1999/xhtml" xml:lang="en-US">If any files are not owned by a user, then the cause of their lack of ownership should be
investigated. Following this, the files should be deleted or assigned to an appropriate user.

Locate the mount points related to local devices by the following command:
<html:pre xmlns:html="http://www.w3.org/1999/xhtml">$ findmnt -n -l -k -it $(awk '/nodev/ { print $2 }' /proc/filesystems | paste -sd,)</html:pre>

For all mount points listed by the previous command, it is necessary to search for files which
do not belong to a valid user using the following command:
<html:pre xmlns:html="http://www.w3.org/1999/xhtml">$ sudo find <html:i>MOUNTPOINT</html:i> -xdev -nouser 2&gt;/dev/null</html:pre>
       </description>
          <warning xmlns:xhtml="http://www.w3.org/1999/xhtml" xml:lang="en-US" category="functionality">For this rule to evaluate centralized user accounts, <html:code xmlns:html="http://www.w3.org/1999/xhtml">getent</html:code> must be working properly
so that running the command <html:pre xmlns:html="http://www.w3.org/1999/xhtml">getent passwd</html:pre> returns a list of all users in your organization.
If using the System Security Services Daemon (SSSD), <html:pre xmlns:html="http://www.w3.org/1999/xhtml">enumerate = true</html:pre> must be configured
in your organization's domain to return a complete list of users</warning>
          <warning xmlns:xhtml="http://www.w3.org/1999/xhtml" xml:lang="en-US" category="general">This rule can take a long time to perform the check and might consume a considerable
amount of resources depending on the number of files present on the system. It is not a
problem in most cases, but especially systems with a large number of files can be affected.
See <html:code xmlns:html="http://www.w3.org/1999/xhtml">https://access.redhat.com/articles/6999111</html:code>.</warning>
          <reference href="https://www.cisecurity.org/controls/">11</reference>
          <reference href="https://www.cisecurity.org/controls/">12</reference>
          <reference href="https://www.cisecurity.org/controls/">13</reference>
          <reference href="https://www.cisecurity.org/controls/">14</reference>
          <reference href="https://www.cisecurity.org/controls/">15</reference>
          <reference href="https://www.cisecurity.org/controls/">16</reference>
          <reference href="https://www.cisecurity.org/controls/">18</reference>
          <reference href="https://www.cisecurity.org/controls/">3</reference>
          <reference href="https://www.cisecurity.org/controls/">5</reference>
          <reference href="https://www.cisecurity.org/controls/">9</reference>
          <reference href="https://www.isaca.org/resources/cobit">APO01.06</reference>
          <reference href="https://www.isaca.org/resources/cobit">BAI10.01</reference>
          <reference href="https://www.isaca.org/resources/cobit">BAI10.02</reference>
          <reference href="https://www.isaca.org/resources/cobit">BAI10.03</reference>
          <reference href="https://www.isaca.org/resources/cobit">BAI10.05</reference>
          <reference href="https://www.isaca.org/resources/cobit">DSS05.02</reference>
          <reference href="https://www.isaca.org/resources/cobit">DSS05.04</reference>
          <reference href="https://www.isaca.org/resources/cobit">DSS05.05</reference>
          <reference href="https://www.isaca.org/resources/cobit">DSS05.07</reference>
          <reference href="https://www.isaca.org/resources/cobit">DSS06.02</reference>
          <reference href="https://www.isaca.org/resources/cobit">DSS06.03</reference>
          <reference href="https://www.isaca.org/resources/cobit">DSS06.06</reference>
          <reference href="https://www.isa.org/products/isa-62443-2-1-2009-security-for-industrial-automat">4.3.3.2.2</reference>
          <reference href="https://www.isa.org/products/isa-62443-2-1-2009-security-for-industrial-automat">4.3.3.5.1</reference>
          <reference href="https://www.isa.org/products/isa-62443-2-1-2009-security-for-industrial-automat">4.3.3.5.2</reference>
          <reference href="https://www.isa.org/products/isa-62443-2-1-2009-security-for-industrial-automat">4.3.3.5.3</reference>
          <reference href="https://www.isa.org/products/isa-62443-2-1-2009-security-for-industrial-automat">4.3.3.5.4</reference>
          <reference href="https://www.isa.org/products/isa-62443-2-1-2009-security-for-industrial-automat">4.3.3.5.5</reference>
          <reference href="https://www.isa.org/products/isa-62443-2-1-2009-security-for-industrial-automat">4.3.3.5.6</reference>
          <reference href="https://www.isa.org/products/isa-62443-2-1-2009-security-for-industrial-automat">4.3.3.5.7</reference>
          <reference href="https://www.isa.org/products/isa-62443-2-1-2009-security-for-industrial-automat">4.3.3.5.8</reference>
          <reference href="https://www.isa.org/products/isa-62443-2-1-2009-security-for-industrial-automat">4.3.3.6.1</reference>
          <reference href="https://www.isa.org/products/isa-62443-2-1-2009-security-for-industrial-automat">4.3.3.6.2</reference>
          <reference href="https://www.isa.org/products/isa-62443-2-1-2009-security-for-industrial-automat">4.3.3.6.3</reference>
          <reference href="https://www.isa.org/products/isa-62443-2-1-2009-security-for-industrial-automat">4.3.3.6.4</reference>
          <reference href="https://www.isa.org/products/isa-62443-2-1-2009-security-for-industrial-automat">4.3.3.6.5</reference>
          <reference href="https://www.isa.org/products/isa-62443-2-1-2009-security-for-industrial-automat">4.3.3.6.6</reference>
          <reference href="https://www.isa.org/products/isa-62443-2-1-2009-security-for-industrial-automat">4.3.3.6.7</reference>
          <reference href="https://www.isa.org/products/isa-62443-2-1-2009-security-for-industrial-automat">4.3.3.6.8</reference>
          <reference href="https://www.isa.org/products/isa-62443-2-1-2009-security-for-industrial-automat">4.3.3.6.9</reference>
          <reference href="https://www.isa.org/products/isa-62443-2-1-2009-security-for-industrial-automat">4.3.3.7.1</reference>
          <reference href="https://www.isa.org/products/isa-62443-2-1-2009-security-for-industrial-automat">4.3.3.7.2</reference>
          <reference href="https://www.isa.org/products/isa-62443-2-1-2009-security-for-industrial-automat">4.3.3.7.3</reference>
          <reference href="https://www.isa.org/products/isa-62443-2-1-2009-security-for-industrial-automat">4.3.3.7.4</reference>
          <reference href="https://www.isa.org/products/isa-62443-2-1-2009-security-for-industrial-automat">4.3.4.3.2</reference>
          <reference href="https://www.isa.org/products/isa-62443-2-1-2009-security-for-industrial-automat">4.3.4.3.3</reference>
          <reference href="https://www.isa.org/products/ansi-isa-62443-3-3-99-03-03-2013-security-for-indu">SR 1.1</reference>
          <reference href="https://www.isa.org/products/ansi-isa-62443-3-3-99-03-03-2013-security-for-indu">SR 1.10</reference>
          <reference href="https://www.isa.org/products/ansi-isa-62443-3-3-99-03-03-2013-security-for-indu">SR 1.11</reference>
          <reference href="https://www.isa.org/products/ansi-isa-62443-3-3-99-03-03-2013-security-for-indu">SR 1.12</reference>
          <reference href="https://www.isa.org/products/ansi-isa-62443-3-3-99-03-03-2013-security-for-indu">SR 1.13</reference>
          <reference href="https://www.isa.org/products/ansi-isa-62443-3-3-99-03-03-2013-security-for-indu">SR 1.2</reference>
          <reference href="https://www.isa.org/products/ansi-isa-62443-3-3-99-03-03-2013-security-for-indu">SR 1.3</reference>
          <reference href="https://www.isa.org/products/ansi-isa-62443-3-3-99-03-03-2013-security-for-indu">SR 1.4</reference>
          <reference href="https://www.isa.org/products/ansi-isa-62443-3-3-99-03-03-2013-security-for-indu">SR 1.5</reference>
          <reference href="https://www.isa.org/products/ansi-isa-62443-3-3-99-03-03-2013-security-for-indu">SR 1.6</reference>
          <reference href="https://www.isa.org/products/ansi-isa-62443-3-3-99-03-03-2013-security-for-indu">SR 1.7</reference>
          <reference href="https://www.isa.org/products/ansi-isa-62443-3-3-99-03-03-2013-security-for-indu">SR 1.8</reference>
          <reference href="https://www.isa.org/products/ansi-isa-62443-3-3-99-03-03-2013-security-for-indu">SR 1.9</reference>
          <reference href="https://www.isa.org/products/ansi-isa-62443-3-3-99-03-03-2013-security-for-indu">SR 2.1</reference>
          <reference href="https://www.isa.org/products/ansi-isa-62443-3-3-99-03-03-2013-security-for-indu">SR 2.2</reference>
          <reference href="https://www.isa.org/products/ansi-isa-62443-3-3-99-03-03-2013-security-for-indu">SR 2.3</reference>
          <reference href="https://www.isa.org/products/ansi-isa-62443-3-3-99-03-03-2013-security-for-indu">SR 2.4</reference>
          <reference href="https://www.isa.org/products/ansi-isa-62443-3-3-99-03-03-2013-security-for-indu">SR 2.5</reference>
          <reference href="https://www.isa.org/products/ansi-isa-62443-3-3-99-03-03-2013-security-for-indu">SR 2.6</reference>
          <reference href="https://www.isa.org/products/ansi-isa-62443-3-3-99-03-03-2013-security-for-indu">SR 2.7</reference>
          <reference href="https://www.isa.org/products/ansi-isa-62443-3-3-99-03-03-2013-security-for-indu">SR 5.2</reference>
          <reference href="https://www.isa.org/products/ansi-isa-62443-3-3-99-03-03-2013-security-for-indu">SR 7.6</reference>
          <reference href="https://www.iso.org/contents/data/standard/05/45/54534.html">A.10.1.1</reference>
          <reference href="https://www.iso.org/contents/data/standard/05/45/54534.html">A.11.1.4</reference>
          <reference href="https://www.iso.org/contents/data/standard/05/45/54534.html">A.11.1.5</reference>
          <reference href="https://www.iso.org/contents/data/standard/05/45/54534.html">A.11.2.1</reference>
          <reference href="https://www.iso.org/contents/data/standard/05/45/54534.html">A.12.1.2</reference>
          <reference href="https://www.iso.org/contents/data/standard/05/45/54534.html">A.12.5.1</reference>
          <reference href="https://www.iso.org/contents/data/standard/05/45/54534.html">A.12.6.2</reference>
          <reference href="https://www.iso.org/contents/data/standard/05/45/54534.html">A.13.1.1</reference>
          <reference href="https://www.iso.org/contents/data/standard/05/45/54534.html">A.13.1.3</reference>
          <reference href="https://www.iso.org/contents/data/standard/05/45/54534.html">A.13.2.1</reference>
          <reference href="https://www.iso.org/contents/data/standard/05/45/54534.html">A.13.2.3</reference>
          <reference href="https://www.iso.org/contents/data/standard/05/45/54534.html">A.13.2.4</reference>
          <reference href="https://www.iso.org/contents/data/standard/05/45/54534.html">A.14.1.2</reference>
          <reference href="https://www.iso.org/contents/data/standard/05/45/54534.html">A.14.1.3</reference>
          <reference href="https://www.iso.org/contents/data/standard/05/45/54534.html">A.14.2.2</reference>
          <reference href="https://www.iso.org/contents/data/standard/05/45/54534.html">A.14.2.3</reference>
          <reference href="https://www.iso.org/contents/data/standard/05/45/54534.html">A.14.2.4</reference>
          <reference href="https://www.iso.org/contents/data/standard/05/45/54534.html">A.6.1.2</reference>
          <reference href="https://www.iso.org/contents/data/standard/05/45/54534.html">A.7.1.1</reference>
          <reference href="https://www.iso.org/contents/data/standard/05/45/54534.html">A.7.1.2</reference>
          <reference href="https://www.iso.org/contents/data/standard/05/45/54534.html">A.7.3.1</reference>
          <reference href="https://www.iso.org/contents/data/standard/05/45/54534.html">A.8.2.2</reference>
          <reference href="https://www.iso.org/contents/data/standard/05/45/54534.html">A.8.2.3</reference>
          <reference href="https://www.iso.org/contents/data/standard/05/45/54534.html">A.9.1.1</reference>
          <reference href="https://www.iso.org/contents/data/standard/05/45/54534.html">A.9.1.2</reference>
          <reference href="https://www.iso.org/contents/data/standard/05/45/54534.html">A.9.2.1</reference>
          <reference href="https://www.iso.org/contents/data/standard/05/45/54534.html">A.9.2.3</reference>
          <reference href="https://www.iso.org/contents/data/standard/05/45/54534.html">A.9.4.1</reference>
          <reference href="https://www.iso.org/contents/data/standard/05/45/54534.html">A.9.4.4</reference>
          <reference href="https://www.iso.org/contents/data/standard/05/45/54534.html">A.9.4.5</reference>
          <reference href="http://nvlpubs.nist.gov/nistpubs/SpecialPublications/NIST.SP.800-53r4.pdf">CM-6(a)</reference>
          <reference href="http://nvlpubs.nist.gov/nistpubs/SpecialPublications/NIST.SP.800-53r4.pdf">AC-6(1)</reference>
          <reference href="https://nvlpubs.nist.gov/nistpubs/CSWP/NIST.CSWP.04162018.pdf">PR.AC-4</reference>
          <reference href="https://nvlpubs.nist.gov/nistpubs/CSWP/NIST.CSWP.04162018.pdf">PR.AC-6</reference>
          <reference href="https://nvlpubs.nist.gov/nistpubs/CSWP/NIST.CSWP.04162018.pdf">PR.DS-5</reference>
          <reference href="https://nvlpubs.nist.gov/nistpubs/CSWP/NIST.CSWP.04162018.pdf">PR.IP-1</reference>
          <reference href="https://nvlpubs.nist.gov/nistpubs/CSWP/NIST.CSWP.04162018.pdf">PR.PT-3</reference>
          <reference href="https://www.cyber.mil/stigs/downloads/?_dl_facet_stigs=operating-systems%2Cgeneral-purpose-os">SRG-OS-000480-GPOS-00227</reference>
          <reference href="https://www.cyber.mil/stigs/downloads/?_dl_facet_stigs=operating-systems%2Cunix-linux">SLES-15-040400</reference>
          <reference href="https://www.cisecurity.org/benchmark/suse_linux/">6.1.9</reference>
          <reference href="https://cyber.gouv.fr/sites/default/files/document/linux_configuration-en-v2.pdf">R53</reference>
          <reference href="not_publicly_available">SLES-15-900150180</reference>
          <reference href="https://docs-prv.pcisecuritystandards.org/PCI%20DSS/Standard/PCI-DSS-v4_0.pdf">2.2.6</reference>
          <reference href="https://docs-prv.pcisecuritystandards.org/PCI%20DSS/Standard/PCI-DSS-v4_0.pdf">2.2</reference>
          <reference href="https://www.cyber.mil/stigs/srg-stig-tools/">SV-235028r991589_rule</reference>
          <rationale xmlns:xhtml="http://www.w3.org/1999/xhtml" xml:lang="en-US">Unowned files do not directly imply a security problem, but they are generally a sign that
something is amiss. They may be caused by an intruder, by incorrect software installation or
draft software removal, or by failure to remove all files belonging to a deleted account, or
other similar cases. The files should be repaired so they will not cause problems when
accounts are created in the future, and the cause should be discovered and addressed.</rationale>
          <platform idref="#system_with_kernel"/>
          <ident system="https://ncp.nist.gov/cce">CCE-85657-5</ident>
          <check system="http://oval.mitre.org/XMLSchema/oval-definitions-5">
            <check-content-ref name="oval:ssg-no_files_unowned_by_user:def:1" href="ssg-sle15-oval.xml"/>
          </check>
          <check system="http://scap.nist.gov/schema/ocil/2">
            <check-content-ref name="ocil:ssg-no_files_unowned_by_user_ocil:questionnaire:1" href="ssg-sle15-ocil.xml"/>
          </check>
        </Rule>
        <Rule id="xccdf_org.ssgproject.content_rule_permissions_local_var_log" selected="false" role="full" severity="medium">
          <title xmlns:xhtml="http://www.w3.org/1999/xhtml" xml:lang="en-US">Verify permissions of log files</title>
          <description xmlns:xhtml="http://www.w3.org/1999/xhtml" xml:lang="en-US">Any operating system providing too much information in error messages
risks compromising the data and security of the structure, and content
of error messages needs to be carefully considered by the organization.

Organizations carefully consider the structure/content of error messages.
The extent to which information systems are able to identify and handle
error conditions is guided by organizational policy and operational
requirements. Information that could be exploited by adversaries includes,
for example, erroneous logon attempts with passwords entered by mistake
as the username, mission/business information that can be derived from
(if not stated explicitly by) information recorded, and personal
information, such as account numbers, social security numbers, and credit
card numbers.</description>
          <reference href="http://nvlpubs.nist.gov/nistpubs/SpecialPublications/NIST.SP.800-53r4.pdf">SI-11(a)</reference>
          <reference href="http://nvlpubs.nist.gov/nistpubs/SpecialPublications/NIST.SP.800-53r4.pdf">SI-11(b)</reference>
          <reference href="http://nvlpubs.nist.gov/nistpubs/SpecialPublications/NIST.SP.800-53r4.pdf">SI-11.1(iii)</reference>
          <reference href="https://nvlpubs.nist.gov/nistpubs/CSWP/NIST.CSWP.04162018.pdf">PR.AC-4</reference>
          <reference href="https://nvlpubs.nist.gov/nistpubs/CSWP/NIST.CSWP.04162018.pdf">PR.DS-5</reference>
          <reference href="https://www.cyber.mil/stigs/downloads/?_dl_facet_stigs=operating-systems%2Cgeneral-purpose-os">SRG-OS-000205-GPOS-00083</reference>
          <reference href="https://www.cyber.mil/stigs/downloads/?_dl_facet_stigs=operating-systems%2Cunix-linux">SLES-15-010340</reference>
          <reference href="https://www.cisecurity.org/benchmark/suse_linux/">4.2.3</reference>
          <reference href="https://docs-prv.pcisecuritystandards.org/PCI%20DSS/Standard/PCI-DSS-v4_0.pdf">10.3.1</reference>
          <reference href="https://docs-prv.pcisecuritystandards.org/PCI%20DSS/Standard/PCI-DSS-v4_0.pdf">10.3</reference>
          <reference href="https://www.cyber.mil/stigs/srg-stig-tools/">SV-234832r958564_rule</reference>
          <rationale xmlns:xhtml="http://www.w3.org/1999/xhtml" xml:lang="en-US">The SUSE Linux Enterprise 15 must generate error messages that provide information
necessary for corrective actions without revealing information that could
be exploited by adversaries.</rationale>
          <ident system="https://ncp.nist.gov/cce">CCE-85755-7</ident>
          <fix xmlns:xhtml="http://www.w3.org/1999/xhtml" id="permissions_local_var_log" system="urn:xccdf:fix:script:sh" complexity="low" disruption="low" strategy="configure">



find -P /var/log/  -perm /u+xs,g+xws,o+xwrt ! -name '*[bw]tmp' ! -name '*lastlog' -type f -regextype posix-extended -regex '.*' -exec chmod u-xs,g-xws,o-xwrt {} \;
</fix>
          <fix xmlns:xhtml="http://www.w3.org/1999/xhtml" id="permissions_local_var_log" system="urn:xccdf:fix:script:ansible" complexity="low" disruption="low" strategy="configure">- name: Find /var/log/ file(s) recursively
  ansible.builtin.command: find -P /var/log/  -perm /u+xs,g+xws,o+xwrt ! -name "*[bw]tmp"
    ! -name "*lastlog" -type f -regextype posix-extended -regex ".*"
  register: files_found
  changed_when: false
  failed_when: false
  check_mode: false
  tags:
  - CCE-85755-7
  - DISA-STIG-SLES-15-010340
  - NIST-800-53-SI-11(a)
  - NIST-800-53-SI-11(b)
  - NIST-800-53-SI-11.1(iii)
  - PCI-DSSv4-10.3
  - PCI-DSSv4-10.3.1
  - configure_strategy
  - low_complexity
  - low_disruption
  - medium_severity
  - no_reboot_needed
  - permissions_local_var_log

- name: Set permissions for /var/log/ file(s)
  ansible.builtin.file:
    path: '{{ item }}'
    mode: u-xs,g-xws,o-xwrt
    state: file
  with_items:
  - '{{ files_found.stdout_lines }}'
  tags:
  - CCE-85755-7
  - DISA-STIG-SLES-15-010340
  - NIST-800-53-SI-11(a)
  - NIST-800-53-SI-11(b)
  - NIST-800-53-SI-11.1(iii)
  - PCI-DSSv4-10.3
  - PCI-DSSv4-10.3.1
  - configure_strategy
  - low_complexity
  - low_disruption
  - medium_severity
  - no_reboot_needed
  - permissions_local_var_log
</fix>
          <check system="http://oval.mitre.org/XMLSchema/oval-definitions-5">
            <check-content-ref name="oval:ssg-permissions_local_var_log:def:1" href="ssg-sle15-oval.xml"/>
          </check>
          <check system="http://scap.nist.gov/schema/ocil/2">
            <check-content-ref name="ocil:ssg-permissions_local_var_log_ocil:questionnaire:1" href="ssg-sle15-ocil.xml"/>
          </check>
        </Rule>
        <Rule id="xccdf_org.ssgproject.content_rule_sysctl_fs_protected_hardlinks" selected="false" role="full" severity="medium">
          <title xmlns:xhtml="http://www.w3.org/1999/xhtml" xml:lang="en-US">Enable Kernel Parameter to Enforce DAC on Hardlinks</title>
          <description xmlns:xhtml="http://www.w3.org/1999/xhtml" xml:lang="en-US">To set the runtime status of the <html:code xmlns:html="http://www.w3.org/1999/xhtml">fs.protected_hardlinks</html:code> kernel parameter, run the following command: <html:pre xmlns:html="http://www.w3.org/1999/xhtml">$ sudo sysctl -w fs.protected_hardlinks=1</html:pre>
To make sure that the setting is persistent, add the following line to a file in the directory <html:code xmlns:html="http://www.w3.org/1999/xhtml">/etc/sysctl.d</html:code>: <html:pre xmlns:html="http://www.w3.org/1999/xhtml">fs.protected_hardlinks = 1</html:pre>
       </description>
          <reference href="https://www.nerc.com/standards/reliability-standards/cip">CIP-003-8 R5.1.1</reference>
          <reference href="https://www.nerc.com/standards/reliability-standards/cip">CIP-003-8 R5.3</reference>
          <reference href="https://www.nerc.com/standards/reliability-standards/cip">CIP-004-6 R2.3</reference>
          <reference href="https://www.nerc.com/standards/reliability-standards/cip">CIP-007-3 R2.1</reference>
          <reference href="https://www.nerc.com/standards/reliability-standards/cip">CIP-007-3 R2.2</reference>
          <reference href="https://www.nerc.com/standards/reliability-standards/cip">CIP-007-3 R2.3</reference>
          <reference href="https://www.nerc.com/standards/reliability-standards/cip">CIP-007-3 R5.1</reference>
          <reference href="https://www.nerc.com/standards/reliability-standards/cip">CIP-007-3 R5.1.1</reference>
          <reference href="https://www.nerc.com/standards/reliability-standards/cip">CIP-007-3 R5.1.2</reference>
          <reference href="http://nvlpubs.nist.gov/nistpubs/SpecialPublications/NIST.SP.800-53r4.pdf">CM-6(a)</reference>
          <reference href="http://nvlpubs.nist.gov/nistpubs/SpecialPublications/NIST.SP.800-53r4.pdf">AC-6(1)</reference>
          <reference href="https://www.cyber.mil/stigs/downloads/?_dl_facet_stigs=operating-systems%2Cgeneral-purpose-os">SRG-OS-000312-GPOS-00122</reference>
          <reference href="https://www.cyber.mil/stigs/downloads/?_dl_facet_stigs=operating-systems%2Cgeneral-purpose-os">SRG-OS-000312-GPOS-00123</reference>
          <reference href="https://www.cyber.mil/stigs/downloads/?_dl_facet_stigs=operating-systems%2Cgeneral-purpose-os">SRG-OS-000324-GPOS-00125</reference>
          <reference href="https://cyber.gouv.fr/sites/default/files/document/linux_configuration-en-v2.pdf">R14</reference>
          <reference href="not_publicly_available">SLES-15-150750180</reference>
          <rationale xmlns:xhtml="http://www.w3.org/1999/xhtml" xml:lang="en-US">By enabling this kernel parameter, users can no longer create soft or hard links to
files which they do not own. Disallowing such hardlinks mitigate vulnerabilities
based on insecure file system accessed by privileged programs, avoiding an
exploitation vector exploiting unsafe use of <html:code xmlns:html="http://www.w3.org/1999/xhtml">open()</html:code> or <html:code xmlns:html="http://www.w3.org/1999/xhtml">creat()</html:code>.</rationale>
          <platform idref="#system_with_kernel"/>
          <ident system="https://ncp.nist.gov/cce">CCE-91252-7</ident>
          <fix xmlns:xhtml="http://www.w3.org/1999/xhtml" id="sysctl_fs_protected_hardlinks" system="urn:xccdf:fix:script:sh" reboot="true" complexity="low" disruption="medium" strategy="disable"># Remediation is applicable only in certain platforms
if rpm --quiet -q kernel-default || rpm --quiet -q kernel-default-base; then

# Comment out any occurrences of fs.protected_hardlinks from /etc/sysctl.d/*.conf files

for f in /etc/sysctl.d/*.conf /run/sysctl.d/*.conf /usr/local/lib/sysctl.d/*.conf /lib/sysctl.d/*.conf; do


  # skip systemd-sysctl symlink (/etc/sysctl.d/99-sysctl.conf -&gt; /etc/sysctl.conf)
  if [[ "$(readlink -f "$f")" == "/etc/sysctl.conf" ]]; then continue; fi

  matching_list=$(grep -P '^(?!#).*[\s]*fs.protected_hardlinks.*$' $f | uniq )
  if ! test -z "$matching_list"; then
    while IFS= read -r entry; do
      escaped_entry=$(sed -e 's|/|\\/|g' &lt;&lt;&lt; "$entry")
      # comment out "fs.protected_hardlinks" matches to preserve user data
      sed -i --follow-symlinks "s/^${escaped_entry}$/# &amp;/g" $f
    done &lt;&lt;&lt; "$matching_list"
  fi
done

#
# Set sysctl config file which to save the desired value
#

SYSCONFIG_FILE='/etc/sysctl.d/fs_protected_hardlinks.conf'


#
# Set runtime for fs.protected_hardlinks
#
if ! { rpm --quiet -q kernel rpm-ostree bootc &amp;&amp; ! rpm --quiet -q openshift-kubelet &amp;&amp; { [ -f "/run/.containerenv" ] || [ -f "/.containerenv" ]; }; } ; then
    /sbin/sysctl -q -n -w fs.protected_hardlinks="1"
fi

#
# If fs.protected_hardlinks present in /etc/sysctl.conf, change value to "1"
#	else, add "fs.protected_hardlinks = 1" to /etc/sysctl.conf
#

sed -i "/^$SYSCONFIG_VAR/d" /etc/sysctl.conf

# Strip any search characters in the key arg so that the key can be replaced without
# adding any search characters to the config file.
stripped_key=$(sed 's/[\^=\$,;+]*//g' &lt;&lt;&lt; "^fs.protected_hardlinks")

# shellcheck disable=SC2059
printf -v formatted_output "%s = %s" "$stripped_key" "1"

# If the key exists, change it. Otherwise, add it to the config_file.
# We search for the key string followed by a word boundary (matched by \&gt;),
# so if we search for 'setting', 'setting2' won't match.
if LC_ALL=C grep -q -m 1 -i -e "^fs.protected_hardlinks\\&gt;" "${SYSCONFIG_FILE}"; then
    escaped_formatted_output=$(sed -e 's|/|\\/|g' &lt;&lt;&lt; "$formatted_output")
    LC_ALL=C sed -i --follow-symlinks "s/^fs.protected_hardlinks\\&gt;.*/$escaped_formatted_output/gi" "${SYSCONFIG_FILE}"
else
    if [[ -s "${SYSCONFIG_FILE}" ]] &amp;&amp; [[ -n "$(tail -c 1 -- "${SYSCONFIG_FILE}" || true)" ]]; then
        LC_ALL=C sed -i --follow-symlinks '$a'\\ "${SYSCONFIG_FILE}"
    fi
    cce="CCE-91252-7"
    printf '# Per %s: Set %s in %s\n' "${cce}" "${formatted_output}" "${SYSCONFIG_FILE}" &gt;&gt; "${SYSCONFIG_FILE}"
    printf '%s\n' "$formatted_output" &gt;&gt; "${SYSCONFIG_FILE}"
fi

else
    &gt;&amp;2 echo 'Remediation is not applicable, nothing was done'
fi
</fix>
          <fix xmlns:xhtml="http://www.w3.org/1999/xhtml" id="sysctl_fs_protected_hardlinks" system="urn:xccdf:fix:script:ansible" reboot="true" complexity="low" disruption="medium" strategy="disable">- name: Gather the package facts
  package_facts:
    manager: auto
  tags:
  - CCE-91252-7
  - NIST-800-53-AC-6(1)
  - NIST-800-53-CM-6(a)
  - disable_strategy
  - low_complexity
  - medium_disruption
  - medium_severity
  - reboot_required
  - sysctl_fs_protected_hardlinks

- name: Enable Kernel Parameter to Enforce DAC on Hardlinks - Set fact for sysctl
    paths
  ansible.builtin.set_fact:
    sysctl_paths:
    - /run/sysctl.d/
    - /etc/sysctl.d/
    - /usr/local/lib/sysctl.d/
    - /lib/sysctl.d/
  when: ("kernel-default" in ansible_facts.packages or "kernel-default-base" in ansible_facts.packages)
  tags:
  - CCE-91252-7
  - NIST-800-53-AC-6(1)
  - NIST-800-53-CM-6(a)
  - disable_strategy
  - low_complexity
  - medium_disruption
  - medium_severity
  - reboot_required
  - sysctl_fs_protected_hardlinks

- name: Enable Kernel Parameter to Enforce DAC on Hardlinks - Find all files that
    contain fs.protected_hardlinks
  ansible.builtin.shell:
    cmd: find -L {{ sysctl_paths | join(" ") }} -type f -name '*.conf' | xargs grep
      -HP '^\s*fs.protected_hardlinks\s*=\s*.*$'
  register: find_all_values
  check_mode: false
  changed_when: false
  failed_when: false
  when: ("kernel-default" in ansible_facts.packages or "kernel-default-base" in ansible_facts.packages)
  tags:
  - CCE-91252-7
  - NIST-800-53-AC-6(1)
  - NIST-800-53-CM-6(a)
  - disable_strategy
  - low_complexity
  - medium_disruption
  - medium_severity
  - reboot_required
  - sysctl_fs_protected_hardlinks

- name: Enable Kernel Parameter to Enforce DAC on Hardlinks - Find all files that
    set fs.protected_hardlinks to correct value
  ansible.builtin.shell:
    cmd: find -L {{ sysctl_paths | join(" ") }} -type f -name '*.conf' | xargs grep
      -HP '^\s*fs.protected_hardlinks\s*=\s*1$'
  register: find_correct_value
  check_mode: false
  changed_when: false
  failed_when: false
  when: ("kernel-default" in ansible_facts.packages or "kernel-default-base" in ansible_facts.packages)
  tags:
  - CCE-91252-7
  - NIST-800-53-AC-6(1)
  - NIST-800-53-CM-6(a)
  - disable_strategy
  - low_complexity
  - medium_disruption
  - medium_severity
  - reboot_required
  - sysctl_fs_protected_hardlinks

- name: Enable Kernel Parameter to Enforce DAC on Hardlinks - Comment out any occurrences
    of fs.protected_hardlinks from config files
  ansible.builtin.replace:
    path: '{{ item | split(":") | first }}'
    regexp: ^[\s]*fs.protected_hardlinks
    replace: '#fs.protected_hardlinks'
  loop: '{{ find_all_values.stdout_lines }}'
  when:
  - ("kernel-default" in ansible_facts.packages or "kernel-default-base" in ansible_facts.packages)
  - find_correct_value.stdout_lines | length == 0 or find_all_values.stdout_lines
    | length &gt; find_correct_value.stdout_lines | length
  tags:
  - CCE-91252-7
  - NIST-800-53-AC-6(1)
  - NIST-800-53-CM-6(a)
  - disable_strategy
  - low_complexity
  - medium_disruption
  - medium_severity
  - reboot_required
  - sysctl_fs_protected_hardlinks

- name: Enable Kernel Parameter to Enforce DAC on Hardlinks - Comment out any occurrences
    of fs.protected_hardlinks from /etc/sysctl.conf
  ansible.builtin.replace:
    path: /etc/sysctl.conf
    regexp: ^[\s]*fs.protected_hardlinks
    replace: '#fs.protected_hardlinks'
  when: ("kernel-default" in ansible_facts.packages or "kernel-default-base" in ansible_facts.packages)
  tags:
  - CCE-91252-7
  - NIST-800-53-AC-6(1)
  - NIST-800-53-CM-6(a)
  - disable_strategy
  - low_complexity
  - medium_disruption
  - medium_severity
  - reboot_required
  - sysctl_fs_protected_hardlinks

- name: Enable Kernel Parameter to Enforce DAC on Hardlinks - Ensure sysctl fs.protected_hardlinks
    is set to 1
  ansible.posix.sysctl:
    name: fs.protected_hardlinks
    value: '1'
    sysctl_file: /etc/sysctl.d/fs_protected_hardlinks.conf
    state: present
    reload: true
  when: ("kernel-default" in ansible_facts.packages or "kernel-default-base" in ansible_facts.packages)
  tags:
  - CCE-91252-7
  - NIST-800-53-AC-6(1)
  - NIST-800-53-CM-6(a)
  - disable_strategy
  - low_complexity
  - medium_disruption
  - medium_severity
  - reboot_required
  - sysctl_fs_protected_hardlinks
</fix>
          <check system="http://open-scap.org/page/SCE">
            <check-import import-name="stdout">
                </check-import>
            <check-content-ref href="sle15/checks/sce/sysctl_fs_protected_hardlinks.sh"/>
          </check>
          <check system="http://oval.mitre.org/XMLSchema/oval-definitions-5">
            <check-content-ref name="oval:ssg-sysctl_fs_protected_hardlinks:def:1" href="ssg-sle15-oval.xml"/>
          </check>
          <check system="http://scap.nist.gov/schema/ocil/2">
            <check-content-ref name="ocil:ssg-sysctl_fs_protected_hardlinks_ocil:questionnaire:1" href="ssg-sle15-ocil.xml"/>
          </check>
        </Rule>
        <Rule id="xccdf_org.ssgproject.content_rule_sysctl_fs_protected_symlinks" selected="false" role="full" severity="medium">
          <title xmlns:xhtml="http://www.w3.org/1999/xhtml" xml:lang="en-US">Enable Kernel Parameter to Enforce DAC on Symlinks</title>
          <description xmlns:xhtml="http://www.w3.org/1999/xhtml" xml:lang="en-US">To set the runtime status of the <html:code xmlns:html="http://www.w3.org/1999/xhtml">fs.protected_symlinks</html:code> kernel parameter, run the following command: <html:pre xmlns:html="http://www.w3.org/1999/xhtml">$ sudo sysctl -w fs.protected_symlinks=1</html:pre>
To make sure that the setting is persistent, add the following line to a file in the directory <html:code xmlns:html="http://www.w3.org/1999/xhtml">/etc/sysctl.d</html:code>: <html:pre xmlns:html="http://www.w3.org/1999/xhtml">fs.protected_symlinks = 1</html:pre>
       </description>
          <reference href="https://www.nerc.com/standards/reliability-standards/cip">CIP-003-8 R5.1.1</reference>
          <reference href="https://www.nerc.com/standards/reliability-standards/cip">CIP-003-8 R5.3</reference>
          <reference href="https://www.nerc.com/standards/reliability-standards/cip">CIP-004-6 R2.3</reference>
          <reference href="https://www.nerc.com/standards/reliability-standards/cip">CIP-007-3 R2.1</reference>
          <reference href="https://www.nerc.com/standards/reliability-standards/cip">CIP-007-3 R2.2</reference>
          <reference href="https://www.nerc.com/standards/reliability-standards/cip">CIP-007-3 R2.3</reference>
          <reference href="https://www.nerc.com/standards/reliability-standards/cip">CIP-007-3 R5.1</reference>
          <reference href="https://www.nerc.com/standards/reliability-standards/cip">CIP-007-3 R5.1.1</reference>
          <reference href="https://www.nerc.com/standards/reliability-standards/cip">CIP-007-3 R5.1.2</reference>
          <reference href="http://nvlpubs.nist.gov/nistpubs/SpecialPublications/NIST.SP.800-53r4.pdf">CM-6(a)</reference>
          <reference href="http://nvlpubs.nist.gov/nistpubs/SpecialPublications/NIST.SP.800-53r4.pdf">AC-6(1)</reference>
          <reference href="https://www.cyber.mil/stigs/downloads/?_dl_facet_stigs=operating-systems%2Cgeneral-purpose-os">SRG-OS-000312-GPOS-00122</reference>
          <reference href="https://www.cyber.mil/stigs/downloads/?_dl_facet_stigs=operating-systems%2Cgeneral-purpose-os">SRG-OS-000312-GPOS-00123</reference>
          <reference href="https://www.cyber.mil/stigs/downloads/?_dl_facet_stigs=operating-systems%2Cgeneral-purpose-os">SRG-OS-000324-GPOS-00125</reference>
          <reference href="https://cyber.gouv.fr/sites/default/files/document/linux_configuration-en-v2.pdf">R14</reference>
          <reference href="not_publicly_available">SLES-15-150750180</reference>
          <rationale xmlns:xhtml="http://www.w3.org/1999/xhtml" xml:lang="en-US">By enabling this kernel parameter, symbolic links are permitted to be followed
only when outside a sticky world-writable directory, or when the UID of the
link and follower match, or when the directory owner matches the symlink's owner.
Disallowing such symlinks helps mitigate vulnerabilities based on insecure file system
accessed by privileged programs, avoiding an exploitation vector exploiting unsafe use of
<html:code xmlns:html="http://www.w3.org/1999/xhtml">open()</html:code> or <html:code xmlns:html="http://www.w3.org/1999/xhtml">creat()</html:code>.</rationale>
          <platform idref="#system_with_kernel"/>
          <ident system="https://ncp.nist.gov/cce">CCE-91253-5</ident>
          <fix xmlns:xhtml="http://www.w3.org/1999/xhtml" id="sysctl_fs_protected_symlinks" system="urn:xccdf:fix:script:sh" reboot="true" complexity="low" disruption="medium" strategy="disable"># Remediation is applicable only in certain platforms
if rpm --quiet -q kernel-default || rpm --quiet -q kernel-default-base; then

# Comment out any occurrences of fs.protected_symlinks from /etc/sysctl.d/*.conf files

for f in /etc/sysctl.d/*.conf /run/sysctl.d/*.conf /usr/local/lib/sysctl.d/*.conf /lib/sysctl.d/*.conf; do


  # skip systemd-sysctl symlink (/etc/sysctl.d/99-sysctl.conf -&gt; /etc/sysctl.conf)
  if [[ "$(readlink -f "$f")" == "/etc/sysctl.conf" ]]; then continue; fi

  matching_list=$(grep -P '^(?!#).*[\s]*fs.protected_symlinks.*$' $f | uniq )
  if ! test -z "$matching_list"; then
    while IFS= read -r entry; do
      escaped_entry=$(sed -e 's|/|\\/|g' &lt;&lt;&lt; "$entry")
      # comment out "fs.protected_symlinks" matches to preserve user data
      sed -i --follow-symlinks "s/^${escaped_entry}$/# &amp;/g" $f
    done &lt;&lt;&lt; "$matching_list"
  fi
done

#
# Set sysctl config file which to save the desired value
#

SYSCONFIG_FILE='/etc/sysctl.d/fs_protected_symlinks.conf'


#
# Set runtime for fs.protected_symlinks
#
if ! { rpm --quiet -q kernel rpm-ostree bootc &amp;&amp; ! rpm --quiet -q openshift-kubelet &amp;&amp; { [ -f "/run/.containerenv" ] || [ -f "/.containerenv" ]; }; } ; then
    /sbin/sysctl -q -n -w fs.protected_symlinks="1"
fi

#
# If fs.protected_symlinks present in /etc/sysctl.conf, change value to "1"
#	else, add "fs.protected_symlinks = 1" to /etc/sysctl.conf
#

sed -i "/^$SYSCONFIG_VAR/d" /etc/sysctl.conf

# Strip any search characters in the key arg so that the key can be replaced without
# adding any search characters to the config file.
stripped_key=$(sed 's/[\^=\$,;+]*//g' &lt;&lt;&lt; "^fs.protected_symlinks")

# shellcheck disable=SC2059
printf -v formatted_output "%s = %s" "$stripped_key" "1"

# If the key exists, change it. Otherwise, add it to the config_file.
# We search for the key string followed by a word boundary (matched by \&gt;),
# so if we search for 'setting', 'setting2' won't match.
if LC_ALL=C grep -q -m 1 -i -e "^fs.protected_symlinks\\&gt;" "${SYSCONFIG_FILE}"; then
    escaped_formatted_output=$(sed -e 's|/|\\/|g' &lt;&lt;&lt; "$formatted_output")
    LC_ALL=C sed -i --follow-symlinks "s/^fs.protected_symlinks\\&gt;.*/$escaped_formatted_output/gi" "${SYSCONFIG_FILE}"
else
    if [[ -s "${SYSCONFIG_FILE}" ]] &amp;&amp; [[ -n "$(tail -c 1 -- "${SYSCONFIG_FILE}" || true)" ]]; then
        LC_ALL=C sed -i --follow-symlinks '$a'\\ "${SYSCONFIG_FILE}"
    fi
    cce="CCE-91253-5"
    printf '# Per %s: Set %s in %s\n' "${cce}" "${formatted_output}" "${SYSCONFIG_FILE}" &gt;&gt; "${SYSCONFIG_FILE}"
    printf '%s\n' "$formatted_output" &gt;&gt; "${SYSCONFIG_FILE}"
fi

else
    &gt;&amp;2 echo 'Remediation is not applicable, nothing was done'
fi
</fix>
          <fix xmlns:xhtml="http://www.w3.org/1999/xhtml" id="sysctl_fs_protected_symlinks" system="urn:xccdf:fix:script:ansible" reboot="true" complexity="low" disruption="medium" strategy="disable">- name: Gather the package facts
  package_facts:
    manager: auto
  tags:
  - CCE-91253-5
  - NIST-800-53-AC-6(1)
  - NIST-800-53-CM-6(a)
  - disable_strategy
  - low_complexity
  - medium_disruption
  - medium_severity
  - reboot_required
  - sysctl_fs_protected_symlinks

- name: Enable Kernel Parameter to Enforce DAC on Symlinks - Set fact for sysctl paths
  ansible.builtin.set_fact:
    sysctl_paths:
    - /run/sysctl.d/
    - /etc/sysctl.d/
    - /usr/local/lib/sysctl.d/
    - /lib/sysctl.d/
  when: ("kernel-default" in ansible_facts.packages or "kernel-default-base" in ansible_facts.packages)
  tags:
  - CCE-91253-5
  - NIST-800-53-AC-6(1)
  - NIST-800-53-CM-6(a)
  - disable_strategy
  - low_complexity
  - medium_disruption
  - medium_severity
  - reboot_required
  - sysctl_fs_protected_symlinks

- name: Enable Kernel Parameter to Enforce DAC on Symlinks - Find all files that contain
    fs.protected_symlinks
  ansible.builtin.shell:
    cmd: find -L {{ sysctl_paths | join(" ") }} -type f -name '*.conf' | xargs grep
      -HP '^\s*fs.protected_symlinks\s*=\s*.*$'
  register: find_all_values
  check_mode: false
  changed_when: false
  failed_when: false
  when: ("kernel-default" in ansible_facts.packages or "kernel-default-base" in ansible_facts.packages)
  tags:
  - CCE-91253-5
  - NIST-800-53-AC-6(1)
  - NIST-800-53-CM-6(a)
  - disable_strategy
  - low_complexity
  - medium_disruption
  - medium_severity
  - reboot_required
  - sysctl_fs_protected_symlinks

- name: Enable Kernel Parameter to Enforce DAC on Symlinks - Find all files that set
    fs.protected_symlinks to correct value
  ansible.builtin.shell:
    cmd: find -L {{ sysctl_paths | join(" ") }} -type f -name '*.conf' | xargs grep
      -HP '^\s*fs.protected_symlinks\s*=\s*1$'
  register: find_correct_value
  check_mode: false
  changed_when: false
  failed_when: false
  when: ("kernel-default" in ansible_facts.packages or "kernel-default-base" in ansible_facts.packages)
  tags:
  - CCE-91253-5
  - NIST-800-53-AC-6(1)
  - NIST-800-53-CM-6(a)
  - disable_strategy
  - low_complexity
  - medium_disruption
  - medium_severity
  - reboot_required
  - sysctl_fs_protected_symlinks

- name: Enable Kernel Parameter to Enforce DAC on Symlinks - Comment out any occurrences
    of fs.protected_symlinks from config files
  ansible.builtin.replace:
    path: '{{ item | split(":") | first }}'
    regexp: ^[\s]*fs.protected_symlinks
    replace: '#fs.protected_symlinks'
  loop: '{{ find_all_values.stdout_lines }}'
  when:
  - ("kernel-default" in ansible_facts.packages or "kernel-default-base" in ansible_facts.packages)
  - find_correct_value.stdout_lines | length == 0 or find_all_values.stdout_lines
    | length &gt; find_correct_value.stdout_lines | length
  tags:
  - CCE-91253-5
  - NIST-800-53-AC-6(1)
  - NIST-800-53-CM-6(a)
  - disable_strategy
  - low_complexity
  - medium_disruption
  - medium_severity
  - reboot_required
  - sysctl_fs_protected_symlinks

- name: Enable Kernel Parameter to Enforce DAC on Symlinks - Comment out any occurrences
    of fs.protected_symlinks from /etc/sysctl.conf
  ansible.builtin.replace:
    path: /etc/sysctl.conf
    regexp: ^[\s]*fs.protected_symlinks
    replace: '#fs.protected_symlinks'
  when: ("kernel-default" in ansible_facts.packages or "kernel-default-base" in ansible_facts.packages)
  tags:
  - CCE-91253-5
  - NIST-800-53-AC-6(1)
  - NIST-800-53-CM-6(a)
  - disable_strategy
  - low_complexity
  - medium_disruption
  - medium_severity
  - reboot_required
  - sysctl_fs_protected_symlinks

- name: Enable Kernel Parameter to Enforce DAC on Symlinks - Ensure sysctl fs.protected_symlinks
    is set to 1
  ansible.posix.sysctl:
    name: fs.protected_symlinks
    value: '1'
    sysctl_file: /etc/sysctl.d/fs_protected_symlinks.conf
    state: present
    reload: true
  when: ("kernel-default" in ansible_facts.packages or "kernel-default-base" in ansible_facts.packages)
  tags:
  - CCE-91253-5
  - NIST-800-53-AC-6(1)
  - NIST-800-53-CM-6(a)
  - disable_strategy
  - low_complexity
  - medium_disruption
  - medium_severity
  - reboot_required
  - sysctl_fs_protected_symlinks
</fix>
          <check system="http://open-scap.org/page/SCE">
            <check-import import-name="stdout">
                </check-import>
            <check-content-ref href="sle15/checks/sce/sysctl_fs_protected_symlinks.sh"/>
          </check>
          <check system="http://oval.mitre.org/XMLSchema/oval-definitions-5">
            <check-content-ref name="oval:ssg-sysctl_fs_protected_symlinks:def:1" href="ssg-sle15-oval.xml"/>
          </check>
          <check system="http://scap.nist.gov/schema/ocil/2">
            <check-content-ref name="ocil:ssg-sysctl_fs_protected_symlinks_ocil:questionnaire:1" href="ssg-sle15-ocil.xml"/>
          </check>
        </Rule>
        <Group id="xccdf_org.ssgproject.content_group_permissions_important_account_files">
          <title xmlns:xhtml="http://www.w3.org/1999/xhtml" xml:lang="en-US">Verify Permissions on Files with Local Account Information and Credentials</title>
          <description xmlns:xhtml="http://www.w3.org/1999/xhtml" xml:lang="en-US">The default restrictive permissions for files which act as
important security databases such as <html:code xmlns:html="http://www.w3.org/1999/xhtml">passwd</html:code>, <html:code xmlns:html="http://www.w3.org/1999/xhtml">shadow</html:code>,
<html:code xmlns:html="http://www.w3.org/1999/xhtml">group</html:code>, and <html:code xmlns:html="http://www.w3.org/1999/xhtml">gshadow</html:code> files must be maintained.  Many utilities
need read access to the <html:code xmlns:html="http://www.w3.org/1999/xhtml">passwd</html:code> file in order to function properly, but
read access to the <html:code xmlns:html="http://www.w3.org/1999/xhtml">shadow</html:code> file allows malicious attacks against system
passwords, and should never be enabled.</description>
          <Rule id="xccdf_org.ssgproject.content_rule_file_etc_security_opasswd" selected="false" role="full" severity="medium">
            <title xmlns:xhtml="http://www.w3.org/1999/xhtml" xml:lang="en-US">Verify Permissions and Ownership of Old Passwords File</title>
            <description xmlns:xhtml="http://www.w3.org/1999/xhtml" xml:lang="en-US"> To properly set the owner of <html:code xmlns:html="http://www.w3.org/1999/xhtml">/etc/security/opasswd</html:code>, run the command:
<html:pre xmlns:html="http://www.w3.org/1999/xhtml">$ sudo chown root /etc/security/opasswd </html:pre>


To properly set the group owner of <html:code xmlns:html="http://www.w3.org/1999/xhtml">/etc/security/opasswd</html:code>, run the command:
<html:pre xmlns:html="http://www.w3.org/1999/xhtml">$ sudo chgrp root /etc/security/opasswd</html:pre>


To properly set the permissions of <html:code xmlns:html="http://www.w3.org/1999/xhtml">/etc/security/opasswd</html:code>, run the command: <html:pre xmlns:html="http://www.w3.org/1999/xhtml">$ sudo chmod 0600 /etc/security/opasswd</html:pre>
        </description>
            <reference href="https://www.cyber.mil/stigs/downloads/?_dl_facet_stigs=operating-systems%2Cgeneral-purpose-os">SRG-OS-000077-GPOS-00045</reference>
            <rationale xmlns:xhtml="http://www.w3.org/1999/xhtml" xml:lang="en-US">The <html:code xmlns:html="http://www.w3.org/1999/xhtml">/etc/security/opasswd</html:code> file stores old passwords to prevent
password reuse. Protection of this file is critical for system security.</rationale>
            <ident system="https://ncp.nist.gov/cce">CCE-85572-6</ident>
            <check system="http://oval.mitre.org/XMLSchema/oval-definitions-5">
              <check-content-ref name="oval:ssg-file_etc_security_opasswd:def:1" href="ssg-sle15-oval.xml"/>
            </check>
            <check system="http://scap.nist.gov/schema/ocil/2">
              <check-content-ref name="ocil:ssg-file_etc_security_opasswd_ocil:questionnaire:1" href="ssg-sle15-ocil.xml"/>
            </check>
          </Rule>
          <Rule id="xccdf_org.ssgproject.content_rule_file_groupowner_backup_etc_group" selected="false" role="full" severity="medium">
            <title xmlns:xhtml="http://www.w3.org/1999/xhtml" xml:lang="en-US">Verify Group Who Owns Backup group File</title>
            <description xmlns:xhtml="http://www.w3.org/1999/xhtml" xml:lang="en-US"> To properly set the group owner of <html:code xmlns:html="http://www.w3.org/1999/xhtml">/etc/group-</html:code>, run the command:
<html:pre xmlns:html="http://www.w3.org/1999/xhtml">$ sudo chgrp root /etc/group-</html:pre>
        </description>
            <reference href="http://nvlpubs.nist.gov/nistpubs/SpecialPublications/NIST.SP.800-53r4.pdf">AC-6 (1)</reference>
            <reference href="https://www.pcisecuritystandards.org/documents/PCI_DSS_v3-2-1.pdf">Req-8.7</reference>
            <reference href="https://www.cyber.mil/stigs/downloads/?_dl_facet_stigs=operating-systems%2Cgeneral-purpose-os">SRG-OS-000480-GPOS-00227</reference>
            <reference href="https://www.cisecurity.org/benchmark/suse_linux/">6.1.7</reference>
            <reference href="not_publicly_available">SLES-15-900150060</reference>
            <reference href="https://docs-prv.pcisecuritystandards.org/PCI%20DSS/Standard/PCI-DSS-v4_0.pdf">2.2.6</reference>
            <reference href="https://docs-prv.pcisecuritystandards.org/PCI%20DSS/Standard/PCI-DSS-v4_0.pdf">2.2</reference>
            <rationale xmlns:xhtml="http://www.w3.org/1999/xhtml" xml:lang="en-US">The <html:code xmlns:html="http://www.w3.org/1999/xhtml">/etc/group-</html:code> file is a backup file of <html:code xmlns:html="http://www.w3.org/1999/xhtml">/etc/group</html:code>, and as such,
it contains information regarding groups that are configured on the system.
Protection of this file is important for system security.</rationale>
            <ident system="https://ncp.nist.gov/cce">CCE-91329-3</ident>
            <fix xmlns:xhtml="http://www.w3.org/1999/xhtml" id="file_groupowner_backup_etc_group" system="urn:xccdf:fix:script:sh" complexity="low" disruption="low" strategy="configure">
newgroup=""
if getent group "0" &gt;/dev/null 2&gt;&amp;1; then
  newgroup="0"
fi

if [[ -z "${newgroup}" ]]; then
  &gt;&amp;2 echo "0 is not a defined group on the system"
else
if ! stat -c "%g %G" "/etc/group-" | grep -E -w -q "0"; then
    chgrp --no-dereference "$newgroup" /etc/group-
fi

fi
</fix>
            <fix xmlns:xhtml="http://www.w3.org/1999/xhtml" id="file_groupowner_backup_etc_group" system="urn:xccdf:fix:script:ansible" complexity="low" disruption="low" strategy="configure">- name: Set the file_groupowner_backup_etc_group_newgroup variable if represented
    by gid
  ansible.builtin.set_fact:
    file_groupowner_backup_etc_group_newgroup: '0'
  tags:
  - CCE-91329-3
  - NIST-800-53-AC-6 (1)
  - PCI-DSS-Req-8.7
  - PCI-DSSv4-2.2
  - PCI-DSSv4-2.2.6
  - configure_strategy
  - file_groupowner_backup_etc_group
  - low_complexity
  - low_disruption
  - medium_severity
  - no_reboot_needed

- name: Test for existence /etc/group-
  ansible.builtin.stat:
    path: /etc/group-
  register: file_exists
  tags:
  - CCE-91329-3
  - NIST-800-53-AC-6 (1)
  - PCI-DSS-Req-8.7
  - PCI-DSSv4-2.2
  - PCI-DSSv4-2.2.6
  - configure_strategy
  - file_groupowner_backup_etc_group
  - low_complexity
  - low_disruption
  - medium_severity
  - no_reboot_needed

- name: Ensure group owner on /etc/group-
  ansible.builtin.file:
    path: /etc/group-
    follow: false
    group: '{{ file_groupowner_backup_etc_group_newgroup }}'
  when: file_exists.stat is defined and file_exists.stat.exists
  tags:
  - CCE-91329-3
  - NIST-800-53-AC-6 (1)
  - PCI-DSS-Req-8.7
  - PCI-DSSv4-2.2
  - PCI-DSSv4-2.2.6
  - configure_strategy
  - file_groupowner_backup_etc_group
  - low_complexity
  - low_disruption
  - medium_severity
  - no_reboot_needed
</fix>
            <check system="http://oval.mitre.org/XMLSchema/oval-definitions-5">
              <check-content-ref name="oval:ssg-file_groupowner_backup_etc_group:def:1" href="ssg-sle15-oval.xml"/>
            </check>
            <check system="http://scap.nist.gov/schema/ocil/2">
              <check-content-ref name="ocil:ssg-file_groupowner_backup_etc_group_ocil:questionnaire:1" href="ssg-sle15-ocil.xml"/>
            </check>
          </Rule>
          <Rule id="xccdf_org.ssgproject.content_rule_file_groupowner_backup_etc_gshadow" selected="false" role="full" severity="medium">
            <title xmlns:xhtml="http://www.w3.org/1999/xhtml" xml:lang="en-US">Verify Group Who Owns Backup gshadow File</title>
            <description xmlns:xhtml="http://www.w3.org/1999/xhtml" xml:lang="en-US"> To properly set the group owner of <html:code xmlns:html="http://www.w3.org/1999/xhtml">/etc/gshadow-</html:code>, run the command:
<html:pre xmlns:html="http://www.w3.org/1999/xhtml">$ sudo chgrp root /etc/gshadow-</html:pre>
        </description>
            <reference href="http://nvlpubs.nist.gov/nistpubs/SpecialPublications/NIST.SP.800-53r4.pdf">AC-6 (1)</reference>
            <reference href="https://www.pcisecuritystandards.org/documents/PCI_DSS_v3-2-1.pdf">Req-8.7</reference>
            <reference href="https://www.cyber.mil/stigs/downloads/?_dl_facet_stigs=operating-systems%2Cgeneral-purpose-os">SRG-OS-000480-GPOS-00227</reference>
            <reference href="https://www.cisecurity.org/benchmark/suse_linux/">6.1.6</reference>
            <reference href="not_publicly_available">SLES-15-900150030</reference>
            <reference href="not_publicly_available">SLES-15-900150120</reference>
            <rationale xmlns:xhtml="http://www.w3.org/1999/xhtml" xml:lang="en-US">The <html:code xmlns:html="http://www.w3.org/1999/xhtml">/etc/gshadow-</html:code> file is a backup of <html:code xmlns:html="http://www.w3.org/1999/xhtml">/etc/gshadow</html:code>, and as such,
it contains group password hashes. Protection of this file is critical for system security.</rationale>
            <ident system="https://ncp.nist.gov/cce">CCE-92698-0</ident>
            <fix xmlns:xhtml="http://www.w3.org/1999/xhtml" id="file_groupowner_backup_etc_gshadow" system="urn:xccdf:fix:script:sh" complexity="low" disruption="low" strategy="configure">
newgroup=""
if getent group "0" &gt;/dev/null 2&gt;&amp;1; then
  newgroup="0"
fi

if [[ -z "${newgroup}" ]]; then
  &gt;&amp;2 echo "0 is not a defined group on the system"
else
if ! stat -c "%g %G" "/etc/gshadow-" | grep -E -w -q "0"; then
    chgrp --no-dereference "$newgroup" /etc/gshadow-
fi

fi
</fix>
            <fix xmlns:xhtml="http://www.w3.org/1999/xhtml" id="file_groupowner_backup_etc_gshadow" system="urn:xccdf:fix:script:ansible" complexity="low" disruption="low" strategy="configure">- name: Set the file_groupowner_backup_etc_gshadow_newgroup variable if represented
    by gid
  ansible.builtin.set_fact:
    file_groupowner_backup_etc_gshadow_newgroup: '0'
  tags:
  - CCE-92698-0
  - NIST-800-53-AC-6 (1)
  - PCI-DSS-Req-8.7
  - configure_strategy
  - file_groupowner_backup_etc_gshadow
  - low_complexity
  - low_disruption
  - medium_severity
  - no_reboot_needed

- name: Test for existence /etc/gshadow-
  ansible.builtin.stat:
    path: /etc/gshadow-
  register: file_exists
  tags:
  - CCE-92698-0
  - NIST-800-53-AC-6 (1)
  - PCI-DSS-Req-8.7
  - configure_strategy
  - file_groupowner_backup_etc_gshadow
  - low_complexity
  - low_disruption
  - medium_severity
  - no_reboot_needed

- name: Ensure group owner on /etc/gshadow-
  ansible.builtin.file:
    path: /etc/gshadow-
    follow: false
    group: '{{ file_groupowner_backup_etc_gshadow_newgroup }}'
  when: file_exists.stat is defined and file_exists.stat.exists
  tags:
  - CCE-92698-0
  - NIST-800-53-AC-6 (1)
  - PCI-DSS-Req-8.7
  - configure_strategy
  - file_groupowner_backup_etc_gshadow
  - low_complexity
  - low_disruption
  - medium_severity
  - no_reboot_needed
</fix>
            <check system="http://oval.mitre.org/XMLSchema/oval-definitions-5">
              <check-content-ref name="oval:ssg-file_groupowner_backup_etc_gshadow:def:1" href="ssg-sle15-oval.xml"/>
            </check>
            <check system="http://scap.nist.gov/schema/ocil/2">
              <check-content-ref name="ocil:ssg-file_groupowner_backup_etc_gshadow_ocil:questionnaire:1" href="ssg-sle15-ocil.xml"/>
            </check>
          </Rule>
          <Rule id="xccdf_org.ssgproject.content_rule_file_groupowner_backup_etc_passwd" selected="false" role="full" severity="medium">
            <title xmlns:xhtml="http://www.w3.org/1999/xhtml" xml:lang="en-US">Verify Group Who Owns Backup passwd File</title>
            <description xmlns:xhtml="http://www.w3.org/1999/xhtml" xml:lang="en-US"> To properly set the group owner of <html:code xmlns:html="http://www.w3.org/1999/xhtml">/etc/passwd-</html:code>, run the command:
<html:pre xmlns:html="http://www.w3.org/1999/xhtml">$ sudo chgrp root /etc/passwd-</html:pre>
        </description>
            <reference href="http://nvlpubs.nist.gov/nistpubs/SpecialPublications/NIST.SP.800-53r4.pdf">AC-6 (1)</reference>
            <reference href="https://www.pcisecuritystandards.org/documents/PCI_DSS_v3-2-1.pdf">Req-8.7</reference>
            <reference href="https://www.cyber.mil/stigs/downloads/?_dl_facet_stigs=operating-systems%2Cgeneral-purpose-os">SRG-OS-000480-GPOS-00227</reference>
            <reference href="https://www.cisecurity.org/benchmark/suse_linux/">6.1.5</reference>
            <reference href="not_publicly_available">SLES-15-900150030</reference>
            <reference href="https://docs-prv.pcisecuritystandards.org/PCI%20DSS/Standard/PCI-DSS-v4_0.pdf">2.2.6</reference>
            <reference href="https://docs-prv.pcisecuritystandards.org/PCI%20DSS/Standard/PCI-DSS-v4_0.pdf">2.2</reference>
            <rationale xmlns:xhtml="http://www.w3.org/1999/xhtml" xml:lang="en-US">The <html:code xmlns:html="http://www.w3.org/1999/xhtml">/etc/passwd-</html:code> file is a backup file of <html:code xmlns:html="http://www.w3.org/1999/xhtml">/etc/passwd</html:code>, and as such,
it contains information about the users that are configured on the system.
Protection of this file is critical for system security.</rationale>
            <ident system="https://ncp.nist.gov/cce">CCE-91323-6</ident>
            <fix xmlns:xhtml="http://www.w3.org/1999/xhtml" id="file_groupowner_backup_etc_passwd" system="urn:xccdf:fix:script:sh" complexity="low" disruption="low" strategy="configure">
newgroup=""
if getent group "0" &gt;/dev/null 2&gt;&amp;1; then
  newgroup="0"
fi

if [[ -z "${newgroup}" ]]; then
  &gt;&amp;2 echo "0 is not a defined group on the system"
else
if ! stat -c "%g %G" "/etc/passwd-" | grep -E -w -q "0"; then
    chgrp --no-dereference "$newgroup" /etc/passwd-
fi

fi
</fix>
            <fix xmlns:xhtml="http://www.w3.org/1999/xhtml" id="file_groupowner_backup_etc_passwd" system="urn:xccdf:fix:script:ansible" complexity="low" disruption="low" strategy="configure">- name: Set the file_groupowner_backup_etc_passwd_newgroup variable if represented
    by gid
  ansible.builtin.set_fact:
    file_groupowner_backup_etc_passwd_newgroup: '0'
  tags:
  - CCE-91323-6
  - NIST-800-53-AC-6 (1)
  - PCI-DSS-Req-8.7
  - PCI-DSSv4-2.2
  - PCI-DSSv4-2.2.6
  - configure_strategy
  - file_groupowner_backup_etc_passwd
  - low_complexity
  - low_disruption
  - medium_severity
  - no_reboot_needed

- name: Test for existence /etc/passwd-
  ansible.builtin.stat:
    path: /etc/passwd-
  register: file_exists
  tags:
  - CCE-91323-6
  - NIST-800-53-AC-6 (1)
  - PCI-DSS-Req-8.7
  - PCI-DSSv4-2.2
  - PCI-DSSv4-2.2.6
  - configure_strategy
  - file_groupowner_backup_etc_passwd
  - low_complexity
  - low_disruption
  - medium_severity
  - no_reboot_needed

- name: Ensure group owner on /etc/passwd-
  ansible.builtin.file:
    path: /etc/passwd-
    follow: false
    group: '{{ file_groupowner_backup_etc_passwd_newgroup }}'
  when: file_exists.stat is defined and file_exists.stat.exists
  tags:
  - CCE-91323-6
  - NIST-800-53-AC-6 (1)
  - PCI-DSS-Req-8.7
  - PCI-DSSv4-2.2
  - PCI-DSSv4-2.2.6
  - configure_strategy
  - file_groupowner_backup_etc_passwd
  - low_complexity
  - low_disruption
  - medium_severity
  - no_reboot_needed
</fix>
            <check system="http://oval.mitre.org/XMLSchema/oval-definitions-5">
              <check-content-ref name="oval:ssg-file_groupowner_backup_etc_passwd:def:1" href="ssg-sle15-oval.xml"/>
            </check>
            <check system="http://scap.nist.gov/schema/ocil/2">
              <check-content-ref name="ocil:ssg-file_groupowner_backup_etc_passwd_ocil:questionnaire:1" href="ssg-sle15-ocil.xml"/>
            </check>
          </Rule>
          <Rule id="xccdf_org.ssgproject.content_rule_file_groupowner_backup_etc_shadow" selected="false" role="full" severity="medium">
            <title xmlns:xhtml="http://www.w3.org/1999/xhtml" xml:lang="en-US">Verify User Who Owns Backup shadow File</title>
            <description xmlns:xhtml="http://www.w3.org/1999/xhtml" xml:lang="en-US"> To properly set the group owner of <html:code xmlns:html="http://www.w3.org/1999/xhtml">/etc/shadow-</html:code>, run the command:
<html:pre xmlns:html="http://www.w3.org/1999/xhtml">$ sudo chgrp shadow /etc/shadow-</html:pre>
        </description>
            <reference href="https://www.pcisecuritystandards.org/documents/PCI_DSS_v3-2-1.pdf">Req-8.7</reference>
            <reference href="https://www.cyber.mil/stigs/downloads/?_dl_facet_stigs=operating-systems%2Cgeneral-purpose-os">SRG-OS-000480-GPOS-00227</reference>
            <reference href="https://www.cisecurity.org/benchmark/suse_linux/">6.1.6</reference>
            <reference href="not_publicly_available">SLES-15-900150090</reference>
            <reference href="https://docs-prv.pcisecuritystandards.org/PCI%20DSS/Standard/PCI-DSS-v4_0.pdf">2.2.6</reference>
            <reference href="https://docs-prv.pcisecuritystandards.org/PCI%20DSS/Standard/PCI-DSS-v4_0.pdf">2.2</reference>
            <rationale xmlns:xhtml="http://www.w3.org/1999/xhtml" xml:lang="en-US">The <html:code xmlns:html="http://www.w3.org/1999/xhtml">/etc/shadow-</html:code> file is a backup file of <html:code xmlns:html="http://www.w3.org/1999/xhtml">/etc/shadow</html:code>, and as such,
it contains the list of local system accounts and password hashes.
Protection of this file is critical for system security.</rationale>
            <ident system="https://ncp.nist.gov/cce">CCE-91327-7</ident>
            <fix xmlns:xhtml="http://www.w3.org/1999/xhtml" id="file_groupowner_backup_etc_shadow" system="urn:xccdf:fix:script:sh" complexity="low" disruption="low" strategy="configure">
newgroup=""
if getent group "15" &gt;/dev/null 2&gt;&amp;1; then
  newgroup="15"
fi

if [[ -z "${newgroup}" ]]; then
  &gt;&amp;2 echo "15 is not a defined group on the system"
else
if ! stat -c "%g %G" "/etc/shadow-" | grep -E -w -q "15"; then
    chgrp --no-dereference "$newgroup" /etc/shadow-
fi

fi
</fix>
            <fix xmlns:xhtml="http://www.w3.org/1999/xhtml" id="file_groupowner_backup_etc_shadow" system="urn:xccdf:fix:script:ansible" complexity="low" disruption="low" strategy="configure">- name: Set the file_groupowner_backup_etc_shadow_newgroup variable if represented
    by gid
  ansible.builtin.set_fact:
    file_groupowner_backup_etc_shadow_newgroup: '15'
  tags:
  - CCE-91327-7
  - PCI-DSS-Req-8.7
  - PCI-DSSv4-2.2
  - PCI-DSSv4-2.2.6
  - configure_strategy
  - file_groupowner_backup_etc_shadow
  - low_complexity
  - low_disruption
  - medium_severity
  - no_reboot_needed

- name: Test for existence /etc/shadow-
  ansible.builtin.stat:
    path: /etc/shadow-
  register: file_exists
  tags:
  - CCE-91327-7
  - PCI-DSS-Req-8.7
  - PCI-DSSv4-2.2
  - PCI-DSSv4-2.2.6
  - configure_strategy
  - file_groupowner_backup_etc_shadow
  - low_complexity
  - low_disruption
  - medium_severity
  - no_reboot_needed

- name: Ensure group owner on /etc/shadow-
  ansible.builtin.file:
    path: /etc/shadow-
    follow: false
    group: '{{ file_groupowner_backup_etc_shadow_newgroup }}'
  when: file_exists.stat is defined and file_exists.stat.exists
  tags:
  - CCE-91327-7
  - PCI-DSS-Req-8.7
  - PCI-DSSv4-2.2
  - PCI-DSSv4-2.2.6
  - configure_strategy
  - file_groupowner_backup_etc_shadow
  - low_complexity
  - low_disruption
  - medium_severity
  - no_reboot_needed
</fix>
            <check system="http://oval.mitre.org/XMLSchema/oval-definitions-5">
              <check-content-ref name="oval:ssg-file_groupowner_backup_etc_shadow:def:1" href="ssg-sle15-oval.xml"/>
            </check>
            <check system="http://scap.nist.gov/schema/ocil/2">
              <check-content-ref name="ocil:ssg-file_groupowner_backup_etc_shadow_ocil:questionnaire:1" href="ssg-sle15-ocil.xml"/>
            </check>
          </Rule>
          <Rule id="xccdf_org.ssgproject.content_rule_file_groupowner_etc_group" selected="false" role="full" severity="medium">
            <title xmlns:xhtml="http://www.w3.org/1999/xhtml" xml:lang="en-US">Verify Group Who Owns group File</title>
            <description xmlns:xhtml="http://www.w3.org/1999/xhtml" xml:lang="en-US"> To properly set the group owner of <html:code xmlns:html="http://www.w3.org/1999/xhtml">/etc/group</html:code>, run the command:
<html:pre xmlns:html="http://www.w3.org/1999/xhtml">$ sudo chgrp root /etc/group</html:pre>
        </description>
            <reference href="https://www.cisecurity.org/controls/">12</reference>
            <reference href="https://www.cisecurity.org/controls/">13</reference>
            <reference href="https://www.cisecurity.org/controls/">14</reference>
            <reference href="https://www.cisecurity.org/controls/">15</reference>
            <reference href="https://www.cisecurity.org/controls/">16</reference>
            <reference href="https://www.cisecurity.org/controls/">18</reference>
            <reference href="https://www.cisecurity.org/controls/">3</reference>
            <reference href="https://www.cisecurity.org/controls/">5</reference>
            <reference href="https://www.fbi.gov/file-repository/cjis-security-policy-v5_5_20160601-2-1.pdf">5.5.2.2</reference>
            <reference href="https://www.isaca.org/resources/cobit">APO01.06</reference>
            <reference href="https://www.isaca.org/resources/cobit">DSS05.04</reference>
            <reference href="https://www.isaca.org/resources/cobit">DSS05.07</reference>
            <reference href="https://www.isaca.org/resources/cobit">DSS06.02</reference>
            <reference href="https://www.isa.org/products/isa-62443-2-1-2009-security-for-industrial-automat">4.3.3.7.3</reference>
            <reference href="https://www.isa.org/products/ansi-isa-62443-3-3-99-03-03-2013-security-for-indu">SR 2.1</reference>
            <reference href="https://www.isa.org/products/ansi-isa-62443-3-3-99-03-03-2013-security-for-indu">SR 5.2</reference>
            <reference href="https://www.iso.org/contents/data/standard/05/45/54534.html">A.10.1.1</reference>
            <reference href="https://www.iso.org/contents/data/standard/05/45/54534.html">A.11.1.4</reference>
            <reference href="https://www.iso.org/contents/data/standard/05/45/54534.html">A.11.1.5</reference>
            <reference href="https://www.iso.org/contents/data/standard/05/45/54534.html">A.11.2.1</reference>
            <reference href="https://www.iso.org/contents/data/standard/05/45/54534.html">A.13.1.1</reference>
            <reference href="https://www.iso.org/contents/data/standard/05/45/54534.html">A.13.1.3</reference>
            <reference href="https://www.iso.org/contents/data/standard/05/45/54534.html">A.13.2.1</reference>
            <reference href="https://www.iso.org/contents/data/standard/05/45/54534.html">A.13.2.3</reference>
            <reference href="https://www.iso.org/contents/data/standard/05/45/54534.html">A.13.2.4</reference>
            <reference href="https://www.iso.org/contents/data/standard/05/45/54534.html">A.14.1.2</reference>
            <reference href="https://www.iso.org/contents/data/standard/05/45/54534.html">A.14.1.3</reference>
            <reference href="https://www.iso.org/contents/data/standard/05/45/54534.html">A.6.1.2</reference>
            <reference href="https://www.iso.org/contents/data/standard/05/45/54534.html">A.7.1.1</reference>
            <reference href="https://www.iso.org/contents/data/standard/05/45/54534.html">A.7.1.2</reference>
            <reference href="https://www.iso.org/contents/data/standard/05/45/54534.html">A.7.3.1</reference>
            <reference href="https://www.iso.org/contents/data/standard/05/45/54534.html">A.8.2.2</reference>
            <reference href="https://www.iso.org/contents/data/standard/05/45/54534.html">A.8.2.3</reference>
            <reference href="https://www.iso.org/contents/data/standard/05/45/54534.html">A.9.1.1</reference>
            <reference href="https://www.iso.org/contents/data/standard/05/45/54534.html">A.9.1.2</reference>
            <reference href="https://www.iso.org/contents/data/standard/05/45/54534.html">A.9.2.3</reference>
            <reference href="https://www.iso.org/contents/data/standard/05/45/54534.html">A.9.4.1</reference>
            <reference href="https://www.iso.org/contents/data/standard/05/45/54534.html">A.9.4.4</reference>
            <reference href="https://www.iso.org/contents/data/standard/05/45/54534.html">A.9.4.5</reference>
            <reference href="https://www.nerc.com/standards/reliability-standards/cip">CIP-003-8 R5.1.1</reference>
            <reference href="https://www.nerc.com/standards/reliability-standards/cip">CIP-003-8 R5.3</reference>
            <reference href="https://www.nerc.com/standards/reliability-standards/cip">CIP-004-6 R2.3</reference>
            <reference href="https://www.nerc.com/standards/reliability-standards/cip">CIP-007-3 R2.1</reference>
            <reference href="https://www.nerc.com/standards/reliability-standards/cip">CIP-007-3 R2.2</reference>
            <reference href="https://www.nerc.com/standards/reliability-standards/cip">CIP-007-3 R2.3</reference>
            <reference href="https://www.nerc.com/standards/reliability-standards/cip">CIP-007-3 R5.1</reference>
            <reference href="https://www.nerc.com/standards/reliability-standards/cip">CIP-007-3 R5.1.1</reference>
            <reference href="https://www.nerc.com/standards/reliability-standards/cip">CIP-007-3 R5.1.2</reference>
            <reference href="http://nvlpubs.nist.gov/nistpubs/SpecialPublications/NIST.SP.800-53r4.pdf">CM-6(a)</reference>
            <reference href="http://nvlpubs.nist.gov/nistpubs/SpecialPublications/NIST.SP.800-53r4.pdf">AC-6(1)</reference>
            <reference href="https://nvlpubs.nist.gov/nistpubs/CSWP/NIST.CSWP.04162018.pdf">PR.AC-4</reference>
            <reference href="https://nvlpubs.nist.gov/nistpubs/CSWP/NIST.CSWP.04162018.pdf">PR.DS-5</reference>
            <reference href="https://www.pcisecuritystandards.org/documents/PCI_DSS_v3-2-1.pdf">Req-8.7.c</reference>
            <reference href="https://www.cyber.mil/stigs/downloads/?_dl_facet_stigs=operating-systems%2Cgeneral-purpose-os">SRG-OS-000480-GPOS-00227</reference>
            <reference href="https://www.cisecurity.org/benchmark/suse_linux/">6.1.4</reference>
            <reference href="https://cyber.gouv.fr/sites/default/files/document/linux_configuration-en-v2.pdf">R50</reference>
            <reference href="not_publicly_available">SLES-15-900150045</reference>
            <reference href="https://docs-prv.pcisecuritystandards.org/PCI%20DSS/Standard/PCI-DSS-v4_0.pdf">2.2.6</reference>
            <reference href="https://docs-prv.pcisecuritystandards.org/PCI%20DSS/Standard/PCI-DSS-v4_0.pdf">2.2</reference>
            <rationale xmlns:xhtml="http://www.w3.org/1999/xhtml" xml:lang="en-US">The <html:code xmlns:html="http://www.w3.org/1999/xhtml">/etc/group</html:code> file contains information regarding groups that are configured
on the system. Protection of this file is important for system security.</rationale>
            <ident system="https://ncp.nist.gov/cce">CCE-85801-9</ident>
            <fix xmlns:xhtml="http://www.w3.org/1999/xhtml" id="file_groupowner_etc_group" system="urn:xccdf:fix:script:sh" complexity="low" disruption="low" strategy="configure">
newgroup=""
if getent group "0" &gt;/dev/null 2&gt;&amp;1; then
  newgroup="0"
fi

if [[ -z "${newgroup}" ]]; then
  &gt;&amp;2 echo "0 is not a defined group on the system"
else
if ! stat -c "%g %G" "/etc/group" | grep -E -w -q "0"; then
    chgrp --no-dereference "$newgroup" /etc/group
fi

fi
</fix>
            <fix xmlns:xhtml="http://www.w3.org/1999/xhtml" id="file_groupowner_etc_group" system="urn:xccdf:fix:script:ansible" complexity="low" disruption="low" strategy="configure">- name: Set the file_groupowner_etc_group_newgroup variable if represented by gid
  ansible.builtin.set_fact:
    file_groupowner_etc_group_newgroup: '0'
  tags:
  - CCE-85801-9
  - CJIS-5.5.2.2
  - NIST-800-53-AC-6(1)
  - NIST-800-53-CM-6(a)
  - PCI-DSS-Req-8.7.c
  - PCI-DSSv4-2.2
  - PCI-DSSv4-2.2.6
  - configure_strategy
  - file_groupowner_etc_group
  - low_complexity
  - low_disruption
  - medium_severity
  - no_reboot_needed

- name: Test for existence /etc/group
  ansible.builtin.stat:
    path: /etc/group
  register: file_exists
  tags:
  - CCE-85801-9
  - CJIS-5.5.2.2
  - NIST-800-53-AC-6(1)
  - NIST-800-53-CM-6(a)
  - PCI-DSS-Req-8.7.c
  - PCI-DSSv4-2.2
  - PCI-DSSv4-2.2.6
  - configure_strategy
  - file_groupowner_etc_group
  - low_complexity
  - low_disruption
  - medium_severity
  - no_reboot_needed

- name: Ensure group owner on /etc/group
  ansible.builtin.file:
    path: /etc/group
    follow: false
    group: '{{ file_groupowner_etc_group_newgroup }}'
  when: file_exists.stat is defined and file_exists.stat.exists
  tags:
  - CCE-85801-9
  - CJIS-5.5.2.2
  - NIST-800-53-AC-6(1)
  - NIST-800-53-CM-6(a)
  - PCI-DSS-Req-8.7.c
  - PCI-DSSv4-2.2
  - PCI-DSSv4-2.2.6
  - configure_strategy
  - file_groupowner_etc_group
  - low_complexity
  - low_disruption
  - medium_severity
  - no_reboot_needed
</fix>
            <check system="http://oval.mitre.org/XMLSchema/oval-definitions-5">
              <check-content-ref name="oval:ssg-file_groupowner_etc_group:def:1" href="ssg-sle15-oval.xml"/>
            </check>
            <check system="http://scap.nist.gov/schema/ocil/2">
              <check-content-ref name="ocil:ssg-file_groupowner_etc_group_ocil:questionnaire:1" href="ssg-sle15-ocil.xml"/>
            </check>
          </Rule>
          <Rule id="xccdf_org.ssgproject.content_rule_file_groupowner_etc_gshadow" selected="false" role="full" severity="medium">
            <title xmlns:xhtml="http://www.w3.org/1999/xhtml" xml:lang="en-US">Verify Group Who Owns gshadow File</title>
            <description xmlns:xhtml="http://www.w3.org/1999/xhtml" xml:lang="en-US"> To properly set the group owner of <html:code xmlns:html="http://www.w3.org/1999/xhtml">/etc/gshadow</html:code>, run the command:
<html:pre xmlns:html="http://www.w3.org/1999/xhtml">$ sudo chgrp root /etc/gshadow</html:pre>
        </description>
            <reference href="https://www.cisecurity.org/controls/">12</reference>
            <reference href="https://www.cisecurity.org/controls/">13</reference>
            <reference href="https://www.cisecurity.org/controls/">14</reference>
            <reference href="https://www.cisecurity.org/controls/">15</reference>
            <reference href="https://www.cisecurity.org/controls/">16</reference>
            <reference href="https://www.cisecurity.org/controls/">18</reference>
            <reference href="https://www.cisecurity.org/controls/">3</reference>
            <reference href="https://www.cisecurity.org/controls/">5</reference>
            <reference href="https://www.isaca.org/resources/cobit">APO01.06</reference>
            <reference href="https://www.isaca.org/resources/cobit">DSS05.04</reference>
            <reference href="https://www.isaca.org/resources/cobit">DSS05.07</reference>
            <reference href="https://www.isaca.org/resources/cobit">DSS06.02</reference>
            <reference href="https://www.isa.org/products/isa-62443-2-1-2009-security-for-industrial-automat">4.3.3.7.3</reference>
            <reference href="https://www.isa.org/products/ansi-isa-62443-3-3-99-03-03-2013-security-for-indu">SR 2.1</reference>
            <reference href="https://www.isa.org/products/ansi-isa-62443-3-3-99-03-03-2013-security-for-indu">SR 5.2</reference>
            <reference href="https://www.iso.org/contents/data/standard/05/45/54534.html">A.10.1.1</reference>
            <reference href="https://www.iso.org/contents/data/standard/05/45/54534.html">A.11.1.4</reference>
            <reference href="https://www.iso.org/contents/data/standard/05/45/54534.html">A.11.1.5</reference>
            <reference href="https://www.iso.org/contents/data/standard/05/45/54534.html">A.11.2.1</reference>
            <reference href="https://www.iso.org/contents/data/standard/05/45/54534.html">A.13.1.1</reference>
            <reference href="https://www.iso.org/contents/data/standard/05/45/54534.html">A.13.1.3</reference>
            <reference href="https://www.iso.org/contents/data/standard/05/45/54534.html">A.13.2.1</reference>
            <reference href="https://www.iso.org/contents/data/standard/05/45/54534.html">A.13.2.3</reference>
            <reference href="https://www.iso.org/contents/data/standard/05/45/54534.html">A.13.2.4</reference>
            <reference href="https://www.iso.org/contents/data/standard/05/45/54534.html">A.14.1.2</reference>
            <reference href="https://www.iso.org/contents/data/standard/05/45/54534.html">A.14.1.3</reference>
            <reference href="https://www.iso.org/contents/data/standard/05/45/54534.html">A.6.1.2</reference>
            <reference href="https://www.iso.org/contents/data/standard/05/45/54534.html">A.7.1.1</reference>
            <reference href="https://www.iso.org/contents/data/standard/05/45/54534.html">A.7.1.2</reference>
            <reference href="https://www.iso.org/contents/data/standard/05/45/54534.html">A.7.3.1</reference>
            <reference href="https://www.iso.org/contents/data/standard/05/45/54534.html">A.8.2.2</reference>
            <reference href="https://www.iso.org/contents/data/standard/05/45/54534.html">A.8.2.3</reference>
            <reference href="https://www.iso.org/contents/data/standard/05/45/54534.html">A.9.1.1</reference>
            <reference href="https://www.iso.org/contents/data/standard/05/45/54534.html">A.9.1.2</reference>
            <reference href="https://www.iso.org/contents/data/standard/05/45/54534.html">A.9.2.3</reference>
            <reference href="https://www.iso.org/contents/data/standard/05/45/54534.html">A.9.4.1</reference>
            <reference href="https://www.iso.org/contents/data/standard/05/45/54534.html">A.9.4.4</reference>
            <reference href="https://www.iso.org/contents/data/standard/05/45/54534.html">A.9.4.5</reference>
            <reference href="https://www.nerc.com/standards/reliability-standards/cip">CIP-003-8 R5.1.1</reference>
            <reference href="https://www.nerc.com/standards/reliability-standards/cip">CIP-003-8 R5.3</reference>
            <reference href="https://www.nerc.com/standards/reliability-standards/cip">CIP-004-6 R2.3</reference>
            <reference href="https://www.nerc.com/standards/reliability-standards/cip">CIP-007-3 R2.1</reference>
            <reference href="https://www.nerc.com/standards/reliability-standards/cip">CIP-007-3 R2.2</reference>
            <reference href="https://www.nerc.com/standards/reliability-standards/cip">CIP-007-3 R2.3</reference>
            <reference href="https://www.nerc.com/standards/reliability-standards/cip">CIP-007-3 R5.1</reference>
            <reference href="https://www.nerc.com/standards/reliability-standards/cip">CIP-007-3 R5.1.1</reference>
            <reference href="https://www.nerc.com/standards/reliability-standards/cip">CIP-007-3 R5.1.2</reference>
            <reference href="http://nvlpubs.nist.gov/nistpubs/SpecialPublications/NIST.SP.800-53r4.pdf">CM-6(a)</reference>
            <reference href="http://nvlpubs.nist.gov/nistpubs/SpecialPublications/NIST.SP.800-53r4.pdf">AC-6(1)</reference>
            <reference href="https://nvlpubs.nist.gov/nistpubs/CSWP/NIST.CSWP.04162018.pdf">PR.AC-4</reference>
            <reference href="https://nvlpubs.nist.gov/nistpubs/CSWP/NIST.CSWP.04162018.pdf">PR.DS-5</reference>
            <reference href="https://www.cyber.mil/stigs/downloads/?_dl_facet_stigs=operating-systems%2Cgeneral-purpose-os">SRG-OS-000480-GPOS-00227</reference>
            <reference href="https://www.cisecurity.org/benchmark/suse_linux/">6.1.2</reference>
            <reference href="https://cyber.gouv.fr/sites/default/files/document/linux_configuration-en-v2.pdf">R50</reference>
            <reference href="not_publicly_available">SLES-15-900150015</reference>
            <reference href="not_publicly_available">SLES-15-900150105</reference>
            <rationale xmlns:xhtml="http://www.w3.org/1999/xhtml" xml:lang="en-US">The <html:code xmlns:html="http://www.w3.org/1999/xhtml">/etc/gshadow</html:code> file contains group password hashes. Protection of this file
is critical for system security.</rationale>
            <ident system="https://ncp.nist.gov/cce">CCE-91348-3</ident>
            <fix xmlns:xhtml="http://www.w3.org/1999/xhtml" id="file_groupowner_etc_gshadow" system="urn:xccdf:fix:script:sh" complexity="low" disruption="low" strategy="configure">
newgroup=""
if getent group "0" &gt;/dev/null 2&gt;&amp;1; then
  newgroup="0"
fi

if [[ -z "${newgroup}" ]]; then
  &gt;&amp;2 echo "0 is not a defined group on the system"
else
if ! stat -c "%g %G" "/etc/gshadow" | grep -E -w -q "0"; then
    chgrp --no-dereference "$newgroup" /etc/gshadow
fi

fi
</fix>
            <fix xmlns:xhtml="http://www.w3.org/1999/xhtml" id="file_groupowner_etc_gshadow" system="urn:xccdf:fix:script:ansible" complexity="low" disruption="low" strategy="configure">- name: Set the file_groupowner_etc_gshadow_newgroup variable if represented by gid
  ansible.builtin.set_fact:
    file_groupowner_etc_gshadow_newgroup: '0'
  tags:
  - CCE-91348-3
  - NIST-800-53-AC-6(1)
  - NIST-800-53-CM-6(a)
  - configure_strategy
  - file_groupowner_etc_gshadow
  - low_complexity
  - low_disruption
  - medium_severity
  - no_reboot_needed

- name: Test for existence /etc/gshadow
  ansible.builtin.stat:
    path: /etc/gshadow
  register: file_exists
  tags:
  - CCE-91348-3
  - NIST-800-53-AC-6(1)
  - NIST-800-53-CM-6(a)
  - configure_strategy
  - file_groupowner_etc_gshadow
  - low_complexity
  - low_disruption
  - medium_severity
  - no_reboot_needed

- name: Ensure group owner on /etc/gshadow
  ansible.builtin.file:
    path: /etc/gshadow
    follow: false
    group: '{{ file_groupowner_etc_gshadow_newgroup }}'
  when: file_exists.stat is defined and file_exists.stat.exists
  tags:
  - CCE-91348-3
  - NIST-800-53-AC-6(1)
  - NIST-800-53-CM-6(a)
  - configure_strategy
  - file_groupowner_etc_gshadow
  - low_complexity
  - low_disruption
  - medium_severity
  - no_reboot_needed
</fix>
            <check system="http://oval.mitre.org/XMLSchema/oval-definitions-5">
              <check-content-ref name="oval:ssg-file_groupowner_etc_gshadow:def:1" href="ssg-sle15-oval.xml"/>
            </check>
            <check system="http://scap.nist.gov/schema/ocil/2">
              <check-content-ref name="ocil:ssg-file_groupowner_etc_gshadow_ocil:questionnaire:1" href="ssg-sle15-ocil.xml"/>
            </check>
          </Rule>
          <Rule id="xccdf_org.ssgproject.content_rule_file_groupowner_etc_passwd" selected="false" role="full" severity="medium">
            <title xmlns:xhtml="http://www.w3.org/1999/xhtml" xml:lang="en-US">Verify Group Who Owns passwd File</title>
            <description xmlns:xhtml="http://www.w3.org/1999/xhtml" xml:lang="en-US"> To properly set the group owner of <html:code xmlns:html="http://www.w3.org/1999/xhtml">/etc/passwd</html:code>, run the command:
<html:pre xmlns:html="http://www.w3.org/1999/xhtml">$ sudo chgrp root /etc/passwd</html:pre>
        </description>
            <reference href="https://www.cisecurity.org/controls/">12</reference>
            <reference href="https://www.cisecurity.org/controls/">13</reference>
            <reference href="https://www.cisecurity.org/controls/">14</reference>
            <reference href="https://www.cisecurity.org/controls/">15</reference>
            <reference href="https://www.cisecurity.org/controls/">16</reference>
            <reference href="https://www.cisecurity.org/controls/">18</reference>
            <reference href="https://www.cisecurity.org/controls/">3</reference>
            <reference href="https://www.cisecurity.org/controls/">5</reference>
            <reference href="https://www.fbi.gov/file-repository/cjis-security-policy-v5_5_20160601-2-1.pdf">5.5.2.2</reference>
            <reference href="https://www.isaca.org/resources/cobit">APO01.06</reference>
            <reference href="https://www.isaca.org/resources/cobit">DSS05.04</reference>
            <reference href="https://www.isaca.org/resources/cobit">DSS05.07</reference>
            <reference href="https://www.isaca.org/resources/cobit">DSS06.02</reference>
            <reference href="https://www.isa.org/products/isa-62443-2-1-2009-security-for-industrial-automat">4.3.3.7.3</reference>
            <reference href="https://www.isa.org/products/ansi-isa-62443-3-3-99-03-03-2013-security-for-indu">SR 2.1</reference>
            <reference href="https://www.isa.org/products/ansi-isa-62443-3-3-99-03-03-2013-security-for-indu">SR 5.2</reference>
            <reference href="https://www.iso.org/contents/data/standard/05/45/54534.html">A.10.1.1</reference>
            <reference href="https://www.iso.org/contents/data/standard/05/45/54534.html">A.11.1.4</reference>
            <reference href="https://www.iso.org/contents/data/standard/05/45/54534.html">A.11.1.5</reference>
            <reference href="https://www.iso.org/contents/data/standard/05/45/54534.html">A.11.2.1</reference>
            <reference href="https://www.iso.org/contents/data/standard/05/45/54534.html">A.13.1.1</reference>
            <reference href="https://www.iso.org/contents/data/standard/05/45/54534.html">A.13.1.3</reference>
            <reference href="https://www.iso.org/contents/data/standard/05/45/54534.html">A.13.2.1</reference>
            <reference href="https://www.iso.org/contents/data/standard/05/45/54534.html">A.13.2.3</reference>
            <reference href="https://www.iso.org/contents/data/standard/05/45/54534.html">A.13.2.4</reference>
            <reference href="https://www.iso.org/contents/data/standard/05/45/54534.html">A.14.1.2</reference>
            <reference href="https://www.iso.org/contents/data/standard/05/45/54534.html">A.14.1.3</reference>
            <reference href="https://www.iso.org/contents/data/standard/05/45/54534.html">A.6.1.2</reference>
            <reference href="https://www.iso.org/contents/data/standard/05/45/54534.html">A.7.1.1</reference>
            <reference href="https://www.iso.org/contents/data/standard/05/45/54534.html">A.7.1.2</reference>
            <reference href="https://www.iso.org/contents/data/standard/05/45/54534.html">A.7.3.1</reference>
            <reference href="https://www.iso.org/contents/data/standard/05/45/54534.html">A.8.2.2</reference>
            <reference href="https://www.iso.org/contents/data/standard/05/45/54534.html">A.8.2.3</reference>
            <reference href="https://www.iso.org/contents/data/standard/05/45/54534.html">A.9.1.1</reference>
            <reference href="https://www.iso.org/contents/data/standard/05/45/54534.html">A.9.1.2</reference>
            <reference href="https://www.iso.org/contents/data/standard/05/45/54534.html">A.9.2.3</reference>
            <reference href="https://www.iso.org/contents/data/standard/05/45/54534.html">A.9.4.1</reference>
            <reference href="https://www.iso.org/contents/data/standard/05/45/54534.html">A.9.4.4</reference>
            <reference href="https://www.iso.org/contents/data/standard/05/45/54534.html">A.9.4.5</reference>
            <reference href="https://www.nerc.com/standards/reliability-standards/cip">CIP-003-8 R5.1.1</reference>
            <reference href="https://www.nerc.com/standards/reliability-standards/cip">CIP-003-8 R5.3</reference>
            <reference href="https://www.nerc.com/standards/reliability-standards/cip">CIP-004-6 R2.3</reference>
            <reference href="https://www.nerc.com/standards/reliability-standards/cip">CIP-007-3 R2.1</reference>
            <reference href="https://www.nerc.com/standards/reliability-standards/cip">CIP-007-3 R2.2</reference>
            <reference href="https://www.nerc.com/standards/reliability-standards/cip">CIP-007-3 R2.3</reference>
            <reference href="https://www.nerc.com/standards/reliability-standards/cip">CIP-007-3 R5.1</reference>
            <reference href="https://www.nerc.com/standards/reliability-standards/cip">CIP-007-3 R5.1.1</reference>
            <reference href="https://www.nerc.com/standards/reliability-standards/cip">CIP-007-3 R5.1.2</reference>
            <reference href="http://nvlpubs.nist.gov/nistpubs/SpecialPublications/NIST.SP.800-53r4.pdf">CM-6(a)</reference>
            <reference href="http://nvlpubs.nist.gov/nistpubs/SpecialPublications/NIST.SP.800-53r4.pdf">AC-6(1)</reference>
            <reference href="https://nvlpubs.nist.gov/nistpubs/CSWP/NIST.CSWP.04162018.pdf">PR.AC-4</reference>
            <reference href="https://nvlpubs.nist.gov/nistpubs/CSWP/NIST.CSWP.04162018.pdf">PR.DS-5</reference>
            <reference href="https://www.pcisecuritystandards.org/documents/PCI_DSS_v3-2-1.pdf">Req-8.7.c</reference>
            <reference href="https://www.cyber.mil/stigs/downloads/?_dl_facet_stigs=operating-systems%2Cgeneral-purpose-os">SRG-OS-000480-GPOS-00227</reference>
            <reference href="https://www.cisecurity.org/benchmark/suse_linux/">6.1.2</reference>
            <reference href="https://cyber.gouv.fr/sites/default/files/document/linux_configuration-en-v2.pdf">R50</reference>
            <reference href="not_publicly_available">SLES-15-900150015</reference>
            <reference href="https://docs-prv.pcisecuritystandards.org/PCI%20DSS/Standard/PCI-DSS-v4_0.pdf">2.2.6</reference>
            <reference href="https://docs-prv.pcisecuritystandards.org/PCI%20DSS/Standard/PCI-DSS-v4_0.pdf">2.2</reference>
            <rationale xmlns:xhtml="http://www.w3.org/1999/xhtml" xml:lang="en-US">The <html:code xmlns:html="http://www.w3.org/1999/xhtml">/etc/passwd</html:code> file contains information about the users that are configured on
the system. Protection of this file is critical for system security.</rationale>
            <ident system="https://ncp.nist.gov/cce">CCE-85809-2</ident>
            <fix xmlns:xhtml="http://www.w3.org/1999/xhtml" id="file_groupowner_etc_passwd" system="urn:xccdf:fix:script:sh" complexity="low" disruption="low" strategy="configure">
newgroup=""
if getent group "0" &gt;/dev/null 2&gt;&amp;1; then
  newgroup="0"
fi

if [[ -z "${newgroup}" ]]; then
  &gt;&amp;2 echo "0 is not a defined group on the system"
else
if ! stat -c "%g %G" "/etc/passwd" | grep -E -w -q "0"; then
    chgrp --no-dereference "$newgroup" /etc/passwd
fi

fi
</fix>
            <fix xmlns:xhtml="http://www.w3.org/1999/xhtml" id="file_groupowner_etc_passwd" system="urn:xccdf:fix:script:ansible" complexity="low" disruption="low" strategy="configure">- name: Set the file_groupowner_etc_passwd_newgroup variable if represented by gid
  ansible.builtin.set_fact:
    file_groupowner_etc_passwd_newgroup: '0'
  tags:
  - CCE-85809-2
  - CJIS-5.5.2.2
  - NIST-800-53-AC-6(1)
  - NIST-800-53-CM-6(a)
  - PCI-DSS-Req-8.7.c
  - PCI-DSSv4-2.2
  - PCI-DSSv4-2.2.6
  - configure_strategy
  - file_groupowner_etc_passwd
  - low_complexity
  - low_disruption
  - medium_severity
  - no_reboot_needed

- name: Test for existence /etc/passwd
  ansible.builtin.stat:
    path: /etc/passwd
  register: file_exists
  tags:
  - CCE-85809-2
  - CJIS-5.5.2.2
  - NIST-800-53-AC-6(1)
  - NIST-800-53-CM-6(a)
  - PCI-DSS-Req-8.7.c
  - PCI-DSSv4-2.2
  - PCI-DSSv4-2.2.6
  - configure_strategy
  - file_groupowner_etc_passwd
  - low_complexity
  - low_disruption
  - medium_severity
  - no_reboot_needed

- name: Ensure group owner on /etc/passwd
  ansible.builtin.file:
    path: /etc/passwd
    follow: false
    group: '{{ file_groupowner_etc_passwd_newgroup }}'
  when: file_exists.stat is defined and file_exists.stat.exists
  tags:
  - CCE-85809-2
  - CJIS-5.5.2.2
  - NIST-800-53-AC-6(1)
  - NIST-800-53-CM-6(a)
  - PCI-DSS-Req-8.7.c
  - PCI-DSSv4-2.2
  - PCI-DSSv4-2.2.6
  - configure_strategy
  - file_groupowner_etc_passwd
  - low_complexity
  - low_disruption
  - medium_severity
  - no_reboot_needed
</fix>
            <check system="http://oval.mitre.org/XMLSchema/oval-definitions-5">
              <check-content-ref name="oval:ssg-file_groupowner_etc_passwd:def:1" href="ssg-sle15-oval.xml"/>
            </check>
            <check system="http://scap.nist.gov/schema/ocil/2">
              <check-content-ref name="ocil:ssg-file_groupowner_etc_passwd_ocil:questionnaire:1" href="ssg-sle15-ocil.xml"/>
            </check>
          </Rule>
          <Rule id="xccdf_org.ssgproject.content_rule_file_groupowner_etc_security_opasswd" selected="false" role="full" severity="medium">
            <title xmlns:xhtml="http://www.w3.org/1999/xhtml" xml:lang="en-US">Verify Group Who Owns /etc/security/opasswd File</title>
            <description xmlns:xhtml="http://www.w3.org/1999/xhtml" xml:lang="en-US"> To properly set the group owner of <html:code xmlns:html="http://www.w3.org/1999/xhtml">/etc/security/opasswd</html:code>, run the command:
<html:pre xmlns:html="http://www.w3.org/1999/xhtml">$ sudo chgrp root /etc/security/opasswd</html:pre>
        </description>
            <reference href="not_publicly_available">SLES-15-900150150</reference>
            <rationale xmlns:xhtml="http://www.w3.org/1999/xhtml" xml:lang="en-US">The <html:code xmlns:html="http://www.w3.org/1999/xhtml">/etc/security/opasswd</html:code> file stores old passwords to prevent
password reuse. Protection of this file is critical for system security.</rationale>
            <ident system="https://ncp.nist.gov/cce">CCE-92539-6</ident>
            <fix xmlns:xhtml="http://www.w3.org/1999/xhtml" id="file_groupowner_etc_security_opasswd" system="urn:xccdf:fix:script:sh" complexity="low" disruption="low" strategy="configure">
newgroup=""
if getent group "0" &gt;/dev/null 2&gt;&amp;1; then
  newgroup="0"
fi

if [[ -z "${newgroup}" ]]; then
  &gt;&amp;2 echo "0 is not a defined group on the system"
else
if ! stat -c "%g %G" "/etc/security/opasswd" | grep -E -w -q "0"; then
    chgrp --no-dereference "$newgroup" /etc/security/opasswd
fi

fi
</fix>
            <fix xmlns:xhtml="http://www.w3.org/1999/xhtml" id="file_groupowner_etc_security_opasswd" system="urn:xccdf:fix:script:ansible" complexity="low" disruption="low" strategy="configure">- name: Set the file_groupowner_etc_security_opasswd_newgroup variable if represented
    by gid
  ansible.builtin.set_fact:
    file_groupowner_etc_security_opasswd_newgroup: '0'
  tags:
  - CCE-92539-6
  - configure_strategy
  - file_groupowner_etc_security_opasswd
  - low_complexity
  - low_disruption
  - medium_severity
  - no_reboot_needed

- name: Test for existence /etc/security/opasswd
  ansible.builtin.stat:
    path: /etc/security/opasswd
  register: file_exists
  tags:
  - CCE-92539-6
  - configure_strategy
  - file_groupowner_etc_security_opasswd
  - low_complexity
  - low_disruption
  - medium_severity
  - no_reboot_needed

- name: Ensure group owner on /etc/security/opasswd
  ansible.builtin.file:
    path: /etc/security/opasswd
    follow: false
    group: '{{ file_groupowner_etc_security_opasswd_newgroup }}'
  when: file_exists.stat is defined and file_exists.stat.exists
  tags:
  - CCE-92539-6
  - configure_strategy
  - file_groupowner_etc_security_opasswd
  - low_complexity
  - low_disruption
  - medium_severity
  - no_reboot_needed
</fix>
            <check system="http://oval.mitre.org/XMLSchema/oval-definitions-5">
              <check-content-ref name="oval:ssg-file_groupowner_etc_security_opasswd:def:1" href="ssg-sle15-oval.xml"/>
            </check>
            <check system="http://scap.nist.gov/schema/ocil/2">
              <check-content-ref name="ocil:ssg-file_groupowner_etc_security_opasswd_ocil:questionnaire:1" href="ssg-sle15-ocil.xml"/>
            </check>
          </Rule>
          <Rule id="xccdf_org.ssgproject.content_rule_file_groupowner_etc_security_opasswd_old" selected="false" role="full" severity="medium">
            <title xmlns:xhtml="http://www.w3.org/1999/xhtml" xml:lang="en-US">Verify Group Who Owns /etc/security/opasswd.old File</title>
            <description xmlns:xhtml="http://www.w3.org/1999/xhtml" xml:lang="en-US"> To properly set the group owner of <html:code xmlns:html="http://www.w3.org/1999/xhtml">/etc/security/opasswd.old</html:code>, run the command:
<html:pre xmlns:html="http://www.w3.org/1999/xhtml">$ sudo chgrp root /etc/security/opasswd.old</html:pre>
        </description>
            <reference href="not_publicly_available">SLES-15-900150150</reference>
            <rationale xmlns:xhtml="http://www.w3.org/1999/xhtml" xml:lang="en-US">The <html:code xmlns:html="http://www.w3.org/1999/xhtml">/etc/security/opasswd.old</html:code> file stores backups of old passwords to prevent
password reuse. Protection of this file is critical for system security.</rationale>
            <ident system="https://ncp.nist.gov/cce">CCE-92540-4</ident>
            <fix xmlns:xhtml="http://www.w3.org/1999/xhtml" id="file_groupowner_etc_security_opasswd_old" system="urn:xccdf:fix:script:sh" complexity="low" disruption="low" strategy="configure">
newgroup=""
if getent group "0" &gt;/dev/null 2&gt;&amp;1; then
  newgroup="0"
fi

if [[ -z "${newgroup}" ]]; then
  &gt;&amp;2 echo "0 is not a defined group on the system"
else
if ! stat -c "%g %G" "/etc/security/opasswd.old" | grep -E -w -q "0"; then
    chgrp --no-dereference "$newgroup" /etc/security/opasswd.old
fi

fi
</fix>
            <fix xmlns:xhtml="http://www.w3.org/1999/xhtml" id="file_groupowner_etc_security_opasswd_old" system="urn:xccdf:fix:script:ansible" complexity="low" disruption="low" strategy="configure">- name: Set the file_groupowner_etc_security_opasswd_old_newgroup variable if represented
    by gid
  ansible.builtin.set_fact:
    file_groupowner_etc_security_opasswd_old_newgroup: '0'
  tags:
  - CCE-92540-4
  - configure_strategy
  - file_groupowner_etc_security_opasswd_old
  - low_complexity
  - low_disruption
  - medium_severity
  - no_reboot_needed

- name: Test for existence /etc/security/opasswd.old
  ansible.builtin.stat:
    path: /etc/security/opasswd.old
  register: file_exists
  tags:
  - CCE-92540-4
  - configure_strategy
  - file_groupowner_etc_security_opasswd_old
  - low_complexity
  - low_disruption
  - medium_severity
  - no_reboot_needed

- name: Ensure group owner on /etc/security/opasswd.old
  ansible.builtin.file:
    path: /etc/security/opasswd.old
    follow: false
    group: '{{ file_groupowner_etc_security_opasswd_old_newgroup }}'
  when: file_exists.stat is defined and file_exists.stat.exists
  tags:
  - CCE-92540-4
  - configure_strategy
  - file_groupowner_etc_security_opasswd_old
  - low_complexity
  - low_disruption
  - medium_severity
  - no_reboot_needed
</fix>
            <check system="http://oval.mitre.org/XMLSchema/oval-definitions-5">
              <check-content-ref name="oval:ssg-file_groupowner_etc_security_opasswd_old:def:1" href="ssg-sle15-oval.xml"/>
            </check>
            <check system="http://scap.nist.gov/schema/ocil/2">
              <check-content-ref name="ocil:ssg-file_groupowner_etc_security_opasswd_old_ocil:questionnaire:1" href="ssg-sle15-ocil.xml"/>
            </check>
          </Rule>
          <Rule id="xccdf_org.ssgproject.content_rule_file_groupowner_etc_shadow" selected="false" role="full" severity="medium">
            <title xmlns:xhtml="http://www.w3.org/1999/xhtml" xml:lang="en-US">Verify Group Who Owns shadow File</title>
            <description xmlns:xhtml="http://www.w3.org/1999/xhtml" xml:lang="en-US"> To properly set the group owner of <html:code xmlns:html="http://www.w3.org/1999/xhtml">/etc/shadow</html:code>, run the command:
<html:pre xmlns:html="http://www.w3.org/1999/xhtml">$ sudo chgrp shadow /etc/shadow</html:pre>
        </description>
            <reference href="https://www.cisecurity.org/controls/">12</reference>
            <reference href="https://www.cisecurity.org/controls/">13</reference>
            <reference href="https://www.cisecurity.org/controls/">14</reference>
            <reference href="https://www.cisecurity.org/controls/">15</reference>
            <reference href="https://www.cisecurity.org/controls/">16</reference>
            <reference href="https://www.cisecurity.org/controls/">18</reference>
            <reference href="https://www.cisecurity.org/controls/">3</reference>
            <reference href="https://www.cisecurity.org/controls/">5</reference>
            <reference href="https://www.fbi.gov/file-repository/cjis-security-policy-v5_5_20160601-2-1.pdf">5.5.2.2</reference>
            <reference href="https://www.isaca.org/resources/cobit">APO01.06</reference>
            <reference href="https://www.isaca.org/resources/cobit">DSS05.04</reference>
            <reference href="https://www.isaca.org/resources/cobit">DSS05.07</reference>
            <reference href="https://www.isaca.org/resources/cobit">DSS06.02</reference>
            <reference href="https://www.isa.org/products/isa-62443-2-1-2009-security-for-industrial-automat">4.3.3.7.3</reference>
            <reference href="https://www.isa.org/products/ansi-isa-62443-3-3-99-03-03-2013-security-for-indu">SR 2.1</reference>
            <reference href="https://www.isa.org/products/ansi-isa-62443-3-3-99-03-03-2013-security-for-indu">SR 5.2</reference>
            <reference href="https://www.iso.org/contents/data/standard/05/45/54534.html">A.10.1.1</reference>
            <reference href="https://www.iso.org/contents/data/standard/05/45/54534.html">A.11.1.4</reference>
            <reference href="https://www.iso.org/contents/data/standard/05/45/54534.html">A.11.1.5</reference>
            <reference href="https://www.iso.org/contents/data/standard/05/45/54534.html">A.11.2.1</reference>
            <reference href="https://www.iso.org/contents/data/standard/05/45/54534.html">A.13.1.1</reference>
            <reference href="https://www.iso.org/contents/data/standard/05/45/54534.html">A.13.1.3</reference>
            <reference href="https://www.iso.org/contents/data/standard/05/45/54534.html">A.13.2.1</reference>
            <reference href="https://www.iso.org/contents/data/standard/05/45/54534.html">A.13.2.3</reference>
            <reference href="https://www.iso.org/contents/data/standard/05/45/54534.html">A.13.2.4</reference>
            <reference href="https://www.iso.org/contents/data/standard/05/45/54534.html">A.14.1.2</reference>
            <reference href="https://www.iso.org/contents/data/standard/05/45/54534.html">A.14.1.3</reference>
            <reference href="https://www.iso.org/contents/data/standard/05/45/54534.html">A.6.1.2</reference>
            <reference href="https://www.iso.org/contents/data/standard/05/45/54534.html">A.7.1.1</reference>
            <reference href="https://www.iso.org/contents/data/standard/05/45/54534.html">A.7.1.2</reference>
            <reference href="https://www.iso.org/contents/data/standard/05/45/54534.html">A.7.3.1</reference>
            <reference href="https://www.iso.org/contents/data/standard/05/45/54534.html">A.8.2.2</reference>
            <reference href="https://www.iso.org/contents/data/standard/05/45/54534.html">A.8.2.3</reference>
            <reference href="https://www.iso.org/contents/data/standard/05/45/54534.html">A.9.1.1</reference>
            <reference href="https://www.iso.org/contents/data/standard/05/45/54534.html">A.9.1.2</reference>
            <reference href="https://www.iso.org/contents/data/standard/05/45/54534.html">A.9.2.3</reference>
            <reference href="https://www.iso.org/contents/data/standard/05/45/54534.html">A.9.4.1</reference>
            <reference href="https://www.iso.org/contents/data/standard/05/45/54534.html">A.9.4.4</reference>
            <reference href="https://www.iso.org/contents/data/standard/05/45/54534.html">A.9.4.5</reference>
            <reference href="https://www.nerc.com/standards/reliability-standards/cip">CIP-003-8 R5.1.1</reference>
            <reference href="https://www.nerc.com/standards/reliability-standards/cip">CIP-003-8 R5.3</reference>
            <reference href="https://www.nerc.com/standards/reliability-standards/cip">CIP-004-6 R2.3</reference>
            <reference href="https://www.nerc.com/standards/reliability-standards/cip">CIP-007-3 R2.1</reference>
            <reference href="https://www.nerc.com/standards/reliability-standards/cip">CIP-007-3 R2.2</reference>
            <reference href="https://www.nerc.com/standards/reliability-standards/cip">CIP-007-3 R2.3</reference>
            <reference href="https://www.nerc.com/standards/reliability-standards/cip">CIP-007-3 R5.1</reference>
            <reference href="https://www.nerc.com/standards/reliability-standards/cip">CIP-007-3 R5.1.1</reference>
            <reference href="https://www.nerc.com/standards/reliability-standards/cip">CIP-007-3 R5.1.2</reference>
            <reference href="http://nvlpubs.nist.gov/nistpubs/SpecialPublications/NIST.SP.800-53r4.pdf">CM-6(a)</reference>
            <reference href="http://nvlpubs.nist.gov/nistpubs/SpecialPublications/NIST.SP.800-53r4.pdf">AC-6(1)</reference>
            <reference href="https://nvlpubs.nist.gov/nistpubs/CSWP/NIST.CSWP.04162018.pdf">PR.AC-4</reference>
            <reference href="https://nvlpubs.nist.gov/nistpubs/CSWP/NIST.CSWP.04162018.pdf">PR.DS-5</reference>
            <reference href="https://www.pcisecuritystandards.org/documents/PCI_DSS_v3-2-1.pdf">Req-8.7.c</reference>
            <reference href="https://www.cyber.mil/stigs/downloads/?_dl_facet_stigs=operating-systems%2Cgeneral-purpose-os">SRG-OS-000480-GPOS-00227</reference>
            <reference href="https://www.cisecurity.org/benchmark/suse_linux/">6.1.3</reference>
            <reference href="https://cyber.gouv.fr/sites/default/files/document/linux_configuration-en-v2.pdf">R50</reference>
            <reference href="not_publicly_available">SLES-15-900150075</reference>
            <reference href="https://docs-prv.pcisecuritystandards.org/PCI%20DSS/Standard/PCI-DSS-v4_0.pdf">2.2.6</reference>
            <reference href="https://docs-prv.pcisecuritystandards.org/PCI%20DSS/Standard/PCI-DSS-v4_0.pdf">2.2</reference>
            <rationale xmlns:xhtml="http://www.w3.org/1999/xhtml" xml:lang="en-US">The <html:code xmlns:html="http://www.w3.org/1999/xhtml">/etc/shadow</html:code> file stores password hashes. Protection of this file is
critical for system security.</rationale>
            <ident system="https://ncp.nist.gov/cce">CCE-85808-4</ident>
            <fix xmlns:xhtml="http://www.w3.org/1999/xhtml" id="file_groupowner_etc_shadow" system="urn:xccdf:fix:script:sh" complexity="low" disruption="low" strategy="configure">
newgroup=""
if getent group "15" &gt;/dev/null 2&gt;&amp;1; then
  newgroup="15"
fi

if [[ -z "${newgroup}" ]]; then
  &gt;&amp;2 echo "15 is not a defined group on the system"
else
if ! stat -c "%g %G" "/etc/shadow" | grep -E -w -q "15"; then
    chgrp --no-dereference "$newgroup" /etc/shadow
fi

fi
</fix>
            <fix xmlns:xhtml="http://www.w3.org/1999/xhtml" id="file_groupowner_etc_shadow" system="urn:xccdf:fix:script:ansible" complexity="low" disruption="low" strategy="configure">- name: Set the file_groupowner_etc_shadow_newgroup variable if represented by gid
  ansible.builtin.set_fact:
    file_groupowner_etc_shadow_newgroup: '15'
  tags:
  - CCE-85808-4
  - CJIS-5.5.2.2
  - NIST-800-53-AC-6(1)
  - NIST-800-53-CM-6(a)
  - PCI-DSS-Req-8.7.c
  - PCI-DSSv4-2.2
  - PCI-DSSv4-2.2.6
  - configure_strategy
  - file_groupowner_etc_shadow
  - low_complexity
  - low_disruption
  - medium_severity
  - no_reboot_needed

- name: Test for existence /etc/shadow
  ansible.builtin.stat:
    path: /etc/shadow
  register: file_exists
  tags:
  - CCE-85808-4
  - CJIS-5.5.2.2
  - NIST-800-53-AC-6(1)
  - NIST-800-53-CM-6(a)
  - PCI-DSS-Req-8.7.c
  - PCI-DSSv4-2.2
  - PCI-DSSv4-2.2.6
  - configure_strategy
  - file_groupowner_etc_shadow
  - low_complexity
  - low_disruption
  - medium_severity
  - no_reboot_needed

- name: Ensure group owner on /etc/shadow
  ansible.builtin.file:
    path: /etc/shadow
    follow: false
    group: '{{ file_groupowner_etc_shadow_newgroup }}'
  when: file_exists.stat is defined and file_exists.stat.exists
  tags:
  - CCE-85808-4
  - CJIS-5.5.2.2
  - NIST-800-53-AC-6(1)
  - NIST-800-53-CM-6(a)
  - PCI-DSS-Req-8.7.c
  - PCI-DSSv4-2.2
  - PCI-DSSv4-2.2.6
  - configure_strategy
  - file_groupowner_etc_shadow
  - low_complexity
  - low_disruption
  - medium_severity
  - no_reboot_needed
</fix>
            <check system="http://oval.mitre.org/XMLSchema/oval-definitions-5">
              <check-content-ref name="oval:ssg-file_groupowner_etc_shadow:def:1" href="ssg-sle15-oval.xml"/>
            </check>
            <check system="http://scap.nist.gov/schema/ocil/2">
              <check-content-ref name="ocil:ssg-file_groupowner_etc_shadow_ocil:questionnaire:1" href="ssg-sle15-ocil.xml"/>
            </check>
          </Rule>
          <Rule id="xccdf_org.ssgproject.content_rule_file_groupowner_etc_shells" selected="false" role="full" severity="medium">
            <title xmlns:xhtml="http://www.w3.org/1999/xhtml" xml:lang="en-US">Verify Group Who Owns /etc/shells File</title>
            <description xmlns:xhtml="http://www.w3.org/1999/xhtml" xml:lang="en-US">
To properly set the group owner of <html:code xmlns:html="http://www.w3.org/1999/xhtml">/etc/shells</html:code>, run the command:

  <html:pre xmlns:html="http://www.w3.org/1999/xhtml">$ sudo chgrp root /etc/shells</html:pre>
        </description>
            <reference href="http://nvlpubs.nist.gov/nistpubs/SpecialPublications/NIST.SP.800-53r4.pdf">AC-3</reference>
            <reference href="http://nvlpubs.nist.gov/nistpubs/SpecialPublications/NIST.SP.800-53r4.pdf">MP-2</reference>
            <reference href="https://cyber.gouv.fr/sites/default/files/document/linux_configuration-en-v2.pdf">R50</reference>
            <reference href="not_publicly_available">SLES-15-900150135</reference>
            <rationale xmlns:xhtml="http://www.w3.org/1999/xhtml" xml:lang="en-US">The <html:code xmlns:html="http://www.w3.org/1999/xhtml">/etc/shells</html:code> file contains the list of full pathnames to shells on the system.
Since this file is used by many system programs this file should be protected.</rationale>
            <ident system="https://ncp.nist.gov/cce">CCE-92541-2</ident>
            <fix xmlns:xhtml="http://www.w3.org/1999/xhtml" id="file_groupowner_etc_shells" system="urn:xccdf:fix:script:sh" complexity="low" disruption="low" strategy="configure">
newgroup=""
if getent group "0" &gt;/dev/null 2&gt;&amp;1; then
  newgroup="0"
fi

if [[ -z "${newgroup}" ]]; then
  &gt;&amp;2 echo "0 is not a defined group on the system"
else
if ! stat -c "%g %G" "/etc/shells" | grep -E -w -q "0"; then
    chgrp --no-dereference "$newgroup" /etc/shells
fi

fi
</fix>
            <fix xmlns:xhtml="http://www.w3.org/1999/xhtml" id="file_groupowner_etc_shells" system="urn:xccdf:fix:script:ansible" complexity="low" disruption="low" strategy="configure">- name: Set the file_groupowner_etc_shells_newgroup variable if represented by gid
  ansible.builtin.set_fact:
    file_groupowner_etc_shells_newgroup: '0'
  tags:
  - CCE-92541-2
  - NIST-800-53-AC-3
  - NIST-800-53-MP-2
  - configure_strategy
  - file_groupowner_etc_shells
  - low_complexity
  - low_disruption
  - medium_severity
  - no_reboot_needed

- name: Test for existence /etc/shells
  ansible.builtin.stat:
    path: /etc/shells
  register: file_exists
  tags:
  - CCE-92541-2
  - NIST-800-53-AC-3
  - NIST-800-53-MP-2
  - configure_strategy
  - file_groupowner_etc_shells
  - low_complexity
  - low_disruption
  - medium_severity
  - no_reboot_needed

- name: Ensure group owner on /etc/shells
  ansible.builtin.file:
    path: /etc/shells
    follow: false
    group: '{{ file_groupowner_etc_shells_newgroup }}'
  when: file_exists.stat is defined and file_exists.stat.exists
  tags:
  - CCE-92541-2
  - NIST-800-53-AC-3
  - NIST-800-53-MP-2
  - configure_strategy
  - file_groupowner_etc_shells
  - low_complexity
  - low_disruption
  - medium_severity
  - no_reboot_needed
</fix>
            <check system="http://oval.mitre.org/XMLSchema/oval-definitions-5">
              <check-content-ref name="oval:ssg-file_groupowner_etc_shells:def:1" href="ssg-sle15-oval.xml"/>
            </check>
            <check system="http://scap.nist.gov/schema/ocil/2">
              <check-content-ref name="ocil:ssg-file_groupowner_etc_shells_ocil:questionnaire:1" href="ssg-sle15-ocil.xml"/>
            </check>
          </Rule>
          <Rule id="xccdf_org.ssgproject.content_rule_file_owner_backup_etc_group" selected="false" role="full" severity="medium">
            <title xmlns:xhtml="http://www.w3.org/1999/xhtml" xml:lang="en-US">Verify User Who Owns Backup group File</title>
            <description xmlns:xhtml="http://www.w3.org/1999/xhtml" xml:lang="en-US"> To properly set the owner of <html:code xmlns:html="http://www.w3.org/1999/xhtml">/etc/group-</html:code>, run the command:
<html:pre xmlns:html="http://www.w3.org/1999/xhtml">$ sudo chown root /etc/group- </html:pre>
        </description>
            <reference href="http://nvlpubs.nist.gov/nistpubs/SpecialPublications/NIST.SP.800-53r4.pdf">AC-6 (1)</reference>
            <reference href="https://www.pcisecuritystandards.org/documents/PCI_DSS_v3-2-1.pdf">Req-8.7.c</reference>
            <reference href="https://www.cyber.mil/stigs/downloads/?_dl_facet_stigs=operating-systems%2Cgeneral-purpose-os">SRG-OS-000480-GPOS-00227</reference>
            <reference href="https://www.cisecurity.org/benchmark/suse_linux/">6.1.7</reference>
            <reference href="not_publicly_available">SLES-15-900150060</reference>
            <reference href="https://docs-prv.pcisecuritystandards.org/PCI%20DSS/Standard/PCI-DSS-v4_0.pdf">2.2.6</reference>
            <reference href="https://docs-prv.pcisecuritystandards.org/PCI%20DSS/Standard/PCI-DSS-v4_0.pdf">2.2</reference>
            <rationale xmlns:xhtml="http://www.w3.org/1999/xhtml" xml:lang="en-US">The <html:code xmlns:html="http://www.w3.org/1999/xhtml">/etc/group-</html:code> file is a backup file of <html:code xmlns:html="http://www.w3.org/1999/xhtml">/etc/group</html:code>, and as such,
it contains information regarding groups that are configured on the system.
Protection of this file is important for system security.</rationale>
            <ident system="https://ncp.nist.gov/cce">CCE-91330-1</ident>
            <fix xmlns:xhtml="http://www.w3.org/1999/xhtml" id="file_owner_backup_etc_group" system="urn:xccdf:fix:script:sh" complexity="low" disruption="low" strategy="configure">
newown=""
if id "0" &gt;/dev/null 2&gt;&amp;1; then
  newown="0"
fi

if [[ -z "$newown" ]]; then
  &gt;&amp;2 echo "0 is not a defined user on the system"
else
if ! stat -c "%u %U" "/etc/group-" | grep -E -w -q "0"; then
    chown --no-dereference "$newown" /etc/group-
fi

fi
</fix>
            <fix xmlns:xhtml="http://www.w3.org/1999/xhtml" id="file_owner_backup_etc_group" system="urn:xccdf:fix:script:ansible" complexity="low" disruption="low" strategy="configure">- name: Set the file_owner_backup_etc_group_newown variable if represented by uid
  ansible.builtin.set_fact:
    file_owner_backup_etc_group_newown: '0'
  tags:
  - CCE-91330-1
  - NIST-800-53-AC-6 (1)
  - PCI-DSS-Req-8.7.c
  - PCI-DSSv4-2.2
  - PCI-DSSv4-2.2.6
  - configure_strategy
  - file_owner_backup_etc_group
  - low_complexity
  - low_disruption
  - medium_severity
  - no_reboot_needed

- name: Test for existence /etc/group-
  ansible.builtin.stat:
    path: /etc/group-
  register: file_exists
  tags:
  - CCE-91330-1
  - NIST-800-53-AC-6 (1)
  - PCI-DSS-Req-8.7.c
  - PCI-DSSv4-2.2
  - PCI-DSSv4-2.2.6
  - configure_strategy
  - file_owner_backup_etc_group
  - low_complexity
  - low_disruption
  - medium_severity
  - no_reboot_needed

- name: Ensure owner on /etc/group-
  ansible.builtin.file:
    path: /etc/group-
    follow: false
    owner: '{{ file_owner_backup_etc_group_newown }}'
  when: file_exists.stat is defined and file_exists.stat.exists
  tags:
  - CCE-91330-1
  - NIST-800-53-AC-6 (1)
  - PCI-DSS-Req-8.7.c
  - PCI-DSSv4-2.2
  - PCI-DSSv4-2.2.6
  - configure_strategy
  - file_owner_backup_etc_group
  - low_complexity
  - low_disruption
  - medium_severity
  - no_reboot_needed
</fix>
            <check system="http://oval.mitre.org/XMLSchema/oval-definitions-5">
              <check-content-ref name="oval:ssg-file_owner_backup_etc_group:def:1" href="ssg-sle15-oval.xml"/>
            </check>
            <check system="http://scap.nist.gov/schema/ocil/2">
              <check-content-ref name="ocil:ssg-file_owner_backup_etc_group_ocil:questionnaire:1" href="ssg-sle15-ocil.xml"/>
            </check>
          </Rule>
          <Rule id="xccdf_org.ssgproject.content_rule_file_owner_backup_etc_gshadow" selected="false" role="full" severity="medium">
            <title xmlns:xhtml="http://www.w3.org/1999/xhtml" xml:lang="en-US">Verify User Who Owns Backup gshadow File</title>
            <description xmlns:xhtml="http://www.w3.org/1999/xhtml" xml:lang="en-US"> To properly set the owner of <html:code xmlns:html="http://www.w3.org/1999/xhtml">/etc/gshadow-</html:code>, run the command:
<html:pre xmlns:html="http://www.w3.org/1999/xhtml">$ sudo chown root /etc/gshadow- </html:pre>
        </description>
            <reference href="http://nvlpubs.nist.gov/nistpubs/SpecialPublications/NIST.SP.800-53r4.pdf">AC-6 (1)</reference>
            <reference href="https://www.pcisecuritystandards.org/documents/PCI_DSS_v3-2-1.pdf">Req-8.7</reference>
            <reference href="https://www.cyber.mil/stigs/downloads/?_dl_facet_stigs=operating-systems%2Cgeneral-purpose-os">SRG-OS-000480-GPOS-00227</reference>
            <reference href="https://www.cisecurity.org/benchmark/suse_linux/">6.1.6</reference>
            <reference href="not_publicly_available">SLES-15-900150030</reference>
            <reference href="not_publicly_available">SLES-15-900150120</reference>
            <rationale xmlns:xhtml="http://www.w3.org/1999/xhtml" xml:lang="en-US">The <html:code xmlns:html="http://www.w3.org/1999/xhtml">/etc/gshadow-</html:code> file is a backup of <html:code xmlns:html="http://www.w3.org/1999/xhtml">/etc/gshadow</html:code>, and as such,
it contains group password hashes. Protection of this file is critical for system security.</rationale>
            <ident system="https://ncp.nist.gov/cce">CCE-92699-8</ident>
            <fix xmlns:xhtml="http://www.w3.org/1999/xhtml" id="file_owner_backup_etc_gshadow" system="urn:xccdf:fix:script:sh" complexity="low" disruption="low" strategy="configure">
newown=""
if id "0" &gt;/dev/null 2&gt;&amp;1; then
  newown="0"
fi

if [[ -z "$newown" ]]; then
  &gt;&amp;2 echo "0 is not a defined user on the system"
else
if ! stat -c "%u %U" "/etc/gshadow-" | grep -E -w -q "0"; then
    chown --no-dereference "$newown" /etc/gshadow-
fi

fi
</fix>
            <fix xmlns:xhtml="http://www.w3.org/1999/xhtml" id="file_owner_backup_etc_gshadow" system="urn:xccdf:fix:script:ansible" complexity="low" disruption="low" strategy="configure">- name: Set the file_owner_backup_etc_gshadow_newown variable if represented by uid
  ansible.builtin.set_fact:
    file_owner_backup_etc_gshadow_newown: '0'
  tags:
  - CCE-92699-8
  - NIST-800-53-AC-6 (1)
  - PCI-DSS-Req-8.7
  - configure_strategy
  - file_owner_backup_etc_gshadow
  - low_complexity
  - low_disruption
  - medium_severity
  - no_reboot_needed

- name: Test for existence /etc/gshadow-
  ansible.builtin.stat:
    path: /etc/gshadow-
  register: file_exists
  tags:
  - CCE-92699-8
  - NIST-800-53-AC-6 (1)
  - PCI-DSS-Req-8.7
  - configure_strategy
  - file_owner_backup_etc_gshadow
  - low_complexity
  - low_disruption
  - medium_severity
  - no_reboot_needed

- name: Ensure owner on /etc/gshadow-
  ansible.builtin.file:
    path: /etc/gshadow-
    follow: false
    owner: '{{ file_owner_backup_etc_gshadow_newown }}'
  when: file_exists.stat is defined and file_exists.stat.exists
  tags:
  - CCE-92699-8
  - NIST-800-53-AC-6 (1)
  - PCI-DSS-Req-8.7
  - configure_strategy
  - file_owner_backup_etc_gshadow
  - low_complexity
  - low_disruption
  - medium_severity
  - no_reboot_needed
</fix>
            <check system="http://oval.mitre.org/XMLSchema/oval-definitions-5">
              <check-content-ref name="oval:ssg-file_owner_backup_etc_gshadow:def:1" href="ssg-sle15-oval.xml"/>
            </check>
            <check system="http://scap.nist.gov/schema/ocil/2">
              <check-content-ref name="ocil:ssg-file_owner_backup_etc_gshadow_ocil:questionnaire:1" href="ssg-sle15-ocil.xml"/>
            </check>
          </Rule>
          <Rule id="xccdf_org.ssgproject.content_rule_file_owner_backup_etc_passwd" selected="false" role="full" severity="medium">
            <title xmlns:xhtml="http://www.w3.org/1999/xhtml" xml:lang="en-US">Verify User Who Owns Backup passwd File</title>
            <description xmlns:xhtml="http://www.w3.org/1999/xhtml" xml:lang="en-US"> To properly set the owner of <html:code xmlns:html="http://www.w3.org/1999/xhtml">/etc/passwd-</html:code>, run the command:
<html:pre xmlns:html="http://www.w3.org/1999/xhtml">$ sudo chown root /etc/passwd- </html:pre>
        </description>
            <reference href="http://nvlpubs.nist.gov/nistpubs/SpecialPublications/NIST.SP.800-53r4.pdf">AC-6 (1)</reference>
            <reference href="https://www.pcisecuritystandards.org/documents/PCI_DSS_v3-2-1.pdf">Req-8.7.c</reference>
            <reference href="https://www.cyber.mil/stigs/downloads/?_dl_facet_stigs=operating-systems%2Cgeneral-purpose-os">SRG-OS-000480-GPOS-00227</reference>
            <reference href="https://www.cisecurity.org/benchmark/suse_linux/">6.1.5</reference>
            <reference href="not_publicly_available">SLES-15-900150030</reference>
            <reference href="https://docs-prv.pcisecuritystandards.org/PCI%20DSS/Standard/PCI-DSS-v4_0.pdf">2.2.6</reference>
            <reference href="https://docs-prv.pcisecuritystandards.org/PCI%20DSS/Standard/PCI-DSS-v4_0.pdf">2.2</reference>
            <rationale xmlns:xhtml="http://www.w3.org/1999/xhtml" xml:lang="en-US">The <html:code xmlns:html="http://www.w3.org/1999/xhtml">/etc/passwd-</html:code> file is a backup file of <html:code xmlns:html="http://www.w3.org/1999/xhtml">/etc/passwd</html:code>, and as such,
it contains information about the users that are configured on the system.
Protection of this file is critical for system security.</rationale>
            <ident system="https://ncp.nist.gov/cce">CCE-91324-4</ident>
            <fix xmlns:xhtml="http://www.w3.org/1999/xhtml" id="file_owner_backup_etc_passwd" system="urn:xccdf:fix:script:sh" complexity="low" disruption="low" strategy="configure">
newown=""
if id "0" &gt;/dev/null 2&gt;&amp;1; then
  newown="0"
fi

if [[ -z "$newown" ]]; then
  &gt;&amp;2 echo "0 is not a defined user on the system"
else
if ! stat -c "%u %U" "/etc/passwd-" | grep -E -w -q "0"; then
    chown --no-dereference "$newown" /etc/passwd-
fi

fi
</fix>
            <fix xmlns:xhtml="http://www.w3.org/1999/xhtml" id="file_owner_backup_etc_passwd" system="urn:xccdf:fix:script:ansible" complexity="low" disruption="low" strategy="configure">- name: Set the file_owner_backup_etc_passwd_newown variable if represented by uid
  ansible.builtin.set_fact:
    file_owner_backup_etc_passwd_newown: '0'
  tags:
  - CCE-91324-4
  - NIST-800-53-AC-6 (1)
  - PCI-DSS-Req-8.7.c
  - PCI-DSSv4-2.2
  - PCI-DSSv4-2.2.6
  - configure_strategy
  - file_owner_backup_etc_passwd
  - low_complexity
  - low_disruption
  - medium_severity
  - no_reboot_needed

- name: Test for existence /etc/passwd-
  ansible.builtin.stat:
    path: /etc/passwd-
  register: file_exists
  tags:
  - CCE-91324-4
  - NIST-800-53-AC-6 (1)
  - PCI-DSS-Req-8.7.c
  - PCI-DSSv4-2.2
  - PCI-DSSv4-2.2.6
  - configure_strategy
  - file_owner_backup_etc_passwd
  - low_complexity
  - low_disruption
  - medium_severity
  - no_reboot_needed

- name: Ensure owner on /etc/passwd-
  ansible.builtin.file:
    path: /etc/passwd-
    follow: false
    owner: '{{ file_owner_backup_etc_passwd_newown }}'
  when: file_exists.stat is defined and file_exists.stat.exists
  tags:
  - CCE-91324-4
  - NIST-800-53-AC-6 (1)
  - PCI-DSS-Req-8.7.c
  - PCI-DSSv4-2.2
  - PCI-DSSv4-2.2.6
  - configure_strategy
  - file_owner_backup_etc_passwd
  - low_complexity
  - low_disruption
  - medium_severity
  - no_reboot_needed
</fix>
            <check system="http://oval.mitre.org/XMLSchema/oval-definitions-5">
              <check-content-ref name="oval:ssg-file_owner_backup_etc_passwd:def:1" href="ssg-sle15-oval.xml"/>
            </check>
            <check system="http://scap.nist.gov/schema/ocil/2">
              <check-content-ref name="ocil:ssg-file_owner_backup_etc_passwd_ocil:questionnaire:1" href="ssg-sle15-ocil.xml"/>
            </check>
          </Rule>
          <Rule id="xccdf_org.ssgproject.content_rule_file_owner_backup_etc_shadow" selected="false" role="full" severity="medium">
            <title xmlns:xhtml="http://www.w3.org/1999/xhtml" xml:lang="en-US">Verify Group Who Owns Backup shadow File</title>
            <description xmlns:xhtml="http://www.w3.org/1999/xhtml" xml:lang="en-US"> To properly set the owner of <html:code xmlns:html="http://www.w3.org/1999/xhtml">/etc/shadow-</html:code>, run the command:
<html:pre xmlns:html="http://www.w3.org/1999/xhtml">$ sudo chown root /etc/shadow- </html:pre>
        </description>
            <reference href="http://nvlpubs.nist.gov/nistpubs/SpecialPublications/NIST.SP.800-53r4.pdf">AC-6 (1)</reference>
            <reference href="https://www.pcisecuritystandards.org/documents/PCI_DSS_v3-2-1.pdf">Req-8.7.c</reference>
            <reference href="https://www.cyber.mil/stigs/downloads/?_dl_facet_stigs=operating-systems%2Cgeneral-purpose-os">SRG-OS-000480-GPOS-00227</reference>
            <reference href="https://www.cisecurity.org/benchmark/suse_linux/">6.1.6</reference>
            <reference href="not_publicly_available">SLES-15-900150090</reference>
            <reference href="https://docs-prv.pcisecuritystandards.org/PCI%20DSS/Standard/PCI-DSS-v4_0.pdf">2.2.6</reference>
            <reference href="https://docs-prv.pcisecuritystandards.org/PCI%20DSS/Standard/PCI-DSS-v4_0.pdf">2.2</reference>
            <rationale xmlns:xhtml="http://www.w3.org/1999/xhtml" xml:lang="en-US">The <html:code xmlns:html="http://www.w3.org/1999/xhtml">/etc/shadow-</html:code> file is a backup file of <html:code xmlns:html="http://www.w3.org/1999/xhtml">/etc/shadow</html:code>, and as such,
it contains the list of local system accounts and password hashes.
Protection of this file is critical for system security.</rationale>
            <ident system="https://ncp.nist.gov/cce">CCE-91326-9</ident>
            <fix xmlns:xhtml="http://www.w3.org/1999/xhtml" id="file_owner_backup_etc_shadow" system="urn:xccdf:fix:script:sh" complexity="low" disruption="low" strategy="configure">
newown=""
if id "0" &gt;/dev/null 2&gt;&amp;1; then
  newown="0"
fi

if [[ -z "$newown" ]]; then
  &gt;&amp;2 echo "0 is not a defined user on the system"
else
if ! stat -c "%u %U" "/etc/shadow-" | grep -E -w -q "0"; then
    chown --no-dereference "$newown" /etc/shadow-
fi

fi
</fix>
            <fix xmlns:xhtml="http://www.w3.org/1999/xhtml" id="file_owner_backup_etc_shadow" system="urn:xccdf:fix:script:ansible" complexity="low" disruption="low" strategy="configure">- name: Set the file_owner_backup_etc_shadow_newown variable if represented by uid
  ansible.builtin.set_fact:
    file_owner_backup_etc_shadow_newown: '0'
  tags:
  - CCE-91326-9
  - NIST-800-53-AC-6 (1)
  - PCI-DSS-Req-8.7.c
  - PCI-DSSv4-2.2
  - PCI-DSSv4-2.2.6
  - configure_strategy
  - file_owner_backup_etc_shadow
  - low_complexity
  - low_disruption
  - medium_severity
  - no_reboot_needed

- name: Test for existence /etc/shadow-
  ansible.builtin.stat:
    path: /etc/shadow-
  register: file_exists
  tags:
  - CCE-91326-9
  - NIST-800-53-AC-6 (1)
  - PCI-DSS-Req-8.7.c
  - PCI-DSSv4-2.2
  - PCI-DSSv4-2.2.6
  - configure_strategy
  - file_owner_backup_etc_shadow
  - low_complexity
  - low_disruption
  - medium_severity
  - no_reboot_needed

- name: Ensure owner on /etc/shadow-
  ansible.builtin.file:
    path: /etc/shadow-
    follow: false
    owner: '{{ file_owner_backup_etc_shadow_newown }}'
  when: file_exists.stat is defined and file_exists.stat.exists
  tags:
  - CCE-91326-9
  - NIST-800-53-AC-6 (1)
  - PCI-DSS-Req-8.7.c
  - PCI-DSSv4-2.2
  - PCI-DSSv4-2.2.6
  - configure_strategy
  - file_owner_backup_etc_shadow
  - low_complexity
  - low_disruption
  - medium_severity
  - no_reboot_needed
</fix>
            <check system="http://oval.mitre.org/XMLSchema/oval-definitions-5">
              <check-content-ref name="oval:ssg-file_owner_backup_etc_shadow:def:1" href="ssg-sle15-oval.xml"/>
            </check>
            <check system="http://scap.nist.gov/schema/ocil/2">
              <check-content-ref name="ocil:ssg-file_owner_backup_etc_shadow_ocil:questionnaire:1" href="ssg-sle15-ocil.xml"/>
            </check>
          </Rule>
          <Rule id="xccdf_org.ssgproject.content_rule_file_owner_etc_group" selected="false" role="full" severity="medium">
            <title xmlns:xhtml="http://www.w3.org/1999/xhtml" xml:lang="en-US">Verify User Who Owns group File</title>
            <description xmlns:xhtml="http://www.w3.org/1999/xhtml" xml:lang="en-US"> To properly set the owner of <html:code xmlns:html="http://www.w3.org/1999/xhtml">/etc/group</html:code>, run the command:
<html:pre xmlns:html="http://www.w3.org/1999/xhtml">$ sudo chown root /etc/group </html:pre>
        </description>
            <reference href="https://www.cisecurity.org/controls/">12</reference>
            <reference href="https://www.cisecurity.org/controls/">13</reference>
            <reference href="https://www.cisecurity.org/controls/">14</reference>
            <reference href="https://www.cisecurity.org/controls/">15</reference>
            <reference href="https://www.cisecurity.org/controls/">16</reference>
            <reference href="https://www.cisecurity.org/controls/">18</reference>
            <reference href="https://www.cisecurity.org/controls/">3</reference>
            <reference href="https://www.cisecurity.org/controls/">5</reference>
            <reference href="https://www.fbi.gov/file-repository/cjis-security-policy-v5_5_20160601-2-1.pdf">5.5.2.2</reference>
            <reference href="https://www.isaca.org/resources/cobit">APO01.06</reference>
            <reference href="https://www.isaca.org/resources/cobit">DSS05.04</reference>
            <reference href="https://www.isaca.org/resources/cobit">DSS05.07</reference>
            <reference href="https://www.isaca.org/resources/cobit">DSS06.02</reference>
            <reference href="https://www.isa.org/products/isa-62443-2-1-2009-security-for-industrial-automat">4.3.3.7.3</reference>
            <reference href="https://www.isa.org/products/ansi-isa-62443-3-3-99-03-03-2013-security-for-indu">SR 2.1</reference>
            <reference href="https://www.isa.org/products/ansi-isa-62443-3-3-99-03-03-2013-security-for-indu">SR 5.2</reference>
            <reference href="https://www.iso.org/contents/data/standard/05/45/54534.html">A.10.1.1</reference>
            <reference href="https://www.iso.org/contents/data/standard/05/45/54534.html">A.11.1.4</reference>
            <reference href="https://www.iso.org/contents/data/standard/05/45/54534.html">A.11.1.5</reference>
            <reference href="https://www.iso.org/contents/data/standard/05/45/54534.html">A.11.2.1</reference>
            <reference href="https://www.iso.org/contents/data/standard/05/45/54534.html">A.13.1.1</reference>
            <reference href="https://www.iso.org/contents/data/standard/05/45/54534.html">A.13.1.3</reference>
            <reference href="https://www.iso.org/contents/data/standard/05/45/54534.html">A.13.2.1</reference>
            <reference href="https://www.iso.org/contents/data/standard/05/45/54534.html">A.13.2.3</reference>
            <reference href="https://www.iso.org/contents/data/standard/05/45/54534.html">A.13.2.4</reference>
            <reference href="https://www.iso.org/contents/data/standard/05/45/54534.html">A.14.1.2</reference>
            <reference href="https://www.iso.org/contents/data/standard/05/45/54534.html">A.14.1.3</reference>
            <reference href="https://www.iso.org/contents/data/standard/05/45/54534.html">A.6.1.2</reference>
            <reference href="https://www.iso.org/contents/data/standard/05/45/54534.html">A.7.1.1</reference>
            <reference href="https://www.iso.org/contents/data/standard/05/45/54534.html">A.7.1.2</reference>
            <reference href="https://www.iso.org/contents/data/standard/05/45/54534.html">A.7.3.1</reference>
            <reference href="https://www.iso.org/contents/data/standard/05/45/54534.html">A.8.2.2</reference>
            <reference href="https://www.iso.org/contents/data/standard/05/45/54534.html">A.8.2.3</reference>
            <reference href="https://www.iso.org/contents/data/standard/05/45/54534.html">A.9.1.1</reference>
            <reference href="https://www.iso.org/contents/data/standard/05/45/54534.html">A.9.1.2</reference>
            <reference href="https://www.iso.org/contents/data/standard/05/45/54534.html">A.9.2.3</reference>
            <reference href="https://www.iso.org/contents/data/standard/05/45/54534.html">A.9.4.1</reference>
            <reference href="https://www.iso.org/contents/data/standard/05/45/54534.html">A.9.4.4</reference>
            <reference href="https://www.iso.org/contents/data/standard/05/45/54534.html">A.9.4.5</reference>
            <reference href="https://www.nerc.com/standards/reliability-standards/cip">CIP-003-8 R5.1.1</reference>
            <reference href="https://www.nerc.com/standards/reliability-standards/cip">CIP-003-8 R5.3</reference>
            <reference href="https://www.nerc.com/standards/reliability-standards/cip">CIP-004-6 R2.3</reference>
            <reference href="https://www.nerc.com/standards/reliability-standards/cip">CIP-007-3 R2.1</reference>
            <reference href="https://www.nerc.com/standards/reliability-standards/cip">CIP-007-3 R2.2</reference>
            <reference href="https://www.nerc.com/standards/reliability-standards/cip">CIP-007-3 R2.3</reference>
            <reference href="https://www.nerc.com/standards/reliability-standards/cip">CIP-007-3 R5.1</reference>
            <reference href="https://www.nerc.com/standards/reliability-standards/cip">CIP-007-3 R5.1.1</reference>
            <reference href="https://www.nerc.com/standards/reliability-standards/cip">CIP-007-3 R5.1.2</reference>
            <reference href="http://nvlpubs.nist.gov/nistpubs/SpecialPublications/NIST.SP.800-53r4.pdf">CM-6(a)</reference>
            <reference href="http://nvlpubs.nist.gov/nistpubs/SpecialPublications/NIST.SP.800-53r4.pdf">AC-6(1)</reference>
            <reference href="https://nvlpubs.nist.gov/nistpubs/CSWP/NIST.CSWP.04162018.pdf">PR.AC-4</reference>
            <reference href="https://nvlpubs.nist.gov/nistpubs/CSWP/NIST.CSWP.04162018.pdf">PR.DS-5</reference>
            <reference href="https://www.pcisecuritystandards.org/documents/PCI_DSS_v3-2-1.pdf">Req-8.7.c</reference>
            <reference href="https://www.cyber.mil/stigs/downloads/?_dl_facet_stigs=operating-systems%2Cgeneral-purpose-os">SRG-OS-000480-GPOS-00227</reference>
            <reference href="https://www.cisecurity.org/benchmark/suse_linux/">6.1.4</reference>
            <reference href="https://cyber.gouv.fr/sites/default/files/document/linux_configuration-en-v2.pdf">R50</reference>
            <reference href="not_publicly_available">SLES-15-900150045</reference>
            <reference href="https://docs-prv.pcisecuritystandards.org/PCI%20DSS/Standard/PCI-DSS-v4_0.pdf">2.2.6</reference>
            <reference href="https://docs-prv.pcisecuritystandards.org/PCI%20DSS/Standard/PCI-DSS-v4_0.pdf">2.2</reference>
            <rationale xmlns:xhtml="http://www.w3.org/1999/xhtml" xml:lang="en-US">The <html:code xmlns:html="http://www.w3.org/1999/xhtml">/etc/group</html:code> file contains information regarding groups that are configured
on the system. Protection of this file is important for system security.</rationale>
            <ident system="https://ncp.nist.gov/cce">CCE-85802-7</ident>
            <fix xmlns:xhtml="http://www.w3.org/1999/xhtml" id="file_owner_etc_group" system="urn:xccdf:fix:script:sh" complexity="low" disruption="low" strategy="configure">
newown=""
if id "0" &gt;/dev/null 2&gt;&amp;1; then
  newown="0"
fi

if [[ -z "$newown" ]]; then
  &gt;&amp;2 echo "0 is not a defined user on the system"
else
if ! stat -c "%u %U" "/etc/group" | grep -E -w -q "0"; then
    chown --no-dereference "$newown" /etc/group
fi

fi
</fix>
            <fix xmlns:xhtml="http://www.w3.org/1999/xhtml" id="file_owner_etc_group" system="urn:xccdf:fix:script:ansible" complexity="low" disruption="low" strategy="configure">- name: Set the file_owner_etc_group_newown variable if represented by uid
  ansible.builtin.set_fact:
    file_owner_etc_group_newown: '0'
  tags:
  - CCE-85802-7
  - CJIS-5.5.2.2
  - NIST-800-53-AC-6(1)
  - NIST-800-53-CM-6(a)
  - PCI-DSS-Req-8.7.c
  - PCI-DSSv4-2.2
  - PCI-DSSv4-2.2.6
  - configure_strategy
  - file_owner_etc_group
  - low_complexity
  - low_disruption
  - medium_severity
  - no_reboot_needed

- name: Test for existence /etc/group
  ansible.builtin.stat:
    path: /etc/group
  register: file_exists
  tags:
  - CCE-85802-7
  - CJIS-5.5.2.2
  - NIST-800-53-AC-6(1)
  - NIST-800-53-CM-6(a)
  - PCI-DSS-Req-8.7.c
  - PCI-DSSv4-2.2
  - PCI-DSSv4-2.2.6
  - configure_strategy
  - file_owner_etc_group
  - low_complexity
  - low_disruption
  - medium_severity
  - no_reboot_needed

- name: Ensure owner on /etc/group
  ansible.builtin.file:
    path: /etc/group
    follow: false
    owner: '{{ file_owner_etc_group_newown }}'
  when: file_exists.stat is defined and file_exists.stat.exists
  tags:
  - CCE-85802-7
  - CJIS-5.5.2.2
  - NIST-800-53-AC-6(1)
  - NIST-800-53-CM-6(a)
  - PCI-DSS-Req-8.7.c
  - PCI-DSSv4-2.2
  - PCI-DSSv4-2.2.6
  - configure_strategy
  - file_owner_etc_group
  - low_complexity
  - low_disruption
  - medium_severity
  - no_reboot_needed
</fix>
            <check system="http://oval.mitre.org/XMLSchema/oval-definitions-5">
              <check-content-ref name="oval:ssg-file_owner_etc_group:def:1" href="ssg-sle15-oval.xml"/>
            </check>
            <check system="http://scap.nist.gov/schema/ocil/2">
              <check-content-ref name="ocil:ssg-file_owner_etc_group_ocil:questionnaire:1" href="ssg-sle15-ocil.xml"/>
            </check>
          </Rule>
          <Rule id="xccdf_org.ssgproject.content_rule_file_owner_etc_gshadow" selected="false" role="full" severity="medium">
            <title xmlns:xhtml="http://www.w3.org/1999/xhtml" xml:lang="en-US">Verify User Who Owns gshadow File</title>
            <description xmlns:xhtml="http://www.w3.org/1999/xhtml" xml:lang="en-US"> To properly set the owner of <html:code xmlns:html="http://www.w3.org/1999/xhtml">/etc/gshadow</html:code>, run the command:
<html:pre xmlns:html="http://www.w3.org/1999/xhtml">$ sudo chown root /etc/gshadow </html:pre>
        </description>
            <reference href="https://www.cisecurity.org/controls/">12</reference>
            <reference href="https://www.cisecurity.org/controls/">13</reference>
            <reference href="https://www.cisecurity.org/controls/">14</reference>
            <reference href="https://www.cisecurity.org/controls/">15</reference>
            <reference href="https://www.cisecurity.org/controls/">16</reference>
            <reference href="https://www.cisecurity.org/controls/">18</reference>
            <reference href="https://www.cisecurity.org/controls/">3</reference>
            <reference href="https://www.cisecurity.org/controls/">5</reference>
            <reference href="https://www.isaca.org/resources/cobit">APO01.06</reference>
            <reference href="https://www.isaca.org/resources/cobit">DSS05.04</reference>
            <reference href="https://www.isaca.org/resources/cobit">DSS05.07</reference>
            <reference href="https://www.isaca.org/resources/cobit">DSS06.02</reference>
            <reference href="https://www.isa.org/products/isa-62443-2-1-2009-security-for-industrial-automat">4.3.3.7.3</reference>
            <reference href="https://www.isa.org/products/ansi-isa-62443-3-3-99-03-03-2013-security-for-indu">SR 2.1</reference>
            <reference href="https://www.isa.org/products/ansi-isa-62443-3-3-99-03-03-2013-security-for-indu">SR 5.2</reference>
            <reference href="https://www.iso.org/contents/data/standard/05/45/54534.html">A.10.1.1</reference>
            <reference href="https://www.iso.org/contents/data/standard/05/45/54534.html">A.11.1.4</reference>
            <reference href="https://www.iso.org/contents/data/standard/05/45/54534.html">A.11.1.5</reference>
            <reference href="https://www.iso.org/contents/data/standard/05/45/54534.html">A.11.2.1</reference>
            <reference href="https://www.iso.org/contents/data/standard/05/45/54534.html">A.13.1.1</reference>
            <reference href="https://www.iso.org/contents/data/standard/05/45/54534.html">A.13.1.3</reference>
            <reference href="https://www.iso.org/contents/data/standard/05/45/54534.html">A.13.2.1</reference>
            <reference href="https://www.iso.org/contents/data/standard/05/45/54534.html">A.13.2.3</reference>
            <reference href="https://www.iso.org/contents/data/standard/05/45/54534.html">A.13.2.4</reference>
            <reference href="https://www.iso.org/contents/data/standard/05/45/54534.html">A.14.1.2</reference>
            <reference href="https://www.iso.org/contents/data/standard/05/45/54534.html">A.14.1.3</reference>
            <reference href="https://www.iso.org/contents/data/standard/05/45/54534.html">A.6.1.2</reference>
            <reference href="https://www.iso.org/contents/data/standard/05/45/54534.html">A.7.1.1</reference>
            <reference href="https://www.iso.org/contents/data/standard/05/45/54534.html">A.7.1.2</reference>
            <reference href="https://www.iso.org/contents/data/standard/05/45/54534.html">A.7.3.1</reference>
            <reference href="https://www.iso.org/contents/data/standard/05/45/54534.html">A.8.2.2</reference>
            <reference href="https://www.iso.org/contents/data/standard/05/45/54534.html">A.8.2.3</reference>
            <reference href="https://www.iso.org/contents/data/standard/05/45/54534.html">A.9.1.1</reference>
            <reference href="https://www.iso.org/contents/data/standard/05/45/54534.html">A.9.1.2</reference>
            <reference href="https://www.iso.org/contents/data/standard/05/45/54534.html">A.9.2.3</reference>
            <reference href="https://www.iso.org/contents/data/standard/05/45/54534.html">A.9.4.1</reference>
            <reference href="https://www.iso.org/contents/data/standard/05/45/54534.html">A.9.4.4</reference>
            <reference href="https://www.iso.org/contents/data/standard/05/45/54534.html">A.9.4.5</reference>
            <reference href="https://www.nerc.com/standards/reliability-standards/cip">CIP-003-8 R5.1.1</reference>
            <reference href="https://www.nerc.com/standards/reliability-standards/cip">CIP-003-8 R5.3</reference>
            <reference href="https://www.nerc.com/standards/reliability-standards/cip">CIP-004-6 R2.3</reference>
            <reference href="https://www.nerc.com/standards/reliability-standards/cip">CIP-007-3 R2.1</reference>
            <reference href="https://www.nerc.com/standards/reliability-standards/cip">CIP-007-3 R2.2</reference>
            <reference href="https://www.nerc.com/standards/reliability-standards/cip">CIP-007-3 R2.3</reference>
            <reference href="https://www.nerc.com/standards/reliability-standards/cip">CIP-007-3 R5.1</reference>
            <reference href="https://www.nerc.com/standards/reliability-standards/cip">CIP-007-3 R5.1.1</reference>
            <reference href="https://www.nerc.com/standards/reliability-standards/cip">CIP-007-3 R5.1.2</reference>
            <reference href="http://nvlpubs.nist.gov/nistpubs/SpecialPublications/NIST.SP.800-53r4.pdf">CM-6(a)</reference>
            <reference href="http://nvlpubs.nist.gov/nistpubs/SpecialPublications/NIST.SP.800-53r4.pdf">AC-6(1)</reference>
            <reference href="https://nvlpubs.nist.gov/nistpubs/CSWP/NIST.CSWP.04162018.pdf">PR.AC-4</reference>
            <reference href="https://nvlpubs.nist.gov/nistpubs/CSWP/NIST.CSWP.04162018.pdf">PR.DS-5</reference>
            <reference href="https://www.cyber.mil/stigs/downloads/?_dl_facet_stigs=operating-systems%2Cgeneral-purpose-os">SRG-OS-000480-GPOS-00227</reference>
            <reference href="https://www.cisecurity.org/benchmark/suse_linux/">6.1.2</reference>
            <reference href="https://cyber.gouv.fr/sites/default/files/document/linux_configuration-en-v2.pdf">R50</reference>
            <reference href="not_publicly_available">SLES-15-900150015</reference>
            <reference href="not_publicly_available">SLES-15-900150105</reference>
            <rationale xmlns:xhtml="http://www.w3.org/1999/xhtml" xml:lang="en-US">The <html:code xmlns:html="http://www.w3.org/1999/xhtml">/etc/gshadow</html:code> file contains group password hashes. Protection of this file
is critical for system security.</rationale>
            <ident system="https://ncp.nist.gov/cce">CCE-91230-3</ident>
            <fix xmlns:xhtml="http://www.w3.org/1999/xhtml" id="file_owner_etc_gshadow" system="urn:xccdf:fix:script:sh" complexity="low" disruption="low" strategy="configure">
newown=""
if id "0" &gt;/dev/null 2&gt;&amp;1; then
  newown="0"
fi

if [[ -z "$newown" ]]; then
  &gt;&amp;2 echo "0 is not a defined user on the system"
else
if ! stat -c "%u %U" "/etc/gshadow" | grep -E -w -q "0"; then
    chown --no-dereference "$newown" /etc/gshadow
fi

fi
</fix>
            <fix xmlns:xhtml="http://www.w3.org/1999/xhtml" id="file_owner_etc_gshadow" system="urn:xccdf:fix:script:ansible" complexity="low" disruption="low" strategy="configure">- name: Set the file_owner_etc_gshadow_newown variable if represented by uid
  ansible.builtin.set_fact:
    file_owner_etc_gshadow_newown: '0'
  tags:
  - CCE-91230-3
  - NIST-800-53-AC-6(1)
  - NIST-800-53-CM-6(a)
  - configure_strategy
  - file_owner_etc_gshadow
  - low_complexity
  - low_disruption
  - medium_severity
  - no_reboot_needed

- name: Test for existence /etc/gshadow
  ansible.builtin.stat:
    path: /etc/gshadow
  register: file_exists
  tags:
  - CCE-91230-3
  - NIST-800-53-AC-6(1)
  - NIST-800-53-CM-6(a)
  - configure_strategy
  - file_owner_etc_gshadow
  - low_complexity
  - low_disruption
  - medium_severity
  - no_reboot_needed

- name: Ensure owner on /etc/gshadow
  ansible.builtin.file:
    path: /etc/gshadow
    follow: false
    owner: '{{ file_owner_etc_gshadow_newown }}'
  when: file_exists.stat is defined and file_exists.stat.exists
  tags:
  - CCE-91230-3
  - NIST-800-53-AC-6(1)
  - NIST-800-53-CM-6(a)
  - configure_strategy
  - file_owner_etc_gshadow
  - low_complexity
  - low_disruption
  - medium_severity
  - no_reboot_needed
</fix>
            <check system="http://oval.mitre.org/XMLSchema/oval-definitions-5">
              <check-content-ref name="oval:ssg-file_owner_etc_gshadow:def:1" href="ssg-sle15-oval.xml"/>
            </check>
            <check system="http://scap.nist.gov/schema/ocil/2">
              <check-content-ref name="ocil:ssg-file_owner_etc_gshadow_ocil:questionnaire:1" href="ssg-sle15-ocil.xml"/>
            </check>
          </Rule>
          <Rule id="xccdf_org.ssgproject.content_rule_file_owner_etc_passwd" selected="false" role="full" severity="medium">
            <title xmlns:xhtml="http://www.w3.org/1999/xhtml" xml:lang="en-US">Verify User Who Owns passwd File</title>
            <description xmlns:xhtml="http://www.w3.org/1999/xhtml" xml:lang="en-US"> To properly set the owner of <html:code xmlns:html="http://www.w3.org/1999/xhtml">/etc/passwd</html:code>, run the command:
<html:pre xmlns:html="http://www.w3.org/1999/xhtml">$ sudo chown root /etc/passwd </html:pre>
        </description>
            <reference href="https://www.cisecurity.org/controls/">12</reference>
            <reference href="https://www.cisecurity.org/controls/">13</reference>
            <reference href="https://www.cisecurity.org/controls/">14</reference>
            <reference href="https://www.cisecurity.org/controls/">15</reference>
            <reference href="https://www.cisecurity.org/controls/">16</reference>
            <reference href="https://www.cisecurity.org/controls/">18</reference>
            <reference href="https://www.cisecurity.org/controls/">3</reference>
            <reference href="https://www.cisecurity.org/controls/">5</reference>
            <reference href="https://www.fbi.gov/file-repository/cjis-security-policy-v5_5_20160601-2-1.pdf">5.5.2.2</reference>
            <reference href="https://www.isaca.org/resources/cobit">APO01.06</reference>
            <reference href="https://www.isaca.org/resources/cobit">DSS05.04</reference>
            <reference href="https://www.isaca.org/resources/cobit">DSS05.07</reference>
            <reference href="https://www.isaca.org/resources/cobit">DSS06.02</reference>
            <reference href="https://www.isa.org/products/isa-62443-2-1-2009-security-for-industrial-automat">4.3.3.7.3</reference>
            <reference href="https://www.isa.org/products/ansi-isa-62443-3-3-99-03-03-2013-security-for-indu">SR 2.1</reference>
            <reference href="https://www.isa.org/products/ansi-isa-62443-3-3-99-03-03-2013-security-for-indu">SR 5.2</reference>
            <reference href="https://www.iso.org/contents/data/standard/05/45/54534.html">A.10.1.1</reference>
            <reference href="https://www.iso.org/contents/data/standard/05/45/54534.html">A.11.1.4</reference>
            <reference href="https://www.iso.org/contents/data/standard/05/45/54534.html">A.11.1.5</reference>
            <reference href="https://www.iso.org/contents/data/standard/05/45/54534.html">A.11.2.1</reference>
            <reference href="https://www.iso.org/contents/data/standard/05/45/54534.html">A.13.1.1</reference>
            <reference href="https://www.iso.org/contents/data/standard/05/45/54534.html">A.13.1.3</reference>
            <reference href="https://www.iso.org/contents/data/standard/05/45/54534.html">A.13.2.1</reference>
            <reference href="https://www.iso.org/contents/data/standard/05/45/54534.html">A.13.2.3</reference>
            <reference href="https://www.iso.org/contents/data/standard/05/45/54534.html">A.13.2.4</reference>
            <reference href="https://www.iso.org/contents/data/standard/05/45/54534.html">A.14.1.2</reference>
            <reference href="https://www.iso.org/contents/data/standard/05/45/54534.html">A.14.1.3</reference>
            <reference href="https://www.iso.org/contents/data/standard/05/45/54534.html">A.6.1.2</reference>
            <reference href="https://www.iso.org/contents/data/standard/05/45/54534.html">A.7.1.1</reference>
            <reference href="https://www.iso.org/contents/data/standard/05/45/54534.html">A.7.1.2</reference>
            <reference href="https://www.iso.org/contents/data/standard/05/45/54534.html">A.7.3.1</reference>
            <reference href="https://www.iso.org/contents/data/standard/05/45/54534.html">A.8.2.2</reference>
            <reference href="https://www.iso.org/contents/data/standard/05/45/54534.html">A.8.2.3</reference>
            <reference href="https://www.iso.org/contents/data/standard/05/45/54534.html">A.9.1.1</reference>
            <reference href="https://www.iso.org/contents/data/standard/05/45/54534.html">A.9.1.2</reference>
            <reference href="https://www.iso.org/contents/data/standard/05/45/54534.html">A.9.2.3</reference>
            <reference href="https://www.iso.org/contents/data/standard/05/45/54534.html">A.9.4.1</reference>
            <reference href="https://www.iso.org/contents/data/standard/05/45/54534.html">A.9.4.4</reference>
            <reference href="https://www.iso.org/contents/data/standard/05/45/54534.html">A.9.4.5</reference>
            <reference href="https://www.nerc.com/standards/reliability-standards/cip">CIP-003-8 R5.1.1</reference>
            <reference href="https://www.nerc.com/standards/reliability-standards/cip">CIP-003-8 R5.3</reference>
            <reference href="https://www.nerc.com/standards/reliability-standards/cip">CIP-004-6 R2.3</reference>
            <reference href="https://www.nerc.com/standards/reliability-standards/cip">CIP-007-3 R2.1</reference>
            <reference href="https://www.nerc.com/standards/reliability-standards/cip">CIP-007-3 R2.2</reference>
            <reference href="https://www.nerc.com/standards/reliability-standards/cip">CIP-007-3 R2.3</reference>
            <reference href="https://www.nerc.com/standards/reliability-standards/cip">CIP-007-3 R5.1</reference>
            <reference href="https://www.nerc.com/standards/reliability-standards/cip">CIP-007-3 R5.1.1</reference>
            <reference href="https://www.nerc.com/standards/reliability-standards/cip">CIP-007-3 R5.1.2</reference>
            <reference href="http://nvlpubs.nist.gov/nistpubs/SpecialPublications/NIST.SP.800-53r4.pdf">CM-6(a)</reference>
            <reference href="http://nvlpubs.nist.gov/nistpubs/SpecialPublications/NIST.SP.800-53r4.pdf">AC-6(1)</reference>
            <reference href="https://nvlpubs.nist.gov/nistpubs/CSWP/NIST.CSWP.04162018.pdf">PR.AC-4</reference>
            <reference href="https://nvlpubs.nist.gov/nistpubs/CSWP/NIST.CSWP.04162018.pdf">PR.DS-5</reference>
            <reference href="https://www.pcisecuritystandards.org/documents/PCI_DSS_v3-2-1.pdf">Req-8.7.c</reference>
            <reference href="https://www.cyber.mil/stigs/downloads/?_dl_facet_stigs=operating-systems%2Cgeneral-purpose-os">SRG-OS-000480-GPOS-00227</reference>
            <reference href="https://www.cisecurity.org/benchmark/suse_linux/">6.1.2</reference>
            <reference href="https://cyber.gouv.fr/sites/default/files/document/linux_configuration-en-v2.pdf">R50</reference>
            <reference href="not_publicly_available">SLES-15-900150015</reference>
            <reference href="https://docs-prv.pcisecuritystandards.org/PCI%20DSS/Standard/PCI-DSS-v4_0.pdf">2.2.6</reference>
            <reference href="https://docs-prv.pcisecuritystandards.org/PCI%20DSS/Standard/PCI-DSS-v4_0.pdf">2.2</reference>
            <rationale xmlns:xhtml="http://www.w3.org/1999/xhtml" xml:lang="en-US">The <html:code xmlns:html="http://www.w3.org/1999/xhtml">/etc/passwd</html:code> file contains information about the users that are configured on
the system. Protection of this file is critical for system security.</rationale>
            <ident system="https://ncp.nist.gov/cce">CCE-85806-8</ident>
            <fix xmlns:xhtml="http://www.w3.org/1999/xhtml" id="file_owner_etc_passwd" system="urn:xccdf:fix:script:sh" complexity="low" disruption="low" strategy="configure">
newown=""
if id "0" &gt;/dev/null 2&gt;&amp;1; then
  newown="0"
fi

if [[ -z "$newown" ]]; then
  &gt;&amp;2 echo "0 is not a defined user on the system"
else
if ! stat -c "%u %U" "/etc/passwd" | grep -E -w -q "0"; then
    chown --no-dereference "$newown" /etc/passwd
fi

fi
</fix>
            <fix xmlns:xhtml="http://www.w3.org/1999/xhtml" id="file_owner_etc_passwd" system="urn:xccdf:fix:script:ansible" complexity="low" disruption="low" strategy="configure">- name: Set the file_owner_etc_passwd_newown variable if represented by uid
  ansible.builtin.set_fact:
    file_owner_etc_passwd_newown: '0'
  tags:
  - CCE-85806-8
  - CJIS-5.5.2.2
  - NIST-800-53-AC-6(1)
  - NIST-800-53-CM-6(a)
  - PCI-DSS-Req-8.7.c
  - PCI-DSSv4-2.2
  - PCI-DSSv4-2.2.6
  - configure_strategy
  - file_owner_etc_passwd
  - low_complexity
  - low_disruption
  - medium_severity
  - no_reboot_needed

- name: Test for existence /etc/passwd
  ansible.builtin.stat:
    path: /etc/passwd
  register: file_exists
  tags:
  - CCE-85806-8
  - CJIS-5.5.2.2
  - NIST-800-53-AC-6(1)
  - NIST-800-53-CM-6(a)
  - PCI-DSS-Req-8.7.c
  - PCI-DSSv4-2.2
  - PCI-DSSv4-2.2.6
  - configure_strategy
  - file_owner_etc_passwd
  - low_complexity
  - low_disruption
  - medium_severity
  - no_reboot_needed

- name: Ensure owner on /etc/passwd
  ansible.builtin.file:
    path: /etc/passwd
    follow: false
    owner: '{{ file_owner_etc_passwd_newown }}'
  when: file_exists.stat is defined and file_exists.stat.exists
  tags:
  - CCE-85806-8
  - CJIS-5.5.2.2
  - NIST-800-53-AC-6(1)
  - NIST-800-53-CM-6(a)
  - PCI-DSS-Req-8.7.c
  - PCI-DSSv4-2.2
  - PCI-DSSv4-2.2.6
  - configure_strategy
  - file_owner_etc_passwd
  - low_complexity
  - low_disruption
  - medium_severity
  - no_reboot_needed
</fix>
            <check system="http://oval.mitre.org/XMLSchema/oval-definitions-5">
              <check-content-ref name="oval:ssg-file_owner_etc_passwd:def:1" href="ssg-sle15-oval.xml"/>
            </check>
            <check system="http://scap.nist.gov/schema/ocil/2">
              <check-content-ref name="ocil:ssg-file_owner_etc_passwd_ocil:questionnaire:1" href="ssg-sle15-ocil.xml"/>
            </check>
          </Rule>
          <Rule id="xccdf_org.ssgproject.content_rule_file_owner_etc_security_opasswd" selected="false" role="full" severity="medium">
            <title xmlns:xhtml="http://www.w3.org/1999/xhtml" xml:lang="en-US">Verify User Who Owns /etc/security/opasswd File</title>
            <description xmlns:xhtml="http://www.w3.org/1999/xhtml" xml:lang="en-US"> To properly set the owner of <html:code xmlns:html="http://www.w3.org/1999/xhtml">/etc/security/opasswd</html:code>, run the command:
<html:pre xmlns:html="http://www.w3.org/1999/xhtml">$ sudo chown root /etc/security/opasswd </html:pre>
        </description>
            <reference href="not_publicly_available">SLES-15-900150150</reference>
            <rationale xmlns:xhtml="http://www.w3.org/1999/xhtml" xml:lang="en-US">The <html:code xmlns:html="http://www.w3.org/1999/xhtml">/etc/security/opasswd</html:code> file stores old passwords to prevent
password reuse. Protection of this file is critical for system security.</rationale>
            <ident system="https://ncp.nist.gov/cce">CCE-92545-3</ident>
            <fix xmlns:xhtml="http://www.w3.org/1999/xhtml" id="file_owner_etc_security_opasswd" system="urn:xccdf:fix:script:sh" complexity="low" disruption="low" strategy="configure">
newown=""
if id "0" &gt;/dev/null 2&gt;&amp;1; then
  newown="0"
fi

if [[ -z "$newown" ]]; then
  &gt;&amp;2 echo "0 is not a defined user on the system"
else
if ! stat -c "%u %U" "/etc/security/opasswd" | grep -E -w -q "0"; then
    chown --no-dereference "$newown" /etc/security/opasswd
fi

fi
</fix>
            <fix xmlns:xhtml="http://www.w3.org/1999/xhtml" id="file_owner_etc_security_opasswd" system="urn:xccdf:fix:script:ansible" complexity="low" disruption="low" strategy="configure">- name: Set the file_owner_etc_security_opasswd_newown variable if represented by
    uid
  ansible.builtin.set_fact:
    file_owner_etc_security_opasswd_newown: '0'
  tags:
  - CCE-92545-3
  - configure_strategy
  - file_owner_etc_security_opasswd
  - low_complexity
  - low_disruption
  - medium_severity
  - no_reboot_needed

- name: Test for existence /etc/security/opasswd
  ansible.builtin.stat:
    path: /etc/security/opasswd
  register: file_exists
  tags:
  - CCE-92545-3
  - configure_strategy
  - file_owner_etc_security_opasswd
  - low_complexity
  - low_disruption
  - medium_severity
  - no_reboot_needed

- name: Ensure owner on /etc/security/opasswd
  ansible.builtin.file:
    path: /etc/security/opasswd
    follow: false
    owner: '{{ file_owner_etc_security_opasswd_newown }}'
  when: file_exists.stat is defined and file_exists.stat.exists
  tags:
  - CCE-92545-3
  - configure_strategy
  - file_owner_etc_security_opasswd
  - low_complexity
  - low_disruption
  - medium_severity
  - no_reboot_needed
</fix>
            <check system="http://oval.mitre.org/XMLSchema/oval-definitions-5">
              <check-content-ref name="oval:ssg-file_owner_etc_security_opasswd:def:1" href="ssg-sle15-oval.xml"/>
            </check>
            <check system="http://scap.nist.gov/schema/ocil/2">
              <check-content-ref name="ocil:ssg-file_owner_etc_security_opasswd_ocil:questionnaire:1" href="ssg-sle15-ocil.xml"/>
            </check>
          </Rule>
          <Rule id="xccdf_org.ssgproject.content_rule_file_owner_etc_security_opasswd_old" selected="false" role="full" severity="medium">
            <title xmlns:xhtml="http://www.w3.org/1999/xhtml" xml:lang="en-US">Verify User Who Owns /etc/security/opasswd.old File</title>
            <description xmlns:xhtml="http://www.w3.org/1999/xhtml" xml:lang="en-US"> To properly set the owner of <html:code xmlns:html="http://www.w3.org/1999/xhtml">/etc/security/opasswd.old</html:code>, run the command:
<html:pre xmlns:html="http://www.w3.org/1999/xhtml">$ sudo chown root /etc/security/opasswd.old </html:pre>
        </description>
            <reference href="not_publicly_available">SLES-15-900150150</reference>
            <rationale xmlns:xhtml="http://www.w3.org/1999/xhtml" xml:lang="en-US">The <html:code xmlns:html="http://www.w3.org/1999/xhtml">/etc/security/opasswd.old</html:code> file stores backups of old passwords to prevent
password reuse. Protection of this file is critical for system security.</rationale>
            <ident system="https://ncp.nist.gov/cce">CCE-92546-1</ident>
            <fix xmlns:xhtml="http://www.w3.org/1999/xhtml" id="file_owner_etc_security_opasswd_old" system="urn:xccdf:fix:script:sh" complexity="low" disruption="low" strategy="configure">
newown=""
if id "0" &gt;/dev/null 2&gt;&amp;1; then
  newown="0"
fi

if [[ -z "$newown" ]]; then
  &gt;&amp;2 echo "0 is not a defined user on the system"
else
if ! stat -c "%u %U" "/etc/security/opasswd.old" | grep -E -w -q "0"; then
    chown --no-dereference "$newown" /etc/security/opasswd.old
fi

fi
</fix>
            <fix xmlns:xhtml="http://www.w3.org/1999/xhtml" id="file_owner_etc_security_opasswd_old" system="urn:xccdf:fix:script:ansible" complexity="low" disruption="low" strategy="configure">- name: Set the file_owner_etc_security_opasswd_old_newown variable if represented
    by uid
  ansible.builtin.set_fact:
    file_owner_etc_security_opasswd_old_newown: '0'
  tags:
  - CCE-92546-1
  - configure_strategy
  - file_owner_etc_security_opasswd_old
  - low_complexity
  - low_disruption
  - medium_severity
  - no_reboot_needed

- name: Test for existence /etc/security/opasswd.old
  ansible.builtin.stat:
    path: /etc/security/opasswd.old
  register: file_exists
  tags:
  - CCE-92546-1
  - configure_strategy
  - file_owner_etc_security_opasswd_old
  - low_complexity
  - low_disruption
  - medium_severity
  - no_reboot_needed

- name: Ensure owner on /etc/security/opasswd.old
  ansible.builtin.file:
    path: /etc/security/opasswd.old
    follow: false
    owner: '{{ file_owner_etc_security_opasswd_old_newown }}'
  when: file_exists.stat is defined and file_exists.stat.exists
  tags:
  - CCE-92546-1
  - configure_strategy
  - file_owner_etc_security_opasswd_old
  - low_complexity
  - low_disruption
  - medium_severity
  - no_reboot_needed
</fix>
            <check system="http://oval.mitre.org/XMLSchema/oval-definitions-5">
              <check-content-ref name="oval:ssg-file_owner_etc_security_opasswd_old:def:1" href="ssg-sle15-oval.xml"/>
            </check>
            <check system="http://scap.nist.gov/schema/ocil/2">
              <check-content-ref name="ocil:ssg-file_owner_etc_security_opasswd_old_ocil:questionnaire:1" href="ssg-sle15-ocil.xml"/>
            </check>
          </Rule>
          <Rule id="xccdf_org.ssgproject.content_rule_file_owner_etc_shadow" selected="false" role="full" severity="medium">
            <title xmlns:xhtml="http://www.w3.org/1999/xhtml" xml:lang="en-US">Verify User Who Owns shadow File</title>
            <description xmlns:xhtml="http://www.w3.org/1999/xhtml" xml:lang="en-US"> To properly set the owner of <html:code xmlns:html="http://www.w3.org/1999/xhtml">/etc/shadow</html:code>, run the command:
<html:pre xmlns:html="http://www.w3.org/1999/xhtml">$ sudo chown root /etc/shadow </html:pre>
        </description>
            <reference href="https://www.cisecurity.org/controls/">12</reference>
            <reference href="https://www.cisecurity.org/controls/">13</reference>
            <reference href="https://www.cisecurity.org/controls/">14</reference>
            <reference href="https://www.cisecurity.org/controls/">15</reference>
            <reference href="https://www.cisecurity.org/controls/">16</reference>
            <reference href="https://www.cisecurity.org/controls/">18</reference>
            <reference href="https://www.cisecurity.org/controls/">3</reference>
            <reference href="https://www.cisecurity.org/controls/">5</reference>
            <reference href="https://www.fbi.gov/file-repository/cjis-security-policy-v5_5_20160601-2-1.pdf">5.5.2.2</reference>
            <reference href="https://www.isaca.org/resources/cobit">APO01.06</reference>
            <reference href="https://www.isaca.org/resources/cobit">DSS05.04</reference>
            <reference href="https://www.isaca.org/resources/cobit">DSS05.07</reference>
            <reference href="https://www.isaca.org/resources/cobit">DSS06.02</reference>
            <reference href="https://www.isa.org/products/isa-62443-2-1-2009-security-for-industrial-automat">4.3.3.7.3</reference>
            <reference href="https://www.isa.org/products/ansi-isa-62443-3-3-99-03-03-2013-security-for-indu">SR 2.1</reference>
            <reference href="https://www.isa.org/products/ansi-isa-62443-3-3-99-03-03-2013-security-for-indu">SR 5.2</reference>
            <reference href="https://www.iso.org/contents/data/standard/05/45/54534.html">A.10.1.1</reference>
            <reference href="https://www.iso.org/contents/data/standard/05/45/54534.html">A.11.1.4</reference>
            <reference href="https://www.iso.org/contents/data/standard/05/45/54534.html">A.11.1.5</reference>
            <reference href="https://www.iso.org/contents/data/standard/05/45/54534.html">A.11.2.1</reference>
            <reference href="https://www.iso.org/contents/data/standard/05/45/54534.html">A.13.1.1</reference>
            <reference href="https://www.iso.org/contents/data/standard/05/45/54534.html">A.13.1.3</reference>
            <reference href="https://www.iso.org/contents/data/standard/05/45/54534.html">A.13.2.1</reference>
            <reference href="https://www.iso.org/contents/data/standard/05/45/54534.html">A.13.2.3</reference>
            <reference href="https://www.iso.org/contents/data/standard/05/45/54534.html">A.13.2.4</reference>
            <reference href="https://www.iso.org/contents/data/standard/05/45/54534.html">A.14.1.2</reference>
            <reference href="https://www.iso.org/contents/data/standard/05/45/54534.html">A.14.1.3</reference>
            <reference href="https://www.iso.org/contents/data/standard/05/45/54534.html">A.6.1.2</reference>
            <reference href="https://www.iso.org/contents/data/standard/05/45/54534.html">A.7.1.1</reference>
            <reference href="https://www.iso.org/contents/data/standard/05/45/54534.html">A.7.1.2</reference>
            <reference href="https://www.iso.org/contents/data/standard/05/45/54534.html">A.7.3.1</reference>
            <reference href="https://www.iso.org/contents/data/standard/05/45/54534.html">A.8.2.2</reference>
            <reference href="https://www.iso.org/contents/data/standard/05/45/54534.html">A.8.2.3</reference>
            <reference href="https://www.iso.org/contents/data/standard/05/45/54534.html">A.9.1.1</reference>
            <reference href="https://www.iso.org/contents/data/standard/05/45/54534.html">A.9.1.2</reference>
            <reference href="https://www.iso.org/contents/data/standard/05/45/54534.html">A.9.2.3</reference>
            <reference href="https://www.iso.org/contents/data/standard/05/45/54534.html">A.9.4.1</reference>
            <reference href="https://www.iso.org/contents/data/standard/05/45/54534.html">A.9.4.4</reference>
            <reference href="https://www.iso.org/contents/data/standard/05/45/54534.html">A.9.4.5</reference>
            <reference href="https://www.nerc.com/standards/reliability-standards/cip">CIP-003-8 R5.1.1</reference>
            <reference href="https://www.nerc.com/standards/reliability-standards/cip">CIP-003-8 R5.3</reference>
            <reference href="https://www.nerc.com/standards/reliability-standards/cip">CIP-004-6 R2.3</reference>
            <reference href="https://www.nerc.com/standards/reliability-standards/cip">CIP-007-3 R2.1</reference>
            <reference href="https://www.nerc.com/standards/reliability-standards/cip">CIP-007-3 R2.2</reference>
            <reference href="https://www.nerc.com/standards/reliability-standards/cip">CIP-007-3 R2.3</reference>
            <reference href="https://www.nerc.com/standards/reliability-standards/cip">CIP-007-3 R5.1</reference>
            <reference href="https://www.nerc.com/standards/reliability-standards/cip">CIP-007-3 R5.1.1</reference>
            <reference href="https://www.nerc.com/standards/reliability-standards/cip">CIP-007-3 R5.1.2</reference>
            <reference href="http://nvlpubs.nist.gov/nistpubs/SpecialPublications/NIST.SP.800-53r4.pdf">CM-6(a)</reference>
            <reference href="http://nvlpubs.nist.gov/nistpubs/SpecialPublications/NIST.SP.800-53r4.pdf">AC-6(1)</reference>
            <reference href="https://nvlpubs.nist.gov/nistpubs/CSWP/NIST.CSWP.04162018.pdf">PR.AC-4</reference>
            <reference href="https://nvlpubs.nist.gov/nistpubs/CSWP/NIST.CSWP.04162018.pdf">PR.DS-5</reference>
            <reference href="https://www.pcisecuritystandards.org/documents/PCI_DSS_v3-2-1.pdf">Req-8.7.c</reference>
            <reference href="https://www.cyber.mil/stigs/downloads/?_dl_facet_stigs=operating-systems%2Cgeneral-purpose-os">SRG-OS-000480-GPOS-00227</reference>
            <reference href="https://www.cisecurity.org/benchmark/suse_linux/">6.1.3</reference>
            <reference href="https://cyber.gouv.fr/sites/default/files/document/linux_configuration-en-v2.pdf">R50</reference>
            <reference href="not_publicly_available">SLES-15-900150075</reference>
            <reference href="https://docs-prv.pcisecuritystandards.org/PCI%20DSS/Standard/PCI-DSS-v4_0.pdf">2.2.6</reference>
            <reference href="https://docs-prv.pcisecuritystandards.org/PCI%20DSS/Standard/PCI-DSS-v4_0.pdf">2.2</reference>
            <rationale xmlns:xhtml="http://www.w3.org/1999/xhtml" xml:lang="en-US">The <html:code xmlns:html="http://www.w3.org/1999/xhtml">/etc/shadow</html:code> file contains the list of local
system accounts and stores password hashes. Protection of this file is
critical for system security. Failure to give ownership of this file
to root provides the designated owner with access to sensitive information
which could weaken the system security posture.</rationale>
            <ident system="https://ncp.nist.gov/cce">CCE-85807-6</ident>
            <fix xmlns:xhtml="http://www.w3.org/1999/xhtml" id="file_owner_etc_shadow" system="urn:xccdf:fix:script:sh" complexity="low" disruption="low" strategy="configure">
newown=""
if id "0" &gt;/dev/null 2&gt;&amp;1; then
  newown="0"
fi

if [[ -z "$newown" ]]; then
  &gt;&amp;2 echo "0 is not a defined user on the system"
else
if ! stat -c "%u %U" "/etc/shadow" | grep -E -w -q "0"; then
    chown --no-dereference "$newown" /etc/shadow
fi

fi
</fix>
            <fix xmlns:xhtml="http://www.w3.org/1999/xhtml" id="file_owner_etc_shadow" system="urn:xccdf:fix:script:ansible" complexity="low" disruption="low" strategy="configure">- name: Set the file_owner_etc_shadow_newown variable if represented by uid
  ansible.builtin.set_fact:
    file_owner_etc_shadow_newown: '0'
  tags:
  - CCE-85807-6
  - CJIS-5.5.2.2
  - NIST-800-53-AC-6(1)
  - NIST-800-53-CM-6(a)
  - PCI-DSS-Req-8.7.c
  - PCI-DSSv4-2.2
  - PCI-DSSv4-2.2.6
  - configure_strategy
  - file_owner_etc_shadow
  - low_complexity
  - low_disruption
  - medium_severity
  - no_reboot_needed

- name: Test for existence /etc/shadow
  ansible.builtin.stat:
    path: /etc/shadow
  register: file_exists
  tags:
  - CCE-85807-6
  - CJIS-5.5.2.2
  - NIST-800-53-AC-6(1)
  - NIST-800-53-CM-6(a)
  - PCI-DSS-Req-8.7.c
  - PCI-DSSv4-2.2
  - PCI-DSSv4-2.2.6
  - configure_strategy
  - file_owner_etc_shadow
  - low_complexity
  - low_disruption
  - medium_severity
  - no_reboot_needed

- name: Ensure owner on /etc/shadow
  ansible.builtin.file:
    path: /etc/shadow
    follow: false
    owner: '{{ file_owner_etc_shadow_newown }}'
  when: file_exists.stat is defined and file_exists.stat.exists
  tags:
  - CCE-85807-6
  - CJIS-5.5.2.2
  - NIST-800-53-AC-6(1)
  - NIST-800-53-CM-6(a)
  - PCI-DSS-Req-8.7.c
  - PCI-DSSv4-2.2
  - PCI-DSSv4-2.2.6
  - configure_strategy
  - file_owner_etc_shadow
  - low_complexity
  - low_disruption
  - medium_severity
  - no_reboot_needed
</fix>
            <check system="http://oval.mitre.org/XMLSchema/oval-definitions-5">
              <check-content-ref name="oval:ssg-file_owner_etc_shadow:def:1" href="ssg-sle15-oval.xml"/>
            </check>
            <check system="http://scap.nist.gov/schema/ocil/2">
              <check-content-ref name="ocil:ssg-file_owner_etc_shadow_ocil:questionnaire:1" href="ssg-sle15-ocil.xml"/>
            </check>
          </Rule>
          <Rule id="xccdf_org.ssgproject.content_rule_file_owner_etc_shells" selected="false" role="full" severity="medium">
            <title xmlns:xhtml="http://www.w3.org/1999/xhtml" xml:lang="en-US">Verify Who Owns /etc/shells File</title>
            <description xmlns:xhtml="http://www.w3.org/1999/xhtml" xml:lang="en-US">
To properly set the owner of <html:code xmlns:html="http://www.w3.org/1999/xhtml">/etc/shells</html:code>, run the command:

  <html:pre xmlns:html="http://www.w3.org/1999/xhtml">$ sudo chown root /etc/shells </html:pre>
        </description>
            <reference href="http://nvlpubs.nist.gov/nistpubs/SpecialPublications/NIST.SP.800-53r4.pdf">AC-3</reference>
            <reference href="http://nvlpubs.nist.gov/nistpubs/SpecialPublications/NIST.SP.800-53r4.pdf">MP-2</reference>
            <reference href="https://cyber.gouv.fr/sites/default/files/document/linux_configuration-en-v2.pdf">R50</reference>
            <reference href="not_publicly_available">SLES-15-900150135</reference>
            <rationale xmlns:xhtml="http://www.w3.org/1999/xhtml" xml:lang="en-US">The <html:code xmlns:html="http://www.w3.org/1999/xhtml">/etc/shells</html:code> file contains the list of full pathnames to shells on the system.
Since this file is used by many system programs this file should be protected.</rationale>
            <ident system="https://ncp.nist.gov/cce">CCE-92547-9</ident>
            <fix xmlns:xhtml="http://www.w3.org/1999/xhtml" id="file_owner_etc_shells" system="urn:xccdf:fix:script:sh" complexity="low" disruption="low" strategy="configure">
newown=""
if id "0" &gt;/dev/null 2&gt;&amp;1; then
  newown="0"
fi

if [[ -z "$newown" ]]; then
  &gt;&amp;2 echo "0 is not a defined user on the system"
else
if ! stat -c "%u %U" "/etc/shells" | grep -E -w -q "0"; then
    chown --no-dereference "$newown" /etc/shells
fi

fi
</fix>
            <fix xmlns:xhtml="http://www.w3.org/1999/xhtml" id="file_owner_etc_shells" system="urn:xccdf:fix:script:ansible" complexity="low" disruption="low" strategy="configure">- name: Set the file_owner_etc_shells_newown variable if represented by uid
  ansible.builtin.set_fact:
    file_owner_etc_shells_newown: '0'
  tags:
  - CCE-92547-9
  - NIST-800-53-AC-3
  - NIST-800-53-MP-2
  - configure_strategy
  - file_owner_etc_shells
  - low_complexity
  - low_disruption
  - medium_severity
  - no_reboot_needed

- name: Test for existence /etc/shells
  ansible.builtin.stat:
    path: /etc/shells
  register: file_exists
  tags:
  - CCE-92547-9
  - NIST-800-53-AC-3
  - NIST-800-53-MP-2
  - configure_strategy
  - file_owner_etc_shells
  - low_complexity
  - low_disruption
  - medium_severity
  - no_reboot_needed

- name: Ensure owner on /etc/shells
  ansible.builtin.file:
    path: /etc/shells
    follow: false
    owner: '{{ file_owner_etc_shells_newown }}'
  when: file_exists.stat is defined and file_exists.stat.exists
  tags:
  - CCE-92547-9
  - NIST-800-53-AC-3
  - NIST-800-53-MP-2
  - configure_strategy
  - file_owner_etc_shells
  - low_complexity
  - low_disruption
  - medium_severity
  - no_reboot_needed
</fix>
            <check system="http://oval.mitre.org/XMLSchema/oval-definitions-5">
              <check-content-ref name="oval:ssg-file_owner_etc_shells:def:1" href="ssg-sle15-oval.xml"/>
            </check>
            <check system="http://scap.nist.gov/schema/ocil/2">
              <check-content-ref name="ocil:ssg-file_owner_etc_shells_ocil:questionnaire:1" href="ssg-sle15-ocil.xml"/>
            </check>
          </Rule>
          <Rule id="xccdf_org.ssgproject.content_rule_file_permissions_backup_etc_group" selected="false" role="full" severity="medium">
            <title xmlns:xhtml="http://www.w3.org/1999/xhtml" xml:lang="en-US">Verify Permissions on Backup group File</title>
            <description xmlns:xhtml="http://www.w3.org/1999/xhtml" xml:lang="en-US">
To properly set the permissions of <html:code xmlns:html="http://www.w3.org/1999/xhtml">/etc/group-</html:code>, run the command:
<html:pre xmlns:html="http://www.w3.org/1999/xhtml">$ sudo chmod 0644 /etc/group-</html:pre>
        </description>
            <reference href="http://nvlpubs.nist.gov/nistpubs/SpecialPublications/NIST.SP.800-53r4.pdf">AC-6 (1)</reference>
            <reference href="https://www.pcisecuritystandards.org/documents/PCI_DSS_v3-2-1.pdf">Req-8.7.c</reference>
            <reference href="https://www.cyber.mil/stigs/downloads/?_dl_facet_stigs=operating-systems%2Cgeneral-purpose-os">SRG-OS-000480-GPOS-00227</reference>
            <reference href="https://www.cisecurity.org/benchmark/suse_linux/">6.1.7</reference>
            <reference href="not_publicly_available">SLES-15-900150060</reference>
            <reference href="https://docs-prv.pcisecuritystandards.org/PCI%20DSS/Standard/PCI-DSS-v4_0.pdf">2.2.6</reference>
            <reference href="https://docs-prv.pcisecuritystandards.org/PCI%20DSS/Standard/PCI-DSS-v4_0.pdf">2.2</reference>
            <rationale xmlns:xhtml="http://www.w3.org/1999/xhtml" xml:lang="en-US">The <html:code xmlns:html="http://www.w3.org/1999/xhtml">/etc/group-</html:code> file is a backup file of <html:code xmlns:html="http://www.w3.org/1999/xhtml">/etc/group</html:code>, and as such,
it contains information regarding groups that are configured on the system.
Protection of this file is important for system security.</rationale>
            <ident system="https://ncp.nist.gov/cce">CCE-91331-9</ident>
            <fix xmlns:xhtml="http://www.w3.org/1999/xhtml" id="file_permissions_backup_etc_group" system="urn:xccdf:fix:script:sh" complexity="low" disruption="low" strategy="configure">



chmod u-xs,g-xws,o-xwt /etc/group-
</fix>
            <fix xmlns:xhtml="http://www.w3.org/1999/xhtml" id="file_permissions_backup_etc_group" system="urn:xccdf:fix:script:ansible" complexity="low" disruption="low" strategy="configure">- name: Test for existence /etc/group-
  ansible.builtin.stat:
    path: /etc/group-
  register: file_exists
  tags:
  - CCE-91331-9
  - NIST-800-53-AC-6 (1)
  - PCI-DSS-Req-8.7.c
  - PCI-DSSv4-2.2
  - PCI-DSSv4-2.2.6
  - configure_strategy
  - file_permissions_backup_etc_group
  - low_complexity
  - low_disruption
  - medium_severity
  - no_reboot_needed

- name: Ensure permission u-xs,g-xws,o-xwt on /etc/group-
  ansible.builtin.file:
    path: /etc/group-
    mode: u-xs,g-xws,o-xwt
  when: file_exists.stat is defined and file_exists.stat.exists
  tags:
  - CCE-91331-9
  - NIST-800-53-AC-6 (1)
  - PCI-DSS-Req-8.7.c
  - PCI-DSSv4-2.2
  - PCI-DSSv4-2.2.6
  - configure_strategy
  - file_permissions_backup_etc_group
  - low_complexity
  - low_disruption
  - medium_severity
  - no_reboot_needed
</fix>
            <check system="http://oval.mitre.org/XMLSchema/oval-definitions-5">
              <check-content-ref name="oval:ssg-file_permissions_backup_etc_group:def:1" href="ssg-sle15-oval.xml"/>
            </check>
            <check system="http://scap.nist.gov/schema/ocil/2">
              <check-content-ref name="ocil:ssg-file_permissions_backup_etc_group_ocil:questionnaire:1" href="ssg-sle15-ocil.xml"/>
            </check>
          </Rule>
          <Rule id="xccdf_org.ssgproject.content_rule_file_permissions_backup_etc_gshadow" selected="false" role="full" severity="medium">
            <title xmlns:xhtml="http://www.w3.org/1999/xhtml" xml:lang="en-US">Verify Permissions on Backup gshadow File</title>
            <description xmlns:xhtml="http://www.w3.org/1999/xhtml" xml:lang="en-US">
To properly set the permissions of <html:code xmlns:html="http://www.w3.org/1999/xhtml">/etc/gshadow-</html:code>, run the command:
<html:pre xmlns:html="http://www.w3.org/1999/xhtml">$ sudo chmod 0000 /etc/gshadow-</html:pre>
        </description>
            <reference href="http://nvlpubs.nist.gov/nistpubs/SpecialPublications/NIST.SP.800-53r4.pdf">AC-6 (1)</reference>
            <reference href="https://www.cyber.mil/stigs/downloads/?_dl_facet_stigs=operating-systems%2Cgeneral-purpose-os">SRG-OS-000480-GPOS-00227</reference>
            <reference href="https://www.cisecurity.org/benchmark/suse_linux/">6.1.6</reference>
            <reference href="not_publicly_available">SLES-15-900150030</reference>
            <reference href="not_publicly_available">SLES-15-900150120</reference>
            <rationale xmlns:xhtml="http://www.w3.org/1999/xhtml" xml:lang="en-US">The <html:code xmlns:html="http://www.w3.org/1999/xhtml">/etc/gshadow-</html:code> file is a backup of <html:code xmlns:html="http://www.w3.org/1999/xhtml">/etc/gshadow</html:code>, and as such,
it contains group password hashes. Protection of this file is critical for system security.</rationale>
            <ident system="https://ncp.nist.gov/cce">CCE-92700-4</ident>
            <fix xmlns:xhtml="http://www.w3.org/1999/xhtml" id="file_permissions_backup_etc_gshadow" system="urn:xccdf:fix:script:sh" complexity="low" disruption="low" strategy="configure">



chmod u-xwrs,g-xwrs,o-xwrt /etc/gshadow-
</fix>
            <fix xmlns:xhtml="http://www.w3.org/1999/xhtml" id="file_permissions_backup_etc_gshadow" system="urn:xccdf:fix:script:ansible" complexity="low" disruption="low" strategy="configure">- name: Test for existence /etc/gshadow-
  ansible.builtin.stat:
    path: /etc/gshadow-
  register: file_exists
  tags:
  - CCE-92700-4
  - NIST-800-53-AC-6 (1)
  - configure_strategy
  - file_permissions_backup_etc_gshadow
  - low_complexity
  - low_disruption
  - medium_severity
  - no_reboot_needed

- name: Ensure permission u-xwrs,g-xwrs,o-xwrt on /etc/gshadow-
  ansible.builtin.file:
    path: /etc/gshadow-
    mode: u-xwrs,g-xwrs,o-xwrt
  when: file_exists.stat is defined and file_exists.stat.exists
  tags:
  - CCE-92700-4
  - NIST-800-53-AC-6 (1)
  - configure_strategy
  - file_permissions_backup_etc_gshadow
  - low_complexity
  - low_disruption
  - medium_severity
  - no_reboot_needed
</fix>
            <check system="http://oval.mitre.org/XMLSchema/oval-definitions-5">
              <check-content-ref name="oval:ssg-file_permissions_backup_etc_gshadow:def:1" href="ssg-sle15-oval.xml"/>
            </check>
            <check system="http://scap.nist.gov/schema/ocil/2">
              <check-content-ref name="ocil:ssg-file_permissions_backup_etc_gshadow_ocil:questionnaire:1" href="ssg-sle15-ocil.xml"/>
            </check>
          </Rule>
          <Rule id="xccdf_org.ssgproject.content_rule_file_permissions_backup_etc_passwd" selected="false" role="full" severity="medium">
            <title xmlns:xhtml="http://www.w3.org/1999/xhtml" xml:lang="en-US">Verify Permissions on Backup passwd File</title>
            <description xmlns:xhtml="http://www.w3.org/1999/xhtml" xml:lang="en-US">
To properly set the permissions of <html:code xmlns:html="http://www.w3.org/1999/xhtml">/etc/passwd-</html:code>, run the command:
<html:pre xmlns:html="http://www.w3.org/1999/xhtml">$ sudo chmod 0644 /etc/passwd-</html:pre>
        </description>
            <reference href="http://nvlpubs.nist.gov/nistpubs/SpecialPublications/NIST.SP.800-53r4.pdf">AC-6 (1)</reference>
            <reference href="https://www.pcisecuritystandards.org/documents/PCI_DSS_v3-2-1.pdf">Req-8.7.c</reference>
            <reference href="https://www.cyber.mil/stigs/downloads/?_dl_facet_stigs=operating-systems%2Cgeneral-purpose-os">SRG-OS-000480-GPOS-00227</reference>
            <reference href="https://www.cisecurity.org/benchmark/suse_linux/">6.1.5</reference>
            <reference href="not_publicly_available">SLES-15-900150030</reference>
            <reference href="https://docs-prv.pcisecuritystandards.org/PCI%20DSS/Standard/PCI-DSS-v4_0.pdf">2.2.6</reference>
            <reference href="https://docs-prv.pcisecuritystandards.org/PCI%20DSS/Standard/PCI-DSS-v4_0.pdf">2.2</reference>
            <rationale xmlns:xhtml="http://www.w3.org/1999/xhtml" xml:lang="en-US">The <html:code xmlns:html="http://www.w3.org/1999/xhtml">/etc/passwd-</html:code> file is a backup file of <html:code xmlns:html="http://www.w3.org/1999/xhtml">/etc/passwd</html:code>, and as such,
it contains information about the users that are configured on the system.
Protection of this file is critical for system security.</rationale>
            <ident system="https://ncp.nist.gov/cce">CCE-91325-1</ident>
            <fix xmlns:xhtml="http://www.w3.org/1999/xhtml" id="file_permissions_backup_etc_passwd" system="urn:xccdf:fix:script:sh" complexity="low" disruption="low" strategy="configure">



chmod u-xs,g-xws,o-xwt /etc/passwd-
</fix>
            <fix xmlns:xhtml="http://www.w3.org/1999/xhtml" id="file_permissions_backup_etc_passwd" system="urn:xccdf:fix:script:ansible" complexity="low" disruption="low" strategy="configure">- name: Test for existence /etc/passwd-
  ansible.builtin.stat:
    path: /etc/passwd-
  register: file_exists
  tags:
  - CCE-91325-1
  - NIST-800-53-AC-6 (1)
  - PCI-DSS-Req-8.7.c
  - PCI-DSSv4-2.2
  - PCI-DSSv4-2.2.6
  - configure_strategy
  - file_permissions_backup_etc_passwd
  - low_complexity
  - low_disruption
  - medium_severity
  - no_reboot_needed

- name: Ensure permission u-xs,g-xws,o-xwt on /etc/passwd-
  ansible.builtin.file:
    path: /etc/passwd-
    mode: u-xs,g-xws,o-xwt
  when: file_exists.stat is defined and file_exists.stat.exists
  tags:
  - CCE-91325-1
  - NIST-800-53-AC-6 (1)
  - PCI-DSS-Req-8.7.c
  - PCI-DSSv4-2.2
  - PCI-DSSv4-2.2.6
  - configure_strategy
  - file_permissions_backup_etc_passwd
  - low_complexity
  - low_disruption
  - medium_severity
  - no_reboot_needed
</fix>
            <check system="http://oval.mitre.org/XMLSchema/oval-definitions-5">
              <check-content-ref name="oval:ssg-file_permissions_backup_etc_passwd:def:1" href="ssg-sle15-oval.xml"/>
            </check>
            <check system="http://scap.nist.gov/schema/ocil/2">
              <check-content-ref name="ocil:ssg-file_permissions_backup_etc_passwd_ocil:questionnaire:1" href="ssg-sle15-ocil.xml"/>
            </check>
          </Rule>
          <Rule id="xccdf_org.ssgproject.content_rule_file_permissions_backup_etc_shadow" selected="false" role="full" severity="medium">
            <title xmlns:xhtml="http://www.w3.org/1999/xhtml" xml:lang="en-US">Verify Permissions on Backup shadow File</title>
            <description xmlns:xhtml="http://www.w3.org/1999/xhtml" xml:lang="en-US">
To properly set the permissions of <html:code xmlns:html="http://www.w3.org/1999/xhtml">/etc/shadow-</html:code>, run the command:
<html:pre xmlns:html="http://www.w3.org/1999/xhtml">$ sudo chmod 0640 /etc/shadow-</html:pre>
        </description>
            <reference href="http://nvlpubs.nist.gov/nistpubs/SpecialPublications/NIST.SP.800-53r4.pdf">AC-6 (1)</reference>
            <reference href="https://www.pcisecuritystandards.org/documents/PCI_DSS_v3-2-1.pdf">Req-8.7.c</reference>
            <reference href="https://www.cyber.mil/stigs/downloads/?_dl_facet_stigs=operating-systems%2Cgeneral-purpose-os">SRG-OS-000480-GPOS-00227</reference>
            <reference href="https://www.cisecurity.org/benchmark/suse_linux/">6.1.6</reference>
            <reference href="not_publicly_available">SLES-15-900150090</reference>
            <reference href="https://docs-prv.pcisecuritystandards.org/PCI%20DSS/Standard/PCI-DSS-v4_0.pdf">2.2.6</reference>
            <reference href="https://docs-prv.pcisecuritystandards.org/PCI%20DSS/Standard/PCI-DSS-v4_0.pdf">2.2</reference>
            <rationale xmlns:xhtml="http://www.w3.org/1999/xhtml" xml:lang="en-US">The <html:code xmlns:html="http://www.w3.org/1999/xhtml">/etc/shadow-</html:code> file is a backup file of <html:code xmlns:html="http://www.w3.org/1999/xhtml">/etc/shadow</html:code>, and as such,
it contains the list of local system accounts and password hashes.
Protection of this file is critical for system security.</rationale>
            <ident system="https://ncp.nist.gov/cce">CCE-91328-5</ident>
            <fix xmlns:xhtml="http://www.w3.org/1999/xhtml" id="file_permissions_backup_etc_shadow" system="urn:xccdf:fix:script:sh" complexity="low" disruption="low" strategy="configure">



chmod u-xs,g-xws,o-xwrt /etc/shadow-
</fix>
            <fix xmlns:xhtml="http://www.w3.org/1999/xhtml" id="file_permissions_backup_etc_shadow" system="urn:xccdf:fix:script:ansible" complexity="low" disruption="low" strategy="configure">- name: Test for existence /etc/shadow-
  ansible.builtin.stat:
    path: /etc/shadow-
  register: file_exists
  tags:
  - CCE-91328-5
  - NIST-800-53-AC-6 (1)
  - PCI-DSS-Req-8.7.c
  - PCI-DSSv4-2.2
  - PCI-DSSv4-2.2.6
  - configure_strategy
  - file_permissions_backup_etc_shadow
  - low_complexity
  - low_disruption
  - medium_severity
  - no_reboot_needed

- name: Ensure permission u-xs,g-xws,o-xwrt on /etc/shadow-
  ansible.builtin.file:
    path: /etc/shadow-
    mode: u-xs,g-xws,o-xwrt
  when: file_exists.stat is defined and file_exists.stat.exists
  tags:
  - CCE-91328-5
  - NIST-800-53-AC-6 (1)
  - PCI-DSS-Req-8.7.c
  - PCI-DSSv4-2.2
  - PCI-DSSv4-2.2.6
  - configure_strategy
  - file_permissions_backup_etc_shadow
  - low_complexity
  - low_disruption
  - medium_severity
  - no_reboot_needed
</fix>
            <check system="http://oval.mitre.org/XMLSchema/oval-definitions-5">
              <check-content-ref name="oval:ssg-file_permissions_backup_etc_shadow:def:1" href="ssg-sle15-oval.xml"/>
            </check>
            <check system="http://scap.nist.gov/schema/ocil/2">
              <check-content-ref name="ocil:ssg-file_permissions_backup_etc_shadow_ocil:questionnaire:1" href="ssg-sle15-ocil.xml"/>
            </check>
          </Rule>
          <Rule id="xccdf_org.ssgproject.content_rule_file_permissions_etc_group" selected="false" role="full" severity="medium">
            <title xmlns:xhtml="http://www.w3.org/1999/xhtml" xml:lang="en-US">Verify Permissions on group File</title>
            <description xmlns:xhtml="http://www.w3.org/1999/xhtml" xml:lang="en-US">
To properly set the permissions of <html:code xmlns:html="http://www.w3.org/1999/xhtml">/etc/group</html:code>, run the command:
<html:pre xmlns:html="http://www.w3.org/1999/xhtml">$ sudo chmod 0644 /etc/group</html:pre>
        </description>
            <reference href="https://www.cisecurity.org/controls/">12</reference>
            <reference href="https://www.cisecurity.org/controls/">13</reference>
            <reference href="https://www.cisecurity.org/controls/">14</reference>
            <reference href="https://www.cisecurity.org/controls/">15</reference>
            <reference href="https://www.cisecurity.org/controls/">16</reference>
            <reference href="https://www.cisecurity.org/controls/">18</reference>
            <reference href="https://www.cisecurity.org/controls/">3</reference>
            <reference href="https://www.cisecurity.org/controls/">5</reference>
            <reference href="https://www.fbi.gov/file-repository/cjis-security-policy-v5_5_20160601-2-1.pdf">5.5.2.2</reference>
            <reference href="https://www.isaca.org/resources/cobit">APO01.06</reference>
            <reference href="https://www.isaca.org/resources/cobit">DSS05.04</reference>
            <reference href="https://www.isaca.org/resources/cobit">DSS05.07</reference>
            <reference href="https://www.isaca.org/resources/cobit">DSS06.02</reference>
            <reference href="https://www.isa.org/products/isa-62443-2-1-2009-security-for-industrial-automat">4.3.3.7.3</reference>
            <reference href="https://www.isa.org/products/ansi-isa-62443-3-3-99-03-03-2013-security-for-indu">SR 2.1</reference>
            <reference href="https://www.isa.org/products/ansi-isa-62443-3-3-99-03-03-2013-security-for-indu">SR 5.2</reference>
            <reference href="https://www.iso.org/contents/data/standard/05/45/54534.html">A.10.1.1</reference>
            <reference href="https://www.iso.org/contents/data/standard/05/45/54534.html">A.11.1.4</reference>
            <reference href="https://www.iso.org/contents/data/standard/05/45/54534.html">A.11.1.5</reference>
            <reference href="https://www.iso.org/contents/data/standard/05/45/54534.html">A.11.2.1</reference>
            <reference href="https://www.iso.org/contents/data/standard/05/45/54534.html">A.13.1.1</reference>
            <reference href="https://www.iso.org/contents/data/standard/05/45/54534.html">A.13.1.3</reference>
            <reference href="https://www.iso.org/contents/data/standard/05/45/54534.html">A.13.2.1</reference>
            <reference href="https://www.iso.org/contents/data/standard/05/45/54534.html">A.13.2.3</reference>
            <reference href="https://www.iso.org/contents/data/standard/05/45/54534.html">A.13.2.4</reference>
            <reference href="https://www.iso.org/contents/data/standard/05/45/54534.html">A.14.1.2</reference>
            <reference href="https://www.iso.org/contents/data/standard/05/45/54534.html">A.14.1.3</reference>
            <reference href="https://www.iso.org/contents/data/standard/05/45/54534.html">A.6.1.2</reference>
            <reference href="https://www.iso.org/contents/data/standard/05/45/54534.html">A.7.1.1</reference>
            <reference href="https://www.iso.org/contents/data/standard/05/45/54534.html">A.7.1.2</reference>
            <reference href="https://www.iso.org/contents/data/standard/05/45/54534.html">A.7.3.1</reference>
            <reference href="https://www.iso.org/contents/data/standard/05/45/54534.html">A.8.2.2</reference>
            <reference href="https://www.iso.org/contents/data/standard/05/45/54534.html">A.8.2.3</reference>
            <reference href="https://www.iso.org/contents/data/standard/05/45/54534.html">A.9.1.1</reference>
            <reference href="https://www.iso.org/contents/data/standard/05/45/54534.html">A.9.1.2</reference>
            <reference href="https://www.iso.org/contents/data/standard/05/45/54534.html">A.9.2.3</reference>
            <reference href="https://www.iso.org/contents/data/standard/05/45/54534.html">A.9.4.1</reference>
            <reference href="https://www.iso.org/contents/data/standard/05/45/54534.html">A.9.4.4</reference>
            <reference href="https://www.iso.org/contents/data/standard/05/45/54534.html">A.9.4.5</reference>
            <reference href="https://www.nerc.com/standards/reliability-standards/cip">CIP-003-8 R5.1.1</reference>
            <reference href="https://www.nerc.com/standards/reliability-standards/cip">CIP-003-8 R5.3</reference>
            <reference href="https://www.nerc.com/standards/reliability-standards/cip">CIP-004-6 R2.3</reference>
            <reference href="https://www.nerc.com/standards/reliability-standards/cip">CIP-007-3 R2.1</reference>
            <reference href="https://www.nerc.com/standards/reliability-standards/cip">CIP-007-3 R2.2</reference>
            <reference href="https://www.nerc.com/standards/reliability-standards/cip">CIP-007-3 R2.3</reference>
            <reference href="https://www.nerc.com/standards/reliability-standards/cip">CIP-007-3 R5.1</reference>
            <reference href="https://www.nerc.com/standards/reliability-standards/cip">CIP-007-3 R5.1.1</reference>
            <reference href="https://www.nerc.com/standards/reliability-standards/cip">CIP-007-3 R5.1.2</reference>
            <reference href="http://nvlpubs.nist.gov/nistpubs/SpecialPublications/NIST.SP.800-53r4.pdf">CM-6(a)</reference>
            <reference href="http://nvlpubs.nist.gov/nistpubs/SpecialPublications/NIST.SP.800-53r4.pdf">AC-6(1)</reference>
            <reference href="https://nvlpubs.nist.gov/nistpubs/CSWP/NIST.CSWP.04162018.pdf">PR.AC-4</reference>
            <reference href="https://nvlpubs.nist.gov/nistpubs/CSWP/NIST.CSWP.04162018.pdf">PR.DS-5</reference>
            <reference href="https://www.pcisecuritystandards.org/documents/PCI_DSS_v3-2-1.pdf">Req-8.7.c</reference>
            <reference href="https://www.cyber.mil/stigs/downloads/?_dl_facet_stigs=operating-systems%2Cgeneral-purpose-os">SRG-OS-000480-GPOS-00227</reference>
            <reference href="https://www.cisecurity.org/benchmark/suse_linux/">6.1.4</reference>
            <reference href="https://cyber.gouv.fr/sites/default/files/document/linux_configuration-en-v2.pdf">R50</reference>
            <reference href="not_publicly_available">SLES-15-900150045</reference>
            <reference href="https://docs-prv.pcisecuritystandards.org/PCI%20DSS/Standard/PCI-DSS-v4_0.pdf">2.2.6</reference>
            <reference href="https://docs-prv.pcisecuritystandards.org/PCI%20DSS/Standard/PCI-DSS-v4_0.pdf">2.2</reference>
            <rationale xmlns:xhtml="http://www.w3.org/1999/xhtml" xml:lang="en-US">The <html:code xmlns:html="http://www.w3.org/1999/xhtml">/etc/group</html:code> file contains information regarding groups that are configured
on the system. Protection of this file is important for system security.</rationale>
            <ident system="https://ncp.nist.gov/cce">CCE-85803-5</ident>
            <fix xmlns:xhtml="http://www.w3.org/1999/xhtml" id="file_permissions_etc_group" system="urn:xccdf:fix:script:sh" complexity="low" disruption="low" strategy="configure">



chmod u-xs,g-xws,o-xwt /etc/group
</fix>
            <fix xmlns:xhtml="http://www.w3.org/1999/xhtml" id="file_permissions_etc_group" system="urn:xccdf:fix:script:ansible" complexity="low" disruption="low" strategy="configure">- name: Test for existence /etc/group
  ansible.builtin.stat:
    path: /etc/group
  register: file_exists
  tags:
  - CCE-85803-5
  - CJIS-5.5.2.2
  - NIST-800-53-AC-6(1)
  - NIST-800-53-CM-6(a)
  - PCI-DSS-Req-8.7.c
  - PCI-DSSv4-2.2
  - PCI-DSSv4-2.2.6
  - configure_strategy
  - file_permissions_etc_group
  - low_complexity
  - low_disruption
  - medium_severity
  - no_reboot_needed

- name: Ensure permission u-xs,g-xws,o-xwt on /etc/group
  ansible.builtin.file:
    path: /etc/group
    mode: u-xs,g-xws,o-xwt
  when: file_exists.stat is defined and file_exists.stat.exists
  tags:
  - CCE-85803-5
  - CJIS-5.5.2.2
  - NIST-800-53-AC-6(1)
  - NIST-800-53-CM-6(a)
  - PCI-DSS-Req-8.7.c
  - PCI-DSSv4-2.2
  - PCI-DSSv4-2.2.6
  - configure_strategy
  - file_permissions_etc_group
  - low_complexity
  - low_disruption
  - medium_severity
  - no_reboot_needed
</fix>
            <check system="http://oval.mitre.org/XMLSchema/oval-definitions-5">
              <check-content-ref name="oval:ssg-file_permissions_etc_group:def:1" href="ssg-sle15-oval.xml"/>
            </check>
            <check system="http://scap.nist.gov/schema/ocil/2">
              <check-content-ref name="ocil:ssg-file_permissions_etc_group_ocil:questionnaire:1" href="ssg-sle15-ocil.xml"/>
            </check>
          </Rule>
          <Rule id="xccdf_org.ssgproject.content_rule_file_permissions_etc_gshadow" selected="false" role="full" severity="medium">
            <title xmlns:xhtml="http://www.w3.org/1999/xhtml" xml:lang="en-US">Verify Permissions on gshadow File</title>
            <description xmlns:xhtml="http://www.w3.org/1999/xhtml" xml:lang="en-US">
To properly set the permissions of <html:code xmlns:html="http://www.w3.org/1999/xhtml">/etc/gshadow</html:code>, run the command:
<html:pre xmlns:html="http://www.w3.org/1999/xhtml">$ sudo chmod 0000 /etc/gshadow</html:pre>
        </description>
            <reference href="https://www.cisecurity.org/controls/">12</reference>
            <reference href="https://www.cisecurity.org/controls/">13</reference>
            <reference href="https://www.cisecurity.org/controls/">14</reference>
            <reference href="https://www.cisecurity.org/controls/">15</reference>
            <reference href="https://www.cisecurity.org/controls/">16</reference>
            <reference href="https://www.cisecurity.org/controls/">18</reference>
            <reference href="https://www.cisecurity.org/controls/">3</reference>
            <reference href="https://www.cisecurity.org/controls/">5</reference>
            <reference href="https://www.isaca.org/resources/cobit">APO01.06</reference>
            <reference href="https://www.isaca.org/resources/cobit">DSS05.04</reference>
            <reference href="https://www.isaca.org/resources/cobit">DSS05.07</reference>
            <reference href="https://www.isaca.org/resources/cobit">DSS06.02</reference>
            <reference href="https://www.isa.org/products/isa-62443-2-1-2009-security-for-industrial-automat">4.3.3.7.3</reference>
            <reference href="https://www.isa.org/products/ansi-isa-62443-3-3-99-03-03-2013-security-for-indu">SR 2.1</reference>
            <reference href="https://www.isa.org/products/ansi-isa-62443-3-3-99-03-03-2013-security-for-indu">SR 5.2</reference>
            <reference href="https://www.iso.org/contents/data/standard/05/45/54534.html">A.10.1.1</reference>
            <reference href="https://www.iso.org/contents/data/standard/05/45/54534.html">A.11.1.4</reference>
            <reference href="https://www.iso.org/contents/data/standard/05/45/54534.html">A.11.1.5</reference>
            <reference href="https://www.iso.org/contents/data/standard/05/45/54534.html">A.11.2.1</reference>
            <reference href="https://www.iso.org/contents/data/standard/05/45/54534.html">A.13.1.1</reference>
            <reference href="https://www.iso.org/contents/data/standard/05/45/54534.html">A.13.1.3</reference>
            <reference href="https://www.iso.org/contents/data/standard/05/45/54534.html">A.13.2.1</reference>
            <reference href="https://www.iso.org/contents/data/standard/05/45/54534.html">A.13.2.3</reference>
            <reference href="https://www.iso.org/contents/data/standard/05/45/54534.html">A.13.2.4</reference>
            <reference href="https://www.iso.org/contents/data/standard/05/45/54534.html">A.14.1.2</reference>
            <reference href="https://www.iso.org/contents/data/standard/05/45/54534.html">A.14.1.3</reference>
            <reference href="https://www.iso.org/contents/data/standard/05/45/54534.html">A.6.1.2</reference>
            <reference href="https://www.iso.org/contents/data/standard/05/45/54534.html">A.7.1.1</reference>
            <reference href="https://www.iso.org/contents/data/standard/05/45/54534.html">A.7.1.2</reference>
            <reference href="https://www.iso.org/contents/data/standard/05/45/54534.html">A.7.3.1</reference>
            <reference href="https://www.iso.org/contents/data/standard/05/45/54534.html">A.8.2.2</reference>
            <reference href="https://www.iso.org/contents/data/standard/05/45/54534.html">A.8.2.3</reference>
            <reference href="https://www.iso.org/contents/data/standard/05/45/54534.html">A.9.1.1</reference>
            <reference href="https://www.iso.org/contents/data/standard/05/45/54534.html">A.9.1.2</reference>
            <reference href="https://www.iso.org/contents/data/standard/05/45/54534.html">A.9.2.3</reference>
            <reference href="https://www.iso.org/contents/data/standard/05/45/54534.html">A.9.4.1</reference>
            <reference href="https://www.iso.org/contents/data/standard/05/45/54534.html">A.9.4.4</reference>
            <reference href="https://www.iso.org/contents/data/standard/05/45/54534.html">A.9.4.5</reference>
            <reference href="https://www.nerc.com/standards/reliability-standards/cip">CIP-003-8 R5.1.1</reference>
            <reference href="https://www.nerc.com/standards/reliability-standards/cip">CIP-003-8 R5.3</reference>
            <reference href="https://www.nerc.com/standards/reliability-standards/cip">CIP-004-6 R2.3</reference>
            <reference href="https://www.nerc.com/standards/reliability-standards/cip">CIP-007-3 R2.1</reference>
            <reference href="https://www.nerc.com/standards/reliability-standards/cip">CIP-007-3 R2.2</reference>
            <reference href="https://www.nerc.com/standards/reliability-standards/cip">CIP-007-3 R2.3</reference>
            <reference href="https://www.nerc.com/standards/reliability-standards/cip">CIP-007-3 R5.1</reference>
            <reference href="https://www.nerc.com/standards/reliability-standards/cip">CIP-007-3 R5.1.1</reference>
            <reference href="https://www.nerc.com/standards/reliability-standards/cip">CIP-007-3 R5.1.2</reference>
            <reference href="http://nvlpubs.nist.gov/nistpubs/SpecialPublications/NIST.SP.800-53r4.pdf">CM-6(a)</reference>
            <reference href="http://nvlpubs.nist.gov/nistpubs/SpecialPublications/NIST.SP.800-53r4.pdf">AC-6(1)</reference>
            <reference href="https://nvlpubs.nist.gov/nistpubs/CSWP/NIST.CSWP.04162018.pdf">PR.AC-4</reference>
            <reference href="https://nvlpubs.nist.gov/nistpubs/CSWP/NIST.CSWP.04162018.pdf">PR.DS-5</reference>
            <reference href="https://www.cyber.mil/stigs/downloads/?_dl_facet_stigs=operating-systems%2Cgeneral-purpose-os">SRG-OS-000480-GPOS-00227</reference>
            <reference href="https://www.cisecurity.org/benchmark/suse_linux/">6.1.2</reference>
            <reference href="https://cyber.gouv.fr/sites/default/files/document/linux_configuration-en-v2.pdf">R50</reference>
            <reference href="not_publicly_available">SLES-15-900150015</reference>
            <reference href="not_publicly_available">SLES-15-900150105</reference>
            <rationale xmlns:xhtml="http://www.w3.org/1999/xhtml" xml:lang="en-US">The <html:code xmlns:html="http://www.w3.org/1999/xhtml">/etc/gshadow</html:code> file contains group password hashes. Protection of this file
is critical for system security.</rationale>
            <ident system="https://ncp.nist.gov/cce">CCE-91231-1</ident>
            <fix xmlns:xhtml="http://www.w3.org/1999/xhtml" id="file_permissions_etc_gshadow" system="urn:xccdf:fix:script:sh" complexity="low" disruption="low" strategy="configure">



chmod u-xwrs,g-xwrs,o-xwrt /etc/gshadow
</fix>
            <fix xmlns:xhtml="http://www.w3.org/1999/xhtml" id="file_permissions_etc_gshadow" system="urn:xccdf:fix:script:ansible" complexity="low" disruption="low" strategy="configure">- name: Test for existence /etc/gshadow
  ansible.builtin.stat:
    path: /etc/gshadow
  register: file_exists
  tags:
  - CCE-91231-1
  - NIST-800-53-AC-6(1)
  - NIST-800-53-CM-6(a)
  - configure_strategy
  - file_permissions_etc_gshadow
  - low_complexity
  - low_disruption
  - medium_severity
  - no_reboot_needed

- name: Ensure permission u-xwrs,g-xwrs,o-xwrt on /etc/gshadow
  ansible.builtin.file:
    path: /etc/gshadow
    mode: u-xwrs,g-xwrs,o-xwrt
  when: file_exists.stat is defined and file_exists.stat.exists
  tags:
  - CCE-91231-1
  - NIST-800-53-AC-6(1)
  - NIST-800-53-CM-6(a)
  - configure_strategy
  - file_permissions_etc_gshadow
  - low_complexity
  - low_disruption
  - medium_severity
  - no_reboot_needed
</fix>
            <check system="http://oval.mitre.org/XMLSchema/oval-definitions-5">
              <check-content-ref name="oval:ssg-file_permissions_etc_gshadow:def:1" href="ssg-sle15-oval.xml"/>
            </check>
            <check system="http://scap.nist.gov/schema/ocil/2">
              <check-content-ref name="ocil:ssg-file_permissions_etc_gshadow_ocil:questionnaire:1" href="ssg-sle15-ocil.xml"/>
            </check>
          </Rule>
          <Rule id="xccdf_org.ssgproject.content_rule_file_permissions_etc_passwd" selected="false" role="full" severity="medium">
            <title xmlns:xhtml="http://www.w3.org/1999/xhtml" xml:lang="en-US">Verify Permissions on passwd File</title>
            <description xmlns:xhtml="http://www.w3.org/1999/xhtml" xml:lang="en-US">
To properly set the permissions of <html:code xmlns:html="http://www.w3.org/1999/xhtml">/etc/passwd</html:code>, run the command:
<html:pre xmlns:html="http://www.w3.org/1999/xhtml">$ sudo chmod 0644 /etc/passwd</html:pre>
        </description>
            <reference href="https://www.cisecurity.org/controls/">12</reference>
            <reference href="https://www.cisecurity.org/controls/">13</reference>
            <reference href="https://www.cisecurity.org/controls/">14</reference>
            <reference href="https://www.cisecurity.org/controls/">15</reference>
            <reference href="https://www.cisecurity.org/controls/">16</reference>
            <reference href="https://www.cisecurity.org/controls/">18</reference>
            <reference href="https://www.cisecurity.org/controls/">3</reference>
            <reference href="https://www.cisecurity.org/controls/">5</reference>
            <reference href="https://www.fbi.gov/file-repository/cjis-security-policy-v5_5_20160601-2-1.pdf">5.5.2.2</reference>
            <reference href="https://www.isaca.org/resources/cobit">APO01.06</reference>
            <reference href="https://www.isaca.org/resources/cobit">DSS05.04</reference>
            <reference href="https://www.isaca.org/resources/cobit">DSS05.07</reference>
            <reference href="https://www.isaca.org/resources/cobit">DSS06.02</reference>
            <reference href="https://www.isa.org/products/isa-62443-2-1-2009-security-for-industrial-automat">4.3.3.7.3</reference>
            <reference href="https://www.isa.org/products/ansi-isa-62443-3-3-99-03-03-2013-security-for-indu">SR 2.1</reference>
            <reference href="https://www.isa.org/products/ansi-isa-62443-3-3-99-03-03-2013-security-for-indu">SR 5.2</reference>
            <reference href="https://www.iso.org/contents/data/standard/05/45/54534.html">A.10.1.1</reference>
            <reference href="https://www.iso.org/contents/data/standard/05/45/54534.html">A.11.1.4</reference>
            <reference href="https://www.iso.org/contents/data/standard/05/45/54534.html">A.11.1.5</reference>
            <reference href="https://www.iso.org/contents/data/standard/05/45/54534.html">A.11.2.1</reference>
            <reference href="https://www.iso.org/contents/data/standard/05/45/54534.html">A.13.1.1</reference>
            <reference href="https://www.iso.org/contents/data/standard/05/45/54534.html">A.13.1.3</reference>
            <reference href="https://www.iso.org/contents/data/standard/05/45/54534.html">A.13.2.1</reference>
            <reference href="https://www.iso.org/contents/data/standard/05/45/54534.html">A.13.2.3</reference>
            <reference href="https://www.iso.org/contents/data/standard/05/45/54534.html">A.13.2.4</reference>
            <reference href="https://www.iso.org/contents/data/standard/05/45/54534.html">A.14.1.2</reference>
            <reference href="https://www.iso.org/contents/data/standard/05/45/54534.html">A.14.1.3</reference>
            <reference href="https://www.iso.org/contents/data/standard/05/45/54534.html">A.6.1.2</reference>
            <reference href="https://www.iso.org/contents/data/standard/05/45/54534.html">A.7.1.1</reference>
            <reference href="https://www.iso.org/contents/data/standard/05/45/54534.html">A.7.1.2</reference>
            <reference href="https://www.iso.org/contents/data/standard/05/45/54534.html">A.7.3.1</reference>
            <reference href="https://www.iso.org/contents/data/standard/05/45/54534.html">A.8.2.2</reference>
            <reference href="https://www.iso.org/contents/data/standard/05/45/54534.html">A.8.2.3</reference>
            <reference href="https://www.iso.org/contents/data/standard/05/45/54534.html">A.9.1.1</reference>
            <reference href="https://www.iso.org/contents/data/standard/05/45/54534.html">A.9.1.2</reference>
            <reference href="https://www.iso.org/contents/data/standard/05/45/54534.html">A.9.2.3</reference>
            <reference href="https://www.iso.org/contents/data/standard/05/45/54534.html">A.9.4.1</reference>
            <reference href="https://www.iso.org/contents/data/standard/05/45/54534.html">A.9.4.4</reference>
            <reference href="https://www.iso.org/contents/data/standard/05/45/54534.html">A.9.4.5</reference>
            <reference href="https://www.nerc.com/standards/reliability-standards/cip">CIP-003-8 R5.1.1</reference>
            <reference href="https://www.nerc.com/standards/reliability-standards/cip">CIP-003-8 R5.3</reference>
            <reference href="https://www.nerc.com/standards/reliability-standards/cip">CIP-004-6 R2.3</reference>
            <reference href="https://www.nerc.com/standards/reliability-standards/cip">CIP-007-3 R2.1</reference>
            <reference href="https://www.nerc.com/standards/reliability-standards/cip">CIP-007-3 R2.2</reference>
            <reference href="https://www.nerc.com/standards/reliability-standards/cip">CIP-007-3 R2.3</reference>
            <reference href="https://www.nerc.com/standards/reliability-standards/cip">CIP-007-3 R5.1</reference>
            <reference href="https://www.nerc.com/standards/reliability-standards/cip">CIP-007-3 R5.1.1</reference>
            <reference href="https://www.nerc.com/standards/reliability-standards/cip">CIP-007-3 R5.1.2</reference>
            <reference href="http://nvlpubs.nist.gov/nistpubs/SpecialPublications/NIST.SP.800-53r4.pdf">CM-6(a)</reference>
            <reference href="http://nvlpubs.nist.gov/nistpubs/SpecialPublications/NIST.SP.800-53r4.pdf">AC-6(1)</reference>
            <reference href="https://nvlpubs.nist.gov/nistpubs/CSWP/NIST.CSWP.04162018.pdf">PR.AC-4</reference>
            <reference href="https://nvlpubs.nist.gov/nistpubs/CSWP/NIST.CSWP.04162018.pdf">PR.DS-5</reference>
            <reference href="https://www.pcisecuritystandards.org/documents/PCI_DSS_v3-2-1.pdf">Req-8.7.c</reference>
            <reference href="https://www.cyber.mil/stigs/downloads/?_dl_facet_stigs=operating-systems%2Cgeneral-purpose-os">SRG-OS-000480-GPOS-00227</reference>
            <reference href="https://www.cisecurity.org/benchmark/suse_linux/">6.1.2</reference>
            <reference href="https://cyber.gouv.fr/sites/default/files/document/linux_configuration-en-v2.pdf">R50</reference>
            <reference href="not_publicly_available">SLES-15-900150015</reference>
            <reference href="https://docs-prv.pcisecuritystandards.org/PCI%20DSS/Standard/PCI-DSS-v4_0.pdf">2.2.6</reference>
            <reference href="https://docs-prv.pcisecuritystandards.org/PCI%20DSS/Standard/PCI-DSS-v4_0.pdf">2.2</reference>
            <rationale xmlns:xhtml="http://www.w3.org/1999/xhtml" xml:lang="en-US">If the <html:code xmlns:html="http://www.w3.org/1999/xhtml">/etc/passwd</html:code> file is writable by a group-owner or the
world the risk of its compromise is increased. The file contains the list of
accounts on the system and associated information, and protection of this file
is critical for system security.</rationale>
            <ident system="https://ncp.nist.gov/cce">CCE-85805-0</ident>
            <fix xmlns:xhtml="http://www.w3.org/1999/xhtml" id="file_permissions_etc_passwd" system="urn:xccdf:fix:script:sh" complexity="low" disruption="low" strategy="configure">



chmod u-xs,g-xws,o-xwt /etc/passwd
</fix>
            <fix xmlns:xhtml="http://www.w3.org/1999/xhtml" id="file_permissions_etc_passwd" system="urn:xccdf:fix:script:ansible" complexity="low" disruption="low" strategy="configure">- name: Test for existence /etc/passwd
  ansible.builtin.stat:
    path: /etc/passwd
  register: file_exists
  tags:
  - CCE-85805-0
  - CJIS-5.5.2.2
  - NIST-800-53-AC-6(1)
  - NIST-800-53-CM-6(a)
  - PCI-DSS-Req-8.7.c
  - PCI-DSSv4-2.2
  - PCI-DSSv4-2.2.6
  - configure_strategy
  - file_permissions_etc_passwd
  - low_complexity
  - low_disruption
  - medium_severity
  - no_reboot_needed

- name: Ensure permission u-xs,g-xws,o-xwt on /etc/passwd
  ansible.builtin.file:
    path: /etc/passwd
    mode: u-xs,g-xws,o-xwt
  when: file_exists.stat is defined and file_exists.stat.exists
  tags:
  - CCE-85805-0
  - CJIS-5.5.2.2
  - NIST-800-53-AC-6(1)
  - NIST-800-53-CM-6(a)
  - PCI-DSS-Req-8.7.c
  - PCI-DSSv4-2.2
  - PCI-DSSv4-2.2.6
  - configure_strategy
  - file_permissions_etc_passwd
  - low_complexity
  - low_disruption
  - medium_severity
  - no_reboot_needed
</fix>
            <check system="http://oval.mitre.org/XMLSchema/oval-definitions-5">
              <check-content-ref name="oval:ssg-file_permissions_etc_passwd:def:1" href="ssg-sle15-oval.xml"/>
            </check>
            <check system="http://scap.nist.gov/schema/ocil/2">
              <check-content-ref name="ocil:ssg-file_permissions_etc_passwd_ocil:questionnaire:1" href="ssg-sle15-ocil.xml"/>
            </check>
          </Rule>
          <Rule id="xccdf_org.ssgproject.content_rule_file_permissions_etc_security_opasswd" selected="false" role="full" severity="medium">
            <title xmlns:xhtml="http://www.w3.org/1999/xhtml" xml:lang="en-US">Verify Permissions on /etc/security/opasswd File</title>
            <description xmlns:xhtml="http://www.w3.org/1999/xhtml" xml:lang="en-US">
To properly set the permissions of <html:code xmlns:html="http://www.w3.org/1999/xhtml">/etc/security/opasswd</html:code>, run the command:
<html:pre xmlns:html="http://www.w3.org/1999/xhtml">$ sudo chmod 0600 /etc/security/opasswd</html:pre>
        </description>
            <reference href="not_publicly_available">SLES-15-900150150</reference>
            <rationale xmlns:xhtml="http://www.w3.org/1999/xhtml" xml:lang="en-US">The <html:code xmlns:html="http://www.w3.org/1999/xhtml">/etc/security/opasswd</html:code> file stores old passwords to prevent
password reuse. Protection of this file is critical for system security.</rationale>
            <ident system="https://ncp.nist.gov/cce">CCE-92558-6</ident>
            <fix xmlns:xhtml="http://www.w3.org/1999/xhtml" id="file_permissions_etc_security_opasswd" system="urn:xccdf:fix:script:sh" complexity="low" disruption="low" strategy="configure">



chmod u-xs,g-xwrs,o-xwrt /etc/security/opasswd
</fix>
            <fix xmlns:xhtml="http://www.w3.org/1999/xhtml" id="file_permissions_etc_security_opasswd" system="urn:xccdf:fix:script:ansible" complexity="low" disruption="low" strategy="configure">- name: Test for existence /etc/security/opasswd
  ansible.builtin.stat:
    path: /etc/security/opasswd
  register: file_exists
  tags:
  - CCE-92558-6
  - configure_strategy
  - file_permissions_etc_security_opasswd
  - low_complexity
  - low_disruption
  - medium_severity
  - no_reboot_needed

- name: Ensure permission u-xs,g-xwrs,o-xwrt on /etc/security/opasswd
  ansible.builtin.file:
    path: /etc/security/opasswd
    mode: u-xs,g-xwrs,o-xwrt
  when: file_exists.stat is defined and file_exists.stat.exists
  tags:
  - CCE-92558-6
  - configure_strategy
  - file_permissions_etc_security_opasswd
  - low_complexity
  - low_disruption
  - medium_severity
  - no_reboot_needed
</fix>
            <check system="http://oval.mitre.org/XMLSchema/oval-definitions-5">
              <check-content-ref name="oval:ssg-file_permissions_etc_security_opasswd:def:1" href="ssg-sle15-oval.xml"/>
            </check>
            <check system="http://scap.nist.gov/schema/ocil/2">
              <check-content-ref name="ocil:ssg-file_permissions_etc_security_opasswd_ocil:questionnaire:1" href="ssg-sle15-ocil.xml"/>
            </check>
          </Rule>
          <Rule id="xccdf_org.ssgproject.content_rule_file_permissions_etc_security_opasswd_old" selected="false" role="full" severity="medium">
            <title xmlns:xhtml="http://www.w3.org/1999/xhtml" xml:lang="en-US">Verify Permissions on /etc/security/opasswd.old File</title>
            <description xmlns:xhtml="http://www.w3.org/1999/xhtml" xml:lang="en-US">
To properly set the permissions of <html:code xmlns:html="http://www.w3.org/1999/xhtml">/etc/security/opasswd.old</html:code>, run the command:
<html:pre xmlns:html="http://www.w3.org/1999/xhtml">$ sudo chmod 0600 /etc/security/opasswd.old</html:pre>
        </description>
            <reference href="not_publicly_available">SLES-15-900150150</reference>
            <rationale xmlns:xhtml="http://www.w3.org/1999/xhtml" xml:lang="en-US">The <html:code xmlns:html="http://www.w3.org/1999/xhtml">/etc/security/opasswd.old</html:code> file stores backups of old passwords to prevent
password reuse. Protection of this file is critical for system security.</rationale>
            <ident system="https://ncp.nist.gov/cce">CCE-92559-4</ident>
            <fix xmlns:xhtml="http://www.w3.org/1999/xhtml" id="file_permissions_etc_security_opasswd_old" system="urn:xccdf:fix:script:sh" complexity="low" disruption="low" strategy="configure">



chmod u-xs,g-xwrs,o-xwrt /etc/security/opasswd.old
</fix>
            <fix xmlns:xhtml="http://www.w3.org/1999/xhtml" id="file_permissions_etc_security_opasswd_old" system="urn:xccdf:fix:script:ansible" complexity="low" disruption="low" strategy="configure">- name: Test for existence /etc/security/opasswd.old
  ansible.builtin.stat:
    path: /etc/security/opasswd.old
  register: file_exists
  tags:
  - CCE-92559-4
  - configure_strategy
  - file_permissions_etc_security_opasswd_old
  - low_complexity
  - low_disruption
  - medium_severity
  - no_reboot_needed

- name: Ensure permission u-xs,g-xwrs,o-xwrt on /etc/security/opasswd.old
  ansible.builtin.file:
    path: /etc/security/opasswd.old
    mode: u-xs,g-xwrs,o-xwrt
  when: file_exists.stat is defined and file_exists.stat.exists
  tags:
  - CCE-92559-4
  - configure_strategy
  - file_permissions_etc_security_opasswd_old
  - low_complexity
  - low_disruption
  - medium_severity
  - no_reboot_needed
</fix>
            <check system="http://oval.mitre.org/XMLSchema/oval-definitions-5">
              <check-content-ref name="oval:ssg-file_permissions_etc_security_opasswd_old:def:1" href="ssg-sle15-oval.xml"/>
            </check>
            <check system="http://scap.nist.gov/schema/ocil/2">
              <check-content-ref name="ocil:ssg-file_permissions_etc_security_opasswd_old_ocil:questionnaire:1" href="ssg-sle15-ocil.xml"/>
            </check>
          </Rule>
          <Rule id="xccdf_org.ssgproject.content_rule_file_permissions_etc_shadow" selected="false" role="full" severity="medium">
            <title xmlns:xhtml="http://www.w3.org/1999/xhtml" xml:lang="en-US">Verify Permissions on shadow File</title>
            <description xmlns:xhtml="http://www.w3.org/1999/xhtml" xml:lang="en-US">
To properly set the permissions of <html:code xmlns:html="http://www.w3.org/1999/xhtml">/etc/shadow</html:code>, run the command:
<html:pre xmlns:html="http://www.w3.org/1999/xhtml">$ sudo chmod 0640 /etc/shadow</html:pre>
        </description>
            <reference href="https://www.cisecurity.org/controls/">12</reference>
            <reference href="https://www.cisecurity.org/controls/">13</reference>
            <reference href="https://www.cisecurity.org/controls/">14</reference>
            <reference href="https://www.cisecurity.org/controls/">15</reference>
            <reference href="https://www.cisecurity.org/controls/">16</reference>
            <reference href="https://www.cisecurity.org/controls/">18</reference>
            <reference href="https://www.cisecurity.org/controls/">3</reference>
            <reference href="https://www.cisecurity.org/controls/">5</reference>
            <reference href="https://www.fbi.gov/file-repository/cjis-security-policy-v5_5_20160601-2-1.pdf">5.5.2.2</reference>
            <reference href="https://www.isaca.org/resources/cobit">APO01.06</reference>
            <reference href="https://www.isaca.org/resources/cobit">DSS05.04</reference>
            <reference href="https://www.isaca.org/resources/cobit">DSS05.07</reference>
            <reference href="https://www.isaca.org/resources/cobit">DSS06.02</reference>
            <reference href="https://www.isa.org/products/isa-62443-2-1-2009-security-for-industrial-automat">4.3.3.7.3</reference>
            <reference href="https://www.isa.org/products/ansi-isa-62443-3-3-99-03-03-2013-security-for-indu">SR 2.1</reference>
            <reference href="https://www.isa.org/products/ansi-isa-62443-3-3-99-03-03-2013-security-for-indu">SR 5.2</reference>
            <reference href="https://www.iso.org/contents/data/standard/05/45/54534.html">A.10.1.1</reference>
            <reference href="https://www.iso.org/contents/data/standard/05/45/54534.html">A.11.1.4</reference>
            <reference href="https://www.iso.org/contents/data/standard/05/45/54534.html">A.11.1.5</reference>
            <reference href="https://www.iso.org/contents/data/standard/05/45/54534.html">A.11.2.1</reference>
            <reference href="https://www.iso.org/contents/data/standard/05/45/54534.html">A.13.1.1</reference>
            <reference href="https://www.iso.org/contents/data/standard/05/45/54534.html">A.13.1.3</reference>
            <reference href="https://www.iso.org/contents/data/standard/05/45/54534.html">A.13.2.1</reference>
            <reference href="https://www.iso.org/contents/data/standard/05/45/54534.html">A.13.2.3</reference>
            <reference href="https://www.iso.org/contents/data/standard/05/45/54534.html">A.13.2.4</reference>
            <reference href="https://www.iso.org/contents/data/standard/05/45/54534.html">A.14.1.2</reference>
            <reference href="https://www.iso.org/contents/data/standard/05/45/54534.html">A.14.1.3</reference>
            <reference href="https://www.iso.org/contents/data/standard/05/45/54534.html">A.6.1.2</reference>
            <reference href="https://www.iso.org/contents/data/standard/05/45/54534.html">A.7.1.1</reference>
            <reference href="https://www.iso.org/contents/data/standard/05/45/54534.html">A.7.1.2</reference>
            <reference href="https://www.iso.org/contents/data/standard/05/45/54534.html">A.7.3.1</reference>
            <reference href="https://www.iso.org/contents/data/standard/05/45/54534.html">A.8.2.2</reference>
            <reference href="https://www.iso.org/contents/data/standard/05/45/54534.html">A.8.2.3</reference>
            <reference href="https://www.iso.org/contents/data/standard/05/45/54534.html">A.9.1.1</reference>
            <reference href="https://www.iso.org/contents/data/standard/05/45/54534.html">A.9.1.2</reference>
            <reference href="https://www.iso.org/contents/data/standard/05/45/54534.html">A.9.2.3</reference>
            <reference href="https://www.iso.org/contents/data/standard/05/45/54534.html">A.9.4.1</reference>
            <reference href="https://www.iso.org/contents/data/standard/05/45/54534.html">A.9.4.4</reference>
            <reference href="https://www.iso.org/contents/data/standard/05/45/54534.html">A.9.4.5</reference>
            <reference href="https://www.nerc.com/standards/reliability-standards/cip">CIP-003-8 R5.1.1</reference>
            <reference href="https://www.nerc.com/standards/reliability-standards/cip">CIP-003-8 R5.3</reference>
            <reference href="https://www.nerc.com/standards/reliability-standards/cip">CIP-004-6 R2.3</reference>
            <reference href="https://www.nerc.com/standards/reliability-standards/cip">CIP-007-3 R2.1</reference>
            <reference href="https://www.nerc.com/standards/reliability-standards/cip">CIP-007-3 R2.2</reference>
            <reference href="https://www.nerc.com/standards/reliability-standards/cip">CIP-007-3 R2.3</reference>
            <reference href="https://www.nerc.com/standards/reliability-standards/cip">CIP-007-3 R5.1</reference>
            <reference href="https://www.nerc.com/standards/reliability-standards/cip">CIP-007-3 R5.1.1</reference>
            <reference href="https://www.nerc.com/standards/reliability-standards/cip">CIP-007-3 R5.1.2</reference>
            <reference href="http://nvlpubs.nist.gov/nistpubs/SpecialPublications/NIST.SP.800-53r4.pdf">CM-6(a)</reference>
            <reference href="http://nvlpubs.nist.gov/nistpubs/SpecialPublications/NIST.SP.800-53r4.pdf">AC-6(1)</reference>
            <reference href="https://nvlpubs.nist.gov/nistpubs/CSWP/NIST.CSWP.04162018.pdf">PR.AC-4</reference>
            <reference href="https://nvlpubs.nist.gov/nistpubs/CSWP/NIST.CSWP.04162018.pdf">PR.DS-5</reference>
            <reference href="https://www.pcisecuritystandards.org/documents/PCI_DSS_v3-2-1.pdf">Req-8.7.c</reference>
            <reference href="https://www.cyber.mil/stigs/downloads/?_dl_facet_stigs=operating-systems%2Cgeneral-purpose-os">SRG-OS-000480-GPOS-00227</reference>
            <reference href="https://www.cisecurity.org/benchmark/suse_linux/">6.1.3</reference>
            <reference href="https://cyber.gouv.fr/sites/default/files/document/linux_configuration-en-v2.pdf">R50</reference>
            <reference href="not_publicly_available">SLES-15-900150075</reference>
            <reference href="https://docs-prv.pcisecuritystandards.org/PCI%20DSS/Standard/PCI-DSS-v4_0.pdf">2.2.6</reference>
            <reference href="https://docs-prv.pcisecuritystandards.org/PCI%20DSS/Standard/PCI-DSS-v4_0.pdf">2.2</reference>
            <rationale xmlns:xhtml="http://www.w3.org/1999/xhtml" xml:lang="en-US">The <html:code xmlns:html="http://www.w3.org/1999/xhtml">/etc/shadow</html:code> file contains the list of local
system accounts and stores password hashes. Protection of this file is
critical for system security. Failure to give ownership of this file
to root provides the designated owner with access to sensitive information
which could weaken the system security posture.</rationale>
            <ident system="https://ncp.nist.gov/cce">CCE-85804-3</ident>
            <fix xmlns:xhtml="http://www.w3.org/1999/xhtml" id="file_permissions_etc_shadow" system="urn:xccdf:fix:script:sh" complexity="low" disruption="low" strategy="configure">



chmod u-xs,g-xws,o-xwrt /etc/shadow
</fix>
            <fix xmlns:xhtml="http://www.w3.org/1999/xhtml" id="file_permissions_etc_shadow" system="urn:xccdf:fix:script:ansible" complexity="low" disruption="low" strategy="configure">- name: Test for existence /etc/shadow
  ansible.builtin.stat:
    path: /etc/shadow
  register: file_exists
  tags:
  - CCE-85804-3
  - CJIS-5.5.2.2
  - NIST-800-53-AC-6(1)
  - NIST-800-53-CM-6(a)
  - PCI-DSS-Req-8.7.c
  - PCI-DSSv4-2.2
  - PCI-DSSv4-2.2.6
  - configure_strategy
  - file_permissions_etc_shadow
  - low_complexity
  - low_disruption
  - medium_severity
  - no_reboot_needed

- name: Ensure permission u-xs,g-xws,o-xwrt on /etc/shadow
  ansible.builtin.file:
    path: /etc/shadow
    mode: u-xs,g-xws,o-xwrt
  when: file_exists.stat is defined and file_exists.stat.exists
  tags:
  - CCE-85804-3
  - CJIS-5.5.2.2
  - NIST-800-53-AC-6(1)
  - NIST-800-53-CM-6(a)
  - PCI-DSS-Req-8.7.c
  - PCI-DSSv4-2.2
  - PCI-DSSv4-2.2.6
  - configure_strategy
  - file_permissions_etc_shadow
  - low_complexity
  - low_disruption
  - medium_severity
  - no_reboot_needed
</fix>
            <check system="http://oval.mitre.org/XMLSchema/oval-definitions-5">
              <check-content-ref name="oval:ssg-file_permissions_etc_shadow:def:1" href="ssg-sle15-oval.xml"/>
            </check>
            <check system="http://scap.nist.gov/schema/ocil/2">
              <check-content-ref name="ocil:ssg-file_permissions_etc_shadow_ocil:questionnaire:1" href="ssg-sle15-ocil.xml"/>
            </check>
          </Rule>
          <Rule id="xccdf_org.ssgproject.content_rule_file_permissions_etc_shells" selected="false" role="full" severity="medium">
            <title xmlns:xhtml="http://www.w3.org/1999/xhtml" xml:lang="en-US">Verify Permissions on /etc/shells File</title>
            <description xmlns:xhtml="http://www.w3.org/1999/xhtml" xml:lang="en-US">
To properly set the permissions of <html:code xmlns:html="http://www.w3.org/1999/xhtml">/etc/shells</html:code>, run the command:
<html:pre xmlns:html="http://www.w3.org/1999/xhtml">$ sudo chmod 0644 /etc/shells</html:pre>
        </description>
            <reference href="http://nvlpubs.nist.gov/nistpubs/SpecialPublications/NIST.SP.800-53r4.pdf">AC-3</reference>
            <reference href="http://nvlpubs.nist.gov/nistpubs/SpecialPublications/NIST.SP.800-53r4.pdf">MP-2</reference>
            <reference href="https://cyber.gouv.fr/sites/default/files/document/linux_configuration-en-v2.pdf">R50</reference>
            <reference href="not_publicly_available">SLES-15-900150135</reference>
            <rationale xmlns:xhtml="http://www.w3.org/1999/xhtml" xml:lang="en-US">The <html:code xmlns:html="http://www.w3.org/1999/xhtml">/etc/shells</html:code> file contains the list of full pathnames to shells on the system.
Since this file is used by many system programs this file should be protected.</rationale>
            <ident system="https://ncp.nist.gov/cce">CCE-92562-8</ident>
            <fix xmlns:xhtml="http://www.w3.org/1999/xhtml" id="file_permissions_etc_shells" system="urn:xccdf:fix:script:sh" complexity="low" disruption="low" strategy="configure">



chmod u-xs,g-xws,o-xwt /etc/shells
</fix>
            <fix xmlns:xhtml="http://www.w3.org/1999/xhtml" id="file_permissions_etc_shells" system="urn:xccdf:fix:script:ansible" complexity="low" disruption="low" strategy="configure">- name: Test for existence /etc/shells
  ansible.builtin.stat:
    path: /etc/shells
  register: file_exists
  tags:
  - CCE-92562-8
  - NIST-800-53-AC-3
  - NIST-800-53-MP-2
  - configure_strategy
  - file_permissions_etc_shells
  - low_complexity
  - low_disruption
  - medium_severity
  - no_reboot_needed

- name: Ensure permission u-xs,g-xws,o-xwt on /etc/shells
  ansible.builtin.file:
    path: /etc/shells
    mode: u-xs,g-xws,o-xwt
  when: file_exists.stat is defined and file_exists.stat.exists
  tags:
  - CCE-92562-8
  - NIST-800-53-AC-3
  - NIST-800-53-MP-2
  - configure_strategy
  - file_permissions_etc_shells
  - low_complexity
  - low_disruption
  - medium_severity
  - no_reboot_needed
</fix>
            <check system="http://oval.mitre.org/XMLSchema/oval-definitions-5">
              <check-content-ref name="oval:ssg-file_permissions_etc_shells:def:1" href="ssg-sle15-oval.xml"/>
            </check>
            <check system="http://scap.nist.gov/schema/ocil/2">
              <check-content-ref name="ocil:ssg-file_permissions_etc_shells_ocil:questionnaire:1" href="ssg-sle15-ocil.xml"/>
            </check>
          </Rule>
        </Group>
        <Group id="xccdf_org.ssgproject.content_group_permissions_var_log_dir">
          <title xmlns:xhtml="http://www.w3.org/1999/xhtml" xml:lang="en-US">Verify Permissions on Files within /var/log Directory</title>
          <description xmlns:xhtml="http://www.w3.org/1999/xhtml" xml:lang="en-US">The <html:code xmlns:html="http://www.w3.org/1999/xhtml">/var/log</html:code> directory contains files with logs of error
messages in the system and should only be accessed by authorized
personnel.</description>
          <Rule id="xccdf_org.ssgproject.content_rule_file_groupowner_var_log" selected="false" role="full" severity="medium">
            <title xmlns:xhtml="http://www.w3.org/1999/xhtml" xml:lang="en-US">Verify Group Who Owns /var/log Directory</title>
            <description xmlns:xhtml="http://www.w3.org/1999/xhtml" xml:lang="en-US"> To properly set the group owner of <html:code xmlns:html="http://www.w3.org/1999/xhtml">/var/log</html:code>, run the command:
<html:pre xmlns:html="http://www.w3.org/1999/xhtml">$ sudo chgrp root /var/log</html:pre>
        </description>
            <reference href="https://www.cyber.mil/stigs/downloads/?_dl_facet_stigs=operating-systems%2Cgeneral-purpose-os">SRG-OS-000206-GPOS-00084</reference>
            <reference href="https://www.cyber.mil/stigs/downloads/?_dl_facet_stigs=app-security">SRG-APP-000118-CTR-000240</reference>
            <rationale xmlns:xhtml="http://www.w3.org/1999/xhtml" xml:lang="en-US">The <html:code xmlns:html="http://www.w3.org/1999/xhtml">/var/log</html:code> directory contains files with logs of error
messages in the system and should only be accessed by authorized
personnel.</rationale>
            <fix xmlns:xhtml="http://www.w3.org/1999/xhtml" id="file_groupowner_var_log" system="urn:xccdf:fix:script:sh" complexity="low" disruption="low" strategy="configure">
newgroup=""
if getent group "0" &gt;/dev/null 2&gt;&amp;1; then
  newgroup="0"
fi

if [[ -z "${newgroup}" ]]; then
  &gt;&amp;2 echo "0 is not a defined group on the system"
else
find -P /var/log/ -maxdepth 0 -type d  ! -group 0 -exec chgrp --no-dereference "$newgroup" {} \;

fi
</fix>
            <fix xmlns:xhtml="http://www.w3.org/1999/xhtml" id="file_groupowner_var_log" system="urn:xccdf:fix:script:ansible" complexity="low" disruption="low" strategy="configure">- name: Set the file_groupowner_var_log_newgroup variable if represented by gid
  ansible.builtin.set_fact:
    file_groupowner_var_log_newgroup: '0'
  tags:
  - configure_strategy
  - file_groupowner_var_log
  - low_complexity
  - low_disruption
  - medium_severity
  - no_reboot_needed

- name: Ensure group owner on /var/log/
  ansible.builtin.file:
    path: /var/log/
    follow: false
    state: directory
    group: '{{ file_groupowner_var_log_newgroup }}'
  tags:
  - configure_strategy
  - file_groupowner_var_log
  - low_complexity
  - low_disruption
  - medium_severity
  - no_reboot_needed
</fix>
            <check system="http://oval.mitre.org/XMLSchema/oval-definitions-5">
              <check-content-ref name="oval:ssg-file_groupowner_var_log:def:1" href="ssg-sle15-oval.xml"/>
            </check>
            <check system="http://scap.nist.gov/schema/ocil/2">
              <check-content-ref name="ocil:ssg-file_groupowner_var_log_ocil:questionnaire:1" href="ssg-sle15-ocil.xml"/>
            </check>
          </Rule>
          <Rule id="xccdf_org.ssgproject.content_rule_file_groupowner_var_log_messages" selected="false" role="full" severity="medium">
            <title xmlns:xhtml="http://www.w3.org/1999/xhtml" xml:lang="en-US">Verify Group Who Owns /var/log/messages File</title>
            <description xmlns:xhtml="http://www.w3.org/1999/xhtml" xml:lang="en-US"> To properly set the group owner of <html:code xmlns:html="http://www.w3.org/1999/xhtml">/var/log/messages</html:code>, run the command:
<html:pre xmlns:html="http://www.w3.org/1999/xhtml">$ sudo chgrp root /var/log/messages</html:pre>
        </description>
            <reference href="https://www.cyber.mil/stigs/downloads/?_dl_facet_stigs=operating-systems%2Cgeneral-purpose-os">SRG-OS-000206-GPOS-00084</reference>
            <rationale xmlns:xhtml="http://www.w3.org/1999/xhtml" xml:lang="en-US">The <html:code xmlns:html="http://www.w3.org/1999/xhtml">/var/log/messages</html:code> file contains logs of error messages in
the system and should only be accessed by authorized personnel.</rationale>
            <fix xmlns:xhtml="http://www.w3.org/1999/xhtml" id="file_groupowner_var_log_messages" system="urn:xccdf:fix:script:sh" complexity="low" disruption="low" strategy="configure">
newgroup=""
if getent group "0" &gt;/dev/null 2&gt;&amp;1; then
  newgroup="0"
fi

if [[ -z "${newgroup}" ]]; then
  &gt;&amp;2 echo "0 is not a defined group on the system"
else
if ! stat -c "%g %G" "/var/log/messages" | grep -E -w -q "0"; then
    chgrp --no-dereference "$newgroup" /var/log/messages
fi

fi
</fix>
            <fix xmlns:xhtml="http://www.w3.org/1999/xhtml" id="file_groupowner_var_log_messages" system="urn:xccdf:fix:script:ansible" complexity="low" disruption="low" strategy="configure">- name: Set the file_groupowner_var_log_messages_newgroup variable if represented
    by gid
  ansible.builtin.set_fact:
    file_groupowner_var_log_messages_newgroup: '0'
  tags:
  - configure_strategy
  - file_groupowner_var_log_messages
  - low_complexity
  - low_disruption
  - medium_severity
  - no_reboot_needed

- name: Test for existence /var/log/messages
  ansible.builtin.stat:
    path: /var/log/messages
  register: file_exists
  tags:
  - configure_strategy
  - file_groupowner_var_log_messages
  - low_complexity
  - low_disruption
  - medium_severity
  - no_reboot_needed

- name: Ensure group owner on /var/log/messages
  ansible.builtin.file:
    path: /var/log/messages
    follow: false
    group: '{{ file_groupowner_var_log_messages_newgroup }}'
  when: file_exists.stat is defined and file_exists.stat.exists
  tags:
  - configure_strategy
  - file_groupowner_var_log_messages
  - low_complexity
  - low_disruption
  - medium_severity
  - no_reboot_needed
</fix>
            <check system="http://oval.mitre.org/XMLSchema/oval-definitions-5">
              <check-content-ref name="oval:ssg-file_groupowner_var_log_messages:def:1" href="ssg-sle15-oval.xml"/>
            </check>
            <check system="http://scap.nist.gov/schema/ocil/2">
              <check-content-ref name="ocil:ssg-file_groupowner_var_log_messages_ocil:questionnaire:1" href="ssg-sle15-ocil.xml"/>
            </check>
          </Rule>
          <Rule id="xccdf_org.ssgproject.content_rule_file_groupowner_var_log_syslog" selected="false" role="full" severity="medium">
            <title xmlns:xhtml="http://www.w3.org/1999/xhtml" xml:lang="en-US">Verify Group Who Owns /var/log/syslog File</title>
            <description xmlns:xhtml="http://www.w3.org/1999/xhtml" xml:lang="en-US"> To properly set the group owner of <html:code xmlns:html="http://www.w3.org/1999/xhtml">/var/log/syslog</html:code>, run the command:
<html:pre xmlns:html="http://www.w3.org/1999/xhtml">$ sudo chgrp adm /var/log/syslog</html:pre>
        </description>
            <reference href="https://www.cyber.mil/stigs/downloads/?_dl_facet_stigs=operating-systems%2Cgeneral-purpose-os">SRG-OS-000206-GPOS-00084</reference>
            <rationale xmlns:xhtml="http://www.w3.org/1999/xhtml" xml:lang="en-US">The <html:code xmlns:html="http://www.w3.org/1999/xhtml">/var/log/syslog</html:code> file contains logs of error messages in
the system and should only be accessed by authorized personnel.</rationale>
            <platform idref="#package_rsyslog"/>
            <fix xmlns:xhtml="http://www.w3.org/1999/xhtml" id="file_groupowner_var_log_syslog" system="urn:xccdf:fix:script:sh" complexity="low" disruption="low" strategy="configure"># Remediation is applicable only in certain platforms
if rpm --quiet -q rsyslog; then

newgroup=""
if getent group "4" &gt;/dev/null 2&gt;&amp;1; then
  newgroup="4"
fi

if [[ -z "${newgroup}" ]]; then
  &gt;&amp;2 echo "4 is not a defined group on the system"
else
if ! stat -c "%g %G" "/var/log/syslog" | grep -E -w -q "4"; then
    chgrp --no-dereference "$newgroup" /var/log/syslog
fi

fi

else
    &gt;&amp;2 echo 'Remediation is not applicable, nothing was done'
fi
</fix>
            <fix xmlns:xhtml="http://www.w3.org/1999/xhtml" id="file_groupowner_var_log_syslog" system="urn:xccdf:fix:script:ansible" complexity="low" disruption="low" strategy="configure">- name: Gather the package facts
  package_facts:
    manager: auto
  tags:
  - configure_strategy
  - file_groupowner_var_log_syslog
  - low_complexity
  - low_disruption
  - medium_severity
  - no_reboot_needed

- name: Set the file_groupowner_var_log_syslog_newgroup variable if represented by
    gid
  ansible.builtin.set_fact:
    file_groupowner_var_log_syslog_newgroup: '4'
  when: '"rsyslog" in ansible_facts.packages'
  tags:
  - configure_strategy
  - file_groupowner_var_log_syslog
  - low_complexity
  - low_disruption
  - medium_severity
  - no_reboot_needed

- name: Test for existence /var/log/syslog
  ansible.builtin.stat:
    path: /var/log/syslog
  register: file_exists
  when: '"rsyslog" in ansible_facts.packages'
  tags:
  - configure_strategy
  - file_groupowner_var_log_syslog
  - low_complexity
  - low_disruption
  - medium_severity
  - no_reboot_needed

- name: Ensure group owner on /var/log/syslog
  ansible.builtin.file:
    path: /var/log/syslog
    follow: false
    group: '{{ file_groupowner_var_log_syslog_newgroup }}'
  when:
  - '"rsyslog" in ansible_facts.packages'
  - file_exists.stat is defined and file_exists.stat.exists
  tags:
  - configure_strategy
  - file_groupowner_var_log_syslog
  - low_complexity
  - low_disruption
  - medium_severity
  - no_reboot_needed
</fix>
            <check system="http://oval.mitre.org/XMLSchema/oval-definitions-5">
              <check-content-ref name="oval:ssg-file_groupowner_var_log_syslog:def:1" href="ssg-sle15-oval.xml"/>
            </check>
            <check system="http://scap.nist.gov/schema/ocil/2">
              <check-content-ref name="ocil:ssg-file_groupowner_var_log_syslog_ocil:questionnaire:1" href="ssg-sle15-ocil.xml"/>
            </check>
          </Rule>
          <Rule id="xccdf_org.ssgproject.content_rule_file_owner_var_log" selected="false" role="full" severity="medium">
            <title xmlns:xhtml="http://www.w3.org/1999/xhtml" xml:lang="en-US">Verify User Who Owns /var/log Directory</title>
            <description xmlns:xhtml="http://www.w3.org/1999/xhtml" xml:lang="en-US"> To properly set the owner of <html:code xmlns:html="http://www.w3.org/1999/xhtml">/var/log</html:code>, run the command:
<html:pre xmlns:html="http://www.w3.org/1999/xhtml">$ sudo chown root /var/log </html:pre>
        </description>
            <reference href="https://www.cyber.mil/stigs/downloads/?_dl_facet_stigs=operating-systems%2Cgeneral-purpose-os">SRG-OS-000206-GPOS-00084</reference>
            <reference href="https://www.cyber.mil/stigs/downloads/?_dl_facet_stigs=app-security">SRG-APP-000118-CTR-000240</reference>
            <rationale xmlns:xhtml="http://www.w3.org/1999/xhtml" xml:lang="en-US">The <html:code xmlns:html="http://www.w3.org/1999/xhtml">/var/log</html:code> directory contains files with logs of error
messages in the system and should only be accessed by authorized
personnel.</rationale>
            <fix xmlns:xhtml="http://www.w3.org/1999/xhtml" id="file_owner_var_log" system="urn:xccdf:fix:script:sh" complexity="low" disruption="low" strategy="configure">
newown=""
if id "0" &gt;/dev/null 2&gt;&amp;1; then
  newown="0"
fi

if [[ -z "$newown" ]]; then
  &gt;&amp;2 echo "0 is not a defined user on the system"
else
find -P /var/log/ -maxdepth 0 -type d  ! -user 0 -exec chown --no-dereference "$newown" {} \;

fi
</fix>
            <fix xmlns:xhtml="http://www.w3.org/1999/xhtml" id="file_owner_var_log" system="urn:xccdf:fix:script:ansible" complexity="low" disruption="low" strategy="configure">- name: Set the file_owner_var_log_newown variable if represented by uid
  ansible.builtin.set_fact:
    file_owner_var_log_newown: '0'
  tags:
  - configure_strategy
  - file_owner_var_log
  - low_complexity
  - low_disruption
  - medium_severity
  - no_reboot_needed

- name: Ensure owner on directory /var/log/
  ansible.builtin.file:
    path: /var/log/
    follow: false
    state: directory
    owner: '{{ file_owner_var_log_newown }}'
  tags:
  - configure_strategy
  - file_owner_var_log
  - low_complexity
  - low_disruption
  - medium_severity
  - no_reboot_needed
</fix>
            <check system="http://oval.mitre.org/XMLSchema/oval-definitions-5">
              <check-content-ref name="oval:ssg-file_owner_var_log:def:1" href="ssg-sle15-oval.xml"/>
            </check>
            <check system="http://scap.nist.gov/schema/ocil/2">
              <check-content-ref name="ocil:ssg-file_owner_var_log_ocil:questionnaire:1" href="ssg-sle15-ocil.xml"/>
            </check>
          </Rule>
          <Rule id="xccdf_org.ssgproject.content_rule_file_owner_var_log_messages" selected="false" role="full" severity="medium">
            <title xmlns:xhtml="http://www.w3.org/1999/xhtml" xml:lang="en-US">Verify User Who Owns /var/log/messages File</title>
            <description xmlns:xhtml="http://www.w3.org/1999/xhtml" xml:lang="en-US"> To properly set the owner of <html:code xmlns:html="http://www.w3.org/1999/xhtml">/var/log/messages</html:code>, run the command:
<html:pre xmlns:html="http://www.w3.org/1999/xhtml">$ sudo chown root /var/log/messages </html:pre>
        </description>
            <reference href="https://www.cyber.mil/stigs/downloads/?_dl_facet_stigs=operating-systems%2Cgeneral-purpose-os">SRG-OS-000206-GPOS-00084</reference>
            <rationale xmlns:xhtml="http://www.w3.org/1999/xhtml" xml:lang="en-US">The <html:code xmlns:html="http://www.w3.org/1999/xhtml">/var/log/messages</html:code> file contains logs of error messages in
the system and should only be accessed by authorized personnel.</rationale>
            <fix xmlns:xhtml="http://www.w3.org/1999/xhtml" id="file_owner_var_log_messages" system="urn:xccdf:fix:script:sh" complexity="low" disruption="low" strategy="configure">
newown=""
if id "0" &gt;/dev/null 2&gt;&amp;1; then
  newown="0"
fi

if [[ -z "$newown" ]]; then
  &gt;&amp;2 echo "0 is not a defined user on the system"
else
if ! stat -c "%u %U" "/var/log/messages" | grep -E -w -q "0"; then
    chown --no-dereference "$newown" /var/log/messages
fi

fi
</fix>
            <fix xmlns:xhtml="http://www.w3.org/1999/xhtml" id="file_owner_var_log_messages" system="urn:xccdf:fix:script:ansible" complexity="low" disruption="low" strategy="configure">- name: Set the file_owner_var_log_messages_newown variable if represented by uid
  ansible.builtin.set_fact:
    file_owner_var_log_messages_newown: '0'
  tags:
  - configure_strategy
  - file_owner_var_log_messages
  - low_complexity
  - low_disruption
  - medium_severity
  - no_reboot_needed

- name: Test for existence /var/log/messages
  ansible.builtin.stat:
    path: /var/log/messages
  register: file_exists
  tags:
  - configure_strategy
  - file_owner_var_log_messages
  - low_complexity
  - low_disruption
  - medium_severity
  - no_reboot_needed

- name: Ensure owner on /var/log/messages
  ansible.builtin.file:
    path: /var/log/messages
    follow: false
    owner: '{{ file_owner_var_log_messages_newown }}'
  when: file_exists.stat is defined and file_exists.stat.exists
  tags:
  - configure_strategy
  - file_owner_var_log_messages
  - low_complexity
  - low_disruption
  - medium_severity
  - no_reboot_needed
</fix>
            <check system="http://oval.mitre.org/XMLSchema/oval-definitions-5">
              <check-content-ref name="oval:ssg-file_owner_var_log_messages:def:1" href="ssg-sle15-oval.xml"/>
            </check>
            <check system="http://scap.nist.gov/schema/ocil/2">
              <check-content-ref name="ocil:ssg-file_owner_var_log_messages_ocil:questionnaire:1" href="ssg-sle15-ocil.xml"/>
            </check>
          </Rule>
          <Rule id="xccdf_org.ssgproject.content_rule_file_owner_var_log_syslog" selected="false" role="full" severity="medium">
            <title xmlns:xhtml="http://www.w3.org/1999/xhtml" xml:lang="en-US">Verify User Who Owns /var/log/syslog File</title>
            <description xmlns:xhtml="http://www.w3.org/1999/xhtml" xml:lang="en-US"> To properly set the owner of <html:code xmlns:html="http://www.w3.org/1999/xhtml">/var/log/syslog</html:code>, run the command:
<html:pre xmlns:html="http://www.w3.org/1999/xhtml">$ sudo chown syslog /var/log/syslog </html:pre>
        </description>
            <reference href="https://www.cyber.mil/stigs/downloads/?_dl_facet_stigs=operating-systems%2Cgeneral-purpose-os">SRG-OS-000206-GPOS-00084</reference>
            <rationale xmlns:xhtml="http://www.w3.org/1999/xhtml" xml:lang="en-US">The <html:code xmlns:html="http://www.w3.org/1999/xhtml">/var/log/syslog</html:code> file contains logs of error messages in
the system and should only be accessed by authorized personnel.</rationale>
            <platform idref="#package_rsyslog"/>
            <fix xmlns:xhtml="http://www.w3.org/1999/xhtml" id="file_owner_var_log_syslog" system="urn:xccdf:fix:script:sh" complexity="low" disruption="low" strategy="configure"># Remediation is applicable only in certain platforms
if rpm --quiet -q rsyslog; then

newown=""
if id "syslog" &gt;/dev/null 2&gt;&amp;1; then
  newown="syslog"
fi

if [[ -z "$newown" ]]; then
  &gt;&amp;2 echo "syslog is not a defined user on the system"
else
if ! stat -c "%u %U" "/var/log/syslog" | grep -E -w -q "syslog"; then
    chown --no-dereference "$newown" /var/log/syslog
fi

fi

else
    &gt;&amp;2 echo 'Remediation is not applicable, nothing was done'
fi
</fix>
            <fix xmlns:xhtml="http://www.w3.org/1999/xhtml" id="file_owner_var_log_syslog" system="urn:xccdf:fix:script:ansible" complexity="low" disruption="low" strategy="configure">- name: Gather the package facts
  package_facts:
    manager: auto
  tags:
  - configure_strategy
  - file_owner_var_log_syslog
  - low_complexity
  - low_disruption
  - medium_severity
  - no_reboot_needed

- name: Check that the syslog user is defined
  ansible.builtin.getent:
    database: passwd
    key: syslog
  ignore_errors: true
  when: '"rsyslog" in ansible_facts.packages'
  tags:
  - configure_strategy
  - file_owner_var_log_syslog
  - low_complexity
  - low_disruption
  - medium_severity
  - no_reboot_needed

- name: Set the file_owner_var_log_syslog_newown variable if syslog found
  ansible.builtin.set_fact:
    file_owner_var_log_syslog_newown: syslog
  when:
  - '"rsyslog" in ansible_facts.packages'
  - ansible_facts.getent_passwd["syslog"] is defined
  tags:
  - configure_strategy
  - file_owner_var_log_syslog
  - low_complexity
  - low_disruption
  - medium_severity
  - no_reboot_needed

- name: Test for existence /var/log/syslog
  ansible.builtin.stat:
    path: /var/log/syslog
  register: file_exists
  when: '"rsyslog" in ansible_facts.packages'
  tags:
  - configure_strategy
  - file_owner_var_log_syslog
  - low_complexity
  - low_disruption
  - medium_severity
  - no_reboot_needed

- name: Ensure owner on /var/log/syslog
  ansible.builtin.file:
    path: /var/log/syslog
    follow: false
    owner: '{{ file_owner_var_log_syslog_newown }}'
  when:
  - '"rsyslog" in ansible_facts.packages'
  - file_exists.stat is defined and file_exists.stat.exists
  tags:
  - configure_strategy
  - file_owner_var_log_syslog
  - low_complexity
  - low_disruption
  - medium_severity
  - no_reboot_needed
</fix>
            <check system="http://oval.mitre.org/XMLSchema/oval-definitions-5">
              <check-content-ref name="oval:ssg-file_owner_var_log_syslog:def:1" href="ssg-sle15-oval.xml"/>
            </check>
            <check system="http://scap.nist.gov/schema/ocil/2">
              <check-content-ref name="ocil:ssg-file_owner_var_log_syslog_ocil:questionnaire:1" href="ssg-sle15-ocil.xml"/>
            </check>
          </Rule>
          <Rule id="xccdf_org.ssgproject.content_rule_file_permissions_var_log" selected="false" role="full" severity="medium">
            <title xmlns:xhtml="http://www.w3.org/1999/xhtml" xml:lang="en-US">Verify Permissions on /var/log Directory</title>
            <description xmlns:xhtml="http://www.w3.org/1999/xhtml" xml:lang="en-US">
To properly set the permissions of <html:code xmlns:html="http://www.w3.org/1999/xhtml">/var/log</html:code>, run the command:
<html:pre xmlns:html="http://www.w3.org/1999/xhtml">$ sudo chmod 0755 /var/log</html:pre>
        </description>
            <reference href="https://www.cyber.mil/stigs/downloads/?_dl_facet_stigs=operating-systems%2Cgeneral-purpose-os">SRG-OS-000206-GPOS-00084</reference>
            <reference href="https://www.cyber.mil/stigs/downloads/?_dl_facet_stigs=app-security">SRG-APP-000118-CTR-000240</reference>
            <rationale xmlns:xhtml="http://www.w3.org/1999/xhtml" xml:lang="en-US">The <html:code xmlns:html="http://www.w3.org/1999/xhtml">/var/log</html:code> directory contains files with logs of error
messages in the system and should only be accessed by authorized
personnel.</rationale>
            <fix xmlns:xhtml="http://www.w3.org/1999/xhtml" id="file_permissions_var_log" system="urn:xccdf:fix:script:sh" complexity="low" disruption="low" strategy="configure">



find -H /var/log/ -maxdepth 0 -perm /u+s,g+ws,o+wt -type d -exec chmod u-s,g-ws,o-wt {} \;
</fix>
            <fix xmlns:xhtml="http://www.w3.org/1999/xhtml" id="file_permissions_var_log" system="urn:xccdf:fix:script:ansible" complexity="low" disruption="low" strategy="configure">- name: Find /var/log/ file(s)
  ansible.builtin.command: 'find -P /var/log/ -maxdepth 0 -perm /u+s,g+ws,o+wt  -type
    d '
  register: files_found
  changed_when: false
  failed_when: false
  check_mode: false
  tags:
  - configure_strategy
  - file_permissions_var_log
  - low_complexity
  - low_disruption
  - medium_severity
  - no_reboot_needed

- name: Set permissions for /var/log/ file(s)
  ansible.builtin.file:
    path: '{{ item }}'
    mode: u-s,g-ws,o-wt
    state: directory
  with_items:
  - '{{ files_found.stdout_lines }}'
  tags:
  - configure_strategy
  - file_permissions_var_log
  - low_complexity
  - low_disruption
  - medium_severity
  - no_reboot_needed
</fix>
            <check system="http://oval.mitre.org/XMLSchema/oval-definitions-5">
              <check-content-ref name="oval:ssg-file_permissions_var_log:def:1" href="ssg-sle15-oval.xml"/>
            </check>
            <check system="http://scap.nist.gov/schema/ocil/2">
              <check-content-ref name="ocil:ssg-file_permissions_var_log_ocil:questionnaire:1" href="ssg-sle15-ocil.xml"/>
            </check>
          </Rule>
          <Rule id="xccdf_org.ssgproject.content_rule_file_permissions_var_log_messages" selected="false" role="full" severity="medium">
            <title xmlns:xhtml="http://www.w3.org/1999/xhtml" xml:lang="en-US">Verify Permissions on /var/log/messages File</title>
            <description xmlns:xhtml="http://www.w3.org/1999/xhtml" xml:lang="en-US">
To properly set the permissions of <html:code xmlns:html="http://www.w3.org/1999/xhtml">/var/log/messages</html:code>, run the command:
<html:pre xmlns:html="http://www.w3.org/1999/xhtml">$ sudo chmod 0600 /var/log/messages</html:pre>
        </description>
            <reference href="https://www.cyber.mil/stigs/downloads/?_dl_facet_stigs=operating-systems%2Cgeneral-purpose-os">SRG-OS-000206-GPOS-00084</reference>
            <rationale xmlns:xhtml="http://www.w3.org/1999/xhtml" xml:lang="en-US">The <html:code xmlns:html="http://www.w3.org/1999/xhtml">/var/log/messages</html:code> file contains logs of error messages in
the system and should only be accessed by authorized personnel.</rationale>
            <fix xmlns:xhtml="http://www.w3.org/1999/xhtml" id="file_permissions_var_log_messages" system="urn:xccdf:fix:script:sh" complexity="low" disruption="low" strategy="configure">



chmod u-xs,g-xwrs,o-xwrt /var/log/messages
</fix>
            <fix xmlns:xhtml="http://www.w3.org/1999/xhtml" id="file_permissions_var_log_messages" system="urn:xccdf:fix:script:ansible" complexity="low" disruption="low" strategy="configure">- name: Test for existence /var/log/messages
  ansible.builtin.stat:
    path: /var/log/messages
  register: file_exists
  tags:
  - configure_strategy
  - file_permissions_var_log_messages
  - low_complexity
  - low_disruption
  - medium_severity
  - no_reboot_needed

- name: Ensure permission u-xs,g-xwrs,o-xwrt on /var/log/messages
  ansible.builtin.file:
    path: /var/log/messages
    mode: u-xs,g-xwrs,o-xwrt
  when: file_exists.stat is defined and file_exists.stat.exists
  tags:
  - configure_strategy
  - file_permissions_var_log_messages
  - low_complexity
  - low_disruption
  - medium_severity
  - no_reboot_needed
</fix>
            <check system="http://oval.mitre.org/XMLSchema/oval-definitions-5">
              <check-content-ref name="oval:ssg-file_permissions_var_log_messages:def:1" href="ssg-sle15-oval.xml"/>
            </check>
            <check system="http://scap.nist.gov/schema/ocil/2">
              <check-content-ref name="ocil:ssg-file_permissions_var_log_messages_ocil:questionnaire:1" href="ssg-sle15-ocil.xml"/>
            </check>
          </Rule>
          <Rule id="xccdf_org.ssgproject.content_rule_file_permissions_var_log_syslog" selected="false" role="full" severity="medium">
            <title xmlns:xhtml="http://www.w3.org/1999/xhtml" xml:lang="en-US">Verify Permissions on /var/log/syslog File</title>
            <description xmlns:xhtml="http://www.w3.org/1999/xhtml" xml:lang="en-US">
To properly set the permissions of <html:code xmlns:html="http://www.w3.org/1999/xhtml">/var/log/syslog</html:code>, run the command:
<html:pre xmlns:html="http://www.w3.org/1999/xhtml">$ sudo chmod 0640 /var/log/syslog</html:pre>
        </description>
            <reference href="https://www.cyber.mil/stigs/downloads/?_dl_facet_stigs=operating-systems%2Cgeneral-purpose-os">SRG-OS-000206-GPOS-00084</reference>
            <rationale xmlns:xhtml="http://www.w3.org/1999/xhtml" xml:lang="en-US">The <html:code xmlns:html="http://www.w3.org/1999/xhtml">/var/log/syslog</html:code> file contains logs of error messages in
the system and should only be accessed by authorized personnel.</rationale>
            <fix xmlns:xhtml="http://www.w3.org/1999/xhtml" id="file_permissions_var_log_syslog" system="urn:xccdf:fix:script:sh" complexity="low" disruption="low" strategy="configure">



chmod u-xs,g-xws,o-xwrt /var/log/syslog
</fix>
            <fix xmlns:xhtml="http://www.w3.org/1999/xhtml" id="file_permissions_var_log_syslog" system="urn:xccdf:fix:script:ansible" complexity="low" disruption="low" strategy="configure">- name: Test for existence /var/log/syslog
  ansible.builtin.stat:
    path: /var/log/syslog
  register: file_exists
  tags:
  - configure_strategy
  - file_permissions_var_log_syslog
  - low_complexity
  - low_disruption
  - medium_severity
  - no_reboot_needed

- name: Ensure permission u-xs,g-xws,o-xwrt on /var/log/syslog
  ansible.builtin.file:
    path: /var/log/syslog
    mode: u-xs,g-xws,o-xwrt
  when: file_exists.stat is defined and file_exists.stat.exists
  tags:
  - configure_strategy
  - file_permissions_var_log_syslog
  - low_complexity
  - low_disruption
  - medium_severity
  - no_reboot_needed
</fix>
            <check system="http://oval.mitre.org/XMLSchema/oval-definitions-5">
              <check-content-ref name="oval:ssg-file_permissions_var_log_syslog:def:1" href="ssg-sle15-oval.xml"/>
            </check>
            <check system="http://scap.nist.gov/schema/ocil/2">
              <check-content-ref name="ocil:ssg-file_permissions_var_log_syslog_ocil:questionnaire:1" href="ssg-sle15-ocil.xml"/>
            </check>
          </Rule>
        </Group>
        <Group id="xccdf_org.ssgproject.content_group_permissions_within_important_dirs">
          <title xmlns:xhtml="http://www.w3.org/1999/xhtml" xml:lang="en-US">Verify File Permissions Within Some Important Directories</title>
          <description xmlns:xhtml="http://www.w3.org/1999/xhtml" xml:lang="en-US">Some directories contain files whose confidentiality or integrity
is notably important and may also be susceptible to misconfiguration over time, particularly if
unpackaged software is installed. As such,
an argument exists to verify that files' permissions within these directories remain
configured correctly and restrictively.</description>
          <Rule id="xccdf_org.ssgproject.content_rule_dir_group_ownership_library_dirs" selected="false" role="full" severity="medium">
            <title xmlns:xhtml="http://www.w3.org/1999/xhtml" xml:lang="en-US">Verify that Shared Library Directories Have Root Group Ownership</title>
            <description xmlns:xhtml="http://www.w3.org/1999/xhtml" xml:lang="en-US">System-wide shared library files, which are linked to executables
during process load time or run time, are stored in the following directories
by default:
<html:pre xmlns:html="http://www.w3.org/1999/xhtml">/lib
/lib64
/usr/lib
/usr/lib64
</html:pre>
Kernel modules, which can be added to the kernel during runtime, are also
stored in <html:code xmlns:html="http://www.w3.org/1999/xhtml">/lib/modules</html:code>. All files in these directories should be
group-owned by the <html:code xmlns:html="http://www.w3.org/1999/xhtml">root</html:code> user. If the  directories, is found to be owned
by a user other than root correct its
ownership with the following command:
<html:pre xmlns:html="http://www.w3.org/1999/xhtml">$ sudo chgrp root <html:i>DIR</html:i>
         </html:pre>
        </description>
            <reference href="http://nvlpubs.nist.gov/nistpubs/SpecialPublications/NIST.SP.800-53r4.pdf">CM-5(6)</reference>
            <reference href="http://nvlpubs.nist.gov/nistpubs/SpecialPublications/NIST.SP.800-53r4.pdf">CM-5(6).1</reference>
            <reference href="https://www.cyber.mil/stigs/downloads/?_dl_facet_stigs=operating-systems%2Cgeneral-purpose-os">SRG-OS-000259-GPOS-00100</reference>
            <reference href="https://www.cyber.mil/stigs/downloads/?_dl_facet_stigs=operating-systems%2Cunix-linux">SLES-15-010356</reference>
            <reference href="https://www.cyber.mil/stigs/srg-stig-tools/">SV-234839r991560_rule</reference>
            <rationale xmlns:xhtml="http://www.w3.org/1999/xhtml" xml:lang="en-US">Files from shared library directories are loaded into the address
space of processes (including privileged ones) or of the kernel itself at
runtime. Proper ownership of library directories is necessary to protect
the integrity of the system.</rationale>
            <ident system="https://ncp.nist.gov/cce">CCE-85737-5</ident>
            <fix xmlns:xhtml="http://www.w3.org/1999/xhtml" id="dir_group_ownership_library_dirs" system="urn:xccdf:fix:script:sh" complexity="low" disruption="low" strategy="configure">
newgroup=""
if getent group "0" &gt;/dev/null 2&gt;&amp;1; then
  newgroup="0"
fi

if [[ -z "${newgroup}" ]]; then
  &gt;&amp;2 echo "0 is not a defined group on the system"
else
find -P /lib/  -type d  ! -group 0 -exec chgrp --no-dereference "$newgroup" {} \;
find -P /lib64/  -type d  ! -group 0 -exec chgrp --no-dereference "$newgroup" {} \;
find -P /usr/lib/  -type d  ! -group 0 -exec chgrp --no-dereference "$newgroup" {} \;
find -P /usr/lib64/  -type d  ! -group 0 -exec chgrp --no-dereference "$newgroup" {} \;

fi
</fix>
            <fix xmlns:xhtml="http://www.w3.org/1999/xhtml" id="dir_group_ownership_library_dirs" system="urn:xccdf:fix:script:ansible" complexity="low" disruption="low" strategy="configure">- name: Set the dir_group_ownership_library_dirs_newgroup variable if represented
    by gid
  ansible.builtin.set_fact:
    dir_group_ownership_library_dirs_newgroup: '0'
  tags:
  - CCE-85737-5
  - DISA-STIG-SLES-15-010356
  - NIST-800-53-CM-5(6)
  - NIST-800-53-CM-5(6).1
  - configure_strategy
  - dir_group_ownership_library_dirs
  - low_complexity
  - low_disruption
  - medium_severity
  - no_reboot_needed

- name: Ensure group owner on /lib/ recursively
  ansible.builtin.file:
    path: /lib/
    follow: false
    state: directory
    recurse: true
    group: '{{ dir_group_ownership_library_dirs_newgroup }}'
  tags:
  - CCE-85737-5
  - DISA-STIG-SLES-15-010356
  - NIST-800-53-CM-5(6)
  - NIST-800-53-CM-5(6).1
  - configure_strategy
  - dir_group_ownership_library_dirs
  - low_complexity
  - low_disruption
  - medium_severity
  - no_reboot_needed

- name: Ensure group owner on /lib64/ recursively
  ansible.builtin.file:
    path: /lib64/
    follow: false
    state: directory
    recurse: true
    group: '{{ dir_group_ownership_library_dirs_newgroup }}'
  tags:
  - CCE-85737-5
  - DISA-STIG-SLES-15-010356
  - NIST-800-53-CM-5(6)
  - NIST-800-53-CM-5(6).1
  - configure_strategy
  - dir_group_ownership_library_dirs
  - low_complexity
  - low_disruption
  - medium_severity
  - no_reboot_needed

- name: Ensure group owner on /usr/lib/ recursively
  ansible.builtin.file:
    path: /usr/lib/
    follow: false
    state: directory
    recurse: true
    group: '{{ dir_group_ownership_library_dirs_newgroup }}'
  tags:
  - CCE-85737-5
  - DISA-STIG-SLES-15-010356
  - NIST-800-53-CM-5(6)
  - NIST-800-53-CM-5(6).1
  - configure_strategy
  - dir_group_ownership_library_dirs
  - low_complexity
  - low_disruption
  - medium_severity
  - no_reboot_needed

- name: Ensure group owner on /usr/lib64/ recursively
  ansible.builtin.file:
    path: /usr/lib64/
    follow: false
    state: directory
    recurse: true
    group: '{{ dir_group_ownership_library_dirs_newgroup }}'
  tags:
  - CCE-85737-5
  - DISA-STIG-SLES-15-010356
  - NIST-800-53-CM-5(6)
  - NIST-800-53-CM-5(6).1
  - configure_strategy
  - dir_group_ownership_library_dirs
  - low_complexity
  - low_disruption
  - medium_severity
  - no_reboot_needed
</fix>
            <check system="http://oval.mitre.org/XMLSchema/oval-definitions-5">
              <check-content-ref name="oval:ssg-dir_group_ownership_library_dirs:def:1" href="ssg-sle15-oval.xml"/>
            </check>
            <check system="http://scap.nist.gov/schema/ocil/2">
              <check-content-ref name="ocil:ssg-dir_group_ownership_library_dirs_ocil:questionnaire:1" href="ssg-sle15-ocil.xml"/>
            </check>
          </Rule>
          <Rule id="xccdf_org.ssgproject.content_rule_dir_ownership_binary_dirs" selected="false" role="full" severity="medium">
            <title xmlns:xhtml="http://www.w3.org/1999/xhtml" xml:lang="en-US">Verify that System Executable Have Root Ownership</title>
            <description xmlns:xhtml="http://www.w3.org/1999/xhtml" xml:lang="en-US"><html:pre xmlns:html="http://www.w3.org/1999/xhtml">/bin
/sbin
/usr/bin
/usr/sbin
/usr/local/bin
/usr/local/sbin</html:pre>
All these directories should be owned by the <html:code xmlns:html="http://www.w3.org/1999/xhtml">root</html:code> user.
If any directory <html:i xmlns:html="http://www.w3.org/1999/xhtml">DIR</html:i> in these directories is found
to be owned by a user other than root, correct its ownership with the
following command:
<html:pre xmlns:html="http://www.w3.org/1999/xhtml">$ sudo chown root <html:i>DIR</html:i>
         </html:pre>
        </description>
            <reference href="https://www.cyber.mil/stigs/downloads/?_dl_facet_stigs=operating-systems%2Cgeneral-purpose-os">SRG-OS-000258-GPOS-00099</reference>
            <rationale xmlns:xhtml="http://www.w3.org/1999/xhtml" xml:lang="en-US">System binaries are executed by privileged users as well as system services,
and restrictive permissions are necessary to ensure that their
execution of these programs cannot be co-opted.</rationale>
            <fix xmlns:xhtml="http://www.w3.org/1999/xhtml" id="dir_ownership_binary_dirs" system="urn:xccdf:fix:script:sh" complexity="low" disruption="low" strategy="configure">
newown=""
if id "0" &gt;/dev/null 2&gt;&amp;1; then
  newown="0"
fi

if [[ -z "$newown" ]]; then
  &gt;&amp;2 echo "0 is not a defined user on the system"
else
find -P /bin/  -type d  ! -user 0 -exec chown --no-dereference "$newown" {} \;
find -P /sbin/  -type d  ! -user 0 -exec chown --no-dereference "$newown" {} \;
find -P /usr/bin/  -type d  ! -user 0 -exec chown --no-dereference "$newown" {} \;
find -P /usr/sbin/  -type d  ! -user 0 -exec chown --no-dereference "$newown" {} \;
find -P /usr/local/bin/  -type d  ! -user 0 -exec chown --no-dereference "$newown" {} \;
find -P /usr/local/sbin/  -type d  ! -user 0 -exec chown --no-dereference "$newown" {} \;

fi
</fix>
            <fix xmlns:xhtml="http://www.w3.org/1999/xhtml" id="dir_ownership_binary_dirs" system="urn:xccdf:fix:script:ansible" complexity="low" disruption="low" strategy="configure">- name: Set the dir_ownership_binary_dirs_newown variable if represented by uid
  ansible.builtin.set_fact:
    dir_ownership_binary_dirs_newown: '0'
  tags:
  - configure_strategy
  - dir_ownership_binary_dirs
  - low_complexity
  - low_disruption
  - medium_severity
  - no_reboot_needed

- name: Ensure owner on directory /bin/ recursively
  ansible.builtin.file:
    path: /bin/
    follow: false
    state: directory
    recurse: true
    owner: '{{ dir_ownership_binary_dirs_newown }}'
  tags:
  - configure_strategy
  - dir_ownership_binary_dirs
  - low_complexity
  - low_disruption
  - medium_severity
  - no_reboot_needed

- name: Ensure owner on directory /sbin/ recursively
  ansible.builtin.file:
    path: /sbin/
    follow: false
    state: directory
    recurse: true
    owner: '{{ dir_ownership_binary_dirs_newown }}'
  tags:
  - configure_strategy
  - dir_ownership_binary_dirs
  - low_complexity
  - low_disruption
  - medium_severity
  - no_reboot_needed

- name: Ensure owner on directory /usr/bin/ recursively
  ansible.builtin.file:
    path: /usr/bin/
    follow: false
    state: directory
    recurse: true
    owner: '{{ dir_ownership_binary_dirs_newown }}'
  tags:
  - configure_strategy
  - dir_ownership_binary_dirs
  - low_complexity
  - low_disruption
  - medium_severity
  - no_reboot_needed

- name: Ensure owner on directory /usr/sbin/ recursively
  ansible.builtin.file:
    path: /usr/sbin/
    follow: false
    state: directory
    recurse: true
    owner: '{{ dir_ownership_binary_dirs_newown }}'
  tags:
  - configure_strategy
  - dir_ownership_binary_dirs
  - low_complexity
  - low_disruption
  - medium_severity
  - no_reboot_needed

- name: Ensure owner on directory /usr/local/bin/ recursively
  ansible.builtin.file:
    path: /usr/local/bin/
    follow: false
    state: directory
    recurse: true
    owner: '{{ dir_ownership_binary_dirs_newown }}'
  tags:
  - configure_strategy
  - dir_ownership_binary_dirs
  - low_complexity
  - low_disruption
  - medium_severity
  - no_reboot_needed

- name: Ensure owner on directory /usr/local/sbin/ recursively
  ansible.builtin.file:
    path: /usr/local/sbin/
    follow: false
    state: directory
    recurse: true
    owner: '{{ dir_ownership_binary_dirs_newown }}'
  tags:
  - configure_strategy
  - dir_ownership_binary_dirs
  - low_complexity
  - low_disruption
  - medium_severity
  - no_reboot_needed
</fix>
            <check system="http://oval.mitre.org/XMLSchema/oval-definitions-5">
              <check-content-ref name="oval:ssg-dir_ownership_binary_dirs:def:1" href="ssg-sle15-oval.xml"/>
            </check>
            <check system="http://scap.nist.gov/schema/ocil/2">
              <check-content-ref name="ocil:ssg-dir_ownership_binary_dirs_ocil:questionnaire:1" href="ssg-sle15-ocil.xml"/>
            </check>
          </Rule>
          <Rule id="xccdf_org.ssgproject.content_rule_dir_ownership_library_dirs" selected="false" role="full" severity="medium">
            <title xmlns:xhtml="http://www.w3.org/1999/xhtml" xml:lang="en-US">Verify that Shared Library Directories Have Root Ownership</title>
            <description xmlns:xhtml="http://www.w3.org/1999/xhtml" xml:lang="en-US">System-wide shared library files, which are linked to executables
during process load time or run time, are stored in the following directories
by default:
<html:pre xmlns:html="http://www.w3.org/1999/xhtml">/lib
/lib64
/usr/lib
/usr/lib64
</html:pre>
Kernel modules, which can be added to the kernel during runtime, are also
stored in <html:code xmlns:html="http://www.w3.org/1999/xhtml">/lib/modules</html:code>. All files in these directories should be
owned by the <html:code xmlns:html="http://www.w3.org/1999/xhtml">root</html:code> user. If the  directories, is found to be owned
by a user other than root correct its
ownership with the following command:
<html:pre xmlns:html="http://www.w3.org/1999/xhtml">$ sudo chown root <html:i>DIR</html:i>
         </html:pre>
        </description>
            <reference href="http://nvlpubs.nist.gov/nistpubs/SpecialPublications/NIST.SP.800-53r4.pdf">CM-5(6)</reference>
            <reference href="http://nvlpubs.nist.gov/nistpubs/SpecialPublications/NIST.SP.800-53r4.pdf">CM-5(6).1</reference>
            <reference href="https://www.cyber.mil/stigs/downloads/?_dl_facet_stigs=operating-systems%2Cgeneral-purpose-os">SRG-OS-000259-GPOS-00100</reference>
            <reference href="https://www.cyber.mil/stigs/downloads/?_dl_facet_stigs=operating-systems%2Cunix-linux">SLES-15-010354</reference>
            <reference href="https://www.cyber.mil/stigs/srg-stig-tools/">SV-234837r991560_rule</reference>
            <rationale xmlns:xhtml="http://www.w3.org/1999/xhtml" xml:lang="en-US">Files from shared library directories are loaded into the address
space of processes (including privileged ones) or of the kernel itself at
runtime. Proper ownership of library directories is necessary to protect
the integrity of the system.</rationale>
            <ident system="https://ncp.nist.gov/cce">CCE-85735-9</ident>
            <fix xmlns:xhtml="http://www.w3.org/1999/xhtml" id="dir_ownership_library_dirs" system="urn:xccdf:fix:script:sh" complexity="low" disruption="low" strategy="configure">
newown=""
if id "0" &gt;/dev/null 2&gt;&amp;1; then
  newown="0"
fi

if [[ -z "$newown" ]]; then
  &gt;&amp;2 echo "0 is not a defined user on the system"
else
find -P /lib/  -type d  ! -user 0 -exec chown --no-dereference "$newown" {} \;
find -P /lib64/  -type d  ! -user 0 -exec chown --no-dereference "$newown" {} \;
find -P /usr/lib/  -type d  ! -user 0 -exec chown --no-dereference "$newown" {} \;
find -P /usr/lib64/  -type d  ! -user 0 -exec chown --no-dereference "$newown" {} \;

fi
</fix>
            <fix xmlns:xhtml="http://www.w3.org/1999/xhtml" id="dir_ownership_library_dirs" system="urn:xccdf:fix:script:ansible" complexity="low" disruption="low" strategy="configure">- name: Set the dir_ownership_library_dirs_newown variable if represented by uid
  ansible.builtin.set_fact:
    dir_ownership_library_dirs_newown: '0'
  tags:
  - CCE-85735-9
  - DISA-STIG-SLES-15-010354
  - NIST-800-53-CM-5(6)
  - NIST-800-53-CM-5(6).1
  - configure_strategy
  - dir_ownership_library_dirs
  - low_complexity
  - low_disruption
  - medium_severity
  - no_reboot_needed

- name: Ensure owner on directory /lib/ recursively
  ansible.builtin.file:
    path: /lib/
    follow: false
    state: directory
    recurse: true
    owner: '{{ dir_ownership_library_dirs_newown }}'
  tags:
  - CCE-85735-9
  - DISA-STIG-SLES-15-010354
  - NIST-800-53-CM-5(6)
  - NIST-800-53-CM-5(6).1
  - configure_strategy
  - dir_ownership_library_dirs
  - low_complexity
  - low_disruption
  - medium_severity
  - no_reboot_needed

- name: Ensure owner on directory /lib64/ recursively
  ansible.builtin.file:
    path: /lib64/
    follow: false
    state: directory
    recurse: true
    owner: '{{ dir_ownership_library_dirs_newown }}'
  tags:
  - CCE-85735-9
  - DISA-STIG-SLES-15-010354
  - NIST-800-53-CM-5(6)
  - NIST-800-53-CM-5(6).1
  - configure_strategy
  - dir_ownership_library_dirs
  - low_complexity
  - low_disruption
  - medium_severity
  - no_reboot_needed

- name: Ensure owner on directory /usr/lib/ recursively
  ansible.builtin.file:
    path: /usr/lib/
    follow: false
    state: directory
    recurse: true
    owner: '{{ dir_ownership_library_dirs_newown }}'
  tags:
  - CCE-85735-9
  - DISA-STIG-SLES-15-010354
  - NIST-800-53-CM-5(6)
  - NIST-800-53-CM-5(6).1
  - configure_strategy
  - dir_ownership_library_dirs
  - low_complexity
  - low_disruption
  - medium_severity
  - no_reboot_needed

- name: Ensure owner on directory /usr/lib64/ recursively
  ansible.builtin.file:
    path: /usr/lib64/
    follow: false
    state: directory
    recurse: true
    owner: '{{ dir_ownership_library_dirs_newown }}'
  tags:
  - CCE-85735-9
  - DISA-STIG-SLES-15-010354
  - NIST-800-53-CM-5(6)
  - NIST-800-53-CM-5(6).1
  - configure_strategy
  - dir_ownership_library_dirs
  - low_complexity
  - low_disruption
  - medium_severity
  - no_reboot_needed
</fix>
            <check system="http://oval.mitre.org/XMLSchema/oval-definitions-5">
              <check-content-ref name="oval:ssg-dir_ownership_library_dirs:def:1" href="ssg-sle15-oval.xml"/>
            </check>
            <check system="http://scap.nist.gov/schema/ocil/2">
              <check-content-ref name="ocil:ssg-dir_ownership_library_dirs_ocil:questionnaire:1" href="ssg-sle15-ocil.xml"/>
            </check>
          </Rule>
          <Rule id="xccdf_org.ssgproject.content_rule_dir_permissions_binary_dirs" selected="false" role="full" severity="medium">
            <title xmlns:xhtml="http://www.w3.org/1999/xhtml" xml:lang="en-US">Verify that System Executable Directories Have Restrictive Permissions</title>
            <description xmlns:xhtml="http://www.w3.org/1999/xhtml" xml:lang="en-US">System executables are stored in the following directories by default:
<html:pre xmlns:html="http://www.w3.org/1999/xhtml">/bin
/sbin
/usr/bin
/usr/sbin
/usr/local/bin
/usr/local/sbin</html:pre>
These directories should not be group-writable or world-writable.
If any directory <html:i xmlns:html="http://www.w3.org/1999/xhtml">DIR</html:i> in these directories is found to be
group-writable or world-writable, correct its permission with the
following command:
<html:pre xmlns:html="http://www.w3.org/1999/xhtml">$ sudo chmod go-w <html:i>DIR</html:i>
         </html:pre>
        </description>
            <reference href="https://www.cyber.mil/stigs/downloads/?_dl_facet_stigs=operating-systems%2Cgeneral-purpose-os">SRG-OS-000258-GPOS-00099</reference>
            <rationale xmlns:xhtml="http://www.w3.org/1999/xhtml" xml:lang="en-US">System binaries are executed by privileged users, as well as system services,
and restrictive permissions are necessary to ensure execution of these programs
cannot be co-opted.</rationale>
            <fix xmlns:xhtml="http://www.w3.org/1999/xhtml" id="dir_permissions_binary_dirs" system="urn:xccdf:fix:script:sh" complexity="low" disruption="low" strategy="configure">



find -H /bin/  -perm /u+s,g+ws,o+wt -type d -exec chmod u-s,g-ws,o-wt {} \;

find -H /sbin/  -perm /u+s,g+ws,o+wt -type d -exec chmod u-s,g-ws,o-wt {} \;

find -H /usr/bin/  -perm /u+s,g+ws,o+wt -type d -exec chmod u-s,g-ws,o-wt {} \;

find -H /usr/sbin/  -perm /u+s,g+ws,o+wt -type d -exec chmod u-s,g-ws,o-wt {} \;

find -H /usr/local/bin/  -perm /u+s,g+ws,o+wt -type d -exec chmod u-s,g-ws,o-wt {} \;

find -H /usr/local/sbin/  -perm /u+s,g+ws,o+wt -type d -exec chmod u-s,g-ws,o-wt {} \;
</fix>
            <fix xmlns:xhtml="http://www.w3.org/1999/xhtml" id="dir_permissions_binary_dirs" system="urn:xccdf:fix:script:ansible" complexity="low" disruption="low" strategy="configure">- name: Find /bin/ file(s) recursively
  ansible.builtin.command: 'find -P /bin/  -perm /u+s,g+ws,o+wt  -type d '
  register: files_found
  changed_when: false
  failed_when: false
  check_mode: false
  tags:
  - configure_strategy
  - dir_permissions_binary_dirs
  - low_complexity
  - low_disruption
  - medium_severity
  - no_reboot_needed

- name: Set permissions for /bin/ file(s)
  ansible.builtin.file:
    path: '{{ item }}'
    mode: u-s,g-ws,o-wt
    state: directory
  with_items:
  - '{{ files_found.stdout_lines }}'
  tags:
  - configure_strategy
  - dir_permissions_binary_dirs
  - low_complexity
  - low_disruption
  - medium_severity
  - no_reboot_needed

- name: Find /sbin/ file(s) recursively
  ansible.builtin.command: 'find -P /sbin/  -perm /u+s,g+ws,o+wt  -type d '
  register: files_found
  changed_when: false
  failed_when: false
  check_mode: false
  tags:
  - configure_strategy
  - dir_permissions_binary_dirs
  - low_complexity
  - low_disruption
  - medium_severity
  - no_reboot_needed

- name: Set permissions for /sbin/ file(s)
  ansible.builtin.file:
    path: '{{ item }}'
    mode: u-s,g-ws,o-wt
    state: directory
  with_items:
  - '{{ files_found.stdout_lines }}'
  tags:
  - configure_strategy
  - dir_permissions_binary_dirs
  - low_complexity
  - low_disruption
  - medium_severity
  - no_reboot_needed

- name: Find /usr/bin/ file(s) recursively
  ansible.builtin.command: 'find -P /usr/bin/  -perm /u+s,g+ws,o+wt  -type d '
  register: files_found
  changed_when: false
  failed_when: false
  check_mode: false
  tags:
  - configure_strategy
  - dir_permissions_binary_dirs
  - low_complexity
  - low_disruption
  - medium_severity
  - no_reboot_needed

- name: Set permissions for /usr/bin/ file(s)
  ansible.builtin.file:
    path: '{{ item }}'
    mode: u-s,g-ws,o-wt
    state: directory
  with_items:
  - '{{ files_found.stdout_lines }}'
  tags:
  - configure_strategy
  - dir_permissions_binary_dirs
  - low_complexity
  - low_disruption
  - medium_severity
  - no_reboot_needed

- name: Find /usr/sbin/ file(s) recursively
  ansible.builtin.command: 'find -P /usr/sbin/  -perm /u+s,g+ws,o+wt  -type d '
  register: files_found
  changed_when: false
  failed_when: false
  check_mode: false
  tags:
  - configure_strategy
  - dir_permissions_binary_dirs
  - low_complexity
  - low_disruption
  - medium_severity
  - no_reboot_needed

- name: Set permissions for /usr/sbin/ file(s)
  ansible.builtin.file:
    path: '{{ item }}'
    mode: u-s,g-ws,o-wt
    state: directory
  with_items:
  - '{{ files_found.stdout_lines }}'
  tags:
  - configure_strategy
  - dir_permissions_binary_dirs
  - low_complexity
  - low_disruption
  - medium_severity
  - no_reboot_needed

- name: Find /usr/local/bin/ file(s) recursively
  ansible.builtin.command: 'find -P /usr/local/bin/  -perm /u+s,g+ws,o+wt  -type d '
  register: files_found
  changed_when: false
  failed_when: false
  check_mode: false
  tags:
  - configure_strategy
  - dir_permissions_binary_dirs
  - low_complexity
  - low_disruption
  - medium_severity
  - no_reboot_needed

- name: Set permissions for /usr/local/bin/ file(s)
  ansible.builtin.file:
    path: '{{ item }}'
    mode: u-s,g-ws,o-wt
    state: directory
  with_items:
  - '{{ files_found.stdout_lines }}'
  tags:
  - configure_strategy
  - dir_permissions_binary_dirs
  - low_complexity
  - low_disruption
  - medium_severity
  - no_reboot_needed

- name: Find /usr/local/sbin/ file(s) recursively
  ansible.builtin.command: 'find -P /usr/local/sbin/  -perm /u+s,g+ws,o+wt  -type
    d '
  register: files_found
  changed_when: false
  failed_when: false
  check_mode: false
  tags:
  - configure_strategy
  - dir_permissions_binary_dirs
  - low_complexity
  - low_disruption
  - medium_severity
  - no_reboot_needed

- name: Set permissions for /usr/local/sbin/ file(s)
  ansible.builtin.file:
    path: '{{ item }}'
    mode: u-s,g-ws,o-wt
    state: directory
  with_items:
  - '{{ files_found.stdout_lines }}'
  tags:
  - configure_strategy
  - dir_permissions_binary_dirs
  - low_complexity
  - low_disruption
  - medium_severity
  - no_reboot_needed
</fix>
            <check system="http://oval.mitre.org/XMLSchema/oval-definitions-5">
              <check-content-ref name="oval:ssg-dir_permissions_binary_dirs:def:1" href="ssg-sle15-oval.xml"/>
            </check>
            <check system="http://scap.nist.gov/schema/ocil/2">
              <check-content-ref name="ocil:ssg-dir_permissions_binary_dirs_ocil:questionnaire:1" href="ssg-sle15-ocil.xml"/>
            </check>
          </Rule>
          <Rule id="xccdf_org.ssgproject.content_rule_dir_permissions_library_dirs" selected="false" role="full" severity="medium">
            <title xmlns:xhtml="http://www.w3.org/1999/xhtml" xml:lang="en-US">Verify that Shared Library Directories Have Restrictive Permissions</title>
            <description xmlns:xhtml="http://www.w3.org/1999/xhtml" xml:lang="en-US">System-wide shared library directories, which contain are linked to executables
during process load time or run time, are stored in the following directories
by default:
<html:pre xmlns:html="http://www.w3.org/1999/xhtml">/lib
/lib64
/usr/lib
/usr/lib64
</html:pre>
Kernel modules, which can be added to the kernel during runtime, are
stored in <html:code xmlns:html="http://www.w3.org/1999/xhtml">/lib/modules</html:code>. All sub-directories in these directories
should not be group-writable or world-writable. If any file in these
directories is found to be group-writable or world-writable, correct
its permission with the following command:
<html:pre xmlns:html="http://www.w3.org/1999/xhtml">$ sudo chmod go-w <html:i>DIR</html:i>
         </html:pre>
        </description>
            <reference href="https://www.nerc.com/standards/reliability-standards/cip">CIP-003-8 R6</reference>
            <reference href="http://nvlpubs.nist.gov/nistpubs/SpecialPublications/NIST.SP.800-53r4.pdf">CM-5</reference>
            <reference href="http://nvlpubs.nist.gov/nistpubs/SpecialPublications/NIST.SP.800-53r4.pdf">CM-5(6)</reference>
            <reference href="http://nvlpubs.nist.gov/nistpubs/SpecialPublications/NIST.SP.800-53r4.pdf">CM-5(6).1</reference>
            <reference href="https://www.cyber.mil/stigs/downloads/?_dl_facet_stigs=operating-systems%2Cgeneral-purpose-os">SRG-OS-000259-GPOS-00100</reference>
            <reference href="https://www.cyber.mil/stigs/downloads/?_dl_facet_stigs=operating-systems%2Cunix-linux">SLES-15-010352</reference>
            <reference href="https://www.cyber.mil/stigs/srg-stig-tools/">SV-234835r991560_rule</reference>
            <rationale xmlns:xhtml="http://www.w3.org/1999/xhtml" xml:lang="en-US">If the operating system were to allow any user to make changes to software libraries,
then those changes might be implemented without undergoing the appropriate testing
and approvals that are part of a robust change management process.

This requirement applies to operating systems with software libraries that are accessible
and configurable, as in the case of interpreted languages. Software libraries also include
privileged programs which execute with escalated privileges. Only qualified and authorized
individuals must be allowed to obtain access to information system components for purposes
of initiating changes, including upgrades and modifications.</rationale>
            <ident system="https://ncp.nist.gov/cce">CCE-85753-2</ident>
            <fix xmlns:xhtml="http://www.w3.org/1999/xhtml" id="dir_permissions_library_dirs" system="urn:xccdf:fix:script:sh" complexity="low" disruption="low" strategy="configure">



find -H /lib/  -perm /g+w,o+w -type d -exec chmod g-w,o-w {} \;

find -H /lib64/  -perm /g+w,o+w -type d -exec chmod g-w,o-w {} \;

find -H /usr/lib/  -perm /g+w,o+w -type d -exec chmod g-w,o-w {} \;

find -H /usr/lib64/  -perm /g+w,o+w -type d -exec chmod g-w,o-w {} \;
</fix>
            <fix xmlns:xhtml="http://www.w3.org/1999/xhtml" id="dir_permissions_library_dirs" system="urn:xccdf:fix:script:ansible" complexity="low" disruption="low" strategy="configure">- name: Find /lib/ file(s) recursively
  ansible.builtin.command: 'find -P /lib/  -perm /g+w,o+w  -type d '
  register: files_found
  changed_when: false
  failed_when: false
  check_mode: false
  tags:
  - CCE-85753-2
  - DISA-STIG-SLES-15-010352
  - NIST-800-53-CM-5
  - NIST-800-53-CM-5(6)
  - NIST-800-53-CM-5(6).1
  - configure_strategy
  - dir_permissions_library_dirs
  - low_complexity
  - low_disruption
  - medium_severity
  - no_reboot_needed

- name: Set permissions for /lib/ file(s)
  ansible.builtin.file:
    path: '{{ item }}'
    mode: g-w,o-w
    state: directory
  with_items:
  - '{{ files_found.stdout_lines }}'
  tags:
  - CCE-85753-2
  - DISA-STIG-SLES-15-010352
  - NIST-800-53-CM-5
  - NIST-800-53-CM-5(6)
  - NIST-800-53-CM-5(6).1
  - configure_strategy
  - dir_permissions_library_dirs
  - low_complexity
  - low_disruption
  - medium_severity
  - no_reboot_needed

- name: Find /lib64/ file(s) recursively
  ansible.builtin.command: 'find -P /lib64/  -perm /g+w,o+w  -type d '
  register: files_found
  changed_when: false
  failed_when: false
  check_mode: false
  tags:
  - CCE-85753-2
  - DISA-STIG-SLES-15-010352
  - NIST-800-53-CM-5
  - NIST-800-53-CM-5(6)
  - NIST-800-53-CM-5(6).1
  - configure_strategy
  - dir_permissions_library_dirs
  - low_complexity
  - low_disruption
  - medium_severity
  - no_reboot_needed

- name: Set permissions for /lib64/ file(s)
  ansible.builtin.file:
    path: '{{ item }}'
    mode: g-w,o-w
    state: directory
  with_items:
  - '{{ files_found.stdout_lines }}'
  tags:
  - CCE-85753-2
  - DISA-STIG-SLES-15-010352
  - NIST-800-53-CM-5
  - NIST-800-53-CM-5(6)
  - NIST-800-53-CM-5(6).1
  - configure_strategy
  - dir_permissions_library_dirs
  - low_complexity
  - low_disruption
  - medium_severity
  - no_reboot_needed

- name: Find /usr/lib/ file(s) recursively
  ansible.builtin.command: 'find -P /usr/lib/  -perm /g+w,o+w  -type d '
  register: files_found
  changed_when: false
  failed_when: false
  check_mode: false
  tags:
  - CCE-85753-2
  - DISA-STIG-SLES-15-010352
  - NIST-800-53-CM-5
  - NIST-800-53-CM-5(6)
  - NIST-800-53-CM-5(6).1
  - configure_strategy
  - dir_permissions_library_dirs
  - low_complexity
  - low_disruption
  - medium_severity
  - no_reboot_needed

- name: Set permissions for /usr/lib/ file(s)
  ansible.builtin.file:
    path: '{{ item }}'
    mode: g-w,o-w
    state: directory
  with_items:
  - '{{ files_found.stdout_lines }}'
  tags:
  - CCE-85753-2
  - DISA-STIG-SLES-15-010352
  - NIST-800-53-CM-5
  - NIST-800-53-CM-5(6)
  - NIST-800-53-CM-5(6).1
  - configure_strategy
  - dir_permissions_library_dirs
  - low_complexity
  - low_disruption
  - medium_severity
  - no_reboot_needed

- name: Find /usr/lib64/ file(s) recursively
  ansible.builtin.command: 'find -P /usr/lib64/  -perm /g+w,o+w  -type d '
  register: files_found
  changed_when: false
  failed_when: false
  check_mode: false
  tags:
  - CCE-85753-2
  - DISA-STIG-SLES-15-010352
  - NIST-800-53-CM-5
  - NIST-800-53-CM-5(6)
  - NIST-800-53-CM-5(6).1
  - configure_strategy
  - dir_permissions_library_dirs
  - low_complexity
  - low_disruption
  - medium_severity
  - no_reboot_needed

- name: Set permissions for /usr/lib64/ file(s)
  ansible.builtin.file:
    path: '{{ item }}'
    mode: g-w,o-w
    state: directory
  with_items:
  - '{{ files_found.stdout_lines }}'
  tags:
  - CCE-85753-2
  - DISA-STIG-SLES-15-010352
  - NIST-800-53-CM-5
  - NIST-800-53-CM-5(6)
  - NIST-800-53-CM-5(6).1
  - configure_strategy
  - dir_permissions_library_dirs
  - low_complexity
  - low_disruption
  - medium_severity
  - no_reboot_needed
</fix>
            <check system="http://oval.mitre.org/XMLSchema/oval-definitions-5">
              <check-content-ref name="oval:ssg-dir_permissions_library_dirs:def:1" href="ssg-sle15-oval.xml"/>
            </check>
            <check system="http://scap.nist.gov/schema/ocil/2">
              <check-content-ref name="ocil:ssg-dir_permissions_library_dirs_ocil:questionnaire:1" href="ssg-sle15-ocil.xml"/>
            </check>
          </Rule>
          <Rule id="xccdf_org.ssgproject.content_rule_directory_groupowner_etc_sysctld" selected="false" role="full" severity="medium">
            <title xmlns:xhtml="http://www.w3.org/1999/xhtml" xml:lang="en-US">Verify Group Who Owns /etc/sysctl.d Directory</title>
            <description xmlns:xhtml="http://www.w3.org/1999/xhtml" xml:lang="en-US"> To properly set the group owner of <html:code xmlns:html="http://www.w3.org/1999/xhtml">/etc/sysctl.d</html:code>, run the command:
<html:pre xmlns:html="http://www.w3.org/1999/xhtml">$ sudo chgrp root /etc/sysctl.d</html:pre>
        </description>
            <reference href="https://cyber.gouv.fr/sites/default/files/document/linux_configuration-en-v2.pdf">R50</reference>
            <reference href="not_publicly_available">SLES-15-900150270</reference>
            <rationale xmlns:xhtml="http://www.w3.org/1999/xhtml" xml:lang="en-US">The ownership of the /etc/sysctl.d directory by the root group is important
because this directory hosts kernel configuration. Protection of this
directory is critical for system security. Assigning the ownership to root
ensures exclusive control of the kernel configuration.</rationale>
            <platform idref="#system_with_kernel"/>
            <ident system="https://ncp.nist.gov/cce">CCE-92506-5</ident>
            <fix xmlns:xhtml="http://www.w3.org/1999/xhtml" id="directory_groupowner_etc_sysctld" system="urn:xccdf:fix:script:sh" complexity="low" disruption="low" strategy="configure"># Remediation is applicable only in certain platforms
if rpm --quiet -q kernel-default || rpm --quiet -q kernel-default-base; then

newgroup=""
if getent group "root" &gt;/dev/null 2&gt;&amp;1; then
  newgroup="root"
fi

if [[ -z "${newgroup}" ]]; then
  &gt;&amp;2 echo "root is not a defined group on the system"
else
find -P /etc/sysctl.d/ -maxdepth 0 -type d  ! -group root -exec chgrp --no-dereference "$newgroup" {} \;

fi

else
    &gt;&amp;2 echo 'Remediation is not applicable, nothing was done'
fi
</fix>
            <fix xmlns:xhtml="http://www.w3.org/1999/xhtml" id="directory_groupowner_etc_sysctld" system="urn:xccdf:fix:script:ansible" complexity="low" disruption="low" strategy="configure">- name: Gather the package facts
  package_facts:
    manager: auto
  tags:
  - CCE-92506-5
  - configure_strategy
  - directory_groupowner_etc_sysctld
  - low_complexity
  - low_disruption
  - medium_severity
  - no_reboot_needed

- name: Check that the root group is defined
  ansible.builtin.getent:
    database: group
    key: root
  ignore_errors: true
  when:
  - ("kernel-default" in ansible_facts.packages or "kernel-default-base" in ansible_facts.packages)
  - directory_groupowner_etc_sysctld_newgroup is undefined
  tags:
  - CCE-92506-5
  - configure_strategy
  - directory_groupowner_etc_sysctld
  - low_complexity
  - low_disruption
  - medium_severity
  - no_reboot_needed

- name: Set the directory_groupowner_etc_sysctld_newgroup variable if root found
  ansible.builtin.set_fact:
    directory_groupowner_etc_sysctld_newgroup: root
  when:
  - ("kernel-default" in ansible_facts.packages or "kernel-default-base" in ansible_facts.packages)
  - ansible_facts.getent_group["root"] is defined
  tags:
  - CCE-92506-5
  - configure_strategy
  - directory_groupowner_etc_sysctld
  - low_complexity
  - low_disruption
  - medium_severity
  - no_reboot_needed

- name: Ensure group owner on /etc/sysctl.d/
  ansible.builtin.file:
    path: /etc/sysctl.d/
    follow: false
    state: directory
    group: '{{ directory_groupowner_etc_sysctld_newgroup }}'
  when: ("kernel-default" in ansible_facts.packages or "kernel-default-base" in ansible_facts.packages)
  tags:
  - CCE-92506-5
  - configure_strategy
  - directory_groupowner_etc_sysctld
  - low_complexity
  - low_disruption
  - medium_severity
  - no_reboot_needed
</fix>
            <check system="http://oval.mitre.org/XMLSchema/oval-definitions-5">
              <check-content-ref name="oval:ssg-directory_groupowner_etc_sysctld:def:1" href="ssg-sle15-oval.xml"/>
            </check>
            <check system="http://scap.nist.gov/schema/ocil/2">
              <check-content-ref name="ocil:ssg-directory_groupowner_etc_sysctld_ocil:questionnaire:1" href="ssg-sle15-ocil.xml"/>
            </check>
          </Rule>
          <Rule id="xccdf_org.ssgproject.content_rule_directory_owner_etc_sysctld" selected="false" role="full" severity="medium">
            <title xmlns:xhtml="http://www.w3.org/1999/xhtml" xml:lang="en-US">Verify User Who Owns /etc/sysctl.d Directory</title>
            <description xmlns:xhtml="http://www.w3.org/1999/xhtml" xml:lang="en-US"> To properly set the owner of <html:code xmlns:html="http://www.w3.org/1999/xhtml">/etc/sysctl.d</html:code>, run the command:
<html:pre xmlns:html="http://www.w3.org/1999/xhtml">$ sudo chown root /etc/sysctl.d </html:pre>
        </description>
            <reference href="https://cyber.gouv.fr/sites/default/files/document/linux_configuration-en-v2.pdf">R50</reference>
            <reference href="not_publicly_available">SLES-15-900150270</reference>
            <rationale xmlns:xhtml="http://www.w3.org/1999/xhtml" xml:lang="en-US">The ownership of the /etc/sysctl.d directory by the root user is important
because this directory hosts kernel configuration. Protection of this
directory is critical for system security. Assigning the ownership to root
ensures exclusive control of the kernel configuration.</rationale>
            <platform idref="#system_with_kernel"/>
            <ident system="https://ncp.nist.gov/cce">CCE-92513-1</ident>
            <fix xmlns:xhtml="http://www.w3.org/1999/xhtml" id="directory_owner_etc_sysctld" system="urn:xccdf:fix:script:sh" complexity="low" disruption="low" strategy="configure"># Remediation is applicable only in certain platforms
if rpm --quiet -q kernel-default || rpm --quiet -q kernel-default-base; then

newown=""
if id "0" &gt;/dev/null 2&gt;&amp;1; then
  newown="0"
fi

if [[ -z "$newown" ]]; then
  &gt;&amp;2 echo "0 is not a defined user on the system"
else
find -P /etc/sysctl.d/ -maxdepth 0 -type d  ! -user 0 -exec chown --no-dereference "$newown" {} \;

fi

else
    &gt;&amp;2 echo 'Remediation is not applicable, nothing was done'
fi
</fix>
            <fix xmlns:xhtml="http://www.w3.org/1999/xhtml" id="directory_owner_etc_sysctld" system="urn:xccdf:fix:script:ansible" complexity="low" disruption="low" strategy="configure">- name: Gather the package facts
  package_facts:
    manager: auto
  tags:
  - CCE-92513-1
  - configure_strategy
  - directory_owner_etc_sysctld
  - low_complexity
  - low_disruption
  - medium_severity
  - no_reboot_needed

- name: Set the directory_owner_etc_sysctld_newown variable if represented by uid
  ansible.builtin.set_fact:
    directory_owner_etc_sysctld_newown: '0'
  when: ("kernel-default" in ansible_facts.packages or "kernel-default-base" in ansible_facts.packages)
  tags:
  - CCE-92513-1
  - configure_strategy
  - directory_owner_etc_sysctld
  - low_complexity
  - low_disruption
  - medium_severity
  - no_reboot_needed

- name: Ensure owner on directory /etc/sysctl.d/
  ansible.builtin.file:
    path: /etc/sysctl.d/
    follow: false
    state: directory
    owner: '{{ directory_owner_etc_sysctld_newown }}'
  when: ("kernel-default" in ansible_facts.packages or "kernel-default-base" in ansible_facts.packages)
  tags:
  - CCE-92513-1
  - configure_strategy
  - directory_owner_etc_sysctld
  - low_complexity
  - low_disruption
  - medium_severity
  - no_reboot_needed
</fix>
            <check system="http://oval.mitre.org/XMLSchema/oval-definitions-5">
              <check-content-ref name="oval:ssg-directory_owner_etc_sysctld:def:1" href="ssg-sle15-oval.xml"/>
            </check>
            <check system="http://scap.nist.gov/schema/ocil/2">
              <check-content-ref name="ocil:ssg-directory_owner_etc_sysctld_ocil:questionnaire:1" href="ssg-sle15-ocil.xml"/>
            </check>
          </Rule>
          <Rule id="xccdf_org.ssgproject.content_rule_directory_permissions_etc_sysctld" selected="false" role="full" severity="medium">
            <title xmlns:xhtml="http://www.w3.org/1999/xhtml" xml:lang="en-US">Verify Permissions On /etc/sysctl.d Directory</title>
            <description xmlns:xhtml="http://www.w3.org/1999/xhtml" xml:lang="en-US"> To properly set the permissions of <html:code xmlns:html="http://www.w3.org/1999/xhtml">/etc/sysctl.d</html:code>, run the command: <html:pre xmlns:html="http://www.w3.org/1999/xhtml">$ sudo chmod 0755 /etc/sysctl.d</html:pre>
        </description>
            <reference href="https://cyber.gouv.fr/sites/default/files/document/linux_configuration-en-v2.pdf">R50</reference>
            <reference href="not_publicly_available">SLES-15-900150270</reference>
            <rationale xmlns:xhtml="http://www.w3.org/1999/xhtml" xml:lang="en-US">Setting correct permissions on the /etc/sysctl.d directory is important
because this directory hosts kernel configuration. Protection of this
directory is critical for system security. Restricting the permissions
ensures exclusive control of the kernel configuration.</rationale>
            <platform idref="#system_with_kernel"/>
            <ident system="https://ncp.nist.gov/cce">CCE-92527-1</ident>
            <fix xmlns:xhtml="http://www.w3.org/1999/xhtml" id="directory_permissions_etc_sysctld" system="urn:xccdf:fix:script:sh" complexity="low" disruption="low" strategy="configure"># Remediation is applicable only in certain platforms
if rpm --quiet -q kernel-default || rpm --quiet -q kernel-default-base; then

find -H /etc/sysctl.d/ -maxdepth 0 -perm /u+s,g+ws,o+wt -type d -exec chmod u-s,g-ws,o-wt {} \;

else
    &gt;&amp;2 echo 'Remediation is not applicable, nothing was done'
fi
</fix>
            <fix xmlns:xhtml="http://www.w3.org/1999/xhtml" id="directory_permissions_etc_sysctld" system="urn:xccdf:fix:script:ansible" complexity="low" disruption="low" strategy="configure">- name: Gather the package facts
  package_facts:
    manager: auto
  tags:
  - CCE-92527-1
  - configure_strategy
  - directory_permissions_etc_sysctld
  - low_complexity
  - low_disruption
  - medium_severity
  - no_reboot_needed

- name: Find /etc/sysctl.d/ file(s)
  ansible.builtin.command: 'find -P /etc/sysctl.d/ -maxdepth 0 -perm /u+s,g+ws,o+wt  -type
    d '
  register: files_found
  changed_when: false
  failed_when: false
  check_mode: false
  when: ("kernel-default" in ansible_facts.packages or "kernel-default-base" in ansible_facts.packages)
  tags:
  - CCE-92527-1
  - configure_strategy
  - directory_permissions_etc_sysctld
  - low_complexity
  - low_disruption
  - medium_severity
  - no_reboot_needed

- name: Set permissions for /etc/sysctl.d/ file(s)
  ansible.builtin.file:
    path: '{{ item }}'
    mode: u-s,g-ws,o-wt
    state: directory
  with_items:
  - '{{ files_found.stdout_lines }}'
  when: ("kernel-default" in ansible_facts.packages or "kernel-default-base" in ansible_facts.packages)
  tags:
  - CCE-92527-1
  - configure_strategy
  - directory_permissions_etc_sysctld
  - low_complexity
  - low_disruption
  - medium_severity
  - no_reboot_needed
</fix>
            <check system="http://oval.mitre.org/XMLSchema/oval-definitions-5">
              <check-content-ref name="oval:ssg-directory_permissions_etc_sysctld:def:1" href="ssg-sle15-oval.xml"/>
            </check>
            <check system="http://scap.nist.gov/schema/ocil/2">
              <check-content-ref name="ocil:ssg-directory_permissions_etc_sysctld_ocil:questionnaire:1" href="ssg-sle15-ocil.xml"/>
            </check>
          </Rule>
          <Rule id="xccdf_org.ssgproject.content_rule_file_groupownership_system_commands_dirs" selected="false" role="full" severity="medium">
            <title xmlns:xhtml="http://www.w3.org/1999/xhtml" xml:lang="en-US">Verify that system commands files are group owned by root or a system account</title>
            <description xmlns:xhtml="http://www.w3.org/1999/xhtml" xml:lang="en-US">System commands files are stored in the following directories by default:
<html:pre xmlns:html="http://www.w3.org/1999/xhtml">/bin
/sbin
/usr/bin
/usr/sbin
/usr/local/bin
/usr/local/sbin
</html:pre>
All files in these directories should be owned by the <html:code xmlns:html="http://www.w3.org/1999/xhtml">root</html:code> group,
or a system account.
If the directory, or any file in these directories, is found to be owned
by a group other than root or a a system account correct its ownership
with the following command:
<html:pre xmlns:html="http://www.w3.org/1999/xhtml">$ sudo chgrp root <html:i>FILE</html:i>
         </html:pre>
        </description>
            <reference href="http://nvlpubs.nist.gov/nistpubs/SpecialPublications/NIST.SP.800-53r4.pdf">CM-5(6)</reference>
            <reference href="http://nvlpubs.nist.gov/nistpubs/SpecialPublications/NIST.SP.800-53r4.pdf">CM-5(6).1</reference>
            <reference href="https://www.cyber.mil/stigs/downloads/?_dl_facet_stigs=operating-systems%2Cgeneral-purpose-os">SRG-OS-000259-GPOS-00100</reference>
            <reference href="https://www.cyber.mil/stigs/downloads/?_dl_facet_stigs=operating-systems%2Cunix-linux">SLES-15-010361</reference>
            <reference href="https://cyber.gouv.fr/sites/default/files/document/linux_configuration-en-v2.pdf">R50</reference>
            <reference href="https://www.cyber.mil/stigs/srg-stig-tools/">SV-234844r991560_rule</reference>
            <rationale xmlns:xhtml="http://www.w3.org/1999/xhtml" xml:lang="en-US">If the operating system allows any user to make changes to software
libraries, then those changes might be implemented without undergoing the
appropriate testing and approvals that are part of a robust change management
process.
This requirement applies to operating systems with software libraries
that are accessible and configurable, as in the case of interpreted languages.
Software libraries also include privileged programs which execute with
escalated privileges. Only qualified and authorized individuals must be
allowed to obtain access to information system components for purposes
of initiating changes, including upgrades and modifications.</rationale>
            <ident system="https://ncp.nist.gov/cce">CCE-85742-5</ident>
            <fix xmlns:xhtml="http://www.w3.org/1999/xhtml" id="file_groupownership_system_commands_dirs" system="urn:xccdf:fix:script:sh">
find -P /bin /sbin /usr/bin /usr/sbin /usr/local/bin /usr/local/sbin \! -group root -type f -exec chgrp root '{}' \; || true
</fix>
            <fix xmlns:xhtml="http://www.w3.org/1999/xhtml" id="file_groupownership_system_commands_dirs" system="urn:xccdf:fix:script:ansible" complexity="medium" disruption="medium" strategy="restrict">- name: Verify that system commands files are group owned by root or a system account
    - Find system command files with incorrect group ownership
  ansible.builtin.find:
    paths: '{{ item }}'
    file_type: file
    follow: false
    recurse: false
  register: system_command_files_found
  with_items:
  - /bin
  - /sbin
  - /usr/bin
  - /usr/sbin
  - /usr/local/bin
  - /usr/local/sbin
  changed_when: false
  tags:
  - CCE-85742-5
  - DISA-STIG-SLES-15-010361
  - NIST-800-53-CM-5(6)
  - NIST-800-53-CM-5(6).1
  - file_groupownership_system_commands_dirs
  - medium_complexity
  - medium_disruption
  - medium_severity
  - no_reboot_needed
  - restrict_strategy

- name: Verify that system commands files are group owned by root or a system account
    - Set group ownership to root for system command files
  ansible.builtin.file:
    path: '{{ item.path }}'
    group: root
  with_items: '{{ system_command_files_found.results | map(attribute=''files'') |
    flatten | rejectattr(''gr_name'', ''equalto'', ''root'') | list }}'
  tags:
  - CCE-85742-5
  - DISA-STIG-SLES-15-010361
  - NIST-800-53-CM-5(6)
  - NIST-800-53-CM-5(6).1
  - file_groupownership_system_commands_dirs
  - medium_complexity
  - medium_disruption
  - medium_severity
  - no_reboot_needed
  - restrict_strategy
</fix>
            <check system="http://oval.mitre.org/XMLSchema/oval-definitions-5">
              <check-content-ref name="oval:ssg-file_groupownership_system_commands_dirs:def:1" href="ssg-sle15-oval.xml"/>
            </check>
            <check system="http://scap.nist.gov/schema/ocil/2">
              <check-content-ref name="ocil:ssg-file_groupownership_system_commands_dirs_ocil:questionnaire:1" href="ssg-sle15-ocil.xml"/>
            </check>
          </Rule>
          <Rule id="xccdf_org.ssgproject.content_rule_file_ownership_binary_dirs" selected="false" role="full" severity="medium">
            <title xmlns:xhtml="http://www.w3.org/1999/xhtml" xml:lang="en-US">Verify that System Executables Have Root Ownership</title>
            <description xmlns:xhtml="http://www.w3.org/1999/xhtml" xml:lang="en-US">System executables are stored in the following directories by default:
<html:pre xmlns:html="http://www.w3.org/1999/xhtml">/bin
/sbin
/usr/bin
/usr/libexec
/usr/local/bin
/usr/local/sbin
/usr/sbin</html:pre>
All files in these directories should be owned by the <html:code xmlns:html="http://www.w3.org/1999/xhtml">root</html:code> user.
If any file <html:i xmlns:html="http://www.w3.org/1999/xhtml">FILE</html:i> in these directories is found
to be owned by a user other than root, correct its ownership with the
following command:
<html:pre xmlns:html="http://www.w3.org/1999/xhtml">$ sudo chown root <html:i>FILE</html:i>
         </html:pre>
        </description>
            <reference href="https://www.cisecurity.org/controls/">12</reference>
            <reference href="https://www.cisecurity.org/controls/">13</reference>
            <reference href="https://www.cisecurity.org/controls/">14</reference>
            <reference href="https://www.cisecurity.org/controls/">15</reference>
            <reference href="https://www.cisecurity.org/controls/">16</reference>
            <reference href="https://www.cisecurity.org/controls/">18</reference>
            <reference href="https://www.cisecurity.org/controls/">3</reference>
            <reference href="https://www.cisecurity.org/controls/">5</reference>
            <reference href="https://www.isaca.org/resources/cobit">APO01.06</reference>
            <reference href="https://www.isaca.org/resources/cobit">DSS05.04</reference>
            <reference href="https://www.isaca.org/resources/cobit">DSS05.07</reference>
            <reference href="https://www.isaca.org/resources/cobit">DSS06.02</reference>
            <reference href="https://www.isa.org/products/isa-62443-2-1-2009-security-for-industrial-automat">4.3.3.7.3</reference>
            <reference href="https://www.isa.org/products/ansi-isa-62443-3-3-99-03-03-2013-security-for-indu">SR 2.1</reference>
            <reference href="https://www.isa.org/products/ansi-isa-62443-3-3-99-03-03-2013-security-for-indu">SR 5.2</reference>
            <reference href="https://www.iso.org/contents/data/standard/05/45/54534.html">A.10.1.1</reference>
            <reference href="https://www.iso.org/contents/data/standard/05/45/54534.html">A.11.1.4</reference>
            <reference href="https://www.iso.org/contents/data/standard/05/45/54534.html">A.11.1.5</reference>
            <reference href="https://www.iso.org/contents/data/standard/05/45/54534.html">A.11.2.1</reference>
            <reference href="https://www.iso.org/contents/data/standard/05/45/54534.html">A.13.1.1</reference>
            <reference href="https://www.iso.org/contents/data/standard/05/45/54534.html">A.13.1.3</reference>
            <reference href="https://www.iso.org/contents/data/standard/05/45/54534.html">A.13.2.1</reference>
            <reference href="https://www.iso.org/contents/data/standard/05/45/54534.html">A.13.2.3</reference>
            <reference href="https://www.iso.org/contents/data/standard/05/45/54534.html">A.13.2.4</reference>
            <reference href="https://www.iso.org/contents/data/standard/05/45/54534.html">A.14.1.2</reference>
            <reference href="https://www.iso.org/contents/data/standard/05/45/54534.html">A.14.1.3</reference>
            <reference href="https://www.iso.org/contents/data/standard/05/45/54534.html">A.6.1.2</reference>
            <reference href="https://www.iso.org/contents/data/standard/05/45/54534.html">A.7.1.1</reference>
            <reference href="https://www.iso.org/contents/data/standard/05/45/54534.html">A.7.1.2</reference>
            <reference href="https://www.iso.org/contents/data/standard/05/45/54534.html">A.7.3.1</reference>
            <reference href="https://www.iso.org/contents/data/standard/05/45/54534.html">A.8.2.2</reference>
            <reference href="https://www.iso.org/contents/data/standard/05/45/54534.html">A.8.2.3</reference>
            <reference href="https://www.iso.org/contents/data/standard/05/45/54534.html">A.9.1.1</reference>
            <reference href="https://www.iso.org/contents/data/standard/05/45/54534.html">A.9.1.2</reference>
            <reference href="https://www.iso.org/contents/data/standard/05/45/54534.html">A.9.2.3</reference>
            <reference href="https://www.iso.org/contents/data/standard/05/45/54534.html">A.9.4.1</reference>
            <reference href="https://www.iso.org/contents/data/standard/05/45/54534.html">A.9.4.4</reference>
            <reference href="https://www.iso.org/contents/data/standard/05/45/54534.html">A.9.4.5</reference>
            <reference href="https://www.nerc.com/standards/reliability-standards/cip">CIP-003-8 R5.1.1</reference>
            <reference href="https://www.nerc.com/standards/reliability-standards/cip">CIP-003-8 R5.3</reference>
            <reference href="https://www.nerc.com/standards/reliability-standards/cip">CIP-004-6 R2.3</reference>
            <reference href="https://www.nerc.com/standards/reliability-standards/cip">CIP-007-3 R2.1</reference>
            <reference href="https://www.nerc.com/standards/reliability-standards/cip">CIP-007-3 R2.2</reference>
            <reference href="https://www.nerc.com/standards/reliability-standards/cip">CIP-007-3 R2.3</reference>
            <reference href="https://www.nerc.com/standards/reliability-standards/cip">CIP-007-3 R5.1</reference>
            <reference href="https://www.nerc.com/standards/reliability-standards/cip">CIP-007-3 R5.1.1</reference>
            <reference href="https://www.nerc.com/standards/reliability-standards/cip">CIP-007-3 R5.1.2</reference>
            <reference href="http://nvlpubs.nist.gov/nistpubs/SpecialPublications/NIST.SP.800-53r4.pdf">CM-5(6)</reference>
            <reference href="http://nvlpubs.nist.gov/nistpubs/SpecialPublications/NIST.SP.800-53r4.pdf">CM-5(6).1</reference>
            <reference href="http://nvlpubs.nist.gov/nistpubs/SpecialPublications/NIST.SP.800-53r4.pdf">CM-6(a)</reference>
            <reference href="http://nvlpubs.nist.gov/nistpubs/SpecialPublications/NIST.SP.800-53r4.pdf">AC-6(1)</reference>
            <reference href="https://nvlpubs.nist.gov/nistpubs/CSWP/NIST.CSWP.04162018.pdf">PR.AC-4</reference>
            <reference href="https://nvlpubs.nist.gov/nistpubs/CSWP/NIST.CSWP.04162018.pdf">PR.DS-5</reference>
            <reference href="https://www.cyber.mil/stigs/downloads/?_dl_facet_stigs=operating-systems%2Cgeneral-purpose-os">SRG-OS-000259-GPOS-00100</reference>
            <reference href="https://www.cyber.mil/stigs/downloads/?_dl_facet_stigs=operating-systems%2Cunix-linux">SLES-15-010359</reference>
            <reference href="https://cyber.gouv.fr/sites/default/files/document/linux_configuration-en-v2.pdf">R50</reference>
            <reference href="https://www.cyber.gov.au/acsc/view-all-content/ism">1409</reference>
            <reference href="https://www.cyber.mil/stigs/srg-stig-tools/">SV-234842r991560_rule</reference>
            <rationale xmlns:xhtml="http://www.w3.org/1999/xhtml" xml:lang="en-US">System binaries are executed by privileged users as well as system services,
and restrictive permissions are necessary to ensure that their
execution of these programs cannot be co-opted.</rationale>
            <ident system="https://ncp.nist.gov/cce">CCE-85730-0</ident>
            <fix xmlns:xhtml="http://www.w3.org/1999/xhtml" id="file_ownership_binary_dirs" system="urn:xccdf:fix:script:sh">
find /bin/ /usr/bin/ /usr/local/bin/ /sbin/ /usr/sbin/ /usr/local/sbin/ /usr/libexec \! -user root -execdir chown root {} \;
</fix>
            <fix xmlns:xhtml="http://www.w3.org/1999/xhtml" id="file_ownership_binary_dirs" system="urn:xccdf:fix:script:ansible" complexity="medium" disruption="medium" strategy="restrict">- name: Read list of system executables without root ownership
  ansible.builtin.command: find /bin/ /usr/bin/ /usr/local/bin/ /sbin/ /usr/sbin/
    /usr/local/sbin/ /usr/libexec \! -user root
  register: no_root_system_executables
  changed_when: false
  failed_when: false
  check_mode: false
  tags:
  - CCE-85730-0
  - DISA-STIG-SLES-15-010359
  - NIST-800-53-AC-6(1)
  - NIST-800-53-CM-5(6)
  - NIST-800-53-CM-5(6).1
  - NIST-800-53-CM-6(a)
  - file_ownership_binary_dirs
  - medium_complexity
  - medium_disruption
  - medium_severity
  - no_reboot_needed
  - restrict_strategy

- name: Set ownership to root of system executables
  ansible.builtin.file:
    path: '{{ item }}'
    owner: root
  with_items: '{{ no_root_system_executables.stdout_lines }}'
  when: no_root_system_executables.stdout_lines | length &gt; 0
  tags:
  - CCE-85730-0
  - DISA-STIG-SLES-15-010359
  - NIST-800-53-AC-6(1)
  - NIST-800-53-CM-5(6)
  - NIST-800-53-CM-5(6).1
  - NIST-800-53-CM-6(a)
  - file_ownership_binary_dirs
  - medium_complexity
  - medium_disruption
  - medium_severity
  - no_reboot_needed
  - restrict_strategy
</fix>
            <check system="http://oval.mitre.org/XMLSchema/oval-definitions-5">
              <check-content-ref name="oval:ssg-file_ownership_binary_dirs:def:1" href="ssg-sle15-oval.xml"/>
            </check>
            <check system="http://scap.nist.gov/schema/ocil/2">
              <check-content-ref name="ocil:ssg-file_ownership_binary_dirs_ocil:questionnaire:1" href="ssg-sle15-ocil.xml"/>
            </check>
          </Rule>
          <Rule id="xccdf_org.ssgproject.content_rule_file_ownership_library_dirs" selected="false" role="full" severity="medium">
            <title xmlns:xhtml="http://www.w3.org/1999/xhtml" xml:lang="en-US">Verify that Shared Library Files Have Root Ownership</title>
            <description xmlns:xhtml="http://www.w3.org/1999/xhtml" xml:lang="en-US">System-wide shared library files, which are linked to executables
during process load time or run time, are stored in the following directories
by default:
<html:pre xmlns:html="http://www.w3.org/1999/xhtml">/lib
/lib64
/usr/lib
/usr/lib64
</html:pre>
Kernel modules, which can be added to the kernel during runtime, are also
stored in <html:code xmlns:html="http://www.w3.org/1999/xhtml">/lib/modules</html:code>. All files in these directories should be
owned by the <html:code xmlns:html="http://www.w3.org/1999/xhtml">root</html:code> user. If the directory, or any file in these
directories, is found to be owned by a user other than root correct its
ownership with the following command:
<html:pre xmlns:html="http://www.w3.org/1999/xhtml">$ sudo chown root <html:i>FILE</html:i>
         </html:pre>
        </description>
            <reference href="https://www.cisecurity.org/controls/">12</reference>
            <reference href="https://www.cisecurity.org/controls/">13</reference>
            <reference href="https://www.cisecurity.org/controls/">14</reference>
            <reference href="https://www.cisecurity.org/controls/">15</reference>
            <reference href="https://www.cisecurity.org/controls/">16</reference>
            <reference href="https://www.cisecurity.org/controls/">18</reference>
            <reference href="https://www.cisecurity.org/controls/">3</reference>
            <reference href="https://www.cisecurity.org/controls/">5</reference>
            <reference href="https://www.isaca.org/resources/cobit">APO01.06</reference>
            <reference href="https://www.isaca.org/resources/cobit">DSS05.04</reference>
            <reference href="https://www.isaca.org/resources/cobit">DSS05.07</reference>
            <reference href="https://www.isaca.org/resources/cobit">DSS06.02</reference>
            <reference href="https://www.isa.org/products/isa-62443-2-1-2009-security-for-industrial-automat">4.3.3.7.3</reference>
            <reference href="https://www.isa.org/products/ansi-isa-62443-3-3-99-03-03-2013-security-for-indu">SR 2.1</reference>
            <reference href="https://www.isa.org/products/ansi-isa-62443-3-3-99-03-03-2013-security-for-indu">SR 5.2</reference>
            <reference href="https://www.iso.org/contents/data/standard/05/45/54534.html">A.10.1.1</reference>
            <reference href="https://www.iso.org/contents/data/standard/05/45/54534.html">A.11.1.4</reference>
            <reference href="https://www.iso.org/contents/data/standard/05/45/54534.html">A.11.1.5</reference>
            <reference href="https://www.iso.org/contents/data/standard/05/45/54534.html">A.11.2.1</reference>
            <reference href="https://www.iso.org/contents/data/standard/05/45/54534.html">A.13.1.1</reference>
            <reference href="https://www.iso.org/contents/data/standard/05/45/54534.html">A.13.1.3</reference>
            <reference href="https://www.iso.org/contents/data/standard/05/45/54534.html">A.13.2.1</reference>
            <reference href="https://www.iso.org/contents/data/standard/05/45/54534.html">A.13.2.3</reference>
            <reference href="https://www.iso.org/contents/data/standard/05/45/54534.html">A.13.2.4</reference>
            <reference href="https://www.iso.org/contents/data/standard/05/45/54534.html">A.14.1.2</reference>
            <reference href="https://www.iso.org/contents/data/standard/05/45/54534.html">A.14.1.3</reference>
            <reference href="https://www.iso.org/contents/data/standard/05/45/54534.html">A.6.1.2</reference>
            <reference href="https://www.iso.org/contents/data/standard/05/45/54534.html">A.7.1.1</reference>
            <reference href="https://www.iso.org/contents/data/standard/05/45/54534.html">A.7.1.2</reference>
            <reference href="https://www.iso.org/contents/data/standard/05/45/54534.html">A.7.3.1</reference>
            <reference href="https://www.iso.org/contents/data/standard/05/45/54534.html">A.8.2.2</reference>
            <reference href="https://www.iso.org/contents/data/standard/05/45/54534.html">A.8.2.3</reference>
            <reference href="https://www.iso.org/contents/data/standard/05/45/54534.html">A.9.1.1</reference>
            <reference href="https://www.iso.org/contents/data/standard/05/45/54534.html">A.9.1.2</reference>
            <reference href="https://www.iso.org/contents/data/standard/05/45/54534.html">A.9.2.3</reference>
            <reference href="https://www.iso.org/contents/data/standard/05/45/54534.html">A.9.4.1</reference>
            <reference href="https://www.iso.org/contents/data/standard/05/45/54534.html">A.9.4.4</reference>
            <reference href="https://www.iso.org/contents/data/standard/05/45/54534.html">A.9.4.5</reference>
            <reference href="https://www.nerc.com/standards/reliability-standards/cip">CIP-003-8 R5.1.1</reference>
            <reference href="https://www.nerc.com/standards/reliability-standards/cip">CIP-003-8 R5.3</reference>
            <reference href="https://www.nerc.com/standards/reliability-standards/cip">CIP-004-6 R2.3</reference>
            <reference href="https://www.nerc.com/standards/reliability-standards/cip">CIP-007-3 R2.1</reference>
            <reference href="https://www.nerc.com/standards/reliability-standards/cip">CIP-007-3 R2.2</reference>
            <reference href="https://www.nerc.com/standards/reliability-standards/cip">CIP-007-3 R2.3</reference>
            <reference href="https://www.nerc.com/standards/reliability-standards/cip">CIP-007-3 R5.1</reference>
            <reference href="https://www.nerc.com/standards/reliability-standards/cip">CIP-007-3 R5.1.1</reference>
            <reference href="https://www.nerc.com/standards/reliability-standards/cip">CIP-007-3 R5.1.2</reference>
            <reference href="http://nvlpubs.nist.gov/nistpubs/SpecialPublications/NIST.SP.800-53r4.pdf">CM-5(6)</reference>
            <reference href="http://nvlpubs.nist.gov/nistpubs/SpecialPublications/NIST.SP.800-53r4.pdf">CM-5(6).1</reference>
            <reference href="http://nvlpubs.nist.gov/nistpubs/SpecialPublications/NIST.SP.800-53r4.pdf">CM-6(a)</reference>
            <reference href="http://nvlpubs.nist.gov/nistpubs/SpecialPublications/NIST.SP.800-53r4.pdf">AC-6(1)</reference>
            <reference href="https://nvlpubs.nist.gov/nistpubs/CSWP/NIST.CSWP.04162018.pdf">PR.AC-4</reference>
            <reference href="https://nvlpubs.nist.gov/nistpubs/CSWP/NIST.CSWP.04162018.pdf">PR.DS-5</reference>
            <reference href="https://www.cyber.mil/stigs/downloads/?_dl_facet_stigs=operating-systems%2Cgeneral-purpose-os">SRG-OS-000259-GPOS-00100</reference>
            <reference href="https://www.cyber.mil/stigs/downloads/?_dl_facet_stigs=operating-systems%2Cunix-linux">SLES-15-010353</reference>
            <reference href="https://www.cyber.gov.au/acsc/view-all-content/ism">1409</reference>
            <reference href="https://www.cyber.mil/stigs/srg-stig-tools/">SV-234836r1106561_rule</reference>
            <rationale xmlns:xhtml="http://www.w3.org/1999/xhtml" xml:lang="en-US">Files from shared library directories are loaded into the address
space of processes (including privileged ones) or of the kernel itself at
runtime. Proper ownership is necessary to protect the integrity of the system.</rationale>
            <ident system="https://ncp.nist.gov/cce">CCE-85756-5</ident>
            <fix xmlns:xhtml="http://www.w3.org/1999/xhtml" id="file_ownership_library_dirs" system="urn:xccdf:fix:script:sh" complexity="low" disruption="low" strategy="configure">
newown=""
if id "0" &gt;/dev/null 2&gt;&amp;1; then
  newown="0"
fi

if [[ -z "$newown" ]]; then
  &gt;&amp;2 echo "0 is not a defined user on the system"
else

find -P /lib/  -type f  ! -user 0 -regextype posix-extended -regex '^.*$' -exec chown --no-dereference "$newown" {} \;

find -P /lib64/  -type f  ! -user 0 -regextype posix-extended -regex '^.*$' -exec chown --no-dereference "$newown" {} \;

find -P /usr/lib/  -type f  ! -user 0 -regextype posix-extended -regex '^.*$' -exec chown --no-dereference "$newown" {} \;

find -P /usr/lib64/  -type f  ! -user 0 -regextype posix-extended -regex '^.*$' -exec chown --no-dereference "$newown" {} \;

fi
</fix>
            <fix xmlns:xhtml="http://www.w3.org/1999/xhtml" id="file_ownership_library_dirs" system="urn:xccdf:fix:script:ansible" complexity="low" disruption="low" strategy="configure">- name: Set the file_ownership_library_dirs_newown variable if represented by uid
  ansible.builtin.set_fact:
    file_ownership_library_dirs_newown: '0'
  tags:
  - CCE-85756-5
  - DISA-STIG-SLES-15-010353
  - NIST-800-53-AC-6(1)
  - NIST-800-53-CM-5(6)
  - NIST-800-53-CM-5(6).1
  - NIST-800-53-CM-6(a)
  - configure_strategy
  - file_ownership_library_dirs
  - low_complexity
  - low_disruption
  - medium_severity
  - no_reboot_needed

- name: Find /lib/ file(s) matching ^.*$ recursively
  ansible.builtin.command: find -P /lib/  -type f  ! -user 0 -regextype posix-extended
    -regex "^.*$"
  register: files_found
  changed_when: false
  failed_when: false
  check_mode: false
  tags:
  - CCE-85756-5
  - DISA-STIG-SLES-15-010353
  - NIST-800-53-AC-6(1)
  - NIST-800-53-CM-5(6)
  - NIST-800-53-CM-5(6).1
  - NIST-800-53-CM-6(a)
  - configure_strategy
  - file_ownership_library_dirs
  - low_complexity
  - low_disruption
  - medium_severity
  - no_reboot_needed

- name: Ensure owner on /lib/ file(s) matching ^.*$
  ansible.builtin.file:
    path: '{{ item }}'
    follow: false
    owner: '{{ file_ownership_library_dirs_newown }}'
    state: file
  with_items:
  - '{{ files_found.stdout_lines }}'
  tags:
  - CCE-85756-5
  - DISA-STIG-SLES-15-010353
  - NIST-800-53-AC-6(1)
  - NIST-800-53-CM-5(6)
  - NIST-800-53-CM-5(6).1
  - NIST-800-53-CM-6(a)
  - configure_strategy
  - file_ownership_library_dirs
  - low_complexity
  - low_disruption
  - medium_severity
  - no_reboot_needed

- name: Find /lib64/ file(s) matching ^.*$ recursively
  ansible.builtin.command: find -P /lib64/  -type f  ! -user 0 -regextype posix-extended
    -regex "^.*$"
  register: files_found
  changed_when: false
  failed_when: false
  check_mode: false
  tags:
  - CCE-85756-5
  - DISA-STIG-SLES-15-010353
  - NIST-800-53-AC-6(1)
  - NIST-800-53-CM-5(6)
  - NIST-800-53-CM-5(6).1
  - NIST-800-53-CM-6(a)
  - configure_strategy
  - file_ownership_library_dirs
  - low_complexity
  - low_disruption
  - medium_severity
  - no_reboot_needed

- name: Ensure owner on /lib64/ file(s) matching ^.*$
  ansible.builtin.file:
    path: '{{ item }}'
    follow: false
    owner: '{{ file_ownership_library_dirs_newown }}'
    state: file
  with_items:
  - '{{ files_found.stdout_lines }}'
  tags:
  - CCE-85756-5
  - DISA-STIG-SLES-15-010353
  - NIST-800-53-AC-6(1)
  - NIST-800-53-CM-5(6)
  - NIST-800-53-CM-5(6).1
  - NIST-800-53-CM-6(a)
  - configure_strategy
  - file_ownership_library_dirs
  - low_complexity
  - low_disruption
  - medium_severity
  - no_reboot_needed

- name: Find /usr/lib/ file(s) matching ^.*$ recursively
  ansible.builtin.command: find -P /usr/lib/  -type f  ! -user 0 -regextype posix-extended
    -regex "^.*$"
  register: files_found
  changed_when: false
  failed_when: false
  check_mode: false
  tags:
  - CCE-85756-5
  - DISA-STIG-SLES-15-010353
  - NIST-800-53-AC-6(1)
  - NIST-800-53-CM-5(6)
  - NIST-800-53-CM-5(6).1
  - NIST-800-53-CM-6(a)
  - configure_strategy
  - file_ownership_library_dirs
  - low_complexity
  - low_disruption
  - medium_severity
  - no_reboot_needed

- name: Ensure owner on /usr/lib/ file(s) matching ^.*$
  ansible.builtin.file:
    path: '{{ item }}'
    follow: false
    owner: '{{ file_ownership_library_dirs_newown }}'
    state: file
  with_items:
  - '{{ files_found.stdout_lines }}'
  tags:
  - CCE-85756-5
  - DISA-STIG-SLES-15-010353
  - NIST-800-53-AC-6(1)
  - NIST-800-53-CM-5(6)
  - NIST-800-53-CM-5(6).1
  - NIST-800-53-CM-6(a)
  - configure_strategy
  - file_ownership_library_dirs
  - low_complexity
  - low_disruption
  - medium_severity
  - no_reboot_needed

- name: Find /usr/lib64/ file(s) matching ^.*$ recursively
  ansible.builtin.command: find -P /usr/lib64/  -type f  ! -user 0 -regextype posix-extended
    -regex "^.*$"
  register: files_found
  changed_when: false
  failed_when: false
  check_mode: false
  tags:
  - CCE-85756-5
  - DISA-STIG-SLES-15-010353
  - NIST-800-53-AC-6(1)
  - NIST-800-53-CM-5(6)
  - NIST-800-53-CM-5(6).1
  - NIST-800-53-CM-6(a)
  - configure_strategy
  - file_ownership_library_dirs
  - low_complexity
  - low_disruption
  - medium_severity
  - no_reboot_needed

- name: Ensure owner on /usr/lib64/ file(s) matching ^.*$
  ansible.builtin.file:
    path: '{{ item }}'
    follow: false
    owner: '{{ file_ownership_library_dirs_newown }}'
    state: file
  with_items:
  - '{{ files_found.stdout_lines }}'
  tags:
  - CCE-85756-5
  - DISA-STIG-SLES-15-010353
  - NIST-800-53-AC-6(1)
  - NIST-800-53-CM-5(6)
  - NIST-800-53-CM-5(6).1
  - NIST-800-53-CM-6(a)
  - configure_strategy
  - file_ownership_library_dirs
  - low_complexity
  - low_disruption
  - medium_severity
  - no_reboot_needed
</fix>
            <check system="http://oval.mitre.org/XMLSchema/oval-definitions-5">
              <check-content-ref name="oval:ssg-file_ownership_library_dirs:def:1" href="ssg-sle15-oval.xml"/>
            </check>
            <check system="http://scap.nist.gov/schema/ocil/2">
              <check-content-ref name="ocil:ssg-file_ownership_library_dirs_ocil:questionnaire:1" href="ssg-sle15-ocil.xml"/>
            </check>
          </Rule>
          <Rule id="xccdf_org.ssgproject.content_rule_file_permissions_binary_dirs" selected="false" role="full" severity="medium">
            <title xmlns:xhtml="http://www.w3.org/1999/xhtml" xml:lang="en-US">Verify that System Executables Have Restrictive Permissions</title>
            <description xmlns:xhtml="http://www.w3.org/1999/xhtml" xml:lang="en-US">System executables are stored in the following directories by default:
<html:pre xmlns:html="http://www.w3.org/1999/xhtml">/bin
/sbin
/usr/bin
/usr/libexec
/usr/local/bin
/usr/local/sbin
/usr/sbin</html:pre>
All files in these directories should not be group-writable or world-writable.
If any file <html:i xmlns:html="http://www.w3.org/1999/xhtml">FILE</html:i> in these directories is found
to be group-writable or world-writable, correct its permission with the
following command:
<html:pre xmlns:html="http://www.w3.org/1999/xhtml">$ sudo chmod go-w <html:i>FILE</html:i>
         </html:pre>
        </description>
            <reference href="https://www.cisecurity.org/controls/">12</reference>
            <reference href="https://www.cisecurity.org/controls/">13</reference>
            <reference href="https://www.cisecurity.org/controls/">14</reference>
            <reference href="https://www.cisecurity.org/controls/">15</reference>
            <reference href="https://www.cisecurity.org/controls/">16</reference>
            <reference href="https://www.cisecurity.org/controls/">18</reference>
            <reference href="https://www.cisecurity.org/controls/">3</reference>
            <reference href="https://www.cisecurity.org/controls/">5</reference>
            <reference href="https://www.isaca.org/resources/cobit">APO01.06</reference>
            <reference href="https://www.isaca.org/resources/cobit">DSS05.04</reference>
            <reference href="https://www.isaca.org/resources/cobit">DSS05.07</reference>
            <reference href="https://www.isaca.org/resources/cobit">DSS06.02</reference>
            <reference href="https://www.isa.org/products/isa-62443-2-1-2009-security-for-industrial-automat">4.3.3.7.3</reference>
            <reference href="https://www.isa.org/products/ansi-isa-62443-3-3-99-03-03-2013-security-for-indu">SR 2.1</reference>
            <reference href="https://www.isa.org/products/ansi-isa-62443-3-3-99-03-03-2013-security-for-indu">SR 5.2</reference>
            <reference href="https://www.iso.org/contents/data/standard/05/45/54534.html">A.10.1.1</reference>
            <reference href="https://www.iso.org/contents/data/standard/05/45/54534.html">A.11.1.4</reference>
            <reference href="https://www.iso.org/contents/data/standard/05/45/54534.html">A.11.1.5</reference>
            <reference href="https://www.iso.org/contents/data/standard/05/45/54534.html">A.11.2.1</reference>
            <reference href="https://www.iso.org/contents/data/standard/05/45/54534.html">A.13.1.1</reference>
            <reference href="https://www.iso.org/contents/data/standard/05/45/54534.html">A.13.1.3</reference>
            <reference href="https://www.iso.org/contents/data/standard/05/45/54534.html">A.13.2.1</reference>
            <reference href="https://www.iso.org/contents/data/standard/05/45/54534.html">A.13.2.3</reference>
            <reference href="https://www.iso.org/contents/data/standard/05/45/54534.html">A.13.2.4</reference>
            <reference href="https://www.iso.org/contents/data/standard/05/45/54534.html">A.14.1.2</reference>
            <reference href="https://www.iso.org/contents/data/standard/05/45/54534.html">A.14.1.3</reference>
            <reference href="https://www.iso.org/contents/data/standard/05/45/54534.html">A.6.1.2</reference>
            <reference href="https://www.iso.org/contents/data/standard/05/45/54534.html">A.7.1.1</reference>
            <reference href="https://www.iso.org/contents/data/standard/05/45/54534.html">A.7.1.2</reference>
            <reference href="https://www.iso.org/contents/data/standard/05/45/54534.html">A.7.3.1</reference>
            <reference href="https://www.iso.org/contents/data/standard/05/45/54534.html">A.8.2.2</reference>
            <reference href="https://www.iso.org/contents/data/standard/05/45/54534.html">A.8.2.3</reference>
            <reference href="https://www.iso.org/contents/data/standard/05/45/54534.html">A.9.1.1</reference>
            <reference href="https://www.iso.org/contents/data/standard/05/45/54534.html">A.9.1.2</reference>
            <reference href="https://www.iso.org/contents/data/standard/05/45/54534.html">A.9.2.3</reference>
            <reference href="https://www.iso.org/contents/data/standard/05/45/54534.html">A.9.4.1</reference>
            <reference href="https://www.iso.org/contents/data/standard/05/45/54534.html">A.9.4.4</reference>
            <reference href="https://www.iso.org/contents/data/standard/05/45/54534.html">A.9.4.5</reference>
            <reference href="https://www.nerc.com/standards/reliability-standards/cip">CIP-003-8 R5.1.1</reference>
            <reference href="https://www.nerc.com/standards/reliability-standards/cip">CIP-003-8 R5.3</reference>
            <reference href="https://www.nerc.com/standards/reliability-standards/cip">CIP-004-6 R2.3</reference>
            <reference href="https://www.nerc.com/standards/reliability-standards/cip">CIP-007-3 R2.1</reference>
            <reference href="https://www.nerc.com/standards/reliability-standards/cip">CIP-007-3 R2.2</reference>
            <reference href="https://www.nerc.com/standards/reliability-standards/cip">CIP-007-3 R2.3</reference>
            <reference href="https://www.nerc.com/standards/reliability-standards/cip">CIP-007-3 R5.1</reference>
            <reference href="https://www.nerc.com/standards/reliability-standards/cip">CIP-007-3 R5.1.1</reference>
            <reference href="https://www.nerc.com/standards/reliability-standards/cip">CIP-007-3 R5.1.2</reference>
            <reference href="http://nvlpubs.nist.gov/nistpubs/SpecialPublications/NIST.SP.800-53r4.pdf">CM-5(6)</reference>
            <reference href="http://nvlpubs.nist.gov/nistpubs/SpecialPublications/NIST.SP.800-53r4.pdf">CM-5(6).1</reference>
            <reference href="http://nvlpubs.nist.gov/nistpubs/SpecialPublications/NIST.SP.800-53r4.pdf">CM-6(a)</reference>
            <reference href="http://nvlpubs.nist.gov/nistpubs/SpecialPublications/NIST.SP.800-53r4.pdf">AC-6(1)</reference>
            <reference href="https://nvlpubs.nist.gov/nistpubs/CSWP/NIST.CSWP.04162018.pdf">PR.AC-4</reference>
            <reference href="https://nvlpubs.nist.gov/nistpubs/CSWP/NIST.CSWP.04162018.pdf">PR.DS-5</reference>
            <reference href="https://www.cyber.mil/stigs/downloads/?_dl_facet_stigs=operating-systems%2Cgeneral-purpose-os">SRG-OS-000259-GPOS-00100</reference>
            <reference href="https://www.cyber.mil/stigs/downloads/?_dl_facet_stigs=operating-systems%2Cunix-linux">SLES-15-010358</reference>
            <reference href="https://cyber.gouv.fr/sites/default/files/document/linux_configuration-en-v2.pdf">R50</reference>
            <reference href="https://www.cyber.gov.au/acsc/view-all-content/ism">1409</reference>
            <reference href="https://www.cyber.mil/stigs/srg-stig-tools/">SV-234841r991560_rule</reference>
            <rationale xmlns:xhtml="http://www.w3.org/1999/xhtml" xml:lang="en-US">System binaries are executed by privileged users, as well as system services,
and restrictive permissions are necessary to ensure execution of these programs
cannot be co-opted.</rationale>
            <ident system="https://ncp.nist.gov/cce">CCE-85729-2</ident>
            <fix xmlns:xhtml="http://www.w3.org/1999/xhtml" id="file_permissions_binary_dirs" system="urn:xccdf:fix:script:sh">DIRS="/bin /usr/bin /usr/local/bin /sbin /usr/sbin /usr/local/sbin /usr/libexec"
for dirPath in $DIRS; do
	find "$dirPath" -perm /022 -exec chmod go-w '{}' \;
done
</fix>
            <fix xmlns:xhtml="http://www.w3.org/1999/xhtml" id="file_permissions_binary_dirs" system="urn:xccdf:fix:script:ansible" complexity="medium" disruption="medium" strategy="restrict">- name: Read list of world and group writable system executables
  ansible.builtin.command: find -L /bin /usr/bin /usr/local/bin /sbin /usr/sbin /usr/local/sbin
    /usr/libexec -perm /022 \( -type l -o -type f \)
  register: world_writable_library_files
  changed_when: false
  failed_when: false
  check_mode: false
  tags:
  - CCE-85729-2
  - DISA-STIG-SLES-15-010358
  - NIST-800-53-AC-6(1)
  - NIST-800-53-CM-5(6)
  - NIST-800-53-CM-5(6).1
  - NIST-800-53-CM-6(a)
  - file_permissions_binary_dirs
  - medium_complexity
  - medium_disruption
  - medium_severity
  - no_reboot_needed
  - restrict_strategy

- name: Remove world/group writability of system executables
  ansible.builtin.file:
    path: '{{ item }}'
    mode: go-w
    state: file
  with_items: '{{ world_writable_library_files.stdout_lines }}'
  when: world_writable_library_files.stdout_lines | length &gt; 0
  tags:
  - CCE-85729-2
  - DISA-STIG-SLES-15-010358
  - NIST-800-53-AC-6(1)
  - NIST-800-53-CM-5(6)
  - NIST-800-53-CM-5(6).1
  - NIST-800-53-CM-6(a)
  - file_permissions_binary_dirs
  - medium_complexity
  - medium_disruption
  - medium_severity
  - no_reboot_needed
  - restrict_strategy
</fix>
            <check system="http://oval.mitre.org/XMLSchema/oval-definitions-5">
              <check-content-ref name="oval:ssg-file_permissions_binary_dirs:def:1" href="ssg-sle15-oval.xml"/>
            </check>
            <check system="http://scap.nist.gov/schema/ocil/2">
              <check-content-ref name="ocil:ssg-file_permissions_binary_dirs_ocil:questionnaire:1" href="ssg-sle15-ocil.xml"/>
            </check>
          </Rule>
          <Rule id="xccdf_org.ssgproject.content_rule_file_permissions_library_dirs" selected="false" role="full" severity="medium">
            <title xmlns:xhtml="http://www.w3.org/1999/xhtml" xml:lang="en-US">Verify that Shared Library Files Have Restrictive Permissions</title>
            <description xmlns:xhtml="http://www.w3.org/1999/xhtml" xml:lang="en-US">System-wide shared library files, which are linked to executables
during process load time or run time, are stored in the following directories
by default:
<html:pre xmlns:html="http://www.w3.org/1999/xhtml">/lib
/lib64
/usr/lib
/usr/lib64
</html:pre>
Kernel modules, which can be added to the kernel during runtime, are
stored in <html:code xmlns:html="http://www.w3.org/1999/xhtml">/lib/modules</html:code>. All files in these directories
should not be group-writable or world-writable. If any file in these
directories is found to be group-writable or world-writable, correct
its permission with the following command:
<html:pre xmlns:html="http://www.w3.org/1999/xhtml">$ sudo chmod go-w <html:i>FILE</html:i>
         </html:pre>
        </description>
            <reference href="https://www.cisecurity.org/controls/">12</reference>
            <reference href="https://www.cisecurity.org/controls/">13</reference>
            <reference href="https://www.cisecurity.org/controls/">14</reference>
            <reference href="https://www.cisecurity.org/controls/">15</reference>
            <reference href="https://www.cisecurity.org/controls/">16</reference>
            <reference href="https://www.cisecurity.org/controls/">18</reference>
            <reference href="https://www.cisecurity.org/controls/">3</reference>
            <reference href="https://www.cisecurity.org/controls/">5</reference>
            <reference href="https://www.isaca.org/resources/cobit">APO01.06</reference>
            <reference href="https://www.isaca.org/resources/cobit">DSS05.04</reference>
            <reference href="https://www.isaca.org/resources/cobit">DSS05.07</reference>
            <reference href="https://www.isaca.org/resources/cobit">DSS06.02</reference>
            <reference href="https://www.isa.org/products/isa-62443-2-1-2009-security-for-industrial-automat">4.3.3.7.3</reference>
            <reference href="https://www.isa.org/products/ansi-isa-62443-3-3-99-03-03-2013-security-for-indu">SR 2.1</reference>
            <reference href="https://www.isa.org/products/ansi-isa-62443-3-3-99-03-03-2013-security-for-indu">SR 5.2</reference>
            <reference href="https://www.iso.org/contents/data/standard/05/45/54534.html">A.10.1.1</reference>
            <reference href="https://www.iso.org/contents/data/standard/05/45/54534.html">A.11.1.4</reference>
            <reference href="https://www.iso.org/contents/data/standard/05/45/54534.html">A.11.1.5</reference>
            <reference href="https://www.iso.org/contents/data/standard/05/45/54534.html">A.11.2.1</reference>
            <reference href="https://www.iso.org/contents/data/standard/05/45/54534.html">A.13.1.1</reference>
            <reference href="https://www.iso.org/contents/data/standard/05/45/54534.html">A.13.1.3</reference>
            <reference href="https://www.iso.org/contents/data/standard/05/45/54534.html">A.13.2.1</reference>
            <reference href="https://www.iso.org/contents/data/standard/05/45/54534.html">A.13.2.3</reference>
            <reference href="https://www.iso.org/contents/data/standard/05/45/54534.html">A.13.2.4</reference>
            <reference href="https://www.iso.org/contents/data/standard/05/45/54534.html">A.14.1.2</reference>
            <reference href="https://www.iso.org/contents/data/standard/05/45/54534.html">A.14.1.3</reference>
            <reference href="https://www.iso.org/contents/data/standard/05/45/54534.html">A.6.1.2</reference>
            <reference href="https://www.iso.org/contents/data/standard/05/45/54534.html">A.7.1.1</reference>
            <reference href="https://www.iso.org/contents/data/standard/05/45/54534.html">A.7.1.2</reference>
            <reference href="https://www.iso.org/contents/data/standard/05/45/54534.html">A.7.3.1</reference>
            <reference href="https://www.iso.org/contents/data/standard/05/45/54534.html">A.8.2.2</reference>
            <reference href="https://www.iso.org/contents/data/standard/05/45/54534.html">A.8.2.3</reference>
            <reference href="https://www.iso.org/contents/data/standard/05/45/54534.html">A.9.1.1</reference>
            <reference href="https://www.iso.org/contents/data/standard/05/45/54534.html">A.9.1.2</reference>
            <reference href="https://www.iso.org/contents/data/standard/05/45/54534.html">A.9.2.3</reference>
            <reference href="https://www.iso.org/contents/data/standard/05/45/54534.html">A.9.4.1</reference>
            <reference href="https://www.iso.org/contents/data/standard/05/45/54534.html">A.9.4.4</reference>
            <reference href="https://www.iso.org/contents/data/standard/05/45/54534.html">A.9.4.5</reference>
            <reference href="https://www.nerc.com/standards/reliability-standards/cip">CIP-003-8 R5.1.1</reference>
            <reference href="https://www.nerc.com/standards/reliability-standards/cip">CIP-003-8 R5.3</reference>
            <reference href="https://www.nerc.com/standards/reliability-standards/cip">CIP-004-6 R2.3</reference>
            <reference href="https://www.nerc.com/standards/reliability-standards/cip">CIP-007-3 R2.1</reference>
            <reference href="https://www.nerc.com/standards/reliability-standards/cip">CIP-007-3 R2.2</reference>
            <reference href="https://www.nerc.com/standards/reliability-standards/cip">CIP-007-3 R2.3</reference>
            <reference href="https://www.nerc.com/standards/reliability-standards/cip">CIP-007-3 R5.1</reference>
            <reference href="https://www.nerc.com/standards/reliability-standards/cip">CIP-007-3 R5.1.1</reference>
            <reference href="https://www.nerc.com/standards/reliability-standards/cip">CIP-007-3 R5.1.2</reference>
            <reference href="http://nvlpubs.nist.gov/nistpubs/SpecialPublications/NIST.SP.800-53r4.pdf">CM-6(a)</reference>
            <reference href="http://nvlpubs.nist.gov/nistpubs/SpecialPublications/NIST.SP.800-53r4.pdf">CM-5(6)</reference>
            <reference href="http://nvlpubs.nist.gov/nistpubs/SpecialPublications/NIST.SP.800-53r4.pdf">CM-5(6).1</reference>
            <reference href="http://nvlpubs.nist.gov/nistpubs/SpecialPublications/NIST.SP.800-53r4.pdf">AC-6(1)</reference>
            <reference href="https://nvlpubs.nist.gov/nistpubs/CSWP/NIST.CSWP.04162018.pdf">PR.AC-4</reference>
            <reference href="https://nvlpubs.nist.gov/nistpubs/CSWP/NIST.CSWP.04162018.pdf">PR.DS-5</reference>
            <reference href="https://www.cyber.mil/stigs/downloads/?_dl_facet_stigs=operating-systems%2Cgeneral-purpose-os">SRG-OS-000259-GPOS-00100</reference>
            <reference href="https://www.cyber.mil/stigs/downloads/?_dl_facet_stigs=operating-systems%2Cunix-linux">SLES-15-010351</reference>
            <reference href="https://www.cyber.gov.au/acsc/view-all-content/ism">1409</reference>
            <reference href="https://www.cyber.mil/stigs/srg-stig-tools/">SV-234834r1106567_rule</reference>
            <rationale xmlns:xhtml="http://www.w3.org/1999/xhtml" xml:lang="en-US">Files from shared library directories are loaded into the address
space of processes (including privileged ones) or of the kernel itself at
runtime. Restrictive permissions are necessary to protect the integrity of the system.</rationale>
            <ident system="https://ncp.nist.gov/cce">CCE-85670-8</ident>
            <fix xmlns:xhtml="http://www.w3.org/1999/xhtml" id="file_permissions_library_dirs" system="urn:xccdf:fix:script:sh" complexity="low" disruption="low" strategy="configure">



find -P /lib/  -perm /g+w,o+w  -type f -regextype posix-extended -regex '^.*$' -exec chmod g-w,o-w {} \;

find -P /lib64/  -perm /g+w,o+w  -type f -regextype posix-extended -regex '^.*$' -exec chmod g-w,o-w {} \;

find -P /usr/lib/  -perm /g+w,o+w  -type f -regextype posix-extended -regex '^.*$' -exec chmod g-w,o-w {} \;

find -P /usr/lib64/  -perm /g+w,o+w  -type f -regextype posix-extended -regex '^.*$' -exec chmod g-w,o-w {} \;
</fix>
            <fix xmlns:xhtml="http://www.w3.org/1999/xhtml" id="file_permissions_library_dirs" system="urn:xccdf:fix:script:ansible" complexity="low" disruption="low" strategy="configure">- name: Find /lib/ file(s) recursively
  ansible.builtin.command: find -P /lib/  -perm /g+w,o+w  -type f -regextype posix-extended
    -regex "^.*$"
  register: files_found
  changed_when: false
  failed_when: false
  check_mode: false
  tags:
  - CCE-85670-8
  - DISA-STIG-SLES-15-010351
  - NIST-800-53-AC-6(1)
  - NIST-800-53-CM-5(6)
  - NIST-800-53-CM-5(6).1
  - NIST-800-53-CM-6(a)
  - configure_strategy
  - file_permissions_library_dirs
  - low_complexity
  - low_disruption
  - medium_severity
  - no_reboot_needed

- name: Set permissions for /lib/ file(s)
  ansible.builtin.file:
    path: '{{ item }}'
    mode: g-w,o-w
    state: file
  with_items:
  - '{{ files_found.stdout_lines }}'
  tags:
  - CCE-85670-8
  - DISA-STIG-SLES-15-010351
  - NIST-800-53-AC-6(1)
  - NIST-800-53-CM-5(6)
  - NIST-800-53-CM-5(6).1
  - NIST-800-53-CM-6(a)
  - configure_strategy
  - file_permissions_library_dirs
  - low_complexity
  - low_disruption
  - medium_severity
  - no_reboot_needed

- name: Find /lib64/ file(s) recursively
  ansible.builtin.command: find -P /lib64/  -perm /g+w,o+w  -type f -regextype posix-extended
    -regex "^.*$"
  register: files_found
  changed_when: false
  failed_when: false
  check_mode: false
  tags:
  - CCE-85670-8
  - DISA-STIG-SLES-15-010351
  - NIST-800-53-AC-6(1)
  - NIST-800-53-CM-5(6)
  - NIST-800-53-CM-5(6).1
  - NIST-800-53-CM-6(a)
  - configure_strategy
  - file_permissions_library_dirs
  - low_complexity
  - low_disruption
  - medium_severity
  - no_reboot_needed

- name: Set permissions for /lib64/ file(s)
  ansible.builtin.file:
    path: '{{ item }}'
    mode: g-w,o-w
    state: file
  with_items:
  - '{{ files_found.stdout_lines }}'
  tags:
  - CCE-85670-8
  - DISA-STIG-SLES-15-010351
  - NIST-800-53-AC-6(1)
  - NIST-800-53-CM-5(6)
  - NIST-800-53-CM-5(6).1
  - NIST-800-53-CM-6(a)
  - configure_strategy
  - file_permissions_library_dirs
  - low_complexity
  - low_disruption
  - medium_severity
  - no_reboot_needed

- name: Find /usr/lib/ file(s) recursively
  ansible.builtin.command: find -P /usr/lib/  -perm /g+w,o+w  -type f -regextype posix-extended
    -regex "^.*$"
  register: files_found
  changed_when: false
  failed_when: false
  check_mode: false
  tags:
  - CCE-85670-8
  - DISA-STIG-SLES-15-010351
  - NIST-800-53-AC-6(1)
  - NIST-800-53-CM-5(6)
  - NIST-800-53-CM-5(6).1
  - NIST-800-53-CM-6(a)
  - configure_strategy
  - file_permissions_library_dirs
  - low_complexity
  - low_disruption
  - medium_severity
  - no_reboot_needed

- name: Set permissions for /usr/lib/ file(s)
  ansible.builtin.file:
    path: '{{ item }}'
    mode: g-w,o-w
    state: file
  with_items:
  - '{{ files_found.stdout_lines }}'
  tags:
  - CCE-85670-8
  - DISA-STIG-SLES-15-010351
  - NIST-800-53-AC-6(1)
  - NIST-800-53-CM-5(6)
  - NIST-800-53-CM-5(6).1
  - NIST-800-53-CM-6(a)
  - configure_strategy
  - file_permissions_library_dirs
  - low_complexity
  - low_disruption
  - medium_severity
  - no_reboot_needed

- name: Find /usr/lib64/ file(s) recursively
  ansible.builtin.command: find -P /usr/lib64/  -perm /g+w,o+w  -type f -regextype
    posix-extended -regex "^.*$"
  register: files_found
  changed_when: false
  failed_when: false
  check_mode: false
  tags:
  - CCE-85670-8
  - DISA-STIG-SLES-15-010351
  - NIST-800-53-AC-6(1)
  - NIST-800-53-CM-5(6)
  - NIST-800-53-CM-5(6).1
  - NIST-800-53-CM-6(a)
  - configure_strategy
  - file_permissions_library_dirs
  - low_complexity
  - low_disruption
  - medium_severity
  - no_reboot_needed

- name: Set permissions for /usr/lib64/ file(s)
  ansible.builtin.file:
    path: '{{ item }}'
    mode: g-w,o-w
    state: file
  with_items:
  - '{{ files_found.stdout_lines }}'
  tags:
  - CCE-85670-8
  - DISA-STIG-SLES-15-010351
  - NIST-800-53-AC-6(1)
  - NIST-800-53-CM-5(6)
  - NIST-800-53-CM-5(6).1
  - NIST-800-53-CM-6(a)
  - configure_strategy
  - file_permissions_library_dirs
  - low_complexity
  - low_disruption
  - medium_severity
  - no_reboot_needed
</fix>
            <check system="http://oval.mitre.org/XMLSchema/oval-definitions-5">
              <check-content-ref name="oval:ssg-file_permissions_library_dirs:def:1" href="ssg-sle15-oval.xml"/>
            </check>
            <check system="http://scap.nist.gov/schema/ocil/2">
              <check-content-ref name="ocil:ssg-file_permissions_library_dirs_ocil:questionnaire:1" href="ssg-sle15-ocil.xml"/>
            </check>
          </Rule>
          <Rule id="xccdf_org.ssgproject.content_rule_file_permissions_system_commands_dirs" selected="false" role="full" severity="medium">
            <title xmlns:xhtml="http://www.w3.org/1999/xhtml" xml:lang="en-US">Verify that system commands are protected from unauthorized access</title>
            <description xmlns:xhtml="http://www.w3.org/1999/xhtml" xml:lang="en-US">System commands are stored in the following directories by default:
<html:pre xmlns:html="http://www.w3.org/1999/xhtml">/bin
/sbin
/usr/bin
/usr/sbin
/usr/local/bin
/usr/local/sbin</html:pre>
All files in these directories should not be group-writable or world-writable.
If any file <html:i xmlns:html="http://www.w3.org/1999/xhtml">FILE</html:i> in these directories is found
to be group-writable or world-writable, correct its permission with the
following command:
<html:pre xmlns:html="http://www.w3.org/1999/xhtml">$ sudo chmod 755 <html:i>FILE</html:i>
         </html:pre>
        </description>
            <reference href="http://nvlpubs.nist.gov/nistpubs/SpecialPublications/NIST.SP.800-53r4.pdf">CM-5(6)</reference>
            <reference href="http://nvlpubs.nist.gov/nistpubs/SpecialPublications/NIST.SP.800-53r4.pdf">CM-5(6).1</reference>
            <reference href="https://www.cyber.mil/stigs/downloads/?_dl_facet_stigs=operating-systems%2Cgeneral-purpose-os">SRG-OS-000259-GPOS-00100</reference>
            <reference href="https://www.cyber.mil/stigs/downloads/?_dl_facet_stigs=operating-systems%2Cunix-linux">SLES-15-010357</reference>
            <reference href="https://www.cyber.mil/stigs/srg-stig-tools/">SV-234840r991560_rule</reference>
            <rationale xmlns:xhtml="http://www.w3.org/1999/xhtml" xml:lang="en-US">System binaries are executed by privileged users, as well as system services,
and restrictive permissions are necessary to ensure execution of these programs
cannot be co-opted.</rationale>
            <ident system="https://ncp.nist.gov/cce">CCE-85738-3</ident>
            <fix xmlns:xhtml="http://www.w3.org/1999/xhtml" id="file_permissions_system_commands_dirs" system="urn:xccdf:fix:script:sh">
DIRS="/bin /sbin /usr/bin usr/sbin /usr/local/bin /usr/local/sbin"
for dirPath in $DIRS; do
	find -L "$dirPath" -perm /022 -type f -exec chmod go-w '{}' \;
done
</fix>
            <fix xmlns:xhtml="http://www.w3.org/1999/xhtml" id="file_permissions_system_commands_dirs" system="urn:xccdf:fix:script:ansible" complexity="medium" disruption="medium" strategy="restrict">- name: Retrieve the system command files and protect them from unautorized access
  ansible.builtin.command: find -L {{ item }} -perm /022 -type f -exec chmod go-w
    '{}' \;
  with_items:
  - /bin
  - /sbin
  - /usr/bin
  - /usr/sbin
  - /usr/local/bin
  - /usr/local/sbin
  changed_when: false
  failed_when: false
  check_mode: false
  tags:
  - CCE-85738-3
  - DISA-STIG-SLES-15-010357
  - NIST-800-53-CM-5(6)
  - NIST-800-53-CM-5(6).1
  - file_permissions_system_commands_dirs
  - medium_complexity
  - medium_disruption
  - medium_severity
  - no_reboot_needed
  - restrict_strategy
</fix>
            <check system="http://oval.mitre.org/XMLSchema/oval-definitions-5">
              <check-content-ref name="oval:ssg-file_permissions_system_commands_dirs:def:1" href="ssg-sle15-oval.xml"/>
            </check>
            <check system="http://scap.nist.gov/schema/ocil/2">
              <check-content-ref name="ocil:ssg-file_permissions_system_commands_dirs_ocil:questionnaire:1" href="ssg-sle15-ocil.xml"/>
            </check>
          </Rule>
          <Rule id="xccdf_org.ssgproject.content_rule_root_permissions_syslibrary_files" selected="false" role="full" severity="medium">
            <title xmlns:xhtml="http://www.w3.org/1999/xhtml" xml:lang="en-US">Verify the system-wide library files in directories
"/lib", "/lib64", "/usr/lib/" and "/usr/lib64" are group-owned by root.</title>
            <description xmlns:xhtml="http://www.w3.org/1999/xhtml" xml:lang="en-US">System-wide library files are stored in the following directories
by default:
<html:pre xmlns:html="http://www.w3.org/1999/xhtml">/lib
/lib64
/usr/lib
/usr/lib64
</html:pre>
All system-wide shared library files should be protected from unauthorised
access. If any of these files is not group-owned by root,
correct its group-owner with the following command:
<html:pre xmlns:html="http://www.w3.org/1999/xhtml">$ sudo chgrp root <html:i>FILE</html:i>
         </html:pre>
        </description>
            <reference href="http://nvlpubs.nist.gov/nistpubs/SpecialPublications/NIST.SP.800-53r4.pdf">CM-5(6)</reference>
            <reference href="http://nvlpubs.nist.gov/nistpubs/SpecialPublications/NIST.SP.800-53r4.pdf">CM-5(6).1</reference>
            <reference href="https://www.cyber.mil/stigs/downloads/?_dl_facet_stigs=operating-systems%2Cgeneral-purpose-os">SRG-OS-000259-GPOS-00100</reference>
            <reference href="https://www.cyber.mil/stigs/downloads/?_dl_facet_stigs=operating-systems%2Cunix-linux">SLES-15-010355</reference>
            <reference href="https://www.cyber.mil/stigs/srg-stig-tools/">SV-234838r1106563_rule</reference>
            <rationale xmlns:xhtml="http://www.w3.org/1999/xhtml" xml:lang="en-US">If the operating system were to allow any user to make changes to software libraries,
then those changes might be implemented without undergoing the appropriate testing and
approvals that are part of a robust change management process.

This requirement applies to operating systems with software libraries that are
accessible and configurable, as in the case of interpreted languages. Software libraries
also include privileged programs which execute with escalated privileges. Only qualified
and authorized individuals must be allowed to obtain access to information system components
for purposes of initiating changes, including upgrades and modifications.</rationale>
            <ident system="https://ncp.nist.gov/cce">CCE-85736-7</ident>
            <fix xmlns:xhtml="http://www.w3.org/1999/xhtml" id="root_permissions_syslibrary_files" system="urn:xccdf:fix:script:sh" complexity="low" disruption="low" strategy="configure">
newgroup=""
if getent group "0" &gt;/dev/null 2&gt;&amp;1; then
  newgroup="0"
fi

if [[ -z "${newgroup}" ]]; then
  &gt;&amp;2 echo "0 is not a defined group on the system"
else
find -P /lib/  -type f  ! -group 0 -regextype posix-extended -regex '^.*$' -exec chgrp --no-dereference "$newgroup" {} \;
find -P /lib64/  -type f  ! -group 0 -regextype posix-extended -regex '^.*$' -exec chgrp --no-dereference "$newgroup" {} \;
find -P /usr/lib/  -type f  ! -group 0 -regextype posix-extended -regex '^.*$' -exec chgrp --no-dereference "$newgroup" {} \;
find -P /usr/lib64/  -type f  ! -group 0 -regextype posix-extended -regex '^.*$' -exec chgrp --no-dereference "$newgroup" {} \;

fi
</fix>
            <fix xmlns:xhtml="http://www.w3.org/1999/xhtml" id="root_permissions_syslibrary_files" system="urn:xccdf:fix:script:ansible" complexity="low" disruption="low" strategy="configure">- name: Set the root_permissions_syslibrary_files_newgroup variable if represented
    by gid
  ansible.builtin.set_fact:
    root_permissions_syslibrary_files_newgroup: '0'
  tags:
  - CCE-85736-7
  - DISA-STIG-SLES-15-010355
  - NIST-800-53-CM-5(6)
  - NIST-800-53-CM-5(6).1
  - configure_strategy
  - low_complexity
  - low_disruption
  - medium_severity
  - no_reboot_needed
  - root_permissions_syslibrary_files

- name: Find /lib/ file(s) matching ^.*$ recursively
  ansible.builtin.command: find -P /lib/  -type f  ! -group 0 -regextype posix-extended
    -regex "^.*$"
  register: files_found
  changed_when: false
  failed_when: false
  check_mode: false
  tags:
  - CCE-85736-7
  - DISA-STIG-SLES-15-010355
  - NIST-800-53-CM-5(6)
  - NIST-800-53-CM-5(6).1
  - configure_strategy
  - low_complexity
  - low_disruption
  - medium_severity
  - no_reboot_needed
  - root_permissions_syslibrary_files

- name: Ensure group owner on /lib/ file(s) matching ^.*$
  ansible.builtin.file:
    path: '{{ item }}'
    follow: false
    group: '{{ root_permissions_syslibrary_files_newgroup }}'
    state: file
  with_items:
  - '{{ files_found.stdout_lines }}'
  tags:
  - CCE-85736-7
  - DISA-STIG-SLES-15-010355
  - NIST-800-53-CM-5(6)
  - NIST-800-53-CM-5(6).1
  - configure_strategy
  - low_complexity
  - low_disruption
  - medium_severity
  - no_reboot_needed
  - root_permissions_syslibrary_files

- name: Find /lib64/ file(s) matching ^.*$ recursively
  ansible.builtin.command: find -P /lib64/  -type f  ! -group 0 -regextype posix-extended
    -regex "^.*$"
  register: files_found
  changed_when: false
  failed_when: false
  check_mode: false
  tags:
  - CCE-85736-7
  - DISA-STIG-SLES-15-010355
  - NIST-800-53-CM-5(6)
  - NIST-800-53-CM-5(6).1
  - configure_strategy
  - low_complexity
  - low_disruption
  - medium_severity
  - no_reboot_needed
  - root_permissions_syslibrary_files

- name: Ensure group owner on /lib64/ file(s) matching ^.*$
  ansible.builtin.file:
    path: '{{ item }}'
    follow: false
    group: '{{ root_permissions_syslibrary_files_newgroup }}'
    state: file
  with_items:
  - '{{ files_found.stdout_lines }}'
  tags:
  - CCE-85736-7
  - DISA-STIG-SLES-15-010355
  - NIST-800-53-CM-5(6)
  - NIST-800-53-CM-5(6).1
  - configure_strategy
  - low_complexity
  - low_disruption
  - medium_severity
  - no_reboot_needed
  - root_permissions_syslibrary_files

- name: Find /usr/lib/ file(s) matching ^.*$ recursively
  ansible.builtin.command: find -P /usr/lib/  -type f  ! -group 0 -regextype posix-extended
    -regex "^.*$"
  register: files_found
  changed_when: false
  failed_when: false
  check_mode: false
  tags:
  - CCE-85736-7
  - DISA-STIG-SLES-15-010355
  - NIST-800-53-CM-5(6)
  - NIST-800-53-CM-5(6).1
  - configure_strategy
  - low_complexity
  - low_disruption
  - medium_severity
  - no_reboot_needed
  - root_permissions_syslibrary_files

- name: Ensure group owner on /usr/lib/ file(s) matching ^.*$
  ansible.builtin.file:
    path: '{{ item }}'
    follow: false
    group: '{{ root_permissions_syslibrary_files_newgroup }}'
    state: file
  with_items:
  - '{{ files_found.stdout_lines }}'
  tags:
  - CCE-85736-7
  - DISA-STIG-SLES-15-010355
  - NIST-800-53-CM-5(6)
  - NIST-800-53-CM-5(6).1
  - configure_strategy
  - low_complexity
  - low_disruption
  - medium_severity
  - no_reboot_needed
  - root_permissions_syslibrary_files

- name: Find /usr/lib64/ file(s) matching ^.*$ recursively
  ansible.builtin.command: find -P /usr/lib64/  -type f  ! -group 0 -regextype posix-extended
    -regex "^.*$"
  register: files_found
  changed_when: false
  failed_when: false
  check_mode: false
  tags:
  - CCE-85736-7
  - DISA-STIG-SLES-15-010355
  - NIST-800-53-CM-5(6)
  - NIST-800-53-CM-5(6).1
  - configure_strategy
  - low_complexity
  - low_disruption
  - medium_severity
  - no_reboot_needed
  - root_permissions_syslibrary_files

- name: Ensure group owner on /usr/lib64/ file(s) matching ^.*$
  ansible.builtin.file:
    path: '{{ item }}'
    follow: false
    group: '{{ root_permissions_syslibrary_files_newgroup }}'
    state: file
  with_items:
  - '{{ files_found.stdout_lines }}'
  tags:
  - CCE-85736-7
  - DISA-STIG-SLES-15-010355
  - NIST-800-53-CM-5(6)
  - NIST-800-53-CM-5(6).1
  - configure_strategy
  - low_complexity
  - low_disruption
  - medium_severity
  - no_reboot_needed
  - root_permissions_syslibrary_files
</fix>
            <check system="http://oval.mitre.org/XMLSchema/oval-definitions-5">
              <check-content-ref name="oval:ssg-root_permissions_syslibrary_files:def:1" href="ssg-sle15-oval.xml"/>
            </check>
            <check system="http://scap.nist.gov/schema/ocil/2">
              <check-content-ref name="ocil:ssg-root_permissions_syslibrary_files_ocil:questionnaire:1" href="ssg-sle15-ocil.xml"/>
            </check>
          </Rule>
        </Group>
      </Group>
      <Group id="xccdf_org.ssgproject.content_group_mounting">
        <title xmlns:xhtml="http://www.w3.org/1999/xhtml" xml:lang="en-US">Restrict Dynamic Mounting and Unmounting of
Filesystems</title>
        <description xmlns:xhtml="http://www.w3.org/1999/xhtml" xml:lang="en-US">Linux includes a number of facilities for the automated addition
and removal of filesystems on a running system.  These facilities may be
necessary in many environments, but this capability also carries some risk -- whether direct
risk from allowing users to introduce arbitrary filesystems,
or risk that software flaws in the automated mount facility itself could
allow an attacker to compromise the system.
<html:br xmlns:html="http://www.w3.org/1999/xhtml"/>
       <html:br xmlns:html="http://www.w3.org/1999/xhtml"/>
This command can be used to list the types of filesystems that are
available to the currently executing kernel:
<html:pre xmlns:html="http://www.w3.org/1999/xhtml">$ find /lib/modules/`uname -r`/kernel/fs -type f -name '*.ko'</html:pre>
If these filesystems are not required then they can be explicitly disabled
in a configuratio file in  <html:code xmlns:html="http://www.w3.org/1999/xhtml">/etc/modprobe.d</html:code>.</description>
        <Rule id="xccdf_org.ssgproject.content_rule_service_autofs_disabled" selected="false" role="full" severity="medium">
          <title xmlns:xhtml="http://www.w3.org/1999/xhtml" xml:lang="en-US">Disable the Automounter</title>
          <description xmlns:xhtml="http://www.w3.org/1999/xhtml" xml:lang="en-US">The <html:code xmlns:html="http://www.w3.org/1999/xhtml">autofs</html:code> daemon mounts and unmounts filesystems, such as user
home directories shared via NFS, on demand. In addition, autofs can be used to handle
removable media, and the default configuration provides the cdrom device as <html:code xmlns:html="http://www.w3.org/1999/xhtml">/misc/cd</html:code>.
However, this method of providing access to removable media is not common, so autofs
can almost always be disabled if NFS is not in use. Even if NFS is required, it may be
possible to configure filesystem mounts statically by editing <html:code xmlns:html="http://www.w3.org/1999/xhtml">/etc/fstab</html:code>
rather than relying on the automounter.
<html:br xmlns:html="http://www.w3.org/1999/xhtml"/>
        <html:br xmlns:html="http://www.w3.org/1999/xhtml"/>

The <html:code xmlns:html="http://www.w3.org/1999/xhtml">autofs</html:code> service can be disabled with the following command:
<html:pre xmlns:html="http://www.w3.org/1999/xhtml">$ sudo systemctl mask --now autofs.service</html:pre>
       </description>
          <reference href="https://www.cisecurity.org/controls/">1</reference>
          <reference href="https://www.cisecurity.org/controls/">12</reference>
          <reference href="https://www.cisecurity.org/controls/">15</reference>
          <reference href="https://www.cisecurity.org/controls/">16</reference>
          <reference href="https://www.cisecurity.org/controls/">5</reference>
          <reference href="https://www.isaca.org/resources/cobit">APO13.01</reference>
          <reference href="https://www.isaca.org/resources/cobit">DSS01.04</reference>
          <reference href="https://www.isaca.org/resources/cobit">DSS05.03</reference>
          <reference href="https://www.isaca.org/resources/cobit">DSS05.04</reference>
          <reference href="https://www.isaca.org/resources/cobit">DSS05.05</reference>
          <reference href="https://www.isaca.org/resources/cobit">DSS05.07</reference>
          <reference href="https://www.isaca.org/resources/cobit">DSS05.10</reference>
          <reference href="https://www.isaca.org/resources/cobit">DSS06.03</reference>
          <reference href="https://www.isaca.org/resources/cobit">DSS06.10</reference>
          <reference href="http://nvlpubs.nist.gov/nistpubs/SpecialPublications/NIST.SP.800-171.pdf">3.4.6</reference>
          <reference href="https://www.gpo.gov/fdsys/pkg/CFR-2007-title45-vol1/pdf/CFR-2007-title45-vol1-chapA-subchapC.pdf">164.308(a)(3)(i)</reference>
          <reference href="https://www.gpo.gov/fdsys/pkg/CFR-2007-title45-vol1/pdf/CFR-2007-title45-vol1-chapA-subchapC.pdf">164.308(a)(3)(ii)(A)</reference>
          <reference href="https://www.gpo.gov/fdsys/pkg/CFR-2007-title45-vol1/pdf/CFR-2007-title45-vol1-chapA-subchapC.pdf">164.310(d)(1)</reference>
          <reference href="https://www.gpo.gov/fdsys/pkg/CFR-2007-title45-vol1/pdf/CFR-2007-title45-vol1-chapA-subchapC.pdf">164.310(d)(2)</reference>
          <reference href="https://www.gpo.gov/fdsys/pkg/CFR-2007-title45-vol1/pdf/CFR-2007-title45-vol1-chapA-subchapC.pdf">164.312(a)(1)</reference>
          <reference href="https://www.gpo.gov/fdsys/pkg/CFR-2007-title45-vol1/pdf/CFR-2007-title45-vol1-chapA-subchapC.pdf">164.312(a)(2)(iv)</reference>
          <reference href="https://www.gpo.gov/fdsys/pkg/CFR-2007-title45-vol1/pdf/CFR-2007-title45-vol1-chapA-subchapC.pdf">164.312(b)</reference>
          <reference href="https://www.isa.org/products/isa-62443-2-1-2009-security-for-industrial-automat">4.3.3.2.2</reference>
          <reference href="https://www.isa.org/products/isa-62443-2-1-2009-security-for-industrial-automat">4.3.3.5.1</reference>
          <reference href="https://www.isa.org/products/isa-62443-2-1-2009-security-for-industrial-automat">4.3.3.5.2</reference>
          <reference href="https://www.isa.org/products/isa-62443-2-1-2009-security-for-industrial-automat">4.3.3.6.1</reference>
          <reference href="https://www.isa.org/products/isa-62443-2-1-2009-security-for-industrial-automat">4.3.3.6.2</reference>
          <reference href="https://www.isa.org/products/isa-62443-2-1-2009-security-for-industrial-automat">4.3.3.6.3</reference>
          <reference href="https://www.isa.org/products/isa-62443-2-1-2009-security-for-industrial-automat">4.3.3.6.4</reference>
          <reference href="https://www.isa.org/products/isa-62443-2-1-2009-security-for-industrial-automat">4.3.3.6.5</reference>
          <reference href="https://www.isa.org/products/isa-62443-2-1-2009-security-for-industrial-automat">4.3.3.6.6</reference>
          <reference href="https://www.isa.org/products/isa-62443-2-1-2009-security-for-industrial-automat">4.3.3.6.7</reference>
          <reference href="https://www.isa.org/products/isa-62443-2-1-2009-security-for-industrial-automat">4.3.3.6.8</reference>
          <reference href="https://www.isa.org/products/isa-62443-2-1-2009-security-for-industrial-automat">4.3.3.6.9</reference>
          <reference href="https://www.isa.org/products/isa-62443-2-1-2009-security-for-industrial-automat">4.3.3.7.2</reference>
          <reference href="https://www.isa.org/products/isa-62443-2-1-2009-security-for-industrial-automat">4.3.3.7.4</reference>
          <reference href="https://www.isa.org/products/ansi-isa-62443-3-3-99-03-03-2013-security-for-indu">SR 1.1</reference>
          <reference href="https://www.isa.org/products/ansi-isa-62443-3-3-99-03-03-2013-security-for-indu">SR 1.10</reference>
          <reference href="https://www.isa.org/products/ansi-isa-62443-3-3-99-03-03-2013-security-for-indu">SR 1.13</reference>
          <reference href="https://www.isa.org/products/ansi-isa-62443-3-3-99-03-03-2013-security-for-indu">SR 1.2</reference>
          <reference href="https://www.isa.org/products/ansi-isa-62443-3-3-99-03-03-2013-security-for-indu">SR 1.3</reference>
          <reference href="https://www.isa.org/products/ansi-isa-62443-3-3-99-03-03-2013-security-for-indu">SR 1.4</reference>
          <reference href="https://www.isa.org/products/ansi-isa-62443-3-3-99-03-03-2013-security-for-indu">SR 1.5</reference>
          <reference href="https://www.isa.org/products/ansi-isa-62443-3-3-99-03-03-2013-security-for-indu">SR 1.7</reference>
          <reference href="https://www.isa.org/products/ansi-isa-62443-3-3-99-03-03-2013-security-for-indu">SR 1.8</reference>
          <reference href="https://www.isa.org/products/ansi-isa-62443-3-3-99-03-03-2013-security-for-indu">SR 1.9</reference>
          <reference href="https://www.isa.org/products/ansi-isa-62443-3-3-99-03-03-2013-security-for-indu">SR 2.1</reference>
          <reference href="https://www.isa.org/products/ansi-isa-62443-3-3-99-03-03-2013-security-for-indu">SR 2.6</reference>
          <reference href="https://www.iso.org/contents/data/standard/05/45/54534.html">A.11.2.6</reference>
          <reference href="https://www.iso.org/contents/data/standard/05/45/54534.html">A.13.1.1</reference>
          <reference href="https://www.iso.org/contents/data/standard/05/45/54534.html">A.13.2.1</reference>
          <reference href="https://www.iso.org/contents/data/standard/05/45/54534.html">A.18.1.4</reference>
          <reference href="https://www.iso.org/contents/data/standard/05/45/54534.html">A.6.2.1</reference>
          <reference href="https://www.iso.org/contents/data/standard/05/45/54534.html">A.6.2.2</reference>
          <reference href="https://www.iso.org/contents/data/standard/05/45/54534.html">A.7.1.1</reference>
          <reference href="https://www.iso.org/contents/data/standard/05/45/54534.html">A.9.2.1</reference>
          <reference href="https://www.iso.org/contents/data/standard/05/45/54534.html">A.9.2.2</reference>
          <reference href="https://www.iso.org/contents/data/standard/05/45/54534.html">A.9.2.3</reference>
          <reference href="https://www.iso.org/contents/data/standard/05/45/54534.html">A.9.2.4</reference>
          <reference href="https://www.iso.org/contents/data/standard/05/45/54534.html">A.9.2.6</reference>
          <reference href="https://www.iso.org/contents/data/standard/05/45/54534.html">A.9.3.1</reference>
          <reference href="https://www.iso.org/contents/data/standard/05/45/54534.html">A.9.4.2</reference>
          <reference href="https://www.iso.org/contents/data/standard/05/45/54534.html">A.9.4.3</reference>
          <reference href="http://nvlpubs.nist.gov/nistpubs/SpecialPublications/NIST.SP.800-53r4.pdf">CM-7(a)</reference>
          <reference href="http://nvlpubs.nist.gov/nistpubs/SpecialPublications/NIST.SP.800-53r4.pdf">CM-7(b)</reference>
          <reference href="http://nvlpubs.nist.gov/nistpubs/SpecialPublications/NIST.SP.800-53r4.pdf">CM-6(a)</reference>
          <reference href="http://nvlpubs.nist.gov/nistpubs/SpecialPublications/NIST.SP.800-53r4.pdf">MP-7</reference>
          <reference href="https://nvlpubs.nist.gov/nistpubs/CSWP/NIST.CSWP.04162018.pdf">PR.AC-1</reference>
          <reference href="https://nvlpubs.nist.gov/nistpubs/CSWP/NIST.CSWP.04162018.pdf">PR.AC-3</reference>
          <reference href="https://nvlpubs.nist.gov/nistpubs/CSWP/NIST.CSWP.04162018.pdf">PR.AC-6</reference>
          <reference href="https://nvlpubs.nist.gov/nistpubs/CSWP/NIST.CSWP.04162018.pdf">PR.AC-7</reference>
          <reference href="https://www.cyber.mil/stigs/downloads/?_dl_facet_stigs=operating-systems%2Cgeneral-purpose-os">SRG-OS-000114-GPOS-00059</reference>
          <reference href="https://www.cyber.mil/stigs/downloads/?_dl_facet_stigs=operating-systems%2Cgeneral-purpose-os">SRG-OS-000378-GPOS-00163</reference>
          <reference href="https://www.cyber.mil/stigs/downloads/?_dl_facet_stigs=operating-systems%2Cgeneral-purpose-os">SRG-OS-000480-GPOS-00227</reference>
          <reference href="https://www.cyber.mil/stigs/downloads/?_dl_facet_stigs=operating-systems%2Cunix-linux">SLES-15-010240</reference>
          <reference href="https://www.cisecurity.org/benchmark/suse_linux/">1.1.23</reference>
          <reference href="not_publicly_available">SLES-15-300150015</reference>
          <reference href="https://www.cyber.mil/stigs/srg-stig-tools/">SV-234823r958498_rule</reference>
          <rationale xmlns:xhtml="http://www.w3.org/1999/xhtml" xml:lang="en-US">Disabling the automounter permits the administrator to
statically control filesystem mounting through <html:code xmlns:html="http://www.w3.org/1999/xhtml">/etc/fstab</html:code>.
<html:br xmlns:html="http://www.w3.org/1999/xhtml"/>
        <html:br xmlns:html="http://www.w3.org/1999/xhtml"/>
Additionally, automatically mounting filesystems permits easy introduction of
unknown devices, thereby facilitating malicious activity.</rationale>
          <platform idref="#package_autofs_and_system_with_kernel"/>
          <ident system="https://ncp.nist.gov/cce">CCE-83278-2</ident>
          <fix xmlns:xhtml="http://www.w3.org/1999/xhtml" id="service_autofs_disabled" system="urn:xccdf:fix:script:puppet" complexity="low" disruption="low" strategy="enable">include disable_autofs

class disable_autofs {
  service {'autofs':
    enable =&gt; false,
    ensure =&gt; 'stopped',
  }
}
</fix>
          <fix xmlns:xhtml="http://www.w3.org/1999/xhtml" id="service_autofs_disabled" system="urn:xccdf:fix:script:sh" complexity="low" disruption="low" strategy="disable"># Remediation is applicable only in certain platforms
if ( rpm --quiet -q autofs &amp;&amp; rpm --quiet -q kernel-default || rpm --quiet -q kernel-default-base ); then

SYSTEMCTL_EXEC='/usr/bin/systemctl'
if [[ $("$SYSTEMCTL_EXEC" is-system-running) != "offline" ]]; then
  "$SYSTEMCTL_EXEC" stop 'autofs.service'
fi
"$SYSTEMCTL_EXEC" disable 'autofs.service'
"$SYSTEMCTL_EXEC" mask 'autofs.service'
# Disable socket activation if we have a unit file for it
if "$SYSTEMCTL_EXEC" -q list-unit-files autofs.socket; then
    if [[ $("$SYSTEMCTL_EXEC" is-system-running) != "offline" ]]; then
      "$SYSTEMCTL_EXEC" stop 'autofs.socket'
    fi
    "$SYSTEMCTL_EXEC" mask 'autofs.socket'
fi
# The service may not be running because it has been started and failed,
# so let's reset the state so OVAL checks pass.
# Service should be 'inactive', not 'failed' after reboot though.
"$SYSTEMCTL_EXEC" reset-failed 'autofs.service' || true

else
    &gt;&amp;2 echo 'Remediation is not applicable, nothing was done'
fi
</fix>
          <fix xmlns:xhtml="http://www.w3.org/1999/xhtml" id="service_autofs_disabled" system="urn:redhat:osbuild:blueprint">
[customizations.services]
masked = ["autofs"]
</fix>
          <fix xmlns:xhtml="http://www.w3.org/1999/xhtml" id="service_autofs_disabled" system="urn:xccdf:fix:script:ansible" complexity="low" disruption="low" strategy="disable">- name: Gather the package facts
  package_facts:
    manager: auto
  tags:
  - CCE-83278-2
  - DISA-STIG-SLES-15-010240
  - NIST-800-171-3.4.6
  - NIST-800-53-CM-6(a)
  - NIST-800-53-CM-7(a)
  - NIST-800-53-CM-7(b)
  - NIST-800-53-MP-7
  - disable_strategy
  - low_complexity
  - low_disruption
  - medium_severity
  - no_reboot_needed
  - service_autofs_disabled

- name: Disable the Automounter - Disable service autofs
  block:

  - name: Disable the Automounter - Collect systemd Services Present in the System
    ansible.builtin.command: systemctl -q list-unit-files --type service
    register: service_exists
    changed_when: false
    failed_when: service_exists.rc not in [0, 1]
    check_mode: false

  - name: Disable the Automounter - Ensure autofs.service is Masked
    ansible.builtin.systemd:
      name: autofs.service
      state: stopped
      enabled: false
      masked: true
    when: service_exists.stdout_lines is search("autofs.service", multiline=True)

  - name: Unit Socket Exists - autofs.socket
    ansible.builtin.command: systemctl -q list-unit-files autofs.socket
    register: socket_file_exists
    changed_when: false
    failed_when: socket_file_exists.rc not in [0, 1]
    check_mode: false

  - name: Disable the Automounter - Disable Socket autofs
    ansible.builtin.systemd:
      name: autofs.socket
      enabled: false
      state: stopped
      masked: true
    when: socket_file_exists.stdout_lines is search("autofs.socket", multiline=True)
  tags:
  - CCE-83278-2
  - DISA-STIG-SLES-15-010240
  - NIST-800-171-3.4.6
  - NIST-800-53-CM-6(a)
  - NIST-800-53-CM-7(a)
  - NIST-800-53-CM-7(b)
  - NIST-800-53-MP-7
  - disable_strategy
  - low_complexity
  - low_disruption
  - medium_severity
  - no_reboot_needed
  - service_autofs_disabled
  - special_service_block
  when: ( "autofs" in ansible_facts.packages and ("kernel-default" in ansible_facts.packages
    or "kernel-default-base" in ansible_facts.packages) )
</fix>
          <check system="http://open-scap.org/page/SCE">
            <check-import import-name="stdout">
                </check-import>
            <check-content-ref href="sle15/checks/sce/service_autofs_disabled.sh"/>
          </check>
          <check system="http://oval.mitre.org/XMLSchema/oval-definitions-5">
            <check-content-ref name="oval:ssg-service_autofs_disabled:def:1" href="ssg-sle15-oval.xml"/>
          </check>
          <check system="http://scap.nist.gov/schema/ocil/2">
            <check-content-ref name="ocil:ssg-service_autofs_disabled_ocil:questionnaire:1" href="ssg-sle15-ocil.xml"/>
          </check>
        </Rule>
        <Rule id="xccdf_org.ssgproject.content_rule_kernel_module_cramfs_disabled" selected="false" role="full" severity="low">
          <title xmlns:xhtml="http://www.w3.org/1999/xhtml" xml:lang="en-US">Disable Mounting of cramfs</title>
          <description xmlns:xhtml="http://www.w3.org/1999/xhtml" xml:lang="en-US">
To configure the system to prevent the <html:code xmlns:html="http://www.w3.org/1999/xhtml">cramfs</html:code>
kernel module from being loaded, add the following line to the file <html:code xmlns:html="http://www.w3.org/1999/xhtml">/etc/modprobe.d/cramfs.conf</html:code>:
<html:pre xmlns:html="http://www.w3.org/1999/xhtml">install cramfs /bin/false</html:pre>
This entry will cause a non-zero return value during a <html:code xmlns:html="http://www.w3.org/1999/xhtml">cramfs</html:code> module installation
and additionally convey the meaning of the entry to the user in form of an error message.
If you would like to omit a non-zero return value and an error message, you may want to add a different line instead
(both <html:code xmlns:html="http://www.w3.org/1999/xhtml">/bin/true</html:code> and <html:code xmlns:html="http://www.w3.org/1999/xhtml">/bin/false</html:code> are allowed by OVAL and will be accepted by the scan):
<html:pre xmlns:html="http://www.w3.org/1999/xhtml">install cramfs /bin/true</html:pre>

This effectively prevents usage of this uncommon filesystem.

The <html:code xmlns:html="http://www.w3.org/1999/xhtml">cramfs</html:code> filesystem type is a compressed read-only
Linux filesystem embedded in small footprint systems. A
<html:code xmlns:html="http://www.w3.org/1999/xhtml">cramfs</html:code> image can be used without having to first
decompress the image.</description>
          <reference href="https://www.cisecurity.org/controls/">11</reference>
          <reference href="https://www.cisecurity.org/controls/">14</reference>
          <reference href="https://www.cisecurity.org/controls/">3</reference>
          <reference href="https://www.cisecurity.org/controls/">9</reference>
          <reference href="https://www.isaca.org/resources/cobit">BAI10.01</reference>
          <reference href="https://www.isaca.org/resources/cobit">BAI10.02</reference>
          <reference href="https://www.isaca.org/resources/cobit">BAI10.03</reference>
          <reference href="https://www.isaca.org/resources/cobit">BAI10.05</reference>
          <reference href="https://www.isaca.org/resources/cobit">DSS05.02</reference>
          <reference href="https://www.isaca.org/resources/cobit">DSS05.05</reference>
          <reference href="https://www.isaca.org/resources/cobit">DSS06.06</reference>
          <reference href="http://nvlpubs.nist.gov/nistpubs/SpecialPublications/NIST.SP.800-171.pdf">3.4.6</reference>
          <reference href="https://www.isa.org/products/isa-62443-2-1-2009-security-for-industrial-automat">4.3.3.5.1</reference>
          <reference href="https://www.isa.org/products/isa-62443-2-1-2009-security-for-industrial-automat">4.3.3.5.2</reference>
          <reference href="https://www.isa.org/products/isa-62443-2-1-2009-security-for-industrial-automat">4.3.3.5.3</reference>
          <reference href="https://www.isa.org/products/isa-62443-2-1-2009-security-for-industrial-automat">4.3.3.5.4</reference>
          <reference href="https://www.isa.org/products/isa-62443-2-1-2009-security-for-industrial-automat">4.3.3.5.5</reference>
          <reference href="https://www.isa.org/products/isa-62443-2-1-2009-security-for-industrial-automat">4.3.3.5.6</reference>
          <reference href="https://www.isa.org/products/isa-62443-2-1-2009-security-for-industrial-automat">4.3.3.5.7</reference>
          <reference href="https://www.isa.org/products/isa-62443-2-1-2009-security-for-industrial-automat">4.3.3.5.8</reference>
          <reference href="https://www.isa.org/products/isa-62443-2-1-2009-security-for-industrial-automat">4.3.3.6.1</reference>
          <reference href="https://www.isa.org/products/isa-62443-2-1-2009-security-for-industrial-automat">4.3.3.6.2</reference>
          <reference href="https://www.isa.org/products/isa-62443-2-1-2009-security-for-industrial-automat">4.3.3.6.3</reference>
          <reference href="https://www.isa.org/products/isa-62443-2-1-2009-security-for-industrial-automat">4.3.3.6.4</reference>
          <reference href="https://www.isa.org/products/isa-62443-2-1-2009-security-for-industrial-automat">4.3.3.6.5</reference>
          <reference href="https://www.isa.org/products/isa-62443-2-1-2009-security-for-industrial-automat">4.3.3.6.6</reference>
          <reference href="https://www.isa.org/products/isa-62443-2-1-2009-security-for-industrial-automat">4.3.3.6.7</reference>
          <reference href="https://www.isa.org/products/isa-62443-2-1-2009-security-for-industrial-automat">4.3.3.6.8</reference>
          <reference href="https://www.isa.org/products/isa-62443-2-1-2009-security-for-industrial-automat">4.3.3.6.9</reference>
          <reference href="https://www.isa.org/products/isa-62443-2-1-2009-security-for-industrial-automat">4.3.3.7.1</reference>
          <reference href="https://www.isa.org/products/isa-62443-2-1-2009-security-for-industrial-automat">4.3.3.7.2</reference>
          <reference href="https://www.isa.org/products/isa-62443-2-1-2009-security-for-industrial-automat">4.3.3.7.3</reference>
          <reference href="https://www.isa.org/products/isa-62443-2-1-2009-security-for-industrial-automat">4.3.3.7.4</reference>
          <reference href="https://www.isa.org/products/isa-62443-2-1-2009-security-for-industrial-automat">4.3.4.3.2</reference>
          <reference href="https://www.isa.org/products/isa-62443-2-1-2009-security-for-industrial-automat">4.3.4.3.3</reference>
          <reference href="https://www.isa.org/products/ansi-isa-62443-3-3-99-03-03-2013-security-for-indu">SR 1.1</reference>
          <reference href="https://www.isa.org/products/ansi-isa-62443-3-3-99-03-03-2013-security-for-indu">SR 1.10</reference>
          <reference href="https://www.isa.org/products/ansi-isa-62443-3-3-99-03-03-2013-security-for-indu">SR 1.11</reference>
          <reference href="https://www.isa.org/products/ansi-isa-62443-3-3-99-03-03-2013-security-for-indu">SR 1.12</reference>
          <reference href="https://www.isa.org/products/ansi-isa-62443-3-3-99-03-03-2013-security-for-indu">SR 1.13</reference>
          <reference href="https://www.isa.org/products/ansi-isa-62443-3-3-99-03-03-2013-security-for-indu">SR 1.2</reference>
          <reference href="https://www.isa.org/products/ansi-isa-62443-3-3-99-03-03-2013-security-for-indu">SR 1.3</reference>
          <reference href="https://www.isa.org/products/ansi-isa-62443-3-3-99-03-03-2013-security-for-indu">SR 1.4</reference>
          <reference href="https://www.isa.org/products/ansi-isa-62443-3-3-99-03-03-2013-security-for-indu">SR 1.5</reference>
          <reference href="https://www.isa.org/products/ansi-isa-62443-3-3-99-03-03-2013-security-for-indu">SR 1.6</reference>
          <reference href="https://www.isa.org/products/ansi-isa-62443-3-3-99-03-03-2013-security-for-indu">SR 1.7</reference>
          <reference href="https://www.isa.org/products/ansi-isa-62443-3-3-99-03-03-2013-security-for-indu">SR 1.8</reference>
          <reference href="https://www.isa.org/products/ansi-isa-62443-3-3-99-03-03-2013-security-for-indu">SR 1.9</reference>
          <reference href="https://www.isa.org/products/ansi-isa-62443-3-3-99-03-03-2013-security-for-indu">SR 2.1</reference>
          <reference href="https://www.isa.org/products/ansi-isa-62443-3-3-99-03-03-2013-security-for-indu">SR 2.2</reference>
          <reference href="https://www.isa.org/products/ansi-isa-62443-3-3-99-03-03-2013-security-for-indu">SR 2.3</reference>
          <reference href="https://www.isa.org/products/ansi-isa-62443-3-3-99-03-03-2013-security-for-indu">SR 2.4</reference>
          <reference href="https://www.isa.org/products/ansi-isa-62443-3-3-99-03-03-2013-security-for-indu">SR 2.5</reference>
          <reference href="https://www.isa.org/products/ansi-isa-62443-3-3-99-03-03-2013-security-for-indu">SR 2.6</reference>
          <reference href="https://www.isa.org/products/ansi-isa-62443-3-3-99-03-03-2013-security-for-indu">SR 2.7</reference>
          <reference href="https://www.isa.org/products/ansi-isa-62443-3-3-99-03-03-2013-security-for-indu">SR 7.6</reference>
          <reference href="https://www.iso.org/contents/data/standard/05/45/54534.html">A.12.1.2</reference>
          <reference href="https://www.iso.org/contents/data/standard/05/45/54534.html">A.12.5.1</reference>
          <reference href="https://www.iso.org/contents/data/standard/05/45/54534.html">A.12.6.2</reference>
          <reference href="https://www.iso.org/contents/data/standard/05/45/54534.html">A.14.2.2</reference>
          <reference href="https://www.iso.org/contents/data/standard/05/45/54534.html">A.14.2.3</reference>
          <reference href="https://www.iso.org/contents/data/standard/05/45/54534.html">A.14.2.4</reference>
          <reference href="https://www.iso.org/contents/data/standard/05/45/54534.html">A.9.1.2</reference>
          <reference href="http://nvlpubs.nist.gov/nistpubs/SpecialPublications/NIST.SP.800-53r4.pdf">CM-7(a)</reference>
          <reference href="http://nvlpubs.nist.gov/nistpubs/SpecialPublications/NIST.SP.800-53r4.pdf">CM-7(b)</reference>
          <reference href="http://nvlpubs.nist.gov/nistpubs/SpecialPublications/NIST.SP.800-53r4.pdf">CM-6(a)</reference>
          <reference href="https://nvlpubs.nist.gov/nistpubs/CSWP/NIST.CSWP.04162018.pdf">PR.IP-1</reference>
          <reference href="https://nvlpubs.nist.gov/nistpubs/CSWP/NIST.CSWP.04162018.pdf">PR.PT-3</reference>
          <reference href="https://www.cyber.mil/stigs/downloads/?_dl_facet_stigs=operating-systems%2Cgeneral-purpose-os">SRG-OS-000095-GPOS-00049</reference>
          <reference href="https://www.cisecurity.org/benchmark/suse_linux/">1.1.1.1</reference>
          <reference href="not_publicly_available">SLES-15-150150015</reference>
          <rationale xmlns:xhtml="http://www.w3.org/1999/xhtml" xml:lang="en-US">Removing support for unneeded filesystem types reduces the local attack surface
of the server.</rationale>
          <platform idref="#system_with_kernel"/>
          <ident system="https://ncp.nist.gov/cce">CCE-92451-4</ident>
          <fix xmlns:xhtml="http://www.w3.org/1999/xhtml" id="kernel_module_cramfs_disabled" system="urn:xccdf:fix:script:sh" reboot="true" complexity="low" disruption="medium" strategy="disable"># Remediation is applicable only in certain platforms
if rpm --quiet -q kernel-default || rpm --quiet -q kernel-default-base; then

if LC_ALL=C grep -q -m 1 "^install cramfs" /etc/modprobe.d/cramfs.conf ; then
	
	sed -i 's#^install cramfs.*#install cramfs /bin/false#g' /etc/modprobe.d/cramfs.conf
else
	echo -e "\n# Disable per security requirements" &gt;&gt; /etc/modprobe.d/cramfs.conf
	echo "install cramfs /bin/false" &gt;&gt; /etc/modprobe.d/cramfs.conf
fi

if ! LC_ALL=C grep -q -m 1 "^blacklist cramfs$" /etc/modprobe.d/cramfs.conf ; then
	echo "blacklist cramfs" &gt;&gt; /etc/modprobe.d/cramfs.conf
fi

else
    &gt;&amp;2 echo 'Remediation is not applicable, nothing was done'
fi
</fix>
          <fix xmlns:xhtml="http://www.w3.org/1999/xhtml" id="kernel_module_cramfs_disabled" system="urn:xccdf:fix:script:ansible" reboot="true" complexity="low" disruption="medium" strategy="disable">- name: Gather the package facts
  package_facts:
    manager: auto
  tags:
  - CCE-92451-4
  - NIST-800-171-3.4.6
  - NIST-800-53-CM-6(a)
  - NIST-800-53-CM-7(a)
  - NIST-800-53-CM-7(b)
  - disable_strategy
  - kernel_module_cramfs_disabled
  - low_complexity
  - low_severity
  - medium_disruption
  - reboot_required

- name: Ensure kernel module 'cramfs' is disabled
  ansible.builtin.lineinfile:
    create: true
    dest: /etc/modprobe.d/cramfs.conf
    regexp: install\s+cramfs
    line: install cramfs /bin/false
  when: ("kernel-default" in ansible_facts.packages or "kernel-default-base" in ansible_facts.packages)
  tags:
  - CCE-92451-4
  - NIST-800-171-3.4.6
  - NIST-800-53-CM-6(a)
  - NIST-800-53-CM-7(a)
  - NIST-800-53-CM-7(b)
  - disable_strategy
  - kernel_module_cramfs_disabled
  - low_complexity
  - low_severity
  - medium_disruption
  - reboot_required

- name: Ensure kernel module 'cramfs' is blacklisted
  ansible.builtin.lineinfile:
    create: true
    dest: /etc/modprobe.d/cramfs.conf
    regexp: ^blacklist cramfs$
    line: blacklist cramfs
  when: ("kernel-default" in ansible_facts.packages or "kernel-default-base" in ansible_facts.packages)
  tags:
  - CCE-92451-4
  - NIST-800-171-3.4.6
  - NIST-800-53-CM-6(a)
  - NIST-800-53-CM-7(a)
  - NIST-800-53-CM-7(b)
  - disable_strategy
  - kernel_module_cramfs_disabled
  - low_complexity
  - low_severity
  - medium_disruption
  - reboot_required
</fix>
          <check system="http://oval.mitre.org/XMLSchema/oval-definitions-5">
            <check-content-ref name="oval:ssg-kernel_module_cramfs_disabled:def:1" href="ssg-sle15-oval.xml"/>
          </check>
          <check system="http://scap.nist.gov/schema/ocil/2">
            <check-content-ref name="ocil:ssg-kernel_module_cramfs_disabled_ocil:questionnaire:1" href="ssg-sle15-ocil.xml"/>
          </check>
        </Rule>
        <Rule id="xccdf_org.ssgproject.content_rule_kernel_module_freevxfs_disabled" selected="false" role="full" severity="low">
          <title xmlns:xhtml="http://www.w3.org/1999/xhtml" xml:lang="en-US">Disable Mounting of freevxfs</title>
          <description xmlns:xhtml="http://www.w3.org/1999/xhtml" xml:lang="en-US">
To configure the system to prevent the <html:code xmlns:html="http://www.w3.org/1999/xhtml">freevxfs</html:code>
kernel module from being loaded, add the following line to the file <html:code xmlns:html="http://www.w3.org/1999/xhtml">/etc/modprobe.d/freevxfs.conf</html:code>:
<html:pre xmlns:html="http://www.w3.org/1999/xhtml">install freevxfs /bin/false</html:pre>
This entry will cause a non-zero return value during a <html:code xmlns:html="http://www.w3.org/1999/xhtml">freevxfs</html:code> module installation
and additionally convey the meaning of the entry to the user in form of an error message.
If you would like to omit a non-zero return value and an error message, you may want to add a different line instead
(both <html:code xmlns:html="http://www.w3.org/1999/xhtml">/bin/true</html:code> and <html:code xmlns:html="http://www.w3.org/1999/xhtml">/bin/false</html:code> are allowed by OVAL and will be accepted by the scan):
<html:pre xmlns:html="http://www.w3.org/1999/xhtml">install freevxfs /bin/true</html:pre>

This effectively prevents usage of this uncommon filesystem.</description>
          <reference href="https://www.cisecurity.org/controls/">11</reference>
          <reference href="https://www.cisecurity.org/controls/">14</reference>
          <reference href="https://www.cisecurity.org/controls/">3</reference>
          <reference href="https://www.cisecurity.org/controls/">9</reference>
          <reference href="https://www.isaca.org/resources/cobit">BAI10.01</reference>
          <reference href="https://www.isaca.org/resources/cobit">BAI10.02</reference>
          <reference href="https://www.isaca.org/resources/cobit">BAI10.03</reference>
          <reference href="https://www.isaca.org/resources/cobit">BAI10.05</reference>
          <reference href="https://www.isaca.org/resources/cobit">DSS05.02</reference>
          <reference href="https://www.isaca.org/resources/cobit">DSS05.05</reference>
          <reference href="https://www.isaca.org/resources/cobit">DSS06.06</reference>
          <reference href="http://nvlpubs.nist.gov/nistpubs/SpecialPublications/NIST.SP.800-171.pdf">3.4.6</reference>
          <reference href="https://www.isa.org/products/isa-62443-2-1-2009-security-for-industrial-automat">4.3.3.5.1</reference>
          <reference href="https://www.isa.org/products/isa-62443-2-1-2009-security-for-industrial-automat">4.3.3.5.2</reference>
          <reference href="https://www.isa.org/products/isa-62443-2-1-2009-security-for-industrial-automat">4.3.3.5.3</reference>
          <reference href="https://www.isa.org/products/isa-62443-2-1-2009-security-for-industrial-automat">4.3.3.5.4</reference>
          <reference href="https://www.isa.org/products/isa-62443-2-1-2009-security-for-industrial-automat">4.3.3.5.5</reference>
          <reference href="https://www.isa.org/products/isa-62443-2-1-2009-security-for-industrial-automat">4.3.3.5.6</reference>
          <reference href="https://www.isa.org/products/isa-62443-2-1-2009-security-for-industrial-automat">4.3.3.5.7</reference>
          <reference href="https://www.isa.org/products/isa-62443-2-1-2009-security-for-industrial-automat">4.3.3.5.8</reference>
          <reference href="https://www.isa.org/products/isa-62443-2-1-2009-security-for-industrial-automat">4.3.3.6.1</reference>
          <reference href="https://www.isa.org/products/isa-62443-2-1-2009-security-for-industrial-automat">4.3.3.6.2</reference>
          <reference href="https://www.isa.org/products/isa-62443-2-1-2009-security-for-industrial-automat">4.3.3.6.3</reference>
          <reference href="https://www.isa.org/products/isa-62443-2-1-2009-security-for-industrial-automat">4.3.3.6.4</reference>
          <reference href="https://www.isa.org/products/isa-62443-2-1-2009-security-for-industrial-automat">4.3.3.6.5</reference>
          <reference href="https://www.isa.org/products/isa-62443-2-1-2009-security-for-industrial-automat">4.3.3.6.6</reference>
          <reference href="https://www.isa.org/products/isa-62443-2-1-2009-security-for-industrial-automat">4.3.3.6.7</reference>
          <reference href="https://www.isa.org/products/isa-62443-2-1-2009-security-for-industrial-automat">4.3.3.6.8</reference>
          <reference href="https://www.isa.org/products/isa-62443-2-1-2009-security-for-industrial-automat">4.3.3.6.9</reference>
          <reference href="https://www.isa.org/products/isa-62443-2-1-2009-security-for-industrial-automat">4.3.3.7.1</reference>
          <reference href="https://www.isa.org/products/isa-62443-2-1-2009-security-for-industrial-automat">4.3.3.7.2</reference>
          <reference href="https://www.isa.org/products/isa-62443-2-1-2009-security-for-industrial-automat">4.3.3.7.3</reference>
          <reference href="https://www.isa.org/products/isa-62443-2-1-2009-security-for-industrial-automat">4.3.3.7.4</reference>
          <reference href="https://www.isa.org/products/isa-62443-2-1-2009-security-for-industrial-automat">4.3.4.3.2</reference>
          <reference href="https://www.isa.org/products/isa-62443-2-1-2009-security-for-industrial-automat">4.3.4.3.3</reference>
          <reference href="https://www.isa.org/products/ansi-isa-62443-3-3-99-03-03-2013-security-for-indu">SR 1.1</reference>
          <reference href="https://www.isa.org/products/ansi-isa-62443-3-3-99-03-03-2013-security-for-indu">SR 1.10</reference>
          <reference href="https://www.isa.org/products/ansi-isa-62443-3-3-99-03-03-2013-security-for-indu">SR 1.11</reference>
          <reference href="https://www.isa.org/products/ansi-isa-62443-3-3-99-03-03-2013-security-for-indu">SR 1.12</reference>
          <reference href="https://www.isa.org/products/ansi-isa-62443-3-3-99-03-03-2013-security-for-indu">SR 1.13</reference>
          <reference href="https://www.isa.org/products/ansi-isa-62443-3-3-99-03-03-2013-security-for-indu">SR 1.2</reference>
          <reference href="https://www.isa.org/products/ansi-isa-62443-3-3-99-03-03-2013-security-for-indu">SR 1.3</reference>
          <reference href="https://www.isa.org/products/ansi-isa-62443-3-3-99-03-03-2013-security-for-indu">SR 1.4</reference>
          <reference href="https://www.isa.org/products/ansi-isa-62443-3-3-99-03-03-2013-security-for-indu">SR 1.5</reference>
          <reference href="https://www.isa.org/products/ansi-isa-62443-3-3-99-03-03-2013-security-for-indu">SR 1.6</reference>
          <reference href="https://www.isa.org/products/ansi-isa-62443-3-3-99-03-03-2013-security-for-indu">SR 1.7</reference>
          <reference href="https://www.isa.org/products/ansi-isa-62443-3-3-99-03-03-2013-security-for-indu">SR 1.8</reference>
          <reference href="https://www.isa.org/products/ansi-isa-62443-3-3-99-03-03-2013-security-for-indu">SR 1.9</reference>
          <reference href="https://www.isa.org/products/ansi-isa-62443-3-3-99-03-03-2013-security-for-indu">SR 2.1</reference>
          <reference href="https://www.isa.org/products/ansi-isa-62443-3-3-99-03-03-2013-security-for-indu">SR 2.2</reference>
          <reference href="https://www.isa.org/products/ansi-isa-62443-3-3-99-03-03-2013-security-for-indu">SR 2.3</reference>
          <reference href="https://www.isa.org/products/ansi-isa-62443-3-3-99-03-03-2013-security-for-indu">SR 2.4</reference>
          <reference href="https://www.isa.org/products/ansi-isa-62443-3-3-99-03-03-2013-security-for-indu">SR 2.5</reference>
          <reference href="https://www.isa.org/products/ansi-isa-62443-3-3-99-03-03-2013-security-for-indu">SR 2.6</reference>
          <reference href="https://www.isa.org/products/ansi-isa-62443-3-3-99-03-03-2013-security-for-indu">SR 2.7</reference>
          <reference href="https://www.isa.org/products/ansi-isa-62443-3-3-99-03-03-2013-security-for-indu">SR 7.6</reference>
          <reference href="https://www.iso.org/contents/data/standard/05/45/54534.html">A.12.1.2</reference>
          <reference href="https://www.iso.org/contents/data/standard/05/45/54534.html">A.12.5.1</reference>
          <reference href="https://www.iso.org/contents/data/standard/05/45/54534.html">A.12.6.2</reference>
          <reference href="https://www.iso.org/contents/data/standard/05/45/54534.html">A.14.2.2</reference>
          <reference href="https://www.iso.org/contents/data/standard/05/45/54534.html">A.14.2.3</reference>
          <reference href="https://www.iso.org/contents/data/standard/05/45/54534.html">A.14.2.4</reference>
          <reference href="https://www.iso.org/contents/data/standard/05/45/54534.html">A.9.1.2</reference>
          <reference href="http://nvlpubs.nist.gov/nistpubs/SpecialPublications/NIST.SP.800-53r4.pdf">CM-7(a)</reference>
          <reference href="http://nvlpubs.nist.gov/nistpubs/SpecialPublications/NIST.SP.800-53r4.pdf">CM-7(b)</reference>
          <reference href="http://nvlpubs.nist.gov/nistpubs/SpecialPublications/NIST.SP.800-53r4.pdf">CM-6(a)</reference>
          <reference href="https://nvlpubs.nist.gov/nistpubs/CSWP/NIST.CSWP.04162018.pdf">PR.IP-1</reference>
          <reference href="https://nvlpubs.nist.gov/nistpubs/CSWP/NIST.CSWP.04162018.pdf">PR.PT-3</reference>
          <reference href="not_publicly_available">SLES-15-150150030</reference>
          <rationale xmlns:xhtml="http://www.w3.org/1999/xhtml" xml:lang="en-US">Linux kernel modules which implement filesystems that are not needed by the
local system should be disabled.</rationale>
          <platform idref="#system_with_kernel"/>
          <ident system="https://ncp.nist.gov/cce">CCE-92573-5</ident>
          <fix xmlns:xhtml="http://www.w3.org/1999/xhtml" id="kernel_module_freevxfs_disabled" system="urn:xccdf:fix:script:sh" reboot="true" complexity="low" disruption="medium" strategy="disable"># Remediation is applicable only in certain platforms
if rpm --quiet -q kernel-default || rpm --quiet -q kernel-default-base; then

if LC_ALL=C grep -q -m 1 "^install freevxfs" /etc/modprobe.d/freevxfs.conf ; then
	
	sed -i 's#^install freevxfs.*#install freevxfs /bin/false#g' /etc/modprobe.d/freevxfs.conf
else
	echo -e "\n# Disable per security requirements" &gt;&gt; /etc/modprobe.d/freevxfs.conf
	echo "install freevxfs /bin/false" &gt;&gt; /etc/modprobe.d/freevxfs.conf
fi

if ! LC_ALL=C grep -q -m 1 "^blacklist freevxfs$" /etc/modprobe.d/freevxfs.conf ; then
	echo "blacklist freevxfs" &gt;&gt; /etc/modprobe.d/freevxfs.conf
fi

else
    &gt;&amp;2 echo 'Remediation is not applicable, nothing was done'
fi
</fix>
          <fix xmlns:xhtml="http://www.w3.org/1999/xhtml" id="kernel_module_freevxfs_disabled" system="urn:xccdf:fix:script:ansible" reboot="true" complexity="low" disruption="medium" strategy="disable">- name: Gather the package facts
  package_facts:
    manager: auto
  tags:
  - CCE-92573-5
  - NIST-800-171-3.4.6
  - NIST-800-53-CM-6(a)
  - NIST-800-53-CM-7(a)
  - NIST-800-53-CM-7(b)
  - disable_strategy
  - kernel_module_freevxfs_disabled
  - low_complexity
  - low_severity
  - medium_disruption
  - reboot_required

- name: Ensure kernel module 'freevxfs' is disabled
  ansible.builtin.lineinfile:
    create: true
    dest: /etc/modprobe.d/freevxfs.conf
    regexp: install\s+freevxfs
    line: install freevxfs /bin/false
  when: ("kernel-default" in ansible_facts.packages or "kernel-default-base" in ansible_facts.packages)
  tags:
  - CCE-92573-5
  - NIST-800-171-3.4.6
  - NIST-800-53-CM-6(a)
  - NIST-800-53-CM-7(a)
  - NIST-800-53-CM-7(b)
  - disable_strategy
  - kernel_module_freevxfs_disabled
  - low_complexity
  - low_severity
  - medium_disruption
  - reboot_required

- name: Ensure kernel module 'freevxfs' is blacklisted
  ansible.builtin.lineinfile:
    create: true
    dest: /etc/modprobe.d/freevxfs.conf
    regexp: ^blacklist freevxfs$
    line: blacklist freevxfs
  when: ("kernel-default" in ansible_facts.packages or "kernel-default-base" in ansible_facts.packages)
  tags:
  - CCE-92573-5
  - NIST-800-171-3.4.6
  - NIST-800-53-CM-6(a)
  - NIST-800-53-CM-7(a)
  - NIST-800-53-CM-7(b)
  - disable_strategy
  - kernel_module_freevxfs_disabled
  - low_complexity
  - low_severity
  - medium_disruption
  - reboot_required
</fix>
          <check system="http://oval.mitre.org/XMLSchema/oval-definitions-5">
            <check-content-ref name="oval:ssg-kernel_module_freevxfs_disabled:def:1" href="ssg-sle15-oval.xml"/>
          </check>
        </Rule>
        <Rule id="xccdf_org.ssgproject.content_rule_kernel_module_hfs_disabled" selected="false" role="full" severity="low">
          <title xmlns:xhtml="http://www.w3.org/1999/xhtml" xml:lang="en-US">Disable Mounting of hfs</title>
          <description xmlns:xhtml="http://www.w3.org/1999/xhtml" xml:lang="en-US">
To configure the system to prevent the <html:code xmlns:html="http://www.w3.org/1999/xhtml">hfs</html:code>
kernel module from being loaded, add the following line to the file <html:code xmlns:html="http://www.w3.org/1999/xhtml">/etc/modprobe.d/hfs.conf</html:code>:
<html:pre xmlns:html="http://www.w3.org/1999/xhtml">install hfs /bin/false</html:pre>
This entry will cause a non-zero return value during a <html:code xmlns:html="http://www.w3.org/1999/xhtml">hfs</html:code> module installation
and additionally convey the meaning of the entry to the user in form of an error message.
If you would like to omit a non-zero return value and an error message, you may want to add a different line instead
(both <html:code xmlns:html="http://www.w3.org/1999/xhtml">/bin/true</html:code> and <html:code xmlns:html="http://www.w3.org/1999/xhtml">/bin/false</html:code> are allowed by OVAL and will be accepted by the scan):
<html:pre xmlns:html="http://www.w3.org/1999/xhtml">install hfs /bin/true</html:pre>

This effectively prevents usage of this uncommon filesystem.</description>
          <reference href="https://www.cisecurity.org/controls/">11</reference>
          <reference href="https://www.cisecurity.org/controls/">14</reference>
          <reference href="https://www.cisecurity.org/controls/">3</reference>
          <reference href="https://www.cisecurity.org/controls/">9</reference>
          <reference href="https://www.isaca.org/resources/cobit">BAI10.01</reference>
          <reference href="https://www.isaca.org/resources/cobit">BAI10.02</reference>
          <reference href="https://www.isaca.org/resources/cobit">BAI10.03</reference>
          <reference href="https://www.isaca.org/resources/cobit">BAI10.05</reference>
          <reference href="https://www.isaca.org/resources/cobit">DSS05.02</reference>
          <reference href="https://www.isaca.org/resources/cobit">DSS05.05</reference>
          <reference href="https://www.isaca.org/resources/cobit">DSS06.06</reference>
          <reference href="http://nvlpubs.nist.gov/nistpubs/SpecialPublications/NIST.SP.800-171.pdf">3.4.6</reference>
          <reference href="https://www.isa.org/products/isa-62443-2-1-2009-security-for-industrial-automat">4.3.3.5.1</reference>
          <reference href="https://www.isa.org/products/isa-62443-2-1-2009-security-for-industrial-automat">4.3.3.5.2</reference>
          <reference href="https://www.isa.org/products/isa-62443-2-1-2009-security-for-industrial-automat">4.3.3.5.3</reference>
          <reference href="https://www.isa.org/products/isa-62443-2-1-2009-security-for-industrial-automat">4.3.3.5.4</reference>
          <reference href="https://www.isa.org/products/isa-62443-2-1-2009-security-for-industrial-automat">4.3.3.5.5</reference>
          <reference href="https://www.isa.org/products/isa-62443-2-1-2009-security-for-industrial-automat">4.3.3.5.6</reference>
          <reference href="https://www.isa.org/products/isa-62443-2-1-2009-security-for-industrial-automat">4.3.3.5.7</reference>
          <reference href="https://www.isa.org/products/isa-62443-2-1-2009-security-for-industrial-automat">4.3.3.5.8</reference>
          <reference href="https://www.isa.org/products/isa-62443-2-1-2009-security-for-industrial-automat">4.3.3.6.1</reference>
          <reference href="https://www.isa.org/products/isa-62443-2-1-2009-security-for-industrial-automat">4.3.3.6.2</reference>
          <reference href="https://www.isa.org/products/isa-62443-2-1-2009-security-for-industrial-automat">4.3.3.6.3</reference>
          <reference href="https://www.isa.org/products/isa-62443-2-1-2009-security-for-industrial-automat">4.3.3.6.4</reference>
          <reference href="https://www.isa.org/products/isa-62443-2-1-2009-security-for-industrial-automat">4.3.3.6.5</reference>
          <reference href="https://www.isa.org/products/isa-62443-2-1-2009-security-for-industrial-automat">4.3.3.6.6</reference>
          <reference href="https://www.isa.org/products/isa-62443-2-1-2009-security-for-industrial-automat">4.3.3.6.7</reference>
          <reference href="https://www.isa.org/products/isa-62443-2-1-2009-security-for-industrial-automat">4.3.3.6.8</reference>
          <reference href="https://www.isa.org/products/isa-62443-2-1-2009-security-for-industrial-automat">4.3.3.6.9</reference>
          <reference href="https://www.isa.org/products/isa-62443-2-1-2009-security-for-industrial-automat">4.3.3.7.1</reference>
          <reference href="https://www.isa.org/products/isa-62443-2-1-2009-security-for-industrial-automat">4.3.3.7.2</reference>
          <reference href="https://www.isa.org/products/isa-62443-2-1-2009-security-for-industrial-automat">4.3.3.7.3</reference>
          <reference href="https://www.isa.org/products/isa-62443-2-1-2009-security-for-industrial-automat">4.3.3.7.4</reference>
          <reference href="https://www.isa.org/products/isa-62443-2-1-2009-security-for-industrial-automat">4.3.4.3.2</reference>
          <reference href="https://www.isa.org/products/isa-62443-2-1-2009-security-for-industrial-automat">4.3.4.3.3</reference>
          <reference href="https://www.isa.org/products/ansi-isa-62443-3-3-99-03-03-2013-security-for-indu">SR 1.1</reference>
          <reference href="https://www.isa.org/products/ansi-isa-62443-3-3-99-03-03-2013-security-for-indu">SR 1.10</reference>
          <reference href="https://www.isa.org/products/ansi-isa-62443-3-3-99-03-03-2013-security-for-indu">SR 1.11</reference>
          <reference href="https://www.isa.org/products/ansi-isa-62443-3-3-99-03-03-2013-security-for-indu">SR 1.12</reference>
          <reference href="https://www.isa.org/products/ansi-isa-62443-3-3-99-03-03-2013-security-for-indu">SR 1.13</reference>
          <reference href="https://www.isa.org/products/ansi-isa-62443-3-3-99-03-03-2013-security-for-indu">SR 1.2</reference>
          <reference href="https://www.isa.org/products/ansi-isa-62443-3-3-99-03-03-2013-security-for-indu">SR 1.3</reference>
          <reference href="https://www.isa.org/products/ansi-isa-62443-3-3-99-03-03-2013-security-for-indu">SR 1.4</reference>
          <reference href="https://www.isa.org/products/ansi-isa-62443-3-3-99-03-03-2013-security-for-indu">SR 1.5</reference>
          <reference href="https://www.isa.org/products/ansi-isa-62443-3-3-99-03-03-2013-security-for-indu">SR 1.6</reference>
          <reference href="https://www.isa.org/products/ansi-isa-62443-3-3-99-03-03-2013-security-for-indu">SR 1.7</reference>
          <reference href="https://www.isa.org/products/ansi-isa-62443-3-3-99-03-03-2013-security-for-indu">SR 1.8</reference>
          <reference href="https://www.isa.org/products/ansi-isa-62443-3-3-99-03-03-2013-security-for-indu">SR 1.9</reference>
          <reference href="https://www.isa.org/products/ansi-isa-62443-3-3-99-03-03-2013-security-for-indu">SR 2.1</reference>
          <reference href="https://www.isa.org/products/ansi-isa-62443-3-3-99-03-03-2013-security-for-indu">SR 2.2</reference>
          <reference href="https://www.isa.org/products/ansi-isa-62443-3-3-99-03-03-2013-security-for-indu">SR 2.3</reference>
          <reference href="https://www.isa.org/products/ansi-isa-62443-3-3-99-03-03-2013-security-for-indu">SR 2.4</reference>
          <reference href="https://www.isa.org/products/ansi-isa-62443-3-3-99-03-03-2013-security-for-indu">SR 2.5</reference>
          <reference href="https://www.isa.org/products/ansi-isa-62443-3-3-99-03-03-2013-security-for-indu">SR 2.6</reference>
          <reference href="https://www.isa.org/products/ansi-isa-62443-3-3-99-03-03-2013-security-for-indu">SR 2.7</reference>
          <reference href="https://www.isa.org/products/ansi-isa-62443-3-3-99-03-03-2013-security-for-indu">SR 7.6</reference>
          <reference href="https://www.iso.org/contents/data/standard/05/45/54534.html">A.12.1.2</reference>
          <reference href="https://www.iso.org/contents/data/standard/05/45/54534.html">A.12.5.1</reference>
          <reference href="https://www.iso.org/contents/data/standard/05/45/54534.html">A.12.6.2</reference>
          <reference href="https://www.iso.org/contents/data/standard/05/45/54534.html">A.14.2.2</reference>
          <reference href="https://www.iso.org/contents/data/standard/05/45/54534.html">A.14.2.3</reference>
          <reference href="https://www.iso.org/contents/data/standard/05/45/54534.html">A.14.2.4</reference>
          <reference href="https://www.iso.org/contents/data/standard/05/45/54534.html">A.9.1.2</reference>
          <reference href="http://nvlpubs.nist.gov/nistpubs/SpecialPublications/NIST.SP.800-53r4.pdf">CM-7(a)</reference>
          <reference href="http://nvlpubs.nist.gov/nistpubs/SpecialPublications/NIST.SP.800-53r4.pdf">CM-7(b)</reference>
          <reference href="http://nvlpubs.nist.gov/nistpubs/SpecialPublications/NIST.SP.800-53r4.pdf">CM-6(a)</reference>
          <reference href="https://nvlpubs.nist.gov/nistpubs/CSWP/NIST.CSWP.04162018.pdf">PR.IP-1</reference>
          <reference href="https://nvlpubs.nist.gov/nistpubs/CSWP/NIST.CSWP.04162018.pdf">PR.PT-3</reference>
          <reference href="not_publicly_available">SLES-15-150150045</reference>
          <rationale xmlns:xhtml="http://www.w3.org/1999/xhtml" xml:lang="en-US">Linux kernel modules which implement filesystems that are not needed by the
local system should be disabled.</rationale>
          <platform idref="#system_with_kernel"/>
          <ident system="https://ncp.nist.gov/cce">CCE-92574-3</ident>
          <fix xmlns:xhtml="http://www.w3.org/1999/xhtml" id="kernel_module_hfs_disabled" system="urn:xccdf:fix:script:sh" reboot="true" complexity="low" disruption="medium" strategy="disable"># Remediation is applicable only in certain platforms
if rpm --quiet -q kernel-default || rpm --quiet -q kernel-default-base; then

if LC_ALL=C grep -q -m 1 "^install hfs" /etc/modprobe.d/hfs.conf ; then
	
	sed -i 's#^install hfs.*#install hfs /bin/false#g' /etc/modprobe.d/hfs.conf
else
	echo -e "\n# Disable per security requirements" &gt;&gt; /etc/modprobe.d/hfs.conf
	echo "install hfs /bin/false" &gt;&gt; /etc/modprobe.d/hfs.conf
fi

if ! LC_ALL=C grep -q -m 1 "^blacklist hfs$" /etc/modprobe.d/hfs.conf ; then
	echo "blacklist hfs" &gt;&gt; /etc/modprobe.d/hfs.conf
fi

else
    &gt;&amp;2 echo 'Remediation is not applicable, nothing was done'
fi
</fix>
          <fix xmlns:xhtml="http://www.w3.org/1999/xhtml" id="kernel_module_hfs_disabled" system="urn:xccdf:fix:script:ansible" reboot="true" complexity="low" disruption="medium" strategy="disable">- name: Gather the package facts
  package_facts:
    manager: auto
  tags:
  - CCE-92574-3
  - NIST-800-171-3.4.6
  - NIST-800-53-CM-6(a)
  - NIST-800-53-CM-7(a)
  - NIST-800-53-CM-7(b)
  - disable_strategy
  - kernel_module_hfs_disabled
  - low_complexity
  - low_severity
  - medium_disruption
  - reboot_required

- name: Ensure kernel module 'hfs' is disabled
  ansible.builtin.lineinfile:
    create: true
    dest: /etc/modprobe.d/hfs.conf
    regexp: install\s+hfs
    line: install hfs /bin/false
  when: ("kernel-default" in ansible_facts.packages or "kernel-default-base" in ansible_facts.packages)
  tags:
  - CCE-92574-3
  - NIST-800-171-3.4.6
  - NIST-800-53-CM-6(a)
  - NIST-800-53-CM-7(a)
  - NIST-800-53-CM-7(b)
  - disable_strategy
  - kernel_module_hfs_disabled
  - low_complexity
  - low_severity
  - medium_disruption
  - reboot_required

- name: Ensure kernel module 'hfs' is blacklisted
  ansible.builtin.lineinfile:
    create: true
    dest: /etc/modprobe.d/hfs.conf
    regexp: ^blacklist hfs$
    line: blacklist hfs
  when: ("kernel-default" in ansible_facts.packages or "kernel-default-base" in ansible_facts.packages)
  tags:
  - CCE-92574-3
  - NIST-800-171-3.4.6
  - NIST-800-53-CM-6(a)
  - NIST-800-53-CM-7(a)
  - NIST-800-53-CM-7(b)
  - disable_strategy
  - kernel_module_hfs_disabled
  - low_complexity
  - low_severity
  - medium_disruption
  - reboot_required
</fix>
          <check system="http://oval.mitre.org/XMLSchema/oval-definitions-5">
            <check-content-ref name="oval:ssg-kernel_module_hfs_disabled:def:1" href="ssg-sle15-oval.xml"/>
          </check>
        </Rule>
        <Rule id="xccdf_org.ssgproject.content_rule_kernel_module_hfsplus_disabled" selected="false" role="full" severity="low">
          <title xmlns:xhtml="http://www.w3.org/1999/xhtml" xml:lang="en-US">Disable Mounting of hfsplus</title>
          <description xmlns:xhtml="http://www.w3.org/1999/xhtml" xml:lang="en-US">
To configure the system to prevent the <html:code xmlns:html="http://www.w3.org/1999/xhtml">hfsplus</html:code>
kernel module from being loaded, add the following line to the file <html:code xmlns:html="http://www.w3.org/1999/xhtml">/etc/modprobe.d/hfsplus.conf</html:code>:
<html:pre xmlns:html="http://www.w3.org/1999/xhtml">install hfsplus /bin/false</html:pre>
This entry will cause a non-zero return value during a <html:code xmlns:html="http://www.w3.org/1999/xhtml">hfsplus</html:code> module installation
and additionally convey the meaning of the entry to the user in form of an error message.
If you would like to omit a non-zero return value and an error message, you may want to add a different line instead
(both <html:code xmlns:html="http://www.w3.org/1999/xhtml">/bin/true</html:code> and <html:code xmlns:html="http://www.w3.org/1999/xhtml">/bin/false</html:code> are allowed by OVAL and will be accepted by the scan):
<html:pre xmlns:html="http://www.w3.org/1999/xhtml">install hfsplus /bin/true</html:pre>

This effectively prevents usage of this uncommon filesystem.</description>
          <reference href="https://www.cisecurity.org/controls/">11</reference>
          <reference href="https://www.cisecurity.org/controls/">14</reference>
          <reference href="https://www.cisecurity.org/controls/">3</reference>
          <reference href="https://www.cisecurity.org/controls/">9</reference>
          <reference href="https://www.isaca.org/resources/cobit">BAI10.01</reference>
          <reference href="https://www.isaca.org/resources/cobit">BAI10.02</reference>
          <reference href="https://www.isaca.org/resources/cobit">BAI10.03</reference>
          <reference href="https://www.isaca.org/resources/cobit">BAI10.05</reference>
          <reference href="https://www.isaca.org/resources/cobit">DSS05.02</reference>
          <reference href="https://www.isaca.org/resources/cobit">DSS05.05</reference>
          <reference href="https://www.isaca.org/resources/cobit">DSS06.06</reference>
          <reference href="http://nvlpubs.nist.gov/nistpubs/SpecialPublications/NIST.SP.800-171.pdf">3.4.6</reference>
          <reference href="https://www.isa.org/products/isa-62443-2-1-2009-security-for-industrial-automat">4.3.3.5.1</reference>
          <reference href="https://www.isa.org/products/isa-62443-2-1-2009-security-for-industrial-automat">4.3.3.5.2</reference>
          <reference href="https://www.isa.org/products/isa-62443-2-1-2009-security-for-industrial-automat">4.3.3.5.3</reference>
          <reference href="https://www.isa.org/products/isa-62443-2-1-2009-security-for-industrial-automat">4.3.3.5.4</reference>
          <reference href="https://www.isa.org/products/isa-62443-2-1-2009-security-for-industrial-automat">4.3.3.5.5</reference>
          <reference href="https://www.isa.org/products/isa-62443-2-1-2009-security-for-industrial-automat">4.3.3.5.6</reference>
          <reference href="https://www.isa.org/products/isa-62443-2-1-2009-security-for-industrial-automat">4.3.3.5.7</reference>
          <reference href="https://www.isa.org/products/isa-62443-2-1-2009-security-for-industrial-automat">4.3.3.5.8</reference>
          <reference href="https://www.isa.org/products/isa-62443-2-1-2009-security-for-industrial-automat">4.3.3.6.1</reference>
          <reference href="https://www.isa.org/products/isa-62443-2-1-2009-security-for-industrial-automat">4.3.3.6.2</reference>
          <reference href="https://www.isa.org/products/isa-62443-2-1-2009-security-for-industrial-automat">4.3.3.6.3</reference>
          <reference href="https://www.isa.org/products/isa-62443-2-1-2009-security-for-industrial-automat">4.3.3.6.4</reference>
          <reference href="https://www.isa.org/products/isa-62443-2-1-2009-security-for-industrial-automat">4.3.3.6.5</reference>
          <reference href="https://www.isa.org/products/isa-62443-2-1-2009-security-for-industrial-automat">4.3.3.6.6</reference>
          <reference href="https://www.isa.org/products/isa-62443-2-1-2009-security-for-industrial-automat">4.3.3.6.7</reference>
          <reference href="https://www.isa.org/products/isa-62443-2-1-2009-security-for-industrial-automat">4.3.3.6.8</reference>
          <reference href="https://www.isa.org/products/isa-62443-2-1-2009-security-for-industrial-automat">4.3.3.6.9</reference>
          <reference href="https://www.isa.org/products/isa-62443-2-1-2009-security-for-industrial-automat">4.3.3.7.1</reference>
          <reference href="https://www.isa.org/products/isa-62443-2-1-2009-security-for-industrial-automat">4.3.3.7.2</reference>
          <reference href="https://www.isa.org/products/isa-62443-2-1-2009-security-for-industrial-automat">4.3.3.7.3</reference>
          <reference href="https://www.isa.org/products/isa-62443-2-1-2009-security-for-industrial-automat">4.3.3.7.4</reference>
          <reference href="https://www.isa.org/products/isa-62443-2-1-2009-security-for-industrial-automat">4.3.4.3.2</reference>
          <reference href="https://www.isa.org/products/isa-62443-2-1-2009-security-for-industrial-automat">4.3.4.3.3</reference>
          <reference href="https://www.isa.org/products/ansi-isa-62443-3-3-99-03-03-2013-security-for-indu">SR 1.1</reference>
          <reference href="https://www.isa.org/products/ansi-isa-62443-3-3-99-03-03-2013-security-for-indu">SR 1.10</reference>
          <reference href="https://www.isa.org/products/ansi-isa-62443-3-3-99-03-03-2013-security-for-indu">SR 1.11</reference>
          <reference href="https://www.isa.org/products/ansi-isa-62443-3-3-99-03-03-2013-security-for-indu">SR 1.12</reference>
          <reference href="https://www.isa.org/products/ansi-isa-62443-3-3-99-03-03-2013-security-for-indu">SR 1.13</reference>
          <reference href="https://www.isa.org/products/ansi-isa-62443-3-3-99-03-03-2013-security-for-indu">SR 1.2</reference>
          <reference href="https://www.isa.org/products/ansi-isa-62443-3-3-99-03-03-2013-security-for-indu">SR 1.3</reference>
          <reference href="https://www.isa.org/products/ansi-isa-62443-3-3-99-03-03-2013-security-for-indu">SR 1.4</reference>
          <reference href="https://www.isa.org/products/ansi-isa-62443-3-3-99-03-03-2013-security-for-indu">SR 1.5</reference>
          <reference href="https://www.isa.org/products/ansi-isa-62443-3-3-99-03-03-2013-security-for-indu">SR 1.6</reference>
          <reference href="https://www.isa.org/products/ansi-isa-62443-3-3-99-03-03-2013-security-for-indu">SR 1.7</reference>
          <reference href="https://www.isa.org/products/ansi-isa-62443-3-3-99-03-03-2013-security-for-indu">SR 1.8</reference>
          <reference href="https://www.isa.org/products/ansi-isa-62443-3-3-99-03-03-2013-security-for-indu">SR 1.9</reference>
          <reference href="https://www.isa.org/products/ansi-isa-62443-3-3-99-03-03-2013-security-for-indu">SR 2.1</reference>
          <reference href="https://www.isa.org/products/ansi-isa-62443-3-3-99-03-03-2013-security-for-indu">SR 2.2</reference>
          <reference href="https://www.isa.org/products/ansi-isa-62443-3-3-99-03-03-2013-security-for-indu">SR 2.3</reference>
          <reference href="https://www.isa.org/products/ansi-isa-62443-3-3-99-03-03-2013-security-for-indu">SR 2.4</reference>
          <reference href="https://www.isa.org/products/ansi-isa-62443-3-3-99-03-03-2013-security-for-indu">SR 2.5</reference>
          <reference href="https://www.isa.org/products/ansi-isa-62443-3-3-99-03-03-2013-security-for-indu">SR 2.6</reference>
          <reference href="https://www.isa.org/products/ansi-isa-62443-3-3-99-03-03-2013-security-for-indu">SR 2.7</reference>
          <reference href="https://www.isa.org/products/ansi-isa-62443-3-3-99-03-03-2013-security-for-indu">SR 7.6</reference>
          <reference href="https://www.iso.org/contents/data/standard/05/45/54534.html">A.12.1.2</reference>
          <reference href="https://www.iso.org/contents/data/standard/05/45/54534.html">A.12.5.1</reference>
          <reference href="https://www.iso.org/contents/data/standard/05/45/54534.html">A.12.6.2</reference>
          <reference href="https://www.iso.org/contents/data/standard/05/45/54534.html">A.14.2.2</reference>
          <reference href="https://www.iso.org/contents/data/standard/05/45/54534.html">A.14.2.3</reference>
          <reference href="https://www.iso.org/contents/data/standard/05/45/54534.html">A.14.2.4</reference>
          <reference href="https://www.iso.org/contents/data/standard/05/45/54534.html">A.9.1.2</reference>
          <reference href="http://nvlpubs.nist.gov/nistpubs/SpecialPublications/NIST.SP.800-53r4.pdf">CM-7(a)</reference>
          <reference href="http://nvlpubs.nist.gov/nistpubs/SpecialPublications/NIST.SP.800-53r4.pdf">CM-7(b)</reference>
          <reference href="http://nvlpubs.nist.gov/nistpubs/SpecialPublications/NIST.SP.800-53r4.pdf">CM-6(a)</reference>
          <reference href="https://nvlpubs.nist.gov/nistpubs/CSWP/NIST.CSWP.04162018.pdf">PR.IP-1</reference>
          <reference href="https://nvlpubs.nist.gov/nistpubs/CSWP/NIST.CSWP.04162018.pdf">PR.PT-3</reference>
          <reference href="not_publicly_available">SLES-15-150150060</reference>
          <rationale xmlns:xhtml="http://www.w3.org/1999/xhtml" xml:lang="en-US">Linux kernel modules which implement filesystems that are not needed by the
local system should be disabled.</rationale>
          <platform idref="#system_with_kernel"/>
          <ident system="https://ncp.nist.gov/cce">CCE-92575-0</ident>
          <fix xmlns:xhtml="http://www.w3.org/1999/xhtml" id="kernel_module_hfsplus_disabled" system="urn:xccdf:fix:script:sh" reboot="true" complexity="low" disruption="medium" strategy="disable"># Remediation is applicable only in certain platforms
if rpm --quiet -q kernel-default || rpm --quiet -q kernel-default-base; then

if LC_ALL=C grep -q -m 1 "^install hfsplus" /etc/modprobe.d/hfsplus.conf ; then
	
	sed -i 's#^install hfsplus.*#install hfsplus /bin/false#g' /etc/modprobe.d/hfsplus.conf
else
	echo -e "\n# Disable per security requirements" &gt;&gt; /etc/modprobe.d/hfsplus.conf
	echo "install hfsplus /bin/false" &gt;&gt; /etc/modprobe.d/hfsplus.conf
fi

if ! LC_ALL=C grep -q -m 1 "^blacklist hfsplus$" /etc/modprobe.d/hfsplus.conf ; then
	echo "blacklist hfsplus" &gt;&gt; /etc/modprobe.d/hfsplus.conf
fi

else
    &gt;&amp;2 echo 'Remediation is not applicable, nothing was done'
fi
</fix>
          <fix xmlns:xhtml="http://www.w3.org/1999/xhtml" id="kernel_module_hfsplus_disabled" system="urn:xccdf:fix:script:ansible" reboot="true" complexity="low" disruption="medium" strategy="disable">- name: Gather the package facts
  package_facts:
    manager: auto
  tags:
  - CCE-92575-0
  - NIST-800-171-3.4.6
  - NIST-800-53-CM-6(a)
  - NIST-800-53-CM-7(a)
  - NIST-800-53-CM-7(b)
  - disable_strategy
  - kernel_module_hfsplus_disabled
  - low_complexity
  - low_severity
  - medium_disruption
  - reboot_required

- name: Ensure kernel module 'hfsplus' is disabled
  ansible.builtin.lineinfile:
    create: true
    dest: /etc/modprobe.d/hfsplus.conf
    regexp: install\s+hfsplus
    line: install hfsplus /bin/false
  when: ("kernel-default" in ansible_facts.packages or "kernel-default-base" in ansible_facts.packages)
  tags:
  - CCE-92575-0
  - NIST-800-171-3.4.6
  - NIST-800-53-CM-6(a)
  - NIST-800-53-CM-7(a)
  - NIST-800-53-CM-7(b)
  - disable_strategy
  - kernel_module_hfsplus_disabled
  - low_complexity
  - low_severity
  - medium_disruption
  - reboot_required

- name: Ensure kernel module 'hfsplus' is blacklisted
  ansible.builtin.lineinfile:
    create: true
    dest: /etc/modprobe.d/hfsplus.conf
    regexp: ^blacklist hfsplus$
    line: blacklist hfsplus
  when: ("kernel-default" in ansible_facts.packages or "kernel-default-base" in ansible_facts.packages)
  tags:
  - CCE-92575-0
  - NIST-800-171-3.4.6
  - NIST-800-53-CM-6(a)
  - NIST-800-53-CM-7(a)
  - NIST-800-53-CM-7(b)
  - disable_strategy
  - kernel_module_hfsplus_disabled
  - low_complexity
  - low_severity
  - medium_disruption
  - reboot_required
</fix>
          <check system="http://oval.mitre.org/XMLSchema/oval-definitions-5">
            <check-content-ref name="oval:ssg-kernel_module_hfsplus_disabled:def:1" href="ssg-sle15-oval.xml"/>
          </check>
        </Rule>
        <Rule id="xccdf_org.ssgproject.content_rule_kernel_module_jffs2_disabled" selected="false" role="full" severity="low">
          <title xmlns:xhtml="http://www.w3.org/1999/xhtml" xml:lang="en-US">Disable Mounting of jffs2</title>
          <description xmlns:xhtml="http://www.w3.org/1999/xhtml" xml:lang="en-US">
To configure the system to prevent the <html:code xmlns:html="http://www.w3.org/1999/xhtml">jffs2</html:code>
kernel module from being loaded, add the following line to the file <html:code xmlns:html="http://www.w3.org/1999/xhtml">/etc/modprobe.d/jffs2.conf</html:code>:
<html:pre xmlns:html="http://www.w3.org/1999/xhtml">install jffs2 /bin/false</html:pre>
This entry will cause a non-zero return value during a <html:code xmlns:html="http://www.w3.org/1999/xhtml">jffs2</html:code> module installation
and additionally convey the meaning of the entry to the user in form of an error message.
If you would like to omit a non-zero return value and an error message, you may want to add a different line instead
(both <html:code xmlns:html="http://www.w3.org/1999/xhtml">/bin/true</html:code> and <html:code xmlns:html="http://www.w3.org/1999/xhtml">/bin/false</html:code> are allowed by OVAL and will be accepted by the scan):
<html:pre xmlns:html="http://www.w3.org/1999/xhtml">install jffs2 /bin/true</html:pre>

This effectively prevents usage of this uncommon filesystem.</description>
          <reference href="https://www.cisecurity.org/controls/">11</reference>
          <reference href="https://www.cisecurity.org/controls/">14</reference>
          <reference href="https://www.cisecurity.org/controls/">3</reference>
          <reference href="https://www.cisecurity.org/controls/">9</reference>
          <reference href="https://www.isaca.org/resources/cobit">BAI10.01</reference>
          <reference href="https://www.isaca.org/resources/cobit">BAI10.02</reference>
          <reference href="https://www.isaca.org/resources/cobit">BAI10.03</reference>
          <reference href="https://www.isaca.org/resources/cobit">BAI10.05</reference>
          <reference href="https://www.isaca.org/resources/cobit">DSS05.02</reference>
          <reference href="https://www.isaca.org/resources/cobit">DSS05.05</reference>
          <reference href="https://www.isaca.org/resources/cobit">DSS06.06</reference>
          <reference href="http://nvlpubs.nist.gov/nistpubs/SpecialPublications/NIST.SP.800-171.pdf">3.4.6</reference>
          <reference href="https://www.isa.org/products/isa-62443-2-1-2009-security-for-industrial-automat">4.3.3.5.1</reference>
          <reference href="https://www.isa.org/products/isa-62443-2-1-2009-security-for-industrial-automat">4.3.3.5.2</reference>
          <reference href="https://www.isa.org/products/isa-62443-2-1-2009-security-for-industrial-automat">4.3.3.5.3</reference>
          <reference href="https://www.isa.org/products/isa-62443-2-1-2009-security-for-industrial-automat">4.3.3.5.4</reference>
          <reference href="https://www.isa.org/products/isa-62443-2-1-2009-security-for-industrial-automat">4.3.3.5.5</reference>
          <reference href="https://www.isa.org/products/isa-62443-2-1-2009-security-for-industrial-automat">4.3.3.5.6</reference>
          <reference href="https://www.isa.org/products/isa-62443-2-1-2009-security-for-industrial-automat">4.3.3.5.7</reference>
          <reference href="https://www.isa.org/products/isa-62443-2-1-2009-security-for-industrial-automat">4.3.3.5.8</reference>
          <reference href="https://www.isa.org/products/isa-62443-2-1-2009-security-for-industrial-automat">4.3.3.6.1</reference>
          <reference href="https://www.isa.org/products/isa-62443-2-1-2009-security-for-industrial-automat">4.3.3.6.2</reference>
          <reference href="https://www.isa.org/products/isa-62443-2-1-2009-security-for-industrial-automat">4.3.3.6.3</reference>
          <reference href="https://www.isa.org/products/isa-62443-2-1-2009-security-for-industrial-automat">4.3.3.6.4</reference>
          <reference href="https://www.isa.org/products/isa-62443-2-1-2009-security-for-industrial-automat">4.3.3.6.5</reference>
          <reference href="https://www.isa.org/products/isa-62443-2-1-2009-security-for-industrial-automat">4.3.3.6.6</reference>
          <reference href="https://www.isa.org/products/isa-62443-2-1-2009-security-for-industrial-automat">4.3.3.6.7</reference>
          <reference href="https://www.isa.org/products/isa-62443-2-1-2009-security-for-industrial-automat">4.3.3.6.8</reference>
          <reference href="https://www.isa.org/products/isa-62443-2-1-2009-security-for-industrial-automat">4.3.3.6.9</reference>
          <reference href="https://www.isa.org/products/isa-62443-2-1-2009-security-for-industrial-automat">4.3.3.7.1</reference>
          <reference href="https://www.isa.org/products/isa-62443-2-1-2009-security-for-industrial-automat">4.3.3.7.2</reference>
          <reference href="https://www.isa.org/products/isa-62443-2-1-2009-security-for-industrial-automat">4.3.3.7.3</reference>
          <reference href="https://www.isa.org/products/isa-62443-2-1-2009-security-for-industrial-automat">4.3.3.7.4</reference>
          <reference href="https://www.isa.org/products/isa-62443-2-1-2009-security-for-industrial-automat">4.3.4.3.2</reference>
          <reference href="https://www.isa.org/products/isa-62443-2-1-2009-security-for-industrial-automat">4.3.4.3.3</reference>
          <reference href="https://www.isa.org/products/ansi-isa-62443-3-3-99-03-03-2013-security-for-indu">SR 1.1</reference>
          <reference href="https://www.isa.org/products/ansi-isa-62443-3-3-99-03-03-2013-security-for-indu">SR 1.10</reference>
          <reference href="https://www.isa.org/products/ansi-isa-62443-3-3-99-03-03-2013-security-for-indu">SR 1.11</reference>
          <reference href="https://www.isa.org/products/ansi-isa-62443-3-3-99-03-03-2013-security-for-indu">SR 1.12</reference>
          <reference href="https://www.isa.org/products/ansi-isa-62443-3-3-99-03-03-2013-security-for-indu">SR 1.13</reference>
          <reference href="https://www.isa.org/products/ansi-isa-62443-3-3-99-03-03-2013-security-for-indu">SR 1.2</reference>
          <reference href="https://www.isa.org/products/ansi-isa-62443-3-3-99-03-03-2013-security-for-indu">SR 1.3</reference>
          <reference href="https://www.isa.org/products/ansi-isa-62443-3-3-99-03-03-2013-security-for-indu">SR 1.4</reference>
          <reference href="https://www.isa.org/products/ansi-isa-62443-3-3-99-03-03-2013-security-for-indu">SR 1.5</reference>
          <reference href="https://www.isa.org/products/ansi-isa-62443-3-3-99-03-03-2013-security-for-indu">SR 1.6</reference>
          <reference href="https://www.isa.org/products/ansi-isa-62443-3-3-99-03-03-2013-security-for-indu">SR 1.7</reference>
          <reference href="https://www.isa.org/products/ansi-isa-62443-3-3-99-03-03-2013-security-for-indu">SR 1.8</reference>
          <reference href="https://www.isa.org/products/ansi-isa-62443-3-3-99-03-03-2013-security-for-indu">SR 1.9</reference>
          <reference href="https://www.isa.org/products/ansi-isa-62443-3-3-99-03-03-2013-security-for-indu">SR 2.1</reference>
          <reference href="https://www.isa.org/products/ansi-isa-62443-3-3-99-03-03-2013-security-for-indu">SR 2.2</reference>
          <reference href="https://www.isa.org/products/ansi-isa-62443-3-3-99-03-03-2013-security-for-indu">SR 2.3</reference>
          <reference href="https://www.isa.org/products/ansi-isa-62443-3-3-99-03-03-2013-security-for-indu">SR 2.4</reference>
          <reference href="https://www.isa.org/products/ansi-isa-62443-3-3-99-03-03-2013-security-for-indu">SR 2.5</reference>
          <reference href="https://www.isa.org/products/ansi-isa-62443-3-3-99-03-03-2013-security-for-indu">SR 2.6</reference>
          <reference href="https://www.isa.org/products/ansi-isa-62443-3-3-99-03-03-2013-security-for-indu">SR 2.7</reference>
          <reference href="https://www.isa.org/products/ansi-isa-62443-3-3-99-03-03-2013-security-for-indu">SR 7.6</reference>
          <reference href="https://www.iso.org/contents/data/standard/05/45/54534.html">A.12.1.2</reference>
          <reference href="https://www.iso.org/contents/data/standard/05/45/54534.html">A.12.5.1</reference>
          <reference href="https://www.iso.org/contents/data/standard/05/45/54534.html">A.12.6.2</reference>
          <reference href="https://www.iso.org/contents/data/standard/05/45/54534.html">A.14.2.2</reference>
          <reference href="https://www.iso.org/contents/data/standard/05/45/54534.html">A.14.2.3</reference>
          <reference href="https://www.iso.org/contents/data/standard/05/45/54534.html">A.14.2.4</reference>
          <reference href="https://www.iso.org/contents/data/standard/05/45/54534.html">A.9.1.2</reference>
          <reference href="http://nvlpubs.nist.gov/nistpubs/SpecialPublications/NIST.SP.800-53r4.pdf">CM-7(a)</reference>
          <reference href="http://nvlpubs.nist.gov/nistpubs/SpecialPublications/NIST.SP.800-53r4.pdf">CM-7(b)</reference>
          <reference href="http://nvlpubs.nist.gov/nistpubs/SpecialPublications/NIST.SP.800-53r4.pdf">CM-6(a)</reference>
          <reference href="https://nvlpubs.nist.gov/nistpubs/CSWP/NIST.CSWP.04162018.pdf">PR.IP-1</reference>
          <reference href="https://nvlpubs.nist.gov/nistpubs/CSWP/NIST.CSWP.04162018.pdf">PR.PT-3</reference>
          <reference href="not_publicly_available">SLES-15-150150075</reference>
          <rationale xmlns:xhtml="http://www.w3.org/1999/xhtml" xml:lang="en-US">Linux kernel modules which implement filesystems that are not needed by the
local system should be disabled.</rationale>
          <platform idref="#system_with_kernel"/>
          <ident system="https://ncp.nist.gov/cce">CCE-92577-6</ident>
          <fix xmlns:xhtml="http://www.w3.org/1999/xhtml" id="kernel_module_jffs2_disabled" system="urn:xccdf:fix:script:sh" reboot="true" complexity="low" disruption="medium" strategy="disable"># Remediation is applicable only in certain platforms
if rpm --quiet -q kernel-default || rpm --quiet -q kernel-default-base; then

if LC_ALL=C grep -q -m 1 "^install jffs2" /etc/modprobe.d/jffs2.conf ; then
	
	sed -i 's#^install jffs2.*#install jffs2 /bin/false#g' /etc/modprobe.d/jffs2.conf
else
	echo -e "\n# Disable per security requirements" &gt;&gt; /etc/modprobe.d/jffs2.conf
	echo "install jffs2 /bin/false" &gt;&gt; /etc/modprobe.d/jffs2.conf
fi

if ! LC_ALL=C grep -q -m 1 "^blacklist jffs2$" /etc/modprobe.d/jffs2.conf ; then
	echo "blacklist jffs2" &gt;&gt; /etc/modprobe.d/jffs2.conf
fi

else
    &gt;&amp;2 echo 'Remediation is not applicable, nothing was done'
fi
</fix>
          <fix xmlns:xhtml="http://www.w3.org/1999/xhtml" id="kernel_module_jffs2_disabled" system="urn:xccdf:fix:script:ansible" reboot="true" complexity="low" disruption="medium" strategy="disable">- name: Gather the package facts
  package_facts:
    manager: auto
  tags:
  - CCE-92577-6
  - NIST-800-171-3.4.6
  - NIST-800-53-CM-6(a)
  - NIST-800-53-CM-7(a)
  - NIST-800-53-CM-7(b)
  - disable_strategy
  - kernel_module_jffs2_disabled
  - low_complexity
  - low_severity
  - medium_disruption
  - reboot_required

- name: Ensure kernel module 'jffs2' is disabled
  ansible.builtin.lineinfile:
    create: true
    dest: /etc/modprobe.d/jffs2.conf
    regexp: install\s+jffs2
    line: install jffs2 /bin/false
  when: ("kernel-default" in ansible_facts.packages or "kernel-default-base" in ansible_facts.packages)
  tags:
  - CCE-92577-6
  - NIST-800-171-3.4.6
  - NIST-800-53-CM-6(a)
  - NIST-800-53-CM-7(a)
  - NIST-800-53-CM-7(b)
  - disable_strategy
  - kernel_module_jffs2_disabled
  - low_complexity
  - low_severity
  - medium_disruption
  - reboot_required

- name: Ensure kernel module 'jffs2' is blacklisted
  ansible.builtin.lineinfile:
    create: true
    dest: /etc/modprobe.d/jffs2.conf
    regexp: ^blacklist jffs2$
    line: blacklist jffs2
  when: ("kernel-default" in ansible_facts.packages or "kernel-default-base" in ansible_facts.packages)
  tags:
  - CCE-92577-6
  - NIST-800-171-3.4.6
  - NIST-800-53-CM-6(a)
  - NIST-800-53-CM-7(a)
  - NIST-800-53-CM-7(b)
  - disable_strategy
  - kernel_module_jffs2_disabled
  - low_complexity
  - low_severity
  - medium_disruption
  - reboot_required
</fix>
          <check system="http://oval.mitre.org/XMLSchema/oval-definitions-5">
            <check-content-ref name="oval:ssg-kernel_module_jffs2_disabled:def:1" href="ssg-sle15-oval.xml"/>
          </check>
        </Rule>
        <Rule id="xccdf_org.ssgproject.content_rule_kernel_module_overlayfs_disabled" selected="false" role="full" severity="low">
          <title xmlns:xhtml="http://www.w3.org/1999/xhtml" xml:lang="en-US">Ensure overlayfs kernel module is not available</title>
          <description xmlns:xhtml="http://www.w3.org/1999/xhtml" xml:lang="en-US">
To configure the system to prevent the <html:code xmlns:html="http://www.w3.org/1999/xhtml">overlayfs</html:code>
kernel module from being loaded, add the following line to the file <html:code xmlns:html="http://www.w3.org/1999/xhtml">/etc/modprobe.d/overlayfs.conf</html:code>:
<html:pre xmlns:html="http://www.w3.org/1999/xhtml">install overlayfs /bin/false</html:pre>
This entry will cause a non-zero return value during a <html:code xmlns:html="http://www.w3.org/1999/xhtml">overlayfs</html:code> module installation
and additionally convey the meaning of the entry to the user in form of an error message.
If you would like to omit a non-zero return value and an error message, you may want to add a different line instead
(both <html:code xmlns:html="http://www.w3.org/1999/xhtml">/bin/true</html:code> and <html:code xmlns:html="http://www.w3.org/1999/xhtml">/bin/false</html:code> are allowed by OVAL and will be accepted by the scan):
<html:pre xmlns:html="http://www.w3.org/1999/xhtml">install overlayfs /bin/true</html:pre>

overlayfs is a Linux filesystem that layers multiple filesystems to create a single
unified view which allows a user to "merge" several mount points into a unified
filesystem.</description>
          <reference href="not_publicly_available">SLES-15-150150090</reference>
          <rationale xmlns:xhtml="http://www.w3.org/1999/xhtml" xml:lang="en-US">The overlayfs has known CVE's. Disabling the overlayfs reduces the local attack 
surface by removing support for unnecessary filesystem types and mitigates potential
risks associated with unauthorized execution of setuid files, enhancing the overall
system security.</rationale>
          <platform idref="#system_with_kernel"/>
          <ident system="https://ncp.nist.gov/cce">CCE-92579-2</ident>
          <fix xmlns:xhtml="http://www.w3.org/1999/xhtml" id="kernel_module_overlayfs_disabled" system="urn:xccdf:fix:script:sh" reboot="true" complexity="low" disruption="medium" strategy="disable"># Remediation is applicable only in certain platforms
if rpm --quiet -q kernel-default || rpm --quiet -q kernel-default-base; then

if LC_ALL=C grep -q -m 1 "^install overlayfs" /etc/modprobe.d/overlayfs.conf ; then
	
	sed -i 's#^install overlayfs.*#install overlayfs /bin/false#g' /etc/modprobe.d/overlayfs.conf
else
	echo -e "\n# Disable per security requirements" &gt;&gt; /etc/modprobe.d/overlayfs.conf
	echo "install overlayfs /bin/false" &gt;&gt; /etc/modprobe.d/overlayfs.conf
fi

if ! LC_ALL=C grep -q -m 1 "^blacklist overlayfs$" /etc/modprobe.d/overlayfs.conf ; then
	echo "blacklist overlayfs" &gt;&gt; /etc/modprobe.d/overlayfs.conf
fi

else
    &gt;&amp;2 echo 'Remediation is not applicable, nothing was done'
fi
</fix>
          <fix xmlns:xhtml="http://www.w3.org/1999/xhtml" id="kernel_module_overlayfs_disabled" system="urn:xccdf:fix:script:ansible" reboot="true" complexity="low" disruption="medium" strategy="disable">- name: Gather the package facts
  package_facts:
    manager: auto
  tags:
  - CCE-92579-2
  - disable_strategy
  - kernel_module_overlayfs_disabled
  - low_complexity
  - low_severity
  - medium_disruption
  - reboot_required

- name: Ensure kernel module 'overlayfs' is disabled
  ansible.builtin.lineinfile:
    create: true
    dest: /etc/modprobe.d/overlayfs.conf
    regexp: install\s+overlayfs
    line: install overlayfs /bin/false
  when: ("kernel-default" in ansible_facts.packages or "kernel-default-base" in ansible_facts.packages)
  tags:
  - CCE-92579-2
  - disable_strategy
  - kernel_module_overlayfs_disabled
  - low_complexity
  - low_severity
  - medium_disruption
  - reboot_required

- name: Ensure kernel module 'overlayfs' is blacklisted
  ansible.builtin.lineinfile:
    create: true
    dest: /etc/modprobe.d/overlayfs.conf
    regexp: ^blacklist overlayfs$
    line: blacklist overlayfs
  when: ("kernel-default" in ansible_facts.packages or "kernel-default-base" in ansible_facts.packages)
  tags:
  - CCE-92579-2
  - disable_strategy
  - kernel_module_overlayfs_disabled
  - low_complexity
  - low_severity
  - medium_disruption
  - reboot_required
</fix>
          <check system="http://oval.mitre.org/XMLSchema/oval-definitions-5">
            <check-content-ref name="oval:ssg-kernel_module_overlayfs_disabled:def:1" href="ssg-sle15-oval.xml"/>
          </check>
        </Rule>
        <Rule id="xccdf_org.ssgproject.content_rule_kernel_module_squashfs_disabled" selected="false" role="full" severity="low">
          <title xmlns:xhtml="http://www.w3.org/1999/xhtml" xml:lang="en-US">Disable Mounting of squashfs</title>
          <description xmlns:xhtml="http://www.w3.org/1999/xhtml" xml:lang="en-US">
To configure the system to prevent the <html:code xmlns:html="http://www.w3.org/1999/xhtml">squashfs</html:code>
kernel module from being loaded, add the following line to the file <html:code xmlns:html="http://www.w3.org/1999/xhtml">/etc/modprobe.d/squashfs.conf</html:code>:
<html:pre xmlns:html="http://www.w3.org/1999/xhtml">install squashfs /bin/false</html:pre>
This entry will cause a non-zero return value during a <html:code xmlns:html="http://www.w3.org/1999/xhtml">squashfs</html:code> module installation
and additionally convey the meaning of the entry to the user in form of an error message.
If you would like to omit a non-zero return value and an error message, you may want to add a different line instead
(both <html:code xmlns:html="http://www.w3.org/1999/xhtml">/bin/true</html:code> and <html:code xmlns:html="http://www.w3.org/1999/xhtml">/bin/false</html:code> are allowed by OVAL and will be accepted by the scan):
<html:pre xmlns:html="http://www.w3.org/1999/xhtml">install squashfs /bin/true</html:pre>

This effectively prevents usage of this uncommon filesystem.

The <html:code xmlns:html="http://www.w3.org/1999/xhtml">squashfs</html:code> filesystem type is a compressed read-only Linux
filesystem embedded in small footprint systems (similar to
<html:code xmlns:html="http://www.w3.org/1999/xhtml">cramfs</html:code>). A <html:code xmlns:html="http://www.w3.org/1999/xhtml">squashfs</html:code> image can be used without having
to first decompress the image.</description>
          <reference href="https://www.cisecurity.org/controls/">11</reference>
          <reference href="https://www.cisecurity.org/controls/">14</reference>
          <reference href="https://www.cisecurity.org/controls/">3</reference>
          <reference href="https://www.cisecurity.org/controls/">9</reference>
          <reference href="https://www.isaca.org/resources/cobit">BAI10.01</reference>
          <reference href="https://www.isaca.org/resources/cobit">BAI10.02</reference>
          <reference href="https://www.isaca.org/resources/cobit">BAI10.03</reference>
          <reference href="https://www.isaca.org/resources/cobit">BAI10.05</reference>
          <reference href="https://www.isaca.org/resources/cobit">DSS05.02</reference>
          <reference href="https://www.isaca.org/resources/cobit">DSS05.05</reference>
          <reference href="https://www.isaca.org/resources/cobit">DSS06.06</reference>
          <reference href="http://nvlpubs.nist.gov/nistpubs/SpecialPublications/NIST.SP.800-171.pdf">3.4.6</reference>
          <reference href="https://www.isa.org/products/isa-62443-2-1-2009-security-for-industrial-automat">4.3.3.5.1</reference>
          <reference href="https://www.isa.org/products/isa-62443-2-1-2009-security-for-industrial-automat">4.3.3.5.2</reference>
          <reference href="https://www.isa.org/products/isa-62443-2-1-2009-security-for-industrial-automat">4.3.3.5.3</reference>
          <reference href="https://www.isa.org/products/isa-62443-2-1-2009-security-for-industrial-automat">4.3.3.5.4</reference>
          <reference href="https://www.isa.org/products/isa-62443-2-1-2009-security-for-industrial-automat">4.3.3.5.5</reference>
          <reference href="https://www.isa.org/products/isa-62443-2-1-2009-security-for-industrial-automat">4.3.3.5.6</reference>
          <reference href="https://www.isa.org/products/isa-62443-2-1-2009-security-for-industrial-automat">4.3.3.5.7</reference>
          <reference href="https://www.isa.org/products/isa-62443-2-1-2009-security-for-industrial-automat">4.3.3.5.8</reference>
          <reference href="https://www.isa.org/products/isa-62443-2-1-2009-security-for-industrial-automat">4.3.3.6.1</reference>
          <reference href="https://www.isa.org/products/isa-62443-2-1-2009-security-for-industrial-automat">4.3.3.6.2</reference>
          <reference href="https://www.isa.org/products/isa-62443-2-1-2009-security-for-industrial-automat">4.3.3.6.3</reference>
          <reference href="https://www.isa.org/products/isa-62443-2-1-2009-security-for-industrial-automat">4.3.3.6.4</reference>
          <reference href="https://www.isa.org/products/isa-62443-2-1-2009-security-for-industrial-automat">4.3.3.6.5</reference>
          <reference href="https://www.isa.org/products/isa-62443-2-1-2009-security-for-industrial-automat">4.3.3.6.6</reference>
          <reference href="https://www.isa.org/products/isa-62443-2-1-2009-security-for-industrial-automat">4.3.3.6.7</reference>
          <reference href="https://www.isa.org/products/isa-62443-2-1-2009-security-for-industrial-automat">4.3.3.6.8</reference>
          <reference href="https://www.isa.org/products/isa-62443-2-1-2009-security-for-industrial-automat">4.3.3.6.9</reference>
          <reference href="https://www.isa.org/products/isa-62443-2-1-2009-security-for-industrial-automat">4.3.3.7.1</reference>
          <reference href="https://www.isa.org/products/isa-62443-2-1-2009-security-for-industrial-automat">4.3.3.7.2</reference>
          <reference href="https://www.isa.org/products/isa-62443-2-1-2009-security-for-industrial-automat">4.3.3.7.3</reference>
          <reference href="https://www.isa.org/products/isa-62443-2-1-2009-security-for-industrial-automat">4.3.3.7.4</reference>
          <reference href="https://www.isa.org/products/isa-62443-2-1-2009-security-for-industrial-automat">4.3.4.3.2</reference>
          <reference href="https://www.isa.org/products/isa-62443-2-1-2009-security-for-industrial-automat">4.3.4.3.3</reference>
          <reference href="https://www.isa.org/products/ansi-isa-62443-3-3-99-03-03-2013-security-for-indu">SR 1.1</reference>
          <reference href="https://www.isa.org/products/ansi-isa-62443-3-3-99-03-03-2013-security-for-indu">SR 1.10</reference>
          <reference href="https://www.isa.org/products/ansi-isa-62443-3-3-99-03-03-2013-security-for-indu">SR 1.11</reference>
          <reference href="https://www.isa.org/products/ansi-isa-62443-3-3-99-03-03-2013-security-for-indu">SR 1.12</reference>
          <reference href="https://www.isa.org/products/ansi-isa-62443-3-3-99-03-03-2013-security-for-indu">SR 1.13</reference>
          <reference href="https://www.isa.org/products/ansi-isa-62443-3-3-99-03-03-2013-security-for-indu">SR 1.2</reference>
          <reference href="https://www.isa.org/products/ansi-isa-62443-3-3-99-03-03-2013-security-for-indu">SR 1.3</reference>
          <reference href="https://www.isa.org/products/ansi-isa-62443-3-3-99-03-03-2013-security-for-indu">SR 1.4</reference>
          <reference href="https://www.isa.org/products/ansi-isa-62443-3-3-99-03-03-2013-security-for-indu">SR 1.5</reference>
          <reference href="https://www.isa.org/products/ansi-isa-62443-3-3-99-03-03-2013-security-for-indu">SR 1.6</reference>
          <reference href="https://www.isa.org/products/ansi-isa-62443-3-3-99-03-03-2013-security-for-indu">SR 1.7</reference>
          <reference href="https://www.isa.org/products/ansi-isa-62443-3-3-99-03-03-2013-security-for-indu">SR 1.8</reference>
          <reference href="https://www.isa.org/products/ansi-isa-62443-3-3-99-03-03-2013-security-for-indu">SR 1.9</reference>
          <reference href="https://www.isa.org/products/ansi-isa-62443-3-3-99-03-03-2013-security-for-indu">SR 2.1</reference>
          <reference href="https://www.isa.org/products/ansi-isa-62443-3-3-99-03-03-2013-security-for-indu">SR 2.2</reference>
          <reference href="https://www.isa.org/products/ansi-isa-62443-3-3-99-03-03-2013-security-for-indu">SR 2.3</reference>
          <reference href="https://www.isa.org/products/ansi-isa-62443-3-3-99-03-03-2013-security-for-indu">SR 2.4</reference>
          <reference href="https://www.isa.org/products/ansi-isa-62443-3-3-99-03-03-2013-security-for-indu">SR 2.5</reference>
          <reference href="https://www.isa.org/products/ansi-isa-62443-3-3-99-03-03-2013-security-for-indu">SR 2.6</reference>
          <reference href="https://www.isa.org/products/ansi-isa-62443-3-3-99-03-03-2013-security-for-indu">SR 2.7</reference>
          <reference href="https://www.isa.org/products/ansi-isa-62443-3-3-99-03-03-2013-security-for-indu">SR 7.6</reference>
          <reference href="https://www.iso.org/contents/data/standard/05/45/54534.html">A.12.1.2</reference>
          <reference href="https://www.iso.org/contents/data/standard/05/45/54534.html">A.12.5.1</reference>
          <reference href="https://www.iso.org/contents/data/standard/05/45/54534.html">A.12.6.2</reference>
          <reference href="https://www.iso.org/contents/data/standard/05/45/54534.html">A.14.2.2</reference>
          <reference href="https://www.iso.org/contents/data/standard/05/45/54534.html">A.14.2.3</reference>
          <reference href="https://www.iso.org/contents/data/standard/05/45/54534.html">A.14.2.4</reference>
          <reference href="https://www.iso.org/contents/data/standard/05/45/54534.html">A.9.1.2</reference>
          <reference href="http://nvlpubs.nist.gov/nistpubs/SpecialPublications/NIST.SP.800-53r4.pdf">CM-7(a)</reference>
          <reference href="http://nvlpubs.nist.gov/nistpubs/SpecialPublications/NIST.SP.800-53r4.pdf">CM-7(b)</reference>
          <reference href="http://nvlpubs.nist.gov/nistpubs/SpecialPublications/NIST.SP.800-53r4.pdf">CM-6(a)</reference>
          <reference href="https://nvlpubs.nist.gov/nistpubs/CSWP/NIST.CSWP.04162018.pdf">PR.IP-1</reference>
          <reference href="https://nvlpubs.nist.gov/nistpubs/CSWP/NIST.CSWP.04162018.pdf">PR.PT-3</reference>
          <reference href="https://www.cisecurity.org/benchmark/suse_linux/">1.1.1.1</reference>
          <reference href="not_publicly_available">SLES-15-150150105</reference>
          <rationale xmlns:xhtml="http://www.w3.org/1999/xhtml" xml:lang="en-US">Removing support for unneeded filesystem types reduces the local attack
surface of the system.</rationale>
          <platform idref="#system_with_kernel"/>
          <ident system="https://ncp.nist.gov/cce">CCE-92452-2</ident>
          <fix xmlns:xhtml="http://www.w3.org/1999/xhtml" id="kernel_module_squashfs_disabled" system="urn:xccdf:fix:script:sh" reboot="true" complexity="low" disruption="medium" strategy="disable"># Remediation is applicable only in certain platforms
if rpm --quiet -q kernel-default || rpm --quiet -q kernel-default-base; then

if LC_ALL=C grep -q -m 1 "^install squashfs" /etc/modprobe.d/squashfs.conf ; then
	
	sed -i 's#^install squashfs.*#install squashfs /bin/false#g' /etc/modprobe.d/squashfs.conf
else
	echo -e "\n# Disable per security requirements" &gt;&gt; /etc/modprobe.d/squashfs.conf
	echo "install squashfs /bin/false" &gt;&gt; /etc/modprobe.d/squashfs.conf
fi

if ! LC_ALL=C grep -q -m 1 "^blacklist squashfs$" /etc/modprobe.d/squashfs.conf ; then
	echo "blacklist squashfs" &gt;&gt; /etc/modprobe.d/squashfs.conf
fi

else
    &gt;&amp;2 echo 'Remediation is not applicable, nothing was done'
fi
</fix>
          <fix xmlns:xhtml="http://www.w3.org/1999/xhtml" id="kernel_module_squashfs_disabled" system="urn:xccdf:fix:script:ansible" reboot="true" complexity="low" disruption="medium" strategy="disable">- name: Gather the package facts
  package_facts:
    manager: auto
  tags:
  - CCE-92452-2
  - NIST-800-171-3.4.6
  - NIST-800-53-CM-6(a)
  - NIST-800-53-CM-7(a)
  - NIST-800-53-CM-7(b)
  - disable_strategy
  - kernel_module_squashfs_disabled
  - low_complexity
  - low_severity
  - medium_disruption
  - reboot_required

- name: Ensure kernel module 'squashfs' is disabled
  ansible.builtin.lineinfile:
    create: true
    dest: /etc/modprobe.d/squashfs.conf
    regexp: install\s+squashfs
    line: install squashfs /bin/false
  when: ("kernel-default" in ansible_facts.packages or "kernel-default-base" in ansible_facts.packages)
  tags:
  - CCE-92452-2
  - NIST-800-171-3.4.6
  - NIST-800-53-CM-6(a)
  - NIST-800-53-CM-7(a)
  - NIST-800-53-CM-7(b)
  - disable_strategy
  - kernel_module_squashfs_disabled
  - low_complexity
  - low_severity
  - medium_disruption
  - reboot_required

- name: Ensure kernel module 'squashfs' is blacklisted
  ansible.builtin.lineinfile:
    create: true
    dest: /etc/modprobe.d/squashfs.conf
    regexp: ^blacklist squashfs$
    line: blacklist squashfs
  when: ("kernel-default" in ansible_facts.packages or "kernel-default-base" in ansible_facts.packages)
  tags:
  - CCE-92452-2
  - NIST-800-171-3.4.6
  - NIST-800-53-CM-6(a)
  - NIST-800-53-CM-7(a)
  - NIST-800-53-CM-7(b)
  - disable_strategy
  - kernel_module_squashfs_disabled
  - low_complexity
  - low_severity
  - medium_disruption
  - reboot_required
</fix>
          <check system="http://oval.mitre.org/XMLSchema/oval-definitions-5">
            <check-content-ref name="oval:ssg-kernel_module_squashfs_disabled:def:1" href="ssg-sle15-oval.xml"/>
          </check>
        </Rule>
        <Rule id="xccdf_org.ssgproject.content_rule_kernel_module_udf_disabled" selected="false" role="full" severity="low">
          <title xmlns:xhtml="http://www.w3.org/1999/xhtml" xml:lang="en-US">Disable Mounting of udf</title>
          <description xmlns:xhtml="http://www.w3.org/1999/xhtml" xml:lang="en-US">
To configure the system to prevent the <html:code xmlns:html="http://www.w3.org/1999/xhtml">udf</html:code>
kernel module from being loaded, add the following line to the file <html:code xmlns:html="http://www.w3.org/1999/xhtml">/etc/modprobe.d/udf.conf</html:code>:
<html:pre xmlns:html="http://www.w3.org/1999/xhtml">install udf /bin/false</html:pre>
This entry will cause a non-zero return value during a <html:code xmlns:html="http://www.w3.org/1999/xhtml">udf</html:code> module installation
and additionally convey the meaning of the entry to the user in form of an error message.
If you would like to omit a non-zero return value and an error message, you may want to add a different line instead
(both <html:code xmlns:html="http://www.w3.org/1999/xhtml">/bin/true</html:code> and <html:code xmlns:html="http://www.w3.org/1999/xhtml">/bin/false</html:code> are allowed by OVAL and will be accepted by the scan):
<html:pre xmlns:html="http://www.w3.org/1999/xhtml">install udf /bin/true</html:pre>

This effectively prevents usage of this uncommon filesystem.

The <html:code xmlns:html="http://www.w3.org/1999/xhtml">udf</html:code> filesystem type is the universal disk format
used to implement the ISO/IEC 13346 and ECMA-167 specifications.
This is an open vendor filesystem type for data storage on a broad
range of media. This filesystem type is necessary to support
writing DVDs and newer optical disc formats.</description>
          <reference href="https://www.cisecurity.org/controls/">11</reference>
          <reference href="https://www.cisecurity.org/controls/">14</reference>
          <reference href="https://www.cisecurity.org/controls/">3</reference>
          <reference href="https://www.cisecurity.org/controls/">9</reference>
          <reference href="https://www.isaca.org/resources/cobit">BAI10.01</reference>
          <reference href="https://www.isaca.org/resources/cobit">BAI10.02</reference>
          <reference href="https://www.isaca.org/resources/cobit">BAI10.03</reference>
          <reference href="https://www.isaca.org/resources/cobit">BAI10.05</reference>
          <reference href="https://www.isaca.org/resources/cobit">DSS05.02</reference>
          <reference href="https://www.isaca.org/resources/cobit">DSS05.05</reference>
          <reference href="https://www.isaca.org/resources/cobit">DSS06.06</reference>
          <reference href="http://nvlpubs.nist.gov/nistpubs/SpecialPublications/NIST.SP.800-171.pdf">3.4.6</reference>
          <reference href="https://www.isa.org/products/isa-62443-2-1-2009-security-for-industrial-automat">4.3.3.5.1</reference>
          <reference href="https://www.isa.org/products/isa-62443-2-1-2009-security-for-industrial-automat">4.3.3.5.2</reference>
          <reference href="https://www.isa.org/products/isa-62443-2-1-2009-security-for-industrial-automat">4.3.3.5.3</reference>
          <reference href="https://www.isa.org/products/isa-62443-2-1-2009-security-for-industrial-automat">4.3.3.5.4</reference>
          <reference href="https://www.isa.org/products/isa-62443-2-1-2009-security-for-industrial-automat">4.3.3.5.5</reference>
          <reference href="https://www.isa.org/products/isa-62443-2-1-2009-security-for-industrial-automat">4.3.3.5.6</reference>
          <reference href="https://www.isa.org/products/isa-62443-2-1-2009-security-for-industrial-automat">4.3.3.5.7</reference>
          <reference href="https://www.isa.org/products/isa-62443-2-1-2009-security-for-industrial-automat">4.3.3.5.8</reference>
          <reference href="https://www.isa.org/products/isa-62443-2-1-2009-security-for-industrial-automat">4.3.3.6.1</reference>
          <reference href="https://www.isa.org/products/isa-62443-2-1-2009-security-for-industrial-automat">4.3.3.6.2</reference>
          <reference href="https://www.isa.org/products/isa-62443-2-1-2009-security-for-industrial-automat">4.3.3.6.3</reference>
          <reference href="https://www.isa.org/products/isa-62443-2-1-2009-security-for-industrial-automat">4.3.3.6.4</reference>
          <reference href="https://www.isa.org/products/isa-62443-2-1-2009-security-for-industrial-automat">4.3.3.6.5</reference>
          <reference href="https://www.isa.org/products/isa-62443-2-1-2009-security-for-industrial-automat">4.3.3.6.6</reference>
          <reference href="https://www.isa.org/products/isa-62443-2-1-2009-security-for-industrial-automat">4.3.3.6.7</reference>
          <reference href="https://www.isa.org/products/isa-62443-2-1-2009-security-for-industrial-automat">4.3.3.6.8</reference>
          <reference href="https://www.isa.org/products/isa-62443-2-1-2009-security-for-industrial-automat">4.3.3.6.9</reference>
          <reference href="https://www.isa.org/products/isa-62443-2-1-2009-security-for-industrial-automat">4.3.3.7.1</reference>
          <reference href="https://www.isa.org/products/isa-62443-2-1-2009-security-for-industrial-automat">4.3.3.7.2</reference>
          <reference href="https://www.isa.org/products/isa-62443-2-1-2009-security-for-industrial-automat">4.3.3.7.3</reference>
          <reference href="https://www.isa.org/products/isa-62443-2-1-2009-security-for-industrial-automat">4.3.3.7.4</reference>
          <reference href="https://www.isa.org/products/isa-62443-2-1-2009-security-for-industrial-automat">4.3.4.3.2</reference>
          <reference href="https://www.isa.org/products/isa-62443-2-1-2009-security-for-industrial-automat">4.3.4.3.3</reference>
          <reference href="https://www.isa.org/products/ansi-isa-62443-3-3-99-03-03-2013-security-for-indu">SR 1.1</reference>
          <reference href="https://www.isa.org/products/ansi-isa-62443-3-3-99-03-03-2013-security-for-indu">SR 1.10</reference>
          <reference href="https://www.isa.org/products/ansi-isa-62443-3-3-99-03-03-2013-security-for-indu">SR 1.11</reference>
          <reference href="https://www.isa.org/products/ansi-isa-62443-3-3-99-03-03-2013-security-for-indu">SR 1.12</reference>
          <reference href="https://www.isa.org/products/ansi-isa-62443-3-3-99-03-03-2013-security-for-indu">SR 1.13</reference>
          <reference href="https://www.isa.org/products/ansi-isa-62443-3-3-99-03-03-2013-security-for-indu">SR 1.2</reference>
          <reference href="https://www.isa.org/products/ansi-isa-62443-3-3-99-03-03-2013-security-for-indu">SR 1.3</reference>
          <reference href="https://www.isa.org/products/ansi-isa-62443-3-3-99-03-03-2013-security-for-indu">SR 1.4</reference>
          <reference href="https://www.isa.org/products/ansi-isa-62443-3-3-99-03-03-2013-security-for-indu">SR 1.5</reference>
          <reference href="https://www.isa.org/products/ansi-isa-62443-3-3-99-03-03-2013-security-for-indu">SR 1.6</reference>
          <reference href="https://www.isa.org/products/ansi-isa-62443-3-3-99-03-03-2013-security-for-indu">SR 1.7</reference>
          <reference href="https://www.isa.org/products/ansi-isa-62443-3-3-99-03-03-2013-security-for-indu">SR 1.8</reference>
          <reference href="https://www.isa.org/products/ansi-isa-62443-3-3-99-03-03-2013-security-for-indu">SR 1.9</reference>
          <reference href="https://www.isa.org/products/ansi-isa-62443-3-3-99-03-03-2013-security-for-indu">SR 2.1</reference>
          <reference href="https://www.isa.org/products/ansi-isa-62443-3-3-99-03-03-2013-security-for-indu">SR 2.2</reference>
          <reference href="https://www.isa.org/products/ansi-isa-62443-3-3-99-03-03-2013-security-for-indu">SR 2.3</reference>
          <reference href="https://www.isa.org/products/ansi-isa-62443-3-3-99-03-03-2013-security-for-indu">SR 2.4</reference>
          <reference href="https://www.isa.org/products/ansi-isa-62443-3-3-99-03-03-2013-security-for-indu">SR 2.5</reference>
          <reference href="https://www.isa.org/products/ansi-isa-62443-3-3-99-03-03-2013-security-for-indu">SR 2.6</reference>
          <reference href="https://www.isa.org/products/ansi-isa-62443-3-3-99-03-03-2013-security-for-indu">SR 2.7</reference>
          <reference href="https://www.isa.org/products/ansi-isa-62443-3-3-99-03-03-2013-security-for-indu">SR 7.6</reference>
          <reference href="https://www.iso.org/contents/data/standard/05/45/54534.html">A.12.1.2</reference>
          <reference href="https://www.iso.org/contents/data/standard/05/45/54534.html">A.12.5.1</reference>
          <reference href="https://www.iso.org/contents/data/standard/05/45/54534.html">A.12.6.2</reference>
          <reference href="https://www.iso.org/contents/data/standard/05/45/54534.html">A.14.2.2</reference>
          <reference href="https://www.iso.org/contents/data/standard/05/45/54534.html">A.14.2.3</reference>
          <reference href="https://www.iso.org/contents/data/standard/05/45/54534.html">A.14.2.4</reference>
          <reference href="https://www.iso.org/contents/data/standard/05/45/54534.html">A.9.1.2</reference>
          <reference href="http://nvlpubs.nist.gov/nistpubs/SpecialPublications/NIST.SP.800-53r4.pdf">CM-7(a)</reference>
          <reference href="http://nvlpubs.nist.gov/nistpubs/SpecialPublications/NIST.SP.800-53r4.pdf">CM-7(b)</reference>
          <reference href="http://nvlpubs.nist.gov/nistpubs/SpecialPublications/NIST.SP.800-53r4.pdf">CM-6(a)</reference>
          <reference href="https://nvlpubs.nist.gov/nistpubs/CSWP/NIST.CSWP.04162018.pdf">PR.IP-1</reference>
          <reference href="https://nvlpubs.nist.gov/nistpubs/CSWP/NIST.CSWP.04162018.pdf">PR.PT-3</reference>
          <reference href="https://www.cisecurity.org/benchmark/suse_linux/">1.1.1.2</reference>
          <reference href="not_publicly_available">SLES-15-150150120</reference>
          <rationale xmlns:xhtml="http://www.w3.org/1999/xhtml" xml:lang="en-US">Removing support for unneeded filesystem types reduces the local
attack surface of the system.</rationale>
          <platform idref="#system_with_kernel"/>
          <ident system="https://ncp.nist.gov/cce">CCE-92453-0</ident>
          <fix xmlns:xhtml="http://www.w3.org/1999/xhtml" id="kernel_module_udf_disabled" system="urn:xccdf:fix:script:sh" reboot="true" complexity="low" disruption="medium" strategy="disable"># Remediation is applicable only in certain platforms
if rpm --quiet -q kernel-default || rpm --quiet -q kernel-default-base; then

if LC_ALL=C grep -q -m 1 "^install udf" /etc/modprobe.d/udf.conf ; then
	
	sed -i 's#^install udf.*#install udf /bin/false#g' /etc/modprobe.d/udf.conf
else
	echo -e "\n# Disable per security requirements" &gt;&gt; /etc/modprobe.d/udf.conf
	echo "install udf /bin/false" &gt;&gt; /etc/modprobe.d/udf.conf
fi

if ! LC_ALL=C grep -q -m 1 "^blacklist udf$" /etc/modprobe.d/udf.conf ; then
	echo "blacklist udf" &gt;&gt; /etc/modprobe.d/udf.conf
fi

else
    &gt;&amp;2 echo 'Remediation is not applicable, nothing was done'
fi
</fix>
          <fix xmlns:xhtml="http://www.w3.org/1999/xhtml" id="kernel_module_udf_disabled" system="urn:xccdf:fix:script:ansible" reboot="true" complexity="low" disruption="medium" strategy="disable">- name: Gather the package facts
  package_facts:
    manager: auto
  tags:
  - CCE-92453-0
  - NIST-800-171-3.4.6
  - NIST-800-53-CM-6(a)
  - NIST-800-53-CM-7(a)
  - NIST-800-53-CM-7(b)
  - disable_strategy
  - kernel_module_udf_disabled
  - low_complexity
  - low_severity
  - medium_disruption
  - reboot_required

- name: Ensure kernel module 'udf' is disabled
  ansible.builtin.lineinfile:
    create: true
    dest: /etc/modprobe.d/udf.conf
    regexp: install\s+udf
    line: install udf /bin/false
  when: ("kernel-default" in ansible_facts.packages or "kernel-default-base" in ansible_facts.packages)
  tags:
  - CCE-92453-0
  - NIST-800-171-3.4.6
  - NIST-800-53-CM-6(a)
  - NIST-800-53-CM-7(a)
  - NIST-800-53-CM-7(b)
  - disable_strategy
  - kernel_module_udf_disabled
  - low_complexity
  - low_severity
  - medium_disruption
  - reboot_required

- name: Ensure kernel module 'udf' is blacklisted
  ansible.builtin.lineinfile:
    create: true
    dest: /etc/modprobe.d/udf.conf
    regexp: ^blacklist udf$
    line: blacklist udf
  when: ("kernel-default" in ansible_facts.packages or "kernel-default-base" in ansible_facts.packages)
  tags:
  - CCE-92453-0
  - NIST-800-171-3.4.6
  - NIST-800-53-CM-6(a)
  - NIST-800-53-CM-7(a)
  - NIST-800-53-CM-7(b)
  - disable_strategy
  - kernel_module_udf_disabled
  - low_complexity
  - low_severity
  - medium_disruption
  - reboot_required
</fix>
          <check system="http://oval.mitre.org/XMLSchema/oval-definitions-5">
            <check-content-ref name="oval:ssg-kernel_module_udf_disabled:def:1" href="ssg-sle15-oval.xml"/>
          </check>
        </Rule>
        <Rule id="xccdf_org.ssgproject.content_rule_kernel_module_usb-storage_disabled" selected="false" role="full" severity="medium">
          <title xmlns:xhtml="http://www.w3.org/1999/xhtml" xml:lang="en-US">Disable Modprobe Loading of USB Storage Driver</title>
          <description xmlns:xhtml="http://www.w3.org/1999/xhtml" xml:lang="en-US">To prevent USB storage devices from being used, configure the kernel module loading system
to prevent automatic loading of the USB storage driver.

To configure the system to prevent the <html:code xmlns:html="http://www.w3.org/1999/xhtml">usb-storage</html:code>
kernel module from being loaded, add the following line to the file <html:code xmlns:html="http://www.w3.org/1999/xhtml">/etc/modprobe.d/usb-storage.conf</html:code>:
<html:pre xmlns:html="http://www.w3.org/1999/xhtml">install usb-storage /bin/false</html:pre>
This entry will cause a non-zero return value during a <html:code xmlns:html="http://www.w3.org/1999/xhtml">usb-storage</html:code> module installation
and additionally convey the meaning of the entry to the user in form of an error message.
If you would like to omit a non-zero return value and an error message, you may want to add a different line instead
(both <html:code xmlns:html="http://www.w3.org/1999/xhtml">/bin/true</html:code> and <html:code xmlns:html="http://www.w3.org/1999/xhtml">/bin/false</html:code> are allowed by OVAL and will be accepted by the scan):
<html:pre xmlns:html="http://www.w3.org/1999/xhtml">install usb-storage /bin/true</html:pre>

This will prevent the <html:code xmlns:html="http://www.w3.org/1999/xhtml">modprobe</html:code> program from loading the <html:code xmlns:html="http://www.w3.org/1999/xhtml">usb-storage</html:code>
module, but will not prevent an administrator (or another program) from using the
<html:code xmlns:html="http://www.w3.org/1999/xhtml">insmod</html:code> program to load the module manually.</description>
          <reference href="https://www.cisecurity.org/controls/">1</reference>
          <reference href="https://www.cisecurity.org/controls/">12</reference>
          <reference href="https://www.cisecurity.org/controls/">15</reference>
          <reference href="https://www.cisecurity.org/controls/">16</reference>
          <reference href="https://www.cisecurity.org/controls/">5</reference>
          <reference href="https://www.isaca.org/resources/cobit">APO13.01</reference>
          <reference href="https://www.isaca.org/resources/cobit">DSS01.04</reference>
          <reference href="https://www.isaca.org/resources/cobit">DSS05.03</reference>
          <reference href="https://www.isaca.org/resources/cobit">DSS05.04</reference>
          <reference href="https://www.isaca.org/resources/cobit">DSS05.05</reference>
          <reference href="https://www.isaca.org/resources/cobit">DSS05.07</reference>
          <reference href="https://www.isaca.org/resources/cobit">DSS05.10</reference>
          <reference href="https://www.isaca.org/resources/cobit">DSS06.03</reference>
          <reference href="https://www.isaca.org/resources/cobit">DSS06.10</reference>
          <reference href="http://nvlpubs.nist.gov/nistpubs/SpecialPublications/NIST.SP.800-171.pdf">3.1.21</reference>
          <reference href="https://www.gpo.gov/fdsys/pkg/CFR-2007-title45-vol1/pdf/CFR-2007-title45-vol1-chapA-subchapC.pdf">164.308(a)(3)(i)</reference>
          <reference href="https://www.gpo.gov/fdsys/pkg/CFR-2007-title45-vol1/pdf/CFR-2007-title45-vol1-chapA-subchapC.pdf">164.308(a)(3)(ii)(A)</reference>
          <reference href="https://www.gpo.gov/fdsys/pkg/CFR-2007-title45-vol1/pdf/CFR-2007-title45-vol1-chapA-subchapC.pdf">164.310(d)(1)</reference>
          <reference href="https://www.gpo.gov/fdsys/pkg/CFR-2007-title45-vol1/pdf/CFR-2007-title45-vol1-chapA-subchapC.pdf">164.310(d)(2)</reference>
          <reference href="https://www.gpo.gov/fdsys/pkg/CFR-2007-title45-vol1/pdf/CFR-2007-title45-vol1-chapA-subchapC.pdf">164.312(a)(1)</reference>
          <reference href="https://www.gpo.gov/fdsys/pkg/CFR-2007-title45-vol1/pdf/CFR-2007-title45-vol1-chapA-subchapC.pdf">164.312(a)(2)(iv)</reference>
          <reference href="https://www.gpo.gov/fdsys/pkg/CFR-2007-title45-vol1/pdf/CFR-2007-title45-vol1-chapA-subchapC.pdf">164.312(b)</reference>
          <reference href="https://www.isa.org/products/isa-62443-2-1-2009-security-for-industrial-automat">4.3.3.2.2</reference>
          <reference href="https://www.isa.org/products/isa-62443-2-1-2009-security-for-industrial-automat">4.3.3.5.1</reference>
          <reference href="https://www.isa.org/products/isa-62443-2-1-2009-security-for-industrial-automat">4.3.3.5.2</reference>
          <reference href="https://www.isa.org/products/isa-62443-2-1-2009-security-for-industrial-automat">4.3.3.6.1</reference>
          <reference href="https://www.isa.org/products/isa-62443-2-1-2009-security-for-industrial-automat">4.3.3.6.2</reference>
          <reference href="https://www.isa.org/products/isa-62443-2-1-2009-security-for-industrial-automat">4.3.3.6.3</reference>
          <reference href="https://www.isa.org/products/isa-62443-2-1-2009-security-for-industrial-automat">4.3.3.6.4</reference>
          <reference href="https://www.isa.org/products/isa-62443-2-1-2009-security-for-industrial-automat">4.3.3.6.5</reference>
          <reference href="https://www.isa.org/products/isa-62443-2-1-2009-security-for-industrial-automat">4.3.3.6.6</reference>
          <reference href="https://www.isa.org/products/isa-62443-2-1-2009-security-for-industrial-automat">4.3.3.6.7</reference>
          <reference href="https://www.isa.org/products/isa-62443-2-1-2009-security-for-industrial-automat">4.3.3.6.8</reference>
          <reference href="https://www.isa.org/products/isa-62443-2-1-2009-security-for-industrial-automat">4.3.3.6.9</reference>
          <reference href="https://www.isa.org/products/isa-62443-2-1-2009-security-for-industrial-automat">4.3.3.7.2</reference>
          <reference href="https://www.isa.org/products/isa-62443-2-1-2009-security-for-industrial-automat">4.3.3.7.4</reference>
          <reference href="https://www.isa.org/products/ansi-isa-62443-3-3-99-03-03-2013-security-for-indu">SR 1.1</reference>
          <reference href="https://www.isa.org/products/ansi-isa-62443-3-3-99-03-03-2013-security-for-indu">SR 1.10</reference>
          <reference href="https://www.isa.org/products/ansi-isa-62443-3-3-99-03-03-2013-security-for-indu">SR 1.13</reference>
          <reference href="https://www.isa.org/products/ansi-isa-62443-3-3-99-03-03-2013-security-for-indu">SR 1.2</reference>
          <reference href="https://www.isa.org/products/ansi-isa-62443-3-3-99-03-03-2013-security-for-indu">SR 1.3</reference>
          <reference href="https://www.isa.org/products/ansi-isa-62443-3-3-99-03-03-2013-security-for-indu">SR 1.4</reference>
          <reference href="https://www.isa.org/products/ansi-isa-62443-3-3-99-03-03-2013-security-for-indu">SR 1.5</reference>
          <reference href="https://www.isa.org/products/ansi-isa-62443-3-3-99-03-03-2013-security-for-indu">SR 1.7</reference>
          <reference href="https://www.isa.org/products/ansi-isa-62443-3-3-99-03-03-2013-security-for-indu">SR 1.8</reference>
          <reference href="https://www.isa.org/products/ansi-isa-62443-3-3-99-03-03-2013-security-for-indu">SR 1.9</reference>
          <reference href="https://www.isa.org/products/ansi-isa-62443-3-3-99-03-03-2013-security-for-indu">SR 2.1</reference>
          <reference href="https://www.isa.org/products/ansi-isa-62443-3-3-99-03-03-2013-security-for-indu">SR 2.6</reference>
          <reference href="https://www.iso.org/contents/data/standard/05/45/54534.html">A.11.2.6</reference>
          <reference href="https://www.iso.org/contents/data/standard/05/45/54534.html">A.13.1.1</reference>
          <reference href="https://www.iso.org/contents/data/standard/05/45/54534.html">A.13.2.1</reference>
          <reference href="https://www.iso.org/contents/data/standard/05/45/54534.html">A.18.1.4</reference>
          <reference href="https://www.iso.org/contents/data/standard/05/45/54534.html">A.6.2.1</reference>
          <reference href="https://www.iso.org/contents/data/standard/05/45/54534.html">A.6.2.2</reference>
          <reference href="https://www.iso.org/contents/data/standard/05/45/54534.html">A.7.1.1</reference>
          <reference href="https://www.iso.org/contents/data/standard/05/45/54534.html">A.9.2.1</reference>
          <reference href="https://www.iso.org/contents/data/standard/05/45/54534.html">A.9.2.2</reference>
          <reference href="https://www.iso.org/contents/data/standard/05/45/54534.html">A.9.2.3</reference>
          <reference href="https://www.iso.org/contents/data/standard/05/45/54534.html">A.9.2.4</reference>
          <reference href="https://www.iso.org/contents/data/standard/05/45/54534.html">A.9.2.6</reference>
          <reference href="https://www.iso.org/contents/data/standard/05/45/54534.html">A.9.3.1</reference>
          <reference href="https://www.iso.org/contents/data/standard/05/45/54534.html">A.9.4.2</reference>
          <reference href="https://www.iso.org/contents/data/standard/05/45/54534.html">A.9.4.3</reference>
          <reference href="http://nvlpubs.nist.gov/nistpubs/SpecialPublications/NIST.SP.800-53r4.pdf">CM-7(a)</reference>
          <reference href="http://nvlpubs.nist.gov/nistpubs/SpecialPublications/NIST.SP.800-53r4.pdf">CM-7(b)</reference>
          <reference href="http://nvlpubs.nist.gov/nistpubs/SpecialPublications/NIST.SP.800-53r4.pdf">CM-6(a)</reference>
          <reference href="http://nvlpubs.nist.gov/nistpubs/SpecialPublications/NIST.SP.800-53r4.pdf">MP-7</reference>
          <reference href="https://nvlpubs.nist.gov/nistpubs/CSWP/NIST.CSWP.04162018.pdf">PR.AC-1</reference>
          <reference href="https://nvlpubs.nist.gov/nistpubs/CSWP/NIST.CSWP.04162018.pdf">PR.AC-3</reference>
          <reference href="https://nvlpubs.nist.gov/nistpubs/CSWP/NIST.CSWP.04162018.pdf">PR.AC-6</reference>
          <reference href="https://nvlpubs.nist.gov/nistpubs/CSWP/NIST.CSWP.04162018.pdf">PR.AC-7</reference>
          <reference href="https://www.cyber.mil/stigs/downloads/?_dl_facet_stigs=operating-systems%2Cgeneral-purpose-os">SRG-OS-000114-GPOS-00059</reference>
          <reference href="https://www.cyber.mil/stigs/downloads/?_dl_facet_stigs=operating-systems%2Cgeneral-purpose-os">SRG-OS-000378-GPOS-00163</reference>
          <reference href="https://www.cyber.mil/stigs/downloads/?_dl_facet_stigs=operating-systems%2Cgeneral-purpose-os">SRG-OS-000480-GPOS-00227</reference>
          <reference href="https://www.cyber.mil/stigs/downloads/?_dl_facet_stigs=app-security">SRG-APP-000141-CTR-000315</reference>
          <reference href="https://www.cyber.mil/stigs/downloads/?_dl_facet_stigs=operating-systems%2Cunix-linux">SLES-15-010480</reference>
          <reference href="https://www.cisecurity.org/benchmark/suse_linux/">1.1.23</reference>
          <reference href="not_publicly_available">SLES-15-300150015</reference>
          <reference href="https://docs-prv.pcisecuritystandards.org/PCI%20DSS/Standard/PCI-DSS-v4_0.pdf">3.4.2</reference>
          <reference href="https://docs-prv.pcisecuritystandards.org/PCI%20DSS/Standard/PCI-DSS-v4_0.pdf">3.4</reference>
          <reference href="https://www.cyber.mil/stigs/srg-stig-tools/">SV-234856r958820_rule</reference>
          <rationale xmlns:xhtml="http://www.w3.org/1999/xhtml" xml:lang="en-US">USB storage devices such as thumb drives can be used to introduce
malicious software.</rationale>
          <platform idref="#system_with_kernel"/>
          <ident system="https://ncp.nist.gov/cce">CCE-83294-9</ident>
          <fix xmlns:xhtml="http://www.w3.org/1999/xhtml" id="kernel_module_usb-storage_disabled" system="urn:xccdf:fix:script:sh" reboot="true" complexity="low" disruption="medium" strategy="disable"># Remediation is applicable only in certain platforms
if rpm --quiet -q kernel-default || rpm --quiet -q kernel-default-base; then

if LC_ALL=C grep -q -m 1 "^install usb-storage" /etc/modprobe.d/usb-storage.conf ; then
	
	sed -i 's#^install usb-storage.*#install usb-storage /bin/false#g' /etc/modprobe.d/usb-storage.conf
else
	echo -e "\n# Disable per security requirements" &gt;&gt; /etc/modprobe.d/usb-storage.conf
	echo "install usb-storage /bin/false" &gt;&gt; /etc/modprobe.d/usb-storage.conf
fi

if ! LC_ALL=C grep -q -m 1 "^blacklist usb-storage$" /etc/modprobe.d/usb-storage.conf ; then
	echo "blacklist usb-storage" &gt;&gt; /etc/modprobe.d/usb-storage.conf
fi

else
    &gt;&amp;2 echo 'Remediation is not applicable, nothing was done'
fi
</fix>
          <fix xmlns:xhtml="http://www.w3.org/1999/xhtml" id="kernel_module_usb-storage_disabled" system="urn:xccdf:fix:script:ansible" reboot="true" complexity="low" disruption="medium" strategy="disable">- name: Gather the package facts
  package_facts:
    manager: auto
  tags:
  - CCE-83294-9
  - DISA-STIG-SLES-15-010480
  - NIST-800-171-3.1.21
  - NIST-800-53-CM-6(a)
  - NIST-800-53-CM-7(a)
  - NIST-800-53-CM-7(b)
  - NIST-800-53-MP-7
  - PCI-DSSv4-3.4
  - PCI-DSSv4-3.4.2
  - disable_strategy
  - kernel_module_usb-storage_disabled
  - low_complexity
  - medium_disruption
  - medium_severity
  - reboot_required

- name: Ensure kernel module 'usb-storage' is disabled
  ansible.builtin.lineinfile:
    create: true
    dest: /etc/modprobe.d/usb-storage.conf
    regexp: install\s+usb-storage
    line: install usb-storage /bin/false
  when: ("kernel-default" in ansible_facts.packages or "kernel-default-base" in ansible_facts.packages)
  tags:
  - CCE-83294-9
  - DISA-STIG-SLES-15-010480
  - NIST-800-171-3.1.21
  - NIST-800-53-CM-6(a)
  - NIST-800-53-CM-7(a)
  - NIST-800-53-CM-7(b)
  - NIST-800-53-MP-7
  - PCI-DSSv4-3.4
  - PCI-DSSv4-3.4.2
  - disable_strategy
  - kernel_module_usb-storage_disabled
  - low_complexity
  - medium_disruption
  - medium_severity
  - reboot_required

- name: Ensure kernel module 'usb-storage' is blacklisted
  ansible.builtin.lineinfile:
    create: true
    dest: /etc/modprobe.d/usb-storage.conf
    regexp: ^blacklist usb-storage$
    line: blacklist usb-storage
  when: ("kernel-default" in ansible_facts.packages or "kernel-default-base" in ansible_facts.packages)
  tags:
  - CCE-83294-9
  - DISA-STIG-SLES-15-010480
  - NIST-800-171-3.1.21
  - NIST-800-53-CM-6(a)
  - NIST-800-53-CM-7(a)
  - NIST-800-53-CM-7(b)
  - NIST-800-53-MP-7
  - PCI-DSSv4-3.4
  - PCI-DSSv4-3.4.2
  - disable_strategy
  - kernel_module_usb-storage_disabled
  - low_complexity
  - medium_disruption
  - medium_severity
  - reboot_required
</fix>
          <check system="http://oval.mitre.org/XMLSchema/oval-definitions-5">
            <check-content-ref name="oval:ssg-kernel_module_usb-storage_disabled:def:1" href="ssg-sle15-oval.xml"/>
          </check>
          <check system="http://scap.nist.gov/schema/ocil/2">
            <check-content-ref name="ocil:ssg-kernel_module_usb-storage_disabled_ocil:questionnaire:1" href="ssg-sle15-ocil.xml"/>
          </check>
        </Rule>
        <Rule id="xccdf_org.ssgproject.content_rule_kernel_module_vfat_disabled" selected="false" role="full" severity="low">
          <title xmlns:xhtml="http://www.w3.org/1999/xhtml" xml:lang="en-US">Disable Mounting of vFAT filesystems</title>
          <description xmlns:xhtml="http://www.w3.org/1999/xhtml" xml:lang="en-US">
To configure the system to prevent the <html:code xmlns:html="http://www.w3.org/1999/xhtml">vfat</html:code>
kernel module from being loaded, add the following line to the file <html:code xmlns:html="http://www.w3.org/1999/xhtml">/etc/modprobe.d/vfat.conf</html:code>:
<html:pre xmlns:html="http://www.w3.org/1999/xhtml">install vfat /bin/false</html:pre>
This entry will cause a non-zero return value during a <html:code xmlns:html="http://www.w3.org/1999/xhtml">vfat</html:code> module installation
and additionally convey the meaning of the entry to the user in form of an error message.
If you would like to omit a non-zero return value and an error message, you may want to add a different line instead
(both <html:code xmlns:html="http://www.w3.org/1999/xhtml">/bin/true</html:code> and <html:code xmlns:html="http://www.w3.org/1999/xhtml">/bin/false</html:code> are allowed by OVAL and will be accepted by the scan):
<html:pre xmlns:html="http://www.w3.org/1999/xhtml">install vfat /bin/true</html:pre>

This effectively prevents usage of this uncommon filesystem.

The <html:code xmlns:html="http://www.w3.org/1999/xhtml">vFAT</html:code> filesystem format is primarily used on older
windows systems and portable USB drives or flash modules. It comes
in three types <html:code xmlns:html="http://www.w3.org/1999/xhtml">FAT12</html:code>, <html:code xmlns:html="http://www.w3.org/1999/xhtml">FAT16</html:code>, and <html:code xmlns:html="http://www.w3.org/1999/xhtml">FAT32</html:code>
all of which are supported by the <html:code xmlns:html="http://www.w3.org/1999/xhtml">vfat</html:code> kernel module.</description>
          <reference href="https://www.cisecurity.org/controls/">11</reference>
          <reference href="https://www.cisecurity.org/controls/">14</reference>
          <reference href="https://www.cisecurity.org/controls/">3</reference>
          <reference href="https://www.cisecurity.org/controls/">9</reference>
          <reference href="https://www.isaca.org/resources/cobit">BAI10.01</reference>
          <reference href="https://www.isaca.org/resources/cobit">BAI10.02</reference>
          <reference href="https://www.isaca.org/resources/cobit">BAI10.03</reference>
          <reference href="https://www.isaca.org/resources/cobit">BAI10.05</reference>
          <reference href="https://www.isaca.org/resources/cobit">DSS05.02</reference>
          <reference href="https://www.isaca.org/resources/cobit">DSS05.05</reference>
          <reference href="https://www.isaca.org/resources/cobit">DSS06.06</reference>
          <reference href="http://nvlpubs.nist.gov/nistpubs/SpecialPublications/NIST.SP.800-171.pdf">3.4.6</reference>
          <reference href="https://www.isa.org/products/isa-62443-2-1-2009-security-for-industrial-automat">4.3.3.5.1</reference>
          <reference href="https://www.isa.org/products/isa-62443-2-1-2009-security-for-industrial-automat">4.3.3.5.2</reference>
          <reference href="https://www.isa.org/products/isa-62443-2-1-2009-security-for-industrial-automat">4.3.3.5.3</reference>
          <reference href="https://www.isa.org/products/isa-62443-2-1-2009-security-for-industrial-automat">4.3.3.5.4</reference>
          <reference href="https://www.isa.org/products/isa-62443-2-1-2009-security-for-industrial-automat">4.3.3.5.5</reference>
          <reference href="https://www.isa.org/products/isa-62443-2-1-2009-security-for-industrial-automat">4.3.3.5.6</reference>
          <reference href="https://www.isa.org/products/isa-62443-2-1-2009-security-for-industrial-automat">4.3.3.5.7</reference>
          <reference href="https://www.isa.org/products/isa-62443-2-1-2009-security-for-industrial-automat">4.3.3.5.8</reference>
          <reference href="https://www.isa.org/products/isa-62443-2-1-2009-security-for-industrial-automat">4.3.3.6.1</reference>
          <reference href="https://www.isa.org/products/isa-62443-2-1-2009-security-for-industrial-automat">4.3.3.6.2</reference>
          <reference href="https://www.isa.org/products/isa-62443-2-1-2009-security-for-industrial-automat">4.3.3.6.3</reference>
          <reference href="https://www.isa.org/products/isa-62443-2-1-2009-security-for-industrial-automat">4.3.3.6.4</reference>
          <reference href="https://www.isa.org/products/isa-62443-2-1-2009-security-for-industrial-automat">4.3.3.6.5</reference>
          <reference href="https://www.isa.org/products/isa-62443-2-1-2009-security-for-industrial-automat">4.3.3.6.6</reference>
          <reference href="https://www.isa.org/products/isa-62443-2-1-2009-security-for-industrial-automat">4.3.3.6.7</reference>
          <reference href="https://www.isa.org/products/isa-62443-2-1-2009-security-for-industrial-automat">4.3.3.6.8</reference>
          <reference href="https://www.isa.org/products/isa-62443-2-1-2009-security-for-industrial-automat">4.3.3.6.9</reference>
          <reference href="https://www.isa.org/products/isa-62443-2-1-2009-security-for-industrial-automat">4.3.3.7.1</reference>
          <reference href="https://www.isa.org/products/isa-62443-2-1-2009-security-for-industrial-automat">4.3.3.7.2</reference>
          <reference href="https://www.isa.org/products/isa-62443-2-1-2009-security-for-industrial-automat">4.3.3.7.3</reference>
          <reference href="https://www.isa.org/products/isa-62443-2-1-2009-security-for-industrial-automat">4.3.3.7.4</reference>
          <reference href="https://www.isa.org/products/isa-62443-2-1-2009-security-for-industrial-automat">4.3.4.3.2</reference>
          <reference href="https://www.isa.org/products/isa-62443-2-1-2009-security-for-industrial-automat">4.3.4.3.3</reference>
          <reference href="https://www.isa.org/products/ansi-isa-62443-3-3-99-03-03-2013-security-for-indu">SR 1.1</reference>
          <reference href="https://www.isa.org/products/ansi-isa-62443-3-3-99-03-03-2013-security-for-indu">SR 1.10</reference>
          <reference href="https://www.isa.org/products/ansi-isa-62443-3-3-99-03-03-2013-security-for-indu">SR 1.11</reference>
          <reference href="https://www.isa.org/products/ansi-isa-62443-3-3-99-03-03-2013-security-for-indu">SR 1.12</reference>
          <reference href="https://www.isa.org/products/ansi-isa-62443-3-3-99-03-03-2013-security-for-indu">SR 1.13</reference>
          <reference href="https://www.isa.org/products/ansi-isa-62443-3-3-99-03-03-2013-security-for-indu">SR 1.2</reference>
          <reference href="https://www.isa.org/products/ansi-isa-62443-3-3-99-03-03-2013-security-for-indu">SR 1.3</reference>
          <reference href="https://www.isa.org/products/ansi-isa-62443-3-3-99-03-03-2013-security-for-indu">SR 1.4</reference>
          <reference href="https://www.isa.org/products/ansi-isa-62443-3-3-99-03-03-2013-security-for-indu">SR 1.5</reference>
          <reference href="https://www.isa.org/products/ansi-isa-62443-3-3-99-03-03-2013-security-for-indu">SR 1.6</reference>
          <reference href="https://www.isa.org/products/ansi-isa-62443-3-3-99-03-03-2013-security-for-indu">SR 1.7</reference>
          <reference href="https://www.isa.org/products/ansi-isa-62443-3-3-99-03-03-2013-security-for-indu">SR 1.8</reference>
          <reference href="https://www.isa.org/products/ansi-isa-62443-3-3-99-03-03-2013-security-for-indu">SR 1.9</reference>
          <reference href="https://www.isa.org/products/ansi-isa-62443-3-3-99-03-03-2013-security-for-indu">SR 2.1</reference>
          <reference href="https://www.isa.org/products/ansi-isa-62443-3-3-99-03-03-2013-security-for-indu">SR 2.2</reference>
          <reference href="https://www.isa.org/products/ansi-isa-62443-3-3-99-03-03-2013-security-for-indu">SR 2.3</reference>
          <reference href="https://www.isa.org/products/ansi-isa-62443-3-3-99-03-03-2013-security-for-indu">SR 2.4</reference>
          <reference href="https://www.isa.org/products/ansi-isa-62443-3-3-99-03-03-2013-security-for-indu">SR 2.5</reference>
          <reference href="https://www.isa.org/products/ansi-isa-62443-3-3-99-03-03-2013-security-for-indu">SR 2.6</reference>
          <reference href="https://www.isa.org/products/ansi-isa-62443-3-3-99-03-03-2013-security-for-indu">SR 2.7</reference>
          <reference href="https://www.isa.org/products/ansi-isa-62443-3-3-99-03-03-2013-security-for-indu">SR 7.6</reference>
          <reference href="https://www.iso.org/contents/data/standard/05/45/54534.html">A.12.1.2</reference>
          <reference href="https://www.iso.org/contents/data/standard/05/45/54534.html">A.12.5.1</reference>
          <reference href="https://www.iso.org/contents/data/standard/05/45/54534.html">A.12.6.2</reference>
          <reference href="https://www.iso.org/contents/data/standard/05/45/54534.html">A.14.2.2</reference>
          <reference href="https://www.iso.org/contents/data/standard/05/45/54534.html">A.14.2.3</reference>
          <reference href="https://www.iso.org/contents/data/standard/05/45/54534.html">A.14.2.4</reference>
          <reference href="https://www.iso.org/contents/data/standard/05/45/54534.html">A.9.1.2</reference>
          <reference href="http://nvlpubs.nist.gov/nistpubs/SpecialPublications/NIST.SP.800-53r4.pdf">CM-7(a)</reference>
          <reference href="http://nvlpubs.nist.gov/nistpubs/SpecialPublications/NIST.SP.800-53r4.pdf">CM-7(b)</reference>
          <reference href="http://nvlpubs.nist.gov/nistpubs/SpecialPublications/NIST.SP.800-53r4.pdf">CM-6(a)</reference>
          <reference href="https://nvlpubs.nist.gov/nistpubs/CSWP/NIST.CSWP.04162018.pdf">PR.IP-1</reference>
          <reference href="https://nvlpubs.nist.gov/nistpubs/CSWP/NIST.CSWP.04162018.pdf">PR.PT-3</reference>
          <reference href="https://www.cisecurity.org/benchmark/suse_linux/">1.1.1.3</reference>
          <reference href="not_publicly_available">SLES-15-150150135</reference>
          <rationale xmlns:xhtml="http://www.w3.org/1999/xhtml" xml:lang="en-US">Removing support for unneeded filesystems reduces the local attack
surface of the system.</rationale>
          <platform idref="#non-uefi_and_system_with_kernel"/>
          <ident system="https://ncp.nist.gov/cce">CCE-92454-8</ident>
          <fix xmlns:xhtml="http://www.w3.org/1999/xhtml" id="kernel_module_vfat_disabled" system="urn:xccdf:fix:script:sh" reboot="true" complexity="low" disruption="medium" strategy="disable"># Remediation is applicable only in certain platforms
if ( [ ! -d /sys/firmware/efi ] &amp;&amp; rpm --quiet -q kernel-default || rpm --quiet -q kernel-default-base ); then

if LC_ALL=C grep -q -m 1 "^install vfat" /etc/modprobe.d/vfat.conf ; then
	
	sed -i 's#^install vfat.*#install vfat /bin/false#g' /etc/modprobe.d/vfat.conf
else
	echo -e "\n# Disable per security requirements" &gt;&gt; /etc/modprobe.d/vfat.conf
	echo "install vfat /bin/false" &gt;&gt; /etc/modprobe.d/vfat.conf
fi

if ! LC_ALL=C grep -q -m 1 "^blacklist vfat$" /etc/modprobe.d/vfat.conf ; then
	echo "blacklist vfat" &gt;&gt; /etc/modprobe.d/vfat.conf
fi

else
    &gt;&amp;2 echo 'Remediation is not applicable, nothing was done'
fi
</fix>
          <fix xmlns:xhtml="http://www.w3.org/1999/xhtml" id="kernel_module_vfat_disabled" system="urn:xccdf:fix:script:ansible" reboot="true" complexity="low" disruption="medium" strategy="disable">- name: Gather the package facts
  package_facts:
    manager: auto
  tags:
  - CCE-92454-8
  - NIST-800-171-3.4.6
  - NIST-800-53-CM-6(a)
  - NIST-800-53-CM-7(a)
  - NIST-800-53-CM-7(b)
  - disable_strategy
  - kernel_module_vfat_disabled
  - low_complexity
  - low_severity
  - medium_disruption
  - reboot_required

- name: Ensure kernel module 'vfat' is disabled
  ansible.builtin.lineinfile:
    create: true
    dest: /etc/modprobe.d/vfat.conf
    regexp: install\s+vfat
    line: install vfat /bin/false
  when: ( "/boot/efi" not in ansible_mounts | map(attribute="mount") | list and ("kernel-default"
    in ansible_facts.packages or "kernel-default-base" in ansible_facts.packages)
    )
  tags:
  - CCE-92454-8
  - NIST-800-171-3.4.6
  - NIST-800-53-CM-6(a)
  - NIST-800-53-CM-7(a)
  - NIST-800-53-CM-7(b)
  - disable_strategy
  - kernel_module_vfat_disabled
  - low_complexity
  - low_severity
  - medium_disruption
  - reboot_required

- name: Ensure kernel module 'vfat' is blacklisted
  ansible.builtin.lineinfile:
    create: true
    dest: /etc/modprobe.d/vfat.conf
    regexp: ^blacklist vfat$
    line: blacklist vfat
  when: ( "/boot/efi" not in ansible_mounts | map(attribute="mount") | list and ("kernel-default"
    in ansible_facts.packages or "kernel-default-base" in ansible_facts.packages)
    )
  tags:
  - CCE-92454-8
  - NIST-800-171-3.4.6
  - NIST-800-53-CM-6(a)
  - NIST-800-53-CM-7(a)
  - NIST-800-53-CM-7(b)
  - disable_strategy
  - kernel_module_vfat_disabled
  - low_complexity
  - low_severity
  - medium_disruption
  - reboot_required
</fix>
          <check system="http://oval.mitre.org/XMLSchema/oval-definitions-5">
            <check-content-ref name="oval:ssg-kernel_module_vfat_disabled:def:1" href="ssg-sle15-oval.xml"/>
          </check>
        </Rule>
      </Group>
      <Group id="xccdf_org.ssgproject.content_group_partitions">
        <title xmlns:xhtml="http://www.w3.org/1999/xhtml" xml:lang="en-US">Restrict Partition Mount Options</title>
        <description xmlns:xhtml="http://www.w3.org/1999/xhtml" xml:lang="en-US">System partitions can be mounted with certain options
that limit what files on those partitions can do. These options
are set in the <html:code xmlns:html="http://www.w3.org/1999/xhtml">/etc/fstab</html:code> configuration file, and can be
used to make certain types of malicious behavior more difficult.</description>
        <platform idref="#not_bootc_and_not_container"/>
        <Value id="xccdf_org.ssgproject.content_value_var_removable_partition" type="string">
          <title xmlns:xhtml="http://www.w3.org/1999/xhtml" xml:lang="en-US">Removable Partition</title>
          <description xmlns:xhtml="http://www.w3.org/1999/xhtml" xml:lang="en-US">This value is used by the checks mount_option_nodev_removable_partitions, mount_option_nodev_removable_partitions,
and mount_option_nodev_removable_partitions to ensure that the correct mount options are set on partitions mounted from
removable media such as CD-ROMs, USB keys, and floppy drives. This value should be modified to reflect any removable
partitions that are required on the local system.</description>
          <value selector="dev_cdrom">/dev/cdrom</value>
          <value>/dev/cdrom</value>
        </Value>
        <Rule id="xccdf_org.ssgproject.content_rule_mount_option_boot_noexec" selected="false" role="full" severity="medium">
          <title xmlns:xhtml="http://www.w3.org/1999/xhtml" xml:lang="en-US">Add noexec Option to /boot</title>
          <description xmlns:xhtml="http://www.w3.org/1999/xhtml" xml:lang="en-US">The <html:code xmlns:html="http://www.w3.org/1999/xhtml">noexec</html:code> mount option can be used to prevent binaries from being
executed out of <html:code xmlns:html="http://www.w3.org/1999/xhtml">/boot</html:code>.
Add the <html:code xmlns:html="http://www.w3.org/1999/xhtml">noexec</html:code> option to the fourth column of
<html:code xmlns:html="http://www.w3.org/1999/xhtml">/etc/fstab</html:code> for the line which controls mounting of
<html:code xmlns:html="http://www.w3.org/1999/xhtml">/boot</html:code>.</description>
          <reference href="https://cyber.gouv.fr/sites/default/files/document/linux_configuration-en-v2.pdf">R28</reference>
          <rationale xmlns:xhtml="http://www.w3.org/1999/xhtml" xml:lang="en-US">The <html:code xmlns:html="http://www.w3.org/1999/xhtml">/boot</html:code> partition contains the kernel and the bootloader. No
binaries should be executed from this partition after the booting process
finishes.</rationale>
          <ident system="https://ncp.nist.gov/cce">CCE-91234-5</ident>
          <fix xmlns:xhtml="http://www.w3.org/1999/xhtml" id="mount_option_boot_noexec" system="urn:xccdf:fix:script:sh"># Remediation is applicable only in certain platforms
if ( ! ( { rpm --quiet -q kernel ;} &amp;&amp; { rpm --quiet -q rpm-ostree ;} &amp;&amp; { rpm --quiet -q bootc ;} &amp;&amp; { ! rpm --quiet -q openshift-kubelet ;} &amp;&amp; ([ -f /run/ostree-booted ] || [ -L /ostree ]) ) &amp;&amp; ! ( [ -f /.dockerenv ] || [ -f /run/.containerenv ] ) ); then

function perform_remediation {
    
        # the mount point /boot has to be defined in /etc/fstab
        # before this remediation can be executed. In case it is not defined, the
        # remediation aborts and no changes regarding the mount point are done.
        mount_point_match_regexp="$(printf "^[[:space:]]*[^#].*[[:space:]]%s[[:space:]]" "/boot")"

    grep "$mount_point_match_regexp" -q /etc/fstab \
        || { echo "The mount point '/boot' is not even in /etc/fstab, so we can't set up mount options" &gt;&amp;2;
                echo "Not remediating, because there is no record of /boot in /etc/fstab" &gt;&amp;2; return 1; }
    


    mount_point_match_regexp="$(printf "^[[:space:]]*[^#].*[[:space:]]%s[[:space:]]" /boot)"

    # If the mount point is not in /etc/fstab, get previous mount options from /etc/mtab
    if ! grep -q "$mount_point_match_regexp" /etc/fstab; then
        # runtime opts without some automatic kernel/userspace-added defaults
        previous_mount_opts=$(grep "$mount_point_match_regexp" /etc/mtab | head -1 |  awk '{print $4}' \
                    | sed -E "s/(rw|defaults|seclabel|noexec)(,|$)//g;s/,$//")
        [ "$previous_mount_opts" ] &amp;&amp; previous_mount_opts+=","
        # In iso9660 filesystems mtab could describe a "blocksize" value, this should be reflected in
        # fstab as "block".  The next variable is to satisfy shellcheck SC2050.
        fs_type=""
        if [  "$fs_type" == "iso9660" ] ; then
            previous_mount_opts=$(sed 's/blocksize=/block=/' &lt;&lt;&lt; "$previous_mount_opts")
        fi
        echo " /boot  defaults,${previous_mount_opts}noexec 0 0" &gt;&gt; /etc/fstab
    # If the mount_opt option is not already in the mount point's /etc/fstab entry, add it
    elif ! grep "$mount_point_match_regexp" /etc/fstab | grep -q "noexec"; then
        previous_mount_opts=$(grep "$mount_point_match_regexp" /etc/fstab | awk '{print $4}')
        sed -i "s|\(${mount_point_match_regexp}.*${previous_mount_opts}\)|\1,noexec|" /etc/fstab
    fi


    if mkdir -p "/boot"; then
        if mountpoint -q "/boot"; then
            mount -o remount --target "/boot"
        fi
    fi
}

perform_remediation

else
    &gt;&amp;2 echo 'Remediation is not applicable, nothing was done'
fi
</fix>
          <fix xmlns:xhtml="http://www.w3.org/1999/xhtml" id="mount_option_boot_noexec" system="urn:xccdf:fix:script:ansible" complexity="low" disruption="high" strategy="configure">- name: Gather the package facts
  package_facts:
    manager: auto
  tags:
  - CCE-91234-5
  - configure_strategy
  - high_disruption
  - low_complexity
  - medium_severity
  - mount_option_boot_noexec
  - no_reboot_needed

- name: 'Add noexec Option to /boot: Check information associated to mountpoint'
  command: findmnt --fstab '/boot'
  register: device_name
  failed_when: device_name.rc &gt; 1
  changed_when: false
  check_mode: false
  when: ( not ( "kernel" in ansible_facts.packages and "rpm-ostree" in ansible_facts.packages
    and "bootc" in ansible_facts.packages and not "openshift-kubelet" in ansible_facts.packages
    and "ostree" in ansible_proc_cmdline ) and not ( ansible_virtualization_type in
    ["docker", "lxc", "openvz", "podman", "container"] ) )
  tags:
  - CCE-91234-5
  - configure_strategy
  - high_disruption
  - low_complexity
  - medium_severity
  - mount_option_boot_noexec
  - no_reboot_needed

- name: 'Add noexec Option to /boot: Create mount_info dictionary variable'
  set_fact:
    mount_info: '{{ mount_info|default({})|combine({item.0: item.1}) }}'
  with_together:
  - '{{ device_name.stdout_lines[0].split() | list | lower }}'
  - '{{ device_name.stdout_lines[1].split() | list }}'
  when:
  - ( not ( "kernel" in ansible_facts.packages and "rpm-ostree" in ansible_facts.packages
    and "bootc" in ansible_facts.packages and not "openshift-kubelet" in ansible_facts.packages
    and "ostree" in ansible_proc_cmdline ) and not ( ansible_virtualization_type in
    ["docker", "lxc", "openvz", "podman", "container"] ) )
  - device_name.stdout is defined and device_name.stdout_lines is defined
  - (device_name.stdout | length &gt; 0)
  tags:
  - CCE-91234-5
  - configure_strategy
  - high_disruption
  - low_complexity
  - medium_severity
  - mount_option_boot_noexec
  - no_reboot_needed

- name: 'Add noexec Option to /boot: If /boot not mounted, craft mount_info manually'
  set_fact:
    mount_info: '{{ mount_info|default({})|combine({item.0: item.1}) }}'
  with_together:
  - - target
    - source
    - fstype
    - options
  - - /boot
    - ''
    - ''
    - defaults
  when:
  - ( not ( "kernel" in ansible_facts.packages and "rpm-ostree" in ansible_facts.packages
    and "bootc" in ansible_facts.packages and not "openshift-kubelet" in ansible_facts.packages
    and "ostree" in ansible_proc_cmdline ) and not ( ansible_virtualization_type in
    ["docker", "lxc", "openvz", "podman", "container"] ) )
  - ("--fstab" | length == 0)
  - device_name.stdout is defined and device_name.stdout_lines is defined
  - (device_name.stdout | length == 0)
  tags:
  - CCE-91234-5
  - configure_strategy
  - high_disruption
  - low_complexity
  - medium_severity
  - mount_option_boot_noexec
  - no_reboot_needed

- name: 'Add noexec Option to /boot: Make sure noexec option is part of the to /boot
    options'
  set_fact:
    mount_info: '{{ mount_info | combine( {''options'':''''~mount_info.options~'',noexec''
      }) }}'
  when:
  - ( not ( "kernel" in ansible_facts.packages and "rpm-ostree" in ansible_facts.packages
    and "bootc" in ansible_facts.packages and not "openshift-kubelet" in ansible_facts.packages
    and "ostree" in ansible_proc_cmdline ) and not ( ansible_virtualization_type in
    ["docker", "lxc", "openvz", "podman", "container"] ) )
  - mount_info is defined and "noexec" not in mount_info.options
  tags:
  - CCE-91234-5
  - configure_strategy
  - high_disruption
  - low_complexity
  - medium_severity
  - mount_option_boot_noexec
  - no_reboot_needed

- name: 'Add noexec Option to /boot: Ensure /boot is mounted with noexec option'
  mount:
    path: /boot
    src: '{{ mount_info.source }}'
    opts: '{{ mount_info.options }}'
    state: mounted
    fstype: '{{ mount_info.fstype }}'
  when:
  - ( not ( "kernel" in ansible_facts.packages and "rpm-ostree" in ansible_facts.packages
    and "bootc" in ansible_facts.packages and not "openshift-kubelet" in ansible_facts.packages
    and "ostree" in ansible_proc_cmdline ) and not ( ansible_virtualization_type in
    ["docker", "lxc", "openvz", "podman", "container"] ) )
  - mount_info is defined
  - (device_name.stdout is defined and (device_name.stdout | length &gt; 0)) or ("--fstab"
    | length == 0)
  tags:
  - CCE-91234-5
  - configure_strategy
  - high_disruption
  - low_complexity
  - medium_severity
  - mount_option_boot_noexec
  - no_reboot_needed
</fix>
          <check system="http://oval.mitre.org/XMLSchema/oval-definitions-5">
            <check-content-ref name="oval:ssg-mount_option_boot_noexec:def:1" href="ssg-sle15-oval.xml"/>
          </check>
          <check system="http://scap.nist.gov/schema/ocil/2">
            <check-content-ref name="ocil:ssg-mount_option_boot_noexec_ocil:questionnaire:1" href="ssg-sle15-ocil.xml"/>
          </check>
        </Rule>
        <Rule id="xccdf_org.ssgproject.content_rule_mount_option_boot_nosuid" selected="false" role="full" severity="medium">
          <title xmlns:xhtml="http://www.w3.org/1999/xhtml" xml:lang="en-US">Add nosuid Option to /boot</title>
          <description xmlns:xhtml="http://www.w3.org/1999/xhtml" xml:lang="en-US">The <html:code xmlns:html="http://www.w3.org/1999/xhtml">nosuid</html:code> mount option can be used to prevent
execution of setuid programs in <html:code xmlns:html="http://www.w3.org/1999/xhtml">/boot</html:code>. The SUID and SGID permissions
should not be required on the boot partition.
Add the <html:code xmlns:html="http://www.w3.org/1999/xhtml">nosuid</html:code> option to the fourth column of
<html:code xmlns:html="http://www.w3.org/1999/xhtml">/etc/fstab</html:code> for the line which controls mounting of
<html:code xmlns:html="http://www.w3.org/1999/xhtml">/boot</html:code>.</description>
          <reference href="https://www.nerc.com/standards/reliability-standards/cip">CIP-003-8 R5.1.1</reference>
          <reference href="https://www.nerc.com/standards/reliability-standards/cip">CIP-003-8 R5.3</reference>
          <reference href="https://www.nerc.com/standards/reliability-standards/cip">CIP-004-6 R2.3</reference>
          <reference href="https://www.nerc.com/standards/reliability-standards/cip">CIP-007-3 R2.1</reference>
          <reference href="https://www.nerc.com/standards/reliability-standards/cip">CIP-007-3 R2.2</reference>
          <reference href="https://www.nerc.com/standards/reliability-standards/cip">CIP-007-3 R2.3</reference>
          <reference href="https://www.nerc.com/standards/reliability-standards/cip">CIP-007-3 R5.1</reference>
          <reference href="https://www.nerc.com/standards/reliability-standards/cip">CIP-007-3 R5.1.1</reference>
          <reference href="https://www.nerc.com/standards/reliability-standards/cip">CIP-007-3 R5.1.2</reference>
          <reference href="http://nvlpubs.nist.gov/nistpubs/SpecialPublications/NIST.SP.800-53r4.pdf">CM-7(a)</reference>
          <reference href="http://nvlpubs.nist.gov/nistpubs/SpecialPublications/NIST.SP.800-53r4.pdf">CM-7(b)</reference>
          <reference href="http://nvlpubs.nist.gov/nistpubs/SpecialPublications/NIST.SP.800-53r4.pdf">CM-6(a)</reference>
          <reference href="http://nvlpubs.nist.gov/nistpubs/SpecialPublications/NIST.SP.800-53r4.pdf">AC-6</reference>
          <reference href="http://nvlpubs.nist.gov/nistpubs/SpecialPublications/NIST.SP.800-53r4.pdf">AC-6(1)</reference>
          <reference href="http://nvlpubs.nist.gov/nistpubs/SpecialPublications/NIST.SP.800-53r4.pdf">MP-7</reference>
          <reference href="https://nvlpubs.nist.gov/nistpubs/CSWP/NIST.CSWP.04162018.pdf">PR.IP-1</reference>
          <reference href="https://nvlpubs.nist.gov/nistpubs/CSWP/NIST.CSWP.04162018.pdf">PR.PT-2</reference>
          <reference href="https://nvlpubs.nist.gov/nistpubs/CSWP/NIST.CSWP.04162018.pdf">PR.PT-3</reference>
          <reference href="https://www.cyber.mil/stigs/downloads/?_dl_facet_stigs=operating-systems%2Cgeneral-purpose-os">SRG-OS-000368-GPOS-00154</reference>
          <reference href="https://www.cyber.mil/stigs/downloads/?_dl_facet_stigs=operating-systems%2Cgeneral-purpose-os">SRG-OS-000480-GPOS-00227</reference>
          <reference href="https://cyber.gouv.fr/sites/default/files/document/linux_configuration-en-v2.pdf">R28</reference>
          <rationale xmlns:xhtml="http://www.w3.org/1999/xhtml" xml:lang="en-US">The presence of SUID and SGID executables should be tightly controlled. Users
should not be able to execute SUID or SGID binaries from boot partitions.</rationale>
          <ident system="https://ncp.nist.gov/cce">CCE-91235-2</ident>
          <fix xmlns:xhtml="http://www.w3.org/1999/xhtml" id="mount_option_boot_nosuid" system="urn:xccdf:fix:script:sh"># Remediation is applicable only in certain platforms
if ( ! ( { rpm --quiet -q kernel ;} &amp;&amp; { rpm --quiet -q rpm-ostree ;} &amp;&amp; { rpm --quiet -q bootc ;} &amp;&amp; { ! rpm --quiet -q openshift-kubelet ;} &amp;&amp; ([ -f /run/ostree-booted ] || [ -L /ostree ]) ) &amp;&amp; ! ( [ -f /.dockerenv ] || [ -f /run/.containerenv ] ) ); then

function perform_remediation {
    
        # the mount point /boot has to be defined in /etc/fstab
        # before this remediation can be executed. In case it is not defined, the
        # remediation aborts and no changes regarding the mount point are done.
        mount_point_match_regexp="$(printf "^[[:space:]]*[^#].*[[:space:]]%s[[:space:]]" "/boot")"

    grep "$mount_point_match_regexp" -q /etc/fstab \
        || { echo "The mount point '/boot' is not even in /etc/fstab, so we can't set up mount options" &gt;&amp;2;
                echo "Not remediating, because there is no record of /boot in /etc/fstab" &gt;&amp;2; return 1; }
    


    mount_point_match_regexp="$(printf "^[[:space:]]*[^#].*[[:space:]]%s[[:space:]]" /boot)"

    # If the mount point is not in /etc/fstab, get previous mount options from /etc/mtab
    if ! grep -q "$mount_point_match_regexp" /etc/fstab; then
        # runtime opts without some automatic kernel/userspace-added defaults
        previous_mount_opts=$(grep "$mount_point_match_regexp" /etc/mtab | head -1 |  awk '{print $4}' \
                    | sed -E "s/(rw|defaults|seclabel|nosuid)(,|$)//g;s/,$//")
        [ "$previous_mount_opts" ] &amp;&amp; previous_mount_opts+=","
        # In iso9660 filesystems mtab could describe a "blocksize" value, this should be reflected in
        # fstab as "block".  The next variable is to satisfy shellcheck SC2050.
        fs_type=""
        if [  "$fs_type" == "iso9660" ] ; then
            previous_mount_opts=$(sed 's/blocksize=/block=/' &lt;&lt;&lt; "$previous_mount_opts")
        fi
        echo " /boot  defaults,${previous_mount_opts}nosuid 0 0" &gt;&gt; /etc/fstab
    # If the mount_opt option is not already in the mount point's /etc/fstab entry, add it
    elif ! grep "$mount_point_match_regexp" /etc/fstab | grep -q "nosuid"; then
        previous_mount_opts=$(grep "$mount_point_match_regexp" /etc/fstab | awk '{print $4}')
        sed -i "s|\(${mount_point_match_regexp}.*${previous_mount_opts}\)|\1,nosuid|" /etc/fstab
    fi


    if mkdir -p "/boot"; then
        if mountpoint -q "/boot"; then
            mount -o remount --target "/boot"
        fi
    fi
}

perform_remediation

else
    &gt;&amp;2 echo 'Remediation is not applicable, nothing was done'
fi
</fix>
          <fix xmlns:xhtml="http://www.w3.org/1999/xhtml" id="mount_option_boot_nosuid" system="urn:xccdf:fix:script:ansible" complexity="low" disruption="high" strategy="configure">- name: Gather the package facts
  package_facts:
    manager: auto
  tags:
  - CCE-91235-2
  - NIST-800-53-AC-6
  - NIST-800-53-AC-6(1)
  - NIST-800-53-CM-6(a)
  - NIST-800-53-CM-7(a)
  - NIST-800-53-CM-7(b)
  - NIST-800-53-MP-7
  - configure_strategy
  - high_disruption
  - low_complexity
  - medium_severity
  - mount_option_boot_nosuid
  - no_reboot_needed

- name: 'Add nosuid Option to /boot: Check information associated to mountpoint'
  command: findmnt --fstab '/boot'
  register: device_name
  failed_when: device_name.rc &gt; 1
  changed_when: false
  check_mode: false
  when: ( not ( "kernel" in ansible_facts.packages and "rpm-ostree" in ansible_facts.packages
    and "bootc" in ansible_facts.packages and not "openshift-kubelet" in ansible_facts.packages
    and "ostree" in ansible_proc_cmdline ) and not ( ansible_virtualization_type in
    ["docker", "lxc", "openvz", "podman", "container"] ) )
  tags:
  - CCE-91235-2
  - NIST-800-53-AC-6
  - NIST-800-53-AC-6(1)
  - NIST-800-53-CM-6(a)
  - NIST-800-53-CM-7(a)
  - NIST-800-53-CM-7(b)
  - NIST-800-53-MP-7
  - configure_strategy
  - high_disruption
  - low_complexity
  - medium_severity
  - mount_option_boot_nosuid
  - no_reboot_needed

- name: 'Add nosuid Option to /boot: Create mount_info dictionary variable'
  set_fact:
    mount_info: '{{ mount_info|default({})|combine({item.0: item.1}) }}'
  with_together:
  - '{{ device_name.stdout_lines[0].split() | list | lower }}'
  - '{{ device_name.stdout_lines[1].split() | list }}'
  when:
  - ( not ( "kernel" in ansible_facts.packages and "rpm-ostree" in ansible_facts.packages
    and "bootc" in ansible_facts.packages and not "openshift-kubelet" in ansible_facts.packages
    and "ostree" in ansible_proc_cmdline ) and not ( ansible_virtualization_type in
    ["docker", "lxc", "openvz", "podman", "container"] ) )
  - device_name.stdout is defined and device_name.stdout_lines is defined
  - (device_name.stdout | length &gt; 0)
  tags:
  - CCE-91235-2
  - NIST-800-53-AC-6
  - NIST-800-53-AC-6(1)
  - NIST-800-53-CM-6(a)
  - NIST-800-53-CM-7(a)
  - NIST-800-53-CM-7(b)
  - NIST-800-53-MP-7
  - configure_strategy
  - high_disruption
  - low_complexity
  - medium_severity
  - mount_option_boot_nosuid
  - no_reboot_needed

- name: 'Add nosuid Option to /boot: If /boot not mounted, craft mount_info manually'
  set_fact:
    mount_info: '{{ mount_info|default({})|combine({item.0: item.1}) }}'
  with_together:
  - - target
    - source
    - fstype
    - options
  - - /boot
    - ''
    - ''
    - defaults
  when:
  - ( not ( "kernel" in ansible_facts.packages and "rpm-ostree" in ansible_facts.packages
    and "bootc" in ansible_facts.packages and not "openshift-kubelet" in ansible_facts.packages
    and "ostree" in ansible_proc_cmdline ) and not ( ansible_virtualization_type in
    ["docker", "lxc", "openvz", "podman", "container"] ) )
  - ("--fstab" | length == 0)
  - device_name.stdout is defined and device_name.stdout_lines is defined
  - (device_name.stdout | length == 0)
  tags:
  - CCE-91235-2
  - NIST-800-53-AC-6
  - NIST-800-53-AC-6(1)
  - NIST-800-53-CM-6(a)
  - NIST-800-53-CM-7(a)
  - NIST-800-53-CM-7(b)
  - NIST-800-53-MP-7
  - configure_strategy
  - high_disruption
  - low_complexity
  - medium_severity
  - mount_option_boot_nosuid
  - no_reboot_needed

- name: 'Add nosuid Option to /boot: Make sure nosuid option is part of the to /boot
    options'
  set_fact:
    mount_info: '{{ mount_info | combine( {''options'':''''~mount_info.options~'',nosuid''
      }) }}'
  when:
  - ( not ( "kernel" in ansible_facts.packages and "rpm-ostree" in ansible_facts.packages
    and "bootc" in ansible_facts.packages and not "openshift-kubelet" in ansible_facts.packages
    and "ostree" in ansible_proc_cmdline ) and not ( ansible_virtualization_type in
    ["docker", "lxc", "openvz", "podman", "container"] ) )
  - mount_info is defined and "nosuid" not in mount_info.options
  tags:
  - CCE-91235-2
  - NIST-800-53-AC-6
  - NIST-800-53-AC-6(1)
  - NIST-800-53-CM-6(a)
  - NIST-800-53-CM-7(a)
  - NIST-800-53-CM-7(b)
  - NIST-800-53-MP-7
  - configure_strategy
  - high_disruption
  - low_complexity
  - medium_severity
  - mount_option_boot_nosuid
  - no_reboot_needed

- name: 'Add nosuid Option to /boot: Ensure /boot is mounted with nosuid option'
  mount:
    path: /boot
    src: '{{ mount_info.source }}'
    opts: '{{ mount_info.options }}'
    state: mounted
    fstype: '{{ mount_info.fstype }}'
  when:
  - ( not ( "kernel" in ansible_facts.packages and "rpm-ostree" in ansible_facts.packages
    and "bootc" in ansible_facts.packages and not "openshift-kubelet" in ansible_facts.packages
    and "ostree" in ansible_proc_cmdline ) and not ( ansible_virtualization_type in
    ["docker", "lxc", "openvz", "podman", "container"] ) )
  - mount_info is defined
  - (device_name.stdout is defined and (device_name.stdout | length &gt; 0)) or ("--fstab"
    | length == 0)
  tags:
  - CCE-91235-2
  - NIST-800-53-AC-6
  - NIST-800-53-AC-6(1)
  - NIST-800-53-CM-6(a)
  - NIST-800-53-CM-7(a)
  - NIST-800-53-CM-7(b)
  - NIST-800-53-MP-7
  - configure_strategy
  - high_disruption
  - low_complexity
  - medium_severity
  - mount_option_boot_nosuid
  - no_reboot_needed
</fix>
          <check system="http://oval.mitre.org/XMLSchema/oval-definitions-5">
            <check-content-ref name="oval:ssg-mount_option_boot_nosuid:def:1" href="ssg-sle15-oval.xml"/>
          </check>
          <check system="http://scap.nist.gov/schema/ocil/2">
            <check-content-ref name="ocil:ssg-mount_option_boot_nosuid_ocil:questionnaire:1" href="ssg-sle15-ocil.xml"/>
          </check>
        </Rule>
        <Rule id="xccdf_org.ssgproject.content_rule_mount_option_dev_shm_nodev" selected="false" role="full" severity="medium">
          <title xmlns:xhtml="http://www.w3.org/1999/xhtml" xml:lang="en-US">Add nodev Option to /dev/shm</title>
          <description xmlns:xhtml="http://www.w3.org/1999/xhtml" xml:lang="en-US">The <html:code xmlns:html="http://www.w3.org/1999/xhtml">nodev</html:code> mount option can be used to prevent creation of device
files in <html:code xmlns:html="http://www.w3.org/1999/xhtml">/dev/shm</html:code>. Legitimate character and block devices should
not exist within temporary directories like <html:code xmlns:html="http://www.w3.org/1999/xhtml">/dev/shm</html:code>.
Add the <html:code xmlns:html="http://www.w3.org/1999/xhtml">nodev</html:code> option to the fourth column of
<html:code xmlns:html="http://www.w3.org/1999/xhtml">/etc/fstab</html:code> for the line which controls mounting of
<html:code xmlns:html="http://www.w3.org/1999/xhtml">/dev/shm</html:code>.</description>
          <reference href="https://www.cisecurity.org/controls/">11</reference>
          <reference href="https://www.cisecurity.org/controls/">13</reference>
          <reference href="https://www.cisecurity.org/controls/">14</reference>
          <reference href="https://www.cisecurity.org/controls/">3</reference>
          <reference href="https://www.cisecurity.org/controls/">8</reference>
          <reference href="https://www.cisecurity.org/controls/">9</reference>
          <reference href="https://www.isaca.org/resources/cobit">APO13.01</reference>
          <reference href="https://www.isaca.org/resources/cobit">BAI10.01</reference>
          <reference href="https://www.isaca.org/resources/cobit">BAI10.02</reference>
          <reference href="https://www.isaca.org/resources/cobit">BAI10.03</reference>
          <reference href="https://www.isaca.org/resources/cobit">BAI10.05</reference>
          <reference href="https://www.isaca.org/resources/cobit">DSS05.02</reference>
          <reference href="https://www.isaca.org/resources/cobit">DSS05.05</reference>
          <reference href="https://www.isaca.org/resources/cobit">DSS05.06</reference>
          <reference href="https://www.isaca.org/resources/cobit">DSS06.06</reference>
          <reference href="https://www.isa.org/products/isa-62443-2-1-2009-security-for-industrial-automat">4.3.3.5.1</reference>
          <reference href="https://www.isa.org/products/isa-62443-2-1-2009-security-for-industrial-automat">4.3.3.5.2</reference>
          <reference href="https://www.isa.org/products/isa-62443-2-1-2009-security-for-industrial-automat">4.3.3.5.3</reference>
          <reference href="https://www.isa.org/products/isa-62443-2-1-2009-security-for-industrial-automat">4.3.3.5.4</reference>
          <reference href="https://www.isa.org/products/isa-62443-2-1-2009-security-for-industrial-automat">4.3.3.5.5</reference>
          <reference href="https://www.isa.org/products/isa-62443-2-1-2009-security-for-industrial-automat">4.3.3.5.6</reference>
          <reference href="https://www.isa.org/products/isa-62443-2-1-2009-security-for-industrial-automat">4.3.3.5.7</reference>
          <reference href="https://www.isa.org/products/isa-62443-2-1-2009-security-for-industrial-automat">4.3.3.5.8</reference>
          <reference href="https://www.isa.org/products/isa-62443-2-1-2009-security-for-industrial-automat">4.3.3.6.1</reference>
          <reference href="https://www.isa.org/products/isa-62443-2-1-2009-security-for-industrial-automat">4.3.3.6.2</reference>
          <reference href="https://www.isa.org/products/isa-62443-2-1-2009-security-for-industrial-automat">4.3.3.6.3</reference>
          <reference href="https://www.isa.org/products/isa-62443-2-1-2009-security-for-industrial-automat">4.3.3.6.4</reference>
          <reference href="https://www.isa.org/products/isa-62443-2-1-2009-security-for-industrial-automat">4.3.3.6.5</reference>
          <reference href="https://www.isa.org/products/isa-62443-2-1-2009-security-for-industrial-automat">4.3.3.6.6</reference>
          <reference href="https://www.isa.org/products/isa-62443-2-1-2009-security-for-industrial-automat">4.3.3.6.7</reference>
          <reference href="https://www.isa.org/products/isa-62443-2-1-2009-security-for-industrial-automat">4.3.3.6.8</reference>
          <reference href="https://www.isa.org/products/isa-62443-2-1-2009-security-for-industrial-automat">4.3.3.6.9</reference>
          <reference href="https://www.isa.org/products/isa-62443-2-1-2009-security-for-industrial-automat">4.3.3.7.1</reference>
          <reference href="https://www.isa.org/products/isa-62443-2-1-2009-security-for-industrial-automat">4.3.3.7.2</reference>
          <reference href="https://www.isa.org/products/isa-62443-2-1-2009-security-for-industrial-automat">4.3.3.7.3</reference>
          <reference href="https://www.isa.org/products/isa-62443-2-1-2009-security-for-industrial-automat">4.3.3.7.4</reference>
          <reference href="https://www.isa.org/products/isa-62443-2-1-2009-security-for-industrial-automat">4.3.4.3.2</reference>
          <reference href="https://www.isa.org/products/isa-62443-2-1-2009-security-for-industrial-automat">4.3.4.3.3</reference>
          <reference href="https://www.isa.org/products/ansi-isa-62443-3-3-99-03-03-2013-security-for-indu">SR 1.1</reference>
          <reference href="https://www.isa.org/products/ansi-isa-62443-3-3-99-03-03-2013-security-for-indu">SR 1.10</reference>
          <reference href="https://www.isa.org/products/ansi-isa-62443-3-3-99-03-03-2013-security-for-indu">SR 1.11</reference>
          <reference href="https://www.isa.org/products/ansi-isa-62443-3-3-99-03-03-2013-security-for-indu">SR 1.12</reference>
          <reference href="https://www.isa.org/products/ansi-isa-62443-3-3-99-03-03-2013-security-for-indu">SR 1.13</reference>
          <reference href="https://www.isa.org/products/ansi-isa-62443-3-3-99-03-03-2013-security-for-indu">SR 1.2</reference>
          <reference href="https://www.isa.org/products/ansi-isa-62443-3-3-99-03-03-2013-security-for-indu">SR 1.3</reference>
          <reference href="https://www.isa.org/products/ansi-isa-62443-3-3-99-03-03-2013-security-for-indu">SR 1.4</reference>
          <reference href="https://www.isa.org/products/ansi-isa-62443-3-3-99-03-03-2013-security-for-indu">SR 1.5</reference>
          <reference href="https://www.isa.org/products/ansi-isa-62443-3-3-99-03-03-2013-security-for-indu">SR 1.6</reference>
          <reference href="https://www.isa.org/products/ansi-isa-62443-3-3-99-03-03-2013-security-for-indu">SR 1.7</reference>
          <reference href="https://www.isa.org/products/ansi-isa-62443-3-3-99-03-03-2013-security-for-indu">SR 1.8</reference>
          <reference href="https://www.isa.org/products/ansi-isa-62443-3-3-99-03-03-2013-security-for-indu">SR 1.9</reference>
          <reference href="https://www.isa.org/products/ansi-isa-62443-3-3-99-03-03-2013-security-for-indu">SR 2.1</reference>
          <reference href="https://www.isa.org/products/ansi-isa-62443-3-3-99-03-03-2013-security-for-indu">SR 2.2</reference>
          <reference href="https://www.isa.org/products/ansi-isa-62443-3-3-99-03-03-2013-security-for-indu">SR 2.3</reference>
          <reference href="https://www.isa.org/products/ansi-isa-62443-3-3-99-03-03-2013-security-for-indu">SR 2.4</reference>
          <reference href="https://www.isa.org/products/ansi-isa-62443-3-3-99-03-03-2013-security-for-indu">SR 2.5</reference>
          <reference href="https://www.isa.org/products/ansi-isa-62443-3-3-99-03-03-2013-security-for-indu">SR 2.6</reference>
          <reference href="https://www.isa.org/products/ansi-isa-62443-3-3-99-03-03-2013-security-for-indu">SR 2.7</reference>
          <reference href="https://www.isa.org/products/ansi-isa-62443-3-3-99-03-03-2013-security-for-indu">SR 7.6</reference>
          <reference href="https://www.iso.org/contents/data/standard/05/45/54534.html">A.11.2.9</reference>
          <reference href="https://www.iso.org/contents/data/standard/05/45/54534.html">A.12.1.2</reference>
          <reference href="https://www.iso.org/contents/data/standard/05/45/54534.html">A.12.5.1</reference>
          <reference href="https://www.iso.org/contents/data/standard/05/45/54534.html">A.12.6.2</reference>
          <reference href="https://www.iso.org/contents/data/standard/05/45/54534.html">A.14.2.2</reference>
          <reference href="https://www.iso.org/contents/data/standard/05/45/54534.html">A.14.2.3</reference>
          <reference href="https://www.iso.org/contents/data/standard/05/45/54534.html">A.14.2.4</reference>
          <reference href="https://www.iso.org/contents/data/standard/05/45/54534.html">A.8.2.1</reference>
          <reference href="https://www.iso.org/contents/data/standard/05/45/54534.html">A.8.2.2</reference>
          <reference href="https://www.iso.org/contents/data/standard/05/45/54534.html">A.8.2.3</reference>
          <reference href="https://www.iso.org/contents/data/standard/05/45/54534.html">A.8.3.1</reference>
          <reference href="https://www.iso.org/contents/data/standard/05/45/54534.html">A.8.3.3</reference>
          <reference href="https://www.iso.org/contents/data/standard/05/45/54534.html">A.9.1.2</reference>
          <reference href="https://www.nerc.com/standards/reliability-standards/cip">CIP-003-8 R5.1.1</reference>
          <reference href="https://www.nerc.com/standards/reliability-standards/cip">CIP-003-8 R5.3</reference>
          <reference href="https://www.nerc.com/standards/reliability-standards/cip">CIP-004-6 R2.3</reference>
          <reference href="https://www.nerc.com/standards/reliability-standards/cip">CIP-007-3 R2.1</reference>
          <reference href="https://www.nerc.com/standards/reliability-standards/cip">CIP-007-3 R2.2</reference>
          <reference href="https://www.nerc.com/standards/reliability-standards/cip">CIP-007-3 R2.3</reference>
          <reference href="https://www.nerc.com/standards/reliability-standards/cip">CIP-007-3 R5.1</reference>
          <reference href="https://www.nerc.com/standards/reliability-standards/cip">CIP-007-3 R5.1.1</reference>
          <reference href="https://www.nerc.com/standards/reliability-standards/cip">CIP-007-3 R5.1.2</reference>
          <reference href="http://nvlpubs.nist.gov/nistpubs/SpecialPublications/NIST.SP.800-53r4.pdf">CM-7(a)</reference>
          <reference href="http://nvlpubs.nist.gov/nistpubs/SpecialPublications/NIST.SP.800-53r4.pdf">CM-7(b)</reference>
          <reference href="http://nvlpubs.nist.gov/nistpubs/SpecialPublications/NIST.SP.800-53r4.pdf">CM-6(a)</reference>
          <reference href="http://nvlpubs.nist.gov/nistpubs/SpecialPublications/NIST.SP.800-53r4.pdf">AC-6</reference>
          <reference href="http://nvlpubs.nist.gov/nistpubs/SpecialPublications/NIST.SP.800-53r4.pdf">AC-6(1)</reference>
          <reference href="http://nvlpubs.nist.gov/nistpubs/SpecialPublications/NIST.SP.800-53r4.pdf">MP-7</reference>
          <reference href="https://nvlpubs.nist.gov/nistpubs/CSWP/NIST.CSWP.04162018.pdf">PR.IP-1</reference>
          <reference href="https://nvlpubs.nist.gov/nistpubs/CSWP/NIST.CSWP.04162018.pdf">PR.PT-2</reference>
          <reference href="https://nvlpubs.nist.gov/nistpubs/CSWP/NIST.CSWP.04162018.pdf">PR.PT-3</reference>
          <reference href="https://www.cyber.mil/stigs/downloads/?_dl_facet_stigs=operating-systems%2Cgeneral-purpose-os">SRG-OS-000368-GPOS-00154</reference>
          <reference href="https://www.cisecurity.org/benchmark/suse_linux/">1.1.8</reference>
          <reference href="not_publicly_available">SLES-15-150150225</reference>
          <reference href="https://www.cyber.gov.au/acsc/view-all-content/ism">1409</reference>
          <rationale xmlns:xhtml="http://www.w3.org/1999/xhtml" xml:lang="en-US">The only legitimate location for device files is the <html:code xmlns:html="http://www.w3.org/1999/xhtml">/dev</html:code> directory
located on the root partition. The only exception to this is chroot jails.</rationale>
          <ident system="https://ncp.nist.gov/cce">CCE-92457-1</ident>
          <fix xmlns:xhtml="http://www.w3.org/1999/xhtml" id="mount_option_dev_shm_nodev" system="urn:xccdf:fix:script:sh"># Remediation is applicable only in certain platforms
if ( ! ( { rpm --quiet -q kernel ;} &amp;&amp; { rpm --quiet -q rpm-ostree ;} &amp;&amp; { rpm --quiet -q bootc ;} &amp;&amp; { ! rpm --quiet -q openshift-kubelet ;} &amp;&amp; ([ -f /run/ostree-booted ] || [ -L /ostree ]) ) &amp;&amp; ! ( [ -f /.dockerenv ] || [ -f /run/.containerenv ] ) ); then

function perform_remediation {
    


    mount_point_match_regexp="$(printf "^[[:space:]]*[^#].*[[:space:]]%s[[:space:]]" /dev/shm)"

    # If the mount point is not in /etc/fstab, get previous mount options from /etc/mtab
    if ! grep -q "$mount_point_match_regexp" /etc/fstab; then
        # runtime opts without some automatic kernel/userspace-added defaults
        previous_mount_opts=$(grep "$mount_point_match_regexp" /etc/mtab | head -1 |  awk '{print $4}' \
                    | sed -E "s/(rw|defaults|seclabel|nodev)(,|$)//g;s/,$//")
        [ "$previous_mount_opts" ] &amp;&amp; previous_mount_opts+=","
        # In iso9660 filesystems mtab could describe a "blocksize" value, this should be reflected in
        # fstab as "block".  The next variable is to satisfy shellcheck SC2050.
        fs_type="tmpfs"
        if [  "$fs_type" == "iso9660" ] ; then
            previous_mount_opts=$(sed 's/blocksize=/block=/' &lt;&lt;&lt; "$previous_mount_opts")
        fi
        echo "tmpfs /dev/shm tmpfs defaults,${previous_mount_opts}nodev 0 0" &gt;&gt; /etc/fstab
    # If the mount_opt option is not already in the mount point's /etc/fstab entry, add it
    elif ! grep "$mount_point_match_regexp" /etc/fstab | grep -q "nodev"; then
        previous_mount_opts=$(grep "$mount_point_match_regexp" /etc/fstab | awk '{print $4}')
        sed -i "s|\(${mount_point_match_regexp}.*${previous_mount_opts}\)|\1,nodev|" /etc/fstab
    fi


    if mkdir -p "/dev/shm"; then
        if mountpoint -q "/dev/shm"; then
            mount -o remount --target "/dev/shm"
        fi
    fi
}

perform_remediation

else
    &gt;&amp;2 echo 'Remediation is not applicable, nothing was done'
fi
</fix>
          <fix xmlns:xhtml="http://www.w3.org/1999/xhtml" id="mount_option_dev_shm_nodev" system="urn:xccdf:fix:script:ansible" complexity="low" disruption="high" strategy="configure">- name: Gather the package facts
  package_facts:
    manager: auto
  tags:
  - CCE-92457-1
  - NIST-800-53-AC-6
  - NIST-800-53-AC-6(1)
  - NIST-800-53-CM-6(a)
  - NIST-800-53-CM-7(a)
  - NIST-800-53-CM-7(b)
  - NIST-800-53-MP-7
  - configure_strategy
  - high_disruption
  - low_complexity
  - medium_severity
  - mount_option_dev_shm_nodev
  - no_reboot_needed

- name: 'Add nodev Option to /dev/shm: Check information associated to mountpoint'
  command: findmnt  '/dev/shm'
  register: device_name
  failed_when: device_name.rc &gt; 1
  changed_when: false
  check_mode: false
  when: ( not ( "kernel" in ansible_facts.packages and "rpm-ostree" in ansible_facts.packages
    and "bootc" in ansible_facts.packages and not "openshift-kubelet" in ansible_facts.packages
    and "ostree" in ansible_proc_cmdline ) and not ( ansible_virtualization_type in
    ["docker", "lxc", "openvz", "podman", "container"] ) )
  tags:
  - CCE-92457-1
  - NIST-800-53-AC-6
  - NIST-800-53-AC-6(1)
  - NIST-800-53-CM-6(a)
  - NIST-800-53-CM-7(a)
  - NIST-800-53-CM-7(b)
  - NIST-800-53-MP-7
  - configure_strategy
  - high_disruption
  - low_complexity
  - medium_severity
  - mount_option_dev_shm_nodev
  - no_reboot_needed

- name: 'Add nodev Option to /dev/shm: Create mount_info dictionary variable'
  set_fact:
    mount_info: '{{ mount_info|default({})|combine({item.0: item.1}) }}'
  with_together:
  - '{{ device_name.stdout_lines[0].split() | list | lower }}'
  - '{{ device_name.stdout_lines[1].split() | list }}'
  when:
  - ( not ( "kernel" in ansible_facts.packages and "rpm-ostree" in ansible_facts.packages
    and "bootc" in ansible_facts.packages and not "openshift-kubelet" in ansible_facts.packages
    and "ostree" in ansible_proc_cmdline ) and not ( ansible_virtualization_type in
    ["docker", "lxc", "openvz", "podman", "container"] ) )
  - device_name.stdout is defined and device_name.stdout_lines is defined
  - (device_name.stdout | length &gt; 0)
  tags:
  - CCE-92457-1
  - NIST-800-53-AC-6
  - NIST-800-53-AC-6(1)
  - NIST-800-53-CM-6(a)
  - NIST-800-53-CM-7(a)
  - NIST-800-53-CM-7(b)
  - NIST-800-53-MP-7
  - configure_strategy
  - high_disruption
  - low_complexity
  - medium_severity
  - mount_option_dev_shm_nodev
  - no_reboot_needed

- name: 'Add nodev Option to /dev/shm: If /dev/shm not mounted, craft mount_info manually'
  set_fact:
    mount_info: '{{ mount_info|default({})|combine({item.0: item.1}) }}'
  with_together:
  - - target
    - source
    - fstype
    - options
  - - /dev/shm
    - tmpfs
    - tmpfs
    - defaults
  when:
  - ( not ( "kernel" in ansible_facts.packages and "rpm-ostree" in ansible_facts.packages
    and "bootc" in ansible_facts.packages and not "openshift-kubelet" in ansible_facts.packages
    and "ostree" in ansible_proc_cmdline ) and not ( ansible_virtualization_type in
    ["docker", "lxc", "openvz", "podman", "container"] ) )
  - ("" | length == 0)
  - device_name.stdout is defined and device_name.stdout_lines is defined
  - (device_name.stdout | length == 0)
  tags:
  - CCE-92457-1
  - NIST-800-53-AC-6
  - NIST-800-53-AC-6(1)
  - NIST-800-53-CM-6(a)
  - NIST-800-53-CM-7(a)
  - NIST-800-53-CM-7(b)
  - NIST-800-53-MP-7
  - configure_strategy
  - high_disruption
  - low_complexity
  - medium_severity
  - mount_option_dev_shm_nodev
  - no_reboot_needed

- name: 'Add nodev Option to /dev/shm: Make sure nodev option is part of the to /dev/shm
    options'
  set_fact:
    mount_info: '{{ mount_info | combine( {''options'':''''~mount_info.options~'',nodev''
      }) }}'
  when:
  - ( not ( "kernel" in ansible_facts.packages and "rpm-ostree" in ansible_facts.packages
    and "bootc" in ansible_facts.packages and not "openshift-kubelet" in ansible_facts.packages
    and "ostree" in ansible_proc_cmdline ) and not ( ansible_virtualization_type in
    ["docker", "lxc", "openvz", "podman", "container"] ) )
  - mount_info is defined and "nodev" not in mount_info.options
  tags:
  - CCE-92457-1
  - NIST-800-53-AC-6
  - NIST-800-53-AC-6(1)
  - NIST-800-53-CM-6(a)
  - NIST-800-53-CM-7(a)
  - NIST-800-53-CM-7(b)
  - NIST-800-53-MP-7
  - configure_strategy
  - high_disruption
  - low_complexity
  - medium_severity
  - mount_option_dev_shm_nodev
  - no_reboot_needed

- name: 'Add nodev Option to /dev/shm: Ensure /dev/shm is mounted with nodev option'
  mount:
    path: /dev/shm
    src: '{{ mount_info.source }}'
    opts: '{{ mount_info.options }}'
    state: mounted
    fstype: '{{ mount_info.fstype }}'
  when:
  - ( not ( "kernel" in ansible_facts.packages and "rpm-ostree" in ansible_facts.packages
    and "bootc" in ansible_facts.packages and not "openshift-kubelet" in ansible_facts.packages
    and "ostree" in ansible_proc_cmdline ) and not ( ansible_virtualization_type in
    ["docker", "lxc", "openvz", "podman", "container"] ) )
  - mount_info is defined
  - (device_name.stdout is defined and (device_name.stdout | length &gt; 0)) or ("" |
    length == 0)
  tags:
  - CCE-92457-1
  - NIST-800-53-AC-6
  - NIST-800-53-AC-6(1)
  - NIST-800-53-CM-6(a)
  - NIST-800-53-CM-7(a)
  - NIST-800-53-CM-7(b)
  - NIST-800-53-MP-7
  - configure_strategy
  - high_disruption
  - low_complexity
  - medium_severity
  - mount_option_dev_shm_nodev
  - no_reboot_needed
</fix>
          <check system="http://oval.mitre.org/XMLSchema/oval-definitions-5">
            <check-content-ref name="oval:ssg-mount_option_dev_shm_nodev:def:1" href="ssg-sle15-oval.xml"/>
          </check>
          <check system="http://scap.nist.gov/schema/ocil/2">
            <check-content-ref name="ocil:ssg-mount_option_dev_shm_nodev_ocil:questionnaire:1" href="ssg-sle15-ocil.xml"/>
          </check>
        </Rule>
        <Rule id="xccdf_org.ssgproject.content_rule_mount_option_dev_shm_noexec" selected="false" role="full" severity="medium">
          <title xmlns:xhtml="http://www.w3.org/1999/xhtml" xml:lang="en-US">Add noexec Option to /dev/shm</title>
          <description xmlns:xhtml="http://www.w3.org/1999/xhtml" xml:lang="en-US">The <html:code xmlns:html="http://www.w3.org/1999/xhtml">noexec</html:code> mount option can be used to prevent binaries
from being executed out of <html:code xmlns:html="http://www.w3.org/1999/xhtml">/dev/shm</html:code>.
It can be dangerous to allow the execution of binaries
from world-writable temporary storage directories such as <html:code xmlns:html="http://www.w3.org/1999/xhtml">/dev/shm</html:code>.
Add the <html:code xmlns:html="http://www.w3.org/1999/xhtml">noexec</html:code> option to the fourth column of
<html:code xmlns:html="http://www.w3.org/1999/xhtml">/etc/fstab</html:code> for the line which controls mounting of
<html:code xmlns:html="http://www.w3.org/1999/xhtml">/dev/shm</html:code>.</description>
          <reference href="https://www.cisecurity.org/controls/">11</reference>
          <reference href="https://www.cisecurity.org/controls/">13</reference>
          <reference href="https://www.cisecurity.org/controls/">14</reference>
          <reference href="https://www.cisecurity.org/controls/">3</reference>
          <reference href="https://www.cisecurity.org/controls/">8</reference>
          <reference href="https://www.cisecurity.org/controls/">9</reference>
          <reference href="https://www.isaca.org/resources/cobit">APO13.01</reference>
          <reference href="https://www.isaca.org/resources/cobit">BAI10.01</reference>
          <reference href="https://www.isaca.org/resources/cobit">BAI10.02</reference>
          <reference href="https://www.isaca.org/resources/cobit">BAI10.03</reference>
          <reference href="https://www.isaca.org/resources/cobit">BAI10.05</reference>
          <reference href="https://www.isaca.org/resources/cobit">DSS05.02</reference>
          <reference href="https://www.isaca.org/resources/cobit">DSS05.05</reference>
          <reference href="https://www.isaca.org/resources/cobit">DSS05.06</reference>
          <reference href="https://www.isaca.org/resources/cobit">DSS06.06</reference>
          <reference href="https://www.isa.org/products/isa-62443-2-1-2009-security-for-industrial-automat">4.3.3.5.1</reference>
          <reference href="https://www.isa.org/products/isa-62443-2-1-2009-security-for-industrial-automat">4.3.3.5.2</reference>
          <reference href="https://www.isa.org/products/isa-62443-2-1-2009-security-for-industrial-automat">4.3.3.5.3</reference>
          <reference href="https://www.isa.org/products/isa-62443-2-1-2009-security-for-industrial-automat">4.3.3.5.4</reference>
          <reference href="https://www.isa.org/products/isa-62443-2-1-2009-security-for-industrial-automat">4.3.3.5.5</reference>
          <reference href="https://www.isa.org/products/isa-62443-2-1-2009-security-for-industrial-automat">4.3.3.5.6</reference>
          <reference href="https://www.isa.org/products/isa-62443-2-1-2009-security-for-industrial-automat">4.3.3.5.7</reference>
          <reference href="https://www.isa.org/products/isa-62443-2-1-2009-security-for-industrial-automat">4.3.3.5.8</reference>
          <reference href="https://www.isa.org/products/isa-62443-2-1-2009-security-for-industrial-automat">4.3.3.6.1</reference>
          <reference href="https://www.isa.org/products/isa-62443-2-1-2009-security-for-industrial-automat">4.3.3.6.2</reference>
          <reference href="https://www.isa.org/products/isa-62443-2-1-2009-security-for-industrial-automat">4.3.3.6.3</reference>
          <reference href="https://www.isa.org/products/isa-62443-2-1-2009-security-for-industrial-automat">4.3.3.6.4</reference>
          <reference href="https://www.isa.org/products/isa-62443-2-1-2009-security-for-industrial-automat">4.3.3.6.5</reference>
          <reference href="https://www.isa.org/products/isa-62443-2-1-2009-security-for-industrial-automat">4.3.3.6.6</reference>
          <reference href="https://www.isa.org/products/isa-62443-2-1-2009-security-for-industrial-automat">4.3.3.6.7</reference>
          <reference href="https://www.isa.org/products/isa-62443-2-1-2009-security-for-industrial-automat">4.3.3.6.8</reference>
          <reference href="https://www.isa.org/products/isa-62443-2-1-2009-security-for-industrial-automat">4.3.3.6.9</reference>
          <reference href="https://www.isa.org/products/isa-62443-2-1-2009-security-for-industrial-automat">4.3.3.7.1</reference>
          <reference href="https://www.isa.org/products/isa-62443-2-1-2009-security-for-industrial-automat">4.3.3.7.2</reference>
          <reference href="https://www.isa.org/products/isa-62443-2-1-2009-security-for-industrial-automat">4.3.3.7.3</reference>
          <reference href="https://www.isa.org/products/isa-62443-2-1-2009-security-for-industrial-automat">4.3.3.7.4</reference>
          <reference href="https://www.isa.org/products/isa-62443-2-1-2009-security-for-industrial-automat">4.3.4.3.2</reference>
          <reference href="https://www.isa.org/products/isa-62443-2-1-2009-security-for-industrial-automat">4.3.4.3.3</reference>
          <reference href="https://www.isa.org/products/ansi-isa-62443-3-3-99-03-03-2013-security-for-indu">SR 1.1</reference>
          <reference href="https://www.isa.org/products/ansi-isa-62443-3-3-99-03-03-2013-security-for-indu">SR 1.10</reference>
          <reference href="https://www.isa.org/products/ansi-isa-62443-3-3-99-03-03-2013-security-for-indu">SR 1.11</reference>
          <reference href="https://www.isa.org/products/ansi-isa-62443-3-3-99-03-03-2013-security-for-indu">SR 1.12</reference>
          <reference href="https://www.isa.org/products/ansi-isa-62443-3-3-99-03-03-2013-security-for-indu">SR 1.13</reference>
          <reference href="https://www.isa.org/products/ansi-isa-62443-3-3-99-03-03-2013-security-for-indu">SR 1.2</reference>
          <reference href="https://www.isa.org/products/ansi-isa-62443-3-3-99-03-03-2013-security-for-indu">SR 1.3</reference>
          <reference href="https://www.isa.org/products/ansi-isa-62443-3-3-99-03-03-2013-security-for-indu">SR 1.4</reference>
          <reference href="https://www.isa.org/products/ansi-isa-62443-3-3-99-03-03-2013-security-for-indu">SR 1.5</reference>
          <reference href="https://www.isa.org/products/ansi-isa-62443-3-3-99-03-03-2013-security-for-indu">SR 1.6</reference>
          <reference href="https://www.isa.org/products/ansi-isa-62443-3-3-99-03-03-2013-security-for-indu">SR 1.7</reference>
          <reference href="https://www.isa.org/products/ansi-isa-62443-3-3-99-03-03-2013-security-for-indu">SR 1.8</reference>
          <reference href="https://www.isa.org/products/ansi-isa-62443-3-3-99-03-03-2013-security-for-indu">SR 1.9</reference>
          <reference href="https://www.isa.org/products/ansi-isa-62443-3-3-99-03-03-2013-security-for-indu">SR 2.1</reference>
          <reference href="https://www.isa.org/products/ansi-isa-62443-3-3-99-03-03-2013-security-for-indu">SR 2.2</reference>
          <reference href="https://www.isa.org/products/ansi-isa-62443-3-3-99-03-03-2013-security-for-indu">SR 2.3</reference>
          <reference href="https://www.isa.org/products/ansi-isa-62443-3-3-99-03-03-2013-security-for-indu">SR 2.4</reference>
          <reference href="https://www.isa.org/products/ansi-isa-62443-3-3-99-03-03-2013-security-for-indu">SR 2.5</reference>
          <reference href="https://www.isa.org/products/ansi-isa-62443-3-3-99-03-03-2013-security-for-indu">SR 2.6</reference>
          <reference href="https://www.isa.org/products/ansi-isa-62443-3-3-99-03-03-2013-security-for-indu">SR 2.7</reference>
          <reference href="https://www.isa.org/products/ansi-isa-62443-3-3-99-03-03-2013-security-for-indu">SR 7.6</reference>
          <reference href="https://www.iso.org/contents/data/standard/05/45/54534.html">A.11.2.9</reference>
          <reference href="https://www.iso.org/contents/data/standard/05/45/54534.html">A.12.1.2</reference>
          <reference href="https://www.iso.org/contents/data/standard/05/45/54534.html">A.12.5.1</reference>
          <reference href="https://www.iso.org/contents/data/standard/05/45/54534.html">A.12.6.2</reference>
          <reference href="https://www.iso.org/contents/data/standard/05/45/54534.html">A.14.2.2</reference>
          <reference href="https://www.iso.org/contents/data/standard/05/45/54534.html">A.14.2.3</reference>
          <reference href="https://www.iso.org/contents/data/standard/05/45/54534.html">A.14.2.4</reference>
          <reference href="https://www.iso.org/contents/data/standard/05/45/54534.html">A.8.2.1</reference>
          <reference href="https://www.iso.org/contents/data/standard/05/45/54534.html">A.8.2.2</reference>
          <reference href="https://www.iso.org/contents/data/standard/05/45/54534.html">A.8.2.3</reference>
          <reference href="https://www.iso.org/contents/data/standard/05/45/54534.html">A.8.3.1</reference>
          <reference href="https://www.iso.org/contents/data/standard/05/45/54534.html">A.8.3.3</reference>
          <reference href="https://www.iso.org/contents/data/standard/05/45/54534.html">A.9.1.2</reference>
          <reference href="https://www.nerc.com/standards/reliability-standards/cip">CIP-003-8 R5.1.1</reference>
          <reference href="https://www.nerc.com/standards/reliability-standards/cip">CIP-003-8 R5.3</reference>
          <reference href="https://www.nerc.com/standards/reliability-standards/cip">CIP-004-6 R2.3</reference>
          <reference href="https://www.nerc.com/standards/reliability-standards/cip">CIP-007-3 R2.1</reference>
          <reference href="https://www.nerc.com/standards/reliability-standards/cip">CIP-007-3 R2.2</reference>
          <reference href="https://www.nerc.com/standards/reliability-standards/cip">CIP-007-3 R2.3</reference>
          <reference href="https://www.nerc.com/standards/reliability-standards/cip">CIP-007-3 R5.1</reference>
          <reference href="https://www.nerc.com/standards/reliability-standards/cip">CIP-007-3 R5.1.1</reference>
          <reference href="https://www.nerc.com/standards/reliability-standards/cip">CIP-007-3 R5.1.2</reference>
          <reference href="http://nvlpubs.nist.gov/nistpubs/SpecialPublications/NIST.SP.800-53r4.pdf">CM-7(a)</reference>
          <reference href="http://nvlpubs.nist.gov/nistpubs/SpecialPublications/NIST.SP.800-53r4.pdf">CM-7(b)</reference>
          <reference href="http://nvlpubs.nist.gov/nistpubs/SpecialPublications/NIST.SP.800-53r4.pdf">CM-6(a)</reference>
          <reference href="http://nvlpubs.nist.gov/nistpubs/SpecialPublications/NIST.SP.800-53r4.pdf">AC-6</reference>
          <reference href="http://nvlpubs.nist.gov/nistpubs/SpecialPublications/NIST.SP.800-53r4.pdf">AC-6(1)</reference>
          <reference href="http://nvlpubs.nist.gov/nistpubs/SpecialPublications/NIST.SP.800-53r4.pdf">MP-7</reference>
          <reference href="https://nvlpubs.nist.gov/nistpubs/CSWP/NIST.CSWP.04162018.pdf">PR.IP-1</reference>
          <reference href="https://nvlpubs.nist.gov/nistpubs/CSWP/NIST.CSWP.04162018.pdf">PR.PT-2</reference>
          <reference href="https://nvlpubs.nist.gov/nistpubs/CSWP/NIST.CSWP.04162018.pdf">PR.PT-3</reference>
          <reference href="https://www.cyber.mil/stigs/downloads/?_dl_facet_stigs=operating-systems%2Cgeneral-purpose-os">SRG-OS-000368-GPOS-00154</reference>
          <reference href="https://www.cisecurity.org/benchmark/suse_linux/">1.1.7</reference>
          <reference href="not_publicly_available">SLES-15-150150255</reference>
          <reference href="https://www.cyber.gov.au/acsc/view-all-content/ism">1409</reference>
          <rationale xmlns:xhtml="http://www.w3.org/1999/xhtml" xml:lang="en-US">Allowing users to execute binaries from world-writable directories
such as <html:code xmlns:html="http://www.w3.org/1999/xhtml">/dev/shm</html:code> can expose the system to potential compromise.</rationale>
          <ident system="https://ncp.nist.gov/cce">CCE-92456-3</ident>
          <fix xmlns:xhtml="http://www.w3.org/1999/xhtml" id="mount_option_dev_shm_noexec" system="urn:xccdf:fix:script:sh"># Remediation is applicable only in certain platforms
if ( ! ( { rpm --quiet -q kernel ;} &amp;&amp; { rpm --quiet -q rpm-ostree ;} &amp;&amp; { rpm --quiet -q bootc ;} &amp;&amp; { ! rpm --quiet -q openshift-kubelet ;} &amp;&amp; ([ -f /run/ostree-booted ] || [ -L /ostree ]) ) &amp;&amp; ! ( [ -f /.dockerenv ] || [ -f /run/.containerenv ] ) ); then

function perform_remediation {
    


    mount_point_match_regexp="$(printf "^[[:space:]]*[^#].*[[:space:]]%s[[:space:]]" /dev/shm)"

    # If the mount point is not in /etc/fstab, get previous mount options from /etc/mtab
    if ! grep -q "$mount_point_match_regexp" /etc/fstab; then
        # runtime opts without some automatic kernel/userspace-added defaults
        previous_mount_opts=$(grep "$mount_point_match_regexp" /etc/mtab | head -1 |  awk '{print $4}' \
                    | sed -E "s/(rw|defaults|seclabel|noexec)(,|$)//g;s/,$//")
        [ "$previous_mount_opts" ] &amp;&amp; previous_mount_opts+=","
        # In iso9660 filesystems mtab could describe a "blocksize" value, this should be reflected in
        # fstab as "block".  The next variable is to satisfy shellcheck SC2050.
        fs_type="tmpfs"
        if [  "$fs_type" == "iso9660" ] ; then
            previous_mount_opts=$(sed 's/blocksize=/block=/' &lt;&lt;&lt; "$previous_mount_opts")
        fi
        echo "tmpfs /dev/shm tmpfs defaults,${previous_mount_opts}noexec 0 0" &gt;&gt; /etc/fstab
    # If the mount_opt option is not already in the mount point's /etc/fstab entry, add it
    elif ! grep "$mount_point_match_regexp" /etc/fstab | grep -q "noexec"; then
        previous_mount_opts=$(grep "$mount_point_match_regexp" /etc/fstab | awk '{print $4}')
        sed -i "s|\(${mount_point_match_regexp}.*${previous_mount_opts}\)|\1,noexec|" /etc/fstab
    fi


    if mkdir -p "/dev/shm"; then
        if mountpoint -q "/dev/shm"; then
            mount -o remount --target "/dev/shm"
        fi
    fi
}

perform_remediation

else
    &gt;&amp;2 echo 'Remediation is not applicable, nothing was done'
fi
</fix>
          <fix xmlns:xhtml="http://www.w3.org/1999/xhtml" id="mount_option_dev_shm_noexec" system="urn:xccdf:fix:script:ansible" complexity="low" disruption="high" strategy="configure">- name: Gather the package facts
  package_facts:
    manager: auto
  tags:
  - CCE-92456-3
  - NIST-800-53-AC-6
  - NIST-800-53-AC-6(1)
  - NIST-800-53-CM-6(a)
  - NIST-800-53-CM-7(a)
  - NIST-800-53-CM-7(b)
  - NIST-800-53-MP-7
  - configure_strategy
  - high_disruption
  - low_complexity
  - medium_severity
  - mount_option_dev_shm_noexec
  - no_reboot_needed

- name: 'Add noexec Option to /dev/shm: Check information associated to mountpoint'
  command: findmnt  '/dev/shm'
  register: device_name
  failed_when: device_name.rc &gt; 1
  changed_when: false
  check_mode: false
  when: ( not ( "kernel" in ansible_facts.packages and "rpm-ostree" in ansible_facts.packages
    and "bootc" in ansible_facts.packages and not "openshift-kubelet" in ansible_facts.packages
    and "ostree" in ansible_proc_cmdline ) and not ( ansible_virtualization_type in
    ["docker", "lxc", "openvz", "podman", "container"] ) )
  tags:
  - CCE-92456-3
  - NIST-800-53-AC-6
  - NIST-800-53-AC-6(1)
  - NIST-800-53-CM-6(a)
  - NIST-800-53-CM-7(a)
  - NIST-800-53-CM-7(b)
  - NIST-800-53-MP-7
  - configure_strategy
  - high_disruption
  - low_complexity
  - medium_severity
  - mount_option_dev_shm_noexec
  - no_reboot_needed

- name: 'Add noexec Option to /dev/shm: Create mount_info dictionary variable'
  set_fact:
    mount_info: '{{ mount_info|default({})|combine({item.0: item.1}) }}'
  with_together:
  - '{{ device_name.stdout_lines[0].split() | list | lower }}'
  - '{{ device_name.stdout_lines[1].split() | list }}'
  when:
  - ( not ( "kernel" in ansible_facts.packages and "rpm-ostree" in ansible_facts.packages
    and "bootc" in ansible_facts.packages and not "openshift-kubelet" in ansible_facts.packages
    and "ostree" in ansible_proc_cmdline ) and not ( ansible_virtualization_type in
    ["docker", "lxc", "openvz", "podman", "container"] ) )
  - device_name.stdout is defined and device_name.stdout_lines is defined
  - (device_name.stdout | length &gt; 0)
  tags:
  - CCE-92456-3
  - NIST-800-53-AC-6
  - NIST-800-53-AC-6(1)
  - NIST-800-53-CM-6(a)
  - NIST-800-53-CM-7(a)
  - NIST-800-53-CM-7(b)
  - NIST-800-53-MP-7
  - configure_strategy
  - high_disruption
  - low_complexity
  - medium_severity
  - mount_option_dev_shm_noexec
  - no_reboot_needed

- name: 'Add noexec Option to /dev/shm: If /dev/shm not mounted, craft mount_info
    manually'
  set_fact:
    mount_info: '{{ mount_info|default({})|combine({item.0: item.1}) }}'
  with_together:
  - - target
    - source
    - fstype
    - options
  - - /dev/shm
    - tmpfs
    - tmpfs
    - defaults
  when:
  - ( not ( "kernel" in ansible_facts.packages and "rpm-ostree" in ansible_facts.packages
    and "bootc" in ansible_facts.packages and not "openshift-kubelet" in ansible_facts.packages
    and "ostree" in ansible_proc_cmdline ) and not ( ansible_virtualization_type in
    ["docker", "lxc", "openvz", "podman", "container"] ) )
  - ("" | length == 0)
  - device_name.stdout is defined and device_name.stdout_lines is defined
  - (device_name.stdout | length == 0)
  tags:
  - CCE-92456-3
  - NIST-800-53-AC-6
  - NIST-800-53-AC-6(1)
  - NIST-800-53-CM-6(a)
  - NIST-800-53-CM-7(a)
  - NIST-800-53-CM-7(b)
  - NIST-800-53-MP-7
  - configure_strategy
  - high_disruption
  - low_complexity
  - medium_severity
  - mount_option_dev_shm_noexec
  - no_reboot_needed

- name: 'Add noexec Option to /dev/shm: Make sure noexec option is part of the to
    /dev/shm options'
  set_fact:
    mount_info: '{{ mount_info | combine( {''options'':''''~mount_info.options~'',noexec''
      }) }}'
  when:
  - ( not ( "kernel" in ansible_facts.packages and "rpm-ostree" in ansible_facts.packages
    and "bootc" in ansible_facts.packages and not "openshift-kubelet" in ansible_facts.packages
    and "ostree" in ansible_proc_cmdline ) and not ( ansible_virtualization_type in
    ["docker", "lxc", "openvz", "podman", "container"] ) )
  - mount_info is defined and "noexec" not in mount_info.options
  tags:
  - CCE-92456-3
  - NIST-800-53-AC-6
  - NIST-800-53-AC-6(1)
  - NIST-800-53-CM-6(a)
  - NIST-800-53-CM-7(a)
  - NIST-800-53-CM-7(b)
  - NIST-800-53-MP-7
  - configure_strategy
  - high_disruption
  - low_complexity
  - medium_severity
  - mount_option_dev_shm_noexec
  - no_reboot_needed

- name: 'Add noexec Option to /dev/shm: Ensure /dev/shm is mounted with noexec option'
  mount:
    path: /dev/shm
    src: '{{ mount_info.source }}'
    opts: '{{ mount_info.options }}'
    state: mounted
    fstype: '{{ mount_info.fstype }}'
  when:
  - ( not ( "kernel" in ansible_facts.packages and "rpm-ostree" in ansible_facts.packages
    and "bootc" in ansible_facts.packages and not "openshift-kubelet" in ansible_facts.packages
    and "ostree" in ansible_proc_cmdline ) and not ( ansible_virtualization_type in
    ["docker", "lxc", "openvz", "podman", "container"] ) )
  - mount_info is defined
  - (device_name.stdout is defined and (device_name.stdout | length &gt; 0)) or ("" |
    length == 0)
  tags:
  - CCE-92456-3
  - NIST-800-53-AC-6
  - NIST-800-53-AC-6(1)
  - NIST-800-53-CM-6(a)
  - NIST-800-53-CM-7(a)
  - NIST-800-53-CM-7(b)
  - NIST-800-53-MP-7
  - configure_strategy
  - high_disruption
  - low_complexity
  - medium_severity
  - mount_option_dev_shm_noexec
  - no_reboot_needed
</fix>
          <check system="http://oval.mitre.org/XMLSchema/oval-definitions-5">
            <check-content-ref name="oval:ssg-mount_option_dev_shm_noexec:def:1" href="ssg-sle15-oval.xml"/>
          </check>
          <check system="http://scap.nist.gov/schema/ocil/2">
            <check-content-ref name="ocil:ssg-mount_option_dev_shm_noexec_ocil:questionnaire:1" href="ssg-sle15-ocil.xml"/>
          </check>
        </Rule>
        <Rule id="xccdf_org.ssgproject.content_rule_mount_option_dev_shm_nosuid" selected="false" role="full" severity="medium">
          <title xmlns:xhtml="http://www.w3.org/1999/xhtml" xml:lang="en-US">Add nosuid Option to /dev/shm</title>
          <description xmlns:xhtml="http://www.w3.org/1999/xhtml" xml:lang="en-US">The <html:code xmlns:html="http://www.w3.org/1999/xhtml">nosuid</html:code> mount option can be used to prevent execution
of setuid programs in <html:code xmlns:html="http://www.w3.org/1999/xhtml">/dev/shm</html:code>.  The SUID and SGID permissions should not
be required in these world-writable directories.
Add the <html:code xmlns:html="http://www.w3.org/1999/xhtml">nosuid</html:code> option to the fourth column of
<html:code xmlns:html="http://www.w3.org/1999/xhtml">/etc/fstab</html:code> for the line which controls mounting of
<html:code xmlns:html="http://www.w3.org/1999/xhtml">/dev/shm</html:code>.</description>
          <reference href="https://www.cisecurity.org/controls/">11</reference>
          <reference href="https://www.cisecurity.org/controls/">13</reference>
          <reference href="https://www.cisecurity.org/controls/">14</reference>
          <reference href="https://www.cisecurity.org/controls/">3</reference>
          <reference href="https://www.cisecurity.org/controls/">8</reference>
          <reference href="https://www.cisecurity.org/controls/">9</reference>
          <reference href="https://www.isaca.org/resources/cobit">APO13.01</reference>
          <reference href="https://www.isaca.org/resources/cobit">BAI10.01</reference>
          <reference href="https://www.isaca.org/resources/cobit">BAI10.02</reference>
          <reference href="https://www.isaca.org/resources/cobit">BAI10.03</reference>
          <reference href="https://www.isaca.org/resources/cobit">BAI10.05</reference>
          <reference href="https://www.isaca.org/resources/cobit">DSS05.02</reference>
          <reference href="https://www.isaca.org/resources/cobit">DSS05.05</reference>
          <reference href="https://www.isaca.org/resources/cobit">DSS05.06</reference>
          <reference href="https://www.isaca.org/resources/cobit">DSS06.06</reference>
          <reference href="https://www.isa.org/products/isa-62443-2-1-2009-security-for-industrial-automat">4.3.3.5.1</reference>
          <reference href="https://www.isa.org/products/isa-62443-2-1-2009-security-for-industrial-automat">4.3.3.5.2</reference>
          <reference href="https://www.isa.org/products/isa-62443-2-1-2009-security-for-industrial-automat">4.3.3.5.3</reference>
          <reference href="https://www.isa.org/products/isa-62443-2-1-2009-security-for-industrial-automat">4.3.3.5.4</reference>
          <reference href="https://www.isa.org/products/isa-62443-2-1-2009-security-for-industrial-automat">4.3.3.5.5</reference>
          <reference href="https://www.isa.org/products/isa-62443-2-1-2009-security-for-industrial-automat">4.3.3.5.6</reference>
          <reference href="https://www.isa.org/products/isa-62443-2-1-2009-security-for-industrial-automat">4.3.3.5.7</reference>
          <reference href="https://www.isa.org/products/isa-62443-2-1-2009-security-for-industrial-automat">4.3.3.5.8</reference>
          <reference href="https://www.isa.org/products/isa-62443-2-1-2009-security-for-industrial-automat">4.3.3.6.1</reference>
          <reference href="https://www.isa.org/products/isa-62443-2-1-2009-security-for-industrial-automat">4.3.3.6.2</reference>
          <reference href="https://www.isa.org/products/isa-62443-2-1-2009-security-for-industrial-automat">4.3.3.6.3</reference>
          <reference href="https://www.isa.org/products/isa-62443-2-1-2009-security-for-industrial-automat">4.3.3.6.4</reference>
          <reference href="https://www.isa.org/products/isa-62443-2-1-2009-security-for-industrial-automat">4.3.3.6.5</reference>
          <reference href="https://www.isa.org/products/isa-62443-2-1-2009-security-for-industrial-automat">4.3.3.6.6</reference>
          <reference href="https://www.isa.org/products/isa-62443-2-1-2009-security-for-industrial-automat">4.3.3.6.7</reference>
          <reference href="https://www.isa.org/products/isa-62443-2-1-2009-security-for-industrial-automat">4.3.3.6.8</reference>
          <reference href="https://www.isa.org/products/isa-62443-2-1-2009-security-for-industrial-automat">4.3.3.6.9</reference>
          <reference href="https://www.isa.org/products/isa-62443-2-1-2009-security-for-industrial-automat">4.3.3.7.1</reference>
          <reference href="https://www.isa.org/products/isa-62443-2-1-2009-security-for-industrial-automat">4.3.3.7.2</reference>
          <reference href="https://www.isa.org/products/isa-62443-2-1-2009-security-for-industrial-automat">4.3.3.7.3</reference>
          <reference href="https://www.isa.org/products/isa-62443-2-1-2009-security-for-industrial-automat">4.3.3.7.4</reference>
          <reference href="https://www.isa.org/products/isa-62443-2-1-2009-security-for-industrial-automat">4.3.4.3.2</reference>
          <reference href="https://www.isa.org/products/isa-62443-2-1-2009-security-for-industrial-automat">4.3.4.3.3</reference>
          <reference href="https://www.isa.org/products/ansi-isa-62443-3-3-99-03-03-2013-security-for-indu">SR 1.1</reference>
          <reference href="https://www.isa.org/products/ansi-isa-62443-3-3-99-03-03-2013-security-for-indu">SR 1.10</reference>
          <reference href="https://www.isa.org/products/ansi-isa-62443-3-3-99-03-03-2013-security-for-indu">SR 1.11</reference>
          <reference href="https://www.isa.org/products/ansi-isa-62443-3-3-99-03-03-2013-security-for-indu">SR 1.12</reference>
          <reference href="https://www.isa.org/products/ansi-isa-62443-3-3-99-03-03-2013-security-for-indu">SR 1.13</reference>
          <reference href="https://www.isa.org/products/ansi-isa-62443-3-3-99-03-03-2013-security-for-indu">SR 1.2</reference>
          <reference href="https://www.isa.org/products/ansi-isa-62443-3-3-99-03-03-2013-security-for-indu">SR 1.3</reference>
          <reference href="https://www.isa.org/products/ansi-isa-62443-3-3-99-03-03-2013-security-for-indu">SR 1.4</reference>
          <reference href="https://www.isa.org/products/ansi-isa-62443-3-3-99-03-03-2013-security-for-indu">SR 1.5</reference>
          <reference href="https://www.isa.org/products/ansi-isa-62443-3-3-99-03-03-2013-security-for-indu">SR 1.6</reference>
          <reference href="https://www.isa.org/products/ansi-isa-62443-3-3-99-03-03-2013-security-for-indu">SR 1.7</reference>
          <reference href="https://www.isa.org/products/ansi-isa-62443-3-3-99-03-03-2013-security-for-indu">SR 1.8</reference>
          <reference href="https://www.isa.org/products/ansi-isa-62443-3-3-99-03-03-2013-security-for-indu">SR 1.9</reference>
          <reference href="https://www.isa.org/products/ansi-isa-62443-3-3-99-03-03-2013-security-for-indu">SR 2.1</reference>
          <reference href="https://www.isa.org/products/ansi-isa-62443-3-3-99-03-03-2013-security-for-indu">SR 2.2</reference>
          <reference href="https://www.isa.org/products/ansi-isa-62443-3-3-99-03-03-2013-security-for-indu">SR 2.3</reference>
          <reference href="https://www.isa.org/products/ansi-isa-62443-3-3-99-03-03-2013-security-for-indu">SR 2.4</reference>
          <reference href="https://www.isa.org/products/ansi-isa-62443-3-3-99-03-03-2013-security-for-indu">SR 2.5</reference>
          <reference href="https://www.isa.org/products/ansi-isa-62443-3-3-99-03-03-2013-security-for-indu">SR 2.6</reference>
          <reference href="https://www.isa.org/products/ansi-isa-62443-3-3-99-03-03-2013-security-for-indu">SR 2.7</reference>
          <reference href="https://www.isa.org/products/ansi-isa-62443-3-3-99-03-03-2013-security-for-indu">SR 7.6</reference>
          <reference href="https://www.iso.org/contents/data/standard/05/45/54534.html">A.11.2.9</reference>
          <reference href="https://www.iso.org/contents/data/standard/05/45/54534.html">A.12.1.2</reference>
          <reference href="https://www.iso.org/contents/data/standard/05/45/54534.html">A.12.5.1</reference>
          <reference href="https://www.iso.org/contents/data/standard/05/45/54534.html">A.12.6.2</reference>
          <reference href="https://www.iso.org/contents/data/standard/05/45/54534.html">A.14.2.2</reference>
          <reference href="https://www.iso.org/contents/data/standard/05/45/54534.html">A.14.2.3</reference>
          <reference href="https://www.iso.org/contents/data/standard/05/45/54534.html">A.14.2.4</reference>
          <reference href="https://www.iso.org/contents/data/standard/05/45/54534.html">A.8.2.1</reference>
          <reference href="https://www.iso.org/contents/data/standard/05/45/54534.html">A.8.2.2</reference>
          <reference href="https://www.iso.org/contents/data/standard/05/45/54534.html">A.8.2.3</reference>
          <reference href="https://www.iso.org/contents/data/standard/05/45/54534.html">A.8.3.1</reference>
          <reference href="https://www.iso.org/contents/data/standard/05/45/54534.html">A.8.3.3</reference>
          <reference href="https://www.iso.org/contents/data/standard/05/45/54534.html">A.9.1.2</reference>
          <reference href="https://www.nerc.com/standards/reliability-standards/cip">CIP-003-8 R5.1.1</reference>
          <reference href="https://www.nerc.com/standards/reliability-standards/cip">CIP-003-8 R5.3</reference>
          <reference href="https://www.nerc.com/standards/reliability-standards/cip">CIP-004-6 R2.3</reference>
          <reference href="https://www.nerc.com/standards/reliability-standards/cip">CIP-007-3 R2.1</reference>
          <reference href="https://www.nerc.com/standards/reliability-standards/cip">CIP-007-3 R2.2</reference>
          <reference href="https://www.nerc.com/standards/reliability-standards/cip">CIP-007-3 R2.3</reference>
          <reference href="https://www.nerc.com/standards/reliability-standards/cip">CIP-007-3 R5.1</reference>
          <reference href="https://www.nerc.com/standards/reliability-standards/cip">CIP-007-3 R5.1.1</reference>
          <reference href="https://www.nerc.com/standards/reliability-standards/cip">CIP-007-3 R5.1.2</reference>
          <reference href="http://nvlpubs.nist.gov/nistpubs/SpecialPublications/NIST.SP.800-53r4.pdf">CM-7(a)</reference>
          <reference href="http://nvlpubs.nist.gov/nistpubs/SpecialPublications/NIST.SP.800-53r4.pdf">CM-7(b)</reference>
          <reference href="http://nvlpubs.nist.gov/nistpubs/SpecialPublications/NIST.SP.800-53r4.pdf">CM-6(a)</reference>
          <reference href="http://nvlpubs.nist.gov/nistpubs/SpecialPublications/NIST.SP.800-53r4.pdf">AC-6</reference>
          <reference href="http://nvlpubs.nist.gov/nistpubs/SpecialPublications/NIST.SP.800-53r4.pdf">AC-6(1)</reference>
          <reference href="http://nvlpubs.nist.gov/nistpubs/SpecialPublications/NIST.SP.800-53r4.pdf">MP-7</reference>
          <reference href="https://nvlpubs.nist.gov/nistpubs/CSWP/NIST.CSWP.04162018.pdf">PR.IP-1</reference>
          <reference href="https://nvlpubs.nist.gov/nistpubs/CSWP/NIST.CSWP.04162018.pdf">PR.PT-2</reference>
          <reference href="https://nvlpubs.nist.gov/nistpubs/CSWP/NIST.CSWP.04162018.pdf">PR.PT-3</reference>
          <reference href="https://www.cyber.mil/stigs/downloads/?_dl_facet_stigs=operating-systems%2Cgeneral-purpose-os">SRG-OS-000368-GPOS-00154</reference>
          <reference href="https://www.cisecurity.org/benchmark/suse_linux/">1.1.9</reference>
          <reference href="not_publicly_available">SLES-15-150150240</reference>
          <reference href="https://www.cyber.gov.au/acsc/view-all-content/ism">1409</reference>
          <rationale xmlns:xhtml="http://www.w3.org/1999/xhtml" xml:lang="en-US">The presence of SUID and SGID executables should be tightly controlled. Users
should not be able to execute SUID or SGID binaries from temporary storage partitions.</rationale>
          <ident system="https://ncp.nist.gov/cce">CCE-92458-9</ident>
          <fix xmlns:xhtml="http://www.w3.org/1999/xhtml" id="mount_option_dev_shm_nosuid" system="urn:xccdf:fix:script:sh"># Remediation is applicable only in certain platforms
if ( ! ( { rpm --quiet -q kernel ;} &amp;&amp; { rpm --quiet -q rpm-ostree ;} &amp;&amp; { rpm --quiet -q bootc ;} &amp;&amp; { ! rpm --quiet -q openshift-kubelet ;} &amp;&amp; ([ -f /run/ostree-booted ] || [ -L /ostree ]) ) &amp;&amp; ! ( [ -f /.dockerenv ] || [ -f /run/.containerenv ] ) ); then

function perform_remediation {
    


    mount_point_match_regexp="$(printf "^[[:space:]]*[^#].*[[:space:]]%s[[:space:]]" /dev/shm)"

    # If the mount point is not in /etc/fstab, get previous mount options from /etc/mtab
    if ! grep -q "$mount_point_match_regexp" /etc/fstab; then
        # runtime opts without some automatic kernel/userspace-added defaults
        previous_mount_opts=$(grep "$mount_point_match_regexp" /etc/mtab | head -1 |  awk '{print $4}' \
                    | sed -E "s/(rw|defaults|seclabel|nosuid)(,|$)//g;s/,$//")
        [ "$previous_mount_opts" ] &amp;&amp; previous_mount_opts+=","
        # In iso9660 filesystems mtab could describe a "blocksize" value, this should be reflected in
        # fstab as "block".  The next variable is to satisfy shellcheck SC2050.
        fs_type="tmpfs"
        if [  "$fs_type" == "iso9660" ] ; then
            previous_mount_opts=$(sed 's/blocksize=/block=/' &lt;&lt;&lt; "$previous_mount_opts")
        fi
        echo "tmpfs /dev/shm tmpfs defaults,${previous_mount_opts}nosuid 0 0" &gt;&gt; /etc/fstab
    # If the mount_opt option is not already in the mount point's /etc/fstab entry, add it
    elif ! grep "$mount_point_match_regexp" /etc/fstab | grep -q "nosuid"; then
        previous_mount_opts=$(grep "$mount_point_match_regexp" /etc/fstab | awk '{print $4}')
        sed -i "s|\(${mount_point_match_regexp}.*${previous_mount_opts}\)|\1,nosuid|" /etc/fstab
    fi


    if mkdir -p "/dev/shm"; then
        if mountpoint -q "/dev/shm"; then
            mount -o remount --target "/dev/shm"
        fi
    fi
}

perform_remediation

else
    &gt;&amp;2 echo 'Remediation is not applicable, nothing was done'
fi
</fix>
          <fix xmlns:xhtml="http://www.w3.org/1999/xhtml" id="mount_option_dev_shm_nosuid" system="urn:xccdf:fix:script:ansible" complexity="low" disruption="high" strategy="configure">- name: Gather the package facts
  package_facts:
    manager: auto
  tags:
  - CCE-92458-9
  - NIST-800-53-AC-6
  - NIST-800-53-AC-6(1)
  - NIST-800-53-CM-6(a)
  - NIST-800-53-CM-7(a)
  - NIST-800-53-CM-7(b)
  - NIST-800-53-MP-7
  - configure_strategy
  - high_disruption
  - low_complexity
  - medium_severity
  - mount_option_dev_shm_nosuid
  - no_reboot_needed

- name: 'Add nosuid Option to /dev/shm: Check information associated to mountpoint'
  command: findmnt  '/dev/shm'
  register: device_name
  failed_when: device_name.rc &gt; 1
  changed_when: false
  check_mode: false
  when: ( not ( "kernel" in ansible_facts.packages and "rpm-ostree" in ansible_facts.packages
    and "bootc" in ansible_facts.packages and not "openshift-kubelet" in ansible_facts.packages
    and "ostree" in ansible_proc_cmdline ) and not ( ansible_virtualization_type in
    ["docker", "lxc", "openvz", "podman", "container"] ) )
  tags:
  - CCE-92458-9
  - NIST-800-53-AC-6
  - NIST-800-53-AC-6(1)
  - NIST-800-53-CM-6(a)
  - NIST-800-53-CM-7(a)
  - NIST-800-53-CM-7(b)
  - NIST-800-53-MP-7
  - configure_strategy
  - high_disruption
  - low_complexity
  - medium_severity
  - mount_option_dev_shm_nosuid
  - no_reboot_needed

- name: 'Add nosuid Option to /dev/shm: Create mount_info dictionary variable'
  set_fact:
    mount_info: '{{ mount_info|default({})|combine({item.0: item.1}) }}'
  with_together:
  - '{{ device_name.stdout_lines[0].split() | list | lower }}'
  - '{{ device_name.stdout_lines[1].split() | list }}'
  when:
  - ( not ( "kernel" in ansible_facts.packages and "rpm-ostree" in ansible_facts.packages
    and "bootc" in ansible_facts.packages and not "openshift-kubelet" in ansible_facts.packages
    and "ostree" in ansible_proc_cmdline ) and not ( ansible_virtualization_type in
    ["docker", "lxc", "openvz", "podman", "container"] ) )
  - device_name.stdout is defined and device_name.stdout_lines is defined
  - (device_name.stdout | length &gt; 0)
  tags:
  - CCE-92458-9
  - NIST-800-53-AC-6
  - NIST-800-53-AC-6(1)
  - NIST-800-53-CM-6(a)
  - NIST-800-53-CM-7(a)
  - NIST-800-53-CM-7(b)
  - NIST-800-53-MP-7
  - configure_strategy
  - high_disruption
  - low_complexity
  - medium_severity
  - mount_option_dev_shm_nosuid
  - no_reboot_needed

- name: 'Add nosuid Option to /dev/shm: If /dev/shm not mounted, craft mount_info
    manually'
  set_fact:
    mount_info: '{{ mount_info|default({})|combine({item.0: item.1}) }}'
  with_together:
  - - target
    - source
    - fstype
    - options
  - - /dev/shm
    - tmpfs
    - tmpfs
    - defaults
  when:
  - ( not ( "kernel" in ansible_facts.packages and "rpm-ostree" in ansible_facts.packages
    and "bootc" in ansible_facts.packages and not "openshift-kubelet" in ansible_facts.packages
    and "ostree" in ansible_proc_cmdline ) and not ( ansible_virtualization_type in
    ["docker", "lxc", "openvz", "podman", "container"] ) )
  - ("" | length == 0)
  - device_name.stdout is defined and device_name.stdout_lines is defined
  - (device_name.stdout | length == 0)
  tags:
  - CCE-92458-9
  - NIST-800-53-AC-6
  - NIST-800-53-AC-6(1)
  - NIST-800-53-CM-6(a)
  - NIST-800-53-CM-7(a)
  - NIST-800-53-CM-7(b)
  - NIST-800-53-MP-7
  - configure_strategy
  - high_disruption
  - low_complexity
  - medium_severity
  - mount_option_dev_shm_nosuid
  - no_reboot_needed

- name: 'Add nosuid Option to /dev/shm: Make sure nosuid option is part of the to
    /dev/shm options'
  set_fact:
    mount_info: '{{ mount_info | combine( {''options'':''''~mount_info.options~'',nosuid''
      }) }}'
  when:
  - ( not ( "kernel" in ansible_facts.packages and "rpm-ostree" in ansible_facts.packages
    and "bootc" in ansible_facts.packages and not "openshift-kubelet" in ansible_facts.packages
    and "ostree" in ansible_proc_cmdline ) and not ( ansible_virtualization_type in
    ["docker", "lxc", "openvz", "podman", "container"] ) )
  - mount_info is defined and "nosuid" not in mount_info.options
  tags:
  - CCE-92458-9
  - NIST-800-53-AC-6
  - NIST-800-53-AC-6(1)
  - NIST-800-53-CM-6(a)
  - NIST-800-53-CM-7(a)
  - NIST-800-53-CM-7(b)
  - NIST-800-53-MP-7
  - configure_strategy
  - high_disruption
  - low_complexity
  - medium_severity
  - mount_option_dev_shm_nosuid
  - no_reboot_needed

- name: 'Add nosuid Option to /dev/shm: Ensure /dev/shm is mounted with nosuid option'
  mount:
    path: /dev/shm
    src: '{{ mount_info.source }}'
    opts: '{{ mount_info.options }}'
    state: mounted
    fstype: '{{ mount_info.fstype }}'
  when:
  - ( not ( "kernel" in ansible_facts.packages and "rpm-ostree" in ansible_facts.packages
    and "bootc" in ansible_facts.packages and not "openshift-kubelet" in ansible_facts.packages
    and "ostree" in ansible_proc_cmdline ) and not ( ansible_virtualization_type in
    ["docker", "lxc", "openvz", "podman", "container"] ) )
  - mount_info is defined
  - (device_name.stdout is defined and (device_name.stdout | length &gt; 0)) or ("" |
    length == 0)
  tags:
  - CCE-92458-9
  - NIST-800-53-AC-6
  - NIST-800-53-AC-6(1)
  - NIST-800-53-CM-6(a)
  - NIST-800-53-CM-7(a)
  - NIST-800-53-CM-7(b)
  - NIST-800-53-MP-7
  - configure_strategy
  - high_disruption
  - low_complexity
  - medium_severity
  - mount_option_dev_shm_nosuid
  - no_reboot_needed
</fix>
          <check system="http://oval.mitre.org/XMLSchema/oval-definitions-5">
            <check-content-ref name="oval:ssg-mount_option_dev_shm_nosuid:def:1" href="ssg-sle15-oval.xml"/>
          </check>
          <check system="http://scap.nist.gov/schema/ocil/2">
            <check-content-ref name="ocil:ssg-mount_option_dev_shm_nosuid_ocil:questionnaire:1" href="ssg-sle15-ocil.xml"/>
          </check>
        </Rule>
        <Rule id="xccdf_org.ssgproject.content_rule_mount_option_home_nodev" selected="false" role="full" severity="unknown">
          <title xmlns:xhtml="http://www.w3.org/1999/xhtml" xml:lang="en-US">Add nodev Option to /home</title>
          <description xmlns:xhtml="http://www.w3.org/1999/xhtml" xml:lang="en-US">The <html:code xmlns:html="http://www.w3.org/1999/xhtml">nodev</html:code> mount option can be used to prevent device files from
being created in <html:code xmlns:html="http://www.w3.org/1999/xhtml">/home</html:code>.
Legitimate character and block devices should exist only in
the <html:code xmlns:html="http://www.w3.org/1999/xhtml">/dev</html:code> directory on the root partition or within chroot
jails built for system services.
Add the <html:code xmlns:html="http://www.w3.org/1999/xhtml">nodev</html:code> option to the fourth column of
<html:code xmlns:html="http://www.w3.org/1999/xhtml">/etc/fstab</html:code> for the line which controls mounting of
<html:code xmlns:html="http://www.w3.org/1999/xhtml">/home</html:code>.</description>
          <reference href="https://www.cyber.mil/stigs/downloads/?_dl_facet_stigs=operating-systems%2Cgeneral-purpose-os">SRG-OS-000368-GPOS-00154</reference>
          <reference href="https://www.cisecurity.org/benchmark/suse_linux/">1.1.18</reference>
          <reference href="not_publicly_available">SLES-15-150150285</reference>
          <rationale xmlns:xhtml="http://www.w3.org/1999/xhtml" xml:lang="en-US">The only legitimate location for device files is the <html:code xmlns:html="http://www.w3.org/1999/xhtml">/dev</html:code> directory
located on the root partition. The only exception to this is chroot jails.</rationale>
          <platform idref="#mount_home"/>
          <ident system="https://ncp.nist.gov/cce">CCE-92460-5</ident>
          <fix xmlns:xhtml="http://www.w3.org/1999/xhtml" id="mount_option_home_nodev" system="urn:xccdf:fix:script:sh"># Remediation is applicable only in certain platforms
if ( ! ( { rpm --quiet -q kernel ;} &amp;&amp; { rpm --quiet -q rpm-ostree ;} &amp;&amp; { rpm --quiet -q bootc ;} &amp;&amp; { ! rpm --quiet -q openshift-kubelet ;} &amp;&amp; ([ -f /run/ostree-booted ] || [ -L /ostree ]) ) &amp;&amp; ! ( [ -f /.dockerenv ] || [ -f /run/.containerenv ] ) ) &amp;&amp; { findmnt --kernel "/home" &gt; /dev/null || findmnt --fstab "/home" &gt; /dev/null; }; then

function perform_remediation {
    
        # the mount point /home has to be defined in /etc/fstab
        # before this remediation can be executed. In case it is not defined, the
        # remediation aborts and no changes regarding the mount point are done.
        mount_point_match_regexp="$(printf "^[[:space:]]*[^#].*[[:space:]]%s[[:space:]]" "/home")"

    grep "$mount_point_match_regexp" -q /etc/fstab \
        || { echo "The mount point '/home' is not even in /etc/fstab, so we can't set up mount options" &gt;&amp;2;
                echo "Not remediating, because there is no record of /home in /etc/fstab" &gt;&amp;2; return 1; }
    


    mount_point_match_regexp="$(printf "^[[:space:]]*[^#].*[[:space:]]%s[[:space:]]" /home)"

    # If the mount point is not in /etc/fstab, get previous mount options from /etc/mtab
    if ! grep -q "$mount_point_match_regexp" /etc/fstab; then
        # runtime opts without some automatic kernel/userspace-added defaults
        previous_mount_opts=$(grep "$mount_point_match_regexp" /etc/mtab | head -1 |  awk '{print $4}' \
                    | sed -E "s/(rw|defaults|seclabel|nodev)(,|$)//g;s/,$//")
        [ "$previous_mount_opts" ] &amp;&amp; previous_mount_opts+=","
        # In iso9660 filesystems mtab could describe a "blocksize" value, this should be reflected in
        # fstab as "block".  The next variable is to satisfy shellcheck SC2050.
        fs_type=""
        if [  "$fs_type" == "iso9660" ] ; then
            previous_mount_opts=$(sed 's/blocksize=/block=/' &lt;&lt;&lt; "$previous_mount_opts")
        fi
        echo " /home  defaults,${previous_mount_opts}nodev 0 0" &gt;&gt; /etc/fstab
    # If the mount_opt option is not already in the mount point's /etc/fstab entry, add it
    elif ! grep "$mount_point_match_regexp" /etc/fstab | grep -q "nodev"; then
        previous_mount_opts=$(grep "$mount_point_match_regexp" /etc/fstab | awk '{print $4}')
        sed -i "s|\(${mount_point_match_regexp}.*${previous_mount_opts}\)|\1,nodev|" /etc/fstab
    fi


    if mkdir -p "/home"; then
        if mountpoint -q "/home"; then
            mount -o remount --target "/home"
        fi
    fi
}

perform_remediation

else
    &gt;&amp;2 echo 'Remediation is not applicable, nothing was done'
fi
</fix>
          <fix xmlns:xhtml="http://www.w3.org/1999/xhtml" id="mount_option_home_nodev" system="urn:xccdf:fix:script:ansible" complexity="low" disruption="high" strategy="configure">- name: Gather the package facts
  package_facts:
    manager: auto
  tags:
  - CCE-92460-5
  - configure_strategy
  - high_disruption
  - low_complexity
  - mount_option_home_nodev
  - no_reboot_needed
  - unknown_severity

- name: 'Add nodev Option to /home: Check information associated to mountpoint'
  command: findmnt --fstab '/home'
  register: device_name
  failed_when: device_name.rc &gt; 1
  changed_when: false
  check_mode: false
  when:
  - ( not ( "kernel" in ansible_facts.packages and "rpm-ostree" in ansible_facts.packages
    and "bootc" in ansible_facts.packages and not "openshift-kubelet" in ansible_facts.packages
    and "ostree" in ansible_proc_cmdline ) and not ( ansible_virtualization_type in
    ["docker", "lxc", "openvz", "podman", "container"] ) )
  - '"/home" in ansible_mounts | map(attribute="mount") | list'
  tags:
  - CCE-92460-5
  - configure_strategy
  - high_disruption
  - low_complexity
  - mount_option_home_nodev
  - no_reboot_needed
  - unknown_severity

- name: 'Add nodev Option to /home: Create mount_info dictionary variable'
  set_fact:
    mount_info: '{{ mount_info|default({})|combine({item.0: item.1}) }}'
  with_together:
  - '{{ device_name.stdout_lines[0].split() | list | lower }}'
  - '{{ device_name.stdout_lines[1].split() | list }}'
  when:
  - ( not ( "kernel" in ansible_facts.packages and "rpm-ostree" in ansible_facts.packages
    and "bootc" in ansible_facts.packages and not "openshift-kubelet" in ansible_facts.packages
    and "ostree" in ansible_proc_cmdline ) and not ( ansible_virtualization_type in
    ["docker", "lxc", "openvz", "podman", "container"] ) )
  - '"/home" in ansible_mounts | map(attribute="mount") | list'
  - device_name.stdout is defined and device_name.stdout_lines is defined
  - (device_name.stdout | length &gt; 0)
  tags:
  - CCE-92460-5
  - configure_strategy
  - high_disruption
  - low_complexity
  - mount_option_home_nodev
  - no_reboot_needed
  - unknown_severity

- name: 'Add nodev Option to /home: If /home not mounted, craft mount_info manually'
  set_fact:
    mount_info: '{{ mount_info|default({})|combine({item.0: item.1}) }}'
  with_together:
  - - target
    - source
    - fstype
    - options
  - - /home
    - ''
    - ''
    - defaults
  when:
  - ( not ( "kernel" in ansible_facts.packages and "rpm-ostree" in ansible_facts.packages
    and "bootc" in ansible_facts.packages and not "openshift-kubelet" in ansible_facts.packages
    and "ostree" in ansible_proc_cmdline ) and not ( ansible_virtualization_type in
    ["docker", "lxc", "openvz", "podman", "container"] ) )
  - '"/home" in ansible_mounts | map(attribute="mount") | list'
  - ("--fstab" | length == 0)
  - device_name.stdout is defined and device_name.stdout_lines is defined
  - (device_name.stdout | length == 0)
  tags:
  - CCE-92460-5
  - configure_strategy
  - high_disruption
  - low_complexity
  - mount_option_home_nodev
  - no_reboot_needed
  - unknown_severity

- name: 'Add nodev Option to /home: Make sure nodev option is part of the to /home
    options'
  set_fact:
    mount_info: '{{ mount_info | combine( {''options'':''''~mount_info.options~'',nodev''
      }) }}'
  when:
  - ( not ( "kernel" in ansible_facts.packages and "rpm-ostree" in ansible_facts.packages
    and "bootc" in ansible_facts.packages and not "openshift-kubelet" in ansible_facts.packages
    and "ostree" in ansible_proc_cmdline ) and not ( ansible_virtualization_type in
    ["docker", "lxc", "openvz", "podman", "container"] ) )
  - '"/home" in ansible_mounts | map(attribute="mount") | list'
  - mount_info is defined and "nodev" not in mount_info.options
  tags:
  - CCE-92460-5
  - configure_strategy
  - high_disruption
  - low_complexity
  - mount_option_home_nodev
  - no_reboot_needed
  - unknown_severity

- name: 'Add nodev Option to /home: Ensure /home is mounted with nodev option'
  mount:
    path: /home
    src: '{{ mount_info.source }}'
    opts: '{{ mount_info.options }}'
    state: mounted
    fstype: '{{ mount_info.fstype }}'
  when:
  - ( not ( "kernel" in ansible_facts.packages and "rpm-ostree" in ansible_facts.packages
    and "bootc" in ansible_facts.packages and not "openshift-kubelet" in ansible_facts.packages
    and "ostree" in ansible_proc_cmdline ) and not ( ansible_virtualization_type in
    ["docker", "lxc", "openvz", "podman", "container"] ) )
  - '"/home" in ansible_mounts | map(attribute="mount") | list'
  - mount_info is defined
  - (device_name.stdout is defined and (device_name.stdout | length &gt; 0)) or ("--fstab"
    | length == 0)
  tags:
  - CCE-92460-5
  - configure_strategy
  - high_disruption
  - low_complexity
  - mount_option_home_nodev
  - no_reboot_needed
  - unknown_severity
</fix>
          <check system="http://oval.mitre.org/XMLSchema/oval-definitions-5">
            <check-content-ref name="oval:ssg-mount_option_home_nodev:def:1" href="ssg-sle15-oval.xml"/>
          </check>
          <check system="http://scap.nist.gov/schema/ocil/2">
            <check-content-ref name="ocil:ssg-mount_option_home_nodev_ocil:questionnaire:1" href="ssg-sle15-ocil.xml"/>
          </check>
        </Rule>
        <Rule id="xccdf_org.ssgproject.content_rule_mount_option_home_noexec" selected="false" role="full" severity="medium">
          <title xmlns:xhtml="http://www.w3.org/1999/xhtml" xml:lang="en-US">Add noexec Option to /home</title>
          <description xmlns:xhtml="http://www.w3.org/1999/xhtml" xml:lang="en-US">The <html:code xmlns:html="http://www.w3.org/1999/xhtml">noexec</html:code> mount option can be used to prevent binaries from being
executed out of <html:code xmlns:html="http://www.w3.org/1999/xhtml">/home</html:code>.
Add the <html:code xmlns:html="http://www.w3.org/1999/xhtml">noexec</html:code> option to the fourth column of
<html:code xmlns:html="http://www.w3.org/1999/xhtml">/etc/fstab</html:code> for the line which controls mounting of
<html:code xmlns:html="http://www.w3.org/1999/xhtml">/home</html:code>.</description>
          <reference href="http://nvlpubs.nist.gov/nistpubs/SpecialPublications/NIST.SP.800-53r4.pdf">CM-6(b)</reference>
          <reference href="https://www.cyber.mil/stigs/downloads/?_dl_facet_stigs=operating-systems%2Cgeneral-purpose-os">SRG-OS-000480-GPOS-00227</reference>
          <reference href="https://cyber.gouv.fr/sites/default/files/document/linux_configuration-en-v2.pdf">R28</reference>
          <rationale xmlns:xhtml="http://www.w3.org/1999/xhtml" xml:lang="en-US">The <html:code xmlns:html="http://www.w3.org/1999/xhtml">/home</html:code> directory contains data of individual users. Binaries in
this directory should not be considered as trusted and users should not be
able to execute them.</rationale>
          <ident system="https://ncp.nist.gov/cce">CCE-91236-0</ident>
          <fix xmlns:xhtml="http://www.w3.org/1999/xhtml" id="mount_option_home_noexec" system="urn:xccdf:fix:script:sh"># Remediation is applicable only in certain platforms
if ( ! ( { rpm --quiet -q kernel ;} &amp;&amp; { rpm --quiet -q rpm-ostree ;} &amp;&amp; { rpm --quiet -q bootc ;} &amp;&amp; { ! rpm --quiet -q openshift-kubelet ;} &amp;&amp; ([ -f /run/ostree-booted ] || [ -L /ostree ]) ) &amp;&amp; ! ( [ -f /.dockerenv ] || [ -f /run/.containerenv ] ) ); then

function perform_remediation {
    
        # the mount point /home has to be defined in /etc/fstab
        # before this remediation can be executed. In case it is not defined, the
        # remediation aborts and no changes regarding the mount point are done.
        mount_point_match_regexp="$(printf "^[[:space:]]*[^#].*[[:space:]]%s[[:space:]]" "/home")"

    grep "$mount_point_match_regexp" -q /etc/fstab \
        || { echo "The mount point '/home' is not even in /etc/fstab, so we can't set up mount options" &gt;&amp;2;
                echo "Not remediating, because there is no record of /home in /etc/fstab" &gt;&amp;2; return 1; }
    


    mount_point_match_regexp="$(printf "^[[:space:]]*[^#].*[[:space:]]%s[[:space:]]" /home)"

    # If the mount point is not in /etc/fstab, get previous mount options from /etc/mtab
    if ! grep -q "$mount_point_match_regexp" /etc/fstab; then
        # runtime opts without some automatic kernel/userspace-added defaults
        previous_mount_opts=$(grep "$mount_point_match_regexp" /etc/mtab | head -1 |  awk '{print $4}' \
                    | sed -E "s/(rw|defaults|seclabel|noexec)(,|$)//g;s/,$//")
        [ "$previous_mount_opts" ] &amp;&amp; previous_mount_opts+=","
        # In iso9660 filesystems mtab could describe a "blocksize" value, this should be reflected in
        # fstab as "block".  The next variable is to satisfy shellcheck SC2050.
        fs_type=""
        if [  "$fs_type" == "iso9660" ] ; then
            previous_mount_opts=$(sed 's/blocksize=/block=/' &lt;&lt;&lt; "$previous_mount_opts")
        fi
        echo " /home  defaults,${previous_mount_opts}noexec 0 0" &gt;&gt; /etc/fstab
    # If the mount_opt option is not already in the mount point's /etc/fstab entry, add it
    elif ! grep "$mount_point_match_regexp" /etc/fstab | grep -q "noexec"; then
        previous_mount_opts=$(grep "$mount_point_match_regexp" /etc/fstab | awk '{print $4}')
        sed -i "s|\(${mount_point_match_regexp}.*${previous_mount_opts}\)|\1,noexec|" /etc/fstab
    fi


    if mkdir -p "/home"; then
        if mountpoint -q "/home"; then
            mount -o remount --target "/home"
        fi
    fi
}

perform_remediation

else
    &gt;&amp;2 echo 'Remediation is not applicable, nothing was done'
fi
</fix>
          <fix xmlns:xhtml="http://www.w3.org/1999/xhtml" id="mount_option_home_noexec" system="urn:xccdf:fix:script:ansible" complexity="low" disruption="high" strategy="configure">- name: Gather the package facts
  package_facts:
    manager: auto
  tags:
  - CCE-91236-0
  - NIST-800-53-CM-6(b)
  - configure_strategy
  - high_disruption
  - low_complexity
  - medium_severity
  - mount_option_home_noexec
  - no_reboot_needed

- name: 'Add noexec Option to /home: Check information associated to mountpoint'
  command: findmnt --fstab '/home'
  register: device_name
  failed_when: device_name.rc &gt; 1
  changed_when: false
  check_mode: false
  when: ( not ( "kernel" in ansible_facts.packages and "rpm-ostree" in ansible_facts.packages
    and "bootc" in ansible_facts.packages and not "openshift-kubelet" in ansible_facts.packages
    and "ostree" in ansible_proc_cmdline ) and not ( ansible_virtualization_type in
    ["docker", "lxc", "openvz", "podman", "container"] ) )
  tags:
  - CCE-91236-0
  - NIST-800-53-CM-6(b)
  - configure_strategy
  - high_disruption
  - low_complexity
  - medium_severity
  - mount_option_home_noexec
  - no_reboot_needed

- name: 'Add noexec Option to /home: Create mount_info dictionary variable'
  set_fact:
    mount_info: '{{ mount_info|default({})|combine({item.0: item.1}) }}'
  with_together:
  - '{{ device_name.stdout_lines[0].split() | list | lower }}'
  - '{{ device_name.stdout_lines[1].split() | list }}'
  when:
  - ( not ( "kernel" in ansible_facts.packages and "rpm-ostree" in ansible_facts.packages
    and "bootc" in ansible_facts.packages and not "openshift-kubelet" in ansible_facts.packages
    and "ostree" in ansible_proc_cmdline ) and not ( ansible_virtualization_type in
    ["docker", "lxc", "openvz", "podman", "container"] ) )
  - device_name.stdout is defined and device_name.stdout_lines is defined
  - (device_name.stdout | length &gt; 0)
  tags:
  - CCE-91236-0
  - NIST-800-53-CM-6(b)
  - configure_strategy
  - high_disruption
  - low_complexity
  - medium_severity
  - mount_option_home_noexec
  - no_reboot_needed

- name: 'Add noexec Option to /home: If /home not mounted, craft mount_info manually'
  set_fact:
    mount_info: '{{ mount_info|default({})|combine({item.0: item.1}) }}'
  with_together:
  - - target
    - source
    - fstype
    - options
  - - /home
    - ''
    - ''
    - defaults
  when:
  - ( not ( "kernel" in ansible_facts.packages and "rpm-ostree" in ansible_facts.packages
    and "bootc" in ansible_facts.packages and not "openshift-kubelet" in ansible_facts.packages
    and "ostree" in ansible_proc_cmdline ) and not ( ansible_virtualization_type in
    ["docker", "lxc", "openvz", "podman", "container"] ) )
  - ("--fstab" | length == 0)
  - device_name.stdout is defined and device_name.stdout_lines is defined
  - (device_name.stdout | length == 0)
  tags:
  - CCE-91236-0
  - NIST-800-53-CM-6(b)
  - configure_strategy
  - high_disruption
  - low_complexity
  - medium_severity
  - mount_option_home_noexec
  - no_reboot_needed

- name: 'Add noexec Option to /home: Make sure noexec option is part of the to /home
    options'
  set_fact:
    mount_info: '{{ mount_info | combine( {''options'':''''~mount_info.options~'',noexec''
      }) }}'
  when:
  - ( not ( "kernel" in ansible_facts.packages and "rpm-ostree" in ansible_facts.packages
    and "bootc" in ansible_facts.packages and not "openshift-kubelet" in ansible_facts.packages
    and "ostree" in ansible_proc_cmdline ) and not ( ansible_virtualization_type in
    ["docker", "lxc", "openvz", "podman", "container"] ) )
  - mount_info is defined and "noexec" not in mount_info.options
  tags:
  - CCE-91236-0
  - NIST-800-53-CM-6(b)
  - configure_strategy
  - high_disruption
  - low_complexity
  - medium_severity
  - mount_option_home_noexec
  - no_reboot_needed

- name: 'Add noexec Option to /home: Ensure /home is mounted with noexec option'
  mount:
    path: /home
    src: '{{ mount_info.source }}'
    opts: '{{ mount_info.options }}'
    state: mounted
    fstype: '{{ mount_info.fstype }}'
  when:
  - ( not ( "kernel" in ansible_facts.packages and "rpm-ostree" in ansible_facts.packages
    and "bootc" in ansible_facts.packages and not "openshift-kubelet" in ansible_facts.packages
    and "ostree" in ansible_proc_cmdline ) and not ( ansible_virtualization_type in
    ["docker", "lxc", "openvz", "podman", "container"] ) )
  - mount_info is defined
  - (device_name.stdout is defined and (device_name.stdout | length &gt; 0)) or ("--fstab"
    | length == 0)
  tags:
  - CCE-91236-0
  - NIST-800-53-CM-6(b)
  - configure_strategy
  - high_disruption
  - low_complexity
  - medium_severity
  - mount_option_home_noexec
  - no_reboot_needed
</fix>
          <check system="http://oval.mitre.org/XMLSchema/oval-definitions-5">
            <check-content-ref name="oval:ssg-mount_option_home_noexec:def:1" href="ssg-sle15-oval.xml"/>
          </check>
          <check system="http://scap.nist.gov/schema/ocil/2">
            <check-content-ref name="ocil:ssg-mount_option_home_noexec_ocil:questionnaire:1" href="ssg-sle15-ocil.xml"/>
          </check>
        </Rule>
        <Rule id="xccdf_org.ssgproject.content_rule_mount_option_home_nosuid" selected="false" role="full" severity="medium">
          <title xmlns:xhtml="http://www.w3.org/1999/xhtml" xml:lang="en-US">Add nosuid Option to /home</title>
          <description xmlns:xhtml="http://www.w3.org/1999/xhtml" xml:lang="en-US">The <html:code xmlns:html="http://www.w3.org/1999/xhtml">nosuid</html:code> mount option can be used to prevent
execution of setuid programs in <html:code xmlns:html="http://www.w3.org/1999/xhtml">/home</html:code>. The SUID and SGID permissions
should not be required in these user data directories.
Add the <html:code xmlns:html="http://www.w3.org/1999/xhtml">nosuid</html:code> option to the fourth column of
<html:code xmlns:html="http://www.w3.org/1999/xhtml">/etc/fstab</html:code> for the line which controls mounting of
<html:code xmlns:html="http://www.w3.org/1999/xhtml">/home</html:code>.</description>
          <reference href="https://www.cisecurity.org/controls/">11</reference>
          <reference href="https://www.cisecurity.org/controls/">13</reference>
          <reference href="https://www.cisecurity.org/controls/">14</reference>
          <reference href="https://www.cisecurity.org/controls/">3</reference>
          <reference href="https://www.cisecurity.org/controls/">8</reference>
          <reference href="https://www.cisecurity.org/controls/">9</reference>
          <reference href="https://www.isaca.org/resources/cobit">APO13.01</reference>
          <reference href="https://www.isaca.org/resources/cobit">BAI10.01</reference>
          <reference href="https://www.isaca.org/resources/cobit">BAI10.02</reference>
          <reference href="https://www.isaca.org/resources/cobit">BAI10.03</reference>
          <reference href="https://www.isaca.org/resources/cobit">BAI10.05</reference>
          <reference href="https://www.isaca.org/resources/cobit">DSS05.02</reference>
          <reference href="https://www.isaca.org/resources/cobit">DSS05.05</reference>
          <reference href="https://www.isaca.org/resources/cobit">DSS05.06</reference>
          <reference href="https://www.isaca.org/resources/cobit">DSS06.06</reference>
          <reference href="https://www.isa.org/products/isa-62443-2-1-2009-security-for-industrial-automat">4.3.3.5.1</reference>
          <reference href="https://www.isa.org/products/isa-62443-2-1-2009-security-for-industrial-automat">4.3.3.5.2</reference>
          <reference href="https://www.isa.org/products/isa-62443-2-1-2009-security-for-industrial-automat">4.3.3.5.3</reference>
          <reference href="https://www.isa.org/products/isa-62443-2-1-2009-security-for-industrial-automat">4.3.3.5.4</reference>
          <reference href="https://www.isa.org/products/isa-62443-2-1-2009-security-for-industrial-automat">4.3.3.5.5</reference>
          <reference href="https://www.isa.org/products/isa-62443-2-1-2009-security-for-industrial-automat">4.3.3.5.6</reference>
          <reference href="https://www.isa.org/products/isa-62443-2-1-2009-security-for-industrial-automat">4.3.3.5.7</reference>
          <reference href="https://www.isa.org/products/isa-62443-2-1-2009-security-for-industrial-automat">4.3.3.5.8</reference>
          <reference href="https://www.isa.org/products/isa-62443-2-1-2009-security-for-industrial-automat">4.3.3.6.1</reference>
          <reference href="https://www.isa.org/products/isa-62443-2-1-2009-security-for-industrial-automat">4.3.3.6.2</reference>
          <reference href="https://www.isa.org/products/isa-62443-2-1-2009-security-for-industrial-automat">4.3.3.6.3</reference>
          <reference href="https://www.isa.org/products/isa-62443-2-1-2009-security-for-industrial-automat">4.3.3.6.4</reference>
          <reference href="https://www.isa.org/products/isa-62443-2-1-2009-security-for-industrial-automat">4.3.3.6.5</reference>
          <reference href="https://www.isa.org/products/isa-62443-2-1-2009-security-for-industrial-automat">4.3.3.6.6</reference>
          <reference href="https://www.isa.org/products/isa-62443-2-1-2009-security-for-industrial-automat">4.3.3.6.7</reference>
          <reference href="https://www.isa.org/products/isa-62443-2-1-2009-security-for-industrial-automat">4.3.3.6.8</reference>
          <reference href="https://www.isa.org/products/isa-62443-2-1-2009-security-for-industrial-automat">4.3.3.6.9</reference>
          <reference href="https://www.isa.org/products/isa-62443-2-1-2009-security-for-industrial-automat">4.3.3.7.1</reference>
          <reference href="https://www.isa.org/products/isa-62443-2-1-2009-security-for-industrial-automat">4.3.3.7.2</reference>
          <reference href="https://www.isa.org/products/isa-62443-2-1-2009-security-for-industrial-automat">4.3.3.7.3</reference>
          <reference href="https://www.isa.org/products/isa-62443-2-1-2009-security-for-industrial-automat">4.3.3.7.4</reference>
          <reference href="https://www.isa.org/products/isa-62443-2-1-2009-security-for-industrial-automat">4.3.4.3.2</reference>
          <reference href="https://www.isa.org/products/isa-62443-2-1-2009-security-for-industrial-automat">4.3.4.3.3</reference>
          <reference href="https://www.isa.org/products/ansi-isa-62443-3-3-99-03-03-2013-security-for-indu">SR 1.1</reference>
          <reference href="https://www.isa.org/products/ansi-isa-62443-3-3-99-03-03-2013-security-for-indu">SR 1.10</reference>
          <reference href="https://www.isa.org/products/ansi-isa-62443-3-3-99-03-03-2013-security-for-indu">SR 1.11</reference>
          <reference href="https://www.isa.org/products/ansi-isa-62443-3-3-99-03-03-2013-security-for-indu">SR 1.12</reference>
          <reference href="https://www.isa.org/products/ansi-isa-62443-3-3-99-03-03-2013-security-for-indu">SR 1.13</reference>
          <reference href="https://www.isa.org/products/ansi-isa-62443-3-3-99-03-03-2013-security-for-indu">SR 1.2</reference>
          <reference href="https://www.isa.org/products/ansi-isa-62443-3-3-99-03-03-2013-security-for-indu">SR 1.3</reference>
          <reference href="https://www.isa.org/products/ansi-isa-62443-3-3-99-03-03-2013-security-for-indu">SR 1.4</reference>
          <reference href="https://www.isa.org/products/ansi-isa-62443-3-3-99-03-03-2013-security-for-indu">SR 1.5</reference>
          <reference href="https://www.isa.org/products/ansi-isa-62443-3-3-99-03-03-2013-security-for-indu">SR 1.6</reference>
          <reference href="https://www.isa.org/products/ansi-isa-62443-3-3-99-03-03-2013-security-for-indu">SR 1.7</reference>
          <reference href="https://www.isa.org/products/ansi-isa-62443-3-3-99-03-03-2013-security-for-indu">SR 1.8</reference>
          <reference href="https://www.isa.org/products/ansi-isa-62443-3-3-99-03-03-2013-security-for-indu">SR 1.9</reference>
          <reference href="https://www.isa.org/products/ansi-isa-62443-3-3-99-03-03-2013-security-for-indu">SR 2.1</reference>
          <reference href="https://www.isa.org/products/ansi-isa-62443-3-3-99-03-03-2013-security-for-indu">SR 2.2</reference>
          <reference href="https://www.isa.org/products/ansi-isa-62443-3-3-99-03-03-2013-security-for-indu">SR 2.3</reference>
          <reference href="https://www.isa.org/products/ansi-isa-62443-3-3-99-03-03-2013-security-for-indu">SR 2.4</reference>
          <reference href="https://www.isa.org/products/ansi-isa-62443-3-3-99-03-03-2013-security-for-indu">SR 2.5</reference>
          <reference href="https://www.isa.org/products/ansi-isa-62443-3-3-99-03-03-2013-security-for-indu">SR 2.6</reference>
          <reference href="https://www.isa.org/products/ansi-isa-62443-3-3-99-03-03-2013-security-for-indu">SR 2.7</reference>
          <reference href="https://www.isa.org/products/ansi-isa-62443-3-3-99-03-03-2013-security-for-indu">SR 7.6</reference>
          <reference href="https://www.iso.org/contents/data/standard/05/45/54534.html">A.11.2.9</reference>
          <reference href="https://www.iso.org/contents/data/standard/05/45/54534.html">A.12.1.2</reference>
          <reference href="https://www.iso.org/contents/data/standard/05/45/54534.html">A.12.5.1</reference>
          <reference href="https://www.iso.org/contents/data/standard/05/45/54534.html">A.12.6.2</reference>
          <reference href="https://www.iso.org/contents/data/standard/05/45/54534.html">A.14.2.2</reference>
          <reference href="https://www.iso.org/contents/data/standard/05/45/54534.html">A.14.2.3</reference>
          <reference href="https://www.iso.org/contents/data/standard/05/45/54534.html">A.14.2.4</reference>
          <reference href="https://www.iso.org/contents/data/standard/05/45/54534.html">A.8.2.1</reference>
          <reference href="https://www.iso.org/contents/data/standard/05/45/54534.html">A.8.2.2</reference>
          <reference href="https://www.iso.org/contents/data/standard/05/45/54534.html">A.8.2.3</reference>
          <reference href="https://www.iso.org/contents/data/standard/05/45/54534.html">A.8.3.1</reference>
          <reference href="https://www.iso.org/contents/data/standard/05/45/54534.html">A.8.3.3</reference>
          <reference href="https://www.iso.org/contents/data/standard/05/45/54534.html">A.9.1.2</reference>
          <reference href="https://www.nerc.com/standards/reliability-standards/cip">CIP-003-8 R5.1.1</reference>
          <reference href="https://www.nerc.com/standards/reliability-standards/cip">CIP-003-8 R5.3</reference>
          <reference href="https://www.nerc.com/standards/reliability-standards/cip">CIP-004-6 R2.3</reference>
          <reference href="https://www.nerc.com/standards/reliability-standards/cip">CIP-007-3 R2.1</reference>
          <reference href="https://www.nerc.com/standards/reliability-standards/cip">CIP-007-3 R2.2</reference>
          <reference href="https://www.nerc.com/standards/reliability-standards/cip">CIP-007-3 R2.3</reference>
          <reference href="https://www.nerc.com/standards/reliability-standards/cip">CIP-007-3 R5.1</reference>
          <reference href="https://www.nerc.com/standards/reliability-standards/cip">CIP-007-3 R5.1.1</reference>
          <reference href="https://www.nerc.com/standards/reliability-standards/cip">CIP-007-3 R5.1.2</reference>
          <reference href="http://nvlpubs.nist.gov/nistpubs/SpecialPublications/NIST.SP.800-53r4.pdf">CM-7(a)</reference>
          <reference href="http://nvlpubs.nist.gov/nistpubs/SpecialPublications/NIST.SP.800-53r4.pdf">CM-7(b)</reference>
          <reference href="http://nvlpubs.nist.gov/nistpubs/SpecialPublications/NIST.SP.800-53r4.pdf">CM-6(a)</reference>
          <reference href="http://nvlpubs.nist.gov/nistpubs/SpecialPublications/NIST.SP.800-53r4.pdf">AC-6</reference>
          <reference href="http://nvlpubs.nist.gov/nistpubs/SpecialPublications/NIST.SP.800-53r4.pdf">AC-6(1)</reference>
          <reference href="http://nvlpubs.nist.gov/nistpubs/SpecialPublications/NIST.SP.800-53r4.pdf">MP-7</reference>
          <reference href="https://nvlpubs.nist.gov/nistpubs/CSWP/NIST.CSWP.04162018.pdf">PR.IP-1</reference>
          <reference href="https://nvlpubs.nist.gov/nistpubs/CSWP/NIST.CSWP.04162018.pdf">PR.PT-2</reference>
          <reference href="https://nvlpubs.nist.gov/nistpubs/CSWP/NIST.CSWP.04162018.pdf">PR.PT-3</reference>
          <reference href="https://www.cyber.mil/stigs/downloads/?_dl_facet_stigs=operating-systems%2Cgeneral-purpose-os">SRG-OS-000368-GPOS-00154</reference>
          <reference href="https://www.cyber.mil/stigs/downloads/?_dl_facet_stigs=operating-systems%2Cgeneral-purpose-os">SRG-OS-000480-GPOS-00227</reference>
          <reference href="https://www.cyber.mil/stigs/downloads/?_dl_facet_stigs=operating-systems%2Cunix-linux">SLES-15-040140</reference>
          <reference href="https://cyber.gouv.fr/sites/default/files/document/linux_configuration-en-v2.pdf">R28</reference>
          <reference href="not_publicly_available">SLES-15-150150300</reference>
          <reference href="https://www.cyber.mil/stigs/srg-stig-tools/">SV-234998r991589_rule</reference>
          <rationale xmlns:xhtml="http://www.w3.org/1999/xhtml" xml:lang="en-US">The presence of SUID and SGID executables should be tightly controlled. Users
should not be able to execute SUID or SGID binaries from user home directory partitions.</rationale>
          <platform idref="#mount_home"/>
          <ident system="https://ncp.nist.gov/cce">CCE-85633-6</ident>
          <fix xmlns:xhtml="http://www.w3.org/1999/xhtml" id="mount_option_home_nosuid" system="urn:xccdf:fix:script:sh"># Remediation is applicable only in certain platforms
if ( ! ( { rpm --quiet -q kernel ;} &amp;&amp; { rpm --quiet -q rpm-ostree ;} &amp;&amp; { rpm --quiet -q bootc ;} &amp;&amp; { ! rpm --quiet -q openshift-kubelet ;} &amp;&amp; ([ -f /run/ostree-booted ] || [ -L /ostree ]) ) &amp;&amp; ! ( [ -f /.dockerenv ] || [ -f /run/.containerenv ] ) ) &amp;&amp; { findmnt --kernel "/home" &gt; /dev/null || findmnt --fstab "/home" &gt; /dev/null; }; then

function perform_remediation {
    
        # the mount point /home has to be defined in /etc/fstab
        # before this remediation can be executed. In case it is not defined, the
        # remediation aborts and no changes regarding the mount point are done.
        mount_point_match_regexp="$(printf "^[[:space:]]*[^#].*[[:space:]]%s[[:space:]]" "/home")"

    grep "$mount_point_match_regexp" -q /etc/fstab \
        || { echo "The mount point '/home' is not even in /etc/fstab, so we can't set up mount options" &gt;&amp;2;
                echo "Not remediating, because there is no record of /home in /etc/fstab" &gt;&amp;2; return 1; }
    


    mount_point_match_regexp="$(printf "^[[:space:]]*[^#].*[[:space:]]%s[[:space:]]" /home)"

    # If the mount point is not in /etc/fstab, get previous mount options from /etc/mtab
    if ! grep -q "$mount_point_match_regexp" /etc/fstab; then
        # runtime opts without some automatic kernel/userspace-added defaults
        previous_mount_opts=$(grep "$mount_point_match_regexp" /etc/mtab | head -1 |  awk '{print $4}' \
                    | sed -E "s/(rw|defaults|seclabel|nosuid)(,|$)//g;s/,$//")
        [ "$previous_mount_opts" ] &amp;&amp; previous_mount_opts+=","
        # In iso9660 filesystems mtab could describe a "blocksize" value, this should be reflected in
        # fstab as "block".  The next variable is to satisfy shellcheck SC2050.
        fs_type=""
        if [  "$fs_type" == "iso9660" ] ; then
            previous_mount_opts=$(sed 's/blocksize=/block=/' &lt;&lt;&lt; "$previous_mount_opts")
        fi
        echo " /home  defaults,${previous_mount_opts}nosuid 0 0" &gt;&gt; /etc/fstab
    # If the mount_opt option is not already in the mount point's /etc/fstab entry, add it
    elif ! grep "$mount_point_match_regexp" /etc/fstab | grep -q "nosuid"; then
        previous_mount_opts=$(grep "$mount_point_match_regexp" /etc/fstab | awk '{print $4}')
        sed -i "s|\(${mount_point_match_regexp}.*${previous_mount_opts}\)|\1,nosuid|" /etc/fstab
    fi


    if mkdir -p "/home"; then
        if mountpoint -q "/home"; then
            mount -o remount --target "/home"
        fi
    fi
}

perform_remediation

else
    &gt;&amp;2 echo 'Remediation is not applicable, nothing was done'
fi
</fix>
          <fix xmlns:xhtml="http://www.w3.org/1999/xhtml" id="mount_option_home_nosuid" system="urn:xccdf:fix:script:ansible" complexity="low" disruption="high" strategy="configure">- name: Gather the package facts
  package_facts:
    manager: auto
  tags:
  - CCE-85633-6
  - DISA-STIG-SLES-15-040140
  - NIST-800-53-AC-6
  - NIST-800-53-AC-6(1)
  - NIST-800-53-CM-6(a)
  - NIST-800-53-CM-7(a)
  - NIST-800-53-CM-7(b)
  - NIST-800-53-MP-7
  - configure_strategy
  - high_disruption
  - low_complexity
  - medium_severity
  - mount_option_home_nosuid
  - no_reboot_needed

- name: 'Add nosuid Option to /home: Check information associated to mountpoint'
  command: findmnt --fstab '/home'
  register: device_name
  failed_when: device_name.rc &gt; 1
  changed_when: false
  check_mode: false
  when:
  - ( not ( "kernel" in ansible_facts.packages and "rpm-ostree" in ansible_facts.packages
    and "bootc" in ansible_facts.packages and not "openshift-kubelet" in ansible_facts.packages
    and "ostree" in ansible_proc_cmdline ) and not ( ansible_virtualization_type in
    ["docker", "lxc", "openvz", "podman", "container"] ) )
  - '"/home" in ansible_mounts | map(attribute="mount") | list'
  tags:
  - CCE-85633-6
  - DISA-STIG-SLES-15-040140
  - NIST-800-53-AC-6
  - NIST-800-53-AC-6(1)
  - NIST-800-53-CM-6(a)
  - NIST-800-53-CM-7(a)
  - NIST-800-53-CM-7(b)
  - NIST-800-53-MP-7
  - configure_strategy
  - high_disruption
  - low_complexity
  - medium_severity
  - mount_option_home_nosuid
  - no_reboot_needed

- name: 'Add nosuid Option to /home: Create mount_info dictionary variable'
  set_fact:
    mount_info: '{{ mount_info|default({})|combine({item.0: item.1}) }}'
  with_together:
  - '{{ device_name.stdout_lines[0].split() | list | lower }}'
  - '{{ device_name.stdout_lines[1].split() | list }}'
  when:
  - ( not ( "kernel" in ansible_facts.packages and "rpm-ostree" in ansible_facts.packages
    and "bootc" in ansible_facts.packages and not "openshift-kubelet" in ansible_facts.packages
    and "ostree" in ansible_proc_cmdline ) and not ( ansible_virtualization_type in
    ["docker", "lxc", "openvz", "podman", "container"] ) )
  - '"/home" in ansible_mounts | map(attribute="mount") | list'
  - device_name.stdout is defined and device_name.stdout_lines is defined
  - (device_name.stdout | length &gt; 0)
  tags:
  - CCE-85633-6
  - DISA-STIG-SLES-15-040140
  - NIST-800-53-AC-6
  - NIST-800-53-AC-6(1)
  - NIST-800-53-CM-6(a)
  - NIST-800-53-CM-7(a)
  - NIST-800-53-CM-7(b)
  - NIST-800-53-MP-7
  - configure_strategy
  - high_disruption
  - low_complexity
  - medium_severity
  - mount_option_home_nosuid
  - no_reboot_needed

- name: 'Add nosuid Option to /home: If /home not mounted, craft mount_info manually'
  set_fact:
    mount_info: '{{ mount_info|default({})|combine({item.0: item.1}) }}'
  with_together:
  - - target
    - source
    - fstype
    - options
  - - /home
    - ''
    - ''
    - defaults
  when:
  - ( not ( "kernel" in ansible_facts.packages and "rpm-ostree" in ansible_facts.packages
    and "bootc" in ansible_facts.packages and not "openshift-kubelet" in ansible_facts.packages
    and "ostree" in ansible_proc_cmdline ) and not ( ansible_virtualization_type in
    ["docker", "lxc", "openvz", "podman", "container"] ) )
  - '"/home" in ansible_mounts | map(attribute="mount") | list'
  - ("--fstab" | length == 0)
  - device_name.stdout is defined and device_name.stdout_lines is defined
  - (device_name.stdout | length == 0)
  tags:
  - CCE-85633-6
  - DISA-STIG-SLES-15-040140
  - NIST-800-53-AC-6
  - NIST-800-53-AC-6(1)
  - NIST-800-53-CM-6(a)
  - NIST-800-53-CM-7(a)
  - NIST-800-53-CM-7(b)
  - NIST-800-53-MP-7
  - configure_strategy
  - high_disruption
  - low_complexity
  - medium_severity
  - mount_option_home_nosuid
  - no_reboot_needed

- name: 'Add nosuid Option to /home: Make sure nosuid option is part of the to /home
    options'
  set_fact:
    mount_info: '{{ mount_info | combine( {''options'':''''~mount_info.options~'',nosuid''
      }) }}'
  when:
  - ( not ( "kernel" in ansible_facts.packages and "rpm-ostree" in ansible_facts.packages
    and "bootc" in ansible_facts.packages and not "openshift-kubelet" in ansible_facts.packages
    and "ostree" in ansible_proc_cmdline ) and not ( ansible_virtualization_type in
    ["docker", "lxc", "openvz", "podman", "container"] ) )
  - '"/home" in ansible_mounts | map(attribute="mount") | list'
  - mount_info is defined and "nosuid" not in mount_info.options
  tags:
  - CCE-85633-6
  - DISA-STIG-SLES-15-040140
  - NIST-800-53-AC-6
  - NIST-800-53-AC-6(1)
  - NIST-800-53-CM-6(a)
  - NIST-800-53-CM-7(a)
  - NIST-800-53-CM-7(b)
  - NIST-800-53-MP-7
  - configure_strategy
  - high_disruption
  - low_complexity
  - medium_severity
  - mount_option_home_nosuid
  - no_reboot_needed

- name: 'Add nosuid Option to /home: Ensure /home is mounted with nosuid option'
  mount:
    path: /home
    src: '{{ mount_info.source }}'
    opts: '{{ mount_info.options }}'
    state: mounted
    fstype: '{{ mount_info.fstype }}'
  when:
  - ( not ( "kernel" in ansible_facts.packages and "rpm-ostree" in ansible_facts.packages
    and "bootc" in ansible_facts.packages and not "openshift-kubelet" in ansible_facts.packages
    and "ostree" in ansible_proc_cmdline ) and not ( ansible_virtualization_type in
    ["docker", "lxc", "openvz", "podman", "container"] ) )
  - '"/home" in ansible_mounts | map(attribute="mount") | list'
  - mount_info is defined
  - (device_name.stdout is defined and (device_name.stdout | length &gt; 0)) or ("--fstab"
    | length == 0)
  tags:
  - CCE-85633-6
  - DISA-STIG-SLES-15-040140
  - NIST-800-53-AC-6
  - NIST-800-53-AC-6(1)
  - NIST-800-53-CM-6(a)
  - NIST-800-53-CM-7(a)
  - NIST-800-53-CM-7(b)
  - NIST-800-53-MP-7
  - configure_strategy
  - high_disruption
  - low_complexity
  - medium_severity
  - mount_option_home_nosuid
  - no_reboot_needed
</fix>
          <check system="http://oval.mitre.org/XMLSchema/oval-definitions-5">
            <check-content-ref name="oval:ssg-mount_option_home_nosuid:def:1" href="ssg-sle15-oval.xml"/>
          </check>
          <check system="http://scap.nist.gov/schema/ocil/2">
            <check-content-ref name="ocil:ssg-mount_option_home_nosuid_ocil:questionnaire:1" href="ssg-sle15-ocil.xml"/>
          </check>
        </Rule>
        <Rule id="xccdf_org.ssgproject.content_rule_mount_option_nodev_nonroot_local_partitions" selected="false" role="full" severity="medium">
          <title xmlns:xhtml="http://www.w3.org/1999/xhtml" xml:lang="en-US">Add nodev Option to Non-Root Local Partitions</title>
          <description xmlns:xhtml="http://www.w3.org/1999/xhtml" xml:lang="en-US">The <html:code xmlns:html="http://www.w3.org/1999/xhtml">nodev</html:code> mount option prevents files from being interpreted as
character or block devices. Legitimate character and block devices should
exist only in the <html:code xmlns:html="http://www.w3.org/1999/xhtml">/dev</html:code> directory on the root partition or within
chroot jails built for system services.
Add the <html:code xmlns:html="http://www.w3.org/1999/xhtml">nodev</html:code> option to the fourth column of
<html:code xmlns:html="http://www.w3.org/1999/xhtml">/etc/fstab</html:code> for the line which controls mounting of

    any non-root local partitions.</description>
          <reference href="https://www.cisecurity.org/controls/">11</reference>
          <reference href="https://www.cisecurity.org/controls/">14</reference>
          <reference href="https://www.cisecurity.org/controls/">3</reference>
          <reference href="https://www.cisecurity.org/controls/">9</reference>
          <reference href="https://www.isaca.org/resources/cobit">BAI10.01</reference>
          <reference href="https://www.isaca.org/resources/cobit">BAI10.02</reference>
          <reference href="https://www.isaca.org/resources/cobit">BAI10.03</reference>
          <reference href="https://www.isaca.org/resources/cobit">BAI10.05</reference>
          <reference href="https://www.isaca.org/resources/cobit">DSS05.02</reference>
          <reference href="https://www.isaca.org/resources/cobit">DSS05.05</reference>
          <reference href="https://www.isaca.org/resources/cobit">DSS06.06</reference>
          <reference href="https://www.isa.org/products/isa-62443-2-1-2009-security-for-industrial-automat">4.3.3.5.1</reference>
          <reference href="https://www.isa.org/products/isa-62443-2-1-2009-security-for-industrial-automat">4.3.3.5.2</reference>
          <reference href="https://www.isa.org/products/isa-62443-2-1-2009-security-for-industrial-automat">4.3.3.5.3</reference>
          <reference href="https://www.isa.org/products/isa-62443-2-1-2009-security-for-industrial-automat">4.3.3.5.4</reference>
          <reference href="https://www.isa.org/products/isa-62443-2-1-2009-security-for-industrial-automat">4.3.3.5.5</reference>
          <reference href="https://www.isa.org/products/isa-62443-2-1-2009-security-for-industrial-automat">4.3.3.5.6</reference>
          <reference href="https://www.isa.org/products/isa-62443-2-1-2009-security-for-industrial-automat">4.3.3.5.7</reference>
          <reference href="https://www.isa.org/products/isa-62443-2-1-2009-security-for-industrial-automat">4.3.3.5.8</reference>
          <reference href="https://www.isa.org/products/isa-62443-2-1-2009-security-for-industrial-automat">4.3.3.6.1</reference>
          <reference href="https://www.isa.org/products/isa-62443-2-1-2009-security-for-industrial-automat">4.3.3.6.2</reference>
          <reference href="https://www.isa.org/products/isa-62443-2-1-2009-security-for-industrial-automat">4.3.3.6.3</reference>
          <reference href="https://www.isa.org/products/isa-62443-2-1-2009-security-for-industrial-automat">4.3.3.6.4</reference>
          <reference href="https://www.isa.org/products/isa-62443-2-1-2009-security-for-industrial-automat">4.3.3.6.5</reference>
          <reference href="https://www.isa.org/products/isa-62443-2-1-2009-security-for-industrial-automat">4.3.3.6.6</reference>
          <reference href="https://www.isa.org/products/isa-62443-2-1-2009-security-for-industrial-automat">4.3.3.6.7</reference>
          <reference href="https://www.isa.org/products/isa-62443-2-1-2009-security-for-industrial-automat">4.3.3.6.8</reference>
          <reference href="https://www.isa.org/products/isa-62443-2-1-2009-security-for-industrial-automat">4.3.3.6.9</reference>
          <reference href="https://www.isa.org/products/isa-62443-2-1-2009-security-for-industrial-automat">4.3.3.7.1</reference>
          <reference href="https://www.isa.org/products/isa-62443-2-1-2009-security-for-industrial-automat">4.3.3.7.2</reference>
          <reference href="https://www.isa.org/products/isa-62443-2-1-2009-security-for-industrial-automat">4.3.3.7.3</reference>
          <reference href="https://www.isa.org/products/isa-62443-2-1-2009-security-for-industrial-automat">4.3.3.7.4</reference>
          <reference href="https://www.isa.org/products/isa-62443-2-1-2009-security-for-industrial-automat">4.3.4.3.2</reference>
          <reference href="https://www.isa.org/products/isa-62443-2-1-2009-security-for-industrial-automat">4.3.4.3.3</reference>
          <reference href="https://www.isa.org/products/ansi-isa-62443-3-3-99-03-03-2013-security-for-indu">SR 1.1</reference>
          <reference href="https://www.isa.org/products/ansi-isa-62443-3-3-99-03-03-2013-security-for-indu">SR 1.10</reference>
          <reference href="https://www.isa.org/products/ansi-isa-62443-3-3-99-03-03-2013-security-for-indu">SR 1.11</reference>
          <reference href="https://www.isa.org/products/ansi-isa-62443-3-3-99-03-03-2013-security-for-indu">SR 1.12</reference>
          <reference href="https://www.isa.org/products/ansi-isa-62443-3-3-99-03-03-2013-security-for-indu">SR 1.13</reference>
          <reference href="https://www.isa.org/products/ansi-isa-62443-3-3-99-03-03-2013-security-for-indu">SR 1.2</reference>
          <reference href="https://www.isa.org/products/ansi-isa-62443-3-3-99-03-03-2013-security-for-indu">SR 1.3</reference>
          <reference href="https://www.isa.org/products/ansi-isa-62443-3-3-99-03-03-2013-security-for-indu">SR 1.4</reference>
          <reference href="https://www.isa.org/products/ansi-isa-62443-3-3-99-03-03-2013-security-for-indu">SR 1.5</reference>
          <reference href="https://www.isa.org/products/ansi-isa-62443-3-3-99-03-03-2013-security-for-indu">SR 1.6</reference>
          <reference href="https://www.isa.org/products/ansi-isa-62443-3-3-99-03-03-2013-security-for-indu">SR 1.7</reference>
          <reference href="https://www.isa.org/products/ansi-isa-62443-3-3-99-03-03-2013-security-for-indu">SR 1.8</reference>
          <reference href="https://www.isa.org/products/ansi-isa-62443-3-3-99-03-03-2013-security-for-indu">SR 1.9</reference>
          <reference href="https://www.isa.org/products/ansi-isa-62443-3-3-99-03-03-2013-security-for-indu">SR 2.1</reference>
          <reference href="https://www.isa.org/products/ansi-isa-62443-3-3-99-03-03-2013-security-for-indu">SR 2.2</reference>
          <reference href="https://www.isa.org/products/ansi-isa-62443-3-3-99-03-03-2013-security-for-indu">SR 2.3</reference>
          <reference href="https://www.isa.org/products/ansi-isa-62443-3-3-99-03-03-2013-security-for-indu">SR 2.4</reference>
          <reference href="https://www.isa.org/products/ansi-isa-62443-3-3-99-03-03-2013-security-for-indu">SR 2.5</reference>
          <reference href="https://www.isa.org/products/ansi-isa-62443-3-3-99-03-03-2013-security-for-indu">SR 2.6</reference>
          <reference href="https://www.isa.org/products/ansi-isa-62443-3-3-99-03-03-2013-security-for-indu">SR 2.7</reference>
          <reference href="https://www.isa.org/products/ansi-isa-62443-3-3-99-03-03-2013-security-for-indu">SR 7.6</reference>
          <reference href="https://www.iso.org/contents/data/standard/05/45/54534.html">A.12.1.2</reference>
          <reference href="https://www.iso.org/contents/data/standard/05/45/54534.html">A.12.5.1</reference>
          <reference href="https://www.iso.org/contents/data/standard/05/45/54534.html">A.12.6.2</reference>
          <reference href="https://www.iso.org/contents/data/standard/05/45/54534.html">A.14.2.2</reference>
          <reference href="https://www.iso.org/contents/data/standard/05/45/54534.html">A.14.2.3</reference>
          <reference href="https://www.iso.org/contents/data/standard/05/45/54534.html">A.14.2.4</reference>
          <reference href="https://www.iso.org/contents/data/standard/05/45/54534.html">A.9.1.2</reference>
          <reference href="https://www.nerc.com/standards/reliability-standards/cip">CIP-003-8 R5.1.1</reference>
          <reference href="https://www.nerc.com/standards/reliability-standards/cip">CIP-003-8 R5.3</reference>
          <reference href="https://www.nerc.com/standards/reliability-standards/cip">CIP-004-6 R2.3</reference>
          <reference href="https://www.nerc.com/standards/reliability-standards/cip">CIP-007-3 R2.1</reference>
          <reference href="https://www.nerc.com/standards/reliability-standards/cip">CIP-007-3 R2.2</reference>
          <reference href="https://www.nerc.com/standards/reliability-standards/cip">CIP-007-3 R2.3</reference>
          <reference href="https://www.nerc.com/standards/reliability-standards/cip">CIP-007-3 R5.1</reference>
          <reference href="https://www.nerc.com/standards/reliability-standards/cip">CIP-007-3 R5.1.1</reference>
          <reference href="https://www.nerc.com/standards/reliability-standards/cip">CIP-007-3 R5.1.2</reference>
          <reference href="http://nvlpubs.nist.gov/nistpubs/SpecialPublications/NIST.SP.800-53r4.pdf">CM-7(a)</reference>
          <reference href="http://nvlpubs.nist.gov/nistpubs/SpecialPublications/NIST.SP.800-53r4.pdf">CM-7(b)</reference>
          <reference href="http://nvlpubs.nist.gov/nistpubs/SpecialPublications/NIST.SP.800-53r4.pdf">CM-6(a)</reference>
          <reference href="http://nvlpubs.nist.gov/nistpubs/SpecialPublications/NIST.SP.800-53r4.pdf">AC-6</reference>
          <reference href="http://nvlpubs.nist.gov/nistpubs/SpecialPublications/NIST.SP.800-53r4.pdf">AC-6(1)</reference>
          <reference href="http://nvlpubs.nist.gov/nistpubs/SpecialPublications/NIST.SP.800-53r4.pdf">MP-7</reference>
          <reference href="https://nvlpubs.nist.gov/nistpubs/CSWP/NIST.CSWP.04162018.pdf">PR.IP-1</reference>
          <reference href="https://nvlpubs.nist.gov/nistpubs/CSWP/NIST.CSWP.04162018.pdf">PR.PT-3</reference>
          <reference href="https://www.cyber.mil/stigs/downloads/?_dl_facet_stigs=operating-systems%2Cgeneral-purpose-os">SRG-OS-000368-GPOS-00154</reference>
          <reference href="https://www.cyber.mil/stigs/downloads/?_dl_facet_stigs=operating-systems%2Cgeneral-purpose-os">SRG-OS-000480-GPOS-00227</reference>
          <reference href="https://cyber.gouv.fr/sites/default/files/document/linux_configuration-en-v2.pdf">R28</reference>
          <rationale xmlns:xhtml="http://www.w3.org/1999/xhtml" xml:lang="en-US">The <html:code xmlns:html="http://www.w3.org/1999/xhtml">nodev</html:code> mount option prevents files from being
interpreted as character or block devices. The only legitimate location
for device files is the <html:code xmlns:html="http://www.w3.org/1999/xhtml">/dev</html:code> directory located on the root partition.
The only exception to this is chroot jails, for which it is not advised
to set <html:code xmlns:html="http://www.w3.org/1999/xhtml">nodev</html:code> on these filesystems.</rationale>
          <ident system="https://ncp.nist.gov/cce">CCE-91237-8</ident>
          <fix xmlns:xhtml="http://www.w3.org/1999/xhtml" id="mount_option_nodev_nonroot_local_partitions" system="urn:xccdf:fix:script:sh"># Remediation is applicable only in certain platforms
if ( ! ( { rpm --quiet -q kernel ;} &amp;&amp; { rpm --quiet -q rpm-ostree ;} &amp;&amp; { rpm --quiet -q bootc ;} &amp;&amp; { ! rpm --quiet -q openshift-kubelet ;} &amp;&amp; ([ -f /run/ostree-booted ] || [ -L /ostree ]) ) &amp;&amp; ! ( [ -f /.dockerenv ] || [ -f /run/.containerenv ] ) ); then

MOUNT_OPTION="nodev"
# Create array of local non-root partitions
readarray -t partitions_records &lt; &lt;(findmnt --mtab --raw --evaluate | grep "^/\w" | grep -v "^/proc" | grep "\s/dev/\w")

# Create array of polyinstantiated directories, in case one of them is found in mtab
readarray -t polyinstantiated_dirs &lt; \
    &lt;(grep -oP "^\s*[^#\s]+\s+\S+" /etc/security/namespace.conf | grep -oP "(?&lt;=\s)\S+?(?=/?\$)")

# Define excluded non-local file systems
excluded_fstypes=(
    afs
    autofs
    ceph
    cifs
    smb3
    smbfs
    sshfs
    ncpfs
    ncp
    nfs
    nfs4
    gfs
    gfs2
    glusterfs
    gpfs
    pvfs2
    ocfs2
    lustre
    davfs
    fuse.sshfs
)

for partition_record in "${partitions_records[@]}"; do
    # Get all important information for fstab
    mount_point="$(echo "${partition_record}" | cut -d " " -f1)"
    device="$(echo "${partition_record}" | cut -d " " -f2)"
    device_type="$(echo "${partition_record}" | cut -d " " -f3)"

    # Skip polyinstantiated directories
    if printf '%s\0' "${polyinstantiated_dirs[@]}" | grep -qxzF "$mount_point"; then
        continue
    fi

    # Skip any non-local filesystem
    for excluded_fstype in "${excluded_fstypes[@]}"; do
        if [[ "$device_type" == "$excluded_fstype" ]]; then
            # jump out of both loops and move to next partition_record
            continue 2
        fi
    done

    # If we reach here, it's a local, non-root partition that isn't excluded.
    mount_point_match_regexp="$(printf "^[[:space:]]*[^#].*[[:space:]]%s[[:space:]]" $mount_point)"

    # If the mount point is not in /etc/fstab, get previous mount options from /etc/mtab
    if ! grep -q "$mount_point_match_regexp" /etc/fstab; then
        # runtime opts without some automatic kernel/userspace-added defaults
        previous_mount_opts=$(grep "$mount_point_match_regexp" /etc/mtab | head -1 |  awk '{print $4}' \
                    | sed -E "s/(rw|defaults|seclabel|$MOUNT_OPTION)(,|$)//g;s/,$//")
        [ "$previous_mount_opts" ] &amp;&amp; previous_mount_opts+=","
        # In iso9660 filesystems mtab could describe a "blocksize" value, this should be reflected in
        # fstab as "block".  The next variable is to satisfy shellcheck SC2050.
        fs_type="$device_type"
        if [  "$fs_type" == "iso9660" ] ; then
            previous_mount_opts=$(sed 's/blocksize=/block=/' &lt;&lt;&lt; "$previous_mount_opts")
        fi
        echo "$device $mount_point $device_type defaults,${previous_mount_opts}$MOUNT_OPTION 0 0" &gt;&gt; /etc/fstab
    # If the mount_opt option is not already in the mount point's /etc/fstab entry, add it
    elif ! grep "$mount_point_match_regexp" /etc/fstab | grep -q "$MOUNT_OPTION"; then
        previous_mount_opts=$(grep "$mount_point_match_regexp" /etc/fstab | awk '{print $4}')
        sed -i "s|\(${mount_point_match_regexp}.*${previous_mount_opts}\)|\1,$MOUNT_OPTION|" /etc/fstab
    fi
    if mkdir -p "$mount_point"; then
        if mountpoint -q "$mount_point"; then
            mount -o remount --target "$mount_point"
        fi
    fi
done

# Remediate unmounted /etc/fstab entries
sed -i -E '/nodev/! s;^\s*(/dev/\S+|UUID=\S+)\s+(/\w\S*)\s+(\S+)\s+(\S+)(.*)$;\1 \2 \3 \4,nodev \5;' /etc/fstab

else
    &gt;&amp;2 echo 'Remediation is not applicable, nothing was done'
fi
</fix>
          <fix xmlns:xhtml="http://www.w3.org/1999/xhtml" id="mount_option_nodev_nonroot_local_partitions" system="urn:xccdf:fix:script:ansible" complexity="low" disruption="high" strategy="configure">- name: Gather the package facts
  package_facts:
    manager: auto
  tags:
  - CCE-91237-8
  - NIST-800-53-AC-6
  - NIST-800-53-AC-6(1)
  - NIST-800-53-CM-6(a)
  - NIST-800-53-CM-7(a)
  - NIST-800-53-CM-7(b)
  - NIST-800-53-MP-7
  - configure_strategy
  - high_disruption
  - low_complexity
  - medium_severity
  - mount_option_nodev_nonroot_local_partitions
  - no_reboot_needed

- name: 'Add nodev Option to Non-Root Local Partitions: Refresh facts'
  ansible.builtin.setup:
    gather_subset: mounts
  when: ( not ( "kernel" in ansible_facts.packages and "rpm-ostree" in ansible_facts.packages
    and "bootc" in ansible_facts.packages and not "openshift-kubelet" in ansible_facts.packages
    and "ostree" in ansible_proc_cmdline ) and not ( ansible_virtualization_type in
    ["docker", "lxc", "openvz", "podman", "container"] ) )
  tags:
  - CCE-91237-8
  - NIST-800-53-AC-6
  - NIST-800-53-AC-6(1)
  - NIST-800-53-CM-6(a)
  - NIST-800-53-CM-7(a)
  - NIST-800-53-CM-7(b)
  - NIST-800-53-MP-7
  - configure_strategy
  - high_disruption
  - low_complexity
  - medium_severity
  - mount_option_nodev_nonroot_local_partitions
  - no_reboot_needed

- name: 'Add nodev Option to Non-Root Local Partitions: Define excluded (non-local)
    file systems'
  ansible.builtin.set_fact:
    excluded_fstypes:
    - afs
    - autofs
    - ceph
    - cifs
    - smb3
    - smbfs
    - sshfs
    - ncpfs
    - ncp
    - nfs
    - nfs4
    - gfs
    - gfs2
    - glusterfs
    - gpfs
    - pvfs2
    - ocfs2
    - lustre
    - davfs
    - fuse.sshfs
  when: ( not ( "kernel" in ansible_facts.packages and "rpm-ostree" in ansible_facts.packages
    and "bootc" in ansible_facts.packages and not "openshift-kubelet" in ansible_facts.packages
    and "ostree" in ansible_proc_cmdline ) and not ( ansible_virtualization_type in
    ["docker", "lxc", "openvz", "podman", "container"] ) )
  tags:
  - CCE-91237-8
  - NIST-800-53-AC-6
  - NIST-800-53-AC-6(1)
  - NIST-800-53-CM-6(a)
  - NIST-800-53-CM-7(a)
  - NIST-800-53-CM-7(b)
  - NIST-800-53-MP-7
  - configure_strategy
  - high_disruption
  - low_complexity
  - medium_severity
  - mount_option_nodev_nonroot_local_partitions
  - no_reboot_needed

- name: 'Add nodev Option to Non-Root Local Partitions: Ensure non-root local partitions
    are mounted with nodev option'
  ansible.posix.mount:
    path: '{{ item.mount }}'
    src: '{{ item.device }}'
    opts: '{{ item.options }},nodev'
    state: mounted
    fstype: '{{ item.fstype }}'
  when:
  - ( not ( "kernel" in ansible_facts.packages and "rpm-ostree" in ansible_facts.packages
    and "bootc" in ansible_facts.packages and not "openshift-kubelet" in ansible_facts.packages
    and "ostree" in ansible_proc_cmdline ) and not ( ansible_virtualization_type in
    ["docker", "lxc", "openvz", "podman", "container"] ) )
  - item.mount is match('/\w')
  - item.options is not search('nodev')
  - item.fstype not in excluded_fstypes
  with_items:
  - '{{ ansible_facts.mounts }}'
  tags:
  - CCE-91237-8
  - NIST-800-53-AC-6
  - NIST-800-53-AC-6(1)
  - NIST-800-53-CM-6(a)
  - NIST-800-53-CM-7(a)
  - NIST-800-53-CM-7(b)
  - NIST-800-53-MP-7
  - configure_strategy
  - high_disruption
  - low_complexity
  - medium_severity
  - mount_option_nodev_nonroot_local_partitions
  - no_reboot_needed

- name: 'Add nodev Option to Non-Root Local Partitions: Ensure non-root local partitions
    are present with nodev option in /etc/fstab'
  ansible.builtin.replace:
    path: /etc/fstab
    regexp: ^\s*(?!#)(/dev/\S+|UUID=\S+)\s+(/\w\S*)\s+(\S+)\s+(?!.*\bnodev\b)(\S+)(.*)$
    replace: \1 \2 \3 \4,nodev \5
  when: ( not ( "kernel" in ansible_facts.packages and "rpm-ostree" in ansible_facts.packages
    and "bootc" in ansible_facts.packages and not "openshift-kubelet" in ansible_facts.packages
    and "ostree" in ansible_proc_cmdline ) and not ( ansible_virtualization_type in
    ["docker", "lxc", "openvz", "podman", "container"] ) )
  tags:
  - CCE-91237-8
  - NIST-800-53-AC-6
  - NIST-800-53-AC-6(1)
  - NIST-800-53-CM-6(a)
  - NIST-800-53-CM-7(a)
  - NIST-800-53-CM-7(b)
  - NIST-800-53-MP-7
  - configure_strategy
  - high_disruption
  - low_complexity
  - medium_severity
  - mount_option_nodev_nonroot_local_partitions
  - no_reboot_needed
</fix>
          <check system="http://oval.mitre.org/XMLSchema/oval-definitions-5">
            <check-content-ref name="oval:ssg-mount_option_nodev_nonroot_local_partitions:def:1" href="ssg-sle15-oval.xml"/>
          </check>
          <check system="http://scap.nist.gov/schema/ocil/2">
            <check-content-ref name="ocil:ssg-mount_option_nodev_nonroot_local_partitions_ocil:questionnaire:1" href="ssg-sle15-ocil.xml"/>
          </check>
        </Rule>
        <Rule id="xccdf_org.ssgproject.content_rule_mount_option_nodev_removable_partitions" selected="false" role="full" severity="medium">
          <title xmlns:xhtml="http://www.w3.org/1999/xhtml" xml:lang="en-US">Add nodev Option to Removable Media Partitions</title>
          <description xmlns:xhtml="http://www.w3.org/1999/xhtml" xml:lang="en-US">The <html:code xmlns:html="http://www.w3.org/1999/xhtml">nodev</html:code> mount option prevents files from being
interpreted as character or block devices.
Legitimate character and block devices should exist only in
the <html:code xmlns:html="http://www.w3.org/1999/xhtml">/dev</html:code> directory on the root partition or within chroot
jails built for system services.
Add the <html:code xmlns:html="http://www.w3.org/1999/xhtml">nodev</html:code> option to the fourth column of
<html:code xmlns:html="http://www.w3.org/1999/xhtml">/etc/fstab</html:code> for the line which controls mounting of

    any removable media partitions.</description>
          <reference href="https://www.cisecurity.org/controls/">11</reference>
          <reference href="https://www.cisecurity.org/controls/">12</reference>
          <reference href="https://www.cisecurity.org/controls/">13</reference>
          <reference href="https://www.cisecurity.org/controls/">14</reference>
          <reference href="https://www.cisecurity.org/controls/">16</reference>
          <reference href="https://www.cisecurity.org/controls/">3</reference>
          <reference href="https://www.cisecurity.org/controls/">8</reference>
          <reference href="https://www.cisecurity.org/controls/">9</reference>
          <reference href="https://www.isaca.org/resources/cobit">APO13.01</reference>
          <reference href="https://www.isaca.org/resources/cobit">BAI10.01</reference>
          <reference href="https://www.isaca.org/resources/cobit">BAI10.02</reference>
          <reference href="https://www.isaca.org/resources/cobit">BAI10.03</reference>
          <reference href="https://www.isaca.org/resources/cobit">BAI10.05</reference>
          <reference href="https://www.isaca.org/resources/cobit">DSS01.04</reference>
          <reference href="https://www.isaca.org/resources/cobit">DSS05.02</reference>
          <reference href="https://www.isaca.org/resources/cobit">DSS05.03</reference>
          <reference href="https://www.isaca.org/resources/cobit">DSS05.04</reference>
          <reference href="https://www.isaca.org/resources/cobit">DSS05.05</reference>
          <reference href="https://www.isaca.org/resources/cobit">DSS05.06</reference>
          <reference href="https://www.isaca.org/resources/cobit">DSS05.07</reference>
          <reference href="https://www.isaca.org/resources/cobit">DSS06.03</reference>
          <reference href="https://www.isaca.org/resources/cobit">DSS06.06</reference>
          <reference href="https://www.isa.org/products/isa-62443-2-1-2009-security-for-industrial-automat">4.3.3.2.2</reference>
          <reference href="https://www.isa.org/products/isa-62443-2-1-2009-security-for-industrial-automat">4.3.3.5.1</reference>
          <reference href="https://www.isa.org/products/isa-62443-2-1-2009-security-for-industrial-automat">4.3.3.5.2</reference>
          <reference href="https://www.isa.org/products/isa-62443-2-1-2009-security-for-industrial-automat">4.3.3.5.3</reference>
          <reference href="https://www.isa.org/products/isa-62443-2-1-2009-security-for-industrial-automat">4.3.3.5.4</reference>
          <reference href="https://www.isa.org/products/isa-62443-2-1-2009-security-for-industrial-automat">4.3.3.5.5</reference>
          <reference href="https://www.isa.org/products/isa-62443-2-1-2009-security-for-industrial-automat">4.3.3.5.6</reference>
          <reference href="https://www.isa.org/products/isa-62443-2-1-2009-security-for-industrial-automat">4.3.3.5.7</reference>
          <reference href="https://www.isa.org/products/isa-62443-2-1-2009-security-for-industrial-automat">4.3.3.5.8</reference>
          <reference href="https://www.isa.org/products/isa-62443-2-1-2009-security-for-industrial-automat">4.3.3.6.1</reference>
          <reference href="https://www.isa.org/products/isa-62443-2-1-2009-security-for-industrial-automat">4.3.3.6.2</reference>
          <reference href="https://www.isa.org/products/isa-62443-2-1-2009-security-for-industrial-automat">4.3.3.6.3</reference>
          <reference href="https://www.isa.org/products/isa-62443-2-1-2009-security-for-industrial-automat">4.3.3.6.4</reference>
          <reference href="https://www.isa.org/products/isa-62443-2-1-2009-security-for-industrial-automat">4.3.3.6.5</reference>
          <reference href="https://www.isa.org/products/isa-62443-2-1-2009-security-for-industrial-automat">4.3.3.6.6</reference>
          <reference href="https://www.isa.org/products/isa-62443-2-1-2009-security-for-industrial-automat">4.3.3.6.7</reference>
          <reference href="https://www.isa.org/products/isa-62443-2-1-2009-security-for-industrial-automat">4.3.3.6.8</reference>
          <reference href="https://www.isa.org/products/isa-62443-2-1-2009-security-for-industrial-automat">4.3.3.6.9</reference>
          <reference href="https://www.isa.org/products/isa-62443-2-1-2009-security-for-industrial-automat">4.3.3.7.1</reference>
          <reference href="https://www.isa.org/products/isa-62443-2-1-2009-security-for-industrial-automat">4.3.3.7.2</reference>
          <reference href="https://www.isa.org/products/isa-62443-2-1-2009-security-for-industrial-automat">4.3.3.7.3</reference>
          <reference href="https://www.isa.org/products/isa-62443-2-1-2009-security-for-industrial-automat">4.3.3.7.4</reference>
          <reference href="https://www.isa.org/products/isa-62443-2-1-2009-security-for-industrial-automat">4.3.4.3.2</reference>
          <reference href="https://www.isa.org/products/isa-62443-2-1-2009-security-for-industrial-automat">4.3.4.3.3</reference>
          <reference href="https://www.isa.org/products/ansi-isa-62443-3-3-99-03-03-2013-security-for-indu">SR 1.1</reference>
          <reference href="https://www.isa.org/products/ansi-isa-62443-3-3-99-03-03-2013-security-for-indu">SR 1.10</reference>
          <reference href="https://www.isa.org/products/ansi-isa-62443-3-3-99-03-03-2013-security-for-indu">SR 1.11</reference>
          <reference href="https://www.isa.org/products/ansi-isa-62443-3-3-99-03-03-2013-security-for-indu">SR 1.12</reference>
          <reference href="https://www.isa.org/products/ansi-isa-62443-3-3-99-03-03-2013-security-for-indu">SR 1.13</reference>
          <reference href="https://www.isa.org/products/ansi-isa-62443-3-3-99-03-03-2013-security-for-indu">SR 1.2</reference>
          <reference href="https://www.isa.org/products/ansi-isa-62443-3-3-99-03-03-2013-security-for-indu">SR 1.3</reference>
          <reference href="https://www.isa.org/products/ansi-isa-62443-3-3-99-03-03-2013-security-for-indu">SR 1.4</reference>
          <reference href="https://www.isa.org/products/ansi-isa-62443-3-3-99-03-03-2013-security-for-indu">SR 1.5</reference>
          <reference href="https://www.isa.org/products/ansi-isa-62443-3-3-99-03-03-2013-security-for-indu">SR 1.6</reference>
          <reference href="https://www.isa.org/products/ansi-isa-62443-3-3-99-03-03-2013-security-for-indu">SR 1.7</reference>
          <reference href="https://www.isa.org/products/ansi-isa-62443-3-3-99-03-03-2013-security-for-indu">SR 1.8</reference>
          <reference href="https://www.isa.org/products/ansi-isa-62443-3-3-99-03-03-2013-security-for-indu">SR 1.9</reference>
          <reference href="https://www.isa.org/products/ansi-isa-62443-3-3-99-03-03-2013-security-for-indu">SR 2.1</reference>
          <reference href="https://www.isa.org/products/ansi-isa-62443-3-3-99-03-03-2013-security-for-indu">SR 2.2</reference>
          <reference href="https://www.isa.org/products/ansi-isa-62443-3-3-99-03-03-2013-security-for-indu">SR 2.3</reference>
          <reference href="https://www.isa.org/products/ansi-isa-62443-3-3-99-03-03-2013-security-for-indu">SR 2.4</reference>
          <reference href="https://www.isa.org/products/ansi-isa-62443-3-3-99-03-03-2013-security-for-indu">SR 2.5</reference>
          <reference href="https://www.isa.org/products/ansi-isa-62443-3-3-99-03-03-2013-security-for-indu">SR 2.6</reference>
          <reference href="https://www.isa.org/products/ansi-isa-62443-3-3-99-03-03-2013-security-for-indu">SR 2.7</reference>
          <reference href="https://www.isa.org/products/ansi-isa-62443-3-3-99-03-03-2013-security-for-indu">SR 7.6</reference>
          <reference href="https://www.iso.org/contents/data/standard/05/45/54534.html">A.11.2.6</reference>
          <reference href="https://www.iso.org/contents/data/standard/05/45/54534.html">A.11.2.9</reference>
          <reference href="https://www.iso.org/contents/data/standard/05/45/54534.html">A.12.1.2</reference>
          <reference href="https://www.iso.org/contents/data/standard/05/45/54534.html">A.12.5.1</reference>
          <reference href="https://www.iso.org/contents/data/standard/05/45/54534.html">A.12.6.2</reference>
          <reference href="https://www.iso.org/contents/data/standard/05/45/54534.html">A.13.1.1</reference>
          <reference href="https://www.iso.org/contents/data/standard/05/45/54534.html">A.13.2.1</reference>
          <reference href="https://www.iso.org/contents/data/standard/05/45/54534.html">A.14.2.2</reference>
          <reference href="https://www.iso.org/contents/data/standard/05/45/54534.html">A.14.2.3</reference>
          <reference href="https://www.iso.org/contents/data/standard/05/45/54534.html">A.14.2.4</reference>
          <reference href="https://www.iso.org/contents/data/standard/05/45/54534.html">A.6.2.1</reference>
          <reference href="https://www.iso.org/contents/data/standard/05/45/54534.html">A.6.2.2</reference>
          <reference href="https://www.iso.org/contents/data/standard/05/45/54534.html">A.7.1.1</reference>
          <reference href="https://www.iso.org/contents/data/standard/05/45/54534.html">A.8.2.1</reference>
          <reference href="https://www.iso.org/contents/data/standard/05/45/54534.html">A.8.2.2</reference>
          <reference href="https://www.iso.org/contents/data/standard/05/45/54534.html">A.8.2.3</reference>
          <reference href="https://www.iso.org/contents/data/standard/05/45/54534.html">A.8.3.1</reference>
          <reference href="https://www.iso.org/contents/data/standard/05/45/54534.html">A.8.3.3</reference>
          <reference href="https://www.iso.org/contents/data/standard/05/45/54534.html">A.9.1.2</reference>
          <reference href="https://www.iso.org/contents/data/standard/05/45/54534.html">A.9.2.1</reference>
          <reference href="https://www.nerc.com/standards/reliability-standards/cip">CIP-003-8 R5.1.1</reference>
          <reference href="https://www.nerc.com/standards/reliability-standards/cip">CIP-003-8 R5.3</reference>
          <reference href="https://www.nerc.com/standards/reliability-standards/cip">CIP-004-6 R2.3</reference>
          <reference href="https://www.nerc.com/standards/reliability-standards/cip">CIP-007-3 R2.1</reference>
          <reference href="https://www.nerc.com/standards/reliability-standards/cip">CIP-007-3 R2.2</reference>
          <reference href="https://www.nerc.com/standards/reliability-standards/cip">CIP-007-3 R2.3</reference>
          <reference href="https://www.nerc.com/standards/reliability-standards/cip">CIP-007-3 R5.1</reference>
          <reference href="https://www.nerc.com/standards/reliability-standards/cip">CIP-007-3 R5.1.1</reference>
          <reference href="https://www.nerc.com/standards/reliability-standards/cip">CIP-007-3 R5.1.2</reference>
          <reference href="http://nvlpubs.nist.gov/nistpubs/SpecialPublications/NIST.SP.800-53r4.pdf">CM-7(a)</reference>
          <reference href="http://nvlpubs.nist.gov/nistpubs/SpecialPublications/NIST.SP.800-53r4.pdf">CM-7(b)</reference>
          <reference href="http://nvlpubs.nist.gov/nistpubs/SpecialPublications/NIST.SP.800-53r4.pdf">CM-6(a)</reference>
          <reference href="http://nvlpubs.nist.gov/nistpubs/SpecialPublications/NIST.SP.800-53r4.pdf">AC-6</reference>
          <reference href="http://nvlpubs.nist.gov/nistpubs/SpecialPublications/NIST.SP.800-53r4.pdf">AC-6(1)</reference>
          <reference href="http://nvlpubs.nist.gov/nistpubs/SpecialPublications/NIST.SP.800-53r4.pdf">MP-7</reference>
          <reference href="https://nvlpubs.nist.gov/nistpubs/CSWP/NIST.CSWP.04162018.pdf">PR.AC-3</reference>
          <reference href="https://nvlpubs.nist.gov/nistpubs/CSWP/NIST.CSWP.04162018.pdf">PR.AC-6</reference>
          <reference href="https://nvlpubs.nist.gov/nistpubs/CSWP/NIST.CSWP.04162018.pdf">PR.IP-1</reference>
          <reference href="https://nvlpubs.nist.gov/nistpubs/CSWP/NIST.CSWP.04162018.pdf">PR.PT-2</reference>
          <reference href="https://nvlpubs.nist.gov/nistpubs/CSWP/NIST.CSWP.04162018.pdf">PR.PT-3</reference>
          <reference href="https://www.cyber.mil/stigs/downloads/?_dl_facet_stigs=operating-systems%2Cgeneral-purpose-os">SRG-OS-000480-GPOS-00227</reference>
          <reference href="https://www.cisecurity.org/benchmark/suse_linux/">1.1.20</reference>
          <rationale xmlns:xhtml="http://www.w3.org/1999/xhtml" xml:lang="en-US">The only legitimate location for device files is the <html:code xmlns:html="http://www.w3.org/1999/xhtml">/dev</html:code> directory
located on the root partition. An exception to this is chroot jails, and it is
not advised to set <html:code xmlns:html="http://www.w3.org/1999/xhtml">nodev</html:code> on partitions which contain their root
filesystems.</rationale>
          <ident system="https://ncp.nist.gov/cce">CCE-92462-1</ident>
          <fix xmlns:xhtml="http://www.w3.org/1999/xhtml" id="mount_option_nodev_removable_partitions" system="urn:xccdf:fix:script:sh"># Remediation is applicable only in certain platforms
if ( ! ( { rpm --quiet -q kernel ;} &amp;&amp; { rpm --quiet -q rpm-ostree ;} &amp;&amp; { rpm --quiet -q bootc ;} &amp;&amp; { ! rpm --quiet -q openshift-kubelet ;} &amp;&amp; ([ -f /run/ostree-booted ] || [ -L /ostree ]) ) &amp;&amp; ! ( [ -f /.dockerenv ] || [ -f /run/.containerenv ] ) ); then

var_removable_partition='<xccdf-1.2:sub xmlns:xccdf-1.2="http://checklists.nist.gov/xccdf/1.2" idref="xccdf_org.ssgproject.content_value_var_removable_partition" use="legacy"/>'


device_regex="^\s*$var_removable_partition\s\+"
mount_option="nodev"

if grep -q $device_regex /etc/fstab ; then
    previous_opts=$(grep $device_regex /etc/fstab | awk '{print $4}')
    sed -i "s|\($device_regex.*$previous_opts\)|\1,$mount_option|" /etc/fstab
else
    echo "Not remediating, because there is no record of $var_removable_partition in /etc/fstab" &gt;&amp;2
fi

else
    &gt;&amp;2 echo 'Remediation is not applicable, nothing was done'
fi
</fix>
          <fix xmlns:xhtml="http://www.w3.org/1999/xhtml" id="mount_option_nodev_removable_partitions" system="urn:xccdf:fix:script:ansible" complexity="low" disruption="high" strategy="configure">- name: Gather the package facts
  package_facts:
    manager: auto
  tags:
  - CCE-92462-1
  - NIST-800-53-AC-6
  - NIST-800-53-AC-6(1)
  - NIST-800-53-CM-6(a)
  - NIST-800-53-CM-7(a)
  - NIST-800-53-CM-7(b)
  - NIST-800-53-MP-7
  - configure_strategy
  - high_disruption
  - low_complexity
  - medium_severity
  - mount_option_nodev_removable_partitions
  - no_reboot_needed
- name: XCCDF Value var_removable_partition # promote to variable
  set_fact:
    var_removable_partition: !!str <xccdf-1.2:sub xmlns:xccdf-1.2="http://checklists.nist.gov/xccdf/1.2" idref="xccdf_org.ssgproject.content_value_var_removable_partition" use="legacy"/>
  tags:
    - always

- name: Ensure permission nodev are set on var_removable_partition
  ansible.builtin.lineinfile:
    path: /etc/fstab
    regexp: ^\s*({{ var_removable_partition }})\s+([^\s]*)\s+([^\s]*)\s+([^\s]*)(.*)$
    backrefs: true
    line: \1 \2 \3 \4,nodev \5
  when: ( not ( "kernel" in ansible_facts.packages and "rpm-ostree" in ansible_facts.packages
    and "bootc" in ansible_facts.packages and not "openshift-kubelet" in ansible_facts.packages
    and "ostree" in ansible_proc_cmdline ) and not ( ansible_virtualization_type in
    ["docker", "lxc", "openvz", "podman", "container"] ) )
  tags:
  - CCE-92462-1
  - NIST-800-53-AC-6
  - NIST-800-53-AC-6(1)
  - NIST-800-53-CM-6(a)
  - NIST-800-53-CM-7(a)
  - NIST-800-53-CM-7(b)
  - NIST-800-53-MP-7
  - configure_strategy
  - high_disruption
  - low_complexity
  - medium_severity
  - mount_option_nodev_removable_partitions
  - no_reboot_needed
</fix>
          <check system="http://oval.mitre.org/XMLSchema/oval-definitions-5">
            <check-export export-name="oval:ssg-var_removable_partition:var:1" value-id="xccdf_org.ssgproject.content_value_var_removable_partition"/>
            <check-content-ref name="oval:ssg-mount_option_nodev_removable_partitions:def:1" href="ssg-sle15-oval.xml"/>
          </check>
          <check system="http://scap.nist.gov/schema/ocil/2">
            <check-content-ref name="ocil:ssg-mount_option_nodev_removable_partitions_ocil:questionnaire:1" href="ssg-sle15-ocil.xml"/>
          </check>
        </Rule>
        <Rule id="xccdf_org.ssgproject.content_rule_mount_option_noexec_removable_partitions" selected="false" role="full" severity="medium">
          <title xmlns:xhtml="http://www.w3.org/1999/xhtml" xml:lang="en-US">Add noexec Option to Removable Media Partitions</title>
          <description xmlns:xhtml="http://www.w3.org/1999/xhtml" xml:lang="en-US">The <html:code xmlns:html="http://www.w3.org/1999/xhtml">noexec</html:code> mount option prevents the direct execution of binaries
on the mounted filesystem. Preventing the direct execution of binaries from
removable media (such as a USB key) provides a defense against malicious
software that may be present on such untrusted media.
Add the <html:code xmlns:html="http://www.w3.org/1999/xhtml">noexec</html:code> option to the fourth column of
<html:code xmlns:html="http://www.w3.org/1999/xhtml">/etc/fstab</html:code> for the line which controls mounting of

    any removable media partitions.</description>
          <reference href="https://www.cisecurity.org/controls/">11</reference>
          <reference href="https://www.cisecurity.org/controls/">12</reference>
          <reference href="https://www.cisecurity.org/controls/">13</reference>
          <reference href="https://www.cisecurity.org/controls/">14</reference>
          <reference href="https://www.cisecurity.org/controls/">16</reference>
          <reference href="https://www.cisecurity.org/controls/">3</reference>
          <reference href="https://www.cisecurity.org/controls/">8</reference>
          <reference href="https://www.cisecurity.org/controls/">9</reference>
          <reference href="https://www.isaca.org/resources/cobit">APO13.01</reference>
          <reference href="https://www.isaca.org/resources/cobit">BAI10.01</reference>
          <reference href="https://www.isaca.org/resources/cobit">BAI10.02</reference>
          <reference href="https://www.isaca.org/resources/cobit">BAI10.03</reference>
          <reference href="https://www.isaca.org/resources/cobit">BAI10.05</reference>
          <reference href="https://www.isaca.org/resources/cobit">DSS01.04</reference>
          <reference href="https://www.isaca.org/resources/cobit">DSS05.02</reference>
          <reference href="https://www.isaca.org/resources/cobit">DSS05.03</reference>
          <reference href="https://www.isaca.org/resources/cobit">DSS05.04</reference>
          <reference href="https://www.isaca.org/resources/cobit">DSS05.05</reference>
          <reference href="https://www.isaca.org/resources/cobit">DSS05.06</reference>
          <reference href="https://www.isaca.org/resources/cobit">DSS05.07</reference>
          <reference href="https://www.isaca.org/resources/cobit">DSS06.03</reference>
          <reference href="https://www.isaca.org/resources/cobit">DSS06.06</reference>
          <reference href="https://www.isa.org/products/isa-62443-2-1-2009-security-for-industrial-automat">4.3.3.2.2</reference>
          <reference href="https://www.isa.org/products/isa-62443-2-1-2009-security-for-industrial-automat">4.3.3.5.1</reference>
          <reference href="https://www.isa.org/products/isa-62443-2-1-2009-security-for-industrial-automat">4.3.3.5.2</reference>
          <reference href="https://www.isa.org/products/isa-62443-2-1-2009-security-for-industrial-automat">4.3.3.5.3</reference>
          <reference href="https://www.isa.org/products/isa-62443-2-1-2009-security-for-industrial-automat">4.3.3.5.4</reference>
          <reference href="https://www.isa.org/products/isa-62443-2-1-2009-security-for-industrial-automat">4.3.3.5.5</reference>
          <reference href="https://www.isa.org/products/isa-62443-2-1-2009-security-for-industrial-automat">4.3.3.5.6</reference>
          <reference href="https://www.isa.org/products/isa-62443-2-1-2009-security-for-industrial-automat">4.3.3.5.7</reference>
          <reference href="https://www.isa.org/products/isa-62443-2-1-2009-security-for-industrial-automat">4.3.3.5.8</reference>
          <reference href="https://www.isa.org/products/isa-62443-2-1-2009-security-for-industrial-automat">4.3.3.6.1</reference>
          <reference href="https://www.isa.org/products/isa-62443-2-1-2009-security-for-industrial-automat">4.3.3.6.2</reference>
          <reference href="https://www.isa.org/products/isa-62443-2-1-2009-security-for-industrial-automat">4.3.3.6.3</reference>
          <reference href="https://www.isa.org/products/isa-62443-2-1-2009-security-for-industrial-automat">4.3.3.6.4</reference>
          <reference href="https://www.isa.org/products/isa-62443-2-1-2009-security-for-industrial-automat">4.3.3.6.5</reference>
          <reference href="https://www.isa.org/products/isa-62443-2-1-2009-security-for-industrial-automat">4.3.3.6.6</reference>
          <reference href="https://www.isa.org/products/isa-62443-2-1-2009-security-for-industrial-automat">4.3.3.6.7</reference>
          <reference href="https://www.isa.org/products/isa-62443-2-1-2009-security-for-industrial-automat">4.3.3.6.8</reference>
          <reference href="https://www.isa.org/products/isa-62443-2-1-2009-security-for-industrial-automat">4.3.3.6.9</reference>
          <reference href="https://www.isa.org/products/isa-62443-2-1-2009-security-for-industrial-automat">4.3.3.7.1</reference>
          <reference href="https://www.isa.org/products/isa-62443-2-1-2009-security-for-industrial-automat">4.3.3.7.2</reference>
          <reference href="https://www.isa.org/products/isa-62443-2-1-2009-security-for-industrial-automat">4.3.3.7.3</reference>
          <reference href="https://www.isa.org/products/isa-62443-2-1-2009-security-for-industrial-automat">4.3.3.7.4</reference>
          <reference href="https://www.isa.org/products/isa-62443-2-1-2009-security-for-industrial-automat">4.3.4.3.2</reference>
          <reference href="https://www.isa.org/products/isa-62443-2-1-2009-security-for-industrial-automat">4.3.4.3.3</reference>
          <reference href="https://www.isa.org/products/ansi-isa-62443-3-3-99-03-03-2013-security-for-indu">SR 1.1</reference>
          <reference href="https://www.isa.org/products/ansi-isa-62443-3-3-99-03-03-2013-security-for-indu">SR 1.10</reference>
          <reference href="https://www.isa.org/products/ansi-isa-62443-3-3-99-03-03-2013-security-for-indu">SR 1.11</reference>
          <reference href="https://www.isa.org/products/ansi-isa-62443-3-3-99-03-03-2013-security-for-indu">SR 1.12</reference>
          <reference href="https://www.isa.org/products/ansi-isa-62443-3-3-99-03-03-2013-security-for-indu">SR 1.13</reference>
          <reference href="https://www.isa.org/products/ansi-isa-62443-3-3-99-03-03-2013-security-for-indu">SR 1.2</reference>
          <reference href="https://www.isa.org/products/ansi-isa-62443-3-3-99-03-03-2013-security-for-indu">SR 1.3</reference>
          <reference href="https://www.isa.org/products/ansi-isa-62443-3-3-99-03-03-2013-security-for-indu">SR 1.4</reference>
          <reference href="https://www.isa.org/products/ansi-isa-62443-3-3-99-03-03-2013-security-for-indu">SR 1.5</reference>
          <reference href="https://www.isa.org/products/ansi-isa-62443-3-3-99-03-03-2013-security-for-indu">SR 1.6</reference>
          <reference href="https://www.isa.org/products/ansi-isa-62443-3-3-99-03-03-2013-security-for-indu">SR 1.7</reference>
          <reference href="https://www.isa.org/products/ansi-isa-62443-3-3-99-03-03-2013-security-for-indu">SR 1.8</reference>
          <reference href="https://www.isa.org/products/ansi-isa-62443-3-3-99-03-03-2013-security-for-indu">SR 1.9</reference>
          <reference href="https://www.isa.org/products/ansi-isa-62443-3-3-99-03-03-2013-security-for-indu">SR 2.1</reference>
          <reference href="https://www.isa.org/products/ansi-isa-62443-3-3-99-03-03-2013-security-for-indu">SR 2.2</reference>
          <reference href="https://www.isa.org/products/ansi-isa-62443-3-3-99-03-03-2013-security-for-indu">SR 2.3</reference>
          <reference href="https://www.isa.org/products/ansi-isa-62443-3-3-99-03-03-2013-security-for-indu">SR 2.4</reference>
          <reference href="https://www.isa.org/products/ansi-isa-62443-3-3-99-03-03-2013-security-for-indu">SR 2.5</reference>
          <reference href="https://www.isa.org/products/ansi-isa-62443-3-3-99-03-03-2013-security-for-indu">SR 2.6</reference>
          <reference href="https://www.isa.org/products/ansi-isa-62443-3-3-99-03-03-2013-security-for-indu">SR 2.7</reference>
          <reference href="https://www.isa.org/products/ansi-isa-62443-3-3-99-03-03-2013-security-for-indu">SR 7.6</reference>
          <reference href="https://www.iso.org/contents/data/standard/05/45/54534.html">A.11.2.6</reference>
          <reference href="https://www.iso.org/contents/data/standard/05/45/54534.html">A.11.2.9</reference>
          <reference href="https://www.iso.org/contents/data/standard/05/45/54534.html">A.12.1.2</reference>
          <reference href="https://www.iso.org/contents/data/standard/05/45/54534.html">A.12.5.1</reference>
          <reference href="https://www.iso.org/contents/data/standard/05/45/54534.html">A.12.6.2</reference>
          <reference href="https://www.iso.org/contents/data/standard/05/45/54534.html">A.13.1.1</reference>
          <reference href="https://www.iso.org/contents/data/standard/05/45/54534.html">A.13.2.1</reference>
          <reference href="https://www.iso.org/contents/data/standard/05/45/54534.html">A.14.2.2</reference>
          <reference href="https://www.iso.org/contents/data/standard/05/45/54534.html">A.14.2.3</reference>
          <reference href="https://www.iso.org/contents/data/standard/05/45/54534.html">A.14.2.4</reference>
          <reference href="https://www.iso.org/contents/data/standard/05/45/54534.html">A.6.2.1</reference>
          <reference href="https://www.iso.org/contents/data/standard/05/45/54534.html">A.6.2.2</reference>
          <reference href="https://www.iso.org/contents/data/standard/05/45/54534.html">A.7.1.1</reference>
          <reference href="https://www.iso.org/contents/data/standard/05/45/54534.html">A.8.2.1</reference>
          <reference href="https://www.iso.org/contents/data/standard/05/45/54534.html">A.8.2.2</reference>
          <reference href="https://www.iso.org/contents/data/standard/05/45/54534.html">A.8.2.3</reference>
          <reference href="https://www.iso.org/contents/data/standard/05/45/54534.html">A.8.3.1</reference>
          <reference href="https://www.iso.org/contents/data/standard/05/45/54534.html">A.8.3.3</reference>
          <reference href="https://www.iso.org/contents/data/standard/05/45/54534.html">A.9.1.2</reference>
          <reference href="https://www.iso.org/contents/data/standard/05/45/54534.html">A.9.2.1</reference>
          <reference href="https://www.nerc.com/standards/reliability-standards/cip">CIP-003-8 R5.1.1</reference>
          <reference href="https://www.nerc.com/standards/reliability-standards/cip">CIP-003-8 R5.3</reference>
          <reference href="https://www.nerc.com/standards/reliability-standards/cip">CIP-004-6 R2.3</reference>
          <reference href="https://www.nerc.com/standards/reliability-standards/cip">CIP-007-3 R2.1</reference>
          <reference href="https://www.nerc.com/standards/reliability-standards/cip">CIP-007-3 R2.2</reference>
          <reference href="https://www.nerc.com/standards/reliability-standards/cip">CIP-007-3 R2.3</reference>
          <reference href="https://www.nerc.com/standards/reliability-standards/cip">CIP-007-3 R5.1</reference>
          <reference href="https://www.nerc.com/standards/reliability-standards/cip">CIP-007-3 R5.1.1</reference>
          <reference href="https://www.nerc.com/standards/reliability-standards/cip">CIP-007-3 R5.1.2</reference>
          <reference href="http://nvlpubs.nist.gov/nistpubs/SpecialPublications/NIST.SP.800-53r4.pdf">CM-7(a)</reference>
          <reference href="http://nvlpubs.nist.gov/nistpubs/SpecialPublications/NIST.SP.800-53r4.pdf">CM-7(b)</reference>
          <reference href="http://nvlpubs.nist.gov/nistpubs/SpecialPublications/NIST.SP.800-53r4.pdf">CM-6(a)</reference>
          <reference href="http://nvlpubs.nist.gov/nistpubs/SpecialPublications/NIST.SP.800-53r4.pdf">AC-6</reference>
          <reference href="http://nvlpubs.nist.gov/nistpubs/SpecialPublications/NIST.SP.800-53r4.pdf">AC-6(1)</reference>
          <reference href="http://nvlpubs.nist.gov/nistpubs/SpecialPublications/NIST.SP.800-53r4.pdf">MP-7</reference>
          <reference href="https://nvlpubs.nist.gov/nistpubs/CSWP/NIST.CSWP.04162018.pdf">PR.AC-3</reference>
          <reference href="https://nvlpubs.nist.gov/nistpubs/CSWP/NIST.CSWP.04162018.pdf">PR.AC-6</reference>
          <reference href="https://nvlpubs.nist.gov/nistpubs/CSWP/NIST.CSWP.04162018.pdf">PR.IP-1</reference>
          <reference href="https://nvlpubs.nist.gov/nistpubs/CSWP/NIST.CSWP.04162018.pdf">PR.PT-2</reference>
          <reference href="https://nvlpubs.nist.gov/nistpubs/CSWP/NIST.CSWP.04162018.pdf">PR.PT-3</reference>
          <reference href="https://www.cyber.mil/stigs/downloads/?_dl_facet_stigs=operating-systems%2Cgeneral-purpose-os">SRG-OS-000480-GPOS-00227</reference>
          <reference href="https://www.cisecurity.org/benchmark/suse_linux/">1.1.19</reference>
          <rationale xmlns:xhtml="http://www.w3.org/1999/xhtml" xml:lang="en-US">Allowing users to execute binaries from removable media such as USB keys exposes
the system to potential compromise.</rationale>
          <ident system="https://ncp.nist.gov/cce">CCE-92461-3</ident>
          <fix xmlns:xhtml="http://www.w3.org/1999/xhtml" id="mount_option_noexec_removable_partitions" system="urn:xccdf:fix:script:sh"># Remediation is applicable only in certain platforms
if ( ! ( { rpm --quiet -q kernel ;} &amp;&amp; { rpm --quiet -q rpm-ostree ;} &amp;&amp; { rpm --quiet -q bootc ;} &amp;&amp; { ! rpm --quiet -q openshift-kubelet ;} &amp;&amp; ([ -f /run/ostree-booted ] || [ -L /ostree ]) ) &amp;&amp; ! ( [ -f /.dockerenv ] || [ -f /run/.containerenv ] ) ); then

var_removable_partition='<xccdf-1.2:sub xmlns:xccdf-1.2="http://checklists.nist.gov/xccdf/1.2" idref="xccdf_org.ssgproject.content_value_var_removable_partition" use="legacy"/>'


device_regex="^\s*$var_removable_partition\s\+"
mount_option="noexec"

if grep -q $device_regex /etc/fstab ; then
    previous_opts=$(grep $device_regex /etc/fstab | awk '{print $4}')
    sed -i "s|\($device_regex.*$previous_opts\)|\1,$mount_option|" /etc/fstab
else
    echo "Not remediating, because there is no record of $var_removable_partition in /etc/fstab" &gt;&amp;2
fi

else
    &gt;&amp;2 echo 'Remediation is not applicable, nothing was done'
fi
</fix>
          <fix xmlns:xhtml="http://www.w3.org/1999/xhtml" id="mount_option_noexec_removable_partitions" system="urn:xccdf:fix:script:ansible" complexity="low" disruption="high" strategy="configure">- name: Gather the package facts
  package_facts:
    manager: auto
  tags:
  - CCE-92461-3
  - NIST-800-53-AC-6
  - NIST-800-53-AC-6(1)
  - NIST-800-53-CM-6(a)
  - NIST-800-53-CM-7(a)
  - NIST-800-53-CM-7(b)
  - NIST-800-53-MP-7
  - configure_strategy
  - high_disruption
  - low_complexity
  - medium_severity
  - mount_option_noexec_removable_partitions
  - no_reboot_needed
- name: XCCDF Value var_removable_partition # promote to variable
  set_fact:
    var_removable_partition: !!str <xccdf-1.2:sub xmlns:xccdf-1.2="http://checklists.nist.gov/xccdf/1.2" idref="xccdf_org.ssgproject.content_value_var_removable_partition" use="legacy"/>
  tags:
    - always

- name: Ensure permission noexec are set on var_removable_partition
  ansible.builtin.lineinfile:
    path: /etc/fstab
    regexp: ^\s*({{ var_removable_partition }})\s+([^\s]*)\s+([^\s]*)\s+([^\s]*)(.*)$
    backrefs: true
    line: \1 \2 \3 \4,noexec \5
  when: ( not ( "kernel" in ansible_facts.packages and "rpm-ostree" in ansible_facts.packages
    and "bootc" in ansible_facts.packages and not "openshift-kubelet" in ansible_facts.packages
    and "ostree" in ansible_proc_cmdline ) and not ( ansible_virtualization_type in
    ["docker", "lxc", "openvz", "podman", "container"] ) )
  tags:
  - CCE-92461-3
  - NIST-800-53-AC-6
  - NIST-800-53-AC-6(1)
  - NIST-800-53-CM-6(a)
  - NIST-800-53-CM-7(a)
  - NIST-800-53-CM-7(b)
  - NIST-800-53-MP-7
  - configure_strategy
  - high_disruption
  - low_complexity
  - medium_severity
  - mount_option_noexec_removable_partitions
  - no_reboot_needed
</fix>
          <check system="http://oval.mitre.org/XMLSchema/oval-definitions-5">
            <check-export export-name="oval:ssg-var_removable_partition:var:1" value-id="xccdf_org.ssgproject.content_value_var_removable_partition"/>
            <check-content-ref name="oval:ssg-mount_option_noexec_removable_partitions:def:1" href="ssg-sle15-oval.xml"/>
          </check>
          <check system="http://scap.nist.gov/schema/ocil/2">
            <check-content-ref name="ocil:ssg-mount_option_noexec_removable_partitions_ocil:questionnaire:1" href="ssg-sle15-ocil.xml"/>
          </check>
        </Rule>
        <Rule id="xccdf_org.ssgproject.content_rule_mount_option_nosuid_removable_partitions" selected="false" role="full" severity="medium">
          <title xmlns:xhtml="http://www.w3.org/1999/xhtml" xml:lang="en-US">Add nosuid Option to Removable Media Partitions</title>
          <description xmlns:xhtml="http://www.w3.org/1999/xhtml" xml:lang="en-US">The <html:code xmlns:html="http://www.w3.org/1999/xhtml">nosuid</html:code> mount option prevents set-user-identifier (SUID)
and set-group-identifier (SGID) permissions from taking effect. These permissions
allow users to execute binaries with the same permissions as the owner and group
of the file respectively. Users should not be allowed to introduce SUID and SGID
files into the system via partitions mounted from removable media.
Add the <html:code xmlns:html="http://www.w3.org/1999/xhtml">nosuid</html:code> option to the fourth column of
<html:code xmlns:html="http://www.w3.org/1999/xhtml">/etc/fstab</html:code> for the line which controls mounting of

    any removable media partitions.</description>
          <reference href="https://www.cisecurity.org/controls/">11</reference>
          <reference href="https://www.cisecurity.org/controls/">12</reference>
          <reference href="https://www.cisecurity.org/controls/">13</reference>
          <reference href="https://www.cisecurity.org/controls/">14</reference>
          <reference href="https://www.cisecurity.org/controls/">15</reference>
          <reference href="https://www.cisecurity.org/controls/">16</reference>
          <reference href="https://www.cisecurity.org/controls/">18</reference>
          <reference href="https://www.cisecurity.org/controls/">3</reference>
          <reference href="https://www.cisecurity.org/controls/">5</reference>
          <reference href="https://www.cisecurity.org/controls/">8</reference>
          <reference href="https://www.cisecurity.org/controls/">9</reference>
          <reference href="https://www.isaca.org/resources/cobit">APO01.06</reference>
          <reference href="https://www.isaca.org/resources/cobit">APO13.01</reference>
          <reference href="https://www.isaca.org/resources/cobit">BAI10.01</reference>
          <reference href="https://www.isaca.org/resources/cobit">BAI10.02</reference>
          <reference href="https://www.isaca.org/resources/cobit">BAI10.03</reference>
          <reference href="https://www.isaca.org/resources/cobit">BAI10.05</reference>
          <reference href="https://www.isaca.org/resources/cobit">DSS01.04</reference>
          <reference href="https://www.isaca.org/resources/cobit">DSS05.02</reference>
          <reference href="https://www.isaca.org/resources/cobit">DSS05.03</reference>
          <reference href="https://www.isaca.org/resources/cobit">DSS05.04</reference>
          <reference href="https://www.isaca.org/resources/cobit">DSS05.05</reference>
          <reference href="https://www.isaca.org/resources/cobit">DSS05.06</reference>
          <reference href="https://www.isaca.org/resources/cobit">DSS05.07</reference>
          <reference href="https://www.isaca.org/resources/cobit">DSS06.02</reference>
          <reference href="https://www.isaca.org/resources/cobit">DSS06.03</reference>
          <reference href="https://www.isaca.org/resources/cobit">DSS06.06</reference>
          <reference href="https://www.isa.org/products/isa-62443-2-1-2009-security-for-industrial-automat">4.3.3.2.2</reference>
          <reference href="https://www.isa.org/products/isa-62443-2-1-2009-security-for-industrial-automat">4.3.3.5.1</reference>
          <reference href="https://www.isa.org/products/isa-62443-2-1-2009-security-for-industrial-automat">4.3.3.5.2</reference>
          <reference href="https://www.isa.org/products/isa-62443-2-1-2009-security-for-industrial-automat">4.3.3.5.3</reference>
          <reference href="https://www.isa.org/products/isa-62443-2-1-2009-security-for-industrial-automat">4.3.3.5.4</reference>
          <reference href="https://www.isa.org/products/isa-62443-2-1-2009-security-for-industrial-automat">4.3.3.5.5</reference>
          <reference href="https://www.isa.org/products/isa-62443-2-1-2009-security-for-industrial-automat">4.3.3.5.6</reference>
          <reference href="https://www.isa.org/products/isa-62443-2-1-2009-security-for-industrial-automat">4.3.3.5.7</reference>
          <reference href="https://www.isa.org/products/isa-62443-2-1-2009-security-for-industrial-automat">4.3.3.5.8</reference>
          <reference href="https://www.isa.org/products/isa-62443-2-1-2009-security-for-industrial-automat">4.3.3.6.1</reference>
          <reference href="https://www.isa.org/products/isa-62443-2-1-2009-security-for-industrial-automat">4.3.3.6.2</reference>
          <reference href="https://www.isa.org/products/isa-62443-2-1-2009-security-for-industrial-automat">4.3.3.6.3</reference>
          <reference href="https://www.isa.org/products/isa-62443-2-1-2009-security-for-industrial-automat">4.3.3.6.4</reference>
          <reference href="https://www.isa.org/products/isa-62443-2-1-2009-security-for-industrial-automat">4.3.3.6.5</reference>
          <reference href="https://www.isa.org/products/isa-62443-2-1-2009-security-for-industrial-automat">4.3.3.6.6</reference>
          <reference href="https://www.isa.org/products/isa-62443-2-1-2009-security-for-industrial-automat">4.3.3.6.7</reference>
          <reference href="https://www.isa.org/products/isa-62443-2-1-2009-security-for-industrial-automat">4.3.3.6.8</reference>
          <reference href="https://www.isa.org/products/isa-62443-2-1-2009-security-for-industrial-automat">4.3.3.6.9</reference>
          <reference href="https://www.isa.org/products/isa-62443-2-1-2009-security-for-industrial-automat">4.3.3.7.1</reference>
          <reference href="https://www.isa.org/products/isa-62443-2-1-2009-security-for-industrial-automat">4.3.3.7.2</reference>
          <reference href="https://www.isa.org/products/isa-62443-2-1-2009-security-for-industrial-automat">4.3.3.7.3</reference>
          <reference href="https://www.isa.org/products/isa-62443-2-1-2009-security-for-industrial-automat">4.3.3.7.4</reference>
          <reference href="https://www.isa.org/products/isa-62443-2-1-2009-security-for-industrial-automat">4.3.4.3.2</reference>
          <reference href="https://www.isa.org/products/isa-62443-2-1-2009-security-for-industrial-automat">4.3.4.3.3</reference>
          <reference href="https://www.isa.org/products/ansi-isa-62443-3-3-99-03-03-2013-security-for-indu">SR 1.1</reference>
          <reference href="https://www.isa.org/products/ansi-isa-62443-3-3-99-03-03-2013-security-for-indu">SR 1.10</reference>
          <reference href="https://www.isa.org/products/ansi-isa-62443-3-3-99-03-03-2013-security-for-indu">SR 1.11</reference>
          <reference href="https://www.isa.org/products/ansi-isa-62443-3-3-99-03-03-2013-security-for-indu">SR 1.12</reference>
          <reference href="https://www.isa.org/products/ansi-isa-62443-3-3-99-03-03-2013-security-for-indu">SR 1.13</reference>
          <reference href="https://www.isa.org/products/ansi-isa-62443-3-3-99-03-03-2013-security-for-indu">SR 1.2</reference>
          <reference href="https://www.isa.org/products/ansi-isa-62443-3-3-99-03-03-2013-security-for-indu">SR 1.3</reference>
          <reference href="https://www.isa.org/products/ansi-isa-62443-3-3-99-03-03-2013-security-for-indu">SR 1.4</reference>
          <reference href="https://www.isa.org/products/ansi-isa-62443-3-3-99-03-03-2013-security-for-indu">SR 1.5</reference>
          <reference href="https://www.isa.org/products/ansi-isa-62443-3-3-99-03-03-2013-security-for-indu">SR 1.6</reference>
          <reference href="https://www.isa.org/products/ansi-isa-62443-3-3-99-03-03-2013-security-for-indu">SR 1.7</reference>
          <reference href="https://www.isa.org/products/ansi-isa-62443-3-3-99-03-03-2013-security-for-indu">SR 1.8</reference>
          <reference href="https://www.isa.org/products/ansi-isa-62443-3-3-99-03-03-2013-security-for-indu">SR 1.9</reference>
          <reference href="https://www.isa.org/products/ansi-isa-62443-3-3-99-03-03-2013-security-for-indu">SR 2.1</reference>
          <reference href="https://www.isa.org/products/ansi-isa-62443-3-3-99-03-03-2013-security-for-indu">SR 2.2</reference>
          <reference href="https://www.isa.org/products/ansi-isa-62443-3-3-99-03-03-2013-security-for-indu">SR 2.3</reference>
          <reference href="https://www.isa.org/products/ansi-isa-62443-3-3-99-03-03-2013-security-for-indu">SR 2.4</reference>
          <reference href="https://www.isa.org/products/ansi-isa-62443-3-3-99-03-03-2013-security-for-indu">SR 2.5</reference>
          <reference href="https://www.isa.org/products/ansi-isa-62443-3-3-99-03-03-2013-security-for-indu">SR 2.6</reference>
          <reference href="https://www.isa.org/products/ansi-isa-62443-3-3-99-03-03-2013-security-for-indu">SR 2.7</reference>
          <reference href="https://www.isa.org/products/ansi-isa-62443-3-3-99-03-03-2013-security-for-indu">SR 5.2</reference>
          <reference href="https://www.isa.org/products/ansi-isa-62443-3-3-99-03-03-2013-security-for-indu">SR 7.6</reference>
          <reference href="https://www.iso.org/contents/data/standard/05/45/54534.html">A.10.1.1</reference>
          <reference href="https://www.iso.org/contents/data/standard/05/45/54534.html">A.11.1.4</reference>
          <reference href="https://www.iso.org/contents/data/standard/05/45/54534.html">A.11.1.5</reference>
          <reference href="https://www.iso.org/contents/data/standard/05/45/54534.html">A.11.2.1</reference>
          <reference href="https://www.iso.org/contents/data/standard/05/45/54534.html">A.11.2.6</reference>
          <reference href="https://www.iso.org/contents/data/standard/05/45/54534.html">A.11.2.9</reference>
          <reference href="https://www.iso.org/contents/data/standard/05/45/54534.html">A.12.1.2</reference>
          <reference href="https://www.iso.org/contents/data/standard/05/45/54534.html">A.12.5.1</reference>
          <reference href="https://www.iso.org/contents/data/standard/05/45/54534.html">A.12.6.2</reference>
          <reference href="https://www.iso.org/contents/data/standard/05/45/54534.html">A.13.1.1</reference>
          <reference href="https://www.iso.org/contents/data/standard/05/45/54534.html">A.13.1.3</reference>
          <reference href="https://www.iso.org/contents/data/standard/05/45/54534.html">A.13.2.1</reference>
          <reference href="https://www.iso.org/contents/data/standard/05/45/54534.html">A.13.2.3</reference>
          <reference href="https://www.iso.org/contents/data/standard/05/45/54534.html">A.13.2.4</reference>
          <reference href="https://www.iso.org/contents/data/standard/05/45/54534.html">A.14.1.2</reference>
          <reference href="https://www.iso.org/contents/data/standard/05/45/54534.html">A.14.1.3</reference>
          <reference href="https://www.iso.org/contents/data/standard/05/45/54534.html">A.14.2.2</reference>
          <reference href="https://www.iso.org/contents/data/standard/05/45/54534.html">A.14.2.3</reference>
          <reference href="https://www.iso.org/contents/data/standard/05/45/54534.html">A.14.2.4</reference>
          <reference href="https://www.iso.org/contents/data/standard/05/45/54534.html">A.6.1.2</reference>
          <reference href="https://www.iso.org/contents/data/standard/05/45/54534.html">A.6.2.1</reference>
          <reference href="https://www.iso.org/contents/data/standard/05/45/54534.html">A.6.2.2</reference>
          <reference href="https://www.iso.org/contents/data/standard/05/45/54534.html">A.7.1.1</reference>
          <reference href="https://www.iso.org/contents/data/standard/05/45/54534.html">A.7.1.2</reference>
          <reference href="https://www.iso.org/contents/data/standard/05/45/54534.html">A.7.3.1</reference>
          <reference href="https://www.iso.org/contents/data/standard/05/45/54534.html">A.8.2.1</reference>
          <reference href="https://www.iso.org/contents/data/standard/05/45/54534.html">A.8.2.2</reference>
          <reference href="https://www.iso.org/contents/data/standard/05/45/54534.html">A.8.2.3</reference>
          <reference href="https://www.iso.org/contents/data/standard/05/45/54534.html">A.8.3.1</reference>
          <reference href="https://www.iso.org/contents/data/standard/05/45/54534.html">A.8.3.3</reference>
          <reference href="https://www.iso.org/contents/data/standard/05/45/54534.html">A.9.1.1</reference>
          <reference href="https://www.iso.org/contents/data/standard/05/45/54534.html">A.9.1.2</reference>
          <reference href="https://www.iso.org/contents/data/standard/05/45/54534.html">A.9.2.1</reference>
          <reference href="https://www.iso.org/contents/data/standard/05/45/54534.html">A.9.2.3</reference>
          <reference href="https://www.iso.org/contents/data/standard/05/45/54534.html">A.9.4.1</reference>
          <reference href="https://www.iso.org/contents/data/standard/05/45/54534.html">A.9.4.4</reference>
          <reference href="https://www.iso.org/contents/data/standard/05/45/54534.html">A.9.4.5</reference>
          <reference href="https://www.nerc.com/standards/reliability-standards/cip">CIP-003-8 R5.1.1</reference>
          <reference href="https://www.nerc.com/standards/reliability-standards/cip">CIP-003-8 R5.3</reference>
          <reference href="https://www.nerc.com/standards/reliability-standards/cip">CIP-004-6 R2.3</reference>
          <reference href="https://www.nerc.com/standards/reliability-standards/cip">CIP-007-3 R2.1</reference>
          <reference href="https://www.nerc.com/standards/reliability-standards/cip">CIP-007-3 R2.2</reference>
          <reference href="https://www.nerc.com/standards/reliability-standards/cip">CIP-007-3 R2.3</reference>
          <reference href="https://www.nerc.com/standards/reliability-standards/cip">CIP-007-3 R5.1</reference>
          <reference href="https://www.nerc.com/standards/reliability-standards/cip">CIP-007-3 R5.1.1</reference>
          <reference href="https://www.nerc.com/standards/reliability-standards/cip">CIP-007-3 R5.1.2</reference>
          <reference href="http://nvlpubs.nist.gov/nistpubs/SpecialPublications/NIST.SP.800-53r4.pdf">CM-7(a)</reference>
          <reference href="http://nvlpubs.nist.gov/nistpubs/SpecialPublications/NIST.SP.800-53r4.pdf">CM-7(b)</reference>
          <reference href="http://nvlpubs.nist.gov/nistpubs/SpecialPublications/NIST.SP.800-53r4.pdf">CM-6(a)</reference>
          <reference href="http://nvlpubs.nist.gov/nistpubs/SpecialPublications/NIST.SP.800-53r4.pdf">AC-6</reference>
          <reference href="http://nvlpubs.nist.gov/nistpubs/SpecialPublications/NIST.SP.800-53r4.pdf">AC-6(1)</reference>
          <reference href="http://nvlpubs.nist.gov/nistpubs/SpecialPublications/NIST.SP.800-53r4.pdf">MP-7</reference>
          <reference href="https://nvlpubs.nist.gov/nistpubs/CSWP/NIST.CSWP.04162018.pdf">PR.AC-3</reference>
          <reference href="https://nvlpubs.nist.gov/nistpubs/CSWP/NIST.CSWP.04162018.pdf">PR.AC-4</reference>
          <reference href="https://nvlpubs.nist.gov/nistpubs/CSWP/NIST.CSWP.04162018.pdf">PR.AC-6</reference>
          <reference href="https://nvlpubs.nist.gov/nistpubs/CSWP/NIST.CSWP.04162018.pdf">PR.DS-5</reference>
          <reference href="https://nvlpubs.nist.gov/nistpubs/CSWP/NIST.CSWP.04162018.pdf">PR.IP-1</reference>
          <reference href="https://nvlpubs.nist.gov/nistpubs/CSWP/NIST.CSWP.04162018.pdf">PR.PT-2</reference>
          <reference href="https://nvlpubs.nist.gov/nistpubs/CSWP/NIST.CSWP.04162018.pdf">PR.PT-3</reference>
          <reference href="https://www.cyber.mil/stigs/downloads/?_dl_facet_stigs=operating-systems%2Cgeneral-purpose-os">SRG-OS-000480-GPOS-00227</reference>
          <reference href="https://www.cyber.mil/stigs/downloads/?_dl_facet_stigs=operating-systems%2Cunix-linux">SLES-15-040150</reference>
          <reference href="https://www.cisecurity.org/benchmark/suse_linux/">1.1.21</reference>
          <reference href="https://www.cyber.mil/stigs/srg-stig-tools/">SV-234999r991589_rule</reference>
          <rationale xmlns:xhtml="http://www.w3.org/1999/xhtml" xml:lang="en-US">The presence of SUID and SGID executables should be tightly controlled. Allowing
users to introduce SUID or SGID binaries from partitions mounted off of
removable media would allow them to introduce their own highly-privileged programs.</rationale>
          <ident system="https://ncp.nist.gov/cce">CCE-85634-4</ident>
          <fix xmlns:xhtml="http://www.w3.org/1999/xhtml" id="mount_option_nosuid_removable_partitions" system="urn:xccdf:fix:script:sh"># Remediation is applicable only in certain platforms
if ( ! ( { rpm --quiet -q kernel ;} &amp;&amp; { rpm --quiet -q rpm-ostree ;} &amp;&amp; { rpm --quiet -q bootc ;} &amp;&amp; { ! rpm --quiet -q openshift-kubelet ;} &amp;&amp; ([ -f /run/ostree-booted ] || [ -L /ostree ]) ) &amp;&amp; ! ( [ -f /.dockerenv ] || [ -f /run/.containerenv ] ) ); then

var_removable_partition='<xccdf-1.2:sub xmlns:xccdf-1.2="http://checklists.nist.gov/xccdf/1.2" idref="xccdf_org.ssgproject.content_value_var_removable_partition" use="legacy"/>'


device_regex="^\s*$var_removable_partition\s\+"
mount_option="nosuid"

if grep -q $device_regex /etc/fstab ; then
    previous_opts=$(grep $device_regex /etc/fstab | awk '{print $4}')
    sed -i "s|\($device_regex.*$previous_opts\)|\1,$mount_option|" /etc/fstab
else
    echo "Not remediating, because there is no record of $var_removable_partition in /etc/fstab" &gt;&amp;2
fi

else
    &gt;&amp;2 echo 'Remediation is not applicable, nothing was done'
fi
</fix>
          <fix xmlns:xhtml="http://www.w3.org/1999/xhtml" id="mount_option_nosuid_removable_partitions" system="urn:xccdf:fix:script:ansible" complexity="low" disruption="high" strategy="configure">- name: Gather the package facts
  package_facts:
    manager: auto
  tags:
  - CCE-85634-4
  - DISA-STIG-SLES-15-040150
  - NIST-800-53-AC-6
  - NIST-800-53-AC-6(1)
  - NIST-800-53-CM-6(a)
  - NIST-800-53-CM-7(a)
  - NIST-800-53-CM-7(b)
  - NIST-800-53-MP-7
  - configure_strategy
  - high_disruption
  - low_complexity
  - medium_severity
  - mount_option_nosuid_removable_partitions
  - no_reboot_needed
- name: XCCDF Value var_removable_partition # promote to variable
  set_fact:
    var_removable_partition: !!str <xccdf-1.2:sub xmlns:xccdf-1.2="http://checklists.nist.gov/xccdf/1.2" idref="xccdf_org.ssgproject.content_value_var_removable_partition" use="legacy"/>
  tags:
    - always

- name: Ensure permission nosuid are set on var_removable_partition
  ansible.builtin.lineinfile:
    path: /etc/fstab
    regexp: ^\s*({{ var_removable_partition }})\s+([^\s]*)\s+([^\s]*)\s+([^\s]*)(.*)$
    backrefs: true
    line: \1 \2 \3 \4,nosuid \5
  when: ( not ( "kernel" in ansible_facts.packages and "rpm-ostree" in ansible_facts.packages
    and "bootc" in ansible_facts.packages and not "openshift-kubelet" in ansible_facts.packages
    and "ostree" in ansible_proc_cmdline ) and not ( ansible_virtualization_type in
    ["docker", "lxc", "openvz", "podman", "container"] ) )
  tags:
  - CCE-85634-4
  - DISA-STIG-SLES-15-040150
  - NIST-800-53-AC-6
  - NIST-800-53-AC-6(1)
  - NIST-800-53-CM-6(a)
  - NIST-800-53-CM-7(a)
  - NIST-800-53-CM-7(b)
  - NIST-800-53-MP-7
  - configure_strategy
  - high_disruption
  - low_complexity
  - medium_severity
  - mount_option_nosuid_removable_partitions
  - no_reboot_needed
</fix>
          <check system="http://oval.mitre.org/XMLSchema/oval-definitions-5">
            <check-export export-name="oval:ssg-var_removable_partition:var:1" value-id="xccdf_org.ssgproject.content_value_var_removable_partition"/>
            <check-content-ref name="oval:ssg-mount_option_nosuid_removable_partitions:def:1" href="ssg-sle15-oval.xml"/>
          </check>
          <check system="http://scap.nist.gov/schema/ocil/2">
            <check-content-ref name="ocil:ssg-mount_option_nosuid_removable_partitions_ocil:questionnaire:1" href="ssg-sle15-ocil.xml"/>
          </check>
        </Rule>
        <Rule id="xccdf_org.ssgproject.content_rule_mount_option_opt_nosuid" selected="false" role="full" severity="medium">
          <title xmlns:xhtml="http://www.w3.org/1999/xhtml" xml:lang="en-US">Add nosuid Option to /opt</title>
          <description xmlns:xhtml="http://www.w3.org/1999/xhtml" xml:lang="en-US">The <html:code xmlns:html="http://www.w3.org/1999/xhtml">nosuid</html:code> mount option can be used to prevent
execution of setuid programs in <html:code xmlns:html="http://www.w3.org/1999/xhtml">/opt</html:code>. The SUID and SGID permissions
should not be required in this directory.
Add the <html:code xmlns:html="http://www.w3.org/1999/xhtml">nosuid</html:code> option to the fourth column of
<html:code xmlns:html="http://www.w3.org/1999/xhtml">/etc/fstab</html:code> for the line which controls mounting of
<html:code xmlns:html="http://www.w3.org/1999/xhtml">/opt</html:code>.</description>
          <reference href="https://cyber.gouv.fr/sites/default/files/document/linux_configuration-en-v2.pdf">R28</reference>
          <rationale xmlns:xhtml="http://www.w3.org/1999/xhtml" xml:lang="en-US">The presence of SUID and SGID executables should be tightly controlled. The
<html:code xmlns:html="http://www.w3.org/1999/xhtml">/opt</html:code> directory contains additional software packages. Users should
not be able to execute SUID or SGID binaries from this directory.</rationale>
          <platform idref="#mount_opt"/>
          <ident system="https://ncp.nist.gov/cce">CCE-91270-9</ident>
          <fix xmlns:xhtml="http://www.w3.org/1999/xhtml" id="mount_option_opt_nosuid" system="urn:xccdf:fix:script:sh"># Remediation is applicable only in certain platforms
if ( ! ( { rpm --quiet -q kernel ;} &amp;&amp; { rpm --quiet -q rpm-ostree ;} &amp;&amp; { rpm --quiet -q bootc ;} &amp;&amp; { ! rpm --quiet -q openshift-kubelet ;} &amp;&amp; ([ -f /run/ostree-booted ] || [ -L /ostree ]) ) &amp;&amp; ! ( [ -f /.dockerenv ] || [ -f /run/.containerenv ] ) ) &amp;&amp; { findmnt --kernel "/opt" &gt; /dev/null || findmnt --fstab "/opt" &gt; /dev/null; }; then

function perform_remediation {
    
        # the mount point /opt has to be defined in /etc/fstab
        # before this remediation can be executed. In case it is not defined, the
        # remediation aborts and no changes regarding the mount point are done.
        mount_point_match_regexp="$(printf "^[[:space:]]*[^#].*[[:space:]]%s[[:space:]]" "/opt")"

    grep "$mount_point_match_regexp" -q /etc/fstab \
        || { echo "The mount point '/opt' is not even in /etc/fstab, so we can't set up mount options" &gt;&amp;2;
                echo "Not remediating, because there is no record of /opt in /etc/fstab" &gt;&amp;2; return 1; }
    


    mount_point_match_regexp="$(printf "^[[:space:]]*[^#].*[[:space:]]%s[[:space:]]" /opt)"

    # If the mount point is not in /etc/fstab, get previous mount options from /etc/mtab
    if ! grep -q "$mount_point_match_regexp" /etc/fstab; then
        # runtime opts without some automatic kernel/userspace-added defaults
        previous_mount_opts=$(grep "$mount_point_match_regexp" /etc/mtab | head -1 |  awk '{print $4}' \
                    | sed -E "s/(rw|defaults|seclabel|nosuid)(,|$)//g;s/,$//")
        [ "$previous_mount_opts" ] &amp;&amp; previous_mount_opts+=","
        # In iso9660 filesystems mtab could describe a "blocksize" value, this should be reflected in
        # fstab as "block".  The next variable is to satisfy shellcheck SC2050.
        fs_type=""
        if [  "$fs_type" == "iso9660" ] ; then
            previous_mount_opts=$(sed 's/blocksize=/block=/' &lt;&lt;&lt; "$previous_mount_opts")
        fi
        echo " /opt  defaults,${previous_mount_opts}nosuid 0 0" &gt;&gt; /etc/fstab
    # If the mount_opt option is not already in the mount point's /etc/fstab entry, add it
    elif ! grep "$mount_point_match_regexp" /etc/fstab | grep -q "nosuid"; then
        previous_mount_opts=$(grep "$mount_point_match_regexp" /etc/fstab | awk '{print $4}')
        sed -i "s|\(${mount_point_match_regexp}.*${previous_mount_opts}\)|\1,nosuid|" /etc/fstab
    fi


    if mkdir -p "/opt"; then
        if mountpoint -q "/opt"; then
            mount -o remount --target "/opt"
        fi
    fi
}

perform_remediation

else
    &gt;&amp;2 echo 'Remediation is not applicable, nothing was done'
fi
</fix>
          <fix xmlns:xhtml="http://www.w3.org/1999/xhtml" id="mount_option_opt_nosuid" system="urn:xccdf:fix:script:ansible" complexity="low" disruption="high" strategy="configure">- name: Gather the package facts
  package_facts:
    manager: auto
  tags:
  - CCE-91270-9
  - configure_strategy
  - high_disruption
  - low_complexity
  - medium_severity
  - mount_option_opt_nosuid
  - no_reboot_needed

- name: 'Add nosuid Option to /opt: Check information associated to mountpoint'
  command: findmnt --fstab '/opt'
  register: device_name
  failed_when: device_name.rc &gt; 1
  changed_when: false
  check_mode: false
  when:
  - ( not ( "kernel" in ansible_facts.packages and "rpm-ostree" in ansible_facts.packages
    and "bootc" in ansible_facts.packages and not "openshift-kubelet" in ansible_facts.packages
    and "ostree" in ansible_proc_cmdline ) and not ( ansible_virtualization_type in
    ["docker", "lxc", "openvz", "podman", "container"] ) )
  - '"/opt" in ansible_mounts | map(attribute="mount") | list'
  tags:
  - CCE-91270-9
  - configure_strategy
  - high_disruption
  - low_complexity
  - medium_severity
  - mount_option_opt_nosuid
  - no_reboot_needed

- name: 'Add nosuid Option to /opt: Create mount_info dictionary variable'
  set_fact:
    mount_info: '{{ mount_info|default({})|combine({item.0: item.1}) }}'
  with_together:
  - '{{ device_name.stdout_lines[0].split() | list | lower }}'
  - '{{ device_name.stdout_lines[1].split() | list }}'
  when:
  - ( not ( "kernel" in ansible_facts.packages and "rpm-ostree" in ansible_facts.packages
    and "bootc" in ansible_facts.packages and not "openshift-kubelet" in ansible_facts.packages
    and "ostree" in ansible_proc_cmdline ) and not ( ansible_virtualization_type in
    ["docker", "lxc", "openvz", "podman", "container"] ) )
  - '"/opt" in ansible_mounts | map(attribute="mount") | list'
  - device_name.stdout is defined and device_name.stdout_lines is defined
  - (device_name.stdout | length &gt; 0)
  tags:
  - CCE-91270-9
  - configure_strategy
  - high_disruption
  - low_complexity
  - medium_severity
  - mount_option_opt_nosuid
  - no_reboot_needed

- name: 'Add nosuid Option to /opt: If /opt not mounted, craft mount_info manually'
  set_fact:
    mount_info: '{{ mount_info|default({})|combine({item.0: item.1}) }}'
  with_together:
  - - target
    - source
    - fstype
    - options
  - - /opt
    - ''
    - ''
    - defaults
  when:
  - ( not ( "kernel" in ansible_facts.packages and "rpm-ostree" in ansible_facts.packages
    and "bootc" in ansible_facts.packages and not "openshift-kubelet" in ansible_facts.packages
    and "ostree" in ansible_proc_cmdline ) and not ( ansible_virtualization_type in
    ["docker", "lxc", "openvz", "podman", "container"] ) )
  - '"/opt" in ansible_mounts | map(attribute="mount") | list'
  - ("--fstab" | length == 0)
  - device_name.stdout is defined and device_name.stdout_lines is defined
  - (device_name.stdout | length == 0)
  tags:
  - CCE-91270-9
  - configure_strategy
  - high_disruption
  - low_complexity
  - medium_severity
  - mount_option_opt_nosuid
  - no_reboot_needed

- name: 'Add nosuid Option to /opt: Make sure nosuid option is part of the to /opt
    options'
  set_fact:
    mount_info: '{{ mount_info | combine( {''options'':''''~mount_info.options~'',nosuid''
      }) }}'
  when:
  - ( not ( "kernel" in ansible_facts.packages and "rpm-ostree" in ansible_facts.packages
    and "bootc" in ansible_facts.packages and not "openshift-kubelet" in ansible_facts.packages
    and "ostree" in ansible_proc_cmdline ) and not ( ansible_virtualization_type in
    ["docker", "lxc", "openvz", "podman", "container"] ) )
  - '"/opt" in ansible_mounts | map(attribute="mount") | list'
  - mount_info is defined and "nosuid" not in mount_info.options
  tags:
  - CCE-91270-9
  - configure_strategy
  - high_disruption
  - low_complexity
  - medium_severity
  - mount_option_opt_nosuid
  - no_reboot_needed

- name: 'Add nosuid Option to /opt: Ensure /opt is mounted with nosuid option'
  mount:
    path: /opt
    src: '{{ mount_info.source }}'
    opts: '{{ mount_info.options }}'
    state: mounted
    fstype: '{{ mount_info.fstype }}'
  when:
  - ( not ( "kernel" in ansible_facts.packages and "rpm-ostree" in ansible_facts.packages
    and "bootc" in ansible_facts.packages and not "openshift-kubelet" in ansible_facts.packages
    and "ostree" in ansible_proc_cmdline ) and not ( ansible_virtualization_type in
    ["docker", "lxc", "openvz", "podman", "container"] ) )
  - '"/opt" in ansible_mounts | map(attribute="mount") | list'
  - mount_info is defined
  - (device_name.stdout is defined and (device_name.stdout | length &gt; 0)) or ("--fstab"
    | length == 0)
  tags:
  - CCE-91270-9
  - configure_strategy
  - high_disruption
  - low_complexity
  - medium_severity
  - mount_option_opt_nosuid
  - no_reboot_needed
</fix>
          <check system="http://oval.mitre.org/XMLSchema/oval-definitions-5">
            <check-content-ref name="oval:ssg-mount_option_opt_nosuid:def:1" href="ssg-sle15-oval.xml"/>
          </check>
          <check system="http://scap.nist.gov/schema/ocil/2">
            <check-content-ref name="ocil:ssg-mount_option_opt_nosuid_ocil:questionnaire:1" href="ssg-sle15-ocil.xml"/>
          </check>
        </Rule>
        <Rule id="xccdf_org.ssgproject.content_rule_mount_option_srv_nosuid" selected="false" role="full" severity="medium">
          <title xmlns:xhtml="http://www.w3.org/1999/xhtml" xml:lang="en-US">Add nosuid Option to /srv</title>
          <description xmlns:xhtml="http://www.w3.org/1999/xhtml" xml:lang="en-US">The <html:code xmlns:html="http://www.w3.org/1999/xhtml">nosuid</html:code> mount option can be used to prevent
execution of setuid programs in <html:code xmlns:html="http://www.w3.org/1999/xhtml">/srv</html:code>. The SUID and SGID permissions
should not be required in this directory.
Add the <html:code xmlns:html="http://www.w3.org/1999/xhtml">nosuid</html:code> option to the fourth column of
<html:code xmlns:html="http://www.w3.org/1999/xhtml">/etc/fstab</html:code> for the line which controls mounting of
<html:code xmlns:html="http://www.w3.org/1999/xhtml">/srv</html:code>.</description>
          <reference href="https://cyber.gouv.fr/sites/default/files/document/linux_configuration-en-v2.pdf">R28</reference>
          <rationale xmlns:xhtml="http://www.w3.org/1999/xhtml" xml:lang="en-US">The presence of SUID and SGID executables should be tightly controlled. The
<html:code xmlns:html="http://www.w3.org/1999/xhtml">/srv</html:code> directory contains files served by various network services such as FTP. Users should
not be able to execute SUID or SGID binaries from this directory.</rationale>
          <platform idref="#mount_srv"/>
          <ident system="https://ncp.nist.gov/cce">CCE-91271-7</ident>
          <fix xmlns:xhtml="http://www.w3.org/1999/xhtml" id="mount_option_srv_nosuid" system="urn:xccdf:fix:script:sh"># Remediation is applicable only in certain platforms
if ( ! ( { rpm --quiet -q kernel ;} &amp;&amp; { rpm --quiet -q rpm-ostree ;} &amp;&amp; { rpm --quiet -q bootc ;} &amp;&amp; { ! rpm --quiet -q openshift-kubelet ;} &amp;&amp; ([ -f /run/ostree-booted ] || [ -L /ostree ]) ) &amp;&amp; ! ( [ -f /.dockerenv ] || [ -f /run/.containerenv ] ) ) &amp;&amp; { findmnt --kernel "/srv" &gt; /dev/null || findmnt --fstab "/srv" &gt; /dev/null; }; then

function perform_remediation {
    
        # the mount point /srv has to be defined in /etc/fstab
        # before this remediation can be executed. In case it is not defined, the
        # remediation aborts and no changes regarding the mount point are done.
        mount_point_match_regexp="$(printf "^[[:space:]]*[^#].*[[:space:]]%s[[:space:]]" "/srv")"

    grep "$mount_point_match_regexp" -q /etc/fstab \
        || { echo "The mount point '/srv' is not even in /etc/fstab, so we can't set up mount options" &gt;&amp;2;
                echo "Not remediating, because there is no record of /srv in /etc/fstab" &gt;&amp;2; return 1; }
    


    mount_point_match_regexp="$(printf "^[[:space:]]*[^#].*[[:space:]]%s[[:space:]]" /srv)"

    # If the mount point is not in /etc/fstab, get previous mount options from /etc/mtab
    if ! grep -q "$mount_point_match_regexp" /etc/fstab; then
        # runtime opts without some automatic kernel/userspace-added defaults
        previous_mount_opts=$(grep "$mount_point_match_regexp" /etc/mtab | head -1 |  awk '{print $4}' \
                    | sed -E "s/(rw|defaults|seclabel|nosuid)(,|$)//g;s/,$//")
        [ "$previous_mount_opts" ] &amp;&amp; previous_mount_opts+=","
        # In iso9660 filesystems mtab could describe a "blocksize" value, this should be reflected in
        # fstab as "block".  The next variable is to satisfy shellcheck SC2050.
        fs_type=""
        if [  "$fs_type" == "iso9660" ] ; then
            previous_mount_opts=$(sed 's/blocksize=/block=/' &lt;&lt;&lt; "$previous_mount_opts")
        fi
        echo " /srv  defaults,${previous_mount_opts}nosuid 0 0" &gt;&gt; /etc/fstab
    # If the mount_opt option is not already in the mount point's /etc/fstab entry, add it
    elif ! grep "$mount_point_match_regexp" /etc/fstab | grep -q "nosuid"; then
        previous_mount_opts=$(grep "$mount_point_match_regexp" /etc/fstab | awk '{print $4}')
        sed -i "s|\(${mount_point_match_regexp}.*${previous_mount_opts}\)|\1,nosuid|" /etc/fstab
    fi


    if mkdir -p "/srv"; then
        if mountpoint -q "/srv"; then
            mount -o remount --target "/srv"
        fi
    fi
}

perform_remediation

else
    &gt;&amp;2 echo 'Remediation is not applicable, nothing was done'
fi
</fix>
          <fix xmlns:xhtml="http://www.w3.org/1999/xhtml" id="mount_option_srv_nosuid" system="urn:xccdf:fix:script:ansible" complexity="low" disruption="high" strategy="configure">- name: Gather the package facts
  package_facts:
    manager: auto
  tags:
  - CCE-91271-7
  - configure_strategy
  - high_disruption
  - low_complexity
  - medium_severity
  - mount_option_srv_nosuid
  - no_reboot_needed

- name: 'Add nosuid Option to /srv: Check information associated to mountpoint'
  command: findmnt --fstab '/srv'
  register: device_name
  failed_when: device_name.rc &gt; 1
  changed_when: false
  check_mode: false
  when:
  - ( not ( "kernel" in ansible_facts.packages and "rpm-ostree" in ansible_facts.packages
    and "bootc" in ansible_facts.packages and not "openshift-kubelet" in ansible_facts.packages
    and "ostree" in ansible_proc_cmdline ) and not ( ansible_virtualization_type in
    ["docker", "lxc", "openvz", "podman", "container"] ) )
  - '"/srv" in ansible_mounts | map(attribute="mount") | list'
  tags:
  - CCE-91271-7
  - configure_strategy
  - high_disruption
  - low_complexity
  - medium_severity
  - mount_option_srv_nosuid
  - no_reboot_needed

- name: 'Add nosuid Option to /srv: Create mount_info dictionary variable'
  set_fact:
    mount_info: '{{ mount_info|default({})|combine({item.0: item.1}) }}'
  with_together:
  - '{{ device_name.stdout_lines[0].split() | list | lower }}'
  - '{{ device_name.stdout_lines[1].split() | list }}'
  when:
  - ( not ( "kernel" in ansible_facts.packages and "rpm-ostree" in ansible_facts.packages
    and "bootc" in ansible_facts.packages and not "openshift-kubelet" in ansible_facts.packages
    and "ostree" in ansible_proc_cmdline ) and not ( ansible_virtualization_type in
    ["docker", "lxc", "openvz", "podman", "container"] ) )
  - '"/srv" in ansible_mounts | map(attribute="mount") | list'
  - device_name.stdout is defined and device_name.stdout_lines is defined
  - (device_name.stdout | length &gt; 0)
  tags:
  - CCE-91271-7
  - configure_strategy
  - high_disruption
  - low_complexity
  - medium_severity
  - mount_option_srv_nosuid
  - no_reboot_needed

- name: 'Add nosuid Option to /srv: If /srv not mounted, craft mount_info manually'
  set_fact:
    mount_info: '{{ mount_info|default({})|combine({item.0: item.1}) }}'
  with_together:
  - - target
    - source
    - fstype
    - options
  - - /srv
    - ''
    - ''
    - defaults
  when:
  - ( not ( "kernel" in ansible_facts.packages and "rpm-ostree" in ansible_facts.packages
    and "bootc" in ansible_facts.packages and not "openshift-kubelet" in ansible_facts.packages
    and "ostree" in ansible_proc_cmdline ) and not ( ansible_virtualization_type in
    ["docker", "lxc", "openvz", "podman", "container"] ) )
  - '"/srv" in ansible_mounts | map(attribute="mount") | list'
  - ("--fstab" | length == 0)
  - device_name.stdout is defined and device_name.stdout_lines is defined
  - (device_name.stdout | length == 0)
  tags:
  - CCE-91271-7
  - configure_strategy
  - high_disruption
  - low_complexity
  - medium_severity
  - mount_option_srv_nosuid
  - no_reboot_needed

- name: 'Add nosuid Option to /srv: Make sure nosuid option is part of the to /srv
    options'
  set_fact:
    mount_info: '{{ mount_info | combine( {''options'':''''~mount_info.options~'',nosuid''
      }) }}'
  when:
  - ( not ( "kernel" in ansible_facts.packages and "rpm-ostree" in ansible_facts.packages
    and "bootc" in ansible_facts.packages and not "openshift-kubelet" in ansible_facts.packages
    and "ostree" in ansible_proc_cmdline ) and not ( ansible_virtualization_type in
    ["docker", "lxc", "openvz", "podman", "container"] ) )
  - '"/srv" in ansible_mounts | map(attribute="mount") | list'
  - mount_info is defined and "nosuid" not in mount_info.options
  tags:
  - CCE-91271-7
  - configure_strategy
  - high_disruption
  - low_complexity
  - medium_severity
  - mount_option_srv_nosuid
  - no_reboot_needed

- name: 'Add nosuid Option to /srv: Ensure /srv is mounted with nosuid option'
  mount:
    path: /srv
    src: '{{ mount_info.source }}'
    opts: '{{ mount_info.options }}'
    state: mounted
    fstype: '{{ mount_info.fstype }}'
  when:
  - ( not ( "kernel" in ansible_facts.packages and "rpm-ostree" in ansible_facts.packages
    and "bootc" in ansible_facts.packages and not "openshift-kubelet" in ansible_facts.packages
    and "ostree" in ansible_proc_cmdline ) and not ( ansible_virtualization_type in
    ["docker", "lxc", "openvz", "podman", "container"] ) )
  - '"/srv" in ansible_mounts | map(attribute="mount") | list'
  - mount_info is defined
  - (device_name.stdout is defined and (device_name.stdout | length &gt; 0)) or ("--fstab"
    | length == 0)
  tags:
  - CCE-91271-7
  - configure_strategy
  - high_disruption
  - low_complexity
  - medium_severity
  - mount_option_srv_nosuid
  - no_reboot_needed
</fix>
          <check system="http://oval.mitre.org/XMLSchema/oval-definitions-5">
            <check-content-ref name="oval:ssg-mount_option_srv_nosuid:def:1" href="ssg-sle15-oval.xml"/>
          </check>
          <check system="http://scap.nist.gov/schema/ocil/2">
            <check-content-ref name="ocil:ssg-mount_option_srv_nosuid_ocil:questionnaire:1" href="ssg-sle15-ocil.xml"/>
          </check>
        </Rule>
        <Rule id="xccdf_org.ssgproject.content_rule_mount_option_tmp_nodev" selected="false" role="full" severity="medium">
          <title xmlns:xhtml="http://www.w3.org/1999/xhtml" xml:lang="en-US">Add nodev Option to /tmp</title>
          <description xmlns:xhtml="http://www.w3.org/1999/xhtml" xml:lang="en-US">The <html:code xmlns:html="http://www.w3.org/1999/xhtml">nodev</html:code> mount option can be used to prevent device files from
being created in <html:code xmlns:html="http://www.w3.org/1999/xhtml">/tmp</html:code>. Legitimate character and block devices
should not exist within temporary directories like <html:code xmlns:html="http://www.w3.org/1999/xhtml">/tmp</html:code>.
Add the <html:code xmlns:html="http://www.w3.org/1999/xhtml">nodev</html:code> option to the fourth column of
<html:code xmlns:html="http://www.w3.org/1999/xhtml">/etc/fstab</html:code> for the line which controls mounting of
<html:code xmlns:html="http://www.w3.org/1999/xhtml">/tmp</html:code>.</description>
          <reference href="https://www.cisecurity.org/controls/">11</reference>
          <reference href="https://www.cisecurity.org/controls/">13</reference>
          <reference href="https://www.cisecurity.org/controls/">14</reference>
          <reference href="https://www.cisecurity.org/controls/">3</reference>
          <reference href="https://www.cisecurity.org/controls/">8</reference>
          <reference href="https://www.cisecurity.org/controls/">9</reference>
          <reference href="https://www.isaca.org/resources/cobit">APO13.01</reference>
          <reference href="https://www.isaca.org/resources/cobit">BAI10.01</reference>
          <reference href="https://www.isaca.org/resources/cobit">BAI10.02</reference>
          <reference href="https://www.isaca.org/resources/cobit">BAI10.03</reference>
          <reference href="https://www.isaca.org/resources/cobit">BAI10.05</reference>
          <reference href="https://www.isaca.org/resources/cobit">DSS05.02</reference>
          <reference href="https://www.isaca.org/resources/cobit">DSS05.05</reference>
          <reference href="https://www.isaca.org/resources/cobit">DSS05.06</reference>
          <reference href="https://www.isaca.org/resources/cobit">DSS06.06</reference>
          <reference href="https://www.isa.org/products/isa-62443-2-1-2009-security-for-industrial-automat">4.3.3.5.1</reference>
          <reference href="https://www.isa.org/products/isa-62443-2-1-2009-security-for-industrial-automat">4.3.3.5.2</reference>
          <reference href="https://www.isa.org/products/isa-62443-2-1-2009-security-for-industrial-automat">4.3.3.5.3</reference>
          <reference href="https://www.isa.org/products/isa-62443-2-1-2009-security-for-industrial-automat">4.3.3.5.4</reference>
          <reference href="https://www.isa.org/products/isa-62443-2-1-2009-security-for-industrial-automat">4.3.3.5.5</reference>
          <reference href="https://www.isa.org/products/isa-62443-2-1-2009-security-for-industrial-automat">4.3.3.5.6</reference>
          <reference href="https://www.isa.org/products/isa-62443-2-1-2009-security-for-industrial-automat">4.3.3.5.7</reference>
          <reference href="https://www.isa.org/products/isa-62443-2-1-2009-security-for-industrial-automat">4.3.3.5.8</reference>
          <reference href="https://www.isa.org/products/isa-62443-2-1-2009-security-for-industrial-automat">4.3.3.6.1</reference>
          <reference href="https://www.isa.org/products/isa-62443-2-1-2009-security-for-industrial-automat">4.3.3.6.2</reference>
          <reference href="https://www.isa.org/products/isa-62443-2-1-2009-security-for-industrial-automat">4.3.3.6.3</reference>
          <reference href="https://www.isa.org/products/isa-62443-2-1-2009-security-for-industrial-automat">4.3.3.6.4</reference>
          <reference href="https://www.isa.org/products/isa-62443-2-1-2009-security-for-industrial-automat">4.3.3.6.5</reference>
          <reference href="https://www.isa.org/products/isa-62443-2-1-2009-security-for-industrial-automat">4.3.3.6.6</reference>
          <reference href="https://www.isa.org/products/isa-62443-2-1-2009-security-for-industrial-automat">4.3.3.6.7</reference>
          <reference href="https://www.isa.org/products/isa-62443-2-1-2009-security-for-industrial-automat">4.3.3.6.8</reference>
          <reference href="https://www.isa.org/products/isa-62443-2-1-2009-security-for-industrial-automat">4.3.3.6.9</reference>
          <reference href="https://www.isa.org/products/isa-62443-2-1-2009-security-for-industrial-automat">4.3.3.7.1</reference>
          <reference href="https://www.isa.org/products/isa-62443-2-1-2009-security-for-industrial-automat">4.3.3.7.2</reference>
          <reference href="https://www.isa.org/products/isa-62443-2-1-2009-security-for-industrial-automat">4.3.3.7.3</reference>
          <reference href="https://www.isa.org/products/isa-62443-2-1-2009-security-for-industrial-automat">4.3.3.7.4</reference>
          <reference href="https://www.isa.org/products/isa-62443-2-1-2009-security-for-industrial-automat">4.3.4.3.2</reference>
          <reference href="https://www.isa.org/products/isa-62443-2-1-2009-security-for-industrial-automat">4.3.4.3.3</reference>
          <reference href="https://www.isa.org/products/ansi-isa-62443-3-3-99-03-03-2013-security-for-indu">SR 1.1</reference>
          <reference href="https://www.isa.org/products/ansi-isa-62443-3-3-99-03-03-2013-security-for-indu">SR 1.10</reference>
          <reference href="https://www.isa.org/products/ansi-isa-62443-3-3-99-03-03-2013-security-for-indu">SR 1.11</reference>
          <reference href="https://www.isa.org/products/ansi-isa-62443-3-3-99-03-03-2013-security-for-indu">SR 1.12</reference>
          <reference href="https://www.isa.org/products/ansi-isa-62443-3-3-99-03-03-2013-security-for-indu">SR 1.13</reference>
          <reference href="https://www.isa.org/products/ansi-isa-62443-3-3-99-03-03-2013-security-for-indu">SR 1.2</reference>
          <reference href="https://www.isa.org/products/ansi-isa-62443-3-3-99-03-03-2013-security-for-indu">SR 1.3</reference>
          <reference href="https://www.isa.org/products/ansi-isa-62443-3-3-99-03-03-2013-security-for-indu">SR 1.4</reference>
          <reference href="https://www.isa.org/products/ansi-isa-62443-3-3-99-03-03-2013-security-for-indu">SR 1.5</reference>
          <reference href="https://www.isa.org/products/ansi-isa-62443-3-3-99-03-03-2013-security-for-indu">SR 1.6</reference>
          <reference href="https://www.isa.org/products/ansi-isa-62443-3-3-99-03-03-2013-security-for-indu">SR 1.7</reference>
          <reference href="https://www.isa.org/products/ansi-isa-62443-3-3-99-03-03-2013-security-for-indu">SR 1.8</reference>
          <reference href="https://www.isa.org/products/ansi-isa-62443-3-3-99-03-03-2013-security-for-indu">SR 1.9</reference>
          <reference href="https://www.isa.org/products/ansi-isa-62443-3-3-99-03-03-2013-security-for-indu">SR 2.1</reference>
          <reference href="https://www.isa.org/products/ansi-isa-62443-3-3-99-03-03-2013-security-for-indu">SR 2.2</reference>
          <reference href="https://www.isa.org/products/ansi-isa-62443-3-3-99-03-03-2013-security-for-indu">SR 2.3</reference>
          <reference href="https://www.isa.org/products/ansi-isa-62443-3-3-99-03-03-2013-security-for-indu">SR 2.4</reference>
          <reference href="https://www.isa.org/products/ansi-isa-62443-3-3-99-03-03-2013-security-for-indu">SR 2.5</reference>
          <reference href="https://www.isa.org/products/ansi-isa-62443-3-3-99-03-03-2013-security-for-indu">SR 2.6</reference>
          <reference href="https://www.isa.org/products/ansi-isa-62443-3-3-99-03-03-2013-security-for-indu">SR 2.7</reference>
          <reference href="https://www.isa.org/products/ansi-isa-62443-3-3-99-03-03-2013-security-for-indu">SR 7.6</reference>
          <reference href="https://www.iso.org/contents/data/standard/05/45/54534.html">A.11.2.9</reference>
          <reference href="https://www.iso.org/contents/data/standard/05/45/54534.html">A.12.1.2</reference>
          <reference href="https://www.iso.org/contents/data/standard/05/45/54534.html">A.12.5.1</reference>
          <reference href="https://www.iso.org/contents/data/standard/05/45/54534.html">A.12.6.2</reference>
          <reference href="https://www.iso.org/contents/data/standard/05/45/54534.html">A.14.2.2</reference>
          <reference href="https://www.iso.org/contents/data/standard/05/45/54534.html">A.14.2.3</reference>
          <reference href="https://www.iso.org/contents/data/standard/05/45/54534.html">A.14.2.4</reference>
          <reference href="https://www.iso.org/contents/data/standard/05/45/54534.html">A.8.2.1</reference>
          <reference href="https://www.iso.org/contents/data/standard/05/45/54534.html">A.8.2.2</reference>
          <reference href="https://www.iso.org/contents/data/standard/05/45/54534.html">A.8.2.3</reference>
          <reference href="https://www.iso.org/contents/data/standard/05/45/54534.html">A.8.3.1</reference>
          <reference href="https://www.iso.org/contents/data/standard/05/45/54534.html">A.8.3.3</reference>
          <reference href="https://www.iso.org/contents/data/standard/05/45/54534.html">A.9.1.2</reference>
          <reference href="https://www.nerc.com/standards/reliability-standards/cip">CIP-003-8 R5.1.1</reference>
          <reference href="https://www.nerc.com/standards/reliability-standards/cip">CIP-003-8 R5.3</reference>
          <reference href="https://www.nerc.com/standards/reliability-standards/cip">CIP-004-6 R2.3</reference>
          <reference href="https://www.nerc.com/standards/reliability-standards/cip">CIP-007-3 R2.1</reference>
          <reference href="https://www.nerc.com/standards/reliability-standards/cip">CIP-007-3 R2.2</reference>
          <reference href="https://www.nerc.com/standards/reliability-standards/cip">CIP-007-3 R2.3</reference>
          <reference href="https://www.nerc.com/standards/reliability-standards/cip">CIP-007-3 R5.1</reference>
          <reference href="https://www.nerc.com/standards/reliability-standards/cip">CIP-007-3 R5.1.1</reference>
          <reference href="https://www.nerc.com/standards/reliability-standards/cip">CIP-007-3 R5.1.2</reference>
          <reference href="http://nvlpubs.nist.gov/nistpubs/SpecialPublications/NIST.SP.800-53r4.pdf">CM-7(a)</reference>
          <reference href="http://nvlpubs.nist.gov/nistpubs/SpecialPublications/NIST.SP.800-53r4.pdf">CM-7(b)</reference>
          <reference href="http://nvlpubs.nist.gov/nistpubs/SpecialPublications/NIST.SP.800-53r4.pdf">CM-6(a)</reference>
          <reference href="http://nvlpubs.nist.gov/nistpubs/SpecialPublications/NIST.SP.800-53r4.pdf">AC-6</reference>
          <reference href="http://nvlpubs.nist.gov/nistpubs/SpecialPublications/NIST.SP.800-53r4.pdf">AC-6(1)</reference>
          <reference href="http://nvlpubs.nist.gov/nistpubs/SpecialPublications/NIST.SP.800-53r4.pdf">MP-7</reference>
          <reference href="https://nvlpubs.nist.gov/nistpubs/CSWP/NIST.CSWP.04162018.pdf">PR.IP-1</reference>
          <reference href="https://nvlpubs.nist.gov/nistpubs/CSWP/NIST.CSWP.04162018.pdf">PR.PT-2</reference>
          <reference href="https://nvlpubs.nist.gov/nistpubs/CSWP/NIST.CSWP.04162018.pdf">PR.PT-3</reference>
          <reference href="https://www.cyber.mil/stigs/downloads/?_dl_facet_stigs=operating-systems%2Cgeneral-purpose-os">SRG-OS-000368-GPOS-00154</reference>
          <reference href="https://www.cisecurity.org/benchmark/suse_linux/">1.1.4</reference>
          <reference href="not_publicly_available">SLES-15-150150165</reference>
          <rationale xmlns:xhtml="http://www.w3.org/1999/xhtml" xml:lang="en-US">The only legitimate location for device files is the <html:code xmlns:html="http://www.w3.org/1999/xhtml">/dev</html:code> directory
located on the root partition. The only exception to this is chroot jails.</rationale>
          <platform idref="#mount_tmp"/>
          <ident system="https://ncp.nist.gov/cce">CCE-92455-5</ident>
          <fix xmlns:xhtml="http://www.w3.org/1999/xhtml" id="mount_option_tmp_nodev" system="urn:xccdf:fix:script:sh"># Remediation is applicable only in certain platforms
if ( ! ( { rpm --quiet -q kernel ;} &amp;&amp; { rpm --quiet -q rpm-ostree ;} &amp;&amp; { rpm --quiet -q bootc ;} &amp;&amp; { ! rpm --quiet -q openshift-kubelet ;} &amp;&amp; ([ -f /run/ostree-booted ] || [ -L /ostree ]) ) &amp;&amp; ! ( [ -f /.dockerenv ] || [ -f /run/.containerenv ] ) ) &amp;&amp; { findmnt --kernel "/tmp" &gt; /dev/null || findmnt --fstab "/tmp" &gt; /dev/null; }; then

function perform_remediation {
    
        # the mount point /tmp has to be defined in /etc/fstab
        # before this remediation can be executed. In case it is not defined, the
        # remediation aborts and no changes regarding the mount point are done.
        mount_point_match_regexp="$(printf "^[[:space:]]*[^#].*[[:space:]]%s[[:space:]]" "/tmp")"

    grep "$mount_point_match_regexp" -q /etc/fstab \
        || { echo "The mount point '/tmp' is not even in /etc/fstab, so we can't set up mount options" &gt;&amp;2;
                echo "Not remediating, because there is no record of /tmp in /etc/fstab" &gt;&amp;2; return 1; }
    


    mount_point_match_regexp="$(printf "^[[:space:]]*[^#].*[[:space:]]%s[[:space:]]" /tmp)"

    # If the mount point is not in /etc/fstab, get previous mount options from /etc/mtab
    if ! grep -q "$mount_point_match_regexp" /etc/fstab; then
        # runtime opts without some automatic kernel/userspace-added defaults
        previous_mount_opts=$(grep "$mount_point_match_regexp" /etc/mtab | head -1 |  awk '{print $4}' \
                    | sed -E "s/(rw|defaults|seclabel|nodev)(,|$)//g;s/,$//")
        [ "$previous_mount_opts" ] &amp;&amp; previous_mount_opts+=","
        # In iso9660 filesystems mtab could describe a "blocksize" value, this should be reflected in
        # fstab as "block".  The next variable is to satisfy shellcheck SC2050.
        fs_type=""
        if [  "$fs_type" == "iso9660" ] ; then
            previous_mount_opts=$(sed 's/blocksize=/block=/' &lt;&lt;&lt; "$previous_mount_opts")
        fi
        echo " /tmp  defaults,${previous_mount_opts}nodev 0 0" &gt;&gt; /etc/fstab
    # If the mount_opt option is not already in the mount point's /etc/fstab entry, add it
    elif ! grep "$mount_point_match_regexp" /etc/fstab | grep -q "nodev"; then
        previous_mount_opts=$(grep "$mount_point_match_regexp" /etc/fstab | awk '{print $4}')
        sed -i "s|\(${mount_point_match_regexp}.*${previous_mount_opts}\)|\1,nodev|" /etc/fstab
    fi


    if mkdir -p "/tmp"; then
        if mountpoint -q "/tmp"; then
            mount -o remount --target "/tmp"
        fi
    fi
}

perform_remediation

else
    &gt;&amp;2 echo 'Remediation is not applicable, nothing was done'
fi
</fix>
          <fix xmlns:xhtml="http://www.w3.org/1999/xhtml" id="mount_option_tmp_nodev" system="urn:xccdf:fix:script:ansible" complexity="low" disruption="high" strategy="configure">- name: Gather the package facts
  package_facts:
    manager: auto
  tags:
  - CCE-92455-5
  - NIST-800-53-AC-6
  - NIST-800-53-AC-6(1)
  - NIST-800-53-CM-6(a)
  - NIST-800-53-CM-7(a)
  - NIST-800-53-CM-7(b)
  - NIST-800-53-MP-7
  - configure_strategy
  - high_disruption
  - low_complexity
  - medium_severity
  - mount_option_tmp_nodev
  - no_reboot_needed

- name: 'Add nodev Option to /tmp: Check information associated to mountpoint'
  command: findmnt --fstab '/tmp'
  register: device_name
  failed_when: device_name.rc &gt; 1
  changed_when: false
  check_mode: false
  when:
  - ( not ( "kernel" in ansible_facts.packages and "rpm-ostree" in ansible_facts.packages
    and "bootc" in ansible_facts.packages and not "openshift-kubelet" in ansible_facts.packages
    and "ostree" in ansible_proc_cmdline ) and not ( ansible_virtualization_type in
    ["docker", "lxc", "openvz", "podman", "container"] ) )
  - '"/tmp" in ansible_mounts | map(attribute="mount") | list'
  tags:
  - CCE-92455-5
  - NIST-800-53-AC-6
  - NIST-800-53-AC-6(1)
  - NIST-800-53-CM-6(a)
  - NIST-800-53-CM-7(a)
  - NIST-800-53-CM-7(b)
  - NIST-800-53-MP-7
  - configure_strategy
  - high_disruption
  - low_complexity
  - medium_severity
  - mount_option_tmp_nodev
  - no_reboot_needed

- name: 'Add nodev Option to /tmp: Create mount_info dictionary variable'
  set_fact:
    mount_info: '{{ mount_info|default({})|combine({item.0: item.1}) }}'
  with_together:
  - '{{ device_name.stdout_lines[0].split() | list | lower }}'
  - '{{ device_name.stdout_lines[1].split() | list }}'
  when:
  - ( not ( "kernel" in ansible_facts.packages and "rpm-ostree" in ansible_facts.packages
    and "bootc" in ansible_facts.packages and not "openshift-kubelet" in ansible_facts.packages
    and "ostree" in ansible_proc_cmdline ) and not ( ansible_virtualization_type in
    ["docker", "lxc", "openvz", "podman", "container"] ) )
  - '"/tmp" in ansible_mounts | map(attribute="mount") | list'
  - device_name.stdout is defined and device_name.stdout_lines is defined
  - (device_name.stdout | length &gt; 0)
  tags:
  - CCE-92455-5
  - NIST-800-53-AC-6
  - NIST-800-53-AC-6(1)
  - NIST-800-53-CM-6(a)
  - NIST-800-53-CM-7(a)
  - NIST-800-53-CM-7(b)
  - NIST-800-53-MP-7
  - configure_strategy
  - high_disruption
  - low_complexity
  - medium_severity
  - mount_option_tmp_nodev
  - no_reboot_needed

- name: 'Add nodev Option to /tmp: If /tmp not mounted, craft mount_info manually'
  set_fact:
    mount_info: '{{ mount_info|default({})|combine({item.0: item.1}) }}'
  with_together:
  - - target
    - source
    - fstype
    - options
  - - /tmp
    - ''
    - ''
    - defaults
  when:
  - ( not ( "kernel" in ansible_facts.packages and "rpm-ostree" in ansible_facts.packages
    and "bootc" in ansible_facts.packages and not "openshift-kubelet" in ansible_facts.packages
    and "ostree" in ansible_proc_cmdline ) and not ( ansible_virtualization_type in
    ["docker", "lxc", "openvz", "podman", "container"] ) )
  - '"/tmp" in ansible_mounts | map(attribute="mount") | list'
  - ("--fstab" | length == 0)
  - device_name.stdout is defined and device_name.stdout_lines is defined
  - (device_name.stdout | length == 0)
  tags:
  - CCE-92455-5
  - NIST-800-53-AC-6
  - NIST-800-53-AC-6(1)
  - NIST-800-53-CM-6(a)
  - NIST-800-53-CM-7(a)
  - NIST-800-53-CM-7(b)
  - NIST-800-53-MP-7
  - configure_strategy
  - high_disruption
  - low_complexity
  - medium_severity
  - mount_option_tmp_nodev
  - no_reboot_needed

- name: 'Add nodev Option to /tmp: Make sure nodev option is part of the to /tmp options'
  set_fact:
    mount_info: '{{ mount_info | combine( {''options'':''''~mount_info.options~'',nodev''
      }) }}'
  when:
  - ( not ( "kernel" in ansible_facts.packages and "rpm-ostree" in ansible_facts.packages
    and "bootc" in ansible_facts.packages and not "openshift-kubelet" in ansible_facts.packages
    and "ostree" in ansible_proc_cmdline ) and not ( ansible_virtualization_type in
    ["docker", "lxc", "openvz", "podman", "container"] ) )
  - '"/tmp" in ansible_mounts | map(attribute="mount") | list'
  - mount_info is defined and "nodev" not in mount_info.options
  tags:
  - CCE-92455-5
  - NIST-800-53-AC-6
  - NIST-800-53-AC-6(1)
  - NIST-800-53-CM-6(a)
  - NIST-800-53-CM-7(a)
  - NIST-800-53-CM-7(b)
  - NIST-800-53-MP-7
  - configure_strategy
  - high_disruption
  - low_complexity
  - medium_severity
  - mount_option_tmp_nodev
  - no_reboot_needed

- name: 'Add nodev Option to /tmp: Ensure /tmp is mounted with nodev option'
  mount:
    path: /tmp
    src: '{{ mount_info.source }}'
    opts: '{{ mount_info.options }}'
    state: mounted
    fstype: '{{ mount_info.fstype }}'
  when:
  - ( not ( "kernel" in ansible_facts.packages and "rpm-ostree" in ansible_facts.packages
    and "bootc" in ansible_facts.packages and not "openshift-kubelet" in ansible_facts.packages
    and "ostree" in ansible_proc_cmdline ) and not ( ansible_virtualization_type in
    ["docker", "lxc", "openvz", "podman", "container"] ) )
  - '"/tmp" in ansible_mounts | map(attribute="mount") | list'
  - mount_info is defined
  - (device_name.stdout is defined and (device_name.stdout | length &gt; 0)) or ("--fstab"
    | length == 0)
  tags:
  - CCE-92455-5
  - NIST-800-53-AC-6
  - NIST-800-53-AC-6(1)
  - NIST-800-53-CM-6(a)
  - NIST-800-53-CM-7(a)
  - NIST-800-53-CM-7(b)
  - NIST-800-53-MP-7
  - configure_strategy
  - high_disruption
  - low_complexity
  - medium_severity
  - mount_option_tmp_nodev
  - no_reboot_needed
</fix>
          <check system="http://oval.mitre.org/XMLSchema/oval-definitions-5">
            <check-content-ref name="oval:ssg-mount_option_tmp_nodev:def:1" href="ssg-sle15-oval.xml"/>
          </check>
          <check system="http://scap.nist.gov/schema/ocil/2">
            <check-content-ref name="ocil:ssg-mount_option_tmp_nodev_ocil:questionnaire:1" href="ssg-sle15-ocil.xml"/>
          </check>
        </Rule>
        <Rule id="xccdf_org.ssgproject.content_rule_mount_option_tmp_noexec" selected="false" role="full" severity="medium">
          <title xmlns:xhtml="http://www.w3.org/1999/xhtml" xml:lang="en-US">Add noexec Option to /tmp</title>
          <description xmlns:xhtml="http://www.w3.org/1999/xhtml" xml:lang="en-US">The <html:code xmlns:html="http://www.w3.org/1999/xhtml">noexec</html:code> mount option can be used to prevent binaries
from being executed out of <html:code xmlns:html="http://www.w3.org/1999/xhtml">/tmp</html:code>.
Add the <html:code xmlns:html="http://www.w3.org/1999/xhtml">noexec</html:code> option to the fourth column of
<html:code xmlns:html="http://www.w3.org/1999/xhtml">/etc/fstab</html:code> for the line which controls mounting of
<html:code xmlns:html="http://www.w3.org/1999/xhtml">/tmp</html:code>.</description>
          <reference href="https://www.cisecurity.org/controls/">11</reference>
          <reference href="https://www.cisecurity.org/controls/">13</reference>
          <reference href="https://www.cisecurity.org/controls/">14</reference>
          <reference href="https://www.cisecurity.org/controls/">3</reference>
          <reference href="https://www.cisecurity.org/controls/">8</reference>
          <reference href="https://www.cisecurity.org/controls/">9</reference>
          <reference href="https://www.isaca.org/resources/cobit">APO13.01</reference>
          <reference href="https://www.isaca.org/resources/cobit">BAI10.01</reference>
          <reference href="https://www.isaca.org/resources/cobit">BAI10.02</reference>
          <reference href="https://www.isaca.org/resources/cobit">BAI10.03</reference>
          <reference href="https://www.isaca.org/resources/cobit">BAI10.05</reference>
          <reference href="https://www.isaca.org/resources/cobit">DSS05.02</reference>
          <reference href="https://www.isaca.org/resources/cobit">DSS05.05</reference>
          <reference href="https://www.isaca.org/resources/cobit">DSS05.06</reference>
          <reference href="https://www.isaca.org/resources/cobit">DSS06.06</reference>
          <reference href="https://www.isa.org/products/isa-62443-2-1-2009-security-for-industrial-automat">4.3.3.5.1</reference>
          <reference href="https://www.isa.org/products/isa-62443-2-1-2009-security-for-industrial-automat">4.3.3.5.2</reference>
          <reference href="https://www.isa.org/products/isa-62443-2-1-2009-security-for-industrial-automat">4.3.3.5.3</reference>
          <reference href="https://www.isa.org/products/isa-62443-2-1-2009-security-for-industrial-automat">4.3.3.5.4</reference>
          <reference href="https://www.isa.org/products/isa-62443-2-1-2009-security-for-industrial-automat">4.3.3.5.5</reference>
          <reference href="https://www.isa.org/products/isa-62443-2-1-2009-security-for-industrial-automat">4.3.3.5.6</reference>
          <reference href="https://www.isa.org/products/isa-62443-2-1-2009-security-for-industrial-automat">4.3.3.5.7</reference>
          <reference href="https://www.isa.org/products/isa-62443-2-1-2009-security-for-industrial-automat">4.3.3.5.8</reference>
          <reference href="https://www.isa.org/products/isa-62443-2-1-2009-security-for-industrial-automat">4.3.3.6.1</reference>
          <reference href="https://www.isa.org/products/isa-62443-2-1-2009-security-for-industrial-automat">4.3.3.6.2</reference>
          <reference href="https://www.isa.org/products/isa-62443-2-1-2009-security-for-industrial-automat">4.3.3.6.3</reference>
          <reference href="https://www.isa.org/products/isa-62443-2-1-2009-security-for-industrial-automat">4.3.3.6.4</reference>
          <reference href="https://www.isa.org/products/isa-62443-2-1-2009-security-for-industrial-automat">4.3.3.6.5</reference>
          <reference href="https://www.isa.org/products/isa-62443-2-1-2009-security-for-industrial-automat">4.3.3.6.6</reference>
          <reference href="https://www.isa.org/products/isa-62443-2-1-2009-security-for-industrial-automat">4.3.3.6.7</reference>
          <reference href="https://www.isa.org/products/isa-62443-2-1-2009-security-for-industrial-automat">4.3.3.6.8</reference>
          <reference href="https://www.isa.org/products/isa-62443-2-1-2009-security-for-industrial-automat">4.3.3.6.9</reference>
          <reference href="https://www.isa.org/products/isa-62443-2-1-2009-security-for-industrial-automat">4.3.3.7.1</reference>
          <reference href="https://www.isa.org/products/isa-62443-2-1-2009-security-for-industrial-automat">4.3.3.7.2</reference>
          <reference href="https://www.isa.org/products/isa-62443-2-1-2009-security-for-industrial-automat">4.3.3.7.3</reference>
          <reference href="https://www.isa.org/products/isa-62443-2-1-2009-security-for-industrial-automat">4.3.3.7.4</reference>
          <reference href="https://www.isa.org/products/isa-62443-2-1-2009-security-for-industrial-automat">4.3.4.3.2</reference>
          <reference href="https://www.isa.org/products/isa-62443-2-1-2009-security-for-industrial-automat">4.3.4.3.3</reference>
          <reference href="https://www.isa.org/products/ansi-isa-62443-3-3-99-03-03-2013-security-for-indu">SR 1.1</reference>
          <reference href="https://www.isa.org/products/ansi-isa-62443-3-3-99-03-03-2013-security-for-indu">SR 1.10</reference>
          <reference href="https://www.isa.org/products/ansi-isa-62443-3-3-99-03-03-2013-security-for-indu">SR 1.11</reference>
          <reference href="https://www.isa.org/products/ansi-isa-62443-3-3-99-03-03-2013-security-for-indu">SR 1.12</reference>
          <reference href="https://www.isa.org/products/ansi-isa-62443-3-3-99-03-03-2013-security-for-indu">SR 1.13</reference>
          <reference href="https://www.isa.org/products/ansi-isa-62443-3-3-99-03-03-2013-security-for-indu">SR 1.2</reference>
          <reference href="https://www.isa.org/products/ansi-isa-62443-3-3-99-03-03-2013-security-for-indu">SR 1.3</reference>
          <reference href="https://www.isa.org/products/ansi-isa-62443-3-3-99-03-03-2013-security-for-indu">SR 1.4</reference>
          <reference href="https://www.isa.org/products/ansi-isa-62443-3-3-99-03-03-2013-security-for-indu">SR 1.5</reference>
          <reference href="https://www.isa.org/products/ansi-isa-62443-3-3-99-03-03-2013-security-for-indu">SR 1.6</reference>
          <reference href="https://www.isa.org/products/ansi-isa-62443-3-3-99-03-03-2013-security-for-indu">SR 1.7</reference>
          <reference href="https://www.isa.org/products/ansi-isa-62443-3-3-99-03-03-2013-security-for-indu">SR 1.8</reference>
          <reference href="https://www.isa.org/products/ansi-isa-62443-3-3-99-03-03-2013-security-for-indu">SR 1.9</reference>
          <reference href="https://www.isa.org/products/ansi-isa-62443-3-3-99-03-03-2013-security-for-indu">SR 2.1</reference>
          <reference href="https://www.isa.org/products/ansi-isa-62443-3-3-99-03-03-2013-security-for-indu">SR 2.2</reference>
          <reference href="https://www.isa.org/products/ansi-isa-62443-3-3-99-03-03-2013-security-for-indu">SR 2.3</reference>
          <reference href="https://www.isa.org/products/ansi-isa-62443-3-3-99-03-03-2013-security-for-indu">SR 2.4</reference>
          <reference href="https://www.isa.org/products/ansi-isa-62443-3-3-99-03-03-2013-security-for-indu">SR 2.5</reference>
          <reference href="https://www.isa.org/products/ansi-isa-62443-3-3-99-03-03-2013-security-for-indu">SR 2.6</reference>
          <reference href="https://www.isa.org/products/ansi-isa-62443-3-3-99-03-03-2013-security-for-indu">SR 2.7</reference>
          <reference href="https://www.isa.org/products/ansi-isa-62443-3-3-99-03-03-2013-security-for-indu">SR 7.6</reference>
          <reference href="https://www.iso.org/contents/data/standard/05/45/54534.html">A.11.2.9</reference>
          <reference href="https://www.iso.org/contents/data/standard/05/45/54534.html">A.12.1.2</reference>
          <reference href="https://www.iso.org/contents/data/standard/05/45/54534.html">A.12.5.1</reference>
          <reference href="https://www.iso.org/contents/data/standard/05/45/54534.html">A.12.6.2</reference>
          <reference href="https://www.iso.org/contents/data/standard/05/45/54534.html">A.14.2.2</reference>
          <reference href="https://www.iso.org/contents/data/standard/05/45/54534.html">A.14.2.3</reference>
          <reference href="https://www.iso.org/contents/data/standard/05/45/54534.html">A.14.2.4</reference>
          <reference href="https://www.iso.org/contents/data/standard/05/45/54534.html">A.8.2.1</reference>
          <reference href="https://www.iso.org/contents/data/standard/05/45/54534.html">A.8.2.2</reference>
          <reference href="https://www.iso.org/contents/data/standard/05/45/54534.html">A.8.2.3</reference>
          <reference href="https://www.iso.org/contents/data/standard/05/45/54534.html">A.8.3.1</reference>
          <reference href="https://www.iso.org/contents/data/standard/05/45/54534.html">A.8.3.3</reference>
          <reference href="https://www.iso.org/contents/data/standard/05/45/54534.html">A.9.1.2</reference>
          <reference href="https://www.nerc.com/standards/reliability-standards/cip">CIP-003-8 R5.1.1</reference>
          <reference href="https://www.nerc.com/standards/reliability-standards/cip">CIP-003-8 R5.3</reference>
          <reference href="https://www.nerc.com/standards/reliability-standards/cip">CIP-004-6 R2.3</reference>
          <reference href="https://www.nerc.com/standards/reliability-standards/cip">CIP-007-3 R2.1</reference>
          <reference href="https://www.nerc.com/standards/reliability-standards/cip">CIP-007-3 R2.2</reference>
          <reference href="https://www.nerc.com/standards/reliability-standards/cip">CIP-007-3 R2.3</reference>
          <reference href="https://www.nerc.com/standards/reliability-standards/cip">CIP-007-3 R5.1</reference>
          <reference href="https://www.nerc.com/standards/reliability-standards/cip">CIP-007-3 R5.1.1</reference>
          <reference href="https://www.nerc.com/standards/reliability-standards/cip">CIP-007-3 R5.1.2</reference>
          <reference href="http://nvlpubs.nist.gov/nistpubs/SpecialPublications/NIST.SP.800-53r4.pdf">CM-7(a)</reference>
          <reference href="http://nvlpubs.nist.gov/nistpubs/SpecialPublications/NIST.SP.800-53r4.pdf">CM-7(b)</reference>
          <reference href="http://nvlpubs.nist.gov/nistpubs/SpecialPublications/NIST.SP.800-53r4.pdf">CM-6(a)</reference>
          <reference href="http://nvlpubs.nist.gov/nistpubs/SpecialPublications/NIST.SP.800-53r4.pdf">AC-6</reference>
          <reference href="http://nvlpubs.nist.gov/nistpubs/SpecialPublications/NIST.SP.800-53r4.pdf">AC-6(1)</reference>
          <reference href="http://nvlpubs.nist.gov/nistpubs/SpecialPublications/NIST.SP.800-53r4.pdf">MP-7</reference>
          <reference href="https://nvlpubs.nist.gov/nistpubs/CSWP/NIST.CSWP.04162018.pdf">PR.IP-1</reference>
          <reference href="https://nvlpubs.nist.gov/nistpubs/CSWP/NIST.CSWP.04162018.pdf">PR.PT-2</reference>
          <reference href="https://nvlpubs.nist.gov/nistpubs/CSWP/NIST.CSWP.04162018.pdf">PR.PT-3</reference>
          <reference href="https://www.cyber.mil/stigs/downloads/?_dl_facet_stigs=operating-systems%2Cgeneral-purpose-os">SRG-OS-000368-GPOS-00154</reference>
          <reference href="https://www.cisecurity.org/benchmark/suse_linux/">1.1.3</reference>
          <reference href="https://cyber.gouv.fr/sites/default/files/document/linux_configuration-en-v2.pdf">R28</reference>
          <reference href="not_publicly_available">SLES-15-150150195</reference>
          <rationale xmlns:xhtml="http://www.w3.org/1999/xhtml" xml:lang="en-US">Allowing users to execute binaries from world-writable directories
such as <html:code xmlns:html="http://www.w3.org/1999/xhtml">/tmp</html:code> should never be necessary in normal operation and
can expose the system to potential compromise.</rationale>
          <platform idref="#mount_tmp"/>
          <ident system="https://ncp.nist.gov/cce">CCE-91272-5</ident>
          <fix xmlns:xhtml="http://www.w3.org/1999/xhtml" id="mount_option_tmp_noexec" system="urn:xccdf:fix:script:sh"># Remediation is applicable only in certain platforms
if ( ! ( { rpm --quiet -q kernel ;} &amp;&amp; { rpm --quiet -q rpm-ostree ;} &amp;&amp; { rpm --quiet -q bootc ;} &amp;&amp; { ! rpm --quiet -q openshift-kubelet ;} &amp;&amp; ([ -f /run/ostree-booted ] || [ -L /ostree ]) ) &amp;&amp; ! ( [ -f /.dockerenv ] || [ -f /run/.containerenv ] ) ) &amp;&amp; { findmnt --kernel "/tmp" &gt; /dev/null || findmnt --fstab "/tmp" &gt; /dev/null; }; then

function perform_remediation {
    
        # the mount point /tmp has to be defined in /etc/fstab
        # before this remediation can be executed. In case it is not defined, the
        # remediation aborts and no changes regarding the mount point are done.
        mount_point_match_regexp="$(printf "^[[:space:]]*[^#].*[[:space:]]%s[[:space:]]" "/tmp")"

    grep "$mount_point_match_regexp" -q /etc/fstab \
        || { echo "The mount point '/tmp' is not even in /etc/fstab, so we can't set up mount options" &gt;&amp;2;
                echo "Not remediating, because there is no record of /tmp in /etc/fstab" &gt;&amp;2; return 1; }
    


    mount_point_match_regexp="$(printf "^[[:space:]]*[^#].*[[:space:]]%s[[:space:]]" /tmp)"

    # If the mount point is not in /etc/fstab, get previous mount options from /etc/mtab
    if ! grep -q "$mount_point_match_regexp" /etc/fstab; then
        # runtime opts without some automatic kernel/userspace-added defaults
        previous_mount_opts=$(grep "$mount_point_match_regexp" /etc/mtab | head -1 |  awk '{print $4}' \
                    | sed -E "s/(rw|defaults|seclabel|noexec)(,|$)//g;s/,$//")
        [ "$previous_mount_opts" ] &amp;&amp; previous_mount_opts+=","
        # In iso9660 filesystems mtab could describe a "blocksize" value, this should be reflected in
        # fstab as "block".  The next variable is to satisfy shellcheck SC2050.
        fs_type=""
        if [  "$fs_type" == "iso9660" ] ; then
            previous_mount_opts=$(sed 's/blocksize=/block=/' &lt;&lt;&lt; "$previous_mount_opts")
        fi
        echo " /tmp  defaults,${previous_mount_opts}noexec 0 0" &gt;&gt; /etc/fstab
    # If the mount_opt option is not already in the mount point's /etc/fstab entry, add it
    elif ! grep "$mount_point_match_regexp" /etc/fstab | grep -q "noexec"; then
        previous_mount_opts=$(grep "$mount_point_match_regexp" /etc/fstab | awk '{print $4}')
        sed -i "s|\(${mount_point_match_regexp}.*${previous_mount_opts}\)|\1,noexec|" /etc/fstab
    fi


    if mkdir -p "/tmp"; then
        if mountpoint -q "/tmp"; then
            mount -o remount --target "/tmp"
        fi
    fi
}

perform_remediation

else
    &gt;&amp;2 echo 'Remediation is not applicable, nothing was done'
fi
</fix>
          <fix xmlns:xhtml="http://www.w3.org/1999/xhtml" id="mount_option_tmp_noexec" system="urn:xccdf:fix:script:ansible" complexity="low" disruption="high" strategy="configure">- name: Gather the package facts
  package_facts:
    manager: auto
  tags:
  - CCE-91272-5
  - NIST-800-53-AC-6
  - NIST-800-53-AC-6(1)
  - NIST-800-53-CM-6(a)
  - NIST-800-53-CM-7(a)
  - NIST-800-53-CM-7(b)
  - NIST-800-53-MP-7
  - configure_strategy
  - high_disruption
  - low_complexity
  - medium_severity
  - mount_option_tmp_noexec
  - no_reboot_needed

- name: 'Add noexec Option to /tmp: Check information associated to mountpoint'
  command: findmnt --fstab '/tmp'
  register: device_name
  failed_when: device_name.rc &gt; 1
  changed_when: false
  check_mode: false
  when:
  - ( not ( "kernel" in ansible_facts.packages and "rpm-ostree" in ansible_facts.packages
    and "bootc" in ansible_facts.packages and not "openshift-kubelet" in ansible_facts.packages
    and "ostree" in ansible_proc_cmdline ) and not ( ansible_virtualization_type in
    ["docker", "lxc", "openvz", "podman", "container"] ) )
  - '"/tmp" in ansible_mounts | map(attribute="mount") | list'
  tags:
  - CCE-91272-5
  - NIST-800-53-AC-6
  - NIST-800-53-AC-6(1)
  - NIST-800-53-CM-6(a)
  - NIST-800-53-CM-7(a)
  - NIST-800-53-CM-7(b)
  - NIST-800-53-MP-7
  - configure_strategy
  - high_disruption
  - low_complexity
  - medium_severity
  - mount_option_tmp_noexec
  - no_reboot_needed

- name: 'Add noexec Option to /tmp: Create mount_info dictionary variable'
  set_fact:
    mount_info: '{{ mount_info|default({})|combine({item.0: item.1}) }}'
  with_together:
  - '{{ device_name.stdout_lines[0].split() | list | lower }}'
  - '{{ device_name.stdout_lines[1].split() | list }}'
  when:
  - ( not ( "kernel" in ansible_facts.packages and "rpm-ostree" in ansible_facts.packages
    and "bootc" in ansible_facts.packages and not "openshift-kubelet" in ansible_facts.packages
    and "ostree" in ansible_proc_cmdline ) and not ( ansible_virtualization_type in
    ["docker", "lxc", "openvz", "podman", "container"] ) )
  - '"/tmp" in ansible_mounts | map(attribute="mount") | list'
  - device_name.stdout is defined and device_name.stdout_lines is defined
  - (device_name.stdout | length &gt; 0)
  tags:
  - CCE-91272-5
  - NIST-800-53-AC-6
  - NIST-800-53-AC-6(1)
  - NIST-800-53-CM-6(a)
  - NIST-800-53-CM-7(a)
  - NIST-800-53-CM-7(b)
  - NIST-800-53-MP-7
  - configure_strategy
  - high_disruption
  - low_complexity
  - medium_severity
  - mount_option_tmp_noexec
  - no_reboot_needed

- name: 'Add noexec Option to /tmp: If /tmp not mounted, craft mount_info manually'
  set_fact:
    mount_info: '{{ mount_info|default({})|combine({item.0: item.1}) }}'
  with_together:
  - - target
    - source
    - fstype
    - options
  - - /tmp
    - ''
    - ''
    - defaults
  when:
  - ( not ( "kernel" in ansible_facts.packages and "rpm-ostree" in ansible_facts.packages
    and "bootc" in ansible_facts.packages and not "openshift-kubelet" in ansible_facts.packages
    and "ostree" in ansible_proc_cmdline ) and not ( ansible_virtualization_type in
    ["docker", "lxc", "openvz", "podman", "container"] ) )
  - '"/tmp" in ansible_mounts | map(attribute="mount") | list'
  - ("--fstab" | length == 0)
  - device_name.stdout is defined and device_name.stdout_lines is defined
  - (device_name.stdout | length == 0)
  tags:
  - CCE-91272-5
  - NIST-800-53-AC-6
  - NIST-800-53-AC-6(1)
  - NIST-800-53-CM-6(a)
  - NIST-800-53-CM-7(a)
  - NIST-800-53-CM-7(b)
  - NIST-800-53-MP-7
  - configure_strategy
  - high_disruption
  - low_complexity
  - medium_severity
  - mount_option_tmp_noexec
  - no_reboot_needed

- name: 'Add noexec Option to /tmp: Make sure noexec option is part of the to /tmp
    options'
  set_fact:
    mount_info: '{{ mount_info | combine( {''options'':''''~mount_info.options~'',noexec''
      }) }}'
  when:
  - ( not ( "kernel" in ansible_facts.packages and "rpm-ostree" in ansible_facts.packages
    and "bootc" in ansible_facts.packages and not "openshift-kubelet" in ansible_facts.packages
    and "ostree" in ansible_proc_cmdline ) and not ( ansible_virtualization_type in
    ["docker", "lxc", "openvz", "podman", "container"] ) )
  - '"/tmp" in ansible_mounts | map(attribute="mount") | list'
  - mount_info is defined and "noexec" not in mount_info.options
  tags:
  - CCE-91272-5
  - NIST-800-53-AC-6
  - NIST-800-53-AC-6(1)
  - NIST-800-53-CM-6(a)
  - NIST-800-53-CM-7(a)
  - NIST-800-53-CM-7(b)
  - NIST-800-53-MP-7
  - configure_strategy
  - high_disruption
  - low_complexity
  - medium_severity
  - mount_option_tmp_noexec
  - no_reboot_needed

- name: 'Add noexec Option to /tmp: Ensure /tmp is mounted with noexec option'
  mount:
    path: /tmp
    src: '{{ mount_info.source }}'
    opts: '{{ mount_info.options }}'
    state: mounted
    fstype: '{{ mount_info.fstype }}'
  when:
  - ( not ( "kernel" in ansible_facts.packages and "rpm-ostree" in ansible_facts.packages
    and "bootc" in ansible_facts.packages and not "openshift-kubelet" in ansible_facts.packages
    and "ostree" in ansible_proc_cmdline ) and not ( ansible_virtualization_type in
    ["docker", "lxc", "openvz", "podman", "container"] ) )
  - '"/tmp" in ansible_mounts | map(attribute="mount") | list'
  - mount_info is defined
  - (device_name.stdout is defined and (device_name.stdout | length &gt; 0)) or ("--fstab"
    | length == 0)
  tags:
  - CCE-91272-5
  - NIST-800-53-AC-6
  - NIST-800-53-AC-6(1)
  - NIST-800-53-CM-6(a)
  - NIST-800-53-CM-7(a)
  - NIST-800-53-CM-7(b)
  - NIST-800-53-MP-7
  - configure_strategy
  - high_disruption
  - low_complexity
  - medium_severity
  - mount_option_tmp_noexec
  - no_reboot_needed
</fix>
          <check system="http://oval.mitre.org/XMLSchema/oval-definitions-5">
            <check-content-ref name="oval:ssg-mount_option_tmp_noexec:def:1" href="ssg-sle15-oval.xml"/>
          </check>
          <check system="http://scap.nist.gov/schema/ocil/2">
            <check-content-ref name="ocil:ssg-mount_option_tmp_noexec_ocil:questionnaire:1" href="ssg-sle15-ocil.xml"/>
          </check>
        </Rule>
        <Rule id="xccdf_org.ssgproject.content_rule_mount_option_tmp_nosuid" selected="false" role="full" severity="medium">
          <title xmlns:xhtml="http://www.w3.org/1999/xhtml" xml:lang="en-US">Add nosuid Option to /tmp</title>
          <description xmlns:xhtml="http://www.w3.org/1999/xhtml" xml:lang="en-US">The <html:code xmlns:html="http://www.w3.org/1999/xhtml">nosuid</html:code> mount option can be used to prevent
execution of setuid programs in <html:code xmlns:html="http://www.w3.org/1999/xhtml">/tmp</html:code>. The SUID and SGID permissions
should not be required in these world-writable directories.
Add the <html:code xmlns:html="http://www.w3.org/1999/xhtml">nosuid</html:code> option to the fourth column of
<html:code xmlns:html="http://www.w3.org/1999/xhtml">/etc/fstab</html:code> for the line which controls mounting of
<html:code xmlns:html="http://www.w3.org/1999/xhtml">/tmp</html:code>.</description>
          <reference href="https://www.cisecurity.org/controls/">11</reference>
          <reference href="https://www.cisecurity.org/controls/">13</reference>
          <reference href="https://www.cisecurity.org/controls/">14</reference>
          <reference href="https://www.cisecurity.org/controls/">3</reference>
          <reference href="https://www.cisecurity.org/controls/">8</reference>
          <reference href="https://www.cisecurity.org/controls/">9</reference>
          <reference href="https://www.isaca.org/resources/cobit">APO13.01</reference>
          <reference href="https://www.isaca.org/resources/cobit">BAI10.01</reference>
          <reference href="https://www.isaca.org/resources/cobit">BAI10.02</reference>
          <reference href="https://www.isaca.org/resources/cobit">BAI10.03</reference>
          <reference href="https://www.isaca.org/resources/cobit">BAI10.05</reference>
          <reference href="https://www.isaca.org/resources/cobit">DSS05.02</reference>
          <reference href="https://www.isaca.org/resources/cobit">DSS05.05</reference>
          <reference href="https://www.isaca.org/resources/cobit">DSS05.06</reference>
          <reference href="https://www.isaca.org/resources/cobit">DSS06.06</reference>
          <reference href="https://www.isa.org/products/isa-62443-2-1-2009-security-for-industrial-automat">4.3.3.5.1</reference>
          <reference href="https://www.isa.org/products/isa-62443-2-1-2009-security-for-industrial-automat">4.3.3.5.2</reference>
          <reference href="https://www.isa.org/products/isa-62443-2-1-2009-security-for-industrial-automat">4.3.3.5.3</reference>
          <reference href="https://www.isa.org/products/isa-62443-2-1-2009-security-for-industrial-automat">4.3.3.5.4</reference>
          <reference href="https://www.isa.org/products/isa-62443-2-1-2009-security-for-industrial-automat">4.3.3.5.5</reference>
          <reference href="https://www.isa.org/products/isa-62443-2-1-2009-security-for-industrial-automat">4.3.3.5.6</reference>
          <reference href="https://www.isa.org/products/isa-62443-2-1-2009-security-for-industrial-automat">4.3.3.5.7</reference>
          <reference href="https://www.isa.org/products/isa-62443-2-1-2009-security-for-industrial-automat">4.3.3.5.8</reference>
          <reference href="https://www.isa.org/products/isa-62443-2-1-2009-security-for-industrial-automat">4.3.3.6.1</reference>
          <reference href="https://www.isa.org/products/isa-62443-2-1-2009-security-for-industrial-automat">4.3.3.6.2</reference>
          <reference href="https://www.isa.org/products/isa-62443-2-1-2009-security-for-industrial-automat">4.3.3.6.3</reference>
          <reference href="https://www.isa.org/products/isa-62443-2-1-2009-security-for-industrial-automat">4.3.3.6.4</reference>
          <reference href="https://www.isa.org/products/isa-62443-2-1-2009-security-for-industrial-automat">4.3.3.6.5</reference>
          <reference href="https://www.isa.org/products/isa-62443-2-1-2009-security-for-industrial-automat">4.3.3.6.6</reference>
          <reference href="https://www.isa.org/products/isa-62443-2-1-2009-security-for-industrial-automat">4.3.3.6.7</reference>
          <reference href="https://www.isa.org/products/isa-62443-2-1-2009-security-for-industrial-automat">4.3.3.6.8</reference>
          <reference href="https://www.isa.org/products/isa-62443-2-1-2009-security-for-industrial-automat">4.3.3.6.9</reference>
          <reference href="https://www.isa.org/products/isa-62443-2-1-2009-security-for-industrial-automat">4.3.3.7.1</reference>
          <reference href="https://www.isa.org/products/isa-62443-2-1-2009-security-for-industrial-automat">4.3.3.7.2</reference>
          <reference href="https://www.isa.org/products/isa-62443-2-1-2009-security-for-industrial-automat">4.3.3.7.3</reference>
          <reference href="https://www.isa.org/products/isa-62443-2-1-2009-security-for-industrial-automat">4.3.3.7.4</reference>
          <reference href="https://www.isa.org/products/isa-62443-2-1-2009-security-for-industrial-automat">4.3.4.3.2</reference>
          <reference href="https://www.isa.org/products/isa-62443-2-1-2009-security-for-industrial-automat">4.3.4.3.3</reference>
          <reference href="https://www.isa.org/products/ansi-isa-62443-3-3-99-03-03-2013-security-for-indu">SR 1.1</reference>
          <reference href="https://www.isa.org/products/ansi-isa-62443-3-3-99-03-03-2013-security-for-indu">SR 1.10</reference>
          <reference href="https://www.isa.org/products/ansi-isa-62443-3-3-99-03-03-2013-security-for-indu">SR 1.11</reference>
          <reference href="https://www.isa.org/products/ansi-isa-62443-3-3-99-03-03-2013-security-for-indu">SR 1.12</reference>
          <reference href="https://www.isa.org/products/ansi-isa-62443-3-3-99-03-03-2013-security-for-indu">SR 1.13</reference>
          <reference href="https://www.isa.org/products/ansi-isa-62443-3-3-99-03-03-2013-security-for-indu">SR 1.2</reference>
          <reference href="https://www.isa.org/products/ansi-isa-62443-3-3-99-03-03-2013-security-for-indu">SR 1.3</reference>
          <reference href="https://www.isa.org/products/ansi-isa-62443-3-3-99-03-03-2013-security-for-indu">SR 1.4</reference>
          <reference href="https://www.isa.org/products/ansi-isa-62443-3-3-99-03-03-2013-security-for-indu">SR 1.5</reference>
          <reference href="https://www.isa.org/products/ansi-isa-62443-3-3-99-03-03-2013-security-for-indu">SR 1.6</reference>
          <reference href="https://www.isa.org/products/ansi-isa-62443-3-3-99-03-03-2013-security-for-indu">SR 1.7</reference>
          <reference href="https://www.isa.org/products/ansi-isa-62443-3-3-99-03-03-2013-security-for-indu">SR 1.8</reference>
          <reference href="https://www.isa.org/products/ansi-isa-62443-3-3-99-03-03-2013-security-for-indu">SR 1.9</reference>
          <reference href="https://www.isa.org/products/ansi-isa-62443-3-3-99-03-03-2013-security-for-indu">SR 2.1</reference>
          <reference href="https://www.isa.org/products/ansi-isa-62443-3-3-99-03-03-2013-security-for-indu">SR 2.2</reference>
          <reference href="https://www.isa.org/products/ansi-isa-62443-3-3-99-03-03-2013-security-for-indu">SR 2.3</reference>
          <reference href="https://www.isa.org/products/ansi-isa-62443-3-3-99-03-03-2013-security-for-indu">SR 2.4</reference>
          <reference href="https://www.isa.org/products/ansi-isa-62443-3-3-99-03-03-2013-security-for-indu">SR 2.5</reference>
          <reference href="https://www.isa.org/products/ansi-isa-62443-3-3-99-03-03-2013-security-for-indu">SR 2.6</reference>
          <reference href="https://www.isa.org/products/ansi-isa-62443-3-3-99-03-03-2013-security-for-indu">SR 2.7</reference>
          <reference href="https://www.isa.org/products/ansi-isa-62443-3-3-99-03-03-2013-security-for-indu">SR 7.6</reference>
          <reference href="https://www.iso.org/contents/data/standard/05/45/54534.html">A.11.2.9</reference>
          <reference href="https://www.iso.org/contents/data/standard/05/45/54534.html">A.12.1.2</reference>
          <reference href="https://www.iso.org/contents/data/standard/05/45/54534.html">A.12.5.1</reference>
          <reference href="https://www.iso.org/contents/data/standard/05/45/54534.html">A.12.6.2</reference>
          <reference href="https://www.iso.org/contents/data/standard/05/45/54534.html">A.14.2.2</reference>
          <reference href="https://www.iso.org/contents/data/standard/05/45/54534.html">A.14.2.3</reference>
          <reference href="https://www.iso.org/contents/data/standard/05/45/54534.html">A.14.2.4</reference>
          <reference href="https://www.iso.org/contents/data/standard/05/45/54534.html">A.8.2.1</reference>
          <reference href="https://www.iso.org/contents/data/standard/05/45/54534.html">A.8.2.2</reference>
          <reference href="https://www.iso.org/contents/data/standard/05/45/54534.html">A.8.2.3</reference>
          <reference href="https://www.iso.org/contents/data/standard/05/45/54534.html">A.8.3.1</reference>
          <reference href="https://www.iso.org/contents/data/standard/05/45/54534.html">A.8.3.3</reference>
          <reference href="https://www.iso.org/contents/data/standard/05/45/54534.html">A.9.1.2</reference>
          <reference href="https://www.nerc.com/standards/reliability-standards/cip">CIP-003-8 R5.1.1</reference>
          <reference href="https://www.nerc.com/standards/reliability-standards/cip">CIP-003-8 R5.3</reference>
          <reference href="https://www.nerc.com/standards/reliability-standards/cip">CIP-004-6 R2.3</reference>
          <reference href="https://www.nerc.com/standards/reliability-standards/cip">CIP-007-3 R2.1</reference>
          <reference href="https://www.nerc.com/standards/reliability-standards/cip">CIP-007-3 R2.2</reference>
          <reference href="https://www.nerc.com/standards/reliability-standards/cip">CIP-007-3 R2.3</reference>
          <reference href="https://www.nerc.com/standards/reliability-standards/cip">CIP-007-3 R5.1</reference>
          <reference href="https://www.nerc.com/standards/reliability-standards/cip">CIP-007-3 R5.1.1</reference>
          <reference href="https://www.nerc.com/standards/reliability-standards/cip">CIP-007-3 R5.1.2</reference>
          <reference href="http://nvlpubs.nist.gov/nistpubs/SpecialPublications/NIST.SP.800-53r4.pdf">CM-7(a)</reference>
          <reference href="http://nvlpubs.nist.gov/nistpubs/SpecialPublications/NIST.SP.800-53r4.pdf">CM-7(b)</reference>
          <reference href="http://nvlpubs.nist.gov/nistpubs/SpecialPublications/NIST.SP.800-53r4.pdf">CM-6(a)</reference>
          <reference href="http://nvlpubs.nist.gov/nistpubs/SpecialPublications/NIST.SP.800-53r4.pdf">AC-6</reference>
          <reference href="http://nvlpubs.nist.gov/nistpubs/SpecialPublications/NIST.SP.800-53r4.pdf">AC-6(1)</reference>
          <reference href="http://nvlpubs.nist.gov/nistpubs/SpecialPublications/NIST.SP.800-53r4.pdf">MP-7</reference>
          <reference href="https://nvlpubs.nist.gov/nistpubs/CSWP/NIST.CSWP.04162018.pdf">PR.IP-1</reference>
          <reference href="https://nvlpubs.nist.gov/nistpubs/CSWP/NIST.CSWP.04162018.pdf">PR.PT-2</reference>
          <reference href="https://nvlpubs.nist.gov/nistpubs/CSWP/NIST.CSWP.04162018.pdf">PR.PT-3</reference>
          <reference href="https://www.cyber.mil/stigs/downloads/?_dl_facet_stigs=operating-systems%2Cgeneral-purpose-os">SRG-OS-000368-GPOS-00154</reference>
          <reference href="https://www.cisecurity.org/benchmark/suse_linux/">1.1.5</reference>
          <reference href="https://cyber.gouv.fr/sites/default/files/document/linux_configuration-en-v2.pdf">R28</reference>
          <reference href="not_publicly_available">SLES-15-150150180</reference>
          <rationale xmlns:xhtml="http://www.w3.org/1999/xhtml" xml:lang="en-US">The presence of SUID and SGID executables should be tightly controlled. Users
should not be able to execute SUID or SGID binaries from temporary storage partitions.</rationale>
          <platform idref="#mount_tmp"/>
          <ident system="https://ncp.nist.gov/cce">CCE-91273-3</ident>
          <fix xmlns:xhtml="http://www.w3.org/1999/xhtml" id="mount_option_tmp_nosuid" system="urn:xccdf:fix:script:sh"># Remediation is applicable only in certain platforms
if ( ! ( { rpm --quiet -q kernel ;} &amp;&amp; { rpm --quiet -q rpm-ostree ;} &amp;&amp; { rpm --quiet -q bootc ;} &amp;&amp; { ! rpm --quiet -q openshift-kubelet ;} &amp;&amp; ([ -f /run/ostree-booted ] || [ -L /ostree ]) ) &amp;&amp; ! ( [ -f /.dockerenv ] || [ -f /run/.containerenv ] ) ) &amp;&amp; { findmnt --kernel "/tmp" &gt; /dev/null || findmnt --fstab "/tmp" &gt; /dev/null; }; then

function perform_remediation {
    
        # the mount point /tmp has to be defined in /etc/fstab
        # before this remediation can be executed. In case it is not defined, the
        # remediation aborts and no changes regarding the mount point are done.
        mount_point_match_regexp="$(printf "^[[:space:]]*[^#].*[[:space:]]%s[[:space:]]" "/tmp")"

    grep "$mount_point_match_regexp" -q /etc/fstab \
        || { echo "The mount point '/tmp' is not even in /etc/fstab, so we can't set up mount options" &gt;&amp;2;
                echo "Not remediating, because there is no record of /tmp in /etc/fstab" &gt;&amp;2; return 1; }
    


    mount_point_match_regexp="$(printf "^[[:space:]]*[^#].*[[:space:]]%s[[:space:]]" /tmp)"

    # If the mount point is not in /etc/fstab, get previous mount options from /etc/mtab
    if ! grep -q "$mount_point_match_regexp" /etc/fstab; then
        # runtime opts without some automatic kernel/userspace-added defaults
        previous_mount_opts=$(grep "$mount_point_match_regexp" /etc/mtab | head -1 |  awk '{print $4}' \
                    | sed -E "s/(rw|defaults|seclabel|nosuid)(,|$)//g;s/,$//")
        [ "$previous_mount_opts" ] &amp;&amp; previous_mount_opts+=","
        # In iso9660 filesystems mtab could describe a "blocksize" value, this should be reflected in
        # fstab as "block".  The next variable is to satisfy shellcheck SC2050.
        fs_type=""
        if [  "$fs_type" == "iso9660" ] ; then
            previous_mount_opts=$(sed 's/blocksize=/block=/' &lt;&lt;&lt; "$previous_mount_opts")
        fi
        echo " /tmp  defaults,${previous_mount_opts}nosuid 0 0" &gt;&gt; /etc/fstab
    # If the mount_opt option is not already in the mount point's /etc/fstab entry, add it
    elif ! grep "$mount_point_match_regexp" /etc/fstab | grep -q "nosuid"; then
        previous_mount_opts=$(grep "$mount_point_match_regexp" /etc/fstab | awk '{print $4}')
        sed -i "s|\(${mount_point_match_regexp}.*${previous_mount_opts}\)|\1,nosuid|" /etc/fstab
    fi


    if mkdir -p "/tmp"; then
        if mountpoint -q "/tmp"; then
            mount -o remount --target "/tmp"
        fi
    fi
}

perform_remediation

else
    &gt;&amp;2 echo 'Remediation is not applicable, nothing was done'
fi
</fix>
          <fix xmlns:xhtml="http://www.w3.org/1999/xhtml" id="mount_option_tmp_nosuid" system="urn:xccdf:fix:script:ansible" complexity="low" disruption="high" strategy="configure">- name: Gather the package facts
  package_facts:
    manager: auto
  tags:
  - CCE-91273-3
  - NIST-800-53-AC-6
  - NIST-800-53-AC-6(1)
  - NIST-800-53-CM-6(a)
  - NIST-800-53-CM-7(a)
  - NIST-800-53-CM-7(b)
  - NIST-800-53-MP-7
  - configure_strategy
  - high_disruption
  - low_complexity
  - medium_severity
  - mount_option_tmp_nosuid
  - no_reboot_needed

- name: 'Add nosuid Option to /tmp: Check information associated to mountpoint'
  command: findmnt --fstab '/tmp'
  register: device_name
  failed_when: device_name.rc &gt; 1
  changed_when: false
  check_mode: false
  when:
  - ( not ( "kernel" in ansible_facts.packages and "rpm-ostree" in ansible_facts.packages
    and "bootc" in ansible_facts.packages and not "openshift-kubelet" in ansible_facts.packages
    and "ostree" in ansible_proc_cmdline ) and not ( ansible_virtualization_type in
    ["docker", "lxc", "openvz", "podman", "container"] ) )
  - '"/tmp" in ansible_mounts | map(attribute="mount") | list'
  tags:
  - CCE-91273-3
  - NIST-800-53-AC-6
  - NIST-800-53-AC-6(1)
  - NIST-800-53-CM-6(a)
  - NIST-800-53-CM-7(a)
  - NIST-800-53-CM-7(b)
  - NIST-800-53-MP-7
  - configure_strategy
  - high_disruption
  - low_complexity
  - medium_severity
  - mount_option_tmp_nosuid
  - no_reboot_needed

- name: 'Add nosuid Option to /tmp: Create mount_info dictionary variable'
  set_fact:
    mount_info: '{{ mount_info|default({})|combine({item.0: item.1}) }}'
  with_together:
  - '{{ device_name.stdout_lines[0].split() | list | lower }}'
  - '{{ device_name.stdout_lines[1].split() | list }}'
  when:
  - ( not ( "kernel" in ansible_facts.packages and "rpm-ostree" in ansible_facts.packages
    and "bootc" in ansible_facts.packages and not "openshift-kubelet" in ansible_facts.packages
    and "ostree" in ansible_proc_cmdline ) and not ( ansible_virtualization_type in
    ["docker", "lxc", "openvz", "podman", "container"] ) )
  - '"/tmp" in ansible_mounts | map(attribute="mount") | list'
  - device_name.stdout is defined and device_name.stdout_lines is defined
  - (device_name.stdout | length &gt; 0)
  tags:
  - CCE-91273-3
  - NIST-800-53-AC-6
  - NIST-800-53-AC-6(1)
  - NIST-800-53-CM-6(a)
  - NIST-800-53-CM-7(a)
  - NIST-800-53-CM-7(b)
  - NIST-800-53-MP-7
  - configure_strategy
  - high_disruption
  - low_complexity
  - medium_severity
  - mount_option_tmp_nosuid
  - no_reboot_needed

- name: 'Add nosuid Option to /tmp: If /tmp not mounted, craft mount_info manually'
  set_fact:
    mount_info: '{{ mount_info|default({})|combine({item.0: item.1}) }}'
  with_together:
  - - target
    - source
    - fstype
    - options
  - - /tmp
    - ''
    - ''
    - defaults
  when:
  - ( not ( "kernel" in ansible_facts.packages and "rpm-ostree" in ansible_facts.packages
    and "bootc" in ansible_facts.packages and not "openshift-kubelet" in ansible_facts.packages
    and "ostree" in ansible_proc_cmdline ) and not ( ansible_virtualization_type in
    ["docker", "lxc", "openvz", "podman", "container"] ) )
  - '"/tmp" in ansible_mounts | map(attribute="mount") | list'
  - ("--fstab" | length == 0)
  - device_name.stdout is defined and device_name.stdout_lines is defined
  - (device_name.stdout | length == 0)
  tags:
  - CCE-91273-3
  - NIST-800-53-AC-6
  - NIST-800-53-AC-6(1)
  - NIST-800-53-CM-6(a)
  - NIST-800-53-CM-7(a)
  - NIST-800-53-CM-7(b)
  - NIST-800-53-MP-7
  - configure_strategy
  - high_disruption
  - low_complexity
  - medium_severity
  - mount_option_tmp_nosuid
  - no_reboot_needed

- name: 'Add nosuid Option to /tmp: Make sure nosuid option is part of the to /tmp
    options'
  set_fact:
    mount_info: '{{ mount_info | combine( {''options'':''''~mount_info.options~'',nosuid''
      }) }}'
  when:
  - ( not ( "kernel" in ansible_facts.packages and "rpm-ostree" in ansible_facts.packages
    and "bootc" in ansible_facts.packages and not "openshift-kubelet" in ansible_facts.packages
    and "ostree" in ansible_proc_cmdline ) and not ( ansible_virtualization_type in
    ["docker", "lxc", "openvz", "podman", "container"] ) )
  - '"/tmp" in ansible_mounts | map(attribute="mount") | list'
  - mount_info is defined and "nosuid" not in mount_info.options
  tags:
  - CCE-91273-3
  - NIST-800-53-AC-6
  - NIST-800-53-AC-6(1)
  - NIST-800-53-CM-6(a)
  - NIST-800-53-CM-7(a)
  - NIST-800-53-CM-7(b)
  - NIST-800-53-MP-7
  - configure_strategy
  - high_disruption
  - low_complexity
  - medium_severity
  - mount_option_tmp_nosuid
  - no_reboot_needed

- name: 'Add nosuid Option to /tmp: Ensure /tmp is mounted with nosuid option'
  mount:
    path: /tmp
    src: '{{ mount_info.source }}'
    opts: '{{ mount_info.options }}'
    state: mounted
    fstype: '{{ mount_info.fstype }}'
  when:
  - ( not ( "kernel" in ansible_facts.packages and "rpm-ostree" in ansible_facts.packages
    and "bootc" in ansible_facts.packages and not "openshift-kubelet" in ansible_facts.packages
    and "ostree" in ansible_proc_cmdline ) and not ( ansible_virtualization_type in
    ["docker", "lxc", "openvz", "podman", "container"] ) )
  - '"/tmp" in ansible_mounts | map(attribute="mount") | list'
  - mount_info is defined
  - (device_name.stdout is defined and (device_name.stdout | length &gt; 0)) or ("--fstab"
    | length == 0)
  tags:
  - CCE-91273-3
  - NIST-800-53-AC-6
  - NIST-800-53-AC-6(1)
  - NIST-800-53-CM-6(a)
  - NIST-800-53-CM-7(a)
  - NIST-800-53-CM-7(b)
  - NIST-800-53-MP-7
  - configure_strategy
  - high_disruption
  - low_complexity
  - medium_severity
  - mount_option_tmp_nosuid
  - no_reboot_needed
</fix>
          <check system="http://oval.mitre.org/XMLSchema/oval-definitions-5">
            <check-content-ref name="oval:ssg-mount_option_tmp_nosuid:def:1" href="ssg-sle15-oval.xml"/>
          </check>
          <check system="http://scap.nist.gov/schema/ocil/2">
            <check-content-ref name="ocil:ssg-mount_option_tmp_nosuid_ocil:questionnaire:1" href="ssg-sle15-ocil.xml"/>
          </check>
        </Rule>
        <Rule id="xccdf_org.ssgproject.content_rule_mount_option_var_log_audit_nodev" selected="false" role="full" severity="medium">
          <title xmlns:xhtml="http://www.w3.org/1999/xhtml" xml:lang="en-US">Add nodev Option to /var/log/audit</title>
          <description xmlns:xhtml="http://www.w3.org/1999/xhtml" xml:lang="en-US">The <html:code xmlns:html="http://www.w3.org/1999/xhtml">nodev</html:code> mount option can be used to prevent device files from
being created in <html:code xmlns:html="http://www.w3.org/1999/xhtml">/var/log/audit</html:code>.
Legitimate character and block devices should exist only in
the <html:code xmlns:html="http://www.w3.org/1999/xhtml">/dev</html:code> directory on the root partition or within chroot
jails built for system services.
Add the <html:code xmlns:html="http://www.w3.org/1999/xhtml">nodev</html:code> option to the fourth column of
<html:code xmlns:html="http://www.w3.org/1999/xhtml">/etc/fstab</html:code> for the line which controls mounting of
<html:code xmlns:html="http://www.w3.org/1999/xhtml">/var/log/audit</html:code>.</description>
          <reference href="https://www.nerc.com/standards/reliability-standards/cip">CIP-003-8 R5.1.1</reference>
          <reference href="https://www.nerc.com/standards/reliability-standards/cip">CIP-003-8 R5.3</reference>
          <reference href="https://www.nerc.com/standards/reliability-standards/cip">CIP-004-6 R2.3</reference>
          <reference href="https://www.nerc.com/standards/reliability-standards/cip">CIP-007-3 R2.1</reference>
          <reference href="https://www.nerc.com/standards/reliability-standards/cip">CIP-007-3 R2.2</reference>
          <reference href="https://www.nerc.com/standards/reliability-standards/cip">CIP-007-3 R2.3</reference>
          <reference href="https://www.nerc.com/standards/reliability-standards/cip">CIP-007-3 R5.1</reference>
          <reference href="https://www.nerc.com/standards/reliability-standards/cip">CIP-007-3 R5.1.1</reference>
          <reference href="https://www.nerc.com/standards/reliability-standards/cip">CIP-007-3 R5.1.2</reference>
          <reference href="http://nvlpubs.nist.gov/nistpubs/SpecialPublications/NIST.SP.800-53r4.pdf">CM-7(a)</reference>
          <reference href="http://nvlpubs.nist.gov/nistpubs/SpecialPublications/NIST.SP.800-53r4.pdf">CM-7(b)</reference>
          <reference href="http://nvlpubs.nist.gov/nistpubs/SpecialPublications/NIST.SP.800-53r4.pdf">CM-6(a)</reference>
          <reference href="http://nvlpubs.nist.gov/nistpubs/SpecialPublications/NIST.SP.800-53r4.pdf">AC-6</reference>
          <reference href="http://nvlpubs.nist.gov/nistpubs/SpecialPublications/NIST.SP.800-53r4.pdf">AC-6(1)</reference>
          <reference href="http://nvlpubs.nist.gov/nistpubs/SpecialPublications/NIST.SP.800-53r4.pdf">MP-7</reference>
          <reference href="https://nvlpubs.nist.gov/nistpubs/CSWP/NIST.CSWP.04162018.pdf">PR.IP-1</reference>
          <reference href="https://nvlpubs.nist.gov/nistpubs/CSWP/NIST.CSWP.04162018.pdf">PR.PT-2</reference>
          <reference href="https://nvlpubs.nist.gov/nistpubs/CSWP/NIST.CSWP.04162018.pdf">PR.PT-3</reference>
          <reference href="https://www.niap-ccevs.org/Profile/PP.cfm">FMT_SMF_EXT.1</reference>
          <reference href="https://www.cyber.mil/stigs/downloads/?_dl_facet_stigs=operating-systems%2Cgeneral-purpose-os">SRG-OS-000368-GPOS-00154</reference>
          <reference href="not_publicly_available">SLES-15-150150495</reference>
          <rationale xmlns:xhtml="http://www.w3.org/1999/xhtml" xml:lang="en-US">The only legitimate location for device files is the <html:code xmlns:html="http://www.w3.org/1999/xhtml">/dev</html:code> directory
located on the root partition. The only exception to this is chroot jails.</rationale>
          <platform idref="#mount_var-log-audit"/>
          <ident system="https://ncp.nist.gov/cce">CCE-92583-4</ident>
          <fix xmlns:xhtml="http://www.w3.org/1999/xhtml" id="mount_option_var_log_audit_nodev" system="urn:xccdf:fix:script:sh"># Remediation is applicable only in certain platforms
if ( ! ( { rpm --quiet -q kernel ;} &amp;&amp; { rpm --quiet -q rpm-ostree ;} &amp;&amp; { rpm --quiet -q bootc ;} &amp;&amp; { ! rpm --quiet -q openshift-kubelet ;} &amp;&amp; ([ -f /run/ostree-booted ] || [ -L /ostree ]) ) &amp;&amp; ! ( [ -f /.dockerenv ] || [ -f /run/.containerenv ] ) ) &amp;&amp; { findmnt --kernel "/var/log/audit" &gt; /dev/null || findmnt --fstab "/var/log/audit" &gt; /dev/null; }; then

function perform_remediation {
    
        # the mount point /var/log/audit has to be defined in /etc/fstab
        # before this remediation can be executed. In case it is not defined, the
        # remediation aborts and no changes regarding the mount point are done.
        mount_point_match_regexp="$(printf "^[[:space:]]*[^#].*[[:space:]]%s[[:space:]]" "/var/log/audit")"

    grep "$mount_point_match_regexp" -q /etc/fstab \
        || { echo "The mount point '/var/log/audit' is not even in /etc/fstab, so we can't set up mount options" &gt;&amp;2;
                echo "Not remediating, because there is no record of /var/log/audit in /etc/fstab" &gt;&amp;2; return 1; }
    


    mount_point_match_regexp="$(printf "^[[:space:]]*[^#].*[[:space:]]%s[[:space:]]" /var/log/audit)"

    # If the mount point is not in /etc/fstab, get previous mount options from /etc/mtab
    if ! grep -q "$mount_point_match_regexp" /etc/fstab; then
        # runtime opts without some automatic kernel/userspace-added defaults
        previous_mount_opts=$(grep "$mount_point_match_regexp" /etc/mtab | head -1 |  awk '{print $4}' \
                    | sed -E "s/(rw|defaults|seclabel|nodev)(,|$)//g;s/,$//")
        [ "$previous_mount_opts" ] &amp;&amp; previous_mount_opts+=","
        # In iso9660 filesystems mtab could describe a "blocksize" value, this should be reflected in
        # fstab as "block".  The next variable is to satisfy shellcheck SC2050.
        fs_type=""
        if [  "$fs_type" == "iso9660" ] ; then
            previous_mount_opts=$(sed 's/blocksize=/block=/' &lt;&lt;&lt; "$previous_mount_opts")
        fi
        echo " /var/log/audit  defaults,${previous_mount_opts}nodev 0 0" &gt;&gt; /etc/fstab
    # If the mount_opt option is not already in the mount point's /etc/fstab entry, add it
    elif ! grep "$mount_point_match_regexp" /etc/fstab | grep -q "nodev"; then
        previous_mount_opts=$(grep "$mount_point_match_regexp" /etc/fstab | awk '{print $4}')
        sed -i "s|\(${mount_point_match_regexp}.*${previous_mount_opts}\)|\1,nodev|" /etc/fstab
    fi


    if mkdir -p "/var/log/audit"; then
        if mountpoint -q "/var/log/audit"; then
            mount -o remount --target "/var/log/audit"
        fi
    fi
}

perform_remediation

else
    &gt;&amp;2 echo 'Remediation is not applicable, nothing was done'
fi
</fix>
          <fix xmlns:xhtml="http://www.w3.org/1999/xhtml" id="mount_option_var_log_audit_nodev" system="urn:xccdf:fix:script:ansible" complexity="low" disruption="high" strategy="configure">- name: Gather the package facts
  package_facts:
    manager: auto
  tags:
  - CCE-92583-4
  - NIST-800-53-AC-6
  - NIST-800-53-AC-6(1)
  - NIST-800-53-CM-6(a)
  - NIST-800-53-CM-7(a)
  - NIST-800-53-CM-7(b)
  - NIST-800-53-MP-7
  - configure_strategy
  - high_disruption
  - low_complexity
  - medium_severity
  - mount_option_var_log_audit_nodev
  - no_reboot_needed

- name: 'Add nodev Option to /var/log/audit: Check information associated to mountpoint'
  command: findmnt --fstab '/var/log/audit'
  register: device_name
  failed_when: device_name.rc &gt; 1
  changed_when: false
  check_mode: false
  when:
  - ( not ( "kernel" in ansible_facts.packages and "rpm-ostree" in ansible_facts.packages
    and "bootc" in ansible_facts.packages and not "openshift-kubelet" in ansible_facts.packages
    and "ostree" in ansible_proc_cmdline ) and not ( ansible_virtualization_type in
    ["docker", "lxc", "openvz", "podman", "container"] ) )
  - '"/var/log/audit" in ansible_mounts | map(attribute="mount") | list'
  tags:
  - CCE-92583-4
  - NIST-800-53-AC-6
  - NIST-800-53-AC-6(1)
  - NIST-800-53-CM-6(a)
  - NIST-800-53-CM-7(a)
  - NIST-800-53-CM-7(b)
  - NIST-800-53-MP-7
  - configure_strategy
  - high_disruption
  - low_complexity
  - medium_severity
  - mount_option_var_log_audit_nodev
  - no_reboot_needed

- name: 'Add nodev Option to /var/log/audit: Create mount_info dictionary variable'
  set_fact:
    mount_info: '{{ mount_info|default({})|combine({item.0: item.1}) }}'
  with_together:
  - '{{ device_name.stdout_lines[0].split() | list | lower }}'
  - '{{ device_name.stdout_lines[1].split() | list }}'
  when:
  - ( not ( "kernel" in ansible_facts.packages and "rpm-ostree" in ansible_facts.packages
    and "bootc" in ansible_facts.packages and not "openshift-kubelet" in ansible_facts.packages
    and "ostree" in ansible_proc_cmdline ) and not ( ansible_virtualization_type in
    ["docker", "lxc", "openvz", "podman", "container"] ) )
  - '"/var/log/audit" in ansible_mounts | map(attribute="mount") | list'
  - device_name.stdout is defined and device_name.stdout_lines is defined
  - (device_name.stdout | length &gt; 0)
  tags:
  - CCE-92583-4
  - NIST-800-53-AC-6
  - NIST-800-53-AC-6(1)
  - NIST-800-53-CM-6(a)
  - NIST-800-53-CM-7(a)
  - NIST-800-53-CM-7(b)
  - NIST-800-53-MP-7
  - configure_strategy
  - high_disruption
  - low_complexity
  - medium_severity
  - mount_option_var_log_audit_nodev
  - no_reboot_needed

- name: 'Add nodev Option to /var/log/audit: If /var/log/audit not mounted, craft
    mount_info manually'
  set_fact:
    mount_info: '{{ mount_info|default({})|combine({item.0: item.1}) }}'
  with_together:
  - - target
    - source
    - fstype
    - options
  - - /var/log/audit
    - ''
    - ''
    - defaults
  when:
  - ( not ( "kernel" in ansible_facts.packages and "rpm-ostree" in ansible_facts.packages
    and "bootc" in ansible_facts.packages and not "openshift-kubelet" in ansible_facts.packages
    and "ostree" in ansible_proc_cmdline ) and not ( ansible_virtualization_type in
    ["docker", "lxc", "openvz", "podman", "container"] ) )
  - '"/var/log/audit" in ansible_mounts | map(attribute="mount") | list'
  - ("--fstab" | length == 0)
  - device_name.stdout is defined and device_name.stdout_lines is defined
  - (device_name.stdout | length == 0)
  tags:
  - CCE-92583-4
  - NIST-800-53-AC-6
  - NIST-800-53-AC-6(1)
  - NIST-800-53-CM-6(a)
  - NIST-800-53-CM-7(a)
  - NIST-800-53-CM-7(b)
  - NIST-800-53-MP-7
  - configure_strategy
  - high_disruption
  - low_complexity
  - medium_severity
  - mount_option_var_log_audit_nodev
  - no_reboot_needed

- name: 'Add nodev Option to /var/log/audit: Make sure nodev option is part of the
    to /var/log/audit options'
  set_fact:
    mount_info: '{{ mount_info | combine( {''options'':''''~mount_info.options~'',nodev''
      }) }}'
  when:
  - ( not ( "kernel" in ansible_facts.packages and "rpm-ostree" in ansible_facts.packages
    and "bootc" in ansible_facts.packages and not "openshift-kubelet" in ansible_facts.packages
    and "ostree" in ansible_proc_cmdline ) and not ( ansible_virtualization_type in
    ["docker", "lxc", "openvz", "podman", "container"] ) )
  - '"/var/log/audit" in ansible_mounts | map(attribute="mount") | list'
  - mount_info is defined and "nodev" not in mount_info.options
  tags:
  - CCE-92583-4
  - NIST-800-53-AC-6
  - NIST-800-53-AC-6(1)
  - NIST-800-53-CM-6(a)
  - NIST-800-53-CM-7(a)
  - NIST-800-53-CM-7(b)
  - NIST-800-53-MP-7
  - configure_strategy
  - high_disruption
  - low_complexity
  - medium_severity
  - mount_option_var_log_audit_nodev
  - no_reboot_needed

- name: 'Add nodev Option to /var/log/audit: Ensure /var/log/audit is mounted with
    nodev option'
  mount:
    path: /var/log/audit
    src: '{{ mount_info.source }}'
    opts: '{{ mount_info.options }}'
    state: mounted
    fstype: '{{ mount_info.fstype }}'
  when:
  - ( not ( "kernel" in ansible_facts.packages and "rpm-ostree" in ansible_facts.packages
    and "bootc" in ansible_facts.packages and not "openshift-kubelet" in ansible_facts.packages
    and "ostree" in ansible_proc_cmdline ) and not ( ansible_virtualization_type in
    ["docker", "lxc", "openvz", "podman", "container"] ) )
  - '"/var/log/audit" in ansible_mounts | map(attribute="mount") | list'
  - mount_info is defined
  - (device_name.stdout is defined and (device_name.stdout | length &gt; 0)) or ("--fstab"
    | length == 0)
  tags:
  - CCE-92583-4
  - NIST-800-53-AC-6
  - NIST-800-53-AC-6(1)
  - NIST-800-53-CM-6(a)
  - NIST-800-53-CM-7(a)
  - NIST-800-53-CM-7(b)
  - NIST-800-53-MP-7
  - configure_strategy
  - high_disruption
  - low_complexity
  - medium_severity
  - mount_option_var_log_audit_nodev
  - no_reboot_needed
</fix>
          <check system="http://oval.mitre.org/XMLSchema/oval-definitions-5">
            <check-content-ref name="oval:ssg-mount_option_var_log_audit_nodev:def:1" href="ssg-sle15-oval.xml"/>
          </check>
          <check system="http://scap.nist.gov/schema/ocil/2">
            <check-content-ref name="ocil:ssg-mount_option_var_log_audit_nodev_ocil:questionnaire:1" href="ssg-sle15-ocil.xml"/>
          </check>
        </Rule>
        <Rule id="xccdf_org.ssgproject.content_rule_mount_option_var_log_audit_noexec" selected="false" role="full" severity="medium">
          <title xmlns:xhtml="http://www.w3.org/1999/xhtml" xml:lang="en-US">Add noexec Option to /var/log/audit</title>
          <description xmlns:xhtml="http://www.w3.org/1999/xhtml" xml:lang="en-US">The <html:code xmlns:html="http://www.w3.org/1999/xhtml">noexec</html:code> mount option can be used to prevent binaries
from being executed out of <html:code xmlns:html="http://www.w3.org/1999/xhtml">/var/log/audit</html:code>.
Add the <html:code xmlns:html="http://www.w3.org/1999/xhtml">noexec</html:code> option to the fourth column of
<html:code xmlns:html="http://www.w3.org/1999/xhtml">/etc/fstab</html:code> for the line which controls mounting of
<html:code xmlns:html="http://www.w3.org/1999/xhtml">/var/log/audit</html:code>.</description>
          <reference href="https://www.nerc.com/standards/reliability-standards/cip">CIP-003-8 R5.1.1</reference>
          <reference href="https://www.nerc.com/standards/reliability-standards/cip">CIP-003-8 R5.3</reference>
          <reference href="https://www.nerc.com/standards/reliability-standards/cip">CIP-004-6 R2.3</reference>
          <reference href="https://www.nerc.com/standards/reliability-standards/cip">CIP-007-3 R2.1</reference>
          <reference href="https://www.nerc.com/standards/reliability-standards/cip">CIP-007-3 R2.2</reference>
          <reference href="https://www.nerc.com/standards/reliability-standards/cip">CIP-007-3 R2.3</reference>
          <reference href="https://www.nerc.com/standards/reliability-standards/cip">CIP-007-3 R5.1</reference>
          <reference href="https://www.nerc.com/standards/reliability-standards/cip">CIP-007-3 R5.1.1</reference>
          <reference href="https://www.nerc.com/standards/reliability-standards/cip">CIP-007-3 R5.1.2</reference>
          <reference href="http://nvlpubs.nist.gov/nistpubs/SpecialPublications/NIST.SP.800-53r4.pdf">CM-7(a)</reference>
          <reference href="http://nvlpubs.nist.gov/nistpubs/SpecialPublications/NIST.SP.800-53r4.pdf">CM-7(b)</reference>
          <reference href="http://nvlpubs.nist.gov/nistpubs/SpecialPublications/NIST.SP.800-53r4.pdf">CM-6(a)</reference>
          <reference href="http://nvlpubs.nist.gov/nistpubs/SpecialPublications/NIST.SP.800-53r4.pdf">AC-6</reference>
          <reference href="http://nvlpubs.nist.gov/nistpubs/SpecialPublications/NIST.SP.800-53r4.pdf">AC-6(1)</reference>
          <reference href="http://nvlpubs.nist.gov/nistpubs/SpecialPublications/NIST.SP.800-53r4.pdf">MP-7</reference>
          <reference href="https://nvlpubs.nist.gov/nistpubs/CSWP/NIST.CSWP.04162018.pdf">PR.IP-1</reference>
          <reference href="https://nvlpubs.nist.gov/nistpubs/CSWP/NIST.CSWP.04162018.pdf">PR.PT-2</reference>
          <reference href="https://nvlpubs.nist.gov/nistpubs/CSWP/NIST.CSWP.04162018.pdf">PR.PT-3</reference>
          <reference href="https://www.niap-ccevs.org/Profile/PP.cfm">FMT_SMF_EXT.1</reference>
          <reference href="https://www.cyber.mil/stigs/downloads/?_dl_facet_stigs=operating-systems%2Cgeneral-purpose-os">SRG-OS-000368-GPOS-00154</reference>
          <reference href="not_publicly_available">SLES-15-150150525</reference>
          <rationale xmlns:xhtml="http://www.w3.org/1999/xhtml" xml:lang="en-US">Allowing users to execute binaries from directories containing audit log files
such as <html:code xmlns:html="http://www.w3.org/1999/xhtml">/var/log/audit</html:code> should never be necessary in normal operation and
can expose the system to potential compromise.</rationale>
          <platform idref="#mount_var-log-audit"/>
          <ident system="https://ncp.nist.gov/cce">CCE-92584-2</ident>
          <fix xmlns:xhtml="http://www.w3.org/1999/xhtml" id="mount_option_var_log_audit_noexec" system="urn:xccdf:fix:script:sh"># Remediation is applicable only in certain platforms
if ( ! ( { rpm --quiet -q kernel ;} &amp;&amp; { rpm --quiet -q rpm-ostree ;} &amp;&amp; { rpm --quiet -q bootc ;} &amp;&amp; { ! rpm --quiet -q openshift-kubelet ;} &amp;&amp; ([ -f /run/ostree-booted ] || [ -L /ostree ]) ) &amp;&amp; ! ( [ -f /.dockerenv ] || [ -f /run/.containerenv ] ) ) &amp;&amp; { findmnt --kernel "/var/log/audit" &gt; /dev/null || findmnt --fstab "/var/log/audit" &gt; /dev/null; }; then

function perform_remediation {
    
        # the mount point /var/log/audit has to be defined in /etc/fstab
        # before this remediation can be executed. In case it is not defined, the
        # remediation aborts and no changes regarding the mount point are done.
        mount_point_match_regexp="$(printf "^[[:space:]]*[^#].*[[:space:]]%s[[:space:]]" "/var/log/audit")"

    grep "$mount_point_match_regexp" -q /etc/fstab \
        || { echo "The mount point '/var/log/audit' is not even in /etc/fstab, so we can't set up mount options" &gt;&amp;2;
                echo "Not remediating, because there is no record of /var/log/audit in /etc/fstab" &gt;&amp;2; return 1; }
    


    mount_point_match_regexp="$(printf "^[[:space:]]*[^#].*[[:space:]]%s[[:space:]]" /var/log/audit)"

    # If the mount point is not in /etc/fstab, get previous mount options from /etc/mtab
    if ! grep -q "$mount_point_match_regexp" /etc/fstab; then
        # runtime opts without some automatic kernel/userspace-added defaults
        previous_mount_opts=$(grep "$mount_point_match_regexp" /etc/mtab | head -1 |  awk '{print $4}' \
                    | sed -E "s/(rw|defaults|seclabel|noexec)(,|$)//g;s/,$//")
        [ "$previous_mount_opts" ] &amp;&amp; previous_mount_opts+=","
        # In iso9660 filesystems mtab could describe a "blocksize" value, this should be reflected in
        # fstab as "block".  The next variable is to satisfy shellcheck SC2050.
        fs_type=""
        if [  "$fs_type" == "iso9660" ] ; then
            previous_mount_opts=$(sed 's/blocksize=/block=/' &lt;&lt;&lt; "$previous_mount_opts")
        fi
        echo " /var/log/audit  defaults,${previous_mount_opts}noexec 0 0" &gt;&gt; /etc/fstab
    # If the mount_opt option is not already in the mount point's /etc/fstab entry, add it
    elif ! grep "$mount_point_match_regexp" /etc/fstab | grep -q "noexec"; then
        previous_mount_opts=$(grep "$mount_point_match_regexp" /etc/fstab | awk '{print $4}')
        sed -i "s|\(${mount_point_match_regexp}.*${previous_mount_opts}\)|\1,noexec|" /etc/fstab
    fi


    if mkdir -p "/var/log/audit"; then
        if mountpoint -q "/var/log/audit"; then
            mount -o remount --target "/var/log/audit"
        fi
    fi
}

perform_remediation

else
    &gt;&amp;2 echo 'Remediation is not applicable, nothing was done'
fi
</fix>
          <fix xmlns:xhtml="http://www.w3.org/1999/xhtml" id="mount_option_var_log_audit_noexec" system="urn:xccdf:fix:script:ansible" complexity="low" disruption="high" strategy="configure">- name: Gather the package facts
  package_facts:
    manager: auto
  tags:
  - CCE-92584-2
  - NIST-800-53-AC-6
  - NIST-800-53-AC-6(1)
  - NIST-800-53-CM-6(a)
  - NIST-800-53-CM-7(a)
  - NIST-800-53-CM-7(b)
  - NIST-800-53-MP-7
  - configure_strategy
  - high_disruption
  - low_complexity
  - medium_severity
  - mount_option_var_log_audit_noexec
  - no_reboot_needed

- name: 'Add noexec Option to /var/log/audit: Check information associated to mountpoint'
  command: findmnt --fstab '/var/log/audit'
  register: device_name
  failed_when: device_name.rc &gt; 1
  changed_when: false
  check_mode: false
  when:
  - ( not ( "kernel" in ansible_facts.packages and "rpm-ostree" in ansible_facts.packages
    and "bootc" in ansible_facts.packages and not "openshift-kubelet" in ansible_facts.packages
    and "ostree" in ansible_proc_cmdline ) and not ( ansible_virtualization_type in
    ["docker", "lxc", "openvz", "podman", "container"] ) )
  - '"/var/log/audit" in ansible_mounts | map(attribute="mount") | list'
  tags:
  - CCE-92584-2
  - NIST-800-53-AC-6
  - NIST-800-53-AC-6(1)
  - NIST-800-53-CM-6(a)
  - NIST-800-53-CM-7(a)
  - NIST-800-53-CM-7(b)
  - NIST-800-53-MP-7
  - configure_strategy
  - high_disruption
  - low_complexity
  - medium_severity
  - mount_option_var_log_audit_noexec
  - no_reboot_needed

- name: 'Add noexec Option to /var/log/audit: Create mount_info dictionary variable'
  set_fact:
    mount_info: '{{ mount_info|default({})|combine({item.0: item.1}) }}'
  with_together:
  - '{{ device_name.stdout_lines[0].split() | list | lower }}'
  - '{{ device_name.stdout_lines[1].split() | list }}'
  when:
  - ( not ( "kernel" in ansible_facts.packages and "rpm-ostree" in ansible_facts.packages
    and "bootc" in ansible_facts.packages and not "openshift-kubelet" in ansible_facts.packages
    and "ostree" in ansible_proc_cmdline ) and not ( ansible_virtualization_type in
    ["docker", "lxc", "openvz", "podman", "container"] ) )
  - '"/var/log/audit" in ansible_mounts | map(attribute="mount") | list'
  - device_name.stdout is defined and device_name.stdout_lines is defined
  - (device_name.stdout | length &gt; 0)
  tags:
  - CCE-92584-2
  - NIST-800-53-AC-6
  - NIST-800-53-AC-6(1)
  - NIST-800-53-CM-6(a)
  - NIST-800-53-CM-7(a)
  - NIST-800-53-CM-7(b)
  - NIST-800-53-MP-7
  - configure_strategy
  - high_disruption
  - low_complexity
  - medium_severity
  - mount_option_var_log_audit_noexec
  - no_reboot_needed

- name: 'Add noexec Option to /var/log/audit: If /var/log/audit not mounted, craft
    mount_info manually'
  set_fact:
    mount_info: '{{ mount_info|default({})|combine({item.0: item.1}) }}'
  with_together:
  - - target
    - source
    - fstype
    - options
  - - /var/log/audit
    - ''
    - ''
    - defaults
  when:
  - ( not ( "kernel" in ansible_facts.packages and "rpm-ostree" in ansible_facts.packages
    and "bootc" in ansible_facts.packages and not "openshift-kubelet" in ansible_facts.packages
    and "ostree" in ansible_proc_cmdline ) and not ( ansible_virtualization_type in
    ["docker", "lxc", "openvz", "podman", "container"] ) )
  - '"/var/log/audit" in ansible_mounts | map(attribute="mount") | list'
  - ("--fstab" | length == 0)
  - device_name.stdout is defined and device_name.stdout_lines is defined
  - (device_name.stdout | length == 0)
  tags:
  - CCE-92584-2
  - NIST-800-53-AC-6
  - NIST-800-53-AC-6(1)
  - NIST-800-53-CM-6(a)
  - NIST-800-53-CM-7(a)
  - NIST-800-53-CM-7(b)
  - NIST-800-53-MP-7
  - configure_strategy
  - high_disruption
  - low_complexity
  - medium_severity
  - mount_option_var_log_audit_noexec
  - no_reboot_needed

- name: 'Add noexec Option to /var/log/audit: Make sure noexec option is part of the
    to /var/log/audit options'
  set_fact:
    mount_info: '{{ mount_info | combine( {''options'':''''~mount_info.options~'',noexec''
      }) }}'
  when:
  - ( not ( "kernel" in ansible_facts.packages and "rpm-ostree" in ansible_facts.packages
    and "bootc" in ansible_facts.packages and not "openshift-kubelet" in ansible_facts.packages
    and "ostree" in ansible_proc_cmdline ) and not ( ansible_virtualization_type in
    ["docker", "lxc", "openvz", "podman", "container"] ) )
  - '"/var/log/audit" in ansible_mounts | map(attribute="mount") | list'
  - mount_info is defined and "noexec" not in mount_info.options
  tags:
  - CCE-92584-2
  - NIST-800-53-AC-6
  - NIST-800-53-AC-6(1)
  - NIST-800-53-CM-6(a)
  - NIST-800-53-CM-7(a)
  - NIST-800-53-CM-7(b)
  - NIST-800-53-MP-7
  - configure_strategy
  - high_disruption
  - low_complexity
  - medium_severity
  - mount_option_var_log_audit_noexec
  - no_reboot_needed

- name: 'Add noexec Option to /var/log/audit: Ensure /var/log/audit is mounted with
    noexec option'
  mount:
    path: /var/log/audit
    src: '{{ mount_info.source }}'
    opts: '{{ mount_info.options }}'
    state: mounted
    fstype: '{{ mount_info.fstype }}'
  when:
  - ( not ( "kernel" in ansible_facts.packages and "rpm-ostree" in ansible_facts.packages
    and "bootc" in ansible_facts.packages and not "openshift-kubelet" in ansible_facts.packages
    and "ostree" in ansible_proc_cmdline ) and not ( ansible_virtualization_type in
    ["docker", "lxc", "openvz", "podman", "container"] ) )
  - '"/var/log/audit" in ansible_mounts | map(attribute="mount") | list'
  - mount_info is defined
  - (device_name.stdout is defined and (device_name.stdout | length &gt; 0)) or ("--fstab"
    | length == 0)
  tags:
  - CCE-92584-2
  - NIST-800-53-AC-6
  - NIST-800-53-AC-6(1)
  - NIST-800-53-CM-6(a)
  - NIST-800-53-CM-7(a)
  - NIST-800-53-CM-7(b)
  - NIST-800-53-MP-7
  - configure_strategy
  - high_disruption
  - low_complexity
  - medium_severity
  - mount_option_var_log_audit_noexec
  - no_reboot_needed
</fix>
          <check system="http://oval.mitre.org/XMLSchema/oval-definitions-5">
            <check-content-ref name="oval:ssg-mount_option_var_log_audit_noexec:def:1" href="ssg-sle15-oval.xml"/>
          </check>
          <check system="http://scap.nist.gov/schema/ocil/2">
            <check-content-ref name="ocil:ssg-mount_option_var_log_audit_noexec_ocil:questionnaire:1" href="ssg-sle15-ocil.xml"/>
          </check>
        </Rule>
        <Rule id="xccdf_org.ssgproject.content_rule_mount_option_var_log_audit_nosuid" selected="false" role="full" severity="medium">
          <title xmlns:xhtml="http://www.w3.org/1999/xhtml" xml:lang="en-US">Add nosuid Option to /var/log/audit</title>
          <description xmlns:xhtml="http://www.w3.org/1999/xhtml" xml:lang="en-US">The <html:code xmlns:html="http://www.w3.org/1999/xhtml">nosuid</html:code> mount option can be used to prevent
execution of setuid programs in <html:code xmlns:html="http://www.w3.org/1999/xhtml">/var/log/audit</html:code>. The SUID and SGID permissions
should not be required in directories containing audit log files.
Add the <html:code xmlns:html="http://www.w3.org/1999/xhtml">nosuid</html:code> option to the fourth column of
<html:code xmlns:html="http://www.w3.org/1999/xhtml">/etc/fstab</html:code> for the line which controls mounting of
<html:code xmlns:html="http://www.w3.org/1999/xhtml">/var/log/audit</html:code>.</description>
          <reference href="https://www.nerc.com/standards/reliability-standards/cip">CIP-003-8 R5.1.1</reference>
          <reference href="https://www.nerc.com/standards/reliability-standards/cip">CIP-003-8 R5.3</reference>
          <reference href="https://www.nerc.com/standards/reliability-standards/cip">CIP-004-6 R2.3</reference>
          <reference href="https://www.nerc.com/standards/reliability-standards/cip">CIP-007-3 R2.1</reference>
          <reference href="https://www.nerc.com/standards/reliability-standards/cip">CIP-007-3 R2.2</reference>
          <reference href="https://www.nerc.com/standards/reliability-standards/cip">CIP-007-3 R2.3</reference>
          <reference href="https://www.nerc.com/standards/reliability-standards/cip">CIP-007-3 R5.1</reference>
          <reference href="https://www.nerc.com/standards/reliability-standards/cip">CIP-007-3 R5.1.1</reference>
          <reference href="https://www.nerc.com/standards/reliability-standards/cip">CIP-007-3 R5.1.2</reference>
          <reference href="http://nvlpubs.nist.gov/nistpubs/SpecialPublications/NIST.SP.800-53r4.pdf">CM-7(a)</reference>
          <reference href="http://nvlpubs.nist.gov/nistpubs/SpecialPublications/NIST.SP.800-53r4.pdf">CM-7(b)</reference>
          <reference href="http://nvlpubs.nist.gov/nistpubs/SpecialPublications/NIST.SP.800-53r4.pdf">CM-6(a)</reference>
          <reference href="http://nvlpubs.nist.gov/nistpubs/SpecialPublications/NIST.SP.800-53r4.pdf">AC-6</reference>
          <reference href="http://nvlpubs.nist.gov/nistpubs/SpecialPublications/NIST.SP.800-53r4.pdf">AC-6(1)</reference>
          <reference href="http://nvlpubs.nist.gov/nistpubs/SpecialPublications/NIST.SP.800-53r4.pdf">MP-7</reference>
          <reference href="https://nvlpubs.nist.gov/nistpubs/CSWP/NIST.CSWP.04162018.pdf">PR.IP-1</reference>
          <reference href="https://nvlpubs.nist.gov/nistpubs/CSWP/NIST.CSWP.04162018.pdf">PR.PT-2</reference>
          <reference href="https://nvlpubs.nist.gov/nistpubs/CSWP/NIST.CSWP.04162018.pdf">PR.PT-3</reference>
          <reference href="https://www.niap-ccevs.org/Profile/PP.cfm">FMT_SMF_EXT.1</reference>
          <reference href="https://www.cyber.mil/stigs/downloads/?_dl_facet_stigs=operating-systems%2Cgeneral-purpose-os">SRG-OS-000368-GPOS-00154</reference>
          <reference href="not_publicly_available">SLES-15-150150510</reference>
          <rationale xmlns:xhtml="http://www.w3.org/1999/xhtml" xml:lang="en-US">The presence of SUID and SGID executables should be tightly controlled. Users
should not be able to execute SUID or SGID binaries from partitions
designated for audit log files.</rationale>
          <platform idref="#mount_var-log-audit"/>
          <ident system="https://ncp.nist.gov/cce">CCE-92587-5</ident>
          <fix xmlns:xhtml="http://www.w3.org/1999/xhtml" id="mount_option_var_log_audit_nosuid" system="urn:xccdf:fix:script:sh"># Remediation is applicable only in certain platforms
if ( ! ( { rpm --quiet -q kernel ;} &amp;&amp; { rpm --quiet -q rpm-ostree ;} &amp;&amp; { rpm --quiet -q bootc ;} &amp;&amp; { ! rpm --quiet -q openshift-kubelet ;} &amp;&amp; ([ -f /run/ostree-booted ] || [ -L /ostree ]) ) &amp;&amp; ! ( [ -f /.dockerenv ] || [ -f /run/.containerenv ] ) ) &amp;&amp; { findmnt --kernel "/var/log/audit" &gt; /dev/null || findmnt --fstab "/var/log/audit" &gt; /dev/null; }; then

function perform_remediation {
    
        # the mount point /var/log/audit has to be defined in /etc/fstab
        # before this remediation can be executed. In case it is not defined, the
        # remediation aborts and no changes regarding the mount point are done.
        mount_point_match_regexp="$(printf "^[[:space:]]*[^#].*[[:space:]]%s[[:space:]]" "/var/log/audit")"

    grep "$mount_point_match_regexp" -q /etc/fstab \
        || { echo "The mount point '/var/log/audit' is not even in /etc/fstab, so we can't set up mount options" &gt;&amp;2;
                echo "Not remediating, because there is no record of /var/log/audit in /etc/fstab" &gt;&amp;2; return 1; }
    


    mount_point_match_regexp="$(printf "^[[:space:]]*[^#].*[[:space:]]%s[[:space:]]" /var/log/audit)"

    # If the mount point is not in /etc/fstab, get previous mount options from /etc/mtab
    if ! grep -q "$mount_point_match_regexp" /etc/fstab; then
        # runtime opts without some automatic kernel/userspace-added defaults
        previous_mount_opts=$(grep "$mount_point_match_regexp" /etc/mtab | head -1 |  awk '{print $4}' \
                    | sed -E "s/(rw|defaults|seclabel|nosuid)(,|$)//g;s/,$//")
        [ "$previous_mount_opts" ] &amp;&amp; previous_mount_opts+=","
        # In iso9660 filesystems mtab could describe a "blocksize" value, this should be reflected in
        # fstab as "block".  The next variable is to satisfy shellcheck SC2050.
        fs_type=""
        if [  "$fs_type" == "iso9660" ] ; then
            previous_mount_opts=$(sed 's/blocksize=/block=/' &lt;&lt;&lt; "$previous_mount_opts")
        fi
        echo " /var/log/audit  defaults,${previous_mount_opts}nosuid 0 0" &gt;&gt; /etc/fstab
    # If the mount_opt option is not already in the mount point's /etc/fstab entry, add it
    elif ! grep "$mount_point_match_regexp" /etc/fstab | grep -q "nosuid"; then
        previous_mount_opts=$(grep "$mount_point_match_regexp" /etc/fstab | awk '{print $4}')
        sed -i "s|\(${mount_point_match_regexp}.*${previous_mount_opts}\)|\1,nosuid|" /etc/fstab
    fi


    if mkdir -p "/var/log/audit"; then
        if mountpoint -q "/var/log/audit"; then
            mount -o remount --target "/var/log/audit"
        fi
    fi
}

perform_remediation

else
    &gt;&amp;2 echo 'Remediation is not applicable, nothing was done'
fi
</fix>
          <fix xmlns:xhtml="http://www.w3.org/1999/xhtml" id="mount_option_var_log_audit_nosuid" system="urn:xccdf:fix:script:ansible" complexity="low" disruption="high" strategy="configure">- name: Gather the package facts
  package_facts:
    manager: auto
  tags:
  - CCE-92587-5
  - NIST-800-53-AC-6
  - NIST-800-53-AC-6(1)
  - NIST-800-53-CM-6(a)
  - NIST-800-53-CM-7(a)
  - NIST-800-53-CM-7(b)
  - NIST-800-53-MP-7
  - configure_strategy
  - high_disruption
  - low_complexity
  - medium_severity
  - mount_option_var_log_audit_nosuid
  - no_reboot_needed

- name: 'Add nosuid Option to /var/log/audit: Check information associated to mountpoint'
  command: findmnt --fstab '/var/log/audit'
  register: device_name
  failed_when: device_name.rc &gt; 1
  changed_when: false
  check_mode: false
  when:
  - ( not ( "kernel" in ansible_facts.packages and "rpm-ostree" in ansible_facts.packages
    and "bootc" in ansible_facts.packages and not "openshift-kubelet" in ansible_facts.packages
    and "ostree" in ansible_proc_cmdline ) and not ( ansible_virtualization_type in
    ["docker", "lxc", "openvz", "podman", "container"] ) )
  - '"/var/log/audit" in ansible_mounts | map(attribute="mount") | list'
  tags:
  - CCE-92587-5
  - NIST-800-53-AC-6
  - NIST-800-53-AC-6(1)
  - NIST-800-53-CM-6(a)
  - NIST-800-53-CM-7(a)
  - NIST-800-53-CM-7(b)
  - NIST-800-53-MP-7
  - configure_strategy
  - high_disruption
  - low_complexity
  - medium_severity
  - mount_option_var_log_audit_nosuid
  - no_reboot_needed

- name: 'Add nosuid Option to /var/log/audit: Create mount_info dictionary variable'
  set_fact:
    mount_info: '{{ mount_info|default({})|combine({item.0: item.1}) }}'
  with_together:
  - '{{ device_name.stdout_lines[0].split() | list | lower }}'
  - '{{ device_name.stdout_lines[1].split() | list }}'
  when:
  - ( not ( "kernel" in ansible_facts.packages and "rpm-ostree" in ansible_facts.packages
    and "bootc" in ansible_facts.packages and not "openshift-kubelet" in ansible_facts.packages
    and "ostree" in ansible_proc_cmdline ) and not ( ansible_virtualization_type in
    ["docker", "lxc", "openvz", "podman", "container"] ) )
  - '"/var/log/audit" in ansible_mounts | map(attribute="mount") | list'
  - device_name.stdout is defined and device_name.stdout_lines is defined
  - (device_name.stdout | length &gt; 0)
  tags:
  - CCE-92587-5
  - NIST-800-53-AC-6
  - NIST-800-53-AC-6(1)
  - NIST-800-53-CM-6(a)
  - NIST-800-53-CM-7(a)
  - NIST-800-53-CM-7(b)
  - NIST-800-53-MP-7
  - configure_strategy
  - high_disruption
  - low_complexity
  - medium_severity
  - mount_option_var_log_audit_nosuid
  - no_reboot_needed

- name: 'Add nosuid Option to /var/log/audit: If /var/log/audit not mounted, craft
    mount_info manually'
  set_fact:
    mount_info: '{{ mount_info|default({})|combine({item.0: item.1}) }}'
  with_together:
  - - target
    - source
    - fstype
    - options
  - - /var/log/audit
    - ''
    - ''
    - defaults
  when:
  - ( not ( "kernel" in ansible_facts.packages and "rpm-ostree" in ansible_facts.packages
    and "bootc" in ansible_facts.packages and not "openshift-kubelet" in ansible_facts.packages
    and "ostree" in ansible_proc_cmdline ) and not ( ansible_virtualization_type in
    ["docker", "lxc", "openvz", "podman", "container"] ) )
  - '"/var/log/audit" in ansible_mounts | map(attribute="mount") | list'
  - ("--fstab" | length == 0)
  - device_name.stdout is defined and device_name.stdout_lines is defined
  - (device_name.stdout | length == 0)
  tags:
  - CCE-92587-5
  - NIST-800-53-AC-6
  - NIST-800-53-AC-6(1)
  - NIST-800-53-CM-6(a)
  - NIST-800-53-CM-7(a)
  - NIST-800-53-CM-7(b)
  - NIST-800-53-MP-7
  - configure_strategy
  - high_disruption
  - low_complexity
  - medium_severity
  - mount_option_var_log_audit_nosuid
  - no_reboot_needed

- name: 'Add nosuid Option to /var/log/audit: Make sure nosuid option is part of the
    to /var/log/audit options'
  set_fact:
    mount_info: '{{ mount_info | combine( {''options'':''''~mount_info.options~'',nosuid''
      }) }}'
  when:
  - ( not ( "kernel" in ansible_facts.packages and "rpm-ostree" in ansible_facts.packages
    and "bootc" in ansible_facts.packages and not "openshift-kubelet" in ansible_facts.packages
    and "ostree" in ansible_proc_cmdline ) and not ( ansible_virtualization_type in
    ["docker", "lxc", "openvz", "podman", "container"] ) )
  - '"/var/log/audit" in ansible_mounts | map(attribute="mount") | list'
  - mount_info is defined and "nosuid" not in mount_info.options
  tags:
  - CCE-92587-5
  - NIST-800-53-AC-6
  - NIST-800-53-AC-6(1)
  - NIST-800-53-CM-6(a)
  - NIST-800-53-CM-7(a)
  - NIST-800-53-CM-7(b)
  - NIST-800-53-MP-7
  - configure_strategy
  - high_disruption
  - low_complexity
  - medium_severity
  - mount_option_var_log_audit_nosuid
  - no_reboot_needed

- name: 'Add nosuid Option to /var/log/audit: Ensure /var/log/audit is mounted with
    nosuid option'
  mount:
    path: /var/log/audit
    src: '{{ mount_info.source }}'
    opts: '{{ mount_info.options }}'
    state: mounted
    fstype: '{{ mount_info.fstype }}'
  when:
  - ( not ( "kernel" in ansible_facts.packages and "rpm-ostree" in ansible_facts.packages
    and "bootc" in ansible_facts.packages and not "openshift-kubelet" in ansible_facts.packages
    and "ostree" in ansible_proc_cmdline ) and not ( ansible_virtualization_type in
    ["docker", "lxc", "openvz", "podman", "container"] ) )
  - '"/var/log/audit" in ansible_mounts | map(attribute="mount") | list'
  - mount_info is defined
  - (device_name.stdout is defined and (device_name.stdout | length &gt; 0)) or ("--fstab"
    | length == 0)
  tags:
  - CCE-92587-5
  - NIST-800-53-AC-6
  - NIST-800-53-AC-6(1)
  - NIST-800-53-CM-6(a)
  - NIST-800-53-CM-7(a)
  - NIST-800-53-CM-7(b)
  - NIST-800-53-MP-7
  - configure_strategy
  - high_disruption
  - low_complexity
  - medium_severity
  - mount_option_var_log_audit_nosuid
  - no_reboot_needed
</fix>
          <check system="http://oval.mitre.org/XMLSchema/oval-definitions-5">
            <check-content-ref name="oval:ssg-mount_option_var_log_audit_nosuid:def:1" href="ssg-sle15-oval.xml"/>
          </check>
          <check system="http://scap.nist.gov/schema/ocil/2">
            <check-content-ref name="ocil:ssg-mount_option_var_log_audit_nosuid_ocil:questionnaire:1" href="ssg-sle15-ocil.xml"/>
          </check>
        </Rule>
        <Rule id="xccdf_org.ssgproject.content_rule_mount_option_var_log_nodev" selected="false" role="full" severity="medium">
          <title xmlns:xhtml="http://www.w3.org/1999/xhtml" xml:lang="en-US">Add nodev Option to /var/log</title>
          <description xmlns:xhtml="http://www.w3.org/1999/xhtml" xml:lang="en-US">The <html:code xmlns:html="http://www.w3.org/1999/xhtml">nodev</html:code> mount option can be used to prevent device files from
being created in <html:code xmlns:html="http://www.w3.org/1999/xhtml">/var/log</html:code>.
Legitimate character and block devices should exist only in
the <html:code xmlns:html="http://www.w3.org/1999/xhtml">/dev</html:code> directory on the root partition or within chroot
jails built for system services.
Add the <html:code xmlns:html="http://www.w3.org/1999/xhtml">nodev</html:code> option to the fourth column of
<html:code xmlns:html="http://www.w3.org/1999/xhtml">/etc/fstab</html:code> for the line which controls mounting of
<html:code xmlns:html="http://www.w3.org/1999/xhtml">/var/log</html:code>.</description>
          <reference href="https://www.nerc.com/standards/reliability-standards/cip">CIP-003-8 R5.1.1</reference>
          <reference href="https://www.nerc.com/standards/reliability-standards/cip">CIP-003-8 R5.3</reference>
          <reference href="https://www.nerc.com/standards/reliability-standards/cip">CIP-004-6 R2.3</reference>
          <reference href="https://www.nerc.com/standards/reliability-standards/cip">CIP-007-3 R2.1</reference>
          <reference href="https://www.nerc.com/standards/reliability-standards/cip">CIP-007-3 R2.2</reference>
          <reference href="https://www.nerc.com/standards/reliability-standards/cip">CIP-007-3 R2.3</reference>
          <reference href="https://www.nerc.com/standards/reliability-standards/cip">CIP-007-3 R5.1</reference>
          <reference href="https://www.nerc.com/standards/reliability-standards/cip">CIP-007-3 R5.1.1</reference>
          <reference href="https://www.nerc.com/standards/reliability-standards/cip">CIP-007-3 R5.1.2</reference>
          <reference href="http://nvlpubs.nist.gov/nistpubs/SpecialPublications/NIST.SP.800-53r4.pdf">CM-7(a)</reference>
          <reference href="http://nvlpubs.nist.gov/nistpubs/SpecialPublications/NIST.SP.800-53r4.pdf">CM-7(b)</reference>
          <reference href="http://nvlpubs.nist.gov/nistpubs/SpecialPublications/NIST.SP.800-53r4.pdf">CM-6(a)</reference>
          <reference href="http://nvlpubs.nist.gov/nistpubs/SpecialPublications/NIST.SP.800-53r4.pdf">AC-6</reference>
          <reference href="http://nvlpubs.nist.gov/nistpubs/SpecialPublications/NIST.SP.800-53r4.pdf">AC-6(1)</reference>
          <reference href="http://nvlpubs.nist.gov/nistpubs/SpecialPublications/NIST.SP.800-53r4.pdf">MP-7</reference>
          <reference href="https://nvlpubs.nist.gov/nistpubs/CSWP/NIST.CSWP.04162018.pdf">PR.IP-1</reference>
          <reference href="https://nvlpubs.nist.gov/nistpubs/CSWP/NIST.CSWP.04162018.pdf">PR.PT-2</reference>
          <reference href="https://nvlpubs.nist.gov/nistpubs/CSWP/NIST.CSWP.04162018.pdf">PR.PT-3</reference>
          <reference href="https://www.cyber.mil/stigs/downloads/?_dl_facet_stigs=operating-systems%2Cgeneral-purpose-os">SRG-OS-000368-GPOS-00154</reference>
          <reference href="not_publicly_available">SLES-15-150150435</reference>
          <rationale xmlns:xhtml="http://www.w3.org/1999/xhtml" xml:lang="en-US">The only legitimate location for device files is the <html:code xmlns:html="http://www.w3.org/1999/xhtml">/dev</html:code> directory
located on the root partition. The only exception to this is chroot jails.</rationale>
          <platform idref="#mount_var-log"/>
          <ident system="https://ncp.nist.gov/cce">CCE-92589-1</ident>
          <fix xmlns:xhtml="http://www.w3.org/1999/xhtml" id="mount_option_var_log_nodev" system="urn:xccdf:fix:script:sh"># Remediation is applicable only in certain platforms
if ( ! ( { rpm --quiet -q kernel ;} &amp;&amp; { rpm --quiet -q rpm-ostree ;} &amp;&amp; { rpm --quiet -q bootc ;} &amp;&amp; { ! rpm --quiet -q openshift-kubelet ;} &amp;&amp; ([ -f /run/ostree-booted ] || [ -L /ostree ]) ) &amp;&amp; ! ( [ -f /.dockerenv ] || [ -f /run/.containerenv ] ) ) &amp;&amp; { findmnt --kernel "/var/log" &gt; /dev/null || findmnt --fstab "/var/log" &gt; /dev/null; }; then

function perform_remediation {
    
        # the mount point /var/log has to be defined in /etc/fstab
        # before this remediation can be executed. In case it is not defined, the
        # remediation aborts and no changes regarding the mount point are done.
        mount_point_match_regexp="$(printf "^[[:space:]]*[^#].*[[:space:]]%s[[:space:]]" "/var/log")"

    grep "$mount_point_match_regexp" -q /etc/fstab \
        || { echo "The mount point '/var/log' is not even in /etc/fstab, so we can't set up mount options" &gt;&amp;2;
                echo "Not remediating, because there is no record of /var/log in /etc/fstab" &gt;&amp;2; return 1; }
    


    mount_point_match_regexp="$(printf "^[[:space:]]*[^#].*[[:space:]]%s[[:space:]]" /var/log)"

    # If the mount point is not in /etc/fstab, get previous mount options from /etc/mtab
    if ! grep -q "$mount_point_match_regexp" /etc/fstab; then
        # runtime opts without some automatic kernel/userspace-added defaults
        previous_mount_opts=$(grep "$mount_point_match_regexp" /etc/mtab | head -1 |  awk '{print $4}' \
                    | sed -E "s/(rw|defaults|seclabel|nodev)(,|$)//g;s/,$//")
        [ "$previous_mount_opts" ] &amp;&amp; previous_mount_opts+=","
        # In iso9660 filesystems mtab could describe a "blocksize" value, this should be reflected in
        # fstab as "block".  The next variable is to satisfy shellcheck SC2050.
        fs_type=""
        if [  "$fs_type" == "iso9660" ] ; then
            previous_mount_opts=$(sed 's/blocksize=/block=/' &lt;&lt;&lt; "$previous_mount_opts")
        fi
        echo " /var/log  defaults,${previous_mount_opts}nodev 0 0" &gt;&gt; /etc/fstab
    # If the mount_opt option is not already in the mount point's /etc/fstab entry, add it
    elif ! grep "$mount_point_match_regexp" /etc/fstab | grep -q "nodev"; then
        previous_mount_opts=$(grep "$mount_point_match_regexp" /etc/fstab | awk '{print $4}')
        sed -i "s|\(${mount_point_match_regexp}.*${previous_mount_opts}\)|\1,nodev|" /etc/fstab
    fi


    if mkdir -p "/var/log"; then
        if mountpoint -q "/var/log"; then
            mount -o remount --target "/var/log"
        fi
    fi
}

perform_remediation

else
    &gt;&amp;2 echo 'Remediation is not applicable, nothing was done'
fi
</fix>
          <fix xmlns:xhtml="http://www.w3.org/1999/xhtml" id="mount_option_var_log_nodev" system="urn:xccdf:fix:script:ansible" complexity="low" disruption="high" strategy="configure">- name: Gather the package facts
  package_facts:
    manager: auto
  tags:
  - CCE-92589-1
  - NIST-800-53-AC-6
  - NIST-800-53-AC-6(1)
  - NIST-800-53-CM-6(a)
  - NIST-800-53-CM-7(a)
  - NIST-800-53-CM-7(b)
  - NIST-800-53-MP-7
  - configure_strategy
  - high_disruption
  - low_complexity
  - medium_severity
  - mount_option_var_log_nodev
  - no_reboot_needed

- name: 'Add nodev Option to /var/log: Check information associated to mountpoint'
  command: findmnt --fstab '/var/log'
  register: device_name
  failed_when: device_name.rc &gt; 1
  changed_when: false
  check_mode: false
  when:
  - ( not ( "kernel" in ansible_facts.packages and "rpm-ostree" in ansible_facts.packages
    and "bootc" in ansible_facts.packages and not "openshift-kubelet" in ansible_facts.packages
    and "ostree" in ansible_proc_cmdline ) and not ( ansible_virtualization_type in
    ["docker", "lxc", "openvz", "podman", "container"] ) )
  - '"/var/log" in ansible_mounts | map(attribute="mount") | list'
  tags:
  - CCE-92589-1
  - NIST-800-53-AC-6
  - NIST-800-53-AC-6(1)
  - NIST-800-53-CM-6(a)
  - NIST-800-53-CM-7(a)
  - NIST-800-53-CM-7(b)
  - NIST-800-53-MP-7
  - configure_strategy
  - high_disruption
  - low_complexity
  - medium_severity
  - mount_option_var_log_nodev
  - no_reboot_needed

- name: 'Add nodev Option to /var/log: Create mount_info dictionary variable'
  set_fact:
    mount_info: '{{ mount_info|default({})|combine({item.0: item.1}) }}'
  with_together:
  - '{{ device_name.stdout_lines[0].split() | list | lower }}'
  - '{{ device_name.stdout_lines[1].split() | list }}'
  when:
  - ( not ( "kernel" in ansible_facts.packages and "rpm-ostree" in ansible_facts.packages
    and "bootc" in ansible_facts.packages and not "openshift-kubelet" in ansible_facts.packages
    and "ostree" in ansible_proc_cmdline ) and not ( ansible_virtualization_type in
    ["docker", "lxc", "openvz", "podman", "container"] ) )
  - '"/var/log" in ansible_mounts | map(attribute="mount") | list'
  - device_name.stdout is defined and device_name.stdout_lines is defined
  - (device_name.stdout | length &gt; 0)
  tags:
  - CCE-92589-1
  - NIST-800-53-AC-6
  - NIST-800-53-AC-6(1)
  - NIST-800-53-CM-6(a)
  - NIST-800-53-CM-7(a)
  - NIST-800-53-CM-7(b)
  - NIST-800-53-MP-7
  - configure_strategy
  - high_disruption
  - low_complexity
  - medium_severity
  - mount_option_var_log_nodev
  - no_reboot_needed

- name: 'Add nodev Option to /var/log: If /var/log not mounted, craft mount_info manually'
  set_fact:
    mount_info: '{{ mount_info|default({})|combine({item.0: item.1}) }}'
  with_together:
  - - target
    - source
    - fstype
    - options
  - - /var/log
    - ''
    - ''
    - defaults
  when:
  - ( not ( "kernel" in ansible_facts.packages and "rpm-ostree" in ansible_facts.packages
    and "bootc" in ansible_facts.packages and not "openshift-kubelet" in ansible_facts.packages
    and "ostree" in ansible_proc_cmdline ) and not ( ansible_virtualization_type in
    ["docker", "lxc", "openvz", "podman", "container"] ) )
  - '"/var/log" in ansible_mounts | map(attribute="mount") | list'
  - ("--fstab" | length == 0)
  - device_name.stdout is defined and device_name.stdout_lines is defined
  - (device_name.stdout | length == 0)
  tags:
  - CCE-92589-1
  - NIST-800-53-AC-6
  - NIST-800-53-AC-6(1)
  - NIST-800-53-CM-6(a)
  - NIST-800-53-CM-7(a)
  - NIST-800-53-CM-7(b)
  - NIST-800-53-MP-7
  - configure_strategy
  - high_disruption
  - low_complexity
  - medium_severity
  - mount_option_var_log_nodev
  - no_reboot_needed

- name: 'Add nodev Option to /var/log: Make sure nodev option is part of the to /var/log
    options'
  set_fact:
    mount_info: '{{ mount_info | combine( {''options'':''''~mount_info.options~'',nodev''
      }) }}'
  when:
  - ( not ( "kernel" in ansible_facts.packages and "rpm-ostree" in ansible_facts.packages
    and "bootc" in ansible_facts.packages and not "openshift-kubelet" in ansible_facts.packages
    and "ostree" in ansible_proc_cmdline ) and not ( ansible_virtualization_type in
    ["docker", "lxc", "openvz", "podman", "container"] ) )
  - '"/var/log" in ansible_mounts | map(attribute="mount") | list'
  - mount_info is defined and "nodev" not in mount_info.options
  tags:
  - CCE-92589-1
  - NIST-800-53-AC-6
  - NIST-800-53-AC-6(1)
  - NIST-800-53-CM-6(a)
  - NIST-800-53-CM-7(a)
  - NIST-800-53-CM-7(b)
  - NIST-800-53-MP-7
  - configure_strategy
  - high_disruption
  - low_complexity
  - medium_severity
  - mount_option_var_log_nodev
  - no_reboot_needed

- name: 'Add nodev Option to /var/log: Ensure /var/log is mounted with nodev option'
  mount:
    path: /var/log
    src: '{{ mount_info.source }}'
    opts: '{{ mount_info.options }}'
    state: mounted
    fstype: '{{ mount_info.fstype }}'
  when:
  - ( not ( "kernel" in ansible_facts.packages and "rpm-ostree" in ansible_facts.packages
    and "bootc" in ansible_facts.packages and not "openshift-kubelet" in ansible_facts.packages
    and "ostree" in ansible_proc_cmdline ) and not ( ansible_virtualization_type in
    ["docker", "lxc", "openvz", "podman", "container"] ) )
  - '"/var/log" in ansible_mounts | map(attribute="mount") | list'
  - mount_info is defined
  - (device_name.stdout is defined and (device_name.stdout | length &gt; 0)) or ("--fstab"
    | length == 0)
  tags:
  - CCE-92589-1
  - NIST-800-53-AC-6
  - NIST-800-53-AC-6(1)
  - NIST-800-53-CM-6(a)
  - NIST-800-53-CM-7(a)
  - NIST-800-53-CM-7(b)
  - NIST-800-53-MP-7
  - configure_strategy
  - high_disruption
  - low_complexity
  - medium_severity
  - mount_option_var_log_nodev
  - no_reboot_needed
</fix>
          <check system="http://oval.mitre.org/XMLSchema/oval-definitions-5">
            <check-content-ref name="oval:ssg-mount_option_var_log_nodev:def:1" href="ssg-sle15-oval.xml"/>
          </check>
          <check system="http://scap.nist.gov/schema/ocil/2">
            <check-content-ref name="ocil:ssg-mount_option_var_log_nodev_ocil:questionnaire:1" href="ssg-sle15-ocil.xml"/>
          </check>
        </Rule>
        <Rule id="xccdf_org.ssgproject.content_rule_mount_option_var_log_noexec" selected="false" role="full" severity="medium">
          <title xmlns:xhtml="http://www.w3.org/1999/xhtml" xml:lang="en-US">Add noexec Option to /var/log</title>
          <description xmlns:xhtml="http://www.w3.org/1999/xhtml" xml:lang="en-US">The <html:code xmlns:html="http://www.w3.org/1999/xhtml">noexec</html:code> mount option can be used to prevent binaries
from being executed out of <html:code xmlns:html="http://www.w3.org/1999/xhtml">/var/log</html:code>.
Add the <html:code xmlns:html="http://www.w3.org/1999/xhtml">noexec</html:code> option to the fourth column of
<html:code xmlns:html="http://www.w3.org/1999/xhtml">/etc/fstab</html:code> for the line which controls mounting of
<html:code xmlns:html="http://www.w3.org/1999/xhtml">/var/log</html:code>.</description>
          <reference href="https://www.nerc.com/standards/reliability-standards/cip">CIP-003-8 R5.1.1</reference>
          <reference href="https://www.nerc.com/standards/reliability-standards/cip">CIP-003-8 R5.3</reference>
          <reference href="https://www.nerc.com/standards/reliability-standards/cip">CIP-004-6 R2.3</reference>
          <reference href="https://www.nerc.com/standards/reliability-standards/cip">CIP-007-3 R2.1</reference>
          <reference href="https://www.nerc.com/standards/reliability-standards/cip">CIP-007-3 R2.2</reference>
          <reference href="https://www.nerc.com/standards/reliability-standards/cip">CIP-007-3 R2.3</reference>
          <reference href="https://www.nerc.com/standards/reliability-standards/cip">CIP-007-3 R5.1</reference>
          <reference href="https://www.nerc.com/standards/reliability-standards/cip">CIP-007-3 R5.1.1</reference>
          <reference href="https://www.nerc.com/standards/reliability-standards/cip">CIP-007-3 R5.1.2</reference>
          <reference href="http://nvlpubs.nist.gov/nistpubs/SpecialPublications/NIST.SP.800-53r4.pdf">CM-7(a)</reference>
          <reference href="http://nvlpubs.nist.gov/nistpubs/SpecialPublications/NIST.SP.800-53r4.pdf">CM-7(b)</reference>
          <reference href="http://nvlpubs.nist.gov/nistpubs/SpecialPublications/NIST.SP.800-53r4.pdf">CM-6(a)</reference>
          <reference href="http://nvlpubs.nist.gov/nistpubs/SpecialPublications/NIST.SP.800-53r4.pdf">AC-6</reference>
          <reference href="http://nvlpubs.nist.gov/nistpubs/SpecialPublications/NIST.SP.800-53r4.pdf">AC-6(1)</reference>
          <reference href="http://nvlpubs.nist.gov/nistpubs/SpecialPublications/NIST.SP.800-53r4.pdf">MP-7</reference>
          <reference href="https://nvlpubs.nist.gov/nistpubs/CSWP/NIST.CSWP.04162018.pdf">PR.IP-1</reference>
          <reference href="https://nvlpubs.nist.gov/nistpubs/CSWP/NIST.CSWP.04162018.pdf">PR.PT-2</reference>
          <reference href="https://nvlpubs.nist.gov/nistpubs/CSWP/NIST.CSWP.04162018.pdf">PR.PT-3</reference>
          <reference href="https://www.cyber.mil/stigs/downloads/?_dl_facet_stigs=operating-systems%2Cgeneral-purpose-os">SRG-OS-000368-GPOS-00154</reference>
          <reference href="https://cyber.gouv.fr/sites/default/files/document/linux_configuration-en-v2.pdf">R28</reference>
          <reference href="not_publicly_available">SLES-15-150150465</reference>
          <rationale xmlns:xhtml="http://www.w3.org/1999/xhtml" xml:lang="en-US">Allowing users to execute binaries from directories containing log files
such as <html:code xmlns:html="http://www.w3.org/1999/xhtml">/var/log</html:code> should never be necessary in normal operation and
can expose the system to potential compromise.</rationale>
          <platform idref="#mount_var-log"/>
          <ident system="https://ncp.nist.gov/cce">CCE-91274-1</ident>
          <fix xmlns:xhtml="http://www.w3.org/1999/xhtml" id="mount_option_var_log_noexec" system="urn:xccdf:fix:script:sh"># Remediation is applicable only in certain platforms
if ( ! ( { rpm --quiet -q kernel ;} &amp;&amp; { rpm --quiet -q rpm-ostree ;} &amp;&amp; { rpm --quiet -q bootc ;} &amp;&amp; { ! rpm --quiet -q openshift-kubelet ;} &amp;&amp; ([ -f /run/ostree-booted ] || [ -L /ostree ]) ) &amp;&amp; ! ( [ -f /.dockerenv ] || [ -f /run/.containerenv ] ) ) &amp;&amp; { findmnt --kernel "/var/log" &gt; /dev/null || findmnt --fstab "/var/log" &gt; /dev/null; }; then

function perform_remediation {
    
        # the mount point /var/log has to be defined in /etc/fstab
        # before this remediation can be executed. In case it is not defined, the
        # remediation aborts and no changes regarding the mount point are done.
        mount_point_match_regexp="$(printf "^[[:space:]]*[^#].*[[:space:]]%s[[:space:]]" "/var/log")"

    grep "$mount_point_match_regexp" -q /etc/fstab \
        || { echo "The mount point '/var/log' is not even in /etc/fstab, so we can't set up mount options" &gt;&amp;2;
                echo "Not remediating, because there is no record of /var/log in /etc/fstab" &gt;&amp;2; return 1; }
    


    mount_point_match_regexp="$(printf "^[[:space:]]*[^#].*[[:space:]]%s[[:space:]]" /var/log)"

    # If the mount point is not in /etc/fstab, get previous mount options from /etc/mtab
    if ! grep -q "$mount_point_match_regexp" /etc/fstab; then
        # runtime opts without some automatic kernel/userspace-added defaults
        previous_mount_opts=$(grep "$mount_point_match_regexp" /etc/mtab | head -1 |  awk '{print $4}' \
                    | sed -E "s/(rw|defaults|seclabel|noexec)(,|$)//g;s/,$//")
        [ "$previous_mount_opts" ] &amp;&amp; previous_mount_opts+=","
        # In iso9660 filesystems mtab could describe a "blocksize" value, this should be reflected in
        # fstab as "block".  The next variable is to satisfy shellcheck SC2050.
        fs_type=""
        if [  "$fs_type" == "iso9660" ] ; then
            previous_mount_opts=$(sed 's/blocksize=/block=/' &lt;&lt;&lt; "$previous_mount_opts")
        fi
        echo " /var/log  defaults,${previous_mount_opts}noexec 0 0" &gt;&gt; /etc/fstab
    # If the mount_opt option is not already in the mount point's /etc/fstab entry, add it
    elif ! grep "$mount_point_match_regexp" /etc/fstab | grep -q "noexec"; then
        previous_mount_opts=$(grep "$mount_point_match_regexp" /etc/fstab | awk '{print $4}')
        sed -i "s|\(${mount_point_match_regexp}.*${previous_mount_opts}\)|\1,noexec|" /etc/fstab
    fi


    if mkdir -p "/var/log"; then
        if mountpoint -q "/var/log"; then
            mount -o remount --target "/var/log"
        fi
    fi
}

perform_remediation

else
    &gt;&amp;2 echo 'Remediation is not applicable, nothing was done'
fi
</fix>
          <fix xmlns:xhtml="http://www.w3.org/1999/xhtml" id="mount_option_var_log_noexec" system="urn:xccdf:fix:script:ansible" complexity="low" disruption="high" strategy="configure">- name: Gather the package facts
  package_facts:
    manager: auto
  tags:
  - CCE-91274-1
  - NIST-800-53-AC-6
  - NIST-800-53-AC-6(1)
  - NIST-800-53-CM-6(a)
  - NIST-800-53-CM-7(a)
  - NIST-800-53-CM-7(b)
  - NIST-800-53-MP-7
  - configure_strategy
  - high_disruption
  - low_complexity
  - medium_severity
  - mount_option_var_log_noexec
  - no_reboot_needed

- name: 'Add noexec Option to /var/log: Check information associated to mountpoint'
  command: findmnt --fstab '/var/log'
  register: device_name
  failed_when: device_name.rc &gt; 1
  changed_when: false
  check_mode: false
  when:
  - ( not ( "kernel" in ansible_facts.packages and "rpm-ostree" in ansible_facts.packages
    and "bootc" in ansible_facts.packages and not "openshift-kubelet" in ansible_facts.packages
    and "ostree" in ansible_proc_cmdline ) and not ( ansible_virtualization_type in
    ["docker", "lxc", "openvz", "podman", "container"] ) )
  - '"/var/log" in ansible_mounts | map(attribute="mount") | list'
  tags:
  - CCE-91274-1
  - NIST-800-53-AC-6
  - NIST-800-53-AC-6(1)
  - NIST-800-53-CM-6(a)
  - NIST-800-53-CM-7(a)
  - NIST-800-53-CM-7(b)
  - NIST-800-53-MP-7
  - configure_strategy
  - high_disruption
  - low_complexity
  - medium_severity
  - mount_option_var_log_noexec
  - no_reboot_needed

- name: 'Add noexec Option to /var/log: Create mount_info dictionary variable'
  set_fact:
    mount_info: '{{ mount_info|default({})|combine({item.0: item.1}) }}'
  with_together:
  - '{{ device_name.stdout_lines[0].split() | list | lower }}'
  - '{{ device_name.stdout_lines[1].split() | list }}'
  when:
  - ( not ( "kernel" in ansible_facts.packages and "rpm-ostree" in ansible_facts.packages
    and "bootc" in ansible_facts.packages and not "openshift-kubelet" in ansible_facts.packages
    and "ostree" in ansible_proc_cmdline ) and not ( ansible_virtualization_type in
    ["docker", "lxc", "openvz", "podman", "container"] ) )
  - '"/var/log" in ansible_mounts | map(attribute="mount") | list'
  - device_name.stdout is defined and device_name.stdout_lines is defined
  - (device_name.stdout | length &gt; 0)
  tags:
  - CCE-91274-1
  - NIST-800-53-AC-6
  - NIST-800-53-AC-6(1)
  - NIST-800-53-CM-6(a)
  - NIST-800-53-CM-7(a)
  - NIST-800-53-CM-7(b)
  - NIST-800-53-MP-7
  - configure_strategy
  - high_disruption
  - low_complexity
  - medium_severity
  - mount_option_var_log_noexec
  - no_reboot_needed

- name: 'Add noexec Option to /var/log: If /var/log not mounted, craft mount_info
    manually'
  set_fact:
    mount_info: '{{ mount_info|default({})|combine({item.0: item.1}) }}'
  with_together:
  - - target
    - source
    - fstype
    - options
  - - /var/log
    - ''
    - ''
    - defaults
  when:
  - ( not ( "kernel" in ansible_facts.packages and "rpm-ostree" in ansible_facts.packages
    and "bootc" in ansible_facts.packages and not "openshift-kubelet" in ansible_facts.packages
    and "ostree" in ansible_proc_cmdline ) and not ( ansible_virtualization_type in
    ["docker", "lxc", "openvz", "podman", "container"] ) )
  - '"/var/log" in ansible_mounts | map(attribute="mount") | list'
  - ("--fstab" | length == 0)
  - device_name.stdout is defined and device_name.stdout_lines is defined
  - (device_name.stdout | length == 0)
  tags:
  - CCE-91274-1
  - NIST-800-53-AC-6
  - NIST-800-53-AC-6(1)
  - NIST-800-53-CM-6(a)
  - NIST-800-53-CM-7(a)
  - NIST-800-53-CM-7(b)
  - NIST-800-53-MP-7
  - configure_strategy
  - high_disruption
  - low_complexity
  - medium_severity
  - mount_option_var_log_noexec
  - no_reboot_needed

- name: 'Add noexec Option to /var/log: Make sure noexec option is part of the to
    /var/log options'
  set_fact:
    mount_info: '{{ mount_info | combine( {''options'':''''~mount_info.options~'',noexec''
      }) }}'
  when:
  - ( not ( "kernel" in ansible_facts.packages and "rpm-ostree" in ansible_facts.packages
    and "bootc" in ansible_facts.packages and not "openshift-kubelet" in ansible_facts.packages
    and "ostree" in ansible_proc_cmdline ) and not ( ansible_virtualization_type in
    ["docker", "lxc", "openvz", "podman", "container"] ) )
  - '"/var/log" in ansible_mounts | map(attribute="mount") | list'
  - mount_info is defined and "noexec" not in mount_info.options
  tags:
  - CCE-91274-1
  - NIST-800-53-AC-6
  - NIST-800-53-AC-6(1)
  - NIST-800-53-CM-6(a)
  - NIST-800-53-CM-7(a)
  - NIST-800-53-CM-7(b)
  - NIST-800-53-MP-7
  - configure_strategy
  - high_disruption
  - low_complexity
  - medium_severity
  - mount_option_var_log_noexec
  - no_reboot_needed

- name: 'Add noexec Option to /var/log: Ensure /var/log is mounted with noexec option'
  mount:
    path: /var/log
    src: '{{ mount_info.source }}'
    opts: '{{ mount_info.options }}'
    state: mounted
    fstype: '{{ mount_info.fstype }}'
  when:
  - ( not ( "kernel" in ansible_facts.packages and "rpm-ostree" in ansible_facts.packages
    and "bootc" in ansible_facts.packages and not "openshift-kubelet" in ansible_facts.packages
    and "ostree" in ansible_proc_cmdline ) and not ( ansible_virtualization_type in
    ["docker", "lxc", "openvz", "podman", "container"] ) )
  - '"/var/log" in ansible_mounts | map(attribute="mount") | list'
  - mount_info is defined
  - (device_name.stdout is defined and (device_name.stdout | length &gt; 0)) or ("--fstab"
    | length == 0)
  tags:
  - CCE-91274-1
  - NIST-800-53-AC-6
  - NIST-800-53-AC-6(1)
  - NIST-800-53-CM-6(a)
  - NIST-800-53-CM-7(a)
  - NIST-800-53-CM-7(b)
  - NIST-800-53-MP-7
  - configure_strategy
  - high_disruption
  - low_complexity
  - medium_severity
  - mount_option_var_log_noexec
  - no_reboot_needed
</fix>
          <check system="http://oval.mitre.org/XMLSchema/oval-definitions-5">
            <check-content-ref name="oval:ssg-mount_option_var_log_noexec:def:1" href="ssg-sle15-oval.xml"/>
          </check>
          <check system="http://scap.nist.gov/schema/ocil/2">
            <check-content-ref name="ocil:ssg-mount_option_var_log_noexec_ocil:questionnaire:1" href="ssg-sle15-ocil.xml"/>
          </check>
        </Rule>
        <Rule id="xccdf_org.ssgproject.content_rule_mount_option_var_log_nosuid" selected="false" role="full" severity="medium">
          <title xmlns:xhtml="http://www.w3.org/1999/xhtml" xml:lang="en-US">Add nosuid Option to /var/log</title>
          <description xmlns:xhtml="http://www.w3.org/1999/xhtml" xml:lang="en-US">The <html:code xmlns:html="http://www.w3.org/1999/xhtml">nosuid</html:code> mount option can be used to prevent
execution of setuid programs in <html:code xmlns:html="http://www.w3.org/1999/xhtml">/var/log</html:code>. The SUID and SGID permissions
should not be required in directories containing log files.
Add the <html:code xmlns:html="http://www.w3.org/1999/xhtml">nosuid</html:code> option to the fourth column of
<html:code xmlns:html="http://www.w3.org/1999/xhtml">/etc/fstab</html:code> for the line which controls mounting of
<html:code xmlns:html="http://www.w3.org/1999/xhtml">/var/log</html:code>.</description>
          <reference href="https://www.nerc.com/standards/reliability-standards/cip">CIP-003-8 R5.1.1</reference>
          <reference href="https://www.nerc.com/standards/reliability-standards/cip">CIP-003-8 R5.3</reference>
          <reference href="https://www.nerc.com/standards/reliability-standards/cip">CIP-004-6 R2.3</reference>
          <reference href="https://www.nerc.com/standards/reliability-standards/cip">CIP-007-3 R2.1</reference>
          <reference href="https://www.nerc.com/standards/reliability-standards/cip">CIP-007-3 R2.2</reference>
          <reference href="https://www.nerc.com/standards/reliability-standards/cip">CIP-007-3 R2.3</reference>
          <reference href="https://www.nerc.com/standards/reliability-standards/cip">CIP-007-3 R5.1</reference>
          <reference href="https://www.nerc.com/standards/reliability-standards/cip">CIP-007-3 R5.1.1</reference>
          <reference href="https://www.nerc.com/standards/reliability-standards/cip">CIP-007-3 R5.1.2</reference>
          <reference href="http://nvlpubs.nist.gov/nistpubs/SpecialPublications/NIST.SP.800-53r4.pdf">CM-7(a)</reference>
          <reference href="http://nvlpubs.nist.gov/nistpubs/SpecialPublications/NIST.SP.800-53r4.pdf">CM-7(b)</reference>
          <reference href="http://nvlpubs.nist.gov/nistpubs/SpecialPublications/NIST.SP.800-53r4.pdf">CM-6(a)</reference>
          <reference href="http://nvlpubs.nist.gov/nistpubs/SpecialPublications/NIST.SP.800-53r4.pdf">AC-6</reference>
          <reference href="http://nvlpubs.nist.gov/nistpubs/SpecialPublications/NIST.SP.800-53r4.pdf">AC-6(1)</reference>
          <reference href="http://nvlpubs.nist.gov/nistpubs/SpecialPublications/NIST.SP.800-53r4.pdf">MP-7</reference>
          <reference href="https://nvlpubs.nist.gov/nistpubs/CSWP/NIST.CSWP.04162018.pdf">PR.IP-1</reference>
          <reference href="https://nvlpubs.nist.gov/nistpubs/CSWP/NIST.CSWP.04162018.pdf">PR.PT-2</reference>
          <reference href="https://nvlpubs.nist.gov/nistpubs/CSWP/NIST.CSWP.04162018.pdf">PR.PT-3</reference>
          <reference href="https://www.cyber.mil/stigs/downloads/?_dl_facet_stigs=operating-systems%2Cgeneral-purpose-os">SRG-OS-000368-GPOS-00154</reference>
          <reference href="https://cyber.gouv.fr/sites/default/files/document/linux_configuration-en-v2.pdf">R28</reference>
          <reference href="not_publicly_available">SLES-15-150150450</reference>
          <rationale xmlns:xhtml="http://www.w3.org/1999/xhtml" xml:lang="en-US">The presence of SUID and SGID executables should be tightly controlled. Users
should not be able to execute SUID or SGID binaries from partitions
designated for log files.</rationale>
          <platform idref="#mount_var-log"/>
          <ident system="https://ncp.nist.gov/cce">CCE-91275-8</ident>
          <fix xmlns:xhtml="http://www.w3.org/1999/xhtml" id="mount_option_var_log_nosuid" system="urn:xccdf:fix:script:sh"># Remediation is applicable only in certain platforms
if ( ! ( { rpm --quiet -q kernel ;} &amp;&amp; { rpm --quiet -q rpm-ostree ;} &amp;&amp; { rpm --quiet -q bootc ;} &amp;&amp; { ! rpm --quiet -q openshift-kubelet ;} &amp;&amp; ([ -f /run/ostree-booted ] || [ -L /ostree ]) ) &amp;&amp; ! ( [ -f /.dockerenv ] || [ -f /run/.containerenv ] ) ) &amp;&amp; { findmnt --kernel "/var/log" &gt; /dev/null || findmnt --fstab "/var/log" &gt; /dev/null; }; then

function perform_remediation {
    
        # the mount point /var/log has to be defined in /etc/fstab
        # before this remediation can be executed. In case it is not defined, the
        # remediation aborts and no changes regarding the mount point are done.
        mount_point_match_regexp="$(printf "^[[:space:]]*[^#].*[[:space:]]%s[[:space:]]" "/var/log")"

    grep "$mount_point_match_regexp" -q /etc/fstab \
        || { echo "The mount point '/var/log' is not even in /etc/fstab, so we can't set up mount options" &gt;&amp;2;
                echo "Not remediating, because there is no record of /var/log in /etc/fstab" &gt;&amp;2; return 1; }
    


    mount_point_match_regexp="$(printf "^[[:space:]]*[^#].*[[:space:]]%s[[:space:]]" /var/log)"

    # If the mount point is not in /etc/fstab, get previous mount options from /etc/mtab
    if ! grep -q "$mount_point_match_regexp" /etc/fstab; then
        # runtime opts without some automatic kernel/userspace-added defaults
        previous_mount_opts=$(grep "$mount_point_match_regexp" /etc/mtab | head -1 |  awk '{print $4}' \
                    | sed -E "s/(rw|defaults|seclabel|nosuid)(,|$)//g;s/,$//")
        [ "$previous_mount_opts" ] &amp;&amp; previous_mount_opts+=","
        # In iso9660 filesystems mtab could describe a "blocksize" value, this should be reflected in
        # fstab as "block".  The next variable is to satisfy shellcheck SC2050.
        fs_type=""
        if [  "$fs_type" == "iso9660" ] ; then
            previous_mount_opts=$(sed 's/blocksize=/block=/' &lt;&lt;&lt; "$previous_mount_opts")
        fi
        echo " /var/log  defaults,${previous_mount_opts}nosuid 0 0" &gt;&gt; /etc/fstab
    # If the mount_opt option is not already in the mount point's /etc/fstab entry, add it
    elif ! grep "$mount_point_match_regexp" /etc/fstab | grep -q "nosuid"; then
        previous_mount_opts=$(grep "$mount_point_match_regexp" /etc/fstab | awk '{print $4}')
        sed -i "s|\(${mount_point_match_regexp}.*${previous_mount_opts}\)|\1,nosuid|" /etc/fstab
    fi


    if mkdir -p "/var/log"; then
        if mountpoint -q "/var/log"; then
            mount -o remount --target "/var/log"
        fi
    fi
}

perform_remediation

else
    &gt;&amp;2 echo 'Remediation is not applicable, nothing was done'
fi
</fix>
          <fix xmlns:xhtml="http://www.w3.org/1999/xhtml" id="mount_option_var_log_nosuid" system="urn:xccdf:fix:script:ansible" complexity="low" disruption="high" strategy="configure">- name: Gather the package facts
  package_facts:
    manager: auto
  tags:
  - CCE-91275-8
  - NIST-800-53-AC-6
  - NIST-800-53-AC-6(1)
  - NIST-800-53-CM-6(a)
  - NIST-800-53-CM-7(a)
  - NIST-800-53-CM-7(b)
  - NIST-800-53-MP-7
  - configure_strategy
  - high_disruption
  - low_complexity
  - medium_severity
  - mount_option_var_log_nosuid
  - no_reboot_needed

- name: 'Add nosuid Option to /var/log: Check information associated to mountpoint'
  command: findmnt --fstab '/var/log'
  register: device_name
  failed_when: device_name.rc &gt; 1
  changed_when: false
  check_mode: false
  when:
  - ( not ( "kernel" in ansible_facts.packages and "rpm-ostree" in ansible_facts.packages
    and "bootc" in ansible_facts.packages and not "openshift-kubelet" in ansible_facts.packages
    and "ostree" in ansible_proc_cmdline ) and not ( ansible_virtualization_type in
    ["docker", "lxc", "openvz", "podman", "container"] ) )
  - '"/var/log" in ansible_mounts | map(attribute="mount") | list'
  tags:
  - CCE-91275-8
  - NIST-800-53-AC-6
  - NIST-800-53-AC-6(1)
  - NIST-800-53-CM-6(a)
  - NIST-800-53-CM-7(a)
  - NIST-800-53-CM-7(b)
  - NIST-800-53-MP-7
  - configure_strategy
  - high_disruption
  - low_complexity
  - medium_severity
  - mount_option_var_log_nosuid
  - no_reboot_needed

- name: 'Add nosuid Option to /var/log: Create mount_info dictionary variable'
  set_fact:
    mount_info: '{{ mount_info|default({})|combine({item.0: item.1}) }}'
  with_together:
  - '{{ device_name.stdout_lines[0].split() | list | lower }}'
  - '{{ device_name.stdout_lines[1].split() | list }}'
  when:
  - ( not ( "kernel" in ansible_facts.packages and "rpm-ostree" in ansible_facts.packages
    and "bootc" in ansible_facts.packages and not "openshift-kubelet" in ansible_facts.packages
    and "ostree" in ansible_proc_cmdline ) and not ( ansible_virtualization_type in
    ["docker", "lxc", "openvz", "podman", "container"] ) )
  - '"/var/log" in ansible_mounts | map(attribute="mount") | list'
  - device_name.stdout is defined and device_name.stdout_lines is defined
  - (device_name.stdout | length &gt; 0)
  tags:
  - CCE-91275-8
  - NIST-800-53-AC-6
  - NIST-800-53-AC-6(1)
  - NIST-800-53-CM-6(a)
  - NIST-800-53-CM-7(a)
  - NIST-800-53-CM-7(b)
  - NIST-800-53-MP-7
  - configure_strategy
  - high_disruption
  - low_complexity
  - medium_severity
  - mount_option_var_log_nosuid
  - no_reboot_needed

- name: 'Add nosuid Option to /var/log: If /var/log not mounted, craft mount_info
    manually'
  set_fact:
    mount_info: '{{ mount_info|default({})|combine({item.0: item.1}) }}'
  with_together:
  - - target
    - source
    - fstype
    - options
  - - /var/log
    - ''
    - ''
    - defaults
  when:
  - ( not ( "kernel" in ansible_facts.packages and "rpm-ostree" in ansible_facts.packages
    and "bootc" in ansible_facts.packages and not "openshift-kubelet" in ansible_facts.packages
    and "ostree" in ansible_proc_cmdline ) and not ( ansible_virtualization_type in
    ["docker", "lxc", "openvz", "podman", "container"] ) )
  - '"/var/log" in ansible_mounts | map(attribute="mount") | list'
  - ("--fstab" | length == 0)
  - device_name.stdout is defined and device_name.stdout_lines is defined
  - (device_name.stdout | length == 0)
  tags:
  - CCE-91275-8
  - NIST-800-53-AC-6
  - NIST-800-53-AC-6(1)
  - NIST-800-53-CM-6(a)
  - NIST-800-53-CM-7(a)
  - NIST-800-53-CM-7(b)
  - NIST-800-53-MP-7
  - configure_strategy
  - high_disruption
  - low_complexity
  - medium_severity
  - mount_option_var_log_nosuid
  - no_reboot_needed

- name: 'Add nosuid Option to /var/log: Make sure nosuid option is part of the to
    /var/log options'
  set_fact:
    mount_info: '{{ mount_info | combine( {''options'':''''~mount_info.options~'',nosuid''
      }) }}'
  when:
  - ( not ( "kernel" in ansible_facts.packages and "rpm-ostree" in ansible_facts.packages
    and "bootc" in ansible_facts.packages and not "openshift-kubelet" in ansible_facts.packages
    and "ostree" in ansible_proc_cmdline ) and not ( ansible_virtualization_type in
    ["docker", "lxc", "openvz", "podman", "container"] ) )
  - '"/var/log" in ansible_mounts | map(attribute="mount") | list'
  - mount_info is defined and "nosuid" not in mount_info.options
  tags:
  - CCE-91275-8
  - NIST-800-53-AC-6
  - NIST-800-53-AC-6(1)
  - NIST-800-53-CM-6(a)
  - NIST-800-53-CM-7(a)
  - NIST-800-53-CM-7(b)
  - NIST-800-53-MP-7
  - configure_strategy
  - high_disruption
  - low_complexity
  - medium_severity
  - mount_option_var_log_nosuid
  - no_reboot_needed

- name: 'Add nosuid Option to /var/log: Ensure /var/log is mounted with nosuid option'
  mount:
    path: /var/log
    src: '{{ mount_info.source }}'
    opts: '{{ mount_info.options }}'
    state: mounted
    fstype: '{{ mount_info.fstype }}'
  when:
  - ( not ( "kernel" in ansible_facts.packages and "rpm-ostree" in ansible_facts.packages
    and "bootc" in ansible_facts.packages and not "openshift-kubelet" in ansible_facts.packages
    and "ostree" in ansible_proc_cmdline ) and not ( ansible_virtualization_type in
    ["docker", "lxc", "openvz", "podman", "container"] ) )
  - '"/var/log" in ansible_mounts | map(attribute="mount") | list'
  - mount_info is defined
  - (device_name.stdout is defined and (device_name.stdout | length &gt; 0)) or ("--fstab"
    | length == 0)
  tags:
  - CCE-91275-8
  - NIST-800-53-AC-6
  - NIST-800-53-AC-6(1)
  - NIST-800-53-CM-6(a)
  - NIST-800-53-CM-7(a)
  - NIST-800-53-CM-7(b)
  - NIST-800-53-MP-7
  - configure_strategy
  - high_disruption
  - low_complexity
  - medium_severity
  - mount_option_var_log_nosuid
  - no_reboot_needed
</fix>
          <check system="http://oval.mitre.org/XMLSchema/oval-definitions-5">
            <check-content-ref name="oval:ssg-mount_option_var_log_nosuid:def:1" href="ssg-sle15-oval.xml"/>
          </check>
          <check system="http://scap.nist.gov/schema/ocil/2">
            <check-content-ref name="ocil:ssg-mount_option_var_log_nosuid_ocil:questionnaire:1" href="ssg-sle15-ocil.xml"/>
          </check>
        </Rule>
        <Rule id="xccdf_org.ssgproject.content_rule_mount_option_var_nodev" selected="false" role="full" severity="medium">
          <title xmlns:xhtml="http://www.w3.org/1999/xhtml" xml:lang="en-US">Add nodev Option to /var</title>
          <description xmlns:xhtml="http://www.w3.org/1999/xhtml" xml:lang="en-US">The <html:code xmlns:html="http://www.w3.org/1999/xhtml">nodev</html:code> mount option can be used to prevent device files from
being created in <html:code xmlns:html="http://www.w3.org/1999/xhtml">/var</html:code>.
Legitimate character and block devices should exist only in
the <html:code xmlns:html="http://www.w3.org/1999/xhtml">/dev</html:code> directory on the root partition or within chroot
jails built for system services.
Add the <html:code xmlns:html="http://www.w3.org/1999/xhtml">nodev</html:code> option to the fourth column of
<html:code xmlns:html="http://www.w3.org/1999/xhtml">/etc/fstab</html:code> for the line which controls mounting of
<html:code xmlns:html="http://www.w3.org/1999/xhtml">/var</html:code>.</description>
          <reference href="https://www.nerc.com/standards/reliability-standards/cip">CIP-003-8 R5.1.1</reference>
          <reference href="https://www.nerc.com/standards/reliability-standards/cip">CIP-003-8 R5.3</reference>
          <reference href="https://www.nerc.com/standards/reliability-standards/cip">CIP-004-6 R2.3</reference>
          <reference href="https://www.nerc.com/standards/reliability-standards/cip">CIP-007-3 R2.1</reference>
          <reference href="https://www.nerc.com/standards/reliability-standards/cip">CIP-007-3 R2.2</reference>
          <reference href="https://www.nerc.com/standards/reliability-standards/cip">CIP-007-3 R2.3</reference>
          <reference href="https://www.nerc.com/standards/reliability-standards/cip">CIP-007-3 R5.1</reference>
          <reference href="https://www.nerc.com/standards/reliability-standards/cip">CIP-007-3 R5.1.1</reference>
          <reference href="https://www.nerc.com/standards/reliability-standards/cip">CIP-007-3 R5.1.2</reference>
          <reference href="http://nvlpubs.nist.gov/nistpubs/SpecialPublications/NIST.SP.800-53r4.pdf">CM-7(a)</reference>
          <reference href="http://nvlpubs.nist.gov/nistpubs/SpecialPublications/NIST.SP.800-53r4.pdf">CM-7(b)</reference>
          <reference href="http://nvlpubs.nist.gov/nistpubs/SpecialPublications/NIST.SP.800-53r4.pdf">CM-6(a)</reference>
          <reference href="http://nvlpubs.nist.gov/nistpubs/SpecialPublications/NIST.SP.800-53r4.pdf">AC-6</reference>
          <reference href="http://nvlpubs.nist.gov/nistpubs/SpecialPublications/NIST.SP.800-53r4.pdf">AC-6(1)</reference>
          <reference href="http://nvlpubs.nist.gov/nistpubs/SpecialPublications/NIST.SP.800-53r4.pdf">MP-7</reference>
          <reference href="https://nvlpubs.nist.gov/nistpubs/CSWP/NIST.CSWP.04162018.pdf">PR.IP-1</reference>
          <reference href="https://nvlpubs.nist.gov/nistpubs/CSWP/NIST.CSWP.04162018.pdf">PR.PT-2</reference>
          <reference href="https://nvlpubs.nist.gov/nistpubs/CSWP/NIST.CSWP.04162018.pdf">PR.PT-3</reference>
          <reference href="https://www.cyber.mil/stigs/downloads/?_dl_facet_stigs=operating-systems%2Cgeneral-purpose-os">SRG-OS-000368-GPOS-00154</reference>
          <reference href="not_publicly_available">SLES-15-150150330</reference>
          <rationale xmlns:xhtml="http://www.w3.org/1999/xhtml" xml:lang="en-US">The only legitimate location for device files is the <html:code xmlns:html="http://www.w3.org/1999/xhtml">/dev</html:code> directory
located on the root partition. The only exception to this is chroot jails.</rationale>
          <platform idref="#mount_var"/>
          <ident system="https://ncp.nist.gov/cce">CCE-92590-9</ident>
          <fix xmlns:xhtml="http://www.w3.org/1999/xhtml" id="mount_option_var_nodev" system="urn:xccdf:fix:script:sh"># Remediation is applicable only in certain platforms
if ( ! ( { rpm --quiet -q kernel ;} &amp;&amp; { rpm --quiet -q rpm-ostree ;} &amp;&amp; { rpm --quiet -q bootc ;} &amp;&amp; { ! rpm --quiet -q openshift-kubelet ;} &amp;&amp; ([ -f /run/ostree-booted ] || [ -L /ostree ]) ) &amp;&amp; ! ( [ -f /.dockerenv ] || [ -f /run/.containerenv ] ) ) &amp;&amp; { findmnt --kernel "/var" &gt; /dev/null || findmnt --fstab "/var" &gt; /dev/null; }; then

function perform_remediation {
    
        # the mount point /var has to be defined in /etc/fstab
        # before this remediation can be executed. In case it is not defined, the
        # remediation aborts and no changes regarding the mount point are done.
        mount_point_match_regexp="$(printf "^[[:space:]]*[^#].*[[:space:]]%s[[:space:]]" "/var")"

    grep "$mount_point_match_regexp" -q /etc/fstab \
        || { echo "The mount point '/var' is not even in /etc/fstab, so we can't set up mount options" &gt;&amp;2;
                echo "Not remediating, because there is no record of /var in /etc/fstab" &gt;&amp;2; return 1; }
    


    mount_point_match_regexp="$(printf "^[[:space:]]*[^#].*[[:space:]]%s[[:space:]]" /var)"

    # If the mount point is not in /etc/fstab, get previous mount options from /etc/mtab
    if ! grep -q "$mount_point_match_regexp" /etc/fstab; then
        # runtime opts without some automatic kernel/userspace-added defaults
        previous_mount_opts=$(grep "$mount_point_match_regexp" /etc/mtab | head -1 |  awk '{print $4}' \
                    | sed -E "s/(rw|defaults|seclabel|nodev)(,|$)//g;s/,$//")
        [ "$previous_mount_opts" ] &amp;&amp; previous_mount_opts+=","
        # In iso9660 filesystems mtab could describe a "blocksize" value, this should be reflected in
        # fstab as "block".  The next variable is to satisfy shellcheck SC2050.
        fs_type=""
        if [  "$fs_type" == "iso9660" ] ; then
            previous_mount_opts=$(sed 's/blocksize=/block=/' &lt;&lt;&lt; "$previous_mount_opts")
        fi
        echo " /var  defaults,${previous_mount_opts}nodev 0 0" &gt;&gt; /etc/fstab
    # If the mount_opt option is not already in the mount point's /etc/fstab entry, add it
    elif ! grep "$mount_point_match_regexp" /etc/fstab | grep -q "nodev"; then
        previous_mount_opts=$(grep "$mount_point_match_regexp" /etc/fstab | awk '{print $4}')
        sed -i "s|\(${mount_point_match_regexp}.*${previous_mount_opts}\)|\1,nodev|" /etc/fstab
    fi


    if mkdir -p "/var"; then
        if mountpoint -q "/var"; then
            mount -o remount --target "/var"
        fi
    fi
}

perform_remediation

else
    &gt;&amp;2 echo 'Remediation is not applicable, nothing was done'
fi
</fix>
          <fix xmlns:xhtml="http://www.w3.org/1999/xhtml" id="mount_option_var_nodev" system="urn:xccdf:fix:script:ansible" complexity="low" disruption="high" strategy="configure">- name: Gather the package facts
  package_facts:
    manager: auto
  tags:
  - CCE-92590-9
  - NIST-800-53-AC-6
  - NIST-800-53-AC-6(1)
  - NIST-800-53-CM-6(a)
  - NIST-800-53-CM-7(a)
  - NIST-800-53-CM-7(b)
  - NIST-800-53-MP-7
  - configure_strategy
  - high_disruption
  - low_complexity
  - medium_severity
  - mount_option_var_nodev
  - no_reboot_needed

- name: 'Add nodev Option to /var: Check information associated to mountpoint'
  command: findmnt --fstab '/var'
  register: device_name
  failed_when: device_name.rc &gt; 1
  changed_when: false
  check_mode: false
  when:
  - ( not ( "kernel" in ansible_facts.packages and "rpm-ostree" in ansible_facts.packages
    and "bootc" in ansible_facts.packages and not "openshift-kubelet" in ansible_facts.packages
    and "ostree" in ansible_proc_cmdline ) and not ( ansible_virtualization_type in
    ["docker", "lxc", "openvz", "podman", "container"] ) )
  - '"/var" in ansible_mounts | map(attribute="mount") | list'
  tags:
  - CCE-92590-9
  - NIST-800-53-AC-6
  - NIST-800-53-AC-6(1)
  - NIST-800-53-CM-6(a)
  - NIST-800-53-CM-7(a)
  - NIST-800-53-CM-7(b)
  - NIST-800-53-MP-7
  - configure_strategy
  - high_disruption
  - low_complexity
  - medium_severity
  - mount_option_var_nodev
  - no_reboot_needed

- name: 'Add nodev Option to /var: Create mount_info dictionary variable'
  set_fact:
    mount_info: '{{ mount_info|default({})|combine({item.0: item.1}) }}'
  with_together:
  - '{{ device_name.stdout_lines[0].split() | list | lower }}'
  - '{{ device_name.stdout_lines[1].split() | list }}'
  when:
  - ( not ( "kernel" in ansible_facts.packages and "rpm-ostree" in ansible_facts.packages
    and "bootc" in ansible_facts.packages and not "openshift-kubelet" in ansible_facts.packages
    and "ostree" in ansible_proc_cmdline ) and not ( ansible_virtualization_type in
    ["docker", "lxc", "openvz", "podman", "container"] ) )
  - '"/var" in ansible_mounts | map(attribute="mount") | list'
  - device_name.stdout is defined and device_name.stdout_lines is defined
  - (device_name.stdout | length &gt; 0)
  tags:
  - CCE-92590-9
  - NIST-800-53-AC-6
  - NIST-800-53-AC-6(1)
  - NIST-800-53-CM-6(a)
  - NIST-800-53-CM-7(a)
  - NIST-800-53-CM-7(b)
  - NIST-800-53-MP-7
  - configure_strategy
  - high_disruption
  - low_complexity
  - medium_severity
  - mount_option_var_nodev
  - no_reboot_needed

- name: 'Add nodev Option to /var: If /var not mounted, craft mount_info manually'
  set_fact:
    mount_info: '{{ mount_info|default({})|combine({item.0: item.1}) }}'
  with_together:
  - - target
    - source
    - fstype
    - options
  - - /var
    - ''
    - ''
    - defaults
  when:
  - ( not ( "kernel" in ansible_facts.packages and "rpm-ostree" in ansible_facts.packages
    and "bootc" in ansible_facts.packages and not "openshift-kubelet" in ansible_facts.packages
    and "ostree" in ansible_proc_cmdline ) and not ( ansible_virtualization_type in
    ["docker", "lxc", "openvz", "podman", "container"] ) )
  - '"/var" in ansible_mounts | map(attribute="mount") | list'
  - ("--fstab" | length == 0)
  - device_name.stdout is defined and device_name.stdout_lines is defined
  - (device_name.stdout | length == 0)
  tags:
  - CCE-92590-9
  - NIST-800-53-AC-6
  - NIST-800-53-AC-6(1)
  - NIST-800-53-CM-6(a)
  - NIST-800-53-CM-7(a)
  - NIST-800-53-CM-7(b)
  - NIST-800-53-MP-7
  - configure_strategy
  - high_disruption
  - low_complexity
  - medium_severity
  - mount_option_var_nodev
  - no_reboot_needed

- name: 'Add nodev Option to /var: Make sure nodev option is part of the to /var options'
  set_fact:
    mount_info: '{{ mount_info | combine( {''options'':''''~mount_info.options~'',nodev''
      }) }}'
  when:
  - ( not ( "kernel" in ansible_facts.packages and "rpm-ostree" in ansible_facts.packages
    and "bootc" in ansible_facts.packages and not "openshift-kubelet" in ansible_facts.packages
    and "ostree" in ansible_proc_cmdline ) and not ( ansible_virtualization_type in
    ["docker", "lxc", "openvz", "podman", "container"] ) )
  - '"/var" in ansible_mounts | map(attribute="mount") | list'
  - mount_info is defined and "nodev" not in mount_info.options
  tags:
  - CCE-92590-9
  - NIST-800-53-AC-6
  - NIST-800-53-AC-6(1)
  - NIST-800-53-CM-6(a)
  - NIST-800-53-CM-7(a)
  - NIST-800-53-CM-7(b)
  - NIST-800-53-MP-7
  - configure_strategy
  - high_disruption
  - low_complexity
  - medium_severity
  - mount_option_var_nodev
  - no_reboot_needed

- name: 'Add nodev Option to /var: Ensure /var is mounted with nodev option'
  mount:
    path: /var
    src: '{{ mount_info.source }}'
    opts: '{{ mount_info.options }}'
    state: mounted
    fstype: '{{ mount_info.fstype }}'
  when:
  - ( not ( "kernel" in ansible_facts.packages and "rpm-ostree" in ansible_facts.packages
    and "bootc" in ansible_facts.packages and not "openshift-kubelet" in ansible_facts.packages
    and "ostree" in ansible_proc_cmdline ) and not ( ansible_virtualization_type in
    ["docker", "lxc", "openvz", "podman", "container"] ) )
  - '"/var" in ansible_mounts | map(attribute="mount") | list'
  - mount_info is defined
  - (device_name.stdout is defined and (device_name.stdout | length &gt; 0)) or ("--fstab"
    | length == 0)
  tags:
  - CCE-92590-9
  - NIST-800-53-AC-6
  - NIST-800-53-AC-6(1)
  - NIST-800-53-CM-6(a)
  - NIST-800-53-CM-7(a)
  - NIST-800-53-CM-7(b)
  - NIST-800-53-MP-7
  - configure_strategy
  - high_disruption
  - low_complexity
  - medium_severity
  - mount_option_var_nodev
  - no_reboot_needed
</fix>
          <check system="http://oval.mitre.org/XMLSchema/oval-definitions-5">
            <check-content-ref name="oval:ssg-mount_option_var_nodev:def:1" href="ssg-sle15-oval.xml"/>
          </check>
          <check system="http://scap.nist.gov/schema/ocil/2">
            <check-content-ref name="ocil:ssg-mount_option_var_nodev_ocil:questionnaire:1" href="ssg-sle15-ocil.xml"/>
          </check>
        </Rule>
        <Rule id="xccdf_org.ssgproject.content_rule_mount_option_var_noexec" selected="false" role="full" severity="medium">
          <title xmlns:xhtml="http://www.w3.org/1999/xhtml" xml:lang="en-US">Add noexec Option to /var</title>
          <description xmlns:xhtml="http://www.w3.org/1999/xhtml" xml:lang="en-US">The <html:code xmlns:html="http://www.w3.org/1999/xhtml">noexec</html:code> mount option can be used to prevent binaries from being
executed out of <html:code xmlns:html="http://www.w3.org/1999/xhtml">/var</html:code>.
Add the <html:code xmlns:html="http://www.w3.org/1999/xhtml">noexec</html:code> option to the fourth column of
<html:code xmlns:html="http://www.w3.org/1999/xhtml">/etc/fstab</html:code> for the line which controls mounting of
<html:code xmlns:html="http://www.w3.org/1999/xhtml">/var</html:code>.</description>
          <reference href="https://cyber.gouv.fr/sites/default/files/document/linux_configuration-en-v2.pdf">R28</reference>
          <rationale xmlns:xhtml="http://www.w3.org/1999/xhtml" xml:lang="en-US">The <html:code xmlns:html="http://www.w3.org/1999/xhtml">/var</html:code> directory contains variable system data such as logs,
mails and caches. No binaries should be executed from this directory.</rationale>
          <platform idref="#mount_var"/>
          <ident system="https://ncp.nist.gov/cce">CCE-91276-6</ident>
          <fix xmlns:xhtml="http://www.w3.org/1999/xhtml" id="mount_option_var_noexec" system="urn:xccdf:fix:script:sh"># Remediation is applicable only in certain platforms
if ( ! ( { rpm --quiet -q kernel ;} &amp;&amp; { rpm --quiet -q rpm-ostree ;} &amp;&amp; { rpm --quiet -q bootc ;} &amp;&amp; { ! rpm --quiet -q openshift-kubelet ;} &amp;&amp; ([ -f /run/ostree-booted ] || [ -L /ostree ]) ) &amp;&amp; ! ( [ -f /.dockerenv ] || [ -f /run/.containerenv ] ) ) &amp;&amp; { findmnt --kernel "/var" &gt; /dev/null || findmnt --fstab "/var" &gt; /dev/null; }; then

function perform_remediation {
    
        # the mount point /var has to be defined in /etc/fstab
        # before this remediation can be executed. In case it is not defined, the
        # remediation aborts and no changes regarding the mount point are done.
        mount_point_match_regexp="$(printf "^[[:space:]]*[^#].*[[:space:]]%s[[:space:]]" "/var")"

    grep "$mount_point_match_regexp" -q /etc/fstab \
        || { echo "The mount point '/var' is not even in /etc/fstab, so we can't set up mount options" &gt;&amp;2;
                echo "Not remediating, because there is no record of /var in /etc/fstab" &gt;&amp;2; return 1; }
    


    mount_point_match_regexp="$(printf "^[[:space:]]*[^#].*[[:space:]]%s[[:space:]]" /var)"

    # If the mount point is not in /etc/fstab, get previous mount options from /etc/mtab
    if ! grep -q "$mount_point_match_regexp" /etc/fstab; then
        # runtime opts without some automatic kernel/userspace-added defaults
        previous_mount_opts=$(grep "$mount_point_match_regexp" /etc/mtab | head -1 |  awk '{print $4}' \
                    | sed -E "s/(rw|defaults|seclabel|noexec)(,|$)//g;s/,$//")
        [ "$previous_mount_opts" ] &amp;&amp; previous_mount_opts+=","
        # In iso9660 filesystems mtab could describe a "blocksize" value, this should be reflected in
        # fstab as "block".  The next variable is to satisfy shellcheck SC2050.
        fs_type=""
        if [  "$fs_type" == "iso9660" ] ; then
            previous_mount_opts=$(sed 's/blocksize=/block=/' &lt;&lt;&lt; "$previous_mount_opts")
        fi
        echo " /var  defaults,${previous_mount_opts}noexec 0 0" &gt;&gt; /etc/fstab
    # If the mount_opt option is not already in the mount point's /etc/fstab entry, add it
    elif ! grep "$mount_point_match_regexp" /etc/fstab | grep -q "noexec"; then
        previous_mount_opts=$(grep "$mount_point_match_regexp" /etc/fstab | awk '{print $4}')
        sed -i "s|\(${mount_point_match_regexp}.*${previous_mount_opts}\)|\1,noexec|" /etc/fstab
    fi


    if mkdir -p "/var"; then
        if mountpoint -q "/var"; then
            mount -o remount --target "/var"
        fi
    fi
}

perform_remediation

else
    &gt;&amp;2 echo 'Remediation is not applicable, nothing was done'
fi
</fix>
          <fix xmlns:xhtml="http://www.w3.org/1999/xhtml" id="mount_option_var_noexec" system="urn:xccdf:fix:script:ansible" complexity="low" disruption="high" strategy="configure">- name: Gather the package facts
  package_facts:
    manager: auto
  tags:
  - CCE-91276-6
  - configure_strategy
  - high_disruption
  - low_complexity
  - medium_severity
  - mount_option_var_noexec
  - no_reboot_needed

- name: 'Add noexec Option to /var: Check information associated to mountpoint'
  command: findmnt --fstab '/var'
  register: device_name
  failed_when: device_name.rc &gt; 1
  changed_when: false
  check_mode: false
  when:
  - ( not ( "kernel" in ansible_facts.packages and "rpm-ostree" in ansible_facts.packages
    and "bootc" in ansible_facts.packages and not "openshift-kubelet" in ansible_facts.packages
    and "ostree" in ansible_proc_cmdline ) and not ( ansible_virtualization_type in
    ["docker", "lxc", "openvz", "podman", "container"] ) )
  - '"/var" in ansible_mounts | map(attribute="mount") | list'
  tags:
  - CCE-91276-6
  - configure_strategy
  - high_disruption
  - low_complexity
  - medium_severity
  - mount_option_var_noexec
  - no_reboot_needed

- name: 'Add noexec Option to /var: Create mount_info dictionary variable'
  set_fact:
    mount_info: '{{ mount_info|default({})|combine({item.0: item.1}) }}'
  with_together:
  - '{{ device_name.stdout_lines[0].split() | list | lower }}'
  - '{{ device_name.stdout_lines[1].split() | list }}'
  when:
  - ( not ( "kernel" in ansible_facts.packages and "rpm-ostree" in ansible_facts.packages
    and "bootc" in ansible_facts.packages and not "openshift-kubelet" in ansible_facts.packages
    and "ostree" in ansible_proc_cmdline ) and not ( ansible_virtualization_type in
    ["docker", "lxc", "openvz", "podman", "container"] ) )
  - '"/var" in ansible_mounts | map(attribute="mount") | list'
  - device_name.stdout is defined and device_name.stdout_lines is defined
  - (device_name.stdout | length &gt; 0)
  tags:
  - CCE-91276-6
  - configure_strategy
  - high_disruption
  - low_complexity
  - medium_severity
  - mount_option_var_noexec
  - no_reboot_needed

- name: 'Add noexec Option to /var: If /var not mounted, craft mount_info manually'
  set_fact:
    mount_info: '{{ mount_info|default({})|combine({item.0: item.1}) }}'
  with_together:
  - - target
    - source
    - fstype
    - options
  - - /var
    - ''
    - ''
    - defaults
  when:
  - ( not ( "kernel" in ansible_facts.packages and "rpm-ostree" in ansible_facts.packages
    and "bootc" in ansible_facts.packages and not "openshift-kubelet" in ansible_facts.packages
    and "ostree" in ansible_proc_cmdline ) and not ( ansible_virtualization_type in
    ["docker", "lxc", "openvz", "podman", "container"] ) )
  - '"/var" in ansible_mounts | map(attribute="mount") | list'
  - ("--fstab" | length == 0)
  - device_name.stdout is defined and device_name.stdout_lines is defined
  - (device_name.stdout | length == 0)
  tags:
  - CCE-91276-6
  - configure_strategy
  - high_disruption
  - low_complexity
  - medium_severity
  - mount_option_var_noexec
  - no_reboot_needed

- name: 'Add noexec Option to /var: Make sure noexec option is part of the to /var
    options'
  set_fact:
    mount_info: '{{ mount_info | combine( {''options'':''''~mount_info.options~'',noexec''
      }) }}'
  when:
  - ( not ( "kernel" in ansible_facts.packages and "rpm-ostree" in ansible_facts.packages
    and "bootc" in ansible_facts.packages and not "openshift-kubelet" in ansible_facts.packages
    and "ostree" in ansible_proc_cmdline ) and not ( ansible_virtualization_type in
    ["docker", "lxc", "openvz", "podman", "container"] ) )
  - '"/var" in ansible_mounts | map(attribute="mount") | list'
  - mount_info is defined and "noexec" not in mount_info.options
  tags:
  - CCE-91276-6
  - configure_strategy
  - high_disruption
  - low_complexity
  - medium_severity
  - mount_option_var_noexec
  - no_reboot_needed

- name: 'Add noexec Option to /var: Ensure /var is mounted with noexec option'
  mount:
    path: /var
    src: '{{ mount_info.source }}'
    opts: '{{ mount_info.options }}'
    state: mounted
    fstype: '{{ mount_info.fstype }}'
  when:
  - ( not ( "kernel" in ansible_facts.packages and "rpm-ostree" in ansible_facts.packages
    and "bootc" in ansible_facts.packages and not "openshift-kubelet" in ansible_facts.packages
    and "ostree" in ansible_proc_cmdline ) and not ( ansible_virtualization_type in
    ["docker", "lxc", "openvz", "podman", "container"] ) )
  - '"/var" in ansible_mounts | map(attribute="mount") | list'
  - mount_info is defined
  - (device_name.stdout is defined and (device_name.stdout | length &gt; 0)) or ("--fstab"
    | length == 0)
  tags:
  - CCE-91276-6
  - configure_strategy
  - high_disruption
  - low_complexity
  - medium_severity
  - mount_option_var_noexec
  - no_reboot_needed
</fix>
          <check system="http://oval.mitre.org/XMLSchema/oval-definitions-5">
            <check-content-ref name="oval:ssg-mount_option_var_noexec:def:1" href="ssg-sle15-oval.xml"/>
          </check>
          <check system="http://scap.nist.gov/schema/ocil/2">
            <check-content-ref name="ocil:ssg-mount_option_var_noexec_ocil:questionnaire:1" href="ssg-sle15-ocil.xml"/>
          </check>
        </Rule>
        <Rule id="xccdf_org.ssgproject.content_rule_mount_option_var_nosuid" selected="false" role="full" severity="medium">
          <title xmlns:xhtml="http://www.w3.org/1999/xhtml" xml:lang="en-US">Add nosuid Option to /var</title>
          <description xmlns:xhtml="http://www.w3.org/1999/xhtml" xml:lang="en-US">The <html:code xmlns:html="http://www.w3.org/1999/xhtml">nosuid</html:code> mount option can be used to prevent
execution of setuid programs in <html:code xmlns:html="http://www.w3.org/1999/xhtml">/var</html:code>. The SUID and SGID permissions
should not be required for this directory.
Add the <html:code xmlns:html="http://www.w3.org/1999/xhtml">nosuid</html:code> option to the fourth column of
<html:code xmlns:html="http://www.w3.org/1999/xhtml">/etc/fstab</html:code> for the line which controls mounting of
<html:code xmlns:html="http://www.w3.org/1999/xhtml">/var</html:code>.</description>
          <reference href="https://cyber.gouv.fr/sites/default/files/document/linux_configuration-en-v2.pdf">R28</reference>
          <reference href="not_publicly_available">SLES-15-150150345</reference>
          <rationale xmlns:xhtml="http://www.w3.org/1999/xhtml" xml:lang="en-US">The presence of SUID and SGID executables should be tightly controlled.</rationale>
          <platform idref="#mount_var"/>
          <ident system="https://ncp.nist.gov/cce">CCE-91277-4</ident>
          <fix xmlns:xhtml="http://www.w3.org/1999/xhtml" id="mount_option_var_nosuid" system="urn:xccdf:fix:script:sh"># Remediation is applicable only in certain platforms
if ( ! ( { rpm --quiet -q kernel ;} &amp;&amp; { rpm --quiet -q rpm-ostree ;} &amp;&amp; { rpm --quiet -q bootc ;} &amp;&amp; { ! rpm --quiet -q openshift-kubelet ;} &amp;&amp; ([ -f /run/ostree-booted ] || [ -L /ostree ]) ) &amp;&amp; ! ( [ -f /.dockerenv ] || [ -f /run/.containerenv ] ) ) &amp;&amp; { findmnt --kernel "/var" &gt; /dev/null || findmnt --fstab "/var" &gt; /dev/null; }; then

function perform_remediation {
    
        # the mount point /var has to be defined in /etc/fstab
        # before this remediation can be executed. In case it is not defined, the
        # remediation aborts and no changes regarding the mount point are done.
        mount_point_match_regexp="$(printf "^[[:space:]]*[^#].*[[:space:]]%s[[:space:]]" "/var")"

    grep "$mount_point_match_regexp" -q /etc/fstab \
        || { echo "The mount point '/var' is not even in /etc/fstab, so we can't set up mount options" &gt;&amp;2;
                echo "Not remediating, because there is no record of /var in /etc/fstab" &gt;&amp;2; return 1; }
    


    mount_point_match_regexp="$(printf "^[[:space:]]*[^#].*[[:space:]]%s[[:space:]]" /var)"

    # If the mount point is not in /etc/fstab, get previous mount options from /etc/mtab
    if ! grep -q "$mount_point_match_regexp" /etc/fstab; then
        # runtime opts without some automatic kernel/userspace-added defaults
        previous_mount_opts=$(grep "$mount_point_match_regexp" /etc/mtab | head -1 |  awk '{print $4}' \
                    | sed -E "s/(rw|defaults|seclabel|nosuid)(,|$)//g;s/,$//")
        [ "$previous_mount_opts" ] &amp;&amp; previous_mount_opts+=","
        # In iso9660 filesystems mtab could describe a "blocksize" value, this should be reflected in
        # fstab as "block".  The next variable is to satisfy shellcheck SC2050.
        fs_type=""
        if [  "$fs_type" == "iso9660" ] ; then
            previous_mount_opts=$(sed 's/blocksize=/block=/' &lt;&lt;&lt; "$previous_mount_opts")
        fi
        echo " /var  defaults,${previous_mount_opts}nosuid 0 0" &gt;&gt; /etc/fstab
    # If the mount_opt option is not already in the mount point's /etc/fstab entry, add it
    elif ! grep "$mount_point_match_regexp" /etc/fstab | grep -q "nosuid"; then
        previous_mount_opts=$(grep "$mount_point_match_regexp" /etc/fstab | awk '{print $4}')
        sed -i "s|\(${mount_point_match_regexp}.*${previous_mount_opts}\)|\1,nosuid|" /etc/fstab
    fi


    if mkdir -p "/var"; then
        if mountpoint -q "/var"; then
            mount -o remount --target "/var"
        fi
    fi
}

perform_remediation

else
    &gt;&amp;2 echo 'Remediation is not applicable, nothing was done'
fi
</fix>
          <fix xmlns:xhtml="http://www.w3.org/1999/xhtml" id="mount_option_var_nosuid" system="urn:xccdf:fix:script:ansible" complexity="low" disruption="high" strategy="configure">- name: Gather the package facts
  package_facts:
    manager: auto
  tags:
  - CCE-91277-4
  - configure_strategy
  - high_disruption
  - low_complexity
  - medium_severity
  - mount_option_var_nosuid
  - no_reboot_needed

- name: 'Add nosuid Option to /var: Check information associated to mountpoint'
  command: findmnt --fstab '/var'
  register: device_name
  failed_when: device_name.rc &gt; 1
  changed_when: false
  check_mode: false
  when:
  - ( not ( "kernel" in ansible_facts.packages and "rpm-ostree" in ansible_facts.packages
    and "bootc" in ansible_facts.packages and not "openshift-kubelet" in ansible_facts.packages
    and "ostree" in ansible_proc_cmdline ) and not ( ansible_virtualization_type in
    ["docker", "lxc", "openvz", "podman", "container"] ) )
  - '"/var" in ansible_mounts | map(attribute="mount") | list'
  tags:
  - CCE-91277-4
  - configure_strategy
  - high_disruption
  - low_complexity
  - medium_severity
  - mount_option_var_nosuid
  - no_reboot_needed

- name: 'Add nosuid Option to /var: Create mount_info dictionary variable'
  set_fact:
    mount_info: '{{ mount_info|default({})|combine({item.0: item.1}) }}'
  with_together:
  - '{{ device_name.stdout_lines[0].split() | list | lower }}'
  - '{{ device_name.stdout_lines[1].split() | list }}'
  when:
  - ( not ( "kernel" in ansible_facts.packages and "rpm-ostree" in ansible_facts.packages
    and "bootc" in ansible_facts.packages and not "openshift-kubelet" in ansible_facts.packages
    and "ostree" in ansible_proc_cmdline ) and not ( ansible_virtualization_type in
    ["docker", "lxc", "openvz", "podman", "container"] ) )
  - '"/var" in ansible_mounts | map(attribute="mount") | list'
  - device_name.stdout is defined and device_name.stdout_lines is defined
  - (device_name.stdout | length &gt; 0)
  tags:
  - CCE-91277-4
  - configure_strategy
  - high_disruption
  - low_complexity
  - medium_severity
  - mount_option_var_nosuid
  - no_reboot_needed

- name: 'Add nosuid Option to /var: If /var not mounted, craft mount_info manually'
  set_fact:
    mount_info: '{{ mount_info|default({})|combine({item.0: item.1}) }}'
  with_together:
  - - target
    - source
    - fstype
    - options
  - - /var
    - ''
    - ''
    - defaults
  when:
  - ( not ( "kernel" in ansible_facts.packages and "rpm-ostree" in ansible_facts.packages
    and "bootc" in ansible_facts.packages and not "openshift-kubelet" in ansible_facts.packages
    and "ostree" in ansible_proc_cmdline ) and not ( ansible_virtualization_type in
    ["docker", "lxc", "openvz", "podman", "container"] ) )
  - '"/var" in ansible_mounts | map(attribute="mount") | list'
  - ("--fstab" | length == 0)
  - device_name.stdout is defined and device_name.stdout_lines is defined
  - (device_name.stdout | length == 0)
  tags:
  - CCE-91277-4
  - configure_strategy
  - high_disruption
  - low_complexity
  - medium_severity
  - mount_option_var_nosuid
  - no_reboot_needed

- name: 'Add nosuid Option to /var: Make sure nosuid option is part of the to /var
    options'
  set_fact:
    mount_info: '{{ mount_info | combine( {''options'':''''~mount_info.options~'',nosuid''
      }) }}'
  when:
  - ( not ( "kernel" in ansible_facts.packages and "rpm-ostree" in ansible_facts.packages
    and "bootc" in ansible_facts.packages and not "openshift-kubelet" in ansible_facts.packages
    and "ostree" in ansible_proc_cmdline ) and not ( ansible_virtualization_type in
    ["docker", "lxc", "openvz", "podman", "container"] ) )
  - '"/var" in ansible_mounts | map(attribute="mount") | list'
  - mount_info is defined and "nosuid" not in mount_info.options
  tags:
  - CCE-91277-4
  - configure_strategy
  - high_disruption
  - low_complexity
  - medium_severity
  - mount_option_var_nosuid
  - no_reboot_needed

- name: 'Add nosuid Option to /var: Ensure /var is mounted with nosuid option'
  mount:
    path: /var
    src: '{{ mount_info.source }}'
    opts: '{{ mount_info.options }}'
    state: mounted
    fstype: '{{ mount_info.fstype }}'
  when:
  - ( not ( "kernel" in ansible_facts.packages and "rpm-ostree" in ansible_facts.packages
    and "bootc" in ansible_facts.packages and not "openshift-kubelet" in ansible_facts.packages
    and "ostree" in ansible_proc_cmdline ) and not ( ansible_virtualization_type in
    ["docker", "lxc", "openvz", "podman", "container"] ) )
  - '"/var" in ansible_mounts | map(attribute="mount") | list'
  - mount_info is defined
  - (device_name.stdout is defined and (device_name.stdout | length &gt; 0)) or ("--fstab"
    | length == 0)
  tags:
  - CCE-91277-4
  - configure_strategy
  - high_disruption
  - low_complexity
  - medium_severity
  - mount_option_var_nosuid
  - no_reboot_needed
</fix>
          <check system="http://oval.mitre.org/XMLSchema/oval-definitions-5">
            <check-content-ref name="oval:ssg-mount_option_var_nosuid:def:1" href="ssg-sle15-oval.xml"/>
          </check>
          <check system="http://scap.nist.gov/schema/ocil/2">
            <check-content-ref name="ocil:ssg-mount_option_var_nosuid_ocil:questionnaire:1" href="ssg-sle15-ocil.xml"/>
          </check>
        </Rule>
        <Rule id="xccdf_org.ssgproject.content_rule_mount_option_var_tmp_nodev" selected="false" role="full" severity="medium">
          <title xmlns:xhtml="http://www.w3.org/1999/xhtml" xml:lang="en-US">Add nodev Option to /var/tmp</title>
          <description xmlns:xhtml="http://www.w3.org/1999/xhtml" xml:lang="en-US">The <html:code xmlns:html="http://www.w3.org/1999/xhtml">nodev</html:code> mount option can be used to prevent device files from
being created in <html:code xmlns:html="http://www.w3.org/1999/xhtml">/var/tmp</html:code>. Legitimate character and block devices
should not exist within temporary directories like <html:code xmlns:html="http://www.w3.org/1999/xhtml">/var/tmp</html:code>.
Add the <html:code xmlns:html="http://www.w3.org/1999/xhtml">nodev</html:code> option to the fourth column of
<html:code xmlns:html="http://www.w3.org/1999/xhtml">/etc/fstab</html:code> for the line which controls mounting of
<html:code xmlns:html="http://www.w3.org/1999/xhtml">/var/tmp</html:code>.</description>
          <reference href="https://www.cyber.mil/stigs/downloads/?_dl_facet_stigs=operating-systems%2Cgeneral-purpose-os">SRG-OS-000368-GPOS-00154</reference>
          <reference href="https://www.cisecurity.org/benchmark/suse_linux/">1.1.13</reference>
          <reference href="not_publicly_available">SLES-15-150150375</reference>
          <rationale xmlns:xhtml="http://www.w3.org/1999/xhtml" xml:lang="en-US">The only legitimate location for device files is the <html:code xmlns:html="http://www.w3.org/1999/xhtml">/dev</html:code> directory
located on the root partition. The only exception to this is chroot jails.</rationale>
          <platform idref="#mount_var-tmp"/>
          <ident system="https://ncp.nist.gov/cce">CCE-92459-7</ident>
          <fix xmlns:xhtml="http://www.w3.org/1999/xhtml" id="mount_option_var_tmp_nodev" system="urn:xccdf:fix:script:sh"># Remediation is applicable only in certain platforms
if ( ! ( { rpm --quiet -q kernel ;} &amp;&amp; { rpm --quiet -q rpm-ostree ;} &amp;&amp; { rpm --quiet -q bootc ;} &amp;&amp; { ! rpm --quiet -q openshift-kubelet ;} &amp;&amp; ([ -f /run/ostree-booted ] || [ -L /ostree ]) ) &amp;&amp; ! ( [ -f /.dockerenv ] || [ -f /run/.containerenv ] ) ) &amp;&amp; { findmnt --kernel "/var/tmp" &gt; /dev/null || findmnt --fstab "/var/tmp" &gt; /dev/null; }; then

function perform_remediation {
    
        # the mount point /var/tmp has to be defined in /etc/fstab
        # before this remediation can be executed. In case it is not defined, the
        # remediation aborts and no changes regarding the mount point are done.
        mount_point_match_regexp="$(printf "^[[:space:]]*[^#].*[[:space:]]%s[[:space:]]" "/var/tmp")"

    grep "$mount_point_match_regexp" -q /etc/fstab \
        || { echo "The mount point '/var/tmp' is not even in /etc/fstab, so we can't set up mount options" &gt;&amp;2;
                echo "Not remediating, because there is no record of /var/tmp in /etc/fstab" &gt;&amp;2; return 1; }
    


    mount_point_match_regexp="$(printf "^[[:space:]]*[^#].*[[:space:]]%s[[:space:]]" /var/tmp)"

    # If the mount point is not in /etc/fstab, get previous mount options from /etc/mtab
    if ! grep -q "$mount_point_match_regexp" /etc/fstab; then
        # runtime opts without some automatic kernel/userspace-added defaults
        previous_mount_opts=$(grep "$mount_point_match_regexp" /etc/mtab | head -1 |  awk '{print $4}' \
                    | sed -E "s/(rw|defaults|seclabel|nodev)(,|$)//g;s/,$//")
        [ "$previous_mount_opts" ] &amp;&amp; previous_mount_opts+=","
        # In iso9660 filesystems mtab could describe a "blocksize" value, this should be reflected in
        # fstab as "block".  The next variable is to satisfy shellcheck SC2050.
        fs_type=""
        if [  "$fs_type" == "iso9660" ] ; then
            previous_mount_opts=$(sed 's/blocksize=/block=/' &lt;&lt;&lt; "$previous_mount_opts")
        fi
        echo " /var/tmp  defaults,${previous_mount_opts}nodev 0 0" &gt;&gt; /etc/fstab
    # If the mount_opt option is not already in the mount point's /etc/fstab entry, add it
    elif ! grep "$mount_point_match_regexp" /etc/fstab | grep -q "nodev"; then
        previous_mount_opts=$(grep "$mount_point_match_regexp" /etc/fstab | awk '{print $4}')
        sed -i "s|\(${mount_point_match_regexp}.*${previous_mount_opts}\)|\1,nodev|" /etc/fstab
    fi


    if mkdir -p "/var/tmp"; then
        if mountpoint -q "/var/tmp"; then
            mount -o remount --target "/var/tmp"
        fi
    fi
}

perform_remediation

else
    &gt;&amp;2 echo 'Remediation is not applicable, nothing was done'
fi
</fix>
          <fix xmlns:xhtml="http://www.w3.org/1999/xhtml" id="mount_option_var_tmp_nodev" system="urn:xccdf:fix:script:ansible" complexity="low" disruption="high" strategy="configure">- name: Gather the package facts
  package_facts:
    manager: auto
  tags:
  - CCE-92459-7
  - configure_strategy
  - high_disruption
  - low_complexity
  - medium_severity
  - mount_option_var_tmp_nodev
  - no_reboot_needed

- name: 'Add nodev Option to /var/tmp: Check information associated to mountpoint'
  command: findmnt --fstab '/var/tmp'
  register: device_name
  failed_when: device_name.rc &gt; 1
  changed_when: false
  check_mode: false
  when:
  - ( not ( "kernel" in ansible_facts.packages and "rpm-ostree" in ansible_facts.packages
    and "bootc" in ansible_facts.packages and not "openshift-kubelet" in ansible_facts.packages
    and "ostree" in ansible_proc_cmdline ) and not ( ansible_virtualization_type in
    ["docker", "lxc", "openvz", "podman", "container"] ) )
  - '"/var/tmp" in ansible_mounts | map(attribute="mount") | list'
  tags:
  - CCE-92459-7
  - configure_strategy
  - high_disruption
  - low_complexity
  - medium_severity
  - mount_option_var_tmp_nodev
  - no_reboot_needed

- name: 'Add nodev Option to /var/tmp: Create mount_info dictionary variable'
  set_fact:
    mount_info: '{{ mount_info|default({})|combine({item.0: item.1}) }}'
  with_together:
  - '{{ device_name.stdout_lines[0].split() | list | lower }}'
  - '{{ device_name.stdout_lines[1].split() | list }}'
  when:
  - ( not ( "kernel" in ansible_facts.packages and "rpm-ostree" in ansible_facts.packages
    and "bootc" in ansible_facts.packages and not "openshift-kubelet" in ansible_facts.packages
    and "ostree" in ansible_proc_cmdline ) and not ( ansible_virtualization_type in
    ["docker", "lxc", "openvz", "podman", "container"] ) )
  - '"/var/tmp" in ansible_mounts | map(attribute="mount") | list'
  - device_name.stdout is defined and device_name.stdout_lines is defined
  - (device_name.stdout | length &gt; 0)
  tags:
  - CCE-92459-7
  - configure_strategy
  - high_disruption
  - low_complexity
  - medium_severity
  - mount_option_var_tmp_nodev
  - no_reboot_needed

- name: 'Add nodev Option to /var/tmp: If /var/tmp not mounted, craft mount_info manually'
  set_fact:
    mount_info: '{{ mount_info|default({})|combine({item.0: item.1}) }}'
  with_together:
  - - target
    - source
    - fstype
    - options
  - - /var/tmp
    - ''
    - ''
    - defaults
  when:
  - ( not ( "kernel" in ansible_facts.packages and "rpm-ostree" in ansible_facts.packages
    and "bootc" in ansible_facts.packages and not "openshift-kubelet" in ansible_facts.packages
    and "ostree" in ansible_proc_cmdline ) and not ( ansible_virtualization_type in
    ["docker", "lxc", "openvz", "podman", "container"] ) )
  - '"/var/tmp" in ansible_mounts | map(attribute="mount") | list'
  - ("--fstab" | length == 0)
  - device_name.stdout is defined and device_name.stdout_lines is defined
  - (device_name.stdout | length == 0)
  tags:
  - CCE-92459-7
  - configure_strategy
  - high_disruption
  - low_complexity
  - medium_severity
  - mount_option_var_tmp_nodev
  - no_reboot_needed

- name: 'Add nodev Option to /var/tmp: Make sure nodev option is part of the to /var/tmp
    options'
  set_fact:
    mount_info: '{{ mount_info | combine( {''options'':''''~mount_info.options~'',nodev''
      }) }}'
  when:
  - ( not ( "kernel" in ansible_facts.packages and "rpm-ostree" in ansible_facts.packages
    and "bootc" in ansible_facts.packages and not "openshift-kubelet" in ansible_facts.packages
    and "ostree" in ansible_proc_cmdline ) and not ( ansible_virtualization_type in
    ["docker", "lxc", "openvz", "podman", "container"] ) )
  - '"/var/tmp" in ansible_mounts | map(attribute="mount") | list'
  - mount_info is defined and "nodev" not in mount_info.options
  tags:
  - CCE-92459-7
  - configure_strategy
  - high_disruption
  - low_complexity
  - medium_severity
  - mount_option_var_tmp_nodev
  - no_reboot_needed

- name: 'Add nodev Option to /var/tmp: Ensure /var/tmp is mounted with nodev option'
  mount:
    path: /var/tmp
    src: '{{ mount_info.source }}'
    opts: '{{ mount_info.options }}'
    state: mounted
    fstype: '{{ mount_info.fstype }}'
  when:
  - ( not ( "kernel" in ansible_facts.packages and "rpm-ostree" in ansible_facts.packages
    and "bootc" in ansible_facts.packages and not "openshift-kubelet" in ansible_facts.packages
    and "ostree" in ansible_proc_cmdline ) and not ( ansible_virtualization_type in
    ["docker", "lxc", "openvz", "podman", "container"] ) )
  - '"/var/tmp" in ansible_mounts | map(attribute="mount") | list'
  - mount_info is defined
  - (device_name.stdout is defined and (device_name.stdout | length &gt; 0)) or ("--fstab"
    | length == 0)
  tags:
  - CCE-92459-7
  - configure_strategy
  - high_disruption
  - low_complexity
  - medium_severity
  - mount_option_var_tmp_nodev
  - no_reboot_needed
</fix>
          <check system="http://oval.mitre.org/XMLSchema/oval-definitions-5">
            <check-content-ref name="oval:ssg-mount_option_var_tmp_nodev:def:1" href="ssg-sle15-oval.xml"/>
          </check>
          <check system="http://scap.nist.gov/schema/ocil/2">
            <check-content-ref name="ocil:ssg-mount_option_var_tmp_nodev_ocil:questionnaire:1" href="ssg-sle15-ocil.xml"/>
          </check>
        </Rule>
        <Rule id="xccdf_org.ssgproject.content_rule_mount_option_var_tmp_noexec" selected="false" role="full" severity="medium">
          <title xmlns:xhtml="http://www.w3.org/1999/xhtml" xml:lang="en-US">Add noexec Option to /var/tmp</title>
          <description xmlns:xhtml="http://www.w3.org/1999/xhtml" xml:lang="en-US">The <html:code xmlns:html="http://www.w3.org/1999/xhtml">noexec</html:code> mount option can be used to prevent binaries
from being executed out of <html:code xmlns:html="http://www.w3.org/1999/xhtml">/var/tmp</html:code>.
Add the <html:code xmlns:html="http://www.w3.org/1999/xhtml">noexec</html:code> option to the fourth column of
<html:code xmlns:html="http://www.w3.org/1999/xhtml">/etc/fstab</html:code> for the line which controls mounting of
<html:code xmlns:html="http://www.w3.org/1999/xhtml">/var/tmp</html:code>.</description>
          <reference href="https://www.cyber.mil/stigs/downloads/?_dl_facet_stigs=operating-systems%2Cgeneral-purpose-os">SRG-OS-000368-GPOS-00154</reference>
          <reference href="https://www.cisecurity.org/benchmark/suse_linux/">1.1.12</reference>
          <reference href="https://cyber.gouv.fr/sites/default/files/document/linux_configuration-en-v2.pdf">R28</reference>
          <reference href="not_publicly_available">SLES-15-150150405</reference>
          <rationale xmlns:xhtml="http://www.w3.org/1999/xhtml" xml:lang="en-US">Allowing users to execute binaries from world-writable directories
such as <html:code xmlns:html="http://www.w3.org/1999/xhtml">/var/tmp</html:code> should never be necessary in normal operation and
can expose the system to potential compromise.</rationale>
          <platform idref="#mount_var-tmp"/>
          <ident system="https://ncp.nist.gov/cce">CCE-91278-2</ident>
          <fix xmlns:xhtml="http://www.w3.org/1999/xhtml" id="mount_option_var_tmp_noexec" system="urn:xccdf:fix:script:sh"># Remediation is applicable only in certain platforms
if ( ! ( { rpm --quiet -q kernel ;} &amp;&amp; { rpm --quiet -q rpm-ostree ;} &amp;&amp; { rpm --quiet -q bootc ;} &amp;&amp; { ! rpm --quiet -q openshift-kubelet ;} &amp;&amp; ([ -f /run/ostree-booted ] || [ -L /ostree ]) ) &amp;&amp; ! ( [ -f /.dockerenv ] || [ -f /run/.containerenv ] ) ) &amp;&amp; { findmnt --kernel "/var/tmp" &gt; /dev/null || findmnt --fstab "/var/tmp" &gt; /dev/null; }; then

function perform_remediation {
    
        # the mount point /var/tmp has to be defined in /etc/fstab
        # before this remediation can be executed. In case it is not defined, the
        # remediation aborts and no changes regarding the mount point are done.
        mount_point_match_regexp="$(printf "^[[:space:]]*[^#].*[[:space:]]%s[[:space:]]" "/var/tmp")"

    grep "$mount_point_match_regexp" -q /etc/fstab \
        || { echo "The mount point '/var/tmp' is not even in /etc/fstab, so we can't set up mount options" &gt;&amp;2;
                echo "Not remediating, because there is no record of /var/tmp in /etc/fstab" &gt;&amp;2; return 1; }
    


    mount_point_match_regexp="$(printf "^[[:space:]]*[^#].*[[:space:]]%s[[:space:]]" /var/tmp)"

    # If the mount point is not in /etc/fstab, get previous mount options from /etc/mtab
    if ! grep -q "$mount_point_match_regexp" /etc/fstab; then
        # runtime opts without some automatic kernel/userspace-added defaults
        previous_mount_opts=$(grep "$mount_point_match_regexp" /etc/mtab | head -1 |  awk '{print $4}' \
                    | sed -E "s/(rw|defaults|seclabel|noexec)(,|$)//g;s/,$//")
        [ "$previous_mount_opts" ] &amp;&amp; previous_mount_opts+=","
        # In iso9660 filesystems mtab could describe a "blocksize" value, this should be reflected in
        # fstab as "block".  The next variable is to satisfy shellcheck SC2050.
        fs_type=""
        if [  "$fs_type" == "iso9660" ] ; then
            previous_mount_opts=$(sed 's/blocksize=/block=/' &lt;&lt;&lt; "$previous_mount_opts")
        fi
        echo " /var/tmp  defaults,${previous_mount_opts}noexec 0 0" &gt;&gt; /etc/fstab
    # If the mount_opt option is not already in the mount point's /etc/fstab entry, add it
    elif ! grep "$mount_point_match_regexp" /etc/fstab | grep -q "noexec"; then
        previous_mount_opts=$(grep "$mount_point_match_regexp" /etc/fstab | awk '{print $4}')
        sed -i "s|\(${mount_point_match_regexp}.*${previous_mount_opts}\)|\1,noexec|" /etc/fstab
    fi


    if mkdir -p "/var/tmp"; then
        if mountpoint -q "/var/tmp"; then
            mount -o remount --target "/var/tmp"
        fi
    fi
}

perform_remediation

else
    &gt;&amp;2 echo 'Remediation is not applicable, nothing was done'
fi
</fix>
          <fix xmlns:xhtml="http://www.w3.org/1999/xhtml" id="mount_option_var_tmp_noexec" system="urn:xccdf:fix:script:ansible" complexity="low" disruption="high" strategy="configure">- name: Gather the package facts
  package_facts:
    manager: auto
  tags:
  - CCE-91278-2
  - configure_strategy
  - high_disruption
  - low_complexity
  - medium_severity
  - mount_option_var_tmp_noexec
  - no_reboot_needed

- name: 'Add noexec Option to /var/tmp: Check information associated to mountpoint'
  command: findmnt --fstab '/var/tmp'
  register: device_name
  failed_when: device_name.rc &gt; 1
  changed_when: false
  check_mode: false
  when:
  - ( not ( "kernel" in ansible_facts.packages and "rpm-ostree" in ansible_facts.packages
    and "bootc" in ansible_facts.packages and not "openshift-kubelet" in ansible_facts.packages
    and "ostree" in ansible_proc_cmdline ) and not ( ansible_virtualization_type in
    ["docker", "lxc", "openvz", "podman", "container"] ) )
  - '"/var/tmp" in ansible_mounts | map(attribute="mount") | list'
  tags:
  - CCE-91278-2
  - configure_strategy
  - high_disruption
  - low_complexity
  - medium_severity
  - mount_option_var_tmp_noexec
  - no_reboot_needed

- name: 'Add noexec Option to /var/tmp: Create mount_info dictionary variable'
  set_fact:
    mount_info: '{{ mount_info|default({})|combine({item.0: item.1}) }}'
  with_together:
  - '{{ device_name.stdout_lines[0].split() | list | lower }}'
  - '{{ device_name.stdout_lines[1].split() | list }}'
  when:
  - ( not ( "kernel" in ansible_facts.packages and "rpm-ostree" in ansible_facts.packages
    and "bootc" in ansible_facts.packages and not "openshift-kubelet" in ansible_facts.packages
    and "ostree" in ansible_proc_cmdline ) and not ( ansible_virtualization_type in
    ["docker", "lxc", "openvz", "podman", "container"] ) )
  - '"/var/tmp" in ansible_mounts | map(attribute="mount") | list'
  - device_name.stdout is defined and device_name.stdout_lines is defined
  - (device_name.stdout | length &gt; 0)
  tags:
  - CCE-91278-2
  - configure_strategy
  - high_disruption
  - low_complexity
  - medium_severity
  - mount_option_var_tmp_noexec
  - no_reboot_needed

- name: 'Add noexec Option to /var/tmp: If /var/tmp not mounted, craft mount_info
    manually'
  set_fact:
    mount_info: '{{ mount_info|default({})|combine({item.0: item.1}) }}'
  with_together:
  - - target
    - source
    - fstype
    - options
  - - /var/tmp
    - ''
    - ''
    - defaults
  when:
  - ( not ( "kernel" in ansible_facts.packages and "rpm-ostree" in ansible_facts.packages
    and "bootc" in ansible_facts.packages and not "openshift-kubelet" in ansible_facts.packages
    and "ostree" in ansible_proc_cmdline ) and not ( ansible_virtualization_type in
    ["docker", "lxc", "openvz", "podman", "container"] ) )
  - '"/var/tmp" in ansible_mounts | map(attribute="mount") | list'
  - ("--fstab" | length == 0)
  - device_name.stdout is defined and device_name.stdout_lines is defined
  - (device_name.stdout | length == 0)
  tags:
  - CCE-91278-2
  - configure_strategy
  - high_disruption
  - low_complexity
  - medium_severity
  - mount_option_var_tmp_noexec
  - no_reboot_needed

- name: 'Add noexec Option to /var/tmp: Make sure noexec option is part of the to
    /var/tmp options'
  set_fact:
    mount_info: '{{ mount_info | combine( {''options'':''''~mount_info.options~'',noexec''
      }) }}'
  when:
  - ( not ( "kernel" in ansible_facts.packages and "rpm-ostree" in ansible_facts.packages
    and "bootc" in ansible_facts.packages and not "openshift-kubelet" in ansible_facts.packages
    and "ostree" in ansible_proc_cmdline ) and not ( ansible_virtualization_type in
    ["docker", "lxc", "openvz", "podman", "container"] ) )
  - '"/var/tmp" in ansible_mounts | map(attribute="mount") | list'
  - mount_info is defined and "noexec" not in mount_info.options
  tags:
  - CCE-91278-2
  - configure_strategy
  - high_disruption
  - low_complexity
  - medium_severity
  - mount_option_var_tmp_noexec
  - no_reboot_needed

- name: 'Add noexec Option to /var/tmp: Ensure /var/tmp is mounted with noexec option'
  mount:
    path: /var/tmp
    src: '{{ mount_info.source }}'
    opts: '{{ mount_info.options }}'
    state: mounted
    fstype: '{{ mount_info.fstype }}'
  when:
  - ( not ( "kernel" in ansible_facts.packages and "rpm-ostree" in ansible_facts.packages
    and "bootc" in ansible_facts.packages and not "openshift-kubelet" in ansible_facts.packages
    and "ostree" in ansible_proc_cmdline ) and not ( ansible_virtualization_type in
    ["docker", "lxc", "openvz", "podman", "container"] ) )
  - '"/var/tmp" in ansible_mounts | map(attribute="mount") | list'
  - mount_info is defined
  - (device_name.stdout is defined and (device_name.stdout | length &gt; 0)) or ("--fstab"
    | length == 0)
  tags:
  - CCE-91278-2
  - configure_strategy
  - high_disruption
  - low_complexity
  - medium_severity
  - mount_option_var_tmp_noexec
  - no_reboot_needed
</fix>
          <check system="http://oval.mitre.org/XMLSchema/oval-definitions-5">
            <check-content-ref name="oval:ssg-mount_option_var_tmp_noexec:def:1" href="ssg-sle15-oval.xml"/>
          </check>
          <check system="http://scap.nist.gov/schema/ocil/2">
            <check-content-ref name="ocil:ssg-mount_option_var_tmp_noexec_ocil:questionnaire:1" href="ssg-sle15-ocil.xml"/>
          </check>
        </Rule>
        <Rule id="xccdf_org.ssgproject.content_rule_mount_option_var_tmp_nosuid" selected="false" role="full" severity="medium">
          <title xmlns:xhtml="http://www.w3.org/1999/xhtml" xml:lang="en-US">Add nosuid Option to /var/tmp</title>
          <description xmlns:xhtml="http://www.w3.org/1999/xhtml" xml:lang="en-US">The <html:code xmlns:html="http://www.w3.org/1999/xhtml">nosuid</html:code> mount option can be used to prevent
execution of setuid programs in <html:code xmlns:html="http://www.w3.org/1999/xhtml">/var/tmp</html:code>. The SUID and SGID permissions
should not be required in these world-writable directories.
Add the <html:code xmlns:html="http://www.w3.org/1999/xhtml">nosuid</html:code> option to the fourth column of
<html:code xmlns:html="http://www.w3.org/1999/xhtml">/etc/fstab</html:code> for the line which controls mounting of
<html:code xmlns:html="http://www.w3.org/1999/xhtml">/var/tmp</html:code>.</description>
          <reference href="https://www.cyber.mil/stigs/downloads/?_dl_facet_stigs=operating-systems%2Cgeneral-purpose-os">SRG-OS-000368-GPOS-00154</reference>
          <reference href="https://www.cisecurity.org/benchmark/suse_linux/">1.1.14</reference>
          <reference href="https://cyber.gouv.fr/sites/default/files/document/linux_configuration-en-v2.pdf">R28</reference>
          <reference href="not_publicly_available">SLES-15-150150390</reference>
          <rationale xmlns:xhtml="http://www.w3.org/1999/xhtml" xml:lang="en-US">The presence of SUID and SGID executables should be tightly controlled. Users
should not be able to execute SUID or SGID binaries from temporary storage partitions.</rationale>
          <platform idref="#mount_var-tmp"/>
          <ident system="https://ncp.nist.gov/cce">CCE-91279-0</ident>
          <fix xmlns:xhtml="http://www.w3.org/1999/xhtml" id="mount_option_var_tmp_nosuid" system="urn:xccdf:fix:script:sh"># Remediation is applicable only in certain platforms
if ( ! ( { rpm --quiet -q kernel ;} &amp;&amp; { rpm --quiet -q rpm-ostree ;} &amp;&amp; { rpm --quiet -q bootc ;} &amp;&amp; { ! rpm --quiet -q openshift-kubelet ;} &amp;&amp; ([ -f /run/ostree-booted ] || [ -L /ostree ]) ) &amp;&amp; ! ( [ -f /.dockerenv ] || [ -f /run/.containerenv ] ) ) &amp;&amp; { findmnt --kernel "/var/tmp" &gt; /dev/null || findmnt --fstab "/var/tmp" &gt; /dev/null; }; then

function perform_remediation {
    
        # the mount point /var/tmp has to be defined in /etc/fstab
        # before this remediation can be executed. In case it is not defined, the
        # remediation aborts and no changes regarding the mount point are done.
        mount_point_match_regexp="$(printf "^[[:space:]]*[^#].*[[:space:]]%s[[:space:]]" "/var/tmp")"

    grep "$mount_point_match_regexp" -q /etc/fstab \
        || { echo "The mount point '/var/tmp' is not even in /etc/fstab, so we can't set up mount options" &gt;&amp;2;
                echo "Not remediating, because there is no record of /var/tmp in /etc/fstab" &gt;&amp;2; return 1; }
    


    mount_point_match_regexp="$(printf "^[[:space:]]*[^#].*[[:space:]]%s[[:space:]]" /var/tmp)"

    # If the mount point is not in /etc/fstab, get previous mount options from /etc/mtab
    if ! grep -q "$mount_point_match_regexp" /etc/fstab; then
        # runtime opts without some automatic kernel/userspace-added defaults
        previous_mount_opts=$(grep "$mount_point_match_regexp" /etc/mtab | head -1 |  awk '{print $4}' \
                    | sed -E "s/(rw|defaults|seclabel|nosuid)(,|$)//g;s/,$//")
        [ "$previous_mount_opts" ] &amp;&amp; previous_mount_opts+=","
        # In iso9660 filesystems mtab could describe a "blocksize" value, this should be reflected in
        # fstab as "block".  The next variable is to satisfy shellcheck SC2050.
        fs_type=""
        if [  "$fs_type" == "iso9660" ] ; then
            previous_mount_opts=$(sed 's/blocksize=/block=/' &lt;&lt;&lt; "$previous_mount_opts")
        fi
        echo " /var/tmp  defaults,${previous_mount_opts}nosuid 0 0" &gt;&gt; /etc/fstab
    # If the mount_opt option is not already in the mount point's /etc/fstab entry, add it
    elif ! grep "$mount_point_match_regexp" /etc/fstab | grep -q "nosuid"; then
        previous_mount_opts=$(grep "$mount_point_match_regexp" /etc/fstab | awk '{print $4}')
        sed -i "s|\(${mount_point_match_regexp}.*${previous_mount_opts}\)|\1,nosuid|" /etc/fstab
    fi


    if mkdir -p "/var/tmp"; then
        if mountpoint -q "/var/tmp"; then
            mount -o remount --target "/var/tmp"
        fi
    fi
}

perform_remediation

else
    &gt;&amp;2 echo 'Remediation is not applicable, nothing was done'
fi
</fix>
          <fix xmlns:xhtml="http://www.w3.org/1999/xhtml" id="mount_option_var_tmp_nosuid" system="urn:xccdf:fix:script:ansible" complexity="low" disruption="high" strategy="configure">- name: Gather the package facts
  package_facts:
    manager: auto
  tags:
  - CCE-91279-0
  - configure_strategy
  - high_disruption
  - low_complexity
  - medium_severity
  - mount_option_var_tmp_nosuid
  - no_reboot_needed

- name: 'Add nosuid Option to /var/tmp: Check information associated to mountpoint'
  command: findmnt --fstab '/var/tmp'
  register: device_name
  failed_when: device_name.rc &gt; 1
  changed_when: false
  check_mode: false
  when:
  - ( not ( "kernel" in ansible_facts.packages and "rpm-ostree" in ansible_facts.packages
    and "bootc" in ansible_facts.packages and not "openshift-kubelet" in ansible_facts.packages
    and "ostree" in ansible_proc_cmdline ) and not ( ansible_virtualization_type in
    ["docker", "lxc", "openvz", "podman", "container"] ) )
  - '"/var/tmp" in ansible_mounts | map(attribute="mount") | list'
  tags:
  - CCE-91279-0
  - configure_strategy
  - high_disruption
  - low_complexity
  - medium_severity
  - mount_option_var_tmp_nosuid
  - no_reboot_needed

- name: 'Add nosuid Option to /var/tmp: Create mount_info dictionary variable'
  set_fact:
    mount_info: '{{ mount_info|default({})|combine({item.0: item.1}) }}'
  with_together:
  - '{{ device_name.stdout_lines[0].split() | list | lower }}'
  - '{{ device_name.stdout_lines[1].split() | list }}'
  when:
  - ( not ( "kernel" in ansible_facts.packages and "rpm-ostree" in ansible_facts.packages
    and "bootc" in ansible_facts.packages and not "openshift-kubelet" in ansible_facts.packages
    and "ostree" in ansible_proc_cmdline ) and not ( ansible_virtualization_type in
    ["docker", "lxc", "openvz", "podman", "container"] ) )
  - '"/var/tmp" in ansible_mounts | map(attribute="mount") | list'
  - device_name.stdout is defined and device_name.stdout_lines is defined
  - (device_name.stdout | length &gt; 0)
  tags:
  - CCE-91279-0
  - configure_strategy
  - high_disruption
  - low_complexity
  - medium_severity
  - mount_option_var_tmp_nosuid
  - no_reboot_needed

- name: 'Add nosuid Option to /var/tmp: If /var/tmp not mounted, craft mount_info
    manually'
  set_fact:
    mount_info: '{{ mount_info|default({})|combine({item.0: item.1}) }}'
  with_together:
  - - target
    - source
    - fstype
    - options
  - - /var/tmp
    - ''
    - ''
    - defaults
  when:
  - ( not ( "kernel" in ansible_facts.packages and "rpm-ostree" in ansible_facts.packages
    and "bootc" in ansible_facts.packages and not "openshift-kubelet" in ansible_facts.packages
    and "ostree" in ansible_proc_cmdline ) and not ( ansible_virtualization_type in
    ["docker", "lxc", "openvz", "podman", "container"] ) )
  - '"/var/tmp" in ansible_mounts | map(attribute="mount") | list'
  - ("--fstab" | length == 0)
  - device_name.stdout is defined and device_name.stdout_lines is defined
  - (device_name.stdout | length == 0)
  tags:
  - CCE-91279-0
  - configure_strategy
  - high_disruption
  - low_complexity
  - medium_severity
  - mount_option_var_tmp_nosuid
  - no_reboot_needed

- name: 'Add nosuid Option to /var/tmp: Make sure nosuid option is part of the to
    /var/tmp options'
  set_fact:
    mount_info: '{{ mount_info | combine( {''options'':''''~mount_info.options~'',nosuid''
      }) }}'
  when:
  - ( not ( "kernel" in ansible_facts.packages and "rpm-ostree" in ansible_facts.packages
    and "bootc" in ansible_facts.packages and not "openshift-kubelet" in ansible_facts.packages
    and "ostree" in ansible_proc_cmdline ) and not ( ansible_virtualization_type in
    ["docker", "lxc", "openvz", "podman", "container"] ) )
  - '"/var/tmp" in ansible_mounts | map(attribute="mount") | list'
  - mount_info is defined and "nosuid" not in mount_info.options
  tags:
  - CCE-91279-0
  - configure_strategy
  - high_disruption
  - low_complexity
  - medium_severity
  - mount_option_var_tmp_nosuid
  - no_reboot_needed

- name: 'Add nosuid Option to /var/tmp: Ensure /var/tmp is mounted with nosuid option'
  mount:
    path: /var/tmp
    src: '{{ mount_info.source }}'
    opts: '{{ mount_info.options }}'
    state: mounted
    fstype: '{{ mount_info.fstype }}'
  when:
  - ( not ( "kernel" in ansible_facts.packages and "rpm-ostree" in ansible_facts.packages
    and "bootc" in ansible_facts.packages and not "openshift-kubelet" in ansible_facts.packages
    and "ostree" in ansible_proc_cmdline ) and not ( ansible_virtualization_type in
    ["docker", "lxc", "openvz", "podman", "container"] ) )
  - '"/var/tmp" in ansible_mounts | map(attribute="mount") | list'
  - mount_info is defined
  - (device_name.stdout is defined and (device_name.stdout | length &gt; 0)) or ("--fstab"
    | length == 0)
  tags:
  - CCE-91279-0
  - configure_strategy
  - high_disruption
  - low_complexity
  - medium_severity
  - mount_option_var_tmp_nosuid
  - no_reboot_needed
</fix>
          <check system="http://oval.mitre.org/XMLSchema/oval-definitions-5">
            <check-content-ref name="oval:ssg-mount_option_var_tmp_nosuid:def:1" href="ssg-sle15-oval.xml"/>
          </check>
          <check system="http://scap.nist.gov/schema/ocil/2">
            <check-content-ref name="ocil:ssg-mount_option_var_tmp_nosuid_ocil:questionnaire:1" href="ssg-sle15-ocil.xml"/>
          </check>
        </Rule>
      </Group>
      <Group id="xccdf_org.ssgproject.content_group_permissions_local">
        <title xmlns:xhtml="http://www.w3.org/1999/xhtml" xml:lang="en-US">Verify Permissions on Important Files and
Directories Are Configured in /etc/permissions.local</title>
        <description xmlns:xhtml="http://www.w3.org/1999/xhtml" xml:lang="en-US">Permissions for many files on a system must be set
restrictively to ensure sensitive information is properly protected.
This section discusses the <html:code xmlns:html="http://www.w3.org/1999/xhtml">/etc/permissions.local</html:code> file, where
expected permissions can be configured to be checked and fixed through
usage of the <html:code xmlns:html="http://www.w3.org/1999/xhtml">chkstat</html:code> command.</description>
        <Rule id="xccdf_org.ssgproject.content_rule_file_permissions_local_var_log_messages" selected="false" role="full" severity="medium">
          <title xmlns:xhtml="http://www.w3.org/1999/xhtml" xml:lang="en-US">Verify that local /var/log/messages is not world-readable</title>
          <description xmlns:xhtml="http://www.w3.org/1999/xhtml" xml:lang="en-US">Files containing sensitive information should be protected by restrictive
permissions. Most of the time, there is no need that these files need to be read by any non-root user

To properly set the permissions of <html:code xmlns:html="http://www.w3.org/1999/xhtml">/var/log/messages</html:code>, run the command:
<html:pre xmlns:html="http://www.w3.org/1999/xhtml">$ sudo chmod 0640 /var/log/messages</html:pre>

Check that "permissions.local" file contains the correct permissions rules with the following command:

<html:pre xmlns:html="http://www.w3.org/1999/xhtml"># grep -i messages /etc/permissions.local

/var/log/messages root:root 640</html:pre>
       </description>
          <reference href="https://www.cyber.mil/stigs/downloads/?_dl_facet_stigs=operating-systems%2Cgeneral-purpose-os">SRG-OS-000206-GPOS-00084</reference>
          <reference href="https://www.cyber.mil/stigs/downloads/?_dl_facet_stigs=operating-systems%2Cunix-linux">SLES-15-010350</reference>
          <reference href="https://www.cyber.mil/stigs/srg-stig-tools/">SV-234833r958566_rule</reference>
          <rationale xmlns:xhtml="http://www.w3.org/1999/xhtml" xml:lang="en-US">The <html:code xmlns:html="http://www.w3.org/1999/xhtml">/var/log/messages</html:code> file contains system error messages. Only
authorized personnel should be aware of errors and the details of the
errors. Error messages are an indicator of an organization's operational
state or can identify the SUSE operating system or platform. Additionally,
Personally Identifiable Information (PII) and operational information must
not be revealed through error messages to unauthorized personnel or their
designated representatives.</rationale>
          <ident system="https://ncp.nist.gov/cce">CCE-83285-7</ident>
          <fix xmlns:xhtml="http://www.w3.org/1999/xhtml" id="file_permissions_local_var_log_messages" system="urn:xccdf:fix:script:sh">
CORRECT_PERMISSIONS="/var/log/messages root:root 640"
err_cnt=0
message_permissions=$(grep -i messages /etc/permissions.local)
if [ ${#message_permissions} -eq 0 ]
then
  echo "There are no permission rules for system errors messages. We will add them" 
  echo $CORRECT_PERMISSIONS &gt;&gt; /etc/permissions.local
  err_cnt=$((err_cnt+1))
fi

check_message_permissions=$(stat -c "%n %U:%G %a" /var/log/messages)
if [ "$check_message_permissions" != "$CORRECT_PERMISSIONS" ]
then
  echo "The permissions are not correct"
  err_cnt=$((err_cnt+1))
fi

if [ ${#err_cnt} -gt 0 ] 
then
  echo "Set the permissions"
  chkstat --set /etc/permissions.local
fi
</fix>
          <fix xmlns:xhtml="http://www.w3.org/1999/xhtml" id="file_permissions_local_var_log_messages" system="urn:xccdf:fix:script:ansible" complexity="low" disruption="low" strategy="configure">- name: Configure permission for /var/log/messages
  ansible.builtin.lineinfile:
    path: /etc/permissions.local
    create: true
    regexp: ^\/var\/log\/messages\s+root.*
    line: /var/log/messages root:root 640
    state: present
  register: update_permissions_local_result
  tags:
  - CCE-83285-7
  - DISA-STIG-SLES-15-010350
  - configure_strategy
  - file_permissions_local_var_log_messages
  - low_complexity
  - low_disruption
  - medium_severity
  - no_reboot_needed

- name: Correct file permissions after update /etc/permissions.local
  ansible.builtin.shell: |
    set -o pipefail chkstat --set --system
  when: update_permissions_local_result.changed
  tags:
  - CCE-83285-7
  - DISA-STIG-SLES-15-010350
  - configure_strategy
  - file_permissions_local_var_log_messages
  - low_complexity
  - low_disruption
  - medium_severity
  - no_reboot_needed
</fix>
          <check system="http://oval.mitre.org/XMLSchema/oval-definitions-5">
            <check-content-ref name="oval:ssg-file_permissions_local_var_log_messages:def:1" href="ssg-sle15-oval.xml"/>
          </check>
          <check system="http://scap.nist.gov/schema/ocil/2">
            <check-content-ref name="ocil:ssg-file_permissions_local_var_log_messages_ocil:questionnaire:1" href="ssg-sle15-ocil.xml"/>
          </check>
        </Rule>
        <Rule id="xccdf_org.ssgproject.content_rule_permissions_local_audit_binaries" selected="false" role="full" severity="medium">
          <title xmlns:xhtml="http://www.w3.org/1999/xhtml" xml:lang="en-US">Verify Permissions of Local Logs of audit Tools</title>
          <description xmlns:xhtml="http://www.w3.org/1999/xhtml" xml:lang="en-US">The SUSE operating system audit tools must have the proper permissions
configured to protect against unauthorized access.

Check that "permissions.local" file contains the correct permissions rules
with the following command:

<html:pre xmlns:html="http://www.w3.org/1999/xhtml">grep "^/usr/sbin/au" /etc/permissions.local

/usr/sbin/audispd root:root 0750
/usr/sbin/auditctl root:root 0750
/usr/sbin/auditd root:root 0750
/usr/sbin/ausearch root:root 0755
/usr/sbin/aureport root:root 0755
/usr/sbin/autrace root:root 0750
/usr/sbin/augenrules root:root 0750
</html:pre>

Audit tools include but are not limited to vendor-provided and open-source
audit tools needed to successfully view and manipulate audit information
system activity and records. Audit tools include custom queries and report
generators.</description>
          <reference href="https://www.cyber.mil/stigs/downloads/?_dl_facet_stigs=operating-systems%2Cgeneral-purpose-os">SRG-OS-000256-GPOS-00097</reference>
          <reference href="https://www.cyber.mil/stigs/downloads/?_dl_facet_stigs=operating-systems%2Cgeneral-purpose-os">SRG-OS-000257-GPOS-00098</reference>
          <reference href="https://www.cyber.mil/stigs/downloads/?_dl_facet_stigs=operating-systems%2Cgeneral-purpose-os">SRG-OS-000258-GPOS-00099</reference>
          <reference href="https://www.cyber.mil/stigs/downloads/?_dl_facet_stigs=operating-systems%2Cunix-linux">SLES-15-030620</reference>
          <reference href="https://www.cyber.mil/stigs/srg-stig-tools/">SV-234961r991557_rule</reference>
          <rationale xmlns:xhtml="http://www.w3.org/1999/xhtml" xml:lang="en-US">Protecting audit information also includes identifying and protecting the
tools used to view and manipulate log data. Therefore, protecting audit
tools is necessary to prevent unauthorized operation on audit information.

SUSE operating systems providing tools to interface with audit information
will leverage user permissions and roles identifying the user accessing the
tools and the corresponding rights the user enjoys to make access decisions
regarding the access to audit tools.</rationale>
          <ident system="https://ncp.nist.gov/cce">CCE-85609-6</ident>
          <fix xmlns:xhtml="http://www.w3.org/1999/xhtml" id="permissions_local_audit_binaries" system="urn:xccdf:fix:script:sh">
current_permissions_rules=$(grep "^/usr/sbin/au" /etc/permissions.local)
if [ ${#current_permissions_rules} -eq 0 ]
then
  echo "There are no permission rules for audit information files and folders. We will add them"
  echo "/usr/sbin/audispd root:root 0750" &gt;&gt; /etc/permissions.local
  echo "/usr/sbin/auditctl root:root 0750" &gt;&gt; /etc/permissions.local
  echo "/usr/sbin/auditd root:root 0750" &gt;&gt; /etc/permissions.local
  echo "/usr/sbin/ausearch root:root 0755" &gt;&gt; /etc/permissions.local
  echo "/usr/sbin/aureport root:root 0755" &gt;&gt; /etc/permissions.local
  echo "/usr/sbin/autrace root:root 0750" &gt;&gt; /etc/permissions.local
  echo "/usr/sbin/augenrules root:root 0750" &gt;&gt; /etc/permissions.local
fi

check_stats=$(chkstat /etc/permissions.local)
if [ ${#check_stats} -gt 0 ]
then
  echo "Audit information files and folders don't have correct permissions.We will set them"
  chkstat --set /etc/permissions.local
fi
</fix>
          <fix xmlns:xhtml="http://www.w3.org/1999/xhtml" id="permissions_local_audit_binaries" system="urn:xccdf:fix:script:ansible" complexity="low" disruption="low" strategy="configure">- name: Configure permission for /usr/sbin/audispd
  ansible.builtin.lineinfile:
    path: /etc/permissions.local
    create: true
    regexp: ^\/usr\/sbin\/audispd\s+root.*
    line: /usr/sbin/audispd root:root 0750
    state: present
  register: update_permissions_local_result_audispd
  tags:
  - CCE-85609-6
  - DISA-STIG-SLES-15-030620
  - configure_strategy
  - low_complexity
  - low_disruption
  - medium_severity
  - no_reboot_needed
  - permissions_local_audit_binaries

- name: Correct file permissions after update /usr/sbin/audispd
  ansible.builtin.shell: |
    set -o pipefail chkstat --set --system
  when: update_permissions_local_result_audispd.changed
  tags:
  - CCE-85609-6
  - DISA-STIG-SLES-15-030620
  - configure_strategy
  - low_complexity
  - low_disruption
  - medium_severity
  - no_reboot_needed
  - permissions_local_audit_binaries

- name: Configure permission for /usr/sbin/auditctl
  ansible.builtin.lineinfile:
    path: /etc/permissions.local
    create: true
    regexp: ^\/usr\/sbin\/auditctl\s+root.*
    line: /usr/sbin/auditctl root:root 0750
    state: present
  register: update_permissions_local_result_auditctl
  tags:
  - CCE-85609-6
  - DISA-STIG-SLES-15-030620
  - configure_strategy
  - low_complexity
  - low_disruption
  - medium_severity
  - no_reboot_needed
  - permissions_local_audit_binaries

- name: Correct file permissions after update /usr/sbin/auditctl
  ansible.builtin.shell: |
    set -o pipefail chkstat --set --system
  when: update_permissions_local_result_auditctl.changed
  tags:
  - CCE-85609-6
  - DISA-STIG-SLES-15-030620
  - configure_strategy
  - low_complexity
  - low_disruption
  - medium_severity
  - no_reboot_needed
  - permissions_local_audit_binaries

- name: Configure permission for /usr/sbin/auditd
  ansible.builtin.lineinfile:
    path: /etc/permissions.local
    create: true
    regexp: ^\/usr\/sbin\/auditd\s+root.*
    line: /usr/sbin/auditd root:root 0750
    state: present
  register: update_permissions_local_result_auditd
  tags:
  - CCE-85609-6
  - DISA-STIG-SLES-15-030620
  - configure_strategy
  - low_complexity
  - low_disruption
  - medium_severity
  - no_reboot_needed
  - permissions_local_audit_binaries

- name: Correct file permissions after update /usr/sbin/auditd
  ansible.builtin.shell: |
    set -o pipefail chkstat --set --system
  when: update_permissions_local_result_auditd.changed
  tags:
  - CCE-85609-6
  - DISA-STIG-SLES-15-030620
  - configure_strategy
  - low_complexity
  - low_disruption
  - medium_severity
  - no_reboot_needed
  - permissions_local_audit_binaries

- name: Configure permission for /usr/sbin/ausearch
  ansible.builtin.lineinfile:
    path: /etc/permissions.local
    create: true
    regexp: ^\/usr\/sbin\/ausearch\s+root.*
    line: /usr/sbin/ausearch root:root 0755
    state: present
  register: update_permissions_local_result_ausearch
  tags:
  - CCE-85609-6
  - DISA-STIG-SLES-15-030620
  - configure_strategy
  - low_complexity
  - low_disruption
  - medium_severity
  - no_reboot_needed
  - permissions_local_audit_binaries

- name: Correct file permissions after update /usr/sbin/ausearch
  ansible.builtin.shell: |
    set -o pipefail chkstat --set --system
  when: update_permissions_local_result_ausearch.changed
  tags:
  - CCE-85609-6
  - DISA-STIG-SLES-15-030620
  - configure_strategy
  - low_complexity
  - low_disruption
  - medium_severity
  - no_reboot_needed
  - permissions_local_audit_binaries

- name: Configure permission for /usr/sbin/aureport
  ansible.builtin.lineinfile:
    path: /etc/permissions.local
    create: true
    regexp: ^\/usr\/sbin\/aureport\s+root.*
    line: /usr/sbin/aureport root:root 0755
    state: present
  register: update_permissions_local_result_aureport
  tags:
  - CCE-85609-6
  - DISA-STIG-SLES-15-030620
  - configure_strategy
  - low_complexity
  - low_disruption
  - medium_severity
  - no_reboot_needed
  - permissions_local_audit_binaries

- name: Correct file permissions after update /usr/sbin/aureport
  ansible.builtin.shell: |
    set -o pipefail chkstat --set --system
  when: update_permissions_local_result_aureport.changed
  tags:
  - CCE-85609-6
  - DISA-STIG-SLES-15-030620
  - configure_strategy
  - low_complexity
  - low_disruption
  - medium_severity
  - no_reboot_needed
  - permissions_local_audit_binaries

- name: Configure permission for /usr/sbin/autrace
  ansible.builtin.lineinfile:
    path: /etc/permissions.local
    create: true
    regexp: ^\/usr\/sbin\/autrace\s+root.*
    line: /usr/sbin/autrace root:root 0750
    state: present
  register: update_permissions_local_result_autrace
  tags:
  - CCE-85609-6
  - DISA-STIG-SLES-15-030620
  - configure_strategy
  - low_complexity
  - low_disruption
  - medium_severity
  - no_reboot_needed
  - permissions_local_audit_binaries

- name: Correct file permissions after update /usr/sbin/autrace
  ansible.builtin.shell: |
    set -o pipefail chkstat --set --system
  when: update_permissions_local_result_autrace.changed
  tags:
  - CCE-85609-6
  - DISA-STIG-SLES-15-030620
  - configure_strategy
  - low_complexity
  - low_disruption
  - medium_severity
  - no_reboot_needed
  - permissions_local_audit_binaries

- name: Configure permission for /usr/sbin/augenrules
  ansible.builtin.lineinfile:
    path: /etc/permissions.local
    create: true
    regexp: ^\/usr\/sbin\/augenrules\s+root.*
    line: /usr/sbin/augenrules root:root 0750
    state: present
  register: update_permissions_local_result_augenrules
  tags:
  - CCE-85609-6
  - DISA-STIG-SLES-15-030620
  - configure_strategy
  - low_complexity
  - low_disruption
  - medium_severity
  - no_reboot_needed
  - permissions_local_audit_binaries

- name: Correct file permissions after update /usr/sbin/augenrules
  ansible.builtin.shell: |
    set -o pipefail chkstat --set --system
  when: update_permissions_local_result_augenrules.changed
  tags:
  - CCE-85609-6
  - DISA-STIG-SLES-15-030620
  - configure_strategy
  - low_complexity
  - low_disruption
  - medium_severity
  - no_reboot_needed
  - permissions_local_audit_binaries
</fix>
          <check system="http://scap.nist.gov/schema/ocil/2">
            <check-content-ref name="ocil:ssg-permissions_local_audit_binaries_ocil:questionnaire:1" href="ssg-sle15-ocil.xml"/>
          </check>
        </Rule>
        <Rule id="xccdf_org.ssgproject.content_rule_permissions_local_var_log_audit" selected="false" role="full" severity="medium">
          <title xmlns:xhtml="http://www.w3.org/1999/xhtml" xml:lang="en-US">Verify that Local Logs of the audit Daemon are not World-Readable</title>
          <description xmlns:xhtml="http://www.w3.org/1999/xhtml" xml:lang="en-US">Files containing sensitive information should be protected by restrictive
permissions. Most of the time, there is no need that these files need to be
read by any non-root user.

Check that "permissions.local" file contains the correct permissions rules with the following command:

<html:pre xmlns:html="http://www.w3.org/1999/xhtml"># grep -i audit /etc/permissions.local

/var/log/audit/ root:root 600
/var/log/audit/audit.log root:root 600
/etc/audit/audit.rules root:root 640
/etc/audit/rules.d/audit.rules root:root 640</html:pre>
       </description>
          <reference href="http://nvlpubs.nist.gov/nistpubs/SpecialPublications/NIST.SP.800-53r4.pdf">AU-9</reference>
          <reference href="https://www.cyber.mil/stigs/downloads/?_dl_facet_stigs=operating-systems%2Cgeneral-purpose-os">SRG-OS-000057-GPOS-00027</reference>
          <reference href="https://www.cyber.mil/stigs/downloads/?_dl_facet_stigs=operating-systems%2Cgeneral-purpose-os">SRG-OS-000058-GPOS-00028</reference>
          <reference href="https://www.cyber.mil/stigs/downloads/?_dl_facet_stigs=operating-systems%2Cgeneral-purpose-os">SRG-OS-000059-GPOS-00029</reference>
          <reference href="https://www.cyber.mil/stigs/downloads/?_dl_facet_stigs=operating-systems%2Cunix-linux">SLES-15-030600</reference>
          <reference href="https://www.cyber.mil/stigs/srg-stig-tools/">SV-234959r958434_rule</reference>
          <rationale xmlns:xhtml="http://www.w3.org/1999/xhtml" xml:lang="en-US">Without the capability to restrict which roles and individuals can select
which events are audited, unauthorized personnel may be able to prevent the
auditing of critical events. Misconfigured audits may degrade the system's
performance by overwhelming the audit log. Misconfigured audits may also
make it more difficult to establish, correlate, and investigate the events
relating to an incident or identify those responsible for one.</rationale>
          <ident system="https://ncp.nist.gov/cce">CCE-85607-0</ident>
          <fix xmlns:xhtml="http://www.w3.org/1999/xhtml" id="permissions_local_var_log_audit" system="urn:xccdf:fix:script:sh">
current_permissions_rules=$(grep -i audit /etc/permissions.local)
if [ ${#current_permissions_rules} -ne 0 ]
then
  echo "We will delete existing permissions"
  sed -ri '/^\/var\/log\/audit\s+root:.*/d' /etc/permissions.local
  sed -ri '/^\/var\/log\/audit\/audit.log\s+root.*/d' /etc/permissions.local 
  sed -ri '/^\/etc\/audit\/audit.rules\s+root.*/d' /etc/permissions.local
  sed -ri '/^\/etc\/audit\/rules.d\/audit.rules\s+root.*/d' /etc/permissions.local
fi
echo "There are no permission rules for audit information files and folders. We will add them"
echo "/var/log/audit root:root 600" &gt;&gt; /etc/permissions.local
echo "/var/log/audit/audit.log root:root 600" &gt;&gt; /etc/permissions.local
echo "/etc/audit/audit.rules root:root 640" &gt;&gt; /etc/permissions.local
echo "/etc/audit/rules.d/audit.rules root:root 640" &gt;&gt; /etc/permissions.local

check_stats=$(chkstat /etc/permissions.local)
if [ ${#check_stats} -gt 0 ]
then
  echo "Audit information files and folders don't have correct permissions.We will set them"
  chkstat --set /etc/permissions.local
fi
</fix>
          <fix xmlns:xhtml="http://www.w3.org/1999/xhtml" id="permissions_local_var_log_audit" system="urn:xccdf:fix:script:ansible" complexity="low" disruption="low" strategy="configure">- name: Configure permission for /var/log/audit
  ansible.builtin.lineinfile:
    path: /etc/permissions.local
    create: true
    regexp: ^\/var\/log\/audit\s+root.*
    line: /var/log/audit root:root 600
    state: present
  register: update_permissions_var_log_audit
  tags:
  - CCE-85607-0
  - DISA-STIG-SLES-15-030600
  - NIST-800-53-AU-9
  - configure_strategy
  - low_complexity
  - low_disruption
  - medium_severity
  - no_reboot_needed
  - permissions_local_var_log_audit

- name: Correct file permissions after update /var/log/audit
  ansible.builtin.shell: |
    set -o pipefail chkstat --set --system
  when: update_permissions_var_log_audit.changed
  tags:
  - CCE-85607-0
  - DISA-STIG-SLES-15-030600
  - NIST-800-53-AU-9
  - configure_strategy
  - low_complexity
  - low_disruption
  - medium_severity
  - no_reboot_needed
  - permissions_local_var_log_audit

- name: Configure permission for /var/log/audit.log
  ansible.builtin.lineinfile:
    path: /etc/permissions.local
    create: true
    regexp: ^\/var\/log\/audit\/audit.log\s+root.*
    line: /var/log/audit/audit.log root:root 600
    state: present
  register: update_permissions_var_log_audit_audit_log
  tags:
  - CCE-85607-0
  - DISA-STIG-SLES-15-030600
  - NIST-800-53-AU-9
  - configure_strategy
  - low_complexity
  - low_disruption
  - medium_severity
  - no_reboot_needed
  - permissions_local_var_log_audit

- name: Correct file permissions after update /var/log/audit/audit.log
  ansible.builtin.shell: |
    set -o pipefail chkstat --set --system
  when: update_permissions_var_log_audit_audit_log.changed
  tags:
  - CCE-85607-0
  - DISA-STIG-SLES-15-030600
  - NIST-800-53-AU-9
  - configure_strategy
  - low_complexity
  - low_disruption
  - medium_severity
  - no_reboot_needed
  - permissions_local_var_log_audit

- name: Configure permission for /etc/audit/audit.rules
  ansible.builtin.lineinfile:
    path: /etc/permissions.local
    create: true
    regexp: ^\/etc\/audit\/audit.rules\s+root.*
    line: /etc/audit/audit.rules root:root 640
    state: present
  register: update_permissions_etc_audit_audit_rules
  tags:
  - CCE-85607-0
  - DISA-STIG-SLES-15-030600
  - NIST-800-53-AU-9
  - configure_strategy
  - low_complexity
  - low_disruption
  - medium_severity
  - no_reboot_needed
  - permissions_local_var_log_audit

- name: Correct file permissions after update /etc/audit/audit.rules
  ansible.builtin.shell: |
    set -o pipefail chkstat --set --system
  when: update_permissions_etc_audit_audit_rules.changed
  tags:
  - CCE-85607-0
  - DISA-STIG-SLES-15-030600
  - NIST-800-53-AU-9
  - configure_strategy
  - low_complexity
  - low_disruption
  - medium_severity
  - no_reboot_needed
  - permissions_local_var_log_audit

- name: Configure permission for /etc/audit/rules.d/audit.rules
  ansible.builtin.lineinfile:
    path: /etc/permissions.local
    create: true
    regexp: ^\/etc\/audit\/rules.d\/audit.rules\s+root.*
    line: /etc/audit/rules.d/audit.rules root:root 640
    state: present
  register: update_permissions_etc_audit_rules_d_audit_rules
  tags:
  - CCE-85607-0
  - DISA-STIG-SLES-15-030600
  - NIST-800-53-AU-9
  - configure_strategy
  - low_complexity
  - low_disruption
  - medium_severity
  - no_reboot_needed
  - permissions_local_var_log_audit

- name: Correct file permissions after update /etc/audit/rules.d/audit.rules
  ansible.builtin.shell: |
    set -o pipefail chkstat --set --system
  when: update_permissions_etc_audit_rules_d_audit_rules.changed
  tags:
  - CCE-85607-0
  - DISA-STIG-SLES-15-030600
  - NIST-800-53-AU-9
  - configure_strategy
  - low_complexity
  - low_disruption
  - medium_severity
  - no_reboot_needed
  - permissions_local_var_log_audit
</fix>
          <check system="http://scap.nist.gov/schema/ocil/2">
            <check-content-ref name="ocil:ssg-permissions_local_var_log_audit_ocil:questionnaire:1" href="ssg-sle15-ocil.xml"/>
          </check>
        </Rule>
      </Group>
      <Group id="xccdf_org.ssgproject.content_group_restrictions">
        <title xmlns:xhtml="http://www.w3.org/1999/xhtml" xml:lang="en-US">Restrict Programs from Dangerous Execution Patterns</title>
        <description xmlns:xhtml="http://www.w3.org/1999/xhtml" xml:lang="en-US">The recommendations in this section are designed to
ensure that the system's features to protect against potentially
dangerous program execution are activated.
These protections are applied at the system initialization or
kernel level, and defend against certain types of badly-configured
or compromised programs.</description>
        <Rule id="xccdf_org.ssgproject.content_rule_kernel_module_uvcvideo_disabled" selected="false" role="full" severity="medium">
          <title xmlns:xhtml="http://www.w3.org/1999/xhtml" xml:lang="en-US">Disable the uvcvideo module</title>
          <description xmlns:xhtml="http://www.w3.org/1999/xhtml" xml:lang="en-US">If the device contains a camera it should be covered or disabled when not in use.</description>
          <reference href="http://nvlpubs.nist.gov/nistpubs/SpecialPublications/NIST.SP.800-53r4.pdf">CM-7 (a)</reference>
          <reference href="http://nvlpubs.nist.gov/nistpubs/SpecialPublications/NIST.SP.800-53r4.pdf">CM-7 (5) (b)</reference>
          <reference href="https://www.cyber.mil/stigs/downloads/?_dl_facet_stigs=operating-systems%2Cgeneral-purpose-os">SRG-OS-000095-GPOS-00049</reference>
          <reference href="https://www.cyber.mil/stigs/downloads/?_dl_facet_stigs=operating-systems%2Cgeneral-purpose-os">SRG-OS-000370-GPOS-00155</reference>
          <rationale xmlns:xhtml="http://www.w3.org/1999/xhtml" xml:lang="en-US">Failing to disconnect from collaborative computing devices (i.e., cameras) can result in subsequent compromises of organizational information.
Providing easy methods to physically disconnect from such devices after a collaborative computing session helps to ensure participants actually carry out the disconnect activity without having to go through complex and tedious procedures.</rationale>
          <platform idref="#system_with_kernel"/>
          <fix xmlns:xhtml="http://www.w3.org/1999/xhtml" id="kernel_module_uvcvideo_disabled" system="urn:xccdf:fix:script:sh" reboot="true" complexity="low" disruption="medium" strategy="disable"># Remediation is applicable only in certain platforms
if rpm --quiet -q kernel-default || rpm --quiet -q kernel-default-base; then

if LC_ALL=C grep -q -m 1 "^install uvcvideo" /etc/modprobe.d/uvcvideo.conf ; then
	
	sed -i 's#^install uvcvideo.*#install uvcvideo /bin/false#g' /etc/modprobe.d/uvcvideo.conf
else
	echo -e "\n# Disable per security requirements" &gt;&gt; /etc/modprobe.d/uvcvideo.conf
	echo "install uvcvideo /bin/false" &gt;&gt; /etc/modprobe.d/uvcvideo.conf
fi

if ! LC_ALL=C grep -q -m 1 "^blacklist uvcvideo$" /etc/modprobe.d/uvcvideo.conf ; then
	echo "blacklist uvcvideo" &gt;&gt; /etc/modprobe.d/uvcvideo.conf
fi

else
    &gt;&amp;2 echo 'Remediation is not applicable, nothing was done'
fi
</fix>
          <fix xmlns:xhtml="http://www.w3.org/1999/xhtml" id="kernel_module_uvcvideo_disabled" system="urn:xccdf:fix:script:ansible" reboot="true" complexity="low" disruption="medium" strategy="disable">- name: Gather the package facts
  package_facts:
    manager: auto
  tags:
  - NIST-800-53-CM-7 (5) (b)
  - NIST-800-53-CM-7 (a)
  - disable_strategy
  - kernel_module_uvcvideo_disabled
  - low_complexity
  - medium_disruption
  - medium_severity
  - reboot_required

- name: Ensure kernel module 'uvcvideo' is disabled
  ansible.builtin.lineinfile:
    create: true
    dest: /etc/modprobe.d/uvcvideo.conf
    regexp: install\s+uvcvideo
    line: install uvcvideo /bin/false
  when: ("kernel-default" in ansible_facts.packages or "kernel-default-base" in ansible_facts.packages)
  tags:
  - NIST-800-53-CM-7 (5) (b)
  - NIST-800-53-CM-7 (a)
  - disable_strategy
  - kernel_module_uvcvideo_disabled
  - low_complexity
  - medium_disruption
  - medium_severity
  - reboot_required

- name: Ensure kernel module 'uvcvideo' is blacklisted
  ansible.builtin.lineinfile:
    create: true
    dest: /etc/modprobe.d/uvcvideo.conf
    regexp: ^blacklist uvcvideo$
    line: blacklist uvcvideo
  when: ("kernel-default" in ansible_facts.packages or "kernel-default-base" in ansible_facts.packages)
  tags:
  - NIST-800-53-CM-7 (5) (b)
  - NIST-800-53-CM-7 (a)
  - disable_strategy
  - kernel_module_uvcvideo_disabled
  - low_complexity
  - medium_disruption
  - medium_severity
  - reboot_required
</fix>
          <check system="http://oval.mitre.org/XMLSchema/oval-definitions-5">
            <check-content-ref name="oval:ssg-kernel_module_uvcvideo_disabled:def:1" href="ssg-sle15-oval.xml"/>
          </check>
          <check system="http://scap.nist.gov/schema/ocil/2">
            <check-content-ref name="ocil:ssg-kernel_module_uvcvideo_disabled_ocil:questionnaire:1" href="ssg-sle15-ocil.xml"/>
          </check>
        </Rule>
        <Rule id="xccdf_org.ssgproject.content_rule_sysctl_kernel_dmesg_restrict" selected="false" role="full" severity="low">
          <title xmlns:xhtml="http://www.w3.org/1999/xhtml" xml:lang="en-US">Restrict Access to Kernel Message Buffer</title>
          <description xmlns:xhtml="http://www.w3.org/1999/xhtml" xml:lang="en-US">To set the runtime status of the <html:code xmlns:html="http://www.w3.org/1999/xhtml">kernel.dmesg_restrict</html:code> kernel parameter, run the following command: <html:pre xmlns:html="http://www.w3.org/1999/xhtml">$ sudo sysctl -w kernel.dmesg_restrict=1</html:pre>
To make sure that the setting is persistent, add the following line to a file in the directory <html:code xmlns:html="http://www.w3.org/1999/xhtml">/etc/sysctl.d</html:code>: <html:pre xmlns:html="http://www.w3.org/1999/xhtml">kernel.dmesg_restrict = 1</html:pre>
       </description>
          <reference href="http://nvlpubs.nist.gov/nistpubs/SpecialPublications/NIST.SP.800-171.pdf">3.1.5</reference>
          <reference href="https://www.gpo.gov/fdsys/pkg/CFR-2007-title45-vol1/pdf/CFR-2007-title45-vol1-chapA-subchapC.pdf">164.308(a)(1)(ii)(D)</reference>
          <reference href="https://www.gpo.gov/fdsys/pkg/CFR-2007-title45-vol1/pdf/CFR-2007-title45-vol1-chapA-subchapC.pdf">164.308(a)(3)</reference>
          <reference href="https://www.gpo.gov/fdsys/pkg/CFR-2007-title45-vol1/pdf/CFR-2007-title45-vol1-chapA-subchapC.pdf">164.308(a)(4)</reference>
          <reference href="https://www.gpo.gov/fdsys/pkg/CFR-2007-title45-vol1/pdf/CFR-2007-title45-vol1-chapA-subchapC.pdf">164.310(b)</reference>
          <reference href="https://www.gpo.gov/fdsys/pkg/CFR-2007-title45-vol1/pdf/CFR-2007-title45-vol1-chapA-subchapC.pdf">164.310(c)</reference>
          <reference href="https://www.gpo.gov/fdsys/pkg/CFR-2007-title45-vol1/pdf/CFR-2007-title45-vol1-chapA-subchapC.pdf">164.312(a)</reference>
          <reference href="https://www.gpo.gov/fdsys/pkg/CFR-2007-title45-vol1/pdf/CFR-2007-title45-vol1-chapA-subchapC.pdf">164.312(e)</reference>
          <reference href="http://nvlpubs.nist.gov/nistpubs/SpecialPublications/NIST.SP.800-53r4.pdf">SI-11(a)</reference>
          <reference href="http://nvlpubs.nist.gov/nistpubs/SpecialPublications/NIST.SP.800-53r4.pdf">SI-11(b)</reference>
          <reference href="https://www.niap-ccevs.org/Profile/PP.cfm">FMT_SMF_EXT.1</reference>
          <reference href="https://www.cyber.mil/stigs/downloads/?_dl_facet_stigs=operating-systems%2Cgeneral-purpose-os">SRG-OS-000132-GPOS-00067</reference>
          <reference href="https://www.cyber.mil/stigs/downloads/?_dl_facet_stigs=operating-systems%2Cgeneral-purpose-os">SRG-OS-000138-GPOS-00069</reference>
          <reference href="https://www.cyber.mil/stigs/downloads/?_dl_facet_stigs=app-security">SRG-APP-000243-CTR-000600</reference>
          <reference href="https://www.cyber.mil/stigs/downloads/?_dl_facet_stigs=operating-systems%2Cunix-linux">SLES-15-010375</reference>
          <reference href="https://cyber.gouv.fr/sites/default/files/document/linux_configuration-en-v2.pdf">R9</reference>
          <reference href="https://www.cyber.gov.au/acsc/view-all-content/ism">1546</reference>
          <reference href="https://www.cyber.mil/stigs/srg-stig-tools/">SV-255921r958524_rule</reference>
          <rationale xmlns:xhtml="http://www.w3.org/1999/xhtml" xml:lang="en-US">Unprivileged access to the kernel syslog can expose sensitive kernel
address information.</rationale>
          <platform idref="#system_with_kernel"/>
          <ident system="https://ncp.nist.gov/cce">CCE-91448-1</ident>
          <fix xmlns:xhtml="http://www.w3.org/1999/xhtml" id="sysctl_kernel_dmesg_restrict" system="urn:xccdf:fix:script:sh" reboot="true" complexity="low" disruption="medium" strategy="disable"># Remediation is applicable only in certain platforms
if rpm --quiet -q kernel-default || rpm --quiet -q kernel-default-base; then

# Comment out any occurrences of kernel.dmesg_restrict from /etc/sysctl.d/*.conf files

for f in /etc/sysctl.d/*.conf /run/sysctl.d/*.conf /usr/local/lib/sysctl.d/*.conf /lib/sysctl.d/*.conf; do


  # skip systemd-sysctl symlink (/etc/sysctl.d/99-sysctl.conf -&gt; /etc/sysctl.conf)
  if [[ "$(readlink -f "$f")" == "/etc/sysctl.conf" ]]; then continue; fi

  matching_list=$(grep -P '^(?!#).*[\s]*kernel.dmesg_restrict.*$' $f | uniq )
  if ! test -z "$matching_list"; then
    while IFS= read -r entry; do
      escaped_entry=$(sed -e 's|/|\\/|g' &lt;&lt;&lt; "$entry")
      # comment out "kernel.dmesg_restrict" matches to preserve user data
      sed -i --follow-symlinks "s/^${escaped_entry}$/# &amp;/g" $f
    done &lt;&lt;&lt; "$matching_list"
  fi
done

#
# Set sysctl config file which to save the desired value
#

SYSCONFIG_FILE='/etc/sysctl.d/kernel_dmesg_restrict.conf'


#
# Set runtime for kernel.dmesg_restrict
#
if ! { rpm --quiet -q kernel rpm-ostree bootc &amp;&amp; ! rpm --quiet -q openshift-kubelet &amp;&amp; { [ -f "/run/.containerenv" ] || [ -f "/.containerenv" ]; }; } ; then
    /sbin/sysctl -q -n -w kernel.dmesg_restrict="1"
fi

#
# If kernel.dmesg_restrict present in /etc/sysctl.conf, change value to "1"
#	else, add "kernel.dmesg_restrict = 1" to /etc/sysctl.conf
#

sed -i "/^$SYSCONFIG_VAR/d" /etc/sysctl.conf

# Strip any search characters in the key arg so that the key can be replaced without
# adding any search characters to the config file.
stripped_key=$(sed 's/[\^=\$,;+]*//g' &lt;&lt;&lt; "^kernel.dmesg_restrict")

# shellcheck disable=SC2059
printf -v formatted_output "%s = %s" "$stripped_key" "1"

# If the key exists, change it. Otherwise, add it to the config_file.
# We search for the key string followed by a word boundary (matched by \&gt;),
# so if we search for 'setting', 'setting2' won't match.
if LC_ALL=C grep -q -m 1 -i -e "^kernel.dmesg_restrict\\&gt;" "${SYSCONFIG_FILE}"; then
    escaped_formatted_output=$(sed -e 's|/|\\/|g' &lt;&lt;&lt; "$formatted_output")
    LC_ALL=C sed -i --follow-symlinks "s/^kernel.dmesg_restrict\\&gt;.*/$escaped_formatted_output/gi" "${SYSCONFIG_FILE}"
else
    if [[ -s "${SYSCONFIG_FILE}" ]] &amp;&amp; [[ -n "$(tail -c 1 -- "${SYSCONFIG_FILE}" || true)" ]]; then
        LC_ALL=C sed -i --follow-symlinks '$a'\\ "${SYSCONFIG_FILE}"
    fi
    cce="CCE-91448-1"
    printf '# Per %s: Set %s in %s\n' "${cce}" "${formatted_output}" "${SYSCONFIG_FILE}" &gt;&gt; "${SYSCONFIG_FILE}"
    printf '%s\n' "$formatted_output" &gt;&gt; "${SYSCONFIG_FILE}"
fi

else
    &gt;&amp;2 echo 'Remediation is not applicable, nothing was done'
fi
</fix>
          <fix xmlns:xhtml="http://www.w3.org/1999/xhtml" id="sysctl_kernel_dmesg_restrict" system="urn:xccdf:fix:script:ansible" reboot="true" complexity="low" disruption="medium" strategy="disable">- name: Gather the package facts
  package_facts:
    manager: auto
  tags:
  - CCE-91448-1
  - DISA-STIG-SLES-15-010375
  - NIST-800-171-3.1.5
  - NIST-800-53-SI-11(a)
  - NIST-800-53-SI-11(b)
  - disable_strategy
  - low_complexity
  - low_severity
  - medium_disruption
  - reboot_required
  - sysctl_kernel_dmesg_restrict

- name: Restrict Access to Kernel Message Buffer - Set fact for sysctl paths
  ansible.builtin.set_fact:
    sysctl_paths:
    - /run/sysctl.d/
    - /etc/sysctl.d/
    - /usr/local/lib/sysctl.d/
    - /lib/sysctl.d/
  when: ("kernel-default" in ansible_facts.packages or "kernel-default-base" in ansible_facts.packages)
  tags:
  - CCE-91448-1
  - DISA-STIG-SLES-15-010375
  - NIST-800-171-3.1.5
  - NIST-800-53-SI-11(a)
  - NIST-800-53-SI-11(b)
  - disable_strategy
  - low_complexity
  - low_severity
  - medium_disruption
  - reboot_required
  - sysctl_kernel_dmesg_restrict

- name: Restrict Access to Kernel Message Buffer - Find all files that contain kernel.dmesg_restrict
  ansible.builtin.shell:
    cmd: find -L {{ sysctl_paths | join(" ") }} -type f -name '*.conf' | xargs grep
      -HP '^\s*kernel.dmesg_restrict\s*=\s*.*$'
  register: find_all_values
  check_mode: false
  changed_when: false
  failed_when: false
  when: ("kernel-default" in ansible_facts.packages or "kernel-default-base" in ansible_facts.packages)
  tags:
  - CCE-91448-1
  - DISA-STIG-SLES-15-010375
  - NIST-800-171-3.1.5
  - NIST-800-53-SI-11(a)
  - NIST-800-53-SI-11(b)
  - disable_strategy
  - low_complexity
  - low_severity
  - medium_disruption
  - reboot_required
  - sysctl_kernel_dmesg_restrict

- name: Restrict Access to Kernel Message Buffer - Find all files that set kernel.dmesg_restrict
    to correct value
  ansible.builtin.shell:
    cmd: find -L {{ sysctl_paths | join(" ") }} -type f -name '*.conf' | xargs grep
      -HP '^\s*kernel.dmesg_restrict\s*=\s*1$'
  register: find_correct_value
  check_mode: false
  changed_when: false
  failed_when: false
  when: ("kernel-default" in ansible_facts.packages or "kernel-default-base" in ansible_facts.packages)
  tags:
  - CCE-91448-1
  - DISA-STIG-SLES-15-010375
  - NIST-800-171-3.1.5
  - NIST-800-53-SI-11(a)
  - NIST-800-53-SI-11(b)
  - disable_strategy
  - low_complexity
  - low_severity
  - medium_disruption
  - reboot_required
  - sysctl_kernel_dmesg_restrict

- name: Restrict Access to Kernel Message Buffer - Comment out any occurrences of
    kernel.dmesg_restrict from config files
  ansible.builtin.replace:
    path: '{{ item | split(":") | first }}'
    regexp: ^[\s]*kernel.dmesg_restrict
    replace: '#kernel.dmesg_restrict'
  loop: '{{ find_all_values.stdout_lines }}'
  when:
  - ("kernel-default" in ansible_facts.packages or "kernel-default-base" in ansible_facts.packages)
  - find_correct_value.stdout_lines | length == 0 or find_all_values.stdout_lines
    | length &gt; find_correct_value.stdout_lines | length
  tags:
  - CCE-91448-1
  - DISA-STIG-SLES-15-010375
  - NIST-800-171-3.1.5
  - NIST-800-53-SI-11(a)
  - NIST-800-53-SI-11(b)
  - disable_strategy
  - low_complexity
  - low_severity
  - medium_disruption
  - reboot_required
  - sysctl_kernel_dmesg_restrict

- name: Restrict Access to Kernel Message Buffer - Comment out any occurrences of
    kernel.dmesg_restrict from /etc/sysctl.conf
  ansible.builtin.replace:
    path: /etc/sysctl.conf
    regexp: ^[\s]*kernel.dmesg_restrict
    replace: '#kernel.dmesg_restrict'
  when: ("kernel-default" in ansible_facts.packages or "kernel-default-base" in ansible_facts.packages)
  tags:
  - CCE-91448-1
  - DISA-STIG-SLES-15-010375
  - NIST-800-171-3.1.5
  - NIST-800-53-SI-11(a)
  - NIST-800-53-SI-11(b)
  - disable_strategy
  - low_complexity
  - low_severity
  - medium_disruption
  - reboot_required
  - sysctl_kernel_dmesg_restrict

- name: Restrict Access to Kernel Message Buffer - Ensure sysctl kernel.dmesg_restrict
    is set to 1
  ansible.posix.sysctl:
    name: kernel.dmesg_restrict
    value: '1'
    sysctl_file: /etc/sysctl.d/kernel_dmesg_restrict.conf
    state: present
    reload: true
  when: ("kernel-default" in ansible_facts.packages or "kernel-default-base" in ansible_facts.packages)
  tags:
  - CCE-91448-1
  - DISA-STIG-SLES-15-010375
  - NIST-800-171-3.1.5
  - NIST-800-53-SI-11(a)
  - NIST-800-53-SI-11(b)
  - disable_strategy
  - low_complexity
  - low_severity
  - medium_disruption
  - reboot_required
  - sysctl_kernel_dmesg_restrict
</fix>
          <check system="http://open-scap.org/page/SCE">
            <check-import import-name="stdout">
                </check-import>
            <check-content-ref href="sle15/checks/sce/sysctl_kernel_dmesg_restrict.sh"/>
          </check>
          <check system="http://oval.mitre.org/XMLSchema/oval-definitions-5">
            <check-content-ref name="oval:ssg-sysctl_kernel_dmesg_restrict:def:1" href="ssg-sle15-oval.xml"/>
          </check>
          <check system="http://scap.nist.gov/schema/ocil/2">
            <check-content-ref name="ocil:ssg-sysctl_kernel_dmesg_restrict_ocil:questionnaire:1" href="ssg-sle15-ocil.xml"/>
          </check>
        </Rule>
        <Rule id="xccdf_org.ssgproject.content_rule_sysctl_kernel_modules_disabled" selected="false" role="full" severity="medium">
          <title xmlns:xhtml="http://www.w3.org/1999/xhtml" xml:lang="en-US">Disable loading and unloading of kernel modules</title>
          <description xmlns:xhtml="http://www.w3.org/1999/xhtml" xml:lang="en-US">To set the runtime status of the <html:code xmlns:html="http://www.w3.org/1999/xhtml">kernel.modules_disabled</html:code> kernel parameter, run the following command: <html:pre xmlns:html="http://www.w3.org/1999/xhtml">$ sudo sysctl -w kernel.modules_disabled=1</html:pre>
To make sure that the setting is persistent, add the following line to a file in the directory <html:code xmlns:html="http://www.w3.org/1999/xhtml">/etc/sysctl.d</html:code>: <html:pre xmlns:html="http://www.w3.org/1999/xhtml">kernel.modules_disabled = 1</html:pre>
       </description>
          <warning xmlns:xhtml="http://www.w3.org/1999/xhtml" xml:lang="en-US" category="general">This rule doesn't come with remediation. Remediating this rule during the installation process disrupts the install and boot process.</warning>
          <reference href="https://cyber.gouv.fr/sites/default/files/document/linux_configuration-en-v2.pdf">R10</reference>
          <rationale xmlns:xhtml="http://www.w3.org/1999/xhtml" xml:lang="en-US">Malicious kernel modules can have a significant impact on system security and
availability. Disabling loading of kernel modules prevents this threat. Note
that once this option has been set, it cannot be reverted without doing a
system reboot. Make sure that all needed kernel modules are loaded before
setting this option.</rationale>
          <platform idref="#system_with_kernel"/>
          <ident system="https://ncp.nist.gov/cce">CCE-91256-8</ident>
          <check system="http://open-scap.org/page/SCE">
            <check-import import-name="stdout">
                </check-import>
            <check-content-ref href="sle15/checks/sce/sysctl_kernel_modules_disabled.sh"/>
          </check>
          <check system="http://oval.mitre.org/XMLSchema/oval-definitions-5">
            <check-content-ref name="oval:ssg-sysctl_kernel_modules_disabled:def:1" href="ssg-sle15-oval.xml"/>
          </check>
          <check system="http://scap.nist.gov/schema/ocil/2">
            <check-content-ref name="ocil:ssg-sysctl_kernel_modules_disabled_ocil:questionnaire:1" href="ssg-sle15-ocil.xml"/>
          </check>
        </Rule>
        <Rule id="xccdf_org.ssgproject.content_rule_sysctl_kernel_panic_on_oops" selected="false" role="full" severity="medium">
          <title xmlns:xhtml="http://www.w3.org/1999/xhtml" xml:lang="en-US">Kernel panic on oops</title>
          <description xmlns:xhtml="http://www.w3.org/1999/xhtml" xml:lang="en-US">To set the runtime status of the <html:code xmlns:html="http://www.w3.org/1999/xhtml">kernel.panic_on_oops</html:code> kernel parameter, run the following command: <html:pre xmlns:html="http://www.w3.org/1999/xhtml">$ sudo sysctl -w kernel.panic_on_oops=1</html:pre>
To make sure that the setting is persistent, add the following line to a file in the directory <html:code xmlns:html="http://www.w3.org/1999/xhtml">/etc/sysctl.d</html:code>: <html:pre xmlns:html="http://www.w3.org/1999/xhtml">kernel.panic_on_oops = 1</html:pre>
       </description>
          <warning xmlns:xhtml="http://www.w3.org/1999/xhtml" xml:lang="en-US" category="functionality">The system may start to panic when it normally wouldn't. A non-catastrophic error that
would have allowed the system to continue operating will now result in a panic.</warning>
          <reference href="https://cyber.gouv.fr/sites/default/files/document/linux_configuration-en-v2.pdf">R9</reference>
          <rationale xmlns:xhtml="http://www.w3.org/1999/xhtml" xml:lang="en-US">An attacker trying to exploit the kernel may trigger kernel OOPSes,
panicking the system will impede them from continuing.</rationale>
          <platform idref="#system_with_kernel"/>
          <fix xmlns:xhtml="http://www.w3.org/1999/xhtml" id="sysctl_kernel_panic_on_oops" system="urn:xccdf:fix:script:sh" reboot="true" complexity="low" disruption="medium" strategy="disable"># Remediation is applicable only in certain platforms
if rpm --quiet -q kernel-default || rpm --quiet -q kernel-default-base; then

# Comment out any occurrences of kernel.panic_on_oops from /etc/sysctl.d/*.conf files

for f in /etc/sysctl.d/*.conf /run/sysctl.d/*.conf /usr/local/lib/sysctl.d/*.conf /lib/sysctl.d/*.conf; do


  # skip systemd-sysctl symlink (/etc/sysctl.d/99-sysctl.conf -&gt; /etc/sysctl.conf)
  if [[ "$(readlink -f "$f")" == "/etc/sysctl.conf" ]]; then continue; fi

  matching_list=$(grep -P '^(?!#).*[\s]*kernel.panic_on_oops.*$' $f | uniq )
  if ! test -z "$matching_list"; then
    while IFS= read -r entry; do
      escaped_entry=$(sed -e 's|/|\\/|g' &lt;&lt;&lt; "$entry")
      # comment out "kernel.panic_on_oops" matches to preserve user data
      sed -i --follow-symlinks "s/^${escaped_entry}$/# &amp;/g" $f
    done &lt;&lt;&lt; "$matching_list"
  fi
done

#
# Set sysctl config file which to save the desired value
#

SYSCONFIG_FILE='/etc/sysctl.d/kernel_panic_on_oops.conf'


#
# Set runtime for kernel.panic_on_oops
#
if ! { rpm --quiet -q kernel rpm-ostree bootc &amp;&amp; ! rpm --quiet -q openshift-kubelet &amp;&amp; { [ -f "/run/.containerenv" ] || [ -f "/.containerenv" ]; }; } ; then
    /sbin/sysctl -q -n -w kernel.panic_on_oops="1"
fi

#
# If kernel.panic_on_oops present in /etc/sysctl.conf, change value to "1"
#	else, add "kernel.panic_on_oops = 1" to /etc/sysctl.conf
#

sed -i "/^$SYSCONFIG_VAR/d" /etc/sysctl.conf

# Strip any search characters in the key arg so that the key can be replaced without
# adding any search characters to the config file.
stripped_key=$(sed 's/[\^=\$,;+]*//g' &lt;&lt;&lt; "^kernel.panic_on_oops")

# shellcheck disable=SC2059
printf -v formatted_output "%s = %s" "$stripped_key" "1"

# If the key exists, change it. Otherwise, add it to the config_file.
# We search for the key string followed by a word boundary (matched by \&gt;),
# so if we search for 'setting', 'setting2' won't match.
if LC_ALL=C grep -q -m 1 -i -e "^kernel.panic_on_oops\\&gt;" "${SYSCONFIG_FILE}"; then
    escaped_formatted_output=$(sed -e 's|/|\\/|g' &lt;&lt;&lt; "$formatted_output")
    LC_ALL=C sed -i --follow-symlinks "s/^kernel.panic_on_oops\\&gt;.*/$escaped_formatted_output/gi" "${SYSCONFIG_FILE}"
else
    if [[ -s "${SYSCONFIG_FILE}" ]] &amp;&amp; [[ -n "$(tail -c 1 -- "${SYSCONFIG_FILE}" || true)" ]]; then
        LC_ALL=C sed -i --follow-symlinks '$a'\\ "${SYSCONFIG_FILE}"
    fi
    printf '%s\n' "$formatted_output" &gt;&gt; "${SYSCONFIG_FILE}"
fi

else
    &gt;&amp;2 echo 'Remediation is not applicable, nothing was done'
fi
</fix>
          <fix xmlns:xhtml="http://www.w3.org/1999/xhtml" id="sysctl_kernel_panic_on_oops" system="urn:xccdf:fix:script:ansible" reboot="true" complexity="low" disruption="medium" strategy="disable">- name: Gather the package facts
  package_facts:
    manager: auto
  tags:
  - disable_strategy
  - low_complexity
  - medium_disruption
  - medium_severity
  - reboot_required
  - sysctl_kernel_panic_on_oops

- name: Kernel panic on oops - Set fact for sysctl paths
  ansible.builtin.set_fact:
    sysctl_paths:
    - /run/sysctl.d/
    - /etc/sysctl.d/
    - /usr/local/lib/sysctl.d/
    - /lib/sysctl.d/
  when: ("kernel-default" in ansible_facts.packages or "kernel-default-base" in ansible_facts.packages)
  tags:
  - disable_strategy
  - low_complexity
  - medium_disruption
  - medium_severity
  - reboot_required
  - sysctl_kernel_panic_on_oops

- name: Kernel panic on oops - Find all files that contain kernel.panic_on_oops
  ansible.builtin.shell:
    cmd: find -L {{ sysctl_paths | join(" ") }} -type f -name '*.conf' | xargs grep
      -HP '^\s*kernel.panic_on_oops\s*=\s*.*$'
  register: find_all_values
  check_mode: false
  changed_when: false
  failed_when: false
  when: ("kernel-default" in ansible_facts.packages or "kernel-default-base" in ansible_facts.packages)
  tags:
  - disable_strategy
  - low_complexity
  - medium_disruption
  - medium_severity
  - reboot_required
  - sysctl_kernel_panic_on_oops

- name: Kernel panic on oops - Find all files that set kernel.panic_on_oops to correct
    value
  ansible.builtin.shell:
    cmd: find -L {{ sysctl_paths | join(" ") }} -type f -name '*.conf' | xargs grep
      -HP '^\s*kernel.panic_on_oops\s*=\s*1$'
  register: find_correct_value
  check_mode: false
  changed_when: false
  failed_when: false
  when: ("kernel-default" in ansible_facts.packages or "kernel-default-base" in ansible_facts.packages)
  tags:
  - disable_strategy
  - low_complexity
  - medium_disruption
  - medium_severity
  - reboot_required
  - sysctl_kernel_panic_on_oops

- name: Kernel panic on oops - Comment out any occurrences of kernel.panic_on_oops
    from config files
  ansible.builtin.replace:
    path: '{{ item | split(":") | first }}'
    regexp: ^[\s]*kernel.panic_on_oops
    replace: '#kernel.panic_on_oops'
  loop: '{{ find_all_values.stdout_lines }}'
  when:
  - ("kernel-default" in ansible_facts.packages or "kernel-default-base" in ansible_facts.packages)
  - find_correct_value.stdout_lines | length == 0 or find_all_values.stdout_lines
    | length &gt; find_correct_value.stdout_lines | length
  tags:
  - disable_strategy
  - low_complexity
  - medium_disruption
  - medium_severity
  - reboot_required
  - sysctl_kernel_panic_on_oops

- name: Kernel panic on oops - Comment out any occurrences of kernel.panic_on_oops
    from /etc/sysctl.conf
  ansible.builtin.replace:
    path: /etc/sysctl.conf
    regexp: ^[\s]*kernel.panic_on_oops
    replace: '#kernel.panic_on_oops'
  when: ("kernel-default" in ansible_facts.packages or "kernel-default-base" in ansible_facts.packages)
  tags:
  - disable_strategy
  - low_complexity
  - medium_disruption
  - medium_severity
  - reboot_required
  - sysctl_kernel_panic_on_oops

- name: Kernel panic on oops - Ensure sysctl kernel.panic_on_oops is set to 1
  ansible.posix.sysctl:
    name: kernel.panic_on_oops
    value: '1'
    sysctl_file: /etc/sysctl.d/kernel_panic_on_oops.conf
    state: present
    reload: true
  when: ("kernel-default" in ansible_facts.packages or "kernel-default-base" in ansible_facts.packages)
  tags:
  - disable_strategy
  - low_complexity
  - medium_disruption
  - medium_severity
  - reboot_required
  - sysctl_kernel_panic_on_oops
</fix>
          <check system="http://open-scap.org/page/SCE">
            <check-import import-name="stdout">
                </check-import>
            <check-content-ref href="sle15/checks/sce/sysctl_kernel_panic_on_oops.sh"/>
          </check>
          <check system="http://oval.mitre.org/XMLSchema/oval-definitions-5">
            <check-content-ref name="oval:ssg-sysctl_kernel_panic_on_oops:def:1" href="ssg-sle15-oval.xml"/>
          </check>
          <check system="http://scap.nist.gov/schema/ocil/2">
            <check-content-ref name="ocil:ssg-sysctl_kernel_panic_on_oops_ocil:questionnaire:1" href="ssg-sle15-ocil.xml"/>
          </check>
        </Rule>
        <Rule id="xccdf_org.ssgproject.content_rule_sysctl_kernel_perf_cpu_time_max_percent" selected="false" role="full" severity="medium">
          <title xmlns:xhtml="http://www.w3.org/1999/xhtml" xml:lang="en-US">Limit CPU consumption of the Perf system</title>
          <description xmlns:xhtml="http://www.w3.org/1999/xhtml" xml:lang="en-US">To set the runtime status of the <html:code xmlns:html="http://www.w3.org/1999/xhtml">kernel.perf_cpu_time_max_percent</html:code> kernel parameter, run the following command: <html:pre xmlns:html="http://www.w3.org/1999/xhtml">$ sudo sysctl -w kernel.perf_cpu_time_max_percent=1</html:pre>
To make sure that the setting is persistent, add the following line to a file in the directory <html:code xmlns:html="http://www.w3.org/1999/xhtml">/etc/sysctl.d</html:code>: <html:pre xmlns:html="http://www.w3.org/1999/xhtml">kernel.perf_cpu_time_max_percent = 1</html:pre>
       </description>
          <reference href="https://cyber.gouv.fr/sites/default/files/document/linux_configuration-en-v2.pdf">R9</reference>
          <rationale xmlns:xhtml="http://www.w3.org/1999/xhtml" xml:lang="en-US">The <html:code xmlns:html="http://www.w3.org/1999/xhtml">kernel.perf_cpu_time_max_percent</html:code> configures a threshold of
maximum percentile of CPU that can be used by Perf system. Restricting usage
of <html:code xmlns:html="http://www.w3.org/1999/xhtml">Perf</html:code> system decreases risk of potential availability problems.</rationale>
          <platform idref="#system_with_kernel"/>
          <ident system="https://ncp.nist.gov/cce">CCE-91257-6</ident>
          <fix xmlns:xhtml="http://www.w3.org/1999/xhtml" id="sysctl_kernel_perf_cpu_time_max_percent" system="urn:xccdf:fix:script:sh" reboot="true" complexity="low" disruption="medium" strategy="disable"># Remediation is applicable only in certain platforms
if rpm --quiet -q kernel-default || rpm --quiet -q kernel-default-base; then

# Comment out any occurrences of kernel.perf_cpu_time_max_percent from /etc/sysctl.d/*.conf files

for f in /etc/sysctl.d/*.conf /run/sysctl.d/*.conf /usr/local/lib/sysctl.d/*.conf /lib/sysctl.d/*.conf; do


  # skip systemd-sysctl symlink (/etc/sysctl.d/99-sysctl.conf -&gt; /etc/sysctl.conf)
  if [[ "$(readlink -f "$f")" == "/etc/sysctl.conf" ]]; then continue; fi

  matching_list=$(grep -P '^(?!#).*[\s]*kernel.perf_cpu_time_max_percent.*$' $f | uniq )
  if ! test -z "$matching_list"; then
    while IFS= read -r entry; do
      escaped_entry=$(sed -e 's|/|\\/|g' &lt;&lt;&lt; "$entry")
      # comment out "kernel.perf_cpu_time_max_percent" matches to preserve user data
      sed -i --follow-symlinks "s/^${escaped_entry}$/# &amp;/g" $f
    done &lt;&lt;&lt; "$matching_list"
  fi
done

#
# Set sysctl config file which to save the desired value
#

SYSCONFIG_FILE='/etc/sysctl.d/kernel_perf_cpu_time_max_percent.conf'


#
# Set runtime for kernel.perf_cpu_time_max_percent
#
if ! { rpm --quiet -q kernel rpm-ostree bootc &amp;&amp; ! rpm --quiet -q openshift-kubelet &amp;&amp; { [ -f "/run/.containerenv" ] || [ -f "/.containerenv" ]; }; } ; then
    /sbin/sysctl -q -n -w kernel.perf_cpu_time_max_percent="1"
fi

#
# If kernel.perf_cpu_time_max_percent present in /etc/sysctl.conf, change value to "1"
#	else, add "kernel.perf_cpu_time_max_percent = 1" to /etc/sysctl.conf
#

sed -i "/^$SYSCONFIG_VAR/d" /etc/sysctl.conf

# Strip any search characters in the key arg so that the key can be replaced without
# adding any search characters to the config file.
stripped_key=$(sed 's/[\^=\$,;+]*//g' &lt;&lt;&lt; "^kernel.perf_cpu_time_max_percent")

# shellcheck disable=SC2059
printf -v formatted_output "%s = %s" "$stripped_key" "1"

# If the key exists, change it. Otherwise, add it to the config_file.
# We search for the key string followed by a word boundary (matched by \&gt;),
# so if we search for 'setting', 'setting2' won't match.
if LC_ALL=C grep -q -m 1 -i -e "^kernel.perf_cpu_time_max_percent\\&gt;" "${SYSCONFIG_FILE}"; then
    escaped_formatted_output=$(sed -e 's|/|\\/|g' &lt;&lt;&lt; "$formatted_output")
    LC_ALL=C sed -i --follow-symlinks "s/^kernel.perf_cpu_time_max_percent\\&gt;.*/$escaped_formatted_output/gi" "${SYSCONFIG_FILE}"
else
    if [[ -s "${SYSCONFIG_FILE}" ]] &amp;&amp; [[ -n "$(tail -c 1 -- "${SYSCONFIG_FILE}" || true)" ]]; then
        LC_ALL=C sed -i --follow-symlinks '$a'\\ "${SYSCONFIG_FILE}"
    fi
    cce="CCE-91257-6"
    printf '# Per %s: Set %s in %s\n' "${cce}" "${formatted_output}" "${SYSCONFIG_FILE}" &gt;&gt; "${SYSCONFIG_FILE}"
    printf '%s\n' "$formatted_output" &gt;&gt; "${SYSCONFIG_FILE}"
fi

else
    &gt;&amp;2 echo 'Remediation is not applicable, nothing was done'
fi
</fix>
          <fix xmlns:xhtml="http://www.w3.org/1999/xhtml" id="sysctl_kernel_perf_cpu_time_max_percent" system="urn:xccdf:fix:script:ansible" reboot="true" complexity="low" disruption="medium" strategy="disable">- name: Gather the package facts
  package_facts:
    manager: auto
  tags:
  - CCE-91257-6
  - disable_strategy
  - low_complexity
  - medium_disruption
  - medium_severity
  - reboot_required
  - sysctl_kernel_perf_cpu_time_max_percent

- name: Limit CPU consumption of the Perf system - Set fact for sysctl paths
  ansible.builtin.set_fact:
    sysctl_paths:
    - /run/sysctl.d/
    - /etc/sysctl.d/
    - /usr/local/lib/sysctl.d/
    - /lib/sysctl.d/
  when: ("kernel-default" in ansible_facts.packages or "kernel-default-base" in ansible_facts.packages)
  tags:
  - CCE-91257-6
  - disable_strategy
  - low_complexity
  - medium_disruption
  - medium_severity
  - reboot_required
  - sysctl_kernel_perf_cpu_time_max_percent

- name: Limit CPU consumption of the Perf system - Find all files that contain kernel.perf_cpu_time_max_percent
  ansible.builtin.shell:
    cmd: find -L {{ sysctl_paths | join(" ") }} -type f -name '*.conf' | xargs grep
      -HP '^\s*kernel.perf_cpu_time_max_percent\s*=\s*.*$'
  register: find_all_values
  check_mode: false
  changed_when: false
  failed_when: false
  when: ("kernel-default" in ansible_facts.packages or "kernel-default-base" in ansible_facts.packages)
  tags:
  - CCE-91257-6
  - disable_strategy
  - low_complexity
  - medium_disruption
  - medium_severity
  - reboot_required
  - sysctl_kernel_perf_cpu_time_max_percent

- name: Limit CPU consumption of the Perf system - Find all files that set kernel.perf_cpu_time_max_percent
    to correct value
  ansible.builtin.shell:
    cmd: find -L {{ sysctl_paths | join(" ") }} -type f -name '*.conf' | xargs grep
      -HP '^\s*kernel.perf_cpu_time_max_percent\s*=\s*1$'
  register: find_correct_value
  check_mode: false
  changed_when: false
  failed_when: false
  when: ("kernel-default" in ansible_facts.packages or "kernel-default-base" in ansible_facts.packages)
  tags:
  - CCE-91257-6
  - disable_strategy
  - low_complexity
  - medium_disruption
  - medium_severity
  - reboot_required
  - sysctl_kernel_perf_cpu_time_max_percent

- name: Limit CPU consumption of the Perf system - Comment out any occurrences of
    kernel.perf_cpu_time_max_percent from config files
  ansible.builtin.replace:
    path: '{{ item | split(":") | first }}'
    regexp: ^[\s]*kernel.perf_cpu_time_max_percent
    replace: '#kernel.perf_cpu_time_max_percent'
  loop: '{{ find_all_values.stdout_lines }}'
  when:
  - ("kernel-default" in ansible_facts.packages or "kernel-default-base" in ansible_facts.packages)
  - find_correct_value.stdout_lines | length == 0 or find_all_values.stdout_lines
    | length &gt; find_correct_value.stdout_lines | length
  tags:
  - CCE-91257-6
  - disable_strategy
  - low_complexity
  - medium_disruption
  - medium_severity
  - reboot_required
  - sysctl_kernel_perf_cpu_time_max_percent

- name: Limit CPU consumption of the Perf system - Comment out any occurrences of
    kernel.perf_cpu_time_max_percent from /etc/sysctl.conf
  ansible.builtin.replace:
    path: /etc/sysctl.conf
    regexp: ^[\s]*kernel.perf_cpu_time_max_percent
    replace: '#kernel.perf_cpu_time_max_percent'
  when: ("kernel-default" in ansible_facts.packages or "kernel-default-base" in ansible_facts.packages)
  tags:
  - CCE-91257-6
  - disable_strategy
  - low_complexity
  - medium_disruption
  - medium_severity
  - reboot_required
  - sysctl_kernel_perf_cpu_time_max_percent

- name: Limit CPU consumption of the Perf system - Ensure sysctl kernel.perf_cpu_time_max_percent
    is set to 1
  ansible.posix.sysctl:
    name: kernel.perf_cpu_time_max_percent
    value: '1'
    sysctl_file: /etc/sysctl.d/kernel_perf_cpu_time_max_percent.conf
    state: present
    reload: true
  when: ("kernel-default" in ansible_facts.packages or "kernel-default-base" in ansible_facts.packages)
  tags:
  - CCE-91257-6
  - disable_strategy
  - low_complexity
  - medium_disruption
  - medium_severity
  - reboot_required
  - sysctl_kernel_perf_cpu_time_max_percent
</fix>
          <check system="http://open-scap.org/page/SCE">
            <check-import import-name="stdout">
                </check-import>
            <check-content-ref href="sle15/checks/sce/sysctl_kernel_perf_cpu_time_max_percent.sh"/>
          </check>
          <check system="http://oval.mitre.org/XMLSchema/oval-definitions-5">
            <check-content-ref name="oval:ssg-sysctl_kernel_perf_cpu_time_max_percent:def:1" href="ssg-sle15-oval.xml"/>
          </check>
          <check system="http://scap.nist.gov/schema/ocil/2">
            <check-content-ref name="ocil:ssg-sysctl_kernel_perf_cpu_time_max_percent_ocil:questionnaire:1" href="ssg-sle15-ocil.xml"/>
          </check>
        </Rule>
        <Rule id="xccdf_org.ssgproject.content_rule_sysctl_kernel_perf_event_max_sample_rate" selected="false" role="full" severity="medium">
          <title xmlns:xhtml="http://www.w3.org/1999/xhtml" xml:lang="en-US">Limit sampling frequency of the Perf system</title>
          <description xmlns:xhtml="http://www.w3.org/1999/xhtml" xml:lang="en-US">To set the runtime status of the <html:code xmlns:html="http://www.w3.org/1999/xhtml">kernel.perf_event_max_sample_rate</html:code> kernel parameter, run the following command: <html:pre xmlns:html="http://www.w3.org/1999/xhtml">$ sudo sysctl -w kernel.perf_event_max_sample_rate=1</html:pre>
To make sure that the setting is persistent, add the following line to a file in the directory <html:code xmlns:html="http://www.w3.org/1999/xhtml">/etc/sysctl.d</html:code>: <html:pre xmlns:html="http://www.w3.org/1999/xhtml">kernel.perf_event_max_sample_rate = 1</html:pre>
       </description>
          <reference href="https://cyber.gouv.fr/sites/default/files/document/linux_configuration-en-v2.pdf">R9</reference>
          <rationale xmlns:xhtml="http://www.w3.org/1999/xhtml" xml:lang="en-US">The <html:code xmlns:html="http://www.w3.org/1999/xhtml">kernel.perf_event_max_sample_rate</html:code> parameter configures maximum
frequency of collecting of samples for the Perf system. It is expressed in
samples per second. Restricting usage of <html:code xmlns:html="http://www.w3.org/1999/xhtml">Perf</html:code> system decreases risk
of potential availability problems.</rationale>
          <platform idref="#system_with_kernel"/>
          <ident system="https://ncp.nist.gov/cce">CCE-91259-2</ident>
          <fix xmlns:xhtml="http://www.w3.org/1999/xhtml" id="sysctl_kernel_perf_event_max_sample_rate" system="urn:xccdf:fix:script:sh" reboot="true" complexity="low" disruption="medium" strategy="disable"># Remediation is applicable only in certain platforms
if rpm --quiet -q kernel-default || rpm --quiet -q kernel-default-base; then

# Comment out any occurrences of kernel.perf_event_max_sample_rate from /etc/sysctl.d/*.conf files

for f in /etc/sysctl.d/*.conf /run/sysctl.d/*.conf /usr/local/lib/sysctl.d/*.conf /lib/sysctl.d/*.conf; do


  # skip systemd-sysctl symlink (/etc/sysctl.d/99-sysctl.conf -&gt; /etc/sysctl.conf)
  if [[ "$(readlink -f "$f")" == "/etc/sysctl.conf" ]]; then continue; fi

  matching_list=$(grep -P '^(?!#).*[\s]*kernel.perf_event_max_sample_rate.*$' $f | uniq )
  if ! test -z "$matching_list"; then
    while IFS= read -r entry; do
      escaped_entry=$(sed -e 's|/|\\/|g' &lt;&lt;&lt; "$entry")
      # comment out "kernel.perf_event_max_sample_rate" matches to preserve user data
      sed -i --follow-symlinks "s/^${escaped_entry}$/# &amp;/g" $f
    done &lt;&lt;&lt; "$matching_list"
  fi
done

#
# Set sysctl config file which to save the desired value
#

SYSCONFIG_FILE='/etc/sysctl.d/kernel_perf_event_max_sample_rate.conf'


#
# Set runtime for kernel.perf_event_max_sample_rate
#
if ! { rpm --quiet -q kernel rpm-ostree bootc &amp;&amp; ! rpm --quiet -q openshift-kubelet &amp;&amp; { [ -f "/run/.containerenv" ] || [ -f "/.containerenv" ]; }; } ; then
    /sbin/sysctl -q -n -w kernel.perf_event_max_sample_rate="1"
fi

#
# If kernel.perf_event_max_sample_rate present in /etc/sysctl.conf, change value to "1"
#	else, add "kernel.perf_event_max_sample_rate = 1" to /etc/sysctl.conf
#

sed -i "/^$SYSCONFIG_VAR/d" /etc/sysctl.conf

# Strip any search characters in the key arg so that the key can be replaced without
# adding any search characters to the config file.
stripped_key=$(sed 's/[\^=\$,;+]*//g' &lt;&lt;&lt; "^kernel.perf_event_max_sample_rate")

# shellcheck disable=SC2059
printf -v formatted_output "%s = %s" "$stripped_key" "1"

# If the key exists, change it. Otherwise, add it to the config_file.
# We search for the key string followed by a word boundary (matched by \&gt;),
# so if we search for 'setting', 'setting2' won't match.
if LC_ALL=C grep -q -m 1 -i -e "^kernel.perf_event_max_sample_rate\\&gt;" "${SYSCONFIG_FILE}"; then
    escaped_formatted_output=$(sed -e 's|/|\\/|g' &lt;&lt;&lt; "$formatted_output")
    LC_ALL=C sed -i --follow-symlinks "s/^kernel.perf_event_max_sample_rate\\&gt;.*/$escaped_formatted_output/gi" "${SYSCONFIG_FILE}"
else
    if [[ -s "${SYSCONFIG_FILE}" ]] &amp;&amp; [[ -n "$(tail -c 1 -- "${SYSCONFIG_FILE}" || true)" ]]; then
        LC_ALL=C sed -i --follow-symlinks '$a'\\ "${SYSCONFIG_FILE}"
    fi
    cce="CCE-91259-2"
    printf '# Per %s: Set %s in %s\n' "${cce}" "${formatted_output}" "${SYSCONFIG_FILE}" &gt;&gt; "${SYSCONFIG_FILE}"
    printf '%s\n' "$formatted_output" &gt;&gt; "${SYSCONFIG_FILE}"
fi

else
    &gt;&amp;2 echo 'Remediation is not applicable, nothing was done'
fi
</fix>
          <fix xmlns:xhtml="http://www.w3.org/1999/xhtml" id="sysctl_kernel_perf_event_max_sample_rate" system="urn:xccdf:fix:script:ansible" reboot="true" complexity="low" disruption="medium" strategy="disable">- name: Gather the package facts
  package_facts:
    manager: auto
  tags:
  - CCE-91259-2
  - disable_strategy
  - low_complexity
  - medium_disruption
  - medium_severity
  - reboot_required
  - sysctl_kernel_perf_event_max_sample_rate

- name: Limit sampling frequency of the Perf system - Set fact for sysctl paths
  ansible.builtin.set_fact:
    sysctl_paths:
    - /run/sysctl.d/
    - /etc/sysctl.d/
    - /usr/local/lib/sysctl.d/
    - /lib/sysctl.d/
  when: ("kernel-default" in ansible_facts.packages or "kernel-default-base" in ansible_facts.packages)
  tags:
  - CCE-91259-2
  - disable_strategy
  - low_complexity
  - medium_disruption
  - medium_severity
  - reboot_required
  - sysctl_kernel_perf_event_max_sample_rate

- name: Limit sampling frequency of the Perf system - Find all files that contain
    kernel.perf_event_max_sample_rate
  ansible.builtin.shell:
    cmd: find -L {{ sysctl_paths | join(" ") }} -type f -name '*.conf' | xargs grep
      -HP '^\s*kernel.perf_event_max_sample_rate\s*=\s*.*$'
  register: find_all_values
  check_mode: false
  changed_when: false
  failed_when: false
  when: ("kernel-default" in ansible_facts.packages or "kernel-default-base" in ansible_facts.packages)
  tags:
  - CCE-91259-2
  - disable_strategy
  - low_complexity
  - medium_disruption
  - medium_severity
  - reboot_required
  - sysctl_kernel_perf_event_max_sample_rate

- name: Limit sampling frequency of the Perf system - Find all files that set kernel.perf_event_max_sample_rate
    to correct value
  ansible.builtin.shell:
    cmd: find -L {{ sysctl_paths | join(" ") }} -type f -name '*.conf' | xargs grep
      -HP '^\s*kernel.perf_event_max_sample_rate\s*=\s*1$'
  register: find_correct_value
  check_mode: false
  changed_when: false
  failed_when: false
  when: ("kernel-default" in ansible_facts.packages or "kernel-default-base" in ansible_facts.packages)
  tags:
  - CCE-91259-2
  - disable_strategy
  - low_complexity
  - medium_disruption
  - medium_severity
  - reboot_required
  - sysctl_kernel_perf_event_max_sample_rate

- name: Limit sampling frequency of the Perf system - Comment out any occurrences
    of kernel.perf_event_max_sample_rate from config files
  ansible.builtin.replace:
    path: '{{ item | split(":") | first }}'
    regexp: ^[\s]*kernel.perf_event_max_sample_rate
    replace: '#kernel.perf_event_max_sample_rate'
  loop: '{{ find_all_values.stdout_lines }}'
  when:
  - ("kernel-default" in ansible_facts.packages or "kernel-default-base" in ansible_facts.packages)
  - find_correct_value.stdout_lines | length == 0 or find_all_values.stdout_lines
    | length &gt; find_correct_value.stdout_lines | length
  tags:
  - CCE-91259-2
  - disable_strategy
  - low_complexity
  - medium_disruption
  - medium_severity
  - reboot_required
  - sysctl_kernel_perf_event_max_sample_rate

- name: Limit sampling frequency of the Perf system - Comment out any occurrences
    of kernel.perf_event_max_sample_rate from /etc/sysctl.conf
  ansible.builtin.replace:
    path: /etc/sysctl.conf
    regexp: ^[\s]*kernel.perf_event_max_sample_rate
    replace: '#kernel.perf_event_max_sample_rate'
  when: ("kernel-default" in ansible_facts.packages or "kernel-default-base" in ansible_facts.packages)
  tags:
  - CCE-91259-2
  - disable_strategy
  - low_complexity
  - medium_disruption
  - medium_severity
  - reboot_required
  - sysctl_kernel_perf_event_max_sample_rate

- name: Limit sampling frequency of the Perf system - Ensure sysctl kernel.perf_event_max_sample_rate
    is set to 1
  ansible.posix.sysctl:
    name: kernel.perf_event_max_sample_rate
    value: '1'
    sysctl_file: /etc/sysctl.d/kernel_perf_event_max_sample_rate.conf
    state: present
    reload: true
  when: ("kernel-default" in ansible_facts.packages or "kernel-default-base" in ansible_facts.packages)
  tags:
  - CCE-91259-2
  - disable_strategy
  - low_complexity
  - medium_disruption
  - medium_severity
  - reboot_required
  - sysctl_kernel_perf_event_max_sample_rate
</fix>
          <check system="http://open-scap.org/page/SCE">
            <check-import import-name="stdout">
                </check-import>
            <check-content-ref href="sle15/checks/sce/sysctl_kernel_perf_event_max_sample_rate.sh"/>
          </check>
          <check system="http://oval.mitre.org/XMLSchema/oval-definitions-5">
            <check-content-ref name="oval:ssg-sysctl_kernel_perf_event_max_sample_rate:def:1" href="ssg-sle15-oval.xml"/>
          </check>
          <check system="http://scap.nist.gov/schema/ocil/2">
            <check-content-ref name="ocil:ssg-sysctl_kernel_perf_event_max_sample_rate_ocil:questionnaire:1" href="ssg-sle15-ocil.xml"/>
          </check>
        </Rule>
        <Rule id="xccdf_org.ssgproject.content_rule_sysctl_kernel_perf_event_paranoid" selected="false" role="full" severity="low">
          <title xmlns:xhtml="http://www.w3.org/1999/xhtml" xml:lang="en-US">Disallow kernel profiling by unprivileged users</title>
          <description xmlns:xhtml="http://www.w3.org/1999/xhtml" xml:lang="en-US">To set the runtime status of the <html:code xmlns:html="http://www.w3.org/1999/xhtml">kernel.perf_event_paranoid</html:code> kernel parameter, run the following command: <html:pre xmlns:html="http://www.w3.org/1999/xhtml">$ sudo sysctl -w kernel.perf_event_paranoid=2</html:pre>
To make sure that the setting is persistent, add the following line to a file in the directory <html:code xmlns:html="http://www.w3.org/1999/xhtml">/etc/sysctl.d</html:code>: <html:pre xmlns:html="http://www.w3.org/1999/xhtml">kernel.perf_event_paranoid = 2</html:pre>
       </description>
          <reference href="http://nvlpubs.nist.gov/nistpubs/SpecialPublications/NIST.SP.800-53r4.pdf">AC-6</reference>
          <reference href="https://www.niap-ccevs.org/Profile/PP.cfm">FMT_SMF_EXT.1</reference>
          <reference href="https://www.cyber.mil/stigs/downloads/?_dl_facet_stigs=operating-systems%2Cgeneral-purpose-os">SRG-OS-000132-GPOS-00067</reference>
          <reference href="https://www.cyber.mil/stigs/downloads/?_dl_facet_stigs=operating-systems%2Cgeneral-purpose-os">SRG-OS-000138-GPOS-00069</reference>
          <reference href="https://www.cyber.mil/stigs/downloads/?_dl_facet_stigs=app-security">SRG-APP-000243-CTR-000600</reference>
          <reference href="https://cyber.gouv.fr/sites/default/files/document/linux_configuration-en-v2.pdf">R9</reference>
          <rationale xmlns:xhtml="http://www.w3.org/1999/xhtml" xml:lang="en-US">Kernel profiling can reveal sensitive information about kernel behaviour.</rationale>
          <platform idref="#system_with_kernel"/>
          <ident system="https://ncp.nist.gov/cce">CCE-91258-4</ident>
          <fix xmlns:xhtml="http://www.w3.org/1999/xhtml" id="sysctl_kernel_perf_event_paranoid" system="urn:xccdf:fix:script:sh" reboot="true" complexity="low" disruption="medium" strategy="disable"># Remediation is applicable only in certain platforms
if rpm --quiet -q kernel-default || rpm --quiet -q kernel-default-base; then

# Comment out any occurrences of kernel.perf_event_paranoid from /etc/sysctl.d/*.conf files

for f in /etc/sysctl.d/*.conf /run/sysctl.d/*.conf /usr/local/lib/sysctl.d/*.conf /lib/sysctl.d/*.conf; do


  # skip systemd-sysctl symlink (/etc/sysctl.d/99-sysctl.conf -&gt; /etc/sysctl.conf)
  if [[ "$(readlink -f "$f")" == "/etc/sysctl.conf" ]]; then continue; fi

  matching_list=$(grep -P '^(?!#).*[\s]*kernel.perf_event_paranoid.*$' $f | uniq )
  if ! test -z "$matching_list"; then
    while IFS= read -r entry; do
      escaped_entry=$(sed -e 's|/|\\/|g' &lt;&lt;&lt; "$entry")
      # comment out "kernel.perf_event_paranoid" matches to preserve user data
      sed -i --follow-symlinks "s/^${escaped_entry}$/# &amp;/g" $f
    done &lt;&lt;&lt; "$matching_list"
  fi
done

#
# Set sysctl config file which to save the desired value
#

SYSCONFIG_FILE='/etc/sysctl.d/kernel_perf_event_paranoid.conf'


#
# Set runtime for kernel.perf_event_paranoid
#
if ! { rpm --quiet -q kernel rpm-ostree bootc &amp;&amp; ! rpm --quiet -q openshift-kubelet &amp;&amp; { [ -f "/run/.containerenv" ] || [ -f "/.containerenv" ]; }; } ; then
    /sbin/sysctl -q -n -w kernel.perf_event_paranoid="2"
fi

#
# If kernel.perf_event_paranoid present in /etc/sysctl.conf, change value to "2"
#	else, add "kernel.perf_event_paranoid = 2" to /etc/sysctl.conf
#

sed -i "/^$SYSCONFIG_VAR/d" /etc/sysctl.conf

# Strip any search characters in the key arg so that the key can be replaced without
# adding any search characters to the config file.
stripped_key=$(sed 's/[\^=\$,;+]*//g' &lt;&lt;&lt; "^kernel.perf_event_paranoid")

# shellcheck disable=SC2059
printf -v formatted_output "%s = %s" "$stripped_key" "2"

# If the key exists, change it. Otherwise, add it to the config_file.
# We search for the key string followed by a word boundary (matched by \&gt;),
# so if we search for 'setting', 'setting2' won't match.
if LC_ALL=C grep -q -m 1 -i -e "^kernel.perf_event_paranoid\\&gt;" "${SYSCONFIG_FILE}"; then
    escaped_formatted_output=$(sed -e 's|/|\\/|g' &lt;&lt;&lt; "$formatted_output")
    LC_ALL=C sed -i --follow-symlinks "s/^kernel.perf_event_paranoid\\&gt;.*/$escaped_formatted_output/gi" "${SYSCONFIG_FILE}"
else
    if [[ -s "${SYSCONFIG_FILE}" ]] &amp;&amp; [[ -n "$(tail -c 1 -- "${SYSCONFIG_FILE}" || true)" ]]; then
        LC_ALL=C sed -i --follow-symlinks '$a'\\ "${SYSCONFIG_FILE}"
    fi
    cce="CCE-91258-4"
    printf '# Per %s: Set %s in %s\n' "${cce}" "${formatted_output}" "${SYSCONFIG_FILE}" &gt;&gt; "${SYSCONFIG_FILE}"
    printf '%s\n' "$formatted_output" &gt;&gt; "${SYSCONFIG_FILE}"
fi

else
    &gt;&amp;2 echo 'Remediation is not applicable, nothing was done'
fi
</fix>
          <fix xmlns:xhtml="http://www.w3.org/1999/xhtml" id="sysctl_kernel_perf_event_paranoid" system="urn:xccdf:fix:script:ansible" reboot="true" complexity="low" disruption="medium" strategy="disable">- name: Gather the package facts
  package_facts:
    manager: auto
  tags:
  - CCE-91258-4
  - NIST-800-53-AC-6
  - disable_strategy
  - low_complexity
  - low_severity
  - medium_disruption
  - reboot_required
  - sysctl_kernel_perf_event_paranoid

- name: Disallow kernel profiling by unprivileged users - Set fact for sysctl paths
  ansible.builtin.set_fact:
    sysctl_paths:
    - /run/sysctl.d/
    - /etc/sysctl.d/
    - /usr/local/lib/sysctl.d/
    - /lib/sysctl.d/
  when: ("kernel-default" in ansible_facts.packages or "kernel-default-base" in ansible_facts.packages)
  tags:
  - CCE-91258-4
  - NIST-800-53-AC-6
  - disable_strategy
  - low_complexity
  - low_severity
  - medium_disruption
  - reboot_required
  - sysctl_kernel_perf_event_paranoid

- name: Disallow kernel profiling by unprivileged users - Find all files that contain
    kernel.perf_event_paranoid
  ansible.builtin.shell:
    cmd: find -L {{ sysctl_paths | join(" ") }} -type f -name '*.conf' | xargs grep
      -HP '^\s*kernel.perf_event_paranoid\s*=\s*.*$'
  register: find_all_values
  check_mode: false
  changed_when: false
  failed_when: false
  when: ("kernel-default" in ansible_facts.packages or "kernel-default-base" in ansible_facts.packages)
  tags:
  - CCE-91258-4
  - NIST-800-53-AC-6
  - disable_strategy
  - low_complexity
  - low_severity
  - medium_disruption
  - reboot_required
  - sysctl_kernel_perf_event_paranoid

- name: Disallow kernel profiling by unprivileged users - Find all files that set
    kernel.perf_event_paranoid to correct value
  ansible.builtin.shell:
    cmd: find -L {{ sysctl_paths | join(" ") }} -type f -name '*.conf' | xargs grep
      -HP '^\s*kernel.perf_event_paranoid\s*=\s*2$'
  register: find_correct_value
  check_mode: false
  changed_when: false
  failed_when: false
  when: ("kernel-default" in ansible_facts.packages or "kernel-default-base" in ansible_facts.packages)
  tags:
  - CCE-91258-4
  - NIST-800-53-AC-6
  - disable_strategy
  - low_complexity
  - low_severity
  - medium_disruption
  - reboot_required
  - sysctl_kernel_perf_event_paranoid

- name: Disallow kernel profiling by unprivileged users - Comment out any occurrences
    of kernel.perf_event_paranoid from config files
  ansible.builtin.replace:
    path: '{{ item | split(":") | first }}'
    regexp: ^[\s]*kernel.perf_event_paranoid
    replace: '#kernel.perf_event_paranoid'
  loop: '{{ find_all_values.stdout_lines }}'
  when:
  - ("kernel-default" in ansible_facts.packages or "kernel-default-base" in ansible_facts.packages)
  - find_correct_value.stdout_lines | length == 0 or find_all_values.stdout_lines
    | length &gt; find_correct_value.stdout_lines | length
  tags:
  - CCE-91258-4
  - NIST-800-53-AC-6
  - disable_strategy
  - low_complexity
  - low_severity
  - medium_disruption
  - reboot_required
  - sysctl_kernel_perf_event_paranoid

- name: Disallow kernel profiling by unprivileged users - Comment out any occurrences
    of kernel.perf_event_paranoid from /etc/sysctl.conf
  ansible.builtin.replace:
    path: /etc/sysctl.conf
    regexp: ^[\s]*kernel.perf_event_paranoid
    replace: '#kernel.perf_event_paranoid'
  when: ("kernel-default" in ansible_facts.packages or "kernel-default-base" in ansible_facts.packages)
  tags:
  - CCE-91258-4
  - NIST-800-53-AC-6
  - disable_strategy
  - low_complexity
  - low_severity
  - medium_disruption
  - reboot_required
  - sysctl_kernel_perf_event_paranoid

- name: Disallow kernel profiling by unprivileged users - Ensure sysctl kernel.perf_event_paranoid
    is set to 2
  ansible.posix.sysctl:
    name: kernel.perf_event_paranoid
    value: '2'
    sysctl_file: /etc/sysctl.d/kernel_perf_event_paranoid.conf
    state: present
    reload: true
  when: ("kernel-default" in ansible_facts.packages or "kernel-default-base" in ansible_facts.packages)
  tags:
  - CCE-91258-4
  - NIST-800-53-AC-6
  - disable_strategy
  - low_complexity
  - low_severity
  - medium_disruption
  - reboot_required
  - sysctl_kernel_perf_event_paranoid
</fix>
          <check system="http://open-scap.org/page/SCE">
            <check-import import-name="stdout">
                </check-import>
            <check-content-ref href="sle15/checks/sce/sysctl_kernel_perf_event_paranoid.sh"/>
          </check>
          <check system="http://oval.mitre.org/XMLSchema/oval-definitions-5">
            <check-content-ref name="oval:ssg-sysctl_kernel_perf_event_paranoid:def:1" href="ssg-sle15-oval.xml"/>
          </check>
          <check system="http://scap.nist.gov/schema/ocil/2">
            <check-content-ref name="ocil:ssg-sysctl_kernel_perf_event_paranoid_ocil:questionnaire:1" href="ssg-sle15-ocil.xml"/>
          </check>
        </Rule>
        <Rule id="xccdf_org.ssgproject.content_rule_sysctl_kernel_pid_max" selected="false" role="full" severity="medium">
          <title xmlns:xhtml="http://www.w3.org/1999/xhtml" xml:lang="en-US">Configure maximum number of process identifiers</title>
          <description xmlns:xhtml="http://www.w3.org/1999/xhtml" xml:lang="en-US">To set the runtime status of the <html:code xmlns:html="http://www.w3.org/1999/xhtml">kernel.pid_max</html:code> kernel parameter, run the following command: <html:pre xmlns:html="http://www.w3.org/1999/xhtml">$ sudo sysctl -w kernel.pid_max=65536</html:pre>
To make sure that the setting is persistent, add the following line to a file in the directory <html:code xmlns:html="http://www.w3.org/1999/xhtml">/etc/sysctl.d</html:code>: <html:pre xmlns:html="http://www.w3.org/1999/xhtml">kernel.pid_max = 65536</html:pre>
       </description>
          <reference href="https://cyber.gouv.fr/sites/default/files/document/linux_configuration-en-v2.pdf">R9</reference>
          <rationale xmlns:xhtml="http://www.w3.org/1999/xhtml" xml:lang="en-US">The <html:code xmlns:html="http://www.w3.org/1999/xhtml">kernel.pid_max</html:code> parameter configures upper limit on process
identifiers (PID). If this number is not high enough, it might happen that
forking of new processes is not possible, because all available PIDs are
exhausted. Increasing this number enhances availability.</rationale>
          <platform idref="#system_with_kernel"/>
          <ident system="https://ncp.nist.gov/cce">CCE-91260-0</ident>
          <fix xmlns:xhtml="http://www.w3.org/1999/xhtml" id="sysctl_kernel_pid_max" system="urn:xccdf:fix:script:sh" reboot="true" complexity="low" disruption="medium" strategy="disable"># Remediation is applicable only in certain platforms
if rpm --quiet -q kernel-default || rpm --quiet -q kernel-default-base; then

# Comment out any occurrences of kernel.pid_max from /etc/sysctl.d/*.conf files

for f in /etc/sysctl.d/*.conf /run/sysctl.d/*.conf /usr/local/lib/sysctl.d/*.conf /lib/sysctl.d/*.conf; do


  # skip systemd-sysctl symlink (/etc/sysctl.d/99-sysctl.conf -&gt; /etc/sysctl.conf)
  if [[ "$(readlink -f "$f")" == "/etc/sysctl.conf" ]]; then continue; fi

  matching_list=$(grep -P '^(?!#).*[\s]*kernel.pid_max.*$' $f | uniq )
  if ! test -z "$matching_list"; then
    while IFS= read -r entry; do
      escaped_entry=$(sed -e 's|/|\\/|g' &lt;&lt;&lt; "$entry")
      # comment out "kernel.pid_max" matches to preserve user data
      sed -i --follow-symlinks "s/^${escaped_entry}$/# &amp;/g" $f
    done &lt;&lt;&lt; "$matching_list"
  fi
done

#
# Set sysctl config file which to save the desired value
#

SYSCONFIG_FILE='/etc/sysctl.d/kernel_pid_max.conf'


#
# Set runtime for kernel.pid_max
#
if ! { rpm --quiet -q kernel rpm-ostree bootc &amp;&amp; ! rpm --quiet -q openshift-kubelet &amp;&amp; { [ -f "/run/.containerenv" ] || [ -f "/.containerenv" ]; }; } ; then
    /sbin/sysctl -q -n -w kernel.pid_max="65536"
fi

#
# If kernel.pid_max present in /etc/sysctl.conf, change value to "65536"
#	else, add "kernel.pid_max = 65536" to /etc/sysctl.conf
#

sed -i "/^$SYSCONFIG_VAR/d" /etc/sysctl.conf

# Strip any search characters in the key arg so that the key can be replaced without
# adding any search characters to the config file.
stripped_key=$(sed 's/[\^=\$,;+]*//g' &lt;&lt;&lt; "^kernel.pid_max")

# shellcheck disable=SC2059
printf -v formatted_output "%s = %s" "$stripped_key" "65536"

# If the key exists, change it. Otherwise, add it to the config_file.
# We search for the key string followed by a word boundary (matched by \&gt;),
# so if we search for 'setting', 'setting2' won't match.
if LC_ALL=C grep -q -m 1 -i -e "^kernel.pid_max\\&gt;" "${SYSCONFIG_FILE}"; then
    escaped_formatted_output=$(sed -e 's|/|\\/|g' &lt;&lt;&lt; "$formatted_output")
    LC_ALL=C sed -i --follow-symlinks "s/^kernel.pid_max\\&gt;.*/$escaped_formatted_output/gi" "${SYSCONFIG_FILE}"
else
    if [[ -s "${SYSCONFIG_FILE}" ]] &amp;&amp; [[ -n "$(tail -c 1 -- "${SYSCONFIG_FILE}" || true)" ]]; then
        LC_ALL=C sed -i --follow-symlinks '$a'\\ "${SYSCONFIG_FILE}"
    fi
    cce="CCE-91260-0"
    printf '# Per %s: Set %s in %s\n' "${cce}" "${formatted_output}" "${SYSCONFIG_FILE}" &gt;&gt; "${SYSCONFIG_FILE}"
    printf '%s\n' "$formatted_output" &gt;&gt; "${SYSCONFIG_FILE}"
fi

else
    &gt;&amp;2 echo 'Remediation is not applicable, nothing was done'
fi
</fix>
          <fix xmlns:xhtml="http://www.w3.org/1999/xhtml" id="sysctl_kernel_pid_max" system="urn:xccdf:fix:script:ansible" reboot="true" complexity="low" disruption="medium" strategy="disable">- name: Gather the package facts
  package_facts:
    manager: auto
  tags:
  - CCE-91260-0
  - disable_strategy
  - low_complexity
  - medium_disruption
  - medium_severity
  - reboot_required
  - sysctl_kernel_pid_max

- name: Configure maximum number of process identifiers - Set fact for sysctl paths
  ansible.builtin.set_fact:
    sysctl_paths:
    - /run/sysctl.d/
    - /etc/sysctl.d/
    - /usr/local/lib/sysctl.d/
    - /lib/sysctl.d/
  when: ("kernel-default" in ansible_facts.packages or "kernel-default-base" in ansible_facts.packages)
  tags:
  - CCE-91260-0
  - disable_strategy
  - low_complexity
  - medium_disruption
  - medium_severity
  - reboot_required
  - sysctl_kernel_pid_max

- name: Configure maximum number of process identifiers - Find all files that contain
    kernel.pid_max
  ansible.builtin.shell:
    cmd: find -L {{ sysctl_paths | join(" ") }} -type f -name '*.conf' | xargs grep
      -HP '^\s*kernel.pid_max\s*=\s*.*$'
  register: find_all_values
  check_mode: false
  changed_when: false
  failed_when: false
  when: ("kernel-default" in ansible_facts.packages or "kernel-default-base" in ansible_facts.packages)
  tags:
  - CCE-91260-0
  - disable_strategy
  - low_complexity
  - medium_disruption
  - medium_severity
  - reboot_required
  - sysctl_kernel_pid_max

- name: Configure maximum number of process identifiers - Find all files that set
    kernel.pid_max to correct value
  ansible.builtin.shell:
    cmd: find -L {{ sysctl_paths | join(" ") }} -type f -name '*.conf' | xargs grep
      -HP '^\s*kernel.pid_max\s*=\s*65536$'
  register: find_correct_value
  check_mode: false
  changed_when: false
  failed_when: false
  when: ("kernel-default" in ansible_facts.packages or "kernel-default-base" in ansible_facts.packages)
  tags:
  - CCE-91260-0
  - disable_strategy
  - low_complexity
  - medium_disruption
  - medium_severity
  - reboot_required
  - sysctl_kernel_pid_max

- name: Configure maximum number of process identifiers - Comment out any occurrences
    of kernel.pid_max from config files
  ansible.builtin.replace:
    path: '{{ item | split(":") | first }}'
    regexp: ^[\s]*kernel.pid_max
    replace: '#kernel.pid_max'
  loop: '{{ find_all_values.stdout_lines }}'
  when:
  - ("kernel-default" in ansible_facts.packages or "kernel-default-base" in ansible_facts.packages)
  - find_correct_value.stdout_lines | length == 0 or find_all_values.stdout_lines
    | length &gt; find_correct_value.stdout_lines | length
  tags:
  - CCE-91260-0
  - disable_strategy
  - low_complexity
  - medium_disruption
  - medium_severity
  - reboot_required
  - sysctl_kernel_pid_max

- name: Configure maximum number of process identifiers - Comment out any occurrences
    of kernel.pid_max from /etc/sysctl.conf
  ansible.builtin.replace:
    path: /etc/sysctl.conf
    regexp: ^[\s]*kernel.pid_max
    replace: '#kernel.pid_max'
  when: ("kernel-default" in ansible_facts.packages or "kernel-default-base" in ansible_facts.packages)
  tags:
  - CCE-91260-0
  - disable_strategy
  - low_complexity
  - medium_disruption
  - medium_severity
  - reboot_required
  - sysctl_kernel_pid_max

- name: Configure maximum number of process identifiers - Ensure sysctl kernel.pid_max
    is set to 65536
  ansible.posix.sysctl:
    name: kernel.pid_max
    value: '65536'
    sysctl_file: /etc/sysctl.d/kernel_pid_max.conf
    state: present
    reload: true
  when: ("kernel-default" in ansible_facts.packages or "kernel-default-base" in ansible_facts.packages)
  tags:
  - CCE-91260-0
  - disable_strategy
  - low_complexity
  - medium_disruption
  - medium_severity
  - reboot_required
  - sysctl_kernel_pid_max
</fix>
          <check system="http://open-scap.org/page/SCE">
            <check-import import-name="stdout">
                </check-import>
            <check-content-ref href="sle15/checks/sce/sysctl_kernel_pid_max.sh"/>
          </check>
          <check system="http://oval.mitre.org/XMLSchema/oval-definitions-5">
            <check-content-ref name="oval:ssg-sysctl_kernel_pid_max:def:1" href="ssg-sle15-oval.xml"/>
          </check>
          <check system="http://scap.nist.gov/schema/ocil/2">
            <check-content-ref name="ocil:ssg-sysctl_kernel_pid_max_ocil:questionnaire:1" href="ssg-sle15-ocil.xml"/>
          </check>
        </Rule>
        <Rule id="xccdf_org.ssgproject.content_rule_sysctl_kernel_sysrq" selected="false" role="full" severity="medium">
          <title xmlns:xhtml="http://www.w3.org/1999/xhtml" xml:lang="en-US">Disallow magic SysRq key</title>
          <description xmlns:xhtml="http://www.w3.org/1999/xhtml" xml:lang="en-US">To set the runtime status of the <html:code xmlns:html="http://www.w3.org/1999/xhtml">kernel.sysrq</html:code> kernel parameter, run the following command: <html:pre xmlns:html="http://www.w3.org/1999/xhtml">$ sudo sysctl -w kernel.sysrq=0</html:pre>
To make sure that the setting is persistent, add the following line to a file in the directory <html:code xmlns:html="http://www.w3.org/1999/xhtml">/etc/sysctl.d</html:code>: <html:pre xmlns:html="http://www.w3.org/1999/xhtml">kernel.sysrq = 0</html:pre>
       </description>
          <reference href="https://cyber.gouv.fr/sites/default/files/document/linux_configuration-en-v2.pdf">R9</reference>
          <rationale xmlns:xhtml="http://www.w3.org/1999/xhtml" xml:lang="en-US">The Magic SysRq key allows sending certain commands directly to the running
kernel. It can dump various system and process information, potentially
revealing sensitive information. It can also reboot or shutdown the machine,
disturbing its availability.</rationale>
          <platform idref="#system_with_kernel"/>
          <ident system="https://ncp.nist.gov/cce">CCE-91261-8</ident>
          <fix xmlns:xhtml="http://www.w3.org/1999/xhtml" id="sysctl_kernel_sysrq" system="urn:xccdf:fix:script:sh" reboot="true" complexity="low" disruption="medium" strategy="disable"># Remediation is applicable only in certain platforms
if rpm --quiet -q kernel-default || rpm --quiet -q kernel-default-base; then

# Comment out any occurrences of kernel.sysrq from /etc/sysctl.d/*.conf files

for f in /etc/sysctl.d/*.conf /run/sysctl.d/*.conf /usr/local/lib/sysctl.d/*.conf /lib/sysctl.d/*.conf; do


  # skip systemd-sysctl symlink (/etc/sysctl.d/99-sysctl.conf -&gt; /etc/sysctl.conf)
  if [[ "$(readlink -f "$f")" == "/etc/sysctl.conf" ]]; then continue; fi

  matching_list=$(grep -P '^(?!#).*[\s]*kernel.sysrq.*$' $f | uniq )
  if ! test -z "$matching_list"; then
    while IFS= read -r entry; do
      escaped_entry=$(sed -e 's|/|\\/|g' &lt;&lt;&lt; "$entry")
      # comment out "kernel.sysrq" matches to preserve user data
      sed -i --follow-symlinks "s/^${escaped_entry}$/# &amp;/g" $f
    done &lt;&lt;&lt; "$matching_list"
  fi
done

#
# Set sysctl config file which to save the desired value
#

SYSCONFIG_FILE='/etc/sysctl.d/kernel_sysrq.conf'


#
# Set runtime for kernel.sysrq
#
if ! { rpm --quiet -q kernel rpm-ostree bootc &amp;&amp; ! rpm --quiet -q openshift-kubelet &amp;&amp; { [ -f "/run/.containerenv" ] || [ -f "/.containerenv" ]; }; } ; then
    /sbin/sysctl -q -n -w kernel.sysrq="0"
fi

#
# If kernel.sysrq present in /etc/sysctl.conf, change value to "0"
#	else, add "kernel.sysrq = 0" to /etc/sysctl.conf
#

sed -i "/^$SYSCONFIG_VAR/d" /etc/sysctl.conf

# Strip any search characters in the key arg so that the key can be replaced without
# adding any search characters to the config file.
stripped_key=$(sed 's/[\^=\$,;+]*//g' &lt;&lt;&lt; "^kernel.sysrq")

# shellcheck disable=SC2059
printf -v formatted_output "%s = %s" "$stripped_key" "0"

# If the key exists, change it. Otherwise, add it to the config_file.
# We search for the key string followed by a word boundary (matched by \&gt;),
# so if we search for 'setting', 'setting2' won't match.
if LC_ALL=C grep -q -m 1 -i -e "^kernel.sysrq\\&gt;" "${SYSCONFIG_FILE}"; then
    escaped_formatted_output=$(sed -e 's|/|\\/|g' &lt;&lt;&lt; "$formatted_output")
    LC_ALL=C sed -i --follow-symlinks "s/^kernel.sysrq\\&gt;.*/$escaped_formatted_output/gi" "${SYSCONFIG_FILE}"
else
    if [[ -s "${SYSCONFIG_FILE}" ]] &amp;&amp; [[ -n "$(tail -c 1 -- "${SYSCONFIG_FILE}" || true)" ]]; then
        LC_ALL=C sed -i --follow-symlinks '$a'\\ "${SYSCONFIG_FILE}"
    fi
    cce="CCE-91261-8"
    printf '# Per %s: Set %s in %s\n' "${cce}" "${formatted_output}" "${SYSCONFIG_FILE}" &gt;&gt; "${SYSCONFIG_FILE}"
    printf '%s\n' "$formatted_output" &gt;&gt; "${SYSCONFIG_FILE}"
fi

else
    &gt;&amp;2 echo 'Remediation is not applicable, nothing was done'
fi
</fix>
          <fix xmlns:xhtml="http://www.w3.org/1999/xhtml" id="sysctl_kernel_sysrq" system="urn:xccdf:fix:script:ansible" reboot="true" complexity="low" disruption="medium" strategy="disable">- name: Gather the package facts
  package_facts:
    manager: auto
  tags:
  - CCE-91261-8
  - disable_strategy
  - low_complexity
  - medium_disruption
  - medium_severity
  - reboot_required
  - sysctl_kernel_sysrq

- name: Disallow magic SysRq key - Set fact for sysctl paths
  ansible.builtin.set_fact:
    sysctl_paths:
    - /run/sysctl.d/
    - /etc/sysctl.d/
    - /usr/local/lib/sysctl.d/
    - /lib/sysctl.d/
  when: ("kernel-default" in ansible_facts.packages or "kernel-default-base" in ansible_facts.packages)
  tags:
  - CCE-91261-8
  - disable_strategy
  - low_complexity
  - medium_disruption
  - medium_severity
  - reboot_required
  - sysctl_kernel_sysrq

- name: Disallow magic SysRq key - Find all files that contain kernel.sysrq
  ansible.builtin.shell:
    cmd: find -L {{ sysctl_paths | join(" ") }} -type f -name '*.conf' | xargs grep
      -HP '^\s*kernel.sysrq\s*=\s*.*$'
  register: find_all_values
  check_mode: false
  changed_when: false
  failed_when: false
  when: ("kernel-default" in ansible_facts.packages or "kernel-default-base" in ansible_facts.packages)
  tags:
  - CCE-91261-8
  - disable_strategy
  - low_complexity
  - medium_disruption
  - medium_severity
  - reboot_required
  - sysctl_kernel_sysrq

- name: Disallow magic SysRq key - Find all files that set kernel.sysrq to correct
    value
  ansible.builtin.shell:
    cmd: find -L {{ sysctl_paths | join(" ") }} -type f -name '*.conf' | xargs grep
      -HP '^\s*kernel.sysrq\s*=\s*0$'
  register: find_correct_value
  check_mode: false
  changed_when: false
  failed_when: false
  when: ("kernel-default" in ansible_facts.packages or "kernel-default-base" in ansible_facts.packages)
  tags:
  - CCE-91261-8
  - disable_strategy
  - low_complexity
  - medium_disruption
  - medium_severity
  - reboot_required
  - sysctl_kernel_sysrq

- name: Disallow magic SysRq key - Comment out any occurrences of kernel.sysrq from
    config files
  ansible.builtin.replace:
    path: '{{ item | split(":") | first }}'
    regexp: ^[\s]*kernel.sysrq
    replace: '#kernel.sysrq'
  loop: '{{ find_all_values.stdout_lines }}'
  when:
  - ("kernel-default" in ansible_facts.packages or "kernel-default-base" in ansible_facts.packages)
  - find_correct_value.stdout_lines | length == 0 or find_all_values.stdout_lines
    | length &gt; find_correct_value.stdout_lines | length
  tags:
  - CCE-91261-8
  - disable_strategy
  - low_complexity
  - medium_disruption
  - medium_severity
  - reboot_required
  - sysctl_kernel_sysrq

- name: Disallow magic SysRq key - Comment out any occurrences of kernel.sysrq from
    /etc/sysctl.conf
  ansible.builtin.replace:
    path: /etc/sysctl.conf
    regexp: ^[\s]*kernel.sysrq
    replace: '#kernel.sysrq'
  when: ("kernel-default" in ansible_facts.packages or "kernel-default-base" in ansible_facts.packages)
  tags:
  - CCE-91261-8
  - disable_strategy
  - low_complexity
  - medium_disruption
  - medium_severity
  - reboot_required
  - sysctl_kernel_sysrq

- name: Disallow magic SysRq key - Ensure sysctl kernel.sysrq is set to 0
  ansible.posix.sysctl:
    name: kernel.sysrq
    value: '0'
    sysctl_file: /etc/sysctl.d/kernel_sysrq.conf
    state: present
    reload: true
  when: ("kernel-default" in ansible_facts.packages or "kernel-default-base" in ansible_facts.packages)
  tags:
  - CCE-91261-8
  - disable_strategy
  - low_complexity
  - medium_disruption
  - medium_severity
  - reboot_required
  - sysctl_kernel_sysrq
</fix>
          <check system="http://open-scap.org/page/SCE">
            <check-import import-name="stdout">
                </check-import>
            <check-content-ref href="sle15/checks/sce/sysctl_kernel_sysrq.sh"/>
          </check>
          <check system="http://oval.mitre.org/XMLSchema/oval-definitions-5">
            <check-content-ref name="oval:ssg-sysctl_kernel_sysrq:def:1" href="ssg-sle15-oval.xml"/>
          </check>
          <check system="http://scap.nist.gov/schema/ocil/2">
            <check-content-ref name="ocil:ssg-sysctl_kernel_sysrq_ocil:questionnaire:1" href="ssg-sle15-ocil.xml"/>
          </check>
        </Rule>
        <Rule id="xccdf_org.ssgproject.content_rule_sysctl_vm_mmap_min_addr" selected="false" role="full" severity="medium">
          <title xmlns:xhtml="http://www.w3.org/1999/xhtml" xml:lang="en-US">Prevent applications from mapping low portion of virtual memory</title>
          <description xmlns:xhtml="http://www.w3.org/1999/xhtml" xml:lang="en-US">To set the runtime status of the <html:code xmlns:html="http://www.w3.org/1999/xhtml">vm.mmap_min_addr</html:code> kernel parameter, run the following command: <html:pre xmlns:html="http://www.w3.org/1999/xhtml">$ sudo sysctl -w vm.mmap_min_addr=65536</html:pre>
To make sure that the setting is persistent, add the following line to a file in the directory <html:code xmlns:html="http://www.w3.org/1999/xhtml">/etc/sysctl.d</html:code>: <html:pre xmlns:html="http://www.w3.org/1999/xhtml">vm.mmap_min_addr = 65536</html:pre>
       </description>
          <reference href="https://cyber.gouv.fr/sites/default/files/document/linux_configuration-en-v2.pdf">R8</reference>
          <rationale xmlns:xhtml="http://www.w3.org/1999/xhtml" xml:lang="en-US">The <html:code xmlns:html="http://www.w3.org/1999/xhtml">vm.mmap_min_addr</html:code> parameter specifies the minimum virtual
address that a process is allowed to mmap. Allowing a process to mmap low
portion of virtual memory can have security implications such as such as
heightened risk of kernel null pointer dereference defects.</rationale>
          <platform idref="#system_with_kernel"/>
          <ident system="https://ncp.nist.gov/cce">CCE-91263-4</ident>
          <fix xmlns:xhtml="http://www.w3.org/1999/xhtml" id="sysctl_vm_mmap_min_addr" system="urn:xccdf:fix:script:sh" reboot="true" complexity="low" disruption="medium" strategy="disable"># Remediation is applicable only in certain platforms
if rpm --quiet -q kernel-default || rpm --quiet -q kernel-default-base; then

# Comment out any occurrences of vm.mmap_min_addr from /etc/sysctl.d/*.conf files

for f in /etc/sysctl.d/*.conf /run/sysctl.d/*.conf /usr/local/lib/sysctl.d/*.conf /lib/sysctl.d/*.conf; do


  # skip systemd-sysctl symlink (/etc/sysctl.d/99-sysctl.conf -&gt; /etc/sysctl.conf)
  if [[ "$(readlink -f "$f")" == "/etc/sysctl.conf" ]]; then continue; fi

  matching_list=$(grep -P '^(?!#).*[\s]*vm.mmap_min_addr.*$' $f | uniq )
  if ! test -z "$matching_list"; then
    while IFS= read -r entry; do
      escaped_entry=$(sed -e 's|/|\\/|g' &lt;&lt;&lt; "$entry")
      # comment out "vm.mmap_min_addr" matches to preserve user data
      sed -i --follow-symlinks "s/^${escaped_entry}$/# &amp;/g" $f
    done &lt;&lt;&lt; "$matching_list"
  fi
done

#
# Set sysctl config file which to save the desired value
#

SYSCONFIG_FILE='/etc/sysctl.d/vm_mmap_min_addr.conf'


#
# Set runtime for vm.mmap_min_addr
#
if ! { rpm --quiet -q kernel rpm-ostree bootc &amp;&amp; ! rpm --quiet -q openshift-kubelet &amp;&amp; { [ -f "/run/.containerenv" ] || [ -f "/.containerenv" ]; }; } ; then
    /sbin/sysctl -q -n -w vm.mmap_min_addr="65536"
fi

#
# If vm.mmap_min_addr present in /etc/sysctl.conf, change value to "65536"
#	else, add "vm.mmap_min_addr = 65536" to /etc/sysctl.conf
#

sed -i "/^$SYSCONFIG_VAR/d" /etc/sysctl.conf

# Strip any search characters in the key arg so that the key can be replaced without
# adding any search characters to the config file.
stripped_key=$(sed 's/[\^=\$,;+]*//g' &lt;&lt;&lt; "^vm.mmap_min_addr")

# shellcheck disable=SC2059
printf -v formatted_output "%s = %s" "$stripped_key" "65536"

# If the key exists, change it. Otherwise, add it to the config_file.
# We search for the key string followed by a word boundary (matched by \&gt;),
# so if we search for 'setting', 'setting2' won't match.
if LC_ALL=C grep -q -m 1 -i -e "^vm.mmap_min_addr\\&gt;" "${SYSCONFIG_FILE}"; then
    escaped_formatted_output=$(sed -e 's|/|\\/|g' &lt;&lt;&lt; "$formatted_output")
    LC_ALL=C sed -i --follow-symlinks "s/^vm.mmap_min_addr\\&gt;.*/$escaped_formatted_output/gi" "${SYSCONFIG_FILE}"
else
    if [[ -s "${SYSCONFIG_FILE}" ]] &amp;&amp; [[ -n "$(tail -c 1 -- "${SYSCONFIG_FILE}" || true)" ]]; then
        LC_ALL=C sed -i --follow-symlinks '$a'\\ "${SYSCONFIG_FILE}"
    fi
    cce="CCE-91263-4"
    printf '# Per %s: Set %s in %s\n' "${cce}" "${formatted_output}" "${SYSCONFIG_FILE}" &gt;&gt; "${SYSCONFIG_FILE}"
    printf '%s\n' "$formatted_output" &gt;&gt; "${SYSCONFIG_FILE}"
fi

else
    &gt;&amp;2 echo 'Remediation is not applicable, nothing was done'
fi
</fix>
          <fix xmlns:xhtml="http://www.w3.org/1999/xhtml" id="sysctl_vm_mmap_min_addr" system="urn:xccdf:fix:script:ansible" reboot="true" complexity="low" disruption="medium" strategy="disable">- name: Gather the package facts
  package_facts:
    manager: auto
  tags:
  - CCE-91263-4
  - disable_strategy
  - low_complexity
  - medium_disruption
  - medium_severity
  - reboot_required
  - sysctl_vm_mmap_min_addr

- name: Prevent applications from mapping low portion of virtual memory - Set fact
    for sysctl paths
  ansible.builtin.set_fact:
    sysctl_paths:
    - /run/sysctl.d/
    - /etc/sysctl.d/
    - /usr/local/lib/sysctl.d/
    - /lib/sysctl.d/
  when: ("kernel-default" in ansible_facts.packages or "kernel-default-base" in ansible_facts.packages)
  tags:
  - CCE-91263-4
  - disable_strategy
  - low_complexity
  - medium_disruption
  - medium_severity
  - reboot_required
  - sysctl_vm_mmap_min_addr

- name: Prevent applications from mapping low portion of virtual memory - Find all
    files that contain vm.mmap_min_addr
  ansible.builtin.shell:
    cmd: find -L {{ sysctl_paths | join(" ") }} -type f -name '*.conf' | xargs grep
      -HP '^\s*vm.mmap_min_addr\s*=\s*.*$'
  register: find_all_values
  check_mode: false
  changed_when: false
  failed_when: false
  when: ("kernel-default" in ansible_facts.packages or "kernel-default-base" in ansible_facts.packages)
  tags:
  - CCE-91263-4
  - disable_strategy
  - low_complexity
  - medium_disruption
  - medium_severity
  - reboot_required
  - sysctl_vm_mmap_min_addr

- name: Prevent applications from mapping low portion of virtual memory - Find all
    files that set vm.mmap_min_addr to correct value
  ansible.builtin.shell:
    cmd: find -L {{ sysctl_paths | join(" ") }} -type f -name '*.conf' | xargs grep
      -HP '^\s*vm.mmap_min_addr\s*=\s*65536$'
  register: find_correct_value
  check_mode: false
  changed_when: false
  failed_when: false
  when: ("kernel-default" in ansible_facts.packages or "kernel-default-base" in ansible_facts.packages)
  tags:
  - CCE-91263-4
  - disable_strategy
  - low_complexity
  - medium_disruption
  - medium_severity
  - reboot_required
  - sysctl_vm_mmap_min_addr

- name: Prevent applications from mapping low portion of virtual memory - Comment
    out any occurrences of vm.mmap_min_addr from config files
  ansible.builtin.replace:
    path: '{{ item | split(":") | first }}'
    regexp: ^[\s]*vm.mmap_min_addr
    replace: '#vm.mmap_min_addr'
  loop: '{{ find_all_values.stdout_lines }}'
  when:
  - ("kernel-default" in ansible_facts.packages or "kernel-default-base" in ansible_facts.packages)
  - find_correct_value.stdout_lines | length == 0 or find_all_values.stdout_lines
    | length &gt; find_correct_value.stdout_lines | length
  tags:
  - CCE-91263-4
  - disable_strategy
  - low_complexity
  - medium_disruption
  - medium_severity
  - reboot_required
  - sysctl_vm_mmap_min_addr

- name: Prevent applications from mapping low portion of virtual memory - Comment
    out any occurrences of vm.mmap_min_addr from /etc/sysctl.conf
  ansible.builtin.replace:
    path: /etc/sysctl.conf
    regexp: ^[\s]*vm.mmap_min_addr
    replace: '#vm.mmap_min_addr'
  when: ("kernel-default" in ansible_facts.packages or "kernel-default-base" in ansible_facts.packages)
  tags:
  - CCE-91263-4
  - disable_strategy
  - low_complexity
  - medium_disruption
  - medium_severity
  - reboot_required
  - sysctl_vm_mmap_min_addr

- name: Prevent applications from mapping low portion of virtual memory - Ensure sysctl
    vm.mmap_min_addr is set to 65536
  ansible.posix.sysctl:
    name: vm.mmap_min_addr
    value: '65536'
    sysctl_file: /etc/sysctl.d/vm_mmap_min_addr.conf
    state: present
    reload: true
  when: ("kernel-default" in ansible_facts.packages or "kernel-default-base" in ansible_facts.packages)
  tags:
  - CCE-91263-4
  - disable_strategy
  - low_complexity
  - medium_disruption
  - medium_severity
  - reboot_required
  - sysctl_vm_mmap_min_addr
</fix>
          <check system="http://open-scap.org/page/SCE">
            <check-import import-name="stdout">
                </check-import>
            <check-content-ref href="sle15/checks/sce/sysctl_vm_mmap_min_addr.sh"/>
          </check>
          <check system="http://oval.mitre.org/XMLSchema/oval-definitions-5">
            <check-content-ref name="oval:ssg-sysctl_vm_mmap_min_addr:def:1" href="ssg-sle15-oval.xml"/>
          </check>
          <check system="http://scap.nist.gov/schema/ocil/2">
            <check-content-ref name="ocil:ssg-sysctl_vm_mmap_min_addr_ocil:questionnaire:1" href="ssg-sle15-ocil.xml"/>
          </check>
        </Rule>
        <Group id="xccdf_org.ssgproject.content_group_coredumps">
          <title xmlns:xhtml="http://www.w3.org/1999/xhtml" xml:lang="en-US">Disable Core Dumps</title>
          <description xmlns:xhtml="http://www.w3.org/1999/xhtml" xml:lang="en-US">A core dump file is the memory image of an executable
program when it was terminated by the operating system due to
errant behavior. In most cases, only software developers
legitimately need to access these files. The core dump files may
also contain sensitive information, or unnecessarily occupy large
amounts of disk space.
<html:br xmlns:html="http://www.w3.org/1999/xhtml"/>
        <html:br xmlns:html="http://www.w3.org/1999/xhtml"/>
Once a hard limit is set in <html:code xmlns:html="http://www.w3.org/1999/xhtml">/etc/security/limits.conf</html:code>, or
to a file within the <html:code xmlns:html="http://www.w3.org/1999/xhtml">/etc/security/limits.d/</html:code> directory, a
user cannot increase that limit within his or her own session. If access
to core dumps is required, consider restricting them to only
certain users or groups. See the <html:code xmlns:html="http://www.w3.org/1999/xhtml">limits.conf</html:code> man page for more
information.
<html:br xmlns:html="http://www.w3.org/1999/xhtml"/>
        <html:br xmlns:html="http://www.w3.org/1999/xhtml"/>
The core dumps of setuid programs are further protected. The
<html:code xmlns:html="http://www.w3.org/1999/xhtml">sysctl</html:code> variable <html:code xmlns:html="http://www.w3.org/1999/xhtml">fs.suid_dumpable</html:code> controls whether
the kernel allows core dumps from these programs at all. The default
value of 0 is recommended.</description>
          <platform idref="#system_with_kernel"/>
          <Rule id="xccdf_org.ssgproject.content_rule_coredump_disable_backtraces" selected="false" role="full" severity="medium">
            <title xmlns:xhtml="http://www.w3.org/1999/xhtml" xml:lang="en-US">Disable core dump backtraces</title>
            <description xmlns:xhtml="http://www.w3.org/1999/xhtml" xml:lang="en-US">The <html:code xmlns:html="http://www.w3.org/1999/xhtml">ProcessSizeMax</html:code> option in <html:code xmlns:html="http://www.w3.org/1999/xhtml">[Coredump]</html:code> section
of <html:code xmlns:html="http://www.w3.org/1999/xhtml">/etc/systemd/coredump.conf</html:code> or in a drop-in file under
<html:code xmlns:html="http://www.w3.org/1999/xhtml">/etc/systemd/coredump.conf.d/</html:code> specifies the maximum size in bytes
of a core which will be processed. Core dumps exceeding this size may be
stored, but the backtrace will not be generated.</description>
            <warning xmlns:xhtml="http://www.w3.org/1999/xhtml" xml:lang="en-US" category="general">If the <html:code xmlns:html="http://www.w3.org/1999/xhtml">/etc/systemd/coredump.conf</html:code> file or a drop-in file under <html:code xmlns:html="http://www.w3.org/1999/xhtml">/etc/systemd/coredump.conf.d/</html:code>
does not already contain the <html:code xmlns:html="http://www.w3.org/1999/xhtml">[Coredump]</html:code> section,
the value will not be configured correctly.</warning>
            <reference href="http://nvlpubs.nist.gov/nistpubs/SpecialPublications/NIST.SP.800-53r4.pdf">CM-6</reference>
            <reference href="https://www.pcisecuritystandards.org/documents/PCI_DSS_v3-2-1.pdf">Req-3.2</reference>
            <reference href="https://www.cyber.mil/stigs/downloads/?_dl_facet_stigs=operating-systems%2Cgeneral-purpose-os">SRG-OS-000480-GPOS-00227</reference>
            <reference href="https://www.cisecurity.org/benchmark/suse_linux/">1.6.1</reference>
            <reference href="not_publicly_available">SLES-15-150750030</reference>
            <reference href="https://docs-prv.pcisecuritystandards.org/PCI%20DSS/Standard/PCI-DSS-v4_0.pdf">3.3.1.1</reference>
            <reference href="https://docs-prv.pcisecuritystandards.org/PCI%20DSS/Standard/PCI-DSS-v4_0.pdf">3.3.1</reference>
            <reference href="https://docs-prv.pcisecuritystandards.org/PCI%20DSS/Standard/PCI-DSS-v4_0.pdf">3.3</reference>
            <rationale xmlns:xhtml="http://www.w3.org/1999/xhtml" xml:lang="en-US">A core dump includes a memory image taken at the time the operating system
terminates an application. The memory image could contain sensitive data
and is generally useful only for developers or system operators trying to
debug problems.

Enabling core dumps on production systems is not recommended,
however there may be overriding operational requirements to enable advanced
debugging. Permitting temporary enablement of core dumps during such situations
should be reviewed through local needs and policy.</rationale>
            <platform idref="#package_systemd"/>
            <ident system="https://ncp.nist.gov/cce">CCE-85745-8</ident>
            <fix xmlns:xhtml="http://www.w3.org/1999/xhtml" id="coredump_disable_backtraces" system="urn:xccdf:fix:script:sh" complexity="low" disruption="low" strategy="restrict"># Remediation is applicable only in certain platforms
if rpm --quiet -q kernel-default || rpm --quiet -q kernel-default-base &amp;&amp; { rpm --quiet -q systemd; }; then

found=false

# set value in all files if they contain section or key
for f in $(echo -n "/etc/systemd/coredump.conf.d/complianceascode_hardening.conf /etc/systemd/coredump.conf.d/*.conf /etc/systemd/coredump.conf"); do
    if [ ! -e "$f" ]; then
        continue
    fi

    # find key in section and change value
    if grep -qzosP "[[:space:]]*\[Coredump\]([^\n\[]*\n+)+?[[:space:]]*ProcessSizeMax" "$f"; then
        if ! grep -qPz "ProcessSizeMax=0" "$f"; then

            sed -i "s/ProcessSizeMax[^(\n)]*/ProcessSizeMax=0/" "$f"

        fi

        found=true

    # find section and add key = value to it
    elif grep -qs "[[:space:]]*\[Coredump\]" "$f"; then

            sed -i "/[[:space:]]*\[Coredump\]/a ProcessSizeMax=0" "$f"

            found=true
    fi
done

# if section not in any file, append section with key = value to FIRST file in files parameter
if ! $found ; then
    file=$(echo "/etc/systemd/coredump.conf.d/complianceascode_hardening.conf /etc/systemd/coredump.conf.d/*.conf /etc/systemd/coredump.conf" | cut -f1 -d ' ')
    mkdir -p "$(dirname "$file")"

    echo -e "[Coredump]\nProcessSizeMax=0" &gt;&gt; "$file"

fi

else
    &gt;&amp;2 echo 'Remediation is not applicable, nothing was done'
fi
</fix>
            <fix xmlns:xhtml="http://www.w3.org/1999/xhtml" id="coredump_disable_backtraces" system="urn:xccdf:fix:script:ansible" complexity="low" disruption="low" strategy="restrict">- name: Gather the package facts
  package_facts:
    manager: auto
  tags:
  - CCE-85745-8
  - NIST-800-53-CM-6
  - PCI-DSS-Req-3.2
  - PCI-DSSv4-3.3
  - PCI-DSSv4-3.3.1
  - PCI-DSSv4-3.3.1.1
  - coredump_disable_backtraces
  - low_complexity
  - low_disruption
  - medium_severity
  - no_reboot_needed
  - restrict_strategy

- name: Disable core dump backtraces - Search for a section in files
  ansible.builtin.find:
    paths: '{{item.path}}'
    patterns: '{{item.pattern}}'
    contains: ^\s*\[Coredump\]
    read_whole_file: true
    use_regex: true
  register: systemd_dropin_files_with_section
  loop:
  - path: '{{ ''/etc/systemd/coredump.conf'' | dirname }}'
    pattern: '{{ ''/etc/systemd/coredump.conf'' | basename | regex_escape }}'
  - path: /etc/systemd/coredump.conf.d
    pattern: .*\.conf
  when:
  - ("kernel-default" in ansible_facts.packages or "kernel-default-base" in ansible_facts.packages)
  - '"systemd" in ansible_facts.packages'
  tags:
  - CCE-85745-8
  - NIST-800-53-CM-6
  - PCI-DSS-Req-3.2
  - PCI-DSSv4-3.3
  - PCI-DSSv4-3.3.1
  - PCI-DSSv4-3.3.1.1
  - coredump_disable_backtraces
  - low_complexity
  - low_disruption
  - medium_severity
  - no_reboot_needed
  - restrict_strategy

- name: Disable core dump backtraces - Count number of files which contain the correct
    section
  ansible.builtin.set_fact:
    count_of_systemd_dropin_files_with_section: '{{systemd_dropin_files_with_section.results
      | map(attribute=''matched'') | list | map(''int'') | sum}}'
  when:
  - ("kernel-default" in ansible_facts.packages or "kernel-default-base" in ansible_facts.packages)
  - '"systemd" in ansible_facts.packages'
  tags:
  - CCE-85745-8
  - NIST-800-53-CM-6
  - PCI-DSS-Req-3.2
  - PCI-DSSv4-3.3
  - PCI-DSSv4-3.3.1
  - PCI-DSSv4-3.3.1.1
  - coredump_disable_backtraces
  - low_complexity
  - low_disruption
  - medium_severity
  - no_reboot_needed
  - restrict_strategy

- name: Disable core dump backtraces - Add missing configuration to correct section
  community.general.ini_file:
    path: '{{item}}'
    section: Coredump
    option: ProcessSizeMax
    value: '0'
    state: present
    no_extra_spaces: true
  when:
  - ("kernel-default" in ansible_facts.packages or "kernel-default-base" in ansible_facts.packages)
  - '"systemd" in ansible_facts.packages'
  - count_of_systemd_dropin_files_with_section | int &gt; 0
  loop: '{{systemd_dropin_files_with_section.results | sum(attribute=''files'', start=[])
    | map(attribute=''path'') | list }}'
  tags:
  - CCE-85745-8
  - NIST-800-53-CM-6
  - PCI-DSS-Req-3.2
  - PCI-DSSv4-3.3
  - PCI-DSSv4-3.3.1
  - PCI-DSSv4-3.3.1.1
  - coredump_disable_backtraces
  - low_complexity
  - low_disruption
  - medium_severity
  - no_reboot_needed
  - restrict_strategy

- name: Disable core dump backtraces - Add configuration to new remediation file
  community.general.ini_file:
    path: /etc/systemd/coredump.conf.d/complianceascode_hardening.conf
    section: Coredump
    option: ProcessSizeMax
    value: '0'
    state: present
    no_extra_spaces: true
    create: true
  when:
  - ("kernel-default" in ansible_facts.packages or "kernel-default-base" in ansible_facts.packages)
  - '"systemd" in ansible_facts.packages'
  - count_of_systemd_dropin_files_with_section | int == 0
  tags:
  - CCE-85745-8
  - NIST-800-53-CM-6
  - PCI-DSS-Req-3.2
  - PCI-DSSv4-3.3
  - PCI-DSSv4-3.3.1
  - PCI-DSSv4-3.3.1.1
  - coredump_disable_backtraces
  - low_complexity
  - low_disruption
  - medium_severity
  - no_reboot_needed
  - restrict_strategy
</fix>
            <check system="http://oval.mitre.org/XMLSchema/oval-definitions-5">
              <check-content-ref name="oval:ssg-coredump_disable_backtraces:def:1" href="ssg-sle15-oval.xml"/>
            </check>
            <check system="http://scap.nist.gov/schema/ocil/2">
              <check-content-ref name="ocil:ssg-coredump_disable_backtraces_ocil:questionnaire:1" href="ssg-sle15-ocil.xml"/>
            </check>
          </Rule>
          <Rule id="xccdf_org.ssgproject.content_rule_coredump_disable_storage" selected="false" role="full" severity="medium">
            <title xmlns:xhtml="http://www.w3.org/1999/xhtml" xml:lang="en-US">Disable storing core dump</title>
            <description xmlns:xhtml="http://www.w3.org/1999/xhtml" xml:lang="en-US">The <html:code xmlns:html="http://www.w3.org/1999/xhtml">Storage</html:code> option in <html:code xmlns:html="http://www.w3.org/1999/xhtml">[Coredump]</html:code> section
of <html:code xmlns:html="http://www.w3.org/1999/xhtml">/etc/systemd/coredump.conf</html:code> or a drop-in file in
<html:code xmlns:html="http://www.w3.org/1999/xhtml">/etc/systemd/coredump.conf.d/*.conf</html:code>
can be set to <html:code xmlns:html="http://www.w3.org/1999/xhtml">none</html:code> to disable storing core dumps permanently.</description>
            <warning xmlns:xhtml="http://www.w3.org/1999/xhtml" xml:lang="en-US" category="general">If the <html:code xmlns:html="http://www.w3.org/1999/xhtml">/etc/systemd/coredump.conf</html:code> file or a drop-in file under <html:code xmlns:html="http://www.w3.org/1999/xhtml">/etc/systemd/coredump.conf.d/</html:code>
does not already contain the <html:code xmlns:html="http://www.w3.org/1999/xhtml">[Coredump]</html:code> section,
the value will not be configured correctly.</warning>
            <reference href="http://nvlpubs.nist.gov/nistpubs/SpecialPublications/NIST.SP.800-53r4.pdf">CM-6</reference>
            <reference href="https://www.pcisecuritystandards.org/documents/PCI_DSS_v3-2-1.pdf">Req-3.2</reference>
            <reference href="https://www.cyber.mil/stigs/downloads/?_dl_facet_stigs=operating-systems%2Cgeneral-purpose-os">SRG-OS-000480-GPOS-00227</reference>
            <reference href="https://www.cisecurity.org/benchmark/suse_linux/">1.6.1</reference>
            <reference href="not_publicly_available">SLES-15-150750030</reference>
            <reference href="https://docs-prv.pcisecuritystandards.org/PCI%20DSS/Standard/PCI-DSS-v4_0.pdf">3.3.1.1</reference>
            <reference href="https://docs-prv.pcisecuritystandards.org/PCI%20DSS/Standard/PCI-DSS-v4_0.pdf">3.3.1</reference>
            <reference href="https://docs-prv.pcisecuritystandards.org/PCI%20DSS/Standard/PCI-DSS-v4_0.pdf">3.3</reference>
            <rationale xmlns:xhtml="http://www.w3.org/1999/xhtml" xml:lang="en-US">A core dump includes a memory image taken at the time the operating system
terminates an application. The memory image could contain sensitive data
and is generally useful only for developers or system operators trying to
debug problems. Enabling core dumps on production systems is not recommended,
however there may be overriding operational requirements to enable advanced
debugging. Permitting temporary enablement of core dumps during such situations
should be reviewed through local needs and policy.</rationale>
            <platform idref="#package_systemd"/>
            <ident system="https://ncp.nist.gov/cce">CCE-85746-6</ident>
            <fix xmlns:xhtml="http://www.w3.org/1999/xhtml" id="coredump_disable_storage" system="urn:xccdf:fix:script:sh" complexity="low" disruption="low" strategy="restrict"># Remediation is applicable only in certain platforms
if rpm --quiet -q kernel-default || rpm --quiet -q kernel-default-base &amp;&amp; { rpm --quiet -q systemd; }; then

found=false

# set value in all files if they contain section or key
for f in $(echo -n "/etc/systemd/coredump.conf.d/complianceascode_hardening.conf /etc/systemd/coredump.conf.d/*.conf /etc/systemd/coredump.conf"); do
    if [ ! -e "$f" ]; then
        continue
    fi

    # find key in section and change value
    if grep -qzosP "[[:space:]]*\[Coredump\]([^\n\[]*\n+)+?[[:space:]]*Storage" "$f"; then
        if ! grep -qPz "Storage=none" "$f"; then

            sed -i "s/Storage[^(\n)]*/Storage=none/" "$f"

        fi

        found=true

    # find section and add key = value to it
    elif grep -qs "[[:space:]]*\[Coredump\]" "$f"; then

            sed -i "/[[:space:]]*\[Coredump\]/a Storage=none" "$f"

            found=true
    fi
done

# if section not in any file, append section with key = value to FIRST file in files parameter
if ! $found ; then
    file=$(echo "/etc/systemd/coredump.conf.d/complianceascode_hardening.conf /etc/systemd/coredump.conf.d/*.conf /etc/systemd/coredump.conf" | cut -f1 -d ' ')
    mkdir -p "$(dirname "$file")"

    echo -e "[Coredump]\nStorage=none" &gt;&gt; "$file"

fi

else
    &gt;&amp;2 echo 'Remediation is not applicable, nothing was done'
fi
</fix>
            <fix xmlns:xhtml="http://www.w3.org/1999/xhtml" id="coredump_disable_storage" system="urn:xccdf:fix:script:ansible" complexity="low" disruption="low" strategy="restrict">- name: Gather the package facts
  package_facts:
    manager: auto
  tags:
  - CCE-85746-6
  - NIST-800-53-CM-6
  - PCI-DSS-Req-3.2
  - PCI-DSSv4-3.3
  - PCI-DSSv4-3.3.1
  - PCI-DSSv4-3.3.1.1
  - coredump_disable_storage
  - low_complexity
  - low_disruption
  - medium_severity
  - no_reboot_needed
  - restrict_strategy

- name: Disable storing core dump - Search for a section in files
  ansible.builtin.find:
    paths: '{{item.path}}'
    patterns: '{{item.pattern}}'
    contains: ^\s*\[Coredump\]
    read_whole_file: true
    use_regex: true
  register: systemd_dropin_files_with_section
  loop:
  - path: '{{ ''/etc/systemd/coredump.conf'' | dirname }}'
    pattern: '{{ ''/etc/systemd/coredump.conf'' | basename | regex_escape }}'
  - path: /etc/systemd/coredump.conf.d
    pattern: .*\.conf
  when:
  - ("kernel-default" in ansible_facts.packages or "kernel-default-base" in ansible_facts.packages)
  - '"systemd" in ansible_facts.packages'
  tags:
  - CCE-85746-6
  - NIST-800-53-CM-6
  - PCI-DSS-Req-3.2
  - PCI-DSSv4-3.3
  - PCI-DSSv4-3.3.1
  - PCI-DSSv4-3.3.1.1
  - coredump_disable_storage
  - low_complexity
  - low_disruption
  - medium_severity
  - no_reboot_needed
  - restrict_strategy

- name: Disable storing core dump - Count number of files which contain the correct
    section
  ansible.builtin.set_fact:
    count_of_systemd_dropin_files_with_section: '{{systemd_dropin_files_with_section.results
      | map(attribute=''matched'') | list | map(''int'') | sum}}'
  when:
  - ("kernel-default" in ansible_facts.packages or "kernel-default-base" in ansible_facts.packages)
  - '"systemd" in ansible_facts.packages'
  tags:
  - CCE-85746-6
  - NIST-800-53-CM-6
  - PCI-DSS-Req-3.2
  - PCI-DSSv4-3.3
  - PCI-DSSv4-3.3.1
  - PCI-DSSv4-3.3.1.1
  - coredump_disable_storage
  - low_complexity
  - low_disruption
  - medium_severity
  - no_reboot_needed
  - restrict_strategy

- name: Disable storing core dump - Add missing configuration to correct section
  community.general.ini_file:
    path: '{{item}}'
    section: Coredump
    option: Storage
    value: none
    state: present
    no_extra_spaces: true
  when:
  - ("kernel-default" in ansible_facts.packages or "kernel-default-base" in ansible_facts.packages)
  - '"systemd" in ansible_facts.packages'
  - count_of_systemd_dropin_files_with_section | int &gt; 0
  loop: '{{systemd_dropin_files_with_section.results | sum(attribute=''files'', start=[])
    | map(attribute=''path'') | list }}'
  tags:
  - CCE-85746-6
  - NIST-800-53-CM-6
  - PCI-DSS-Req-3.2
  - PCI-DSSv4-3.3
  - PCI-DSSv4-3.3.1
  - PCI-DSSv4-3.3.1.1
  - coredump_disable_storage
  - low_complexity
  - low_disruption
  - medium_severity
  - no_reboot_needed
  - restrict_strategy

- name: Disable storing core dump - Add configuration to new remediation file
  community.general.ini_file:
    path: /etc/systemd/coredump.conf.d/complianceascode_hardening.conf
    section: Coredump
    option: Storage
    value: none
    state: present
    no_extra_spaces: true
    create: true
  when:
  - ("kernel-default" in ansible_facts.packages or "kernel-default-base" in ansible_facts.packages)
  - '"systemd" in ansible_facts.packages'
  - count_of_systemd_dropin_files_with_section | int == 0
  tags:
  - CCE-85746-6
  - NIST-800-53-CM-6
  - PCI-DSS-Req-3.2
  - PCI-DSSv4-3.3
  - PCI-DSSv4-3.3.1
  - PCI-DSSv4-3.3.1.1
  - coredump_disable_storage
  - low_complexity
  - low_disruption
  - medium_severity
  - no_reboot_needed
  - restrict_strategy
</fix>
            <check system="http://oval.mitre.org/XMLSchema/oval-definitions-5">
              <check-content-ref name="oval:ssg-coredump_disable_storage:def:1" href="ssg-sle15-oval.xml"/>
            </check>
            <check system="http://scap.nist.gov/schema/ocil/2">
              <check-content-ref name="ocil:ssg-coredump_disable_storage_ocil:questionnaire:1" href="ssg-sle15-ocil.xml"/>
            </check>
          </Rule>
          <Rule id="xccdf_org.ssgproject.content_rule_disable_users_coredumps" selected="false" role="full" severity="medium">
            <title xmlns:xhtml="http://www.w3.org/1999/xhtml" xml:lang="en-US">Disable Core Dumps for All Users</title>
            <description xmlns:xhtml="http://www.w3.org/1999/xhtml" xml:lang="en-US">To disable core dumps for all users, add the following line to
<html:code xmlns:html="http://www.w3.org/1999/xhtml">/etc/security/limits.conf</html:code>, or to a file within the
<html:code xmlns:html="http://www.w3.org/1999/xhtml">/etc/security/limits.d/</html:code> directory:
<html:pre xmlns:html="http://www.w3.org/1999/xhtml">*     hard   core    0</html:pre>
        </description>
            <reference href="https://www.cisecurity.org/controls/">1</reference>
            <reference href="https://www.cisecurity.org/controls/">12</reference>
            <reference href="https://www.cisecurity.org/controls/">13</reference>
            <reference href="https://www.cisecurity.org/controls/">15</reference>
            <reference href="https://www.cisecurity.org/controls/">16</reference>
            <reference href="https://www.cisecurity.org/controls/">2</reference>
            <reference href="https://www.cisecurity.org/controls/">7</reference>
            <reference href="https://www.cisecurity.org/controls/">8</reference>
            <reference href="https://www.isaca.org/resources/cobit">APO13.01</reference>
            <reference href="https://www.isaca.org/resources/cobit">BAI04.04</reference>
            <reference href="https://www.isaca.org/resources/cobit">DSS01.03</reference>
            <reference href="https://www.isaca.org/resources/cobit">DSS03.05</reference>
            <reference href="https://www.isaca.org/resources/cobit">DSS05.07</reference>
            <reference href="https://www.isa.org/products/ansi-isa-62443-3-3-99-03-03-2013-security-for-indu">SR 6.2</reference>
            <reference href="https://www.isa.org/products/ansi-isa-62443-3-3-99-03-03-2013-security-for-indu">SR 7.1</reference>
            <reference href="https://www.isa.org/products/ansi-isa-62443-3-3-99-03-03-2013-security-for-indu">SR 7.2</reference>
            <reference href="https://www.iso.org/contents/data/standard/05/45/54534.html">A.12.1.3</reference>
            <reference href="https://www.iso.org/contents/data/standard/05/45/54534.html">A.17.2.1</reference>
            <reference href="http://nvlpubs.nist.gov/nistpubs/SpecialPublications/NIST.SP.800-53r4.pdf">CM-6</reference>
            <reference href="http://nvlpubs.nist.gov/nistpubs/SpecialPublications/NIST.SP.800-53r4.pdf">SC-7(10)</reference>
            <reference href="https://nvlpubs.nist.gov/nistpubs/CSWP/NIST.CSWP.04162018.pdf">DE.CM-1</reference>
            <reference href="https://nvlpubs.nist.gov/nistpubs/CSWP/NIST.CSWP.04162018.pdf">PR.DS-4</reference>
            <reference href="https://www.cyber.mil/stigs/downloads/?_dl_facet_stigs=operating-systems%2Cgeneral-purpose-os">SRG-OS-000480-GPOS-00227</reference>
            <reference href="https://www.cisecurity.org/benchmark/suse_linux/">1.6.1</reference>
            <reference href="not_publicly_available">SLES-15-150750030</reference>
            <reference href="https://docs-prv.pcisecuritystandards.org/PCI%20DSS/Standard/PCI-DSS-v4_0.pdf">3.3.1.1</reference>
            <reference href="https://docs-prv.pcisecuritystandards.org/PCI%20DSS/Standard/PCI-DSS-v4_0.pdf">3.3.1</reference>
            <reference href="https://docs-prv.pcisecuritystandards.org/PCI%20DSS/Standard/PCI-DSS-v4_0.pdf">3.3</reference>
            <rationale xmlns:xhtml="http://www.w3.org/1999/xhtml" xml:lang="en-US">A core dump includes a memory image taken at the time the operating system
terminates an application. The memory image could contain sensitive data and is generally useful
only for developers trying to debug problems.</rationale>
            <platform idref="#package_pam"/>
            <ident system="https://ncp.nist.gov/cce">CCE-85740-9</ident>
            <fix xmlns:xhtml="http://www.w3.org/1999/xhtml" id="disable_users_coredumps" system="urn:xccdf:fix:script:sh"># Remediation is applicable only in certain platforms
if rpm --quiet -q kernel-default || rpm --quiet -q kernel-default-base &amp;&amp; { rpm --quiet -q pam; }; then

SECURITY_LIMITS_FILE="/etc/security/limits.conf"
DROPIN_DIR="/etc/security/limits.d"
DROPIN_FILE="$DROPIN_DIR/10-ssg-hardening.conf"
REGEX_CORRECT_VALUE="^\s*\*\s+hard\s+core\s+0\s*$"

# Remove bad configuration in drop-ins
if [ -d "$DROPIN_DIR" ]; then
    for override in "$DROPIN_DIR"/*.conf; do
        if [ -f "$override" ] &amp;&amp; ! grep -qE "$REGEX_CORRECT_VALUE" "$override"; then
            sed -ir -E '/^[[:space:]]*\*[[:space:]]+hard[[:space:]]+core[[:space:]]+/ s/^/#/' "$override"
        fi
    done
fi

if [ -d "$DROPIN_DIR" ] &amp;&amp; grep -qEr "$REGEX_CORRECT_VALUE" "$DROPIN_DIR"; then
    exit 0
elif [ ! -d "$DROPIN_DIR" ] &amp;&amp; grep -qE "$REGEX_CORRECT_VALUE" "$SECURITY_LIMITS_FILE"; then
    exit 0
else
    mkdir -p "$DROPIN_DIR"
    echo "*     hard   core    0" &gt;&gt; $DROPIN_FILE
fi

else
    &gt;&amp;2 echo 'Remediation is not applicable, nothing was done'
fi
</fix>
            <fix xmlns:xhtml="http://www.w3.org/1999/xhtml" id="disable_users_coredumps" system="urn:xccdf:fix:script:ansible" complexity="low" disruption="low" strategy="restrict">- name: Gather the package facts
  package_facts:
    manager: auto
  tags:
  - CCE-85740-9
  - NIST-800-53-CM-6
  - NIST-800-53-SC-7(10)
  - PCI-DSSv4-3.3
  - PCI-DSSv4-3.3.1
  - PCI-DSSv4-3.3.1.1
  - disable_users_coredumps
  - low_complexity
  - low_disruption
  - medium_severity
  - no_reboot_needed
  - restrict_strategy

- name: Disable Core Dumps for All Users - Set dirs, files and regex variables
  ansible.builtin.set_fact:
    limits_dropin_dir: /etc/security/limits.d
    limits_dropin_file: /etc/security/limits.d/10-ssg-hardening.conf
    limits_main_file: /etc/security/limits.conf
    limits_correct_regex: ^\s*\*\s+hard\s+core\s+0\s*$
  when:
  - ("kernel-default" in ansible_facts.packages or "kernel-default-base" in ansible_facts.packages)
  - '"pam" in ansible_facts.packages'
  tags:
  - CCE-85740-9
  - NIST-800-53-CM-6
  - NIST-800-53-SC-7(10)
  - PCI-DSSv4-3.3
  - PCI-DSSv4-3.3.1
  - PCI-DSSv4-3.3.1.1
  - disable_users_coredumps
  - low_complexity
  - low_disruption
  - medium_severity
  - no_reboot_needed
  - restrict_strategy

- name: Disable Core Dumps for All Users - Find valid drop-ins for core limit
  ansible.builtin.find:
    paths: '{{ limits_dropin_dir }}'
    patterns: '*.conf'
    contains: '{{ limits_correct_regex }}'
    file_type: file
  register: valid_dropins
  failed_when: false
  when:
  - ("kernel-default" in ansible_facts.packages or "kernel-default-base" in ansible_facts.packages)
  - '"pam" in ansible_facts.packages'
  tags:
  - CCE-85740-9
  - NIST-800-53-CM-6
  - NIST-800-53-SC-7(10)
  - PCI-DSSv4-3.3
  - PCI-DSSv4-3.3.1
  - PCI-DSSv4-3.3.1.1
  - disable_users_coredumps
  - low_complexity
  - low_disruption
  - medium_severity
  - no_reboot_needed
  - restrict_strategy

- name: Disable Core Dumps for All Users - Find all drop-ins with any core limit
  ansible.builtin.find:
    paths: '{{ limits_dropin_dir }}'
    patterns: '*.conf'
    contains: ^\s*\*\s+hard\s+core\s+
    file_type: file
  register: all_dropins
  failed_when: false
  when:
  - ("kernel-default" in ansible_facts.packages or "kernel-default-base" in ansible_facts.packages)
  - '"pam" in ansible_facts.packages'
  tags:
  - CCE-85740-9
  - NIST-800-53-CM-6
  - NIST-800-53-SC-7(10)
  - PCI-DSSv4-3.3
  - PCI-DSSv4-3.3.1
  - PCI-DSSv4-3.3.1.1
  - disable_users_coredumps
  - low_complexity
  - low_disruption
  - medium_severity
  - no_reboot_needed
  - restrict_strategy

- name: Disable Core Dumps for All Users - Get invalid drop-ins
  ansible.builtin.set_fact:
    invalid_dropins: '{{ all_dropins.files | rejectattr(''path'', ''in'', valid_dropins.files
      | map(attribute=''path'') | list) | map(attribute=''path'') | list }}'
  when:
  - ("kernel-default" in ansible_facts.packages or "kernel-default-base" in ansible_facts.packages)
  - '"pam" in ansible_facts.packages'
  tags:
  - CCE-85740-9
  - NIST-800-53-CM-6
  - NIST-800-53-SC-7(10)
  - PCI-DSSv4-3.3
  - PCI-DSSv4-3.3.1
  - PCI-DSSv4-3.3.1.1
  - disable_users_coredumps
  - low_complexity
  - low_disruption
  - medium_severity
  - no_reboot_needed
  - restrict_strategy

- name: Disable Core Dumps for All Users - Comment invalid * hard core lines in drop-ins
  ansible.builtin.replace:
    path: '{{ item }}'
    regexp: (^\s*\*\s+hard\s+core\s+.*$)
    replace: '#\1'
  loop: '{{ invalid_dropins }}'
  when:
  - ("kernel-default" in ansible_facts.packages or "kernel-default-base" in ansible_facts.packages)
  - '"pam" in ansible_facts.packages'
  - invalid_dropins | length &gt; 0
  tags:
  - CCE-85740-9
  - NIST-800-53-CM-6
  - NIST-800-53-SC-7(10)
  - PCI-DSSv4-3.3
  - PCI-DSSv4-3.3.1
  - PCI-DSSv4-3.3.1.1
  - disable_users_coredumps
  - low_complexity
  - low_disruption
  - medium_severity
  - no_reboot_needed
  - restrict_strategy

- name: Disable Core Dumps for All Users - Check if main limits.conf contains correct
    core limit
  ansible.builtin.find:
    paths: /etc/security
    patterns: limits.conf
    contains: '{{ limits_correct_regex }}'
    file_type: file
  register: main_valid
  failed_when: false
  when:
  - ("kernel-default" in ansible_facts.packages or "kernel-default-base" in ansible_facts.packages)
  - '"pam" in ansible_facts.packages'
  - not (valid_dropins.matched | default(0) &gt; 0)
  tags:
  - CCE-85740-9
  - NIST-800-53-CM-6
  - NIST-800-53-SC-7(10)
  - PCI-DSSv4-3.3
  - PCI-DSSv4-3.3.1
  - PCI-DSSv4-3.3.1.1
  - disable_users_coredumps
  - low_complexity
  - low_disruption
  - medium_severity
  - no_reboot_needed
  - restrict_strategy

- name: Disable Core Dumps for All Users - Set fact if configuration is valid
  ansible.builtin.set_fact:
    core_limit_valid: '{{ (valid_dropins.matched | default(0)) &gt; 0 or (main_valid.matched
      | default(0)) &gt; 0 }}'
  when:
  - ("kernel-default" in ansible_facts.packages or "kernel-default-base" in ansible_facts.packages)
  - '"pam" in ansible_facts.packages'
  tags:
  - CCE-85740-9
  - NIST-800-53-CM-6
  - NIST-800-53-SC-7(10)
  - PCI-DSSv4-3.3
  - PCI-DSSv4-3.3.1
  - PCI-DSSv4-3.3.1.1
  - disable_users_coredumps
  - low_complexity
  - low_disruption
  - medium_severity
  - no_reboot_needed
  - restrict_strategy

- name: Disable Core Dumps for All Users - Ensure drop-in directory exists
  ansible.builtin.file:
    path: '{{ limits_dropin_dir }}'
    state: directory
  when:
  - ("kernel-default" in ansible_facts.packages or "kernel-default-base" in ansible_facts.packages)
  - '"pam" in ansible_facts.packages'
  - not core_limit_valid
  tags:
  - CCE-85740-9
  - NIST-800-53-CM-6
  - NIST-800-53-SC-7(10)
  - PCI-DSSv4-3.3
  - PCI-DSSv4-3.3.1
  - PCI-DSSv4-3.3.1.1
  - disable_users_coredumps
  - low_complexity
  - low_disruption
  - medium_severity
  - no_reboot_needed
  - restrict_strategy

- name: Disable Core Dumps for All Users - Deploy 10-ssg-hardening.conf drop-in with
    correct core limit
  ansible.builtin.copy:
    dest: '{{ limits_dropin_file }}'
    content: |
      *     hard   core    0
  when:
  - ("kernel-default" in ansible_facts.packages or "kernel-default-base" in ansible_facts.packages)
  - '"pam" in ansible_facts.packages'
  - not core_limit_valid
  tags:
  - CCE-85740-9
  - NIST-800-53-CM-6
  - NIST-800-53-SC-7(10)
  - PCI-DSSv4-3.3
  - PCI-DSSv4-3.3.1
  - PCI-DSSv4-3.3.1.1
  - disable_users_coredumps
  - low_complexity
  - low_disruption
  - medium_severity
  - no_reboot_needed
  - restrict_strategy
</fix>
            <check system="http://oval.mitre.org/XMLSchema/oval-definitions-5">
              <check-content-ref name="oval:ssg-disable_users_coredumps:def:1" href="ssg-sle15-oval.xml"/>
            </check>
            <check system="http://scap.nist.gov/schema/ocil/2">
              <check-content-ref name="ocil:ssg-disable_users_coredumps_ocil:questionnaire:1" href="ssg-sle15-ocil.xml"/>
            </check>
          </Rule>
          <Rule id="xccdf_org.ssgproject.content_rule_sysctl_fs_suid_dumpable" selected="false" role="full" severity="medium">
            <title xmlns:xhtml="http://www.w3.org/1999/xhtml" xml:lang="en-US">Disable Core Dumps for SUID programs</title>
            <description xmlns:xhtml="http://www.w3.org/1999/xhtml" xml:lang="en-US">To set the runtime status of the <html:code xmlns:html="http://www.w3.org/1999/xhtml">fs.suid_dumpable</html:code> kernel parameter, run the following command: <html:pre xmlns:html="http://www.w3.org/1999/xhtml">$ sudo sysctl -w fs.suid_dumpable=0</html:pre>
To make sure that the setting is persistent, add the following line to a file in the directory <html:code xmlns:html="http://www.w3.org/1999/xhtml">/etc/sysctl.d</html:code>: <html:pre xmlns:html="http://www.w3.org/1999/xhtml">fs.suid_dumpable = 0</html:pre>
        </description>
            <reference href="https://www.gpo.gov/fdsys/pkg/CFR-2007-title45-vol1/pdf/CFR-2007-title45-vol1-chapA-subchapC.pdf">164.308(a)(1)(ii)(D)</reference>
            <reference href="https://www.gpo.gov/fdsys/pkg/CFR-2007-title45-vol1/pdf/CFR-2007-title45-vol1-chapA-subchapC.pdf">164.308(a)(3)</reference>
            <reference href="https://www.gpo.gov/fdsys/pkg/CFR-2007-title45-vol1/pdf/CFR-2007-title45-vol1-chapA-subchapC.pdf">164.308(a)(4)</reference>
            <reference href="https://www.gpo.gov/fdsys/pkg/CFR-2007-title45-vol1/pdf/CFR-2007-title45-vol1-chapA-subchapC.pdf">164.310(b)</reference>
            <reference href="https://www.gpo.gov/fdsys/pkg/CFR-2007-title45-vol1/pdf/CFR-2007-title45-vol1-chapA-subchapC.pdf">164.310(c)</reference>
            <reference href="https://www.gpo.gov/fdsys/pkg/CFR-2007-title45-vol1/pdf/CFR-2007-title45-vol1-chapA-subchapC.pdf">164.312(a)</reference>
            <reference href="https://www.gpo.gov/fdsys/pkg/CFR-2007-title45-vol1/pdf/CFR-2007-title45-vol1-chapA-subchapC.pdf">164.312(e)</reference>
            <reference href="http://nvlpubs.nist.gov/nistpubs/SpecialPublications/NIST.SP.800-53r4.pdf">SI-11(a)</reference>
            <reference href="http://nvlpubs.nist.gov/nistpubs/SpecialPublications/NIST.SP.800-53r4.pdf">SI-11(b)</reference>
            <reference href="https://www.cisecurity.org/benchmark/suse_linux/">1.6.1</reference>
            <reference href="https://cyber.gouv.fr/sites/default/files/document/linux_configuration-en-v2.pdf">R14</reference>
            <reference href="not_publicly_available">SLES-15-150750030</reference>
            <reference href="https://docs-prv.pcisecuritystandards.org/PCI%20DSS/Standard/PCI-DSS-v4_0.pdf">3.3.1.1</reference>
            <reference href="https://docs-prv.pcisecuritystandards.org/PCI%20DSS/Standard/PCI-DSS-v4_0.pdf">3.3.1</reference>
            <reference href="https://docs-prv.pcisecuritystandards.org/PCI%20DSS/Standard/PCI-DSS-v4_0.pdf">3.3</reference>
            <rationale xmlns:xhtml="http://www.w3.org/1999/xhtml" xml:lang="en-US">The core dump of a setuid program is more likely to contain
sensitive data, as the program itself runs with greater privileges than the
user who initiated execution of the program.  Disabling the ability for any
setuid program to write a core file decreases the risk of unauthorized access
of such data.</rationale>
            <platform idref="#system_with_kernel"/>
            <ident system="https://ncp.nist.gov/cce">CCE-91447-3</ident>
            <fix xmlns:xhtml="http://www.w3.org/1999/xhtml" id="sysctl_fs_suid_dumpable" system="urn:xccdf:fix:script:sh" reboot="true" complexity="low" disruption="medium" strategy="disable"># Remediation is applicable only in certain platforms
if rpm --quiet -q kernel-default || rpm --quiet -q kernel-default-base; then

# Comment out any occurrences of fs.suid_dumpable from /etc/sysctl.d/*.conf files

for f in /etc/sysctl.d/*.conf /run/sysctl.d/*.conf /usr/local/lib/sysctl.d/*.conf /lib/sysctl.d/*.conf; do


  # skip systemd-sysctl symlink (/etc/sysctl.d/99-sysctl.conf -&gt; /etc/sysctl.conf)
  if [[ "$(readlink -f "$f")" == "/etc/sysctl.conf" ]]; then continue; fi

  matching_list=$(grep -P '^(?!#).*[\s]*fs.suid_dumpable.*$' $f | uniq )
  if ! test -z "$matching_list"; then
    while IFS= read -r entry; do
      escaped_entry=$(sed -e 's|/|\\/|g' &lt;&lt;&lt; "$entry")
      # comment out "fs.suid_dumpable" matches to preserve user data
      sed -i --follow-symlinks "s/^${escaped_entry}$/# &amp;/g" $f
    done &lt;&lt;&lt; "$matching_list"
  fi
done

#
# Set sysctl config file which to save the desired value
#

SYSCONFIG_FILE='/etc/sysctl.d/fs_suid_dumpable.conf'


#
# Set runtime for fs.suid_dumpable
#
if ! { rpm --quiet -q kernel rpm-ostree bootc &amp;&amp; ! rpm --quiet -q openshift-kubelet &amp;&amp; { [ -f "/run/.containerenv" ] || [ -f "/.containerenv" ]; }; } ; then
    /sbin/sysctl -q -n -w fs.suid_dumpable="0"
fi

#
# If fs.suid_dumpable present in /etc/sysctl.conf, change value to "0"
#	else, add "fs.suid_dumpable = 0" to /etc/sysctl.conf
#

sed -i "/^$SYSCONFIG_VAR/d" /etc/sysctl.conf

# Strip any search characters in the key arg so that the key can be replaced without
# adding any search characters to the config file.
stripped_key=$(sed 's/[\^=\$,;+]*//g' &lt;&lt;&lt; "^fs.suid_dumpable")

# shellcheck disable=SC2059
printf -v formatted_output "%s = %s" "$stripped_key" "0"

# If the key exists, change it. Otherwise, add it to the config_file.
# We search for the key string followed by a word boundary (matched by \&gt;),
# so if we search for 'setting', 'setting2' won't match.
if LC_ALL=C grep -q -m 1 -i -e "^fs.suid_dumpable\\&gt;" "${SYSCONFIG_FILE}"; then
    escaped_formatted_output=$(sed -e 's|/|\\/|g' &lt;&lt;&lt; "$formatted_output")
    LC_ALL=C sed -i --follow-symlinks "s/^fs.suid_dumpable\\&gt;.*/$escaped_formatted_output/gi" "${SYSCONFIG_FILE}"
else
    if [[ -s "${SYSCONFIG_FILE}" ]] &amp;&amp; [[ -n "$(tail -c 1 -- "${SYSCONFIG_FILE}" || true)" ]]; then
        LC_ALL=C sed -i --follow-symlinks '$a'\\ "${SYSCONFIG_FILE}"
    fi
    cce="CCE-91447-3"
    printf '# Per %s: Set %s in %s\n' "${cce}" "${formatted_output}" "${SYSCONFIG_FILE}" &gt;&gt; "${SYSCONFIG_FILE}"
    printf '%s\n' "$formatted_output" &gt;&gt; "${SYSCONFIG_FILE}"
fi

else
    &gt;&amp;2 echo 'Remediation is not applicable, nothing was done'
fi
</fix>
            <fix xmlns:xhtml="http://www.w3.org/1999/xhtml" id="sysctl_fs_suid_dumpable" system="urn:xccdf:fix:script:ansible" reboot="true" complexity="low" disruption="medium" strategy="disable">- name: Gather the package facts
  package_facts:
    manager: auto
  tags:
  - CCE-91447-3
  - NIST-800-53-SI-11(a)
  - NIST-800-53-SI-11(b)
  - PCI-DSSv4-3.3
  - PCI-DSSv4-3.3.1
  - PCI-DSSv4-3.3.1.1
  - disable_strategy
  - low_complexity
  - medium_disruption
  - medium_severity
  - reboot_required
  - sysctl_fs_suid_dumpable

- name: Disable Core Dumps for SUID programs - Set fact for sysctl paths
  ansible.builtin.set_fact:
    sysctl_paths:
    - /run/sysctl.d/
    - /etc/sysctl.d/
    - /usr/local/lib/sysctl.d/
    - /lib/sysctl.d/
  when: ("kernel-default" in ansible_facts.packages or "kernel-default-base" in ansible_facts.packages)
  tags:
  - CCE-91447-3
  - NIST-800-53-SI-11(a)
  - NIST-800-53-SI-11(b)
  - PCI-DSSv4-3.3
  - PCI-DSSv4-3.3.1
  - PCI-DSSv4-3.3.1.1
  - disable_strategy
  - low_complexity
  - medium_disruption
  - medium_severity
  - reboot_required
  - sysctl_fs_suid_dumpable

- name: Disable Core Dumps for SUID programs - Find all files that contain fs.suid_dumpable
  ansible.builtin.shell:
    cmd: find -L {{ sysctl_paths | join(" ") }} -type f -name '*.conf' | xargs grep
      -HP '^\s*fs.suid_dumpable\s*=\s*.*$'
  register: find_all_values
  check_mode: false
  changed_when: false
  failed_when: false
  when: ("kernel-default" in ansible_facts.packages or "kernel-default-base" in ansible_facts.packages)
  tags:
  - CCE-91447-3
  - NIST-800-53-SI-11(a)
  - NIST-800-53-SI-11(b)
  - PCI-DSSv4-3.3
  - PCI-DSSv4-3.3.1
  - PCI-DSSv4-3.3.1.1
  - disable_strategy
  - low_complexity
  - medium_disruption
  - medium_severity
  - reboot_required
  - sysctl_fs_suid_dumpable

- name: Disable Core Dumps for SUID programs - Find all files that set fs.suid_dumpable
    to correct value
  ansible.builtin.shell:
    cmd: find -L {{ sysctl_paths | join(" ") }} -type f -name '*.conf' | xargs grep
      -HP '^\s*fs.suid_dumpable\s*=\s*0$'
  register: find_correct_value
  check_mode: false
  changed_when: false
  failed_when: false
  when: ("kernel-default" in ansible_facts.packages or "kernel-default-base" in ansible_facts.packages)
  tags:
  - CCE-91447-3
  - NIST-800-53-SI-11(a)
  - NIST-800-53-SI-11(b)
  - PCI-DSSv4-3.3
  - PCI-DSSv4-3.3.1
  - PCI-DSSv4-3.3.1.1
  - disable_strategy
  - low_complexity
  - medium_disruption
  - medium_severity
  - reboot_required
  - sysctl_fs_suid_dumpable

- name: Disable Core Dumps for SUID programs - Comment out any occurrences of fs.suid_dumpable
    from config files
  ansible.builtin.replace:
    path: '{{ item | split(":") | first }}'
    regexp: ^[\s]*fs.suid_dumpable
    replace: '#fs.suid_dumpable'
  loop: '{{ find_all_values.stdout_lines }}'
  when:
  - ("kernel-default" in ansible_facts.packages or "kernel-default-base" in ansible_facts.packages)
  - find_correct_value.stdout_lines | length == 0 or find_all_values.stdout_lines
    | length &gt; find_correct_value.stdout_lines | length
  tags:
  - CCE-91447-3
  - NIST-800-53-SI-11(a)
  - NIST-800-53-SI-11(b)
  - PCI-DSSv4-3.3
  - PCI-DSSv4-3.3.1
  - PCI-DSSv4-3.3.1.1
  - disable_strategy
  - low_complexity
  - medium_disruption
  - medium_severity
  - reboot_required
  - sysctl_fs_suid_dumpable

- name: Disable Core Dumps for SUID programs - Comment out any occurrences of fs.suid_dumpable
    from /etc/sysctl.conf
  ansible.builtin.replace:
    path: /etc/sysctl.conf
    regexp: ^[\s]*fs.suid_dumpable
    replace: '#fs.suid_dumpable'
  when: ("kernel-default" in ansible_facts.packages or "kernel-default-base" in ansible_facts.packages)
  tags:
  - CCE-91447-3
  - NIST-800-53-SI-11(a)
  - NIST-800-53-SI-11(b)
  - PCI-DSSv4-3.3
  - PCI-DSSv4-3.3.1
  - PCI-DSSv4-3.3.1.1
  - disable_strategy
  - low_complexity
  - medium_disruption
  - medium_severity
  - reboot_required
  - sysctl_fs_suid_dumpable

- name: Disable Core Dumps for SUID programs - Ensure sysctl fs.suid_dumpable is set
    to 0
  ansible.posix.sysctl:
    name: fs.suid_dumpable
    value: '0'
    sysctl_file: /etc/sysctl.d/fs_suid_dumpable.conf
    state: present
    reload: true
  when: ("kernel-default" in ansible_facts.packages or "kernel-default-base" in ansible_facts.packages)
  tags:
  - CCE-91447-3
  - NIST-800-53-SI-11(a)
  - NIST-800-53-SI-11(b)
  - PCI-DSSv4-3.3
  - PCI-DSSv4-3.3.1
  - PCI-DSSv4-3.3.1.1
  - disable_strategy
  - low_complexity
  - medium_disruption
  - medium_severity
  - reboot_required
  - sysctl_fs_suid_dumpable
</fix>
            <check system="http://open-scap.org/page/SCE">
              <check-import import-name="stdout">
                  </check-import>
              <check-content-ref href="sle15/checks/sce/sysctl_fs_suid_dumpable.sh"/>
            </check>
            <check system="http://oval.mitre.org/XMLSchema/oval-definitions-5">
              <check-content-ref name="oval:ssg-sysctl_fs_suid_dumpable:def:1" href="ssg-sle15-oval.xml"/>
            </check>
            <check system="http://scap.nist.gov/schema/ocil/2">
              <check-content-ref name="ocil:ssg-sysctl_fs_suid_dumpable_ocil:questionnaire:1" href="ssg-sle15-ocil.xml"/>
            </check>
          </Rule>
        </Group>
        <Group id="xccdf_org.ssgproject.content_group_enable_execshield_settings">
          <title xmlns:xhtml="http://www.w3.org/1999/xhtml" xml:lang="en-US">Enable ExecShield</title>
          <description xmlns:xhtml="http://www.w3.org/1999/xhtml" xml:lang="en-US">ExecShield describes kernel features that provide
protection against exploitation of memory corruption errors such as buffer
overflows. These features include random placement of the stack and other
memory regions, prevention of execution in memory that should only hold data,
and special handling of text buffers. These protections are enabled by default
on 32-bit systems and controlled through <html:code xmlns:html="http://www.w3.org/1999/xhtml">sysctl</html:code> variables 
<html:code xmlns:html="http://www.w3.org/1999/xhtml">kernel.exec-shield</html:code> and <html:code xmlns:html="http://www.w3.org/1999/xhtml">kernel.randomize_va_space</html:code>. On the latest
64-bit systems, <html:code xmlns:html="http://www.w3.org/1999/xhtml">kernel.exec-shield</html:code> cannot be enabled or disabled with 
<html:code xmlns:html="http://www.w3.org/1999/xhtml">sysctl</html:code>.</description>
          <Value id="xccdf_org.ssgproject.content_value_sysctl_kernel_kptr_restrict_value" type="number">
            <title xmlns:xhtml="http://www.w3.org/1999/xhtml" xml:lang="en-US">kernel.kptr_restrict</title>
            <description xmlns:xhtml="http://www.w3.org/1999/xhtml" xml:lang="en-US">Configure exposition of kernel pointer addresses </description>
            <value>1</value>
            <value selector="1">1</value>
            <value selector="2">2</value>
          </Value>
          <Rule id="xccdf_org.ssgproject.content_rule_sysctl_kernel_exec_shield" selected="false" role="full" severity="medium">
            <title xmlns:xhtml="http://www.w3.org/1999/xhtml" xml:lang="en-US">Enable ExecShield via sysctl</title>
            <description xmlns:xhtml="http://www.w3.org/1999/xhtml" xml:lang="en-US">By default on SUSE Linux Enterprise 15 64-bit systems, ExecShield is
enabled and can only be disabled if the hardware does not support
ExecShield or is disabled in <html:code xmlns:html="http://www.w3.org/1999/xhtml">/etc/default/grub</html:code>.



For SUSE Linux Enterprise 15  32-bit systems, <html:code xmlns:html="http://www.w3.org/1999/xhtml">sysctl</html:code> can be used to enable
ExecShield.</description>
            <reference href="https://www.cisecurity.org/controls/">12</reference>
            <reference href="https://www.cisecurity.org/controls/">15</reference>
            <reference href="https://www.cisecurity.org/controls/">8</reference>
            <reference href="https://www.isaca.org/resources/cobit">APO13.01</reference>
            <reference href="https://www.isaca.org/resources/cobit">DSS05.02</reference>
            <reference href="http://nvlpubs.nist.gov/nistpubs/SpecialPublications/NIST.SP.800-171.pdf">3.1.7</reference>
            <reference href="https://www.gpo.gov/fdsys/pkg/CFR-2007-title45-vol1/pdf/CFR-2007-title45-vol1-chapA-subchapC.pdf">164.308(a)(1)(ii)(D)</reference>
            <reference href="https://www.gpo.gov/fdsys/pkg/CFR-2007-title45-vol1/pdf/CFR-2007-title45-vol1-chapA-subchapC.pdf">164.308(a)(3)</reference>
            <reference href="https://www.gpo.gov/fdsys/pkg/CFR-2007-title45-vol1/pdf/CFR-2007-title45-vol1-chapA-subchapC.pdf">164.308(a)(4)</reference>
            <reference href="https://www.gpo.gov/fdsys/pkg/CFR-2007-title45-vol1/pdf/CFR-2007-title45-vol1-chapA-subchapC.pdf">164.310(b)</reference>
            <reference href="https://www.gpo.gov/fdsys/pkg/CFR-2007-title45-vol1/pdf/CFR-2007-title45-vol1-chapA-subchapC.pdf">164.310(c)</reference>
            <reference href="https://www.gpo.gov/fdsys/pkg/CFR-2007-title45-vol1/pdf/CFR-2007-title45-vol1-chapA-subchapC.pdf">164.312(a)</reference>
            <reference href="https://www.gpo.gov/fdsys/pkg/CFR-2007-title45-vol1/pdf/CFR-2007-title45-vol1-chapA-subchapC.pdf">164.312(e)</reference>
            <reference href="https://www.isa.org/products/ansi-isa-62443-3-3-99-03-03-2013-security-for-indu">SR 3.1</reference>
            <reference href="https://www.isa.org/products/ansi-isa-62443-3-3-99-03-03-2013-security-for-indu">SR 3.5</reference>
            <reference href="https://www.isa.org/products/ansi-isa-62443-3-3-99-03-03-2013-security-for-indu">SR 3.8</reference>
            <reference href="https://www.isa.org/products/ansi-isa-62443-3-3-99-03-03-2013-security-for-indu">SR 4.1</reference>
            <reference href="https://www.isa.org/products/ansi-isa-62443-3-3-99-03-03-2013-security-for-indu">SR 4.3</reference>
            <reference href="https://www.isa.org/products/ansi-isa-62443-3-3-99-03-03-2013-security-for-indu">SR 5.1</reference>
            <reference href="https://www.isa.org/products/ansi-isa-62443-3-3-99-03-03-2013-security-for-indu">SR 5.2</reference>
            <reference href="https://www.isa.org/products/ansi-isa-62443-3-3-99-03-03-2013-security-for-indu">SR 5.3</reference>
            <reference href="https://www.isa.org/products/ansi-isa-62443-3-3-99-03-03-2013-security-for-indu">SR 7.1</reference>
            <reference href="https://www.isa.org/products/ansi-isa-62443-3-3-99-03-03-2013-security-for-indu">SR 7.6</reference>
            <reference href="https://www.iso.org/contents/data/standard/05/45/54534.html">A.13.1.1</reference>
            <reference href="https://www.iso.org/contents/data/standard/05/45/54534.html">A.13.2.1</reference>
            <reference href="https://www.iso.org/contents/data/standard/05/45/54534.html">A.14.1.3</reference>
            <reference href="http://nvlpubs.nist.gov/nistpubs/SpecialPublications/NIST.SP.800-53r4.pdf">SC-39</reference>
            <reference href="http://nvlpubs.nist.gov/nistpubs/SpecialPublications/NIST.SP.800-53r4.pdf">CM-6(a)</reference>
            <reference href="https://nvlpubs.nist.gov/nistpubs/CSWP/NIST.CSWP.04162018.pdf">PR.PT-4</reference>
            <reference href="https://www.cyber.mil/stigs/downloads/?_dl_facet_stigs=operating-systems%2Cgeneral-purpose-os">SRG-OS-000433-GPOS-00192</reference>
            <reference href="https://www.cyber.gov.au/acsc/view-all-content/ism">1409</reference>
            <rationale xmlns:xhtml="http://www.w3.org/1999/xhtml" xml:lang="en-US">ExecShield uses the segmentation feature on all x86 systems to prevent
execution in memory higher than a certain address. It writes an address as
a limit in the code segment descriptor, to control where code can be
executed, on a per-process basis. When the kernel places a process's memory
regions such as the stack and heap higher than this address, the hardware
prevents execution in that address range. This is enabled by default on the
latest Red Hat and Fedora systems if supported by the hardware.</rationale>
            <platform idref="#system_with_kernel_and_x86_64_arch"/>
            <ident system="https://ncp.nist.gov/cce">CCE-91417-6</ident>
            <fix xmlns:xhtml="http://www.w3.org/1999/xhtml" id="sysctl_kernel_exec_shield" system="urn:xccdf:fix:script:sh" reboot="true" complexity="low" disruption="low" strategy="restrict"># Remediation is applicable only in certain platforms
if ( rpm --quiet -q kernel-default || rpm --quiet -q kernel-default-base &amp;&amp; ( grep -sqE "^.*\.x86_64$" /proc/sys/kernel/osrelease || grep -sqE "^x86_64$" /proc/sys/kernel/arch; ) ); then

if [ "$(getconf LONG_BIT)" = "32" ] ; then
  #
  # Set runtime for kernel.exec-shield
  #
  sysctl -q -n -w kernel.exec-shield=1

  #
  # If kernel.exec-shield present in /etc/sysctl.conf, change value to "1"
  #	else, add "kernel.exec-shield = 1" to /etc/sysctl.conf
  #
  # Strip any search characters in the key arg so that the key can be replaced without
# adding any search characters to the config file.
stripped_key=$(sed 's/[\^=\$,;+]*//g' &lt;&lt;&lt; "^kernel.exec-shield")

# shellcheck disable=SC2059
printf -v formatted_output "%s = %s" "$stripped_key" "1"

# If the key exists, change it. Otherwise, add it to the config_file.
# We search for the key string followed by a word boundary (matched by \&gt;),
# so if we search for 'setting', 'setting2' won't match.
if LC_ALL=C grep -q -m 1 -i -e "^kernel.exec-shield\\&gt;" "/etc/sysctl.conf"; then
    escaped_formatted_output=$(sed -e 's|/|\\/|g' &lt;&lt;&lt; "$formatted_output")
    LC_ALL=C sed -i --follow-symlinks "s/^kernel.exec-shield\\&gt;.*/$escaped_formatted_output/gi" "/etc/sysctl.conf"
else
    if [[ -s "/etc/sysctl.conf" ]] &amp;&amp; [[ -n "$(tail -c 1 -- "/etc/sysctl.conf" || true)" ]]; then
        LC_ALL=C sed -i --follow-symlinks '$a'\\ "/etc/sysctl.conf"
    fi
    cce="CCE-91417-6"
    printf '# Per %s: Set %s in %s\n' "${cce}" "${formatted_output}" "/etc/sysctl.conf" &gt;&gt; "/etc/sysctl.conf"
    printf '%s\n' "$formatted_output" &gt;&gt; "/etc/sysctl.conf"
fi
fi

if [ "$(getconf LONG_BIT)" = "64" ] ; then
    

# Correct the form of default kernel command line in GRUB
if grep -q -E '^GRUB_CMDLINE_LINUX=.*noexec=?.*"'  '/etc/default/grub' ; then
       sed -i 's/\(^GRUB_CMDLINE_LINUX=".*\)noexec=\?[^[:space:]]*\(.*"\)/\1 \2/' '/etc/default/grub'
fi
grub2-mkconfig -o /boot/grub2/grub.cfg

fi

else
    &gt;&amp;2 echo 'Remediation is not applicable, nothing was done'
fi
</fix>
            <fix xmlns:xhtml="http://www.w3.org/1999/xhtml" id="sysctl_kernel_exec_shield" system="urn:xccdf:fix:script:ansible" reboot="true" complexity="low" disruption="low" strategy="restrict">- name: Gather the package facts
  package_facts:
    manager: auto
  tags:
  - CCE-91417-6
  - NIST-800-171-3.1.7
  - NIST-800-53-CM-6(a)
  - NIST-800-53-SC-39
  - low_complexity
  - low_disruption
  - medium_severity
  - reboot_required
  - restrict_strategy
  - sysctl_kernel_exec_shield

- name: Set 32bit architecture for kernel exec-shield tasks
  ansible.builtin.set_fact:
    kexec_arch: b32
  when: ( ("kernel-default" in ansible_facts.packages or "kernel-default-base" in
    ansible_facts.packages) and ansible_architecture == "x86_64" )
  tags:
  - CCE-91417-6
  - NIST-800-171-3.1.7
  - NIST-800-53-CM-6(a)
  - NIST-800-53-SC-39
  - low_complexity
  - low_disruption
  - medium_severity
  - reboot_required
  - restrict_strategy
  - sysctl_kernel_exec_shield

- name: Set 64bit architecture for kernel exec-shield tasks
  ansible.builtin.set_fact:
    kexec_arch: b64
  when:
  - ( ("kernel-default" in ansible_facts.packages or "kernel-default-base" in ansible_facts.packages)
    and ansible_architecture == "x86_64" )
  - ansible_architecture == "aarch64" or ansible_architecture == "ppc64" or ansible_architecture
    == "ppc64le" or ansible_architecture == "s390x" or ansible_architecture == "x86_64"
  tags:
  - CCE-91417-6
  - NIST-800-171-3.1.7
  - NIST-800-53-CM-6(a)
  - NIST-800-53-SC-39
  - low_complexity
  - low_disruption
  - medium_severity
  - reboot_required
  - restrict_strategy
  - sysctl_kernel_exec_shield

- name: Ensure sysctl kernel.exec-shield is set to 1
  ansible.posix.sysctl:
    name: kernel.exec-shield
    value: '1'
    state: present
    reload: true
  when:
  - ( ("kernel-default" in ansible_facts.packages or "kernel-default-base" in ansible_facts.packages)
    and ansible_architecture == "x86_64" )
  - kexec_arch == "b32"
  tags:
  - CCE-91417-6
  - NIST-800-171-3.1.7
  - NIST-800-53-CM-6(a)
  - NIST-800-53-SC-39
  - low_complexity
  - low_disruption
  - medium_severity
  - reboot_required
  - restrict_strategy
  - sysctl_kernel_exec_shield

- name: Check noexec argument exists
  ansible.builtin.command: grep '^GRUB_CMDLINE_LINUX=.*noexec=.*"' /etc/default/grub
  failed_when: false
  register: argcheck
  when:
  - ( ("kernel-default" in ansible_facts.packages or "kernel-default-base" in ansible_facts.packages)
    and ansible_architecture == "x86_64" )
  - kexec_arch == "b64"
  tags:
  - CCE-91417-6
  - NIST-800-171-3.1.7
  - NIST-800-53-CM-6(a)
  - NIST-800-53-SC-39
  - low_complexity
  - low_disruption
  - medium_severity
  - reboot_required
  - restrict_strategy
  - sysctl_kernel_exec_shield

- name: Replace existing noexec argument
  ansible.builtin.replace:
    path: /etc/default/grub
    regexp: \(^GRUB_CMDLINE_LINUX=".*\)noexec=?[^[:space:]]*\(.*"\)
    replace: \1 \2
  when:
  - ( ("kernel-default" in ansible_facts.packages or "kernel-default-base" in ansible_facts.packages)
    and ansible_architecture == "x86_64" )
  - argcheck is not skipped
  - argcheck.rc == 0
  - kexec_arch == "b64"
  tags:
  - CCE-91417-6
  - NIST-800-171-3.1.7
  - NIST-800-53-CM-6(a)
  - NIST-800-53-SC-39
  - low_complexity
  - low_disruption
  - medium_severity
  - reboot_required
  - restrict_strategy
  - sysctl_kernel_exec_shield

- name: Update grub defaults and the bootloader menu
  ansible.builtin.command: /usr/sbin/grub2-mkconfig -o /boot/grub2/grub.cfg
  when:
  - ( ("kernel-default" in ansible_facts.packages or "kernel-default-base" in ansible_facts.packages)
    and ansible_architecture == "x86_64" )
  - kexec_arch == "b64"
  tags:
  - CCE-91417-6
  - NIST-800-171-3.1.7
  - NIST-800-53-CM-6(a)
  - NIST-800-53-SC-39
  - low_complexity
  - low_disruption
  - medium_severity
  - reboot_required
  - restrict_strategy
  - sysctl_kernel_exec_shield
</fix>
            <check system="http://oval.mitre.org/XMLSchema/oval-definitions-5">
              <check-content-ref name="oval:ssg-sysctl_kernel_exec_shield:def:1" href="ssg-sle15-oval.xml"/>
            </check>
            <check system="http://scap.nist.gov/schema/ocil/2">
              <check-content-ref name="ocil:ssg-sysctl_kernel_exec_shield_ocil:questionnaire:1" href="ssg-sle15-ocil.xml"/>
            </check>
          </Rule>
          <Rule id="xccdf_org.ssgproject.content_rule_sysctl_kernel_kptr_restrict" selected="false" role="full" severity="medium">
            <title xmlns:xhtml="http://www.w3.org/1999/xhtml" xml:lang="en-US">Restrict Exposed Kernel Pointer Addresses Access</title>
            <description xmlns:xhtml="http://www.w3.org/1999/xhtml" xml:lang="en-US">To set the runtime status of the <html:code xmlns:html="http://www.w3.org/1999/xhtml">kernel.kptr_restrict</html:code> kernel parameter, run the following command: <html:pre xmlns:html="http://www.w3.org/1999/xhtml" xmlns:xccdf-1.2="http://checklists.nist.gov/xccdf/1.2">$ sudo sysctl -w kernel.kptr_restrict=<xccdf-1.2:sub idref="xccdf_org.ssgproject.content_value_sysctl_kernel_kptr_restrict_value" use="legacy"/>
         </html:pre>
To make sure that the setting is persistent, add the following line to a file in the directory <html:code xmlns:html="http://www.w3.org/1999/xhtml">/etc/sysctl.d</html:code>: <html:pre xmlns:html="http://www.w3.org/1999/xhtml" xmlns:xccdf-1.2="http://checklists.nist.gov/xccdf/1.2">kernel.kptr_restrict = <xccdf-1.2:sub idref="xccdf_org.ssgproject.content_value_sysctl_kernel_kptr_restrict_value" use="legacy"/>
         </html:pre>
        </description>
            <reference href="https://www.nerc.com/standards/reliability-standards/cip">CIP-002-5 R1.1</reference>
            <reference href="https://www.nerc.com/standards/reliability-standards/cip">CIP-002-5 R1.2</reference>
            <reference href="https://www.nerc.com/standards/reliability-standards/cip">CIP-003-8 R5.1.1</reference>
            <reference href="https://www.nerc.com/standards/reliability-standards/cip">CIP-003-8 R5.3</reference>
            <reference href="https://www.nerc.com/standards/reliability-standards/cip">CIP-004-6 4.1</reference>
            <reference href="https://www.nerc.com/standards/reliability-standards/cip">CIP-004-6 4.2</reference>
            <reference href="https://www.nerc.com/standards/reliability-standards/cip">CIP-004-6 R2.2.3</reference>
            <reference href="https://www.nerc.com/standards/reliability-standards/cip">CIP-004-6 R2.2.4</reference>
            <reference href="https://www.nerc.com/standards/reliability-standards/cip">CIP-004-6 R2.3</reference>
            <reference href="https://www.nerc.com/standards/reliability-standards/cip">CIP-004-6 R4</reference>
            <reference href="https://www.nerc.com/standards/reliability-standards/cip">CIP-005-6 R1</reference>
            <reference href="https://www.nerc.com/standards/reliability-standards/cip">CIP-005-6 R1.1</reference>
            <reference href="https://www.nerc.com/standards/reliability-standards/cip">CIP-005-6 R1.2</reference>
            <reference href="https://www.nerc.com/standards/reliability-standards/cip">CIP-007-3 R3</reference>
            <reference href="https://www.nerc.com/standards/reliability-standards/cip">CIP-007-3 R3.1</reference>
            <reference href="https://www.nerc.com/standards/reliability-standards/cip">CIP-007-3 R5.1</reference>
            <reference href="https://www.nerc.com/standards/reliability-standards/cip">CIP-007-3 R5.1.2</reference>
            <reference href="https://www.nerc.com/standards/reliability-standards/cip">CIP-007-3 R5.1.3</reference>
            <reference href="https://www.nerc.com/standards/reliability-standards/cip">CIP-007-3 R5.2.1</reference>
            <reference href="https://www.nerc.com/standards/reliability-standards/cip">CIP-007-3 R5.2.3</reference>
            <reference href="https://www.nerc.com/standards/reliability-standards/cip">CIP-007-3 R8.4</reference>
            <reference href="https://www.nerc.com/standards/reliability-standards/cip">CIP-009-6 R.1.1</reference>
            <reference href="https://www.nerc.com/standards/reliability-standards/cip">CIP-009-6 R4</reference>
            <reference href="http://nvlpubs.nist.gov/nistpubs/SpecialPublications/NIST.SP.800-53r4.pdf">SC-30</reference>
            <reference href="http://nvlpubs.nist.gov/nistpubs/SpecialPublications/NIST.SP.800-53r4.pdf">SC-30(2)</reference>
            <reference href="http://nvlpubs.nist.gov/nistpubs/SpecialPublications/NIST.SP.800-53r4.pdf">SC-30(5)</reference>
            <reference href="http://nvlpubs.nist.gov/nistpubs/SpecialPublications/NIST.SP.800-53r4.pdf">CM-6(a)</reference>
            <reference href="https://www.niap-ccevs.org/Profile/PP.cfm">FMT_SMF_EXT.1</reference>
            <reference href="https://www.cyber.mil/stigs/downloads/?_dl_facet_stigs=operating-systems%2Cgeneral-purpose-os">SRG-OS-000132-GPOS-00067</reference>
            <reference href="https://www.cyber.mil/stigs/downloads/?_dl_facet_stigs=operating-systems%2Cgeneral-purpose-os">SRG-OS-000433-GPOS-00192</reference>
            <reference href="https://www.cyber.mil/stigs/downloads/?_dl_facet_stigs=operating-systems%2Cgeneral-purpose-os">SRG-OS-000480-GPOS-00227</reference>
            <reference href="https://www.cyber.mil/stigs/downloads/?_dl_facet_stigs=operating-systems%2Cunix-linux">SLES-15-010540</reference>
            <reference href="https://cyber.gouv.fr/sites/default/files/document/linux_configuration-en-v2.pdf">R9</reference>
            <reference href="https://www.cyber.gov.au/acsc/view-all-content/ism">1409</reference>
            <reference href="https://www.cyber.mil/stigs/srg-stig-tools/">SV-234861r958928_rule</reference>
            <rationale xmlns:xhtml="http://www.w3.org/1999/xhtml" xml:lang="en-US">Exposing kernel pointers (through procfs or <html:code xmlns:html="http://www.w3.org/1999/xhtml">seq_printf()</html:code>) exposes kernel
writeable structures which may contain functions pointers. If a write vulnerability
occurs in the kernel, allowing write access to any of this structure, the kernel can
be compromised. This option disallow any program without the CAP_SYSLOG capability
to get the addresses of kernel pointers by replacing them with 0.</rationale>
            <platform idref="#system_with_kernel"/>
            <ident system="https://ncp.nist.gov/cce">CCE-83299-8</ident>
            <fix xmlns:xhtml="http://www.w3.org/1999/xhtml" id="sysctl_kernel_kptr_restrict" system="urn:xccdf:fix:script:sh" reboot="true" complexity="low" disruption="medium" strategy="disable"># Remediation is applicable only in certain platforms
if rpm --quiet -q kernel-default || rpm --quiet -q kernel-default-base; then

# Comment out any occurrences of kernel.kptr_restrict from /etc/sysctl.d/*.conf files

for f in /etc/sysctl.d/*.conf /run/sysctl.d/*.conf /usr/local/lib/sysctl.d/*.conf /lib/sysctl.d/*.conf; do


  # skip systemd-sysctl symlink (/etc/sysctl.d/99-sysctl.conf -&gt; /etc/sysctl.conf)
  if [[ "$(readlink -f "$f")" == "/etc/sysctl.conf" ]]; then continue; fi

  matching_list=$(grep -P '^(?!#).*[\s]*kernel.kptr_restrict.*$' $f | uniq )
  if ! test -z "$matching_list"; then
    while IFS= read -r entry; do
      escaped_entry=$(sed -e 's|/|\\/|g' &lt;&lt;&lt; "$entry")
      # comment out "kernel.kptr_restrict" matches to preserve user data
      sed -i --follow-symlinks "s/^${escaped_entry}$/# &amp;/g" $f
    done &lt;&lt;&lt; "$matching_list"
  fi
done

#
# Set sysctl config file which to save the desired value
#

SYSCONFIG_FILE='/etc/sysctl.d/kernel_kptr_restrict.conf'

sysctl_kernel_kptr_restrict_value='<xccdf-1.2:sub xmlns:xccdf-1.2="http://checklists.nist.gov/xccdf/1.2" idref="xccdf_org.ssgproject.content_value_sysctl_kernel_kptr_restrict_value" use="legacy"/>'


#
# Set runtime for kernel.kptr_restrict
#
if ! { rpm --quiet -q kernel rpm-ostree bootc &amp;&amp; ! rpm --quiet -q openshift-kubelet &amp;&amp; { [ -f "/run/.containerenv" ] || [ -f "/.containerenv" ]; }; } ; then
    /sbin/sysctl -q -n -w kernel.kptr_restrict="$sysctl_kernel_kptr_restrict_value"
fi

#
# If kernel.kptr_restrict present in /etc/sysctl.conf, change value to appropriate value
#	else, add "kernel.kptr_restrict = value" to /etc/sysctl.conf
#

sed -i "/^$SYSCONFIG_VAR/d" /etc/sysctl.conf

# Strip any search characters in the key arg so that the key can be replaced without
# adding any search characters to the config file.
stripped_key=$(sed 's/[\^=\$,;+]*//g' &lt;&lt;&lt; "^kernel.kptr_restrict")

# shellcheck disable=SC2059
printf -v formatted_output "%s = %s" "$stripped_key" "$sysctl_kernel_kptr_restrict_value"

# If the key exists, change it. Otherwise, add it to the config_file.
# We search for the key string followed by a word boundary (matched by \&gt;),
# so if we search for 'setting', 'setting2' won't match.
if LC_ALL=C grep -q -m 1 -i -e "^kernel.kptr_restrict\\&gt;" "${SYSCONFIG_FILE}"; then
    escaped_formatted_output=$(sed -e 's|/|\\/|g' &lt;&lt;&lt; "$formatted_output")
    LC_ALL=C sed -i --follow-symlinks "s/^kernel.kptr_restrict\\&gt;.*/$escaped_formatted_output/gi" "${SYSCONFIG_FILE}"
else
    if [[ -s "${SYSCONFIG_FILE}" ]] &amp;&amp; [[ -n "$(tail -c 1 -- "${SYSCONFIG_FILE}" || true)" ]]; then
        LC_ALL=C sed -i --follow-symlinks '$a'\\ "${SYSCONFIG_FILE}"
    fi
    cce="CCE-83299-8"
    printf '# Per %s: Set %s in %s\n' "${cce}" "${formatted_output}" "${SYSCONFIG_FILE}" &gt;&gt; "${SYSCONFIG_FILE}"
    printf '%s\n' "$formatted_output" &gt;&gt; "${SYSCONFIG_FILE}"
fi

else
    &gt;&amp;2 echo 'Remediation is not applicable, nothing was done'
fi
</fix>
            <fix xmlns:xhtml="http://www.w3.org/1999/xhtml" id="sysctl_kernel_kptr_restrict" system="urn:xccdf:fix:script:ansible" reboot="true" complexity="low" disruption="medium" strategy="disable">- name: Gather the package facts
  package_facts:
    manager: auto
  tags:
  - CCE-83299-8
  - DISA-STIG-SLES-15-010540
  - NIST-800-53-CM-6(a)
  - NIST-800-53-SC-30
  - NIST-800-53-SC-30(2)
  - NIST-800-53-SC-30(5)
  - disable_strategy
  - low_complexity
  - medium_disruption
  - medium_severity
  - reboot_required
  - sysctl_kernel_kptr_restrict
- name: XCCDF Value sysctl_kernel_kptr_restrict_value # promote to variable
  set_fact:
    sysctl_kernel_kptr_restrict_value: !!str <xccdf-1.2:sub xmlns:xccdf-1.2="http://checklists.nist.gov/xccdf/1.2" idref="xccdf_org.ssgproject.content_value_sysctl_kernel_kptr_restrict_value" use="legacy"/>
  tags:
    - always

- name: Restrict Exposed Kernel Pointer Addresses Access - Set fact for sysctl paths
  ansible.builtin.set_fact:
    sysctl_paths:
    - /run/sysctl.d/
    - /etc/sysctl.d/
    - /usr/local/lib/sysctl.d/
    - /lib/sysctl.d/
  when: ("kernel-default" in ansible_facts.packages or "kernel-default-base" in ansible_facts.packages)
  tags:
  - CCE-83299-8
  - DISA-STIG-SLES-15-010540
  - NIST-800-53-CM-6(a)
  - NIST-800-53-SC-30
  - NIST-800-53-SC-30(2)
  - NIST-800-53-SC-30(5)
  - disable_strategy
  - low_complexity
  - medium_disruption
  - medium_severity
  - reboot_required
  - sysctl_kernel_kptr_restrict

- name: Restrict Exposed Kernel Pointer Addresses Access - Find all files that contain
    kernel.kptr_restrict
  ansible.builtin.shell:
    cmd: find -L {{ sysctl_paths | join(" ") }} -type f -name '*.conf' | xargs grep
      -HP '^\s*kernel.kptr_restrict\s*=\s*.*$'
  register: find_all_values
  check_mode: false
  changed_when: false
  failed_when: false
  when: ("kernel-default" in ansible_facts.packages or "kernel-default-base" in ansible_facts.packages)
  tags:
  - CCE-83299-8
  - DISA-STIG-SLES-15-010540
  - NIST-800-53-CM-6(a)
  - NIST-800-53-SC-30
  - NIST-800-53-SC-30(2)
  - NIST-800-53-SC-30(5)
  - disable_strategy
  - low_complexity
  - medium_disruption
  - medium_severity
  - reboot_required
  - sysctl_kernel_kptr_restrict

- name: Restrict Exposed Kernel Pointer Addresses Access - Find all files that set
    kernel.kptr_restrict to correct value
  ansible.builtin.shell:
    cmd: find -L {{ sysctl_paths | join(" ") }} -type f -name '*.conf' | xargs grep
      -HP '^\s*kernel.kptr_restrict\s*=\s*{{ sysctl_kernel_kptr_restrict_value }}$'
  register: find_correct_value
  check_mode: false
  changed_when: false
  failed_when: false
  when: ("kernel-default" in ansible_facts.packages or "kernel-default-base" in ansible_facts.packages)
  tags:
  - CCE-83299-8
  - DISA-STIG-SLES-15-010540
  - NIST-800-53-CM-6(a)
  - NIST-800-53-SC-30
  - NIST-800-53-SC-30(2)
  - NIST-800-53-SC-30(5)
  - disable_strategy
  - low_complexity
  - medium_disruption
  - medium_severity
  - reboot_required
  - sysctl_kernel_kptr_restrict

- name: Restrict Exposed Kernel Pointer Addresses Access - Comment out any occurrences
    of kernel.kptr_restrict from config files
  ansible.builtin.replace:
    path: '{{ item | split(":") | first }}'
    regexp: ^[\s]*kernel.kptr_restrict
    replace: '#kernel.kptr_restrict'
  loop: '{{ find_all_values.stdout_lines }}'
  when:
  - ("kernel-default" in ansible_facts.packages or "kernel-default-base" in ansible_facts.packages)
  - find_correct_value.stdout_lines | length == 0 or find_all_values.stdout_lines
    | length &gt; find_correct_value.stdout_lines | length
  tags:
  - CCE-83299-8
  - DISA-STIG-SLES-15-010540
  - NIST-800-53-CM-6(a)
  - NIST-800-53-SC-30
  - NIST-800-53-SC-30(2)
  - NIST-800-53-SC-30(5)
  - disable_strategy
  - low_complexity
  - medium_disruption
  - medium_severity
  - reboot_required
  - sysctl_kernel_kptr_restrict

- name: Restrict Exposed Kernel Pointer Addresses Access - Comment out any occurrences
    of kernel.kptr_restrict from /etc/sysctl.conf
  ansible.builtin.replace:
    path: /etc/sysctl.conf
    regexp: ^[\s]*kernel.kptr_restrict
    replace: '#kernel.kptr_restrict'
  when: ("kernel-default" in ansible_facts.packages or "kernel-default-base" in ansible_facts.packages)
  tags:
  - CCE-83299-8
  - DISA-STIG-SLES-15-010540
  - NIST-800-53-CM-6(a)
  - NIST-800-53-SC-30
  - NIST-800-53-SC-30(2)
  - NIST-800-53-SC-30(5)
  - disable_strategy
  - low_complexity
  - medium_disruption
  - medium_severity
  - reboot_required
  - sysctl_kernel_kptr_restrict

- name: Restrict Exposed Kernel Pointer Addresses Access - Ensure sysctl kernel.kptr_restrict
    is set
  ansible.posix.sysctl:
    name: kernel.kptr_restrict
    value: '{{ sysctl_kernel_kptr_restrict_value }}'
    sysctl_file: /etc/sysctl.d/kernel_kptr_restrict.conf
    state: present
    reload: true
  when: ("kernel-default" in ansible_facts.packages or "kernel-default-base" in ansible_facts.packages)
  tags:
  - CCE-83299-8
  - DISA-STIG-SLES-15-010540
  - NIST-800-53-CM-6(a)
  - NIST-800-53-SC-30
  - NIST-800-53-SC-30(2)
  - NIST-800-53-SC-30(5)
  - disable_strategy
  - low_complexity
  - medium_disruption
  - medium_severity
  - reboot_required
  - sysctl_kernel_kptr_restrict
</fix>
            <check system="http://open-scap.org/page/SCE">
              <check-import import-name="stdout">
                  </check-import>
              <check-export export-name="sysctl_kernel_kptr_restrict_value" value-id="xccdf_org.ssgproject.content_value_sysctl_kernel_kptr_restrict_value"/>
              <check-content-ref href="sle15/checks/sce/sysctl_kernel_kptr_restrict.sh"/>
            </check>
            <check system="http://oval.mitre.org/XMLSchema/oval-definitions-5">
              <check-export export-name="oval:ssg-sysctl_kernel_kptr_restrict_value:var:1" value-id="xccdf_org.ssgproject.content_value_sysctl_kernel_kptr_restrict_value"/>
              <check-content-ref name="oval:ssg-sysctl_kernel_kptr_restrict:def:1" href="ssg-sle15-oval.xml"/>
            </check>
            <check system="http://scap.nist.gov/schema/ocil/2">
              <check-content-ref name="ocil:ssg-sysctl_kernel_kptr_restrict_ocil:questionnaire:1" href="ssg-sle15-ocil.xml"/>
            </check>
          </Rule>
          <Rule id="xccdf_org.ssgproject.content_rule_sysctl_kernel_randomize_va_space" selected="false" role="full" severity="medium">
            <title xmlns:xhtml="http://www.w3.org/1999/xhtml" xml:lang="en-US">Enable Randomized Layout of Virtual Address Space</title>
            <description xmlns:xhtml="http://www.w3.org/1999/xhtml" xml:lang="en-US">To set the runtime status of the <html:code xmlns:html="http://www.w3.org/1999/xhtml">kernel.randomize_va_space</html:code> kernel parameter, run the following command: <html:pre xmlns:html="http://www.w3.org/1999/xhtml">$ sudo sysctl -w kernel.randomize_va_space=2</html:pre>
To make sure that the setting is persistent, add the following line to a file in the directory <html:code xmlns:html="http://www.w3.org/1999/xhtml">/etc/sysctl.d</html:code>: <html:pre xmlns:html="http://www.w3.org/1999/xhtml">kernel.randomize_va_space = 2</html:pre>
        </description>
            <reference href="http://nvlpubs.nist.gov/nistpubs/SpecialPublications/NIST.SP.800-171.pdf">3.1.7</reference>
            <reference href="https://www.gpo.gov/fdsys/pkg/CFR-2007-title45-vol1/pdf/CFR-2007-title45-vol1-chapA-subchapC.pdf">164.308(a)(1)(ii)(D)</reference>
            <reference href="https://www.gpo.gov/fdsys/pkg/CFR-2007-title45-vol1/pdf/CFR-2007-title45-vol1-chapA-subchapC.pdf">164.308(a)(3)</reference>
            <reference href="https://www.gpo.gov/fdsys/pkg/CFR-2007-title45-vol1/pdf/CFR-2007-title45-vol1-chapA-subchapC.pdf">164.308(a)(4)</reference>
            <reference href="https://www.gpo.gov/fdsys/pkg/CFR-2007-title45-vol1/pdf/CFR-2007-title45-vol1-chapA-subchapC.pdf">164.310(b)</reference>
            <reference href="https://www.gpo.gov/fdsys/pkg/CFR-2007-title45-vol1/pdf/CFR-2007-title45-vol1-chapA-subchapC.pdf">164.310(c)</reference>
            <reference href="https://www.gpo.gov/fdsys/pkg/CFR-2007-title45-vol1/pdf/CFR-2007-title45-vol1-chapA-subchapC.pdf">164.312(a)</reference>
            <reference href="https://www.gpo.gov/fdsys/pkg/CFR-2007-title45-vol1/pdf/CFR-2007-title45-vol1-chapA-subchapC.pdf">164.312(e)</reference>
            <reference href="https://www.nerc.com/standards/reliability-standards/cip">CIP-002-5 R1.1</reference>
            <reference href="https://www.nerc.com/standards/reliability-standards/cip">CIP-002-5 R1.2</reference>
            <reference href="https://www.nerc.com/standards/reliability-standards/cip">CIP-003-8 R5.1.1</reference>
            <reference href="https://www.nerc.com/standards/reliability-standards/cip">CIP-003-8 R5.3</reference>
            <reference href="https://www.nerc.com/standards/reliability-standards/cip">CIP-004-6 4.1</reference>
            <reference href="https://www.nerc.com/standards/reliability-standards/cip">CIP-004-6 4.2</reference>
            <reference href="https://www.nerc.com/standards/reliability-standards/cip">CIP-004-6 R2.2.3</reference>
            <reference href="https://www.nerc.com/standards/reliability-standards/cip">CIP-004-6 R2.2.4</reference>
            <reference href="https://www.nerc.com/standards/reliability-standards/cip">CIP-004-6 R2.3</reference>
            <reference href="https://www.nerc.com/standards/reliability-standards/cip">CIP-004-6 R4</reference>
            <reference href="https://www.nerc.com/standards/reliability-standards/cip">CIP-005-6 R1</reference>
            <reference href="https://www.nerc.com/standards/reliability-standards/cip">CIP-005-6 R1.1</reference>
            <reference href="https://www.nerc.com/standards/reliability-standards/cip">CIP-005-6 R1.2</reference>
            <reference href="https://www.nerc.com/standards/reliability-standards/cip">CIP-007-3 R3</reference>
            <reference href="https://www.nerc.com/standards/reliability-standards/cip">CIP-007-3 R3.1</reference>
            <reference href="https://www.nerc.com/standards/reliability-standards/cip">CIP-007-3 R5.1</reference>
            <reference href="https://www.nerc.com/standards/reliability-standards/cip">CIP-007-3 R5.1.2</reference>
            <reference href="https://www.nerc.com/standards/reliability-standards/cip">CIP-007-3 R5.1.3</reference>
            <reference href="https://www.nerc.com/standards/reliability-standards/cip">CIP-007-3 R5.2.1</reference>
            <reference href="https://www.nerc.com/standards/reliability-standards/cip">CIP-007-3 R5.2.3</reference>
            <reference href="https://www.nerc.com/standards/reliability-standards/cip">CIP-007-3 R8.4</reference>
            <reference href="https://www.nerc.com/standards/reliability-standards/cip">CIP-009-6 R.1.1</reference>
            <reference href="https://www.nerc.com/standards/reliability-standards/cip">CIP-009-6 R4</reference>
            <reference href="http://nvlpubs.nist.gov/nistpubs/SpecialPublications/NIST.SP.800-53r4.pdf">SC-30</reference>
            <reference href="http://nvlpubs.nist.gov/nistpubs/SpecialPublications/NIST.SP.800-53r4.pdf">SC-30(2)</reference>
            <reference href="http://nvlpubs.nist.gov/nistpubs/SpecialPublications/NIST.SP.800-53r4.pdf">CM-6(a)</reference>
            <reference href="https://www.pcisecuritystandards.org/documents/PCI_DSS_v3-2-1.pdf">Req-2.2.1</reference>
            <reference href="https://www.cyber.mil/stigs/downloads/?_dl_facet_stigs=operating-systems%2Cgeneral-purpose-os">SRG-OS-000433-GPOS-00193</reference>
            <reference href="https://www.cyber.mil/stigs/downloads/?_dl_facet_stigs=operating-systems%2Cgeneral-purpose-os">SRG-OS-000480-GPOS-00227</reference>
            <reference href="https://www.cyber.mil/stigs/downloads/?_dl_facet_stigs=app-security">SRG-APP-000450-CTR-001105</reference>
            <reference href="https://www.cyber.mil/stigs/downloads/?_dl_facet_stigs=operating-systems%2Cunix-linux">SLES-15-010550</reference>
            <reference href="https://www.cisecurity.org/benchmark/suse_linux/">1.6.3</reference>
            <reference href="https://cyber.gouv.fr/sites/default/files/document/linux_configuration-en-v2.pdf">R9</reference>
            <reference href="not_publicly_available">SLES-15-150750015</reference>
            <reference href="https://www.cyber.gov.au/acsc/view-all-content/ism">1409</reference>
            <reference href="https://docs-prv.pcisecuritystandards.org/PCI%20DSS/Standard/PCI-DSS-v4_0.pdf">3.3.1.1</reference>
            <reference href="https://docs-prv.pcisecuritystandards.org/PCI%20DSS/Standard/PCI-DSS-v4_0.pdf">3.3.1</reference>
            <reference href="https://docs-prv.pcisecuritystandards.org/PCI%20DSS/Standard/PCI-DSS-v4_0.pdf">3.3</reference>
            <reference href="https://www.cyber.mil/stigs/srg-stig-tools/">SV-234862r958928_rule</reference>
            <rationale xmlns:xhtml="http://www.w3.org/1999/xhtml" xml:lang="en-US">Address space layout randomization (ASLR) makes it more difficult for an
attacker to predict the location of attack code they have introduced into a
process's address space during an attempt at exploitation. Additionally,
ASLR makes it more difficult for an attacker to know the location of
existing code in order to re-purpose it using return oriented programming
(ROP) techniques.</rationale>
            <platform idref="#system_with_kernel"/>
            <ident system="https://ncp.nist.gov/cce">CCE-83300-4</ident>
            <fix xmlns:xhtml="http://www.w3.org/1999/xhtml" id="sysctl_kernel_randomize_va_space" system="urn:xccdf:fix:script:sh" reboot="true" complexity="low" disruption="medium" strategy="disable"># Remediation is applicable only in certain platforms
if rpm --quiet -q kernel-default || rpm --quiet -q kernel-default-base; then

# Comment out any occurrences of kernel.randomize_va_space from /etc/sysctl.d/*.conf files

for f in /etc/sysctl.d/*.conf /run/sysctl.d/*.conf /usr/local/lib/sysctl.d/*.conf /lib/sysctl.d/*.conf; do


  # skip systemd-sysctl symlink (/etc/sysctl.d/99-sysctl.conf -&gt; /etc/sysctl.conf)
  if [[ "$(readlink -f "$f")" == "/etc/sysctl.conf" ]]; then continue; fi

  matching_list=$(grep -P '^(?!#).*[\s]*kernel.randomize_va_space.*$' $f | uniq )
  if ! test -z "$matching_list"; then
    while IFS= read -r entry; do
      escaped_entry=$(sed -e 's|/|\\/|g' &lt;&lt;&lt; "$entry")
      # comment out "kernel.randomize_va_space" matches to preserve user data
      sed -i --follow-symlinks "s/^${escaped_entry}$/# &amp;/g" $f
    done &lt;&lt;&lt; "$matching_list"
  fi
done

#
# Set sysctl config file which to save the desired value
#

SYSCONFIG_FILE='/etc/sysctl.d/kernel_randomize_va_space.conf'


#
# Set runtime for kernel.randomize_va_space
#
if ! { rpm --quiet -q kernel rpm-ostree bootc &amp;&amp; ! rpm --quiet -q openshift-kubelet &amp;&amp; { [ -f "/run/.containerenv" ] || [ -f "/.containerenv" ]; }; } ; then
    /sbin/sysctl -q -n -w kernel.randomize_va_space="2"
fi

#
# If kernel.randomize_va_space present in /etc/sysctl.conf, change value to "2"
#	else, add "kernel.randomize_va_space = 2" to /etc/sysctl.conf
#

sed -i "/^$SYSCONFIG_VAR/d" /etc/sysctl.conf

# Strip any search characters in the key arg so that the key can be replaced without
# adding any search characters to the config file.
stripped_key=$(sed 's/[\^=\$,;+]*//g' &lt;&lt;&lt; "^kernel.randomize_va_space")

# shellcheck disable=SC2059
printf -v formatted_output "%s = %s" "$stripped_key" "2"

# If the key exists, change it. Otherwise, add it to the config_file.
# We search for the key string followed by a word boundary (matched by \&gt;),
# so if we search for 'setting', 'setting2' won't match.
if LC_ALL=C grep -q -m 1 -i -e "^kernel.randomize_va_space\\&gt;" "${SYSCONFIG_FILE}"; then
    escaped_formatted_output=$(sed -e 's|/|\\/|g' &lt;&lt;&lt; "$formatted_output")
    LC_ALL=C sed -i --follow-symlinks "s/^kernel.randomize_va_space\\&gt;.*/$escaped_formatted_output/gi" "${SYSCONFIG_FILE}"
else
    if [[ -s "${SYSCONFIG_FILE}" ]] &amp;&amp; [[ -n "$(tail -c 1 -- "${SYSCONFIG_FILE}" || true)" ]]; then
        LC_ALL=C sed -i --follow-symlinks '$a'\\ "${SYSCONFIG_FILE}"
    fi
    cce="CCE-83300-4"
    printf '# Per %s: Set %s in %s\n' "${cce}" "${formatted_output}" "${SYSCONFIG_FILE}" &gt;&gt; "${SYSCONFIG_FILE}"
    printf '%s\n' "$formatted_output" &gt;&gt; "${SYSCONFIG_FILE}"
fi

else
    &gt;&amp;2 echo 'Remediation is not applicable, nothing was done'
fi
</fix>
            <fix xmlns:xhtml="http://www.w3.org/1999/xhtml" id="sysctl_kernel_randomize_va_space" system="urn:xccdf:fix:script:ansible" reboot="true" complexity="low" disruption="medium" strategy="disable">- name: Gather the package facts
  package_facts:
    manager: auto
  tags:
  - CCE-83300-4
  - DISA-STIG-SLES-15-010550
  - NIST-800-171-3.1.7
  - NIST-800-53-CM-6(a)
  - NIST-800-53-SC-30
  - NIST-800-53-SC-30(2)
  - PCI-DSS-Req-2.2.1
  - PCI-DSSv4-3.3
  - PCI-DSSv4-3.3.1
  - PCI-DSSv4-3.3.1.1
  - disable_strategy
  - low_complexity
  - medium_disruption
  - medium_severity
  - reboot_required
  - sysctl_kernel_randomize_va_space

- name: Enable Randomized Layout of Virtual Address Space - Set fact for sysctl paths
  ansible.builtin.set_fact:
    sysctl_paths:
    - /run/sysctl.d/
    - /etc/sysctl.d/
    - /usr/local/lib/sysctl.d/
    - /lib/sysctl.d/
  when: ("kernel-default" in ansible_facts.packages or "kernel-default-base" in ansible_facts.packages)
  tags:
  - CCE-83300-4
  - DISA-STIG-SLES-15-010550
  - NIST-800-171-3.1.7
  - NIST-800-53-CM-6(a)
  - NIST-800-53-SC-30
  - NIST-800-53-SC-30(2)
  - PCI-DSS-Req-2.2.1
  - PCI-DSSv4-3.3
  - PCI-DSSv4-3.3.1
  - PCI-DSSv4-3.3.1.1
  - disable_strategy
  - low_complexity
  - medium_disruption
  - medium_severity
  - reboot_required
  - sysctl_kernel_randomize_va_space

- name: Enable Randomized Layout of Virtual Address Space - Find all files that contain
    kernel.randomize_va_space
  ansible.builtin.shell:
    cmd: find -L {{ sysctl_paths | join(" ") }} -type f -name '*.conf' | xargs grep
      -HP '^\s*kernel.randomize_va_space\s*=\s*.*$'
  register: find_all_values
  check_mode: false
  changed_when: false
  failed_when: false
  when: ("kernel-default" in ansible_facts.packages or "kernel-default-base" in ansible_facts.packages)
  tags:
  - CCE-83300-4
  - DISA-STIG-SLES-15-010550
  - NIST-800-171-3.1.7
  - NIST-800-53-CM-6(a)
  - NIST-800-53-SC-30
  - NIST-800-53-SC-30(2)
  - PCI-DSS-Req-2.2.1
  - PCI-DSSv4-3.3
  - PCI-DSSv4-3.3.1
  - PCI-DSSv4-3.3.1.1
  - disable_strategy
  - low_complexity
  - medium_disruption
  - medium_severity
  - reboot_required
  - sysctl_kernel_randomize_va_space

- name: Enable Randomized Layout of Virtual Address Space - Find all files that set
    kernel.randomize_va_space to correct value
  ansible.builtin.shell:
    cmd: find -L {{ sysctl_paths | join(" ") }} -type f -name '*.conf' | xargs grep
      -HP '^\s*kernel.randomize_va_space\s*=\s*2$'
  register: find_correct_value
  check_mode: false
  changed_when: false
  failed_when: false
  when: ("kernel-default" in ansible_facts.packages or "kernel-default-base" in ansible_facts.packages)
  tags:
  - CCE-83300-4
  - DISA-STIG-SLES-15-010550
  - NIST-800-171-3.1.7
  - NIST-800-53-CM-6(a)
  - NIST-800-53-SC-30
  - NIST-800-53-SC-30(2)
  - PCI-DSS-Req-2.2.1
  - PCI-DSSv4-3.3
  - PCI-DSSv4-3.3.1
  - PCI-DSSv4-3.3.1.1
  - disable_strategy
  - low_complexity
  - medium_disruption
  - medium_severity
  - reboot_required
  - sysctl_kernel_randomize_va_space

- name: Enable Randomized Layout of Virtual Address Space - Comment out any occurrences
    of kernel.randomize_va_space from config files
  ansible.builtin.replace:
    path: '{{ item | split(":") | first }}'
    regexp: ^[\s]*kernel.randomize_va_space
    replace: '#kernel.randomize_va_space'
  loop: '{{ find_all_values.stdout_lines }}'
  when:
  - ("kernel-default" in ansible_facts.packages or "kernel-default-base" in ansible_facts.packages)
  - find_correct_value.stdout_lines | length == 0 or find_all_values.stdout_lines
    | length &gt; find_correct_value.stdout_lines | length
  tags:
  - CCE-83300-4
  - DISA-STIG-SLES-15-010550
  - NIST-800-171-3.1.7
  - NIST-800-53-CM-6(a)
  - NIST-800-53-SC-30
  - NIST-800-53-SC-30(2)
  - PCI-DSS-Req-2.2.1
  - PCI-DSSv4-3.3
  - PCI-DSSv4-3.3.1
  - PCI-DSSv4-3.3.1.1
  - disable_strategy
  - low_complexity
  - medium_disruption
  - medium_severity
  - reboot_required
  - sysctl_kernel_randomize_va_space

- name: Enable Randomized Layout of Virtual Address Space - Comment out any occurrences
    of kernel.randomize_va_space from /etc/sysctl.conf
  ansible.builtin.replace:
    path: /etc/sysctl.conf
    regexp: ^[\s]*kernel.randomize_va_space
    replace: '#kernel.randomize_va_space'
  when: ("kernel-default" in ansible_facts.packages or "kernel-default-base" in ansible_facts.packages)
  tags:
  - CCE-83300-4
  - DISA-STIG-SLES-15-010550
  - NIST-800-171-3.1.7
  - NIST-800-53-CM-6(a)
  - NIST-800-53-SC-30
  - NIST-800-53-SC-30(2)
  - PCI-DSS-Req-2.2.1
  - PCI-DSSv4-3.3
  - PCI-DSSv4-3.3.1
  - PCI-DSSv4-3.3.1.1
  - disable_strategy
  - low_complexity
  - medium_disruption
  - medium_severity
  - reboot_required
  - sysctl_kernel_randomize_va_space

- name: Enable Randomized Layout of Virtual Address Space - Ensure sysctl kernel.randomize_va_space
    is set to 2
  ansible.posix.sysctl:
    name: kernel.randomize_va_space
    value: '2'
    sysctl_file: /etc/sysctl.d/kernel_randomize_va_space.conf
    state: present
    reload: true
  when: ("kernel-default" in ansible_facts.packages or "kernel-default-base" in ansible_facts.packages)
  tags:
  - CCE-83300-4
  - DISA-STIG-SLES-15-010550
  - NIST-800-171-3.1.7
  - NIST-800-53-CM-6(a)
  - NIST-800-53-SC-30
  - NIST-800-53-SC-30(2)
  - PCI-DSS-Req-2.2.1
  - PCI-DSSv4-3.3
  - PCI-DSSv4-3.3.1
  - PCI-DSSv4-3.3.1.1
  - disable_strategy
  - low_complexity
  - medium_disruption
  - medium_severity
  - reboot_required
  - sysctl_kernel_randomize_va_space
</fix>
            <check system="http://open-scap.org/page/SCE">
              <check-import import-name="stdout">
                  </check-import>
              <check-content-ref href="sle15/checks/sce/sysctl_kernel_randomize_va_space.sh"/>
            </check>
            <check system="http://oval.mitre.org/XMLSchema/oval-definitions-5">
              <check-content-ref name="oval:ssg-sysctl_kernel_randomize_va_space:def:1" href="ssg-sle15-oval.xml"/>
            </check>
            <check system="http://scap.nist.gov/schema/ocil/2">
              <check-content-ref name="ocil:ssg-sysctl_kernel_randomize_va_space_ocil:questionnaire:1" href="ssg-sle15-ocil.xml"/>
            </check>
          </Rule>
        </Group>
        <Group id="xccdf_org.ssgproject.content_group_enable_nx">
          <title xmlns:xhtml="http://www.w3.org/1999/xhtml" xml:lang="en-US">Enable Execute Disable (XD) or No Execute (NX) Support on
x86 Systems</title>
          <description xmlns:xhtml="http://www.w3.org/1999/xhtml" xml:lang="en-US">Recent processors in the x86 family support the
ability to prevent code execution on a per memory page basis.
Generically and on AMD processors, this ability is called No
Execute (NX), while on Intel processors it is called Execute
Disable (XD). This ability can help prevent exploitation of buffer
overflow vulnerabilities and should be activated whenever possible.
Extra steps must be taken to ensure that this protection is
enabled, particularly on 32-bit x86 systems. Other processors, such
as Itanium and POWER, have included such support since inception
and the standard kernel for those platforms supports the
feature. This is enabled by default on the latest Oracle Linux, Red Hat and
Fedora systems if supported by the hardware.</description>
          <Rule id="xccdf_org.ssgproject.content_rule_bios_enable_execution_restrictions" selected="false" role="full" severity="medium">
            <title xmlns:xhtml="http://www.w3.org/1999/xhtml" xml:lang="en-US">Enable NX or XD Support in the BIOS</title>
            <description xmlns:xhtml="http://www.w3.org/1999/xhtml" xml:lang="en-US">Reboot the system and enter the BIOS or Setup configuration menu.
Navigate the BIOS configuration menu and make sure that the option is enabled. The setting may be located
under a Security section. Look for Execute Disable (XD) on Intel-based systems and No Execute (NX)
on AMD-based systems.</description>
            <reference href="https://www.cisecurity.org/controls/">11</reference>
            <reference href="https://www.cisecurity.org/controls/">3</reference>
            <reference href="https://www.cisecurity.org/controls/">9</reference>
            <reference href="https://www.isaca.org/resources/cobit">BAI10.01</reference>
            <reference href="https://www.isaca.org/resources/cobit">BAI10.02</reference>
            <reference href="https://www.isaca.org/resources/cobit">BAI10.03</reference>
            <reference href="https://www.isaca.org/resources/cobit">BAI10.05</reference>
            <reference href="http://nvlpubs.nist.gov/nistpubs/SpecialPublications/NIST.SP.800-171.pdf">3.1.7</reference>
            <reference href="https://www.isa.org/products/isa-62443-2-1-2009-security-for-industrial-automat">4.3.4.3.2</reference>
            <reference href="https://www.isa.org/products/isa-62443-2-1-2009-security-for-industrial-automat">4.3.4.3.3</reference>
            <reference href="https://www.isa.org/products/ansi-isa-62443-3-3-99-03-03-2013-security-for-indu">SR 7.6</reference>
            <reference href="https://www.iso.org/contents/data/standard/05/45/54534.html">A.12.1.2</reference>
            <reference href="https://www.iso.org/contents/data/standard/05/45/54534.html">A.12.5.1</reference>
            <reference href="https://www.iso.org/contents/data/standard/05/45/54534.html">A.12.6.2</reference>
            <reference href="https://www.iso.org/contents/data/standard/05/45/54534.html">A.14.2.2</reference>
            <reference href="https://www.iso.org/contents/data/standard/05/45/54534.html">A.14.2.3</reference>
            <reference href="https://www.iso.org/contents/data/standard/05/45/54534.html">A.14.2.4</reference>
            <reference href="http://nvlpubs.nist.gov/nistpubs/SpecialPublications/NIST.SP.800-53r4.pdf">SC-39</reference>
            <reference href="http://nvlpubs.nist.gov/nistpubs/SpecialPublications/NIST.SP.800-53r4.pdf">CM-6(a)</reference>
            <reference href="https://nvlpubs.nist.gov/nistpubs/CSWP/NIST.CSWP.04162018.pdf">PR.IP-1</reference>
            <reference href="https://www.cyber.mil/stigs/downloads/?_dl_facet_stigs=operating-systems%2Cgeneral-purpose-os">SRG-OS-000433-GPOS-00192</reference>
            <reference href="https://www.cyber.mil/stigs/downloads/?_dl_facet_stigs=app-security">SRG-APP-000450-CTR-001105</reference>
            <reference href="https://www.cisecurity.org/benchmark/suse_linux/">1.6.2</reference>
            <reference href="https://docs-prv.pcisecuritystandards.org/PCI%20DSS/Standard/PCI-DSS-v4_0.pdf">2.2.1</reference>
            <reference href="https://docs-prv.pcisecuritystandards.org/PCI%20DSS/Standard/PCI-DSS-v4_0.pdf">2.2</reference>
            <rationale xmlns:xhtml="http://www.w3.org/1999/xhtml" xml:lang="en-US">Computers with the ability to prevent this type of code execution frequently put an option in the BIOS that will
allow users to turn the feature on or off at will.</rationale>
            <platform idref="#machine"/>
            <ident system="https://ncp.nist.gov/cce">CCE-91254-3</ident>
            <check system="http://oval.mitre.org/XMLSchema/oval-definitions-5">
              <check-content-ref name="oval:ssg-bios_enable_execution_restrictions:def:1" href="ssg-sle15-oval.xml"/>
            </check>
            <check system="http://scap.nist.gov/schema/ocil/2">
              <check-content-ref name="ocil:ssg-bios_enable_execution_restrictions_ocil:questionnaire:1" href="ssg-sle15-ocil.xml"/>
            </check>
          </Rule>
          <Rule id="xccdf_org.ssgproject.content_rule_install_PAE_kernel_on_x86-32" selected="false" role="full" severity="unknown">
            <title xmlns:xhtml="http://www.w3.org/1999/xhtml" xml:lang="en-US">Install PAE Kernel on Supported 32-bit x86 Systems</title>
            <description xmlns:xhtml="http://www.w3.org/1999/xhtml" xml:lang="en-US">Systems that are using the 64-bit x86 kernel package
do not need to install the kernel-PAE package because the 64-bit
x86 kernel already includes this support. However, if the system is
32-bit and also supports the PAE and NX features as
determined in the previous section, the kernel-PAE package should
be installed to enable XD or NX support.
The <html:code xmlns:html="http://www.w3.org/1999/xhtml">kernel-PAE</html:code> package can be installed with the following command:
<html:pre xmlns:html="http://www.w3.org/1999/xhtml">
$ sudo zypper install kernel-PAE</html:pre>
The installation process should also have configured the
bootloader to load the new kernel at boot. Verify this after reboot
and modify <html:code xmlns:html="http://www.w3.org/1999/xhtml">/etc/default/grub</html:code> if necessary.</description>
            <warning xmlns:xhtml="http://www.w3.org/1999/xhtml" xml:lang="en-US" category="hardware">The kernel-PAE package should not be
installed on older systems that do not support the XD or NX bit, as
8this may prevent them from booting.8</warning>
            <reference href="https://www.cisecurity.org/controls/">11</reference>
            <reference href="https://www.cisecurity.org/controls/">3</reference>
            <reference href="https://www.cisecurity.org/controls/">9</reference>
            <reference href="https://www.isaca.org/resources/cobit">BAI10.01</reference>
            <reference href="https://www.isaca.org/resources/cobit">BAI10.02</reference>
            <reference href="https://www.isaca.org/resources/cobit">BAI10.03</reference>
            <reference href="https://www.isaca.org/resources/cobit">BAI10.05</reference>
            <reference href="http://nvlpubs.nist.gov/nistpubs/SpecialPublications/NIST.SP.800-171.pdf">3.1.7</reference>
            <reference href="https://www.isa.org/products/isa-62443-2-1-2009-security-for-industrial-automat">4.3.4.3.2</reference>
            <reference href="https://www.isa.org/products/isa-62443-2-1-2009-security-for-industrial-automat">4.3.4.3.3</reference>
            <reference href="https://www.isa.org/products/ansi-isa-62443-3-3-99-03-03-2013-security-for-indu">SR 7.6</reference>
            <reference href="https://www.iso.org/contents/data/standard/05/45/54534.html">A.12.1.2</reference>
            <reference href="https://www.iso.org/contents/data/standard/05/45/54534.html">A.12.5.1</reference>
            <reference href="https://www.iso.org/contents/data/standard/05/45/54534.html">A.12.6.2</reference>
            <reference href="https://www.iso.org/contents/data/standard/05/45/54534.html">A.14.2.2</reference>
            <reference href="https://www.iso.org/contents/data/standard/05/45/54534.html">A.14.2.3</reference>
            <reference href="https://www.iso.org/contents/data/standard/05/45/54534.html">A.14.2.4</reference>
            <reference href="http://nvlpubs.nist.gov/nistpubs/SpecialPublications/NIST.SP.800-53r4.pdf">CM-6(a)</reference>
            <reference href="https://nvlpubs.nist.gov/nistpubs/CSWP/NIST.CSWP.04162018.pdf">PR.IP-1</reference>
            <reference href="https://www.cisecurity.org/benchmark/suse_linux/">1.6.2</reference>
            <reference href="https://cyber.gouv.fr/sites/default/files/document/linux_configuration-en-v2.pdf">R1</reference>
            <reference href="https://docs-prv.pcisecuritystandards.org/PCI%20DSS/Standard/PCI-DSS-v4_0.pdf">2.2.1</reference>
            <reference href="https://docs-prv.pcisecuritystandards.org/PCI%20DSS/Standard/PCI-DSS-v4_0.pdf">2.2</reference>
            <rationale xmlns:xhtml="http://www.w3.org/1999/xhtml" xml:lang="en-US">On 32-bit systems that support the XD or NX bit, the vendor-supplied
PAE kernel is required to enable either Execute Disable (XD) or No Execute (NX) support.</rationale>
            <platform idref="#system_with_kernel"/>
            <ident system="https://ncp.nist.gov/cce">CCE-91255-0</ident>
            <check system="http://oval.mitre.org/XMLSchema/oval-definitions-5">
              <check-content-ref name="oval:ssg-install_PAE_kernel_on_x86-32:def:1" href="ssg-sle15-oval.xml"/>
            </check>
          </Rule>
        </Group>
        <Group id="xccdf_org.ssgproject.content_group_poisoning">
          <title xmlns:xhtml="http://www.w3.org/1999/xhtml" xml:lang="en-US">Memory Poisoning</title>
          <description xmlns:xhtml="http://www.w3.org/1999/xhtml" xml:lang="en-US">Memory Poisoning consists of writing a special value to uninitialized or freed memory.
Poisoning can be used as a mechanism to prevent leak of information and detection of
corrupted memory.</description>
          <platform idref="#system_with_kernel"/>
          <Value id="xccdf_org.ssgproject.content_value_var_slub_debug_options" type="string" interactive="true">
            <title xmlns:xhtml="http://www.w3.org/1999/xhtml" xml:lang="en-US">slub_debug - debug options</title>
            <description xmlns:xhtml="http://www.w3.org/1999/xhtml" xml:lang="en-US">Defines the debug options to use in <html:code xmlns:html="http://www.w3.org/1999/xhtml">slub_debug</html:code> kernel command line argument.</description>
            <value>P</value>
            <value selector="F">F</value>
            <value selector="Z">Z</value>
            <value selector="P">P</value>
            <value selector="FZ">FZ</value>
            <value selector="FZP">FZP</value>
          </Value>
        </Group>
      </Group>
    </Group>
    <Group id="xccdf_org.ssgproject.content_group_selinux">
      <title xmlns:xhtml="http://www.w3.org/1999/xhtml" xml:lang="en-US">SELinux</title>
      <description xmlns:xhtml="http://www.w3.org/1999/xhtml" xml:lang="en-US">SELinux is a feature of the Linux kernel which can be
used to guard against misconfigured or compromised programs.
SELinux enforces the idea that programs should be limited in what
files they can access and what actions they can take.
<html:br xmlns:html="http://www.w3.org/1999/xhtml"/>
      <html:br xmlns:html="http://www.w3.org/1999/xhtml"/>
The default SELinux policy, as configured on SUSE Linux Enterprise 15, has been
sufficiently developed and debugged that it should be usable on
almost any system with minimal configuration and a small
amount of system administrator training. This policy prevents
system services - including most of the common network-visible
services such as mail servers, FTP servers, and DNS servers - from
accessing files which those services have no valid reason to
access. This action alone prevents a huge amount of possible damage
from network attacks against services, from trojaned software, and
so forth.
<html:br xmlns:html="http://www.w3.org/1999/xhtml"/>
      <html:br xmlns:html="http://www.w3.org/1999/xhtml"/>
This guide recommends that SELinux be enabled using the
default (targeted) policy on every SUSE Linux Enterprise 15 system, unless that
system has unusual requirements which make a stronger policy
appropriate.</description>
      <platform idref="#system_with_kernel"/>
      <Value id="xccdf_org.ssgproject.content_value_var_selinux_policy_name" type="string">
        <title xmlns:xhtml="http://www.w3.org/1999/xhtml" xml:lang="en-US">SELinux policy</title>
        <description xmlns:xhtml="http://www.w3.org/1999/xhtml" xml:lang="en-US">Type of policy in use. Possible values are:
<html:br xmlns:html="http://www.w3.org/1999/xhtml"/>targeted - Only targeted network daemons are protected.
<html:br xmlns:html="http://www.w3.org/1999/xhtml"/>strict - Full SELinux protection.
<html:br xmlns:html="http://www.w3.org/1999/xhtml"/>mls - Multiple levels of security</description>
        <value>targeted</value>
        <value selector="mls">mls</value>
        <value selector="targeted">targeted</value>
      </Value>
      <Value id="xccdf_org.ssgproject.content_value_var_selinux_state" type="string">
        <title xmlns:xhtml="http://www.w3.org/1999/xhtml" xml:lang="en-US">SELinux state</title>
        <description xmlns:xhtml="http://www.w3.org/1999/xhtml" xml:lang="en-US">enforcing - SELinux security policy is enforced.
<html:br xmlns:html="http://www.w3.org/1999/xhtml"/>permissive - SELinux prints warnings instead of enforcing.
<html:br xmlns:html="http://www.w3.org/1999/xhtml"/>disabled - SELinux is fully disabled.</description>
        <value>enforcing</value>
        <value selector="disabled">disabled</value>
        <value selector="enforcing">enforcing</value>
        <value selector="permissive">permissive</value>
      </Value>
      <Rule id="xccdf_org.ssgproject.content_rule_package_libselinux_installed" selected="false" role="full" severity="high">
        <title xmlns:xhtml="http://www.w3.org/1999/xhtml" xml:lang="en-US">Install libselinux Package</title>
        <description xmlns:xhtml="http://www.w3.org/1999/xhtml" xml:lang="en-US">The <html:code xmlns:html="http://www.w3.org/1999/xhtml">libselinux</html:code> package can be installed with the following command:
<html:pre xmlns:html="http://www.w3.org/1999/xhtml">
$ sudo zypper install libselinux</html:pre>
      </description>
        <reference href="https://docs-prv.pcisecuritystandards.org/PCI%20DSS/Standard/PCI-DSS-v4_0.pdf">1.2.6</reference>
        <reference href="https://docs-prv.pcisecuritystandards.org/PCI%20DSS/Standard/PCI-DSS-v4_0.pdf">1.2</reference>
        <rationale xmlns:xhtml="http://www.w3.org/1999/xhtml" xml:lang="en-US">Security-enhanced Linux is a feature of the Linux kernel and a number of utilities
with enhanced security functionality designed to add mandatory access controls to Linux.

The <html:code xmlns:html="http://www.w3.org/1999/xhtml">libselinux</html:code> package contains the core library of the Security-enhanced Linux system.</rationale>
        <ident system="https://ncp.nist.gov/cce">CCE-92490-2</ident>
        <fix xmlns:xhtml="http://www.w3.org/1999/xhtml" id="package_libselinux_installed" system="urn:xccdf:fix:script:puppet" complexity="low" disruption="low" strategy="enable">include install_libselinux1

class install_libselinux1 {
  package { 'libselinux1':
    ensure =&gt; 'installed',
  }
}
</fix>
        <fix xmlns:xhtml="http://www.w3.org/1999/xhtml" id="package_libselinux_installed" system="urn:xccdf:fix:script:sh" complexity="low" disruption="low" strategy="enable"># Remediation is applicable only in certain platforms
if rpm --quiet -q kernel-default || rpm --quiet -q kernel-default-base; then

zypper install -y "libselinux1"

else
    &gt;&amp;2 echo 'Remediation is not applicable, nothing was done'
fi
</fix>
        <fix xmlns:xhtml="http://www.w3.org/1999/xhtml" id="package_libselinux_installed" system="urn:redhat:osbuild:blueprint">
[[packages]]
name = "libselinux1"
version = "*"
</fix>
        <fix xmlns:xhtml="http://www.w3.org/1999/xhtml" id="package_libselinux_installed" system="urn:xccdf:fix:script:ansible" complexity="low" disruption="low" strategy="enable">- name: Gather the package facts
  package_facts:
    manager: auto
  tags:
  - CCE-92490-2
  - PCI-DSSv4-1.2
  - PCI-DSSv4-1.2.6
  - enable_strategy
  - high_severity
  - low_complexity
  - low_disruption
  - no_reboot_needed
  - package_libselinux_installed

- name: Ensure libselinux1 is installed
  ansible.builtin.package:
    name: libselinux1
    state: present
  when: ("kernel-default" in ansible_facts.packages or "kernel-default-base" in ansible_facts.packages)
  tags:
  - CCE-92490-2
  - PCI-DSSv4-1.2
  - PCI-DSSv4-1.2.6
  - enable_strategy
  - high_severity
  - low_complexity
  - low_disruption
  - no_reboot_needed
  - package_libselinux_installed
</fix>
        <check system="http://oval.mitre.org/XMLSchema/oval-definitions-5">
          <check-content-ref name="oval:ssg-package_libselinux_installed:def:1" href="ssg-sle15-oval.xml"/>
        </check>
        <check system="http://scap.nist.gov/schema/ocil/2">
          <check-content-ref name="ocil:ssg-package_libselinux_installed_ocil:questionnaire:1" href="ssg-sle15-ocil.xml"/>
        </check>
      </Rule>
      <Rule id="xccdf_org.ssgproject.content_rule_package_mcstrans_removed" selected="false" role="full" severity="low">
        <title xmlns:xhtml="http://www.w3.org/1999/xhtml" xml:lang="en-US">Uninstall mcstrans Package</title>
        <description xmlns:xhtml="http://www.w3.org/1999/xhtml" xml:lang="en-US">The <html:code xmlns:html="http://www.w3.org/1999/xhtml">mcstransd</html:code> daemon provides category label information
to client processes requesting information. The label translations are defined
in <html:code xmlns:html="http://www.w3.org/1999/xhtml">/etc/selinux/targeted/setrans.conf</html:code>.
The <html:code xmlns:html="http://www.w3.org/1999/xhtml">mcstrans</html:code> package can be removed with the following command:
<html:pre xmlns:html="http://www.w3.org/1999/xhtml">
$ sudo zypper remove mcstrans</html:pre>
      </description>
        <rationale xmlns:xhtml="http://www.w3.org/1999/xhtml" xml:lang="en-US">Since this service is not used very often, disable it to reduce the
amount of potentially vulnerable code running on the system.</rationale>
        <fix xmlns:xhtml="http://www.w3.org/1999/xhtml" id="package_mcstrans_removed" system="urn:xccdf:fix:script:puppet" complexity="low" disruption="low" strategy="disable">
include remove_mcstrans

class remove_mcstrans {
  package { 'mcstrans':
    ensure =&gt; 'purged',
  }
}
</fix>
        <fix xmlns:xhtml="http://www.w3.org/1999/xhtml" id="package_mcstrans_removed" system="urn:xccdf:fix:script:sh" complexity="low" disruption="low" strategy="disable"># Remediation is applicable only in certain platforms
if rpm --quiet -q kernel-default || rpm --quiet -q kernel-default-base; then

# CAUTION: This remediation script will remove mcstrans
# from the system, and may remove any packages
# that depend on mcstrans. Execute this
# remediation AFTER testing on a non-production
# system!


zypper remove -y "mcstrans"

else
    &gt;&amp;2 echo 'Remediation is not applicable, nothing was done'
fi
</fix>
        <fix xmlns:xhtml="http://www.w3.org/1999/xhtml" id="package_mcstrans_removed" system="urn:xccdf:fix:script:ansible" complexity="low" disruption="low" strategy="disable">- name: Gather the package facts
  package_facts:
    manager: auto
  tags:
  - disable_strategy
  - low_complexity
  - low_disruption
  - low_severity
  - no_reboot_needed
  - package_mcstrans_removed

- name: 'Uninstall mcstrans Package: Ensure mcstrans is removed'
  ansible.builtin.package:
    name: mcstrans
    state: absent
  when: ("kernel-default" in ansible_facts.packages or "kernel-default-base" in ansible_facts.packages)
  tags:
  - disable_strategy
  - low_complexity
  - low_disruption
  - low_severity
  - no_reboot_needed
  - package_mcstrans_removed
</fix>
        <check system="http://oval.mitre.org/XMLSchema/oval-definitions-5">
          <check-content-ref name="oval:ssg-package_mcstrans_removed:def:1" href="ssg-sle15-oval.xml"/>
        </check>
      </Rule>
      <Rule id="xccdf_org.ssgproject.content_rule_package_setroubleshoot-plugins_removed" selected="false" role="full" severity="low">
        <title xmlns:xhtml="http://www.w3.org/1999/xhtml" xml:lang="en-US">Uninstall setroubleshoot-plugins Package</title>
        <description xmlns:xhtml="http://www.w3.org/1999/xhtml" xml:lang="en-US">The SETroubleshoot plugins are used to analyze SELinux AVC data. The service provides information around configuration errors,
unauthorized intrusions, and other potential errors.
The <html:code xmlns:html="http://www.w3.org/1999/xhtml">setroubleshoot-plugins</html:code> package can be removed with the following command:
<html:pre xmlns:html="http://www.w3.org/1999/xhtml">
$ sudo zypper remove setroubleshoot-plugins</html:pre>
      </description>
        <reference href="https://cyber.gouv.fr/sites/default/files/document/linux_configuration-en-v2.pdf">R49</reference>
        <rationale xmlns:xhtml="http://www.w3.org/1999/xhtml" xml:lang="en-US">The SETroubleshoot service is an unnecessary daemon to
have running on a server.</rationale>
        <ident system="https://ncp.nist.gov/cce">CCE-91269-1</ident>
        <fix xmlns:xhtml="http://www.w3.org/1999/xhtml" id="package_setroubleshoot-plugins_removed" system="urn:xccdf:fix:script:puppet" complexity="low" disruption="low" strategy="disable">
include remove_setroubleshoot-plugins

class remove_setroubleshoot-plugins {
  package { 'setroubleshoot-plugins':
    ensure =&gt; 'purged',
  }
}
</fix>
        <fix xmlns:xhtml="http://www.w3.org/1999/xhtml" id="package_setroubleshoot-plugins_removed" system="urn:xccdf:fix:script:sh" complexity="low" disruption="low" strategy="disable"># Remediation is applicable only in certain platforms
if rpm --quiet -q kernel-default || rpm --quiet -q kernel-default-base; then

# CAUTION: This remediation script will remove setroubleshoot-plugins
# from the system, and may remove any packages
# that depend on setroubleshoot-plugins. Execute this
# remediation AFTER testing on a non-production
# system!


zypper remove -y "setroubleshoot-plugins"

else
    &gt;&amp;2 echo 'Remediation is not applicable, nothing was done'
fi
</fix>
        <fix xmlns:xhtml="http://www.w3.org/1999/xhtml" id="package_setroubleshoot-plugins_removed" system="urn:xccdf:fix:script:ansible" complexity="low" disruption="low" strategy="disable">- name: Gather the package facts
  package_facts:
    manager: auto
  tags:
  - CCE-91269-1
  - disable_strategy
  - low_complexity
  - low_disruption
  - low_severity
  - no_reboot_needed
  - package_setroubleshoot-plugins_removed

- name: 'Uninstall setroubleshoot-plugins Package: Ensure setroubleshoot-plugins is
    removed'
  ansible.builtin.package:
    name: setroubleshoot-plugins
    state: absent
  when: ("kernel-default" in ansible_facts.packages or "kernel-default-base" in ansible_facts.packages)
  tags:
  - CCE-91269-1
  - disable_strategy
  - low_complexity
  - low_disruption
  - low_severity
  - no_reboot_needed
  - package_setroubleshoot-plugins_removed
</fix>
        <check system="http://oval.mitre.org/XMLSchema/oval-definitions-5">
          <check-content-ref name="oval:ssg-package_setroubleshoot-plugins_removed:def:1" href="ssg-sle15-oval.xml"/>
        </check>
        <check system="http://scap.nist.gov/schema/ocil/2">
          <check-content-ref name="ocil:ssg-package_setroubleshoot-plugins_removed_ocil:questionnaire:1" href="ssg-sle15-ocil.xml"/>
        </check>
      </Rule>
      <Rule id="xccdf_org.ssgproject.content_rule_package_setroubleshoot-server_removed" selected="false" role="full" severity="low">
        <title xmlns:xhtml="http://www.w3.org/1999/xhtml" xml:lang="en-US">Uninstall setroubleshoot-server Package</title>
        <description xmlns:xhtml="http://www.w3.org/1999/xhtml" xml:lang="en-US">The SETroubleshoot service notifies desktop users of SELinux
denials. The service provides information around configuration errors,
unauthorized intrusions, and other potential errors.
The <html:code xmlns:html="http://www.w3.org/1999/xhtml">setroubleshoot-server</html:code> package can be removed with the following command:
<html:pre xmlns:html="http://www.w3.org/1999/xhtml">
$ sudo zypper remove setroubleshoot-server</html:pre>
      </description>
        <reference href="https://cyber.gouv.fr/sites/default/files/document/linux_configuration-en-v2.pdf">R49</reference>
        <rationale xmlns:xhtml="http://www.w3.org/1999/xhtml" xml:lang="en-US">The SETroubleshoot service is an unnecessary daemon to have
running on a server.</rationale>
        <ident system="https://ncp.nist.gov/cce">CCE-91267-5</ident>
        <fix xmlns:xhtml="http://www.w3.org/1999/xhtml" id="package_setroubleshoot-server_removed" system="urn:xccdf:fix:script:puppet" complexity="low" disruption="low" strategy="disable">
include remove_setroubleshoot-server

class remove_setroubleshoot-server {
  package { 'setroubleshoot-server':
    ensure =&gt; 'purged',
  }
}
</fix>
        <fix xmlns:xhtml="http://www.w3.org/1999/xhtml" id="package_setroubleshoot-server_removed" system="urn:xccdf:fix:script:sh" complexity="low" disruption="low" strategy="disable"># Remediation is applicable only in certain platforms
if rpm --quiet -q kernel-default || rpm --quiet -q kernel-default-base; then

# CAUTION: This remediation script will remove setroubleshoot-server
# from the system, and may remove any packages
# that depend on setroubleshoot-server. Execute this
# remediation AFTER testing on a non-production
# system!


zypper remove -y "setroubleshoot-server"

else
    &gt;&amp;2 echo 'Remediation is not applicable, nothing was done'
fi
</fix>
        <fix xmlns:xhtml="http://www.w3.org/1999/xhtml" id="package_setroubleshoot-server_removed" system="urn:xccdf:fix:script:ansible" complexity="low" disruption="low" strategy="disable">- name: Gather the package facts
  package_facts:
    manager: auto
  tags:
  - CCE-91267-5
  - disable_strategy
  - low_complexity
  - low_disruption
  - low_severity
  - no_reboot_needed
  - package_setroubleshoot-server_removed

- name: 'Uninstall setroubleshoot-server Package: Ensure setroubleshoot-server is
    removed'
  ansible.builtin.package:
    name: setroubleshoot-server
    state: absent
  when: ("kernel-default" in ansible_facts.packages or "kernel-default-base" in ansible_facts.packages)
  tags:
  - CCE-91267-5
  - disable_strategy
  - low_complexity
  - low_disruption
  - low_severity
  - no_reboot_needed
  - package_setroubleshoot-server_removed
</fix>
        <check system="http://oval.mitre.org/XMLSchema/oval-definitions-5">
          <check-content-ref name="oval:ssg-package_setroubleshoot-server_removed:def:1" href="ssg-sle15-oval.xml"/>
        </check>
        <check system="http://scap.nist.gov/schema/ocil/2">
          <check-content-ref name="ocil:ssg-package_setroubleshoot-server_removed_ocil:questionnaire:1" href="ssg-sle15-ocil.xml"/>
        </check>
      </Rule>
      <Rule id="xccdf_org.ssgproject.content_rule_package_setroubleshoot_removed" selected="false" role="full" severity="low">
        <title xmlns:xhtml="http://www.w3.org/1999/xhtml" xml:lang="en-US">Uninstall setroubleshoot Package</title>
        <description xmlns:xhtml="http://www.w3.org/1999/xhtml" xml:lang="en-US">The SETroubleshoot service notifies desktop users of SELinux
denials. The service provides information around configuration errors,
unauthorized intrusions, and other potential errors.
The <html:code xmlns:html="http://www.w3.org/1999/xhtml">setroubleshoot</html:code> package can be removed with the following command:
<html:pre xmlns:html="http://www.w3.org/1999/xhtml">
$ sudo zypper remove setroubleshoot</html:pre>
      </description>
        <reference href="https://cyber.gouv.fr/sites/default/files/document/linux_configuration-en-v2.pdf">R49</reference>
        <rationale xmlns:xhtml="http://www.w3.org/1999/xhtml" xml:lang="en-US">The SETroubleshoot service is an unnecessary daemon to
have running on a server, especially if
X Windows is removed or disabled.</rationale>
        <ident system="https://ncp.nist.gov/cce">CCE-91268-3</ident>
        <fix xmlns:xhtml="http://www.w3.org/1999/xhtml" id="package_setroubleshoot_removed" system="urn:xccdf:fix:script:puppet" complexity="low" disruption="low" strategy="disable">
include remove_setroubleshoot

class remove_setroubleshoot {
  package { 'setroubleshoot':
    ensure =&gt; 'purged',
  }
}
</fix>
        <fix xmlns:xhtml="http://www.w3.org/1999/xhtml" id="package_setroubleshoot_removed" system="urn:xccdf:fix:script:sh" complexity="low" disruption="low" strategy="disable"># Remediation is applicable only in certain platforms
if rpm --quiet -q kernel-default || rpm --quiet -q kernel-default-base; then

# CAUTION: This remediation script will remove setroubleshoot
# from the system, and may remove any packages
# that depend on setroubleshoot. Execute this
# remediation AFTER testing on a non-production
# system!


zypper remove -y "setroubleshoot"

else
    &gt;&amp;2 echo 'Remediation is not applicable, nothing was done'
fi
</fix>
        <fix xmlns:xhtml="http://www.w3.org/1999/xhtml" id="package_setroubleshoot_removed" system="urn:xccdf:fix:script:ansible" complexity="low" disruption="low" strategy="disable">- name: Gather the package facts
  package_facts:
    manager: auto
  tags:
  - CCE-91268-3
  - disable_strategy
  - low_complexity
  - low_disruption
  - low_severity
  - no_reboot_needed
  - package_setroubleshoot_removed

- name: 'Uninstall setroubleshoot Package: Ensure setroubleshoot is removed'
  ansible.builtin.package:
    name: setroubleshoot
    state: absent
  when: ("kernel-default" in ansible_facts.packages or "kernel-default-base" in ansible_facts.packages)
  tags:
  - CCE-91268-3
  - disable_strategy
  - low_complexity
  - low_disruption
  - low_severity
  - no_reboot_needed
  - package_setroubleshoot_removed
</fix>
        <check system="http://oval.mitre.org/XMLSchema/oval-definitions-5">
          <check-content-ref name="oval:ssg-package_setroubleshoot_removed:def:1" href="ssg-sle15-oval.xml"/>
        </check>
      </Rule>
      <Rule id="xccdf_org.ssgproject.content_rule_coreos_enable_selinux_kernel_argument" selected="false" role="full" severity="medium">
        <title xmlns:xhtml="http://www.w3.org/1999/xhtml" xml:lang="en-US">Ensure SELinux Not Disabled in the kernel arguments</title>
        <description xmlns:xhtml="http://www.w3.org/1999/xhtml" xml:lang="en-US">SELinux can be disabled at boot time by disabling it via a kernel argument.
Remove any instances of <html:code xmlns:html="http://www.w3.org/1999/xhtml">selinux=0</html:code> from the kernel arguments in that
file to prevent SELinux from being disabled at boot.</description>
        <reference href="https://www.cisecurity.org/controls/">1</reference>
        <reference href="https://www.cisecurity.org/controls/">11</reference>
        <reference href="https://www.cisecurity.org/controls/">12</reference>
        <reference href="https://www.cisecurity.org/controls/">13</reference>
        <reference href="https://www.cisecurity.org/controls/">14</reference>
        <reference href="https://www.cisecurity.org/controls/">15</reference>
        <reference href="https://www.cisecurity.org/controls/">16</reference>
        <reference href="https://www.cisecurity.org/controls/">18</reference>
        <reference href="https://www.cisecurity.org/controls/">3</reference>
        <reference href="https://www.cisecurity.org/controls/">4</reference>
        <reference href="https://www.cisecurity.org/controls/">5</reference>
        <reference href="https://www.cisecurity.org/controls/">6</reference>
        <reference href="https://www.cisecurity.org/controls/">8</reference>
        <reference href="https://www.cisecurity.org/controls/">9</reference>
        <reference href="https://www.isaca.org/resources/cobit">APO01.06</reference>
        <reference href="https://www.isaca.org/resources/cobit">APO11.04</reference>
        <reference href="https://www.isaca.org/resources/cobit">APO13.01</reference>
        <reference href="https://www.isaca.org/resources/cobit">BAI03.05</reference>
        <reference href="https://www.isaca.org/resources/cobit">DSS01.05</reference>
        <reference href="https://www.isaca.org/resources/cobit">DSS03.01</reference>
        <reference href="https://www.isaca.org/resources/cobit">DSS05.02</reference>
        <reference href="https://www.isaca.org/resources/cobit">DSS05.04</reference>
        <reference href="https://www.isaca.org/resources/cobit">DSS05.05</reference>
        <reference href="https://www.isaca.org/resources/cobit">DSS05.07</reference>
        <reference href="https://www.isaca.org/resources/cobit">DSS06.02</reference>
        <reference href="https://www.isaca.org/resources/cobit">DSS06.03</reference>
        <reference href="https://www.isaca.org/resources/cobit">DSS06.06</reference>
        <reference href="https://www.isaca.org/resources/cobit">MEA02.01</reference>
        <reference href="http://nvlpubs.nist.gov/nistpubs/SpecialPublications/NIST.SP.800-171.pdf">3.1.2</reference>
        <reference href="http://nvlpubs.nist.gov/nistpubs/SpecialPublications/NIST.SP.800-171.pdf">3.7.2</reference>
        <reference href="https://www.gpo.gov/fdsys/pkg/CFR-2007-title45-vol1/pdf/CFR-2007-title45-vol1-chapA-subchapC.pdf">164.308(a)(1)(ii)(D)</reference>
        <reference href="https://www.gpo.gov/fdsys/pkg/CFR-2007-title45-vol1/pdf/CFR-2007-title45-vol1-chapA-subchapC.pdf">164.308(a)(3)</reference>
        <reference href="https://www.gpo.gov/fdsys/pkg/CFR-2007-title45-vol1/pdf/CFR-2007-title45-vol1-chapA-subchapC.pdf">164.308(a)(4)</reference>
        <reference href="https://www.gpo.gov/fdsys/pkg/CFR-2007-title45-vol1/pdf/CFR-2007-title45-vol1-chapA-subchapC.pdf">164.310(b)</reference>
        <reference href="https://www.gpo.gov/fdsys/pkg/CFR-2007-title45-vol1/pdf/CFR-2007-title45-vol1-chapA-subchapC.pdf">164.310(c)</reference>
        <reference href="https://www.gpo.gov/fdsys/pkg/CFR-2007-title45-vol1/pdf/CFR-2007-title45-vol1-chapA-subchapC.pdf">164.312(a)</reference>
        <reference href="https://www.gpo.gov/fdsys/pkg/CFR-2007-title45-vol1/pdf/CFR-2007-title45-vol1-chapA-subchapC.pdf">164.312(e)</reference>
        <reference href="https://www.isa.org/products/isa-62443-2-1-2009-security-for-industrial-automat">4.2.3.4</reference>
        <reference href="https://www.isa.org/products/isa-62443-2-1-2009-security-for-industrial-automat">4.3.3.2.2</reference>
        <reference href="https://www.isa.org/products/isa-62443-2-1-2009-security-for-industrial-automat">4.3.3.3.9</reference>
        <reference href="https://www.isa.org/products/isa-62443-2-1-2009-security-for-industrial-automat">4.3.3.4</reference>
        <reference href="https://www.isa.org/products/isa-62443-2-1-2009-security-for-industrial-automat">4.3.3.5.1</reference>
        <reference href="https://www.isa.org/products/isa-62443-2-1-2009-security-for-industrial-automat">4.3.3.5.2</reference>
        <reference href="https://www.isa.org/products/isa-62443-2-1-2009-security-for-industrial-automat">4.3.3.5.3</reference>
        <reference href="https://www.isa.org/products/isa-62443-2-1-2009-security-for-industrial-automat">4.3.3.5.4</reference>
        <reference href="https://www.isa.org/products/isa-62443-2-1-2009-security-for-industrial-automat">4.3.3.5.5</reference>
        <reference href="https://www.isa.org/products/isa-62443-2-1-2009-security-for-industrial-automat">4.3.3.5.6</reference>
        <reference href="https://www.isa.org/products/isa-62443-2-1-2009-security-for-industrial-automat">4.3.3.5.7</reference>
        <reference href="https://www.isa.org/products/isa-62443-2-1-2009-security-for-industrial-automat">4.3.3.5.8</reference>
        <reference href="https://www.isa.org/products/isa-62443-2-1-2009-security-for-industrial-automat">4.3.3.6.1</reference>
        <reference href="https://www.isa.org/products/isa-62443-2-1-2009-security-for-industrial-automat">4.3.3.6.2</reference>
        <reference href="https://www.isa.org/products/isa-62443-2-1-2009-security-for-industrial-automat">4.3.3.6.3</reference>
        <reference href="https://www.isa.org/products/isa-62443-2-1-2009-security-for-industrial-automat">4.3.3.6.4</reference>
        <reference href="https://www.isa.org/products/isa-62443-2-1-2009-security-for-industrial-automat">4.3.3.6.5</reference>
        <reference href="https://www.isa.org/products/isa-62443-2-1-2009-security-for-industrial-automat">4.3.3.6.6</reference>
        <reference href="https://www.isa.org/products/isa-62443-2-1-2009-security-for-industrial-automat">4.3.3.6.7</reference>
        <reference href="https://www.isa.org/products/isa-62443-2-1-2009-security-for-industrial-automat">4.3.3.6.8</reference>
        <reference href="https://www.isa.org/products/isa-62443-2-1-2009-security-for-industrial-automat">4.3.3.6.9</reference>
        <reference href="https://www.isa.org/products/isa-62443-2-1-2009-security-for-industrial-automat">4.3.3.7.1</reference>
        <reference href="https://www.isa.org/products/isa-62443-2-1-2009-security-for-industrial-automat">4.3.3.7.2</reference>
        <reference href="https://www.isa.org/products/isa-62443-2-1-2009-security-for-industrial-automat">4.3.3.7.3</reference>
        <reference href="https://www.isa.org/products/isa-62443-2-1-2009-security-for-industrial-automat">4.3.3.7.4</reference>
        <reference href="https://www.isa.org/products/isa-62443-2-1-2009-security-for-industrial-automat">4.3.4.4.7</reference>
        <reference href="https://www.isa.org/products/isa-62443-2-1-2009-security-for-industrial-automat">4.4.2.1</reference>
        <reference href="https://www.isa.org/products/isa-62443-2-1-2009-security-for-industrial-automat">4.4.2.2</reference>
        <reference href="https://www.isa.org/products/isa-62443-2-1-2009-security-for-industrial-automat">4.4.2.4</reference>
        <reference href="https://www.isa.org/products/isa-62443-2-1-2009-security-for-industrial-automat">4.4.3.3</reference>
        <reference href="https://www.isa.org/products/ansi-isa-62443-3-3-99-03-03-2013-security-for-indu">SR 1.1</reference>
        <reference href="https://www.isa.org/products/ansi-isa-62443-3-3-99-03-03-2013-security-for-indu">SR 1.10</reference>
        <reference href="https://www.isa.org/products/ansi-isa-62443-3-3-99-03-03-2013-security-for-indu">SR 1.11</reference>
        <reference href="https://www.isa.org/products/ansi-isa-62443-3-3-99-03-03-2013-security-for-indu">SR 1.12</reference>
        <reference href="https://www.isa.org/products/ansi-isa-62443-3-3-99-03-03-2013-security-for-indu">SR 1.13</reference>
        <reference href="https://www.isa.org/products/ansi-isa-62443-3-3-99-03-03-2013-security-for-indu">SR 1.2</reference>
        <reference href="https://www.isa.org/products/ansi-isa-62443-3-3-99-03-03-2013-security-for-indu">SR 1.3</reference>
        <reference href="https://www.isa.org/products/ansi-isa-62443-3-3-99-03-03-2013-security-for-indu">SR 1.4</reference>
        <reference href="https://www.isa.org/products/ansi-isa-62443-3-3-99-03-03-2013-security-for-indu">SR 1.5</reference>
        <reference href="https://www.isa.org/products/ansi-isa-62443-3-3-99-03-03-2013-security-for-indu">SR 1.6</reference>
        <reference href="https://www.isa.org/products/ansi-isa-62443-3-3-99-03-03-2013-security-for-indu">SR 1.7</reference>
        <reference href="https://www.isa.org/products/ansi-isa-62443-3-3-99-03-03-2013-security-for-indu">SR 1.8</reference>
        <reference href="https://www.isa.org/products/ansi-isa-62443-3-3-99-03-03-2013-security-for-indu">SR 1.9</reference>
        <reference href="https://www.isa.org/products/ansi-isa-62443-3-3-99-03-03-2013-security-for-indu">SR 2.1</reference>
        <reference href="https://www.isa.org/products/ansi-isa-62443-3-3-99-03-03-2013-security-for-indu">SR 2.10</reference>
        <reference href="https://www.isa.org/products/ansi-isa-62443-3-3-99-03-03-2013-security-for-indu">SR 2.11</reference>
        <reference href="https://www.isa.org/products/ansi-isa-62443-3-3-99-03-03-2013-security-for-indu">SR 2.12</reference>
        <reference href="https://www.isa.org/products/ansi-isa-62443-3-3-99-03-03-2013-security-for-indu">SR 2.2</reference>
        <reference href="https://www.isa.org/products/ansi-isa-62443-3-3-99-03-03-2013-security-for-indu">SR 2.3</reference>
        <reference href="https://www.isa.org/products/ansi-isa-62443-3-3-99-03-03-2013-security-for-indu">SR 2.4</reference>
        <reference href="https://www.isa.org/products/ansi-isa-62443-3-3-99-03-03-2013-security-for-indu">SR 2.5</reference>
        <reference href="https://www.isa.org/products/ansi-isa-62443-3-3-99-03-03-2013-security-for-indu">SR 2.6</reference>
        <reference href="https://www.isa.org/products/ansi-isa-62443-3-3-99-03-03-2013-security-for-indu">SR 2.7</reference>
        <reference href="https://www.isa.org/products/ansi-isa-62443-3-3-99-03-03-2013-security-for-indu">SR 2.8</reference>
        <reference href="https://www.isa.org/products/ansi-isa-62443-3-3-99-03-03-2013-security-for-indu">SR 2.9</reference>
        <reference href="https://www.isa.org/products/ansi-isa-62443-3-3-99-03-03-2013-security-for-indu">SR 3.1</reference>
        <reference href="https://www.isa.org/products/ansi-isa-62443-3-3-99-03-03-2013-security-for-indu">SR 3.5</reference>
        <reference href="https://www.isa.org/products/ansi-isa-62443-3-3-99-03-03-2013-security-for-indu">SR 3.8</reference>
        <reference href="https://www.isa.org/products/ansi-isa-62443-3-3-99-03-03-2013-security-for-indu">SR 4.1</reference>
        <reference href="https://www.isa.org/products/ansi-isa-62443-3-3-99-03-03-2013-security-for-indu">SR 4.3</reference>
        <reference href="https://www.isa.org/products/ansi-isa-62443-3-3-99-03-03-2013-security-for-indu">SR 5.1</reference>
        <reference href="https://www.isa.org/products/ansi-isa-62443-3-3-99-03-03-2013-security-for-indu">SR 5.2</reference>
        <reference href="https://www.isa.org/products/ansi-isa-62443-3-3-99-03-03-2013-security-for-indu">SR 5.3</reference>
        <reference href="https://www.isa.org/products/ansi-isa-62443-3-3-99-03-03-2013-security-for-indu">SR 7.1</reference>
        <reference href="https://www.isa.org/products/ansi-isa-62443-3-3-99-03-03-2013-security-for-indu">SR 7.6</reference>
        <reference href="https://www.iso.org/contents/data/standard/05/45/54534.html">A.10.1.1</reference>
        <reference href="https://www.iso.org/contents/data/standard/05/45/54534.html">A.11.1.4</reference>
        <reference href="https://www.iso.org/contents/data/standard/05/45/54534.html">A.11.1.5</reference>
        <reference href="https://www.iso.org/contents/data/standard/05/45/54534.html">A.11.2.1</reference>
        <reference href="https://www.iso.org/contents/data/standard/05/45/54534.html">A.12.1.1</reference>
        <reference href="https://www.iso.org/contents/data/standard/05/45/54534.html">A.12.1.2</reference>
        <reference href="https://www.iso.org/contents/data/standard/05/45/54534.html">A.12.4.1</reference>
        <reference href="https://www.iso.org/contents/data/standard/05/45/54534.html">A.12.4.2</reference>
        <reference href="https://www.iso.org/contents/data/standard/05/45/54534.html">A.12.4.3</reference>
        <reference href="https://www.iso.org/contents/data/standard/05/45/54534.html">A.12.4.4</reference>
        <reference href="https://www.iso.org/contents/data/standard/05/45/54534.html">A.12.7.1</reference>
        <reference href="https://www.iso.org/contents/data/standard/05/45/54534.html">A.13.1.1</reference>
        <reference href="https://www.iso.org/contents/data/standard/05/45/54534.html">A.13.1.2</reference>
        <reference href="https://www.iso.org/contents/data/standard/05/45/54534.html">A.13.1.3</reference>
        <reference href="https://www.iso.org/contents/data/standard/05/45/54534.html">A.13.2.1</reference>
        <reference href="https://www.iso.org/contents/data/standard/05/45/54534.html">A.13.2.2</reference>
        <reference href="https://www.iso.org/contents/data/standard/05/45/54534.html">A.13.2.3</reference>
        <reference href="https://www.iso.org/contents/data/standard/05/45/54534.html">A.13.2.4</reference>
        <reference href="https://www.iso.org/contents/data/standard/05/45/54534.html">A.14.1.2</reference>
        <reference href="https://www.iso.org/contents/data/standard/05/45/54534.html">A.14.1.3</reference>
        <reference href="https://www.iso.org/contents/data/standard/05/45/54534.html">A.6.1.2</reference>
        <reference href="https://www.iso.org/contents/data/standard/05/45/54534.html">A.7.1.1</reference>
        <reference href="https://www.iso.org/contents/data/standard/05/45/54534.html">A.7.1.2</reference>
        <reference href="https://www.iso.org/contents/data/standard/05/45/54534.html">A.7.3.1</reference>
        <reference href="https://www.iso.org/contents/data/standard/05/45/54534.html">A.8.2.2</reference>
        <reference href="https://www.iso.org/contents/data/standard/05/45/54534.html">A.8.2.3</reference>
        <reference href="https://www.iso.org/contents/data/standard/05/45/54534.html">A.9.1.1</reference>
        <reference href="https://www.iso.org/contents/data/standard/05/45/54534.html">A.9.1.2</reference>
        <reference href="https://www.iso.org/contents/data/standard/05/45/54534.html">A.9.2.1</reference>
        <reference href="https://www.iso.org/contents/data/standard/05/45/54534.html">A.9.2.3</reference>
        <reference href="https://www.iso.org/contents/data/standard/05/45/54534.html">A.9.4.1</reference>
        <reference href="https://www.iso.org/contents/data/standard/05/45/54534.html">A.9.4.4</reference>
        <reference href="https://www.iso.org/contents/data/standard/05/45/54534.html">A.9.4.5</reference>
        <reference href="https://www.nerc.com/standards/reliability-standards/cip">CIP-003-8 R5.1.1</reference>
        <reference href="https://www.nerc.com/standards/reliability-standards/cip">CIP-003-8 R5.3</reference>
        <reference href="https://www.nerc.com/standards/reliability-standards/cip">CIP-004-6 R2.2.3</reference>
        <reference href="https://www.nerc.com/standards/reliability-standards/cip">CIP-004-6 R2.3</reference>
        <reference href="https://www.nerc.com/standards/reliability-standards/cip">CIP-007-3 R5.1</reference>
        <reference href="https://www.nerc.com/standards/reliability-standards/cip">CIP-007-3 R5.1.2</reference>
        <reference href="https://www.nerc.com/standards/reliability-standards/cip">CIP-007-3 R5.2</reference>
        <reference href="https://www.nerc.com/standards/reliability-standards/cip">CIP-007-3 R5.3.1</reference>
        <reference href="https://www.nerc.com/standards/reliability-standards/cip">CIP-007-3 R5.3.2</reference>
        <reference href="https://www.nerc.com/standards/reliability-standards/cip">CIP-007-3 R5.3.3</reference>
        <reference href="http://nvlpubs.nist.gov/nistpubs/SpecialPublications/NIST.SP.800-53r4.pdf">AC-3</reference>
        <reference href="http://nvlpubs.nist.gov/nistpubs/SpecialPublications/NIST.SP.800-53r4.pdf">AC-3(3)(a)</reference>
        <reference href="https://nvlpubs.nist.gov/nistpubs/CSWP/NIST.CSWP.04162018.pdf">DE.AE-1</reference>
        <reference href="https://nvlpubs.nist.gov/nistpubs/CSWP/NIST.CSWP.04162018.pdf">ID.AM-3</reference>
        <reference href="https://nvlpubs.nist.gov/nistpubs/CSWP/NIST.CSWP.04162018.pdf">PR.AC-4</reference>
        <reference href="https://nvlpubs.nist.gov/nistpubs/CSWP/NIST.CSWP.04162018.pdf">PR.AC-5</reference>
        <reference href="https://nvlpubs.nist.gov/nistpubs/CSWP/NIST.CSWP.04162018.pdf">PR.AC-6</reference>
        <reference href="https://nvlpubs.nist.gov/nistpubs/CSWP/NIST.CSWP.04162018.pdf">PR.DS-5</reference>
        <reference href="https://nvlpubs.nist.gov/nistpubs/CSWP/NIST.CSWP.04162018.pdf">PR.PT-1</reference>
        <reference href="https://nvlpubs.nist.gov/nistpubs/CSWP/NIST.CSWP.04162018.pdf">PR.PT-3</reference>
        <reference href="https://nvlpubs.nist.gov/nistpubs/CSWP/NIST.CSWP.04162018.pdf">PR.PT-4</reference>
        <reference href="https://www.cyber.mil/stigs/downloads/?_dl_facet_stigs=app-security">SRG-APP-000233-CTR-000585</reference>
        <reference href="https://www.bsi.bund.de/SharedDocs/Downloads/EN/BSI/Grundschutz/International/bsi_it_gs_comp_2022.pdf">APP.4.4.A4</reference>
        <reference href="https://www.bsi.bund.de/SharedDocs/Downloads/EN/BSI/Grundschutz/International/bsi_it_gs_comp_2022.pdf">SYS.1.6.A3</reference>
        <reference href="https://www.bsi.bund.de/SharedDocs/Downloads/EN/BSI/Grundschutz/International/bsi_it_gs_comp_2022.pdf">SYS.1.6.A18</reference>
        <reference href="https://www.bsi.bund.de/SharedDocs/Downloads/EN/BSI/Grundschutz/International/bsi_it_gs_comp_2022.pdf">SYS.1.6.A21</reference>
        <rationale xmlns:xhtml="http://www.w3.org/1999/xhtml" xml:lang="en-US">Disabling a major host protection feature, such as SELinux, at boot time prevents
it from confining system services at boot time.  Further, it increases
the chances that it will remain off during system operation.</rationale>
        <check system="http://oval.mitre.org/XMLSchema/oval-definitions-5">
          <check-content-ref name="oval:ssg-coreos_enable_selinux_kernel_argument:def:1" href="ssg-sle15-oval.xml"/>
        </check>
        <check system="http://scap.nist.gov/schema/ocil/2">
          <check-content-ref name="ocil:ssg-coreos_enable_selinux_kernel_argument_ocil:questionnaire:1" href="ssg-sle15-ocil.xml"/>
        </check>
      </Rule>
      <Rule id="xccdf_org.ssgproject.content_rule_directory_groupowner_etc_selinux" selected="false" role="full" severity="medium">
        <title xmlns:xhtml="http://www.w3.org/1999/xhtml" xml:lang="en-US">Verify Group Who Owns /etc/selinux Directory</title>
        <description xmlns:xhtml="http://www.w3.org/1999/xhtml" xml:lang="en-US"> To properly set the group owner of <html:code xmlns:html="http://www.w3.org/1999/xhtml">/etc/selinux</html:code>, run the command:
<html:pre xmlns:html="http://www.w3.org/1999/xhtml">$ sudo chgrp root /etc/selinux</html:pre>
      </description>
        <reference href="https://cyber.gouv.fr/sites/default/files/document/linux_configuration-en-v2.pdf">R50</reference>
        <reference href="not_publicly_available">SLES-15-900150240</reference>
        <rationale xmlns:xhtml="http://www.w3.org/1999/xhtml" xml:lang="en-US">The ownership of the /etc/selinux directory by the root group is important
because this directory hosts SELinux configuration. Protection of this
directory is critical for system security. Assigning the ownership to root
ensures exclusive control of the SELinux configuration.</rationale>
        <ident system="https://ncp.nist.gov/cce">CCE-92501-6</ident>
        <fix xmlns:xhtml="http://www.w3.org/1999/xhtml" id="directory_groupowner_etc_selinux" system="urn:xccdf:fix:script:sh" complexity="low" disruption="low" strategy="configure"># Remediation is applicable only in certain platforms
if rpm --quiet -q kernel-default || rpm --quiet -q kernel-default-base; then

newgroup=""
if getent group "root" &gt;/dev/null 2&gt;&amp;1; then
  newgroup="root"
fi

if [[ -z "${newgroup}" ]]; then
  &gt;&amp;2 echo "root is not a defined group on the system"
else
find -P /etc/selinux/ -maxdepth 0 -type d  ! -group root -exec chgrp --no-dereference "$newgroup" {} \;

fi

else
    &gt;&amp;2 echo 'Remediation is not applicable, nothing was done'
fi
</fix>
        <fix xmlns:xhtml="http://www.w3.org/1999/xhtml" id="directory_groupowner_etc_selinux" system="urn:xccdf:fix:script:ansible" complexity="low" disruption="low" strategy="configure">- name: Gather the package facts
  package_facts:
    manager: auto
  tags:
  - CCE-92501-6
  - configure_strategy
  - directory_groupowner_etc_selinux
  - low_complexity
  - low_disruption
  - medium_severity
  - no_reboot_needed

- name: Check that the root group is defined
  ansible.builtin.getent:
    database: group
    key: root
  ignore_errors: true
  when:
  - ("kernel-default" in ansible_facts.packages or "kernel-default-base" in ansible_facts.packages)
  - directory_groupowner_etc_selinux_newgroup is undefined
  tags:
  - CCE-92501-6
  - configure_strategy
  - directory_groupowner_etc_selinux
  - low_complexity
  - low_disruption
  - medium_severity
  - no_reboot_needed

- name: Set the directory_groupowner_etc_selinux_newgroup variable if root found
  ansible.builtin.set_fact:
    directory_groupowner_etc_selinux_newgroup: root
  when:
  - ("kernel-default" in ansible_facts.packages or "kernel-default-base" in ansible_facts.packages)
  - ansible_facts.getent_group["root"] is defined
  tags:
  - CCE-92501-6
  - configure_strategy
  - directory_groupowner_etc_selinux
  - low_complexity
  - low_disruption
  - medium_severity
  - no_reboot_needed

- name: Ensure group owner on /etc/selinux/
  ansible.builtin.file:
    path: /etc/selinux/
    follow: false
    state: directory
    group: '{{ directory_groupowner_etc_selinux_newgroup }}'
  when: ("kernel-default" in ansible_facts.packages or "kernel-default-base" in ansible_facts.packages)
  tags:
  - CCE-92501-6
  - configure_strategy
  - directory_groupowner_etc_selinux
  - low_complexity
  - low_disruption
  - medium_severity
  - no_reboot_needed
</fix>
        <check system="http://oval.mitre.org/XMLSchema/oval-definitions-5">
          <check-content-ref name="oval:ssg-directory_groupowner_etc_selinux:def:1" href="ssg-sle15-oval.xml"/>
        </check>
        <check system="http://scap.nist.gov/schema/ocil/2">
          <check-content-ref name="ocil:ssg-directory_groupowner_etc_selinux_ocil:questionnaire:1" href="ssg-sle15-ocil.xml"/>
        </check>
      </Rule>
      <Rule id="xccdf_org.ssgproject.content_rule_directory_owner_etc_selinux" selected="false" role="full" severity="medium">
        <title xmlns:xhtml="http://www.w3.org/1999/xhtml" xml:lang="en-US">Verify User Who Owns /etc/selinux Directory</title>
        <description xmlns:xhtml="http://www.w3.org/1999/xhtml" xml:lang="en-US"> To properly set the owner of <html:code xmlns:html="http://www.w3.org/1999/xhtml">/etc/selinux</html:code>, run the command:
<html:pre xmlns:html="http://www.w3.org/1999/xhtml">$ sudo chown root /etc/selinux </html:pre>
      </description>
        <reference href="https://cyber.gouv.fr/sites/default/files/document/linux_configuration-en-v2.pdf">R50</reference>
        <reference href="not_publicly_available">SLES-15-900150240</reference>
        <rationale xmlns:xhtml="http://www.w3.org/1999/xhtml" xml:lang="en-US">The ownership of the /etc/selinux directory by the root user is important
because this directory hosts SELinux configuration. Protection of this
directory is critical for system security. Assigning the ownership to root
ensures exclusive control of the SELinux configuration.</rationale>
        <ident system="https://ncp.nist.gov/cce">CCE-92510-7</ident>
        <fix xmlns:xhtml="http://www.w3.org/1999/xhtml" id="directory_owner_etc_selinux" system="urn:xccdf:fix:script:sh" complexity="low" disruption="low" strategy="configure"># Remediation is applicable only in certain platforms
if rpm --quiet -q kernel-default || rpm --quiet -q kernel-default-base; then

newown=""
if id "0" &gt;/dev/null 2&gt;&amp;1; then
  newown="0"
fi

if [[ -z "$newown" ]]; then
  &gt;&amp;2 echo "0 is not a defined user on the system"
else
find -P /etc/selinux/ -maxdepth 0 -type d  ! -user 0 -exec chown --no-dereference "$newown" {} \;

fi

else
    &gt;&amp;2 echo 'Remediation is not applicable, nothing was done'
fi
</fix>
        <fix xmlns:xhtml="http://www.w3.org/1999/xhtml" id="directory_owner_etc_selinux" system="urn:xccdf:fix:script:ansible" complexity="low" disruption="low" strategy="configure">- name: Gather the package facts
  package_facts:
    manager: auto
  tags:
  - CCE-92510-7
  - configure_strategy
  - directory_owner_etc_selinux
  - low_complexity
  - low_disruption
  - medium_severity
  - no_reboot_needed

- name: Set the directory_owner_etc_selinux_newown variable if represented by uid
  ansible.builtin.set_fact:
    directory_owner_etc_selinux_newown: '0'
  when: ("kernel-default" in ansible_facts.packages or "kernel-default-base" in ansible_facts.packages)
  tags:
  - CCE-92510-7
  - configure_strategy
  - directory_owner_etc_selinux
  - low_complexity
  - low_disruption
  - medium_severity
  - no_reboot_needed

- name: Ensure owner on directory /etc/selinux/
  ansible.builtin.file:
    path: /etc/selinux/
    follow: false
    state: directory
    owner: '{{ directory_owner_etc_selinux_newown }}'
  when: ("kernel-default" in ansible_facts.packages or "kernel-default-base" in ansible_facts.packages)
  tags:
  - CCE-92510-7
  - configure_strategy
  - directory_owner_etc_selinux
  - low_complexity
  - low_disruption
  - medium_severity
  - no_reboot_needed
</fix>
        <check system="http://oval.mitre.org/XMLSchema/oval-definitions-5">
          <check-content-ref name="oval:ssg-directory_owner_etc_selinux:def:1" href="ssg-sle15-oval.xml"/>
        </check>
        <check system="http://scap.nist.gov/schema/ocil/2">
          <check-content-ref name="ocil:ssg-directory_owner_etc_selinux_ocil:questionnaire:1" href="ssg-sle15-ocil.xml"/>
        </check>
      </Rule>
      <Rule id="xccdf_org.ssgproject.content_rule_directory_permissions_etc_selinux" selected="false" role="full" severity="medium">
        <title xmlns:xhtml="http://www.w3.org/1999/xhtml" xml:lang="en-US">Verify Permissions On /etc/selinux Directory</title>
        <description xmlns:xhtml="http://www.w3.org/1999/xhtml" xml:lang="en-US"> To properly set the permissions of <html:code xmlns:html="http://www.w3.org/1999/xhtml">/etc/selinux</html:code>, run the command: <html:pre xmlns:html="http://www.w3.org/1999/xhtml">$ sudo chmod 0755 /etc/selinux</html:pre>
      </description>
        <reference href="https://cyber.gouv.fr/sites/default/files/document/linux_configuration-en-v2.pdf">R50</reference>
        <reference href="not_publicly_available">SLES-15-900150240</reference>
        <rationale xmlns:xhtml="http://www.w3.org/1999/xhtml" xml:lang="en-US">Setting correct permissions on the /etc/selinux directory is important
because this directory hosts SELinux configuration. Protection of this
directory is critical for system security. Restricting the permissions
ensures exclusive control of the SELinux configuration.</rationale>
        <ident system="https://ncp.nist.gov/cce">CCE-92524-8</ident>
        <fix xmlns:xhtml="http://www.w3.org/1999/xhtml" id="directory_permissions_etc_selinux" system="urn:xccdf:fix:script:sh" complexity="low" disruption="low" strategy="configure"># Remediation is applicable only in certain platforms
if rpm --quiet -q kernel-default || rpm --quiet -q kernel-default-base; then

find -H /etc/selinux/ -maxdepth 0 -perm /u+s,g+ws,o+wt -type d -exec chmod u-s,g-ws,o-wt {} \;

else
    &gt;&amp;2 echo 'Remediation is not applicable, nothing was done'
fi
</fix>
        <fix xmlns:xhtml="http://www.w3.org/1999/xhtml" id="directory_permissions_etc_selinux" system="urn:xccdf:fix:script:ansible" complexity="low" disruption="low" strategy="configure">- name: Gather the package facts
  package_facts:
    manager: auto
  tags:
  - CCE-92524-8
  - configure_strategy
  - directory_permissions_etc_selinux
  - low_complexity
  - low_disruption
  - medium_severity
  - no_reboot_needed

- name: Find /etc/selinux/ file(s)
  ansible.builtin.command: 'find -P /etc/selinux/ -maxdepth 0 -perm /u+s,g+ws,o+wt  -type
    d '
  register: files_found
  changed_when: false
  failed_when: false
  check_mode: false
  when: ("kernel-default" in ansible_facts.packages or "kernel-default-base" in ansible_facts.packages)
  tags:
  - CCE-92524-8
  - configure_strategy
  - directory_permissions_etc_selinux
  - low_complexity
  - low_disruption
  - medium_severity
  - no_reboot_needed

- name: Set permissions for /etc/selinux/ file(s)
  ansible.builtin.file:
    path: '{{ item }}'
    mode: u-s,g-ws,o-wt
    state: directory
  with_items:
  - '{{ files_found.stdout_lines }}'
  when: ("kernel-default" in ansible_facts.packages or "kernel-default-base" in ansible_facts.packages)
  tags:
  - CCE-92524-8
  - configure_strategy
  - directory_permissions_etc_selinux
  - low_complexity
  - low_disruption
  - medium_severity
  - no_reboot_needed
</fix>
        <check system="http://oval.mitre.org/XMLSchema/oval-definitions-5">
          <check-content-ref name="oval:ssg-directory_permissions_etc_selinux:def:1" href="ssg-sle15-oval.xml"/>
        </check>
        <check system="http://scap.nist.gov/schema/ocil/2">
          <check-content-ref name="ocil:ssg-directory_permissions_etc_selinux_ocil:questionnaire:1" href="ssg-sle15-ocil.xml"/>
        </check>
      </Rule>
      <Rule id="xccdf_org.ssgproject.content_rule_file_groupowner_etc_sestatus_conf" selected="false" role="full" severity="medium">
        <title xmlns:xhtml="http://www.w3.org/1999/xhtml" xml:lang="en-US">Verify Group Who Owns /etc/sestatus.conf File</title>
        <description xmlns:xhtml="http://www.w3.org/1999/xhtml" xml:lang="en-US"> To properly set the group owner of <html:code xmlns:html="http://www.w3.org/1999/xhtml">/etc/sestatus.conf</html:code>, run the command:
<html:pre xmlns:html="http://www.w3.org/1999/xhtml">$ sudo chgrp root /etc/sestatus.conf</html:pre>
      </description>
        <reference href="https://cyber.gouv.fr/sites/default/files/document/linux_configuration-en-v2.pdf">R50</reference>
        <rationale xmlns:xhtml="http://www.w3.org/1999/xhtml" xml:lang="en-US">The ownership of the /etc/sestatus.conf file by the root group is important
because this file hosts SELinux configuration. Protection of this
file is critical for system security. Assigning the ownership to root
ensures exclusive control of the SELinux configuration.</rationale>
        <fix xmlns:xhtml="http://www.w3.org/1999/xhtml" id="file_groupowner_etc_sestatus_conf" system="urn:xccdf:fix:script:sh" complexity="low" disruption="low" strategy="configure"># Remediation is applicable only in certain platforms
if rpm --quiet -q kernel-default || rpm --quiet -q kernel-default-base; then

newgroup=""
if getent group "root" &gt;/dev/null 2&gt;&amp;1; then
  newgroup="root"
fi

if [[ -z "${newgroup}" ]]; then
  &gt;&amp;2 echo "root is not a defined group on the system"
else
if ! stat -c "%g %G" "/etc/sestatus.conf" | grep -E -w -q "root"; then
    chgrp --no-dereference "$newgroup" /etc/sestatus.conf
fi

fi

else
    &gt;&amp;2 echo 'Remediation is not applicable, nothing was done'
fi
</fix>
        <fix xmlns:xhtml="http://www.w3.org/1999/xhtml" id="file_groupowner_etc_sestatus_conf" system="urn:xccdf:fix:script:ansible" complexity="low" disruption="low" strategy="configure">- name: Gather the package facts
  package_facts:
    manager: auto
  tags:
  - configure_strategy
  - file_groupowner_etc_sestatus_conf
  - low_complexity
  - low_disruption
  - medium_severity
  - no_reboot_needed

- name: Check that the root group is defined
  ansible.builtin.getent:
    database: group
    key: root
  ignore_errors: true
  when:
  - ("kernel-default" in ansible_facts.packages or "kernel-default-base" in ansible_facts.packages)
  - file_groupowner_etc_sestatus_conf_newgroup is undefined
  tags:
  - configure_strategy
  - file_groupowner_etc_sestatus_conf
  - low_complexity
  - low_disruption
  - medium_severity
  - no_reboot_needed

- name: Set the file_groupowner_etc_sestatus_conf_newgroup variable if root found
  ansible.builtin.set_fact:
    file_groupowner_etc_sestatus_conf_newgroup: root
  when:
  - ("kernel-default" in ansible_facts.packages or "kernel-default-base" in ansible_facts.packages)
  - ansible_facts.getent_group["root"] is defined
  tags:
  - configure_strategy
  - file_groupowner_etc_sestatus_conf
  - low_complexity
  - low_disruption
  - medium_severity
  - no_reboot_needed

- name: Test for existence /etc/sestatus.conf
  ansible.builtin.stat:
    path: /etc/sestatus.conf
  register: file_exists
  when: ("kernel-default" in ansible_facts.packages or "kernel-default-base" in ansible_facts.packages)
  tags:
  - configure_strategy
  - file_groupowner_etc_sestatus_conf
  - low_complexity
  - low_disruption
  - medium_severity
  - no_reboot_needed

- name: Ensure group owner on /etc/sestatus.conf
  ansible.builtin.file:
    path: /etc/sestatus.conf
    follow: false
    group: '{{ file_groupowner_etc_sestatus_conf_newgroup }}'
  when:
  - ("kernel-default" in ansible_facts.packages or "kernel-default-base" in ansible_facts.packages)
  - file_exists.stat is defined and file_exists.stat.exists
  tags:
  - configure_strategy
  - file_groupowner_etc_sestatus_conf
  - low_complexity
  - low_disruption
  - medium_severity
  - no_reboot_needed
</fix>
        <check system="http://oval.mitre.org/XMLSchema/oval-definitions-5">
          <check-content-ref name="oval:ssg-file_groupowner_etc_sestatus_conf:def:1" href="ssg-sle15-oval.xml"/>
        </check>
        <check system="http://scap.nist.gov/schema/ocil/2">
          <check-content-ref name="ocil:ssg-file_groupowner_etc_sestatus_conf_ocil:questionnaire:1" href="ssg-sle15-ocil.xml"/>
        </check>
      </Rule>
      <Rule id="xccdf_org.ssgproject.content_rule_file_owner_etc_sestatus_conf" selected="false" role="full" severity="medium">
        <title xmlns:xhtml="http://www.w3.org/1999/xhtml" xml:lang="en-US">Verify User Who Owns /etc/sestatus.conf File</title>
        <description xmlns:xhtml="http://www.w3.org/1999/xhtml" xml:lang="en-US"> To properly set the owner of <html:code xmlns:html="http://www.w3.org/1999/xhtml">/etc/sestatus.conf</html:code>, run the command:
<html:pre xmlns:html="http://www.w3.org/1999/xhtml">$ sudo chown root /etc/sestatus.conf </html:pre>
      </description>
        <reference href="https://cyber.gouv.fr/sites/default/files/document/linux_configuration-en-v2.pdf">R50</reference>
        <rationale xmlns:xhtml="http://www.w3.org/1999/xhtml" xml:lang="en-US">The ownership of the /etc/sestatus.conf file by the root user is important
because this file hosts SELinux configuration. Protection of this
file is critical for system security. Assigning the ownership to root
ensures exclusive control of the SELinux configuration.</rationale>
        <fix xmlns:xhtml="http://www.w3.org/1999/xhtml" id="file_owner_etc_sestatus_conf" system="urn:xccdf:fix:script:sh" complexity="low" disruption="low" strategy="configure"># Remediation is applicable only in certain platforms
if rpm --quiet -q kernel-default || rpm --quiet -q kernel-default-base; then

newown=""
if id "0" &gt;/dev/null 2&gt;&amp;1; then
  newown="0"
fi

if [[ -z "$newown" ]]; then
  &gt;&amp;2 echo "0 is not a defined user on the system"
else
if ! stat -c "%u %U" "/etc/sestatus.conf" | grep -E -w -q "0"; then
    chown --no-dereference "$newown" /etc/sestatus.conf
fi

fi

else
    &gt;&amp;2 echo 'Remediation is not applicable, nothing was done'
fi
</fix>
        <fix xmlns:xhtml="http://www.w3.org/1999/xhtml" id="file_owner_etc_sestatus_conf" system="urn:xccdf:fix:script:ansible" complexity="low" disruption="low" strategy="configure">- name: Gather the package facts
  package_facts:
    manager: auto
  tags:
  - configure_strategy
  - file_owner_etc_sestatus_conf
  - low_complexity
  - low_disruption
  - medium_severity
  - no_reboot_needed

- name: Set the file_owner_etc_sestatus_conf_newown variable if represented by uid
  ansible.builtin.set_fact:
    file_owner_etc_sestatus_conf_newown: '0'
  when: ("kernel-default" in ansible_facts.packages or "kernel-default-base" in ansible_facts.packages)
  tags:
  - configure_strategy
  - file_owner_etc_sestatus_conf
  - low_complexity
  - low_disruption
  - medium_severity
  - no_reboot_needed

- name: Test for existence /etc/sestatus.conf
  ansible.builtin.stat:
    path: /etc/sestatus.conf
  register: file_exists
  when: ("kernel-default" in ansible_facts.packages or "kernel-default-base" in ansible_facts.packages)
  tags:
  - configure_strategy
  - file_owner_etc_sestatus_conf
  - low_complexity
  - low_disruption
  - medium_severity
  - no_reboot_needed

- name: Ensure owner on /etc/sestatus.conf
  ansible.builtin.file:
    path: /etc/sestatus.conf
    follow: false
    owner: '{{ file_owner_etc_sestatus_conf_newown }}'
  when:
  - ("kernel-default" in ansible_facts.packages or "kernel-default-base" in ansible_facts.packages)
  - file_exists.stat is defined and file_exists.stat.exists
  tags:
  - configure_strategy
  - file_owner_etc_sestatus_conf
  - low_complexity
  - low_disruption
  - medium_severity
  - no_reboot_needed
</fix>
        <check system="http://oval.mitre.org/XMLSchema/oval-definitions-5">
          <check-content-ref name="oval:ssg-file_owner_etc_sestatus_conf:def:1" href="ssg-sle15-oval.xml"/>
        </check>
        <check system="http://scap.nist.gov/schema/ocil/2">
          <check-content-ref name="ocil:ssg-file_owner_etc_sestatus_conf_ocil:questionnaire:1" href="ssg-sle15-ocil.xml"/>
        </check>
      </Rule>
      <Rule id="xccdf_org.ssgproject.content_rule_file_permissions_etc_sestatus_conf" selected="false" role="full" severity="medium">
        <title xmlns:xhtml="http://www.w3.org/1999/xhtml" xml:lang="en-US">Verify Permissions On /etc/sestatus.conf File</title>
        <description xmlns:xhtml="http://www.w3.org/1999/xhtml" xml:lang="en-US"> To properly set the permissions of <html:code xmlns:html="http://www.w3.org/1999/xhtml">/etc/sestatus.conf</html:code>, run the command: <html:pre xmlns:html="http://www.w3.org/1999/xhtml">$ sudo chmod 0644 /etc/sestatus.conf</html:pre>
      </description>
        <reference href="https://cyber.gouv.fr/sites/default/files/document/linux_configuration-en-v2.pdf">R50</reference>
        <rationale xmlns:xhtml="http://www.w3.org/1999/xhtml" xml:lang="en-US">Setting correct permissions on the /etc/sestatus.conf file is important
because this file hosts SELinux configuration. Protection of this
file is critical for system security. Restricting the permissions
ensures exclusive control of the SELinux configuration.</rationale>
        <fix xmlns:xhtml="http://www.w3.org/1999/xhtml" id="file_permissions_etc_sestatus_conf" system="urn:xccdf:fix:script:sh" complexity="low" disruption="low" strategy="configure"># Remediation is applicable only in certain platforms
if rpm --quiet -q kernel-default || rpm --quiet -q kernel-default-base; then

chmod u-xs,g-xws,o-xwt /etc/sestatus.conf

else
    &gt;&amp;2 echo 'Remediation is not applicable, nothing was done'
fi
</fix>
        <fix xmlns:xhtml="http://www.w3.org/1999/xhtml" id="file_permissions_etc_sestatus_conf" system="urn:xccdf:fix:script:ansible" complexity="low" disruption="low" strategy="configure">- name: Gather the package facts
  package_facts:
    manager: auto
  tags:
  - configure_strategy
  - file_permissions_etc_sestatus_conf
  - low_complexity
  - low_disruption
  - medium_severity
  - no_reboot_needed

- name: Test for existence /etc/sestatus.conf
  ansible.builtin.stat:
    path: /etc/sestatus.conf
  register: file_exists
  when: ("kernel-default" in ansible_facts.packages or "kernel-default-base" in ansible_facts.packages)
  tags:
  - configure_strategy
  - file_permissions_etc_sestatus_conf
  - low_complexity
  - low_disruption
  - medium_severity
  - no_reboot_needed

- name: Ensure permission u-xs,g-xws,o-xwt on /etc/sestatus.conf
  ansible.builtin.file:
    path: /etc/sestatus.conf
    mode: u-xs,g-xws,o-xwt
  when:
  - ("kernel-default" in ansible_facts.packages or "kernel-default-base" in ansible_facts.packages)
  - file_exists.stat is defined and file_exists.stat.exists
  tags:
  - configure_strategy
  - file_permissions_etc_sestatus_conf
  - low_complexity
  - low_disruption
  - medium_severity
  - no_reboot_needed
</fix>
        <check system="http://oval.mitre.org/XMLSchema/oval-definitions-5">
          <check-content-ref name="oval:ssg-file_permissions_etc_sestatus_conf:def:1" href="ssg-sle15-oval.xml"/>
        </check>
        <check system="http://scap.nist.gov/schema/ocil/2">
          <check-content-ref name="ocil:ssg-file_permissions_etc_sestatus_conf_ocil:questionnaire:1" href="ssg-sle15-ocil.xml"/>
        </check>
      </Rule>
      <Rule id="xccdf_org.ssgproject.content_rule_grub2_enable_selinux" selected="false" role="full" severity="medium">
        <title xmlns:xhtml="http://www.w3.org/1999/xhtml" xml:lang="en-US">Ensure SELinux Not Disabled in /etc/default/grub</title>
        <description xmlns:xhtml="http://www.w3.org/1999/xhtml" xml:lang="en-US">SELinux can be disabled at boot time by an argument in
<html:code xmlns:html="http://www.w3.org/1999/xhtml">/etc/default/grub</html:code>.
Remove any instances of <html:code xmlns:html="http://www.w3.org/1999/xhtml">selinux=0</html:code> from the kernel arguments in that
file to prevent SELinux from being disabled at boot.</description>
        <reference href="https://www.cisecurity.org/controls/">1</reference>
        <reference href="https://www.cisecurity.org/controls/">11</reference>
        <reference href="https://www.cisecurity.org/controls/">12</reference>
        <reference href="https://www.cisecurity.org/controls/">13</reference>
        <reference href="https://www.cisecurity.org/controls/">14</reference>
        <reference href="https://www.cisecurity.org/controls/">15</reference>
        <reference href="https://www.cisecurity.org/controls/">16</reference>
        <reference href="https://www.cisecurity.org/controls/">18</reference>
        <reference href="https://www.cisecurity.org/controls/">3</reference>
        <reference href="https://www.cisecurity.org/controls/">4</reference>
        <reference href="https://www.cisecurity.org/controls/">5</reference>
        <reference href="https://www.cisecurity.org/controls/">6</reference>
        <reference href="https://www.cisecurity.org/controls/">8</reference>
        <reference href="https://www.cisecurity.org/controls/">9</reference>
        <reference href="https://www.isaca.org/resources/cobit">APO01.06</reference>
        <reference href="https://www.isaca.org/resources/cobit">APO11.04</reference>
        <reference href="https://www.isaca.org/resources/cobit">APO13.01</reference>
        <reference href="https://www.isaca.org/resources/cobit">BAI03.05</reference>
        <reference href="https://www.isaca.org/resources/cobit">DSS01.05</reference>
        <reference href="https://www.isaca.org/resources/cobit">DSS03.01</reference>
        <reference href="https://www.isaca.org/resources/cobit">DSS05.02</reference>
        <reference href="https://www.isaca.org/resources/cobit">DSS05.04</reference>
        <reference href="https://www.isaca.org/resources/cobit">DSS05.05</reference>
        <reference href="https://www.isaca.org/resources/cobit">DSS05.07</reference>
        <reference href="https://www.isaca.org/resources/cobit">DSS06.02</reference>
        <reference href="https://www.isaca.org/resources/cobit">DSS06.03</reference>
        <reference href="https://www.isaca.org/resources/cobit">DSS06.06</reference>
        <reference href="https://www.isaca.org/resources/cobit">MEA02.01</reference>
        <reference href="http://nvlpubs.nist.gov/nistpubs/SpecialPublications/NIST.SP.800-171.pdf">3.1.2</reference>
        <reference href="http://nvlpubs.nist.gov/nistpubs/SpecialPublications/NIST.SP.800-171.pdf">3.7.2</reference>
        <reference href="https://www.gpo.gov/fdsys/pkg/CFR-2007-title45-vol1/pdf/CFR-2007-title45-vol1-chapA-subchapC.pdf">164.308(a)(1)(ii)(D)</reference>
        <reference href="https://www.gpo.gov/fdsys/pkg/CFR-2007-title45-vol1/pdf/CFR-2007-title45-vol1-chapA-subchapC.pdf">164.308(a)(3)</reference>
        <reference href="https://www.gpo.gov/fdsys/pkg/CFR-2007-title45-vol1/pdf/CFR-2007-title45-vol1-chapA-subchapC.pdf">164.308(a)(4)</reference>
        <reference href="https://www.gpo.gov/fdsys/pkg/CFR-2007-title45-vol1/pdf/CFR-2007-title45-vol1-chapA-subchapC.pdf">164.310(b)</reference>
        <reference href="https://www.gpo.gov/fdsys/pkg/CFR-2007-title45-vol1/pdf/CFR-2007-title45-vol1-chapA-subchapC.pdf">164.310(c)</reference>
        <reference href="https://www.gpo.gov/fdsys/pkg/CFR-2007-title45-vol1/pdf/CFR-2007-title45-vol1-chapA-subchapC.pdf">164.312(a)</reference>
        <reference href="https://www.gpo.gov/fdsys/pkg/CFR-2007-title45-vol1/pdf/CFR-2007-title45-vol1-chapA-subchapC.pdf">164.312(e)</reference>
        <reference href="https://www.isa.org/products/isa-62443-2-1-2009-security-for-industrial-automat">4.2.3.4</reference>
        <reference href="https://www.isa.org/products/isa-62443-2-1-2009-security-for-industrial-automat">4.3.3.2.2</reference>
        <reference href="https://www.isa.org/products/isa-62443-2-1-2009-security-for-industrial-automat">4.3.3.3.9</reference>
        <reference href="https://www.isa.org/products/isa-62443-2-1-2009-security-for-industrial-automat">4.3.3.4</reference>
        <reference href="https://www.isa.org/products/isa-62443-2-1-2009-security-for-industrial-automat">4.3.3.5.1</reference>
        <reference href="https://www.isa.org/products/isa-62443-2-1-2009-security-for-industrial-automat">4.3.3.5.2</reference>
        <reference href="https://www.isa.org/products/isa-62443-2-1-2009-security-for-industrial-automat">4.3.3.5.3</reference>
        <reference href="https://www.isa.org/products/isa-62443-2-1-2009-security-for-industrial-automat">4.3.3.5.4</reference>
        <reference href="https://www.isa.org/products/isa-62443-2-1-2009-security-for-industrial-automat">4.3.3.5.5</reference>
        <reference href="https://www.isa.org/products/isa-62443-2-1-2009-security-for-industrial-automat">4.3.3.5.6</reference>
        <reference href="https://www.isa.org/products/isa-62443-2-1-2009-security-for-industrial-automat">4.3.3.5.7</reference>
        <reference href="https://www.isa.org/products/isa-62443-2-1-2009-security-for-industrial-automat">4.3.3.5.8</reference>
        <reference href="https://www.isa.org/products/isa-62443-2-1-2009-security-for-industrial-automat">4.3.3.6.1</reference>
        <reference href="https://www.isa.org/products/isa-62443-2-1-2009-security-for-industrial-automat">4.3.3.6.2</reference>
        <reference href="https://www.isa.org/products/isa-62443-2-1-2009-security-for-industrial-automat">4.3.3.6.3</reference>
        <reference href="https://www.isa.org/products/isa-62443-2-1-2009-security-for-industrial-automat">4.3.3.6.4</reference>
        <reference href="https://www.isa.org/products/isa-62443-2-1-2009-security-for-industrial-automat">4.3.3.6.5</reference>
        <reference href="https://www.isa.org/products/isa-62443-2-1-2009-security-for-industrial-automat">4.3.3.6.6</reference>
        <reference href="https://www.isa.org/products/isa-62443-2-1-2009-security-for-industrial-automat">4.3.3.6.7</reference>
        <reference href="https://www.isa.org/products/isa-62443-2-1-2009-security-for-industrial-automat">4.3.3.6.8</reference>
        <reference href="https://www.isa.org/products/isa-62443-2-1-2009-security-for-industrial-automat">4.3.3.6.9</reference>
        <reference href="https://www.isa.org/products/isa-62443-2-1-2009-security-for-industrial-automat">4.3.3.7.1</reference>
        <reference href="https://www.isa.org/products/isa-62443-2-1-2009-security-for-industrial-automat">4.3.3.7.2</reference>
        <reference href="https://www.isa.org/products/isa-62443-2-1-2009-security-for-industrial-automat">4.3.3.7.3</reference>
        <reference href="https://www.isa.org/products/isa-62443-2-1-2009-security-for-industrial-automat">4.3.3.7.4</reference>
        <reference href="https://www.isa.org/products/isa-62443-2-1-2009-security-for-industrial-automat">4.3.4.4.7</reference>
        <reference href="https://www.isa.org/products/isa-62443-2-1-2009-security-for-industrial-automat">4.4.2.1</reference>
        <reference href="https://www.isa.org/products/isa-62443-2-1-2009-security-for-industrial-automat">4.4.2.2</reference>
        <reference href="https://www.isa.org/products/isa-62443-2-1-2009-security-for-industrial-automat">4.4.2.4</reference>
        <reference href="https://www.isa.org/products/isa-62443-2-1-2009-security-for-industrial-automat">4.4.3.3</reference>
        <reference href="https://www.isa.org/products/ansi-isa-62443-3-3-99-03-03-2013-security-for-indu">SR 1.1</reference>
        <reference href="https://www.isa.org/products/ansi-isa-62443-3-3-99-03-03-2013-security-for-indu">SR 1.10</reference>
        <reference href="https://www.isa.org/products/ansi-isa-62443-3-3-99-03-03-2013-security-for-indu">SR 1.11</reference>
        <reference href="https://www.isa.org/products/ansi-isa-62443-3-3-99-03-03-2013-security-for-indu">SR 1.12</reference>
        <reference href="https://www.isa.org/products/ansi-isa-62443-3-3-99-03-03-2013-security-for-indu">SR 1.13</reference>
        <reference href="https://www.isa.org/products/ansi-isa-62443-3-3-99-03-03-2013-security-for-indu">SR 1.2</reference>
        <reference href="https://www.isa.org/products/ansi-isa-62443-3-3-99-03-03-2013-security-for-indu">SR 1.3</reference>
        <reference href="https://www.isa.org/products/ansi-isa-62443-3-3-99-03-03-2013-security-for-indu">SR 1.4</reference>
        <reference href="https://www.isa.org/products/ansi-isa-62443-3-3-99-03-03-2013-security-for-indu">SR 1.5</reference>
        <reference href="https://www.isa.org/products/ansi-isa-62443-3-3-99-03-03-2013-security-for-indu">SR 1.6</reference>
        <reference href="https://www.isa.org/products/ansi-isa-62443-3-3-99-03-03-2013-security-for-indu">SR 1.7</reference>
        <reference href="https://www.isa.org/products/ansi-isa-62443-3-3-99-03-03-2013-security-for-indu">SR 1.8</reference>
        <reference href="https://www.isa.org/products/ansi-isa-62443-3-3-99-03-03-2013-security-for-indu">SR 1.9</reference>
        <reference href="https://www.isa.org/products/ansi-isa-62443-3-3-99-03-03-2013-security-for-indu">SR 2.1</reference>
        <reference href="https://www.isa.org/products/ansi-isa-62443-3-3-99-03-03-2013-security-for-indu">SR 2.10</reference>
        <reference href="https://www.isa.org/products/ansi-isa-62443-3-3-99-03-03-2013-security-for-indu">SR 2.11</reference>
        <reference href="https://www.isa.org/products/ansi-isa-62443-3-3-99-03-03-2013-security-for-indu">SR 2.12</reference>
        <reference href="https://www.isa.org/products/ansi-isa-62443-3-3-99-03-03-2013-security-for-indu">SR 2.2</reference>
        <reference href="https://www.isa.org/products/ansi-isa-62443-3-3-99-03-03-2013-security-for-indu">SR 2.3</reference>
        <reference href="https://www.isa.org/products/ansi-isa-62443-3-3-99-03-03-2013-security-for-indu">SR 2.4</reference>
        <reference href="https://www.isa.org/products/ansi-isa-62443-3-3-99-03-03-2013-security-for-indu">SR 2.5</reference>
        <reference href="https://www.isa.org/products/ansi-isa-62443-3-3-99-03-03-2013-security-for-indu">SR 2.6</reference>
        <reference href="https://www.isa.org/products/ansi-isa-62443-3-3-99-03-03-2013-security-for-indu">SR 2.7</reference>
        <reference href="https://www.isa.org/products/ansi-isa-62443-3-3-99-03-03-2013-security-for-indu">SR 2.8</reference>
        <reference href="https://www.isa.org/products/ansi-isa-62443-3-3-99-03-03-2013-security-for-indu">SR 2.9</reference>
        <reference href="https://www.isa.org/products/ansi-isa-62443-3-3-99-03-03-2013-security-for-indu">SR 3.1</reference>
        <reference href="https://www.isa.org/products/ansi-isa-62443-3-3-99-03-03-2013-security-for-indu">SR 3.5</reference>
        <reference href="https://www.isa.org/products/ansi-isa-62443-3-3-99-03-03-2013-security-for-indu">SR 3.8</reference>
        <reference href="https://www.isa.org/products/ansi-isa-62443-3-3-99-03-03-2013-security-for-indu">SR 4.1</reference>
        <reference href="https://www.isa.org/products/ansi-isa-62443-3-3-99-03-03-2013-security-for-indu">SR 4.3</reference>
        <reference href="https://www.isa.org/products/ansi-isa-62443-3-3-99-03-03-2013-security-for-indu">SR 5.1</reference>
        <reference href="https://www.isa.org/products/ansi-isa-62443-3-3-99-03-03-2013-security-for-indu">SR 5.2</reference>
        <reference href="https://www.isa.org/products/ansi-isa-62443-3-3-99-03-03-2013-security-for-indu">SR 5.3</reference>
        <reference href="https://www.isa.org/products/ansi-isa-62443-3-3-99-03-03-2013-security-for-indu">SR 7.1</reference>
        <reference href="https://www.isa.org/products/ansi-isa-62443-3-3-99-03-03-2013-security-for-indu">SR 7.6</reference>
        <reference href="https://www.iso.org/contents/data/standard/05/45/54534.html">A.10.1.1</reference>
        <reference href="https://www.iso.org/contents/data/standard/05/45/54534.html">A.11.1.4</reference>
        <reference href="https://www.iso.org/contents/data/standard/05/45/54534.html">A.11.1.5</reference>
        <reference href="https://www.iso.org/contents/data/standard/05/45/54534.html">A.11.2.1</reference>
        <reference href="https://www.iso.org/contents/data/standard/05/45/54534.html">A.12.1.1</reference>
        <reference href="https://www.iso.org/contents/data/standard/05/45/54534.html">A.12.1.2</reference>
        <reference href="https://www.iso.org/contents/data/standard/05/45/54534.html">A.12.4.1</reference>
        <reference href="https://www.iso.org/contents/data/standard/05/45/54534.html">A.12.4.2</reference>
        <reference href="https://www.iso.org/contents/data/standard/05/45/54534.html">A.12.4.3</reference>
        <reference href="https://www.iso.org/contents/data/standard/05/45/54534.html">A.12.4.4</reference>
        <reference href="https://www.iso.org/contents/data/standard/05/45/54534.html">A.12.7.1</reference>
        <reference href="https://www.iso.org/contents/data/standard/05/45/54534.html">A.13.1.1</reference>
        <reference href="https://www.iso.org/contents/data/standard/05/45/54534.html">A.13.1.2</reference>
        <reference href="https://www.iso.org/contents/data/standard/05/45/54534.html">A.13.1.3</reference>
        <reference href="https://www.iso.org/contents/data/standard/05/45/54534.html">A.13.2.1</reference>
        <reference href="https://www.iso.org/contents/data/standard/05/45/54534.html">A.13.2.2</reference>
        <reference href="https://www.iso.org/contents/data/standard/05/45/54534.html">A.13.2.3</reference>
        <reference href="https://www.iso.org/contents/data/standard/05/45/54534.html">A.13.2.4</reference>
        <reference href="https://www.iso.org/contents/data/standard/05/45/54534.html">A.14.1.2</reference>
        <reference href="https://www.iso.org/contents/data/standard/05/45/54534.html">A.14.1.3</reference>
        <reference href="https://www.iso.org/contents/data/standard/05/45/54534.html">A.6.1.2</reference>
        <reference href="https://www.iso.org/contents/data/standard/05/45/54534.html">A.7.1.1</reference>
        <reference href="https://www.iso.org/contents/data/standard/05/45/54534.html">A.7.1.2</reference>
        <reference href="https://www.iso.org/contents/data/standard/05/45/54534.html">A.7.3.1</reference>
        <reference href="https://www.iso.org/contents/data/standard/05/45/54534.html">A.8.2.2</reference>
        <reference href="https://www.iso.org/contents/data/standard/05/45/54534.html">A.8.2.3</reference>
        <reference href="https://www.iso.org/contents/data/standard/05/45/54534.html">A.9.1.1</reference>
        <reference href="https://www.iso.org/contents/data/standard/05/45/54534.html">A.9.1.2</reference>
        <reference href="https://www.iso.org/contents/data/standard/05/45/54534.html">A.9.2.1</reference>
        <reference href="https://www.iso.org/contents/data/standard/05/45/54534.html">A.9.2.3</reference>
        <reference href="https://www.iso.org/contents/data/standard/05/45/54534.html">A.9.4.1</reference>
        <reference href="https://www.iso.org/contents/data/standard/05/45/54534.html">A.9.4.4</reference>
        <reference href="https://www.iso.org/contents/data/standard/05/45/54534.html">A.9.4.5</reference>
        <reference href="https://www.nerc.com/standards/reliability-standards/cip">CIP-003-8 R5.1.1</reference>
        <reference href="https://www.nerc.com/standards/reliability-standards/cip">CIP-003-8 R5.3</reference>
        <reference href="https://www.nerc.com/standards/reliability-standards/cip">CIP-004-6 R2.2.3</reference>
        <reference href="https://www.nerc.com/standards/reliability-standards/cip">CIP-004-6 R2.3</reference>
        <reference href="https://www.nerc.com/standards/reliability-standards/cip">CIP-007-3 R5.1</reference>
        <reference href="https://www.nerc.com/standards/reliability-standards/cip">CIP-007-3 R5.1.2</reference>
        <reference href="https://www.nerc.com/standards/reliability-standards/cip">CIP-007-3 R5.2</reference>
        <reference href="https://www.nerc.com/standards/reliability-standards/cip">CIP-007-3 R5.3.1</reference>
        <reference href="https://www.nerc.com/standards/reliability-standards/cip">CIP-007-3 R5.3.2</reference>
        <reference href="https://www.nerc.com/standards/reliability-standards/cip">CIP-007-3 R5.3.3</reference>
        <reference href="http://nvlpubs.nist.gov/nistpubs/SpecialPublications/NIST.SP.800-53r4.pdf">AC-3</reference>
        <reference href="http://nvlpubs.nist.gov/nistpubs/SpecialPublications/NIST.SP.800-53r4.pdf">AC-3(3)(a)</reference>
        <reference href="https://nvlpubs.nist.gov/nistpubs/CSWP/NIST.CSWP.04162018.pdf">DE.AE-1</reference>
        <reference href="https://nvlpubs.nist.gov/nistpubs/CSWP/NIST.CSWP.04162018.pdf">ID.AM-3</reference>
        <reference href="https://nvlpubs.nist.gov/nistpubs/CSWP/NIST.CSWP.04162018.pdf">PR.AC-4</reference>
        <reference href="https://nvlpubs.nist.gov/nistpubs/CSWP/NIST.CSWP.04162018.pdf">PR.AC-5</reference>
        <reference href="https://nvlpubs.nist.gov/nistpubs/CSWP/NIST.CSWP.04162018.pdf">PR.AC-6</reference>
        <reference href="https://nvlpubs.nist.gov/nistpubs/CSWP/NIST.CSWP.04162018.pdf">PR.DS-5</reference>
        <reference href="https://nvlpubs.nist.gov/nistpubs/CSWP/NIST.CSWP.04162018.pdf">PR.PT-1</reference>
        <reference href="https://nvlpubs.nist.gov/nistpubs/CSWP/NIST.CSWP.04162018.pdf">PR.PT-3</reference>
        <reference href="https://nvlpubs.nist.gov/nistpubs/CSWP/NIST.CSWP.04162018.pdf">PR.PT-4</reference>
        <reference href="https://docs-prv.pcisecuritystandards.org/PCI%20DSS/Standard/PCI-DSS-v4_0.pdf">1.2.6</reference>
        <reference href="https://docs-prv.pcisecuritystandards.org/PCI%20DSS/Standard/PCI-DSS-v4_0.pdf">1.2</reference>
        <rationale xmlns:xhtml="http://www.w3.org/1999/xhtml" xml:lang="en-US">Disabling a major host protection feature, such as SELinux, at boot time prevents
it from confining system services at boot time.  Further, it increases
the chances that it will remain off during system operation.</rationale>
        <platform idref="#grub2"/>
        <ident system="https://ncp.nist.gov/cce">CCE-91443-2</ident>
        <fix xmlns:xhtml="http://www.w3.org/1999/xhtml" id="grub2_enable_selinux" system="urn:xccdf:fix:script:sh"># Remediation is applicable only in certain platforms
if rpm --quiet -q kernel-default || rpm --quiet -q kernel-default-base &amp;&amp; { rpm --quiet -q grub2; }; then

sed -i --follow-symlinks "s/selinux=0//gI" /etc/default/grub /etc/grub2.cfg /etc/grub.d/*
sed -i --follow-symlinks "s/enforcing=0//gI" /etc/default/grub /etc/grub2.cfg /etc/grub.d/*

else
    &gt;&amp;2 echo 'Remediation is not applicable, nothing was done'
fi
</fix>
        <fix xmlns:xhtml="http://www.w3.org/1999/xhtml" id="grub2_enable_selinux" system="urn:xccdf:fix:script:ansible" complexity="low" disruption="low" strategy="restrict">- name: Gather the package facts
  package_facts:
    manager: auto
  tags:
  - CCE-91443-2
  - NIST-800-171-3.1.2
  - NIST-800-171-3.7.2
  - NIST-800-53-AC-3
  - NIST-800-53-AC-3(3)(a)
  - PCI-DSSv4-1.2
  - PCI-DSSv4-1.2.6
  - grub2_enable_selinux
  - low_complexity
  - low_disruption
  - medium_severity
  - no_reboot_needed
  - restrict_strategy

- name: Ensure SELinux Not Disabled in /etc/default/grub - Find /etc/grub.d/ files
  ansible.builtin.find:
    paths:
    - /etc/grub.d/
    follow: true
  register: result_grub_d
  when:
  - ("kernel-default" in ansible_facts.packages or "kernel-default-base" in ansible_facts.packages)
  - '"grub2" in ansible_facts.packages'
  tags:
  - CCE-91443-2
  - NIST-800-171-3.1.2
  - NIST-800-171-3.7.2
  - NIST-800-53-AC-3
  - NIST-800-53-AC-3(3)(a)
  - PCI-DSSv4-1.2
  - PCI-DSSv4-1.2.6
  - grub2_enable_selinux
  - low_complexity
  - low_disruption
  - medium_severity
  - no_reboot_needed
  - restrict_strategy

- name: Ensure SELinux Not Disabled in /etc/default/grub - Ensure SELinux Not Disabled
    in /etc/grub.d/ files
  ansible.builtin.replace:
    dest: '{{ item.path }}'
    regexp: (selinux|enforcing)=0
  with_items:
  - '{{ result_grub_d.files }}'
  when:
  - ("kernel-default" in ansible_facts.packages or "kernel-default-base" in ansible_facts.packages)
  - '"grub2" in ansible_facts.packages'
  tags:
  - CCE-91443-2
  - NIST-800-171-3.1.2
  - NIST-800-171-3.7.2
  - NIST-800-53-AC-3
  - NIST-800-53-AC-3(3)(a)
  - PCI-DSSv4-1.2
  - PCI-DSSv4-1.2.6
  - grub2_enable_selinux
  - low_complexity
  - low_disruption
  - medium_severity
  - no_reboot_needed
  - restrict_strategy

- name: Ensure SELinux Not Disabled in /etc/default/grub - Check if /etc/grub2.cfg
    exists
  ansible.builtin.stat:
    path: /etc/grub2.cfg
  register: result_grub2_cfg_present
  when:
  - ("kernel-default" in ansible_facts.packages or "kernel-default-base" in ansible_facts.packages)
  - '"grub2" in ansible_facts.packages'
  tags:
  - CCE-91443-2
  - NIST-800-171-3.1.2
  - NIST-800-171-3.7.2
  - NIST-800-53-AC-3
  - NIST-800-53-AC-3(3)(a)
  - PCI-DSSv4-1.2
  - PCI-DSSv4-1.2.6
  - grub2_enable_selinux
  - low_complexity
  - low_disruption
  - medium_severity
  - no_reboot_needed
  - restrict_strategy

- name: Ensure SELinux Not Disabled in /etc/default/grub - Check if /etc/default/grub
    exists
  ansible.builtin.stat:
    path: /etc/default/grub
  register: result_default_grub_present
  when:
  - ("kernel-default" in ansible_facts.packages or "kernel-default-base" in ansible_facts.packages)
  - '"grub2" in ansible_facts.packages'
  tags:
  - CCE-91443-2
  - NIST-800-171-3.1.2
  - NIST-800-171-3.7.2
  - NIST-800-53-AC-3
  - NIST-800-53-AC-3(3)(a)
  - PCI-DSSv4-1.2
  - PCI-DSSv4-1.2.6
  - grub2_enable_selinux
  - low_complexity
  - low_disruption
  - medium_severity
  - no_reboot_needed
  - restrict_strategy

- name: Ensure SELinux Not Disabled in /etc/default/grub - Ensure SELinux Not Disabled
    in /etc/grub2.cfg
  ansible.builtin.replace:
    dest: /etc/grub2.cfg
    regexp: (selinux|enforcing)=0
  when:
  - ("kernel-default" in ansible_facts.packages or "kernel-default-base" in ansible_facts.packages)
  - '"grub2" in ansible_facts.packages'
  - result_grub2_cfg_present.stat.exists
  tags:
  - CCE-91443-2
  - NIST-800-171-3.1.2
  - NIST-800-171-3.7.2
  - NIST-800-53-AC-3
  - NIST-800-53-AC-3(3)(a)
  - PCI-DSSv4-1.2
  - PCI-DSSv4-1.2.6
  - grub2_enable_selinux
  - low_complexity
  - low_disruption
  - medium_severity
  - no_reboot_needed
  - restrict_strategy

- name: Ensure SELinux Not Disabled in /etc/default/grub - Ensure SELinux Not Disabled
    in /etc/default/grub
  ansible.builtin.replace:
    dest: /etc/default/grub
    regexp: (selinux|enforcing)=0
  when:
  - ("kernel-default" in ansible_facts.packages or "kernel-default-base" in ansible_facts.packages)
  - '"grub2" in ansible_facts.packages'
  - result_default_grub_present.stat.exists
  tags:
  - CCE-91443-2
  - NIST-800-171-3.1.2
  - NIST-800-171-3.7.2
  - NIST-800-53-AC-3
  - NIST-800-53-AC-3(3)(a)
  - PCI-DSSv4-1.2
  - PCI-DSSv4-1.2.6
  - grub2_enable_selinux
  - low_complexity
  - low_disruption
  - medium_severity
  - no_reboot_needed
  - restrict_strategy
</fix>
        <check system="http://oval.mitre.org/XMLSchema/oval-definitions-5">
          <check-content-ref name="oval:ssg-grub2_enable_selinux:def:1" href="ssg-sle15-oval.xml"/>
        </check>
        <check system="http://scap.nist.gov/schema/ocil/2">
          <check-content-ref name="ocil:ssg-grub2_enable_selinux_ocil:questionnaire:1" href="ssg-sle15-ocil.xml"/>
        </check>
      </Rule>
      <Rule id="xccdf_org.ssgproject.content_rule_selinux_confinement_of_daemons" selected="false" role="full" severity="medium">
        <title xmlns:xhtml="http://www.w3.org/1999/xhtml" xml:lang="en-US">Ensure No Daemons are Unconfined by SELinux</title>
        <description xmlns:xhtml="http://www.w3.org/1999/xhtml" xml:lang="en-US">Daemons for which the SELinux policy does not contain rules will inherit the
context of the parent process. Because daemons are launched during
startup and descend from the <html:code xmlns:html="http://www.w3.org/1999/xhtml">init</html:code> process, they inherit the <html:code xmlns:html="http://www.w3.org/1999/xhtml">unconfined_service_t</html:code> context.
<html:br xmlns:html="http://www.w3.org/1999/xhtml"/>
       <html:br xmlns:html="http://www.w3.org/1999/xhtml"/>
To check for unconfined daemons, run the following command:
<html:pre xmlns:html="http://www.w3.org/1999/xhtml">$ sudo ps -eZ | grep "unconfined_service_t"</html:pre>
It should produce no output in a well-configured system.</description>
        <warning xmlns:xhtml="http://www.w3.org/1999/xhtml" xml:lang="en-US" category="general">Automatic remediation of this control is not available. Remediation
can be achieved by amending SELinux policy or stopping the unconfined
daemons as outlined above.</warning>
        <reference href="https://www.cisecurity.org/controls/">1</reference>
        <reference href="https://www.cisecurity.org/controls/">11</reference>
        <reference href="https://www.cisecurity.org/controls/">12</reference>
        <reference href="https://www.cisecurity.org/controls/">13</reference>
        <reference href="https://www.cisecurity.org/controls/">14</reference>
        <reference href="https://www.cisecurity.org/controls/">15</reference>
        <reference href="https://www.cisecurity.org/controls/">16</reference>
        <reference href="https://www.cisecurity.org/controls/">18</reference>
        <reference href="https://www.cisecurity.org/controls/">3</reference>
        <reference href="https://www.cisecurity.org/controls/">5</reference>
        <reference href="https://www.cisecurity.org/controls/">6</reference>
        <reference href="https://www.cisecurity.org/controls/">9</reference>
        <reference href="https://www.isaca.org/resources/cobit">APO01.06</reference>
        <reference href="https://www.isaca.org/resources/cobit">APO11.04</reference>
        <reference href="https://www.isaca.org/resources/cobit">BAI03.05</reference>
        <reference href="https://www.isaca.org/resources/cobit">BAI10.01</reference>
        <reference href="https://www.isaca.org/resources/cobit">BAI10.02</reference>
        <reference href="https://www.isaca.org/resources/cobit">BAI10.03</reference>
        <reference href="https://www.isaca.org/resources/cobit">BAI10.05</reference>
        <reference href="https://www.isaca.org/resources/cobit">DSS05.02</reference>
        <reference href="https://www.isaca.org/resources/cobit">DSS05.04</reference>
        <reference href="https://www.isaca.org/resources/cobit">DSS05.05</reference>
        <reference href="https://www.isaca.org/resources/cobit">DSS05.07</reference>
        <reference href="https://www.isaca.org/resources/cobit">DSS06.02</reference>
        <reference href="https://www.isaca.org/resources/cobit">DSS06.06</reference>
        <reference href="https://www.isaca.org/resources/cobit">MEA02.01</reference>
        <reference href="http://nvlpubs.nist.gov/nistpubs/SpecialPublications/NIST.SP.800-171.pdf">3.1.2</reference>
        <reference href="http://nvlpubs.nist.gov/nistpubs/SpecialPublications/NIST.SP.800-171.pdf">3.1.5</reference>
        <reference href="http://nvlpubs.nist.gov/nistpubs/SpecialPublications/NIST.SP.800-171.pdf">3.7.2</reference>
        <reference href="https://www.gpo.gov/fdsys/pkg/CFR-2007-title45-vol1/pdf/CFR-2007-title45-vol1-chapA-subchapC.pdf">164.308(a)(1)(ii)(D)</reference>
        <reference href="https://www.gpo.gov/fdsys/pkg/CFR-2007-title45-vol1/pdf/CFR-2007-title45-vol1-chapA-subchapC.pdf">164.308(a)(3)</reference>
        <reference href="https://www.gpo.gov/fdsys/pkg/CFR-2007-title45-vol1/pdf/CFR-2007-title45-vol1-chapA-subchapC.pdf">164.308(a)(4)</reference>
        <reference href="https://www.gpo.gov/fdsys/pkg/CFR-2007-title45-vol1/pdf/CFR-2007-title45-vol1-chapA-subchapC.pdf">164.310(b)</reference>
        <reference href="https://www.gpo.gov/fdsys/pkg/CFR-2007-title45-vol1/pdf/CFR-2007-title45-vol1-chapA-subchapC.pdf">164.310(c)</reference>
        <reference href="https://www.gpo.gov/fdsys/pkg/CFR-2007-title45-vol1/pdf/CFR-2007-title45-vol1-chapA-subchapC.pdf">164.312(a)</reference>
        <reference href="https://www.gpo.gov/fdsys/pkg/CFR-2007-title45-vol1/pdf/CFR-2007-title45-vol1-chapA-subchapC.pdf">164.312(e)</reference>
        <reference href="https://www.isa.org/products/isa-62443-2-1-2009-security-for-industrial-automat">4.3.3.3.9</reference>
        <reference href="https://www.isa.org/products/isa-62443-2-1-2009-security-for-industrial-automat">4.3.3.5.1</reference>
        <reference href="https://www.isa.org/products/isa-62443-2-1-2009-security-for-industrial-automat">4.3.3.5.2</reference>
        <reference href="https://www.isa.org/products/isa-62443-2-1-2009-security-for-industrial-automat">4.3.3.5.3</reference>
        <reference href="https://www.isa.org/products/isa-62443-2-1-2009-security-for-industrial-automat">4.3.3.5.4</reference>
        <reference href="https://www.isa.org/products/isa-62443-2-1-2009-security-for-industrial-automat">4.3.3.5.5</reference>
        <reference href="https://www.isa.org/products/isa-62443-2-1-2009-security-for-industrial-automat">4.3.3.5.6</reference>
        <reference href="https://www.isa.org/products/isa-62443-2-1-2009-security-for-industrial-automat">4.3.3.5.7</reference>
        <reference href="https://www.isa.org/products/isa-62443-2-1-2009-security-for-industrial-automat">4.3.3.5.8</reference>
        <reference href="https://www.isa.org/products/isa-62443-2-1-2009-security-for-industrial-automat">4.3.3.6.1</reference>
        <reference href="https://www.isa.org/products/isa-62443-2-1-2009-security-for-industrial-automat">4.3.3.6.2</reference>
        <reference href="https://www.isa.org/products/isa-62443-2-1-2009-security-for-industrial-automat">4.3.3.6.3</reference>
        <reference href="https://www.isa.org/products/isa-62443-2-1-2009-security-for-industrial-automat">4.3.3.6.4</reference>
        <reference href="https://www.isa.org/products/isa-62443-2-1-2009-security-for-industrial-automat">4.3.3.6.5</reference>
        <reference href="https://www.isa.org/products/isa-62443-2-1-2009-security-for-industrial-automat">4.3.3.6.6</reference>
        <reference href="https://www.isa.org/products/isa-62443-2-1-2009-security-for-industrial-automat">4.3.3.6.7</reference>
        <reference href="https://www.isa.org/products/isa-62443-2-1-2009-security-for-industrial-automat">4.3.3.6.8</reference>
        <reference href="https://www.isa.org/products/isa-62443-2-1-2009-security-for-industrial-automat">4.3.3.6.9</reference>
        <reference href="https://www.isa.org/products/isa-62443-2-1-2009-security-for-industrial-automat">4.3.3.7.1</reference>
        <reference href="https://www.isa.org/products/isa-62443-2-1-2009-security-for-industrial-automat">4.3.3.7.2</reference>
        <reference href="https://www.isa.org/products/isa-62443-2-1-2009-security-for-industrial-automat">4.3.3.7.3</reference>
        <reference href="https://www.isa.org/products/isa-62443-2-1-2009-security-for-industrial-automat">4.3.3.7.4</reference>
        <reference href="https://www.isa.org/products/isa-62443-2-1-2009-security-for-industrial-automat">4.3.4.3.2</reference>
        <reference href="https://www.isa.org/products/isa-62443-2-1-2009-security-for-industrial-automat">4.3.4.3.3</reference>
        <reference href="https://www.isa.org/products/isa-62443-2-1-2009-security-for-industrial-automat">4.3.4.4.7</reference>
        <reference href="https://www.isa.org/products/isa-62443-2-1-2009-security-for-industrial-automat">4.4.2.1</reference>
        <reference href="https://www.isa.org/products/isa-62443-2-1-2009-security-for-industrial-automat">4.4.2.2</reference>
        <reference href="https://www.isa.org/products/isa-62443-2-1-2009-security-for-industrial-automat">4.4.2.4</reference>
        <reference href="https://www.isa.org/products/ansi-isa-62443-3-3-99-03-03-2013-security-for-indu">SR 1.1</reference>
        <reference href="https://www.isa.org/products/ansi-isa-62443-3-3-99-03-03-2013-security-for-indu">SR 1.10</reference>
        <reference href="https://www.isa.org/products/ansi-isa-62443-3-3-99-03-03-2013-security-for-indu">SR 1.11</reference>
        <reference href="https://www.isa.org/products/ansi-isa-62443-3-3-99-03-03-2013-security-for-indu">SR 1.12</reference>
        <reference href="https://www.isa.org/products/ansi-isa-62443-3-3-99-03-03-2013-security-for-indu">SR 1.13</reference>
        <reference href="https://www.isa.org/products/ansi-isa-62443-3-3-99-03-03-2013-security-for-indu">SR 1.2</reference>
        <reference href="https://www.isa.org/products/ansi-isa-62443-3-3-99-03-03-2013-security-for-indu">SR 1.3</reference>
        <reference href="https://www.isa.org/products/ansi-isa-62443-3-3-99-03-03-2013-security-for-indu">SR 1.4</reference>
        <reference href="https://www.isa.org/products/ansi-isa-62443-3-3-99-03-03-2013-security-for-indu">SR 1.5</reference>
        <reference href="https://www.isa.org/products/ansi-isa-62443-3-3-99-03-03-2013-security-for-indu">SR 1.6</reference>
        <reference href="https://www.isa.org/products/ansi-isa-62443-3-3-99-03-03-2013-security-for-indu">SR 1.7</reference>
        <reference href="https://www.isa.org/products/ansi-isa-62443-3-3-99-03-03-2013-security-for-indu">SR 1.8</reference>
        <reference href="https://www.isa.org/products/ansi-isa-62443-3-3-99-03-03-2013-security-for-indu">SR 1.9</reference>
        <reference href="https://www.isa.org/products/ansi-isa-62443-3-3-99-03-03-2013-security-for-indu">SR 2.1</reference>
        <reference href="https://www.isa.org/products/ansi-isa-62443-3-3-99-03-03-2013-security-for-indu">SR 2.10</reference>
        <reference href="https://www.isa.org/products/ansi-isa-62443-3-3-99-03-03-2013-security-for-indu">SR 2.11</reference>
        <reference href="https://www.isa.org/products/ansi-isa-62443-3-3-99-03-03-2013-security-for-indu">SR 2.12</reference>
        <reference href="https://www.isa.org/products/ansi-isa-62443-3-3-99-03-03-2013-security-for-indu">SR 2.2</reference>
        <reference href="https://www.isa.org/products/ansi-isa-62443-3-3-99-03-03-2013-security-for-indu">SR 2.3</reference>
        <reference href="https://www.isa.org/products/ansi-isa-62443-3-3-99-03-03-2013-security-for-indu">SR 2.4</reference>
        <reference href="https://www.isa.org/products/ansi-isa-62443-3-3-99-03-03-2013-security-for-indu">SR 2.5</reference>
        <reference href="https://www.isa.org/products/ansi-isa-62443-3-3-99-03-03-2013-security-for-indu">SR 2.6</reference>
        <reference href="https://www.isa.org/products/ansi-isa-62443-3-3-99-03-03-2013-security-for-indu">SR 2.7</reference>
        <reference href="https://www.isa.org/products/ansi-isa-62443-3-3-99-03-03-2013-security-for-indu">SR 2.8</reference>
        <reference href="https://www.isa.org/products/ansi-isa-62443-3-3-99-03-03-2013-security-for-indu">SR 2.9</reference>
        <reference href="https://www.isa.org/products/ansi-isa-62443-3-3-99-03-03-2013-security-for-indu">SR 5.2</reference>
        <reference href="https://www.isa.org/products/ansi-isa-62443-3-3-99-03-03-2013-security-for-indu">SR 7.6</reference>
        <reference href="https://www.iso.org/contents/data/standard/05/45/54534.html">A.10.1.1</reference>
        <reference href="https://www.iso.org/contents/data/standard/05/45/54534.html">A.11.1.4</reference>
        <reference href="https://www.iso.org/contents/data/standard/05/45/54534.html">A.11.1.5</reference>
        <reference href="https://www.iso.org/contents/data/standard/05/45/54534.html">A.11.2.1</reference>
        <reference href="https://www.iso.org/contents/data/standard/05/45/54534.html">A.12.1.2</reference>
        <reference href="https://www.iso.org/contents/data/standard/05/45/54534.html">A.12.4.1</reference>
        <reference href="https://www.iso.org/contents/data/standard/05/45/54534.html">A.12.4.2</reference>
        <reference href="https://www.iso.org/contents/data/standard/05/45/54534.html">A.12.4.3</reference>
        <reference href="https://www.iso.org/contents/data/standard/05/45/54534.html">A.12.4.4</reference>
        <reference href="https://www.iso.org/contents/data/standard/05/45/54534.html">A.12.5.1</reference>
        <reference href="https://www.iso.org/contents/data/standard/05/45/54534.html">A.12.6.2</reference>
        <reference href="https://www.iso.org/contents/data/standard/05/45/54534.html">A.12.7.1</reference>
        <reference href="https://www.iso.org/contents/data/standard/05/45/54534.html">A.13.1.1</reference>
        <reference href="https://www.iso.org/contents/data/standard/05/45/54534.html">A.13.1.3</reference>
        <reference href="https://www.iso.org/contents/data/standard/05/45/54534.html">A.13.2.1</reference>
        <reference href="https://www.iso.org/contents/data/standard/05/45/54534.html">A.13.2.3</reference>
        <reference href="https://www.iso.org/contents/data/standard/05/45/54534.html">A.13.2.4</reference>
        <reference href="https://www.iso.org/contents/data/standard/05/45/54534.html">A.14.1.2</reference>
        <reference href="https://www.iso.org/contents/data/standard/05/45/54534.html">A.14.1.3</reference>
        <reference href="https://www.iso.org/contents/data/standard/05/45/54534.html">A.14.2.2</reference>
        <reference href="https://www.iso.org/contents/data/standard/05/45/54534.html">A.14.2.3</reference>
        <reference href="https://www.iso.org/contents/data/standard/05/45/54534.html">A.14.2.4</reference>
        <reference href="https://www.iso.org/contents/data/standard/05/45/54534.html">A.6.1.2</reference>
        <reference href="https://www.iso.org/contents/data/standard/05/45/54534.html">A.7.1.1</reference>
        <reference href="https://www.iso.org/contents/data/standard/05/45/54534.html">A.7.1.2</reference>
        <reference href="https://www.iso.org/contents/data/standard/05/45/54534.html">A.7.3.1</reference>
        <reference href="https://www.iso.org/contents/data/standard/05/45/54534.html">A.8.2.2</reference>
        <reference href="https://www.iso.org/contents/data/standard/05/45/54534.html">A.8.2.3</reference>
        <reference href="https://www.iso.org/contents/data/standard/05/45/54534.html">A.9.1.1</reference>
        <reference href="https://www.iso.org/contents/data/standard/05/45/54534.html">A.9.1.2</reference>
        <reference href="https://www.iso.org/contents/data/standard/05/45/54534.html">A.9.2.3</reference>
        <reference href="https://www.iso.org/contents/data/standard/05/45/54534.html">A.9.4.1</reference>
        <reference href="https://www.iso.org/contents/data/standard/05/45/54534.html">A.9.4.4</reference>
        <reference href="https://www.iso.org/contents/data/standard/05/45/54534.html">A.9.4.5</reference>
        <reference href="https://www.nerc.com/standards/reliability-standards/cip">CIP-003-8 R5.1.1</reference>
        <reference href="https://www.nerc.com/standards/reliability-standards/cip">CIP-003-8 R5.3</reference>
        <reference href="https://www.nerc.com/standards/reliability-standards/cip">CIP-004-6 R2.3</reference>
        <reference href="https://www.nerc.com/standards/reliability-standards/cip">CIP-007-3 R2.1</reference>
        <reference href="https://www.nerc.com/standards/reliability-standards/cip">CIP-007-3 R2.2</reference>
        <reference href="https://www.nerc.com/standards/reliability-standards/cip">CIP-007-3 R2.3</reference>
        <reference href="https://www.nerc.com/standards/reliability-standards/cip">CIP-007-3 R5.1</reference>
        <reference href="https://www.nerc.com/standards/reliability-standards/cip">CIP-007-3 R5.1.1</reference>
        <reference href="https://www.nerc.com/standards/reliability-standards/cip">CIP-007-3 R5.1.2</reference>
        <reference href="http://nvlpubs.nist.gov/nistpubs/SpecialPublications/NIST.SP.800-53r4.pdf">CM-7(a)</reference>
        <reference href="http://nvlpubs.nist.gov/nistpubs/SpecialPublications/NIST.SP.800-53r4.pdf">CM-7(b)</reference>
        <reference href="http://nvlpubs.nist.gov/nistpubs/SpecialPublications/NIST.SP.800-53r4.pdf">CM-6(a)</reference>
        <reference href="http://nvlpubs.nist.gov/nistpubs/SpecialPublications/NIST.SP.800-53r4.pdf">AC-3(3)(a)</reference>
        <reference href="http://nvlpubs.nist.gov/nistpubs/SpecialPublications/NIST.SP.800-53r4.pdf">AC-6</reference>
        <reference href="https://nvlpubs.nist.gov/nistpubs/CSWP/NIST.CSWP.04162018.pdf">PR.AC-4</reference>
        <reference href="https://nvlpubs.nist.gov/nistpubs/CSWP/NIST.CSWP.04162018.pdf">PR.DS-5</reference>
        <reference href="https://nvlpubs.nist.gov/nistpubs/CSWP/NIST.CSWP.04162018.pdf">PR.IP-1</reference>
        <reference href="https://nvlpubs.nist.gov/nistpubs/CSWP/NIST.CSWP.04162018.pdf">PR.PT-1</reference>
        <reference href="https://nvlpubs.nist.gov/nistpubs/CSWP/NIST.CSWP.04162018.pdf">PR.PT-3</reference>
        <reference href="https://docs-prv.pcisecuritystandards.org/PCI%20DSS/Standard/PCI-DSS-v4_0.pdf">1.2.6</reference>
        <reference href="https://docs-prv.pcisecuritystandards.org/PCI%20DSS/Standard/PCI-DSS-v4_0.pdf">1.2</reference>
        <rationale xmlns:xhtml="http://www.w3.org/1999/xhtml" xml:lang="en-US">Daemons which run with the <html:code xmlns:html="http://www.w3.org/1999/xhtml">unconfined_service_t</html:code> context may cause AVC denials,
or allow privileges that the daemon does not require.</rationale>
        <ident system="https://ncp.nist.gov/cce">CCE-91444-0</ident>
        <check system="http://oval.mitre.org/XMLSchema/oval-definitions-5">
          <check-content-ref name="oval:ssg-selinux_confinement_of_daemons:def:1" href="ssg-sle15-oval.xml"/>
        </check>
        <check system="http://scap.nist.gov/schema/ocil/2">
          <check-content-ref name="ocil:ssg-selinux_confinement_of_daemons_ocil:questionnaire:1" href="ssg-sle15-ocil.xml"/>
        </check>
      </Rule>
      <Rule id="xccdf_org.ssgproject.content_rule_selinux_not_disabled" selected="false" role="full" severity="high">
        <title xmlns:xhtml="http://www.w3.org/1999/xhtml" xml:lang="en-US">Ensure SELinux is Not Disabled</title>
        <description xmlns:xhtml="http://www.w3.org/1999/xhtml" xml:lang="en-US">The SELinux state should be set to <html:code xmlns:html="http://www.w3.org/1999/xhtml">enforcing</html:code> or <html:code xmlns:html="http://www.w3.org/1999/xhtml">permissive</html:code> at system boot
time. In the file <html:code xmlns:html="http://www.w3.org/1999/xhtml">/etc/selinux/config</html:code>, add or correct the following line to configure
the system to boot into enforcing or permissive mode:
<html:pre xmlns:html="http://www.w3.org/1999/xhtml">SELINUX=enforcing</html:pre>
OR
<html:pre xmlns:html="http://www.w3.org/1999/xhtml">SELINUX=permissive</html:pre>
Ensure that all files have correct SELinux labels by running:
<html:pre xmlns:html="http://www.w3.org/1999/xhtml">fixfiles onboot</html:pre>
Then reboot the system.</description>
        <warning xmlns:xhtml="http://www.w3.org/1999/xhtml" xml:lang="en-US" category="general">In case the SELinux is "disabled", the automated remediation will adopt a more
conservative approach and set it to "permissive" in order to avoid any system disruption
and give the administrator the opportunity to assess the impact and necessary efforts
before setting it to "enforcing", which is strongly recommended.</warning>
        <rationale xmlns:xhtml="http://www.w3.org/1999/xhtml" xml:lang="en-US">Running SELinux in disabled mode is strongly discouraged. It prevents enforcing the SELinux
controls without a system reboot. It also avoids labeling any persistent objects such as
files, making it difficult to enable SELinux in the future.</rationale>
        <fix xmlns:xhtml="http://www.w3.org/1999/xhtml" id="selinux_not_disabled" system="urn:xccdf:fix:script:sh" reboot="true" complexity="low" disruption="low" strategy="restrict"># Remediation is applicable only in certain platforms
if rpm --quiet -q kernel-default || rpm --quiet -q kernel-default-base; then

if [ -e "/etc/selinux/config" ] ; then
    
    LC_ALL=C sed -i "/^SELINUX=/Id" "/etc/selinux/config"
else
    touch "/etc/selinux/config"
fi
# make sure file has newline at the end
sed -i -e '$a\' "/etc/selinux/config"

cp "/etc/selinux/config" "/etc/selinux/config.bak"
# Insert at the end of the file
printf '%s\n' "SELINUX=permissive" &gt;&gt; "/etc/selinux/config"
# Clean up after ourselves.
rm "/etc/selinux/config.bak"

fixfiles onboot

else
    &gt;&amp;2 echo 'Remediation is not applicable, nothing was done'
fi
</fix>
        <fix xmlns:xhtml="http://www.w3.org/1999/xhtml" id="selinux_not_disabled" system="urn:xccdf:fix:script:ansible" reboot="true" complexity="low" disruption="low" strategy="restrict">- name: Gather the package facts
  package_facts:
    manager: auto
  tags:
  - high_severity
  - low_complexity
  - low_disruption
  - reboot_required
  - restrict_strategy
  - selinux_not_disabled

- name: Ensure SELinux is Not Disabled - Check current SELinux state
  ansible.builtin.command:
    cmd: getenforce
  register: selinux_state
  check_mode: false
  changed_when: false
  when: ("kernel-default" in ansible_facts.packages or "kernel-default-base" in ansible_facts.packages)
  tags:
  - high_severity
  - low_complexity
  - low_disruption
  - reboot_required
  - restrict_strategy
  - selinux_not_disabled

- name: Ensure SELinux is Not Disabled
  block:

  - name: Check for duplicate values
    ansible.builtin.lineinfile:
      path: /etc/selinux/config
      create: true
      regexp: (?i)^SELINUX=
      state: absent
    check_mode: true
    changed_when: false
    register: dupes

  - name: Deduplicate values from /etc/selinux/config
    ansible.builtin.lineinfile:
      path: /etc/selinux/config
      create: true
      regexp: (?i)^SELINUX=
      state: absent
    when: dupes.found is defined and dupes.found &gt; 1

  - name: Insert correct line to /etc/selinux/config
    ansible.builtin.lineinfile:
      path: /etc/selinux/config
      create: true
      regexp: (?i)^SELINUX=
      line: SELINUX=permissive
      state: present
  when: ("kernel-default" in ansible_facts.packages or "kernel-default-base" in ansible_facts.packages)
  tags:
  - high_severity
  - low_complexity
  - low_disruption
  - reboot_required
  - restrict_strategy
  - selinux_not_disabled

- name: Ensure SELinux is Not Disabled - Mark system to relabel SELinux on next boot
  ansible.builtin.file:
    path: /.autorelabel
    state: touch
    access_time: preserve
    modification_time: preserve
  when:
  - ("kernel-default" in ansible_facts.packages or "kernel-default-base" in ansible_facts.packages)
  - selinux_state.stdout | lower != "permissive"
  tags:
  - high_severity
  - low_complexity
  - low_disruption
  - reboot_required
  - restrict_strategy
  - selinux_not_disabled
</fix>
        <check system="http://oval.mitre.org/XMLSchema/oval-definitions-5">
          <check-content-ref name="oval:ssg-selinux_not_disabled:def:1" href="ssg-sle15-oval.xml"/>
        </check>
        <check system="http://scap.nist.gov/schema/ocil/2">
          <check-content-ref name="ocil:ssg-selinux_not_disabled_ocil:questionnaire:1" href="ssg-sle15-ocil.xml"/>
        </check>
      </Rule>
      <Rule id="xccdf_org.ssgproject.content_rule_selinux_policytype" selected="false" role="full" severity="medium">
        <title xmlns:xhtml="http://www.w3.org/1999/xhtml" xml:lang="en-US">Configure SELinux Policy</title>
        <description xmlns:xhtml="http://www.w3.org/1999/xhtml" xml:lang="en-US">The SELinux <html:code xmlns:html="http://www.w3.org/1999/xhtml">targeted</html:code> policy is appropriate for
general-purpose desktops and servers, as well as systems in many other roles.
To configure the system to use this policy, add or correct the following line
in <html:code xmlns:html="http://www.w3.org/1999/xhtml">/etc/selinux/config</html:code>:
<html:pre xmlns:html="http://www.w3.org/1999/xhtml" xmlns:xccdf-1.2="http://checklists.nist.gov/xccdf/1.2">SELINUXTYPE=<xccdf-1.2:sub idref="xccdf_org.ssgproject.content_value_var_selinux_policy_name" use="legacy"/>
       </html:pre>
Other policies, such as <html:code xmlns:html="http://www.w3.org/1999/xhtml">mls</html:code>, provide additional security labeling
and greater confinement but are not compatible with many general-purpose
use cases.</description>
        <reference href="https://www.cisecurity.org/controls/">1</reference>
        <reference href="https://www.cisecurity.org/controls/">11</reference>
        <reference href="https://www.cisecurity.org/controls/">12</reference>
        <reference href="https://www.cisecurity.org/controls/">13</reference>
        <reference href="https://www.cisecurity.org/controls/">14</reference>
        <reference href="https://www.cisecurity.org/controls/">15</reference>
        <reference href="https://www.cisecurity.org/controls/">16</reference>
        <reference href="https://www.cisecurity.org/controls/">18</reference>
        <reference href="https://www.cisecurity.org/controls/">3</reference>
        <reference href="https://www.cisecurity.org/controls/">4</reference>
        <reference href="https://www.cisecurity.org/controls/">5</reference>
        <reference href="https://www.cisecurity.org/controls/">6</reference>
        <reference href="https://www.cisecurity.org/controls/">8</reference>
        <reference href="https://www.cisecurity.org/controls/">9</reference>
        <reference href="https://www.isaca.org/resources/cobit">APO01.06</reference>
        <reference href="https://www.isaca.org/resources/cobit">APO11.04</reference>
        <reference href="https://www.isaca.org/resources/cobit">APO13.01</reference>
        <reference href="https://www.isaca.org/resources/cobit">BAI03.05</reference>
        <reference href="https://www.isaca.org/resources/cobit">DSS01.05</reference>
        <reference href="https://www.isaca.org/resources/cobit">DSS03.01</reference>
        <reference href="https://www.isaca.org/resources/cobit">DSS05.02</reference>
        <reference href="https://www.isaca.org/resources/cobit">DSS05.04</reference>
        <reference href="https://www.isaca.org/resources/cobit">DSS05.05</reference>
        <reference href="https://www.isaca.org/resources/cobit">DSS05.07</reference>
        <reference href="https://www.isaca.org/resources/cobit">DSS06.02</reference>
        <reference href="https://www.isaca.org/resources/cobit">DSS06.03</reference>
        <reference href="https://www.isaca.org/resources/cobit">DSS06.06</reference>
        <reference href="https://www.isaca.org/resources/cobit">MEA02.01</reference>
        <reference href="http://nvlpubs.nist.gov/nistpubs/SpecialPublications/NIST.SP.800-171.pdf">3.1.2</reference>
        <reference href="http://nvlpubs.nist.gov/nistpubs/SpecialPublications/NIST.SP.800-171.pdf">3.7.2</reference>
        <reference href="https://www.gpo.gov/fdsys/pkg/CFR-2007-title45-vol1/pdf/CFR-2007-title45-vol1-chapA-subchapC.pdf">164.308(a)(1)(ii)(D)</reference>
        <reference href="https://www.gpo.gov/fdsys/pkg/CFR-2007-title45-vol1/pdf/CFR-2007-title45-vol1-chapA-subchapC.pdf">164.308(a)(3)</reference>
        <reference href="https://www.gpo.gov/fdsys/pkg/CFR-2007-title45-vol1/pdf/CFR-2007-title45-vol1-chapA-subchapC.pdf">164.308(a)(4)</reference>
        <reference href="https://www.gpo.gov/fdsys/pkg/CFR-2007-title45-vol1/pdf/CFR-2007-title45-vol1-chapA-subchapC.pdf">164.310(b)</reference>
        <reference href="https://www.gpo.gov/fdsys/pkg/CFR-2007-title45-vol1/pdf/CFR-2007-title45-vol1-chapA-subchapC.pdf">164.310(c)</reference>
        <reference href="https://www.gpo.gov/fdsys/pkg/CFR-2007-title45-vol1/pdf/CFR-2007-title45-vol1-chapA-subchapC.pdf">164.312(a)</reference>
        <reference href="https://www.gpo.gov/fdsys/pkg/CFR-2007-title45-vol1/pdf/CFR-2007-title45-vol1-chapA-subchapC.pdf">164.312(e)</reference>
        <reference href="https://www.isa.org/products/isa-62443-2-1-2009-security-for-industrial-automat">4.2.3.4</reference>
        <reference href="https://www.isa.org/products/isa-62443-2-1-2009-security-for-industrial-automat">4.3.3.2.2</reference>
        <reference href="https://www.isa.org/products/isa-62443-2-1-2009-security-for-industrial-automat">4.3.3.3.9</reference>
        <reference href="https://www.isa.org/products/isa-62443-2-1-2009-security-for-industrial-automat">4.3.3.4</reference>
        <reference href="https://www.isa.org/products/isa-62443-2-1-2009-security-for-industrial-automat">4.3.3.5.1</reference>
        <reference href="https://www.isa.org/products/isa-62443-2-1-2009-security-for-industrial-automat">4.3.3.5.2</reference>
        <reference href="https://www.isa.org/products/isa-62443-2-1-2009-security-for-industrial-automat">4.3.3.5.3</reference>
        <reference href="https://www.isa.org/products/isa-62443-2-1-2009-security-for-industrial-automat">4.3.3.5.4</reference>
        <reference href="https://www.isa.org/products/isa-62443-2-1-2009-security-for-industrial-automat">4.3.3.5.5</reference>
        <reference href="https://www.isa.org/products/isa-62443-2-1-2009-security-for-industrial-automat">4.3.3.5.6</reference>
        <reference href="https://www.isa.org/products/isa-62443-2-1-2009-security-for-industrial-automat">4.3.3.5.7</reference>
        <reference href="https://www.isa.org/products/isa-62443-2-1-2009-security-for-industrial-automat">4.3.3.5.8</reference>
        <reference href="https://www.isa.org/products/isa-62443-2-1-2009-security-for-industrial-automat">4.3.3.6.1</reference>
        <reference href="https://www.isa.org/products/isa-62443-2-1-2009-security-for-industrial-automat">4.3.3.6.2</reference>
        <reference href="https://www.isa.org/products/isa-62443-2-1-2009-security-for-industrial-automat">4.3.3.6.3</reference>
        <reference href="https://www.isa.org/products/isa-62443-2-1-2009-security-for-industrial-automat">4.3.3.6.4</reference>
        <reference href="https://www.isa.org/products/isa-62443-2-1-2009-security-for-industrial-automat">4.3.3.6.5</reference>
        <reference href="https://www.isa.org/products/isa-62443-2-1-2009-security-for-industrial-automat">4.3.3.6.6</reference>
        <reference href="https://www.isa.org/products/isa-62443-2-1-2009-security-for-industrial-automat">4.3.3.6.7</reference>
        <reference href="https://www.isa.org/products/isa-62443-2-1-2009-security-for-industrial-automat">4.3.3.6.8</reference>
        <reference href="https://www.isa.org/products/isa-62443-2-1-2009-security-for-industrial-automat">4.3.3.6.9</reference>
        <reference href="https://www.isa.org/products/isa-62443-2-1-2009-security-for-industrial-automat">4.3.3.7.1</reference>
        <reference href="https://www.isa.org/products/isa-62443-2-1-2009-security-for-industrial-automat">4.3.3.7.2</reference>
        <reference href="https://www.isa.org/products/isa-62443-2-1-2009-security-for-industrial-automat">4.3.3.7.3</reference>
        <reference href="https://www.isa.org/products/isa-62443-2-1-2009-security-for-industrial-automat">4.3.3.7.4</reference>
        <reference href="https://www.isa.org/products/isa-62443-2-1-2009-security-for-industrial-automat">4.3.4.4.7</reference>
        <reference href="https://www.isa.org/products/isa-62443-2-1-2009-security-for-industrial-automat">4.4.2.1</reference>
        <reference href="https://www.isa.org/products/isa-62443-2-1-2009-security-for-industrial-automat">4.4.2.2</reference>
        <reference href="https://www.isa.org/products/isa-62443-2-1-2009-security-for-industrial-automat">4.4.2.4</reference>
        <reference href="https://www.isa.org/products/isa-62443-2-1-2009-security-for-industrial-automat">4.4.3.3</reference>
        <reference href="https://www.isa.org/products/ansi-isa-62443-3-3-99-03-03-2013-security-for-indu">SR 1.1</reference>
        <reference href="https://www.isa.org/products/ansi-isa-62443-3-3-99-03-03-2013-security-for-indu">SR 1.10</reference>
        <reference href="https://www.isa.org/products/ansi-isa-62443-3-3-99-03-03-2013-security-for-indu">SR 1.11</reference>
        <reference href="https://www.isa.org/products/ansi-isa-62443-3-3-99-03-03-2013-security-for-indu">SR 1.12</reference>
        <reference href="https://www.isa.org/products/ansi-isa-62443-3-3-99-03-03-2013-security-for-indu">SR 1.13</reference>
        <reference href="https://www.isa.org/products/ansi-isa-62443-3-3-99-03-03-2013-security-for-indu">SR 1.2</reference>
        <reference href="https://www.isa.org/products/ansi-isa-62443-3-3-99-03-03-2013-security-for-indu">SR 1.3</reference>
        <reference href="https://www.isa.org/products/ansi-isa-62443-3-3-99-03-03-2013-security-for-indu">SR 1.4</reference>
        <reference href="https://www.isa.org/products/ansi-isa-62443-3-3-99-03-03-2013-security-for-indu">SR 1.5</reference>
        <reference href="https://www.isa.org/products/ansi-isa-62443-3-3-99-03-03-2013-security-for-indu">SR 1.6</reference>
        <reference href="https://www.isa.org/products/ansi-isa-62443-3-3-99-03-03-2013-security-for-indu">SR 1.7</reference>
        <reference href="https://www.isa.org/products/ansi-isa-62443-3-3-99-03-03-2013-security-for-indu">SR 1.8</reference>
        <reference href="https://www.isa.org/products/ansi-isa-62443-3-3-99-03-03-2013-security-for-indu">SR 1.9</reference>
        <reference href="https://www.isa.org/products/ansi-isa-62443-3-3-99-03-03-2013-security-for-indu">SR 2.1</reference>
        <reference href="https://www.isa.org/products/ansi-isa-62443-3-3-99-03-03-2013-security-for-indu">SR 2.10</reference>
        <reference href="https://www.isa.org/products/ansi-isa-62443-3-3-99-03-03-2013-security-for-indu">SR 2.11</reference>
        <reference href="https://www.isa.org/products/ansi-isa-62443-3-3-99-03-03-2013-security-for-indu">SR 2.12</reference>
        <reference href="https://www.isa.org/products/ansi-isa-62443-3-3-99-03-03-2013-security-for-indu">SR 2.2</reference>
        <reference href="https://www.isa.org/products/ansi-isa-62443-3-3-99-03-03-2013-security-for-indu">SR 2.3</reference>
        <reference href="https://www.isa.org/products/ansi-isa-62443-3-3-99-03-03-2013-security-for-indu">SR 2.4</reference>
        <reference href="https://www.isa.org/products/ansi-isa-62443-3-3-99-03-03-2013-security-for-indu">SR 2.5</reference>
        <reference href="https://www.isa.org/products/ansi-isa-62443-3-3-99-03-03-2013-security-for-indu">SR 2.6</reference>
        <reference href="https://www.isa.org/products/ansi-isa-62443-3-3-99-03-03-2013-security-for-indu">SR 2.7</reference>
        <reference href="https://www.isa.org/products/ansi-isa-62443-3-3-99-03-03-2013-security-for-indu">SR 2.8</reference>
        <reference href="https://www.isa.org/products/ansi-isa-62443-3-3-99-03-03-2013-security-for-indu">SR 2.9</reference>
        <reference href="https://www.isa.org/products/ansi-isa-62443-3-3-99-03-03-2013-security-for-indu">SR 3.1</reference>
        <reference href="https://www.isa.org/products/ansi-isa-62443-3-3-99-03-03-2013-security-for-indu">SR 3.5</reference>
        <reference href="https://www.isa.org/products/ansi-isa-62443-3-3-99-03-03-2013-security-for-indu">SR 3.8</reference>
        <reference href="https://www.isa.org/products/ansi-isa-62443-3-3-99-03-03-2013-security-for-indu">SR 4.1</reference>
        <reference href="https://www.isa.org/products/ansi-isa-62443-3-3-99-03-03-2013-security-for-indu">SR 4.3</reference>
        <reference href="https://www.isa.org/products/ansi-isa-62443-3-3-99-03-03-2013-security-for-indu">SR 5.1</reference>
        <reference href="https://www.isa.org/products/ansi-isa-62443-3-3-99-03-03-2013-security-for-indu">SR 5.2</reference>
        <reference href="https://www.isa.org/products/ansi-isa-62443-3-3-99-03-03-2013-security-for-indu">SR 5.3</reference>
        <reference href="https://www.isa.org/products/ansi-isa-62443-3-3-99-03-03-2013-security-for-indu">SR 7.1</reference>
        <reference href="https://www.isa.org/products/ansi-isa-62443-3-3-99-03-03-2013-security-for-indu">SR 7.6</reference>
        <reference href="https://www.iso.org/contents/data/standard/05/45/54534.html">A.10.1.1</reference>
        <reference href="https://www.iso.org/contents/data/standard/05/45/54534.html">A.11.1.4</reference>
        <reference href="https://www.iso.org/contents/data/standard/05/45/54534.html">A.11.1.5</reference>
        <reference href="https://www.iso.org/contents/data/standard/05/45/54534.html">A.11.2.1</reference>
        <reference href="https://www.iso.org/contents/data/standard/05/45/54534.html">A.12.1.1</reference>
        <reference href="https://www.iso.org/contents/data/standard/05/45/54534.html">A.12.1.2</reference>
        <reference href="https://www.iso.org/contents/data/standard/05/45/54534.html">A.12.4.1</reference>
        <reference href="https://www.iso.org/contents/data/standard/05/45/54534.html">A.12.4.2</reference>
        <reference href="https://www.iso.org/contents/data/standard/05/45/54534.html">A.12.4.3</reference>
        <reference href="https://www.iso.org/contents/data/standard/05/45/54534.html">A.12.4.4</reference>
        <reference href="https://www.iso.org/contents/data/standard/05/45/54534.html">A.12.7.1</reference>
        <reference href="https://www.iso.org/contents/data/standard/05/45/54534.html">A.13.1.1</reference>
        <reference href="https://www.iso.org/contents/data/standard/05/45/54534.html">A.13.1.2</reference>
        <reference href="https://www.iso.org/contents/data/standard/05/45/54534.html">A.13.1.3</reference>
        <reference href="https://www.iso.org/contents/data/standard/05/45/54534.html">A.13.2.1</reference>
        <reference href="https://www.iso.org/contents/data/standard/05/45/54534.html">A.13.2.2</reference>
        <reference href="https://www.iso.org/contents/data/standard/05/45/54534.html">A.13.2.3</reference>
        <reference href="https://www.iso.org/contents/data/standard/05/45/54534.html">A.13.2.4</reference>
        <reference href="https://www.iso.org/contents/data/standard/05/45/54534.html">A.14.1.2</reference>
        <reference href="https://www.iso.org/contents/data/standard/05/45/54534.html">A.14.1.3</reference>
        <reference href="https://www.iso.org/contents/data/standard/05/45/54534.html">A.6.1.2</reference>
        <reference href="https://www.iso.org/contents/data/standard/05/45/54534.html">A.7.1.1</reference>
        <reference href="https://www.iso.org/contents/data/standard/05/45/54534.html">A.7.1.2</reference>
        <reference href="https://www.iso.org/contents/data/standard/05/45/54534.html">A.7.3.1</reference>
        <reference href="https://www.iso.org/contents/data/standard/05/45/54534.html">A.8.2.2</reference>
        <reference href="https://www.iso.org/contents/data/standard/05/45/54534.html">A.8.2.3</reference>
        <reference href="https://www.iso.org/contents/data/standard/05/45/54534.html">A.9.1.1</reference>
        <reference href="https://www.iso.org/contents/data/standard/05/45/54534.html">A.9.1.2</reference>
        <reference href="https://www.iso.org/contents/data/standard/05/45/54534.html">A.9.2.1</reference>
        <reference href="https://www.iso.org/contents/data/standard/05/45/54534.html">A.9.2.3</reference>
        <reference href="https://www.iso.org/contents/data/standard/05/45/54534.html">A.9.4.1</reference>
        <reference href="https://www.iso.org/contents/data/standard/05/45/54534.html">A.9.4.4</reference>
        <reference href="https://www.iso.org/contents/data/standard/05/45/54534.html">A.9.4.5</reference>
        <reference href="https://www.nerc.com/standards/reliability-standards/cip">CIP-003-8 R5.1.1</reference>
        <reference href="https://www.nerc.com/standards/reliability-standards/cip">CIP-003-8 R5.2</reference>
        <reference href="https://www.nerc.com/standards/reliability-standards/cip">CIP-003-8 R5.3</reference>
        <reference href="https://www.nerc.com/standards/reliability-standards/cip">CIP-004-6 R2.2.3</reference>
        <reference href="https://www.nerc.com/standards/reliability-standards/cip">CIP-004-6 R2.3</reference>
        <reference href="https://www.nerc.com/standards/reliability-standards/cip">CIP-004-6 R3.3</reference>
        <reference href="https://www.nerc.com/standards/reliability-standards/cip">CIP-007-3 R5.1</reference>
        <reference href="https://www.nerc.com/standards/reliability-standards/cip">CIP-007-3 R5.1.2</reference>
        <reference href="https://www.nerc.com/standards/reliability-standards/cip">CIP-007-3 R5.2</reference>
        <reference href="https://www.nerc.com/standards/reliability-standards/cip">CIP-007-3 R5.3.1</reference>
        <reference href="https://www.nerc.com/standards/reliability-standards/cip">CIP-007-3 R5.3.2</reference>
        <reference href="https://www.nerc.com/standards/reliability-standards/cip">CIP-007-3 R5.3.3</reference>
        <reference href="https://www.nerc.com/standards/reliability-standards/cip">CIP-007-3 R6.5</reference>
        <reference href="http://nvlpubs.nist.gov/nistpubs/SpecialPublications/NIST.SP.800-53r4.pdf">AC-3</reference>
        <reference href="http://nvlpubs.nist.gov/nistpubs/SpecialPublications/NIST.SP.800-53r4.pdf">AC-3(3)(a)</reference>
        <reference href="http://nvlpubs.nist.gov/nistpubs/SpecialPublications/NIST.SP.800-53r4.pdf">AU-9</reference>
        <reference href="http://nvlpubs.nist.gov/nistpubs/SpecialPublications/NIST.SP.800-53r4.pdf">SC-7(21)</reference>
        <reference href="https://nvlpubs.nist.gov/nistpubs/CSWP/NIST.CSWP.04162018.pdf">DE.AE-1</reference>
        <reference href="https://nvlpubs.nist.gov/nistpubs/CSWP/NIST.CSWP.04162018.pdf">ID.AM-3</reference>
        <reference href="https://nvlpubs.nist.gov/nistpubs/CSWP/NIST.CSWP.04162018.pdf">PR.AC-4</reference>
        <reference href="https://nvlpubs.nist.gov/nistpubs/CSWP/NIST.CSWP.04162018.pdf">PR.AC-5</reference>
        <reference href="https://nvlpubs.nist.gov/nistpubs/CSWP/NIST.CSWP.04162018.pdf">PR.AC-6</reference>
        <reference href="https://nvlpubs.nist.gov/nistpubs/CSWP/NIST.CSWP.04162018.pdf">PR.DS-5</reference>
        <reference href="https://nvlpubs.nist.gov/nistpubs/CSWP/NIST.CSWP.04162018.pdf">PR.PT-1</reference>
        <reference href="https://nvlpubs.nist.gov/nistpubs/CSWP/NIST.CSWP.04162018.pdf">PR.PT-3</reference>
        <reference href="https://nvlpubs.nist.gov/nistpubs/CSWP/NIST.CSWP.04162018.pdf">PR.PT-4</reference>
        <reference href="https://www.niap-ccevs.org/Profile/PP.cfm">FMT_MOF_EXT.1</reference>
        <reference href="https://www.cyber.mil/stigs/downloads/?_dl_facet_stigs=operating-systems%2Cgeneral-purpose-os">SRG-OS-000445-GPOS-00199</reference>
        <reference href="https://www.cyber.mil/stigs/downloads/?_dl_facet_stigs=app-security">SRG-APP-000233-CTR-000585</reference>
        <reference href="https://cyber.gouv.fr/sites/default/files/document/linux_configuration-en-v2.pdf">R46</reference>
        <reference href="https://cyber.gouv.fr/sites/default/files/document/linux_configuration-en-v2.pdf">R64</reference>
        <reference href="https://www.bsi.bund.de/SharedDocs/Downloads/EN/BSI/Grundschutz/International/bsi_it_gs_comp_2022.pdf">APP.4.4.A4</reference>
        <reference href="https://www.bsi.bund.de/SharedDocs/Downloads/EN/BSI/Grundschutz/International/bsi_it_gs_comp_2022.pdf">SYS.1.6.A3</reference>
        <reference href="https://www.bsi.bund.de/SharedDocs/Downloads/EN/BSI/Grundschutz/International/bsi_it_gs_comp_2022.pdf">SYS.1.6.A18</reference>
        <reference href="https://www.bsi.bund.de/SharedDocs/Downloads/EN/BSI/Grundschutz/International/bsi_it_gs_comp_2022.pdf">SYS.1.6.A21</reference>
        <reference href="https://www.cyber.gov.au/acsc/view-all-content/ism">1409</reference>
        <reference href="https://docs-prv.pcisecuritystandards.org/PCI%20DSS/Standard/PCI-DSS-v4_0.pdf">1.2.6</reference>
        <reference href="https://docs-prv.pcisecuritystandards.org/PCI%20DSS/Standard/PCI-DSS-v4_0.pdf">1.2</reference>
        <rationale xmlns:xhtml="http://www.w3.org/1999/xhtml" xml:lang="en-US">Setting the SELinux policy to <html:code xmlns:html="http://www.w3.org/1999/xhtml">targeted</html:code> or a more specialized policy
ensures the system will confine processes that are likely to be
targeted for exploitation, such as network or system services.
<html:br xmlns:html="http://www.w3.org/1999/xhtml"/>
       <html:br xmlns:html="http://www.w3.org/1999/xhtml"/>
Note: During the development or debugging of SELinux modules, it is common to
temporarily place non-production systems in <html:code xmlns:html="http://www.w3.org/1999/xhtml">permissive</html:code> mode. In such
temporary cases, SELinux policies should be developed, and once work
is completed, the system should be reconfigured to
<html:code xmlns:html="http://www.w3.org/1999/xhtml" xmlns:xccdf-1.2="http://checklists.nist.gov/xccdf/1.2"><xccdf-1.2:sub idref="xccdf_org.ssgproject.content_value_var_selinux_policy_name" use="legacy"/></html:code>.</rationale>
        <ident system="https://ncp.nist.gov/cce">CCE-91445-7</ident>
        <fix xmlns:xhtml="http://www.w3.org/1999/xhtml" id="selinux_policytype" system="urn:xccdf:fix:script:sh" complexity="low" disruption="low" strategy="configure"># Remediation is applicable only in certain platforms
if rpm --quiet -q kernel-default || rpm --quiet -q kernel-default-base; then

var_selinux_policy_name='<xccdf-1.2:sub xmlns:xccdf-1.2="http://checklists.nist.gov/xccdf/1.2" idref="xccdf_org.ssgproject.content_value_var_selinux_policy_name" use="legacy"/>'

if [ -e "/etc/selinux/config" ] ; then
    
    LC_ALL=C sed -i "/^SELINUXTYPE=/Id" "/etc/selinux/config"
else
    touch "/etc/selinux/config"
fi
# make sure file has newline at the end
sed -i -e '$a\' "/etc/selinux/config"

cp "/etc/selinux/config" "/etc/selinux/config.bak"
# Insert at the end of the file
printf '%s\n' "SELINUXTYPE=$var_selinux_policy_name" &gt;&gt; "/etc/selinux/config"
# Clean up after ourselves.
rm "/etc/selinux/config.bak"

else
    &gt;&amp;2 echo 'Remediation is not applicable, nothing was done'
fi
</fix>
        <fix xmlns:xhtml="http://www.w3.org/1999/xhtml" id="selinux_policytype" system="urn:xccdf:fix:script:ansible" complexity="low" disruption="low" strategy="configure">- name: Gather the package facts
  package_facts:
    manager: auto
  tags:
  - CCE-91445-7
  - NIST-800-171-3.1.2
  - NIST-800-171-3.7.2
  - NIST-800-53-AC-3
  - NIST-800-53-AC-3(3)(a)
  - NIST-800-53-AU-9
  - NIST-800-53-SC-7(21)
  - PCI-DSSv4-1.2
  - PCI-DSSv4-1.2.6
  - configure_strategy
  - low_complexity
  - low_disruption
  - medium_severity
  - no_reboot_needed
  - selinux_policytype
- name: XCCDF Value var_selinux_policy_name # promote to variable
  set_fact:
    var_selinux_policy_name: !!str <xccdf-1.2:sub xmlns:xccdf-1.2="http://checklists.nist.gov/xccdf/1.2" idref="xccdf_org.ssgproject.content_value_var_selinux_policy_name" use="legacy"/>
  tags:
    - always

- name: Configure SELinux Policy
  block:

  - name: Check for duplicate values
    ansible.builtin.lineinfile:
      path: /etc/selinux/config
      create: true
      regexp: (?i)^SELINUXTYPE=
      state: absent
    check_mode: true
    changed_when: false
    register: dupes

  - name: Deduplicate values from /etc/selinux/config
    ansible.builtin.lineinfile:
      path: /etc/selinux/config
      create: true
      regexp: (?i)^SELINUXTYPE=
      state: absent
    when: dupes.found is defined and dupes.found &gt; 1

  - name: Insert correct line to /etc/selinux/config
    ansible.builtin.lineinfile:
      path: /etc/selinux/config
      create: true
      regexp: (?i)^SELINUXTYPE=
      line: SELINUXTYPE={{ var_selinux_policy_name }}
      state: present
  when: ("kernel-default" in ansible_facts.packages or "kernel-default-base" in ansible_facts.packages)
  tags:
  - CCE-91445-7
  - NIST-800-171-3.1.2
  - NIST-800-171-3.7.2
  - NIST-800-53-AC-3
  - NIST-800-53-AC-3(3)(a)
  - NIST-800-53-AU-9
  - NIST-800-53-SC-7(21)
  - PCI-DSSv4-1.2
  - PCI-DSSv4-1.2.6
  - configure_strategy
  - low_complexity
  - low_disruption
  - medium_severity
  - no_reboot_needed
  - selinux_policytype
</fix>
        <check system="http://oval.mitre.org/XMLSchema/oval-definitions-5">
          <check-export export-name="oval:ssg-var_selinux_policy_name:var:1" value-id="xccdf_org.ssgproject.content_value_var_selinux_policy_name"/>
          <check-content-ref name="oval:ssg-selinux_policytype:def:1" href="ssg-sle15-oval.xml"/>
        </check>
        <check system="http://scap.nist.gov/schema/ocil/2">
          <check-content-ref name="ocil:ssg-selinux_policytype_ocil:questionnaire:1" href="ssg-sle15-ocil.xml"/>
        </check>
      </Rule>
      <Rule id="xccdf_org.ssgproject.content_rule_selinux_state" selected="false" role="full" severity="high">
        <title xmlns:xhtml="http://www.w3.org/1999/xhtml" xml:lang="en-US">Ensure SELinux State is Enforcing</title>
        <description xmlns:xhtml="http://www.w3.org/1999/xhtml" xml:lang="en-US">The SELinux state should be set to <html:code xmlns:html="http://www.w3.org/1999/xhtml" xmlns:xccdf-1.2="http://checklists.nist.gov/xccdf/1.2"><xccdf-1.2:sub idref="xccdf_org.ssgproject.content_value_var_selinux_state" use="legacy"/></html:code> at
system boot time.  In the file <html:code xmlns:html="http://www.w3.org/1999/xhtml">/etc/selinux/config</html:code>, add or correct the
following line to configure the system to boot into enforcing mode:
<html:pre xmlns:html="http://www.w3.org/1999/xhtml" xmlns:xccdf-1.2="http://checklists.nist.gov/xccdf/1.2">SELINUX=<xccdf-1.2:sub idref="xccdf_org.ssgproject.content_value_var_selinux_state" use="legacy"/>
       </html:pre>
Ensure that all files have correct SELinux labels by running:
<html:pre xmlns:html="http://www.w3.org/1999/xhtml">fixfiles onboot</html:pre>
Then reboot the system.</description>
        <reference href="https://www.cisecurity.org/controls/">1</reference>
        <reference href="https://www.cisecurity.org/controls/">11</reference>
        <reference href="https://www.cisecurity.org/controls/">12</reference>
        <reference href="https://www.cisecurity.org/controls/">13</reference>
        <reference href="https://www.cisecurity.org/controls/">14</reference>
        <reference href="https://www.cisecurity.org/controls/">15</reference>
        <reference href="https://www.cisecurity.org/controls/">16</reference>
        <reference href="https://www.cisecurity.org/controls/">18</reference>
        <reference href="https://www.cisecurity.org/controls/">3</reference>
        <reference href="https://www.cisecurity.org/controls/">4</reference>
        <reference href="https://www.cisecurity.org/controls/">5</reference>
        <reference href="https://www.cisecurity.org/controls/">6</reference>
        <reference href="https://www.cisecurity.org/controls/">8</reference>
        <reference href="https://www.cisecurity.org/controls/">9</reference>
        <reference href="https://www.isaca.org/resources/cobit">APO01.06</reference>
        <reference href="https://www.isaca.org/resources/cobit">APO11.04</reference>
        <reference href="https://www.isaca.org/resources/cobit">APO13.01</reference>
        <reference href="https://www.isaca.org/resources/cobit">BAI03.05</reference>
        <reference href="https://www.isaca.org/resources/cobit">DSS01.05</reference>
        <reference href="https://www.isaca.org/resources/cobit">DSS03.01</reference>
        <reference href="https://www.isaca.org/resources/cobit">DSS05.02</reference>
        <reference href="https://www.isaca.org/resources/cobit">DSS05.04</reference>
        <reference href="https://www.isaca.org/resources/cobit">DSS05.05</reference>
        <reference href="https://www.isaca.org/resources/cobit">DSS05.07</reference>
        <reference href="https://www.isaca.org/resources/cobit">DSS06.02</reference>
        <reference href="https://www.isaca.org/resources/cobit">DSS06.03</reference>
        <reference href="https://www.isaca.org/resources/cobit">DSS06.06</reference>
        <reference href="https://www.isaca.org/resources/cobit">MEA02.01</reference>
        <reference href="http://nvlpubs.nist.gov/nistpubs/SpecialPublications/NIST.SP.800-171.pdf">3.1.2</reference>
        <reference href="http://nvlpubs.nist.gov/nistpubs/SpecialPublications/NIST.SP.800-171.pdf">3.7.2</reference>
        <reference href="https://www.gpo.gov/fdsys/pkg/CFR-2007-title45-vol1/pdf/CFR-2007-title45-vol1-chapA-subchapC.pdf">164.308(a)(1)(ii)(D)</reference>
        <reference href="https://www.gpo.gov/fdsys/pkg/CFR-2007-title45-vol1/pdf/CFR-2007-title45-vol1-chapA-subchapC.pdf">164.308(a)(3)</reference>
        <reference href="https://www.gpo.gov/fdsys/pkg/CFR-2007-title45-vol1/pdf/CFR-2007-title45-vol1-chapA-subchapC.pdf">164.308(a)(4)</reference>
        <reference href="https://www.gpo.gov/fdsys/pkg/CFR-2007-title45-vol1/pdf/CFR-2007-title45-vol1-chapA-subchapC.pdf">164.310(b)</reference>
        <reference href="https://www.gpo.gov/fdsys/pkg/CFR-2007-title45-vol1/pdf/CFR-2007-title45-vol1-chapA-subchapC.pdf">164.310(c)</reference>
        <reference href="https://www.gpo.gov/fdsys/pkg/CFR-2007-title45-vol1/pdf/CFR-2007-title45-vol1-chapA-subchapC.pdf">164.312(a)</reference>
        <reference href="https://www.gpo.gov/fdsys/pkg/CFR-2007-title45-vol1/pdf/CFR-2007-title45-vol1-chapA-subchapC.pdf">164.312(e)</reference>
        <reference href="https://www.isa.org/products/isa-62443-2-1-2009-security-for-industrial-automat">4.2.3.4</reference>
        <reference href="https://www.isa.org/products/isa-62443-2-1-2009-security-for-industrial-automat">4.3.3.2.2</reference>
        <reference href="https://www.isa.org/products/isa-62443-2-1-2009-security-for-industrial-automat">4.3.3.3.9</reference>
        <reference href="https://www.isa.org/products/isa-62443-2-1-2009-security-for-industrial-automat">4.3.3.4</reference>
        <reference href="https://www.isa.org/products/isa-62443-2-1-2009-security-for-industrial-automat">4.3.3.5.1</reference>
        <reference href="https://www.isa.org/products/isa-62443-2-1-2009-security-for-industrial-automat">4.3.3.5.2</reference>
        <reference href="https://www.isa.org/products/isa-62443-2-1-2009-security-for-industrial-automat">4.3.3.5.3</reference>
        <reference href="https://www.isa.org/products/isa-62443-2-1-2009-security-for-industrial-automat">4.3.3.5.4</reference>
        <reference href="https://www.isa.org/products/isa-62443-2-1-2009-security-for-industrial-automat">4.3.3.5.5</reference>
        <reference href="https://www.isa.org/products/isa-62443-2-1-2009-security-for-industrial-automat">4.3.3.5.6</reference>
        <reference href="https://www.isa.org/products/isa-62443-2-1-2009-security-for-industrial-automat">4.3.3.5.7</reference>
        <reference href="https://www.isa.org/products/isa-62443-2-1-2009-security-for-industrial-automat">4.3.3.5.8</reference>
        <reference href="https://www.isa.org/products/isa-62443-2-1-2009-security-for-industrial-automat">4.3.3.6.1</reference>
        <reference href="https://www.isa.org/products/isa-62443-2-1-2009-security-for-industrial-automat">4.3.3.6.2</reference>
        <reference href="https://www.isa.org/products/isa-62443-2-1-2009-security-for-industrial-automat">4.3.3.6.3</reference>
        <reference href="https://www.isa.org/products/isa-62443-2-1-2009-security-for-industrial-automat">4.3.3.6.4</reference>
        <reference href="https://www.isa.org/products/isa-62443-2-1-2009-security-for-industrial-automat">4.3.3.6.5</reference>
        <reference href="https://www.isa.org/products/isa-62443-2-1-2009-security-for-industrial-automat">4.3.3.6.6</reference>
        <reference href="https://www.isa.org/products/isa-62443-2-1-2009-security-for-industrial-automat">4.3.3.6.7</reference>
        <reference href="https://www.isa.org/products/isa-62443-2-1-2009-security-for-industrial-automat">4.3.3.6.8</reference>
        <reference href="https://www.isa.org/products/isa-62443-2-1-2009-security-for-industrial-automat">4.3.3.6.9</reference>
        <reference href="https://www.isa.org/products/isa-62443-2-1-2009-security-for-industrial-automat">4.3.3.7.1</reference>
        <reference href="https://www.isa.org/products/isa-62443-2-1-2009-security-for-industrial-automat">4.3.3.7.2</reference>
        <reference href="https://www.isa.org/products/isa-62443-2-1-2009-security-for-industrial-automat">4.3.3.7.3</reference>
        <reference href="https://www.isa.org/products/isa-62443-2-1-2009-security-for-industrial-automat">4.3.3.7.4</reference>
        <reference href="https://www.isa.org/products/isa-62443-2-1-2009-security-for-industrial-automat">4.3.4.4.7</reference>
        <reference href="https://www.isa.org/products/isa-62443-2-1-2009-security-for-industrial-automat">4.4.2.1</reference>
        <reference href="https://www.isa.org/products/isa-62443-2-1-2009-security-for-industrial-automat">4.4.2.2</reference>
        <reference href="https://www.isa.org/products/isa-62443-2-1-2009-security-for-industrial-automat">4.4.2.4</reference>
        <reference href="https://www.isa.org/products/isa-62443-2-1-2009-security-for-industrial-automat">4.4.3.3</reference>
        <reference href="https://www.isa.org/products/ansi-isa-62443-3-3-99-03-03-2013-security-for-indu">SR 1.1</reference>
        <reference href="https://www.isa.org/products/ansi-isa-62443-3-3-99-03-03-2013-security-for-indu">SR 1.10</reference>
        <reference href="https://www.isa.org/products/ansi-isa-62443-3-3-99-03-03-2013-security-for-indu">SR 1.11</reference>
        <reference href="https://www.isa.org/products/ansi-isa-62443-3-3-99-03-03-2013-security-for-indu">SR 1.12</reference>
        <reference href="https://www.isa.org/products/ansi-isa-62443-3-3-99-03-03-2013-security-for-indu">SR 1.13</reference>
        <reference href="https://www.isa.org/products/ansi-isa-62443-3-3-99-03-03-2013-security-for-indu">SR 1.2</reference>
        <reference href="https://www.isa.org/products/ansi-isa-62443-3-3-99-03-03-2013-security-for-indu">SR 1.3</reference>
        <reference href="https://www.isa.org/products/ansi-isa-62443-3-3-99-03-03-2013-security-for-indu">SR 1.4</reference>
        <reference href="https://www.isa.org/products/ansi-isa-62443-3-3-99-03-03-2013-security-for-indu">SR 1.5</reference>
        <reference href="https://www.isa.org/products/ansi-isa-62443-3-3-99-03-03-2013-security-for-indu">SR 1.6</reference>
        <reference href="https://www.isa.org/products/ansi-isa-62443-3-3-99-03-03-2013-security-for-indu">SR 1.7</reference>
        <reference href="https://www.isa.org/products/ansi-isa-62443-3-3-99-03-03-2013-security-for-indu">SR 1.8</reference>
        <reference href="https://www.isa.org/products/ansi-isa-62443-3-3-99-03-03-2013-security-for-indu">SR 1.9</reference>
        <reference href="https://www.isa.org/products/ansi-isa-62443-3-3-99-03-03-2013-security-for-indu">SR 2.1</reference>
        <reference href="https://www.isa.org/products/ansi-isa-62443-3-3-99-03-03-2013-security-for-indu">SR 2.10</reference>
        <reference href="https://www.isa.org/products/ansi-isa-62443-3-3-99-03-03-2013-security-for-indu">SR 2.11</reference>
        <reference href="https://www.isa.org/products/ansi-isa-62443-3-3-99-03-03-2013-security-for-indu">SR 2.12</reference>
        <reference href="https://www.isa.org/products/ansi-isa-62443-3-3-99-03-03-2013-security-for-indu">SR 2.2</reference>
        <reference href="https://www.isa.org/products/ansi-isa-62443-3-3-99-03-03-2013-security-for-indu">SR 2.3</reference>
        <reference href="https://www.isa.org/products/ansi-isa-62443-3-3-99-03-03-2013-security-for-indu">SR 2.4</reference>
        <reference href="https://www.isa.org/products/ansi-isa-62443-3-3-99-03-03-2013-security-for-indu">SR 2.5</reference>
        <reference href="https://www.isa.org/products/ansi-isa-62443-3-3-99-03-03-2013-security-for-indu">SR 2.6</reference>
        <reference href="https://www.isa.org/products/ansi-isa-62443-3-3-99-03-03-2013-security-for-indu">SR 2.7</reference>
        <reference href="https://www.isa.org/products/ansi-isa-62443-3-3-99-03-03-2013-security-for-indu">SR 2.8</reference>
        <reference href="https://www.isa.org/products/ansi-isa-62443-3-3-99-03-03-2013-security-for-indu">SR 2.9</reference>
        <reference href="https://www.isa.org/products/ansi-isa-62443-3-3-99-03-03-2013-security-for-indu">SR 3.1</reference>
        <reference href="https://www.isa.org/products/ansi-isa-62443-3-3-99-03-03-2013-security-for-indu">SR 3.5</reference>
        <reference href="https://www.isa.org/products/ansi-isa-62443-3-3-99-03-03-2013-security-for-indu">SR 3.8</reference>
        <reference href="https://www.isa.org/products/ansi-isa-62443-3-3-99-03-03-2013-security-for-indu">SR 4.1</reference>
        <reference href="https://www.isa.org/products/ansi-isa-62443-3-3-99-03-03-2013-security-for-indu">SR 4.3</reference>
        <reference href="https://www.isa.org/products/ansi-isa-62443-3-3-99-03-03-2013-security-for-indu">SR 5.1</reference>
        <reference href="https://www.isa.org/products/ansi-isa-62443-3-3-99-03-03-2013-security-for-indu">SR 5.2</reference>
        <reference href="https://www.isa.org/products/ansi-isa-62443-3-3-99-03-03-2013-security-for-indu">SR 5.3</reference>
        <reference href="https://www.isa.org/products/ansi-isa-62443-3-3-99-03-03-2013-security-for-indu">SR 7.1</reference>
        <reference href="https://www.isa.org/products/ansi-isa-62443-3-3-99-03-03-2013-security-for-indu">SR 7.6</reference>
        <reference href="https://www.iso.org/contents/data/standard/05/45/54534.html">A.10.1.1</reference>
        <reference href="https://www.iso.org/contents/data/standard/05/45/54534.html">A.11.1.4</reference>
        <reference href="https://www.iso.org/contents/data/standard/05/45/54534.html">A.11.1.5</reference>
        <reference href="https://www.iso.org/contents/data/standard/05/45/54534.html">A.11.2.1</reference>
        <reference href="https://www.iso.org/contents/data/standard/05/45/54534.html">A.12.1.1</reference>
        <reference href="https://www.iso.org/contents/data/standard/05/45/54534.html">A.12.1.2</reference>
        <reference href="https://www.iso.org/contents/data/standard/05/45/54534.html">A.12.4.1</reference>
        <reference href="https://www.iso.org/contents/data/standard/05/45/54534.html">A.12.4.2</reference>
        <reference href="https://www.iso.org/contents/data/standard/05/45/54534.html">A.12.4.3</reference>
        <reference href="https://www.iso.org/contents/data/standard/05/45/54534.html">A.12.4.4</reference>
        <reference href="https://www.iso.org/contents/data/standard/05/45/54534.html">A.12.7.1</reference>
        <reference href="https://www.iso.org/contents/data/standard/05/45/54534.html">A.13.1.1</reference>
        <reference href="https://www.iso.org/contents/data/standard/05/45/54534.html">A.13.1.2</reference>
        <reference href="https://www.iso.org/contents/data/standard/05/45/54534.html">A.13.1.3</reference>
        <reference href="https://www.iso.org/contents/data/standard/05/45/54534.html">A.13.2.1</reference>
        <reference href="https://www.iso.org/contents/data/standard/05/45/54534.html">A.13.2.2</reference>
        <reference href="https://www.iso.org/contents/data/standard/05/45/54534.html">A.13.2.3</reference>
        <reference href="https://www.iso.org/contents/data/standard/05/45/54534.html">A.13.2.4</reference>
        <reference href="https://www.iso.org/contents/data/standard/05/45/54534.html">A.14.1.2</reference>
        <reference href="https://www.iso.org/contents/data/standard/05/45/54534.html">A.14.1.3</reference>
        <reference href="https://www.iso.org/contents/data/standard/05/45/54534.html">A.6.1.2</reference>
        <reference href="https://www.iso.org/contents/data/standard/05/45/54534.html">A.7.1.1</reference>
        <reference href="https://www.iso.org/contents/data/standard/05/45/54534.html">A.7.1.2</reference>
        <reference href="https://www.iso.org/contents/data/standard/05/45/54534.html">A.7.3.1</reference>
        <reference href="https://www.iso.org/contents/data/standard/05/45/54534.html">A.8.2.2</reference>
        <reference href="https://www.iso.org/contents/data/standard/05/45/54534.html">A.8.2.3</reference>
        <reference href="https://www.iso.org/contents/data/standard/05/45/54534.html">A.9.1.1</reference>
        <reference href="https://www.iso.org/contents/data/standard/05/45/54534.html">A.9.1.2</reference>
        <reference href="https://www.iso.org/contents/data/standard/05/45/54534.html">A.9.2.1</reference>
        <reference href="https://www.iso.org/contents/data/standard/05/45/54534.html">A.9.2.3</reference>
        <reference href="https://www.iso.org/contents/data/standard/05/45/54534.html">A.9.4.1</reference>
        <reference href="https://www.iso.org/contents/data/standard/05/45/54534.html">A.9.4.4</reference>
        <reference href="https://www.iso.org/contents/data/standard/05/45/54534.html">A.9.4.5</reference>
        <reference href="https://www.nerc.com/standards/reliability-standards/cip">CIP-003-8 R5.1.1</reference>
        <reference href="https://www.nerc.com/standards/reliability-standards/cip">CIP-003-8 R5.2</reference>
        <reference href="https://www.nerc.com/standards/reliability-standards/cip">CIP-003-8 R5.3</reference>
        <reference href="https://www.nerc.com/standards/reliability-standards/cip">CIP-004-6 R2.2.3</reference>
        <reference href="https://www.nerc.com/standards/reliability-standards/cip">CIP-004-6 R2.3</reference>
        <reference href="https://www.nerc.com/standards/reliability-standards/cip">CIP-004-6 R3.3</reference>
        <reference href="https://www.nerc.com/standards/reliability-standards/cip">CIP-007-3 R5.1</reference>
        <reference href="https://www.nerc.com/standards/reliability-standards/cip">CIP-007-3 R5.1.2</reference>
        <reference href="https://www.nerc.com/standards/reliability-standards/cip">CIP-007-3 R5.2</reference>
        <reference href="https://www.nerc.com/standards/reliability-standards/cip">CIP-007-3 R5.3.1</reference>
        <reference href="https://www.nerc.com/standards/reliability-standards/cip">CIP-007-3 R5.3.2</reference>
        <reference href="https://www.nerc.com/standards/reliability-standards/cip">CIP-007-3 R5.3.3</reference>
        <reference href="https://www.nerc.com/standards/reliability-standards/cip">CIP-007-3 R6.5</reference>
        <reference href="http://nvlpubs.nist.gov/nistpubs/SpecialPublications/NIST.SP.800-53r4.pdf">AC-3</reference>
        <reference href="http://nvlpubs.nist.gov/nistpubs/SpecialPublications/NIST.SP.800-53r4.pdf">AC-3(3)(a)</reference>
        <reference href="http://nvlpubs.nist.gov/nistpubs/SpecialPublications/NIST.SP.800-53r4.pdf">AU-9</reference>
        <reference href="http://nvlpubs.nist.gov/nistpubs/SpecialPublications/NIST.SP.800-53r4.pdf">SC-7(21)</reference>
        <reference href="https://nvlpubs.nist.gov/nistpubs/CSWP/NIST.CSWP.04162018.pdf">DE.AE-1</reference>
        <reference href="https://nvlpubs.nist.gov/nistpubs/CSWP/NIST.CSWP.04162018.pdf">ID.AM-3</reference>
        <reference href="https://nvlpubs.nist.gov/nistpubs/CSWP/NIST.CSWP.04162018.pdf">PR.AC-4</reference>
        <reference href="https://nvlpubs.nist.gov/nistpubs/CSWP/NIST.CSWP.04162018.pdf">PR.AC-5</reference>
        <reference href="https://nvlpubs.nist.gov/nistpubs/CSWP/NIST.CSWP.04162018.pdf">PR.AC-6</reference>
        <reference href="https://nvlpubs.nist.gov/nistpubs/CSWP/NIST.CSWP.04162018.pdf">PR.DS-5</reference>
        <reference href="https://nvlpubs.nist.gov/nistpubs/CSWP/NIST.CSWP.04162018.pdf">PR.PT-1</reference>
        <reference href="https://nvlpubs.nist.gov/nistpubs/CSWP/NIST.CSWP.04162018.pdf">PR.PT-3</reference>
        <reference href="https://nvlpubs.nist.gov/nistpubs/CSWP/NIST.CSWP.04162018.pdf">PR.PT-4</reference>
        <reference href="https://www.niap-ccevs.org/Profile/PP.cfm">FMT_MOF_EXT.1</reference>
        <reference href="https://www.cyber.mil/stigs/downloads/?_dl_facet_stigs=operating-systems%2Cgeneral-purpose-os">SRG-OS-000445-GPOS-00199</reference>
        <reference href="https://www.cyber.mil/stigs/downloads/?_dl_facet_stigs=operating-systems%2Cgeneral-purpose-os">SRG-OS-000134-GPOS-00068</reference>
        <reference href="https://cyber.gouv.fr/sites/default/files/document/linux_configuration-en-v2.pdf">R37</reference>
        <reference href="https://cyber.gouv.fr/sites/default/files/document/linux_configuration-en-v2.pdf">R79</reference>
        <reference href="https://www.bsi.bund.de/SharedDocs/Downloads/EN/BSI/Grundschutz/International/bsi_it_gs_comp_2022.pdf">APP.4.4.A4</reference>
        <reference href="https://www.bsi.bund.de/SharedDocs/Downloads/EN/BSI/Grundschutz/International/bsi_it_gs_comp_2022.pdf">SYS.1.6.A3</reference>
        <reference href="https://www.bsi.bund.de/SharedDocs/Downloads/EN/BSI/Grundschutz/International/bsi_it_gs_comp_2022.pdf">SYS.1.6.A18</reference>
        <reference href="https://www.bsi.bund.de/SharedDocs/Downloads/EN/BSI/Grundschutz/International/bsi_it_gs_comp_2022.pdf">SYS.1.6.A21</reference>
        <reference href="https://www.cyber.gov.au/acsc/view-all-content/ism">1409</reference>
        <reference href="https://docs-prv.pcisecuritystandards.org/PCI%20DSS/Standard/PCI-DSS-v4_0.pdf">1.2.6</reference>
        <reference href="https://docs-prv.pcisecuritystandards.org/PCI%20DSS/Standard/PCI-DSS-v4_0.pdf">1.2</reference>
        <rationale xmlns:xhtml="http://www.w3.org/1999/xhtml" xml:lang="en-US">Setting the SELinux state to enforcing ensures SELinux is able to confine
potentially compromised processes to the security policy, which is designed to
prevent them from causing damage to the system or further elevating their
privileges.</rationale>
        <ident system="https://ncp.nist.gov/cce">CCE-91446-5</ident>
        <fix xmlns:xhtml="http://www.w3.org/1999/xhtml" id="selinux_state" system="urn:xccdf:fix:script:sh" reboot="true" complexity="low" disruption="low" strategy="restrict"># Remediation is applicable only in certain platforms
if rpm --quiet -q kernel-default || rpm --quiet -q kernel-default-base; then

var_selinux_state='<xccdf-1.2:sub xmlns:xccdf-1.2="http://checklists.nist.gov/xccdf/1.2" idref="xccdf_org.ssgproject.content_value_var_selinux_state" use="legacy"/>'


if [ -e "/etc/selinux/config" ] ; then
    
    LC_ALL=C sed -i "/^SELINUX=/Id" "/etc/selinux/config"
else
    touch "/etc/selinux/config"
fi
# make sure file has newline at the end
sed -i -e '$a\' "/etc/selinux/config"

cp "/etc/selinux/config" "/etc/selinux/config.bak"
# Insert at the end of the file
printf '%s\n' "SELINUX=$var_selinux_state" &gt;&gt; "/etc/selinux/config"
# Clean up after ourselves.
rm "/etc/selinux/config.bak"

fixfiles onboot

else
    &gt;&amp;2 echo 'Remediation is not applicable, nothing was done'
fi
</fix>
        <fix xmlns:xhtml="http://www.w3.org/1999/xhtml" id="selinux_state" system="urn:xccdf:fix:script:ansible" complexity="low" disruption="low" strategy="restrict">- name: Gather the package facts
  package_facts:
    manager: auto
  tags:
  - CCE-91446-5
  - NIST-800-171-3.1.2
  - NIST-800-171-3.7.2
  - NIST-800-53-AC-3
  - NIST-800-53-AC-3(3)(a)
  - NIST-800-53-AU-9
  - NIST-800-53-SC-7(21)
  - PCI-DSSv4-1.2
  - PCI-DSSv4-1.2.6
  - high_severity
  - low_complexity
  - low_disruption
  - no_reboot_needed
  - restrict_strategy
  - selinux_state
- name: XCCDF Value var_selinux_state # promote to variable
  set_fact:
    var_selinux_state: !!str <xccdf-1.2:sub xmlns:xccdf-1.2="http://checklists.nist.gov/xccdf/1.2" idref="xccdf_org.ssgproject.content_value_var_selinux_state" use="legacy"/>
  tags:
    - always

- name: Ensure SELinux State is Enforcing - Check current SELinux state
  ansible.builtin.command:
    cmd: getenforce
  register: selinux_state
  check_mode: false
  changed_when: false
  when: ("kernel-default" in ansible_facts.packages or "kernel-default-base" in ansible_facts.packages)
  tags:
  - CCE-91446-5
  - NIST-800-171-3.1.2
  - NIST-800-171-3.7.2
  - NIST-800-53-AC-3
  - NIST-800-53-AC-3(3)(a)
  - NIST-800-53-AU-9
  - NIST-800-53-SC-7(21)
  - PCI-DSSv4-1.2
  - PCI-DSSv4-1.2.6
  - high_severity
  - low_complexity
  - low_disruption
  - no_reboot_needed
  - restrict_strategy
  - selinux_state

- name: Ensure SELinux State is Enforcing
  block:

  - name: Check for duplicate values
    ansible.builtin.lineinfile:
      path: /etc/selinux/config
      create: true
      regexp: (?i)^SELINUX=
      state: absent
    check_mode: true
    changed_when: false
    register: dupes

  - name: Deduplicate values from /etc/selinux/config
    ansible.builtin.lineinfile:
      path: /etc/selinux/config
      create: true
      regexp: (?i)^SELINUX=
      state: absent
    when: dupes.found is defined and dupes.found &gt; 1

  - name: Insert correct line to /etc/selinux/config
    ansible.builtin.lineinfile:
      path: /etc/selinux/config
      create: true
      regexp: (?i)^SELINUX=
      line: SELINUX={{ var_selinux_state }}
      state: present
  when: ("kernel-default" in ansible_facts.packages or "kernel-default-base" in ansible_facts.packages)
  tags:
  - CCE-91446-5
  - NIST-800-171-3.1.2
  - NIST-800-171-3.7.2
  - NIST-800-53-AC-3
  - NIST-800-53-AC-3(3)(a)
  - NIST-800-53-AU-9
  - NIST-800-53-SC-7(21)
  - PCI-DSSv4-1.2
  - PCI-DSSv4-1.2.6
  - high_severity
  - low_complexity
  - low_disruption
  - no_reboot_needed
  - restrict_strategy
  - selinux_state

- name: Ensure SELinux State is Enforcing - Mark system to relabel SELinux on next
    boot
  ansible.builtin.file:
    path: /.autorelabel
    state: touch
    access_time: preserve
    modification_time: preserve
  when:
  - ("kernel-default" in ansible_facts.packages or "kernel-default-base" in ansible_facts.packages)
  - selinux_state.stdout | lower != var_selinux_state
  tags:
  - CCE-91446-5
  - NIST-800-171-3.1.2
  - NIST-800-171-3.7.2
  - NIST-800-53-AC-3
  - NIST-800-53-AC-3(3)(a)
  - NIST-800-53-AU-9
  - NIST-800-53-SC-7(21)
  - PCI-DSSv4-1.2
  - PCI-DSSv4-1.2.6
  - high_severity
  - low_complexity
  - low_disruption
  - no_reboot_needed
  - restrict_strategy
  - selinux_state
</fix>
        <check system="http://oval.mitre.org/XMLSchema/oval-definitions-5">
          <check-export export-name="oval:ssg-var_selinux_state:var:1" value-id="xccdf_org.ssgproject.content_value_var_selinux_state"/>
          <check-content-ref name="oval:ssg-selinux_state:def:1" href="ssg-sle15-oval.xml"/>
        </check>
        <check system="http://scap.nist.gov/schema/ocil/2">
          <check-content-ref name="ocil:ssg-selinux_state_ocil:questionnaire:1" href="ssg-sle15-ocil.xml"/>
        </check>
      </Rule>
      <Group id="xccdf_org.ssgproject.content_group_selinux-booleans">
        <title xmlns:xhtml="http://www.w3.org/1999/xhtml" xml:lang="en-US">SELinux - Booleans</title>
        <description xmlns:xhtml="http://www.w3.org/1999/xhtml" xml:lang="en-US">Enable or Disable runtime customization of SELinux system policies
without having to reload or recompile the SELinux policy.</description>
        <platform idref="#bootc_or_osbuild_or_selinux"/>
        <Value id="xccdf_org.ssgproject.content_value_var_deny_execmem" type="boolean">
          <title xmlns:xhtml="http://www.w3.org/1999/xhtml" xml:lang="en-US">deny_execmem SELinux Boolean</title>
          <description xmlns:xhtml="http://www.w3.org/1999/xhtml" xml:lang="en-US">default - Default SELinux boolean setting.
<html:br xmlns:html="http://www.w3.org/1999/xhtml"/>on - SELinux boolean is enabled.
<html:br xmlns:html="http://www.w3.org/1999/xhtml"/>off - SELinux boolean is disabled.</description>
          <value>false</value>
          <value selector="off">false</value>
          <value selector="on">true</value>
        </Value>
        <Value id="xccdf_org.ssgproject.content_value_var_polyinstantiation_enabled" type="boolean">
          <title xmlns:xhtml="http://www.w3.org/1999/xhtml" xml:lang="en-US">polyinstantiation_enabled SELinux Boolean</title>
          <description xmlns:xhtml="http://www.w3.org/1999/xhtml" xml:lang="en-US">default - Default SELinux boolean setting.
<html:br xmlns:html="http://www.w3.org/1999/xhtml"/>on - SELinux boolean is enabled.
<html:br xmlns:html="http://www.w3.org/1999/xhtml"/>off - SELinux boolean is disabled.</description>
          <value>false</value>
          <value selector="off">false</value>
          <value selector="on">true</value>
        </Value>
        <Value id="xccdf_org.ssgproject.content_value_var_secure_mode_insmod" type="boolean">
          <title xmlns:xhtml="http://www.w3.org/1999/xhtml" xml:lang="en-US">secure_mode_insmod SELinux Boolean</title>
          <description xmlns:xhtml="http://www.w3.org/1999/xhtml" xml:lang="en-US">default - Default SELinux boolean setting.
<html:br xmlns:html="http://www.w3.org/1999/xhtml"/>on - SELinux boolean is enabled.
<html:br xmlns:html="http://www.w3.org/1999/xhtml"/>off - SELinux boolean is disabled.</description>
          <value>false</value>
          <value selector="off">false</value>
          <value selector="on">true</value>
        </Value>
        <Value id="xccdf_org.ssgproject.content_value_var_selinuxuser_execheap" type="boolean">
          <title xmlns:xhtml="http://www.w3.org/1999/xhtml" xml:lang="en-US">selinuxuser_execheap SELinux Boolean</title>
          <description xmlns:xhtml="http://www.w3.org/1999/xhtml" xml:lang="en-US">default - Default SELinux boolean setting.
<html:br xmlns:html="http://www.w3.org/1999/xhtml"/>on - SELinux boolean is enabled.
<html:br xmlns:html="http://www.w3.org/1999/xhtml"/>off - SELinux boolean is disabled.</description>
          <value>false</value>
          <value selector="off">false</value>
          <value selector="on">true</value>
        </Value>
        <Value id="xccdf_org.ssgproject.content_value_var_selinuxuser_execmod" type="boolean">
          <title xmlns:xhtml="http://www.w3.org/1999/xhtml" xml:lang="en-US">selinuxuser_execmod SELinux Boolean</title>
          <description xmlns:xhtml="http://www.w3.org/1999/xhtml" xml:lang="en-US">default - Default SELinux boolean setting.
<html:br xmlns:html="http://www.w3.org/1999/xhtml"/>on - SELinux boolean is enabled.
<html:br xmlns:html="http://www.w3.org/1999/xhtml"/>off - SELinux boolean is disabled.</description>
          <value>true</value>
          <value selector="off">false</value>
          <value selector="on">true</value>
        </Value>
        <Value id="xccdf_org.ssgproject.content_value_var_selinuxuser_execstack" type="boolean">
          <title xmlns:xhtml="http://www.w3.org/1999/xhtml" xml:lang="en-US">selinuxuser_execstack SELinux Boolean</title>
          <description xmlns:xhtml="http://www.w3.org/1999/xhtml" xml:lang="en-US">default - Default SELinux boolean setting.
<html:br xmlns:html="http://www.w3.org/1999/xhtml"/>on - SELinux boolean is enabled.
<html:br xmlns:html="http://www.w3.org/1999/xhtml"/>off - SELinux boolean is disabled.</description>
          <value>false</value>
          <value selector="off">false</value>
          <value selector="on">true</value>
        </Value>
        <Value id="xccdf_org.ssgproject.content_value_var_ssh_sysadm_login" type="boolean">
          <title xmlns:xhtml="http://www.w3.org/1999/xhtml" xml:lang="en-US">ssh_sysadm_login SELinux Boolean</title>
          <description xmlns:xhtml="http://www.w3.org/1999/xhtml" xml:lang="en-US">default - Default SELinux boolean setting.
<html:br xmlns:html="http://www.w3.org/1999/xhtml"/>on - SELinux boolean is enabled.
<html:br xmlns:html="http://www.w3.org/1999/xhtml"/>off - SELinux boolean is disabled.</description>
          <value>false</value>
          <value selector="off">false</value>
          <value selector="on">true</value>
        </Value>
        <Rule id="xccdf_org.ssgproject.content_rule_sebool_deny_execmem" selected="false" role="full" severity="medium">
          <title xmlns:xhtml="http://www.w3.org/1999/xhtml" xml:lang="en-US">Configure the deny_execmem SELinux Boolean</title>
          <description xmlns:xhtml="http://www.w3.org/1999/xhtml" xml:lang="en-US">By default, the SELinux boolean <html:code xmlns:html="http://www.w3.org/1999/xhtml">deny_execmem</html:code> is disabled.
This setting should be configured to <xccdf-1.2:sub xmlns:xccdf-1.2="http://checklists.nist.gov/xccdf/1.2" idref="xccdf_org.ssgproject.content_value_var_deny_execmem" use="legacy"/>.
<html:br xmlns:html="http://www.w3.org/1999/xhtml"/>
To set the <html:code xmlns:html="http://www.w3.org/1999/xhtml">deny_execmem</html:code> SELinux boolean, run the following command:
<html:pre xmlns:html="http://www.w3.org/1999/xhtml" xmlns:xccdf-1.2="http://checklists.nist.gov/xccdf/1.2">$ sudo setsebool -P deny_execmem <xccdf-1.2:sub idref="xccdf_org.ssgproject.content_value_var_deny_execmem" use="legacy"/>
        </html:pre>
       </description>
          <warning xmlns:xhtml="http://www.w3.org/1999/xhtml" xml:lang="en-US" category="general">This rule doesn't come with a remediation, as enabling this SELinux boolean can cause
applications to malfunction, for example Graphical login managers and Firefox.</warning>
          <warning xmlns:xhtml="http://www.w3.org/1999/xhtml" xml:lang="en-US" category="functionality">Proper function and stability should be assessed before applying enabling the SELinux
boolean in production systems.</warning>
          <reference href="https://cyber.gouv.fr/sites/default/files/document/linux_configuration-en-v2.pdf">R48</reference>
          <rationale xmlns:xhtml="http://www.w3.org/1999/xhtml" xml:lang="en-US">Allowing user domain applications to map a memory region as both writable and
executable makes them more susceptible to data execution attacks.</rationale>
          <ident system="https://ncp.nist.gov/cce">CCE-91265-9</ident>
          <check system="http://open-scap.org/page/SCE">
            <check-import import-name="stdout">
                </check-import>
            <check-export export-name="var_deny_execmem" value-id="xccdf_org.ssgproject.content_value_var_deny_execmem"/>
            <check-content-ref href="sle15/checks/sce/sebool_deny_execmem.sh"/>
          </check>
          <check system="http://oval.mitre.org/XMLSchema/oval-definitions-5">
            <check-export export-name="oval:ssg-var_deny_execmem:var:1" value-id="xccdf_org.ssgproject.content_value_var_deny_execmem"/>
            <check-content-ref name="oval:ssg-sebool_deny_execmem:def:1" href="ssg-sle15-oval.xml"/>
          </check>
          <check system="http://scap.nist.gov/schema/ocil/2">
            <check-content-ref name="ocil:ssg-sebool_deny_execmem_ocil:questionnaire:1" href="ssg-sle15-ocil.xml"/>
          </check>
        </Rule>
        <Rule id="xccdf_org.ssgproject.content_rule_sebool_polyinstantiation_enabled" selected="false" role="full" severity="medium">
          <title xmlns:xhtml="http://www.w3.org/1999/xhtml" xml:lang="en-US">Configure the polyinstantiation_enabled SELinux Boolean</title>
          <description xmlns:xhtml="http://www.w3.org/1999/xhtml" xml:lang="en-US">By default, the SELinux boolean <html:code xmlns:html="http://www.w3.org/1999/xhtml">polyinstantiation_enabled</html:code> is disabled.
This setting should be configured to <xccdf-1.2:sub xmlns:xccdf-1.2="http://checklists.nist.gov/xccdf/1.2" idref="xccdf_org.ssgproject.content_value_var_polyinstantiation_enabled" use="legacy"/>.
<html:br xmlns:html="http://www.w3.org/1999/xhtml"/>
To set the <html:code xmlns:html="http://www.w3.org/1999/xhtml">polyinstantiation_enabled</html:code> SELinux boolean, run the following command:
<html:pre xmlns:html="http://www.w3.org/1999/xhtml" xmlns:xccdf-1.2="http://checklists.nist.gov/xccdf/1.2">$ sudo setsebool -P polyinstantiation_enabled <xccdf-1.2:sub idref="xccdf_org.ssgproject.content_value_var_polyinstantiation_enabled" use="legacy"/>
        </html:pre>
       </description>
          <reference href="https://cyber.gouv.fr/sites/default/files/document/linux_configuration-en-v2.pdf">R55</reference>
          <rationale xmlns:xhtml="http://www.w3.org/1999/xhtml" xml:lang="en-US"/>
          <ident system="https://ncp.nist.gov/cce">CCE-91238-6</ident>
          <fix xmlns:xhtml="http://www.w3.org/1999/xhtml" id="sebool_polyinstantiation_enabled" system="urn:xccdf:fix:script:sh" complexity="low" disruption="low" strategy="enable"># Remediation is applicable only in certain platforms
if ( { rpm --quiet -q kernel ;} &amp;&amp; { rpm --quiet -q rpm-ostree ;} &amp;&amp; { rpm --quiet -q bootc ;} &amp;&amp; { ! rpm --quiet -q openshift-kubelet ;} &amp;&amp; ([ -f /run/ostree-booted ] || [ -L /ostree ]) || [ "${container:-}" == "bwrap-osbuild" ] || selinuxenabled ) &amp;&amp; rpm --quiet -q kernel-default || rpm --quiet -q kernel-default-base; then

zypper install -y "policycoreutils"
zypper install -y "policycoreutils-python-utils"
zypper install -y "selinux-tools"
zypper install -y "python3-selinux"
zypper install -y "python3-semanage"


# Workaround for https://github.com/OpenSCAP/openscap/issues/2242: Use full
# path to setsebool command to avoid the issue with the command not being
# found.

    var_polyinstantiation_enabled='<xccdf-1.2:sub xmlns:xccdf-1.2="http://checklists.nist.gov/xccdf/1.2" idref="xccdf_org.ssgproject.content_value_var_polyinstantiation_enabled" use="legacy"/>'

    /usr/sbin/setsebool -P polyinstantiation_enabled $var_polyinstantiation_enabled

else
    &gt;&amp;2 echo 'Remediation is not applicable, nothing was done'
fi
</fix>
          <fix xmlns:xhtml="http://www.w3.org/1999/xhtml" id="sebool_polyinstantiation_enabled" system="urn:xccdf:fix:script:ansible" complexity="low" disruption="low" strategy="enable">- name: Gather the package facts
  package_facts:
    manager: auto
  tags:
  - CCE-91238-6
  - enable_strategy
  - low_complexity
  - low_disruption
  - medium_severity
  - no_reboot_needed
  - sebool_polyinstantiation_enabled

- name: Configure the polyinstantiation_enabled SELinux Boolean - Ensure policycoreutils
    Installed
  ansible.builtin.package:
    name: policycoreutils
    state: present
  when:
  - ( "kernel" in ansible_facts.packages and "rpm-ostree" in ansible_facts.packages
    and "bootc" in ansible_facts.packages and not "openshift-kubelet" in ansible_facts.packages
    and "ostree" in ansible_proc_cmdline or lookup("env", "container") == "bwrap-osbuild"
    or ansible_facts.selinux.status != "disabled" )
  - ("kernel-default" in ansible_facts.packages or "kernel-default-base" in ansible_facts.packages)
  tags:
  - CCE-91238-6
  - enable_strategy
  - low_complexity
  - low_disruption
  - medium_severity
  - no_reboot_needed
  - sebool_polyinstantiation_enabled

- name: Configure the polyinstantiation_enabled SELinux Boolean - Ensure Additional
    Packages Installed
  become: true
  ansible.builtin.package:
    name:
    - policycoreutils-python-utils
    - selinux-tools
    - python3-selinux
    - python3-semanage
    state: present
  when:
  - ( "kernel" in ansible_facts.packages and "rpm-ostree" in ansible_facts.packages
    and "bootc" in ansible_facts.packages and not "openshift-kubelet" in ansible_facts.packages
    and "ostree" in ansible_proc_cmdline or lookup("env", "container") == "bwrap-osbuild"
    or ansible_facts.selinux.status != "disabled" )
  - ("kernel-default" in ansible_facts.packages or "kernel-default-base" in ansible_facts.packages)
  tags:
  - CCE-91238-6
  - enable_strategy
  - low_complexity
  - low_disruption
  - medium_severity
  - no_reboot_needed
  - sebool_polyinstantiation_enabled
- name: XCCDF Value var_polyinstantiation_enabled # promote to variable
  set_fact:
    var_polyinstantiation_enabled: !!str <xccdf-1.2:sub xmlns:xccdf-1.2="http://checklists.nist.gov/xccdf/1.2" idref="xccdf_org.ssgproject.content_value_var_polyinstantiation_enabled" use="legacy"/>
  tags:
    - always

- name: Configure the polyinstantiation_enabled SELinux Boolean - Set SELinux Boolean
    polyinstantiation_enabled Accordingly
  ansible.posix.seboolean:
    name: polyinstantiation_enabled
    state: '{{ var_polyinstantiation_enabled }}'
    persistent: true
  when:
  - ( "kernel" in ansible_facts.packages and "rpm-ostree" in ansible_facts.packages
    and "bootc" in ansible_facts.packages and not "openshift-kubelet" in ansible_facts.packages
    and "ostree" in ansible_proc_cmdline or lookup("env", "container") == "bwrap-osbuild"
    or ansible_facts.selinux.status != "disabled" )
  - ("kernel-default" in ansible_facts.packages or "kernel-default-base" in ansible_facts.packages)
  tags:
  - CCE-91238-6
  - enable_strategy
  - low_complexity
  - low_disruption
  - medium_severity
  - no_reboot_needed
  - sebool_polyinstantiation_enabled
</fix>
          <check system="http://open-scap.org/page/SCE">
            <check-import import-name="stdout">
                </check-import>
            <check-export export-name="var_polyinstantiation_enabled" value-id="xccdf_org.ssgproject.content_value_var_polyinstantiation_enabled"/>
            <check-content-ref href="sle15/checks/sce/sebool_polyinstantiation_enabled.sh"/>
          </check>
          <check system="http://oval.mitre.org/XMLSchema/oval-definitions-5">
            <check-export export-name="oval:ssg-var_polyinstantiation_enabled:var:1" value-id="xccdf_org.ssgproject.content_value_var_polyinstantiation_enabled"/>
            <check-content-ref name="oval:ssg-sebool_polyinstantiation_enabled:def:1" href="ssg-sle15-oval.xml"/>
          </check>
          <check system="http://scap.nist.gov/schema/ocil/2">
            <check-content-ref name="ocil:ssg-sebool_polyinstantiation_enabled_ocil:questionnaire:1" href="ssg-sle15-ocil.xml"/>
          </check>
        </Rule>
        <Rule id="xccdf_org.ssgproject.content_rule_sebool_secure_mode_insmod" selected="false" role="full" severity="medium">
          <title xmlns:xhtml="http://www.w3.org/1999/xhtml" xml:lang="en-US">Configure the secure_mode_insmod SELinux Boolean</title>
          <description xmlns:xhtml="http://www.w3.org/1999/xhtml" xml:lang="en-US">By default, the SELinux boolean <html:code xmlns:html="http://www.w3.org/1999/xhtml">secure_mode_insmod</html:code> is disabled.
This setting should be configured to <xccdf-1.2:sub xmlns:xccdf-1.2="http://checklists.nist.gov/xccdf/1.2" idref="xccdf_org.ssgproject.content_value_var_secure_mode_insmod" use="legacy"/>.
<html:br xmlns:html="http://www.w3.org/1999/xhtml"/>
To set the <html:code xmlns:html="http://www.w3.org/1999/xhtml">secure_mode_insmod</html:code> SELinux boolean, run the following command:
<html:pre xmlns:html="http://www.w3.org/1999/xhtml" xmlns:xccdf-1.2="http://checklists.nist.gov/xccdf/1.2">$ sudo setsebool -P secure_mode_insmod <xccdf-1.2:sub idref="xccdf_org.ssgproject.content_value_var_secure_mode_insmod" use="legacy"/>
        </html:pre>
       </description>
          <reference href="https://cyber.gouv.fr/sites/default/files/document/linux_configuration-en-v2.pdf">R48</reference>
          <rationale xmlns:xhtml="http://www.w3.org/1999/xhtml" xml:lang="en-US"/>
          <ident system="https://ncp.nist.gov/cce">CCE-91266-7</ident>
          <fix xmlns:xhtml="http://www.w3.org/1999/xhtml" id="sebool_secure_mode_insmod" system="urn:xccdf:fix:script:sh" complexity="low" disruption="low" strategy="enable"># Remediation is applicable only in certain platforms
if ( { rpm --quiet -q kernel ;} &amp;&amp; { rpm --quiet -q rpm-ostree ;} &amp;&amp; { rpm --quiet -q bootc ;} &amp;&amp; { ! rpm --quiet -q openshift-kubelet ;} &amp;&amp; ([ -f /run/ostree-booted ] || [ -L /ostree ]) || [ "${container:-}" == "bwrap-osbuild" ] || selinuxenabled ) &amp;&amp; rpm --quiet -q kernel-default || rpm --quiet -q kernel-default-base; then

zypper install -y "policycoreutils"
zypper install -y "policycoreutils-python-utils"
zypper install -y "selinux-tools"
zypper install -y "python3-selinux"
zypper install -y "python3-semanage"


# Workaround for https://github.com/OpenSCAP/openscap/issues/2242: Use full
# path to setsebool command to avoid the issue with the command not being
# found.

    var_secure_mode_insmod='<xccdf-1.2:sub xmlns:xccdf-1.2="http://checklists.nist.gov/xccdf/1.2" idref="xccdf_org.ssgproject.content_value_var_secure_mode_insmod" use="legacy"/>'

    /usr/sbin/setsebool -P secure_mode_insmod $var_secure_mode_insmod

else
    &gt;&amp;2 echo 'Remediation is not applicable, nothing was done'
fi
</fix>
          <fix xmlns:xhtml="http://www.w3.org/1999/xhtml" id="sebool_secure_mode_insmod" system="urn:xccdf:fix:script:ansible" complexity="low" disruption="low" strategy="enable">- name: Gather the package facts
  package_facts:
    manager: auto
  tags:
  - CCE-91266-7
  - enable_strategy
  - low_complexity
  - low_disruption
  - medium_severity
  - no_reboot_needed
  - sebool_secure_mode_insmod

- name: Configure the secure_mode_insmod SELinux Boolean - Ensure policycoreutils
    Installed
  ansible.builtin.package:
    name: policycoreutils
    state: present
  when:
  - ( "kernel" in ansible_facts.packages and "rpm-ostree" in ansible_facts.packages
    and "bootc" in ansible_facts.packages and not "openshift-kubelet" in ansible_facts.packages
    and "ostree" in ansible_proc_cmdline or lookup("env", "container") == "bwrap-osbuild"
    or ansible_facts.selinux.status != "disabled" )
  - ("kernel-default" in ansible_facts.packages or "kernel-default-base" in ansible_facts.packages)
  tags:
  - CCE-91266-7
  - enable_strategy
  - low_complexity
  - low_disruption
  - medium_severity
  - no_reboot_needed
  - sebool_secure_mode_insmod

- name: Configure the secure_mode_insmod SELinux Boolean - Ensure Additional Packages
    Installed
  become: true
  ansible.builtin.package:
    name:
    - policycoreutils-python-utils
    - selinux-tools
    - python3-selinux
    - python3-semanage
    state: present
  when:
  - ( "kernel" in ansible_facts.packages and "rpm-ostree" in ansible_facts.packages
    and "bootc" in ansible_facts.packages and not "openshift-kubelet" in ansible_facts.packages
    and "ostree" in ansible_proc_cmdline or lookup("env", "container") == "bwrap-osbuild"
    or ansible_facts.selinux.status != "disabled" )
  - ("kernel-default" in ansible_facts.packages or "kernel-default-base" in ansible_facts.packages)
  tags:
  - CCE-91266-7
  - enable_strategy
  - low_complexity
  - low_disruption
  - medium_severity
  - no_reboot_needed
  - sebool_secure_mode_insmod
- name: XCCDF Value var_secure_mode_insmod # promote to variable
  set_fact:
    var_secure_mode_insmod: !!str <xccdf-1.2:sub xmlns:xccdf-1.2="http://checklists.nist.gov/xccdf/1.2" idref="xccdf_org.ssgproject.content_value_var_secure_mode_insmod" use="legacy"/>
  tags:
    - always

- name: Configure the secure_mode_insmod SELinux Boolean - Set SELinux Boolean secure_mode_insmod
    Accordingly
  ansible.posix.seboolean:
    name: secure_mode_insmod
    state: '{{ var_secure_mode_insmod }}'
    persistent: true
  when:
  - ( "kernel" in ansible_facts.packages and "rpm-ostree" in ansible_facts.packages
    and "bootc" in ansible_facts.packages and not "openshift-kubelet" in ansible_facts.packages
    and "ostree" in ansible_proc_cmdline or lookup("env", "container") == "bwrap-osbuild"
    or ansible_facts.selinux.status != "disabled" )
  - ("kernel-default" in ansible_facts.packages or "kernel-default-base" in ansible_facts.packages)
  tags:
  - CCE-91266-7
  - enable_strategy
  - low_complexity
  - low_disruption
  - medium_severity
  - no_reboot_needed
  - sebool_secure_mode_insmod
</fix>
          <check system="http://open-scap.org/page/SCE">
            <check-import import-name="stdout">
                </check-import>
            <check-export export-name="var_secure_mode_insmod" value-id="xccdf_org.ssgproject.content_value_var_secure_mode_insmod"/>
            <check-content-ref href="sle15/checks/sce/sebool_secure_mode_insmod.sh"/>
          </check>
          <check system="http://oval.mitre.org/XMLSchema/oval-definitions-5">
            <check-export export-name="oval:ssg-var_secure_mode_insmod:var:1" value-id="xccdf_org.ssgproject.content_value_var_secure_mode_insmod"/>
            <check-content-ref name="oval:ssg-sebool_secure_mode_insmod:def:1" href="ssg-sle15-oval.xml"/>
          </check>
          <check system="http://scap.nist.gov/schema/ocil/2">
            <check-content-ref name="ocil:ssg-sebool_secure_mode_insmod_ocil:questionnaire:1" href="ssg-sle15-ocil.xml"/>
          </check>
        </Rule>
        <Rule id="xccdf_org.ssgproject.content_rule_sebool_selinuxuser_execheap" selected="false" role="full" severity="medium">
          <title xmlns:xhtml="http://www.w3.org/1999/xhtml" xml:lang="en-US">Disable the selinuxuser_execheap SELinux Boolean</title>
          <description xmlns:xhtml="http://www.w3.org/1999/xhtml" xml:lang="en-US">By default, the SELinux boolean <html:code xmlns:html="http://www.w3.org/1999/xhtml">selinuxuser_execheap</html:code> is disabled.
When enabled this boolean is enabled it allows selinuxusers to execute code from the heap.
If this setting is enabled, it should be disabled.

To disable the <html:code xmlns:html="http://www.w3.org/1999/xhtml">selinuxuser_execheap</html:code> SELinux boolean, run the following command:
<html:pre xmlns:html="http://www.w3.org/1999/xhtml">$ sudo setsebool -P selinuxuser_execheap off</html:pre>
       </description>
          <reference href="https://www.gpo.gov/fdsys/pkg/CFR-2007-title45-vol1/pdf/CFR-2007-title45-vol1-chapA-subchapC.pdf">164.308(a)(1)(ii)(D)</reference>
          <reference href="https://www.gpo.gov/fdsys/pkg/CFR-2007-title45-vol1/pdf/CFR-2007-title45-vol1-chapA-subchapC.pdf">164.308(a)(3)</reference>
          <reference href="https://www.gpo.gov/fdsys/pkg/CFR-2007-title45-vol1/pdf/CFR-2007-title45-vol1-chapA-subchapC.pdf">164.308(a)(4)</reference>
          <reference href="https://www.gpo.gov/fdsys/pkg/CFR-2007-title45-vol1/pdf/CFR-2007-title45-vol1-chapA-subchapC.pdf">164.310(b)</reference>
          <reference href="https://www.gpo.gov/fdsys/pkg/CFR-2007-title45-vol1/pdf/CFR-2007-title45-vol1-chapA-subchapC.pdf">164.310(c)</reference>
          <reference href="https://www.gpo.gov/fdsys/pkg/CFR-2007-title45-vol1/pdf/CFR-2007-title45-vol1-chapA-subchapC.pdf">164.312(a)</reference>
          <reference href="https://www.gpo.gov/fdsys/pkg/CFR-2007-title45-vol1/pdf/CFR-2007-title45-vol1-chapA-subchapC.pdf">164.312(e)</reference>
          <reference href="https://cyber.gouv.fr/sites/default/files/document/linux_configuration-en-v2.pdf">R48</reference>
          <rationale xmlns:xhtml="http://www.w3.org/1999/xhtml" xml:lang="en-US">Disabling code execution from the heap blocks buffer overflow attacks.</rationale>
          <ident system="https://ncp.nist.gov/cce">CCE-91424-2</ident>
          <fix xmlns:xhtml="http://www.w3.org/1999/xhtml" id="sebool_selinuxuser_execheap" system="urn:xccdf:fix:script:sh" complexity="low" disruption="low" strategy="enable"># Remediation is applicable only in certain platforms
if ( { rpm --quiet -q kernel ;} &amp;&amp; { rpm --quiet -q rpm-ostree ;} &amp;&amp; { rpm --quiet -q bootc ;} &amp;&amp; { ! rpm --quiet -q openshift-kubelet ;} &amp;&amp; ([ -f /run/ostree-booted ] || [ -L /ostree ]) || [ "${container:-}" == "bwrap-osbuild" ] || selinuxenabled ) &amp;&amp; rpm --quiet -q kernel-default || rpm --quiet -q kernel-default-base; then

zypper install -y "policycoreutils"
zypper install -y "policycoreutils-python-utils"
zypper install -y "selinux-tools"
zypper install -y "python3-selinux"
zypper install -y "python3-semanage"


# Workaround for https://github.com/OpenSCAP/openscap/issues/2242: Use full
# path to setsebool command to avoid the issue with the command not being
# found.

    var_selinuxuser_execheap='<xccdf-1.2:sub xmlns:xccdf-1.2="http://checklists.nist.gov/xccdf/1.2" idref="xccdf_org.ssgproject.content_value_var_selinuxuser_execheap" use="legacy"/>'

    /usr/sbin/setsebool -P selinuxuser_execheap $var_selinuxuser_execheap

else
    &gt;&amp;2 echo 'Remediation is not applicable, nothing was done'
fi
</fix>
          <fix xmlns:xhtml="http://www.w3.org/1999/xhtml" id="sebool_selinuxuser_execheap" system="urn:xccdf:fix:script:ansible" complexity="low" disruption="low" strategy="enable">- name: Gather the package facts
  package_facts:
    manager: auto
  tags:
  - CCE-91424-2
  - enable_strategy
  - low_complexity
  - low_disruption
  - medium_severity
  - no_reboot_needed
  - sebool_selinuxuser_execheap

- name: Disable the selinuxuser_execheap SELinux Boolean - Ensure policycoreutils
    Installed
  ansible.builtin.package:
    name: policycoreutils
    state: present
  when:
  - ( "kernel" in ansible_facts.packages and "rpm-ostree" in ansible_facts.packages
    and "bootc" in ansible_facts.packages and not "openshift-kubelet" in ansible_facts.packages
    and "ostree" in ansible_proc_cmdline or lookup("env", "container") == "bwrap-osbuild"
    or ansible_facts.selinux.status != "disabled" )
  - ("kernel-default" in ansible_facts.packages or "kernel-default-base" in ansible_facts.packages)
  tags:
  - CCE-91424-2
  - enable_strategy
  - low_complexity
  - low_disruption
  - medium_severity
  - no_reboot_needed
  - sebool_selinuxuser_execheap

- name: Disable the selinuxuser_execheap SELinux Boolean - Ensure Additional Packages
    Installed
  become: true
  ansible.builtin.package:
    name:
    - policycoreutils-python-utils
    - selinux-tools
    - python3-selinux
    - python3-semanage
    state: present
  when:
  - ( "kernel" in ansible_facts.packages and "rpm-ostree" in ansible_facts.packages
    and "bootc" in ansible_facts.packages and not "openshift-kubelet" in ansible_facts.packages
    and "ostree" in ansible_proc_cmdline or lookup("env", "container") == "bwrap-osbuild"
    or ansible_facts.selinux.status != "disabled" )
  - ("kernel-default" in ansible_facts.packages or "kernel-default-base" in ansible_facts.packages)
  tags:
  - CCE-91424-2
  - enable_strategy
  - low_complexity
  - low_disruption
  - medium_severity
  - no_reboot_needed
  - sebool_selinuxuser_execheap
- name: XCCDF Value var_selinuxuser_execheap # promote to variable
  set_fact:
    var_selinuxuser_execheap: !!str <xccdf-1.2:sub xmlns:xccdf-1.2="http://checklists.nist.gov/xccdf/1.2" idref="xccdf_org.ssgproject.content_value_var_selinuxuser_execheap" use="legacy"/>
  tags:
    - always

- name: Disable the selinuxuser_execheap SELinux Boolean - Set SELinux Boolean selinuxuser_execheap
    Accordingly
  ansible.posix.seboolean:
    name: selinuxuser_execheap
    state: '{{ var_selinuxuser_execheap }}'
    persistent: true
  when:
  - ( "kernel" in ansible_facts.packages and "rpm-ostree" in ansible_facts.packages
    and "bootc" in ansible_facts.packages and not "openshift-kubelet" in ansible_facts.packages
    and "ostree" in ansible_proc_cmdline or lookup("env", "container") == "bwrap-osbuild"
    or ansible_facts.selinux.status != "disabled" )
  - ("kernel-default" in ansible_facts.packages or "kernel-default-base" in ansible_facts.packages)
  tags:
  - CCE-91424-2
  - enable_strategy
  - low_complexity
  - low_disruption
  - medium_severity
  - no_reboot_needed
  - sebool_selinuxuser_execheap
</fix>
          <check system="http://open-scap.org/page/SCE">
            <check-import import-name="stdout">
                </check-import>
            <check-export export-name="var_selinuxuser_execheap" value-id="xccdf_org.ssgproject.content_value_var_selinuxuser_execheap"/>
            <check-content-ref href="sle15/checks/sce/sebool_selinuxuser_execheap.sh"/>
          </check>
          <check system="http://oval.mitre.org/XMLSchema/oval-definitions-5">
            <check-export export-name="oval:ssg-var_selinuxuser_execheap:var:1" value-id="xccdf_org.ssgproject.content_value_var_selinuxuser_execheap"/>
            <check-content-ref name="oval:ssg-sebool_selinuxuser_execheap:def:1" href="ssg-sle15-oval.xml"/>
          </check>
          <check system="http://scap.nist.gov/schema/ocil/2">
            <check-content-ref name="ocil:ssg-sebool_selinuxuser_execheap_ocil:questionnaire:1" href="ssg-sle15-ocil.xml"/>
          </check>
        </Rule>
        <Rule id="xccdf_org.ssgproject.content_rule_sebool_selinuxuser_execmod" selected="false" role="full" severity="medium">
          <title xmlns:xhtml="http://www.w3.org/1999/xhtml" xml:lang="en-US">Enable the selinuxuser_execmod SELinux Boolean</title>
          <description xmlns:xhtml="http://www.w3.org/1999/xhtml" xml:lang="en-US">By default, the SELinux boolean <html:code xmlns:html="http://www.w3.org/1999/xhtml">selinuxuser_execmod</html:code> is enabled.
If this setting is disabled, it should be enabled.

To enable the <html:code xmlns:html="http://www.w3.org/1999/xhtml">selinuxuser_execmod</html:code> SELinux boolean, run the following command:
<html:pre xmlns:html="http://www.w3.org/1999/xhtml">$ sudo setsebool -P selinuxuser_execmod on</html:pre>
       </description>
          <reference href="https://www.gpo.gov/fdsys/pkg/CFR-2007-title45-vol1/pdf/CFR-2007-title45-vol1-chapA-subchapC.pdf">164.308(a)(1)(ii)(D)</reference>
          <reference href="https://www.gpo.gov/fdsys/pkg/CFR-2007-title45-vol1/pdf/CFR-2007-title45-vol1-chapA-subchapC.pdf">164.308(a)(3)</reference>
          <reference href="https://www.gpo.gov/fdsys/pkg/CFR-2007-title45-vol1/pdf/CFR-2007-title45-vol1-chapA-subchapC.pdf">164.308(a)(4)</reference>
          <reference href="https://www.gpo.gov/fdsys/pkg/CFR-2007-title45-vol1/pdf/CFR-2007-title45-vol1-chapA-subchapC.pdf">164.310(b)</reference>
          <reference href="https://www.gpo.gov/fdsys/pkg/CFR-2007-title45-vol1/pdf/CFR-2007-title45-vol1-chapA-subchapC.pdf">164.310(c)</reference>
          <reference href="https://www.gpo.gov/fdsys/pkg/CFR-2007-title45-vol1/pdf/CFR-2007-title45-vol1-chapA-subchapC.pdf">164.312(a)</reference>
          <reference href="https://www.gpo.gov/fdsys/pkg/CFR-2007-title45-vol1/pdf/CFR-2007-title45-vol1-chapA-subchapC.pdf">164.312(e)</reference>
          <rationale xmlns:xhtml="http://www.w3.org/1999/xhtml" xml:lang="en-US"/>
          <ident system="https://ncp.nist.gov/cce">CCE-91423-4</ident>
          <fix xmlns:xhtml="http://www.w3.org/1999/xhtml" id="sebool_selinuxuser_execmod" system="urn:xccdf:fix:script:sh" complexity="low" disruption="low" strategy="enable"># Remediation is applicable only in certain platforms
if ( { rpm --quiet -q kernel ;} &amp;&amp; { rpm --quiet -q rpm-ostree ;} &amp;&amp; { rpm --quiet -q bootc ;} &amp;&amp; { ! rpm --quiet -q openshift-kubelet ;} &amp;&amp; ([ -f /run/ostree-booted ] || [ -L /ostree ]) || [ "${container:-}" == "bwrap-osbuild" ] || selinuxenabled ) &amp;&amp; rpm --quiet -q kernel-default || rpm --quiet -q kernel-default-base; then

zypper install -y "policycoreutils"
zypper install -y "policycoreutils-python-utils"
zypper install -y "selinux-tools"
zypper install -y "python3-selinux"
zypper install -y "python3-semanage"


# Workaround for https://github.com/OpenSCAP/openscap/issues/2242: Use full
# path to setsebool command to avoid the issue with the command not being
# found.

    var_selinuxuser_execmod='<xccdf-1.2:sub xmlns:xccdf-1.2="http://checklists.nist.gov/xccdf/1.2" idref="xccdf_org.ssgproject.content_value_var_selinuxuser_execmod" use="legacy"/>'

    /usr/sbin/setsebool -P selinuxuser_execmod $var_selinuxuser_execmod

else
    &gt;&amp;2 echo 'Remediation is not applicable, nothing was done'
fi
</fix>
          <fix xmlns:xhtml="http://www.w3.org/1999/xhtml" id="sebool_selinuxuser_execmod" system="urn:xccdf:fix:script:ansible" complexity="low" disruption="low" strategy="enable">- name: Gather the package facts
  package_facts:
    manager: auto
  tags:
  - CCE-91423-4
  - enable_strategy
  - low_complexity
  - low_disruption
  - medium_severity
  - no_reboot_needed
  - sebool_selinuxuser_execmod

- name: Enable the selinuxuser_execmod SELinux Boolean - Ensure policycoreutils Installed
  ansible.builtin.package:
    name: policycoreutils
    state: present
  when:
  - ( "kernel" in ansible_facts.packages and "rpm-ostree" in ansible_facts.packages
    and "bootc" in ansible_facts.packages and not "openshift-kubelet" in ansible_facts.packages
    and "ostree" in ansible_proc_cmdline or lookup("env", "container") == "bwrap-osbuild"
    or ansible_facts.selinux.status != "disabled" )
  - ("kernel-default" in ansible_facts.packages or "kernel-default-base" in ansible_facts.packages)
  tags:
  - CCE-91423-4
  - enable_strategy
  - low_complexity
  - low_disruption
  - medium_severity
  - no_reboot_needed
  - sebool_selinuxuser_execmod

- name: Enable the selinuxuser_execmod SELinux Boolean - Ensure Additional Packages
    Installed
  become: true
  ansible.builtin.package:
    name:
    - policycoreutils-python-utils
    - selinux-tools
    - python3-selinux
    - python3-semanage
    state: present
  when:
  - ( "kernel" in ansible_facts.packages and "rpm-ostree" in ansible_facts.packages
    and "bootc" in ansible_facts.packages and not "openshift-kubelet" in ansible_facts.packages
    and "ostree" in ansible_proc_cmdline or lookup("env", "container") == "bwrap-osbuild"
    or ansible_facts.selinux.status != "disabled" )
  - ("kernel-default" in ansible_facts.packages or "kernel-default-base" in ansible_facts.packages)
  tags:
  - CCE-91423-4
  - enable_strategy
  - low_complexity
  - low_disruption
  - medium_severity
  - no_reboot_needed
  - sebool_selinuxuser_execmod
- name: XCCDF Value var_selinuxuser_execmod # promote to variable
  set_fact:
    var_selinuxuser_execmod: !!str <xccdf-1.2:sub xmlns:xccdf-1.2="http://checklists.nist.gov/xccdf/1.2" idref="xccdf_org.ssgproject.content_value_var_selinuxuser_execmod" use="legacy"/>
  tags:
    - always

- name: Enable the selinuxuser_execmod SELinux Boolean - Set SELinux Boolean selinuxuser_execmod
    Accordingly
  ansible.posix.seboolean:
    name: selinuxuser_execmod
    state: '{{ var_selinuxuser_execmod }}'
    persistent: true
  when:
  - ( "kernel" in ansible_facts.packages and "rpm-ostree" in ansible_facts.packages
    and "bootc" in ansible_facts.packages and not "openshift-kubelet" in ansible_facts.packages
    and "ostree" in ansible_proc_cmdline or lookup("env", "container") == "bwrap-osbuild"
    or ansible_facts.selinux.status != "disabled" )
  - ("kernel-default" in ansible_facts.packages or "kernel-default-base" in ansible_facts.packages)
  tags:
  - CCE-91423-4
  - enable_strategy
  - low_complexity
  - low_disruption
  - medium_severity
  - no_reboot_needed
  - sebool_selinuxuser_execmod
</fix>
          <check system="http://open-scap.org/page/SCE">
            <check-import import-name="stdout">
                </check-import>
            <check-export export-name="var_selinuxuser_execmod" value-id="xccdf_org.ssgproject.content_value_var_selinuxuser_execmod"/>
            <check-content-ref href="sle15/checks/sce/sebool_selinuxuser_execmod.sh"/>
          </check>
          <check system="http://oval.mitre.org/XMLSchema/oval-definitions-5">
            <check-export export-name="oval:ssg-var_selinuxuser_execmod:var:1" value-id="xccdf_org.ssgproject.content_value_var_selinuxuser_execmod"/>
            <check-content-ref name="oval:ssg-sebool_selinuxuser_execmod:def:1" href="ssg-sle15-oval.xml"/>
          </check>
          <check system="http://scap.nist.gov/schema/ocil/2">
            <check-content-ref name="ocil:ssg-sebool_selinuxuser_execmod_ocil:questionnaire:1" href="ssg-sle15-ocil.xml"/>
          </check>
        </Rule>
        <Rule id="xccdf_org.ssgproject.content_rule_sebool_selinuxuser_execstack" selected="false" role="full" severity="medium">
          <title xmlns:xhtml="http://www.w3.org/1999/xhtml" xml:lang="en-US">Disable the selinuxuser_execstack SELinux Boolean</title>
          <description xmlns:xhtml="http://www.w3.org/1999/xhtml" xml:lang="en-US">By default, the SELinux boolean <html:code xmlns:html="http://www.w3.org/1999/xhtml">selinuxuser_execstack</html:code> is enabled.
This setting should be disabled as unconfined executables should not be able
to make their stack executable.

To disable the <html:code xmlns:html="http://www.w3.org/1999/xhtml">selinuxuser_execstack</html:code> SELinux boolean, run the following command:
<html:pre xmlns:html="http://www.w3.org/1999/xhtml">$ sudo setsebool -P selinuxuser_execstack off</html:pre>
       </description>
          <reference href="https://www.gpo.gov/fdsys/pkg/CFR-2007-title45-vol1/pdf/CFR-2007-title45-vol1-chapA-subchapC.pdf">164.308(a)(1)(ii)(D)</reference>
          <reference href="https://www.gpo.gov/fdsys/pkg/CFR-2007-title45-vol1/pdf/CFR-2007-title45-vol1-chapA-subchapC.pdf">164.308(a)(3)</reference>
          <reference href="https://www.gpo.gov/fdsys/pkg/CFR-2007-title45-vol1/pdf/CFR-2007-title45-vol1-chapA-subchapC.pdf">164.308(a)(4)</reference>
          <reference href="https://www.gpo.gov/fdsys/pkg/CFR-2007-title45-vol1/pdf/CFR-2007-title45-vol1-chapA-subchapC.pdf">164.310(b)</reference>
          <reference href="https://www.gpo.gov/fdsys/pkg/CFR-2007-title45-vol1/pdf/CFR-2007-title45-vol1-chapA-subchapC.pdf">164.310(c)</reference>
          <reference href="https://www.gpo.gov/fdsys/pkg/CFR-2007-title45-vol1/pdf/CFR-2007-title45-vol1-chapA-subchapC.pdf">164.312(a)</reference>
          <reference href="https://www.gpo.gov/fdsys/pkg/CFR-2007-title45-vol1/pdf/CFR-2007-title45-vol1-chapA-subchapC.pdf">164.312(e)</reference>
          <reference href="https://cyber.gouv.fr/sites/default/files/document/linux_configuration-en-v2.pdf">R48</reference>
          <rationale xmlns:xhtml="http://www.w3.org/1999/xhtml" xml:lang="en-US">Disabling code execution from the stack blocks buffer overflow attacks.</rationale>
          <ident system="https://ncp.nist.gov/cce">CCE-91422-6</ident>
          <fix xmlns:xhtml="http://www.w3.org/1999/xhtml" id="sebool_selinuxuser_execstack" system="urn:xccdf:fix:script:sh" complexity="low" disruption="low" strategy="enable"># Remediation is applicable only in certain platforms
if ( { rpm --quiet -q kernel ;} &amp;&amp; { rpm --quiet -q rpm-ostree ;} &amp;&amp; { rpm --quiet -q bootc ;} &amp;&amp; { ! rpm --quiet -q openshift-kubelet ;} &amp;&amp; ([ -f /run/ostree-booted ] || [ -L /ostree ]) || [ "${container:-}" == "bwrap-osbuild" ] || selinuxenabled ) &amp;&amp; rpm --quiet -q kernel-default || rpm --quiet -q kernel-default-base; then

zypper install -y "policycoreutils"
zypper install -y "policycoreutils-python-utils"
zypper install -y "selinux-tools"
zypper install -y "python3-selinux"
zypper install -y "python3-semanage"


# Workaround for https://github.com/OpenSCAP/openscap/issues/2242: Use full
# path to setsebool command to avoid the issue with the command not being
# found.

    var_selinuxuser_execstack='<xccdf-1.2:sub xmlns:xccdf-1.2="http://checklists.nist.gov/xccdf/1.2" idref="xccdf_org.ssgproject.content_value_var_selinuxuser_execstack" use="legacy"/>'

    /usr/sbin/setsebool -P selinuxuser_execstack $var_selinuxuser_execstack

else
    &gt;&amp;2 echo 'Remediation is not applicable, nothing was done'
fi
</fix>
          <fix xmlns:xhtml="http://www.w3.org/1999/xhtml" id="sebool_selinuxuser_execstack" system="urn:xccdf:fix:script:ansible" complexity="low" disruption="low" strategy="enable">- name: Gather the package facts
  package_facts:
    manager: auto
  tags:
  - CCE-91422-6
  - enable_strategy
  - low_complexity
  - low_disruption
  - medium_severity
  - no_reboot_needed
  - sebool_selinuxuser_execstack

- name: Disable the selinuxuser_execstack SELinux Boolean - Ensure policycoreutils
    Installed
  ansible.builtin.package:
    name: policycoreutils
    state: present
  when:
  - ( "kernel" in ansible_facts.packages and "rpm-ostree" in ansible_facts.packages
    and "bootc" in ansible_facts.packages and not "openshift-kubelet" in ansible_facts.packages
    and "ostree" in ansible_proc_cmdline or lookup("env", "container") == "bwrap-osbuild"
    or ansible_facts.selinux.status != "disabled" )
  - ("kernel-default" in ansible_facts.packages or "kernel-default-base" in ansible_facts.packages)
  tags:
  - CCE-91422-6
  - enable_strategy
  - low_complexity
  - low_disruption
  - medium_severity
  - no_reboot_needed
  - sebool_selinuxuser_execstack

- name: Disable the selinuxuser_execstack SELinux Boolean - Ensure Additional Packages
    Installed
  become: true
  ansible.builtin.package:
    name:
    - policycoreutils-python-utils
    - selinux-tools
    - python3-selinux
    - python3-semanage
    state: present
  when:
  - ( "kernel" in ansible_facts.packages and "rpm-ostree" in ansible_facts.packages
    and "bootc" in ansible_facts.packages and not "openshift-kubelet" in ansible_facts.packages
    and "ostree" in ansible_proc_cmdline or lookup("env", "container") == "bwrap-osbuild"
    or ansible_facts.selinux.status != "disabled" )
  - ("kernel-default" in ansible_facts.packages or "kernel-default-base" in ansible_facts.packages)
  tags:
  - CCE-91422-6
  - enable_strategy
  - low_complexity
  - low_disruption
  - medium_severity
  - no_reboot_needed
  - sebool_selinuxuser_execstack
- name: XCCDF Value var_selinuxuser_execstack # promote to variable
  set_fact:
    var_selinuxuser_execstack: !!str <xccdf-1.2:sub xmlns:xccdf-1.2="http://checklists.nist.gov/xccdf/1.2" idref="xccdf_org.ssgproject.content_value_var_selinuxuser_execstack" use="legacy"/>
  tags:
    - always

- name: Disable the selinuxuser_execstack SELinux Boolean - Set SELinux Boolean selinuxuser_execstack
    Accordingly
  ansible.posix.seboolean:
    name: selinuxuser_execstack
    state: '{{ var_selinuxuser_execstack }}'
    persistent: true
  when:
  - ( "kernel" in ansible_facts.packages and "rpm-ostree" in ansible_facts.packages
    and "bootc" in ansible_facts.packages and not "openshift-kubelet" in ansible_facts.packages
    and "ostree" in ansible_proc_cmdline or lookup("env", "container") == "bwrap-osbuild"
    or ansible_facts.selinux.status != "disabled" )
  - ("kernel-default" in ansible_facts.packages or "kernel-default-base" in ansible_facts.packages)
  tags:
  - CCE-91422-6
  - enable_strategy
  - low_complexity
  - low_disruption
  - medium_severity
  - no_reboot_needed
  - sebool_selinuxuser_execstack
</fix>
          <check system="http://open-scap.org/page/SCE">
            <check-import import-name="stdout">
                </check-import>
            <check-export export-name="var_selinuxuser_execstack" value-id="xccdf_org.ssgproject.content_value_var_selinuxuser_execstack"/>
            <check-content-ref href="sle15/checks/sce/sebool_selinuxuser_execstack.sh"/>
          </check>
          <check system="http://oval.mitre.org/XMLSchema/oval-definitions-5">
            <check-export export-name="oval:ssg-var_selinuxuser_execstack:var:1" value-id="xccdf_org.ssgproject.content_value_var_selinuxuser_execstack"/>
            <check-content-ref name="oval:ssg-sebool_selinuxuser_execstack:def:1" href="ssg-sle15-oval.xml"/>
          </check>
          <check system="http://scap.nist.gov/schema/ocil/2">
            <check-content-ref name="ocil:ssg-sebool_selinuxuser_execstack_ocil:questionnaire:1" href="ssg-sle15-ocil.xml"/>
          </check>
        </Rule>
        <Rule id="xccdf_org.ssgproject.content_rule_sebool_ssh_sysadm_login" selected="false" role="full" severity="medium">
          <title xmlns:xhtml="http://www.w3.org/1999/xhtml" xml:lang="en-US">Disable the ssh_sysadm_login SELinux Boolean</title>
          <description xmlns:xhtml="http://www.w3.org/1999/xhtml" xml:lang="en-US">By default, the SELinux boolean <html:code xmlns:html="http://www.w3.org/1999/xhtml">ssh_sysadm_login</html:code> is disabled.
If this setting is enabled, it should be disabled.

To disable the <html:code xmlns:html="http://www.w3.org/1999/xhtml">ssh_sysadm_login</html:code> SELinux boolean, run the following command:
<html:pre xmlns:html="http://www.w3.org/1999/xhtml">$ sudo setsebool -P ssh_sysadm_login off</html:pre>
       </description>
          <reference href="https://www.cyber.mil/stigs/downloads/?_dl_facet_stigs=operating-systems%2Cgeneral-purpose-os">SRG-OS-000324-GPOS-00125</reference>
          <reference href="https://cyber.gouv.fr/sites/default/files/document/linux_configuration-en-v2.pdf">R48</reference>
          <rationale xmlns:xhtml="http://www.w3.org/1999/xhtml" xml:lang="en-US">Preventing non-privileged users from executing privileged functions mitigates
the risk that unauthorized individuals or processes may gain unnecessary access
to information or privileges.

Privileged functions include, for example, establishing accounts, performing
system integrity checks, or administering cryptographic key management
activities. Non-privileged users are individuals who do not possess appropriate
authorizations. Circumventing intrusion detection and prevention mechanisms or
malicious code protection mechanisms are examples of privileged functions that
require protection from non-privileged users.</rationale>
          <ident system="https://ncp.nist.gov/cce">CCE-91264-2</ident>
          <fix xmlns:xhtml="http://www.w3.org/1999/xhtml" id="sebool_ssh_sysadm_login" system="urn:xccdf:fix:script:sh" complexity="low" disruption="low" strategy="enable"># Remediation is applicable only in certain platforms
if ( { rpm --quiet -q kernel ;} &amp;&amp; { rpm --quiet -q rpm-ostree ;} &amp;&amp; { rpm --quiet -q bootc ;} &amp;&amp; { ! rpm --quiet -q openshift-kubelet ;} &amp;&amp; ([ -f /run/ostree-booted ] || [ -L /ostree ]) || [ "${container:-}" == "bwrap-osbuild" ] || selinuxenabled ) &amp;&amp; rpm --quiet -q kernel-default || rpm --quiet -q kernel-default-base; then

zypper install -y "policycoreutils"
zypper install -y "policycoreutils-python-utils"
zypper install -y "selinux-tools"
zypper install -y "python3-selinux"
zypper install -y "python3-semanage"


# Workaround for https://github.com/OpenSCAP/openscap/issues/2242: Use full
# path to setsebool command to avoid the issue with the command not being
# found.

    var_ssh_sysadm_login='<xccdf-1.2:sub xmlns:xccdf-1.2="http://checklists.nist.gov/xccdf/1.2" idref="xccdf_org.ssgproject.content_value_var_ssh_sysadm_login" use="legacy"/>'

    /usr/sbin/setsebool -P ssh_sysadm_login $var_ssh_sysadm_login

else
    &gt;&amp;2 echo 'Remediation is not applicable, nothing was done'
fi
</fix>
          <fix xmlns:xhtml="http://www.w3.org/1999/xhtml" id="sebool_ssh_sysadm_login" system="urn:xccdf:fix:script:ansible" complexity="low" disruption="low" strategy="enable">- name: Gather the package facts
  package_facts:
    manager: auto
  tags:
  - CCE-91264-2
  - enable_strategy
  - low_complexity
  - low_disruption
  - medium_severity
  - no_reboot_needed
  - sebool_ssh_sysadm_login

- name: Disable the ssh_sysadm_login SELinux Boolean - Ensure policycoreutils Installed
  ansible.builtin.package:
    name: policycoreutils
    state: present
  when:
  - ( "kernel" in ansible_facts.packages and "rpm-ostree" in ansible_facts.packages
    and "bootc" in ansible_facts.packages and not "openshift-kubelet" in ansible_facts.packages
    and "ostree" in ansible_proc_cmdline or lookup("env", "container") == "bwrap-osbuild"
    or ansible_facts.selinux.status != "disabled" )
  - ("kernel-default" in ansible_facts.packages or "kernel-default-base" in ansible_facts.packages)
  tags:
  - CCE-91264-2
  - enable_strategy
  - low_complexity
  - low_disruption
  - medium_severity
  - no_reboot_needed
  - sebool_ssh_sysadm_login

- name: Disable the ssh_sysadm_login SELinux Boolean - Ensure Additional Packages
    Installed
  become: true
  ansible.builtin.package:
    name:
    - policycoreutils-python-utils
    - selinux-tools
    - python3-selinux
    - python3-semanage
    state: present
  when:
  - ( "kernel" in ansible_facts.packages and "rpm-ostree" in ansible_facts.packages
    and "bootc" in ansible_facts.packages and not "openshift-kubelet" in ansible_facts.packages
    and "ostree" in ansible_proc_cmdline or lookup("env", "container") == "bwrap-osbuild"
    or ansible_facts.selinux.status != "disabled" )
  - ("kernel-default" in ansible_facts.packages or "kernel-default-base" in ansible_facts.packages)
  tags:
  - CCE-91264-2
  - enable_strategy
  - low_complexity
  - low_disruption
  - medium_severity
  - no_reboot_needed
  - sebool_ssh_sysadm_login
- name: XCCDF Value var_ssh_sysadm_login # promote to variable
  set_fact:
    var_ssh_sysadm_login: !!str <xccdf-1.2:sub xmlns:xccdf-1.2="http://checklists.nist.gov/xccdf/1.2" idref="xccdf_org.ssgproject.content_value_var_ssh_sysadm_login" use="legacy"/>
  tags:
    - always

- name: Disable the ssh_sysadm_login SELinux Boolean - Set SELinux Boolean ssh_sysadm_login
    Accordingly
  ansible.posix.seboolean:
    name: ssh_sysadm_login
    state: '{{ var_ssh_sysadm_login }}'
    persistent: true
  when:
  - ( "kernel" in ansible_facts.packages and "rpm-ostree" in ansible_facts.packages
    and "bootc" in ansible_facts.packages and not "openshift-kubelet" in ansible_facts.packages
    and "ostree" in ansible_proc_cmdline or lookup("env", "container") == "bwrap-osbuild"
    or ansible_facts.selinux.status != "disabled" )
  - ("kernel-default" in ansible_facts.packages or "kernel-default-base" in ansible_facts.packages)
  tags:
  - CCE-91264-2
  - enable_strategy
  - low_complexity
  - low_disruption
  - medium_severity
  - no_reboot_needed
  - sebool_ssh_sysadm_login
</fix>
          <check system="http://open-scap.org/page/SCE">
            <check-import import-name="stdout">
                </check-import>
            <check-export export-name="var_ssh_sysadm_login" value-id="xccdf_org.ssgproject.content_value_var_ssh_sysadm_login"/>
            <check-content-ref href="sle15/checks/sce/sebool_ssh_sysadm_login.sh"/>
          </check>
          <check system="http://oval.mitre.org/XMLSchema/oval-definitions-5">
            <check-export export-name="oval:ssg-var_ssh_sysadm_login:var:1" value-id="xccdf_org.ssgproject.content_value_var_ssh_sysadm_login"/>
            <check-content-ref name="oval:ssg-sebool_ssh_sysadm_login:def:1" href="ssg-sle15-oval.xml"/>
          </check>
          <check system="http://scap.nist.gov/schema/ocil/2">
            <check-content-ref name="ocil:ssg-sebool_ssh_sysadm_login_ocil:questionnaire:1" href="ssg-sle15-ocil.xml"/>
          </check>
        </Rule>
      </Group>
    </Group>
  </Group>
  <Group id="xccdf_org.ssgproject.content_group_services">
    <title xmlns:xhtml="http://www.w3.org/1999/xhtml" xml:lang="en-US">Services</title>
    <description xmlns:xhtml="http://www.w3.org/1999/xhtml" xml:lang="en-US">The best protection against vulnerable software is running less software. This section describes how to review
the software which SUSE Linux Enterprise 15 installs on a system and disable software which is not needed. It
then enumerates the software packages installed on a default SUSE Linux Enterprise 15 system and provides guidance about which
ones can be safely disabled.
<html:br xmlns:html="http://www.w3.org/1999/xhtml"/>
     <html:br xmlns:html="http://www.w3.org/1999/xhtml"/>
SUSE Linux Enterprise 15 provides a convenient minimal install option that essentially installs the bare necessities for a functional
system. When building SUSE Linux Enterprise 15 systems, it is highly recommended to select the minimal packages and then build up
the system from there.</description>
    <Rule id="xccdf_org.ssgproject.content_rule_mask_nonessential_services" selected="false" role="full" severity="low">
      <title xmlns:xhtml="http://www.w3.org/1999/xhtml" xml:lang="en-US">Ensure nonessential services are removed or masked</title>
      <description xmlns:xhtml="http://www.w3.org/1999/xhtml" xml:lang="en-US">A network port is identified by its number, the associated IP address, 
and the type of the communication protocol such as TCP or UDP.
A listening port is a network port on which an application or process 
listens on, acting as a communication endpoint.
Each listening port can be open or closed (filtered) using a firewall. 
In general terms, an open port is a network port that accepts 
incoming packets from remote locations.</description>
      <reference href="https://www.cisecurity.org/benchmark/suse_linux/">2.4</reference>
      <reference href="https://docs-prv.pcisecuritystandards.org/PCI%20DSS/Standard/PCI-DSS-v4_0.pdf">2.2.4</reference>
      <reference href="https://docs-prv.pcisecuritystandards.org/PCI%20DSS/Standard/PCI-DSS-v4_0.pdf">2.2</reference>
      <rationale xmlns:xhtml="http://www.w3.org/1999/xhtml" xml:lang="en-US">Services listening on the system pose a potential risk as an attack vector. These services should be reviewed, and if not required, the service should be stopped, and the package containing the service should be removed. If required packages have a dependency, the service should be stopped and masked to reduce the attack surface of the system.</rationale>
      <ident system="https://ncp.nist.gov/cce">CCE-92463-9</ident>
      <check system="http://scap.nist.gov/schema/ocil/2">
        <check-content-ref name="ocil:ssg-mask_nonessential_services_ocil:questionnaire:1" href="ssg-sle15-ocil.xml"/>
      </check>
    </Rule>
    <Group id="xccdf_org.ssgproject.content_group_avahi">
      <title xmlns:xhtml="http://www.w3.org/1999/xhtml" xml:lang="en-US">Avahi Server</title>
      <description xmlns:xhtml="http://www.w3.org/1999/xhtml" xml:lang="en-US">The Avahi daemon implements the DNS Service Discovery
and Multicast DNS protocols, which provide service and host
discovery on a network. It allows a system to automatically
identify resources on the network, such as printers or web servers.
This capability is also known as mDNSresponder and is a major part
of Zeroconf networking.</description>
      <Group id="xccdf_org.ssgproject.content_group_avahi_configuration">
        <title xmlns:xhtml="http://www.w3.org/1999/xhtml" xml:lang="en-US">Configure Avahi if Necessary</title>
        <description xmlns:xhtml="http://www.w3.org/1999/xhtml" xml:lang="en-US">If your system requires the Avahi daemon, its configuration can be restricted
to improve security. The Avahi daemon configuration file is
<html:code xmlns:html="http://www.w3.org/1999/xhtml">/etc/avahi/avahi-daemon.conf</html:code>. The following security recommendations
should be applied to this file:
See the <html:code xmlns:html="http://www.w3.org/1999/xhtml">avahi-daemon.conf(5)</html:code> man page, or documentation at

    <html:a xmlns:html="http://www.w3.org/1999/xhtml" href="http://www.avahi.org">http://www.avahi.org</html:a>, for more detailed information
about the configuration options.</description>
        <Rule id="xccdf_org.ssgproject.content_rule_avahi_disable_publishing" selected="false" role="full" severity="low">
          <title xmlns:xhtml="http://www.w3.org/1999/xhtml" xml:lang="en-US">Disable Avahi Publishing</title>
          <description xmlns:xhtml="http://www.w3.org/1999/xhtml" xml:lang="en-US">To prevent Avahi from publishing its records, edit <html:code xmlns:html="http://www.w3.org/1999/xhtml">/etc/avahi/avahi-daemon.conf</html:code>
and ensure the following line appears in the <html:code xmlns:html="http://www.w3.org/1999/xhtml">[publish]</html:code> section:
<html:pre xmlns:html="http://www.w3.org/1999/xhtml">disable-publishing=yes</html:pre>
       </description>
          <reference href="https://www.cisecurity.org/controls/">11</reference>
          <reference href="https://www.cisecurity.org/controls/">14</reference>
          <reference href="https://www.cisecurity.org/controls/">3</reference>
          <reference href="https://www.cisecurity.org/controls/">9</reference>
          <reference href="https://www.isaca.org/resources/cobit">BAI10.01</reference>
          <reference href="https://www.isaca.org/resources/cobit">BAI10.02</reference>
          <reference href="https://www.isaca.org/resources/cobit">BAI10.03</reference>
          <reference href="https://www.isaca.org/resources/cobit">BAI10.05</reference>
          <reference href="https://www.isaca.org/resources/cobit">DSS05.02</reference>
          <reference href="https://www.isaca.org/resources/cobit">DSS05.05</reference>
          <reference href="https://www.isaca.org/resources/cobit">DSS06.06</reference>
          <reference href="https://www.isa.org/products/isa-62443-2-1-2009-security-for-industrial-automat">4.3.3.5.1</reference>
          <reference href="https://www.isa.org/products/isa-62443-2-1-2009-security-for-industrial-automat">4.3.3.5.2</reference>
          <reference href="https://www.isa.org/products/isa-62443-2-1-2009-security-for-industrial-automat">4.3.3.5.3</reference>
          <reference href="https://www.isa.org/products/isa-62443-2-1-2009-security-for-industrial-automat">4.3.3.5.4</reference>
          <reference href="https://www.isa.org/products/isa-62443-2-1-2009-security-for-industrial-automat">4.3.3.5.5</reference>
          <reference href="https://www.isa.org/products/isa-62443-2-1-2009-security-for-industrial-automat">4.3.3.5.6</reference>
          <reference href="https://www.isa.org/products/isa-62443-2-1-2009-security-for-industrial-automat">4.3.3.5.7</reference>
          <reference href="https://www.isa.org/products/isa-62443-2-1-2009-security-for-industrial-automat">4.3.3.5.8</reference>
          <reference href="https://www.isa.org/products/isa-62443-2-1-2009-security-for-industrial-automat">4.3.3.6.1</reference>
          <reference href="https://www.isa.org/products/isa-62443-2-1-2009-security-for-industrial-automat">4.3.3.6.2</reference>
          <reference href="https://www.isa.org/products/isa-62443-2-1-2009-security-for-industrial-automat">4.3.3.6.3</reference>
          <reference href="https://www.isa.org/products/isa-62443-2-1-2009-security-for-industrial-automat">4.3.3.6.4</reference>
          <reference href="https://www.isa.org/products/isa-62443-2-1-2009-security-for-industrial-automat">4.3.3.6.5</reference>
          <reference href="https://www.isa.org/products/isa-62443-2-1-2009-security-for-industrial-automat">4.3.3.6.6</reference>
          <reference href="https://www.isa.org/products/isa-62443-2-1-2009-security-for-industrial-automat">4.3.3.6.7</reference>
          <reference href="https://www.isa.org/products/isa-62443-2-1-2009-security-for-industrial-automat">4.3.3.6.8</reference>
          <reference href="https://www.isa.org/products/isa-62443-2-1-2009-security-for-industrial-automat">4.3.3.6.9</reference>
          <reference href="https://www.isa.org/products/isa-62443-2-1-2009-security-for-industrial-automat">4.3.3.7.1</reference>
          <reference href="https://www.isa.org/products/isa-62443-2-1-2009-security-for-industrial-automat">4.3.3.7.2</reference>
          <reference href="https://www.isa.org/products/isa-62443-2-1-2009-security-for-industrial-automat">4.3.3.7.3</reference>
          <reference href="https://www.isa.org/products/isa-62443-2-1-2009-security-for-industrial-automat">4.3.3.7.4</reference>
          <reference href="https://www.isa.org/products/isa-62443-2-1-2009-security-for-industrial-automat">4.3.4.3.2</reference>
          <reference href="https://www.isa.org/products/isa-62443-2-1-2009-security-for-industrial-automat">4.3.4.3.3</reference>
          <reference href="https://www.isa.org/products/ansi-isa-62443-3-3-99-03-03-2013-security-for-indu">SR 1.1</reference>
          <reference href="https://www.isa.org/products/ansi-isa-62443-3-3-99-03-03-2013-security-for-indu">SR 1.10</reference>
          <reference href="https://www.isa.org/products/ansi-isa-62443-3-3-99-03-03-2013-security-for-indu">SR 1.11</reference>
          <reference href="https://www.isa.org/products/ansi-isa-62443-3-3-99-03-03-2013-security-for-indu">SR 1.12</reference>
          <reference href="https://www.isa.org/products/ansi-isa-62443-3-3-99-03-03-2013-security-for-indu">SR 1.13</reference>
          <reference href="https://www.isa.org/products/ansi-isa-62443-3-3-99-03-03-2013-security-for-indu">SR 1.2</reference>
          <reference href="https://www.isa.org/products/ansi-isa-62443-3-3-99-03-03-2013-security-for-indu">SR 1.3</reference>
          <reference href="https://www.isa.org/products/ansi-isa-62443-3-3-99-03-03-2013-security-for-indu">SR 1.4</reference>
          <reference href="https://www.isa.org/products/ansi-isa-62443-3-3-99-03-03-2013-security-for-indu">SR 1.5</reference>
          <reference href="https://www.isa.org/products/ansi-isa-62443-3-3-99-03-03-2013-security-for-indu">SR 1.6</reference>
          <reference href="https://www.isa.org/products/ansi-isa-62443-3-3-99-03-03-2013-security-for-indu">SR 1.7</reference>
          <reference href="https://www.isa.org/products/ansi-isa-62443-3-3-99-03-03-2013-security-for-indu">SR 1.8</reference>
          <reference href="https://www.isa.org/products/ansi-isa-62443-3-3-99-03-03-2013-security-for-indu">SR 1.9</reference>
          <reference href="https://www.isa.org/products/ansi-isa-62443-3-3-99-03-03-2013-security-for-indu">SR 2.1</reference>
          <reference href="https://www.isa.org/products/ansi-isa-62443-3-3-99-03-03-2013-security-for-indu">SR 2.2</reference>
          <reference href="https://www.isa.org/products/ansi-isa-62443-3-3-99-03-03-2013-security-for-indu">SR 2.3</reference>
          <reference href="https://www.isa.org/products/ansi-isa-62443-3-3-99-03-03-2013-security-for-indu">SR 2.4</reference>
          <reference href="https://www.isa.org/products/ansi-isa-62443-3-3-99-03-03-2013-security-for-indu">SR 2.5</reference>
          <reference href="https://www.isa.org/products/ansi-isa-62443-3-3-99-03-03-2013-security-for-indu">SR 2.6</reference>
          <reference href="https://www.isa.org/products/ansi-isa-62443-3-3-99-03-03-2013-security-for-indu">SR 2.7</reference>
          <reference href="https://www.isa.org/products/ansi-isa-62443-3-3-99-03-03-2013-security-for-indu">SR 7.6</reference>
          <reference href="https://www.iso.org/contents/data/standard/05/45/54534.html">A.12.1.2</reference>
          <reference href="https://www.iso.org/contents/data/standard/05/45/54534.html">A.12.5.1</reference>
          <reference href="https://www.iso.org/contents/data/standard/05/45/54534.html">A.12.6.2</reference>
          <reference href="https://www.iso.org/contents/data/standard/05/45/54534.html">A.14.2.2</reference>
          <reference href="https://www.iso.org/contents/data/standard/05/45/54534.html">A.14.2.3</reference>
          <reference href="https://www.iso.org/contents/data/standard/05/45/54534.html">A.14.2.4</reference>
          <reference href="https://www.iso.org/contents/data/standard/05/45/54534.html">A.9.1.2</reference>
          <reference href="http://nvlpubs.nist.gov/nistpubs/SpecialPublications/NIST.SP.800-53r4.pdf">CM-7(a)</reference>
          <reference href="http://nvlpubs.nist.gov/nistpubs/SpecialPublications/NIST.SP.800-53r4.pdf">CM-7(b)</reference>
          <reference href="http://nvlpubs.nist.gov/nistpubs/SpecialPublications/NIST.SP.800-53r4.pdf">CM-6(a)</reference>
          <reference href="https://nvlpubs.nist.gov/nistpubs/CSWP/NIST.CSWP.04162018.pdf">PR.IP-1</reference>
          <reference href="https://nvlpubs.nist.gov/nistpubs/CSWP/NIST.CSWP.04162018.pdf">PR.PT-3</reference>
          <rationale xmlns:xhtml="http://www.w3.org/1999/xhtml" xml:lang="en-US">This helps ensure that no record will be published by Avahi.</rationale>
        </Rule>
      </Group>
      <Group id="xccdf_org.ssgproject.content_group_disable_avahi_group">
        <title xmlns:xhtml="http://www.w3.org/1999/xhtml" xml:lang="en-US">Disable Avahi Server if Possible</title>
        <description xmlns:xhtml="http://www.w3.org/1999/xhtml" xml:lang="en-US">Because the Avahi daemon service keeps an open network
port, it is subject to network attacks.
Disabling it can reduce the system's vulnerability to such attacks.</description>
        <Rule id="xccdf_org.ssgproject.content_rule_package_avahi-autoipd_removed" selected="false" role="full" severity="medium">
          <title xmlns:xhtml="http://www.w3.org/1999/xhtml" xml:lang="en-US">Uninstall avahi-autoipd Server Package</title>
          <description xmlns:xhtml="http://www.w3.org/1999/xhtml" xml:lang="en-US">If the system does not need to have an Avahi server which implements 
the DNS Service Discovery and Multicast DNS protocols,
the avahi-autoipd and avahi packages can be uninstalled.</description>
          <reference href="https://www.cisecurity.org/controls/">11</reference>
          <reference href="https://www.cisecurity.org/controls/">14</reference>
          <reference href="https://www.cisecurity.org/controls/">3</reference>
          <reference href="https://www.cisecurity.org/controls/">9</reference>
          <reference href="https://www.isaca.org/resources/cobit">BAI10.01</reference>
          <reference href="https://www.isaca.org/resources/cobit">BAI10.02</reference>
          <reference href="https://www.isaca.org/resources/cobit">BAI10.03</reference>
          <reference href="https://www.isaca.org/resources/cobit">BAI10.05</reference>
          <reference href="https://www.isaca.org/resources/cobit">DSS05.02</reference>
          <reference href="https://www.isaca.org/resources/cobit">DSS05.05</reference>
          <reference href="https://www.isaca.org/resources/cobit">DSS06.06</reference>
          <reference href="https://www.isa.org/products/isa-62443-2-1-2009-security-for-industrial-automat">4.3.3.5.1</reference>
          <reference href="https://www.isa.org/products/isa-62443-2-1-2009-security-for-industrial-automat">4.3.3.5.2</reference>
          <reference href="https://www.isa.org/products/isa-62443-2-1-2009-security-for-industrial-automat">4.3.3.5.3</reference>
          <reference href="https://www.isa.org/products/isa-62443-2-1-2009-security-for-industrial-automat">4.3.3.5.4</reference>
          <reference href="https://www.isa.org/products/isa-62443-2-1-2009-security-for-industrial-automat">4.3.3.5.5</reference>
          <reference href="https://www.isa.org/products/isa-62443-2-1-2009-security-for-industrial-automat">4.3.3.5.6</reference>
          <reference href="https://www.isa.org/products/isa-62443-2-1-2009-security-for-industrial-automat">4.3.3.5.7</reference>
          <reference href="https://www.isa.org/products/isa-62443-2-1-2009-security-for-industrial-automat">4.3.3.5.8</reference>
          <reference href="https://www.isa.org/products/isa-62443-2-1-2009-security-for-industrial-automat">4.3.3.6.1</reference>
          <reference href="https://www.isa.org/products/isa-62443-2-1-2009-security-for-industrial-automat">4.3.3.6.2</reference>
          <reference href="https://www.isa.org/products/isa-62443-2-1-2009-security-for-industrial-automat">4.3.3.6.3</reference>
          <reference href="https://www.isa.org/products/isa-62443-2-1-2009-security-for-industrial-automat">4.3.3.6.4</reference>
          <reference href="https://www.isa.org/products/isa-62443-2-1-2009-security-for-industrial-automat">4.3.3.6.5</reference>
          <reference href="https://www.isa.org/products/isa-62443-2-1-2009-security-for-industrial-automat">4.3.3.6.6</reference>
          <reference href="https://www.isa.org/products/isa-62443-2-1-2009-security-for-industrial-automat">4.3.3.6.7</reference>
          <reference href="https://www.isa.org/products/isa-62443-2-1-2009-security-for-industrial-automat">4.3.3.6.8</reference>
          <reference href="https://www.isa.org/products/isa-62443-2-1-2009-security-for-industrial-automat">4.3.3.6.9</reference>
          <reference href="https://www.isa.org/products/isa-62443-2-1-2009-security-for-industrial-automat">4.3.3.7.1</reference>
          <reference href="https://www.isa.org/products/isa-62443-2-1-2009-security-for-industrial-automat">4.3.3.7.2</reference>
          <reference href="https://www.isa.org/products/isa-62443-2-1-2009-security-for-industrial-automat">4.3.3.7.3</reference>
          <reference href="https://www.isa.org/products/isa-62443-2-1-2009-security-for-industrial-automat">4.3.3.7.4</reference>
          <reference href="https://www.isa.org/products/isa-62443-2-1-2009-security-for-industrial-automat">4.3.4.3.2</reference>
          <reference href="https://www.isa.org/products/isa-62443-2-1-2009-security-for-industrial-automat">4.3.4.3.3</reference>
          <reference href="https://www.isa.org/products/ansi-isa-62443-3-3-99-03-03-2013-security-for-indu">SR 1.1</reference>
          <reference href="https://www.isa.org/products/ansi-isa-62443-3-3-99-03-03-2013-security-for-indu">SR 1.10</reference>
          <reference href="https://www.isa.org/products/ansi-isa-62443-3-3-99-03-03-2013-security-for-indu">SR 1.11</reference>
          <reference href="https://www.isa.org/products/ansi-isa-62443-3-3-99-03-03-2013-security-for-indu">SR 1.12</reference>
          <reference href="https://www.isa.org/products/ansi-isa-62443-3-3-99-03-03-2013-security-for-indu">SR 1.13</reference>
          <reference href="https://www.isa.org/products/ansi-isa-62443-3-3-99-03-03-2013-security-for-indu">SR 1.2</reference>
          <reference href="https://www.isa.org/products/ansi-isa-62443-3-3-99-03-03-2013-security-for-indu">SR 1.3</reference>
          <reference href="https://www.isa.org/products/ansi-isa-62443-3-3-99-03-03-2013-security-for-indu">SR 1.4</reference>
          <reference href="https://www.isa.org/products/ansi-isa-62443-3-3-99-03-03-2013-security-for-indu">SR 1.5</reference>
          <reference href="https://www.isa.org/products/ansi-isa-62443-3-3-99-03-03-2013-security-for-indu">SR 1.6</reference>
          <reference href="https://www.isa.org/products/ansi-isa-62443-3-3-99-03-03-2013-security-for-indu">SR 1.7</reference>
          <reference href="https://www.isa.org/products/ansi-isa-62443-3-3-99-03-03-2013-security-for-indu">SR 1.8</reference>
          <reference href="https://www.isa.org/products/ansi-isa-62443-3-3-99-03-03-2013-security-for-indu">SR 1.9</reference>
          <reference href="https://www.isa.org/products/ansi-isa-62443-3-3-99-03-03-2013-security-for-indu">SR 2.1</reference>
          <reference href="https://www.isa.org/products/ansi-isa-62443-3-3-99-03-03-2013-security-for-indu">SR 2.2</reference>
          <reference href="https://www.isa.org/products/ansi-isa-62443-3-3-99-03-03-2013-security-for-indu">SR 2.3</reference>
          <reference href="https://www.isa.org/products/ansi-isa-62443-3-3-99-03-03-2013-security-for-indu">SR 2.4</reference>
          <reference href="https://www.isa.org/products/ansi-isa-62443-3-3-99-03-03-2013-security-for-indu">SR 2.5</reference>
          <reference href="https://www.isa.org/products/ansi-isa-62443-3-3-99-03-03-2013-security-for-indu">SR 2.6</reference>
          <reference href="https://www.isa.org/products/ansi-isa-62443-3-3-99-03-03-2013-security-for-indu">SR 2.7</reference>
          <reference href="https://www.isa.org/products/ansi-isa-62443-3-3-99-03-03-2013-security-for-indu">SR 7.6</reference>
          <reference href="https://www.iso.org/contents/data/standard/05/45/54534.html">A.12.1.2</reference>
          <reference href="https://www.iso.org/contents/data/standard/05/45/54534.html">A.12.5.1</reference>
          <reference href="https://www.iso.org/contents/data/standard/05/45/54534.html">A.12.6.2</reference>
          <reference href="https://www.iso.org/contents/data/standard/05/45/54534.html">A.14.2.2</reference>
          <reference href="https://www.iso.org/contents/data/standard/05/45/54534.html">A.14.2.3</reference>
          <reference href="https://www.iso.org/contents/data/standard/05/45/54534.html">A.14.2.4</reference>
          <reference href="https://www.iso.org/contents/data/standard/05/45/54534.html">A.9.1.2</reference>
          <reference href="http://nvlpubs.nist.gov/nistpubs/SpecialPublications/NIST.SP.800-53r4.pdf">CM-7(a)</reference>
          <reference href="http://nvlpubs.nist.gov/nistpubs/SpecialPublications/NIST.SP.800-53r4.pdf">CM-7(b)</reference>
          <reference href="http://nvlpubs.nist.gov/nistpubs/SpecialPublications/NIST.SP.800-53r4.pdf">CM-6(a)</reference>
          <reference href="https://nvlpubs.nist.gov/nistpubs/CSWP/NIST.CSWP.04162018.pdf">PR.IP-1</reference>
          <reference href="https://nvlpubs.nist.gov/nistpubs/CSWP/NIST.CSWP.04162018.pdf">PR.PT-3</reference>
          <reference href="https://www.cisecurity.org/benchmark/suse_linux/">2.2.3</reference>
          <reference href="not_publicly_available">SLES-15-300150030</reference>
          <rationale xmlns:xhtml="http://www.w3.org/1999/xhtml" xml:lang="en-US">Automatic discovery of network services is not normally required for 
system functionality. It is recommended to remove this package to reduce 
the potential attack surface.</rationale>
          <ident system="https://ncp.nist.gov/cce">CCE-92465-4</ident>
          <fix xmlns:xhtml="http://www.w3.org/1999/xhtml" id="package_avahi-autoipd_removed" system="urn:xccdf:fix:script:puppet" complexity="low" disruption="low" strategy="disable">
include remove_avahi-autoipd

class remove_avahi-autoipd {
  package { 'avahi-autoipd':
    ensure =&gt; 'purged',
  }
}
</fix>
          <fix xmlns:xhtml="http://www.w3.org/1999/xhtml" id="package_avahi-autoipd_removed" system="urn:xccdf:fix:script:sh" complexity="low" disruption="low" strategy="disable">
# CAUTION: This remediation script will remove avahi-autoipd
# from the system, and may remove any packages
# that depend on avahi-autoipd. Execute this
# remediation AFTER testing on a non-production
# system!


zypper remove -y "avahi-autoipd"
</fix>
          <fix xmlns:xhtml="http://www.w3.org/1999/xhtml" id="package_avahi-autoipd_removed" system="urn:xccdf:fix:script:ansible" complexity="low" disruption="low" strategy="disable">- name: 'Uninstall avahi-autoipd Server Package: Ensure avahi-autoipd is removed'
  ansible.builtin.package:
    name: avahi-autoipd
    state: absent
  tags:
  - CCE-92465-4
  - NIST-800-53-CM-6(a)
  - NIST-800-53-CM-7(a)
  - NIST-800-53-CM-7(b)
  - disable_strategy
  - low_complexity
  - low_disruption
  - medium_severity
  - no_reboot_needed
  - package_avahi-autoipd_removed
</fix>
          <check system="http://oval.mitre.org/XMLSchema/oval-definitions-5">
            <check-content-ref name="oval:ssg-package_avahi-autoipd_removed:def:1" href="ssg-sle15-oval.xml"/>
          </check>
          <check system="http://scap.nist.gov/schema/ocil/2">
            <check-content-ref name="ocil:ssg-package_avahi-autoipd_removed_ocil:questionnaire:1" href="ssg-sle15-ocil.xml"/>
          </check>
        </Rule>
        <Rule id="xccdf_org.ssgproject.content_rule_package_avahi_removed" selected="false" role="full" severity="medium">
          <title xmlns:xhtml="http://www.w3.org/1999/xhtml" xml:lang="en-US">Uninstall avahi Server Package</title>
          <description xmlns:xhtml="http://www.w3.org/1999/xhtml" xml:lang="en-US">If the system does not need to have an Avahi server which implements
the DNS Service Discovery and Multicast DNS protocols,
the avahi-autoipd and avahi packages can be uninstalled.</description>
          <reference href="https://www.cisecurity.org/controls/">11</reference>
          <reference href="https://www.cisecurity.org/controls/">14</reference>
          <reference href="https://www.cisecurity.org/controls/">3</reference>
          <reference href="https://www.cisecurity.org/controls/">9</reference>
          <reference href="https://www.isaca.org/resources/cobit">BAI10.01</reference>
          <reference href="https://www.isaca.org/resources/cobit">BAI10.02</reference>
          <reference href="https://www.isaca.org/resources/cobit">BAI10.03</reference>
          <reference href="https://www.isaca.org/resources/cobit">BAI10.05</reference>
          <reference href="https://www.isaca.org/resources/cobit">DSS05.02</reference>
          <reference href="https://www.isaca.org/resources/cobit">DSS05.05</reference>
          <reference href="https://www.isaca.org/resources/cobit">DSS06.06</reference>
          <reference href="https://www.isa.org/products/isa-62443-2-1-2009-security-for-industrial-automat">4.3.3.5.1</reference>
          <reference href="https://www.isa.org/products/isa-62443-2-1-2009-security-for-industrial-automat">4.3.3.5.2</reference>
          <reference href="https://www.isa.org/products/isa-62443-2-1-2009-security-for-industrial-automat">4.3.3.5.3</reference>
          <reference href="https://www.isa.org/products/isa-62443-2-1-2009-security-for-industrial-automat">4.3.3.5.4</reference>
          <reference href="https://www.isa.org/products/isa-62443-2-1-2009-security-for-industrial-automat">4.3.3.5.5</reference>
          <reference href="https://www.isa.org/products/isa-62443-2-1-2009-security-for-industrial-automat">4.3.3.5.6</reference>
          <reference href="https://www.isa.org/products/isa-62443-2-1-2009-security-for-industrial-automat">4.3.3.5.7</reference>
          <reference href="https://www.isa.org/products/isa-62443-2-1-2009-security-for-industrial-automat">4.3.3.5.8</reference>
          <reference href="https://www.isa.org/products/isa-62443-2-1-2009-security-for-industrial-automat">4.3.3.6.1</reference>
          <reference href="https://www.isa.org/products/isa-62443-2-1-2009-security-for-industrial-automat">4.3.3.6.2</reference>
          <reference href="https://www.isa.org/products/isa-62443-2-1-2009-security-for-industrial-automat">4.3.3.6.3</reference>
          <reference href="https://www.isa.org/products/isa-62443-2-1-2009-security-for-industrial-automat">4.3.3.6.4</reference>
          <reference href="https://www.isa.org/products/isa-62443-2-1-2009-security-for-industrial-automat">4.3.3.6.5</reference>
          <reference href="https://www.isa.org/products/isa-62443-2-1-2009-security-for-industrial-automat">4.3.3.6.6</reference>
          <reference href="https://www.isa.org/products/isa-62443-2-1-2009-security-for-industrial-automat">4.3.3.6.7</reference>
          <reference href="https://www.isa.org/products/isa-62443-2-1-2009-security-for-industrial-automat">4.3.3.6.8</reference>
          <reference href="https://www.isa.org/products/isa-62443-2-1-2009-security-for-industrial-automat">4.3.3.6.9</reference>
          <reference href="https://www.isa.org/products/isa-62443-2-1-2009-security-for-industrial-automat">4.3.3.7.1</reference>
          <reference href="https://www.isa.org/products/isa-62443-2-1-2009-security-for-industrial-automat">4.3.3.7.2</reference>
          <reference href="https://www.isa.org/products/isa-62443-2-1-2009-security-for-industrial-automat">4.3.3.7.3</reference>
          <reference href="https://www.isa.org/products/isa-62443-2-1-2009-security-for-industrial-automat">4.3.3.7.4</reference>
          <reference href="https://www.isa.org/products/isa-62443-2-1-2009-security-for-industrial-automat">4.3.4.3.2</reference>
          <reference href="https://www.isa.org/products/isa-62443-2-1-2009-security-for-industrial-automat">4.3.4.3.3</reference>
          <reference href="https://www.isa.org/products/ansi-isa-62443-3-3-99-03-03-2013-security-for-indu">SR 1.1</reference>
          <reference href="https://www.isa.org/products/ansi-isa-62443-3-3-99-03-03-2013-security-for-indu">SR 1.10</reference>
          <reference href="https://www.isa.org/products/ansi-isa-62443-3-3-99-03-03-2013-security-for-indu">SR 1.11</reference>
          <reference href="https://www.isa.org/products/ansi-isa-62443-3-3-99-03-03-2013-security-for-indu">SR 1.12</reference>
          <reference href="https://www.isa.org/products/ansi-isa-62443-3-3-99-03-03-2013-security-for-indu">SR 1.13</reference>
          <reference href="https://www.isa.org/products/ansi-isa-62443-3-3-99-03-03-2013-security-for-indu">SR 1.2</reference>
          <reference href="https://www.isa.org/products/ansi-isa-62443-3-3-99-03-03-2013-security-for-indu">SR 1.3</reference>
          <reference href="https://www.isa.org/products/ansi-isa-62443-3-3-99-03-03-2013-security-for-indu">SR 1.4</reference>
          <reference href="https://www.isa.org/products/ansi-isa-62443-3-3-99-03-03-2013-security-for-indu">SR 1.5</reference>
          <reference href="https://www.isa.org/products/ansi-isa-62443-3-3-99-03-03-2013-security-for-indu">SR 1.6</reference>
          <reference href="https://www.isa.org/products/ansi-isa-62443-3-3-99-03-03-2013-security-for-indu">SR 1.7</reference>
          <reference href="https://www.isa.org/products/ansi-isa-62443-3-3-99-03-03-2013-security-for-indu">SR 1.8</reference>
          <reference href="https://www.isa.org/products/ansi-isa-62443-3-3-99-03-03-2013-security-for-indu">SR 1.9</reference>
          <reference href="https://www.isa.org/products/ansi-isa-62443-3-3-99-03-03-2013-security-for-indu">SR 2.1</reference>
          <reference href="https://www.isa.org/products/ansi-isa-62443-3-3-99-03-03-2013-security-for-indu">SR 2.2</reference>
          <reference href="https://www.isa.org/products/ansi-isa-62443-3-3-99-03-03-2013-security-for-indu">SR 2.3</reference>
          <reference href="https://www.isa.org/products/ansi-isa-62443-3-3-99-03-03-2013-security-for-indu">SR 2.4</reference>
          <reference href="https://www.isa.org/products/ansi-isa-62443-3-3-99-03-03-2013-security-for-indu">SR 2.5</reference>
          <reference href="https://www.isa.org/products/ansi-isa-62443-3-3-99-03-03-2013-security-for-indu">SR 2.6</reference>
          <reference href="https://www.isa.org/products/ansi-isa-62443-3-3-99-03-03-2013-security-for-indu">SR 2.7</reference>
          <reference href="https://www.isa.org/products/ansi-isa-62443-3-3-99-03-03-2013-security-for-indu">SR 7.6</reference>
          <reference href="https://www.iso.org/contents/data/standard/05/45/54534.html">A.12.1.2</reference>
          <reference href="https://www.iso.org/contents/data/standard/05/45/54534.html">A.12.5.1</reference>
          <reference href="https://www.iso.org/contents/data/standard/05/45/54534.html">A.12.6.2</reference>
          <reference href="https://www.iso.org/contents/data/standard/05/45/54534.html">A.14.2.2</reference>
          <reference href="https://www.iso.org/contents/data/standard/05/45/54534.html">A.14.2.3</reference>
          <reference href="https://www.iso.org/contents/data/standard/05/45/54534.html">A.14.2.4</reference>
          <reference href="https://www.iso.org/contents/data/standard/05/45/54534.html">A.9.1.2</reference>
          <reference href="http://nvlpubs.nist.gov/nistpubs/SpecialPublications/NIST.SP.800-53r4.pdf">CM-7(a)</reference>
          <reference href="http://nvlpubs.nist.gov/nistpubs/SpecialPublications/NIST.SP.800-53r4.pdf">CM-7(b)</reference>
          <reference href="http://nvlpubs.nist.gov/nistpubs/SpecialPublications/NIST.SP.800-53r4.pdf">CM-6(a)</reference>
          <reference href="https://nvlpubs.nist.gov/nistpubs/CSWP/NIST.CSWP.04162018.pdf">PR.IP-1</reference>
          <reference href="https://nvlpubs.nist.gov/nistpubs/CSWP/NIST.CSWP.04162018.pdf">PR.PT-3</reference>
          <reference href="https://www.cisecurity.org/benchmark/suse_linux/">2.2.3</reference>
          <reference href="not_publicly_available">SLES-15-300150030</reference>
          <rationale xmlns:xhtml="http://www.w3.org/1999/xhtml" xml:lang="en-US">Automatic discovery of network services is not normally required for
system functionality. It is recommended to remove this package to reduce
the potential attack surface.</rationale>
          <ident system="https://ncp.nist.gov/cce">CCE-92464-7</ident>
          <fix xmlns:xhtml="http://www.w3.org/1999/xhtml" id="package_avahi_removed" system="urn:xccdf:fix:script:puppet" complexity="low" disruption="low" strategy="disable">
include remove_avahi

class remove_avahi {
  package { 'avahi':
    ensure =&gt; 'purged',
  }
}
</fix>
          <fix xmlns:xhtml="http://www.w3.org/1999/xhtml" id="package_avahi_removed" system="urn:xccdf:fix:script:sh" complexity="low" disruption="low" strategy="disable">
# CAUTION: This remediation script will remove avahi
# from the system, and may remove any packages
# that depend on avahi. Execute this
# remediation AFTER testing on a non-production
# system!


zypper remove -y "avahi"
</fix>
          <fix xmlns:xhtml="http://www.w3.org/1999/xhtml" id="package_avahi_removed" system="urn:xccdf:fix:script:ansible" complexity="low" disruption="low" strategy="disable">- name: 'Uninstall avahi Server Package: Ensure avahi is removed'
  ansible.builtin.package:
    name: avahi
    state: absent
  tags:
  - CCE-92464-7
  - NIST-800-53-CM-6(a)
  - NIST-800-53-CM-7(a)
  - NIST-800-53-CM-7(b)
  - disable_strategy
  - low_complexity
  - low_disruption
  - medium_severity
  - no_reboot_needed
  - package_avahi_removed
</fix>
          <check system="http://oval.mitre.org/XMLSchema/oval-definitions-5">
            <check-content-ref name="oval:ssg-package_avahi_removed:def:1" href="ssg-sle15-oval.xml"/>
          </check>
          <check system="http://scap.nist.gov/schema/ocil/2">
            <check-content-ref name="ocil:ssg-package_avahi_removed_ocil:questionnaire:1" href="ssg-sle15-ocil.xml"/>
          </check>
        </Rule>
        <Rule id="xccdf_org.ssgproject.content_rule_service_avahi-daemon_disabled" selected="false" role="full" severity="medium">
          <title xmlns:xhtml="http://www.w3.org/1999/xhtml" xml:lang="en-US">Disable Avahi Server Software</title>
          <description xmlns:xhtml="http://www.w3.org/1999/xhtml" xml:lang="en-US">
The <html:code xmlns:html="http://www.w3.org/1999/xhtml">avahi-daemon</html:code> service can be disabled with the following command:
<html:pre xmlns:html="http://www.w3.org/1999/xhtml">$ sudo systemctl mask --now avahi-daemon.service</html:pre>
       </description>
          <reference href="https://www.cisecurity.org/controls/">11</reference>
          <reference href="https://www.cisecurity.org/controls/">14</reference>
          <reference href="https://www.cisecurity.org/controls/">3</reference>
          <reference href="https://www.cisecurity.org/controls/">9</reference>
          <reference href="https://www.isaca.org/resources/cobit">BAI10.01</reference>
          <reference href="https://www.isaca.org/resources/cobit">BAI10.02</reference>
          <reference href="https://www.isaca.org/resources/cobit">BAI10.03</reference>
          <reference href="https://www.isaca.org/resources/cobit">BAI10.05</reference>
          <reference href="https://www.isaca.org/resources/cobit">DSS05.02</reference>
          <reference href="https://www.isaca.org/resources/cobit">DSS05.05</reference>
          <reference href="https://www.isaca.org/resources/cobit">DSS06.06</reference>
          <reference href="https://www.isa.org/products/isa-62443-2-1-2009-security-for-industrial-automat">4.3.3.5.1</reference>
          <reference href="https://www.isa.org/products/isa-62443-2-1-2009-security-for-industrial-automat">4.3.3.5.2</reference>
          <reference href="https://www.isa.org/products/isa-62443-2-1-2009-security-for-industrial-automat">4.3.3.5.3</reference>
          <reference href="https://www.isa.org/products/isa-62443-2-1-2009-security-for-industrial-automat">4.3.3.5.4</reference>
          <reference href="https://www.isa.org/products/isa-62443-2-1-2009-security-for-industrial-automat">4.3.3.5.5</reference>
          <reference href="https://www.isa.org/products/isa-62443-2-1-2009-security-for-industrial-automat">4.3.3.5.6</reference>
          <reference href="https://www.isa.org/products/isa-62443-2-1-2009-security-for-industrial-automat">4.3.3.5.7</reference>
          <reference href="https://www.isa.org/products/isa-62443-2-1-2009-security-for-industrial-automat">4.3.3.5.8</reference>
          <reference href="https://www.isa.org/products/isa-62443-2-1-2009-security-for-industrial-automat">4.3.3.6.1</reference>
          <reference href="https://www.isa.org/products/isa-62443-2-1-2009-security-for-industrial-automat">4.3.3.6.2</reference>
          <reference href="https://www.isa.org/products/isa-62443-2-1-2009-security-for-industrial-automat">4.3.3.6.3</reference>
          <reference href="https://www.isa.org/products/isa-62443-2-1-2009-security-for-industrial-automat">4.3.3.6.4</reference>
          <reference href="https://www.isa.org/products/isa-62443-2-1-2009-security-for-industrial-automat">4.3.3.6.5</reference>
          <reference href="https://www.isa.org/products/isa-62443-2-1-2009-security-for-industrial-automat">4.3.3.6.6</reference>
          <reference href="https://www.isa.org/products/isa-62443-2-1-2009-security-for-industrial-automat">4.3.3.6.7</reference>
          <reference href="https://www.isa.org/products/isa-62443-2-1-2009-security-for-industrial-automat">4.3.3.6.8</reference>
          <reference href="https://www.isa.org/products/isa-62443-2-1-2009-security-for-industrial-automat">4.3.3.6.9</reference>
          <reference href="https://www.isa.org/products/isa-62443-2-1-2009-security-for-industrial-automat">4.3.3.7.1</reference>
          <reference href="https://www.isa.org/products/isa-62443-2-1-2009-security-for-industrial-automat">4.3.3.7.2</reference>
          <reference href="https://www.isa.org/products/isa-62443-2-1-2009-security-for-industrial-automat">4.3.3.7.3</reference>
          <reference href="https://www.isa.org/products/isa-62443-2-1-2009-security-for-industrial-automat">4.3.3.7.4</reference>
          <reference href="https://www.isa.org/products/isa-62443-2-1-2009-security-for-industrial-automat">4.3.4.3.2</reference>
          <reference href="https://www.isa.org/products/isa-62443-2-1-2009-security-for-industrial-automat">4.3.4.3.3</reference>
          <reference href="https://www.isa.org/products/ansi-isa-62443-3-3-99-03-03-2013-security-for-indu">SR 1.1</reference>
          <reference href="https://www.isa.org/products/ansi-isa-62443-3-3-99-03-03-2013-security-for-indu">SR 1.10</reference>
          <reference href="https://www.isa.org/products/ansi-isa-62443-3-3-99-03-03-2013-security-for-indu">SR 1.11</reference>
          <reference href="https://www.isa.org/products/ansi-isa-62443-3-3-99-03-03-2013-security-for-indu">SR 1.12</reference>
          <reference href="https://www.isa.org/products/ansi-isa-62443-3-3-99-03-03-2013-security-for-indu">SR 1.13</reference>
          <reference href="https://www.isa.org/products/ansi-isa-62443-3-3-99-03-03-2013-security-for-indu">SR 1.2</reference>
          <reference href="https://www.isa.org/products/ansi-isa-62443-3-3-99-03-03-2013-security-for-indu">SR 1.3</reference>
          <reference href="https://www.isa.org/products/ansi-isa-62443-3-3-99-03-03-2013-security-for-indu">SR 1.4</reference>
          <reference href="https://www.isa.org/products/ansi-isa-62443-3-3-99-03-03-2013-security-for-indu">SR 1.5</reference>
          <reference href="https://www.isa.org/products/ansi-isa-62443-3-3-99-03-03-2013-security-for-indu">SR 1.6</reference>
          <reference href="https://www.isa.org/products/ansi-isa-62443-3-3-99-03-03-2013-security-for-indu">SR 1.7</reference>
          <reference href="https://www.isa.org/products/ansi-isa-62443-3-3-99-03-03-2013-security-for-indu">SR 1.8</reference>
          <reference href="https://www.isa.org/products/ansi-isa-62443-3-3-99-03-03-2013-security-for-indu">SR 1.9</reference>
          <reference href="https://www.isa.org/products/ansi-isa-62443-3-3-99-03-03-2013-security-for-indu">SR 2.1</reference>
          <reference href="https://www.isa.org/products/ansi-isa-62443-3-3-99-03-03-2013-security-for-indu">SR 2.2</reference>
          <reference href="https://www.isa.org/products/ansi-isa-62443-3-3-99-03-03-2013-security-for-indu">SR 2.3</reference>
          <reference href="https://www.isa.org/products/ansi-isa-62443-3-3-99-03-03-2013-security-for-indu">SR 2.4</reference>
          <reference href="https://www.isa.org/products/ansi-isa-62443-3-3-99-03-03-2013-security-for-indu">SR 2.5</reference>
          <reference href="https://www.isa.org/products/ansi-isa-62443-3-3-99-03-03-2013-security-for-indu">SR 2.6</reference>
          <reference href="https://www.isa.org/products/ansi-isa-62443-3-3-99-03-03-2013-security-for-indu">SR 2.7</reference>
          <reference href="https://www.isa.org/products/ansi-isa-62443-3-3-99-03-03-2013-security-for-indu">SR 7.6</reference>
          <reference href="https://www.iso.org/contents/data/standard/05/45/54534.html">A.12.1.2</reference>
          <reference href="https://www.iso.org/contents/data/standard/05/45/54534.html">A.12.5.1</reference>
          <reference href="https://www.iso.org/contents/data/standard/05/45/54534.html">A.12.6.2</reference>
          <reference href="https://www.iso.org/contents/data/standard/05/45/54534.html">A.14.2.2</reference>
          <reference href="https://www.iso.org/contents/data/standard/05/45/54534.html">A.14.2.3</reference>
          <reference href="https://www.iso.org/contents/data/standard/05/45/54534.html">A.14.2.4</reference>
          <reference href="https://www.iso.org/contents/data/standard/05/45/54534.html">A.9.1.2</reference>
          <reference href="http://nvlpubs.nist.gov/nistpubs/SpecialPublications/NIST.SP.800-53r4.pdf">CM-7(a)</reference>
          <reference href="http://nvlpubs.nist.gov/nistpubs/SpecialPublications/NIST.SP.800-53r4.pdf">CM-7(b)</reference>
          <reference href="http://nvlpubs.nist.gov/nistpubs/SpecialPublications/NIST.SP.800-53r4.pdf">CM-6(a)</reference>
          <reference href="https://nvlpubs.nist.gov/nistpubs/CSWP/NIST.CSWP.04162018.pdf">PR.IP-1</reference>
          <reference href="https://nvlpubs.nist.gov/nistpubs/CSWP/NIST.CSWP.04162018.pdf">PR.PT-3</reference>
          <reference href="https://www.cisecurity.org/benchmark/suse_linux/">2.2.3</reference>
          <reference href="not_publicly_available">SLES-15-300150030</reference>
          <reference href="https://www.cyber.gov.au/acsc/view-all-content/ism">1409</reference>
          <reference href="https://docs-prv.pcisecuritystandards.org/PCI%20DSS/Standard/PCI-DSS-v4_0.pdf">2.2.4</reference>
          <reference href="https://docs-prv.pcisecuritystandards.org/PCI%20DSS/Standard/PCI-DSS-v4_0.pdf">2.2</reference>
          <rationale xmlns:xhtml="http://www.w3.org/1999/xhtml" xml:lang="en-US">Because the Avahi daemon service keeps an open network
port, it is subject to network attacks. Its functionality
is convenient but is only appropriate if the local network
can be trusted.</rationale>
          <platform idref="#package_avahi_and_system_with_kernel"/>
          <ident system="https://ncp.nist.gov/cce">CCE-91321-0</ident>
          <fix xmlns:xhtml="http://www.w3.org/1999/xhtml" id="service_avahi-daemon_disabled" system="urn:xccdf:fix:script:puppet" complexity="low" disruption="low" strategy="enable">include disable_avahi-daemon

class disable_avahi-daemon {
  service {'avahi-daemon':
    enable =&gt; false,
    ensure =&gt; 'stopped',
  }
}
</fix>
          <fix xmlns:xhtml="http://www.w3.org/1999/xhtml" id="service_avahi-daemon_disabled" system="urn:xccdf:fix:script:sh" complexity="low" disruption="low" strategy="disable"># Remediation is applicable only in certain platforms
if ( rpm --quiet -q avahi &amp;&amp; rpm --quiet -q kernel-default || rpm --quiet -q kernel-default-base ); then

SYSTEMCTL_EXEC='/usr/bin/systemctl'
if [[ $("$SYSTEMCTL_EXEC" is-system-running) != "offline" ]]; then
  "$SYSTEMCTL_EXEC" stop 'avahi-daemon.service'
fi
"$SYSTEMCTL_EXEC" disable 'avahi-daemon.service'
"$SYSTEMCTL_EXEC" mask 'avahi-daemon.service'
# Disable socket activation if we have a unit file for it
if "$SYSTEMCTL_EXEC" -q list-unit-files avahi-daemon.socket; then
    if [[ $("$SYSTEMCTL_EXEC" is-system-running) != "offline" ]]; then
      "$SYSTEMCTL_EXEC" stop 'avahi-daemon.socket'
    fi
    "$SYSTEMCTL_EXEC" mask 'avahi-daemon.socket'
fi
# The service may not be running because it has been started and failed,
# so let's reset the state so OVAL checks pass.
# Service should be 'inactive', not 'failed' after reboot though.
"$SYSTEMCTL_EXEC" reset-failed 'avahi-daemon.service' || true

else
    &gt;&amp;2 echo 'Remediation is not applicable, nothing was done'
fi
</fix>
          <fix xmlns:xhtml="http://www.w3.org/1999/xhtml" id="service_avahi-daemon_disabled" system="urn:redhat:osbuild:blueprint">
[customizations.services]
masked = ["avahi-daemon"]
</fix>
          <fix xmlns:xhtml="http://www.w3.org/1999/xhtml" id="service_avahi-daemon_disabled" system="urn:xccdf:fix:script:ansible" complexity="low" disruption="low" strategy="disable">- name: Gather the package facts
  package_facts:
    manager: auto
  tags:
  - CCE-91321-0
  - NIST-800-53-CM-6(a)
  - NIST-800-53-CM-7(a)
  - NIST-800-53-CM-7(b)
  - PCI-DSSv4-2.2
  - PCI-DSSv4-2.2.4
  - disable_strategy
  - low_complexity
  - low_disruption
  - medium_severity
  - no_reboot_needed
  - service_avahi-daemon_disabled

- name: Disable Avahi Server Software - Disable service avahi-daemon
  block:

  - name: Disable Avahi Server Software - Collect systemd Services Present in the
      System
    ansible.builtin.command: systemctl -q list-unit-files --type service
    register: service_exists
    changed_when: false
    failed_when: service_exists.rc not in [0, 1]
    check_mode: false

  - name: Disable Avahi Server Software - Ensure avahi-daemon.service is Masked
    ansible.builtin.systemd:
      name: avahi-daemon.service
      state: stopped
      enabled: false
      masked: true
    when: service_exists.stdout_lines is search("avahi-daemon.service", multiline=True)

  - name: Unit Socket Exists - avahi-daemon.socket
    ansible.builtin.command: systemctl -q list-unit-files avahi-daemon.socket
    register: socket_file_exists
    changed_when: false
    failed_when: socket_file_exists.rc not in [0, 1]
    check_mode: false

  - name: Disable Avahi Server Software - Disable Socket avahi-daemon
    ansible.builtin.systemd:
      name: avahi-daemon.socket
      enabled: false
      state: stopped
      masked: true
    when: socket_file_exists.stdout_lines is search("avahi-daemon.socket", multiline=True)
  tags:
  - CCE-91321-0
  - NIST-800-53-CM-6(a)
  - NIST-800-53-CM-7(a)
  - NIST-800-53-CM-7(b)
  - PCI-DSSv4-2.2
  - PCI-DSSv4-2.2.4
  - disable_strategy
  - low_complexity
  - low_disruption
  - medium_severity
  - no_reboot_needed
  - service_avahi-daemon_disabled
  - special_service_block
  when: ( "avahi" in ansible_facts.packages and ("kernel-default" in ansible_facts.packages
    or "kernel-default-base" in ansible_facts.packages) )
</fix>
          <check system="http://open-scap.org/page/SCE">
            <check-import import-name="stdout">
                </check-import>
            <check-content-ref href="sle15/checks/sce/service_avahi-daemon_disabled.sh"/>
          </check>
          <check system="http://oval.mitre.org/XMLSchema/oval-definitions-5">
            <check-content-ref name="oval:ssg-service_avahi-daemon_disabled:def:1" href="ssg-sle15-oval.xml"/>
          </check>
          <check system="http://scap.nist.gov/schema/ocil/2">
            <check-content-ref name="ocil:ssg-service_avahi-daemon_disabled_ocil:questionnaire:1" href="ssg-sle15-ocil.xml"/>
          </check>
        </Rule>
      </Group>
    </Group>
    <Group id="xccdf_org.ssgproject.content_group_base">
      <title xmlns:xhtml="http://www.w3.org/1999/xhtml" xml:lang="en-US">Base Services</title>
      <description xmlns:xhtml="http://www.w3.org/1999/xhtml" xml:lang="en-US">This section addresses the base services that are installed on a
SUSE Linux Enterprise 15 default installation which are not covered in other
sections. Some of these services listen on the network and
should be treated with particular discretion. Other services are local
system utilities that may or may not be extraneous. In general, system services
should be disabled if not required.</description>
      <Rule id="xccdf_org.ssgproject.content_rule_service_kdump_disabled" selected="false" role="full" severity="medium">
        <title xmlns:xhtml="http://www.w3.org/1999/xhtml" xml:lang="en-US">Disable KDump Kernel Crash Analyzer (kdump)</title>
        <description xmlns:xhtml="http://www.w3.org/1999/xhtml" xml:lang="en-US">The <html:code xmlns:html="http://www.w3.org/1999/xhtml">kdump</html:code> service provides a kernel crash dump analyzer. It uses the <html:code xmlns:html="http://www.w3.org/1999/xhtml">kexec</html:code>
system call to boot a secondary kernel ("capture" kernel) following a system
crash, which can load information from the crashed kernel for analysis.

The <html:code xmlns:html="http://www.w3.org/1999/xhtml">kdump</html:code> service can be disabled with the following command:
<html:pre xmlns:html="http://www.w3.org/1999/xhtml">$ sudo systemctl mask --now kdump.service</html:pre>
      </description>
        <reference href="https://www.cisecurity.org/controls/">11</reference>
        <reference href="https://www.cisecurity.org/controls/">12</reference>
        <reference href="https://www.cisecurity.org/controls/">14</reference>
        <reference href="https://www.cisecurity.org/controls/">15</reference>
        <reference href="https://www.cisecurity.org/controls/">3</reference>
        <reference href="https://www.cisecurity.org/controls/">8</reference>
        <reference href="https://www.cisecurity.org/controls/">9</reference>
        <reference href="https://www.isaca.org/resources/cobit">APO13.01</reference>
        <reference href="https://www.isaca.org/resources/cobit">BAI10.01</reference>
        <reference href="https://www.isaca.org/resources/cobit">BAI10.02</reference>
        <reference href="https://www.isaca.org/resources/cobit">BAI10.03</reference>
        <reference href="https://www.isaca.org/resources/cobit">BAI10.05</reference>
        <reference href="https://www.isaca.org/resources/cobit">DSS01.04</reference>
        <reference href="https://www.isaca.org/resources/cobit">DSS05.02</reference>
        <reference href="https://www.isaca.org/resources/cobit">DSS05.03</reference>
        <reference href="https://www.isaca.org/resources/cobit">DSS05.05</reference>
        <reference href="https://www.isaca.org/resources/cobit">DSS06.06</reference>
        <reference href="https://www.gpo.gov/fdsys/pkg/CFR-2007-title45-vol1/pdf/CFR-2007-title45-vol1-chapA-subchapC.pdf">164.308(a)(1)(ii)(D)</reference>
        <reference href="https://www.gpo.gov/fdsys/pkg/CFR-2007-title45-vol1/pdf/CFR-2007-title45-vol1-chapA-subchapC.pdf">164.308(a)(3)</reference>
        <reference href="https://www.gpo.gov/fdsys/pkg/CFR-2007-title45-vol1/pdf/CFR-2007-title45-vol1-chapA-subchapC.pdf">164.308(a)(4)</reference>
        <reference href="https://www.gpo.gov/fdsys/pkg/CFR-2007-title45-vol1/pdf/CFR-2007-title45-vol1-chapA-subchapC.pdf">164.310(b)</reference>
        <reference href="https://www.gpo.gov/fdsys/pkg/CFR-2007-title45-vol1/pdf/CFR-2007-title45-vol1-chapA-subchapC.pdf">164.310(c)</reference>
        <reference href="https://www.gpo.gov/fdsys/pkg/CFR-2007-title45-vol1/pdf/CFR-2007-title45-vol1-chapA-subchapC.pdf">164.312(a)</reference>
        <reference href="https://www.gpo.gov/fdsys/pkg/CFR-2007-title45-vol1/pdf/CFR-2007-title45-vol1-chapA-subchapC.pdf">164.312(e)</reference>
        <reference href="https://www.isa.org/products/isa-62443-2-1-2009-security-for-industrial-automat">4.3.3.5.1</reference>
        <reference href="https://www.isa.org/products/isa-62443-2-1-2009-security-for-industrial-automat">4.3.3.5.2</reference>
        <reference href="https://www.isa.org/products/isa-62443-2-1-2009-security-for-industrial-automat">4.3.3.5.3</reference>
        <reference href="https://www.isa.org/products/isa-62443-2-1-2009-security-for-industrial-automat">4.3.3.5.4</reference>
        <reference href="https://www.isa.org/products/isa-62443-2-1-2009-security-for-industrial-automat">4.3.3.5.5</reference>
        <reference href="https://www.isa.org/products/isa-62443-2-1-2009-security-for-industrial-automat">4.3.3.5.6</reference>
        <reference href="https://www.isa.org/products/isa-62443-2-1-2009-security-for-industrial-automat">4.3.3.5.7</reference>
        <reference href="https://www.isa.org/products/isa-62443-2-1-2009-security-for-industrial-automat">4.3.3.5.8</reference>
        <reference href="https://www.isa.org/products/isa-62443-2-1-2009-security-for-industrial-automat">4.3.3.6.1</reference>
        <reference href="https://www.isa.org/products/isa-62443-2-1-2009-security-for-industrial-automat">4.3.3.6.2</reference>
        <reference href="https://www.isa.org/products/isa-62443-2-1-2009-security-for-industrial-automat">4.3.3.6.3</reference>
        <reference href="https://www.isa.org/products/isa-62443-2-1-2009-security-for-industrial-automat">4.3.3.6.4</reference>
        <reference href="https://www.isa.org/products/isa-62443-2-1-2009-security-for-industrial-automat">4.3.3.6.5</reference>
        <reference href="https://www.isa.org/products/isa-62443-2-1-2009-security-for-industrial-automat">4.3.3.6.6</reference>
        <reference href="https://www.isa.org/products/isa-62443-2-1-2009-security-for-industrial-automat">4.3.3.6.7</reference>
        <reference href="https://www.isa.org/products/isa-62443-2-1-2009-security-for-industrial-automat">4.3.3.6.8</reference>
        <reference href="https://www.isa.org/products/isa-62443-2-1-2009-security-for-industrial-automat">4.3.3.6.9</reference>
        <reference href="https://www.isa.org/products/isa-62443-2-1-2009-security-for-industrial-automat">4.3.3.7.1</reference>
        <reference href="https://www.isa.org/products/isa-62443-2-1-2009-security-for-industrial-automat">4.3.3.7.2</reference>
        <reference href="https://www.isa.org/products/isa-62443-2-1-2009-security-for-industrial-automat">4.3.3.7.3</reference>
        <reference href="https://www.isa.org/products/isa-62443-2-1-2009-security-for-industrial-automat">4.3.3.7.4</reference>
        <reference href="https://www.isa.org/products/isa-62443-2-1-2009-security-for-industrial-automat">4.3.4.3.2</reference>
        <reference href="https://www.isa.org/products/isa-62443-2-1-2009-security-for-industrial-automat">4.3.4.3.3</reference>
        <reference href="https://www.isa.org/products/ansi-isa-62443-3-3-99-03-03-2013-security-for-indu">SR 1.1</reference>
        <reference href="https://www.isa.org/products/ansi-isa-62443-3-3-99-03-03-2013-security-for-indu">SR 1.10</reference>
        <reference href="https://www.isa.org/products/ansi-isa-62443-3-3-99-03-03-2013-security-for-indu">SR 1.11</reference>
        <reference href="https://www.isa.org/products/ansi-isa-62443-3-3-99-03-03-2013-security-for-indu">SR 1.12</reference>
        <reference href="https://www.isa.org/products/ansi-isa-62443-3-3-99-03-03-2013-security-for-indu">SR 1.13</reference>
        <reference href="https://www.isa.org/products/ansi-isa-62443-3-3-99-03-03-2013-security-for-indu">SR 1.2</reference>
        <reference href="https://www.isa.org/products/ansi-isa-62443-3-3-99-03-03-2013-security-for-indu">SR 1.3</reference>
        <reference href="https://www.isa.org/products/ansi-isa-62443-3-3-99-03-03-2013-security-for-indu">SR 1.4</reference>
        <reference href="https://www.isa.org/products/ansi-isa-62443-3-3-99-03-03-2013-security-for-indu">SR 1.5</reference>
        <reference href="https://www.isa.org/products/ansi-isa-62443-3-3-99-03-03-2013-security-for-indu">SR 1.6</reference>
        <reference href="https://www.isa.org/products/ansi-isa-62443-3-3-99-03-03-2013-security-for-indu">SR 1.7</reference>
        <reference href="https://www.isa.org/products/ansi-isa-62443-3-3-99-03-03-2013-security-for-indu">SR 1.8</reference>
        <reference href="https://www.isa.org/products/ansi-isa-62443-3-3-99-03-03-2013-security-for-indu">SR 1.9</reference>
        <reference href="https://www.isa.org/products/ansi-isa-62443-3-3-99-03-03-2013-security-for-indu">SR 2.1</reference>
        <reference href="https://www.isa.org/products/ansi-isa-62443-3-3-99-03-03-2013-security-for-indu">SR 2.2</reference>
        <reference href="https://www.isa.org/products/ansi-isa-62443-3-3-99-03-03-2013-security-for-indu">SR 2.3</reference>
        <reference href="https://www.isa.org/products/ansi-isa-62443-3-3-99-03-03-2013-security-for-indu">SR 2.4</reference>
        <reference href="https://www.isa.org/products/ansi-isa-62443-3-3-99-03-03-2013-security-for-indu">SR 2.5</reference>
        <reference href="https://www.isa.org/products/ansi-isa-62443-3-3-99-03-03-2013-security-for-indu">SR 2.6</reference>
        <reference href="https://www.isa.org/products/ansi-isa-62443-3-3-99-03-03-2013-security-for-indu">SR 2.7</reference>
        <reference href="https://www.isa.org/products/ansi-isa-62443-3-3-99-03-03-2013-security-for-indu">SR 3.1</reference>
        <reference href="https://www.isa.org/products/ansi-isa-62443-3-3-99-03-03-2013-security-for-indu">SR 3.5</reference>
        <reference href="https://www.isa.org/products/ansi-isa-62443-3-3-99-03-03-2013-security-for-indu">SR 3.8</reference>
        <reference href="https://www.isa.org/products/ansi-isa-62443-3-3-99-03-03-2013-security-for-indu">SR 4.1</reference>
        <reference href="https://www.isa.org/products/ansi-isa-62443-3-3-99-03-03-2013-security-for-indu">SR 4.3</reference>
        <reference href="https://www.isa.org/products/ansi-isa-62443-3-3-99-03-03-2013-security-for-indu">SR 5.1</reference>
        <reference href="https://www.isa.org/products/ansi-isa-62443-3-3-99-03-03-2013-security-for-indu">SR 5.2</reference>
        <reference href="https://www.isa.org/products/ansi-isa-62443-3-3-99-03-03-2013-security-for-indu">SR 5.3</reference>
        <reference href="https://www.isa.org/products/ansi-isa-62443-3-3-99-03-03-2013-security-for-indu">SR 7.1</reference>
        <reference href="https://www.isa.org/products/ansi-isa-62443-3-3-99-03-03-2013-security-for-indu">SR 7.6</reference>
        <reference href="https://www.iso.org/contents/data/standard/05/45/54534.html">A.11.2.6</reference>
        <reference href="https://www.iso.org/contents/data/standard/05/45/54534.html">A.12.1.2</reference>
        <reference href="https://www.iso.org/contents/data/standard/05/45/54534.html">A.12.5.1</reference>
        <reference href="https://www.iso.org/contents/data/standard/05/45/54534.html">A.12.6.2</reference>
        <reference href="https://www.iso.org/contents/data/standard/05/45/54534.html">A.13.1.1</reference>
        <reference href="https://www.iso.org/contents/data/standard/05/45/54534.html">A.13.2.1</reference>
        <reference href="https://www.iso.org/contents/data/standard/05/45/54534.html">A.14.1.3</reference>
        <reference href="https://www.iso.org/contents/data/standard/05/45/54534.html">A.14.2.2</reference>
        <reference href="https://www.iso.org/contents/data/standard/05/45/54534.html">A.14.2.3</reference>
        <reference href="https://www.iso.org/contents/data/standard/05/45/54534.html">A.14.2.4</reference>
        <reference href="https://www.iso.org/contents/data/standard/05/45/54534.html">A.6.2.1</reference>
        <reference href="https://www.iso.org/contents/data/standard/05/45/54534.html">A.6.2.2</reference>
        <reference href="https://www.iso.org/contents/data/standard/05/45/54534.html">A.9.1.2</reference>
        <reference href="http://nvlpubs.nist.gov/nistpubs/SpecialPublications/NIST.SP.800-53r4.pdf">CM-7(a)</reference>
        <reference href="http://nvlpubs.nist.gov/nistpubs/SpecialPublications/NIST.SP.800-53r4.pdf">CM-7(b)</reference>
        <reference href="http://nvlpubs.nist.gov/nistpubs/SpecialPublications/NIST.SP.800-53r4.pdf">CM-6(a)</reference>
        <reference href="https://nvlpubs.nist.gov/nistpubs/CSWP/NIST.CSWP.04162018.pdf">PR.AC-3</reference>
        <reference href="https://nvlpubs.nist.gov/nistpubs/CSWP/NIST.CSWP.04162018.pdf">PR.IP-1</reference>
        <reference href="https://nvlpubs.nist.gov/nistpubs/CSWP/NIST.CSWP.04162018.pdf">PR.PT-3</reference>
        <reference href="https://nvlpubs.nist.gov/nistpubs/CSWP/NIST.CSWP.04162018.pdf">PR.PT-4</reference>
        <reference href="https://www.niap-ccevs.org/Profile/PP.cfm">FMT_SMF_EXT.1.1</reference>
        <reference href="https://www.cyber.mil/stigs/downloads/?_dl_facet_stigs=operating-systems%2Cgeneral-purpose-os">SRG-OS-000269-GPOS-00103</reference>
        <reference href="https://www.cyber.mil/stigs/downloads/?_dl_facet_stigs=operating-systems%2Cgeneral-purpose-os">SRG-OS-000480-GPOS-00227</reference>
        <reference href="https://www.cyber.mil/stigs/downloads/?_dl_facet_stigs=operating-systems%2Cunix-linux">SLES-15-040190</reference>
        <reference href="https://www.cyber.mil/stigs/srg-stig-tools/">SV-235003r991589_rule</reference>
        <rationale xmlns:xhtml="http://www.w3.org/1999/xhtml" xml:lang="en-US">Kernel core dumps may contain the full contents of system memory at the
time of the crash. Kernel core dumps consume a considerable amount of disk
space and may result in denial of service by exhausting the available space
on the target file system partition. Unless the system is used for kernel
development or testing, there is little need to run the kdump service.</rationale>
        <platform idref="#system_with_kernel"/>
        <ident system="https://ncp.nist.gov/cce">CCE-85638-5</ident>
        <fix xmlns:xhtml="http://www.w3.org/1999/xhtml" id="service_kdump_disabled" system="urn:xccdf:fix:script:puppet" complexity="low" disruption="low" strategy="enable">include disable_kdump

class disable_kdump {
  service {'kdump':
    enable =&gt; false,
    ensure =&gt; 'stopped',
  }
}
</fix>
        <fix xmlns:xhtml="http://www.w3.org/1999/xhtml" id="service_kdump_disabled" system="urn:xccdf:fix:script:sh" complexity="low" disruption="low" strategy="disable"># Remediation is applicable only in certain platforms
if rpm --quiet -q kernel-default || rpm --quiet -q kernel-default-base; then

SYSTEMCTL_EXEC='/usr/bin/systemctl'
if [[ $("$SYSTEMCTL_EXEC" is-system-running) != "offline" ]]; then
  "$SYSTEMCTL_EXEC" stop 'kdump.service'
fi
"$SYSTEMCTL_EXEC" disable 'kdump.service'
"$SYSTEMCTL_EXEC" mask 'kdump.service'
# Disable socket activation if we have a unit file for it
if "$SYSTEMCTL_EXEC" -q list-unit-files kdump.socket; then
    if [[ $("$SYSTEMCTL_EXEC" is-system-running) != "offline" ]]; then
      "$SYSTEMCTL_EXEC" stop 'kdump.socket'
    fi
    "$SYSTEMCTL_EXEC" mask 'kdump.socket'
fi
# The service may not be running because it has been started and failed,
# so let's reset the state so OVAL checks pass.
# Service should be 'inactive', not 'failed' after reboot though.
"$SYSTEMCTL_EXEC" reset-failed 'kdump.service' || true

else
    &gt;&amp;2 echo 'Remediation is not applicable, nothing was done'
fi
</fix>
        <fix xmlns:xhtml="http://www.w3.org/1999/xhtml" id="service_kdump_disabled" system="urn:redhat:osbuild:blueprint">
[customizations.services]
masked = ["kdump"]
</fix>
        <fix xmlns:xhtml="http://www.w3.org/1999/xhtml" id="service_kdump_disabled" system="urn:xccdf:fix:script:ansible" complexity="low" disruption="low" strategy="disable">- name: Gather the package facts
  package_facts:
    manager: auto
  tags:
  - CCE-85638-5
  - DISA-STIG-SLES-15-040190
  - NIST-800-53-CM-6(a)
  - NIST-800-53-CM-7(a)
  - NIST-800-53-CM-7(b)
  - disable_strategy
  - low_complexity
  - low_disruption
  - medium_severity
  - no_reboot_needed
  - service_kdump_disabled

- name: Disable KDump Kernel Crash Analyzer (kdump) - Disable service kdump
  block:

  - name: Disable KDump Kernel Crash Analyzer (kdump) - Collect systemd Services Present
      in the System
    ansible.builtin.command: systemctl -q list-unit-files --type service
    register: service_exists
    changed_when: false
    failed_when: service_exists.rc not in [0, 1]
    check_mode: false

  - name: Disable KDump Kernel Crash Analyzer (kdump) - Ensure kdump.service is Masked
    ansible.builtin.systemd:
      name: kdump.service
      state: stopped
      enabled: false
      masked: true
    when: service_exists.stdout_lines is search("kdump.service", multiline=True)

  - name: Unit Socket Exists - kdump.socket
    ansible.builtin.command: systemctl -q list-unit-files kdump.socket
    register: socket_file_exists
    changed_when: false
    failed_when: socket_file_exists.rc not in [0, 1]
    check_mode: false

  - name: Disable KDump Kernel Crash Analyzer (kdump) - Disable Socket kdump
    ansible.builtin.systemd:
      name: kdump.socket
      enabled: false
      state: stopped
      masked: true
    when: socket_file_exists.stdout_lines is search("kdump.socket", multiline=True)
  tags:
  - CCE-85638-5
  - DISA-STIG-SLES-15-040190
  - NIST-800-53-CM-6(a)
  - NIST-800-53-CM-7(a)
  - NIST-800-53-CM-7(b)
  - disable_strategy
  - low_complexity
  - low_disruption
  - medium_severity
  - no_reboot_needed
  - service_kdump_disabled
  - special_service_block
  when: ("kernel-default" in ansible_facts.packages or "kernel-default-base" in ansible_facts.packages)
</fix>
        <check system="http://open-scap.org/page/SCE">
          <check-import import-name="stdout">
              </check-import>
          <check-content-ref href="sle15/checks/sce/service_kdump_disabled.sh"/>
        </check>
        <check system="http://oval.mitre.org/XMLSchema/oval-definitions-5">
          <check-content-ref name="oval:ssg-service_kdump_disabled:def:1" href="ssg-sle15-oval.xml"/>
        </check>
        <check system="http://scap.nist.gov/schema/ocil/2">
          <check-content-ref name="ocil:ssg-service_kdump_disabled_ocil:questionnaire:1" href="ssg-sle15-ocil.xml"/>
        </check>
      </Rule>
    </Group>
    <Group id="xccdf_org.ssgproject.content_group_cron_and_at">
      <title xmlns:xhtml="http://www.w3.org/1999/xhtml" xml:lang="en-US">Cron and At Daemons</title>
      <description xmlns:xhtml="http://www.w3.org/1999/xhtml" xml:lang="en-US">The cron and at services are used to allow commands to
be executed at a later time. The cron service is required by almost
all systems to perform necessary maintenance tasks, while at may or
may not be required on a given system. Both daemons should be
configured defensively.</description>
      <platform idref="#system_with_kernel"/>
      <Rule id="xccdf_org.ssgproject.content_rule_package_cron_installed" selected="false" role="full" severity="medium">
        <title xmlns:xhtml="http://www.w3.org/1999/xhtml" xml:lang="en-US">Install the cron service</title>
        <description xmlns:xhtml="http://www.w3.org/1999/xhtml" xml:lang="en-US">The Cron service should be installed.</description>
        <reference href="https://www.cisecurity.org/controls/">11</reference>
        <reference href="https://www.cisecurity.org/controls/">14</reference>
        <reference href="https://www.cisecurity.org/controls/">3</reference>
        <reference href="https://www.cisecurity.org/controls/">9</reference>
        <reference href="https://www.isaca.org/resources/cobit">BAI10.01</reference>
        <reference href="https://www.isaca.org/resources/cobit">BAI10.02</reference>
        <reference href="https://www.isaca.org/resources/cobit">BAI10.03</reference>
        <reference href="https://www.isaca.org/resources/cobit">BAI10.05</reference>
        <reference href="https://www.isaca.org/resources/cobit">DSS05.02</reference>
        <reference href="https://www.isaca.org/resources/cobit">DSS05.05</reference>
        <reference href="https://www.isaca.org/resources/cobit">DSS06.06</reference>
        <reference href="https://www.gpo.gov/fdsys/pkg/CFR-2007-title45-vol1/pdf/CFR-2007-title45-vol1-chapA-subchapC.pdf">164.308(a)(4)(i)</reference>
        <reference href="https://www.gpo.gov/fdsys/pkg/CFR-2007-title45-vol1/pdf/CFR-2007-title45-vol1-chapA-subchapC.pdf">164.308(b)(1)</reference>
        <reference href="https://www.gpo.gov/fdsys/pkg/CFR-2007-title45-vol1/pdf/CFR-2007-title45-vol1-chapA-subchapC.pdf">164.308(b)(3)</reference>
        <reference href="https://www.gpo.gov/fdsys/pkg/CFR-2007-title45-vol1/pdf/CFR-2007-title45-vol1-chapA-subchapC.pdf">164.310(b)</reference>
        <reference href="https://www.gpo.gov/fdsys/pkg/CFR-2007-title45-vol1/pdf/CFR-2007-title45-vol1-chapA-subchapC.pdf">164.312(e)(1)</reference>
        <reference href="https://www.gpo.gov/fdsys/pkg/CFR-2007-title45-vol1/pdf/CFR-2007-title45-vol1-chapA-subchapC.pdf">164.312(e)(2)(ii)</reference>
        <reference href="https://www.isa.org/products/isa-62443-2-1-2009-security-for-industrial-automat">4.3.3.5.1</reference>
        <reference href="https://www.isa.org/products/isa-62443-2-1-2009-security-for-industrial-automat">4.3.3.5.2</reference>
        <reference href="https://www.isa.org/products/isa-62443-2-1-2009-security-for-industrial-automat">4.3.3.5.3</reference>
        <reference href="https://www.isa.org/products/isa-62443-2-1-2009-security-for-industrial-automat">4.3.3.5.4</reference>
        <reference href="https://www.isa.org/products/isa-62443-2-1-2009-security-for-industrial-automat">4.3.3.5.5</reference>
        <reference href="https://www.isa.org/products/isa-62443-2-1-2009-security-for-industrial-automat">4.3.3.5.6</reference>
        <reference href="https://www.isa.org/products/isa-62443-2-1-2009-security-for-industrial-automat">4.3.3.5.7</reference>
        <reference href="https://www.isa.org/products/isa-62443-2-1-2009-security-for-industrial-automat">4.3.3.5.8</reference>
        <reference href="https://www.isa.org/products/isa-62443-2-1-2009-security-for-industrial-automat">4.3.3.6.1</reference>
        <reference href="https://www.isa.org/products/isa-62443-2-1-2009-security-for-industrial-automat">4.3.3.6.2</reference>
        <reference href="https://www.isa.org/products/isa-62443-2-1-2009-security-for-industrial-automat">4.3.3.6.3</reference>
        <reference href="https://www.isa.org/products/isa-62443-2-1-2009-security-for-industrial-automat">4.3.3.6.4</reference>
        <reference href="https://www.isa.org/products/isa-62443-2-1-2009-security-for-industrial-automat">4.3.3.6.5</reference>
        <reference href="https://www.isa.org/products/isa-62443-2-1-2009-security-for-industrial-automat">4.3.3.6.6</reference>
        <reference href="https://www.isa.org/products/isa-62443-2-1-2009-security-for-industrial-automat">4.3.3.6.7</reference>
        <reference href="https://www.isa.org/products/isa-62443-2-1-2009-security-for-industrial-automat">4.3.3.6.8</reference>
        <reference href="https://www.isa.org/products/isa-62443-2-1-2009-security-for-industrial-automat">4.3.3.6.9</reference>
        <reference href="https://www.isa.org/products/isa-62443-2-1-2009-security-for-industrial-automat">4.3.3.7.1</reference>
        <reference href="https://www.isa.org/products/isa-62443-2-1-2009-security-for-industrial-automat">4.3.3.7.2</reference>
        <reference href="https://www.isa.org/products/isa-62443-2-1-2009-security-for-industrial-automat">4.3.3.7.3</reference>
        <reference href="https://www.isa.org/products/isa-62443-2-1-2009-security-for-industrial-automat">4.3.3.7.4</reference>
        <reference href="https://www.isa.org/products/isa-62443-2-1-2009-security-for-industrial-automat">4.3.4.3.2</reference>
        <reference href="https://www.isa.org/products/isa-62443-2-1-2009-security-for-industrial-automat">4.3.4.3.3</reference>
        <reference href="https://www.isa.org/products/ansi-isa-62443-3-3-99-03-03-2013-security-for-indu">SR 1.1</reference>
        <reference href="https://www.isa.org/products/ansi-isa-62443-3-3-99-03-03-2013-security-for-indu">SR 1.10</reference>
        <reference href="https://www.isa.org/products/ansi-isa-62443-3-3-99-03-03-2013-security-for-indu">SR 1.11</reference>
        <reference href="https://www.isa.org/products/ansi-isa-62443-3-3-99-03-03-2013-security-for-indu">SR 1.12</reference>
        <reference href="https://www.isa.org/products/ansi-isa-62443-3-3-99-03-03-2013-security-for-indu">SR 1.13</reference>
        <reference href="https://www.isa.org/products/ansi-isa-62443-3-3-99-03-03-2013-security-for-indu">SR 1.2</reference>
        <reference href="https://www.isa.org/products/ansi-isa-62443-3-3-99-03-03-2013-security-for-indu">SR 1.3</reference>
        <reference href="https://www.isa.org/products/ansi-isa-62443-3-3-99-03-03-2013-security-for-indu">SR 1.4</reference>
        <reference href="https://www.isa.org/products/ansi-isa-62443-3-3-99-03-03-2013-security-for-indu">SR 1.5</reference>
        <reference href="https://www.isa.org/products/ansi-isa-62443-3-3-99-03-03-2013-security-for-indu">SR 1.6</reference>
        <reference href="https://www.isa.org/products/ansi-isa-62443-3-3-99-03-03-2013-security-for-indu">SR 1.7</reference>
        <reference href="https://www.isa.org/products/ansi-isa-62443-3-3-99-03-03-2013-security-for-indu">SR 1.8</reference>
        <reference href="https://www.isa.org/products/ansi-isa-62443-3-3-99-03-03-2013-security-for-indu">SR 1.9</reference>
        <reference href="https://www.isa.org/products/ansi-isa-62443-3-3-99-03-03-2013-security-for-indu">SR 2.1</reference>
        <reference href="https://www.isa.org/products/ansi-isa-62443-3-3-99-03-03-2013-security-for-indu">SR 2.2</reference>
        <reference href="https://www.isa.org/products/ansi-isa-62443-3-3-99-03-03-2013-security-for-indu">SR 2.3</reference>
        <reference href="https://www.isa.org/products/ansi-isa-62443-3-3-99-03-03-2013-security-for-indu">SR 2.4</reference>
        <reference href="https://www.isa.org/products/ansi-isa-62443-3-3-99-03-03-2013-security-for-indu">SR 2.5</reference>
        <reference href="https://www.isa.org/products/ansi-isa-62443-3-3-99-03-03-2013-security-for-indu">SR 2.6</reference>
        <reference href="https://www.isa.org/products/ansi-isa-62443-3-3-99-03-03-2013-security-for-indu">SR 2.7</reference>
        <reference href="https://www.isa.org/products/ansi-isa-62443-3-3-99-03-03-2013-security-for-indu">SR 7.6</reference>
        <reference href="https://www.iso.org/contents/data/standard/05/45/54534.html">A.12.1.2</reference>
        <reference href="https://www.iso.org/contents/data/standard/05/45/54534.html">A.12.5.1</reference>
        <reference href="https://www.iso.org/contents/data/standard/05/45/54534.html">A.12.6.2</reference>
        <reference href="https://www.iso.org/contents/data/standard/05/45/54534.html">A.14.2.2</reference>
        <reference href="https://www.iso.org/contents/data/standard/05/45/54534.html">A.14.2.3</reference>
        <reference href="https://www.iso.org/contents/data/standard/05/45/54534.html">A.14.2.4</reference>
        <reference href="https://www.iso.org/contents/data/standard/05/45/54534.html">A.9.1.2</reference>
        <reference href="http://nvlpubs.nist.gov/nistpubs/SpecialPublications/NIST.SP.800-53r4.pdf">CM-6(a)</reference>
        <reference href="https://nvlpubs.nist.gov/nistpubs/CSWP/NIST.CSWP.04162018.pdf">PR.IP-1</reference>
        <reference href="https://nvlpubs.nist.gov/nistpubs/CSWP/NIST.CSWP.04162018.pdf">PR.PT-3</reference>
        <reference href="https://www.cyber.mil/stigs/downloads/?_dl_facet_stigs=operating-systems%2Cgeneral-purpose-os">SRG-OS-000480-GPOS-00227</reference>
        <reference href="https://www.cisecurity.org/benchmark/suse_linux/">5.1.1</reference>
        <reference href="not_publicly_available">SLES-15-300600015</reference>
        <reference href="https://docs-prv.pcisecuritystandards.org/PCI%20DSS/Standard/PCI-DSS-v4_0.pdf">2.2.6</reference>
        <reference href="https://docs-prv.pcisecuritystandards.org/PCI%20DSS/Standard/PCI-DSS-v4_0.pdf">2.2</reference>
        <rationale xmlns:xhtml="http://www.w3.org/1999/xhtml" xml:lang="en-US">The cron service allow periodic job execution, needed for almost all administrative tasks and services (software update, log rotating, etc.). Access to cron service should be restricted to administrative accounts only.</rationale>
        <ident system="https://ncp.nist.gov/cce">CCE-91379-8</ident>
        <fix xmlns:xhtml="http://www.w3.org/1999/xhtml" id="package_cron_installed" system="urn:xccdf:fix:script:puppet" complexity="low" disruption="low" strategy="enable">include install_cronie

class install_cronie {
  package { 'cronie':
    ensure =&gt; 'installed',
  }
}
</fix>
        <fix xmlns:xhtml="http://www.w3.org/1999/xhtml" id="package_cron_installed" system="urn:xccdf:fix:script:sh" complexity="low" disruption="low" strategy="enable"># Remediation is applicable only in certain platforms
if rpm --quiet -q kernel-default || rpm --quiet -q kernel-default-base; then

zypper install -y "cronie"

else
    &gt;&amp;2 echo 'Remediation is not applicable, nothing was done'
fi
</fix>
        <fix xmlns:xhtml="http://www.w3.org/1999/xhtml" id="package_cron_installed" system="urn:redhat:osbuild:blueprint">
[[packages]]
name = "cronie"
version = "*"
</fix>
        <fix xmlns:xhtml="http://www.w3.org/1999/xhtml" id="package_cron_installed" system="urn:xccdf:fix:script:ansible" complexity="low" disruption="low" strategy="enable">- name: Gather the package facts
  package_facts:
    manager: auto
  tags:
  - CCE-91379-8
  - NIST-800-53-CM-6(a)
  - PCI-DSSv4-2.2
  - PCI-DSSv4-2.2.6
  - enable_strategy
  - low_complexity
  - low_disruption
  - medium_severity
  - no_reboot_needed
  - package_cron_installed

- name: Ensure cronie is installed
  ansible.builtin.package:
    name: cronie
    state: present
  when: ("kernel-default" in ansible_facts.packages or "kernel-default-base" in ansible_facts.packages)
  tags:
  - CCE-91379-8
  - NIST-800-53-CM-6(a)
  - PCI-DSSv4-2.2
  - PCI-DSSv4-2.2.6
  - enable_strategy
  - low_complexity
  - low_disruption
  - medium_severity
  - no_reboot_needed
  - package_cron_installed
</fix>
        <check system="http://oval.mitre.org/XMLSchema/oval-definitions-5">
          <check-content-ref name="oval:ssg-package_cron_installed:def:1" href="ssg-sle15-oval.xml"/>
        </check>
        <check system="http://scap.nist.gov/schema/ocil/2">
          <check-content-ref name="ocil:ssg-package_cron_installed_ocil:questionnaire:1" href="ssg-sle15-ocil.xml"/>
        </check>
      </Rule>
      <Rule id="xccdf_org.ssgproject.content_rule_service_cron_enabled" selected="false" role="full" severity="medium">
        <title xmlns:xhtml="http://www.w3.org/1999/xhtml" xml:lang="en-US">Enable cron Service</title>
        <description xmlns:xhtml="http://www.w3.org/1999/xhtml" xml:lang="en-US">The <html:code xmlns:html="http://www.w3.org/1999/xhtml">crond</html:code> service is used to execute commands at
preconfigured times. It is required by almost all systems to perform necessary
maintenance tasks, such as notifying root of system activity.

The <html:code xmlns:html="http://www.w3.org/1999/xhtml">cron</html:code> service can be enabled with the following command:
<html:pre xmlns:html="http://www.w3.org/1999/xhtml">$ sudo systemctl enable cron.service</html:pre>
      </description>
        <reference href="https://www.cisecurity.org/controls/">11</reference>
        <reference href="https://www.cisecurity.org/controls/">14</reference>
        <reference href="https://www.cisecurity.org/controls/">3</reference>
        <reference href="https://www.cisecurity.org/controls/">9</reference>
        <reference href="https://www.isaca.org/resources/cobit">BAI10.01</reference>
        <reference href="https://www.isaca.org/resources/cobit">BAI10.02</reference>
        <reference href="https://www.isaca.org/resources/cobit">BAI10.03</reference>
        <reference href="https://www.isaca.org/resources/cobit">BAI10.05</reference>
        <reference href="https://www.isaca.org/resources/cobit">DSS05.02</reference>
        <reference href="https://www.isaca.org/resources/cobit">DSS05.05</reference>
        <reference href="https://www.isaca.org/resources/cobit">DSS06.06</reference>
        <reference href="https://www.gpo.gov/fdsys/pkg/CFR-2007-title45-vol1/pdf/CFR-2007-title45-vol1-chapA-subchapC.pdf">164.308(a)(4)(i)</reference>
        <reference href="https://www.gpo.gov/fdsys/pkg/CFR-2007-title45-vol1/pdf/CFR-2007-title45-vol1-chapA-subchapC.pdf">164.308(b)(1)</reference>
        <reference href="https://www.gpo.gov/fdsys/pkg/CFR-2007-title45-vol1/pdf/CFR-2007-title45-vol1-chapA-subchapC.pdf">164.308(b)(3)</reference>
        <reference href="https://www.gpo.gov/fdsys/pkg/CFR-2007-title45-vol1/pdf/CFR-2007-title45-vol1-chapA-subchapC.pdf">164.310(b)</reference>
        <reference href="https://www.gpo.gov/fdsys/pkg/CFR-2007-title45-vol1/pdf/CFR-2007-title45-vol1-chapA-subchapC.pdf">164.312(e)(1)</reference>
        <reference href="https://www.gpo.gov/fdsys/pkg/CFR-2007-title45-vol1/pdf/CFR-2007-title45-vol1-chapA-subchapC.pdf">164.312(e)(2)(ii)</reference>
        <reference href="https://www.isa.org/products/isa-62443-2-1-2009-security-for-industrial-automat">4.3.3.5.1</reference>
        <reference href="https://www.isa.org/products/isa-62443-2-1-2009-security-for-industrial-automat">4.3.3.5.2</reference>
        <reference href="https://www.isa.org/products/isa-62443-2-1-2009-security-for-industrial-automat">4.3.3.5.3</reference>
        <reference href="https://www.isa.org/products/isa-62443-2-1-2009-security-for-industrial-automat">4.3.3.5.4</reference>
        <reference href="https://www.isa.org/products/isa-62443-2-1-2009-security-for-industrial-automat">4.3.3.5.5</reference>
        <reference href="https://www.isa.org/products/isa-62443-2-1-2009-security-for-industrial-automat">4.3.3.5.6</reference>
        <reference href="https://www.isa.org/products/isa-62443-2-1-2009-security-for-industrial-automat">4.3.3.5.7</reference>
        <reference href="https://www.isa.org/products/isa-62443-2-1-2009-security-for-industrial-automat">4.3.3.5.8</reference>
        <reference href="https://www.isa.org/products/isa-62443-2-1-2009-security-for-industrial-automat">4.3.3.6.1</reference>
        <reference href="https://www.isa.org/products/isa-62443-2-1-2009-security-for-industrial-automat">4.3.3.6.2</reference>
        <reference href="https://www.isa.org/products/isa-62443-2-1-2009-security-for-industrial-automat">4.3.3.6.3</reference>
        <reference href="https://www.isa.org/products/isa-62443-2-1-2009-security-for-industrial-automat">4.3.3.6.4</reference>
        <reference href="https://www.isa.org/products/isa-62443-2-1-2009-security-for-industrial-automat">4.3.3.6.5</reference>
        <reference href="https://www.isa.org/products/isa-62443-2-1-2009-security-for-industrial-automat">4.3.3.6.6</reference>
        <reference href="https://www.isa.org/products/isa-62443-2-1-2009-security-for-industrial-automat">4.3.3.6.7</reference>
        <reference href="https://www.isa.org/products/isa-62443-2-1-2009-security-for-industrial-automat">4.3.3.6.8</reference>
        <reference href="https://www.isa.org/products/isa-62443-2-1-2009-security-for-industrial-automat">4.3.3.6.9</reference>
        <reference href="https://www.isa.org/products/isa-62443-2-1-2009-security-for-industrial-automat">4.3.3.7.1</reference>
        <reference href="https://www.isa.org/products/isa-62443-2-1-2009-security-for-industrial-automat">4.3.3.7.2</reference>
        <reference href="https://www.isa.org/products/isa-62443-2-1-2009-security-for-industrial-automat">4.3.3.7.3</reference>
        <reference href="https://www.isa.org/products/isa-62443-2-1-2009-security-for-industrial-automat">4.3.3.7.4</reference>
        <reference href="https://www.isa.org/products/isa-62443-2-1-2009-security-for-industrial-automat">4.3.4.3.2</reference>
        <reference href="https://www.isa.org/products/isa-62443-2-1-2009-security-for-industrial-automat">4.3.4.3.3</reference>
        <reference href="https://www.isa.org/products/ansi-isa-62443-3-3-99-03-03-2013-security-for-indu">SR 1.1</reference>
        <reference href="https://www.isa.org/products/ansi-isa-62443-3-3-99-03-03-2013-security-for-indu">SR 1.10</reference>
        <reference href="https://www.isa.org/products/ansi-isa-62443-3-3-99-03-03-2013-security-for-indu">SR 1.11</reference>
        <reference href="https://www.isa.org/products/ansi-isa-62443-3-3-99-03-03-2013-security-for-indu">SR 1.12</reference>
        <reference href="https://www.isa.org/products/ansi-isa-62443-3-3-99-03-03-2013-security-for-indu">SR 1.13</reference>
        <reference href="https://www.isa.org/products/ansi-isa-62443-3-3-99-03-03-2013-security-for-indu">SR 1.2</reference>
        <reference href="https://www.isa.org/products/ansi-isa-62443-3-3-99-03-03-2013-security-for-indu">SR 1.3</reference>
        <reference href="https://www.isa.org/products/ansi-isa-62443-3-3-99-03-03-2013-security-for-indu">SR 1.4</reference>
        <reference href="https://www.isa.org/products/ansi-isa-62443-3-3-99-03-03-2013-security-for-indu">SR 1.5</reference>
        <reference href="https://www.isa.org/products/ansi-isa-62443-3-3-99-03-03-2013-security-for-indu">SR 1.6</reference>
        <reference href="https://www.isa.org/products/ansi-isa-62443-3-3-99-03-03-2013-security-for-indu">SR 1.7</reference>
        <reference href="https://www.isa.org/products/ansi-isa-62443-3-3-99-03-03-2013-security-for-indu">SR 1.8</reference>
        <reference href="https://www.isa.org/products/ansi-isa-62443-3-3-99-03-03-2013-security-for-indu">SR 1.9</reference>
        <reference href="https://www.isa.org/products/ansi-isa-62443-3-3-99-03-03-2013-security-for-indu">SR 2.1</reference>
        <reference href="https://www.isa.org/products/ansi-isa-62443-3-3-99-03-03-2013-security-for-indu">SR 2.2</reference>
        <reference href="https://www.isa.org/products/ansi-isa-62443-3-3-99-03-03-2013-security-for-indu">SR 2.3</reference>
        <reference href="https://www.isa.org/products/ansi-isa-62443-3-3-99-03-03-2013-security-for-indu">SR 2.4</reference>
        <reference href="https://www.isa.org/products/ansi-isa-62443-3-3-99-03-03-2013-security-for-indu">SR 2.5</reference>
        <reference href="https://www.isa.org/products/ansi-isa-62443-3-3-99-03-03-2013-security-for-indu">SR 2.6</reference>
        <reference href="https://www.isa.org/products/ansi-isa-62443-3-3-99-03-03-2013-security-for-indu">SR 2.7</reference>
        <reference href="https://www.isa.org/products/ansi-isa-62443-3-3-99-03-03-2013-security-for-indu">SR 7.6</reference>
        <reference href="https://www.iso.org/contents/data/standard/05/45/54534.html">A.12.1.2</reference>
        <reference href="https://www.iso.org/contents/data/standard/05/45/54534.html">A.12.5.1</reference>
        <reference href="https://www.iso.org/contents/data/standard/05/45/54534.html">A.12.6.2</reference>
        <reference href="https://www.iso.org/contents/data/standard/05/45/54534.html">A.14.2.2</reference>
        <reference href="https://www.iso.org/contents/data/standard/05/45/54534.html">A.14.2.3</reference>
        <reference href="https://www.iso.org/contents/data/standard/05/45/54534.html">A.14.2.4</reference>
        <reference href="https://www.iso.org/contents/data/standard/05/45/54534.html">A.9.1.2</reference>
        <reference href="http://nvlpubs.nist.gov/nistpubs/SpecialPublications/NIST.SP.800-53r4.pdf">CM-6(a)</reference>
        <reference href="https://nvlpubs.nist.gov/nistpubs/CSWP/NIST.CSWP.04162018.pdf">PR.IP-1</reference>
        <reference href="https://nvlpubs.nist.gov/nistpubs/CSWP/NIST.CSWP.04162018.pdf">PR.PT-3</reference>
        <reference href="https://www.cisecurity.org/benchmark/suse_linux/">5.1.1</reference>
        <reference href="not_publicly_available">SLES-15-300600015</reference>
        <rationale xmlns:xhtml="http://www.w3.org/1999/xhtml" xml:lang="en-US">Due to its usage for maintenance and security-supporting tasks,
enabling the cron daemon is essential.</rationale>
        <ident system="https://ncp.nist.gov/cce">CCE-91437-4</ident>
        <fix xmlns:xhtml="http://www.w3.org/1999/xhtml" id="service_cron_enabled" system="urn:xccdf:fix:script:puppet" complexity="low" disruption="low" strategy="enable">include enable_cron

class enable_cron {
  service {'cron':
    enable =&gt; true,
    ensure =&gt; 'running',
  }
}
</fix>
        <fix xmlns:xhtml="http://www.w3.org/1999/xhtml" id="service_cron_enabled" system="urn:xccdf:fix:script:sh" complexity="low" disruption="low" strategy="enable"># Remediation is applicable only in certain platforms
if rpm --quiet -q kernel-default || rpm --quiet -q kernel-default-base; then

SYSTEMCTL_EXEC='/usr/bin/systemctl'
"$SYSTEMCTL_EXEC" unmask 'cron.service'
if [[ $("$SYSTEMCTL_EXEC" is-system-running) != "offline" ]]; then
  "$SYSTEMCTL_EXEC" start 'cron.service'
fi
"$SYSTEMCTL_EXEC" enable 'cron.service'

else
    &gt;&amp;2 echo 'Remediation is not applicable, nothing was done'
fi
</fix>
        <fix xmlns:xhtml="http://www.w3.org/1999/xhtml" id="service_cron_enabled" system="urn:redhat:osbuild:blueprint">
[customizations.services]
enabled = ["cron"]
</fix>
        <fix xmlns:xhtml="http://www.w3.org/1999/xhtml" id="service_cron_enabled" system="urn:xccdf:fix:script:ansible" complexity="low" disruption="low" strategy="enable">- name: Gather the package facts
  package_facts:
    manager: auto
  tags:
  - CCE-91437-4
  - NIST-800-53-CM-6(a)
  - enable_strategy
  - low_complexity
  - low_disruption
  - medium_severity
  - no_reboot_needed
  - service_cron_enabled

- name: Enable cron Service - Enable service cron
  block:

  - name: Gather the package facts
    ansible.builtin.package_facts:
      manager: auto

  - name: Enable cron Service - Enable Service cron
    ansible.builtin.systemd:
      name: cron
      enabled: true
      state: started
      masked: false
    when:
    - '"cron" in ansible_facts.packages'
  tags:
  - CCE-91437-4
  - NIST-800-53-CM-6(a)
  - enable_strategy
  - low_complexity
  - low_disruption
  - medium_severity
  - no_reboot_needed
  - service_cron_enabled
  - special_service_block
  when: ("kernel-default" in ansible_facts.packages or "kernel-default-base" in ansible_facts.packages)
</fix>
        <check system="http://open-scap.org/page/SCE">
          <check-import import-name="stdout">
              </check-import>
          <check-content-ref href="sle15/checks/sce/service_cron_enabled.sh"/>
        </check>
        <check system="http://oval.mitre.org/XMLSchema/oval-definitions-5">
          <check-content-ref name="oval:ssg-service_cron_enabled:def:1" href="ssg-sle15-oval.xml"/>
        </check>
        <check system="http://scap.nist.gov/schema/ocil/2">
          <check-content-ref name="ocil:ssg-service_cron_enabled_ocil:questionnaire:1" href="ssg-sle15-ocil.xml"/>
        </check>
      </Rule>
      <Rule id="xccdf_org.ssgproject.content_rule_file_groupowner_cron_d" selected="false" role="full" severity="medium">
        <title xmlns:xhtml="http://www.w3.org/1999/xhtml" xml:lang="en-US">Verify Group Who Owns cron.d</title>
        <description xmlns:xhtml="http://www.w3.org/1999/xhtml" xml:lang="en-US">
To properly set the group owner of <html:code xmlns:html="http://www.w3.org/1999/xhtml">/etc/cron.d</html:code>, run the command:

  <html:pre xmlns:html="http://www.w3.org/1999/xhtml">$ sudo chgrp root /etc/cron.d</html:pre>
      </description>
        <reference href="https://www.cisecurity.org/controls/">12</reference>
        <reference href="https://www.cisecurity.org/controls/">13</reference>
        <reference href="https://www.cisecurity.org/controls/">14</reference>
        <reference href="https://www.cisecurity.org/controls/">15</reference>
        <reference href="https://www.cisecurity.org/controls/">16</reference>
        <reference href="https://www.cisecurity.org/controls/">18</reference>
        <reference href="https://www.cisecurity.org/controls/">3</reference>
        <reference href="https://www.cisecurity.org/controls/">5</reference>
        <reference href="https://www.isaca.org/resources/cobit">APO01.06</reference>
        <reference href="https://www.isaca.org/resources/cobit">DSS05.04</reference>
        <reference href="https://www.isaca.org/resources/cobit">DSS05.07</reference>
        <reference href="https://www.isaca.org/resources/cobit">DSS06.02</reference>
        <reference href="https://www.isa.org/products/isa-62443-2-1-2009-security-for-industrial-automat">4.3.3.7.3</reference>
        <reference href="https://www.isa.org/products/ansi-isa-62443-3-3-99-03-03-2013-security-for-indu">SR 2.1</reference>
        <reference href="https://www.isa.org/products/ansi-isa-62443-3-3-99-03-03-2013-security-for-indu">SR 5.2</reference>
        <reference href="https://www.iso.org/contents/data/standard/05/45/54534.html">A.10.1.1</reference>
        <reference href="https://www.iso.org/contents/data/standard/05/45/54534.html">A.11.1.4</reference>
        <reference href="https://www.iso.org/contents/data/standard/05/45/54534.html">A.11.1.5</reference>
        <reference href="https://www.iso.org/contents/data/standard/05/45/54534.html">A.11.2.1</reference>
        <reference href="https://www.iso.org/contents/data/standard/05/45/54534.html">A.13.1.1</reference>
        <reference href="https://www.iso.org/contents/data/standard/05/45/54534.html">A.13.1.3</reference>
        <reference href="https://www.iso.org/contents/data/standard/05/45/54534.html">A.13.2.1</reference>
        <reference href="https://www.iso.org/contents/data/standard/05/45/54534.html">A.13.2.3</reference>
        <reference href="https://www.iso.org/contents/data/standard/05/45/54534.html">A.13.2.4</reference>
        <reference href="https://www.iso.org/contents/data/standard/05/45/54534.html">A.14.1.2</reference>
        <reference href="https://www.iso.org/contents/data/standard/05/45/54534.html">A.14.1.3</reference>
        <reference href="https://www.iso.org/contents/data/standard/05/45/54534.html">A.6.1.2</reference>
        <reference href="https://www.iso.org/contents/data/standard/05/45/54534.html">A.7.1.1</reference>
        <reference href="https://www.iso.org/contents/data/standard/05/45/54534.html">A.7.1.2</reference>
        <reference href="https://www.iso.org/contents/data/standard/05/45/54534.html">A.7.3.1</reference>
        <reference href="https://www.iso.org/contents/data/standard/05/45/54534.html">A.8.2.2</reference>
        <reference href="https://www.iso.org/contents/data/standard/05/45/54534.html">A.8.2.3</reference>
        <reference href="https://www.iso.org/contents/data/standard/05/45/54534.html">A.9.1.1</reference>
        <reference href="https://www.iso.org/contents/data/standard/05/45/54534.html">A.9.1.2</reference>
        <reference href="https://www.iso.org/contents/data/standard/05/45/54534.html">A.9.2.3</reference>
        <reference href="https://www.iso.org/contents/data/standard/05/45/54534.html">A.9.4.1</reference>
        <reference href="https://www.iso.org/contents/data/standard/05/45/54534.html">A.9.4.4</reference>
        <reference href="https://www.iso.org/contents/data/standard/05/45/54534.html">A.9.4.5</reference>
        <reference href="http://nvlpubs.nist.gov/nistpubs/SpecialPublications/NIST.SP.800-53r4.pdf">CM-6(a)</reference>
        <reference href="http://nvlpubs.nist.gov/nistpubs/SpecialPublications/NIST.SP.800-53r4.pdf">AC-6(1)</reference>
        <reference href="https://nvlpubs.nist.gov/nistpubs/CSWP/NIST.CSWP.04162018.pdf">PR.AC-4</reference>
        <reference href="https://nvlpubs.nist.gov/nistpubs/CSWP/NIST.CSWP.04162018.pdf">PR.DS-5</reference>
        <reference href="https://www.cyber.mil/stigs/downloads/?_dl_facet_stigs=operating-systems%2Cgeneral-purpose-os">SRG-OS-000480-GPOS-00227</reference>
        <reference href="https://www.cisecurity.org/benchmark/suse_linux/">5.1.7</reference>
        <reference href="not_publicly_available">SLES-15-300600105</reference>
        <reference href="https://docs-prv.pcisecuritystandards.org/PCI%20DSS/Standard/PCI-DSS-v4_0.pdf">2.2.6</reference>
        <reference href="https://docs-prv.pcisecuritystandards.org/PCI%20DSS/Standard/PCI-DSS-v4_0.pdf">2.2</reference>
        <rationale xmlns:xhtml="http://www.w3.org/1999/xhtml" xml:lang="en-US">Service configuration files enable or disable features of their respective services that if configured incorrectly
can lead to insecure and vulnerable configurations. Therefore, service configuration files should be owned by the
correct group to prevent unauthorized changes.</rationale>
        <ident system="https://ncp.nist.gov/cce">CCE-91391-3</ident>
        <fix xmlns:xhtml="http://www.w3.org/1999/xhtml" id="file_groupowner_cron_d" system="urn:xccdf:fix:script:sh" complexity="low" disruption="low" strategy="configure"># Remediation is applicable only in certain platforms
if rpm --quiet -q kernel-default || rpm --quiet -q kernel-default-base; then

newgroup=""
if getent group "0" &gt;/dev/null 2&gt;&amp;1; then
  newgroup="0"
fi

if [[ -z "${newgroup}" ]]; then
  &gt;&amp;2 echo "0 is not a defined group on the system"
else
find -P /etc/cron.d/ -maxdepth 0 -type d  ! -group 0 -exec chgrp --no-dereference "$newgroup" {} \;

fi

else
    &gt;&amp;2 echo 'Remediation is not applicable, nothing was done'
fi
</fix>
        <fix xmlns:xhtml="http://www.w3.org/1999/xhtml" id="file_groupowner_cron_d" system="urn:xccdf:fix:script:ansible" complexity="low" disruption="low" strategy="configure">- name: Gather the package facts
  package_facts:
    manager: auto
  tags:
  - CCE-91391-3
  - NIST-800-53-AC-6(1)
  - NIST-800-53-CM-6(a)
  - PCI-DSSv4-2.2
  - PCI-DSSv4-2.2.6
  - configure_strategy
  - file_groupowner_cron_d
  - low_complexity
  - low_disruption
  - medium_severity
  - no_reboot_needed

- name: Set the file_groupowner_cron_d_newgroup variable if represented by gid
  ansible.builtin.set_fact:
    file_groupowner_cron_d_newgroup: '0'
  when: ("kernel-default" in ansible_facts.packages or "kernel-default-base" in ansible_facts.packages)
  tags:
  - CCE-91391-3
  - NIST-800-53-AC-6(1)
  - NIST-800-53-CM-6(a)
  - PCI-DSSv4-2.2
  - PCI-DSSv4-2.2.6
  - configure_strategy
  - file_groupowner_cron_d
  - low_complexity
  - low_disruption
  - medium_severity
  - no_reboot_needed

- name: Ensure group owner on /etc/cron.d/
  ansible.builtin.file:
    path: /etc/cron.d/
    follow: false
    state: directory
    group: '{{ file_groupowner_cron_d_newgroup }}'
  when: ("kernel-default" in ansible_facts.packages or "kernel-default-base" in ansible_facts.packages)
  tags:
  - CCE-91391-3
  - NIST-800-53-AC-6(1)
  - NIST-800-53-CM-6(a)
  - PCI-DSSv4-2.2
  - PCI-DSSv4-2.2.6
  - configure_strategy
  - file_groupowner_cron_d
  - low_complexity
  - low_disruption
  - medium_severity
  - no_reboot_needed
</fix>
        <check system="http://oval.mitre.org/XMLSchema/oval-definitions-5">
          <check-content-ref name="oval:ssg-file_groupowner_cron_d:def:1" href="ssg-sle15-oval.xml"/>
        </check>
        <check system="http://scap.nist.gov/schema/ocil/2">
          <check-content-ref name="ocil:ssg-file_groupowner_cron_d_ocil:questionnaire:1" href="ssg-sle15-ocil.xml"/>
        </check>
      </Rule>
      <Rule id="xccdf_org.ssgproject.content_rule_file_groupowner_cron_daily" selected="false" role="full" severity="medium">
        <title xmlns:xhtml="http://www.w3.org/1999/xhtml" xml:lang="en-US">Verify Group Who Owns cron.daily</title>
        <description xmlns:xhtml="http://www.w3.org/1999/xhtml" xml:lang="en-US">
To properly set the group owner of <html:code xmlns:html="http://www.w3.org/1999/xhtml">/etc/cron.daily</html:code>, run the command:

  <html:pre xmlns:html="http://www.w3.org/1999/xhtml">$ sudo chgrp root /etc/cron.daily</html:pre>
      </description>
        <reference href="https://www.cisecurity.org/controls/">12</reference>
        <reference href="https://www.cisecurity.org/controls/">13</reference>
        <reference href="https://www.cisecurity.org/controls/">14</reference>
        <reference href="https://www.cisecurity.org/controls/">15</reference>
        <reference href="https://www.cisecurity.org/controls/">16</reference>
        <reference href="https://www.cisecurity.org/controls/">18</reference>
        <reference href="https://www.cisecurity.org/controls/">3</reference>
        <reference href="https://www.cisecurity.org/controls/">5</reference>
        <reference href="https://www.isaca.org/resources/cobit">APO01.06</reference>
        <reference href="https://www.isaca.org/resources/cobit">DSS05.04</reference>
        <reference href="https://www.isaca.org/resources/cobit">DSS05.07</reference>
        <reference href="https://www.isaca.org/resources/cobit">DSS06.02</reference>
        <reference href="https://www.isa.org/products/isa-62443-2-1-2009-security-for-industrial-automat">4.3.3.7.3</reference>
        <reference href="https://www.isa.org/products/ansi-isa-62443-3-3-99-03-03-2013-security-for-indu">SR 2.1</reference>
        <reference href="https://www.isa.org/products/ansi-isa-62443-3-3-99-03-03-2013-security-for-indu">SR 5.2</reference>
        <reference href="https://www.iso.org/contents/data/standard/05/45/54534.html">A.10.1.1</reference>
        <reference href="https://www.iso.org/contents/data/standard/05/45/54534.html">A.11.1.4</reference>
        <reference href="https://www.iso.org/contents/data/standard/05/45/54534.html">A.11.1.5</reference>
        <reference href="https://www.iso.org/contents/data/standard/05/45/54534.html">A.11.2.1</reference>
        <reference href="https://www.iso.org/contents/data/standard/05/45/54534.html">A.13.1.1</reference>
        <reference href="https://www.iso.org/contents/data/standard/05/45/54534.html">A.13.1.3</reference>
        <reference href="https://www.iso.org/contents/data/standard/05/45/54534.html">A.13.2.1</reference>
        <reference href="https://www.iso.org/contents/data/standard/05/45/54534.html">A.13.2.3</reference>
        <reference href="https://www.iso.org/contents/data/standard/05/45/54534.html">A.13.2.4</reference>
        <reference href="https://www.iso.org/contents/data/standard/05/45/54534.html">A.14.1.2</reference>
        <reference href="https://www.iso.org/contents/data/standard/05/45/54534.html">A.14.1.3</reference>
        <reference href="https://www.iso.org/contents/data/standard/05/45/54534.html">A.6.1.2</reference>
        <reference href="https://www.iso.org/contents/data/standard/05/45/54534.html">A.7.1.1</reference>
        <reference href="https://www.iso.org/contents/data/standard/05/45/54534.html">A.7.1.2</reference>
        <reference href="https://www.iso.org/contents/data/standard/05/45/54534.html">A.7.3.1</reference>
        <reference href="https://www.iso.org/contents/data/standard/05/45/54534.html">A.8.2.2</reference>
        <reference href="https://www.iso.org/contents/data/standard/05/45/54534.html">A.8.2.3</reference>
        <reference href="https://www.iso.org/contents/data/standard/05/45/54534.html">A.9.1.1</reference>
        <reference href="https://www.iso.org/contents/data/standard/05/45/54534.html">A.9.1.2</reference>
        <reference href="https://www.iso.org/contents/data/standard/05/45/54534.html">A.9.2.3</reference>
        <reference href="https://www.iso.org/contents/data/standard/05/45/54534.html">A.9.4.1</reference>
        <reference href="https://www.iso.org/contents/data/standard/05/45/54534.html">A.9.4.4</reference>
        <reference href="https://www.iso.org/contents/data/standard/05/45/54534.html">A.9.4.5</reference>
        <reference href="http://nvlpubs.nist.gov/nistpubs/SpecialPublications/NIST.SP.800-53r4.pdf">CM-6(a)</reference>
        <reference href="http://nvlpubs.nist.gov/nistpubs/SpecialPublications/NIST.SP.800-53r4.pdf">AC-6(1)</reference>
        <reference href="https://nvlpubs.nist.gov/nistpubs/CSWP/NIST.CSWP.04162018.pdf">PR.AC-4</reference>
        <reference href="https://nvlpubs.nist.gov/nistpubs/CSWP/NIST.CSWP.04162018.pdf">PR.DS-5</reference>
        <reference href="https://www.cyber.mil/stigs/downloads/?_dl_facet_stigs=operating-systems%2Cgeneral-purpose-os">SRG-OS-000480-GPOS-00227</reference>
        <reference href="https://www.cisecurity.org/benchmark/suse_linux/">5.1.4</reference>
        <reference href="not_publicly_available">SLES-15-300600060</reference>
        <reference href="https://docs-prv.pcisecuritystandards.org/PCI%20DSS/Standard/PCI-DSS-v4_0.pdf">2.2.6</reference>
        <reference href="https://docs-prv.pcisecuritystandards.org/PCI%20DSS/Standard/PCI-DSS-v4_0.pdf">2.2</reference>
        <rationale xmlns:xhtml="http://www.w3.org/1999/xhtml" xml:lang="en-US">Service configuration files enable or disable features of their respective services that if configured incorrectly
can lead to insecure and vulnerable configurations. Therefore, service configuration files should be owned by the
correct group to prevent unauthorized changes.</rationale>
        <ident system="https://ncp.nist.gov/cce">CCE-91385-5</ident>
        <fix xmlns:xhtml="http://www.w3.org/1999/xhtml" id="file_groupowner_cron_daily" system="urn:xccdf:fix:script:sh" complexity="low" disruption="low" strategy="configure"># Remediation is applicable only in certain platforms
if rpm --quiet -q kernel-default || rpm --quiet -q kernel-default-base; then

newgroup=""
if getent group "0" &gt;/dev/null 2&gt;&amp;1; then
  newgroup="0"
fi

if [[ -z "${newgroup}" ]]; then
  &gt;&amp;2 echo "0 is not a defined group on the system"
else
find -P /etc/cron.daily/ -maxdepth 0 -type d  ! -group 0 -exec chgrp --no-dereference "$newgroup" {} \;

fi

else
    &gt;&amp;2 echo 'Remediation is not applicable, nothing was done'
fi
</fix>
        <fix xmlns:xhtml="http://www.w3.org/1999/xhtml" id="file_groupowner_cron_daily" system="urn:xccdf:fix:script:ansible" complexity="low" disruption="low" strategy="configure">- name: Gather the package facts
  package_facts:
    manager: auto
  tags:
  - CCE-91385-5
  - NIST-800-53-AC-6(1)
  - NIST-800-53-CM-6(a)
  - PCI-DSSv4-2.2
  - PCI-DSSv4-2.2.6
  - configure_strategy
  - file_groupowner_cron_daily
  - low_complexity
  - low_disruption
  - medium_severity
  - no_reboot_needed

- name: Set the file_groupowner_cron_daily_newgroup variable if represented by gid
  ansible.builtin.set_fact:
    file_groupowner_cron_daily_newgroup: '0'
  when: ("kernel-default" in ansible_facts.packages or "kernel-default-base" in ansible_facts.packages)
  tags:
  - CCE-91385-5
  - NIST-800-53-AC-6(1)
  - NIST-800-53-CM-6(a)
  - PCI-DSSv4-2.2
  - PCI-DSSv4-2.2.6
  - configure_strategy
  - file_groupowner_cron_daily
  - low_complexity
  - low_disruption
  - medium_severity
  - no_reboot_needed

- name: Ensure group owner on /etc/cron.daily/
  ansible.builtin.file:
    path: /etc/cron.daily/
    follow: false
    state: directory
    group: '{{ file_groupowner_cron_daily_newgroup }}'
  when: ("kernel-default" in ansible_facts.packages or "kernel-default-base" in ansible_facts.packages)
  tags:
  - CCE-91385-5
  - NIST-800-53-AC-6(1)
  - NIST-800-53-CM-6(a)
  - PCI-DSSv4-2.2
  - PCI-DSSv4-2.2.6
  - configure_strategy
  - file_groupowner_cron_daily
  - low_complexity
  - low_disruption
  - medium_severity
  - no_reboot_needed
</fix>
        <check system="http://oval.mitre.org/XMLSchema/oval-definitions-5">
          <check-content-ref name="oval:ssg-file_groupowner_cron_daily:def:1" href="ssg-sle15-oval.xml"/>
        </check>
        <check system="http://scap.nist.gov/schema/ocil/2">
          <check-content-ref name="ocil:ssg-file_groupowner_cron_daily_ocil:questionnaire:1" href="ssg-sle15-ocil.xml"/>
        </check>
      </Rule>
      <Rule id="xccdf_org.ssgproject.content_rule_file_groupowner_cron_hourly" selected="false" role="full" severity="medium">
        <title xmlns:xhtml="http://www.w3.org/1999/xhtml" xml:lang="en-US">Verify Group Who Owns cron.hourly</title>
        <description xmlns:xhtml="http://www.w3.org/1999/xhtml" xml:lang="en-US">
To properly set the group owner of <html:code xmlns:html="http://www.w3.org/1999/xhtml">/etc/cron.hourly</html:code>, run the command:

  <html:pre xmlns:html="http://www.w3.org/1999/xhtml">$ sudo chgrp root /etc/cron.hourly</html:pre>
      </description>
        <reference href="https://www.cisecurity.org/controls/">12</reference>
        <reference href="https://www.cisecurity.org/controls/">13</reference>
        <reference href="https://www.cisecurity.org/controls/">14</reference>
        <reference href="https://www.cisecurity.org/controls/">15</reference>
        <reference href="https://www.cisecurity.org/controls/">16</reference>
        <reference href="https://www.cisecurity.org/controls/">18</reference>
        <reference href="https://www.cisecurity.org/controls/">3</reference>
        <reference href="https://www.cisecurity.org/controls/">5</reference>
        <reference href="https://www.isaca.org/resources/cobit">APO01.06</reference>
        <reference href="https://www.isaca.org/resources/cobit">DSS05.04</reference>
        <reference href="https://www.isaca.org/resources/cobit">DSS05.07</reference>
        <reference href="https://www.isaca.org/resources/cobit">DSS06.02</reference>
        <reference href="https://www.isa.org/products/isa-62443-2-1-2009-security-for-industrial-automat">4.3.3.7.3</reference>
        <reference href="https://www.isa.org/products/ansi-isa-62443-3-3-99-03-03-2013-security-for-indu">SR 2.1</reference>
        <reference href="https://www.isa.org/products/ansi-isa-62443-3-3-99-03-03-2013-security-for-indu">SR 5.2</reference>
        <reference href="https://www.iso.org/contents/data/standard/05/45/54534.html">A.10.1.1</reference>
        <reference href="https://www.iso.org/contents/data/standard/05/45/54534.html">A.11.1.4</reference>
        <reference href="https://www.iso.org/contents/data/standard/05/45/54534.html">A.11.1.5</reference>
        <reference href="https://www.iso.org/contents/data/standard/05/45/54534.html">A.11.2.1</reference>
        <reference href="https://www.iso.org/contents/data/standard/05/45/54534.html">A.13.1.1</reference>
        <reference href="https://www.iso.org/contents/data/standard/05/45/54534.html">A.13.1.3</reference>
        <reference href="https://www.iso.org/contents/data/standard/05/45/54534.html">A.13.2.1</reference>
        <reference href="https://www.iso.org/contents/data/standard/05/45/54534.html">A.13.2.3</reference>
        <reference href="https://www.iso.org/contents/data/standard/05/45/54534.html">A.13.2.4</reference>
        <reference href="https://www.iso.org/contents/data/standard/05/45/54534.html">A.14.1.2</reference>
        <reference href="https://www.iso.org/contents/data/standard/05/45/54534.html">A.14.1.3</reference>
        <reference href="https://www.iso.org/contents/data/standard/05/45/54534.html">A.6.1.2</reference>
        <reference href="https://www.iso.org/contents/data/standard/05/45/54534.html">A.7.1.1</reference>
        <reference href="https://www.iso.org/contents/data/standard/05/45/54534.html">A.7.1.2</reference>
        <reference href="https://www.iso.org/contents/data/standard/05/45/54534.html">A.7.3.1</reference>
        <reference href="https://www.iso.org/contents/data/standard/05/45/54534.html">A.8.2.2</reference>
        <reference href="https://www.iso.org/contents/data/standard/05/45/54534.html">A.8.2.3</reference>
        <reference href="https://www.iso.org/contents/data/standard/05/45/54534.html">A.9.1.1</reference>
        <reference href="https://www.iso.org/contents/data/standard/05/45/54534.html">A.9.1.2</reference>
        <reference href="https://www.iso.org/contents/data/standard/05/45/54534.html">A.9.2.3</reference>
        <reference href="https://www.iso.org/contents/data/standard/05/45/54534.html">A.9.4.1</reference>
        <reference href="https://www.iso.org/contents/data/standard/05/45/54534.html">A.9.4.4</reference>
        <reference href="https://www.iso.org/contents/data/standard/05/45/54534.html">A.9.4.5</reference>
        <reference href="http://nvlpubs.nist.gov/nistpubs/SpecialPublications/NIST.SP.800-53r4.pdf">CM-6(a)</reference>
        <reference href="http://nvlpubs.nist.gov/nistpubs/SpecialPublications/NIST.SP.800-53r4.pdf">AC-6(1)</reference>
        <reference href="https://nvlpubs.nist.gov/nistpubs/CSWP/NIST.CSWP.04162018.pdf">PR.AC-4</reference>
        <reference href="https://nvlpubs.nist.gov/nistpubs/CSWP/NIST.CSWP.04162018.pdf">PR.DS-5</reference>
        <reference href="https://www.cyber.mil/stigs/downloads/?_dl_facet_stigs=operating-systems%2Cgeneral-purpose-os">SRG-OS-000480-GPOS-00227</reference>
        <reference href="https://www.cisecurity.org/benchmark/suse_linux/">5.1.3</reference>
        <reference href="not_publicly_available">SLES-15-300600045</reference>
        <reference href="not_publicly_available">SLES-15-600150045</reference>
        <reference href="https://docs-prv.pcisecuritystandards.org/PCI%20DSS/Standard/PCI-DSS-v4_0.pdf">2.2.6</reference>
        <reference href="https://docs-prv.pcisecuritystandards.org/PCI%20DSS/Standard/PCI-DSS-v4_0.pdf">2.2</reference>
        <rationale xmlns:xhtml="http://www.w3.org/1999/xhtml" xml:lang="en-US">Service configuration files enable or disable features of their respective services that if configured incorrectly
can lead to insecure and vulnerable configurations. Therefore, service configuration files should be owned by the
correct group to prevent unauthorized changes.</rationale>
        <ident system="https://ncp.nist.gov/cce">CCE-91382-2</ident>
        <fix xmlns:xhtml="http://www.w3.org/1999/xhtml" id="file_groupowner_cron_hourly" system="urn:xccdf:fix:script:sh" complexity="low" disruption="low" strategy="configure"># Remediation is applicable only in certain platforms
if rpm --quiet -q kernel-default || rpm --quiet -q kernel-default-base; then

newgroup=""
if getent group "0" &gt;/dev/null 2&gt;&amp;1; then
  newgroup="0"
fi

if [[ -z "${newgroup}" ]]; then
  &gt;&amp;2 echo "0 is not a defined group on the system"
else
find -P /etc/cron.hourly/ -maxdepth 0 -type d  ! -group 0 -exec chgrp --no-dereference "$newgroup" {} \;

fi

else
    &gt;&amp;2 echo 'Remediation is not applicable, nothing was done'
fi
</fix>
        <fix xmlns:xhtml="http://www.w3.org/1999/xhtml" id="file_groupowner_cron_hourly" system="urn:xccdf:fix:script:ansible" complexity="low" disruption="low" strategy="configure">- name: Gather the package facts
  package_facts:
    manager: auto
  tags:
  - CCE-91382-2
  - NIST-800-53-AC-6(1)
  - NIST-800-53-CM-6(a)
  - PCI-DSSv4-2.2
  - PCI-DSSv4-2.2.6
  - configure_strategy
  - file_groupowner_cron_hourly
  - low_complexity
  - low_disruption
  - medium_severity
  - no_reboot_needed

- name: Set the file_groupowner_cron_hourly_newgroup variable if represented by gid
  ansible.builtin.set_fact:
    file_groupowner_cron_hourly_newgroup: '0'
  when: ("kernel-default" in ansible_facts.packages or "kernel-default-base" in ansible_facts.packages)
  tags:
  - CCE-91382-2
  - NIST-800-53-AC-6(1)
  - NIST-800-53-CM-6(a)
  - PCI-DSSv4-2.2
  - PCI-DSSv4-2.2.6
  - configure_strategy
  - file_groupowner_cron_hourly
  - low_complexity
  - low_disruption
  - medium_severity
  - no_reboot_needed

- name: Ensure group owner on /etc/cron.hourly/
  ansible.builtin.file:
    path: /etc/cron.hourly/
    follow: false
    state: directory
    group: '{{ file_groupowner_cron_hourly_newgroup }}'
  when: ("kernel-default" in ansible_facts.packages or "kernel-default-base" in ansible_facts.packages)
  tags:
  - CCE-91382-2
  - NIST-800-53-AC-6(1)
  - NIST-800-53-CM-6(a)
  - PCI-DSSv4-2.2
  - PCI-DSSv4-2.2.6
  - configure_strategy
  - file_groupowner_cron_hourly
  - low_complexity
  - low_disruption
  - medium_severity
  - no_reboot_needed
</fix>
        <check system="http://oval.mitre.org/XMLSchema/oval-definitions-5">
          <check-content-ref name="oval:ssg-file_groupowner_cron_hourly:def:1" href="ssg-sle15-oval.xml"/>
        </check>
        <check system="http://scap.nist.gov/schema/ocil/2">
          <check-content-ref name="ocil:ssg-file_groupowner_cron_hourly_ocil:questionnaire:1" href="ssg-sle15-ocil.xml"/>
        </check>
      </Rule>
      <Rule id="xccdf_org.ssgproject.content_rule_file_groupowner_cron_monthly" selected="false" role="full" severity="medium">
        <title xmlns:xhtml="http://www.w3.org/1999/xhtml" xml:lang="en-US">Verify Group Who Owns cron.monthly</title>
        <description xmlns:xhtml="http://www.w3.org/1999/xhtml" xml:lang="en-US">
To properly set the group owner of <html:code xmlns:html="http://www.w3.org/1999/xhtml">/etc/cron.monthly</html:code>, run the command:

  <html:pre xmlns:html="http://www.w3.org/1999/xhtml">$ sudo chgrp root /etc/cron.monthly</html:pre>
      </description>
        <reference href="https://www.cisecurity.org/controls/">12</reference>
        <reference href="https://www.cisecurity.org/controls/">13</reference>
        <reference href="https://www.cisecurity.org/controls/">14</reference>
        <reference href="https://www.cisecurity.org/controls/">15</reference>
        <reference href="https://www.cisecurity.org/controls/">16</reference>
        <reference href="https://www.cisecurity.org/controls/">18</reference>
        <reference href="https://www.cisecurity.org/controls/">3</reference>
        <reference href="https://www.cisecurity.org/controls/">5</reference>
        <reference href="https://www.isaca.org/resources/cobit">APO01.06</reference>
        <reference href="https://www.isaca.org/resources/cobit">DSS05.04</reference>
        <reference href="https://www.isaca.org/resources/cobit">DSS05.07</reference>
        <reference href="https://www.isaca.org/resources/cobit">DSS06.02</reference>
        <reference href="https://www.isa.org/products/isa-62443-2-1-2009-security-for-industrial-automat">4.3.3.7.3</reference>
        <reference href="https://www.isa.org/products/ansi-isa-62443-3-3-99-03-03-2013-security-for-indu">SR 2.1</reference>
        <reference href="https://www.isa.org/products/ansi-isa-62443-3-3-99-03-03-2013-security-for-indu">SR 5.2</reference>
        <reference href="https://www.iso.org/contents/data/standard/05/45/54534.html">A.10.1.1</reference>
        <reference href="https://www.iso.org/contents/data/standard/05/45/54534.html">A.11.1.4</reference>
        <reference href="https://www.iso.org/contents/data/standard/05/45/54534.html">A.11.1.5</reference>
        <reference href="https://www.iso.org/contents/data/standard/05/45/54534.html">A.11.2.1</reference>
        <reference href="https://www.iso.org/contents/data/standard/05/45/54534.html">A.13.1.1</reference>
        <reference href="https://www.iso.org/contents/data/standard/05/45/54534.html">A.13.1.3</reference>
        <reference href="https://www.iso.org/contents/data/standard/05/45/54534.html">A.13.2.1</reference>
        <reference href="https://www.iso.org/contents/data/standard/05/45/54534.html">A.13.2.3</reference>
        <reference href="https://www.iso.org/contents/data/standard/05/45/54534.html">A.13.2.4</reference>
        <reference href="https://www.iso.org/contents/data/standard/05/45/54534.html">A.14.1.2</reference>
        <reference href="https://www.iso.org/contents/data/standard/05/45/54534.html">A.14.1.3</reference>
        <reference href="https://www.iso.org/contents/data/standard/05/45/54534.html">A.6.1.2</reference>
        <reference href="https://www.iso.org/contents/data/standard/05/45/54534.html">A.7.1.1</reference>
        <reference href="https://www.iso.org/contents/data/standard/05/45/54534.html">A.7.1.2</reference>
        <reference href="https://www.iso.org/contents/data/standard/05/45/54534.html">A.7.3.1</reference>
        <reference href="https://www.iso.org/contents/data/standard/05/45/54534.html">A.8.2.2</reference>
        <reference href="https://www.iso.org/contents/data/standard/05/45/54534.html">A.8.2.3</reference>
        <reference href="https://www.iso.org/contents/data/standard/05/45/54534.html">A.9.1.1</reference>
        <reference href="https://www.iso.org/contents/data/standard/05/45/54534.html">A.9.1.2</reference>
        <reference href="https://www.iso.org/contents/data/standard/05/45/54534.html">A.9.2.3</reference>
        <reference href="https://www.iso.org/contents/data/standard/05/45/54534.html">A.9.4.1</reference>
        <reference href="https://www.iso.org/contents/data/standard/05/45/54534.html">A.9.4.4</reference>
        <reference href="https://www.iso.org/contents/data/standard/05/45/54534.html">A.9.4.5</reference>
        <reference href="http://nvlpubs.nist.gov/nistpubs/SpecialPublications/NIST.SP.800-53r4.pdf">CM-6(a)</reference>
        <reference href="http://nvlpubs.nist.gov/nistpubs/SpecialPublications/NIST.SP.800-53r4.pdf">AC-6(1)</reference>
        <reference href="https://nvlpubs.nist.gov/nistpubs/CSWP/NIST.CSWP.04162018.pdf">PR.AC-4</reference>
        <reference href="https://nvlpubs.nist.gov/nistpubs/CSWP/NIST.CSWP.04162018.pdf">PR.DS-5</reference>
        <reference href="https://www.cyber.mil/stigs/downloads/?_dl_facet_stigs=operating-systems%2Cgeneral-purpose-os">SRG-OS-000480-GPOS-00227</reference>
        <reference href="https://www.cisecurity.org/benchmark/suse_linux/">5.1.6</reference>
        <reference href="not_publicly_available">SLES-15-300600090</reference>
        <reference href="https://docs-prv.pcisecuritystandards.org/PCI%20DSS/Standard/PCI-DSS-v4_0.pdf">2.2.6</reference>
        <reference href="https://docs-prv.pcisecuritystandards.org/PCI%20DSS/Standard/PCI-DSS-v4_0.pdf">2.2</reference>
        <rationale xmlns:xhtml="http://www.w3.org/1999/xhtml" xml:lang="en-US">Service configuration files enable or disable features of their respective services that if configured incorrectly
can lead to insecure and vulnerable configurations. Therefore, service configuration files should be owned by the
correct group to prevent unauthorized changes.</rationale>
        <ident system="https://ncp.nist.gov/cce">CCE-91388-9</ident>
        <fix xmlns:xhtml="http://www.w3.org/1999/xhtml" id="file_groupowner_cron_monthly" system="urn:xccdf:fix:script:sh" complexity="low" disruption="low" strategy="configure"># Remediation is applicable only in certain platforms
if rpm --quiet -q kernel-default || rpm --quiet -q kernel-default-base; then

newgroup=""
if getent group "0" &gt;/dev/null 2&gt;&amp;1; then
  newgroup="0"
fi

if [[ -z "${newgroup}" ]]; then
  &gt;&amp;2 echo "0 is not a defined group on the system"
else
find -P /etc/cron.monthly/ -maxdepth 0 -type d  ! -group 0 -exec chgrp --no-dereference "$newgroup" {} \;

fi

else
    &gt;&amp;2 echo 'Remediation is not applicable, nothing was done'
fi
</fix>
        <fix xmlns:xhtml="http://www.w3.org/1999/xhtml" id="file_groupowner_cron_monthly" system="urn:xccdf:fix:script:ansible" complexity="low" disruption="low" strategy="configure">- name: Gather the package facts
  package_facts:
    manager: auto
  tags:
  - CCE-91388-9
  - NIST-800-53-AC-6(1)
  - NIST-800-53-CM-6(a)
  - PCI-DSSv4-2.2
  - PCI-DSSv4-2.2.6
  - configure_strategy
  - file_groupowner_cron_monthly
  - low_complexity
  - low_disruption
  - medium_severity
  - no_reboot_needed

- name: Set the file_groupowner_cron_monthly_newgroup variable if represented by gid
  ansible.builtin.set_fact:
    file_groupowner_cron_monthly_newgroup: '0'
  when: ("kernel-default" in ansible_facts.packages or "kernel-default-base" in ansible_facts.packages)
  tags:
  - CCE-91388-9
  - NIST-800-53-AC-6(1)
  - NIST-800-53-CM-6(a)
  - PCI-DSSv4-2.2
  - PCI-DSSv4-2.2.6
  - configure_strategy
  - file_groupowner_cron_monthly
  - low_complexity
  - low_disruption
  - medium_severity
  - no_reboot_needed

- name: Ensure group owner on /etc/cron.monthly/
  ansible.builtin.file:
    path: /etc/cron.monthly/
    follow: false
    state: directory
    group: '{{ file_groupowner_cron_monthly_newgroup }}'
  when: ("kernel-default" in ansible_facts.packages or "kernel-default-base" in ansible_facts.packages)
  tags:
  - CCE-91388-9
  - NIST-800-53-AC-6(1)
  - NIST-800-53-CM-6(a)
  - PCI-DSSv4-2.2
  - PCI-DSSv4-2.2.6
  - configure_strategy
  - file_groupowner_cron_monthly
  - low_complexity
  - low_disruption
  - medium_severity
  - no_reboot_needed
</fix>
        <check system="http://oval.mitre.org/XMLSchema/oval-definitions-5">
          <check-content-ref name="oval:ssg-file_groupowner_cron_monthly:def:1" href="ssg-sle15-oval.xml"/>
        </check>
        <check system="http://scap.nist.gov/schema/ocil/2">
          <check-content-ref name="ocil:ssg-file_groupowner_cron_monthly_ocil:questionnaire:1" href="ssg-sle15-ocil.xml"/>
        </check>
      </Rule>
      <Rule id="xccdf_org.ssgproject.content_rule_file_groupowner_cron_weekly" selected="false" role="full" severity="medium">
        <title xmlns:xhtml="http://www.w3.org/1999/xhtml" xml:lang="en-US">Verify Group Who Owns cron.weekly</title>
        <description xmlns:xhtml="http://www.w3.org/1999/xhtml" xml:lang="en-US">
To properly set the group owner of <html:code xmlns:html="http://www.w3.org/1999/xhtml">/etc/cron.weekly</html:code>, run the command:

  <html:pre xmlns:html="http://www.w3.org/1999/xhtml">$ sudo chgrp root /etc/cron.weekly</html:pre>
      </description>
        <reference href="https://www.cisecurity.org/controls/">12</reference>
        <reference href="https://www.cisecurity.org/controls/">13</reference>
        <reference href="https://www.cisecurity.org/controls/">14</reference>
        <reference href="https://www.cisecurity.org/controls/">15</reference>
        <reference href="https://www.cisecurity.org/controls/">16</reference>
        <reference href="https://www.cisecurity.org/controls/">18</reference>
        <reference href="https://www.cisecurity.org/controls/">3</reference>
        <reference href="https://www.cisecurity.org/controls/">5</reference>
        <reference href="https://www.isaca.org/resources/cobit">APO01.06</reference>
        <reference href="https://www.isaca.org/resources/cobit">DSS05.04</reference>
        <reference href="https://www.isaca.org/resources/cobit">DSS05.07</reference>
        <reference href="https://www.isaca.org/resources/cobit">DSS06.02</reference>
        <reference href="https://www.isa.org/products/isa-62443-2-1-2009-security-for-industrial-automat">4.3.3.7.3</reference>
        <reference href="https://www.isa.org/products/ansi-isa-62443-3-3-99-03-03-2013-security-for-indu">SR 2.1</reference>
        <reference href="https://www.isa.org/products/ansi-isa-62443-3-3-99-03-03-2013-security-for-indu">SR 5.2</reference>
        <reference href="https://www.iso.org/contents/data/standard/05/45/54534.html">A.10.1.1</reference>
        <reference href="https://www.iso.org/contents/data/standard/05/45/54534.html">A.11.1.4</reference>
        <reference href="https://www.iso.org/contents/data/standard/05/45/54534.html">A.11.1.5</reference>
        <reference href="https://www.iso.org/contents/data/standard/05/45/54534.html">A.11.2.1</reference>
        <reference href="https://www.iso.org/contents/data/standard/05/45/54534.html">A.13.1.1</reference>
        <reference href="https://www.iso.org/contents/data/standard/05/45/54534.html">A.13.1.3</reference>
        <reference href="https://www.iso.org/contents/data/standard/05/45/54534.html">A.13.2.1</reference>
        <reference href="https://www.iso.org/contents/data/standard/05/45/54534.html">A.13.2.3</reference>
        <reference href="https://www.iso.org/contents/data/standard/05/45/54534.html">A.13.2.4</reference>
        <reference href="https://www.iso.org/contents/data/standard/05/45/54534.html">A.14.1.2</reference>
        <reference href="https://www.iso.org/contents/data/standard/05/45/54534.html">A.14.1.3</reference>
        <reference href="https://www.iso.org/contents/data/standard/05/45/54534.html">A.6.1.2</reference>
        <reference href="https://www.iso.org/contents/data/standard/05/45/54534.html">A.7.1.1</reference>
        <reference href="https://www.iso.org/contents/data/standard/05/45/54534.html">A.7.1.2</reference>
        <reference href="https://www.iso.org/contents/data/standard/05/45/54534.html">A.7.3.1</reference>
        <reference href="https://www.iso.org/contents/data/standard/05/45/54534.html">A.8.2.2</reference>
        <reference href="https://www.iso.org/contents/data/standard/05/45/54534.html">A.8.2.3</reference>
        <reference href="https://www.iso.org/contents/data/standard/05/45/54534.html">A.9.1.1</reference>
        <reference href="https://www.iso.org/contents/data/standard/05/45/54534.html">A.9.1.2</reference>
        <reference href="https://www.iso.org/contents/data/standard/05/45/54534.html">A.9.2.3</reference>
        <reference href="https://www.iso.org/contents/data/standard/05/45/54534.html">A.9.4.1</reference>
        <reference href="https://www.iso.org/contents/data/standard/05/45/54534.html">A.9.4.4</reference>
        <reference href="https://www.iso.org/contents/data/standard/05/45/54534.html">A.9.4.5</reference>
        <reference href="http://nvlpubs.nist.gov/nistpubs/SpecialPublications/NIST.SP.800-53r4.pdf">CM-6(a)</reference>
        <reference href="http://nvlpubs.nist.gov/nistpubs/SpecialPublications/NIST.SP.800-53r4.pdf">AC-6(1)</reference>
        <reference href="https://nvlpubs.nist.gov/nistpubs/CSWP/NIST.CSWP.04162018.pdf">PR.AC-4</reference>
        <reference href="https://nvlpubs.nist.gov/nistpubs/CSWP/NIST.CSWP.04162018.pdf">PR.DS-5</reference>
        <reference href="https://www.cyber.mil/stigs/downloads/?_dl_facet_stigs=operating-systems%2Cgeneral-purpose-os">SRG-OS-000480-GPOS-00227</reference>
        <reference href="https://www.cisecurity.org/benchmark/suse_linux/">5.1.5</reference>
        <reference href="not_publicly_available">SLES-15-300600075</reference>
        <reference href="https://docs-prv.pcisecuritystandards.org/PCI%20DSS/Standard/PCI-DSS-v4_0.pdf">2.2.6</reference>
        <reference href="https://docs-prv.pcisecuritystandards.org/PCI%20DSS/Standard/PCI-DSS-v4_0.pdf">2.2</reference>
        <rationale xmlns:xhtml="http://www.w3.org/1999/xhtml" xml:lang="en-US">Service configuration files enable or disable features of their respective services that if configured incorrectly
can lead to insecure and vulnerable configurations. Therefore, service configuration files should be owned by the
correct group to prevent unauthorized changes.</rationale>
        <ident system="https://ncp.nist.gov/cce">CCE-91386-3</ident>
        <fix xmlns:xhtml="http://www.w3.org/1999/xhtml" id="file_groupowner_cron_weekly" system="urn:xccdf:fix:script:sh" complexity="low" disruption="low" strategy="configure"># Remediation is applicable only in certain platforms
if rpm --quiet -q kernel-default || rpm --quiet -q kernel-default-base; then

newgroup=""
if getent group "0" &gt;/dev/null 2&gt;&amp;1; then
  newgroup="0"
fi

if [[ -z "${newgroup}" ]]; then
  &gt;&amp;2 echo "0 is not a defined group on the system"
else
find -P /etc/cron.weekly/ -maxdepth 0 -type d  ! -group 0 -exec chgrp --no-dereference "$newgroup" {} \;

fi

else
    &gt;&amp;2 echo 'Remediation is not applicable, nothing was done'
fi
</fix>
        <fix xmlns:xhtml="http://www.w3.org/1999/xhtml" id="file_groupowner_cron_weekly" system="urn:xccdf:fix:script:ansible" complexity="low" disruption="low" strategy="configure">- name: Gather the package facts
  package_facts:
    manager: auto
  tags:
  - CCE-91386-3
  - NIST-800-53-AC-6(1)
  - NIST-800-53-CM-6(a)
  - PCI-DSSv4-2.2
  - PCI-DSSv4-2.2.6
  - configure_strategy
  - file_groupowner_cron_weekly
  - low_complexity
  - low_disruption
  - medium_severity
  - no_reboot_needed

- name: Set the file_groupowner_cron_weekly_newgroup variable if represented by gid
  ansible.builtin.set_fact:
    file_groupowner_cron_weekly_newgroup: '0'
  when: ("kernel-default" in ansible_facts.packages or "kernel-default-base" in ansible_facts.packages)
  tags:
  - CCE-91386-3
  - NIST-800-53-AC-6(1)
  - NIST-800-53-CM-6(a)
  - PCI-DSSv4-2.2
  - PCI-DSSv4-2.2.6
  - configure_strategy
  - file_groupowner_cron_weekly
  - low_complexity
  - low_disruption
  - medium_severity
  - no_reboot_needed

- name: Ensure group owner on /etc/cron.weekly/
  ansible.builtin.file:
    path: /etc/cron.weekly/
    follow: false
    state: directory
    group: '{{ file_groupowner_cron_weekly_newgroup }}'
  when: ("kernel-default" in ansible_facts.packages or "kernel-default-base" in ansible_facts.packages)
  tags:
  - CCE-91386-3
  - NIST-800-53-AC-6(1)
  - NIST-800-53-CM-6(a)
  - PCI-DSSv4-2.2
  - PCI-DSSv4-2.2.6
  - configure_strategy
  - file_groupowner_cron_weekly
  - low_complexity
  - low_disruption
  - medium_severity
  - no_reboot_needed
</fix>
        <check system="http://oval.mitre.org/XMLSchema/oval-definitions-5">
          <check-content-ref name="oval:ssg-file_groupowner_cron_weekly:def:1" href="ssg-sle15-oval.xml"/>
        </check>
        <check system="http://scap.nist.gov/schema/ocil/2">
          <check-content-ref name="ocil:ssg-file_groupowner_cron_weekly_ocil:questionnaire:1" href="ssg-sle15-ocil.xml"/>
        </check>
      </Rule>
      <Rule id="xccdf_org.ssgproject.content_rule_file_groupowner_crontab" selected="false" role="full" severity="medium">
        <title xmlns:xhtml="http://www.w3.org/1999/xhtml" xml:lang="en-US">Verify Group Who Owns Crontab</title>
        <description xmlns:xhtml="http://www.w3.org/1999/xhtml" xml:lang="en-US">
To properly set the group owner of <html:code xmlns:html="http://www.w3.org/1999/xhtml">/etc/crontab</html:code>, run the command:

  <html:pre xmlns:html="http://www.w3.org/1999/xhtml">$ sudo chgrp root /etc/crontab</html:pre>
      </description>
        <reference href="https://www.cisecurity.org/controls/">12</reference>
        <reference href="https://www.cisecurity.org/controls/">13</reference>
        <reference href="https://www.cisecurity.org/controls/">14</reference>
        <reference href="https://www.cisecurity.org/controls/">15</reference>
        <reference href="https://www.cisecurity.org/controls/">16</reference>
        <reference href="https://www.cisecurity.org/controls/">18</reference>
        <reference href="https://www.cisecurity.org/controls/">3</reference>
        <reference href="https://www.cisecurity.org/controls/">5</reference>
        <reference href="https://www.isaca.org/resources/cobit">APO01.06</reference>
        <reference href="https://www.isaca.org/resources/cobit">DSS05.04</reference>
        <reference href="https://www.isaca.org/resources/cobit">DSS05.07</reference>
        <reference href="https://www.isaca.org/resources/cobit">DSS06.02</reference>
        <reference href="https://www.isa.org/products/isa-62443-2-1-2009-security-for-industrial-automat">4.3.3.7.3</reference>
        <reference href="https://www.isa.org/products/ansi-isa-62443-3-3-99-03-03-2013-security-for-indu">SR 2.1</reference>
        <reference href="https://www.isa.org/products/ansi-isa-62443-3-3-99-03-03-2013-security-for-indu">SR 5.2</reference>
        <reference href="https://www.iso.org/contents/data/standard/05/45/54534.html">A.10.1.1</reference>
        <reference href="https://www.iso.org/contents/data/standard/05/45/54534.html">A.11.1.4</reference>
        <reference href="https://www.iso.org/contents/data/standard/05/45/54534.html">A.11.1.5</reference>
        <reference href="https://www.iso.org/contents/data/standard/05/45/54534.html">A.11.2.1</reference>
        <reference href="https://www.iso.org/contents/data/standard/05/45/54534.html">A.13.1.1</reference>
        <reference href="https://www.iso.org/contents/data/standard/05/45/54534.html">A.13.1.3</reference>
        <reference href="https://www.iso.org/contents/data/standard/05/45/54534.html">A.13.2.1</reference>
        <reference href="https://www.iso.org/contents/data/standard/05/45/54534.html">A.13.2.3</reference>
        <reference href="https://www.iso.org/contents/data/standard/05/45/54534.html">A.13.2.4</reference>
        <reference href="https://www.iso.org/contents/data/standard/05/45/54534.html">A.14.1.2</reference>
        <reference href="https://www.iso.org/contents/data/standard/05/45/54534.html">A.14.1.3</reference>
        <reference href="https://www.iso.org/contents/data/standard/05/45/54534.html">A.6.1.2</reference>
        <reference href="https://www.iso.org/contents/data/standard/05/45/54534.html">A.7.1.1</reference>
        <reference href="https://www.iso.org/contents/data/standard/05/45/54534.html">A.7.1.2</reference>
        <reference href="https://www.iso.org/contents/data/standard/05/45/54534.html">A.7.3.1</reference>
        <reference href="https://www.iso.org/contents/data/standard/05/45/54534.html">A.8.2.2</reference>
        <reference href="https://www.iso.org/contents/data/standard/05/45/54534.html">A.8.2.3</reference>
        <reference href="https://www.iso.org/contents/data/standard/05/45/54534.html">A.9.1.1</reference>
        <reference href="https://www.iso.org/contents/data/standard/05/45/54534.html">A.9.1.2</reference>
        <reference href="https://www.iso.org/contents/data/standard/05/45/54534.html">A.9.2.3</reference>
        <reference href="https://www.iso.org/contents/data/standard/05/45/54534.html">A.9.4.1</reference>
        <reference href="https://www.iso.org/contents/data/standard/05/45/54534.html">A.9.4.4</reference>
        <reference href="https://www.iso.org/contents/data/standard/05/45/54534.html">A.9.4.5</reference>
        <reference href="http://nvlpubs.nist.gov/nistpubs/SpecialPublications/NIST.SP.800-53r4.pdf">CM-6(a)</reference>
        <reference href="http://nvlpubs.nist.gov/nistpubs/SpecialPublications/NIST.SP.800-53r4.pdf">AC-6(1)</reference>
        <reference href="https://nvlpubs.nist.gov/nistpubs/CSWP/NIST.CSWP.04162018.pdf">PR.AC-4</reference>
        <reference href="https://nvlpubs.nist.gov/nistpubs/CSWP/NIST.CSWP.04162018.pdf">PR.DS-5</reference>
        <reference href="https://www.cyber.mil/stigs/downloads/?_dl_facet_stigs=operating-systems%2Cgeneral-purpose-os">SRG-OS-000480-GPOS-00227</reference>
        <reference href="https://www.cisecurity.org/benchmark/suse_linux/">5.1.2</reference>
        <reference href="not_publicly_available">SLES-15-300600030</reference>
        <reference href="https://docs-prv.pcisecuritystandards.org/PCI%20DSS/Standard/PCI-DSS-v4_0.pdf">2.2.6</reference>
        <reference href="https://docs-prv.pcisecuritystandards.org/PCI%20DSS/Standard/PCI-DSS-v4_0.pdf">2.2</reference>
        <rationale xmlns:xhtml="http://www.w3.org/1999/xhtml" xml:lang="en-US">Service configuration files enable or disable features of their respective services that if configured incorrectly
can lead to insecure and vulnerable configurations. Therefore, service configuration files should be owned by the
correct group to prevent unauthorized changes.</rationale>
        <ident system="https://ncp.nist.gov/cce">CCE-91380-6</ident>
        <fix xmlns:xhtml="http://www.w3.org/1999/xhtml" id="file_groupowner_crontab" system="urn:xccdf:fix:script:sh" complexity="low" disruption="low" strategy="configure"># Remediation is applicable only in certain platforms
if rpm --quiet -q kernel-default || rpm --quiet -q kernel-default-base; then

newgroup=""
if getent group "0" &gt;/dev/null 2&gt;&amp;1; then
  newgroup="0"
fi

if [[ -z "${newgroup}" ]]; then
  &gt;&amp;2 echo "0 is not a defined group on the system"
else
if ! stat -c "%g %G" "/etc/crontab" | grep -E -w -q "0"; then
    chgrp --no-dereference "$newgroup" /etc/crontab
fi

fi

else
    &gt;&amp;2 echo 'Remediation is not applicable, nothing was done'
fi
</fix>
        <fix xmlns:xhtml="http://www.w3.org/1999/xhtml" id="file_groupowner_crontab" system="urn:xccdf:fix:script:ansible" complexity="low" disruption="low" strategy="configure">- name: Gather the package facts
  package_facts:
    manager: auto
  tags:
  - CCE-91380-6
  - NIST-800-53-AC-6(1)
  - NIST-800-53-CM-6(a)
  - PCI-DSSv4-2.2
  - PCI-DSSv4-2.2.6
  - configure_strategy
  - file_groupowner_crontab
  - low_complexity
  - low_disruption
  - medium_severity
  - no_reboot_needed

- name: Set the file_groupowner_crontab_newgroup variable if represented by gid
  ansible.builtin.set_fact:
    file_groupowner_crontab_newgroup: '0'
  when: ("kernel-default" in ansible_facts.packages or "kernel-default-base" in ansible_facts.packages)
  tags:
  - CCE-91380-6
  - NIST-800-53-AC-6(1)
  - NIST-800-53-CM-6(a)
  - PCI-DSSv4-2.2
  - PCI-DSSv4-2.2.6
  - configure_strategy
  - file_groupowner_crontab
  - low_complexity
  - low_disruption
  - medium_severity
  - no_reboot_needed

- name: Test for existence /etc/crontab
  ansible.builtin.stat:
    path: /etc/crontab
  register: file_exists
  when: ("kernel-default" in ansible_facts.packages or "kernel-default-base" in ansible_facts.packages)
  tags:
  - CCE-91380-6
  - NIST-800-53-AC-6(1)
  - NIST-800-53-CM-6(a)
  - PCI-DSSv4-2.2
  - PCI-DSSv4-2.2.6
  - configure_strategy
  - file_groupowner_crontab
  - low_complexity
  - low_disruption
  - medium_severity
  - no_reboot_needed

- name: Ensure group owner on /etc/crontab
  ansible.builtin.file:
    path: /etc/crontab
    follow: false
    group: '{{ file_groupowner_crontab_newgroup }}'
  when:
  - ("kernel-default" in ansible_facts.packages or "kernel-default-base" in ansible_facts.packages)
  - file_exists.stat is defined and file_exists.stat.exists
  tags:
  - CCE-91380-6
  - NIST-800-53-AC-6(1)
  - NIST-800-53-CM-6(a)
  - PCI-DSSv4-2.2
  - PCI-DSSv4-2.2.6
  - configure_strategy
  - file_groupowner_crontab
  - low_complexity
  - low_disruption
  - medium_severity
  - no_reboot_needed
</fix>
        <check system="http://oval.mitre.org/XMLSchema/oval-definitions-5">
          <check-content-ref name="oval:ssg-file_groupowner_crontab:def:1" href="ssg-sle15-oval.xml"/>
        </check>
        <check system="http://scap.nist.gov/schema/ocil/2">
          <check-content-ref name="ocil:ssg-file_groupowner_crontab_ocil:questionnaire:1" href="ssg-sle15-ocil.xml"/>
        </check>
      </Rule>
      <Rule id="xccdf_org.ssgproject.content_rule_file_owner_cron_d" selected="false" role="full" severity="medium">
        <title xmlns:xhtml="http://www.w3.org/1999/xhtml" xml:lang="en-US">Verify Owner on cron.d</title>
        <description xmlns:xhtml="http://www.w3.org/1999/xhtml" xml:lang="en-US">
To properly set the owner of <html:code xmlns:html="http://www.w3.org/1999/xhtml">/etc/cron.d</html:code>, run the command:

  <html:pre xmlns:html="http://www.w3.org/1999/xhtml">$ sudo chown root /etc/cron.d </html:pre>
      </description>
        <reference href="https://www.cisecurity.org/controls/">12</reference>
        <reference href="https://www.cisecurity.org/controls/">13</reference>
        <reference href="https://www.cisecurity.org/controls/">14</reference>
        <reference href="https://www.cisecurity.org/controls/">15</reference>
        <reference href="https://www.cisecurity.org/controls/">16</reference>
        <reference href="https://www.cisecurity.org/controls/">18</reference>
        <reference href="https://www.cisecurity.org/controls/">3</reference>
        <reference href="https://www.cisecurity.org/controls/">5</reference>
        <reference href="https://www.isaca.org/resources/cobit">APO01.06</reference>
        <reference href="https://www.isaca.org/resources/cobit">DSS05.04</reference>
        <reference href="https://www.isaca.org/resources/cobit">DSS05.07</reference>
        <reference href="https://www.isaca.org/resources/cobit">DSS06.02</reference>
        <reference href="https://www.isa.org/products/isa-62443-2-1-2009-security-for-industrial-automat">4.3.3.7.3</reference>
        <reference href="https://www.isa.org/products/ansi-isa-62443-3-3-99-03-03-2013-security-for-indu">SR 2.1</reference>
        <reference href="https://www.isa.org/products/ansi-isa-62443-3-3-99-03-03-2013-security-for-indu">SR 5.2</reference>
        <reference href="https://www.iso.org/contents/data/standard/05/45/54534.html">A.10.1.1</reference>
        <reference href="https://www.iso.org/contents/data/standard/05/45/54534.html">A.11.1.4</reference>
        <reference href="https://www.iso.org/contents/data/standard/05/45/54534.html">A.11.1.5</reference>
        <reference href="https://www.iso.org/contents/data/standard/05/45/54534.html">A.11.2.1</reference>
        <reference href="https://www.iso.org/contents/data/standard/05/45/54534.html">A.13.1.1</reference>
        <reference href="https://www.iso.org/contents/data/standard/05/45/54534.html">A.13.1.3</reference>
        <reference href="https://www.iso.org/contents/data/standard/05/45/54534.html">A.13.2.1</reference>
        <reference href="https://www.iso.org/contents/data/standard/05/45/54534.html">A.13.2.3</reference>
        <reference href="https://www.iso.org/contents/data/standard/05/45/54534.html">A.13.2.4</reference>
        <reference href="https://www.iso.org/contents/data/standard/05/45/54534.html">A.14.1.2</reference>
        <reference href="https://www.iso.org/contents/data/standard/05/45/54534.html">A.14.1.3</reference>
        <reference href="https://www.iso.org/contents/data/standard/05/45/54534.html">A.6.1.2</reference>
        <reference href="https://www.iso.org/contents/data/standard/05/45/54534.html">A.7.1.1</reference>
        <reference href="https://www.iso.org/contents/data/standard/05/45/54534.html">A.7.1.2</reference>
        <reference href="https://www.iso.org/contents/data/standard/05/45/54534.html">A.7.3.1</reference>
        <reference href="https://www.iso.org/contents/data/standard/05/45/54534.html">A.8.2.2</reference>
        <reference href="https://www.iso.org/contents/data/standard/05/45/54534.html">A.8.2.3</reference>
        <reference href="https://www.iso.org/contents/data/standard/05/45/54534.html">A.9.1.1</reference>
        <reference href="https://www.iso.org/contents/data/standard/05/45/54534.html">A.9.1.2</reference>
        <reference href="https://www.iso.org/contents/data/standard/05/45/54534.html">A.9.2.3</reference>
        <reference href="https://www.iso.org/contents/data/standard/05/45/54534.html">A.9.4.1</reference>
        <reference href="https://www.iso.org/contents/data/standard/05/45/54534.html">A.9.4.4</reference>
        <reference href="https://www.iso.org/contents/data/standard/05/45/54534.html">A.9.4.5</reference>
        <reference href="http://nvlpubs.nist.gov/nistpubs/SpecialPublications/NIST.SP.800-53r4.pdf">CM-6(a)</reference>
        <reference href="http://nvlpubs.nist.gov/nistpubs/SpecialPublications/NIST.SP.800-53r4.pdf">AC-6(1)</reference>
        <reference href="https://nvlpubs.nist.gov/nistpubs/CSWP/NIST.CSWP.04162018.pdf">PR.AC-4</reference>
        <reference href="https://nvlpubs.nist.gov/nistpubs/CSWP/NIST.CSWP.04162018.pdf">PR.DS-5</reference>
        <reference href="https://www.cyber.mil/stigs/downloads/?_dl_facet_stigs=operating-systems%2Cgeneral-purpose-os">SRG-OS-000480-GPOS-00227</reference>
        <reference href="https://www.cisecurity.org/benchmark/suse_linux/">5.1.7</reference>
        <reference href="not_publicly_available">SLES-15-300600105</reference>
        <reference href="https://docs-prv.pcisecuritystandards.org/PCI%20DSS/Standard/PCI-DSS-v4_0.pdf">2.2.6</reference>
        <reference href="https://docs-prv.pcisecuritystandards.org/PCI%20DSS/Standard/PCI-DSS-v4_0.pdf">2.2</reference>
        <rationale xmlns:xhtml="http://www.w3.org/1999/xhtml" xml:lang="en-US">Service configuration files enable or disable features of their respective services that if configured incorrectly
can lead to insecure and vulnerable configurations. Therefore, service configuration files should be owned by the
correct user to prevent unauthorized changes.</rationale>
        <ident system="https://ncp.nist.gov/cce">CCE-91390-5</ident>
        <fix xmlns:xhtml="http://www.w3.org/1999/xhtml" id="file_owner_cron_d" system="urn:xccdf:fix:script:sh" complexity="low" disruption="low" strategy="configure"># Remediation is applicable only in certain platforms
if rpm --quiet -q kernel-default || rpm --quiet -q kernel-default-base; then

newown=""
if id "0" &gt;/dev/null 2&gt;&amp;1; then
  newown="0"
fi

if [[ -z "$newown" ]]; then
  &gt;&amp;2 echo "0 is not a defined user on the system"
else
find -P /etc/cron.d/ -maxdepth 0 -type d  ! -user 0 -exec chown --no-dereference "$newown" {} \;

fi

else
    &gt;&amp;2 echo 'Remediation is not applicable, nothing was done'
fi
</fix>
        <fix xmlns:xhtml="http://www.w3.org/1999/xhtml" id="file_owner_cron_d" system="urn:xccdf:fix:script:ansible" complexity="low" disruption="low" strategy="configure">- name: Gather the package facts
  package_facts:
    manager: auto
  tags:
  - CCE-91390-5
  - NIST-800-53-AC-6(1)
  - NIST-800-53-CM-6(a)
  - PCI-DSSv4-2.2
  - PCI-DSSv4-2.2.6
  - configure_strategy
  - file_owner_cron_d
  - low_complexity
  - low_disruption
  - medium_severity
  - no_reboot_needed

- name: Set the file_owner_cron_d_newown variable if represented by uid
  ansible.builtin.set_fact:
    file_owner_cron_d_newown: '0'
  when: ("kernel-default" in ansible_facts.packages or "kernel-default-base" in ansible_facts.packages)
  tags:
  - CCE-91390-5
  - NIST-800-53-AC-6(1)
  - NIST-800-53-CM-6(a)
  - PCI-DSSv4-2.2
  - PCI-DSSv4-2.2.6
  - configure_strategy
  - file_owner_cron_d
  - low_complexity
  - low_disruption
  - medium_severity
  - no_reboot_needed

- name: Ensure owner on directory /etc/cron.d/
  ansible.builtin.file:
    path: /etc/cron.d/
    follow: false
    state: directory
    owner: '{{ file_owner_cron_d_newown }}'
  when: ("kernel-default" in ansible_facts.packages or "kernel-default-base" in ansible_facts.packages)
  tags:
  - CCE-91390-5
  - NIST-800-53-AC-6(1)
  - NIST-800-53-CM-6(a)
  - PCI-DSSv4-2.2
  - PCI-DSSv4-2.2.6
  - configure_strategy
  - file_owner_cron_d
  - low_complexity
  - low_disruption
  - medium_severity
  - no_reboot_needed
</fix>
        <check system="http://oval.mitre.org/XMLSchema/oval-definitions-5">
          <check-content-ref name="oval:ssg-file_owner_cron_d:def:1" href="ssg-sle15-oval.xml"/>
        </check>
        <check system="http://scap.nist.gov/schema/ocil/2">
          <check-content-ref name="ocil:ssg-file_owner_cron_d_ocil:questionnaire:1" href="ssg-sle15-ocil.xml"/>
        </check>
      </Rule>
      <Rule id="xccdf_org.ssgproject.content_rule_file_owner_cron_daily" selected="false" role="full" severity="medium">
        <title xmlns:xhtml="http://www.w3.org/1999/xhtml" xml:lang="en-US">Verify Owner on cron.daily</title>
        <description xmlns:xhtml="http://www.w3.org/1999/xhtml" xml:lang="en-US">
To properly set the owner of <html:code xmlns:html="http://www.w3.org/1999/xhtml">/etc/cron.daily</html:code>, run the command:

  <html:pre xmlns:html="http://www.w3.org/1999/xhtml">$ sudo chown root /etc/cron.daily </html:pre>
      </description>
        <reference href="https://www.cisecurity.org/controls/">12</reference>
        <reference href="https://www.cisecurity.org/controls/">13</reference>
        <reference href="https://www.cisecurity.org/controls/">14</reference>
        <reference href="https://www.cisecurity.org/controls/">15</reference>
        <reference href="https://www.cisecurity.org/controls/">16</reference>
        <reference href="https://www.cisecurity.org/controls/">18</reference>
        <reference href="https://www.cisecurity.org/controls/">3</reference>
        <reference href="https://www.cisecurity.org/controls/">5</reference>
        <reference href="https://www.isaca.org/resources/cobit">APO01.06</reference>
        <reference href="https://www.isaca.org/resources/cobit">DSS05.04</reference>
        <reference href="https://www.isaca.org/resources/cobit">DSS05.07</reference>
        <reference href="https://www.isaca.org/resources/cobit">DSS06.02</reference>
        <reference href="https://www.isa.org/products/isa-62443-2-1-2009-security-for-industrial-automat">4.3.3.7.3</reference>
        <reference href="https://www.isa.org/products/ansi-isa-62443-3-3-99-03-03-2013-security-for-indu">SR 2.1</reference>
        <reference href="https://www.isa.org/products/ansi-isa-62443-3-3-99-03-03-2013-security-for-indu">SR 5.2</reference>
        <reference href="https://www.iso.org/contents/data/standard/05/45/54534.html">A.10.1.1</reference>
        <reference href="https://www.iso.org/contents/data/standard/05/45/54534.html">A.11.1.4</reference>
        <reference href="https://www.iso.org/contents/data/standard/05/45/54534.html">A.11.1.5</reference>
        <reference href="https://www.iso.org/contents/data/standard/05/45/54534.html">A.11.2.1</reference>
        <reference href="https://www.iso.org/contents/data/standard/05/45/54534.html">A.13.1.1</reference>
        <reference href="https://www.iso.org/contents/data/standard/05/45/54534.html">A.13.1.3</reference>
        <reference href="https://www.iso.org/contents/data/standard/05/45/54534.html">A.13.2.1</reference>
        <reference href="https://www.iso.org/contents/data/standard/05/45/54534.html">A.13.2.3</reference>
        <reference href="https://www.iso.org/contents/data/standard/05/45/54534.html">A.13.2.4</reference>
        <reference href="https://www.iso.org/contents/data/standard/05/45/54534.html">A.14.1.2</reference>
        <reference href="https://www.iso.org/contents/data/standard/05/45/54534.html">A.14.1.3</reference>
        <reference href="https://www.iso.org/contents/data/standard/05/45/54534.html">A.6.1.2</reference>
        <reference href="https://www.iso.org/contents/data/standard/05/45/54534.html">A.7.1.1</reference>
        <reference href="https://www.iso.org/contents/data/standard/05/45/54534.html">A.7.1.2</reference>
        <reference href="https://www.iso.org/contents/data/standard/05/45/54534.html">A.7.3.1</reference>
        <reference href="https://www.iso.org/contents/data/standard/05/45/54534.html">A.8.2.2</reference>
        <reference href="https://www.iso.org/contents/data/standard/05/45/54534.html">A.8.2.3</reference>
        <reference href="https://www.iso.org/contents/data/standard/05/45/54534.html">A.9.1.1</reference>
        <reference href="https://www.iso.org/contents/data/standard/05/45/54534.html">A.9.1.2</reference>
        <reference href="https://www.iso.org/contents/data/standard/05/45/54534.html">A.9.2.3</reference>
        <reference href="https://www.iso.org/contents/data/standard/05/45/54534.html">A.9.4.1</reference>
        <reference href="https://www.iso.org/contents/data/standard/05/45/54534.html">A.9.4.4</reference>
        <reference href="https://www.iso.org/contents/data/standard/05/45/54534.html">A.9.4.5</reference>
        <reference href="http://nvlpubs.nist.gov/nistpubs/SpecialPublications/NIST.SP.800-53r4.pdf">CM-6(a)</reference>
        <reference href="http://nvlpubs.nist.gov/nistpubs/SpecialPublications/NIST.SP.800-53r4.pdf">AC-6(1)</reference>
        <reference href="https://nvlpubs.nist.gov/nistpubs/CSWP/NIST.CSWP.04162018.pdf">PR.AC-4</reference>
        <reference href="https://nvlpubs.nist.gov/nistpubs/CSWP/NIST.CSWP.04162018.pdf">PR.DS-5</reference>
        <reference href="https://www.cyber.mil/stigs/downloads/?_dl_facet_stigs=operating-systems%2Cgeneral-purpose-os">SRG-OS-000480-GPOS-00227</reference>
        <reference href="https://www.cisecurity.org/benchmark/suse_linux/">5.1.4</reference>
        <reference href="https://docs-prv.pcisecuritystandards.org/PCI%20DSS/Standard/PCI-DSS-v4_0.pdf">2.2.6</reference>
        <reference href="https://docs-prv.pcisecuritystandards.org/PCI%20DSS/Standard/PCI-DSS-v4_0.pdf">2.2</reference>
        <rationale xmlns:xhtml="http://www.w3.org/1999/xhtml" xml:lang="en-US">Service configuration files enable or disable features of their respective services that if configured incorrectly
can lead to insecure and vulnerable configurations. Therefore, service configuration files should be owned by the
correct user to prevent unauthorized changes.</rationale>
        <ident system="https://ncp.nist.gov/cce">CCE-91384-8</ident>
        <fix xmlns:xhtml="http://www.w3.org/1999/xhtml" id="file_owner_cron_daily" system="urn:xccdf:fix:script:sh" complexity="low" disruption="low" strategy="configure"># Remediation is applicable only in certain platforms
if rpm --quiet -q kernel-default || rpm --quiet -q kernel-default-base; then

newown=""
if id "0" &gt;/dev/null 2&gt;&amp;1; then
  newown="0"
fi

if [[ -z "$newown" ]]; then
  &gt;&amp;2 echo "0 is not a defined user on the system"
else
find -P /etc/cron.daily/ -maxdepth 0 -type d  ! -user 0 -exec chown --no-dereference "$newown" {} \;

fi

else
    &gt;&amp;2 echo 'Remediation is not applicable, nothing was done'
fi
</fix>
        <fix xmlns:xhtml="http://www.w3.org/1999/xhtml" id="file_owner_cron_daily" system="urn:xccdf:fix:script:ansible" complexity="low" disruption="low" strategy="configure">- name: Gather the package facts
  package_facts:
    manager: auto
  tags:
  - CCE-91384-8
  - NIST-800-53-AC-6(1)
  - NIST-800-53-CM-6(a)
  - PCI-DSSv4-2.2
  - PCI-DSSv4-2.2.6
  - configure_strategy
  - file_owner_cron_daily
  - low_complexity
  - low_disruption
  - medium_severity
  - no_reboot_needed

- name: Set the file_owner_cron_daily_newown variable if represented by uid
  ansible.builtin.set_fact:
    file_owner_cron_daily_newown: '0'
  when: ("kernel-default" in ansible_facts.packages or "kernel-default-base" in ansible_facts.packages)
  tags:
  - CCE-91384-8
  - NIST-800-53-AC-6(1)
  - NIST-800-53-CM-6(a)
  - PCI-DSSv4-2.2
  - PCI-DSSv4-2.2.6
  - configure_strategy
  - file_owner_cron_daily
  - low_complexity
  - low_disruption
  - medium_severity
  - no_reboot_needed

- name: Ensure owner on directory /etc/cron.daily/
  ansible.builtin.file:
    path: /etc/cron.daily/
    follow: false
    state: directory
    owner: '{{ file_owner_cron_daily_newown }}'
  when: ("kernel-default" in ansible_facts.packages or "kernel-default-base" in ansible_facts.packages)
  tags:
  - CCE-91384-8
  - NIST-800-53-AC-6(1)
  - NIST-800-53-CM-6(a)
  - PCI-DSSv4-2.2
  - PCI-DSSv4-2.2.6
  - configure_strategy
  - file_owner_cron_daily
  - low_complexity
  - low_disruption
  - medium_severity
  - no_reboot_needed
</fix>
        <check system="http://oval.mitre.org/XMLSchema/oval-definitions-5">
          <check-content-ref name="oval:ssg-file_owner_cron_daily:def:1" href="ssg-sle15-oval.xml"/>
        </check>
        <check system="http://scap.nist.gov/schema/ocil/2">
          <check-content-ref name="ocil:ssg-file_owner_cron_daily_ocil:questionnaire:1" href="ssg-sle15-ocil.xml"/>
        </check>
      </Rule>
      <Rule id="xccdf_org.ssgproject.content_rule_file_owner_cron_hourly" selected="false" role="full" severity="medium">
        <title xmlns:xhtml="http://www.w3.org/1999/xhtml" xml:lang="en-US">Verify Owner on cron.hourly</title>
        <description xmlns:xhtml="http://www.w3.org/1999/xhtml" xml:lang="en-US">
To properly set the owner of <html:code xmlns:html="http://www.w3.org/1999/xhtml">/etc/cron.hourly</html:code>, run the command:

  <html:pre xmlns:html="http://www.w3.org/1999/xhtml">$ sudo chown root /etc/cron.hourly </html:pre>
      </description>
        <reference href="https://www.cisecurity.org/controls/">12</reference>
        <reference href="https://www.cisecurity.org/controls/">13</reference>
        <reference href="https://www.cisecurity.org/controls/">14</reference>
        <reference href="https://www.cisecurity.org/controls/">15</reference>
        <reference href="https://www.cisecurity.org/controls/">16</reference>
        <reference href="https://www.cisecurity.org/controls/">18</reference>
        <reference href="https://www.cisecurity.org/controls/">3</reference>
        <reference href="https://www.cisecurity.org/controls/">5</reference>
        <reference href="https://www.isaca.org/resources/cobit">APO01.06</reference>
        <reference href="https://www.isaca.org/resources/cobit">DSS05.04</reference>
        <reference href="https://www.isaca.org/resources/cobit">DSS05.07</reference>
        <reference href="https://www.isaca.org/resources/cobit">DSS06.02</reference>
        <reference href="https://www.isa.org/products/isa-62443-2-1-2009-security-for-industrial-automat">4.3.3.7.3</reference>
        <reference href="https://www.isa.org/products/ansi-isa-62443-3-3-99-03-03-2013-security-for-indu">SR 2.1</reference>
        <reference href="https://www.isa.org/products/ansi-isa-62443-3-3-99-03-03-2013-security-for-indu">SR 5.2</reference>
        <reference href="https://www.iso.org/contents/data/standard/05/45/54534.html">A.10.1.1</reference>
        <reference href="https://www.iso.org/contents/data/standard/05/45/54534.html">A.11.1.4</reference>
        <reference href="https://www.iso.org/contents/data/standard/05/45/54534.html">A.11.1.5</reference>
        <reference href="https://www.iso.org/contents/data/standard/05/45/54534.html">A.11.2.1</reference>
        <reference href="https://www.iso.org/contents/data/standard/05/45/54534.html">A.13.1.1</reference>
        <reference href="https://www.iso.org/contents/data/standard/05/45/54534.html">A.13.1.3</reference>
        <reference href="https://www.iso.org/contents/data/standard/05/45/54534.html">A.13.2.1</reference>
        <reference href="https://www.iso.org/contents/data/standard/05/45/54534.html">A.13.2.3</reference>
        <reference href="https://www.iso.org/contents/data/standard/05/45/54534.html">A.13.2.4</reference>
        <reference href="https://www.iso.org/contents/data/standard/05/45/54534.html">A.14.1.2</reference>
        <reference href="https://www.iso.org/contents/data/standard/05/45/54534.html">A.14.1.3</reference>
        <reference href="https://www.iso.org/contents/data/standard/05/45/54534.html">A.6.1.2</reference>
        <reference href="https://www.iso.org/contents/data/standard/05/45/54534.html">A.7.1.1</reference>
        <reference href="https://www.iso.org/contents/data/standard/05/45/54534.html">A.7.1.2</reference>
        <reference href="https://www.iso.org/contents/data/standard/05/45/54534.html">A.7.3.1</reference>
        <reference href="https://www.iso.org/contents/data/standard/05/45/54534.html">A.8.2.2</reference>
        <reference href="https://www.iso.org/contents/data/standard/05/45/54534.html">A.8.2.3</reference>
        <reference href="https://www.iso.org/contents/data/standard/05/45/54534.html">A.9.1.1</reference>
        <reference href="https://www.iso.org/contents/data/standard/05/45/54534.html">A.9.1.2</reference>
        <reference href="https://www.iso.org/contents/data/standard/05/45/54534.html">A.9.2.3</reference>
        <reference href="https://www.iso.org/contents/data/standard/05/45/54534.html">A.9.4.1</reference>
        <reference href="https://www.iso.org/contents/data/standard/05/45/54534.html">A.9.4.4</reference>
        <reference href="https://www.iso.org/contents/data/standard/05/45/54534.html">A.9.4.5</reference>
        <reference href="http://nvlpubs.nist.gov/nistpubs/SpecialPublications/NIST.SP.800-53r4.pdf">CM-6(a)</reference>
        <reference href="http://nvlpubs.nist.gov/nistpubs/SpecialPublications/NIST.SP.800-53r4.pdf">AC-6(1)</reference>
        <reference href="https://nvlpubs.nist.gov/nistpubs/CSWP/NIST.CSWP.04162018.pdf">PR.AC-4</reference>
        <reference href="https://nvlpubs.nist.gov/nistpubs/CSWP/NIST.CSWP.04162018.pdf">PR.DS-5</reference>
        <reference href="https://www.cyber.mil/stigs/downloads/?_dl_facet_stigs=operating-systems%2Cgeneral-purpose-os">SRG-OS-000480-GPOS-00227</reference>
        <reference href="https://www.cisecurity.org/benchmark/suse_linux/">5.1.3</reference>
        <reference href="not_publicly_available">SLES-15-300600045</reference>
        <reference href="not_publicly_available">SLES-15-600150045</reference>
        <reference href="https://docs-prv.pcisecuritystandards.org/PCI%20DSS/Standard/PCI-DSS-v4_0.pdf">2.2.6</reference>
        <reference href="https://docs-prv.pcisecuritystandards.org/PCI%20DSS/Standard/PCI-DSS-v4_0.pdf">2.2</reference>
        <rationale xmlns:xhtml="http://www.w3.org/1999/xhtml" xml:lang="en-US">Service configuration files enable or disable features of their respective services that if configured incorrectly
can lead to insecure and vulnerable configurations. Therefore, service configuration files should be owned by the
correct user to prevent unauthorized changes.</rationale>
        <ident system="https://ncp.nist.gov/cce">CCE-91383-0</ident>
        <fix xmlns:xhtml="http://www.w3.org/1999/xhtml" id="file_owner_cron_hourly" system="urn:xccdf:fix:script:sh" complexity="low" disruption="low" strategy="configure"># Remediation is applicable only in certain platforms
if rpm --quiet -q kernel-default || rpm --quiet -q kernel-default-base; then

newown=""
if id "0" &gt;/dev/null 2&gt;&amp;1; then
  newown="0"
fi

if [[ -z "$newown" ]]; then
  &gt;&amp;2 echo "0 is not a defined user on the system"
else
find -P /etc/cron.hourly/ -maxdepth 0 -type d  ! -user 0 -exec chown --no-dereference "$newown" {} \;

fi

else
    &gt;&amp;2 echo 'Remediation is not applicable, nothing was done'
fi
</fix>
        <fix xmlns:xhtml="http://www.w3.org/1999/xhtml" id="file_owner_cron_hourly" system="urn:xccdf:fix:script:ansible" complexity="low" disruption="low" strategy="configure">- name: Gather the package facts
  package_facts:
    manager: auto
  tags:
  - CCE-91383-0
  - NIST-800-53-AC-6(1)
  - NIST-800-53-CM-6(a)
  - PCI-DSSv4-2.2
  - PCI-DSSv4-2.2.6
  - configure_strategy
  - file_owner_cron_hourly
  - low_complexity
  - low_disruption
  - medium_severity
  - no_reboot_needed

- name: Set the file_owner_cron_hourly_newown variable if represented by uid
  ansible.builtin.set_fact:
    file_owner_cron_hourly_newown: '0'
  when: ("kernel-default" in ansible_facts.packages or "kernel-default-base" in ansible_facts.packages)
  tags:
  - CCE-91383-0
  - NIST-800-53-AC-6(1)
  - NIST-800-53-CM-6(a)
  - PCI-DSSv4-2.2
  - PCI-DSSv4-2.2.6
  - configure_strategy
  - file_owner_cron_hourly
  - low_complexity
  - low_disruption
  - medium_severity
  - no_reboot_needed

- name: Ensure owner on directory /etc/cron.hourly/
  ansible.builtin.file:
    path: /etc/cron.hourly/
    follow: false
    state: directory
    owner: '{{ file_owner_cron_hourly_newown }}'
  when: ("kernel-default" in ansible_facts.packages or "kernel-default-base" in ansible_facts.packages)
  tags:
  - CCE-91383-0
  - NIST-800-53-AC-6(1)
  - NIST-800-53-CM-6(a)
  - PCI-DSSv4-2.2
  - PCI-DSSv4-2.2.6
  - configure_strategy
  - file_owner_cron_hourly
  - low_complexity
  - low_disruption
  - medium_severity
  - no_reboot_needed
</fix>
        <check system="http://oval.mitre.org/XMLSchema/oval-definitions-5">
          <check-content-ref name="oval:ssg-file_owner_cron_hourly:def:1" href="ssg-sle15-oval.xml"/>
        </check>
        <check system="http://scap.nist.gov/schema/ocil/2">
          <check-content-ref name="ocil:ssg-file_owner_cron_hourly_ocil:questionnaire:1" href="ssg-sle15-ocil.xml"/>
        </check>
      </Rule>
      <Rule id="xccdf_org.ssgproject.content_rule_file_owner_cron_monthly" selected="false" role="full" severity="medium">
        <title xmlns:xhtml="http://www.w3.org/1999/xhtml" xml:lang="en-US">Verify Owner on cron.monthly</title>
        <description xmlns:xhtml="http://www.w3.org/1999/xhtml" xml:lang="en-US">
To properly set the owner of <html:code xmlns:html="http://www.w3.org/1999/xhtml">/etc/cron.monthly</html:code>, run the command:

  <html:pre xmlns:html="http://www.w3.org/1999/xhtml">$ sudo chown root /etc/cron.monthly </html:pre>
      </description>
        <reference href="https://www.cisecurity.org/controls/">12</reference>
        <reference href="https://www.cisecurity.org/controls/">13</reference>
        <reference href="https://www.cisecurity.org/controls/">14</reference>
        <reference href="https://www.cisecurity.org/controls/">15</reference>
        <reference href="https://www.cisecurity.org/controls/">16</reference>
        <reference href="https://www.cisecurity.org/controls/">18</reference>
        <reference href="https://www.cisecurity.org/controls/">3</reference>
        <reference href="https://www.cisecurity.org/controls/">5</reference>
        <reference href="https://www.isaca.org/resources/cobit">APO01.06</reference>
        <reference href="https://www.isaca.org/resources/cobit">DSS05.04</reference>
        <reference href="https://www.isaca.org/resources/cobit">DSS05.07</reference>
        <reference href="https://www.isaca.org/resources/cobit">DSS06.02</reference>
        <reference href="https://www.isa.org/products/isa-62443-2-1-2009-security-for-industrial-automat">4.3.3.7.3</reference>
        <reference href="https://www.isa.org/products/ansi-isa-62443-3-3-99-03-03-2013-security-for-indu">SR 2.1</reference>
        <reference href="https://www.isa.org/products/ansi-isa-62443-3-3-99-03-03-2013-security-for-indu">SR 5.2</reference>
        <reference href="https://www.iso.org/contents/data/standard/05/45/54534.html">A.10.1.1</reference>
        <reference href="https://www.iso.org/contents/data/standard/05/45/54534.html">A.11.1.4</reference>
        <reference href="https://www.iso.org/contents/data/standard/05/45/54534.html">A.11.1.5</reference>
        <reference href="https://www.iso.org/contents/data/standard/05/45/54534.html">A.11.2.1</reference>
        <reference href="https://www.iso.org/contents/data/standard/05/45/54534.html">A.13.1.1</reference>
        <reference href="https://www.iso.org/contents/data/standard/05/45/54534.html">A.13.1.3</reference>
        <reference href="https://www.iso.org/contents/data/standard/05/45/54534.html">A.13.2.1</reference>
        <reference href="https://www.iso.org/contents/data/standard/05/45/54534.html">A.13.2.3</reference>
        <reference href="https://www.iso.org/contents/data/standard/05/45/54534.html">A.13.2.4</reference>
        <reference href="https://www.iso.org/contents/data/standard/05/45/54534.html">A.14.1.2</reference>
        <reference href="https://www.iso.org/contents/data/standard/05/45/54534.html">A.14.1.3</reference>
        <reference href="https://www.iso.org/contents/data/standard/05/45/54534.html">A.6.1.2</reference>
        <reference href="https://www.iso.org/contents/data/standard/05/45/54534.html">A.7.1.1</reference>
        <reference href="https://www.iso.org/contents/data/standard/05/45/54534.html">A.7.1.2</reference>
        <reference href="https://www.iso.org/contents/data/standard/05/45/54534.html">A.7.3.1</reference>
        <reference href="https://www.iso.org/contents/data/standard/05/45/54534.html">A.8.2.2</reference>
        <reference href="https://www.iso.org/contents/data/standard/05/45/54534.html">A.8.2.3</reference>
        <reference href="https://www.iso.org/contents/data/standard/05/45/54534.html">A.9.1.1</reference>
        <reference href="https://www.iso.org/contents/data/standard/05/45/54534.html">A.9.1.2</reference>
        <reference href="https://www.iso.org/contents/data/standard/05/45/54534.html">A.9.2.3</reference>
        <reference href="https://www.iso.org/contents/data/standard/05/45/54534.html">A.9.4.1</reference>
        <reference href="https://www.iso.org/contents/data/standard/05/45/54534.html">A.9.4.4</reference>
        <reference href="https://www.iso.org/contents/data/standard/05/45/54534.html">A.9.4.5</reference>
        <reference href="http://nvlpubs.nist.gov/nistpubs/SpecialPublications/NIST.SP.800-53r4.pdf">CM-6(a)</reference>
        <reference href="http://nvlpubs.nist.gov/nistpubs/SpecialPublications/NIST.SP.800-53r4.pdf">AC-6(1)</reference>
        <reference href="https://nvlpubs.nist.gov/nistpubs/CSWP/NIST.CSWP.04162018.pdf">PR.AC-4</reference>
        <reference href="https://nvlpubs.nist.gov/nistpubs/CSWP/NIST.CSWP.04162018.pdf">PR.DS-5</reference>
        <reference href="https://www.cyber.mil/stigs/downloads/?_dl_facet_stigs=operating-systems%2Cgeneral-purpose-os">SRG-OS-000480-GPOS-00227</reference>
        <reference href="https://www.cisecurity.org/benchmark/suse_linux/">5.1.6</reference>
        <reference href="not_publicly_available">SLES-15-300600090</reference>
        <reference href="https://docs-prv.pcisecuritystandards.org/PCI%20DSS/Standard/PCI-DSS-v4_0.pdf">2.2.6</reference>
        <reference href="https://docs-prv.pcisecuritystandards.org/PCI%20DSS/Standard/PCI-DSS-v4_0.pdf">2.2</reference>
        <rationale xmlns:xhtml="http://www.w3.org/1999/xhtml" xml:lang="en-US">Service configuration files enable or disable features of their respective services that if configured incorrectly
can lead to insecure and vulnerable configurations. Therefore, service configuration files should be owned by the
correct user to prevent unauthorized changes.</rationale>
        <ident system="https://ncp.nist.gov/cce">CCE-91389-7</ident>
        <fix xmlns:xhtml="http://www.w3.org/1999/xhtml" id="file_owner_cron_monthly" system="urn:xccdf:fix:script:sh" complexity="low" disruption="low" strategy="configure"># Remediation is applicable only in certain platforms
if rpm --quiet -q kernel-default || rpm --quiet -q kernel-default-base; then

newown=""
if id "0" &gt;/dev/null 2&gt;&amp;1; then
  newown="0"
fi

if [[ -z "$newown" ]]; then
  &gt;&amp;2 echo "0 is not a defined user on the system"
else
find -P /etc/cron.monthly/ -maxdepth 0 -type d  ! -user 0 -exec chown --no-dereference "$newown" {} \;

fi

else
    &gt;&amp;2 echo 'Remediation is not applicable, nothing was done'
fi
</fix>
        <fix xmlns:xhtml="http://www.w3.org/1999/xhtml" id="file_owner_cron_monthly" system="urn:xccdf:fix:script:ansible" complexity="low" disruption="low" strategy="configure">- name: Gather the package facts
  package_facts:
    manager: auto
  tags:
  - CCE-91389-7
  - NIST-800-53-AC-6(1)
  - NIST-800-53-CM-6(a)
  - PCI-DSSv4-2.2
  - PCI-DSSv4-2.2.6
  - configure_strategy
  - file_owner_cron_monthly
  - low_complexity
  - low_disruption
  - medium_severity
  - no_reboot_needed

- name: Set the file_owner_cron_monthly_newown variable if represented by uid
  ansible.builtin.set_fact:
    file_owner_cron_monthly_newown: '0'
  when: ("kernel-default" in ansible_facts.packages or "kernel-default-base" in ansible_facts.packages)
  tags:
  - CCE-91389-7
  - NIST-800-53-AC-6(1)
  - NIST-800-53-CM-6(a)
  - PCI-DSSv4-2.2
  - PCI-DSSv4-2.2.6
  - configure_strategy
  - file_owner_cron_monthly
  - low_complexity
  - low_disruption
  - medium_severity
  - no_reboot_needed

- name: Ensure owner on directory /etc/cron.monthly/
  ansible.builtin.file:
    path: /etc/cron.monthly/
    follow: false
    state: directory
    owner: '{{ file_owner_cron_monthly_newown }}'
  when: ("kernel-default" in ansible_facts.packages or "kernel-default-base" in ansible_facts.packages)
  tags:
  - CCE-91389-7
  - NIST-800-53-AC-6(1)
  - NIST-800-53-CM-6(a)
  - PCI-DSSv4-2.2
  - PCI-DSSv4-2.2.6
  - configure_strategy
  - file_owner_cron_monthly
  - low_complexity
  - low_disruption
  - medium_severity
  - no_reboot_needed
</fix>
        <check system="http://oval.mitre.org/XMLSchema/oval-definitions-5">
          <check-content-ref name="oval:ssg-file_owner_cron_monthly:def:1" href="ssg-sle15-oval.xml"/>
        </check>
        <check system="http://scap.nist.gov/schema/ocil/2">
          <check-content-ref name="ocil:ssg-file_owner_cron_monthly_ocil:questionnaire:1" href="ssg-sle15-ocil.xml"/>
        </check>
      </Rule>
      <Rule id="xccdf_org.ssgproject.content_rule_file_owner_cron_weekly" selected="false" role="full" severity="medium">
        <title xmlns:xhtml="http://www.w3.org/1999/xhtml" xml:lang="en-US">Verify Owner on cron.weekly</title>
        <description xmlns:xhtml="http://www.w3.org/1999/xhtml" xml:lang="en-US">
To properly set the owner of <html:code xmlns:html="http://www.w3.org/1999/xhtml">/etc/cron.weekly</html:code>, run the command:

  <html:pre xmlns:html="http://www.w3.org/1999/xhtml">$ sudo chown root /etc/cron.weekly </html:pre>
      </description>
        <reference href="https://www.cisecurity.org/controls/">12</reference>
        <reference href="https://www.cisecurity.org/controls/">13</reference>
        <reference href="https://www.cisecurity.org/controls/">14</reference>
        <reference href="https://www.cisecurity.org/controls/">15</reference>
        <reference href="https://www.cisecurity.org/controls/">16</reference>
        <reference href="https://www.cisecurity.org/controls/">18</reference>
        <reference href="https://www.cisecurity.org/controls/">3</reference>
        <reference href="https://www.cisecurity.org/controls/">5</reference>
        <reference href="https://www.isaca.org/resources/cobit">APO01.06</reference>
        <reference href="https://www.isaca.org/resources/cobit">DSS05.04</reference>
        <reference href="https://www.isaca.org/resources/cobit">DSS05.07</reference>
        <reference href="https://www.isaca.org/resources/cobit">DSS06.02</reference>
        <reference href="https://www.isa.org/products/isa-62443-2-1-2009-security-for-industrial-automat">4.3.3.7.3</reference>
        <reference href="https://www.isa.org/products/ansi-isa-62443-3-3-99-03-03-2013-security-for-indu">SR 2.1</reference>
        <reference href="https://www.isa.org/products/ansi-isa-62443-3-3-99-03-03-2013-security-for-indu">SR 5.2</reference>
        <reference href="https://www.iso.org/contents/data/standard/05/45/54534.html">A.10.1.1</reference>
        <reference href="https://www.iso.org/contents/data/standard/05/45/54534.html">A.11.1.4</reference>
        <reference href="https://www.iso.org/contents/data/standard/05/45/54534.html">A.11.1.5</reference>
        <reference href="https://www.iso.org/contents/data/standard/05/45/54534.html">A.11.2.1</reference>
        <reference href="https://www.iso.org/contents/data/standard/05/45/54534.html">A.13.1.1</reference>
        <reference href="https://www.iso.org/contents/data/standard/05/45/54534.html">A.13.1.3</reference>
        <reference href="https://www.iso.org/contents/data/standard/05/45/54534.html">A.13.2.1</reference>
        <reference href="https://www.iso.org/contents/data/standard/05/45/54534.html">A.13.2.3</reference>
        <reference href="https://www.iso.org/contents/data/standard/05/45/54534.html">A.13.2.4</reference>
        <reference href="https://www.iso.org/contents/data/standard/05/45/54534.html">A.14.1.2</reference>
        <reference href="https://www.iso.org/contents/data/standard/05/45/54534.html">A.14.1.3</reference>
        <reference href="https://www.iso.org/contents/data/standard/05/45/54534.html">A.6.1.2</reference>
        <reference href="https://www.iso.org/contents/data/standard/05/45/54534.html">A.7.1.1</reference>
        <reference href="https://www.iso.org/contents/data/standard/05/45/54534.html">A.7.1.2</reference>
        <reference href="https://www.iso.org/contents/data/standard/05/45/54534.html">A.7.3.1</reference>
        <reference href="https://www.iso.org/contents/data/standard/05/45/54534.html">A.8.2.2</reference>
        <reference href="https://www.iso.org/contents/data/standard/05/45/54534.html">A.8.2.3</reference>
        <reference href="https://www.iso.org/contents/data/standard/05/45/54534.html">A.9.1.1</reference>
        <reference href="https://www.iso.org/contents/data/standard/05/45/54534.html">A.9.1.2</reference>
        <reference href="https://www.iso.org/contents/data/standard/05/45/54534.html">A.9.2.3</reference>
        <reference href="https://www.iso.org/contents/data/standard/05/45/54534.html">A.9.4.1</reference>
        <reference href="https://www.iso.org/contents/data/standard/05/45/54534.html">A.9.4.4</reference>
        <reference href="https://www.iso.org/contents/data/standard/05/45/54534.html">A.9.4.5</reference>
        <reference href="http://nvlpubs.nist.gov/nistpubs/SpecialPublications/NIST.SP.800-53r4.pdf">CM-6(a)</reference>
        <reference href="http://nvlpubs.nist.gov/nistpubs/SpecialPublications/NIST.SP.800-53r4.pdf">AC-6(1)</reference>
        <reference href="https://nvlpubs.nist.gov/nistpubs/CSWP/NIST.CSWP.04162018.pdf">PR.AC-4</reference>
        <reference href="https://nvlpubs.nist.gov/nistpubs/CSWP/NIST.CSWP.04162018.pdf">PR.DS-5</reference>
        <reference href="https://www.cyber.mil/stigs/downloads/?_dl_facet_stigs=operating-systems%2Cgeneral-purpose-os">SRG-OS-000480-GPOS-00227</reference>
        <reference href="https://www.cisecurity.org/benchmark/suse_linux/">5.1.5</reference>
        <reference href="not_publicly_available">SLES-15-300600075</reference>
        <reference href="https://docs-prv.pcisecuritystandards.org/PCI%20DSS/Standard/PCI-DSS-v4_0.pdf">2.2.6</reference>
        <reference href="https://docs-prv.pcisecuritystandards.org/PCI%20DSS/Standard/PCI-DSS-v4_0.pdf">2.2</reference>
        <rationale xmlns:xhtml="http://www.w3.org/1999/xhtml" xml:lang="en-US">Service configuration files enable or disable features of their respective services that if configured incorrectly
can lead to insecure and vulnerable configurations. Therefore, service configuration files should be owned by the
correct user to prevent unauthorized changes.</rationale>
        <ident system="https://ncp.nist.gov/cce">CCE-91387-1</ident>
        <fix xmlns:xhtml="http://www.w3.org/1999/xhtml" id="file_owner_cron_weekly" system="urn:xccdf:fix:script:sh" complexity="low" disruption="low" strategy="configure"># Remediation is applicable only in certain platforms
if rpm --quiet -q kernel-default || rpm --quiet -q kernel-default-base; then

newown=""
if id "0" &gt;/dev/null 2&gt;&amp;1; then
  newown="0"
fi

if [[ -z "$newown" ]]; then
  &gt;&amp;2 echo "0 is not a defined user on the system"
else
find -P /etc/cron.weekly/ -maxdepth 0 -type d  ! -user 0 -exec chown --no-dereference "$newown" {} \;

fi

else
    &gt;&amp;2 echo 'Remediation is not applicable, nothing was done'
fi
</fix>
        <fix xmlns:xhtml="http://www.w3.org/1999/xhtml" id="file_owner_cron_weekly" system="urn:xccdf:fix:script:ansible" complexity="low" disruption="low" strategy="configure">- name: Gather the package facts
  package_facts:
    manager: auto
  tags:
  - CCE-91387-1
  - NIST-800-53-AC-6(1)
  - NIST-800-53-CM-6(a)
  - PCI-DSSv4-2.2
  - PCI-DSSv4-2.2.6
  - configure_strategy
  - file_owner_cron_weekly
  - low_complexity
  - low_disruption
  - medium_severity
  - no_reboot_needed

- name: Set the file_owner_cron_weekly_newown variable if represented by uid
  ansible.builtin.set_fact:
    file_owner_cron_weekly_newown: '0'
  when: ("kernel-default" in ansible_facts.packages or "kernel-default-base" in ansible_facts.packages)
  tags:
  - CCE-91387-1
  - NIST-800-53-AC-6(1)
  - NIST-800-53-CM-6(a)
  - PCI-DSSv4-2.2
  - PCI-DSSv4-2.2.6
  - configure_strategy
  - file_owner_cron_weekly
  - low_complexity
  - low_disruption
  - medium_severity
  - no_reboot_needed

- name: Ensure owner on directory /etc/cron.weekly/
  ansible.builtin.file:
    path: /etc/cron.weekly/
    follow: false
    state: directory
    owner: '{{ file_owner_cron_weekly_newown }}'
  when: ("kernel-default" in ansible_facts.packages or "kernel-default-base" in ansible_facts.packages)
  tags:
  - CCE-91387-1
  - NIST-800-53-AC-6(1)
  - NIST-800-53-CM-6(a)
  - PCI-DSSv4-2.2
  - PCI-DSSv4-2.2.6
  - configure_strategy
  - file_owner_cron_weekly
  - low_complexity
  - low_disruption
  - medium_severity
  - no_reboot_needed
</fix>
        <check system="http://oval.mitre.org/XMLSchema/oval-definitions-5">
          <check-content-ref name="oval:ssg-file_owner_cron_weekly:def:1" href="ssg-sle15-oval.xml"/>
        </check>
        <check system="http://scap.nist.gov/schema/ocil/2">
          <check-content-ref name="ocil:ssg-file_owner_cron_weekly_ocil:questionnaire:1" href="ssg-sle15-ocil.xml"/>
        </check>
      </Rule>
      <Rule id="xccdf_org.ssgproject.content_rule_file_owner_crontab" selected="false" role="full" severity="medium">
        <title xmlns:xhtml="http://www.w3.org/1999/xhtml" xml:lang="en-US">Verify Owner on crontab</title>
        <description xmlns:xhtml="http://www.w3.org/1999/xhtml" xml:lang="en-US">
To properly set the owner of <html:code xmlns:html="http://www.w3.org/1999/xhtml">/etc/crontab</html:code>, run the command:

  <html:pre xmlns:html="http://www.w3.org/1999/xhtml">$ sudo chown root /etc/crontab </html:pre>
      </description>
        <reference href="https://www.cisecurity.org/controls/">12</reference>
        <reference href="https://www.cisecurity.org/controls/">13</reference>
        <reference href="https://www.cisecurity.org/controls/">14</reference>
        <reference href="https://www.cisecurity.org/controls/">15</reference>
        <reference href="https://www.cisecurity.org/controls/">16</reference>
        <reference href="https://www.cisecurity.org/controls/">18</reference>
        <reference href="https://www.cisecurity.org/controls/">3</reference>
        <reference href="https://www.cisecurity.org/controls/">5</reference>
        <reference href="https://www.isaca.org/resources/cobit">APO01.06</reference>
        <reference href="https://www.isaca.org/resources/cobit">DSS05.04</reference>
        <reference href="https://www.isaca.org/resources/cobit">DSS05.07</reference>
        <reference href="https://www.isaca.org/resources/cobit">DSS06.02</reference>
        <reference href="https://www.isa.org/products/isa-62443-2-1-2009-security-for-industrial-automat">4.3.3.7.3</reference>
        <reference href="https://www.isa.org/products/ansi-isa-62443-3-3-99-03-03-2013-security-for-indu">SR 2.1</reference>
        <reference href="https://www.isa.org/products/ansi-isa-62443-3-3-99-03-03-2013-security-for-indu">SR 5.2</reference>
        <reference href="https://www.iso.org/contents/data/standard/05/45/54534.html">A.10.1.1</reference>
        <reference href="https://www.iso.org/contents/data/standard/05/45/54534.html">A.11.1.4</reference>
        <reference href="https://www.iso.org/contents/data/standard/05/45/54534.html">A.11.1.5</reference>
        <reference href="https://www.iso.org/contents/data/standard/05/45/54534.html">A.11.2.1</reference>
        <reference href="https://www.iso.org/contents/data/standard/05/45/54534.html">A.13.1.1</reference>
        <reference href="https://www.iso.org/contents/data/standard/05/45/54534.html">A.13.1.3</reference>
        <reference href="https://www.iso.org/contents/data/standard/05/45/54534.html">A.13.2.1</reference>
        <reference href="https://www.iso.org/contents/data/standard/05/45/54534.html">A.13.2.3</reference>
        <reference href="https://www.iso.org/contents/data/standard/05/45/54534.html">A.13.2.4</reference>
        <reference href="https://www.iso.org/contents/data/standard/05/45/54534.html">A.14.1.2</reference>
        <reference href="https://www.iso.org/contents/data/standard/05/45/54534.html">A.14.1.3</reference>
        <reference href="https://www.iso.org/contents/data/standard/05/45/54534.html">A.6.1.2</reference>
        <reference href="https://www.iso.org/contents/data/standard/05/45/54534.html">A.7.1.1</reference>
        <reference href="https://www.iso.org/contents/data/standard/05/45/54534.html">A.7.1.2</reference>
        <reference href="https://www.iso.org/contents/data/standard/05/45/54534.html">A.7.3.1</reference>
        <reference href="https://www.iso.org/contents/data/standard/05/45/54534.html">A.8.2.2</reference>
        <reference href="https://www.iso.org/contents/data/standard/05/45/54534.html">A.8.2.3</reference>
        <reference href="https://www.iso.org/contents/data/standard/05/45/54534.html">A.9.1.1</reference>
        <reference href="https://www.iso.org/contents/data/standard/05/45/54534.html">A.9.1.2</reference>
        <reference href="https://www.iso.org/contents/data/standard/05/45/54534.html">A.9.2.3</reference>
        <reference href="https://www.iso.org/contents/data/standard/05/45/54534.html">A.9.4.1</reference>
        <reference href="https://www.iso.org/contents/data/standard/05/45/54534.html">A.9.4.4</reference>
        <reference href="https://www.iso.org/contents/data/standard/05/45/54534.html">A.9.4.5</reference>
        <reference href="http://nvlpubs.nist.gov/nistpubs/SpecialPublications/NIST.SP.800-53r4.pdf">CM-6(a)</reference>
        <reference href="http://nvlpubs.nist.gov/nistpubs/SpecialPublications/NIST.SP.800-53r4.pdf">AC-6(1)</reference>
        <reference href="https://nvlpubs.nist.gov/nistpubs/CSWP/NIST.CSWP.04162018.pdf">PR.AC-4</reference>
        <reference href="https://nvlpubs.nist.gov/nistpubs/CSWP/NIST.CSWP.04162018.pdf">PR.DS-5</reference>
        <reference href="https://www.cyber.mil/stigs/downloads/?_dl_facet_stigs=operating-systems%2Cgeneral-purpose-os">SRG-OS-000480-GPOS-00227</reference>
        <reference href="https://www.cisecurity.org/benchmark/suse_linux/">5.1.2</reference>
        <reference href="not_publicly_available">SLES-15-300600030</reference>
        <reference href="https://docs-prv.pcisecuritystandards.org/PCI%20DSS/Standard/PCI-DSS-v4_0.pdf">2.2.6</reference>
        <reference href="https://docs-prv.pcisecuritystandards.org/PCI%20DSS/Standard/PCI-DSS-v4_0.pdf">2.2</reference>
        <rationale xmlns:xhtml="http://www.w3.org/1999/xhtml" xml:lang="en-US">Service configuration files enable or disable features of their respective services that if configured incorrectly
can lead to insecure and vulnerable configurations. Therefore, service configuration files should be owned by the
correct user to prevent unauthorized changes.</rationale>
        <ident system="https://ncp.nist.gov/cce">CCE-91381-4</ident>
        <fix xmlns:xhtml="http://www.w3.org/1999/xhtml" id="file_owner_crontab" system="urn:xccdf:fix:script:sh" complexity="low" disruption="low" strategy="configure"># Remediation is applicable only in certain platforms
if rpm --quiet -q kernel-default || rpm --quiet -q kernel-default-base; then

newown=""
if id "0" &gt;/dev/null 2&gt;&amp;1; then
  newown="0"
fi

if [[ -z "$newown" ]]; then
  &gt;&amp;2 echo "0 is not a defined user on the system"
else
if ! stat -c "%u %U" "/etc/crontab" | grep -E -w -q "0"; then
    chown --no-dereference "$newown" /etc/crontab
fi

fi

else
    &gt;&amp;2 echo 'Remediation is not applicable, nothing was done'
fi
</fix>
        <fix xmlns:xhtml="http://www.w3.org/1999/xhtml" id="file_owner_crontab" system="urn:xccdf:fix:script:ansible" complexity="low" disruption="low" strategy="configure">- name: Gather the package facts
  package_facts:
    manager: auto
  tags:
  - CCE-91381-4
  - NIST-800-53-AC-6(1)
  - NIST-800-53-CM-6(a)
  - PCI-DSSv4-2.2
  - PCI-DSSv4-2.2.6
  - configure_strategy
  - file_owner_crontab
  - low_complexity
  - low_disruption
  - medium_severity
  - no_reboot_needed

- name: Set the file_owner_crontab_newown variable if represented by uid
  ansible.builtin.set_fact:
    file_owner_crontab_newown: '0'
  when: ("kernel-default" in ansible_facts.packages or "kernel-default-base" in ansible_facts.packages)
  tags:
  - CCE-91381-4
  - NIST-800-53-AC-6(1)
  - NIST-800-53-CM-6(a)
  - PCI-DSSv4-2.2
  - PCI-DSSv4-2.2.6
  - configure_strategy
  - file_owner_crontab
  - low_complexity
  - low_disruption
  - medium_severity
  - no_reboot_needed

- name: Test for existence /etc/crontab
  ansible.builtin.stat:
    path: /etc/crontab
  register: file_exists
  when: ("kernel-default" in ansible_facts.packages or "kernel-default-base" in ansible_facts.packages)
  tags:
  - CCE-91381-4
  - NIST-800-53-AC-6(1)
  - NIST-800-53-CM-6(a)
  - PCI-DSSv4-2.2
  - PCI-DSSv4-2.2.6
  - configure_strategy
  - file_owner_crontab
  - low_complexity
  - low_disruption
  - medium_severity
  - no_reboot_needed

- name: Ensure owner on /etc/crontab
  ansible.builtin.file:
    path: /etc/crontab
    follow: false
    owner: '{{ file_owner_crontab_newown }}'
  when:
  - ("kernel-default" in ansible_facts.packages or "kernel-default-base" in ansible_facts.packages)
  - file_exists.stat is defined and file_exists.stat.exists
  tags:
  - CCE-91381-4
  - NIST-800-53-AC-6(1)
  - NIST-800-53-CM-6(a)
  - PCI-DSSv4-2.2
  - PCI-DSSv4-2.2.6
  - configure_strategy
  - file_owner_crontab
  - low_complexity
  - low_disruption
  - medium_severity
  - no_reboot_needed
</fix>
        <check system="http://oval.mitre.org/XMLSchema/oval-definitions-5">
          <check-content-ref name="oval:ssg-file_owner_crontab:def:1" href="ssg-sle15-oval.xml"/>
        </check>
        <check system="http://scap.nist.gov/schema/ocil/2">
          <check-content-ref name="ocil:ssg-file_owner_crontab_ocil:questionnaire:1" href="ssg-sle15-ocil.xml"/>
        </check>
      </Rule>
      <Rule id="xccdf_org.ssgproject.content_rule_file_permissions_cron_d" selected="false" role="full" severity="medium">
        <title xmlns:xhtml="http://www.w3.org/1999/xhtml" xml:lang="en-US">Verify Permissions on cron.d</title>
        <description xmlns:xhtml="http://www.w3.org/1999/xhtml" xml:lang="en-US">
To properly set the permissions of <html:code xmlns:html="http://www.w3.org/1999/xhtml">/etc/cron.d</html:code>, run the command:
<html:pre xmlns:html="http://www.w3.org/1999/xhtml">$ sudo chmod 0700 /etc/cron.d</html:pre>
      </description>
        <reference href="https://www.cisecurity.org/controls/">12</reference>
        <reference href="https://www.cisecurity.org/controls/">13</reference>
        <reference href="https://www.cisecurity.org/controls/">14</reference>
        <reference href="https://www.cisecurity.org/controls/">15</reference>
        <reference href="https://www.cisecurity.org/controls/">16</reference>
        <reference href="https://www.cisecurity.org/controls/">18</reference>
        <reference href="https://www.cisecurity.org/controls/">3</reference>
        <reference href="https://www.cisecurity.org/controls/">5</reference>
        <reference href="https://www.isaca.org/resources/cobit">APO01.06</reference>
        <reference href="https://www.isaca.org/resources/cobit">DSS05.04</reference>
        <reference href="https://www.isaca.org/resources/cobit">DSS05.07</reference>
        <reference href="https://www.isaca.org/resources/cobit">DSS06.02</reference>
        <reference href="https://www.isa.org/products/isa-62443-2-1-2009-security-for-industrial-automat">4.3.3.7.3</reference>
        <reference href="https://www.isa.org/products/ansi-isa-62443-3-3-99-03-03-2013-security-for-indu">SR 2.1</reference>
        <reference href="https://www.isa.org/products/ansi-isa-62443-3-3-99-03-03-2013-security-for-indu">SR 5.2</reference>
        <reference href="https://www.iso.org/contents/data/standard/05/45/54534.html">A.10.1.1</reference>
        <reference href="https://www.iso.org/contents/data/standard/05/45/54534.html">A.11.1.4</reference>
        <reference href="https://www.iso.org/contents/data/standard/05/45/54534.html">A.11.1.5</reference>
        <reference href="https://www.iso.org/contents/data/standard/05/45/54534.html">A.11.2.1</reference>
        <reference href="https://www.iso.org/contents/data/standard/05/45/54534.html">A.13.1.1</reference>
        <reference href="https://www.iso.org/contents/data/standard/05/45/54534.html">A.13.1.3</reference>
        <reference href="https://www.iso.org/contents/data/standard/05/45/54534.html">A.13.2.1</reference>
        <reference href="https://www.iso.org/contents/data/standard/05/45/54534.html">A.13.2.3</reference>
        <reference href="https://www.iso.org/contents/data/standard/05/45/54534.html">A.13.2.4</reference>
        <reference href="https://www.iso.org/contents/data/standard/05/45/54534.html">A.14.1.2</reference>
        <reference href="https://www.iso.org/contents/data/standard/05/45/54534.html">A.14.1.3</reference>
        <reference href="https://www.iso.org/contents/data/standard/05/45/54534.html">A.6.1.2</reference>
        <reference href="https://www.iso.org/contents/data/standard/05/45/54534.html">A.7.1.1</reference>
        <reference href="https://www.iso.org/contents/data/standard/05/45/54534.html">A.7.1.2</reference>
        <reference href="https://www.iso.org/contents/data/standard/05/45/54534.html">A.7.3.1</reference>
        <reference href="https://www.iso.org/contents/data/standard/05/45/54534.html">A.8.2.2</reference>
        <reference href="https://www.iso.org/contents/data/standard/05/45/54534.html">A.8.2.3</reference>
        <reference href="https://www.iso.org/contents/data/standard/05/45/54534.html">A.9.1.1</reference>
        <reference href="https://www.iso.org/contents/data/standard/05/45/54534.html">A.9.1.2</reference>
        <reference href="https://www.iso.org/contents/data/standard/05/45/54534.html">A.9.2.3</reference>
        <reference href="https://www.iso.org/contents/data/standard/05/45/54534.html">A.9.4.1</reference>
        <reference href="https://www.iso.org/contents/data/standard/05/45/54534.html">A.9.4.4</reference>
        <reference href="https://www.iso.org/contents/data/standard/05/45/54534.html">A.9.4.5</reference>
        <reference href="http://nvlpubs.nist.gov/nistpubs/SpecialPublications/NIST.SP.800-53r4.pdf">CM-6(a)</reference>
        <reference href="http://nvlpubs.nist.gov/nistpubs/SpecialPublications/NIST.SP.800-53r4.pdf">AC-6(1)</reference>
        <reference href="https://nvlpubs.nist.gov/nistpubs/CSWP/NIST.CSWP.04162018.pdf">PR.AC-4</reference>
        <reference href="https://nvlpubs.nist.gov/nistpubs/CSWP/NIST.CSWP.04162018.pdf">PR.DS-5</reference>
        <reference href="https://www.cyber.mil/stigs/downloads/?_dl_facet_stigs=operating-systems%2Cgeneral-purpose-os">SRG-OS-000480-GPOS-00227</reference>
        <reference href="https://www.cisecurity.org/benchmark/suse_linux/">5.1.7</reference>
        <reference href="not_publicly_available">SLES-15-300600105</reference>
        <reference href="https://docs-prv.pcisecuritystandards.org/PCI%20DSS/Standard/PCI-DSS-v4_0.pdf">2.2.6</reference>
        <reference href="https://docs-prv.pcisecuritystandards.org/PCI%20DSS/Standard/PCI-DSS-v4_0.pdf">2.2</reference>
        <rationale xmlns:xhtml="http://www.w3.org/1999/xhtml" xml:lang="en-US">Service configuration files enable or disable features of their respective services that if configured incorrectly
can lead to insecure and vulnerable configurations. Therefore, service configuration files should have the
correct access rights to prevent unauthorized changes.</rationale>
        <ident system="https://ncp.nist.gov/cce">CCE-91304-6</ident>
        <fix xmlns:xhtml="http://www.w3.org/1999/xhtml" id="file_permissions_cron_d" system="urn:xccdf:fix:script:sh" complexity="low" disruption="low" strategy="configure"># Remediation is applicable only in certain platforms
if rpm --quiet -q kernel-default || rpm --quiet -q kernel-default-base; then

find -H /etc/cron.d/ -maxdepth 0 -perm /u+s,g+xwrs,o+xwrt -type d -exec chmod u-s,g-xwrs,o-xwrt {} \;

else
    &gt;&amp;2 echo 'Remediation is not applicable, nothing was done'
fi
</fix>
        <fix xmlns:xhtml="http://www.w3.org/1999/xhtml" id="file_permissions_cron_d" system="urn:xccdf:fix:script:ansible" complexity="low" disruption="low" strategy="configure">- name: Gather the package facts
  package_facts:
    manager: auto
  tags:
  - CCE-91304-6
  - NIST-800-53-AC-6(1)
  - NIST-800-53-CM-6(a)
  - PCI-DSSv4-2.2
  - PCI-DSSv4-2.2.6
  - configure_strategy
  - file_permissions_cron_d
  - low_complexity
  - low_disruption
  - medium_severity
  - no_reboot_needed

- name: Find /etc/cron.d/ file(s)
  ansible.builtin.command: 'find -P /etc/cron.d/ -maxdepth 0 -perm /u+s,g+xwrs,o+xwrt  -type
    d '
  register: files_found
  changed_when: false
  failed_when: false
  check_mode: false
  when: ("kernel-default" in ansible_facts.packages or "kernel-default-base" in ansible_facts.packages)
  tags:
  - CCE-91304-6
  - NIST-800-53-AC-6(1)
  - NIST-800-53-CM-6(a)
  - PCI-DSSv4-2.2
  - PCI-DSSv4-2.2.6
  - configure_strategy
  - file_permissions_cron_d
  - low_complexity
  - low_disruption
  - medium_severity
  - no_reboot_needed

- name: Set permissions for /etc/cron.d/ file(s)
  ansible.builtin.file:
    path: '{{ item }}'
    mode: u-s,g-xwrs,o-xwrt
    state: directory
  with_items:
  - '{{ files_found.stdout_lines }}'
  when: ("kernel-default" in ansible_facts.packages or "kernel-default-base" in ansible_facts.packages)
  tags:
  - CCE-91304-6
  - NIST-800-53-AC-6(1)
  - NIST-800-53-CM-6(a)
  - PCI-DSSv4-2.2
  - PCI-DSSv4-2.2.6
  - configure_strategy
  - file_permissions_cron_d
  - low_complexity
  - low_disruption
  - medium_severity
  - no_reboot_needed
</fix>
        <check system="http://oval.mitre.org/XMLSchema/oval-definitions-5">
          <check-content-ref name="oval:ssg-file_permissions_cron_d:def:1" href="ssg-sle15-oval.xml"/>
        </check>
        <check system="http://scap.nist.gov/schema/ocil/2">
          <check-content-ref name="ocil:ssg-file_permissions_cron_d_ocil:questionnaire:1" href="ssg-sle15-ocil.xml"/>
        </check>
      </Rule>
      <Rule id="xccdf_org.ssgproject.content_rule_file_permissions_cron_daily" selected="false" role="full" severity="medium">
        <title xmlns:xhtml="http://www.w3.org/1999/xhtml" xml:lang="en-US">Verify Permissions on cron.daily</title>
        <description xmlns:xhtml="http://www.w3.org/1999/xhtml" xml:lang="en-US">
To properly set the permissions of <html:code xmlns:html="http://www.w3.org/1999/xhtml">/etc/cron.daily</html:code>, run the command:
<html:pre xmlns:html="http://www.w3.org/1999/xhtml">$ sudo chmod 0700 /etc/cron.daily</html:pre>
      </description>
        <reference href="https://www.cisecurity.org/controls/">12</reference>
        <reference href="https://www.cisecurity.org/controls/">13</reference>
        <reference href="https://www.cisecurity.org/controls/">14</reference>
        <reference href="https://www.cisecurity.org/controls/">15</reference>
        <reference href="https://www.cisecurity.org/controls/">16</reference>
        <reference href="https://www.cisecurity.org/controls/">18</reference>
        <reference href="https://www.cisecurity.org/controls/">3</reference>
        <reference href="https://www.cisecurity.org/controls/">5</reference>
        <reference href="https://www.isaca.org/resources/cobit">APO01.06</reference>
        <reference href="https://www.isaca.org/resources/cobit">DSS05.04</reference>
        <reference href="https://www.isaca.org/resources/cobit">DSS05.07</reference>
        <reference href="https://www.isaca.org/resources/cobit">DSS06.02</reference>
        <reference href="https://www.isa.org/products/isa-62443-2-1-2009-security-for-industrial-automat">4.3.3.7.3</reference>
        <reference href="https://www.isa.org/products/ansi-isa-62443-3-3-99-03-03-2013-security-for-indu">SR 2.1</reference>
        <reference href="https://www.isa.org/products/ansi-isa-62443-3-3-99-03-03-2013-security-for-indu">SR 5.2</reference>
        <reference href="https://www.iso.org/contents/data/standard/05/45/54534.html">A.10.1.1</reference>
        <reference href="https://www.iso.org/contents/data/standard/05/45/54534.html">A.11.1.4</reference>
        <reference href="https://www.iso.org/contents/data/standard/05/45/54534.html">A.11.1.5</reference>
        <reference href="https://www.iso.org/contents/data/standard/05/45/54534.html">A.11.2.1</reference>
        <reference href="https://www.iso.org/contents/data/standard/05/45/54534.html">A.13.1.1</reference>
        <reference href="https://www.iso.org/contents/data/standard/05/45/54534.html">A.13.1.3</reference>
        <reference href="https://www.iso.org/contents/data/standard/05/45/54534.html">A.13.2.1</reference>
        <reference href="https://www.iso.org/contents/data/standard/05/45/54534.html">A.13.2.3</reference>
        <reference href="https://www.iso.org/contents/data/standard/05/45/54534.html">A.13.2.4</reference>
        <reference href="https://www.iso.org/contents/data/standard/05/45/54534.html">A.14.1.2</reference>
        <reference href="https://www.iso.org/contents/data/standard/05/45/54534.html">A.14.1.3</reference>
        <reference href="https://www.iso.org/contents/data/standard/05/45/54534.html">A.6.1.2</reference>
        <reference href="https://www.iso.org/contents/data/standard/05/45/54534.html">A.7.1.1</reference>
        <reference href="https://www.iso.org/contents/data/standard/05/45/54534.html">A.7.1.2</reference>
        <reference href="https://www.iso.org/contents/data/standard/05/45/54534.html">A.7.3.1</reference>
        <reference href="https://www.iso.org/contents/data/standard/05/45/54534.html">A.8.2.2</reference>
        <reference href="https://www.iso.org/contents/data/standard/05/45/54534.html">A.8.2.3</reference>
        <reference href="https://www.iso.org/contents/data/standard/05/45/54534.html">A.9.1.1</reference>
        <reference href="https://www.iso.org/contents/data/standard/05/45/54534.html">A.9.1.2</reference>
        <reference href="https://www.iso.org/contents/data/standard/05/45/54534.html">A.9.2.3</reference>
        <reference href="https://www.iso.org/contents/data/standard/05/45/54534.html">A.9.4.1</reference>
        <reference href="https://www.iso.org/contents/data/standard/05/45/54534.html">A.9.4.4</reference>
        <reference href="https://www.iso.org/contents/data/standard/05/45/54534.html">A.9.4.5</reference>
        <reference href="http://nvlpubs.nist.gov/nistpubs/SpecialPublications/NIST.SP.800-53r4.pdf">CM-6(a)</reference>
        <reference href="http://nvlpubs.nist.gov/nistpubs/SpecialPublications/NIST.SP.800-53r4.pdf">AC-6(1)</reference>
        <reference href="https://nvlpubs.nist.gov/nistpubs/CSWP/NIST.CSWP.04162018.pdf">PR.AC-4</reference>
        <reference href="https://nvlpubs.nist.gov/nistpubs/CSWP/NIST.CSWP.04162018.pdf">PR.DS-5</reference>
        <reference href="https://www.cyber.mil/stigs/downloads/?_dl_facet_stigs=operating-systems%2Cgeneral-purpose-os">SRG-OS-000480-GPOS-00227</reference>
        <reference href="https://www.cisecurity.org/benchmark/suse_linux/">5.1.4</reference>
        <reference href="not_publicly_available">SLES-15-300600060</reference>
        <reference href="https://docs-prv.pcisecuritystandards.org/PCI%20DSS/Standard/PCI-DSS-v4_0.pdf">2.2.6</reference>
        <reference href="https://docs-prv.pcisecuritystandards.org/PCI%20DSS/Standard/PCI-DSS-v4_0.pdf">2.2</reference>
        <rationale xmlns:xhtml="http://www.w3.org/1999/xhtml" xml:lang="en-US">Service configuration files enable or disable features of their respective services that if configured incorrectly
can lead to insecure and vulnerable configurations. Therefore, service configuration files should have the
correct access rights to prevent unauthorized changes.</rationale>
        <ident system="https://ncp.nist.gov/cce">CCE-91301-2</ident>
        <fix xmlns:xhtml="http://www.w3.org/1999/xhtml" id="file_permissions_cron_daily" system="urn:xccdf:fix:script:sh" complexity="low" disruption="low" strategy="configure"># Remediation is applicable only in certain platforms
if rpm --quiet -q kernel-default || rpm --quiet -q kernel-default-base; then

find -H /etc/cron.daily/ -maxdepth 0 -perm /u+s,g+xwrs,o+xwrt -type d -exec chmod u-s,g-xwrs,o-xwrt {} \;

else
    &gt;&amp;2 echo 'Remediation is not applicable, nothing was done'
fi
</fix>
        <fix xmlns:xhtml="http://www.w3.org/1999/xhtml" id="file_permissions_cron_daily" system="urn:xccdf:fix:script:ansible" complexity="low" disruption="low" strategy="configure">- name: Gather the package facts
  package_facts:
    manager: auto
  tags:
  - CCE-91301-2
  - NIST-800-53-AC-6(1)
  - NIST-800-53-CM-6(a)
  - PCI-DSSv4-2.2
  - PCI-DSSv4-2.2.6
  - configure_strategy
  - file_permissions_cron_daily
  - low_complexity
  - low_disruption
  - medium_severity
  - no_reboot_needed

- name: Find /etc/cron.daily/ file(s)
  ansible.builtin.command: 'find -P /etc/cron.daily/ -maxdepth 0 -perm /u+s,g+xwrs,o+xwrt  -type
    d '
  register: files_found
  changed_when: false
  failed_when: false
  check_mode: false
  when: ("kernel-default" in ansible_facts.packages or "kernel-default-base" in ansible_facts.packages)
  tags:
  - CCE-91301-2
  - NIST-800-53-AC-6(1)
  - NIST-800-53-CM-6(a)
  - PCI-DSSv4-2.2
  - PCI-DSSv4-2.2.6
  - configure_strategy
  - file_permissions_cron_daily
  - low_complexity
  - low_disruption
  - medium_severity
  - no_reboot_needed

- name: Set permissions for /etc/cron.daily/ file(s)
  ansible.builtin.file:
    path: '{{ item }}'
    mode: u-s,g-xwrs,o-xwrt
    state: directory
  with_items:
  - '{{ files_found.stdout_lines }}'
  when: ("kernel-default" in ansible_facts.packages or "kernel-default-base" in ansible_facts.packages)
  tags:
  - CCE-91301-2
  - NIST-800-53-AC-6(1)
  - NIST-800-53-CM-6(a)
  - PCI-DSSv4-2.2
  - PCI-DSSv4-2.2.6
  - configure_strategy
  - file_permissions_cron_daily
  - low_complexity
  - low_disruption
  - medium_severity
  - no_reboot_needed
</fix>
        <check system="http://oval.mitre.org/XMLSchema/oval-definitions-5">
          <check-content-ref name="oval:ssg-file_permissions_cron_daily:def:1" href="ssg-sle15-oval.xml"/>
        </check>
        <check system="http://scap.nist.gov/schema/ocil/2">
          <check-content-ref name="ocil:ssg-file_permissions_cron_daily_ocil:questionnaire:1" href="ssg-sle15-ocil.xml"/>
        </check>
      </Rule>
      <Rule id="xccdf_org.ssgproject.content_rule_file_permissions_cron_hourly" selected="false" role="full" severity="medium">
        <title xmlns:xhtml="http://www.w3.org/1999/xhtml" xml:lang="en-US">Verify Permissions on cron.hourly</title>
        <description xmlns:xhtml="http://www.w3.org/1999/xhtml" xml:lang="en-US">
To properly set the permissions of <html:code xmlns:html="http://www.w3.org/1999/xhtml">/etc/cron.hourly</html:code>, run the command:
<html:pre xmlns:html="http://www.w3.org/1999/xhtml">$ sudo chmod 0700 /etc/cron.hourly</html:pre>
      </description>
        <reference href="https://www.cisecurity.org/controls/">12</reference>
        <reference href="https://www.cisecurity.org/controls/">13</reference>
        <reference href="https://www.cisecurity.org/controls/">14</reference>
        <reference href="https://www.cisecurity.org/controls/">15</reference>
        <reference href="https://www.cisecurity.org/controls/">16</reference>
        <reference href="https://www.cisecurity.org/controls/">18</reference>
        <reference href="https://www.cisecurity.org/controls/">3</reference>
        <reference href="https://www.cisecurity.org/controls/">5</reference>
        <reference href="https://www.isaca.org/resources/cobit">APO01.06</reference>
        <reference href="https://www.isaca.org/resources/cobit">DSS05.04</reference>
        <reference href="https://www.isaca.org/resources/cobit">DSS05.07</reference>
        <reference href="https://www.isaca.org/resources/cobit">DSS06.02</reference>
        <reference href="https://www.isa.org/products/isa-62443-2-1-2009-security-for-industrial-automat">4.3.3.7.3</reference>
        <reference href="https://www.isa.org/products/ansi-isa-62443-3-3-99-03-03-2013-security-for-indu">SR 2.1</reference>
        <reference href="https://www.isa.org/products/ansi-isa-62443-3-3-99-03-03-2013-security-for-indu">SR 5.2</reference>
        <reference href="https://www.iso.org/contents/data/standard/05/45/54534.html">A.10.1.1</reference>
        <reference href="https://www.iso.org/contents/data/standard/05/45/54534.html">A.11.1.4</reference>
        <reference href="https://www.iso.org/contents/data/standard/05/45/54534.html">A.11.1.5</reference>
        <reference href="https://www.iso.org/contents/data/standard/05/45/54534.html">A.11.2.1</reference>
        <reference href="https://www.iso.org/contents/data/standard/05/45/54534.html">A.13.1.1</reference>
        <reference href="https://www.iso.org/contents/data/standard/05/45/54534.html">A.13.1.3</reference>
        <reference href="https://www.iso.org/contents/data/standard/05/45/54534.html">A.13.2.1</reference>
        <reference href="https://www.iso.org/contents/data/standard/05/45/54534.html">A.13.2.3</reference>
        <reference href="https://www.iso.org/contents/data/standard/05/45/54534.html">A.13.2.4</reference>
        <reference href="https://www.iso.org/contents/data/standard/05/45/54534.html">A.14.1.2</reference>
        <reference href="https://www.iso.org/contents/data/standard/05/45/54534.html">A.14.1.3</reference>
        <reference href="https://www.iso.org/contents/data/standard/05/45/54534.html">A.6.1.2</reference>
        <reference href="https://www.iso.org/contents/data/standard/05/45/54534.html">A.7.1.1</reference>
        <reference href="https://www.iso.org/contents/data/standard/05/45/54534.html">A.7.1.2</reference>
        <reference href="https://www.iso.org/contents/data/standard/05/45/54534.html">A.7.3.1</reference>
        <reference href="https://www.iso.org/contents/data/standard/05/45/54534.html">A.8.2.2</reference>
        <reference href="https://www.iso.org/contents/data/standard/05/45/54534.html">A.8.2.3</reference>
        <reference href="https://www.iso.org/contents/data/standard/05/45/54534.html">A.9.1.1</reference>
        <reference href="https://www.iso.org/contents/data/standard/05/45/54534.html">A.9.1.2</reference>
        <reference href="https://www.iso.org/contents/data/standard/05/45/54534.html">A.9.2.3</reference>
        <reference href="https://www.iso.org/contents/data/standard/05/45/54534.html">A.9.4.1</reference>
        <reference href="https://www.iso.org/contents/data/standard/05/45/54534.html">A.9.4.4</reference>
        <reference href="https://www.iso.org/contents/data/standard/05/45/54534.html">A.9.4.5</reference>
        <reference href="http://nvlpubs.nist.gov/nistpubs/SpecialPublications/NIST.SP.800-53r4.pdf">CM-6(a)</reference>
        <reference href="http://nvlpubs.nist.gov/nistpubs/SpecialPublications/NIST.SP.800-53r4.pdf">AC-6(1)</reference>
        <reference href="https://nvlpubs.nist.gov/nistpubs/CSWP/NIST.CSWP.04162018.pdf">PR.AC-4</reference>
        <reference href="https://nvlpubs.nist.gov/nistpubs/CSWP/NIST.CSWP.04162018.pdf">PR.DS-5</reference>
        <reference href="https://www.cyber.mil/stigs/downloads/?_dl_facet_stigs=operating-systems%2Cgeneral-purpose-os">SRG-OS-000480-GPOS-00227</reference>
        <reference href="https://www.cisecurity.org/benchmark/suse_linux/">5.1.3</reference>
        <reference href="not_publicly_available">SLES-15-300600045</reference>
        <reference href="not_publicly_available">SLES-15-600150045</reference>
        <reference href="https://docs-prv.pcisecuritystandards.org/PCI%20DSS/Standard/PCI-DSS-v4_0.pdf">2.2.6</reference>
        <reference href="https://docs-prv.pcisecuritystandards.org/PCI%20DSS/Standard/PCI-DSS-v4_0.pdf">2.2</reference>
        <rationale xmlns:xhtml="http://www.w3.org/1999/xhtml" xml:lang="en-US">Service configuration files enable or disable features of their respective services that if configured incorrectly
can lead to insecure and vulnerable configurations. Therefore, service configuration files should have the
correct access rights to prevent unauthorized changes.</rationale>
        <ident system="https://ncp.nist.gov/cce">CCE-91300-4</ident>
        <fix xmlns:xhtml="http://www.w3.org/1999/xhtml" id="file_permissions_cron_hourly" system="urn:xccdf:fix:script:sh" complexity="low" disruption="low" strategy="configure"># Remediation is applicable only in certain platforms
if rpm --quiet -q kernel-default || rpm --quiet -q kernel-default-base; then

find -H /etc/cron.hourly/ -maxdepth 0 -perm /u+s,g+xwrs,o+xwrt -type d -exec chmod u-s,g-xwrs,o-xwrt {} \;

else
    &gt;&amp;2 echo 'Remediation is not applicable, nothing was done'
fi
</fix>
        <fix xmlns:xhtml="http://www.w3.org/1999/xhtml" id="file_permissions_cron_hourly" system="urn:xccdf:fix:script:ansible" complexity="low" disruption="low" strategy="configure">- name: Gather the package facts
  package_facts:
    manager: auto
  tags:
  - CCE-91300-4
  - NIST-800-53-AC-6(1)
  - NIST-800-53-CM-6(a)
  - PCI-DSSv4-2.2
  - PCI-DSSv4-2.2.6
  - configure_strategy
  - file_permissions_cron_hourly
  - low_complexity
  - low_disruption
  - medium_severity
  - no_reboot_needed

- name: Find /etc/cron.hourly/ file(s)
  ansible.builtin.command: 'find -P /etc/cron.hourly/ -maxdepth 0 -perm /u+s,g+xwrs,o+xwrt  -type
    d '
  register: files_found
  changed_when: false
  failed_when: false
  check_mode: false
  when: ("kernel-default" in ansible_facts.packages or "kernel-default-base" in ansible_facts.packages)
  tags:
  - CCE-91300-4
  - NIST-800-53-AC-6(1)
  - NIST-800-53-CM-6(a)
  - PCI-DSSv4-2.2
  - PCI-DSSv4-2.2.6
  - configure_strategy
  - file_permissions_cron_hourly
  - low_complexity
  - low_disruption
  - medium_severity
  - no_reboot_needed

- name: Set permissions for /etc/cron.hourly/ file(s)
  ansible.builtin.file:
    path: '{{ item }}'
    mode: u-s,g-xwrs,o-xwrt
    state: directory
  with_items:
  - '{{ files_found.stdout_lines }}'
  when: ("kernel-default" in ansible_facts.packages or "kernel-default-base" in ansible_facts.packages)
  tags:
  - CCE-91300-4
  - NIST-800-53-AC-6(1)
  - NIST-800-53-CM-6(a)
  - PCI-DSSv4-2.2
  - PCI-DSSv4-2.2.6
  - configure_strategy
  - file_permissions_cron_hourly
  - low_complexity
  - low_disruption
  - medium_severity
  - no_reboot_needed
</fix>
        <check system="http://oval.mitre.org/XMLSchema/oval-definitions-5">
          <check-content-ref name="oval:ssg-file_permissions_cron_hourly:def:1" href="ssg-sle15-oval.xml"/>
        </check>
        <check system="http://scap.nist.gov/schema/ocil/2">
          <check-content-ref name="ocil:ssg-file_permissions_cron_hourly_ocil:questionnaire:1" href="ssg-sle15-ocil.xml"/>
        </check>
      </Rule>
      <Rule id="xccdf_org.ssgproject.content_rule_file_permissions_cron_monthly" selected="false" role="full" severity="medium">
        <title xmlns:xhtml="http://www.w3.org/1999/xhtml" xml:lang="en-US">Verify Permissions on cron.monthly</title>
        <description xmlns:xhtml="http://www.w3.org/1999/xhtml" xml:lang="en-US">
To properly set the permissions of <html:code xmlns:html="http://www.w3.org/1999/xhtml">/etc/cron.monthly</html:code>, run the command:
<html:pre xmlns:html="http://www.w3.org/1999/xhtml">$ sudo chmod 0700 /etc/cron.monthly</html:pre>
      </description>
        <reference href="https://www.cisecurity.org/controls/">12</reference>
        <reference href="https://www.cisecurity.org/controls/">13</reference>
        <reference href="https://www.cisecurity.org/controls/">14</reference>
        <reference href="https://www.cisecurity.org/controls/">15</reference>
        <reference href="https://www.cisecurity.org/controls/">16</reference>
        <reference href="https://www.cisecurity.org/controls/">18</reference>
        <reference href="https://www.cisecurity.org/controls/">3</reference>
        <reference href="https://www.cisecurity.org/controls/">5</reference>
        <reference href="https://www.isaca.org/resources/cobit">APO01.06</reference>
        <reference href="https://www.isaca.org/resources/cobit">DSS05.04</reference>
        <reference href="https://www.isaca.org/resources/cobit">DSS05.07</reference>
        <reference href="https://www.isaca.org/resources/cobit">DSS06.02</reference>
        <reference href="https://www.isa.org/products/isa-62443-2-1-2009-security-for-industrial-automat">4.3.3.7.3</reference>
        <reference href="https://www.isa.org/products/ansi-isa-62443-3-3-99-03-03-2013-security-for-indu">SR 2.1</reference>
        <reference href="https://www.isa.org/products/ansi-isa-62443-3-3-99-03-03-2013-security-for-indu">SR 5.2</reference>
        <reference href="https://www.iso.org/contents/data/standard/05/45/54534.html">A.10.1.1</reference>
        <reference href="https://www.iso.org/contents/data/standard/05/45/54534.html">A.11.1.4</reference>
        <reference href="https://www.iso.org/contents/data/standard/05/45/54534.html">A.11.1.5</reference>
        <reference href="https://www.iso.org/contents/data/standard/05/45/54534.html">A.11.2.1</reference>
        <reference href="https://www.iso.org/contents/data/standard/05/45/54534.html">A.13.1.1</reference>
        <reference href="https://www.iso.org/contents/data/standard/05/45/54534.html">A.13.1.3</reference>
        <reference href="https://www.iso.org/contents/data/standard/05/45/54534.html">A.13.2.1</reference>
        <reference href="https://www.iso.org/contents/data/standard/05/45/54534.html">A.13.2.3</reference>
        <reference href="https://www.iso.org/contents/data/standard/05/45/54534.html">A.13.2.4</reference>
        <reference href="https://www.iso.org/contents/data/standard/05/45/54534.html">A.14.1.2</reference>
        <reference href="https://www.iso.org/contents/data/standard/05/45/54534.html">A.14.1.3</reference>
        <reference href="https://www.iso.org/contents/data/standard/05/45/54534.html">A.6.1.2</reference>
        <reference href="https://www.iso.org/contents/data/standard/05/45/54534.html">A.7.1.1</reference>
        <reference href="https://www.iso.org/contents/data/standard/05/45/54534.html">A.7.1.2</reference>
        <reference href="https://www.iso.org/contents/data/standard/05/45/54534.html">A.7.3.1</reference>
        <reference href="https://www.iso.org/contents/data/standard/05/45/54534.html">A.8.2.2</reference>
        <reference href="https://www.iso.org/contents/data/standard/05/45/54534.html">A.8.2.3</reference>
        <reference href="https://www.iso.org/contents/data/standard/05/45/54534.html">A.9.1.1</reference>
        <reference href="https://www.iso.org/contents/data/standard/05/45/54534.html">A.9.1.2</reference>
        <reference href="https://www.iso.org/contents/data/standard/05/45/54534.html">A.9.2.3</reference>
        <reference href="https://www.iso.org/contents/data/standard/05/45/54534.html">A.9.4.1</reference>
        <reference href="https://www.iso.org/contents/data/standard/05/45/54534.html">A.9.4.4</reference>
        <reference href="https://www.iso.org/contents/data/standard/05/45/54534.html">A.9.4.5</reference>
        <reference href="http://nvlpubs.nist.gov/nistpubs/SpecialPublications/NIST.SP.800-53r4.pdf">CM-6(a)</reference>
        <reference href="http://nvlpubs.nist.gov/nistpubs/SpecialPublications/NIST.SP.800-53r4.pdf">AC-6(1)</reference>
        <reference href="https://nvlpubs.nist.gov/nistpubs/CSWP/NIST.CSWP.04162018.pdf">PR.AC-4</reference>
        <reference href="https://nvlpubs.nist.gov/nistpubs/CSWP/NIST.CSWP.04162018.pdf">PR.DS-5</reference>
        <reference href="https://www.cyber.mil/stigs/downloads/?_dl_facet_stigs=operating-systems%2Cgeneral-purpose-os">SRG-OS-000480-GPOS-00227</reference>
        <reference href="https://www.cisecurity.org/benchmark/suse_linux/">5.1.6</reference>
        <reference href="not_publicly_available">SLES-15-300600090</reference>
        <reference href="https://docs-prv.pcisecuritystandards.org/PCI%20DSS/Standard/PCI-DSS-v4_0.pdf">2.2.6</reference>
        <reference href="https://docs-prv.pcisecuritystandards.org/PCI%20DSS/Standard/PCI-DSS-v4_0.pdf">2.2</reference>
        <rationale xmlns:xhtml="http://www.w3.org/1999/xhtml" xml:lang="en-US">Service configuration files enable or disable features of their respective services that if configured incorrectly
can lead to insecure and vulnerable configurations. Therefore, service configuration files should have the
correct access rights to prevent unauthorized changes.</rationale>
        <ident system="https://ncp.nist.gov/cce">CCE-91303-8</ident>
        <fix xmlns:xhtml="http://www.w3.org/1999/xhtml" id="file_permissions_cron_monthly" system="urn:xccdf:fix:script:sh" complexity="low" disruption="low" strategy="configure"># Remediation is applicable only in certain platforms
if rpm --quiet -q kernel-default || rpm --quiet -q kernel-default-base; then

find -H /etc/cron.monthly/ -maxdepth 0 -perm /u+s,g+xwrs,o+xwrt -type d -exec chmod u-s,g-xwrs,o-xwrt {} \;

else
    &gt;&amp;2 echo 'Remediation is not applicable, nothing was done'
fi
</fix>
        <fix xmlns:xhtml="http://www.w3.org/1999/xhtml" id="file_permissions_cron_monthly" system="urn:xccdf:fix:script:ansible" complexity="low" disruption="low" strategy="configure">- name: Gather the package facts
  package_facts:
    manager: auto
  tags:
  - CCE-91303-8
  - NIST-800-53-AC-6(1)
  - NIST-800-53-CM-6(a)
  - PCI-DSSv4-2.2
  - PCI-DSSv4-2.2.6
  - configure_strategy
  - file_permissions_cron_monthly
  - low_complexity
  - low_disruption
  - medium_severity
  - no_reboot_needed

- name: Find /etc/cron.monthly/ file(s)
  ansible.builtin.command: 'find -P /etc/cron.monthly/ -maxdepth 0 -perm /u+s,g+xwrs,o+xwrt  -type
    d '
  register: files_found
  changed_when: false
  failed_when: false
  check_mode: false
  when: ("kernel-default" in ansible_facts.packages or "kernel-default-base" in ansible_facts.packages)
  tags:
  - CCE-91303-8
  - NIST-800-53-AC-6(1)
  - NIST-800-53-CM-6(a)
  - PCI-DSSv4-2.2
  - PCI-DSSv4-2.2.6
  - configure_strategy
  - file_permissions_cron_monthly
  - low_complexity
  - low_disruption
  - medium_severity
  - no_reboot_needed

- name: Set permissions for /etc/cron.monthly/ file(s)
  ansible.builtin.file:
    path: '{{ item }}'
    mode: u-s,g-xwrs,o-xwrt
    state: directory
  with_items:
  - '{{ files_found.stdout_lines }}'
  when: ("kernel-default" in ansible_facts.packages or "kernel-default-base" in ansible_facts.packages)
  tags:
  - CCE-91303-8
  - NIST-800-53-AC-6(1)
  - NIST-800-53-CM-6(a)
  - PCI-DSSv4-2.2
  - PCI-DSSv4-2.2.6
  - configure_strategy
  - file_permissions_cron_monthly
  - low_complexity
  - low_disruption
  - medium_severity
  - no_reboot_needed
</fix>
        <check system="http://oval.mitre.org/XMLSchema/oval-definitions-5">
          <check-content-ref name="oval:ssg-file_permissions_cron_monthly:def:1" href="ssg-sle15-oval.xml"/>
        </check>
        <check system="http://scap.nist.gov/schema/ocil/2">
          <check-content-ref name="ocil:ssg-file_permissions_cron_monthly_ocil:questionnaire:1" href="ssg-sle15-ocil.xml"/>
        </check>
      </Rule>
      <Rule id="xccdf_org.ssgproject.content_rule_file_permissions_cron_weekly" selected="false" role="full" severity="medium">
        <title xmlns:xhtml="http://www.w3.org/1999/xhtml" xml:lang="en-US">Verify Permissions on cron.weekly</title>
        <description xmlns:xhtml="http://www.w3.org/1999/xhtml" xml:lang="en-US">
To properly set the permissions of <html:code xmlns:html="http://www.w3.org/1999/xhtml">/etc/cron.weekly</html:code>, run the command:
<html:pre xmlns:html="http://www.w3.org/1999/xhtml">$ sudo chmod 0700 /etc/cron.weekly</html:pre>
      </description>
        <reference href="https://www.cisecurity.org/controls/">12</reference>
        <reference href="https://www.cisecurity.org/controls/">13</reference>
        <reference href="https://www.cisecurity.org/controls/">14</reference>
        <reference href="https://www.cisecurity.org/controls/">15</reference>
        <reference href="https://www.cisecurity.org/controls/">16</reference>
        <reference href="https://www.cisecurity.org/controls/">18</reference>
        <reference href="https://www.cisecurity.org/controls/">3</reference>
        <reference href="https://www.cisecurity.org/controls/">5</reference>
        <reference href="https://www.isaca.org/resources/cobit">APO01.06</reference>
        <reference href="https://www.isaca.org/resources/cobit">DSS05.04</reference>
        <reference href="https://www.isaca.org/resources/cobit">DSS05.07</reference>
        <reference href="https://www.isaca.org/resources/cobit">DSS06.02</reference>
        <reference href="https://www.isa.org/products/isa-62443-2-1-2009-security-for-industrial-automat">4.3.3.7.3</reference>
        <reference href="https://www.isa.org/products/ansi-isa-62443-3-3-99-03-03-2013-security-for-indu">SR 2.1</reference>
        <reference href="https://www.isa.org/products/ansi-isa-62443-3-3-99-03-03-2013-security-for-indu">SR 5.2</reference>
        <reference href="https://www.iso.org/contents/data/standard/05/45/54534.html">A.10.1.1</reference>
        <reference href="https://www.iso.org/contents/data/standard/05/45/54534.html">A.11.1.4</reference>
        <reference href="https://www.iso.org/contents/data/standard/05/45/54534.html">A.11.1.5</reference>
        <reference href="https://www.iso.org/contents/data/standard/05/45/54534.html">A.11.2.1</reference>
        <reference href="https://www.iso.org/contents/data/standard/05/45/54534.html">A.13.1.1</reference>
        <reference href="https://www.iso.org/contents/data/standard/05/45/54534.html">A.13.1.3</reference>
        <reference href="https://www.iso.org/contents/data/standard/05/45/54534.html">A.13.2.1</reference>
        <reference href="https://www.iso.org/contents/data/standard/05/45/54534.html">A.13.2.3</reference>
        <reference href="https://www.iso.org/contents/data/standard/05/45/54534.html">A.13.2.4</reference>
        <reference href="https://www.iso.org/contents/data/standard/05/45/54534.html">A.14.1.2</reference>
        <reference href="https://www.iso.org/contents/data/standard/05/45/54534.html">A.14.1.3</reference>
        <reference href="https://www.iso.org/contents/data/standard/05/45/54534.html">A.6.1.2</reference>
        <reference href="https://www.iso.org/contents/data/standard/05/45/54534.html">A.7.1.1</reference>
        <reference href="https://www.iso.org/contents/data/standard/05/45/54534.html">A.7.1.2</reference>
        <reference href="https://www.iso.org/contents/data/standard/05/45/54534.html">A.7.3.1</reference>
        <reference href="https://www.iso.org/contents/data/standard/05/45/54534.html">A.8.2.2</reference>
        <reference href="https://www.iso.org/contents/data/standard/05/45/54534.html">A.8.2.3</reference>
        <reference href="https://www.iso.org/contents/data/standard/05/45/54534.html">A.9.1.1</reference>
        <reference href="https://www.iso.org/contents/data/standard/05/45/54534.html">A.9.1.2</reference>
        <reference href="https://www.iso.org/contents/data/standard/05/45/54534.html">A.9.2.3</reference>
        <reference href="https://www.iso.org/contents/data/standard/05/45/54534.html">A.9.4.1</reference>
        <reference href="https://www.iso.org/contents/data/standard/05/45/54534.html">A.9.4.4</reference>
        <reference href="https://www.iso.org/contents/data/standard/05/45/54534.html">A.9.4.5</reference>
        <reference href="http://nvlpubs.nist.gov/nistpubs/SpecialPublications/NIST.SP.800-53r4.pdf">CM-6(a)</reference>
        <reference href="http://nvlpubs.nist.gov/nistpubs/SpecialPublications/NIST.SP.800-53r4.pdf">AC-6(1)</reference>
        <reference href="https://nvlpubs.nist.gov/nistpubs/CSWP/NIST.CSWP.04162018.pdf">PR.AC-4</reference>
        <reference href="https://nvlpubs.nist.gov/nistpubs/CSWP/NIST.CSWP.04162018.pdf">PR.DS-5</reference>
        <reference href="https://www.cyber.mil/stigs/downloads/?_dl_facet_stigs=operating-systems%2Cgeneral-purpose-os">SRG-OS-000480-GPOS-00227</reference>
        <reference href="https://www.cisecurity.org/benchmark/suse_linux/">5.1.5</reference>
        <reference href="not_publicly_available">SLES-15-300600075</reference>
        <reference href="https://docs-prv.pcisecuritystandards.org/PCI%20DSS/Standard/PCI-DSS-v4_0.pdf">2.2.6</reference>
        <reference href="https://docs-prv.pcisecuritystandards.org/PCI%20DSS/Standard/PCI-DSS-v4_0.pdf">2.2</reference>
        <rationale xmlns:xhtml="http://www.w3.org/1999/xhtml" xml:lang="en-US">Service configuration files enable or disable features of their respective services that if configured incorrectly
can lead to insecure and vulnerable configurations. Therefore, service configuration files should have the
correct access rights to prevent unauthorized changes.</rationale>
        <ident system="https://ncp.nist.gov/cce">CCE-91302-0</ident>
        <fix xmlns:xhtml="http://www.w3.org/1999/xhtml" id="file_permissions_cron_weekly" system="urn:xccdf:fix:script:sh" complexity="low" disruption="low" strategy="configure"># Remediation is applicable only in certain platforms
if rpm --quiet -q kernel-default || rpm --quiet -q kernel-default-base; then

find -H /etc/cron.weekly/ -maxdepth 0 -perm /u+s,g+xwrs,o+xwrt -type d -exec chmod u-s,g-xwrs,o-xwrt {} \;

else
    &gt;&amp;2 echo 'Remediation is not applicable, nothing was done'
fi
</fix>
        <fix xmlns:xhtml="http://www.w3.org/1999/xhtml" id="file_permissions_cron_weekly" system="urn:xccdf:fix:script:ansible" complexity="low" disruption="low" strategy="configure">- name: Gather the package facts
  package_facts:
    manager: auto
  tags:
  - CCE-91302-0
  - NIST-800-53-AC-6(1)
  - NIST-800-53-CM-6(a)
  - PCI-DSSv4-2.2
  - PCI-DSSv4-2.2.6
  - configure_strategy
  - file_permissions_cron_weekly
  - low_complexity
  - low_disruption
  - medium_severity
  - no_reboot_needed

- name: Find /etc/cron.weekly/ file(s)
  ansible.builtin.command: 'find -P /etc/cron.weekly/ -maxdepth 0 -perm /u+s,g+xwrs,o+xwrt  -type
    d '
  register: files_found
  changed_when: false
  failed_when: false
  check_mode: false
  when: ("kernel-default" in ansible_facts.packages or "kernel-default-base" in ansible_facts.packages)
  tags:
  - CCE-91302-0
  - NIST-800-53-AC-6(1)
  - NIST-800-53-CM-6(a)
  - PCI-DSSv4-2.2
  - PCI-DSSv4-2.2.6
  - configure_strategy
  - file_permissions_cron_weekly
  - low_complexity
  - low_disruption
  - medium_severity
  - no_reboot_needed

- name: Set permissions for /etc/cron.weekly/ file(s)
  ansible.builtin.file:
    path: '{{ item }}'
    mode: u-s,g-xwrs,o-xwrt
    state: directory
  with_items:
  - '{{ files_found.stdout_lines }}'
  when: ("kernel-default" in ansible_facts.packages or "kernel-default-base" in ansible_facts.packages)
  tags:
  - CCE-91302-0
  - NIST-800-53-AC-6(1)
  - NIST-800-53-CM-6(a)
  - PCI-DSSv4-2.2
  - PCI-DSSv4-2.2.6
  - configure_strategy
  - file_permissions_cron_weekly
  - low_complexity
  - low_disruption
  - medium_severity
  - no_reboot_needed
</fix>
        <check system="http://oval.mitre.org/XMLSchema/oval-definitions-5">
          <check-content-ref name="oval:ssg-file_permissions_cron_weekly:def:1" href="ssg-sle15-oval.xml"/>
        </check>
        <check system="http://scap.nist.gov/schema/ocil/2">
          <check-content-ref name="ocil:ssg-file_permissions_cron_weekly_ocil:questionnaire:1" href="ssg-sle15-ocil.xml"/>
        </check>
      </Rule>
      <Rule id="xccdf_org.ssgproject.content_rule_file_permissions_crontab" selected="false" role="full" severity="medium">
        <title xmlns:xhtml="http://www.w3.org/1999/xhtml" xml:lang="en-US">Verify Permissions on crontab</title>
        <description xmlns:xhtml="http://www.w3.org/1999/xhtml" xml:lang="en-US">
To properly set the permissions of <html:code xmlns:html="http://www.w3.org/1999/xhtml">/etc/crontab</html:code>, run the command:
<html:pre xmlns:html="http://www.w3.org/1999/xhtml">$ sudo chmod 0600 /etc/crontab</html:pre>
      </description>
        <reference href="https://www.cisecurity.org/controls/">12</reference>
        <reference href="https://www.cisecurity.org/controls/">13</reference>
        <reference href="https://www.cisecurity.org/controls/">14</reference>
        <reference href="https://www.cisecurity.org/controls/">15</reference>
        <reference href="https://www.cisecurity.org/controls/">16</reference>
        <reference href="https://www.cisecurity.org/controls/">18</reference>
        <reference href="https://www.cisecurity.org/controls/">3</reference>
        <reference href="https://www.cisecurity.org/controls/">5</reference>
        <reference href="https://www.isaca.org/resources/cobit">APO01.06</reference>
        <reference href="https://www.isaca.org/resources/cobit">DSS05.04</reference>
        <reference href="https://www.isaca.org/resources/cobit">DSS05.07</reference>
        <reference href="https://www.isaca.org/resources/cobit">DSS06.02</reference>
        <reference href="https://www.isa.org/products/isa-62443-2-1-2009-security-for-industrial-automat">4.3.3.7.3</reference>
        <reference href="https://www.isa.org/products/ansi-isa-62443-3-3-99-03-03-2013-security-for-indu">SR 2.1</reference>
        <reference href="https://www.isa.org/products/ansi-isa-62443-3-3-99-03-03-2013-security-for-indu">SR 5.2</reference>
        <reference href="https://www.iso.org/contents/data/standard/05/45/54534.html">A.10.1.1</reference>
        <reference href="https://www.iso.org/contents/data/standard/05/45/54534.html">A.11.1.4</reference>
        <reference href="https://www.iso.org/contents/data/standard/05/45/54534.html">A.11.1.5</reference>
        <reference href="https://www.iso.org/contents/data/standard/05/45/54534.html">A.11.2.1</reference>
        <reference href="https://www.iso.org/contents/data/standard/05/45/54534.html">A.13.1.1</reference>
        <reference href="https://www.iso.org/contents/data/standard/05/45/54534.html">A.13.1.3</reference>
        <reference href="https://www.iso.org/contents/data/standard/05/45/54534.html">A.13.2.1</reference>
        <reference href="https://www.iso.org/contents/data/standard/05/45/54534.html">A.13.2.3</reference>
        <reference href="https://www.iso.org/contents/data/standard/05/45/54534.html">A.13.2.4</reference>
        <reference href="https://www.iso.org/contents/data/standard/05/45/54534.html">A.14.1.2</reference>
        <reference href="https://www.iso.org/contents/data/standard/05/45/54534.html">A.14.1.3</reference>
        <reference href="https://www.iso.org/contents/data/standard/05/45/54534.html">A.6.1.2</reference>
        <reference href="https://www.iso.org/contents/data/standard/05/45/54534.html">A.7.1.1</reference>
        <reference href="https://www.iso.org/contents/data/standard/05/45/54534.html">A.7.1.2</reference>
        <reference href="https://www.iso.org/contents/data/standard/05/45/54534.html">A.7.3.1</reference>
        <reference href="https://www.iso.org/contents/data/standard/05/45/54534.html">A.8.2.2</reference>
        <reference href="https://www.iso.org/contents/data/standard/05/45/54534.html">A.8.2.3</reference>
        <reference href="https://www.iso.org/contents/data/standard/05/45/54534.html">A.9.1.1</reference>
        <reference href="https://www.iso.org/contents/data/standard/05/45/54534.html">A.9.1.2</reference>
        <reference href="https://www.iso.org/contents/data/standard/05/45/54534.html">A.9.2.3</reference>
        <reference href="https://www.iso.org/contents/data/standard/05/45/54534.html">A.9.4.1</reference>
        <reference href="https://www.iso.org/contents/data/standard/05/45/54534.html">A.9.4.4</reference>
        <reference href="https://www.iso.org/contents/data/standard/05/45/54534.html">A.9.4.5</reference>
        <reference href="http://nvlpubs.nist.gov/nistpubs/SpecialPublications/NIST.SP.800-53r4.pdf">CM-6(a)</reference>
        <reference href="http://nvlpubs.nist.gov/nistpubs/SpecialPublications/NIST.SP.800-53r4.pdf">AC-6(1)</reference>
        <reference href="https://nvlpubs.nist.gov/nistpubs/CSWP/NIST.CSWP.04162018.pdf">PR.AC-4</reference>
        <reference href="https://nvlpubs.nist.gov/nistpubs/CSWP/NIST.CSWP.04162018.pdf">PR.DS-5</reference>
        <reference href="https://www.cyber.mil/stigs/downloads/?_dl_facet_stigs=operating-systems%2Cgeneral-purpose-os">SRG-OS-000480-GPOS-00227</reference>
        <reference href="https://www.cisecurity.org/benchmark/suse_linux/">5.1.2</reference>
        <reference href="https://docs-prv.pcisecuritystandards.org/PCI%20DSS/Standard/PCI-DSS-v4_0.pdf">2.2.6</reference>
        <reference href="https://docs-prv.pcisecuritystandards.org/PCI%20DSS/Standard/PCI-DSS-v4_0.pdf">2.2</reference>
        <rationale xmlns:xhtml="http://www.w3.org/1999/xhtml" xml:lang="en-US">Service configuration files enable or disable features of their respective services that if configured incorrectly
can lead to insecure and vulnerable configurations. Therefore, service configuration files should have the
correct access rights to prevent unauthorized changes.</rationale>
        <ident system="https://ncp.nist.gov/cce">CCE-91299-8</ident>
        <fix xmlns:xhtml="http://www.w3.org/1999/xhtml" id="file_permissions_crontab" system="urn:xccdf:fix:script:sh" complexity="low" disruption="low" strategy="configure"># Remediation is applicable only in certain platforms
if rpm --quiet -q kernel-default || rpm --quiet -q kernel-default-base; then

chmod u-xs,g-xwrs,o-xwrt /etc/crontab

else
    &gt;&amp;2 echo 'Remediation is not applicable, nothing was done'
fi
</fix>
        <fix xmlns:xhtml="http://www.w3.org/1999/xhtml" id="file_permissions_crontab" system="urn:xccdf:fix:script:ansible" complexity="low" disruption="low" strategy="configure">- name: Gather the package facts
  package_facts:
    manager: auto
  tags:
  - CCE-91299-8
  - NIST-800-53-AC-6(1)
  - NIST-800-53-CM-6(a)
  - PCI-DSSv4-2.2
  - PCI-DSSv4-2.2.6
  - configure_strategy
  - file_permissions_crontab
  - low_complexity
  - low_disruption
  - medium_severity
  - no_reboot_needed

- name: Test for existence /etc/crontab
  ansible.builtin.stat:
    path: /etc/crontab
  register: file_exists
  when: ("kernel-default" in ansible_facts.packages or "kernel-default-base" in ansible_facts.packages)
  tags:
  - CCE-91299-8
  - NIST-800-53-AC-6(1)
  - NIST-800-53-CM-6(a)
  - PCI-DSSv4-2.2
  - PCI-DSSv4-2.2.6
  - configure_strategy
  - file_permissions_crontab
  - low_complexity
  - low_disruption
  - medium_severity
  - no_reboot_needed

- name: Ensure permission u-xs,g-xwrs,o-xwrt on /etc/crontab
  ansible.builtin.file:
    path: /etc/crontab
    mode: u-xs,g-xwrs,o-xwrt
  when:
  - ("kernel-default" in ansible_facts.packages or "kernel-default-base" in ansible_facts.packages)
  - file_exists.stat is defined and file_exists.stat.exists
  tags:
  - CCE-91299-8
  - NIST-800-53-AC-6(1)
  - NIST-800-53-CM-6(a)
  - PCI-DSSv4-2.2
  - PCI-DSSv4-2.2.6
  - configure_strategy
  - file_permissions_crontab
  - low_complexity
  - low_disruption
  - medium_severity
  - no_reboot_needed
</fix>
        <check system="http://oval.mitre.org/XMLSchema/oval-definitions-5">
          <check-content-ref name="oval:ssg-file_permissions_crontab:def:1" href="ssg-sle15-oval.xml"/>
        </check>
        <check system="http://scap.nist.gov/schema/ocil/2">
          <check-content-ref name="ocil:ssg-file_permissions_crontab_ocil:questionnaire:1" href="ssg-sle15-ocil.xml"/>
        </check>
      </Rule>
      <Group id="xccdf_org.ssgproject.content_group_restrict_at_cron_users">
        <title xmlns:xhtml="http://www.w3.org/1999/xhtml" xml:lang="en-US">Restrict at and cron to Authorized Users if Necessary</title>
        <description xmlns:xhtml="http://www.w3.org/1999/xhtml" xml:lang="en-US">The <html:code xmlns:html="http://www.w3.org/1999/xhtml">/etc/cron.allow</html:code> and <html:code xmlns:html="http://www.w3.org/1999/xhtml">/etc/at.allow</html:code> files contain lists of
users who are allowed to use <html:code xmlns:html="http://www.w3.org/1999/xhtml">cron</html:code> and at to delay execution of
processes. If these files exist and if the corresponding files
<html:code xmlns:html="http://www.w3.org/1999/xhtml">/etc/cron.deny</html:code> and <html:code xmlns:html="http://www.w3.org/1999/xhtml">/etc/at.deny</html:code> do not exist, then only users
listed in the relevant allow files can run the crontab and <html:code xmlns:html="http://www.w3.org/1999/xhtml">at</html:code> commands
to submit jobs to be run at scheduled intervals. On many systems, only the
system administrator needs the ability to schedule jobs. Note that even if a
given user is not listed in <html:code xmlns:html="http://www.w3.org/1999/xhtml">cron.allow</html:code>, cron jobs can still be run as
that user. The <html:code xmlns:html="http://www.w3.org/1999/xhtml">cron.allow</html:code> file controls only administrative access
to the crontab command for scheduling and modifying cron jobs.
<html:br xmlns:html="http://www.w3.org/1999/xhtml"/>
       <html:br xmlns:html="http://www.w3.org/1999/xhtml"/>
To restrict <html:code xmlns:html="http://www.w3.org/1999/xhtml">at</html:code> and <html:code xmlns:html="http://www.w3.org/1999/xhtml">cron</html:code> to only authorized users:
<html:ul xmlns:html="http://www.w3.org/1999/xhtml"><html:li>Remove the <html:code>cron.deny</html:code> file:<html:pre>$ sudo rm /etc/cron.deny</html:pre>
        </html:li><html:li>Edit <html:code>/etc/cron.allow</html:code>, adding one line for each user allowed to use
the crontab command to create cron jobs.</html:li><html:li>Remove the <html:code>at.deny</html:code> file:<html:pre>$ sudo rm /etc/at.deny</html:pre>
        </html:li><html:li>Edit <html:code>/etc/at.allow</html:code>, adding one line for each user allowed to use
the at command to create at jobs.</html:li></html:ul>
      </description>
        <Rule id="xccdf_org.ssgproject.content_rule_file_at_deny_not_exist" selected="false" role="full" severity="medium">
          <title xmlns:xhtml="http://www.w3.org/1999/xhtml" xml:lang="en-US">Ensure that /etc/at.deny does not exist</title>
          <description xmlns:xhtml="http://www.w3.org/1999/xhtml" xml:lang="en-US">The file <html:code xmlns:html="http://www.w3.org/1999/xhtml">/etc/at.deny</html:code> should not exist.
Use <html:code xmlns:html="http://www.w3.org/1999/xhtml">/etc/at.allow</html:code> instead.</description>
          <reference href="https://www.cisecurity.org/benchmark/suse_linux/">5.1.9</reference>
          <reference href="not_publicly_available">SLES-15-300600135</reference>
          <reference href="https://docs-prv.pcisecuritystandards.org/PCI%20DSS/Standard/PCI-DSS-v4_0.pdf">2.2.6</reference>
          <reference href="https://docs-prv.pcisecuritystandards.org/PCI%20DSS/Standard/PCI-DSS-v4_0.pdf">2.2</reference>
          <rationale xmlns:xhtml="http://www.w3.org/1999/xhtml" xml:lang="en-US">Access to <html:code xmlns:html="http://www.w3.org/1999/xhtml">at</html:code> should be restricted.
It is easier to manage an allow list than a deny list.</rationale>
          <ident system="https://ncp.nist.gov/cce">CCE-91313-7</ident>
          <fix xmlns:xhtml="http://www.w3.org/1999/xhtml" id="file_at_deny_not_exist" system="urn:xccdf:fix:script:sh" complexity="low" disruption="low" strategy="disable"># Remediation is applicable only in certain platforms
if rpm --quiet -q kernel-default || rpm --quiet -q kernel-default-base; then

if [[ -f  /etc/at.deny ]]; then
        rm /etc/at.deny
    fi

else
    &gt;&amp;2 echo 'Remediation is not applicable, nothing was done'
fi
</fix>
          <fix xmlns:xhtml="http://www.w3.org/1999/xhtml" id="file_at_deny_not_exist" system="urn:xccdf:fix:script:ansible" complexity="low" disruption="low" strategy="disable">- name: Gather the package facts
  package_facts:
    manager: auto
  tags:
  - CCE-91313-7
  - PCI-DSSv4-2.2
  - PCI-DSSv4-2.2.6
  - disable_strategy
  - file_at_deny_not_exist
  - low_complexity
  - low_disruption
  - medium_severity
  - no_reboot_needed

- name: Ensure that /etc/at.deny does not exist - Remove /etc/at.deny
  ansible.builtin.file:
    path: /etc/at.deny
    state: absent
  when: ("kernel-default" in ansible_facts.packages or "kernel-default-base" in ansible_facts.packages)
  tags:
  - CCE-91313-7
  - PCI-DSSv4-2.2
  - PCI-DSSv4-2.2.6
  - disable_strategy
  - file_at_deny_not_exist
  - low_complexity
  - low_disruption
  - medium_severity
  - no_reboot_needed
</fix>
          <check system="http://oval.mitre.org/XMLSchema/oval-definitions-5">
            <check-content-ref name="oval:ssg-file_at_deny_not_exist:def:1" href="ssg-sle15-oval.xml"/>
          </check>
          <check system="http://scap.nist.gov/schema/ocil/2">
            <check-content-ref name="ocil:ssg-file_at_deny_not_exist_ocil:questionnaire:1" href="ssg-sle15-ocil.xml"/>
          </check>
        </Rule>
        <Rule id="xccdf_org.ssgproject.content_rule_file_cron_allow_exists" selected="false" role="full" severity="medium">
          <title xmlns:xhtml="http://www.w3.org/1999/xhtml" xml:lang="en-US">Ensure that /etc/cron.allow exists</title>
          <description xmlns:xhtml="http://www.w3.org/1999/xhtml" xml:lang="en-US">The file <html:code xmlns:html="http://www.w3.org/1999/xhtml">/etc/cron.allow</html:code> should exist and should be used instead
of <html:code xmlns:html="http://www.w3.org/1999/xhtml">/etc/cron.deny</html:code>.</description>
          <reference href="not_publicly_available">SLES-15-300600120</reference>
          <rationale xmlns:xhtml="http://www.w3.org/1999/xhtml" xml:lang="en-US">Access to <html:code xmlns:html="http://www.w3.org/1999/xhtml">crontab</html:code> should be restricted.
It is easier to manage an allow list than a deny list.
Therefore, <html:code xmlns:html="http://www.w3.org/1999/xhtml">/etc/cron.allow</html:code> needs to be created and used instead of <html:code xmlns:html="http://www.w3.org/1999/xhtml">/etc/cron.deny</html:code>.
Regardless of the existence of any of these files, the root administrative user is always allowed to setup a crontab.</rationale>
          <ident system="https://ncp.nist.gov/cce">CCE-92533-9</ident>
          <fix xmlns:xhtml="http://www.w3.org/1999/xhtml" id="file_cron_allow_exists" system="urn:xccdf:fix:script:sh" complexity="low" disruption="low" strategy="disable"># Remediation is applicable only in certain platforms
if rpm --quiet -q kernel-default || rpm --quiet -q kernel-default-base; then

touch /etc/cron.allow
    chown 0 /etc/cron.allow
    chmod 0600 /etc/cron.allow

else
    &gt;&amp;2 echo 'Remediation is not applicable, nothing was done'
fi
</fix>
          <fix xmlns:xhtml="http://www.w3.org/1999/xhtml" id="file_cron_allow_exists" system="urn:xccdf:fix:script:ansible" complexity="low" disruption="low" strategy="disable">- name: Gather the package facts
  package_facts:
    manager: auto
  tags:
  - CCE-92533-9
  - disable_strategy
  - file_cron_allow_exists
  - low_complexity
  - low_disruption
  - medium_severity
  - no_reboot_needed

- name: Ensure that /etc/cron.allow exists - Add empty /etc/cron.allow
  ansible.builtin.file:
    path: /etc/cron.allow
    state: touch
    owner: '0'
    mode: '0600'
    modification_time: preserve
    access_time: preserve
  when: ("kernel-default" in ansible_facts.packages or "kernel-default-base" in ansible_facts.packages)
  tags:
  - CCE-92533-9
  - disable_strategy
  - file_cron_allow_exists
  - low_complexity
  - low_disruption
  - medium_severity
  - no_reboot_needed
</fix>
          <check system="http://oval.mitre.org/XMLSchema/oval-definitions-5">
            <check-content-ref name="oval:ssg-file_cron_allow_exists:def:1" href="ssg-sle15-oval.xml"/>
          </check>
          <check system="http://scap.nist.gov/schema/ocil/2">
            <check-content-ref name="ocil:ssg-file_cron_allow_exists_ocil:questionnaire:1" href="ssg-sle15-ocil.xml"/>
          </check>
        </Rule>
        <Rule id="xccdf_org.ssgproject.content_rule_file_cron_deny_not_exist" selected="false" role="full" severity="medium">
          <title xmlns:xhtml="http://www.w3.org/1999/xhtml" xml:lang="en-US">Ensure that /etc/cron.deny does not exist</title>
          <description xmlns:xhtml="http://www.w3.org/1999/xhtml" xml:lang="en-US">The file <html:code xmlns:html="http://www.w3.org/1999/xhtml">/etc/cron.deny</html:code> should not exist.
Use <html:code xmlns:html="http://www.w3.org/1999/xhtml">/etc/cron.allow</html:code> instead.</description>
          <reference href="https://www.cisecurity.org/benchmark/suse_linux/">5.1.8</reference>
          <reference href="not_publicly_available">SLES-15-300600120</reference>
          <reference href="https://docs-prv.pcisecuritystandards.org/PCI%20DSS/Standard/PCI-DSS-v4_0.pdf">2.2.6</reference>
          <reference href="https://docs-prv.pcisecuritystandards.org/PCI%20DSS/Standard/PCI-DSS-v4_0.pdf">2.2</reference>
          <rationale xmlns:xhtml="http://www.w3.org/1999/xhtml" xml:lang="en-US">Access to <html:code xmlns:html="http://www.w3.org/1999/xhtml">cron</html:code> should be restricted.
It is easier to manage an allow list than a deny list.</rationale>
          <ident system="https://ncp.nist.gov/cce">CCE-91314-5</ident>
          <fix xmlns:xhtml="http://www.w3.org/1999/xhtml" id="file_cron_deny_not_exist" system="urn:xccdf:fix:script:sh" complexity="low" disruption="low" strategy="disable"># Remediation is applicable only in certain platforms
if rpm --quiet -q kernel-default || rpm --quiet -q kernel-default-base; then

if [[ -f  /etc/cron.deny ]]; then
        rm /etc/cron.deny
    fi

else
    &gt;&amp;2 echo 'Remediation is not applicable, nothing was done'
fi
</fix>
          <fix xmlns:xhtml="http://www.w3.org/1999/xhtml" id="file_cron_deny_not_exist" system="urn:xccdf:fix:script:ansible" complexity="low" disruption="low" strategy="disable">- name: Gather the package facts
  package_facts:
    manager: auto
  tags:
  - CCE-91314-5
  - PCI-DSSv4-2.2
  - PCI-DSSv4-2.2.6
  - disable_strategy
  - file_cron_deny_not_exist
  - low_complexity
  - low_disruption
  - medium_severity
  - no_reboot_needed

- name: Ensure that /etc/cron.deny does not exist - Remove /etc/cron.deny
  ansible.builtin.file:
    path: /etc/cron.deny
    state: absent
  when: ("kernel-default" in ansible_facts.packages or "kernel-default-base" in ansible_facts.packages)
  tags:
  - CCE-91314-5
  - PCI-DSSv4-2.2
  - PCI-DSSv4-2.2.6
  - disable_strategy
  - file_cron_deny_not_exist
  - low_complexity
  - low_disruption
  - medium_severity
  - no_reboot_needed
</fix>
          <check system="http://oval.mitre.org/XMLSchema/oval-definitions-5">
            <check-content-ref name="oval:ssg-file_cron_deny_not_exist:def:1" href="ssg-sle15-oval.xml"/>
          </check>
          <check system="http://scap.nist.gov/schema/ocil/2">
            <check-content-ref name="ocil:ssg-file_cron_deny_not_exist_ocil:questionnaire:1" href="ssg-sle15-ocil.xml"/>
          </check>
        </Rule>
        <Rule id="xccdf_org.ssgproject.content_rule_file_groupowner_at_allow" selected="false" role="full" severity="medium">
          <title xmlns:xhtml="http://www.w3.org/1999/xhtml" xml:lang="en-US">Verify Group Who Owns /etc/at.allow file</title>
          <description xmlns:xhtml="http://www.w3.org/1999/xhtml" xml:lang="en-US">If <html:code xmlns:html="http://www.w3.org/1999/xhtml">/etc/at.allow</html:code> exists, it must be group-owned by <html:code xmlns:html="http://www.w3.org/1999/xhtml">root</html:code>.

To properly set the group owner of <html:code xmlns:html="http://www.w3.org/1999/xhtml">/etc/at.allow</html:code>, run the command:

  <html:pre xmlns:html="http://www.w3.org/1999/xhtml">$ sudo chgrp root /etc/at.allow</html:pre>
       </description>
          <reference href="https://www.cisecurity.org/benchmark/suse_linux/">5.1.9</reference>
          <reference href="not_publicly_available">SLES-15-300600135</reference>
          <reference href="https://docs-prv.pcisecuritystandards.org/PCI%20DSS/Standard/PCI-DSS-v4_0.pdf">2.2.6</reference>
          <reference href="https://docs-prv.pcisecuritystandards.org/PCI%20DSS/Standard/PCI-DSS-v4_0.pdf">2.2</reference>
          <rationale xmlns:xhtml="http://www.w3.org/1999/xhtml" xml:lang="en-US">If the owner of the at.allow file is not set to root, the possibility exists for an
unauthorized user to view or edit sensitive information.</rationale>
          <ident system="https://ncp.nist.gov/cce">CCE-91315-2</ident>
          <fix xmlns:xhtml="http://www.w3.org/1999/xhtml" id="file_groupowner_at_allow" system="urn:xccdf:fix:script:sh" complexity="low" disruption="low" strategy="configure"># Remediation is applicable only in certain platforms
if rpm --quiet -q kernel-default || rpm --quiet -q kernel-default-base; then

newgroup=""
if getent group "0" &gt;/dev/null 2&gt;&amp;1; then
  newgroup="0"
fi

if [[ -z "${newgroup}" ]]; then
  &gt;&amp;2 echo "0 is not a defined group on the system"
else
if ! stat -c "%g %G" "/etc/at.allow" | grep -E -w -q "0"; then
    chgrp --no-dereference "$newgroup" /etc/at.allow
fi

fi

else
    &gt;&amp;2 echo 'Remediation is not applicable, nothing was done'
fi
</fix>
          <fix xmlns:xhtml="http://www.w3.org/1999/xhtml" id="file_groupowner_at_allow" system="urn:xccdf:fix:script:ansible" complexity="low" disruption="low" strategy="configure">- name: Gather the package facts
  package_facts:
    manager: auto
  tags:
  - CCE-91315-2
  - PCI-DSSv4-2.2
  - PCI-DSSv4-2.2.6
  - configure_strategy
  - file_groupowner_at_allow
  - low_complexity
  - low_disruption
  - medium_severity
  - no_reboot_needed

- name: Set the file_groupowner_at_allow_newgroup variable if represented by gid
  ansible.builtin.set_fact:
    file_groupowner_at_allow_newgroup: '0'
  when: ("kernel-default" in ansible_facts.packages or "kernel-default-base" in ansible_facts.packages)
  tags:
  - CCE-91315-2
  - PCI-DSSv4-2.2
  - PCI-DSSv4-2.2.6
  - configure_strategy
  - file_groupowner_at_allow
  - low_complexity
  - low_disruption
  - medium_severity
  - no_reboot_needed

- name: Test for existence /etc/at.allow
  ansible.builtin.stat:
    path: /etc/at.allow
  register: file_exists
  when: ("kernel-default" in ansible_facts.packages or "kernel-default-base" in ansible_facts.packages)
  tags:
  - CCE-91315-2
  - PCI-DSSv4-2.2
  - PCI-DSSv4-2.2.6
  - configure_strategy
  - file_groupowner_at_allow
  - low_complexity
  - low_disruption
  - medium_severity
  - no_reboot_needed

- name: Ensure group owner on /etc/at.allow
  ansible.builtin.file:
    path: /etc/at.allow
    follow: false
    group: '{{ file_groupowner_at_allow_newgroup }}'
  when:
  - ("kernel-default" in ansible_facts.packages or "kernel-default-base" in ansible_facts.packages)
  - file_exists.stat is defined and file_exists.stat.exists
  tags:
  - CCE-91315-2
  - PCI-DSSv4-2.2
  - PCI-DSSv4-2.2.6
  - configure_strategy
  - file_groupowner_at_allow
  - low_complexity
  - low_disruption
  - medium_severity
  - no_reboot_needed
</fix>
          <check system="http://oval.mitre.org/XMLSchema/oval-definitions-5">
            <check-content-ref name="oval:ssg-file_groupowner_at_allow:def:1" href="ssg-sle15-oval.xml"/>
          </check>
          <check system="http://scap.nist.gov/schema/ocil/2">
            <check-content-ref name="ocil:ssg-file_groupowner_at_allow_ocil:questionnaire:1" href="ssg-sle15-ocil.xml"/>
          </check>
        </Rule>
        <Rule id="xccdf_org.ssgproject.content_rule_file_groupowner_cron_allow" selected="false" role="full" severity="medium">
          <title xmlns:xhtml="http://www.w3.org/1999/xhtml" xml:lang="en-US">Verify Group Who Owns /etc/cron.allow file</title>
          <description xmlns:xhtml="http://www.w3.org/1999/xhtml" xml:lang="en-US">If <html:code xmlns:html="http://www.w3.org/1999/xhtml">/etc/cron.allow</html:code> exists, it must be group-owned by <html:code xmlns:html="http://www.w3.org/1999/xhtml">root</html:code>.

To properly set the group owner of <html:code xmlns:html="http://www.w3.org/1999/xhtml">/etc/cron.allow</html:code>, run the command:

  <html:pre xmlns:html="http://www.w3.org/1999/xhtml">$ sudo chgrp root /etc/cron.allow</html:pre>
       </description>
          <reference href="https://www.cisecurity.org/controls/">12</reference>
          <reference href="https://www.cisecurity.org/controls/">13</reference>
          <reference href="https://www.cisecurity.org/controls/">14</reference>
          <reference href="https://www.cisecurity.org/controls/">15</reference>
          <reference href="https://www.cisecurity.org/controls/">16</reference>
          <reference href="https://www.cisecurity.org/controls/">18</reference>
          <reference href="https://www.cisecurity.org/controls/">3</reference>
          <reference href="https://www.cisecurity.org/controls/">5</reference>
          <reference href="https://www.isaca.org/resources/cobit">APO01.06</reference>
          <reference href="https://www.isaca.org/resources/cobit">DSS05.04</reference>
          <reference href="https://www.isaca.org/resources/cobit">DSS05.07</reference>
          <reference href="https://www.isaca.org/resources/cobit">DSS06.02</reference>
          <reference href="https://www.isa.org/products/isa-62443-2-1-2009-security-for-industrial-automat">4.3.3.7.3</reference>
          <reference href="https://www.isa.org/products/ansi-isa-62443-3-3-99-03-03-2013-security-for-indu">SR 2.1</reference>
          <reference href="https://www.isa.org/products/ansi-isa-62443-3-3-99-03-03-2013-security-for-indu">SR 5.2</reference>
          <reference href="https://www.iso.org/contents/data/standard/05/45/54534.html">A.10.1.1</reference>
          <reference href="https://www.iso.org/contents/data/standard/05/45/54534.html">A.11.1.4</reference>
          <reference href="https://www.iso.org/contents/data/standard/05/45/54534.html">A.11.1.5</reference>
          <reference href="https://www.iso.org/contents/data/standard/05/45/54534.html">A.11.2.1</reference>
          <reference href="https://www.iso.org/contents/data/standard/05/45/54534.html">A.13.1.1</reference>
          <reference href="https://www.iso.org/contents/data/standard/05/45/54534.html">A.13.1.3</reference>
          <reference href="https://www.iso.org/contents/data/standard/05/45/54534.html">A.13.2.1</reference>
          <reference href="https://www.iso.org/contents/data/standard/05/45/54534.html">A.13.2.3</reference>
          <reference href="https://www.iso.org/contents/data/standard/05/45/54534.html">A.13.2.4</reference>
          <reference href="https://www.iso.org/contents/data/standard/05/45/54534.html">A.14.1.2</reference>
          <reference href="https://www.iso.org/contents/data/standard/05/45/54534.html">A.14.1.3</reference>
          <reference href="https://www.iso.org/contents/data/standard/05/45/54534.html">A.6.1.2</reference>
          <reference href="https://www.iso.org/contents/data/standard/05/45/54534.html">A.7.1.1</reference>
          <reference href="https://www.iso.org/contents/data/standard/05/45/54534.html">A.7.1.2</reference>
          <reference href="https://www.iso.org/contents/data/standard/05/45/54534.html">A.7.3.1</reference>
          <reference href="https://www.iso.org/contents/data/standard/05/45/54534.html">A.8.2.2</reference>
          <reference href="https://www.iso.org/contents/data/standard/05/45/54534.html">A.8.2.3</reference>
          <reference href="https://www.iso.org/contents/data/standard/05/45/54534.html">A.9.1.1</reference>
          <reference href="https://www.iso.org/contents/data/standard/05/45/54534.html">A.9.1.2</reference>
          <reference href="https://www.iso.org/contents/data/standard/05/45/54534.html">A.9.2.3</reference>
          <reference href="https://www.iso.org/contents/data/standard/05/45/54534.html">A.9.4.1</reference>
          <reference href="https://www.iso.org/contents/data/standard/05/45/54534.html">A.9.4.4</reference>
          <reference href="https://www.iso.org/contents/data/standard/05/45/54534.html">A.9.4.5</reference>
          <reference href="http://nvlpubs.nist.gov/nistpubs/SpecialPublications/NIST.SP.800-53r4.pdf">CM-6(a)</reference>
          <reference href="http://nvlpubs.nist.gov/nistpubs/SpecialPublications/NIST.SP.800-53r4.pdf">AC-6(1)</reference>
          <reference href="https://nvlpubs.nist.gov/nistpubs/CSWP/NIST.CSWP.04162018.pdf">PR.AC-4</reference>
          <reference href="https://nvlpubs.nist.gov/nistpubs/CSWP/NIST.CSWP.04162018.pdf">PR.DS-5</reference>
          <reference href="https://www.cyber.mil/stigs/downloads/?_dl_facet_stigs=operating-systems%2Cgeneral-purpose-os">SRG-OS-000480-GPOS-00227</reference>
          <reference href="https://www.cisecurity.org/benchmark/suse_linux/">5.1.8</reference>
          <reference href="not_publicly_available">SLES-15-300600120</reference>
          <reference href="https://docs-prv.pcisecuritystandards.org/PCI%20DSS/Standard/PCI-DSS-v4_0.pdf">2.2.6</reference>
          <reference href="https://docs-prv.pcisecuritystandards.org/PCI%20DSS/Standard/PCI-DSS-v4_0.pdf">2.2</reference>
          <rationale xmlns:xhtml="http://www.w3.org/1999/xhtml" xml:lang="en-US">If the owner of the cron.allow file is not set to root, the possibility exists for an
unauthorized user to view or edit sensitive information.</rationale>
          <ident system="https://ncp.nist.gov/cce">CCE-91316-0</ident>
          <fix xmlns:xhtml="http://www.w3.org/1999/xhtml" id="file_groupowner_cron_allow" system="urn:xccdf:fix:script:sh" complexity="low" disruption="low" strategy="configure"># Remediation is applicable only in certain platforms
if rpm --quiet -q kernel-default || rpm --quiet -q kernel-default-base; then

newgroup=""
if getent group "0" &gt;/dev/null 2&gt;&amp;1; then
  newgroup="0"
fi

if [[ -z "${newgroup}" ]]; then
  &gt;&amp;2 echo "0 is not a defined group on the system"
else
if ! stat -c "%g %G" "/etc/cron.allow" | grep -E -w -q "0"; then
    chgrp --no-dereference "$newgroup" /etc/cron.allow
fi

fi

else
    &gt;&amp;2 echo 'Remediation is not applicable, nothing was done'
fi
</fix>
          <fix xmlns:xhtml="http://www.w3.org/1999/xhtml" id="file_groupowner_cron_allow" system="urn:xccdf:fix:script:ansible" complexity="low" disruption="low" strategy="configure">- name: Gather the package facts
  package_facts:
    manager: auto
  tags:
  - CCE-91316-0
  - NIST-800-53-AC-6(1)
  - NIST-800-53-CM-6(a)
  - PCI-DSSv4-2.2
  - PCI-DSSv4-2.2.6
  - configure_strategy
  - file_groupowner_cron_allow
  - low_complexity
  - low_disruption
  - medium_severity
  - no_reboot_needed

- name: Set the file_groupowner_cron_allow_newgroup variable if represented by gid
  ansible.builtin.set_fact:
    file_groupowner_cron_allow_newgroup: '0'
  when: ("kernel-default" in ansible_facts.packages or "kernel-default-base" in ansible_facts.packages)
  tags:
  - CCE-91316-0
  - NIST-800-53-AC-6(1)
  - NIST-800-53-CM-6(a)
  - PCI-DSSv4-2.2
  - PCI-DSSv4-2.2.6
  - configure_strategy
  - file_groupowner_cron_allow
  - low_complexity
  - low_disruption
  - medium_severity
  - no_reboot_needed

- name: Test for existence /etc/cron.allow
  ansible.builtin.stat:
    path: /etc/cron.allow
  register: file_exists
  when: ("kernel-default" in ansible_facts.packages or "kernel-default-base" in ansible_facts.packages)
  tags:
  - CCE-91316-0
  - NIST-800-53-AC-6(1)
  - NIST-800-53-CM-6(a)
  - PCI-DSSv4-2.2
  - PCI-DSSv4-2.2.6
  - configure_strategy
  - file_groupowner_cron_allow
  - low_complexity
  - low_disruption
  - medium_severity
  - no_reboot_needed

- name: Ensure group owner on /etc/cron.allow
  ansible.builtin.file:
    path: /etc/cron.allow
    follow: false
    group: '{{ file_groupowner_cron_allow_newgroup }}'
  when:
  - ("kernel-default" in ansible_facts.packages or "kernel-default-base" in ansible_facts.packages)
  - file_exists.stat is defined and file_exists.stat.exists
  tags:
  - CCE-91316-0
  - NIST-800-53-AC-6(1)
  - NIST-800-53-CM-6(a)
  - PCI-DSSv4-2.2
  - PCI-DSSv4-2.2.6
  - configure_strategy
  - file_groupowner_cron_allow
  - low_complexity
  - low_disruption
  - medium_severity
  - no_reboot_needed
</fix>
          <check system="http://oval.mitre.org/XMLSchema/oval-definitions-5">
            <check-content-ref name="oval:ssg-file_groupowner_cron_allow:def:1" href="ssg-sle15-oval.xml"/>
          </check>
          <check system="http://scap.nist.gov/schema/ocil/2">
            <check-content-ref name="ocil:ssg-file_groupowner_cron_allow_ocil:questionnaire:1" href="ssg-sle15-ocil.xml"/>
          </check>
        </Rule>
        <Rule id="xccdf_org.ssgproject.content_rule_file_owner_at_allow" selected="false" role="full" severity="medium">
          <title xmlns:xhtml="http://www.w3.org/1999/xhtml" xml:lang="en-US">Verify User Who Owns /etc/at.allow file</title>
          <description xmlns:xhtml="http://www.w3.org/1999/xhtml" xml:lang="en-US">If <html:code xmlns:html="http://www.w3.org/1999/xhtml">/etc/at.allow</html:code> exists, it must be owned by <html:code xmlns:html="http://www.w3.org/1999/xhtml">root</html:code>.

To properly set the owner of <html:code xmlns:html="http://www.w3.org/1999/xhtml">/etc/at.allow</html:code>, run the command:

  <html:pre xmlns:html="http://www.w3.org/1999/xhtml">$ sudo chown root /etc/at.allow </html:pre>
       </description>
          <reference href="https://www.cisecurity.org/benchmark/suse_linux/">5.1.9</reference>
          <reference href="not_publicly_available">SLES-15-300600135</reference>
          <reference href="https://docs-prv.pcisecuritystandards.org/PCI%20DSS/Standard/PCI-DSS-v4_0.pdf">2.2.6</reference>
          <reference href="https://docs-prv.pcisecuritystandards.org/PCI%20DSS/Standard/PCI-DSS-v4_0.pdf">2.2</reference>
          <rationale xmlns:xhtml="http://www.w3.org/1999/xhtml" xml:lang="en-US">If the owner of the at.allow file is not set to root, the possibility exists for an
unauthorized user to view or edit sensitive information.</rationale>
          <ident system="https://ncp.nist.gov/cce">CCE-91317-8</ident>
          <fix xmlns:xhtml="http://www.w3.org/1999/xhtml" id="file_owner_at_allow" system="urn:xccdf:fix:script:sh" complexity="low" disruption="low" strategy="configure"># Remediation is applicable only in certain platforms
if rpm --quiet -q kernel-default || rpm --quiet -q kernel-default-base; then

newown=""
if id "0" &gt;/dev/null 2&gt;&amp;1; then
  newown="0"
fi

if [[ -z "$newown" ]]; then
  &gt;&amp;2 echo "0 is not a defined user on the system"
else
if ! stat -c "%u %U" "/etc/at.allow" | grep -E -w -q "0"; then
    chown --no-dereference "$newown" /etc/at.allow
fi

fi

else
    &gt;&amp;2 echo 'Remediation is not applicable, nothing was done'
fi
</fix>
          <fix xmlns:xhtml="http://www.w3.org/1999/xhtml" id="file_owner_at_allow" system="urn:xccdf:fix:script:ansible" complexity="low" disruption="low" strategy="configure">- name: Gather the package facts
  package_facts:
    manager: auto
  tags:
  - CCE-91317-8
  - PCI-DSSv4-2.2
  - PCI-DSSv4-2.2.6
  - configure_strategy
  - file_owner_at_allow
  - low_complexity
  - low_disruption
  - medium_severity
  - no_reboot_needed

- name: Set the file_owner_at_allow_newown variable if represented by uid
  ansible.builtin.set_fact:
    file_owner_at_allow_newown: '0'
  when: ("kernel-default" in ansible_facts.packages or "kernel-default-base" in ansible_facts.packages)
  tags:
  - CCE-91317-8
  - PCI-DSSv4-2.2
  - PCI-DSSv4-2.2.6
  - configure_strategy
  - file_owner_at_allow
  - low_complexity
  - low_disruption
  - medium_severity
  - no_reboot_needed

- name: Test for existence /etc/at.allow
  ansible.builtin.stat:
    path: /etc/at.allow
  register: file_exists
  when: ("kernel-default" in ansible_facts.packages or "kernel-default-base" in ansible_facts.packages)
  tags:
  - CCE-91317-8
  - PCI-DSSv4-2.2
  - PCI-DSSv4-2.2.6
  - configure_strategy
  - file_owner_at_allow
  - low_complexity
  - low_disruption
  - medium_severity
  - no_reboot_needed

- name: Ensure owner on /etc/at.allow
  ansible.builtin.file:
    path: /etc/at.allow
    follow: false
    owner: '{{ file_owner_at_allow_newown }}'
  when:
  - ("kernel-default" in ansible_facts.packages or "kernel-default-base" in ansible_facts.packages)
  - file_exists.stat is defined and file_exists.stat.exists
  tags:
  - CCE-91317-8
  - PCI-DSSv4-2.2
  - PCI-DSSv4-2.2.6
  - configure_strategy
  - file_owner_at_allow
  - low_complexity
  - low_disruption
  - medium_severity
  - no_reboot_needed
</fix>
          <check system="http://oval.mitre.org/XMLSchema/oval-definitions-5">
            <check-content-ref name="oval:ssg-file_owner_at_allow:def:1" href="ssg-sle15-oval.xml"/>
          </check>
          <check system="http://scap.nist.gov/schema/ocil/2">
            <check-content-ref name="ocil:ssg-file_owner_at_allow_ocil:questionnaire:1" href="ssg-sle15-ocil.xml"/>
          </check>
        </Rule>
        <Rule id="xccdf_org.ssgproject.content_rule_file_owner_cron_allow" selected="false" role="full" severity="medium">
          <title xmlns:xhtml="http://www.w3.org/1999/xhtml" xml:lang="en-US">Verify User Who Owns /etc/cron.allow file</title>
          <description xmlns:xhtml="http://www.w3.org/1999/xhtml" xml:lang="en-US">If <html:code xmlns:html="http://www.w3.org/1999/xhtml">/etc/cron.allow</html:code> exists, it must be owned by <html:code xmlns:html="http://www.w3.org/1999/xhtml">root</html:code>.

To properly set the owner of <html:code xmlns:html="http://www.w3.org/1999/xhtml">/etc/cron.allow</html:code>, run the command:

  <html:pre xmlns:html="http://www.w3.org/1999/xhtml">$ sudo chown root /etc/cron.allow </html:pre>
       </description>
          <reference href="https://www.cisecurity.org/controls/">12</reference>
          <reference href="https://www.cisecurity.org/controls/">13</reference>
          <reference href="https://www.cisecurity.org/controls/">14</reference>
          <reference href="https://www.cisecurity.org/controls/">15</reference>
          <reference href="https://www.cisecurity.org/controls/">16</reference>
          <reference href="https://www.cisecurity.org/controls/">18</reference>
          <reference href="https://www.cisecurity.org/controls/">3</reference>
          <reference href="https://www.cisecurity.org/controls/">5</reference>
          <reference href="https://www.isaca.org/resources/cobit">APO01.06</reference>
          <reference href="https://www.isaca.org/resources/cobit">DSS05.04</reference>
          <reference href="https://www.isaca.org/resources/cobit">DSS05.07</reference>
          <reference href="https://www.isaca.org/resources/cobit">DSS06.02</reference>
          <reference href="https://www.isa.org/products/isa-62443-2-1-2009-security-for-industrial-automat">4.3.3.7.3</reference>
          <reference href="https://www.isa.org/products/ansi-isa-62443-3-3-99-03-03-2013-security-for-indu">SR 2.1</reference>
          <reference href="https://www.isa.org/products/ansi-isa-62443-3-3-99-03-03-2013-security-for-indu">SR 5.2</reference>
          <reference href="https://www.iso.org/contents/data/standard/05/45/54534.html">A.10.1.1</reference>
          <reference href="https://www.iso.org/contents/data/standard/05/45/54534.html">A.11.1.4</reference>
          <reference href="https://www.iso.org/contents/data/standard/05/45/54534.html">A.11.1.5</reference>
          <reference href="https://www.iso.org/contents/data/standard/05/45/54534.html">A.11.2.1</reference>
          <reference href="https://www.iso.org/contents/data/standard/05/45/54534.html">A.13.1.1</reference>
          <reference href="https://www.iso.org/contents/data/standard/05/45/54534.html">A.13.1.3</reference>
          <reference href="https://www.iso.org/contents/data/standard/05/45/54534.html">A.13.2.1</reference>
          <reference href="https://www.iso.org/contents/data/standard/05/45/54534.html">A.13.2.3</reference>
          <reference href="https://www.iso.org/contents/data/standard/05/45/54534.html">A.13.2.4</reference>
          <reference href="https://www.iso.org/contents/data/standard/05/45/54534.html">A.14.1.2</reference>
          <reference href="https://www.iso.org/contents/data/standard/05/45/54534.html">A.14.1.3</reference>
          <reference href="https://www.iso.org/contents/data/standard/05/45/54534.html">A.6.1.2</reference>
          <reference href="https://www.iso.org/contents/data/standard/05/45/54534.html">A.7.1.1</reference>
          <reference href="https://www.iso.org/contents/data/standard/05/45/54534.html">A.7.1.2</reference>
          <reference href="https://www.iso.org/contents/data/standard/05/45/54534.html">A.7.3.1</reference>
          <reference href="https://www.iso.org/contents/data/standard/05/45/54534.html">A.8.2.2</reference>
          <reference href="https://www.iso.org/contents/data/standard/05/45/54534.html">A.8.2.3</reference>
          <reference href="https://www.iso.org/contents/data/standard/05/45/54534.html">A.9.1.1</reference>
          <reference href="https://www.iso.org/contents/data/standard/05/45/54534.html">A.9.1.2</reference>
          <reference href="https://www.iso.org/contents/data/standard/05/45/54534.html">A.9.2.3</reference>
          <reference href="https://www.iso.org/contents/data/standard/05/45/54534.html">A.9.4.1</reference>
          <reference href="https://www.iso.org/contents/data/standard/05/45/54534.html">A.9.4.4</reference>
          <reference href="https://www.iso.org/contents/data/standard/05/45/54534.html">A.9.4.5</reference>
          <reference href="http://nvlpubs.nist.gov/nistpubs/SpecialPublications/NIST.SP.800-53r4.pdf">CM-6(a)</reference>
          <reference href="http://nvlpubs.nist.gov/nistpubs/SpecialPublications/NIST.SP.800-53r4.pdf">AC-6(1)</reference>
          <reference href="https://nvlpubs.nist.gov/nistpubs/CSWP/NIST.CSWP.04162018.pdf">PR.AC-4</reference>
          <reference href="https://nvlpubs.nist.gov/nistpubs/CSWP/NIST.CSWP.04162018.pdf">PR.DS-5</reference>
          <reference href="https://www.cyber.mil/stigs/downloads/?_dl_facet_stigs=operating-systems%2Cgeneral-purpose-os">SRG-OS-000480-GPOS-00227</reference>
          <reference href="https://www.cisecurity.org/benchmark/suse_linux/">5.1.8</reference>
          <reference href="not_publicly_available">SLES-15-300600120</reference>
          <reference href="https://docs-prv.pcisecuritystandards.org/PCI%20DSS/Standard/PCI-DSS-v4_0.pdf">2.2.6</reference>
          <reference href="https://docs-prv.pcisecuritystandards.org/PCI%20DSS/Standard/PCI-DSS-v4_0.pdf">2.2</reference>
          <rationale xmlns:xhtml="http://www.w3.org/1999/xhtml" xml:lang="en-US">If the owner of the cron.allow file is not set to root, the possibility exists for an
unauthorized user to view or edit sensitive information.</rationale>
          <ident system="https://ncp.nist.gov/cce">CCE-91318-6</ident>
          <fix xmlns:xhtml="http://www.w3.org/1999/xhtml" id="file_owner_cron_allow" system="urn:xccdf:fix:script:sh" complexity="low" disruption="low" strategy="configure"># Remediation is applicable only in certain platforms
if rpm --quiet -q kernel-default || rpm --quiet -q kernel-default-base; then

newown=""
if id "0" &gt;/dev/null 2&gt;&amp;1; then
  newown="0"
fi

if [[ -z "$newown" ]]; then
  &gt;&amp;2 echo "0 is not a defined user on the system"
else
if ! stat -c "%u %U" "/etc/cron.allow" | grep -E -w -q "0"; then
    chown --no-dereference "$newown" /etc/cron.allow
fi

fi

else
    &gt;&amp;2 echo 'Remediation is not applicable, nothing was done'
fi
</fix>
          <fix xmlns:xhtml="http://www.w3.org/1999/xhtml" id="file_owner_cron_allow" system="urn:xccdf:fix:script:ansible" complexity="low" disruption="low" strategy="configure">- name: Gather the package facts
  package_facts:
    manager: auto
  tags:
  - CCE-91318-6
  - NIST-800-53-AC-6(1)
  - NIST-800-53-CM-6(a)
  - PCI-DSSv4-2.2
  - PCI-DSSv4-2.2.6
  - configure_strategy
  - file_owner_cron_allow
  - low_complexity
  - low_disruption
  - medium_severity
  - no_reboot_needed

- name: Set the file_owner_cron_allow_newown variable if represented by uid
  ansible.builtin.set_fact:
    file_owner_cron_allow_newown: '0'
  when: ("kernel-default" in ansible_facts.packages or "kernel-default-base" in ansible_facts.packages)
  tags:
  - CCE-91318-6
  - NIST-800-53-AC-6(1)
  - NIST-800-53-CM-6(a)
  - PCI-DSSv4-2.2
  - PCI-DSSv4-2.2.6
  - configure_strategy
  - file_owner_cron_allow
  - low_complexity
  - low_disruption
  - medium_severity
  - no_reboot_needed

- name: Test for existence /etc/cron.allow
  ansible.builtin.stat:
    path: /etc/cron.allow
  register: file_exists
  when: ("kernel-default" in ansible_facts.packages or "kernel-default-base" in ansible_facts.packages)
  tags:
  - CCE-91318-6
  - NIST-800-53-AC-6(1)
  - NIST-800-53-CM-6(a)
  - PCI-DSSv4-2.2
  - PCI-DSSv4-2.2.6
  - configure_strategy
  - file_owner_cron_allow
  - low_complexity
  - low_disruption
  - medium_severity
  - no_reboot_needed

- name: Ensure owner on /etc/cron.allow
  ansible.builtin.file:
    path: /etc/cron.allow
    follow: false
    owner: '{{ file_owner_cron_allow_newown }}'
  when:
  - ("kernel-default" in ansible_facts.packages or "kernel-default-base" in ansible_facts.packages)
  - file_exists.stat is defined and file_exists.stat.exists
  tags:
  - CCE-91318-6
  - NIST-800-53-AC-6(1)
  - NIST-800-53-CM-6(a)
  - PCI-DSSv4-2.2
  - PCI-DSSv4-2.2.6
  - configure_strategy
  - file_owner_cron_allow
  - low_complexity
  - low_disruption
  - medium_severity
  - no_reboot_needed
</fix>
          <check system="http://oval.mitre.org/XMLSchema/oval-definitions-5">
            <check-content-ref name="oval:ssg-file_owner_cron_allow:def:1" href="ssg-sle15-oval.xml"/>
          </check>
          <check system="http://scap.nist.gov/schema/ocil/2">
            <check-content-ref name="ocil:ssg-file_owner_cron_allow_ocil:questionnaire:1" href="ssg-sle15-ocil.xml"/>
          </check>
        </Rule>
        <Rule id="xccdf_org.ssgproject.content_rule_file_permissions_at_allow" selected="false" role="full" severity="medium">
          <title xmlns:xhtml="http://www.w3.org/1999/xhtml" xml:lang="en-US">Verify Permissions on /etc/at.allow file</title>
          <description xmlns:xhtml="http://www.w3.org/1999/xhtml" xml:lang="en-US">If <html:code xmlns:html="http://www.w3.org/1999/xhtml">/etc/at.allow</html:code> exists, it must have permissions <html:code xmlns:html="http://www.w3.org/1999/xhtml">0640</html:code>
or more restrictive.


To properly set the permissions of <html:code xmlns:html="http://www.w3.org/1999/xhtml">/etc/at.allow</html:code>, run the command:
<html:pre xmlns:html="http://www.w3.org/1999/xhtml">$ sudo chmod 0640 /etc/at.allow</html:pre>
       </description>
          <reference href="https://www.cisecurity.org/benchmark/suse_linux/">5.1.9</reference>
          <reference href="not_publicly_available">SLES-15-300600135</reference>
          <reference href="https://docs-prv.pcisecuritystandards.org/PCI%20DSS/Standard/PCI-DSS-v4_0.pdf">2.2.6</reference>
          <reference href="https://docs-prv.pcisecuritystandards.org/PCI%20DSS/Standard/PCI-DSS-v4_0.pdf">2.2</reference>
          <rationale xmlns:xhtml="http://www.w3.org/1999/xhtml" xml:lang="en-US">If the permissions of the at.allow file are not set to 0640 or more restrictive,
the possibility exists for an unauthorized user to view or edit sensitive information.</rationale>
          <ident system="https://ncp.nist.gov/cce">CCE-91319-4</ident>
          <fix xmlns:xhtml="http://www.w3.org/1999/xhtml" id="file_permissions_at_allow" system="urn:xccdf:fix:script:sh" complexity="low" disruption="low" strategy="configure"># Remediation is applicable only in certain platforms
if rpm --quiet -q kernel-default || rpm --quiet -q kernel-default-base; then

chmod u-xs,g-xws,o-xwrt /etc/at.allow

else
    &gt;&amp;2 echo 'Remediation is not applicable, nothing was done'
fi
</fix>
          <fix xmlns:xhtml="http://www.w3.org/1999/xhtml" id="file_permissions_at_allow" system="urn:xccdf:fix:script:ansible" complexity="low" disruption="low" strategy="configure">- name: Gather the package facts
  package_facts:
    manager: auto
  tags:
  - CCE-91319-4
  - PCI-DSSv4-2.2
  - PCI-DSSv4-2.2.6
  - configure_strategy
  - file_permissions_at_allow
  - low_complexity
  - low_disruption
  - medium_severity
  - no_reboot_needed

- name: Test for existence /etc/at.allow
  ansible.builtin.stat:
    path: /etc/at.allow
  register: file_exists
  when: ("kernel-default" in ansible_facts.packages or "kernel-default-base" in ansible_facts.packages)
  tags:
  - CCE-91319-4
  - PCI-DSSv4-2.2
  - PCI-DSSv4-2.2.6
  - configure_strategy
  - file_permissions_at_allow
  - low_complexity
  - low_disruption
  - medium_severity
  - no_reboot_needed

- name: Ensure permission u-xs,g-xws,o-xwrt on /etc/at.allow
  ansible.builtin.file:
    path: /etc/at.allow
    mode: u-xs,g-xws,o-xwrt
  when:
  - ("kernel-default" in ansible_facts.packages or "kernel-default-base" in ansible_facts.packages)
  - file_exists.stat is defined and file_exists.stat.exists
  tags:
  - CCE-91319-4
  - PCI-DSSv4-2.2
  - PCI-DSSv4-2.2.6
  - configure_strategy
  - file_permissions_at_allow
  - low_complexity
  - low_disruption
  - medium_severity
  - no_reboot_needed
</fix>
          <check system="http://oval.mitre.org/XMLSchema/oval-definitions-5">
            <check-content-ref name="oval:ssg-file_permissions_at_allow:def:1" href="ssg-sle15-oval.xml"/>
          </check>
          <check system="http://scap.nist.gov/schema/ocil/2">
            <check-content-ref name="ocil:ssg-file_permissions_at_allow_ocil:questionnaire:1" href="ssg-sle15-ocil.xml"/>
          </check>
        </Rule>
        <Rule id="xccdf_org.ssgproject.content_rule_file_permissions_cron_allow" selected="false" role="full" severity="medium">
          <title xmlns:xhtml="http://www.w3.org/1999/xhtml" xml:lang="en-US">Verify Permissions on /etc/cron.allow file</title>
          <description xmlns:xhtml="http://www.w3.org/1999/xhtml" xml:lang="en-US">If <html:code xmlns:html="http://www.w3.org/1999/xhtml">/etc/cron.allow</html:code> exists, it must have permissions <html:code xmlns:html="http://www.w3.org/1999/xhtml">0640</html:code>
or more restrictive.


To properly set the permissions of <html:code xmlns:html="http://www.w3.org/1999/xhtml">/etc/cron.allow</html:code>, run the command:
<html:pre xmlns:html="http://www.w3.org/1999/xhtml">$ sudo chmod 0640 /etc/cron.allow</html:pre>
       </description>
          <reference href="https://www.cyber.mil/stigs/downloads/?_dl_facet_stigs=operating-systems%2Cgeneral-purpose-os">SRG-OS-000480-GPOS-00227</reference>
          <reference href="https://www.cisecurity.org/benchmark/suse_linux/">5.1.8</reference>
          <reference href="not_publicly_available">SLES-15-300600120</reference>
          <reference href="https://docs-prv.pcisecuritystandards.org/PCI%20DSS/Standard/PCI-DSS-v4_0.pdf">2.2.6</reference>
          <reference href="https://docs-prv.pcisecuritystandards.org/PCI%20DSS/Standard/PCI-DSS-v4_0.pdf">2.2</reference>
          <rationale xmlns:xhtml="http://www.w3.org/1999/xhtml" xml:lang="en-US">If the permissions of the cron.allow file are not set to 0640 or more restrictive,
the possibility exists for an unauthorized user to view or edit sensitive information.</rationale>
          <ident system="https://ncp.nist.gov/cce">CCE-91320-2</ident>
          <fix xmlns:xhtml="http://www.w3.org/1999/xhtml" id="file_permissions_cron_allow" system="urn:xccdf:fix:script:sh" complexity="low" disruption="low" strategy="configure"># Remediation is applicable only in certain platforms
if rpm --quiet -q kernel-default || rpm --quiet -q kernel-default-base; then

chmod u-xs,g-xws,o-xwrt /etc/cron.allow

else
    &gt;&amp;2 echo 'Remediation is not applicable, nothing was done'
fi
</fix>
          <fix xmlns:xhtml="http://www.w3.org/1999/xhtml" id="file_permissions_cron_allow" system="urn:xccdf:fix:script:ansible" complexity="low" disruption="low" strategy="configure">- name: Gather the package facts
  package_facts:
    manager: auto
  tags:
  - CCE-91320-2
  - PCI-DSSv4-2.2
  - PCI-DSSv4-2.2.6
  - configure_strategy
  - file_permissions_cron_allow
  - low_complexity
  - low_disruption
  - medium_severity
  - no_reboot_needed

- name: Test for existence /etc/cron.allow
  ansible.builtin.stat:
    path: /etc/cron.allow
  register: file_exists
  when: ("kernel-default" in ansible_facts.packages or "kernel-default-base" in ansible_facts.packages)
  tags:
  - CCE-91320-2
  - PCI-DSSv4-2.2
  - PCI-DSSv4-2.2.6
  - configure_strategy
  - file_permissions_cron_allow
  - low_complexity
  - low_disruption
  - medium_severity
  - no_reboot_needed

- name: Ensure permission u-xs,g-xws,o-xwrt on /etc/cron.allow
  ansible.builtin.file:
    path: /etc/cron.allow
    mode: u-xs,g-xws,o-xwrt
  when:
  - ("kernel-default" in ansible_facts.packages or "kernel-default-base" in ansible_facts.packages)
  - file_exists.stat is defined and file_exists.stat.exists
  tags:
  - CCE-91320-2
  - PCI-DSSv4-2.2
  - PCI-DSSv4-2.2.6
  - configure_strategy
  - file_permissions_cron_allow
  - low_complexity
  - low_disruption
  - medium_severity
  - no_reboot_needed
</fix>
          <check system="http://oval.mitre.org/XMLSchema/oval-definitions-5">
            <check-content-ref name="oval:ssg-file_permissions_cron_allow:def:1" href="ssg-sle15-oval.xml"/>
          </check>
          <check system="http://scap.nist.gov/schema/ocil/2">
            <check-content-ref name="ocil:ssg-file_permissions_cron_allow_ocil:questionnaire:1" href="ssg-sle15-ocil.xml"/>
          </check>
        </Rule>
      </Group>
    </Group>
    <Group id="xccdf_org.ssgproject.content_group_deprecated">
      <title xmlns:xhtml="http://www.w3.org/1999/xhtml" xml:lang="en-US">Deprecated services</title>
      <description xmlns:xhtml="http://www.w3.org/1999/xhtml" xml:lang="en-US">Some deprecated software services impact the overall system security due to their behavior (leak of
confidentiality in network exchange, usage as uncontrolled communication channel, risk associated with the service due to its old age, etc.</description>
      <Rule id="xccdf_org.ssgproject.content_rule_package_inetutils-telnetd_removed" selected="false" role="full" severity="high">
        <title xmlns:xhtml="http://www.w3.org/1999/xhtml" xml:lang="en-US">Uninstall the inet-based telnet server</title>
        <description xmlns:xhtml="http://www.w3.org/1999/xhtml" xml:lang="en-US">The inet-based telnet daemon should be uninstalled.</description>
        <reference href="https://www.cisecurity.org/controls/">11</reference>
        <reference href="https://www.cisecurity.org/controls/">12</reference>
        <reference href="https://www.cisecurity.org/controls/">14</reference>
        <reference href="https://www.cisecurity.org/controls/">15</reference>
        <reference href="https://www.cisecurity.org/controls/">3</reference>
        <reference href="https://www.cisecurity.org/controls/">8</reference>
        <reference href="https://www.cisecurity.org/controls/">9</reference>
        <reference href="https://www.isaca.org/resources/cobit">APO13.01</reference>
        <reference href="https://www.isaca.org/resources/cobit">BAI10.01</reference>
        <reference href="https://www.isaca.org/resources/cobit">BAI10.02</reference>
        <reference href="https://www.isaca.org/resources/cobit">BAI10.03</reference>
        <reference href="https://www.isaca.org/resources/cobit">BAI10.05</reference>
        <reference href="https://www.isaca.org/resources/cobit">DSS01.04</reference>
        <reference href="https://www.isaca.org/resources/cobit">DSS05.02</reference>
        <reference href="https://www.isaca.org/resources/cobit">DSS05.03</reference>
        <reference href="https://www.isaca.org/resources/cobit">DSS05.05</reference>
        <reference href="https://www.isaca.org/resources/cobit">DSS06.06</reference>
        <reference href="https://www.isa.org/products/isa-62443-2-1-2009-security-for-industrial-automat">4.3.3.5.1</reference>
        <reference href="https://www.isa.org/products/isa-62443-2-1-2009-security-for-industrial-automat">4.3.3.5.2</reference>
        <reference href="https://www.isa.org/products/isa-62443-2-1-2009-security-for-industrial-automat">4.3.3.5.3</reference>
        <reference href="https://www.isa.org/products/isa-62443-2-1-2009-security-for-industrial-automat">4.3.3.5.4</reference>
        <reference href="https://www.isa.org/products/isa-62443-2-1-2009-security-for-industrial-automat">4.3.3.5.5</reference>
        <reference href="https://www.isa.org/products/isa-62443-2-1-2009-security-for-industrial-automat">4.3.3.5.6</reference>
        <reference href="https://www.isa.org/products/isa-62443-2-1-2009-security-for-industrial-automat">4.3.3.5.7</reference>
        <reference href="https://www.isa.org/products/isa-62443-2-1-2009-security-for-industrial-automat">4.3.3.5.8</reference>
        <reference href="https://www.isa.org/products/isa-62443-2-1-2009-security-for-industrial-automat">4.3.3.6.1</reference>
        <reference href="https://www.isa.org/products/isa-62443-2-1-2009-security-for-industrial-automat">4.3.3.6.2</reference>
        <reference href="https://www.isa.org/products/isa-62443-2-1-2009-security-for-industrial-automat">4.3.3.6.3</reference>
        <reference href="https://www.isa.org/products/isa-62443-2-1-2009-security-for-industrial-automat">4.3.3.6.4</reference>
        <reference href="https://www.isa.org/products/isa-62443-2-1-2009-security-for-industrial-automat">4.3.3.6.5</reference>
        <reference href="https://www.isa.org/products/isa-62443-2-1-2009-security-for-industrial-automat">4.3.3.6.6</reference>
        <reference href="https://www.isa.org/products/isa-62443-2-1-2009-security-for-industrial-automat">4.3.3.6.7</reference>
        <reference href="https://www.isa.org/products/isa-62443-2-1-2009-security-for-industrial-automat">4.3.3.6.8</reference>
        <reference href="https://www.isa.org/products/isa-62443-2-1-2009-security-for-industrial-automat">4.3.3.6.9</reference>
        <reference href="https://www.isa.org/products/isa-62443-2-1-2009-security-for-industrial-automat">4.3.3.7.1</reference>
        <reference href="https://www.isa.org/products/isa-62443-2-1-2009-security-for-industrial-automat">4.3.3.7.2</reference>
        <reference href="https://www.isa.org/products/isa-62443-2-1-2009-security-for-industrial-automat">4.3.3.7.3</reference>
        <reference href="https://www.isa.org/products/isa-62443-2-1-2009-security-for-industrial-automat">4.3.3.7.4</reference>
        <reference href="https://www.isa.org/products/isa-62443-2-1-2009-security-for-industrial-automat">4.3.4.3.2</reference>
        <reference href="https://www.isa.org/products/isa-62443-2-1-2009-security-for-industrial-automat">4.3.4.3.3</reference>
        <reference href="https://www.isa.org/products/ansi-isa-62443-3-3-99-03-03-2013-security-for-indu">SR 1.1</reference>
        <reference href="https://www.isa.org/products/ansi-isa-62443-3-3-99-03-03-2013-security-for-indu">SR 1.10</reference>
        <reference href="https://www.isa.org/products/ansi-isa-62443-3-3-99-03-03-2013-security-for-indu">SR 1.11</reference>
        <reference href="https://www.isa.org/products/ansi-isa-62443-3-3-99-03-03-2013-security-for-indu">SR 1.12</reference>
        <reference href="https://www.isa.org/products/ansi-isa-62443-3-3-99-03-03-2013-security-for-indu">SR 1.13</reference>
        <reference href="https://www.isa.org/products/ansi-isa-62443-3-3-99-03-03-2013-security-for-indu">SR 1.2</reference>
        <reference href="https://www.isa.org/products/ansi-isa-62443-3-3-99-03-03-2013-security-for-indu">SR 1.3</reference>
        <reference href="https://www.isa.org/products/ansi-isa-62443-3-3-99-03-03-2013-security-for-indu">SR 1.4</reference>
        <reference href="https://www.isa.org/products/ansi-isa-62443-3-3-99-03-03-2013-security-for-indu">SR 1.5</reference>
        <reference href="https://www.isa.org/products/ansi-isa-62443-3-3-99-03-03-2013-security-for-indu">SR 1.6</reference>
        <reference href="https://www.isa.org/products/ansi-isa-62443-3-3-99-03-03-2013-security-for-indu">SR 1.7</reference>
        <reference href="https://www.isa.org/products/ansi-isa-62443-3-3-99-03-03-2013-security-for-indu">SR 1.8</reference>
        <reference href="https://www.isa.org/products/ansi-isa-62443-3-3-99-03-03-2013-security-for-indu">SR 1.9</reference>
        <reference href="https://www.isa.org/products/ansi-isa-62443-3-3-99-03-03-2013-security-for-indu">SR 2.1</reference>
        <reference href="https://www.isa.org/products/ansi-isa-62443-3-3-99-03-03-2013-security-for-indu">SR 2.2</reference>
        <reference href="https://www.isa.org/products/ansi-isa-62443-3-3-99-03-03-2013-security-for-indu">SR 2.3</reference>
        <reference href="https://www.isa.org/products/ansi-isa-62443-3-3-99-03-03-2013-security-for-indu">SR 2.4</reference>
        <reference href="https://www.isa.org/products/ansi-isa-62443-3-3-99-03-03-2013-security-for-indu">SR 2.5</reference>
        <reference href="https://www.isa.org/products/ansi-isa-62443-3-3-99-03-03-2013-security-for-indu">SR 2.6</reference>
        <reference href="https://www.isa.org/products/ansi-isa-62443-3-3-99-03-03-2013-security-for-indu">SR 2.7</reference>
        <reference href="https://www.isa.org/products/ansi-isa-62443-3-3-99-03-03-2013-security-for-indu">SR 3.1</reference>
        <reference href="https://www.isa.org/products/ansi-isa-62443-3-3-99-03-03-2013-security-for-indu">SR 3.5</reference>
        <reference href="https://www.isa.org/products/ansi-isa-62443-3-3-99-03-03-2013-security-for-indu">SR 3.8</reference>
        <reference href="https://www.isa.org/products/ansi-isa-62443-3-3-99-03-03-2013-security-for-indu">SR 4.1</reference>
        <reference href="https://www.isa.org/products/ansi-isa-62443-3-3-99-03-03-2013-security-for-indu">SR 4.3</reference>
        <reference href="https://www.isa.org/products/ansi-isa-62443-3-3-99-03-03-2013-security-for-indu">SR 5.1</reference>
        <reference href="https://www.isa.org/products/ansi-isa-62443-3-3-99-03-03-2013-security-for-indu">SR 5.2</reference>
        <reference href="https://www.isa.org/products/ansi-isa-62443-3-3-99-03-03-2013-security-for-indu">SR 5.3</reference>
        <reference href="https://www.isa.org/products/ansi-isa-62443-3-3-99-03-03-2013-security-for-indu">SR 7.1</reference>
        <reference href="https://www.isa.org/products/ansi-isa-62443-3-3-99-03-03-2013-security-for-indu">SR 7.6</reference>
        <reference href="https://www.iso.org/contents/data/standard/05/45/54534.html">A.11.2.6</reference>
        <reference href="https://www.iso.org/contents/data/standard/05/45/54534.html">A.12.1.2</reference>
        <reference href="https://www.iso.org/contents/data/standard/05/45/54534.html">A.12.5.1</reference>
        <reference href="https://www.iso.org/contents/data/standard/05/45/54534.html">A.12.6.2</reference>
        <reference href="https://www.iso.org/contents/data/standard/05/45/54534.html">A.13.1.1</reference>
        <reference href="https://www.iso.org/contents/data/standard/05/45/54534.html">A.13.2.1</reference>
        <reference href="https://www.iso.org/contents/data/standard/05/45/54534.html">A.14.1.3</reference>
        <reference href="https://www.iso.org/contents/data/standard/05/45/54534.html">A.14.2.2</reference>
        <reference href="https://www.iso.org/contents/data/standard/05/45/54534.html">A.14.2.3</reference>
        <reference href="https://www.iso.org/contents/data/standard/05/45/54534.html">A.14.2.4</reference>
        <reference href="https://www.iso.org/contents/data/standard/05/45/54534.html">A.6.2.1</reference>
        <reference href="https://www.iso.org/contents/data/standard/05/45/54534.html">A.6.2.2</reference>
        <reference href="https://www.iso.org/contents/data/standard/05/45/54534.html">A.9.1.2</reference>
        <reference href="http://nvlpubs.nist.gov/nistpubs/SpecialPublications/NIST.SP.800-53r4.pdf">CM-7(a)</reference>
        <reference href="http://nvlpubs.nist.gov/nistpubs/SpecialPublications/NIST.SP.800-53r4.pdf">CM-7(b)</reference>
        <reference href="http://nvlpubs.nist.gov/nistpubs/SpecialPublications/NIST.SP.800-53r4.pdf">CM-6(a)</reference>
        <reference href="https://nvlpubs.nist.gov/nistpubs/CSWP/NIST.CSWP.04162018.pdf">PR.AC-3</reference>
        <reference href="https://nvlpubs.nist.gov/nistpubs/CSWP/NIST.CSWP.04162018.pdf">PR.IP-1</reference>
        <reference href="https://nvlpubs.nist.gov/nistpubs/CSWP/NIST.CSWP.04162018.pdf">PR.PT-3</reference>
        <reference href="https://nvlpubs.nist.gov/nistpubs/CSWP/NIST.CSWP.04162018.pdf">PR.PT-4</reference>
        <rationale xmlns:xhtml="http://www.w3.org/1999/xhtml" xml:lang="en-US"><html:code xmlns:html="http://www.w3.org/1999/xhtml">telnet</html:code> allows clear text communications, and does not protect any
data transmission between client and server. Any confidential data can be
listened and no integrity checking is made.</rationale>
        <fix xmlns:xhtml="http://www.w3.org/1999/xhtml" id="package_inetutils-telnetd_removed" system="urn:xccdf:fix:script:puppet" complexity="low" disruption="low" strategy="disable">
include remove_inetutils-telnetd

class remove_inetutils-telnetd {
  package { 'inetutils-telnetd':
    ensure =&gt; 'purged',
  }
}
</fix>
        <fix xmlns:xhtml="http://www.w3.org/1999/xhtml" id="package_inetutils-telnetd_removed" system="urn:xccdf:fix:script:sh" complexity="low" disruption="low" strategy="disable">
# CAUTION: This remediation script will remove inetutils-telnetd
# from the system, and may remove any packages
# that depend on inetutils-telnetd. Execute this
# remediation AFTER testing on a non-production
# system!


zypper remove -y "inetutils-telnetd"
</fix>
        <fix xmlns:xhtml="http://www.w3.org/1999/xhtml" id="package_inetutils-telnetd_removed" system="urn:xccdf:fix:script:ansible" complexity="low" disruption="low" strategy="disable">- name: 'Uninstall the inet-based telnet server: Ensure inetutils-telnetd is removed'
  ansible.builtin.package:
    name: inetutils-telnetd
    state: absent
  tags:
  - NIST-800-53-CM-6(a)
  - NIST-800-53-CM-7(a)
  - NIST-800-53-CM-7(b)
  - disable_strategy
  - high_severity
  - low_complexity
  - low_disruption
  - no_reboot_needed
  - package_inetutils-telnetd_removed
</fix>
        <check system="http://oval.mitre.org/XMLSchema/oval-definitions-5">
          <check-content-ref name="oval:ssg-package_inetutils-telnetd_removed:def:1" href="ssg-sle15-oval.xml"/>
        </check>
      </Rule>
      <Rule id="xccdf_org.ssgproject.content_rule_package_nis_removed" selected="false" role="full" severity="low">
        <title xmlns:xhtml="http://www.w3.org/1999/xhtml" xml:lang="en-US">Uninstall the nis package</title>
        <description xmlns:xhtml="http://www.w3.org/1999/xhtml" xml:lang="en-US">The support for Yellowpages should not be installed unless it is required.</description>
        <rationale xmlns:xhtml="http://www.w3.org/1999/xhtml" xml:lang="en-US">NIS is the historical SUN service for central account management, more and more replaced by LDAP.
NIS does not support efficiently security constraints, ACL, etc. and should not be used.</rationale>
        <fix xmlns:xhtml="http://www.w3.org/1999/xhtml" id="package_nis_removed" system="urn:xccdf:fix:script:puppet" complexity="low" disruption="low" strategy="disable">
include remove_nis

class remove_nis {
  package { 'nis':
    ensure =&gt; 'purged',
  }
}
</fix>
        <fix xmlns:xhtml="http://www.w3.org/1999/xhtml" id="package_nis_removed" system="urn:xccdf:fix:script:sh" complexity="low" disruption="low" strategy="disable">
# CAUTION: This remediation script will remove nis
# from the system, and may remove any packages
# that depend on nis. Execute this
# remediation AFTER testing on a non-production
# system!


zypper remove -y "nis"
</fix>
        <fix xmlns:xhtml="http://www.w3.org/1999/xhtml" id="package_nis_removed" system="urn:xccdf:fix:script:ansible" complexity="low" disruption="low" strategy="disable">- name: 'Uninstall the nis package: Ensure nis is removed'
  ansible.builtin.package:
    name: nis
    state: absent
  tags:
  - disable_strategy
  - low_complexity
  - low_disruption
  - low_severity
  - no_reboot_needed
  - package_nis_removed
</fix>
        <check system="http://oval.mitre.org/XMLSchema/oval-definitions-5">
          <check-content-ref name="oval:ssg-package_nis_removed:def:1" href="ssg-sle15-oval.xml"/>
        </check>
      </Rule>
      <Rule id="xccdf_org.ssgproject.content_rule_package_ntpdate_removed" selected="false" role="full" severity="low">
        <title xmlns:xhtml="http://www.w3.org/1999/xhtml" xml:lang="en-US">Uninstall the ntpdate package</title>
        <description xmlns:xhtml="http://www.w3.org/1999/xhtml" xml:lang="en-US">ntpdate is a historical ntp synchronization client for unixes. It should be uninstalled.</description>
        <rationale xmlns:xhtml="http://www.w3.org/1999/xhtml" xml:lang="en-US">ntpdate is an old not security-compliant ntp client. It should be replaced by modern ntp clients such as ntpd, able to use cryptographic mechanisms integrated in NTP.</rationale>
        <fix xmlns:xhtml="http://www.w3.org/1999/xhtml" id="package_ntpdate_removed" system="urn:xccdf:fix:script:puppet" complexity="low" disruption="low" strategy="disable">
include remove_ntpdate

class remove_ntpdate {
  package { 'ntpdate':
    ensure =&gt; 'purged',
  }
}
</fix>
        <fix xmlns:xhtml="http://www.w3.org/1999/xhtml" id="package_ntpdate_removed" system="urn:xccdf:fix:script:sh" complexity="low" disruption="low" strategy="disable">
# CAUTION: This remediation script will remove ntpdate
# from the system, and may remove any packages
# that depend on ntpdate. Execute this
# remediation AFTER testing on a non-production
# system!


zypper remove -y "ntpdate"
</fix>
        <fix xmlns:xhtml="http://www.w3.org/1999/xhtml" id="package_ntpdate_removed" system="urn:xccdf:fix:script:ansible" complexity="low" disruption="low" strategy="disable">- name: 'Uninstall the ntpdate package: Ensure ntpdate is removed'
  ansible.builtin.package:
    name: ntpdate
    state: absent
  tags:
  - disable_strategy
  - low_complexity
  - low_disruption
  - low_severity
  - no_reboot_needed
  - package_ntpdate_removed
</fix>
        <check system="http://oval.mitre.org/XMLSchema/oval-definitions-5">
          <check-content-ref name="oval:ssg-package_ntpdate_removed:def:1" href="ssg-sle15-oval.xml"/>
        </check>
      </Rule>
      <Rule id="xccdf_org.ssgproject.content_rule_package_telnetd-ssl_removed" selected="false" role="full" severity="high">
        <title xmlns:xhtml="http://www.w3.org/1999/xhtml" xml:lang="en-US">Uninstall the ssl compliant telnet server</title>
        <description xmlns:xhtml="http://www.w3.org/1999/xhtml" xml:lang="en-US">The <html:code xmlns:html="http://www.w3.org/1999/xhtml">telnet</html:code> daemon, even with ssl support, should be uninstalled.</description>
        <reference href="https://www.cisecurity.org/controls/">11</reference>
        <reference href="https://www.cisecurity.org/controls/">12</reference>
        <reference href="https://www.cisecurity.org/controls/">14</reference>
        <reference href="https://www.cisecurity.org/controls/">15</reference>
        <reference href="https://www.cisecurity.org/controls/">3</reference>
        <reference href="https://www.cisecurity.org/controls/">8</reference>
        <reference href="https://www.cisecurity.org/controls/">9</reference>
        <reference href="https://www.isaca.org/resources/cobit">APO13.01</reference>
        <reference href="https://www.isaca.org/resources/cobit">BAI10.01</reference>
        <reference href="https://www.isaca.org/resources/cobit">BAI10.02</reference>
        <reference href="https://www.isaca.org/resources/cobit">BAI10.03</reference>
        <reference href="https://www.isaca.org/resources/cobit">BAI10.05</reference>
        <reference href="https://www.isaca.org/resources/cobit">DSS01.04</reference>
        <reference href="https://www.isaca.org/resources/cobit">DSS05.02</reference>
        <reference href="https://www.isaca.org/resources/cobit">DSS05.03</reference>
        <reference href="https://www.isaca.org/resources/cobit">DSS05.05</reference>
        <reference href="https://www.isaca.org/resources/cobit">DSS06.06</reference>
        <reference href="https://www.isa.org/products/isa-62443-2-1-2009-security-for-industrial-automat">4.3.3.5.1</reference>
        <reference href="https://www.isa.org/products/isa-62443-2-1-2009-security-for-industrial-automat">4.3.3.5.2</reference>
        <reference href="https://www.isa.org/products/isa-62443-2-1-2009-security-for-industrial-automat">4.3.3.5.3</reference>
        <reference href="https://www.isa.org/products/isa-62443-2-1-2009-security-for-industrial-automat">4.3.3.5.4</reference>
        <reference href="https://www.isa.org/products/isa-62443-2-1-2009-security-for-industrial-automat">4.3.3.5.5</reference>
        <reference href="https://www.isa.org/products/isa-62443-2-1-2009-security-for-industrial-automat">4.3.3.5.6</reference>
        <reference href="https://www.isa.org/products/isa-62443-2-1-2009-security-for-industrial-automat">4.3.3.5.7</reference>
        <reference href="https://www.isa.org/products/isa-62443-2-1-2009-security-for-industrial-automat">4.3.3.5.8</reference>
        <reference href="https://www.isa.org/products/isa-62443-2-1-2009-security-for-industrial-automat">4.3.3.6.1</reference>
        <reference href="https://www.isa.org/products/isa-62443-2-1-2009-security-for-industrial-automat">4.3.3.6.2</reference>
        <reference href="https://www.isa.org/products/isa-62443-2-1-2009-security-for-industrial-automat">4.3.3.6.3</reference>
        <reference href="https://www.isa.org/products/isa-62443-2-1-2009-security-for-industrial-automat">4.3.3.6.4</reference>
        <reference href="https://www.isa.org/products/isa-62443-2-1-2009-security-for-industrial-automat">4.3.3.6.5</reference>
        <reference href="https://www.isa.org/products/isa-62443-2-1-2009-security-for-industrial-automat">4.3.3.6.6</reference>
        <reference href="https://www.isa.org/products/isa-62443-2-1-2009-security-for-industrial-automat">4.3.3.6.7</reference>
        <reference href="https://www.isa.org/products/isa-62443-2-1-2009-security-for-industrial-automat">4.3.3.6.8</reference>
        <reference href="https://www.isa.org/products/isa-62443-2-1-2009-security-for-industrial-automat">4.3.3.6.9</reference>
        <reference href="https://www.isa.org/products/isa-62443-2-1-2009-security-for-industrial-automat">4.3.3.7.1</reference>
        <reference href="https://www.isa.org/products/isa-62443-2-1-2009-security-for-industrial-automat">4.3.3.7.2</reference>
        <reference href="https://www.isa.org/products/isa-62443-2-1-2009-security-for-industrial-automat">4.3.3.7.3</reference>
        <reference href="https://www.isa.org/products/isa-62443-2-1-2009-security-for-industrial-automat">4.3.3.7.4</reference>
        <reference href="https://www.isa.org/products/isa-62443-2-1-2009-security-for-industrial-automat">4.3.4.3.2</reference>
        <reference href="https://www.isa.org/products/isa-62443-2-1-2009-security-for-industrial-automat">4.3.4.3.3</reference>
        <reference href="https://www.isa.org/products/ansi-isa-62443-3-3-99-03-03-2013-security-for-indu">SR 1.1</reference>
        <reference href="https://www.isa.org/products/ansi-isa-62443-3-3-99-03-03-2013-security-for-indu">SR 1.10</reference>
        <reference href="https://www.isa.org/products/ansi-isa-62443-3-3-99-03-03-2013-security-for-indu">SR 1.11</reference>
        <reference href="https://www.isa.org/products/ansi-isa-62443-3-3-99-03-03-2013-security-for-indu">SR 1.12</reference>
        <reference href="https://www.isa.org/products/ansi-isa-62443-3-3-99-03-03-2013-security-for-indu">SR 1.13</reference>
        <reference href="https://www.isa.org/products/ansi-isa-62443-3-3-99-03-03-2013-security-for-indu">SR 1.2</reference>
        <reference href="https://www.isa.org/products/ansi-isa-62443-3-3-99-03-03-2013-security-for-indu">SR 1.3</reference>
        <reference href="https://www.isa.org/products/ansi-isa-62443-3-3-99-03-03-2013-security-for-indu">SR 1.4</reference>
        <reference href="https://www.isa.org/products/ansi-isa-62443-3-3-99-03-03-2013-security-for-indu">SR 1.5</reference>
        <reference href="https://www.isa.org/products/ansi-isa-62443-3-3-99-03-03-2013-security-for-indu">SR 1.6</reference>
        <reference href="https://www.isa.org/products/ansi-isa-62443-3-3-99-03-03-2013-security-for-indu">SR 1.7</reference>
        <reference href="https://www.isa.org/products/ansi-isa-62443-3-3-99-03-03-2013-security-for-indu">SR 1.8</reference>
        <reference href="https://www.isa.org/products/ansi-isa-62443-3-3-99-03-03-2013-security-for-indu">SR 1.9</reference>
        <reference href="https://www.isa.org/products/ansi-isa-62443-3-3-99-03-03-2013-security-for-indu">SR 2.1</reference>
        <reference href="https://www.isa.org/products/ansi-isa-62443-3-3-99-03-03-2013-security-for-indu">SR 2.2</reference>
        <reference href="https://www.isa.org/products/ansi-isa-62443-3-3-99-03-03-2013-security-for-indu">SR 2.3</reference>
        <reference href="https://www.isa.org/products/ansi-isa-62443-3-3-99-03-03-2013-security-for-indu">SR 2.4</reference>
        <reference href="https://www.isa.org/products/ansi-isa-62443-3-3-99-03-03-2013-security-for-indu">SR 2.5</reference>
        <reference href="https://www.isa.org/products/ansi-isa-62443-3-3-99-03-03-2013-security-for-indu">SR 2.6</reference>
        <reference href="https://www.isa.org/products/ansi-isa-62443-3-3-99-03-03-2013-security-for-indu">SR 2.7</reference>
        <reference href="https://www.isa.org/products/ansi-isa-62443-3-3-99-03-03-2013-security-for-indu">SR 3.1</reference>
        <reference href="https://www.isa.org/products/ansi-isa-62443-3-3-99-03-03-2013-security-for-indu">SR 3.5</reference>
        <reference href="https://www.isa.org/products/ansi-isa-62443-3-3-99-03-03-2013-security-for-indu">SR 3.8</reference>
        <reference href="https://www.isa.org/products/ansi-isa-62443-3-3-99-03-03-2013-security-for-indu">SR 4.1</reference>
        <reference href="https://www.isa.org/products/ansi-isa-62443-3-3-99-03-03-2013-security-for-indu">SR 4.3</reference>
        <reference href="https://www.isa.org/products/ansi-isa-62443-3-3-99-03-03-2013-security-for-indu">SR 5.1</reference>
        <reference href="https://www.isa.org/products/ansi-isa-62443-3-3-99-03-03-2013-security-for-indu">SR 5.2</reference>
        <reference href="https://www.isa.org/products/ansi-isa-62443-3-3-99-03-03-2013-security-for-indu">SR 5.3</reference>
        <reference href="https://www.isa.org/products/ansi-isa-62443-3-3-99-03-03-2013-security-for-indu">SR 7.1</reference>
        <reference href="https://www.isa.org/products/ansi-isa-62443-3-3-99-03-03-2013-security-for-indu">SR 7.6</reference>
        <reference href="https://www.iso.org/contents/data/standard/05/45/54534.html">A.11.2.6</reference>
        <reference href="https://www.iso.org/contents/data/standard/05/45/54534.html">A.12.1.2</reference>
        <reference href="https://www.iso.org/contents/data/standard/05/45/54534.html">A.12.5.1</reference>
        <reference href="https://www.iso.org/contents/data/standard/05/45/54534.html">A.12.6.2</reference>
        <reference href="https://www.iso.org/contents/data/standard/05/45/54534.html">A.13.1.1</reference>
        <reference href="https://www.iso.org/contents/data/standard/05/45/54534.html">A.13.2.1</reference>
        <reference href="https://www.iso.org/contents/data/standard/05/45/54534.html">A.14.1.3</reference>
        <reference href="https://www.iso.org/contents/data/standard/05/45/54534.html">A.14.2.2</reference>
        <reference href="https://www.iso.org/contents/data/standard/05/45/54534.html">A.14.2.3</reference>
        <reference href="https://www.iso.org/contents/data/standard/05/45/54534.html">A.14.2.4</reference>
        <reference href="https://www.iso.org/contents/data/standard/05/45/54534.html">A.6.2.1</reference>
        <reference href="https://www.iso.org/contents/data/standard/05/45/54534.html">A.6.2.2</reference>
        <reference href="https://www.iso.org/contents/data/standard/05/45/54534.html">A.9.1.2</reference>
        <reference href="http://nvlpubs.nist.gov/nistpubs/SpecialPublications/NIST.SP.800-53r4.pdf">CM-7(a)</reference>
        <reference href="http://nvlpubs.nist.gov/nistpubs/SpecialPublications/NIST.SP.800-53r4.pdf">CM-7(b)</reference>
        <reference href="http://nvlpubs.nist.gov/nistpubs/SpecialPublications/NIST.SP.800-53r4.pdf">CM-6(a)</reference>
        <reference href="https://nvlpubs.nist.gov/nistpubs/CSWP/NIST.CSWP.04162018.pdf">PR.AC-3</reference>
        <reference href="https://nvlpubs.nist.gov/nistpubs/CSWP/NIST.CSWP.04162018.pdf">PR.IP-1</reference>
        <reference href="https://nvlpubs.nist.gov/nistpubs/CSWP/NIST.CSWP.04162018.pdf">PR.PT-3</reference>
        <reference href="https://nvlpubs.nist.gov/nistpubs/CSWP/NIST.CSWP.04162018.pdf">PR.PT-4</reference>
        <rationale xmlns:xhtml="http://www.w3.org/1999/xhtml" xml:lang="en-US"><html:code xmlns:html="http://www.w3.org/1999/xhtml">telnet</html:code>, even with ssl support, should not be installed.
When remote shell is required, up-to-date ssh daemon can be used.</rationale>
        <fix xmlns:xhtml="http://www.w3.org/1999/xhtml" id="package_telnetd-ssl_removed" system="urn:xccdf:fix:script:puppet" complexity="low" disruption="low" strategy="disable">
include remove_telnetd-ssl

class remove_telnetd-ssl {
  package { 'telnetd-ssl':
    ensure =&gt; 'purged',
  }
}
</fix>
        <fix xmlns:xhtml="http://www.w3.org/1999/xhtml" id="package_telnetd-ssl_removed" system="urn:xccdf:fix:script:sh" complexity="low" disruption="low" strategy="disable">
# CAUTION: This remediation script will remove telnetd-ssl
# from the system, and may remove any packages
# that depend on telnetd-ssl. Execute this
# remediation AFTER testing on a non-production
# system!


zypper remove -y "telnetd-ssl"
</fix>
        <fix xmlns:xhtml="http://www.w3.org/1999/xhtml" id="package_telnetd-ssl_removed" system="urn:xccdf:fix:script:ansible" complexity="low" disruption="low" strategy="disable">- name: 'Uninstall the ssl compliant telnet server: Ensure telnetd-ssl is removed'
  ansible.builtin.package:
    name: telnetd-ssl
    state: absent
  tags:
  - NIST-800-53-CM-6(a)
  - NIST-800-53-CM-7(a)
  - NIST-800-53-CM-7(b)
  - disable_strategy
  - high_severity
  - low_complexity
  - low_disruption
  - no_reboot_needed
  - package_telnetd-ssl_removed
</fix>
        <check system="http://oval.mitre.org/XMLSchema/oval-definitions-5">
          <check-content-ref name="oval:ssg-package_telnetd-ssl_removed:def:1" href="ssg-sle15-oval.xml"/>
        </check>
      </Rule>
      <Rule id="xccdf_org.ssgproject.content_rule_package_telnetd_removed" selected="false" role="full" severity="high">
        <title xmlns:xhtml="http://www.w3.org/1999/xhtml" xml:lang="en-US">Uninstall the telnet server</title>
        <description xmlns:xhtml="http://www.w3.org/1999/xhtml" xml:lang="en-US">The telnet daemon should be uninstalled.</description>
        <reference href="https://www.cisecurity.org/controls/">11</reference>
        <reference href="https://www.cisecurity.org/controls/">12</reference>
        <reference href="https://www.cisecurity.org/controls/">14</reference>
        <reference href="https://www.cisecurity.org/controls/">15</reference>
        <reference href="https://www.cisecurity.org/controls/">3</reference>
        <reference href="https://www.cisecurity.org/controls/">8</reference>
        <reference href="https://www.cisecurity.org/controls/">9</reference>
        <reference href="https://www.isaca.org/resources/cobit">APO13.01</reference>
        <reference href="https://www.isaca.org/resources/cobit">BAI10.01</reference>
        <reference href="https://www.isaca.org/resources/cobit">BAI10.02</reference>
        <reference href="https://www.isaca.org/resources/cobit">BAI10.03</reference>
        <reference href="https://www.isaca.org/resources/cobit">BAI10.05</reference>
        <reference href="https://www.isaca.org/resources/cobit">DSS01.04</reference>
        <reference href="https://www.isaca.org/resources/cobit">DSS05.02</reference>
        <reference href="https://www.isaca.org/resources/cobit">DSS05.03</reference>
        <reference href="https://www.isaca.org/resources/cobit">DSS05.05</reference>
        <reference href="https://www.isaca.org/resources/cobit">DSS06.06</reference>
        <reference href="https://www.isa.org/products/isa-62443-2-1-2009-security-for-industrial-automat">4.3.3.5.1</reference>
        <reference href="https://www.isa.org/products/isa-62443-2-1-2009-security-for-industrial-automat">4.3.3.5.2</reference>
        <reference href="https://www.isa.org/products/isa-62443-2-1-2009-security-for-industrial-automat">4.3.3.5.3</reference>
        <reference href="https://www.isa.org/products/isa-62443-2-1-2009-security-for-industrial-automat">4.3.3.5.4</reference>
        <reference href="https://www.isa.org/products/isa-62443-2-1-2009-security-for-industrial-automat">4.3.3.5.5</reference>
        <reference href="https://www.isa.org/products/isa-62443-2-1-2009-security-for-industrial-automat">4.3.3.5.6</reference>
        <reference href="https://www.isa.org/products/isa-62443-2-1-2009-security-for-industrial-automat">4.3.3.5.7</reference>
        <reference href="https://www.isa.org/products/isa-62443-2-1-2009-security-for-industrial-automat">4.3.3.5.8</reference>
        <reference href="https://www.isa.org/products/isa-62443-2-1-2009-security-for-industrial-automat">4.3.3.6.1</reference>
        <reference href="https://www.isa.org/products/isa-62443-2-1-2009-security-for-industrial-automat">4.3.3.6.2</reference>
        <reference href="https://www.isa.org/products/isa-62443-2-1-2009-security-for-industrial-automat">4.3.3.6.3</reference>
        <reference href="https://www.isa.org/products/isa-62443-2-1-2009-security-for-industrial-automat">4.3.3.6.4</reference>
        <reference href="https://www.isa.org/products/isa-62443-2-1-2009-security-for-industrial-automat">4.3.3.6.5</reference>
        <reference href="https://www.isa.org/products/isa-62443-2-1-2009-security-for-industrial-automat">4.3.3.6.6</reference>
        <reference href="https://www.isa.org/products/isa-62443-2-1-2009-security-for-industrial-automat">4.3.3.6.7</reference>
        <reference href="https://www.isa.org/products/isa-62443-2-1-2009-security-for-industrial-automat">4.3.3.6.8</reference>
        <reference href="https://www.isa.org/products/isa-62443-2-1-2009-security-for-industrial-automat">4.3.3.6.9</reference>
        <reference href="https://www.isa.org/products/isa-62443-2-1-2009-security-for-industrial-automat">4.3.3.7.1</reference>
        <reference href="https://www.isa.org/products/isa-62443-2-1-2009-security-for-industrial-automat">4.3.3.7.2</reference>
        <reference href="https://www.isa.org/products/isa-62443-2-1-2009-security-for-industrial-automat">4.3.3.7.3</reference>
        <reference href="https://www.isa.org/products/isa-62443-2-1-2009-security-for-industrial-automat">4.3.3.7.4</reference>
        <reference href="https://www.isa.org/products/isa-62443-2-1-2009-security-for-industrial-automat">4.3.4.3.2</reference>
        <reference href="https://www.isa.org/products/isa-62443-2-1-2009-security-for-industrial-automat">4.3.4.3.3</reference>
        <reference href="https://www.isa.org/products/ansi-isa-62443-3-3-99-03-03-2013-security-for-indu">SR 1.1</reference>
        <reference href="https://www.isa.org/products/ansi-isa-62443-3-3-99-03-03-2013-security-for-indu">SR 1.10</reference>
        <reference href="https://www.isa.org/products/ansi-isa-62443-3-3-99-03-03-2013-security-for-indu">SR 1.11</reference>
        <reference href="https://www.isa.org/products/ansi-isa-62443-3-3-99-03-03-2013-security-for-indu">SR 1.12</reference>
        <reference href="https://www.isa.org/products/ansi-isa-62443-3-3-99-03-03-2013-security-for-indu">SR 1.13</reference>
        <reference href="https://www.isa.org/products/ansi-isa-62443-3-3-99-03-03-2013-security-for-indu">SR 1.2</reference>
        <reference href="https://www.isa.org/products/ansi-isa-62443-3-3-99-03-03-2013-security-for-indu">SR 1.3</reference>
        <reference href="https://www.isa.org/products/ansi-isa-62443-3-3-99-03-03-2013-security-for-indu">SR 1.4</reference>
        <reference href="https://www.isa.org/products/ansi-isa-62443-3-3-99-03-03-2013-security-for-indu">SR 1.5</reference>
        <reference href="https://www.isa.org/products/ansi-isa-62443-3-3-99-03-03-2013-security-for-indu">SR 1.6</reference>
        <reference href="https://www.isa.org/products/ansi-isa-62443-3-3-99-03-03-2013-security-for-indu">SR 1.7</reference>
        <reference href="https://www.isa.org/products/ansi-isa-62443-3-3-99-03-03-2013-security-for-indu">SR 1.8</reference>
        <reference href="https://www.isa.org/products/ansi-isa-62443-3-3-99-03-03-2013-security-for-indu">SR 1.9</reference>
        <reference href="https://www.isa.org/products/ansi-isa-62443-3-3-99-03-03-2013-security-for-indu">SR 2.1</reference>
        <reference href="https://www.isa.org/products/ansi-isa-62443-3-3-99-03-03-2013-security-for-indu">SR 2.2</reference>
        <reference href="https://www.isa.org/products/ansi-isa-62443-3-3-99-03-03-2013-security-for-indu">SR 2.3</reference>
        <reference href="https://www.isa.org/products/ansi-isa-62443-3-3-99-03-03-2013-security-for-indu">SR 2.4</reference>
        <reference href="https://www.isa.org/products/ansi-isa-62443-3-3-99-03-03-2013-security-for-indu">SR 2.5</reference>
        <reference href="https://www.isa.org/products/ansi-isa-62443-3-3-99-03-03-2013-security-for-indu">SR 2.6</reference>
        <reference href="https://www.isa.org/products/ansi-isa-62443-3-3-99-03-03-2013-security-for-indu">SR 2.7</reference>
        <reference href="https://www.isa.org/products/ansi-isa-62443-3-3-99-03-03-2013-security-for-indu">SR 3.1</reference>
        <reference href="https://www.isa.org/products/ansi-isa-62443-3-3-99-03-03-2013-security-for-indu">SR 3.5</reference>
        <reference href="https://www.isa.org/products/ansi-isa-62443-3-3-99-03-03-2013-security-for-indu">SR 3.8</reference>
        <reference href="https://www.isa.org/products/ansi-isa-62443-3-3-99-03-03-2013-security-for-indu">SR 4.1</reference>
        <reference href="https://www.isa.org/products/ansi-isa-62443-3-3-99-03-03-2013-security-for-indu">SR 4.3</reference>
        <reference href="https://www.isa.org/products/ansi-isa-62443-3-3-99-03-03-2013-security-for-indu">SR 5.1</reference>
        <reference href="https://www.isa.org/products/ansi-isa-62443-3-3-99-03-03-2013-security-for-indu">SR 5.2</reference>
        <reference href="https://www.isa.org/products/ansi-isa-62443-3-3-99-03-03-2013-security-for-indu">SR 5.3</reference>
        <reference href="https://www.isa.org/products/ansi-isa-62443-3-3-99-03-03-2013-security-for-indu">SR 7.1</reference>
        <reference href="https://www.isa.org/products/ansi-isa-62443-3-3-99-03-03-2013-security-for-indu">SR 7.6</reference>
        <reference href="https://www.iso.org/contents/data/standard/05/45/54534.html">A.11.2.6</reference>
        <reference href="https://www.iso.org/contents/data/standard/05/45/54534.html">A.12.1.2</reference>
        <reference href="https://www.iso.org/contents/data/standard/05/45/54534.html">A.12.5.1</reference>
        <reference href="https://www.iso.org/contents/data/standard/05/45/54534.html">A.12.6.2</reference>
        <reference href="https://www.iso.org/contents/data/standard/05/45/54534.html">A.13.1.1</reference>
        <reference href="https://www.iso.org/contents/data/standard/05/45/54534.html">A.13.2.1</reference>
        <reference href="https://www.iso.org/contents/data/standard/05/45/54534.html">A.14.1.3</reference>
        <reference href="https://www.iso.org/contents/data/standard/05/45/54534.html">A.14.2.2</reference>
        <reference href="https://www.iso.org/contents/data/standard/05/45/54534.html">A.14.2.3</reference>
        <reference href="https://www.iso.org/contents/data/standard/05/45/54534.html">A.14.2.4</reference>
        <reference href="https://www.iso.org/contents/data/standard/05/45/54534.html">A.6.2.1</reference>
        <reference href="https://www.iso.org/contents/data/standard/05/45/54534.html">A.6.2.2</reference>
        <reference href="https://www.iso.org/contents/data/standard/05/45/54534.html">A.9.1.2</reference>
        <reference href="http://nvlpubs.nist.gov/nistpubs/SpecialPublications/NIST.SP.800-53r4.pdf">CM-7(a)</reference>
        <reference href="http://nvlpubs.nist.gov/nistpubs/SpecialPublications/NIST.SP.800-53r4.pdf">CM-7(b)</reference>
        <reference href="http://nvlpubs.nist.gov/nistpubs/SpecialPublications/NIST.SP.800-53r4.pdf">CM-6(a)</reference>
        <reference href="https://nvlpubs.nist.gov/nistpubs/CSWP/NIST.CSWP.04162018.pdf">PR.AC-3</reference>
        <reference href="https://nvlpubs.nist.gov/nistpubs/CSWP/NIST.CSWP.04162018.pdf">PR.IP-1</reference>
        <reference href="https://nvlpubs.nist.gov/nistpubs/CSWP/NIST.CSWP.04162018.pdf">PR.PT-3</reference>
        <reference href="https://nvlpubs.nist.gov/nistpubs/CSWP/NIST.CSWP.04162018.pdf">PR.PT-4</reference>
        <rationale xmlns:xhtml="http://www.w3.org/1999/xhtml" xml:lang="en-US"><html:code xmlns:html="http://www.w3.org/1999/xhtml">telnet</html:code> allows clear text communications, and does not protect
any data transmission between client and server. Any confidential data
can be listened and no integrity checking is made.'</rationale>
        <fix xmlns:xhtml="http://www.w3.org/1999/xhtml" id="package_telnetd_removed" system="urn:xccdf:fix:script:puppet" complexity="low" disruption="low" strategy="disable">
include remove_telnetd

class remove_telnetd {
  package { 'telnetd':
    ensure =&gt; 'purged',
  }
}
</fix>
        <fix xmlns:xhtml="http://www.w3.org/1999/xhtml" id="package_telnetd_removed" system="urn:xccdf:fix:script:sh" complexity="low" disruption="low" strategy="disable">
# CAUTION: This remediation script will remove telnetd
# from the system, and may remove any packages
# that depend on telnetd. Execute this
# remediation AFTER testing on a non-production
# system!


zypper remove -y "telnetd"
</fix>
        <fix xmlns:xhtml="http://www.w3.org/1999/xhtml" id="package_telnetd_removed" system="urn:xccdf:fix:script:ansible" complexity="low" disruption="low" strategy="disable">- name: 'Uninstall the telnet server: Ensure telnetd is removed'
  ansible.builtin.package:
    name: telnetd
    state: absent
  tags:
  - NIST-800-53-CM-6(a)
  - NIST-800-53-CM-7(a)
  - NIST-800-53-CM-7(b)
  - disable_strategy
  - high_severity
  - low_complexity
  - low_disruption
  - no_reboot_needed
  - package_telnetd_removed
</fix>
        <check system="http://oval.mitre.org/XMLSchema/oval-definitions-5">
          <check-content-ref name="oval:ssg-package_telnetd_removed:def:1" href="ssg-sle15-oval.xml"/>
        </check>
      </Rule>
    </Group>
    <Group id="xccdf_org.ssgproject.content_group_dhcp">
      <title xmlns:xhtml="http://www.w3.org/1999/xhtml" xml:lang="en-US">DHCP</title>
      <description xmlns:xhtml="http://www.w3.org/1999/xhtml" xml:lang="en-US">The Dynamic Host Configuration Protocol (DHCP) allows
systems to request and obtain an IP address and other configuration
parameters from a server.
<html:br xmlns:html="http://www.w3.org/1999/xhtml"/>
      <html:br xmlns:html="http://www.w3.org/1999/xhtml"/>
This guide recommends configuring networking on clients by manually editing
the appropriate files under <html:code xmlns:html="http://www.w3.org/1999/xhtml">/etc/sysconfig</html:code>.  Use of DHCP can make client 
systems vulnerable to compromise by rogue DHCP servers, and should be avoided 
unless necessary.  If using DHCP is necessary, however, there are best practices 
that should be followed to minimize security risk.</description>
      <Group id="xccdf_org.ssgproject.content_group_dhcp_client_configuration">
        <title xmlns:xhtml="http://www.w3.org/1999/xhtml" xml:lang="en-US">Configure DHCP Client if Necessary</title>
        <description xmlns:xhtml="http://www.w3.org/1999/xhtml" xml:lang="en-US">If DHCP must be used, then certain configuration changes can
minimize the amount of information it receives and applies from the network,
and thus the amount of incorrect information a rogue DHCP server could
successfully distribute.  For more information on configuring dhclient, see the
<html:code xmlns:html="http://www.w3.org/1999/xhtml">dhclient(8)</html:code> and <html:code xmlns:html="http://www.w3.org/1999/xhtml">dhclient.conf(5)</html:code> man pages.</description>
        <Rule id="xccdf_org.ssgproject.content_rule_dhcp_client_restrict_options" selected="false" role="full" severity="unknown">
          <title xmlns:xhtml="http://www.w3.org/1999/xhtml" xml:lang="en-US">Minimize the DHCP-Configured Options</title>
          <description xmlns:xhtml="http://www.w3.org/1999/xhtml" xml:lang="en-US">Create the file <html:code xmlns:html="http://www.w3.org/1999/xhtml">/etc/dhcp/dhclient.conf</html:code>, and add an
appropriate setting for each of the ten configuration settings which can be
obtained via DHCP. For each setting, do one of the following:
<html:br xmlns:html="http://www.w3.org/1999/xhtml"/>
If the setting should <html:i xmlns:html="http://www.w3.org/1999/xhtml">not</html:i> be configured remotely by the DHCP server,
select an appropriate static value, and add the line:
<html:pre xmlns:html="http://www.w3.org/1999/xhtml">supersede <html:code>setting value</html:code>;</html:pre>
If the setting should be configured remotely by the DHCP server, add the lines:
<html:pre xmlns:html="http://www.w3.org/1999/xhtml">request <html:code>setting</html:code>;
require <html:code>setting</html:code>;</html:pre>
For example, suppose the DHCP server should provide only the IP address itself
and the subnet mask. Then the entire file should look like:
<html:pre xmlns:html="http://www.w3.org/1999/xhtml">supersede domain-name "example.com";
supersede domain-name-servers 192.168.1.2;
supersede nis-domain "";
supersede nis-servers "";
supersede ntp-servers "ntp.example.com ";
supersede routers 192.168.1.1;
supersede time-offset -18000;
request subnet-mask;
require subnet-mask;</html:pre>
       </description>
          <warning xmlns:xhtml="http://www.w3.org/1999/xhtml" xml:lang="en-US" category="general">In this example, the options nis-servers and
nis-domain are set to empty strings, on the assumption that the deprecated NIS
protocol is not in use. It is necessary to supersede settings for unused
services so that they cannot be set by a hostile DHCP server. If an option is
set to an empty string, dhclient will typically not attempt to configure the
service.</warning>
          <rationale xmlns:xhtml="http://www.w3.org/1999/xhtml" xml:lang="en-US">By default, the DHCP client program, dhclient, requests and applies
ten configuration options (in addition to the IP address) from the DHCP server.
subnet-mask, broadcast-address, time-offset, routers, domain-name,
domain-name-servers, host-name, nis-domain, nis-servers, and ntp-servers.  Many
of the options requested and applied by dhclient may be the same for every
system on a network. It is recommended that almost all configuration options be
assigned statically, and only options which must vary on a host-by-host basis
be assigned via DHCP. This limits the damage which can be done by a rogue DHCP
server.  If appropriate for your site, it is also possible to supersede the
host-name directive in <html:code xmlns:html="http://www.w3.org/1999/xhtml">/etc/dhcp/dhclient.conf</html:code>, establishing a static
hostname for the system. However, dhclient does not use the host name option
provided by the DHCP server (instead using the value provided by a reverse DNS
lookup).</rationale>
        </Rule>
      </Group>
      <Group id="xccdf_org.ssgproject.content_group_dhcp_server_configuration">
        <title xmlns:xhtml="http://www.w3.org/1999/xhtml" xml:lang="en-US">Configure DHCP Server</title>
        <description xmlns:xhtml="http://www.w3.org/1999/xhtml" xml:lang="en-US">If the system must act as a DHCP server, the configuration
information it serves should be minimized. Also, support for other protocols
and DNS-updating schemes should be explicitly disabled unless needed. The
configuration file for dhcpd is called <html:code xmlns:html="http://www.w3.org/1999/xhtml">/etc/dhcp/dhcpd.conf</html:code>. The file
begins with a number of global configuration options. The remainder of the file
is divided into sections, one for each block of addresses offered by dhcpd,
each of which contains configuration options specific to that address
block.</description>
        <Rule id="xccdf_org.ssgproject.content_rule_dhcp_server_minimize_served_info" selected="false" role="full" severity="unknown">
          <title xmlns:xhtml="http://www.w3.org/1999/xhtml" xml:lang="en-US">Minimize Served Information</title>
          <description xmlns:xhtml="http://www.w3.org/1999/xhtml" xml:lang="en-US">Edit /etc/dhcp/dhcpd.conf. Examine each address range section within
the file, and ensure that the following options are not defined unless there is
an operational need to provide this information via DHCP:
<html:pre xmlns:html="http://www.w3.org/1999/xhtml">option domain-name
option domain-name-servers
option nis-domain
option nis-servers
option ntp-servers
option routers
option time-offset</html:pre>
       </description>
          <warning xmlns:xhtml="http://www.w3.org/1999/xhtml" xml:lang="en-US" category="general">By default, the Red Hat Enterprise Linux client installation uses DHCP
to request much of the above information from the DHCP server. In particular,
domain-name, domain-name-servers, and routers are configured via DHCP.  These
settings are typically necessary for proper network functionality, but are also
usually static across systems at a given site.</warning>
          <reference href="https://www.cisecurity.org/controls/">11</reference>
          <reference href="https://www.cisecurity.org/controls/">14</reference>
          <reference href="https://www.cisecurity.org/controls/">3</reference>
          <reference href="https://www.cisecurity.org/controls/">9</reference>
          <reference href="https://www.isaca.org/resources/cobit">BAI10.01</reference>
          <reference href="https://www.isaca.org/resources/cobit">BAI10.02</reference>
          <reference href="https://www.isaca.org/resources/cobit">BAI10.03</reference>
          <reference href="https://www.isaca.org/resources/cobit">BAI10.05</reference>
          <reference href="https://www.isaca.org/resources/cobit">DSS05.02</reference>
          <reference href="https://www.isaca.org/resources/cobit">DSS05.05</reference>
          <reference href="https://www.isaca.org/resources/cobit">DSS06.06</reference>
          <reference href="https://www.isa.org/products/isa-62443-2-1-2009-security-for-industrial-automat">4.3.3.5.1</reference>
          <reference href="https://www.isa.org/products/isa-62443-2-1-2009-security-for-industrial-automat">4.3.3.5.2</reference>
          <reference href="https://www.isa.org/products/isa-62443-2-1-2009-security-for-industrial-automat">4.3.3.5.3</reference>
          <reference href="https://www.isa.org/products/isa-62443-2-1-2009-security-for-industrial-automat">4.3.3.5.4</reference>
          <reference href="https://www.isa.org/products/isa-62443-2-1-2009-security-for-industrial-automat">4.3.3.5.5</reference>
          <reference href="https://www.isa.org/products/isa-62443-2-1-2009-security-for-industrial-automat">4.3.3.5.6</reference>
          <reference href="https://www.isa.org/products/isa-62443-2-1-2009-security-for-industrial-automat">4.3.3.5.7</reference>
          <reference href="https://www.isa.org/products/isa-62443-2-1-2009-security-for-industrial-automat">4.3.3.5.8</reference>
          <reference href="https://www.isa.org/products/isa-62443-2-1-2009-security-for-industrial-automat">4.3.3.6.1</reference>
          <reference href="https://www.isa.org/products/isa-62443-2-1-2009-security-for-industrial-automat">4.3.3.6.2</reference>
          <reference href="https://www.isa.org/products/isa-62443-2-1-2009-security-for-industrial-automat">4.3.3.6.3</reference>
          <reference href="https://www.isa.org/products/isa-62443-2-1-2009-security-for-industrial-automat">4.3.3.6.4</reference>
          <reference href="https://www.isa.org/products/isa-62443-2-1-2009-security-for-industrial-automat">4.3.3.6.5</reference>
          <reference href="https://www.isa.org/products/isa-62443-2-1-2009-security-for-industrial-automat">4.3.3.6.6</reference>
          <reference href="https://www.isa.org/products/isa-62443-2-1-2009-security-for-industrial-automat">4.3.3.6.7</reference>
          <reference href="https://www.isa.org/products/isa-62443-2-1-2009-security-for-industrial-automat">4.3.3.6.8</reference>
          <reference href="https://www.isa.org/products/isa-62443-2-1-2009-security-for-industrial-automat">4.3.3.6.9</reference>
          <reference href="https://www.isa.org/products/isa-62443-2-1-2009-security-for-industrial-automat">4.3.3.7.1</reference>
          <reference href="https://www.isa.org/products/isa-62443-2-1-2009-security-for-industrial-automat">4.3.3.7.2</reference>
          <reference href="https://www.isa.org/products/isa-62443-2-1-2009-security-for-industrial-automat">4.3.3.7.3</reference>
          <reference href="https://www.isa.org/products/isa-62443-2-1-2009-security-for-industrial-automat">4.3.3.7.4</reference>
          <reference href="https://www.isa.org/products/isa-62443-2-1-2009-security-for-industrial-automat">4.3.4.3.2</reference>
          <reference href="https://www.isa.org/products/isa-62443-2-1-2009-security-for-industrial-automat">4.3.4.3.3</reference>
          <reference href="https://www.isa.org/products/ansi-isa-62443-3-3-99-03-03-2013-security-for-indu">SR 1.1</reference>
          <reference href="https://www.isa.org/products/ansi-isa-62443-3-3-99-03-03-2013-security-for-indu">SR 1.10</reference>
          <reference href="https://www.isa.org/products/ansi-isa-62443-3-3-99-03-03-2013-security-for-indu">SR 1.11</reference>
          <reference href="https://www.isa.org/products/ansi-isa-62443-3-3-99-03-03-2013-security-for-indu">SR 1.12</reference>
          <reference href="https://www.isa.org/products/ansi-isa-62443-3-3-99-03-03-2013-security-for-indu">SR 1.13</reference>
          <reference href="https://www.isa.org/products/ansi-isa-62443-3-3-99-03-03-2013-security-for-indu">SR 1.2</reference>
          <reference href="https://www.isa.org/products/ansi-isa-62443-3-3-99-03-03-2013-security-for-indu">SR 1.3</reference>
          <reference href="https://www.isa.org/products/ansi-isa-62443-3-3-99-03-03-2013-security-for-indu">SR 1.4</reference>
          <reference href="https://www.isa.org/products/ansi-isa-62443-3-3-99-03-03-2013-security-for-indu">SR 1.5</reference>
          <reference href="https://www.isa.org/products/ansi-isa-62443-3-3-99-03-03-2013-security-for-indu">SR 1.6</reference>
          <reference href="https://www.isa.org/products/ansi-isa-62443-3-3-99-03-03-2013-security-for-indu">SR 1.7</reference>
          <reference href="https://www.isa.org/products/ansi-isa-62443-3-3-99-03-03-2013-security-for-indu">SR 1.8</reference>
          <reference href="https://www.isa.org/products/ansi-isa-62443-3-3-99-03-03-2013-security-for-indu">SR 1.9</reference>
          <reference href="https://www.isa.org/products/ansi-isa-62443-3-3-99-03-03-2013-security-for-indu">SR 2.1</reference>
          <reference href="https://www.isa.org/products/ansi-isa-62443-3-3-99-03-03-2013-security-for-indu">SR 2.2</reference>
          <reference href="https://www.isa.org/products/ansi-isa-62443-3-3-99-03-03-2013-security-for-indu">SR 2.3</reference>
          <reference href="https://www.isa.org/products/ansi-isa-62443-3-3-99-03-03-2013-security-for-indu">SR 2.4</reference>
          <reference href="https://www.isa.org/products/ansi-isa-62443-3-3-99-03-03-2013-security-for-indu">SR 2.5</reference>
          <reference href="https://www.isa.org/products/ansi-isa-62443-3-3-99-03-03-2013-security-for-indu">SR 2.6</reference>
          <reference href="https://www.isa.org/products/ansi-isa-62443-3-3-99-03-03-2013-security-for-indu">SR 2.7</reference>
          <reference href="https://www.isa.org/products/ansi-isa-62443-3-3-99-03-03-2013-security-for-indu">SR 7.6</reference>
          <reference href="https://www.iso.org/contents/data/standard/05/45/54534.html">A.12.1.2</reference>
          <reference href="https://www.iso.org/contents/data/standard/05/45/54534.html">A.12.5.1</reference>
          <reference href="https://www.iso.org/contents/data/standard/05/45/54534.html">A.12.6.2</reference>
          <reference href="https://www.iso.org/contents/data/standard/05/45/54534.html">A.14.2.2</reference>
          <reference href="https://www.iso.org/contents/data/standard/05/45/54534.html">A.14.2.3</reference>
          <reference href="https://www.iso.org/contents/data/standard/05/45/54534.html">A.14.2.4</reference>
          <reference href="https://www.iso.org/contents/data/standard/05/45/54534.html">A.9.1.2</reference>
          <reference href="http://nvlpubs.nist.gov/nistpubs/SpecialPublications/NIST.SP.800-53r4.pdf">CM-7(a)</reference>
          <reference href="http://nvlpubs.nist.gov/nistpubs/SpecialPublications/NIST.SP.800-53r4.pdf">CM-7(b)</reference>
          <reference href="http://nvlpubs.nist.gov/nistpubs/SpecialPublications/NIST.SP.800-53r4.pdf">CM-6(a)</reference>
          <reference href="https://nvlpubs.nist.gov/nistpubs/CSWP/NIST.CSWP.04162018.pdf">PR.IP-1</reference>
          <reference href="https://nvlpubs.nist.gov/nistpubs/CSWP/NIST.CSWP.04162018.pdf">PR.PT-3</reference>
          <rationale xmlns:xhtml="http://www.w3.org/1999/xhtml" xml:lang="en-US">Because the configuration information provided by the DHCP server
could be maliciously provided to clients by a rogue DHCP server, the amount of
information provided via DHCP should be minimized. Remove these definitions
from the DHCP server configuration to ensure that legitimate clients do not
unnecessarily rely on DHCP for this information.</rationale>
        </Rule>
      </Group>
      <Group id="xccdf_org.ssgproject.content_group_disabling_dhcp_client">
        <title xmlns:xhtml="http://www.w3.org/1999/xhtml" xml:lang="en-US">Disable DHCP Client</title>
        <description xmlns:xhtml="http://www.w3.org/1999/xhtml" xml:lang="en-US">DHCP is the default network configuration method provided by the system
installer, and common on many networks. Nevertheless, manual management
of IP addresses for systems implies a greater degree of management and
accountability for network activity.</description>
        <Rule id="xccdf_org.ssgproject.content_rule_package_dhcp_client_removed" selected="false" role="full" severity="medium">
          <title xmlns:xhtml="http://www.w3.org/1999/xhtml" xml:lang="en-US">Uninstall DHCP Client Package</title>
          <description xmlns:xhtml="http://www.w3.org/1999/xhtml" xml:lang="en-US">If the system does not need to act as a DHCP client,
the dhcp-client package can be uninstalled.
The <html:code xmlns:html="http://www.w3.org/1999/xhtml">dhcp-client</html:code> package can be removed with the following command:
<html:pre xmlns:html="http://www.w3.org/1999/xhtml">
$ sudo zypper remove dhcp-client</html:pre>
       </description>
          <reference href="https://www.isaca.org/resources/cobit">BAI10.01</reference>
          <reference href="https://www.isaca.org/resources/cobit">BAI10.02</reference>
          <reference href="https://www.isaca.org/resources/cobit">BAI10.03</reference>
          <reference href="https://www.isaca.org/resources/cobit">BAI10.05</reference>
          <reference href="https://www.isaca.org/resources/cobit">DSS05.02</reference>
          <reference href="https://www.isaca.org/resources/cobit">DSS05.05</reference>
          <reference href="https://www.isaca.org/resources/cobit">DSS06.06</reference>
          <reference href="https://www.isa.org/products/isa-62443-2-1-2009-security-for-industrial-automat">4.3.3.5.1</reference>
          <reference href="https://www.isa.org/products/isa-62443-2-1-2009-security-for-industrial-automat">4.3.3.5.2</reference>
          <reference href="https://www.isa.org/products/isa-62443-2-1-2009-security-for-industrial-automat">4.3.3.5.3</reference>
          <reference href="https://www.isa.org/products/isa-62443-2-1-2009-security-for-industrial-automat">4.3.3.5.4</reference>
          <reference href="https://www.isa.org/products/isa-62443-2-1-2009-security-for-industrial-automat">4.3.3.5.5</reference>
          <reference href="https://www.isa.org/products/isa-62443-2-1-2009-security-for-industrial-automat">4.3.3.5.6</reference>
          <reference href="https://www.isa.org/products/isa-62443-2-1-2009-security-for-industrial-automat">4.3.3.5.7</reference>
          <reference href="https://www.isa.org/products/isa-62443-2-1-2009-security-for-industrial-automat">4.3.3.5.8</reference>
          <reference href="https://www.isa.org/products/isa-62443-2-1-2009-security-for-industrial-automat">4.3.3.6.1</reference>
          <reference href="https://www.isa.org/products/isa-62443-2-1-2009-security-for-industrial-automat">4.3.3.6.2</reference>
          <reference href="https://www.isa.org/products/isa-62443-2-1-2009-security-for-industrial-automat">4.3.3.6.3</reference>
          <reference href="https://www.isa.org/products/isa-62443-2-1-2009-security-for-industrial-automat">4.3.3.6.4</reference>
          <reference href="https://www.isa.org/products/isa-62443-2-1-2009-security-for-industrial-automat">4.3.3.6.5</reference>
          <reference href="https://www.isa.org/products/isa-62443-2-1-2009-security-for-industrial-automat">4.3.3.6.6</reference>
          <reference href="https://www.isa.org/products/isa-62443-2-1-2009-security-for-industrial-automat">4.3.3.6.7</reference>
          <reference href="https://www.isa.org/products/isa-62443-2-1-2009-security-for-industrial-automat">4.3.3.6.8</reference>
          <reference href="https://www.isa.org/products/isa-62443-2-1-2009-security-for-industrial-automat">4.3.3.6.9</reference>
          <reference href="https://www.isa.org/products/isa-62443-2-1-2009-security-for-industrial-automat">4.3.3.7.1</reference>
          <reference href="https://www.isa.org/products/isa-62443-2-1-2009-security-for-industrial-automat">4.3.3.7.2</reference>
          <reference href="https://www.isa.org/products/isa-62443-2-1-2009-security-for-industrial-automat">4.3.3.7.3</reference>
          <reference href="https://www.isa.org/products/isa-62443-2-1-2009-security-for-industrial-automat">4.3.3.7.4</reference>
          <reference href="https://www.isa.org/products/isa-62443-2-1-2009-security-for-industrial-automat">4.3.4.3.2</reference>
          <reference href="https://www.isa.org/products/isa-62443-2-1-2009-security-for-industrial-automat">4.3.4.3.3</reference>
          <reference href="https://www.isa.org/products/ansi-isa-62443-3-3-99-03-03-2013-security-for-indu">SR 1.1</reference>
          <reference href="https://www.isa.org/products/ansi-isa-62443-3-3-99-03-03-2013-security-for-indu">SR 1.10</reference>
          <reference href="https://www.isa.org/products/ansi-isa-62443-3-3-99-03-03-2013-security-for-indu">SR 1.11</reference>
          <reference href="https://www.isa.org/products/ansi-isa-62443-3-3-99-03-03-2013-security-for-indu">SR 1.12</reference>
          <reference href="https://www.isa.org/products/ansi-isa-62443-3-3-99-03-03-2013-security-for-indu">SR 1.13</reference>
          <reference href="https://www.isa.org/products/ansi-isa-62443-3-3-99-03-03-2013-security-for-indu">SR 1.2</reference>
          <reference href="https://www.isa.org/products/ansi-isa-62443-3-3-99-03-03-2013-security-for-indu">SR 1.3</reference>
          <reference href="https://www.isa.org/products/ansi-isa-62443-3-3-99-03-03-2013-security-for-indu">SR 1.4</reference>
          <reference href="https://www.isa.org/products/ansi-isa-62443-3-3-99-03-03-2013-security-for-indu">SR 1.5</reference>
          <reference href="https://www.isa.org/products/ansi-isa-62443-3-3-99-03-03-2013-security-for-indu">SR 1.6</reference>
          <reference href="https://www.isa.org/products/ansi-isa-62443-3-3-99-03-03-2013-security-for-indu">SR 1.7</reference>
          <reference href="https://www.isa.org/products/ansi-isa-62443-3-3-99-03-03-2013-security-for-indu">SR 1.8</reference>
          <reference href="https://www.isa.org/products/ansi-isa-62443-3-3-99-03-03-2013-security-for-indu">SR 1.9</reference>
          <reference href="https://www.isa.org/products/ansi-isa-62443-3-3-99-03-03-2013-security-for-indu">SR 2.1</reference>
          <reference href="https://www.isa.org/products/ansi-isa-62443-3-3-99-03-03-2013-security-for-indu">SR 2.2</reference>
          <reference href="https://www.isa.org/products/ansi-isa-62443-3-3-99-03-03-2013-security-for-indu">SR 2.3</reference>
          <reference href="https://www.isa.org/products/ansi-isa-62443-3-3-99-03-03-2013-security-for-indu">SR 2.4</reference>
          <reference href="https://www.isa.org/products/ansi-isa-62443-3-3-99-03-03-2013-security-for-indu">SR 2.5</reference>
          <reference href="https://www.isa.org/products/ansi-isa-62443-3-3-99-03-03-2013-security-for-indu">SR 2.6</reference>
          <reference href="https://www.isa.org/products/ansi-isa-62443-3-3-99-03-03-2013-security-for-indu">SR 2.7</reference>
          <reference href="https://www.isa.org/products/ansi-isa-62443-3-3-99-03-03-2013-security-for-indu">SR 7.6</reference>
          <reference href="https://www.iso.org/contents/data/standard/05/45/54534.html">A.12.1.2</reference>
          <reference href="https://www.iso.org/contents/data/standard/05/45/54534.html">A.12.5.1</reference>
          <reference href="https://www.iso.org/contents/data/standard/05/45/54534.html">A.12.6.2</reference>
          <reference href="https://www.iso.org/contents/data/standard/05/45/54534.html">A.14.2.2</reference>
          <reference href="https://www.iso.org/contents/data/standard/05/45/54534.html">A.14.2.3</reference>
          <reference href="https://www.iso.org/contents/data/standard/05/45/54534.html">A.14.2.4</reference>
          <reference href="https://www.iso.org/contents/data/standard/05/45/54534.html">A.9.1.2</reference>
          <reference href="http://nvlpubs.nist.gov/nistpubs/SpecialPublications/NIST.SP.800-53r4.pdf">CM-7(a)</reference>
          <reference href="http://nvlpubs.nist.gov/nistpubs/SpecialPublications/NIST.SP.800-53r4.pdf">CM-7(b)</reference>
          <reference href="http://nvlpubs.nist.gov/nistpubs/SpecialPublications/NIST.SP.800-53r4.pdf">CM-6(a)</reference>
          <reference href="https://nvlpubs.nist.gov/nistpubs/CSWP/NIST.CSWP.04162018.pdf">PR.IP-1</reference>
          <reference href="https://nvlpubs.nist.gov/nistpubs/CSWP/NIST.CSWP.04162018.pdf">PR.PT-3</reference>
          <reference href="https://www.cisecurity.org/benchmark/suse_linux/">2.2.5</reference>
          <reference href="not_publicly_available">SLES-15-300150045</reference>
          <rationale xmlns:xhtml="http://www.w3.org/1999/xhtml" xml:lang="en-US">Removing the DHCP client is necessary when the system works
or will work in a static network environment. In this case
the system has/will have a static IP address assigned.</rationale>
          <ident system="https://ncp.nist.gov/cce">CCE-92511-5</ident>
          <fix xmlns:xhtml="http://www.w3.org/1999/xhtml" id="package_dhcp_client_removed" system="urn:xccdf:fix:script:puppet" complexity="low" disruption="low" strategy="disable">
include remove_dhcp-client

class remove_dhcp-client {
  package { 'dhcp-client':
    ensure =&gt; 'purged',
  }
}
</fix>
          <fix xmlns:xhtml="http://www.w3.org/1999/xhtml" id="package_dhcp_client_removed" system="urn:xccdf:fix:script:sh" complexity="low" disruption="low" strategy="disable">
# CAUTION: This remediation script will remove dhcp-client
# from the system, and may remove any packages
# that depend on dhcp-client. Execute this
# remediation AFTER testing on a non-production
# system!


zypper remove -y "dhcp-client"
</fix>
          <fix xmlns:xhtml="http://www.w3.org/1999/xhtml" id="package_dhcp_client_removed" system="urn:xccdf:fix:script:ansible" complexity="low" disruption="low" strategy="disable">- name: 'Uninstall DHCP Client Package: Ensure dhcp-client is removed'
  ansible.builtin.package:
    name: dhcp-client
    state: absent
  tags:
  - CCE-92511-5
  - NIST-800-53-CM-6(a)
  - NIST-800-53-CM-7(a)
  - NIST-800-53-CM-7(b)
  - disable_strategy
  - low_complexity
  - low_disruption
  - medium_severity
  - no_reboot_needed
  - package_dhcp_client_removed
</fix>
          <check system="http://oval.mitre.org/XMLSchema/oval-definitions-5">
            <check-content-ref name="oval:ssg-package_dhcp_client_removed:def:1" href="ssg-sle15-oval.xml"/>
          </check>
          <check system="http://scap.nist.gov/schema/ocil/2">
            <check-content-ref name="ocil:ssg-package_dhcp_client_removed_ocil:questionnaire:1" href="ssg-sle15-ocil.xml"/>
          </check>
        </Rule>
      </Group>
      <Group id="xccdf_org.ssgproject.content_group_disabling_dhcp_server">
        <title xmlns:xhtml="http://www.w3.org/1999/xhtml" xml:lang="en-US">Disable DHCP Server</title>
        <description xmlns:xhtml="http://www.w3.org/1999/xhtml" xml:lang="en-US">The DHCP server <html:code xmlns:html="http://www.w3.org/1999/xhtml">dhcpd</html:code> is not installed or activated by
default. If the software was installed and activated, but the
system does not need to act as a DHCP server, it should be disabled
and removed.</description>
        <Rule id="xccdf_org.ssgproject.content_rule_package_dhcp_removed" selected="false" role="full" severity="medium">
          <title xmlns:xhtml="http://www.w3.org/1999/xhtml" xml:lang="en-US">Uninstall DHCP Server Package</title>
          <description xmlns:xhtml="http://www.w3.org/1999/xhtml" xml:lang="en-US">If the system does not need to act as a DHCP server,
the dhcp package can be uninstalled.

The <html:code xmlns:html="http://www.w3.org/1999/xhtml">dhcp-server</html:code> package can be removed with the following command:
<html:pre xmlns:html="http://www.w3.org/1999/xhtml">
$ sudo zypper remove dhcp-server</html:pre>
       </description>
          <reference href="https://www.cisecurity.org/controls/">11</reference>
          <reference href="https://www.cisecurity.org/controls/">14</reference>
          <reference href="https://www.cisecurity.org/controls/">3</reference>
          <reference href="https://www.cisecurity.org/controls/">9</reference>
          <reference href="https://www.isaca.org/resources/cobit">BAI10.01</reference>
          <reference href="https://www.isaca.org/resources/cobit">BAI10.02</reference>
          <reference href="https://www.isaca.org/resources/cobit">BAI10.03</reference>
          <reference href="https://www.isaca.org/resources/cobit">BAI10.05</reference>
          <reference href="https://www.isaca.org/resources/cobit">DSS05.02</reference>
          <reference href="https://www.isaca.org/resources/cobit">DSS05.05</reference>
          <reference href="https://www.isaca.org/resources/cobit">DSS06.06</reference>
          <reference href="https://www.isa.org/products/isa-62443-2-1-2009-security-for-industrial-automat">4.3.3.5.1</reference>
          <reference href="https://www.isa.org/products/isa-62443-2-1-2009-security-for-industrial-automat">4.3.3.5.2</reference>
          <reference href="https://www.isa.org/products/isa-62443-2-1-2009-security-for-industrial-automat">4.3.3.5.3</reference>
          <reference href="https://www.isa.org/products/isa-62443-2-1-2009-security-for-industrial-automat">4.3.3.5.4</reference>
          <reference href="https://www.isa.org/products/isa-62443-2-1-2009-security-for-industrial-automat">4.3.3.5.5</reference>
          <reference href="https://www.isa.org/products/isa-62443-2-1-2009-security-for-industrial-automat">4.3.3.5.6</reference>
          <reference href="https://www.isa.org/products/isa-62443-2-1-2009-security-for-industrial-automat">4.3.3.5.7</reference>
          <reference href="https://www.isa.org/products/isa-62443-2-1-2009-security-for-industrial-automat">4.3.3.5.8</reference>
          <reference href="https://www.isa.org/products/isa-62443-2-1-2009-security-for-industrial-automat">4.3.3.6.1</reference>
          <reference href="https://www.isa.org/products/isa-62443-2-1-2009-security-for-industrial-automat">4.3.3.6.2</reference>
          <reference href="https://www.isa.org/products/isa-62443-2-1-2009-security-for-industrial-automat">4.3.3.6.3</reference>
          <reference href="https://www.isa.org/products/isa-62443-2-1-2009-security-for-industrial-automat">4.3.3.6.4</reference>
          <reference href="https://www.isa.org/products/isa-62443-2-1-2009-security-for-industrial-automat">4.3.3.6.5</reference>
          <reference href="https://www.isa.org/products/isa-62443-2-1-2009-security-for-industrial-automat">4.3.3.6.6</reference>
          <reference href="https://www.isa.org/products/isa-62443-2-1-2009-security-for-industrial-automat">4.3.3.6.7</reference>
          <reference href="https://www.isa.org/products/isa-62443-2-1-2009-security-for-industrial-automat">4.3.3.6.8</reference>
          <reference href="https://www.isa.org/products/isa-62443-2-1-2009-security-for-industrial-automat">4.3.3.6.9</reference>
          <reference href="https://www.isa.org/products/isa-62443-2-1-2009-security-for-industrial-automat">4.3.3.7.1</reference>
          <reference href="https://www.isa.org/products/isa-62443-2-1-2009-security-for-industrial-automat">4.3.3.7.2</reference>
          <reference href="https://www.isa.org/products/isa-62443-2-1-2009-security-for-industrial-automat">4.3.3.7.3</reference>
          <reference href="https://www.isa.org/products/isa-62443-2-1-2009-security-for-industrial-automat">4.3.3.7.4</reference>
          <reference href="https://www.isa.org/products/isa-62443-2-1-2009-security-for-industrial-automat">4.3.4.3.2</reference>
          <reference href="https://www.isa.org/products/isa-62443-2-1-2009-security-for-industrial-automat">4.3.4.3.3</reference>
          <reference href="https://www.isa.org/products/ansi-isa-62443-3-3-99-03-03-2013-security-for-indu">SR 1.1</reference>
          <reference href="https://www.isa.org/products/ansi-isa-62443-3-3-99-03-03-2013-security-for-indu">SR 1.10</reference>
          <reference href="https://www.isa.org/products/ansi-isa-62443-3-3-99-03-03-2013-security-for-indu">SR 1.11</reference>
          <reference href="https://www.isa.org/products/ansi-isa-62443-3-3-99-03-03-2013-security-for-indu">SR 1.12</reference>
          <reference href="https://www.isa.org/products/ansi-isa-62443-3-3-99-03-03-2013-security-for-indu">SR 1.13</reference>
          <reference href="https://www.isa.org/products/ansi-isa-62443-3-3-99-03-03-2013-security-for-indu">SR 1.2</reference>
          <reference href="https://www.isa.org/products/ansi-isa-62443-3-3-99-03-03-2013-security-for-indu">SR 1.3</reference>
          <reference href="https://www.isa.org/products/ansi-isa-62443-3-3-99-03-03-2013-security-for-indu">SR 1.4</reference>
          <reference href="https://www.isa.org/products/ansi-isa-62443-3-3-99-03-03-2013-security-for-indu">SR 1.5</reference>
          <reference href="https://www.isa.org/products/ansi-isa-62443-3-3-99-03-03-2013-security-for-indu">SR 1.6</reference>
          <reference href="https://www.isa.org/products/ansi-isa-62443-3-3-99-03-03-2013-security-for-indu">SR 1.7</reference>
          <reference href="https://www.isa.org/products/ansi-isa-62443-3-3-99-03-03-2013-security-for-indu">SR 1.8</reference>
          <reference href="https://www.isa.org/products/ansi-isa-62443-3-3-99-03-03-2013-security-for-indu">SR 1.9</reference>
          <reference href="https://www.isa.org/products/ansi-isa-62443-3-3-99-03-03-2013-security-for-indu">SR 2.1</reference>
          <reference href="https://www.isa.org/products/ansi-isa-62443-3-3-99-03-03-2013-security-for-indu">SR 2.2</reference>
          <reference href="https://www.isa.org/products/ansi-isa-62443-3-3-99-03-03-2013-security-for-indu">SR 2.3</reference>
          <reference href="https://www.isa.org/products/ansi-isa-62443-3-3-99-03-03-2013-security-for-indu">SR 2.4</reference>
          <reference href="https://www.isa.org/products/ansi-isa-62443-3-3-99-03-03-2013-security-for-indu">SR 2.5</reference>
          <reference href="https://www.isa.org/products/ansi-isa-62443-3-3-99-03-03-2013-security-for-indu">SR 2.6</reference>
          <reference href="https://www.isa.org/products/ansi-isa-62443-3-3-99-03-03-2013-security-for-indu">SR 2.7</reference>
          <reference href="https://www.isa.org/products/ansi-isa-62443-3-3-99-03-03-2013-security-for-indu">SR 7.6</reference>
          <reference href="https://www.iso.org/contents/data/standard/05/45/54534.html">A.12.1.2</reference>
          <reference href="https://www.iso.org/contents/data/standard/05/45/54534.html">A.12.5.1</reference>
          <reference href="https://www.iso.org/contents/data/standard/05/45/54534.html">A.12.6.2</reference>
          <reference href="https://www.iso.org/contents/data/standard/05/45/54534.html">A.14.2.2</reference>
          <reference href="https://www.iso.org/contents/data/standard/05/45/54534.html">A.14.2.3</reference>
          <reference href="https://www.iso.org/contents/data/standard/05/45/54534.html">A.14.2.4</reference>
          <reference href="https://www.iso.org/contents/data/standard/05/45/54534.html">A.9.1.2</reference>
          <reference href="http://nvlpubs.nist.gov/nistpubs/SpecialPublications/NIST.SP.800-53r4.pdf">CM-7(a)</reference>
          <reference href="http://nvlpubs.nist.gov/nistpubs/SpecialPublications/NIST.SP.800-53r4.pdf">CM-7(b)</reference>
          <reference href="http://nvlpubs.nist.gov/nistpubs/SpecialPublications/NIST.SP.800-53r4.pdf">CM-6(a)</reference>
          <reference href="https://nvlpubs.nist.gov/nistpubs/CSWP/NIST.CSWP.04162018.pdf">PR.IP-1</reference>
          <reference href="https://nvlpubs.nist.gov/nistpubs/CSWP/NIST.CSWP.04162018.pdf">PR.PT-3</reference>
          <reference href="https://www.cisecurity.org/benchmark/suse_linux/">2.2.5</reference>
          <reference href="https://cyber.gouv.fr/sites/default/files/document/linux_configuration-en-v2.pdf">R62</reference>
          <reference href="not_publicly_available">SLES-15-300150045</reference>
          <reference href="https://docs-prv.pcisecuritystandards.org/PCI%20DSS/Standard/PCI-DSS-v4_0.pdf">2.2.4</reference>
          <reference href="https://docs-prv.pcisecuritystandards.org/PCI%20DSS/Standard/PCI-DSS-v4_0.pdf">2.2</reference>
          <rationale xmlns:xhtml="http://www.w3.org/1999/xhtml" xml:lang="en-US">Removing the DHCP server ensures that it cannot be easily or
accidentally reactivated and disrupt network operation.</rationale>
          <ident system="https://ncp.nist.gov/cce">CCE-85759-9</ident>
          <fix xmlns:xhtml="http://www.w3.org/1999/xhtml" id="package_dhcp_removed" system="urn:xccdf:fix:script:puppet" complexity="low" disruption="low" strategy="disable">
include remove_dhcp-server

class remove_dhcp-server {
  package { 'dhcp-server':
    ensure =&gt; 'purged',
  }
}
</fix>
          <fix xmlns:xhtml="http://www.w3.org/1999/xhtml" id="package_dhcp_removed" system="urn:xccdf:fix:script:sh" complexity="low" disruption="low" strategy="disable">
# CAUTION: This remediation script will remove dhcp-server
# from the system, and may remove any packages
# that depend on dhcp-server. Execute this
# remediation AFTER testing on a non-production
# system!


zypper remove -y "dhcp-server"
</fix>
          <fix xmlns:xhtml="http://www.w3.org/1999/xhtml" id="package_dhcp_removed" system="urn:xccdf:fix:script:ansible" complexity="low" disruption="low" strategy="disable">- name: 'Uninstall DHCP Server Package: Ensure dhcp-server is removed'
  ansible.builtin.package:
    name: dhcp-server
    state: absent
  tags:
  - CCE-85759-9
  - NIST-800-53-CM-6(a)
  - NIST-800-53-CM-7(a)
  - NIST-800-53-CM-7(b)
  - PCI-DSSv4-2.2
  - PCI-DSSv4-2.2.4
  - disable_strategy
  - low_complexity
  - low_disruption
  - medium_severity
  - no_reboot_needed
  - package_dhcp_removed
</fix>
          <check system="http://oval.mitre.org/XMLSchema/oval-definitions-5">
            <check-content-ref name="oval:ssg-package_dhcp_removed:def:1" href="ssg-sle15-oval.xml"/>
          </check>
          <check system="http://scap.nist.gov/schema/ocil/2">
            <check-content-ref name="ocil:ssg-package_dhcp_removed_ocil:questionnaire:1" href="ssg-sle15-ocil.xml"/>
          </check>
        </Rule>
        <Rule id="xccdf_org.ssgproject.content_rule_service_dhcpd_disabled" selected="false" role="full" severity="medium">
          <title xmlns:xhtml="http://www.w3.org/1999/xhtml" xml:lang="en-US">Disable DHCP Service</title>
          <description xmlns:xhtml="http://www.w3.org/1999/xhtml" xml:lang="en-US">The <html:code xmlns:html="http://www.w3.org/1999/xhtml">dhcpd</html:code> service should be disabled on
any system that does not need to act as a DHCP server.


The <html:code xmlns:html="http://www.w3.org/1999/xhtml">dhcpd</html:code> service can be disabled with the following command:
<html:pre xmlns:html="http://www.w3.org/1999/xhtml">$ sudo systemctl mask --now dhcpd.service</html:pre>
       </description>
          <reference href="https://www.cisecurity.org/controls/">11</reference>
          <reference href="https://www.cisecurity.org/controls/">14</reference>
          <reference href="https://www.cisecurity.org/controls/">3</reference>
          <reference href="https://www.cisecurity.org/controls/">9</reference>
          <reference href="https://www.isaca.org/resources/cobit">BAI10.01</reference>
          <reference href="https://www.isaca.org/resources/cobit">BAI10.02</reference>
          <reference href="https://www.isaca.org/resources/cobit">BAI10.03</reference>
          <reference href="https://www.isaca.org/resources/cobit">BAI10.05</reference>
          <reference href="https://www.isaca.org/resources/cobit">DSS05.02</reference>
          <reference href="https://www.isaca.org/resources/cobit">DSS05.05</reference>
          <reference href="https://www.isaca.org/resources/cobit">DSS06.06</reference>
          <reference href="https://www.isa.org/products/isa-62443-2-1-2009-security-for-industrial-automat">4.3.3.5.1</reference>
          <reference href="https://www.isa.org/products/isa-62443-2-1-2009-security-for-industrial-automat">4.3.3.5.2</reference>
          <reference href="https://www.isa.org/products/isa-62443-2-1-2009-security-for-industrial-automat">4.3.3.5.3</reference>
          <reference href="https://www.isa.org/products/isa-62443-2-1-2009-security-for-industrial-automat">4.3.3.5.4</reference>
          <reference href="https://www.isa.org/products/isa-62443-2-1-2009-security-for-industrial-automat">4.3.3.5.5</reference>
          <reference href="https://www.isa.org/products/isa-62443-2-1-2009-security-for-industrial-automat">4.3.3.5.6</reference>
          <reference href="https://www.isa.org/products/isa-62443-2-1-2009-security-for-industrial-automat">4.3.3.5.7</reference>
          <reference href="https://www.isa.org/products/isa-62443-2-1-2009-security-for-industrial-automat">4.3.3.5.8</reference>
          <reference href="https://www.isa.org/products/isa-62443-2-1-2009-security-for-industrial-automat">4.3.3.6.1</reference>
          <reference href="https://www.isa.org/products/isa-62443-2-1-2009-security-for-industrial-automat">4.3.3.6.2</reference>
          <reference href="https://www.isa.org/products/isa-62443-2-1-2009-security-for-industrial-automat">4.3.3.6.3</reference>
          <reference href="https://www.isa.org/products/isa-62443-2-1-2009-security-for-industrial-automat">4.3.3.6.4</reference>
          <reference href="https://www.isa.org/products/isa-62443-2-1-2009-security-for-industrial-automat">4.3.3.6.5</reference>
          <reference href="https://www.isa.org/products/isa-62443-2-1-2009-security-for-industrial-automat">4.3.3.6.6</reference>
          <reference href="https://www.isa.org/products/isa-62443-2-1-2009-security-for-industrial-automat">4.3.3.6.7</reference>
          <reference href="https://www.isa.org/products/isa-62443-2-1-2009-security-for-industrial-automat">4.3.3.6.8</reference>
          <reference href="https://www.isa.org/products/isa-62443-2-1-2009-security-for-industrial-automat">4.3.3.6.9</reference>
          <reference href="https://www.isa.org/products/isa-62443-2-1-2009-security-for-industrial-automat">4.3.3.7.1</reference>
          <reference href="https://www.isa.org/products/isa-62443-2-1-2009-security-for-industrial-automat">4.3.3.7.2</reference>
          <reference href="https://www.isa.org/products/isa-62443-2-1-2009-security-for-industrial-automat">4.3.3.7.3</reference>
          <reference href="https://www.isa.org/products/isa-62443-2-1-2009-security-for-industrial-automat">4.3.3.7.4</reference>
          <reference href="https://www.isa.org/products/isa-62443-2-1-2009-security-for-industrial-automat">4.3.4.3.2</reference>
          <reference href="https://www.isa.org/products/isa-62443-2-1-2009-security-for-industrial-automat">4.3.4.3.3</reference>
          <reference href="https://www.isa.org/products/ansi-isa-62443-3-3-99-03-03-2013-security-for-indu">SR 1.1</reference>
          <reference href="https://www.isa.org/products/ansi-isa-62443-3-3-99-03-03-2013-security-for-indu">SR 1.10</reference>
          <reference href="https://www.isa.org/products/ansi-isa-62443-3-3-99-03-03-2013-security-for-indu">SR 1.11</reference>
          <reference href="https://www.isa.org/products/ansi-isa-62443-3-3-99-03-03-2013-security-for-indu">SR 1.12</reference>
          <reference href="https://www.isa.org/products/ansi-isa-62443-3-3-99-03-03-2013-security-for-indu">SR 1.13</reference>
          <reference href="https://www.isa.org/products/ansi-isa-62443-3-3-99-03-03-2013-security-for-indu">SR 1.2</reference>
          <reference href="https://www.isa.org/products/ansi-isa-62443-3-3-99-03-03-2013-security-for-indu">SR 1.3</reference>
          <reference href="https://www.isa.org/products/ansi-isa-62443-3-3-99-03-03-2013-security-for-indu">SR 1.4</reference>
          <reference href="https://www.isa.org/products/ansi-isa-62443-3-3-99-03-03-2013-security-for-indu">SR 1.5</reference>
          <reference href="https://www.isa.org/products/ansi-isa-62443-3-3-99-03-03-2013-security-for-indu">SR 1.6</reference>
          <reference href="https://www.isa.org/products/ansi-isa-62443-3-3-99-03-03-2013-security-for-indu">SR 1.7</reference>
          <reference href="https://www.isa.org/products/ansi-isa-62443-3-3-99-03-03-2013-security-for-indu">SR 1.8</reference>
          <reference href="https://www.isa.org/products/ansi-isa-62443-3-3-99-03-03-2013-security-for-indu">SR 1.9</reference>
          <reference href="https://www.isa.org/products/ansi-isa-62443-3-3-99-03-03-2013-security-for-indu">SR 2.1</reference>
          <reference href="https://www.isa.org/products/ansi-isa-62443-3-3-99-03-03-2013-security-for-indu">SR 2.2</reference>
          <reference href="https://www.isa.org/products/ansi-isa-62443-3-3-99-03-03-2013-security-for-indu">SR 2.3</reference>
          <reference href="https://www.isa.org/products/ansi-isa-62443-3-3-99-03-03-2013-security-for-indu">SR 2.4</reference>
          <reference href="https://www.isa.org/products/ansi-isa-62443-3-3-99-03-03-2013-security-for-indu">SR 2.5</reference>
          <reference href="https://www.isa.org/products/ansi-isa-62443-3-3-99-03-03-2013-security-for-indu">SR 2.6</reference>
          <reference href="https://www.isa.org/products/ansi-isa-62443-3-3-99-03-03-2013-security-for-indu">SR 2.7</reference>
          <reference href="https://www.isa.org/products/ansi-isa-62443-3-3-99-03-03-2013-security-for-indu">SR 7.6</reference>
          <reference href="https://www.iso.org/contents/data/standard/05/45/54534.html">A.12.1.2</reference>
          <reference href="https://www.iso.org/contents/data/standard/05/45/54534.html">A.12.5.1</reference>
          <reference href="https://www.iso.org/contents/data/standard/05/45/54534.html">A.12.6.2</reference>
          <reference href="https://www.iso.org/contents/data/standard/05/45/54534.html">A.14.2.2</reference>
          <reference href="https://www.iso.org/contents/data/standard/05/45/54534.html">A.14.2.3</reference>
          <reference href="https://www.iso.org/contents/data/standard/05/45/54534.html">A.14.2.4</reference>
          <reference href="https://www.iso.org/contents/data/standard/05/45/54534.html">A.9.1.2</reference>
          <reference href="http://nvlpubs.nist.gov/nistpubs/SpecialPublications/NIST.SP.800-53r4.pdf">CM-7(a)</reference>
          <reference href="http://nvlpubs.nist.gov/nistpubs/SpecialPublications/NIST.SP.800-53r4.pdf">CM-7(b)</reference>
          <reference href="http://nvlpubs.nist.gov/nistpubs/SpecialPublications/NIST.SP.800-53r4.pdf">CM-6(a)</reference>
          <reference href="https://nvlpubs.nist.gov/nistpubs/CSWP/NIST.CSWP.04162018.pdf">PR.IP-1</reference>
          <reference href="https://nvlpubs.nist.gov/nistpubs/CSWP/NIST.CSWP.04162018.pdf">PR.PT-3</reference>
          <reference href="https://www.cisecurity.org/benchmark/suse_linux/">2.2.5</reference>
          <reference href="not_publicly_available">SLES-15-300150045</reference>
          <rationale xmlns:xhtml="http://www.w3.org/1999/xhtml" xml:lang="en-US">Unmanaged or unintentionally activated DHCP servers may provide faulty information
to clients, interfering with the operation of a legitimate site
DHCP server if there is one.</rationale>
          <platform idref="#system_with_kernel"/>
          <ident system="https://ncp.nist.gov/cce">CCE-91363-2</ident>
          <fix xmlns:xhtml="http://www.w3.org/1999/xhtml" id="service_dhcpd_disabled" system="urn:xccdf:fix:script:puppet" complexity="low" disruption="low" strategy="enable">include disable_dhcpd

class disable_dhcpd {
  service {'dhcpd':
    enable =&gt; false,
    ensure =&gt; 'stopped',
  }
}
</fix>
          <fix xmlns:xhtml="http://www.w3.org/1999/xhtml" id="service_dhcpd_disabled" system="urn:xccdf:fix:script:sh" complexity="low" disruption="low" strategy="disable"># Remediation is applicable only in certain platforms
if rpm --quiet -q kernel-default || rpm --quiet -q kernel-default-base; then

SYSTEMCTL_EXEC='/usr/bin/systemctl'
if [[ $("$SYSTEMCTL_EXEC" is-system-running) != "offline" ]]; then
  "$SYSTEMCTL_EXEC" stop 'dhcpd.service'
fi
"$SYSTEMCTL_EXEC" disable 'dhcpd.service'
"$SYSTEMCTL_EXEC" mask 'dhcpd.service'
# Disable socket activation if we have a unit file for it
if "$SYSTEMCTL_EXEC" -q list-unit-files dhcpd.socket; then
    if [[ $("$SYSTEMCTL_EXEC" is-system-running) != "offline" ]]; then
      "$SYSTEMCTL_EXEC" stop 'dhcpd.socket'
    fi
    "$SYSTEMCTL_EXEC" mask 'dhcpd.socket'
fi
# The service may not be running because it has been started and failed,
# so let's reset the state so OVAL checks pass.
# Service should be 'inactive', not 'failed' after reboot though.
"$SYSTEMCTL_EXEC" reset-failed 'dhcpd.service' || true

else
    &gt;&amp;2 echo 'Remediation is not applicable, nothing was done'
fi
</fix>
          <fix xmlns:xhtml="http://www.w3.org/1999/xhtml" id="service_dhcpd_disabled" system="urn:redhat:osbuild:blueprint">
[customizations.services]
masked = ["dhcpd"]
</fix>
          <fix xmlns:xhtml="http://www.w3.org/1999/xhtml" id="service_dhcpd_disabled" system="urn:xccdf:fix:script:ansible" complexity="low" disruption="low" strategy="disable">- name: Gather the package facts
  package_facts:
    manager: auto
  tags:
  - CCE-91363-2
  - NIST-800-53-CM-6(a)
  - NIST-800-53-CM-7(a)
  - NIST-800-53-CM-7(b)
  - disable_strategy
  - low_complexity
  - low_disruption
  - medium_severity
  - no_reboot_needed
  - service_dhcpd_disabled

- name: Disable DHCP Service - Disable service dhcpd
  block:

  - name: Disable DHCP Service - Collect systemd Services Present in the System
    ansible.builtin.command: systemctl -q list-unit-files --type service
    register: service_exists
    changed_when: false
    failed_when: service_exists.rc not in [0, 1]
    check_mode: false

  - name: Disable DHCP Service - Ensure dhcpd.service is Masked
    ansible.builtin.systemd:
      name: dhcpd.service
      state: stopped
      enabled: false
      masked: true
    when: service_exists.stdout_lines is search("dhcpd.service", multiline=True)

  - name: Unit Socket Exists - dhcpd.socket
    ansible.builtin.command: systemctl -q list-unit-files dhcpd.socket
    register: socket_file_exists
    changed_when: false
    failed_when: socket_file_exists.rc not in [0, 1]
    check_mode: false

  - name: Disable DHCP Service - Disable Socket dhcpd
    ansible.builtin.systemd:
      name: dhcpd.socket
      enabled: false
      state: stopped
      masked: true
    when: socket_file_exists.stdout_lines is search("dhcpd.socket", multiline=True)
  tags:
  - CCE-91363-2
  - NIST-800-53-CM-6(a)
  - NIST-800-53-CM-7(a)
  - NIST-800-53-CM-7(b)
  - disable_strategy
  - low_complexity
  - low_disruption
  - medium_severity
  - no_reboot_needed
  - service_dhcpd_disabled
  - special_service_block
  when: ("kernel-default" in ansible_facts.packages or "kernel-default-base" in ansible_facts.packages)
</fix>
          <check system="http://open-scap.org/page/SCE">
            <check-import import-name="stdout">
                </check-import>
            <check-content-ref href="sle15/checks/sce/service_dhcpd_disabled.sh"/>
          </check>
          <check system="http://oval.mitre.org/XMLSchema/oval-definitions-5">
            <check-content-ref name="oval:ssg-service_dhcpd_disabled:def:1" href="ssg-sle15-oval.xml"/>
          </check>
          <check system="http://scap.nist.gov/schema/ocil/2">
            <check-content-ref name="ocil:ssg-service_dhcpd_disabled_ocil:questionnaire:1" href="ssg-sle15-ocil.xml"/>
          </check>
        </Rule>
      </Group>
    </Group>
    <Group id="xccdf_org.ssgproject.content_group_dns">
      <title xmlns:xhtml="http://www.w3.org/1999/xhtml" xml:lang="en-US">DNS Server</title>
      <description xmlns:xhtml="http://www.w3.org/1999/xhtml" xml:lang="en-US">Most organizations have an operational need to run at
least one nameserver. However, there are many common attacks
involving DNS server software, and this server software should
be disabled on any system
on which it is not needed.</description>
      <Rule id="xccdf_org.ssgproject.content_rule_package_dnsmasq_removed" selected="false" role="full" severity="low">
        <title xmlns:xhtml="http://www.w3.org/1999/xhtml" xml:lang="en-US">Uninstall dnsmasq Package</title>
        <description xmlns:xhtml="http://www.w3.org/1999/xhtml" xml:lang="en-US">dnsmasq is a lightweight tool that provides DNS caching, DNS forwarding and
DHCP (Dynamic Host Configuration Protocol) services.
<html:br xmlns:html="http://www.w3.org/1999/xhtml"/>
The <html:code xmlns:html="http://www.w3.org/1999/xhtml">dnsmasq</html:code> package can be removed with the following command:
<html:pre xmlns:html="http://www.w3.org/1999/xhtml">
$ sudo zypper remove dnsmasq</html:pre>
      </description>
        <reference href="not_publicly_available">SLES-15-300150075</reference>
        <rationale xmlns:xhtml="http://www.w3.org/1999/xhtml" xml:lang="en-US">Unless a system is specifically designated to act as a DNS
caching, DNS forwarding and/or DHCP server, it is recommended that the
package be removed to reduce the potential attack surface.</rationale>
        <ident system="https://ncp.nist.gov/cce">CCE-92596-6</ident>
        <fix xmlns:xhtml="http://www.w3.org/1999/xhtml" id="package_dnsmasq_removed" system="urn:xccdf:fix:script:puppet" complexity="low" disruption="low" strategy="disable">
include remove_dnsmasq

class remove_dnsmasq {
  package { 'dnsmasq':
    ensure =&gt; 'purged',
  }
}
</fix>
        <fix xmlns:xhtml="http://www.w3.org/1999/xhtml" id="package_dnsmasq_removed" system="urn:xccdf:fix:script:sh" complexity="low" disruption="low" strategy="disable">
# CAUTION: This remediation script will remove dnsmasq
# from the system, and may remove any packages
# that depend on dnsmasq. Execute this
# remediation AFTER testing on a non-production
# system!


zypper remove -y "dnsmasq"
</fix>
        <fix xmlns:xhtml="http://www.w3.org/1999/xhtml" id="package_dnsmasq_removed" system="urn:xccdf:fix:script:ansible" complexity="low" disruption="low" strategy="disable">- name: 'Uninstall dnsmasq Package: Ensure dnsmasq is removed'
  ansible.builtin.package:
    name: dnsmasq
    state: absent
  tags:
  - CCE-92596-6
  - disable_strategy
  - low_complexity
  - low_disruption
  - low_severity
  - no_reboot_needed
  - package_dnsmasq_removed
</fix>
        <check system="http://oval.mitre.org/XMLSchema/oval-definitions-5">
          <check-content-ref name="oval:ssg-package_dnsmasq_removed:def:1" href="ssg-sle15-oval.xml"/>
        </check>
        <check system="http://scap.nist.gov/schema/ocil/2">
          <check-content-ref name="ocil:ssg-package_dnsmasq_removed_ocil:questionnaire:1" href="ssg-sle15-ocil.xml"/>
        </check>
      </Rule>
      <Rule id="xccdf_org.ssgproject.content_rule_service_dnsmasq_disabled" selected="false" role="full" severity="medium">
        <title xmlns:xhtml="http://www.w3.org/1999/xhtml" xml:lang="en-US">Disable dnsmasq Service</title>
        <description xmlns:xhtml="http://www.w3.org/1999/xhtml" xml:lang="en-US">
The <html:code xmlns:html="http://www.w3.org/1999/xhtml">dnsmasq</html:code> service can be disabled with the following command:
<html:pre xmlns:html="http://www.w3.org/1999/xhtml">$ sudo systemctl mask --now dnsmasq.service</html:pre>
      </description>
        <reference href="not_publicly_available">SLES-15-300150075</reference>
        <rationale xmlns:xhtml="http://www.w3.org/1999/xhtml" xml:lang="en-US">Unless a system is specifically designated to act as a DNS
caching, DNS forwarding and/or DHCP server, it is recommended
that the package be removed to reduce the potential attack surface.</rationale>
        <platform idref="#system_with_kernel"/>
        <ident system="https://ncp.nist.gov/cce">CCE-92602-2</ident>
        <fix xmlns:xhtml="http://www.w3.org/1999/xhtml" id="service_dnsmasq_disabled" system="urn:xccdf:fix:script:puppet" complexity="low" disruption="low" strategy="enable">include disable_dnsmasq

class disable_dnsmasq {
  service {'dnsmasq':
    enable =&gt; false,
    ensure =&gt; 'stopped',
  }
}
</fix>
        <fix xmlns:xhtml="http://www.w3.org/1999/xhtml" id="service_dnsmasq_disabled" system="urn:xccdf:fix:script:sh" complexity="low" disruption="low" strategy="disable"># Remediation is applicable only in certain platforms
if rpm --quiet -q kernel-default || rpm --quiet -q kernel-default-base; then

SYSTEMCTL_EXEC='/usr/bin/systemctl'
if [[ $("$SYSTEMCTL_EXEC" is-system-running) != "offline" ]]; then
  "$SYSTEMCTL_EXEC" stop 'dnsmasq.service'
fi
"$SYSTEMCTL_EXEC" disable 'dnsmasq.service'
"$SYSTEMCTL_EXEC" mask 'dnsmasq.service'
# Disable socket activation if we have a unit file for it
if "$SYSTEMCTL_EXEC" -q list-unit-files dnsmasq.socket; then
    if [[ $("$SYSTEMCTL_EXEC" is-system-running) != "offline" ]]; then
      "$SYSTEMCTL_EXEC" stop 'dnsmasq.socket'
    fi
    "$SYSTEMCTL_EXEC" mask 'dnsmasq.socket'
fi
# The service may not be running because it has been started and failed,
# so let's reset the state so OVAL checks pass.
# Service should be 'inactive', not 'failed' after reboot though.
"$SYSTEMCTL_EXEC" reset-failed 'dnsmasq.service' || true

else
    &gt;&amp;2 echo 'Remediation is not applicable, nothing was done'
fi
</fix>
        <fix xmlns:xhtml="http://www.w3.org/1999/xhtml" id="service_dnsmasq_disabled" system="urn:redhat:osbuild:blueprint">
[customizations.services]
masked = ["dnsmasq"]
</fix>
        <fix xmlns:xhtml="http://www.w3.org/1999/xhtml" id="service_dnsmasq_disabled" system="urn:xccdf:fix:script:ansible" complexity="low" disruption="low" strategy="disable">- name: Gather the package facts
  package_facts:
    manager: auto
  tags:
  - CCE-92602-2
  - disable_strategy
  - low_complexity
  - low_disruption
  - medium_severity
  - no_reboot_needed
  - service_dnsmasq_disabled

- name: Disable dnsmasq Service - Disable service dnsmasq
  block:

  - name: Disable dnsmasq Service - Collect systemd Services Present in the System
    ansible.builtin.command: systemctl -q list-unit-files --type service
    register: service_exists
    changed_when: false
    failed_when: service_exists.rc not in [0, 1]
    check_mode: false

  - name: Disable dnsmasq Service - Ensure dnsmasq.service is Masked
    ansible.builtin.systemd:
      name: dnsmasq.service
      state: stopped
      enabled: false
      masked: true
    when: service_exists.stdout_lines is search("dnsmasq.service", multiline=True)

  - name: Unit Socket Exists - dnsmasq.socket
    ansible.builtin.command: systemctl -q list-unit-files dnsmasq.socket
    register: socket_file_exists
    changed_when: false
    failed_when: socket_file_exists.rc not in [0, 1]
    check_mode: false

  - name: Disable dnsmasq Service - Disable Socket dnsmasq
    ansible.builtin.systemd:
      name: dnsmasq.socket
      enabled: false
      state: stopped
      masked: true
    when: socket_file_exists.stdout_lines is search("dnsmasq.socket", multiline=True)
  tags:
  - CCE-92602-2
  - disable_strategy
  - low_complexity
  - low_disruption
  - medium_severity
  - no_reboot_needed
  - service_dnsmasq_disabled
  - special_service_block
  when: ("kernel-default" in ansible_facts.packages or "kernel-default-base" in ansible_facts.packages)
</fix>
        <check system="http://open-scap.org/page/SCE">
          <check-import import-name="stdout">
              </check-import>
          <check-content-ref href="sle15/checks/sce/service_dnsmasq_disabled.sh"/>
        </check>
        <check system="http://oval.mitre.org/XMLSchema/oval-definitions-5">
          <check-content-ref name="oval:ssg-service_dnsmasq_disabled:def:1" href="ssg-sle15-oval.xml"/>
        </check>
      </Rule>
      <Group id="xccdf_org.ssgproject.content_group_disabling_dns_server">
        <title xmlns:xhtml="http://www.w3.org/1999/xhtml" xml:lang="en-US">Disable DNS Server</title>
        <description xmlns:xhtml="http://www.w3.org/1999/xhtml" xml:lang="en-US">DNS software should be disabled on any systems which does not
need to be a nameserver. Note that the BIND DNS server software is
not installed on SUSE Linux Enterprise 15 by default. The remainder of this section
discusses secure configuration of systems which must be
nameservers.</description>
        <Rule id="xccdf_org.ssgproject.content_rule_package_bind_removed" selected="false" role="full" severity="low">
          <title xmlns:xhtml="http://www.w3.org/1999/xhtml" xml:lang="en-US">Uninstall bind Package</title>
          <description xmlns:xhtml="http://www.w3.org/1999/xhtml" xml:lang="en-US">The <html:code xmlns:html="http://www.w3.org/1999/xhtml">named</html:code> service is provided by the <html:code xmlns:html="http://www.w3.org/1999/xhtml">bind</html:code> package.
The <html:code xmlns:html="http://www.w3.org/1999/xhtml">bind</html:code> package can be removed with the following command:
<html:pre xmlns:html="http://www.w3.org/1999/xhtml">
$ sudo zypper remove bind</html:pre>
       </description>
          <reference href="https://www.cisecurity.org/controls/">11</reference>
          <reference href="https://www.cisecurity.org/controls/">14</reference>
          <reference href="https://www.cisecurity.org/controls/">3</reference>
          <reference href="https://www.cisecurity.org/controls/">9</reference>
          <reference href="https://www.isaca.org/resources/cobit">BAI10.01</reference>
          <reference href="https://www.isaca.org/resources/cobit">BAI10.02</reference>
          <reference href="https://www.isaca.org/resources/cobit">BAI10.03</reference>
          <reference href="https://www.isaca.org/resources/cobit">BAI10.05</reference>
          <reference href="https://www.isaca.org/resources/cobit">DSS05.02</reference>
          <reference href="https://www.isaca.org/resources/cobit">DSS05.05</reference>
          <reference href="https://www.isaca.org/resources/cobit">DSS06.06</reference>
          <reference href="https://www.isa.org/products/isa-62443-2-1-2009-security-for-industrial-automat">4.3.3.5.1</reference>
          <reference href="https://www.isa.org/products/isa-62443-2-1-2009-security-for-industrial-automat">4.3.3.5.2</reference>
          <reference href="https://www.isa.org/products/isa-62443-2-1-2009-security-for-industrial-automat">4.3.3.5.3</reference>
          <reference href="https://www.isa.org/products/isa-62443-2-1-2009-security-for-industrial-automat">4.3.3.5.4</reference>
          <reference href="https://www.isa.org/products/isa-62443-2-1-2009-security-for-industrial-automat">4.3.3.5.5</reference>
          <reference href="https://www.isa.org/products/isa-62443-2-1-2009-security-for-industrial-automat">4.3.3.5.6</reference>
          <reference href="https://www.isa.org/products/isa-62443-2-1-2009-security-for-industrial-automat">4.3.3.5.7</reference>
          <reference href="https://www.isa.org/products/isa-62443-2-1-2009-security-for-industrial-automat">4.3.3.5.8</reference>
          <reference href="https://www.isa.org/products/isa-62443-2-1-2009-security-for-industrial-automat">4.3.3.6.1</reference>
          <reference href="https://www.isa.org/products/isa-62443-2-1-2009-security-for-industrial-automat">4.3.3.6.2</reference>
          <reference href="https://www.isa.org/products/isa-62443-2-1-2009-security-for-industrial-automat">4.3.3.6.3</reference>
          <reference href="https://www.isa.org/products/isa-62443-2-1-2009-security-for-industrial-automat">4.3.3.6.4</reference>
          <reference href="https://www.isa.org/products/isa-62443-2-1-2009-security-for-industrial-automat">4.3.3.6.5</reference>
          <reference href="https://www.isa.org/products/isa-62443-2-1-2009-security-for-industrial-automat">4.3.3.6.6</reference>
          <reference href="https://www.isa.org/products/isa-62443-2-1-2009-security-for-industrial-automat">4.3.3.6.7</reference>
          <reference href="https://www.isa.org/products/isa-62443-2-1-2009-security-for-industrial-automat">4.3.3.6.8</reference>
          <reference href="https://www.isa.org/products/isa-62443-2-1-2009-security-for-industrial-automat">4.3.3.6.9</reference>
          <reference href="https://www.isa.org/products/isa-62443-2-1-2009-security-for-industrial-automat">4.3.3.7.1</reference>
          <reference href="https://www.isa.org/products/isa-62443-2-1-2009-security-for-industrial-automat">4.3.3.7.2</reference>
          <reference href="https://www.isa.org/products/isa-62443-2-1-2009-security-for-industrial-automat">4.3.3.7.3</reference>
          <reference href="https://www.isa.org/products/isa-62443-2-1-2009-security-for-industrial-automat">4.3.3.7.4</reference>
          <reference href="https://www.isa.org/products/isa-62443-2-1-2009-security-for-industrial-automat">4.3.4.3.2</reference>
          <reference href="https://www.isa.org/products/isa-62443-2-1-2009-security-for-industrial-automat">4.3.4.3.3</reference>
          <reference href="https://www.isa.org/products/ansi-isa-62443-3-3-99-03-03-2013-security-for-indu">SR 1.1</reference>
          <reference href="https://www.isa.org/products/ansi-isa-62443-3-3-99-03-03-2013-security-for-indu">SR 1.10</reference>
          <reference href="https://www.isa.org/products/ansi-isa-62443-3-3-99-03-03-2013-security-for-indu">SR 1.11</reference>
          <reference href="https://www.isa.org/products/ansi-isa-62443-3-3-99-03-03-2013-security-for-indu">SR 1.12</reference>
          <reference href="https://www.isa.org/products/ansi-isa-62443-3-3-99-03-03-2013-security-for-indu">SR 1.13</reference>
          <reference href="https://www.isa.org/products/ansi-isa-62443-3-3-99-03-03-2013-security-for-indu">SR 1.2</reference>
          <reference href="https://www.isa.org/products/ansi-isa-62443-3-3-99-03-03-2013-security-for-indu">SR 1.3</reference>
          <reference href="https://www.isa.org/products/ansi-isa-62443-3-3-99-03-03-2013-security-for-indu">SR 1.4</reference>
          <reference href="https://www.isa.org/products/ansi-isa-62443-3-3-99-03-03-2013-security-for-indu">SR 1.5</reference>
          <reference href="https://www.isa.org/products/ansi-isa-62443-3-3-99-03-03-2013-security-for-indu">SR 1.6</reference>
          <reference href="https://www.isa.org/products/ansi-isa-62443-3-3-99-03-03-2013-security-for-indu">SR 1.7</reference>
          <reference href="https://www.isa.org/products/ansi-isa-62443-3-3-99-03-03-2013-security-for-indu">SR 1.8</reference>
          <reference href="https://www.isa.org/products/ansi-isa-62443-3-3-99-03-03-2013-security-for-indu">SR 1.9</reference>
          <reference href="https://www.isa.org/products/ansi-isa-62443-3-3-99-03-03-2013-security-for-indu">SR 2.1</reference>
          <reference href="https://www.isa.org/products/ansi-isa-62443-3-3-99-03-03-2013-security-for-indu">SR 2.2</reference>
          <reference href="https://www.isa.org/products/ansi-isa-62443-3-3-99-03-03-2013-security-for-indu">SR 2.3</reference>
          <reference href="https://www.isa.org/products/ansi-isa-62443-3-3-99-03-03-2013-security-for-indu">SR 2.4</reference>
          <reference href="https://www.isa.org/products/ansi-isa-62443-3-3-99-03-03-2013-security-for-indu">SR 2.5</reference>
          <reference href="https://www.isa.org/products/ansi-isa-62443-3-3-99-03-03-2013-security-for-indu">SR 2.6</reference>
          <reference href="https://www.isa.org/products/ansi-isa-62443-3-3-99-03-03-2013-security-for-indu">SR 2.7</reference>
          <reference href="https://www.isa.org/products/ansi-isa-62443-3-3-99-03-03-2013-security-for-indu">SR 7.6</reference>
          <reference href="https://www.iso.org/contents/data/standard/05/45/54534.html">A.12.1.2</reference>
          <reference href="https://www.iso.org/contents/data/standard/05/45/54534.html">A.12.5.1</reference>
          <reference href="https://www.iso.org/contents/data/standard/05/45/54534.html">A.12.6.2</reference>
          <reference href="https://www.iso.org/contents/data/standard/05/45/54534.html">A.14.2.2</reference>
          <reference href="https://www.iso.org/contents/data/standard/05/45/54534.html">A.14.2.3</reference>
          <reference href="https://www.iso.org/contents/data/standard/05/45/54534.html">A.14.2.4</reference>
          <reference href="https://www.iso.org/contents/data/standard/05/45/54534.html">A.9.1.2</reference>
          <reference href="http://nvlpubs.nist.gov/nistpubs/SpecialPublications/NIST.SP.800-53r4.pdf">CM-7(a)</reference>
          <reference href="http://nvlpubs.nist.gov/nistpubs/SpecialPublications/NIST.SP.800-53r4.pdf">CM-7(b)</reference>
          <reference href="http://nvlpubs.nist.gov/nistpubs/SpecialPublications/NIST.SP.800-53r4.pdf">CM-6(a)</reference>
          <reference href="https://nvlpubs.nist.gov/nistpubs/CSWP/NIST.CSWP.04162018.pdf">PR.IP-1</reference>
          <reference href="https://nvlpubs.nist.gov/nistpubs/CSWP/NIST.CSWP.04162018.pdf">PR.PT-3</reference>
          <reference href="https://www.cisecurity.org/benchmark/suse_linux/">2.2.9</reference>
          <reference href="not_publicly_available">SLES-15-300150060</reference>
          <rationale xmlns:xhtml="http://www.w3.org/1999/xhtml" xml:lang="en-US">If there is no need to make DNS server software available,
removing it provides a safeguard against its activation.</rationale>
          <ident system="https://ncp.nist.gov/cce">CCE-91285-7</ident>
          <fix xmlns:xhtml="http://www.w3.org/1999/xhtml" id="package_bind_removed" system="urn:xccdf:fix:script:puppet" complexity="low" disruption="low" strategy="disable">
include remove_bind

class remove_bind {
  package { 'bind':
    ensure =&gt; 'purged',
  }
}
</fix>
          <fix xmlns:xhtml="http://www.w3.org/1999/xhtml" id="package_bind_removed" system="urn:xccdf:fix:script:sh" complexity="low" disruption="low" strategy="disable">
# CAUTION: This remediation script will remove bind
# from the system, and may remove any packages
# that depend on bind. Execute this
# remediation AFTER testing on a non-production
# system!


zypper remove -y "bind"
</fix>
          <fix xmlns:xhtml="http://www.w3.org/1999/xhtml" id="package_bind_removed" system="urn:xccdf:fix:script:ansible" complexity="low" disruption="low" strategy="disable">- name: 'Uninstall bind Package: Ensure bind is removed'
  ansible.builtin.package:
    name: bind
    state: absent
  tags:
  - CCE-91285-7
  - NIST-800-53-CM-6(a)
  - NIST-800-53-CM-7(a)
  - NIST-800-53-CM-7(b)
  - disable_strategy
  - low_complexity
  - low_disruption
  - low_severity
  - no_reboot_needed
  - package_bind_removed
</fix>
          <check system="http://oval.mitre.org/XMLSchema/oval-definitions-5">
            <check-content-ref name="oval:ssg-package_bind_removed:def:1" href="ssg-sle15-oval.xml"/>
          </check>
          <check system="http://scap.nist.gov/schema/ocil/2">
            <check-content-ref name="ocil:ssg-package_bind_removed_ocil:questionnaire:1" href="ssg-sle15-ocil.xml"/>
          </check>
        </Rule>
        <Rule id="xccdf_org.ssgproject.content_rule_service_named_disabled" selected="false" role="full" severity="medium">
          <title xmlns:xhtml="http://www.w3.org/1999/xhtml" xml:lang="en-US">Disable named Service</title>
          <description xmlns:xhtml="http://www.w3.org/1999/xhtml" xml:lang="en-US">
The <html:code xmlns:html="http://www.w3.org/1999/xhtml">named</html:code> service can be disabled with the following command:
<html:pre xmlns:html="http://www.w3.org/1999/xhtml">$ sudo systemctl mask --now named.service</html:pre>
       </description>
          <reference href="https://www.cisecurity.org/controls/">11</reference>
          <reference href="https://www.cisecurity.org/controls/">14</reference>
          <reference href="https://www.cisecurity.org/controls/">3</reference>
          <reference href="https://www.cisecurity.org/controls/">9</reference>
          <reference href="https://www.isaca.org/resources/cobit">BAI10.01</reference>
          <reference href="https://www.isaca.org/resources/cobit">BAI10.02</reference>
          <reference href="https://www.isaca.org/resources/cobit">BAI10.03</reference>
          <reference href="https://www.isaca.org/resources/cobit">BAI10.05</reference>
          <reference href="https://www.isaca.org/resources/cobit">DSS05.02</reference>
          <reference href="https://www.isaca.org/resources/cobit">DSS05.05</reference>
          <reference href="https://www.isaca.org/resources/cobit">DSS06.06</reference>
          <reference href="https://www.isa.org/products/isa-62443-2-1-2009-security-for-industrial-automat">4.3.3.5.1</reference>
          <reference href="https://www.isa.org/products/isa-62443-2-1-2009-security-for-industrial-automat">4.3.3.5.2</reference>
          <reference href="https://www.isa.org/products/isa-62443-2-1-2009-security-for-industrial-automat">4.3.3.5.3</reference>
          <reference href="https://www.isa.org/products/isa-62443-2-1-2009-security-for-industrial-automat">4.3.3.5.4</reference>
          <reference href="https://www.isa.org/products/isa-62443-2-1-2009-security-for-industrial-automat">4.3.3.5.5</reference>
          <reference href="https://www.isa.org/products/isa-62443-2-1-2009-security-for-industrial-automat">4.3.3.5.6</reference>
          <reference href="https://www.isa.org/products/isa-62443-2-1-2009-security-for-industrial-automat">4.3.3.5.7</reference>
          <reference href="https://www.isa.org/products/isa-62443-2-1-2009-security-for-industrial-automat">4.3.3.5.8</reference>
          <reference href="https://www.isa.org/products/isa-62443-2-1-2009-security-for-industrial-automat">4.3.3.6.1</reference>
          <reference href="https://www.isa.org/products/isa-62443-2-1-2009-security-for-industrial-automat">4.3.3.6.2</reference>
          <reference href="https://www.isa.org/products/isa-62443-2-1-2009-security-for-industrial-automat">4.3.3.6.3</reference>
          <reference href="https://www.isa.org/products/isa-62443-2-1-2009-security-for-industrial-automat">4.3.3.6.4</reference>
          <reference href="https://www.isa.org/products/isa-62443-2-1-2009-security-for-industrial-automat">4.3.3.6.5</reference>
          <reference href="https://www.isa.org/products/isa-62443-2-1-2009-security-for-industrial-automat">4.3.3.6.6</reference>
          <reference href="https://www.isa.org/products/isa-62443-2-1-2009-security-for-industrial-automat">4.3.3.6.7</reference>
          <reference href="https://www.isa.org/products/isa-62443-2-1-2009-security-for-industrial-automat">4.3.3.6.8</reference>
          <reference href="https://www.isa.org/products/isa-62443-2-1-2009-security-for-industrial-automat">4.3.3.6.9</reference>
          <reference href="https://www.isa.org/products/isa-62443-2-1-2009-security-for-industrial-automat">4.3.3.7.1</reference>
          <reference href="https://www.isa.org/products/isa-62443-2-1-2009-security-for-industrial-automat">4.3.3.7.2</reference>
          <reference href="https://www.isa.org/products/isa-62443-2-1-2009-security-for-industrial-automat">4.3.3.7.3</reference>
          <reference href="https://www.isa.org/products/isa-62443-2-1-2009-security-for-industrial-automat">4.3.3.7.4</reference>
          <reference href="https://www.isa.org/products/isa-62443-2-1-2009-security-for-industrial-automat">4.3.4.3.2</reference>
          <reference href="https://www.isa.org/products/isa-62443-2-1-2009-security-for-industrial-automat">4.3.4.3.3</reference>
          <reference href="https://www.isa.org/products/ansi-isa-62443-3-3-99-03-03-2013-security-for-indu">SR 1.1</reference>
          <reference href="https://www.isa.org/products/ansi-isa-62443-3-3-99-03-03-2013-security-for-indu">SR 1.10</reference>
          <reference href="https://www.isa.org/products/ansi-isa-62443-3-3-99-03-03-2013-security-for-indu">SR 1.11</reference>
          <reference href="https://www.isa.org/products/ansi-isa-62443-3-3-99-03-03-2013-security-for-indu">SR 1.12</reference>
          <reference href="https://www.isa.org/products/ansi-isa-62443-3-3-99-03-03-2013-security-for-indu">SR 1.13</reference>
          <reference href="https://www.isa.org/products/ansi-isa-62443-3-3-99-03-03-2013-security-for-indu">SR 1.2</reference>
          <reference href="https://www.isa.org/products/ansi-isa-62443-3-3-99-03-03-2013-security-for-indu">SR 1.3</reference>
          <reference href="https://www.isa.org/products/ansi-isa-62443-3-3-99-03-03-2013-security-for-indu">SR 1.4</reference>
          <reference href="https://www.isa.org/products/ansi-isa-62443-3-3-99-03-03-2013-security-for-indu">SR 1.5</reference>
          <reference href="https://www.isa.org/products/ansi-isa-62443-3-3-99-03-03-2013-security-for-indu">SR 1.6</reference>
          <reference href="https://www.isa.org/products/ansi-isa-62443-3-3-99-03-03-2013-security-for-indu">SR 1.7</reference>
          <reference href="https://www.isa.org/products/ansi-isa-62443-3-3-99-03-03-2013-security-for-indu">SR 1.8</reference>
          <reference href="https://www.isa.org/products/ansi-isa-62443-3-3-99-03-03-2013-security-for-indu">SR 1.9</reference>
          <reference href="https://www.isa.org/products/ansi-isa-62443-3-3-99-03-03-2013-security-for-indu">SR 2.1</reference>
          <reference href="https://www.isa.org/products/ansi-isa-62443-3-3-99-03-03-2013-security-for-indu">SR 2.2</reference>
          <reference href="https://www.isa.org/products/ansi-isa-62443-3-3-99-03-03-2013-security-for-indu">SR 2.3</reference>
          <reference href="https://www.isa.org/products/ansi-isa-62443-3-3-99-03-03-2013-security-for-indu">SR 2.4</reference>
          <reference href="https://www.isa.org/products/ansi-isa-62443-3-3-99-03-03-2013-security-for-indu">SR 2.5</reference>
          <reference href="https://www.isa.org/products/ansi-isa-62443-3-3-99-03-03-2013-security-for-indu">SR 2.6</reference>
          <reference href="https://www.isa.org/products/ansi-isa-62443-3-3-99-03-03-2013-security-for-indu">SR 2.7</reference>
          <reference href="https://www.isa.org/products/ansi-isa-62443-3-3-99-03-03-2013-security-for-indu">SR 7.6</reference>
          <reference href="https://www.iso.org/contents/data/standard/05/45/54534.html">A.12.1.2</reference>
          <reference href="https://www.iso.org/contents/data/standard/05/45/54534.html">A.12.5.1</reference>
          <reference href="https://www.iso.org/contents/data/standard/05/45/54534.html">A.12.6.2</reference>
          <reference href="https://www.iso.org/contents/data/standard/05/45/54534.html">A.14.2.2</reference>
          <reference href="https://www.iso.org/contents/data/standard/05/45/54534.html">A.14.2.3</reference>
          <reference href="https://www.iso.org/contents/data/standard/05/45/54534.html">A.14.2.4</reference>
          <reference href="https://www.iso.org/contents/data/standard/05/45/54534.html">A.9.1.2</reference>
          <reference href="http://nvlpubs.nist.gov/nistpubs/SpecialPublications/NIST.SP.800-53r4.pdf">CM-7(a)</reference>
          <reference href="http://nvlpubs.nist.gov/nistpubs/SpecialPublications/NIST.SP.800-53r4.pdf">CM-7(b)</reference>
          <reference href="http://nvlpubs.nist.gov/nistpubs/SpecialPublications/NIST.SP.800-53r4.pdf">CM-6(a)</reference>
          <reference href="https://nvlpubs.nist.gov/nistpubs/CSWP/NIST.CSWP.04162018.pdf">PR.IP-1</reference>
          <reference href="https://nvlpubs.nist.gov/nistpubs/CSWP/NIST.CSWP.04162018.pdf">PR.PT-3</reference>
          <reference href="https://www.cisecurity.org/benchmark/suse_linux/">2.2.9</reference>
          <reference href="not_publicly_available">SLES-15-300150060</reference>
          <rationale xmlns:xhtml="http://www.w3.org/1999/xhtml" xml:lang="en-US">All network services involve some risk of compromise due to
implementation flaws and should be disabled if possible.</rationale>
          <platform idref="#system_with_kernel"/>
          <ident system="https://ncp.nist.gov/cce">CCE-91365-7</ident>
          <fix xmlns:xhtml="http://www.w3.org/1999/xhtml" id="service_named_disabled" system="urn:xccdf:fix:script:puppet" complexity="low" disruption="low" strategy="enable">include disable_named

class disable_named {
  service {'named':
    enable =&gt; false,
    ensure =&gt; 'stopped',
  }
}
</fix>
          <fix xmlns:xhtml="http://www.w3.org/1999/xhtml" id="service_named_disabled" system="urn:xccdf:fix:script:sh" complexity="low" disruption="low" strategy="disable"># Remediation is applicable only in certain platforms
if rpm --quiet -q kernel-default || rpm --quiet -q kernel-default-base; then

SYSTEMCTL_EXEC='/usr/bin/systemctl'
if [[ $("$SYSTEMCTL_EXEC" is-system-running) != "offline" ]]; then
  "$SYSTEMCTL_EXEC" stop 'named.service'
fi
"$SYSTEMCTL_EXEC" disable 'named.service'
"$SYSTEMCTL_EXEC" mask 'named.service'
# Disable socket activation if we have a unit file for it
if "$SYSTEMCTL_EXEC" -q list-unit-files named.socket; then
    if [[ $("$SYSTEMCTL_EXEC" is-system-running) != "offline" ]]; then
      "$SYSTEMCTL_EXEC" stop 'named.socket'
    fi
    "$SYSTEMCTL_EXEC" mask 'named.socket'
fi
# The service may not be running because it has been started and failed,
# so let's reset the state so OVAL checks pass.
# Service should be 'inactive', not 'failed' after reboot though.
"$SYSTEMCTL_EXEC" reset-failed 'named.service' || true

else
    &gt;&amp;2 echo 'Remediation is not applicable, nothing was done'
fi
</fix>
          <fix xmlns:xhtml="http://www.w3.org/1999/xhtml" id="service_named_disabled" system="urn:redhat:osbuild:blueprint">
[customizations.services]
masked = ["named"]
</fix>
          <fix xmlns:xhtml="http://www.w3.org/1999/xhtml" id="service_named_disabled" system="urn:xccdf:fix:script:ansible" complexity="low" disruption="low" strategy="disable">- name: Gather the package facts
  package_facts:
    manager: auto
  tags:
  - CCE-91365-7
  - NIST-800-53-CM-6(a)
  - NIST-800-53-CM-7(a)
  - NIST-800-53-CM-7(b)
  - disable_strategy
  - low_complexity
  - low_disruption
  - medium_severity
  - no_reboot_needed
  - service_named_disabled

- name: Disable named Service - Disable service named
  block:

  - name: Disable named Service - Collect systemd Services Present in the System
    ansible.builtin.command: systemctl -q list-unit-files --type service
    register: service_exists
    changed_when: false
    failed_when: service_exists.rc not in [0, 1]
    check_mode: false

  - name: Disable named Service - Ensure named.service is Masked
    ansible.builtin.systemd:
      name: named.service
      state: stopped
      enabled: false
      masked: true
    when: service_exists.stdout_lines is search("named.service", multiline=True)

  - name: Unit Socket Exists - named.socket
    ansible.builtin.command: systemctl -q list-unit-files named.socket
    register: socket_file_exists
    changed_when: false
    failed_when: socket_file_exists.rc not in [0, 1]
    check_mode: false

  - name: Disable named Service - Disable Socket named
    ansible.builtin.systemd:
      name: named.socket
      enabled: false
      state: stopped
      masked: true
    when: socket_file_exists.stdout_lines is search("named.socket", multiline=True)
  tags:
  - CCE-91365-7
  - NIST-800-53-CM-6(a)
  - NIST-800-53-CM-7(a)
  - NIST-800-53-CM-7(b)
  - disable_strategy
  - low_complexity
  - low_disruption
  - medium_severity
  - no_reboot_needed
  - service_named_disabled
  - special_service_block
  when: ("kernel-default" in ansible_facts.packages or "kernel-default-base" in ansible_facts.packages)
</fix>
          <check system="http://open-scap.org/page/SCE">
            <check-import import-name="stdout">
                </check-import>
            <check-content-ref href="sle15/checks/sce/service_named_disabled.sh"/>
          </check>
          <check system="http://oval.mitre.org/XMLSchema/oval-definitions-5">
            <check-content-ref name="oval:ssg-service_named_disabled:def:1" href="ssg-sle15-oval.xml"/>
          </check>
          <check system="http://scap.nist.gov/schema/ocil/2">
            <check-content-ref name="ocil:ssg-service_named_disabled_ocil:questionnaire:1" href="ssg-sle15-ocil.xml"/>
          </check>
        </Rule>
      </Group>
    </Group>
    <Group id="xccdf_org.ssgproject.content_group_fapolicyd">
      <title xmlns:xhtml="http://www.w3.org/1999/xhtml" xml:lang="en-US">Application Whitelisting Daemon</title>
      <description xmlns:xhtml="http://www.w3.org/1999/xhtml" xml:lang="en-US">Fapolicyd (File Access Policy Daemon) implements application whitelisting
to decide file access rights. Applications that are known via a reputation
source are allowed access while unknown applications are not. The daemon
makes use of the kernel's <html:code xmlns:html="http://www.w3.org/1999/xhtml">fanotify</html:code> interface to determine file access rights.</description>
      <platform idref="#system_with_kernel"/>
      <Rule id="xccdf_org.ssgproject.content_rule_fapolicyd_prevent_home_folder_access" selected="false" role="full" severity="medium">
        <title xmlns:xhtml="http://www.w3.org/1999/xhtml" xml:lang="en-US">fapolicyd Must be Configured to Limit Access to Users Home Folders</title>
        <description xmlns:xhtml="http://www.w3.org/1999/xhtml" xml:lang="en-US">fapolicyd needs be configured so that users cannot give access to their home folders to other users.</description>
        <warning xmlns:xhtml="http://www.w3.org/1999/xhtml" xml:lang="en-US" category="general">This rule is deprecated and there is no replacement at this time.
Previous versions of this rule provided fixtext that would cause fapolicyd not to start.</warning>
        <reference href="http://nvlpubs.nist.gov/nistpubs/SpecialPublications/NIST.SP.800-53r4.pdf">CM-6 b</reference>
        <reference href="https://www.cyber.mil/stigs/downloads/?_dl_facet_stigs=operating-systems%2Cgeneral-purpose-os">SRG-OS-000480-GPOS-00230</reference>
        <rationale xmlns:xhtml="http://www.w3.org/1999/xhtml" xml:lang="en-US">Users' home directories/folders may contain information of a sensitive nature.
Non-privileged users should coordinate any sharing of information with a System Administrator (SA) through shared resources.
fapolicyd can confine users to their home directory, not allowing them to make any changes outside of their own home directories.
Confining users to their home directory will minimize the risk of sharing information.</rationale>
      </Rule>
    </Group>
    <Group id="xccdf_org.ssgproject.content_group_ftp">
      <title xmlns:xhtml="http://www.w3.org/1999/xhtml" xml:lang="en-US">FTP Server</title>
      <description xmlns:xhtml="http://www.w3.org/1999/xhtml" xml:lang="en-US">FTP is a common method for allowing remote access to
files. Like telnet, the FTP protocol is unencrypted, which means
that passwords and other data transmitted during the session can be
captured and that the session is vulnerable to hijacking.
Therefore, running the FTP server software is not recommended.
<html:br xmlns:html="http://www.w3.org/1999/xhtml"/>
      <html:br xmlns:html="http://www.w3.org/1999/xhtml"/>
However, there are some FTP server configurations which may
be appropriate for some environments, particularly those which
allow only read-only anonymous access as a means of downloading
data available to the public.</description>
      <Rule id="xccdf_org.ssgproject.content_rule_package_ftp_removed" selected="false" role="full" severity="low">
        <title xmlns:xhtml="http://www.w3.org/1999/xhtml" xml:lang="en-US">Remove ftp Package</title>
        <description xmlns:xhtml="http://www.w3.org/1999/xhtml" xml:lang="en-US">FTP (File Transfer Protocol) is a traditional and widely used standard tool for
transferring files between a server and clients over a network, especially where no
authentication is necessary (permits anonymous users to connect to a server).
<html:br xmlns:html="http://www.w3.org/1999/xhtml"/>
The <html:code xmlns:html="http://www.w3.org/1999/xhtml">ftp</html:code> package can be removed with the following command:
<html:pre xmlns:html="http://www.w3.org/1999/xhtml">
$ sudo zypper remove ftp</html:pre>
      </description>
        <reference href="not_publicly_available">SLES-15-300300015</reference>
        <reference href="https://docs-prv.pcisecuritystandards.org/PCI%20DSS/Standard/PCI-DSS-v4_0.pdf">2.2.4</reference>
        <reference href="https://docs-prv.pcisecuritystandards.org/PCI%20DSS/Standard/PCI-DSS-v4_0.pdf">2.2</reference>
        <rationale xmlns:xhtml="http://www.w3.org/1999/xhtml" xml:lang="en-US">FTP does not protect the confidentiality of data or authentication credentials. It
is recommended SFTP be used if file transfer is required. Unless there is a need
to run the system as a FTP server (for example, to allow anonymous downloads), it is
recommended that the package be removed to reduce the potential attack surface.</rationale>
        <ident system="https://ncp.nist.gov/cce">CCE-92597-4</ident>
        <fix xmlns:xhtml="http://www.w3.org/1999/xhtml" id="package_ftp_removed" system="urn:xccdf:fix:script:puppet" complexity="low" disruption="low" strategy="disable">
include remove_ftp

class remove_ftp {
  package { 'ftp':
    ensure =&gt; 'purged',
  }
}
</fix>
        <fix xmlns:xhtml="http://www.w3.org/1999/xhtml" id="package_ftp_removed" system="urn:xccdf:fix:script:sh" complexity="low" disruption="low" strategy="disable">
# CAUTION: This remediation script will remove ftp
# from the system, and may remove any packages
# that depend on ftp. Execute this
# remediation AFTER testing on a non-production
# system!


zypper remove -y "ftp"
</fix>
        <fix xmlns:xhtml="http://www.w3.org/1999/xhtml" id="package_ftp_removed" system="urn:xccdf:fix:script:ansible" complexity="low" disruption="low" strategy="disable">- name: 'Remove ftp Package: Ensure ftp is removed'
  ansible.builtin.package:
    name: ftp
    state: absent
  tags:
  - CCE-92597-4
  - PCI-DSSv4-2.2
  - PCI-DSSv4-2.2.4
  - disable_strategy
  - low_complexity
  - low_disruption
  - low_severity
  - no_reboot_needed
  - package_ftp_removed
</fix>
        <check system="http://oval.mitre.org/XMLSchema/oval-definitions-5">
          <check-content-ref name="oval:ssg-package_ftp_removed:def:1" href="ssg-sle15-oval.xml"/>
        </check>
        <check system="http://scap.nist.gov/schema/ocil/2">
          <check-content-ref name="ocil:ssg-package_ftp_removed_ocil:questionnaire:1" href="ssg-sle15-ocil.xml"/>
        </check>
      </Rule>
      <Group id="xccdf_org.ssgproject.content_group_disabling_vsftpd">
        <title xmlns:xhtml="http://www.w3.org/1999/xhtml" xml:lang="en-US">Disable vsftpd if Possible</title>
        <description xmlns:xhtml="http://www.w3.org/1999/xhtml" xml:lang="en-US">To minimize attack surface, disable vsftpd if at all
possible.</description>
        <Rule id="xccdf_org.ssgproject.content_rule_package_vsftpd_removed" selected="false" role="full" severity="high">
          <title xmlns:xhtml="http://www.w3.org/1999/xhtml" xml:lang="en-US">Uninstall vsftpd Package</title>
          <description xmlns:xhtml="http://www.w3.org/1999/xhtml" xml:lang="en-US">The <html:code xmlns:html="http://www.w3.org/1999/xhtml">vsftpd</html:code> package can be removed with the following command: <html:pre xmlns:html="http://www.w3.org/1999/xhtml"> $ sudo zypper remove vsftpd</html:pre>
       </description>
          <reference href="https://www.cisecurity.org/controls/">11</reference>
          <reference href="https://www.cisecurity.org/controls/">14</reference>
          <reference href="https://www.cisecurity.org/controls/">3</reference>
          <reference href="https://www.cisecurity.org/controls/">9</reference>
          <reference href="https://www.isaca.org/resources/cobit">BAI10.01</reference>
          <reference href="https://www.isaca.org/resources/cobit">BAI10.02</reference>
          <reference href="https://www.isaca.org/resources/cobit">BAI10.03</reference>
          <reference href="https://www.isaca.org/resources/cobit">BAI10.05</reference>
          <reference href="https://www.isaca.org/resources/cobit">DSS05.02</reference>
          <reference href="https://www.isaca.org/resources/cobit">DSS05.05</reference>
          <reference href="https://www.isaca.org/resources/cobit">DSS06.06</reference>
          <reference href="https://www.isa.org/products/isa-62443-2-1-2009-security-for-industrial-automat">4.3.3.5.1</reference>
          <reference href="https://www.isa.org/products/isa-62443-2-1-2009-security-for-industrial-automat">4.3.3.5.2</reference>
          <reference href="https://www.isa.org/products/isa-62443-2-1-2009-security-for-industrial-automat">4.3.3.5.3</reference>
          <reference href="https://www.isa.org/products/isa-62443-2-1-2009-security-for-industrial-automat">4.3.3.5.4</reference>
          <reference href="https://www.isa.org/products/isa-62443-2-1-2009-security-for-industrial-automat">4.3.3.5.5</reference>
          <reference href="https://www.isa.org/products/isa-62443-2-1-2009-security-for-industrial-automat">4.3.3.5.6</reference>
          <reference href="https://www.isa.org/products/isa-62443-2-1-2009-security-for-industrial-automat">4.3.3.5.7</reference>
          <reference href="https://www.isa.org/products/isa-62443-2-1-2009-security-for-industrial-automat">4.3.3.5.8</reference>
          <reference href="https://www.isa.org/products/isa-62443-2-1-2009-security-for-industrial-automat">4.3.3.6.1</reference>
          <reference href="https://www.isa.org/products/isa-62443-2-1-2009-security-for-industrial-automat">4.3.3.6.2</reference>
          <reference href="https://www.isa.org/products/isa-62443-2-1-2009-security-for-industrial-automat">4.3.3.6.3</reference>
          <reference href="https://www.isa.org/products/isa-62443-2-1-2009-security-for-industrial-automat">4.3.3.6.4</reference>
          <reference href="https://www.isa.org/products/isa-62443-2-1-2009-security-for-industrial-automat">4.3.3.6.5</reference>
          <reference href="https://www.isa.org/products/isa-62443-2-1-2009-security-for-industrial-automat">4.3.3.6.6</reference>
          <reference href="https://www.isa.org/products/isa-62443-2-1-2009-security-for-industrial-automat">4.3.3.6.7</reference>
          <reference href="https://www.isa.org/products/isa-62443-2-1-2009-security-for-industrial-automat">4.3.3.6.8</reference>
          <reference href="https://www.isa.org/products/isa-62443-2-1-2009-security-for-industrial-automat">4.3.3.6.9</reference>
          <reference href="https://www.isa.org/products/isa-62443-2-1-2009-security-for-industrial-automat">4.3.3.7.1</reference>
          <reference href="https://www.isa.org/products/isa-62443-2-1-2009-security-for-industrial-automat">4.3.3.7.2</reference>
          <reference href="https://www.isa.org/products/isa-62443-2-1-2009-security-for-industrial-automat">4.3.3.7.3</reference>
          <reference href="https://www.isa.org/products/isa-62443-2-1-2009-security-for-industrial-automat">4.3.3.7.4</reference>
          <reference href="https://www.isa.org/products/isa-62443-2-1-2009-security-for-industrial-automat">4.3.4.3.2</reference>
          <reference href="https://www.isa.org/products/isa-62443-2-1-2009-security-for-industrial-automat">4.3.4.3.3</reference>
          <reference href="https://www.isa.org/products/ansi-isa-62443-3-3-99-03-03-2013-security-for-indu">SR 1.1</reference>
          <reference href="https://www.isa.org/products/ansi-isa-62443-3-3-99-03-03-2013-security-for-indu">SR 1.10</reference>
          <reference href="https://www.isa.org/products/ansi-isa-62443-3-3-99-03-03-2013-security-for-indu">SR 1.11</reference>
          <reference href="https://www.isa.org/products/ansi-isa-62443-3-3-99-03-03-2013-security-for-indu">SR 1.12</reference>
          <reference href="https://www.isa.org/products/ansi-isa-62443-3-3-99-03-03-2013-security-for-indu">SR 1.13</reference>
          <reference href="https://www.isa.org/products/ansi-isa-62443-3-3-99-03-03-2013-security-for-indu">SR 1.2</reference>
          <reference href="https://www.isa.org/products/ansi-isa-62443-3-3-99-03-03-2013-security-for-indu">SR 1.3</reference>
          <reference href="https://www.isa.org/products/ansi-isa-62443-3-3-99-03-03-2013-security-for-indu">SR 1.4</reference>
          <reference href="https://www.isa.org/products/ansi-isa-62443-3-3-99-03-03-2013-security-for-indu">SR 1.5</reference>
          <reference href="https://www.isa.org/products/ansi-isa-62443-3-3-99-03-03-2013-security-for-indu">SR 1.6</reference>
          <reference href="https://www.isa.org/products/ansi-isa-62443-3-3-99-03-03-2013-security-for-indu">SR 1.7</reference>
          <reference href="https://www.isa.org/products/ansi-isa-62443-3-3-99-03-03-2013-security-for-indu">SR 1.8</reference>
          <reference href="https://www.isa.org/products/ansi-isa-62443-3-3-99-03-03-2013-security-for-indu">SR 1.9</reference>
          <reference href="https://www.isa.org/products/ansi-isa-62443-3-3-99-03-03-2013-security-for-indu">SR 2.1</reference>
          <reference href="https://www.isa.org/products/ansi-isa-62443-3-3-99-03-03-2013-security-for-indu">SR 2.2</reference>
          <reference href="https://www.isa.org/products/ansi-isa-62443-3-3-99-03-03-2013-security-for-indu">SR 2.3</reference>
          <reference href="https://www.isa.org/products/ansi-isa-62443-3-3-99-03-03-2013-security-for-indu">SR 2.4</reference>
          <reference href="https://www.isa.org/products/ansi-isa-62443-3-3-99-03-03-2013-security-for-indu">SR 2.5</reference>
          <reference href="https://www.isa.org/products/ansi-isa-62443-3-3-99-03-03-2013-security-for-indu">SR 2.6</reference>
          <reference href="https://www.isa.org/products/ansi-isa-62443-3-3-99-03-03-2013-security-for-indu">SR 2.7</reference>
          <reference href="https://www.isa.org/products/ansi-isa-62443-3-3-99-03-03-2013-security-for-indu">SR 7.6</reference>
          <reference href="https://www.iso.org/contents/data/standard/05/45/54534.html">A.12.1.2</reference>
          <reference href="https://www.iso.org/contents/data/standard/05/45/54534.html">A.12.5.1</reference>
          <reference href="https://www.iso.org/contents/data/standard/05/45/54534.html">A.12.6.2</reference>
          <reference href="https://www.iso.org/contents/data/standard/05/45/54534.html">A.14.2.2</reference>
          <reference href="https://www.iso.org/contents/data/standard/05/45/54534.html">A.14.2.3</reference>
          <reference href="https://www.iso.org/contents/data/standard/05/45/54534.html">A.14.2.4</reference>
          <reference href="https://www.iso.org/contents/data/standard/05/45/54534.html">A.9.1.2</reference>
          <reference href="http://nvlpubs.nist.gov/nistpubs/SpecialPublications/NIST.SP.800-53r4.pdf">CM-7(a)</reference>
          <reference href="http://nvlpubs.nist.gov/nistpubs/SpecialPublications/NIST.SP.800-53r4.pdf">CM-7(b)</reference>
          <reference href="http://nvlpubs.nist.gov/nistpubs/SpecialPublications/NIST.SP.800-53r4.pdf">CM-6(a)</reference>
          <reference href="http://nvlpubs.nist.gov/nistpubs/SpecialPublications/NIST.SP.800-53r4.pdf">IA-5(1)(c)</reference>
          <reference href="http://nvlpubs.nist.gov/nistpubs/SpecialPublications/NIST.SP.800-53r4.pdf">IA-5(1).1(v)</reference>
          <reference href="http://nvlpubs.nist.gov/nistpubs/SpecialPublications/NIST.SP.800-53r4.pdf">CM-7</reference>
          <reference href="http://nvlpubs.nist.gov/nistpubs/SpecialPublications/NIST.SP.800-53r4.pdf">CM-7.1(ii)</reference>
          <reference href="https://nvlpubs.nist.gov/nistpubs/CSWP/NIST.CSWP.04162018.pdf">PR.IP-1</reference>
          <reference href="https://nvlpubs.nist.gov/nistpubs/CSWP/NIST.CSWP.04162018.pdf">PR.PT-3</reference>
          <reference href="https://www.cyber.mil/stigs/downloads/?_dl_facet_stigs=operating-systems%2Cgeneral-purpose-os">SRG-OS-000074-GPOS-00042</reference>
          <reference href="https://www.cyber.mil/stigs/downloads/?_dl_facet_stigs=operating-systems%2Cgeneral-purpose-os">SRG-OS-000095-GPOS-00049</reference>
          <reference href="https://www.cyber.mil/stigs/downloads/?_dl_facet_stigs=operating-systems%2Cgeneral-purpose-os">SRG-OS-000480-GPOS-00227</reference>
          <reference href="https://www.cyber.mil/stigs/downloads/?_dl_facet_stigs=operating-systems%2Cunix-linux">SLES-15-010030</reference>
          <reference href="https://www.cisecurity.org/benchmark/suse_linux/">2.2.10</reference>
          <reference href="not_publicly_available">SLES-15-300150120</reference>
          <reference href="https://www.cyber.mil/stigs/srg-stig-tools/">SV-234804r987796_rule</reference>
          <rationale xmlns:xhtml="http://www.w3.org/1999/xhtml" xml:lang="en-US">Removing the <html:code xmlns:html="http://www.w3.org/1999/xhtml">vsftpd</html:code> package decreases the risk of its
accidental activation.</rationale>
          <ident system="https://ncp.nist.gov/cce">CCE-85700-3</ident>
          <fix xmlns:xhtml="http://www.w3.org/1999/xhtml" id="package_vsftpd_removed" system="urn:xccdf:fix:script:puppet" complexity="low" disruption="low" strategy="disable">
include remove_vsftpd

class remove_vsftpd {
  package { 'vsftpd':
    ensure =&gt; 'purged',
  }
}
</fix>
          <fix xmlns:xhtml="http://www.w3.org/1999/xhtml" id="package_vsftpd_removed" system="urn:xccdf:fix:script:sh" complexity="low" disruption="low" strategy="disable">
# CAUTION: This remediation script will remove vsftpd
# from the system, and may remove any packages
# that depend on vsftpd. Execute this
# remediation AFTER testing on a non-production
# system!


zypper remove -y "vsftpd"
</fix>
          <fix xmlns:xhtml="http://www.w3.org/1999/xhtml" id="package_vsftpd_removed" system="urn:xccdf:fix:script:ansible" complexity="low" disruption="low" strategy="disable">- name: 'Uninstall vsftpd Package: Ensure vsftpd is removed'
  ansible.builtin.package:
    name: vsftpd
    state: absent
  tags:
  - CCE-85700-3
  - DISA-STIG-SLES-15-010030
  - NIST-800-53-CM-6(a)
  - NIST-800-53-CM-7
  - NIST-800-53-CM-7(a)
  - NIST-800-53-CM-7(b)
  - NIST-800-53-CM-7.1(ii)
  - NIST-800-53-IA-5(1)(c)
  - NIST-800-53-IA-5(1).1(v)
  - disable_strategy
  - high_severity
  - low_complexity
  - low_disruption
  - no_reboot_needed
  - package_vsftpd_removed
</fix>
          <check system="http://oval.mitre.org/XMLSchema/oval-definitions-5">
            <check-content-ref name="oval:ssg-package_vsftpd_removed:def:1" href="ssg-sle15-oval.xml"/>
          </check>
          <check system="http://scap.nist.gov/schema/ocil/2">
            <check-content-ref name="ocil:ssg-package_vsftpd_removed_ocil:questionnaire:1" href="ssg-sle15-ocil.xml"/>
          </check>
        </Rule>
        <Rule id="xccdf_org.ssgproject.content_rule_service_vsftpd_disabled" selected="false" role="full" severity="medium">
          <title xmlns:xhtml="http://www.w3.org/1999/xhtml" xml:lang="en-US">Disable vsftpd Service</title>
          <description xmlns:xhtml="http://www.w3.org/1999/xhtml" xml:lang="en-US">
The <html:code xmlns:html="http://www.w3.org/1999/xhtml">vsftpd</html:code> service can be disabled with the following command:
<html:pre xmlns:html="http://www.w3.org/1999/xhtml">$ sudo systemctl mask --now vsftpd.service</html:pre>
       </description>
          <reference href="https://www.cisecurity.org/controls/">11</reference>
          <reference href="https://www.cisecurity.org/controls/">14</reference>
          <reference href="https://www.cisecurity.org/controls/">3</reference>
          <reference href="https://www.cisecurity.org/controls/">9</reference>
          <reference href="https://www.isaca.org/resources/cobit">BAI10.01</reference>
          <reference href="https://www.isaca.org/resources/cobit">BAI10.02</reference>
          <reference href="https://www.isaca.org/resources/cobit">BAI10.03</reference>
          <reference href="https://www.isaca.org/resources/cobit">BAI10.05</reference>
          <reference href="https://www.isaca.org/resources/cobit">DSS05.02</reference>
          <reference href="https://www.isaca.org/resources/cobit">DSS05.05</reference>
          <reference href="https://www.isaca.org/resources/cobit">DSS06.06</reference>
          <reference href="https://www.isa.org/products/isa-62443-2-1-2009-security-for-industrial-automat">4.3.3.5.1</reference>
          <reference href="https://www.isa.org/products/isa-62443-2-1-2009-security-for-industrial-automat">4.3.3.5.2</reference>
          <reference href="https://www.isa.org/products/isa-62443-2-1-2009-security-for-industrial-automat">4.3.3.5.3</reference>
          <reference href="https://www.isa.org/products/isa-62443-2-1-2009-security-for-industrial-automat">4.3.3.5.4</reference>
          <reference href="https://www.isa.org/products/isa-62443-2-1-2009-security-for-industrial-automat">4.3.3.5.5</reference>
          <reference href="https://www.isa.org/products/isa-62443-2-1-2009-security-for-industrial-automat">4.3.3.5.6</reference>
          <reference href="https://www.isa.org/products/isa-62443-2-1-2009-security-for-industrial-automat">4.3.3.5.7</reference>
          <reference href="https://www.isa.org/products/isa-62443-2-1-2009-security-for-industrial-automat">4.3.3.5.8</reference>
          <reference href="https://www.isa.org/products/isa-62443-2-1-2009-security-for-industrial-automat">4.3.3.6.1</reference>
          <reference href="https://www.isa.org/products/isa-62443-2-1-2009-security-for-industrial-automat">4.3.3.6.2</reference>
          <reference href="https://www.isa.org/products/isa-62443-2-1-2009-security-for-industrial-automat">4.3.3.6.3</reference>
          <reference href="https://www.isa.org/products/isa-62443-2-1-2009-security-for-industrial-automat">4.3.3.6.4</reference>
          <reference href="https://www.isa.org/products/isa-62443-2-1-2009-security-for-industrial-automat">4.3.3.6.5</reference>
          <reference href="https://www.isa.org/products/isa-62443-2-1-2009-security-for-industrial-automat">4.3.3.6.6</reference>
          <reference href="https://www.isa.org/products/isa-62443-2-1-2009-security-for-industrial-automat">4.3.3.6.7</reference>
          <reference href="https://www.isa.org/products/isa-62443-2-1-2009-security-for-industrial-automat">4.3.3.6.8</reference>
          <reference href="https://www.isa.org/products/isa-62443-2-1-2009-security-for-industrial-automat">4.3.3.6.9</reference>
          <reference href="https://www.isa.org/products/isa-62443-2-1-2009-security-for-industrial-automat">4.3.3.7.1</reference>
          <reference href="https://www.isa.org/products/isa-62443-2-1-2009-security-for-industrial-automat">4.3.3.7.2</reference>
          <reference href="https://www.isa.org/products/isa-62443-2-1-2009-security-for-industrial-automat">4.3.3.7.3</reference>
          <reference href="https://www.isa.org/products/isa-62443-2-1-2009-security-for-industrial-automat">4.3.3.7.4</reference>
          <reference href="https://www.isa.org/products/isa-62443-2-1-2009-security-for-industrial-automat">4.3.4.3.2</reference>
          <reference href="https://www.isa.org/products/isa-62443-2-1-2009-security-for-industrial-automat">4.3.4.3.3</reference>
          <reference href="https://www.isa.org/products/ansi-isa-62443-3-3-99-03-03-2013-security-for-indu">SR 1.1</reference>
          <reference href="https://www.isa.org/products/ansi-isa-62443-3-3-99-03-03-2013-security-for-indu">SR 1.10</reference>
          <reference href="https://www.isa.org/products/ansi-isa-62443-3-3-99-03-03-2013-security-for-indu">SR 1.11</reference>
          <reference href="https://www.isa.org/products/ansi-isa-62443-3-3-99-03-03-2013-security-for-indu">SR 1.12</reference>
          <reference href="https://www.isa.org/products/ansi-isa-62443-3-3-99-03-03-2013-security-for-indu">SR 1.13</reference>
          <reference href="https://www.isa.org/products/ansi-isa-62443-3-3-99-03-03-2013-security-for-indu">SR 1.2</reference>
          <reference href="https://www.isa.org/products/ansi-isa-62443-3-3-99-03-03-2013-security-for-indu">SR 1.3</reference>
          <reference href="https://www.isa.org/products/ansi-isa-62443-3-3-99-03-03-2013-security-for-indu">SR 1.4</reference>
          <reference href="https://www.isa.org/products/ansi-isa-62443-3-3-99-03-03-2013-security-for-indu">SR 1.5</reference>
          <reference href="https://www.isa.org/products/ansi-isa-62443-3-3-99-03-03-2013-security-for-indu">SR 1.6</reference>
          <reference href="https://www.isa.org/products/ansi-isa-62443-3-3-99-03-03-2013-security-for-indu">SR 1.7</reference>
          <reference href="https://www.isa.org/products/ansi-isa-62443-3-3-99-03-03-2013-security-for-indu">SR 1.8</reference>
          <reference href="https://www.isa.org/products/ansi-isa-62443-3-3-99-03-03-2013-security-for-indu">SR 1.9</reference>
          <reference href="https://www.isa.org/products/ansi-isa-62443-3-3-99-03-03-2013-security-for-indu">SR 2.1</reference>
          <reference href="https://www.isa.org/products/ansi-isa-62443-3-3-99-03-03-2013-security-for-indu">SR 2.2</reference>
          <reference href="https://www.isa.org/products/ansi-isa-62443-3-3-99-03-03-2013-security-for-indu">SR 2.3</reference>
          <reference href="https://www.isa.org/products/ansi-isa-62443-3-3-99-03-03-2013-security-for-indu">SR 2.4</reference>
          <reference href="https://www.isa.org/products/ansi-isa-62443-3-3-99-03-03-2013-security-for-indu">SR 2.5</reference>
          <reference href="https://www.isa.org/products/ansi-isa-62443-3-3-99-03-03-2013-security-for-indu">SR 2.6</reference>
          <reference href="https://www.isa.org/products/ansi-isa-62443-3-3-99-03-03-2013-security-for-indu">SR 2.7</reference>
          <reference href="https://www.isa.org/products/ansi-isa-62443-3-3-99-03-03-2013-security-for-indu">SR 7.6</reference>
          <reference href="https://www.iso.org/contents/data/standard/05/45/54534.html">A.12.1.2</reference>
          <reference href="https://www.iso.org/contents/data/standard/05/45/54534.html">A.12.5.1</reference>
          <reference href="https://www.iso.org/contents/data/standard/05/45/54534.html">A.12.6.2</reference>
          <reference href="https://www.iso.org/contents/data/standard/05/45/54534.html">A.14.2.2</reference>
          <reference href="https://www.iso.org/contents/data/standard/05/45/54534.html">A.14.2.3</reference>
          <reference href="https://www.iso.org/contents/data/standard/05/45/54534.html">A.14.2.4</reference>
          <reference href="https://www.iso.org/contents/data/standard/05/45/54534.html">A.9.1.2</reference>
          <reference href="http://nvlpubs.nist.gov/nistpubs/SpecialPublications/NIST.SP.800-53r4.pdf">CM-7(a)</reference>
          <reference href="http://nvlpubs.nist.gov/nistpubs/SpecialPublications/NIST.SP.800-53r4.pdf">CM-7(b)</reference>
          <reference href="http://nvlpubs.nist.gov/nistpubs/SpecialPublications/NIST.SP.800-53r4.pdf">CM-6(a)</reference>
          <reference href="https://nvlpubs.nist.gov/nistpubs/CSWP/NIST.CSWP.04162018.pdf">PR.IP-1</reference>
          <reference href="https://nvlpubs.nist.gov/nistpubs/CSWP/NIST.CSWP.04162018.pdf">PR.PT-3</reference>
          <reference href="https://www.cisecurity.org/benchmark/suse_linux/">2.2.10</reference>
          <reference href="not_publicly_available">SLES-15-300150120</reference>
          <rationale xmlns:xhtml="http://www.w3.org/1999/xhtml" xml:lang="en-US">Running FTP server software provides a network-based avenue
of attack, and should be disabled if not needed.
Furthermore, the FTP protocol is unencrypted and creates
a risk of compromising sensitive information.</rationale>
          <platform idref="#system_with_kernel"/>
          <ident system="https://ncp.nist.gov/cce">CCE-91366-5</ident>
          <fix xmlns:xhtml="http://www.w3.org/1999/xhtml" id="service_vsftpd_disabled" system="urn:xccdf:fix:script:puppet" complexity="low" disruption="low" strategy="enable">include disable_vsftpd

class disable_vsftpd {
  service {'vsftpd':
    enable =&gt; false,
    ensure =&gt; 'stopped',
  }
}
</fix>
          <fix xmlns:xhtml="http://www.w3.org/1999/xhtml" id="service_vsftpd_disabled" system="urn:xccdf:fix:script:sh" complexity="low" disruption="low" strategy="disable"># Remediation is applicable only in certain platforms
if rpm --quiet -q kernel-default || rpm --quiet -q kernel-default-base; then

SYSTEMCTL_EXEC='/usr/bin/systemctl'
if [[ $("$SYSTEMCTL_EXEC" is-system-running) != "offline" ]]; then
  "$SYSTEMCTL_EXEC" stop 'vsftpd.service'
fi
"$SYSTEMCTL_EXEC" disable 'vsftpd.service'
"$SYSTEMCTL_EXEC" mask 'vsftpd.service'
# Disable socket activation if we have a unit file for it
if "$SYSTEMCTL_EXEC" -q list-unit-files vsftpd.socket; then
    if [[ $("$SYSTEMCTL_EXEC" is-system-running) != "offline" ]]; then
      "$SYSTEMCTL_EXEC" stop 'vsftpd.socket'
    fi
    "$SYSTEMCTL_EXEC" mask 'vsftpd.socket'
fi
# The service may not be running because it has been started and failed,
# so let's reset the state so OVAL checks pass.
# Service should be 'inactive', not 'failed' after reboot though.
"$SYSTEMCTL_EXEC" reset-failed 'vsftpd.service' || true

else
    &gt;&amp;2 echo 'Remediation is not applicable, nothing was done'
fi
</fix>
          <fix xmlns:xhtml="http://www.w3.org/1999/xhtml" id="service_vsftpd_disabled" system="urn:redhat:osbuild:blueprint">
[customizations.services]
masked = ["vsftpd"]
</fix>
          <fix xmlns:xhtml="http://www.w3.org/1999/xhtml" id="service_vsftpd_disabled" system="urn:xccdf:fix:script:ansible" complexity="low" disruption="low" strategy="disable">- name: Gather the package facts
  package_facts:
    manager: auto
  tags:
  - CCE-91366-5
  - NIST-800-53-CM-6(a)
  - NIST-800-53-CM-7(a)
  - NIST-800-53-CM-7(b)
  - disable_strategy
  - low_complexity
  - low_disruption
  - medium_severity
  - no_reboot_needed
  - service_vsftpd_disabled

- name: Disable vsftpd Service - Disable service vsftpd
  block:

  - name: Disable vsftpd Service - Collect systemd Services Present in the System
    ansible.builtin.command: systemctl -q list-unit-files --type service
    register: service_exists
    changed_when: false
    failed_when: service_exists.rc not in [0, 1]
    check_mode: false

  - name: Disable vsftpd Service - Ensure vsftpd.service is Masked
    ansible.builtin.systemd:
      name: vsftpd.service
      state: stopped
      enabled: false
      masked: true
    when: service_exists.stdout_lines is search("vsftpd.service", multiline=True)

  - name: Unit Socket Exists - vsftpd.socket
    ansible.builtin.command: systemctl -q list-unit-files vsftpd.socket
    register: socket_file_exists
    changed_when: false
    failed_when: socket_file_exists.rc not in [0, 1]
    check_mode: false

  - name: Disable vsftpd Service - Disable Socket vsftpd
    ansible.builtin.systemd:
      name: vsftpd.socket
      enabled: false
      state: stopped
      masked: true
    when: socket_file_exists.stdout_lines is search("vsftpd.socket", multiline=True)
  tags:
  - CCE-91366-5
  - NIST-800-53-CM-6(a)
  - NIST-800-53-CM-7(a)
  - NIST-800-53-CM-7(b)
  - disable_strategy
  - low_complexity
  - low_disruption
  - medium_severity
  - no_reboot_needed
  - service_vsftpd_disabled
  - special_service_block
  when: ("kernel-default" in ansible_facts.packages or "kernel-default-base" in ansible_facts.packages)
</fix>
          <check system="http://open-scap.org/page/SCE">
            <check-import import-name="stdout">
                </check-import>
            <check-content-ref href="sle15/checks/sce/service_vsftpd_disabled.sh"/>
          </check>
          <check system="http://oval.mitre.org/XMLSchema/oval-definitions-5">
            <check-content-ref name="oval:ssg-service_vsftpd_disabled:def:1" href="ssg-sle15-oval.xml"/>
          </check>
          <check system="http://scap.nist.gov/schema/ocil/2">
            <check-content-ref name="ocil:ssg-service_vsftpd_disabled_ocil:questionnaire:1" href="ssg-sle15-ocil.xml"/>
          </check>
        </Rule>
      </Group>
      <Group id="xccdf_org.ssgproject.content_group_ftp_configure_vsftpd">
        <title xmlns:xhtml="http://www.w3.org/1999/xhtml" xml:lang="en-US">Configure vsftpd to Provide FTP Service if Necessary</title>
        <description xmlns:xhtml="http://www.w3.org/1999/xhtml" xml:lang="en-US">The primary vsftpd configuration file is
<html:code xmlns:html="http://www.w3.org/1999/xhtml">/etc/vsftpd.conf</html:code>, if that file exists, or
<html:code xmlns:html="http://www.w3.org/1999/xhtml">/etc/vsftpd/vsftpd.conf</html:code> if it does not.</description>
        <Rule id="xccdf_org.ssgproject.content_rule_ftp_configure_firewall" selected="false" role="full" severity="unknown">
          <title xmlns:xhtml="http://www.w3.org/1999/xhtml" xml:lang="en-US">Configure Firewalls to Protect the FTP Server</title>
          <description xmlns:xhtml="http://www.w3.org/1999/xhtml" xml:lang="en-US">By default, <html:code xmlns:html="http://www.w3.org/1999/xhtml">iptables</html:code>
blocks access to the ports used by the web server.

To configure <html:code xmlns:html="http://www.w3.org/1999/xhtml">iptables</html:code> to allow port 21 traffic, one must edit
<html:code xmlns:html="http://www.w3.org/1999/xhtml">/etc/sysconfig/iptables</html:code> and
<html:code xmlns:html="http://www.w3.org/1999/xhtml">/etc/sysconfig/ip6tables</html:code> (if IPv6 is in use).
Add the following line, ensuring that it appears before the final LOG and DROP lines for the INPUT chain:
<html:pre xmlns:html="http://www.w3.org/1999/xhtml">-A INPUT -m state --state NEW -p tcp --dport 21 -j ACCEPT</html:pre>
Edit the file <html:code xmlns:html="http://www.w3.org/1999/xhtml">/etc/sysconfig/iptables-config</html:code>. Ensure that the space-separated list of modules contains
the FTP connection tracking module:
<html:pre xmlns:html="http://www.w3.org/1999/xhtml">IPTABLES_MODULES="ip_conntrack_ftp"</html:pre>
       </description>
          <rationale xmlns:xhtml="http://www.w3.org/1999/xhtml" xml:lang="en-US">These settings configure the firewall to allow connections to an FTP server.</rationale>
        </Rule>
        <Group id="xccdf_org.ssgproject.content_group_ftp_restrict_users">
          <title xmlns:xhtml="http://www.w3.org/1999/xhtml" xml:lang="en-US">Restrict the Set of Users Allowed to Access FTP</title>
          <description xmlns:xhtml="http://www.w3.org/1999/xhtml" xml:lang="en-US">This section describes how to disable non-anonymous (password-based) FTP logins, or, if it is not possible to
do this entirely due to legacy applications, how to restrict insecure FTP login to only those users who have an
identified need for this access.</description>
          <Rule id="xccdf_org.ssgproject.content_rule_ftp_limit_users" selected="false" role="full" severity="unknown">
            <title xmlns:xhtml="http://www.w3.org/1999/xhtml" xml:lang="en-US">Limit Users Allowed FTP Access if Necessary</title>
            <description xmlns:xhtml="http://www.w3.org/1999/xhtml" xml:lang="en-US">If there is a mission-critical reason for users to access their accounts via the insecure FTP protocol, limit the set of users who are allowed this access. Edit the vsftpd configuration file. Add or correct the following configuration options:
<html:pre xmlns:html="http://www.w3.org/1999/xhtml">userlist_enable=YES
userlist_file=/etc/vsftp.ftpusers
userlist_deny=NO</html:pre>
Edit the file <html:code xmlns:html="http://www.w3.org/1999/xhtml">/etc/vsftp.ftpusers</html:code>. For each user USERNAME who should be allowed to access the system via FTP, add a line containing that user's name:
<html:pre xmlns:html="http://www.w3.org/1999/xhtml">USERNAME</html:pre>
If anonymous access is also required, add the anonymous usernames to <html:code xmlns:html="http://www.w3.org/1999/xhtml">/etc/vsftp.ftpusers</html:code> as well.
<html:pre xmlns:html="http://www.w3.org/1999/xhtml">anonymous
ftp</html:pre>
        </description>
            <rationale xmlns:xhtml="http://www.w3.org/1999/xhtml" xml:lang="en-US">Historically, the file <html:code xmlns:html="http://www.w3.org/1999/xhtml">/etc/ftpusers</html:code> contained a list of users who were not allowed to access the system via FTP. It was used to prevent system users such as the root user from logging in via the insecure FTP protocol. However, when the configuration option <html:code xmlns:html="http://www.w3.org/1999/xhtml">userlist deny=NO</html:code> is set, vsftpd interprets ftpusers as the set of users who are allowed to login via FTP. Since it should be possible for most users to access their accounts via secure protocols, it is recommended that this setting be used, so that non-anonymous FTP access can be limited to legacy users who have been explicitly identified.</rationale>
          </Rule>
        </Group>
      </Group>
    </Group>
    <Group id="xccdf_org.ssgproject.content_group_http">
      <title xmlns:xhtml="http://www.w3.org/1999/xhtml" xml:lang="en-US">Web Server</title>
      <description xmlns:xhtml="http://www.w3.org/1999/xhtml" xml:lang="en-US">The web server is responsible for providing access to
content via the HTTP protocol. Web servers represent a significant
security risk because:
<html:br xmlns:html="http://www.w3.org/1999/xhtml"/>
      <html:br xmlns:html="http://www.w3.org/1999/xhtml"/>
      <html:ul xmlns:html="http://www.w3.org/1999/xhtml"><html:li>The HTTP port is commonly probed by malicious sources</html:li><html:li>Web server software is very complex, and includes a long
history of vulnerabilities</html:li><html:li>The HTTP protocol is unencrypted and vulnerable to passive
monitoring</html:li></html:ul>
      <html:br xmlns:html="http://www.w3.org/1999/xhtml"/>
      <html:br xmlns:html="http://www.w3.org/1999/xhtml"/>
The system's default web server software is Apache 2 and is
provided in the RPM package <html:code xmlns:html="http://www.w3.org/1999/xhtml">httpd</html:code>.</description>
      <Group id="xccdf_org.ssgproject.content_group_disabling_httpd">
        <title xmlns:xhtml="http://www.w3.org/1999/xhtml" xml:lang="en-US">Disable Apache if Possible</title>
        <description xmlns:xhtml="http://www.w3.org/1999/xhtml" xml:lang="en-US">If Apache was installed and activated, but the system
does not need to act as a web server, then it should be disabled
and removed from the system.</description>
        <Rule id="xccdf_org.ssgproject.content_rule_package_httpd_removed" selected="false" role="full" severity="unknown">
          <title xmlns:xhtml="http://www.w3.org/1999/xhtml" xml:lang="en-US">Uninstall httpd Package</title>
          <description xmlns:xhtml="http://www.w3.org/1999/xhtml" xml:lang="en-US">The <html:code xmlns:html="http://www.w3.org/1999/xhtml">httpd</html:code> package can be removed with the following command:
<html:pre xmlns:html="http://www.w3.org/1999/xhtml">
$ sudo zypper remove httpd</html:pre>
       </description>
          <reference href="https://www.cisecurity.org/controls/">11</reference>
          <reference href="https://www.cisecurity.org/controls/">14</reference>
          <reference href="https://www.cisecurity.org/controls/">3</reference>
          <reference href="https://www.cisecurity.org/controls/">9</reference>
          <reference href="https://www.isaca.org/resources/cobit">BAI10.01</reference>
          <reference href="https://www.isaca.org/resources/cobit">BAI10.02</reference>
          <reference href="https://www.isaca.org/resources/cobit">BAI10.03</reference>
          <reference href="https://www.isaca.org/resources/cobit">BAI10.05</reference>
          <reference href="https://www.isaca.org/resources/cobit">DSS05.02</reference>
          <reference href="https://www.isaca.org/resources/cobit">DSS05.05</reference>
          <reference href="https://www.isaca.org/resources/cobit">DSS06.06</reference>
          <reference href="https://www.isa.org/products/isa-62443-2-1-2009-security-for-industrial-automat">4.3.3.5.1</reference>
          <reference href="https://www.isa.org/products/isa-62443-2-1-2009-security-for-industrial-automat">4.3.3.5.2</reference>
          <reference href="https://www.isa.org/products/isa-62443-2-1-2009-security-for-industrial-automat">4.3.3.5.3</reference>
          <reference href="https://www.isa.org/products/isa-62443-2-1-2009-security-for-industrial-automat">4.3.3.5.4</reference>
          <reference href="https://www.isa.org/products/isa-62443-2-1-2009-security-for-industrial-automat">4.3.3.5.5</reference>
          <reference href="https://www.isa.org/products/isa-62443-2-1-2009-security-for-industrial-automat">4.3.3.5.6</reference>
          <reference href="https://www.isa.org/products/isa-62443-2-1-2009-security-for-industrial-automat">4.3.3.5.7</reference>
          <reference href="https://www.isa.org/products/isa-62443-2-1-2009-security-for-industrial-automat">4.3.3.5.8</reference>
          <reference href="https://www.isa.org/products/isa-62443-2-1-2009-security-for-industrial-automat">4.3.3.6.1</reference>
          <reference href="https://www.isa.org/products/isa-62443-2-1-2009-security-for-industrial-automat">4.3.3.6.2</reference>
          <reference href="https://www.isa.org/products/isa-62443-2-1-2009-security-for-industrial-automat">4.3.3.6.3</reference>
          <reference href="https://www.isa.org/products/isa-62443-2-1-2009-security-for-industrial-automat">4.3.3.6.4</reference>
          <reference href="https://www.isa.org/products/isa-62443-2-1-2009-security-for-industrial-automat">4.3.3.6.5</reference>
          <reference href="https://www.isa.org/products/isa-62443-2-1-2009-security-for-industrial-automat">4.3.3.6.6</reference>
          <reference href="https://www.isa.org/products/isa-62443-2-1-2009-security-for-industrial-automat">4.3.3.6.7</reference>
          <reference href="https://www.isa.org/products/isa-62443-2-1-2009-security-for-industrial-automat">4.3.3.6.8</reference>
          <reference href="https://www.isa.org/products/isa-62443-2-1-2009-security-for-industrial-automat">4.3.3.6.9</reference>
          <reference href="https://www.isa.org/products/isa-62443-2-1-2009-security-for-industrial-automat">4.3.3.7.1</reference>
          <reference href="https://www.isa.org/products/isa-62443-2-1-2009-security-for-industrial-automat">4.3.3.7.2</reference>
          <reference href="https://www.isa.org/products/isa-62443-2-1-2009-security-for-industrial-automat">4.3.3.7.3</reference>
          <reference href="https://www.isa.org/products/isa-62443-2-1-2009-security-for-industrial-automat">4.3.3.7.4</reference>
          <reference href="https://www.isa.org/products/isa-62443-2-1-2009-security-for-industrial-automat">4.3.4.3.2</reference>
          <reference href="https://www.isa.org/products/isa-62443-2-1-2009-security-for-industrial-automat">4.3.4.3.3</reference>
          <reference href="https://www.isa.org/products/ansi-isa-62443-3-3-99-03-03-2013-security-for-indu">SR 1.1</reference>
          <reference href="https://www.isa.org/products/ansi-isa-62443-3-3-99-03-03-2013-security-for-indu">SR 1.10</reference>
          <reference href="https://www.isa.org/products/ansi-isa-62443-3-3-99-03-03-2013-security-for-indu">SR 1.11</reference>
          <reference href="https://www.isa.org/products/ansi-isa-62443-3-3-99-03-03-2013-security-for-indu">SR 1.12</reference>
          <reference href="https://www.isa.org/products/ansi-isa-62443-3-3-99-03-03-2013-security-for-indu">SR 1.13</reference>
          <reference href="https://www.isa.org/products/ansi-isa-62443-3-3-99-03-03-2013-security-for-indu">SR 1.2</reference>
          <reference href="https://www.isa.org/products/ansi-isa-62443-3-3-99-03-03-2013-security-for-indu">SR 1.3</reference>
          <reference href="https://www.isa.org/products/ansi-isa-62443-3-3-99-03-03-2013-security-for-indu">SR 1.4</reference>
          <reference href="https://www.isa.org/products/ansi-isa-62443-3-3-99-03-03-2013-security-for-indu">SR 1.5</reference>
          <reference href="https://www.isa.org/products/ansi-isa-62443-3-3-99-03-03-2013-security-for-indu">SR 1.6</reference>
          <reference href="https://www.isa.org/products/ansi-isa-62443-3-3-99-03-03-2013-security-for-indu">SR 1.7</reference>
          <reference href="https://www.isa.org/products/ansi-isa-62443-3-3-99-03-03-2013-security-for-indu">SR 1.8</reference>
          <reference href="https://www.isa.org/products/ansi-isa-62443-3-3-99-03-03-2013-security-for-indu">SR 1.9</reference>
          <reference href="https://www.isa.org/products/ansi-isa-62443-3-3-99-03-03-2013-security-for-indu">SR 2.1</reference>
          <reference href="https://www.isa.org/products/ansi-isa-62443-3-3-99-03-03-2013-security-for-indu">SR 2.2</reference>
          <reference href="https://www.isa.org/products/ansi-isa-62443-3-3-99-03-03-2013-security-for-indu">SR 2.3</reference>
          <reference href="https://www.isa.org/products/ansi-isa-62443-3-3-99-03-03-2013-security-for-indu">SR 2.4</reference>
          <reference href="https://www.isa.org/products/ansi-isa-62443-3-3-99-03-03-2013-security-for-indu">SR 2.5</reference>
          <reference href="https://www.isa.org/products/ansi-isa-62443-3-3-99-03-03-2013-security-for-indu">SR 2.6</reference>
          <reference href="https://www.isa.org/products/ansi-isa-62443-3-3-99-03-03-2013-security-for-indu">SR 2.7</reference>
          <reference href="https://www.isa.org/products/ansi-isa-62443-3-3-99-03-03-2013-security-for-indu">SR 7.6</reference>
          <reference href="https://www.iso.org/contents/data/standard/05/45/54534.html">A.12.1.2</reference>
          <reference href="https://www.iso.org/contents/data/standard/05/45/54534.html">A.12.5.1</reference>
          <reference href="https://www.iso.org/contents/data/standard/05/45/54534.html">A.12.6.2</reference>
          <reference href="https://www.iso.org/contents/data/standard/05/45/54534.html">A.14.2.2</reference>
          <reference href="https://www.iso.org/contents/data/standard/05/45/54534.html">A.14.2.3</reference>
          <reference href="https://www.iso.org/contents/data/standard/05/45/54534.html">A.14.2.4</reference>
          <reference href="https://www.iso.org/contents/data/standard/05/45/54534.html">A.9.1.2</reference>
          <reference href="http://nvlpubs.nist.gov/nistpubs/SpecialPublications/NIST.SP.800-53r4.pdf">CM-7(a)</reference>
          <reference href="http://nvlpubs.nist.gov/nistpubs/SpecialPublications/NIST.SP.800-53r4.pdf">CM-7(b)</reference>
          <reference href="http://nvlpubs.nist.gov/nistpubs/SpecialPublications/NIST.SP.800-53r4.pdf">CM-6(a)</reference>
          <reference href="https://nvlpubs.nist.gov/nistpubs/CSWP/NIST.CSWP.04162018.pdf">PR.IP-1</reference>
          <reference href="https://nvlpubs.nist.gov/nistpubs/CSWP/NIST.CSWP.04162018.pdf">PR.PT-3</reference>
          <reference href="https://www.cisecurity.org/benchmark/suse_linux/">2.2.11</reference>
          <reference href="not_publicly_available">SLES-15-300150285</reference>
          <rationale xmlns:xhtml="http://www.w3.org/1999/xhtml" xml:lang="en-US">If there is no need to make the web server software available,
removing it provides a safeguard against its activation.</rationale>
          <ident system="https://ncp.nist.gov/cce">CCE-91286-5</ident>
          <fix xmlns:xhtml="http://www.w3.org/1999/xhtml" id="package_httpd_removed" system="urn:xccdf:fix:script:puppet" complexity="low" disruption="low" strategy="disable">
include remove_httpd

class remove_httpd {
  package { 'httpd':
    ensure =&gt; 'purged',
  }
}
</fix>
          <fix xmlns:xhtml="http://www.w3.org/1999/xhtml" id="package_httpd_removed" system="urn:xccdf:fix:script:sh" complexity="low" disruption="low" strategy="disable">
# CAUTION: This remediation script will remove httpd
# from the system, and may remove any packages
# that depend on httpd. Execute this
# remediation AFTER testing on a non-production
# system!


zypper remove -y "httpd"
</fix>
          <fix xmlns:xhtml="http://www.w3.org/1999/xhtml" id="package_httpd_removed" system="urn:xccdf:fix:script:ansible" complexity="low" disruption="low" strategy="disable">- name: 'Uninstall httpd Package: Ensure httpd is removed'
  ansible.builtin.package:
    name: httpd
    state: absent
  tags:
  - CCE-91286-5
  - NIST-800-53-CM-6(a)
  - NIST-800-53-CM-7(a)
  - NIST-800-53-CM-7(b)
  - disable_strategy
  - low_complexity
  - low_disruption
  - no_reboot_needed
  - package_httpd_removed
  - unknown_severity
</fix>
          <check system="http://oval.mitre.org/XMLSchema/oval-definitions-5">
            <check-content-ref name="oval:ssg-package_httpd_removed:def:1" href="ssg-sle15-oval.xml"/>
          </check>
          <check system="http://scap.nist.gov/schema/ocil/2">
            <check-content-ref name="ocil:ssg-package_httpd_removed_ocil:questionnaire:1" href="ssg-sle15-ocil.xml"/>
          </check>
        </Rule>
        <Rule id="xccdf_org.ssgproject.content_rule_service_httpd_disabled" selected="false" role="full" severity="unknown">
          <title xmlns:xhtml="http://www.w3.org/1999/xhtml" xml:lang="en-US">Disable httpd Service</title>
          <description xmlns:xhtml="http://www.w3.org/1999/xhtml" xml:lang="en-US">
The <html:code xmlns:html="http://www.w3.org/1999/xhtml">httpd</html:code> service can be disabled with the following command:
<html:pre xmlns:html="http://www.w3.org/1999/xhtml">$ sudo systemctl mask --now httpd.service</html:pre>
       </description>
          <reference href="https://www.cisecurity.org/controls/">11</reference>
          <reference href="https://www.cisecurity.org/controls/">14</reference>
          <reference href="https://www.cisecurity.org/controls/">3</reference>
          <reference href="https://www.cisecurity.org/controls/">9</reference>
          <reference href="https://www.isaca.org/resources/cobit">BAI10.01</reference>
          <reference href="https://www.isaca.org/resources/cobit">BAI10.02</reference>
          <reference href="https://www.isaca.org/resources/cobit">BAI10.03</reference>
          <reference href="https://www.isaca.org/resources/cobit">BAI10.05</reference>
          <reference href="https://www.isaca.org/resources/cobit">DSS05.02</reference>
          <reference href="https://www.isaca.org/resources/cobit">DSS05.05</reference>
          <reference href="https://www.isaca.org/resources/cobit">DSS06.06</reference>
          <reference href="https://www.isa.org/products/isa-62443-2-1-2009-security-for-industrial-automat">4.3.3.5.1</reference>
          <reference href="https://www.isa.org/products/isa-62443-2-1-2009-security-for-industrial-automat">4.3.3.5.2</reference>
          <reference href="https://www.isa.org/products/isa-62443-2-1-2009-security-for-industrial-automat">4.3.3.5.3</reference>
          <reference href="https://www.isa.org/products/isa-62443-2-1-2009-security-for-industrial-automat">4.3.3.5.4</reference>
          <reference href="https://www.isa.org/products/isa-62443-2-1-2009-security-for-industrial-automat">4.3.3.5.5</reference>
          <reference href="https://www.isa.org/products/isa-62443-2-1-2009-security-for-industrial-automat">4.3.3.5.6</reference>
          <reference href="https://www.isa.org/products/isa-62443-2-1-2009-security-for-industrial-automat">4.3.3.5.7</reference>
          <reference href="https://www.isa.org/products/isa-62443-2-1-2009-security-for-industrial-automat">4.3.3.5.8</reference>
          <reference href="https://www.isa.org/products/isa-62443-2-1-2009-security-for-industrial-automat">4.3.3.6.1</reference>
          <reference href="https://www.isa.org/products/isa-62443-2-1-2009-security-for-industrial-automat">4.3.3.6.2</reference>
          <reference href="https://www.isa.org/products/isa-62443-2-1-2009-security-for-industrial-automat">4.3.3.6.3</reference>
          <reference href="https://www.isa.org/products/isa-62443-2-1-2009-security-for-industrial-automat">4.3.3.6.4</reference>
          <reference href="https://www.isa.org/products/isa-62443-2-1-2009-security-for-industrial-automat">4.3.3.6.5</reference>
          <reference href="https://www.isa.org/products/isa-62443-2-1-2009-security-for-industrial-automat">4.3.3.6.6</reference>
          <reference href="https://www.isa.org/products/isa-62443-2-1-2009-security-for-industrial-automat">4.3.3.6.7</reference>
          <reference href="https://www.isa.org/products/isa-62443-2-1-2009-security-for-industrial-automat">4.3.3.6.8</reference>
          <reference href="https://www.isa.org/products/isa-62443-2-1-2009-security-for-industrial-automat">4.3.3.6.9</reference>
          <reference href="https://www.isa.org/products/isa-62443-2-1-2009-security-for-industrial-automat">4.3.3.7.1</reference>
          <reference href="https://www.isa.org/products/isa-62443-2-1-2009-security-for-industrial-automat">4.3.3.7.2</reference>
          <reference href="https://www.isa.org/products/isa-62443-2-1-2009-security-for-industrial-automat">4.3.3.7.3</reference>
          <reference href="https://www.isa.org/products/isa-62443-2-1-2009-security-for-industrial-automat">4.3.3.7.4</reference>
          <reference href="https://www.isa.org/products/isa-62443-2-1-2009-security-for-industrial-automat">4.3.4.3.2</reference>
          <reference href="https://www.isa.org/products/isa-62443-2-1-2009-security-for-industrial-automat">4.3.4.3.3</reference>
          <reference href="https://www.isa.org/products/ansi-isa-62443-3-3-99-03-03-2013-security-for-indu">SR 1.1</reference>
          <reference href="https://www.isa.org/products/ansi-isa-62443-3-3-99-03-03-2013-security-for-indu">SR 1.10</reference>
          <reference href="https://www.isa.org/products/ansi-isa-62443-3-3-99-03-03-2013-security-for-indu">SR 1.11</reference>
          <reference href="https://www.isa.org/products/ansi-isa-62443-3-3-99-03-03-2013-security-for-indu">SR 1.12</reference>
          <reference href="https://www.isa.org/products/ansi-isa-62443-3-3-99-03-03-2013-security-for-indu">SR 1.13</reference>
          <reference href="https://www.isa.org/products/ansi-isa-62443-3-3-99-03-03-2013-security-for-indu">SR 1.2</reference>
          <reference href="https://www.isa.org/products/ansi-isa-62443-3-3-99-03-03-2013-security-for-indu">SR 1.3</reference>
          <reference href="https://www.isa.org/products/ansi-isa-62443-3-3-99-03-03-2013-security-for-indu">SR 1.4</reference>
          <reference href="https://www.isa.org/products/ansi-isa-62443-3-3-99-03-03-2013-security-for-indu">SR 1.5</reference>
          <reference href="https://www.isa.org/products/ansi-isa-62443-3-3-99-03-03-2013-security-for-indu">SR 1.6</reference>
          <reference href="https://www.isa.org/products/ansi-isa-62443-3-3-99-03-03-2013-security-for-indu">SR 1.7</reference>
          <reference href="https://www.isa.org/products/ansi-isa-62443-3-3-99-03-03-2013-security-for-indu">SR 1.8</reference>
          <reference href="https://www.isa.org/products/ansi-isa-62443-3-3-99-03-03-2013-security-for-indu">SR 1.9</reference>
          <reference href="https://www.isa.org/products/ansi-isa-62443-3-3-99-03-03-2013-security-for-indu">SR 2.1</reference>
          <reference href="https://www.isa.org/products/ansi-isa-62443-3-3-99-03-03-2013-security-for-indu">SR 2.2</reference>
          <reference href="https://www.isa.org/products/ansi-isa-62443-3-3-99-03-03-2013-security-for-indu">SR 2.3</reference>
          <reference href="https://www.isa.org/products/ansi-isa-62443-3-3-99-03-03-2013-security-for-indu">SR 2.4</reference>
          <reference href="https://www.isa.org/products/ansi-isa-62443-3-3-99-03-03-2013-security-for-indu">SR 2.5</reference>
          <reference href="https://www.isa.org/products/ansi-isa-62443-3-3-99-03-03-2013-security-for-indu">SR 2.6</reference>
          <reference href="https://www.isa.org/products/ansi-isa-62443-3-3-99-03-03-2013-security-for-indu">SR 2.7</reference>
          <reference href="https://www.isa.org/products/ansi-isa-62443-3-3-99-03-03-2013-security-for-indu">SR 7.6</reference>
          <reference href="https://www.iso.org/contents/data/standard/05/45/54534.html">A.12.1.2</reference>
          <reference href="https://www.iso.org/contents/data/standard/05/45/54534.html">A.12.5.1</reference>
          <reference href="https://www.iso.org/contents/data/standard/05/45/54534.html">A.12.6.2</reference>
          <reference href="https://www.iso.org/contents/data/standard/05/45/54534.html">A.14.2.2</reference>
          <reference href="https://www.iso.org/contents/data/standard/05/45/54534.html">A.14.2.3</reference>
          <reference href="https://www.iso.org/contents/data/standard/05/45/54534.html">A.14.2.4</reference>
          <reference href="https://www.iso.org/contents/data/standard/05/45/54534.html">A.9.1.2</reference>
          <reference href="http://nvlpubs.nist.gov/nistpubs/SpecialPublications/NIST.SP.800-53r4.pdf">CM-7(a)</reference>
          <reference href="http://nvlpubs.nist.gov/nistpubs/SpecialPublications/NIST.SP.800-53r4.pdf">CM-7(b)</reference>
          <reference href="http://nvlpubs.nist.gov/nistpubs/SpecialPublications/NIST.SP.800-53r4.pdf">CM-6(a)</reference>
          <reference href="https://nvlpubs.nist.gov/nistpubs/CSWP/NIST.CSWP.04162018.pdf">PR.IP-1</reference>
          <reference href="https://nvlpubs.nist.gov/nistpubs/CSWP/NIST.CSWP.04162018.pdf">PR.PT-3</reference>
          <reference href="https://www.cisecurity.org/benchmark/suse_linux/">2.2.11</reference>
          <reference href="not_publicly_available">SLES-15-300150285</reference>
          <rationale xmlns:xhtml="http://www.w3.org/1999/xhtml" xml:lang="en-US">Running web server software provides a network-based avenue
of attack, and should be disabled if not needed.</rationale>
          <platform idref="#system_with_kernel"/>
          <ident system="https://ncp.nist.gov/cce">CCE-91367-3</ident>
          <fix xmlns:xhtml="http://www.w3.org/1999/xhtml" id="service_httpd_disabled" system="urn:xccdf:fix:script:puppet" complexity="low" disruption="low" strategy="enable">include disable_httpd

class disable_httpd {
  service {'httpd':
    enable =&gt; false,
    ensure =&gt; 'stopped',
  }
}
</fix>
          <fix xmlns:xhtml="http://www.w3.org/1999/xhtml" id="service_httpd_disabled" system="urn:xccdf:fix:script:sh" complexity="low" disruption="low" strategy="disable"># Remediation is applicable only in certain platforms
if rpm --quiet -q kernel-default || rpm --quiet -q kernel-default-base; then

SYSTEMCTL_EXEC='/usr/bin/systemctl'
if [[ $("$SYSTEMCTL_EXEC" is-system-running) != "offline" ]]; then
  "$SYSTEMCTL_EXEC" stop 'httpd.service'
fi
"$SYSTEMCTL_EXEC" disable 'httpd.service'
"$SYSTEMCTL_EXEC" mask 'httpd.service'
# Disable socket activation if we have a unit file for it
if "$SYSTEMCTL_EXEC" -q list-unit-files httpd.socket; then
    if [[ $("$SYSTEMCTL_EXEC" is-system-running) != "offline" ]]; then
      "$SYSTEMCTL_EXEC" stop 'httpd.socket'
    fi
    "$SYSTEMCTL_EXEC" mask 'httpd.socket'
fi
# The service may not be running because it has been started and failed,
# so let's reset the state so OVAL checks pass.
# Service should be 'inactive', not 'failed' after reboot though.
"$SYSTEMCTL_EXEC" reset-failed 'httpd.service' || true

else
    &gt;&amp;2 echo 'Remediation is not applicable, nothing was done'
fi
</fix>
          <fix xmlns:xhtml="http://www.w3.org/1999/xhtml" id="service_httpd_disabled" system="urn:redhat:osbuild:blueprint">
[customizations.services]
masked = ["httpd"]
</fix>
          <fix xmlns:xhtml="http://www.w3.org/1999/xhtml" id="service_httpd_disabled" system="urn:xccdf:fix:script:ansible" complexity="low" disruption="low" strategy="disable">- name: Gather the package facts
  package_facts:
    manager: auto
  tags:
  - CCE-91367-3
  - NIST-800-53-CM-6(a)
  - NIST-800-53-CM-7(a)
  - NIST-800-53-CM-7(b)
  - disable_strategy
  - low_complexity
  - low_disruption
  - no_reboot_needed
  - service_httpd_disabled
  - unknown_severity

- name: Disable httpd Service - Disable service httpd
  block:

  - name: Disable httpd Service - Collect systemd Services Present in the System
    ansible.builtin.command: systemctl -q list-unit-files --type service
    register: service_exists
    changed_when: false
    failed_when: service_exists.rc not in [0, 1]
    check_mode: false

  - name: Disable httpd Service - Ensure httpd.service is Masked
    ansible.builtin.systemd:
      name: httpd.service
      state: stopped
      enabled: false
      masked: true
    when: service_exists.stdout_lines is search("httpd.service", multiline=True)

  - name: Unit Socket Exists - httpd.socket
    ansible.builtin.command: systemctl -q list-unit-files httpd.socket
    register: socket_file_exists
    changed_when: false
    failed_when: socket_file_exists.rc not in [0, 1]
    check_mode: false

  - name: Disable httpd Service - Disable Socket httpd
    ansible.builtin.systemd:
      name: httpd.socket
      enabled: false
      state: stopped
      masked: true
    when: socket_file_exists.stdout_lines is search("httpd.socket", multiline=True)
  tags:
  - CCE-91367-3
  - NIST-800-53-CM-6(a)
  - NIST-800-53-CM-7(a)
  - NIST-800-53-CM-7(b)
  - disable_strategy
  - low_complexity
  - low_disruption
  - no_reboot_needed
  - service_httpd_disabled
  - special_service_block
  - unknown_severity
  when: ("kernel-default" in ansible_facts.packages or "kernel-default-base" in ansible_facts.packages)
</fix>
          <check system="http://open-scap.org/page/SCE">
            <check-import import-name="stdout">
                </check-import>
            <check-content-ref href="sle15/checks/sce/service_httpd_disabled.sh"/>
          </check>
          <check system="http://oval.mitre.org/XMLSchema/oval-definitions-5">
            <check-content-ref name="oval:ssg-service_httpd_disabled:def:1" href="ssg-sle15-oval.xml"/>
          </check>
          <check system="http://scap.nist.gov/schema/ocil/2">
            <check-content-ref name="ocil:ssg-service_httpd_disabled_ocil:questionnaire:1" href="ssg-sle15-ocil.xml"/>
          </check>
        </Rule>
      </Group>
    </Group>
    <Group id="xccdf_org.ssgproject.content_group_imap">
      <title xmlns:xhtml="http://www.w3.org/1999/xhtml" xml:lang="en-US">IMAP and POP3 Server</title>
      <description xmlns:xhtml="http://www.w3.org/1999/xhtml" xml:lang="en-US">Dovecot provides IMAP and POP3 services. It is not
installed by default. The project page at 
    <html:a xmlns:html="http://www.w3.org/1999/xhtml" href="http://www.dovecot.org">http://www.dovecot.org</html:a>
contains more detailed information about Dovecot
configuration.</description>
      <Group id="xccdf_org.ssgproject.content_group_disabling_cyrus-imapd">
        <title xmlns:xhtml="http://www.w3.org/1999/xhtml" xml:lang="en-US">Disable Cyrus IMAP</title>
        <description xmlns:xhtml="http://www.w3.org/1999/xhtml" xml:lang="en-US">If the system does not need to operate as an IMAP or
POP3 server, the Cyrus IMAP software should be removed.</description>
        <Rule id="xccdf_org.ssgproject.content_rule_package_cyrus-imapd_removed" selected="false" role="full" severity="unknown">
          <title xmlns:xhtml="http://www.w3.org/1999/xhtml" xml:lang="en-US">Uninstall cyrus-imapd Package</title>
          <description xmlns:xhtml="http://www.w3.org/1999/xhtml" xml:lang="en-US">The <html:code xmlns:html="http://www.w3.org/1999/xhtml">cyrus-imapd</html:code> package can be removed with the following command:
<html:pre xmlns:html="http://www.w3.org/1999/xhtml">
$ sudo zypper remove cyrus-imapd</html:pre>
       </description>
          <reference href="not_publicly_available">SLES-15-300150135</reference>
          <rationale xmlns:xhtml="http://www.w3.org/1999/xhtml" xml:lang="en-US">If there is no need to make the cyrus-imapd software available,
removing it provides a safeguard against its activation.</rationale>
          <ident system="https://ncp.nist.gov/cce">CCE-92595-8</ident>
          <fix xmlns:xhtml="http://www.w3.org/1999/xhtml" id="package_cyrus-imapd_removed" system="urn:xccdf:fix:script:puppet" complexity="low" disruption="low" strategy="disable">
include remove_cyrus-imapd

class remove_cyrus-imapd {
  package { 'cyrus-imapd':
    ensure =&gt; 'purged',
  }
}
</fix>
          <fix xmlns:xhtml="http://www.w3.org/1999/xhtml" id="package_cyrus-imapd_removed" system="urn:xccdf:fix:script:sh" complexity="low" disruption="low" strategy="disable">
# CAUTION: This remediation script will remove cyrus-imapd
# from the system, and may remove any packages
# that depend on cyrus-imapd. Execute this
# remediation AFTER testing on a non-production
# system!


zypper remove -y "cyrus-imapd"
</fix>
          <fix xmlns:xhtml="http://www.w3.org/1999/xhtml" id="package_cyrus-imapd_removed" system="urn:xccdf:fix:script:ansible" complexity="low" disruption="low" strategy="disable">- name: 'Uninstall cyrus-imapd Package: Ensure cyrus-imapd is removed'
  ansible.builtin.package:
    name: cyrus-imapd
    state: absent
  tags:
  - CCE-92595-8
  - disable_strategy
  - low_complexity
  - low_disruption
  - no_reboot_needed
  - package_cyrus-imapd_removed
  - unknown_severity
</fix>
          <check system="http://oval.mitre.org/XMLSchema/oval-definitions-5">
            <check-content-ref name="oval:ssg-package_cyrus-imapd_removed:def:1" href="ssg-sle15-oval.xml"/>
          </check>
          <check system="http://scap.nist.gov/schema/ocil/2">
            <check-content-ref name="ocil:ssg-package_cyrus-imapd_removed_ocil:questionnaire:1" href="ssg-sle15-ocil.xml"/>
          </check>
        </Rule>
      </Group>
      <Group id="xccdf_org.ssgproject.content_group_disabling_dovecot">
        <title xmlns:xhtml="http://www.w3.org/1999/xhtml" xml:lang="en-US">Disable Dovecot</title>
        <description xmlns:xhtml="http://www.w3.org/1999/xhtml" xml:lang="en-US">If the system does not need to operate as an IMAP or
POP3 server, the dovecot software should be disabled and removed.</description>
        <Rule id="xccdf_org.ssgproject.content_rule_package_dovecot_removed" selected="false" role="full" severity="unknown">
          <title xmlns:xhtml="http://www.w3.org/1999/xhtml" xml:lang="en-US">Uninstall dovecot Package</title>
          <description xmlns:xhtml="http://www.w3.org/1999/xhtml" xml:lang="en-US">
The <html:code xmlns:html="http://www.w3.org/1999/xhtml">dovecot</html:code> package can be removed with the following command:
<html:pre xmlns:html="http://www.w3.org/1999/xhtml">
$ sudo zypper remove dovecot</html:pre>
       </description>
          <reference href="https://www.cisecurity.org/benchmark/suse_linux/">2.2.12</reference>
          <reference href="not_publicly_available">SLES-15-300150135</reference>
          <rationale xmlns:xhtml="http://www.w3.org/1999/xhtml" xml:lang="en-US">If there is no need to make the Dovecot software available,
removing it provides a safeguard against its activation.</rationale>
          <ident system="https://ncp.nist.gov/cce">CCE-91369-9</ident>
          <fix xmlns:xhtml="http://www.w3.org/1999/xhtml" id="package_dovecot_removed" system="urn:xccdf:fix:script:puppet" complexity="low" disruption="low" strategy="disable">
include remove_dovecot

class remove_dovecot {
  package { 'dovecot':
    ensure =&gt; 'purged',
  }
}
</fix>
          <fix xmlns:xhtml="http://www.w3.org/1999/xhtml" id="package_dovecot_removed" system="urn:xccdf:fix:script:sh" complexity="low" disruption="low" strategy="disable">
# CAUTION: This remediation script will remove dovecot
# from the system, and may remove any packages
# that depend on dovecot. Execute this
# remediation AFTER testing on a non-production
# system!


zypper remove -y "dovecot"
</fix>
          <fix xmlns:xhtml="http://www.w3.org/1999/xhtml" id="package_dovecot_removed" system="urn:xccdf:fix:script:ansible" complexity="low" disruption="low" strategy="disable">- name: 'Uninstall dovecot Package: Ensure dovecot is removed'
  ansible.builtin.package:
    name: dovecot
    state: absent
  tags:
  - CCE-91369-9
  - disable_strategy
  - low_complexity
  - low_disruption
  - no_reboot_needed
  - package_dovecot_removed
  - unknown_severity
</fix>
          <check system="http://oval.mitre.org/XMLSchema/oval-definitions-5">
            <check-content-ref name="oval:ssg-package_dovecot_removed:def:1" href="ssg-sle15-oval.xml"/>
          </check>
          <check system="http://scap.nist.gov/schema/ocil/2">
            <check-content-ref name="ocil:ssg-package_dovecot_removed_ocil:questionnaire:1" href="ssg-sle15-ocil.xml"/>
          </check>
        </Rule>
        <Rule id="xccdf_org.ssgproject.content_rule_service_dovecot_disabled" selected="false" role="full" severity="unknown">
          <title xmlns:xhtml="http://www.w3.org/1999/xhtml" xml:lang="en-US">Disable Dovecot Service</title>
          <description xmlns:xhtml="http://www.w3.org/1999/xhtml" xml:lang="en-US">
The <html:code xmlns:html="http://www.w3.org/1999/xhtml">dovecot</html:code> service can be disabled with the following command:
<html:pre xmlns:html="http://www.w3.org/1999/xhtml">$ sudo systemctl mask --now dovecot.service</html:pre>
       </description>
          <reference href="https://www.cisecurity.org/benchmark/suse_linux/">2.2.12</reference>
          <reference href="not_publicly_available">SLES-15-300150135</reference>
          <rationale xmlns:xhtml="http://www.w3.org/1999/xhtml" xml:lang="en-US">Running an IMAP or POP3 server provides a network-based
avenue of attack, and should be disabled if not needed.</rationale>
          <platform idref="#system_with_kernel"/>
          <ident system="https://ncp.nist.gov/cce">CCE-91368-1</ident>
          <fix xmlns:xhtml="http://www.w3.org/1999/xhtml" id="service_dovecot_disabled" system="urn:xccdf:fix:script:puppet" complexity="low" disruption="low" strategy="enable">include disable_dovecot

class disable_dovecot {
  service {'dovecot':
    enable =&gt; false,
    ensure =&gt; 'stopped',
  }
}
</fix>
          <fix xmlns:xhtml="http://www.w3.org/1999/xhtml" id="service_dovecot_disabled" system="urn:xccdf:fix:script:sh" complexity="low" disruption="low" strategy="disable"># Remediation is applicable only in certain platforms
if rpm --quiet -q kernel-default || rpm --quiet -q kernel-default-base; then

SYSTEMCTL_EXEC='/usr/bin/systemctl'
if [[ $("$SYSTEMCTL_EXEC" is-system-running) != "offline" ]]; then
  "$SYSTEMCTL_EXEC" stop 'dovecot.service'
fi
"$SYSTEMCTL_EXEC" disable 'dovecot.service'
"$SYSTEMCTL_EXEC" mask 'dovecot.service'
# Disable socket activation if we have a unit file for it
if "$SYSTEMCTL_EXEC" -q list-unit-files dovecot.socket; then
    if [[ $("$SYSTEMCTL_EXEC" is-system-running) != "offline" ]]; then
      "$SYSTEMCTL_EXEC" stop 'dovecot.socket'
    fi
    "$SYSTEMCTL_EXEC" mask 'dovecot.socket'
fi
# The service may not be running because it has been started and failed,
# so let's reset the state so OVAL checks pass.
# Service should be 'inactive', not 'failed' after reboot though.
"$SYSTEMCTL_EXEC" reset-failed 'dovecot.service' || true

else
    &gt;&amp;2 echo 'Remediation is not applicable, nothing was done'
fi
</fix>
          <fix xmlns:xhtml="http://www.w3.org/1999/xhtml" id="service_dovecot_disabled" system="urn:redhat:osbuild:blueprint">
[customizations.services]
masked = ["dovecot"]
</fix>
          <fix xmlns:xhtml="http://www.w3.org/1999/xhtml" id="service_dovecot_disabled" system="urn:xccdf:fix:script:ansible" complexity="low" disruption="low" strategy="disable">- name: Gather the package facts
  package_facts:
    manager: auto
  tags:
  - CCE-91368-1
  - disable_strategy
  - low_complexity
  - low_disruption
  - no_reboot_needed
  - service_dovecot_disabled
  - unknown_severity

- name: Disable Dovecot Service - Disable service dovecot
  block:

  - name: Disable Dovecot Service - Collect systemd Services Present in the System
    ansible.builtin.command: systemctl -q list-unit-files --type service
    register: service_exists
    changed_when: false
    failed_when: service_exists.rc not in [0, 1]
    check_mode: false

  - name: Disable Dovecot Service - Ensure dovecot.service is Masked
    ansible.builtin.systemd:
      name: dovecot.service
      state: stopped
      enabled: false
      masked: true
    when: service_exists.stdout_lines is search("dovecot.service", multiline=True)

  - name: Unit Socket Exists - dovecot.socket
    ansible.builtin.command: systemctl -q list-unit-files dovecot.socket
    register: socket_file_exists
    changed_when: false
    failed_when: socket_file_exists.rc not in [0, 1]
    check_mode: false

  - name: Disable Dovecot Service - Disable Socket dovecot
    ansible.builtin.systemd:
      name: dovecot.socket
      enabled: false
      state: stopped
      masked: true
    when: socket_file_exists.stdout_lines is search("dovecot.socket", multiline=True)
  tags:
  - CCE-91368-1
  - disable_strategy
  - low_complexity
  - low_disruption
  - no_reboot_needed
  - service_dovecot_disabled
  - special_service_block
  - unknown_severity
  when: ("kernel-default" in ansible_facts.packages or "kernel-default-base" in ansible_facts.packages)
</fix>
          <check system="http://open-scap.org/page/SCE">
            <check-import import-name="stdout">
                </check-import>
            <check-content-ref href="sle15/checks/sce/service_dovecot_disabled.sh"/>
          </check>
          <check system="http://oval.mitre.org/XMLSchema/oval-definitions-5">
            <check-content-ref name="oval:ssg-service_dovecot_disabled:def:1" href="ssg-sle15-oval.xml"/>
          </check>
          <check system="http://scap.nist.gov/schema/ocil/2">
            <check-content-ref name="ocil:ssg-service_dovecot_disabled_ocil:questionnaire:1" href="ssg-sle15-ocil.xml"/>
          </check>
        </Rule>
      </Group>
    </Group>
    <Group id="xccdf_org.ssgproject.content_group_ldap">
      <title xmlns:xhtml="http://www.w3.org/1999/xhtml" xml:lang="en-US">LDAP</title>
      <description xmlns:xhtml="http://www.w3.org/1999/xhtml" xml:lang="en-US">LDAP is a popular directory service, that is, a
standardized way of looking up information from a central database.
SUSE Linux Enterprise 15 includes software that enables a system to act as both
an LDAP client and server.</description>
      <Group id="xccdf_org.ssgproject.content_group_openldap_client">
        <title xmlns:xhtml="http://www.w3.org/1999/xhtml" xml:lang="en-US">Configure OpenLDAP Clients</title>
        <description xmlns:xhtml="http://www.w3.org/1999/xhtml" xml:lang="en-US">This section provides information on which security settings are
important to configure in OpenLDAP clients by manually editing the appropriate
configuration files.  SUSE Linux Enterprise 15 provides an automated configuration tool called
authconfig and a graphical wrapper for authconfig called
<html:code xmlns:html="http://www.w3.org/1999/xhtml">system-config-authentication</html:code>. However, these tools do not provide as
much control over configuration as manual editing of configuration files. The
authconfig tools do not allow you to specify locations of SSL certificate
files, which is useful when trying to use SSL cleanly across several protocols.
Installation and configuration of OpenLDAP on SUSE Linux Enterprise 15 is available at</description>
        <warning xmlns:xhtml="http://www.w3.org/1999/xhtml" xml:lang="en-US" category="general">Before configuring any system to be an
LDAP client, ensure that a working LDAP server is present on the
network.</warning>
        <Rule id="xccdf_org.ssgproject.content_rule_package_openldap-clients_removed" selected="false" role="full" severity="low">
          <title xmlns:xhtml="http://www.w3.org/1999/xhtml" xml:lang="en-US">Ensure LDAP client is not installed</title>
          <description xmlns:xhtml="http://www.w3.org/1999/xhtml" xml:lang="en-US">The Lightweight Directory Access Protocol (LDAP) is a service that provides
a method for looking up information from a central database.
The <html:code xmlns:html="http://www.w3.org/1999/xhtml">openldap2-client</html:code> package can be removed with the following command:
<html:pre xmlns:html="http://www.w3.org/1999/xhtml">
$ sudo zypper remove openldap2-client</html:pre>
       </description>
          <reference href="https://www.cisecurity.org/benchmark/suse_linux/">2.3.5</reference>
          <reference href="not_publicly_available">SLES-15-300300030</reference>
          <rationale xmlns:xhtml="http://www.w3.org/1999/xhtml" xml:lang="en-US">If the system does not need to act as an LDAP client, it is recommended that the software is removed to reduce the potential attack surface.</rationale>
          <ident system="https://ncp.nist.gov/cce">CCE-91310-3</ident>
          <fix xmlns:xhtml="http://www.w3.org/1999/xhtml" id="package_openldap-clients_removed" system="urn:xccdf:fix:script:puppet" complexity="low" disruption="low" strategy="disable">
include remove_openldap2-client

class remove_openldap2-client {
  package { 'openldap2-client':
    ensure =&gt; 'purged',
  }
}
</fix>
          <fix xmlns:xhtml="http://www.w3.org/1999/xhtml" id="package_openldap-clients_removed" system="urn:xccdf:fix:script:sh" complexity="low" disruption="low" strategy="disable">
# CAUTION: This remediation script will remove openldap2-client
# from the system, and may remove any packages
# that depend on openldap2-client. Execute this
# remediation AFTER testing on a non-production
# system!


zypper remove -y "openldap2-client"
</fix>
          <fix xmlns:xhtml="http://www.w3.org/1999/xhtml" id="package_openldap-clients_removed" system="urn:xccdf:fix:script:ansible" complexity="low" disruption="low" strategy="disable">- name: 'Ensure LDAP client is not installed: Ensure openldap2-client is removed'
  ansible.builtin.package:
    name: openldap2-client
    state: absent
  tags:
  - CCE-91310-3
  - disable_strategy
  - low_complexity
  - low_disruption
  - low_severity
  - no_reboot_needed
  - package_openldap-clients_removed
</fix>
          <check system="http://oval.mitre.org/XMLSchema/oval-definitions-5">
            <check-content-ref name="oval:ssg-package_openldap-clients_removed:def:1" href="ssg-sle15-oval.xml"/>
          </check>
          <check system="http://scap.nist.gov/schema/ocil/2">
            <check-content-ref name="ocil:ssg-package_openldap-clients_removed_ocil:questionnaire:1" href="ssg-sle15-ocil.xml"/>
          </check>
        </Rule>
      </Group>
      <Group id="xccdf_org.ssgproject.content_group_openldap_server">
        <title xmlns:xhtml="http://www.w3.org/1999/xhtml" xml:lang="en-US">Configure OpenLDAP Server</title>
        <description xmlns:xhtml="http://www.w3.org/1999/xhtml" xml:lang="en-US">This section details some security-relevant settings
for an OpenLDAP server.</description>
        <Rule id="xccdf_org.ssgproject.content_rule_package_openldap-servers_removed" selected="false" role="full" severity="low">
          <title xmlns:xhtml="http://www.w3.org/1999/xhtml" xml:lang="en-US">Uninstall openldap-servers Package</title>
          <description xmlns:xhtml="http://www.w3.org/1999/xhtml" xml:lang="en-US">The openldap2 package is not installed by default on a SUSE Linux Enterprise 15
system. It is needed only by the OpenLDAP server, not by the
clients which use LDAP for authentication. If the system is not
intended for use as an LDAP Server it should be removed.</description>
          <reference href="https://www.cisecurity.org/controls/">11</reference>
          <reference href="https://www.cisecurity.org/controls/">14</reference>
          <reference href="https://www.cisecurity.org/controls/">3</reference>
          <reference href="https://www.cisecurity.org/controls/">9</reference>
          <reference href="https://www.isaca.org/resources/cobit">BAI10.01</reference>
          <reference href="https://www.isaca.org/resources/cobit">BAI10.02</reference>
          <reference href="https://www.isaca.org/resources/cobit">BAI10.03</reference>
          <reference href="https://www.isaca.org/resources/cobit">BAI10.05</reference>
          <reference href="https://www.isaca.org/resources/cobit">DSS05.02</reference>
          <reference href="https://www.isaca.org/resources/cobit">DSS05.05</reference>
          <reference href="https://www.isaca.org/resources/cobit">DSS06.06</reference>
          <reference href="https://www.isa.org/products/isa-62443-2-1-2009-security-for-industrial-automat">4.3.3.5.1</reference>
          <reference href="https://www.isa.org/products/isa-62443-2-1-2009-security-for-industrial-automat">4.3.3.5.2</reference>
          <reference href="https://www.isa.org/products/isa-62443-2-1-2009-security-for-industrial-automat">4.3.3.5.3</reference>
          <reference href="https://www.isa.org/products/isa-62443-2-1-2009-security-for-industrial-automat">4.3.3.5.4</reference>
          <reference href="https://www.isa.org/products/isa-62443-2-1-2009-security-for-industrial-automat">4.3.3.5.5</reference>
          <reference href="https://www.isa.org/products/isa-62443-2-1-2009-security-for-industrial-automat">4.3.3.5.6</reference>
          <reference href="https://www.isa.org/products/isa-62443-2-1-2009-security-for-industrial-automat">4.3.3.5.7</reference>
          <reference href="https://www.isa.org/products/isa-62443-2-1-2009-security-for-industrial-automat">4.3.3.5.8</reference>
          <reference href="https://www.isa.org/products/isa-62443-2-1-2009-security-for-industrial-automat">4.3.3.6.1</reference>
          <reference href="https://www.isa.org/products/isa-62443-2-1-2009-security-for-industrial-automat">4.3.3.6.2</reference>
          <reference href="https://www.isa.org/products/isa-62443-2-1-2009-security-for-industrial-automat">4.3.3.6.3</reference>
          <reference href="https://www.isa.org/products/isa-62443-2-1-2009-security-for-industrial-automat">4.3.3.6.4</reference>
          <reference href="https://www.isa.org/products/isa-62443-2-1-2009-security-for-industrial-automat">4.3.3.6.5</reference>
          <reference href="https://www.isa.org/products/isa-62443-2-1-2009-security-for-industrial-automat">4.3.3.6.6</reference>
          <reference href="https://www.isa.org/products/isa-62443-2-1-2009-security-for-industrial-automat">4.3.3.6.7</reference>
          <reference href="https://www.isa.org/products/isa-62443-2-1-2009-security-for-industrial-automat">4.3.3.6.8</reference>
          <reference href="https://www.isa.org/products/isa-62443-2-1-2009-security-for-industrial-automat">4.3.3.6.9</reference>
          <reference href="https://www.isa.org/products/isa-62443-2-1-2009-security-for-industrial-automat">4.3.3.7.1</reference>
          <reference href="https://www.isa.org/products/isa-62443-2-1-2009-security-for-industrial-automat">4.3.3.7.2</reference>
          <reference href="https://www.isa.org/products/isa-62443-2-1-2009-security-for-industrial-automat">4.3.3.7.3</reference>
          <reference href="https://www.isa.org/products/isa-62443-2-1-2009-security-for-industrial-automat">4.3.3.7.4</reference>
          <reference href="https://www.isa.org/products/isa-62443-2-1-2009-security-for-industrial-automat">4.3.4.3.2</reference>
          <reference href="https://www.isa.org/products/isa-62443-2-1-2009-security-for-industrial-automat">4.3.4.3.3</reference>
          <reference href="https://www.isa.org/products/ansi-isa-62443-3-3-99-03-03-2013-security-for-indu">SR 1.1</reference>
          <reference href="https://www.isa.org/products/ansi-isa-62443-3-3-99-03-03-2013-security-for-indu">SR 1.10</reference>
          <reference href="https://www.isa.org/products/ansi-isa-62443-3-3-99-03-03-2013-security-for-indu">SR 1.11</reference>
          <reference href="https://www.isa.org/products/ansi-isa-62443-3-3-99-03-03-2013-security-for-indu">SR 1.12</reference>
          <reference href="https://www.isa.org/products/ansi-isa-62443-3-3-99-03-03-2013-security-for-indu">SR 1.13</reference>
          <reference href="https://www.isa.org/products/ansi-isa-62443-3-3-99-03-03-2013-security-for-indu">SR 1.2</reference>
          <reference href="https://www.isa.org/products/ansi-isa-62443-3-3-99-03-03-2013-security-for-indu">SR 1.3</reference>
          <reference href="https://www.isa.org/products/ansi-isa-62443-3-3-99-03-03-2013-security-for-indu">SR 1.4</reference>
          <reference href="https://www.isa.org/products/ansi-isa-62443-3-3-99-03-03-2013-security-for-indu">SR 1.5</reference>
          <reference href="https://www.isa.org/products/ansi-isa-62443-3-3-99-03-03-2013-security-for-indu">SR 1.6</reference>
          <reference href="https://www.isa.org/products/ansi-isa-62443-3-3-99-03-03-2013-security-for-indu">SR 1.7</reference>
          <reference href="https://www.isa.org/products/ansi-isa-62443-3-3-99-03-03-2013-security-for-indu">SR 1.8</reference>
          <reference href="https://www.isa.org/products/ansi-isa-62443-3-3-99-03-03-2013-security-for-indu">SR 1.9</reference>
          <reference href="https://www.isa.org/products/ansi-isa-62443-3-3-99-03-03-2013-security-for-indu">SR 2.1</reference>
          <reference href="https://www.isa.org/products/ansi-isa-62443-3-3-99-03-03-2013-security-for-indu">SR 2.2</reference>
          <reference href="https://www.isa.org/products/ansi-isa-62443-3-3-99-03-03-2013-security-for-indu">SR 2.3</reference>
          <reference href="https://www.isa.org/products/ansi-isa-62443-3-3-99-03-03-2013-security-for-indu">SR 2.4</reference>
          <reference href="https://www.isa.org/products/ansi-isa-62443-3-3-99-03-03-2013-security-for-indu">SR 2.5</reference>
          <reference href="https://www.isa.org/products/ansi-isa-62443-3-3-99-03-03-2013-security-for-indu">SR 2.6</reference>
          <reference href="https://www.isa.org/products/ansi-isa-62443-3-3-99-03-03-2013-security-for-indu">SR 2.7</reference>
          <reference href="https://www.isa.org/products/ansi-isa-62443-3-3-99-03-03-2013-security-for-indu">SR 7.6</reference>
          <reference href="https://www.iso.org/contents/data/standard/05/45/54534.html">A.12.1.2</reference>
          <reference href="https://www.iso.org/contents/data/standard/05/45/54534.html">A.12.5.1</reference>
          <reference href="https://www.iso.org/contents/data/standard/05/45/54534.html">A.12.6.2</reference>
          <reference href="https://www.iso.org/contents/data/standard/05/45/54534.html">A.14.2.2</reference>
          <reference href="https://www.iso.org/contents/data/standard/05/45/54534.html">A.14.2.3</reference>
          <reference href="https://www.iso.org/contents/data/standard/05/45/54534.html">A.14.2.4</reference>
          <reference href="https://www.iso.org/contents/data/standard/05/45/54534.html">A.9.1.2</reference>
          <reference href="http://nvlpubs.nist.gov/nistpubs/SpecialPublications/NIST.SP.800-53r4.pdf">CM-7(a)</reference>
          <reference href="http://nvlpubs.nist.gov/nistpubs/SpecialPublications/NIST.SP.800-53r4.pdf">CM-7(b)</reference>
          <reference href="http://nvlpubs.nist.gov/nistpubs/SpecialPublications/NIST.SP.800-53r4.pdf">CM-6(a)</reference>
          <reference href="https://nvlpubs.nist.gov/nistpubs/CSWP/NIST.CSWP.04162018.pdf">PR.IP-1</reference>
          <reference href="https://nvlpubs.nist.gov/nistpubs/CSWP/NIST.CSWP.04162018.pdf">PR.PT-3</reference>
          <reference href="https://www.cisecurity.org/benchmark/suse_linux/">2.2.6</reference>
          <reference href="not_publicly_available">SLES-15-300150105</reference>
          <rationale xmlns:xhtml="http://www.w3.org/1999/xhtml" xml:lang="en-US">Unnecessary packages should not be installed to decrease the attack
surface of the system.  While this software is clearly essential on an LDAP
server, it is not necessary on typical desktop or workstation systems.</rationale>
          <ident system="https://ncp.nist.gov/cce">CCE-91283-2</ident>
          <fix xmlns:xhtml="http://www.w3.org/1999/xhtml" id="package_openldap-servers_removed" system="urn:xccdf:fix:script:puppet" complexity="low" disruption="low" strategy="disable">
include remove_openldap2

class remove_openldap2 {
  package { 'openldap2':
    ensure =&gt; 'purged',
  }
}
</fix>
          <fix xmlns:xhtml="http://www.w3.org/1999/xhtml" id="package_openldap-servers_removed" system="urn:xccdf:fix:script:sh" complexity="low" disruption="low" strategy="disable">
# CAUTION: This remediation script will remove openldap2
# from the system, and may remove any packages
# that depend on openldap2. Execute this
# remediation AFTER testing on a non-production
# system!


zypper remove -y "openldap2"
</fix>
          <fix xmlns:xhtml="http://www.w3.org/1999/xhtml" id="package_openldap-servers_removed" system="urn:xccdf:fix:script:ansible" complexity="low" disruption="low" strategy="disable">- name: 'Uninstall openldap-servers Package: Ensure openldap2 is removed'
  ansible.builtin.package:
    name: openldap2
    state: absent
  tags:
  - CCE-91283-2
  - NIST-800-53-CM-6(a)
  - NIST-800-53-CM-7(a)
  - NIST-800-53-CM-7(b)
  - disable_strategy
  - low_complexity
  - low_disruption
  - low_severity
  - no_reboot_needed
  - package_openldap-servers_removed
</fix>
          <check system="http://oval.mitre.org/XMLSchema/oval-definitions-5">
            <check-content-ref name="oval:ssg-package_openldap-servers_removed:def:1" href="ssg-sle15-oval.xml"/>
          </check>
          <check system="http://scap.nist.gov/schema/ocil/2">
            <check-content-ref name="ocil:ssg-package_openldap-servers_removed_ocil:questionnaire:1" href="ssg-sle15-ocil.xml"/>
          </check>
        </Rule>
        <Rule id="xccdf_org.ssgproject.content_rule_service_slapd_disabled" selected="false" role="full" severity="medium">
          <title xmlns:xhtml="http://www.w3.org/1999/xhtml" xml:lang="en-US">Disable LDAP Server (slapd)</title>
          <description xmlns:xhtml="http://www.w3.org/1999/xhtml" xml:lang="en-US">The Lightweight Directory Access Protocol (LDAP) is a service that
provides a method for looking up information from a central database.</description>
          <reference href="not_publicly_available">SLES-15-300150105</reference>
          <rationale xmlns:xhtml="http://www.w3.org/1999/xhtml" xml:lang="en-US">If the system will not need to act as an LDAP server, it is recommended
that the software be disabled to reduce the potential attack surface.</rationale>
          <platform idref="#system_with_kernel"/>
          <ident system="https://ncp.nist.gov/cce">CCE-92603-0</ident>
          <fix xmlns:xhtml="http://www.w3.org/1999/xhtml" id="service_slapd_disabled" system="urn:xccdf:fix:script:puppet" complexity="low" disruption="low" strategy="enable">include disable_slapd

class disable_slapd {
  service {'slapd':
    enable =&gt; false,
    ensure =&gt; 'stopped',
  }
}
</fix>
          <fix xmlns:xhtml="http://www.w3.org/1999/xhtml" id="service_slapd_disabled" system="urn:xccdf:fix:script:sh" complexity="low" disruption="low" strategy="disable"># Remediation is applicable only in certain platforms
if rpm --quiet -q kernel-default || rpm --quiet -q kernel-default-base; then

SYSTEMCTL_EXEC='/usr/bin/systemctl'
if [[ $("$SYSTEMCTL_EXEC" is-system-running) != "offline" ]]; then
  "$SYSTEMCTL_EXEC" stop 'slapd.service'
fi
"$SYSTEMCTL_EXEC" disable 'slapd.service'
"$SYSTEMCTL_EXEC" mask 'slapd.service'
# Disable socket activation if we have a unit file for it
if "$SYSTEMCTL_EXEC" -q list-unit-files slapd.socket; then
    if [[ $("$SYSTEMCTL_EXEC" is-system-running) != "offline" ]]; then
      "$SYSTEMCTL_EXEC" stop 'slapd.socket'
    fi
    "$SYSTEMCTL_EXEC" mask 'slapd.socket'
fi
# The service may not be running because it has been started and failed,
# so let's reset the state so OVAL checks pass.
# Service should be 'inactive', not 'failed' after reboot though.
"$SYSTEMCTL_EXEC" reset-failed 'slapd.service' || true

else
    &gt;&amp;2 echo 'Remediation is not applicable, nothing was done'
fi
</fix>
          <fix xmlns:xhtml="http://www.w3.org/1999/xhtml" id="service_slapd_disabled" system="urn:redhat:osbuild:blueprint">
[customizations.services]
masked = ["slapd"]
</fix>
          <fix xmlns:xhtml="http://www.w3.org/1999/xhtml" id="service_slapd_disabled" system="urn:xccdf:fix:script:ansible" complexity="low" disruption="low" strategy="disable">- name: Gather the package facts
  package_facts:
    manager: auto
  tags:
  - CCE-92603-0
  - disable_strategy
  - low_complexity
  - low_disruption
  - medium_severity
  - no_reboot_needed
  - service_slapd_disabled

- name: Disable LDAP Server (slapd) - Disable service slapd
  block:

  - name: Disable LDAP Server (slapd) - Collect systemd Services Present in the System
    ansible.builtin.command: systemctl -q list-unit-files --type service
    register: service_exists
    changed_when: false
    failed_when: service_exists.rc not in [0, 1]
    check_mode: false

  - name: Disable LDAP Server (slapd) - Ensure slapd.service is Masked
    ansible.builtin.systemd:
      name: slapd.service
      state: stopped
      enabled: false
      masked: true
    when: service_exists.stdout_lines is search("slapd.service", multiline=True)

  - name: Unit Socket Exists - slapd.socket
    ansible.builtin.command: systemctl -q list-unit-files slapd.socket
    register: socket_file_exists
    changed_when: false
    failed_when: socket_file_exists.rc not in [0, 1]
    check_mode: false

  - name: Disable LDAP Server (slapd) - Disable Socket slapd
    ansible.builtin.systemd:
      name: slapd.socket
      enabled: false
      state: stopped
      masked: true
    when: socket_file_exists.stdout_lines is search("slapd.socket", multiline=True)
  tags:
  - CCE-92603-0
  - disable_strategy
  - low_complexity
  - low_disruption
  - medium_severity
  - no_reboot_needed
  - service_slapd_disabled
  - special_service_block
  when: ("kernel-default" in ansible_facts.packages or "kernel-default-base" in ansible_facts.packages)
</fix>
          <check system="http://open-scap.org/page/SCE">
            <check-import import-name="stdout">
                </check-import>
            <check-content-ref href="sle15/checks/sce/service_slapd_disabled.sh"/>
          </check>
          <check system="http://oval.mitre.org/XMLSchema/oval-definitions-5">
            <check-content-ref name="oval:ssg-service_slapd_disabled:def:1" href="ssg-sle15-oval.xml"/>
          </check>
          <check system="http://scap.nist.gov/schema/ocil/2">
            <check-content-ref name="ocil:ssg-service_slapd_disabled_ocil:questionnaire:1" href="ssg-sle15-ocil.xml"/>
          </check>
        </Rule>
      </Group>
    </Group>
    <Group id="xccdf_org.ssgproject.content_group_mail">
      <title xmlns:xhtml="http://www.w3.org/1999/xhtml" xml:lang="en-US">Mail Server Software</title>
      <description xmlns:xhtml="http://www.w3.org/1999/xhtml" xml:lang="en-US">Mail servers are used to send and receive email over the network.
Mail is a very common service, and Mail Transfer Agents (MTAs) are obvious
targets of network attack.
Ensure that systems are not running MTAs unnecessarily,
and configure needed MTAs as defensively as possible.
<html:br xmlns:html="http://www.w3.org/1999/xhtml"/>
      <html:br xmlns:html="http://www.w3.org/1999/xhtml"/>
Very few systems at any site should be configured to directly receive email over the
network. Users should instead use mail client programs to retrieve email
from a central server that supports protocols such as IMAP or POP3.
However, it is normal for most systems to be independently capable of sending email,
for instance so that cron jobs can report output to an administrator.
Most MTAs, including Postfix, support a submission-only mode in which mail can be sent from
the local system to a central site MTA (or directly delivered to a local account),
but the system still cannot receive mail directly over a network.
<html:br xmlns:html="http://www.w3.org/1999/xhtml"/>
      <html:br xmlns:html="http://www.w3.org/1999/xhtml"/>
The <html:code xmlns:html="http://www.w3.org/1999/xhtml">alternatives</html:code> program in SUSE Linux Enterprise 15 permits selection of other mail server software
(such as Sendmail), but Postfix is the default and is preferred.
Postfix was coded with security in mind and can also be more effectively contained by
SELinux as its modular design has resulted in separate processes performing specific actions.
More information is available on its website, 
    <html:a xmlns:html="http://www.w3.org/1999/xhtml" href="http://www.postfix.org">http://www.postfix.org</html:a>.</description>
      <platform idref="#system_with_kernel"/>
      <Rule id="xccdf_org.ssgproject.content_rule_package_mailx_installed" selected="false" role="full" severity="medium">
        <title xmlns:xhtml="http://www.w3.org/1999/xhtml" xml:lang="en-US">The mailx Package Is Installed</title>
        <description xmlns:xhtml="http://www.w3.org/1999/xhtml" xml:lang="en-US">A mail server is required for sending emails.
The <html:code xmlns:html="http://www.w3.org/1999/xhtml">mailx</html:code> package can be installed with the following command:
<html:pre xmlns:html="http://www.w3.org/1999/xhtml">
$ sudo zypper install mailx</html:pre>
      </description>
        <reference href="http://nvlpubs.nist.gov/nistpubs/SpecialPublications/NIST.SP.800-53r4.pdf">CM-3(5)</reference>
        <reference href="https://www.cyber.mil/stigs/downloads/?_dl_facet_stigs=operating-systems%2Cgeneral-purpose-os">SRG-OS-000363-GPOS-00150</reference>
        <reference href="https://www.cyber.mil/stigs/downloads/?_dl_facet_stigs=operating-systems%2Cunix-linux">SLES-15-010418</reference>
        <reference href="https://www.cyber.mil/stigs/srg-stig-tools/">SV-256983r958794_rule</reference>
        <rationale xmlns:xhtml="http://www.w3.org/1999/xhtml" xml:lang="en-US">Emails can be used to notify designated personnel about important
system events such as failures or warnings.</rationale>
        <ident system="https://ncp.nist.gov/cce">CCE-92519-8</ident>
        <fix xmlns:xhtml="http://www.w3.org/1999/xhtml" id="package_mailx_installed" system="urn:xccdf:fix:script:puppet" complexity="low" disruption="low" strategy="enable">include install_mailx

class install_mailx {
  package { 'mailx':
    ensure =&gt; 'installed',
  }
}
</fix>
        <fix xmlns:xhtml="http://www.w3.org/1999/xhtml" id="package_mailx_installed" system="urn:xccdf:fix:script:sh" complexity="low" disruption="low" strategy="enable"># Remediation is applicable only in certain platforms
if rpm --quiet -q kernel-default || rpm --quiet -q kernel-default-base; then

zypper install -y "mailx"

else
    &gt;&amp;2 echo 'Remediation is not applicable, nothing was done'
fi
</fix>
        <fix xmlns:xhtml="http://www.w3.org/1999/xhtml" id="package_mailx_installed" system="urn:redhat:osbuild:blueprint">
[[packages]]
name = "mailx"
version = "*"
</fix>
        <fix xmlns:xhtml="http://www.w3.org/1999/xhtml" id="package_mailx_installed" system="urn:xccdf:fix:script:ansible" complexity="low" disruption="low" strategy="enable">- name: Gather the package facts
  package_facts:
    manager: auto
  tags:
  - CCE-92519-8
  - DISA-STIG-SLES-15-010418
  - NIST-800-53-CM-3(5)
  - enable_strategy
  - low_complexity
  - low_disruption
  - medium_severity
  - no_reboot_needed
  - package_mailx_installed

- name: Ensure mailx is installed
  ansible.builtin.package:
    name: mailx
    state: present
  when: ("kernel-default" in ansible_facts.packages or "kernel-default-base" in ansible_facts.packages)
  tags:
  - CCE-92519-8
  - DISA-STIG-SLES-15-010418
  - NIST-800-53-CM-3(5)
  - enable_strategy
  - low_complexity
  - low_disruption
  - medium_severity
  - no_reboot_needed
  - package_mailx_installed
</fix>
        <check system="http://oval.mitre.org/XMLSchema/oval-definitions-5">
          <check-content-ref name="oval:ssg-package_mailx_installed:def:1" href="ssg-sle15-oval.xml"/>
        </check>
        <check system="http://scap.nist.gov/schema/ocil/2">
          <check-content-ref name="ocil:ssg-package_mailx_installed_ocil:questionnaire:1" href="ssg-sle15-ocil.xml"/>
        </check>
      </Rule>
      <Rule id="xccdf_org.ssgproject.content_rule_package_postfix_installed" selected="false" role="full" severity="medium">
        <title xmlns:xhtml="http://www.w3.org/1999/xhtml" xml:lang="en-US">The Postfix package is installed</title>
        <description xmlns:xhtml="http://www.w3.org/1999/xhtml" xml:lang="en-US">A mail server is required for sending emails.
The <html:code xmlns:html="http://www.w3.org/1999/xhtml">postfix</html:code> package can be installed with the following command:
<html:pre xmlns:html="http://www.w3.org/1999/xhtml">
$ sudo zypper install postfix</html:pre>
      </description>
        <reference href="https://www.cyber.mil/stigs/downloads/?_dl_facet_stigs=operating-systems%2Cgeneral-purpose-os">SRG-OS-000046-GPOS-00022</reference>
        <rationale xmlns:xhtml="http://www.w3.org/1999/xhtml" xml:lang="en-US">Emails can be used to notify designated personnel about important
system events such as failures or warnings.</rationale>
        <fix xmlns:xhtml="http://www.w3.org/1999/xhtml" id="package_postfix_installed" system="urn:xccdf:fix:script:puppet" complexity="low" disruption="low" strategy="enable">include install_postfix

class install_postfix {
  package { 'postfix':
    ensure =&gt; 'installed',
  }
}
</fix>
        <fix xmlns:xhtml="http://www.w3.org/1999/xhtml" id="package_postfix_installed" system="urn:xccdf:fix:script:sh" complexity="low" disruption="low" strategy="enable"># Remediation is applicable only in certain platforms
if rpm --quiet -q kernel-default || rpm --quiet -q kernel-default-base; then

zypper install -y "postfix"

else
    &gt;&amp;2 echo 'Remediation is not applicable, nothing was done'
fi
</fix>
        <fix xmlns:xhtml="http://www.w3.org/1999/xhtml" id="package_postfix_installed" system="urn:redhat:osbuild:blueprint">
[[packages]]
name = "postfix"
version = "*"
</fix>
        <fix xmlns:xhtml="http://www.w3.org/1999/xhtml" id="package_postfix_installed" system="urn:xccdf:fix:script:ansible" complexity="low" disruption="low" strategy="enable">- name: Gather the package facts
  package_facts:
    manager: auto
  tags:
  - enable_strategy
  - low_complexity
  - low_disruption
  - medium_severity
  - no_reboot_needed
  - package_postfix_installed

- name: Ensure postfix is installed
  ansible.builtin.package:
    name: postfix
    state: present
  when: ("kernel-default" in ansible_facts.packages or "kernel-default-base" in ansible_facts.packages)
  tags:
  - enable_strategy
  - low_complexity
  - low_disruption
  - medium_severity
  - no_reboot_needed
  - package_postfix_installed
</fix>
        <check system="http://oval.mitre.org/XMLSchema/oval-definitions-5">
          <check-content-ref name="oval:ssg-package_postfix_installed:def:1" href="ssg-sle15-oval.xml"/>
        </check>
        <check system="http://scap.nist.gov/schema/ocil/2">
          <check-content-ref name="ocil:ssg-package_postfix_installed_ocil:questionnaire:1" href="ssg-sle15-ocil.xml"/>
        </check>
      </Rule>
      <Rule id="xccdf_org.ssgproject.content_rule_package_sendmail_removed" selected="false" role="full" severity="medium">
        <title xmlns:xhtml="http://www.w3.org/1999/xhtml" xml:lang="en-US">Uninstall Sendmail Package</title>
        <description xmlns:xhtml="http://www.w3.org/1999/xhtml" xml:lang="en-US">Sendmail is not the default mail transfer agent and is
not installed by default.
The <html:code xmlns:html="http://www.w3.org/1999/xhtml">sendmail</html:code> package can be removed with the following command:
<html:pre xmlns:html="http://www.w3.org/1999/xhtml">
$ sudo zypper remove sendmail</html:pre>
      </description>
        <reference href="https://www.cisecurity.org/controls/">11</reference>
        <reference href="https://www.cisecurity.org/controls/">14</reference>
        <reference href="https://www.cisecurity.org/controls/">3</reference>
        <reference href="https://www.cisecurity.org/controls/">9</reference>
        <reference href="https://www.isaca.org/resources/cobit">BAI10.01</reference>
        <reference href="https://www.isaca.org/resources/cobit">BAI10.02</reference>
        <reference href="https://www.isaca.org/resources/cobit">BAI10.03</reference>
        <reference href="https://www.isaca.org/resources/cobit">BAI10.05</reference>
        <reference href="https://www.isaca.org/resources/cobit">DSS05.02</reference>
        <reference href="https://www.isaca.org/resources/cobit">DSS05.05</reference>
        <reference href="https://www.isaca.org/resources/cobit">DSS06.06</reference>
        <reference href="https://www.isa.org/products/isa-62443-2-1-2009-security-for-industrial-automat">4.3.3.5.1</reference>
        <reference href="https://www.isa.org/products/isa-62443-2-1-2009-security-for-industrial-automat">4.3.3.5.2</reference>
        <reference href="https://www.isa.org/products/isa-62443-2-1-2009-security-for-industrial-automat">4.3.3.5.3</reference>
        <reference href="https://www.isa.org/products/isa-62443-2-1-2009-security-for-industrial-automat">4.3.3.5.4</reference>
        <reference href="https://www.isa.org/products/isa-62443-2-1-2009-security-for-industrial-automat">4.3.3.5.5</reference>
        <reference href="https://www.isa.org/products/isa-62443-2-1-2009-security-for-industrial-automat">4.3.3.5.6</reference>
        <reference href="https://www.isa.org/products/isa-62443-2-1-2009-security-for-industrial-automat">4.3.3.5.7</reference>
        <reference href="https://www.isa.org/products/isa-62443-2-1-2009-security-for-industrial-automat">4.3.3.5.8</reference>
        <reference href="https://www.isa.org/products/isa-62443-2-1-2009-security-for-industrial-automat">4.3.3.6.1</reference>
        <reference href="https://www.isa.org/products/isa-62443-2-1-2009-security-for-industrial-automat">4.3.3.6.2</reference>
        <reference href="https://www.isa.org/products/isa-62443-2-1-2009-security-for-industrial-automat">4.3.3.6.3</reference>
        <reference href="https://www.isa.org/products/isa-62443-2-1-2009-security-for-industrial-automat">4.3.3.6.4</reference>
        <reference href="https://www.isa.org/products/isa-62443-2-1-2009-security-for-industrial-automat">4.3.3.6.5</reference>
        <reference href="https://www.isa.org/products/isa-62443-2-1-2009-security-for-industrial-automat">4.3.3.6.6</reference>
        <reference href="https://www.isa.org/products/isa-62443-2-1-2009-security-for-industrial-automat">4.3.3.6.7</reference>
        <reference href="https://www.isa.org/products/isa-62443-2-1-2009-security-for-industrial-automat">4.3.3.6.8</reference>
        <reference href="https://www.isa.org/products/isa-62443-2-1-2009-security-for-industrial-automat">4.3.3.6.9</reference>
        <reference href="https://www.isa.org/products/isa-62443-2-1-2009-security-for-industrial-automat">4.3.3.7.1</reference>
        <reference href="https://www.isa.org/products/isa-62443-2-1-2009-security-for-industrial-automat">4.3.3.7.2</reference>
        <reference href="https://www.isa.org/products/isa-62443-2-1-2009-security-for-industrial-automat">4.3.3.7.3</reference>
        <reference href="https://www.isa.org/products/isa-62443-2-1-2009-security-for-industrial-automat">4.3.3.7.4</reference>
        <reference href="https://www.isa.org/products/isa-62443-2-1-2009-security-for-industrial-automat">4.3.4.3.2</reference>
        <reference href="https://www.isa.org/products/isa-62443-2-1-2009-security-for-industrial-automat">4.3.4.3.3</reference>
        <reference href="https://www.isa.org/products/ansi-isa-62443-3-3-99-03-03-2013-security-for-indu">SR 1.1</reference>
        <reference href="https://www.isa.org/products/ansi-isa-62443-3-3-99-03-03-2013-security-for-indu">SR 1.10</reference>
        <reference href="https://www.isa.org/products/ansi-isa-62443-3-3-99-03-03-2013-security-for-indu">SR 1.11</reference>
        <reference href="https://www.isa.org/products/ansi-isa-62443-3-3-99-03-03-2013-security-for-indu">SR 1.12</reference>
        <reference href="https://www.isa.org/products/ansi-isa-62443-3-3-99-03-03-2013-security-for-indu">SR 1.13</reference>
        <reference href="https://www.isa.org/products/ansi-isa-62443-3-3-99-03-03-2013-security-for-indu">SR 1.2</reference>
        <reference href="https://www.isa.org/products/ansi-isa-62443-3-3-99-03-03-2013-security-for-indu">SR 1.3</reference>
        <reference href="https://www.isa.org/products/ansi-isa-62443-3-3-99-03-03-2013-security-for-indu">SR 1.4</reference>
        <reference href="https://www.isa.org/products/ansi-isa-62443-3-3-99-03-03-2013-security-for-indu">SR 1.5</reference>
        <reference href="https://www.isa.org/products/ansi-isa-62443-3-3-99-03-03-2013-security-for-indu">SR 1.6</reference>
        <reference href="https://www.isa.org/products/ansi-isa-62443-3-3-99-03-03-2013-security-for-indu">SR 1.7</reference>
        <reference href="https://www.isa.org/products/ansi-isa-62443-3-3-99-03-03-2013-security-for-indu">SR 1.8</reference>
        <reference href="https://www.isa.org/products/ansi-isa-62443-3-3-99-03-03-2013-security-for-indu">SR 1.9</reference>
        <reference href="https://www.isa.org/products/ansi-isa-62443-3-3-99-03-03-2013-security-for-indu">SR 2.1</reference>
        <reference href="https://www.isa.org/products/ansi-isa-62443-3-3-99-03-03-2013-security-for-indu">SR 2.2</reference>
        <reference href="https://www.isa.org/products/ansi-isa-62443-3-3-99-03-03-2013-security-for-indu">SR 2.3</reference>
        <reference href="https://www.isa.org/products/ansi-isa-62443-3-3-99-03-03-2013-security-for-indu">SR 2.4</reference>
        <reference href="https://www.isa.org/products/ansi-isa-62443-3-3-99-03-03-2013-security-for-indu">SR 2.5</reference>
        <reference href="https://www.isa.org/products/ansi-isa-62443-3-3-99-03-03-2013-security-for-indu">SR 2.6</reference>
        <reference href="https://www.isa.org/products/ansi-isa-62443-3-3-99-03-03-2013-security-for-indu">SR 2.7</reference>
        <reference href="https://www.isa.org/products/ansi-isa-62443-3-3-99-03-03-2013-security-for-indu">SR 7.6</reference>
        <reference href="https://www.iso.org/contents/data/standard/05/45/54534.html">A.12.1.2</reference>
        <reference href="https://www.iso.org/contents/data/standard/05/45/54534.html">A.12.5.1</reference>
        <reference href="https://www.iso.org/contents/data/standard/05/45/54534.html">A.12.6.2</reference>
        <reference href="https://www.iso.org/contents/data/standard/05/45/54534.html">A.14.2.2</reference>
        <reference href="https://www.iso.org/contents/data/standard/05/45/54534.html">A.14.2.3</reference>
        <reference href="https://www.iso.org/contents/data/standard/05/45/54534.html">A.14.2.4</reference>
        <reference href="https://www.iso.org/contents/data/standard/05/45/54534.html">A.9.1.2</reference>
        <reference href="http://nvlpubs.nist.gov/nistpubs/SpecialPublications/NIST.SP.800-53r4.pdf">CM-7(a)</reference>
        <reference href="http://nvlpubs.nist.gov/nistpubs/SpecialPublications/NIST.SP.800-53r4.pdf">CM-7(b)</reference>
        <reference href="http://nvlpubs.nist.gov/nistpubs/SpecialPublications/NIST.SP.800-53r4.pdf">CM-6(a)</reference>
        <reference href="https://nvlpubs.nist.gov/nistpubs/CSWP/NIST.CSWP.04162018.pdf">PR.IP-1</reference>
        <reference href="https://nvlpubs.nist.gov/nistpubs/CSWP/NIST.CSWP.04162018.pdf">PR.PT-3</reference>
        <reference href="https://www.cyber.mil/stigs/downloads/?_dl_facet_stigs=operating-systems%2Cgeneral-purpose-os">SRG-OS-000480-GPOS-00227</reference>
        <reference href="https://www.cyber.mil/stigs/downloads/?_dl_facet_stigs=operating-systems%2Cgeneral-purpose-os">SRG-OS-000095-GPOS-00049</reference>
        <reference href="https://cyber.gouv.fr/sites/default/files/document/linux_configuration-en-v2.pdf">R62</reference>
        <rationale xmlns:xhtml="http://www.w3.org/1999/xhtml" xml:lang="en-US">The sendmail software was not developed with security in mind and
its design prevents it from being effectively contained by SELinux.  Postfix
should be used instead.</rationale>
        <ident system="https://ncp.nist.gov/cce">CCE-85761-5</ident>
        <fix xmlns:xhtml="http://www.w3.org/1999/xhtml" id="package_sendmail_removed" system="urn:xccdf:fix:script:puppet" complexity="low" disruption="low" strategy="disable">
include remove_sendmail

class remove_sendmail {
  package { 'sendmail':
    ensure =&gt; 'purged',
  }
}
</fix>
        <fix xmlns:xhtml="http://www.w3.org/1999/xhtml" id="package_sendmail_removed" system="urn:xccdf:fix:script:sh" complexity="low" disruption="low" strategy="disable"># Remediation is applicable only in certain platforms
if rpm --quiet -q kernel-default || rpm --quiet -q kernel-default-base; then

# CAUTION: This remediation script will remove sendmail
# from the system, and may remove any packages
# that depend on sendmail. Execute this
# remediation AFTER testing on a non-production
# system!


zypper remove -y "sendmail"

else
    &gt;&amp;2 echo 'Remediation is not applicable, nothing was done'
fi
</fix>
        <fix xmlns:xhtml="http://www.w3.org/1999/xhtml" id="package_sendmail_removed" system="urn:xccdf:fix:script:ansible" complexity="low" disruption="low" strategy="disable">- name: Gather the package facts
  package_facts:
    manager: auto
  tags:
  - CCE-85761-5
  - NIST-800-53-CM-6(a)
  - NIST-800-53-CM-7(a)
  - NIST-800-53-CM-7(b)
  - disable_strategy
  - low_complexity
  - low_disruption
  - medium_severity
  - no_reboot_needed
  - package_sendmail_removed

- name: 'Uninstall Sendmail Package: Ensure sendmail is removed'
  ansible.builtin.package:
    name: sendmail
    state: absent
  when: ("kernel-default" in ansible_facts.packages or "kernel-default-base" in ansible_facts.packages)
  tags:
  - CCE-85761-5
  - NIST-800-53-CM-6(a)
  - NIST-800-53-CM-7(a)
  - NIST-800-53-CM-7(b)
  - disable_strategy
  - low_complexity
  - low_disruption
  - medium_severity
  - no_reboot_needed
  - package_sendmail_removed
</fix>
        <check system="http://oval.mitre.org/XMLSchema/oval-definitions-5">
          <check-content-ref name="oval:ssg-package_sendmail_removed:def:1" href="ssg-sle15-oval.xml"/>
        </check>
        <check system="http://scap.nist.gov/schema/ocil/2">
          <check-content-ref name="ocil:ssg-package_sendmail_removed_ocil:questionnaire:1" href="ssg-sle15-ocil.xml"/>
        </check>
      </Rule>
      <Rule id="xccdf_org.ssgproject.content_rule_service_postfix_enabled" selected="false" role="full" severity="unknown">
        <title xmlns:xhtml="http://www.w3.org/1999/xhtml" xml:lang="en-US">Enable Postfix Service</title>
        <description xmlns:xhtml="http://www.w3.org/1999/xhtml" xml:lang="en-US">The Postfix mail transfer agent is used for local mail delivery
within the system. The default configuration only listens for connections to
the default SMTP port (port 25) on the loopback interface (127.0.0.1).  It is
recommended to leave this service enabled for local mail delivery.

The <html:code xmlns:html="http://www.w3.org/1999/xhtml">postfix</html:code> service can be enabled with the following command:
<html:pre xmlns:html="http://www.w3.org/1999/xhtml">$ sudo systemctl enable postfix.service</html:pre>
      </description>
        <rationale xmlns:xhtml="http://www.w3.org/1999/xhtml" xml:lang="en-US">Local mail delivery is essential to some system maintenance and
notification tasks.</rationale>
        <fix xmlns:xhtml="http://www.w3.org/1999/xhtml" id="service_postfix_enabled" system="urn:xccdf:fix:script:puppet" complexity="low" disruption="low" strategy="enable">include enable_postfix

class enable_postfix {
  service {'postfix':
    enable =&gt; true,
    ensure =&gt; 'running',
  }
}
</fix>
        <fix xmlns:xhtml="http://www.w3.org/1999/xhtml" id="service_postfix_enabled" system="urn:xccdf:fix:script:sh" complexity="low" disruption="low" strategy="enable"># Remediation is applicable only in certain platforms
if rpm --quiet -q kernel-default || rpm --quiet -q kernel-default-base; then

SYSTEMCTL_EXEC='/usr/bin/systemctl'
"$SYSTEMCTL_EXEC" unmask 'postfix.service'
if [[ $("$SYSTEMCTL_EXEC" is-system-running) != "offline" ]]; then
  "$SYSTEMCTL_EXEC" start 'postfix.service'
fi
"$SYSTEMCTL_EXEC" enable 'postfix.service'

else
    &gt;&amp;2 echo 'Remediation is not applicable, nothing was done'
fi
</fix>
        <fix xmlns:xhtml="http://www.w3.org/1999/xhtml" id="service_postfix_enabled" system="urn:redhat:osbuild:blueprint">
[customizations.services]
enabled = ["postfix"]
</fix>
        <fix xmlns:xhtml="http://www.w3.org/1999/xhtml" id="service_postfix_enabled" system="urn:xccdf:fix:script:ansible" complexity="low" disruption="low" strategy="enable">- name: Gather the package facts
  package_facts:
    manager: auto
  tags:
  - enable_strategy
  - low_complexity
  - low_disruption
  - no_reboot_needed
  - service_postfix_enabled
  - unknown_severity

- name: Enable Postfix Service - Enable service postfix
  block:

  - name: Gather the package facts
    ansible.builtin.package_facts:
      manager: auto

  - name: Enable Postfix Service - Enable Service postfix
    ansible.builtin.systemd:
      name: postfix
      enabled: true
      state: started
      masked: false
    when:
    - '"postfix" in ansible_facts.packages'
  tags:
  - enable_strategy
  - low_complexity
  - low_disruption
  - no_reboot_needed
  - service_postfix_enabled
  - special_service_block
  - unknown_severity
  when: ("kernel-default" in ansible_facts.packages or "kernel-default-base" in ansible_facts.packages)
</fix>
        <check system="http://open-scap.org/page/SCE">
          <check-import import-name="stdout">
              </check-import>
          <check-content-ref href="sle15/checks/sce/service_postfix_enabled.sh"/>
        </check>
        <check system="http://oval.mitre.org/XMLSchema/oval-definitions-5">
          <check-content-ref name="oval:ssg-service_postfix_enabled:def:1" href="ssg-sle15-oval.xml"/>
        </check>
        <check system="http://scap.nist.gov/schema/ocil/2">
          <check-content-ref name="ocil:ssg-service_postfix_enabled_ocil:questionnaire:1" href="ssg-sle15-ocil.xml"/>
        </check>
      </Rule>
      <Group id="xccdf_org.ssgproject.content_group_postfix_client">
        <title xmlns:xhtml="http://www.w3.org/1999/xhtml" xml:lang="en-US">Configure SMTP For Mail Clients</title>
        <description xmlns:xhtml="http://www.w3.org/1999/xhtml" xml:lang="en-US">This section discusses settings for Postfix in a submission-only
e-mail configuration.</description>
        <Value id="xccdf_org.ssgproject.content_value_var_postfix_inet_interfaces" type="string">
          <title xmlns:xhtml="http://www.w3.org/1999/xhtml" xml:lang="en-US">Postfix Network Interfaces</title>
          <description xmlns:xhtml="http://www.w3.org/1999/xhtml" xml:lang="en-US">The setting for inet_interfaces in /etc/postfix/main.cf</description>
          <value selector="loopback-only">loopback-only</value>
          <value>loopback-only</value>
          <value selector="localhost">localhost</value>
        </Value>
        <Value id="xccdf_org.ssgproject.content_value_var_postfix_relayhost" type="string">
          <title xmlns:xhtml="http://www.w3.org/1999/xhtml" xml:lang="en-US">Postfix relayhost</title>
          <description xmlns:xhtml="http://www.w3.org/1999/xhtml" xml:lang="en-US">Specify the host all outbound email should be routed into.</description>
          <value>smtp.$mydomain</value>
        </Value>
        <Value id="xccdf_org.ssgproject.content_value_var_postfix_root_mail_alias" type="string" interactive="true">
          <title xmlns:xhtml="http://www.w3.org/1999/xhtml" xml:lang="en-US">Postfix Root Mail Alias</title>
          <description xmlns:xhtml="http://www.w3.org/1999/xhtml" xml:lang="en-US">Specify an email address (string) for a root mail alias.</description>
          <value>change_me@localhost</value>
          <value selector="mil_sysadmin">system.administrator@mail.mil</value>
        </Value>
        <Rule id="xccdf_org.ssgproject.content_rule_postfix_client_configure_mail_alias" selected="false" role="full" severity="medium">
          <title xmlns:xhtml="http://www.w3.org/1999/xhtml" xml:lang="en-US">Configure System to Forward All Mail For The Root Account</title>
          <description xmlns:xhtml="http://www.w3.org/1999/xhtml" xml:lang="en-US">Make sure that mails delivered to root user are forwarded to a monitored
email address. Make sure that the address
<xccdf-1.2:sub xmlns:xccdf-1.2="http://checklists.nist.gov/xccdf/1.2" idref="xccdf_org.ssgproject.content_value_var_postfix_root_mail_alias" use="legacy"/> is a valid email address
reachable from the system in question. Use the following command to
configure the alias:
<html:pre xmlns:html="http://www.w3.org/1999/xhtml" xmlns:xccdf-1.2="http://checklists.nist.gov/xccdf/1.2">$ sudo echo "root: <xccdf-1.2:sub idref="xccdf_org.ssgproject.content_value_var_postfix_root_mail_alias" use="legacy"/>" &gt;&gt; /etc/aliases
$ sudo newaliases</html:pre>
       </description>
          <reference href="http://nvlpubs.nist.gov/nistpubs/SpecialPublications/NIST.SP.800-53r4.pdf">CM-6(a)</reference>
          <reference href="https://www.cyber.mil/stigs/downloads/?_dl_facet_stigs=operating-systems%2Cgeneral-purpose-os">SRG-OS-000046-GPOS-00022</reference>
          <reference href="https://www.cyber.mil/stigs/downloads/?_dl_facet_stigs=operating-systems%2Cunix-linux">SLES-15-030580</reference>
          <reference href="https://cyber.gouv.fr/sites/default/files/document/linux_configuration-en-v2.pdf">R75</reference>
          <reference href="https://www.cyber.mil/stigs/srg-stig-tools/">SV-234957r958424_rule</reference>
          <rationale xmlns:xhtml="http://www.w3.org/1999/xhtml" xml:lang="en-US">A number of system services utilize email messages sent to the root user to
notify system administrators of active or impending issues.  These messages must
be forwarded to at least one monitored email address.</rationale>
          <ident system="https://ncp.nist.gov/cce">CCE-85605-4</ident>
          <fix xmlns:xhtml="http://www.w3.org/1999/xhtml" id="postfix_client_configure_mail_alias" system="urn:xccdf:fix:script:sh"># Remediation is applicable only in certain platforms
if rpm --quiet -q kernel-default || rpm --quiet -q kernel-default-base; then

var_postfix_root_mail_alias='<xccdf-1.2:sub xmlns:xccdf-1.2="http://checklists.nist.gov/xccdf/1.2" idref="xccdf_org.ssgproject.content_value_var_postfix_root_mail_alias" use="legacy"/>'


# Strip any search characters in the key arg so that the key can be replaced without
# adding any search characters to the config file.
stripped_key=$(sed 's/[\^=\$,;+]*//g' &lt;&lt;&lt; "^root")

# shellcheck disable=SC2059
printf -v formatted_output "%s: %s" "$stripped_key" "$var_postfix_root_mail_alias"

# If the key exists, change it. Otherwise, add it to the config_file.
# We search for the key string followed by a word boundary (matched by \&gt;),
# so if we search for 'setting', 'setting2' won't match.
if LC_ALL=C grep -q -m 1 -i -e "^root\\&gt;" "/etc/aliases"; then
    escaped_formatted_output=$(sed -e 's|/|\\/|g' &lt;&lt;&lt; "$formatted_output")
    LC_ALL=C sed -i --follow-symlinks "s/^root\\&gt;.*/$escaped_formatted_output/gi" "/etc/aliases"
else
    if [[ -s "/etc/aliases" ]] &amp;&amp; [[ -n "$(tail -c 1 -- "/etc/aliases" || true)" ]]; then
        LC_ALL=C sed -i --follow-symlinks '$a'\\ "/etc/aliases"
    fi
    cce="CCE-85605-4"
    printf '# Per %s: Set %s in %s\n' "${cce}" "${formatted_output}" "/etc/aliases" &gt;&gt; "/etc/aliases"
    printf '%s\n' "$formatted_output" &gt;&gt; "/etc/aliases"
fi

if [ -f /usr/bin/newaliases ]; then
    newaliases
fi

else
    &gt;&amp;2 echo 'Remediation is not applicable, nothing was done'
fi
</fix>
          <fix xmlns:xhtml="http://www.w3.org/1999/xhtml" id="postfix_client_configure_mail_alias" system="urn:xccdf:fix:script:ansible" complexity="low" disruption="low" strategy="configure">- name: Gather the package facts
  package_facts:
    manager: auto
  tags:
  - CCE-85605-4
  - DISA-STIG-SLES-15-030580
  - NIST-800-53-CM-6(a)
  - configure_strategy
  - low_complexity
  - low_disruption
  - medium_severity
  - no_reboot_needed
  - postfix_client_configure_mail_alias
- name: XCCDF Value var_postfix_root_mail_alias # promote to variable
  set_fact:
    var_postfix_root_mail_alias: !!str <xccdf-1.2:sub xmlns:xccdf-1.2="http://checklists.nist.gov/xccdf/1.2" idref="xccdf_org.ssgproject.content_value_var_postfix_root_mail_alias" use="legacy"/>
  tags:
    - always

- name: Configure System to Forward All Mail For The Root Account - Make sure that
    "/etc/aliases" has a defined value for root
  ansible.builtin.lineinfile:
    path: /etc/aliases
    line: 'root: {{ var_postfix_root_mail_alias }}'
    regexp: ^(?:[rR][oO][oO][tT]|"[rR][oO][oO][tT]")\s*:\s*(.+)$
    create: true
    state: present
  register: aliases_root_mail_alias_changed
  when: ("kernel-default" in ansible_facts.packages or "kernel-default-base" in ansible_facts.packages)
  tags:
  - CCE-85605-4
  - DISA-STIG-SLES-15-030580
  - NIST-800-53-CM-6(a)
  - configure_strategy
  - low_complexity
  - low_disruption
  - medium_severity
  - no_reboot_needed
  - postfix_client_configure_mail_alias

- name: Configure System to Forward All Mail For The Root Account - Check if newaliases
    command is available
  ansible.builtin.stat:
    path: /usr/bin/newaliases
  register: result_newaliases_present
  when: ("kernel-default" in ansible_facts.packages or "kernel-default-base" in ansible_facts.packages)
  tags:
  - CCE-85605-4
  - DISA-STIG-SLES-15-030580
  - NIST-800-53-CM-6(a)
  - configure_strategy
  - low_complexity
  - low_disruption
  - medium_severity
  - no_reboot_needed
  - postfix_client_configure_mail_alias

- name: Configure System to Forward All Mail For The Root Account - Update postfix
    aliases
  ansible.builtin.command:
    cmd: newaliases
  when:
  - ("kernel-default" in ansible_facts.packages or "kernel-default-base" in ansible_facts.packages)
  - aliases_root_mail_alias_changed is changed
  - result_newaliases_present.stat.exists
  tags:
  - CCE-85605-4
  - DISA-STIG-SLES-15-030580
  - NIST-800-53-CM-6(a)
  - configure_strategy
  - low_complexity
  - low_disruption
  - medium_severity
  - no_reboot_needed
  - postfix_client_configure_mail_alias
</fix>
          <check system="http://oval.mitre.org/XMLSchema/oval-definitions-5">
            <check-export export-name="oval:ssg-var_postfix_root_mail_alias:var:1" value-id="xccdf_org.ssgproject.content_value_var_postfix_root_mail_alias"/>
            <check-content-ref name="oval:ssg-postfix_client_configure_mail_alias:def:1" href="ssg-sle15-oval.xml"/>
          </check>
          <check system="http://scap.nist.gov/schema/ocil/2">
            <check-content-ref name="ocil:ssg-postfix_client_configure_mail_alias_ocil:questionnaire:1" href="ssg-sle15-ocil.xml"/>
          </check>
        </Rule>
        <Rule id="xccdf_org.ssgproject.content_rule_postfix_client_configure_mail_alias_postmaster" selected="false" role="full" severity="medium">
          <title xmlns:xhtml="http://www.w3.org/1999/xhtml" xml:lang="en-US">Configure System to Forward All Mail From Postmaster to The Root Account</title>
          <description xmlns:xhtml="http://www.w3.org/1999/xhtml" xml:lang="en-US">Verify the administrators are notified in the event of an audit processing failure.
Check that the "/etc/aliases" file has a defined value for "root".
<html:pre xmlns:html="http://www.w3.org/1999/xhtml">$ sudo grep "postmaster:\s*root$" /etc/aliases

postmaster: root</html:pre>
       </description>
          <reference href="http://nvlpubs.nist.gov/nistpubs/SpecialPublications/NIST.SP.800-53r4.pdf">AU-5(a)</reference>
          <reference href="http://nvlpubs.nist.gov/nistpubs/SpecialPublications/NIST.SP.800-53r4.pdf">AU-5.1(ii)</reference>
          <reference href="https://www.cyber.mil/stigs/downloads/?_dl_facet_stigs=operating-systems%2Cgeneral-purpose-os">SRG-OS-000046-GPOS-00022</reference>
          <rationale xmlns:xhtml="http://www.w3.org/1999/xhtml" xml:lang="en-US">It is critical for the appropriate personnel to be aware if a system is at risk of failing to
process audit logs as required. Without this notification, the security personnel may be
unaware of an impending failure of the audit capability, and system operation may be adversely
affected.

Audit processing failures include software/hardware errors, failures in the audit capturing
mechanisms, and audit storage capacity being reached or exceeded.</rationale>
          <fix xmlns:xhtml="http://www.w3.org/1999/xhtml" id="postfix_client_configure_mail_alias_postmaster" system="urn:xccdf:fix:script:sh" complexity="low" disruption="low" strategy="configure"># Remediation is applicable only in certain platforms
if rpm --quiet -q kernel-default || rpm --quiet -q kernel-default-base; then

if [ -e "/etc/aliases" ] ; then
    
    LC_ALL=C sed -i "/^\s*postmaster\s*:\s*/Id" "/etc/aliases"
else
    touch "/etc/aliases"
fi
# make sure file has newline at the end
sed -i -e '$a\' "/etc/aliases"

cp "/etc/aliases" "/etc/aliases.bak"
# Insert at the end of the file
printf '%s\n' "postmaster: root" &gt;&gt; "/etc/aliases"
# Clean up after ourselves.
rm "/etc/aliases.bak"

if [ -f /usr/bin/newaliases ]; then
    newaliases
fi

else
    &gt;&amp;2 echo 'Remediation is not applicable, nothing was done'
fi
</fix>
          <fix xmlns:xhtml="http://www.w3.org/1999/xhtml" id="postfix_client_configure_mail_alias_postmaster" system="urn:xccdf:fix:script:ansible" complexity="low" disruption="low" strategy="configure">- name: Gather the package facts
  package_facts:
    manager: auto
  tags:
  - NIST-800-53-AU-5(a)
  - NIST-800-53-AU-5.1(ii)
  - configure_strategy
  - low_complexity
  - low_disruption
  - medium_severity
  - no_reboot_needed
  - postfix_client_configure_mail_alias_postmaster

- name: Configure System to Forward All Mail From Postmaster to The Root Account
  block:

  - name: Check for duplicate values
    ansible.builtin.lineinfile:
      path: /etc/aliases
      create: true
      regexp: (?i)^\s*postmaster\s*:\s*
      state: absent
    check_mode: true
    changed_when: false
    register: dupes

  - name: Deduplicate values from /etc/aliases
    ansible.builtin.lineinfile:
      path: /etc/aliases
      create: true
      regexp: (?i)^\s*postmaster\s*:\s*
      state: absent
    when: dupes.found is defined and dupes.found &gt; 1

  - name: Insert correct line to /etc/aliases
    ansible.builtin.lineinfile:
      path: /etc/aliases
      create: true
      regexp: (?i)^\s*postmaster\s*:\s*
      line: 'postmaster: root'
      state: present
    register: aliases_postmaster_changed
  when: ("kernel-default" in ansible_facts.packages or "kernel-default-base" in ansible_facts.packages)
  tags:
  - NIST-800-53-AU-5(a)
  - NIST-800-53-AU-5.1(ii)
  - configure_strategy
  - low_complexity
  - low_disruption
  - medium_severity
  - no_reboot_needed
  - postfix_client_configure_mail_alias_postmaster

- name: Configure System to Forward All Mail From Postmaster to The Root Account -
    Check if newaliases command is available
  ansible.builtin.stat:
    path: /usr/bin/newaliases
  register: result_newaliases_present
  when: ("kernel-default" in ansible_facts.packages or "kernel-default-base" in ansible_facts.packages)
  tags:
  - NIST-800-53-AU-5(a)
  - NIST-800-53-AU-5.1(ii)
  - configure_strategy
  - low_complexity
  - low_disruption
  - medium_severity
  - no_reboot_needed
  - postfix_client_configure_mail_alias_postmaster

- name: Configure System to Forward All Mail From Postmaster to The Root Account -
    Update postfix aliases
  ansible.builtin.command:
    cmd: newaliases
  when:
  - ("kernel-default" in ansible_facts.packages or "kernel-default-base" in ansible_facts.packages)
  - result_newaliases_present.stat.exists
  - aliases_postmaster_changed is changed
  tags:
  - NIST-800-53-AU-5(a)
  - NIST-800-53-AU-5.1(ii)
  - configure_strategy
  - low_complexity
  - low_disruption
  - medium_severity
  - no_reboot_needed
  - postfix_client_configure_mail_alias_postmaster
</fix>
          <check system="http://oval.mitre.org/XMLSchema/oval-definitions-5">
            <check-content-ref name="oval:ssg-postfix_client_configure_mail_alias_postmaster:def:1" href="ssg-sle15-oval.xml"/>
          </check>
          <check system="http://scap.nist.gov/schema/ocil/2">
            <check-content-ref name="ocil:ssg-postfix_client_configure_mail_alias_postmaster_ocil:questionnaire:1" href="ssg-sle15-ocil.xml"/>
          </check>
        </Rule>
        <Rule id="xccdf_org.ssgproject.content_rule_postfix_client_configure_relayhost" selected="false" role="full" severity="medium">
          <title xmlns:xhtml="http://www.w3.org/1999/xhtml" xml:lang="en-US">Configure System to Forward All Mail through a specific host</title>
          <description xmlns:xhtml="http://www.w3.org/1999/xhtml" xml:lang="en-US">Set up a relay host that will act as a gateway for all outbound email.
Edit the file <html:code xmlns:html="http://www.w3.org/1999/xhtml">/etc/postfix/main.cf</html:code> to ensure that only the following
<html:code xmlns:html="http://www.w3.org/1999/xhtml">relayhost</html:code> line appears:
<html:pre xmlns:html="http://www.w3.org/1999/xhtml" xmlns:xccdf-1.2="http://checklists.nist.gov/xccdf/1.2">relayhost = <xccdf-1.2:sub idref="xccdf_org.ssgproject.content_value_var_postfix_relayhost" use="legacy"/>
        </html:pre>
       </description>
          <rationale xmlns:xhtml="http://www.w3.org/1999/xhtml" xml:lang="en-US">A central outbound email location ensures messages sent from any network host
can be audited for potential unexpected content.  Tooling on the central server
may help prevent spam or viruses from being delivered.</rationale>
          <platform idref="#package_postfix"/>
          <check system="http://scap.nist.gov/schema/ocil/2">
            <check-content-ref name="ocil:ssg-postfix_client_configure_relayhost_ocil:questionnaire:1" href="ssg-sle15-ocil.xml"/>
          </check>
        </Rule>
        <Rule id="xccdf_org.ssgproject.content_rule_postfix_network_listening_disabled" selected="false" role="full" severity="medium">
          <title xmlns:xhtml="http://www.w3.org/1999/xhtml" xml:lang="en-US">Disable Postfix Network Listening</title>
          <description xmlns:xhtml="http://www.w3.org/1999/xhtml" xml:lang="en-US">Edit the file <html:code xmlns:html="http://www.w3.org/1999/xhtml">/etc/postfix/main.cf</html:code> to ensure that only the following
<html:code xmlns:html="http://www.w3.org/1999/xhtml">inet_interfaces</html:code> line appears:
<html:pre xmlns:html="http://www.w3.org/1999/xhtml" xmlns:xccdf-1.2="http://checklists.nist.gov/xccdf/1.2">inet_interfaces = <xccdf-1.2:sub idref="xccdf_org.ssgproject.content_value_var_postfix_inet_interfaces" use="legacy"/>
        </html:pre>
       </description>
          <reference href="https://www.cisecurity.org/controls/">11</reference>
          <reference href="https://www.cisecurity.org/controls/">14</reference>
          <reference href="https://www.cisecurity.org/controls/">3</reference>
          <reference href="https://www.cisecurity.org/controls/">9</reference>
          <reference href="https://www.isaca.org/resources/cobit">BAI10.01</reference>
          <reference href="https://www.isaca.org/resources/cobit">BAI10.02</reference>
          <reference href="https://www.isaca.org/resources/cobit">BAI10.03</reference>
          <reference href="https://www.isaca.org/resources/cobit">BAI10.05</reference>
          <reference href="https://www.isaca.org/resources/cobit">DSS05.02</reference>
          <reference href="https://www.isaca.org/resources/cobit">DSS05.05</reference>
          <reference href="https://www.isaca.org/resources/cobit">DSS06.06</reference>
          <reference href="https://www.isa.org/products/isa-62443-2-1-2009-security-for-industrial-automat">4.3.3.5.1</reference>
          <reference href="https://www.isa.org/products/isa-62443-2-1-2009-security-for-industrial-automat">4.3.3.5.2</reference>
          <reference href="https://www.isa.org/products/isa-62443-2-1-2009-security-for-industrial-automat">4.3.3.5.3</reference>
          <reference href="https://www.isa.org/products/isa-62443-2-1-2009-security-for-industrial-automat">4.3.3.5.4</reference>
          <reference href="https://www.isa.org/products/isa-62443-2-1-2009-security-for-industrial-automat">4.3.3.5.5</reference>
          <reference href="https://www.isa.org/products/isa-62443-2-1-2009-security-for-industrial-automat">4.3.3.5.6</reference>
          <reference href="https://www.isa.org/products/isa-62443-2-1-2009-security-for-industrial-automat">4.3.3.5.7</reference>
          <reference href="https://www.isa.org/products/isa-62443-2-1-2009-security-for-industrial-automat">4.3.3.5.8</reference>
          <reference href="https://www.isa.org/products/isa-62443-2-1-2009-security-for-industrial-automat">4.3.3.6.1</reference>
          <reference href="https://www.isa.org/products/isa-62443-2-1-2009-security-for-industrial-automat">4.3.3.6.2</reference>
          <reference href="https://www.isa.org/products/isa-62443-2-1-2009-security-for-industrial-automat">4.3.3.6.3</reference>
          <reference href="https://www.isa.org/products/isa-62443-2-1-2009-security-for-industrial-automat">4.3.3.6.4</reference>
          <reference href="https://www.isa.org/products/isa-62443-2-1-2009-security-for-industrial-automat">4.3.3.6.5</reference>
          <reference href="https://www.isa.org/products/isa-62443-2-1-2009-security-for-industrial-automat">4.3.3.6.6</reference>
          <reference href="https://www.isa.org/products/isa-62443-2-1-2009-security-for-industrial-automat">4.3.3.6.7</reference>
          <reference href="https://www.isa.org/products/isa-62443-2-1-2009-security-for-industrial-automat">4.3.3.6.8</reference>
          <reference href="https://www.isa.org/products/isa-62443-2-1-2009-security-for-industrial-automat">4.3.3.6.9</reference>
          <reference href="https://www.isa.org/products/isa-62443-2-1-2009-security-for-industrial-automat">4.3.3.7.1</reference>
          <reference href="https://www.isa.org/products/isa-62443-2-1-2009-security-for-industrial-automat">4.3.3.7.2</reference>
          <reference href="https://www.isa.org/products/isa-62443-2-1-2009-security-for-industrial-automat">4.3.3.7.3</reference>
          <reference href="https://www.isa.org/products/isa-62443-2-1-2009-security-for-industrial-automat">4.3.3.7.4</reference>
          <reference href="https://www.isa.org/products/isa-62443-2-1-2009-security-for-industrial-automat">4.3.4.3.2</reference>
          <reference href="https://www.isa.org/products/isa-62443-2-1-2009-security-for-industrial-automat">4.3.4.3.3</reference>
          <reference href="https://www.isa.org/products/ansi-isa-62443-3-3-99-03-03-2013-security-for-indu">SR 1.1</reference>
          <reference href="https://www.isa.org/products/ansi-isa-62443-3-3-99-03-03-2013-security-for-indu">SR 1.10</reference>
          <reference href="https://www.isa.org/products/ansi-isa-62443-3-3-99-03-03-2013-security-for-indu">SR 1.11</reference>
          <reference href="https://www.isa.org/products/ansi-isa-62443-3-3-99-03-03-2013-security-for-indu">SR 1.12</reference>
          <reference href="https://www.isa.org/products/ansi-isa-62443-3-3-99-03-03-2013-security-for-indu">SR 1.13</reference>
          <reference href="https://www.isa.org/products/ansi-isa-62443-3-3-99-03-03-2013-security-for-indu">SR 1.2</reference>
          <reference href="https://www.isa.org/products/ansi-isa-62443-3-3-99-03-03-2013-security-for-indu">SR 1.3</reference>
          <reference href="https://www.isa.org/products/ansi-isa-62443-3-3-99-03-03-2013-security-for-indu">SR 1.4</reference>
          <reference href="https://www.isa.org/products/ansi-isa-62443-3-3-99-03-03-2013-security-for-indu">SR 1.5</reference>
          <reference href="https://www.isa.org/products/ansi-isa-62443-3-3-99-03-03-2013-security-for-indu">SR 1.6</reference>
          <reference href="https://www.isa.org/products/ansi-isa-62443-3-3-99-03-03-2013-security-for-indu">SR 1.7</reference>
          <reference href="https://www.isa.org/products/ansi-isa-62443-3-3-99-03-03-2013-security-for-indu">SR 1.8</reference>
          <reference href="https://www.isa.org/products/ansi-isa-62443-3-3-99-03-03-2013-security-for-indu">SR 1.9</reference>
          <reference href="https://www.isa.org/products/ansi-isa-62443-3-3-99-03-03-2013-security-for-indu">SR 2.1</reference>
          <reference href="https://www.isa.org/products/ansi-isa-62443-3-3-99-03-03-2013-security-for-indu">SR 2.2</reference>
          <reference href="https://www.isa.org/products/ansi-isa-62443-3-3-99-03-03-2013-security-for-indu">SR 2.3</reference>
          <reference href="https://www.isa.org/products/ansi-isa-62443-3-3-99-03-03-2013-security-for-indu">SR 2.4</reference>
          <reference href="https://www.isa.org/products/ansi-isa-62443-3-3-99-03-03-2013-security-for-indu">SR 2.5</reference>
          <reference href="https://www.isa.org/products/ansi-isa-62443-3-3-99-03-03-2013-security-for-indu">SR 2.6</reference>
          <reference href="https://www.isa.org/products/ansi-isa-62443-3-3-99-03-03-2013-security-for-indu">SR 2.7</reference>
          <reference href="https://www.isa.org/products/ansi-isa-62443-3-3-99-03-03-2013-security-for-indu">SR 7.6</reference>
          <reference href="https://www.iso.org/contents/data/standard/05/45/54534.html">A.12.1.2</reference>
          <reference href="https://www.iso.org/contents/data/standard/05/45/54534.html">A.12.5.1</reference>
          <reference href="https://www.iso.org/contents/data/standard/05/45/54534.html">A.12.6.2</reference>
          <reference href="https://www.iso.org/contents/data/standard/05/45/54534.html">A.14.2.2</reference>
          <reference href="https://www.iso.org/contents/data/standard/05/45/54534.html">A.14.2.3</reference>
          <reference href="https://www.iso.org/contents/data/standard/05/45/54534.html">A.14.2.4</reference>
          <reference href="https://www.iso.org/contents/data/standard/05/45/54534.html">A.9.1.2</reference>
          <reference href="http://nvlpubs.nist.gov/nistpubs/SpecialPublications/NIST.SP.800-53r4.pdf">CM-7(a)</reference>
          <reference href="http://nvlpubs.nist.gov/nistpubs/SpecialPublications/NIST.SP.800-53r4.pdf">CM-7(b)</reference>
          <reference href="http://nvlpubs.nist.gov/nistpubs/SpecialPublications/NIST.SP.800-53r4.pdf">CM-6(a)</reference>
          <reference href="https://nvlpubs.nist.gov/nistpubs/CSWP/NIST.CSWP.04162018.pdf">PR.IP-1</reference>
          <reference href="https://nvlpubs.nist.gov/nistpubs/CSWP/NIST.CSWP.04162018.pdf">PR.PT-3</reference>
          <reference href="https://www.cisecurity.org/benchmark/suse_linux/">2.2.16</reference>
          <reference href="https://cyber.gouv.fr/sites/default/files/document/linux_configuration-en-v2.pdf">R74</reference>
          <reference href="not_publicly_available">SLES-15-300150330</reference>
          <reference href="https://docs-prv.pcisecuritystandards.org/PCI%20DSS/Standard/PCI-DSS-v4_0.pdf">1.4.2</reference>
          <reference href="https://docs-prv.pcisecuritystandards.org/PCI%20DSS/Standard/PCI-DSS-v4_0.pdf">1.4</reference>
          <rationale xmlns:xhtml="http://www.w3.org/1999/xhtml" xml:lang="en-US">This ensures <html:code xmlns:html="http://www.w3.org/1999/xhtml">postfix</html:code> accepts mail messages
(such as cron job reports) from the local system only,
and not from the network, which protects it from network attack.</rationale>
          <platform idref="#package_postfix"/>
          <ident system="https://ncp.nist.gov/cce">CCE-91280-8</ident>
          <fix xmlns:xhtml="http://www.w3.org/1999/xhtml" id="postfix_network_listening_disabled" system="urn:xccdf:fix:script:sh"># Remediation is applicable only in certain platforms
if rpm --quiet -q kernel-default || rpm --quiet -q kernel-default-base &amp;&amp; { rpm --quiet -q postfix; }; then

var_postfix_inet_interfaces='<xccdf-1.2:sub xmlns:xccdf-1.2="http://checklists.nist.gov/xccdf/1.2" idref="xccdf_org.ssgproject.content_value_var_postfix_inet_interfaces" use="legacy"/>'


if [ -e "/etc/postfix/main.cf" ] ; then
    
    LC_ALL=C sed -i "/^\s*inet_interfaces\s\+=\s\+/Id" "/etc/postfix/main.cf"
else
    touch "/etc/postfix/main.cf"
fi
# make sure file has newline at the end
sed -i -e '$a\' "/etc/postfix/main.cf"

cp "/etc/postfix/main.cf" "/etc/postfix/main.cf.bak"
# Insert at the end of the file
printf '%s\n' "inet_interfaces=$var_postfix_inet_interfaces" &gt;&gt; "/etc/postfix/main.cf"
# Clean up after ourselves.
rm "/etc/postfix/main.cf.bak"

systemctl restart postfix

else
    &gt;&amp;2 echo 'Remediation is not applicable, nothing was done'
fi
</fix>
          <fix xmlns:xhtml="http://www.w3.org/1999/xhtml" id="postfix_network_listening_disabled" system="urn:xccdf:fix:script:ansible" complexity="low" disruption="low" strategy="restrict">- name: Gather the package facts
  package_facts:
    manager: auto
  tags:
  - CCE-91280-8
  - NIST-800-53-CM-6(a)
  - NIST-800-53-CM-7(a)
  - NIST-800-53-CM-7(b)
  - PCI-DSSv4-1.4
  - PCI-DSSv4-1.4.2
  - low_complexity
  - low_disruption
  - medium_severity
  - no_reboot_needed
  - postfix_network_listening_disabled
  - restrict_strategy
- name: XCCDF Value var_postfix_inet_interfaces # promote to variable
  set_fact:
    var_postfix_inet_interfaces: !!str <xccdf-1.2:sub xmlns:xccdf-1.2="http://checklists.nist.gov/xccdf/1.2" idref="xccdf_org.ssgproject.content_value_var_postfix_inet_interfaces" use="legacy"/>
  tags:
    - always

- name: Gather list of packages
  ansible.builtin.package_facts:
    manager: auto
  when:
  - ("kernel-default" in ansible_facts.packages or "kernel-default-base" in ansible_facts.packages)
  - '"postfix" in ansible_facts.packages'
  tags:
  - CCE-91280-8
  - NIST-800-53-CM-6(a)
  - NIST-800-53-CM-7(a)
  - NIST-800-53-CM-7(b)
  - PCI-DSSv4-1.4
  - PCI-DSSv4-1.4.2
  - low_complexity
  - low_disruption
  - medium_severity
  - no_reboot_needed
  - postfix_network_listening_disabled
  - restrict_strategy

- name: Make changes to Postfix configuration file
  ansible.builtin.lineinfile:
    path: /etc/postfix/main.cf
    create: false
    regexp: (?i)^inet_interfaces\s*=\s.*
    line: inet_interfaces = {{ var_postfix_inet_interfaces }}
    state: present
    insertafter: ^inet_interfaces\s*=\s.*
  when:
  - ("kernel-default" in ansible_facts.packages or "kernel-default-base" in ansible_facts.packages)
  - '"postfix" in ansible_facts.packages'
  - '"postfix" in ansible_facts.packages'
  tags:
  - CCE-91280-8
  - NIST-800-53-CM-6(a)
  - NIST-800-53-CM-7(a)
  - NIST-800-53-CM-7(b)
  - PCI-DSSv4-1.4
  - PCI-DSSv4-1.4.2
  - low_complexity
  - low_disruption
  - medium_severity
  - no_reboot_needed
  - postfix_network_listening_disabled
  - restrict_strategy
</fix>
          <check system="http://oval.mitre.org/XMLSchema/oval-definitions-5">
            <check-export export-name="oval:ssg-var_postfix_inet_interfaces:var:1" value-id="xccdf_org.ssgproject.content_value_var_postfix_inet_interfaces"/>
            <check-content-ref name="oval:ssg-postfix_network_listening_disabled:def:1" href="ssg-sle15-oval.xml"/>
          </check>
          <check system="http://scap.nist.gov/schema/ocil/2">
            <check-content-ref name="ocil:ssg-postfix_network_listening_disabled_ocil:questionnaire:1" href="ssg-sle15-ocil.xml"/>
          </check>
        </Rule>
      </Group>
    </Group>
    <Group id="xccdf_org.ssgproject.content_group_nfs_and_rpc">
      <title xmlns:xhtml="http://www.w3.org/1999/xhtml" xml:lang="en-US">NFS and RPC</title>
      <description xmlns:xhtml="http://www.w3.org/1999/xhtml" xml:lang="en-US">The Network File System is a popular distributed filesystem for
the Unix environment, and is very widely deployed.  This section discusses the
circumstances under which it is possible to disable NFS and its dependencies,
and then details steps which should be taken to secure
NFS's configuration. This section is relevant to systems operating as NFS
clients, as well as to those operating as NFS servers.</description>
      <Rule id="xccdf_org.ssgproject.content_rule_package_nfs-utils_removed" selected="false" role="full" severity="low">
        <title xmlns:xhtml="http://www.w3.org/1999/xhtml" xml:lang="en-US">Uninstall nfs-utils Package</title>
        <description xmlns:xhtml="http://www.w3.org/1999/xhtml" xml:lang="en-US">The <html:code xmlns:html="http://www.w3.org/1999/xhtml">nfs-utils</html:code> package can be removed with the following command:
<html:pre xmlns:html="http://www.w3.org/1999/xhtml">
$ sudo zypper remove nfs-utils</html:pre>
      </description>
        <reference href="https://www.cyber.mil/stigs/downloads/?_dl_facet_stigs=operating-systems%2Cgeneral-purpose-os">SRG-OS-000095-GPOS-00049</reference>
        <reference href="https://www.cisecurity.org/benchmark/suse_linux/">2.2.7</reference>
        <reference href="not_publicly_available">SLES-15-300150150</reference>
        <rationale xmlns:xhtml="http://www.w3.org/1999/xhtml" xml:lang="en-US"><html:code xmlns:html="http://www.w3.org/1999/xhtml">nfs-utils</html:code> provides a daemon for the kernel NFS server and related tools. This
package also contains the <html:code xmlns:html="http://www.w3.org/1999/xhtml">showmount</html:code> program. <html:code xmlns:html="http://www.w3.org/1999/xhtml">showmount</html:code> queries the mount
daemon on a remote host for information about the Network File System (NFS) server on the
remote host. For example, <html:code xmlns:html="http://www.w3.org/1999/xhtml">showmount</html:code> can display the clients which are mounted on
that host.</rationale>
        <ident system="https://ncp.nist.gov/cce">CCE-91284-0</ident>
        <fix xmlns:xhtml="http://www.w3.org/1999/xhtml" id="package_nfs-utils_removed" system="urn:xccdf:fix:script:puppet" complexity="low" disruption="low" strategy="disable">
include remove_nfs-utils

class remove_nfs-utils {
  package { 'nfs-utils':
    ensure =&gt; 'purged',
  }
}
</fix>
        <fix xmlns:xhtml="http://www.w3.org/1999/xhtml" id="package_nfs-utils_removed" system="urn:xccdf:fix:script:sh" complexity="low" disruption="low" strategy="disable">
# CAUTION: This remediation script will remove nfs-utils
# from the system, and may remove any packages
# that depend on nfs-utils. Execute this
# remediation AFTER testing on a non-production
# system!


zypper remove -y "nfs-utils"
</fix>
        <fix xmlns:xhtml="http://www.w3.org/1999/xhtml" id="package_nfs-utils_removed" system="urn:xccdf:fix:script:ansible" complexity="low" disruption="low" strategy="disable">- name: 'Uninstall nfs-utils Package: Ensure nfs-utils is removed'
  ansible.builtin.package:
    name: nfs-utils
    state: absent
  tags:
  - CCE-91284-0
  - disable_strategy
  - low_complexity
  - low_disruption
  - low_severity
  - no_reboot_needed
  - package_nfs-utils_removed
</fix>
        <check system="http://oval.mitre.org/XMLSchema/oval-definitions-5">
          <check-content-ref name="oval:ssg-package_nfs-utils_removed:def:1" href="ssg-sle15-oval.xml"/>
        </check>
        <check system="http://scap.nist.gov/schema/ocil/2">
          <check-content-ref name="ocil:ssg-package_nfs-utils_removed_ocil:questionnaire:1" href="ssg-sle15-ocil.xml"/>
        </check>
      </Rule>
      <Group id="xccdf_org.ssgproject.content_group_disabling_nfs">
        <title xmlns:xhtml="http://www.w3.org/1999/xhtml" xml:lang="en-US">Disable All NFS Services if Possible</title>
        <description xmlns:xhtml="http://www.w3.org/1999/xhtml" xml:lang="en-US">If there is not a reason for the system to operate as either an
NFS client or an NFS server, follow all instructions in this section to disable
subsystems required by NFS.</description>
        <warning xmlns:xhtml="http://www.w3.org/1999/xhtml" xml:lang="en-US" category="general">The steps in this section will prevent a system
from operating as either an NFS client or an NFS server. Only perform these
steps on systems which do not need NFS at all.</warning>
        <platform idref="#system_with_kernel"/>
        <Group id="xccdf_org.ssgproject.content_group_disabling_netfs">
          <title xmlns:xhtml="http://www.w3.org/1999/xhtml" xml:lang="en-US">Disable netfs if Possible</title>
          <description xmlns:xhtml="http://www.w3.org/1999/xhtml" xml:lang="en-US">To determine if any network filesystems handled by netfs are
currently mounted on the system execute the following command:
<html:pre xmlns:html="http://www.w3.org/1999/xhtml">$ mount -t nfs,nfs4,smbfs,cifs,ncpfs</html:pre>
If the command did not return any output then disable netfs.</description>
          <Rule id="xccdf_org.ssgproject.content_rule_service_netfs_disabled" selected="false" role="full" severity="unknown">
            <title xmlns:xhtml="http://www.w3.org/1999/xhtml" xml:lang="en-US">Disable Network File Systems (netfs)</title>
            <description xmlns:xhtml="http://www.w3.org/1999/xhtml" xml:lang="en-US">The netfs script manages the boot-time mounting of several types
of networked filesystems, of which NFS and Samba are the most common. If these
filesystem types are not in use, the script can be disabled, protecting the
system somewhat against accidental or malicious changes to <html:code xmlns:html="http://www.w3.org/1999/xhtml">/etc/fstab</html:code>
and against flaws in the netfs script itself.

The <html:code xmlns:html="http://www.w3.org/1999/xhtml">netfs</html:code> service can be disabled with the following command:
<html:pre xmlns:html="http://www.w3.org/1999/xhtml">$ sudo systemctl mask --now netfs.service</html:pre>
        </description>
            <rationale xmlns:xhtml="http://www.w3.org/1999/xhtml" xml:lang="en-US"/>
            <fix xmlns:xhtml="http://www.w3.org/1999/xhtml" id="service_netfs_disabled" system="urn:xccdf:fix:script:puppet" complexity="low" disruption="low" strategy="enable">include disable_netfs

class disable_netfs {
  service {'netfs':
    enable =&gt; false,
    ensure =&gt; 'stopped',
  }
}
</fix>
            <fix xmlns:xhtml="http://www.w3.org/1999/xhtml" id="service_netfs_disabled" system="urn:xccdf:fix:script:sh" complexity="low" disruption="low" strategy="disable"># Remediation is applicable only in certain platforms
if rpm --quiet -q kernel-default || rpm --quiet -q kernel-default-base; then

SYSTEMCTL_EXEC='/usr/bin/systemctl'
if [[ $("$SYSTEMCTL_EXEC" is-system-running) != "offline" ]]; then
  "$SYSTEMCTL_EXEC" stop 'netfs.service'
fi
"$SYSTEMCTL_EXEC" disable 'netfs.service'
"$SYSTEMCTL_EXEC" mask 'netfs.service'
# Disable socket activation if we have a unit file for it
if "$SYSTEMCTL_EXEC" -q list-unit-files netfs.socket; then
    if [[ $("$SYSTEMCTL_EXEC" is-system-running) != "offline" ]]; then
      "$SYSTEMCTL_EXEC" stop 'netfs.socket'
    fi
    "$SYSTEMCTL_EXEC" mask 'netfs.socket'
fi
# The service may not be running because it has been started and failed,
# so let's reset the state so OVAL checks pass.
# Service should be 'inactive', not 'failed' after reboot though.
"$SYSTEMCTL_EXEC" reset-failed 'netfs.service' || true

else
    &gt;&amp;2 echo 'Remediation is not applicable, nothing was done'
fi
</fix>
            <fix xmlns:xhtml="http://www.w3.org/1999/xhtml" id="service_netfs_disabled" system="urn:redhat:osbuild:blueprint">
[customizations.services]
masked = ["netfs"]
</fix>
            <fix xmlns:xhtml="http://www.w3.org/1999/xhtml" id="service_netfs_disabled" system="urn:xccdf:fix:script:ansible" complexity="low" disruption="low" strategy="disable">- name: Gather the package facts
  package_facts:
    manager: auto
  tags:
  - disable_strategy
  - low_complexity
  - low_disruption
  - no_reboot_needed
  - service_netfs_disabled
  - unknown_severity

- name: Disable Network File Systems (netfs) - Disable service netfs
  block:

  - name: Disable Network File Systems (netfs) - Collect systemd Services Present
      in the System
    ansible.builtin.command: systemctl -q list-unit-files --type service
    register: service_exists
    changed_when: false
    failed_when: service_exists.rc not in [0, 1]
    check_mode: false

  - name: Disable Network File Systems (netfs) - Ensure netfs.service is Masked
    ansible.builtin.systemd:
      name: netfs.service
      state: stopped
      enabled: false
      masked: true
    when: service_exists.stdout_lines is search("netfs.service", multiline=True)

  - name: Unit Socket Exists - netfs.socket
    ansible.builtin.command: systemctl -q list-unit-files netfs.socket
    register: socket_file_exists
    changed_when: false
    failed_when: socket_file_exists.rc not in [0, 1]
    check_mode: false

  - name: Disable Network File Systems (netfs) - Disable Socket netfs
    ansible.builtin.systemd:
      name: netfs.socket
      enabled: false
      state: stopped
      masked: true
    when: socket_file_exists.stdout_lines is search("netfs.socket", multiline=True)
  tags:
  - disable_strategy
  - low_complexity
  - low_disruption
  - no_reboot_needed
  - service_netfs_disabled
  - special_service_block
  - unknown_severity
  when: ("kernel-default" in ansible_facts.packages or "kernel-default-base" in ansible_facts.packages)
</fix>
            <check system="http://open-scap.org/page/SCE">
              <check-import import-name="stdout">
                  </check-import>
              <check-content-ref href="sle15/checks/sce/service_netfs_disabled.sh"/>
            </check>
            <check system="http://oval.mitre.org/XMLSchema/oval-definitions-5">
              <check-content-ref name="oval:ssg-service_netfs_disabled:def:1" href="ssg-sle15-oval.xml"/>
            </check>
          </Rule>
        </Group>
        <Group id="xccdf_org.ssgproject.content_group_disabling_nfs_services">
          <title xmlns:xhtml="http://www.w3.org/1999/xhtml" xml:lang="en-US">Disable Services Used Only by NFS</title>
          <description xmlns:xhtml="http://www.w3.org/1999/xhtml" xml:lang="en-US">If NFS is not needed, disable the NFS client daemons nfslock, rpcgssd, and rpcidmapd.
<html:br xmlns:html="http://www.w3.org/1999/xhtml"/>
        <html:br xmlns:html="http://www.w3.org/1999/xhtml"/>
All of these daemons run with elevated privileges, and many listen for network
connections. If they are not needed, they should be disabled to improve system
security posture.</description>
          <Rule id="xccdf_org.ssgproject.content_rule_package_rpcbind_removed" selected="false" role="full" severity="low">
            <title xmlns:xhtml="http://www.w3.org/1999/xhtml" xml:lang="en-US">Uninstall rpcbind Package</title>
            <description xmlns:xhtml="http://www.w3.org/1999/xhtml" xml:lang="en-US">The rpcbind utility maps RPC services to the ports on which they listen.
RPC processes notify rpcbind when they start, registering the ports they
are listening on and the RPC program numbers they expect to serve. The
rpcbind service redirects the client to the proper port number so it can
communicate with the requested service. If the system does not require RPC
(such as for NFS servers) then this service should be disabled.
The <html:code xmlns:html="http://www.w3.org/1999/xhtml">rpcbind</html:code> package can be removed with the following command:
<html:pre xmlns:html="http://www.w3.org/1999/xhtml">
$ sudo zypper remove rpcbind</html:pre>
        </description>
            <reference href="https://www.cisecurity.org/benchmark/suse_linux/">2.2.8</reference>
            <reference href="not_publicly_available">SLES-15-300150195</reference>
            <rationale xmlns:xhtml="http://www.w3.org/1999/xhtml" xml:lang="en-US">If the system does not require rpc based services, it is recommended that
rpcbind be disabled to reduce the attack surface.</rationale>
            <ident system="https://ncp.nist.gov/cce">CCE-92467-0</ident>
            <fix xmlns:xhtml="http://www.w3.org/1999/xhtml" id="package_rpcbind_removed" system="urn:xccdf:fix:script:puppet" complexity="low" disruption="low" strategy="disable">
include remove_rpcbind

class remove_rpcbind {
  package { 'rpcbind':
    ensure =&gt; 'purged',
  }
}
</fix>
            <fix xmlns:xhtml="http://www.w3.org/1999/xhtml" id="package_rpcbind_removed" system="urn:xccdf:fix:script:sh" complexity="low" disruption="low" strategy="disable"># Remediation is applicable only in certain platforms
if rpm --quiet -q kernel-default || rpm --quiet -q kernel-default-base; then

# CAUTION: This remediation script will remove rpcbind
# from the system, and may remove any packages
# that depend on rpcbind. Execute this
# remediation AFTER testing on a non-production
# system!


zypper remove -y "rpcbind"

else
    &gt;&amp;2 echo 'Remediation is not applicable, nothing was done'
fi
</fix>
            <fix xmlns:xhtml="http://www.w3.org/1999/xhtml" id="package_rpcbind_removed" system="urn:xccdf:fix:script:ansible" complexity="low" disruption="low" strategy="disable">- name: Gather the package facts
  package_facts:
    manager: auto
  tags:
  - CCE-92467-0
  - disable_strategy
  - low_complexity
  - low_disruption
  - low_severity
  - no_reboot_needed
  - package_rpcbind_removed

- name: 'Uninstall rpcbind Package: Ensure rpcbind is removed'
  ansible.builtin.package:
    name: rpcbind
    state: absent
  when: ("kernel-default" in ansible_facts.packages or "kernel-default-base" in ansible_facts.packages)
  tags:
  - CCE-92467-0
  - disable_strategy
  - low_complexity
  - low_disruption
  - low_severity
  - no_reboot_needed
  - package_rpcbind_removed
</fix>
            <check system="http://oval.mitre.org/XMLSchema/oval-definitions-5">
              <check-content-ref name="oval:ssg-package_rpcbind_removed:def:1" href="ssg-sle15-oval.xml"/>
            </check>
            <check system="http://scap.nist.gov/schema/ocil/2">
              <check-content-ref name="ocil:ssg-package_rpcbind_removed_ocil:questionnaire:1" href="ssg-sle15-ocil.xml"/>
            </check>
          </Rule>
          <Rule id="xccdf_org.ssgproject.content_rule_service_rpcbind_disabled" selected="false" role="full" severity="low">
            <title xmlns:xhtml="http://www.w3.org/1999/xhtml" xml:lang="en-US">Disable rpcbind Service</title>
            <description xmlns:xhtml="http://www.w3.org/1999/xhtml" xml:lang="en-US">The rpcbind utility maps RPC services to the ports on which they listen.
RPC processes notify rpcbind when they start, registering the ports they
are listening on and the RPC program numbers they expect to serve. The
rpcbind service redirects the client to the proper port number so it can
communicate with the requested service. If the system does not require RPC
(such as for NFS servers) then this service should be disabled.

The <html:code xmlns:html="http://www.w3.org/1999/xhtml">rpcbind</html:code> service can be disabled with the following command:
<html:pre xmlns:html="http://www.w3.org/1999/xhtml">$ sudo systemctl mask --now rpcbind.service</html:pre>
        </description>
            <reference href="https://www.cisecurity.org/benchmark/suse_linux/">2.2.8</reference>
            <reference href="not_publicly_available">SLES-15-300150195</reference>
            <reference href="https://docs-prv.pcisecuritystandards.org/PCI%20DSS/Standard/PCI-DSS-v4_0.pdf">2.2.4</reference>
            <reference href="https://docs-prv.pcisecuritystandards.org/PCI%20DSS/Standard/PCI-DSS-v4_0.pdf">2.2</reference>
            <rationale xmlns:xhtml="http://www.w3.org/1999/xhtml" xml:lang="en-US">If the system does not require rpc based services, it is recommended that
rpcbind be disabled to reduce the attack surface.</rationale>
            <ident system="https://ncp.nist.gov/cce">CCE-91312-9</ident>
            <fix xmlns:xhtml="http://www.w3.org/1999/xhtml" id="service_rpcbind_disabled" system="urn:xccdf:fix:script:puppet" complexity="low" disruption="low" strategy="enable">include disable_rpcbind

class disable_rpcbind {
  service {'rpcbind':
    enable =&gt; false,
    ensure =&gt; 'stopped',
  }
}
</fix>
            <fix xmlns:xhtml="http://www.w3.org/1999/xhtml" id="service_rpcbind_disabled" system="urn:xccdf:fix:script:sh" complexity="low" disruption="low" strategy="disable"># Remediation is applicable only in certain platforms
if rpm --quiet -q kernel-default || rpm --quiet -q kernel-default-base; then

SYSTEMCTL_EXEC='/usr/bin/systemctl'
if [[ $("$SYSTEMCTL_EXEC" is-system-running) != "offline" ]]; then
  "$SYSTEMCTL_EXEC" stop 'rpcbind.service'
fi
"$SYSTEMCTL_EXEC" disable 'rpcbind.service'
"$SYSTEMCTL_EXEC" mask 'rpcbind.service'
# Disable socket activation if we have a unit file for it
if "$SYSTEMCTL_EXEC" -q list-unit-files rpcbind.socket; then
    if [[ $("$SYSTEMCTL_EXEC" is-system-running) != "offline" ]]; then
      "$SYSTEMCTL_EXEC" stop 'rpcbind.socket'
    fi
    "$SYSTEMCTL_EXEC" mask 'rpcbind.socket'
fi
# The service may not be running because it has been started and failed,
# so let's reset the state so OVAL checks pass.
# Service should be 'inactive', not 'failed' after reboot though.
"$SYSTEMCTL_EXEC" reset-failed 'rpcbind.service' || true

else
    &gt;&amp;2 echo 'Remediation is not applicable, nothing was done'
fi
</fix>
            <fix xmlns:xhtml="http://www.w3.org/1999/xhtml" id="service_rpcbind_disabled" system="urn:redhat:osbuild:blueprint">
[customizations.services]
masked = ["rpcbind"]
</fix>
            <fix xmlns:xhtml="http://www.w3.org/1999/xhtml" id="service_rpcbind_disabled" system="urn:xccdf:fix:script:ansible" complexity="low" disruption="low" strategy="disable">- name: Gather the package facts
  package_facts:
    manager: auto
  tags:
  - CCE-91312-9
  - PCI-DSSv4-2.2
  - PCI-DSSv4-2.2.4
  - disable_strategy
  - low_complexity
  - low_disruption
  - low_severity
  - no_reboot_needed
  - service_rpcbind_disabled

- name: Disable rpcbind Service - Disable service rpcbind
  block:

  - name: Disable rpcbind Service - Collect systemd Services Present in the System
    ansible.builtin.command: systemctl -q list-unit-files --type service
    register: service_exists
    changed_when: false
    failed_when: service_exists.rc not in [0, 1]
    check_mode: false

  - name: Disable rpcbind Service - Ensure rpcbind.service is Masked
    ansible.builtin.systemd:
      name: rpcbind.service
      state: stopped
      enabled: false
      masked: true
    when: service_exists.stdout_lines is search("rpcbind.service", multiline=True)

  - name: Unit Socket Exists - rpcbind.socket
    ansible.builtin.command: systemctl -q list-unit-files rpcbind.socket
    register: socket_file_exists
    changed_when: false
    failed_when: socket_file_exists.rc not in [0, 1]
    check_mode: false

  - name: Disable rpcbind Service - Disable Socket rpcbind
    ansible.builtin.systemd:
      name: rpcbind.socket
      enabled: false
      state: stopped
      masked: true
    when: socket_file_exists.stdout_lines is search("rpcbind.socket", multiline=True)
  tags:
  - CCE-91312-9
  - PCI-DSSv4-2.2
  - PCI-DSSv4-2.2.4
  - disable_strategy
  - low_complexity
  - low_disruption
  - low_severity
  - no_reboot_needed
  - service_rpcbind_disabled
  - special_service_block
  when: ("kernel-default" in ansible_facts.packages or "kernel-default-base" in ansible_facts.packages)
</fix>
            <check system="http://open-scap.org/page/SCE">
              <check-import import-name="stdout">
                  </check-import>
              <check-content-ref href="sle15/checks/sce/service_rpcbind_disabled.sh"/>
            </check>
            <check system="http://oval.mitre.org/XMLSchema/oval-definitions-5">
              <check-content-ref name="oval:ssg-service_rpcbind_disabled:def:1" href="ssg-sle15-oval.xml"/>
            </check>
          </Rule>
        </Group>
      </Group>
      <Group id="xccdf_org.ssgproject.content_group_nfs_configuring_clients">
        <title xmlns:xhtml="http://www.w3.org/1999/xhtml" xml:lang="en-US">Configure NFS Clients</title>
        <description xmlns:xhtml="http://www.w3.org/1999/xhtml" xml:lang="en-US">The steps in this section are appropriate for systems which operate as NFS clients.</description>
        <Group id="xccdf_org.ssgproject.content_group_disabling_nfsd">
          <title xmlns:xhtml="http://www.w3.org/1999/xhtml" xml:lang="en-US">Disable NFS Server Daemons</title>
          <description xmlns:xhtml="http://www.w3.org/1999/xhtml" xml:lang="en-US">There is no need to run the NFS server daemons <html:code xmlns:html="http://www.w3.org/1999/xhtml">nfs</html:code> and
<html:code xmlns:html="http://www.w3.org/1999/xhtml">rpcsvcgssd</html:code> except on a small number of properly secured systems
designated as NFS servers. Ensure that these daemons are turned off on
clients.</description>
          <Rule id="xccdf_org.ssgproject.content_rule_service_nfs_disabled" selected="false" role="full" severity="unknown">
            <title xmlns:xhtml="http://www.w3.org/1999/xhtml" xml:lang="en-US">Disable Network File System (nfs)</title>
            <description xmlns:xhtml="http://www.w3.org/1999/xhtml" xml:lang="en-US">The Network File System (NFS) service allows remote hosts to mount
and interact with shared filesystems on the local system. If the local system
is not designated as a NFS server then this service should be disabled.

The <html:code xmlns:html="http://www.w3.org/1999/xhtml">nfs-server</html:code> service can be disabled with the following command:
<html:pre xmlns:html="http://www.w3.org/1999/xhtml">$ sudo systemctl mask --now nfs-server.service</html:pre>
        </description>
            <reference href="https://www.cisecurity.org/controls/">11</reference>
            <reference href="https://www.cisecurity.org/controls/">12</reference>
            <reference href="https://www.cisecurity.org/controls/">14</reference>
            <reference href="https://www.cisecurity.org/controls/">15</reference>
            <reference href="https://www.cisecurity.org/controls/">16</reference>
            <reference href="https://www.cisecurity.org/controls/">18</reference>
            <reference href="https://www.cisecurity.org/controls/">3</reference>
            <reference href="https://www.cisecurity.org/controls/">5</reference>
            <reference href="https://www.isaca.org/resources/cobit">DSS05.02</reference>
            <reference href="https://www.isaca.org/resources/cobit">DSS05.04</reference>
            <reference href="https://www.isaca.org/resources/cobit">DSS05.05</reference>
            <reference href="https://www.isaca.org/resources/cobit">DSS05.07</reference>
            <reference href="https://www.isaca.org/resources/cobit">DSS06.03</reference>
            <reference href="https://www.isaca.org/resources/cobit">DSS06.06</reference>
            <reference href="https://www.isa.org/products/isa-62443-2-1-2009-security-for-industrial-automat">4.3.3.2.2</reference>
            <reference href="https://www.isa.org/products/isa-62443-2-1-2009-security-for-industrial-automat">4.3.3.5.1</reference>
            <reference href="https://www.isa.org/products/isa-62443-2-1-2009-security-for-industrial-automat">4.3.3.5.2</reference>
            <reference href="https://www.isa.org/products/isa-62443-2-1-2009-security-for-industrial-automat">4.3.3.5.3</reference>
            <reference href="https://www.isa.org/products/isa-62443-2-1-2009-security-for-industrial-automat">4.3.3.5.4</reference>
            <reference href="https://www.isa.org/products/isa-62443-2-1-2009-security-for-industrial-automat">4.3.3.5.5</reference>
            <reference href="https://www.isa.org/products/isa-62443-2-1-2009-security-for-industrial-automat">4.3.3.5.6</reference>
            <reference href="https://www.isa.org/products/isa-62443-2-1-2009-security-for-industrial-automat">4.3.3.5.7</reference>
            <reference href="https://www.isa.org/products/isa-62443-2-1-2009-security-for-industrial-automat">4.3.3.5.8</reference>
            <reference href="https://www.isa.org/products/isa-62443-2-1-2009-security-for-industrial-automat">4.3.3.6.1</reference>
            <reference href="https://www.isa.org/products/isa-62443-2-1-2009-security-for-industrial-automat">4.3.3.6.2</reference>
            <reference href="https://www.isa.org/products/isa-62443-2-1-2009-security-for-industrial-automat">4.3.3.6.3</reference>
            <reference href="https://www.isa.org/products/isa-62443-2-1-2009-security-for-industrial-automat">4.3.3.6.4</reference>
            <reference href="https://www.isa.org/products/isa-62443-2-1-2009-security-for-industrial-automat">4.3.3.6.5</reference>
            <reference href="https://www.isa.org/products/isa-62443-2-1-2009-security-for-industrial-automat">4.3.3.6.6</reference>
            <reference href="https://www.isa.org/products/isa-62443-2-1-2009-security-for-industrial-automat">4.3.3.6.7</reference>
            <reference href="https://www.isa.org/products/isa-62443-2-1-2009-security-for-industrial-automat">4.3.3.6.8</reference>
            <reference href="https://www.isa.org/products/isa-62443-2-1-2009-security-for-industrial-automat">4.3.3.6.9</reference>
            <reference href="https://www.isa.org/products/isa-62443-2-1-2009-security-for-industrial-automat">4.3.3.7.1</reference>
            <reference href="https://www.isa.org/products/isa-62443-2-1-2009-security-for-industrial-automat">4.3.3.7.2</reference>
            <reference href="https://www.isa.org/products/isa-62443-2-1-2009-security-for-industrial-automat">4.3.3.7.3</reference>
            <reference href="https://www.isa.org/products/isa-62443-2-1-2009-security-for-industrial-automat">4.3.3.7.4</reference>
            <reference href="https://www.isa.org/products/ansi-isa-62443-3-3-99-03-03-2013-security-for-indu">SR 1.1</reference>
            <reference href="https://www.isa.org/products/ansi-isa-62443-3-3-99-03-03-2013-security-for-indu">SR 1.10</reference>
            <reference href="https://www.isa.org/products/ansi-isa-62443-3-3-99-03-03-2013-security-for-indu">SR 1.11</reference>
            <reference href="https://www.isa.org/products/ansi-isa-62443-3-3-99-03-03-2013-security-for-indu">SR 1.12</reference>
            <reference href="https://www.isa.org/products/ansi-isa-62443-3-3-99-03-03-2013-security-for-indu">SR 1.13</reference>
            <reference href="https://www.isa.org/products/ansi-isa-62443-3-3-99-03-03-2013-security-for-indu">SR 1.2</reference>
            <reference href="https://www.isa.org/products/ansi-isa-62443-3-3-99-03-03-2013-security-for-indu">SR 1.3</reference>
            <reference href="https://www.isa.org/products/ansi-isa-62443-3-3-99-03-03-2013-security-for-indu">SR 1.4</reference>
            <reference href="https://www.isa.org/products/ansi-isa-62443-3-3-99-03-03-2013-security-for-indu">SR 1.5</reference>
            <reference href="https://www.isa.org/products/ansi-isa-62443-3-3-99-03-03-2013-security-for-indu">SR 1.6</reference>
            <reference href="https://www.isa.org/products/ansi-isa-62443-3-3-99-03-03-2013-security-for-indu">SR 1.7</reference>
            <reference href="https://www.isa.org/products/ansi-isa-62443-3-3-99-03-03-2013-security-for-indu">SR 1.8</reference>
            <reference href="https://www.isa.org/products/ansi-isa-62443-3-3-99-03-03-2013-security-for-indu">SR 1.9</reference>
            <reference href="https://www.isa.org/products/ansi-isa-62443-3-3-99-03-03-2013-security-for-indu">SR 2.1</reference>
            <reference href="https://www.isa.org/products/ansi-isa-62443-3-3-99-03-03-2013-security-for-indu">SR 2.2</reference>
            <reference href="https://www.isa.org/products/ansi-isa-62443-3-3-99-03-03-2013-security-for-indu">SR 2.3</reference>
            <reference href="https://www.isa.org/products/ansi-isa-62443-3-3-99-03-03-2013-security-for-indu">SR 2.4</reference>
            <reference href="https://www.isa.org/products/ansi-isa-62443-3-3-99-03-03-2013-security-for-indu">SR 2.5</reference>
            <reference href="https://www.isa.org/products/ansi-isa-62443-3-3-99-03-03-2013-security-for-indu">SR 2.6</reference>
            <reference href="https://www.isa.org/products/ansi-isa-62443-3-3-99-03-03-2013-security-for-indu">SR 2.7</reference>
            <reference href="https://www.iso.org/contents/data/standard/05/45/54534.html">A.6.1.2</reference>
            <reference href="https://www.iso.org/contents/data/standard/05/45/54534.html">A.7.1.1</reference>
            <reference href="https://www.iso.org/contents/data/standard/05/45/54534.html">A.9.1.2</reference>
            <reference href="https://www.iso.org/contents/data/standard/05/45/54534.html">A.9.2.1</reference>
            <reference href="https://www.iso.org/contents/data/standard/05/45/54534.html">A.9.2.3</reference>
            <reference href="https://www.iso.org/contents/data/standard/05/45/54534.html">A.9.4.1</reference>
            <reference href="https://www.iso.org/contents/data/standard/05/45/54534.html">A.9.4.4</reference>
            <reference href="https://www.iso.org/contents/data/standard/05/45/54534.html">A.9.4.5</reference>
            <reference href="http://nvlpubs.nist.gov/nistpubs/SpecialPublications/NIST.SP.800-53r4.pdf">CM-7(a)</reference>
            <reference href="http://nvlpubs.nist.gov/nistpubs/SpecialPublications/NIST.SP.800-53r4.pdf">CM-7(b)</reference>
            <reference href="http://nvlpubs.nist.gov/nistpubs/SpecialPublications/NIST.SP.800-53r4.pdf">CM-6(a)</reference>
            <reference href="https://nvlpubs.nist.gov/nistpubs/CSWP/NIST.CSWP.04162018.pdf">PR.AC-4</reference>
            <reference href="https://nvlpubs.nist.gov/nistpubs/CSWP/NIST.CSWP.04162018.pdf">PR.AC-6</reference>
            <reference href="https://nvlpubs.nist.gov/nistpubs/CSWP/NIST.CSWP.04162018.pdf">PR.PT-3</reference>
            <reference href="https://www.cisecurity.org/benchmark/suse_linux/">2.2.7</reference>
            <reference href="not_publicly_available">SLES-15-300150150</reference>
            <rationale xmlns:xhtml="http://www.w3.org/1999/xhtml" xml:lang="en-US">Unnecessary services should be disabled to decrease the attack surface of the system.</rationale>
            <platform idref="#system_with_kernel"/>
            <ident system="https://ncp.nist.gov/cce">CCE-91364-0</ident>
            <fix xmlns:xhtml="http://www.w3.org/1999/xhtml" id="service_nfs_disabled" system="urn:xccdf:fix:script:puppet" complexity="low" disruption="low" strategy="enable">include disable_nfs-server

class disable_nfs-server {
  service {'nfs-server':
    enable =&gt; false,
    ensure =&gt; 'stopped',
  }
}
</fix>
            <fix xmlns:xhtml="http://www.w3.org/1999/xhtml" id="service_nfs_disabled" system="urn:xccdf:fix:script:sh" complexity="low" disruption="low" strategy="disable"># Remediation is applicable only in certain platforms
if rpm --quiet -q kernel-default || rpm --quiet -q kernel-default-base; then

SYSTEMCTL_EXEC='/usr/bin/systemctl'
if [[ $("$SYSTEMCTL_EXEC" is-system-running) != "offline" ]]; then
  "$SYSTEMCTL_EXEC" stop 'nfs-server.service'
fi
"$SYSTEMCTL_EXEC" disable 'nfs-server.service'
"$SYSTEMCTL_EXEC" mask 'nfs-server.service'
# Disable socket activation if we have a unit file for it
if "$SYSTEMCTL_EXEC" -q list-unit-files nfs-server.socket; then
    if [[ $("$SYSTEMCTL_EXEC" is-system-running) != "offline" ]]; then
      "$SYSTEMCTL_EXEC" stop 'nfs-server.socket'
    fi
    "$SYSTEMCTL_EXEC" mask 'nfs-server.socket'
fi
# The service may not be running because it has been started and failed,
# so let's reset the state so OVAL checks pass.
# Service should be 'inactive', not 'failed' after reboot though.
"$SYSTEMCTL_EXEC" reset-failed 'nfs-server.service' || true

else
    &gt;&amp;2 echo 'Remediation is not applicable, nothing was done'
fi
</fix>
            <fix xmlns:xhtml="http://www.w3.org/1999/xhtml" id="service_nfs_disabled" system="urn:redhat:osbuild:blueprint">
[customizations.services]
masked = ["nfs-server"]
</fix>
            <fix xmlns:xhtml="http://www.w3.org/1999/xhtml" id="service_nfs_disabled" system="urn:xccdf:fix:script:ansible" complexity="low" disruption="low" strategy="disable">- name: Gather the package facts
  package_facts:
    manager: auto
  tags:
  - CCE-91364-0
  - NIST-800-53-CM-6(a)
  - NIST-800-53-CM-7(a)
  - NIST-800-53-CM-7(b)
  - disable_strategy
  - low_complexity
  - low_disruption
  - no_reboot_needed
  - service_nfs_disabled
  - unknown_severity

- name: Disable Network File System (nfs) - Disable service nfs-server
  block:

  - name: Disable Network File System (nfs) - Collect systemd Services Present in
      the System
    ansible.builtin.command: systemctl -q list-unit-files --type service
    register: service_exists
    changed_when: false
    failed_when: service_exists.rc not in [0, 1]
    check_mode: false

  - name: Disable Network File System (nfs) - Ensure nfs-server.service is Masked
    ansible.builtin.systemd:
      name: nfs-server.service
      state: stopped
      enabled: false
      masked: true
    when: service_exists.stdout_lines is search("nfs-server.service", multiline=True)

  - name: Unit Socket Exists - nfs-server.socket
    ansible.builtin.command: systemctl -q list-unit-files nfs-server.socket
    register: socket_file_exists
    changed_when: false
    failed_when: socket_file_exists.rc not in [0, 1]
    check_mode: false

  - name: Disable Network File System (nfs) - Disable Socket nfs-server
    ansible.builtin.systemd:
      name: nfs-server.socket
      enabled: false
      state: stopped
      masked: true
    when: socket_file_exists.stdout_lines is search("nfs-server.socket", multiline=True)
  tags:
  - CCE-91364-0
  - NIST-800-53-CM-6(a)
  - NIST-800-53-CM-7(a)
  - NIST-800-53-CM-7(b)
  - disable_strategy
  - low_complexity
  - low_disruption
  - no_reboot_needed
  - service_nfs_disabled
  - special_service_block
  - unknown_severity
  when: ("kernel-default" in ansible_facts.packages or "kernel-default-base" in ansible_facts.packages)
</fix>
            <check system="http://open-scap.org/page/SCE">
              <check-import import-name="stdout">
                  </check-import>
              <check-content-ref href="sle15/checks/sce/service_nfs_disabled.sh"/>
            </check>
            <check system="http://oval.mitre.org/XMLSchema/oval-definitions-5">
              <check-content-ref name="oval:ssg-service_nfs_disabled:def:1" href="ssg-sle15-oval.xml"/>
            </check>
            <check system="http://scap.nist.gov/schema/ocil/2">
              <check-content-ref name="ocil:ssg-service_nfs_disabled_ocil:questionnaire:1" href="ssg-sle15-ocil.xml"/>
            </check>
          </Rule>
        </Group>
        <Group id="xccdf_org.ssgproject.content_group_mounting_remote_filesystems">
          <title xmlns:xhtml="http://www.w3.org/1999/xhtml" xml:lang="en-US">Mount Remote Filesystems with Restrictive Options</title>
          <description xmlns:xhtml="http://www.w3.org/1999/xhtml" xml:lang="en-US">Edit the file <html:code xmlns:html="http://www.w3.org/1999/xhtml">/etc/fstab</html:code>. For each filesystem whose type
(column 3) is <html:code xmlns:html="http://www.w3.org/1999/xhtml">nfs</html:code> or <html:code xmlns:html="http://www.w3.org/1999/xhtml">nfs4</html:code>, add the text
<html:code xmlns:html="http://www.w3.org/1999/xhtml">,nodev,nosuid</html:code> to the list of mount options in column 4. If
appropriate, also add <html:code xmlns:html="http://www.w3.org/1999/xhtml">,noexec</html:code>.
<html:br xmlns:html="http://www.w3.org/1999/xhtml"/>
        <html:br xmlns:html="http://www.w3.org/1999/xhtml"/>
See the section titled "Restrict Partition Mount Options" for a description of
the effects of these options. In general, execution of files mounted via NFS
should be considered risky because of the possibility that an adversary could
intercept the request and substitute a malicious file. Allowing setuid files to
be executed from remote servers is particularly risky, both for this reason and
because it requires the clients to extend root-level trust to the NFS
server.</description>
          <platform idref="#system_with_kernel"/>
          <Rule id="xccdf_org.ssgproject.content_rule_mount_option_noexec_remote_filesystems" selected="false" role="full" severity="medium">
            <title xmlns:xhtml="http://www.w3.org/1999/xhtml" xml:lang="en-US">Mount Remote Filesystems with noexec</title>
            <description xmlns:xhtml="http://www.w3.org/1999/xhtml" xml:lang="en-US">Add the <html:code xmlns:html="http://www.w3.org/1999/xhtml">noexec</html:code> option to the fourth column of <html:code xmlns:html="http://www.w3.org/1999/xhtml">/etc/fstab</html:code> for the line which controls mounting of
any NFS mounts.</description>
            <reference href="https://www.cisecurity.org/controls/">12</reference>
            <reference href="https://www.cisecurity.org/controls/">13</reference>
            <reference href="https://www.cisecurity.org/controls/">14</reference>
            <reference href="https://www.cisecurity.org/controls/">15</reference>
            <reference href="https://www.cisecurity.org/controls/">16</reference>
            <reference href="https://www.cisecurity.org/controls/">18</reference>
            <reference href="https://www.cisecurity.org/controls/">3</reference>
            <reference href="https://www.cisecurity.org/controls/">5</reference>
            <reference href="https://www.isaca.org/resources/cobit">APO01.06</reference>
            <reference href="https://www.isaca.org/resources/cobit">DSS05.04</reference>
            <reference href="https://www.isaca.org/resources/cobit">DSS05.07</reference>
            <reference href="https://www.isaca.org/resources/cobit">DSS06.02</reference>
            <reference href="https://www.isa.org/products/isa-62443-2-1-2009-security-for-industrial-automat">4.3.3.7.3</reference>
            <reference href="https://www.isa.org/products/ansi-isa-62443-3-3-99-03-03-2013-security-for-indu">SR 2.1</reference>
            <reference href="https://www.isa.org/products/ansi-isa-62443-3-3-99-03-03-2013-security-for-indu">SR 5.2</reference>
            <reference href="https://www.iso.org/contents/data/standard/05/45/54534.html">A.10.1.1</reference>
            <reference href="https://www.iso.org/contents/data/standard/05/45/54534.html">A.11.1.4</reference>
            <reference href="https://www.iso.org/contents/data/standard/05/45/54534.html">A.11.1.5</reference>
            <reference href="https://www.iso.org/contents/data/standard/05/45/54534.html">A.11.2.1</reference>
            <reference href="https://www.iso.org/contents/data/standard/05/45/54534.html">A.13.1.1</reference>
            <reference href="https://www.iso.org/contents/data/standard/05/45/54534.html">A.13.1.3</reference>
            <reference href="https://www.iso.org/contents/data/standard/05/45/54534.html">A.13.2.1</reference>
            <reference href="https://www.iso.org/contents/data/standard/05/45/54534.html">A.13.2.3</reference>
            <reference href="https://www.iso.org/contents/data/standard/05/45/54534.html">A.13.2.4</reference>
            <reference href="https://www.iso.org/contents/data/standard/05/45/54534.html">A.14.1.2</reference>
            <reference href="https://www.iso.org/contents/data/standard/05/45/54534.html">A.14.1.3</reference>
            <reference href="https://www.iso.org/contents/data/standard/05/45/54534.html">A.6.1.2</reference>
            <reference href="https://www.iso.org/contents/data/standard/05/45/54534.html">A.7.1.1</reference>
            <reference href="https://www.iso.org/contents/data/standard/05/45/54534.html">A.7.1.2</reference>
            <reference href="https://www.iso.org/contents/data/standard/05/45/54534.html">A.7.3.1</reference>
            <reference href="https://www.iso.org/contents/data/standard/05/45/54534.html">A.8.2.2</reference>
            <reference href="https://www.iso.org/contents/data/standard/05/45/54534.html">A.8.2.3</reference>
            <reference href="https://www.iso.org/contents/data/standard/05/45/54534.html">A.9.1.1</reference>
            <reference href="https://www.iso.org/contents/data/standard/05/45/54534.html">A.9.1.2</reference>
            <reference href="https://www.iso.org/contents/data/standard/05/45/54534.html">A.9.2.3</reference>
            <reference href="https://www.iso.org/contents/data/standard/05/45/54534.html">A.9.4.1</reference>
            <reference href="https://www.iso.org/contents/data/standard/05/45/54534.html">A.9.4.4</reference>
            <reference href="https://www.iso.org/contents/data/standard/05/45/54534.html">A.9.4.5</reference>
            <reference href="http://nvlpubs.nist.gov/nistpubs/SpecialPublications/NIST.SP.800-53r4.pdf">AC-6</reference>
            <reference href="http://nvlpubs.nist.gov/nistpubs/SpecialPublications/NIST.SP.800-53r4.pdf">AC-6(8)</reference>
            <reference href="http://nvlpubs.nist.gov/nistpubs/SpecialPublications/NIST.SP.800-53r4.pdf">AC-6(10)</reference>
            <reference href="http://nvlpubs.nist.gov/nistpubs/SpecialPublications/NIST.SP.800-53r4.pdf">CM-6(a)</reference>
            <reference href="https://nvlpubs.nist.gov/nistpubs/CSWP/NIST.CSWP.04162018.pdf">PR.AC-4</reference>
            <reference href="https://nvlpubs.nist.gov/nistpubs/CSWP/NIST.CSWP.04162018.pdf">PR.DS-5</reference>
            <reference href="https://www.cyber.mil/stigs/downloads/?_dl_facet_stigs=operating-systems%2Cgeneral-purpose-os">SRG-OS-000480-GPOS-00227</reference>
            <reference href="https://www.cyber.mil/stigs/downloads/?_dl_facet_stigs=operating-systems%2Cunix-linux">SLES-15-040170</reference>
            <reference href="https://www.cyber.mil/stigs/srg-stig-tools/">SV-235001r991589_rule</reference>
            <rationale xmlns:xhtml="http://www.w3.org/1999/xhtml" xml:lang="en-US">The noexec mount option causes the system not to execute binary files. This option must be used
for mounting any file system not containing approved binary files as they may be incompatible. Executing
files from untrusted file systems increases the opportunity for unprivileged users to attain unauthorized
administrative access.</rationale>
            <platform idref="#nfs_mount_defined"/>
            <ident system="https://ncp.nist.gov/cce">CCE-85636-9</ident>
            <fix xmlns:xhtml="http://www.w3.org/1999/xhtml" id="mount_option_noexec_remote_filesystems" system="urn:xccdf:fix:script:sh"># Remediation is applicable only in certain platforms
if rpm --quiet -q kernel-default || rpm --quiet -q kernel-default-base; then

vfstype_points=()
readarray -t vfstype_points &lt; &lt;(grep -E "[[:space:]]nfs[4]?[[:space:]]" /etc/fstab | awk '{print $2}')

for vfstype_point in "${vfstype_points[@]}"
do
    mount_point_match_regexp="$(printf "^[[:space:]]*[^#].*[[:space:]]%s[[:space:]]" ${vfstype_point//\\/\\\\})"

    # If the mount point is not in /etc/fstab, get previous mount options from /etc/mtab
    if ! grep -q "$mount_point_match_regexp" /etc/fstab; then
        # runtime opts without some automatic kernel/userspace-added defaults
        previous_mount_opts=$(grep "$mount_point_match_regexp" /etc/mtab | head -1 |  awk '{print $4}' \
                    | sed -E "s/(rw|defaults|seclabel|noexec)(,|$)//g;s/,$//")
        [ "$previous_mount_opts" ] &amp;&amp; previous_mount_opts+=","
        # In iso9660 filesystems mtab could describe a "blocksize" value, this should be reflected in
        # fstab as "block".  The next variable is to satisfy shellcheck SC2050.
        fs_type="nfs4"
        if [  "$fs_type" == "iso9660" ] ; then
            previous_mount_opts=$(sed 's/blocksize=/block=/' &lt;&lt;&lt; "$previous_mount_opts")
        fi
        echo " ${vfstype_point//\\/\\\\} nfs4 defaults,${previous_mount_opts}noexec 0 0" &gt;&gt; /etc/fstab
    # If the mount_opt option is not already in the mount point's /etc/fstab entry, add it
    elif ! grep "$mount_point_match_regexp" /etc/fstab | grep -q "noexec"; then
        previous_mount_opts=$(grep "$mount_point_match_regexp" /etc/fstab | awk '{print $4}')
        sed -i "s|\(${mount_point_match_regexp}.*${previous_mount_opts}\)|\1,noexec|" /etc/fstab
    fi
done

else
    &gt;&amp;2 echo 'Remediation is not applicable, nothing was done'
fi
</fix>
            <fix xmlns:xhtml="http://www.w3.org/1999/xhtml" id="mount_option_noexec_remote_filesystems" system="urn:xccdf:fix:script:ansible" complexity="low" disruption="medium" strategy="configure">- name: Gather the package facts
  package_facts:
    manager: auto
  tags:
  - CCE-85636-9
  - DISA-STIG-SLES-15-040170
  - NIST-800-53-AC-6
  - NIST-800-53-AC-6(10)
  - NIST-800-53-AC-6(8)
  - NIST-800-53-CM-6(a)
  - configure_strategy
  - low_complexity
  - medium_disruption
  - medium_severity
  - mount_option_noexec_remote_filesystems
  - no_reboot_needed

- name: Get nfs and nfs4 mount points, that don't have noexec
  ansible.builtin.command: findmnt --fstab --types nfs,nfs4 -O nonoexec -n -P
  register: points_register
  check_mode: false
  changed_when: false
  failed_when: false
  when: ("kernel-default" in ansible_facts.packages or "kernel-default-base" in ansible_facts.packages)
  tags:
  - CCE-85636-9
  - DISA-STIG-SLES-15-040170
  - NIST-800-53-AC-6
  - NIST-800-53-AC-6(10)
  - NIST-800-53-AC-6(8)
  - NIST-800-53-CM-6(a)
  - configure_strategy
  - low_complexity
  - medium_disruption
  - medium_severity
  - mount_option_noexec_remote_filesystems
  - no_reboot_needed

- name: Add noexec to nfs and nfs4 mount points
  ansible.posix.mount:
    path: '{{ item | regex_search(''TARGET="([^"]+)"'',''\1'') | first }}'
    src: '{{ item | regex_search(''SOURCE="([^"]+)"'',''\1'') | first }}'
    fstype: '{{ item | regex_search(''FSTYPE="([^"]+)"'',''\1'') | first }}'
    state: present
    opts: '{{ item | regex_search(''OPTIONS="([^"]+)"'',''\1'') | first }},noexec'
  when:
  - ("kernel-default" in ansible_facts.packages or "kernel-default-base" in ansible_facts.packages)
  - (points_register.stdout | length &gt; 0) and '\\x09' not in item
  with_items: '{{ points_register.stdout_lines }}'
  tags:
  - CCE-85636-9
  - DISA-STIG-SLES-15-040170
  - NIST-800-53-AC-6
  - NIST-800-53-AC-6(10)
  - NIST-800-53-AC-6(8)
  - NIST-800-53-CM-6(a)
  - configure_strategy
  - low_complexity
  - medium_disruption
  - medium_severity
  - mount_option_noexec_remote_filesystems
  - no_reboot_needed
</fix>
            <check system="http://oval.mitre.org/XMLSchema/oval-definitions-5">
              <check-content-ref name="oval:ssg-mount_option_noexec_remote_filesystems:def:1" href="ssg-sle15-oval.xml"/>
            </check>
            <check system="http://scap.nist.gov/schema/ocil/2">
              <check-content-ref name="ocil:ssg-mount_option_noexec_remote_filesystems_ocil:questionnaire:1" href="ssg-sle15-ocil.xml"/>
            </check>
          </Rule>
          <Rule id="xccdf_org.ssgproject.content_rule_mount_option_nosuid_remote_filesystems" selected="false" role="full" severity="medium">
            <title xmlns:xhtml="http://www.w3.org/1999/xhtml" xml:lang="en-US">Mount Remote Filesystems with nosuid</title>
            <description xmlns:xhtml="http://www.w3.org/1999/xhtml" xml:lang="en-US">Add the <html:code xmlns:html="http://www.w3.org/1999/xhtml">nosuid</html:code> option to the fourth column of <html:code xmlns:html="http://www.w3.org/1999/xhtml">/etc/fstab</html:code> for the line which controls mounting of
any NFS mounts.</description>
            <reference href="https://www.cisecurity.org/controls/">12</reference>
            <reference href="https://www.cisecurity.org/controls/">13</reference>
            <reference href="https://www.cisecurity.org/controls/">14</reference>
            <reference href="https://www.cisecurity.org/controls/">15</reference>
            <reference href="https://www.cisecurity.org/controls/">16</reference>
            <reference href="https://www.cisecurity.org/controls/">18</reference>
            <reference href="https://www.cisecurity.org/controls/">3</reference>
            <reference href="https://www.cisecurity.org/controls/">5</reference>
            <reference href="https://www.isaca.org/resources/cobit">APO01.06</reference>
            <reference href="https://www.isaca.org/resources/cobit">DSS05.04</reference>
            <reference href="https://www.isaca.org/resources/cobit">DSS05.07</reference>
            <reference href="https://www.isaca.org/resources/cobit">DSS06.02</reference>
            <reference href="https://www.isa.org/products/isa-62443-2-1-2009-security-for-industrial-automat">4.3.3.7.3</reference>
            <reference href="https://www.isa.org/products/ansi-isa-62443-3-3-99-03-03-2013-security-for-indu">SR 2.1</reference>
            <reference href="https://www.isa.org/products/ansi-isa-62443-3-3-99-03-03-2013-security-for-indu">SR 5.2</reference>
            <reference href="https://www.iso.org/contents/data/standard/05/45/54534.html">A.10.1.1</reference>
            <reference href="https://www.iso.org/contents/data/standard/05/45/54534.html">A.11.1.4</reference>
            <reference href="https://www.iso.org/contents/data/standard/05/45/54534.html">A.11.1.5</reference>
            <reference href="https://www.iso.org/contents/data/standard/05/45/54534.html">A.11.2.1</reference>
            <reference href="https://www.iso.org/contents/data/standard/05/45/54534.html">A.13.1.1</reference>
            <reference href="https://www.iso.org/contents/data/standard/05/45/54534.html">A.13.1.3</reference>
            <reference href="https://www.iso.org/contents/data/standard/05/45/54534.html">A.13.2.1</reference>
            <reference href="https://www.iso.org/contents/data/standard/05/45/54534.html">A.13.2.3</reference>
            <reference href="https://www.iso.org/contents/data/standard/05/45/54534.html">A.13.2.4</reference>
            <reference href="https://www.iso.org/contents/data/standard/05/45/54534.html">A.14.1.2</reference>
            <reference href="https://www.iso.org/contents/data/standard/05/45/54534.html">A.14.1.3</reference>
            <reference href="https://www.iso.org/contents/data/standard/05/45/54534.html">A.6.1.2</reference>
            <reference href="https://www.iso.org/contents/data/standard/05/45/54534.html">A.7.1.1</reference>
            <reference href="https://www.iso.org/contents/data/standard/05/45/54534.html">A.7.1.2</reference>
            <reference href="https://www.iso.org/contents/data/standard/05/45/54534.html">A.7.3.1</reference>
            <reference href="https://www.iso.org/contents/data/standard/05/45/54534.html">A.8.2.2</reference>
            <reference href="https://www.iso.org/contents/data/standard/05/45/54534.html">A.8.2.3</reference>
            <reference href="https://www.iso.org/contents/data/standard/05/45/54534.html">A.9.1.1</reference>
            <reference href="https://www.iso.org/contents/data/standard/05/45/54534.html">A.9.1.2</reference>
            <reference href="https://www.iso.org/contents/data/standard/05/45/54534.html">A.9.2.3</reference>
            <reference href="https://www.iso.org/contents/data/standard/05/45/54534.html">A.9.4.1</reference>
            <reference href="https://www.iso.org/contents/data/standard/05/45/54534.html">A.9.4.4</reference>
            <reference href="https://www.iso.org/contents/data/standard/05/45/54534.html">A.9.4.5</reference>
            <reference href="http://nvlpubs.nist.gov/nistpubs/SpecialPublications/NIST.SP.800-53r4.pdf">AC-6</reference>
            <reference href="http://nvlpubs.nist.gov/nistpubs/SpecialPublications/NIST.SP.800-53r4.pdf">AC-6(1)</reference>
            <reference href="http://nvlpubs.nist.gov/nistpubs/SpecialPublications/NIST.SP.800-53r4.pdf">CM6(a)</reference>
            <reference href="https://nvlpubs.nist.gov/nistpubs/CSWP/NIST.CSWP.04162018.pdf">PR.AC-4</reference>
            <reference href="https://nvlpubs.nist.gov/nistpubs/CSWP/NIST.CSWP.04162018.pdf">PR.DS-5</reference>
            <reference href="https://www.cyber.mil/stigs/downloads/?_dl_facet_stigs=operating-systems%2Cgeneral-purpose-os">SRG-OS-000480-GPOS-00227</reference>
            <reference href="https://www.cyber.mil/stigs/downloads/?_dl_facet_stigs=operating-systems%2Cunix-linux">SLES-15-040160</reference>
            <reference href="https://www.cyber.mil/stigs/srg-stig-tools/">SV-235000r991589_rule</reference>
            <rationale xmlns:xhtml="http://www.w3.org/1999/xhtml" xml:lang="en-US">NFS mounts should not present suid binaries to users. Only vendor-supplied suid executables
should be installed to their default location on the local filesystem.</rationale>
            <platform idref="#nfs_mount_defined"/>
            <ident system="https://ncp.nist.gov/cce">CCE-85635-1</ident>
            <fix xmlns:xhtml="http://www.w3.org/1999/xhtml" id="mount_option_nosuid_remote_filesystems" system="urn:xccdf:fix:script:sh"># Remediation is applicable only in certain platforms
if rpm --quiet -q kernel-default || rpm --quiet -q kernel-default-base; then

vfstype_points=()
readarray -t vfstype_points &lt; &lt;(grep -E "[[:space:]]nfs[4]?[[:space:]]" /etc/fstab | awk '{print $2}')

for vfstype_point in "${vfstype_points[@]}"
do
    mount_point_match_regexp="$(printf "^[[:space:]]*[^#].*[[:space:]]%s[[:space:]]" ${vfstype_point//\\/\\\\})"

    # If the mount point is not in /etc/fstab, get previous mount options from /etc/mtab
    if ! grep -q "$mount_point_match_regexp" /etc/fstab; then
        # runtime opts without some automatic kernel/userspace-added defaults
        previous_mount_opts=$(grep "$mount_point_match_regexp" /etc/mtab | head -1 |  awk '{print $4}' \
                    | sed -E "s/(rw|defaults|seclabel|nosuid)(,|$)//g;s/,$//")
        [ "$previous_mount_opts" ] &amp;&amp; previous_mount_opts+=","
        # In iso9660 filesystems mtab could describe a "blocksize" value, this should be reflected in
        # fstab as "block".  The next variable is to satisfy shellcheck SC2050.
        fs_type="nfs4"
        if [  "$fs_type" == "iso9660" ] ; then
            previous_mount_opts=$(sed 's/blocksize=/block=/' &lt;&lt;&lt; "$previous_mount_opts")
        fi
        echo " ${vfstype_point//\\/\\\\} nfs4 defaults,${previous_mount_opts}nosuid 0 0" &gt;&gt; /etc/fstab
    # If the mount_opt option is not already in the mount point's /etc/fstab entry, add it
    elif ! grep "$mount_point_match_regexp" /etc/fstab | grep -q "nosuid"; then
        previous_mount_opts=$(grep "$mount_point_match_regexp" /etc/fstab | awk '{print $4}')
        sed -i "s|\(${mount_point_match_regexp}.*${previous_mount_opts}\)|\1,nosuid|" /etc/fstab
    fi
done

else
    &gt;&amp;2 echo 'Remediation is not applicable, nothing was done'
fi
</fix>
            <fix xmlns:xhtml="http://www.w3.org/1999/xhtml" id="mount_option_nosuid_remote_filesystems" system="urn:xccdf:fix:script:ansible" complexity="low" disruption="medium" strategy="configure">- name: Gather the package facts
  package_facts:
    manager: auto
  tags:
  - CCE-85635-1
  - DISA-STIG-SLES-15-040160
  - NIST-800-53-AC-6
  - NIST-800-53-AC-6(1)
  - NIST-800-53-CM6(a)
  - configure_strategy
  - low_complexity
  - medium_disruption
  - medium_severity
  - mount_option_nosuid_remote_filesystems
  - no_reboot_needed

- name: Get nfs and nfs4 mount points, that don't have nosuid
  ansible.builtin.command: findmnt --fstab --types nfs,nfs4 -O nonosuid -n -P
  register: points_register
  check_mode: false
  changed_when: false
  failed_when: false
  when: ("kernel-default" in ansible_facts.packages or "kernel-default-base" in ansible_facts.packages)
  tags:
  - CCE-85635-1
  - DISA-STIG-SLES-15-040160
  - NIST-800-53-AC-6
  - NIST-800-53-AC-6(1)
  - NIST-800-53-CM6(a)
  - configure_strategy
  - low_complexity
  - medium_disruption
  - medium_severity
  - mount_option_nosuid_remote_filesystems
  - no_reboot_needed

- name: Add nosuid to nfs and nfs4 mount points
  ansible.posix.mount:
    path: '{{ item | regex_search(''TARGET="([^"]+)"'',''\1'') | first }}'
    src: '{{ item | regex_search(''SOURCE="([^"]+)"'',''\1'') | first }}'
    fstype: '{{ item | regex_search(''FSTYPE="([^"]+)"'',''\1'') | first }}'
    state: present
    opts: '{{ item | regex_search(''OPTIONS="([^"]+)"'',''\1'') | first }},nosuid'
  when:
  - ("kernel-default" in ansible_facts.packages or "kernel-default-base" in ansible_facts.packages)
  - (points_register.stdout | length &gt; 0) and '\\x09' not in item
  with_items: '{{ points_register.stdout_lines }}'
  tags:
  - CCE-85635-1
  - DISA-STIG-SLES-15-040160
  - NIST-800-53-AC-6
  - NIST-800-53-AC-6(1)
  - NIST-800-53-CM6(a)
  - configure_strategy
  - low_complexity
  - medium_disruption
  - medium_severity
  - mount_option_nosuid_remote_filesystems
  - no_reboot_needed
</fix>
            <check system="http://oval.mitre.org/XMLSchema/oval-definitions-5">
              <check-content-ref name="oval:ssg-mount_option_nosuid_remote_filesystems:def:1" href="ssg-sle15-oval.xml"/>
            </check>
            <check system="http://scap.nist.gov/schema/ocil/2">
              <check-content-ref name="ocil:ssg-mount_option_nosuid_remote_filesystems_ocil:questionnaire:1" href="ssg-sle15-ocil.xml"/>
            </check>
          </Rule>
        </Group>
      </Group>
      <Group id="xccdf_org.ssgproject.content_group_nfs_configuring_servers">
        <title xmlns:xhtml="http://www.w3.org/1999/xhtml" xml:lang="en-US">Configure NFS Servers</title>
        <description xmlns:xhtml="http://www.w3.org/1999/xhtml" xml:lang="en-US">The steps in this section are appropriate for systems which operate as NFS servers.</description>
        <Rule id="xccdf_org.ssgproject.content_rule_no_all_squash_exports" selected="false" role="full" severity="low">
          <title xmlns:xhtml="http://www.w3.org/1999/xhtml" xml:lang="en-US">Ensure All-Squashing Disabled On All Exports</title>
          <description xmlns:xhtml="http://www.w3.org/1999/xhtml" xml:lang="en-US">The <html:code xmlns:html="http://www.w3.org/1999/xhtml">all_squash</html:code> maps all uids and gids to an anonymous user.
This should be disabled by removing any instances of the
<html:code xmlns:html="http://www.w3.org/1999/xhtml">all_squash</html:code> option from the file <html:code xmlns:html="http://www.w3.org/1999/xhtml">/etc/exports</html:code>.</description>
          <rationale xmlns:xhtml="http://www.w3.org/1999/xhtml" xml:lang="en-US">The all_squash option maps all client requests to a single anonymous
uid/gid on the NFS server, negating the ability to track file access
by user ID.</rationale>
          <check system="http://scap.nist.gov/schema/ocil/2">
            <check-content-ref name="ocil:ssg-no_all_squash_exports_ocil:questionnaire:1" href="ssg-sle15-ocil.xml"/>
          </check>
        </Rule>
        <Rule id="xccdf_org.ssgproject.content_rule_use_kerberos_security_all_exports" selected="false" role="full" severity="medium">
          <title xmlns:xhtml="http://www.w3.org/1999/xhtml" xml:lang="en-US">Use Kerberos Security on All Exports</title>
          <description xmlns:xhtml="http://www.w3.org/1999/xhtml" xml:lang="en-US">Using Kerberos on all exported mounts prevents a malicious client or user from
impersonating a system user. To cryptography authenticate users to the NFS server,
add <html:code xmlns:html="http://www.w3.org/1999/xhtml">sec=krb5:krb5i:krb5p</html:code> to each export in <html:code xmlns:html="http://www.w3.org/1999/xhtml">/etc/exports</html:code>.</description>
          <reference href="https://www.cisecurity.org/controls/">1</reference>
          <reference href="https://www.cisecurity.org/controls/">12</reference>
          <reference href="https://www.cisecurity.org/controls/">14</reference>
          <reference href="https://www.cisecurity.org/controls/">15</reference>
          <reference href="https://www.cisecurity.org/controls/">16</reference>
          <reference href="https://www.cisecurity.org/controls/">18</reference>
          <reference href="https://www.cisecurity.org/controls/">3</reference>
          <reference href="https://www.cisecurity.org/controls/">5</reference>
          <reference href="https://www.isaca.org/resources/cobit">DSS05.04</reference>
          <reference href="https://www.isaca.org/resources/cobit">DSS05.10</reference>
          <reference href="https://www.isaca.org/resources/cobit">DSS06.10</reference>
          <reference href="https://www.gpo.gov/fdsys/pkg/CFR-2007-title45-vol1/pdf/CFR-2007-title45-vol1-chapA-subchapC.pdf">164.308(a)(4)(i)</reference>
          <reference href="https://www.gpo.gov/fdsys/pkg/CFR-2007-title45-vol1/pdf/CFR-2007-title45-vol1-chapA-subchapC.pdf">164.308(b)(1)</reference>
          <reference href="https://www.gpo.gov/fdsys/pkg/CFR-2007-title45-vol1/pdf/CFR-2007-title45-vol1-chapA-subchapC.pdf">164.308(b)(3)</reference>
          <reference href="https://www.gpo.gov/fdsys/pkg/CFR-2007-title45-vol1/pdf/CFR-2007-title45-vol1-chapA-subchapC.pdf">164.310(b)</reference>
          <reference href="https://www.gpo.gov/fdsys/pkg/CFR-2007-title45-vol1/pdf/CFR-2007-title45-vol1-chapA-subchapC.pdf">164.312(e)(1)</reference>
          <reference href="https://www.gpo.gov/fdsys/pkg/CFR-2007-title45-vol1/pdf/CFR-2007-title45-vol1-chapA-subchapC.pdf">164.312(e)(2)(ii)</reference>
          <reference href="https://www.isa.org/products/isa-62443-2-1-2009-security-for-industrial-automat">4.3.3.6.1</reference>
          <reference href="https://www.isa.org/products/isa-62443-2-1-2009-security-for-industrial-automat">4.3.3.6.2</reference>
          <reference href="https://www.isa.org/products/isa-62443-2-1-2009-security-for-industrial-automat">4.3.3.6.3</reference>
          <reference href="https://www.isa.org/products/isa-62443-2-1-2009-security-for-industrial-automat">4.3.3.6.4</reference>
          <reference href="https://www.isa.org/products/isa-62443-2-1-2009-security-for-industrial-automat">4.3.3.6.5</reference>
          <reference href="https://www.isa.org/products/isa-62443-2-1-2009-security-for-industrial-automat">4.3.3.6.6</reference>
          <reference href="https://www.isa.org/products/isa-62443-2-1-2009-security-for-industrial-automat">4.3.3.6.7</reference>
          <reference href="https://www.isa.org/products/isa-62443-2-1-2009-security-for-industrial-automat">4.3.3.6.8</reference>
          <reference href="https://www.isa.org/products/isa-62443-2-1-2009-security-for-industrial-automat">4.3.3.6.9</reference>
          <reference href="https://www.isa.org/products/isa-62443-2-1-2009-security-for-industrial-automat">4.3.3.7.3</reference>
          <reference href="https://www.isa.org/products/ansi-isa-62443-3-3-99-03-03-2013-security-for-indu">SR 1.1</reference>
          <reference href="https://www.isa.org/products/ansi-isa-62443-3-3-99-03-03-2013-security-for-indu">SR 1.10</reference>
          <reference href="https://www.isa.org/products/ansi-isa-62443-3-3-99-03-03-2013-security-for-indu">SR 1.2</reference>
          <reference href="https://www.isa.org/products/ansi-isa-62443-3-3-99-03-03-2013-security-for-indu">SR 1.5</reference>
          <reference href="https://www.isa.org/products/ansi-isa-62443-3-3-99-03-03-2013-security-for-indu">SR 1.7</reference>
          <reference href="https://www.isa.org/products/ansi-isa-62443-3-3-99-03-03-2013-security-for-indu">SR 1.8</reference>
          <reference href="https://www.isa.org/products/ansi-isa-62443-3-3-99-03-03-2013-security-for-indu">SR 1.9</reference>
          <reference href="https://www.isa.org/products/ansi-isa-62443-3-3-99-03-03-2013-security-for-indu">SR 2.1</reference>
          <reference href="https://www.iso.org/contents/data/standard/05/45/54534.html">A.18.1.4</reference>
          <reference href="https://www.iso.org/contents/data/standard/05/45/54534.html">A.6.1.2</reference>
          <reference href="https://www.iso.org/contents/data/standard/05/45/54534.html">A.9.1.2</reference>
          <reference href="https://www.iso.org/contents/data/standard/05/45/54534.html">A.9.2.1</reference>
          <reference href="https://www.iso.org/contents/data/standard/05/45/54534.html">A.9.2.3</reference>
          <reference href="https://www.iso.org/contents/data/standard/05/45/54534.html">A.9.2.4</reference>
          <reference href="https://www.iso.org/contents/data/standard/05/45/54534.html">A.9.3.1</reference>
          <reference href="https://www.iso.org/contents/data/standard/05/45/54534.html">A.9.4.1</reference>
          <reference href="https://www.iso.org/contents/data/standard/05/45/54534.html">A.9.4.2</reference>
          <reference href="https://www.iso.org/contents/data/standard/05/45/54534.html">A.9.4.3</reference>
          <reference href="https://www.iso.org/contents/data/standard/05/45/54534.html">A.9.4.4</reference>
          <reference href="https://www.iso.org/contents/data/standard/05/45/54534.html">A.9.4.5</reference>
          <reference href="http://nvlpubs.nist.gov/nistpubs/SpecialPublications/NIST.SP.800-53r4.pdf">CM-7(a)</reference>
          <reference href="http://nvlpubs.nist.gov/nistpubs/SpecialPublications/NIST.SP.800-53r4.pdf">CM-7(b)</reference>
          <reference href="http://nvlpubs.nist.gov/nistpubs/SpecialPublications/NIST.SP.800-53r4.pdf">CM-6(a)</reference>
          <reference href="http://nvlpubs.nist.gov/nistpubs/SpecialPublications/NIST.SP.800-53r4.pdf">IA-2</reference>
          <reference href="http://nvlpubs.nist.gov/nistpubs/SpecialPublications/NIST.SP.800-53r4.pdf">IA-2(8)</reference>
          <reference href="http://nvlpubs.nist.gov/nistpubs/SpecialPublications/NIST.SP.800-53r4.pdf">IA-2(9)</reference>
          <reference href="http://nvlpubs.nist.gov/nistpubs/SpecialPublications/NIST.SP.800-53r4.pdf">AC-17(a)</reference>
          <reference href="https://nvlpubs.nist.gov/nistpubs/CSWP/NIST.CSWP.04162018.pdf">PR.AC-4</reference>
          <reference href="https://nvlpubs.nist.gov/nistpubs/CSWP/NIST.CSWP.04162018.pdf">PR.AC-7</reference>
          <reference href="https://www.cyber.mil/stigs/downloads/?_dl_facet_stigs=operating-systems%2Cgeneral-purpose-os">SRG-OS-000480-GPOS-00227</reference>
          <rationale xmlns:xhtml="http://www.w3.org/1999/xhtml" xml:lang="en-US">When an NFS server is configured to use AUTH_SYS a selected userid and groupid are used to handle
requests from the remote user. The userid and groupid could mistakenly or maliciously be set
incorrectly. The AUTH_GSS method of authentication uses certificates on the server and client
systems to more securely authenticate the remote mount request.</rationale>
          <platform idref="#system_with_kernel"/>
          <ident system="https://ncp.nist.gov/cce">CCE-91416-8</ident>
          <fix xmlns:xhtml="http://www.w3.org/1999/xhtml" id="use_kerberos_security_all_exports" system="urn:xccdf:fix:script:sh" complexity="low" disruption="low" strategy="configure"># Remediation is applicable only in certain platforms
if rpm --quiet -q kernel-default || rpm --quiet -q kernel-default-base; then

nfs_exports=()
readarray -t nfs_exports &lt; &lt;(grep -E "^/.*[[:space:]]+ .*\(.*\)[[:space:]]*$" /etc/exports | awk '{print $2}')

for nfs_export in "${nfs_exports[@]}"
do
    correct_export=""
    if [ "$(grep -c "sec=" &lt;&lt;&lt;"$nfs_export")" -eq 0 ]; then
        correct_export="$(echo $nfs_export|sed  -e 's/).*$/,sec=krb5\:krb5i\:krb5p)/')"
    else
        correct_export="$(echo $nfs_export|sed  -e 's/sec=[^\,\)]*/sec=krb5\:krb5i\:krb5p/')"
    fi
    sed -i "s|$nfs_export|$correct_export|g" /etc/exports
done

else
    &gt;&amp;2 echo 'Remediation is not applicable, nothing was done'
fi
</fix>
          <fix xmlns:xhtml="http://www.w3.org/1999/xhtml" id="use_kerberos_security_all_exports" system="urn:xccdf:fix:script:ansible" complexity="low" disruption="low" strategy="configure">- name: Gather the package facts
  package_facts:
    manager: auto
  tags:
  - CCE-91416-8
  - NIST-800-53-AC-17(a)
  - NIST-800-53-CM-6(a)
  - NIST-800-53-CM-7(a)
  - NIST-800-53-CM-7(b)
  - NIST-800-53-IA-2
  - NIST-800-53-IA-2(8)
  - NIST-800-53-IA-2(9)
  - configure_strategy
  - low_complexity
  - low_disruption
  - medium_severity
  - no_reboot_needed
  - use_kerberos_security_all_exports

- name: Drop any security clause for every export
  ansible.builtin.replace:
    path: /etc/exports
    regexp: ^(/.*\w+.*\(.*),sec=[^,]*(.*\)\w*$)
    replace: \1\2
  when: ("kernel-default" in ansible_facts.packages or "kernel-default-base" in ansible_facts.packages)
  tags:
  - CCE-91416-8
  - NIST-800-53-AC-17(a)
  - NIST-800-53-CM-6(a)
  - NIST-800-53-CM-7(a)
  - NIST-800-53-CM-7(b)
  - NIST-800-53-IA-2
  - NIST-800-53-IA-2(8)
  - NIST-800-53-IA-2(9)
  - configure_strategy
  - low_complexity
  - low_disruption
  - medium_severity
  - no_reboot_needed
  - use_kerberos_security_all_exports

- name: Add kerberos security when no security is defined for an export
  ansible.builtin.replace:
    path: /etc/exports
    regexp: ^(/.*\w+.*\(.*)(\)\w*$)
    replace: \1,sec=krb5:krb5i:krb5p\2
  when: ("kernel-default" in ansible_facts.packages or "kernel-default-base" in ansible_facts.packages)
  tags:
  - CCE-91416-8
  - NIST-800-53-AC-17(a)
  - NIST-800-53-CM-6(a)
  - NIST-800-53-CM-7(a)
  - NIST-800-53-CM-7(b)
  - NIST-800-53-IA-2
  - NIST-800-53-IA-2(8)
  - NIST-800-53-IA-2(9)
  - configure_strategy
  - low_complexity
  - low_disruption
  - medium_severity
  - no_reboot_needed
  - use_kerberos_security_all_exports
</fix>
          <check system="http://oval.mitre.org/XMLSchema/oval-definitions-5">
            <check-content-ref name="oval:ssg-use_kerberos_security_all_exports:def:1" href="ssg-sle15-oval.xml"/>
          </check>
          <check system="http://scap.nist.gov/schema/ocil/2">
            <check-content-ref name="ocil:ssg-use_kerberos_security_all_exports_ocil:questionnaire:1" href="ssg-sle15-ocil.xml"/>
          </check>
        </Rule>
      </Group>
    </Group>
    <Group id="xccdf_org.ssgproject.content_group_ntp">
      <title xmlns:xhtml="http://www.w3.org/1999/xhtml" xml:lang="en-US">Network Time Protocol</title>
      <description xmlns:xhtml="http://www.w3.org/1999/xhtml" xml:lang="en-US">The Network Time Protocol is used to manage the system
clock over a network. Computer clocks are not very accurate, so
time will drift unpredictably on unmanaged systems. Central time
protocols can be used both to ensure that time is consistent among
a network of systems, and that their time is consistent with the
outside world.
<html:br xmlns:html="http://www.w3.org/1999/xhtml"/>
      <html:br xmlns:html="http://www.w3.org/1999/xhtml"/>
If every system on a network reliably reports the same time, then it is much
easier to correlate log messages in case of an attack. In addition, a number of
cryptographic protocols (such as Kerberos) use timestamps to prevent certain
types of attacks. If your network does not have synchronized time, these
protocols may be unreliable or even unusable.
<html:br xmlns:html="http://www.w3.org/1999/xhtml"/>
      <html:br xmlns:html="http://www.w3.org/1999/xhtml"/>
Depending on the specifics of the network, global time accuracy may be just as
important as local synchronization, or not very important at all. If your
network is connected to the Internet, using a public timeserver (or one
provided by your enterprise) provides globally accurate timestamps which may be
essential in investigating or responding to an attack which originated outside
of your network.
<html:br xmlns:html="http://www.w3.org/1999/xhtml"/>
      <html:br xmlns:html="http://www.w3.org/1999/xhtml"/>
A typical network setup involves a small number of internal systems operating
as NTP servers, and the remainder obtaining time information from those
internal servers.
<html:br xmlns:html="http://www.w3.org/1999/xhtml"/>
      <html:br xmlns:html="http://www.w3.org/1999/xhtml"/>
There is a choice between the daemons <html:code xmlns:html="http://www.w3.org/1999/xhtml">ntpd</html:code> and <html:code xmlns:html="http://www.w3.org/1999/xhtml">chronyd</html:code>, which
are available from the repositories in the <html:code xmlns:html="http://www.w3.org/1999/xhtml">ntp</html:code> and <html:code xmlns:html="http://www.w3.org/1999/xhtml">chrony</html:code>
packages respectively.
<html:br xmlns:html="http://www.w3.org/1999/xhtml"/>
      <html:br xmlns:html="http://www.w3.org/1999/xhtml"/>
The default <html:code xmlns:html="http://www.w3.org/1999/xhtml">chronyd</html:code> daemon can work well when external time references
are only intermittently accessible, can perform well even when the network is
congested for longer periods of time, can usually synchronize the clock faster
and with better time accuracy, and quickly adapts to sudden changes in the rate
of the clock, for example, due to changes in the temperature of the crystal
oscillator. <html:code xmlns:html="http://www.w3.org/1999/xhtml">Chronyd</html:code> should be considered for all systems which are
frequently suspended or otherwise intermittently disconnected and reconnected
to a network. Mobile and virtual systems for example.
<html:br xmlns:html="http://www.w3.org/1999/xhtml"/>
      <html:br xmlns:html="http://www.w3.org/1999/xhtml"/>
The <html:code xmlns:html="http://www.w3.org/1999/xhtml">ntpd</html:code> NTP daemon fully supports NTP protocol version 4 (RFC 5905),
including broadcast, multicast, manycast clients and servers, and the orphan
mode. It also supports extra authentication schemes based on public-key
cryptography (RFC 5906). The NTP daemon (<html:code xmlns:html="http://www.w3.org/1999/xhtml">ntpd</html:code>) should be considered
for systems which are normally kept permanently on. Systems which are required
to use broadcast or multicast IP, or to perform authentication of packets with
the <html:code xmlns:html="http://www.w3.org/1999/xhtml">Autokey</html:code> protocol, should consider using <html:code xmlns:html="http://www.w3.org/1999/xhtml">ntpd</html:code>.
<html:br xmlns:html="http://www.w3.org/1999/xhtml"/>
      <html:br xmlns:html="http://www.w3.org/1999/xhtml"/>
Refer to

    
    <html:a xmlns:html="http://www.w3.org/1999/xhtml" href="https://en.wikipedia.org/wiki/Network_Time_Protocol">https://en.wikipedia.org/wiki/Network_Time_Protocol</html:a>

for more detailed comparison of features of <html:code xmlns:html="http://www.w3.org/1999/xhtml">chronyd</html:code>
and <html:code xmlns:html="http://www.w3.org/1999/xhtml">ntpd</html:code> daemon features respectively, and for further guidance how to
choose between the two NTP daemons.
<html:br xmlns:html="http://www.w3.org/1999/xhtml"/>
      <html:br xmlns:html="http://www.w3.org/1999/xhtml"/>
The upstream manual pages at 
    <html:a xmlns:html="http://www.w3.org/1999/xhtml" href="https://chrony-project.org/documentation.html">https://chrony-project.org/documentation.html</html:a> for
<html:code xmlns:html="http://www.w3.org/1999/xhtml">chronyd</html:code> and 
    <html:a xmlns:html="http://www.w3.org/1999/xhtml" href="http://www.ntp.org">http://www.ntp.org</html:a> for <html:code xmlns:html="http://www.w3.org/1999/xhtml">ntpd</html:code> provide additional
information on the capabilities and configuration of each of the NTP daemons.</description>
      <platform idref="#system_with_kernel"/>
      <Value id="xccdf_org.ssgproject.content_value_var_multiple_time_pools" type="string" interactive="true">
        <title xmlns:xhtml="http://www.w3.org/1999/xhtml" xml:lang="en-US">Vendor Approved Time pools</title>
        <description xmlns:xhtml="http://www.w3.org/1999/xhtml" xml:lang="en-US">The list of vendor-approved pool servers</description>
        <value>0.pool.ntp.org,1.pool.ntp.org,2.pool.ntp.org,3.pool.ntp.org</value>
        <value selector="fedora">0.fedora.pool.ntp.org,1.fedora.pool.ntp.org,2.fedora.pool.ntp.org,3.fedora.pool.ntp.org</value>
        <value selector="rhel">0.rhel.pool.ntp.org,1.rhel.pool.ntp.org,2.rhel.pool.ntp.org,3.rhel.pool.ntp.org</value>
        <value selector="ol">0.pool.ntp.org,1.pool.ntp.org,2.pool.ntp.org,3.pool.ntp.org</value>
        <value selector="suse">0.suse.pool.ntp.org,1.suse.pool.ntp.org,2.suse.pool.ntp.org,3.suse.pool.ntp.org</value>
        <value selector="alinux">0.ntp.cloud.aliyuncs.com,1.ntp.aliyun.com,2.ntp1.aliyun.com,3.ntp1.cloud.aliyuncs.com</value>
        <value selector="amazon">0.rhel.pool.ntp.org,1.rhel.pool.ntp.org,2.rhel.pool.ntp.org,3.rhel.pool.ntp.org</value>
        <value selector="ubuntu">0.ubuntu.pool.ntp.org,1.ubuntu.pool.ntp.org,2.ubuntu.pool.ntp.org,3.ubuntu.pool.ntp.org</value>
        <value selector="debian">0.debian.pool.ntp.org,1.debian.pool.ntp.org,2.debian.pool.ntp.org,3.debian.pool.ntp.org</value>
        <value selector="nist">time.nist.gov</value>
      </Value>
      <Value id="xccdf_org.ssgproject.content_value_var_multiple_time_servers" type="string" interactive="true">
        <title xmlns:xhtml="http://www.w3.org/1999/xhtml" xml:lang="en-US">Vendor Approved Time Servers</title>
        <description xmlns:xhtml="http://www.w3.org/1999/xhtml" xml:lang="en-US">The list of vendor-approved time servers</description>
        <value>0.pool.ntp.org,1.pool.ntp.org,2.pool.ntp.org,3.pool.ntp.org</value>
        <value selector="generic">0.pool.ntp.org,1.pool.ntp.org,2.pool.ntp.org,3.pool.ntp.org</value>
        <value selector="stig">0.us.pool.ntp.mil</value>
        <value selector="fedora">0.fedora.pool.ntp.org,1.fedora.pool.ntp.org,2.fedora.pool.ntp.org,3.fedora.pool.ntp.org</value>
        <value selector="rhel">0.rhel.pool.ntp.org,1.rhel.pool.ntp.org,2.rhel.pool.ntp.org,3.rhel.pool.ntp.org</value>
        <value selector="ol">0.pool.ntp.org,1.pool.ntp.org,2.pool.ntp.org,3.pool.ntp.org</value>
        <value selector="suse">0.suse.pool.ntp.org,1.suse.pool.ntp.org,2.suse.pool.ntp.org,3.suse.pool.ntp.org</value>
        <value selector="alinux">0.ntp.cloud.aliyuncs.com,1.ntp.aliyun.com,2.ntp1.aliyun.com,3.ntp1.cloud.aliyuncs.com</value>
        <value selector="amazon">0.rhel.pool.ntp.org,1.rhel.pool.ntp.org,2.rhel.pool.ntp.org,3.rhel.pool.ntp.org</value>
        <value selector="ubuntu">0.ubuntu.pool.ntp.org,1.ubuntu.pool.ntp.org,2.ubuntu.pool.ntp.org,3.ubuntu.pool.ntp.org</value>
        <value selector="almalinux">0.almalinux.pool.ntp.org,1.almalinux.pool.ntp.org,2.almalinux.pool.ntp.org,3.almalinux.pool.ntp.org</value>
        <value selector="debian">0.debian.pool.ntp.org,1.debian.pool.ntp.org,2.debian.pool.ntp.org,3.debian.pool.ntp.org</value>
        <value selector="nist">time.nist.gov,time-a-g.nist.gov,time-b-g.nist.gov,time-c-g.nist.gov</value>
      </Value>
      <Value id="xccdf_org.ssgproject.content_value_var_time_service_set_maxpoll" type="number">
        <title xmlns:xhtml="http://www.w3.org/1999/xhtml" xml:lang="en-US">Maximum NTP or Chrony Poll</title>
        <description xmlns:xhtml="http://www.w3.org/1999/xhtml" xml:lang="en-US">The maximum NTP or Chrony poll interval number in seconds specified as a power of two.</description>
        <value selector="36_hours">17</value>
        <value selector="18_hours">16</value>
        <value>10</value>
        <value selector="system_default">10</value>
      </Value>
      <Rule id="xccdf_org.ssgproject.content_rule_package_chrony_installed" selected="false" role="full" severity="medium">
        <title xmlns:xhtml="http://www.w3.org/1999/xhtml" xml:lang="en-US">The Chrony package is installed</title>
        <description xmlns:xhtml="http://www.w3.org/1999/xhtml" xml:lang="en-US">System time should be synchronized between all systems in an environment. This is
typically done by establishing an authoritative time server or set of servers and having all
systems synchronize their clocks to them.
The <html:code xmlns:html="http://www.w3.org/1999/xhtml">chrony</html:code> package can be installed with the following command:
<html:pre xmlns:html="http://www.w3.org/1999/xhtml">
$ sudo zypper install chrony</html:pre>
      </description>
        <reference href="https://www.niap-ccevs.org/Profile/PP.cfm">FMT_SMF_EXT.1</reference>
        <reference href="https://www.pcisecuritystandards.org/documents/PCI_DSS_v3-2-1.pdf">Req-10.4</reference>
        <reference href="https://www.cyber.mil/stigs/downloads/?_dl_facet_stigs=operating-systems%2Cgeneral-purpose-os">SRG-OS-000355-GPOS-00143</reference>
        <reference href="https://www.cisecurity.org/benchmark/suse_linux/">2.2.1.1</reference>
        <reference href="https://cyber.gouv.fr/sites/default/files/document/linux_configuration-en-v2.pdf">R71</reference>
        <reference href="not_publicly_available">SLES-15-300450015</reference>
        <reference href="https://www.cyber.gov.au/acsc/view-all-content/ism">0988</reference>
        <reference href="https://www.cyber.gov.au/acsc/view-all-content/ism">1405</reference>
        <reference href="https://docs-prv.pcisecuritystandards.org/PCI%20DSS/Standard/PCI-DSS-v4_0.pdf">10.6.1</reference>
        <reference href="https://docs-prv.pcisecuritystandards.org/PCI%20DSS/Standard/PCI-DSS-v4_0.pdf">10.6</reference>
        <rationale xmlns:xhtml="http://www.w3.org/1999/xhtml" xml:lang="en-US">Time synchronization is important to support time sensitive security mechanisms like
Kerberos and also ensures log files have consistent time records across the enterprise,
which aids in forensic investigations.</rationale>
        <ident system="https://ncp.nist.gov/cce">CCE-91229-5</ident>
        <fix xmlns:xhtml="http://www.w3.org/1999/xhtml" id="package_chrony_installed" system="urn:xccdf:fix:script:puppet" complexity="low" disruption="low" strategy="enable">include install_chrony

class install_chrony {
  package { 'chrony':
    ensure =&gt; 'installed',
  }
}
</fix>
        <fix xmlns:xhtml="http://www.w3.org/1999/xhtml" id="package_chrony_installed" system="urn:xccdf:fix:script:sh" complexity="low" disruption="low" strategy="enable"># Remediation is applicable only in certain platforms
if rpm --quiet -q kernel-default || rpm --quiet -q kernel-default-base; then

zypper install -y "chrony"

else
    &gt;&amp;2 echo 'Remediation is not applicable, nothing was done'
fi
</fix>
        <fix xmlns:xhtml="http://www.w3.org/1999/xhtml" id="package_chrony_installed" system="urn:redhat:osbuild:blueprint">
[[packages]]
name = "chrony"
version = "*"
</fix>
        <fix xmlns:xhtml="http://www.w3.org/1999/xhtml" id="package_chrony_installed" system="urn:xccdf:fix:script:ansible" complexity="low" disruption="low" strategy="enable">- name: Gather the package facts
  package_facts:
    manager: auto
  tags:
  - CCE-91229-5
  - PCI-DSS-Req-10.4
  - PCI-DSSv4-10.6
  - PCI-DSSv4-10.6.1
  - enable_strategy
  - low_complexity
  - low_disruption
  - medium_severity
  - no_reboot_needed
  - package_chrony_installed

- name: Ensure chrony is installed
  ansible.builtin.package:
    name: chrony
    state: present
  when: ("kernel-default" in ansible_facts.packages or "kernel-default-base" in ansible_facts.packages)
  tags:
  - CCE-91229-5
  - PCI-DSS-Req-10.4
  - PCI-DSSv4-10.6
  - PCI-DSSv4-10.6.1
  - enable_strategy
  - low_complexity
  - low_disruption
  - medium_severity
  - no_reboot_needed
  - package_chrony_installed
</fix>
        <check system="http://oval.mitre.org/XMLSchema/oval-definitions-5">
          <check-content-ref name="oval:ssg-package_chrony_installed:def:1" href="ssg-sle15-oval.xml"/>
        </check>
        <check system="http://scap.nist.gov/schema/ocil/2">
          <check-content-ref name="ocil:ssg-package_chrony_installed_ocil:questionnaire:1" href="ssg-sle15-ocil.xml"/>
        </check>
      </Rule>
      <Rule id="xccdf_org.ssgproject.content_rule_package_ntp_installed" selected="false" role="full" severity="high">
        <title xmlns:xhtml="http://www.w3.org/1999/xhtml" xml:lang="en-US">Install the ntp service</title>
        <description xmlns:xhtml="http://www.w3.org/1999/xhtml" xml:lang="en-US">The ntpd service should be installed.</description>
        <reference href="https://www.cisecurity.org/controls/">1</reference>
        <reference href="https://www.cisecurity.org/controls/">14</reference>
        <reference href="https://www.cisecurity.org/controls/">15</reference>
        <reference href="https://www.cisecurity.org/controls/">16</reference>
        <reference href="https://www.cisecurity.org/controls/">3</reference>
        <reference href="https://www.cisecurity.org/controls/">5</reference>
        <reference href="https://www.cisecurity.org/controls/">6</reference>
        <reference href="https://www.isaca.org/resources/cobit">APO11.04</reference>
        <reference href="https://www.isaca.org/resources/cobit">BAI03.05</reference>
        <reference href="https://www.isaca.org/resources/cobit">DSS05.04</reference>
        <reference href="https://www.isaca.org/resources/cobit">DSS05.07</reference>
        <reference href="https://www.isaca.org/resources/cobit">MEA02.01</reference>
        <reference href="https://www.isa.org/products/isa-62443-2-1-2009-security-for-industrial-automat">4.3.3.3.9</reference>
        <reference href="https://www.isa.org/products/isa-62443-2-1-2009-security-for-industrial-automat">4.3.3.5.8</reference>
        <reference href="https://www.isa.org/products/isa-62443-2-1-2009-security-for-industrial-automat">4.3.4.4.7</reference>
        <reference href="https://www.isa.org/products/isa-62443-2-1-2009-security-for-industrial-automat">4.4.2.1</reference>
        <reference href="https://www.isa.org/products/isa-62443-2-1-2009-security-for-industrial-automat">4.4.2.2</reference>
        <reference href="https://www.isa.org/products/isa-62443-2-1-2009-security-for-industrial-automat">4.4.2.4</reference>
        <reference href="https://www.isa.org/products/ansi-isa-62443-3-3-99-03-03-2013-security-for-indu">SR 2.10</reference>
        <reference href="https://www.isa.org/products/ansi-isa-62443-3-3-99-03-03-2013-security-for-indu">SR 2.11</reference>
        <reference href="https://www.isa.org/products/ansi-isa-62443-3-3-99-03-03-2013-security-for-indu">SR 2.12</reference>
        <reference href="https://www.isa.org/products/ansi-isa-62443-3-3-99-03-03-2013-security-for-indu">SR 2.8</reference>
        <reference href="https://www.isa.org/products/ansi-isa-62443-3-3-99-03-03-2013-security-for-indu">SR 2.9</reference>
        <reference href="https://www.iso.org/contents/data/standard/05/45/54534.html">A.12.4.1</reference>
        <reference href="https://www.iso.org/contents/data/standard/05/45/54534.html">A.12.4.2</reference>
        <reference href="https://www.iso.org/contents/data/standard/05/45/54534.html">A.12.4.3</reference>
        <reference href="https://www.iso.org/contents/data/standard/05/45/54534.html">A.12.4.4</reference>
        <reference href="https://www.iso.org/contents/data/standard/05/45/54534.html">A.12.7.1</reference>
        <reference href="http://nvlpubs.nist.gov/nistpubs/SpecialPublications/NIST.SP.800-53r4.pdf">CM-6(a)</reference>
        <reference href="https://nvlpubs.nist.gov/nistpubs/CSWP/NIST.CSWP.04162018.pdf">PR.PT-1</reference>
        <reference href="https://www.pcisecuritystandards.org/documents/PCI_DSS_v3-2-1.pdf">Req-10.4</reference>
        <rationale xmlns:xhtml="http://www.w3.org/1999/xhtml" xml:lang="en-US">Time synchronization (using NTP) is required by almost all network and administrative tasks (syslog, cryptographic based services (authentication, etc.), etc.). Ntpd is regularly maintained and updated, supporting security features such as RFC 5906.</rationale>
        <ident system="https://ncp.nist.gov/cce">CCE-91293-1</ident>
        <fix xmlns:xhtml="http://www.w3.org/1999/xhtml" id="package_ntp_installed" system="urn:xccdf:fix:script:puppet" complexity="low" disruption="low" strategy="enable">include install_ntp

class install_ntp {
  package { 'ntp':
    ensure =&gt; 'installed',
  }
}
</fix>
        <fix xmlns:xhtml="http://www.w3.org/1999/xhtml" id="package_ntp_installed" system="urn:xccdf:fix:script:sh" complexity="low" disruption="low" strategy="enable"># Remediation is applicable only in certain platforms
if rpm --quiet -q kernel-default || rpm --quiet -q kernel-default-base; then

zypper install -y "ntp"

else
    &gt;&amp;2 echo 'Remediation is not applicable, nothing was done'
fi
</fix>
        <fix xmlns:xhtml="http://www.w3.org/1999/xhtml" id="package_ntp_installed" system="urn:redhat:osbuild:blueprint">
[[packages]]
name = "ntp"
version = "*"
</fix>
        <fix xmlns:xhtml="http://www.w3.org/1999/xhtml" id="package_ntp_installed" system="urn:xccdf:fix:script:ansible" complexity="low" disruption="low" strategy="enable">- name: Gather the package facts
  package_facts:
    manager: auto
  tags:
  - CCE-91293-1
  - NIST-800-53-CM-6(a)
  - PCI-DSS-Req-10.4
  - enable_strategy
  - high_severity
  - low_complexity
  - low_disruption
  - no_reboot_needed
  - package_ntp_installed

- name: Ensure ntp is installed
  ansible.builtin.package:
    name: ntp
    state: present
  when: ("kernel-default" in ansible_facts.packages or "kernel-default-base" in ansible_facts.packages)
  tags:
  - CCE-91293-1
  - NIST-800-53-CM-6(a)
  - PCI-DSS-Req-10.4
  - enable_strategy
  - high_severity
  - low_complexity
  - low_disruption
  - no_reboot_needed
  - package_ntp_installed
</fix>
        <check system="http://oval.mitre.org/XMLSchema/oval-definitions-5">
          <check-content-ref name="oval:ssg-package_ntp_installed:def:1" href="ssg-sle15-oval.xml"/>
        </check>
        <check system="http://scap.nist.gov/schema/ocil/2">
          <check-content-ref name="ocil:ssg-package_ntp_installed_ocil:questionnaire:1" href="ssg-sle15-ocil.xml"/>
        </check>
      </Rule>
      <Rule id="xccdf_org.ssgproject.content_rule_service_chronyd_enabled" selected="false" role="full" severity="medium">
        <title xmlns:xhtml="http://www.w3.org/1999/xhtml" xml:lang="en-US">The Chronyd service is enabled</title>
        <description xmlns:xhtml="http://www.w3.org/1999/xhtml" xml:lang="en-US">chrony is a daemon which implements the Network Time Protocol (NTP) is designed to
synchronize system clocks across a variety of systems and use a source that is highly
accurate. More information on chrony can be found at

    <html:a xmlns:html="http://www.w3.org/1999/xhtml" href="https://chrony-project.org/">https://chrony-project.org/</html:a>.
Chrony can be configured to be a client and/or a server.
To enable Chronyd service, you can run:
<html:code xmlns:html="http://www.w3.org/1999/xhtml"># systemctl enable chronyd.service</html:code>
This recommendation only applies if chrony is in use on the system.</description>
        <reference href="https://www.cyber.mil/stigs/downloads/?_dl_facet_stigs=operating-systems%2Cgeneral-purpose-os">SRG-OS-000355-GPOS-00143</reference>
        <reference href="https://cyber.gouv.fr/sites/default/files/document/linux_configuration-en-v2.pdf">R71</reference>
        <reference href="not_publicly_available">SLES-15-300450075</reference>
        <reference href="https://www.cyber.gov.au/acsc/view-all-content/ism">0988</reference>
        <reference href="https://www.cyber.gov.au/acsc/view-all-content/ism">1405</reference>
        <rationale xmlns:xhtml="http://www.w3.org/1999/xhtml" xml:lang="en-US">If chrony is in use on the system proper configuration is vital to ensuring time
synchronization is working properly.</rationale>
        <platform idref="#package_chrony"/>
        <ident system="https://ncp.nist.gov/cce">CCE-92601-4</ident>
        <fix xmlns:xhtml="http://www.w3.org/1999/xhtml" id="service_chronyd_enabled" system="urn:xccdf:fix:script:puppet" complexity="low" disruption="low" strategy="enable">include enable_chronyd

class enable_chronyd {
  service {'chronyd':
    enable =&gt; true,
    ensure =&gt; 'running',
  }
}
</fix>
        <fix xmlns:xhtml="http://www.w3.org/1999/xhtml" id="service_chronyd_enabled" system="urn:xccdf:fix:script:sh" complexity="low" disruption="low" strategy="enable"># Remediation is applicable only in certain platforms
if rpm --quiet -q kernel-default || rpm --quiet -q kernel-default-base &amp;&amp; { rpm --quiet -q chrony; }; then

SYSTEMCTL_EXEC='/usr/bin/systemctl'
"$SYSTEMCTL_EXEC" unmask 'chronyd.service'
if [[ $("$SYSTEMCTL_EXEC" is-system-running) != "offline" ]]; then
  "$SYSTEMCTL_EXEC" start 'chronyd.service'
fi
"$SYSTEMCTL_EXEC" enable 'chronyd.service'

else
    &gt;&amp;2 echo 'Remediation is not applicable, nothing was done'
fi
</fix>
        <fix xmlns:xhtml="http://www.w3.org/1999/xhtml" id="service_chronyd_enabled" system="urn:redhat:osbuild:blueprint">
[customizations.services]
enabled = ["chronyd"]
</fix>
        <fix xmlns:xhtml="http://www.w3.org/1999/xhtml" id="service_chronyd_enabled" system="urn:xccdf:fix:script:ansible" complexity="low" disruption="low" strategy="enable">- name: Gather the package facts
  package_facts:
    manager: auto
  tags:
  - CCE-92601-4
  - enable_strategy
  - low_complexity
  - low_disruption
  - medium_severity
  - no_reboot_needed
  - service_chronyd_enabled

- name: The Chronyd service is enabled - Enable service chronyd
  block:

  - name: Gather the package facts
    ansible.builtin.package_facts:
      manager: auto

  - name: The Chronyd service is enabled - Enable Service chronyd
    ansible.builtin.systemd:
      name: chronyd
      enabled: true
      state: started
      masked: false
    when:
    - '"chrony" in ansible_facts.packages'
  tags:
  - CCE-92601-4
  - enable_strategy
  - low_complexity
  - low_disruption
  - medium_severity
  - no_reboot_needed
  - service_chronyd_enabled
  - special_service_block
  when:
  - ("kernel-default" in ansible_facts.packages or "kernel-default-base" in ansible_facts.packages)
  - '"chrony" in ansible_facts.packages'
</fix>
        <check system="http://open-scap.org/page/SCE">
          <check-import import-name="stdout">
              </check-import>
          <check-content-ref href="sle15/checks/sce/service_chronyd_enabled.sh"/>
        </check>
        <check system="http://oval.mitre.org/XMLSchema/oval-definitions-5">
          <check-content-ref name="oval:ssg-service_chronyd_enabled:def:1" href="ssg-sle15-oval.xml"/>
        </check>
        <check system="http://scap.nist.gov/schema/ocil/2">
          <check-content-ref name="ocil:ssg-service_chronyd_enabled_ocil:questionnaire:1" href="ssg-sle15-ocil.xml"/>
        </check>
      </Rule>
      <Rule id="xccdf_org.ssgproject.content_rule_service_chronyd_or_ntpd_enabled" selected="false" role="full" severity="medium">
        <title xmlns:xhtml="http://www.w3.org/1999/xhtml" xml:lang="en-US">Enable the NTP Daemon</title>
        <description xmlns:xhtml="http://www.w3.org/1999/xhtml" xml:lang="en-US">


Run the following command to determine the current status of the
<html:code xmlns:html="http://www.w3.org/1999/xhtml">chronyd</html:code> service:
<html:pre xmlns:html="http://www.w3.org/1999/xhtml">$ sudo systemctl is-active chronyd</html:pre>
If the service is running, it should return the following: <html:pre xmlns:html="http://www.w3.org/1999/xhtml">active</html:pre>

Note: The <html:code xmlns:html="http://www.w3.org/1999/xhtml">chronyd</html:code> daemon is enabled by default.
<html:br xmlns:html="http://www.w3.org/1999/xhtml"/>
       <html:br xmlns:html="http://www.w3.org/1999/xhtml"/>


Run the following command to determine the current status of the
<html:code xmlns:html="http://www.w3.org/1999/xhtml">ntpd</html:code> service:
<html:pre xmlns:html="http://www.w3.org/1999/xhtml">$ sudo systemctl is-active ntpd</html:pre>
If the service is running, it should return the following: <html:pre xmlns:html="http://www.w3.org/1999/xhtml">active</html:pre>
Note: The <html:code xmlns:html="http://www.w3.org/1999/xhtml">ntpd</html:code> daemon is not enabled by default. Though as mentioned
in the previous sections in certain environments the <html:code xmlns:html="http://www.w3.org/1999/xhtml">ntpd</html:code> daemon might
be preferred to be used rather than the <html:code xmlns:html="http://www.w3.org/1999/xhtml">chronyd</html:code> one. Refer to:

    
    <html:a xmlns:html="http://www.w3.org/1999/xhtml" href="https://documentation.suse.com/sles/15-SP1/html/SLES-all/cha-ntp.html">https://documentation.suse.com/sles/15-SP1/html/SLES-all/cha-ntp.html</html:a>

for guidance which NTP daemon to choose depending on the environment used.</description>
        <reference href="https://www.cisecurity.org/controls/">1</reference>
        <reference href="https://www.cisecurity.org/controls/">14</reference>
        <reference href="https://www.cisecurity.org/controls/">15</reference>
        <reference href="https://www.cisecurity.org/controls/">16</reference>
        <reference href="https://www.cisecurity.org/controls/">3</reference>
        <reference href="https://www.cisecurity.org/controls/">5</reference>
        <reference href="https://www.cisecurity.org/controls/">6</reference>
        <reference href="https://www.isaca.org/resources/cobit">APO11.04</reference>
        <reference href="https://www.isaca.org/resources/cobit">BAI03.05</reference>
        <reference href="https://www.isaca.org/resources/cobit">DSS05.04</reference>
        <reference href="https://www.isaca.org/resources/cobit">DSS05.07</reference>
        <reference href="https://www.isaca.org/resources/cobit">MEA02.01</reference>
        <reference href="http://nvlpubs.nist.gov/nistpubs/SpecialPublications/NIST.SP.800-171.pdf">3.3.7</reference>
        <reference href="https://www.isa.org/products/isa-62443-2-1-2009-security-for-industrial-automat">4.3.3.3.9</reference>
        <reference href="https://www.isa.org/products/isa-62443-2-1-2009-security-for-industrial-automat">4.3.3.5.8</reference>
        <reference href="https://www.isa.org/products/isa-62443-2-1-2009-security-for-industrial-automat">4.3.4.4.7</reference>
        <reference href="https://www.isa.org/products/isa-62443-2-1-2009-security-for-industrial-automat">4.4.2.1</reference>
        <reference href="https://www.isa.org/products/isa-62443-2-1-2009-security-for-industrial-automat">4.4.2.2</reference>
        <reference href="https://www.isa.org/products/isa-62443-2-1-2009-security-for-industrial-automat">4.4.2.4</reference>
        <reference href="https://www.isa.org/products/ansi-isa-62443-3-3-99-03-03-2013-security-for-indu">SR 2.10</reference>
        <reference href="https://www.isa.org/products/ansi-isa-62443-3-3-99-03-03-2013-security-for-indu">SR 2.11</reference>
        <reference href="https://www.isa.org/products/ansi-isa-62443-3-3-99-03-03-2013-security-for-indu">SR 2.12</reference>
        <reference href="https://www.isa.org/products/ansi-isa-62443-3-3-99-03-03-2013-security-for-indu">SR 2.8</reference>
        <reference href="https://www.isa.org/products/ansi-isa-62443-3-3-99-03-03-2013-security-for-indu">SR 2.9</reference>
        <reference href="https://www.iso.org/contents/data/standard/05/45/54534.html">A.12.4.1</reference>
        <reference href="https://www.iso.org/contents/data/standard/05/45/54534.html">A.12.4.2</reference>
        <reference href="https://www.iso.org/contents/data/standard/05/45/54534.html">A.12.4.3</reference>
        <reference href="https://www.iso.org/contents/data/standard/05/45/54534.html">A.12.4.4</reference>
        <reference href="https://www.iso.org/contents/data/standard/05/45/54534.html">A.12.7.1</reference>
        <reference href="http://nvlpubs.nist.gov/nistpubs/SpecialPublications/NIST.SP.800-53r4.pdf">CM-6(a)</reference>
        <reference href="http://nvlpubs.nist.gov/nistpubs/SpecialPublications/NIST.SP.800-53r4.pdf">AU-8(1)(a)</reference>
        <reference href="http://nvlpubs.nist.gov/nistpubs/SpecialPublications/NIST.SP.800-53r4.pdf">AU-12(1)</reference>
        <reference href="https://nvlpubs.nist.gov/nistpubs/CSWP/NIST.CSWP.04162018.pdf">PR.PT-1</reference>
        <reference href="https://www.pcisecuritystandards.org/documents/PCI_DSS_v3-2-1.pdf">Req-10.4.1</reference>
        <reference href="https://www.cyber.mil/stigs/downloads/?_dl_facet_stigs=app-security">SRG-APP-000116-CTR-000235</reference>
        <reference href="https://cyber.gouv.fr/sites/default/files/document/linux_configuration-en-v2.pdf">R71</reference>
        <reference href="https://www.cyber.gov.au/acsc/view-all-content/ism">0988</reference>
        <reference href="https://www.cyber.gov.au/acsc/view-all-content/ism">1405</reference>
        <reference href="https://docs-prv.pcisecuritystandards.org/PCI%20DSS/Standard/PCI-DSS-v4_0.pdf">10.6.1</reference>
        <reference href="https://docs-prv.pcisecuritystandards.org/PCI%20DSS/Standard/PCI-DSS-v4_0.pdf">10.6</reference>
        <rationale xmlns:xhtml="http://www.w3.org/1999/xhtml" xml:lang="en-US">Enabling some of <html:code xmlns:html="http://www.w3.org/1999/xhtml">chronyd</html:code> or <html:code xmlns:html="http://www.w3.org/1999/xhtml">ntpd</html:code> services ensures
that the NTP daemon will be running and that the system will synchronize its
time to any servers specified. This is important whether the system is
configured to be a client (and synchronize only its own clock) or it is also
acting as an NTP server to other systems.  Synchronizing time is essential for
authentication services such as Kerberos, but it is also important for
maintaining accurate logs and auditing possible security breaches.
<html:br xmlns:html="http://www.w3.org/1999/xhtml"/>
       <html:br xmlns:html="http://www.w3.org/1999/xhtml"/>
The <html:code xmlns:html="http://www.w3.org/1999/xhtml">chronyd</html:code> and <html:code xmlns:html="http://www.w3.org/1999/xhtml">ntpd</html:code> NTP daemons offer all of the
functionality of <html:code xmlns:html="http://www.w3.org/1999/xhtml">ntpdate</html:code>, which is now deprecated.</rationale>
        <ident system="https://ncp.nist.gov/cce">CCE-85835-7</ident>
        <fix xmlns:xhtml="http://www.w3.org/1999/xhtml" id="service_chronyd_or_ntpd_enabled" system="urn:xccdf:fix:script:sh" complexity="low" disruption="low" strategy="enable"># Remediation is applicable only in certain platforms
if rpm --quiet -q kernel-default || rpm --quiet -q kernel-default-base; then

if rpm --quiet -q "chrony" ; then
    if ! /usr/sbin/pidof ntpd ; then
        /usr/bin/systemctl enable "chronyd"
        if [[ $(/usr/bin/systemctl is-system-running) != "offline" ]]; then
        /usr/bin/systemctl start "chronyd"
        fi
        # The service may not be running because it has been started and failed,
        # so let's reset the state so OVAL checks pass.
        # Service should be 'inactive', not 'failed' after reboot though.
        if /usr/bin/systemctl --failed | grep -q "chronyd"; then
            /usr/bin/systemctl reset-failed "chronyd"
        fi
    fi
elif rpm --quiet -q "ntp" ; then
    /usr/bin/systemctl enable "ntpd"
    if [[ $(/usr/bin/systemctl is-system-running) != "offline" ]]; then
    /usr/bin/systemctl start "ntpd"
    fi
    # The service may not be running because it has been started and failed,
    # so let's reset the state so OVAL checks pass.
    # Service should be 'inactive', not 'failed' after reboot though.
    if /usr/bin/systemctl --failed | grep -q "ntpd"; then
        /usr/bin/systemctl reset-failed "ntpd"
    fi
else
    zypper install -y "chrony"
    /usr/bin/systemctl enable "chronyd"
    if [[ $(/usr/bin/systemctl is-system-running) != "offline" ]]; then
    /usr/bin/systemctl start "chronyd"
    fi
    # The service may not be running because it has been started and failed,
    # so let's reset the state so OVAL checks pass.
    # Service should be 'inactive', not 'failed' after reboot though.
    if /usr/bin/systemctl --failed | grep -q "chronyd"; then
        /usr/bin/systemctl reset-failed "chronyd"
    fi
fi

else
    &gt;&amp;2 echo 'Remediation is not applicable, nothing was done'
fi
</fix>
        <fix xmlns:xhtml="http://www.w3.org/1999/xhtml" id="service_chronyd_or_ntpd_enabled" system="urn:xccdf:fix:script:ansible" complexity="low" disruption="low" strategy="enable">- name: Gather the package facts
  package_facts:
    manager: auto
  tags:
  - CCE-85835-7
  - NIST-800-171-3.3.7
  - NIST-800-53-AU-12(1)
  - NIST-800-53-AU-8(1)(a)
  - NIST-800-53-CM-6(a)
  - PCI-DSS-Req-10.4.1
  - PCI-DSSv4-10.6
  - PCI-DSSv4-10.6.1
  - enable_strategy
  - low_complexity
  - low_disruption
  - medium_severity
  - no_reboot_needed
  - service_chronyd_or_ntpd_enabled

- name: Gather the package facts
  ansible.builtin.package_facts:
    manager: auto
  when: ("kernel-default" in ansible_facts.packages or "kernel-default-base" in ansible_facts.packages)
  tags:
  - CCE-85835-7
  - NIST-800-171-3.3.7
  - NIST-800-53-AU-12(1)
  - NIST-800-53-AU-8(1)(a)
  - NIST-800-53-CM-6(a)
  - PCI-DSS-Req-10.4.1
  - PCI-DSSv4-10.6
  - PCI-DSSv4-10.6.1
  - enable_strategy
  - low_complexity
  - low_disruption
  - medium_severity
  - no_reboot_needed
  - service_chronyd_or_ntpd_enabled

- name: Start ntpd service if ntp installed
  ansible.builtin.systemd:
    name: ntpd
    enabled: 'yes'
    state: started
    masked: 'no'
  when:
  - ("kernel-default" in ansible_facts.packages or "kernel-default-base" in ansible_facts.packages)
  - '''ntp'' in ansible_facts.packages'
  tags:
  - CCE-85835-7
  - NIST-800-171-3.3.7
  - NIST-800-53-AU-12(1)
  - NIST-800-53-AU-8(1)(a)
  - NIST-800-53-CM-6(a)
  - PCI-DSS-Req-10.4.1
  - PCI-DSSv4-10.6
  - PCI-DSSv4-10.6.1
  - enable_strategy
  - low_complexity
  - low_disruption
  - medium_severity
  - no_reboot_needed
  - service_chronyd_or_ntpd_enabled

- name: Start chronyd service if chrony or chronyd installed
  ansible.builtin.systemd:
    name: chronyd
    enabled: 'yes'
    state: started
    masked: 'no'
  when:
  - ("kernel-default" in ansible_facts.packages or "kernel-default-base" in ansible_facts.packages)
  - ('chrony' in ansible_facts.packages) or ('chronyd' in ansible_facts.packages)
  tags:
  - CCE-85835-7
  - NIST-800-171-3.3.7
  - NIST-800-53-AU-12(1)
  - NIST-800-53-AU-8(1)(a)
  - NIST-800-53-CM-6(a)
  - PCI-DSS-Req-10.4.1
  - PCI-DSSv4-10.6
  - PCI-DSSv4-10.6.1
  - enable_strategy
  - low_complexity
  - low_disruption
  - medium_severity
  - no_reboot_needed
  - service_chronyd_or_ntpd_enabled
</fix>
        <check system="http://oval.mitre.org/XMLSchema/oval-definitions-5">
          <check-content-ref name="oval:ssg-service_chronyd_or_ntpd_enabled:def:1" href="ssg-sle15-oval.xml"/>
        </check>
        <check system="http://scap.nist.gov/schema/ocil/2">
          <check-content-ref name="ocil:ssg-service_chronyd_or_ntpd_enabled_ocil:questionnaire:1" href="ssg-sle15-ocil.xml"/>
        </check>
      </Rule>
      <Rule id="xccdf_org.ssgproject.content_rule_service_ntp_enabled" selected="false" role="full" severity="high">
        <title xmlns:xhtml="http://www.w3.org/1999/xhtml" xml:lang="en-US">Enable the NTP Daemon</title>
        <description xmlns:xhtml="http://www.w3.org/1999/xhtml" xml:lang="en-US">
The <html:code xmlns:html="http://www.w3.org/1999/xhtml">ntp</html:code> service can be enabled with the following command:
<html:pre xmlns:html="http://www.w3.org/1999/xhtml">$ sudo systemctl enable ntp.service</html:pre>
      </description>
        <warning xmlns:xhtml="http://www.w3.org/1999/xhtml" xml:lang="en-US" category="general">The <html:pre xmlns:html="http://www.w3.org/1999/xhtml">ntp</html:pre> package is not available in SUSE Linux Enterprise 15. Please consider the <html:pre xmlns:html="http://www.w3.org/1999/xhtml">chrony</html:pre> package instead together with the respective <html:pre xmlns:html="http://www.w3.org/1999/xhtml">service_chronyd_enabled</html:pre> rule.</warning>
        <reference href="https://www.cisecurity.org/controls/">1</reference>
        <reference href="https://www.cisecurity.org/controls/">14</reference>
        <reference href="https://www.cisecurity.org/controls/">15</reference>
        <reference href="https://www.cisecurity.org/controls/">16</reference>
        <reference href="https://www.cisecurity.org/controls/">3</reference>
        <reference href="https://www.cisecurity.org/controls/">5</reference>
        <reference href="https://www.cisecurity.org/controls/">6</reference>
        <reference href="https://www.isaca.org/resources/cobit">APO11.04</reference>
        <reference href="https://www.isaca.org/resources/cobit">BAI03.05</reference>
        <reference href="https://www.isaca.org/resources/cobit">DSS05.04</reference>
        <reference href="https://www.isaca.org/resources/cobit">DSS05.07</reference>
        <reference href="https://www.isaca.org/resources/cobit">MEA02.01</reference>
        <reference href="https://www.isa.org/products/isa-62443-2-1-2009-security-for-industrial-automat">4.3.3.3.9</reference>
        <reference href="https://www.isa.org/products/isa-62443-2-1-2009-security-for-industrial-automat">4.3.3.5.8</reference>
        <reference href="https://www.isa.org/products/isa-62443-2-1-2009-security-for-industrial-automat">4.3.4.4.7</reference>
        <reference href="https://www.isa.org/products/isa-62443-2-1-2009-security-for-industrial-automat">4.4.2.1</reference>
        <reference href="https://www.isa.org/products/isa-62443-2-1-2009-security-for-industrial-automat">4.4.2.2</reference>
        <reference href="https://www.isa.org/products/isa-62443-2-1-2009-security-for-industrial-automat">4.4.2.4</reference>
        <reference href="https://www.isa.org/products/ansi-isa-62443-3-3-99-03-03-2013-security-for-indu">SR 2.10</reference>
        <reference href="https://www.isa.org/products/ansi-isa-62443-3-3-99-03-03-2013-security-for-indu">SR 2.11</reference>
        <reference href="https://www.isa.org/products/ansi-isa-62443-3-3-99-03-03-2013-security-for-indu">SR 2.12</reference>
        <reference href="https://www.isa.org/products/ansi-isa-62443-3-3-99-03-03-2013-security-for-indu">SR 2.8</reference>
        <reference href="https://www.isa.org/products/ansi-isa-62443-3-3-99-03-03-2013-security-for-indu">SR 2.9</reference>
        <reference href="https://www.iso.org/contents/data/standard/05/45/54534.html">A.12.4.1</reference>
        <reference href="https://www.iso.org/contents/data/standard/05/45/54534.html">A.12.4.2</reference>
        <reference href="https://www.iso.org/contents/data/standard/05/45/54534.html">A.12.4.3</reference>
        <reference href="https://www.iso.org/contents/data/standard/05/45/54534.html">A.12.4.4</reference>
        <reference href="https://www.iso.org/contents/data/standard/05/45/54534.html">A.12.7.1</reference>
        <reference href="http://nvlpubs.nist.gov/nistpubs/SpecialPublications/NIST.SP.800-53r4.pdf">CM-6(a)</reference>
        <reference href="http://nvlpubs.nist.gov/nistpubs/SpecialPublications/NIST.SP.800-53r4.pdf">AU-8(1)(a)</reference>
        <reference href="https://nvlpubs.nist.gov/nistpubs/CSWP/NIST.CSWP.04162018.pdf">PR.PT-1</reference>
        <reference href="https://www.pcisecuritystandards.org/documents/PCI_DSS_v3-2-1.pdf">Req-10.4</reference>
        <reference href="https://docs-prv.pcisecuritystandards.org/PCI%20DSS/Standard/PCI-DSS-v4_0.pdf">10.6.1</reference>
        <reference href="https://docs-prv.pcisecuritystandards.org/PCI%20DSS/Standard/PCI-DSS-v4_0.pdf">10.6</reference>
        <rationale xmlns:xhtml="http://www.w3.org/1999/xhtml" xml:lang="en-US">Enabling the <html:code xmlns:html="http://www.w3.org/1999/xhtml">ntp</html:code> service ensures that the <html:code xmlns:html="http://www.w3.org/1999/xhtml">ntp</html:code>
service will be running and that the system will synchronize its time to
any servers specified. This is important whether the system is configured to be
a client (and synchronize only its own clock) or it is also acting as an NTP
server to other systems.  Synchronizing time is essential for authentication
services such as Kerberos, but it is also important for maintaining accurate
logs and auditing possible security breaches.
<html:br xmlns:html="http://www.w3.org/1999/xhtml"/>
       <html:br xmlns:html="http://www.w3.org/1999/xhtml"/>
The NTP daemon offers all of the functionality of <html:code xmlns:html="http://www.w3.org/1999/xhtml">ntpdate</html:code>, which is now
deprecated.</rationale>
        <platform idref="#package_ntp"/>
        <ident system="https://ncp.nist.gov/cce">CCE-91294-9</ident>
        <fix xmlns:xhtml="http://www.w3.org/1999/xhtml" id="service_ntp_enabled" system="urn:xccdf:fix:script:puppet" complexity="low" disruption="low" strategy="enable">include enable_ntp

class enable_ntp {
  service {'ntp':
    enable =&gt; true,
    ensure =&gt; 'running',
  }
}
</fix>
        <fix xmlns:xhtml="http://www.w3.org/1999/xhtml" id="service_ntp_enabled" system="urn:xccdf:fix:script:sh" complexity="low" disruption="low" strategy="enable"># Remediation is applicable only in certain platforms
if rpm --quiet -q kernel-default || rpm --quiet -q kernel-default-base &amp;&amp; { rpm --quiet -q ntp; }; then

SYSTEMCTL_EXEC='/usr/bin/systemctl'
"$SYSTEMCTL_EXEC" unmask 'ntp.service'
if [[ $("$SYSTEMCTL_EXEC" is-system-running) != "offline" ]]; then
  "$SYSTEMCTL_EXEC" start 'ntp.service'
fi
"$SYSTEMCTL_EXEC" enable 'ntp.service'

else
    &gt;&amp;2 echo 'Remediation is not applicable, nothing was done'
fi
</fix>
        <fix xmlns:xhtml="http://www.w3.org/1999/xhtml" id="service_ntp_enabled" system="urn:redhat:osbuild:blueprint">
[customizations.services]
enabled = ["ntp"]
</fix>
        <fix xmlns:xhtml="http://www.w3.org/1999/xhtml" id="service_ntp_enabled" system="urn:xccdf:fix:script:ansible" complexity="low" disruption="low" strategy="enable">- name: Gather the package facts
  package_facts:
    manager: auto
  tags:
  - CCE-91294-9
  - NIST-800-53-AU-8(1)(a)
  - NIST-800-53-CM-6(a)
  - PCI-DSS-Req-10.4
  - PCI-DSSv4-10.6
  - PCI-DSSv4-10.6.1
  - enable_strategy
  - high_severity
  - low_complexity
  - low_disruption
  - no_reboot_needed
  - service_ntp_enabled

- name: Enable the NTP Daemon - Enable service ntp
  block:

  - name: Gather the package facts
    ansible.builtin.package_facts:
      manager: auto

  - name: Enable the NTP Daemon - Enable Service ntp
    ansible.builtin.systemd:
      name: ntp
      enabled: true
      state: started
      masked: false
    when:
    - '"ntp" in ansible_facts.packages'
  tags:
  - CCE-91294-9
  - NIST-800-53-AU-8(1)(a)
  - NIST-800-53-CM-6(a)
  - PCI-DSS-Req-10.4
  - PCI-DSSv4-10.6
  - PCI-DSSv4-10.6.1
  - enable_strategy
  - high_severity
  - low_complexity
  - low_disruption
  - no_reboot_needed
  - service_ntp_enabled
  - special_service_block
  when:
  - ("kernel-default" in ansible_facts.packages or "kernel-default-base" in ansible_facts.packages)
  - '"ntp" in ansible_facts.packages'
</fix>
        <check system="http://open-scap.org/page/SCE">
          <check-import import-name="stdout">
              </check-import>
          <check-content-ref href="sle15/checks/sce/service_ntp_enabled.sh"/>
        </check>
        <check system="http://oval.mitre.org/XMLSchema/oval-definitions-5">
          <check-content-ref name="oval:ssg-service_ntp_enabled:def:1" href="ssg-sle15-oval.xml"/>
        </check>
        <check system="http://scap.nist.gov/schema/ocil/2">
          <check-content-ref name="ocil:ssg-service_ntp_enabled_ocil:questionnaire:1" href="ssg-sle15-ocil.xml"/>
        </check>
      </Rule>
      <Rule id="xccdf_org.ssgproject.content_rule_service_timesyncd_enabled" selected="false" role="full" severity="high">
        <title xmlns:xhtml="http://www.w3.org/1999/xhtml" xml:lang="en-US">Enable systemd_timesyncd Service</title>
        <description xmlns:xhtml="http://www.w3.org/1999/xhtml" xml:lang="en-US">
The <html:code xmlns:html="http://www.w3.org/1999/xhtml">systemd_timesyncd</html:code> service can be enabled with the following command:
<html:pre xmlns:html="http://www.w3.org/1999/xhtml">$ sudo systemctl enable systemd_timesyncd.service</html:pre>
      </description>
        <reference href="https://www.cisecurity.org/controls/">1</reference>
        <reference href="https://www.cisecurity.org/controls/">14</reference>
        <reference href="https://www.cisecurity.org/controls/">15</reference>
        <reference href="https://www.cisecurity.org/controls/">16</reference>
        <reference href="https://www.cisecurity.org/controls/">3</reference>
        <reference href="https://www.cisecurity.org/controls/">5</reference>
        <reference href="https://www.cisecurity.org/controls/">6</reference>
        <reference href="https://www.isaca.org/resources/cobit">APO11.04</reference>
        <reference href="https://www.isaca.org/resources/cobit">BAI03.05</reference>
        <reference href="https://www.isaca.org/resources/cobit">DSS05.04</reference>
        <reference href="https://www.isaca.org/resources/cobit">DSS05.07</reference>
        <reference href="https://www.isaca.org/resources/cobit">MEA02.01</reference>
        <reference href="https://www.isa.org/products/isa-62443-2-1-2009-security-for-industrial-automat">4.3.3.3.9</reference>
        <reference href="https://www.isa.org/products/isa-62443-2-1-2009-security-for-industrial-automat">4.3.3.5.8</reference>
        <reference href="https://www.isa.org/products/isa-62443-2-1-2009-security-for-industrial-automat">4.3.4.4.7</reference>
        <reference href="https://www.isa.org/products/isa-62443-2-1-2009-security-for-industrial-automat">4.4.2.1</reference>
        <reference href="https://www.isa.org/products/isa-62443-2-1-2009-security-for-industrial-automat">4.4.2.2</reference>
        <reference href="https://www.isa.org/products/isa-62443-2-1-2009-security-for-industrial-automat">4.4.2.4</reference>
        <reference href="https://www.isa.org/products/ansi-isa-62443-3-3-99-03-03-2013-security-for-indu">SR 2.10</reference>
        <reference href="https://www.isa.org/products/ansi-isa-62443-3-3-99-03-03-2013-security-for-indu">SR 2.11</reference>
        <reference href="https://www.isa.org/products/ansi-isa-62443-3-3-99-03-03-2013-security-for-indu">SR 2.12</reference>
        <reference href="https://www.isa.org/products/ansi-isa-62443-3-3-99-03-03-2013-security-for-indu">SR 2.8</reference>
        <reference href="https://www.isa.org/products/ansi-isa-62443-3-3-99-03-03-2013-security-for-indu">SR 2.9</reference>
        <reference href="https://www.iso.org/contents/data/standard/05/45/54534.html">A.12.4.1</reference>
        <reference href="https://www.iso.org/contents/data/standard/05/45/54534.html">A.12.4.2</reference>
        <reference href="https://www.iso.org/contents/data/standard/05/45/54534.html">A.12.4.3</reference>
        <reference href="https://www.iso.org/contents/data/standard/05/45/54534.html">A.12.4.4</reference>
        <reference href="https://www.iso.org/contents/data/standard/05/45/54534.html">A.12.7.1</reference>
        <reference href="http://nvlpubs.nist.gov/nistpubs/SpecialPublications/NIST.SP.800-53r4.pdf">CM-6(a)</reference>
        <reference href="http://nvlpubs.nist.gov/nistpubs/SpecialPublications/NIST.SP.800-53r4.pdf">AU-8(1)(a)</reference>
        <reference href="https://nvlpubs.nist.gov/nistpubs/CSWP/NIST.CSWP.04162018.pdf">PR.PT-1</reference>
        <reference href="https://www.pcisecuritystandards.org/documents/PCI_DSS_v3-2-1.pdf">Req-10.4</reference>
        <reference href="https://www.cisecurity.org/benchmark/suse_linux/">2.2.1.2</reference>
        <reference href="not_publicly_available">SLES-15-300450045</reference>
        <reference href="https://docs-prv.pcisecuritystandards.org/PCI%20DSS/Standard/PCI-DSS-v4_0.pdf">10.6.1</reference>
        <reference href="https://docs-prv.pcisecuritystandards.org/PCI%20DSS/Standard/PCI-DSS-v4_0.pdf">10.6</reference>
        <rationale xmlns:xhtml="http://www.w3.org/1999/xhtml" xml:lang="en-US">Enabling the <html:code xmlns:html="http://www.w3.org/1999/xhtml">systemd_timesyncd</html:code> service ensures that this host
uses the ntp protocol to fetch time data from a ntp server.
Synchronizing time is essential for authentication
services such as Kerberos, but it is also important for maintaining accurate
logs and auditing possible security breaches.
<html:br xmlns:html="http://www.w3.org/1999/xhtml"/>
       <html:br xmlns:html="http://www.w3.org/1999/xhtml"/>
Additional information on Ubuntu network time protocol is
available at

    <html:a xmlns:html="http://www.w3.org/1999/xhtml" href="https://help.ubuntu.com/lts/serverguide/NTP.html.en">https://help.ubuntu.com/lts/serverguide/NTP.html.en</html:a>.</rationale>
        <platform idref="#not_package_chrony_and_not_package_ntp"/>
        <ident system="https://ncp.nist.gov/cce">CCE-91296-4</ident>
        <fix xmlns:xhtml="http://www.w3.org/1999/xhtml" id="service_timesyncd_enabled" system="urn:xccdf:fix:script:puppet" complexity="low" disruption="low" strategy="enable">include enable_systemd-timesyncd

class enable_systemd-timesyncd {
  service {'systemd-timesyncd':
    enable =&gt; true,
    ensure =&gt; 'running',
  }
}
</fix>
        <fix xmlns:xhtml="http://www.w3.org/1999/xhtml" id="service_timesyncd_enabled" system="urn:xccdf:fix:script:sh" complexity="low" disruption="low" strategy="enable"># Remediation is applicable only in certain platforms
if rpm --quiet -q kernel-default || rpm --quiet -q kernel-default-base &amp;&amp; { ( ! ( rpm --quiet -q chrony ) &amp;&amp; ! ( rpm --quiet -q ntp ) ); }; then

SYSTEMCTL_EXEC='/usr/bin/systemctl'
"$SYSTEMCTL_EXEC" unmask 'systemd-timesyncd.service'
if [[ $("$SYSTEMCTL_EXEC" is-system-running) != "offline" ]]; then
  "$SYSTEMCTL_EXEC" start 'systemd-timesyncd.service'
fi
"$SYSTEMCTL_EXEC" enable 'systemd-timesyncd.service'

else
    &gt;&amp;2 echo 'Remediation is not applicable, nothing was done'
fi
</fix>
        <fix xmlns:xhtml="http://www.w3.org/1999/xhtml" id="service_timesyncd_enabled" system="urn:redhat:osbuild:blueprint">
[customizations.services]
enabled = ["systemd-timesyncd"]
</fix>
        <fix xmlns:xhtml="http://www.w3.org/1999/xhtml" id="service_timesyncd_enabled" system="urn:xccdf:fix:script:ansible" complexity="low" disruption="low" strategy="enable">- name: Gather the package facts
  package_facts:
    manager: auto
  tags:
  - CCE-91296-4
  - NIST-800-53-AU-8(1)(a)
  - NIST-800-53-CM-6(a)
  - PCI-DSS-Req-10.4
  - PCI-DSSv4-10.6
  - PCI-DSSv4-10.6.1
  - enable_strategy
  - high_severity
  - low_complexity
  - low_disruption
  - no_reboot_needed
  - service_timesyncd_enabled

- name: Enable systemd_timesyncd Service - Enable service systemd-timesyncd
  block:

  - name: Gather the package facts
    ansible.builtin.package_facts:
      manager: auto

  - name: Enable systemd_timesyncd Service - Enable Service systemd-timesyncd
    ansible.builtin.systemd:
      name: systemd-timesyncd
      enabled: true
      state: started
      masked: false
    when:
    - '"systemd" in ansible_facts.packages'
  tags:
  - CCE-91296-4
  - NIST-800-53-AU-8(1)(a)
  - NIST-800-53-CM-6(a)
  - PCI-DSS-Req-10.4
  - PCI-DSSv4-10.6
  - PCI-DSSv4-10.6.1
  - enable_strategy
  - high_severity
  - low_complexity
  - low_disruption
  - no_reboot_needed
  - service_timesyncd_enabled
  - special_service_block
  when:
  - ("kernel-default" in ansible_facts.packages or "kernel-default-base" in ansible_facts.packages)
  - ( not ( "chrony" in ansible_facts.packages ) and not ( "ntp" in ansible_facts.packages
    ) )
</fix>
        <check system="http://open-scap.org/page/SCE">
          <check-import import-name="stdout">
              </check-import>
          <check-content-ref href="sle15/checks/sce/service_timesyncd_enabled.sh"/>
        </check>
        <check system="http://oval.mitre.org/XMLSchema/oval-definitions-5">
          <check-content-ref name="oval:ssg-service_timesyncd_enabled:def:1" href="ssg-sle15-oval.xml"/>
        </check>
        <check system="http://scap.nist.gov/schema/ocil/2">
          <check-content-ref name="ocil:ssg-service_timesyncd_enabled_ocil:questionnaire:1" href="ssg-sle15-ocil.xml"/>
        </check>
      </Rule>
      <Rule id="xccdf_org.ssgproject.content_rule_chronyd_specify_remote_server" selected="false" role="full" severity="medium">
        <title xmlns:xhtml="http://www.w3.org/1999/xhtml" xml:lang="en-US">A remote time server for Chrony is configured</title>
        <description xmlns:xhtml="http://www.w3.org/1999/xhtml" xml:lang="en-US"><html:code xmlns:html="http://www.w3.org/1999/xhtml">Chrony</html:code> is a daemon which implements the Network Time Protocol (NTP). It is designed
to synchronize system clocks across a variety of systems and use a source that is highly
accurate. More information on <html:code xmlns:html="http://www.w3.org/1999/xhtml">chrony</html:code> can be found at

    <html:a xmlns:html="http://www.w3.org/1999/xhtml" href="https://chrony-project.org/">https://chrony-project.org/</html:a>.
<html:code xmlns:html="http://www.w3.org/1999/xhtml">Chrony</html:code> can be configured to be a client and/or a server.
Add or edit server or pool lines to <html:code xmlns:html="http://www.w3.org/1999/xhtml">/etc/chrony.conf</html:code> as appropriate:
<html:pre xmlns:html="http://www.w3.org/1999/xhtml">server &lt;remote-server&gt;</html:pre>
Multiple servers may be configured.</description>
        <reference href="http://nvlpubs.nist.gov/nistpubs/SpecialPublications/NIST.SP.800-53r4.pdf">CM-6(a)</reference>
        <reference href="http://nvlpubs.nist.gov/nistpubs/SpecialPublications/NIST.SP.800-53r4.pdf">AU-8(1)(a)</reference>
        <reference href="https://www.pcisecuritystandards.org/documents/PCI_DSS_v3-2-1.pdf">Req-10.4.3</reference>
        <reference href="https://www.cyber.mil/stigs/downloads/?_dl_facet_stigs=operating-systems%2Cgeneral-purpose-os">SRG-OS-000355-GPOS-00143</reference>
        <reference href="https://www.cisecurity.org/benchmark/suse_linux/">2.2.1.3</reference>
        <reference href="https://cyber.gouv.fr/sites/default/files/document/linux_configuration-en-v2.pdf">R71</reference>
        <reference href="https://www.cyber.gov.au/acsc/view-all-content/ism">0988</reference>
        <reference href="https://www.cyber.gov.au/acsc/view-all-content/ism">1405</reference>
        <reference href="https://docs-prv.pcisecuritystandards.org/PCI%20DSS/Standard/PCI-DSS-v4_0.pdf">10.6.2</reference>
        <reference href="https://docs-prv.pcisecuritystandards.org/PCI%20DSS/Standard/PCI-DSS-v4_0.pdf">10.6</reference>
        <rationale xmlns:xhtml="http://www.w3.org/1999/xhtml" xml:lang="en-US">If <html:code xmlns:html="http://www.w3.org/1999/xhtml">chrony</html:code> is in use on the system proper configuration is vital to ensuring time
synchronization is working properly.</rationale>
        <platform idref="#package_chrony"/>
        <ident system="https://ncp.nist.gov/cce">CCE-85833-2</ident>
        <fix xmlns:xhtml="http://www.w3.org/1999/xhtml" id="chronyd_specify_remote_server" system="urn:xccdf:fix:script:sh"># Remediation is applicable only in certain platforms
if rpm --quiet -q kernel-default || rpm --quiet -q kernel-default-base &amp;&amp; { rpm --quiet -q chrony; }; then

var_multiple_time_servers='<xccdf-1.2:sub xmlns:xccdf-1.2="http://checklists.nist.gov/xccdf/1.2" idref="xccdf_org.ssgproject.content_value_var_multiple_time_servers" use="legacy"/>'


config_file="/etc/chrony.conf"

if ! grep -q '^[[:space:]]*\(server\|pool\)[[:space:]]\+[[:graph:]]\+' "$config_file" ; then
  if ! grep -q '#[[:space:]]*server' "$config_file" ; then
    for server in $(echo "$var_multiple_time_servers" | tr ',' '\n') ; do
      printf '\nserver %s' "$server" &gt;&gt; "$config_file"
    done
  else
    sed -i 's/#[ \t]*server/server/g' "$config_file"
  fi
  if [[ -s "$config_file" ]] &amp;&amp; [[ -n "$(tail -c 1 -- "$config_file" || true)" ]]; then
      LC_ALL=C sed -i --follow-symlinks '$a'\\ "$config_file"
  fi
fi

else
    &gt;&amp;2 echo 'Remediation is not applicable, nothing was done'
fi
</fix>
        <fix xmlns:xhtml="http://www.w3.org/1999/xhtml" id="chronyd_specify_remote_server" system="urn:xccdf:fix:script:ansible" complexity="low" disruption="low" strategy="configure">- name: Gather the package facts
  package_facts:
    manager: auto
  tags:
  - CCE-85833-2
  - NIST-800-53-AU-8(1)(a)
  - NIST-800-53-CM-6(a)
  - PCI-DSS-Req-10.4.3
  - PCI-DSSv4-10.6
  - PCI-DSSv4-10.6.2
  - chronyd_specify_remote_server
  - configure_strategy
  - low_complexity
  - low_disruption
  - medium_severity
  - no_reboot_needed
- name: XCCDF Value var_multiple_time_servers # promote to variable
  set_fact:
    var_multiple_time_servers: !!str <xccdf-1.2:sub xmlns:xccdf-1.2="http://checklists.nist.gov/xccdf/1.2" idref="xccdf_org.ssgproject.content_value_var_multiple_time_servers" use="legacy"/>
  tags:
    - always

- name: Detect if chrony is already configured with pools or servers
  ansible.builtin.find:
    path: /etc
    patterns: chrony.conf
    contains: ^[\s]*(?:server|pool)[\s]+[\w]+
  register: chrony_servers
  when:
  - ("kernel-default" in ansible_facts.packages or "kernel-default-base" in ansible_facts.packages)
  - '"chrony" in ansible_facts.packages'
  tags:
  - CCE-85833-2
  - NIST-800-53-AU-8(1)(a)
  - NIST-800-53-CM-6(a)
  - PCI-DSS-Req-10.4.3
  - PCI-DSSv4-10.6
  - PCI-DSSv4-10.6.2
  - chronyd_specify_remote_server
  - configure_strategy
  - low_complexity
  - low_disruption
  - medium_severity
  - no_reboot_needed

- name: Configure remote time servers
  ansible.builtin.lineinfile:
    path: /etc/chrony.conf
    line: server {{ item }}
    state: present
    create: true
  loop: '{{ var_multiple_time_servers.split(",") }}'
  when:
  - ("kernel-default" in ansible_facts.packages or "kernel-default-base" in ansible_facts.packages)
  - '"chrony" in ansible_facts.packages'
  - chrony_servers.matched == 0
  tags:
  - CCE-85833-2
  - NIST-800-53-AU-8(1)(a)
  - NIST-800-53-CM-6(a)
  - PCI-DSS-Req-10.4.3
  - PCI-DSSv4-10.6
  - PCI-DSSv4-10.6.2
  - chronyd_specify_remote_server
  - configure_strategy
  - low_complexity
  - low_disruption
  - medium_severity
  - no_reboot_needed
</fix>
        <check system="http://oval.mitre.org/XMLSchema/oval-definitions-5">
          <check-content-ref name="oval:ssg-chronyd_specify_remote_server:def:1" href="ssg-sle15-oval.xml"/>
        </check>
        <check system="http://scap.nist.gov/schema/ocil/2">
          <check-content-ref name="ocil:ssg-chronyd_specify_remote_server_ocil:questionnaire:1" href="ssg-sle15-ocil.xml"/>
        </check>
      </Rule>
      <Rule id="xccdf_org.ssgproject.content_rule_chronyd_configure_pool_and_server" selected="false" role="full" severity="medium">
        <title xmlns:xhtml="http://www.w3.org/1999/xhtml" xml:lang="en-US">Chrony Configure Pool and Server</title>
        <description xmlns:xhtml="http://www.w3.org/1999/xhtml" xml:lang="en-US"><html:code xmlns:html="http://www.w3.org/1999/xhtml">Chrony</html:code> is a daemon which implements the Network Time Protocol (NTP). It is designed to
synchronize system clocks across a variety of systems and use a source that is highly
accurate. More information on <html:code xmlns:html="http://www.w3.org/1999/xhtml">chrony</html:code> can be found at

    <html:a xmlns:html="http://www.w3.org/1999/xhtml" href="https://chrony-project.org/">https://chrony-project.org/</html:a>.
<html:code xmlns:html="http://www.w3.org/1999/xhtml">Chrony</html:code> can be configured to be a client and/or a server.
Add or edit server or pool lines to <html:code xmlns:html="http://www.w3.org/1999/xhtml">/etc/chrony.conf</html:code> as appropriate:
<html:pre xmlns:html="http://www.w3.org/1999/xhtml">server &lt;remote-server&gt;</html:pre>
Multiple servers may be configured.</description>
        <reference href="http://nvlpubs.nist.gov/nistpubs/SpecialPublications/NIST.SP.800-53r4.pdf">CM-6(a)</reference>
        <reference href="http://nvlpubs.nist.gov/nistpubs/SpecialPublications/NIST.SP.800-53r4.pdf">AU-8(1)(a)</reference>
        <reference href="https://www.pcisecuritystandards.org/documents/PCI_DSS_v3-2-1.pdf">Req-10.4.3</reference>
        <reference href="https://www.cisecurity.org/benchmark/suse_linux/">2.2.1.3</reference>
        <reference href="https://cyber.gouv.fr/sites/default/files/document/linux_configuration-en-v2.pdf">R71</reference>
        <reference href="not_publicly_available">SLES-15-300450060</reference>
        <reference href="https://www.cyber.gov.au/acsc/view-all-content/ism">0988</reference>
        <reference href="https://www.cyber.gov.au/acsc/view-all-content/ism">1405</reference>
        <rationale xmlns:xhtml="http://www.w3.org/1999/xhtml" xml:lang="en-US">If <html:code xmlns:html="http://www.w3.org/1999/xhtml">chrony</html:code> is in use on the system proper configuration is vital to ensuring time
synchronization is working properly.</rationale>
        <platform idref="#package_chrony"/>
        <ident system="https://ncp.nist.gov/cce">CCE-92526-3</ident>
        <fix xmlns:xhtml="http://www.w3.org/1999/xhtml" id="chronyd_configure_pool_and_server" system="urn:xccdf:fix:script:sh"># Remediation is applicable only in certain platforms
if rpm --quiet -q kernel-default || rpm --quiet -q kernel-default-base &amp;&amp; { rpm --quiet -q chrony; }; then

var_multiple_time_servers='<xccdf-1.2:sub xmlns:xccdf-1.2="http://checklists.nist.gov/xccdf/1.2" idref="xccdf_org.ssgproject.content_value_var_multiple_time_servers" use="legacy"/>'

var_multiple_time_pools='<xccdf-1.2:sub xmlns:xccdf-1.2="http://checklists.nist.gov/xccdf/1.2" idref="xccdf_org.ssgproject.content_value_var_multiple_time_pools" use="legacy"/>'


config_file="/etc/chrony.conf"

# Check and configigure servers in /etc/chrony.conf
IFS="," read -a SERVERS &lt;&lt;&lt; $var_multiple_time_servers
for srv in "${SERVERS[@]}"
do
   NTP_SRV=$(grep -w $srv $config_file)
   if [[ ! "$NTP_SRV" == "server "* ]]
   then
     time_server="server $srv"
     echo $time_server &gt;&gt; "$config_file"
   fi
done

# Check and configure pools in /etc/chrony.conf
IFS="," read -a POOLS &lt;&lt;&lt; $var_multiple_time_pools
for srv in "${POOLS[@]}"
do
   NTP_POOL=$(grep -w $srv $config_file)
   if [[ ! "$NTP_POOL" == "pool "* ]]
   then
     time_server="pool $srv"
     echo $time_server &gt;&gt; "$config_file"
   fi
done

else
    &gt;&amp;2 echo 'Remediation is not applicable, nothing was done'
fi
</fix>
        <fix xmlns:xhtml="http://www.w3.org/1999/xhtml" id="chronyd_configure_pool_and_server" system="urn:xccdf:fix:script:ansible" complexity="low" disruption="low" strategy="configure">- name: Gather the package facts
  package_facts:
    manager: auto
  tags:
  - CCE-92526-3
  - NIST-800-53-AU-8(1)(a)
  - NIST-800-53-CM-6(a)
  - PCI-DSS-Req-10.4.3
  - chronyd_configure_pool_and_server
  - configure_strategy
  - low_complexity
  - low_disruption
  - medium_severity
  - no_reboot_needed
- name: XCCDF Value var_multiple_time_servers # promote to variable
  set_fact:
    var_multiple_time_servers: !!str <xccdf-1.2:sub xmlns:xccdf-1.2="http://checklists.nist.gov/xccdf/1.2" idref="xccdf_org.ssgproject.content_value_var_multiple_time_servers" use="legacy"/>
  tags:
    - always
- name: XCCDF Value var_multiple_time_pools # promote to variable
  set_fact:
    var_multiple_time_pools: !!str <xccdf-1.2:sub xmlns:xccdf-1.2="http://checklists.nist.gov/xccdf/1.2" idref="xccdf_org.ssgproject.content_value_var_multiple_time_pools" use="legacy"/>
  tags:
    - always

- name: Chrony Configure Pool and Server - Add missing / update wrong records for
    remote time servers
  ansible.builtin.lineinfile:
    path: /etc/chrony.conf
    regexp: ^\s*\bserver\b\s*\b{{ item }}\b$
    state: present
    line: server {{ item }}
    create: true
  with_items:
  - '{{ var_multiple_time_servers.split(",") }}'
  when:
  - ("kernel-default" in ansible_facts.packages or "kernel-default-base" in ansible_facts.packages)
  - '"chrony" in ansible_facts.packages'
  tags:
  - CCE-92526-3
  - NIST-800-53-AU-8(1)(a)
  - NIST-800-53-CM-6(a)
  - PCI-DSS-Req-10.4.3
  - chronyd_configure_pool_and_server
  - configure_strategy
  - low_complexity
  - low_disruption
  - medium_severity
  - no_reboot_needed

- name: Chrony Configure Pool and Server - Add missing / update wrong records for
    remote time pools
  ansible.builtin.lineinfile:
    path: /etc/chrony.conf
    regexp: ^\s*\bpool\b\s*\b{{ item }}\b$
    state: present
    line: pool {{ item }}
    create: true
  with_items:
  - '{{ var_multiple_time_pools.split(",") }}'
  when:
  - ("kernel-default" in ansible_facts.packages or "kernel-default-base" in ansible_facts.packages)
  - '"chrony" in ansible_facts.packages'
  tags:
  - CCE-92526-3
  - NIST-800-53-AU-8(1)(a)
  - NIST-800-53-CM-6(a)
  - PCI-DSS-Req-10.4.3
  - chronyd_configure_pool_and_server
  - configure_strategy
  - low_complexity
  - low_disruption
  - medium_severity
  - no_reboot_needed
</fix>
        <check system="http://oval.mitre.org/XMLSchema/oval-definitions-5">
          <check-export export-name="oval:ssg-var_multiple_time_servers:var:1" value-id="xccdf_org.ssgproject.content_value_var_multiple_time_servers"/>
          <check-export export-name="oval:ssg-var_multiple_time_pools:var:1" value-id="xccdf_org.ssgproject.content_value_var_multiple_time_pools"/>
          <check-content-ref name="oval:ssg-chronyd_configure_pool_and_server:def:1" href="ssg-sle15-oval.xml"/>
        </check>
        <check system="http://scap.nist.gov/schema/ocil/2">
          <check-content-ref name="ocil:ssg-chronyd_configure_pool_and_server_ocil:questionnaire:1" href="ssg-sle15-ocil.xml"/>
        </check>
      </Rule>
      <Rule id="xccdf_org.ssgproject.content_rule_chronyd_or_ntpd_set_maxpoll" selected="false" role="full" severity="medium">
        <title xmlns:xhtml="http://www.w3.org/1999/xhtml" xml:lang="en-US">Configure Time Service Maxpoll Interval</title>
        <description xmlns:xhtml="http://www.w3.org/1999/xhtml" xml:lang="en-US">The <html:code xmlns:html="http://www.w3.org/1999/xhtml">maxpoll</html:code> should be configured to
<xccdf-1.2:sub xmlns:xccdf-1.2="http://checklists.nist.gov/xccdf/1.2" idref="xccdf_org.ssgproject.content_value_var_time_service_set_maxpoll" use="legacy"/> in <html:code xmlns:html="http://www.w3.org/1999/xhtml">/etc/ntp.conf</html:code> or
<html:code xmlns:html="http://www.w3.org/1999/xhtml">/etc/chrony.conf</html:code> (or <html:code xmlns:html="http://www.w3.org/1999/xhtml">/etc/chrony.d/</html:code>) to continuously poll time servers. To configure
<html:code xmlns:html="http://www.w3.org/1999/xhtml">maxpoll</html:code> in <html:code xmlns:html="http://www.w3.org/1999/xhtml">/etc/ntp.conf</html:code> or <html:code xmlns:html="http://www.w3.org/1999/xhtml">/etc/chrony.conf</html:code> (or <html:code xmlns:html="http://www.w3.org/1999/xhtml">/etc/chrony.d/</html:code>)
add the following after each <html:code xmlns:html="http://www.w3.org/1999/xhtml">server</html:code>, <html:code xmlns:html="http://www.w3.org/1999/xhtml">pool</html:code> or <html:code xmlns:html="http://www.w3.org/1999/xhtml">peer</html:code> entry:
<html:pre xmlns:html="http://www.w3.org/1999/xhtml" xmlns:xccdf-1.2="http://checklists.nist.gov/xccdf/1.2">maxpoll <xccdf-1.2:sub idref="xccdf_org.ssgproject.content_value_var_time_service_set_maxpoll" use="legacy"/>
       </html:pre>
to <html:code xmlns:html="http://www.w3.org/1999/xhtml">server</html:code> directives. If using chrony, any <html:code xmlns:html="http://www.w3.org/1999/xhtml">pool</html:code> directives
should be configured too.</description>
        <reference href="https://www.cisecurity.org/controls/">1</reference>
        <reference href="https://www.cisecurity.org/controls/">14</reference>
        <reference href="https://www.cisecurity.org/controls/">15</reference>
        <reference href="https://www.cisecurity.org/controls/">16</reference>
        <reference href="https://www.cisecurity.org/controls/">3</reference>
        <reference href="https://www.cisecurity.org/controls/">5</reference>
        <reference href="https://www.cisecurity.org/controls/">6</reference>
        <reference href="https://www.isaca.org/resources/cobit">APO11.04</reference>
        <reference href="https://www.isaca.org/resources/cobit">BAI03.05</reference>
        <reference href="https://www.isaca.org/resources/cobit">DSS05.04</reference>
        <reference href="https://www.isaca.org/resources/cobit">DSS05.07</reference>
        <reference href="https://www.isaca.org/resources/cobit">MEA02.01</reference>
        <reference href="https://www.isa.org/products/isa-62443-2-1-2009-security-for-industrial-automat">4.3.3.3.9</reference>
        <reference href="https://www.isa.org/products/isa-62443-2-1-2009-security-for-industrial-automat">4.3.3.5.8</reference>
        <reference href="https://www.isa.org/products/isa-62443-2-1-2009-security-for-industrial-automat">4.3.4.4.7</reference>
        <reference href="https://www.isa.org/products/isa-62443-2-1-2009-security-for-industrial-automat">4.4.2.1</reference>
        <reference href="https://www.isa.org/products/isa-62443-2-1-2009-security-for-industrial-automat">4.4.2.2</reference>
        <reference href="https://www.isa.org/products/isa-62443-2-1-2009-security-for-industrial-automat">4.4.2.4</reference>
        <reference href="https://www.isa.org/products/ansi-isa-62443-3-3-99-03-03-2013-security-for-indu">SR 2.10</reference>
        <reference href="https://www.isa.org/products/ansi-isa-62443-3-3-99-03-03-2013-security-for-indu">SR 2.11</reference>
        <reference href="https://www.isa.org/products/ansi-isa-62443-3-3-99-03-03-2013-security-for-indu">SR 2.12</reference>
        <reference href="https://www.isa.org/products/ansi-isa-62443-3-3-99-03-03-2013-security-for-indu">SR 2.8</reference>
        <reference href="https://www.isa.org/products/ansi-isa-62443-3-3-99-03-03-2013-security-for-indu">SR 2.9</reference>
        <reference href="https://www.iso.org/contents/data/standard/05/45/54534.html">A.12.4.1</reference>
        <reference href="https://www.iso.org/contents/data/standard/05/45/54534.html">A.12.4.2</reference>
        <reference href="https://www.iso.org/contents/data/standard/05/45/54534.html">A.12.4.3</reference>
        <reference href="https://www.iso.org/contents/data/standard/05/45/54534.html">A.12.4.4</reference>
        <reference href="https://www.iso.org/contents/data/standard/05/45/54534.html">A.12.7.1</reference>
        <reference href="http://nvlpubs.nist.gov/nistpubs/SpecialPublications/NIST.SP.800-53r4.pdf">CM-6(a)</reference>
        <reference href="http://nvlpubs.nist.gov/nistpubs/SpecialPublications/NIST.SP.800-53r4.pdf">AU-8(1)(b)</reference>
        <reference href="http://nvlpubs.nist.gov/nistpubs/SpecialPublications/NIST.SP.800-53r4.pdf">AU-12(1)</reference>
        <reference href="https://nvlpubs.nist.gov/nistpubs/CSWP/NIST.CSWP.04162018.pdf">PR.PT-1</reference>
        <reference href="https://www.cyber.mil/stigs/downloads/?_dl_facet_stigs=operating-systems%2Cgeneral-purpose-os">SRG-OS-000355-GPOS-00143</reference>
        <reference href="https://www.cyber.mil/stigs/downloads/?_dl_facet_stigs=operating-systems%2Cgeneral-purpose-os">SRG-OS-000356-GPOS-00144</reference>
        <reference href="https://www.cyber.mil/stigs/downloads/?_dl_facet_stigs=operating-systems%2Cgeneral-purpose-os">SRG-OS-000359-GPOS-00146</reference>
        <reference href="https://www.cyber.mil/stigs/downloads/?_dl_facet_stigs=operating-systems%2Cunix-linux">SLES-15-010400</reference>
        <reference href="not_publicly_available">SLES-15-300450090</reference>
        <reference href="https://www.cyber.mil/stigs/srg-stig-tools/">SV-234849r1038944_rule</reference>
        <rationale xmlns:xhtml="http://www.w3.org/1999/xhtml" xml:lang="en-US">Inaccurate time stamps make it more difficult to correlate events and can lead to an inaccurate analysis. Determining the correct time a particular event occurred on a system is critical when conducting forensic analysis and investigating system events. Sources outside the configured acceptable allowance (drift) may be inaccurate.
Synchronizing internal information system clocks provides uniformity of time stamps for information systems with multiple system clocks and systems connected over a network.
Organizations should consider endpoints that may not have regular access to the authoritative time server (e.g., mobile, teleworking, and tactical endpoints).</rationale>
        <platform idref="#package_chrony_or_package_ntp"/>
        <ident system="https://ncp.nist.gov/cce">CCE-83287-3</ident>
        <fix xmlns:xhtml="http://www.w3.org/1999/xhtml" id="chronyd_or_ntpd_set_maxpoll" system="urn:xccdf:fix:script:sh"># Remediation is applicable only in certain platforms
if rpm --quiet -q kernel-default || rpm --quiet -q kernel-default-base &amp;&amp; { ( rpm --quiet -q chrony || rpm --quiet -q ntp ); }; then

var_time_service_set_maxpoll='<xccdf-1.2:sub xmlns:xccdf-1.2="http://checklists.nist.gov/xccdf/1.2" idref="xccdf_org.ssgproject.content_value_var_time_service_set_maxpoll" use="legacy"/>'




pof="/bin/pidof"


CONFIG_FILES="/etc/ntp.conf"
$pof ntpd || {
    CHRONY_D_PATH=/etc/chrony.d/
    
    mapfile -t CONFIG_FILES &lt; &lt;(find ${CHRONY_D_PATH}.* -type f -name '*.conf')
    
    CONFIG_FILES+=(/etc/chrony.conf)
}

# get list of ntp files

for config_file in "${CONFIG_FILES[@]}" ; do
    # Set maxpoll values to var_time_service_set_maxpoll
    sed -i "s/^\(\(server\|pool\|peer\).*maxpoll\) [0-9,-][0-9]*\(.*\)$/\1 $var_time_service_set_maxpoll \3/" "$config_file"
done

for config_file in "${CONFIG_FILES[@]}" ; do
    # Add maxpoll to server, pool or peer entries without maxpoll
    grep "^\(server\|pool\|peer\)" "$config_file" | grep -v maxpoll | while read -r line ; do
        sed -i "s/$line/&amp; maxpoll $var_time_service_set_maxpoll/" "$config_file"
    done
done

else
    &gt;&amp;2 echo 'Remediation is not applicable, nothing was done'
fi
</fix>
        <fix xmlns:xhtml="http://www.w3.org/1999/xhtml" id="chronyd_or_ntpd_set_maxpoll" system="urn:xccdf:fix:script:ansible" complexity="low" disruption="low" strategy="restrict">- name: Gather the package facts
  package_facts:
    manager: auto
  tags:
  - CCE-83287-3
  - DISA-STIG-SLES-15-010400
  - NIST-800-53-AU-12(1)
  - NIST-800-53-AU-8(1)(b)
  - NIST-800-53-CM-6(a)
  - chronyd_or_ntpd_set_maxpoll
  - low_complexity
  - low_disruption
  - medium_severity
  - no_reboot_needed
  - restrict_strategy
- name: XCCDF Value var_time_service_set_maxpoll # promote to variable
  set_fact:
    var_time_service_set_maxpoll: !!str <xccdf-1.2:sub xmlns:xccdf-1.2="http://checklists.nist.gov/xccdf/1.2" idref="xccdf_org.ssgproject.content_value_var_time_service_set_maxpoll" use="legacy"/>
  tags:
    - always

- name: Configure Time Service Maxpoll Interval - Check That /etc/ntp.conf Exist
  ansible.builtin.stat:
    path: /etc/ntp.conf
  register: ntp_conf_exist_result
  when:
  - ("kernel-default" in ansible_facts.packages or "kernel-default-base" in ansible_facts.packages)
  - ( "chrony" in ansible_facts.packages or "ntp" in ansible_facts.packages )
  tags:
  - CCE-83287-3
  - DISA-STIG-SLES-15-010400
  - NIST-800-53-AU-12(1)
  - NIST-800-53-AU-8(1)(b)
  - NIST-800-53-CM-6(a)
  - chronyd_or_ntpd_set_maxpoll
  - low_complexity
  - low_disruption
  - medium_severity
  - no_reboot_needed
  - restrict_strategy

- name: Configure Time Service Maxpoll Interval - Update the maxpoll Values in /etc/ntp.conf
  ansible.builtin.replace:
    path: /etc/ntp.conf
    regexp: ^(server.*maxpoll)[ ]+[0-9]+(.*)$
    replace: \1 {{ var_time_service_set_maxpoll }}\2
  when:
  - ("kernel-default" in ansible_facts.packages or "kernel-default-base" in ansible_facts.packages)
  - ( "chrony" in ansible_facts.packages or "ntp" in ansible_facts.packages )
  - ntp_conf_exist_result.stat.exists
  tags:
  - CCE-83287-3
  - DISA-STIG-SLES-15-010400
  - NIST-800-53-AU-12(1)
  - NIST-800-53-AU-8(1)(b)
  - NIST-800-53-CM-6(a)
  - chronyd_or_ntpd_set_maxpoll
  - low_complexity
  - low_disruption
  - medium_severity
  - no_reboot_needed
  - restrict_strategy

- name: Configure Time Service Maxpoll Interval - Set the maxpoll Values in /etc/ntp.conf
  ansible.builtin.replace:
    path: /etc/ntp.conf
    regexp: (^server\s+((?!maxpoll).)*)$
    replace: \1 maxpoll {{ var_time_service_set_maxpoll }}\n
  when:
  - ("kernel-default" in ansible_facts.packages or "kernel-default-base" in ansible_facts.packages)
  - ( "chrony" in ansible_facts.packages or "ntp" in ansible_facts.packages )
  - ntp_conf_exist_result.stat.exists
  tags:
  - CCE-83287-3
  - DISA-STIG-SLES-15-010400
  - NIST-800-53-AU-12(1)
  - NIST-800-53-AU-8(1)(b)
  - NIST-800-53-CM-6(a)
  - chronyd_or_ntpd_set_maxpoll
  - low_complexity
  - low_disruption
  - medium_severity
  - no_reboot_needed
  - restrict_strategy

- name: Configure Time Service Maxpoll Interval - Check That /etc/chrony.conf Exist
  ansible.builtin.stat:
    path: /etc/chrony.conf
  register: chrony_conf_exist_result
  when:
  - ("kernel-default" in ansible_facts.packages or "kernel-default-base" in ansible_facts.packages)
  - ( "chrony" in ansible_facts.packages or "ntp" in ansible_facts.packages )
  tags:
  - CCE-83287-3
  - DISA-STIG-SLES-15-010400
  - NIST-800-53-AU-12(1)
  - NIST-800-53-AU-8(1)(b)
  - NIST-800-53-CM-6(a)
  - chronyd_or_ntpd_set_maxpoll
  - low_complexity
  - low_disruption
  - medium_severity
  - no_reboot_needed
  - restrict_strategy

- name: Configure Time Service Maxpoll Interval - Update the maxpoll Values in /etc/chrony.conf
  ansible.builtin.replace:
    path: /etc/chrony.conf
    regexp: ^((?:server|pool|peer).*maxpoll)[ ]+[0-9]+(.*)$
    replace: \1 {{ var_time_service_set_maxpoll }}\2
  when:
  - ("kernel-default" in ansible_facts.packages or "kernel-default-base" in ansible_facts.packages)
  - ( "chrony" in ansible_facts.packages or "ntp" in ansible_facts.packages )
  - chrony_conf_exist_result.stat.exists
  tags:
  - CCE-83287-3
  - DISA-STIG-SLES-15-010400
  - NIST-800-53-AU-12(1)
  - NIST-800-53-AU-8(1)(b)
  - NIST-800-53-CM-6(a)
  - chronyd_or_ntpd_set_maxpoll
  - low_complexity
  - low_disruption
  - medium_severity
  - no_reboot_needed
  - restrict_strategy

- name: Configure Time Service Maxpoll Interval - Set the maxpoll Values in /etc/chrony.conf
  ansible.builtin.replace:
    path: /etc/chrony.conf
    regexp: (^(?:server|pool|peer)\s+((?!maxpoll).)*)$
    replace: \1 maxpoll {{ var_time_service_set_maxpoll }}\n
  when:
  - ("kernel-default" in ansible_facts.packages or "kernel-default-base" in ansible_facts.packages)
  - ( "chrony" in ansible_facts.packages or "ntp" in ansible_facts.packages )
  - chrony_conf_exist_result.stat.exists
  tags:
  - CCE-83287-3
  - DISA-STIG-SLES-15-010400
  - NIST-800-53-AU-12(1)
  - NIST-800-53-AU-8(1)(b)
  - NIST-800-53-CM-6(a)
  - chronyd_or_ntpd_set_maxpoll
  - low_complexity
  - low_disruption
  - medium_severity
  - no_reboot_needed
  - restrict_strategy

- name: Configure Time Service Maxpoll Interval - Get Conf Files from /etc/chrony.d/
  ansible.builtin.find:
    path: /etc/chrony.d/
    patterns: '*.conf'
    file_type: file
  register: chrony_d_conf_files
  when:
  - ("kernel-default" in ansible_facts.packages or "kernel-default-base" in ansible_facts.packages)
  - ( "chrony" in ansible_facts.packages or "ntp" in ansible_facts.packages )
  tags:
  - CCE-83287-3
  - DISA-STIG-SLES-15-010400
  - NIST-800-53-AU-12(1)
  - NIST-800-53-AU-8(1)(b)
  - NIST-800-53-CM-6(a)
  - chronyd_or_ntpd_set_maxpoll
  - low_complexity
  - low_disruption
  - medium_severity
  - no_reboot_needed
  - restrict_strategy

- name: Configure Time Service Maxpoll Interval - Update the maxpoll Values in /etc/chrony.d/
  ansible.builtin.replace:
    path: '{{ item.path }}'
    regexp: ^((?:server|pool|peer).*maxpoll)[ ]+[0-9,-]+(.*)$
    replace: \1 {{ var_time_service_set_maxpoll }}\2
  loop: '{{ chrony_d_conf_files.files }}'
  when:
  - ("kernel-default" in ansible_facts.packages or "kernel-default-base" in ansible_facts.packages)
  - ( "chrony" in ansible_facts.packages or "ntp" in ansible_facts.packages )
  - chrony_d_conf_files.matched
  tags:
  - CCE-83287-3
  - DISA-STIG-SLES-15-010400
  - NIST-800-53-AU-12(1)
  - NIST-800-53-AU-8(1)(b)
  - NIST-800-53-CM-6(a)
  - chronyd_or_ntpd_set_maxpoll
  - low_complexity
  - low_disruption
  - medium_severity
  - no_reboot_needed
  - restrict_strategy

- name: Configure Time Service Maxpoll Interval - Set the maxpoll Values in /etc/chrony.d/
  ansible.builtin.replace:
    path: '{{ item.path }}'
    regexp: (^(?:server|pool|peer)\s+((?!maxpoll).)*)$
    replace: \1 maxpoll {{ var_time_service_set_maxpoll }}\n
  loop: '{{ chrony_d_conf_files.files }}'
  when:
  - ("kernel-default" in ansible_facts.packages or "kernel-default-base" in ansible_facts.packages)
  - ( "chrony" in ansible_facts.packages or "ntp" in ansible_facts.packages )
  - chrony_d_conf_files.matched
  tags:
  - CCE-83287-3
  - DISA-STIG-SLES-15-010400
  - NIST-800-53-AU-12(1)
  - NIST-800-53-AU-8(1)(b)
  - NIST-800-53-CM-6(a)
  - chronyd_or_ntpd_set_maxpoll
  - low_complexity
  - low_disruption
  - medium_severity
  - no_reboot_needed
  - restrict_strategy
</fix>
        <check system="http://oval.mitre.org/XMLSchema/oval-definitions-5">
          <check-export export-name="oval:ssg-var_time_service_set_maxpoll:var:1" value-id="xccdf_org.ssgproject.content_value_var_time_service_set_maxpoll"/>
          <check-content-ref name="oval:ssg-chronyd_or_ntpd_set_maxpoll:def:1" href="ssg-sle15-oval.xml"/>
        </check>
        <check system="http://scap.nist.gov/schema/ocil/2">
          <check-content-ref name="ocil:ssg-chronyd_or_ntpd_set_maxpoll_ocil:questionnaire:1" href="ssg-sle15-ocil.xml"/>
        </check>
      </Rule>
      <Rule id="xccdf_org.ssgproject.content_rule_chronyd_run_as_chrony_user" selected="false" role="full" severity="medium">
        <title xmlns:xhtml="http://www.w3.org/1999/xhtml" xml:lang="en-US">Ensure that chronyd is running under chrony user account</title>
        <description xmlns:xhtml="http://www.w3.org/1999/xhtml" xml:lang="en-US">chrony is a daemon which implements the Network Time Protocol (NTP). It is designed to
synchronize system clocks across a variety of systems and use a source that is highly
accurate. More information on chrony can be found at

    <html:a xmlns:html="http://www.w3.org/1999/xhtml" href="https://chrony-project.org/">https://chrony-project.org/</html:a>.
Chrony can be configured to be a client and/or a server.
To ensure that chronyd is running under chrony user account,
add or edit the
<html:code xmlns:html="http://www.w3.org/1999/xhtml">OPTIONS</html:code> variable in <html:code xmlns:html="http://www.w3.org/1999/xhtml">/etc/sysconfig/chronyd</html:code> to include <html:code xmlns:html="http://www.w3.org/1999/xhtml">-u chrony</html:code>:
<html:pre xmlns:html="http://www.w3.org/1999/xhtml">OPTIONS="-u chrony"</html:pre>

This recommendation only applies if chrony is in use on the system.</description>
        <reference href="https://www.cisecurity.org/benchmark/suse_linux/">2.2.1.3</reference>
        <reference href="not_publicly_available">SLES-15-300450060</reference>
        <reference href="https://docs-prv.pcisecuritystandards.org/PCI%20DSS/Standard/PCI-DSS-v4_0.pdf">10.6.3</reference>
        <reference href="https://docs-prv.pcisecuritystandards.org/PCI%20DSS/Standard/PCI-DSS-v4_0.pdf">10.6</reference>
        <rationale xmlns:xhtml="http://www.w3.org/1999/xhtml" xml:lang="en-US">If chrony is in use on the system proper configuration is vital to ensuring time synchronization
is working properly.</rationale>
        <platform idref="#package_chrony"/>
        <ident system="https://ncp.nist.gov/cce">CCE-91360-8</ident>
        <fix xmlns:xhtml="http://www.w3.org/1999/xhtml" id="chronyd_run_as_chrony_user" system="urn:xccdf:fix:script:sh"># Remediation is applicable only in certain platforms
if rpm --quiet -q kernel-default || rpm --quiet -q kernel-default-base &amp;&amp; { rpm --quiet -q chrony; }; then

if grep -q 'OPTIONS=.*' /etc/sysconfig/chronyd; then
	# trying to solve cases where the parameter after OPTIONS
	#may or may not be enclosed in quotes
	sed -i -E -e 's/\s*-u\s*\w+\s*/ /' -e 's/^([\s]*OPTIONS=["]?[^"]*)("?)/\1 -u chrony\2/' /etc/sysconfig/chronyd
else
	echo 'OPTIONS="-u chrony"' &gt;&gt; /etc/sysconfig/chronyd
fi

else
    &gt;&amp;2 echo 'Remediation is not applicable, nothing was done'
fi
</fix>
        <fix xmlns:xhtml="http://www.w3.org/1999/xhtml" id="chronyd_run_as_chrony_user" system="urn:xccdf:fix:script:ansible" complexity="low" disruption="low" strategy="configure">- name: Gather the package facts
  package_facts:
    manager: auto
  tags:
  - CCE-91360-8
  - PCI-DSSv4-10.6
  - PCI-DSSv4-10.6.3
  - chronyd_run_as_chrony_user
  - configure_strategy
  - low_complexity
  - low_disruption
  - medium_severity
  - no_reboot_needed

- name: Detect if file /etc/sysconfig/chronyd is not empty or missing
  ansible.builtin.find:
    path: /etc/sysconfig/
    patterns: chronyd
    contains: ^([\s]*OPTIONS=["]?[^"]*)("?)
  register: chronyd_file
  when:
  - ("kernel-default" in ansible_facts.packages or "kernel-default-base" in ansible_facts.packages)
  - '"chrony" in ansible_facts.packages'
  tags:
  - CCE-91360-8
  - PCI-DSSv4-10.6
  - PCI-DSSv4-10.6.3
  - chronyd_run_as_chrony_user
  - configure_strategy
  - low_complexity
  - low_disruption
  - medium_severity
  - no_reboot_needed

- name: Remove any previous configuration of user used to run chronyd process
  ansible.builtin.replace:
    path: /etc/sysconfig/chronyd
    regexp: \s*-u\s*\w+\s*
    replace: ' '
  when:
  - ("kernel-default" in ansible_facts.packages or "kernel-default-base" in ansible_facts.packages)
  - '"chrony" in ansible_facts.packages'
  - chronyd_file is defined and chronyd_file.matched &gt; 0
  tags:
  - CCE-91360-8
  - PCI-DSSv4-10.6
  - PCI-DSSv4-10.6.3
  - chronyd_run_as_chrony_user
  - configure_strategy
  - low_complexity
  - low_disruption
  - medium_severity
  - no_reboot_needed

- name: Correct existing line in /etc/sysconfig/chronyd to run chronyd as chrony user
  ansible.builtin.lineinfile:
    path: /etc/sysconfig/chronyd
    regexp: ^([\s]*OPTIONS=["]?[^"]*)("?)
    line: \1 -u chrony\2
    state: present
    backrefs: true
  when:
  - ("kernel-default" in ansible_facts.packages or "kernel-default-base" in ansible_facts.packages)
  - '"chrony" in ansible_facts.packages'
  - chronyd_file is defined and chronyd_file.matched &gt; 0
  tags:
  - CCE-91360-8
  - PCI-DSSv4-10.6
  - PCI-DSSv4-10.6.3
  - chronyd_run_as_chrony_user
  - configure_strategy
  - low_complexity
  - low_disruption
  - medium_severity
  - no_reboot_needed

- name: Insert correct line into /etc/sysconfig/chronyd ensuring chronyd runs as chrony
    user
  ansible.builtin.lineinfile:
    path: /etc/sysconfig/chronyd
    line: OPTIONS="-u chrony"
    state: present
    create: true
  when:
  - ("kernel-default" in ansible_facts.packages or "kernel-default-base" in ansible_facts.packages)
  - '"chrony" in ansible_facts.packages'
  - chronyd_file is defined and chronyd_file.matched == 0
  tags:
  - CCE-91360-8
  - PCI-DSSv4-10.6
  - PCI-DSSv4-10.6.3
  - chronyd_run_as_chrony_user
  - configure_strategy
  - low_complexity
  - low_disruption
  - medium_severity
  - no_reboot_needed
</fix>
        <check system="http://oval.mitre.org/XMLSchema/oval-definitions-5">
          <check-content-ref name="oval:ssg-chronyd_run_as_chrony_user:def:1" href="ssg-sle15-oval.xml"/>
        </check>
        <check system="http://scap.nist.gov/schema/ocil/2">
          <check-content-ref name="ocil:ssg-chronyd_run_as_chrony_user_ocil:questionnaire:1" href="ssg-sle15-ocil.xml"/>
        </check>
      </Rule>
      <Rule id="xccdf_org.ssgproject.content_rule_chronyd_server_directive" selected="false" role="full" severity="medium">
        <title xmlns:xhtml="http://www.w3.org/1999/xhtml" xml:lang="en-US">Ensure Chrony is only configured with the server directive</title>
        <description xmlns:xhtml="http://www.w3.org/1999/xhtml" xml:lang="en-US">Check that Chrony only has time sources configured with the <html:code xmlns:html="http://www.w3.org/1999/xhtml">server</html:code> directive.</description>
        <warning xmlns:xhtml="http://www.w3.org/1999/xhtml" xml:lang="en-US" category="general">This rule doesn't come with a remediation, the time source needs to be added by the administrator.</warning>
        <reference href="https://www.cyber.mil/stigs/downloads/?_dl_facet_stigs=operating-systems%2Cgeneral-purpose-os">SRG-OS-000355-GPOS-00143</reference>
        <reference href="https://www.cyber.mil/stigs/downloads/?_dl_facet_stigs=operating-systems%2Cgeneral-purpose-os">SRG-OS-000356-GPOS-00144</reference>
        <reference href="https://www.cyber.mil/stigs/downloads/?_dl_facet_stigs=operating-systems%2Cgeneral-purpose-os">SRG-OS-000359-GPOS-00146</reference>
        <rationale xmlns:xhtml="http://www.w3.org/1999/xhtml" xml:lang="en-US">Depending on the infrastructure being used the <html:code xmlns:html="http://www.w3.org/1999/xhtml">pool</html:code> directive may not be supported.
Using the <html:code xmlns:html="http://www.w3.org/1999/xhtml">server</html:code> directive allows for better control of where the system gets time data from.</rationale>
        <platform idref="#package_chrony"/>
        <check system="http://oval.mitre.org/XMLSchema/oval-definitions-5">
          <check-content-ref name="oval:ssg-chronyd_server_directive:def:1" href="ssg-sle15-oval.xml"/>
        </check>
        <check system="http://scap.nist.gov/schema/ocil/2">
          <check-content-ref name="ocil:ssg-chronyd_server_directive_ocil:questionnaire:1" href="ssg-sle15-ocil.xml"/>
        </check>
      </Rule>
      <Rule id="xccdf_org.ssgproject.content_rule_file_owner_etc_chrony_keys" selected="false" role="full" severity="medium">
        <title xmlns:xhtml="http://www.w3.org/1999/xhtml" xml:lang="en-US">Verify User Who Owns /etc/chrony.keys File</title>
        <description xmlns:xhtml="http://www.w3.org/1999/xhtml" xml:lang="en-US"> To properly set the owner of <html:code xmlns:html="http://www.w3.org/1999/xhtml">/etc/chrony.keys</html:code>, run the command:
<html:pre xmlns:html="http://www.w3.org/1999/xhtml">$ sudo chown root /etc/chrony.keys </html:pre>
      </description>
        <reference href="https://cyber.gouv.fr/sites/default/files/document/linux_configuration-en-v2.pdf">R50</reference>
        <rationale xmlns:xhtml="http://www.w3.org/1999/xhtml" xml:lang="en-US">The ownership of the /etc/chrony.keys file by the chrony user is important
because this file hosts chrony cryptographic keys. Protection
of this file is critical for system security. Assigning the ownership to
chrony ensures exclusive control of the chrony cryptographic keys.</rationale>
        <fix xmlns:xhtml="http://www.w3.org/1999/xhtml" id="file_owner_etc_chrony_keys" system="urn:xccdf:fix:script:sh" complexity="low" disruption="low" strategy="configure"># Remediation is applicable only in certain platforms
if rpm --quiet -q kernel-default || rpm --quiet -q kernel-default-base; then

newown=""
if id "0" &gt;/dev/null 2&gt;&amp;1; then
  newown="0"
fi

if [[ -z "$newown" ]]; then
  &gt;&amp;2 echo "0 is not a defined user on the system"
else
if ! stat -c "%u %U" "/etc/chrony.keys" | grep -E -w -q "0"; then
    chown --no-dereference "$newown" /etc/chrony.keys
fi

fi

else
    &gt;&amp;2 echo 'Remediation is not applicable, nothing was done'
fi
</fix>
        <fix xmlns:xhtml="http://www.w3.org/1999/xhtml" id="file_owner_etc_chrony_keys" system="urn:xccdf:fix:script:ansible" complexity="low" disruption="low" strategy="configure">- name: Gather the package facts
  package_facts:
    manager: auto
  tags:
  - configure_strategy
  - file_owner_etc_chrony_keys
  - low_complexity
  - low_disruption
  - medium_severity
  - no_reboot_needed

- name: Set the file_owner_etc_chrony_keys_newown variable if represented by uid
  ansible.builtin.set_fact:
    file_owner_etc_chrony_keys_newown: '0'
  when: ("kernel-default" in ansible_facts.packages or "kernel-default-base" in ansible_facts.packages)
  tags:
  - configure_strategy
  - file_owner_etc_chrony_keys
  - low_complexity
  - low_disruption
  - medium_severity
  - no_reboot_needed

- name: Test for existence /etc/chrony.keys
  ansible.builtin.stat:
    path: /etc/chrony.keys
  register: file_exists
  when: ("kernel-default" in ansible_facts.packages or "kernel-default-base" in ansible_facts.packages)
  tags:
  - configure_strategy
  - file_owner_etc_chrony_keys
  - low_complexity
  - low_disruption
  - medium_severity
  - no_reboot_needed

- name: Ensure owner on /etc/chrony.keys
  ansible.builtin.file:
    path: /etc/chrony.keys
    follow: false
    owner: '{{ file_owner_etc_chrony_keys_newown }}'
  when:
  - ("kernel-default" in ansible_facts.packages or "kernel-default-base" in ansible_facts.packages)
  - file_exists.stat is defined and file_exists.stat.exists
  tags:
  - configure_strategy
  - file_owner_etc_chrony_keys
  - low_complexity
  - low_disruption
  - medium_severity
  - no_reboot_needed
</fix>
        <check system="http://oval.mitre.org/XMLSchema/oval-definitions-5">
          <check-content-ref name="oval:ssg-file_owner_etc_chrony_keys:def:1" href="ssg-sle15-oval.xml"/>
        </check>
        <check system="http://scap.nist.gov/schema/ocil/2">
          <check-content-ref name="ocil:ssg-file_owner_etc_chrony_keys_ocil:questionnaire:1" href="ssg-sle15-ocil.xml"/>
        </check>
      </Rule>
      <Rule id="xccdf_org.ssgproject.content_rule_file_permissions_etc_chrony_keys" selected="false" role="full" severity="medium">
        <title xmlns:xhtml="http://www.w3.org/1999/xhtml" xml:lang="en-US">Verify Permissions On /etc/chrony.keys File</title>
        <description xmlns:xhtml="http://www.w3.org/1999/xhtml" xml:lang="en-US"> To properly set the permissions of <html:code xmlns:html="http://www.w3.org/1999/xhtml">/etc/chrony.keys</html:code>, run the command: <html:pre xmlns:html="http://www.w3.org/1999/xhtml">$ sudo chmod 0640 /etc/chrony.keys</html:pre>
      </description>
        <reference href="https://cyber.gouv.fr/sites/default/files/document/linux_configuration-en-v2.pdf">R50</reference>
        <rationale xmlns:xhtml="http://www.w3.org/1999/xhtml" xml:lang="en-US">Setting correct permissions on the /etc/chrony.keys file is important
because this file hosts chrony cryptographic keys. Protection
of this file is critical for system security. Assigning the correct mode
ensures exclusive control of the chrony cryptographic keys.</rationale>
        <fix xmlns:xhtml="http://www.w3.org/1999/xhtml" id="file_permissions_etc_chrony_keys" system="urn:xccdf:fix:script:sh" complexity="low" disruption="low" strategy="configure"># Remediation is applicable only in certain platforms
if rpm --quiet -q kernel-default || rpm --quiet -q kernel-default-base; then

chmod u-xs,g-xws,o-xwrt /etc/chrony.keys

else
    &gt;&amp;2 echo 'Remediation is not applicable, nothing was done'
fi
</fix>
        <fix xmlns:xhtml="http://www.w3.org/1999/xhtml" id="file_permissions_etc_chrony_keys" system="urn:xccdf:fix:script:ansible" complexity="low" disruption="low" strategy="configure">- name: Gather the package facts
  package_facts:
    manager: auto
  tags:
  - configure_strategy
  - file_permissions_etc_chrony_keys
  - low_complexity
  - low_disruption
  - medium_severity
  - no_reboot_needed

- name: Test for existence /etc/chrony.keys
  ansible.builtin.stat:
    path: /etc/chrony.keys
  register: file_exists
  when: ("kernel-default" in ansible_facts.packages or "kernel-default-base" in ansible_facts.packages)
  tags:
  - configure_strategy
  - file_permissions_etc_chrony_keys
  - low_complexity
  - low_disruption
  - medium_severity
  - no_reboot_needed

- name: Ensure permission u-xs,g-xws,o-xwrt on /etc/chrony.keys
  ansible.builtin.file:
    path: /etc/chrony.keys
    mode: u-xs,g-xws,o-xwrt
  when:
  - ("kernel-default" in ansible_facts.packages or "kernel-default-base" in ansible_facts.packages)
  - file_exists.stat is defined and file_exists.stat.exists
  tags:
  - configure_strategy
  - file_permissions_etc_chrony_keys
  - low_complexity
  - low_disruption
  - medium_severity
  - no_reboot_needed
</fix>
        <check system="http://oval.mitre.org/XMLSchema/oval-definitions-5">
          <check-content-ref name="oval:ssg-file_permissions_etc_chrony_keys:def:1" href="ssg-sle15-oval.xml"/>
        </check>
        <check system="http://scap.nist.gov/schema/ocil/2">
          <check-content-ref name="ocil:ssg-file_permissions_etc_chrony_keys_ocil:questionnaire:1" href="ssg-sle15-ocil.xml"/>
        </check>
      </Rule>
      <Rule id="xccdf_org.ssgproject.content_rule_ntpd_specify_multiple_servers" selected="false" role="full" severity="unknown">
        <title xmlns:xhtml="http://www.w3.org/1999/xhtml" xml:lang="en-US">Specify Additional Remote NTP Servers</title>
        <description xmlns:xhtml="http://www.w3.org/1999/xhtml" xml:lang="en-US">Additional NTP servers can be specified for time synchronization
in the file <html:code xmlns:html="http://www.w3.org/1999/xhtml">/etc/ntp.conf</html:code>.  To do so, add additional lines of the
following form, substituting the IP address or hostname of a remote NTP server for
<html:em xmlns:html="http://www.w3.org/1999/xhtml">ntpserver</html:em>:
<html:pre xmlns:html="http://www.w3.org/1999/xhtml">server <html:i>ntpserver</html:i>
       </html:pre>
      </description>
        <reference href="https://www.cisecurity.org/controls/">1</reference>
        <reference href="https://www.cisecurity.org/controls/">14</reference>
        <reference href="https://www.cisecurity.org/controls/">15</reference>
        <reference href="https://www.cisecurity.org/controls/">16</reference>
        <reference href="https://www.cisecurity.org/controls/">3</reference>
        <reference href="https://www.cisecurity.org/controls/">5</reference>
        <reference href="https://www.cisecurity.org/controls/">6</reference>
        <reference href="https://www.isaca.org/resources/cobit">APO11.04</reference>
        <reference href="https://www.isaca.org/resources/cobit">BAI03.05</reference>
        <reference href="https://www.isaca.org/resources/cobit">DSS05.04</reference>
        <reference href="https://www.isaca.org/resources/cobit">DSS05.07</reference>
        <reference href="https://www.isaca.org/resources/cobit">MEA02.01</reference>
        <reference href="https://www.isa.org/products/isa-62443-2-1-2009-security-for-industrial-automat">4.3.3.3.9</reference>
        <reference href="https://www.isa.org/products/isa-62443-2-1-2009-security-for-industrial-automat">4.3.3.5.8</reference>
        <reference href="https://www.isa.org/products/isa-62443-2-1-2009-security-for-industrial-automat">4.3.4.4.7</reference>
        <reference href="https://www.isa.org/products/isa-62443-2-1-2009-security-for-industrial-automat">4.4.2.1</reference>
        <reference href="https://www.isa.org/products/isa-62443-2-1-2009-security-for-industrial-automat">4.4.2.2</reference>
        <reference href="https://www.isa.org/products/isa-62443-2-1-2009-security-for-industrial-automat">4.4.2.4</reference>
        <reference href="https://www.isa.org/products/ansi-isa-62443-3-3-99-03-03-2013-security-for-indu">SR 2.10</reference>
        <reference href="https://www.isa.org/products/ansi-isa-62443-3-3-99-03-03-2013-security-for-indu">SR 2.11</reference>
        <reference href="https://www.isa.org/products/ansi-isa-62443-3-3-99-03-03-2013-security-for-indu">SR 2.12</reference>
        <reference href="https://www.isa.org/products/ansi-isa-62443-3-3-99-03-03-2013-security-for-indu">SR 2.8</reference>
        <reference href="https://www.isa.org/products/ansi-isa-62443-3-3-99-03-03-2013-security-for-indu">SR 2.9</reference>
        <reference href="https://www.iso.org/contents/data/standard/05/45/54534.html">A.12.4.1</reference>
        <reference href="https://www.iso.org/contents/data/standard/05/45/54534.html">A.12.4.2</reference>
        <reference href="https://www.iso.org/contents/data/standard/05/45/54534.html">A.12.4.3</reference>
        <reference href="https://www.iso.org/contents/data/standard/05/45/54534.html">A.12.4.4</reference>
        <reference href="https://www.iso.org/contents/data/standard/05/45/54534.html">A.12.7.1</reference>
        <reference href="http://nvlpubs.nist.gov/nistpubs/SpecialPublications/NIST.SP.800-53r4.pdf">CM-6(a)</reference>
        <reference href="http://nvlpubs.nist.gov/nistpubs/SpecialPublications/NIST.SP.800-53r4.pdf">AU-8(1)(a)</reference>
        <reference href="http://nvlpubs.nist.gov/nistpubs/SpecialPublications/NIST.SP.800-53r4.pdf">AU-8(2)</reference>
        <reference href="https://nvlpubs.nist.gov/nistpubs/CSWP/NIST.CSWP.04162018.pdf">PR.PT-1</reference>
        <reference href="https://www.pcisecuritystandards.org/documents/PCI_DSS_v3-2-1.pdf">Req-10.4.3</reference>
        <reference href="https://docs-prv.pcisecuritystandards.org/PCI%20DSS/Standard/PCI-DSS-v4_0.pdf">10.6.2</reference>
        <reference href="https://docs-prv.pcisecuritystandards.org/PCI%20DSS/Standard/PCI-DSS-v4_0.pdf">10.6</reference>
        <rationale xmlns:xhtml="http://www.w3.org/1999/xhtml" xml:lang="en-US">Specifying additional NTP servers increases the availability of
accurate time data, in the event that one of the specified servers becomes
unavailable. This is typical for a system acting as an NTP server for
other systems.</rationale>
        <ident system="https://ncp.nist.gov/cce">CCE-91297-2</ident>
        <check system="http://oval.mitre.org/XMLSchema/oval-definitions-5">
          <check-content-ref name="oval:ssg-ntpd_specify_multiple_servers:def:1" href="ssg-sle15-oval.xml"/>
        </check>
      </Rule>
      <Rule id="xccdf_org.ssgproject.content_rule_service_timesyncd_configured" selected="false" role="full" severity="medium">
        <title xmlns:xhtml="http://www.w3.org/1999/xhtml" xml:lang="en-US">Configure Systemd Timesyncd Servers</title>
        <description xmlns:xhtml="http://www.w3.org/1999/xhtml" xml:lang="en-US"><html:code xmlns:html="http://www.w3.org/1999/xhtml">systemd-timesyncd</html:code> is a daemon that has been added for synchronizing the system clock
across the network. The <html:code xmlns:html="http://www.w3.org/1999/xhtml">systemd-timesyncd</html:code> daemon implements:
  - Implements an SNTP client
  - Runs with minimal privileges
  - Saves the current clock to disk every time a new NTP sync has been acquired
  - Is hooked up with networkd to only operate when network connectivity is available
Add or edit server or pool lines to <html:code xmlns:html="http://www.w3.org/1999/xhtml">/etc/systemd/timesyncd.conf</html:code> as appropriate:
<html:pre xmlns:html="http://www.w3.org/1999/xhtml">server &lt;remote-server&gt;</html:pre>
Multiple servers may be configured.</description>
        <reference href="https://www.pcisecuritystandards.org/documents/PCI_DSS_v3-2-1.pdf">Req-10.4.3</reference>
        <reference href="https://www.cisecurity.org/benchmark/suse_linux/">2.2.1.2</reference>
        <reference href="not_publicly_available">SLES-15-300450030</reference>
        <rationale xmlns:xhtml="http://www.w3.org/1999/xhtml" xml:lang="en-US">Configuring <html:code xmlns:html="http://www.w3.org/1999/xhtml">systemd-timesyncd</html:code> ensures time synchronization is working properly.</rationale>
        <platform idref="#package_systemd"/>
        <ident system="https://ncp.nist.gov/cce">CCE-92538-8</ident>
        <fix xmlns:xhtml="http://www.w3.org/1999/xhtml" id="service_timesyncd_configured" system="urn:xccdf:fix:script:sh" complexity="low" disruption="low" strategy="configure"># Remediation is applicable only in certain platforms
if rpm --quiet -q kernel-default || rpm --quiet -q kernel-default-base &amp;&amp; { rpm --quiet -q systemd; }; then

var_multiple_time_servers='<xccdf-1.2:sub xmlns:xccdf-1.2="http://checklists.nist.gov/xccdf/1.2" idref="xccdf_org.ssgproject.content_value_var_multiple_time_servers" use="legacy"/>'

IFS=',' read -r -a time_servers_array &lt;&lt;&lt; "$var_multiple_time_servers"
preferred_ntp_servers_array=("${time_servers_array[@]:0:2}")
preferred_ntp_servers=$( echo "${preferred_ntp_servers_array[@]}"|sed -e 's/\s\+/,/g' )
fallback_ntp_servers_array=("${time_servers_array[@]:2}")
fallback_ntp_servers=$( echo "${fallback_ntp_servers_array[@]}"|sed -e 's/\s\+/,/g' )

IFS=" " mapfile -t current_cfg_arr &lt; &lt;(ls -1 /etc/systemd/timesyncd.d/* /etc/systemd/timesyncd.conf.d/* 2&gt;/dev/null)

config_file="/etc/systemd/timesyncd.d/oscap-remedy.conf"

current_cfg_arr+=( "/etc/systemd/timesyncd.conf" )
# Comment existing NTP FallbackNTP settings
for current_cfg in "${current_cfg_arr[@]}"
do
    sed -i 's/^NTP/#&amp;/g' "$current_cfg"
    sed -i 's/^FallbackNTP/#&amp;/g' "$current_cfg"
done

# Create /etc/systemd/timesyncd.d if it doesn't exist
if [ ! -d "/etc/systemd/timesyncd.d" ]
then 
    mkdir /etc/systemd/timesyncd.d
fi


# Set primary fallback NTP servers in drop-in configuration
echo "NTP=$preferred_ntp_servers" &gt;&gt; "$config_file"
echo "FallbackNTP=$fallback_ntp_servers" &gt;&gt; "$config_file"

else
    &gt;&amp;2 echo 'Remediation is not applicable, nothing was done'
fi
</fix>
        <fix xmlns:xhtml="http://www.w3.org/1999/xhtml" id="service_timesyncd_configured" system="urn:xccdf:fix:script:ansible" complexity="low" disruption="low" strategy="configure">- name: Gather the package facts
  package_facts:
    manager: auto
  tags:
  - CCE-92538-8
  - PCI-DSS-Req-10.4.3
  - configure_strategy
  - low_complexity
  - low_disruption
  - medium_severity
  - no_reboot_needed
  - service_timesyncd_configured
- name: XCCDF Value var_multiple_time_servers # promote to variable
  set_fact:
    var_multiple_time_servers: !!str <xccdf-1.2:sub xmlns:xccdf-1.2="http://checklists.nist.gov/xccdf/1.2" idref="xccdf_org.ssgproject.content_value_var_multiple_time_servers" use="legacy"/>
  tags:
    - always

- name: Configure Systemd Timesyncd Servers - Set Primary NTP Servers
  ansible.builtin.set_fact:
    preferred_ntp_servers: '{{ var_multiple_time_servers.split(",") | slice(2)| first
      | join(",") }}'
  when:
  - ("kernel-default" in ansible_facts.packages or "kernel-default-base" in ansible_facts.packages)
  - '"systemd" in ansible_facts.packages'
  tags:
  - CCE-92538-8
  - PCI-DSS-Req-10.4.3
  - configure_strategy
  - low_complexity
  - low_disruption
  - medium_severity
  - no_reboot_needed
  - service_timesyncd_configured

- name: Configure Systemd Timesyncd Servers - Set Fallback NTP Servers
  ansible.builtin.set_fact:
    fallback_ntp_servers: '{{ var_multiple_time_servers.split(",") | slice(2)| list
      | last | join(",") }}'
  when:
  - ("kernel-default" in ansible_facts.packages or "kernel-default-base" in ansible_facts.packages)
  - '"systemd" in ansible_facts.packages'
  tags:
  - CCE-92538-8
  - PCI-DSS-Req-10.4.3
  - configure_strategy
  - low_complexity
  - low_disruption
  - medium_severity
  - no_reboot_needed
  - service_timesyncd_configured

- name: Configure Systemd Timesyncd Servers - Add missing / update wrong records for
    NTP servers
  ansible.builtin.lineinfile:
    path: /etc/systemd/timesyncd.d/oscap-remedy.conf
    regexp: ^\s*NTP\s*=
    state: present
    line: NTP={{ preferred_ntp_servers }}
    create: true
  when:
  - ("kernel-default" in ansible_facts.packages or "kernel-default-base" in ansible_facts.packages)
  - '"systemd" in ansible_facts.packages'
  tags:
  - CCE-92538-8
  - PCI-DSS-Req-10.4.3
  - configure_strategy
  - low_complexity
  - low_disruption
  - medium_severity
  - no_reboot_needed
  - service_timesyncd_configured

- name: Configure Systemd Timesyncd Servers - Add missing / update wrong records for
    fallback servers
  ansible.builtin.lineinfile:
    path: /etc/systemd/timesyncd.d/oscap-remedy.conf
    regexp: ^\s*FallbackNTP\s*=
    state: present
    line: FallbackNTP={{ fallback_ntp_servers }}
    create: true
  when:
  - ("kernel-default" in ansible_facts.packages or "kernel-default-base" in ansible_facts.packages)
  - '"systemd" in ansible_facts.packages'
  tags:
  - CCE-92538-8
  - PCI-DSS-Req-10.4.3
  - configure_strategy
  - low_complexity
  - low_disruption
  - medium_severity
  - no_reboot_needed
  - service_timesyncd_configured
</fix>
        <check system="http://oval.mitre.org/XMLSchema/oval-definitions-5">
          <check-export export-name="oval:ssg-var_multiple_time_servers:var:1" value-id="xccdf_org.ssgproject.content_value_var_multiple_time_servers"/>
          <check-content-ref name="oval:ssg-service_timesyncd_configured:def:1" href="ssg-sle15-oval.xml"/>
        </check>
        <check system="http://scap.nist.gov/schema/ocil/2">
          <check-content-ref name="ocil:ssg-service_timesyncd_configured_ocil:questionnaire:1" href="ssg-sle15-ocil.xml"/>
        </check>
      </Rule>
      <Rule id="xccdf_org.ssgproject.content_rule_service_timesyncd_root_distance_configured" selected="false" role="full" severity="medium">
        <title xmlns:xhtml="http://www.w3.org/1999/xhtml" xml:lang="en-US">Configure Systemd Timesyncd Root Distance Servers</title>
        <description xmlns:xhtml="http://www.w3.org/1999/xhtml" xml:lang="en-US"><html:code xmlns:html="http://www.w3.org/1999/xhtml">systemd-timesyncd</html:code> server configuration should have RootDistanceMaxSec is
listed in accordance with local policy. This setting describes the maximum estimated
time required for a packet to travel to the server connected.</description>
        <reference href="https://www.pcisecuritystandards.org/documents/PCI_DSS_v3-2-1.pdf">Req-10.4.3</reference>
        <reference href="https://www.cisecurity.org/benchmark/suse_linux/">2.2.1.2</reference>
        <reference href="not_publicly_available">SLES-15-300450030</reference>
        <rationale xmlns:xhtml="http://www.w3.org/1999/xhtml" xml:lang="en-US">Configuring <html:code xmlns:html="http://www.w3.org/1999/xhtml">systemd-timesyncd</html:code> RootDistanceMaxSec ensures time synchronization
is using servers that are close enough to the client.</rationale>
        <platform idref="#package_systemd"/>
        <ident system="https://ncp.nist.gov/cce">CCE-92514-9</ident>
        <fix xmlns:xhtml="http://www.w3.org/1999/xhtml" id="service_timesyncd_root_distance_configured" system="urn:xccdf:fix:script:sh" complexity="low" disruption="low" strategy="configure"># Remediation is applicable only in certain platforms
if rpm --quiet -q kernel-default || rpm --quiet -q kernel-default-base &amp;&amp; { rpm --quiet -q systemd; }; then

config_file="/usr/lib/systemd/timesyncd.conf.d/oscap-remedy.conf"
IFS=" " mapfile -t current_cfg_arr &lt; &lt;(ls -1 /usr/lib/systemd/timesyncd.conf.d/* 2&gt;/dev/null)

current_cfg_arr+=( "/etc/systemd/timesyncd.conf" )
# Comment existing NTP RootDistanceMax settings
if [ ${#current_cfg_arr[@]} -ne 0 ]; then
    for current_cfg in "${current_cfg_arr[@]}"
    do
        sed -i 's/^RootDistanceMax/#&amp;/g' "$current_cfg"
    done
fi
# Set RootDistance in drop-in configuration
echo "RootDistanceMax=1" &gt;&gt; "$config_file"

else
    &gt;&amp;2 echo 'Remediation is not applicable, nothing was done'
fi
</fix>
        <fix xmlns:xhtml="http://www.w3.org/1999/xhtml" id="service_timesyncd_root_distance_configured" system="urn:xccdf:fix:script:ansible" complexity="low" disruption="low" strategy="configure">- name: Gather the package facts
  package_facts:
    manager: auto
  tags:
  - CCE-92514-9
  - PCI-DSS-Req-10.4.3
  - configure_strategy
  - low_complexity
  - low_disruption
  - medium_severity
  - no_reboot_needed
  - service_timesyncd_root_distance_configured

- name: Configure Systemd Timesyncd Root Distance Servers - Add missing / update wrong
    records for root distance
  ansible.builtin.lineinfile:
    path: /usr/lib/systemd/timesyncd.conf.d/oscap-remedy.conf
    regexp: ^\s*RootDistanceMax\s*=
    state: present
    line: RootDistanceMax=1
    create: true
  when:
  - ("kernel-default" in ansible_facts.packages or "kernel-default-base" in ansible_facts.packages)
  - '"systemd" in ansible_facts.packages'
  tags:
  - CCE-92514-9
  - PCI-DSS-Req-10.4.3
  - configure_strategy
  - low_complexity
  - low_disruption
  - medium_severity
  - no_reboot_needed
  - service_timesyncd_root_distance_configured
</fix>
        <check system="http://oval.mitre.org/XMLSchema/oval-definitions-5">
          <check-content-ref name="oval:ssg-service_timesyncd_root_distance_configured:def:1" href="ssg-sle15-oval.xml"/>
        </check>
        <check system="http://scap.nist.gov/schema/ocil/2">
          <check-content-ref name="ocil:ssg-service_timesyncd_root_distance_configured_ocil:questionnaire:1" href="ssg-sle15-ocil.xml"/>
        </check>
      </Rule>
    </Group>
    <Group id="xccdf_org.ssgproject.content_group_obsolete">
      <title xmlns:xhtml="http://www.w3.org/1999/xhtml" xml:lang="en-US">Obsolete Services</title>
      <description xmlns:xhtml="http://www.w3.org/1999/xhtml" xml:lang="en-US">This section discusses a number of network-visible
services which have historically caused problems for system
security, and for which disabling or severely limiting the service
has been the best available guidance for some time. As a result of
this, many of these services are not installed as part of SUSE Linux Enterprise 15
by default.
<html:br xmlns:html="http://www.w3.org/1999/xhtml"/>
      <html:br xmlns:html="http://www.w3.org/1999/xhtml"/>
Organizations which are running these services should
switch to more secure equivalents as soon as possible.
If it remains absolutely necessary to run one of
these services for legacy reasons, care should be taken to restrict
the service as much as possible, for instance by configuring host

firewall software such as <html:code xmlns:html="http://www.w3.org/1999/xhtml">iptables</html:code> to restrict access to the

vulnerable service to only those remote hosts which have a known
need to use it.</description>
      <Rule id="xccdf_org.ssgproject.content_rule_package_rsync_removed" selected="false" role="full" severity="medium">
        <title xmlns:xhtml="http://www.w3.org/1999/xhtml" xml:lang="en-US">Uninstall rsync Package</title>
        <description xmlns:xhtml="http://www.w3.org/1999/xhtml" xml:lang="en-US">The rsyncd service can be used to synchronize files between systems over network links.
The <html:code xmlns:html="http://www.w3.org/1999/xhtml">rsync</html:code> package can be removed with the following command:
<html:pre xmlns:html="http://www.w3.org/1999/xhtml">
$ sudo zypper remove rsync</html:pre>
      </description>
        <reference href="https://www.cisecurity.org/benchmark/suse_linux/">2.2.17</reference>
        <reference href="not_publicly_available">SLES-15-300150210</reference>
        <rationale xmlns:xhtml="http://www.w3.org/1999/xhtml" xml:lang="en-US">The rsyncd service presents a security risk as it uses unencrypted protocols for
communication.</rationale>
        <ident system="https://ncp.nist.gov/cce">CCE-92468-8</ident>
        <fix xmlns:xhtml="http://www.w3.org/1999/xhtml" id="package_rsync_removed" system="urn:xccdf:fix:script:puppet" complexity="low" disruption="low" strategy="disable">
include remove_rsync

class remove_rsync {
  package { 'rsync':
    ensure =&gt; 'purged',
  }
}
</fix>
        <fix xmlns:xhtml="http://www.w3.org/1999/xhtml" id="package_rsync_removed" system="urn:xccdf:fix:script:sh" complexity="low" disruption="low" strategy="disable">
# CAUTION: This remediation script will remove rsync
# from the system, and may remove any packages
# that depend on rsync. Execute this
# remediation AFTER testing on a non-production
# system!


zypper remove -y "rsync"
</fix>
        <fix xmlns:xhtml="http://www.w3.org/1999/xhtml" id="package_rsync_removed" system="urn:xccdf:fix:script:ansible" complexity="low" disruption="low" strategy="disable">- name: 'Uninstall rsync Package: Ensure rsync is removed'
  ansible.builtin.package:
    name: rsync
    state: absent
  tags:
  - CCE-92468-8
  - disable_strategy
  - low_complexity
  - low_disruption
  - medium_severity
  - no_reboot_needed
  - package_rsync_removed
</fix>
        <check system="http://oval.mitre.org/XMLSchema/oval-definitions-5">
          <check-content-ref name="oval:ssg-package_rsync_removed:def:1" href="ssg-sle15-oval.xml"/>
        </check>
        <check system="http://scap.nist.gov/schema/ocil/2">
          <check-content-ref name="ocil:ssg-package_rsync_removed_ocil:questionnaire:1" href="ssg-sle15-ocil.xml"/>
        </check>
      </Rule>
      <Rule id="xccdf_org.ssgproject.content_rule_service_rsyncd_disabled" selected="false" role="full" severity="medium">
        <title xmlns:xhtml="http://www.w3.org/1999/xhtml" xml:lang="en-US">Ensure rsyncd service is disabled</title>
        <description xmlns:xhtml="http://www.w3.org/1999/xhtml" xml:lang="en-US">
The <html:code xmlns:html="http://www.w3.org/1999/xhtml">rsyncd</html:code> service can be disabled with the following command:
<html:pre xmlns:html="http://www.w3.org/1999/xhtml">$ sudo systemctl mask --now rsyncd.service</html:pre>
      </description>
        <reference href="https://www.cisecurity.org/benchmark/suse_linux/">2.2.17</reference>
        <reference href="not_publicly_available">SLES-15-300150210</reference>
        <reference href="https://docs-prv.pcisecuritystandards.org/PCI%20DSS/Standard/PCI-DSS-v4_0.pdf">2.2.4</reference>
        <reference href="https://docs-prv.pcisecuritystandards.org/PCI%20DSS/Standard/PCI-DSS-v4_0.pdf">2.2</reference>
        <rationale xmlns:xhtml="http://www.w3.org/1999/xhtml" xml:lang="en-US">The rsyncd service presents a security risk as it uses unencrypted protocols for
communication.</rationale>
        <platform idref="#system_with_kernel"/>
        <ident system="https://ncp.nist.gov/cce">CCE-91305-3</ident>
        <fix xmlns:xhtml="http://www.w3.org/1999/xhtml" id="service_rsyncd_disabled" system="urn:xccdf:fix:script:puppet" complexity="low" disruption="low" strategy="enable">include disable_rsyncd

class disable_rsyncd {
  service {'rsyncd':
    enable =&gt; false,
    ensure =&gt; 'stopped',
  }
}
</fix>
        <fix xmlns:xhtml="http://www.w3.org/1999/xhtml" id="service_rsyncd_disabled" system="urn:xccdf:fix:script:sh" complexity="low" disruption="low" strategy="disable"># Remediation is applicable only in certain platforms
if rpm --quiet -q kernel-default || rpm --quiet -q kernel-default-base; then

SYSTEMCTL_EXEC='/usr/bin/systemctl'
if [[ $("$SYSTEMCTL_EXEC" is-system-running) != "offline" ]]; then
  "$SYSTEMCTL_EXEC" stop 'rsyncd.service'
fi
"$SYSTEMCTL_EXEC" disable 'rsyncd.service'
"$SYSTEMCTL_EXEC" mask 'rsyncd.service'
# Disable socket activation if we have a unit file for it
if "$SYSTEMCTL_EXEC" -q list-unit-files rsyncd.socket; then
    if [[ $("$SYSTEMCTL_EXEC" is-system-running) != "offline" ]]; then
      "$SYSTEMCTL_EXEC" stop 'rsyncd.socket'
    fi
    "$SYSTEMCTL_EXEC" mask 'rsyncd.socket'
fi
# The service may not be running because it has been started and failed,
# so let's reset the state so OVAL checks pass.
# Service should be 'inactive', not 'failed' after reboot though.
"$SYSTEMCTL_EXEC" reset-failed 'rsyncd.service' || true

else
    &gt;&amp;2 echo 'Remediation is not applicable, nothing was done'
fi
</fix>
        <fix xmlns:xhtml="http://www.w3.org/1999/xhtml" id="service_rsyncd_disabled" system="urn:redhat:osbuild:blueprint">
[customizations.services]
masked = ["rsyncd"]
</fix>
        <fix xmlns:xhtml="http://www.w3.org/1999/xhtml" id="service_rsyncd_disabled" system="urn:xccdf:fix:script:ansible" complexity="low" disruption="low" strategy="disable">- name: Gather the package facts
  package_facts:
    manager: auto
  tags:
  - CCE-91305-3
  - PCI-DSSv4-2.2
  - PCI-DSSv4-2.2.4
  - disable_strategy
  - low_complexity
  - low_disruption
  - medium_severity
  - no_reboot_needed
  - service_rsyncd_disabled

- name: Ensure rsyncd service is disabled - Disable service rsyncd
  block:

  - name: Ensure rsyncd service is disabled - Collect systemd Services Present in
      the System
    ansible.builtin.command: systemctl -q list-unit-files --type service
    register: service_exists
    changed_when: false
    failed_when: service_exists.rc not in [0, 1]
    check_mode: false

  - name: Ensure rsyncd service is disabled - Ensure rsyncd.service is Masked
    ansible.builtin.systemd:
      name: rsyncd.service
      state: stopped
      enabled: false
      masked: true
    when: service_exists.stdout_lines is search("rsyncd.service", multiline=True)

  - name: Unit Socket Exists - rsyncd.socket
    ansible.builtin.command: systemctl -q list-unit-files rsyncd.socket
    register: socket_file_exists
    changed_when: false
    failed_when: socket_file_exists.rc not in [0, 1]
    check_mode: false

  - name: Ensure rsyncd service is disabled - Disable Socket rsyncd
    ansible.builtin.systemd:
      name: rsyncd.socket
      enabled: false
      state: stopped
      masked: true
    when: socket_file_exists.stdout_lines is search("rsyncd.socket", multiline=True)
  tags:
  - CCE-91305-3
  - PCI-DSSv4-2.2
  - PCI-DSSv4-2.2.4
  - disable_strategy
  - low_complexity
  - low_disruption
  - medium_severity
  - no_reboot_needed
  - service_rsyncd_disabled
  - special_service_block
  when: ("kernel-default" in ansible_facts.packages or "kernel-default-base" in ansible_facts.packages)
</fix>
        <check system="http://open-scap.org/page/SCE">
          <check-import import-name="stdout">
              </check-import>
          <check-content-ref href="sle15/checks/sce/service_rsyncd_disabled.sh"/>
        </check>
        <check system="http://oval.mitre.org/XMLSchema/oval-definitions-5">
          <check-content-ref name="oval:ssg-service_rsyncd_disabled:def:1" href="ssg-sle15-oval.xml"/>
        </check>
        <check system="http://scap.nist.gov/schema/ocil/2">
          <check-content-ref name="ocil:ssg-service_rsyncd_disabled_ocil:questionnaire:1" href="ssg-sle15-ocil.xml"/>
        </check>
      </Rule>
      <Group id="xccdf_org.ssgproject.content_group_inetd_and_xinetd">
        <title xmlns:xhtml="http://www.w3.org/1999/xhtml" xml:lang="en-US">Xinetd</title>
        <description xmlns:xhtml="http://www.w3.org/1999/xhtml" xml:lang="en-US">The <html:code xmlns:html="http://www.w3.org/1999/xhtml">xinetd</html:code> service acts as a dedicated listener for some
network services (mostly, obsolete ones) and can be used to provide access
controls and perform some logging. It has been largely obsoleted by other
features, and it is not installed by default. The older Inetd service
is not even available as part of SUSE Linux Enterprise 15.</description>
        <platform idref="#system_with_kernel"/>
        <Rule id="xccdf_org.ssgproject.content_rule_package_tcp_wrappers_installed" selected="false" role="full" severity="medium">
          <title xmlns:xhtml="http://www.w3.org/1999/xhtml" xml:lang="en-US">Install tcp_wrappers Package</title>
          <description xmlns:xhtml="http://www.w3.org/1999/xhtml" xml:lang="en-US">When network services are using the <html:code xmlns:html="http://www.w3.org/1999/xhtml">xinetd</html:code> service, the
<html:code xmlns:html="http://www.w3.org/1999/xhtml">tcp_wrappers</html:code> package should be installed.
The <html:code xmlns:html="http://www.w3.org/1999/xhtml">tcp_wrappers</html:code> package can be installed with the following command:
<html:pre xmlns:html="http://www.w3.org/1999/xhtml">
$ sudo zypper install tcp_wrappers</html:pre>
       </description>
          <reference href="https://www.cisecurity.org/controls/">11</reference>
          <reference href="https://www.cisecurity.org/controls/">3</reference>
          <reference href="https://www.cisecurity.org/controls/">9</reference>
          <reference href="https://www.isaca.org/resources/cobit">BAI10.01</reference>
          <reference href="https://www.isaca.org/resources/cobit">BAI10.02</reference>
          <reference href="https://www.isaca.org/resources/cobit">BAI10.03</reference>
          <reference href="https://www.isaca.org/resources/cobit">BAI10.05</reference>
          <reference href="https://www.isa.org/products/isa-62443-2-1-2009-security-for-industrial-automat">4.3.4.3.2</reference>
          <reference href="https://www.isa.org/products/isa-62443-2-1-2009-security-for-industrial-automat">4.3.4.3.3</reference>
          <reference href="https://www.isa.org/products/ansi-isa-62443-3-3-99-03-03-2013-security-for-indu">SR 7.6</reference>
          <reference href="https://www.iso.org/contents/data/standard/05/45/54534.html">A.12.1.2</reference>
          <reference href="https://www.iso.org/contents/data/standard/05/45/54534.html">A.12.5.1</reference>
          <reference href="https://www.iso.org/contents/data/standard/05/45/54534.html">A.12.6.2</reference>
          <reference href="https://www.iso.org/contents/data/standard/05/45/54534.html">A.14.2.2</reference>
          <reference href="https://www.iso.org/contents/data/standard/05/45/54534.html">A.14.2.3</reference>
          <reference href="https://www.iso.org/contents/data/standard/05/45/54534.html">A.14.2.4</reference>
          <reference href="http://nvlpubs.nist.gov/nistpubs/SpecialPublications/NIST.SP.800-53r4.pdf">CM-6(a)</reference>
          <reference href="https://nvlpubs.nist.gov/nistpubs/CSWP/NIST.CSWP.04162018.pdf">PR.IP-1</reference>
          <reference href="https://www.cyber.mil/stigs/downloads/?_dl_facet_stigs=operating-systems%2Cgeneral-purpose-os">SRG-OS-000480-GPOS-00227</reference>
          <reference href="https://www.cisecurity.org/benchmark/suse_linux/">3.4.1</reference>
          <rationale xmlns:xhtml="http://www.w3.org/1999/xhtml" xml:lang="en-US">Access control methods provide the ability to enhance system security posture
by restricting services and known good IP addresses and address ranges. This
prevents connections from unknown hosts and protocols.</rationale>
          <fix xmlns:xhtml="http://www.w3.org/1999/xhtml" id="package_tcp_wrappers_installed" system="urn:xccdf:fix:script:puppet" complexity="low" disruption="low" strategy="enable">include install_tcpd

class install_tcpd {
  package { 'tcpd':
    ensure =&gt; 'installed',
  }
}
</fix>
          <fix xmlns:xhtml="http://www.w3.org/1999/xhtml" id="package_tcp_wrappers_installed" system="urn:xccdf:fix:script:sh" complexity="low" disruption="low" strategy="enable"># Remediation is applicable only in certain platforms
if rpm --quiet -q kernel-default || rpm --quiet -q kernel-default-base; then

zypper install -y "tcpd"

else
    &gt;&amp;2 echo 'Remediation is not applicable, nothing was done'
fi
</fix>
          <fix xmlns:xhtml="http://www.w3.org/1999/xhtml" id="package_tcp_wrappers_installed" system="urn:redhat:osbuild:blueprint">
[[packages]]
name = "tcpd"
version = "*"
</fix>
          <fix xmlns:xhtml="http://www.w3.org/1999/xhtml" id="package_tcp_wrappers_installed" system="urn:xccdf:fix:script:ansible" complexity="low" disruption="low" strategy="enable">- name: Gather the package facts
  package_facts:
    manager: auto
  tags:
  - NIST-800-53-CM-6(a)
  - enable_strategy
  - low_complexity
  - low_disruption
  - medium_severity
  - no_reboot_needed
  - package_tcp_wrappers_installed

- name: Ensure tcpd is installed
  ansible.builtin.package:
    name: tcpd
    state: present
  when: ("kernel-default" in ansible_facts.packages or "kernel-default-base" in ansible_facts.packages)
  tags:
  - NIST-800-53-CM-6(a)
  - enable_strategy
  - low_complexity
  - low_disruption
  - medium_severity
  - no_reboot_needed
  - package_tcp_wrappers_installed
</fix>
          <check system="http://oval.mitre.org/XMLSchema/oval-definitions-5">
            <check-content-ref name="oval:ssg-package_tcp_wrappers_installed:def:1" href="ssg-sle15-oval.xml"/>
          </check>
          <check system="http://scap.nist.gov/schema/ocil/2">
            <check-content-ref name="ocil:ssg-package_tcp_wrappers_installed_ocil:questionnaire:1" href="ssg-sle15-ocil.xml"/>
          </check>
        </Rule>
        <Rule id="xccdf_org.ssgproject.content_rule_package_tcp_wrappers_removed" selected="false" role="full" severity="low">
          <title xmlns:xhtml="http://www.w3.org/1999/xhtml" xml:lang="en-US">Uninstall tcpd Package</title>
          <description xmlns:xhtml="http://www.w3.org/1999/xhtml" xml:lang="en-US">The <html:code xmlns:html="http://www.w3.org/1999/xhtml">tcpd</html:code> package can be removed with the following command:
<html:pre xmlns:html="http://www.w3.org/1999/xhtml">
$ sudo zypper remove tcpd</html:pre>
       </description>
          <reference href="https://www.cisecurity.org/controls/">11</reference>
          <reference href="https://www.cisecurity.org/controls/">12</reference>
          <reference href="https://www.cisecurity.org/controls/">14</reference>
          <reference href="https://www.cisecurity.org/controls/">15</reference>
          <reference href="https://www.cisecurity.org/controls/">3</reference>
          <reference href="https://www.cisecurity.org/controls/">8</reference>
          <reference href="https://www.cisecurity.org/controls/">9</reference>
          <reference href="https://www.isaca.org/resources/cobit">APO13.01</reference>
          <reference href="https://www.isaca.org/resources/cobit">BAI10.01</reference>
          <reference href="https://www.isaca.org/resources/cobit">BAI10.02</reference>
          <reference href="https://www.isaca.org/resources/cobit">BAI10.03</reference>
          <reference href="https://www.isaca.org/resources/cobit">BAI10.05</reference>
          <reference href="https://www.isaca.org/resources/cobit">DSS01.04</reference>
          <reference href="https://www.isaca.org/resources/cobit">DSS05.02</reference>
          <reference href="https://www.isaca.org/resources/cobit">DSS05.03</reference>
          <reference href="https://www.isaca.org/resources/cobit">DSS05.05</reference>
          <reference href="https://www.isaca.org/resources/cobit">DSS06.06</reference>
          <reference href="https://www.gpo.gov/fdsys/pkg/CFR-2007-title45-vol1/pdf/CFR-2007-title45-vol1-chapA-subchapC.pdf">164.308(a)(4)(i)</reference>
          <reference href="https://www.gpo.gov/fdsys/pkg/CFR-2007-title45-vol1/pdf/CFR-2007-title45-vol1-chapA-subchapC.pdf">164.308(b)(1)</reference>
          <reference href="https://www.gpo.gov/fdsys/pkg/CFR-2007-title45-vol1/pdf/CFR-2007-title45-vol1-chapA-subchapC.pdf">164.308(b)(3)</reference>
          <reference href="https://www.gpo.gov/fdsys/pkg/CFR-2007-title45-vol1/pdf/CFR-2007-title45-vol1-chapA-subchapC.pdf">164.310(b)</reference>
          <reference href="https://www.gpo.gov/fdsys/pkg/CFR-2007-title45-vol1/pdf/CFR-2007-title45-vol1-chapA-subchapC.pdf">164.312(e)(1)</reference>
          <reference href="https://www.gpo.gov/fdsys/pkg/CFR-2007-title45-vol1/pdf/CFR-2007-title45-vol1-chapA-subchapC.pdf">164.312(e)(2)(ii)</reference>
          <reference href="https://www.isa.org/products/isa-62443-2-1-2009-security-for-industrial-automat">4.3.3.5.1</reference>
          <reference href="https://www.isa.org/products/isa-62443-2-1-2009-security-for-industrial-automat">4.3.3.5.2</reference>
          <reference href="https://www.isa.org/products/isa-62443-2-1-2009-security-for-industrial-automat">4.3.3.5.3</reference>
          <reference href="https://www.isa.org/products/isa-62443-2-1-2009-security-for-industrial-automat">4.3.3.5.4</reference>
          <reference href="https://www.isa.org/products/isa-62443-2-1-2009-security-for-industrial-automat">4.3.3.5.5</reference>
          <reference href="https://www.isa.org/products/isa-62443-2-1-2009-security-for-industrial-automat">4.3.3.5.6</reference>
          <reference href="https://www.isa.org/products/isa-62443-2-1-2009-security-for-industrial-automat">4.3.3.5.7</reference>
          <reference href="https://www.isa.org/products/isa-62443-2-1-2009-security-for-industrial-automat">4.3.3.5.8</reference>
          <reference href="https://www.isa.org/products/isa-62443-2-1-2009-security-for-industrial-automat">4.3.3.6.1</reference>
          <reference href="https://www.isa.org/products/isa-62443-2-1-2009-security-for-industrial-automat">4.3.3.6.2</reference>
          <reference href="https://www.isa.org/products/isa-62443-2-1-2009-security-for-industrial-automat">4.3.3.6.3</reference>
          <reference href="https://www.isa.org/products/isa-62443-2-1-2009-security-for-industrial-automat">4.3.3.6.4</reference>
          <reference href="https://www.isa.org/products/isa-62443-2-1-2009-security-for-industrial-automat">4.3.3.6.5</reference>
          <reference href="https://www.isa.org/products/isa-62443-2-1-2009-security-for-industrial-automat">4.3.3.6.6</reference>
          <reference href="https://www.isa.org/products/isa-62443-2-1-2009-security-for-industrial-automat">4.3.3.6.7</reference>
          <reference href="https://www.isa.org/products/isa-62443-2-1-2009-security-for-industrial-automat">4.3.3.6.8</reference>
          <reference href="https://www.isa.org/products/isa-62443-2-1-2009-security-for-industrial-automat">4.3.3.6.9</reference>
          <reference href="https://www.isa.org/products/isa-62443-2-1-2009-security-for-industrial-automat">4.3.3.7.1</reference>
          <reference href="https://www.isa.org/products/isa-62443-2-1-2009-security-for-industrial-automat">4.3.3.7.2</reference>
          <reference href="https://www.isa.org/products/isa-62443-2-1-2009-security-for-industrial-automat">4.3.3.7.3</reference>
          <reference href="https://www.isa.org/products/isa-62443-2-1-2009-security-for-industrial-automat">4.3.3.7.4</reference>
          <reference href="https://www.isa.org/products/isa-62443-2-1-2009-security-for-industrial-automat">4.3.4.3.2</reference>
          <reference href="https://www.isa.org/products/isa-62443-2-1-2009-security-for-industrial-automat">4.3.4.3.3</reference>
          <reference href="https://www.isa.org/products/ansi-isa-62443-3-3-99-03-03-2013-security-for-indu">SR 1.1</reference>
          <reference href="https://www.isa.org/products/ansi-isa-62443-3-3-99-03-03-2013-security-for-indu">SR 1.10</reference>
          <reference href="https://www.isa.org/products/ansi-isa-62443-3-3-99-03-03-2013-security-for-indu">SR 1.11</reference>
          <reference href="https://www.isa.org/products/ansi-isa-62443-3-3-99-03-03-2013-security-for-indu">SR 1.12</reference>
          <reference href="https://www.isa.org/products/ansi-isa-62443-3-3-99-03-03-2013-security-for-indu">SR 1.13</reference>
          <reference href="https://www.isa.org/products/ansi-isa-62443-3-3-99-03-03-2013-security-for-indu">SR 1.2</reference>
          <reference href="https://www.isa.org/products/ansi-isa-62443-3-3-99-03-03-2013-security-for-indu">SR 1.3</reference>
          <reference href="https://www.isa.org/products/ansi-isa-62443-3-3-99-03-03-2013-security-for-indu">SR 1.4</reference>
          <reference href="https://www.isa.org/products/ansi-isa-62443-3-3-99-03-03-2013-security-for-indu">SR 1.5</reference>
          <reference href="https://www.isa.org/products/ansi-isa-62443-3-3-99-03-03-2013-security-for-indu">SR 1.6</reference>
          <reference href="https://www.isa.org/products/ansi-isa-62443-3-3-99-03-03-2013-security-for-indu">SR 1.7</reference>
          <reference href="https://www.isa.org/products/ansi-isa-62443-3-3-99-03-03-2013-security-for-indu">SR 1.8</reference>
          <reference href="https://www.isa.org/products/ansi-isa-62443-3-3-99-03-03-2013-security-for-indu">SR 1.9</reference>
          <reference href="https://www.isa.org/products/ansi-isa-62443-3-3-99-03-03-2013-security-for-indu">SR 2.1</reference>
          <reference href="https://www.isa.org/products/ansi-isa-62443-3-3-99-03-03-2013-security-for-indu">SR 2.2</reference>
          <reference href="https://www.isa.org/products/ansi-isa-62443-3-3-99-03-03-2013-security-for-indu">SR 2.3</reference>
          <reference href="https://www.isa.org/products/ansi-isa-62443-3-3-99-03-03-2013-security-for-indu">SR 2.4</reference>
          <reference href="https://www.isa.org/products/ansi-isa-62443-3-3-99-03-03-2013-security-for-indu">SR 2.5</reference>
          <reference href="https://www.isa.org/products/ansi-isa-62443-3-3-99-03-03-2013-security-for-indu">SR 2.6</reference>
          <reference href="https://www.isa.org/products/ansi-isa-62443-3-3-99-03-03-2013-security-for-indu">SR 2.7</reference>
          <reference href="https://www.isa.org/products/ansi-isa-62443-3-3-99-03-03-2013-security-for-indu">SR 3.1</reference>
          <reference href="https://www.isa.org/products/ansi-isa-62443-3-3-99-03-03-2013-security-for-indu">SR 3.5</reference>
          <reference href="https://www.isa.org/products/ansi-isa-62443-3-3-99-03-03-2013-security-for-indu">SR 3.8</reference>
          <reference href="https://www.isa.org/products/ansi-isa-62443-3-3-99-03-03-2013-security-for-indu">SR 4.1</reference>
          <reference href="https://www.isa.org/products/ansi-isa-62443-3-3-99-03-03-2013-security-for-indu">SR 4.3</reference>
          <reference href="https://www.isa.org/products/ansi-isa-62443-3-3-99-03-03-2013-security-for-indu">SR 5.1</reference>
          <reference href="https://www.isa.org/products/ansi-isa-62443-3-3-99-03-03-2013-security-for-indu">SR 5.2</reference>
          <reference href="https://www.isa.org/products/ansi-isa-62443-3-3-99-03-03-2013-security-for-indu">SR 5.3</reference>
          <reference href="https://www.isa.org/products/ansi-isa-62443-3-3-99-03-03-2013-security-for-indu">SR 7.1</reference>
          <reference href="https://www.isa.org/products/ansi-isa-62443-3-3-99-03-03-2013-security-for-indu">SR 7.6</reference>
          <reference href="https://www.iso.org/contents/data/standard/05/45/54534.html">A.11.2.6</reference>
          <reference href="https://www.iso.org/contents/data/standard/05/45/54534.html">A.12.1.2</reference>
          <reference href="https://www.iso.org/contents/data/standard/05/45/54534.html">A.12.5.1</reference>
          <reference href="https://www.iso.org/contents/data/standard/05/45/54534.html">A.12.6.2</reference>
          <reference href="https://www.iso.org/contents/data/standard/05/45/54534.html">A.13.1.1</reference>
          <reference href="https://www.iso.org/contents/data/standard/05/45/54534.html">A.13.2.1</reference>
          <reference href="https://www.iso.org/contents/data/standard/05/45/54534.html">A.14.1.3</reference>
          <reference href="https://www.iso.org/contents/data/standard/05/45/54534.html">A.14.2.2</reference>
          <reference href="https://www.iso.org/contents/data/standard/05/45/54534.html">A.14.2.3</reference>
          <reference href="https://www.iso.org/contents/data/standard/05/45/54534.html">A.14.2.4</reference>
          <reference href="https://www.iso.org/contents/data/standard/05/45/54534.html">A.6.2.1</reference>
          <reference href="https://www.iso.org/contents/data/standard/05/45/54534.html">A.6.2.2</reference>
          <reference href="https://www.iso.org/contents/data/standard/05/45/54534.html">A.9.1.2</reference>
          <reference href="http://nvlpubs.nist.gov/nistpubs/SpecialPublications/NIST.SP.800-53r4.pdf">CM-7(a)</reference>
          <reference href="http://nvlpubs.nist.gov/nistpubs/SpecialPublications/NIST.SP.800-53r4.pdf">CM-7(b)</reference>
          <reference href="http://nvlpubs.nist.gov/nistpubs/SpecialPublications/NIST.SP.800-53r4.pdf">CM-6(a)</reference>
          <reference href="https://nvlpubs.nist.gov/nistpubs/CSWP/NIST.CSWP.04162018.pdf">PR.AC-3</reference>
          <reference href="https://nvlpubs.nist.gov/nistpubs/CSWP/NIST.CSWP.04162018.pdf">PR.IP-1</reference>
          <reference href="https://nvlpubs.nist.gov/nistpubs/CSWP/NIST.CSWP.04162018.pdf">PR.PT-3</reference>
          <reference href="https://nvlpubs.nist.gov/nistpubs/CSWP/NIST.CSWP.04162018.pdf">PR.PT-4</reference>
          <reference href="https://www.cisecurity.org/benchmark/suse_linux/">2.1.1</reference>
          <reference href="not_publicly_available">SLES-15-300150300</reference>
          <rationale xmlns:xhtml="http://www.w3.org/1999/xhtml" xml:lang="en-US">Administrators can use TCP wrapper library and daemon for host
control over network services. In these implementations,
<html:code xmlns:html="http://www.w3.org/1999/xhtml">xinetd</html:code> runs <html:code xmlns:html="http://www.w3.org/1999/xhtml">tcpd</html:code> program, which first looks
at the incoming connection as well as the access control lists
in the /etc/hosts.allow and /etc/hosts.deny files.
Removing the <html:code xmlns:html="http://www.w3.org/1999/xhtml">xinetd</html:code> package decreases the risk of the
xinetd service's accidental (or intentional) activation. The
removal of <html:code xmlns:html="http://www.w3.org/1999/xhtml">tcpd</html:code> package will support this protective
measure in addition.</rationale>
          <ident system="https://ncp.nist.gov/cce">CCE-92476-1</ident>
          <fix xmlns:xhtml="http://www.w3.org/1999/xhtml" id="package_tcp_wrappers_removed" system="urn:xccdf:fix:script:puppet" complexity="low" disruption="low" strategy="disable">
include remove_tcpd

class remove_tcpd {
  package { 'tcpd':
    ensure =&gt; 'purged',
  }
}
</fix>
          <fix xmlns:xhtml="http://www.w3.org/1999/xhtml" id="package_tcp_wrappers_removed" system="urn:xccdf:fix:script:sh" complexity="low" disruption="low" strategy="disable"># Remediation is applicable only in certain platforms
if rpm --quiet -q kernel-default || rpm --quiet -q kernel-default-base; then

# CAUTION: This remediation script will remove tcpd
# from the system, and may remove any packages
# that depend on tcpd. Execute this
# remediation AFTER testing on a non-production
# system!


zypper remove -y "tcpd"

else
    &gt;&amp;2 echo 'Remediation is not applicable, nothing was done'
fi
</fix>
          <fix xmlns:xhtml="http://www.w3.org/1999/xhtml" id="package_tcp_wrappers_removed" system="urn:xccdf:fix:script:ansible" complexity="low" disruption="low" strategy="disable">- name: Gather the package facts
  package_facts:
    manager: auto
  tags:
  - CCE-92476-1
  - NIST-800-53-CM-6(a)
  - NIST-800-53-CM-7(a)
  - NIST-800-53-CM-7(b)
  - disable_strategy
  - low_complexity
  - low_disruption
  - low_severity
  - no_reboot_needed
  - package_tcp_wrappers_removed

- name: 'Uninstall tcpd Package: Ensure tcpd is removed'
  ansible.builtin.package:
    name: tcpd
    state: absent
  when: ("kernel-default" in ansible_facts.packages or "kernel-default-base" in ansible_facts.packages)
  tags:
  - CCE-92476-1
  - NIST-800-53-CM-6(a)
  - NIST-800-53-CM-7(a)
  - NIST-800-53-CM-7(b)
  - disable_strategy
  - low_complexity
  - low_disruption
  - low_severity
  - no_reboot_needed
  - package_tcp_wrappers_removed
</fix>
          <check system="http://oval.mitre.org/XMLSchema/oval-definitions-5">
            <check-content-ref name="oval:ssg-package_tcp_wrappers_removed:def:1" href="ssg-sle15-oval.xml"/>
          </check>
          <check system="http://scap.nist.gov/schema/ocil/2">
            <check-content-ref name="ocil:ssg-package_tcp_wrappers_removed_ocil:questionnaire:1" href="ssg-sle15-ocil.xml"/>
          </check>
        </Rule>
        <Rule id="xccdf_org.ssgproject.content_rule_package_xinetd_removed" selected="false" role="full" severity="low">
          <title xmlns:xhtml="http://www.w3.org/1999/xhtml" xml:lang="en-US">Uninstall xinetd Package</title>
          <description xmlns:xhtml="http://www.w3.org/1999/xhtml" xml:lang="en-US">The <html:code xmlns:html="http://www.w3.org/1999/xhtml">xinetd</html:code> package can be removed with the following command:
<html:pre xmlns:html="http://www.w3.org/1999/xhtml">
$ sudo zypper remove xinetd</html:pre>
       </description>
          <reference href="https://www.cisecurity.org/controls/">11</reference>
          <reference href="https://www.cisecurity.org/controls/">12</reference>
          <reference href="https://www.cisecurity.org/controls/">14</reference>
          <reference href="https://www.cisecurity.org/controls/">15</reference>
          <reference href="https://www.cisecurity.org/controls/">3</reference>
          <reference href="https://www.cisecurity.org/controls/">8</reference>
          <reference href="https://www.cisecurity.org/controls/">9</reference>
          <reference href="https://www.isaca.org/resources/cobit">APO13.01</reference>
          <reference href="https://www.isaca.org/resources/cobit">BAI10.01</reference>
          <reference href="https://www.isaca.org/resources/cobit">BAI10.02</reference>
          <reference href="https://www.isaca.org/resources/cobit">BAI10.03</reference>
          <reference href="https://www.isaca.org/resources/cobit">BAI10.05</reference>
          <reference href="https://www.isaca.org/resources/cobit">DSS01.04</reference>
          <reference href="https://www.isaca.org/resources/cobit">DSS05.02</reference>
          <reference href="https://www.isaca.org/resources/cobit">DSS05.03</reference>
          <reference href="https://www.isaca.org/resources/cobit">DSS05.05</reference>
          <reference href="https://www.isaca.org/resources/cobit">DSS06.06</reference>
          <reference href="https://www.gpo.gov/fdsys/pkg/CFR-2007-title45-vol1/pdf/CFR-2007-title45-vol1-chapA-subchapC.pdf">164.308(a)(4)(i)</reference>
          <reference href="https://www.gpo.gov/fdsys/pkg/CFR-2007-title45-vol1/pdf/CFR-2007-title45-vol1-chapA-subchapC.pdf">164.308(b)(1)</reference>
          <reference href="https://www.gpo.gov/fdsys/pkg/CFR-2007-title45-vol1/pdf/CFR-2007-title45-vol1-chapA-subchapC.pdf">164.308(b)(3)</reference>
          <reference href="https://www.gpo.gov/fdsys/pkg/CFR-2007-title45-vol1/pdf/CFR-2007-title45-vol1-chapA-subchapC.pdf">164.310(b)</reference>
          <reference href="https://www.gpo.gov/fdsys/pkg/CFR-2007-title45-vol1/pdf/CFR-2007-title45-vol1-chapA-subchapC.pdf">164.312(e)(1)</reference>
          <reference href="https://www.gpo.gov/fdsys/pkg/CFR-2007-title45-vol1/pdf/CFR-2007-title45-vol1-chapA-subchapC.pdf">164.312(e)(2)(ii)</reference>
          <reference href="https://www.isa.org/products/isa-62443-2-1-2009-security-for-industrial-automat">4.3.3.5.1</reference>
          <reference href="https://www.isa.org/products/isa-62443-2-1-2009-security-for-industrial-automat">4.3.3.5.2</reference>
          <reference href="https://www.isa.org/products/isa-62443-2-1-2009-security-for-industrial-automat">4.3.3.5.3</reference>
          <reference href="https://www.isa.org/products/isa-62443-2-1-2009-security-for-industrial-automat">4.3.3.5.4</reference>
          <reference href="https://www.isa.org/products/isa-62443-2-1-2009-security-for-industrial-automat">4.3.3.5.5</reference>
          <reference href="https://www.isa.org/products/isa-62443-2-1-2009-security-for-industrial-automat">4.3.3.5.6</reference>
          <reference href="https://www.isa.org/products/isa-62443-2-1-2009-security-for-industrial-automat">4.3.3.5.7</reference>
          <reference href="https://www.isa.org/products/isa-62443-2-1-2009-security-for-industrial-automat">4.3.3.5.8</reference>
          <reference href="https://www.isa.org/products/isa-62443-2-1-2009-security-for-industrial-automat">4.3.3.6.1</reference>
          <reference href="https://www.isa.org/products/isa-62443-2-1-2009-security-for-industrial-automat">4.3.3.6.2</reference>
          <reference href="https://www.isa.org/products/isa-62443-2-1-2009-security-for-industrial-automat">4.3.3.6.3</reference>
          <reference href="https://www.isa.org/products/isa-62443-2-1-2009-security-for-industrial-automat">4.3.3.6.4</reference>
          <reference href="https://www.isa.org/products/isa-62443-2-1-2009-security-for-industrial-automat">4.3.3.6.5</reference>
          <reference href="https://www.isa.org/products/isa-62443-2-1-2009-security-for-industrial-automat">4.3.3.6.6</reference>
          <reference href="https://www.isa.org/products/isa-62443-2-1-2009-security-for-industrial-automat">4.3.3.6.7</reference>
          <reference href="https://www.isa.org/products/isa-62443-2-1-2009-security-for-industrial-automat">4.3.3.6.8</reference>
          <reference href="https://www.isa.org/products/isa-62443-2-1-2009-security-for-industrial-automat">4.3.3.6.9</reference>
          <reference href="https://www.isa.org/products/isa-62443-2-1-2009-security-for-industrial-automat">4.3.3.7.1</reference>
          <reference href="https://www.isa.org/products/isa-62443-2-1-2009-security-for-industrial-automat">4.3.3.7.2</reference>
          <reference href="https://www.isa.org/products/isa-62443-2-1-2009-security-for-industrial-automat">4.3.3.7.3</reference>
          <reference href="https://www.isa.org/products/isa-62443-2-1-2009-security-for-industrial-automat">4.3.3.7.4</reference>
          <reference href="https://www.isa.org/products/isa-62443-2-1-2009-security-for-industrial-automat">4.3.4.3.2</reference>
          <reference href="https://www.isa.org/products/isa-62443-2-1-2009-security-for-industrial-automat">4.3.4.3.3</reference>
          <reference href="https://www.isa.org/products/ansi-isa-62443-3-3-99-03-03-2013-security-for-indu">SR 1.1</reference>
          <reference href="https://www.isa.org/products/ansi-isa-62443-3-3-99-03-03-2013-security-for-indu">SR 1.10</reference>
          <reference href="https://www.isa.org/products/ansi-isa-62443-3-3-99-03-03-2013-security-for-indu">SR 1.11</reference>
          <reference href="https://www.isa.org/products/ansi-isa-62443-3-3-99-03-03-2013-security-for-indu">SR 1.12</reference>
          <reference href="https://www.isa.org/products/ansi-isa-62443-3-3-99-03-03-2013-security-for-indu">SR 1.13</reference>
          <reference href="https://www.isa.org/products/ansi-isa-62443-3-3-99-03-03-2013-security-for-indu">SR 1.2</reference>
          <reference href="https://www.isa.org/products/ansi-isa-62443-3-3-99-03-03-2013-security-for-indu">SR 1.3</reference>
          <reference href="https://www.isa.org/products/ansi-isa-62443-3-3-99-03-03-2013-security-for-indu">SR 1.4</reference>
          <reference href="https://www.isa.org/products/ansi-isa-62443-3-3-99-03-03-2013-security-for-indu">SR 1.5</reference>
          <reference href="https://www.isa.org/products/ansi-isa-62443-3-3-99-03-03-2013-security-for-indu">SR 1.6</reference>
          <reference href="https://www.isa.org/products/ansi-isa-62443-3-3-99-03-03-2013-security-for-indu">SR 1.7</reference>
          <reference href="https://www.isa.org/products/ansi-isa-62443-3-3-99-03-03-2013-security-for-indu">SR 1.8</reference>
          <reference href="https://www.isa.org/products/ansi-isa-62443-3-3-99-03-03-2013-security-for-indu">SR 1.9</reference>
          <reference href="https://www.isa.org/products/ansi-isa-62443-3-3-99-03-03-2013-security-for-indu">SR 2.1</reference>
          <reference href="https://www.isa.org/products/ansi-isa-62443-3-3-99-03-03-2013-security-for-indu">SR 2.2</reference>
          <reference href="https://www.isa.org/products/ansi-isa-62443-3-3-99-03-03-2013-security-for-indu">SR 2.3</reference>
          <reference href="https://www.isa.org/products/ansi-isa-62443-3-3-99-03-03-2013-security-for-indu">SR 2.4</reference>
          <reference href="https://www.isa.org/products/ansi-isa-62443-3-3-99-03-03-2013-security-for-indu">SR 2.5</reference>
          <reference href="https://www.isa.org/products/ansi-isa-62443-3-3-99-03-03-2013-security-for-indu">SR 2.6</reference>
          <reference href="https://www.isa.org/products/ansi-isa-62443-3-3-99-03-03-2013-security-for-indu">SR 2.7</reference>
          <reference href="https://www.isa.org/products/ansi-isa-62443-3-3-99-03-03-2013-security-for-indu">SR 3.1</reference>
          <reference href="https://www.isa.org/products/ansi-isa-62443-3-3-99-03-03-2013-security-for-indu">SR 3.5</reference>
          <reference href="https://www.isa.org/products/ansi-isa-62443-3-3-99-03-03-2013-security-for-indu">SR 3.8</reference>
          <reference href="https://www.isa.org/products/ansi-isa-62443-3-3-99-03-03-2013-security-for-indu">SR 4.1</reference>
          <reference href="https://www.isa.org/products/ansi-isa-62443-3-3-99-03-03-2013-security-for-indu">SR 4.3</reference>
          <reference href="https://www.isa.org/products/ansi-isa-62443-3-3-99-03-03-2013-security-for-indu">SR 5.1</reference>
          <reference href="https://www.isa.org/products/ansi-isa-62443-3-3-99-03-03-2013-security-for-indu">SR 5.2</reference>
          <reference href="https://www.isa.org/products/ansi-isa-62443-3-3-99-03-03-2013-security-for-indu">SR 5.3</reference>
          <reference href="https://www.isa.org/products/ansi-isa-62443-3-3-99-03-03-2013-security-for-indu">SR 7.1</reference>
          <reference href="https://www.isa.org/products/ansi-isa-62443-3-3-99-03-03-2013-security-for-indu">SR 7.6</reference>
          <reference href="https://www.iso.org/contents/data/standard/05/45/54534.html">A.11.2.6</reference>
          <reference href="https://www.iso.org/contents/data/standard/05/45/54534.html">A.12.1.2</reference>
          <reference href="https://www.iso.org/contents/data/standard/05/45/54534.html">A.12.5.1</reference>
          <reference href="https://www.iso.org/contents/data/standard/05/45/54534.html">A.12.6.2</reference>
          <reference href="https://www.iso.org/contents/data/standard/05/45/54534.html">A.13.1.1</reference>
          <reference href="https://www.iso.org/contents/data/standard/05/45/54534.html">A.13.2.1</reference>
          <reference href="https://www.iso.org/contents/data/standard/05/45/54534.html">A.14.1.3</reference>
          <reference href="https://www.iso.org/contents/data/standard/05/45/54534.html">A.14.2.2</reference>
          <reference href="https://www.iso.org/contents/data/standard/05/45/54534.html">A.14.2.3</reference>
          <reference href="https://www.iso.org/contents/data/standard/05/45/54534.html">A.14.2.4</reference>
          <reference href="https://www.iso.org/contents/data/standard/05/45/54534.html">A.6.2.1</reference>
          <reference href="https://www.iso.org/contents/data/standard/05/45/54534.html">A.6.2.2</reference>
          <reference href="https://www.iso.org/contents/data/standard/05/45/54534.html">A.9.1.2</reference>
          <reference href="http://nvlpubs.nist.gov/nistpubs/SpecialPublications/NIST.SP.800-53r4.pdf">CM-7(a)</reference>
          <reference href="http://nvlpubs.nist.gov/nistpubs/SpecialPublications/NIST.SP.800-53r4.pdf">CM-7(b)</reference>
          <reference href="http://nvlpubs.nist.gov/nistpubs/SpecialPublications/NIST.SP.800-53r4.pdf">CM-6(a)</reference>
          <reference href="https://nvlpubs.nist.gov/nistpubs/CSWP/NIST.CSWP.04162018.pdf">PR.AC-3</reference>
          <reference href="https://nvlpubs.nist.gov/nistpubs/CSWP/NIST.CSWP.04162018.pdf">PR.IP-1</reference>
          <reference href="https://nvlpubs.nist.gov/nistpubs/CSWP/NIST.CSWP.04162018.pdf">PR.PT-3</reference>
          <reference href="https://nvlpubs.nist.gov/nistpubs/CSWP/NIST.CSWP.04162018.pdf">PR.PT-4</reference>
          <reference href="https://www.cisecurity.org/benchmark/suse_linux/">2.1.1</reference>
          <reference href="https://cyber.gouv.fr/sites/default/files/document/linux_configuration-en-v2.pdf">R62</reference>
          <reference href="not_publicly_available">SLES-15-300150300</reference>
          <reference href="https://www.cyber.gov.au/acsc/view-all-content/ism">1409</reference>
          <reference href="https://docs-prv.pcisecuritystandards.org/PCI%20DSS/Standard/PCI-DSS-v4_0.pdf">2.2.4</reference>
          <reference href="https://docs-prv.pcisecuritystandards.org/PCI%20DSS/Standard/PCI-DSS-v4_0.pdf">2.2</reference>
          <rationale xmlns:xhtml="http://www.w3.org/1999/xhtml" xml:lang="en-US">Removing the <html:code xmlns:html="http://www.w3.org/1999/xhtml">xinetd</html:code> package decreases the risk of the
xinetd service's accidental (or intentional) activation.</rationale>
          <ident system="https://ncp.nist.gov/cce">CCE-91436-6</ident>
          <fix xmlns:xhtml="http://www.w3.org/1999/xhtml" id="package_xinetd_removed" system="urn:xccdf:fix:script:puppet" complexity="low" disruption="low" strategy="disable">
include remove_xinetd

class remove_xinetd {
  package { 'xinetd':
    ensure =&gt; 'purged',
  }
}
</fix>
          <fix xmlns:xhtml="http://www.w3.org/1999/xhtml" id="package_xinetd_removed" system="urn:xccdf:fix:script:sh" complexity="low" disruption="low" strategy="disable"># Remediation is applicable only in certain platforms
if rpm --quiet -q kernel-default || rpm --quiet -q kernel-default-base; then

# CAUTION: This remediation script will remove xinetd
# from the system, and may remove any packages
# that depend on xinetd. Execute this
# remediation AFTER testing on a non-production
# system!


zypper remove -y "xinetd"

else
    &gt;&amp;2 echo 'Remediation is not applicable, nothing was done'
fi
</fix>
          <fix xmlns:xhtml="http://www.w3.org/1999/xhtml" id="package_xinetd_removed" system="urn:xccdf:fix:script:ansible" complexity="low" disruption="low" strategy="disable">- name: Gather the package facts
  package_facts:
    manager: auto
  tags:
  - CCE-91436-6
  - NIST-800-53-CM-6(a)
  - NIST-800-53-CM-7(a)
  - NIST-800-53-CM-7(b)
  - PCI-DSSv4-2.2
  - PCI-DSSv4-2.2.4
  - disable_strategy
  - low_complexity
  - low_disruption
  - low_severity
  - no_reboot_needed
  - package_xinetd_removed

- name: 'Uninstall xinetd Package: Ensure xinetd is removed'
  ansible.builtin.package:
    name: xinetd
    state: absent
  when: ("kernel-default" in ansible_facts.packages or "kernel-default-base" in ansible_facts.packages)
  tags:
  - CCE-91436-6
  - NIST-800-53-CM-6(a)
  - NIST-800-53-CM-7(a)
  - NIST-800-53-CM-7(b)
  - PCI-DSSv4-2.2
  - PCI-DSSv4-2.2.4
  - disable_strategy
  - low_complexity
  - low_disruption
  - low_severity
  - no_reboot_needed
  - package_xinetd_removed
</fix>
          <check system="http://oval.mitre.org/XMLSchema/oval-definitions-5">
            <check-content-ref name="oval:ssg-package_xinetd_removed:def:1" href="ssg-sle15-oval.xml"/>
          </check>
          <check system="http://scap.nist.gov/schema/ocil/2">
            <check-content-ref name="ocil:ssg-package_xinetd_removed_ocil:questionnaire:1" href="ssg-sle15-ocil.xml"/>
          </check>
        </Rule>
        <Rule id="xccdf_org.ssgproject.content_rule_service_xinetd_disabled" selected="false" role="full" severity="medium">
          <title xmlns:xhtml="http://www.w3.org/1999/xhtml" xml:lang="en-US">Disable xinetd Service</title>
          <description xmlns:xhtml="http://www.w3.org/1999/xhtml" xml:lang="en-US">
The <html:code xmlns:html="http://www.w3.org/1999/xhtml">xinetd</html:code> service can be disabled with the following command:
<html:pre xmlns:html="http://www.w3.org/1999/xhtml">$ sudo systemctl mask --now xinetd.service</html:pre>
       </description>
          <reference href="https://www.cisecurity.org/controls/">11</reference>
          <reference href="https://www.cisecurity.org/controls/">12</reference>
          <reference href="https://www.cisecurity.org/controls/">14</reference>
          <reference href="https://www.cisecurity.org/controls/">15</reference>
          <reference href="https://www.cisecurity.org/controls/">3</reference>
          <reference href="https://www.cisecurity.org/controls/">8</reference>
          <reference href="https://www.cisecurity.org/controls/">9</reference>
          <reference href="https://www.isaca.org/resources/cobit">APO13.01</reference>
          <reference href="https://www.isaca.org/resources/cobit">BAI10.01</reference>
          <reference href="https://www.isaca.org/resources/cobit">BAI10.02</reference>
          <reference href="https://www.isaca.org/resources/cobit">BAI10.03</reference>
          <reference href="https://www.isaca.org/resources/cobit">BAI10.05</reference>
          <reference href="https://www.isaca.org/resources/cobit">DSS01.04</reference>
          <reference href="https://www.isaca.org/resources/cobit">DSS05.02</reference>
          <reference href="https://www.isaca.org/resources/cobit">DSS05.03</reference>
          <reference href="https://www.isaca.org/resources/cobit">DSS05.05</reference>
          <reference href="https://www.isaca.org/resources/cobit">DSS06.06</reference>
          <reference href="http://nvlpubs.nist.gov/nistpubs/SpecialPublications/NIST.SP.800-171.pdf">3.4.7</reference>
          <reference href="https://www.gpo.gov/fdsys/pkg/CFR-2007-title45-vol1/pdf/CFR-2007-title45-vol1-chapA-subchapC.pdf">164.308(a)(4)(i)</reference>
          <reference href="https://www.gpo.gov/fdsys/pkg/CFR-2007-title45-vol1/pdf/CFR-2007-title45-vol1-chapA-subchapC.pdf">164.308(b)(1)</reference>
          <reference href="https://www.gpo.gov/fdsys/pkg/CFR-2007-title45-vol1/pdf/CFR-2007-title45-vol1-chapA-subchapC.pdf">164.308(b)(3)</reference>
          <reference href="https://www.gpo.gov/fdsys/pkg/CFR-2007-title45-vol1/pdf/CFR-2007-title45-vol1-chapA-subchapC.pdf">164.310(b)</reference>
          <reference href="https://www.gpo.gov/fdsys/pkg/CFR-2007-title45-vol1/pdf/CFR-2007-title45-vol1-chapA-subchapC.pdf">164.312(e)(1)</reference>
          <reference href="https://www.gpo.gov/fdsys/pkg/CFR-2007-title45-vol1/pdf/CFR-2007-title45-vol1-chapA-subchapC.pdf">164.312(e)(2)(ii)</reference>
          <reference href="https://www.isa.org/products/isa-62443-2-1-2009-security-for-industrial-automat">4.3.3.5.1</reference>
          <reference href="https://www.isa.org/products/isa-62443-2-1-2009-security-for-industrial-automat">4.3.3.5.2</reference>
          <reference href="https://www.isa.org/products/isa-62443-2-1-2009-security-for-industrial-automat">4.3.3.5.3</reference>
          <reference href="https://www.isa.org/products/isa-62443-2-1-2009-security-for-industrial-automat">4.3.3.5.4</reference>
          <reference href="https://www.isa.org/products/isa-62443-2-1-2009-security-for-industrial-automat">4.3.3.5.5</reference>
          <reference href="https://www.isa.org/products/isa-62443-2-1-2009-security-for-industrial-automat">4.3.3.5.6</reference>
          <reference href="https://www.isa.org/products/isa-62443-2-1-2009-security-for-industrial-automat">4.3.3.5.7</reference>
          <reference href="https://www.isa.org/products/isa-62443-2-1-2009-security-for-industrial-automat">4.3.3.5.8</reference>
          <reference href="https://www.isa.org/products/isa-62443-2-1-2009-security-for-industrial-automat">4.3.3.6.1</reference>
          <reference href="https://www.isa.org/products/isa-62443-2-1-2009-security-for-industrial-automat">4.3.3.6.2</reference>
          <reference href="https://www.isa.org/products/isa-62443-2-1-2009-security-for-industrial-automat">4.3.3.6.3</reference>
          <reference href="https://www.isa.org/products/isa-62443-2-1-2009-security-for-industrial-automat">4.3.3.6.4</reference>
          <reference href="https://www.isa.org/products/isa-62443-2-1-2009-security-for-industrial-automat">4.3.3.6.5</reference>
          <reference href="https://www.isa.org/products/isa-62443-2-1-2009-security-for-industrial-automat">4.3.3.6.6</reference>
          <reference href="https://www.isa.org/products/isa-62443-2-1-2009-security-for-industrial-automat">4.3.3.6.7</reference>
          <reference href="https://www.isa.org/products/isa-62443-2-1-2009-security-for-industrial-automat">4.3.3.6.8</reference>
          <reference href="https://www.isa.org/products/isa-62443-2-1-2009-security-for-industrial-automat">4.3.3.6.9</reference>
          <reference href="https://www.isa.org/products/isa-62443-2-1-2009-security-for-industrial-automat">4.3.3.7.1</reference>
          <reference href="https://www.isa.org/products/isa-62443-2-1-2009-security-for-industrial-automat">4.3.3.7.2</reference>
          <reference href="https://www.isa.org/products/isa-62443-2-1-2009-security-for-industrial-automat">4.3.3.7.3</reference>
          <reference href="https://www.isa.org/products/isa-62443-2-1-2009-security-for-industrial-automat">4.3.3.7.4</reference>
          <reference href="https://www.isa.org/products/isa-62443-2-1-2009-security-for-industrial-automat">4.3.4.3.2</reference>
          <reference href="https://www.isa.org/products/isa-62443-2-1-2009-security-for-industrial-automat">4.3.4.3.3</reference>
          <reference href="https://www.isa.org/products/ansi-isa-62443-3-3-99-03-03-2013-security-for-indu">SR 1.1</reference>
          <reference href="https://www.isa.org/products/ansi-isa-62443-3-3-99-03-03-2013-security-for-indu">SR 1.10</reference>
          <reference href="https://www.isa.org/products/ansi-isa-62443-3-3-99-03-03-2013-security-for-indu">SR 1.11</reference>
          <reference href="https://www.isa.org/products/ansi-isa-62443-3-3-99-03-03-2013-security-for-indu">SR 1.12</reference>
          <reference href="https://www.isa.org/products/ansi-isa-62443-3-3-99-03-03-2013-security-for-indu">SR 1.13</reference>
          <reference href="https://www.isa.org/products/ansi-isa-62443-3-3-99-03-03-2013-security-for-indu">SR 1.2</reference>
          <reference href="https://www.isa.org/products/ansi-isa-62443-3-3-99-03-03-2013-security-for-indu">SR 1.3</reference>
          <reference href="https://www.isa.org/products/ansi-isa-62443-3-3-99-03-03-2013-security-for-indu">SR 1.4</reference>
          <reference href="https://www.isa.org/products/ansi-isa-62443-3-3-99-03-03-2013-security-for-indu">SR 1.5</reference>
          <reference href="https://www.isa.org/products/ansi-isa-62443-3-3-99-03-03-2013-security-for-indu">SR 1.6</reference>
          <reference href="https://www.isa.org/products/ansi-isa-62443-3-3-99-03-03-2013-security-for-indu">SR 1.7</reference>
          <reference href="https://www.isa.org/products/ansi-isa-62443-3-3-99-03-03-2013-security-for-indu">SR 1.8</reference>
          <reference href="https://www.isa.org/products/ansi-isa-62443-3-3-99-03-03-2013-security-for-indu">SR 1.9</reference>
          <reference href="https://www.isa.org/products/ansi-isa-62443-3-3-99-03-03-2013-security-for-indu">SR 2.1</reference>
          <reference href="https://www.isa.org/products/ansi-isa-62443-3-3-99-03-03-2013-security-for-indu">SR 2.2</reference>
          <reference href="https://www.isa.org/products/ansi-isa-62443-3-3-99-03-03-2013-security-for-indu">SR 2.3</reference>
          <reference href="https://www.isa.org/products/ansi-isa-62443-3-3-99-03-03-2013-security-for-indu">SR 2.4</reference>
          <reference href="https://www.isa.org/products/ansi-isa-62443-3-3-99-03-03-2013-security-for-indu">SR 2.5</reference>
          <reference href="https://www.isa.org/products/ansi-isa-62443-3-3-99-03-03-2013-security-for-indu">SR 2.6</reference>
          <reference href="https://www.isa.org/products/ansi-isa-62443-3-3-99-03-03-2013-security-for-indu">SR 2.7</reference>
          <reference href="https://www.isa.org/products/ansi-isa-62443-3-3-99-03-03-2013-security-for-indu">SR 3.1</reference>
          <reference href="https://www.isa.org/products/ansi-isa-62443-3-3-99-03-03-2013-security-for-indu">SR 3.5</reference>
          <reference href="https://www.isa.org/products/ansi-isa-62443-3-3-99-03-03-2013-security-for-indu">SR 3.8</reference>
          <reference href="https://www.isa.org/products/ansi-isa-62443-3-3-99-03-03-2013-security-for-indu">SR 4.1</reference>
          <reference href="https://www.isa.org/products/ansi-isa-62443-3-3-99-03-03-2013-security-for-indu">SR 4.3</reference>
          <reference href="https://www.isa.org/products/ansi-isa-62443-3-3-99-03-03-2013-security-for-indu">SR 5.1</reference>
          <reference href="https://www.isa.org/products/ansi-isa-62443-3-3-99-03-03-2013-security-for-indu">SR 5.2</reference>
          <reference href="https://www.isa.org/products/ansi-isa-62443-3-3-99-03-03-2013-security-for-indu">SR 5.3</reference>
          <reference href="https://www.isa.org/products/ansi-isa-62443-3-3-99-03-03-2013-security-for-indu">SR 7.1</reference>
          <reference href="https://www.isa.org/products/ansi-isa-62443-3-3-99-03-03-2013-security-for-indu">SR 7.6</reference>
          <reference href="https://www.iso.org/contents/data/standard/05/45/54534.html">A.11.2.6</reference>
          <reference href="https://www.iso.org/contents/data/standard/05/45/54534.html">A.12.1.2</reference>
          <reference href="https://www.iso.org/contents/data/standard/05/45/54534.html">A.12.5.1</reference>
          <reference href="https://www.iso.org/contents/data/standard/05/45/54534.html">A.12.6.2</reference>
          <reference href="https://www.iso.org/contents/data/standard/05/45/54534.html">A.13.1.1</reference>
          <reference href="https://www.iso.org/contents/data/standard/05/45/54534.html">A.13.2.1</reference>
          <reference href="https://www.iso.org/contents/data/standard/05/45/54534.html">A.14.1.3</reference>
          <reference href="https://www.iso.org/contents/data/standard/05/45/54534.html">A.14.2.2</reference>
          <reference href="https://www.iso.org/contents/data/standard/05/45/54534.html">A.14.2.3</reference>
          <reference href="https://www.iso.org/contents/data/standard/05/45/54534.html">A.14.2.4</reference>
          <reference href="https://www.iso.org/contents/data/standard/05/45/54534.html">A.6.2.1</reference>
          <reference href="https://www.iso.org/contents/data/standard/05/45/54534.html">A.6.2.2</reference>
          <reference href="https://www.iso.org/contents/data/standard/05/45/54534.html">A.9.1.2</reference>
          <reference href="http://nvlpubs.nist.gov/nistpubs/SpecialPublications/NIST.SP.800-53r4.pdf">CM-7(a)</reference>
          <reference href="http://nvlpubs.nist.gov/nistpubs/SpecialPublications/NIST.SP.800-53r4.pdf">CM-7(b)</reference>
          <reference href="http://nvlpubs.nist.gov/nistpubs/SpecialPublications/NIST.SP.800-53r4.pdf">CM-6(a)</reference>
          <reference href="https://nvlpubs.nist.gov/nistpubs/CSWP/NIST.CSWP.04162018.pdf">PR.AC-3</reference>
          <reference href="https://nvlpubs.nist.gov/nistpubs/CSWP/NIST.CSWP.04162018.pdf">PR.IP-1</reference>
          <reference href="https://nvlpubs.nist.gov/nistpubs/CSWP/NIST.CSWP.04162018.pdf">PR.PT-3</reference>
          <reference href="https://nvlpubs.nist.gov/nistpubs/CSWP/NIST.CSWP.04162018.pdf">PR.PT-4</reference>
          <reference href="https://www.cisecurity.org/benchmark/suse_linux/">2.1.1</reference>
          <reference href="not_publicly_available">SLES-15-300150300</reference>
          <reference href="https://www.cyber.gov.au/acsc/view-all-content/ism">1409</reference>
          <rationale xmlns:xhtml="http://www.w3.org/1999/xhtml" xml:lang="en-US">The xinetd service provides a dedicated listener service for some programs,
which is no longer necessary for commonly-used network services. Disabling
it ensures that these uncommon services are not running, and also prevents
attacks against xinetd itself.</rationale>
          <ident system="https://ncp.nist.gov/cce">CCE-91438-2</ident>
          <fix xmlns:xhtml="http://www.w3.org/1999/xhtml" id="service_xinetd_disabled" system="urn:xccdf:fix:script:puppet" complexity="low" disruption="low" strategy="enable">include disable_xinetd

class disable_xinetd {
  service {'xinetd':
    enable =&gt; false,
    ensure =&gt; 'stopped',
  }
}
</fix>
          <fix xmlns:xhtml="http://www.w3.org/1999/xhtml" id="service_xinetd_disabled" system="urn:xccdf:fix:script:sh" complexity="low" disruption="low" strategy="disable"># Remediation is applicable only in certain platforms
if rpm --quiet -q kernel-default || rpm --quiet -q kernel-default-base; then

SYSTEMCTL_EXEC='/usr/bin/systemctl'
if [[ $("$SYSTEMCTL_EXEC" is-system-running) != "offline" ]]; then
  "$SYSTEMCTL_EXEC" stop 'xinetd.service'
fi
"$SYSTEMCTL_EXEC" disable 'xinetd.service'
"$SYSTEMCTL_EXEC" mask 'xinetd.service'
# Disable socket activation if we have a unit file for it
if "$SYSTEMCTL_EXEC" -q list-unit-files xinetd.socket; then
    if [[ $("$SYSTEMCTL_EXEC" is-system-running) != "offline" ]]; then
      "$SYSTEMCTL_EXEC" stop 'xinetd.socket'
    fi
    "$SYSTEMCTL_EXEC" mask 'xinetd.socket'
fi
# The service may not be running because it has been started and failed,
# so let's reset the state so OVAL checks pass.
# Service should be 'inactive', not 'failed' after reboot though.
"$SYSTEMCTL_EXEC" reset-failed 'xinetd.service' || true

else
    &gt;&amp;2 echo 'Remediation is not applicable, nothing was done'
fi
</fix>
          <fix xmlns:xhtml="http://www.w3.org/1999/xhtml" id="service_xinetd_disabled" system="urn:redhat:osbuild:blueprint">
[customizations.services]
masked = ["xinetd"]
</fix>
          <fix xmlns:xhtml="http://www.w3.org/1999/xhtml" id="service_xinetd_disabled" system="urn:xccdf:fix:script:ansible" complexity="low" disruption="low" strategy="disable">- name: Gather the package facts
  package_facts:
    manager: auto
  tags:
  - CCE-91438-2
  - NIST-800-171-3.4.7
  - NIST-800-53-CM-6(a)
  - NIST-800-53-CM-7(a)
  - NIST-800-53-CM-7(b)
  - disable_strategy
  - low_complexity
  - low_disruption
  - medium_severity
  - no_reboot_needed
  - service_xinetd_disabled

- name: Disable xinetd Service - Disable service xinetd
  block:

  - name: Disable xinetd Service - Collect systemd Services Present in the System
    ansible.builtin.command: systemctl -q list-unit-files --type service
    register: service_exists
    changed_when: false
    failed_when: service_exists.rc not in [0, 1]
    check_mode: false

  - name: Disable xinetd Service - Ensure xinetd.service is Masked
    ansible.builtin.systemd:
      name: xinetd.service
      state: stopped
      enabled: false
      masked: true
    when: service_exists.stdout_lines is search("xinetd.service", multiline=True)

  - name: Unit Socket Exists - xinetd.socket
    ansible.builtin.command: systemctl -q list-unit-files xinetd.socket
    register: socket_file_exists
    changed_when: false
    failed_when: socket_file_exists.rc not in [0, 1]
    check_mode: false

  - name: Disable xinetd Service - Disable Socket xinetd
    ansible.builtin.systemd:
      name: xinetd.socket
      enabled: false
      state: stopped
      masked: true
    when: socket_file_exists.stdout_lines is search("xinetd.socket", multiline=True)
  tags:
  - CCE-91438-2
  - NIST-800-171-3.4.7
  - NIST-800-53-CM-6(a)
  - NIST-800-53-CM-7(a)
  - NIST-800-53-CM-7(b)
  - disable_strategy
  - low_complexity
  - low_disruption
  - medium_severity
  - no_reboot_needed
  - service_xinetd_disabled
  - special_service_block
  when: ("kernel-default" in ansible_facts.packages or "kernel-default-base" in ansible_facts.packages)
</fix>
          <check system="http://open-scap.org/page/SCE">
            <check-import import-name="stdout">
                </check-import>
            <check-content-ref href="sle15/checks/sce/service_xinetd_disabled.sh"/>
          </check>
          <check system="http://oval.mitre.org/XMLSchema/oval-definitions-5">
            <check-content-ref name="oval:ssg-service_xinetd_disabled:def:1" href="ssg-sle15-oval.xml"/>
          </check>
          <check system="http://scap.nist.gov/schema/ocil/2">
            <check-content-ref name="ocil:ssg-service_xinetd_disabled_ocil:questionnaire:1" href="ssg-sle15-ocil.xml"/>
          </check>
        </Rule>
        <Rule id="xccdf_org.ssgproject.content_rule_configure_etc_hosts_deny" selected="false" role="full" severity="medium">
          <title xmlns:xhtml="http://www.w3.org/1999/xhtml" xml:lang="en-US">Ensure /etc/hosts.deny is configured</title>
          <description xmlns:xhtml="http://www.w3.org/1999/xhtml" xml:lang="en-US">The file <html:code xmlns:html="http://www.w3.org/1999/xhtml">/etc/hosts.deny</html:code> together with <html:code xmlns:html="http://www.w3.org/1999/xhtml">/etc/hosts.allow</html:code> provides a
simple access control mechanism for network services supporting TCP wrappers.
The following line in the file ensures that access to services supporting this mechanism is denied to any clients
not mentioned in <html:code xmlns:html="http://www.w3.org/1999/xhtml">/etc/hosts.allow</html:code>:
<html:pre xmlns:html="http://www.w3.org/1999/xhtml">ALL: ALL</html:pre>
It is advised to inspect available network services which might be affected by modification of file mentioned above prior to performing the remediation of this rule.
If there exist services which might be affected and access to them should not be blocked,
modify the <html:code xmlns:html="http://www.w3.org/1999/xhtml">/etc/hosts.allow</html:code> file appropriately before performing the remediation.</description>
          <warning xmlns:xhtml="http://www.w3.org/1999/xhtml" xml:lang="en-US" category="functionality">This rule affects all access to services which honor <html:code xmlns:html="http://www.w3.org/1999/xhtml">/etc/hosts.allow</html:code> and <html:code xmlns:html="http://www.w3.org/1999/xhtml">/etc/hosts.deny</html:code> files.
Connections to services originating from hosts not explicitly mentioned in <html:code xmlns:html="http://www.w3.org/1999/xhtml">/etc/hosts.allow</html:code> will be rejected.
To avoid locking down all network access to the system, this rule doesn't perform automated remediation.
For information about manual process of remediation see the rule description.</warning>
          <rationale xmlns:xhtml="http://www.w3.org/1999/xhtml" xml:lang="en-US">Correct configuration in <html:code xmlns:html="http://www.w3.org/1999/xhtml">/etc/hosts.deny</html:code> ensures that no explicitly mentioned clients will be able to connect to services supporting this access control mechanism.</rationale>
          <check system="http://oval.mitre.org/XMLSchema/oval-definitions-5">
            <check-content-ref name="oval:ssg-configure_etc_hosts_deny:def:1" href="ssg-sle15-oval.xml"/>
          </check>
          <check system="http://scap.nist.gov/schema/ocil/2">
            <check-content-ref name="ocil:ssg-configure_etc_hosts_deny_ocil:questionnaire:1" href="ssg-sle15-ocil.xml"/>
          </check>
        </Rule>
      </Group>
      <Group id="xccdf_org.ssgproject.content_group_nis">
        <title xmlns:xhtml="http://www.w3.org/1999/xhtml" xml:lang="en-US">NIS</title>
        <description xmlns:xhtml="http://www.w3.org/1999/xhtml" xml:lang="en-US">The Network Information Service (NIS), also known as 'Yellow
Pages' (YP), and its successor NIS+ have been made obsolete by
Kerberos, LDAP, and other modern centralized authentication
services. NIS should not be used because it suffers from security
problems inherent in its design, such as inadequate protection of
important authentication information.</description>
        <Rule id="xccdf_org.ssgproject.content_rule_package_ypbind_removed" selected="false" role="full" severity="unknown">
          <title xmlns:xhtml="http://www.w3.org/1999/xhtml" xml:lang="en-US">Remove NIS Client</title>
          <description xmlns:xhtml="http://www.w3.org/1999/xhtml" xml:lang="en-US">The Network Information Service (NIS), formerly known as Yellow Pages,
is a client-server directory service protocol used to distribute system configuration
files. The NIS client (<html:code xmlns:html="http://www.w3.org/1999/xhtml">ypbind</html:code>) was used to bind a system to an NIS server
and receive the distributed configuration files.</description>
          <reference href="https://www.gpo.gov/fdsys/pkg/CFR-2007-title45-vol1/pdf/CFR-2007-title45-vol1-chapA-subchapC.pdf">164.308(a)(4)(i)</reference>
          <reference href="https://www.gpo.gov/fdsys/pkg/CFR-2007-title45-vol1/pdf/CFR-2007-title45-vol1-chapA-subchapC.pdf">164.308(b)(1)</reference>
          <reference href="https://www.gpo.gov/fdsys/pkg/CFR-2007-title45-vol1/pdf/CFR-2007-title45-vol1-chapA-subchapC.pdf">164.308(b)(3)</reference>
          <reference href="https://www.gpo.gov/fdsys/pkg/CFR-2007-title45-vol1/pdf/CFR-2007-title45-vol1-chapA-subchapC.pdf">164.310(b)</reference>
          <reference href="https://www.gpo.gov/fdsys/pkg/CFR-2007-title45-vol1/pdf/CFR-2007-title45-vol1-chapA-subchapC.pdf">164.312(e)(1)</reference>
          <reference href="https://www.gpo.gov/fdsys/pkg/CFR-2007-title45-vol1/pdf/CFR-2007-title45-vol1-chapA-subchapC.pdf">164.312(e)(2)(ii)</reference>
          <reference href="https://www.cisecurity.org/benchmark/suse_linux/">2.3.1</reference>
          <reference href="https://cyber.gouv.fr/sites/default/files/document/linux_configuration-en-v2.pdf">R62</reference>
          <reference href="not_publicly_available">SLES-15-300300045</reference>
          <reference href="https://www.cyber.gov.au/acsc/view-all-content/ism">1409</reference>
          <reference href="https://docs-prv.pcisecuritystandards.org/PCI%20DSS/Standard/PCI-DSS-v4_0.pdf">2.2.4</reference>
          <reference href="https://docs-prv.pcisecuritystandards.org/PCI%20DSS/Standard/PCI-DSS-v4_0.pdf">2.2</reference>
          <rationale xmlns:xhtml="http://www.w3.org/1999/xhtml" xml:lang="en-US">The NIS service is inherently an insecure system that has been vulnerable
to DOS attacks, buffer overflows and has poor authentication for querying
NIS maps. NIS generally has been replaced by such protocols as Lightweight
Directory Access Protocol (LDAP). It is recommended that the service be
removed.</rationale>
          <ident system="https://ncp.nist.gov/cce">CCE-91159-4</ident>
          <fix xmlns:xhtml="http://www.w3.org/1999/xhtml" id="package_ypbind_removed" system="urn:xccdf:fix:script:puppet" complexity="low" disruption="low" strategy="disable">
include remove_ypbind

class remove_ypbind {
  package { 'ypbind':
    ensure =&gt; 'purged',
  }
}
</fix>
          <fix xmlns:xhtml="http://www.w3.org/1999/xhtml" id="package_ypbind_removed" system="urn:xccdf:fix:script:sh" complexity="low" disruption="low" strategy="disable">
# CAUTION: This remediation script will remove ypbind
# from the system, and may remove any packages
# that depend on ypbind. Execute this
# remediation AFTER testing on a non-production
# system!


zypper remove -y "ypbind"
</fix>
          <fix xmlns:xhtml="http://www.w3.org/1999/xhtml" id="package_ypbind_removed" system="urn:xccdf:fix:script:ansible" complexity="low" disruption="low" strategy="disable">- name: 'Remove NIS Client: Ensure ypbind is removed'
  ansible.builtin.package:
    name: ypbind
    state: absent
  tags:
  - CCE-91159-4
  - PCI-DSSv4-2.2
  - PCI-DSSv4-2.2.4
  - disable_strategy
  - low_complexity
  - low_disruption
  - no_reboot_needed
  - package_ypbind_removed
  - unknown_severity
</fix>
          <check system="http://oval.mitre.org/XMLSchema/oval-definitions-5">
            <check-content-ref name="oval:ssg-package_ypbind_removed:def:1" href="ssg-sle15-oval.xml"/>
          </check>
          <check system="http://scap.nist.gov/schema/ocil/2">
            <check-content-ref name="ocil:ssg-package_ypbind_removed_ocil:questionnaire:1" href="ssg-sle15-ocil.xml"/>
          </check>
        </Rule>
        <Rule id="xccdf_org.ssgproject.content_rule_package_ypserv_removed" selected="false" role="full" severity="high">
          <title xmlns:xhtml="http://www.w3.org/1999/xhtml" xml:lang="en-US">Uninstall ypserv Package</title>
          <description xmlns:xhtml="http://www.w3.org/1999/xhtml" xml:lang="en-US">The <html:code xmlns:html="http://www.w3.org/1999/xhtml">ypserv</html:code> package can be removed with the following command:
<html:pre xmlns:html="http://www.w3.org/1999/xhtml">
$ sudo zypper remove ypserv</html:pre>
       </description>
          <reference href="https://www.cisecurity.org/controls/">11</reference>
          <reference href="https://www.cisecurity.org/controls/">12</reference>
          <reference href="https://www.cisecurity.org/controls/">14</reference>
          <reference href="https://www.cisecurity.org/controls/">15</reference>
          <reference href="https://www.cisecurity.org/controls/">3</reference>
          <reference href="https://www.cisecurity.org/controls/">8</reference>
          <reference href="https://www.cisecurity.org/controls/">9</reference>
          <reference href="https://www.isaca.org/resources/cobit">APO13.01</reference>
          <reference href="https://www.isaca.org/resources/cobit">BAI10.01</reference>
          <reference href="https://www.isaca.org/resources/cobit">BAI10.02</reference>
          <reference href="https://www.isaca.org/resources/cobit">BAI10.03</reference>
          <reference href="https://www.isaca.org/resources/cobit">BAI10.05</reference>
          <reference href="https://www.isaca.org/resources/cobit">DSS01.04</reference>
          <reference href="https://www.isaca.org/resources/cobit">DSS05.02</reference>
          <reference href="https://www.isaca.org/resources/cobit">DSS05.03</reference>
          <reference href="https://www.isaca.org/resources/cobit">DSS05.05</reference>
          <reference href="https://www.isaca.org/resources/cobit">DSS06.06</reference>
          <reference href="https://www.gpo.gov/fdsys/pkg/CFR-2007-title45-vol1/pdf/CFR-2007-title45-vol1-chapA-subchapC.pdf">164.308(a)(4)(i)</reference>
          <reference href="https://www.gpo.gov/fdsys/pkg/CFR-2007-title45-vol1/pdf/CFR-2007-title45-vol1-chapA-subchapC.pdf">164.308(b)(1)</reference>
          <reference href="https://www.gpo.gov/fdsys/pkg/CFR-2007-title45-vol1/pdf/CFR-2007-title45-vol1-chapA-subchapC.pdf">164.308(b)(3)</reference>
          <reference href="https://www.gpo.gov/fdsys/pkg/CFR-2007-title45-vol1/pdf/CFR-2007-title45-vol1-chapA-subchapC.pdf">164.310(b)</reference>
          <reference href="https://www.gpo.gov/fdsys/pkg/CFR-2007-title45-vol1/pdf/CFR-2007-title45-vol1-chapA-subchapC.pdf">164.312(e)(1)</reference>
          <reference href="https://www.gpo.gov/fdsys/pkg/CFR-2007-title45-vol1/pdf/CFR-2007-title45-vol1-chapA-subchapC.pdf">164.312(e)(2)(ii)</reference>
          <reference href="https://www.isa.org/products/isa-62443-2-1-2009-security-for-industrial-automat">4.3.3.5.1</reference>
          <reference href="https://www.isa.org/products/isa-62443-2-1-2009-security-for-industrial-automat">4.3.3.5.2</reference>
          <reference href="https://www.isa.org/products/isa-62443-2-1-2009-security-for-industrial-automat">4.3.3.5.3</reference>
          <reference href="https://www.isa.org/products/isa-62443-2-1-2009-security-for-industrial-automat">4.3.3.5.4</reference>
          <reference href="https://www.isa.org/products/isa-62443-2-1-2009-security-for-industrial-automat">4.3.3.5.5</reference>
          <reference href="https://www.isa.org/products/isa-62443-2-1-2009-security-for-industrial-automat">4.3.3.5.6</reference>
          <reference href="https://www.isa.org/products/isa-62443-2-1-2009-security-for-industrial-automat">4.3.3.5.7</reference>
          <reference href="https://www.isa.org/products/isa-62443-2-1-2009-security-for-industrial-automat">4.3.3.5.8</reference>
          <reference href="https://www.isa.org/products/isa-62443-2-1-2009-security-for-industrial-automat">4.3.3.6.1</reference>
          <reference href="https://www.isa.org/products/isa-62443-2-1-2009-security-for-industrial-automat">4.3.3.6.2</reference>
          <reference href="https://www.isa.org/products/isa-62443-2-1-2009-security-for-industrial-automat">4.3.3.6.3</reference>
          <reference href="https://www.isa.org/products/isa-62443-2-1-2009-security-for-industrial-automat">4.3.3.6.4</reference>
          <reference href="https://www.isa.org/products/isa-62443-2-1-2009-security-for-industrial-automat">4.3.3.6.5</reference>
          <reference href="https://www.isa.org/products/isa-62443-2-1-2009-security-for-industrial-automat">4.3.3.6.6</reference>
          <reference href="https://www.isa.org/products/isa-62443-2-1-2009-security-for-industrial-automat">4.3.3.6.7</reference>
          <reference href="https://www.isa.org/products/isa-62443-2-1-2009-security-for-industrial-automat">4.3.3.6.8</reference>
          <reference href="https://www.isa.org/products/isa-62443-2-1-2009-security-for-industrial-automat">4.3.3.6.9</reference>
          <reference href="https://www.isa.org/products/isa-62443-2-1-2009-security-for-industrial-automat">4.3.3.7.1</reference>
          <reference href="https://www.isa.org/products/isa-62443-2-1-2009-security-for-industrial-automat">4.3.3.7.2</reference>
          <reference href="https://www.isa.org/products/isa-62443-2-1-2009-security-for-industrial-automat">4.3.3.7.3</reference>
          <reference href="https://www.isa.org/products/isa-62443-2-1-2009-security-for-industrial-automat">4.3.3.7.4</reference>
          <reference href="https://www.isa.org/products/isa-62443-2-1-2009-security-for-industrial-automat">4.3.4.3.2</reference>
          <reference href="https://www.isa.org/products/isa-62443-2-1-2009-security-for-industrial-automat">4.3.4.3.3</reference>
          <reference href="https://www.isa.org/products/ansi-isa-62443-3-3-99-03-03-2013-security-for-indu">SR 1.1</reference>
          <reference href="https://www.isa.org/products/ansi-isa-62443-3-3-99-03-03-2013-security-for-indu">SR 1.10</reference>
          <reference href="https://www.isa.org/products/ansi-isa-62443-3-3-99-03-03-2013-security-for-indu">SR 1.11</reference>
          <reference href="https://www.isa.org/products/ansi-isa-62443-3-3-99-03-03-2013-security-for-indu">SR 1.12</reference>
          <reference href="https://www.isa.org/products/ansi-isa-62443-3-3-99-03-03-2013-security-for-indu">SR 1.13</reference>
          <reference href="https://www.isa.org/products/ansi-isa-62443-3-3-99-03-03-2013-security-for-indu">SR 1.2</reference>
          <reference href="https://www.isa.org/products/ansi-isa-62443-3-3-99-03-03-2013-security-for-indu">SR 1.3</reference>
          <reference href="https://www.isa.org/products/ansi-isa-62443-3-3-99-03-03-2013-security-for-indu">SR 1.4</reference>
          <reference href="https://www.isa.org/products/ansi-isa-62443-3-3-99-03-03-2013-security-for-indu">SR 1.5</reference>
          <reference href="https://www.isa.org/products/ansi-isa-62443-3-3-99-03-03-2013-security-for-indu">SR 1.6</reference>
          <reference href="https://www.isa.org/products/ansi-isa-62443-3-3-99-03-03-2013-security-for-indu">SR 1.7</reference>
          <reference href="https://www.isa.org/products/ansi-isa-62443-3-3-99-03-03-2013-security-for-indu">SR 1.8</reference>
          <reference href="https://www.isa.org/products/ansi-isa-62443-3-3-99-03-03-2013-security-for-indu">SR 1.9</reference>
          <reference href="https://www.isa.org/products/ansi-isa-62443-3-3-99-03-03-2013-security-for-indu">SR 2.1</reference>
          <reference href="https://www.isa.org/products/ansi-isa-62443-3-3-99-03-03-2013-security-for-indu">SR 2.2</reference>
          <reference href="https://www.isa.org/products/ansi-isa-62443-3-3-99-03-03-2013-security-for-indu">SR 2.3</reference>
          <reference href="https://www.isa.org/products/ansi-isa-62443-3-3-99-03-03-2013-security-for-indu">SR 2.4</reference>
          <reference href="https://www.isa.org/products/ansi-isa-62443-3-3-99-03-03-2013-security-for-indu">SR 2.5</reference>
          <reference href="https://www.isa.org/products/ansi-isa-62443-3-3-99-03-03-2013-security-for-indu">SR 2.6</reference>
          <reference href="https://www.isa.org/products/ansi-isa-62443-3-3-99-03-03-2013-security-for-indu">SR 2.7</reference>
          <reference href="https://www.isa.org/products/ansi-isa-62443-3-3-99-03-03-2013-security-for-indu">SR 3.1</reference>
          <reference href="https://www.isa.org/products/ansi-isa-62443-3-3-99-03-03-2013-security-for-indu">SR 3.5</reference>
          <reference href="https://www.isa.org/products/ansi-isa-62443-3-3-99-03-03-2013-security-for-indu">SR 3.8</reference>
          <reference href="https://www.isa.org/products/ansi-isa-62443-3-3-99-03-03-2013-security-for-indu">SR 4.1</reference>
          <reference href="https://www.isa.org/products/ansi-isa-62443-3-3-99-03-03-2013-security-for-indu">SR 4.3</reference>
          <reference href="https://www.isa.org/products/ansi-isa-62443-3-3-99-03-03-2013-security-for-indu">SR 5.1</reference>
          <reference href="https://www.isa.org/products/ansi-isa-62443-3-3-99-03-03-2013-security-for-indu">SR 5.2</reference>
          <reference href="https://www.isa.org/products/ansi-isa-62443-3-3-99-03-03-2013-security-for-indu">SR 5.3</reference>
          <reference href="https://www.isa.org/products/ansi-isa-62443-3-3-99-03-03-2013-security-for-indu">SR 7.1</reference>
          <reference href="https://www.isa.org/products/ansi-isa-62443-3-3-99-03-03-2013-security-for-indu">SR 7.6</reference>
          <reference href="https://www.iso.org/contents/data/standard/05/45/54534.html">A.11.2.6</reference>
          <reference href="https://www.iso.org/contents/data/standard/05/45/54534.html">A.12.1.2</reference>
          <reference href="https://www.iso.org/contents/data/standard/05/45/54534.html">A.12.5.1</reference>
          <reference href="https://www.iso.org/contents/data/standard/05/45/54534.html">A.12.6.2</reference>
          <reference href="https://www.iso.org/contents/data/standard/05/45/54534.html">A.13.1.1</reference>
          <reference href="https://www.iso.org/contents/data/standard/05/45/54534.html">A.13.2.1</reference>
          <reference href="https://www.iso.org/contents/data/standard/05/45/54534.html">A.14.1.3</reference>
          <reference href="https://www.iso.org/contents/data/standard/05/45/54534.html">A.14.2.2</reference>
          <reference href="https://www.iso.org/contents/data/standard/05/45/54534.html">A.14.2.3</reference>
          <reference href="https://www.iso.org/contents/data/standard/05/45/54534.html">A.14.2.4</reference>
          <reference href="https://www.iso.org/contents/data/standard/05/45/54534.html">A.6.2.1</reference>
          <reference href="https://www.iso.org/contents/data/standard/05/45/54534.html">A.6.2.2</reference>
          <reference href="https://www.iso.org/contents/data/standard/05/45/54534.html">A.9.1.2</reference>
          <reference href="http://nvlpubs.nist.gov/nistpubs/SpecialPublications/NIST.SP.800-53r4.pdf">CM-7(a)</reference>
          <reference href="http://nvlpubs.nist.gov/nistpubs/SpecialPublications/NIST.SP.800-53r4.pdf">CM-7(b)</reference>
          <reference href="http://nvlpubs.nist.gov/nistpubs/SpecialPublications/NIST.SP.800-53r4.pdf">CM-6(a)</reference>
          <reference href="http://nvlpubs.nist.gov/nistpubs/SpecialPublications/NIST.SP.800-53r4.pdf">IA-5(1)(c)</reference>
          <reference href="https://nvlpubs.nist.gov/nistpubs/CSWP/NIST.CSWP.04162018.pdf">PR.AC-3</reference>
          <reference href="https://nvlpubs.nist.gov/nistpubs/CSWP/NIST.CSWP.04162018.pdf">PR.IP-1</reference>
          <reference href="https://nvlpubs.nist.gov/nistpubs/CSWP/NIST.CSWP.04162018.pdf">PR.PT-3</reference>
          <reference href="https://nvlpubs.nist.gov/nistpubs/CSWP/NIST.CSWP.04162018.pdf">PR.PT-4</reference>
          <reference href="https://www.pcisecuritystandards.org/documents/PCI_DSS_v3-2-1.pdf">Req-2.2.2</reference>
          <reference href="https://www.cyber.mil/stigs/downloads/?_dl_facet_stigs=operating-systems%2Cgeneral-purpose-os">SRG-OS-000095-GPOS-00049</reference>
          <reference href="https://www.cisecurity.org/benchmark/suse_linux/">2.2.18</reference>
          <reference href="https://cyber.gouv.fr/sites/default/files/document/linux_configuration-en-v2.pdf">R62</reference>
          <reference href="https://docs-prv.pcisecuritystandards.org/PCI%20DSS/Standard/PCI-DSS-v4_0.pdf">2.2.4</reference>
          <reference href="https://docs-prv.pcisecuritystandards.org/PCI%20DSS/Standard/PCI-DSS-v4_0.pdf">2.2</reference>
          <rationale xmlns:xhtml="http://www.w3.org/1999/xhtml" xml:lang="en-US">The NIS service provides an unencrypted authentication service which does
not provide for the confidentiality and integrity of user passwords or the
remote session.

Removing the <html:code xmlns:html="http://www.w3.org/1999/xhtml">ypserv</html:code> package decreases the risk of the accidental
(or intentional) activation of NIS or NIS+ services.</rationale>
          <ident system="https://ncp.nist.gov/cce">CCE-91160-2</ident>
          <fix xmlns:xhtml="http://www.w3.org/1999/xhtml" id="package_ypserv_removed" system="urn:xccdf:fix:script:puppet" complexity="low" disruption="low" strategy="disable">
include remove_ypserv

class remove_ypserv {
  package { 'ypserv':
    ensure =&gt; 'purged',
  }
}
</fix>
          <fix xmlns:xhtml="http://www.w3.org/1999/xhtml" id="package_ypserv_removed" system="urn:xccdf:fix:script:sh" complexity="low" disruption="low" strategy="disable">
# CAUTION: This remediation script will remove ypserv
# from the system, and may remove any packages
# that depend on ypserv. Execute this
# remediation AFTER testing on a non-production
# system!


zypper remove -y "ypserv"
</fix>
          <fix xmlns:xhtml="http://www.w3.org/1999/xhtml" id="package_ypserv_removed" system="urn:xccdf:fix:script:ansible" complexity="low" disruption="low" strategy="disable">- name: 'Uninstall ypserv Package: Ensure ypserv is removed'
  ansible.builtin.package:
    name: ypserv
    state: absent
  tags:
  - CCE-91160-2
  - NIST-800-53-CM-6(a)
  - NIST-800-53-CM-7(a)
  - NIST-800-53-CM-7(b)
  - NIST-800-53-IA-5(1)(c)
  - PCI-DSS-Req-2.2.2
  - PCI-DSSv4-2.2
  - PCI-DSSv4-2.2.4
  - disable_strategy
  - high_severity
  - low_complexity
  - low_disruption
  - no_reboot_needed
  - package_ypserv_removed
</fix>
          <check system="http://oval.mitre.org/XMLSchema/oval-definitions-5">
            <check-content-ref name="oval:ssg-package_ypserv_removed:def:1" href="ssg-sle15-oval.xml"/>
          </check>
          <check system="http://scap.nist.gov/schema/ocil/2">
            <check-content-ref name="ocil:ssg-package_ypserv_removed_ocil:questionnaire:1" href="ssg-sle15-ocil.xml"/>
          </check>
        </Rule>
      </Group>
      <Group id="xccdf_org.ssgproject.content_group_r_services">
        <title xmlns:xhtml="http://www.w3.org/1999/xhtml" xml:lang="en-US">Rlogin, Rsh, and Rexec</title>
        <description xmlns:xhtml="http://www.w3.org/1999/xhtml" xml:lang="en-US">The Berkeley r-commands are legacy services which
allow cleartext remote access and have an insecure trust
model.</description>
        <Rule id="xccdf_org.ssgproject.content_rule_package_rsh-server_removed" selected="false" role="full" severity="high">
          <title xmlns:xhtml="http://www.w3.org/1999/xhtml" xml:lang="en-US">Uninstall rsh-server Package</title>
          <description xmlns:xhtml="http://www.w3.org/1999/xhtml" xml:lang="en-US">The <html:code xmlns:html="http://www.w3.org/1999/xhtml">rsh-server</html:code> package can be removed with the following command:
<html:pre xmlns:html="http://www.w3.org/1999/xhtml">
$ sudo zypper remove rsh-server</html:pre>
       </description>
          <reference href="https://www.cisecurity.org/controls/">11</reference>
          <reference href="https://www.cisecurity.org/controls/">12</reference>
          <reference href="https://www.cisecurity.org/controls/">14</reference>
          <reference href="https://www.cisecurity.org/controls/">15</reference>
          <reference href="https://www.cisecurity.org/controls/">3</reference>
          <reference href="https://www.cisecurity.org/controls/">8</reference>
          <reference href="https://www.cisecurity.org/controls/">9</reference>
          <reference href="https://www.isaca.org/resources/cobit">APO13.01</reference>
          <reference href="https://www.isaca.org/resources/cobit">BAI10.01</reference>
          <reference href="https://www.isaca.org/resources/cobit">BAI10.02</reference>
          <reference href="https://www.isaca.org/resources/cobit">BAI10.03</reference>
          <reference href="https://www.isaca.org/resources/cobit">BAI10.05</reference>
          <reference href="https://www.isaca.org/resources/cobit">DSS01.04</reference>
          <reference href="https://www.isaca.org/resources/cobit">DSS05.02</reference>
          <reference href="https://www.isaca.org/resources/cobit">DSS05.03</reference>
          <reference href="https://www.isaca.org/resources/cobit">DSS05.05</reference>
          <reference href="https://www.isaca.org/resources/cobit">DSS06.06</reference>
          <reference href="https://www.gpo.gov/fdsys/pkg/CFR-2007-title45-vol1/pdf/CFR-2007-title45-vol1-chapA-subchapC.pdf">164.308(a)(4)(i)</reference>
          <reference href="https://www.gpo.gov/fdsys/pkg/CFR-2007-title45-vol1/pdf/CFR-2007-title45-vol1-chapA-subchapC.pdf">164.308(b)(1)</reference>
          <reference href="https://www.gpo.gov/fdsys/pkg/CFR-2007-title45-vol1/pdf/CFR-2007-title45-vol1-chapA-subchapC.pdf">164.308(b)(3)</reference>
          <reference href="https://www.gpo.gov/fdsys/pkg/CFR-2007-title45-vol1/pdf/CFR-2007-title45-vol1-chapA-subchapC.pdf">164.310(b)</reference>
          <reference href="https://www.gpo.gov/fdsys/pkg/CFR-2007-title45-vol1/pdf/CFR-2007-title45-vol1-chapA-subchapC.pdf">164.312(e)(1)</reference>
          <reference href="https://www.gpo.gov/fdsys/pkg/CFR-2007-title45-vol1/pdf/CFR-2007-title45-vol1-chapA-subchapC.pdf">164.312(e)(2)(ii)</reference>
          <reference href="https://www.isa.org/products/isa-62443-2-1-2009-security-for-industrial-automat">4.3.3.5.1</reference>
          <reference href="https://www.isa.org/products/isa-62443-2-1-2009-security-for-industrial-automat">4.3.3.5.2</reference>
          <reference href="https://www.isa.org/products/isa-62443-2-1-2009-security-for-industrial-automat">4.3.3.5.3</reference>
          <reference href="https://www.isa.org/products/isa-62443-2-1-2009-security-for-industrial-automat">4.3.3.5.4</reference>
          <reference href="https://www.isa.org/products/isa-62443-2-1-2009-security-for-industrial-automat">4.3.3.5.5</reference>
          <reference href="https://www.isa.org/products/isa-62443-2-1-2009-security-for-industrial-automat">4.3.3.5.6</reference>
          <reference href="https://www.isa.org/products/isa-62443-2-1-2009-security-for-industrial-automat">4.3.3.5.7</reference>
          <reference href="https://www.isa.org/products/isa-62443-2-1-2009-security-for-industrial-automat">4.3.3.5.8</reference>
          <reference href="https://www.isa.org/products/isa-62443-2-1-2009-security-for-industrial-automat">4.3.3.6.1</reference>
          <reference href="https://www.isa.org/products/isa-62443-2-1-2009-security-for-industrial-automat">4.3.3.6.2</reference>
          <reference href="https://www.isa.org/products/isa-62443-2-1-2009-security-for-industrial-automat">4.3.3.6.3</reference>
          <reference href="https://www.isa.org/products/isa-62443-2-1-2009-security-for-industrial-automat">4.3.3.6.4</reference>
          <reference href="https://www.isa.org/products/isa-62443-2-1-2009-security-for-industrial-automat">4.3.3.6.5</reference>
          <reference href="https://www.isa.org/products/isa-62443-2-1-2009-security-for-industrial-automat">4.3.3.6.6</reference>
          <reference href="https://www.isa.org/products/isa-62443-2-1-2009-security-for-industrial-automat">4.3.3.6.7</reference>
          <reference href="https://www.isa.org/products/isa-62443-2-1-2009-security-for-industrial-automat">4.3.3.6.8</reference>
          <reference href="https://www.isa.org/products/isa-62443-2-1-2009-security-for-industrial-automat">4.3.3.6.9</reference>
          <reference href="https://www.isa.org/products/isa-62443-2-1-2009-security-for-industrial-automat">4.3.3.7.1</reference>
          <reference href="https://www.isa.org/products/isa-62443-2-1-2009-security-for-industrial-automat">4.3.3.7.2</reference>
          <reference href="https://www.isa.org/products/isa-62443-2-1-2009-security-for-industrial-automat">4.3.3.7.3</reference>
          <reference href="https://www.isa.org/products/isa-62443-2-1-2009-security-for-industrial-automat">4.3.3.7.4</reference>
          <reference href="https://www.isa.org/products/isa-62443-2-1-2009-security-for-industrial-automat">4.3.4.3.2</reference>
          <reference href="https://www.isa.org/products/isa-62443-2-1-2009-security-for-industrial-automat">4.3.4.3.3</reference>
          <reference href="https://www.isa.org/products/ansi-isa-62443-3-3-99-03-03-2013-security-for-indu">SR 1.1</reference>
          <reference href="https://www.isa.org/products/ansi-isa-62443-3-3-99-03-03-2013-security-for-indu">SR 1.10</reference>
          <reference href="https://www.isa.org/products/ansi-isa-62443-3-3-99-03-03-2013-security-for-indu">SR 1.11</reference>
          <reference href="https://www.isa.org/products/ansi-isa-62443-3-3-99-03-03-2013-security-for-indu">SR 1.12</reference>
          <reference href="https://www.isa.org/products/ansi-isa-62443-3-3-99-03-03-2013-security-for-indu">SR 1.13</reference>
          <reference href="https://www.isa.org/products/ansi-isa-62443-3-3-99-03-03-2013-security-for-indu">SR 1.2</reference>
          <reference href="https://www.isa.org/products/ansi-isa-62443-3-3-99-03-03-2013-security-for-indu">SR 1.3</reference>
          <reference href="https://www.isa.org/products/ansi-isa-62443-3-3-99-03-03-2013-security-for-indu">SR 1.4</reference>
          <reference href="https://www.isa.org/products/ansi-isa-62443-3-3-99-03-03-2013-security-for-indu">SR 1.5</reference>
          <reference href="https://www.isa.org/products/ansi-isa-62443-3-3-99-03-03-2013-security-for-indu">SR 1.6</reference>
          <reference href="https://www.isa.org/products/ansi-isa-62443-3-3-99-03-03-2013-security-for-indu">SR 1.7</reference>
          <reference href="https://www.isa.org/products/ansi-isa-62443-3-3-99-03-03-2013-security-for-indu">SR 1.8</reference>
          <reference href="https://www.isa.org/products/ansi-isa-62443-3-3-99-03-03-2013-security-for-indu">SR 1.9</reference>
          <reference href="https://www.isa.org/products/ansi-isa-62443-3-3-99-03-03-2013-security-for-indu">SR 2.1</reference>
          <reference href="https://www.isa.org/products/ansi-isa-62443-3-3-99-03-03-2013-security-for-indu">SR 2.2</reference>
          <reference href="https://www.isa.org/products/ansi-isa-62443-3-3-99-03-03-2013-security-for-indu">SR 2.3</reference>
          <reference href="https://www.isa.org/products/ansi-isa-62443-3-3-99-03-03-2013-security-for-indu">SR 2.4</reference>
          <reference href="https://www.isa.org/products/ansi-isa-62443-3-3-99-03-03-2013-security-for-indu">SR 2.5</reference>
          <reference href="https://www.isa.org/products/ansi-isa-62443-3-3-99-03-03-2013-security-for-indu">SR 2.6</reference>
          <reference href="https://www.isa.org/products/ansi-isa-62443-3-3-99-03-03-2013-security-for-indu">SR 2.7</reference>
          <reference href="https://www.isa.org/products/ansi-isa-62443-3-3-99-03-03-2013-security-for-indu">SR 3.1</reference>
          <reference href="https://www.isa.org/products/ansi-isa-62443-3-3-99-03-03-2013-security-for-indu">SR 3.5</reference>
          <reference href="https://www.isa.org/products/ansi-isa-62443-3-3-99-03-03-2013-security-for-indu">SR 3.8</reference>
          <reference href="https://www.isa.org/products/ansi-isa-62443-3-3-99-03-03-2013-security-for-indu">SR 4.1</reference>
          <reference href="https://www.isa.org/products/ansi-isa-62443-3-3-99-03-03-2013-security-for-indu">SR 4.3</reference>
          <reference href="https://www.isa.org/products/ansi-isa-62443-3-3-99-03-03-2013-security-for-indu">SR 5.1</reference>
          <reference href="https://www.isa.org/products/ansi-isa-62443-3-3-99-03-03-2013-security-for-indu">SR 5.2</reference>
          <reference href="https://www.isa.org/products/ansi-isa-62443-3-3-99-03-03-2013-security-for-indu">SR 5.3</reference>
          <reference href="https://www.isa.org/products/ansi-isa-62443-3-3-99-03-03-2013-security-for-indu">SR 7.1</reference>
          <reference href="https://www.isa.org/products/ansi-isa-62443-3-3-99-03-03-2013-security-for-indu">SR 7.6</reference>
          <reference href="https://www.iso.org/contents/data/standard/05/45/54534.html">A.11.2.6</reference>
          <reference href="https://www.iso.org/contents/data/standard/05/45/54534.html">A.12.1.2</reference>
          <reference href="https://www.iso.org/contents/data/standard/05/45/54534.html">A.12.5.1</reference>
          <reference href="https://www.iso.org/contents/data/standard/05/45/54534.html">A.12.6.2</reference>
          <reference href="https://www.iso.org/contents/data/standard/05/45/54534.html">A.13.1.1</reference>
          <reference href="https://www.iso.org/contents/data/standard/05/45/54534.html">A.13.2.1</reference>
          <reference href="https://www.iso.org/contents/data/standard/05/45/54534.html">A.14.1.3</reference>
          <reference href="https://www.iso.org/contents/data/standard/05/45/54534.html">A.14.2.2</reference>
          <reference href="https://www.iso.org/contents/data/standard/05/45/54534.html">A.14.2.3</reference>
          <reference href="https://www.iso.org/contents/data/standard/05/45/54534.html">A.14.2.4</reference>
          <reference href="https://www.iso.org/contents/data/standard/05/45/54534.html">A.6.2.1</reference>
          <reference href="https://www.iso.org/contents/data/standard/05/45/54534.html">A.6.2.2</reference>
          <reference href="https://www.iso.org/contents/data/standard/05/45/54534.html">A.9.1.2</reference>
          <reference href="http://nvlpubs.nist.gov/nistpubs/SpecialPublications/NIST.SP.800-53r4.pdf">CM-7(a)</reference>
          <reference href="http://nvlpubs.nist.gov/nistpubs/SpecialPublications/NIST.SP.800-53r4.pdf">CM-7(b)</reference>
          <reference href="http://nvlpubs.nist.gov/nistpubs/SpecialPublications/NIST.SP.800-53r4.pdf">CM-6(a)</reference>
          <reference href="http://nvlpubs.nist.gov/nistpubs/SpecialPublications/NIST.SP.800-53r4.pdf">IA-5(1)(c)</reference>
          <reference href="https://nvlpubs.nist.gov/nistpubs/CSWP/NIST.CSWP.04162018.pdf">PR.AC-3</reference>
          <reference href="https://nvlpubs.nist.gov/nistpubs/CSWP/NIST.CSWP.04162018.pdf">PR.IP-1</reference>
          <reference href="https://nvlpubs.nist.gov/nistpubs/CSWP/NIST.CSWP.04162018.pdf">PR.PT-3</reference>
          <reference href="https://nvlpubs.nist.gov/nistpubs/CSWP/NIST.CSWP.04162018.pdf">PR.PT-4</reference>
          <reference href="https://www.cyber.mil/stigs/downloads/?_dl_facet_stigs=operating-systems%2Cgeneral-purpose-os">SRG-OS-000095-GPOS-00049</reference>
          <reference href="https://cyber.gouv.fr/sites/default/files/document/linux_configuration-en-v2.pdf">R62</reference>
          <reference href="https://docs-prv.pcisecuritystandards.org/PCI%20DSS/Standard/PCI-DSS-v4_0.pdf">2.2.4</reference>
          <reference href="https://docs-prv.pcisecuritystandards.org/PCI%20DSS/Standard/PCI-DSS-v4_0.pdf">2.2</reference>
          <rationale xmlns:xhtml="http://www.w3.org/1999/xhtml" xml:lang="en-US">The <html:code xmlns:html="http://www.w3.org/1999/xhtml">rsh-server</html:code> service provides unencrypted remote access service which does not
provide for the confidentiality and integrity of user passwords or the remote session and has very weak
authentication. If a privileged user were to login using this service, the privileged user password
could be compromised. The <html:code xmlns:html="http://www.w3.org/1999/xhtml">rsh-server</html:code> package provides several obsolete and insecure
network services. Removing it decreases the risk of those services' accidental (or intentional)
activation.</rationale>
          <ident system="https://ncp.nist.gov/cce">CCE-91425-9</ident>
          <fix xmlns:xhtml="http://www.w3.org/1999/xhtml" id="package_rsh-server_removed" system="urn:xccdf:fix:script:puppet" complexity="low" disruption="low" strategy="disable">
include remove_rsh-server

class remove_rsh-server {
  package { 'rsh-server':
    ensure =&gt; 'purged',
  }
}
</fix>
          <fix xmlns:xhtml="http://www.w3.org/1999/xhtml" id="package_rsh-server_removed" system="urn:xccdf:fix:script:sh" complexity="low" disruption="low" strategy="disable">
# CAUTION: This remediation script will remove rsh-server
# from the system, and may remove any packages
# that depend on rsh-server. Execute this
# remediation AFTER testing on a non-production
# system!


zypper remove -y "rsh-server"
</fix>
          <fix xmlns:xhtml="http://www.w3.org/1999/xhtml" id="package_rsh-server_removed" system="urn:xccdf:fix:script:ansible" complexity="low" disruption="low" strategy="disable">- name: 'Uninstall rsh-server Package: Ensure rsh-server is removed'
  ansible.builtin.package:
    name: rsh-server
    state: absent
  tags:
  - CCE-91425-9
  - NIST-800-53-CM-6(a)
  - NIST-800-53-CM-7(a)
  - NIST-800-53-CM-7(b)
  - NIST-800-53-IA-5(1)(c)
  - PCI-DSSv4-2.2
  - PCI-DSSv4-2.2.4
  - disable_strategy
  - high_severity
  - low_complexity
  - low_disruption
  - no_reboot_needed
  - package_rsh-server_removed
</fix>
          <check system="http://oval.mitre.org/XMLSchema/oval-definitions-5">
            <check-content-ref name="oval:ssg-package_rsh-server_removed:def:1" href="ssg-sle15-oval.xml"/>
          </check>
          <check system="http://scap.nist.gov/schema/ocil/2">
            <check-content-ref name="ocil:ssg-package_rsh-server_removed_ocil:questionnaire:1" href="ssg-sle15-ocil.xml"/>
          </check>
        </Rule>
        <Rule id="xccdf_org.ssgproject.content_rule_package_rsh_removed" selected="false" role="full" severity="unknown">
          <title xmlns:xhtml="http://www.w3.org/1999/xhtml" xml:lang="en-US">Uninstall rsh Package</title>
          <description xmlns:xhtml="http://www.w3.org/1999/xhtml" xml:lang="en-US">
The <html:code xmlns:html="http://www.w3.org/1999/xhtml">rsh</html:code> package contains the client commands

for the rsh services</description>
          <reference href="http://nvlpubs.nist.gov/nistpubs/SpecialPublications/NIST.SP.800-171.pdf">3.1.13</reference>
          <reference href="https://www.gpo.gov/fdsys/pkg/CFR-2007-title45-vol1/pdf/CFR-2007-title45-vol1-chapA-subchapC.pdf">164.308(a)(4)(i)</reference>
          <reference href="https://www.gpo.gov/fdsys/pkg/CFR-2007-title45-vol1/pdf/CFR-2007-title45-vol1-chapA-subchapC.pdf">164.308(b)(1)</reference>
          <reference href="https://www.gpo.gov/fdsys/pkg/CFR-2007-title45-vol1/pdf/CFR-2007-title45-vol1-chapA-subchapC.pdf">164.308(b)(3)</reference>
          <reference href="https://www.gpo.gov/fdsys/pkg/CFR-2007-title45-vol1/pdf/CFR-2007-title45-vol1-chapA-subchapC.pdf">164.310(b)</reference>
          <reference href="https://www.gpo.gov/fdsys/pkg/CFR-2007-title45-vol1/pdf/CFR-2007-title45-vol1-chapA-subchapC.pdf">164.312(e)(1)</reference>
          <reference href="https://www.gpo.gov/fdsys/pkg/CFR-2007-title45-vol1/pdf/CFR-2007-title45-vol1-chapA-subchapC.pdf">164.312(e)(2)(ii)</reference>
          <reference href="https://www.iso.org/contents/data/standard/05/45/54534.html">A.8.2.3</reference>
          <reference href="https://www.iso.org/contents/data/standard/05/45/54534.html">A.13.1.1</reference>
          <reference href="https://www.iso.org/contents/data/standard/05/45/54534.html">A.13.2.1</reference>
          <reference href="https://www.iso.org/contents/data/standard/05/45/54534.html">A.13.2.3</reference>
          <reference href="https://www.iso.org/contents/data/standard/05/45/54534.html">A.14.1.2</reference>
          <reference href="https://www.iso.org/contents/data/standard/05/45/54534.html">A.14.1.3</reference>
          <reference href="https://www.cisecurity.org/benchmark/suse_linux/">2.3.2</reference>
          <reference href="https://cyber.gouv.fr/sites/default/files/document/linux_configuration-en-v2.pdf">R62</reference>
          <reference href="https://docs-prv.pcisecuritystandards.org/PCI%20DSS/Standard/PCI-DSS-v4_0.pdf">2.2.4</reference>
          <reference href="https://docs-prv.pcisecuritystandards.org/PCI%20DSS/Standard/PCI-DSS-v4_0.pdf">2.2</reference>
          <rationale xmlns:xhtml="http://www.w3.org/1999/xhtml" xml:lang="en-US">These legacy clients contain numerous security exposures and have
been replaced with the more secure SSH package. Even if the server is removed,
it is best to ensure the clients are also removed to prevent users from
inadvertently attempting to use these commands and therefore exposing

their credentials. Note that removing the <html:code xmlns:html="http://www.w3.org/1999/xhtml">rsh</html:code> package removes

the clients for <html:code xmlns:html="http://www.w3.org/1999/xhtml">rsh</html:code>,<html:code xmlns:html="http://www.w3.org/1999/xhtml">rcp</html:code>, and <html:code xmlns:html="http://www.w3.org/1999/xhtml">rlogin</html:code>.</rationale>
          <ident system="https://ncp.nist.gov/cce">CCE-85760-7</ident>
          <fix xmlns:xhtml="http://www.w3.org/1999/xhtml" id="package_rsh_removed" system="urn:xccdf:fix:script:puppet" complexity="low" disruption="low" strategy="disable">
include remove_rsh

class remove_rsh {
  package { 'rsh':
    ensure =&gt; 'purged',
  }
}
</fix>
          <fix xmlns:xhtml="http://www.w3.org/1999/xhtml" id="package_rsh_removed" system="urn:xccdf:fix:script:sh" complexity="low" disruption="low" strategy="disable">
# CAUTION: This remediation script will remove rsh
# from the system, and may remove any packages
# that depend on rsh. Execute this
# remediation AFTER testing on a non-production
# system!


zypper remove -y "rsh"
</fix>
          <fix xmlns:xhtml="http://www.w3.org/1999/xhtml" id="package_rsh_removed" system="urn:xccdf:fix:script:ansible" complexity="low" disruption="low" strategy="disable">- name: 'Uninstall rsh Package: Ensure rsh is removed'
  ansible.builtin.package:
    name: rsh
    state: absent
  tags:
  - CCE-85760-7
  - NIST-800-171-3.1.13
  - PCI-DSSv4-2.2
  - PCI-DSSv4-2.2.4
  - disable_strategy
  - low_complexity
  - low_disruption
  - no_reboot_needed
  - package_rsh_removed
  - unknown_severity
</fix>
          <check system="http://oval.mitre.org/XMLSchema/oval-definitions-5">
            <check-content-ref name="oval:ssg-package_rsh_removed:def:1" href="ssg-sle15-oval.xml"/>
          </check>
          <check system="http://scap.nist.gov/schema/ocil/2">
            <check-content-ref name="ocil:ssg-package_rsh_removed_ocil:questionnaire:1" href="ssg-sle15-ocil.xml"/>
          </check>
        </Rule>
        <Rule id="xccdf_org.ssgproject.content_rule_service_rexec_disabled" selected="false" role="full" severity="high">
          <title xmlns:xhtml="http://www.w3.org/1999/xhtml" xml:lang="en-US">Disable rexec Service</title>
          <description xmlns:xhtml="http://www.w3.org/1999/xhtml" xml:lang="en-US">The <html:code xmlns:html="http://www.w3.org/1999/xhtml">rexec</html:code> service, which is available with the <html:code xmlns:html="http://www.w3.org/1999/xhtml">rsh-server</html:code> package
and runs as a service through xinetd or separately as a systemd socket, should be disabled.
If using xinetd, set <html:code xmlns:html="http://www.w3.org/1999/xhtml">disable</html:code> to <html:code xmlns:html="http://www.w3.org/1999/xhtml">yes</html:code> in <html:code xmlns:html="http://www.w3.org/1999/xhtml">/etc/xinetd.d/rexec</html:code>.

The <html:code xmlns:html="http://www.w3.org/1999/xhtml">rexec</html:code> socket can be disabled with the following command:
<html:pre xmlns:html="http://www.w3.org/1999/xhtml">$ sudo systemctl mask --now rexec.socket</html:pre>
       </description>
          <reference href="https://www.cisecurity.org/controls/">11</reference>
          <reference href="https://www.cisecurity.org/controls/">12</reference>
          <reference href="https://www.cisecurity.org/controls/">14</reference>
          <reference href="https://www.cisecurity.org/controls/">15</reference>
          <reference href="https://www.cisecurity.org/controls/">3</reference>
          <reference href="https://www.cisecurity.org/controls/">8</reference>
          <reference href="https://www.cisecurity.org/controls/">9</reference>
          <reference href="https://www.isaca.org/resources/cobit">APO13.01</reference>
          <reference href="https://www.isaca.org/resources/cobit">BAI10.01</reference>
          <reference href="https://www.isaca.org/resources/cobit">BAI10.02</reference>
          <reference href="https://www.isaca.org/resources/cobit">BAI10.03</reference>
          <reference href="https://www.isaca.org/resources/cobit">BAI10.05</reference>
          <reference href="https://www.isaca.org/resources/cobit">DSS01.04</reference>
          <reference href="https://www.isaca.org/resources/cobit">DSS05.02</reference>
          <reference href="https://www.isaca.org/resources/cobit">DSS05.03</reference>
          <reference href="https://www.isaca.org/resources/cobit">DSS05.05</reference>
          <reference href="https://www.isaca.org/resources/cobit">DSS06.06</reference>
          <reference href="http://nvlpubs.nist.gov/nistpubs/SpecialPublications/NIST.SP.800-171.pdf">3.1.13</reference>
          <reference href="http://nvlpubs.nist.gov/nistpubs/SpecialPublications/NIST.SP.800-171.pdf">3.4.7</reference>
          <reference href="https://www.gpo.gov/fdsys/pkg/CFR-2007-title45-vol1/pdf/CFR-2007-title45-vol1-chapA-subchapC.pdf">164.308(a)(4)(i)</reference>
          <reference href="https://www.gpo.gov/fdsys/pkg/CFR-2007-title45-vol1/pdf/CFR-2007-title45-vol1-chapA-subchapC.pdf">164.308(b)(1)</reference>
          <reference href="https://www.gpo.gov/fdsys/pkg/CFR-2007-title45-vol1/pdf/CFR-2007-title45-vol1-chapA-subchapC.pdf">164.308(b)(3)</reference>
          <reference href="https://www.gpo.gov/fdsys/pkg/CFR-2007-title45-vol1/pdf/CFR-2007-title45-vol1-chapA-subchapC.pdf">164.310(b)</reference>
          <reference href="https://www.gpo.gov/fdsys/pkg/CFR-2007-title45-vol1/pdf/CFR-2007-title45-vol1-chapA-subchapC.pdf">164.312(e)(1)</reference>
          <reference href="https://www.gpo.gov/fdsys/pkg/CFR-2007-title45-vol1/pdf/CFR-2007-title45-vol1-chapA-subchapC.pdf">164.312(e)(2)(ii)</reference>
          <reference href="https://www.isa.org/products/isa-62443-2-1-2009-security-for-industrial-automat">4.3.3.5.1</reference>
          <reference href="https://www.isa.org/products/isa-62443-2-1-2009-security-for-industrial-automat">4.3.3.5.2</reference>
          <reference href="https://www.isa.org/products/isa-62443-2-1-2009-security-for-industrial-automat">4.3.3.5.3</reference>
          <reference href="https://www.isa.org/products/isa-62443-2-1-2009-security-for-industrial-automat">4.3.3.5.4</reference>
          <reference href="https://www.isa.org/products/isa-62443-2-1-2009-security-for-industrial-automat">4.3.3.5.5</reference>
          <reference href="https://www.isa.org/products/isa-62443-2-1-2009-security-for-industrial-automat">4.3.3.5.6</reference>
          <reference href="https://www.isa.org/products/isa-62443-2-1-2009-security-for-industrial-automat">4.3.3.5.7</reference>
          <reference href="https://www.isa.org/products/isa-62443-2-1-2009-security-for-industrial-automat">4.3.3.5.8</reference>
          <reference href="https://www.isa.org/products/isa-62443-2-1-2009-security-for-industrial-automat">4.3.3.6.1</reference>
          <reference href="https://www.isa.org/products/isa-62443-2-1-2009-security-for-industrial-automat">4.3.3.6.2</reference>
          <reference href="https://www.isa.org/products/isa-62443-2-1-2009-security-for-industrial-automat">4.3.3.6.3</reference>
          <reference href="https://www.isa.org/products/isa-62443-2-1-2009-security-for-industrial-automat">4.3.3.6.4</reference>
          <reference href="https://www.isa.org/products/isa-62443-2-1-2009-security-for-industrial-automat">4.3.3.6.5</reference>
          <reference href="https://www.isa.org/products/isa-62443-2-1-2009-security-for-industrial-automat">4.3.3.6.6</reference>
          <reference href="https://www.isa.org/products/isa-62443-2-1-2009-security-for-industrial-automat">4.3.3.6.7</reference>
          <reference href="https://www.isa.org/products/isa-62443-2-1-2009-security-for-industrial-automat">4.3.3.6.8</reference>
          <reference href="https://www.isa.org/products/isa-62443-2-1-2009-security-for-industrial-automat">4.3.3.6.9</reference>
          <reference href="https://www.isa.org/products/isa-62443-2-1-2009-security-for-industrial-automat">4.3.3.7.1</reference>
          <reference href="https://www.isa.org/products/isa-62443-2-1-2009-security-for-industrial-automat">4.3.3.7.2</reference>
          <reference href="https://www.isa.org/products/isa-62443-2-1-2009-security-for-industrial-automat">4.3.3.7.3</reference>
          <reference href="https://www.isa.org/products/isa-62443-2-1-2009-security-for-industrial-automat">4.3.3.7.4</reference>
          <reference href="https://www.isa.org/products/isa-62443-2-1-2009-security-for-industrial-automat">4.3.4.3.2</reference>
          <reference href="https://www.isa.org/products/isa-62443-2-1-2009-security-for-industrial-automat">4.3.4.3.3</reference>
          <reference href="https://www.isa.org/products/ansi-isa-62443-3-3-99-03-03-2013-security-for-indu">SR 1.1</reference>
          <reference href="https://www.isa.org/products/ansi-isa-62443-3-3-99-03-03-2013-security-for-indu">SR 1.10</reference>
          <reference href="https://www.isa.org/products/ansi-isa-62443-3-3-99-03-03-2013-security-for-indu">SR 1.11</reference>
          <reference href="https://www.isa.org/products/ansi-isa-62443-3-3-99-03-03-2013-security-for-indu">SR 1.12</reference>
          <reference href="https://www.isa.org/products/ansi-isa-62443-3-3-99-03-03-2013-security-for-indu">SR 1.13</reference>
          <reference href="https://www.isa.org/products/ansi-isa-62443-3-3-99-03-03-2013-security-for-indu">SR 1.2</reference>
          <reference href="https://www.isa.org/products/ansi-isa-62443-3-3-99-03-03-2013-security-for-indu">SR 1.3</reference>
          <reference href="https://www.isa.org/products/ansi-isa-62443-3-3-99-03-03-2013-security-for-indu">SR 1.4</reference>
          <reference href="https://www.isa.org/products/ansi-isa-62443-3-3-99-03-03-2013-security-for-indu">SR 1.5</reference>
          <reference href="https://www.isa.org/products/ansi-isa-62443-3-3-99-03-03-2013-security-for-indu">SR 1.6</reference>
          <reference href="https://www.isa.org/products/ansi-isa-62443-3-3-99-03-03-2013-security-for-indu">SR 1.7</reference>
          <reference href="https://www.isa.org/products/ansi-isa-62443-3-3-99-03-03-2013-security-for-indu">SR 1.8</reference>
          <reference href="https://www.isa.org/products/ansi-isa-62443-3-3-99-03-03-2013-security-for-indu">SR 1.9</reference>
          <reference href="https://www.isa.org/products/ansi-isa-62443-3-3-99-03-03-2013-security-for-indu">SR 2.1</reference>
          <reference href="https://www.isa.org/products/ansi-isa-62443-3-3-99-03-03-2013-security-for-indu">SR 2.2</reference>
          <reference href="https://www.isa.org/products/ansi-isa-62443-3-3-99-03-03-2013-security-for-indu">SR 2.3</reference>
          <reference href="https://www.isa.org/products/ansi-isa-62443-3-3-99-03-03-2013-security-for-indu">SR 2.4</reference>
          <reference href="https://www.isa.org/products/ansi-isa-62443-3-3-99-03-03-2013-security-for-indu">SR 2.5</reference>
          <reference href="https://www.isa.org/products/ansi-isa-62443-3-3-99-03-03-2013-security-for-indu">SR 2.6</reference>
          <reference href="https://www.isa.org/products/ansi-isa-62443-3-3-99-03-03-2013-security-for-indu">SR 2.7</reference>
          <reference href="https://www.isa.org/products/ansi-isa-62443-3-3-99-03-03-2013-security-for-indu">SR 3.1</reference>
          <reference href="https://www.isa.org/products/ansi-isa-62443-3-3-99-03-03-2013-security-for-indu">SR 3.5</reference>
          <reference href="https://www.isa.org/products/ansi-isa-62443-3-3-99-03-03-2013-security-for-indu">SR 3.8</reference>
          <reference href="https://www.isa.org/products/ansi-isa-62443-3-3-99-03-03-2013-security-for-indu">SR 4.1</reference>
          <reference href="https://www.isa.org/products/ansi-isa-62443-3-3-99-03-03-2013-security-for-indu">SR 4.3</reference>
          <reference href="https://www.isa.org/products/ansi-isa-62443-3-3-99-03-03-2013-security-for-indu">SR 5.1</reference>
          <reference href="https://www.isa.org/products/ansi-isa-62443-3-3-99-03-03-2013-security-for-indu">SR 5.2</reference>
          <reference href="https://www.isa.org/products/ansi-isa-62443-3-3-99-03-03-2013-security-for-indu">SR 5.3</reference>
          <reference href="https://www.isa.org/products/ansi-isa-62443-3-3-99-03-03-2013-security-for-indu">SR 7.1</reference>
          <reference href="https://www.isa.org/products/ansi-isa-62443-3-3-99-03-03-2013-security-for-indu">SR 7.6</reference>
          <reference href="https://www.iso.org/contents/data/standard/05/45/54534.html">A.11.2.6</reference>
          <reference href="https://www.iso.org/contents/data/standard/05/45/54534.html">A.12.1.2</reference>
          <reference href="https://www.iso.org/contents/data/standard/05/45/54534.html">A.12.5.1</reference>
          <reference href="https://www.iso.org/contents/data/standard/05/45/54534.html">A.12.6.2</reference>
          <reference href="https://www.iso.org/contents/data/standard/05/45/54534.html">A.13.1.1</reference>
          <reference href="https://www.iso.org/contents/data/standard/05/45/54534.html">A.13.2.1</reference>
          <reference href="https://www.iso.org/contents/data/standard/05/45/54534.html">A.14.1.3</reference>
          <reference href="https://www.iso.org/contents/data/standard/05/45/54534.html">A.14.2.2</reference>
          <reference href="https://www.iso.org/contents/data/standard/05/45/54534.html">A.14.2.3</reference>
          <reference href="https://www.iso.org/contents/data/standard/05/45/54534.html">A.14.2.4</reference>
          <reference href="https://www.iso.org/contents/data/standard/05/45/54534.html">A.6.2.1</reference>
          <reference href="https://www.iso.org/contents/data/standard/05/45/54534.html">A.6.2.2</reference>
          <reference href="https://www.iso.org/contents/data/standard/05/45/54534.html">A.9.1.2</reference>
          <reference href="http://nvlpubs.nist.gov/nistpubs/SpecialPublications/NIST.SP.800-53r4.pdf">CM-7(a)</reference>
          <reference href="http://nvlpubs.nist.gov/nistpubs/SpecialPublications/NIST.SP.800-53r4.pdf">CM-7(b)</reference>
          <reference href="http://nvlpubs.nist.gov/nistpubs/SpecialPublications/NIST.SP.800-53r4.pdf">CM-6(a)</reference>
          <reference href="http://nvlpubs.nist.gov/nistpubs/SpecialPublications/NIST.SP.800-53r4.pdf">IA-5(1)(c)</reference>
          <reference href="https://nvlpubs.nist.gov/nistpubs/CSWP/NIST.CSWP.04162018.pdf">PR.AC-3</reference>
          <reference href="https://nvlpubs.nist.gov/nistpubs/CSWP/NIST.CSWP.04162018.pdf">PR.IP-1</reference>
          <reference href="https://nvlpubs.nist.gov/nistpubs/CSWP/NIST.CSWP.04162018.pdf">PR.PT-3</reference>
          <reference href="https://nvlpubs.nist.gov/nistpubs/CSWP/NIST.CSWP.04162018.pdf">PR.PT-4</reference>
          <rationale xmlns:xhtml="http://www.w3.org/1999/xhtml" xml:lang="en-US">The rexec service uses unencrypted network communications, which
means that data from the login session, including passwords and
all other information transmitted during the session, can be
stolen by eavesdroppers on the network.</rationale>
          <platform idref="#system_with_kernel"/>
          <ident system="https://ncp.nist.gov/cce">CCE-91420-0</ident>
          <fix xmlns:xhtml="http://www.w3.org/1999/xhtml" id="service_rexec_disabled" system="urn:xccdf:fix:script:sh" complexity="low" disruption="low" strategy="configure"># Remediation is applicable only in certain platforms
if rpm --quiet -q kernel-default || rpm --quiet -q kernel-default-base; then

grep -qi disable "/etc/xinetd.d/rexec" &amp;&amp; \
sed -i "s/disable.*/disable = yes/gI" "/etc/xinetd.d/rexec"

else
    &gt;&amp;2 echo 'Remediation is not applicable, nothing was done'
fi
</fix>
          <fix xmlns:xhtml="http://www.w3.org/1999/xhtml" id="service_rexec_disabled" system="urn:xccdf:fix:script:ansible" complexity="low" disruption="low" strategy="configure">- name: Gather the package facts
  package_facts:
    manager: auto
  tags:
  - CCE-91420-0
  - NIST-800-171-3.1.13
  - NIST-800-171-3.4.7
  - NIST-800-53-CM-6(a)
  - NIST-800-53-CM-7(a)
  - NIST-800-53-CM-7(b)
  - NIST-800-53-IA-5(1)(c)
  - configure_strategy
  - high_severity
  - low_complexity
  - low_disruption
  - no_reboot_needed
  - service_rexec_disabled

- name: Disable xinetd service rexec
  block:

  - name: Gather the package facts
    ansible.builtin.package_facts:
      manager: auto

  - name: Disable rexec Service - Ensure /etc/xinetd.d/rexec exists
    ansible.builtin.stat:
      path: /etc/xinetd.d/rexec
    register: xinetd_service

  - name: Disable rexec Service - Configure 'disable = yes' in /etc/xinetd.d/rexec
    ansible.builtin.lineinfile:
      dest: /etc/xinetd.d/rexec
      regexp: ^[\s]*disable[\s]*=[\s]*no
      line: disable = yes
      insertbefore: '}'
      state: present
    when:
    - '"rsh-server" in ansible_facts.packages'
    - xinetd_service.stat.exists
  when: ("kernel-default" in ansible_facts.packages or "kernel-default-base" in ansible_facts.packages)
  tags:
  - CCE-91420-0
  - NIST-800-171-3.1.13
  - NIST-800-171-3.4.7
  - NIST-800-53-CM-6(a)
  - NIST-800-53-CM-7(a)
  - NIST-800-53-CM-7(b)
  - NIST-800-53-IA-5(1)(c)
  - configure_strategy
  - high_severity
  - low_complexity
  - low_disruption
  - no_reboot_needed
  - service_rexec_disabled
</fix>
          <check system="http://oval.mitre.org/XMLSchema/oval-definitions-5">
            <check-content-ref name="oval:ssg-service_rexec_disabled:def:1" href="ssg-sle15-oval.xml"/>
          </check>
          <check system="http://scap.nist.gov/schema/ocil/2">
            <check-content-ref name="ocil:ssg-service_rexec_disabled_ocil:questionnaire:1" href="ssg-sle15-ocil.xml"/>
          </check>
        </Rule>
        <Rule id="xccdf_org.ssgproject.content_rule_service_rlogin_disabled" selected="false" role="full" severity="high">
          <title xmlns:xhtml="http://www.w3.org/1999/xhtml" xml:lang="en-US">Disable rlogin Service</title>
          <description xmlns:xhtml="http://www.w3.org/1999/xhtml" xml:lang="en-US">The <html:code xmlns:html="http://www.w3.org/1999/xhtml">rlogin</html:code> service, which is available with
the <html:code xmlns:html="http://www.w3.org/1999/xhtml">rsh-server</html:code> package and runs as a service through xinetd or separately
as a systemd socket, should be disabled.
If using xinetd, set <html:code xmlns:html="http://www.w3.org/1999/xhtml">disable</html:code> to <html:code xmlns:html="http://www.w3.org/1999/xhtml">yes</html:code> in <html:code xmlns:html="http://www.w3.org/1999/xhtml">/etc/xinetd.d/rlogin</html:code>.

The <html:code xmlns:html="http://www.w3.org/1999/xhtml">rlogin</html:code> socket can be disabled with the following command:
<html:pre xmlns:html="http://www.w3.org/1999/xhtml">$ sudo systemctl mask --now rlogin.socket</html:pre>
       </description>
          <reference href="https://www.cisecurity.org/controls/">1</reference>
          <reference href="https://www.cisecurity.org/controls/">11</reference>
          <reference href="https://www.cisecurity.org/controls/">12</reference>
          <reference href="https://www.cisecurity.org/controls/">14</reference>
          <reference href="https://www.cisecurity.org/controls/">15</reference>
          <reference href="https://www.cisecurity.org/controls/">16</reference>
          <reference href="https://www.cisecurity.org/controls/">3</reference>
          <reference href="https://www.cisecurity.org/controls/">5</reference>
          <reference href="https://www.cisecurity.org/controls/">8</reference>
          <reference href="https://www.cisecurity.org/controls/">9</reference>
          <reference href="https://www.isaca.org/resources/cobit">APO13.01</reference>
          <reference href="https://www.isaca.org/resources/cobit">BAI10.01</reference>
          <reference href="https://www.isaca.org/resources/cobit">BAI10.02</reference>
          <reference href="https://www.isaca.org/resources/cobit">BAI10.03</reference>
          <reference href="https://www.isaca.org/resources/cobit">BAI10.05</reference>
          <reference href="https://www.isaca.org/resources/cobit">DSS01.04</reference>
          <reference href="https://www.isaca.org/resources/cobit">DSS05.02</reference>
          <reference href="https://www.isaca.org/resources/cobit">DSS05.03</reference>
          <reference href="https://www.isaca.org/resources/cobit">DSS05.04</reference>
          <reference href="https://www.isaca.org/resources/cobit">DSS05.05</reference>
          <reference href="https://www.isaca.org/resources/cobit">DSS05.07</reference>
          <reference href="https://www.isaca.org/resources/cobit">DSS05.10</reference>
          <reference href="https://www.isaca.org/resources/cobit">DSS06.03</reference>
          <reference href="https://www.isaca.org/resources/cobit">DSS06.06</reference>
          <reference href="https://www.isaca.org/resources/cobit">DSS06.10</reference>
          <reference href="http://nvlpubs.nist.gov/nistpubs/SpecialPublications/NIST.SP.800-171.pdf">3.1.13</reference>
          <reference href="http://nvlpubs.nist.gov/nistpubs/SpecialPublications/NIST.SP.800-171.pdf">3.4.7</reference>
          <reference href="https://www.gpo.gov/fdsys/pkg/CFR-2007-title45-vol1/pdf/CFR-2007-title45-vol1-chapA-subchapC.pdf">164.308(a)(4)(i)</reference>
          <reference href="https://www.gpo.gov/fdsys/pkg/CFR-2007-title45-vol1/pdf/CFR-2007-title45-vol1-chapA-subchapC.pdf">164.308(b)(1)</reference>
          <reference href="https://www.gpo.gov/fdsys/pkg/CFR-2007-title45-vol1/pdf/CFR-2007-title45-vol1-chapA-subchapC.pdf">164.308(b)(3)</reference>
          <reference href="https://www.gpo.gov/fdsys/pkg/CFR-2007-title45-vol1/pdf/CFR-2007-title45-vol1-chapA-subchapC.pdf">164.310(b)</reference>
          <reference href="https://www.gpo.gov/fdsys/pkg/CFR-2007-title45-vol1/pdf/CFR-2007-title45-vol1-chapA-subchapC.pdf">164.312(e)(1)</reference>
          <reference href="https://www.gpo.gov/fdsys/pkg/CFR-2007-title45-vol1/pdf/CFR-2007-title45-vol1-chapA-subchapC.pdf">164.312(e)(2)(ii)</reference>
          <reference href="https://www.isa.org/products/isa-62443-2-1-2009-security-for-industrial-automat">4.3.3.2.2</reference>
          <reference href="https://www.isa.org/products/isa-62443-2-1-2009-security-for-industrial-automat">4.3.3.5.1</reference>
          <reference href="https://www.isa.org/products/isa-62443-2-1-2009-security-for-industrial-automat">4.3.3.5.2</reference>
          <reference href="https://www.isa.org/products/isa-62443-2-1-2009-security-for-industrial-automat">4.3.3.5.3</reference>
          <reference href="https://www.isa.org/products/isa-62443-2-1-2009-security-for-industrial-automat">4.3.3.5.4</reference>
          <reference href="https://www.isa.org/products/isa-62443-2-1-2009-security-for-industrial-automat">4.3.3.5.5</reference>
          <reference href="https://www.isa.org/products/isa-62443-2-1-2009-security-for-industrial-automat">4.3.3.5.6</reference>
          <reference href="https://www.isa.org/products/isa-62443-2-1-2009-security-for-industrial-automat">4.3.3.5.7</reference>
          <reference href="https://www.isa.org/products/isa-62443-2-1-2009-security-for-industrial-automat">4.3.3.5.8</reference>
          <reference href="https://www.isa.org/products/isa-62443-2-1-2009-security-for-industrial-automat">4.3.3.6.1</reference>
          <reference href="https://www.isa.org/products/isa-62443-2-1-2009-security-for-industrial-automat">4.3.3.6.2</reference>
          <reference href="https://www.isa.org/products/isa-62443-2-1-2009-security-for-industrial-automat">4.3.3.6.3</reference>
          <reference href="https://www.isa.org/products/isa-62443-2-1-2009-security-for-industrial-automat">4.3.3.6.4</reference>
          <reference href="https://www.isa.org/products/isa-62443-2-1-2009-security-for-industrial-automat">4.3.3.6.5</reference>
          <reference href="https://www.isa.org/products/isa-62443-2-1-2009-security-for-industrial-automat">4.3.3.6.6</reference>
          <reference href="https://www.isa.org/products/isa-62443-2-1-2009-security-for-industrial-automat">4.3.3.6.7</reference>
          <reference href="https://www.isa.org/products/isa-62443-2-1-2009-security-for-industrial-automat">4.3.3.6.8</reference>
          <reference href="https://www.isa.org/products/isa-62443-2-1-2009-security-for-industrial-automat">4.3.3.6.9</reference>
          <reference href="https://www.isa.org/products/isa-62443-2-1-2009-security-for-industrial-automat">4.3.3.7.1</reference>
          <reference href="https://www.isa.org/products/isa-62443-2-1-2009-security-for-industrial-automat">4.3.3.7.2</reference>
          <reference href="https://www.isa.org/products/isa-62443-2-1-2009-security-for-industrial-automat">4.3.3.7.3</reference>
          <reference href="https://www.isa.org/products/isa-62443-2-1-2009-security-for-industrial-automat">4.3.3.7.4</reference>
          <reference href="https://www.isa.org/products/isa-62443-2-1-2009-security-for-industrial-automat">4.3.4.3.2</reference>
          <reference href="https://www.isa.org/products/isa-62443-2-1-2009-security-for-industrial-automat">4.3.4.3.3</reference>
          <reference href="https://www.isa.org/products/ansi-isa-62443-3-3-99-03-03-2013-security-for-indu">SR 1.1</reference>
          <reference href="https://www.isa.org/products/ansi-isa-62443-3-3-99-03-03-2013-security-for-indu">SR 1.10</reference>
          <reference href="https://www.isa.org/products/ansi-isa-62443-3-3-99-03-03-2013-security-for-indu">SR 1.11</reference>
          <reference href="https://www.isa.org/products/ansi-isa-62443-3-3-99-03-03-2013-security-for-indu">SR 1.12</reference>
          <reference href="https://www.isa.org/products/ansi-isa-62443-3-3-99-03-03-2013-security-for-indu">SR 1.13</reference>
          <reference href="https://www.isa.org/products/ansi-isa-62443-3-3-99-03-03-2013-security-for-indu">SR 1.2</reference>
          <reference href="https://www.isa.org/products/ansi-isa-62443-3-3-99-03-03-2013-security-for-indu">SR 1.3</reference>
          <reference href="https://www.isa.org/products/ansi-isa-62443-3-3-99-03-03-2013-security-for-indu">SR 1.4</reference>
          <reference href="https://www.isa.org/products/ansi-isa-62443-3-3-99-03-03-2013-security-for-indu">SR 1.5</reference>
          <reference href="https://www.isa.org/products/ansi-isa-62443-3-3-99-03-03-2013-security-for-indu">SR 1.6</reference>
          <reference href="https://www.isa.org/products/ansi-isa-62443-3-3-99-03-03-2013-security-for-indu">SR 1.7</reference>
          <reference href="https://www.isa.org/products/ansi-isa-62443-3-3-99-03-03-2013-security-for-indu">SR 1.8</reference>
          <reference href="https://www.isa.org/products/ansi-isa-62443-3-3-99-03-03-2013-security-for-indu">SR 1.9</reference>
          <reference href="https://www.isa.org/products/ansi-isa-62443-3-3-99-03-03-2013-security-for-indu">SR 2.1</reference>
          <reference href="https://www.isa.org/products/ansi-isa-62443-3-3-99-03-03-2013-security-for-indu">SR 2.2</reference>
          <reference href="https://www.isa.org/products/ansi-isa-62443-3-3-99-03-03-2013-security-for-indu">SR 2.3</reference>
          <reference href="https://www.isa.org/products/ansi-isa-62443-3-3-99-03-03-2013-security-for-indu">SR 2.4</reference>
          <reference href="https://www.isa.org/products/ansi-isa-62443-3-3-99-03-03-2013-security-for-indu">SR 2.5</reference>
          <reference href="https://www.isa.org/products/ansi-isa-62443-3-3-99-03-03-2013-security-for-indu">SR 2.6</reference>
          <reference href="https://www.isa.org/products/ansi-isa-62443-3-3-99-03-03-2013-security-for-indu">SR 2.7</reference>
          <reference href="https://www.isa.org/products/ansi-isa-62443-3-3-99-03-03-2013-security-for-indu">SR 3.1</reference>
          <reference href="https://www.isa.org/products/ansi-isa-62443-3-3-99-03-03-2013-security-for-indu">SR 3.5</reference>
          <reference href="https://www.isa.org/products/ansi-isa-62443-3-3-99-03-03-2013-security-for-indu">SR 3.8</reference>
          <reference href="https://www.isa.org/products/ansi-isa-62443-3-3-99-03-03-2013-security-for-indu">SR 4.1</reference>
          <reference href="https://www.isa.org/products/ansi-isa-62443-3-3-99-03-03-2013-security-for-indu">SR 4.3</reference>
          <reference href="https://www.isa.org/products/ansi-isa-62443-3-3-99-03-03-2013-security-for-indu">SR 5.1</reference>
          <reference href="https://www.isa.org/products/ansi-isa-62443-3-3-99-03-03-2013-security-for-indu">SR 5.2</reference>
          <reference href="https://www.isa.org/products/ansi-isa-62443-3-3-99-03-03-2013-security-for-indu">SR 5.3</reference>
          <reference href="https://www.isa.org/products/ansi-isa-62443-3-3-99-03-03-2013-security-for-indu">SR 7.1</reference>
          <reference href="https://www.isa.org/products/ansi-isa-62443-3-3-99-03-03-2013-security-for-indu">SR 7.6</reference>
          <reference href="https://www.iso.org/contents/data/standard/05/45/54534.html">A.11.2.6</reference>
          <reference href="https://www.iso.org/contents/data/standard/05/45/54534.html">A.12.1.2</reference>
          <reference href="https://www.iso.org/contents/data/standard/05/45/54534.html">A.12.5.1</reference>
          <reference href="https://www.iso.org/contents/data/standard/05/45/54534.html">A.12.6.2</reference>
          <reference href="https://www.iso.org/contents/data/standard/05/45/54534.html">A.13.1.1</reference>
          <reference href="https://www.iso.org/contents/data/standard/05/45/54534.html">A.13.2.1</reference>
          <reference href="https://www.iso.org/contents/data/standard/05/45/54534.html">A.14.1.3</reference>
          <reference href="https://www.iso.org/contents/data/standard/05/45/54534.html">A.14.2.2</reference>
          <reference href="https://www.iso.org/contents/data/standard/05/45/54534.html">A.14.2.3</reference>
          <reference href="https://www.iso.org/contents/data/standard/05/45/54534.html">A.14.2.4</reference>
          <reference href="https://www.iso.org/contents/data/standard/05/45/54534.html">A.18.1.4</reference>
          <reference href="https://www.iso.org/contents/data/standard/05/45/54534.html">A.6.2.1</reference>
          <reference href="https://www.iso.org/contents/data/standard/05/45/54534.html">A.6.2.2</reference>
          <reference href="https://www.iso.org/contents/data/standard/05/45/54534.html">A.7.1.1</reference>
          <reference href="https://www.iso.org/contents/data/standard/05/45/54534.html">A.9.1.2</reference>
          <reference href="https://www.iso.org/contents/data/standard/05/45/54534.html">A.9.2.1</reference>
          <reference href="https://www.iso.org/contents/data/standard/05/45/54534.html">A.9.2.2</reference>
          <reference href="https://www.iso.org/contents/data/standard/05/45/54534.html">A.9.2.3</reference>
          <reference href="https://www.iso.org/contents/data/standard/05/45/54534.html">A.9.2.4</reference>
          <reference href="https://www.iso.org/contents/data/standard/05/45/54534.html">A.9.2.6</reference>
          <reference href="https://www.iso.org/contents/data/standard/05/45/54534.html">A.9.3.1</reference>
          <reference href="https://www.iso.org/contents/data/standard/05/45/54534.html">A.9.4.2</reference>
          <reference href="https://www.iso.org/contents/data/standard/05/45/54534.html">A.9.4.3</reference>
          <reference href="http://nvlpubs.nist.gov/nistpubs/SpecialPublications/NIST.SP.800-53r4.pdf">CM-7(a)</reference>
          <reference href="http://nvlpubs.nist.gov/nistpubs/SpecialPublications/NIST.SP.800-53r4.pdf">CM-7(b)</reference>
          <reference href="http://nvlpubs.nist.gov/nistpubs/SpecialPublications/NIST.SP.800-53r4.pdf">CM-6(a)</reference>
          <reference href="http://nvlpubs.nist.gov/nistpubs/SpecialPublications/NIST.SP.800-53r4.pdf">IA-5(1)(c)</reference>
          <reference href="https://nvlpubs.nist.gov/nistpubs/CSWP/NIST.CSWP.04162018.pdf">PR.AC-1</reference>
          <reference href="https://nvlpubs.nist.gov/nistpubs/CSWP/NIST.CSWP.04162018.pdf">PR.AC-3</reference>
          <reference href="https://nvlpubs.nist.gov/nistpubs/CSWP/NIST.CSWP.04162018.pdf">PR.AC-6</reference>
          <reference href="https://nvlpubs.nist.gov/nistpubs/CSWP/NIST.CSWP.04162018.pdf">PR.AC-7</reference>
          <reference href="https://nvlpubs.nist.gov/nistpubs/CSWP/NIST.CSWP.04162018.pdf">PR.IP-1</reference>
          <reference href="https://nvlpubs.nist.gov/nistpubs/CSWP/NIST.CSWP.04162018.pdf">PR.PT-3</reference>
          <reference href="https://nvlpubs.nist.gov/nistpubs/CSWP/NIST.CSWP.04162018.pdf">PR.PT-4</reference>
          <rationale xmlns:xhtml="http://www.w3.org/1999/xhtml" xml:lang="en-US">The rlogin service uses unencrypted network communications, which
means that data from the login session, including passwords and
all other information transmitted during the session, can be
stolen by eavesdroppers on the network.</rationale>
          <platform idref="#system_with_kernel"/>
          <ident system="https://ncp.nist.gov/cce">CCE-91419-2</ident>
          <fix xmlns:xhtml="http://www.w3.org/1999/xhtml" id="service_rlogin_disabled" system="urn:xccdf:fix:script:sh" complexity="low" disruption="low" strategy="configure"># Remediation is applicable only in certain platforms
if rpm --quiet -q kernel-default || rpm --quiet -q kernel-default-base; then

grep -qi disable "/etc/xinetd.d/rlogin" &amp;&amp; \
sed -i "s/disable.*/disable = yes/gI" "/etc/xinetd.d/rlogin"

else
    &gt;&amp;2 echo 'Remediation is not applicable, nothing was done'
fi
</fix>
          <fix xmlns:xhtml="http://www.w3.org/1999/xhtml" id="service_rlogin_disabled" system="urn:xccdf:fix:script:ansible" complexity="low" disruption="low" strategy="configure">- name: Gather the package facts
  package_facts:
    manager: auto
  tags:
  - CCE-91419-2
  - NIST-800-171-3.1.13
  - NIST-800-171-3.4.7
  - NIST-800-53-CM-6(a)
  - NIST-800-53-CM-7(a)
  - NIST-800-53-CM-7(b)
  - NIST-800-53-IA-5(1)(c)
  - configure_strategy
  - high_severity
  - low_complexity
  - low_disruption
  - no_reboot_needed
  - service_rlogin_disabled

- name: Disable xinetd service rlogin
  block:

  - name: Gather the package facts
    ansible.builtin.package_facts:
      manager: auto

  - name: Disable rlogin Service - Ensure /etc/xinetd.d/rlogin exists
    ansible.builtin.stat:
      path: /etc/xinetd.d/rlogin
    register: xinetd_service

  - name: Disable rlogin Service - Configure 'disable = yes' in /etc/xinetd.d/rlogin
    ansible.builtin.lineinfile:
      dest: /etc/xinetd.d/rlogin
      regexp: ^[\s]*disable[\s]*=[\s]*no
      line: disable = yes
      insertbefore: '}'
      state: present
    when:
    - '"rsh-server" in ansible_facts.packages'
    - xinetd_service.stat.exists
  when: ("kernel-default" in ansible_facts.packages or "kernel-default-base" in ansible_facts.packages)
  tags:
  - CCE-91419-2
  - NIST-800-171-3.1.13
  - NIST-800-171-3.4.7
  - NIST-800-53-CM-6(a)
  - NIST-800-53-CM-7(a)
  - NIST-800-53-CM-7(b)
  - NIST-800-53-IA-5(1)(c)
  - configure_strategy
  - high_severity
  - low_complexity
  - low_disruption
  - no_reboot_needed
  - service_rlogin_disabled
</fix>
          <check system="http://oval.mitre.org/XMLSchema/oval-definitions-5">
            <check-content-ref name="oval:ssg-service_rlogin_disabled:def:1" href="ssg-sle15-oval.xml"/>
          </check>
          <check system="http://scap.nist.gov/schema/ocil/2">
            <check-content-ref name="ocil:ssg-service_rlogin_disabled_ocil:questionnaire:1" href="ssg-sle15-ocil.xml"/>
          </check>
        </Rule>
        <Rule id="xccdf_org.ssgproject.content_rule_no_host_based_files" selected="false" role="full" severity="high">
          <title xmlns:xhtml="http://www.w3.org/1999/xhtml" xml:lang="en-US">Remove Host-Based Authentication Files</title>
          <description xmlns:xhtml="http://www.w3.org/1999/xhtml" xml:lang="en-US">The <html:code xmlns:html="http://www.w3.org/1999/xhtml">shosts.equiv</html:code> file lists remote hosts and users that are trusted by the local
system. To remove these files, run the following command to delete them from any location:
<html:pre xmlns:html="http://www.w3.org/1999/xhtml">$ sudo rm /[path]/[to]/[file]/shosts.equiv</html:pre>
       </description>
          <reference href="https://www.cyber.mil/stigs/downloads/?_dl_facet_stigs=operating-systems%2Cgeneral-purpose-os">SRG-OS-000480-GPOS-00227</reference>
          <reference href="https://www.cyber.mil/stigs/downloads/?_dl_facet_stigs=operating-systems%2Cunix-linux">SLES-15-040030</reference>
          <reference href="https://www.cyber.mil/stigs/srg-stig-tools/">SV-234985r991589_rule</reference>
          <rationale xmlns:xhtml="http://www.w3.org/1999/xhtml" xml:lang="en-US">The shosts.equiv files are used to configure host-based authentication for the system via SSH.
Host-based authentication is not sufficient for preventing unauthorized access to the system,
as it does not require interactive identification and authentication of a connection request,
or for the use of two-factor authentication.</rationale>
          <ident system="https://ncp.nist.gov/cce">CCE-85622-9</ident>
          <fix xmlns:xhtml="http://www.w3.org/1999/xhtml" id="no_host_based_files" system="urn:xccdf:fix:script:sh">
# Identify local mounts
MOUNT_LIST=$(df --local | awk '{ print $6 }')

# Find file on each listed mount point
for cur_mount in ${MOUNT_LIST}
do
	find ${cur_mount} -xdev -type f -name "shosts.equiv" -exec rm -f {} \;
done
</fix>
          <fix xmlns:xhtml="http://www.w3.org/1999/xhtml" id="no_host_based_files" system="urn:xccdf:fix:script:ansible" complexity="low" disruption="low" strategy="restrict">- name: Remove Host-Based Authentication Files - Define Excluded (Non-Local) File
    Systems and Paths
  ansible.builtin.set_fact:
    excluded_fstypes:
    - afs
    - autofs
    - ceph
    - cifs
    - smb3
    - smbfs
    - sshfs
    - ncpfs
    - ncp
    - nfs
    - nfs4
    - gfs
    - gfs2
    - glusterfs
    - gpfs
    - pvfs2
    - ocfs2
    - lustre
    - davfs
    - fuse.sshfs
    excluded_paths:
    - dev
    - proc
    - run
    - sys
    search_paths: []
  tags:
  - CCE-85622-9
  - DISA-STIG-SLES-15-040030
  - high_severity
  - low_complexity
  - low_disruption
  - no_host_based_files
  - no_reboot_needed
  - restrict_strategy

- name: Remove Host-Based Authentication Files - Find Relevant Root Directories Ignoring
    Pre-Defined Excluded Paths
  ansible.builtin.find:
    paths: /
    file_type: directory
    excludes: '{{ excluded_paths }}'
    hidden: true
    recurse: false
  register: result_relevant_root_dirs
  tags:
  - CCE-85622-9
  - DISA-STIG-SLES-15-040030
  - high_severity
  - low_complexity
  - low_disruption
  - no_host_based_files
  - no_reboot_needed
  - restrict_strategy

- name: Remove Host-Based Authentication Files - Include Relevant Root Directories
    in a List of Paths to be Searched
  ansible.builtin.set_fact:
    search_paths: '{{ search_paths | union([item.path]) }}'
  loop: '{{ result_relevant_root_dirs.files }}'
  tags:
  - CCE-85622-9
  - DISA-STIG-SLES-15-040030
  - high_severity
  - low_complexity
  - low_disruption
  - no_host_based_files
  - no_reboot_needed
  - restrict_strategy

- name: Remove Host-Based Authentication Files - Increment Search Paths List with
    Local Partitions Mount Points
  ansible.builtin.set_fact:
    search_paths: '{{ search_paths | union([item.mount]) }}'
  loop: '{{ ansible_mounts }}'
  when:
  - item.fstype not in excluded_fstypes
  - item.mount != '/'
  tags:
  - CCE-85622-9
  - DISA-STIG-SLES-15-040030
  - high_severity
  - low_complexity
  - low_disruption
  - no_host_based_files
  - no_reboot_needed
  - restrict_strategy

- name: Remove Host-Based Authentication Files - Increment Search Paths List with
    Local NFS File System Targets
  ansible.builtin.set_fact:
    search_paths: '{{ search_paths | union([item.device.split('':'')[1]]) }}'
  loop: '{{ ansible_mounts }}'
  when: item.device is search("localhost:")
  tags:
  - CCE-85622-9
  - DISA-STIG-SLES-15-040030
  - high_severity
  - low_complexity
  - low_disruption
  - no_host_based_files
  - no_reboot_needed
  - restrict_strategy

- name: Remove Host-Based Authentication Files - Define Rule Specific Facts
  ansible.builtin.set_fact:
    shosts_equiv_files:
    - /shosts.equiv
  tags:
  - CCE-85622-9
  - DISA-STIG-SLES-15-040030
  - high_severity
  - low_complexity
  - low_disruption
  - no_host_based_files
  - no_reboot_needed
  - restrict_strategy

- name: Remove Host-Based Authentication Files - Find All shosts.equiv Files in Local
    File Systems
  ansible.builtin.command:
    cmd: find {{ item }} -xdev -type f -name "shosts.equiv"
  loop: '{{ search_paths }}'
  changed_when: false
  register: result_found_shosts_equiv_files
  tags:
  - CCE-85622-9
  - DISA-STIG-SLES-15-040030
  - high_severity
  - low_complexity
  - low_disruption
  - no_host_based_files
  - no_reboot_needed
  - restrict_strategy

- name: Remove Host-Based Authentication Files - Create List of shosts.equiv Files
    Present in Local File Systems
  ansible.builtin.set_fact:
    shosts_equiv_files: '{{ shosts_equiv_files | union(item.stdout_lines) | list }}'
  loop: '{{ result_found_shosts_equiv_files.results }}'
  tags:
  - CCE-85622-9
  - DISA-STIG-SLES-15-040030
  - high_severity
  - low_complexity
  - low_disruption
  - no_host_based_files
  - no_reboot_needed
  - restrict_strategy

- name: Remove Host-Based Authentication Files - Ensure No shosts.equiv Files Are
    Present in the System
  ansible.builtin.file:
    path: '{{ item }}'
    state: absent
  loop: '{{ shosts_equiv_files }}'
  tags:
  - CCE-85622-9
  - DISA-STIG-SLES-15-040030
  - high_severity
  - low_complexity
  - low_disruption
  - no_host_based_files
  - no_reboot_needed
  - restrict_strategy
</fix>
          <check system="http://oval.mitre.org/XMLSchema/oval-definitions-5">
            <check-content-ref name="oval:ssg-no_host_based_files:def:1" href="ssg-sle15-oval.xml"/>
          </check>
          <check system="http://scap.nist.gov/schema/ocil/2">
            <check-content-ref name="ocil:ssg-no_host_based_files_ocil:questionnaire:1" href="ssg-sle15-ocil.xml"/>
          </check>
        </Rule>
        <Rule id="xccdf_org.ssgproject.content_rule_no_rsh_trust_files" selected="false" role="full" severity="high">
          <title xmlns:xhtml="http://www.w3.org/1999/xhtml" xml:lang="en-US">Remove Rsh Trust Files</title>
          <description xmlns:xhtml="http://www.w3.org/1999/xhtml" xml:lang="en-US">The files <html:code xmlns:html="http://www.w3.org/1999/xhtml">/etc/hosts.equiv</html:code> and <html:code xmlns:html="http://www.w3.org/1999/xhtml">~/.rhosts</html:code> (in
each user's home directory) list remote hosts and users that are trusted by the
local system when using the rshd daemon.
To remove these files, run the following command to delete them from any
location:
<html:pre xmlns:html="http://www.w3.org/1999/xhtml">$ sudo rm /etc/hosts.equiv</html:pre>
        <html:pre xmlns:html="http://www.w3.org/1999/xhtml">$ rm ~/.rhosts</html:pre>
       </description>
          <reference href="https://www.cisecurity.org/controls/">11</reference>
          <reference href="https://www.cisecurity.org/controls/">12</reference>
          <reference href="https://www.cisecurity.org/controls/">14</reference>
          <reference href="https://www.cisecurity.org/controls/">15</reference>
          <reference href="https://www.cisecurity.org/controls/">3</reference>
          <reference href="https://www.cisecurity.org/controls/">8</reference>
          <reference href="https://www.cisecurity.org/controls/">9</reference>
          <reference href="https://www.isaca.org/resources/cobit">APO13.01</reference>
          <reference href="https://www.isaca.org/resources/cobit">BAI10.01</reference>
          <reference href="https://www.isaca.org/resources/cobit">BAI10.02</reference>
          <reference href="https://www.isaca.org/resources/cobit">BAI10.03</reference>
          <reference href="https://www.isaca.org/resources/cobit">BAI10.05</reference>
          <reference href="https://www.isaca.org/resources/cobit">DSS01.04</reference>
          <reference href="https://www.isaca.org/resources/cobit">DSS05.02</reference>
          <reference href="https://www.isaca.org/resources/cobit">DSS05.03</reference>
          <reference href="https://www.isaca.org/resources/cobit">DSS05.05</reference>
          <reference href="https://www.isaca.org/resources/cobit">DSS06.06</reference>
          <reference href="https://www.gpo.gov/fdsys/pkg/CFR-2007-title45-vol1/pdf/CFR-2007-title45-vol1-chapA-subchapC.pdf">164.308(a)(4)(i)</reference>
          <reference href="https://www.gpo.gov/fdsys/pkg/CFR-2007-title45-vol1/pdf/CFR-2007-title45-vol1-chapA-subchapC.pdf">164.308(b)(1)</reference>
          <reference href="https://www.gpo.gov/fdsys/pkg/CFR-2007-title45-vol1/pdf/CFR-2007-title45-vol1-chapA-subchapC.pdf">164.308(b)(3)</reference>
          <reference href="https://www.gpo.gov/fdsys/pkg/CFR-2007-title45-vol1/pdf/CFR-2007-title45-vol1-chapA-subchapC.pdf">164.310(b)</reference>
          <reference href="https://www.gpo.gov/fdsys/pkg/CFR-2007-title45-vol1/pdf/CFR-2007-title45-vol1-chapA-subchapC.pdf">164.312(e)(1)</reference>
          <reference href="https://www.gpo.gov/fdsys/pkg/CFR-2007-title45-vol1/pdf/CFR-2007-title45-vol1-chapA-subchapC.pdf">164.312(e)(2)(ii)</reference>
          <reference href="https://www.isa.org/products/isa-62443-2-1-2009-security-for-industrial-automat">4.3.3.5.1</reference>
          <reference href="https://www.isa.org/products/isa-62443-2-1-2009-security-for-industrial-automat">4.3.3.5.2</reference>
          <reference href="https://www.isa.org/products/isa-62443-2-1-2009-security-for-industrial-automat">4.3.3.5.3</reference>
          <reference href="https://www.isa.org/products/isa-62443-2-1-2009-security-for-industrial-automat">4.3.3.5.4</reference>
          <reference href="https://www.isa.org/products/isa-62443-2-1-2009-security-for-industrial-automat">4.3.3.5.5</reference>
          <reference href="https://www.isa.org/products/isa-62443-2-1-2009-security-for-industrial-automat">4.3.3.5.6</reference>
          <reference href="https://www.isa.org/products/isa-62443-2-1-2009-security-for-industrial-automat">4.3.3.5.7</reference>
          <reference href="https://www.isa.org/products/isa-62443-2-1-2009-security-for-industrial-automat">4.3.3.5.8</reference>
          <reference href="https://www.isa.org/products/isa-62443-2-1-2009-security-for-industrial-automat">4.3.3.6.1</reference>
          <reference href="https://www.isa.org/products/isa-62443-2-1-2009-security-for-industrial-automat">4.3.3.6.2</reference>
          <reference href="https://www.isa.org/products/isa-62443-2-1-2009-security-for-industrial-automat">4.3.3.6.3</reference>
          <reference href="https://www.isa.org/products/isa-62443-2-1-2009-security-for-industrial-automat">4.3.3.6.4</reference>
          <reference href="https://www.isa.org/products/isa-62443-2-1-2009-security-for-industrial-automat">4.3.3.6.5</reference>
          <reference href="https://www.isa.org/products/isa-62443-2-1-2009-security-for-industrial-automat">4.3.3.6.6</reference>
          <reference href="https://www.isa.org/products/isa-62443-2-1-2009-security-for-industrial-automat">4.3.3.6.7</reference>
          <reference href="https://www.isa.org/products/isa-62443-2-1-2009-security-for-industrial-automat">4.3.3.6.8</reference>
          <reference href="https://www.isa.org/products/isa-62443-2-1-2009-security-for-industrial-automat">4.3.3.6.9</reference>
          <reference href="https://www.isa.org/products/isa-62443-2-1-2009-security-for-industrial-automat">4.3.3.7.1</reference>
          <reference href="https://www.isa.org/products/isa-62443-2-1-2009-security-for-industrial-automat">4.3.3.7.2</reference>
          <reference href="https://www.isa.org/products/isa-62443-2-1-2009-security-for-industrial-automat">4.3.3.7.3</reference>
          <reference href="https://www.isa.org/products/isa-62443-2-1-2009-security-for-industrial-automat">4.3.3.7.4</reference>
          <reference href="https://www.isa.org/products/isa-62443-2-1-2009-security-for-industrial-automat">4.3.4.3.2</reference>
          <reference href="https://www.isa.org/products/isa-62443-2-1-2009-security-for-industrial-automat">4.3.4.3.3</reference>
          <reference href="https://www.isa.org/products/ansi-isa-62443-3-3-99-03-03-2013-security-for-indu">SR 1.1</reference>
          <reference href="https://www.isa.org/products/ansi-isa-62443-3-3-99-03-03-2013-security-for-indu">SR 1.10</reference>
          <reference href="https://www.isa.org/products/ansi-isa-62443-3-3-99-03-03-2013-security-for-indu">SR 1.11</reference>
          <reference href="https://www.isa.org/products/ansi-isa-62443-3-3-99-03-03-2013-security-for-indu">SR 1.12</reference>
          <reference href="https://www.isa.org/products/ansi-isa-62443-3-3-99-03-03-2013-security-for-indu">SR 1.13</reference>
          <reference href="https://www.isa.org/products/ansi-isa-62443-3-3-99-03-03-2013-security-for-indu">SR 1.2</reference>
          <reference href="https://www.isa.org/products/ansi-isa-62443-3-3-99-03-03-2013-security-for-indu">SR 1.3</reference>
          <reference href="https://www.isa.org/products/ansi-isa-62443-3-3-99-03-03-2013-security-for-indu">SR 1.4</reference>
          <reference href="https://www.isa.org/products/ansi-isa-62443-3-3-99-03-03-2013-security-for-indu">SR 1.5</reference>
          <reference href="https://www.isa.org/products/ansi-isa-62443-3-3-99-03-03-2013-security-for-indu">SR 1.6</reference>
          <reference href="https://www.isa.org/products/ansi-isa-62443-3-3-99-03-03-2013-security-for-indu">SR 1.7</reference>
          <reference href="https://www.isa.org/products/ansi-isa-62443-3-3-99-03-03-2013-security-for-indu">SR 1.8</reference>
          <reference href="https://www.isa.org/products/ansi-isa-62443-3-3-99-03-03-2013-security-for-indu">SR 1.9</reference>
          <reference href="https://www.isa.org/products/ansi-isa-62443-3-3-99-03-03-2013-security-for-indu">SR 2.1</reference>
          <reference href="https://www.isa.org/products/ansi-isa-62443-3-3-99-03-03-2013-security-for-indu">SR 2.2</reference>
          <reference href="https://www.isa.org/products/ansi-isa-62443-3-3-99-03-03-2013-security-for-indu">SR 2.3</reference>
          <reference href="https://www.isa.org/products/ansi-isa-62443-3-3-99-03-03-2013-security-for-indu">SR 2.4</reference>
          <reference href="https://www.isa.org/products/ansi-isa-62443-3-3-99-03-03-2013-security-for-indu">SR 2.5</reference>
          <reference href="https://www.isa.org/products/ansi-isa-62443-3-3-99-03-03-2013-security-for-indu">SR 2.6</reference>
          <reference href="https://www.isa.org/products/ansi-isa-62443-3-3-99-03-03-2013-security-for-indu">SR 2.7</reference>
          <reference href="https://www.isa.org/products/ansi-isa-62443-3-3-99-03-03-2013-security-for-indu">SR 3.1</reference>
          <reference href="https://www.isa.org/products/ansi-isa-62443-3-3-99-03-03-2013-security-for-indu">SR 3.5</reference>
          <reference href="https://www.isa.org/products/ansi-isa-62443-3-3-99-03-03-2013-security-for-indu">SR 3.8</reference>
          <reference href="https://www.isa.org/products/ansi-isa-62443-3-3-99-03-03-2013-security-for-indu">SR 4.1</reference>
          <reference href="https://www.isa.org/products/ansi-isa-62443-3-3-99-03-03-2013-security-for-indu">SR 4.3</reference>
          <reference href="https://www.isa.org/products/ansi-isa-62443-3-3-99-03-03-2013-security-for-indu">SR 5.1</reference>
          <reference href="https://www.isa.org/products/ansi-isa-62443-3-3-99-03-03-2013-security-for-indu">SR 5.2</reference>
          <reference href="https://www.isa.org/products/ansi-isa-62443-3-3-99-03-03-2013-security-for-indu">SR 5.3</reference>
          <reference href="https://www.isa.org/products/ansi-isa-62443-3-3-99-03-03-2013-security-for-indu">SR 7.1</reference>
          <reference href="https://www.isa.org/products/ansi-isa-62443-3-3-99-03-03-2013-security-for-indu">SR 7.6</reference>
          <reference href="https://www.iso.org/contents/data/standard/05/45/54534.html">A.11.2.6</reference>
          <reference href="https://www.iso.org/contents/data/standard/05/45/54534.html">A.12.1.2</reference>
          <reference href="https://www.iso.org/contents/data/standard/05/45/54534.html">A.12.5.1</reference>
          <reference href="https://www.iso.org/contents/data/standard/05/45/54534.html">A.12.6.2</reference>
          <reference href="https://www.iso.org/contents/data/standard/05/45/54534.html">A.13.1.1</reference>
          <reference href="https://www.iso.org/contents/data/standard/05/45/54534.html">A.13.2.1</reference>
          <reference href="https://www.iso.org/contents/data/standard/05/45/54534.html">A.14.1.3</reference>
          <reference href="https://www.iso.org/contents/data/standard/05/45/54534.html">A.14.2.2</reference>
          <reference href="https://www.iso.org/contents/data/standard/05/45/54534.html">A.14.2.3</reference>
          <reference href="https://www.iso.org/contents/data/standard/05/45/54534.html">A.14.2.4</reference>
          <reference href="https://www.iso.org/contents/data/standard/05/45/54534.html">A.6.2.1</reference>
          <reference href="https://www.iso.org/contents/data/standard/05/45/54534.html">A.6.2.2</reference>
          <reference href="https://www.iso.org/contents/data/standard/05/45/54534.html">A.9.1.2</reference>
          <reference href="http://nvlpubs.nist.gov/nistpubs/SpecialPublications/NIST.SP.800-53r4.pdf">CM-7(a)</reference>
          <reference href="http://nvlpubs.nist.gov/nistpubs/SpecialPublications/NIST.SP.800-53r4.pdf">CM-7(b)</reference>
          <reference href="http://nvlpubs.nist.gov/nistpubs/SpecialPublications/NIST.SP.800-53r4.pdf">CM-6(a)</reference>
          <reference href="https://nvlpubs.nist.gov/nistpubs/CSWP/NIST.CSWP.04162018.pdf">PR.AC-3</reference>
          <reference href="https://nvlpubs.nist.gov/nistpubs/CSWP/NIST.CSWP.04162018.pdf">PR.IP-1</reference>
          <reference href="https://nvlpubs.nist.gov/nistpubs/CSWP/NIST.CSWP.04162018.pdf">PR.PT-3</reference>
          <reference href="https://nvlpubs.nist.gov/nistpubs/CSWP/NIST.CSWP.04162018.pdf">PR.PT-4</reference>
          <reference href="https://www.cisecurity.org/benchmark/suse_linux/">6.2.12</reference>
          <reference href="not_publicly_available">SLES-15-900300135</reference>
          <rationale xmlns:xhtml="http://www.w3.org/1999/xhtml" xml:lang="en-US">This action is only meaningful if <html:code xmlns:html="http://www.w3.org/1999/xhtml">.rhosts</html:code> support is permitted
through PAM. Trust files are convenient, but when used in conjunction with
the R-services, they can allow unauthenticated access to a system.</rationale>
          <platform idref="#package_rsh-server"/>
          <ident system="https://ncp.nist.gov/cce">CCE-91431-7</ident>
          <fix xmlns:xhtml="http://www.w3.org/1999/xhtml" id="no_rsh_trust_files" system="urn:xccdf:fix:script:sh"># Remediation is applicable only in certain platforms
if rpm --quiet -q rsh-server; then

find /root -xdev -type f -name ".rhosts" -exec rm -f {} \;
find /home -maxdepth 2 -xdev -type f -name ".rhosts" -exec rm -f {} \;
rm -f /etc/hosts.equiv

else
    &gt;&amp;2 echo 'Remediation is not applicable, nothing was done'
fi
</fix>
          <fix xmlns:xhtml="http://www.w3.org/1999/xhtml" id="no_rsh_trust_files" system="urn:xccdf:fix:script:ansible" complexity="low" disruption="low" strategy="restrict">- name: Gather the package facts
  package_facts:
    manager: auto
  tags:
  - CCE-91431-7
  - NIST-800-53-CM-6(a)
  - NIST-800-53-CM-7(a)
  - NIST-800-53-CM-7(b)
  - high_severity
  - low_complexity
  - low_disruption
  - no_reboot_needed
  - no_rsh_trust_files
  - restrict_strategy

- name: Detect .rhosts files in users home directories
  ansible.builtin.find:
    paths:
    - /root
    - /home
    recurse: true
    patterns: .rhosts
    hidden: true
    file_type: file
  check_mode: false
  register: rhosts_locations
  when: '"rsh-server" in ansible_facts.packages'
  tags:
  - CCE-91431-7
  - NIST-800-53-CM-6(a)
  - NIST-800-53-CM-7(a)
  - NIST-800-53-CM-7(b)
  - high_severity
  - low_complexity
  - low_disruption
  - no_reboot_needed
  - no_rsh_trust_files
  - restrict_strategy

- name: Remove .rhosts files
  ansible.builtin.file:
    path: '{{ item }}'
    state: absent
  with_items: '{{ rhosts_locations.files | map(attribute=''path'') | list }}'
  when:
  - '"rsh-server" in ansible_facts.packages'
  - rhosts_locations is success
  tags:
  - CCE-91431-7
  - NIST-800-53-CM-6(a)
  - NIST-800-53-CM-7(a)
  - NIST-800-53-CM-7(b)
  - high_severity
  - low_complexity
  - low_disruption
  - no_reboot_needed
  - no_rsh_trust_files
  - restrict_strategy

- name: Remove /etc/hosts.equiv file
  ansible.builtin.file:
    path: /etc/hosts.equiv
    state: absent
  when: '"rsh-server" in ansible_facts.packages'
  tags:
  - CCE-91431-7
  - NIST-800-53-CM-6(a)
  - NIST-800-53-CM-7(a)
  - NIST-800-53-CM-7(b)
  - high_severity
  - low_complexity
  - low_disruption
  - no_reboot_needed
  - no_rsh_trust_files
  - restrict_strategy
</fix>
          <check system="http://oval.mitre.org/XMLSchema/oval-definitions-5">
            <check-content-ref name="oval:ssg-no_rsh_trust_files:def:1" href="ssg-sle15-oval.xml"/>
          </check>
          <check system="http://scap.nist.gov/schema/ocil/2">
            <check-content-ref name="ocil:ssg-no_rsh_trust_files_ocil:questionnaire:1" href="ssg-sle15-ocil.xml"/>
          </check>
        </Rule>
        <Rule id="xccdf_org.ssgproject.content_rule_no_user_host_based_files" selected="false" role="full" severity="high">
          <title xmlns:xhtml="http://www.w3.org/1999/xhtml" xml:lang="en-US">Remove User Host-Based Authentication Files</title>
          <description xmlns:xhtml="http://www.w3.org/1999/xhtml" xml:lang="en-US">The <html:code xmlns:html="http://www.w3.org/1999/xhtml">~/.shosts</html:code> (in each user's home directory) files
list remote hosts and users that are trusted by the
local system. To remove these files, run the following command
to delete them from any location:
<html:pre xmlns:html="http://www.w3.org/1999/xhtml">$ sudo find / -name '.shosts' -type f -delete</html:pre>
       </description>
          <reference href="https://www.cyber.mil/stigs/downloads/?_dl_facet_stigs=operating-systems%2Cgeneral-purpose-os">SRG-OS-000480-GPOS-00227</reference>
          <reference href="https://www.cyber.mil/stigs/downloads/?_dl_facet_stigs=operating-systems%2Cunix-linux">SLES-15-040020</reference>
          <reference href="https://www.cyber.mil/stigs/srg-stig-tools/">SV-234984r991589_rule</reference>
          <rationale xmlns:xhtml="http://www.w3.org/1999/xhtml" xml:lang="en-US">The .shosts files are used to configure host-based authentication for
individual users or the system via SSH. Host-based authentication is not
sufficient for preventing unauthorized access to the system, as it does not
require interactive identification and authentication of a connection request,
or for the use of two-factor authentication.</rationale>
          <ident system="https://ncp.nist.gov/cce">CCE-85621-1</ident>
          <fix xmlns:xhtml="http://www.w3.org/1999/xhtml" id="no_user_host_based_files" system="urn:xccdf:fix:script:sh">
# Identify local mounts
MOUNT_LIST=$(df --local | awk '{ print $6 }')

# Find file on each listed mount point
for cur_mount in ${MOUNT_LIST}
do
	find ${cur_mount} -xdev -type f -name ".shosts" -exec rm -f {} \;
done
</fix>
          <fix xmlns:xhtml="http://www.w3.org/1999/xhtml" id="no_user_host_based_files" system="urn:xccdf:fix:script:ansible" complexity="low" disruption="low" strategy="restrict">- name: Remove User Host-Based Authentication Files - Define Excluded (Non-Local)
    File Systems and Paths
  ansible.builtin.set_fact:
    excluded_fstypes:
    - afs
    - autofs
    - ceph
    - cifs
    - smb3
    - smbfs
    - sshfs
    - ncpfs
    - ncp
    - nfs
    - nfs4
    - gfs
    - gfs2
    - glusterfs
    - gpfs
    - pvfs2
    - ocfs2
    - lustre
    - davfs
    - fuse.sshfs
    excluded_paths:
    - dev
    - proc
    - run
    - sys
    search_paths: []
  tags:
  - CCE-85621-1
  - DISA-STIG-SLES-15-040020
  - high_severity
  - low_complexity
  - low_disruption
  - no_reboot_needed
  - no_user_host_based_files
  - restrict_strategy

- name: Remove User Host-Based Authentication Files - Find Relevant Root Directories
    Ignoring Pre-Defined Excluded Paths
  ansible.builtin.find:
    paths: /
    file_type: directory
    excludes: '{{ excluded_paths }}'
    hidden: true
    recurse: false
  register: result_relevant_root_dirs
  tags:
  - CCE-85621-1
  - DISA-STIG-SLES-15-040020
  - high_severity
  - low_complexity
  - low_disruption
  - no_reboot_needed
  - no_user_host_based_files
  - restrict_strategy

- name: Remove User Host-Based Authentication Files - Include Relevant Root Directories
    in a List of Paths to be Searched
  ansible.builtin.set_fact:
    search_paths: '{{ search_paths | union([item.path]) }}'
  loop: '{{ result_relevant_root_dirs.files }}'
  tags:
  - CCE-85621-1
  - DISA-STIG-SLES-15-040020
  - high_severity
  - low_complexity
  - low_disruption
  - no_reboot_needed
  - no_user_host_based_files
  - restrict_strategy

- name: Remove User Host-Based Authentication Files - Increment Search Paths List
    with Local Partitions Mount Points
  ansible.builtin.set_fact:
    search_paths: '{{ search_paths | union([item.mount]) }}'
  loop: '{{ ansible_mounts }}'
  when:
  - item.fstype not in excluded_fstypes
  - item.mount != '/'
  tags:
  - CCE-85621-1
  - DISA-STIG-SLES-15-040020
  - high_severity
  - low_complexity
  - low_disruption
  - no_reboot_needed
  - no_user_host_based_files
  - restrict_strategy

- name: Remove User Host-Based Authentication Files - Increment Search Paths List
    with Local NFS File System Targets
  ansible.builtin.set_fact:
    search_paths: '{{ search_paths | union([item.device.split('':'')[1]]) }}'
  loop: '{{ ansible_mounts }}'
  when: item.device is search("localhost:")
  tags:
  - CCE-85621-1
  - DISA-STIG-SLES-15-040020
  - high_severity
  - low_complexity
  - low_disruption
  - no_reboot_needed
  - no_user_host_based_files
  - restrict_strategy

- name: Remove User Host-Based Authentication Files - Define Rule Specific Facts
  ansible.builtin.set_fact:
    user_shosts_files:
    - /.shosts
  tags:
  - CCE-85621-1
  - DISA-STIG-SLES-15-040020
  - high_severity
  - low_complexity
  - low_disruption
  - no_reboot_needed
  - no_user_host_based_files
  - restrict_strategy

- name: Remove User Host-Based Authentication Files - Find All .shosts Files in Local
    File Systems
  ansible.builtin.command:
    cmd: find {{ item }} -xdev -type f -name ".shosts"
  loop: '{{ search_paths }}'
  changed_when: false
  register: result_found_shosts_files
  tags:
  - CCE-85621-1
  - DISA-STIG-SLES-15-040020
  - high_severity
  - low_complexity
  - low_disruption
  - no_reboot_needed
  - no_user_host_based_files
  - restrict_strategy

- name: Remove User Host-Based Authentication Files - Create List of .shosts Files
    Present in Local File Systems
  ansible.builtin.set_fact:
    user_shosts_files: '{{ user_shosts_files | union(item.stdout_lines) | list }}'
  loop: '{{ result_found_shosts_files.results }}'
  tags:
  - CCE-85621-1
  - DISA-STIG-SLES-15-040020
  - high_severity
  - low_complexity
  - low_disruption
  - no_reboot_needed
  - no_user_host_based_files
  - restrict_strategy

- name: Remove User Host-Based Authentication Files - Ensure No .shosts Files Are
    Present in the System
  ansible.builtin.file:
    path: '{{ item }}'
    state: absent
  loop: '{{ user_shosts_files }}'
  tags:
  - CCE-85621-1
  - DISA-STIG-SLES-15-040020
  - high_severity
  - low_complexity
  - low_disruption
  - no_reboot_needed
  - no_user_host_based_files
  - restrict_strategy
</fix>
          <check system="http://oval.mitre.org/XMLSchema/oval-definitions-5">
            <check-content-ref name="oval:ssg-no_user_host_based_files:def:1" href="ssg-sle15-oval.xml"/>
          </check>
          <check system="http://scap.nist.gov/schema/ocil/2">
            <check-content-ref name="ocil:ssg-no_user_host_based_files_ocil:questionnaire:1" href="ssg-sle15-ocil.xml"/>
          </check>
        </Rule>
      </Group>
      <Group id="xccdf_org.ssgproject.content_group_talk">
        <title xmlns:xhtml="http://www.w3.org/1999/xhtml" xml:lang="en-US">Chat/Messaging Services</title>
        <description xmlns:xhtml="http://www.w3.org/1999/xhtml" xml:lang="en-US">The talk software makes it possible for users to send and receive messages
across systems through a terminal session.</description>
        <Rule id="xccdf_org.ssgproject.content_rule_package_talk-server_removed" selected="false" role="full" severity="medium">
          <title xmlns:xhtml="http://www.w3.org/1999/xhtml" xml:lang="en-US">Uninstall talk-server Package</title>
          <description xmlns:xhtml="http://www.w3.org/1999/xhtml" xml:lang="en-US">The <html:code xmlns:html="http://www.w3.org/1999/xhtml">talk-server</html:code> package can be removed with the following command: <html:pre xmlns:html="http://www.w3.org/1999/xhtml"> $ sudo zypper remove talk-server</html:pre>
       </description>
          <reference href="https://www.gpo.gov/fdsys/pkg/CFR-2007-title45-vol1/pdf/CFR-2007-title45-vol1-chapA-subchapC.pdf">164.308(a)(4)(i)</reference>
          <reference href="https://www.gpo.gov/fdsys/pkg/CFR-2007-title45-vol1/pdf/CFR-2007-title45-vol1-chapA-subchapC.pdf">164.308(b)(1)</reference>
          <reference href="https://www.gpo.gov/fdsys/pkg/CFR-2007-title45-vol1/pdf/CFR-2007-title45-vol1-chapA-subchapC.pdf">164.308(b)(3)</reference>
          <reference href="https://www.gpo.gov/fdsys/pkg/CFR-2007-title45-vol1/pdf/CFR-2007-title45-vol1-chapA-subchapC.pdf">164.310(b)</reference>
          <reference href="https://www.gpo.gov/fdsys/pkg/CFR-2007-title45-vol1/pdf/CFR-2007-title45-vol1-chapA-subchapC.pdf">164.312(e)(1)</reference>
          <reference href="https://www.gpo.gov/fdsys/pkg/CFR-2007-title45-vol1/pdf/CFR-2007-title45-vol1-chapA-subchapC.pdf">164.312(e)(2)(ii)</reference>
          <reference href="https://cyber.gouv.fr/sites/default/files/document/linux_configuration-en-v2.pdf">R62</reference>
          <reference href="https://docs-prv.pcisecuritystandards.org/PCI%20DSS/Standard/PCI-DSS-v4_0.pdf">2.2.4</reference>
          <reference href="https://docs-prv.pcisecuritystandards.org/PCI%20DSS/Standard/PCI-DSS-v4_0.pdf">2.2</reference>
          <rationale xmlns:xhtml="http://www.w3.org/1999/xhtml" xml:lang="en-US">The talk software presents a security risk as it uses unencrypted protocols
for communications. Removing the <html:code xmlns:html="http://www.w3.org/1999/xhtml">talk-server</html:code> package decreases the
risk of the accidental (or intentional) activation of talk services.</rationale>
          <ident system="https://ncp.nist.gov/cce">CCE-91433-3</ident>
          <fix xmlns:xhtml="http://www.w3.org/1999/xhtml" id="package_talk-server_removed" system="urn:xccdf:fix:script:puppet" complexity="low" disruption="low" strategy="disable">
include remove_talk-server

class remove_talk-server {
  package { 'talk-server':
    ensure =&gt; 'purged',
  }
}
</fix>
          <fix xmlns:xhtml="http://www.w3.org/1999/xhtml" id="package_talk-server_removed" system="urn:xccdf:fix:script:sh" complexity="low" disruption="low" strategy="disable">
# CAUTION: This remediation script will remove talk-server
# from the system, and may remove any packages
# that depend on talk-server. Execute this
# remediation AFTER testing on a non-production
# system!


zypper remove -y "talk-server"
</fix>
          <fix xmlns:xhtml="http://www.w3.org/1999/xhtml" id="package_talk-server_removed" system="urn:xccdf:fix:script:ansible" complexity="low" disruption="low" strategy="disable">- name: 'Uninstall talk-server Package: Ensure talk-server is removed'
  ansible.builtin.package:
    name: talk-server
    state: absent
  tags:
  - CCE-91433-3
  - PCI-DSSv4-2.2
  - PCI-DSSv4-2.2.4
  - disable_strategy
  - low_complexity
  - low_disruption
  - medium_severity
  - no_reboot_needed
  - package_talk-server_removed
</fix>
          <check system="http://oval.mitre.org/XMLSchema/oval-definitions-5">
            <check-content-ref name="oval:ssg-package_talk-server_removed:def:1" href="ssg-sle15-oval.xml"/>
          </check>
          <check system="http://scap.nist.gov/schema/ocil/2">
            <check-content-ref name="ocil:ssg-package_talk-server_removed_ocil:questionnaire:1" href="ssg-sle15-ocil.xml"/>
          </check>
        </Rule>
        <Rule id="xccdf_org.ssgproject.content_rule_package_talk_removed" selected="false" role="full" severity="medium">
          <title xmlns:xhtml="http://www.w3.org/1999/xhtml" xml:lang="en-US">Uninstall talk Package</title>
          <description xmlns:xhtml="http://www.w3.org/1999/xhtml" xml:lang="en-US">The <html:code xmlns:html="http://www.w3.org/1999/xhtml">talk</html:code> package contains the client program for the
Internet talk protocol, which allows the user to chat with other users on
different systems. Talk is a communication program which copies lines from one
terminal to the terminal of another user.
The <html:code xmlns:html="http://www.w3.org/1999/xhtml">talk</html:code> package can be removed with the following command:
<html:pre xmlns:html="http://www.w3.org/1999/xhtml">
$ sudo zypper remove talk</html:pre>
       </description>
          <reference href="https://www.gpo.gov/fdsys/pkg/CFR-2007-title45-vol1/pdf/CFR-2007-title45-vol1-chapA-subchapC.pdf">164.308(a)(4)(i)</reference>
          <reference href="https://www.gpo.gov/fdsys/pkg/CFR-2007-title45-vol1/pdf/CFR-2007-title45-vol1-chapA-subchapC.pdf">164.308(b)(1)</reference>
          <reference href="https://www.gpo.gov/fdsys/pkg/CFR-2007-title45-vol1/pdf/CFR-2007-title45-vol1-chapA-subchapC.pdf">164.308(b)(3)</reference>
          <reference href="https://www.gpo.gov/fdsys/pkg/CFR-2007-title45-vol1/pdf/CFR-2007-title45-vol1-chapA-subchapC.pdf">164.310(b)</reference>
          <reference href="https://www.gpo.gov/fdsys/pkg/CFR-2007-title45-vol1/pdf/CFR-2007-title45-vol1-chapA-subchapC.pdf">164.312(e)(1)</reference>
          <reference href="https://www.gpo.gov/fdsys/pkg/CFR-2007-title45-vol1/pdf/CFR-2007-title45-vol1-chapA-subchapC.pdf">164.312(e)(2)(ii)</reference>
          <reference href="https://www.cisecurity.org/benchmark/suse_linux/">2.3.3</reference>
          <reference href="https://cyber.gouv.fr/sites/default/files/document/linux_configuration-en-v2.pdf">R62</reference>
          <reference href="https://docs-prv.pcisecuritystandards.org/PCI%20DSS/Standard/PCI-DSS-v4_0.pdf">2.2.4</reference>
          <reference href="https://docs-prv.pcisecuritystandards.org/PCI%20DSS/Standard/PCI-DSS-v4_0.pdf">2.2</reference>
          <rationale xmlns:xhtml="http://www.w3.org/1999/xhtml" xml:lang="en-US">The talk software presents a security risk as it uses unencrypted protocols
for communications. Removing the <html:code xmlns:html="http://www.w3.org/1999/xhtml">talk</html:code> package decreases the
risk of the accidental (or intentional) activation of talk client program.</rationale>
          <ident system="https://ncp.nist.gov/cce">CCE-91432-5</ident>
          <fix xmlns:xhtml="http://www.w3.org/1999/xhtml" id="package_talk_removed" system="urn:xccdf:fix:script:puppet" complexity="low" disruption="low" strategy="disable">
include remove_talk

class remove_talk {
  package { 'talk':
    ensure =&gt; 'purged',
  }
}
</fix>
          <fix xmlns:xhtml="http://www.w3.org/1999/xhtml" id="package_talk_removed" system="urn:xccdf:fix:script:sh" complexity="low" disruption="low" strategy="disable">
# CAUTION: This remediation script will remove talk
# from the system, and may remove any packages
# that depend on talk. Execute this
# remediation AFTER testing on a non-production
# system!


zypper remove -y "talk"
</fix>
          <fix xmlns:xhtml="http://www.w3.org/1999/xhtml" id="package_talk_removed" system="urn:xccdf:fix:script:ansible" complexity="low" disruption="low" strategy="disable">- name: 'Uninstall talk Package: Ensure talk is removed'
  ansible.builtin.package:
    name: talk
    state: absent
  tags:
  - CCE-91432-5
  - PCI-DSSv4-2.2
  - PCI-DSSv4-2.2.4
  - disable_strategy
  - low_complexity
  - low_disruption
  - medium_severity
  - no_reboot_needed
  - package_talk_removed
</fix>
          <check system="http://oval.mitre.org/XMLSchema/oval-definitions-5">
            <check-content-ref name="oval:ssg-package_talk_removed:def:1" href="ssg-sle15-oval.xml"/>
          </check>
          <check system="http://scap.nist.gov/schema/ocil/2">
            <check-content-ref name="ocil:ssg-package_talk_removed_ocil:questionnaire:1" href="ssg-sle15-ocil.xml"/>
          </check>
        </Rule>
      </Group>
      <Group id="xccdf_org.ssgproject.content_group_telnet">
        <title xmlns:xhtml="http://www.w3.org/1999/xhtml" xml:lang="en-US">Telnet</title>
        <description xmlns:xhtml="http://www.w3.org/1999/xhtml" xml:lang="en-US">The telnet protocol does not provide confidentiality or integrity
for information transmitted on the network. This includes authentication
information such as passwords. Organizations which use telnet should be
actively working to migrate to a more secure protocol.</description>
        <Rule id="xccdf_org.ssgproject.content_rule_package_telnet-server_removed" selected="false" role="full" severity="high">
          <title xmlns:xhtml="http://www.w3.org/1999/xhtml" xml:lang="en-US">Uninstall telnet-server Package</title>
          <description xmlns:xhtml="http://www.w3.org/1999/xhtml" xml:lang="en-US">The <html:code xmlns:html="http://www.w3.org/1999/xhtml">telnet-server</html:code> package can be removed with the following command:
<html:pre xmlns:html="http://www.w3.org/1999/xhtml">
$ sudo zypper remove telnet-server</html:pre>
       </description>
          <reference href="https://www.cisecurity.org/controls/">11</reference>
          <reference href="https://www.cisecurity.org/controls/">12</reference>
          <reference href="https://www.cisecurity.org/controls/">14</reference>
          <reference href="https://www.cisecurity.org/controls/">15</reference>
          <reference href="https://www.cisecurity.org/controls/">3</reference>
          <reference href="https://www.cisecurity.org/controls/">8</reference>
          <reference href="https://www.cisecurity.org/controls/">9</reference>
          <reference href="https://www.isaca.org/resources/cobit">APO13.01</reference>
          <reference href="https://www.isaca.org/resources/cobit">BAI10.01</reference>
          <reference href="https://www.isaca.org/resources/cobit">BAI10.02</reference>
          <reference href="https://www.isaca.org/resources/cobit">BAI10.03</reference>
          <reference href="https://www.isaca.org/resources/cobit">BAI10.05</reference>
          <reference href="https://www.isaca.org/resources/cobit">DSS01.04</reference>
          <reference href="https://www.isaca.org/resources/cobit">DSS05.02</reference>
          <reference href="https://www.isaca.org/resources/cobit">DSS05.03</reference>
          <reference href="https://www.isaca.org/resources/cobit">DSS05.05</reference>
          <reference href="https://www.isaca.org/resources/cobit">DSS06.06</reference>
          <reference href="https://www.gpo.gov/fdsys/pkg/CFR-2007-title45-vol1/pdf/CFR-2007-title45-vol1-chapA-subchapC.pdf">164.308(a)(4)(i)</reference>
          <reference href="https://www.gpo.gov/fdsys/pkg/CFR-2007-title45-vol1/pdf/CFR-2007-title45-vol1-chapA-subchapC.pdf">164.308(b)(1)</reference>
          <reference href="https://www.gpo.gov/fdsys/pkg/CFR-2007-title45-vol1/pdf/CFR-2007-title45-vol1-chapA-subchapC.pdf">164.308(b)(3)</reference>
          <reference href="https://www.gpo.gov/fdsys/pkg/CFR-2007-title45-vol1/pdf/CFR-2007-title45-vol1-chapA-subchapC.pdf">164.310(b)</reference>
          <reference href="https://www.gpo.gov/fdsys/pkg/CFR-2007-title45-vol1/pdf/CFR-2007-title45-vol1-chapA-subchapC.pdf">164.312(e)(1)</reference>
          <reference href="https://www.gpo.gov/fdsys/pkg/CFR-2007-title45-vol1/pdf/CFR-2007-title45-vol1-chapA-subchapC.pdf">164.312(e)(2)(ii)</reference>
          <reference href="https://www.isa.org/products/isa-62443-2-1-2009-security-for-industrial-automat">4.3.3.5.1</reference>
          <reference href="https://www.isa.org/products/isa-62443-2-1-2009-security-for-industrial-automat">4.3.3.5.2</reference>
          <reference href="https://www.isa.org/products/isa-62443-2-1-2009-security-for-industrial-automat">4.3.3.5.3</reference>
          <reference href="https://www.isa.org/products/isa-62443-2-1-2009-security-for-industrial-automat">4.3.3.5.4</reference>
          <reference href="https://www.isa.org/products/isa-62443-2-1-2009-security-for-industrial-automat">4.3.3.5.5</reference>
          <reference href="https://www.isa.org/products/isa-62443-2-1-2009-security-for-industrial-automat">4.3.3.5.6</reference>
          <reference href="https://www.isa.org/products/isa-62443-2-1-2009-security-for-industrial-automat">4.3.3.5.7</reference>
          <reference href="https://www.isa.org/products/isa-62443-2-1-2009-security-for-industrial-automat">4.3.3.5.8</reference>
          <reference href="https://www.isa.org/products/isa-62443-2-1-2009-security-for-industrial-automat">4.3.3.6.1</reference>
          <reference href="https://www.isa.org/products/isa-62443-2-1-2009-security-for-industrial-automat">4.3.3.6.2</reference>
          <reference href="https://www.isa.org/products/isa-62443-2-1-2009-security-for-industrial-automat">4.3.3.6.3</reference>
          <reference href="https://www.isa.org/products/isa-62443-2-1-2009-security-for-industrial-automat">4.3.3.6.4</reference>
          <reference href="https://www.isa.org/products/isa-62443-2-1-2009-security-for-industrial-automat">4.3.3.6.5</reference>
          <reference href="https://www.isa.org/products/isa-62443-2-1-2009-security-for-industrial-automat">4.3.3.6.6</reference>
          <reference href="https://www.isa.org/products/isa-62443-2-1-2009-security-for-industrial-automat">4.3.3.6.7</reference>
          <reference href="https://www.isa.org/products/isa-62443-2-1-2009-security-for-industrial-automat">4.3.3.6.8</reference>
          <reference href="https://www.isa.org/products/isa-62443-2-1-2009-security-for-industrial-automat">4.3.3.6.9</reference>
          <reference href="https://www.isa.org/products/isa-62443-2-1-2009-security-for-industrial-automat">4.3.3.7.1</reference>
          <reference href="https://www.isa.org/products/isa-62443-2-1-2009-security-for-industrial-automat">4.3.3.7.2</reference>
          <reference href="https://www.isa.org/products/isa-62443-2-1-2009-security-for-industrial-automat">4.3.3.7.3</reference>
          <reference href="https://www.isa.org/products/isa-62443-2-1-2009-security-for-industrial-automat">4.3.3.7.4</reference>
          <reference href="https://www.isa.org/products/isa-62443-2-1-2009-security-for-industrial-automat">4.3.4.3.2</reference>
          <reference href="https://www.isa.org/products/isa-62443-2-1-2009-security-for-industrial-automat">4.3.4.3.3</reference>
          <reference href="https://www.isa.org/products/ansi-isa-62443-3-3-99-03-03-2013-security-for-indu">SR 1.1</reference>
          <reference href="https://www.isa.org/products/ansi-isa-62443-3-3-99-03-03-2013-security-for-indu">SR 1.10</reference>
          <reference href="https://www.isa.org/products/ansi-isa-62443-3-3-99-03-03-2013-security-for-indu">SR 1.11</reference>
          <reference href="https://www.isa.org/products/ansi-isa-62443-3-3-99-03-03-2013-security-for-indu">SR 1.12</reference>
          <reference href="https://www.isa.org/products/ansi-isa-62443-3-3-99-03-03-2013-security-for-indu">SR 1.13</reference>
          <reference href="https://www.isa.org/products/ansi-isa-62443-3-3-99-03-03-2013-security-for-indu">SR 1.2</reference>
          <reference href="https://www.isa.org/products/ansi-isa-62443-3-3-99-03-03-2013-security-for-indu">SR 1.3</reference>
          <reference href="https://www.isa.org/products/ansi-isa-62443-3-3-99-03-03-2013-security-for-indu">SR 1.4</reference>
          <reference href="https://www.isa.org/products/ansi-isa-62443-3-3-99-03-03-2013-security-for-indu">SR 1.5</reference>
          <reference href="https://www.isa.org/products/ansi-isa-62443-3-3-99-03-03-2013-security-for-indu">SR 1.6</reference>
          <reference href="https://www.isa.org/products/ansi-isa-62443-3-3-99-03-03-2013-security-for-indu">SR 1.7</reference>
          <reference href="https://www.isa.org/products/ansi-isa-62443-3-3-99-03-03-2013-security-for-indu">SR 1.8</reference>
          <reference href="https://www.isa.org/products/ansi-isa-62443-3-3-99-03-03-2013-security-for-indu">SR 1.9</reference>
          <reference href="https://www.isa.org/products/ansi-isa-62443-3-3-99-03-03-2013-security-for-indu">SR 2.1</reference>
          <reference href="https://www.isa.org/products/ansi-isa-62443-3-3-99-03-03-2013-security-for-indu">SR 2.2</reference>
          <reference href="https://www.isa.org/products/ansi-isa-62443-3-3-99-03-03-2013-security-for-indu">SR 2.3</reference>
          <reference href="https://www.isa.org/products/ansi-isa-62443-3-3-99-03-03-2013-security-for-indu">SR 2.4</reference>
          <reference href="https://www.isa.org/products/ansi-isa-62443-3-3-99-03-03-2013-security-for-indu">SR 2.5</reference>
          <reference href="https://www.isa.org/products/ansi-isa-62443-3-3-99-03-03-2013-security-for-indu">SR 2.6</reference>
          <reference href="https://www.isa.org/products/ansi-isa-62443-3-3-99-03-03-2013-security-for-indu">SR 2.7</reference>
          <reference href="https://www.isa.org/products/ansi-isa-62443-3-3-99-03-03-2013-security-for-indu">SR 3.1</reference>
          <reference href="https://www.isa.org/products/ansi-isa-62443-3-3-99-03-03-2013-security-for-indu">SR 3.5</reference>
          <reference href="https://www.isa.org/products/ansi-isa-62443-3-3-99-03-03-2013-security-for-indu">SR 3.8</reference>
          <reference href="https://www.isa.org/products/ansi-isa-62443-3-3-99-03-03-2013-security-for-indu">SR 4.1</reference>
          <reference href="https://www.isa.org/products/ansi-isa-62443-3-3-99-03-03-2013-security-for-indu">SR 4.3</reference>
          <reference href="https://www.isa.org/products/ansi-isa-62443-3-3-99-03-03-2013-security-for-indu">SR 5.1</reference>
          <reference href="https://www.isa.org/products/ansi-isa-62443-3-3-99-03-03-2013-security-for-indu">SR 5.2</reference>
          <reference href="https://www.isa.org/products/ansi-isa-62443-3-3-99-03-03-2013-security-for-indu">SR 5.3</reference>
          <reference href="https://www.isa.org/products/ansi-isa-62443-3-3-99-03-03-2013-security-for-indu">SR 7.1</reference>
          <reference href="https://www.isa.org/products/ansi-isa-62443-3-3-99-03-03-2013-security-for-indu">SR 7.6</reference>
          <reference href="https://www.iso.org/contents/data/standard/05/45/54534.html">A.11.2.6</reference>
          <reference href="https://www.iso.org/contents/data/standard/05/45/54534.html">A.12.1.2</reference>
          <reference href="https://www.iso.org/contents/data/standard/05/45/54534.html">A.12.5.1</reference>
          <reference href="https://www.iso.org/contents/data/standard/05/45/54534.html">A.12.6.2</reference>
          <reference href="https://www.iso.org/contents/data/standard/05/45/54534.html">A.13.1.1</reference>
          <reference href="https://www.iso.org/contents/data/standard/05/45/54534.html">A.13.2.1</reference>
          <reference href="https://www.iso.org/contents/data/standard/05/45/54534.html">A.14.1.3</reference>
          <reference href="https://www.iso.org/contents/data/standard/05/45/54534.html">A.14.2.2</reference>
          <reference href="https://www.iso.org/contents/data/standard/05/45/54534.html">A.14.2.3</reference>
          <reference href="https://www.iso.org/contents/data/standard/05/45/54534.html">A.14.2.4</reference>
          <reference href="https://www.iso.org/contents/data/standard/05/45/54534.html">A.6.2.1</reference>
          <reference href="https://www.iso.org/contents/data/standard/05/45/54534.html">A.6.2.2</reference>
          <reference href="https://www.iso.org/contents/data/standard/05/45/54534.html">A.9.1.2</reference>
          <reference href="http://nvlpubs.nist.gov/nistpubs/SpecialPublications/NIST.SP.800-53r4.pdf">CM-7(a)</reference>
          <reference href="http://nvlpubs.nist.gov/nistpubs/SpecialPublications/NIST.SP.800-53r4.pdf">CM-7(b)</reference>
          <reference href="http://nvlpubs.nist.gov/nistpubs/SpecialPublications/NIST.SP.800-53r4.pdf">CM-6(a)</reference>
          <reference href="https://nvlpubs.nist.gov/nistpubs/CSWP/NIST.CSWP.04162018.pdf">PR.AC-3</reference>
          <reference href="https://nvlpubs.nist.gov/nistpubs/CSWP/NIST.CSWP.04162018.pdf">PR.IP-1</reference>
          <reference href="https://nvlpubs.nist.gov/nistpubs/CSWP/NIST.CSWP.04162018.pdf">PR.PT-3</reference>
          <reference href="https://nvlpubs.nist.gov/nistpubs/CSWP/NIST.CSWP.04162018.pdf">PR.PT-4</reference>
          <reference href="https://www.pcisecuritystandards.org/documents/PCI_DSS_v3-2-1.pdf">Req-2.2.2</reference>
          <reference href="https://www.cyber.mil/stigs/downloads/?_dl_facet_stigs=operating-systems%2Cgeneral-purpose-os">SRG-OS-000095-GPOS-00049</reference>
          <reference href="https://www.cyber.mil/stigs/downloads/?_dl_facet_stigs=operating-systems%2Cunix-linux">SLES-15-010180</reference>
          <reference href="https://www.cisecurity.org/benchmark/suse_linux/">2.2.19</reference>
          <reference href="https://cyber.gouv.fr/sites/default/files/document/linux_configuration-en-v2.pdf">R62</reference>
          <reference href="not_publicly_available">SLES-15-300150240</reference>
          <reference href="https://www.cyber.gov.au/acsc/view-all-content/ism">1409</reference>
          <reference href="https://docs-prv.pcisecuritystandards.org/PCI%20DSS/Standard/PCI-DSS-v4_0.pdf">2.2.4</reference>
          <reference href="https://docs-prv.pcisecuritystandards.org/PCI%20DSS/Standard/PCI-DSS-v4_0.pdf">2.2</reference>
          <reference href="https://www.cyber.mil/stigs/srg-stig-tools/">SV-234818r987796_rule</reference>
          <rationale xmlns:xhtml="http://www.w3.org/1999/xhtml" xml:lang="en-US">It is detrimental for operating systems to provide, or install by default,
functionality exceeding requirements or mission objectives. These
unnecessary capabilities are often overlooked and therefore may remain
insecure. They increase the risk to the platform by providing additional
attack vectors.
<html:br xmlns:html="http://www.w3.org/1999/xhtml"/>
The telnet service provides an unencrypted remote access service which does
not provide for the confidentiality and integrity of user passwords or the
remote session. If a privileged user were to login using this service, the
privileged user password could be compromised.
<html:br xmlns:html="http://www.w3.org/1999/xhtml"/>
Removing the <html:code xmlns:html="http://www.w3.org/1999/xhtml">telnet-server</html:code> package decreases the risk of the
telnet service's accidental (or intentional) activation.</rationale>
          <ident system="https://ncp.nist.gov/cce">CCE-83273-3</ident>
          <fix xmlns:xhtml="http://www.w3.org/1999/xhtml" id="package_telnet-server_removed" system="urn:xccdf:fix:script:puppet" complexity="low" disruption="low" strategy="disable">
include remove_telnet-server

class remove_telnet-server {
  package { 'telnet-server':
    ensure =&gt; 'purged',
  }
}
</fix>
          <fix xmlns:xhtml="http://www.w3.org/1999/xhtml" id="package_telnet-server_removed" system="urn:xccdf:fix:script:sh" complexity="low" disruption="low" strategy="disable">
# CAUTION: This remediation script will remove telnet-server
# from the system, and may remove any packages
# that depend on telnet-server. Execute this
# remediation AFTER testing on a non-production
# system!


zypper remove -y "telnet-server"
</fix>
          <fix xmlns:xhtml="http://www.w3.org/1999/xhtml" id="package_telnet-server_removed" system="urn:xccdf:fix:script:ansible" complexity="low" disruption="low" strategy="disable">- name: 'Uninstall telnet-server Package: Ensure telnet-server is removed'
  ansible.builtin.package:
    name: telnet-server
    state: absent
  tags:
  - CCE-83273-3
  - DISA-STIG-SLES-15-010180
  - NIST-800-53-CM-6(a)
  - NIST-800-53-CM-7(a)
  - NIST-800-53-CM-7(b)
  - PCI-DSS-Req-2.2.2
  - PCI-DSSv4-2.2
  - PCI-DSSv4-2.2.4
  - disable_strategy
  - high_severity
  - low_complexity
  - low_disruption
  - no_reboot_needed
  - package_telnet-server_removed
</fix>
          <check system="http://oval.mitre.org/XMLSchema/oval-definitions-5">
            <check-content-ref name="oval:ssg-package_telnet-server_removed:def:1" href="ssg-sle15-oval.xml"/>
          </check>
          <check system="http://scap.nist.gov/schema/ocil/2">
            <check-content-ref name="ocil:ssg-package_telnet-server_removed_ocil:questionnaire:1" href="ssg-sle15-ocil.xml"/>
          </check>
        </Rule>
        <Rule id="xccdf_org.ssgproject.content_rule_package_telnet_removed" selected="false" role="full" severity="low">
          <title xmlns:xhtml="http://www.w3.org/1999/xhtml" xml:lang="en-US">Remove telnet Clients</title>
          <description xmlns:xhtml="http://www.w3.org/1999/xhtml" xml:lang="en-US">The telnet client allows users to start connections to other systems via
the telnet protocol.</description>
          <reference href="http://nvlpubs.nist.gov/nistpubs/SpecialPublications/NIST.SP.800-171.pdf">3.1.13</reference>
          <reference href="https://www.gpo.gov/fdsys/pkg/CFR-2007-title45-vol1/pdf/CFR-2007-title45-vol1-chapA-subchapC.pdf">164.308(a)(4)(i)</reference>
          <reference href="https://www.gpo.gov/fdsys/pkg/CFR-2007-title45-vol1/pdf/CFR-2007-title45-vol1-chapA-subchapC.pdf">164.308(b)(1)</reference>
          <reference href="https://www.gpo.gov/fdsys/pkg/CFR-2007-title45-vol1/pdf/CFR-2007-title45-vol1-chapA-subchapC.pdf">164.308(b)(3)</reference>
          <reference href="https://www.gpo.gov/fdsys/pkg/CFR-2007-title45-vol1/pdf/CFR-2007-title45-vol1-chapA-subchapC.pdf">164.310(b)</reference>
          <reference href="https://www.gpo.gov/fdsys/pkg/CFR-2007-title45-vol1/pdf/CFR-2007-title45-vol1-chapA-subchapC.pdf">164.312(e)(1)</reference>
          <reference href="https://www.gpo.gov/fdsys/pkg/CFR-2007-title45-vol1/pdf/CFR-2007-title45-vol1-chapA-subchapC.pdf">164.312(e)(2)(ii)</reference>
          <reference href="https://www.iso.org/contents/data/standard/05/45/54534.html">A.8.2.3</reference>
          <reference href="https://www.iso.org/contents/data/standard/05/45/54534.html">A.13.1.1</reference>
          <reference href="https://www.iso.org/contents/data/standard/05/45/54534.html">A.13.2.1</reference>
          <reference href="https://www.iso.org/contents/data/standard/05/45/54534.html">A.13.2.3</reference>
          <reference href="https://www.iso.org/contents/data/standard/05/45/54534.html">A.14.1.2</reference>
          <reference href="https://www.iso.org/contents/data/standard/05/45/54534.html">A.14.1.3</reference>
          <reference href="https://www.cisecurity.org/benchmark/suse_linux/">2.3.4</reference>
          <reference href="https://cyber.gouv.fr/sites/default/files/document/linux_configuration-en-v2.pdf">R62</reference>
          <reference href="not_publicly_available">SLES-15-300300060</reference>
          <reference href="https://www.cyber.gov.au/acsc/view-all-content/ism">1409</reference>
          <reference href="https://docs-prv.pcisecuritystandards.org/PCI%20DSS/Standard/PCI-DSS-v4_0.pdf">2.2.4</reference>
          <reference href="https://docs-prv.pcisecuritystandards.org/PCI%20DSS/Standard/PCI-DSS-v4_0.pdf">2.2</reference>
          <rationale xmlns:xhtml="http://www.w3.org/1999/xhtml" xml:lang="en-US">The <html:code xmlns:html="http://www.w3.org/1999/xhtml">telnet</html:code> protocol is insecure and unencrypted. The use
of an unencrypted transmission medium could allow an unauthorized user
to steal credentials. The <html:code xmlns:html="http://www.w3.org/1999/xhtml">ssh</html:code> package provides an
encrypted session and stronger security and is included in SUSE Linux Enterprise 15.</rationale>
          <ident system="https://ncp.nist.gov/cce">CCE-91434-1</ident>
          <fix xmlns:xhtml="http://www.w3.org/1999/xhtml" id="package_telnet_removed" system="urn:xccdf:fix:script:puppet" complexity="low" disruption="low" strategy="disable">
include remove_telnet

class remove_telnet {
  package { 'telnet':
    ensure =&gt; 'purged',
  }
}
</fix>
          <fix xmlns:xhtml="http://www.w3.org/1999/xhtml" id="package_telnet_removed" system="urn:xccdf:fix:script:sh" complexity="low" disruption="low" strategy="disable">
# CAUTION: This remediation script will remove telnet
# from the system, and may remove any packages
# that depend on telnet. Execute this
# remediation AFTER testing on a non-production
# system!


zypper remove -y "telnet"
</fix>
          <fix xmlns:xhtml="http://www.w3.org/1999/xhtml" id="package_telnet_removed" system="urn:xccdf:fix:script:ansible" complexity="low" disruption="low" strategy="disable">- name: 'Remove telnet Clients: Ensure telnet is removed'
  ansible.builtin.package:
    name: telnet
    state: absent
  tags:
  - CCE-91434-1
  - NIST-800-171-3.1.13
  - PCI-DSSv4-2.2
  - PCI-DSSv4-2.2.4
  - disable_strategy
  - low_complexity
  - low_disruption
  - low_severity
  - no_reboot_needed
  - package_telnet_removed
</fix>
          <check system="http://oval.mitre.org/XMLSchema/oval-definitions-5">
            <check-content-ref name="oval:ssg-package_telnet_removed:def:1" href="ssg-sle15-oval.xml"/>
          </check>
          <check system="http://scap.nist.gov/schema/ocil/2">
            <check-content-ref name="ocil:ssg-package_telnet_removed_ocil:questionnaire:1" href="ssg-sle15-ocil.xml"/>
          </check>
        </Rule>
        <Rule id="xccdf_org.ssgproject.content_rule_service_telnet_disabled" selected="false" role="full" severity="high">
          <title xmlns:xhtml="http://www.w3.org/1999/xhtml" xml:lang="en-US">Disable telnet Service</title>
          <description xmlns:xhtml="http://www.w3.org/1999/xhtml" xml:lang="en-US">Make sure that the activation of the <html:code xmlns:html="http://www.w3.org/1999/xhtml">telnet</html:code> service on system boot is disabled.

The <html:code xmlns:html="http://www.w3.org/1999/xhtml">telnet</html:code> socket can be disabled with the following command:
<html:pre xmlns:html="http://www.w3.org/1999/xhtml">$ sudo systemctl mask --now telnet.socket</html:pre>
       </description>
          <warning xmlns:xhtml="http://www.w3.org/1999/xhtml" xml:lang="en-US" category="general">If the system relies on <html:code xmlns:html="http://www.w3.org/1999/xhtml">xinetd</html:code> to manage telnet sessions, ensure the telnet service
is disabled by the following line: <html:code xmlns:html="http://www.w3.org/1999/xhtml">disable = yes</html:code>. Note that the xinetd file for
telnet is not created automatically, therefore it might have different names.</warning>
          <reference href="https://www.cisecurity.org/controls/">1</reference>
          <reference href="https://www.cisecurity.org/controls/">11</reference>
          <reference href="https://www.cisecurity.org/controls/">12</reference>
          <reference href="https://www.cisecurity.org/controls/">14</reference>
          <reference href="https://www.cisecurity.org/controls/">15</reference>
          <reference href="https://www.cisecurity.org/controls/">16</reference>
          <reference href="https://www.cisecurity.org/controls/">3</reference>
          <reference href="https://www.cisecurity.org/controls/">5</reference>
          <reference href="https://www.cisecurity.org/controls/">8</reference>
          <reference href="https://www.cisecurity.org/controls/">9</reference>
          <reference href="https://www.isaca.org/resources/cobit">APO13.01</reference>
          <reference href="https://www.isaca.org/resources/cobit">BAI10.01</reference>
          <reference href="https://www.isaca.org/resources/cobit">BAI10.02</reference>
          <reference href="https://www.isaca.org/resources/cobit">BAI10.03</reference>
          <reference href="https://www.isaca.org/resources/cobit">BAI10.05</reference>
          <reference href="https://www.isaca.org/resources/cobit">DSS01.04</reference>
          <reference href="https://www.isaca.org/resources/cobit">DSS05.02</reference>
          <reference href="https://www.isaca.org/resources/cobit">DSS05.03</reference>
          <reference href="https://www.isaca.org/resources/cobit">DSS05.04</reference>
          <reference href="https://www.isaca.org/resources/cobit">DSS05.05</reference>
          <reference href="https://www.isaca.org/resources/cobit">DSS05.07</reference>
          <reference href="https://www.isaca.org/resources/cobit">DSS05.10</reference>
          <reference href="https://www.isaca.org/resources/cobit">DSS06.03</reference>
          <reference href="https://www.isaca.org/resources/cobit">DSS06.06</reference>
          <reference href="https://www.isaca.org/resources/cobit">DSS06.10</reference>
          <reference href="http://nvlpubs.nist.gov/nistpubs/SpecialPublications/NIST.SP.800-171.pdf">3.1.13</reference>
          <reference href="http://nvlpubs.nist.gov/nistpubs/SpecialPublications/NIST.SP.800-171.pdf">3.4.7</reference>
          <reference href="https://www.gpo.gov/fdsys/pkg/CFR-2007-title45-vol1/pdf/CFR-2007-title45-vol1-chapA-subchapC.pdf">164.308(a)(4)(i)</reference>
          <reference href="https://www.gpo.gov/fdsys/pkg/CFR-2007-title45-vol1/pdf/CFR-2007-title45-vol1-chapA-subchapC.pdf">164.308(b)(1)</reference>
          <reference href="https://www.gpo.gov/fdsys/pkg/CFR-2007-title45-vol1/pdf/CFR-2007-title45-vol1-chapA-subchapC.pdf">164.308(b)(3)</reference>
          <reference href="https://www.gpo.gov/fdsys/pkg/CFR-2007-title45-vol1/pdf/CFR-2007-title45-vol1-chapA-subchapC.pdf">164.310(b)</reference>
          <reference href="https://www.gpo.gov/fdsys/pkg/CFR-2007-title45-vol1/pdf/CFR-2007-title45-vol1-chapA-subchapC.pdf">164.312(e)(1)</reference>
          <reference href="https://www.gpo.gov/fdsys/pkg/CFR-2007-title45-vol1/pdf/CFR-2007-title45-vol1-chapA-subchapC.pdf">164.312(e)(2)(ii)</reference>
          <reference href="https://www.isa.org/products/isa-62443-2-1-2009-security-for-industrial-automat">4.3.3.2.2</reference>
          <reference href="https://www.isa.org/products/isa-62443-2-1-2009-security-for-industrial-automat">4.3.3.5.1</reference>
          <reference href="https://www.isa.org/products/isa-62443-2-1-2009-security-for-industrial-automat">4.3.3.5.2</reference>
          <reference href="https://www.isa.org/products/isa-62443-2-1-2009-security-for-industrial-automat">4.3.3.5.3</reference>
          <reference href="https://www.isa.org/products/isa-62443-2-1-2009-security-for-industrial-automat">4.3.3.5.4</reference>
          <reference href="https://www.isa.org/products/isa-62443-2-1-2009-security-for-industrial-automat">4.3.3.5.5</reference>
          <reference href="https://www.isa.org/products/isa-62443-2-1-2009-security-for-industrial-automat">4.3.3.5.6</reference>
          <reference href="https://www.isa.org/products/isa-62443-2-1-2009-security-for-industrial-automat">4.3.3.5.7</reference>
          <reference href="https://www.isa.org/products/isa-62443-2-1-2009-security-for-industrial-automat">4.3.3.5.8</reference>
          <reference href="https://www.isa.org/products/isa-62443-2-1-2009-security-for-industrial-automat">4.3.3.6.1</reference>
          <reference href="https://www.isa.org/products/isa-62443-2-1-2009-security-for-industrial-automat">4.3.3.6.2</reference>
          <reference href="https://www.isa.org/products/isa-62443-2-1-2009-security-for-industrial-automat">4.3.3.6.3</reference>
          <reference href="https://www.isa.org/products/isa-62443-2-1-2009-security-for-industrial-automat">4.3.3.6.4</reference>
          <reference href="https://www.isa.org/products/isa-62443-2-1-2009-security-for-industrial-automat">4.3.3.6.5</reference>
          <reference href="https://www.isa.org/products/isa-62443-2-1-2009-security-for-industrial-automat">4.3.3.6.6</reference>
          <reference href="https://www.isa.org/products/isa-62443-2-1-2009-security-for-industrial-automat">4.3.3.6.7</reference>
          <reference href="https://www.isa.org/products/isa-62443-2-1-2009-security-for-industrial-automat">4.3.3.6.8</reference>
          <reference href="https://www.isa.org/products/isa-62443-2-1-2009-security-for-industrial-automat">4.3.3.6.9</reference>
          <reference href="https://www.isa.org/products/isa-62443-2-1-2009-security-for-industrial-automat">4.3.3.7.1</reference>
          <reference href="https://www.isa.org/products/isa-62443-2-1-2009-security-for-industrial-automat">4.3.3.7.2</reference>
          <reference href="https://www.isa.org/products/isa-62443-2-1-2009-security-for-industrial-automat">4.3.3.7.3</reference>
          <reference href="https://www.isa.org/products/isa-62443-2-1-2009-security-for-industrial-automat">4.3.3.7.4</reference>
          <reference href="https://www.isa.org/products/isa-62443-2-1-2009-security-for-industrial-automat">4.3.4.3.2</reference>
          <reference href="https://www.isa.org/products/isa-62443-2-1-2009-security-for-industrial-automat">4.3.4.3.3</reference>
          <reference href="https://www.isa.org/products/ansi-isa-62443-3-3-99-03-03-2013-security-for-indu">SR 1.1</reference>
          <reference href="https://www.isa.org/products/ansi-isa-62443-3-3-99-03-03-2013-security-for-indu">SR 1.10</reference>
          <reference href="https://www.isa.org/products/ansi-isa-62443-3-3-99-03-03-2013-security-for-indu">SR 1.11</reference>
          <reference href="https://www.isa.org/products/ansi-isa-62443-3-3-99-03-03-2013-security-for-indu">SR 1.12</reference>
          <reference href="https://www.isa.org/products/ansi-isa-62443-3-3-99-03-03-2013-security-for-indu">SR 1.13</reference>
          <reference href="https://www.isa.org/products/ansi-isa-62443-3-3-99-03-03-2013-security-for-indu">SR 1.2</reference>
          <reference href="https://www.isa.org/products/ansi-isa-62443-3-3-99-03-03-2013-security-for-indu">SR 1.3</reference>
          <reference href="https://www.isa.org/products/ansi-isa-62443-3-3-99-03-03-2013-security-for-indu">SR 1.4</reference>
          <reference href="https://www.isa.org/products/ansi-isa-62443-3-3-99-03-03-2013-security-for-indu">SR 1.5</reference>
          <reference href="https://www.isa.org/products/ansi-isa-62443-3-3-99-03-03-2013-security-for-indu">SR 1.6</reference>
          <reference href="https://www.isa.org/products/ansi-isa-62443-3-3-99-03-03-2013-security-for-indu">SR 1.7</reference>
          <reference href="https://www.isa.org/products/ansi-isa-62443-3-3-99-03-03-2013-security-for-indu">SR 1.8</reference>
          <reference href="https://www.isa.org/products/ansi-isa-62443-3-3-99-03-03-2013-security-for-indu">SR 1.9</reference>
          <reference href="https://www.isa.org/products/ansi-isa-62443-3-3-99-03-03-2013-security-for-indu">SR 2.1</reference>
          <reference href="https://www.isa.org/products/ansi-isa-62443-3-3-99-03-03-2013-security-for-indu">SR 2.2</reference>
          <reference href="https://www.isa.org/products/ansi-isa-62443-3-3-99-03-03-2013-security-for-indu">SR 2.3</reference>
          <reference href="https://www.isa.org/products/ansi-isa-62443-3-3-99-03-03-2013-security-for-indu">SR 2.4</reference>
          <reference href="https://www.isa.org/products/ansi-isa-62443-3-3-99-03-03-2013-security-for-indu">SR 2.5</reference>
          <reference href="https://www.isa.org/products/ansi-isa-62443-3-3-99-03-03-2013-security-for-indu">SR 2.6</reference>
          <reference href="https://www.isa.org/products/ansi-isa-62443-3-3-99-03-03-2013-security-for-indu">SR 2.7</reference>
          <reference href="https://www.isa.org/products/ansi-isa-62443-3-3-99-03-03-2013-security-for-indu">SR 3.1</reference>
          <reference href="https://www.isa.org/products/ansi-isa-62443-3-3-99-03-03-2013-security-for-indu">SR 3.5</reference>
          <reference href="https://www.isa.org/products/ansi-isa-62443-3-3-99-03-03-2013-security-for-indu">SR 3.8</reference>
          <reference href="https://www.isa.org/products/ansi-isa-62443-3-3-99-03-03-2013-security-for-indu">SR 4.1</reference>
          <reference href="https://www.isa.org/products/ansi-isa-62443-3-3-99-03-03-2013-security-for-indu">SR 4.3</reference>
          <reference href="https://www.isa.org/products/ansi-isa-62443-3-3-99-03-03-2013-security-for-indu">SR 5.1</reference>
          <reference href="https://www.isa.org/products/ansi-isa-62443-3-3-99-03-03-2013-security-for-indu">SR 5.2</reference>
          <reference href="https://www.isa.org/products/ansi-isa-62443-3-3-99-03-03-2013-security-for-indu">SR 5.3</reference>
          <reference href="https://www.isa.org/products/ansi-isa-62443-3-3-99-03-03-2013-security-for-indu">SR 7.1</reference>
          <reference href="https://www.isa.org/products/ansi-isa-62443-3-3-99-03-03-2013-security-for-indu">SR 7.6</reference>
          <reference href="https://www.iso.org/contents/data/standard/05/45/54534.html">A.11.2.6</reference>
          <reference href="https://www.iso.org/contents/data/standard/05/45/54534.html">A.12.1.2</reference>
          <reference href="https://www.iso.org/contents/data/standard/05/45/54534.html">A.12.5.1</reference>
          <reference href="https://www.iso.org/contents/data/standard/05/45/54534.html">A.12.6.2</reference>
          <reference href="https://www.iso.org/contents/data/standard/05/45/54534.html">A.13.1.1</reference>
          <reference href="https://www.iso.org/contents/data/standard/05/45/54534.html">A.13.2.1</reference>
          <reference href="https://www.iso.org/contents/data/standard/05/45/54534.html">A.14.1.3</reference>
          <reference href="https://www.iso.org/contents/data/standard/05/45/54534.html">A.14.2.2</reference>
          <reference href="https://www.iso.org/contents/data/standard/05/45/54534.html">A.14.2.3</reference>
          <reference href="https://www.iso.org/contents/data/standard/05/45/54534.html">A.14.2.4</reference>
          <reference href="https://www.iso.org/contents/data/standard/05/45/54534.html">A.18.1.4</reference>
          <reference href="https://www.iso.org/contents/data/standard/05/45/54534.html">A.6.2.1</reference>
          <reference href="https://www.iso.org/contents/data/standard/05/45/54534.html">A.6.2.2</reference>
          <reference href="https://www.iso.org/contents/data/standard/05/45/54534.html">A.7.1.1</reference>
          <reference href="https://www.iso.org/contents/data/standard/05/45/54534.html">A.9.1.2</reference>
          <reference href="https://www.iso.org/contents/data/standard/05/45/54534.html">A.9.2.1</reference>
          <reference href="https://www.iso.org/contents/data/standard/05/45/54534.html">A.9.2.2</reference>
          <reference href="https://www.iso.org/contents/data/standard/05/45/54534.html">A.9.2.3</reference>
          <reference href="https://www.iso.org/contents/data/standard/05/45/54534.html">A.9.2.4</reference>
          <reference href="https://www.iso.org/contents/data/standard/05/45/54534.html">A.9.2.6</reference>
          <reference href="https://www.iso.org/contents/data/standard/05/45/54534.html">A.9.3.1</reference>
          <reference href="https://www.iso.org/contents/data/standard/05/45/54534.html">A.9.4.2</reference>
          <reference href="https://www.iso.org/contents/data/standard/05/45/54534.html">A.9.4.3</reference>
          <reference href="http://nvlpubs.nist.gov/nistpubs/SpecialPublications/NIST.SP.800-53r4.pdf">CM-7(a)</reference>
          <reference href="http://nvlpubs.nist.gov/nistpubs/SpecialPublications/NIST.SP.800-53r4.pdf">CM-7(b)</reference>
          <reference href="http://nvlpubs.nist.gov/nistpubs/SpecialPublications/NIST.SP.800-53r4.pdf">CM-6(a)</reference>
          <reference href="http://nvlpubs.nist.gov/nistpubs/SpecialPublications/NIST.SP.800-53r4.pdf">IA-5(1)(c)</reference>
          <reference href="https://nvlpubs.nist.gov/nistpubs/CSWP/NIST.CSWP.04162018.pdf">PR.AC-1</reference>
          <reference href="https://nvlpubs.nist.gov/nistpubs/CSWP/NIST.CSWP.04162018.pdf">PR.AC-3</reference>
          <reference href="https://nvlpubs.nist.gov/nistpubs/CSWP/NIST.CSWP.04162018.pdf">PR.AC-6</reference>
          <reference href="https://nvlpubs.nist.gov/nistpubs/CSWP/NIST.CSWP.04162018.pdf">PR.AC-7</reference>
          <reference href="https://nvlpubs.nist.gov/nistpubs/CSWP/NIST.CSWP.04162018.pdf">PR.IP-1</reference>
          <reference href="https://nvlpubs.nist.gov/nistpubs/CSWP/NIST.CSWP.04162018.pdf">PR.PT-3</reference>
          <reference href="https://nvlpubs.nist.gov/nistpubs/CSWP/NIST.CSWP.04162018.pdf">PR.PT-4</reference>
          <reference href="not_publicly_available">SLES-15-300150240</reference>
          <reference href="https://www.cyber.gov.au/acsc/view-all-content/ism">1409</reference>
          <rationale xmlns:xhtml="http://www.w3.org/1999/xhtml" xml:lang="en-US">The telnet protocol uses unencrypted network communication, which means that data from the
login session, including passwords and all other information transmitted during the session,
can be stolen by eavesdroppers on the network. The telnet protocol is also subject to
man-in-the-middle attacks.</rationale>
          <platform idref="#package_telnet-server_and_system_with_kernel"/>
          <ident system="https://ncp.nist.gov/cce">CCE-91435-8</ident>
          <fix xmlns:xhtml="http://www.w3.org/1999/xhtml" id="service_telnet_disabled" system="urn:xccdf:fix:script:sh" complexity="low" disruption="low" strategy="disable"># Remediation is applicable only in certain platforms
if ( rpm --quiet -q telnet-server &amp;&amp; rpm --quiet -q kernel-default || rpm --quiet -q kernel-default-base ); then

SOCKET_NAME="telnet.socket"
SYSTEMCTL_EXEC='/usr/bin/systemctl'

if "$SYSTEMCTL_EXEC" -q list-unit-files --type socket | grep -q "$SOCKET_NAME"; then
    if [[ $("$SYSTEMCTL_EXEC" is-system-running) != "offline" ]]; then
      "$SYSTEMCTL_EXEC" stop "$SOCKET_NAME"
    fi
    "$SYSTEMCTL_EXEC" mask "$SOCKET_NAME"
fi

else
    &gt;&amp;2 echo 'Remediation is not applicable, nothing was done'
fi
</fix>
          <fix xmlns:xhtml="http://www.w3.org/1999/xhtml" id="service_telnet_disabled" system="urn:xccdf:fix:script:ansible" complexity="low" disruption="low" strategy="disable">- name: Gather the package facts
  package_facts:
    manager: auto
  tags:
  - CCE-91435-8
  - NIST-800-171-3.1.13
  - NIST-800-171-3.4.7
  - NIST-800-53-CM-6(a)
  - NIST-800-53-CM-7(a)
  - NIST-800-53-CM-7(b)
  - NIST-800-53-IA-5(1)(c)
  - disable_strategy
  - high_severity
  - low_complexity
  - low_disruption
  - no_reboot_needed
  - service_telnet_disabled

- name: Disable telnet Service - Collect systemd Socket Units Present in the System
  ansible.builtin.command:
    cmd: systemctl -q list-unit-files --type socket
  register: result_systemd_unit_files
  changed_when: false
  check_mode: false
  when: ( "telnet-server" in ansible_facts.packages and ("kernel-default" in ansible_facts.packages
    or "kernel-default-base" in ansible_facts.packages) )
  tags:
  - CCE-91435-8
  - NIST-800-171-3.1.13
  - NIST-800-171-3.4.7
  - NIST-800-53-CM-6(a)
  - NIST-800-53-CM-7(a)
  - NIST-800-53-CM-7(b)
  - NIST-800-53-IA-5(1)(c)
  - disable_strategy
  - high_severity
  - low_complexity
  - low_disruption
  - no_reboot_needed
  - service_telnet_disabled

- name: Disable telnet Service - Ensure telnet.socket is Masked
  ansible.builtin.systemd:
    name: telnet.socket
    state: stopped
    enabled: false
    masked: true
  when:
  - ( "telnet-server" in ansible_facts.packages and ("kernel-default" in ansible_facts.packages
    or "kernel-default-base" in ansible_facts.packages) )
  - result_systemd_unit_files.stdout_lines is search("telnet.socket")
  tags:
  - CCE-91435-8
  - NIST-800-171-3.1.13
  - NIST-800-171-3.4.7
  - NIST-800-53-CM-6(a)
  - NIST-800-53-CM-7(a)
  - NIST-800-53-CM-7(b)
  - NIST-800-53-IA-5(1)(c)
  - disable_strategy
  - high_severity
  - low_complexity
  - low_disruption
  - no_reboot_needed
  - service_telnet_disabled
</fix>
          <check system="http://open-scap.org/page/SCE">
            <check-import import-name="stdout">
                </check-import>
            <check-content-ref href="sle15/checks/sce/service_telnet_disabled.sh"/>
          </check>
          <check system="http://oval.mitre.org/XMLSchema/oval-definitions-5">
            <check-content-ref name="oval:ssg-service_telnet_disabled:def:1" href="ssg-sle15-oval.xml"/>
          </check>
          <check system="http://scap.nist.gov/schema/ocil/2">
            <check-content-ref name="ocil:ssg-service_telnet_disabled_ocil:questionnaire:1" href="ssg-sle15-ocil.xml"/>
          </check>
        </Rule>
      </Group>
      <Group id="xccdf_org.ssgproject.content_group_tftp">
        <title xmlns:xhtml="http://www.w3.org/1999/xhtml" xml:lang="en-US">TFTP Server</title>
        <description xmlns:xhtml="http://www.w3.org/1999/xhtml" xml:lang="en-US">TFTP is a lightweight version of the FTP protocol which has
traditionally been used to configure networking equipment. However,
TFTP provides little security, and modern versions of networking
operating systems frequently support configuration via SSH or other
more secure protocols. A TFTP server should be run only if no more
secure method of supporting existing equipment can be
found.</description>
        <Rule id="xccdf_org.ssgproject.content_rule_package_tftp-server_removed" selected="false" role="full" severity="high">
          <title xmlns:xhtml="http://www.w3.org/1999/xhtml" xml:lang="en-US">Uninstall tftp-server Package</title>
          <description xmlns:xhtml="http://www.w3.org/1999/xhtml" xml:lang="en-US">The <html:code xmlns:html="http://www.w3.org/1999/xhtml">tftp-server</html:code> package can be removed with the following command: <html:pre xmlns:html="http://www.w3.org/1999/xhtml"> $ sudo zypper remove tftp-server</html:pre>
       </description>
          <reference href="https://www.cisecurity.org/controls/">11</reference>
          <reference href="https://www.cisecurity.org/controls/">12</reference>
          <reference href="https://www.cisecurity.org/controls/">14</reference>
          <reference href="https://www.cisecurity.org/controls/">15</reference>
          <reference href="https://www.cisecurity.org/controls/">3</reference>
          <reference href="https://www.cisecurity.org/controls/">8</reference>
          <reference href="https://www.cisecurity.org/controls/">9</reference>
          <reference href="https://www.isaca.org/resources/cobit">APO13.01</reference>
          <reference href="https://www.isaca.org/resources/cobit">BAI10.01</reference>
          <reference href="https://www.isaca.org/resources/cobit">BAI10.02</reference>
          <reference href="https://www.isaca.org/resources/cobit">BAI10.03</reference>
          <reference href="https://www.isaca.org/resources/cobit">BAI10.05</reference>
          <reference href="https://www.isaca.org/resources/cobit">DSS01.04</reference>
          <reference href="https://www.isaca.org/resources/cobit">DSS05.02</reference>
          <reference href="https://www.isaca.org/resources/cobit">DSS05.03</reference>
          <reference href="https://www.isaca.org/resources/cobit">DSS05.05</reference>
          <reference href="https://www.isaca.org/resources/cobit">DSS06.06</reference>
          <reference href="https://www.isa.org/products/isa-62443-2-1-2009-security-for-industrial-automat">4.3.3.5.1</reference>
          <reference href="https://www.isa.org/products/isa-62443-2-1-2009-security-for-industrial-automat">4.3.3.5.2</reference>
          <reference href="https://www.isa.org/products/isa-62443-2-1-2009-security-for-industrial-automat">4.3.3.5.3</reference>
          <reference href="https://www.isa.org/products/isa-62443-2-1-2009-security-for-industrial-automat">4.3.3.5.4</reference>
          <reference href="https://www.isa.org/products/isa-62443-2-1-2009-security-for-industrial-automat">4.3.3.5.5</reference>
          <reference href="https://www.isa.org/products/isa-62443-2-1-2009-security-for-industrial-automat">4.3.3.5.6</reference>
          <reference href="https://www.isa.org/products/isa-62443-2-1-2009-security-for-industrial-automat">4.3.3.5.7</reference>
          <reference href="https://www.isa.org/products/isa-62443-2-1-2009-security-for-industrial-automat">4.3.3.5.8</reference>
          <reference href="https://www.isa.org/products/isa-62443-2-1-2009-security-for-industrial-automat">4.3.3.6.1</reference>
          <reference href="https://www.isa.org/products/isa-62443-2-1-2009-security-for-industrial-automat">4.3.3.6.2</reference>
          <reference href="https://www.isa.org/products/isa-62443-2-1-2009-security-for-industrial-automat">4.3.3.6.3</reference>
          <reference href="https://www.isa.org/products/isa-62443-2-1-2009-security-for-industrial-automat">4.3.3.6.4</reference>
          <reference href="https://www.isa.org/products/isa-62443-2-1-2009-security-for-industrial-automat">4.3.3.6.5</reference>
          <reference href="https://www.isa.org/products/isa-62443-2-1-2009-security-for-industrial-automat">4.3.3.6.6</reference>
          <reference href="https://www.isa.org/products/isa-62443-2-1-2009-security-for-industrial-automat">4.3.3.6.7</reference>
          <reference href="https://www.isa.org/products/isa-62443-2-1-2009-security-for-industrial-automat">4.3.3.6.8</reference>
          <reference href="https://www.isa.org/products/isa-62443-2-1-2009-security-for-industrial-automat">4.3.3.6.9</reference>
          <reference href="https://www.isa.org/products/isa-62443-2-1-2009-security-for-industrial-automat">4.3.3.7.1</reference>
          <reference href="https://www.isa.org/products/isa-62443-2-1-2009-security-for-industrial-automat">4.3.3.7.2</reference>
          <reference href="https://www.isa.org/products/isa-62443-2-1-2009-security-for-industrial-automat">4.3.3.7.3</reference>
          <reference href="https://www.isa.org/products/isa-62443-2-1-2009-security-for-industrial-automat">4.3.3.7.4</reference>
          <reference href="https://www.isa.org/products/isa-62443-2-1-2009-security-for-industrial-automat">4.3.4.3.2</reference>
          <reference href="https://www.isa.org/products/isa-62443-2-1-2009-security-for-industrial-automat">4.3.4.3.3</reference>
          <reference href="https://www.isa.org/products/ansi-isa-62443-3-3-99-03-03-2013-security-for-indu">SR 1.1</reference>
          <reference href="https://www.isa.org/products/ansi-isa-62443-3-3-99-03-03-2013-security-for-indu">SR 1.10</reference>
          <reference href="https://www.isa.org/products/ansi-isa-62443-3-3-99-03-03-2013-security-for-indu">SR 1.11</reference>
          <reference href="https://www.isa.org/products/ansi-isa-62443-3-3-99-03-03-2013-security-for-indu">SR 1.12</reference>
          <reference href="https://www.isa.org/products/ansi-isa-62443-3-3-99-03-03-2013-security-for-indu">SR 1.13</reference>
          <reference href="https://www.isa.org/products/ansi-isa-62443-3-3-99-03-03-2013-security-for-indu">SR 1.2</reference>
          <reference href="https://www.isa.org/products/ansi-isa-62443-3-3-99-03-03-2013-security-for-indu">SR 1.3</reference>
          <reference href="https://www.isa.org/products/ansi-isa-62443-3-3-99-03-03-2013-security-for-indu">SR 1.4</reference>
          <reference href="https://www.isa.org/products/ansi-isa-62443-3-3-99-03-03-2013-security-for-indu">SR 1.5</reference>
          <reference href="https://www.isa.org/products/ansi-isa-62443-3-3-99-03-03-2013-security-for-indu">SR 1.6</reference>
          <reference href="https://www.isa.org/products/ansi-isa-62443-3-3-99-03-03-2013-security-for-indu">SR 1.7</reference>
          <reference href="https://www.isa.org/products/ansi-isa-62443-3-3-99-03-03-2013-security-for-indu">SR 1.8</reference>
          <reference href="https://www.isa.org/products/ansi-isa-62443-3-3-99-03-03-2013-security-for-indu">SR 1.9</reference>
          <reference href="https://www.isa.org/products/ansi-isa-62443-3-3-99-03-03-2013-security-for-indu">SR 2.1</reference>
          <reference href="https://www.isa.org/products/ansi-isa-62443-3-3-99-03-03-2013-security-for-indu">SR 2.2</reference>
          <reference href="https://www.isa.org/products/ansi-isa-62443-3-3-99-03-03-2013-security-for-indu">SR 2.3</reference>
          <reference href="https://www.isa.org/products/ansi-isa-62443-3-3-99-03-03-2013-security-for-indu">SR 2.4</reference>
          <reference href="https://www.isa.org/products/ansi-isa-62443-3-3-99-03-03-2013-security-for-indu">SR 2.5</reference>
          <reference href="https://www.isa.org/products/ansi-isa-62443-3-3-99-03-03-2013-security-for-indu">SR 2.6</reference>
          <reference href="https://www.isa.org/products/ansi-isa-62443-3-3-99-03-03-2013-security-for-indu">SR 2.7</reference>
          <reference href="https://www.isa.org/products/ansi-isa-62443-3-3-99-03-03-2013-security-for-indu">SR 3.1</reference>
          <reference href="https://www.isa.org/products/ansi-isa-62443-3-3-99-03-03-2013-security-for-indu">SR 3.5</reference>
          <reference href="https://www.isa.org/products/ansi-isa-62443-3-3-99-03-03-2013-security-for-indu">SR 3.8</reference>
          <reference href="https://www.isa.org/products/ansi-isa-62443-3-3-99-03-03-2013-security-for-indu">SR 4.1</reference>
          <reference href="https://www.isa.org/products/ansi-isa-62443-3-3-99-03-03-2013-security-for-indu">SR 4.3</reference>
          <reference href="https://www.isa.org/products/ansi-isa-62443-3-3-99-03-03-2013-security-for-indu">SR 5.1</reference>
          <reference href="https://www.isa.org/products/ansi-isa-62443-3-3-99-03-03-2013-security-for-indu">SR 5.2</reference>
          <reference href="https://www.isa.org/products/ansi-isa-62443-3-3-99-03-03-2013-security-for-indu">SR 5.3</reference>
          <reference href="https://www.isa.org/products/ansi-isa-62443-3-3-99-03-03-2013-security-for-indu">SR 7.1</reference>
          <reference href="https://www.isa.org/products/ansi-isa-62443-3-3-99-03-03-2013-security-for-indu">SR 7.6</reference>
          <reference href="https://www.iso.org/contents/data/standard/05/45/54534.html">A.11.2.6</reference>
          <reference href="https://www.iso.org/contents/data/standard/05/45/54534.html">A.12.1.2</reference>
          <reference href="https://www.iso.org/contents/data/standard/05/45/54534.html">A.12.5.1</reference>
          <reference href="https://www.iso.org/contents/data/standard/05/45/54534.html">A.12.6.2</reference>
          <reference href="https://www.iso.org/contents/data/standard/05/45/54534.html">A.13.1.1</reference>
          <reference href="https://www.iso.org/contents/data/standard/05/45/54534.html">A.13.2.1</reference>
          <reference href="https://www.iso.org/contents/data/standard/05/45/54534.html">A.14.1.3</reference>
          <reference href="https://www.iso.org/contents/data/standard/05/45/54534.html">A.14.2.2</reference>
          <reference href="https://www.iso.org/contents/data/standard/05/45/54534.html">A.14.2.3</reference>
          <reference href="https://www.iso.org/contents/data/standard/05/45/54534.html">A.14.2.4</reference>
          <reference href="https://www.iso.org/contents/data/standard/05/45/54534.html">A.6.2.1</reference>
          <reference href="https://www.iso.org/contents/data/standard/05/45/54534.html">A.6.2.2</reference>
          <reference href="https://www.iso.org/contents/data/standard/05/45/54534.html">A.9.1.2</reference>
          <reference href="http://nvlpubs.nist.gov/nistpubs/SpecialPublications/NIST.SP.800-53r4.pdf">CM-7(a)</reference>
          <reference href="http://nvlpubs.nist.gov/nistpubs/SpecialPublications/NIST.SP.800-53r4.pdf">CM-7(b)</reference>
          <reference href="http://nvlpubs.nist.gov/nistpubs/SpecialPublications/NIST.SP.800-53r4.pdf">CM-6(a)</reference>
          <reference href="https://nvlpubs.nist.gov/nistpubs/CSWP/NIST.CSWP.04162018.pdf">PR.AC-3</reference>
          <reference href="https://nvlpubs.nist.gov/nistpubs/CSWP/NIST.CSWP.04162018.pdf">PR.IP-1</reference>
          <reference href="https://nvlpubs.nist.gov/nistpubs/CSWP/NIST.CSWP.04162018.pdf">PR.PT-3</reference>
          <reference href="https://nvlpubs.nist.gov/nistpubs/CSWP/NIST.CSWP.04162018.pdf">PR.PT-4</reference>
          <reference href="https://www.cyber.mil/stigs/downloads/?_dl_facet_stigs=operating-systems%2Cgeneral-purpose-os">SRG-OS-000480-GPOS-00227</reference>
          <reference href="https://cyber.gouv.fr/sites/default/files/document/linux_configuration-en-v2.pdf">R62</reference>
          <reference href="not_publicly_available">SLES-15-300150255</reference>
          <reference href="https://docs-prv.pcisecuritystandards.org/PCI%20DSS/Standard/PCI-DSS-v4_0.pdf">2.2.4</reference>
          <reference href="https://docs-prv.pcisecuritystandards.org/PCI%20DSS/Standard/PCI-DSS-v4_0.pdf">2.2</reference>
          <rationale xmlns:xhtml="http://www.w3.org/1999/xhtml" xml:lang="en-US">Removing the <html:code xmlns:html="http://www.w3.org/1999/xhtml">tftp-server</html:code> package decreases the risk of the accidental
(or intentional) activation of tftp services.
<html:br xmlns:html="http://www.w3.org/1999/xhtml"/>
        <html:br xmlns:html="http://www.w3.org/1999/xhtml"/>
If TFTP is required for operational support (such as transmission of router
configurations), its use must be documented with the Information Systems
Security Manager (ISSM), restricted to only authorized personnel, and have
access control rules established.</rationale>
          <ident system="https://ncp.nist.gov/cce">CCE-91227-9</ident>
          <fix xmlns:xhtml="http://www.w3.org/1999/xhtml" id="package_tftp-server_removed" system="urn:xccdf:fix:script:puppet" complexity="low" disruption="low" strategy="disable">
include remove_tftp-server

class remove_tftp-server {
  package { 'tftp-server':
    ensure =&gt; 'purged',
  }
}
</fix>
          <fix xmlns:xhtml="http://www.w3.org/1999/xhtml" id="package_tftp-server_removed" system="urn:xccdf:fix:script:sh" complexity="low" disruption="low" strategy="disable">
# CAUTION: This remediation script will remove tftp-server
# from the system, and may remove any packages
# that depend on tftp-server. Execute this
# remediation AFTER testing on a non-production
# system!


zypper remove -y "tftp-server"
</fix>
          <fix xmlns:xhtml="http://www.w3.org/1999/xhtml" id="package_tftp-server_removed" system="urn:xccdf:fix:script:ansible" complexity="low" disruption="low" strategy="disable">- name: 'Uninstall tftp-server Package: Ensure tftp-server is removed'
  ansible.builtin.package:
    name: tftp-server
    state: absent
  tags:
  - CCE-91227-9
  - NIST-800-53-CM-6(a)
  - NIST-800-53-CM-7(a)
  - NIST-800-53-CM-7(b)
  - PCI-DSSv4-2.2
  - PCI-DSSv4-2.2.4
  - disable_strategy
  - high_severity
  - low_complexity
  - low_disruption
  - no_reboot_needed
  - package_tftp-server_removed
</fix>
          <check system="http://oval.mitre.org/XMLSchema/oval-definitions-5">
            <check-content-ref name="oval:ssg-package_tftp-server_removed:def:1" href="ssg-sle15-oval.xml"/>
          </check>
          <check system="http://scap.nist.gov/schema/ocil/2">
            <check-content-ref name="ocil:ssg-package_tftp-server_removed_ocil:questionnaire:1" href="ssg-sle15-ocil.xml"/>
          </check>
        </Rule>
        <Rule id="xccdf_org.ssgproject.content_rule_package_tftp_removed" selected="false" role="full" severity="low">
          <title xmlns:xhtml="http://www.w3.org/1999/xhtml" xml:lang="en-US">Remove tftp Daemon</title>
          <description xmlns:xhtml="http://www.w3.org/1999/xhtml" xml:lang="en-US">Trivial File Transfer Protocol (TFTP) is a simple file transfer protocol,
typically used to automatically transfer configuration or boot files between systems.
TFTP does not support authentication and can be easily hacked. The package
<html:code xmlns:html="http://www.w3.org/1999/xhtml">tftp</html:code> is a client program that allows for connections to a <html:code xmlns:html="http://www.w3.org/1999/xhtml">tftp</html:code> server.</description>
          <reference href="https://www.cyber.mil/stigs/downloads/?_dl_facet_stigs=operating-systems%2Cgeneral-purpose-os">SRG-OS-000074-GPOS-00042</reference>
          <reference href="https://cyber.gouv.fr/sites/default/files/document/linux_configuration-en-v2.pdf">R62</reference>
          <reference href="not_publicly_available">SLES-15-300300075</reference>
          <reference href="https://docs-prv.pcisecuritystandards.org/PCI%20DSS/Standard/PCI-DSS-v4_0.pdf">2.2.4</reference>
          <reference href="https://docs-prv.pcisecuritystandards.org/PCI%20DSS/Standard/PCI-DSS-v4_0.pdf">2.2</reference>
          <rationale xmlns:xhtml="http://www.w3.org/1999/xhtml" xml:lang="en-US">It is recommended that TFTP be removed, unless there is a specific need
for TFTP (such as a boot server). In that case, use extreme caution when configuring
the services.</rationale>
          <ident system="https://ncp.nist.gov/cce">CCE-91158-6</ident>
          <fix xmlns:xhtml="http://www.w3.org/1999/xhtml" id="package_tftp_removed" system="urn:xccdf:fix:script:puppet" complexity="low" disruption="low" strategy="disable">
include remove_tftp

class remove_tftp {
  package { 'tftp':
    ensure =&gt; 'purged',
  }
}
</fix>
          <fix xmlns:xhtml="http://www.w3.org/1999/xhtml" id="package_tftp_removed" system="urn:xccdf:fix:script:sh" complexity="low" disruption="low" strategy="disable">
# CAUTION: This remediation script will remove tftp
# from the system, and may remove any packages
# that depend on tftp. Execute this
# remediation AFTER testing on a non-production
# system!


zypper remove -y "tftp"
</fix>
          <fix xmlns:xhtml="http://www.w3.org/1999/xhtml" id="package_tftp_removed" system="urn:xccdf:fix:script:ansible" complexity="low" disruption="low" strategy="disable">- name: 'Remove tftp Daemon: Ensure tftp is removed'
  ansible.builtin.package:
    name: tftp
    state: absent
  tags:
  - CCE-91158-6
  - PCI-DSSv4-2.2
  - PCI-DSSv4-2.2.4
  - disable_strategy
  - low_complexity
  - low_disruption
  - low_severity
  - no_reboot_needed
  - package_tftp_removed
</fix>
          <check system="http://oval.mitre.org/XMLSchema/oval-definitions-5">
            <check-content-ref name="oval:ssg-package_tftp_removed:def:1" href="ssg-sle15-oval.xml"/>
          </check>
          <check system="http://scap.nist.gov/schema/ocil/2">
            <check-content-ref name="ocil:ssg-package_tftp_removed_ocil:questionnaire:1" href="ssg-sle15-ocil.xml"/>
          </check>
        </Rule>
        <Rule id="xccdf_org.ssgproject.content_rule_service_tftp_disabled" selected="false" role="full" severity="high">
          <title xmlns:xhtml="http://www.w3.org/1999/xhtml" xml:lang="en-US">Disable tftp Service</title>
          <description xmlns:xhtml="http://www.w3.org/1999/xhtml" xml:lang="en-US">The <html:code xmlns:html="http://www.w3.org/1999/xhtml">tftp</html:code> service should be disabled.

The <html:code xmlns:html="http://www.w3.org/1999/xhtml">tftp</html:code> service can be disabled with the following command:
<html:pre xmlns:html="http://www.w3.org/1999/xhtml">$ sudo systemctl mask --now tftp.service</html:pre>
       </description>
          <reference href="https://www.cisecurity.org/controls/">11</reference>
          <reference href="https://www.cisecurity.org/controls/">12</reference>
          <reference href="https://www.cisecurity.org/controls/">14</reference>
          <reference href="https://www.cisecurity.org/controls/">15</reference>
          <reference href="https://www.cisecurity.org/controls/">3</reference>
          <reference href="https://www.cisecurity.org/controls/">8</reference>
          <reference href="https://www.cisecurity.org/controls/">9</reference>
          <reference href="https://www.isaca.org/resources/cobit">APO13.01</reference>
          <reference href="https://www.isaca.org/resources/cobit">BAI10.01</reference>
          <reference href="https://www.isaca.org/resources/cobit">BAI10.02</reference>
          <reference href="https://www.isaca.org/resources/cobit">BAI10.03</reference>
          <reference href="https://www.isaca.org/resources/cobit">BAI10.05</reference>
          <reference href="https://www.isaca.org/resources/cobit">DSS01.04</reference>
          <reference href="https://www.isaca.org/resources/cobit">DSS05.02</reference>
          <reference href="https://www.isaca.org/resources/cobit">DSS05.03</reference>
          <reference href="https://www.isaca.org/resources/cobit">DSS05.05</reference>
          <reference href="https://www.isaca.org/resources/cobit">DSS06.06</reference>
          <reference href="https://www.isa.org/products/isa-62443-2-1-2009-security-for-industrial-automat">4.3.3.5.1</reference>
          <reference href="https://www.isa.org/products/isa-62443-2-1-2009-security-for-industrial-automat">4.3.3.5.2</reference>
          <reference href="https://www.isa.org/products/isa-62443-2-1-2009-security-for-industrial-automat">4.3.3.5.3</reference>
          <reference href="https://www.isa.org/products/isa-62443-2-1-2009-security-for-industrial-automat">4.3.3.5.4</reference>
          <reference href="https://www.isa.org/products/isa-62443-2-1-2009-security-for-industrial-automat">4.3.3.5.5</reference>
          <reference href="https://www.isa.org/products/isa-62443-2-1-2009-security-for-industrial-automat">4.3.3.5.6</reference>
          <reference href="https://www.isa.org/products/isa-62443-2-1-2009-security-for-industrial-automat">4.3.3.5.7</reference>
          <reference href="https://www.isa.org/products/isa-62443-2-1-2009-security-for-industrial-automat">4.3.3.5.8</reference>
          <reference href="https://www.isa.org/products/isa-62443-2-1-2009-security-for-industrial-automat">4.3.3.6.1</reference>
          <reference href="https://www.isa.org/products/isa-62443-2-1-2009-security-for-industrial-automat">4.3.3.6.2</reference>
          <reference href="https://www.isa.org/products/isa-62443-2-1-2009-security-for-industrial-automat">4.3.3.6.3</reference>
          <reference href="https://www.isa.org/products/isa-62443-2-1-2009-security-for-industrial-automat">4.3.3.6.4</reference>
          <reference href="https://www.isa.org/products/isa-62443-2-1-2009-security-for-industrial-automat">4.3.3.6.5</reference>
          <reference href="https://www.isa.org/products/isa-62443-2-1-2009-security-for-industrial-automat">4.3.3.6.6</reference>
          <reference href="https://www.isa.org/products/isa-62443-2-1-2009-security-for-industrial-automat">4.3.3.6.7</reference>
          <reference href="https://www.isa.org/products/isa-62443-2-1-2009-security-for-industrial-automat">4.3.3.6.8</reference>
          <reference href="https://www.isa.org/products/isa-62443-2-1-2009-security-for-industrial-automat">4.3.3.6.9</reference>
          <reference href="https://www.isa.org/products/isa-62443-2-1-2009-security-for-industrial-automat">4.3.3.7.1</reference>
          <reference href="https://www.isa.org/products/isa-62443-2-1-2009-security-for-industrial-automat">4.3.3.7.2</reference>
          <reference href="https://www.isa.org/products/isa-62443-2-1-2009-security-for-industrial-automat">4.3.3.7.3</reference>
          <reference href="https://www.isa.org/products/isa-62443-2-1-2009-security-for-industrial-automat">4.3.3.7.4</reference>
          <reference href="https://www.isa.org/products/isa-62443-2-1-2009-security-for-industrial-automat">4.3.4.3.2</reference>
          <reference href="https://www.isa.org/products/isa-62443-2-1-2009-security-for-industrial-automat">4.3.4.3.3</reference>
          <reference href="https://www.isa.org/products/ansi-isa-62443-3-3-99-03-03-2013-security-for-indu">SR 1.1</reference>
          <reference href="https://www.isa.org/products/ansi-isa-62443-3-3-99-03-03-2013-security-for-indu">SR 1.10</reference>
          <reference href="https://www.isa.org/products/ansi-isa-62443-3-3-99-03-03-2013-security-for-indu">SR 1.11</reference>
          <reference href="https://www.isa.org/products/ansi-isa-62443-3-3-99-03-03-2013-security-for-indu">SR 1.12</reference>
          <reference href="https://www.isa.org/products/ansi-isa-62443-3-3-99-03-03-2013-security-for-indu">SR 1.13</reference>
          <reference href="https://www.isa.org/products/ansi-isa-62443-3-3-99-03-03-2013-security-for-indu">SR 1.2</reference>
          <reference href="https://www.isa.org/products/ansi-isa-62443-3-3-99-03-03-2013-security-for-indu">SR 1.3</reference>
          <reference href="https://www.isa.org/products/ansi-isa-62443-3-3-99-03-03-2013-security-for-indu">SR 1.4</reference>
          <reference href="https://www.isa.org/products/ansi-isa-62443-3-3-99-03-03-2013-security-for-indu">SR 1.5</reference>
          <reference href="https://www.isa.org/products/ansi-isa-62443-3-3-99-03-03-2013-security-for-indu">SR 1.6</reference>
          <reference href="https://www.isa.org/products/ansi-isa-62443-3-3-99-03-03-2013-security-for-indu">SR 1.7</reference>
          <reference href="https://www.isa.org/products/ansi-isa-62443-3-3-99-03-03-2013-security-for-indu">SR 1.8</reference>
          <reference href="https://www.isa.org/products/ansi-isa-62443-3-3-99-03-03-2013-security-for-indu">SR 1.9</reference>
          <reference href="https://www.isa.org/products/ansi-isa-62443-3-3-99-03-03-2013-security-for-indu">SR 2.1</reference>
          <reference href="https://www.isa.org/products/ansi-isa-62443-3-3-99-03-03-2013-security-for-indu">SR 2.2</reference>
          <reference href="https://www.isa.org/products/ansi-isa-62443-3-3-99-03-03-2013-security-for-indu">SR 2.3</reference>
          <reference href="https://www.isa.org/products/ansi-isa-62443-3-3-99-03-03-2013-security-for-indu">SR 2.4</reference>
          <reference href="https://www.isa.org/products/ansi-isa-62443-3-3-99-03-03-2013-security-for-indu">SR 2.5</reference>
          <reference href="https://www.isa.org/products/ansi-isa-62443-3-3-99-03-03-2013-security-for-indu">SR 2.6</reference>
          <reference href="https://www.isa.org/products/ansi-isa-62443-3-3-99-03-03-2013-security-for-indu">SR 2.7</reference>
          <reference href="https://www.isa.org/products/ansi-isa-62443-3-3-99-03-03-2013-security-for-indu">SR 3.1</reference>
          <reference href="https://www.isa.org/products/ansi-isa-62443-3-3-99-03-03-2013-security-for-indu">SR 3.5</reference>
          <reference href="https://www.isa.org/products/ansi-isa-62443-3-3-99-03-03-2013-security-for-indu">SR 3.8</reference>
          <reference href="https://www.isa.org/products/ansi-isa-62443-3-3-99-03-03-2013-security-for-indu">SR 4.1</reference>
          <reference href="https://www.isa.org/products/ansi-isa-62443-3-3-99-03-03-2013-security-for-indu">SR 4.3</reference>
          <reference href="https://www.isa.org/products/ansi-isa-62443-3-3-99-03-03-2013-security-for-indu">SR 5.1</reference>
          <reference href="https://www.isa.org/products/ansi-isa-62443-3-3-99-03-03-2013-security-for-indu">SR 5.2</reference>
          <reference href="https://www.isa.org/products/ansi-isa-62443-3-3-99-03-03-2013-security-for-indu">SR 5.3</reference>
          <reference href="https://www.isa.org/products/ansi-isa-62443-3-3-99-03-03-2013-security-for-indu">SR 7.1</reference>
          <reference href="https://www.isa.org/products/ansi-isa-62443-3-3-99-03-03-2013-security-for-indu">SR 7.6</reference>
          <reference href="https://www.iso.org/contents/data/standard/05/45/54534.html">A.11.2.6</reference>
          <reference href="https://www.iso.org/contents/data/standard/05/45/54534.html">A.12.1.2</reference>
          <reference href="https://www.iso.org/contents/data/standard/05/45/54534.html">A.12.5.1</reference>
          <reference href="https://www.iso.org/contents/data/standard/05/45/54534.html">A.12.6.2</reference>
          <reference href="https://www.iso.org/contents/data/standard/05/45/54534.html">A.13.1.1</reference>
          <reference href="https://www.iso.org/contents/data/standard/05/45/54534.html">A.13.2.1</reference>
          <reference href="https://www.iso.org/contents/data/standard/05/45/54534.html">A.14.1.3</reference>
          <reference href="https://www.iso.org/contents/data/standard/05/45/54534.html">A.14.2.2</reference>
          <reference href="https://www.iso.org/contents/data/standard/05/45/54534.html">A.14.2.3</reference>
          <reference href="https://www.iso.org/contents/data/standard/05/45/54534.html">A.14.2.4</reference>
          <reference href="https://www.iso.org/contents/data/standard/05/45/54534.html">A.6.2.1</reference>
          <reference href="https://www.iso.org/contents/data/standard/05/45/54534.html">A.6.2.2</reference>
          <reference href="https://www.iso.org/contents/data/standard/05/45/54534.html">A.9.1.2</reference>
          <reference href="http://nvlpubs.nist.gov/nistpubs/SpecialPublications/NIST.SP.800-53r4.pdf">CM-7(a)</reference>
          <reference href="http://nvlpubs.nist.gov/nistpubs/SpecialPublications/NIST.SP.800-53r4.pdf">CM-7(b)</reference>
          <reference href="http://nvlpubs.nist.gov/nistpubs/SpecialPublications/NIST.SP.800-53r4.pdf">CM-6(a)</reference>
          <reference href="https://nvlpubs.nist.gov/nistpubs/CSWP/NIST.CSWP.04162018.pdf">PR.AC-3</reference>
          <reference href="https://nvlpubs.nist.gov/nistpubs/CSWP/NIST.CSWP.04162018.pdf">PR.IP-1</reference>
          <reference href="https://nvlpubs.nist.gov/nistpubs/CSWP/NIST.CSWP.04162018.pdf">PR.PT-3</reference>
          <reference href="https://nvlpubs.nist.gov/nistpubs/CSWP/NIST.CSWP.04162018.pdf">PR.PT-4</reference>
          <reference href="https://www.cisecurity.org/benchmark/suse_linux/">2.1.9</reference>
          <reference href="not_publicly_available">SLES-15-300150255</reference>
          <rationale xmlns:xhtml="http://www.w3.org/1999/xhtml" xml:lang="en-US">Disabling the <html:code xmlns:html="http://www.w3.org/1999/xhtml">tftp</html:code> service ensures the system is not acting
as a TFTP server, which does not provide encryption or authentication.</rationale>
          <platform idref="#system_with_kernel"/>
          <ident system="https://ncp.nist.gov/cce">CCE-92606-3</ident>
          <fix xmlns:xhtml="http://www.w3.org/1999/xhtml" id="service_tftp_disabled" system="urn:xccdf:fix:script:puppet" complexity="low" disruption="low" strategy="enable">include disable_tftp

class disable_tftp {
  service {'tftp':
    enable =&gt; false,
    ensure =&gt; 'stopped',
  }
}
</fix>
          <fix xmlns:xhtml="http://www.w3.org/1999/xhtml" id="service_tftp_disabled" system="urn:xccdf:fix:script:sh" complexity="low" disruption="low" strategy="disable"># Remediation is applicable only in certain platforms
if rpm --quiet -q kernel-default || rpm --quiet -q kernel-default-base; then

SYSTEMCTL_EXEC='/usr/bin/systemctl'
if [[ $("$SYSTEMCTL_EXEC" is-system-running) != "offline" ]]; then
  "$SYSTEMCTL_EXEC" stop 'tftp.service'
fi
"$SYSTEMCTL_EXEC" disable 'tftp.service'
"$SYSTEMCTL_EXEC" mask 'tftp.service'
# Disable socket activation if we have a unit file for it
if "$SYSTEMCTL_EXEC" -q list-unit-files tftp.socket; then
    if [[ $("$SYSTEMCTL_EXEC" is-system-running) != "offline" ]]; then
      "$SYSTEMCTL_EXEC" stop 'tftp.socket'
    fi
    "$SYSTEMCTL_EXEC" mask 'tftp.socket'
fi
# The service may not be running because it has been started and failed,
# so let's reset the state so OVAL checks pass.
# Service should be 'inactive', not 'failed' after reboot though.
"$SYSTEMCTL_EXEC" reset-failed 'tftp.service' || true

else
    &gt;&amp;2 echo 'Remediation is not applicable, nothing was done'
fi
</fix>
          <fix xmlns:xhtml="http://www.w3.org/1999/xhtml" id="service_tftp_disabled" system="urn:redhat:osbuild:blueprint">
[customizations.services]
masked = ["tftp"]
</fix>
          <fix xmlns:xhtml="http://www.w3.org/1999/xhtml" id="service_tftp_disabled" system="urn:xccdf:fix:script:ansible" complexity="low" disruption="low" strategy="disable">- name: Gather the package facts
  package_facts:
    manager: auto
  tags:
  - CCE-92606-3
  - NIST-800-53-CM-6(a)
  - NIST-800-53-CM-7(a)
  - NIST-800-53-CM-7(b)
  - disable_strategy
  - high_severity
  - low_complexity
  - low_disruption
  - no_reboot_needed
  - service_tftp_disabled

- name: Disable tftp Service - Disable service tftp
  block:

  - name: Disable tftp Service - Collect systemd Services Present in the System
    ansible.builtin.command: systemctl -q list-unit-files --type service
    register: service_exists
    changed_when: false
    failed_when: service_exists.rc not in [0, 1]
    check_mode: false

  - name: Disable tftp Service - Ensure tftp.service is Masked
    ansible.builtin.systemd:
      name: tftp.service
      state: stopped
      enabled: false
      masked: true
    when: service_exists.stdout_lines is search("tftp.service", multiline=True)

  - name: Unit Socket Exists - tftp.socket
    ansible.builtin.command: systemctl -q list-unit-files tftp.socket
    register: socket_file_exists
    changed_when: false
    failed_when: socket_file_exists.rc not in [0, 1]
    check_mode: false

  - name: Disable tftp Service - Disable Socket tftp
    ansible.builtin.systemd:
      name: tftp.socket
      enabled: false
      state: stopped
      masked: true
    when: socket_file_exists.stdout_lines is search("tftp.socket", multiline=True)
  tags:
  - CCE-92606-3
  - NIST-800-53-CM-6(a)
  - NIST-800-53-CM-7(a)
  - NIST-800-53-CM-7(b)
  - disable_strategy
  - high_severity
  - low_complexity
  - low_disruption
  - no_reboot_needed
  - service_tftp_disabled
  - special_service_block
  when: ("kernel-default" in ansible_facts.packages or "kernel-default-base" in ansible_facts.packages)
</fix>
          <check system="http://open-scap.org/page/SCE">
            <check-import import-name="stdout">
                </check-import>
            <check-content-ref href="sle15/checks/sce/service_tftp_disabled.sh"/>
          </check>
          <check system="http://oval.mitre.org/XMLSchema/oval-definitions-5">
            <check-content-ref name="oval:ssg-service_tftp_disabled:def:1" href="ssg-sle15-oval.xml"/>
          </check>
          <check system="http://scap.nist.gov/schema/ocil/2">
            <check-content-ref name="ocil:ssg-service_tftp_disabled_ocil:questionnaire:1" href="ssg-sle15-ocil.xml"/>
          </check>
        </Rule>
      </Group>
    </Group>
    <Group id="xccdf_org.ssgproject.content_group_printing">
      <title xmlns:xhtml="http://www.w3.org/1999/xhtml" xml:lang="en-US">Print Support</title>
      <description xmlns:xhtml="http://www.w3.org/1999/xhtml" xml:lang="en-US">The Common Unix Printing System (CUPS) service provides both local
and network printing support. A system running the CUPS service can accept
print jobs from other systems, process them, and send them to the appropriate
printer. It also provides an interface for remote administration through a web
browser. The CUPS service is installed and activated by default. The project
homepage and more detailed documentation are available at

    <html:a xmlns:html="http://www.w3.org/1999/xhtml" href="http://www.cups.org">http://www.cups.org</html:a>.
<html:br xmlns:html="http://www.w3.org/1999/xhtml"/>
      <html:br xmlns:html="http://www.w3.org/1999/xhtml"/>
     </description>
      <Rule id="xccdf_org.ssgproject.content_rule_package_cups_removed" selected="false" role="full" severity="unknown">
        <title xmlns:xhtml="http://www.w3.org/1999/xhtml" xml:lang="en-US">Uninstall CUPS Package</title>
        <description xmlns:xhtml="http://www.w3.org/1999/xhtml" xml:lang="en-US">The <html:code xmlns:html="http://www.w3.org/1999/xhtml">cups</html:code> package can be removed with the following command:
<html:pre xmlns:html="http://www.w3.org/1999/xhtml">
$ sudo zypper remove cups</html:pre>
      </description>
        <reference href="https://www.cisecurity.org/controls/">11</reference>
        <reference href="https://www.cisecurity.org/controls/">14</reference>
        <reference href="https://www.cisecurity.org/controls/">3</reference>
        <reference href="https://www.cisecurity.org/controls/">9</reference>
        <reference href="https://www.isaca.org/resources/cobit">BAI10.01</reference>
        <reference href="https://www.isaca.org/resources/cobit">BAI10.02</reference>
        <reference href="https://www.isaca.org/resources/cobit">BAI10.03</reference>
        <reference href="https://www.isaca.org/resources/cobit">BAI10.05</reference>
        <reference href="https://www.isaca.org/resources/cobit">DSS05.02</reference>
        <reference href="https://www.isaca.org/resources/cobit">DSS05.05</reference>
        <reference href="https://www.isaca.org/resources/cobit">DSS06.06</reference>
        <reference href="https://www.isa.org/products/isa-62443-2-1-2009-security-for-industrial-automat">4.3.3.5.1</reference>
        <reference href="https://www.isa.org/products/isa-62443-2-1-2009-security-for-industrial-automat">4.3.3.5.2</reference>
        <reference href="https://www.isa.org/products/isa-62443-2-1-2009-security-for-industrial-automat">4.3.3.5.3</reference>
        <reference href="https://www.isa.org/products/isa-62443-2-1-2009-security-for-industrial-automat">4.3.3.5.4</reference>
        <reference href="https://www.isa.org/products/isa-62443-2-1-2009-security-for-industrial-automat">4.3.3.5.5</reference>
        <reference href="https://www.isa.org/products/isa-62443-2-1-2009-security-for-industrial-automat">4.3.3.5.6</reference>
        <reference href="https://www.isa.org/products/isa-62443-2-1-2009-security-for-industrial-automat">4.3.3.5.7</reference>
        <reference href="https://www.isa.org/products/isa-62443-2-1-2009-security-for-industrial-automat">4.3.3.5.8</reference>
        <reference href="https://www.isa.org/products/isa-62443-2-1-2009-security-for-industrial-automat">4.3.3.6.1</reference>
        <reference href="https://www.isa.org/products/isa-62443-2-1-2009-security-for-industrial-automat">4.3.3.6.2</reference>
        <reference href="https://www.isa.org/products/isa-62443-2-1-2009-security-for-industrial-automat">4.3.3.6.3</reference>
        <reference href="https://www.isa.org/products/isa-62443-2-1-2009-security-for-industrial-automat">4.3.3.6.4</reference>
        <reference href="https://www.isa.org/products/isa-62443-2-1-2009-security-for-industrial-automat">4.3.3.6.5</reference>
        <reference href="https://www.isa.org/products/isa-62443-2-1-2009-security-for-industrial-automat">4.3.3.6.6</reference>
        <reference href="https://www.isa.org/products/isa-62443-2-1-2009-security-for-industrial-automat">4.3.3.6.7</reference>
        <reference href="https://www.isa.org/products/isa-62443-2-1-2009-security-for-industrial-automat">4.3.3.6.8</reference>
        <reference href="https://www.isa.org/products/isa-62443-2-1-2009-security-for-industrial-automat">4.3.3.6.9</reference>
        <reference href="https://www.isa.org/products/isa-62443-2-1-2009-security-for-industrial-automat">4.3.3.7.1</reference>
        <reference href="https://www.isa.org/products/isa-62443-2-1-2009-security-for-industrial-automat">4.3.3.7.2</reference>
        <reference href="https://www.isa.org/products/isa-62443-2-1-2009-security-for-industrial-automat">4.3.3.7.3</reference>
        <reference href="https://www.isa.org/products/isa-62443-2-1-2009-security-for-industrial-automat">4.3.3.7.4</reference>
        <reference href="https://www.isa.org/products/isa-62443-2-1-2009-security-for-industrial-automat">4.3.4.3.2</reference>
        <reference href="https://www.isa.org/products/isa-62443-2-1-2009-security-for-industrial-automat">4.3.4.3.3</reference>
        <reference href="https://www.isa.org/products/ansi-isa-62443-3-3-99-03-03-2013-security-for-indu">SR 1.1</reference>
        <reference href="https://www.isa.org/products/ansi-isa-62443-3-3-99-03-03-2013-security-for-indu">SR 1.10</reference>
        <reference href="https://www.isa.org/products/ansi-isa-62443-3-3-99-03-03-2013-security-for-indu">SR 1.11</reference>
        <reference href="https://www.isa.org/products/ansi-isa-62443-3-3-99-03-03-2013-security-for-indu">SR 1.12</reference>
        <reference href="https://www.isa.org/products/ansi-isa-62443-3-3-99-03-03-2013-security-for-indu">SR 1.13</reference>
        <reference href="https://www.isa.org/products/ansi-isa-62443-3-3-99-03-03-2013-security-for-indu">SR 1.2</reference>
        <reference href="https://www.isa.org/products/ansi-isa-62443-3-3-99-03-03-2013-security-for-indu">SR 1.3</reference>
        <reference href="https://www.isa.org/products/ansi-isa-62443-3-3-99-03-03-2013-security-for-indu">SR 1.4</reference>
        <reference href="https://www.isa.org/products/ansi-isa-62443-3-3-99-03-03-2013-security-for-indu">SR 1.5</reference>
        <reference href="https://www.isa.org/products/ansi-isa-62443-3-3-99-03-03-2013-security-for-indu">SR 1.6</reference>
        <reference href="https://www.isa.org/products/ansi-isa-62443-3-3-99-03-03-2013-security-for-indu">SR 1.7</reference>
        <reference href="https://www.isa.org/products/ansi-isa-62443-3-3-99-03-03-2013-security-for-indu">SR 1.8</reference>
        <reference href="https://www.isa.org/products/ansi-isa-62443-3-3-99-03-03-2013-security-for-indu">SR 1.9</reference>
        <reference href="https://www.isa.org/products/ansi-isa-62443-3-3-99-03-03-2013-security-for-indu">SR 2.1</reference>
        <reference href="https://www.isa.org/products/ansi-isa-62443-3-3-99-03-03-2013-security-for-indu">SR 2.2</reference>
        <reference href="https://www.isa.org/products/ansi-isa-62443-3-3-99-03-03-2013-security-for-indu">SR 2.3</reference>
        <reference href="https://www.isa.org/products/ansi-isa-62443-3-3-99-03-03-2013-security-for-indu">SR 2.4</reference>
        <reference href="https://www.isa.org/products/ansi-isa-62443-3-3-99-03-03-2013-security-for-indu">SR 2.5</reference>
        <reference href="https://www.isa.org/products/ansi-isa-62443-3-3-99-03-03-2013-security-for-indu">SR 2.6</reference>
        <reference href="https://www.isa.org/products/ansi-isa-62443-3-3-99-03-03-2013-security-for-indu">SR 2.7</reference>
        <reference href="https://www.isa.org/products/ansi-isa-62443-3-3-99-03-03-2013-security-for-indu">SR 7.6</reference>
        <reference href="https://www.iso.org/contents/data/standard/05/45/54534.html">A.12.1.2</reference>
        <reference href="https://www.iso.org/contents/data/standard/05/45/54534.html">A.12.5.1</reference>
        <reference href="https://www.iso.org/contents/data/standard/05/45/54534.html">A.12.6.2</reference>
        <reference href="https://www.iso.org/contents/data/standard/05/45/54534.html">A.14.2.2</reference>
        <reference href="https://www.iso.org/contents/data/standard/05/45/54534.html">A.14.2.3</reference>
        <reference href="https://www.iso.org/contents/data/standard/05/45/54534.html">A.14.2.4</reference>
        <reference href="https://www.iso.org/contents/data/standard/05/45/54534.html">A.9.1.2</reference>
        <reference href="http://nvlpubs.nist.gov/nistpubs/SpecialPublications/NIST.SP.800-53r4.pdf">CM-7(a)</reference>
        <reference href="http://nvlpubs.nist.gov/nistpubs/SpecialPublications/NIST.SP.800-53r4.pdf">CM-7(b)</reference>
        <reference href="http://nvlpubs.nist.gov/nistpubs/SpecialPublications/NIST.SP.800-53r4.pdf">CM-6(a)</reference>
        <reference href="https://nvlpubs.nist.gov/nistpubs/CSWP/NIST.CSWP.04162018.pdf">PR.IP-1</reference>
        <reference href="https://nvlpubs.nist.gov/nistpubs/CSWP/NIST.CSWP.04162018.pdf">PR.PT-3</reference>
        <reference href="https://www.cisecurity.org/benchmark/suse_linux/">2.2.4</reference>
        <reference href="not_publicly_available">SLES-15-300150180</reference>
        <rationale xmlns:xhtml="http://www.w3.org/1999/xhtml" xml:lang="en-US">If the system does not need to print jobs or accept print jobs from other systems, it is
recommended that CUPS be removed to reduce the potential attack surface.</rationale>
        <ident system="https://ncp.nist.gov/cce">CCE-92466-2</ident>
        <fix xmlns:xhtml="http://www.w3.org/1999/xhtml" id="package_cups_removed" system="urn:xccdf:fix:script:puppet" complexity="low" disruption="low" strategy="disable">
include remove_cups

class remove_cups {
  package { 'cups':
    ensure =&gt; 'purged',
  }
}
</fix>
        <fix xmlns:xhtml="http://www.w3.org/1999/xhtml" id="package_cups_removed" system="urn:xccdf:fix:script:sh" complexity="low" disruption="low" strategy="disable">
# CAUTION: This remediation script will remove cups
# from the system, and may remove any packages
# that depend on cups. Execute this
# remediation AFTER testing on a non-production
# system!


zypper remove -y "cups"
</fix>
        <fix xmlns:xhtml="http://www.w3.org/1999/xhtml" id="package_cups_removed" system="urn:xccdf:fix:script:ansible" complexity="low" disruption="low" strategy="disable">- name: 'Uninstall CUPS Package: Ensure cups is removed'
  ansible.builtin.package:
    name: cups
    state: absent
  tags:
  - CCE-92466-2
  - NIST-800-53-CM-6(a)
  - NIST-800-53-CM-7(a)
  - NIST-800-53-CM-7(b)
  - disable_strategy
  - low_complexity
  - low_disruption
  - no_reboot_needed
  - package_cups_removed
  - unknown_severity
</fix>
        <check system="http://oval.mitre.org/XMLSchema/oval-definitions-5">
          <check-content-ref name="oval:ssg-package_cups_removed:def:1" href="ssg-sle15-oval.xml"/>
        </check>
        <check system="http://scap.nist.gov/schema/ocil/2">
          <check-content-ref name="ocil:ssg-package_cups_removed_ocil:questionnaire:1" href="ssg-sle15-ocil.xml"/>
        </check>
      </Rule>
      <Rule id="xccdf_org.ssgproject.content_rule_service_cups_disabled" selected="false" role="full" severity="unknown">
        <title xmlns:xhtml="http://www.w3.org/1999/xhtml" xml:lang="en-US">Disable the CUPS Service</title>
        <description xmlns:xhtml="http://www.w3.org/1999/xhtml" xml:lang="en-US">
The <html:code xmlns:html="http://www.w3.org/1999/xhtml">cups</html:code> service can be disabled with the following command:
<html:pre xmlns:html="http://www.w3.org/1999/xhtml">$ sudo systemctl mask --now cups.service</html:pre>
      </description>
        <reference href="https://www.cisecurity.org/controls/">11</reference>
        <reference href="https://www.cisecurity.org/controls/">14</reference>
        <reference href="https://www.cisecurity.org/controls/">3</reference>
        <reference href="https://www.cisecurity.org/controls/">9</reference>
        <reference href="https://www.isaca.org/resources/cobit">BAI10.01</reference>
        <reference href="https://www.isaca.org/resources/cobit">BAI10.02</reference>
        <reference href="https://www.isaca.org/resources/cobit">BAI10.03</reference>
        <reference href="https://www.isaca.org/resources/cobit">BAI10.05</reference>
        <reference href="https://www.isaca.org/resources/cobit">DSS05.02</reference>
        <reference href="https://www.isaca.org/resources/cobit">DSS05.05</reference>
        <reference href="https://www.isaca.org/resources/cobit">DSS06.06</reference>
        <reference href="https://www.isa.org/products/isa-62443-2-1-2009-security-for-industrial-automat">4.3.3.5.1</reference>
        <reference href="https://www.isa.org/products/isa-62443-2-1-2009-security-for-industrial-automat">4.3.3.5.2</reference>
        <reference href="https://www.isa.org/products/isa-62443-2-1-2009-security-for-industrial-automat">4.3.3.5.3</reference>
        <reference href="https://www.isa.org/products/isa-62443-2-1-2009-security-for-industrial-automat">4.3.3.5.4</reference>
        <reference href="https://www.isa.org/products/isa-62443-2-1-2009-security-for-industrial-automat">4.3.3.5.5</reference>
        <reference href="https://www.isa.org/products/isa-62443-2-1-2009-security-for-industrial-automat">4.3.3.5.6</reference>
        <reference href="https://www.isa.org/products/isa-62443-2-1-2009-security-for-industrial-automat">4.3.3.5.7</reference>
        <reference href="https://www.isa.org/products/isa-62443-2-1-2009-security-for-industrial-automat">4.3.3.5.8</reference>
        <reference href="https://www.isa.org/products/isa-62443-2-1-2009-security-for-industrial-automat">4.3.3.6.1</reference>
        <reference href="https://www.isa.org/products/isa-62443-2-1-2009-security-for-industrial-automat">4.3.3.6.2</reference>
        <reference href="https://www.isa.org/products/isa-62443-2-1-2009-security-for-industrial-automat">4.3.3.6.3</reference>
        <reference href="https://www.isa.org/products/isa-62443-2-1-2009-security-for-industrial-automat">4.3.3.6.4</reference>
        <reference href="https://www.isa.org/products/isa-62443-2-1-2009-security-for-industrial-automat">4.3.3.6.5</reference>
        <reference href="https://www.isa.org/products/isa-62443-2-1-2009-security-for-industrial-automat">4.3.3.6.6</reference>
        <reference href="https://www.isa.org/products/isa-62443-2-1-2009-security-for-industrial-automat">4.3.3.6.7</reference>
        <reference href="https://www.isa.org/products/isa-62443-2-1-2009-security-for-industrial-automat">4.3.3.6.8</reference>
        <reference href="https://www.isa.org/products/isa-62443-2-1-2009-security-for-industrial-automat">4.3.3.6.9</reference>
        <reference href="https://www.isa.org/products/isa-62443-2-1-2009-security-for-industrial-automat">4.3.3.7.1</reference>
        <reference href="https://www.isa.org/products/isa-62443-2-1-2009-security-for-industrial-automat">4.3.3.7.2</reference>
        <reference href="https://www.isa.org/products/isa-62443-2-1-2009-security-for-industrial-automat">4.3.3.7.3</reference>
        <reference href="https://www.isa.org/products/isa-62443-2-1-2009-security-for-industrial-automat">4.3.3.7.4</reference>
        <reference href="https://www.isa.org/products/isa-62443-2-1-2009-security-for-industrial-automat">4.3.4.3.2</reference>
        <reference href="https://www.isa.org/products/isa-62443-2-1-2009-security-for-industrial-automat">4.3.4.3.3</reference>
        <reference href="https://www.isa.org/products/ansi-isa-62443-3-3-99-03-03-2013-security-for-indu">SR 1.1</reference>
        <reference href="https://www.isa.org/products/ansi-isa-62443-3-3-99-03-03-2013-security-for-indu">SR 1.10</reference>
        <reference href="https://www.isa.org/products/ansi-isa-62443-3-3-99-03-03-2013-security-for-indu">SR 1.11</reference>
        <reference href="https://www.isa.org/products/ansi-isa-62443-3-3-99-03-03-2013-security-for-indu">SR 1.12</reference>
        <reference href="https://www.isa.org/products/ansi-isa-62443-3-3-99-03-03-2013-security-for-indu">SR 1.13</reference>
        <reference href="https://www.isa.org/products/ansi-isa-62443-3-3-99-03-03-2013-security-for-indu">SR 1.2</reference>
        <reference href="https://www.isa.org/products/ansi-isa-62443-3-3-99-03-03-2013-security-for-indu">SR 1.3</reference>
        <reference href="https://www.isa.org/products/ansi-isa-62443-3-3-99-03-03-2013-security-for-indu">SR 1.4</reference>
        <reference href="https://www.isa.org/products/ansi-isa-62443-3-3-99-03-03-2013-security-for-indu">SR 1.5</reference>
        <reference href="https://www.isa.org/products/ansi-isa-62443-3-3-99-03-03-2013-security-for-indu">SR 1.6</reference>
        <reference href="https://www.isa.org/products/ansi-isa-62443-3-3-99-03-03-2013-security-for-indu">SR 1.7</reference>
        <reference href="https://www.isa.org/products/ansi-isa-62443-3-3-99-03-03-2013-security-for-indu">SR 1.8</reference>
        <reference href="https://www.isa.org/products/ansi-isa-62443-3-3-99-03-03-2013-security-for-indu">SR 1.9</reference>
        <reference href="https://www.isa.org/products/ansi-isa-62443-3-3-99-03-03-2013-security-for-indu">SR 2.1</reference>
        <reference href="https://www.isa.org/products/ansi-isa-62443-3-3-99-03-03-2013-security-for-indu">SR 2.2</reference>
        <reference href="https://www.isa.org/products/ansi-isa-62443-3-3-99-03-03-2013-security-for-indu">SR 2.3</reference>
        <reference href="https://www.isa.org/products/ansi-isa-62443-3-3-99-03-03-2013-security-for-indu">SR 2.4</reference>
        <reference href="https://www.isa.org/products/ansi-isa-62443-3-3-99-03-03-2013-security-for-indu">SR 2.5</reference>
        <reference href="https://www.isa.org/products/ansi-isa-62443-3-3-99-03-03-2013-security-for-indu">SR 2.6</reference>
        <reference href="https://www.isa.org/products/ansi-isa-62443-3-3-99-03-03-2013-security-for-indu">SR 2.7</reference>
        <reference href="https://www.isa.org/products/ansi-isa-62443-3-3-99-03-03-2013-security-for-indu">SR 7.6</reference>
        <reference href="https://www.iso.org/contents/data/standard/05/45/54534.html">A.12.1.2</reference>
        <reference href="https://www.iso.org/contents/data/standard/05/45/54534.html">A.12.5.1</reference>
        <reference href="https://www.iso.org/contents/data/standard/05/45/54534.html">A.12.6.2</reference>
        <reference href="https://www.iso.org/contents/data/standard/05/45/54534.html">A.14.2.2</reference>
        <reference href="https://www.iso.org/contents/data/standard/05/45/54534.html">A.14.2.3</reference>
        <reference href="https://www.iso.org/contents/data/standard/05/45/54534.html">A.14.2.4</reference>
        <reference href="https://www.iso.org/contents/data/standard/05/45/54534.html">A.9.1.2</reference>
        <reference href="http://nvlpubs.nist.gov/nistpubs/SpecialPublications/NIST.SP.800-53r4.pdf">CM-7(a)</reference>
        <reference href="http://nvlpubs.nist.gov/nistpubs/SpecialPublications/NIST.SP.800-53r4.pdf">CM-7(b)</reference>
        <reference href="http://nvlpubs.nist.gov/nistpubs/SpecialPublications/NIST.SP.800-53r4.pdf">CM-6(a)</reference>
        <reference href="https://nvlpubs.nist.gov/nistpubs/CSWP/NIST.CSWP.04162018.pdf">PR.IP-1</reference>
        <reference href="https://nvlpubs.nist.gov/nistpubs/CSWP/NIST.CSWP.04162018.pdf">PR.PT-3</reference>
        <reference href="https://www.cisecurity.org/benchmark/suse_linux/">2.2.4</reference>
        <reference href="not_publicly_available">SLES-15-300150180</reference>
        <rationale xmlns:xhtml="http://www.w3.org/1999/xhtml" xml:lang="en-US">Turn off unneeded services to reduce attack surface.</rationale>
        <platform idref="#system_with_kernel"/>
        <ident system="https://ncp.nist.gov/cce">CCE-91322-8</ident>
        <fix xmlns:xhtml="http://www.w3.org/1999/xhtml" id="service_cups_disabled" system="urn:xccdf:fix:script:puppet" complexity="low" disruption="low" strategy="enable">include disable_cups

class disable_cups {
  service {'cups':
    enable =&gt; false,
    ensure =&gt; 'stopped',
  }
}
</fix>
        <fix xmlns:xhtml="http://www.w3.org/1999/xhtml" id="service_cups_disabled" system="urn:xccdf:fix:script:sh" complexity="low" disruption="low" strategy="disable"># Remediation is applicable only in certain platforms
if rpm --quiet -q kernel-default || rpm --quiet -q kernel-default-base; then

SYSTEMCTL_EXEC='/usr/bin/systemctl'
if [[ $("$SYSTEMCTL_EXEC" is-system-running) != "offline" ]]; then
  "$SYSTEMCTL_EXEC" stop 'cups.service'
fi
"$SYSTEMCTL_EXEC" disable 'cups.service'
"$SYSTEMCTL_EXEC" mask 'cups.service'
# Disable socket activation if we have a unit file for it
if "$SYSTEMCTL_EXEC" -q list-unit-files cups.socket; then
    if [[ $("$SYSTEMCTL_EXEC" is-system-running) != "offline" ]]; then
      "$SYSTEMCTL_EXEC" stop 'cups.socket'
    fi
    "$SYSTEMCTL_EXEC" mask 'cups.socket'
fi
# The service may not be running because it has been started and failed,
# so let's reset the state so OVAL checks pass.
# Service should be 'inactive', not 'failed' after reboot though.
"$SYSTEMCTL_EXEC" reset-failed 'cups.service' || true

else
    &gt;&amp;2 echo 'Remediation is not applicable, nothing was done'
fi
</fix>
        <fix xmlns:xhtml="http://www.w3.org/1999/xhtml" id="service_cups_disabled" system="urn:redhat:osbuild:blueprint">
[customizations.services]
masked = ["cups"]
</fix>
        <fix xmlns:xhtml="http://www.w3.org/1999/xhtml" id="service_cups_disabled" system="urn:xccdf:fix:script:ansible" complexity="low" disruption="low" strategy="disable">- name: Gather the package facts
  package_facts:
    manager: auto
  tags:
  - CCE-91322-8
  - NIST-800-53-CM-6(a)
  - NIST-800-53-CM-7(a)
  - NIST-800-53-CM-7(b)
  - disable_strategy
  - low_complexity
  - low_disruption
  - no_reboot_needed
  - service_cups_disabled
  - unknown_severity

- name: Disable the CUPS Service - Disable service cups
  block:

  - name: Disable the CUPS Service - Collect systemd Services Present in the System
    ansible.builtin.command: systemctl -q list-unit-files --type service
    register: service_exists
    changed_when: false
    failed_when: service_exists.rc not in [0, 1]
    check_mode: false

  - name: Disable the CUPS Service - Ensure cups.service is Masked
    ansible.builtin.systemd:
      name: cups.service
      state: stopped
      enabled: false
      masked: true
    when: service_exists.stdout_lines is search("cups.service", multiline=True)

  - name: Unit Socket Exists - cups.socket
    ansible.builtin.command: systemctl -q list-unit-files cups.socket
    register: socket_file_exists
    changed_when: false
    failed_when: socket_file_exists.rc not in [0, 1]
    check_mode: false

  - name: Disable the CUPS Service - Disable Socket cups
    ansible.builtin.systemd:
      name: cups.socket
      enabled: false
      state: stopped
      masked: true
    when: socket_file_exists.stdout_lines is search("cups.socket", multiline=True)
  tags:
  - CCE-91322-8
  - NIST-800-53-CM-6(a)
  - NIST-800-53-CM-7(a)
  - NIST-800-53-CM-7(b)
  - disable_strategy
  - low_complexity
  - low_disruption
  - no_reboot_needed
  - service_cups_disabled
  - special_service_block
  - unknown_severity
  when: ("kernel-default" in ansible_facts.packages or "kernel-default-base" in ansible_facts.packages)
</fix>
        <check system="http://open-scap.org/page/SCE">
          <check-import import-name="stdout">
              </check-import>
          <check-content-ref href="sle15/checks/sce/service_cups_disabled.sh"/>
        </check>
        <check system="http://oval.mitre.org/XMLSchema/oval-definitions-5">
          <check-content-ref name="oval:ssg-service_cups_disabled:def:1" href="ssg-sle15-oval.xml"/>
        </check>
        <check system="http://scap.nist.gov/schema/ocil/2">
          <check-content-ref name="ocil:ssg-service_cups_disabled_ocil:questionnaire:1" href="ssg-sle15-ocil.xml"/>
        </check>
      </Rule>
    </Group>
    <Group id="xccdf_org.ssgproject.content_group_proxy">
      <title xmlns:xhtml="http://www.w3.org/1999/xhtml" xml:lang="en-US">Proxy Server</title>
      <description xmlns:xhtml="http://www.w3.org/1999/xhtml" xml:lang="en-US">A proxy server is a very desirable target for a
potential adversary because much (or all) sensitive data for a
given infrastructure may flow through it. Therefore, if one is
required, the system acting as a proxy server should be dedicated
to that purpose alone and be stored in a physically secure
location. The system's default proxy server software is Squid, and
provided in an RPM package of the same name.</description>
      <Group id="xccdf_org.ssgproject.content_group_disabling_squid">
        <title xmlns:xhtml="http://www.w3.org/1999/xhtml" xml:lang="en-US">Disable Squid if Possible</title>
        <description xmlns:xhtml="http://www.w3.org/1999/xhtml" xml:lang="en-US">If Squid was installed and activated, but the system
does not need to act as a proxy server, then it should be disabled
and removed.</description>
        <Rule id="xccdf_org.ssgproject.content_rule_package_squid_removed" selected="false" role="full" severity="unknown">
          <title xmlns:xhtml="http://www.w3.org/1999/xhtml" xml:lang="en-US">Uninstall squid Package</title>
          <description xmlns:xhtml="http://www.w3.org/1999/xhtml" xml:lang="en-US">The <html:code xmlns:html="http://www.w3.org/1999/xhtml">squid</html:code> package can be removed with the following command: <html:pre xmlns:html="http://www.w3.org/1999/xhtml"> $ sudo zypper remove squid</html:pre>
       </description>
          <reference href="https://www.cisecurity.org/benchmark/suse_linux/">2.2.14</reference>
          <reference href="not_publicly_available">SLES-15-300150270</reference>
          <reference href="https://www.cyber.gov.au/acsc/view-all-content/ism">1409</reference>
          <rationale xmlns:xhtml="http://www.w3.org/1999/xhtml" xml:lang="en-US">If there is no need to make the proxy server software available,
removing it provides a safeguard against its activation.</rationale>
          <ident system="https://ncp.nist.gov/cce">CCE-91372-3</ident>
          <fix xmlns:xhtml="http://www.w3.org/1999/xhtml" id="package_squid_removed" system="urn:xccdf:fix:script:puppet" complexity="low" disruption="low" strategy="disable">
include remove_squid

class remove_squid {
  package { 'squid':
    ensure =&gt; 'purged',
  }
}
</fix>
          <fix xmlns:xhtml="http://www.w3.org/1999/xhtml" id="package_squid_removed" system="urn:xccdf:fix:script:sh" complexity="low" disruption="low" strategy="disable">
# CAUTION: This remediation script will remove squid
# from the system, and may remove any packages
# that depend on squid. Execute this
# remediation AFTER testing on a non-production
# system!


zypper remove -y "squid"
</fix>
          <fix xmlns:xhtml="http://www.w3.org/1999/xhtml" id="package_squid_removed" system="urn:xccdf:fix:script:ansible" complexity="low" disruption="low" strategy="disable">- name: 'Uninstall squid Package: Ensure squid is removed'
  ansible.builtin.package:
    name: squid
    state: absent
  tags:
  - CCE-91372-3
  - disable_strategy
  - low_complexity
  - low_disruption
  - no_reboot_needed
  - package_squid_removed
  - unknown_severity
</fix>
          <check system="http://oval.mitre.org/XMLSchema/oval-definitions-5">
            <check-content-ref name="oval:ssg-package_squid_removed:def:1" href="ssg-sle15-oval.xml"/>
          </check>
          <check system="http://scap.nist.gov/schema/ocil/2">
            <check-content-ref name="ocil:ssg-package_squid_removed_ocil:questionnaire:1" href="ssg-sle15-ocil.xml"/>
          </check>
        </Rule>
        <Rule id="xccdf_org.ssgproject.content_rule_service_squid_disabled" selected="false" role="full" severity="unknown">
          <title xmlns:xhtml="http://www.w3.org/1999/xhtml" xml:lang="en-US">Disable Squid</title>
          <description xmlns:xhtml="http://www.w3.org/1999/xhtml" xml:lang="en-US">
The <html:code xmlns:html="http://www.w3.org/1999/xhtml">squid</html:code> service can be disabled with the following command:
<html:pre xmlns:html="http://www.w3.org/1999/xhtml">$ sudo systemctl mask --now squid.service</html:pre>
       </description>
          <reference href="https://www.cisecurity.org/benchmark/suse_linux/">2.2.14</reference>
          <reference href="not_publicly_available">SLES-15-300150270</reference>
          <reference href="https://www.cyber.gov.au/acsc/view-all-content/ism">1409</reference>
          <rationale xmlns:xhtml="http://www.w3.org/1999/xhtml" xml:lang="en-US">Running proxy server software provides a network-based avenue
of attack, and should be removed if not needed.</rationale>
          <platform idref="#package_squid_and_system_with_kernel"/>
          <ident system="https://ncp.nist.gov/cce">CCE-91371-5</ident>
          <fix xmlns:xhtml="http://www.w3.org/1999/xhtml" id="service_squid_disabled" system="urn:xccdf:fix:script:puppet" complexity="low" disruption="low" strategy="enable">include disable_squid

class disable_squid {
  service {'squid':
    enable =&gt; false,
    ensure =&gt; 'stopped',
  }
}
</fix>
          <fix xmlns:xhtml="http://www.w3.org/1999/xhtml" id="service_squid_disabled" system="urn:xccdf:fix:script:sh" complexity="low" disruption="low" strategy="disable"># Remediation is applicable only in certain platforms
if ( rpm --quiet -q squid &amp;&amp; rpm --quiet -q kernel-default || rpm --quiet -q kernel-default-base ); then

SYSTEMCTL_EXEC='/usr/bin/systemctl'
if [[ $("$SYSTEMCTL_EXEC" is-system-running) != "offline" ]]; then
  "$SYSTEMCTL_EXEC" stop 'squid.service'
fi
"$SYSTEMCTL_EXEC" disable 'squid.service'
"$SYSTEMCTL_EXEC" mask 'squid.service'
# Disable socket activation if we have a unit file for it
if "$SYSTEMCTL_EXEC" -q list-unit-files squid.socket; then
    if [[ $("$SYSTEMCTL_EXEC" is-system-running) != "offline" ]]; then
      "$SYSTEMCTL_EXEC" stop 'squid.socket'
    fi
    "$SYSTEMCTL_EXEC" mask 'squid.socket'
fi
# The service may not be running because it has been started and failed,
# so let's reset the state so OVAL checks pass.
# Service should be 'inactive', not 'failed' after reboot though.
"$SYSTEMCTL_EXEC" reset-failed 'squid.service' || true

else
    &gt;&amp;2 echo 'Remediation is not applicable, nothing was done'
fi
</fix>
          <fix xmlns:xhtml="http://www.w3.org/1999/xhtml" id="service_squid_disabled" system="urn:redhat:osbuild:blueprint">
[customizations.services]
masked = ["squid"]
</fix>
          <fix xmlns:xhtml="http://www.w3.org/1999/xhtml" id="service_squid_disabled" system="urn:xccdf:fix:script:ansible" complexity="low" disruption="low" strategy="disable">- name: Gather the package facts
  package_facts:
    manager: auto
  tags:
  - CCE-91371-5
  - disable_strategy
  - low_complexity
  - low_disruption
  - no_reboot_needed
  - service_squid_disabled
  - unknown_severity

- name: Disable Squid - Disable service squid
  block:

  - name: Disable Squid - Collect systemd Services Present in the System
    ansible.builtin.command: systemctl -q list-unit-files --type service
    register: service_exists
    changed_when: false
    failed_when: service_exists.rc not in [0, 1]
    check_mode: false

  - name: Disable Squid - Ensure squid.service is Masked
    ansible.builtin.systemd:
      name: squid.service
      state: stopped
      enabled: false
      masked: true
    when: service_exists.stdout_lines is search("squid.service", multiline=True)

  - name: Unit Socket Exists - squid.socket
    ansible.builtin.command: systemctl -q list-unit-files squid.socket
    register: socket_file_exists
    changed_when: false
    failed_when: socket_file_exists.rc not in [0, 1]
    check_mode: false

  - name: Disable Squid - Disable Socket squid
    ansible.builtin.systemd:
      name: squid.socket
      enabled: false
      state: stopped
      masked: true
    when: socket_file_exists.stdout_lines is search("squid.socket", multiline=True)
  tags:
  - CCE-91371-5
  - disable_strategy
  - low_complexity
  - low_disruption
  - no_reboot_needed
  - service_squid_disabled
  - special_service_block
  - unknown_severity
  when: ( "squid" in ansible_facts.packages and ("kernel-default" in ansible_facts.packages
    or "kernel-default-base" in ansible_facts.packages) )
</fix>
          <check system="http://open-scap.org/page/SCE">
            <check-import import-name="stdout">
                </check-import>
            <check-content-ref href="sle15/checks/sce/service_squid_disabled.sh"/>
          </check>
          <check system="http://oval.mitre.org/XMLSchema/oval-definitions-5">
            <check-content-ref name="oval:ssg-service_squid_disabled:def:1" href="ssg-sle15-oval.xml"/>
          </check>
          <check system="http://scap.nist.gov/schema/ocil/2">
            <check-content-ref name="ocil:ssg-service_squid_disabled_ocil:questionnaire:1" href="ssg-sle15-ocil.xml"/>
          </check>
        </Rule>
      </Group>
    </Group>
    <Group id="xccdf_org.ssgproject.content_group_routing">
      <title xmlns:xhtml="http://www.w3.org/1999/xhtml" xml:lang="en-US">Network Routing</title>
      <description xmlns:xhtml="http://www.w3.org/1999/xhtml" xml:lang="en-US">A router is a very desirable target for a
potential adversary because they fulfill a variety of 
infrastructure networking roles such as access to network segments,
gateways to other networks, filtering, etc. Therefore, if one is
required, the system acting as a router should be dedicated
to that purpose alone and be stored in a physically secure
location. The system's default routing software is Quagga, and
provided in an RPM package of the same name.</description>
      <Group id="xccdf_org.ssgproject.content_group_disabling_quagga">
        <title xmlns:xhtml="http://www.w3.org/1999/xhtml" xml:lang="en-US">Disable Quagga if Possible</title>
        <description xmlns:xhtml="http://www.w3.org/1999/xhtml" xml:lang="en-US">If Quagga was installed and activated, but the system
does not need to act as a router, then it should be disabled
and removed.</description>
        <Rule id="xccdf_org.ssgproject.content_rule_service_zebra_disabled" selected="false" role="full" severity="medium">
          <title xmlns:xhtml="http://www.w3.org/1999/xhtml" xml:lang="en-US">Disable Quagga Service</title>
          <description xmlns:xhtml="http://www.w3.org/1999/xhtml" xml:lang="en-US">
The <html:code xmlns:html="http://www.w3.org/1999/xhtml">zebra</html:code> service can be disabled with the following command:
<html:pre xmlns:html="http://www.w3.org/1999/xhtml">$ sudo systemctl mask --now zebra.service</html:pre>
       </description>
          <reference href="https://www.cisecurity.org/controls/">12</reference>
          <reference href="https://www.cisecurity.org/controls/">15</reference>
          <reference href="https://www.cisecurity.org/controls/">8</reference>
          <reference href="https://www.isaca.org/resources/cobit">APO13.01</reference>
          <reference href="https://www.isaca.org/resources/cobit">DSS05.02</reference>
          <reference href="https://www.gpo.gov/fdsys/pkg/CFR-2007-title45-vol1/pdf/CFR-2007-title45-vol1-chapA-subchapC.pdf">164.308(a)(4)(i)</reference>
          <reference href="https://www.gpo.gov/fdsys/pkg/CFR-2007-title45-vol1/pdf/CFR-2007-title45-vol1-chapA-subchapC.pdf">164.308(b)(1)</reference>
          <reference href="https://www.gpo.gov/fdsys/pkg/CFR-2007-title45-vol1/pdf/CFR-2007-title45-vol1-chapA-subchapC.pdf">164.308(b)(3)</reference>
          <reference href="https://www.gpo.gov/fdsys/pkg/CFR-2007-title45-vol1/pdf/CFR-2007-title45-vol1-chapA-subchapC.pdf">164.310(b)</reference>
          <reference href="https://www.gpo.gov/fdsys/pkg/CFR-2007-title45-vol1/pdf/CFR-2007-title45-vol1-chapA-subchapC.pdf">164.312(e)(1)</reference>
          <reference href="https://www.gpo.gov/fdsys/pkg/CFR-2007-title45-vol1/pdf/CFR-2007-title45-vol1-chapA-subchapC.pdf">164.312(e)(2)(ii)</reference>
          <reference href="https://www.isa.org/products/ansi-isa-62443-3-3-99-03-03-2013-security-for-indu">SR 3.1</reference>
          <reference href="https://www.isa.org/products/ansi-isa-62443-3-3-99-03-03-2013-security-for-indu">SR 3.5</reference>
          <reference href="https://www.isa.org/products/ansi-isa-62443-3-3-99-03-03-2013-security-for-indu">SR 3.8</reference>
          <reference href="https://www.isa.org/products/ansi-isa-62443-3-3-99-03-03-2013-security-for-indu">SR 4.1</reference>
          <reference href="https://www.isa.org/products/ansi-isa-62443-3-3-99-03-03-2013-security-for-indu">SR 4.3</reference>
          <reference href="https://www.isa.org/products/ansi-isa-62443-3-3-99-03-03-2013-security-for-indu">SR 5.1</reference>
          <reference href="https://www.isa.org/products/ansi-isa-62443-3-3-99-03-03-2013-security-for-indu">SR 5.2</reference>
          <reference href="https://www.isa.org/products/ansi-isa-62443-3-3-99-03-03-2013-security-for-indu">SR 5.3</reference>
          <reference href="https://www.isa.org/products/ansi-isa-62443-3-3-99-03-03-2013-security-for-indu">SR 7.1</reference>
          <reference href="https://www.isa.org/products/ansi-isa-62443-3-3-99-03-03-2013-security-for-indu">SR 7.6</reference>
          <reference href="https://www.iso.org/contents/data/standard/05/45/54534.html">A.13.1.1</reference>
          <reference href="https://www.iso.org/contents/data/standard/05/45/54534.html">A.13.2.1</reference>
          <reference href="https://www.iso.org/contents/data/standard/05/45/54534.html">A.14.1.3</reference>
          <reference href="http://nvlpubs.nist.gov/nistpubs/SpecialPublications/NIST.SP.800-53r4.pdf">CM-7(a)</reference>
          <reference href="http://nvlpubs.nist.gov/nistpubs/SpecialPublications/NIST.SP.800-53r4.pdf">CM-7(b)</reference>
          <reference href="http://nvlpubs.nist.gov/nistpubs/SpecialPublications/NIST.SP.800-53r4.pdf">CM-6(a)</reference>
          <reference href="https://nvlpubs.nist.gov/nistpubs/CSWP/NIST.CSWP.04162018.pdf">PR.PT-4</reference>
          <reference href="https://www.cyber.mil/stigs/downloads/?_dl_facet_stigs=operating-systems%2Cgeneral-purpose-os">SRG-OS-000480-GPOS-00227</reference>
          <rationale xmlns:xhtml="http://www.w3.org/1999/xhtml" xml:lang="en-US">Routing protocol daemons are typically used on routers to exchange network
topology information with other routers. If routing daemons are used when not
required, system network information may be unnecessarily transmitted across
the network.</rationale>
          <platform idref="#system_with_kernel"/>
          <ident system="https://ncp.nist.gov/cce">CCE-91418-4</ident>
          <fix xmlns:xhtml="http://www.w3.org/1999/xhtml" id="service_zebra_disabled" system="urn:xccdf:fix:script:puppet" complexity="low" disruption="low" strategy="enable">include disable_zebra

class disable_zebra {
  service {'zebra':
    enable =&gt; false,
    ensure =&gt; 'stopped',
  }
}
</fix>
          <fix xmlns:xhtml="http://www.w3.org/1999/xhtml" id="service_zebra_disabled" system="urn:xccdf:fix:script:sh" complexity="low" disruption="low" strategy="disable"># Remediation is applicable only in certain platforms
if rpm --quiet -q kernel-default || rpm --quiet -q kernel-default-base; then

SYSTEMCTL_EXEC='/usr/bin/systemctl'
if [[ $("$SYSTEMCTL_EXEC" is-system-running) != "offline" ]]; then
  "$SYSTEMCTL_EXEC" stop 'zebra.service'
fi
"$SYSTEMCTL_EXEC" disable 'zebra.service'
"$SYSTEMCTL_EXEC" mask 'zebra.service'
# Disable socket activation if we have a unit file for it
if "$SYSTEMCTL_EXEC" -q list-unit-files zebra.socket; then
    if [[ $("$SYSTEMCTL_EXEC" is-system-running) != "offline" ]]; then
      "$SYSTEMCTL_EXEC" stop 'zebra.socket'
    fi
    "$SYSTEMCTL_EXEC" mask 'zebra.socket'
fi
# The service may not be running because it has been started and failed,
# so let's reset the state so OVAL checks pass.
# Service should be 'inactive', not 'failed' after reboot though.
"$SYSTEMCTL_EXEC" reset-failed 'zebra.service' || true

else
    &gt;&amp;2 echo 'Remediation is not applicable, nothing was done'
fi
</fix>
          <fix xmlns:xhtml="http://www.w3.org/1999/xhtml" id="service_zebra_disabled" system="urn:redhat:osbuild:blueprint">
[customizations.services]
masked = ["zebra"]
</fix>
          <fix xmlns:xhtml="http://www.w3.org/1999/xhtml" id="service_zebra_disabled" system="urn:xccdf:fix:script:ansible" complexity="low" disruption="low" strategy="disable">- name: Gather the package facts
  package_facts:
    manager: auto
  tags:
  - CCE-91418-4
  - NIST-800-53-CM-6(a)
  - NIST-800-53-CM-7(a)
  - NIST-800-53-CM-7(b)
  - disable_strategy
  - low_complexity
  - low_disruption
  - medium_severity
  - no_reboot_needed
  - service_zebra_disabled

- name: Disable Quagga Service - Disable service zebra
  block:

  - name: Disable Quagga Service - Collect systemd Services Present in the System
    ansible.builtin.command: systemctl -q list-unit-files --type service
    register: service_exists
    changed_when: false
    failed_when: service_exists.rc not in [0, 1]
    check_mode: false

  - name: Disable Quagga Service - Ensure zebra.service is Masked
    ansible.builtin.systemd:
      name: zebra.service
      state: stopped
      enabled: false
      masked: true
    when: service_exists.stdout_lines is search("zebra.service", multiline=True)

  - name: Unit Socket Exists - zebra.socket
    ansible.builtin.command: systemctl -q list-unit-files zebra.socket
    register: socket_file_exists
    changed_when: false
    failed_when: socket_file_exists.rc not in [0, 1]
    check_mode: false

  - name: Disable Quagga Service - Disable Socket zebra
    ansible.builtin.systemd:
      name: zebra.socket
      enabled: false
      state: stopped
      masked: true
    when: socket_file_exists.stdout_lines is search("zebra.socket", multiline=True)
  tags:
  - CCE-91418-4
  - NIST-800-53-CM-6(a)
  - NIST-800-53-CM-7(a)
  - NIST-800-53-CM-7(b)
  - disable_strategy
  - low_complexity
  - low_disruption
  - medium_severity
  - no_reboot_needed
  - service_zebra_disabled
  - special_service_block
  when: ("kernel-default" in ansible_facts.packages or "kernel-default-base" in ansible_facts.packages)
</fix>
          <check system="http://open-scap.org/page/SCE">
            <check-import import-name="stdout">
                </check-import>
            <check-content-ref href="sle15/checks/sce/service_zebra_disabled.sh"/>
          </check>
          <check system="http://oval.mitre.org/XMLSchema/oval-definitions-5">
            <check-content-ref name="oval:ssg-service_zebra_disabled:def:1" href="ssg-sle15-oval.xml"/>
          </check>
          <check system="http://scap.nist.gov/schema/ocil/2">
            <check-content-ref name="ocil:ssg-service_zebra_disabled_ocil:questionnaire:1" href="ssg-sle15-ocil.xml"/>
          </check>
        </Rule>
      </Group>
    </Group>
    <Group id="xccdf_org.ssgproject.content_group_smb">
      <title xmlns:xhtml="http://www.w3.org/1999/xhtml" xml:lang="en-US">Samba(SMB) Microsoft Windows File Sharing Server</title>
      <description xmlns:xhtml="http://www.w3.org/1999/xhtml" xml:lang="en-US">When properly configured, the Samba service allows
Linux systems to provide file and print sharing to Microsoft
Windows systems. There are two software packages that provide
Samba support. The first, <html:code xmlns:html="http://www.w3.org/1999/xhtml">samba-client</html:code>, provides a series of
command line tools that enable a client system to access Samba
shares. The second, simply labeled <html:code xmlns:html="http://www.w3.org/1999/xhtml">samba</html:code>, provides the Samba
service. It is this second package that allows a Linux system to
act as an Active Directory server, a domain controller, or as a
domain member. Only the <html:code xmlns:html="http://www.w3.org/1999/xhtml">samba-client</html:code> package is installed by
default.</description>
      <Group id="xccdf_org.ssgproject.content_group_disabling_samba">
        <title xmlns:xhtml="http://www.w3.org/1999/xhtml" xml:lang="en-US">Disable Samba if Possible</title>
        <description xmlns:xhtml="http://www.w3.org/1999/xhtml" xml:lang="en-US">Even after the Samba server package has been installed, it
will remain disabled. Do not enable this service unless it is
absolutely necessary to provide Microsoft Windows file and print
sharing functionality.</description>
        <Rule id="xccdf_org.ssgproject.content_rule_package_samba_removed" selected="false" role="full" severity="unknown">
          <title xmlns:xhtml="http://www.w3.org/1999/xhtml" xml:lang="en-US">Uninstall Samba Package</title>
          <description xmlns:xhtml="http://www.w3.org/1999/xhtml" xml:lang="en-US">The <html:code xmlns:html="http://www.w3.org/1999/xhtml">samba</html:code> package can be removed with the following command: <html:pre xmlns:html="http://www.w3.org/1999/xhtml"> $ sudo zypper remove samba</html:pre>
       </description>
          <reference href="https://www.cisecurity.org/benchmark/suse_linux/">2.2.13</reference>
          <reference href="not_publicly_available">SLES-15-300150090</reference>
          <rationale xmlns:xhtml="http://www.w3.org/1999/xhtml" xml:lang="en-US">If there is no need to make the Samba software available,
removing it provides a safeguard against its activation.</rationale>
          <ident system="https://ncp.nist.gov/cce">CCE-91287-3</ident>
          <fix xmlns:xhtml="http://www.w3.org/1999/xhtml" id="package_samba_removed" system="urn:xccdf:fix:script:puppet" complexity="low" disruption="low" strategy="disable">
include remove_samba

class remove_samba {
  package { 'samba':
    ensure =&gt; 'purged',
  }
}
</fix>
          <fix xmlns:xhtml="http://www.w3.org/1999/xhtml" id="package_samba_removed" system="urn:xccdf:fix:script:sh" complexity="low" disruption="low" strategy="disable">
# CAUTION: This remediation script will remove samba
# from the system, and may remove any packages
# that depend on samba. Execute this
# remediation AFTER testing on a non-production
# system!


zypper remove -y "samba"
</fix>
          <fix xmlns:xhtml="http://www.w3.org/1999/xhtml" id="package_samba_removed" system="urn:xccdf:fix:script:ansible" complexity="low" disruption="low" strategy="disable">- name: 'Uninstall Samba Package: Ensure samba is removed'
  ansible.builtin.package:
    name: samba
    state: absent
  tags:
  - CCE-91287-3
  - disable_strategy
  - low_complexity
  - low_disruption
  - no_reboot_needed
  - package_samba_removed
  - unknown_severity
</fix>
          <check system="http://oval.mitre.org/XMLSchema/oval-definitions-5">
            <check-content-ref name="oval:ssg-package_samba_removed:def:1" href="ssg-sle15-oval.xml"/>
          </check>
          <check system="http://scap.nist.gov/schema/ocil/2">
            <check-content-ref name="ocil:ssg-package_samba_removed_ocil:questionnaire:1" href="ssg-sle15-ocil.xml"/>
          </check>
        </Rule>
        <Rule id="xccdf_org.ssgproject.content_rule_service_smb_disabled" selected="false" role="full" severity="low">
          <title xmlns:xhtml="http://www.w3.org/1999/xhtml" xml:lang="en-US">Disable Samba</title>
          <description xmlns:xhtml="http://www.w3.org/1999/xhtml" xml:lang="en-US">
The <html:code xmlns:html="http://www.w3.org/1999/xhtml">smb</html:code> service can be disabled with the following command:
<html:pre xmlns:html="http://www.w3.org/1999/xhtml">$ sudo systemctl mask --now smb.service</html:pre>
       </description>
          <reference href="https://www.cisecurity.org/benchmark/suse_linux/">2.2.13</reference>
          <reference href="not_publicly_available">SLES-15-300150090</reference>
          <rationale xmlns:xhtml="http://www.w3.org/1999/xhtml" xml:lang="en-US">Running a Samba server provides a network-based avenue of attack, and
should be disabled if not needed.</rationale>
          <platform idref="#system_with_kernel"/>
          <ident system="https://ncp.nist.gov/cce">CCE-91370-7</ident>
          <fix xmlns:xhtml="http://www.w3.org/1999/xhtml" id="service_smb_disabled" system="urn:xccdf:fix:script:puppet" complexity="low" disruption="low" strategy="enable">include disable_smb

class disable_smb {
  service {'smb':
    enable =&gt; false,
    ensure =&gt; 'stopped',
  }
}
</fix>
          <fix xmlns:xhtml="http://www.w3.org/1999/xhtml" id="service_smb_disabled" system="urn:xccdf:fix:script:sh" complexity="low" disruption="low" strategy="disable"># Remediation is applicable only in certain platforms
if rpm --quiet -q kernel-default || rpm --quiet -q kernel-default-base; then

SYSTEMCTL_EXEC='/usr/bin/systemctl'
if [[ $("$SYSTEMCTL_EXEC" is-system-running) != "offline" ]]; then
  "$SYSTEMCTL_EXEC" stop 'smb.service'
fi
"$SYSTEMCTL_EXEC" disable 'smb.service'
"$SYSTEMCTL_EXEC" mask 'smb.service'
# Disable socket activation if we have a unit file for it
if "$SYSTEMCTL_EXEC" -q list-unit-files smb.socket; then
    if [[ $("$SYSTEMCTL_EXEC" is-system-running) != "offline" ]]; then
      "$SYSTEMCTL_EXEC" stop 'smb.socket'
    fi
    "$SYSTEMCTL_EXEC" mask 'smb.socket'
fi
# The service may not be running because it has been started and failed,
# so let's reset the state so OVAL checks pass.
# Service should be 'inactive', not 'failed' after reboot though.
"$SYSTEMCTL_EXEC" reset-failed 'smb.service' || true

else
    &gt;&amp;2 echo 'Remediation is not applicable, nothing was done'
fi
</fix>
          <fix xmlns:xhtml="http://www.w3.org/1999/xhtml" id="service_smb_disabled" system="urn:redhat:osbuild:blueprint">
[customizations.services]
masked = ["smb"]
</fix>
          <fix xmlns:xhtml="http://www.w3.org/1999/xhtml" id="service_smb_disabled" system="urn:xccdf:fix:script:ansible" complexity="low" disruption="low" strategy="disable">- name: Gather the package facts
  package_facts:
    manager: auto
  tags:
  - CCE-91370-7
  - disable_strategy
  - low_complexity
  - low_disruption
  - low_severity
  - no_reboot_needed
  - service_smb_disabled

- name: Disable Samba - Disable service smb
  block:

  - name: Disable Samba - Collect systemd Services Present in the System
    ansible.builtin.command: systemctl -q list-unit-files --type service
    register: service_exists
    changed_when: false
    failed_when: service_exists.rc not in [0, 1]
    check_mode: false

  - name: Disable Samba - Ensure smb.service is Masked
    ansible.builtin.systemd:
      name: smb.service
      state: stopped
      enabled: false
      masked: true
    when: service_exists.stdout_lines is search("smb.service", multiline=True)

  - name: Unit Socket Exists - smb.socket
    ansible.builtin.command: systemctl -q list-unit-files smb.socket
    register: socket_file_exists
    changed_when: false
    failed_when: socket_file_exists.rc not in [0, 1]
    check_mode: false

  - name: Disable Samba - Disable Socket smb
    ansible.builtin.systemd:
      name: smb.socket
      enabled: false
      state: stopped
      masked: true
    when: socket_file_exists.stdout_lines is search("smb.socket", multiline=True)
  tags:
  - CCE-91370-7
  - disable_strategy
  - low_complexity
  - low_disruption
  - low_severity
  - no_reboot_needed
  - service_smb_disabled
  - special_service_block
  when: ("kernel-default" in ansible_facts.packages or "kernel-default-base" in ansible_facts.packages)
</fix>
          <check system="http://open-scap.org/page/SCE">
            <check-import import-name="stdout">
                </check-import>
            <check-content-ref href="sle15/checks/sce/service_smb_disabled.sh"/>
          </check>
          <check system="http://oval.mitre.org/XMLSchema/oval-definitions-5">
            <check-content-ref name="oval:ssg-service_smb_disabled:def:1" href="ssg-sle15-oval.xml"/>
          </check>
          <check system="http://scap.nist.gov/schema/ocil/2">
            <check-content-ref name="ocil:ssg-service_smb_disabled_ocil:questionnaire:1" href="ssg-sle15-ocil.xml"/>
          </check>
        </Rule>
      </Group>
    </Group>
    <Group id="xccdf_org.ssgproject.content_group_snmp">
      <title xmlns:xhtml="http://www.w3.org/1999/xhtml" xml:lang="en-US">SNMP Server</title>
      <description xmlns:xhtml="http://www.w3.org/1999/xhtml" xml:lang="en-US">The Simple Network Management Protocol allows
administrators to monitor the state of network devices, including
computers. Older versions of SNMP were well-known for weak
security, such as plaintext transmission of the community string
(used for authentication) and usage of easily-guessable
choices for the community string.</description>
      <Group id="xccdf_org.ssgproject.content_group_disabling_snmp_service">
        <title xmlns:xhtml="http://www.w3.org/1999/xhtml" xml:lang="en-US">Disable SNMP Server if Possible</title>
        <description xmlns:xhtml="http://www.w3.org/1999/xhtml" xml:lang="en-US">The system includes an SNMP daemon that allows for its remote
monitoring, though it not installed by default. If it was installed and
activated but is not needed, the software should be disabled and removed.</description>
        <Rule id="xccdf_org.ssgproject.content_rule_package_net-snmp_removed" selected="false" role="full" severity="unknown">
          <title xmlns:xhtml="http://www.w3.org/1999/xhtml" xml:lang="en-US">Uninstall net-snmp Package</title>
          <description xmlns:xhtml="http://www.w3.org/1999/xhtml" xml:lang="en-US">
The <html:code xmlns:html="http://www.w3.org/1999/xhtml">net-snmp</html:code> package provides the snmpd service.
The <html:code xmlns:html="http://www.w3.org/1999/xhtml">net-snmp</html:code> package can be removed with the following command:
<html:pre xmlns:html="http://www.w3.org/1999/xhtml">
$ sudo zypper remove net-snmp</html:pre>
       </description>
          <reference href="https://www.cisecurity.org/benchmark/suse_linux/">2.2.15</reference>
          <reference href="not_publicly_available">SLES-15-300150225</reference>
          <reference href="https://docs-prv.pcisecuritystandards.org/PCI%20DSS/Standard/PCI-DSS-v4_0.pdf">2.2.4</reference>
          <reference href="https://docs-prv.pcisecuritystandards.org/PCI%20DSS/Standard/PCI-DSS-v4_0.pdf">2.2</reference>
          <rationale xmlns:xhtml="http://www.w3.org/1999/xhtml" xml:lang="en-US">If there is no need to run SNMP server software,
removing the package provides a safeguard against its
activation.</rationale>
          <ident system="https://ncp.nist.gov/cce">CCE-91288-1</ident>
          <fix xmlns:xhtml="http://www.w3.org/1999/xhtml" id="package_net-snmp_removed" system="urn:xccdf:fix:script:puppet" complexity="low" disruption="low" strategy="disable">
include remove_net-snmp

class remove_net-snmp {
  package { 'net-snmp':
    ensure =&gt; 'purged',
  }
}
</fix>
          <fix xmlns:xhtml="http://www.w3.org/1999/xhtml" id="package_net-snmp_removed" system="urn:xccdf:fix:script:sh" complexity="low" disruption="low" strategy="disable">
# CAUTION: This remediation script will remove net-snmp
# from the system, and may remove any packages
# that depend on net-snmp. Execute this
# remediation AFTER testing on a non-production
# system!


zypper remove -y "net-snmp"
</fix>
          <fix xmlns:xhtml="http://www.w3.org/1999/xhtml" id="package_net-snmp_removed" system="urn:xccdf:fix:script:ansible" complexity="low" disruption="low" strategy="disable">- name: 'Uninstall net-snmp Package: Ensure net-snmp is removed'
  ansible.builtin.package:
    name: net-snmp
    state: absent
  tags:
  - CCE-91288-1
  - PCI-DSSv4-2.2
  - PCI-DSSv4-2.2.4
  - disable_strategy
  - low_complexity
  - low_disruption
  - no_reboot_needed
  - package_net-snmp_removed
  - unknown_severity
</fix>
          <check system="http://oval.mitre.org/XMLSchema/oval-definitions-5">
            <check-content-ref name="oval:ssg-package_net-snmp_removed:def:1" href="ssg-sle15-oval.xml"/>
          </check>
          <check system="http://scap.nist.gov/schema/ocil/2">
            <check-content-ref name="ocil:ssg-package_net-snmp_removed_ocil:questionnaire:1" href="ssg-sle15-ocil.xml"/>
          </check>
        </Rule>
        <Rule id="xccdf_org.ssgproject.content_rule_service_snmpd_disabled" selected="false" role="full" severity="low">
          <title xmlns:xhtml="http://www.w3.org/1999/xhtml" xml:lang="en-US">Disable snmpd Service</title>
          <description xmlns:xhtml="http://www.w3.org/1999/xhtml" xml:lang="en-US">
The <html:code xmlns:html="http://www.w3.org/1999/xhtml">snmpd</html:code> service can be disabled with the following command:
<html:pre xmlns:html="http://www.w3.org/1999/xhtml">$ sudo systemctl mask --now snmpd.service</html:pre>
       </description>
          <reference href="https://www.cisecurity.org/benchmark/suse_linux/">2.2.15</reference>
          <reference href="not_publicly_available">SLES-15-300150225</reference>
          <reference href="https://www.cyber.gov.au/acsc/view-all-content/ism">1311</reference>
          <rationale xmlns:xhtml="http://www.w3.org/1999/xhtml" xml:lang="en-US">Running SNMP software provides a network-based avenue of attack, and
should be disabled if not needed.</rationale>
          <platform idref="#package_snmpd_and_system_with_kernel"/>
          <ident system="https://ncp.nist.gov/cce">CCE-91373-1</ident>
          <fix xmlns:xhtml="http://www.w3.org/1999/xhtml" id="service_snmpd_disabled" system="urn:xccdf:fix:script:puppet" complexity="low" disruption="low" strategy="enable">include disable_snmpd

class disable_snmpd {
  service {'snmpd':
    enable =&gt; false,
    ensure =&gt; 'stopped',
  }
}
</fix>
          <fix xmlns:xhtml="http://www.w3.org/1999/xhtml" id="service_snmpd_disabled" system="urn:xccdf:fix:script:sh" complexity="low" disruption="low" strategy="disable"># Remediation is applicable only in certain platforms
if ( rpm --quiet -q net-snmp &amp;&amp; rpm --quiet -q kernel-default || rpm --quiet -q kernel-default-base ); then

SYSTEMCTL_EXEC='/usr/bin/systemctl'
if [[ $("$SYSTEMCTL_EXEC" is-system-running) != "offline" ]]; then
  "$SYSTEMCTL_EXEC" stop 'snmpd.service'
fi
"$SYSTEMCTL_EXEC" disable 'snmpd.service'
"$SYSTEMCTL_EXEC" mask 'snmpd.service'
# Disable socket activation if we have a unit file for it
if "$SYSTEMCTL_EXEC" -q list-unit-files snmpd.socket; then
    if [[ $("$SYSTEMCTL_EXEC" is-system-running) != "offline" ]]; then
      "$SYSTEMCTL_EXEC" stop 'snmpd.socket'
    fi
    "$SYSTEMCTL_EXEC" mask 'snmpd.socket'
fi
# The service may not be running because it has been started and failed,
# so let's reset the state so OVAL checks pass.
# Service should be 'inactive', not 'failed' after reboot though.
"$SYSTEMCTL_EXEC" reset-failed 'snmpd.service' || true

else
    &gt;&amp;2 echo 'Remediation is not applicable, nothing was done'
fi
</fix>
          <fix xmlns:xhtml="http://www.w3.org/1999/xhtml" id="service_snmpd_disabled" system="urn:redhat:osbuild:blueprint">
[customizations.services]
masked = ["snmpd"]
</fix>
          <fix xmlns:xhtml="http://www.w3.org/1999/xhtml" id="service_snmpd_disabled" system="urn:xccdf:fix:script:ansible" complexity="low" disruption="low" strategy="disable">- name: Gather the package facts
  package_facts:
    manager: auto
  tags:
  - CCE-91373-1
  - disable_strategy
  - low_complexity
  - low_disruption
  - low_severity
  - no_reboot_needed
  - service_snmpd_disabled

- name: Disable snmpd Service - Disable service snmpd
  block:

  - name: Disable snmpd Service - Collect systemd Services Present in the System
    ansible.builtin.command: systemctl -q list-unit-files --type service
    register: service_exists
    changed_when: false
    failed_when: service_exists.rc not in [0, 1]
    check_mode: false

  - name: Disable snmpd Service - Ensure snmpd.service is Masked
    ansible.builtin.systemd:
      name: snmpd.service
      state: stopped
      enabled: false
      masked: true
    when: service_exists.stdout_lines is search("snmpd.service", multiline=True)

  - name: Unit Socket Exists - snmpd.socket
    ansible.builtin.command: systemctl -q list-unit-files snmpd.socket
    register: socket_file_exists
    changed_when: false
    failed_when: socket_file_exists.rc not in [0, 1]
    check_mode: false

  - name: Disable snmpd Service - Disable Socket snmpd
    ansible.builtin.systemd:
      name: snmpd.socket
      enabled: false
      state: stopped
      masked: true
    when: socket_file_exists.stdout_lines is search("snmpd.socket", multiline=True)
  tags:
  - CCE-91373-1
  - disable_strategy
  - low_complexity
  - low_disruption
  - low_severity
  - no_reboot_needed
  - service_snmpd_disabled
  - special_service_block
  when: ( "net-snmp" in ansible_facts.packages and ("kernel-default" in ansible_facts.packages
    or "kernel-default-base" in ansible_facts.packages) )
</fix>
          <check system="http://open-scap.org/page/SCE">
            <check-import import-name="stdout">
                </check-import>
            <check-content-ref href="sle15/checks/sce/service_snmpd_disabled.sh"/>
          </check>
          <check system="http://oval.mitre.org/XMLSchema/oval-definitions-5">
            <check-content-ref name="oval:ssg-service_snmpd_disabled:def:1" href="ssg-sle15-oval.xml"/>
          </check>
          <check system="http://scap.nist.gov/schema/ocil/2">
            <check-content-ref name="ocil:ssg-service_snmpd_disabled_ocil:questionnaire:1" href="ssg-sle15-ocil.xml"/>
          </check>
        </Rule>
      </Group>
    </Group>
    <Group id="xccdf_org.ssgproject.content_group_ssh">
      <title xmlns:xhtml="http://www.w3.org/1999/xhtml" xml:lang="en-US">SSH Server</title>
      <description xmlns:xhtml="http://www.w3.org/1999/xhtml" xml:lang="en-US">The SSH protocol is recommended for remote login and
remote file transfer. SSH provides confidentiality and integrity
for data exchanged between two systems, as well as server
authentication, through the use of public key cryptography. The
implementation included with the system is called OpenSSH, and more
detailed documentation is available from its website,

    <html:a xmlns:html="http://www.w3.org/1999/xhtml" href="https://www.openssh.com">https://www.openssh.com</html:a>.
Its server program is called <html:code xmlns:html="http://www.w3.org/1999/xhtml">sshd</html:code> and provided by the RPM package
<html:code xmlns:html="http://www.w3.org/1999/xhtml">openssh-server</html:code>.</description>
      <Value id="xccdf_org.ssgproject.content_value_sshd_approved_ciphers" type="string">
        <title xmlns:xhtml="http://www.w3.org/1999/xhtml" xml:lang="en-US">SSH Approved ciphers by FIPS</title>
        <description xmlns:xhtml="http://www.w3.org/1999/xhtml" xml:lang="en-US">Specify the FIPS approved ciphers that are used for data integrity protection by the SSH server.</description>
        <value selector="stig">aes256-ctr,aes192-ctr,aes128-ctr</value>
        <value selector="stig_extended">aes256-gcm@openssh.com,aes128-gcm@openssh.com,aes256-ctr,aes128-ctr</value>
        <value selector="stig_rhel9">aes256-gcm@openssh.com,aes256-ctr,aes128-gcm@openssh.com,aes128-ctr</value>
        <value>aes128-ctr,aes192-ctr,aes256-ctr,aes128-cbc,3des-cbc,aes192-cbc,aes256-cbc,rijndael-cbc@lysator.liu.se</value>
        <value selector="cis_rhel8">-3des-cbc,aes128-cbc,aes192-cbc,aes256-cbc,rijndael-cbc@lysator.liu.se</value>
        <value selector="cis_rhel9">-3des-cbc,aes128-cbc,aes192-cbc,aes256-cbc,rijndael-cbc@lysator.liu.se</value>
        <value selector="cis_sle12">chacha20-poly1305@openssh.com,aes256-gcm@openssh.com,aes128-gcm@openssh.com,aes256-ctr,aes192-ctr,aes128-ctr</value>
        <value selector="cis_sle15">chacha20-poly1305@openssh.com,aes256-gcm@openssh.com,aes128-gcm@openssh.com,aes256-ctr,aes192-ctr,aes128-ctr</value>
        <value selector="cis_ubuntu">chacha20-poly1305@openssh.com,aes128-ctr,aes192-ctr,aes256-ctr,aes128-gcm@openssh.com,aes256-gcm@openssh.com</value>
        <value selector="stig_ubuntu2204">aes256-ctr,aes256-gcm@openssh.com,aes192-ctr,aes128-ctr,aes128-gcm@openssh.com</value>
        <value selector="stig_ol9">aes256-gcm@openssh.com,aes256-ctr,aes128-gcm@openssh.com,aes128-ctr</value>
      </Value>
      <Value id="xccdf_org.ssgproject.content_value_sshd_approved_macs" type="string">
        <title xmlns:xhtml="http://www.w3.org/1999/xhtml" xml:lang="en-US">SSH Approved MACs by FIPS</title>
        <description xmlns:xhtml="http://www.w3.org/1999/xhtml" xml:lang="en-US">Specify the FIPS approved MACs (message authentication code) algorithms
	that are used for data integrity protection by the SSH server.</description>
        <value selector="stig">hmac-sha2-512,hmac-sha2-256</value>
        <value selector="stig_extended">hmac-sha2-512-etm@openssh.com,hmac-sha2-256-etm@openssh.com,hmac-sha2-512,hmac-sha2-256</value>
        <value selector="stig_rhel9">hmac-sha2-256-etm@openssh.com,hmac-sha2-512-etm@openssh.com,hmac-sha2-256,hmac-sha2-512</value>
        <value>hmac-sha2-512,hmac-sha2-256,hmac-sha1,hmac-sha1-etm@openssh.com,hmac-sha2-256-etm@openssh.com,hmac-sha2-512-etm@openssh.com</value>
        <value selector="cis_sle12">hmac-sha2-512-etm@openssh.com,hmac-sha2-256-etm@openssh.com,hmac-sha2-512,hmac-sha2-256</value>
        <value selector="cis_sle15">hmac-sha2-512-etm@openssh.com,hmac-sha2-256-etm@openssh.com,hmac-sha2-512,hmac-sha2-256</value>
        <value selector="cis_ubuntu">hmac-sha2-512-etm@openssh.com,hmac-sha2-256-etm@openssh.com,hmac-sha2-512,hmac-sha2-256</value>
        <value selector="stig_ubuntu2204">hmac-sha2-512,hmac-sha2-512-etm@openssh.com,hmac-sha2-256,hmac-sha2-256-etm@openssh.com</value>
        <value selector="stig_ol9">hmac-sha2-256-etm@openssh.com,hmac-sha2-512-etm@openssh.com,hmac-sha2-256,hmac-sha2-512</value>
      </Value>
      <Value id="xccdf_org.ssgproject.content_value_sshd_idle_timeout_value" type="number">
        <title xmlns:xhtml="http://www.w3.org/1999/xhtml" xml:lang="en-US">SSH session Idle time</title>
        <description xmlns:xhtml="http://www.w3.org/1999/xhtml" xml:lang="en-US">Specify duration of allowed idle time.</description>
        <value selector="10_minutes">600</value>
        <value selector="120_minutes">7200</value>
        <value selector="14_minutes">840</value>
        <value selector="15_minutes">900</value>
        <value selector="30_minutes">1800</value>
        <value selector="5_minutes">300</value>
        <value selector="60_minutes">3600</value>
        <value>300</value>
      </Value>
      <Value id="xccdf_org.ssgproject.content_value_sshd_max_auth_tries_value" type="number">
        <title xmlns:xhtml="http://www.w3.org/1999/xhtml" xml:lang="en-US">SSH Max authentication attempts</title>
        <description xmlns:xhtml="http://www.w3.org/1999/xhtml" xml:lang="en-US">Specify the maximum number of authentication attempts per connection.</description>
        <value selector="10">10</value>
        <value selector="3">3</value>
        <value selector="4">4</value>
        <value selector="5">5</value>
        <value>4</value>
      </Value>
      <Value id="xccdf_org.ssgproject.content_value_sshd_required" type="number">
        <title xmlns:xhtml="http://www.w3.org/1999/xhtml" xml:lang="en-US">SSH is required to be installed</title>
        <description xmlns:xhtml="http://www.w3.org/1999/xhtml" xml:lang="en-US">Specify if the Policy requires SSH to be installed. Used by SSH Rules
to determine if SSH should be uninstalled or configured.<html:br xmlns:html="http://www.w3.org/1999/xhtml"/>
A value of 0 means that the policy doesn't care if OpenSSH server is installed or not. If it is installed, scanner will check for it's configuration, if it's not installed, the check will pass.<html:br xmlns:html="http://www.w3.org/1999/xhtml"/>
A value of 1 indicates that OpenSSH server package is not required by the policy;<html:br xmlns:html="http://www.w3.org/1999/xhtml"/>
A value of 2 indicates that OpenSSH server package is required by the policy.<html:br xmlns:html="http://www.w3.org/1999/xhtml"/>
      </description>
        <value>0</value>
        <value selector="no">1</value>
        <value selector="yes">2</value>
      </Value>
      <Value id="xccdf_org.ssgproject.content_value_sshd_strong_kex" type="string">
        <title xmlns:xhtml="http://www.w3.org/1999/xhtml" xml:lang="en-US">SSH Strong KEX by FIPS</title>
        <description xmlns:xhtml="http://www.w3.org/1999/xhtml" xml:lang="en-US">Specify the FIPS approved KEXs (Key Exchange Algorithms) algorithms
	that are used for methods in cryptography by which cryptographic keys are exchanged between two parties</description>
        <value>ecdh-sha2-nistp256,ecdh-sha2-nistp384,ecdh-sha2-nistp521,diffie-hellman-group-exchange-sha256,diffie-hellman-group16-sha512,diffie-hellman-group18-sha512,diffie-hellman-group14-sha256</value>
        <value selector="pcidss">ecdh-sha2-nistp256,ecdh-sha2-nistp384,ecdh-sha2-nistp521,diffie-hellman-group-exchange-sha256,diffie-hellman-group16-sha512,diffie-hellman-group18-sha512,diffie-hellman-group14-sha256</value>
        <value selector="cis_rhel8">-diffie-hellman-group1-sha1,diffie-hellman-group14-sha1,diffie-hellman-group-exchange-sha1</value>
        <value selector="cis_rhel9">-diffie-hellman-group1-sha1,diffie-hellman-group14-sha1,diffie-hellman-group-exchange-sha1</value>
        <value selector="cis_rhel10">-diffie-hellman-group1-sha1,diffie-hellman-group14-sha1,diffie-hellman-group-exchange-sha1</value>
        <value selector="cis_sle12">curve25519-sha256,curve25519-sha256@libssh.org,diffie-hellman-group14-sha256,diffie-hellman-group16-sha512,diffie-hellman-group18-sha512,ecdh-sha2-nistp521,ecdh-sha2-nistp384,ecdh-sha2-nistp256,diffie-hellman-group-exchange-sha256</value>
        <value selector="cis_sle15">curve25519-sha256,curve25519-sha256@libssh.org,diffie-hellman-group14-sha256,diffie-hellman-group16-sha512,diffie-hellman-group18-sha512,ecdh-sha2-nistp521,ecdh-sha2-nistp384,ecdh-sha2-nistp256,diffie-hellman-group-exchange-sha256</value>
        <value selector="cis_ubuntu2204">curve25519-sha256,curve25519-sha256@libssh.org,ecdh-sha2-nistp256,ecdh-sha2-nistp384,ecdh-sha2-nistp521,diffie-hellman-group-exchange-sha256,diffie-hellman-group16-sha512,diffie-hellman-group18-sha512,diffie-hellman-group14-sha256</value>
        <value selector="cis_ubuntu2404">sntrup761x25519-sha512@openssh.com,curve25519-sha256,curve25519-sha256@libssh.org,ecdh-sha2-nistp256,ecdh-sha2-nistp384,ecdh-sha2-nistp521,diffie-hellman-group-exchange-sha256,diffie-hellman-group16-sha512,diffie-hellman-group18-sha512,diffie-hellman-group14-sha256</value>
        <value selector="std_openeuler">curve25519-sha256,curve25519-sha256@libssh.org,diffie-hellman-group-exchange-sha256</value>
        <value selector="cis_debian12">sntrup761x25519-sha512@openssh.com,curve25519-sha256,curve25519-sha256@libssh.org,ecdh-sha2-nistp256,ecdh-sha2-nistp384,ecdh-sha2-nistp521,diffie-hellman-group-exchange-sha256,diffie-hellman-group16-sha512,diffie-hellman-group18-sha512,diffie-hellman-group14-sha256</value>
      </Value>
      <Value id="xccdf_org.ssgproject.content_value_sshd_strong_macs" type="string">
        <title xmlns:xhtml="http://www.w3.org/1999/xhtml" xml:lang="en-US">SSH Strong MACs by FIPS</title>
        <description xmlns:xhtml="http://www.w3.org/1999/xhtml" xml:lang="en-US">Specify the FIPS approved MACs (Message Authentication Code) algorithms
	that are used for data integrity protection by the SSH server.</description>
        <value>hmac-sha2-512-etm@openssh.com,hmac-sha2-256-etm@openssh.com,umac-128-etm@openssh.com,hmac-sha2-512,hmac-sha2-256,hmac-ripemd160</value>
        <value selector="cis_rhel8">-hmac-md5,hmac-md5-96,hmac-ripemd160,hmac-sha1-96,umac-64@openssh.com,hmac-md5-etm@openssh.com,hmac-md5-96-etm@openssh.com,hmac-ripemd160-etm@openssh.com,hmac-sha1-96-etm@openssh.com,umac-64-etm@openssh.com</value>
        <value selector="cis_rhel9">-hmac-md5,hmac-md5-96,hmac-ripemd160,hmac-sha1-96,umac-64@openssh.com,hmac-md5-etm@openssh.com,hmac-md5-96-etm@openssh.com,hmac-ripemd160-etm@openssh.com,hmac-sha1-96-etm@openssh.com,umac-64-etm@openssh.com</value>
        <value selector="cis_rhel10">-hmac-md5,hmac-md5-96,hmac-ripemd160,hmac-sha1-96,umac-64@openssh.com,hmac-md5-etm@openssh.com,hmac-md5-96-etm@openssh.com,hmac-ripemd160-etm@openssh.com,hmac-sha1-96-etm@openssh.com,umac-64-etm@openssh.com</value>
        <value selector="cis_sle12">hmac-sha2-512-etm@openssh.com,hmac-sha2-256-etm@openssh.com,umac-128-etm@openssh.com,hmac-sha2-512,hmac-sha2-256,hmac-ripemd160</value>
        <value selector="cis_sle15">hmac-sha2-512-etm@openssh.com,hmac-sha2-256-etm@openssh.com,umac-128-etm@openssh.com,hmac-sha2-512,hmac-sha2-256</value>
        <value selector="cis_tencentos4">hmac-sha2-512,hmac-sha2-512-etm@openssh.com,hmac-sha2-256,hmac-sha2-256-etm@openssh.com</value>
        <value selector="cis_ubuntu2204">hmac-sha2-512-etm@openssh.com,hmac-sha2-256-etm@openssh.com,hmac-sha2-512,hmac-sha2-256</value>
        <value selector="cis_ubuntu2404">hmac-sha2-512-etm@openssh.com,hmac-sha2-256-etm@openssh.com,hmac-sha2-512,hmac-sha2-256</value>
        <value selector="stig_rhel9">hmac-sha2-256-etm@openssh.com,hmac-sha2-512-etm@openssh.com,hmac-sha2-256,hmac-sha2-512</value>
        <value selector="stig_ol9">hmac-sha2-256-etm@openssh.com,hmac-sha2-512-etm@openssh.com,hmac-sha2-256,hmac-sha2-512</value>
        <value selector="cis_debian12">hmac-sha2-512-etm@openssh.com,hmac-sha2-256-etm@openssh.com,hmac-sha2-512,hmac-sha2-256</value>
      </Value>
      <Value id="xccdf_org.ssgproject.content_value_var_sshd_max_sessions" type="number">
        <title xmlns:xhtml="http://www.w3.org/1999/xhtml" xml:lang="en-US">SSH Max Sessions Count</title>
        <description xmlns:xhtml="http://www.w3.org/1999/xhtml" xml:lang="en-US">Specify the maximum number of open sessions permitted.</description>
        <value selector="10">10</value>
        <value selector="4">4</value>
        <value selector="3">3</value>
        <value selector="2">2</value>
        <value selector="1">1</value>
        <value selector="0">0</value>
        <value>10</value>
      </Value>
      <Value id="xccdf_org.ssgproject.content_value_var_sshd_set_keepalive" type="number">
        <title xmlns:xhtml="http://www.w3.org/1999/xhtml" xml:lang="en-US">SSH Max Keep Alive Count</title>
        <description xmlns:xhtml="http://www.w3.org/1999/xhtml" xml:lang="en-US">Specify the maximum number of idle message counts before session is terminated.</description>
        <value selector="10">10</value>
        <value selector="3">3</value>
        <value selector="5">5</value>
        <value selector="0">0</value>
        <value selector="1">1</value>
        <value>0</value>
      </Value>
      <Rule id="xccdf_org.ssgproject.content_rule_package_openssh-server_installed" selected="false" role="full" severity="medium">
        <title xmlns:xhtml="http://www.w3.org/1999/xhtml" xml:lang="en-US">Install the OpenSSH Server Package</title>
        <description xmlns:xhtml="http://www.w3.org/1999/xhtml" xml:lang="en-US">The <html:code xmlns:html="http://www.w3.org/1999/xhtml">openssh-server</html:code> package should be installed.
The <html:code xmlns:html="http://www.w3.org/1999/xhtml">openssh-server</html:code> package can be installed with the following command:
<html:pre xmlns:html="http://www.w3.org/1999/xhtml">
$ sudo zypper install openssh-server</html:pre>
      </description>
        <reference href="https://www.cisecurity.org/controls/">13</reference>
        <reference href="https://www.cisecurity.org/controls/">14</reference>
        <reference href="https://www.isaca.org/resources/cobit">APO01.06</reference>
        <reference href="https://www.isaca.org/resources/cobit">DSS05.02</reference>
        <reference href="https://www.isaca.org/resources/cobit">DSS05.04</reference>
        <reference href="https://www.isaca.org/resources/cobit">DSS05.07</reference>
        <reference href="https://www.isaca.org/resources/cobit">DSS06.02</reference>
        <reference href="https://www.isaca.org/resources/cobit">DSS06.06</reference>
        <reference href="https://www.isa.org/products/ansi-isa-62443-3-3-99-03-03-2013-security-for-indu">SR 3.1</reference>
        <reference href="https://www.isa.org/products/ansi-isa-62443-3-3-99-03-03-2013-security-for-indu">SR 3.8</reference>
        <reference href="https://www.isa.org/products/ansi-isa-62443-3-3-99-03-03-2013-security-for-indu">SR 4.1</reference>
        <reference href="https://www.isa.org/products/ansi-isa-62443-3-3-99-03-03-2013-security-for-indu">SR 4.2</reference>
        <reference href="https://www.isa.org/products/ansi-isa-62443-3-3-99-03-03-2013-security-for-indu">SR 5.2</reference>
        <reference href="https://www.iso.org/contents/data/standard/05/45/54534.html">A.10.1.1</reference>
        <reference href="https://www.iso.org/contents/data/standard/05/45/54534.html">A.11.1.4</reference>
        <reference href="https://www.iso.org/contents/data/standard/05/45/54534.html">A.11.1.5</reference>
        <reference href="https://www.iso.org/contents/data/standard/05/45/54534.html">A.11.2.1</reference>
        <reference href="https://www.iso.org/contents/data/standard/05/45/54534.html">A.13.1.1</reference>
        <reference href="https://www.iso.org/contents/data/standard/05/45/54534.html">A.13.1.3</reference>
        <reference href="https://www.iso.org/contents/data/standard/05/45/54534.html">A.13.2.1</reference>
        <reference href="https://www.iso.org/contents/data/standard/05/45/54534.html">A.13.2.3</reference>
        <reference href="https://www.iso.org/contents/data/standard/05/45/54534.html">A.13.2.4</reference>
        <reference href="https://www.iso.org/contents/data/standard/05/45/54534.html">A.14.1.2</reference>
        <reference href="https://www.iso.org/contents/data/standard/05/45/54534.html">A.14.1.3</reference>
        <reference href="https://www.iso.org/contents/data/standard/05/45/54534.html">A.6.1.2</reference>
        <reference href="https://www.iso.org/contents/data/standard/05/45/54534.html">A.7.1.1</reference>
        <reference href="https://www.iso.org/contents/data/standard/05/45/54534.html">A.7.1.2</reference>
        <reference href="https://www.iso.org/contents/data/standard/05/45/54534.html">A.7.3.1</reference>
        <reference href="https://www.iso.org/contents/data/standard/05/45/54534.html">A.8.2.2</reference>
        <reference href="https://www.iso.org/contents/data/standard/05/45/54534.html">A.8.2.3</reference>
        <reference href="https://www.iso.org/contents/data/standard/05/45/54534.html">A.9.1.1</reference>
        <reference href="https://www.iso.org/contents/data/standard/05/45/54534.html">A.9.1.2</reference>
        <reference href="https://www.iso.org/contents/data/standard/05/45/54534.html">A.9.2.3</reference>
        <reference href="https://www.iso.org/contents/data/standard/05/45/54534.html">A.9.4.1</reference>
        <reference href="https://www.iso.org/contents/data/standard/05/45/54534.html">A.9.4.4</reference>
        <reference href="https://www.iso.org/contents/data/standard/05/45/54534.html">A.9.4.5</reference>
        <reference href="http://nvlpubs.nist.gov/nistpubs/SpecialPublications/NIST.SP.800-53r4.pdf">CM-6(a)</reference>
        <reference href="https://nvlpubs.nist.gov/nistpubs/CSWP/NIST.CSWP.04162018.pdf">PR.DS-2</reference>
        <reference href="https://nvlpubs.nist.gov/nistpubs/CSWP/NIST.CSWP.04162018.pdf">PR.DS-5</reference>
        <reference href="https://www.niap-ccevs.org/Profile/PP.cfm">FIA_UAU.5</reference>
        <reference href="https://www.niap-ccevs.org/Profile/PP.cfm">FTP_ITC_EXT.1</reference>
        <reference href="https://www.niap-ccevs.org/Profile/PP.cfm">FCS_SSH_EXT.1</reference>
        <reference href="https://www.niap-ccevs.org/Profile/PP.cfm">FCS_SSHS_EXT.1</reference>
        <reference href="https://www.cyber.mil/stigs/downloads/?_dl_facet_stigs=operating-systems%2Cgeneral-purpose-os">SRG-OS-000423-GPOS-00187</reference>
        <reference href="https://www.cyber.mil/stigs/downloads/?_dl_facet_stigs=operating-systems%2Cgeneral-purpose-os">SRG-OS-000424-GPOS-00188</reference>
        <reference href="https://www.cyber.mil/stigs/downloads/?_dl_facet_stigs=operating-systems%2Cgeneral-purpose-os">SRG-OS-000425-GPOS-00189</reference>
        <reference href="https://www.cyber.mil/stigs/downloads/?_dl_facet_stigs=operating-systems%2Cgeneral-purpose-os">SRG-OS-000426-GPOS-00190</reference>
        <rationale xmlns:xhtml="http://www.w3.org/1999/xhtml" xml:lang="en-US">Without protection of the transmitted information, confidentiality, and
integrity may be compromised because unprotected communications can be
intercepted and either read or altered.</rationale>
        <platform idref="#system_with_kernel"/>
        <fix xmlns:xhtml="http://www.w3.org/1999/xhtml" id="package_openssh-server_installed" system="urn:xccdf:fix:script:puppet" complexity="low" disruption="low" strategy="enable">include install_openssh-server

class install_openssh-server {
  package { 'openssh-server':
    ensure =&gt; 'installed',
  }
}
</fix>
        <fix xmlns:xhtml="http://www.w3.org/1999/xhtml" id="package_openssh-server_installed" system="urn:xccdf:fix:script:sh" complexity="low" disruption="low" strategy="enable"># Remediation is applicable only in certain platforms
if rpm --quiet -q kernel-default || rpm --quiet -q kernel-default-base; then

zypper install -y "openssh-server"

else
    &gt;&amp;2 echo 'Remediation is not applicable, nothing was done'
fi
</fix>
        <fix xmlns:xhtml="http://www.w3.org/1999/xhtml" id="package_openssh-server_installed" system="urn:redhat:osbuild:blueprint">
[[packages]]
name = "openssh-server"
version = "*"
</fix>
        <fix xmlns:xhtml="http://www.w3.org/1999/xhtml" id="package_openssh-server_installed" system="urn:xccdf:fix:script:ansible" complexity="low" disruption="low" strategy="enable">- name: Gather the package facts
  package_facts:
    manager: auto
  tags:
  - NIST-800-53-CM-6(a)
  - enable_strategy
  - low_complexity
  - low_disruption
  - medium_severity
  - no_reboot_needed
  - package_openssh-server_installed

- name: Ensure openssh-server is installed
  ansible.builtin.package:
    name: openssh-server
    state: present
  when: ("kernel-default" in ansible_facts.packages or "kernel-default-base" in ansible_facts.packages)
  tags:
  - NIST-800-53-CM-6(a)
  - enable_strategy
  - low_complexity
  - low_disruption
  - medium_severity
  - no_reboot_needed
  - package_openssh-server_installed
</fix>
        <check system="http://oval.mitre.org/XMLSchema/oval-definitions-5">
          <check-content-ref name="oval:ssg-package_openssh-server_installed:def:1" href="ssg-sle15-oval.xml"/>
        </check>
        <check system="http://scap.nist.gov/schema/ocil/2">
          <check-content-ref name="ocil:ssg-package_openssh-server_installed_ocil:questionnaire:1" href="ssg-sle15-ocil.xml"/>
        </check>
      </Rule>
      <Rule id="xccdf_org.ssgproject.content_rule_package_openssh_installed" selected="false" role="full" severity="medium">
        <title xmlns:xhtml="http://www.w3.org/1999/xhtml" xml:lang="en-US">Install the OpenSSH Client and Server Package</title>
        <description xmlns:xhtml="http://www.w3.org/1999/xhtml" xml:lang="en-US">The <html:code xmlns:html="http://www.w3.org/1999/xhtml">openssh</html:code> package should be installed.
The <html:code xmlns:html="http://www.w3.org/1999/xhtml">openssh</html:code> package can be installed with the following command:
<html:pre xmlns:html="http://www.w3.org/1999/xhtml">
$ sudo zypper install openssh</html:pre>
      </description>
        <reference href="http://nvlpubs.nist.gov/nistpubs/SpecialPublications/NIST.SP.800-53r4.pdf">CM-6(a)</reference>
        <reference href="https://www.cyber.mil/stigs/downloads/?_dl_facet_stigs=operating-systems%2Cgeneral-purpose-os">SRG-OS-000423-GPOS-00187</reference>
        <rationale xmlns:xhtml="http://www.w3.org/1999/xhtml" xml:lang="en-US">Without protection of the transmitted information, confidentiality, and
integrity may be compromised because unprotected communications can be
intercepted and either read or altered.</rationale>
        <fix xmlns:xhtml="http://www.w3.org/1999/xhtml" id="package_openssh_installed" system="urn:xccdf:fix:script:puppet" complexity="low" disruption="low" strategy="enable">include install_openssh

class install_openssh {
  package { 'openssh':
    ensure =&gt; 'installed',
  }
}
</fix>
        <fix xmlns:xhtml="http://www.w3.org/1999/xhtml" id="package_openssh_installed" system="urn:xccdf:fix:script:sh" complexity="low" disruption="low" strategy="enable">
zypper install -y "openssh"
</fix>
        <fix xmlns:xhtml="http://www.w3.org/1999/xhtml" id="package_openssh_installed" system="urn:redhat:osbuild:blueprint">
[[packages]]
name = "openssh"
version = "*"
</fix>
        <fix xmlns:xhtml="http://www.w3.org/1999/xhtml" id="package_openssh_installed" system="urn:xccdf:fix:script:ansible" complexity="low" disruption="low" strategy="enable">- name: Ensure openssh is installed
  ansible.builtin.package:
    name: openssh
    state: present
  tags:
  - NIST-800-53-CM-6(a)
  - enable_strategy
  - low_complexity
  - low_disruption
  - medium_severity
  - no_reboot_needed
  - package_openssh_installed
</fix>
        <check system="http://oval.mitre.org/XMLSchema/oval-definitions-5">
          <check-content-ref name="oval:ssg-package_openssh_installed:def:1" href="ssg-sle15-oval.xml"/>
        </check>
        <check system="http://scap.nist.gov/schema/ocil/2">
          <check-content-ref name="ocil:ssg-package_openssh_installed_ocil:questionnaire:1" href="ssg-sle15-ocil.xml"/>
        </check>
      </Rule>
      <Rule id="xccdf_org.ssgproject.content_rule_package_openssh-server_removed" selected="false" role="full" severity="medium">
        <title xmlns:xhtml="http://www.w3.org/1999/xhtml" xml:lang="en-US">Remove the OpenSSH Server Package</title>
        <description xmlns:xhtml="http://www.w3.org/1999/xhtml" xml:lang="en-US">The <html:code xmlns:html="http://www.w3.org/1999/xhtml">openssh-server</html:code> package should be removed.
The <html:code xmlns:html="http://www.w3.org/1999/xhtml">openssh-server</html:code> package can be removed with the following command:
<html:pre xmlns:html="http://www.w3.org/1999/xhtml">
$ sudo zypper remove openssh-server</html:pre>
      </description>
        <rationale xmlns:xhtml="http://www.w3.org/1999/xhtml" xml:lang="en-US">Without protection of the transmitted information, confidentiality, and
integrity may be compromised because unprotected communications can be
intercepted and either read or altered.</rationale>
        <fix xmlns:xhtml="http://www.w3.org/1999/xhtml" id="package_openssh-server_removed" system="urn:xccdf:fix:script:puppet" complexity="low" disruption="low" strategy="disable">
include remove_openssh-server

class remove_openssh-server {
  package { 'openssh-server':
    ensure =&gt; 'purged',
  }
}
</fix>
        <fix xmlns:xhtml="http://www.w3.org/1999/xhtml" id="package_openssh-server_removed" system="urn:xccdf:fix:script:sh" complexity="low" disruption="low" strategy="disable">
# CAUTION: This remediation script will remove openssh-server
# from the system, and may remove any packages
# that depend on openssh-server. Execute this
# remediation AFTER testing on a non-production
# system!


zypper remove -y "openssh-server"
</fix>
        <fix xmlns:xhtml="http://www.w3.org/1999/xhtml" id="package_openssh-server_removed" system="urn:xccdf:fix:script:ansible" complexity="low" disruption="low" strategy="disable">- name: 'Remove the OpenSSH Server Package: Ensure openssh-server is removed'
  ansible.builtin.package:
    name: openssh-server
    state: absent
  tags:
  - disable_strategy
  - low_complexity
  - low_disruption
  - medium_severity
  - no_reboot_needed
  - package_openssh-server_removed
</fix>
        <check system="http://oval.mitre.org/XMLSchema/oval-definitions-5">
          <check-content-ref name="oval:ssg-package_openssh-server_removed:def:1" href="ssg-sle15-oval.xml"/>
        </check>
        <check system="http://scap.nist.gov/schema/ocil/2">
          <check-content-ref name="ocil:ssg-package_openssh-server_removed_ocil:questionnaire:1" href="ssg-sle15-ocil.xml"/>
        </check>
      </Rule>
      <Rule id="xccdf_org.ssgproject.content_rule_package_openssh_removed" selected="false" role="full" severity="medium">
        <title xmlns:xhtml="http://www.w3.org/1999/xhtml" xml:lang="en-US">Remove the OpenSSH Client and Server Package</title>
        <description xmlns:xhtml="http://www.w3.org/1999/xhtml" xml:lang="en-US">The <html:code xmlns:html="http://www.w3.org/1999/xhtml">openssh</html:code> package should be removed.
The <html:code xmlns:html="http://www.w3.org/1999/xhtml">openssh</html:code> package can be removed with the following command:
<html:pre xmlns:html="http://www.w3.org/1999/xhtml">
$ sudo zypper remove openssh</html:pre>
      </description>
        <rationale xmlns:xhtml="http://www.w3.org/1999/xhtml" xml:lang="en-US">Without protection of the transmitted information, confidentiality, and
integrity may be compromised because unprotected communications can be
intercepted and either read or altered.</rationale>
        <fix xmlns:xhtml="http://www.w3.org/1999/xhtml" id="package_openssh_removed" system="urn:xccdf:fix:script:puppet" complexity="low" disruption="low" strategy="disable">
include remove_openssh

class remove_openssh {
  package { 'openssh':
    ensure =&gt; 'purged',
  }
}
</fix>
        <fix xmlns:xhtml="http://www.w3.org/1999/xhtml" id="package_openssh_removed" system="urn:xccdf:fix:script:sh" complexity="low" disruption="low" strategy="disable">
# CAUTION: This remediation script will remove openssh
# from the system, and may remove any packages
# that depend on openssh. Execute this
# remediation AFTER testing on a non-production
# system!


zypper remove -y "openssh"
</fix>
        <fix xmlns:xhtml="http://www.w3.org/1999/xhtml" id="package_openssh_removed" system="urn:xccdf:fix:script:ansible" complexity="low" disruption="low" strategy="disable">- name: 'Remove the OpenSSH Client and Server Package: Ensure openssh is removed'
  ansible.builtin.package:
    name: openssh
    state: absent
  tags:
  - disable_strategy
  - low_complexity
  - low_disruption
  - medium_severity
  - no_reboot_needed
  - package_openssh_removed
</fix>
        <check system="http://oval.mitre.org/XMLSchema/oval-definitions-5">
          <check-content-ref name="oval:ssg-package_openssh_removed:def:1" href="ssg-sle15-oval.xml"/>
        </check>
        <check system="http://scap.nist.gov/schema/ocil/2">
          <check-content-ref name="ocil:ssg-package_openssh_removed_ocil:questionnaire:1" href="ssg-sle15-ocil.xml"/>
        </check>
      </Rule>
      <Rule id="xccdf_org.ssgproject.content_rule_service_sshd_enabled" selected="false" role="full" severity="medium">
        <title xmlns:xhtml="http://www.w3.org/1999/xhtml" xml:lang="en-US">Enable the OpenSSH Service</title>
        <description xmlns:xhtml="http://www.w3.org/1999/xhtml" xml:lang="en-US">The SSH server service, sshd, is commonly needed.

The <html:code xmlns:html="http://www.w3.org/1999/xhtml">sshd</html:code> service can be enabled with the following command:
<html:pre xmlns:html="http://www.w3.org/1999/xhtml">$ sudo systemctl enable sshd.service</html:pre>
      </description>
        <reference href="https://www.cisecurity.org/controls/">13</reference>
        <reference href="https://www.cisecurity.org/controls/">14</reference>
        <reference href="https://www.isaca.org/resources/cobit">APO01.06</reference>
        <reference href="https://www.isaca.org/resources/cobit">DSS05.02</reference>
        <reference href="https://www.isaca.org/resources/cobit">DSS05.04</reference>
        <reference href="https://www.isaca.org/resources/cobit">DSS05.07</reference>
        <reference href="https://www.isaca.org/resources/cobit">DSS06.02</reference>
        <reference href="https://www.isaca.org/resources/cobit">DSS06.06</reference>
        <reference href="http://nvlpubs.nist.gov/nistpubs/SpecialPublications/NIST.SP.800-171.pdf">3.1.13</reference>
        <reference href="http://nvlpubs.nist.gov/nistpubs/SpecialPublications/NIST.SP.800-171.pdf">3.5.4</reference>
        <reference href="http://nvlpubs.nist.gov/nistpubs/SpecialPublications/NIST.SP.800-171.pdf">3.13.8</reference>
        <reference href="https://www.isa.org/products/ansi-isa-62443-3-3-99-03-03-2013-security-for-indu">SR 3.1</reference>
        <reference href="https://www.isa.org/products/ansi-isa-62443-3-3-99-03-03-2013-security-for-indu">SR 3.8</reference>
        <reference href="https://www.isa.org/products/ansi-isa-62443-3-3-99-03-03-2013-security-for-indu">SR 4.1</reference>
        <reference href="https://www.isa.org/products/ansi-isa-62443-3-3-99-03-03-2013-security-for-indu">SR 4.2</reference>
        <reference href="https://www.isa.org/products/ansi-isa-62443-3-3-99-03-03-2013-security-for-indu">SR 5.2</reference>
        <reference href="https://www.iso.org/contents/data/standard/05/45/54534.html">A.10.1.1</reference>
        <reference href="https://www.iso.org/contents/data/standard/05/45/54534.html">A.11.1.4</reference>
        <reference href="https://www.iso.org/contents/data/standard/05/45/54534.html">A.11.1.5</reference>
        <reference href="https://www.iso.org/contents/data/standard/05/45/54534.html">A.11.2.1</reference>
        <reference href="https://www.iso.org/contents/data/standard/05/45/54534.html">A.13.1.1</reference>
        <reference href="https://www.iso.org/contents/data/standard/05/45/54534.html">A.13.1.3</reference>
        <reference href="https://www.iso.org/contents/data/standard/05/45/54534.html">A.13.2.1</reference>
        <reference href="https://www.iso.org/contents/data/standard/05/45/54534.html">A.13.2.3</reference>
        <reference href="https://www.iso.org/contents/data/standard/05/45/54534.html">A.13.2.4</reference>
        <reference href="https://www.iso.org/contents/data/standard/05/45/54534.html">A.14.1.2</reference>
        <reference href="https://www.iso.org/contents/data/standard/05/45/54534.html">A.14.1.3</reference>
        <reference href="https://www.iso.org/contents/data/standard/05/45/54534.html">A.6.1.2</reference>
        <reference href="https://www.iso.org/contents/data/standard/05/45/54534.html">A.7.1.1</reference>
        <reference href="https://www.iso.org/contents/data/standard/05/45/54534.html">A.7.1.2</reference>
        <reference href="https://www.iso.org/contents/data/standard/05/45/54534.html">A.7.3.1</reference>
        <reference href="https://www.iso.org/contents/data/standard/05/45/54534.html">A.8.2.2</reference>
        <reference href="https://www.iso.org/contents/data/standard/05/45/54534.html">A.8.2.3</reference>
        <reference href="https://www.iso.org/contents/data/standard/05/45/54534.html">A.9.1.1</reference>
        <reference href="https://www.iso.org/contents/data/standard/05/45/54534.html">A.9.1.2</reference>
        <reference href="https://www.iso.org/contents/data/standard/05/45/54534.html">A.9.2.3</reference>
        <reference href="https://www.iso.org/contents/data/standard/05/45/54534.html">A.9.4.1</reference>
        <reference href="https://www.iso.org/contents/data/standard/05/45/54534.html">A.9.4.4</reference>
        <reference href="https://www.iso.org/contents/data/standard/05/45/54534.html">A.9.4.5</reference>
        <reference href="http://nvlpubs.nist.gov/nistpubs/SpecialPublications/NIST.SP.800-53r4.pdf">CM-6(a)</reference>
        <reference href="http://nvlpubs.nist.gov/nistpubs/SpecialPublications/NIST.SP.800-53r4.pdf">SC-8</reference>
        <reference href="http://nvlpubs.nist.gov/nistpubs/SpecialPublications/NIST.SP.800-53r4.pdf">SC-8(1)</reference>
        <reference href="http://nvlpubs.nist.gov/nistpubs/SpecialPublications/NIST.SP.800-53r4.pdf">SC-8(2)</reference>
        <reference href="http://nvlpubs.nist.gov/nistpubs/SpecialPublications/NIST.SP.800-53r4.pdf">SC-8(3)</reference>
        <reference href="http://nvlpubs.nist.gov/nistpubs/SpecialPublications/NIST.SP.800-53r4.pdf">SC-8(4)</reference>
        <reference href="https://nvlpubs.nist.gov/nistpubs/CSWP/NIST.CSWP.04162018.pdf">PR.DS-2</reference>
        <reference href="https://nvlpubs.nist.gov/nistpubs/CSWP/NIST.CSWP.04162018.pdf">PR.DS-5</reference>
        <reference href="https://www.cyber.mil/stigs/downloads/?_dl_facet_stigs=operating-systems%2Cgeneral-purpose-os">SRG-OS-000423-GPOS-00187</reference>
        <reference href="https://www.cyber.mil/stigs/downloads/?_dl_facet_stigs=operating-systems%2Cgeneral-purpose-os">SRG-OS-000424-GPOS-00188</reference>
        <reference href="https://www.cyber.mil/stigs/downloads/?_dl_facet_stigs=operating-systems%2Cgeneral-purpose-os">SRG-OS-000425-GPOS-00189</reference>
        <reference href="https://www.cyber.mil/stigs/downloads/?_dl_facet_stigs=operating-systems%2Cgeneral-purpose-os">SRG-OS-000426-GPOS-00190</reference>
        <reference href="https://www.cyber.mil/stigs/downloads/?_dl_facet_stigs=operating-systems%2Cunix-linux">SLES-15-010530</reference>
        <reference href="https://www.cyber.mil/stigs/srg-stig-tools/">SV-234860r958908_rule</reference>
        <rationale xmlns:xhtml="http://www.w3.org/1999/xhtml" xml:lang="en-US">Without protection of the transmitted information, confidentiality, and
integrity may be compromised because unprotected communications can be
intercepted and either read or altered.
<html:br xmlns:html="http://www.w3.org/1999/xhtml"/>
       <html:br xmlns:html="http://www.w3.org/1999/xhtml"/>
This checklist item applies to both internal and external networks and all types
of information system components from which information can be transmitted (e.g., servers,
mobile devices, notebook computers, printers, copiers, scanners, etc). Communication paths
outside the physical protection of a controlled boundary are exposed to the possibility
of interception and modification.</rationale>
        <platform idref="#system_with_kernel"/>
        <ident system="https://ncp.nist.gov/cce">CCE-83297-2</ident>
        <fix xmlns:xhtml="http://www.w3.org/1999/xhtml" id="service_sshd_enabled" system="urn:xccdf:fix:script:puppet" complexity="low" disruption="low" strategy="enable">include enable_sshd

class enable_sshd {
  service {'sshd':
    enable =&gt; true,
    ensure =&gt; 'running',
  }
}
</fix>
        <fix xmlns:xhtml="http://www.w3.org/1999/xhtml" id="service_sshd_enabled" system="urn:xccdf:fix:script:sh" complexity="low" disruption="low" strategy="enable"># Remediation is applicable only in certain platforms
if rpm --quiet -q kernel-default || rpm --quiet -q kernel-default-base; then

SYSTEMCTL_EXEC='/usr/bin/systemctl'
"$SYSTEMCTL_EXEC" unmask 'sshd.service'
if [[ $("$SYSTEMCTL_EXEC" is-system-running) != "offline" ]]; then
  "$SYSTEMCTL_EXEC" start 'sshd.service'
fi
"$SYSTEMCTL_EXEC" enable 'sshd.service'

else
    &gt;&amp;2 echo 'Remediation is not applicable, nothing was done'
fi
</fix>
        <fix xmlns:xhtml="http://www.w3.org/1999/xhtml" id="service_sshd_enabled" system="urn:redhat:osbuild:blueprint">
[customizations.services]
enabled = ["sshd"]
</fix>
        <fix xmlns:xhtml="http://www.w3.org/1999/xhtml" id="service_sshd_enabled" system="urn:xccdf:fix:script:ansible" complexity="low" disruption="low" strategy="enable">- name: Gather the package facts
  package_facts:
    manager: auto
  tags:
  - CCE-83297-2
  - DISA-STIG-SLES-15-010530
  - NIST-800-171-3.1.13
  - NIST-800-171-3.13.8
  - NIST-800-171-3.5.4
  - NIST-800-53-CM-6(a)
  - NIST-800-53-SC-8
  - NIST-800-53-SC-8(1)
  - NIST-800-53-SC-8(2)
  - NIST-800-53-SC-8(3)
  - NIST-800-53-SC-8(4)
  - enable_strategy
  - low_complexity
  - low_disruption
  - medium_severity
  - no_reboot_needed
  - service_sshd_enabled

- name: Enable the OpenSSH Service - Enable service sshd
  block:

  - name: Gather the package facts
    ansible.builtin.package_facts:
      manager: auto

  - name: Enable the OpenSSH Service - Enable Service sshd
    ansible.builtin.systemd:
      name: sshd
      enabled: true
      state: started
      masked: false
    when:
    - '"openssh" in ansible_facts.packages'
  tags:
  - CCE-83297-2
  - DISA-STIG-SLES-15-010530
  - NIST-800-171-3.1.13
  - NIST-800-171-3.13.8
  - NIST-800-171-3.5.4
  - NIST-800-53-CM-6(a)
  - NIST-800-53-SC-8
  - NIST-800-53-SC-8(1)
  - NIST-800-53-SC-8(2)
  - NIST-800-53-SC-8(3)
  - NIST-800-53-SC-8(4)
  - enable_strategy
  - low_complexity
  - low_disruption
  - medium_severity
  - no_reboot_needed
  - service_sshd_enabled
  - special_service_block
  when: ("kernel-default" in ansible_facts.packages or "kernel-default-base" in ansible_facts.packages)
</fix>
        <check system="http://open-scap.org/page/SCE">
          <check-import import-name="stdout">
              </check-import>
          <check-content-ref href="sle15/checks/sce/service_sshd_enabled.sh"/>
        </check>
        <check system="http://oval.mitre.org/XMLSchema/oval-definitions-5">
          <check-content-ref name="oval:ssg-service_sshd_enabled:def:1" href="ssg-sle15-oval.xml"/>
        </check>
        <check system="http://scap.nist.gov/schema/ocil/2">
          <check-content-ref name="ocil:ssg-service_sshd_enabled_ocil:questionnaire:1" href="ssg-sle15-ocil.xml"/>
        </check>
      </Rule>
      <Rule id="xccdf_org.ssgproject.content_rule_service_sshd_disabled" selected="false" role="full" severity="high">
        <title xmlns:xhtml="http://www.w3.org/1999/xhtml" xml:lang="en-US">Disable SSH Server If Possible</title>
        <description xmlns:xhtml="http://www.w3.org/1999/xhtml" xml:lang="en-US">
The SSH server service, sshd, is commonly needed.
However, if it can be disabled, do so.
This is unusual, as SSH is a common method for encrypted and authenticated
remote access.</description>
        <reference href="http://nvlpubs.nist.gov/nistpubs/SpecialPublications/NIST.SP.800-53r4.pdf">CM-3(6)</reference>
        <reference href="http://nvlpubs.nist.gov/nistpubs/SpecialPublications/NIST.SP.800-53r4.pdf">IA-2(4)</reference>
        <reference href="https://www.cyber.mil/stigs/downloads/?_dl_facet_stigs=app-security">SRG-APP-000185-CTR-000490</reference>
        <reference href="https://www.cyber.mil/stigs/downloads/?_dl_facet_stigs=app-security">SRG-APP-000141-CTR-000315</reference>
        <rationale xmlns:xhtml="http://www.w3.org/1999/xhtml" xml:lang="en-US"/>
        <platform idref="#system_with_kernel"/>
        <fix xmlns:xhtml="http://www.w3.org/1999/xhtml" id="service_sshd_disabled" system="urn:xccdf:fix:script:puppet" complexity="low" disruption="low" strategy="enable">include disable_sshd

class disable_sshd {
  service {'sshd':
    enable =&gt; false,
    ensure =&gt; 'stopped',
  }
}
</fix>
        <fix xmlns:xhtml="http://www.w3.org/1999/xhtml" id="service_sshd_disabled" system="urn:xccdf:fix:script:sh" complexity="low" disruption="low" strategy="disable"># Remediation is applicable only in certain platforms
if rpm --quiet -q kernel-default || rpm --quiet -q kernel-default-base; then

SYSTEMCTL_EXEC='/usr/bin/systemctl'
if [[ $("$SYSTEMCTL_EXEC" is-system-running) != "offline" ]]; then
  "$SYSTEMCTL_EXEC" stop 'sshd.service'
fi
"$SYSTEMCTL_EXEC" disable 'sshd.service'
"$SYSTEMCTL_EXEC" mask 'sshd.service'
# Disable socket activation if we have a unit file for it
if "$SYSTEMCTL_EXEC" -q list-unit-files sshd.socket; then
    if [[ $("$SYSTEMCTL_EXEC" is-system-running) != "offline" ]]; then
      "$SYSTEMCTL_EXEC" stop 'sshd.socket'
    fi
    "$SYSTEMCTL_EXEC" mask 'sshd.socket'
fi
# The service may not be running because it has been started and failed,
# so let's reset the state so OVAL checks pass.
# Service should be 'inactive', not 'failed' after reboot though.
"$SYSTEMCTL_EXEC" reset-failed 'sshd.service' || true

else
    &gt;&amp;2 echo 'Remediation is not applicable, nothing was done'
fi
</fix>
        <fix xmlns:xhtml="http://www.w3.org/1999/xhtml" id="service_sshd_disabled" system="urn:redhat:osbuild:blueprint">
[customizations.services]
masked = ["sshd"]
</fix>
        <fix xmlns:xhtml="http://www.w3.org/1999/xhtml" id="service_sshd_disabled" system="urn:xccdf:fix:script:ansible" complexity="low" disruption="low" strategy="disable">- name: Gather the package facts
  package_facts:
    manager: auto
  tags:
  - NIST-800-53-CM-3(6)
  - NIST-800-53-IA-2(4)
  - disable_strategy
  - high_severity
  - low_complexity
  - low_disruption
  - no_reboot_needed
  - service_sshd_disabled

- name: Disable SSH Server If Possible - Disable service sshd
  block:

  - name: Disable SSH Server If Possible - Collect systemd Services Present in the
      System
    ansible.builtin.command: systemctl -q list-unit-files --type service
    register: service_exists
    changed_when: false
    failed_when: service_exists.rc not in [0, 1]
    check_mode: false

  - name: Disable SSH Server If Possible - Ensure sshd.service is Masked
    ansible.builtin.systemd:
      name: sshd.service
      state: stopped
      enabled: false
      masked: true
    when: service_exists.stdout_lines is search("sshd.service", multiline=True)

  - name: Unit Socket Exists - sshd.socket
    ansible.builtin.command: systemctl -q list-unit-files sshd.socket
    register: socket_file_exists
    changed_when: false
    failed_when: socket_file_exists.rc not in [0, 1]
    check_mode: false

  - name: Disable SSH Server If Possible - Disable Socket sshd
    ansible.builtin.systemd:
      name: sshd.socket
      enabled: false
      state: stopped
      masked: true
    when: socket_file_exists.stdout_lines is search("sshd.socket", multiline=True)
  tags:
  - NIST-800-53-CM-3(6)
  - NIST-800-53-IA-2(4)
  - disable_strategy
  - high_severity
  - low_complexity
  - low_disruption
  - no_reboot_needed
  - service_sshd_disabled
  - special_service_block
  when: ("kernel-default" in ansible_facts.packages or "kernel-default-base" in ansible_facts.packages)
</fix>
        <check system="http://open-scap.org/page/SCE">
          <check-import import-name="stdout">
              </check-import>
          <check-content-ref href="sle15/checks/sce/service_sshd_disabled.sh"/>
        </check>
        <check system="http://oval.mitre.org/XMLSchema/oval-definitions-5">
          <check-content-ref name="oval:ssg-service_sshd_disabled:def:1" href="ssg-sle15-oval.xml"/>
        </check>
        <check system="http://scap.nist.gov/schema/ocil/2">
          <check-content-ref name="ocil:ssg-service_sshd_disabled_ocil:questionnaire:1" href="ssg-sle15-ocil.xml"/>
        </check>
      </Rule>
      <Rule id="xccdf_org.ssgproject.content_rule_file_groupowner_sshd_config" selected="false" role="full" severity="medium">
        <title xmlns:xhtml="http://www.w3.org/1999/xhtml" xml:lang="en-US">Verify Group Who Owns SSH Server config file</title>
        <description xmlns:xhtml="http://www.w3.org/1999/xhtml" xml:lang="en-US">
To properly set the group owner of <html:code xmlns:html="http://www.w3.org/1999/xhtml">/etc/ssh/sshd_config</html:code>, run the command:

  <html:pre xmlns:html="http://www.w3.org/1999/xhtml">$ sudo chgrp root /etc/ssh/sshd_config</html:pre>
      </description>
        <reference href="https://www.cisecurity.org/controls/">12</reference>
        <reference href="https://www.cisecurity.org/controls/">13</reference>
        <reference href="https://www.cisecurity.org/controls/">14</reference>
        <reference href="https://www.cisecurity.org/controls/">15</reference>
        <reference href="https://www.cisecurity.org/controls/">16</reference>
        <reference href="https://www.cisecurity.org/controls/">18</reference>
        <reference href="https://www.cisecurity.org/controls/">3</reference>
        <reference href="https://www.cisecurity.org/controls/">5</reference>
        <reference href="https://www.isaca.org/resources/cobit">APO01.06</reference>
        <reference href="https://www.isaca.org/resources/cobit">DSS05.04</reference>
        <reference href="https://www.isaca.org/resources/cobit">DSS05.07</reference>
        <reference href="https://www.isaca.org/resources/cobit">DSS06.02</reference>
        <reference href="https://www.isa.org/products/isa-62443-2-1-2009-security-for-industrial-automat">4.3.3.7.3</reference>
        <reference href="https://www.isa.org/products/ansi-isa-62443-3-3-99-03-03-2013-security-for-indu">SR 2.1</reference>
        <reference href="https://www.isa.org/products/ansi-isa-62443-3-3-99-03-03-2013-security-for-indu">SR 5.2</reference>
        <reference href="https://www.iso.org/contents/data/standard/05/45/54534.html">A.10.1.1</reference>
        <reference href="https://www.iso.org/contents/data/standard/05/45/54534.html">A.11.1.4</reference>
        <reference href="https://www.iso.org/contents/data/standard/05/45/54534.html">A.11.1.5</reference>
        <reference href="https://www.iso.org/contents/data/standard/05/45/54534.html">A.11.2.1</reference>
        <reference href="https://www.iso.org/contents/data/standard/05/45/54534.html">A.13.1.1</reference>
        <reference href="https://www.iso.org/contents/data/standard/05/45/54534.html">A.13.1.3</reference>
        <reference href="https://www.iso.org/contents/data/standard/05/45/54534.html">A.13.2.1</reference>
        <reference href="https://www.iso.org/contents/data/standard/05/45/54534.html">A.13.2.3</reference>
        <reference href="https://www.iso.org/contents/data/standard/05/45/54534.html">A.13.2.4</reference>
        <reference href="https://www.iso.org/contents/data/standard/05/45/54534.html">A.14.1.2</reference>
        <reference href="https://www.iso.org/contents/data/standard/05/45/54534.html">A.14.1.3</reference>
        <reference href="https://www.iso.org/contents/data/standard/05/45/54534.html">A.6.1.2</reference>
        <reference href="https://www.iso.org/contents/data/standard/05/45/54534.html">A.7.1.1</reference>
        <reference href="https://www.iso.org/contents/data/standard/05/45/54534.html">A.7.1.2</reference>
        <reference href="https://www.iso.org/contents/data/standard/05/45/54534.html">A.7.3.1</reference>
        <reference href="https://www.iso.org/contents/data/standard/05/45/54534.html">A.8.2.2</reference>
        <reference href="https://www.iso.org/contents/data/standard/05/45/54534.html">A.8.2.3</reference>
        <reference href="https://www.iso.org/contents/data/standard/05/45/54534.html">A.9.1.1</reference>
        <reference href="https://www.iso.org/contents/data/standard/05/45/54534.html">A.9.1.2</reference>
        <reference href="https://www.iso.org/contents/data/standard/05/45/54534.html">A.9.2.3</reference>
        <reference href="https://www.iso.org/contents/data/standard/05/45/54534.html">A.9.4.1</reference>
        <reference href="https://www.iso.org/contents/data/standard/05/45/54534.html">A.9.4.4</reference>
        <reference href="https://www.iso.org/contents/data/standard/05/45/54534.html">A.9.4.5</reference>
        <reference href="https://www.nerc.com/standards/reliability-standards/cip">CIP-003-8 R5.1.1</reference>
        <reference href="https://www.nerc.com/standards/reliability-standards/cip">CIP-003-8 R5.3</reference>
        <reference href="https://www.nerc.com/standards/reliability-standards/cip">CIP-004-6 R2.3</reference>
        <reference href="https://www.nerc.com/standards/reliability-standards/cip">CIP-007-3 R2.1</reference>
        <reference href="https://www.nerc.com/standards/reliability-standards/cip">CIP-007-3 R2.2</reference>
        <reference href="https://www.nerc.com/standards/reliability-standards/cip">CIP-007-3 R2.3</reference>
        <reference href="https://www.nerc.com/standards/reliability-standards/cip">CIP-007-3 R5.1</reference>
        <reference href="https://www.nerc.com/standards/reliability-standards/cip">CIP-007-3 R5.1.1</reference>
        <reference href="https://www.nerc.com/standards/reliability-standards/cip">CIP-007-3 R5.1.2</reference>
        <reference href="http://nvlpubs.nist.gov/nistpubs/SpecialPublications/NIST.SP.800-53r4.pdf">AC-17(a)</reference>
        <reference href="http://nvlpubs.nist.gov/nistpubs/SpecialPublications/NIST.SP.800-53r4.pdf">CM-6(a)</reference>
        <reference href="http://nvlpubs.nist.gov/nistpubs/SpecialPublications/NIST.SP.800-53r4.pdf">AC-6(1)</reference>
        <reference href="https://nvlpubs.nist.gov/nistpubs/CSWP/NIST.CSWP.04162018.pdf">PR.AC-4</reference>
        <reference href="https://nvlpubs.nist.gov/nistpubs/CSWP/NIST.CSWP.04162018.pdf">PR.DS-5</reference>
        <reference href="https://www.cyber.mil/stigs/downloads/?_dl_facet_stigs=operating-systems%2Cgeneral-purpose-os">SRG-OS-000480-GPOS-00227</reference>
        <reference href="https://www.cisecurity.org/benchmark/suse_linux/">5.2.1</reference>
        <reference href="https://cyber.gouv.fr/sites/default/files/document/linux_configuration-en-v2.pdf">R50</reference>
        <reference href="not_publicly_available">SLES-15-600150015</reference>
        <rationale xmlns:xhtml="http://www.w3.org/1999/xhtml" xml:lang="en-US">Service configuration files enable or disable features of their respective
services that if configured incorrectly can lead to insecure and vulnerable
configurations. Therefore, service configuration files should be owned by the
correct group to prevent unauthorized changes.</rationale>
        <platform idref="#system_with_kernel"/>
        <ident system="https://ncp.nist.gov/cce">CCE-91392-1</ident>
        <fix xmlns:xhtml="http://www.w3.org/1999/xhtml" id="file_groupowner_sshd_config" system="urn:xccdf:fix:script:sh" complexity="low" disruption="low" strategy="configure"># Remediation is applicable only in certain platforms
if rpm --quiet -q kernel-default || rpm --quiet -q kernel-default-base; then

newgroup=""
if getent group "0" &gt;/dev/null 2&gt;&amp;1; then
  newgroup="0"
fi

if [[ -z "${newgroup}" ]]; then
  &gt;&amp;2 echo "0 is not a defined group on the system"
else
if ! stat -c "%g %G" "/etc/ssh/sshd_config" | grep -E -w -q "0"; then
    chgrp --no-dereference "$newgroup" /etc/ssh/sshd_config
fi

fi

else
    &gt;&amp;2 echo 'Remediation is not applicable, nothing was done'
fi
</fix>
        <fix xmlns:xhtml="http://www.w3.org/1999/xhtml" id="file_groupowner_sshd_config" system="urn:xccdf:fix:script:ansible" complexity="low" disruption="low" strategy="configure">- name: Gather the package facts
  package_facts:
    manager: auto
  tags:
  - CCE-91392-1
  - NIST-800-53-AC-17(a)
  - NIST-800-53-AC-6(1)
  - NIST-800-53-CM-6(a)
  - configure_strategy
  - file_groupowner_sshd_config
  - low_complexity
  - low_disruption
  - medium_severity
  - no_reboot_needed

- name: Set the file_groupowner_sshd_config_newgroup variable if represented by gid
  ansible.builtin.set_fact:
    file_groupowner_sshd_config_newgroup: '0'
  when: ("kernel-default" in ansible_facts.packages or "kernel-default-base" in ansible_facts.packages)
  tags:
  - CCE-91392-1
  - NIST-800-53-AC-17(a)
  - NIST-800-53-AC-6(1)
  - NIST-800-53-CM-6(a)
  - configure_strategy
  - file_groupowner_sshd_config
  - low_complexity
  - low_disruption
  - medium_severity
  - no_reboot_needed

- name: Test for existence /etc/ssh/sshd_config
  ansible.builtin.stat:
    path: /etc/ssh/sshd_config
  register: file_exists
  when: ("kernel-default" in ansible_facts.packages or "kernel-default-base" in ansible_facts.packages)
  tags:
  - CCE-91392-1
  - NIST-800-53-AC-17(a)
  - NIST-800-53-AC-6(1)
  - NIST-800-53-CM-6(a)
  - configure_strategy
  - file_groupowner_sshd_config
  - low_complexity
  - low_disruption
  - medium_severity
  - no_reboot_needed

- name: Ensure group owner on /etc/ssh/sshd_config
  ansible.builtin.file:
    path: /etc/ssh/sshd_config
    follow: false
    group: '{{ file_groupowner_sshd_config_newgroup }}'
  when:
  - ("kernel-default" in ansible_facts.packages or "kernel-default-base" in ansible_facts.packages)
  - file_exists.stat is defined and file_exists.stat.exists
  tags:
  - CCE-91392-1
  - NIST-800-53-AC-17(a)
  - NIST-800-53-AC-6(1)
  - NIST-800-53-CM-6(a)
  - configure_strategy
  - file_groupowner_sshd_config
  - low_complexity
  - low_disruption
  - medium_severity
  - no_reboot_needed
</fix>
        <check system="http://oval.mitre.org/XMLSchema/oval-definitions-5">
          <check-content-ref name="oval:ssg-file_groupowner_sshd_config:def:1" href="ssg-sle15-oval.xml"/>
        </check>
        <check system="http://scap.nist.gov/schema/ocil/2">
          <check-content-ref name="ocil:ssg-file_groupowner_sshd_config_ocil:questionnaire:1" href="ssg-sle15-ocil.xml"/>
        </check>
      </Rule>
      <Rule id="xccdf_org.ssgproject.content_rule_file_groupownership_sshd_private_key" selected="false" role="full" severity="medium">
        <title xmlns:xhtml="http://www.w3.org/1999/xhtml" xml:lang="en-US">Verify Group Ownership on SSH Server Private *_key Key Files</title>
        <description xmlns:xhtml="http://www.w3.org/1999/xhtml" xml:lang="en-US">SSH server private keys, files that match the <html:code xmlns:html="http://www.w3.org/1999/xhtml">/etc/ssh/*_key</html:code> glob, must be
group-owned by <html:code xmlns:html="http://www.w3.org/1999/xhtml">root</html:code> group.</description>
        <warning xmlns:xhtml="http://www.w3.org/1999/xhtml" xml:lang="en-US" category="general">Remediation is not possible at bootable container build time because SSH host
keys are generated post-deployment.</warning>
        <reference href="https://cyber.gouv.fr/sites/default/files/document/linux_configuration-en-v2.pdf">R50</reference>
        <rationale xmlns:xhtml="http://www.w3.org/1999/xhtml" xml:lang="en-US">If an unauthorized user obtains the private SSH host key file, the host could be impersonated.</rationale>
        <platform idref="#system_with_kernel"/>
        <fix xmlns:xhtml="http://www.w3.org/1999/xhtml" id="file_groupownership_sshd_private_key" system="urn:xccdf:fix:script:sh" complexity="low" disruption="low" strategy="configure"># Remediation is applicable only in certain platforms
if rpm --quiet -q kernel-default || rpm --quiet -q kernel-default-base; then

newgroup=""
if getent group "0" &gt;/dev/null 2&gt;&amp;1; then
  newgroup="0"
fi

if [[ -z "${newgroup}" ]]; then
  &gt;&amp;2 echo "0 is not a defined group on the system"
else
find -P /etc/ssh/ -maxdepth 1 -type f  ! -group 0 -regextype posix-extended -regex '^.*_key$' -exec chgrp --no-dereference "$newgroup" {} \;

fi

else
    &gt;&amp;2 echo 'Remediation is not applicable, nothing was done'
fi
</fix>
        <fix xmlns:xhtml="http://www.w3.org/1999/xhtml" id="file_groupownership_sshd_private_key" system="urn:xccdf:fix:script:ansible" complexity="low" disruption="low" strategy="configure">- name: Gather the package facts
  package_facts:
    manager: auto
  tags:
  - configure_strategy
  - file_groupownership_sshd_private_key
  - low_complexity
  - low_disruption
  - medium_severity
  - no_reboot_needed

- name: Set the file_groupownership_sshd_private_key_newgroup variable if represented
    by gid
  ansible.builtin.set_fact:
    file_groupownership_sshd_private_key_newgroup: '0'
  when: ("kernel-default" in ansible_facts.packages or "kernel-default-base" in ansible_facts.packages)
  tags:
  - configure_strategy
  - file_groupownership_sshd_private_key
  - low_complexity
  - low_disruption
  - medium_severity
  - no_reboot_needed

- name: Find /etc/ssh/ file(s) matching ^.*_key$
  ansible.builtin.command: find -P /etc/ssh/ -maxdepth 1 -type f  ! -group 0 -regextype
    posix-extended -regex "^.*_key$"
  register: files_found
  changed_when: false
  failed_when: false
  check_mode: false
  when: ("kernel-default" in ansible_facts.packages or "kernel-default-base" in ansible_facts.packages)
  tags:
  - configure_strategy
  - file_groupownership_sshd_private_key
  - low_complexity
  - low_disruption
  - medium_severity
  - no_reboot_needed

- name: Ensure group owner on /etc/ssh/ file(s) matching ^.*_key$
  ansible.builtin.file:
    path: '{{ item }}'
    follow: false
    group: '{{ file_groupownership_sshd_private_key_newgroup }}'
    state: file
  with_items:
  - '{{ files_found.stdout_lines }}'
  when: ("kernel-default" in ansible_facts.packages or "kernel-default-base" in ansible_facts.packages)
  tags:
  - configure_strategy
  - file_groupownership_sshd_private_key
  - low_complexity
  - low_disruption
  - medium_severity
  - no_reboot_needed
</fix>
        <check system="http://oval.mitre.org/XMLSchema/oval-definitions-5">
          <check-content-ref name="oval:ssg-file_groupownership_sshd_private_key:def:1" href="ssg-sle15-oval.xml"/>
        </check>
        <check system="http://scap.nist.gov/schema/ocil/2">
          <check-content-ref name="ocil:ssg-file_groupownership_sshd_private_key_ocil:questionnaire:1" href="ssg-sle15-ocil.xml"/>
        </check>
      </Rule>
      <Rule id="xccdf_org.ssgproject.content_rule_file_groupownership_sshd_pub_key" selected="false" role="full" severity="medium">
        <title xmlns:xhtml="http://www.w3.org/1999/xhtml" xml:lang="en-US">Verify Group Ownership on SSH Server Public *.pub Key Files</title>
        <description xmlns:xhtml="http://www.w3.org/1999/xhtml" xml:lang="en-US">SSH server public keys, files that match the <html:code xmlns:html="http://www.w3.org/1999/xhtml">/etc/ssh/*.pub</html:code> glob, must be
group-owned by <html:code xmlns:html="http://www.w3.org/1999/xhtml">root</html:code> group.</description>
        <warning xmlns:xhtml="http://www.w3.org/1999/xhtml" xml:lang="en-US" category="general">Remediation is not possible at bootable container build time because SSH host
keys are generated post-deployment.</warning>
        <reference href="https://cyber.gouv.fr/sites/default/files/document/linux_configuration-en-v2.pdf">R50</reference>
        <rationale xmlns:xhtml="http://www.w3.org/1999/xhtml" xml:lang="en-US">If a public host key file is modified by an unauthorized user, the SSH service
may be compromised.</rationale>
        <platform idref="#system_with_kernel"/>
        <fix xmlns:xhtml="http://www.w3.org/1999/xhtml" id="file_groupownership_sshd_pub_key" system="urn:xccdf:fix:script:sh" complexity="low" disruption="low" strategy="configure"># Remediation is applicable only in certain platforms
if rpm --quiet -q kernel-default || rpm --quiet -q kernel-default-base; then

newgroup=""
if getent group "0" &gt;/dev/null 2&gt;&amp;1; then
  newgroup="0"
fi

if [[ -z "${newgroup}" ]]; then
  &gt;&amp;2 echo "0 is not a defined group on the system"
else
find -P /etc/ssh/ -maxdepth 1 -type f  ! -group 0 -regextype posix-extended -regex '^.*\.pub$' -exec chgrp --no-dereference "$newgroup" {} \;

fi

else
    &gt;&amp;2 echo 'Remediation is not applicable, nothing was done'
fi
</fix>
        <fix xmlns:xhtml="http://www.w3.org/1999/xhtml" id="file_groupownership_sshd_pub_key" system="urn:xccdf:fix:script:ansible" complexity="low" disruption="low" strategy="configure">- name: Gather the package facts
  package_facts:
    manager: auto
  tags:
  - configure_strategy
  - file_groupownership_sshd_pub_key
  - low_complexity
  - low_disruption
  - medium_severity
  - no_reboot_needed

- name: Set the file_groupownership_sshd_pub_key_newgroup variable if represented
    by gid
  ansible.builtin.set_fact:
    file_groupownership_sshd_pub_key_newgroup: '0'
  when: ("kernel-default" in ansible_facts.packages or "kernel-default-base" in ansible_facts.packages)
  tags:
  - configure_strategy
  - file_groupownership_sshd_pub_key
  - low_complexity
  - low_disruption
  - medium_severity
  - no_reboot_needed

- name: Find /etc/ssh/ file(s) matching ^.*\.pub$
  ansible.builtin.command: find -P /etc/ssh/ -maxdepth 1 -type f  ! -group 0 -regextype
    posix-extended -regex "^.*\.pub$"
  register: files_found
  changed_when: false
  failed_when: false
  check_mode: false
  when: ("kernel-default" in ansible_facts.packages or "kernel-default-base" in ansible_facts.packages)
  tags:
  - configure_strategy
  - file_groupownership_sshd_pub_key
  - low_complexity
  - low_disruption
  - medium_severity
  - no_reboot_needed

- name: Ensure group owner on /etc/ssh/ file(s) matching ^.*\.pub$
  ansible.builtin.file:
    path: '{{ item }}'
    follow: false
    group: '{{ file_groupownership_sshd_pub_key_newgroup }}'
    state: file
  with_items:
  - '{{ files_found.stdout_lines }}'
  when: ("kernel-default" in ansible_facts.packages or "kernel-default-base" in ansible_facts.packages)
  tags:
  - configure_strategy
  - file_groupownership_sshd_pub_key
  - low_complexity
  - low_disruption
  - medium_severity
  - no_reboot_needed
</fix>
        <check system="http://oval.mitre.org/XMLSchema/oval-definitions-5">
          <check-content-ref name="oval:ssg-file_groupownership_sshd_pub_key:def:1" href="ssg-sle15-oval.xml"/>
        </check>
        <check system="http://scap.nist.gov/schema/ocil/2">
          <check-content-ref name="ocil:ssg-file_groupownership_sshd_pub_key_ocil:questionnaire:1" href="ssg-sle15-ocil.xml"/>
        </check>
      </Rule>
      <Rule id="xccdf_org.ssgproject.content_rule_file_owner_sshd_config" selected="false" role="full" severity="medium">
        <title xmlns:xhtml="http://www.w3.org/1999/xhtml" xml:lang="en-US">Verify Owner on SSH Server config file</title>
        <description xmlns:xhtml="http://www.w3.org/1999/xhtml" xml:lang="en-US">
To properly set the owner of <html:code xmlns:html="http://www.w3.org/1999/xhtml">/etc/ssh/sshd_config</html:code>, run the command:

  <html:pre xmlns:html="http://www.w3.org/1999/xhtml">$ sudo chown root /etc/ssh/sshd_config </html:pre>
      </description>
        <reference href="https://www.cisecurity.org/controls/">12</reference>
        <reference href="https://www.cisecurity.org/controls/">13</reference>
        <reference href="https://www.cisecurity.org/controls/">14</reference>
        <reference href="https://www.cisecurity.org/controls/">15</reference>
        <reference href="https://www.cisecurity.org/controls/">16</reference>
        <reference href="https://www.cisecurity.org/controls/">18</reference>
        <reference href="https://www.cisecurity.org/controls/">3</reference>
        <reference href="https://www.cisecurity.org/controls/">5</reference>
        <reference href="https://www.isaca.org/resources/cobit">APO01.06</reference>
        <reference href="https://www.isaca.org/resources/cobit">DSS05.04</reference>
        <reference href="https://www.isaca.org/resources/cobit">DSS05.07</reference>
        <reference href="https://www.isaca.org/resources/cobit">DSS06.02</reference>
        <reference href="https://www.isa.org/products/isa-62443-2-1-2009-security-for-industrial-automat">4.3.3.7.3</reference>
        <reference href="https://www.isa.org/products/ansi-isa-62443-3-3-99-03-03-2013-security-for-indu">SR 2.1</reference>
        <reference href="https://www.isa.org/products/ansi-isa-62443-3-3-99-03-03-2013-security-for-indu">SR 5.2</reference>
        <reference href="https://www.iso.org/contents/data/standard/05/45/54534.html">A.10.1.1</reference>
        <reference href="https://www.iso.org/contents/data/standard/05/45/54534.html">A.11.1.4</reference>
        <reference href="https://www.iso.org/contents/data/standard/05/45/54534.html">A.11.1.5</reference>
        <reference href="https://www.iso.org/contents/data/standard/05/45/54534.html">A.11.2.1</reference>
        <reference href="https://www.iso.org/contents/data/standard/05/45/54534.html">A.13.1.1</reference>
        <reference href="https://www.iso.org/contents/data/standard/05/45/54534.html">A.13.1.3</reference>
        <reference href="https://www.iso.org/contents/data/standard/05/45/54534.html">A.13.2.1</reference>
        <reference href="https://www.iso.org/contents/data/standard/05/45/54534.html">A.13.2.3</reference>
        <reference href="https://www.iso.org/contents/data/standard/05/45/54534.html">A.13.2.4</reference>
        <reference href="https://www.iso.org/contents/data/standard/05/45/54534.html">A.14.1.2</reference>
        <reference href="https://www.iso.org/contents/data/standard/05/45/54534.html">A.14.1.3</reference>
        <reference href="https://www.iso.org/contents/data/standard/05/45/54534.html">A.6.1.2</reference>
        <reference href="https://www.iso.org/contents/data/standard/05/45/54534.html">A.7.1.1</reference>
        <reference href="https://www.iso.org/contents/data/standard/05/45/54534.html">A.7.1.2</reference>
        <reference href="https://www.iso.org/contents/data/standard/05/45/54534.html">A.7.3.1</reference>
        <reference href="https://www.iso.org/contents/data/standard/05/45/54534.html">A.8.2.2</reference>
        <reference href="https://www.iso.org/contents/data/standard/05/45/54534.html">A.8.2.3</reference>
        <reference href="https://www.iso.org/contents/data/standard/05/45/54534.html">A.9.1.1</reference>
        <reference href="https://www.iso.org/contents/data/standard/05/45/54534.html">A.9.1.2</reference>
        <reference href="https://www.iso.org/contents/data/standard/05/45/54534.html">A.9.2.3</reference>
        <reference href="https://www.iso.org/contents/data/standard/05/45/54534.html">A.9.4.1</reference>
        <reference href="https://www.iso.org/contents/data/standard/05/45/54534.html">A.9.4.4</reference>
        <reference href="https://www.iso.org/contents/data/standard/05/45/54534.html">A.9.4.5</reference>
        <reference href="https://www.nerc.com/standards/reliability-standards/cip">CIP-003-8 R5.1.1</reference>
        <reference href="https://www.nerc.com/standards/reliability-standards/cip">CIP-003-8 R5.3</reference>
        <reference href="https://www.nerc.com/standards/reliability-standards/cip">CIP-004-6 R2.3</reference>
        <reference href="https://www.nerc.com/standards/reliability-standards/cip">CIP-007-3 R2.1</reference>
        <reference href="https://www.nerc.com/standards/reliability-standards/cip">CIP-007-3 R2.2</reference>
        <reference href="https://www.nerc.com/standards/reliability-standards/cip">CIP-007-3 R2.3</reference>
        <reference href="https://www.nerc.com/standards/reliability-standards/cip">CIP-007-3 R5.1</reference>
        <reference href="https://www.nerc.com/standards/reliability-standards/cip">CIP-007-3 R5.1.1</reference>
        <reference href="https://www.nerc.com/standards/reliability-standards/cip">CIP-007-3 R5.1.2</reference>
        <reference href="http://nvlpubs.nist.gov/nistpubs/SpecialPublications/NIST.SP.800-53r4.pdf">AC-17(a)</reference>
        <reference href="http://nvlpubs.nist.gov/nistpubs/SpecialPublications/NIST.SP.800-53r4.pdf">CM-6(a)</reference>
        <reference href="http://nvlpubs.nist.gov/nistpubs/SpecialPublications/NIST.SP.800-53r4.pdf">AC-6(1)</reference>
        <reference href="https://nvlpubs.nist.gov/nistpubs/CSWP/NIST.CSWP.04162018.pdf">PR.AC-4</reference>
        <reference href="https://nvlpubs.nist.gov/nistpubs/CSWP/NIST.CSWP.04162018.pdf">PR.DS-5</reference>
        <reference href="https://www.cyber.mil/stigs/downloads/?_dl_facet_stigs=operating-systems%2Cgeneral-purpose-os">SRG-OS-000480-GPOS-00227</reference>
        <reference href="https://www.cisecurity.org/benchmark/suse_linux/">5.2.1</reference>
        <reference href="https://cyber.gouv.fr/sites/default/files/document/linux_configuration-en-v2.pdf">R50</reference>
        <reference href="not_publicly_available">SLES-15-600150015</reference>
        <rationale xmlns:xhtml="http://www.w3.org/1999/xhtml" xml:lang="en-US">Service configuration files enable or disable features of their respective
services that if configured incorrectly can lead to insecure and vulnerable
configurations. Therefore, service configuration files should be owned by the
correct group to prevent unauthorized changes.</rationale>
        <platform idref="#system_with_kernel"/>
        <ident system="https://ncp.nist.gov/cce">CCE-91393-9</ident>
        <fix xmlns:xhtml="http://www.w3.org/1999/xhtml" id="file_owner_sshd_config" system="urn:xccdf:fix:script:sh" complexity="low" disruption="low" strategy="configure"># Remediation is applicable only in certain platforms
if rpm --quiet -q kernel-default || rpm --quiet -q kernel-default-base; then

newown=""
if id "0" &gt;/dev/null 2&gt;&amp;1; then
  newown="0"
fi

if [[ -z "$newown" ]]; then
  &gt;&amp;2 echo "0 is not a defined user on the system"
else
if ! stat -c "%u %U" "/etc/ssh/sshd_config" | grep -E -w -q "0"; then
    chown --no-dereference "$newown" /etc/ssh/sshd_config
fi

fi

else
    &gt;&amp;2 echo 'Remediation is not applicable, nothing was done'
fi
</fix>
        <fix xmlns:xhtml="http://www.w3.org/1999/xhtml" id="file_owner_sshd_config" system="urn:xccdf:fix:script:ansible" complexity="low" disruption="low" strategy="configure">- name: Gather the package facts
  package_facts:
    manager: auto
  tags:
  - CCE-91393-9
  - NIST-800-53-AC-17(a)
  - NIST-800-53-AC-6(1)
  - NIST-800-53-CM-6(a)
  - configure_strategy
  - file_owner_sshd_config
  - low_complexity
  - low_disruption
  - medium_severity
  - no_reboot_needed

- name: Set the file_owner_sshd_config_newown variable if represented by uid
  ansible.builtin.set_fact:
    file_owner_sshd_config_newown: '0'
  when: ("kernel-default" in ansible_facts.packages or "kernel-default-base" in ansible_facts.packages)
  tags:
  - CCE-91393-9
  - NIST-800-53-AC-17(a)
  - NIST-800-53-AC-6(1)
  - NIST-800-53-CM-6(a)
  - configure_strategy
  - file_owner_sshd_config
  - low_complexity
  - low_disruption
  - medium_severity
  - no_reboot_needed

- name: Test for existence /etc/ssh/sshd_config
  ansible.builtin.stat:
    path: /etc/ssh/sshd_config
  register: file_exists
  when: ("kernel-default" in ansible_facts.packages or "kernel-default-base" in ansible_facts.packages)
  tags:
  - CCE-91393-9
  - NIST-800-53-AC-17(a)
  - NIST-800-53-AC-6(1)
  - NIST-800-53-CM-6(a)
  - configure_strategy
  - file_owner_sshd_config
  - low_complexity
  - low_disruption
  - medium_severity
  - no_reboot_needed

- name: Ensure owner on /etc/ssh/sshd_config
  ansible.builtin.file:
    path: /etc/ssh/sshd_config
    follow: false
    owner: '{{ file_owner_sshd_config_newown }}'
  when:
  - ("kernel-default" in ansible_facts.packages or "kernel-default-base" in ansible_facts.packages)
  - file_exists.stat is defined and file_exists.stat.exists
  tags:
  - CCE-91393-9
  - NIST-800-53-AC-17(a)
  - NIST-800-53-AC-6(1)
  - NIST-800-53-CM-6(a)
  - configure_strategy
  - file_owner_sshd_config
  - low_complexity
  - low_disruption
  - medium_severity
  - no_reboot_needed
</fix>
        <check system="http://oval.mitre.org/XMLSchema/oval-definitions-5">
          <check-content-ref name="oval:ssg-file_owner_sshd_config:def:1" href="ssg-sle15-oval.xml"/>
        </check>
        <check system="http://scap.nist.gov/schema/ocil/2">
          <check-content-ref name="ocil:ssg-file_owner_sshd_config_ocil:questionnaire:1" href="ssg-sle15-ocil.xml"/>
        </check>
      </Rule>
      <Rule id="xccdf_org.ssgproject.content_rule_file_ownership_sshd_private_key" selected="false" role="full" severity="medium">
        <title xmlns:xhtml="http://www.w3.org/1999/xhtml" xml:lang="en-US">Verify Ownership on SSH Server Private *_key Key Files</title>
        <description xmlns:xhtml="http://www.w3.org/1999/xhtml" xml:lang="en-US">SSH server private keys, files that match the <html:code xmlns:html="http://www.w3.org/1999/xhtml">/etc/ssh/*_key</html:code> glob, must be owned
by <html:code xmlns:html="http://www.w3.org/1999/xhtml">root</html:code> user.</description>
        <warning xmlns:xhtml="http://www.w3.org/1999/xhtml" xml:lang="en-US" category="general">Remediation is not possible at bootable container build time because SSH host
keys are generated post-deployment.</warning>
        <reference href="https://cyber.gouv.fr/sites/default/files/document/linux_configuration-en-v2.pdf">R50</reference>
        <rationale xmlns:xhtml="http://www.w3.org/1999/xhtml" xml:lang="en-US">If an unauthorized user obtains the private SSH host key file, the host could be impersonated.</rationale>
        <platform idref="#system_with_kernel"/>
        <fix xmlns:xhtml="http://www.w3.org/1999/xhtml" id="file_ownership_sshd_private_key" system="urn:xccdf:fix:script:sh" complexity="low" disruption="low" strategy="configure"># Remediation is applicable only in certain platforms
if rpm --quiet -q kernel-default || rpm --quiet -q kernel-default-base; then

newown=""
if id "0" &gt;/dev/null 2&gt;&amp;1; then
  newown="0"
fi

if [[ -z "$newown" ]]; then
  &gt;&amp;2 echo "0 is not a defined user on the system"
else

find -P /etc/ssh/ -maxdepth 1 -type f  ! -user 0 -regextype posix-extended -regex '^.*_key$' -exec chown --no-dereference "$newown" {} \;

fi

else
    &gt;&amp;2 echo 'Remediation is not applicable, nothing was done'
fi
</fix>
        <fix xmlns:xhtml="http://www.w3.org/1999/xhtml" id="file_ownership_sshd_private_key" system="urn:xccdf:fix:script:ansible" complexity="low" disruption="low" strategy="configure">- name: Gather the package facts
  package_facts:
    manager: auto
  tags:
  - configure_strategy
  - file_ownership_sshd_private_key
  - low_complexity
  - low_disruption
  - medium_severity
  - no_reboot_needed

- name: Set the file_ownership_sshd_private_key_newown variable if represented by
    uid
  ansible.builtin.set_fact:
    file_ownership_sshd_private_key_newown: '0'
  when: ("kernel-default" in ansible_facts.packages or "kernel-default-base" in ansible_facts.packages)
  tags:
  - configure_strategy
  - file_ownership_sshd_private_key
  - low_complexity
  - low_disruption
  - medium_severity
  - no_reboot_needed

- name: Find /etc/ssh/ file(s) matching ^.*_key$
  ansible.builtin.command: find -P /etc/ssh/ -maxdepth 1 -type f  ! -user 0 -regextype
    posix-extended -regex "^.*_key$"
  register: files_found
  changed_when: false
  failed_when: false
  check_mode: false
  when: ("kernel-default" in ansible_facts.packages or "kernel-default-base" in ansible_facts.packages)
  tags:
  - configure_strategy
  - file_ownership_sshd_private_key
  - low_complexity
  - low_disruption
  - medium_severity
  - no_reboot_needed

- name: Ensure owner on /etc/ssh/ file(s) matching ^.*_key$
  ansible.builtin.file:
    path: '{{ item }}'
    follow: false
    owner: '{{ file_ownership_sshd_private_key_newown }}'
    state: file
  with_items:
  - '{{ files_found.stdout_lines }}'
  when: ("kernel-default" in ansible_facts.packages or "kernel-default-base" in ansible_facts.packages)
  tags:
  - configure_strategy
  - file_ownership_sshd_private_key
  - low_complexity
  - low_disruption
  - medium_severity
  - no_reboot_needed
</fix>
        <check system="http://oval.mitre.org/XMLSchema/oval-definitions-5">
          <check-content-ref name="oval:ssg-file_ownership_sshd_private_key:def:1" href="ssg-sle15-oval.xml"/>
        </check>
        <check system="http://scap.nist.gov/schema/ocil/2">
          <check-content-ref name="ocil:ssg-file_ownership_sshd_private_key_ocil:questionnaire:1" href="ssg-sle15-ocil.xml"/>
        </check>
      </Rule>
      <Rule id="xccdf_org.ssgproject.content_rule_file_ownership_sshd_pub_key" selected="false" role="full" severity="medium">
        <title xmlns:xhtml="http://www.w3.org/1999/xhtml" xml:lang="en-US">Verify Ownership on SSH Server Public *.pub Key Files</title>
        <description xmlns:xhtml="http://www.w3.org/1999/xhtml" xml:lang="en-US">SSH server public keys, files that match the <html:code xmlns:html="http://www.w3.org/1999/xhtml">/etc/ssh/*.pub</html:code> glob, must be owned
by <html:code xmlns:html="http://www.w3.org/1999/xhtml">root</html:code> user.</description>
        <warning xmlns:xhtml="http://www.w3.org/1999/xhtml" xml:lang="en-US" category="general">Remediation is not possible at bootable container build time because SSH host
keys are generated post-deployment.</warning>
        <reference href="https://cyber.gouv.fr/sites/default/files/document/linux_configuration-en-v2.pdf">R50</reference>
        <rationale xmlns:xhtml="http://www.w3.org/1999/xhtml" xml:lang="en-US">If a public host key file is modified by an unauthorized user, the SSH service
may be compromised.</rationale>
        <platform idref="#system_with_kernel"/>
        <fix xmlns:xhtml="http://www.w3.org/1999/xhtml" id="file_ownership_sshd_pub_key" system="urn:xccdf:fix:script:sh" complexity="low" disruption="low" strategy="configure"># Remediation is applicable only in certain platforms
if rpm --quiet -q kernel-default || rpm --quiet -q kernel-default-base; then

newown=""
if id "0" &gt;/dev/null 2&gt;&amp;1; then
  newown="0"
fi

if [[ -z "$newown" ]]; then
  &gt;&amp;2 echo "0 is not a defined user on the system"
else

find -P /etc/ssh/ -maxdepth 1 -type f  ! -user 0 -regextype posix-extended -regex '^.*\.pub$' -exec chown --no-dereference "$newown" {} \;

fi

else
    &gt;&amp;2 echo 'Remediation is not applicable, nothing was done'
fi
</fix>
        <fix xmlns:xhtml="http://www.w3.org/1999/xhtml" id="file_ownership_sshd_pub_key" system="urn:xccdf:fix:script:ansible" complexity="low" disruption="low" strategy="configure">- name: Gather the package facts
  package_facts:
    manager: auto
  tags:
  - configure_strategy
  - file_ownership_sshd_pub_key
  - low_complexity
  - low_disruption
  - medium_severity
  - no_reboot_needed

- name: Set the file_ownership_sshd_pub_key_newown variable if represented by uid
  ansible.builtin.set_fact:
    file_ownership_sshd_pub_key_newown: '0'
  when: ("kernel-default" in ansible_facts.packages or "kernel-default-base" in ansible_facts.packages)
  tags:
  - configure_strategy
  - file_ownership_sshd_pub_key
  - low_complexity
  - low_disruption
  - medium_severity
  - no_reboot_needed

- name: Find /etc/ssh/ file(s) matching ^.*\.pub$
  ansible.builtin.command: find -P /etc/ssh/ -maxdepth 1 -type f  ! -user 0 -regextype
    posix-extended -regex "^.*\.pub$"
  register: files_found
  changed_when: false
  failed_when: false
  check_mode: false
  when: ("kernel-default" in ansible_facts.packages or "kernel-default-base" in ansible_facts.packages)
  tags:
  - configure_strategy
  - file_ownership_sshd_pub_key
  - low_complexity
  - low_disruption
  - medium_severity
  - no_reboot_needed

- name: Ensure owner on /etc/ssh/ file(s) matching ^.*\.pub$
  ansible.builtin.file:
    path: '{{ item }}'
    follow: false
    owner: '{{ file_ownership_sshd_pub_key_newown }}'
    state: file
  with_items:
  - '{{ files_found.stdout_lines }}'
  when: ("kernel-default" in ansible_facts.packages or "kernel-default-base" in ansible_facts.packages)
  tags:
  - configure_strategy
  - file_ownership_sshd_pub_key
  - low_complexity
  - low_disruption
  - medium_severity
  - no_reboot_needed
</fix>
        <check system="http://oval.mitre.org/XMLSchema/oval-definitions-5">
          <check-content-ref name="oval:ssg-file_ownership_sshd_pub_key:def:1" href="ssg-sle15-oval.xml"/>
        </check>
        <check system="http://scap.nist.gov/schema/ocil/2">
          <check-content-ref name="ocil:ssg-file_ownership_sshd_pub_key_ocil:questionnaire:1" href="ssg-sle15-ocil.xml"/>
        </check>
      </Rule>
      <Rule id="xccdf_org.ssgproject.content_rule_file_permissions_sshd_config" selected="false" role="full" severity="medium">
        <title xmlns:xhtml="http://www.w3.org/1999/xhtml" xml:lang="en-US">Verify Permissions on SSH Server config file</title>
        <description xmlns:xhtml="http://www.w3.org/1999/xhtml" xml:lang="en-US">
To properly set the permissions of <html:code xmlns:html="http://www.w3.org/1999/xhtml">/etc/ssh/sshd_config</html:code>, run the command:
<html:pre xmlns:html="http://www.w3.org/1999/xhtml">$ sudo chmod 0600 /etc/ssh/sshd_config</html:pre>
      </description>
        <reference href="https://www.cisecurity.org/controls/">12</reference>
        <reference href="https://www.cisecurity.org/controls/">13</reference>
        <reference href="https://www.cisecurity.org/controls/">14</reference>
        <reference href="https://www.cisecurity.org/controls/">15</reference>
        <reference href="https://www.cisecurity.org/controls/">16</reference>
        <reference href="https://www.cisecurity.org/controls/">18</reference>
        <reference href="https://www.cisecurity.org/controls/">3</reference>
        <reference href="https://www.cisecurity.org/controls/">5</reference>
        <reference href="https://www.isaca.org/resources/cobit">APO01.06</reference>
        <reference href="https://www.isaca.org/resources/cobit">DSS05.04</reference>
        <reference href="https://www.isaca.org/resources/cobit">DSS05.07</reference>
        <reference href="https://www.isaca.org/resources/cobit">DSS06.02</reference>
        <reference href="https://www.isa.org/products/isa-62443-2-1-2009-security-for-industrial-automat">4.3.3.7.3</reference>
        <reference href="https://www.isa.org/products/ansi-isa-62443-3-3-99-03-03-2013-security-for-indu">SR 2.1</reference>
        <reference href="https://www.isa.org/products/ansi-isa-62443-3-3-99-03-03-2013-security-for-indu">SR 5.2</reference>
        <reference href="https://www.iso.org/contents/data/standard/05/45/54534.html">A.10.1.1</reference>
        <reference href="https://www.iso.org/contents/data/standard/05/45/54534.html">A.11.1.4</reference>
        <reference href="https://www.iso.org/contents/data/standard/05/45/54534.html">A.11.1.5</reference>
        <reference href="https://www.iso.org/contents/data/standard/05/45/54534.html">A.11.2.1</reference>
        <reference href="https://www.iso.org/contents/data/standard/05/45/54534.html">A.13.1.1</reference>
        <reference href="https://www.iso.org/contents/data/standard/05/45/54534.html">A.13.1.3</reference>
        <reference href="https://www.iso.org/contents/data/standard/05/45/54534.html">A.13.2.1</reference>
        <reference href="https://www.iso.org/contents/data/standard/05/45/54534.html">A.13.2.3</reference>
        <reference href="https://www.iso.org/contents/data/standard/05/45/54534.html">A.13.2.4</reference>
        <reference href="https://www.iso.org/contents/data/standard/05/45/54534.html">A.14.1.2</reference>
        <reference href="https://www.iso.org/contents/data/standard/05/45/54534.html">A.14.1.3</reference>
        <reference href="https://www.iso.org/contents/data/standard/05/45/54534.html">A.6.1.2</reference>
        <reference href="https://www.iso.org/contents/data/standard/05/45/54534.html">A.7.1.1</reference>
        <reference href="https://www.iso.org/contents/data/standard/05/45/54534.html">A.7.1.2</reference>
        <reference href="https://www.iso.org/contents/data/standard/05/45/54534.html">A.7.3.1</reference>
        <reference href="https://www.iso.org/contents/data/standard/05/45/54534.html">A.8.2.2</reference>
        <reference href="https://www.iso.org/contents/data/standard/05/45/54534.html">A.8.2.3</reference>
        <reference href="https://www.iso.org/contents/data/standard/05/45/54534.html">A.9.1.1</reference>
        <reference href="https://www.iso.org/contents/data/standard/05/45/54534.html">A.9.1.2</reference>
        <reference href="https://www.iso.org/contents/data/standard/05/45/54534.html">A.9.2.3</reference>
        <reference href="https://www.iso.org/contents/data/standard/05/45/54534.html">A.9.4.1</reference>
        <reference href="https://www.iso.org/contents/data/standard/05/45/54534.html">A.9.4.4</reference>
        <reference href="https://www.iso.org/contents/data/standard/05/45/54534.html">A.9.4.5</reference>
        <reference href="https://www.nerc.com/standards/reliability-standards/cip">CIP-003-8 R5.1.1</reference>
        <reference href="https://www.nerc.com/standards/reliability-standards/cip">CIP-003-8 R5.3</reference>
        <reference href="https://www.nerc.com/standards/reliability-standards/cip">CIP-004-6 R2.3</reference>
        <reference href="https://www.nerc.com/standards/reliability-standards/cip">CIP-007-3 R2.1</reference>
        <reference href="https://www.nerc.com/standards/reliability-standards/cip">CIP-007-3 R2.2</reference>
        <reference href="https://www.nerc.com/standards/reliability-standards/cip">CIP-007-3 R2.3</reference>
        <reference href="https://www.nerc.com/standards/reliability-standards/cip">CIP-007-3 R5.1</reference>
        <reference href="https://www.nerc.com/standards/reliability-standards/cip">CIP-007-3 R5.1.1</reference>
        <reference href="https://www.nerc.com/standards/reliability-standards/cip">CIP-007-3 R5.1.2</reference>
        <reference href="http://nvlpubs.nist.gov/nistpubs/SpecialPublications/NIST.SP.800-53r4.pdf">AC-17(a)</reference>
        <reference href="http://nvlpubs.nist.gov/nistpubs/SpecialPublications/NIST.SP.800-53r4.pdf">CM-6(a)</reference>
        <reference href="http://nvlpubs.nist.gov/nistpubs/SpecialPublications/NIST.SP.800-53r4.pdf">AC-6(1)</reference>
        <reference href="https://nvlpubs.nist.gov/nistpubs/CSWP/NIST.CSWP.04162018.pdf">PR.AC-4</reference>
        <reference href="https://nvlpubs.nist.gov/nistpubs/CSWP/NIST.CSWP.04162018.pdf">PR.DS-5</reference>
        <reference href="https://www.cyber.mil/stigs/downloads/?_dl_facet_stigs=operating-systems%2Cgeneral-purpose-os">SRG-OS-000480-GPOS-00227</reference>
        <reference href="https://www.cisecurity.org/benchmark/suse_linux/">5.2.1</reference>
        <reference href="https://cyber.gouv.fr/sites/default/files/document/linux_configuration-en-v2.pdf">R50</reference>
        <reference href="not_publicly_available">SLES-15-600150015</reference>
        <reference href="https://docs-prv.pcisecuritystandards.org/PCI%20DSS/Standard/PCI-DSS-v4_0.pdf">2.2.6</reference>
        <reference href="https://docs-prv.pcisecuritystandards.org/PCI%20DSS/Standard/PCI-DSS-v4_0.pdf">2.2</reference>
        <rationale xmlns:xhtml="http://www.w3.org/1999/xhtml" xml:lang="en-US">Service configuration files enable or disable features of their respective
services that if configured incorrectly can lead to insecure and vulnerable
configurations. Therefore, service configuration files should be owned by the
correct group to prevent unauthorized changes.</rationale>
        <platform idref="#system_with_kernel"/>
        <ident system="https://ncp.nist.gov/cce">CCE-91306-1</ident>
        <fix xmlns:xhtml="http://www.w3.org/1999/xhtml" id="file_permissions_sshd_config" system="urn:xccdf:fix:script:sh" complexity="low" disruption="low" strategy="configure"># Remediation is applicable only in certain platforms
if rpm --quiet -q kernel-default || rpm --quiet -q kernel-default-base; then

chmod u-xs,g-xwrs,o-xwrt /etc/ssh/sshd_config

else
    &gt;&amp;2 echo 'Remediation is not applicable, nothing was done'
fi
</fix>
        <fix xmlns:xhtml="http://www.w3.org/1999/xhtml" id="file_permissions_sshd_config" system="urn:xccdf:fix:script:ansible" complexity="low" disruption="low" strategy="configure">- name: Gather the package facts
  package_facts:
    manager: auto
  tags:
  - CCE-91306-1
  - NIST-800-53-AC-17(a)
  - NIST-800-53-AC-6(1)
  - NIST-800-53-CM-6(a)
  - PCI-DSSv4-2.2
  - PCI-DSSv4-2.2.6
  - configure_strategy
  - file_permissions_sshd_config
  - low_complexity
  - low_disruption
  - medium_severity
  - no_reboot_needed

- name: Test for existence /etc/ssh/sshd_config
  ansible.builtin.stat:
    path: /etc/ssh/sshd_config
  register: file_exists
  when: ("kernel-default" in ansible_facts.packages or "kernel-default-base" in ansible_facts.packages)
  tags:
  - CCE-91306-1
  - NIST-800-53-AC-17(a)
  - NIST-800-53-AC-6(1)
  - NIST-800-53-CM-6(a)
  - PCI-DSSv4-2.2
  - PCI-DSSv4-2.2.6
  - configure_strategy
  - file_permissions_sshd_config
  - low_complexity
  - low_disruption
  - medium_severity
  - no_reboot_needed

- name: Ensure permission u-xs,g-xwrs,o-xwrt on /etc/ssh/sshd_config
  ansible.builtin.file:
    path: /etc/ssh/sshd_config
    mode: u-xs,g-xwrs,o-xwrt
  when:
  - ("kernel-default" in ansible_facts.packages or "kernel-default-base" in ansible_facts.packages)
  - file_exists.stat is defined and file_exists.stat.exists
  tags:
  - CCE-91306-1
  - NIST-800-53-AC-17(a)
  - NIST-800-53-AC-6(1)
  - NIST-800-53-CM-6(a)
  - PCI-DSSv4-2.2
  - PCI-DSSv4-2.2.6
  - configure_strategy
  - file_permissions_sshd_config
  - low_complexity
  - low_disruption
  - medium_severity
  - no_reboot_needed
</fix>
        <check system="http://oval.mitre.org/XMLSchema/oval-definitions-5">
          <check-content-ref name="oval:ssg-file_permissions_sshd_config:def:1" href="ssg-sle15-oval.xml"/>
        </check>
        <check system="http://scap.nist.gov/schema/ocil/2">
          <check-content-ref name="ocil:ssg-file_permissions_sshd_config_ocil:questionnaire:1" href="ssg-sle15-ocil.xml"/>
        </check>
      </Rule>
      <Rule id="xccdf_org.ssgproject.content_rule_file_permissions_sshd_private_key" selected="false" role="full" severity="medium">
        <title xmlns:xhtml="http://www.w3.org/1999/xhtml" xml:lang="en-US">Verify Permissions on SSH Server Private *_key Key Files</title>
        <description xmlns:xhtml="http://www.w3.org/1999/xhtml" xml:lang="en-US">SSH server private keys - files that match the <html:code xmlns:html="http://www.w3.org/1999/xhtml">/etc/ssh/*_key</html:code> glob, have to have restricted permissions.
If those files are owned by the <html:code xmlns:html="http://www.w3.org/1999/xhtml">root</html:code> user and the <html:code xmlns:html="http://www.w3.org/1999/xhtml">root</html:code> group, they have to have the <html:code xmlns:html="http://www.w3.org/1999/xhtml">0640</html:code> permission or stricter.</description>
        <warning xmlns:xhtml="http://www.w3.org/1999/xhtml" xml:lang="en-US" category="general">Remediation is not possible at bootable container build time because SSH host
keys are generated post-deployment.</warning>
        <reference href="https://www.cisecurity.org/controls/">12</reference>
        <reference href="https://www.cisecurity.org/controls/">13</reference>
        <reference href="https://www.cisecurity.org/controls/">14</reference>
        <reference href="https://www.cisecurity.org/controls/">15</reference>
        <reference href="https://www.cisecurity.org/controls/">16</reference>
        <reference href="https://www.cisecurity.org/controls/">18</reference>
        <reference href="https://www.cisecurity.org/controls/">3</reference>
        <reference href="https://www.cisecurity.org/controls/">5</reference>
        <reference href="https://www.isaca.org/resources/cobit">APO01.06</reference>
        <reference href="https://www.isaca.org/resources/cobit">DSS05.04</reference>
        <reference href="https://www.isaca.org/resources/cobit">DSS05.07</reference>
        <reference href="https://www.isaca.org/resources/cobit">DSS06.02</reference>
        <reference href="http://nvlpubs.nist.gov/nistpubs/SpecialPublications/NIST.SP.800-171.pdf">3.1.13</reference>
        <reference href="http://nvlpubs.nist.gov/nistpubs/SpecialPublications/NIST.SP.800-171.pdf">3.13.10</reference>
        <reference href="https://www.isa.org/products/isa-62443-2-1-2009-security-for-industrial-automat">4.3.3.7.3</reference>
        <reference href="https://www.isa.org/products/ansi-isa-62443-3-3-99-03-03-2013-security-for-indu">SR 2.1</reference>
        <reference href="https://www.isa.org/products/ansi-isa-62443-3-3-99-03-03-2013-security-for-indu">SR 5.2</reference>
        <reference href="https://www.iso.org/contents/data/standard/05/45/54534.html">A.10.1.1</reference>
        <reference href="https://www.iso.org/contents/data/standard/05/45/54534.html">A.11.1.4</reference>
        <reference href="https://www.iso.org/contents/data/standard/05/45/54534.html">A.11.1.5</reference>
        <reference href="https://www.iso.org/contents/data/standard/05/45/54534.html">A.11.2.1</reference>
        <reference href="https://www.iso.org/contents/data/standard/05/45/54534.html">A.13.1.1</reference>
        <reference href="https://www.iso.org/contents/data/standard/05/45/54534.html">A.13.1.3</reference>
        <reference href="https://www.iso.org/contents/data/standard/05/45/54534.html">A.13.2.1</reference>
        <reference href="https://www.iso.org/contents/data/standard/05/45/54534.html">A.13.2.3</reference>
        <reference href="https://www.iso.org/contents/data/standard/05/45/54534.html">A.13.2.4</reference>
        <reference href="https://www.iso.org/contents/data/standard/05/45/54534.html">A.14.1.2</reference>
        <reference href="https://www.iso.org/contents/data/standard/05/45/54534.html">A.14.1.3</reference>
        <reference href="https://www.iso.org/contents/data/standard/05/45/54534.html">A.6.1.2</reference>
        <reference href="https://www.iso.org/contents/data/standard/05/45/54534.html">A.7.1.1</reference>
        <reference href="https://www.iso.org/contents/data/standard/05/45/54534.html">A.7.1.2</reference>
        <reference href="https://www.iso.org/contents/data/standard/05/45/54534.html">A.7.3.1</reference>
        <reference href="https://www.iso.org/contents/data/standard/05/45/54534.html">A.8.2.2</reference>
        <reference href="https://www.iso.org/contents/data/standard/05/45/54534.html">A.8.2.3</reference>
        <reference href="https://www.iso.org/contents/data/standard/05/45/54534.html">A.9.1.1</reference>
        <reference href="https://www.iso.org/contents/data/standard/05/45/54534.html">A.9.1.2</reference>
        <reference href="https://www.iso.org/contents/data/standard/05/45/54534.html">A.9.2.3</reference>
        <reference href="https://www.iso.org/contents/data/standard/05/45/54534.html">A.9.4.1</reference>
        <reference href="https://www.iso.org/contents/data/standard/05/45/54534.html">A.9.4.4</reference>
        <reference href="https://www.iso.org/contents/data/standard/05/45/54534.html">A.9.4.5</reference>
        <reference href="https://www.nerc.com/standards/reliability-standards/cip">CIP-003-8 R5.1.1</reference>
        <reference href="https://www.nerc.com/standards/reliability-standards/cip">CIP-003-8 R5.3</reference>
        <reference href="https://www.nerc.com/standards/reliability-standards/cip">CIP-004-6 R2.3</reference>
        <reference href="https://www.nerc.com/standards/reliability-standards/cip">CIP-007-3 R2.1</reference>
        <reference href="https://www.nerc.com/standards/reliability-standards/cip">CIP-007-3 R2.2</reference>
        <reference href="https://www.nerc.com/standards/reliability-standards/cip">CIP-007-3 R2.3</reference>
        <reference href="https://www.nerc.com/standards/reliability-standards/cip">CIP-007-3 R5.1</reference>
        <reference href="https://www.nerc.com/standards/reliability-standards/cip">CIP-007-3 R5.1.1</reference>
        <reference href="https://www.nerc.com/standards/reliability-standards/cip">CIP-007-3 R5.1.2</reference>
        <reference href="http://nvlpubs.nist.gov/nistpubs/SpecialPublications/NIST.SP.800-53r4.pdf">AC-17(a)</reference>
        <reference href="http://nvlpubs.nist.gov/nistpubs/SpecialPublications/NIST.SP.800-53r4.pdf">CM-6(a)</reference>
        <reference href="http://nvlpubs.nist.gov/nistpubs/SpecialPublications/NIST.SP.800-53r4.pdf">AC-6(1)</reference>
        <reference href="https://nvlpubs.nist.gov/nistpubs/CSWP/NIST.CSWP.04162018.pdf">PR.AC-4</reference>
        <reference href="https://nvlpubs.nist.gov/nistpubs/CSWP/NIST.CSWP.04162018.pdf">PR.DS-5</reference>
        <reference href="https://www.pcisecuritystandards.org/documents/PCI_DSS_v3-2-1.pdf">Req-2.2.4</reference>
        <reference href="https://www.cyber.mil/stigs/downloads/?_dl_facet_stigs=operating-systems%2Cgeneral-purpose-os">SRG-OS-000480-GPOS-00227</reference>
        <reference href="https://www.cyber.mil/stigs/downloads/?_dl_facet_stigs=operating-systems%2Cunix-linux">SLES-15-040250</reference>
        <reference href="https://www.cisecurity.org/benchmark/suse_linux/">5.2.2</reference>
        <reference href="https://cyber.gouv.fr/sites/default/files/document/linux_configuration-en-v2.pdf">R50</reference>
        <reference href="not_publicly_available">SLES-15-600150030</reference>
        <reference href="https://www.cyber.gov.au/acsc/view-all-content/ism">1449</reference>
        <reference href="https://docs-prv.pcisecuritystandards.org/PCI%20DSS/Standard/PCI-DSS-v4_0.pdf">2.2.6</reference>
        <reference href="https://docs-prv.pcisecuritystandards.org/PCI%20DSS/Standard/PCI-DSS-v4_0.pdf">2.2</reference>
        <reference href="https://www.cyber.mil/stigs/srg-stig-tools/">SV-235009r991589_rule</reference>
        <rationale xmlns:xhtml="http://www.w3.org/1999/xhtml" xml:lang="en-US">If an unauthorized user obtains the private SSH host key file, the host could be
impersonated.</rationale>
        <platform idref="#system_with_kernel"/>
        <ident system="https://ncp.nist.gov/cce">CCE-85644-3</ident>
        <fix xmlns:xhtml="http://www.w3.org/1999/xhtml" id="file_permissions_sshd_private_key" system="urn:xccdf:fix:script:puppet">include ssh_private_key_perms

class ssh_private_key_perms {
  exec { 'sshd_priv_key':
    command =&gt; "chmod 0640 /etc/ssh/*_key",
    path    =&gt; '/bin:/usr/bin'
  }
}
</fix>
        <fix xmlns:xhtml="http://www.w3.org/1999/xhtml" id="file_permissions_sshd_private_key" system="urn:xccdf:fix:script:sh"># Remediation is applicable only in certain platforms
if rpm --quiet -q kernel-default || rpm --quiet -q kernel-default-base; then

for keyfile in /etc/ssh/*_key; do
    test -f "$keyfile" || continue
    if test root:root = "$(stat -c "%U:%G" "$keyfile")"; then
    
	chmod u-xs,g-xws,o-xwrt "$keyfile"
    
    
    else
        echo "Key-like file '$keyfile' is owned by an unexpected user:group combination"
    fi
done

else
    &gt;&amp;2 echo 'Remediation is not applicable, nothing was done'
fi
</fix>
        <fix xmlns:xhtml="http://www.w3.org/1999/xhtml" id="file_permissions_sshd_private_key" system="urn:xccdf:fix:script:ansible" complexity="low" disruption="low" strategy="configure">- name: Gather the package facts
  package_facts:
    manager: auto
  tags:
  - CCE-85644-3
  - DISA-STIG-SLES-15-040250
  - NIST-800-171-3.1.13
  - NIST-800-171-3.13.10
  - NIST-800-53-AC-17(a)
  - NIST-800-53-AC-6(1)
  - NIST-800-53-CM-6(a)
  - PCI-DSS-Req-2.2.4
  - PCI-DSSv4-2.2
  - PCI-DSSv4-2.2.6
  - configure_strategy
  - file_permissions_sshd_private_key
  - low_complexity
  - low_disruption
  - medium_severity
  - no_reboot_needed

- name: Find root:root-owned keys
  ansible.builtin.command: find -H /etc/ssh/ -maxdepth 1 -user root -regex ".*_key$"
    -type f -group root -perm /u+xs,g+xws,o+xwrt
  register: root_owned_keys
  changed_when: false
  failed_when: false
  check_mode: false
  when: ("kernel-default" in ansible_facts.packages or "kernel-default-base" in ansible_facts.packages)
  tags:
  - CCE-85644-3
  - DISA-STIG-SLES-15-040250
  - NIST-800-171-3.1.13
  - NIST-800-171-3.13.10
  - NIST-800-53-AC-17(a)
  - NIST-800-53-AC-6(1)
  - NIST-800-53-CM-6(a)
  - PCI-DSS-Req-2.2.4
  - PCI-DSSv4-2.2
  - PCI-DSSv4-2.2.6
  - configure_strategy
  - file_permissions_sshd_private_key
  - low_complexity
  - low_disruption
  - medium_severity
  - no_reboot_needed

- name: Set permissions for root:root-owned keys
  ansible.builtin.file:
    path: '{{ item }}'
    mode: u-xs,g-xws,o-xwrt
    state: file
  with_items:
  - '{{ root_owned_keys.stdout_lines }}'
  when: ("kernel-default" in ansible_facts.packages or "kernel-default-base" in ansible_facts.packages)
  tags:
  - CCE-85644-3
  - DISA-STIG-SLES-15-040250
  - NIST-800-171-3.1.13
  - NIST-800-171-3.13.10
  - NIST-800-53-AC-17(a)
  - NIST-800-53-AC-6(1)
  - NIST-800-53-CM-6(a)
  - PCI-DSS-Req-2.2.4
  - PCI-DSSv4-2.2
  - PCI-DSSv4-2.2.6
  - configure_strategy
  - file_permissions_sshd_private_key
  - low_complexity
  - low_disruption
  - medium_severity
  - no_reboot_needed
</fix>
        <check system="http://oval.mitre.org/XMLSchema/oval-definitions-5">
          <check-content-ref name="oval:ssg-file_permissions_sshd_private_key:def:1" href="ssg-sle15-oval.xml"/>
        </check>
        <check system="http://scap.nist.gov/schema/ocil/2">
          <check-content-ref name="ocil:ssg-file_permissions_sshd_private_key_ocil:questionnaire:1" href="ssg-sle15-ocil.xml"/>
        </check>
      </Rule>
      <Rule id="xccdf_org.ssgproject.content_rule_file_permissions_sshd_pub_key" selected="false" role="full" severity="medium">
        <title xmlns:xhtml="http://www.w3.org/1999/xhtml" xml:lang="en-US">Verify Permissions on SSH Server Public *.pub Key Files</title>
        <description xmlns:xhtml="http://www.w3.org/1999/xhtml" xml:lang="en-US"> To properly set the permissions of <html:code xmlns:html="http://www.w3.org/1999/xhtml">/etc/ssh/*.pub</html:code>, run the command: <html:pre xmlns:html="http://www.w3.org/1999/xhtml">$ sudo chmod 0644 /etc/ssh/*.pub</html:pre>
      </description>
        <warning xmlns:xhtml="http://www.w3.org/1999/xhtml" xml:lang="en-US" category="general">Remediation is not possible at bootable container build time because SSH host
keys are generated post-deployment.</warning>
        <reference href="https://www.cisecurity.org/controls/">12</reference>
        <reference href="https://www.cisecurity.org/controls/">13</reference>
        <reference href="https://www.cisecurity.org/controls/">14</reference>
        <reference href="https://www.cisecurity.org/controls/">15</reference>
        <reference href="https://www.cisecurity.org/controls/">16</reference>
        <reference href="https://www.cisecurity.org/controls/">18</reference>
        <reference href="https://www.cisecurity.org/controls/">3</reference>
        <reference href="https://www.cisecurity.org/controls/">5</reference>
        <reference href="https://www.isaca.org/resources/cobit">APO01.06</reference>
        <reference href="https://www.isaca.org/resources/cobit">DSS05.04</reference>
        <reference href="https://www.isaca.org/resources/cobit">DSS05.07</reference>
        <reference href="https://www.isaca.org/resources/cobit">DSS06.02</reference>
        <reference href="http://nvlpubs.nist.gov/nistpubs/SpecialPublications/NIST.SP.800-171.pdf">3.1.13</reference>
        <reference href="http://nvlpubs.nist.gov/nistpubs/SpecialPublications/NIST.SP.800-171.pdf">3.13.10</reference>
        <reference href="https://www.isa.org/products/isa-62443-2-1-2009-security-for-industrial-automat">4.3.3.7.3</reference>
        <reference href="https://www.isa.org/products/ansi-isa-62443-3-3-99-03-03-2013-security-for-indu">SR 2.1</reference>
        <reference href="https://www.isa.org/products/ansi-isa-62443-3-3-99-03-03-2013-security-for-indu">SR 5.2</reference>
        <reference href="https://www.iso.org/contents/data/standard/05/45/54534.html">A.10.1.1</reference>
        <reference href="https://www.iso.org/contents/data/standard/05/45/54534.html">A.11.1.4</reference>
        <reference href="https://www.iso.org/contents/data/standard/05/45/54534.html">A.11.1.5</reference>
        <reference href="https://www.iso.org/contents/data/standard/05/45/54534.html">A.11.2.1</reference>
        <reference href="https://www.iso.org/contents/data/standard/05/45/54534.html">A.13.1.1</reference>
        <reference href="https://www.iso.org/contents/data/standard/05/45/54534.html">A.13.1.3</reference>
        <reference href="https://www.iso.org/contents/data/standard/05/45/54534.html">A.13.2.1</reference>
        <reference href="https://www.iso.org/contents/data/standard/05/45/54534.html">A.13.2.3</reference>
        <reference href="https://www.iso.org/contents/data/standard/05/45/54534.html">A.13.2.4</reference>
        <reference href="https://www.iso.org/contents/data/standard/05/45/54534.html">A.14.1.2</reference>
        <reference href="https://www.iso.org/contents/data/standard/05/45/54534.html">A.14.1.3</reference>
        <reference href="https://www.iso.org/contents/data/standard/05/45/54534.html">A.6.1.2</reference>
        <reference href="https://www.iso.org/contents/data/standard/05/45/54534.html">A.7.1.1</reference>
        <reference href="https://www.iso.org/contents/data/standard/05/45/54534.html">A.7.1.2</reference>
        <reference href="https://www.iso.org/contents/data/standard/05/45/54534.html">A.7.3.1</reference>
        <reference href="https://www.iso.org/contents/data/standard/05/45/54534.html">A.8.2.2</reference>
        <reference href="https://www.iso.org/contents/data/standard/05/45/54534.html">A.8.2.3</reference>
        <reference href="https://www.iso.org/contents/data/standard/05/45/54534.html">A.9.1.1</reference>
        <reference href="https://www.iso.org/contents/data/standard/05/45/54534.html">A.9.1.2</reference>
        <reference href="https://www.iso.org/contents/data/standard/05/45/54534.html">A.9.2.3</reference>
        <reference href="https://www.iso.org/contents/data/standard/05/45/54534.html">A.9.4.1</reference>
        <reference href="https://www.iso.org/contents/data/standard/05/45/54534.html">A.9.4.4</reference>
        <reference href="https://www.iso.org/contents/data/standard/05/45/54534.html">A.9.4.5</reference>
        <reference href="https://www.nerc.com/standards/reliability-standards/cip">CIP-003-8 R5.1.1</reference>
        <reference href="https://www.nerc.com/standards/reliability-standards/cip">CIP-003-8 R5.3</reference>
        <reference href="https://www.nerc.com/standards/reliability-standards/cip">CIP-004-6 R2.3</reference>
        <reference href="https://www.nerc.com/standards/reliability-standards/cip">CIP-007-3 R2.1</reference>
        <reference href="https://www.nerc.com/standards/reliability-standards/cip">CIP-007-3 R2.2</reference>
        <reference href="https://www.nerc.com/standards/reliability-standards/cip">CIP-007-3 R2.3</reference>
        <reference href="https://www.nerc.com/standards/reliability-standards/cip">CIP-007-3 R5.1</reference>
        <reference href="https://www.nerc.com/standards/reliability-standards/cip">CIP-007-3 R5.1.1</reference>
        <reference href="https://www.nerc.com/standards/reliability-standards/cip">CIP-007-3 R5.1.2</reference>
        <reference href="http://nvlpubs.nist.gov/nistpubs/SpecialPublications/NIST.SP.800-53r4.pdf">AC-17(a)</reference>
        <reference href="http://nvlpubs.nist.gov/nistpubs/SpecialPublications/NIST.SP.800-53r4.pdf">CM-6(a)</reference>
        <reference href="http://nvlpubs.nist.gov/nistpubs/SpecialPublications/NIST.SP.800-53r4.pdf">AC-6(1)</reference>
        <reference href="https://nvlpubs.nist.gov/nistpubs/CSWP/NIST.CSWP.04162018.pdf">PR.AC-4</reference>
        <reference href="https://nvlpubs.nist.gov/nistpubs/CSWP/NIST.CSWP.04162018.pdf">PR.DS-5</reference>
        <reference href="https://www.pcisecuritystandards.org/documents/PCI_DSS_v3-2-1.pdf">Req-2.2.4</reference>
        <reference href="https://www.cyber.mil/stigs/downloads/?_dl_facet_stigs=operating-systems%2Cgeneral-purpose-os">SRG-OS-000480-GPOS-00227</reference>
        <reference href="https://www.cyber.mil/stigs/downloads/?_dl_facet_stigs=operating-systems%2Cunix-linux">SLES-15-040240</reference>
        <reference href="https://www.cisecurity.org/benchmark/suse_linux/">5.2.3</reference>
        <reference href="https://cyber.gouv.fr/sites/default/files/document/linux_configuration-en-v2.pdf">R50</reference>
        <reference href="https://docs-prv.pcisecuritystandards.org/PCI%20DSS/Standard/PCI-DSS-v4_0.pdf">2.2.6</reference>
        <reference href="https://docs-prv.pcisecuritystandards.org/PCI%20DSS/Standard/PCI-DSS-v4_0.pdf">2.2</reference>
        <reference href="https://www.cyber.mil/stigs/srg-stig-tools/">SV-235008r991589_rule</reference>
        <rationale xmlns:xhtml="http://www.w3.org/1999/xhtml" xml:lang="en-US">If a public host key file is modified by an unauthorized user, the SSH service
may be compromised.</rationale>
        <platform idref="#system_with_kernel"/>
        <ident system="https://ncp.nist.gov/cce">CCE-85643-5</ident>
        <fix xmlns:xhtml="http://www.w3.org/1999/xhtml" id="file_permissions_sshd_pub_key" system="urn:xccdf:fix:script:puppet">include ssh_public_key_perms

class ssh_public_key_perms {
  exec { 'sshd_pub_key':
    command =&gt; "chmod 0644 /etc/ssh/*.pub",
    path    =&gt; '/bin:/usr/bin'
  }
}
</fix>
        <fix xmlns:xhtml="http://www.w3.org/1999/xhtml" id="file_permissions_sshd_pub_key" system="urn:xccdf:fix:script:sh" complexity="low" disruption="low" strategy="configure"># Remediation is applicable only in certain platforms
if rpm --quiet -q kernel-default || rpm --quiet -q kernel-default-base; then

find -P /etc/ssh/ -maxdepth 1 -perm /u+xs,g+xws,o+xwt  -type f -regextype posix-extended -regex '^.*\.pub$' -exec chmod u-xs,g-xws,o-xwt {} \;

else
    &gt;&amp;2 echo 'Remediation is not applicable, nothing was done'
fi
</fix>
        <fix xmlns:xhtml="http://www.w3.org/1999/xhtml" id="file_permissions_sshd_pub_key" system="urn:xccdf:fix:script:ansible" complexity="low" disruption="low" strategy="configure">- name: Gather the package facts
  package_facts:
    manager: auto
  tags:
  - CCE-85643-5
  - DISA-STIG-SLES-15-040240
  - NIST-800-171-3.1.13
  - NIST-800-171-3.13.10
  - NIST-800-53-AC-17(a)
  - NIST-800-53-AC-6(1)
  - NIST-800-53-CM-6(a)
  - PCI-DSS-Req-2.2.4
  - PCI-DSSv4-2.2
  - PCI-DSSv4-2.2.6
  - configure_strategy
  - file_permissions_sshd_pub_key
  - low_complexity
  - low_disruption
  - medium_severity
  - no_reboot_needed

- name: Find /etc/ssh/ file(s)
  ansible.builtin.command: find -P /etc/ssh/ -maxdepth 1 -perm /u+xs,g+xws,o+xwt  -type
    f -regextype posix-extended -regex "^.*\.pub$"
  register: files_found
  changed_when: false
  failed_when: false
  check_mode: false
  when: ("kernel-default" in ansible_facts.packages or "kernel-default-base" in ansible_facts.packages)
  tags:
  - CCE-85643-5
  - DISA-STIG-SLES-15-040240
  - NIST-800-171-3.1.13
  - NIST-800-171-3.13.10
  - NIST-800-53-AC-17(a)
  - NIST-800-53-AC-6(1)
  - NIST-800-53-CM-6(a)
  - PCI-DSS-Req-2.2.4
  - PCI-DSSv4-2.2
  - PCI-DSSv4-2.2.6
  - configure_strategy
  - file_permissions_sshd_pub_key
  - low_complexity
  - low_disruption
  - medium_severity
  - no_reboot_needed

- name: Set permissions for /etc/ssh/ file(s)
  ansible.builtin.file:
    path: '{{ item }}'
    mode: u-xs,g-xws,o-xwt
    state: file
  with_items:
  - '{{ files_found.stdout_lines }}'
  when: ("kernel-default" in ansible_facts.packages or "kernel-default-base" in ansible_facts.packages)
  tags:
  - CCE-85643-5
  - DISA-STIG-SLES-15-040240
  - NIST-800-171-3.1.13
  - NIST-800-171-3.13.10
  - NIST-800-53-AC-17(a)
  - NIST-800-53-AC-6(1)
  - NIST-800-53-CM-6(a)
  - PCI-DSS-Req-2.2.4
  - PCI-DSSv4-2.2
  - PCI-DSSv4-2.2.6
  - configure_strategy
  - file_permissions_sshd_pub_key
  - low_complexity
  - low_disruption
  - medium_severity
  - no_reboot_needed
</fix>
        <check system="http://oval.mitre.org/XMLSchema/oval-definitions-5">
          <check-content-ref name="oval:ssg-file_permissions_sshd_pub_key:def:1" href="ssg-sle15-oval.xml"/>
        </check>
        <check system="http://scap.nist.gov/schema/ocil/2">
          <check-content-ref name="ocil:ssg-file_permissions_sshd_pub_key_ocil:questionnaire:1" href="ssg-sle15-ocil.xml"/>
        </check>
      </Rule>
      <Rule id="xccdf_org.ssgproject.content_rule_iptables_sshd_disabled" selected="false" role="full" severity="unknown">
        <title xmlns:xhtml="http://www.w3.org/1999/xhtml" xml:lang="en-US">Remove SSH Server iptables Firewall exception (Unusual)</title>
        <description xmlns:xhtml="http://www.w3.org/1999/xhtml" xml:lang="en-US">By default, inbound connections to SSH's port are allowed. If the SSH
server is not being used, this exception should be removed from the
firewall configuration.
<html:br xmlns:html="http://www.w3.org/1999/xhtml"/>
       <html:br xmlns:html="http://www.w3.org/1999/xhtml"/>
Edit the files <html:code xmlns:html="http://www.w3.org/1999/xhtml">/etc/sysconfig/iptables</html:code> and
<html:code xmlns:html="http://www.w3.org/1999/xhtml">/etc/sysconfig/ip6tables</html:code> (if IPv6 is in use). In each file, locate
and delete the line:
<html:pre xmlns:html="http://www.w3.org/1999/xhtml">-A INPUT -m state --state NEW -m tcp -p tcp --dport 22 -j ACCEPT</html:pre>
This is unusual, as SSH is a common method for encrypted and authenticated
remote access.</description>
        <rationale xmlns:xhtml="http://www.w3.org/1999/xhtml" xml:lang="en-US">If inbound SSH connections are not expected, disallowing access to the SSH
port will avoid possible exploitation of the port by an attacker.</rationale>
        <platform idref="#system_with_kernel"/>
      </Rule>
      <Group id="xccdf_org.ssgproject.content_group_ssh_server">
        <title xmlns:xhtml="http://www.w3.org/1999/xhtml" xml:lang="en-US">Configure OpenSSH Server if Necessary</title>
        <description xmlns:xhtml="http://www.w3.org/1999/xhtml" xml:lang="en-US">If the system needs to act as an SSH server, then
certain changes should be made to the OpenSSH daemon configuration
file <html:code xmlns:html="http://www.w3.org/1999/xhtml">/etc/ssh/sshd_config</html:code>. The following recommendations can be
applied to this file. See the <html:code xmlns:html="http://www.w3.org/1999/xhtml">sshd_config(5)</html:code> man page for more
detailed information.</description>
        <platform idref="#system_with_kernel"/>
        <Value id="xccdf_org.ssgproject.content_value_var_rekey_limit_size" type="string">
          <title xmlns:xhtml="http://www.w3.org/1999/xhtml" xml:lang="en-US">SSH RekeyLimit - size</title>
          <description xmlns:xhtml="http://www.w3.org/1999/xhtml" xml:lang="en-US">Specify the size component of the rekey limit.</description>
          <value selector="sshd_default">default</value>
          <value>512M</value>
          <value selector="512M">512M</value>
          <value selector="1G">1G</value>
        </Value>
        <Value id="xccdf_org.ssgproject.content_value_var_rekey_limit_time" type="string">
          <title xmlns:xhtml="http://www.w3.org/1999/xhtml" xml:lang="en-US">SSH RekeyLimit - size</title>
          <description xmlns:xhtml="http://www.w3.org/1999/xhtml" xml:lang="en-US">Specify the size component of the rekey limit.</description>
          <value selector="sshd_default">none</value>
          <value>1h</value>
          <value selector="1hour">1h</value>
        </Value>
        <Value id="xccdf_org.ssgproject.content_value_var_sshd_disable_compression" type="string">
          <title xmlns:xhtml="http://www.w3.org/1999/xhtml" xml:lang="en-US">SSH Compression Setting</title>
          <description xmlns:xhtml="http://www.w3.org/1999/xhtml" xml:lang="en-US">Specify the compression setting for SSH connections.</description>
          <value selector="no">no</value>
          <value selector="delayed">delayed</value>
          <value>no</value>
        </Value>
        <Value id="xccdf_org.ssgproject.content_value_var_sshd_priv_separation" type="string">
          <title xmlns:xhtml="http://www.w3.org/1999/xhtml" xml:lang="en-US">SSH Privilege Separation Setting</title>
          <description xmlns:xhtml="http://www.w3.org/1999/xhtml" xml:lang="en-US">Specify whether and how sshd separates privileges when handling incoming network connections.</description>
          <value selector="no">no</value>
          <value selector="yes">yes</value>
          <value selector="sandbox">sandbox</value>
          <value>sandbox</value>
        </Value>
        <Value id="xccdf_org.ssgproject.content_value_var_sshd_set_login_grace_time" type="number" interactive="true">
          <title xmlns:xhtml="http://www.w3.org/1999/xhtml" xml:lang="en-US">SSH LoginGraceTime setting</title>
          <description xmlns:xhtml="http://www.w3.org/1999/xhtml" xml:lang="en-US">Configure parameters for how long the servers stays connected before the user has successfully logged in</description>
          <value>60</value>
          <value selector="60">60</value>
        </Value>
        <Value id="xccdf_org.ssgproject.content_value_var_sshd_set_maxstartups" type="string" interactive="true">
          <title xmlns:xhtml="http://www.w3.org/1999/xhtml" xml:lang="en-US">SSH MaxStartups setting</title>
          <description xmlns:xhtml="http://www.w3.org/1999/xhtml" xml:lang="en-US">Configure parameters for maximum concurrent unauthenticated connections to the SSH daemon.</description>
          <value>10:30:100</value>
          <value selector="10:30:60">10:30:60</value>
        </Value>
        <Rule id="xccdf_org.ssgproject.content_rule_sshd_set_keepalive_0" selected="false" role="full" severity="medium">
          <title xmlns:xhtml="http://www.w3.org/1999/xhtml" xml:lang="en-US">Set SSH Client Alive Count Max to zero</title>
          <description xmlns:xhtml="http://www.w3.org/1999/xhtml" xml:lang="en-US">The SSH server sends at most <html:code xmlns:html="http://www.w3.org/1999/xhtml">ClientAliveCountMax</html:code> messages
during a SSH session and waits for a response from the SSH client.
The option <html:code xmlns:html="http://www.w3.org/1999/xhtml">ClientAliveInterval</html:code> configures timeout after
each <html:code xmlns:html="http://www.w3.org/1999/xhtml">ClientAliveCountMax</html:code> message. If the SSH server does not
receive a response from the client, then the connection is considered unresponsive
and terminated.

To ensure the SSH timeout occurs precisely when the
<html:code xmlns:html="http://www.w3.org/1999/xhtml">ClientAliveInterval</html:code> is set, set the <html:code xmlns:html="http://www.w3.org/1999/xhtml">ClientAliveCountMax</html:code> to
value of <html:code xmlns:html="http://www.w3.org/1999/xhtml">0</html:code> in


<html:code xmlns:html="http://www.w3.org/1999/xhtml">/etc/ssh/sshd_config</html:code>:</description>
          <reference href="https://www.cisecurity.org/controls/">1</reference>
          <reference href="https://www.cisecurity.org/controls/">12</reference>
          <reference href="https://www.cisecurity.org/controls/">13</reference>
          <reference href="https://www.cisecurity.org/controls/">14</reference>
          <reference href="https://www.cisecurity.org/controls/">15</reference>
          <reference href="https://www.cisecurity.org/controls/">16</reference>
          <reference href="https://www.cisecurity.org/controls/">18</reference>
          <reference href="https://www.cisecurity.org/controls/">3</reference>
          <reference href="https://www.cisecurity.org/controls/">5</reference>
          <reference href="https://www.cisecurity.org/controls/">7</reference>
          <reference href="https://www.cisecurity.org/controls/">8</reference>
          <reference href="https://www.fbi.gov/file-repository/cjis-security-policy-v5_5_20160601-2-1.pdf">5.5.6</reference>
          <reference href="https://www.isaca.org/resources/cobit">APO13.01</reference>
          <reference href="https://www.isaca.org/resources/cobit">BAI03.01</reference>
          <reference href="https://www.isaca.org/resources/cobit">BAI03.02</reference>
          <reference href="https://www.isaca.org/resources/cobit">BAI03.03</reference>
          <reference href="https://www.isaca.org/resources/cobit">DSS01.03</reference>
          <reference href="https://www.isaca.org/resources/cobit">DSS03.05</reference>
          <reference href="https://www.isaca.org/resources/cobit">DSS05.04</reference>
          <reference href="https://www.isaca.org/resources/cobit">DSS05.05</reference>
          <reference href="https://www.isaca.org/resources/cobit">DSS05.07</reference>
          <reference href="https://www.isaca.org/resources/cobit">DSS05.10</reference>
          <reference href="https://www.isaca.org/resources/cobit">DSS06.03</reference>
          <reference href="https://www.isaca.org/resources/cobit">DSS06.10</reference>
          <reference href="http://nvlpubs.nist.gov/nistpubs/SpecialPublications/NIST.SP.800-171.pdf">3.1.11</reference>
          <reference href="https://www.gpo.gov/fdsys/pkg/CFR-2007-title45-vol1/pdf/CFR-2007-title45-vol1-chapA-subchapC.pdf">164.308(a)(4)(i)</reference>
          <reference href="https://www.gpo.gov/fdsys/pkg/CFR-2007-title45-vol1/pdf/CFR-2007-title45-vol1-chapA-subchapC.pdf">164.308(b)(1)</reference>
          <reference href="https://www.gpo.gov/fdsys/pkg/CFR-2007-title45-vol1/pdf/CFR-2007-title45-vol1-chapA-subchapC.pdf">164.308(b)(3)</reference>
          <reference href="https://www.gpo.gov/fdsys/pkg/CFR-2007-title45-vol1/pdf/CFR-2007-title45-vol1-chapA-subchapC.pdf">164.310(b)</reference>
          <reference href="https://www.gpo.gov/fdsys/pkg/CFR-2007-title45-vol1/pdf/CFR-2007-title45-vol1-chapA-subchapC.pdf">164.312(e)(1)</reference>
          <reference href="https://www.gpo.gov/fdsys/pkg/CFR-2007-title45-vol1/pdf/CFR-2007-title45-vol1-chapA-subchapC.pdf">164.312(e)(2)(ii)</reference>
          <reference href="https://www.isa.org/products/isa-62443-2-1-2009-security-for-industrial-automat">4.3.3.2.2</reference>
          <reference href="https://www.isa.org/products/isa-62443-2-1-2009-security-for-industrial-automat">4.3.3.5.1</reference>
          <reference href="https://www.isa.org/products/isa-62443-2-1-2009-security-for-industrial-automat">4.3.3.5.2</reference>
          <reference href="https://www.isa.org/products/isa-62443-2-1-2009-security-for-industrial-automat">4.3.3.6.1</reference>
          <reference href="https://www.isa.org/products/isa-62443-2-1-2009-security-for-industrial-automat">4.3.3.6.2</reference>
          <reference href="https://www.isa.org/products/isa-62443-2-1-2009-security-for-industrial-automat">4.3.3.6.3</reference>
          <reference href="https://www.isa.org/products/isa-62443-2-1-2009-security-for-industrial-automat">4.3.3.6.4</reference>
          <reference href="https://www.isa.org/products/isa-62443-2-1-2009-security-for-industrial-automat">4.3.3.6.5</reference>
          <reference href="https://www.isa.org/products/isa-62443-2-1-2009-security-for-industrial-automat">4.3.3.6.6</reference>
          <reference href="https://www.isa.org/products/isa-62443-2-1-2009-security-for-industrial-automat">4.3.3.6.7</reference>
          <reference href="https://www.isa.org/products/isa-62443-2-1-2009-security-for-industrial-automat">4.3.3.6.8</reference>
          <reference href="https://www.isa.org/products/isa-62443-2-1-2009-security-for-industrial-automat">4.3.3.6.9</reference>
          <reference href="https://www.isa.org/products/isa-62443-2-1-2009-security-for-industrial-automat">4.3.3.7.2</reference>
          <reference href="https://www.isa.org/products/isa-62443-2-1-2009-security-for-industrial-automat">4.3.3.7.3</reference>
          <reference href="https://www.isa.org/products/isa-62443-2-1-2009-security-for-industrial-automat">4.3.3.7.4</reference>
          <reference href="https://www.isa.org/products/isa-62443-2-1-2009-security-for-industrial-automat">4.3.4.3.3</reference>
          <reference href="https://www.isa.org/products/ansi-isa-62443-3-3-99-03-03-2013-security-for-indu">SR 1.1</reference>
          <reference href="https://www.isa.org/products/ansi-isa-62443-3-3-99-03-03-2013-security-for-indu">SR 1.10</reference>
          <reference href="https://www.isa.org/products/ansi-isa-62443-3-3-99-03-03-2013-security-for-indu">SR 1.2</reference>
          <reference href="https://www.isa.org/products/ansi-isa-62443-3-3-99-03-03-2013-security-for-indu">SR 1.3</reference>
          <reference href="https://www.isa.org/products/ansi-isa-62443-3-3-99-03-03-2013-security-for-indu">SR 1.4</reference>
          <reference href="https://www.isa.org/products/ansi-isa-62443-3-3-99-03-03-2013-security-for-indu">SR 1.5</reference>
          <reference href="https://www.isa.org/products/ansi-isa-62443-3-3-99-03-03-2013-security-for-indu">SR 1.7</reference>
          <reference href="https://www.isa.org/products/ansi-isa-62443-3-3-99-03-03-2013-security-for-indu">SR 1.8</reference>
          <reference href="https://www.isa.org/products/ansi-isa-62443-3-3-99-03-03-2013-security-for-indu">SR 1.9</reference>
          <reference href="https://www.isa.org/products/ansi-isa-62443-3-3-99-03-03-2013-security-for-indu">SR 2.1</reference>
          <reference href="https://www.isa.org/products/ansi-isa-62443-3-3-99-03-03-2013-security-for-indu">SR 6.2</reference>
          <reference href="https://www.iso.org/contents/data/standard/05/45/54534.html">A.12.4.1</reference>
          <reference href="https://www.iso.org/contents/data/standard/05/45/54534.html">A.12.4.3</reference>
          <reference href="https://www.iso.org/contents/data/standard/05/45/54534.html">A.14.1.1</reference>
          <reference href="https://www.iso.org/contents/data/standard/05/45/54534.html">A.14.2.1</reference>
          <reference href="https://www.iso.org/contents/data/standard/05/45/54534.html">A.14.2.5</reference>
          <reference href="https://www.iso.org/contents/data/standard/05/45/54534.html">A.18.1.4</reference>
          <reference href="https://www.iso.org/contents/data/standard/05/45/54534.html">A.6.1.2</reference>
          <reference href="https://www.iso.org/contents/data/standard/05/45/54534.html">A.6.1.5</reference>
          <reference href="https://www.iso.org/contents/data/standard/05/45/54534.html">A.7.1.1</reference>
          <reference href="https://www.iso.org/contents/data/standard/05/45/54534.html">A.9.1.2</reference>
          <reference href="https://www.iso.org/contents/data/standard/05/45/54534.html">A.9.2.1</reference>
          <reference href="https://www.iso.org/contents/data/standard/05/45/54534.html">A.9.2.2</reference>
          <reference href="https://www.iso.org/contents/data/standard/05/45/54534.html">A.9.2.3</reference>
          <reference href="https://www.iso.org/contents/data/standard/05/45/54534.html">A.9.2.4</reference>
          <reference href="https://www.iso.org/contents/data/standard/05/45/54534.html">A.9.2.6</reference>
          <reference href="https://www.iso.org/contents/data/standard/05/45/54534.html">A.9.3.1</reference>
          <reference href="https://www.iso.org/contents/data/standard/05/45/54534.html">A.9.4.1</reference>
          <reference href="https://www.iso.org/contents/data/standard/05/45/54534.html">A.9.4.2</reference>
          <reference href="https://www.iso.org/contents/data/standard/05/45/54534.html">A.9.4.3</reference>
          <reference href="https://www.iso.org/contents/data/standard/05/45/54534.html">A.9.4.4</reference>
          <reference href="https://www.iso.org/contents/data/standard/05/45/54534.html">A.9.4.5</reference>
          <reference href="https://www.nerc.com/standards/reliability-standards/cip">CIP-004-6 R2.2.3</reference>
          <reference href="https://www.nerc.com/standards/reliability-standards/cip">CIP-007-3 R5.1</reference>
          <reference href="https://www.nerc.com/standards/reliability-standards/cip">CIP-007-3 R5.2</reference>
          <reference href="https://www.nerc.com/standards/reliability-standards/cip">CIP-007-3 R5.3.1</reference>
          <reference href="https://www.nerc.com/standards/reliability-standards/cip">CIP-007-3 R5.3.2</reference>
          <reference href="https://www.nerc.com/standards/reliability-standards/cip">CIP-007-3 R5.3.3</reference>
          <reference href="http://nvlpubs.nist.gov/nistpubs/SpecialPublications/NIST.SP.800-53r4.pdf">AC-2(5)</reference>
          <reference href="http://nvlpubs.nist.gov/nistpubs/SpecialPublications/NIST.SP.800-53r4.pdf">AC-12</reference>
          <reference href="http://nvlpubs.nist.gov/nistpubs/SpecialPublications/NIST.SP.800-53r4.pdf">AC-17(a)</reference>
          <reference href="http://nvlpubs.nist.gov/nistpubs/SpecialPublications/NIST.SP.800-53r4.pdf">SC-10</reference>
          <reference href="http://nvlpubs.nist.gov/nistpubs/SpecialPublications/NIST.SP.800-53r4.pdf">CM-6(a)</reference>
          <reference href="https://nvlpubs.nist.gov/nistpubs/CSWP/NIST.CSWP.04162018.pdf">DE.CM-1</reference>
          <reference href="https://nvlpubs.nist.gov/nistpubs/CSWP/NIST.CSWP.04162018.pdf">DE.CM-3</reference>
          <reference href="https://nvlpubs.nist.gov/nistpubs/CSWP/NIST.CSWP.04162018.pdf">PR.AC-1</reference>
          <reference href="https://nvlpubs.nist.gov/nistpubs/CSWP/NIST.CSWP.04162018.pdf">PR.AC-4</reference>
          <reference href="https://nvlpubs.nist.gov/nistpubs/CSWP/NIST.CSWP.04162018.pdf">PR.AC-6</reference>
          <reference href="https://nvlpubs.nist.gov/nistpubs/CSWP/NIST.CSWP.04162018.pdf">PR.AC-7</reference>
          <reference href="https://nvlpubs.nist.gov/nistpubs/CSWP/NIST.CSWP.04162018.pdf">PR.IP-2</reference>
          <reference href="https://www.pcisecuritystandards.org/documents/PCI_DSS_v3-2-1.pdf">Req-8.1.8</reference>
          <reference href="https://www.cyber.mil/stigs/downloads/?_dl_facet_stigs=operating-systems%2Cgeneral-purpose-os">SRG-OS-000126-GPOS-00066</reference>
          <reference href="https://www.cyber.mil/stigs/downloads/?_dl_facet_stigs=operating-systems%2Cgeneral-purpose-os">SRG-OS-000163-GPOS-00072</reference>
          <reference href="https://www.cyber.mil/stigs/downloads/?_dl_facet_stigs=operating-systems%2Cgeneral-purpose-os">SRG-OS-000279-GPOS-00109</reference>
          <reference href="https://www.cyber.mil/stigs/downloads/?_dl_facet_stigs=operating-systems%2Cunix-linux">SLES-15-010320</reference>
          <reference href="https://www.cyber.mil/stigs/srg-stig-tools/">SV-234830r1106556_rule</reference>
          <rationale xmlns:xhtml="http://www.w3.org/1999/xhtml" xml:lang="en-US">This ensures a user login will be terminated as soon as the <html:code xmlns:html="http://www.w3.org/1999/xhtml">ClientAliveInterval</html:code>
is reached.</rationale>
          <requires idref="xccdf_org.ssgproject.content_rule_sshd_set_idle_timeout"/>
          <ident system="https://ncp.nist.gov/cce">CCE-83284-0</ident>
          <fix xmlns:xhtml="http://www.w3.org/1999/xhtml" id="sshd_set_keepalive_0" system="urn:xccdf:fix:script:sh" complexity="low" disruption="low" strategy="restrict"># Remediation is applicable only in certain platforms
if rpm --quiet -q kernel-default || rpm --quiet -q kernel-default-base; then

if [ -e "/etc/ssh/sshd_config" ] ; then
    
    LC_ALL=C sed -i "/^\s*ClientAliveCountMax\s\+/Id" "/etc/ssh/sshd_config"
else
    touch "/etc/ssh/sshd_config"
fi
# make sure file has newline at the end
sed -i -e '$a\' "/etc/ssh/sshd_config"

cp "/etc/ssh/sshd_config" "/etc/ssh/sshd_config.bak"
# Insert at the beginning of the file
printf '%s\n' "ClientAliveCountMax 0" &gt; "/etc/ssh/sshd_config"
cat "/etc/ssh/sshd_config.bak" &gt;&gt; "/etc/ssh/sshd_config"
# Clean up after ourselves.
rm "/etc/ssh/sshd_config.bak"

else
    &gt;&amp;2 echo 'Remediation is not applicable, nothing was done'
fi
</fix>
          <fix xmlns:xhtml="http://www.w3.org/1999/xhtml" id="sshd_set_keepalive_0" system="urn:xccdf:fix:script:ansible" complexity="low" disruption="low" strategy="restrict">- name: Gather the package facts
  package_facts:
    manager: auto
  tags:
  - CCE-83284-0
  - CJIS-5.5.6
  - DISA-STIG-SLES-15-010320
  - NIST-800-171-3.1.11
  - NIST-800-53-AC-12
  - NIST-800-53-AC-17(a)
  - NIST-800-53-AC-2(5)
  - NIST-800-53-CM-6(a)
  - NIST-800-53-SC-10
  - PCI-DSS-Req-8.1.8
  - low_complexity
  - low_disruption
  - medium_severity
  - no_reboot_needed
  - restrict_strategy
  - sshd_set_keepalive_0

- name: Set SSH Client Alive Count Max to zero
  block:

  - name: Check for duplicate values
    ansible.builtin.lineinfile:
      path: /etc/ssh/sshd_config
      create: true
      regexp: (?i)(?i)^\s*ClientAliveCountMax\s+
      state: absent
    check_mode: true
    changed_when: false
    register: dupes

  - name: Deduplicate values from /etc/ssh/sshd_config
    ansible.builtin.lineinfile:
      path: /etc/ssh/sshd_config
      create: true
      regexp: (?i)(?i)^\s*ClientAliveCountMax\s+
      state: absent
    when: dupes.found is defined and dupes.found &gt; 1

  - name: Insert correct line to /etc/ssh/sshd_config
    ansible.builtin.lineinfile:
      path: /etc/ssh/sshd_config
      create: true
      regexp: (?i)(?i)^\s*ClientAliveCountMax\s+
      line: ClientAliveCountMax 0
      state: present
      insertbefore: BOF
      validate: /usr/sbin/sshd -t -f %s
  when: ("kernel-default" in ansible_facts.packages or "kernel-default-base" in ansible_facts.packages)
  tags:
  - CCE-83284-0
  - CJIS-5.5.6
  - DISA-STIG-SLES-15-010320
  - NIST-800-171-3.1.11
  - NIST-800-53-AC-12
  - NIST-800-53-AC-17(a)
  - NIST-800-53-AC-2(5)
  - NIST-800-53-CM-6(a)
  - NIST-800-53-SC-10
  - PCI-DSS-Req-8.1.8
  - low_complexity
  - low_disruption
  - medium_severity
  - no_reboot_needed
  - restrict_strategy
  - sshd_set_keepalive_0
</fix>
          <check system="http://oval.mitre.org/XMLSchema/oval-definitions-5">
            <check-export export-name="oval:ssg-sshd_required:var:1" value-id="xccdf_org.ssgproject.content_value_sshd_required"/>
            <check-content-ref name="oval:ssg-sshd_set_keepalive_0:def:1" href="ssg-sle15-oval.xml"/>
          </check>
          <check system="http://scap.nist.gov/schema/ocil/2">
            <check-content-ref name="ocil:ssg-sshd_set_keepalive_0_ocil:questionnaire:1" href="ssg-sle15-ocil.xml"/>
          </check>
        </Rule>
        <Rule id="xccdf_org.ssgproject.content_rule_sshd_set_keepalive" selected="false" role="full" severity="medium">
          <title xmlns:xhtml="http://www.w3.org/1999/xhtml" xml:lang="en-US">Set SSH Client Alive Count Max</title>
          <description xmlns:xhtml="http://www.w3.org/1999/xhtml" xml:lang="en-US">The SSH server sends at most <html:code xmlns:html="http://www.w3.org/1999/xhtml">ClientAliveCountMax</html:code> messages
during a SSH session and waits for a response from the SSH client.
The option <html:code xmlns:html="http://www.w3.org/1999/xhtml">ClientAliveInterval</html:code> configures timeout after
each <html:code xmlns:html="http://www.w3.org/1999/xhtml">ClientAliveCountMax</html:code> message. If the SSH server does not
receive a response from the client, then the connection is considered unresponsive
and terminated.
For SSH earlier than v8.2, a <html:code xmlns:html="http://www.w3.org/1999/xhtml">ClientAliveCountMax</html:code> value of <html:code xmlns:html="http://www.w3.org/1999/xhtml">0</html:code>
causes a timeout precisely when the <html:code xmlns:html="http://www.w3.org/1999/xhtml">ClientAliveInterval</html:code> is set.
Starting with v8.2, a value of <html:code xmlns:html="http://www.w3.org/1999/xhtml">0</html:code> disables the timeout functionality
completely. If the option is set to a number greater than <html:code xmlns:html="http://www.w3.org/1999/xhtml">0</html:code>, then
the session will be disconnected after
<html:code xmlns:html="http://www.w3.org/1999/xhtml">ClientAliveInterval * ClientAliveCountMax</html:code> seconds without receiving
a keep alive message.</description>
          <reference href="https://www.cisecurity.org/controls/">1</reference>
          <reference href="https://www.cisecurity.org/controls/">12</reference>
          <reference href="https://www.cisecurity.org/controls/">13</reference>
          <reference href="https://www.cisecurity.org/controls/">14</reference>
          <reference href="https://www.cisecurity.org/controls/">15</reference>
          <reference href="https://www.cisecurity.org/controls/">16</reference>
          <reference href="https://www.cisecurity.org/controls/">18</reference>
          <reference href="https://www.cisecurity.org/controls/">3</reference>
          <reference href="https://www.cisecurity.org/controls/">5</reference>
          <reference href="https://www.cisecurity.org/controls/">7</reference>
          <reference href="https://www.cisecurity.org/controls/">8</reference>
          <reference href="https://www.fbi.gov/file-repository/cjis-security-policy-v5_5_20160601-2-1.pdf">5.5.6</reference>
          <reference href="https://www.isaca.org/resources/cobit">APO13.01</reference>
          <reference href="https://www.isaca.org/resources/cobit">BAI03.01</reference>
          <reference href="https://www.isaca.org/resources/cobit">BAI03.02</reference>
          <reference href="https://www.isaca.org/resources/cobit">BAI03.03</reference>
          <reference href="https://www.isaca.org/resources/cobit">DSS01.03</reference>
          <reference href="https://www.isaca.org/resources/cobit">DSS03.05</reference>
          <reference href="https://www.isaca.org/resources/cobit">DSS05.04</reference>
          <reference href="https://www.isaca.org/resources/cobit">DSS05.05</reference>
          <reference href="https://www.isaca.org/resources/cobit">DSS05.07</reference>
          <reference href="https://www.isaca.org/resources/cobit">DSS05.10</reference>
          <reference href="https://www.isaca.org/resources/cobit">DSS06.03</reference>
          <reference href="https://www.isaca.org/resources/cobit">DSS06.10</reference>
          <reference href="http://nvlpubs.nist.gov/nistpubs/SpecialPublications/NIST.SP.800-171.pdf">3.1.11</reference>
          <reference href="https://www.gpo.gov/fdsys/pkg/CFR-2007-title45-vol1/pdf/CFR-2007-title45-vol1-chapA-subchapC.pdf">164.308(a)(4)(i)</reference>
          <reference href="https://www.gpo.gov/fdsys/pkg/CFR-2007-title45-vol1/pdf/CFR-2007-title45-vol1-chapA-subchapC.pdf">164.308(b)(1)</reference>
          <reference href="https://www.gpo.gov/fdsys/pkg/CFR-2007-title45-vol1/pdf/CFR-2007-title45-vol1-chapA-subchapC.pdf">164.308(b)(3)</reference>
          <reference href="https://www.gpo.gov/fdsys/pkg/CFR-2007-title45-vol1/pdf/CFR-2007-title45-vol1-chapA-subchapC.pdf">164.310(b)</reference>
          <reference href="https://www.gpo.gov/fdsys/pkg/CFR-2007-title45-vol1/pdf/CFR-2007-title45-vol1-chapA-subchapC.pdf">164.312(e)(1)</reference>
          <reference href="https://www.gpo.gov/fdsys/pkg/CFR-2007-title45-vol1/pdf/CFR-2007-title45-vol1-chapA-subchapC.pdf">164.312(e)(2)(ii)</reference>
          <reference href="https://www.isa.org/products/isa-62443-2-1-2009-security-for-industrial-automat">4.3.3.2.2</reference>
          <reference href="https://www.isa.org/products/isa-62443-2-1-2009-security-for-industrial-automat">4.3.3.5.1</reference>
          <reference href="https://www.isa.org/products/isa-62443-2-1-2009-security-for-industrial-automat">4.3.3.5.2</reference>
          <reference href="https://www.isa.org/products/isa-62443-2-1-2009-security-for-industrial-automat">4.3.3.6.1</reference>
          <reference href="https://www.isa.org/products/isa-62443-2-1-2009-security-for-industrial-automat">4.3.3.6.2</reference>
          <reference href="https://www.isa.org/products/isa-62443-2-1-2009-security-for-industrial-automat">4.3.3.6.3</reference>
          <reference href="https://www.isa.org/products/isa-62443-2-1-2009-security-for-industrial-automat">4.3.3.6.4</reference>
          <reference href="https://www.isa.org/products/isa-62443-2-1-2009-security-for-industrial-automat">4.3.3.6.5</reference>
          <reference href="https://www.isa.org/products/isa-62443-2-1-2009-security-for-industrial-automat">4.3.3.6.6</reference>
          <reference href="https://www.isa.org/products/isa-62443-2-1-2009-security-for-industrial-automat">4.3.3.6.7</reference>
          <reference href="https://www.isa.org/products/isa-62443-2-1-2009-security-for-industrial-automat">4.3.3.6.8</reference>
          <reference href="https://www.isa.org/products/isa-62443-2-1-2009-security-for-industrial-automat">4.3.3.6.9</reference>
          <reference href="https://www.isa.org/products/isa-62443-2-1-2009-security-for-industrial-automat">4.3.3.7.2</reference>
          <reference href="https://www.isa.org/products/isa-62443-2-1-2009-security-for-industrial-automat">4.3.3.7.3</reference>
          <reference href="https://www.isa.org/products/isa-62443-2-1-2009-security-for-industrial-automat">4.3.3.7.4</reference>
          <reference href="https://www.isa.org/products/isa-62443-2-1-2009-security-for-industrial-automat">4.3.4.3.3</reference>
          <reference href="https://www.isa.org/products/ansi-isa-62443-3-3-99-03-03-2013-security-for-indu">SR 1.1</reference>
          <reference href="https://www.isa.org/products/ansi-isa-62443-3-3-99-03-03-2013-security-for-indu">SR 1.10</reference>
          <reference href="https://www.isa.org/products/ansi-isa-62443-3-3-99-03-03-2013-security-for-indu">SR 1.2</reference>
          <reference href="https://www.isa.org/products/ansi-isa-62443-3-3-99-03-03-2013-security-for-indu">SR 1.3</reference>
          <reference href="https://www.isa.org/products/ansi-isa-62443-3-3-99-03-03-2013-security-for-indu">SR 1.4</reference>
          <reference href="https://www.isa.org/products/ansi-isa-62443-3-3-99-03-03-2013-security-for-indu">SR 1.5</reference>
          <reference href="https://www.isa.org/products/ansi-isa-62443-3-3-99-03-03-2013-security-for-indu">SR 1.7</reference>
          <reference href="https://www.isa.org/products/ansi-isa-62443-3-3-99-03-03-2013-security-for-indu">SR 1.8</reference>
          <reference href="https://www.isa.org/products/ansi-isa-62443-3-3-99-03-03-2013-security-for-indu">SR 1.9</reference>
          <reference href="https://www.isa.org/products/ansi-isa-62443-3-3-99-03-03-2013-security-for-indu">SR 2.1</reference>
          <reference href="https://www.isa.org/products/ansi-isa-62443-3-3-99-03-03-2013-security-for-indu">SR 6.2</reference>
          <reference href="https://www.iso.org/contents/data/standard/05/45/54534.html">A.12.4.1</reference>
          <reference href="https://www.iso.org/contents/data/standard/05/45/54534.html">A.12.4.3</reference>
          <reference href="https://www.iso.org/contents/data/standard/05/45/54534.html">A.14.1.1</reference>
          <reference href="https://www.iso.org/contents/data/standard/05/45/54534.html">A.14.2.1</reference>
          <reference href="https://www.iso.org/contents/data/standard/05/45/54534.html">A.14.2.5</reference>
          <reference href="https://www.iso.org/contents/data/standard/05/45/54534.html">A.18.1.4</reference>
          <reference href="https://www.iso.org/contents/data/standard/05/45/54534.html">A.6.1.2</reference>
          <reference href="https://www.iso.org/contents/data/standard/05/45/54534.html">A.6.1.5</reference>
          <reference href="https://www.iso.org/contents/data/standard/05/45/54534.html">A.7.1.1</reference>
          <reference href="https://www.iso.org/contents/data/standard/05/45/54534.html">A.9.1.2</reference>
          <reference href="https://www.iso.org/contents/data/standard/05/45/54534.html">A.9.2.1</reference>
          <reference href="https://www.iso.org/contents/data/standard/05/45/54534.html">A.9.2.2</reference>
          <reference href="https://www.iso.org/contents/data/standard/05/45/54534.html">A.9.2.3</reference>
          <reference href="https://www.iso.org/contents/data/standard/05/45/54534.html">A.9.2.4</reference>
          <reference href="https://www.iso.org/contents/data/standard/05/45/54534.html">A.9.2.6</reference>
          <reference href="https://www.iso.org/contents/data/standard/05/45/54534.html">A.9.3.1</reference>
          <reference href="https://www.iso.org/contents/data/standard/05/45/54534.html">A.9.4.1</reference>
          <reference href="https://www.iso.org/contents/data/standard/05/45/54534.html">A.9.4.2</reference>
          <reference href="https://www.iso.org/contents/data/standard/05/45/54534.html">A.9.4.3</reference>
          <reference href="https://www.iso.org/contents/data/standard/05/45/54534.html">A.9.4.4</reference>
          <reference href="https://www.iso.org/contents/data/standard/05/45/54534.html">A.9.4.5</reference>
          <reference href="https://www.nerc.com/standards/reliability-standards/cip">CIP-004-6 R2.2.3</reference>
          <reference href="https://www.nerc.com/standards/reliability-standards/cip">CIP-007-3 R5.1</reference>
          <reference href="https://www.nerc.com/standards/reliability-standards/cip">CIP-007-3 R5.2</reference>
          <reference href="https://www.nerc.com/standards/reliability-standards/cip">CIP-007-3 R5.3.1</reference>
          <reference href="https://www.nerc.com/standards/reliability-standards/cip">CIP-007-3 R5.3.2</reference>
          <reference href="https://www.nerc.com/standards/reliability-standards/cip">CIP-007-3 R5.3.3</reference>
          <reference href="http://nvlpubs.nist.gov/nistpubs/SpecialPublications/NIST.SP.800-53r4.pdf">AC-2(5)</reference>
          <reference href="http://nvlpubs.nist.gov/nistpubs/SpecialPublications/NIST.SP.800-53r4.pdf">AC-12</reference>
          <reference href="http://nvlpubs.nist.gov/nistpubs/SpecialPublications/NIST.SP.800-53r4.pdf">AC-17(a)</reference>
          <reference href="http://nvlpubs.nist.gov/nistpubs/SpecialPublications/NIST.SP.800-53r4.pdf">SC-10</reference>
          <reference href="http://nvlpubs.nist.gov/nistpubs/SpecialPublications/NIST.SP.800-53r4.pdf">CM-6(a)</reference>
          <reference href="https://nvlpubs.nist.gov/nistpubs/CSWP/NIST.CSWP.04162018.pdf">DE.CM-1</reference>
          <reference href="https://nvlpubs.nist.gov/nistpubs/CSWP/NIST.CSWP.04162018.pdf">DE.CM-3</reference>
          <reference href="https://nvlpubs.nist.gov/nistpubs/CSWP/NIST.CSWP.04162018.pdf">PR.AC-1</reference>
          <reference href="https://nvlpubs.nist.gov/nistpubs/CSWP/NIST.CSWP.04162018.pdf">PR.AC-4</reference>
          <reference href="https://nvlpubs.nist.gov/nistpubs/CSWP/NIST.CSWP.04162018.pdf">PR.AC-6</reference>
          <reference href="https://nvlpubs.nist.gov/nistpubs/CSWP/NIST.CSWP.04162018.pdf">PR.AC-7</reference>
          <reference href="https://nvlpubs.nist.gov/nistpubs/CSWP/NIST.CSWP.04162018.pdf">PR.IP-2</reference>
          <reference href="https://www.pcisecuritystandards.org/documents/PCI_DSS_v3-2-1.pdf">Req-8.1.8</reference>
          <reference href="https://www.cyber.mil/stigs/downloads/?_dl_facet_stigs=operating-systems%2Cgeneral-purpose-os">SRG-OS-000163-GPOS-00072</reference>
          <reference href="https://www.cyber.mil/stigs/downloads/?_dl_facet_stigs=operating-systems%2Cgeneral-purpose-os">SRG-OS-000279-GPOS-00109</reference>
          <reference href="https://www.cyber.mil/stigs/downloads/?_dl_facet_stigs=operating-systems%2Cunix-linux">SLES-15-010320</reference>
          <reference href="https://www.cisecurity.org/benchmark/suse_linux/">5.2.16</reference>
          <reference href="https://docs-prv.pcisecuritystandards.org/PCI%20DSS/Standard/PCI-DSS-v4_0.pdf">8.2.8</reference>
          <reference href="https://docs-prv.pcisecuritystandards.org/PCI%20DSS/Standard/PCI-DSS-v4_0.pdf">8.2</reference>
          <reference href="https://www.cyber.mil/stigs/srg-stig-tools/">SV-234830r1106556_rule</reference>
          <rationale xmlns:xhtml="http://www.w3.org/1999/xhtml" xml:lang="en-US">This ensures a user login will be terminated as soon as the <html:code xmlns:html="http://www.w3.org/1999/xhtml">ClientAliveInterval</html:code>
is reached.</rationale>
          <requires idref="xccdf_org.ssgproject.content_rule_sshd_set_idle_timeout"/>
          <ident system="https://ncp.nist.gov/cce">CCE-91228-7</ident>
          <fix xmlns:xhtml="http://www.w3.org/1999/xhtml" id="sshd_set_keepalive" system="urn:xccdf:fix:script:sh" complexity="low" disruption="low" strategy="restrict"># Remediation is applicable only in certain platforms
if rpm --quiet -q kernel-default || rpm --quiet -q kernel-default-base; then

var_sshd_set_keepalive='<xccdf-1.2:sub xmlns:xccdf-1.2="http://checklists.nist.gov/xccdf/1.2" idref="xccdf_org.ssgproject.content_value_var_sshd_set_keepalive" use="legacy"/>'


if [ -e "/etc/ssh/sshd_config" ] ; then
    
    LC_ALL=C sed -i "/^\s*ClientAliveCountMax\s\+/Id" "/etc/ssh/sshd_config"
else
    touch "/etc/ssh/sshd_config"
fi
# make sure file has newline at the end
sed -i -e '$a\' "/etc/ssh/sshd_config"

cp "/etc/ssh/sshd_config" "/etc/ssh/sshd_config.bak"
# Insert at the beginning of the file
printf '%s\n' "ClientAliveCountMax $var_sshd_set_keepalive" &gt; "/etc/ssh/sshd_config"
cat "/etc/ssh/sshd_config.bak" &gt;&gt; "/etc/ssh/sshd_config"
# Clean up after ourselves.
rm "/etc/ssh/sshd_config.bak"

else
    &gt;&amp;2 echo 'Remediation is not applicable, nothing was done'
fi
</fix>
          <fix xmlns:xhtml="http://www.w3.org/1999/xhtml" id="sshd_set_keepalive" system="urn:xccdf:fix:script:ansible" complexity="low" disruption="low" strategy="restrict">- name: Gather the package facts
  package_facts:
    manager: auto
  tags:
  - CCE-91228-7
  - CJIS-5.5.6
  - DISA-STIG-SLES-15-010320
  - NIST-800-171-3.1.11
  - NIST-800-53-AC-12
  - NIST-800-53-AC-17(a)
  - NIST-800-53-AC-2(5)
  - NIST-800-53-CM-6(a)
  - NIST-800-53-SC-10
  - PCI-DSS-Req-8.1.8
  - PCI-DSSv4-8.2
  - PCI-DSSv4-8.2.8
  - low_complexity
  - low_disruption
  - medium_severity
  - no_reboot_needed
  - restrict_strategy
  - sshd_set_keepalive
- name: XCCDF Value var_sshd_set_keepalive # promote to variable
  set_fact:
    var_sshd_set_keepalive: !!str <xccdf-1.2:sub xmlns:xccdf-1.2="http://checklists.nist.gov/xccdf/1.2" idref="xccdf_org.ssgproject.content_value_var_sshd_set_keepalive" use="legacy"/>
  tags:
    - always

- name: Set SSH Client Alive Count Max
  block:

  - name: Check for duplicate values
    ansible.builtin.lineinfile:
      path: /etc/ssh/sshd_config
      create: true
      regexp: (?i)(?i)^\s*ClientAliveCountMax\s+
      state: absent
    check_mode: true
    changed_when: false
    register: dupes

  - name: Deduplicate values from /etc/ssh/sshd_config
    ansible.builtin.lineinfile:
      path: /etc/ssh/sshd_config
      create: true
      regexp: (?i)(?i)^\s*ClientAliveCountMax\s+
      state: absent
    when: dupes.found is defined and dupes.found &gt; 1

  - name: Insert correct line to /etc/ssh/sshd_config
    ansible.builtin.lineinfile:
      path: /etc/ssh/sshd_config
      create: true
      regexp: (?i)(?i)^\s*ClientAliveCountMax\s+
      line: ClientAliveCountMax {{ var_sshd_set_keepalive }}
      state: present
      insertbefore: BOF
      validate: /usr/sbin/sshd -t -f %s
  when: ("kernel-default" in ansible_facts.packages or "kernel-default-base" in ansible_facts.packages)
  tags:
  - CCE-91228-7
  - CJIS-5.5.6
  - DISA-STIG-SLES-15-010320
  - NIST-800-171-3.1.11
  - NIST-800-53-AC-12
  - NIST-800-53-AC-17(a)
  - NIST-800-53-AC-2(5)
  - NIST-800-53-CM-6(a)
  - NIST-800-53-SC-10
  - PCI-DSS-Req-8.1.8
  - PCI-DSSv4-8.2
  - PCI-DSSv4-8.2.8
  - low_complexity
  - low_disruption
  - medium_severity
  - no_reboot_needed
  - restrict_strategy
  - sshd_set_keepalive
</fix>
          <check system="http://oval.mitre.org/XMLSchema/oval-definitions-5">
            <check-export export-name="oval:ssg-var_sshd_set_keepalive:var:1" value-id="xccdf_org.ssgproject.content_value_var_sshd_set_keepalive"/>
            <check-export export-name="oval:ssg-sshd_required:var:1" value-id="xccdf_org.ssgproject.content_value_sshd_required"/>
            <check-content-ref name="oval:ssg-sshd_set_keepalive:def:1" href="ssg-sle15-oval.xml"/>
          </check>
          <check system="http://scap.nist.gov/schema/ocil/2">
            <check-content-ref name="ocil:ssg-sshd_set_keepalive_ocil:questionnaire:1" href="ssg-sle15-ocil.xml"/>
          </check>
        </Rule>
        <Rule id="xccdf_org.ssgproject.content_rule_sshd_set_idle_timeout" selected="false" role="full" severity="medium">
          <title xmlns:xhtml="http://www.w3.org/1999/xhtml" xml:lang="en-US">Set SSH Client Alive Interval</title>
          <description xmlns:xhtml="http://www.w3.org/1999/xhtml" xml:lang="en-US">SSH allows administrators to set a network responsiveness timeout interval.
After this interval has passed, the unresponsive client will be automatically logged out.
<html:br xmlns:html="http://www.w3.org/1999/xhtml"/>
        <html:br xmlns:html="http://www.w3.org/1999/xhtml"/>
To set this timeout interval, edit the following line in <html:code xmlns:html="http://www.w3.org/1999/xhtml">/etc/ssh/sshd_config</html:code> as
follows:
<html:pre xmlns:html="http://www.w3.org/1999/xhtml" xmlns:xccdf-1.2="http://checklists.nist.gov/xccdf/1.2">ClientAliveInterval <html:b><xccdf-1.2:sub idref="xccdf_org.ssgproject.content_value_sshd_idle_timeout_value" use="legacy"/></html:b>
        </html:pre>
        <html:br xmlns:html="http://www.w3.org/1999/xhtml"/>
        <html:br xmlns:html="http://www.w3.org/1999/xhtml"/>
The timeout <html:b xmlns:html="http://www.w3.org/1999/xhtml">interval</html:b> is given in seconds. For example, have a timeout
of 10 minutes, set <html:b xmlns:html="http://www.w3.org/1999/xhtml">interval</html:b> to 600.
<html:br xmlns:html="http://www.w3.org/1999/xhtml"/>
        <html:br xmlns:html="http://www.w3.org/1999/xhtml"/>
If a shorter timeout has already been set for the login shell, that value will
preempt any SSH setting made in <html:code xmlns:html="http://www.w3.org/1999/xhtml">/etc/ssh/sshd_config</html:code>. Keep in mind that
some processes may stop SSH from correctly detecting that the user is idle.</description>
          <warning xmlns:xhtml="http://www.w3.org/1999/xhtml" xml:lang="en-US" category="dependency">SSH disconnecting unresponsive clients will not have desired effect without also
configuring ClientAliveCountMax in the SSH service configuration.</warning>
          <warning xmlns:xhtml="http://www.w3.org/1999/xhtml" xml:lang="en-US" category="general">Following conditions may prevent the SSH session to time out:
<html:ul xmlns:html="http://www.w3.org/1999/xhtml"><html:li>Remote processes on the remote machine generates output. As the output has to be transferred over the network to the client, the timeout is reset every time such transfer happens.</html:li><html:li>Any <html:code>scp</html:code> or <html:code>sftp</html:code> activity by the same user to the host resets the timeout.</html:li></html:ul>
       </warning>
          <reference href="https://www.cisecurity.org/controls/">1</reference>
          <reference href="https://www.cisecurity.org/controls/">12</reference>
          <reference href="https://www.cisecurity.org/controls/">13</reference>
          <reference href="https://www.cisecurity.org/controls/">14</reference>
          <reference href="https://www.cisecurity.org/controls/">15</reference>
          <reference href="https://www.cisecurity.org/controls/">16</reference>
          <reference href="https://www.cisecurity.org/controls/">18</reference>
          <reference href="https://www.cisecurity.org/controls/">3</reference>
          <reference href="https://www.cisecurity.org/controls/">5</reference>
          <reference href="https://www.cisecurity.org/controls/">7</reference>
          <reference href="https://www.cisecurity.org/controls/">8</reference>
          <reference href="https://www.fbi.gov/file-repository/cjis-security-policy-v5_5_20160601-2-1.pdf">5.5.6</reference>
          <reference href="https://www.isaca.org/resources/cobit">APO13.01</reference>
          <reference href="https://www.isaca.org/resources/cobit">BAI03.01</reference>
          <reference href="https://www.isaca.org/resources/cobit">BAI03.02</reference>
          <reference href="https://www.isaca.org/resources/cobit">BAI03.03</reference>
          <reference href="https://www.isaca.org/resources/cobit">DSS01.03</reference>
          <reference href="https://www.isaca.org/resources/cobit">DSS03.05</reference>
          <reference href="https://www.isaca.org/resources/cobit">DSS05.04</reference>
          <reference href="https://www.isaca.org/resources/cobit">DSS05.05</reference>
          <reference href="https://www.isaca.org/resources/cobit">DSS05.07</reference>
          <reference href="https://www.isaca.org/resources/cobit">DSS05.10</reference>
          <reference href="https://www.isaca.org/resources/cobit">DSS06.03</reference>
          <reference href="https://www.isaca.org/resources/cobit">DSS06.10</reference>
          <reference href="http://nvlpubs.nist.gov/nistpubs/SpecialPublications/NIST.SP.800-171.pdf">3.1.11</reference>
          <reference href="https://www.isa.org/products/isa-62443-2-1-2009-security-for-industrial-automat">4.3.3.2.2</reference>
          <reference href="https://www.isa.org/products/isa-62443-2-1-2009-security-for-industrial-automat">4.3.3.5.1</reference>
          <reference href="https://www.isa.org/products/isa-62443-2-1-2009-security-for-industrial-automat">4.3.3.5.2</reference>
          <reference href="https://www.isa.org/products/isa-62443-2-1-2009-security-for-industrial-automat">4.3.3.6.1</reference>
          <reference href="https://www.isa.org/products/isa-62443-2-1-2009-security-for-industrial-automat">4.3.3.6.2</reference>
          <reference href="https://www.isa.org/products/isa-62443-2-1-2009-security-for-industrial-automat">4.3.3.6.3</reference>
          <reference href="https://www.isa.org/products/isa-62443-2-1-2009-security-for-industrial-automat">4.3.3.6.4</reference>
          <reference href="https://www.isa.org/products/isa-62443-2-1-2009-security-for-industrial-automat">4.3.3.6.5</reference>
          <reference href="https://www.isa.org/products/isa-62443-2-1-2009-security-for-industrial-automat">4.3.3.6.6</reference>
          <reference href="https://www.isa.org/products/isa-62443-2-1-2009-security-for-industrial-automat">4.3.3.6.7</reference>
          <reference href="https://www.isa.org/products/isa-62443-2-1-2009-security-for-industrial-automat">4.3.3.6.8</reference>
          <reference href="https://www.isa.org/products/isa-62443-2-1-2009-security-for-industrial-automat">4.3.3.6.9</reference>
          <reference href="https://www.isa.org/products/isa-62443-2-1-2009-security-for-industrial-automat">4.3.3.7.2</reference>
          <reference href="https://www.isa.org/products/isa-62443-2-1-2009-security-for-industrial-automat">4.3.3.7.3</reference>
          <reference href="https://www.isa.org/products/isa-62443-2-1-2009-security-for-industrial-automat">4.3.3.7.4</reference>
          <reference href="https://www.isa.org/products/isa-62443-2-1-2009-security-for-industrial-automat">4.3.4.3.3</reference>
          <reference href="https://www.isa.org/products/ansi-isa-62443-3-3-99-03-03-2013-security-for-indu">SR 1.1</reference>
          <reference href="https://www.isa.org/products/ansi-isa-62443-3-3-99-03-03-2013-security-for-indu">SR 1.10</reference>
          <reference href="https://www.isa.org/products/ansi-isa-62443-3-3-99-03-03-2013-security-for-indu">SR 1.2</reference>
          <reference href="https://www.isa.org/products/ansi-isa-62443-3-3-99-03-03-2013-security-for-indu">SR 1.3</reference>
          <reference href="https://www.isa.org/products/ansi-isa-62443-3-3-99-03-03-2013-security-for-indu">SR 1.4</reference>
          <reference href="https://www.isa.org/products/ansi-isa-62443-3-3-99-03-03-2013-security-for-indu">SR 1.5</reference>
          <reference href="https://www.isa.org/products/ansi-isa-62443-3-3-99-03-03-2013-security-for-indu">SR 1.7</reference>
          <reference href="https://www.isa.org/products/ansi-isa-62443-3-3-99-03-03-2013-security-for-indu">SR 1.8</reference>
          <reference href="https://www.isa.org/products/ansi-isa-62443-3-3-99-03-03-2013-security-for-indu">SR 1.9</reference>
          <reference href="https://www.isa.org/products/ansi-isa-62443-3-3-99-03-03-2013-security-for-indu">SR 2.1</reference>
          <reference href="https://www.isa.org/products/ansi-isa-62443-3-3-99-03-03-2013-security-for-indu">SR 6.2</reference>
          <reference href="https://www.iso.org/contents/data/standard/05/45/54534.html">A.12.4.1</reference>
          <reference href="https://www.iso.org/contents/data/standard/05/45/54534.html">A.12.4.3</reference>
          <reference href="https://www.iso.org/contents/data/standard/05/45/54534.html">A.14.1.1</reference>
          <reference href="https://www.iso.org/contents/data/standard/05/45/54534.html">A.14.2.1</reference>
          <reference href="https://www.iso.org/contents/data/standard/05/45/54534.html">A.14.2.5</reference>
          <reference href="https://www.iso.org/contents/data/standard/05/45/54534.html">A.18.1.4</reference>
          <reference href="https://www.iso.org/contents/data/standard/05/45/54534.html">A.6.1.2</reference>
          <reference href="https://www.iso.org/contents/data/standard/05/45/54534.html">A.6.1.5</reference>
          <reference href="https://www.iso.org/contents/data/standard/05/45/54534.html">A.7.1.1</reference>
          <reference href="https://www.iso.org/contents/data/standard/05/45/54534.html">A.9.1.2</reference>
          <reference href="https://www.iso.org/contents/data/standard/05/45/54534.html">A.9.2.1</reference>
          <reference href="https://www.iso.org/contents/data/standard/05/45/54534.html">A.9.2.2</reference>
          <reference href="https://www.iso.org/contents/data/standard/05/45/54534.html">A.9.2.3</reference>
          <reference href="https://www.iso.org/contents/data/standard/05/45/54534.html">A.9.2.4</reference>
          <reference href="https://www.iso.org/contents/data/standard/05/45/54534.html">A.9.2.6</reference>
          <reference href="https://www.iso.org/contents/data/standard/05/45/54534.html">A.9.3.1</reference>
          <reference href="https://www.iso.org/contents/data/standard/05/45/54534.html">A.9.4.1</reference>
          <reference href="https://www.iso.org/contents/data/standard/05/45/54534.html">A.9.4.2</reference>
          <reference href="https://www.iso.org/contents/data/standard/05/45/54534.html">A.9.4.3</reference>
          <reference href="https://www.iso.org/contents/data/standard/05/45/54534.html">A.9.4.4</reference>
          <reference href="https://www.iso.org/contents/data/standard/05/45/54534.html">A.9.4.5</reference>
          <reference href="https://www.nerc.com/standards/reliability-standards/cip">CIP-004-6 R2.2.3</reference>
          <reference href="https://www.nerc.com/standards/reliability-standards/cip">CIP-007-3 R5.1</reference>
          <reference href="https://www.nerc.com/standards/reliability-standards/cip">CIP-007-3 R5.2</reference>
          <reference href="https://www.nerc.com/standards/reliability-standards/cip">CIP-007-3 R5.3.1</reference>
          <reference href="https://www.nerc.com/standards/reliability-standards/cip">CIP-007-3 R5.3.2</reference>
          <reference href="https://www.nerc.com/standards/reliability-standards/cip">CIP-007-3 R5.3.3</reference>
          <reference href="http://nvlpubs.nist.gov/nistpubs/SpecialPublications/NIST.SP.800-53r4.pdf">CM-6(a)</reference>
          <reference href="http://nvlpubs.nist.gov/nistpubs/SpecialPublications/NIST.SP.800-53r4.pdf">AC-17(a)</reference>
          <reference href="http://nvlpubs.nist.gov/nistpubs/SpecialPublications/NIST.SP.800-53r4.pdf">AC-2(5)</reference>
          <reference href="http://nvlpubs.nist.gov/nistpubs/SpecialPublications/NIST.SP.800-53r4.pdf">AC-12</reference>
          <reference href="http://nvlpubs.nist.gov/nistpubs/SpecialPublications/NIST.SP.800-53r4.pdf">AC-17(a)</reference>
          <reference href="http://nvlpubs.nist.gov/nistpubs/SpecialPublications/NIST.SP.800-53r4.pdf">SC-10</reference>
          <reference href="http://nvlpubs.nist.gov/nistpubs/SpecialPublications/NIST.SP.800-53r4.pdf">CM-6(a)</reference>
          <reference href="https://nvlpubs.nist.gov/nistpubs/CSWP/NIST.CSWP.04162018.pdf">DE.CM-1</reference>
          <reference href="https://nvlpubs.nist.gov/nistpubs/CSWP/NIST.CSWP.04162018.pdf">DE.CM-3</reference>
          <reference href="https://nvlpubs.nist.gov/nistpubs/CSWP/NIST.CSWP.04162018.pdf">PR.AC-1</reference>
          <reference href="https://nvlpubs.nist.gov/nistpubs/CSWP/NIST.CSWP.04162018.pdf">PR.AC-4</reference>
          <reference href="https://nvlpubs.nist.gov/nistpubs/CSWP/NIST.CSWP.04162018.pdf">PR.AC-6</reference>
          <reference href="https://nvlpubs.nist.gov/nistpubs/CSWP/NIST.CSWP.04162018.pdf">PR.AC-7</reference>
          <reference href="https://nvlpubs.nist.gov/nistpubs/CSWP/NIST.CSWP.04162018.pdf">PR.IP-2</reference>
          <reference href="https://www.pcisecuritystandards.org/documents/PCI_DSS_v3-2-1.pdf">Req-8.1.8</reference>
          <reference href="https://www.cyber.mil/stigs/downloads/?_dl_facet_stigs=operating-systems%2Cgeneral-purpose-os">SRG-OS-000126-GPOS-00066</reference>
          <reference href="https://www.cyber.mil/stigs/downloads/?_dl_facet_stigs=operating-systems%2Cgeneral-purpose-os">SRG-OS-000163-GPOS-00072</reference>
          <reference href="https://www.cyber.mil/stigs/downloads/?_dl_facet_stigs=operating-systems%2Cgeneral-purpose-os">SRG-OS-000279-GPOS-00109</reference>
          <reference href="https://www.cyber.mil/stigs/downloads/?_dl_facet_stigs=operating-systems%2Cgeneral-purpose-os">SRG-OS-000395-GPOS-00175</reference>
          <reference href="https://www.cyber.mil/stigs/downloads/?_dl_facet_stigs=operating-systems%2Cunix-linux">SLES-15-010280</reference>
          <reference href="https://www.cisecurity.org/benchmark/suse_linux/">5.2.16</reference>
          <reference href="https://docs-prv.pcisecuritystandards.org/PCI%20DSS/Standard/PCI-DSS-v4_0.pdf">8.2.8</reference>
          <reference href="https://docs-prv.pcisecuritystandards.org/PCI%20DSS/Standard/PCI-DSS-v4_0.pdf">8.2</reference>
          <reference href="https://www.cyber.mil/stigs/srg-stig-tools/">SV-234827r986464_rule</reference>
          <rationale xmlns:xhtml="http://www.w3.org/1999/xhtml" xml:lang="en-US">Terminating an idle ssh session within a short time period reduces the window of
opportunity for unauthorized personnel to take control of a management session
enabled on the console or console port that has been let unattended.</rationale>
          <requires idref="xccdf_org.ssgproject.content_rule_sshd_set_keepalive"/>
          <ident system="https://ncp.nist.gov/cce">CCE-83281-6</ident>
          <fix xmlns:xhtml="http://www.w3.org/1999/xhtml" id="sshd_set_idle_timeout" system="urn:xccdf:fix:script:sh" complexity="low" disruption="low" strategy="restrict"># Remediation is applicable only in certain platforms
if rpm --quiet -q kernel-default || rpm --quiet -q kernel-default-base; then

sshd_idle_timeout_value='<xccdf-1.2:sub xmlns:xccdf-1.2="http://checklists.nist.gov/xccdf/1.2" idref="xccdf_org.ssgproject.content_value_sshd_idle_timeout_value" use="legacy"/>'


if [ -e "/etc/ssh/sshd_config" ] ; then
    
    LC_ALL=C sed -i "/^\s*ClientAliveInterval\s\+/Id" "/etc/ssh/sshd_config"
else
    touch "/etc/ssh/sshd_config"
fi
# make sure file has newline at the end
sed -i -e '$a\' "/etc/ssh/sshd_config"

cp "/etc/ssh/sshd_config" "/etc/ssh/sshd_config.bak"
# Insert at the beginning of the file
printf '%s\n' "ClientAliveInterval $sshd_idle_timeout_value" &gt; "/etc/ssh/sshd_config"
cat "/etc/ssh/sshd_config.bak" &gt;&gt; "/etc/ssh/sshd_config"
# Clean up after ourselves.
rm "/etc/ssh/sshd_config.bak"

else
    &gt;&amp;2 echo 'Remediation is not applicable, nothing was done'
fi
</fix>
          <fix xmlns:xhtml="http://www.w3.org/1999/xhtml" id="sshd_set_idle_timeout" system="urn:xccdf:fix:script:ansible" complexity="low" disruption="low" strategy="restrict">- name: Gather the package facts
  package_facts:
    manager: auto
  tags:
  - CCE-83281-6
  - CJIS-5.5.6
  - DISA-STIG-SLES-15-010280
  - NIST-800-171-3.1.11
  - NIST-800-53-AC-12
  - NIST-800-53-AC-17(a)
  - NIST-800-53-AC-17(a)
  - NIST-800-53-AC-2(5)
  - NIST-800-53-CM-6(a)
  - NIST-800-53-CM-6(a)
  - NIST-800-53-SC-10
  - PCI-DSS-Req-8.1.8
  - PCI-DSSv4-8.2
  - PCI-DSSv4-8.2.8
  - low_complexity
  - low_disruption
  - medium_severity
  - no_reboot_needed
  - restrict_strategy
  - sshd_set_idle_timeout
- name: XCCDF Value sshd_idle_timeout_value # promote to variable
  set_fact:
    sshd_idle_timeout_value: !!str <xccdf-1.2:sub xmlns:xccdf-1.2="http://checklists.nist.gov/xccdf/1.2" idref="xccdf_org.ssgproject.content_value_sshd_idle_timeout_value" use="legacy"/>
  tags:
    - always

- name: Set SSH Client Alive Interval
  block:

  - name: Check for duplicate values
    ansible.builtin.lineinfile:
      path: /etc/ssh/sshd_config
      create: true
      regexp: (?i)(?i)^\s*ClientAliveInterval\s+
      state: absent
    check_mode: true
    changed_when: false
    register: dupes

  - name: Deduplicate values from /etc/ssh/sshd_config
    ansible.builtin.lineinfile:
      path: /etc/ssh/sshd_config
      create: true
      regexp: (?i)(?i)^\s*ClientAliveInterval\s+
      state: absent
    when: dupes.found is defined and dupes.found &gt; 1

  - name: Insert correct line to /etc/ssh/sshd_config
    ansible.builtin.lineinfile:
      path: /etc/ssh/sshd_config
      create: true
      regexp: (?i)(?i)^\s*ClientAliveInterval\s+
      line: ClientAliveInterval {{ sshd_idle_timeout_value }}
      state: present
      insertbefore: BOF
      validate: /usr/sbin/sshd -t -f %s
  when: ("kernel-default" in ansible_facts.packages or "kernel-default-base" in ansible_facts.packages)
  tags:
  - CCE-83281-6
  - CJIS-5.5.6
  - DISA-STIG-SLES-15-010280
  - NIST-800-171-3.1.11
  - NIST-800-53-AC-12
  - NIST-800-53-AC-17(a)
  - NIST-800-53-AC-17(a)
  - NIST-800-53-AC-2(5)
  - NIST-800-53-CM-6(a)
  - NIST-800-53-CM-6(a)
  - NIST-800-53-SC-10
  - PCI-DSS-Req-8.1.8
  - PCI-DSSv4-8.2
  - PCI-DSSv4-8.2.8
  - low_complexity
  - low_disruption
  - medium_severity
  - no_reboot_needed
  - restrict_strategy
  - sshd_set_idle_timeout
</fix>
          <check system="http://oval.mitre.org/XMLSchema/oval-definitions-5">
            <check-export export-name="oval:ssg-var_sshd_set_keepalive:var:1" value-id="xccdf_org.ssgproject.content_value_var_sshd_set_keepalive"/>
            <check-export export-name="oval:ssg-sshd_required:var:1" value-id="xccdf_org.ssgproject.content_value_sshd_required"/>
            <check-export export-name="oval:ssg-sshd_idle_timeout_value:var:1" value-id="xccdf_org.ssgproject.content_value_sshd_idle_timeout_value"/>
            <check-content-ref name="oval:ssg-sshd_set_idle_timeout:def:1" href="ssg-sle15-oval.xml"/>
          </check>
          <check system="http://scap.nist.gov/schema/ocil/2">
            <check-content-ref name="ocil:ssg-sshd_set_idle_timeout_ocil:questionnaire:1" href="ssg-sle15-ocil.xml"/>
          </check>
        </Rule>
        <Rule id="xccdf_org.ssgproject.content_rule_disable_host_auth" selected="false" role="full" severity="medium">
          <title xmlns:xhtml="http://www.w3.org/1999/xhtml" xml:lang="en-US">Disable Host-Based Authentication</title>
          <description xmlns:xhtml="http://www.w3.org/1999/xhtml" xml:lang="en-US">SSH's cryptographic host-based authentication is
more secure than <html:code xmlns:html="http://www.w3.org/1999/xhtml">.rhosts</html:code> authentication. However, it is
not recommended that hosts unilaterally trust one another, even
within an organization.
<html:br xmlns:html="http://www.w3.org/1999/xhtml"/>
The default SSH configuration disables host-based authentication. The appropriate
configuration is used if no value is set for <html:code xmlns:html="http://www.w3.org/1999/xhtml">HostbasedAuthentication</html:code>.
<html:br xmlns:html="http://www.w3.org/1999/xhtml"/>
To explicitly disable host-based authentication, add or correct the
following line in


<html:code xmlns:html="http://www.w3.org/1999/xhtml">/etc/ssh/sshd_config</html:code>:

<html:pre xmlns:html="http://www.w3.org/1999/xhtml">HostbasedAuthentication no</html:pre>
       </description>
          <reference href="https://www.cisecurity.org/controls/">11</reference>
          <reference href="https://www.cisecurity.org/controls/">12</reference>
          <reference href="https://www.cisecurity.org/controls/">14</reference>
          <reference href="https://www.cisecurity.org/controls/">15</reference>
          <reference href="https://www.cisecurity.org/controls/">16</reference>
          <reference href="https://www.cisecurity.org/controls/">18</reference>
          <reference href="https://www.cisecurity.org/controls/">3</reference>
          <reference href="https://www.cisecurity.org/controls/">5</reference>
          <reference href="https://www.cisecurity.org/controls/">9</reference>
          <reference href="https://www.fbi.gov/file-repository/cjis-security-policy-v5_5_20160601-2-1.pdf">5.5.6</reference>
          <reference href="https://www.isaca.org/resources/cobit">BAI10.01</reference>
          <reference href="https://www.isaca.org/resources/cobit">BAI10.02</reference>
          <reference href="https://www.isaca.org/resources/cobit">BAI10.03</reference>
          <reference href="https://www.isaca.org/resources/cobit">BAI10.05</reference>
          <reference href="https://www.isaca.org/resources/cobit">DSS05.02</reference>
          <reference href="https://www.isaca.org/resources/cobit">DSS05.04</reference>
          <reference href="https://www.isaca.org/resources/cobit">DSS05.05</reference>
          <reference href="https://www.isaca.org/resources/cobit">DSS05.07</reference>
          <reference href="https://www.isaca.org/resources/cobit">DSS06.03</reference>
          <reference href="https://www.isaca.org/resources/cobit">DSS06.06</reference>
          <reference href="http://nvlpubs.nist.gov/nistpubs/SpecialPublications/NIST.SP.800-171.pdf">3.1.12</reference>
          <reference href="https://www.gpo.gov/fdsys/pkg/CFR-2007-title45-vol1/pdf/CFR-2007-title45-vol1-chapA-subchapC.pdf">164.308(a)(4)(i)</reference>
          <reference href="https://www.gpo.gov/fdsys/pkg/CFR-2007-title45-vol1/pdf/CFR-2007-title45-vol1-chapA-subchapC.pdf">164.308(b)(1)</reference>
          <reference href="https://www.gpo.gov/fdsys/pkg/CFR-2007-title45-vol1/pdf/CFR-2007-title45-vol1-chapA-subchapC.pdf">164.308(b)(3)</reference>
          <reference href="https://www.gpo.gov/fdsys/pkg/CFR-2007-title45-vol1/pdf/CFR-2007-title45-vol1-chapA-subchapC.pdf">164.310(b)</reference>
          <reference href="https://www.gpo.gov/fdsys/pkg/CFR-2007-title45-vol1/pdf/CFR-2007-title45-vol1-chapA-subchapC.pdf">164.312(e)(1)</reference>
          <reference href="https://www.gpo.gov/fdsys/pkg/CFR-2007-title45-vol1/pdf/CFR-2007-title45-vol1-chapA-subchapC.pdf">164.312(e)(2)(ii)</reference>
          <reference href="https://www.isa.org/products/isa-62443-2-1-2009-security-for-industrial-automat">4.3.3.2.2</reference>
          <reference href="https://www.isa.org/products/isa-62443-2-1-2009-security-for-industrial-automat">4.3.3.5.1</reference>
          <reference href="https://www.isa.org/products/isa-62443-2-1-2009-security-for-industrial-automat">4.3.3.5.2</reference>
          <reference href="https://www.isa.org/products/isa-62443-2-1-2009-security-for-industrial-automat">4.3.3.5.3</reference>
          <reference href="https://www.isa.org/products/isa-62443-2-1-2009-security-for-industrial-automat">4.3.3.5.4</reference>
          <reference href="https://www.isa.org/products/isa-62443-2-1-2009-security-for-industrial-automat">4.3.3.5.5</reference>
          <reference href="https://www.isa.org/products/isa-62443-2-1-2009-security-for-industrial-automat">4.3.3.5.6</reference>
          <reference href="https://www.isa.org/products/isa-62443-2-1-2009-security-for-industrial-automat">4.3.3.5.7</reference>
          <reference href="https://www.isa.org/products/isa-62443-2-1-2009-security-for-industrial-automat">4.3.3.5.8</reference>
          <reference href="https://www.isa.org/products/isa-62443-2-1-2009-security-for-industrial-automat">4.3.3.6.1</reference>
          <reference href="https://www.isa.org/products/isa-62443-2-1-2009-security-for-industrial-automat">4.3.3.6.2</reference>
          <reference href="https://www.isa.org/products/isa-62443-2-1-2009-security-for-industrial-automat">4.3.3.6.3</reference>
          <reference href="https://www.isa.org/products/isa-62443-2-1-2009-security-for-industrial-automat">4.3.3.6.4</reference>
          <reference href="https://www.isa.org/products/isa-62443-2-1-2009-security-for-industrial-automat">4.3.3.6.5</reference>
          <reference href="https://www.isa.org/products/isa-62443-2-1-2009-security-for-industrial-automat">4.3.3.6.6</reference>
          <reference href="https://www.isa.org/products/isa-62443-2-1-2009-security-for-industrial-automat">4.3.3.6.7</reference>
          <reference href="https://www.isa.org/products/isa-62443-2-1-2009-security-for-industrial-automat">4.3.3.6.8</reference>
          <reference href="https://www.isa.org/products/isa-62443-2-1-2009-security-for-industrial-automat">4.3.3.6.9</reference>
          <reference href="https://www.isa.org/products/isa-62443-2-1-2009-security-for-industrial-automat">4.3.3.7.1</reference>
          <reference href="https://www.isa.org/products/isa-62443-2-1-2009-security-for-industrial-automat">4.3.3.7.2</reference>
          <reference href="https://www.isa.org/products/isa-62443-2-1-2009-security-for-industrial-automat">4.3.3.7.3</reference>
          <reference href="https://www.isa.org/products/isa-62443-2-1-2009-security-for-industrial-automat">4.3.3.7.4</reference>
          <reference href="https://www.isa.org/products/isa-62443-2-1-2009-security-for-industrial-automat">4.3.4.3.2</reference>
          <reference href="https://www.isa.org/products/isa-62443-2-1-2009-security-for-industrial-automat">4.3.4.3.3</reference>
          <reference href="https://www.isa.org/products/ansi-isa-62443-3-3-99-03-03-2013-security-for-indu">SR 1.1</reference>
          <reference href="https://www.isa.org/products/ansi-isa-62443-3-3-99-03-03-2013-security-for-indu">SR 1.10</reference>
          <reference href="https://www.isa.org/products/ansi-isa-62443-3-3-99-03-03-2013-security-for-indu">SR 1.11</reference>
          <reference href="https://www.isa.org/products/ansi-isa-62443-3-3-99-03-03-2013-security-for-indu">SR 1.12</reference>
          <reference href="https://www.isa.org/products/ansi-isa-62443-3-3-99-03-03-2013-security-for-indu">SR 1.13</reference>
          <reference href="https://www.isa.org/products/ansi-isa-62443-3-3-99-03-03-2013-security-for-indu">SR 1.2</reference>
          <reference href="https://www.isa.org/products/ansi-isa-62443-3-3-99-03-03-2013-security-for-indu">SR 1.3</reference>
          <reference href="https://www.isa.org/products/ansi-isa-62443-3-3-99-03-03-2013-security-for-indu">SR 1.4</reference>
          <reference href="https://www.isa.org/products/ansi-isa-62443-3-3-99-03-03-2013-security-for-indu">SR 1.5</reference>
          <reference href="https://www.isa.org/products/ansi-isa-62443-3-3-99-03-03-2013-security-for-indu">SR 1.6</reference>
          <reference href="https://www.isa.org/products/ansi-isa-62443-3-3-99-03-03-2013-security-for-indu">SR 1.7</reference>
          <reference href="https://www.isa.org/products/ansi-isa-62443-3-3-99-03-03-2013-security-for-indu">SR 1.8</reference>
          <reference href="https://www.isa.org/products/ansi-isa-62443-3-3-99-03-03-2013-security-for-indu">SR 1.9</reference>
          <reference href="https://www.isa.org/products/ansi-isa-62443-3-3-99-03-03-2013-security-for-indu">SR 2.1</reference>
          <reference href="https://www.isa.org/products/ansi-isa-62443-3-3-99-03-03-2013-security-for-indu">SR 2.2</reference>
          <reference href="https://www.isa.org/products/ansi-isa-62443-3-3-99-03-03-2013-security-for-indu">SR 2.3</reference>
          <reference href="https://www.isa.org/products/ansi-isa-62443-3-3-99-03-03-2013-security-for-indu">SR 2.4</reference>
          <reference href="https://www.isa.org/products/ansi-isa-62443-3-3-99-03-03-2013-security-for-indu">SR 2.5</reference>
          <reference href="https://www.isa.org/products/ansi-isa-62443-3-3-99-03-03-2013-security-for-indu">SR 2.6</reference>
          <reference href="https://www.isa.org/products/ansi-isa-62443-3-3-99-03-03-2013-security-for-indu">SR 2.7</reference>
          <reference href="https://www.isa.org/products/ansi-isa-62443-3-3-99-03-03-2013-security-for-indu">SR 7.6</reference>
          <reference href="https://www.iso.org/contents/data/standard/05/45/54534.html">A.12.1.2</reference>
          <reference href="https://www.iso.org/contents/data/standard/05/45/54534.html">A.12.5.1</reference>
          <reference href="https://www.iso.org/contents/data/standard/05/45/54534.html">A.12.6.2</reference>
          <reference href="https://www.iso.org/contents/data/standard/05/45/54534.html">A.14.2.2</reference>
          <reference href="https://www.iso.org/contents/data/standard/05/45/54534.html">A.14.2.3</reference>
          <reference href="https://www.iso.org/contents/data/standard/05/45/54534.html">A.14.2.4</reference>
          <reference href="https://www.iso.org/contents/data/standard/05/45/54534.html">A.6.1.2</reference>
          <reference href="https://www.iso.org/contents/data/standard/05/45/54534.html">A.7.1.1</reference>
          <reference href="https://www.iso.org/contents/data/standard/05/45/54534.html">A.9.1.2</reference>
          <reference href="https://www.iso.org/contents/data/standard/05/45/54534.html">A.9.2.1</reference>
          <reference href="https://www.iso.org/contents/data/standard/05/45/54534.html">A.9.2.3</reference>
          <reference href="https://www.iso.org/contents/data/standard/05/45/54534.html">A.9.4.1</reference>
          <reference href="https://www.iso.org/contents/data/standard/05/45/54534.html">A.9.4.4</reference>
          <reference href="https://www.iso.org/contents/data/standard/05/45/54534.html">A.9.4.5</reference>
          <reference href="https://www.nerc.com/standards/reliability-standards/cip">CIP-003-8 R5.1.1</reference>
          <reference href="https://www.nerc.com/standards/reliability-standards/cip">CIP-003-8 R5.3</reference>
          <reference href="https://www.nerc.com/standards/reliability-standards/cip">CIP-004-6 R2.2.3</reference>
          <reference href="https://www.nerc.com/standards/reliability-standards/cip">CIP-004-6 R2.3</reference>
          <reference href="https://www.nerc.com/standards/reliability-standards/cip">CIP-007-3 R5.1</reference>
          <reference href="https://www.nerc.com/standards/reliability-standards/cip">CIP-007-3 R5.1.2</reference>
          <reference href="https://www.nerc.com/standards/reliability-standards/cip">CIP-007-3 R5.2</reference>
          <reference href="https://www.nerc.com/standards/reliability-standards/cip">CIP-007-3 R5.3.1</reference>
          <reference href="https://www.nerc.com/standards/reliability-standards/cip">CIP-007-3 R5.3.2</reference>
          <reference href="https://www.nerc.com/standards/reliability-standards/cip">CIP-007-3 R5.3.3</reference>
          <reference href="http://nvlpubs.nist.gov/nistpubs/SpecialPublications/NIST.SP.800-53r4.pdf">AC-3</reference>
          <reference href="http://nvlpubs.nist.gov/nistpubs/SpecialPublications/NIST.SP.800-53r4.pdf">AC-17(a)</reference>
          <reference href="http://nvlpubs.nist.gov/nistpubs/SpecialPublications/NIST.SP.800-53r4.pdf">CM-7(a)</reference>
          <reference href="http://nvlpubs.nist.gov/nistpubs/SpecialPublications/NIST.SP.800-53r4.pdf">CM-7(b)</reference>
          <reference href="http://nvlpubs.nist.gov/nistpubs/SpecialPublications/NIST.SP.800-53r4.pdf">CM-6(a)</reference>
          <reference href="https://nvlpubs.nist.gov/nistpubs/CSWP/NIST.CSWP.04162018.pdf">PR.AC-4</reference>
          <reference href="https://nvlpubs.nist.gov/nistpubs/CSWP/NIST.CSWP.04162018.pdf">PR.AC-6</reference>
          <reference href="https://nvlpubs.nist.gov/nistpubs/CSWP/NIST.CSWP.04162018.pdf">PR.IP-1</reference>
          <reference href="https://nvlpubs.nist.gov/nistpubs/CSWP/NIST.CSWP.04162018.pdf">PR.PT-3</reference>
          <reference href="https://www.niap-ccevs.org/Profile/PP.cfm">FIA_UAU.1</reference>
          <reference href="https://www.cyber.mil/stigs/downloads/?_dl_facet_stigs=operating-systems%2Cgeneral-purpose-os">SRG-OS-000480-GPOS-00229</reference>
          <reference href="https://www.cisecurity.org/benchmark/suse_linux/">5.2.9</reference>
          <reference href="not_publicly_available">SLES-15-600150180</reference>
          <reference href="https://www.cyber.gov.au/acsc/view-all-content/ism">0421</reference>
          <reference href="https://www.cyber.gov.au/acsc/view-all-content/ism">0422</reference>
          <reference href="https://www.cyber.gov.au/acsc/view-all-content/ism">0484</reference>
          <reference href="https://www.cyber.gov.au/acsc/view-all-content/ism">0974</reference>
          <reference href="https://www.cyber.gov.au/acsc/view-all-content/ism">1173</reference>
          <reference href="https://www.cyber.gov.au/acsc/view-all-content/ism">1401</reference>
          <reference href="https://www.cyber.gov.au/acsc/view-all-content/ism">1504</reference>
          <reference href="https://www.cyber.gov.au/acsc/view-all-content/ism">1505</reference>
          <reference href="https://www.cyber.gov.au/acsc/view-all-content/ism">1546</reference>
          <reference href="https://www.cyber.gov.au/acsc/view-all-content/ism">1557</reference>
          <reference href="https://www.cyber.gov.au/acsc/view-all-content/ism">1558</reference>
          <reference href="https://www.cyber.gov.au/acsc/view-all-content/ism">1559</reference>
          <reference href="https://www.cyber.gov.au/acsc/view-all-content/ism">1560</reference>
          <reference href="https://www.cyber.gov.au/acsc/view-all-content/ism">1561</reference>
          <reference href="https://docs-prv.pcisecuritystandards.org/PCI%20DSS/Standard/PCI-DSS-v4_0.pdf">8.3.1</reference>
          <reference href="https://docs-prv.pcisecuritystandards.org/PCI%20DSS/Standard/PCI-DSS-v4_0.pdf">8.3</reference>
          <rationale xmlns:xhtml="http://www.w3.org/1999/xhtml" xml:lang="en-US">SSH trust relationships mean a compromise on one host
can allow an attacker to move trivially to other hosts.</rationale>
          <ident system="https://ncp.nist.gov/cce">CCE-91439-0</ident>
          <fix xmlns:xhtml="http://www.w3.org/1999/xhtml" id="disable_host_auth" system="urn:xccdf:fix:script:sh" complexity="low" disruption="low" strategy="restrict"># Remediation is applicable only in certain platforms
if rpm --quiet -q kernel-default || rpm --quiet -q kernel-default-base; then

if [ -e "/etc/ssh/sshd_config" ] ; then
    
    LC_ALL=C sed -i "/^\s*HostbasedAuthentication\s\+/Id" "/etc/ssh/sshd_config"
else
    touch "/etc/ssh/sshd_config"
fi
# make sure file has newline at the end
sed -i -e '$a\' "/etc/ssh/sshd_config"

cp "/etc/ssh/sshd_config" "/etc/ssh/sshd_config.bak"
# Insert at the beginning of the file
printf '%s\n' "HostbasedAuthentication no" &gt; "/etc/ssh/sshd_config"
cat "/etc/ssh/sshd_config.bak" &gt;&gt; "/etc/ssh/sshd_config"
# Clean up after ourselves.
rm "/etc/ssh/sshd_config.bak"

else
    &gt;&amp;2 echo 'Remediation is not applicable, nothing was done'
fi
</fix>
          <fix xmlns:xhtml="http://www.w3.org/1999/xhtml" id="disable_host_auth" system="urn:xccdf:fix:script:ansible" complexity="low" disruption="low" strategy="restrict">- name: Gather the package facts
  package_facts:
    manager: auto
  tags:
  - CCE-91439-0
  - CJIS-5.5.6
  - NIST-800-171-3.1.12
  - NIST-800-53-AC-17(a)
  - NIST-800-53-AC-3
  - NIST-800-53-CM-6(a)
  - NIST-800-53-CM-7(a)
  - NIST-800-53-CM-7(b)
  - PCI-DSSv4-8.3
  - PCI-DSSv4-8.3.1
  - disable_host_auth
  - low_complexity
  - low_disruption
  - medium_severity
  - no_reboot_needed
  - restrict_strategy

- name: Disable Host-Based Authentication
  block:

  - name: Check for duplicate values
    ansible.builtin.lineinfile:
      path: /etc/ssh/sshd_config
      create: true
      regexp: (?i)(?i)^\s*HostbasedAuthentication\s+
      state: absent
    check_mode: true
    changed_when: false
    register: dupes

  - name: Deduplicate values from /etc/ssh/sshd_config
    ansible.builtin.lineinfile:
      path: /etc/ssh/sshd_config
      create: true
      regexp: (?i)(?i)^\s*HostbasedAuthentication\s+
      state: absent
    when: dupes.found is defined and dupes.found &gt; 1

  - name: Insert correct line to /etc/ssh/sshd_config
    ansible.builtin.lineinfile:
      path: /etc/ssh/sshd_config
      create: true
      regexp: (?i)(?i)^\s*HostbasedAuthentication\s+
      line: HostbasedAuthentication no
      state: present
      insertbefore: BOF
      validate: /usr/sbin/sshd -t -f %s
  when: ("kernel-default" in ansible_facts.packages or "kernel-default-base" in ansible_facts.packages)
  tags:
  - CCE-91439-0
  - CJIS-5.5.6
  - NIST-800-171-3.1.12
  - NIST-800-53-AC-17(a)
  - NIST-800-53-AC-3
  - NIST-800-53-CM-6(a)
  - NIST-800-53-CM-7(a)
  - NIST-800-53-CM-7(b)
  - PCI-DSSv4-8.3
  - PCI-DSSv4-8.3.1
  - disable_host_auth
  - low_complexity
  - low_disruption
  - medium_severity
  - no_reboot_needed
  - restrict_strategy
</fix>
          <check system="http://oval.mitre.org/XMLSchema/oval-definitions-5">
            <check-export export-name="oval:ssg-sshd_required:var:1" value-id="xccdf_org.ssgproject.content_value_sshd_required"/>
            <check-content-ref name="oval:ssg-disable_host_auth:def:1" href="ssg-sle15-oval.xml"/>
          </check>
          <check system="http://scap.nist.gov/schema/ocil/2">
            <check-content-ref name="ocil:ssg-disable_host_auth_ocil:questionnaire:1" href="ssg-sle15-ocil.xml"/>
          </check>
        </Rule>
        <Rule id="xccdf_org.ssgproject.content_rule_sshd_allow_only_protocol2" selected="false" role="full" severity="high">
          <title xmlns:xhtml="http://www.w3.org/1999/xhtml" xml:lang="en-US">Allow Only SSH Protocol 2</title>
          <description xmlns:xhtml="http://www.w3.org/1999/xhtml" xml:lang="en-US">Only SSH protocol version 2 connections should be
permitted. The default setting in
<html:code xmlns:html="http://www.w3.org/1999/xhtml">/etc/ssh/sshd_config</html:code> is correct, and can be
verified by ensuring that the following
line appears:
<html:pre xmlns:html="http://www.w3.org/1999/xhtml">Protocol 2</html:pre>
       </description>
          <warning xmlns:xhtml="http://www.w3.org/1999/xhtml" xml:lang="en-US" category="general">As of <html:code xmlns:html="http://www.w3.org/1999/xhtml">openssh-server</html:code> version <html:code xmlns:html="http://www.w3.org/1999/xhtml">7.4</html:code> and above, the only protocol
supported is version 2, and line <html:pre xmlns:html="http://www.w3.org/1999/xhtml">Protocol 2</html:pre> in
<html:code xmlns:html="http://www.w3.org/1999/xhtml">/etc/ssh/sshd_config</html:code> is not necessary.</warning>
          <reference href="https://www.cisecurity.org/controls/">1</reference>
          <reference href="https://www.cisecurity.org/controls/">12</reference>
          <reference href="https://www.cisecurity.org/controls/">15</reference>
          <reference href="https://www.cisecurity.org/controls/">16</reference>
          <reference href="https://www.cisecurity.org/controls/">5</reference>
          <reference href="https://www.cisecurity.org/controls/">8</reference>
          <reference href="https://www.fbi.gov/file-repository/cjis-security-policy-v5_5_20160601-2-1.pdf">5.5.6</reference>
          <reference href="https://www.isaca.org/resources/cobit">APO13.01</reference>
          <reference href="https://www.isaca.org/resources/cobit">DSS01.04</reference>
          <reference href="https://www.isaca.org/resources/cobit">DSS05.02</reference>
          <reference href="https://www.isaca.org/resources/cobit">DSS05.03</reference>
          <reference href="https://www.isaca.org/resources/cobit">DSS05.04</reference>
          <reference href="https://www.isaca.org/resources/cobit">DSS05.05</reference>
          <reference href="https://www.isaca.org/resources/cobit">DSS05.07</reference>
          <reference href="https://www.isaca.org/resources/cobit">DSS05.10</reference>
          <reference href="https://www.isaca.org/resources/cobit">DSS06.03</reference>
          <reference href="https://www.isaca.org/resources/cobit">DSS06.10</reference>
          <reference href="http://nvlpubs.nist.gov/nistpubs/SpecialPublications/NIST.SP.800-171.pdf">3.1.13</reference>
          <reference href="http://nvlpubs.nist.gov/nistpubs/SpecialPublications/NIST.SP.800-171.pdf">3.5.4</reference>
          <reference href="https://www.gpo.gov/fdsys/pkg/CFR-2007-title45-vol1/pdf/CFR-2007-title45-vol1-chapA-subchapC.pdf">164.308(a)(4)(i)</reference>
          <reference href="https://www.gpo.gov/fdsys/pkg/CFR-2007-title45-vol1/pdf/CFR-2007-title45-vol1-chapA-subchapC.pdf">164.308(b)(1)</reference>
          <reference href="https://www.gpo.gov/fdsys/pkg/CFR-2007-title45-vol1/pdf/CFR-2007-title45-vol1-chapA-subchapC.pdf">164.308(b)(3)</reference>
          <reference href="https://www.gpo.gov/fdsys/pkg/CFR-2007-title45-vol1/pdf/CFR-2007-title45-vol1-chapA-subchapC.pdf">164.310(b)</reference>
          <reference href="https://www.gpo.gov/fdsys/pkg/CFR-2007-title45-vol1/pdf/CFR-2007-title45-vol1-chapA-subchapC.pdf">164.312(e)(1)</reference>
          <reference href="https://www.gpo.gov/fdsys/pkg/CFR-2007-title45-vol1/pdf/CFR-2007-title45-vol1-chapA-subchapC.pdf">164.312(e)(2)(ii)</reference>
          <reference href="https://www.isa.org/products/isa-62443-2-1-2009-security-for-industrial-automat">4.3.3.2.2</reference>
          <reference href="https://www.isa.org/products/isa-62443-2-1-2009-security-for-industrial-automat">4.3.3.5.1</reference>
          <reference href="https://www.isa.org/products/isa-62443-2-1-2009-security-for-industrial-automat">4.3.3.5.2</reference>
          <reference href="https://www.isa.org/products/isa-62443-2-1-2009-security-for-industrial-automat">4.3.3.6.1</reference>
          <reference href="https://www.isa.org/products/isa-62443-2-1-2009-security-for-industrial-automat">4.3.3.6.2</reference>
          <reference href="https://www.isa.org/products/isa-62443-2-1-2009-security-for-industrial-automat">4.3.3.6.3</reference>
          <reference href="https://www.isa.org/products/isa-62443-2-1-2009-security-for-industrial-automat">4.3.3.6.4</reference>
          <reference href="https://www.isa.org/products/isa-62443-2-1-2009-security-for-industrial-automat">4.3.3.6.5</reference>
          <reference href="https://www.isa.org/products/isa-62443-2-1-2009-security-for-industrial-automat">4.3.3.6.6</reference>
          <reference href="https://www.isa.org/products/isa-62443-2-1-2009-security-for-industrial-automat">4.3.3.6.7</reference>
          <reference href="https://www.isa.org/products/isa-62443-2-1-2009-security-for-industrial-automat">4.3.3.6.8</reference>
          <reference href="https://www.isa.org/products/isa-62443-2-1-2009-security-for-industrial-automat">4.3.3.6.9</reference>
          <reference href="https://www.isa.org/products/isa-62443-2-1-2009-security-for-industrial-automat">4.3.3.7.2</reference>
          <reference href="https://www.isa.org/products/isa-62443-2-1-2009-security-for-industrial-automat">4.3.3.7.4</reference>
          <reference href="https://www.isa.org/products/ansi-isa-62443-3-3-99-03-03-2013-security-for-indu">SR 1.1</reference>
          <reference href="https://www.isa.org/products/ansi-isa-62443-3-3-99-03-03-2013-security-for-indu">SR 1.10</reference>
          <reference href="https://www.isa.org/products/ansi-isa-62443-3-3-99-03-03-2013-security-for-indu">SR 1.13</reference>
          <reference href="https://www.isa.org/products/ansi-isa-62443-3-3-99-03-03-2013-security-for-indu">SR 1.2</reference>
          <reference href="https://www.isa.org/products/ansi-isa-62443-3-3-99-03-03-2013-security-for-indu">SR 1.3</reference>
          <reference href="https://www.isa.org/products/ansi-isa-62443-3-3-99-03-03-2013-security-for-indu">SR 1.4</reference>
          <reference href="https://www.isa.org/products/ansi-isa-62443-3-3-99-03-03-2013-security-for-indu">SR 1.5</reference>
          <reference href="https://www.isa.org/products/ansi-isa-62443-3-3-99-03-03-2013-security-for-indu">SR 1.7</reference>
          <reference href="https://www.isa.org/products/ansi-isa-62443-3-3-99-03-03-2013-security-for-indu">SR 1.8</reference>
          <reference href="https://www.isa.org/products/ansi-isa-62443-3-3-99-03-03-2013-security-for-indu">SR 1.9</reference>
          <reference href="https://www.isa.org/products/ansi-isa-62443-3-3-99-03-03-2013-security-for-indu">SR 2.1</reference>
          <reference href="https://www.isa.org/products/ansi-isa-62443-3-3-99-03-03-2013-security-for-indu">SR 2.6</reference>
          <reference href="https://www.isa.org/products/ansi-isa-62443-3-3-99-03-03-2013-security-for-indu">SR 3.1</reference>
          <reference href="https://www.isa.org/products/ansi-isa-62443-3-3-99-03-03-2013-security-for-indu">SR 3.5</reference>
          <reference href="https://www.isa.org/products/ansi-isa-62443-3-3-99-03-03-2013-security-for-indu">SR 3.8</reference>
          <reference href="https://www.isa.org/products/ansi-isa-62443-3-3-99-03-03-2013-security-for-indu">SR 4.1</reference>
          <reference href="https://www.isa.org/products/ansi-isa-62443-3-3-99-03-03-2013-security-for-indu">SR 4.3</reference>
          <reference href="https://www.isa.org/products/ansi-isa-62443-3-3-99-03-03-2013-security-for-indu">SR 5.1</reference>
          <reference href="https://www.isa.org/products/ansi-isa-62443-3-3-99-03-03-2013-security-for-indu">SR 5.2</reference>
          <reference href="https://www.isa.org/products/ansi-isa-62443-3-3-99-03-03-2013-security-for-indu">SR 5.3</reference>
          <reference href="https://www.isa.org/products/ansi-isa-62443-3-3-99-03-03-2013-security-for-indu">SR 7.1</reference>
          <reference href="https://www.isa.org/products/ansi-isa-62443-3-3-99-03-03-2013-security-for-indu">SR 7.6</reference>
          <reference href="https://www.iso.org/contents/data/standard/05/45/54534.html">A.11.2.6</reference>
          <reference href="https://www.iso.org/contents/data/standard/05/45/54534.html">A.13.1.1</reference>
          <reference href="https://www.iso.org/contents/data/standard/05/45/54534.html">A.13.2.1</reference>
          <reference href="https://www.iso.org/contents/data/standard/05/45/54534.html">A.14.1.3</reference>
          <reference href="https://www.iso.org/contents/data/standard/05/45/54534.html">A.18.1.4</reference>
          <reference href="https://www.iso.org/contents/data/standard/05/45/54534.html">A.6.2.1</reference>
          <reference href="https://www.iso.org/contents/data/standard/05/45/54534.html">A.6.2.2</reference>
          <reference href="https://www.iso.org/contents/data/standard/05/45/54534.html">A.7.1.1</reference>
          <reference href="https://www.iso.org/contents/data/standard/05/45/54534.html">A.9.2.1</reference>
          <reference href="https://www.iso.org/contents/data/standard/05/45/54534.html">A.9.2.2</reference>
          <reference href="https://www.iso.org/contents/data/standard/05/45/54534.html">A.9.2.3</reference>
          <reference href="https://www.iso.org/contents/data/standard/05/45/54534.html">A.9.2.4</reference>
          <reference href="https://www.iso.org/contents/data/standard/05/45/54534.html">A.9.2.6</reference>
          <reference href="https://www.iso.org/contents/data/standard/05/45/54534.html">A.9.3.1</reference>
          <reference href="https://www.iso.org/contents/data/standard/05/45/54534.html">A.9.4.2</reference>
          <reference href="https://www.iso.org/contents/data/standard/05/45/54534.html">A.9.4.3</reference>
          <reference href="https://www.nerc.com/standards/reliability-standards/cip">CIP-003-8 R4.2</reference>
          <reference href="https://www.nerc.com/standards/reliability-standards/cip">CIP-007-3 R5.1</reference>
          <reference href="https://www.nerc.com/standards/reliability-standards/cip">CIP-007-3 R7.1</reference>
          <reference href="http://nvlpubs.nist.gov/nistpubs/SpecialPublications/NIST.SP.800-53r4.pdf">CM-6(a)</reference>
          <reference href="http://nvlpubs.nist.gov/nistpubs/SpecialPublications/NIST.SP.800-53r4.pdf">AC-17(a)</reference>
          <reference href="http://nvlpubs.nist.gov/nistpubs/SpecialPublications/NIST.SP.800-53r4.pdf">AC-17(2)</reference>
          <reference href="http://nvlpubs.nist.gov/nistpubs/SpecialPublications/NIST.SP.800-53r4.pdf">IA-5(1)(c)</reference>
          <reference href="http://nvlpubs.nist.gov/nistpubs/SpecialPublications/NIST.SP.800-53r4.pdf">SC-13</reference>
          <reference href="http://nvlpubs.nist.gov/nistpubs/SpecialPublications/NIST.SP.800-53r4.pdf">MA-4(6)</reference>
          <reference href="https://nvlpubs.nist.gov/nistpubs/CSWP/NIST.CSWP.04162018.pdf">PR.AC-1</reference>
          <reference href="https://nvlpubs.nist.gov/nistpubs/CSWP/NIST.CSWP.04162018.pdf">PR.AC-3</reference>
          <reference href="https://nvlpubs.nist.gov/nistpubs/CSWP/NIST.CSWP.04162018.pdf">PR.AC-6</reference>
          <reference href="https://nvlpubs.nist.gov/nistpubs/CSWP/NIST.CSWP.04162018.pdf">PR.AC-7</reference>
          <reference href="https://nvlpubs.nist.gov/nistpubs/CSWP/NIST.CSWP.04162018.pdf">PR.PT-4</reference>
          <reference href="https://www.cyber.mil/stigs/downloads/?_dl_facet_stigs=operating-systems%2Cgeneral-purpose-os">SRG-OS-000074-GPOS-00042</reference>
          <reference href="https://www.cyber.mil/stigs/downloads/?_dl_facet_stigs=operating-systems%2Cgeneral-purpose-os">SRG-OS-000480-GPOS-00227</reference>
          <reference href="not_publicly_available">SLES-15-600150405</reference>
          <reference href="https://www.cyber.gov.au/acsc/view-all-content/ism">1483</reference>
          <rationale xmlns:xhtml="http://www.w3.org/1999/xhtml" xml:lang="en-US">SSH protocol version 1 is an insecure implementation of the SSH protocol and
has many well-known vulnerability exploits. Exploits of the SSH daemon could provide
immediate root access to the system.</rationale>
          <ident system="https://ncp.nist.gov/cce">CCE-91440-8</ident>
          <fix xmlns:xhtml="http://www.w3.org/1999/xhtml" id="sshd_allow_only_protocol2" system="urn:xccdf:fix:script:sh" complexity="low" disruption="low" strategy="restrict"># Remediation is applicable only in certain platforms
if rpm --quiet -q kernel-default || rpm --quiet -q kernel-default-base; then

if [ -e "/etc/ssh/sshd_config" ] ; then
    
    LC_ALL=C sed -i "/^\s*Protocol\s\+/Id" "/etc/ssh/sshd_config"
else
    touch "/etc/ssh/sshd_config"
fi
# make sure file has newline at the end
sed -i -e '$a\' "/etc/ssh/sshd_config"

cp "/etc/ssh/sshd_config" "/etc/ssh/sshd_config.bak"
# Insert at the beginning of the file
printf '%s\n' "Protocol 2" &gt; "/etc/ssh/sshd_config"
cat "/etc/ssh/sshd_config.bak" &gt;&gt; "/etc/ssh/sshd_config"
# Clean up after ourselves.
rm "/etc/ssh/sshd_config.bak"

else
    &gt;&amp;2 echo 'Remediation is not applicable, nothing was done'
fi
</fix>
          <fix xmlns:xhtml="http://www.w3.org/1999/xhtml" id="sshd_allow_only_protocol2" system="urn:xccdf:fix:script:ansible" complexity="low" disruption="low" strategy="restrict">- name: Gather the package facts
  package_facts:
    manager: auto
  tags:
  - CCE-91440-8
  - CJIS-5.5.6
  - NIST-800-171-3.1.13
  - NIST-800-171-3.5.4
  - NIST-800-53-AC-17(2)
  - NIST-800-53-AC-17(a)
  - NIST-800-53-CM-6(a)
  - NIST-800-53-IA-5(1)(c)
  - NIST-800-53-MA-4(6)
  - NIST-800-53-SC-13
  - high_severity
  - low_complexity
  - low_disruption
  - no_reboot_needed
  - restrict_strategy
  - sshd_allow_only_protocol2

- name: Allow Only SSH Protocol 2
  block:

  - name: Check for duplicate values
    ansible.builtin.lineinfile:
      path: /etc/ssh/sshd_config
      create: true
      regexp: (?i)(?i)^\s*Protocol\s+
      state: absent
    check_mode: true
    changed_when: false
    register: dupes

  - name: Deduplicate values from /etc/ssh/sshd_config
    ansible.builtin.lineinfile:
      path: /etc/ssh/sshd_config
      create: true
      regexp: (?i)(?i)^\s*Protocol\s+
      state: absent
    when: dupes.found is defined and dupes.found &gt; 1

  - name: Insert correct line to /etc/ssh/sshd_config
    ansible.builtin.lineinfile:
      path: /etc/ssh/sshd_config
      create: true
      regexp: (?i)(?i)^\s*Protocol\s+
      line: Protocol 2
      state: present
      insertbefore: BOF
      validate: /usr/sbin/sshd -t -f %s
  when: ("kernel-default" in ansible_facts.packages or "kernel-default-base" in ansible_facts.packages)
  tags:
  - CCE-91440-8
  - CJIS-5.5.6
  - NIST-800-171-3.1.13
  - NIST-800-171-3.5.4
  - NIST-800-53-AC-17(2)
  - NIST-800-53-AC-17(a)
  - NIST-800-53-CM-6(a)
  - NIST-800-53-IA-5(1)(c)
  - NIST-800-53-MA-4(6)
  - NIST-800-53-SC-13
  - high_severity
  - low_complexity
  - low_disruption
  - no_reboot_needed
  - restrict_strategy
  - sshd_allow_only_protocol2
</fix>
          <check system="http://oval.mitre.org/XMLSchema/oval-definitions-5">
            <check-export export-name="oval:ssg-sshd_required:var:1" value-id="xccdf_org.ssgproject.content_value_sshd_required"/>
            <check-content-ref name="oval:ssg-sshd_allow_only_protocol2:def:1" href="ssg-sle15-oval.xml"/>
          </check>
          <check system="http://scap.nist.gov/schema/ocil/2">
            <check-content-ref name="ocil:ssg-sshd_allow_only_protocol2_ocil:questionnaire:1" href="ssg-sle15-ocil.xml"/>
          </check>
        </Rule>
        <Rule id="xccdf_org.ssgproject.content_rule_sshd_disable_compression" selected="false" role="full" severity="medium">
          <title xmlns:xhtml="http://www.w3.org/1999/xhtml" xml:lang="en-US">Disable Compression Or Set Compression to delayed</title>
          <description xmlns:xhtml="http://www.w3.org/1999/xhtml" xml:lang="en-US">Compression is useful for slow network connections over long
distances but can cause performance issues on local LANs. If use of compression
is required, it should be enabled only after a user has authenticated; otherwise,
it should be disabled. To disable compression or delay compression until after
a user has successfully authenticated, add or correct the following line in the
<html:code xmlns:html="http://www.w3.org/1999/xhtml">/etc/ssh/sshd_config</html:code> file:
<html:pre xmlns:html="http://www.w3.org/1999/xhtml" xmlns:xccdf-1.2="http://checklists.nist.gov/xccdf/1.2">Compression <xccdf-1.2:sub idref="xccdf_org.ssgproject.content_value_var_sshd_disable_compression" use="legacy"/>
        </html:pre>
       </description>
          <reference href="https://www.cisecurity.org/controls/">11</reference>
          <reference href="https://www.cisecurity.org/controls/">3</reference>
          <reference href="https://www.cisecurity.org/controls/">9</reference>
          <reference href="https://www.isaca.org/resources/cobit">BAI10.01</reference>
          <reference href="https://www.isaca.org/resources/cobit">BAI10.02</reference>
          <reference href="https://www.isaca.org/resources/cobit">BAI10.03</reference>
          <reference href="https://www.isaca.org/resources/cobit">BAI10.05</reference>
          <reference href="http://nvlpubs.nist.gov/nistpubs/SpecialPublications/NIST.SP.800-171.pdf">3.1.12</reference>
          <reference href="https://www.gpo.gov/fdsys/pkg/CFR-2007-title45-vol1/pdf/CFR-2007-title45-vol1-chapA-subchapC.pdf">164.308(a)(4)(i)</reference>
          <reference href="https://www.gpo.gov/fdsys/pkg/CFR-2007-title45-vol1/pdf/CFR-2007-title45-vol1-chapA-subchapC.pdf">164.308(b)(1)</reference>
          <reference href="https://www.gpo.gov/fdsys/pkg/CFR-2007-title45-vol1/pdf/CFR-2007-title45-vol1-chapA-subchapC.pdf">164.308(b)(3)</reference>
          <reference href="https://www.gpo.gov/fdsys/pkg/CFR-2007-title45-vol1/pdf/CFR-2007-title45-vol1-chapA-subchapC.pdf">164.310(b)</reference>
          <reference href="https://www.gpo.gov/fdsys/pkg/CFR-2007-title45-vol1/pdf/CFR-2007-title45-vol1-chapA-subchapC.pdf">164.312(e)(1)</reference>
          <reference href="https://www.gpo.gov/fdsys/pkg/CFR-2007-title45-vol1/pdf/CFR-2007-title45-vol1-chapA-subchapC.pdf">164.312(e)(2)(ii)</reference>
          <reference href="https://www.isa.org/products/isa-62443-2-1-2009-security-for-industrial-automat">4.3.4.3.2</reference>
          <reference href="https://www.isa.org/products/isa-62443-2-1-2009-security-for-industrial-automat">4.3.4.3.3</reference>
          <reference href="https://www.isa.org/products/ansi-isa-62443-3-3-99-03-03-2013-security-for-indu">SR 7.6</reference>
          <reference href="https://www.iso.org/contents/data/standard/05/45/54534.html">A.12.1.2</reference>
          <reference href="https://www.iso.org/contents/data/standard/05/45/54534.html">A.12.5.1</reference>
          <reference href="https://www.iso.org/contents/data/standard/05/45/54534.html">A.12.6.2</reference>
          <reference href="https://www.iso.org/contents/data/standard/05/45/54534.html">A.14.2.2</reference>
          <reference href="https://www.iso.org/contents/data/standard/05/45/54534.html">A.14.2.3</reference>
          <reference href="https://www.iso.org/contents/data/standard/05/45/54534.html">A.14.2.4</reference>
          <reference href="http://nvlpubs.nist.gov/nistpubs/SpecialPublications/NIST.SP.800-53r4.pdf">AC-17(a)</reference>
          <reference href="http://nvlpubs.nist.gov/nistpubs/SpecialPublications/NIST.SP.800-53r4.pdf">CM-7(a)</reference>
          <reference href="http://nvlpubs.nist.gov/nistpubs/SpecialPublications/NIST.SP.800-53r4.pdf">CM-7(b)</reference>
          <reference href="http://nvlpubs.nist.gov/nistpubs/SpecialPublications/NIST.SP.800-53r4.pdf">CM-6(a)</reference>
          <reference href="https://nvlpubs.nist.gov/nistpubs/CSWP/NIST.CSWP.04162018.pdf">PR.IP-1</reference>
          <reference href="https://www.cyber.mil/stigs/downloads/?_dl_facet_stigs=operating-systems%2Cgeneral-purpose-os">SRG-OS-000480-GPOS-00227</reference>
          <rationale xmlns:xhtml="http://www.w3.org/1999/xhtml" xml:lang="en-US">If compression is allowed in an SSH connection prior to authentication,
vulnerabilities in the compression software could result in compromise of the
system from an unauthenticated connection, potentially with root privileges.</rationale>
          <ident system="https://ncp.nist.gov/cce">CCE-85647-6</ident>
          <fix xmlns:xhtml="http://www.w3.org/1999/xhtml" id="sshd_disable_compression" system="urn:xccdf:fix:script:sh" complexity="low" disruption="low" strategy="restrict"># Remediation is applicable only in certain platforms
if rpm --quiet -q kernel-default || rpm --quiet -q kernel-default-base; then

var_sshd_disable_compression='<xccdf-1.2:sub xmlns:xccdf-1.2="http://checklists.nist.gov/xccdf/1.2" idref="xccdf_org.ssgproject.content_value_var_sshd_disable_compression" use="legacy"/>'


if [ -e "/etc/ssh/sshd_config" ] ; then
    
    LC_ALL=C sed -i "/^\s*Compression\s\+/Id" "/etc/ssh/sshd_config"
else
    touch "/etc/ssh/sshd_config"
fi
# make sure file has newline at the end
sed -i -e '$a\' "/etc/ssh/sshd_config"

cp "/etc/ssh/sshd_config" "/etc/ssh/sshd_config.bak"
# Insert at the beginning of the file
printf '%s\n' "Compression $var_sshd_disable_compression" &gt; "/etc/ssh/sshd_config"
cat "/etc/ssh/sshd_config.bak" &gt;&gt; "/etc/ssh/sshd_config"
# Clean up after ourselves.
rm "/etc/ssh/sshd_config.bak"

else
    &gt;&amp;2 echo 'Remediation is not applicable, nothing was done'
fi
</fix>
          <fix xmlns:xhtml="http://www.w3.org/1999/xhtml" id="sshd_disable_compression" system="urn:xccdf:fix:script:ansible" complexity="low" disruption="low" strategy="restrict">- name: Gather the package facts
  package_facts:
    manager: auto
  tags:
  - CCE-85647-6
  - NIST-800-171-3.1.12
  - NIST-800-53-AC-17(a)
  - NIST-800-53-CM-6(a)
  - NIST-800-53-CM-7(a)
  - NIST-800-53-CM-7(b)
  - low_complexity
  - low_disruption
  - medium_severity
  - no_reboot_needed
  - restrict_strategy
  - sshd_disable_compression
- name: XCCDF Value var_sshd_disable_compression # promote to variable
  set_fact:
    var_sshd_disable_compression: !!str <xccdf-1.2:sub xmlns:xccdf-1.2="http://checklists.nist.gov/xccdf/1.2" idref="xccdf_org.ssgproject.content_value_var_sshd_disable_compression" use="legacy"/>
  tags:
    - always

- name: Disable Compression Or Set Compression to delayed
  block:

  - name: Check for duplicate values
    ansible.builtin.lineinfile:
      path: /etc/ssh/sshd_config
      create: true
      regexp: (?i)(?i)^\s*Compression\s+
      state: absent
    check_mode: true
    changed_when: false
    register: dupes

  - name: Deduplicate values from /etc/ssh/sshd_config
    ansible.builtin.lineinfile:
      path: /etc/ssh/sshd_config
      create: true
      regexp: (?i)(?i)^\s*Compression\s+
      state: absent
    when: dupes.found is defined and dupes.found &gt; 1

  - name: Insert correct line to /etc/ssh/sshd_config
    ansible.builtin.lineinfile:
      path: /etc/ssh/sshd_config
      create: true
      regexp: (?i)(?i)^\s*Compression\s+
      line: Compression {{ var_sshd_disable_compression }}
      state: present
      insertbefore: BOF
      validate: /usr/sbin/sshd -t -f %s
  when: ("kernel-default" in ansible_facts.packages or "kernel-default-base" in ansible_facts.packages)
  tags:
  - CCE-85647-6
  - NIST-800-171-3.1.12
  - NIST-800-53-AC-17(a)
  - NIST-800-53-CM-6(a)
  - NIST-800-53-CM-7(a)
  - NIST-800-53-CM-7(b)
  - low_complexity
  - low_disruption
  - medium_severity
  - no_reboot_needed
  - restrict_strategy
  - sshd_disable_compression
</fix>
          <check system="http://oval.mitre.org/XMLSchema/oval-definitions-5">
            <check-export export-name="oval:ssg-var_sshd_disable_compression:var:1" value-id="xccdf_org.ssgproject.content_value_var_sshd_disable_compression"/>
            <check-export export-name="oval:ssg-sshd_required:var:1" value-id="xccdf_org.ssgproject.content_value_sshd_required"/>
            <check-content-ref name="oval:ssg-sshd_disable_compression:def:1" href="ssg-sle15-oval.xml"/>
          </check>
          <check system="http://scap.nist.gov/schema/ocil/2">
            <check-content-ref name="ocil:ssg-sshd_disable_compression_ocil:questionnaire:1" href="ssg-sle15-ocil.xml"/>
          </check>
        </Rule>
        <Rule id="xccdf_org.ssgproject.content_rule_sshd_disable_empty_passwords" selected="false" role="full" severity="high">
          <title xmlns:xhtml="http://www.w3.org/1999/xhtml" xml:lang="en-US">Disable SSH Access via Empty Passwords</title>
          <description xmlns:xhtml="http://www.w3.org/1999/xhtml" xml:lang="en-US">Disallow SSH login with empty passwords.
The default SSH configuration disables logins with empty passwords. The appropriate
configuration is used if no value is set for <html:code xmlns:html="http://www.w3.org/1999/xhtml">PermitEmptyPasswords</html:code>.
<html:br xmlns:html="http://www.w3.org/1999/xhtml"/>
To explicitly disallow SSH login from accounts with empty passwords,
add or correct the following line in


<html:code xmlns:html="http://www.w3.org/1999/xhtml">/etc/ssh/sshd_config</html:code>:

<html:br xmlns:html="http://www.w3.org/1999/xhtml"/>
        <html:pre xmlns:html="http://www.w3.org/1999/xhtml">PermitEmptyPasswords no</html:pre>
Any accounts with empty passwords should be disabled immediately, and PAM configuration
should prevent users from being able to assign themselves empty passwords.</description>
          <reference href="https://www.cisecurity.org/controls/">11</reference>
          <reference href="https://www.cisecurity.org/controls/">12</reference>
          <reference href="https://www.cisecurity.org/controls/">13</reference>
          <reference href="https://www.cisecurity.org/controls/">14</reference>
          <reference href="https://www.cisecurity.org/controls/">15</reference>
          <reference href="https://www.cisecurity.org/controls/">16</reference>
          <reference href="https://www.cisecurity.org/controls/">18</reference>
          <reference href="https://www.cisecurity.org/controls/">3</reference>
          <reference href="https://www.cisecurity.org/controls/">5</reference>
          <reference href="https://www.cisecurity.org/controls/">9</reference>
          <reference href="https://www.fbi.gov/file-repository/cjis-security-policy-v5_5_20160601-2-1.pdf">5.5.6</reference>
          <reference href="https://www.isaca.org/resources/cobit">APO01.06</reference>
          <reference href="https://www.isaca.org/resources/cobit">BAI10.01</reference>
          <reference href="https://www.isaca.org/resources/cobit">BAI10.02</reference>
          <reference href="https://www.isaca.org/resources/cobit">BAI10.03</reference>
          <reference href="https://www.isaca.org/resources/cobit">BAI10.05</reference>
          <reference href="https://www.isaca.org/resources/cobit">DSS05.02</reference>
          <reference href="https://www.isaca.org/resources/cobit">DSS05.04</reference>
          <reference href="https://www.isaca.org/resources/cobit">DSS05.05</reference>
          <reference href="https://www.isaca.org/resources/cobit">DSS05.07</reference>
          <reference href="https://www.isaca.org/resources/cobit">DSS06.02</reference>
          <reference href="https://www.isaca.org/resources/cobit">DSS06.03</reference>
          <reference href="https://www.isaca.org/resources/cobit">DSS06.06</reference>
          <reference href="http://nvlpubs.nist.gov/nistpubs/SpecialPublications/NIST.SP.800-171.pdf">3.1.1</reference>
          <reference href="http://nvlpubs.nist.gov/nistpubs/SpecialPublications/NIST.SP.800-171.pdf">3.1.5</reference>
          <reference href="https://www.gpo.gov/fdsys/pkg/CFR-2007-title45-vol1/pdf/CFR-2007-title45-vol1-chapA-subchapC.pdf">164.308(a)(4)(i)</reference>
          <reference href="https://www.gpo.gov/fdsys/pkg/CFR-2007-title45-vol1/pdf/CFR-2007-title45-vol1-chapA-subchapC.pdf">164.308(b)(1)</reference>
          <reference href="https://www.gpo.gov/fdsys/pkg/CFR-2007-title45-vol1/pdf/CFR-2007-title45-vol1-chapA-subchapC.pdf">164.308(b)(3)</reference>
          <reference href="https://www.gpo.gov/fdsys/pkg/CFR-2007-title45-vol1/pdf/CFR-2007-title45-vol1-chapA-subchapC.pdf">164.310(b)</reference>
          <reference href="https://www.gpo.gov/fdsys/pkg/CFR-2007-title45-vol1/pdf/CFR-2007-title45-vol1-chapA-subchapC.pdf">164.312(e)(1)</reference>
          <reference href="https://www.gpo.gov/fdsys/pkg/CFR-2007-title45-vol1/pdf/CFR-2007-title45-vol1-chapA-subchapC.pdf">164.312(e)(2)(ii)</reference>
          <reference href="https://www.isa.org/products/isa-62443-2-1-2009-security-for-industrial-automat">4.3.3.2.2</reference>
          <reference href="https://www.isa.org/products/isa-62443-2-1-2009-security-for-industrial-automat">4.3.3.5.1</reference>
          <reference href="https://www.isa.org/products/isa-62443-2-1-2009-security-for-industrial-automat">4.3.3.5.2</reference>
          <reference href="https://www.isa.org/products/isa-62443-2-1-2009-security-for-industrial-automat">4.3.3.5.3</reference>
          <reference href="https://www.isa.org/products/isa-62443-2-1-2009-security-for-industrial-automat">4.3.3.5.4</reference>
          <reference href="https://www.isa.org/products/isa-62443-2-1-2009-security-for-industrial-automat">4.3.3.5.5</reference>
          <reference href="https://www.isa.org/products/isa-62443-2-1-2009-security-for-industrial-automat">4.3.3.5.6</reference>
          <reference href="https://www.isa.org/products/isa-62443-2-1-2009-security-for-industrial-automat">4.3.3.5.7</reference>
          <reference href="https://www.isa.org/products/isa-62443-2-1-2009-security-for-industrial-automat">4.3.3.5.8</reference>
          <reference href="https://www.isa.org/products/isa-62443-2-1-2009-security-for-industrial-automat">4.3.3.6.1</reference>
          <reference href="https://www.isa.org/products/isa-62443-2-1-2009-security-for-industrial-automat">4.3.3.6.2</reference>
          <reference href="https://www.isa.org/products/isa-62443-2-1-2009-security-for-industrial-automat">4.3.3.6.3</reference>
          <reference href="https://www.isa.org/products/isa-62443-2-1-2009-security-for-industrial-automat">4.3.3.6.4</reference>
          <reference href="https://www.isa.org/products/isa-62443-2-1-2009-security-for-industrial-automat">4.3.3.6.5</reference>
          <reference href="https://www.isa.org/products/isa-62443-2-1-2009-security-for-industrial-automat">4.3.3.6.6</reference>
          <reference href="https://www.isa.org/products/isa-62443-2-1-2009-security-for-industrial-automat">4.3.3.6.7</reference>
          <reference href="https://www.isa.org/products/isa-62443-2-1-2009-security-for-industrial-automat">4.3.3.6.8</reference>
          <reference href="https://www.isa.org/products/isa-62443-2-1-2009-security-for-industrial-automat">4.3.3.6.9</reference>
          <reference href="https://www.isa.org/products/isa-62443-2-1-2009-security-for-industrial-automat">4.3.3.7.1</reference>
          <reference href="https://www.isa.org/products/isa-62443-2-1-2009-security-for-industrial-automat">4.3.3.7.2</reference>
          <reference href="https://www.isa.org/products/isa-62443-2-1-2009-security-for-industrial-automat">4.3.3.7.3</reference>
          <reference href="https://www.isa.org/products/isa-62443-2-1-2009-security-for-industrial-automat">4.3.3.7.4</reference>
          <reference href="https://www.isa.org/products/isa-62443-2-1-2009-security-for-industrial-automat">4.3.4.3.2</reference>
          <reference href="https://www.isa.org/products/isa-62443-2-1-2009-security-for-industrial-automat">4.3.4.3.3</reference>
          <reference href="https://www.isa.org/products/ansi-isa-62443-3-3-99-03-03-2013-security-for-indu">SR 1.1</reference>
          <reference href="https://www.isa.org/products/ansi-isa-62443-3-3-99-03-03-2013-security-for-indu">SR 1.10</reference>
          <reference href="https://www.isa.org/products/ansi-isa-62443-3-3-99-03-03-2013-security-for-indu">SR 1.11</reference>
          <reference href="https://www.isa.org/products/ansi-isa-62443-3-3-99-03-03-2013-security-for-indu">SR 1.12</reference>
          <reference href="https://www.isa.org/products/ansi-isa-62443-3-3-99-03-03-2013-security-for-indu">SR 1.13</reference>
          <reference href="https://www.isa.org/products/ansi-isa-62443-3-3-99-03-03-2013-security-for-indu">SR 1.2</reference>
          <reference href="https://www.isa.org/products/ansi-isa-62443-3-3-99-03-03-2013-security-for-indu">SR 1.3</reference>
          <reference href="https://www.isa.org/products/ansi-isa-62443-3-3-99-03-03-2013-security-for-indu">SR 1.4</reference>
          <reference href="https://www.isa.org/products/ansi-isa-62443-3-3-99-03-03-2013-security-for-indu">SR 1.5</reference>
          <reference href="https://www.isa.org/products/ansi-isa-62443-3-3-99-03-03-2013-security-for-indu">SR 1.6</reference>
          <reference href="https://www.isa.org/products/ansi-isa-62443-3-3-99-03-03-2013-security-for-indu">SR 1.7</reference>
          <reference href="https://www.isa.org/products/ansi-isa-62443-3-3-99-03-03-2013-security-for-indu">SR 1.8</reference>
          <reference href="https://www.isa.org/products/ansi-isa-62443-3-3-99-03-03-2013-security-for-indu">SR 1.9</reference>
          <reference href="https://www.isa.org/products/ansi-isa-62443-3-3-99-03-03-2013-security-for-indu">SR 2.1</reference>
          <reference href="https://www.isa.org/products/ansi-isa-62443-3-3-99-03-03-2013-security-for-indu">SR 2.2</reference>
          <reference href="https://www.isa.org/products/ansi-isa-62443-3-3-99-03-03-2013-security-for-indu">SR 2.3</reference>
          <reference href="https://www.isa.org/products/ansi-isa-62443-3-3-99-03-03-2013-security-for-indu">SR 2.4</reference>
          <reference href="https://www.isa.org/products/ansi-isa-62443-3-3-99-03-03-2013-security-for-indu">SR 2.5</reference>
          <reference href="https://www.isa.org/products/ansi-isa-62443-3-3-99-03-03-2013-security-for-indu">SR 2.6</reference>
          <reference href="https://www.isa.org/products/ansi-isa-62443-3-3-99-03-03-2013-security-for-indu">SR 2.7</reference>
          <reference href="https://www.isa.org/products/ansi-isa-62443-3-3-99-03-03-2013-security-for-indu">SR 5.2</reference>
          <reference href="https://www.isa.org/products/ansi-isa-62443-3-3-99-03-03-2013-security-for-indu">SR 7.6</reference>
          <reference href="https://www.iso.org/contents/data/standard/05/45/54534.html">A.10.1.1</reference>
          <reference href="https://www.iso.org/contents/data/standard/05/45/54534.html">A.11.1.4</reference>
          <reference href="https://www.iso.org/contents/data/standard/05/45/54534.html">A.11.1.5</reference>
          <reference href="https://www.iso.org/contents/data/standard/05/45/54534.html">A.11.2.1</reference>
          <reference href="https://www.iso.org/contents/data/standard/05/45/54534.html">A.12.1.2</reference>
          <reference href="https://www.iso.org/contents/data/standard/05/45/54534.html">A.12.5.1</reference>
          <reference href="https://www.iso.org/contents/data/standard/05/45/54534.html">A.12.6.2</reference>
          <reference href="https://www.iso.org/contents/data/standard/05/45/54534.html">A.13.1.1</reference>
          <reference href="https://www.iso.org/contents/data/standard/05/45/54534.html">A.13.1.3</reference>
          <reference href="https://www.iso.org/contents/data/standard/05/45/54534.html">A.13.2.1</reference>
          <reference href="https://www.iso.org/contents/data/standard/05/45/54534.html">A.13.2.3</reference>
          <reference href="https://www.iso.org/contents/data/standard/05/45/54534.html">A.13.2.4</reference>
          <reference href="https://www.iso.org/contents/data/standard/05/45/54534.html">A.14.1.2</reference>
          <reference href="https://www.iso.org/contents/data/standard/05/45/54534.html">A.14.1.3</reference>
          <reference href="https://www.iso.org/contents/data/standard/05/45/54534.html">A.14.2.2</reference>
          <reference href="https://www.iso.org/contents/data/standard/05/45/54534.html">A.14.2.3</reference>
          <reference href="https://www.iso.org/contents/data/standard/05/45/54534.html">A.14.2.4</reference>
          <reference href="https://www.iso.org/contents/data/standard/05/45/54534.html">A.6.1.2</reference>
          <reference href="https://www.iso.org/contents/data/standard/05/45/54534.html">A.7.1.1</reference>
          <reference href="https://www.iso.org/contents/data/standard/05/45/54534.html">A.7.1.2</reference>
          <reference href="https://www.iso.org/contents/data/standard/05/45/54534.html">A.7.3.1</reference>
          <reference href="https://www.iso.org/contents/data/standard/05/45/54534.html">A.8.2.2</reference>
          <reference href="https://www.iso.org/contents/data/standard/05/45/54534.html">A.8.2.3</reference>
          <reference href="https://www.iso.org/contents/data/standard/05/45/54534.html">A.9.1.1</reference>
          <reference href="https://www.iso.org/contents/data/standard/05/45/54534.html">A.9.1.2</reference>
          <reference href="https://www.iso.org/contents/data/standard/05/45/54534.html">A.9.2.1</reference>
          <reference href="https://www.iso.org/contents/data/standard/05/45/54534.html">A.9.2.3</reference>
          <reference href="https://www.iso.org/contents/data/standard/05/45/54534.html">A.9.4.1</reference>
          <reference href="https://www.iso.org/contents/data/standard/05/45/54534.html">A.9.4.4</reference>
          <reference href="https://www.iso.org/contents/data/standard/05/45/54534.html">A.9.4.5</reference>
          <reference href="http://nvlpubs.nist.gov/nistpubs/SpecialPublications/NIST.SP.800-53r4.pdf">CM-6(b)</reference>
          <reference href="http://nvlpubs.nist.gov/nistpubs/SpecialPublications/NIST.SP.800-53r4.pdf">CM-6.1(iv)</reference>
          <reference href="https://nvlpubs.nist.gov/nistpubs/CSWP/NIST.CSWP.04162018.pdf">PR.AC-4</reference>
          <reference href="https://nvlpubs.nist.gov/nistpubs/CSWP/NIST.CSWP.04162018.pdf">PR.AC-6</reference>
          <reference href="https://nvlpubs.nist.gov/nistpubs/CSWP/NIST.CSWP.04162018.pdf">PR.DS-5</reference>
          <reference href="https://nvlpubs.nist.gov/nistpubs/CSWP/NIST.CSWP.04162018.pdf">PR.IP-1</reference>
          <reference href="https://nvlpubs.nist.gov/nistpubs/CSWP/NIST.CSWP.04162018.pdf">PR.PT-3</reference>
          <reference href="https://www.niap-ccevs.org/Profile/PP.cfm">FIA_UAU.1</reference>
          <reference href="https://www.pcisecuritystandards.org/documents/PCI_DSS_v3-2-1.pdf">Req-2.2.4</reference>
          <reference href="https://www.cyber.mil/stigs/downloads/?_dl_facet_stigs=operating-systems%2Cgeneral-purpose-os">SRG-OS-000106-GPOS-00053</reference>
          <reference href="https://www.cyber.mil/stigs/downloads/?_dl_facet_stigs=operating-systems%2Cgeneral-purpose-os">SRG-OS-000480-GPOS-00229</reference>
          <reference href="https://www.cyber.mil/stigs/downloads/?_dl_facet_stigs=operating-systems%2Cgeneral-purpose-os">SRG-OS-000480-GPOS-00227</reference>
          <reference href="https://www.cyber.mil/stigs/downloads/?_dl_facet_stigs=operating-systems%2Cunix-linux">SLES-15-040440</reference>
          <reference href="https://www.cisecurity.org/benchmark/suse_linux/">5.2.11</reference>
          <reference href="not_publicly_available">SLES-15-600150285</reference>
          <reference href="https://www.cyber.gov.au/acsc/view-all-content/ism">1546</reference>
          <reference href="https://docs-prv.pcisecuritystandards.org/PCI%20DSS/Standard/PCI-DSS-v4_0.pdf">2.2.6</reference>
          <reference href="https://docs-prv.pcisecuritystandards.org/PCI%20DSS/Standard/PCI-DSS-v4_0.pdf">2.2</reference>
          <reference href="https://www.cyber.mil/stigs/srg-stig-tools/">SV-235032r991591_rule</reference>
          <rationale xmlns:xhtml="http://www.w3.org/1999/xhtml" xml:lang="en-US">Configuring this setting for the SSH daemon provides additional assurance
that remote login via SSH will require a password, even in the event of
misconfiguration elsewhere.</rationale>
          <ident system="https://ncp.nist.gov/cce">CCE-85667-4</ident>
          <fix xmlns:xhtml="http://www.w3.org/1999/xhtml" id="sshd_disable_empty_passwords" system="urn:xccdf:fix:script:sh" complexity="low" disruption="low" strategy="restrict"># Remediation is applicable only in certain platforms
if rpm --quiet -q kernel-default || rpm --quiet -q kernel-default-base; then

if [ -e "/etc/ssh/sshd_config" ] ; then
    
    LC_ALL=C sed -i "/^\s*PermitEmptyPasswords\s\+/Id" "/etc/ssh/sshd_config"
else
    touch "/etc/ssh/sshd_config"
fi
# make sure file has newline at the end
sed -i -e '$a\' "/etc/ssh/sshd_config"

cp "/etc/ssh/sshd_config" "/etc/ssh/sshd_config.bak"
# Insert at the beginning of the file
printf '%s\n' "PermitEmptyPasswords no" &gt; "/etc/ssh/sshd_config"
cat "/etc/ssh/sshd_config.bak" &gt;&gt; "/etc/ssh/sshd_config"
# Clean up after ourselves.
rm "/etc/ssh/sshd_config.bak"

else
    &gt;&amp;2 echo 'Remediation is not applicable, nothing was done'
fi
</fix>
          <fix xmlns:xhtml="http://www.w3.org/1999/xhtml" id="sshd_disable_empty_passwords" system="urn:xccdf:fix:script:ansible" complexity="low" disruption="low" strategy="restrict">- name: Gather the package facts
  package_facts:
    manager: auto
  tags:
  - CCE-85667-4
  - CJIS-5.5.6
  - DISA-STIG-SLES-15-040440
  - NIST-800-171-3.1.1
  - NIST-800-171-3.1.5
  - NIST-800-53-CM-6(b)
  - NIST-800-53-CM-6.1(iv)
  - PCI-DSS-Req-2.2.4
  - PCI-DSSv4-2.2
  - PCI-DSSv4-2.2.6
  - high_severity
  - low_complexity
  - low_disruption
  - no_reboot_needed
  - restrict_strategy
  - sshd_disable_empty_passwords

- name: Disable SSH Access via Empty Passwords
  block:

  - name: Check for duplicate values
    ansible.builtin.lineinfile:
      path: /etc/ssh/sshd_config
      create: true
      regexp: (?i)(?i)^\s*PermitEmptyPasswords\s+
      state: absent
    check_mode: true
    changed_when: false
    register: dupes

  - name: Deduplicate values from /etc/ssh/sshd_config
    ansible.builtin.lineinfile:
      path: /etc/ssh/sshd_config
      create: true
      regexp: (?i)(?i)^\s*PermitEmptyPasswords\s+
      state: absent
    when: dupes.found is defined and dupes.found &gt; 1

  - name: Insert correct line to /etc/ssh/sshd_config
    ansible.builtin.lineinfile:
      path: /etc/ssh/sshd_config
      create: true
      regexp: (?i)(?i)^\s*PermitEmptyPasswords\s+
      line: PermitEmptyPasswords no
      state: present
      insertbefore: BOF
      validate: /usr/sbin/sshd -t -f %s
  when: ("kernel-default" in ansible_facts.packages or "kernel-default-base" in ansible_facts.packages)
  tags:
  - CCE-85667-4
  - CJIS-5.5.6
  - DISA-STIG-SLES-15-040440
  - NIST-800-171-3.1.1
  - NIST-800-171-3.1.5
  - NIST-800-53-CM-6(b)
  - NIST-800-53-CM-6.1(iv)
  - PCI-DSS-Req-2.2.4
  - PCI-DSSv4-2.2
  - PCI-DSSv4-2.2.6
  - high_severity
  - low_complexity
  - low_disruption
  - no_reboot_needed
  - restrict_strategy
  - sshd_disable_empty_passwords
</fix>
          <check system="http://oval.mitre.org/XMLSchema/oval-definitions-5">
            <check-export export-name="oval:ssg-sshd_required:var:1" value-id="xccdf_org.ssgproject.content_value_sshd_required"/>
            <check-content-ref name="oval:ssg-sshd_disable_empty_passwords:def:1" href="ssg-sle15-oval.xml"/>
          </check>
          <check system="http://scap.nist.gov/schema/ocil/2">
            <check-content-ref name="ocil:ssg-sshd_disable_empty_passwords_ocil:questionnaire:1" href="ssg-sle15-ocil.xml"/>
          </check>
        </Rule>
        <Rule id="xccdf_org.ssgproject.content_rule_sshd_disable_gssapi_auth" selected="false" role="full" severity="medium">
          <title xmlns:xhtml="http://www.w3.org/1999/xhtml" xml:lang="en-US">Disable GSSAPI Authentication</title>
          <description xmlns:xhtml="http://www.w3.org/1999/xhtml" xml:lang="en-US">Unless needed, SSH should not permit extraneous or unnecessary
authentication mechanisms like GSSAPI.
<html:br xmlns:html="http://www.w3.org/1999/xhtml"/>
The default SSH configuration disallows authentications based on GSSAPI. The appropriate
configuration is used if no value is set for <html:code xmlns:html="http://www.w3.org/1999/xhtml">GSSAPIAuthentication</html:code>.
<html:br xmlns:html="http://www.w3.org/1999/xhtml"/>
To explicitly disable GSSAPI authentication, add or correct the following line in


<html:code xmlns:html="http://www.w3.org/1999/xhtml">/etc/ssh/sshd_config</html:code>:

<html:pre xmlns:html="http://www.w3.org/1999/xhtml">GSSAPIAuthentication no</html:pre>
       </description>
          <reference href="https://www.cisecurity.org/controls/">11</reference>
          <reference href="https://www.cisecurity.org/controls/">3</reference>
          <reference href="https://www.cisecurity.org/controls/">9</reference>
          <reference href="https://www.isaca.org/resources/cobit">BAI10.01</reference>
          <reference href="https://www.isaca.org/resources/cobit">BAI10.02</reference>
          <reference href="https://www.isaca.org/resources/cobit">BAI10.03</reference>
          <reference href="https://www.isaca.org/resources/cobit">BAI10.05</reference>
          <reference href="http://nvlpubs.nist.gov/nistpubs/SpecialPublications/NIST.SP.800-171.pdf">3.1.12</reference>
          <reference href="https://www.gpo.gov/fdsys/pkg/CFR-2007-title45-vol1/pdf/CFR-2007-title45-vol1-chapA-subchapC.pdf">164.308(a)(4)(i)</reference>
          <reference href="https://www.gpo.gov/fdsys/pkg/CFR-2007-title45-vol1/pdf/CFR-2007-title45-vol1-chapA-subchapC.pdf">164.308(b)(1)</reference>
          <reference href="https://www.gpo.gov/fdsys/pkg/CFR-2007-title45-vol1/pdf/CFR-2007-title45-vol1-chapA-subchapC.pdf">164.308(b)(3)</reference>
          <reference href="https://www.gpo.gov/fdsys/pkg/CFR-2007-title45-vol1/pdf/CFR-2007-title45-vol1-chapA-subchapC.pdf">164.310(b)</reference>
          <reference href="https://www.gpo.gov/fdsys/pkg/CFR-2007-title45-vol1/pdf/CFR-2007-title45-vol1-chapA-subchapC.pdf">164.312(e)(1)</reference>
          <reference href="https://www.gpo.gov/fdsys/pkg/CFR-2007-title45-vol1/pdf/CFR-2007-title45-vol1-chapA-subchapC.pdf">164.312(e)(2)(ii)</reference>
          <reference href="https://www.isa.org/products/isa-62443-2-1-2009-security-for-industrial-automat">4.3.4.3.2</reference>
          <reference href="https://www.isa.org/products/isa-62443-2-1-2009-security-for-industrial-automat">4.3.4.3.3</reference>
          <reference href="https://www.isa.org/products/ansi-isa-62443-3-3-99-03-03-2013-security-for-indu">SR 7.6</reference>
          <reference href="https://www.iso.org/contents/data/standard/05/45/54534.html">A.12.1.2</reference>
          <reference href="https://www.iso.org/contents/data/standard/05/45/54534.html">A.12.5.1</reference>
          <reference href="https://www.iso.org/contents/data/standard/05/45/54534.html">A.12.6.2</reference>
          <reference href="https://www.iso.org/contents/data/standard/05/45/54534.html">A.14.2.2</reference>
          <reference href="https://www.iso.org/contents/data/standard/05/45/54534.html">A.14.2.3</reference>
          <reference href="https://www.iso.org/contents/data/standard/05/45/54534.html">A.14.2.4</reference>
          <reference href="http://nvlpubs.nist.gov/nistpubs/SpecialPublications/NIST.SP.800-53r4.pdf">CM-7(a)</reference>
          <reference href="http://nvlpubs.nist.gov/nistpubs/SpecialPublications/NIST.SP.800-53r4.pdf">CM-7(b)</reference>
          <reference href="http://nvlpubs.nist.gov/nistpubs/SpecialPublications/NIST.SP.800-53r4.pdf">CM-6(a)</reference>
          <reference href="http://nvlpubs.nist.gov/nistpubs/SpecialPublications/NIST.SP.800-53r4.pdf">AC-17(a)</reference>
          <reference href="https://nvlpubs.nist.gov/nistpubs/CSWP/NIST.CSWP.04162018.pdf">PR.IP-1</reference>
          <reference href="https://www.niap-ccevs.org/Profile/PP.cfm">FTP_ITC_EXT.1</reference>
          <reference href="https://www.niap-ccevs.org/Profile/PP.cfm">FCS_SSH_EXT.1.2</reference>
          <reference href="https://www.cyber.mil/stigs/downloads/?_dl_facet_stigs=operating-systems%2Cgeneral-purpose-os">SRG-OS-000364-GPOS-00151</reference>
          <reference href="https://www.cyber.mil/stigs/downloads/?_dl_facet_stigs=operating-systems%2Cgeneral-purpose-os">SRG-OS-000480-GPOS-00227</reference>
          <reference href="not_publicly_available">SLES-15-600150165</reference>
          <reference href="https://www.cyber.gov.au/acsc/view-all-content/ism">0418</reference>
          <reference href="https://www.cyber.gov.au/acsc/view-all-content/ism">1055</reference>
          <reference href="https://www.cyber.gov.au/acsc/view-all-content/ism">1402</reference>
          <rationale xmlns:xhtml="http://www.w3.org/1999/xhtml" xml:lang="en-US">GSSAPI authentication is used to provide additional authentication mechanisms to
applications. Allowing GSSAPI authentication through SSH exposes the system's
GSSAPI to remote hosts, increasing the attack surface of the system.</rationale>
          <ident system="https://ncp.nist.gov/cce">CCE-91441-6</ident>
          <fix xmlns:xhtml="http://www.w3.org/1999/xhtml" id="sshd_disable_gssapi_auth" system="urn:xccdf:fix:script:sh" complexity="low" disruption="low" strategy="restrict"># Remediation is applicable only in certain platforms
if rpm --quiet -q kernel-default || rpm --quiet -q kernel-default-base; then

if [ -e "/etc/ssh/sshd_config" ] ; then
    
    LC_ALL=C sed -i "/^\s*GSSAPIAuthentication\s\+/Id" "/etc/ssh/sshd_config"
else
    touch "/etc/ssh/sshd_config"
fi
# make sure file has newline at the end
sed -i -e '$a\' "/etc/ssh/sshd_config"

cp "/etc/ssh/sshd_config" "/etc/ssh/sshd_config.bak"
# Insert at the beginning of the file
printf '%s\n' "GSSAPIAuthentication no" &gt; "/etc/ssh/sshd_config"
cat "/etc/ssh/sshd_config.bak" &gt;&gt; "/etc/ssh/sshd_config"
# Clean up after ourselves.
rm "/etc/ssh/sshd_config.bak"

else
    &gt;&amp;2 echo 'Remediation is not applicable, nothing was done'
fi
</fix>
          <fix xmlns:xhtml="http://www.w3.org/1999/xhtml" id="sshd_disable_gssapi_auth" system="urn:xccdf:fix:script:ansible" complexity="low" disruption="low" strategy="restrict">- name: Gather the package facts
  package_facts:
    manager: auto
  tags:
  - CCE-91441-6
  - NIST-800-171-3.1.12
  - NIST-800-53-AC-17(a)
  - NIST-800-53-CM-6(a)
  - NIST-800-53-CM-7(a)
  - NIST-800-53-CM-7(b)
  - low_complexity
  - low_disruption
  - medium_severity
  - no_reboot_needed
  - restrict_strategy
  - sshd_disable_gssapi_auth

- name: Disable GSSAPI Authentication
  block:

  - name: Check for duplicate values
    ansible.builtin.lineinfile:
      path: /etc/ssh/sshd_config
      create: true
      regexp: (?i)(?i)^\s*GSSAPIAuthentication\s+
      state: absent
    check_mode: true
    changed_when: false
    register: dupes

  - name: Deduplicate values from /etc/ssh/sshd_config
    ansible.builtin.lineinfile:
      path: /etc/ssh/sshd_config
      create: true
      regexp: (?i)(?i)^\s*GSSAPIAuthentication\s+
      state: absent
    when: dupes.found is defined and dupes.found &gt; 1

  - name: Insert correct line to /etc/ssh/sshd_config
    ansible.builtin.lineinfile:
      path: /etc/ssh/sshd_config
      create: true
      regexp: (?i)(?i)^\s*GSSAPIAuthentication\s+
      line: GSSAPIAuthentication no
      state: present
      insertbefore: BOF
      validate: /usr/sbin/sshd -t -f %s
  when: ("kernel-default" in ansible_facts.packages or "kernel-default-base" in ansible_facts.packages)
  tags:
  - CCE-91441-6
  - NIST-800-171-3.1.12
  - NIST-800-53-AC-17(a)
  - NIST-800-53-CM-6(a)
  - NIST-800-53-CM-7(a)
  - NIST-800-53-CM-7(b)
  - low_complexity
  - low_disruption
  - medium_severity
  - no_reboot_needed
  - restrict_strategy
  - sshd_disable_gssapi_auth
</fix>
          <check system="http://oval.mitre.org/XMLSchema/oval-definitions-5">
            <check-export export-name="oval:ssg-sshd_required:var:1" value-id="xccdf_org.ssgproject.content_value_sshd_required"/>
            <check-content-ref name="oval:ssg-sshd_disable_gssapi_auth:def:1" href="ssg-sle15-oval.xml"/>
          </check>
          <check system="http://scap.nist.gov/schema/ocil/2">
            <check-content-ref name="ocil:ssg-sshd_disable_gssapi_auth_ocil:questionnaire:1" href="ssg-sle15-ocil.xml"/>
          </check>
        </Rule>
        <Rule id="xccdf_org.ssgproject.content_rule_sshd_disable_kerb_auth" selected="false" role="full" severity="medium">
          <title xmlns:xhtml="http://www.w3.org/1999/xhtml" xml:lang="en-US">Disable Kerberos Authentication</title>
          <description xmlns:xhtml="http://www.w3.org/1999/xhtml" xml:lang="en-US">Unless needed, SSH should not permit extraneous or unnecessary
authentication mechanisms like Kerberos.
<html:br xmlns:html="http://www.w3.org/1999/xhtml"/>
The default SSH configuration disallows authentication validation through Kerberos.
The appropriate configuration is used if no value is set for <html:code xmlns:html="http://www.w3.org/1999/xhtml">KerberosAuthentication</html:code>.
<html:br xmlns:html="http://www.w3.org/1999/xhtml"/>
To explicitly disable Kerberos authentication, add or correct the following line in


<html:code xmlns:html="http://www.w3.org/1999/xhtml">/etc/ssh/sshd_config</html:code>:

<html:pre xmlns:html="http://www.w3.org/1999/xhtml">KerberosAuthentication no</html:pre>
       </description>
          <reference href="https://www.cisecurity.org/controls/">11</reference>
          <reference href="https://www.cisecurity.org/controls/">3</reference>
          <reference href="https://www.cisecurity.org/controls/">9</reference>
          <reference href="https://www.isaca.org/resources/cobit">BAI10.01</reference>
          <reference href="https://www.isaca.org/resources/cobit">BAI10.02</reference>
          <reference href="https://www.isaca.org/resources/cobit">BAI10.03</reference>
          <reference href="https://www.isaca.org/resources/cobit">BAI10.05</reference>
          <reference href="http://nvlpubs.nist.gov/nistpubs/SpecialPublications/NIST.SP.800-171.pdf">3.1.12</reference>
          <reference href="https://www.gpo.gov/fdsys/pkg/CFR-2007-title45-vol1/pdf/CFR-2007-title45-vol1-chapA-subchapC.pdf">164.308(a)(4)(i)</reference>
          <reference href="https://www.gpo.gov/fdsys/pkg/CFR-2007-title45-vol1/pdf/CFR-2007-title45-vol1-chapA-subchapC.pdf">164.308(b)(1)</reference>
          <reference href="https://www.gpo.gov/fdsys/pkg/CFR-2007-title45-vol1/pdf/CFR-2007-title45-vol1-chapA-subchapC.pdf">164.308(b)(3)</reference>
          <reference href="https://www.gpo.gov/fdsys/pkg/CFR-2007-title45-vol1/pdf/CFR-2007-title45-vol1-chapA-subchapC.pdf">164.310(b)</reference>
          <reference href="https://www.gpo.gov/fdsys/pkg/CFR-2007-title45-vol1/pdf/CFR-2007-title45-vol1-chapA-subchapC.pdf">164.312(e)(1)</reference>
          <reference href="https://www.gpo.gov/fdsys/pkg/CFR-2007-title45-vol1/pdf/CFR-2007-title45-vol1-chapA-subchapC.pdf">164.312(e)(2)(ii)</reference>
          <reference href="https://www.isa.org/products/isa-62443-2-1-2009-security-for-industrial-automat">4.3.4.3.2</reference>
          <reference href="https://www.isa.org/products/isa-62443-2-1-2009-security-for-industrial-automat">4.3.4.3.3</reference>
          <reference href="https://www.isa.org/products/ansi-isa-62443-3-3-99-03-03-2013-security-for-indu">SR 7.6</reference>
          <reference href="https://www.iso.org/contents/data/standard/05/45/54534.html">A.12.1.2</reference>
          <reference href="https://www.iso.org/contents/data/standard/05/45/54534.html">A.12.5.1</reference>
          <reference href="https://www.iso.org/contents/data/standard/05/45/54534.html">A.12.6.2</reference>
          <reference href="https://www.iso.org/contents/data/standard/05/45/54534.html">A.14.2.2</reference>
          <reference href="https://www.iso.org/contents/data/standard/05/45/54534.html">A.14.2.3</reference>
          <reference href="https://www.iso.org/contents/data/standard/05/45/54534.html">A.14.2.4</reference>
          <reference href="http://nvlpubs.nist.gov/nistpubs/SpecialPublications/NIST.SP.800-53r4.pdf">AC-17(a)</reference>
          <reference href="http://nvlpubs.nist.gov/nistpubs/SpecialPublications/NIST.SP.800-53r4.pdf">CM-7(a)</reference>
          <reference href="http://nvlpubs.nist.gov/nistpubs/SpecialPublications/NIST.SP.800-53r4.pdf">CM-7(b)</reference>
          <reference href="http://nvlpubs.nist.gov/nistpubs/SpecialPublications/NIST.SP.800-53r4.pdf">CM-6(a)</reference>
          <reference href="https://nvlpubs.nist.gov/nistpubs/CSWP/NIST.CSWP.04162018.pdf">PR.IP-1</reference>
          <reference href="https://www.niap-ccevs.org/Profile/PP.cfm">FTP_ITC_EXT.1</reference>
          <reference href="https://www.niap-ccevs.org/Profile/PP.cfm">FCS_SSH_EXT.1.2</reference>
          <reference href="https://www.cyber.mil/stigs/downloads/?_dl_facet_stigs=operating-systems%2Cgeneral-purpose-os">SRG-OS-000364-GPOS-00151</reference>
          <reference href="https://www.cyber.mil/stigs/downloads/?_dl_facet_stigs=operating-systems%2Cgeneral-purpose-os">SRG-OS-000480-GPOS-00227</reference>
          <reference href="not_publicly_available">SLES-15-600150435</reference>
          <reference href="https://www.cyber.gov.au/acsc/view-all-content/ism">0421</reference>
          <reference href="https://www.cyber.gov.au/acsc/view-all-content/ism">0422</reference>
          <reference href="https://www.cyber.gov.au/acsc/view-all-content/ism">0974</reference>
          <reference href="https://www.cyber.gov.au/acsc/view-all-content/ism">1173</reference>
          <reference href="https://www.cyber.gov.au/acsc/view-all-content/ism">1401</reference>
          <reference href="https://www.cyber.gov.au/acsc/view-all-content/ism">1504</reference>
          <reference href="https://www.cyber.gov.au/acsc/view-all-content/ism">1505</reference>
          <reference href="https://www.cyber.gov.au/acsc/view-all-content/ism">1546</reference>
          <reference href="https://www.cyber.gov.au/acsc/view-all-content/ism">1557</reference>
          <reference href="https://www.cyber.gov.au/acsc/view-all-content/ism">1558</reference>
          <reference href="https://www.cyber.gov.au/acsc/view-all-content/ism">1559</reference>
          <reference href="https://www.cyber.gov.au/acsc/view-all-content/ism">1560</reference>
          <reference href="https://www.cyber.gov.au/acsc/view-all-content/ism">1561</reference>
          <rationale xmlns:xhtml="http://www.w3.org/1999/xhtml" xml:lang="en-US">Kerberos authentication for SSH is often implemented using GSSAPI. If Kerberos
is enabled through SSH, the SSH daemon provides a means of access to the
system's Kerberos implementation.
Configuring these settings for the SSH daemon provides additional assurance that remote logon via SSH will not use unused methods of authentication, even in the event of misconfiguration elsewhere.</rationale>
          <ident system="https://ncp.nist.gov/cce">CCE-91442-4</ident>
          <fix xmlns:xhtml="http://www.w3.org/1999/xhtml" id="sshd_disable_kerb_auth" system="urn:xccdf:fix:script:sh" complexity="low" disruption="low" strategy="restrict"># Remediation is applicable only in certain platforms
if rpm --quiet -q kernel-default || rpm --quiet -q kernel-default-base; then

if [ -e "/etc/ssh/sshd_config" ] ; then
    
    LC_ALL=C sed -i "/^\s*KerberosAuthentication\s\+/Id" "/etc/ssh/sshd_config"
else
    touch "/etc/ssh/sshd_config"
fi
# make sure file has newline at the end
sed -i -e '$a\' "/etc/ssh/sshd_config"

cp "/etc/ssh/sshd_config" "/etc/ssh/sshd_config.bak"
# Insert at the beginning of the file
printf '%s\n' "KerberosAuthentication no" &gt; "/etc/ssh/sshd_config"
cat "/etc/ssh/sshd_config.bak" &gt;&gt; "/etc/ssh/sshd_config"
# Clean up after ourselves.
rm "/etc/ssh/sshd_config.bak"

else
    &gt;&amp;2 echo 'Remediation is not applicable, nothing was done'
fi
</fix>
          <fix xmlns:xhtml="http://www.w3.org/1999/xhtml" id="sshd_disable_kerb_auth" system="urn:xccdf:fix:script:ansible" complexity="low" disruption="low" strategy="restrict">- name: Gather the package facts
  package_facts:
    manager: auto
  tags:
  - CCE-91442-4
  - NIST-800-171-3.1.12
  - NIST-800-53-AC-17(a)
  - NIST-800-53-CM-6(a)
  - NIST-800-53-CM-7(a)
  - NIST-800-53-CM-7(b)
  - low_complexity
  - low_disruption
  - medium_severity
  - no_reboot_needed
  - restrict_strategy
  - sshd_disable_kerb_auth

- name: Disable Kerberos Authentication
  block:

  - name: Check for duplicate values
    ansible.builtin.lineinfile:
      path: /etc/ssh/sshd_config
      create: true
      regexp: (?i)(?i)^\s*KerberosAuthentication\s+
      state: absent
    check_mode: true
    changed_when: false
    register: dupes

  - name: Deduplicate values from /etc/ssh/sshd_config
    ansible.builtin.lineinfile:
      path: /etc/ssh/sshd_config
      create: true
      regexp: (?i)(?i)^\s*KerberosAuthentication\s+
      state: absent
    when: dupes.found is defined and dupes.found &gt; 1

  - name: Insert correct line to /etc/ssh/sshd_config
    ansible.builtin.lineinfile:
      path: /etc/ssh/sshd_config
      create: true
      regexp: (?i)(?i)^\s*KerberosAuthentication\s+
      line: KerberosAuthentication no
      state: present
      insertbefore: BOF
      validate: /usr/sbin/sshd -t -f %s
  when: ("kernel-default" in ansible_facts.packages or "kernel-default-base" in ansible_facts.packages)
  tags:
  - CCE-91442-4
  - NIST-800-171-3.1.12
  - NIST-800-53-AC-17(a)
  - NIST-800-53-CM-6(a)
  - NIST-800-53-CM-7(a)
  - NIST-800-53-CM-7(b)
  - low_complexity
  - low_disruption
  - medium_severity
  - no_reboot_needed
  - restrict_strategy
  - sshd_disable_kerb_auth
</fix>
          <check system="http://oval.mitre.org/XMLSchema/oval-definitions-5">
            <check-export export-name="oval:ssg-sshd_required:var:1" value-id="xccdf_org.ssgproject.content_value_sshd_required"/>
            <check-content-ref name="oval:ssg-sshd_disable_kerb_auth:def:1" href="ssg-sle15-oval.xml"/>
          </check>
          <check system="http://scap.nist.gov/schema/ocil/2">
            <check-content-ref name="ocil:ssg-sshd_disable_kerb_auth_ocil:questionnaire:1" href="ssg-sle15-ocil.xml"/>
          </check>
        </Rule>
        <Rule id="xccdf_org.ssgproject.content_rule_sshd_disable_pubkey_auth" selected="false" role="full" severity="medium">
          <title xmlns:xhtml="http://www.w3.org/1999/xhtml" xml:lang="en-US">Disable PubkeyAuthentication Authentication</title>
          <description xmlns:xhtml="http://www.w3.org/1999/xhtml" xml:lang="en-US">Unless needed, SSH should not permit extraneous or unnecessary
authentication mechanisms. To disable PubkeyAuthentication authentication, add or
correct the following line in


<html:code xmlns:html="http://www.w3.org/1999/xhtml">/etc/ssh/sshd_config</html:code>:

<html:pre xmlns:html="http://www.w3.org/1999/xhtml">PubkeyAuthentication no</html:pre>
       </description>
          <rationale xmlns:xhtml="http://www.w3.org/1999/xhtml" xml:lang="en-US">PubkeyAuthentication authentication is used to provide additional authentication mechanisms to
applications. Allowing PubkeyAuthentication authentication through SSH allows users to
generate their own authentication tokens, increasing the attack surface of the system.</rationale>
          <fix xmlns:xhtml="http://www.w3.org/1999/xhtml" id="sshd_disable_pubkey_auth" system="urn:xccdf:fix:script:sh" complexity="low" disruption="low" strategy="restrict"># Remediation is applicable only in certain platforms
if rpm --quiet -q kernel-default || rpm --quiet -q kernel-default-base; then

if [ -e "/etc/ssh/sshd_config" ] ; then
    
    LC_ALL=C sed -i "/^\s*PubkeyAuthentication\s\+/Id" "/etc/ssh/sshd_config"
else
    touch "/etc/ssh/sshd_config"
fi
# make sure file has newline at the end
sed -i -e '$a\' "/etc/ssh/sshd_config"

cp "/etc/ssh/sshd_config" "/etc/ssh/sshd_config.bak"
# Insert at the beginning of the file
printf '%s\n' "PubkeyAuthentication no" &gt; "/etc/ssh/sshd_config"
cat "/etc/ssh/sshd_config.bak" &gt;&gt; "/etc/ssh/sshd_config"
# Clean up after ourselves.
rm "/etc/ssh/sshd_config.bak"

else
    &gt;&amp;2 echo 'Remediation is not applicable, nothing was done'
fi
</fix>
          <fix xmlns:xhtml="http://www.w3.org/1999/xhtml" id="sshd_disable_pubkey_auth" system="urn:xccdf:fix:script:ansible" complexity="low" disruption="low" strategy="restrict">- name: Gather the package facts
  package_facts:
    manager: auto
  tags:
  - low_complexity
  - low_disruption
  - medium_severity
  - no_reboot_needed
  - restrict_strategy
  - sshd_disable_pubkey_auth

- name: Disable PubkeyAuthentication Authentication
  block:

  - name: Check for duplicate values
    ansible.builtin.lineinfile:
      path: /etc/ssh/sshd_config
      create: true
      regexp: (?i)(?i)^\s*PubkeyAuthentication\s+
      state: absent
    check_mode: true
    changed_when: false
    register: dupes

  - name: Deduplicate values from /etc/ssh/sshd_config
    ansible.builtin.lineinfile:
      path: /etc/ssh/sshd_config
      create: true
      regexp: (?i)(?i)^\s*PubkeyAuthentication\s+
      state: absent
    when: dupes.found is defined and dupes.found &gt; 1

  - name: Insert correct line to /etc/ssh/sshd_config
    ansible.builtin.lineinfile:
      path: /etc/ssh/sshd_config
      create: true
      regexp: (?i)(?i)^\s*PubkeyAuthentication\s+
      line: PubkeyAuthentication no
      state: present
      insertbefore: BOF
      validate: /usr/sbin/sshd -t -f %s
  when: ("kernel-default" in ansible_facts.packages or "kernel-default-base" in ansible_facts.packages)
  tags:
  - low_complexity
  - low_disruption
  - medium_severity
  - no_reboot_needed
  - restrict_strategy
  - sshd_disable_pubkey_auth
</fix>
          <check system="http://oval.mitre.org/XMLSchema/oval-definitions-5">
            <check-export export-name="oval:ssg-sshd_required:var:1" value-id="xccdf_org.ssgproject.content_value_sshd_required"/>
            <check-content-ref name="oval:ssg-sshd_disable_pubkey_auth:def:1" href="ssg-sle15-oval.xml"/>
          </check>
          <check system="http://scap.nist.gov/schema/ocil/2">
            <check-content-ref name="ocil:ssg-sshd_disable_pubkey_auth_ocil:questionnaire:1" href="ssg-sle15-ocil.xml"/>
          </check>
        </Rule>
        <Rule id="xccdf_org.ssgproject.content_rule_sshd_disable_rhosts" selected="false" role="full" severity="medium">
          <title xmlns:xhtml="http://www.w3.org/1999/xhtml" xml:lang="en-US">Disable SSH Support for .rhosts Files</title>
          <description xmlns:xhtml="http://www.w3.org/1999/xhtml" xml:lang="en-US">SSH can emulate the behavior of the obsolete rsh
command in allowing users to enable insecure access to their
accounts via <html:code xmlns:html="http://www.w3.org/1999/xhtml">.rhosts</html:code> files.
<html:br xmlns:html="http://www.w3.org/1999/xhtml"/>
The default SSH configuration disables support for <html:code xmlns:html="http://www.w3.org/1999/xhtml">.rhosts</html:code>. The appropriate
configuration is used if no value is set for <html:code xmlns:html="http://www.w3.org/1999/xhtml">IgnoreRhosts</html:code>.
<html:br xmlns:html="http://www.w3.org/1999/xhtml"/>
To explicitly disable support for .rhosts files, add or correct the following line in


<html:code xmlns:html="http://www.w3.org/1999/xhtml">/etc/ssh/sshd_config</html:code>:

<html:pre xmlns:html="http://www.w3.org/1999/xhtml">IgnoreRhosts yes</html:pre>
       </description>
          <reference href="https://www.cisecurity.org/controls/">11</reference>
          <reference href="https://www.cisecurity.org/controls/">12</reference>
          <reference href="https://www.cisecurity.org/controls/">14</reference>
          <reference href="https://www.cisecurity.org/controls/">15</reference>
          <reference href="https://www.cisecurity.org/controls/">16</reference>
          <reference href="https://www.cisecurity.org/controls/">18</reference>
          <reference href="https://www.cisecurity.org/controls/">3</reference>
          <reference href="https://www.cisecurity.org/controls/">5</reference>
          <reference href="https://www.cisecurity.org/controls/">9</reference>
          <reference href="https://www.fbi.gov/file-repository/cjis-security-policy-v5_5_20160601-2-1.pdf">5.5.6</reference>
          <reference href="https://www.isaca.org/resources/cobit">BAI10.01</reference>
          <reference href="https://www.isaca.org/resources/cobit">BAI10.02</reference>
          <reference href="https://www.isaca.org/resources/cobit">BAI10.03</reference>
          <reference href="https://www.isaca.org/resources/cobit">BAI10.05</reference>
          <reference href="https://www.isaca.org/resources/cobit">DSS05.02</reference>
          <reference href="https://www.isaca.org/resources/cobit">DSS05.04</reference>
          <reference href="https://www.isaca.org/resources/cobit">DSS05.05</reference>
          <reference href="https://www.isaca.org/resources/cobit">DSS05.07</reference>
          <reference href="https://www.isaca.org/resources/cobit">DSS06.03</reference>
          <reference href="https://www.isaca.org/resources/cobit">DSS06.06</reference>
          <reference href="http://nvlpubs.nist.gov/nistpubs/SpecialPublications/NIST.SP.800-171.pdf">3.1.12</reference>
          <reference href="https://www.isa.org/products/isa-62443-2-1-2009-security-for-industrial-automat">4.3.3.2.2</reference>
          <reference href="https://www.isa.org/products/isa-62443-2-1-2009-security-for-industrial-automat">4.3.3.5.1</reference>
          <reference href="https://www.isa.org/products/isa-62443-2-1-2009-security-for-industrial-automat">4.3.3.5.2</reference>
          <reference href="https://www.isa.org/products/isa-62443-2-1-2009-security-for-industrial-automat">4.3.3.5.3</reference>
          <reference href="https://www.isa.org/products/isa-62443-2-1-2009-security-for-industrial-automat">4.3.3.5.4</reference>
          <reference href="https://www.isa.org/products/isa-62443-2-1-2009-security-for-industrial-automat">4.3.3.5.5</reference>
          <reference href="https://www.isa.org/products/isa-62443-2-1-2009-security-for-industrial-automat">4.3.3.5.6</reference>
          <reference href="https://www.isa.org/products/isa-62443-2-1-2009-security-for-industrial-automat">4.3.3.5.7</reference>
          <reference href="https://www.isa.org/products/isa-62443-2-1-2009-security-for-industrial-automat">4.3.3.5.8</reference>
          <reference href="https://www.isa.org/products/isa-62443-2-1-2009-security-for-industrial-automat">4.3.3.6.1</reference>
          <reference href="https://www.isa.org/products/isa-62443-2-1-2009-security-for-industrial-automat">4.3.3.6.2</reference>
          <reference href="https://www.isa.org/products/isa-62443-2-1-2009-security-for-industrial-automat">4.3.3.6.3</reference>
          <reference href="https://www.isa.org/products/isa-62443-2-1-2009-security-for-industrial-automat">4.3.3.6.4</reference>
          <reference href="https://www.isa.org/products/isa-62443-2-1-2009-security-for-industrial-automat">4.3.3.6.5</reference>
          <reference href="https://www.isa.org/products/isa-62443-2-1-2009-security-for-industrial-automat">4.3.3.6.6</reference>
          <reference href="https://www.isa.org/products/isa-62443-2-1-2009-security-for-industrial-automat">4.3.3.6.7</reference>
          <reference href="https://www.isa.org/products/isa-62443-2-1-2009-security-for-industrial-automat">4.3.3.6.8</reference>
          <reference href="https://www.isa.org/products/isa-62443-2-1-2009-security-for-industrial-automat">4.3.3.6.9</reference>
          <reference href="https://www.isa.org/products/isa-62443-2-1-2009-security-for-industrial-automat">4.3.3.7.1</reference>
          <reference href="https://www.isa.org/products/isa-62443-2-1-2009-security-for-industrial-automat">4.3.3.7.2</reference>
          <reference href="https://www.isa.org/products/isa-62443-2-1-2009-security-for-industrial-automat">4.3.3.7.3</reference>
          <reference href="https://www.isa.org/products/isa-62443-2-1-2009-security-for-industrial-automat">4.3.3.7.4</reference>
          <reference href="https://www.isa.org/products/isa-62443-2-1-2009-security-for-industrial-automat">4.3.4.3.2</reference>
          <reference href="https://www.isa.org/products/isa-62443-2-1-2009-security-for-industrial-automat">4.3.4.3.3</reference>
          <reference href="https://www.isa.org/products/ansi-isa-62443-3-3-99-03-03-2013-security-for-indu">SR 1.1</reference>
          <reference href="https://www.isa.org/products/ansi-isa-62443-3-3-99-03-03-2013-security-for-indu">SR 1.10</reference>
          <reference href="https://www.isa.org/products/ansi-isa-62443-3-3-99-03-03-2013-security-for-indu">SR 1.11</reference>
          <reference href="https://www.isa.org/products/ansi-isa-62443-3-3-99-03-03-2013-security-for-indu">SR 1.12</reference>
          <reference href="https://www.isa.org/products/ansi-isa-62443-3-3-99-03-03-2013-security-for-indu">SR 1.13</reference>
          <reference href="https://www.isa.org/products/ansi-isa-62443-3-3-99-03-03-2013-security-for-indu">SR 1.2</reference>
          <reference href="https://www.isa.org/products/ansi-isa-62443-3-3-99-03-03-2013-security-for-indu">SR 1.3</reference>
          <reference href="https://www.isa.org/products/ansi-isa-62443-3-3-99-03-03-2013-security-for-indu">SR 1.4</reference>
          <reference href="https://www.isa.org/products/ansi-isa-62443-3-3-99-03-03-2013-security-for-indu">SR 1.5</reference>
          <reference href="https://www.isa.org/products/ansi-isa-62443-3-3-99-03-03-2013-security-for-indu">SR 1.6</reference>
          <reference href="https://www.isa.org/products/ansi-isa-62443-3-3-99-03-03-2013-security-for-indu">SR 1.7</reference>
          <reference href="https://www.isa.org/products/ansi-isa-62443-3-3-99-03-03-2013-security-for-indu">SR 1.8</reference>
          <reference href="https://www.isa.org/products/ansi-isa-62443-3-3-99-03-03-2013-security-for-indu">SR 1.9</reference>
          <reference href="https://www.isa.org/products/ansi-isa-62443-3-3-99-03-03-2013-security-for-indu">SR 2.1</reference>
          <reference href="https://www.isa.org/products/ansi-isa-62443-3-3-99-03-03-2013-security-for-indu">SR 2.2</reference>
          <reference href="https://www.isa.org/products/ansi-isa-62443-3-3-99-03-03-2013-security-for-indu">SR 2.3</reference>
          <reference href="https://www.isa.org/products/ansi-isa-62443-3-3-99-03-03-2013-security-for-indu">SR 2.4</reference>
          <reference href="https://www.isa.org/products/ansi-isa-62443-3-3-99-03-03-2013-security-for-indu">SR 2.5</reference>
          <reference href="https://www.isa.org/products/ansi-isa-62443-3-3-99-03-03-2013-security-for-indu">SR 2.6</reference>
          <reference href="https://www.isa.org/products/ansi-isa-62443-3-3-99-03-03-2013-security-for-indu">SR 2.7</reference>
          <reference href="https://www.isa.org/products/ansi-isa-62443-3-3-99-03-03-2013-security-for-indu">SR 7.6</reference>
          <reference href="https://www.iso.org/contents/data/standard/05/45/54534.html">A.12.1.2</reference>
          <reference href="https://www.iso.org/contents/data/standard/05/45/54534.html">A.12.5.1</reference>
          <reference href="https://www.iso.org/contents/data/standard/05/45/54534.html">A.12.6.2</reference>
          <reference href="https://www.iso.org/contents/data/standard/05/45/54534.html">A.14.2.2</reference>
          <reference href="https://www.iso.org/contents/data/standard/05/45/54534.html">A.14.2.3</reference>
          <reference href="https://www.iso.org/contents/data/standard/05/45/54534.html">A.14.2.4</reference>
          <reference href="https://www.iso.org/contents/data/standard/05/45/54534.html">A.6.1.2</reference>
          <reference href="https://www.iso.org/contents/data/standard/05/45/54534.html">A.7.1.1</reference>
          <reference href="https://www.iso.org/contents/data/standard/05/45/54534.html">A.9.1.2</reference>
          <reference href="https://www.iso.org/contents/data/standard/05/45/54534.html">A.9.2.1</reference>
          <reference href="https://www.iso.org/contents/data/standard/05/45/54534.html">A.9.2.3</reference>
          <reference href="https://www.iso.org/contents/data/standard/05/45/54534.html">A.9.4.1</reference>
          <reference href="https://www.iso.org/contents/data/standard/05/45/54534.html">A.9.4.4</reference>
          <reference href="https://www.iso.org/contents/data/standard/05/45/54534.html">A.9.4.5</reference>
          <reference href="http://nvlpubs.nist.gov/nistpubs/SpecialPublications/NIST.SP.800-53r4.pdf">AC-17(a)</reference>
          <reference href="http://nvlpubs.nist.gov/nistpubs/SpecialPublications/NIST.SP.800-53r4.pdf">CM-7(a)</reference>
          <reference href="http://nvlpubs.nist.gov/nistpubs/SpecialPublications/NIST.SP.800-53r4.pdf">CM-7(b)</reference>
          <reference href="http://nvlpubs.nist.gov/nistpubs/SpecialPublications/NIST.SP.800-53r4.pdf">CM-6(a)</reference>
          <reference href="https://nvlpubs.nist.gov/nistpubs/CSWP/NIST.CSWP.04162018.pdf">PR.AC-4</reference>
          <reference href="https://nvlpubs.nist.gov/nistpubs/CSWP/NIST.CSWP.04162018.pdf">PR.AC-6</reference>
          <reference href="https://nvlpubs.nist.gov/nistpubs/CSWP/NIST.CSWP.04162018.pdf">PR.IP-1</reference>
          <reference href="https://nvlpubs.nist.gov/nistpubs/CSWP/NIST.CSWP.04162018.pdf">PR.PT-3</reference>
          <reference href="https://www.cyber.mil/stigs/downloads/?_dl_facet_stigs=operating-systems%2Cgeneral-purpose-os">SRG-OS-000480-GPOS-00227</reference>
          <reference href="https://www.cisecurity.org/benchmark/suse_linux/">5.2.8</reference>
          <reference href="not_publicly_available">SLES-15-600150195</reference>
          <reference href="https://www.cyber.gov.au/acsc/view-all-content/ism">1546</reference>
          <reference href="https://docs-prv.pcisecuritystandards.org/PCI%20DSS/Standard/PCI-DSS-v4_0.pdf">2.2.6</reference>
          <reference href="https://docs-prv.pcisecuritystandards.org/PCI%20DSS/Standard/PCI-DSS-v4_0.pdf">2.2</reference>
          <rationale xmlns:xhtml="http://www.w3.org/1999/xhtml" xml:lang="en-US">SSH trust relationships mean a compromise on one host
can allow an attacker to move trivially to other hosts.</rationale>
          <ident system="https://ncp.nist.gov/cce">CCE-91307-9</ident>
          <fix xmlns:xhtml="http://www.w3.org/1999/xhtml" id="sshd_disable_rhosts" system="urn:xccdf:fix:script:sh" complexity="low" disruption="low" strategy="restrict"># Remediation is applicable only in certain platforms
if rpm --quiet -q kernel-default || rpm --quiet -q kernel-default-base; then

if [ -e "/etc/ssh/sshd_config" ] ; then
    
    LC_ALL=C sed -i "/^\s*IgnoreRhosts\s\+/Id" "/etc/ssh/sshd_config"
else
    touch "/etc/ssh/sshd_config"
fi
# make sure file has newline at the end
sed -i -e '$a\' "/etc/ssh/sshd_config"

cp "/etc/ssh/sshd_config" "/etc/ssh/sshd_config.bak"
# Insert at the beginning of the file
printf '%s\n' "IgnoreRhosts yes" &gt; "/etc/ssh/sshd_config"
cat "/etc/ssh/sshd_config.bak" &gt;&gt; "/etc/ssh/sshd_config"
# Clean up after ourselves.
rm "/etc/ssh/sshd_config.bak"

else
    &gt;&amp;2 echo 'Remediation is not applicable, nothing was done'
fi
</fix>
          <fix xmlns:xhtml="http://www.w3.org/1999/xhtml" id="sshd_disable_rhosts" system="urn:xccdf:fix:script:ansible" complexity="low" disruption="low" strategy="restrict">- name: Gather the package facts
  package_facts:
    manager: auto
  tags:
  - CCE-91307-9
  - CJIS-5.5.6
  - NIST-800-171-3.1.12
  - NIST-800-53-AC-17(a)
  - NIST-800-53-CM-6(a)
  - NIST-800-53-CM-7(a)
  - NIST-800-53-CM-7(b)
  - PCI-DSSv4-2.2
  - PCI-DSSv4-2.2.6
  - low_complexity
  - low_disruption
  - medium_severity
  - no_reboot_needed
  - restrict_strategy
  - sshd_disable_rhosts

- name: Disable SSH Support for .rhosts Files
  block:

  - name: Check for duplicate values
    ansible.builtin.lineinfile:
      path: /etc/ssh/sshd_config
      create: true
      regexp: (?i)(?i)^\s*IgnoreRhosts\s+
      state: absent
    check_mode: true
    changed_when: false
    register: dupes

  - name: Deduplicate values from /etc/ssh/sshd_config
    ansible.builtin.lineinfile:
      path: /etc/ssh/sshd_config
      create: true
      regexp: (?i)(?i)^\s*IgnoreRhosts\s+
      state: absent
    when: dupes.found is defined and dupes.found &gt; 1

  - name: Insert correct line to /etc/ssh/sshd_config
    ansible.builtin.lineinfile:
      path: /etc/ssh/sshd_config
      create: true
      regexp: (?i)(?i)^\s*IgnoreRhosts\s+
      line: IgnoreRhosts yes
      state: present
      insertbefore: BOF
      validate: /usr/sbin/sshd -t -f %s
  when: ("kernel-default" in ansible_facts.packages or "kernel-default-base" in ansible_facts.packages)
  tags:
  - CCE-91307-9
  - CJIS-5.5.6
  - NIST-800-171-3.1.12
  - NIST-800-53-AC-17(a)
  - NIST-800-53-CM-6(a)
  - NIST-800-53-CM-7(a)
  - NIST-800-53-CM-7(b)
  - PCI-DSSv4-2.2
  - PCI-DSSv4-2.2.6
  - low_complexity
  - low_disruption
  - medium_severity
  - no_reboot_needed
  - restrict_strategy
  - sshd_disable_rhosts
</fix>
          <check system="http://oval.mitre.org/XMLSchema/oval-definitions-5">
            <check-export export-name="oval:ssg-sshd_required:var:1" value-id="xccdf_org.ssgproject.content_value_sshd_required"/>
            <check-content-ref name="oval:ssg-sshd_disable_rhosts:def:1" href="ssg-sle15-oval.xml"/>
          </check>
          <check system="http://scap.nist.gov/schema/ocil/2">
            <check-content-ref name="ocil:ssg-sshd_disable_rhosts_ocil:questionnaire:1" href="ssg-sle15-ocil.xml"/>
          </check>
        </Rule>
        <Rule id="xccdf_org.ssgproject.content_rule_sshd_disable_rhosts_rsa" selected="false" role="full" severity="medium">
          <title xmlns:xhtml="http://www.w3.org/1999/xhtml" xml:lang="en-US">Disable SSH Support for Rhosts RSA Authentication</title>
          <description xmlns:xhtml="http://www.w3.org/1999/xhtml" xml:lang="en-US">SSH can allow authentication through the obsolete rsh
command through the use of the authenticating user's SSH keys. This should be disabled.
<html:br xmlns:html="http://www.w3.org/1999/xhtml"/>
        <html:br xmlns:html="http://www.w3.org/1999/xhtml"/>
To ensure this behavior is disabled, add or correct the
following line in <html:code xmlns:html="http://www.w3.org/1999/xhtml">/etc/ssh/sshd_config</html:code>:
<html:pre xmlns:html="http://www.w3.org/1999/xhtml">RhostsRSAAuthentication no</html:pre>
       </description>
          <warning xmlns:xhtml="http://www.w3.org/1999/xhtml" xml:lang="en-US" category="general">As of <html:code xmlns:html="http://www.w3.org/1999/xhtml">openssh-server</html:code> version <html:code xmlns:html="http://www.w3.org/1999/xhtml">7.4</html:code> and above,
the <html:code xmlns:html="http://www.w3.org/1999/xhtml">RhostsRSAAuthentication</html:code> option has been deprecated, and the line
<html:pre xmlns:html="http://www.w3.org/1999/xhtml">RhostsRSAAuthentication no</html:pre> in <html:code xmlns:html="http://www.w3.org/1999/xhtml">/etc/ssh/sshd_config</html:code> is not
necessary.</warning>
          <reference href="https://www.cisecurity.org/controls/">11</reference>
          <reference href="https://www.cisecurity.org/controls/">3</reference>
          <reference href="https://www.cisecurity.org/controls/">9</reference>
          <reference href="https://www.isaca.org/resources/cobit">BAI10.01</reference>
          <reference href="https://www.isaca.org/resources/cobit">BAI10.02</reference>
          <reference href="https://www.isaca.org/resources/cobit">BAI10.03</reference>
          <reference href="https://www.isaca.org/resources/cobit">BAI10.05</reference>
          <reference href="http://nvlpubs.nist.gov/nistpubs/SpecialPublications/NIST.SP.800-171.pdf">3.1.12</reference>
          <reference href="https://www.gpo.gov/fdsys/pkg/CFR-2007-title45-vol1/pdf/CFR-2007-title45-vol1-chapA-subchapC.pdf">164.308(a)(4)(i)</reference>
          <reference href="https://www.gpo.gov/fdsys/pkg/CFR-2007-title45-vol1/pdf/CFR-2007-title45-vol1-chapA-subchapC.pdf">164.308(b)(1)</reference>
          <reference href="https://www.gpo.gov/fdsys/pkg/CFR-2007-title45-vol1/pdf/CFR-2007-title45-vol1-chapA-subchapC.pdf">164.308(b)(3)</reference>
          <reference href="https://www.gpo.gov/fdsys/pkg/CFR-2007-title45-vol1/pdf/CFR-2007-title45-vol1-chapA-subchapC.pdf">164.310(b)</reference>
          <reference href="https://www.gpo.gov/fdsys/pkg/CFR-2007-title45-vol1/pdf/CFR-2007-title45-vol1-chapA-subchapC.pdf">164.312(e)(1)</reference>
          <reference href="https://www.gpo.gov/fdsys/pkg/CFR-2007-title45-vol1/pdf/CFR-2007-title45-vol1-chapA-subchapC.pdf">164.312(e)(2)(ii)</reference>
          <reference href="https://www.isa.org/products/isa-62443-2-1-2009-security-for-industrial-automat">4.3.4.3.2</reference>
          <reference href="https://www.isa.org/products/isa-62443-2-1-2009-security-for-industrial-automat">4.3.4.3.3</reference>
          <reference href="https://www.isa.org/products/ansi-isa-62443-3-3-99-03-03-2013-security-for-indu">SR 7.6</reference>
          <reference href="https://www.iso.org/contents/data/standard/05/45/54534.html">A.12.1.2</reference>
          <reference href="https://www.iso.org/contents/data/standard/05/45/54534.html">A.12.5.1</reference>
          <reference href="https://www.iso.org/contents/data/standard/05/45/54534.html">A.12.6.2</reference>
          <reference href="https://www.iso.org/contents/data/standard/05/45/54534.html">A.14.2.2</reference>
          <reference href="https://www.iso.org/contents/data/standard/05/45/54534.html">A.14.2.3</reference>
          <reference href="https://www.iso.org/contents/data/standard/05/45/54534.html">A.14.2.4</reference>
          <reference href="http://nvlpubs.nist.gov/nistpubs/SpecialPublications/NIST.SP.800-53r4.pdf">AC-17(a)</reference>
          <reference href="http://nvlpubs.nist.gov/nistpubs/SpecialPublications/NIST.SP.800-53r4.pdf">CM-7(a)</reference>
          <reference href="http://nvlpubs.nist.gov/nistpubs/SpecialPublications/NIST.SP.800-53r4.pdf">CM-7(b)</reference>
          <reference href="http://nvlpubs.nist.gov/nistpubs/SpecialPublications/NIST.SP.800-53r4.pdf">CM-6(a)</reference>
          <reference href="https://nvlpubs.nist.gov/nistpubs/CSWP/NIST.CSWP.04162018.pdf">PR.IP-1</reference>
          <reference href="https://www.cyber.mil/stigs/downloads/?_dl_facet_stigs=operating-systems%2Cgeneral-purpose-os">SRG-OS-000480-GPOS-00227</reference>
          <rationale xmlns:xhtml="http://www.w3.org/1999/xhtml" xml:lang="en-US">Configuring this setting for the SSH daemon provides additional
assurance that remote login via SSH will require a password, even
in the event of misconfiguration elsewhere.</rationale>
          <fix xmlns:xhtml="http://www.w3.org/1999/xhtml" id="sshd_disable_rhosts_rsa" system="urn:xccdf:fix:script:sh" complexity="low" disruption="low" strategy="restrict"># Remediation is applicable only in certain platforms
if rpm --quiet -q kernel-default || rpm --quiet -q kernel-default-base; then

if [ -e "/etc/ssh/sshd_config" ] ; then
    
    LC_ALL=C sed -i "/^\s*RhostsRSAAuthentication\s\+/Id" "/etc/ssh/sshd_config"
else
    touch "/etc/ssh/sshd_config"
fi
# make sure file has newline at the end
sed -i -e '$a\' "/etc/ssh/sshd_config"

cp "/etc/ssh/sshd_config" "/etc/ssh/sshd_config.bak"
# Insert at the beginning of the file
printf '%s\n' "RhostsRSAAuthentication no" &gt; "/etc/ssh/sshd_config"
cat "/etc/ssh/sshd_config.bak" &gt;&gt; "/etc/ssh/sshd_config"
# Clean up after ourselves.
rm "/etc/ssh/sshd_config.bak"

else
    &gt;&amp;2 echo 'Remediation is not applicable, nothing was done'
fi
</fix>
          <fix xmlns:xhtml="http://www.w3.org/1999/xhtml" id="sshd_disable_rhosts_rsa" system="urn:xccdf:fix:script:ansible" complexity="low" disruption="low" strategy="restrict">- name: Gather the package facts
  package_facts:
    manager: auto
  tags:
  - NIST-800-171-3.1.12
  - NIST-800-53-AC-17(a)
  - NIST-800-53-CM-6(a)
  - NIST-800-53-CM-7(a)
  - NIST-800-53-CM-7(b)
  - low_complexity
  - low_disruption
  - medium_severity
  - no_reboot_needed
  - restrict_strategy
  - sshd_disable_rhosts_rsa

- name: Disable SSH Support for Rhosts RSA Authentication
  block:

  - name: Check for duplicate values
    ansible.builtin.lineinfile:
      path: /etc/ssh/sshd_config
      create: true
      regexp: (?i)(?i)^\s*RhostsRSAAuthentication\s+
      state: absent
    check_mode: true
    changed_when: false
    register: dupes

  - name: Deduplicate values from /etc/ssh/sshd_config
    ansible.builtin.lineinfile:
      path: /etc/ssh/sshd_config
      create: true
      regexp: (?i)(?i)^\s*RhostsRSAAuthentication\s+
      state: absent
    when: dupes.found is defined and dupes.found &gt; 1

  - name: Insert correct line to /etc/ssh/sshd_config
    ansible.builtin.lineinfile:
      path: /etc/ssh/sshd_config
      create: true
      regexp: (?i)(?i)^\s*RhostsRSAAuthentication\s+
      line: RhostsRSAAuthentication no
      state: present
      insertbefore: BOF
      validate: /usr/sbin/sshd -t -f %s
  when: ("kernel-default" in ansible_facts.packages or "kernel-default-base" in ansible_facts.packages)
  tags:
  - NIST-800-171-3.1.12
  - NIST-800-53-AC-17(a)
  - NIST-800-53-CM-6(a)
  - NIST-800-53-CM-7(a)
  - NIST-800-53-CM-7(b)
  - low_complexity
  - low_disruption
  - medium_severity
  - no_reboot_needed
  - restrict_strategy
  - sshd_disable_rhosts_rsa
</fix>
          <check system="http://oval.mitre.org/XMLSchema/oval-definitions-5">
            <check-export export-name="oval:ssg-sshd_required:var:1" value-id="xccdf_org.ssgproject.content_value_sshd_required"/>
            <check-content-ref name="oval:ssg-sshd_disable_rhosts_rsa:def:1" href="ssg-sle15-oval.xml"/>
          </check>
          <check system="http://scap.nist.gov/schema/ocil/2">
            <check-content-ref name="ocil:ssg-sshd_disable_rhosts_rsa_ocil:questionnaire:1" href="ssg-sle15-ocil.xml"/>
          </check>
        </Rule>
        <Rule id="xccdf_org.ssgproject.content_rule_sshd_disable_root_login" selected="false" role="full" severity="medium">
          <title xmlns:xhtml="http://www.w3.org/1999/xhtml" xml:lang="en-US">Disable SSH Root Login</title>
          <description xmlns:xhtml="http://www.w3.org/1999/xhtml" xml:lang="en-US">The root user should never be allowed to login to a
system directly over a network.
To disable root login via SSH, add or correct the following line in


<html:code xmlns:html="http://www.w3.org/1999/xhtml">/etc/ssh/sshd_config</html:code>:

<html:pre xmlns:html="http://www.w3.org/1999/xhtml">PermitRootLogin no</html:pre>
       </description>
          <reference href="https://www.cisecurity.org/controls/">1</reference>
          <reference href="https://www.cisecurity.org/controls/">11</reference>
          <reference href="https://www.cisecurity.org/controls/">12</reference>
          <reference href="https://www.cisecurity.org/controls/">13</reference>
          <reference href="https://www.cisecurity.org/controls/">14</reference>
          <reference href="https://www.cisecurity.org/controls/">15</reference>
          <reference href="https://www.cisecurity.org/controls/">16</reference>
          <reference href="https://www.cisecurity.org/controls/">18</reference>
          <reference href="https://www.cisecurity.org/controls/">3</reference>
          <reference href="https://www.cisecurity.org/controls/">5</reference>
          <reference href="https://www.fbi.gov/file-repository/cjis-security-policy-v5_5_20160601-2-1.pdf">5.5.6</reference>
          <reference href="https://www.isaca.org/resources/cobit">APO01.06</reference>
          <reference href="https://www.isaca.org/resources/cobit">DSS05.02</reference>
          <reference href="https://www.isaca.org/resources/cobit">DSS05.04</reference>
          <reference href="https://www.isaca.org/resources/cobit">DSS05.05</reference>
          <reference href="https://www.isaca.org/resources/cobit">DSS05.07</reference>
          <reference href="https://www.isaca.org/resources/cobit">DSS05.10</reference>
          <reference href="https://www.isaca.org/resources/cobit">DSS06.02</reference>
          <reference href="https://www.isaca.org/resources/cobit">DSS06.03</reference>
          <reference href="https://www.isaca.org/resources/cobit">DSS06.06</reference>
          <reference href="https://www.isaca.org/resources/cobit">DSS06.10</reference>
          <reference href="http://nvlpubs.nist.gov/nistpubs/SpecialPublications/NIST.SP.800-171.pdf">3.1.1</reference>
          <reference href="http://nvlpubs.nist.gov/nistpubs/SpecialPublications/NIST.SP.800-171.pdf">3.1.5</reference>
          <reference href="https://www.gpo.gov/fdsys/pkg/CFR-2007-title45-vol1/pdf/CFR-2007-title45-vol1-chapA-subchapC.pdf">164.308(a)(4)(i)</reference>
          <reference href="https://www.gpo.gov/fdsys/pkg/CFR-2007-title45-vol1/pdf/CFR-2007-title45-vol1-chapA-subchapC.pdf">164.308(b)(1)</reference>
          <reference href="https://www.gpo.gov/fdsys/pkg/CFR-2007-title45-vol1/pdf/CFR-2007-title45-vol1-chapA-subchapC.pdf">164.308(b)(3)</reference>
          <reference href="https://www.gpo.gov/fdsys/pkg/CFR-2007-title45-vol1/pdf/CFR-2007-title45-vol1-chapA-subchapC.pdf">164.310(b)</reference>
          <reference href="https://www.gpo.gov/fdsys/pkg/CFR-2007-title45-vol1/pdf/CFR-2007-title45-vol1-chapA-subchapC.pdf">164.312(e)(1)</reference>
          <reference href="https://www.gpo.gov/fdsys/pkg/CFR-2007-title45-vol1/pdf/CFR-2007-title45-vol1-chapA-subchapC.pdf">164.312(e)(2)(ii)</reference>
          <reference href="https://www.isa.org/products/isa-62443-2-1-2009-security-for-industrial-automat">4.3.3.2.2</reference>
          <reference href="https://www.isa.org/products/isa-62443-2-1-2009-security-for-industrial-automat">4.3.3.5.1</reference>
          <reference href="https://www.isa.org/products/isa-62443-2-1-2009-security-for-industrial-automat">4.3.3.5.2</reference>
          <reference href="https://www.isa.org/products/isa-62443-2-1-2009-security-for-industrial-automat">4.3.3.5.3</reference>
          <reference href="https://www.isa.org/products/isa-62443-2-1-2009-security-for-industrial-automat">4.3.3.5.4</reference>
          <reference href="https://www.isa.org/products/isa-62443-2-1-2009-security-for-industrial-automat">4.3.3.5.5</reference>
          <reference href="https://www.isa.org/products/isa-62443-2-1-2009-security-for-industrial-automat">4.3.3.5.6</reference>
          <reference href="https://www.isa.org/products/isa-62443-2-1-2009-security-for-industrial-automat">4.3.3.5.7</reference>
          <reference href="https://www.isa.org/products/isa-62443-2-1-2009-security-for-industrial-automat">4.3.3.5.8</reference>
          <reference href="https://www.isa.org/products/isa-62443-2-1-2009-security-for-industrial-automat">4.3.3.6.1</reference>
          <reference href="https://www.isa.org/products/isa-62443-2-1-2009-security-for-industrial-automat">4.3.3.6.2</reference>
          <reference href="https://www.isa.org/products/isa-62443-2-1-2009-security-for-industrial-automat">4.3.3.6.3</reference>
          <reference href="https://www.isa.org/products/isa-62443-2-1-2009-security-for-industrial-automat">4.3.3.6.4</reference>
          <reference href="https://www.isa.org/products/isa-62443-2-1-2009-security-for-industrial-automat">4.3.3.6.5</reference>
          <reference href="https://www.isa.org/products/isa-62443-2-1-2009-security-for-industrial-automat">4.3.3.6.6</reference>
          <reference href="https://www.isa.org/products/isa-62443-2-1-2009-security-for-industrial-automat">4.3.3.6.7</reference>
          <reference href="https://www.isa.org/products/isa-62443-2-1-2009-security-for-industrial-automat">4.3.3.6.8</reference>
          <reference href="https://www.isa.org/products/isa-62443-2-1-2009-security-for-industrial-automat">4.3.3.6.9</reference>
          <reference href="https://www.isa.org/products/isa-62443-2-1-2009-security-for-industrial-automat">4.3.3.7.1</reference>
          <reference href="https://www.isa.org/products/isa-62443-2-1-2009-security-for-industrial-automat">4.3.3.7.2</reference>
          <reference href="https://www.isa.org/products/isa-62443-2-1-2009-security-for-industrial-automat">4.3.3.7.3</reference>
          <reference href="https://www.isa.org/products/isa-62443-2-1-2009-security-for-industrial-automat">4.3.3.7.4</reference>
          <reference href="https://www.isa.org/products/ansi-isa-62443-3-3-99-03-03-2013-security-for-indu">SR 1.1</reference>
          <reference href="https://www.isa.org/products/ansi-isa-62443-3-3-99-03-03-2013-security-for-indu">SR 1.10</reference>
          <reference href="https://www.isa.org/products/ansi-isa-62443-3-3-99-03-03-2013-security-for-indu">SR 1.11</reference>
          <reference href="https://www.isa.org/products/ansi-isa-62443-3-3-99-03-03-2013-security-for-indu">SR 1.12</reference>
          <reference href="https://www.isa.org/products/ansi-isa-62443-3-3-99-03-03-2013-security-for-indu">SR 1.13</reference>
          <reference href="https://www.isa.org/products/ansi-isa-62443-3-3-99-03-03-2013-security-for-indu">SR 1.2</reference>
          <reference href="https://www.isa.org/products/ansi-isa-62443-3-3-99-03-03-2013-security-for-indu">SR 1.3</reference>
          <reference href="https://www.isa.org/products/ansi-isa-62443-3-3-99-03-03-2013-security-for-indu">SR 1.4</reference>
          <reference href="https://www.isa.org/products/ansi-isa-62443-3-3-99-03-03-2013-security-for-indu">SR 1.5</reference>
          <reference href="https://www.isa.org/products/ansi-isa-62443-3-3-99-03-03-2013-security-for-indu">SR 1.6</reference>
          <reference href="https://www.isa.org/products/ansi-isa-62443-3-3-99-03-03-2013-security-for-indu">SR 1.7</reference>
          <reference href="https://www.isa.org/products/ansi-isa-62443-3-3-99-03-03-2013-security-for-indu">SR 1.8</reference>
          <reference href="https://www.isa.org/products/ansi-isa-62443-3-3-99-03-03-2013-security-for-indu">SR 1.9</reference>
          <reference href="https://www.isa.org/products/ansi-isa-62443-3-3-99-03-03-2013-security-for-indu">SR 2.1</reference>
          <reference href="https://www.isa.org/products/ansi-isa-62443-3-3-99-03-03-2013-security-for-indu">SR 2.2</reference>
          <reference href="https://www.isa.org/products/ansi-isa-62443-3-3-99-03-03-2013-security-for-indu">SR 2.3</reference>
          <reference href="https://www.isa.org/products/ansi-isa-62443-3-3-99-03-03-2013-security-for-indu">SR 2.4</reference>
          <reference href="https://www.isa.org/products/ansi-isa-62443-3-3-99-03-03-2013-security-for-indu">SR 2.5</reference>
          <reference href="https://www.isa.org/products/ansi-isa-62443-3-3-99-03-03-2013-security-for-indu">SR 2.6</reference>
          <reference href="https://www.isa.org/products/ansi-isa-62443-3-3-99-03-03-2013-security-for-indu">SR 2.7</reference>
          <reference href="https://www.isa.org/products/ansi-isa-62443-3-3-99-03-03-2013-security-for-indu">SR 5.2</reference>
          <reference href="https://www.iso.org/contents/data/standard/05/45/54534.html">A.10.1.1</reference>
          <reference href="https://www.iso.org/contents/data/standard/05/45/54534.html">A.11.1.4</reference>
          <reference href="https://www.iso.org/contents/data/standard/05/45/54534.html">A.11.1.5</reference>
          <reference href="https://www.iso.org/contents/data/standard/05/45/54534.html">A.11.2.1</reference>
          <reference href="https://www.iso.org/contents/data/standard/05/45/54534.html">A.13.1.1</reference>
          <reference href="https://www.iso.org/contents/data/standard/05/45/54534.html">A.13.1.3</reference>
          <reference href="https://www.iso.org/contents/data/standard/05/45/54534.html">A.13.2.1</reference>
          <reference href="https://www.iso.org/contents/data/standard/05/45/54534.html">A.13.2.3</reference>
          <reference href="https://www.iso.org/contents/data/standard/05/45/54534.html">A.13.2.4</reference>
          <reference href="https://www.iso.org/contents/data/standard/05/45/54534.html">A.14.1.2</reference>
          <reference href="https://www.iso.org/contents/data/standard/05/45/54534.html">A.14.1.3</reference>
          <reference href="https://www.iso.org/contents/data/standard/05/45/54534.html">A.18.1.4</reference>
          <reference href="https://www.iso.org/contents/data/standard/05/45/54534.html">A.6.1.2</reference>
          <reference href="https://www.iso.org/contents/data/standard/05/45/54534.html">A.7.1.1</reference>
          <reference href="https://www.iso.org/contents/data/standard/05/45/54534.html">A.7.1.2</reference>
          <reference href="https://www.iso.org/contents/data/standard/05/45/54534.html">A.7.3.1</reference>
          <reference href="https://www.iso.org/contents/data/standard/05/45/54534.html">A.8.2.2</reference>
          <reference href="https://www.iso.org/contents/data/standard/05/45/54534.html">A.8.2.3</reference>
          <reference href="https://www.iso.org/contents/data/standard/05/45/54534.html">A.9.1.1</reference>
          <reference href="https://www.iso.org/contents/data/standard/05/45/54534.html">A.9.1.2</reference>
          <reference href="https://www.iso.org/contents/data/standard/05/45/54534.html">A.9.2.1</reference>
          <reference href="https://www.iso.org/contents/data/standard/05/45/54534.html">A.9.2.2</reference>
          <reference href="https://www.iso.org/contents/data/standard/05/45/54534.html">A.9.2.3</reference>
          <reference href="https://www.iso.org/contents/data/standard/05/45/54534.html">A.9.2.4</reference>
          <reference href="https://www.iso.org/contents/data/standard/05/45/54534.html">A.9.2.6</reference>
          <reference href="https://www.iso.org/contents/data/standard/05/45/54534.html">A.9.3.1</reference>
          <reference href="https://www.iso.org/contents/data/standard/05/45/54534.html">A.9.4.1</reference>
          <reference href="https://www.iso.org/contents/data/standard/05/45/54534.html">A.9.4.2</reference>
          <reference href="https://www.iso.org/contents/data/standard/05/45/54534.html">A.9.4.3</reference>
          <reference href="https://www.iso.org/contents/data/standard/05/45/54534.html">A.9.4.4</reference>
          <reference href="https://www.iso.org/contents/data/standard/05/45/54534.html">A.9.4.5</reference>
          <reference href="https://www.nerc.com/standards/reliability-standards/cip">CIP-003-8 R5.1.1</reference>
          <reference href="https://www.nerc.com/standards/reliability-standards/cip">CIP-003-8 R5.3</reference>
          <reference href="https://www.nerc.com/standards/reliability-standards/cip">CIP-004-6 R2.2.3</reference>
          <reference href="https://www.nerc.com/standards/reliability-standards/cip">CIP-004-6 R2.3</reference>
          <reference href="https://www.nerc.com/standards/reliability-standards/cip">CIP-007-3 R2.1</reference>
          <reference href="https://www.nerc.com/standards/reliability-standards/cip">CIP-007-3 R2.2</reference>
          <reference href="https://www.nerc.com/standards/reliability-standards/cip">CIP-007-3 R2.3</reference>
          <reference href="https://www.nerc.com/standards/reliability-standards/cip">CIP-007-3 R5.1</reference>
          <reference href="https://www.nerc.com/standards/reliability-standards/cip">CIP-007-3 R5.1.1</reference>
          <reference href="https://www.nerc.com/standards/reliability-standards/cip">CIP-007-3 R5.1.2</reference>
          <reference href="https://www.nerc.com/standards/reliability-standards/cip">CIP-007-3 R5.2</reference>
          <reference href="https://www.nerc.com/standards/reliability-standards/cip">CIP-007-3 R5.3.1</reference>
          <reference href="https://www.nerc.com/standards/reliability-standards/cip">CIP-007-3 R5.3.2</reference>
          <reference href="https://www.nerc.com/standards/reliability-standards/cip">CIP-007-3 R5.3.3</reference>
          <reference href="http://nvlpubs.nist.gov/nistpubs/SpecialPublications/NIST.SP.800-53r4.pdf">AC-6(2)</reference>
          <reference href="http://nvlpubs.nist.gov/nistpubs/SpecialPublications/NIST.SP.800-53r4.pdf">AC-17(a)</reference>
          <reference href="http://nvlpubs.nist.gov/nistpubs/SpecialPublications/NIST.SP.800-53r4.pdf">IA-2</reference>
          <reference href="http://nvlpubs.nist.gov/nistpubs/SpecialPublications/NIST.SP.800-53r4.pdf">IA-2(5)</reference>
          <reference href="http://nvlpubs.nist.gov/nistpubs/SpecialPublications/NIST.SP.800-53r4.pdf">CM-7(a)</reference>
          <reference href="http://nvlpubs.nist.gov/nistpubs/SpecialPublications/NIST.SP.800-53r4.pdf">CM-7(b)</reference>
          <reference href="http://nvlpubs.nist.gov/nistpubs/SpecialPublications/NIST.SP.800-53r4.pdf">CM-6(a)</reference>
          <reference href="https://nvlpubs.nist.gov/nistpubs/CSWP/NIST.CSWP.04162018.pdf">PR.AC-1</reference>
          <reference href="https://nvlpubs.nist.gov/nistpubs/CSWP/NIST.CSWP.04162018.pdf">PR.AC-4</reference>
          <reference href="https://nvlpubs.nist.gov/nistpubs/CSWP/NIST.CSWP.04162018.pdf">PR.AC-6</reference>
          <reference href="https://nvlpubs.nist.gov/nistpubs/CSWP/NIST.CSWP.04162018.pdf">PR.AC-7</reference>
          <reference href="https://nvlpubs.nist.gov/nistpubs/CSWP/NIST.CSWP.04162018.pdf">PR.DS-5</reference>
          <reference href="https://nvlpubs.nist.gov/nistpubs/CSWP/NIST.CSWP.04162018.pdf">PR.PT-3</reference>
          <reference href="https://www.niap-ccevs.org/Profile/PP.cfm">FAU_GEN.1</reference>
          <reference href="https://www.pcisecuritystandards.org/documents/PCI_DSS_v3-2-1.pdf">Req-2.2.4</reference>
          <reference href="https://www.cyber.mil/stigs/downloads/?_dl_facet_stigs=operating-systems%2Cgeneral-purpose-os">SRG-OS-000109-GPOS-00056</reference>
          <reference href="https://www.cyber.mil/stigs/downloads/?_dl_facet_stigs=operating-systems%2Cgeneral-purpose-os">SRG-OS-000480-GPOS-00227</reference>
          <reference href="https://www.cyber.mil/stigs/downloads/?_dl_facet_stigs=app-security">SRG-APP-000148-CTR-000335</reference>
          <reference href="https://www.cyber.mil/stigs/downloads/?_dl_facet_stigs=app-security">SRG-APP-000190-CTR-000500</reference>
          <reference href="https://www.cyber.mil/stigs/downloads/?_dl_facet_stigs=operating-systems%2Cunix-linux">SLES-15-020040</reference>
          <reference href="https://www.cisecurity.org/benchmark/suse_linux/">5.2.10</reference>
          <reference href="https://cyber.gouv.fr/sites/default/files/document/linux_configuration-en-v2.pdf">R33</reference>
          <reference href="not_publicly_available">SLES-15-600150300</reference>
          <reference href="https://www.cyber.gov.au/acsc/view-all-content/ism">1546</reference>
          <reference href="https://docs-prv.pcisecuritystandards.org/PCI%20DSS/Standard/PCI-DSS-v4_0.pdf">2.2.6</reference>
          <reference href="https://docs-prv.pcisecuritystandards.org/PCI%20DSS/Standard/PCI-DSS-v4_0.pdf">2.2</reference>
          <reference href="https://www.cyber.mil/stigs/srg-stig-tools/">SV-234870r1009618_rule</reference>
          <rationale xmlns:xhtml="http://www.w3.org/1999/xhtml" xml:lang="en-US">Even though the communications channel may be encrypted, an additional layer of
security is gained by extending the policy of not logging directly on as root.
In addition, logging in with a user-specific account provides individual
accountability of actions performed on the system and also helps to minimize
direct attack attempts on root's password.</rationale>
          <ident system="https://ncp.nist.gov/cce">CCE-85557-7</ident>
          <fix xmlns:xhtml="http://www.w3.org/1999/xhtml" id="sshd_disable_root_login" system="urn:xccdf:fix:script:sh" complexity="low" disruption="low" strategy="restrict"># Remediation is applicable only in certain platforms
if rpm --quiet -q kernel-default || rpm --quiet -q kernel-default-base; then

if [ -e "/etc/ssh/sshd_config" ] ; then
    
    LC_ALL=C sed -i "/^\s*PermitRootLogin\s\+/Id" "/etc/ssh/sshd_config"
else
    touch "/etc/ssh/sshd_config"
fi
# make sure file has newline at the end
sed -i -e '$a\' "/etc/ssh/sshd_config"

cp "/etc/ssh/sshd_config" "/etc/ssh/sshd_config.bak"
# Insert at the beginning of the file
printf '%s\n' "PermitRootLogin no" &gt; "/etc/ssh/sshd_config"
cat "/etc/ssh/sshd_config.bak" &gt;&gt; "/etc/ssh/sshd_config"
# Clean up after ourselves.
rm "/etc/ssh/sshd_config.bak"

else
    &gt;&amp;2 echo 'Remediation is not applicable, nothing was done'
fi
</fix>
          <fix xmlns:xhtml="http://www.w3.org/1999/xhtml" id="sshd_disable_root_login" system="urn:xccdf:fix:script:ansible" complexity="low" disruption="low" strategy="restrict">- name: Gather the package facts
  package_facts:
    manager: auto
  tags:
  - CCE-85557-7
  - CJIS-5.5.6
  - DISA-STIG-SLES-15-020040
  - NIST-800-171-3.1.1
  - NIST-800-171-3.1.5
  - NIST-800-53-AC-17(a)
  - NIST-800-53-AC-6(2)
  - NIST-800-53-CM-6(a)
  - NIST-800-53-CM-7(a)
  - NIST-800-53-CM-7(b)
  - NIST-800-53-IA-2
  - NIST-800-53-IA-2(5)
  - PCI-DSS-Req-2.2.4
  - PCI-DSSv4-2.2
  - PCI-DSSv4-2.2.6
  - low_complexity
  - low_disruption
  - medium_severity
  - no_reboot_needed
  - restrict_strategy
  - sshd_disable_root_login

- name: Disable SSH Root Login
  block:

  - name: Check for duplicate values
    ansible.builtin.lineinfile:
      path: /etc/ssh/sshd_config
      create: true
      regexp: (?i)(?i)^\s*PermitRootLogin\s+
      state: absent
    check_mode: true
    changed_when: false
    register: dupes

  - name: Deduplicate values from /etc/ssh/sshd_config
    ansible.builtin.lineinfile:
      path: /etc/ssh/sshd_config
      create: true
      regexp: (?i)(?i)^\s*PermitRootLogin\s+
      state: absent
    when: dupes.found is defined and dupes.found &gt; 1

  - name: Insert correct line to /etc/ssh/sshd_config
    ansible.builtin.lineinfile:
      path: /etc/ssh/sshd_config
      create: true
      regexp: (?i)(?i)^\s*PermitRootLogin\s+
      line: PermitRootLogin no
      state: present
      insertbefore: BOF
      validate: /usr/sbin/sshd -t -f %s
  when: ("kernel-default" in ansible_facts.packages or "kernel-default-base" in ansible_facts.packages)
  tags:
  - CCE-85557-7
  - CJIS-5.5.6
  - DISA-STIG-SLES-15-020040
  - NIST-800-171-3.1.1
  - NIST-800-171-3.1.5
  - NIST-800-53-AC-17(a)
  - NIST-800-53-AC-6(2)
  - NIST-800-53-CM-6(a)
  - NIST-800-53-CM-7(a)
  - NIST-800-53-CM-7(b)
  - NIST-800-53-IA-2
  - NIST-800-53-IA-2(5)
  - PCI-DSS-Req-2.2.4
  - PCI-DSSv4-2.2
  - PCI-DSSv4-2.2.6
  - low_complexity
  - low_disruption
  - medium_severity
  - no_reboot_needed
  - restrict_strategy
  - sshd_disable_root_login
</fix>
          <check system="http://oval.mitre.org/XMLSchema/oval-definitions-5">
            <check-export export-name="oval:ssg-sshd_required:var:1" value-id="xccdf_org.ssgproject.content_value_sshd_required"/>
            <check-content-ref name="oval:ssg-sshd_disable_root_login:def:1" href="ssg-sle15-oval.xml"/>
          </check>
          <check system="http://scap.nist.gov/schema/ocil/2">
            <check-content-ref name="ocil:ssg-sshd_disable_root_login_ocil:questionnaire:1" href="ssg-sle15-ocil.xml"/>
          </check>
        </Rule>
        <Rule id="xccdf_org.ssgproject.content_rule_sshd_disable_root_password_login" selected="false" role="full" severity="medium">
          <title xmlns:xhtml="http://www.w3.org/1999/xhtml" xml:lang="en-US">Disable SSH root Login with a Password (Insecure)</title>
          <description xmlns:xhtml="http://www.w3.org/1999/xhtml" xml:lang="en-US">To disable password-based root logins over SSH, add or correct the following line in


<html:code xmlns:html="http://www.w3.org/1999/xhtml">/etc/ssh/sshd_config</html:code>:

<html:pre xmlns:html="http://www.w3.org/1999/xhtml">PermitRootLogin prohibit-password</html:pre>
       </description>
          <warning xmlns:xhtml="http://www.w3.org/1999/xhtml" xml:lang="en-US" category="general">While this disables password-based root logins, direct root logins
through other means such as through SSH keys or GSSAPI will still be
permitted. Permitting any sort of root login remotely opens up the
root account to attack.
To fully disable direct root logins over SSH (which is considered a
best practice) and prevent remote attacks against the root account,
see CCE-27100-7, CCE-27445-6, CCE-80901-2, and similar.</warning>
          <rationale xmlns:xhtml="http://www.w3.org/1999/xhtml" xml:lang="en-US">Even though the communications channel may be encrypted, an additional
layer of security is gained by preventing use of a password.
This also helps to minimize direct attack attempts on root's password.</rationale>
          <fix xmlns:xhtml="http://www.w3.org/1999/xhtml" id="sshd_disable_root_password_login" system="urn:xccdf:fix:script:sh" complexity="low" disruption="low" strategy="restrict"># Remediation is applicable only in certain platforms
if rpm --quiet -q kernel-default || rpm --quiet -q kernel-default-base; then

if [ -e "/etc/ssh/sshd_config" ] ; then
    
    LC_ALL=C sed -i "/^\s*PermitRootLogin\s\+/Id" "/etc/ssh/sshd_config"
else
    touch "/etc/ssh/sshd_config"
fi
# make sure file has newline at the end
sed -i -e '$a\' "/etc/ssh/sshd_config"

cp "/etc/ssh/sshd_config" "/etc/ssh/sshd_config.bak"
# Insert at the beginning of the file
printf '%s\n' "PermitRootLogin prohibit-password" &gt; "/etc/ssh/sshd_config"
cat "/etc/ssh/sshd_config.bak" &gt;&gt; "/etc/ssh/sshd_config"
# Clean up after ourselves.
rm "/etc/ssh/sshd_config.bak"

else
    &gt;&amp;2 echo 'Remediation is not applicable, nothing was done'
fi
</fix>
          <fix xmlns:xhtml="http://www.w3.org/1999/xhtml" id="sshd_disable_root_password_login" system="urn:xccdf:fix:script:ansible" complexity="low" disruption="low" strategy="restrict">- name: Gather the package facts
  package_facts:
    manager: auto
  tags:
  - low_complexity
  - low_disruption
  - medium_severity
  - no_reboot_needed
  - restrict_strategy
  - sshd_disable_root_password_login

- name: Disable SSH root Login with a Password (Insecure)
  block:

  - name: Check for duplicate values
    ansible.builtin.lineinfile:
      path: /etc/ssh/sshd_config
      create: true
      regexp: (?i)(?i)^\s*PermitRootLogin\s+
      state: absent
    check_mode: true
    changed_when: false
    register: dupes

  - name: Deduplicate values from /etc/ssh/sshd_config
    ansible.builtin.lineinfile:
      path: /etc/ssh/sshd_config
      create: true
      regexp: (?i)(?i)^\s*PermitRootLogin\s+
      state: absent
    when: dupes.found is defined and dupes.found &gt; 1

  - name: Insert correct line to /etc/ssh/sshd_config
    ansible.builtin.lineinfile:
      path: /etc/ssh/sshd_config
      create: true
      regexp: (?i)(?i)^\s*PermitRootLogin\s+
      line: PermitRootLogin prohibit-password
      state: present
      insertbefore: BOF
      validate: /usr/sbin/sshd -t -f %s
  when: ("kernel-default" in ansible_facts.packages or "kernel-default-base" in ansible_facts.packages)
  tags:
  - low_complexity
  - low_disruption
  - medium_severity
  - no_reboot_needed
  - restrict_strategy
  - sshd_disable_root_password_login
</fix>
          <check system="http://oval.mitre.org/XMLSchema/oval-definitions-5">
            <check-export export-name="oval:ssg-sshd_required:var:1" value-id="xccdf_org.ssgproject.content_value_sshd_required"/>
            <check-content-ref name="oval:ssg-sshd_disable_root_password_login:def:1" href="ssg-sle15-oval.xml"/>
          </check>
          <check system="http://scap.nist.gov/schema/ocil/2">
            <check-content-ref name="ocil:ssg-sshd_disable_root_password_login_ocil:questionnaire:1" href="ssg-sle15-ocil.xml"/>
          </check>
        </Rule>
        <Rule id="xccdf_org.ssgproject.content_rule_sshd_disable_tcp_forwarding" selected="false" role="full" severity="medium">
          <title xmlns:xhtml="http://www.w3.org/1999/xhtml" xml:lang="en-US">Disable SSH TCP Forwarding</title>
          <description xmlns:xhtml="http://www.w3.org/1999/xhtml" xml:lang="en-US">The <html:code xmlns:html="http://www.w3.org/1999/xhtml">AllowTcpForwarding</html:code> parameter specifies whether TCP forwarding is permitted.
To disable TCP forwarding, add or correct the following line in


<html:code xmlns:html="http://www.w3.org/1999/xhtml">/etc/ssh/sshd_config</html:code>:

<html:pre xmlns:html="http://www.w3.org/1999/xhtml">AllowTcpForwarding no</html:pre>
       </description>
          <reference href="https://www.cisecurity.org/benchmark/suse_linux/">5.2.20</reference>
          <reference href="not_publicly_available">SLES-15-600150150</reference>
          <reference href="https://docs-prv.pcisecuritystandards.org/PCI%20DSS/Standard/PCI-DSS-v4_0.pdf">2.2.6</reference>
          <reference href="https://docs-prv.pcisecuritystandards.org/PCI%20DSS/Standard/PCI-DSS-v4_0.pdf">2.2</reference>
          <rationale xmlns:xhtml="http://www.w3.org/1999/xhtml" xml:lang="en-US">Leaving port forwarding enabled can expose the organization to security risks and back-doors.</rationale>
          <ident system="https://ncp.nist.gov/cce">CCE-91334-3</ident>
          <fix xmlns:xhtml="http://www.w3.org/1999/xhtml" id="sshd_disable_tcp_forwarding" system="urn:xccdf:fix:script:sh" complexity="low" disruption="low" strategy="restrict"># Remediation is applicable only in certain platforms
if rpm --quiet -q kernel-default || rpm --quiet -q kernel-default-base; then

if [ -e "/etc/ssh/sshd_config" ] ; then
    
    LC_ALL=C sed -i "/^\s*AllowTcpForwarding\s\+/Id" "/etc/ssh/sshd_config"
else
    touch "/etc/ssh/sshd_config"
fi
# make sure file has newline at the end
sed -i -e '$a\' "/etc/ssh/sshd_config"

cp "/etc/ssh/sshd_config" "/etc/ssh/sshd_config.bak"
# Insert at the beginning of the file
printf '%s\n' "AllowTcpForwarding no" &gt; "/etc/ssh/sshd_config"
cat "/etc/ssh/sshd_config.bak" &gt;&gt; "/etc/ssh/sshd_config"
# Clean up after ourselves.
rm "/etc/ssh/sshd_config.bak"

else
    &gt;&amp;2 echo 'Remediation is not applicable, nothing was done'
fi
</fix>
          <fix xmlns:xhtml="http://www.w3.org/1999/xhtml" id="sshd_disable_tcp_forwarding" system="urn:xccdf:fix:script:ansible" complexity="low" disruption="low" strategy="restrict">- name: Gather the package facts
  package_facts:
    manager: auto
  tags:
  - CCE-91334-3
  - PCI-DSSv4-2.2
  - PCI-DSSv4-2.2.6
  - low_complexity
  - low_disruption
  - medium_severity
  - no_reboot_needed
  - restrict_strategy
  - sshd_disable_tcp_forwarding

- name: Disable SSH TCP Forwarding
  block:

  - name: Check for duplicate values
    ansible.builtin.lineinfile:
      path: /etc/ssh/sshd_config
      create: true
      regexp: (?i)(?i)^\s*AllowTcpForwarding\s+
      state: absent
    check_mode: true
    changed_when: false
    register: dupes

  - name: Deduplicate values from /etc/ssh/sshd_config
    ansible.builtin.lineinfile:
      path: /etc/ssh/sshd_config
      create: true
      regexp: (?i)(?i)^\s*AllowTcpForwarding\s+
      state: absent
    when: dupes.found is defined and dupes.found &gt; 1

  - name: Insert correct line to /etc/ssh/sshd_config
    ansible.builtin.lineinfile:
      path: /etc/ssh/sshd_config
      create: true
      regexp: (?i)(?i)^\s*AllowTcpForwarding\s+
      line: AllowTcpForwarding no
      state: present
      insertbefore: BOF
      validate: /usr/sbin/sshd -t -f %s
  when: ("kernel-default" in ansible_facts.packages or "kernel-default-base" in ansible_facts.packages)
  tags:
  - CCE-91334-3
  - PCI-DSSv4-2.2
  - PCI-DSSv4-2.2.6
  - low_complexity
  - low_disruption
  - medium_severity
  - no_reboot_needed
  - restrict_strategy
  - sshd_disable_tcp_forwarding
</fix>
          <check system="http://oval.mitre.org/XMLSchema/oval-definitions-5">
            <check-export export-name="oval:ssg-sshd_required:var:1" value-id="xccdf_org.ssgproject.content_value_sshd_required"/>
            <check-content-ref name="oval:ssg-sshd_disable_tcp_forwarding:def:1" href="ssg-sle15-oval.xml"/>
          </check>
          <check system="http://scap.nist.gov/schema/ocil/2">
            <check-content-ref name="ocil:ssg-sshd_disable_tcp_forwarding_ocil:questionnaire:1" href="ssg-sle15-ocil.xml"/>
          </check>
        </Rule>
        <Rule id="xccdf_org.ssgproject.content_rule_sshd_disable_user_known_hosts" selected="false" role="full" severity="medium">
          <title xmlns:xhtml="http://www.w3.org/1999/xhtml" xml:lang="en-US">Disable SSH Support for User Known Hosts</title>
          <description xmlns:xhtml="http://www.w3.org/1999/xhtml" xml:lang="en-US">SSH can allow system users to connect to systems if a cache of the remote
systems public keys is available.  This should be disabled.
<html:br xmlns:html="http://www.w3.org/1999/xhtml"/>
        <html:br xmlns:html="http://www.w3.org/1999/xhtml"/>
To ensure this behavior is disabled, add or correct the following line in


<html:code xmlns:html="http://www.w3.org/1999/xhtml">/etc/ssh/sshd_config</html:code>:

<html:pre xmlns:html="http://www.w3.org/1999/xhtml">IgnoreUserKnownHosts yes</html:pre>
       </description>
          <reference href="https://www.cisecurity.org/controls/">11</reference>
          <reference href="https://www.cisecurity.org/controls/">3</reference>
          <reference href="https://www.cisecurity.org/controls/">9</reference>
          <reference href="https://www.isaca.org/resources/cobit">BAI10.01</reference>
          <reference href="https://www.isaca.org/resources/cobit">BAI10.02</reference>
          <reference href="https://www.isaca.org/resources/cobit">BAI10.03</reference>
          <reference href="https://www.isaca.org/resources/cobit">BAI10.05</reference>
          <reference href="http://nvlpubs.nist.gov/nistpubs/SpecialPublications/NIST.SP.800-171.pdf">3.1.12</reference>
          <reference href="https://www.gpo.gov/fdsys/pkg/CFR-2007-title45-vol1/pdf/CFR-2007-title45-vol1-chapA-subchapC.pdf">164.308(a)(4)(i)</reference>
          <reference href="https://www.gpo.gov/fdsys/pkg/CFR-2007-title45-vol1/pdf/CFR-2007-title45-vol1-chapA-subchapC.pdf">164.308(b)(1)</reference>
          <reference href="https://www.gpo.gov/fdsys/pkg/CFR-2007-title45-vol1/pdf/CFR-2007-title45-vol1-chapA-subchapC.pdf">164.308(b)(3)</reference>
          <reference href="https://www.gpo.gov/fdsys/pkg/CFR-2007-title45-vol1/pdf/CFR-2007-title45-vol1-chapA-subchapC.pdf">164.310(b)</reference>
          <reference href="https://www.gpo.gov/fdsys/pkg/CFR-2007-title45-vol1/pdf/CFR-2007-title45-vol1-chapA-subchapC.pdf">164.312(e)(1)</reference>
          <reference href="https://www.gpo.gov/fdsys/pkg/CFR-2007-title45-vol1/pdf/CFR-2007-title45-vol1-chapA-subchapC.pdf">164.312(e)(2)(ii)</reference>
          <reference href="https://www.isa.org/products/isa-62443-2-1-2009-security-for-industrial-automat">4.3.4.3.2</reference>
          <reference href="https://www.isa.org/products/isa-62443-2-1-2009-security-for-industrial-automat">4.3.4.3.3</reference>
          <reference href="https://www.isa.org/products/ansi-isa-62443-3-3-99-03-03-2013-security-for-indu">SR 7.6</reference>
          <reference href="https://www.iso.org/contents/data/standard/05/45/54534.html">A.12.1.2</reference>
          <reference href="https://www.iso.org/contents/data/standard/05/45/54534.html">A.12.5.1</reference>
          <reference href="https://www.iso.org/contents/data/standard/05/45/54534.html">A.12.6.2</reference>
          <reference href="https://www.iso.org/contents/data/standard/05/45/54534.html">A.14.2.2</reference>
          <reference href="https://www.iso.org/contents/data/standard/05/45/54534.html">A.14.2.3</reference>
          <reference href="https://www.iso.org/contents/data/standard/05/45/54534.html">A.14.2.4</reference>
          <reference href="http://nvlpubs.nist.gov/nistpubs/SpecialPublications/NIST.SP.800-53r4.pdf">AC-17(a)</reference>
          <reference href="http://nvlpubs.nist.gov/nistpubs/SpecialPublications/NIST.SP.800-53r4.pdf">CM-7(a)</reference>
          <reference href="http://nvlpubs.nist.gov/nistpubs/SpecialPublications/NIST.SP.800-53r4.pdf">CM-7(b)</reference>
          <reference href="http://nvlpubs.nist.gov/nistpubs/SpecialPublications/NIST.SP.800-53r4.pdf">CM-6(a)</reference>
          <reference href="https://nvlpubs.nist.gov/nistpubs/CSWP/NIST.CSWP.04162018.pdf">PR.IP-1</reference>
          <reference href="https://www.cyber.mil/stigs/downloads/?_dl_facet_stigs=operating-systems%2Cgeneral-purpose-os">SRG-OS-000480-GPOS-00227</reference>
          <reference href="https://www.cyber.mil/stigs/downloads/?_dl_facet_stigs=operating-systems%2Cunix-linux">SLES-15-040230</reference>
          <reference href="not_publicly_available">SLES-15-600150345</reference>
          <reference href="https://www.cyber.gov.au/acsc/view-all-content/ism">1546</reference>
          <reference href="https://www.cyber.mil/stigs/srg-stig-tools/">SV-235007r991589_rule</reference>
          <rationale xmlns:xhtml="http://www.w3.org/1999/xhtml" xml:lang="en-US">Configuring this setting for the SSH daemon provides additional
assurance that remote login via SSH will require a password, even
in the event of misconfiguration elsewhere.</rationale>
          <ident system="https://ncp.nist.gov/cce">CCE-85642-7</ident>
          <fix xmlns:xhtml="http://www.w3.org/1999/xhtml" id="sshd_disable_user_known_hosts" system="urn:xccdf:fix:script:sh" complexity="low" disruption="low" strategy="restrict"># Remediation is applicable only in certain platforms
if rpm --quiet -q kernel-default || rpm --quiet -q kernel-default-base; then

if [ -e "/etc/ssh/sshd_config" ] ; then
    
    LC_ALL=C sed -i "/^\s*IgnoreUserKnownHosts\s\+/Id" "/etc/ssh/sshd_config"
else
    touch "/etc/ssh/sshd_config"
fi
# make sure file has newline at the end
sed -i -e '$a\' "/etc/ssh/sshd_config"

cp "/etc/ssh/sshd_config" "/etc/ssh/sshd_config.bak"
# Insert at the beginning of the file
printf '%s\n' "IgnoreUserKnownHosts yes" &gt; "/etc/ssh/sshd_config"
cat "/etc/ssh/sshd_config.bak" &gt;&gt; "/etc/ssh/sshd_config"
# Clean up after ourselves.
rm "/etc/ssh/sshd_config.bak"

else
    &gt;&amp;2 echo 'Remediation is not applicable, nothing was done'
fi
</fix>
          <fix xmlns:xhtml="http://www.w3.org/1999/xhtml" id="sshd_disable_user_known_hosts" system="urn:xccdf:fix:script:ansible" complexity="low" disruption="low" strategy="restrict">- name: Gather the package facts
  package_facts:
    manager: auto
  tags:
  - CCE-85642-7
  - DISA-STIG-SLES-15-040230
  - NIST-800-171-3.1.12
  - NIST-800-53-AC-17(a)
  - NIST-800-53-CM-6(a)
  - NIST-800-53-CM-7(a)
  - NIST-800-53-CM-7(b)
  - low_complexity
  - low_disruption
  - medium_severity
  - no_reboot_needed
  - restrict_strategy
  - sshd_disable_user_known_hosts

- name: Disable SSH Support for User Known Hosts
  block:

  - name: Check for duplicate values
    ansible.builtin.lineinfile:
      path: /etc/ssh/sshd_config
      create: true
      regexp: (?i)(?i)^\s*IgnoreUserKnownHosts\s+
      state: absent
    check_mode: true
    changed_when: false
    register: dupes

  - name: Deduplicate values from /etc/ssh/sshd_config
    ansible.builtin.lineinfile:
      path: /etc/ssh/sshd_config
      create: true
      regexp: (?i)(?i)^\s*IgnoreUserKnownHosts\s+
      state: absent
    when: dupes.found is defined and dupes.found &gt; 1

  - name: Insert correct line to /etc/ssh/sshd_config
    ansible.builtin.lineinfile:
      path: /etc/ssh/sshd_config
      create: true
      regexp: (?i)(?i)^\s*IgnoreUserKnownHosts\s+
      line: IgnoreUserKnownHosts yes
      state: present
      insertbefore: BOF
      validate: /usr/sbin/sshd -t -f %s
  when: ("kernel-default" in ansible_facts.packages or "kernel-default-base" in ansible_facts.packages)
  tags:
  - CCE-85642-7
  - DISA-STIG-SLES-15-040230
  - NIST-800-171-3.1.12
  - NIST-800-53-AC-17(a)
  - NIST-800-53-CM-6(a)
  - NIST-800-53-CM-7(a)
  - NIST-800-53-CM-7(b)
  - low_complexity
  - low_disruption
  - medium_severity
  - no_reboot_needed
  - restrict_strategy
  - sshd_disable_user_known_hosts
</fix>
          <check system="http://oval.mitre.org/XMLSchema/oval-definitions-5">
            <check-export export-name="oval:ssg-sshd_required:var:1" value-id="xccdf_org.ssgproject.content_value_sshd_required"/>
            <check-content-ref name="oval:ssg-sshd_disable_user_known_hosts:def:1" href="ssg-sle15-oval.xml"/>
          </check>
          <check system="http://scap.nist.gov/schema/ocil/2">
            <check-content-ref name="ocil:ssg-sshd_disable_user_known_hosts_ocil:questionnaire:1" href="ssg-sle15-ocil.xml"/>
          </check>
        </Rule>
        <Rule id="xccdf_org.ssgproject.content_rule_sshd_disable_x11_forwarding" selected="false" role="full" severity="medium">
          <title xmlns:xhtml="http://www.w3.org/1999/xhtml" xml:lang="en-US">Disable X11 Forwarding</title>
          <description xmlns:xhtml="http://www.w3.org/1999/xhtml" xml:lang="en-US">The X11Forwarding parameter provides the ability to tunnel X11 traffic
through the connection to enable remote graphic connections.
SSH has the capability to encrypt remote X11 connections when SSH's
<html:code xmlns:html="http://www.w3.org/1999/xhtml">X11Forwarding</html:code> option is enabled.
<html:br xmlns:html="http://www.w3.org/1999/xhtml"/>
The default SSH configuration disables X11Forwarding. The appropriate
configuration is used if no value is set for <html:code xmlns:html="http://www.w3.org/1999/xhtml">X11Forwarding</html:code>.
<html:br xmlns:html="http://www.w3.org/1999/xhtml"/>
To explicitly disable X11 Forwarding, add or correct the following line in


<html:code xmlns:html="http://www.w3.org/1999/xhtml">/etc/ssh/sshd_config</html:code>:

<html:pre xmlns:html="http://www.w3.org/1999/xhtml">X11Forwarding no</html:pre>
       </description>
          <reference href="http://nvlpubs.nist.gov/nistpubs/SpecialPublications/NIST.SP.800-53r4.pdf">CM-6.1(iv)</reference>
          <reference href="https://www.cyber.mil/stigs/downloads/?_dl_facet_stigs=operating-systems%2Cgeneral-purpose-os">SRG-OS-000480-GPOS-00227</reference>
          <reference href="https://www.cyber.mil/stigs/downloads/?_dl_facet_stigs=operating-systems%2Cunix-linux">SLES-15-040290</reference>
          <reference href="https://www.cisecurity.org/benchmark/suse_linux/">5.2.6</reference>
          <reference href="not_publicly_available">SLES-15-600150360</reference>
          <reference href="https://www.cyber.gov.au/acsc/view-all-content/ism">0484</reference>
          <reference href="https://docs-prv.pcisecuritystandards.org/PCI%20DSS/Standard/PCI-DSS-v4_0.pdf">2.2.6</reference>
          <reference href="https://docs-prv.pcisecuritystandards.org/PCI%20DSS/Standard/PCI-DSS-v4_0.pdf">2.2</reference>
          <reference href="https://www.cyber.mil/stigs/srg-stig-tools/">SV-235013r991589_rule</reference>
          <rationale xmlns:xhtml="http://www.w3.org/1999/xhtml" xml:lang="en-US">Disable X11 forwarding unless there is an operational requirement to use X11
applications directly. There is a small risk that the remote X11 servers of
users who are logged in via SSH with X11 forwarding could be compromised by
other users on the X11 server. Note that even if X11 forwarding is disabled,
users can always install their own forwarders.</rationale>
          <ident system="https://ncp.nist.gov/cce">CCE-85707-8</ident>
          <fix xmlns:xhtml="http://www.w3.org/1999/xhtml" id="sshd_disable_x11_forwarding" system="urn:xccdf:fix:script:sh" complexity="low" disruption="low" strategy="restrict"># Remediation is applicable only in certain platforms
if rpm --quiet -q kernel-default || rpm --quiet -q kernel-default-base; then

if [ -e "/etc/ssh/sshd_config" ] ; then
    
    LC_ALL=C sed -i "/^\s*X11Forwarding\s\+/Id" "/etc/ssh/sshd_config"
else
    touch "/etc/ssh/sshd_config"
fi
# make sure file has newline at the end
sed -i -e '$a\' "/etc/ssh/sshd_config"

cp "/etc/ssh/sshd_config" "/etc/ssh/sshd_config.bak"
# Insert at the beginning of the file
printf '%s\n' "X11Forwarding no" &gt; "/etc/ssh/sshd_config"
cat "/etc/ssh/sshd_config.bak" &gt;&gt; "/etc/ssh/sshd_config"
# Clean up after ourselves.
rm "/etc/ssh/sshd_config.bak"

else
    &gt;&amp;2 echo 'Remediation is not applicable, nothing was done'
fi
</fix>
          <fix xmlns:xhtml="http://www.w3.org/1999/xhtml" id="sshd_disable_x11_forwarding" system="urn:xccdf:fix:script:ansible" complexity="low" disruption="low" strategy="restrict">- name: Gather the package facts
  package_facts:
    manager: auto
  tags:
  - CCE-85707-8
  - DISA-STIG-SLES-15-040290
  - NIST-800-53-CM-6.1(iv)
  - PCI-DSSv4-2.2
  - PCI-DSSv4-2.2.6
  - low_complexity
  - low_disruption
  - medium_severity
  - no_reboot_needed
  - restrict_strategy
  - sshd_disable_x11_forwarding

- name: Disable X11 Forwarding
  block:

  - name: Check for duplicate values
    ansible.builtin.lineinfile:
      path: /etc/ssh/sshd_config
      create: true
      regexp: (?i)(?i)^\s*X11Forwarding\s+
      state: absent
    check_mode: true
    changed_when: false
    register: dupes

  - name: Deduplicate values from /etc/ssh/sshd_config
    ansible.builtin.lineinfile:
      path: /etc/ssh/sshd_config
      create: true
      regexp: (?i)(?i)^\s*X11Forwarding\s+
      state: absent
    when: dupes.found is defined and dupes.found &gt; 1

  - name: Insert correct line to /etc/ssh/sshd_config
    ansible.builtin.lineinfile:
      path: /etc/ssh/sshd_config
      create: true
      regexp: (?i)(?i)^\s*X11Forwarding\s+
      line: X11Forwarding no
      state: present
      insertbefore: BOF
      validate: /usr/sbin/sshd -t -f %s
  when: ("kernel-default" in ansible_facts.packages or "kernel-default-base" in ansible_facts.packages)
  tags:
  - CCE-85707-8
  - DISA-STIG-SLES-15-040290
  - NIST-800-53-CM-6.1(iv)
  - PCI-DSSv4-2.2
  - PCI-DSSv4-2.2.6
  - low_complexity
  - low_disruption
  - medium_severity
  - no_reboot_needed
  - restrict_strategy
  - sshd_disable_x11_forwarding
</fix>
          <check system="http://oval.mitre.org/XMLSchema/oval-definitions-5">
            <check-export export-name="oval:ssg-sshd_required:var:1" value-id="xccdf_org.ssgproject.content_value_sshd_required"/>
            <check-content-ref name="oval:ssg-sshd_disable_x11_forwarding:def:1" href="ssg-sle15-oval.xml"/>
          </check>
          <check system="http://scap.nist.gov/schema/ocil/2">
            <check-content-ref name="ocil:ssg-sshd_disable_x11_forwarding_ocil:questionnaire:1" href="ssg-sle15-ocil.xml"/>
          </check>
        </Rule>
        <Rule id="xccdf_org.ssgproject.content_rule_sshd_do_not_permit_user_env" selected="false" role="full" severity="medium">
          <title xmlns:xhtml="http://www.w3.org/1999/xhtml" xml:lang="en-US">Do Not Allow SSH Environment Options</title>
          <description xmlns:xhtml="http://www.w3.org/1999/xhtml" xml:lang="en-US">Ensure that users are not able to override environment variables of the SSH daemon.
<html:br xmlns:html="http://www.w3.org/1999/xhtml"/>
The default SSH configuration disables environment processing. The appropriate
configuration is used if no value is set for <html:code xmlns:html="http://www.w3.org/1999/xhtml">PermitUserEnvironment</html:code>.
<html:br xmlns:html="http://www.w3.org/1999/xhtml"/>
To explicitly disable Environment options, add or correct the following


<html:code xmlns:html="http://www.w3.org/1999/xhtml">/etc/ssh/sshd_config</html:code>:

<html:pre xmlns:html="http://www.w3.org/1999/xhtml">PermitUserEnvironment no</html:pre>
       </description>
          <reference href="https://www.cisecurity.org/controls/">11</reference>
          <reference href="https://www.cisecurity.org/controls/">3</reference>
          <reference href="https://www.cisecurity.org/controls/">9</reference>
          <reference href="https://www.fbi.gov/file-repository/cjis-security-policy-v5_5_20160601-2-1.pdf">5.5.6</reference>
          <reference href="https://www.isaca.org/resources/cobit">BAI10.01</reference>
          <reference href="https://www.isaca.org/resources/cobit">BAI10.02</reference>
          <reference href="https://www.isaca.org/resources/cobit">BAI10.03</reference>
          <reference href="https://www.isaca.org/resources/cobit">BAI10.05</reference>
          <reference href="http://nvlpubs.nist.gov/nistpubs/SpecialPublications/NIST.SP.800-171.pdf">3.1.12</reference>
          <reference href="https://www.gpo.gov/fdsys/pkg/CFR-2007-title45-vol1/pdf/CFR-2007-title45-vol1-chapA-subchapC.pdf">164.308(a)(4)(i)</reference>
          <reference href="https://www.gpo.gov/fdsys/pkg/CFR-2007-title45-vol1/pdf/CFR-2007-title45-vol1-chapA-subchapC.pdf">164.308(b)(1)</reference>
          <reference href="https://www.gpo.gov/fdsys/pkg/CFR-2007-title45-vol1/pdf/CFR-2007-title45-vol1-chapA-subchapC.pdf">164.308(b)(3)</reference>
          <reference href="https://www.gpo.gov/fdsys/pkg/CFR-2007-title45-vol1/pdf/CFR-2007-title45-vol1-chapA-subchapC.pdf">164.310(b)</reference>
          <reference href="https://www.gpo.gov/fdsys/pkg/CFR-2007-title45-vol1/pdf/CFR-2007-title45-vol1-chapA-subchapC.pdf">164.312(e)(1)</reference>
          <reference href="https://www.gpo.gov/fdsys/pkg/CFR-2007-title45-vol1/pdf/CFR-2007-title45-vol1-chapA-subchapC.pdf">164.312(e)(2)(ii)</reference>
          <reference href="https://www.isa.org/products/isa-62443-2-1-2009-security-for-industrial-automat">4.3.4.3.2</reference>
          <reference href="https://www.isa.org/products/isa-62443-2-1-2009-security-for-industrial-automat">4.3.4.3.3</reference>
          <reference href="https://www.isa.org/products/ansi-isa-62443-3-3-99-03-03-2013-security-for-indu">SR 7.6</reference>
          <reference href="https://www.iso.org/contents/data/standard/05/45/54534.html">A.12.1.2</reference>
          <reference href="https://www.iso.org/contents/data/standard/05/45/54534.html">A.12.5.1</reference>
          <reference href="https://www.iso.org/contents/data/standard/05/45/54534.html">A.12.6.2</reference>
          <reference href="https://www.iso.org/contents/data/standard/05/45/54534.html">A.14.2.2</reference>
          <reference href="https://www.iso.org/contents/data/standard/05/45/54534.html">A.14.2.3</reference>
          <reference href="https://www.iso.org/contents/data/standard/05/45/54534.html">A.14.2.4</reference>
          <reference href="http://nvlpubs.nist.gov/nistpubs/SpecialPublications/NIST.SP.800-53r4.pdf">CM-6(b)</reference>
          <reference href="http://nvlpubs.nist.gov/nistpubs/SpecialPublications/NIST.SP.800-53r4.pdf">CM-6.1(iv)</reference>
          <reference href="https://nvlpubs.nist.gov/nistpubs/CSWP/NIST.CSWP.04162018.pdf">PR.IP-1</reference>
          <reference href="https://www.pcisecuritystandards.org/documents/PCI_DSS_v3-2-1.pdf">Req-2.2.4</reference>
          <reference href="https://www.cyber.mil/stigs/downloads/?_dl_facet_stigs=operating-systems%2Cgeneral-purpose-os">SRG-OS-000480-GPOS-00229</reference>
          <reference href="https://www.cyber.mil/stigs/downloads/?_dl_facet_stigs=operating-systems%2Cunix-linux">SLES-15-040440</reference>
          <reference href="https://www.cisecurity.org/benchmark/suse_linux/">5.2.12</reference>
          <reference href="not_publicly_available">SLES-15-600150315</reference>
          <reference href="https://www.cyber.gov.au/acsc/view-all-content/ism">1546</reference>
          <reference href="https://docs-prv.pcisecuritystandards.org/PCI%20DSS/Standard/PCI-DSS-v4_0.pdf">2.2.6</reference>
          <reference href="https://docs-prv.pcisecuritystandards.org/PCI%20DSS/Standard/PCI-DSS-v4_0.pdf">2.2</reference>
          <reference href="https://www.cyber.mil/stigs/srg-stig-tools/">SV-235032r991591_rule</reference>
          <rationale xmlns:xhtml="http://www.w3.org/1999/xhtml" xml:lang="en-US">SSH environment options potentially allow users to bypass
access restriction in some configurations.</rationale>
          <ident system="https://ncp.nist.gov/cce">CCE-85666-6</ident>
          <fix xmlns:xhtml="http://www.w3.org/1999/xhtml" id="sshd_do_not_permit_user_env" system="urn:xccdf:fix:script:sh" complexity="low" disruption="low" strategy="restrict"># Remediation is applicable only in certain platforms
if rpm --quiet -q kernel-default || rpm --quiet -q kernel-default-base; then

if [ -e "/etc/ssh/sshd_config" ] ; then
    
    LC_ALL=C sed -i "/^\s*PermitUserEnvironment\s\+/Id" "/etc/ssh/sshd_config"
else
    touch "/etc/ssh/sshd_config"
fi
# make sure file has newline at the end
sed -i -e '$a\' "/etc/ssh/sshd_config"

cp "/etc/ssh/sshd_config" "/etc/ssh/sshd_config.bak"
# Insert at the beginning of the file
printf '%s\n' "PermitUserEnvironment no" &gt; "/etc/ssh/sshd_config"
cat "/etc/ssh/sshd_config.bak" &gt;&gt; "/etc/ssh/sshd_config"
# Clean up after ourselves.
rm "/etc/ssh/sshd_config.bak"

else
    &gt;&amp;2 echo 'Remediation is not applicable, nothing was done'
fi
</fix>
          <fix xmlns:xhtml="http://www.w3.org/1999/xhtml" id="sshd_do_not_permit_user_env" system="urn:xccdf:fix:script:ansible" complexity="low" disruption="low" strategy="restrict">- name: Gather the package facts
  package_facts:
    manager: auto
  tags:
  - CCE-85666-6
  - CJIS-5.5.6
  - DISA-STIG-SLES-15-040440
  - NIST-800-171-3.1.12
  - NIST-800-53-CM-6(b)
  - NIST-800-53-CM-6.1(iv)
  - PCI-DSS-Req-2.2.4
  - PCI-DSSv4-2.2
  - PCI-DSSv4-2.2.6
  - low_complexity
  - low_disruption
  - medium_severity
  - no_reboot_needed
  - restrict_strategy
  - sshd_do_not_permit_user_env

- name: Do Not Allow SSH Environment Options
  block:

  - name: Check for duplicate values
    ansible.builtin.lineinfile:
      path: /etc/ssh/sshd_config
      create: true
      regexp: (?i)(?i)^\s*PermitUserEnvironment\s+
      state: absent
    check_mode: true
    changed_when: false
    register: dupes

  - name: Deduplicate values from /etc/ssh/sshd_config
    ansible.builtin.lineinfile:
      path: /etc/ssh/sshd_config
      create: true
      regexp: (?i)(?i)^\s*PermitUserEnvironment\s+
      state: absent
    when: dupes.found is defined and dupes.found &gt; 1

  - name: Insert correct line to /etc/ssh/sshd_config
    ansible.builtin.lineinfile:
      path: /etc/ssh/sshd_config
      create: true
      regexp: (?i)(?i)^\s*PermitUserEnvironment\s+
      line: PermitUserEnvironment no
      state: present
      insertbefore: BOF
      validate: /usr/sbin/sshd -t -f %s
  when: ("kernel-default" in ansible_facts.packages or "kernel-default-base" in ansible_facts.packages)
  tags:
  - CCE-85666-6
  - CJIS-5.5.6
  - DISA-STIG-SLES-15-040440
  - NIST-800-171-3.1.12
  - NIST-800-53-CM-6(b)
  - NIST-800-53-CM-6.1(iv)
  - PCI-DSS-Req-2.2.4
  - PCI-DSSv4-2.2
  - PCI-DSSv4-2.2.6
  - low_complexity
  - low_disruption
  - medium_severity
  - no_reboot_needed
  - restrict_strategy
  - sshd_do_not_permit_user_env
</fix>
          <check system="http://oval.mitre.org/XMLSchema/oval-definitions-5">
            <check-export export-name="oval:ssg-sshd_required:var:1" value-id="xccdf_org.ssgproject.content_value_sshd_required"/>
            <check-content-ref name="oval:ssg-sshd_do_not_permit_user_env:def:1" href="ssg-sle15-oval.xml"/>
          </check>
          <check system="http://scap.nist.gov/schema/ocil/2">
            <check-content-ref name="ocil:ssg-sshd_do_not_permit_user_env_ocil:questionnaire:1" href="ssg-sle15-ocil.xml"/>
          </check>
        </Rule>
        <Rule id="xccdf_org.ssgproject.content_rule_sshd_enable_gssapi_auth" selected="false" role="full" severity="medium">
          <title xmlns:xhtml="http://www.w3.org/1999/xhtml" xml:lang="en-US">Enable GSSAPI Authentication</title>
          <description xmlns:xhtml="http://www.w3.org/1999/xhtml" xml:lang="en-US">Sites setup to use Kerberos or other GSSAPI Authentication require setting
sshd to accept this authentication.
To enable GSSAPI authentication, add or correct the following line in


<html:code xmlns:html="http://www.w3.org/1999/xhtml">/etc/ssh/sshd_config</html:code>:

<html:pre xmlns:html="http://www.w3.org/1999/xhtml">GSSAPIAuthentication yes</html:pre>
       </description>
          <rationale xmlns:xhtml="http://www.w3.org/1999/xhtml" xml:lang="en-US">Kerberos authentication for SSH is often implemented using GSSAPI. If
Kerberos is enabled through SSH, the SSH daemon provides a means of access
to the system's Kerberos implementation. Vulnerabilities in the system's
Kerberos implementations may be subject to exploitation.

For enterprises, Kerberos is often enabled and used with GSSAPI for 
centralized user account management which may necessitate enabling of
GSSAPI functionality in SSH. </rationale>
          <fix xmlns:xhtml="http://www.w3.org/1999/xhtml" id="sshd_enable_gssapi_auth" system="urn:xccdf:fix:script:sh" complexity="low" disruption="low" strategy="restrict"># Remediation is applicable only in certain platforms
if rpm --quiet -q kernel-default || rpm --quiet -q kernel-default-base; then

if [ -e "/etc/ssh/sshd_config" ] ; then
    
    LC_ALL=C sed -i "/^\s*GSSAPIAuthentication\s\+/Id" "/etc/ssh/sshd_config"
else
    touch "/etc/ssh/sshd_config"
fi
# make sure file has newline at the end
sed -i -e '$a\' "/etc/ssh/sshd_config"

cp "/etc/ssh/sshd_config" "/etc/ssh/sshd_config.bak"
# Insert at the beginning of the file
printf '%s\n' "GSSAPIAuthentication yes" &gt; "/etc/ssh/sshd_config"
cat "/etc/ssh/sshd_config.bak" &gt;&gt; "/etc/ssh/sshd_config"
# Clean up after ourselves.
rm "/etc/ssh/sshd_config.bak"

else
    &gt;&amp;2 echo 'Remediation is not applicable, nothing was done'
fi
</fix>
          <fix xmlns:xhtml="http://www.w3.org/1999/xhtml" id="sshd_enable_gssapi_auth" system="urn:xccdf:fix:script:ansible" complexity="low" disruption="low" strategy="restrict">- name: Gather the package facts
  package_facts:
    manager: auto
  tags:
  - low_complexity
  - low_disruption
  - medium_severity
  - no_reboot_needed
  - restrict_strategy
  - sshd_enable_gssapi_auth

- name: Enable GSSAPI Authentication
  block:

  - name: Check for duplicate values
    ansible.builtin.lineinfile:
      path: /etc/ssh/sshd_config
      create: true
      regexp: (?i)(?i)^\s*GSSAPIAuthentication\s+
      state: absent
    check_mode: true
    changed_when: false
    register: dupes

  - name: Deduplicate values from /etc/ssh/sshd_config
    ansible.builtin.lineinfile:
      path: /etc/ssh/sshd_config
      create: true
      regexp: (?i)(?i)^\s*GSSAPIAuthentication\s+
      state: absent
    when: dupes.found is defined and dupes.found &gt; 1

  - name: Insert correct line to /etc/ssh/sshd_config
    ansible.builtin.lineinfile:
      path: /etc/ssh/sshd_config
      create: true
      regexp: (?i)(?i)^\s*GSSAPIAuthentication\s+
      line: GSSAPIAuthentication yes
      state: present
      insertbefore: BOF
      validate: /usr/sbin/sshd -t -f %s
  when: ("kernel-default" in ansible_facts.packages or "kernel-default-base" in ansible_facts.packages)
  tags:
  - low_complexity
  - low_disruption
  - medium_severity
  - no_reboot_needed
  - restrict_strategy
  - sshd_enable_gssapi_auth
</fix>
          <check system="http://oval.mitre.org/XMLSchema/oval-definitions-5">
            <check-export export-name="oval:ssg-sshd_required:var:1" value-id="xccdf_org.ssgproject.content_value_sshd_required"/>
            <check-content-ref name="oval:ssg-sshd_enable_gssapi_auth:def:1" href="ssg-sle15-oval.xml"/>
          </check>
          <check system="http://scap.nist.gov/schema/ocil/2">
            <check-content-ref name="ocil:ssg-sshd_enable_gssapi_auth_ocil:questionnaire:1" href="ssg-sle15-ocil.xml"/>
          </check>
        </Rule>
        <Rule id="xccdf_org.ssgproject.content_rule_sshd_enable_pam" selected="false" role="full" severity="medium">
          <title xmlns:xhtml="http://www.w3.org/1999/xhtml" xml:lang="en-US">Enable PAM</title>
          <description xmlns:xhtml="http://www.w3.org/1999/xhtml" xml:lang="en-US">UsePAM Enables the Pluggable Authentication Module interface. If set to “yes” this will
enable PAM authentication using ChallengeResponseAuthentication and
PasswordAuthentication in addition to PAM account and session module processing for all
authentication types.

To enable PAM authentication, add or correct the following line in


<html:code xmlns:html="http://www.w3.org/1999/xhtml">/etc/ssh/sshd_config</html:code>:

<html:pre xmlns:html="http://www.w3.org/1999/xhtml">UsePAM yes</html:pre>
       </description>
          <reference href="https://www.cyber.mil/stigs/downloads/?_dl_facet_stigs=operating-systems%2Cgeneral-purpose-os">SRG-OS-000125-GPOS-00065</reference>
          <reference href="https://www.cisecurity.org/benchmark/suse_linux/">5.2.19</reference>
          <reference href="not_publicly_available">SLES-15-600150330</reference>
          <reference href="https://docs-prv.pcisecuritystandards.org/PCI%20DSS/Standard/PCI-DSS-v4_0.pdf">2.2.6</reference>
          <reference href="https://docs-prv.pcisecuritystandards.org/PCI%20DSS/Standard/PCI-DSS-v4_0.pdf">2.2</reference>
          <rationale xmlns:xhtml="http://www.w3.org/1999/xhtml" xml:lang="en-US">When UsePAM is set to yes, PAM runs through account and session types properly. This is
important if you want to restrict access to services based off of IP, time or other factors of
the account. Additionally, you can make sure users inherit certain environment variables
on login or disallow access to the server.</rationale>
          <ident system="https://ncp.nist.gov/cce">CCE-91333-5</ident>
          <fix xmlns:xhtml="http://www.w3.org/1999/xhtml" id="sshd_enable_pam" system="urn:xccdf:fix:script:sh" complexity="low" disruption="low" strategy="restrict"># Remediation is applicable only in certain platforms
if rpm --quiet -q kernel-default || rpm --quiet -q kernel-default-base; then

if [ -e "/etc/ssh/sshd_config" ] ; then
    
    LC_ALL=C sed -i "/^\s*UsePAM\s\+/Id" "/etc/ssh/sshd_config"
else
    touch "/etc/ssh/sshd_config"
fi
# make sure file has newline at the end
sed -i -e '$a\' "/etc/ssh/sshd_config"

cp "/etc/ssh/sshd_config" "/etc/ssh/sshd_config.bak"
# Insert at the beginning of the file
printf '%s\n' "UsePAM yes" &gt; "/etc/ssh/sshd_config"
cat "/etc/ssh/sshd_config.bak" &gt;&gt; "/etc/ssh/sshd_config"
# Clean up after ourselves.
rm "/etc/ssh/sshd_config.bak"

else
    &gt;&amp;2 echo 'Remediation is not applicable, nothing was done'
fi
</fix>
          <fix xmlns:xhtml="http://www.w3.org/1999/xhtml" id="sshd_enable_pam" system="urn:xccdf:fix:script:ansible" complexity="low" disruption="low" strategy="restrict">- name: Gather the package facts
  package_facts:
    manager: auto
  tags:
  - CCE-91333-5
  - PCI-DSSv4-2.2
  - PCI-DSSv4-2.2.6
  - low_complexity
  - low_disruption
  - medium_severity
  - no_reboot_needed
  - restrict_strategy
  - sshd_enable_pam

- name: Enable PAM
  block:

  - name: Check for duplicate values
    ansible.builtin.lineinfile:
      path: /etc/ssh/sshd_config
      create: true
      regexp: (?i)(?i)^\s*UsePAM\s+
      state: absent
    check_mode: true
    changed_when: false
    register: dupes

  - name: Deduplicate values from /etc/ssh/sshd_config
    ansible.builtin.lineinfile:
      path: /etc/ssh/sshd_config
      create: true
      regexp: (?i)(?i)^\s*UsePAM\s+
      state: absent
    when: dupes.found is defined and dupes.found &gt; 1

  - name: Insert correct line to /etc/ssh/sshd_config
    ansible.builtin.lineinfile:
      path: /etc/ssh/sshd_config
      create: true
      regexp: (?i)(?i)^\s*UsePAM\s+
      line: UsePAM yes
      state: present
      insertbefore: BOF
      validate: /usr/sbin/sshd -t -f %s
  when: ("kernel-default" in ansible_facts.packages or "kernel-default-base" in ansible_facts.packages)
  tags:
  - CCE-91333-5
  - PCI-DSSv4-2.2
  - PCI-DSSv4-2.2.6
  - low_complexity
  - low_disruption
  - medium_severity
  - no_reboot_needed
  - restrict_strategy
  - sshd_enable_pam
</fix>
          <check system="http://oval.mitre.org/XMLSchema/oval-definitions-5">
            <check-export export-name="oval:ssg-sshd_required:var:1" value-id="xccdf_org.ssgproject.content_value_sshd_required"/>
            <check-content-ref name="oval:ssg-sshd_enable_pam:def:1" href="ssg-sle15-oval.xml"/>
          </check>
          <check system="http://scap.nist.gov/schema/ocil/2">
            <check-content-ref name="ocil:ssg-sshd_enable_pam_ocil:questionnaire:1" href="ssg-sle15-ocil.xml"/>
          </check>
        </Rule>
        <Rule id="xccdf_org.ssgproject.content_rule_sshd_enable_pubkey_auth" selected="false" role="full" severity="medium">
          <title xmlns:xhtml="http://www.w3.org/1999/xhtml" xml:lang="en-US">Enable Public Key Authentication</title>
          <description xmlns:xhtml="http://www.w3.org/1999/xhtml" xml:lang="en-US">Enable SSH login with public keys.
<html:br xmlns:html="http://www.w3.org/1999/xhtml"/>
The default SSH configuration enables authentication based on public keys. The appropriate
configuration is used if no value is set for <html:code xmlns:html="http://www.w3.org/1999/xhtml">PubkeyAuthentication</html:code>.
<html:br xmlns:html="http://www.w3.org/1999/xhtml"/>
To explicitly enable Public Key Authentication, add or correct the following


<html:code xmlns:html="http://www.w3.org/1999/xhtml">/etc/ssh/sshd_config</html:code>:

<html:pre xmlns:html="http://www.w3.org/1999/xhtml">PubkeyAuthentication yes</html:pre>
       </description>
          <reference href="https://www.cyber.mil/stigs/downloads/?_dl_facet_stigs=operating-systems%2Cgeneral-purpose-os">SRG-OS-000105-GPOS-00052</reference>
          <reference href="https://www.cyber.mil/stigs/downloads/?_dl_facet_stigs=operating-systems%2Cgeneral-purpose-os">SRG-OS-000106-GPOS-00053</reference>
          <reference href="https://www.cyber.mil/stigs/downloads/?_dl_facet_stigs=operating-systems%2Cgeneral-purpose-os">SRG-OS-000107-GPOS-00054</reference>
          <reference href="https://www.cyber.mil/stigs/downloads/?_dl_facet_stigs=operating-systems%2Cgeneral-purpose-os">SRG-OS-000108-GPOS-00055</reference>
          <rationale xmlns:xhtml="http://www.w3.org/1999/xhtml" xml:lang="en-US">Without the use of multifactor authentication, the ease of access to
privileged functions is greatly increased. Multifactor authentication
requires using two or more factors to achieve authentication.
A privileged account is defined as an information system account with
authorizations of a privileged user. 
Smart cards or hardware tokens paired with digital certificates are
common examples of multifactor implementations.</rationale>
          <fix xmlns:xhtml="http://www.w3.org/1999/xhtml" id="sshd_enable_pubkey_auth" system="urn:xccdf:fix:script:sh" complexity="low" disruption="low" strategy="restrict"># Remediation is applicable only in certain platforms
if rpm --quiet -q kernel-default || rpm --quiet -q kernel-default-base; then

if [ -e "/etc/ssh/sshd_config" ] ; then
    
    LC_ALL=C sed -i "/^\s*PubkeyAuthentication\s\+/Id" "/etc/ssh/sshd_config"
else
    touch "/etc/ssh/sshd_config"
fi
# make sure file has newline at the end
sed -i -e '$a\' "/etc/ssh/sshd_config"

cp "/etc/ssh/sshd_config" "/etc/ssh/sshd_config.bak"
# Insert at the beginning of the file
printf '%s\n' "PubkeyAuthentication yes" &gt; "/etc/ssh/sshd_config"
cat "/etc/ssh/sshd_config.bak" &gt;&gt; "/etc/ssh/sshd_config"
# Clean up after ourselves.
rm "/etc/ssh/sshd_config.bak"

else
    &gt;&amp;2 echo 'Remediation is not applicable, nothing was done'
fi
</fix>
          <fix xmlns:xhtml="http://www.w3.org/1999/xhtml" id="sshd_enable_pubkey_auth" system="urn:xccdf:fix:script:ansible" complexity="low" disruption="low" strategy="restrict">- name: Gather the package facts
  package_facts:
    manager: auto
  tags:
  - low_complexity
  - low_disruption
  - medium_severity
  - no_reboot_needed
  - restrict_strategy
  - sshd_enable_pubkey_auth

- name: Enable Public Key Authentication
  block:

  - name: Check for duplicate values
    ansible.builtin.lineinfile:
      path: /etc/ssh/sshd_config
      create: true
      regexp: (?i)(?i)^\s*PubkeyAuthentication\s+
      state: absent
    check_mode: true
    changed_when: false
    register: dupes

  - name: Deduplicate values from /etc/ssh/sshd_config
    ansible.builtin.lineinfile:
      path: /etc/ssh/sshd_config
      create: true
      regexp: (?i)(?i)^\s*PubkeyAuthentication\s+
      state: absent
    when: dupes.found is defined and dupes.found &gt; 1

  - name: Insert correct line to /etc/ssh/sshd_config
    ansible.builtin.lineinfile:
      path: /etc/ssh/sshd_config
      create: true
      regexp: (?i)(?i)^\s*PubkeyAuthentication\s+
      line: PubkeyAuthentication yes
      state: present
      insertbefore: BOF
      validate: /usr/sbin/sshd -t -f %s
  when: ("kernel-default" in ansible_facts.packages or "kernel-default-base" in ansible_facts.packages)
  tags:
  - low_complexity
  - low_disruption
  - medium_severity
  - no_reboot_needed
  - restrict_strategy
  - sshd_enable_pubkey_auth
</fix>
          <check system="http://oval.mitre.org/XMLSchema/oval-definitions-5">
            <check-export export-name="oval:ssg-sshd_required:var:1" value-id="xccdf_org.ssgproject.content_value_sshd_required"/>
            <check-content-ref name="oval:ssg-sshd_enable_pubkey_auth:def:1" href="ssg-sle15-oval.xml"/>
          </check>
          <check system="http://scap.nist.gov/schema/ocil/2">
            <check-content-ref name="ocil:ssg-sshd_enable_pubkey_auth_ocil:questionnaire:1" href="ssg-sle15-ocil.xml"/>
          </check>
        </Rule>
        <Rule id="xccdf_org.ssgproject.content_rule_sshd_enable_strictmodes" selected="false" role="full" severity="medium">
          <title xmlns:xhtml="http://www.w3.org/1999/xhtml" xml:lang="en-US">Enable Use of Strict Mode Checking</title>
          <description xmlns:xhtml="http://www.w3.org/1999/xhtml" xml:lang="en-US">SSHs <html:code xmlns:html="http://www.w3.org/1999/xhtml">StrictModes</html:code> option checks file and ownership permissions in
the user's home directory <html:code xmlns:html="http://www.w3.org/1999/xhtml">.ssh</html:code> folder before accepting login. If world-
writable permissions are found, logon is rejected.
<html:br xmlns:html="http://www.w3.org/1999/xhtml"/>
The default SSH configuration has <html:code xmlns:html="http://www.w3.org/1999/xhtml">StrictModes</html:code> enabled. The appropriate
configuration is used if no value is set for <html:code xmlns:html="http://www.w3.org/1999/xhtml">StrictModes</html:code>.
<html:br xmlns:html="http://www.w3.org/1999/xhtml"/>
To explicitly enable <html:code xmlns:html="http://www.w3.org/1999/xhtml">StrictModes</html:code> in SSH, add or correct the following line in


<html:code xmlns:html="http://www.w3.org/1999/xhtml">/etc/ssh/sshd_config</html:code>:

<html:pre xmlns:html="http://www.w3.org/1999/xhtml">StrictModes yes</html:pre>
       </description>
          <reference href="https://www.cisecurity.org/controls/">12</reference>
          <reference href="https://www.cisecurity.org/controls/">13</reference>
          <reference href="https://www.cisecurity.org/controls/">14</reference>
          <reference href="https://www.cisecurity.org/controls/">15</reference>
          <reference href="https://www.cisecurity.org/controls/">16</reference>
          <reference href="https://www.cisecurity.org/controls/">18</reference>
          <reference href="https://www.cisecurity.org/controls/">3</reference>
          <reference href="https://www.cisecurity.org/controls/">5</reference>
          <reference href="https://www.isaca.org/resources/cobit">APO01.06</reference>
          <reference href="https://www.isaca.org/resources/cobit">DSS05.04</reference>
          <reference href="https://www.isaca.org/resources/cobit">DSS05.07</reference>
          <reference href="https://www.isaca.org/resources/cobit">DSS06.02</reference>
          <reference href="http://nvlpubs.nist.gov/nistpubs/SpecialPublications/NIST.SP.800-171.pdf">3.1.12</reference>
          <reference href="https://www.gpo.gov/fdsys/pkg/CFR-2007-title45-vol1/pdf/CFR-2007-title45-vol1-chapA-subchapC.pdf">164.308(a)(4)(i)</reference>
          <reference href="https://www.gpo.gov/fdsys/pkg/CFR-2007-title45-vol1/pdf/CFR-2007-title45-vol1-chapA-subchapC.pdf">164.308(b)(1)</reference>
          <reference href="https://www.gpo.gov/fdsys/pkg/CFR-2007-title45-vol1/pdf/CFR-2007-title45-vol1-chapA-subchapC.pdf">164.308(b)(3)</reference>
          <reference href="https://www.gpo.gov/fdsys/pkg/CFR-2007-title45-vol1/pdf/CFR-2007-title45-vol1-chapA-subchapC.pdf">164.310(b)</reference>
          <reference href="https://www.gpo.gov/fdsys/pkg/CFR-2007-title45-vol1/pdf/CFR-2007-title45-vol1-chapA-subchapC.pdf">164.312(e)(1)</reference>
          <reference href="https://www.gpo.gov/fdsys/pkg/CFR-2007-title45-vol1/pdf/CFR-2007-title45-vol1-chapA-subchapC.pdf">164.312(e)(2)(ii)</reference>
          <reference href="https://www.isa.org/products/isa-62443-2-1-2009-security-for-industrial-automat">4.3.3.7.3</reference>
          <reference href="https://www.isa.org/products/ansi-isa-62443-3-3-99-03-03-2013-security-for-indu">SR 2.1</reference>
          <reference href="https://www.isa.org/products/ansi-isa-62443-3-3-99-03-03-2013-security-for-indu">SR 5.2</reference>
          <reference href="https://www.iso.org/contents/data/standard/05/45/54534.html">A.10.1.1</reference>
          <reference href="https://www.iso.org/contents/data/standard/05/45/54534.html">A.11.1.4</reference>
          <reference href="https://www.iso.org/contents/data/standard/05/45/54534.html">A.11.1.5</reference>
          <reference href="https://www.iso.org/contents/data/standard/05/45/54534.html">A.11.2.1</reference>
          <reference href="https://www.iso.org/contents/data/standard/05/45/54534.html">A.13.1.1</reference>
          <reference href="https://www.iso.org/contents/data/standard/05/45/54534.html">A.13.1.3</reference>
          <reference href="https://www.iso.org/contents/data/standard/05/45/54534.html">A.13.2.1</reference>
          <reference href="https://www.iso.org/contents/data/standard/05/45/54534.html">A.13.2.3</reference>
          <reference href="https://www.iso.org/contents/data/standard/05/45/54534.html">A.13.2.4</reference>
          <reference href="https://www.iso.org/contents/data/standard/05/45/54534.html">A.14.1.2</reference>
          <reference href="https://www.iso.org/contents/data/standard/05/45/54534.html">A.14.1.3</reference>
          <reference href="https://www.iso.org/contents/data/standard/05/45/54534.html">A.6.1.2</reference>
          <reference href="https://www.iso.org/contents/data/standard/05/45/54534.html">A.7.1.1</reference>
          <reference href="https://www.iso.org/contents/data/standard/05/45/54534.html">A.7.1.2</reference>
          <reference href="https://www.iso.org/contents/data/standard/05/45/54534.html">A.7.3.1</reference>
          <reference href="https://www.iso.org/contents/data/standard/05/45/54534.html">A.8.2.2</reference>
          <reference href="https://www.iso.org/contents/data/standard/05/45/54534.html">A.8.2.3</reference>
          <reference href="https://www.iso.org/contents/data/standard/05/45/54534.html">A.9.1.1</reference>
          <reference href="https://www.iso.org/contents/data/standard/05/45/54534.html">A.9.1.2</reference>
          <reference href="https://www.iso.org/contents/data/standard/05/45/54534.html">A.9.2.3</reference>
          <reference href="https://www.iso.org/contents/data/standard/05/45/54534.html">A.9.4.1</reference>
          <reference href="https://www.iso.org/contents/data/standard/05/45/54534.html">A.9.4.4</reference>
          <reference href="https://www.iso.org/contents/data/standard/05/45/54534.html">A.9.4.5</reference>
          <reference href="https://www.nerc.com/standards/reliability-standards/cip">CIP-003-8 R5.1.1</reference>
          <reference href="https://www.nerc.com/standards/reliability-standards/cip">CIP-003-8 R5.3</reference>
          <reference href="https://www.nerc.com/standards/reliability-standards/cip">CIP-004-6 R2.3</reference>
          <reference href="https://www.nerc.com/standards/reliability-standards/cip">CIP-007-3 R2.1</reference>
          <reference href="https://www.nerc.com/standards/reliability-standards/cip">CIP-007-3 R2.2</reference>
          <reference href="https://www.nerc.com/standards/reliability-standards/cip">CIP-007-3 R2.3</reference>
          <reference href="https://www.nerc.com/standards/reliability-standards/cip">CIP-007-3 R5.1</reference>
          <reference href="https://www.nerc.com/standards/reliability-standards/cip">CIP-007-3 R5.1.1</reference>
          <reference href="https://www.nerc.com/standards/reliability-standards/cip">CIP-007-3 R5.1.2</reference>
          <reference href="http://nvlpubs.nist.gov/nistpubs/SpecialPublications/NIST.SP.800-53r4.pdf">AC-6</reference>
          <reference href="http://nvlpubs.nist.gov/nistpubs/SpecialPublications/NIST.SP.800-53r4.pdf">AC-17(a)</reference>
          <reference href="http://nvlpubs.nist.gov/nistpubs/SpecialPublications/NIST.SP.800-53r4.pdf">CM-6(a)</reference>
          <reference href="https://nvlpubs.nist.gov/nistpubs/CSWP/NIST.CSWP.04162018.pdf">PR.AC-4</reference>
          <reference href="https://nvlpubs.nist.gov/nistpubs/CSWP/NIST.CSWP.04162018.pdf">PR.DS-5</reference>
          <reference href="https://www.cyber.mil/stigs/downloads/?_dl_facet_stigs=operating-systems%2Cgeneral-purpose-os">SRG-OS-000480-GPOS-00227</reference>
          <reference href="https://www.cyber.mil/stigs/downloads/?_dl_facet_stigs=operating-systems%2Cunix-linux">SLES-15-040260</reference>
          <reference href="not_publicly_available">SLES-15-600150375</reference>
          <reference href="https://www.cyber.gov.au/acsc/view-all-content/ism">1409</reference>
          <reference href="https://www.cyber.mil/stigs/srg-stig-tools/">SV-235010r991589_rule</reference>
          <rationale xmlns:xhtml="http://www.w3.org/1999/xhtml" xml:lang="en-US">If other users have access to modify user-specific SSH configuration files, they
may be able to log into the system as another user.</rationale>
          <ident system="https://ncp.nist.gov/cce">CCE-85645-0</ident>
          <fix xmlns:xhtml="http://www.w3.org/1999/xhtml" id="sshd_enable_strictmodes" system="urn:xccdf:fix:script:sh" complexity="low" disruption="low" strategy="restrict"># Remediation is applicable only in certain platforms
if rpm --quiet -q kernel-default || rpm --quiet -q kernel-default-base; then

if [ -e "/etc/ssh/sshd_config" ] ; then
    
    LC_ALL=C sed -i "/^\s*StrictModes\s\+/Id" "/etc/ssh/sshd_config"
else
    touch "/etc/ssh/sshd_config"
fi
# make sure file has newline at the end
sed -i -e '$a\' "/etc/ssh/sshd_config"

cp "/etc/ssh/sshd_config" "/etc/ssh/sshd_config.bak"
# Insert at the beginning of the file
printf '%s\n' "StrictModes yes" &gt; "/etc/ssh/sshd_config"
cat "/etc/ssh/sshd_config.bak" &gt;&gt; "/etc/ssh/sshd_config"
# Clean up after ourselves.
rm "/etc/ssh/sshd_config.bak"

else
    &gt;&amp;2 echo 'Remediation is not applicable, nothing was done'
fi
</fix>
          <fix xmlns:xhtml="http://www.w3.org/1999/xhtml" id="sshd_enable_strictmodes" system="urn:xccdf:fix:script:ansible" complexity="low" disruption="low" strategy="restrict">- name: Gather the package facts
  package_facts:
    manager: auto
  tags:
  - CCE-85645-0
  - DISA-STIG-SLES-15-040260
  - NIST-800-171-3.1.12
  - NIST-800-53-AC-17(a)
  - NIST-800-53-AC-6
  - NIST-800-53-CM-6(a)
  - low_complexity
  - low_disruption
  - medium_severity
  - no_reboot_needed
  - restrict_strategy
  - sshd_enable_strictmodes

- name: Enable Use of Strict Mode Checking
  block:

  - name: Check for duplicate values
    ansible.builtin.lineinfile:
      path: /etc/ssh/sshd_config
      create: true
      regexp: (?i)(?i)^\s*StrictModes\s+
      state: absent
    check_mode: true
    changed_when: false
    register: dupes

  - name: Deduplicate values from /etc/ssh/sshd_config
    ansible.builtin.lineinfile:
      path: /etc/ssh/sshd_config
      create: true
      regexp: (?i)(?i)^\s*StrictModes\s+
      state: absent
    when: dupes.found is defined and dupes.found &gt; 1

  - name: Insert correct line to /etc/ssh/sshd_config
    ansible.builtin.lineinfile:
      path: /etc/ssh/sshd_config
      create: true
      regexp: (?i)(?i)^\s*StrictModes\s+
      line: StrictModes yes
      state: present
      insertbefore: BOF
      validate: /usr/sbin/sshd -t -f %s
  when: ("kernel-default" in ansible_facts.packages or "kernel-default-base" in ansible_facts.packages)
  tags:
  - CCE-85645-0
  - DISA-STIG-SLES-15-040260
  - NIST-800-171-3.1.12
  - NIST-800-53-AC-17(a)
  - NIST-800-53-AC-6
  - NIST-800-53-CM-6(a)
  - low_complexity
  - low_disruption
  - medium_severity
  - no_reboot_needed
  - restrict_strategy
  - sshd_enable_strictmodes
</fix>
          <check system="http://oval.mitre.org/XMLSchema/oval-definitions-5">
            <check-export export-name="oval:ssg-sshd_required:var:1" value-id="xccdf_org.ssgproject.content_value_sshd_required"/>
            <check-content-ref name="oval:ssg-sshd_enable_strictmodes:def:1" href="ssg-sle15-oval.xml"/>
          </check>
          <check system="http://scap.nist.gov/schema/ocil/2">
            <check-content-ref name="ocil:ssg-sshd_enable_strictmodes_ocil:questionnaire:1" href="ssg-sle15-ocil.xml"/>
          </check>
        </Rule>
        <Rule id="xccdf_org.ssgproject.content_rule_sshd_enable_warning_banner" selected="false" role="full" severity="medium">
          <title xmlns:xhtml="http://www.w3.org/1999/xhtml" xml:lang="en-US">Enable SSH Warning Banner</title>
          <description xmlns:xhtml="http://www.w3.org/1999/xhtml" xml:lang="en-US">To enable the warning banner and ensure it is consistent
across the system, add or correct the following line in


<html:code xmlns:html="http://www.w3.org/1999/xhtml">/etc/ssh/sshd_config</html:code>:

<html:pre xmlns:html="http://www.w3.org/1999/xhtml">Banner /etc/issue</html:pre>
Another section contains information on how to create an
appropriate system-wide warning banner.</description>
          <reference href="https://www.cisecurity.org/controls/">1</reference>
          <reference href="https://www.cisecurity.org/controls/">12</reference>
          <reference href="https://www.cisecurity.org/controls/">15</reference>
          <reference href="https://www.cisecurity.org/controls/">16</reference>
          <reference href="https://www.fbi.gov/file-repository/cjis-security-policy-v5_5_20160601-2-1.pdf">5.5.6</reference>
          <reference href="https://www.isaca.org/resources/cobit">DSS05.04</reference>
          <reference href="https://www.isaca.org/resources/cobit">DSS05.10</reference>
          <reference href="https://www.isaca.org/resources/cobit">DSS06.10</reference>
          <reference href="http://nvlpubs.nist.gov/nistpubs/SpecialPublications/NIST.SP.800-171.pdf">3.1.9</reference>
          <reference href="https://www.gpo.gov/fdsys/pkg/CFR-2007-title45-vol1/pdf/CFR-2007-title45-vol1-chapA-subchapC.pdf">164.308(a)(4)(i)</reference>
          <reference href="https://www.gpo.gov/fdsys/pkg/CFR-2007-title45-vol1/pdf/CFR-2007-title45-vol1-chapA-subchapC.pdf">164.308(b)(1)</reference>
          <reference href="https://www.gpo.gov/fdsys/pkg/CFR-2007-title45-vol1/pdf/CFR-2007-title45-vol1-chapA-subchapC.pdf">164.308(b)(3)</reference>
          <reference href="https://www.gpo.gov/fdsys/pkg/CFR-2007-title45-vol1/pdf/CFR-2007-title45-vol1-chapA-subchapC.pdf">164.310(b)</reference>
          <reference href="https://www.gpo.gov/fdsys/pkg/CFR-2007-title45-vol1/pdf/CFR-2007-title45-vol1-chapA-subchapC.pdf">164.312(e)(1)</reference>
          <reference href="https://www.gpo.gov/fdsys/pkg/CFR-2007-title45-vol1/pdf/CFR-2007-title45-vol1-chapA-subchapC.pdf">164.312(e)(2)(ii)</reference>
          <reference href="https://www.isa.org/products/isa-62443-2-1-2009-security-for-industrial-automat">4.3.3.6.1</reference>
          <reference href="https://www.isa.org/products/isa-62443-2-1-2009-security-for-industrial-automat">4.3.3.6.2</reference>
          <reference href="https://www.isa.org/products/isa-62443-2-1-2009-security-for-industrial-automat">4.3.3.6.3</reference>
          <reference href="https://www.isa.org/products/isa-62443-2-1-2009-security-for-industrial-automat">4.3.3.6.4</reference>
          <reference href="https://www.isa.org/products/isa-62443-2-1-2009-security-for-industrial-automat">4.3.3.6.5</reference>
          <reference href="https://www.isa.org/products/isa-62443-2-1-2009-security-for-industrial-automat">4.3.3.6.6</reference>
          <reference href="https://www.isa.org/products/isa-62443-2-1-2009-security-for-industrial-automat">4.3.3.6.7</reference>
          <reference href="https://www.isa.org/products/isa-62443-2-1-2009-security-for-industrial-automat">4.3.3.6.8</reference>
          <reference href="https://www.isa.org/products/isa-62443-2-1-2009-security-for-industrial-automat">4.3.3.6.9</reference>
          <reference href="https://www.isa.org/products/ansi-isa-62443-3-3-99-03-03-2013-security-for-indu">SR 1.1</reference>
          <reference href="https://www.isa.org/products/ansi-isa-62443-3-3-99-03-03-2013-security-for-indu">SR 1.10</reference>
          <reference href="https://www.isa.org/products/ansi-isa-62443-3-3-99-03-03-2013-security-for-indu">SR 1.2</reference>
          <reference href="https://www.isa.org/products/ansi-isa-62443-3-3-99-03-03-2013-security-for-indu">SR 1.5</reference>
          <reference href="https://www.isa.org/products/ansi-isa-62443-3-3-99-03-03-2013-security-for-indu">SR 1.7</reference>
          <reference href="https://www.isa.org/products/ansi-isa-62443-3-3-99-03-03-2013-security-for-indu">SR 1.8</reference>
          <reference href="https://www.isa.org/products/ansi-isa-62443-3-3-99-03-03-2013-security-for-indu">SR 1.9</reference>
          <reference href="https://www.iso.org/contents/data/standard/05/45/54534.html">A.18.1.4</reference>
          <reference href="https://www.iso.org/contents/data/standard/05/45/54534.html">A.9.2.1</reference>
          <reference href="https://www.iso.org/contents/data/standard/05/45/54534.html">A.9.2.4</reference>
          <reference href="https://www.iso.org/contents/data/standard/05/45/54534.html">A.9.3.1</reference>
          <reference href="https://www.iso.org/contents/data/standard/05/45/54534.html">A.9.4.2</reference>
          <reference href="https://www.iso.org/contents/data/standard/05/45/54534.html">A.9.4.3</reference>
          <reference href="http://nvlpubs.nist.gov/nistpubs/SpecialPublications/NIST.SP.800-53r4.pdf">AC-8(a)</reference>
          <reference href="http://nvlpubs.nist.gov/nistpubs/SpecialPublications/NIST.SP.800-53r4.pdf">AC-8(c)</reference>
          <reference href="http://nvlpubs.nist.gov/nistpubs/SpecialPublications/NIST.SP.800-53r4.pdf">AC-17(a)</reference>
          <reference href="http://nvlpubs.nist.gov/nistpubs/SpecialPublications/NIST.SP.800-53r4.pdf">CM-6(a)</reference>
          <reference href="https://nvlpubs.nist.gov/nistpubs/CSWP/NIST.CSWP.04162018.pdf">PR.AC-7</reference>
          <reference href="https://www.niap-ccevs.org/Profile/PP.cfm">FTA_TAB.1</reference>
          <reference href="https://www.pcisecuritystandards.org/documents/PCI_DSS_v3-2-1.pdf">Req-2.2.4</reference>
          <reference href="https://www.cyber.mil/stigs/downloads/?_dl_facet_stigs=operating-systems%2Cgeneral-purpose-os">SRG-OS-000023-GPOS-00006</reference>
          <reference href="https://www.cyber.mil/stigs/downloads/?_dl_facet_stigs=operating-systems%2Cgeneral-purpose-os">SRG-OS-000228-GPOS-00088</reference>
          <reference href="https://www.cyber.mil/stigs/downloads/?_dl_facet_stigs=operating-systems%2Cunix-linux">SLES-15-010040</reference>
          <reference href="https://www.cisecurity.org/benchmark/suse_linux/">5.2.18</reference>
          <reference href="not_publicly_available">SLES-15-600150120</reference>
          <reference href="https://www.cyber.gov.au/acsc/view-all-content/ism">0484</reference>
          <reference href="https://www.cyber.mil/stigs/srg-stig-tools/">SV-234805r958390_rule</reference>
          <rationale xmlns:xhtml="http://www.w3.org/1999/xhtml" xml:lang="en-US">The warning message reinforces policy awareness during the logon process and
facilitates possible legal action against attackers. Alternatively, systems
whose ownership should not be obvious should ensure usage of a banner that does
not provide easy attribution.</rationale>
          <conflicts idref="xccdf_org.ssgproject.content_rule_sshd_enable_warning_banner_net"/>
          <ident system="https://ncp.nist.gov/cce">CCE-83263-4</ident>
          <fix xmlns:xhtml="http://www.w3.org/1999/xhtml" id="sshd_enable_warning_banner" system="urn:xccdf:fix:script:sh" complexity="low" disruption="low" strategy="restrict"># Remediation is applicable only in certain platforms
if rpm --quiet -q kernel-default || rpm --quiet -q kernel-default-base; then

if [ -e "/etc/ssh/sshd_config" ] ; then
    
    LC_ALL=C sed -i "/^\s*Banner\s\+/Id" "/etc/ssh/sshd_config"
else
    touch "/etc/ssh/sshd_config"
fi
# make sure file has newline at the end
sed -i -e '$a\' "/etc/ssh/sshd_config"

cp "/etc/ssh/sshd_config" "/etc/ssh/sshd_config.bak"
# Insert at the beginning of the file
printf '%s\n' "Banner /etc/issue" &gt; "/etc/ssh/sshd_config"
cat "/etc/ssh/sshd_config.bak" &gt;&gt; "/etc/ssh/sshd_config"
# Clean up after ourselves.
rm "/etc/ssh/sshd_config.bak"

else
    &gt;&amp;2 echo 'Remediation is not applicable, nothing was done'
fi
</fix>
          <fix xmlns:xhtml="http://www.w3.org/1999/xhtml" id="sshd_enable_warning_banner" system="urn:xccdf:fix:script:ansible" complexity="low" disruption="low" strategy="restrict">- name: Gather the package facts
  package_facts:
    manager: auto
  tags:
  - CCE-83263-4
  - CJIS-5.5.6
  - DISA-STIG-SLES-15-010040
  - NIST-800-171-3.1.9
  - NIST-800-53-AC-17(a)
  - NIST-800-53-AC-8(a)
  - NIST-800-53-AC-8(c)
  - NIST-800-53-CM-6(a)
  - PCI-DSS-Req-2.2.4
  - low_complexity
  - low_disruption
  - medium_severity
  - no_reboot_needed
  - restrict_strategy
  - sshd_enable_warning_banner

- name: Enable SSH Warning Banner
  block:

  - name: Check for duplicate values
    ansible.builtin.lineinfile:
      path: /etc/ssh/sshd_config
      create: true
      regexp: (?i)(?i)^\s*Banner\s+
      state: absent
    check_mode: true
    changed_when: false
    register: dupes

  - name: Deduplicate values from /etc/ssh/sshd_config
    ansible.builtin.lineinfile:
      path: /etc/ssh/sshd_config
      create: true
      regexp: (?i)(?i)^\s*Banner\s+
      state: absent
    when: dupes.found is defined and dupes.found &gt; 1

  - name: Insert correct line to /etc/ssh/sshd_config
    ansible.builtin.lineinfile:
      path: /etc/ssh/sshd_config
      create: true
      regexp: (?i)(?i)^\s*Banner\s+
      line: Banner /etc/issue
      state: present
      insertbefore: BOF
      validate: /usr/sbin/sshd -t -f %s
  when: ("kernel-default" in ansible_facts.packages or "kernel-default-base" in ansible_facts.packages)
  tags:
  - CCE-83263-4
  - CJIS-5.5.6
  - DISA-STIG-SLES-15-010040
  - NIST-800-171-3.1.9
  - NIST-800-53-AC-17(a)
  - NIST-800-53-AC-8(a)
  - NIST-800-53-AC-8(c)
  - NIST-800-53-CM-6(a)
  - PCI-DSS-Req-2.2.4
  - low_complexity
  - low_disruption
  - medium_severity
  - no_reboot_needed
  - restrict_strategy
  - sshd_enable_warning_banner
</fix>
          <check system="http://oval.mitre.org/XMLSchema/oval-definitions-5">
            <check-export export-name="oval:ssg-sshd_required:var:1" value-id="xccdf_org.ssgproject.content_value_sshd_required"/>
            <check-content-ref name="oval:ssg-sshd_enable_warning_banner:def:1" href="ssg-sle15-oval.xml"/>
          </check>
          <check system="http://scap.nist.gov/schema/ocil/2">
            <check-content-ref name="ocil:ssg-sshd_enable_warning_banner_ocil:questionnaire:1" href="ssg-sle15-ocil.xml"/>
          </check>
        </Rule>
        <Rule id="xccdf_org.ssgproject.content_rule_sshd_enable_warning_banner_net" selected="false" role="full" severity="medium">
          <title xmlns:xhtml="http://www.w3.org/1999/xhtml" xml:lang="en-US">Enable SSH Warning Banner</title>
          <description xmlns:xhtml="http://www.w3.org/1999/xhtml" xml:lang="en-US">To enable the warning banner and ensure it is consistent
across the system, add or correct the following line in

<html:code xmlns:html="http://www.w3.org/1999/xhtml">/etc/ssh/sshd_config</html:code>:

<html:pre xmlns:html="http://www.w3.org/1999/xhtml">Banner /etc/issue.net</html:pre>
Another section contains information on how to create an
appropriate system-wide warning banner.</description>
          <reference href="https://www.fbi.gov/file-repository/cjis-security-policy-v5_5_20160601-2-1.pdf">5.5.6</reference>
          <reference href="https://www.isaca.org/resources/cobit">DSS05.04</reference>
          <reference href="https://www.isaca.org/resources/cobit">DSS05.10</reference>
          <reference href="https://www.isaca.org/resources/cobit">DSS06.10</reference>
          <reference href="http://nvlpubs.nist.gov/nistpubs/SpecialPublications/NIST.SP.800-171.pdf">3.1.9</reference>
          <reference href="https://www.gpo.gov/fdsys/pkg/CFR-2007-title45-vol1/pdf/CFR-2007-title45-vol1-chapA-subchapC.pdf">164.308(a)(4)(i)</reference>
          <reference href="https://www.gpo.gov/fdsys/pkg/CFR-2007-title45-vol1/pdf/CFR-2007-title45-vol1-chapA-subchapC.pdf">164.308(b)(1)</reference>
          <reference href="https://www.gpo.gov/fdsys/pkg/CFR-2007-title45-vol1/pdf/CFR-2007-title45-vol1-chapA-subchapC.pdf">164.308(b)(3)</reference>
          <reference href="https://www.gpo.gov/fdsys/pkg/CFR-2007-title45-vol1/pdf/CFR-2007-title45-vol1-chapA-subchapC.pdf">164.310(b)</reference>
          <reference href="https://www.gpo.gov/fdsys/pkg/CFR-2007-title45-vol1/pdf/CFR-2007-title45-vol1-chapA-subchapC.pdf">164.312(e)(1)</reference>
          <reference href="https://www.gpo.gov/fdsys/pkg/CFR-2007-title45-vol1/pdf/CFR-2007-title45-vol1-chapA-subchapC.pdf">164.312(e)(2)(ii)</reference>
          <reference href="https://www.isa.org/products/isa-62443-2-1-2009-security-for-industrial-automat">4.3.3.6.1</reference>
          <reference href="https://www.isa.org/products/isa-62443-2-1-2009-security-for-industrial-automat">4.3.3.6.2</reference>
          <reference href="https://www.isa.org/products/isa-62443-2-1-2009-security-for-industrial-automat">4.3.3.6.3</reference>
          <reference href="https://www.isa.org/products/isa-62443-2-1-2009-security-for-industrial-automat">4.3.3.6.4</reference>
          <reference href="https://www.isa.org/products/isa-62443-2-1-2009-security-for-industrial-automat">4.3.3.6.5</reference>
          <reference href="https://www.isa.org/products/isa-62443-2-1-2009-security-for-industrial-automat">4.3.3.6.6</reference>
          <reference href="https://www.isa.org/products/isa-62443-2-1-2009-security-for-industrial-automat">4.3.3.6.7</reference>
          <reference href="https://www.isa.org/products/isa-62443-2-1-2009-security-for-industrial-automat">4.3.3.6.8</reference>
          <reference href="https://www.isa.org/products/isa-62443-2-1-2009-security-for-industrial-automat">4.3.3.6.9</reference>
          <reference href="https://www.isa.org/products/ansi-isa-62443-3-3-99-03-03-2013-security-for-indu">SR 1.1</reference>
          <reference href="https://www.isa.org/products/ansi-isa-62443-3-3-99-03-03-2013-security-for-indu">SR 1.10</reference>
          <reference href="https://www.isa.org/products/ansi-isa-62443-3-3-99-03-03-2013-security-for-indu">SR 1.2</reference>
          <reference href="https://www.isa.org/products/ansi-isa-62443-3-3-99-03-03-2013-security-for-indu">SR 1.5</reference>
          <reference href="https://www.isa.org/products/ansi-isa-62443-3-3-99-03-03-2013-security-for-indu">SR 1.7</reference>
          <reference href="https://www.isa.org/products/ansi-isa-62443-3-3-99-03-03-2013-security-for-indu">SR 1.8</reference>
          <reference href="https://www.isa.org/products/ansi-isa-62443-3-3-99-03-03-2013-security-for-indu">SR 1.9</reference>
          <reference href="https://www.iso.org/contents/data/standard/05/45/54534.html">A.18.1.4</reference>
          <reference href="https://www.iso.org/contents/data/standard/05/45/54534.html">A.9.2.1</reference>
          <reference href="https://www.iso.org/contents/data/standard/05/45/54534.html">A.9.2.4</reference>
          <reference href="https://www.iso.org/contents/data/standard/05/45/54534.html">A.9.3.1</reference>
          <reference href="https://www.iso.org/contents/data/standard/05/45/54534.html">A.9.4.2</reference>
          <reference href="https://www.iso.org/contents/data/standard/05/45/54534.html">A.9.4.3</reference>
          <reference href="http://nvlpubs.nist.gov/nistpubs/SpecialPublications/NIST.SP.800-53r4.pdf">AC-8(a)</reference>
          <reference href="http://nvlpubs.nist.gov/nistpubs/SpecialPublications/NIST.SP.800-53r4.pdf">AC-8(c)</reference>
          <reference href="http://nvlpubs.nist.gov/nistpubs/SpecialPublications/NIST.SP.800-53r4.pdf">AC-17(a)</reference>
          <reference href="http://nvlpubs.nist.gov/nistpubs/SpecialPublications/NIST.SP.800-53r4.pdf">CM-6(a)</reference>
          <reference href="https://nvlpubs.nist.gov/nistpubs/CSWP/NIST.CSWP.04162018.pdf">PR.AC-7</reference>
          <reference href="https://www.cyber.mil/stigs/downloads/?_dl_facet_stigs=operating-systems%2Cgeneral-purpose-os">SRG-OS-000023-GPOS-00006</reference>
          <reference href="https://www.cyber.mil/stigs/downloads/?_dl_facet_stigs=operating-systems%2Cgeneral-purpose-os">SRG-OS-000228-GPOS-00088</reference>
          <rationale xmlns:xhtml="http://www.w3.org/1999/xhtml" xml:lang="en-US">The warning message reinforces policy awareness during the logon process and
facilitates possible legal action against attackers. Alternatively, systems
whose ownership should not be obvious should ensure usage of a banner that does
not provide easy attribution.</rationale>
          <conflicts idref="xccdf_org.ssgproject.content_rule_sshd_enable_warning_banner"/>
          <fix xmlns:xhtml="http://www.w3.org/1999/xhtml" id="sshd_enable_warning_banner_net" system="urn:xccdf:fix:script:sh" complexity="low" disruption="low" strategy="restrict"># Remediation is applicable only in certain platforms
if rpm --quiet -q kernel-default || rpm --quiet -q kernel-default-base; then

if [ -e "/etc/ssh/sshd_config" ] ; then
    
    LC_ALL=C sed -i "/^\s*Banner\s\+/Id" "/etc/ssh/sshd_config"
else
    touch "/etc/ssh/sshd_config"
fi
# make sure file has newline at the end
sed -i -e '$a\' "/etc/ssh/sshd_config"

cp "/etc/ssh/sshd_config" "/etc/ssh/sshd_config.bak"
# Insert at the beginning of the file
printf '%s\n' "Banner /etc/issue.net" &gt; "/etc/ssh/sshd_config"
cat "/etc/ssh/sshd_config.bak" &gt;&gt; "/etc/ssh/sshd_config"
# Clean up after ourselves.
rm "/etc/ssh/sshd_config.bak"

else
    &gt;&amp;2 echo 'Remediation is not applicable, nothing was done'
fi
</fix>
          <fix xmlns:xhtml="http://www.w3.org/1999/xhtml" id="sshd_enable_warning_banner_net" system="urn:xccdf:fix:script:ansible" complexity="low" disruption="low" strategy="restrict">- name: Gather the package facts
  package_facts:
    manager: auto
  tags:
  - CJIS-5.5.6
  - NIST-800-171-3.1.9
  - NIST-800-53-AC-17(a)
  - NIST-800-53-AC-8(a)
  - NIST-800-53-AC-8(c)
  - NIST-800-53-CM-6(a)
  - low_complexity
  - low_disruption
  - medium_severity
  - no_reboot_needed
  - restrict_strategy
  - sshd_enable_warning_banner_net

- name: Enable SSH Warning Banner
  block:

  - name: Check for duplicate values
    ansible.builtin.lineinfile:
      path: /etc/ssh/sshd_config
      create: true
      regexp: (?i)(?i)^\s*Banner\s+
      state: absent
    check_mode: true
    changed_when: false
    register: dupes

  - name: Deduplicate values from /etc/ssh/sshd_config
    ansible.builtin.lineinfile:
      path: /etc/ssh/sshd_config
      create: true
      regexp: (?i)(?i)^\s*Banner\s+
      state: absent
    when: dupes.found is defined and dupes.found &gt; 1

  - name: Insert correct line to /etc/ssh/sshd_config
    ansible.builtin.lineinfile:
      path: /etc/ssh/sshd_config
      create: true
      regexp: (?i)(?i)^\s*Banner\s+
      line: Banner /etc/issue.net
      state: present
      insertbefore: BOF
      validate: /usr/sbin/sshd -t -f %s
  when: ("kernel-default" in ansible_facts.packages or "kernel-default-base" in ansible_facts.packages)
  tags:
  - CJIS-5.5.6
  - NIST-800-171-3.1.9
  - NIST-800-53-AC-17(a)
  - NIST-800-53-AC-8(a)
  - NIST-800-53-AC-8(c)
  - NIST-800-53-CM-6(a)
  - low_complexity
  - low_disruption
  - medium_severity
  - no_reboot_needed
  - restrict_strategy
  - sshd_enable_warning_banner_net
</fix>
          <check system="http://oval.mitre.org/XMLSchema/oval-definitions-5">
            <check-export export-name="oval:ssg-sshd_required:var:1" value-id="xccdf_org.ssgproject.content_value_sshd_required"/>
            <check-content-ref name="oval:ssg-sshd_enable_warning_banner_net:def:1" href="ssg-sle15-oval.xml"/>
          </check>
          <check system="http://scap.nist.gov/schema/ocil/2">
            <check-content-ref name="ocil:ssg-sshd_enable_warning_banner_net_ocil:questionnaire:1" href="ssg-sle15-ocil.xml"/>
          </check>
        </Rule>
        <Rule id="xccdf_org.ssgproject.content_rule_sshd_enable_x11_forwarding" selected="false" role="full" severity="high">
          <title xmlns:xhtml="http://www.w3.org/1999/xhtml" xml:lang="en-US">Enable Encrypted X11 Forwarding</title>
          <description xmlns:xhtml="http://www.w3.org/1999/xhtml" xml:lang="en-US">By default, remote X11 connections are not encrypted when initiated
by users. SSH has the capability to encrypt remote X11 connections when SSH's
<html:code xmlns:html="http://www.w3.org/1999/xhtml">X11Forwarding</html:code> option is enabled.
<html:br xmlns:html="http://www.w3.org/1999/xhtml"/>
        <html:br xmlns:html="http://www.w3.org/1999/xhtml"/>
To enable X11 Forwarding, add or correct the following line in


<html:code xmlns:html="http://www.w3.org/1999/xhtml">/etc/ssh/sshd_config</html:code>:

<html:pre xmlns:html="http://www.w3.org/1999/xhtml">X11Forwarding yes</html:pre>
       </description>
          <reference href="https://www.cisecurity.org/controls/">1</reference>
          <reference href="https://www.cisecurity.org/controls/">11</reference>
          <reference href="https://www.cisecurity.org/controls/">12</reference>
          <reference href="https://www.cisecurity.org/controls/">13</reference>
          <reference href="https://www.cisecurity.org/controls/">15</reference>
          <reference href="https://www.cisecurity.org/controls/">16</reference>
          <reference href="https://www.cisecurity.org/controls/">18</reference>
          <reference href="https://www.cisecurity.org/controls/">20</reference>
          <reference href="https://www.cisecurity.org/controls/">3</reference>
          <reference href="https://www.cisecurity.org/controls/">4</reference>
          <reference href="https://www.cisecurity.org/controls/">6</reference>
          <reference href="https://www.cisecurity.org/controls/">9</reference>
          <reference href="https://www.isaca.org/resources/cobit">BAI03.08</reference>
          <reference href="https://www.isaca.org/resources/cobit">BAI07.04</reference>
          <reference href="https://www.isaca.org/resources/cobit">BAI10.01</reference>
          <reference href="https://www.isaca.org/resources/cobit">BAI10.02</reference>
          <reference href="https://www.isaca.org/resources/cobit">BAI10.03</reference>
          <reference href="https://www.isaca.org/resources/cobit">BAI10.05</reference>
          <reference href="https://www.isaca.org/resources/cobit">DSS03.01</reference>
          <reference href="http://nvlpubs.nist.gov/nistpubs/SpecialPublications/NIST.SP.800-171.pdf">3.1.13</reference>
          <reference href="https://www.isa.org/products/isa-62443-2-1-2009-security-for-industrial-automat">4.3.4.3.2</reference>
          <reference href="https://www.isa.org/products/isa-62443-2-1-2009-security-for-industrial-automat">4.3.4.3.3</reference>
          <reference href="https://www.isa.org/products/isa-62443-2-1-2009-security-for-industrial-automat">4.4.3.3</reference>
          <reference href="https://www.isa.org/products/ansi-isa-62443-3-3-99-03-03-2013-security-for-indu">SR 7.6</reference>
          <reference href="https://www.iso.org/contents/data/standard/05/45/54534.html">A.12.1.1</reference>
          <reference href="https://www.iso.org/contents/data/standard/05/45/54534.html">A.12.1.2</reference>
          <reference href="https://www.iso.org/contents/data/standard/05/45/54534.html">A.12.1.4</reference>
          <reference href="https://www.iso.org/contents/data/standard/05/45/54534.html">A.12.5.1</reference>
          <reference href="https://www.iso.org/contents/data/standard/05/45/54534.html">A.12.6.2</reference>
          <reference href="https://www.iso.org/contents/data/standard/05/45/54534.html">A.13.1.1</reference>
          <reference href="https://www.iso.org/contents/data/standard/05/45/54534.html">A.13.1.2</reference>
          <reference href="https://www.iso.org/contents/data/standard/05/45/54534.html">A.14.2.2</reference>
          <reference href="https://www.iso.org/contents/data/standard/05/45/54534.html">A.14.2.3</reference>
          <reference href="https://www.iso.org/contents/data/standard/05/45/54534.html">A.14.2.4</reference>
          <reference href="https://www.nerc.com/standards/reliability-standards/cip">CIP-007-3 R7.1</reference>
          <reference href="http://nvlpubs.nist.gov/nistpubs/SpecialPublications/NIST.SP.800-53r4.pdf">CM-6(a)</reference>
          <reference href="http://nvlpubs.nist.gov/nistpubs/SpecialPublications/NIST.SP.800-53r4.pdf">AC-17(a)</reference>
          <reference href="http://nvlpubs.nist.gov/nistpubs/SpecialPublications/NIST.SP.800-53r4.pdf">AC-17(2)</reference>
          <reference href="https://nvlpubs.nist.gov/nistpubs/CSWP/NIST.CSWP.04162018.pdf">DE.AE-1</reference>
          <reference href="https://nvlpubs.nist.gov/nistpubs/CSWP/NIST.CSWP.04162018.pdf">PR.DS-7</reference>
          <reference href="https://nvlpubs.nist.gov/nistpubs/CSWP/NIST.CSWP.04162018.pdf">PR.IP-1</reference>
          <reference href="https://www.cyber.mil/stigs/downloads/?_dl_facet_stigs=operating-systems%2Cgeneral-purpose-os">SRG-OS-000480-GPOS-00227</reference>
          <rationale xmlns:xhtml="http://www.w3.org/1999/xhtml" xml:lang="en-US">Non-encrypted X displays allow an attacker to capture keystrokes and to execute commands
remotely.</rationale>
          <fix xmlns:xhtml="http://www.w3.org/1999/xhtml" id="sshd_enable_x11_forwarding" system="urn:xccdf:fix:script:sh" complexity="low" disruption="low" strategy="restrict"># Remediation is applicable only in certain platforms
if rpm --quiet -q kernel-default || rpm --quiet -q kernel-default-base; then

if [ -e "/etc/ssh/sshd_config" ] ; then
    
    LC_ALL=C sed -i "/^\s*X11Forwarding\s\+/Id" "/etc/ssh/sshd_config"
else
    touch "/etc/ssh/sshd_config"
fi
# make sure file has newline at the end
sed -i -e '$a\' "/etc/ssh/sshd_config"

cp "/etc/ssh/sshd_config" "/etc/ssh/sshd_config.bak"
# Insert at the beginning of the file
printf '%s\n' "X11Forwarding yes" &gt; "/etc/ssh/sshd_config"
cat "/etc/ssh/sshd_config.bak" &gt;&gt; "/etc/ssh/sshd_config"
# Clean up after ourselves.
rm "/etc/ssh/sshd_config.bak"

else
    &gt;&amp;2 echo 'Remediation is not applicable, nothing was done'
fi
</fix>
          <fix xmlns:xhtml="http://www.w3.org/1999/xhtml" id="sshd_enable_x11_forwarding" system="urn:xccdf:fix:script:ansible" complexity="low" disruption="low" strategy="restrict">- name: Gather the package facts
  package_facts:
    manager: auto
  tags:
  - NIST-800-171-3.1.13
  - NIST-800-53-AC-17(2)
  - NIST-800-53-AC-17(a)
  - NIST-800-53-CM-6(a)
  - high_severity
  - low_complexity
  - low_disruption
  - no_reboot_needed
  - restrict_strategy
  - sshd_enable_x11_forwarding

- name: Enable Encrypted X11 Forwarding
  block:

  - name: Check for duplicate values
    ansible.builtin.lineinfile:
      path: /etc/ssh/sshd_config
      create: true
      regexp: (?i)(?i)^\s*X11Forwarding\s+
      state: absent
    check_mode: true
    changed_when: false
    register: dupes

  - name: Deduplicate values from /etc/ssh/sshd_config
    ansible.builtin.lineinfile:
      path: /etc/ssh/sshd_config
      create: true
      regexp: (?i)(?i)^\s*X11Forwarding\s+
      state: absent
    when: dupes.found is defined and dupes.found &gt; 1

  - name: Insert correct line to /etc/ssh/sshd_config
    ansible.builtin.lineinfile:
      path: /etc/ssh/sshd_config
      create: true
      regexp: (?i)(?i)^\s*X11Forwarding\s+
      line: X11Forwarding yes
      state: present
      insertbefore: BOF
      validate: /usr/sbin/sshd -t -f %s
  when: ("kernel-default" in ansible_facts.packages or "kernel-default-base" in ansible_facts.packages)
  tags:
  - NIST-800-171-3.1.13
  - NIST-800-53-AC-17(2)
  - NIST-800-53-AC-17(a)
  - NIST-800-53-CM-6(a)
  - high_severity
  - low_complexity
  - low_disruption
  - no_reboot_needed
  - restrict_strategy
  - sshd_enable_x11_forwarding
</fix>
          <check system="http://oval.mitre.org/XMLSchema/oval-definitions-5">
            <check-export export-name="oval:ssg-sshd_required:var:1" value-id="xccdf_org.ssgproject.content_value_sshd_required"/>
            <check-content-ref name="oval:ssg-sshd_enable_x11_forwarding:def:1" href="ssg-sle15-oval.xml"/>
          </check>
          <check system="http://scap.nist.gov/schema/ocil/2">
            <check-content-ref name="ocil:ssg-sshd_enable_x11_forwarding_ocil:questionnaire:1" href="ssg-sle15-ocil.xml"/>
          </check>
        </Rule>
        <Rule id="xccdf_org.ssgproject.content_rule_sshd_limit_user_access" selected="false" role="full" severity="unknown">
          <title xmlns:xhtml="http://www.w3.org/1999/xhtml" xml:lang="en-US">Limit Users' SSH Access</title>
          <description xmlns:xhtml="http://www.w3.org/1999/xhtml" xml:lang="en-US">By default, the SSH configuration allows any user with an account
to access the system. There are several options available to limit
which users and group can access the system via SSH. It is
recommended that at least one of the following options be leveraged:
- AllowUsers variable gives the system administrator the option of
  allowing specific users to ssh into the system. The list consists of
  space separated user names. Numeric user IDs are not recognized with
  this variable. If a system administrator wants to restrict user
  access further by specifically allowing a user's access only from a
  particular host, the entry can be specified in the form of user@host.
- AllowGroups variable gives the system administrator the option of
  allowing specific groups of users to ssh into the system. The list
  consists of space separated group names. Numeric group IDs are not
  recognized with this variable.
- DenyUsers variable gives the system administrator the option of
  denying specific users to ssh into the system. The list consists of
  space separated user names. Numeric user IDs are not recognized with
  this variable. If a system administrator wants to restrict user
  access further by specifically denying a user's access from a
  particular host, the entry can be specified in the form of user@host.
- DenyGroups variable gives the system administrator the option of
  denying specific groups of users to ssh into the system. The list
  consists of space separated group names. Numeric group IDs are not
  recognized with this variable.</description>
          <warning xmlns:xhtml="http://www.w3.org/1999/xhtml" xml:lang="en-US" category="general">Automated remediation is not available for this configuration check
because each system has unique user names and group names.</warning>
          <reference href="https://www.cisecurity.org/controls/">11</reference>
          <reference href="https://www.cisecurity.org/controls/">12</reference>
          <reference href="https://www.cisecurity.org/controls/">14</reference>
          <reference href="https://www.cisecurity.org/controls/">15</reference>
          <reference href="https://www.cisecurity.org/controls/">16</reference>
          <reference href="https://www.cisecurity.org/controls/">18</reference>
          <reference href="https://www.cisecurity.org/controls/">3</reference>
          <reference href="https://www.cisecurity.org/controls/">5</reference>
          <reference href="https://www.isaca.org/resources/cobit">DSS05.02</reference>
          <reference href="https://www.isaca.org/resources/cobit">DSS05.04</reference>
          <reference href="https://www.isaca.org/resources/cobit">DSS05.05</reference>
          <reference href="https://www.isaca.org/resources/cobit">DSS05.07</reference>
          <reference href="https://www.isaca.org/resources/cobit">DSS06.03</reference>
          <reference href="https://www.isaca.org/resources/cobit">DSS06.06</reference>
          <reference href="http://nvlpubs.nist.gov/nistpubs/SpecialPublications/NIST.SP.800-171.pdf">3.1.12</reference>
          <reference href="https://www.isa.org/products/isa-62443-2-1-2009-security-for-industrial-automat">4.3.3.2.2</reference>
          <reference href="https://www.isa.org/products/isa-62443-2-1-2009-security-for-industrial-automat">4.3.3.5.1</reference>
          <reference href="https://www.isa.org/products/isa-62443-2-1-2009-security-for-industrial-automat">4.3.3.5.2</reference>
          <reference href="https://www.isa.org/products/isa-62443-2-1-2009-security-for-industrial-automat">4.3.3.5.3</reference>
          <reference href="https://www.isa.org/products/isa-62443-2-1-2009-security-for-industrial-automat">4.3.3.5.4</reference>
          <reference href="https://www.isa.org/products/isa-62443-2-1-2009-security-for-industrial-automat">4.3.3.5.5</reference>
          <reference href="https://www.isa.org/products/isa-62443-2-1-2009-security-for-industrial-automat">4.3.3.5.6</reference>
          <reference href="https://www.isa.org/products/isa-62443-2-1-2009-security-for-industrial-automat">4.3.3.5.7</reference>
          <reference href="https://www.isa.org/products/isa-62443-2-1-2009-security-for-industrial-automat">4.3.3.5.8</reference>
          <reference href="https://www.isa.org/products/isa-62443-2-1-2009-security-for-industrial-automat">4.3.3.6.1</reference>
          <reference href="https://www.isa.org/products/isa-62443-2-1-2009-security-for-industrial-automat">4.3.3.6.2</reference>
          <reference href="https://www.isa.org/products/isa-62443-2-1-2009-security-for-industrial-automat">4.3.3.6.3</reference>
          <reference href="https://www.isa.org/products/isa-62443-2-1-2009-security-for-industrial-automat">4.3.3.6.4</reference>
          <reference href="https://www.isa.org/products/isa-62443-2-1-2009-security-for-industrial-automat">4.3.3.6.5</reference>
          <reference href="https://www.isa.org/products/isa-62443-2-1-2009-security-for-industrial-automat">4.3.3.6.6</reference>
          <reference href="https://www.isa.org/products/isa-62443-2-1-2009-security-for-industrial-automat">4.3.3.6.7</reference>
          <reference href="https://www.isa.org/products/isa-62443-2-1-2009-security-for-industrial-automat">4.3.3.6.8</reference>
          <reference href="https://www.isa.org/products/isa-62443-2-1-2009-security-for-industrial-automat">4.3.3.6.9</reference>
          <reference href="https://www.isa.org/products/isa-62443-2-1-2009-security-for-industrial-automat">4.3.3.7.1</reference>
          <reference href="https://www.isa.org/products/isa-62443-2-1-2009-security-for-industrial-automat">4.3.3.7.2</reference>
          <reference href="https://www.isa.org/products/isa-62443-2-1-2009-security-for-industrial-automat">4.3.3.7.3</reference>
          <reference href="https://www.isa.org/products/isa-62443-2-1-2009-security-for-industrial-automat">4.3.3.7.4</reference>
          <reference href="https://www.isa.org/products/ansi-isa-62443-3-3-99-03-03-2013-security-for-indu">SR 1.1</reference>
          <reference href="https://www.isa.org/products/ansi-isa-62443-3-3-99-03-03-2013-security-for-indu">SR 1.10</reference>
          <reference href="https://www.isa.org/products/ansi-isa-62443-3-3-99-03-03-2013-security-for-indu">SR 1.11</reference>
          <reference href="https://www.isa.org/products/ansi-isa-62443-3-3-99-03-03-2013-security-for-indu">SR 1.12</reference>
          <reference href="https://www.isa.org/products/ansi-isa-62443-3-3-99-03-03-2013-security-for-indu">SR 1.13</reference>
          <reference href="https://www.isa.org/products/ansi-isa-62443-3-3-99-03-03-2013-security-for-indu">SR 1.2</reference>
          <reference href="https://www.isa.org/products/ansi-isa-62443-3-3-99-03-03-2013-security-for-indu">SR 1.3</reference>
          <reference href="https://www.isa.org/products/ansi-isa-62443-3-3-99-03-03-2013-security-for-indu">SR 1.4</reference>
          <reference href="https://www.isa.org/products/ansi-isa-62443-3-3-99-03-03-2013-security-for-indu">SR 1.5</reference>
          <reference href="https://www.isa.org/products/ansi-isa-62443-3-3-99-03-03-2013-security-for-indu">SR 1.6</reference>
          <reference href="https://www.isa.org/products/ansi-isa-62443-3-3-99-03-03-2013-security-for-indu">SR 1.7</reference>
          <reference href="https://www.isa.org/products/ansi-isa-62443-3-3-99-03-03-2013-security-for-indu">SR 1.8</reference>
          <reference href="https://www.isa.org/products/ansi-isa-62443-3-3-99-03-03-2013-security-for-indu">SR 1.9</reference>
          <reference href="https://www.isa.org/products/ansi-isa-62443-3-3-99-03-03-2013-security-for-indu">SR 2.1</reference>
          <reference href="https://www.isa.org/products/ansi-isa-62443-3-3-99-03-03-2013-security-for-indu">SR 2.2</reference>
          <reference href="https://www.isa.org/products/ansi-isa-62443-3-3-99-03-03-2013-security-for-indu">SR 2.3</reference>
          <reference href="https://www.isa.org/products/ansi-isa-62443-3-3-99-03-03-2013-security-for-indu">SR 2.4</reference>
          <reference href="https://www.isa.org/products/ansi-isa-62443-3-3-99-03-03-2013-security-for-indu">SR 2.5</reference>
          <reference href="https://www.isa.org/products/ansi-isa-62443-3-3-99-03-03-2013-security-for-indu">SR 2.6</reference>
          <reference href="https://www.isa.org/products/ansi-isa-62443-3-3-99-03-03-2013-security-for-indu">SR 2.7</reference>
          <reference href="https://www.iso.org/contents/data/standard/05/45/54534.html">A.6.1.2</reference>
          <reference href="https://www.iso.org/contents/data/standard/05/45/54534.html">A.7.1.1</reference>
          <reference href="https://www.iso.org/contents/data/standard/05/45/54534.html">A.9.1.2</reference>
          <reference href="https://www.iso.org/contents/data/standard/05/45/54534.html">A.9.2.1</reference>
          <reference href="https://www.iso.org/contents/data/standard/05/45/54534.html">A.9.2.3</reference>
          <reference href="https://www.iso.org/contents/data/standard/05/45/54534.html">A.9.4.1</reference>
          <reference href="https://www.iso.org/contents/data/standard/05/45/54534.html">A.9.4.4</reference>
          <reference href="https://www.iso.org/contents/data/standard/05/45/54534.html">A.9.4.5</reference>
          <reference href="https://www.nerc.com/standards/reliability-standards/cip">CIP-003-8 R5.1.1</reference>
          <reference href="https://www.nerc.com/standards/reliability-standards/cip">CIP-003-8 R5.3</reference>
          <reference href="https://www.nerc.com/standards/reliability-standards/cip">CIP-004-6 R2.2.3</reference>
          <reference href="https://www.nerc.com/standards/reliability-standards/cip">CIP-004-6 R2.3</reference>
          <reference href="https://www.nerc.com/standards/reliability-standards/cip">CIP-007-3 R5.1</reference>
          <reference href="https://www.nerc.com/standards/reliability-standards/cip">CIP-007-3 R5.1.2</reference>
          <reference href="https://www.nerc.com/standards/reliability-standards/cip">CIP-007-3 R5.2</reference>
          <reference href="https://www.nerc.com/standards/reliability-standards/cip">CIP-007-3 R5.3.1</reference>
          <reference href="https://www.nerc.com/standards/reliability-standards/cip">CIP-007-3 R5.3.2</reference>
          <reference href="https://www.nerc.com/standards/reliability-standards/cip">CIP-007-3 R5.3.3</reference>
          <reference href="http://nvlpubs.nist.gov/nistpubs/SpecialPublications/NIST.SP.800-53r4.pdf">AC-3</reference>
          <reference href="http://nvlpubs.nist.gov/nistpubs/SpecialPublications/NIST.SP.800-53r4.pdf">CM-6(a)</reference>
          <reference href="https://nvlpubs.nist.gov/nistpubs/CSWP/NIST.CSWP.04162018.pdf">PR.AC-4</reference>
          <reference href="https://nvlpubs.nist.gov/nistpubs/CSWP/NIST.CSWP.04162018.pdf">PR.AC-6</reference>
          <reference href="https://nvlpubs.nist.gov/nistpubs/CSWP/NIST.CSWP.04162018.pdf">PR.PT-3</reference>
          <reference href="https://www.pcisecuritystandards.org/documents/PCI_DSS_v3-2-1.pdf">Req-2.2.4</reference>
          <reference href="https://www.cisecurity.org/benchmark/suse_linux/">5.2.4</reference>
          <reference href="not_publicly_available">SLES-15-600150105</reference>
          <reference href="https://docs-prv.pcisecuritystandards.org/PCI%20DSS/Standard/PCI-DSS-v4_0.pdf">2.2.6</reference>
          <reference href="https://docs-prv.pcisecuritystandards.org/PCI%20DSS/Standard/PCI-DSS-v4_0.pdf">2.2</reference>
          <rationale xmlns:xhtml="http://www.w3.org/1999/xhtml" xml:lang="en-US">Specifying which accounts are allowed SSH access into the system reduces the
possibility of unauthorized access to the system.</rationale>
          <ident system="https://ncp.nist.gov/cce">CCE-91343-4</ident>
          <check system="http://oval.mitre.org/XMLSchema/oval-definitions-5">
            <check-content-ref name="oval:ssg-sshd_limit_user_access:def:1" href="ssg-sle15-oval.xml"/>
          </check>
          <check system="http://scap.nist.gov/schema/ocil/2">
            <check-content-ref name="ocil:ssg-sshd_limit_user_access_ocil:questionnaire:1" href="ssg-sle15-ocil.xml"/>
          </check>
        </Rule>
        <Rule id="xccdf_org.ssgproject.content_rule_sshd_print_last_log" selected="false" role="full" severity="medium">
          <title xmlns:xhtml="http://www.w3.org/1999/xhtml" xml:lang="en-US">Enable SSH Print Last Log</title>
          <description xmlns:xhtml="http://www.w3.org/1999/xhtml" xml:lang="en-US">Ensure that SSH will display the date and time of the last successful account logon.
<html:br xmlns:html="http://www.w3.org/1999/xhtml"/>
The default SSH configuration enables print of the date and time of the last login.
The appropriate configuration is used if no value is set for <html:code xmlns:html="http://www.w3.org/1999/xhtml">PrintLastLog</html:code>.
<html:br xmlns:html="http://www.w3.org/1999/xhtml"/>
To explicitly enable LastLog in SSH, add or correct the following line in


<html:code xmlns:html="http://www.w3.org/1999/xhtml">/etc/ssh/sshd_config</html:code>:

<html:pre xmlns:html="http://www.w3.org/1999/xhtml">PrintLastLog yes</html:pre>
       </description>
          <reference href="https://www.cisecurity.org/controls/">1</reference>
          <reference href="https://www.cisecurity.org/controls/">12</reference>
          <reference href="https://www.cisecurity.org/controls/">15</reference>
          <reference href="https://www.cisecurity.org/controls/">16</reference>
          <reference href="https://www.isaca.org/resources/cobit">DSS05.04</reference>
          <reference href="https://www.isaca.org/resources/cobit">DSS05.10</reference>
          <reference href="https://www.isaca.org/resources/cobit">DSS06.10</reference>
          <reference href="https://www.isa.org/products/isa-62443-2-1-2009-security-for-industrial-automat">4.3.3.6.1</reference>
          <reference href="https://www.isa.org/products/isa-62443-2-1-2009-security-for-industrial-automat">4.3.3.6.2</reference>
          <reference href="https://www.isa.org/products/isa-62443-2-1-2009-security-for-industrial-automat">4.3.3.6.3</reference>
          <reference href="https://www.isa.org/products/isa-62443-2-1-2009-security-for-industrial-automat">4.3.3.6.4</reference>
          <reference href="https://www.isa.org/products/isa-62443-2-1-2009-security-for-industrial-automat">4.3.3.6.5</reference>
          <reference href="https://www.isa.org/products/isa-62443-2-1-2009-security-for-industrial-automat">4.3.3.6.6</reference>
          <reference href="https://www.isa.org/products/isa-62443-2-1-2009-security-for-industrial-automat">4.3.3.6.7</reference>
          <reference href="https://www.isa.org/products/isa-62443-2-1-2009-security-for-industrial-automat">4.3.3.6.8</reference>
          <reference href="https://www.isa.org/products/isa-62443-2-1-2009-security-for-industrial-automat">4.3.3.6.9</reference>
          <reference href="https://www.isa.org/products/ansi-isa-62443-3-3-99-03-03-2013-security-for-indu">SR 1.1</reference>
          <reference href="https://www.isa.org/products/ansi-isa-62443-3-3-99-03-03-2013-security-for-indu">SR 1.10</reference>
          <reference href="https://www.isa.org/products/ansi-isa-62443-3-3-99-03-03-2013-security-for-indu">SR 1.2</reference>
          <reference href="https://www.isa.org/products/ansi-isa-62443-3-3-99-03-03-2013-security-for-indu">SR 1.5</reference>
          <reference href="https://www.isa.org/products/ansi-isa-62443-3-3-99-03-03-2013-security-for-indu">SR 1.7</reference>
          <reference href="https://www.isa.org/products/ansi-isa-62443-3-3-99-03-03-2013-security-for-indu">SR 1.8</reference>
          <reference href="https://www.isa.org/products/ansi-isa-62443-3-3-99-03-03-2013-security-for-indu">SR 1.9</reference>
          <reference href="https://www.iso.org/contents/data/standard/05/45/54534.html">A.18.1.4</reference>
          <reference href="https://www.iso.org/contents/data/standard/05/45/54534.html">A.9.2.1</reference>
          <reference href="https://www.iso.org/contents/data/standard/05/45/54534.html">A.9.2.4</reference>
          <reference href="https://www.iso.org/contents/data/standard/05/45/54534.html">A.9.3.1</reference>
          <reference href="https://www.iso.org/contents/data/standard/05/45/54534.html">A.9.4.2</reference>
          <reference href="https://www.iso.org/contents/data/standard/05/45/54534.html">A.9.4.3</reference>
          <reference href="http://nvlpubs.nist.gov/nistpubs/SpecialPublications/NIST.SP.800-53r4.pdf">AC-9</reference>
          <reference href="http://nvlpubs.nist.gov/nistpubs/SpecialPublications/NIST.SP.800-53r4.pdf">AC-9(1)</reference>
          <reference href="https://nvlpubs.nist.gov/nistpubs/CSWP/NIST.CSWP.04162018.pdf">PR.AC-7</reference>
          <reference href="https://www.cyber.mil/stigs/downloads/?_dl_facet_stigs=operating-systems%2Cgeneral-purpose-os">SRG-OS-000480-GPOS-00227</reference>
          <reference href="https://www.cyber.mil/stigs/downloads/?_dl_facet_stigs=operating-systems%2Cunix-linux">SLES-15-020120</reference>
          <reference href="not_publicly_available">SLES-15-600150390</reference>
          <reference href="https://www.cyber.gov.au/acsc/view-all-content/ism">0582</reference>
          <reference href="https://www.cyber.gov.au/acsc/view-all-content/ism">0846</reference>
          <reference href="https://www.cyber.mil/stigs/srg-stig-tools/">SV-234881r991589_rule</reference>
          <rationale xmlns:xhtml="http://www.w3.org/1999/xhtml" xml:lang="en-US">Providing users feedback on when account accesses last occurred facilitates user
recognition and reporting of unauthorized account use.</rationale>
          <ident system="https://ncp.nist.gov/cce">CCE-85563-5</ident>
          <fix xmlns:xhtml="http://www.w3.org/1999/xhtml" id="sshd_print_last_log" system="urn:xccdf:fix:script:sh" complexity="low" disruption="low" strategy="restrict"># Remediation is applicable only in certain platforms
if rpm --quiet -q kernel-default || rpm --quiet -q kernel-default-base; then

if [ -e "/etc/ssh/sshd_config" ] ; then
    
    LC_ALL=C sed -i "/^\s*PrintLastLog\s\+/Id" "/etc/ssh/sshd_config"
else
    touch "/etc/ssh/sshd_config"
fi
# make sure file has newline at the end
sed -i -e '$a\' "/etc/ssh/sshd_config"

cp "/etc/ssh/sshd_config" "/etc/ssh/sshd_config.bak"
# Insert at the beginning of the file
printf '%s\n' "PrintLastLog yes" &gt; "/etc/ssh/sshd_config"
cat "/etc/ssh/sshd_config.bak" &gt;&gt; "/etc/ssh/sshd_config"
# Clean up after ourselves.
rm "/etc/ssh/sshd_config.bak"

else
    &gt;&amp;2 echo 'Remediation is not applicable, nothing was done'
fi
</fix>
          <fix xmlns:xhtml="http://www.w3.org/1999/xhtml" id="sshd_print_last_log" system="urn:xccdf:fix:script:ansible" complexity="low" disruption="low" strategy="restrict">- name: Gather the package facts
  package_facts:
    manager: auto
  tags:
  - CCE-85563-5
  - DISA-STIG-SLES-15-020120
  - NIST-800-53-AC-9
  - NIST-800-53-AC-9(1)
  - low_complexity
  - low_disruption
  - medium_severity
  - no_reboot_needed
  - restrict_strategy
  - sshd_print_last_log

- name: Enable SSH Print Last Log
  block:

  - name: Check for duplicate values
    ansible.builtin.lineinfile:
      path: /etc/ssh/sshd_config
      create: true
      regexp: (?i)(?i)^\s*PrintLastLog\s+
      state: absent
    check_mode: true
    changed_when: false
    register: dupes

  - name: Deduplicate values from /etc/ssh/sshd_config
    ansible.builtin.lineinfile:
      path: /etc/ssh/sshd_config
      create: true
      regexp: (?i)(?i)^\s*PrintLastLog\s+
      state: absent
    when: dupes.found is defined and dupes.found &gt; 1

  - name: Insert correct line to /etc/ssh/sshd_config
    ansible.builtin.lineinfile:
      path: /etc/ssh/sshd_config
      create: true
      regexp: (?i)(?i)^\s*PrintLastLog\s+
      line: PrintLastLog yes
      state: present
      insertbefore: BOF
      validate: /usr/sbin/sshd -t -f %s
  when: ("kernel-default" in ansible_facts.packages or "kernel-default-base" in ansible_facts.packages)
  tags:
  - CCE-85563-5
  - DISA-STIG-SLES-15-020120
  - NIST-800-53-AC-9
  - NIST-800-53-AC-9(1)
  - low_complexity
  - low_disruption
  - medium_severity
  - no_reboot_needed
  - restrict_strategy
  - sshd_print_last_log
</fix>
          <check system="http://oval.mitre.org/XMLSchema/oval-definitions-5">
            <check-export export-name="oval:ssg-sshd_required:var:1" value-id="xccdf_org.ssgproject.content_value_sshd_required"/>
            <check-content-ref name="oval:ssg-sshd_print_last_log:def:1" href="ssg-sle15-oval.xml"/>
          </check>
          <check system="http://scap.nist.gov/schema/ocil/2">
            <check-content-ref name="ocil:ssg-sshd_print_last_log_ocil:questionnaire:1" href="ssg-sle15-ocil.xml"/>
          </check>
        </Rule>
        <Rule id="xccdf_org.ssgproject.content_rule_sshd_rekey_limit" selected="false" role="full" severity="medium">
          <title xmlns:xhtml="http://www.w3.org/1999/xhtml" xml:lang="en-US">Force frequent session key renegotiation</title>
          <description xmlns:xhtml="http://www.w3.org/1999/xhtml" xml:lang="en-US">The <html:code xmlns:html="http://www.w3.org/1999/xhtml">RekeyLimit</html:code> parameter specifies how often
the session key of the is renegotiated, both in terms of
amount of data that may be transmitted and the time
elapsed.<html:br xmlns:html="http://www.w3.org/1999/xhtml"/>
To decrease the default limits, add or correct the following line in


<html:code xmlns:html="http://www.w3.org/1999/xhtml">/etc/ssh/sshd_config</html:code>:

<html:pre xmlns:html="http://www.w3.org/1999/xhtml" xmlns:xccdf-1.2="http://checklists.nist.gov/xccdf/1.2">RekeyLimit <xccdf-1.2:sub idref="xccdf_org.ssgproject.content_value_var_rekey_limit_size" use="legacy"/>
         <xccdf-1.2:sub idref="xccdf_org.ssgproject.content_value_var_rekey_limit_time" use="legacy"/>
        </html:pre>
       </description>
          <reference href="https://www.niap-ccevs.org/Profile/PP.cfm">FCS_SSH_EXT.1.8</reference>
          <reference href="https://www.cyber.mil/stigs/downloads/?_dl_facet_stigs=operating-systems%2Cgeneral-purpose-os">SRG-OS-000480-GPOS-00227</reference>
          <reference href="https://www.cyber.mil/stigs/downloads/?_dl_facet_stigs=operating-systems%2Cgeneral-purpose-os">SRG-OS-000033-GPOS-00014</reference>
          <rationale xmlns:xhtml="http://www.w3.org/1999/xhtml" xml:lang="en-US">By decreasing the limit based on the amount of data and enabling
time-based limit, effects of potential attacks against
encryption keys are limited.</rationale>
          <fix xmlns:xhtml="http://www.w3.org/1999/xhtml" id="sshd_rekey_limit" system="urn:xccdf:fix:script:sh"># Remediation is applicable only in certain platforms
if rpm --quiet -q kernel-default || rpm --quiet -q kernel-default-base; then

var_rekey_limit_size='<xccdf-1.2:sub xmlns:xccdf-1.2="http://checklists.nist.gov/xccdf/1.2" idref="xccdf_org.ssgproject.content_value_var_rekey_limit_size" use="legacy"/>'
var_rekey_limit_time='<xccdf-1.2:sub xmlns:xccdf-1.2="http://checklists.nist.gov/xccdf/1.2" idref="xccdf_org.ssgproject.content_value_var_rekey_limit_time" use="legacy"/>'



if [ -e "/etc/ssh/sshd_config" ] ; then
    
    LC_ALL=C sed -i "/^\s*RekeyLimit\s\+/Id" "/etc/ssh/sshd_config"
else
    touch "/etc/ssh/sshd_config"
fi
# make sure file has newline at the end
sed -i -e '$a\' "/etc/ssh/sshd_config"

cp "/etc/ssh/sshd_config" "/etc/ssh/sshd_config.bak"
# Insert at the beginning of the file
printf '%s\n' "RekeyLimit $var_rekey_limit_size $var_rekey_limit_time" &gt; "/etc/ssh/sshd_config"
cat "/etc/ssh/sshd_config.bak" &gt;&gt; "/etc/ssh/sshd_config"
# Clean up after ourselves.
rm "/etc/ssh/sshd_config.bak"

else
    &gt;&amp;2 echo 'Remediation is not applicable, nothing was done'
fi
</fix>
          <fix xmlns:xhtml="http://www.w3.org/1999/xhtml" id="sshd_rekey_limit" system="urn:xccdf:fix:script:ansible" complexity="low" disruption="low" strategy="configure">- name: Gather the package facts
  package_facts:
    manager: auto
  tags:
  - configure_strategy
  - low_complexity
  - low_disruption
  - medium_severity
  - no_reboot_needed
  - sshd_rekey_limit
- name: XCCDF Value var_rekey_limit_size # promote to variable
  set_fact:
    var_rekey_limit_size: !!str <xccdf-1.2:sub xmlns:xccdf-1.2="http://checklists.nist.gov/xccdf/1.2" idref="xccdf_org.ssgproject.content_value_var_rekey_limit_size" use="legacy"/>
  tags:
    - always
- name: XCCDF Value var_rekey_limit_time # promote to variable
  set_fact:
    var_rekey_limit_time: !!str <xccdf-1.2:sub xmlns:xccdf-1.2="http://checklists.nist.gov/xccdf/1.2" idref="xccdf_org.ssgproject.content_value_var_rekey_limit_time" use="legacy"/>
  tags:
    - always

- name: Force frequent session key renegotiation
  block:

  - name: Check for duplicate values
    ansible.builtin.lineinfile:
      path: /etc/ssh/sshd_config
      create: true
      regexp: (?i)(?i)^\s*RekeyLimit\s+
      state: absent
    check_mode: true
    changed_when: false
    register: dupes

  - name: Deduplicate values from /etc/ssh/sshd_config
    ansible.builtin.lineinfile:
      path: /etc/ssh/sshd_config
      create: true
      regexp: (?i)(?i)^\s*RekeyLimit\s+
      state: absent
    when: dupes.found is defined and dupes.found &gt; 1

  - name: Insert correct line to /etc/ssh/sshd_config
    ansible.builtin.lineinfile:
      path: /etc/ssh/sshd_config
      create: true
      regexp: (?i)(?i)^\s*RekeyLimit\s+
      line: RekeyLimit {{ var_rekey_limit_size }} {{ var_rekey_limit_time }}
      state: present
      insertbefore: BOF
      validate: /usr/sbin/sshd -t -f %s
  when: ("kernel-default" in ansible_facts.packages or "kernel-default-base" in ansible_facts.packages)
  tags:
  - configure_strategy
  - low_complexity
  - low_disruption
  - medium_severity
  - no_reboot_needed
  - sshd_rekey_limit
</fix>
          <check system="http://oval.mitre.org/XMLSchema/oval-definitions-5">
            <check-export export-name="oval:ssg-var_rekey_limit_time:var:1" value-id="xccdf_org.ssgproject.content_value_var_rekey_limit_time"/>
            <check-export export-name="oval:ssg-var_rekey_limit_size:var:1" value-id="xccdf_org.ssgproject.content_value_var_rekey_limit_size"/>
            <check-export export-name="oval:ssg-sshd_required:var:1" value-id="xccdf_org.ssgproject.content_value_sshd_required"/>
            <check-content-ref name="oval:ssg-sshd_rekey_limit:def:1" href="ssg-sle15-oval.xml"/>
          </check>
          <check system="http://scap.nist.gov/schema/ocil/2">
            <check-content-ref name="ocil:ssg-sshd_rekey_limit_ocil:questionnaire:1" href="ssg-sle15-ocil.xml"/>
          </check>
        </Rule>
        <Rule id="xccdf_org.ssgproject.content_rule_sshd_set_login_grace_time" selected="false" role="full" severity="medium">
          <title xmlns:xhtml="http://www.w3.org/1999/xhtml" xml:lang="en-US">Ensure SSH LoginGraceTime is configured</title>
          <description xmlns:xhtml="http://www.w3.org/1999/xhtml" xml:lang="en-US">The <html:code xmlns:html="http://www.w3.org/1999/xhtml">LoginGraceTime</html:code> parameter to the SSH server specifies the time allowed for successful authentication to
the SSH server. The longer the Grace period is the more open unauthenticated connections
can exist. Like other session controls in this session the Grace Period should be limited to
appropriate limits to ensure the service is available for needed access.</description>
          <reference href="https://www.cisecurity.org/benchmark/suse_linux/">5.2.17</reference>
          <reference href="not_publicly_available">SLES-15-600150210</reference>
          <reference href="https://docs-prv.pcisecuritystandards.org/PCI%20DSS/Standard/PCI-DSS-v4_0.pdf">2.2.6</reference>
          <reference href="https://docs-prv.pcisecuritystandards.org/PCI%20DSS/Standard/PCI-DSS-v4_0.pdf">2.2</reference>
          <rationale xmlns:xhtml="http://www.w3.org/1999/xhtml" xml:lang="en-US">Setting the <html:code xmlns:html="http://www.w3.org/1999/xhtml">LoginGraceTime</html:code> parameter to a low number will minimize the risk of successful
brute force attacks to the SSH server. It will also limit the number of concurrent
unauthenticated connections.</rationale>
          <ident system="https://ncp.nist.gov/cce">CCE-91397-0</ident>
          <fix xmlns:xhtml="http://www.w3.org/1999/xhtml" id="sshd_set_login_grace_time" system="urn:xccdf:fix:script:sh" complexity="low" disruption="low" strategy="restrict"># Remediation is applicable only in certain platforms
if rpm --quiet -q kernel-default || rpm --quiet -q kernel-default-base; then

var_sshd_set_login_grace_time='<xccdf-1.2:sub xmlns:xccdf-1.2="http://checklists.nist.gov/xccdf/1.2" idref="xccdf_org.ssgproject.content_value_var_sshd_set_login_grace_time" use="legacy"/>'


if [ -e "/etc/ssh/sshd_config" ] ; then
    
    LC_ALL=C sed -i "/^\s*LoginGraceTime\s\+/Id" "/etc/ssh/sshd_config"
else
    touch "/etc/ssh/sshd_config"
fi
# make sure file has newline at the end
sed -i -e '$a\' "/etc/ssh/sshd_config"

cp "/etc/ssh/sshd_config" "/etc/ssh/sshd_config.bak"
# Insert at the beginning of the file
printf '%s\n' "LoginGraceTime $var_sshd_set_login_grace_time" &gt; "/etc/ssh/sshd_config"
cat "/etc/ssh/sshd_config.bak" &gt;&gt; "/etc/ssh/sshd_config"
# Clean up after ourselves.
rm "/etc/ssh/sshd_config.bak"

else
    &gt;&amp;2 echo 'Remediation is not applicable, nothing was done'
fi
</fix>
          <fix xmlns:xhtml="http://www.w3.org/1999/xhtml" id="sshd_set_login_grace_time" system="urn:xccdf:fix:script:ansible" complexity="low" disruption="low" strategy="restrict">- name: Gather the package facts
  package_facts:
    manager: auto
  tags:
  - CCE-91397-0
  - PCI-DSSv4-2.2
  - PCI-DSSv4-2.2.6
  - low_complexity
  - low_disruption
  - medium_severity
  - no_reboot_needed
  - restrict_strategy
  - sshd_set_login_grace_time
- name: XCCDF Value var_sshd_set_login_grace_time # promote to variable
  set_fact:
    var_sshd_set_login_grace_time: !!str <xccdf-1.2:sub xmlns:xccdf-1.2="http://checklists.nist.gov/xccdf/1.2" idref="xccdf_org.ssgproject.content_value_var_sshd_set_login_grace_time" use="legacy"/>
  tags:
    - always

- name: Ensure SSH LoginGraceTime is configured
  block:

  - name: Check for duplicate values
    ansible.builtin.lineinfile:
      path: /etc/ssh/sshd_config
      create: true
      regexp: (?i)(?i)^\s*LoginGraceTime\s+
      state: absent
    check_mode: true
    changed_when: false
    register: dupes

  - name: Deduplicate values from /etc/ssh/sshd_config
    ansible.builtin.lineinfile:
      path: /etc/ssh/sshd_config
      create: true
      regexp: (?i)(?i)^\s*LoginGraceTime\s+
      state: absent
    when: dupes.found is defined and dupes.found &gt; 1

  - name: Insert correct line to /etc/ssh/sshd_config
    ansible.builtin.lineinfile:
      path: /etc/ssh/sshd_config
      create: true
      regexp: (?i)(?i)^\s*LoginGraceTime\s+
      line: LoginGraceTime {{ var_sshd_set_login_grace_time }}
      state: present
      insertbefore: BOF
      validate: /usr/sbin/sshd -t -f %s
  when: ("kernel-default" in ansible_facts.packages or "kernel-default-base" in ansible_facts.packages)
  tags:
  - CCE-91397-0
  - PCI-DSSv4-2.2
  - PCI-DSSv4-2.2.6
  - low_complexity
  - low_disruption
  - medium_severity
  - no_reboot_needed
  - restrict_strategy
  - sshd_set_login_grace_time
</fix>
          <check system="http://oval.mitre.org/XMLSchema/oval-definitions-5">
            <check-export export-name="oval:ssg-var_sshd_set_login_grace_time:var:1" value-id="xccdf_org.ssgproject.content_value_var_sshd_set_login_grace_time"/>
            <check-export export-name="oval:ssg-sshd_required:var:1" value-id="xccdf_org.ssgproject.content_value_sshd_required"/>
            <check-content-ref name="oval:ssg-sshd_set_login_grace_time:def:1" href="ssg-sle15-oval.xml"/>
          </check>
          <check system="http://scap.nist.gov/schema/ocil/2">
            <check-content-ref name="ocil:ssg-sshd_set_login_grace_time_ocil:questionnaire:1" href="ssg-sle15-ocil.xml"/>
          </check>
        </Rule>
        <Rule id="xccdf_org.ssgproject.content_rule_sshd_set_loglevel_info" selected="false" role="full" severity="low">
          <title xmlns:xhtml="http://www.w3.org/1999/xhtml" xml:lang="en-US">Set LogLevel to INFO</title>
          <description xmlns:xhtml="http://www.w3.org/1999/xhtml" xml:lang="en-US">The INFO parameter specifies that record login and logout activity will be logged.
<html:br xmlns:html="http://www.w3.org/1999/xhtml"/>
The default SSH configuration sets the log level to INFO. The appropriate
configuration is used if no value is set for <html:code xmlns:html="http://www.w3.org/1999/xhtml">LogLevel</html:code>.
<html:br xmlns:html="http://www.w3.org/1999/xhtml"/>
To explicitly specify the log level in SSH, add or correct the following line in


<html:code xmlns:html="http://www.w3.org/1999/xhtml">/etc/ssh/sshd_config</html:code>:

<html:pre xmlns:html="http://www.w3.org/1999/xhtml">LogLevel INFO</html:pre>
       </description>
          <reference href="http://nvlpubs.nist.gov/nistpubs/SpecialPublications/NIST.SP.800-53r4.pdf">AC-17(a)</reference>
          <reference href="http://nvlpubs.nist.gov/nistpubs/SpecialPublications/NIST.SP.800-53r4.pdf">CM-6(a)</reference>
          <reference href="https://www.cisecurity.org/benchmark/suse_linux/">5.2.5</reference>
          <reference href="https://www.cyber.gov.au/acsc/view-all-content/ism">1409</reference>
          <rationale xmlns:xhtml="http://www.w3.org/1999/xhtml" xml:lang="en-US">SSH provides several logging levels with varying amounts of verbosity. <html:code xmlns:html="http://www.w3.org/1999/xhtml">DEBUG</html:code> is specifically
not recommended other than strictly for debugging SSH communications since it provides
so much data that it is difficult to identify important security information. <html:code xmlns:html="http://www.w3.org/1999/xhtml">INFO</html:code> level is the
basic level that only records login activity of SSH users. In many situations, such as Incident
Response, it is important to determine when a particular user was active on a system. The
logout record can eliminate those users who disconnected, which helps narrow the field.</rationale>
          <ident system="https://ncp.nist.gov/cce">CCE-91394-7</ident>
          <fix xmlns:xhtml="http://www.w3.org/1999/xhtml" id="sshd_set_loglevel_info" system="urn:xccdf:fix:script:sh" complexity="low" disruption="low" strategy="restrict"># Remediation is applicable only in certain platforms
if rpm --quiet -q kernel-default || rpm --quiet -q kernel-default-base; then

if [ -e "/etc/ssh/sshd_config" ] ; then
    
    LC_ALL=C sed -i "/^\s*LogLevel\s\+/Id" "/etc/ssh/sshd_config"
else
    touch "/etc/ssh/sshd_config"
fi
# make sure file has newline at the end
sed -i -e '$a\' "/etc/ssh/sshd_config"

cp "/etc/ssh/sshd_config" "/etc/ssh/sshd_config.bak"
# Insert at the beginning of the file
printf '%s\n' "LogLevel INFO" &gt; "/etc/ssh/sshd_config"
cat "/etc/ssh/sshd_config.bak" &gt;&gt; "/etc/ssh/sshd_config"
# Clean up after ourselves.
rm "/etc/ssh/sshd_config.bak"

else
    &gt;&amp;2 echo 'Remediation is not applicable, nothing was done'
fi
</fix>
          <fix xmlns:xhtml="http://www.w3.org/1999/xhtml" id="sshd_set_loglevel_info" system="urn:xccdf:fix:script:ansible" complexity="low" disruption="low" strategy="restrict">- name: Gather the package facts
  package_facts:
    manager: auto
  tags:
  - CCE-91394-7
  - NIST-800-53-AC-17(a)
  - NIST-800-53-CM-6(a)
  - low_complexity
  - low_disruption
  - low_severity
  - no_reboot_needed
  - restrict_strategy
  - sshd_set_loglevel_info

- name: Set LogLevel to INFO
  block:

  - name: Check for duplicate values
    ansible.builtin.lineinfile:
      path: /etc/ssh/sshd_config
      create: true
      regexp: (?i)(?i)^\s*LogLevel\s+
      state: absent
    check_mode: true
    changed_when: false
    register: dupes

  - name: Deduplicate values from /etc/ssh/sshd_config
    ansible.builtin.lineinfile:
      path: /etc/ssh/sshd_config
      create: true
      regexp: (?i)(?i)^\s*LogLevel\s+
      state: absent
    when: dupes.found is defined and dupes.found &gt; 1

  - name: Insert correct line to /etc/ssh/sshd_config
    ansible.builtin.lineinfile:
      path: /etc/ssh/sshd_config
      create: true
      regexp: (?i)(?i)^\s*LogLevel\s+
      line: LogLevel INFO
      state: present
      insertbefore: BOF
      validate: /usr/sbin/sshd -t -f %s
  when: ("kernel-default" in ansible_facts.packages or "kernel-default-base" in ansible_facts.packages)
  tags:
  - CCE-91394-7
  - NIST-800-53-AC-17(a)
  - NIST-800-53-CM-6(a)
  - low_complexity
  - low_disruption
  - low_severity
  - no_reboot_needed
  - restrict_strategy
  - sshd_set_loglevel_info
</fix>
          <check system="http://oval.mitre.org/XMLSchema/oval-definitions-5">
            <check-export export-name="oval:ssg-sshd_required:var:1" value-id="xccdf_org.ssgproject.content_value_sshd_required"/>
            <check-content-ref name="oval:ssg-sshd_set_loglevel_info:def:1" href="ssg-sle15-oval.xml"/>
          </check>
          <check system="http://scap.nist.gov/schema/ocil/2">
            <check-content-ref name="ocil:ssg-sshd_set_loglevel_info_ocil:questionnaire:1" href="ssg-sle15-ocil.xml"/>
          </check>
        </Rule>
        <Rule id="xccdf_org.ssgproject.content_rule_sshd_set_loglevel_verbose" selected="false" role="full" severity="medium">
          <title xmlns:xhtml="http://www.w3.org/1999/xhtml" xml:lang="en-US">Set SSH Daemon LogLevel to VERBOSE</title>
          <description xmlns:xhtml="http://www.w3.org/1999/xhtml" xml:lang="en-US">The <html:code xmlns:html="http://www.w3.org/1999/xhtml">VERBOSE</html:code> parameter configures the SSH daemon to record login and logout activity.
To specify the log level in
SSH, add or correct the following line in


<html:code xmlns:html="http://www.w3.org/1999/xhtml">/etc/ssh/sshd_config</html:code>:

<html:pre xmlns:html="http://www.w3.org/1999/xhtml">LogLevel VERBOSE</html:pre>
       </description>
          <reference href="https://www.nerc.com/standards/reliability-standards/cip">CIP-007-3 R7.1</reference>
          <reference href="http://nvlpubs.nist.gov/nistpubs/SpecialPublications/NIST.SP.800-53r4.pdf">AC-17(a)</reference>
          <reference href="http://nvlpubs.nist.gov/nistpubs/SpecialPublications/NIST.SP.800-53r4.pdf">AC-17(1)</reference>
          <reference href="http://nvlpubs.nist.gov/nistpubs/SpecialPublications/NIST.SP.800-53r4.pdf">CM-6(a)</reference>
          <reference href="https://www.pcisecuritystandards.org/documents/PCI_DSS_v3-2-1.pdf">Req-2.2.4</reference>
          <reference href="https://www.cyber.mil/stigs/downloads/?_dl_facet_stigs=operating-systems%2Cgeneral-purpose-os">SRG-OS-000032-GPOS-00013</reference>
          <reference href="https://www.cyber.mil/stigs/downloads/?_dl_facet_stigs=operating-systems%2Cunix-linux">SLES-15-010150</reference>
          <reference href="https://www.cisecurity.org/benchmark/suse_linux/">5.2.5</reference>
          <reference href="not_publicly_available">SLES-15-600150225</reference>
          <reference href="https://docs-prv.pcisecuritystandards.org/PCI%20DSS/Standard/PCI-DSS-v4_0.pdf">2.2.6</reference>
          <reference href="https://docs-prv.pcisecuritystandards.org/PCI%20DSS/Standard/PCI-DSS-v4_0.pdf">2.2</reference>
          <reference href="https://www.cyber.mil/stigs/srg-stig-tools/">SV-234815r958406_rule</reference>
          <rationale xmlns:xhtml="http://www.w3.org/1999/xhtml" xml:lang="en-US">SSH provides several logging levels with varying amounts of verbosity. <html:code xmlns:html="http://www.w3.org/1999/xhtml">DEBUG</html:code> is specifically
not recommended other than strictly for debugging SSH communications since it provides
so much data that it is difficult to identify important security information. <html:code xmlns:html="http://www.w3.org/1999/xhtml">INFO</html:code> or
<html:code xmlns:html="http://www.w3.org/1999/xhtml">VERBOSE</html:code> level is the basic level that only records login activity of SSH users. In many
situations, such as Incident Response, it is important to determine when a particular user was active
on a system. The logout record can eliminate those users who disconnected, which helps narrow the
field.</rationale>
          <ident system="https://ncp.nist.gov/cce">CCE-83270-9</ident>
          <fix xmlns:xhtml="http://www.w3.org/1999/xhtml" id="sshd_set_loglevel_verbose" system="urn:xccdf:fix:script:sh" complexity="low" disruption="low" strategy="restrict"># Remediation is applicable only in certain platforms
if rpm --quiet -q kernel-default || rpm --quiet -q kernel-default-base; then

if [ -e "/etc/ssh/sshd_config" ] ; then
    
    LC_ALL=C sed -i "/^\s*LogLevel\s\+/Id" "/etc/ssh/sshd_config"
else
    touch "/etc/ssh/sshd_config"
fi
# make sure file has newline at the end
sed -i -e '$a\' "/etc/ssh/sshd_config"

cp "/etc/ssh/sshd_config" "/etc/ssh/sshd_config.bak"
# Insert at the beginning of the file
printf '%s\n' "LogLevel VERBOSE" &gt; "/etc/ssh/sshd_config"
cat "/etc/ssh/sshd_config.bak" &gt;&gt; "/etc/ssh/sshd_config"
# Clean up after ourselves.
rm "/etc/ssh/sshd_config.bak"

else
    &gt;&amp;2 echo 'Remediation is not applicable, nothing was done'
fi
</fix>
          <fix xmlns:xhtml="http://www.w3.org/1999/xhtml" id="sshd_set_loglevel_verbose" system="urn:xccdf:fix:script:ansible" complexity="low" disruption="low" strategy="restrict">- name: Gather the package facts
  package_facts:
    manager: auto
  tags:
  - CCE-83270-9
  - DISA-STIG-SLES-15-010150
  - NIST-800-53-AC-17(1)
  - NIST-800-53-AC-17(a)
  - NIST-800-53-CM-6(a)
  - PCI-DSS-Req-2.2.4
  - PCI-DSSv4-2.2
  - PCI-DSSv4-2.2.6
  - low_complexity
  - low_disruption
  - medium_severity
  - no_reboot_needed
  - restrict_strategy
  - sshd_set_loglevel_verbose

- name: Set SSH Daemon LogLevel to VERBOSE
  block:

  - name: Check for duplicate values
    ansible.builtin.lineinfile:
      path: /etc/ssh/sshd_config
      create: true
      regexp: (?i)(?i)^\s*LogLevel\s+
      state: absent
    check_mode: true
    changed_when: false
    register: dupes

  - name: Deduplicate values from /etc/ssh/sshd_config
    ansible.builtin.lineinfile:
      path: /etc/ssh/sshd_config
      create: true
      regexp: (?i)(?i)^\s*LogLevel\s+
      state: absent
    when: dupes.found is defined and dupes.found &gt; 1

  - name: Insert correct line to /etc/ssh/sshd_config
    ansible.builtin.lineinfile:
      path: /etc/ssh/sshd_config
      create: true
      regexp: (?i)(?i)^\s*LogLevel\s+
      line: LogLevel VERBOSE
      state: present
      insertbefore: BOF
      validate: /usr/sbin/sshd -t -f %s
  when: ("kernel-default" in ansible_facts.packages or "kernel-default-base" in ansible_facts.packages)
  tags:
  - CCE-83270-9
  - DISA-STIG-SLES-15-010150
  - NIST-800-53-AC-17(1)
  - NIST-800-53-AC-17(a)
  - NIST-800-53-CM-6(a)
  - PCI-DSS-Req-2.2.4
  - PCI-DSSv4-2.2
  - PCI-DSSv4-2.2.6
  - low_complexity
  - low_disruption
  - medium_severity
  - no_reboot_needed
  - restrict_strategy
  - sshd_set_loglevel_verbose
</fix>
          <check system="http://oval.mitre.org/XMLSchema/oval-definitions-5">
            <check-export export-name="oval:ssg-sshd_required:var:1" value-id="xccdf_org.ssgproject.content_value_sshd_required"/>
            <check-content-ref name="oval:ssg-sshd_set_loglevel_verbose:def:1" href="ssg-sle15-oval.xml"/>
          </check>
          <check system="http://scap.nist.gov/schema/ocil/2">
            <check-content-ref name="ocil:ssg-sshd_set_loglevel_verbose_ocil:questionnaire:1" href="ssg-sle15-ocil.xml"/>
          </check>
        </Rule>
        <Rule id="xccdf_org.ssgproject.content_rule_sshd_set_max_auth_tries" selected="false" role="full" severity="medium">
          <title xmlns:xhtml="http://www.w3.org/1999/xhtml" xml:lang="en-US">Set SSH authentication attempt limit</title>
          <description xmlns:xhtml="http://www.w3.org/1999/xhtml" xml:lang="en-US">The <html:code xmlns:html="http://www.w3.org/1999/xhtml">MaxAuthTries</html:code> parameter specifies the maximum number of authentication attempts
permitted per connection. Once the number of failures reaches half this value, additional failures are logged.
to set MaxAUthTries edit <html:code xmlns:html="http://www.w3.org/1999/xhtml">/etc/ssh/sshd_config</html:code> as follows:
<html:pre xmlns:html="http://www.w3.org/1999/xhtml" xmlns:xccdf-1.2="http://checklists.nist.gov/xccdf/1.2">MaxAuthTries <xccdf-1.2:sub idref="xccdf_org.ssgproject.content_value_sshd_max_auth_tries_value" use="legacy"/>
        </html:pre>
       </description>
          <reference href="https://www.cisecurity.org/benchmark/suse_linux/">5.2.7</reference>
          <reference href="not_publicly_available">SLES-15-600150240</reference>
          <reference href="https://www.cyber.gov.au/acsc/view-all-content/ism">0421</reference>
          <reference href="https://www.cyber.gov.au/acsc/view-all-content/ism">0422</reference>
          <reference href="https://www.cyber.gov.au/acsc/view-all-content/ism">0974</reference>
          <reference href="https://www.cyber.gov.au/acsc/view-all-content/ism">1173</reference>
          <reference href="https://www.cyber.gov.au/acsc/view-all-content/ism">1401</reference>
          <reference href="https://www.cyber.gov.au/acsc/view-all-content/ism">1504</reference>
          <reference href="https://www.cyber.gov.au/acsc/view-all-content/ism">1505</reference>
          <reference href="https://www.cyber.gov.au/acsc/view-all-content/ism">1546</reference>
          <reference href="https://www.cyber.gov.au/acsc/view-all-content/ism">1557</reference>
          <reference href="https://www.cyber.gov.au/acsc/view-all-content/ism">1558</reference>
          <reference href="https://www.cyber.gov.au/acsc/view-all-content/ism">1559</reference>
          <reference href="https://www.cyber.gov.au/acsc/view-all-content/ism">1560</reference>
          <reference href="https://www.cyber.gov.au/acsc/view-all-content/ism">1561</reference>
          <reference href="https://docs-prv.pcisecuritystandards.org/PCI%20DSS/Standard/PCI-DSS-v4_0.pdf">2.2.6</reference>
          <reference href="https://docs-prv.pcisecuritystandards.org/PCI%20DSS/Standard/PCI-DSS-v4_0.pdf">2.2</reference>
          <rationale xmlns:xhtml="http://www.w3.org/1999/xhtml" xml:lang="en-US">Setting the MaxAuthTries parameter to a low number will minimize the risk of successful
brute force attacks to the SSH server.</rationale>
          <ident system="https://ncp.nist.gov/cce">CCE-91332-7</ident>
          <fix xmlns:xhtml="http://www.w3.org/1999/xhtml" id="sshd_set_max_auth_tries" system="urn:xccdf:fix:script:sh" complexity="low" disruption="low" strategy="restrict"># Remediation is applicable only in certain platforms
if rpm --quiet -q kernel-default || rpm --quiet -q kernel-default-base; then

sshd_max_auth_tries_value='<xccdf-1.2:sub xmlns:xccdf-1.2="http://checklists.nist.gov/xccdf/1.2" idref="xccdf_org.ssgproject.content_value_sshd_max_auth_tries_value" use="legacy"/>'


if [ -e "/etc/ssh/sshd_config" ] ; then
    
    LC_ALL=C sed -i "/^\s*MaxAuthTries\s\+/Id" "/etc/ssh/sshd_config"
else
    touch "/etc/ssh/sshd_config"
fi
# make sure file has newline at the end
sed -i -e '$a\' "/etc/ssh/sshd_config"

cp "/etc/ssh/sshd_config" "/etc/ssh/sshd_config.bak"
# Insert at the beginning of the file
printf '%s\n' "MaxAuthTries $sshd_max_auth_tries_value" &gt; "/etc/ssh/sshd_config"
cat "/etc/ssh/sshd_config.bak" &gt;&gt; "/etc/ssh/sshd_config"
# Clean up after ourselves.
rm "/etc/ssh/sshd_config.bak"

else
    &gt;&amp;2 echo 'Remediation is not applicable, nothing was done'
fi
</fix>
          <fix xmlns:xhtml="http://www.w3.org/1999/xhtml" id="sshd_set_max_auth_tries" system="urn:xccdf:fix:script:ansible" complexity="low" disruption="low" strategy="restrict">- name: Gather the package facts
  package_facts:
    manager: auto
  tags:
  - CCE-91332-7
  - PCI-DSSv4-2.2
  - PCI-DSSv4-2.2.6
  - low_complexity
  - low_disruption
  - medium_severity
  - no_reboot_needed
  - restrict_strategy
  - sshd_set_max_auth_tries
- name: XCCDF Value sshd_max_auth_tries_value # promote to variable
  set_fact:
    sshd_max_auth_tries_value: !!str <xccdf-1.2:sub xmlns:xccdf-1.2="http://checklists.nist.gov/xccdf/1.2" idref="xccdf_org.ssgproject.content_value_sshd_max_auth_tries_value" use="legacy"/>
  tags:
    - always

- name: Set SSH authentication attempt limit
  block:

  - name: Check for duplicate values
    ansible.builtin.lineinfile:
      path: /etc/ssh/sshd_config
      create: true
      regexp: (?i)(?i)^\s*MaxAuthTries\s+
      state: absent
    check_mode: true
    changed_when: false
    register: dupes

  - name: Deduplicate values from /etc/ssh/sshd_config
    ansible.builtin.lineinfile:
      path: /etc/ssh/sshd_config
      create: true
      regexp: (?i)(?i)^\s*MaxAuthTries\s+
      state: absent
    when: dupes.found is defined and dupes.found &gt; 1

  - name: Insert correct line to /etc/ssh/sshd_config
    ansible.builtin.lineinfile:
      path: /etc/ssh/sshd_config
      create: true
      regexp: (?i)(?i)^\s*MaxAuthTries\s+
      line: MaxAuthTries {{ sshd_max_auth_tries_value }}
      state: present
      insertbefore: BOF
      validate: /usr/sbin/sshd -t -f %s
  when: ("kernel-default" in ansible_facts.packages or "kernel-default-base" in ansible_facts.packages)
  tags:
  - CCE-91332-7
  - PCI-DSSv4-2.2
  - PCI-DSSv4-2.2.6
  - low_complexity
  - low_disruption
  - medium_severity
  - no_reboot_needed
  - restrict_strategy
  - sshd_set_max_auth_tries
</fix>
          <check system="http://oval.mitre.org/XMLSchema/oval-definitions-5">
            <check-export export-name="oval:ssg-sshd_required:var:1" value-id="xccdf_org.ssgproject.content_value_sshd_required"/>
            <check-export export-name="oval:ssg-sshd_max_auth_tries_value:var:1" value-id="xccdf_org.ssgproject.content_value_sshd_max_auth_tries_value"/>
            <check-content-ref name="oval:ssg-sshd_set_max_auth_tries:def:1" href="ssg-sle15-oval.xml"/>
          </check>
          <check system="http://scap.nist.gov/schema/ocil/2">
            <check-content-ref name="ocil:ssg-sshd_set_max_auth_tries_ocil:questionnaire:1" href="ssg-sle15-ocil.xml"/>
          </check>
        </Rule>
        <Rule id="xccdf_org.ssgproject.content_rule_sshd_set_max_sessions" selected="false" role="full" severity="medium">
          <title xmlns:xhtml="http://www.w3.org/1999/xhtml" xml:lang="en-US">Set SSH MaxSessions limit</title>
          <description xmlns:xhtml="http://www.w3.org/1999/xhtml" xml:lang="en-US">The <html:code xmlns:html="http://www.w3.org/1999/xhtml">MaxSessions</html:code> parameter specifies the maximum number of open sessions permitted
from a given connection. To set MaxSessions edit
<html:code xmlns:html="http://www.w3.org/1999/xhtml">/etc/ssh/sshd_config</html:code> as follows: <html:pre xmlns:html="http://www.w3.org/1999/xhtml" xmlns:xccdf-1.2="http://checklists.nist.gov/xccdf/1.2">MaxSessions <xccdf-1.2:sub idref="xccdf_org.ssgproject.content_value_var_sshd_max_sessions" use="legacy"/>
        </html:pre>
       </description>
          <reference href="https://www.cisecurity.org/benchmark/suse_linux/">5.2.22</reference>
          <reference href="not_publicly_available">SLES-15-600150270</reference>
          <reference href="https://docs-prv.pcisecuritystandards.org/PCI%20DSS/Standard/PCI-DSS-v4_0.pdf">2.2.6</reference>
          <reference href="https://docs-prv.pcisecuritystandards.org/PCI%20DSS/Standard/PCI-DSS-v4_0.pdf">2.2</reference>
          <rationale xmlns:xhtml="http://www.w3.org/1999/xhtml" xml:lang="en-US">To protect a system from denial of service due to a large number of concurrent
sessions, use the rate limiting function of MaxSessions to protect availability
of sshd logins and prevent overwhelming the daemon.</rationale>
          <ident system="https://ncp.nist.gov/cce">CCE-91309-5</ident>
          <fix xmlns:xhtml="http://www.w3.org/1999/xhtml" id="sshd_set_max_sessions" system="urn:xccdf:fix:script:sh" complexity="low" disruption="low" strategy="restrict"># Remediation is applicable only in certain platforms
if rpm --quiet -q kernel-default || rpm --quiet -q kernel-default-base; then

var_sshd_max_sessions='<xccdf-1.2:sub xmlns:xccdf-1.2="http://checklists.nist.gov/xccdf/1.2" idref="xccdf_org.ssgproject.content_value_var_sshd_max_sessions" use="legacy"/>'


if [ -e "/etc/ssh/sshd_config" ] ; then
    
    LC_ALL=C sed -i "/^\s*MaxSessions\s\+/Id" "/etc/ssh/sshd_config"
else
    touch "/etc/ssh/sshd_config"
fi
# make sure file has newline at the end
sed -i -e '$a\' "/etc/ssh/sshd_config"

cp "/etc/ssh/sshd_config" "/etc/ssh/sshd_config.bak"
# Insert at the beginning of the file
printf '%s\n' "MaxSessions $var_sshd_max_sessions" &gt; "/etc/ssh/sshd_config"
cat "/etc/ssh/sshd_config.bak" &gt;&gt; "/etc/ssh/sshd_config"
# Clean up after ourselves.
rm "/etc/ssh/sshd_config.bak"

else
    &gt;&amp;2 echo 'Remediation is not applicable, nothing was done'
fi
</fix>
          <fix xmlns:xhtml="http://www.w3.org/1999/xhtml" id="sshd_set_max_sessions" system="urn:xccdf:fix:script:ansible" complexity="low" disruption="low" strategy="restrict">- name: Gather the package facts
  package_facts:
    manager: auto
  tags:
  - CCE-91309-5
  - PCI-DSSv4-2.2
  - PCI-DSSv4-2.2.6
  - low_complexity
  - low_disruption
  - medium_severity
  - no_reboot_needed
  - restrict_strategy
  - sshd_set_max_sessions
- name: XCCDF Value var_sshd_max_sessions # promote to variable
  set_fact:
    var_sshd_max_sessions: !!str <xccdf-1.2:sub xmlns:xccdf-1.2="http://checklists.nist.gov/xccdf/1.2" idref="xccdf_org.ssgproject.content_value_var_sshd_max_sessions" use="legacy"/>
  tags:
    - always

- name: Set SSH MaxSessions limit
  block:

  - name: Check for duplicate values
    ansible.builtin.lineinfile:
      path: /etc/ssh/sshd_config
      create: true
      regexp: (?i)(?i)^\s*MaxSessions\s+
      state: absent
    check_mode: true
    changed_when: false
    register: dupes

  - name: Deduplicate values from /etc/ssh/sshd_config
    ansible.builtin.lineinfile:
      path: /etc/ssh/sshd_config
      create: true
      regexp: (?i)(?i)^\s*MaxSessions\s+
      state: absent
    when: dupes.found is defined and dupes.found &gt; 1

  - name: Insert correct line to /etc/ssh/sshd_config
    ansible.builtin.lineinfile:
      path: /etc/ssh/sshd_config
      create: true
      regexp: (?i)(?i)^\s*MaxSessions\s+
      line: MaxSessions {{ var_sshd_max_sessions }}
      state: present
      insertbefore: BOF
      validate: /usr/sbin/sshd -t -f %s
  when: ("kernel-default" in ansible_facts.packages or "kernel-default-base" in ansible_facts.packages)
  tags:
  - CCE-91309-5
  - PCI-DSSv4-2.2
  - PCI-DSSv4-2.2.6
  - low_complexity
  - low_disruption
  - medium_severity
  - no_reboot_needed
  - restrict_strategy
  - sshd_set_max_sessions
</fix>
          <check system="http://oval.mitre.org/XMLSchema/oval-definitions-5">
            <check-export export-name="oval:ssg-var_sshd_max_sessions:var:1" value-id="xccdf_org.ssgproject.content_value_var_sshd_max_sessions"/>
            <check-export export-name="oval:ssg-sshd_required:var:1" value-id="xccdf_org.ssgproject.content_value_sshd_required"/>
            <check-content-ref name="oval:ssg-sshd_set_max_sessions:def:1" href="ssg-sle15-oval.xml"/>
          </check>
          <check system="http://scap.nist.gov/schema/ocil/2">
            <check-content-ref name="ocil:ssg-sshd_set_max_sessions_ocil:questionnaire:1" href="ssg-sle15-ocil.xml"/>
          </check>
        </Rule>
        <Rule id="xccdf_org.ssgproject.content_rule_sshd_set_maxstartups" selected="false" role="full" severity="medium">
          <title xmlns:xhtml="http://www.w3.org/1999/xhtml" xml:lang="en-US">Ensure SSH MaxStartups is configured</title>
          <description xmlns:xhtml="http://www.w3.org/1999/xhtml" xml:lang="en-US">The MaxStartups parameter specifies the maximum number of concurrent unauthenticated
connections to the SSH daemon. Additional connections will be dropped until authentication
succeeds or the LoginGraceTime expires for a connection. To configure MaxStartups, you should
add or edit the following line in the <html:code xmlns:html="http://www.w3.org/1999/xhtml">/etc/ssh/sshd_config</html:code> file:
<html:pre xmlns:html="http://www.w3.org/1999/xhtml" xmlns:xccdf-1.2="http://checklists.nist.gov/xccdf/1.2">MaxStartups <xccdf-1.2:sub idref="xccdf_org.ssgproject.content_value_var_sshd_set_maxstartups" use="legacy"/>
        </html:pre>
       </description>
          <reference href="https://www.cisecurity.org/benchmark/suse_linux/">5.2.21</reference>
          <reference href="not_publicly_available">SLES-15-600150255</reference>
          <reference href="https://docs-prv.pcisecuritystandards.org/PCI%20DSS/Standard/PCI-DSS-v4_0.pdf">2.2.6</reference>
          <reference href="https://docs-prv.pcisecuritystandards.org/PCI%20DSS/Standard/PCI-DSS-v4_0.pdf">2.2</reference>
          <rationale xmlns:xhtml="http://www.w3.org/1999/xhtml" xml:lang="en-US">To protect a system from denial of service due to a large number of pending authentication
connection attempts, use the rate limiting function of MaxStartups to protect availability of
sshd logins and prevent overwhelming the daemon.</rationale>
          <ident system="https://ncp.nist.gov/cce">CCE-91308-7</ident>
          <fix xmlns:xhtml="http://www.w3.org/1999/xhtml" id="sshd_set_maxstartups" system="urn:xccdf:fix:script:sh" complexity="low" disruption="low" strategy="restrict"># Remediation is applicable only in certain platforms
if rpm --quiet -q kernel-default || rpm --quiet -q kernel-default-base; then

var_sshd_set_maxstartups='<xccdf-1.2:sub xmlns:xccdf-1.2="http://checklists.nist.gov/xccdf/1.2" idref="xccdf_org.ssgproject.content_value_var_sshd_set_maxstartups" use="legacy"/>'


if [ -e "/etc/ssh/sshd_config" ] ; then
    
    LC_ALL=C sed -i "/^\s*MaxStartups\s\+/Id" "/etc/ssh/sshd_config"
else
    touch "/etc/ssh/sshd_config"
fi
# make sure file has newline at the end
sed -i -e '$a\' "/etc/ssh/sshd_config"

cp "/etc/ssh/sshd_config" "/etc/ssh/sshd_config.bak"
# Insert at the beginning of the file
printf '%s\n' "MaxStartups $var_sshd_set_maxstartups" &gt; "/etc/ssh/sshd_config"
cat "/etc/ssh/sshd_config.bak" &gt;&gt; "/etc/ssh/sshd_config"
# Clean up after ourselves.
rm "/etc/ssh/sshd_config.bak"

else
    &gt;&amp;2 echo 'Remediation is not applicable, nothing was done'
fi
</fix>
          <fix xmlns:xhtml="http://www.w3.org/1999/xhtml" id="sshd_set_maxstartups" system="urn:xccdf:fix:script:ansible" complexity="low" disruption="low" strategy="restrict">- name: Gather the package facts
  package_facts:
    manager: auto
  tags:
  - CCE-91308-7
  - PCI-DSSv4-2.2
  - PCI-DSSv4-2.2.6
  - low_complexity
  - low_disruption
  - medium_severity
  - no_reboot_needed
  - restrict_strategy
  - sshd_set_maxstartups
- name: XCCDF Value var_sshd_set_maxstartups # promote to variable
  set_fact:
    var_sshd_set_maxstartups: !!str <xccdf-1.2:sub xmlns:xccdf-1.2="http://checklists.nist.gov/xccdf/1.2" idref="xccdf_org.ssgproject.content_value_var_sshd_set_maxstartups" use="legacy"/>
  tags:
    - always

- name: Ensure SSH MaxStartups is configured
  block:

  - name: Check for duplicate values
    ansible.builtin.lineinfile:
      path: /etc/ssh/sshd_config
      create: true
      regexp: (?i)(?i)^\s*MaxStartups\s+
      state: absent
    check_mode: true
    changed_when: false
    register: dupes

  - name: Deduplicate values from /etc/ssh/sshd_config
    ansible.builtin.lineinfile:
      path: /etc/ssh/sshd_config
      create: true
      regexp: (?i)(?i)^\s*MaxStartups\s+
      state: absent
    when: dupes.found is defined and dupes.found &gt; 1

  - name: Insert correct line to /etc/ssh/sshd_config
    ansible.builtin.lineinfile:
      path: /etc/ssh/sshd_config
      create: true
      regexp: (?i)(?i)^\s*MaxStartups\s+
      line: MaxStartups {{ var_sshd_set_maxstartups }}
      state: present
      insertbefore: BOF
      validate: /usr/sbin/sshd -t -f %s
  when: ("kernel-default" in ansible_facts.packages or "kernel-default-base" in ansible_facts.packages)
  tags:
  - CCE-91308-7
  - PCI-DSSv4-2.2
  - PCI-DSSv4-2.2.6
  - low_complexity
  - low_disruption
  - medium_severity
  - no_reboot_needed
  - restrict_strategy
  - sshd_set_maxstartups
</fix>
          <check system="http://oval.mitre.org/XMLSchema/oval-definitions-5">
            <check-export export-name="oval:ssg-var_sshd_set_maxstartups:var:1" value-id="xccdf_org.ssgproject.content_value_var_sshd_set_maxstartups"/>
            <check-export export-name="oval:ssg-sshd_required:var:1" value-id="xccdf_org.ssgproject.content_value_sshd_required"/>
            <check-content-ref name="oval:ssg-sshd_set_maxstartups:def:1" href="ssg-sle15-oval.xml"/>
          </check>
          <check system="http://scap.nist.gov/schema/ocil/2">
            <check-content-ref name="ocil:ssg-sshd_set_maxstartups_ocil:questionnaire:1" href="ssg-sle15-ocil.xml"/>
          </check>
        </Rule>
        <Rule id="xccdf_org.ssgproject.content_rule_sshd_use_approved_ciphers" selected="false" role="full" severity="medium">
          <title xmlns:xhtml="http://www.w3.org/1999/xhtml" xml:lang="en-US">Use Only FIPS 140-2 Validated Ciphers</title>
          <description xmlns:xhtml="http://www.w3.org/1999/xhtml" xml:lang="en-US">Limit the ciphers to those algorithms which are FIPS-approved.
Counter (CTR) mode is also preferred over cipher-block chaining (CBC) mode.
The following line in <html:code xmlns:html="http://www.w3.org/1999/xhtml">/etc/ssh/sshd_config</html:code>
demonstrates use of FIPS-approved ciphers:
<html:pre xmlns:html="http://www.w3.org/1999/xhtml">Ciphers aes128-ctr,aes192-ctr,aes256-ctr,aes128-cbc,3des-cbc,aes192-cbc,aes256-cbc</html:pre>
The man page <html:code xmlns:html="http://www.w3.org/1999/xhtml">sshd_config(5)</html:code> contains a list of supported ciphers.

The rule is parametrized to use the following ciphers: <html:code xmlns:html="http://www.w3.org/1999/xhtml" xmlns:xccdf-1.2="http://checklists.nist.gov/xccdf/1.2"><xccdf-1.2:sub idref="xccdf_org.ssgproject.content_value_sshd_approved_ciphers" use="legacy"/></html:code>.</description>
          <warning xmlns:xhtml="http://www.w3.org/1999/xhtml" xml:lang="en-US" category="general">The system needs to be rebooted for these changes to take effect.</warning>
          <warning xmlns:xhtml="http://www.w3.org/1999/xhtml" xml:lang="en-US" category="regulatory">System Crypto Modules must be provided by a vendor that undergoes
FIPS-140 certifications.
FIPS-140 is applicable to all Federal agencies that use
cryptographic-based security systems to protect sensitive information
in computer and telecommunication systems (including voice systems) as
defined in Section 5131 of the Information Technology Management Reform
Act of 1996, Public Law 104-106. This standard shall be used in
designing and implementing cryptographic modules that Federal
departments and agencies operate or are operated for them under
contract. See <html:b xmlns:html="http://www.w3.org/1999/xhtml"><html:a href="https://nvlpubs.nist.gov/nistpubs/FIPS/NIST.FIPS.140-2.pdf">https://nvlpubs.nist.gov/nistpubs/FIPS/NIST.FIPS.140-2.pdf</html:a></html:b>
To meet this, the system has to have cryptographic software provided by
a vendor that has undergone this certification. This means providing
documentation, test results, design information, and independent third
party review by an accredited lab. While open source software is
capable of meeting this, it does not meet FIPS-140 unless the vendor
submits to this process.</warning>
          <reference href="https://www.cisecurity.org/controls/">1</reference>
          <reference href="https://www.cisecurity.org/controls/">11</reference>
          <reference href="https://www.cisecurity.org/controls/">12</reference>
          <reference href="https://www.cisecurity.org/controls/">14</reference>
          <reference href="https://www.cisecurity.org/controls/">15</reference>
          <reference href="https://www.cisecurity.org/controls/">16</reference>
          <reference href="https://www.cisecurity.org/controls/">18</reference>
          <reference href="https://www.cisecurity.org/controls/">3</reference>
          <reference href="https://www.cisecurity.org/controls/">5</reference>
          <reference href="https://www.cisecurity.org/controls/">6</reference>
          <reference href="https://www.cisecurity.org/controls/">8</reference>
          <reference href="https://www.cisecurity.org/controls/">9</reference>
          <reference href="https://www.fbi.gov/file-repository/cjis-security-policy-v5_5_20160601-2-1.pdf">5.5.6</reference>
          <reference href="https://www.isaca.org/resources/cobit">APO11.04</reference>
          <reference href="https://www.isaca.org/resources/cobit">APO13.01</reference>
          <reference href="https://www.isaca.org/resources/cobit">BAI03.05</reference>
          <reference href="https://www.isaca.org/resources/cobit">BAI10.01</reference>
          <reference href="https://www.isaca.org/resources/cobit">BAI10.02</reference>
          <reference href="https://www.isaca.org/resources/cobit">BAI10.03</reference>
          <reference href="https://www.isaca.org/resources/cobit">BAI10.05</reference>
          <reference href="https://www.isaca.org/resources/cobit">DSS01.04</reference>
          <reference href="https://www.isaca.org/resources/cobit">DSS05.02</reference>
          <reference href="https://www.isaca.org/resources/cobit">DSS05.03</reference>
          <reference href="https://www.isaca.org/resources/cobit">DSS05.04</reference>
          <reference href="https://www.isaca.org/resources/cobit">DSS05.05</reference>
          <reference href="https://www.isaca.org/resources/cobit">DSS05.07</reference>
          <reference href="https://www.isaca.org/resources/cobit">DSS05.10</reference>
          <reference href="https://www.isaca.org/resources/cobit">DSS06.03</reference>
          <reference href="https://www.isaca.org/resources/cobit">DSS06.06</reference>
          <reference href="https://www.isaca.org/resources/cobit">DSS06.10</reference>
          <reference href="https://www.isaca.org/resources/cobit">MEA02.01</reference>
          <reference href="http://nvlpubs.nist.gov/nistpubs/SpecialPublications/NIST.SP.800-171.pdf">3.1.13</reference>
          <reference href="http://nvlpubs.nist.gov/nistpubs/SpecialPublications/NIST.SP.800-171.pdf">3.13.11</reference>
          <reference href="http://nvlpubs.nist.gov/nistpubs/SpecialPublications/NIST.SP.800-171.pdf">3.13.8</reference>
          <reference href="https://www.gpo.gov/fdsys/pkg/CFR-2007-title45-vol1/pdf/CFR-2007-title45-vol1-chapA-subchapC.pdf">164.308(b)(1)</reference>
          <reference href="https://www.gpo.gov/fdsys/pkg/CFR-2007-title45-vol1/pdf/CFR-2007-title45-vol1-chapA-subchapC.pdf">164.308(b)(2)</reference>
          <reference href="https://www.gpo.gov/fdsys/pkg/CFR-2007-title45-vol1/pdf/CFR-2007-title45-vol1-chapA-subchapC.pdf">164.312(e)(1)</reference>
          <reference href="https://www.gpo.gov/fdsys/pkg/CFR-2007-title45-vol1/pdf/CFR-2007-title45-vol1-chapA-subchapC.pdf">164.312(e)(2)(i)</reference>
          <reference href="https://www.gpo.gov/fdsys/pkg/CFR-2007-title45-vol1/pdf/CFR-2007-title45-vol1-chapA-subchapC.pdf">164.312(e)(2)(ii)</reference>
          <reference href="https://www.gpo.gov/fdsys/pkg/CFR-2007-title45-vol1/pdf/CFR-2007-title45-vol1-chapA-subchapC.pdf">164.314(b)(2)(i)</reference>
          <reference href="https://www.isa.org/products/isa-62443-2-1-2009-security-for-industrial-automat">4.3.3.2.2</reference>
          <reference href="https://www.isa.org/products/isa-62443-2-1-2009-security-for-industrial-automat">4.3.3.3.9</reference>
          <reference href="https://www.isa.org/products/isa-62443-2-1-2009-security-for-industrial-automat">4.3.3.5.1</reference>
          <reference href="https://www.isa.org/products/isa-62443-2-1-2009-security-for-industrial-automat">4.3.3.5.2</reference>
          <reference href="https://www.isa.org/products/isa-62443-2-1-2009-security-for-industrial-automat">4.3.3.5.3</reference>
          <reference href="https://www.isa.org/products/isa-62443-2-1-2009-security-for-industrial-automat">4.3.3.5.4</reference>
          <reference href="https://www.isa.org/products/isa-62443-2-1-2009-security-for-industrial-automat">4.3.3.5.5</reference>
          <reference href="https://www.isa.org/products/isa-62443-2-1-2009-security-for-industrial-automat">4.3.3.5.6</reference>
          <reference href="https://www.isa.org/products/isa-62443-2-1-2009-security-for-industrial-automat">4.3.3.5.7</reference>
          <reference href="https://www.isa.org/products/isa-62443-2-1-2009-security-for-industrial-automat">4.3.3.5.8</reference>
          <reference href="https://www.isa.org/products/isa-62443-2-1-2009-security-for-industrial-automat">4.3.3.6.1</reference>
          <reference href="https://www.isa.org/products/isa-62443-2-1-2009-security-for-industrial-automat">4.3.3.6.2</reference>
          <reference href="https://www.isa.org/products/isa-62443-2-1-2009-security-for-industrial-automat">4.3.3.6.3</reference>
          <reference href="https://www.isa.org/products/isa-62443-2-1-2009-security-for-industrial-automat">4.3.3.6.4</reference>
          <reference href="https://www.isa.org/products/isa-62443-2-1-2009-security-for-industrial-automat">4.3.3.6.5</reference>
          <reference href="https://www.isa.org/products/isa-62443-2-1-2009-security-for-industrial-automat">4.3.3.6.6</reference>
          <reference href="https://www.isa.org/products/isa-62443-2-1-2009-security-for-industrial-automat">4.3.3.6.7</reference>
          <reference href="https://www.isa.org/products/isa-62443-2-1-2009-security-for-industrial-automat">4.3.3.6.8</reference>
          <reference href="https://www.isa.org/products/isa-62443-2-1-2009-security-for-industrial-automat">4.3.3.6.9</reference>
          <reference href="https://www.isa.org/products/isa-62443-2-1-2009-security-for-industrial-automat">4.3.3.7.1</reference>
          <reference href="https://www.isa.org/products/isa-62443-2-1-2009-security-for-industrial-automat">4.3.3.7.2</reference>
          <reference href="https://www.isa.org/products/isa-62443-2-1-2009-security-for-industrial-automat">4.3.3.7.3</reference>
          <reference href="https://www.isa.org/products/isa-62443-2-1-2009-security-for-industrial-automat">4.3.3.7.4</reference>
          <reference href="https://www.isa.org/products/isa-62443-2-1-2009-security-for-industrial-automat">4.3.4.3.2</reference>
          <reference href="https://www.isa.org/products/isa-62443-2-1-2009-security-for-industrial-automat">4.3.4.3.3</reference>
          <reference href="https://www.isa.org/products/isa-62443-2-1-2009-security-for-industrial-automat">4.3.4.4.7</reference>
          <reference href="https://www.isa.org/products/isa-62443-2-1-2009-security-for-industrial-automat">4.4.2.1</reference>
          <reference href="https://www.isa.org/products/isa-62443-2-1-2009-security-for-industrial-automat">4.4.2.2</reference>
          <reference href="https://www.isa.org/products/isa-62443-2-1-2009-security-for-industrial-automat">4.4.2.4</reference>
          <reference href="https://www.isa.org/products/ansi-isa-62443-3-3-99-03-03-2013-security-for-indu">SR 1.1</reference>
          <reference href="https://www.isa.org/products/ansi-isa-62443-3-3-99-03-03-2013-security-for-indu">SR 1.10</reference>
          <reference href="https://www.isa.org/products/ansi-isa-62443-3-3-99-03-03-2013-security-for-indu">SR 1.11</reference>
          <reference href="https://www.isa.org/products/ansi-isa-62443-3-3-99-03-03-2013-security-for-indu">SR 1.12</reference>
          <reference href="https://www.isa.org/products/ansi-isa-62443-3-3-99-03-03-2013-security-for-indu">SR 1.13</reference>
          <reference href="https://www.isa.org/products/ansi-isa-62443-3-3-99-03-03-2013-security-for-indu">SR 1.2</reference>
          <reference href="https://www.isa.org/products/ansi-isa-62443-3-3-99-03-03-2013-security-for-indu">SR 1.3</reference>
          <reference href="https://www.isa.org/products/ansi-isa-62443-3-3-99-03-03-2013-security-for-indu">SR 1.4</reference>
          <reference href="https://www.isa.org/products/ansi-isa-62443-3-3-99-03-03-2013-security-for-indu">SR 1.5</reference>
          <reference href="https://www.isa.org/products/ansi-isa-62443-3-3-99-03-03-2013-security-for-indu">SR 1.6</reference>
          <reference href="https://www.isa.org/products/ansi-isa-62443-3-3-99-03-03-2013-security-for-indu">SR 1.7</reference>
          <reference href="https://www.isa.org/products/ansi-isa-62443-3-3-99-03-03-2013-security-for-indu">SR 1.8</reference>
          <reference href="https://www.isa.org/products/ansi-isa-62443-3-3-99-03-03-2013-security-for-indu">SR 1.9</reference>
          <reference href="https://www.isa.org/products/ansi-isa-62443-3-3-99-03-03-2013-security-for-indu">SR 2.1</reference>
          <reference href="https://www.isa.org/products/ansi-isa-62443-3-3-99-03-03-2013-security-for-indu">SR 2.10</reference>
          <reference href="https://www.isa.org/products/ansi-isa-62443-3-3-99-03-03-2013-security-for-indu">SR 2.11</reference>
          <reference href="https://www.isa.org/products/ansi-isa-62443-3-3-99-03-03-2013-security-for-indu">SR 2.12</reference>
          <reference href="https://www.isa.org/products/ansi-isa-62443-3-3-99-03-03-2013-security-for-indu">SR 2.2</reference>
          <reference href="https://www.isa.org/products/ansi-isa-62443-3-3-99-03-03-2013-security-for-indu">SR 2.3</reference>
          <reference href="https://www.isa.org/products/ansi-isa-62443-3-3-99-03-03-2013-security-for-indu">SR 2.4</reference>
          <reference href="https://www.isa.org/products/ansi-isa-62443-3-3-99-03-03-2013-security-for-indu">SR 2.5</reference>
          <reference href="https://www.isa.org/products/ansi-isa-62443-3-3-99-03-03-2013-security-for-indu">SR 2.6</reference>
          <reference href="https://www.isa.org/products/ansi-isa-62443-3-3-99-03-03-2013-security-for-indu">SR 2.7</reference>
          <reference href="https://www.isa.org/products/ansi-isa-62443-3-3-99-03-03-2013-security-for-indu">SR 2.8</reference>
          <reference href="https://www.isa.org/products/ansi-isa-62443-3-3-99-03-03-2013-security-for-indu">SR 2.9</reference>
          <reference href="https://www.isa.org/products/ansi-isa-62443-3-3-99-03-03-2013-security-for-indu">SR 3.1</reference>
          <reference href="https://www.isa.org/products/ansi-isa-62443-3-3-99-03-03-2013-security-for-indu">SR 3.5</reference>
          <reference href="https://www.isa.org/products/ansi-isa-62443-3-3-99-03-03-2013-security-for-indu">SR 3.8</reference>
          <reference href="https://www.isa.org/products/ansi-isa-62443-3-3-99-03-03-2013-security-for-indu">SR 4.1</reference>
          <reference href="https://www.isa.org/products/ansi-isa-62443-3-3-99-03-03-2013-security-for-indu">SR 4.3</reference>
          <reference href="https://www.isa.org/products/ansi-isa-62443-3-3-99-03-03-2013-security-for-indu">SR 5.1</reference>
          <reference href="https://www.isa.org/products/ansi-isa-62443-3-3-99-03-03-2013-security-for-indu">SR 5.2</reference>
          <reference href="https://www.isa.org/products/ansi-isa-62443-3-3-99-03-03-2013-security-for-indu">SR 5.3</reference>
          <reference href="https://www.isa.org/products/ansi-isa-62443-3-3-99-03-03-2013-security-for-indu">SR 7.1</reference>
          <reference href="https://www.isa.org/products/ansi-isa-62443-3-3-99-03-03-2013-security-for-indu">SR 7.6</reference>
          <reference href="https://www.iso.org/contents/data/standard/05/45/54534.html">A.11.2.6</reference>
          <reference href="https://www.iso.org/contents/data/standard/05/45/54534.html">A.12.1.2</reference>
          <reference href="https://www.iso.org/contents/data/standard/05/45/54534.html">A.12.4.1</reference>
          <reference href="https://www.iso.org/contents/data/standard/05/45/54534.html">A.12.4.2</reference>
          <reference href="https://www.iso.org/contents/data/standard/05/45/54534.html">A.12.4.3</reference>
          <reference href="https://www.iso.org/contents/data/standard/05/45/54534.html">A.12.4.4</reference>
          <reference href="https://www.iso.org/contents/data/standard/05/45/54534.html">A.12.5.1</reference>
          <reference href="https://www.iso.org/contents/data/standard/05/45/54534.html">A.12.6.2</reference>
          <reference href="https://www.iso.org/contents/data/standard/05/45/54534.html">A.12.7.1</reference>
          <reference href="https://www.iso.org/contents/data/standard/05/45/54534.html">A.13.1.1</reference>
          <reference href="https://www.iso.org/contents/data/standard/05/45/54534.html">A.13.2.1</reference>
          <reference href="https://www.iso.org/contents/data/standard/05/45/54534.html">A.14.1.3</reference>
          <reference href="https://www.iso.org/contents/data/standard/05/45/54534.html">A.14.2.2</reference>
          <reference href="https://www.iso.org/contents/data/standard/05/45/54534.html">A.14.2.3</reference>
          <reference href="https://www.iso.org/contents/data/standard/05/45/54534.html">A.14.2.4</reference>
          <reference href="https://www.iso.org/contents/data/standard/05/45/54534.html">A.18.1.4</reference>
          <reference href="https://www.iso.org/contents/data/standard/05/45/54534.html">A.6.1.2</reference>
          <reference href="https://www.iso.org/contents/data/standard/05/45/54534.html">A.6.2.1</reference>
          <reference href="https://www.iso.org/contents/data/standard/05/45/54534.html">A.6.2.2</reference>
          <reference href="https://www.iso.org/contents/data/standard/05/45/54534.html">A.7.1.1</reference>
          <reference href="https://www.iso.org/contents/data/standard/05/45/54534.html">A.9.1.2</reference>
          <reference href="https://www.iso.org/contents/data/standard/05/45/54534.html">A.9.2.1</reference>
          <reference href="https://www.iso.org/contents/data/standard/05/45/54534.html">A.9.2.2</reference>
          <reference href="https://www.iso.org/contents/data/standard/05/45/54534.html">A.9.2.3</reference>
          <reference href="https://www.iso.org/contents/data/standard/05/45/54534.html">A.9.2.4</reference>
          <reference href="https://www.iso.org/contents/data/standard/05/45/54534.html">A.9.2.6</reference>
          <reference href="https://www.iso.org/contents/data/standard/05/45/54534.html">A.9.3.1</reference>
          <reference href="https://www.iso.org/contents/data/standard/05/45/54534.html">A.9.4.1</reference>
          <reference href="https://www.iso.org/contents/data/standard/05/45/54534.html">A.9.4.2</reference>
          <reference href="https://www.iso.org/contents/data/standard/05/45/54534.html">A.9.4.3</reference>
          <reference href="https://www.iso.org/contents/data/standard/05/45/54534.html">A.9.4.4</reference>
          <reference href="https://www.iso.org/contents/data/standard/05/45/54534.html">A.9.4.5</reference>
          <reference href="http://nvlpubs.nist.gov/nistpubs/SpecialPublications/NIST.SP.800-53r4.pdf">CM-6(a)</reference>
          <reference href="http://nvlpubs.nist.gov/nistpubs/SpecialPublications/NIST.SP.800-53r4.pdf">AC-17(a)</reference>
          <reference href="http://nvlpubs.nist.gov/nistpubs/SpecialPublications/NIST.SP.800-53r4.pdf">AC-17(2)</reference>
          <reference href="http://nvlpubs.nist.gov/nistpubs/SpecialPublications/NIST.SP.800-53r4.pdf">SC-13</reference>
          <reference href="http://nvlpubs.nist.gov/nistpubs/SpecialPublications/NIST.SP.800-53r4.pdf">MA-4(6)</reference>
          <reference href="http://nvlpubs.nist.gov/nistpubs/SpecialPublications/NIST.SP.800-53r4.pdf">IA-5(1)(c)</reference>
          <reference href="http://nvlpubs.nist.gov/nistpubs/SpecialPublications/NIST.SP.800-53r4.pdf">SC-12(2)</reference>
          <reference href="http://nvlpubs.nist.gov/nistpubs/SpecialPublications/NIST.SP.800-53r4.pdf">SC-12(3)</reference>
          <reference href="https://nvlpubs.nist.gov/nistpubs/CSWP/NIST.CSWP.04162018.pdf">PR.AC-1</reference>
          <reference href="https://nvlpubs.nist.gov/nistpubs/CSWP/NIST.CSWP.04162018.pdf">PR.AC-3</reference>
          <reference href="https://nvlpubs.nist.gov/nistpubs/CSWP/NIST.CSWP.04162018.pdf">PR.AC-4</reference>
          <reference href="https://nvlpubs.nist.gov/nistpubs/CSWP/NIST.CSWP.04162018.pdf">PR.AC-6</reference>
          <reference href="https://nvlpubs.nist.gov/nistpubs/CSWP/NIST.CSWP.04162018.pdf">PR.AC-7</reference>
          <reference href="https://nvlpubs.nist.gov/nistpubs/CSWP/NIST.CSWP.04162018.pdf">PR.IP-1</reference>
          <reference href="https://nvlpubs.nist.gov/nistpubs/CSWP/NIST.CSWP.04162018.pdf">PR.PT-1</reference>
          <reference href="https://nvlpubs.nist.gov/nistpubs/CSWP/NIST.CSWP.04162018.pdf">PR.PT-3</reference>
          <reference href="https://nvlpubs.nist.gov/nistpubs/CSWP/NIST.CSWP.04162018.pdf">PR.PT-4</reference>
          <reference href="https://www.cyber.mil/stigs/downloads/?_dl_facet_stigs=operating-systems%2Cgeneral-purpose-os">SRG-OS-000033-GPOS-00014</reference>
          <reference href="https://www.cyber.mil/stigs/downloads/?_dl_facet_stigs=operating-systems%2Cgeneral-purpose-os">SRG-OS-000120-GPOS-00061</reference>
          <reference href="https://www.cyber.mil/stigs/downloads/?_dl_facet_stigs=operating-systems%2Cgeneral-purpose-os">SRG-OS-000125-GPOS-00065</reference>
          <reference href="https://www.cyber.mil/stigs/downloads/?_dl_facet_stigs=operating-systems%2Cgeneral-purpose-os">SRG-OS-000250-GPOS-00093</reference>
          <reference href="https://www.cyber.mil/stigs/downloads/?_dl_facet_stigs=operating-systems%2Cgeneral-purpose-os">SRG-OS-000393-GPOS-00173</reference>
          <reference href="https://www.cyber.mil/stigs/downloads/?_dl_facet_stigs=operating-systems%2Cgeneral-purpose-os">SRG-OS-000394-GPOS-00174</reference>
          <reference href="https://www.cyber.mil/stigs/downloads/?_dl_facet_stigs=operating-systems%2Cunix-linux">SLES-15-010160</reference>
          <reference href="https://www.cisecurity.org/benchmark/suse_linux/">5.2.13</reference>
          <reference href="not_publicly_available">SLES-15-600150060</reference>
          <reference href="https://docs-prv.pcisecuritystandards.org/PCI%20DSS/Standard/PCI-DSS-v4_0.pdf">2.2.7</reference>
          <reference href="https://docs-prv.pcisecuritystandards.org/PCI%20DSS/Standard/PCI-DSS-v4_0.pdf">2.2</reference>
          <reference href="https://www.cyber.mil/stigs/srg-stig-tools/">SV-234816r958408_rule</reference>
          <rationale xmlns:xhtml="http://www.w3.org/1999/xhtml" xml:lang="en-US">Unapproved mechanisms that are used for authentication to the cryptographic module are not verified and therefore
cannot be relied upon to provide confidentiality or integrity, and system data may be compromised.
<html:br xmlns:html="http://www.w3.org/1999/xhtml"/>
Operating systems utilizing encryption are required to use FIPS-compliant mechanisms for authenticating to
cryptographic modules.
<html:br xmlns:html="http://www.w3.org/1999/xhtml"/>
FIPS 140-2 is the current standard for validating that mechanisms used to access cryptographic modules
utilize authentication that meets industry and government requirements. For government systems, this allows
Security Levels 1, 2, 3, or 4 for use on SUSE Linux Enterprise 15.</rationale>
          <ident system="https://ncp.nist.gov/cce">CCE-91337-6</ident>
          <fix xmlns:xhtml="http://www.w3.org/1999/xhtml" id="sshd_use_approved_ciphers" system="urn:xccdf:fix:script:sh"># Remediation is applicable only in certain platforms
if rpm --quiet -q kernel-default || rpm --quiet -q kernel-default-base; then

sshd_approved_ciphers='<xccdf-1.2:sub xmlns:xccdf-1.2="http://checklists.nist.gov/xccdf/1.2" idref="xccdf_org.ssgproject.content_value_sshd_approved_ciphers" use="legacy"/>'


# Strip any search characters in the key arg so that the key can be replaced without
# adding any search characters to the config file.
stripped_key=$(sed 's/[\^=\$,;+]*//g' &lt;&lt;&lt; "^Ciphers")

# shellcheck disable=SC2059
printf -v formatted_output "%s %s" "$stripped_key" "$sshd_approved_ciphers"

# If the key exists, change it. Otherwise, add it to the config_file.
# We search for the key string followed by a word boundary (matched by \&gt;),
# so if we search for 'setting', 'setting2' won't match.
if LC_ALL=C grep -q -m 1 -i -e "^Ciphers\\&gt;" "/etc/ssh/sshd_config"; then
    escaped_formatted_output=$(sed -e 's|/|\\/|g' &lt;&lt;&lt; "$formatted_output")
    LC_ALL=C sed -i --follow-symlinks "s/^Ciphers\\&gt;.*/$escaped_formatted_output/gi" "/etc/ssh/sshd_config"
else
    if [[ -s "/etc/ssh/sshd_config" ]] &amp;&amp; [[ -n "$(tail -c 1 -- "/etc/ssh/sshd_config" || true)" ]]; then
        LC_ALL=C sed -i --follow-symlinks '$a'\\ "/etc/ssh/sshd_config"
    fi
    cce="CCE-91337-6"
    printf '# Per %s: Set %s in %s\n' "${cce}" "${formatted_output}" "/etc/ssh/sshd_config" &gt;&gt; "/etc/ssh/sshd_config"
    printf '%s\n' "$formatted_output" &gt;&gt; "/etc/ssh/sshd_config"
fi

else
    &gt;&amp;2 echo 'Remediation is not applicable, nothing was done'
fi
</fix>
          <fix xmlns:xhtml="http://www.w3.org/1999/xhtml" id="sshd_use_approved_ciphers" system="urn:xccdf:fix:script:ansible" complexity="low" disruption="low" strategy="restrict">- name: Gather the package facts
  package_facts:
    manager: auto
  tags:
  - CCE-91337-6
  - CJIS-5.5.6
  - DISA-STIG-SLES-15-010160
  - NIST-800-171-3.1.13
  - NIST-800-171-3.13.11
  - NIST-800-171-3.13.8
  - NIST-800-53-AC-17(2)
  - NIST-800-53-AC-17(a)
  - NIST-800-53-CM-6(a)
  - NIST-800-53-IA-5(1)(c)
  - NIST-800-53-MA-4(6)
  - NIST-800-53-SC-12(2)
  - NIST-800-53-SC-12(3)
  - NIST-800-53-SC-13
  - PCI-DSSv4-2.2
  - PCI-DSSv4-2.2.7
  - low_complexity
  - low_disruption
  - medium_severity
  - no_reboot_needed
  - restrict_strategy
  - sshd_use_approved_ciphers
- name: XCCDF Value sshd_approved_ciphers # promote to variable
  set_fact:
    sshd_approved_ciphers: !!str <xccdf-1.2:sub xmlns:xccdf-1.2="http://checklists.nist.gov/xccdf/1.2" idref="xccdf_org.ssgproject.content_value_sshd_approved_ciphers" use="legacy"/>
  tags:
    - always

- name: Use Only FIPS 140-2 Validated Ciphers
  block:

  - name: Check for duplicate values
    ansible.builtin.lineinfile:
      path: /etc/ssh/sshd_config
      create: true
      regexp: (?i)(?i)^\s*Ciphers\s+
      state: absent
    check_mode: true
    changed_when: false
    register: dupes

  - name: Deduplicate values from /etc/ssh/sshd_config
    ansible.builtin.lineinfile:
      path: /etc/ssh/sshd_config
      create: true
      regexp: (?i)(?i)^\s*Ciphers\s+
      state: absent
    when: dupes.found is defined and dupes.found &gt; 1

  - name: Insert correct line to /etc/ssh/sshd_config
    ansible.builtin.lineinfile:
      path: /etc/ssh/sshd_config
      create: true
      regexp: (?i)(?i)^\s*Ciphers\s+
      line: Ciphers {{ sshd_approved_ciphers }}
      state: present
      insertbefore: BOF
      validate: /usr/sbin/sshd -t -f %s
  when: ("kernel-default" in ansible_facts.packages or "kernel-default-base" in ansible_facts.packages)
  tags:
  - CCE-91337-6
  - CJIS-5.5.6
  - DISA-STIG-SLES-15-010160
  - NIST-800-171-3.1.13
  - NIST-800-171-3.13.11
  - NIST-800-171-3.13.8
  - NIST-800-53-AC-17(2)
  - NIST-800-53-AC-17(a)
  - NIST-800-53-CM-6(a)
  - NIST-800-53-IA-5(1)(c)
  - NIST-800-53-MA-4(6)
  - NIST-800-53-SC-12(2)
  - NIST-800-53-SC-12(3)
  - NIST-800-53-SC-13
  - PCI-DSSv4-2.2
  - PCI-DSSv4-2.2.7
  - low_complexity
  - low_disruption
  - medium_severity
  - no_reboot_needed
  - restrict_strategy
  - sshd_use_approved_ciphers
</fix>
          <check system="http://oval.mitre.org/XMLSchema/oval-definitions-5">
            <check-export export-name="oval:ssg-sshd_required:var:1" value-id="xccdf_org.ssgproject.content_value_sshd_required"/>
            <check-export export-name="oval:ssg-sshd_approved_ciphers:var:1" value-id="xccdf_org.ssgproject.content_value_sshd_approved_ciphers"/>
            <check-content-ref name="oval:ssg-sshd_use_approved_ciphers:def:1" href="ssg-sle15-oval.xml"/>
          </check>
          <check system="http://scap.nist.gov/schema/ocil/2">
            <check-content-ref name="ocil:ssg-sshd_use_approved_ciphers_ocil:questionnaire:1" href="ssg-sle15-ocil.xml"/>
          </check>
        </Rule>
        <Rule id="xccdf_org.ssgproject.content_rule_sshd_use_approved_ciphers_ordered_stig" selected="false" role="full" severity="medium">
          <title xmlns:xhtml="http://www.w3.org/1999/xhtml" xml:lang="en-US">Use Only FIPS 140-2 Validated Ciphers</title>
          <description xmlns:xhtml="http://www.w3.org/1999/xhtml" xml:lang="en-US">Limit the ciphers to those algorithms which are FIPS-approved.
The following line in <html:code xmlns:html="http://www.w3.org/1999/xhtml">/etc/ssh/sshd_config</html:code>
demonstrates use of FIPS-approved ciphers:
<html:pre xmlns:html="http://www.w3.org/1999/xhtml">Ciphers aes256-ctr,aes192-ctr,aes128-ctr</html:pre>
This rule ensures that there are configured ciphers mentioned
above (or their subset), keeping the given order of algorithms.</description>
          <warning xmlns:xhtml="http://www.w3.org/1999/xhtml" xml:lang="en-US" category="general">The system needs to be rebooted for these changes to take effect.</warning>
          <warning xmlns:xhtml="http://www.w3.org/1999/xhtml" xml:lang="en-US" category="regulatory">System Crypto Modules must be provided by a vendor that undergoes
FIPS-140 certifications.
FIPS-140 is applicable to all Federal agencies that use
cryptographic-based security systems to protect sensitive information
in computer and telecommunication systems (including voice systems) as
defined in Section 5131 of the Information Technology Management Reform
Act of 1996, Public Law 104-106. This standard shall be used in
designing and implementing cryptographic modules that Federal
departments and agencies operate or are operated for them under
contract. See <html:b xmlns:html="http://www.w3.org/1999/xhtml"><html:a href="https://nvlpubs.nist.gov/nistpubs/FIPS/NIST.FIPS.140-2.pdf">https://nvlpubs.nist.gov/nistpubs/FIPS/NIST.FIPS.140-2.pdf</html:a></html:b>
To meet this, the system has to have cryptographic software provided by
a vendor that has undergone this certification. This means providing
documentation, test results, design information, and independent third
party review by an accredited lab. While open source software is
capable of meeting this, it does not meet FIPS-140 unless the vendor
submits to this process.</warning>
          <reference href="https://www.cyber.mil/stigs/downloads/?_dl_facet_stigs=operating-systems%2Cgeneral-purpose-os">SRG-OS-000033-GPOS-00014</reference>
          <reference href="https://www.cyber.mil/stigs/downloads/?_dl_facet_stigs=operating-systems%2Cgeneral-purpose-os">SRG-OS-000120-GPOS-00061</reference>
          <reference href="https://www.cyber.mil/stigs/downloads/?_dl_facet_stigs=operating-systems%2Cgeneral-purpose-os">SRG-OS-000125-GPOS-00065</reference>
          <reference href="https://www.cyber.mil/stigs/downloads/?_dl_facet_stigs=operating-systems%2Cgeneral-purpose-os">SRG-OS-000250-GPOS-00093</reference>
          <reference href="https://www.cyber.mil/stigs/downloads/?_dl_facet_stigs=operating-systems%2Cgeneral-purpose-os">SRG-OS-000393-GPOS-00173</reference>
          <reference href="https://www.cyber.mil/stigs/downloads/?_dl_facet_stigs=operating-systems%2Cgeneral-purpose-os">SRG-OS-000394-GPOS-00174</reference>
          <reference href="https://www.cyber.mil/stigs/downloads/?_dl_facet_stigs=operating-systems%2Cunix-linux">SLES-15-010160</reference>
          <reference href="https://www.cyber.mil/stigs/srg-stig-tools/">SV-234816r958408_rule</reference>
          <rationale xmlns:xhtml="http://www.w3.org/1999/xhtml" xml:lang="en-US">Unapproved mechanisms that are used for authentication to the cryptographic module are not verified and therefore
cannot be relied upon to provide confidentiality or integrity, and system data may be compromised.
<html:br xmlns:html="http://www.w3.org/1999/xhtml"/>
Operating systems utilizing encryption are required to use FIPS-compliant mechanisms for authenticating to
cryptographic modules.
<html:br xmlns:html="http://www.w3.org/1999/xhtml"/>
FIPS 140-2 is the current standard for validating that mechanisms used to access cryptographic modules
utilize authentication that meets industry and government requirements. For government systems, this allows
Security Levels 1, 2, 3, or 4 for use on SUSE Linux Enterprise 15.</rationale>
          <ident system="https://ncp.nist.gov/cce">CCE-83271-7</ident>
          <fix xmlns:xhtml="http://www.w3.org/1999/xhtml" id="sshd_use_approved_ciphers_ordered_stig" system="urn:xccdf:fix:script:sh"># Remediation is applicable only in certain platforms
if rpm --quiet -q kernel-default || rpm --quiet -q kernel-default-base; then

if grep -q -P '^\s*[Cc]iphers\s+' /etc/ssh/sshd_config; then
  sed -i 's/^\s*[Cc]iphers.*/Ciphers aes256-ctr,aes192-ctr,aes128-ctr/' /etc/ssh/sshd_config
else
  echo "Ciphers aes256-ctr,aes192-ctr,aes128-ctr" &gt;&gt; /etc/ssh/sshd_config
fi

else
    &gt;&amp;2 echo 'Remediation is not applicable, nothing was done'
fi
</fix>
          <fix xmlns:xhtml="http://www.w3.org/1999/xhtml" id="sshd_use_approved_ciphers_ordered_stig" system="urn:xccdf:fix:script:ansible" complexity="low" disruption="low" strategy="restrict">- name: Gather the package facts
  package_facts:
    manager: auto
  tags:
  - CCE-83271-7
  - DISA-STIG-SLES-15-010160
  - low_complexity
  - low_disruption
  - medium_severity
  - no_reboot_needed
  - restrict_strategy
  - sshd_use_approved_ciphers_ordered_stig

- name: Configure sshd to use approved ciphers
  ansible.builtin.lineinfile:
    path: /etc/ssh/sshd_config
    line: Ciphers aes256-ctr,aes192-ctr,aes128-ctr
    state: present
    regexp: ^[\s]*[Cc]iphers[\s]+(aes256-ctr(?=[\w,-@]+|$),?)?(aes192-ctr(?=[\w,-@]+|$),?)?(aes128-ctr(?=[\w,-@]+|$),?)?[\s]*(?:#.*)?$
    create: true
  when: ("kernel-default" in ansible_facts.packages or "kernel-default-base" in ansible_facts.packages)
  tags:
  - CCE-83271-7
  - DISA-STIG-SLES-15-010160
  - low_complexity
  - low_disruption
  - medium_severity
  - no_reboot_needed
  - restrict_strategy
  - sshd_use_approved_ciphers_ordered_stig
</fix>
          <check system="http://oval.mitre.org/XMLSchema/oval-definitions-5">
            <check-export export-name="oval:ssg-sshd_required:var:1" value-id="xccdf_org.ssgproject.content_value_sshd_required"/>
            <check-content-ref name="oval:ssg-sshd_use_approved_ciphers_ordered_stig:def:1" href="ssg-sle15-oval.xml"/>
          </check>
          <check system="http://scap.nist.gov/schema/ocil/2">
            <check-content-ref name="ocil:ssg-sshd_use_approved_ciphers_ordered_stig_ocil:questionnaire:1" href="ssg-sle15-ocil.xml"/>
          </check>
        </Rule>
        <Rule id="xccdf_org.ssgproject.content_rule_sshd_use_approved_kex_ordered_stig" selected="false" role="full" severity="medium">
          <title xmlns:xhtml="http://www.w3.org/1999/xhtml" xml:lang="en-US">Use Only FIPS 140-2 Validated Key Exchange Algorithms</title>
          <description xmlns:xhtml="http://www.w3.org/1999/xhtml" xml:lang="en-US">Limit the key exchange algorithms to those  which are FIPS-approved.
Add or modify the following line in <html:code xmlns:html="http://www.w3.org/1999/xhtml">/etc/ssh/sshd_config</html:code>
        <html:pre xmlns:html="http://www.w3.org/1999/xhtml">KexAlgorithms ecdh-sha2-nistp256,ecdh-sha2-nistp384,ecdh-sha2-nistp521,diffie-hellman-group-exchange-sha256</html:pre>
This rule ensures that only the key exchange algorithms mentioned
above (or their subset) are configured for use, keeping the given
order of algorithms.</description>
          <warning xmlns:xhtml="http://www.w3.org/1999/xhtml" xml:lang="en-US" category="general">The system needs to be rebooted for these changes to take effect.</warning>
          <warning xmlns:xhtml="http://www.w3.org/1999/xhtml" xml:lang="en-US" category="regulatory">System crypto modules must be provided by a vendor that undergoes
FIPS-140 certifications.
FIPS-140 is applicable to all Federal agencies that use
cryptographic-based security systems to protect sensitive information
in computer and telecommunication systems (including voice systems) as
defined in Section 5131 of the Information Technology Management Reform
Act of 1996, Public Law 104-106. This standard shall be used in
designing and implementing cryptographic modules that Federal
departments and agencies operate or are operated for them under
contract. See <html:b xmlns:html="http://www.w3.org/1999/xhtml"><html:a href="https://nvlpubs.nist.gov/nistpubs/FIPS/NIST.FIPS.140-2.pdf">https://nvlpubs.nist.gov/nistpubs/FIPS/NIST.FIPS.140-2.pdf</html:a></html:b>
To meet this requirements, the system has to have cryptographic software
provided by a vendor that has undergone this certification. This means
providing documentation, test results, design information, and independent
third party review by an accredited lab. While open source software is
capable of meeting this, it does not meet FIPS-140 unless the vendor
submits to this process.</warning>
          <reference href="http://nvlpubs.nist.gov/nistpubs/SpecialPublications/NIST.SP.800-53r4.pdf">AC-17(2)</reference>
          <reference href="https://www.cyber.mil/stigs/downloads/?_dl_facet_stigs=operating-systems%2Cgeneral-purpose-os">SRG-OS-000250-GPOS-00093</reference>
          <reference href="https://www.cyber.mil/stigs/downloads/?_dl_facet_stigs=operating-systems%2Cunix-linux">SLES-15-040450</reference>
          <reference href="https://www.cyber.mil/stigs/srg-stig-tools/">SV-255920r991554_rule</reference>
          <rationale xmlns:xhtml="http://www.w3.org/1999/xhtml" xml:lang="en-US">FIPS-approved key exchange algorithms are required to be used.
The system will attempt to use the first algorithm presented by the client that matches
the server list. Listing the values "strongest to weakest" is a method to ensure the use
of the strongest algorithm available to secure the SSH connection.</rationale>
          <ident system="https://ncp.nist.gov/cce">CCE-92505-7</ident>
          <fix xmlns:xhtml="http://www.w3.org/1999/xhtml" id="sshd_use_approved_kex_ordered_stig" system="urn:xccdf:fix:script:sh"># Remediation is applicable only in certain platforms
if rpm --quiet -q kernel-default || rpm --quiet -q kernel-default-base; then

KEX_ALGOS="ecdh-sha2-nistp256,ecdh-sha2-nistp384,ecdh-sha2-nistp521,diffie-hellman-group-exchange-sha256"

if grep -q -P '^\s*KexAlgorithms\s+' /etc/ssh/sshd_config; then
  sed -i "s/^\s*KexAlgorithms.*/KexAlgorithms ${KEX_ALGOS}/" /etc/ssh/sshd_config
else
  echo "KexAlgorithms ${KEX_ALGOS}" &gt;&gt; /etc/ssh/sshd_config
fi

else
    &gt;&amp;2 echo 'Remediation is not applicable, nothing was done'
fi
</fix>
          <fix xmlns:xhtml="http://www.w3.org/1999/xhtml" id="sshd_use_approved_kex_ordered_stig" system="urn:xccdf:fix:script:ansible" complexity="low" disruption="low" strategy="restrict">- name: Gather the package facts
  package_facts:
    manager: auto
  tags:
  - CCE-92505-7
  - DISA-STIG-SLES-15-040450
  - NIST-800-53-AC-17(2)
  - low_complexity
  - low_disruption
  - medium_severity
  - no_reboot_needed
  - restrict_strategy
  - sshd_use_approved_kex_ordered_stig

- name: Configure sshd to use FIPS 140-2 approved key exchange algorithms
  ansible.builtin.lineinfile:
    path: /etc/ssh/sshd_config
    line: KexAlgorithms ecdh-sha2-nistp256,ecdh-sha2-nistp384,ecdh-sha2-nistp521,diffie-hellman-group-exchange-sha256
    state: present
    regexp: ^\s*KexAlgorithms\s*
    create: true
  when: ("kernel-default" in ansible_facts.packages or "kernel-default-base" in ansible_facts.packages)
  tags:
  - CCE-92505-7
  - DISA-STIG-SLES-15-040450
  - NIST-800-53-AC-17(2)
  - low_complexity
  - low_disruption
  - medium_severity
  - no_reboot_needed
  - restrict_strategy
  - sshd_use_approved_kex_ordered_stig
</fix>
          <check system="http://oval.mitre.org/XMLSchema/oval-definitions-5">
            <check-export export-name="oval:ssg-sshd_required:var:1" value-id="xccdf_org.ssgproject.content_value_sshd_required"/>
            <check-content-ref name="oval:ssg-sshd_use_approved_kex_ordered_stig:def:1" href="ssg-sle15-oval.xml"/>
          </check>
          <check system="http://scap.nist.gov/schema/ocil/2">
            <check-content-ref name="ocil:ssg-sshd_use_approved_kex_ordered_stig_ocil:questionnaire:1" href="ssg-sle15-ocil.xml"/>
          </check>
        </Rule>
        <Rule id="xccdf_org.ssgproject.content_rule_sshd_use_approved_macs" selected="false" role="full" severity="medium">
          <title xmlns:xhtml="http://www.w3.org/1999/xhtml" xml:lang="en-US">Use Only FIPS 140-2 Validated MACs</title>
          <description xmlns:xhtml="http://www.w3.org/1999/xhtml" xml:lang="en-US">Limit the MACs to those hash algorithms which are FIPS-approved.
The following line in <html:code xmlns:html="http://www.w3.org/1999/xhtml">/etc/ssh/sshd_config</html:code>
demonstrates use of FIPS-approved MACs:

<html:pre xmlns:html="http://www.w3.org/1999/xhtml">MACs hmac-sha2-512,hmac-sha2-256</html:pre>

The man page <html:code xmlns:html="http://www.w3.org/1999/xhtml">sshd_config(5)</html:code> contains a list of supported MACs.

The rule is parametrized to use the following MACs: <html:code xmlns:html="http://www.w3.org/1999/xhtml" xmlns:xccdf-1.2="http://checklists.nist.gov/xccdf/1.2"><xccdf-1.2:sub idref="xccdf_org.ssgproject.content_value_sshd_approved_macs" use="legacy"/></html:code>.</description>
          <warning xmlns:xhtml="http://www.w3.org/1999/xhtml" xml:lang="en-US" category="general">The system needs to be rebooted for these changes to take effect.</warning>
          <warning xmlns:xhtml="http://www.w3.org/1999/xhtml" xml:lang="en-US" category="regulatory">System Crypto Modules must be provided by a vendor that undergoes
FIPS-140 certifications.
FIPS-140 is applicable to all Federal agencies that use
cryptographic-based security systems to protect sensitive information
in computer and telecommunication systems (including voice systems) as
defined in Section 5131 of the Information Technology Management Reform
Act of 1996, Public Law 104-106. This standard shall be used in
designing and implementing cryptographic modules that Federal
departments and agencies operate or are operated for them under
contract. See <html:b xmlns:html="http://www.w3.org/1999/xhtml"><html:a href="https://nvlpubs.nist.gov/nistpubs/FIPS/NIST.FIPS.140-2.pdf">https://nvlpubs.nist.gov/nistpubs/FIPS/NIST.FIPS.140-2.pdf</html:a></html:b>
To meet this, the system has to have cryptographic software provided by
a vendor that has undergone this certification. This means providing
documentation, test results, design information, and independent third
party review by an accredited lab. While open source software is
capable of meeting this, it does not meet FIPS-140 unless the vendor
submits to this process.</warning>
          <reference href="https://www.cisecurity.org/controls/">1</reference>
          <reference href="https://www.cisecurity.org/controls/">12</reference>
          <reference href="https://www.cisecurity.org/controls/">13</reference>
          <reference href="https://www.cisecurity.org/controls/">15</reference>
          <reference href="https://www.cisecurity.org/controls/">16</reference>
          <reference href="https://www.cisecurity.org/controls/">5</reference>
          <reference href="https://www.cisecurity.org/controls/">8</reference>
          <reference href="https://www.isaca.org/resources/cobit">APO01.06</reference>
          <reference href="https://www.isaca.org/resources/cobit">APO13.01</reference>
          <reference href="https://www.isaca.org/resources/cobit">DSS01.04</reference>
          <reference href="https://www.isaca.org/resources/cobit">DSS05.02</reference>
          <reference href="https://www.isaca.org/resources/cobit">DSS05.03</reference>
          <reference href="https://www.isaca.org/resources/cobit">DSS05.04</reference>
          <reference href="https://www.isaca.org/resources/cobit">DSS05.07</reference>
          <reference href="https://www.isaca.org/resources/cobit">DSS06.02</reference>
          <reference href="https://www.isaca.org/resources/cobit">DSS06.03</reference>
          <reference href="http://nvlpubs.nist.gov/nistpubs/SpecialPublications/NIST.SP.800-171.pdf">3.1.13</reference>
          <reference href="http://nvlpubs.nist.gov/nistpubs/SpecialPublications/NIST.SP.800-171.pdf">3.13.11</reference>
          <reference href="http://nvlpubs.nist.gov/nistpubs/SpecialPublications/NIST.SP.800-171.pdf">3.13.8</reference>
          <reference href="https://www.gpo.gov/fdsys/pkg/CFR-2007-title45-vol1/pdf/CFR-2007-title45-vol1-chapA-subchapC.pdf">164.308(b)(1)</reference>
          <reference href="https://www.gpo.gov/fdsys/pkg/CFR-2007-title45-vol1/pdf/CFR-2007-title45-vol1-chapA-subchapC.pdf">164.308(b)(2)</reference>
          <reference href="https://www.gpo.gov/fdsys/pkg/CFR-2007-title45-vol1/pdf/CFR-2007-title45-vol1-chapA-subchapC.pdf">164.312(e)(1)</reference>
          <reference href="https://www.gpo.gov/fdsys/pkg/CFR-2007-title45-vol1/pdf/CFR-2007-title45-vol1-chapA-subchapC.pdf">164.312(e)(2)(i)</reference>
          <reference href="https://www.gpo.gov/fdsys/pkg/CFR-2007-title45-vol1/pdf/CFR-2007-title45-vol1-chapA-subchapC.pdf">164.312(e)(2)(ii)</reference>
          <reference href="https://www.gpo.gov/fdsys/pkg/CFR-2007-title45-vol1/pdf/CFR-2007-title45-vol1-chapA-subchapC.pdf">164.314(b)(2)(i)</reference>
          <reference href="https://www.isa.org/products/isa-62443-2-1-2009-security-for-industrial-automat">4.3.3.5.1</reference>
          <reference href="https://www.isa.org/products/isa-62443-2-1-2009-security-for-industrial-automat">4.3.3.6.6</reference>
          <reference href="https://www.isa.org/products/ansi-isa-62443-3-3-99-03-03-2013-security-for-indu">SR 1.1</reference>
          <reference href="https://www.isa.org/products/ansi-isa-62443-3-3-99-03-03-2013-security-for-indu">SR 1.13</reference>
          <reference href="https://www.isa.org/products/ansi-isa-62443-3-3-99-03-03-2013-security-for-indu">SR 1.2</reference>
          <reference href="https://www.isa.org/products/ansi-isa-62443-3-3-99-03-03-2013-security-for-indu">SR 1.3</reference>
          <reference href="https://www.isa.org/products/ansi-isa-62443-3-3-99-03-03-2013-security-for-indu">SR 1.4</reference>
          <reference href="https://www.isa.org/products/ansi-isa-62443-3-3-99-03-03-2013-security-for-indu">SR 1.5</reference>
          <reference href="https://www.isa.org/products/ansi-isa-62443-3-3-99-03-03-2013-security-for-indu">SR 1.7</reference>
          <reference href="https://www.isa.org/products/ansi-isa-62443-3-3-99-03-03-2013-security-for-indu">SR 1.8</reference>
          <reference href="https://www.isa.org/products/ansi-isa-62443-3-3-99-03-03-2013-security-for-indu">SR 1.9</reference>
          <reference href="https://www.isa.org/products/ansi-isa-62443-3-3-99-03-03-2013-security-for-indu">SR 2.6</reference>
          <reference href="https://www.isa.org/products/ansi-isa-62443-3-3-99-03-03-2013-security-for-indu">SR 3.1</reference>
          <reference href="https://www.isa.org/products/ansi-isa-62443-3-3-99-03-03-2013-security-for-indu">SR 3.5</reference>
          <reference href="https://www.isa.org/products/ansi-isa-62443-3-3-99-03-03-2013-security-for-indu">SR 3.8</reference>
          <reference href="https://www.isa.org/products/ansi-isa-62443-3-3-99-03-03-2013-security-for-indu">SR 4.1</reference>
          <reference href="https://www.isa.org/products/ansi-isa-62443-3-3-99-03-03-2013-security-for-indu">SR 4.3</reference>
          <reference href="https://www.isa.org/products/ansi-isa-62443-3-3-99-03-03-2013-security-for-indu">SR 5.1</reference>
          <reference href="https://www.isa.org/products/ansi-isa-62443-3-3-99-03-03-2013-security-for-indu">SR 5.2</reference>
          <reference href="https://www.isa.org/products/ansi-isa-62443-3-3-99-03-03-2013-security-for-indu">SR 5.3</reference>
          <reference href="https://www.isa.org/products/ansi-isa-62443-3-3-99-03-03-2013-security-for-indu">SR 7.1</reference>
          <reference href="https://www.isa.org/products/ansi-isa-62443-3-3-99-03-03-2013-security-for-indu">SR 7.6</reference>
          <reference href="https://www.iso.org/contents/data/standard/05/45/54534.html">A.10.1.1</reference>
          <reference href="https://www.iso.org/contents/data/standard/05/45/54534.html">A.11.1.4</reference>
          <reference href="https://www.iso.org/contents/data/standard/05/45/54534.html">A.11.1.5</reference>
          <reference href="https://www.iso.org/contents/data/standard/05/45/54534.html">A.11.2.1</reference>
          <reference href="https://www.iso.org/contents/data/standard/05/45/54534.html">A.11.2.6</reference>
          <reference href="https://www.iso.org/contents/data/standard/05/45/54534.html">A.13.1.1</reference>
          <reference href="https://www.iso.org/contents/data/standard/05/45/54534.html">A.13.1.3</reference>
          <reference href="https://www.iso.org/contents/data/standard/05/45/54534.html">A.13.2.1</reference>
          <reference href="https://www.iso.org/contents/data/standard/05/45/54534.html">A.13.2.3</reference>
          <reference href="https://www.iso.org/contents/data/standard/05/45/54534.html">A.13.2.4</reference>
          <reference href="https://www.iso.org/contents/data/standard/05/45/54534.html">A.14.1.2</reference>
          <reference href="https://www.iso.org/contents/data/standard/05/45/54534.html">A.14.1.3</reference>
          <reference href="https://www.iso.org/contents/data/standard/05/45/54534.html">A.6.1.2</reference>
          <reference href="https://www.iso.org/contents/data/standard/05/45/54534.html">A.6.2.1</reference>
          <reference href="https://www.iso.org/contents/data/standard/05/45/54534.html">A.6.2.2</reference>
          <reference href="https://www.iso.org/contents/data/standard/05/45/54534.html">A.7.1.1</reference>
          <reference href="https://www.iso.org/contents/data/standard/05/45/54534.html">A.7.1.2</reference>
          <reference href="https://www.iso.org/contents/data/standard/05/45/54534.html">A.7.3.1</reference>
          <reference href="https://www.iso.org/contents/data/standard/05/45/54534.html">A.8.2.2</reference>
          <reference href="https://www.iso.org/contents/data/standard/05/45/54534.html">A.8.2.3</reference>
          <reference href="https://www.iso.org/contents/data/standard/05/45/54534.html">A.9.1.1</reference>
          <reference href="https://www.iso.org/contents/data/standard/05/45/54534.html">A.9.1.2</reference>
          <reference href="https://www.iso.org/contents/data/standard/05/45/54534.html">A.9.2.1</reference>
          <reference href="https://www.iso.org/contents/data/standard/05/45/54534.html">A.9.2.2</reference>
          <reference href="https://www.iso.org/contents/data/standard/05/45/54534.html">A.9.2.3</reference>
          <reference href="https://www.iso.org/contents/data/standard/05/45/54534.html">A.9.2.4</reference>
          <reference href="https://www.iso.org/contents/data/standard/05/45/54534.html">A.9.2.6</reference>
          <reference href="https://www.iso.org/contents/data/standard/05/45/54534.html">A.9.3.1</reference>
          <reference href="https://www.iso.org/contents/data/standard/05/45/54534.html">A.9.4.1</reference>
          <reference href="https://www.iso.org/contents/data/standard/05/45/54534.html">A.9.4.2</reference>
          <reference href="https://www.iso.org/contents/data/standard/05/45/54534.html">A.9.4.3</reference>
          <reference href="https://www.iso.org/contents/data/standard/05/45/54534.html">A.9.4.4</reference>
          <reference href="https://www.iso.org/contents/data/standard/05/45/54534.html">A.9.4.5</reference>
          <reference href="http://nvlpubs.nist.gov/nistpubs/SpecialPublications/NIST.SP.800-53r4.pdf">CM-6(a)</reference>
          <reference href="http://nvlpubs.nist.gov/nistpubs/SpecialPublications/NIST.SP.800-53r4.pdf">AC-17(a)</reference>
          <reference href="http://nvlpubs.nist.gov/nistpubs/SpecialPublications/NIST.SP.800-53r4.pdf">AC-17(2)</reference>
          <reference href="http://nvlpubs.nist.gov/nistpubs/SpecialPublications/NIST.SP.800-53r4.pdf">SC-13</reference>
          <reference href="http://nvlpubs.nist.gov/nistpubs/SpecialPublications/NIST.SP.800-53r4.pdf">MA-4(6)</reference>
          <reference href="http://nvlpubs.nist.gov/nistpubs/SpecialPublications/NIST.SP.800-53r4.pdf">SC-12(2)</reference>
          <reference href="http://nvlpubs.nist.gov/nistpubs/SpecialPublications/NIST.SP.800-53r4.pdf">SC-12(3)</reference>
          <reference href="https://nvlpubs.nist.gov/nistpubs/CSWP/NIST.CSWP.04162018.pdf">PR.AC-1</reference>
          <reference href="https://nvlpubs.nist.gov/nistpubs/CSWP/NIST.CSWP.04162018.pdf">PR.AC-3</reference>
          <reference href="https://nvlpubs.nist.gov/nistpubs/CSWP/NIST.CSWP.04162018.pdf">PR.DS-5</reference>
          <reference href="https://nvlpubs.nist.gov/nistpubs/CSWP/NIST.CSWP.04162018.pdf">PR.PT-4</reference>
          <reference href="https://www.cyber.mil/stigs/downloads/?_dl_facet_stigs=operating-systems%2Cgeneral-purpose-os">SRG-OS-000125-GPOS-00065</reference>
          <reference href="https://www.cyber.mil/stigs/downloads/?_dl_facet_stigs=operating-systems%2Cgeneral-purpose-os">SRG-OS-000250-GPOS-00093</reference>
          <reference href="https://www.cyber.mil/stigs/downloads/?_dl_facet_stigs=operating-systems%2Cgeneral-purpose-os">SRG-OS-000394-GPOS-00174</reference>
          <reference href="https://www.cyber.mil/stigs/downloads/?_dl_facet_stigs=operating-systems%2Cunix-linux">SLES-15-010270</reference>
          <reference href="https://www.cisecurity.org/benchmark/suse_linux/">5.2.14</reference>
          <reference href="not_publicly_available">SLES-15-600150090</reference>
          <reference href="https://docs-prv.pcisecuritystandards.org/PCI%20DSS/Standard/PCI-DSS-v4_0.pdf">2.2.7</reference>
          <reference href="https://docs-prv.pcisecuritystandards.org/PCI%20DSS/Standard/PCI-DSS-v4_0.pdf">2.2</reference>
          <reference href="https://www.cyber.mil/stigs/srg-stig-tools/">SV-234826r958510_rule</reference>
          <rationale xmlns:xhtml="http://www.w3.org/1999/xhtml" xml:lang="en-US">FIPS-approved cryptographic hash functions are required to be used.
The only SSHv2 hash algorithms meeting this requirement is SHA2.</rationale>
          <ident system="https://ncp.nist.gov/cce">CCE-91338-4</ident>
          <fix xmlns:xhtml="http://www.w3.org/1999/xhtml" id="sshd_use_approved_macs" system="urn:xccdf:fix:script:sh"># Remediation is applicable only in certain platforms
if rpm --quiet -q kernel-default || rpm --quiet -q kernel-default-base; then

sshd_approved_macs='<xccdf-1.2:sub xmlns:xccdf-1.2="http://checklists.nist.gov/xccdf/1.2" idref="xccdf_org.ssgproject.content_value_sshd_approved_macs" use="legacy"/>'


# Strip any search characters in the key arg so that the key can be replaced without
# adding any search characters to the config file.
stripped_key=$(sed 's/[\^=\$,;+]*//g' &lt;&lt;&lt; "^MACs")

# shellcheck disable=SC2059
printf -v formatted_output "%s %s" "$stripped_key" "$sshd_approved_macs"

# If the key exists, change it. Otherwise, add it to the config_file.
# We search for the key string followed by a word boundary (matched by \&gt;),
# so if we search for 'setting', 'setting2' won't match.
if LC_ALL=C grep -q -m 1 -i -e "^MACs\\&gt;" "/etc/ssh/sshd_config"; then
    escaped_formatted_output=$(sed -e 's|/|\\/|g' &lt;&lt;&lt; "$formatted_output")
    LC_ALL=C sed -i --follow-symlinks "s/^MACs\\&gt;.*/$escaped_formatted_output/gi" "/etc/ssh/sshd_config"
else
    if [[ -s "/etc/ssh/sshd_config" ]] &amp;&amp; [[ -n "$(tail -c 1 -- "/etc/ssh/sshd_config" || true)" ]]; then
        LC_ALL=C sed -i --follow-symlinks '$a'\\ "/etc/ssh/sshd_config"
    fi
    cce="CCE-91338-4"
    printf '# Per %s: Set %s in %s\n' "${cce}" "${formatted_output}" "/etc/ssh/sshd_config" &gt;&gt; "/etc/ssh/sshd_config"
    printf '%s\n' "$formatted_output" &gt;&gt; "/etc/ssh/sshd_config"
fi

else
    &gt;&amp;2 echo 'Remediation is not applicable, nothing was done'
fi
</fix>
          <fix xmlns:xhtml="http://www.w3.org/1999/xhtml" id="sshd_use_approved_macs" system="urn:xccdf:fix:script:ansible" complexity="low" disruption="low" strategy="restrict">- name: Gather the package facts
  package_facts:
    manager: auto
  tags:
  - CCE-91338-4
  - DISA-STIG-SLES-15-010270
  - NIST-800-171-3.1.13
  - NIST-800-171-3.13.11
  - NIST-800-171-3.13.8
  - NIST-800-53-AC-17(2)
  - NIST-800-53-AC-17(a)
  - NIST-800-53-CM-6(a)
  - NIST-800-53-MA-4(6)
  - NIST-800-53-SC-12(2)
  - NIST-800-53-SC-12(3)
  - NIST-800-53-SC-13
  - PCI-DSSv4-2.2
  - PCI-DSSv4-2.2.7
  - low_complexity
  - low_disruption
  - medium_severity
  - no_reboot_needed
  - restrict_strategy
  - sshd_use_approved_macs
- name: XCCDF Value sshd_approved_macs # promote to variable
  set_fact:
    sshd_approved_macs: !!str <xccdf-1.2:sub xmlns:xccdf-1.2="http://checklists.nist.gov/xccdf/1.2" idref="xccdf_org.ssgproject.content_value_sshd_approved_macs" use="legacy"/>
  tags:
    - always

- name: Use Only FIPS 140-2 Validated MACs
  block:

  - name: Check for duplicate values
    ansible.builtin.lineinfile:
      path: /etc/ssh/sshd_config
      create: true
      regexp: (?i)(?i)^\s*MACs\s+
      state: absent
    check_mode: true
    changed_when: false
    register: dupes

  - name: Deduplicate values from /etc/ssh/sshd_config
    ansible.builtin.lineinfile:
      path: /etc/ssh/sshd_config
      create: true
      regexp: (?i)(?i)^\s*MACs\s+
      state: absent
    when: dupes.found is defined and dupes.found &gt; 1

  - name: Insert correct line to /etc/ssh/sshd_config
    ansible.builtin.lineinfile:
      path: /etc/ssh/sshd_config
      create: true
      regexp: (?i)(?i)^\s*MACs\s+
      line: MACs {{ sshd_approved_macs }}
      state: present
      insertbefore: BOF
      validate: /usr/sbin/sshd -t -f %s
  when: ("kernel-default" in ansible_facts.packages or "kernel-default-base" in ansible_facts.packages)
  tags:
  - CCE-91338-4
  - DISA-STIG-SLES-15-010270
  - NIST-800-171-3.1.13
  - NIST-800-171-3.13.11
  - NIST-800-171-3.13.8
  - NIST-800-53-AC-17(2)
  - NIST-800-53-AC-17(a)
  - NIST-800-53-CM-6(a)
  - NIST-800-53-MA-4(6)
  - NIST-800-53-SC-12(2)
  - NIST-800-53-SC-12(3)
  - NIST-800-53-SC-13
  - PCI-DSSv4-2.2
  - PCI-DSSv4-2.2.7
  - low_complexity
  - low_disruption
  - medium_severity
  - no_reboot_needed
  - restrict_strategy
  - sshd_use_approved_macs
</fix>
          <check system="http://oval.mitre.org/XMLSchema/oval-definitions-5">
            <check-export export-name="oval:ssg-sshd_required:var:1" value-id="xccdf_org.ssgproject.content_value_sshd_required"/>
            <check-export export-name="oval:ssg-sshd_approved_macs:var:1" value-id="xccdf_org.ssgproject.content_value_sshd_approved_macs"/>
            <check-content-ref name="oval:ssg-sshd_use_approved_macs:def:1" href="ssg-sle15-oval.xml"/>
          </check>
          <check system="http://scap.nist.gov/schema/ocil/2">
            <check-content-ref name="ocil:ssg-sshd_use_approved_macs_ocil:questionnaire:1" href="ssg-sle15-ocil.xml"/>
          </check>
        </Rule>
        <Rule id="xccdf_org.ssgproject.content_rule_sshd_use_approved_macs_ordered_stig" selected="false" role="full" severity="medium">
          <title xmlns:xhtml="http://www.w3.org/1999/xhtml" xml:lang="en-US">Use Only FIPS 140-2 Validated MACs</title>
          <description xmlns:xhtml="http://www.w3.org/1999/xhtml" xml:lang="en-US">Limit the MACs to those hash algorithms which are FIPS-approved.
The following line in <html:code xmlns:html="http://www.w3.org/1999/xhtml">/etc/ssh/sshd_config</html:code>
demonstrates use of FIPS-approved MACs:
<html:pre xmlns:html="http://www.w3.org/1999/xhtml">MACs hmac-sha2-512,hmac-sha2-256</html:pre>
This rule ensures that there are configured MACs mentioned
above (or their subset), keeping the given order of algorithms.</description>
          <warning xmlns:xhtml="http://www.w3.org/1999/xhtml" xml:lang="en-US" category="general">The system needs to be rebooted for these changes to take effect.</warning>
          <warning xmlns:xhtml="http://www.w3.org/1999/xhtml" xml:lang="en-US" category="regulatory">System Crypto Modules must be provided by a vendor that undergoes
FIPS-140 certifications.
FIPS-140 is applicable to all Federal agencies that use
cryptographic-based security systems to protect sensitive information
in computer and telecommunication systems (including voice systems) as
defined in Section 5131 of the Information Technology Management Reform
Act of 1996, Public Law 104-106. This standard shall be used in
designing and implementing cryptographic modules that Federal
departments and agencies operate or are operated for them under
contract. See <html:b xmlns:html="http://www.w3.org/1999/xhtml"><html:a href="https://nvlpubs.nist.gov/nistpubs/FIPS/NIST.FIPS.140-2.pdf">https://nvlpubs.nist.gov/nistpubs/FIPS/NIST.FIPS.140-2.pdf</html:a></html:b>
To meet this, the system has to have cryptographic software provided by
a vendor that has undergone this certification. This means providing
documentation, test results, design information, and independent third
party review by an accredited lab. While open source software is
capable of meeting this, it does not meet FIPS-140 unless the vendor
submits to this process.</warning>
          <reference href="https://www.cyber.mil/stigs/downloads/?_dl_facet_stigs=operating-systems%2Cgeneral-purpose-os">SRG-OS-000125-GPOS-00065</reference>
          <reference href="https://www.cyber.mil/stigs/downloads/?_dl_facet_stigs=operating-systems%2Cgeneral-purpose-os">SRG-OS-000250-GPOS-00093</reference>
          <reference href="https://www.cyber.mil/stigs/downloads/?_dl_facet_stigs=operating-systems%2Cgeneral-purpose-os">SRG-OS-000394-GPOS-00174</reference>
          <reference href="https://www.cyber.mil/stigs/downloads/?_dl_facet_stigs=operating-systems%2Cunix-linux">SLES-15-010270</reference>
          <reference href="https://www.cyber.mil/stigs/srg-stig-tools/">SV-234826r958510_rule</reference>
          <rationale xmlns:xhtml="http://www.w3.org/1999/xhtml" xml:lang="en-US">FIPS-approved cryptographic hash functions are required to be used.
The only SSHv2 hash algorithms meeting this requirement is SHA2.</rationale>
          <ident system="https://ncp.nist.gov/cce">CCE-83280-8</ident>
          <fix xmlns:xhtml="http://www.w3.org/1999/xhtml" id="sshd_use_approved_macs_ordered_stig" system="urn:xccdf:fix:script:sh"># Remediation is applicable only in certain platforms
if rpm --quiet -q kernel-default || rpm --quiet -q kernel-default-base; then

if grep -q -P '^\s*MACs\s+' /etc/ssh/sshd_config; then
  sed -i 's/^\s*MACs.*/MACs hmac-sha2-512,hmac-sha2-256/' /etc/ssh/sshd_config
else
  echo "MACs hmac-sha2-512,hmac-sha2-256" &gt;&gt; /etc/ssh/sshd_config
fi

else
    &gt;&amp;2 echo 'Remediation is not applicable, nothing was done'
fi
</fix>
          <fix xmlns:xhtml="http://www.w3.org/1999/xhtml" id="sshd_use_approved_macs_ordered_stig" system="urn:xccdf:fix:script:ansible" complexity="low" disruption="low" strategy="restrict">- name: Gather the package facts
  package_facts:
    manager: auto
  tags:
  - CCE-83280-8
  - DISA-STIG-SLES-15-010270
  - low_complexity
  - low_disruption
  - medium_severity
  - no_reboot_needed
  - restrict_strategy
  - sshd_use_approved_macs_ordered_stig

- name: Configure sshd to use approved MACs
  ansible.builtin.lineinfile:
    path: /etc/ssh/sshd_config
    line: MACs hmac-sha2-512,hmac-sha2-256
    state: present
    regexp: ^[\s]*MACs[\s]+(hmac-sha2-512(?=[\w,-@]+|$),?)?(hmac-sha2-256(?=[\w,-@]+|$),?)?[\s]*(?:#.*)?$
    create: true
  when: ("kernel-default" in ansible_facts.packages or "kernel-default-base" in ansible_facts.packages)
  tags:
  - CCE-83280-8
  - DISA-STIG-SLES-15-010270
  - low_complexity
  - low_disruption
  - medium_severity
  - no_reboot_needed
  - restrict_strategy
  - sshd_use_approved_macs_ordered_stig
</fix>
          <check system="http://oval.mitre.org/XMLSchema/oval-definitions-5">
            <check-export export-name="oval:ssg-sshd_required:var:1" value-id="xccdf_org.ssgproject.content_value_sshd_required"/>
            <check-content-ref name="oval:ssg-sshd_use_approved_macs_ordered_stig:def:1" href="ssg-sle15-oval.xml"/>
          </check>
          <check system="http://scap.nist.gov/schema/ocil/2">
            <check-content-ref name="ocil:ssg-sshd_use_approved_macs_ordered_stig_ocil:questionnaire:1" href="ssg-sle15-ocil.xml"/>
          </check>
        </Rule>
        <Rule id="xccdf_org.ssgproject.content_rule_sshd_use_priv_separation" selected="false" role="full" severity="medium">
          <title xmlns:xhtml="http://www.w3.org/1999/xhtml" xml:lang="en-US">Enable Use of Privilege Separation</title>
          <description xmlns:xhtml="http://www.w3.org/1999/xhtml" xml:lang="en-US">When enabled, SSH will create an unprivileged child process that
has the privilege of the authenticated user. To enable privilege separation in
SSH, add or correct the following line in the <html:code xmlns:html="http://www.w3.org/1999/xhtml">/etc/ssh/sshd_config</html:code> file:
<html:pre xmlns:html="http://www.w3.org/1999/xhtml" xmlns:xccdf-1.2="http://checklists.nist.gov/xccdf/1.2">UsePrivilegeSeparation <xccdf-1.2:sub idref="xccdf_org.ssgproject.content_value_var_sshd_priv_separation" use="legacy"/>
        </html:pre>
       </description>
          <reference href="https://www.cisecurity.org/controls/">12</reference>
          <reference href="https://www.cisecurity.org/controls/">13</reference>
          <reference href="https://www.cisecurity.org/controls/">14</reference>
          <reference href="https://www.cisecurity.org/controls/">15</reference>
          <reference href="https://www.cisecurity.org/controls/">16</reference>
          <reference href="https://www.cisecurity.org/controls/">18</reference>
          <reference href="https://www.cisecurity.org/controls/">3</reference>
          <reference href="https://www.cisecurity.org/controls/">5</reference>
          <reference href="https://www.isaca.org/resources/cobit">APO01.06</reference>
          <reference href="https://www.isaca.org/resources/cobit">DSS05.04</reference>
          <reference href="https://www.isaca.org/resources/cobit">DSS05.07</reference>
          <reference href="https://www.isaca.org/resources/cobit">DSS06.02</reference>
          <reference href="http://nvlpubs.nist.gov/nistpubs/SpecialPublications/NIST.SP.800-171.pdf">3.1.12</reference>
          <reference href="https://www.gpo.gov/fdsys/pkg/CFR-2007-title45-vol1/pdf/CFR-2007-title45-vol1-chapA-subchapC.pdf">164.308(a)(4)(i)</reference>
          <reference href="https://www.gpo.gov/fdsys/pkg/CFR-2007-title45-vol1/pdf/CFR-2007-title45-vol1-chapA-subchapC.pdf">164.308(b)(1)</reference>
          <reference href="https://www.gpo.gov/fdsys/pkg/CFR-2007-title45-vol1/pdf/CFR-2007-title45-vol1-chapA-subchapC.pdf">164.308(b)(3)</reference>
          <reference href="https://www.gpo.gov/fdsys/pkg/CFR-2007-title45-vol1/pdf/CFR-2007-title45-vol1-chapA-subchapC.pdf">164.310(b)</reference>
          <reference href="https://www.gpo.gov/fdsys/pkg/CFR-2007-title45-vol1/pdf/CFR-2007-title45-vol1-chapA-subchapC.pdf">164.312(e)(1)</reference>
          <reference href="https://www.gpo.gov/fdsys/pkg/CFR-2007-title45-vol1/pdf/CFR-2007-title45-vol1-chapA-subchapC.pdf">164.312(e)(2)(ii)</reference>
          <reference href="https://www.isa.org/products/isa-62443-2-1-2009-security-for-industrial-automat">4.3.3.7.3</reference>
          <reference href="https://www.isa.org/products/ansi-isa-62443-3-3-99-03-03-2013-security-for-indu">SR 2.1</reference>
          <reference href="https://www.isa.org/products/ansi-isa-62443-3-3-99-03-03-2013-security-for-indu">SR 5.2</reference>
          <reference href="https://www.iso.org/contents/data/standard/05/45/54534.html">A.10.1.1</reference>
          <reference href="https://www.iso.org/contents/data/standard/05/45/54534.html">A.11.1.4</reference>
          <reference href="https://www.iso.org/contents/data/standard/05/45/54534.html">A.11.1.5</reference>
          <reference href="https://www.iso.org/contents/data/standard/05/45/54534.html">A.11.2.1</reference>
          <reference href="https://www.iso.org/contents/data/standard/05/45/54534.html">A.13.1.1</reference>
          <reference href="https://www.iso.org/contents/data/standard/05/45/54534.html">A.13.1.3</reference>
          <reference href="https://www.iso.org/contents/data/standard/05/45/54534.html">A.13.2.1</reference>
          <reference href="https://www.iso.org/contents/data/standard/05/45/54534.html">A.13.2.3</reference>
          <reference href="https://www.iso.org/contents/data/standard/05/45/54534.html">A.13.2.4</reference>
          <reference href="https://www.iso.org/contents/data/standard/05/45/54534.html">A.14.1.2</reference>
          <reference href="https://www.iso.org/contents/data/standard/05/45/54534.html">A.14.1.3</reference>
          <reference href="https://www.iso.org/contents/data/standard/05/45/54534.html">A.6.1.2</reference>
          <reference href="https://www.iso.org/contents/data/standard/05/45/54534.html">A.7.1.1</reference>
          <reference href="https://www.iso.org/contents/data/standard/05/45/54534.html">A.7.1.2</reference>
          <reference href="https://www.iso.org/contents/data/standard/05/45/54534.html">A.7.3.1</reference>
          <reference href="https://www.iso.org/contents/data/standard/05/45/54534.html">A.8.2.2</reference>
          <reference href="https://www.iso.org/contents/data/standard/05/45/54534.html">A.8.2.3</reference>
          <reference href="https://www.iso.org/contents/data/standard/05/45/54534.html">A.9.1.1</reference>
          <reference href="https://www.iso.org/contents/data/standard/05/45/54534.html">A.9.1.2</reference>
          <reference href="https://www.iso.org/contents/data/standard/05/45/54534.html">A.9.2.3</reference>
          <reference href="https://www.iso.org/contents/data/standard/05/45/54534.html">A.9.4.1</reference>
          <reference href="https://www.iso.org/contents/data/standard/05/45/54534.html">A.9.4.4</reference>
          <reference href="https://www.iso.org/contents/data/standard/05/45/54534.html">A.9.4.5</reference>
          <reference href="https://www.nerc.com/standards/reliability-standards/cip">CIP-003-8 R5.1.1</reference>
          <reference href="https://www.nerc.com/standards/reliability-standards/cip">CIP-003-8 R5.3</reference>
          <reference href="https://www.nerc.com/standards/reliability-standards/cip">CIP-004-6 R2.3</reference>
          <reference href="https://www.nerc.com/standards/reliability-standards/cip">CIP-007-3 R2.1</reference>
          <reference href="https://www.nerc.com/standards/reliability-standards/cip">CIP-007-3 R2.2</reference>
          <reference href="https://www.nerc.com/standards/reliability-standards/cip">CIP-007-3 R2.3</reference>
          <reference href="https://www.nerc.com/standards/reliability-standards/cip">CIP-007-3 R5.1</reference>
          <reference href="https://www.nerc.com/standards/reliability-standards/cip">CIP-007-3 R5.1.1</reference>
          <reference href="https://www.nerc.com/standards/reliability-standards/cip">CIP-007-3 R5.1.2</reference>
          <reference href="http://nvlpubs.nist.gov/nistpubs/SpecialPublications/NIST.SP.800-53r4.pdf">CM-6(a)</reference>
          <reference href="http://nvlpubs.nist.gov/nistpubs/SpecialPublications/NIST.SP.800-53r4.pdf">AC-17(a)</reference>
          <reference href="http://nvlpubs.nist.gov/nistpubs/SpecialPublications/NIST.SP.800-53r4.pdf">AC-6</reference>
          <reference href="https://nvlpubs.nist.gov/nistpubs/CSWP/NIST.CSWP.04162018.pdf">PR.AC-4</reference>
          <reference href="https://nvlpubs.nist.gov/nistpubs/CSWP/NIST.CSWP.04162018.pdf">PR.DS-5</reference>
          <reference href="https://www.cyber.mil/stigs/downloads/?_dl_facet_stigs=operating-systems%2Cgeneral-purpose-os">SRG-OS-000480-GPOS-00227</reference>
          <reference href="https://www.cyber.mil/stigs/downloads/?_dl_facet_stigs=operating-systems%2Cunix-linux">SLES-15-040270</reference>
          <rationale xmlns:xhtml="http://www.w3.org/1999/xhtml" xml:lang="en-US">SSH daemon privilege separation causes the SSH process to drop root privileges
when not needed which would decrease the impact of software vulnerabilities in
the unprivileged section.</rationale>
          <ident system="https://ncp.nist.gov/cce">CCE-85646-8</ident>
          <fix xmlns:xhtml="http://www.w3.org/1999/xhtml" id="sshd_use_priv_separation" system="urn:xccdf:fix:script:sh" complexity="low" disruption="low" strategy="restrict"># Remediation is applicable only in certain platforms
if rpm --quiet -q kernel-default || rpm --quiet -q kernel-default-base; then

var_sshd_priv_separation='<xccdf-1.2:sub xmlns:xccdf-1.2="http://checklists.nist.gov/xccdf/1.2" idref="xccdf_org.ssgproject.content_value_var_sshd_priv_separation" use="legacy"/>'


if [ -e "/etc/ssh/sshd_config" ] ; then
    
    LC_ALL=C sed -i "/^\s*UsePrivilegeSeparation\s\+/Id" "/etc/ssh/sshd_config"
else
    touch "/etc/ssh/sshd_config"
fi
# make sure file has newline at the end
sed -i -e '$a\' "/etc/ssh/sshd_config"

cp "/etc/ssh/sshd_config" "/etc/ssh/sshd_config.bak"
# Insert at the beginning of the file
printf '%s\n' "UsePrivilegeSeparation $var_sshd_priv_separation" &gt; "/etc/ssh/sshd_config"
cat "/etc/ssh/sshd_config.bak" &gt;&gt; "/etc/ssh/sshd_config"
# Clean up after ourselves.
rm "/etc/ssh/sshd_config.bak"

else
    &gt;&amp;2 echo 'Remediation is not applicable, nothing was done'
fi
</fix>
          <fix xmlns:xhtml="http://www.w3.org/1999/xhtml" id="sshd_use_priv_separation" system="urn:xccdf:fix:script:ansible" complexity="low" disruption="low" strategy="restrict">- name: Gather the package facts
  package_facts:
    manager: auto
  tags:
  - CCE-85646-8
  - DISA-STIG-SLES-15-040270
  - NIST-800-171-3.1.12
  - NIST-800-53-AC-17(a)
  - NIST-800-53-AC-6
  - NIST-800-53-CM-6(a)
  - low_complexity
  - low_disruption
  - medium_severity
  - no_reboot_needed
  - restrict_strategy
  - sshd_use_priv_separation
- name: XCCDF Value var_sshd_priv_separation # promote to variable
  set_fact:
    var_sshd_priv_separation: !!str <xccdf-1.2:sub xmlns:xccdf-1.2="http://checklists.nist.gov/xccdf/1.2" idref="xccdf_org.ssgproject.content_value_var_sshd_priv_separation" use="legacy"/>
  tags:
    - always

- name: Enable Use of Privilege Separation
  block:

  - name: Check for duplicate values
    ansible.builtin.lineinfile:
      path: /etc/ssh/sshd_config
      create: true
      regexp: (?i)(?i)^\s*UsePrivilegeSeparation\s+
      state: absent
    check_mode: true
    changed_when: false
    register: dupes

  - name: Deduplicate values from /etc/ssh/sshd_config
    ansible.builtin.lineinfile:
      path: /etc/ssh/sshd_config
      create: true
      regexp: (?i)(?i)^\s*UsePrivilegeSeparation\s+
      state: absent
    when: dupes.found is defined and dupes.found &gt; 1

  - name: Insert correct line to /etc/ssh/sshd_config
    ansible.builtin.lineinfile:
      path: /etc/ssh/sshd_config
      create: true
      regexp: (?i)(?i)^\s*UsePrivilegeSeparation\s+
      line: UsePrivilegeSeparation {{ var_sshd_priv_separation }}
      state: present
      insertbefore: BOF
      validate: /usr/sbin/sshd -t -f %s
  when: ("kernel-default" in ansible_facts.packages or "kernel-default-base" in ansible_facts.packages)
  tags:
  - CCE-85646-8
  - DISA-STIG-SLES-15-040270
  - NIST-800-171-3.1.12
  - NIST-800-53-AC-17(a)
  - NIST-800-53-AC-6
  - NIST-800-53-CM-6(a)
  - low_complexity
  - low_disruption
  - medium_severity
  - no_reboot_needed
  - restrict_strategy
  - sshd_use_priv_separation
</fix>
          <check system="http://oval.mitre.org/XMLSchema/oval-definitions-5">
            <check-export export-name="oval:ssg-var_sshd_priv_separation:var:1" value-id="xccdf_org.ssgproject.content_value_var_sshd_priv_separation"/>
            <check-export export-name="oval:ssg-sshd_required:var:1" value-id="xccdf_org.ssgproject.content_value_sshd_required"/>
            <check-content-ref name="oval:ssg-sshd_use_priv_separation:def:1" href="ssg-sle15-oval.xml"/>
          </check>
          <check system="http://scap.nist.gov/schema/ocil/2">
            <check-content-ref name="ocil:ssg-sshd_use_priv_separation_ocil:questionnaire:1" href="ssg-sle15-ocil.xml"/>
          </check>
        </Rule>
        <Rule id="xccdf_org.ssgproject.content_rule_sshd_use_strong_ciphers" selected="false" role="full" severity="medium">
          <title xmlns:xhtml="http://www.w3.org/1999/xhtml" xml:lang="en-US">Use Only Strong Ciphers</title>
          <description xmlns:xhtml="http://www.w3.org/1999/xhtml" xml:lang="en-US">Limit the ciphers to strong algorithms.
Counter (CTR) mode is also preferred over cipher-block chaining (CBC) mode.
The following line in <html:code xmlns:html="http://www.w3.org/1999/xhtml">/etc/ssh/sshd_config</html:code>
demonstrates use of those ciphers:
<html:pre xmlns:html="http://www.w3.org/1999/xhtml">Ciphers chacha20-poly1305@openssh.com,aes256-gcm@openssh.com,aes128-gcm@openssh.com,aes256-ctr,aes192-ctr,aes128-ctr</html:pre>
The man page <html:code xmlns:html="http://www.w3.org/1999/xhtml">sshd_config(5)</html:code> contains a list of supported ciphers.</description>
          <reference href="https://www.cisecurity.org/benchmark/suse_linux/">5.2.13</reference>
          <reference href="not_publicly_available">SLES-15-600150060</reference>
          <rationale xmlns:xhtml="http://www.w3.org/1999/xhtml" xml:lang="en-US">Based on research conducted at various institutions, it was determined that the symmetric
portion of the SSH Transport Protocol (as described in RFC 4253) has security weaknesses
that allowed recovery of up to 32 bits of plaintext from a block of ciphertext that was
encrypted with the Cipher Block Chaining (CBD) method. From that research, new Counter
mode algorithms (as described in RFC4344) were designed that are not vulnerable to these
types of attacks and these algorithms are now recommended for standard use.</rationale>
          <ident system="https://ncp.nist.gov/cce">CCE-91395-4</ident>
          <fix xmlns:xhtml="http://www.w3.org/1999/xhtml" id="sshd_use_strong_ciphers" system="urn:xccdf:fix:script:sh"># Remediation is applicable only in certain platforms
if rpm --quiet -q kernel-default || rpm --quiet -q kernel-default-base; then

if [ -e "/etc/ssh/sshd_config" ] ; then
    
    LC_ALL=C sed -i "/^\s*Ciphers\s\+/Id" "/etc/ssh/sshd_config"
else
    touch "/etc/ssh/sshd_config"
fi
# make sure file has newline at the end
sed -i -e '$a\' "/etc/ssh/sshd_config"

cp "/etc/ssh/sshd_config" "/etc/ssh/sshd_config.bak"
# Insert at the beginning of the file
printf '%s\n' "Ciphers aes128-ctr,aes192-ctr,aes256-ctr,chacha20-poly1305@openssh.com,aes256-gcm@openssh.com,aes128-gcm@openssh.com" &gt; "/etc/ssh/sshd_config"
cat "/etc/ssh/sshd_config.bak" &gt;&gt; "/etc/ssh/sshd_config"
# Clean up after ourselves.
rm "/etc/ssh/sshd_config.bak"

else
    &gt;&amp;2 echo 'Remediation is not applicable, nothing was done'
fi
</fix>
          <check system="http://oval.mitre.org/XMLSchema/oval-definitions-5">
            <check-export export-name="oval:ssg-sshd_required:var:1" value-id="xccdf_org.ssgproject.content_value_sshd_required"/>
            <check-content-ref name="oval:ssg-sshd_use_strong_ciphers:def:1" href="ssg-sle15-oval.xml"/>
          </check>
          <check system="http://scap.nist.gov/schema/ocil/2">
            <check-content-ref name="ocil:ssg-sshd_use_strong_ciphers_ocil:questionnaire:1" href="ssg-sle15-ocil.xml"/>
          </check>
        </Rule>
        <Rule id="xccdf_org.ssgproject.content_rule_sshd_use_strong_kex" selected="false" role="full" severity="medium">
          <title xmlns:xhtml="http://www.w3.org/1999/xhtml" xml:lang="en-US">Use Only Strong Key Exchange algorithms</title>
          <description xmlns:xhtml="http://www.w3.org/1999/xhtml" xml:lang="en-US">Limit the Key Exchange to strong algorithms.
The following line in <html:code xmlns:html="http://www.w3.org/1999/xhtml">/etc/ssh/sshd_config</html:code> demonstrates use
of those:
<html:pre xmlns:html="http://www.w3.org/1999/xhtml" xmlns:xccdf-1.2="http://checklists.nist.gov/xccdf/1.2">KexAlgorithms <xccdf-1.2:sub idref="xccdf_org.ssgproject.content_value_sshd_strong_kex" use="legacy"/>
        </html:pre>
       </description>
          <reference href="https://www.pcisecuritystandards.org/documents/PCI_DSS_v3-2-1.pdf">Req-2.3</reference>
          <reference href="https://www.cisecurity.org/benchmark/suse_linux/">5.2.15</reference>
          <reference href="not_publicly_available">SLES-15-600150075</reference>
          <reference href="https://docs-prv.pcisecuritystandards.org/PCI%20DSS/Standard/PCI-DSS-v4_0.pdf">2.2.7</reference>
          <reference href="https://docs-prv.pcisecuritystandards.org/PCI%20DSS/Standard/PCI-DSS-v4_0.pdf">2.2</reference>
          <rationale xmlns:xhtml="http://www.w3.org/1999/xhtml" xml:lang="en-US">Key exchange is any method in cryptography by which cryptographic keys are exchanged
between two parties, allowing use of a cryptographic algorithm. If the sender and receiver
wish to exchange encrypted messages, each must be equipped to encrypt messages to be
sent and decrypt messages received</rationale>
          <ident system="https://ncp.nist.gov/cce">CCE-92626-1</ident>
          <fix xmlns:xhtml="http://www.w3.org/1999/xhtml" id="sshd_use_strong_kex" system="urn:xccdf:fix:script:sh" complexity="low" disruption="low" strategy="restrict"># Remediation is applicable only in certain platforms
if rpm --quiet -q kernel-default || rpm --quiet -q kernel-default-base; then

sshd_strong_kex='<xccdf-1.2:sub xmlns:xccdf-1.2="http://checklists.nist.gov/xccdf/1.2" idref="xccdf_org.ssgproject.content_value_sshd_strong_kex" use="legacy"/>'



if [ -e "/etc/ssh/sshd_config" ] ; then
    
    LC_ALL=C sed -i "/^\s*KexAlgorithms\s\+/Id" "/etc/ssh/sshd_config"
else
    touch "/etc/ssh/sshd_config"
fi
# make sure file has newline at the end
sed -i -e '$a\' "/etc/ssh/sshd_config"

cp "/etc/ssh/sshd_config" "/etc/ssh/sshd_config.bak"
# Insert at the beginning of the file
printf '%s\n' "KexAlgorithms $sshd_strong_kex" &gt; "/etc/ssh/sshd_config"
cat "/etc/ssh/sshd_config.bak" &gt;&gt; "/etc/ssh/sshd_config"
# Clean up after ourselves.
rm "/etc/ssh/sshd_config.bak"

else
    &gt;&amp;2 echo 'Remediation is not applicable, nothing was done'
fi
</fix>
          <fix xmlns:xhtml="http://www.w3.org/1999/xhtml" id="sshd_use_strong_kex" system="urn:xccdf:fix:script:ansible" complexity="low" disruption="low" strategy="restrict">- name: Gather the package facts
  package_facts:
    manager: auto
  tags:
  - CCE-92626-1
  - PCI-DSS-Req-2.3
  - PCI-DSSv4-2.2
  - PCI-DSSv4-2.2.7
  - low_complexity
  - low_disruption
  - medium_severity
  - no_reboot_needed
  - restrict_strategy
  - sshd_use_strong_kex
- name: XCCDF Value sshd_strong_kex # promote to variable
  set_fact:
    sshd_strong_kex: !!str <xccdf-1.2:sub xmlns:xccdf-1.2="http://checklists.nist.gov/xccdf/1.2" idref="xccdf_org.ssgproject.content_value_sshd_strong_kex" use="legacy"/>
  tags:
    - always

- name: Use Only Strong Key Exchange algorithms
  block:

  - name: Check for duplicate values
    ansible.builtin.lineinfile:
      path: /etc/ssh/sshd_config
      create: true
      regexp: (?i)(?i)^\s*KexAlgorithms\s+
      state: absent
    check_mode: true
    changed_when: false
    register: dupes

  - name: Deduplicate values from /etc/ssh/sshd_config
    ansible.builtin.lineinfile:
      path: /etc/ssh/sshd_config
      create: true
      regexp: (?i)(?i)^\s*KexAlgorithms\s+
      state: absent
    when: dupes.found is defined and dupes.found &gt; 1

  - name: Insert correct line to /etc/ssh/sshd_config
    ansible.builtin.lineinfile:
      path: /etc/ssh/sshd_config
      create: true
      regexp: (?i)(?i)^\s*KexAlgorithms\s+
      line: KexAlgorithms {{ sshd_strong_kex }}
      state: present
      insertbefore: BOF
      validate: /usr/sbin/sshd -t -f %s
  when: ("kernel-default" in ansible_facts.packages or "kernel-default-base" in ansible_facts.packages)
  tags:
  - CCE-92626-1
  - PCI-DSS-Req-2.3
  - PCI-DSSv4-2.2
  - PCI-DSSv4-2.2.7
  - low_complexity
  - low_disruption
  - medium_severity
  - no_reboot_needed
  - restrict_strategy
  - sshd_use_strong_kex
</fix>
          <check system="http://oval.mitre.org/XMLSchema/oval-definitions-5">
            <check-export export-name="oval:ssg-sshd_strong_kex:var:1" value-id="xccdf_org.ssgproject.content_value_sshd_strong_kex"/>
            <check-export export-name="oval:ssg-sshd_required:var:1" value-id="xccdf_org.ssgproject.content_value_sshd_required"/>
            <check-content-ref name="oval:ssg-sshd_use_strong_kex:def:1" href="ssg-sle15-oval.xml"/>
          </check>
          <check system="http://scap.nist.gov/schema/ocil/2">
            <check-content-ref name="ocil:ssg-sshd_use_strong_kex_ocil:questionnaire:1" href="ssg-sle15-ocil.xml"/>
          </check>
        </Rule>
        <Rule id="xccdf_org.ssgproject.content_rule_sshd_use_strong_macs" selected="false" role="full" severity="medium">
          <title xmlns:xhtml="http://www.w3.org/1999/xhtml" xml:lang="en-US">Use Only Strong MACs</title>
          <description xmlns:xhtml="http://www.w3.org/1999/xhtml" xml:lang="en-US">Limit the MACs to strong hash algorithms.
The following line in <html:code xmlns:html="http://www.w3.org/1999/xhtml">/etc/ssh/sshd_config</html:code> demonstrates use
of those MACs:
<html:pre xmlns:html="http://www.w3.org/1999/xhtml" xmlns:xccdf-1.2="http://checklists.nist.gov/xccdf/1.2">MACs <xccdf-1.2:sub idref="xccdf_org.ssgproject.content_value_sshd_strong_macs" use="legacy"/>
        </html:pre>
       </description>
          <reference href="http://nvlpubs.nist.gov/nistpubs/SpecialPublications/NIST.SP.800-53r4.pdf">AC-17 (2)</reference>
          <reference href="https://www.cyber.mil/stigs/downloads/?_dl_facet_stigs=operating-systems%2Cgeneral-purpose-os">SRG-OS-000250-GPOS-00093</reference>
          <reference href="https://www.cisecurity.org/benchmark/suse_linux/">5.2.14</reference>
          <reference href="not_publicly_available">SLES-15-600150090</reference>
          <rationale xmlns:xhtml="http://www.w3.org/1999/xhtml" xml:lang="en-US">MD5 and 96-bit MAC algorithms are considered weak and have been shown to increase
exploitability in SSH downgrade attacks. Weak algorithms continue to have a great deal of
attention as a weak spot that can be exploited with expanded computing power. An
attacker that breaks the algorithm could take advantage of a MiTM position to decrypt the
SSH tunnel and capture credentials and information</rationale>
          <ident system="https://ncp.nist.gov/cce">CCE-91396-2</ident>
          <fix xmlns:xhtml="http://www.w3.org/1999/xhtml" id="sshd_use_strong_macs" system="urn:xccdf:fix:script:sh"># Remediation is applicable only in certain platforms
if rpm --quiet -q kernel-default || rpm --quiet -q kernel-default-base; then

sshd_strong_macs='<xccdf-1.2:sub xmlns:xccdf-1.2="http://checklists.nist.gov/xccdf/1.2" idref="xccdf_org.ssgproject.content_value_sshd_strong_macs" use="legacy"/>'



if [ -e "/etc/ssh/sshd_config" ] ; then
    
    LC_ALL=C sed -i "/^\s*MACs\s\+/Id" "/etc/ssh/sshd_config"
else
    touch "/etc/ssh/sshd_config"
fi
# make sure file has newline at the end
sed -i -e '$a\' "/etc/ssh/sshd_config"

cp "/etc/ssh/sshd_config" "/etc/ssh/sshd_config.bak"
# Insert at the beginning of the file
printf '%s\n' "MACs $sshd_strong_macs" &gt; "/etc/ssh/sshd_config"
cat "/etc/ssh/sshd_config.bak" &gt;&gt; "/etc/ssh/sshd_config"
# Clean up after ourselves.
rm "/etc/ssh/sshd_config.bak"

else
    &gt;&amp;2 echo 'Remediation is not applicable, nothing was done'
fi
</fix>
          <fix xmlns:xhtml="http://www.w3.org/1999/xhtml" id="sshd_use_strong_macs" system="urn:xccdf:fix:script:ansible" complexity="low" disruption="low" strategy="restrict">- name: Gather the package facts
  package_facts:
    manager: auto
  tags:
  - CCE-91396-2
  - NIST-800-53-AC-17 (2)
  - low_complexity
  - low_disruption
  - medium_severity
  - no_reboot_needed
  - restrict_strategy
  - sshd_use_strong_macs
- name: XCCDF Value sshd_strong_macs # promote to variable
  set_fact:
    sshd_strong_macs: !!str <xccdf-1.2:sub xmlns:xccdf-1.2="http://checklists.nist.gov/xccdf/1.2" idref="xccdf_org.ssgproject.content_value_sshd_strong_macs" use="legacy"/>
  tags:
    - always

- name: Use Only Strong MACs
  block:

  - name: Check for duplicate values
    ansible.builtin.lineinfile:
      path: /etc/ssh/sshd_config
      create: true
      regexp: (?i)(?i)^\s*MACs\s+
      state: absent
    check_mode: true
    changed_when: false
    register: dupes

  - name: Deduplicate values from /etc/ssh/sshd_config
    ansible.builtin.lineinfile:
      path: /etc/ssh/sshd_config
      create: true
      regexp: (?i)(?i)^\s*MACs\s+
      state: absent
    when: dupes.found is defined and dupes.found &gt; 1

  - name: Insert correct line to /etc/ssh/sshd_config
    ansible.builtin.lineinfile:
      path: /etc/ssh/sshd_config
      create: true
      regexp: (?i)(?i)^\s*MACs\s+
      line: MACs {{ sshd_strong_macs }}
      state: present
      insertbefore: BOF
      validate: /usr/sbin/sshd -t -f %s
  when: ("kernel-default" in ansible_facts.packages or "kernel-default-base" in ansible_facts.packages)
  tags:
  - CCE-91396-2
  - NIST-800-53-AC-17 (2)
  - low_complexity
  - low_disruption
  - medium_severity
  - no_reboot_needed
  - restrict_strategy
  - sshd_use_strong_macs
</fix>
          <check system="http://oval.mitre.org/XMLSchema/oval-definitions-5">
            <check-export export-name="oval:ssg-sshd_strong_macs:var:1" value-id="xccdf_org.ssgproject.content_value_sshd_strong_macs"/>
            <check-export export-name="oval:ssg-sshd_required:var:1" value-id="xccdf_org.ssgproject.content_value_sshd_required"/>
            <check-content-ref name="oval:ssg-sshd_use_strong_macs:def:1" href="ssg-sle15-oval.xml"/>
          </check>
          <check system="http://scap.nist.gov/schema/ocil/2">
            <check-content-ref name="ocil:ssg-sshd_use_strong_macs_ocil:questionnaire:1" href="ssg-sle15-ocil.xml"/>
          </check>
        </Rule>
      </Group>
    </Group>
    <Group id="xccdf_org.ssgproject.content_group_sssd">
      <title xmlns:xhtml="http://www.w3.org/1999/xhtml" xml:lang="en-US">System Security Services Daemon</title>
      <description xmlns:xhtml="http://www.w3.org/1999/xhtml" xml:lang="en-US">The System Security Services Daemon (SSSD) is a system daemon that provides access
to different identity and authentication providers such as Red Hat's IdM, Microsoft's AD,
openLDAP, MIT Kerberos, etc. It uses a common framework that can provide caching and offline
support to systems utilizing SSSD. SSSD using caching to reduce load on authentication
servers permit offline authentication as well as store extended user data.
<html:br xmlns:html="http://www.w3.org/1999/xhtml"/>
      <html:br xmlns:html="http://www.w3.org/1999/xhtml"/>
For more information, see</description>
      <platform idref="#package_sssd"/>
      <Value id="xccdf_org.ssgproject.content_value_var_sssd_memcache_timeout" type="number">
        <title xmlns:xhtml="http://www.w3.org/1999/xhtml" xml:lang="en-US">SSSD memcache_timeout option</title>
        <description xmlns:xhtml="http://www.w3.org/1999/xhtml" xml:lang="en-US">Value of the memcache_timeout option in the [nss] section
of SSSD config /etc/sssd/sssd.conf.</description>
        <value selector="3_minutes">180</value>
        <value selector="5_minutes">300</value>
        <value selector="10_minutes">600</value>
        <value selector="15_minutes">900</value>
        <value selector="30_minutes">1800</value>
        <value selector="1_day">86400</value>
        <value>300</value>
      </Value>
      <Rule id="xccdf_org.ssgproject.content_rule_package_sssd_installed" selected="false" role="full" severity="medium">
        <title xmlns:xhtml="http://www.w3.org/1999/xhtml" xml:lang="en-US">Install the SSSD Package</title>
        <description xmlns:xhtml="http://www.w3.org/1999/xhtml" xml:lang="en-US">The <html:code xmlns:html="http://www.w3.org/1999/xhtml">sssd</html:code> package should be installed.
The <html:code xmlns:html="http://www.w3.org/1999/xhtml">sssd</html:code> package can be installed with the following command:
<html:pre xmlns:html="http://www.w3.org/1999/xhtml">
$ sudo zypper install sssd</html:pre>
      </description>
        <reference href="https://www.cisecurity.org/controls/">1</reference>
        <reference href="https://www.cisecurity.org/controls/">12</reference>
        <reference href="https://www.cisecurity.org/controls/">15</reference>
        <reference href="https://www.cisecurity.org/controls/">16</reference>
        <reference href="https://www.cisecurity.org/controls/">5</reference>
        <reference href="https://www.isaca.org/resources/cobit">DSS05.04</reference>
        <reference href="https://www.isaca.org/resources/cobit">DSS05.05</reference>
        <reference href="https://www.isaca.org/resources/cobit">DSS05.07</reference>
        <reference href="https://www.isaca.org/resources/cobit">DSS05.10</reference>
        <reference href="https://www.isaca.org/resources/cobit">DSS06.03</reference>
        <reference href="https://www.isaca.org/resources/cobit">DSS06.10</reference>
        <reference href="https://www.isa.org/products/isa-62443-2-1-2009-security-for-industrial-automat">4.3.3.2.2</reference>
        <reference href="https://www.isa.org/products/isa-62443-2-1-2009-security-for-industrial-automat">4.3.3.5.1</reference>
        <reference href="https://www.isa.org/products/isa-62443-2-1-2009-security-for-industrial-automat">4.3.3.5.2</reference>
        <reference href="https://www.isa.org/products/isa-62443-2-1-2009-security-for-industrial-automat">4.3.3.6.1</reference>
        <reference href="https://www.isa.org/products/isa-62443-2-1-2009-security-for-industrial-automat">4.3.3.6.2</reference>
        <reference href="https://www.isa.org/products/isa-62443-2-1-2009-security-for-industrial-automat">4.3.3.6.3</reference>
        <reference href="https://www.isa.org/products/isa-62443-2-1-2009-security-for-industrial-automat">4.3.3.6.4</reference>
        <reference href="https://www.isa.org/products/isa-62443-2-1-2009-security-for-industrial-automat">4.3.3.6.5</reference>
        <reference href="https://www.isa.org/products/isa-62443-2-1-2009-security-for-industrial-automat">4.3.3.6.6</reference>
        <reference href="https://www.isa.org/products/isa-62443-2-1-2009-security-for-industrial-automat">4.3.3.6.7</reference>
        <reference href="https://www.isa.org/products/isa-62443-2-1-2009-security-for-industrial-automat">4.3.3.6.8</reference>
        <reference href="https://www.isa.org/products/isa-62443-2-1-2009-security-for-industrial-automat">4.3.3.6.9</reference>
        <reference href="https://www.isa.org/products/isa-62443-2-1-2009-security-for-industrial-automat">4.3.3.7.2</reference>
        <reference href="https://www.isa.org/products/isa-62443-2-1-2009-security-for-industrial-automat">4.3.3.7.4</reference>
        <reference href="https://www.isa.org/products/ansi-isa-62443-3-3-99-03-03-2013-security-for-indu">SR 1.1</reference>
        <reference href="https://www.isa.org/products/ansi-isa-62443-3-3-99-03-03-2013-security-for-indu">SR 1.10</reference>
        <reference href="https://www.isa.org/products/ansi-isa-62443-3-3-99-03-03-2013-security-for-indu">SR 1.2</reference>
        <reference href="https://www.isa.org/products/ansi-isa-62443-3-3-99-03-03-2013-security-for-indu">SR 1.3</reference>
        <reference href="https://www.isa.org/products/ansi-isa-62443-3-3-99-03-03-2013-security-for-indu">SR 1.4</reference>
        <reference href="https://www.isa.org/products/ansi-isa-62443-3-3-99-03-03-2013-security-for-indu">SR 1.5</reference>
        <reference href="https://www.isa.org/products/ansi-isa-62443-3-3-99-03-03-2013-security-for-indu">SR 1.7</reference>
        <reference href="https://www.isa.org/products/ansi-isa-62443-3-3-99-03-03-2013-security-for-indu">SR 1.8</reference>
        <reference href="https://www.isa.org/products/ansi-isa-62443-3-3-99-03-03-2013-security-for-indu">SR 1.9</reference>
        <reference href="https://www.isa.org/products/ansi-isa-62443-3-3-99-03-03-2013-security-for-indu">SR 2.1</reference>
        <reference href="https://www.iso.org/contents/data/standard/05/45/54534.html">A.18.1.4</reference>
        <reference href="https://www.iso.org/contents/data/standard/05/45/54534.html">A.7.1.1</reference>
        <reference href="https://www.iso.org/contents/data/standard/05/45/54534.html">A.9.2.1</reference>
        <reference href="https://www.iso.org/contents/data/standard/05/45/54534.html">A.9.2.2</reference>
        <reference href="https://www.iso.org/contents/data/standard/05/45/54534.html">A.9.2.3</reference>
        <reference href="https://www.iso.org/contents/data/standard/05/45/54534.html">A.9.2.4</reference>
        <reference href="https://www.iso.org/contents/data/standard/05/45/54534.html">A.9.2.6</reference>
        <reference href="https://www.iso.org/contents/data/standard/05/45/54534.html">A.9.3.1</reference>
        <reference href="https://www.iso.org/contents/data/standard/05/45/54534.html">A.9.4.2</reference>
        <reference href="https://www.iso.org/contents/data/standard/05/45/54534.html">A.9.4.3</reference>
        <reference href="http://nvlpubs.nist.gov/nistpubs/SpecialPublications/NIST.SP.800-53r4.pdf">CM-6(a)</reference>
        <reference href="https://nvlpubs.nist.gov/nistpubs/CSWP/NIST.CSWP.04162018.pdf">PR.AC-1</reference>
        <reference href="https://nvlpubs.nist.gov/nistpubs/CSWP/NIST.CSWP.04162018.pdf">PR.AC-6</reference>
        <reference href="https://nvlpubs.nist.gov/nistpubs/CSWP/NIST.CSWP.04162018.pdf">PR.AC-7</reference>
        <reference href="https://www.cyber.mil/stigs/downloads/?_dl_facet_stigs=operating-systems%2Cgeneral-purpose-os">SRG-OS-000375-GPOS-00160</reference>
        <reference href="https://cyber.gouv.fr/sites/default/files/document/linux_configuration-en-v2.pdf">R67</reference>
        <rationale xmlns:xhtml="http://www.w3.org/1999/xhtml" xml:lang="en-US"/>
        <fix xmlns:xhtml="http://www.w3.org/1999/xhtml" id="package_sssd_installed" system="urn:xccdf:fix:script:puppet" complexity="low" disruption="low" strategy="enable">include install_sssd

class install_sssd {
  package { 'sssd':
    ensure =&gt; 'installed',
  }
}
</fix>
        <fix xmlns:xhtml="http://www.w3.org/1999/xhtml" id="package_sssd_installed" system="urn:xccdf:fix:script:sh" complexity="low" disruption="low" strategy="enable"># Remediation is applicable only in certain platforms
if rpm --quiet -q sssd; then

zypper install -y "sssd"

else
    &gt;&amp;2 echo 'Remediation is not applicable, nothing was done'
fi
</fix>
        <fix xmlns:xhtml="http://www.w3.org/1999/xhtml" id="package_sssd_installed" system="urn:redhat:osbuild:blueprint">
[[packages]]
name = "sssd"
version = "*"
</fix>
        <fix xmlns:xhtml="http://www.w3.org/1999/xhtml" id="package_sssd_installed" system="urn:xccdf:fix:script:ansible" complexity="low" disruption="low" strategy="enable">- name: Gather the package facts
  package_facts:
    manager: auto
  tags:
  - NIST-800-53-CM-6(a)
  - enable_strategy
  - low_complexity
  - low_disruption
  - medium_severity
  - no_reboot_needed
  - package_sssd_installed

- name: Ensure sssd is installed
  ansible.builtin.package:
    name: sssd
    state: present
  when: '"sssd" in ansible_facts.packages'
  tags:
  - NIST-800-53-CM-6(a)
  - enable_strategy
  - low_complexity
  - low_disruption
  - medium_severity
  - no_reboot_needed
  - package_sssd_installed
</fix>
        <check system="http://oval.mitre.org/XMLSchema/oval-definitions-5">
          <check-content-ref name="oval:ssg-package_sssd_installed:def:1" href="ssg-sle15-oval.xml"/>
        </check>
        <check system="http://scap.nist.gov/schema/ocil/2">
          <check-content-ref name="ocil:ssg-package_sssd_installed_ocil:questionnaire:1" href="ssg-sle15-ocil.xml"/>
        </check>
      </Rule>
      <Rule id="xccdf_org.ssgproject.content_rule_service_sssd_enabled" selected="false" role="full" severity="medium">
        <title xmlns:xhtml="http://www.w3.org/1999/xhtml" xml:lang="en-US">Enable the SSSD Service</title>
        <description xmlns:xhtml="http://www.w3.org/1999/xhtml" xml:lang="en-US">The SSSD service should be enabled.

The <html:code xmlns:html="http://www.w3.org/1999/xhtml">sssd</html:code> service can be enabled with the following command:
<html:pre xmlns:html="http://www.w3.org/1999/xhtml">$ sudo systemctl enable sssd.service</html:pre>
      </description>
        <warning xmlns:xhtml="http://www.w3.org/1999/xhtml" xml:lang="en-US" category="general">The service requires a valid sssd configuration. If the configuration is not present, the service will fail to start and consequently this rule will be reported as failing. The configuration shipped in your distribution package might not be sufficient. Manual modification of configuration files might be required.</warning>
        <reference href="https://www.cisecurity.org/controls/">1</reference>
        <reference href="https://www.cisecurity.org/controls/">12</reference>
        <reference href="https://www.cisecurity.org/controls/">15</reference>
        <reference href="https://www.cisecurity.org/controls/">16</reference>
        <reference href="https://www.cisecurity.org/controls/">5</reference>
        <reference href="https://www.isaca.org/resources/cobit">DSS05.04</reference>
        <reference href="https://www.isaca.org/resources/cobit">DSS05.05</reference>
        <reference href="https://www.isaca.org/resources/cobit">DSS05.07</reference>
        <reference href="https://www.isaca.org/resources/cobit">DSS05.10</reference>
        <reference href="https://www.isaca.org/resources/cobit">DSS06.03</reference>
        <reference href="https://www.isaca.org/resources/cobit">DSS06.10</reference>
        <reference href="https://www.isa.org/products/isa-62443-2-1-2009-security-for-industrial-automat">4.3.3.2.2</reference>
        <reference href="https://www.isa.org/products/isa-62443-2-1-2009-security-for-industrial-automat">4.3.3.5.1</reference>
        <reference href="https://www.isa.org/products/isa-62443-2-1-2009-security-for-industrial-automat">4.3.3.5.2</reference>
        <reference href="https://www.isa.org/products/isa-62443-2-1-2009-security-for-industrial-automat">4.3.3.6.1</reference>
        <reference href="https://www.isa.org/products/isa-62443-2-1-2009-security-for-industrial-automat">4.3.3.6.2</reference>
        <reference href="https://www.isa.org/products/isa-62443-2-1-2009-security-for-industrial-automat">4.3.3.6.3</reference>
        <reference href="https://www.isa.org/products/isa-62443-2-1-2009-security-for-industrial-automat">4.3.3.6.4</reference>
        <reference href="https://www.isa.org/products/isa-62443-2-1-2009-security-for-industrial-automat">4.3.3.6.5</reference>
        <reference href="https://www.isa.org/products/isa-62443-2-1-2009-security-for-industrial-automat">4.3.3.6.6</reference>
        <reference href="https://www.isa.org/products/isa-62443-2-1-2009-security-for-industrial-automat">4.3.3.6.7</reference>
        <reference href="https://www.isa.org/products/isa-62443-2-1-2009-security-for-industrial-automat">4.3.3.6.8</reference>
        <reference href="https://www.isa.org/products/isa-62443-2-1-2009-security-for-industrial-automat">4.3.3.6.9</reference>
        <reference href="https://www.isa.org/products/isa-62443-2-1-2009-security-for-industrial-automat">4.3.3.7.2</reference>
        <reference href="https://www.isa.org/products/isa-62443-2-1-2009-security-for-industrial-automat">4.3.3.7.4</reference>
        <reference href="https://www.isa.org/products/ansi-isa-62443-3-3-99-03-03-2013-security-for-indu">SR 1.1</reference>
        <reference href="https://www.isa.org/products/ansi-isa-62443-3-3-99-03-03-2013-security-for-indu">SR 1.10</reference>
        <reference href="https://www.isa.org/products/ansi-isa-62443-3-3-99-03-03-2013-security-for-indu">SR 1.2</reference>
        <reference href="https://www.isa.org/products/ansi-isa-62443-3-3-99-03-03-2013-security-for-indu">SR 1.3</reference>
        <reference href="https://www.isa.org/products/ansi-isa-62443-3-3-99-03-03-2013-security-for-indu">SR 1.4</reference>
        <reference href="https://www.isa.org/products/ansi-isa-62443-3-3-99-03-03-2013-security-for-indu">SR 1.5</reference>
        <reference href="https://www.isa.org/products/ansi-isa-62443-3-3-99-03-03-2013-security-for-indu">SR 1.7</reference>
        <reference href="https://www.isa.org/products/ansi-isa-62443-3-3-99-03-03-2013-security-for-indu">SR 1.8</reference>
        <reference href="https://www.isa.org/products/ansi-isa-62443-3-3-99-03-03-2013-security-for-indu">SR 1.9</reference>
        <reference href="https://www.isa.org/products/ansi-isa-62443-3-3-99-03-03-2013-security-for-indu">SR 2.1</reference>
        <reference href="https://www.iso.org/contents/data/standard/05/45/54534.html">A.18.1.4</reference>
        <reference href="https://www.iso.org/contents/data/standard/05/45/54534.html">A.7.1.1</reference>
        <reference href="https://www.iso.org/contents/data/standard/05/45/54534.html">A.9.2.1</reference>
        <reference href="https://www.iso.org/contents/data/standard/05/45/54534.html">A.9.2.2</reference>
        <reference href="https://www.iso.org/contents/data/standard/05/45/54534.html">A.9.2.3</reference>
        <reference href="https://www.iso.org/contents/data/standard/05/45/54534.html">A.9.2.4</reference>
        <reference href="https://www.iso.org/contents/data/standard/05/45/54534.html">A.9.2.6</reference>
        <reference href="https://www.iso.org/contents/data/standard/05/45/54534.html">A.9.3.1</reference>
        <reference href="https://www.iso.org/contents/data/standard/05/45/54534.html">A.9.4.2</reference>
        <reference href="https://www.iso.org/contents/data/standard/05/45/54534.html">A.9.4.3</reference>
        <reference href="http://nvlpubs.nist.gov/nistpubs/SpecialPublications/NIST.SP.800-53r4.pdf">CM-6(a)</reference>
        <reference href="http://nvlpubs.nist.gov/nistpubs/SpecialPublications/NIST.SP.800-53r4.pdf">IA-5(10)</reference>
        <reference href="https://nvlpubs.nist.gov/nistpubs/CSWP/NIST.CSWP.04162018.pdf">PR.AC-1</reference>
        <reference href="https://nvlpubs.nist.gov/nistpubs/CSWP/NIST.CSWP.04162018.pdf">PR.AC-6</reference>
        <reference href="https://nvlpubs.nist.gov/nistpubs/CSWP/NIST.CSWP.04162018.pdf">PR.AC-7</reference>
        <reference href="https://www.cyber.mil/stigs/downloads/?_dl_facet_stigs=operating-systems%2Cgeneral-purpose-os">SRG-OS-000375-GPOS-00160</reference>
        <reference href="https://cyber.gouv.fr/sites/default/files/document/linux_configuration-en-v2.pdf">R67</reference>
        <rationale xmlns:xhtml="http://www.w3.org/1999/xhtml" xml:lang="en-US"/>
        <platform idref="#package_sssd_and_system_with_kernel"/>
        <fix xmlns:xhtml="http://www.w3.org/1999/xhtml" id="service_sssd_enabled" system="urn:xccdf:fix:script:puppet" complexity="low" disruption="low" strategy="enable">include enable_sssd

class enable_sssd {
  service {'sssd':
    enable =&gt; true,
    ensure =&gt; 'running',
  }
}
</fix>
        <fix xmlns:xhtml="http://www.w3.org/1999/xhtml" id="service_sssd_enabled" system="urn:xccdf:fix:script:sh" complexity="low" disruption="low" strategy="enable"># Remediation is applicable only in certain platforms
if rpm --quiet -q sssd &amp;&amp; { ( rpm --quiet -q sssd &amp;&amp; rpm --quiet -q kernel-default || rpm --quiet -q kernel-default-base ); }; then

SYSTEMCTL_EXEC='/usr/bin/systemctl'
"$SYSTEMCTL_EXEC" unmask 'sssd.service'
if [[ $("$SYSTEMCTL_EXEC" is-system-running) != "offline" ]]; then
  "$SYSTEMCTL_EXEC" start 'sssd.service'
fi
"$SYSTEMCTL_EXEC" enable 'sssd.service'

else
    &gt;&amp;2 echo 'Remediation is not applicable, nothing was done'
fi
</fix>
        <fix xmlns:xhtml="http://www.w3.org/1999/xhtml" id="service_sssd_enabled" system="urn:redhat:osbuild:blueprint">
[customizations.services]
enabled = ["sssd"]
</fix>
        <fix xmlns:xhtml="http://www.w3.org/1999/xhtml" id="service_sssd_enabled" system="urn:xccdf:fix:script:ansible" complexity="low" disruption="low" strategy="enable">- name: Gather the package facts
  package_facts:
    manager: auto
  tags:
  - NIST-800-53-CM-6(a)
  - NIST-800-53-IA-5(10)
  - enable_strategy
  - low_complexity
  - low_disruption
  - medium_severity
  - no_reboot_needed
  - service_sssd_enabled

- name: Enable the SSSD Service - Enable service sssd
  block:

  - name: Gather the package facts
    ansible.builtin.package_facts:
      manager: auto

  - name: Enable the SSSD Service - Enable Service sssd
    ansible.builtin.systemd:
      name: sssd
      enabled: true
      state: started
      masked: false
    when:
    - '"sssd-common" in ansible_facts.packages'
  tags:
  - NIST-800-53-CM-6(a)
  - NIST-800-53-IA-5(10)
  - enable_strategy
  - low_complexity
  - low_disruption
  - medium_severity
  - no_reboot_needed
  - service_sssd_enabled
  - special_service_block
  when:
  - '"sssd" in ansible_facts.packages'
  - ( "sssd" in ansible_facts.packages and ("kernel-default" in ansible_facts.packages
    or "kernel-default-base" in ansible_facts.packages) )
</fix>
        <check system="http://open-scap.org/page/SCE">
          <check-import import-name="stdout">
              </check-import>
          <check-content-ref href="sle15/checks/sce/service_sssd_enabled.sh"/>
        </check>
        <check system="http://oval.mitre.org/XMLSchema/oval-definitions-5">
          <check-content-ref name="oval:ssg-service_sssd_enabled:def:1" href="ssg-sle15-oval.xml"/>
        </check>
        <check system="http://scap.nist.gov/schema/ocil/2">
          <check-content-ref name="ocil:ssg-service_sssd_enabled_ocil:questionnaire:1" href="ssg-sle15-ocil.xml"/>
        </check>
      </Rule>
      <Rule id="xccdf_org.ssgproject.content_rule_sssd_enable_pam_services" selected="false" role="full" severity="medium">
        <title xmlns:xhtml="http://www.w3.org/1999/xhtml" xml:lang="en-US">Configure PAM in SSSD Services</title>
        <description xmlns:xhtml="http://www.w3.org/1999/xhtml" xml:lang="en-US">SSSD should be configured to run SSSD <html:code xmlns:html="http://www.w3.org/1999/xhtml">pam</html:code> services.
To configure SSSD to known SSH hosts, add <html:code xmlns:html="http://www.w3.org/1999/xhtml">pam</html:code>
to <html:code xmlns:html="http://www.w3.org/1999/xhtml">services</html:code> under the <html:code xmlns:html="http://www.w3.org/1999/xhtml">[sssd]</html:code> section in
<html:code xmlns:html="http://www.w3.org/1999/xhtml">/etc/sssd/sssd.conf</html:code>. For example:
<html:pre xmlns:html="http://www.w3.org/1999/xhtml">[sssd]
services = sudo, autofs, pam
</html:pre>
      </description>
        <reference href="https://www.cisecurity.org/controls/">1</reference>
        <reference href="https://www.cisecurity.org/controls/">12</reference>
        <reference href="https://www.cisecurity.org/controls/">15</reference>
        <reference href="https://www.cisecurity.org/controls/">16</reference>
        <reference href="https://www.cisecurity.org/controls/">5</reference>
        <reference href="https://www.isaca.org/resources/cobit">DSS05.04</reference>
        <reference href="https://www.isaca.org/resources/cobit">DSS05.05</reference>
        <reference href="https://www.isaca.org/resources/cobit">DSS05.07</reference>
        <reference href="https://www.isaca.org/resources/cobit">DSS05.10</reference>
        <reference href="https://www.isaca.org/resources/cobit">DSS06.03</reference>
        <reference href="https://www.isaca.org/resources/cobit">DSS06.10</reference>
        <reference href="https://www.isa.org/products/isa-62443-2-1-2009-security-for-industrial-automat">4.3.3.2.2</reference>
        <reference href="https://www.isa.org/products/isa-62443-2-1-2009-security-for-industrial-automat">4.3.3.5.1</reference>
        <reference href="https://www.isa.org/products/isa-62443-2-1-2009-security-for-industrial-automat">4.3.3.5.2</reference>
        <reference href="https://www.isa.org/products/isa-62443-2-1-2009-security-for-industrial-automat">4.3.3.6.1</reference>
        <reference href="https://www.isa.org/products/isa-62443-2-1-2009-security-for-industrial-automat">4.3.3.6.2</reference>
        <reference href="https://www.isa.org/products/isa-62443-2-1-2009-security-for-industrial-automat">4.3.3.6.3</reference>
        <reference href="https://www.isa.org/products/isa-62443-2-1-2009-security-for-industrial-automat">4.3.3.6.4</reference>
        <reference href="https://www.isa.org/products/isa-62443-2-1-2009-security-for-industrial-automat">4.3.3.6.5</reference>
        <reference href="https://www.isa.org/products/isa-62443-2-1-2009-security-for-industrial-automat">4.3.3.6.6</reference>
        <reference href="https://www.isa.org/products/isa-62443-2-1-2009-security-for-industrial-automat">4.3.3.6.7</reference>
        <reference href="https://www.isa.org/products/isa-62443-2-1-2009-security-for-industrial-automat">4.3.3.6.8</reference>
        <reference href="https://www.isa.org/products/isa-62443-2-1-2009-security-for-industrial-automat">4.3.3.6.9</reference>
        <reference href="https://www.isa.org/products/isa-62443-2-1-2009-security-for-industrial-automat">4.3.3.7.2</reference>
        <reference href="https://www.isa.org/products/isa-62443-2-1-2009-security-for-industrial-automat">4.3.3.7.4</reference>
        <reference href="https://www.isa.org/products/ansi-isa-62443-3-3-99-03-03-2013-security-for-indu">SR 1.1</reference>
        <reference href="https://www.isa.org/products/ansi-isa-62443-3-3-99-03-03-2013-security-for-indu">SR 1.10</reference>
        <reference href="https://www.isa.org/products/ansi-isa-62443-3-3-99-03-03-2013-security-for-indu">SR 1.2</reference>
        <reference href="https://www.isa.org/products/ansi-isa-62443-3-3-99-03-03-2013-security-for-indu">SR 1.3</reference>
        <reference href="https://www.isa.org/products/ansi-isa-62443-3-3-99-03-03-2013-security-for-indu">SR 1.4</reference>
        <reference href="https://www.isa.org/products/ansi-isa-62443-3-3-99-03-03-2013-security-for-indu">SR 1.5</reference>
        <reference href="https://www.isa.org/products/ansi-isa-62443-3-3-99-03-03-2013-security-for-indu">SR 1.7</reference>
        <reference href="https://www.isa.org/products/ansi-isa-62443-3-3-99-03-03-2013-security-for-indu">SR 1.8</reference>
        <reference href="https://www.isa.org/products/ansi-isa-62443-3-3-99-03-03-2013-security-for-indu">SR 1.9</reference>
        <reference href="https://www.isa.org/products/ansi-isa-62443-3-3-99-03-03-2013-security-for-indu">SR 2.1</reference>
        <reference href="https://www.iso.org/contents/data/standard/05/45/54534.html">A.18.1.4</reference>
        <reference href="https://www.iso.org/contents/data/standard/05/45/54534.html">A.7.1.1</reference>
        <reference href="https://www.iso.org/contents/data/standard/05/45/54534.html">A.9.2.1</reference>
        <reference href="https://www.iso.org/contents/data/standard/05/45/54534.html">A.9.2.2</reference>
        <reference href="https://www.iso.org/contents/data/standard/05/45/54534.html">A.9.2.3</reference>
        <reference href="https://www.iso.org/contents/data/standard/05/45/54534.html">A.9.2.4</reference>
        <reference href="https://www.iso.org/contents/data/standard/05/45/54534.html">A.9.2.6</reference>
        <reference href="https://www.iso.org/contents/data/standard/05/45/54534.html">A.9.3.1</reference>
        <reference href="https://www.iso.org/contents/data/standard/05/45/54534.html">A.9.4.2</reference>
        <reference href="https://www.iso.org/contents/data/standard/05/45/54534.html">A.9.4.3</reference>
        <reference href="http://nvlpubs.nist.gov/nistpubs/SpecialPublications/NIST.SP.800-53r4.pdf">IA-2(1)</reference>
        <reference href="http://nvlpubs.nist.gov/nistpubs/SpecialPublications/NIST.SP.800-53r4.pdf">CM-6(a)</reference>
        <reference href="https://nvlpubs.nist.gov/nistpubs/CSWP/NIST.CSWP.04162018.pdf">PR.AC-1</reference>
        <reference href="https://nvlpubs.nist.gov/nistpubs/CSWP/NIST.CSWP.04162018.pdf">PR.AC-6</reference>
        <reference href="https://nvlpubs.nist.gov/nistpubs/CSWP/NIST.CSWP.04162018.pdf">PR.AC-7</reference>
        <reference href="https://www.cyber.mil/stigs/downloads/?_dl_facet_stigs=operating-systems%2Cgeneral-purpose-os">SRG-OS-000375-GPOS-00160</reference>
        <reference href="https://www.cyber.mil/stigs/downloads/?_dl_facet_stigs=operating-systems%2Cgeneral-purpose-os">SRG-OS-000376-GPOS-00161</reference>
        <reference href="https://www.cyber.mil/stigs/downloads/?_dl_facet_stigs=operating-systems%2Cgeneral-purpose-os">SRG-OS-000377-GPOS-00162</reference>
        <reference href="https://cyber.gouv.fr/sites/default/files/document/linux_configuration-en-v2.pdf">R67</reference>
        <rationale xmlns:xhtml="http://www.w3.org/1999/xhtml" xml:lang="en-US">Using an authentication device, such as a CAC or token that is separate from
the information system, ensures that even if the information system is
compromised, that compromise will not affect credentials stored on the
authentication device.</rationale>
        <fix xmlns:xhtml="http://www.w3.org/1999/xhtml" id="sssd_enable_pam_services" system="urn:xccdf:fix:script:ansible" complexity="low" disruption="medium" strategy="configure">- name: Gather the package facts
  package_facts:
    manager: auto
  tags:
  - NIST-800-53-CM-6(a)
  - NIST-800-53-IA-2(1)
  - configure_strategy
  - low_complexity
  - medium_disruption
  - medium_severity
  - no_reboot_needed
  - sssd_enable_pam_services

- name: Configure PAM in SSSD Services - Find all the conf files inside the /etc/sssd/conf.d/
    directory
  ansible.builtin.find:
    paths:
    - /etc/sssd/conf.d/
    patterns: '*.conf'
  register: sssd_conf_d_files
  when: '"sssd" in ansible_facts.packages'
  tags:
  - NIST-800-53-CM-6(a)
  - NIST-800-53-IA-2(1)
  - configure_strategy
  - low_complexity
  - medium_disruption
  - medium_severity
  - no_reboot_needed
  - sssd_enable_pam_services

- name: Configure PAM in SSSD Services - Modify lines in files in the /etc/sssd/conf.d/
    directory
  ansible.builtin.replace:
    path: '{{ item }}'
    regexp: ^(\s*\[sssd\].*(?:\n\s*[^[\s].*)*\n\s*services\s*=(?!.*\bpam\b).*)$
    replace: \1,pam
  with_items: '{{ sssd_conf_d_files.files | map(attribute=''path'') }}'
  register: modify_lines_sssd_conf_d_files
  when:
  - '"sssd" in ansible_facts.packages'
  - sssd_conf_d_files.matched is defined and sssd_conf_d_files.matched &gt;= 1
  tags:
  - NIST-800-53-CM-6(a)
  - NIST-800-53-IA-2(1)
  - configure_strategy
  - low_complexity
  - medium_disruption
  - medium_severity
  - no_reboot_needed
  - sssd_enable_pam_services

- name: Configure PAM in SSSD Services - Find /etc/sssd/sssd.conf
  ansible.builtin.stat:
    path: /etc/sssd/sssd.conf
  register: sssd_conf_file
  when: '"sssd" in ansible_facts.packages'
  tags:
  - NIST-800-53-CM-6(a)
  - NIST-800-53-IA-2(1)
  - configure_strategy
  - low_complexity
  - medium_disruption
  - medium_severity
  - no_reboot_needed
  - sssd_enable_pam_services

- name: Configure PAM in SSSD Services - Modify lines in /etc/sssd/sssd.conf
  ansible.builtin.replace:
    path: /etc/sssd/sssd.conf
    regexp: ^(\s*\[sssd\].*(?:\n\s*[^[\s].*)*\n\s*services\s*=(?!.*\bpam\b).*)$
    replace: \1,pam
  register: modify_lines_sssd_conf_file
  when:
  - '"sssd" in ansible_facts.packages'
  - sssd_conf_file.stat.exists
  tags:
  - NIST-800-53-CM-6(a)
  - NIST-800-53-IA-2(1)
  - configure_strategy
  - low_complexity
  - medium_disruption
  - medium_severity
  - no_reboot_needed
  - sssd_enable_pam_services

- name: Configure PAM in SSSD Services - Find services key in /etc/sssd/sssd.conf
  ansible.builtin.replace:
    path: /etc/sssd/sssd.conf
    regexp: ^\s*\[sssd\][^\[\]]*?(?:\n(?!\[)[^\n]*?services\s*=)+
    replace: ''
  changed_when: false
  check_mode: true
  register: sssd_conf_file_services
  when:
  - '"sssd" in ansible_facts.packages'
  - sssd_conf_file.stat.exists
  tags:
  - NIST-800-53-CM-6(a)
  - NIST-800-53-IA-2(1)
  - configure_strategy
  - low_complexity
  - medium_disruption
  - medium_severity
  - no_reboot_needed
  - sssd_enable_pam_services

- name: Configure PAM in SSSD Services - Insert entry to /etc/sssd/sssd.conf
  community.general.ini_file:
    path: /etc/sssd/sssd.conf
    section: sssd
    option: services
    value: pam
  when:
  - '"sssd" in ansible_facts.packages'
  - not modify_lines_sssd_conf_d_files.changed
  - not modify_lines_sssd_conf_file.changed
  - (sssd_conf_file_services.msg is defined and "replacements" not in sssd_conf_file_services.msg)
    or not sssd_conf_file.stat.exists
  tags:
  - NIST-800-53-CM-6(a)
  - NIST-800-53-IA-2(1)
  - configure_strategy
  - low_complexity
  - medium_disruption
  - medium_severity
  - no_reboot_needed
  - sssd_enable_pam_services
</fix>
        <check system="http://oval.mitre.org/XMLSchema/oval-definitions-5">
          <check-content-ref name="oval:ssg-sssd_enable_pam_services:def:1" href="ssg-sle15-oval.xml"/>
        </check>
        <check system="http://scap.nist.gov/schema/ocil/2">
          <check-content-ref name="ocil:ssg-sssd_enable_pam_services_ocil:questionnaire:1" href="ssg-sle15-ocil.xml"/>
        </check>
      </Rule>
      <Rule id="xccdf_org.ssgproject.content_rule_sssd_memcache_timeout" selected="false" role="full" severity="medium">
        <title xmlns:xhtml="http://www.w3.org/1999/xhtml" xml:lang="en-US">Configure SSSD's Memory Cache to Expire</title>
        <description xmlns:xhtml="http://www.w3.org/1999/xhtml" xml:lang="en-US">SSSD's memory cache should be configured to set to expire records after
<html:code xmlns:html="http://www.w3.org/1999/xhtml" xmlns:xccdf-1.2="http://checklists.nist.gov/xccdf/1.2"><xccdf-1.2:sub idref="xccdf_org.ssgproject.content_value_var_sssd_memcache_timeout" use="legacy"/></html:code> seconds.
To configure SSSD to expire memory cache, set <html:code xmlns:html="http://www.w3.org/1999/xhtml">memcache_timeout</html:code> to
<html:code xmlns:html="http://www.w3.org/1999/xhtml" xmlns:xccdf-1.2="http://checklists.nist.gov/xccdf/1.2"><xccdf-1.2:sub idref="xccdf_org.ssgproject.content_value_var_sssd_memcache_timeout" use="legacy"/></html:code> under the
<html:code xmlns:html="http://www.w3.org/1999/xhtml">[nss]</html:code> section in <html:code xmlns:html="http://www.w3.org/1999/xhtml">/etc/sssd/sssd.conf</html:code>.

For example:
<html:pre xmlns:html="http://www.w3.org/1999/xhtml" xmlns:xccdf-1.2="http://checklists.nist.gov/xccdf/1.2">[nss]
memcache_timeout = <xccdf-1.2:sub idref="xccdf_org.ssgproject.content_value_var_sssd_memcache_timeout" use="legacy"/>
       </html:pre>
      </description>
        <reference href="https://www.cisecurity.org/controls/">1</reference>
        <reference href="https://www.cisecurity.org/controls/">12</reference>
        <reference href="https://www.cisecurity.org/controls/">15</reference>
        <reference href="https://www.cisecurity.org/controls/">16</reference>
        <reference href="https://www.cisecurity.org/controls/">5</reference>
        <reference href="https://www.isaca.org/resources/cobit">DSS05.04</reference>
        <reference href="https://www.isaca.org/resources/cobit">DSS05.05</reference>
        <reference href="https://www.isaca.org/resources/cobit">DSS05.07</reference>
        <reference href="https://www.isaca.org/resources/cobit">DSS05.10</reference>
        <reference href="https://www.isaca.org/resources/cobit">DSS06.03</reference>
        <reference href="https://www.isaca.org/resources/cobit">DSS06.10</reference>
        <reference href="https://www.isa.org/products/isa-62443-2-1-2009-security-for-industrial-automat">4.3.3.2.2</reference>
        <reference href="https://www.isa.org/products/isa-62443-2-1-2009-security-for-industrial-automat">4.3.3.5.1</reference>
        <reference href="https://www.isa.org/products/isa-62443-2-1-2009-security-for-industrial-automat">4.3.3.5.2</reference>
        <reference href="https://www.isa.org/products/isa-62443-2-1-2009-security-for-industrial-automat">4.3.3.6.1</reference>
        <reference href="https://www.isa.org/products/isa-62443-2-1-2009-security-for-industrial-automat">4.3.3.6.2</reference>
        <reference href="https://www.isa.org/products/isa-62443-2-1-2009-security-for-industrial-automat">4.3.3.6.3</reference>
        <reference href="https://www.isa.org/products/isa-62443-2-1-2009-security-for-industrial-automat">4.3.3.6.4</reference>
        <reference href="https://www.isa.org/products/isa-62443-2-1-2009-security-for-industrial-automat">4.3.3.6.5</reference>
        <reference href="https://www.isa.org/products/isa-62443-2-1-2009-security-for-industrial-automat">4.3.3.6.6</reference>
        <reference href="https://www.isa.org/products/isa-62443-2-1-2009-security-for-industrial-automat">4.3.3.6.7</reference>
        <reference href="https://www.isa.org/products/isa-62443-2-1-2009-security-for-industrial-automat">4.3.3.6.8</reference>
        <reference href="https://www.isa.org/products/isa-62443-2-1-2009-security-for-industrial-automat">4.3.3.6.9</reference>
        <reference href="https://www.isa.org/products/isa-62443-2-1-2009-security-for-industrial-automat">4.3.3.7.2</reference>
        <reference href="https://www.isa.org/products/isa-62443-2-1-2009-security-for-industrial-automat">4.3.3.7.4</reference>
        <reference href="https://www.isa.org/products/ansi-isa-62443-3-3-99-03-03-2013-security-for-indu">SR 1.1</reference>
        <reference href="https://www.isa.org/products/ansi-isa-62443-3-3-99-03-03-2013-security-for-indu">SR 1.10</reference>
        <reference href="https://www.isa.org/products/ansi-isa-62443-3-3-99-03-03-2013-security-for-indu">SR 1.2</reference>
        <reference href="https://www.isa.org/products/ansi-isa-62443-3-3-99-03-03-2013-security-for-indu">SR 1.3</reference>
        <reference href="https://www.isa.org/products/ansi-isa-62443-3-3-99-03-03-2013-security-for-indu">SR 1.4</reference>
        <reference href="https://www.isa.org/products/ansi-isa-62443-3-3-99-03-03-2013-security-for-indu">SR 1.5</reference>
        <reference href="https://www.isa.org/products/ansi-isa-62443-3-3-99-03-03-2013-security-for-indu">SR 1.7</reference>
        <reference href="https://www.isa.org/products/ansi-isa-62443-3-3-99-03-03-2013-security-for-indu">SR 1.8</reference>
        <reference href="https://www.isa.org/products/ansi-isa-62443-3-3-99-03-03-2013-security-for-indu">SR 1.9</reference>
        <reference href="https://www.isa.org/products/ansi-isa-62443-3-3-99-03-03-2013-security-for-indu">SR 2.1</reference>
        <reference href="https://www.iso.org/contents/data/standard/05/45/54534.html">A.18.1.4</reference>
        <reference href="https://www.iso.org/contents/data/standard/05/45/54534.html">A.7.1.1</reference>
        <reference href="https://www.iso.org/contents/data/standard/05/45/54534.html">A.9.2.1</reference>
        <reference href="https://www.iso.org/contents/data/standard/05/45/54534.html">A.9.2.2</reference>
        <reference href="https://www.iso.org/contents/data/standard/05/45/54534.html">A.9.2.3</reference>
        <reference href="https://www.iso.org/contents/data/standard/05/45/54534.html">A.9.2.4</reference>
        <reference href="https://www.iso.org/contents/data/standard/05/45/54534.html">A.9.2.6</reference>
        <reference href="https://www.iso.org/contents/data/standard/05/45/54534.html">A.9.3.1</reference>
        <reference href="https://www.iso.org/contents/data/standard/05/45/54534.html">A.9.4.2</reference>
        <reference href="https://www.iso.org/contents/data/standard/05/45/54534.html">A.9.4.3</reference>
        <reference href="http://nvlpubs.nist.gov/nistpubs/SpecialPublications/NIST.SP.800-53r4.pdf">CM-6(a)</reference>
        <reference href="http://nvlpubs.nist.gov/nistpubs/SpecialPublications/NIST.SP.800-53r4.pdf">IA-5(13)</reference>
        <reference href="https://nvlpubs.nist.gov/nistpubs/CSWP/NIST.CSWP.04162018.pdf">PR.AC-1</reference>
        <reference href="https://nvlpubs.nist.gov/nistpubs/CSWP/NIST.CSWP.04162018.pdf">PR.AC-6</reference>
        <reference href="https://nvlpubs.nist.gov/nistpubs/CSWP/NIST.CSWP.04162018.pdf">PR.AC-7</reference>
        <reference href="https://www.cyber.mil/stigs/downloads/?_dl_facet_stigs=operating-systems%2Cgeneral-purpose-os">SRG-OS-000383-GPOS-00166</reference>
        <reference href="https://www.cyber.mil/stigs/downloads/?_dl_facet_stigs=operating-systems%2Cunix-linux">SLES-15-010490</reference>
        <reference href="https://www.cyber.mil/stigs/srg-stig-tools/">SV-234857r958828_rule</reference>
        <rationale xmlns:xhtml="http://www.w3.org/1999/xhtml" xml:lang="en-US">If cached authentication information is out-of-date, the validity of the
authentication information may be questionable.</rationale>
        <ident system="https://ncp.nist.gov/cce">CCE-83295-6</ident>
        <fix xmlns:xhtml="http://www.w3.org/1999/xhtml" id="sssd_memcache_timeout" system="urn:xccdf:fix:script:sh"># Remediation is applicable only in certain platforms
if rpm --quiet -q sssd; then

var_sssd_memcache_timeout='<xccdf-1.2:sub xmlns:xccdf-1.2="http://checklists.nist.gov/xccdf/1.2" idref="xccdf_org.ssgproject.content_value_var_sssd_memcache_timeout" use="legacy"/>'


# sssd configuration files must be created with 600 permissions if they don't exist
# otherwise the sssd module fails to start
OLD_UMASK=$(umask)
umask u=rw,go=

found=false

# set value in all files if they contain section or key
for f in $(echo -n "/etc/sssd/sssd.conf"); do
    if [ ! -e "$f" ]; then
        continue
    fi

    # find key in section and change value
    if grep -qzosP "[[:space:]]*\[nss\]([^\n\[]*\n+)+?[[:space:]]*memcache_timeout" "$f"; then
        if ! grep -qPz "memcache_timeout=$var_sssd_memcache_timeout" "$f"; then

            sed -i "s/memcache_timeout[^(\n)]*/memcache_timeout=$var_sssd_memcache_timeout/" "$f"

        fi

        found=true

    # find section and add key = value to it
    elif grep -qs "[[:space:]]*\[nss\]" "$f"; then

            sed -i "/[[:space:]]*\[nss\]/a memcache_timeout=$var_sssd_memcache_timeout" "$f"

            found=true
    fi
done

# if section not in any file, append section with key = value to FIRST file in files parameter
if ! $found ; then
    file=$(echo "/etc/sssd/sssd.conf" | cut -f1 -d ' ')
    mkdir -p "$(dirname "$file")"

    echo -e "[nss]\nmemcache_timeout=$var_sssd_memcache_timeout" &gt;&gt; "$file"

fi

umask $OLD_UMASK

else
    &gt;&amp;2 echo 'Remediation is not applicable, nothing was done'
fi
</fix>
        <fix xmlns:xhtml="http://www.w3.org/1999/xhtml" id="sssd_memcache_timeout" system="urn:xccdf:fix:script:ansible" complexity="low" disruption="medium">- name: Gather the package facts
  package_facts:
    manager: auto
  tags:
  - CCE-83295-6
  - DISA-STIG-SLES-15-010490
  - NIST-800-53-CM-6(a)
  - NIST-800-53-IA-5(13)
  - low_complexity
  - medium_disruption
  - medium_severity
  - no_reboot_needed
  - sssd_memcache_timeout
  - unknown_strategy
- name: XCCDF Value var_sssd_memcache_timeout # promote to variable
  set_fact:
    var_sssd_memcache_timeout: !!str <xccdf-1.2:sub xmlns:xccdf-1.2="http://checklists.nist.gov/xccdf/1.2" idref="xccdf_org.ssgproject.content_value_var_sssd_memcache_timeout" use="legacy"/>
  tags:
    - always

- name: Test for domain group
  ansible.builtin.command: grep '\s*\[domain\/[^]]*]' /etc/sssd/sssd.conf
  register: test_grep_domain
  failed_when: false
  changed_when: false
  check_mode: false
  when: '"sssd" in ansible_facts.packages'
  tags:
  - CCE-83295-6
  - DISA-STIG-SLES-15-010490
  - NIST-800-53-CM-6(a)
  - NIST-800-53-IA-5(13)
  - low_complexity
  - medium_disruption
  - medium_severity
  - no_reboot_needed
  - sssd_memcache_timeout
  - unknown_strategy

- name: Add default domain group (if no domain there)
  community.general.ini_file:
    path: /etc/sssd/sssd.conf
    section: '{{ item.section }}'
    option: '{{ item.option }}'
    value: '{{ item.value }}'
    create: true
    mode: 384
  with_items:
  - section: sssd
    option: domains
    value: default
  - section: domain/default
    option: id_provider
    value: files
  when:
  - '"sssd" in ansible_facts.packages'
  - test_grep_domain.stdout is defined
  - test_grep_domain.stdout | length &lt; 1
  tags:
  - CCE-83295-6
  - DISA-STIG-SLES-15-010490
  - NIST-800-53-CM-6(a)
  - NIST-800-53-IA-5(13)
  - low_complexity
  - medium_disruption
  - medium_severity
  - no_reboot_needed
  - sssd_memcache_timeout
  - unknown_strategy

- name: Configure SSSD's Memory Cache to Expire
  community.general.ini_file:
    dest: /etc/sssd/sssd.conf
    section: nss
    option: memcache_timeout
    value: '{{ var_sssd_memcache_timeout }}'
    create: true
    mode: 384
  when: '"sssd" in ansible_facts.packages'
  tags:
  - CCE-83295-6
  - DISA-STIG-SLES-15-010490
  - NIST-800-53-CM-6(a)
  - NIST-800-53-IA-5(13)
  - low_complexity
  - medium_disruption
  - medium_severity
  - no_reboot_needed
  - sssd_memcache_timeout
  - unknown_strategy
</fix>
        <check system="http://oval.mitre.org/XMLSchema/oval-definitions-5">
          <check-export export-name="oval:ssg-var_sssd_memcache_timeout:var:1" value-id="xccdf_org.ssgproject.content_value_var_sssd_memcache_timeout"/>
          <check-content-ref name="oval:ssg-sssd_memcache_timeout:def:1" href="ssg-sle15-oval.xml"/>
        </check>
        <check system="http://scap.nist.gov/schema/ocil/2">
          <check-content-ref name="ocil:ssg-sssd_memcache_timeout_ocil:questionnaire:1" href="ssg-sle15-ocil.xml"/>
        </check>
      </Rule>
      <Rule id="xccdf_org.ssgproject.content_rule_sssd_offline_cred_expiration" selected="false" role="full" severity="medium">
        <title xmlns:xhtml="http://www.w3.org/1999/xhtml" xml:lang="en-US">Configure SSSD to Expire Offline Credentials</title>
        <description xmlns:xhtml="http://www.w3.org/1999/xhtml" xml:lang="en-US">SSSD should be configured to expire offline credentials after 1 day.

To configure SSSD to expire offline credentials, set
<html:code xmlns:html="http://www.w3.org/1999/xhtml">offline_credentials_expiration</html:code> to <html:code xmlns:html="http://www.w3.org/1999/xhtml">1</html:code> under the <html:code xmlns:html="http://www.w3.org/1999/xhtml">[pam]</html:code>
section in <html:code xmlns:html="http://www.w3.org/1999/xhtml">/etc/sssd/sssd.conf</html:code>. For example:
<html:pre xmlns:html="http://www.w3.org/1999/xhtml">[pam]
offline_credentials_expiration = 1
</html:pre>
      </description>
        <reference href="https://www.cisecurity.org/controls/">1</reference>
        <reference href="https://www.cisecurity.org/controls/">12</reference>
        <reference href="https://www.cisecurity.org/controls/">15</reference>
        <reference href="https://www.cisecurity.org/controls/">16</reference>
        <reference href="https://www.cisecurity.org/controls/">5</reference>
        <reference href="https://www.isaca.org/resources/cobit">DSS05.04</reference>
        <reference href="https://www.isaca.org/resources/cobit">DSS05.05</reference>
        <reference href="https://www.isaca.org/resources/cobit">DSS05.07</reference>
        <reference href="https://www.isaca.org/resources/cobit">DSS05.10</reference>
        <reference href="https://www.isaca.org/resources/cobit">DSS06.03</reference>
        <reference href="https://www.isaca.org/resources/cobit">DSS06.10</reference>
        <reference href="https://www.isa.org/products/isa-62443-2-1-2009-security-for-industrial-automat">4.3.3.2.2</reference>
        <reference href="https://www.isa.org/products/isa-62443-2-1-2009-security-for-industrial-automat">4.3.3.5.1</reference>
        <reference href="https://www.isa.org/products/isa-62443-2-1-2009-security-for-industrial-automat">4.3.3.5.2</reference>
        <reference href="https://www.isa.org/products/isa-62443-2-1-2009-security-for-industrial-automat">4.3.3.6.1</reference>
        <reference href="https://www.isa.org/products/isa-62443-2-1-2009-security-for-industrial-automat">4.3.3.6.2</reference>
        <reference href="https://www.isa.org/products/isa-62443-2-1-2009-security-for-industrial-automat">4.3.3.6.3</reference>
        <reference href="https://www.isa.org/products/isa-62443-2-1-2009-security-for-industrial-automat">4.3.3.6.4</reference>
        <reference href="https://www.isa.org/products/isa-62443-2-1-2009-security-for-industrial-automat">4.3.3.6.5</reference>
        <reference href="https://www.isa.org/products/isa-62443-2-1-2009-security-for-industrial-automat">4.3.3.6.6</reference>
        <reference href="https://www.isa.org/products/isa-62443-2-1-2009-security-for-industrial-automat">4.3.3.6.7</reference>
        <reference href="https://www.isa.org/products/isa-62443-2-1-2009-security-for-industrial-automat">4.3.3.6.8</reference>
        <reference href="https://www.isa.org/products/isa-62443-2-1-2009-security-for-industrial-automat">4.3.3.6.9</reference>
        <reference href="https://www.isa.org/products/isa-62443-2-1-2009-security-for-industrial-automat">4.3.3.7.2</reference>
        <reference href="https://www.isa.org/products/isa-62443-2-1-2009-security-for-industrial-automat">4.3.3.7.4</reference>
        <reference href="https://www.isa.org/products/ansi-isa-62443-3-3-99-03-03-2013-security-for-indu">SR 1.1</reference>
        <reference href="https://www.isa.org/products/ansi-isa-62443-3-3-99-03-03-2013-security-for-indu">SR 1.10</reference>
        <reference href="https://www.isa.org/products/ansi-isa-62443-3-3-99-03-03-2013-security-for-indu">SR 1.2</reference>
        <reference href="https://www.isa.org/products/ansi-isa-62443-3-3-99-03-03-2013-security-for-indu">SR 1.3</reference>
        <reference href="https://www.isa.org/products/ansi-isa-62443-3-3-99-03-03-2013-security-for-indu">SR 1.4</reference>
        <reference href="https://www.isa.org/products/ansi-isa-62443-3-3-99-03-03-2013-security-for-indu">SR 1.5</reference>
        <reference href="https://www.isa.org/products/ansi-isa-62443-3-3-99-03-03-2013-security-for-indu">SR 1.7</reference>
        <reference href="https://www.isa.org/products/ansi-isa-62443-3-3-99-03-03-2013-security-for-indu">SR 1.8</reference>
        <reference href="https://www.isa.org/products/ansi-isa-62443-3-3-99-03-03-2013-security-for-indu">SR 1.9</reference>
        <reference href="https://www.isa.org/products/ansi-isa-62443-3-3-99-03-03-2013-security-for-indu">SR 2.1</reference>
        <reference href="https://www.iso.org/contents/data/standard/05/45/54534.html">A.18.1.4</reference>
        <reference href="https://www.iso.org/contents/data/standard/05/45/54534.html">A.7.1.1</reference>
        <reference href="https://www.iso.org/contents/data/standard/05/45/54534.html">A.9.2.1</reference>
        <reference href="https://www.iso.org/contents/data/standard/05/45/54534.html">A.9.2.2</reference>
        <reference href="https://www.iso.org/contents/data/standard/05/45/54534.html">A.9.2.3</reference>
        <reference href="https://www.iso.org/contents/data/standard/05/45/54534.html">A.9.2.4</reference>
        <reference href="https://www.iso.org/contents/data/standard/05/45/54534.html">A.9.2.6</reference>
        <reference href="https://www.iso.org/contents/data/standard/05/45/54534.html">A.9.3.1</reference>
        <reference href="https://www.iso.org/contents/data/standard/05/45/54534.html">A.9.4.2</reference>
        <reference href="https://www.iso.org/contents/data/standard/05/45/54534.html">A.9.4.3</reference>
        <reference href="http://nvlpubs.nist.gov/nistpubs/SpecialPublications/NIST.SP.800-53r4.pdf">CM-6(a)</reference>
        <reference href="http://nvlpubs.nist.gov/nistpubs/SpecialPublications/NIST.SP.800-53r4.pdf">IA-5(13)</reference>
        <reference href="https://nvlpubs.nist.gov/nistpubs/CSWP/NIST.CSWP.04162018.pdf">PR.AC-1</reference>
        <reference href="https://nvlpubs.nist.gov/nistpubs/CSWP/NIST.CSWP.04162018.pdf">PR.AC-6</reference>
        <reference href="https://nvlpubs.nist.gov/nistpubs/CSWP/NIST.CSWP.04162018.pdf">PR.AC-7</reference>
        <reference href="https://www.cyber.mil/stigs/downloads/?_dl_facet_stigs=operating-systems%2Cgeneral-purpose-os">SRG-OS-000383-GPOS-00166</reference>
        <reference href="https://www.cyber.mil/stigs/downloads/?_dl_facet_stigs=operating-systems%2Cunix-linux">SLES-15-010500</reference>
        <reference href="https://www.cyber.mil/stigs/srg-stig-tools/">SV-234858r958828_rule</reference>
        <rationale xmlns:xhtml="http://www.w3.org/1999/xhtml" xml:lang="en-US">If cached authentication information is out-of-date, the validity of the
authentication information may be questionable.</rationale>
        <ident system="https://ncp.nist.gov/cce">CCE-83296-4</ident>
        <fix xmlns:xhtml="http://www.w3.org/1999/xhtml" id="sssd_offline_cred_expiration" system="urn:xccdf:fix:script:sh" complexity="low" disruption="medium" strategy="configure"># Remediation is applicable only in certain platforms
if rpm --quiet -q sssd; then

# sssd configuration files must be created with 600 permissions if they don't exist
# otherwise the sssd module fails to start
OLD_UMASK=$(umask)
umask u=rw,go=

found=false

# set value in all files if they contain section or key
for f in $(echo -n "/etc/sssd/sssd.conf /etc/sssd/conf.d/*.conf"); do
    if [ ! -e "$f" ]; then
        continue
    fi

    # find key in section and change value
    if grep -qzosP "[[:space:]]*\[pam\]([^\n\[]*\n+)+?[[:space:]]*offline_credentials_expiration" "$f"; then
        if ! grep -qPz "offline_credentials_expiration=1" "$f"; then

            sed -i "s/offline_credentials_expiration[^(\n)]*/offline_credentials_expiration=1/" "$f"

        fi

        found=true

    # find section and add key = value to it
    elif grep -qs "[[:space:]]*\[pam\]" "$f"; then

            sed -i "/[[:space:]]*\[pam\]/a offline_credentials_expiration=1" "$f"

            found=true
    fi
done

# if section not in any file, append section with key = value to FIRST file in files parameter
if ! $found ; then
    file=$(echo "/etc/sssd/sssd.conf /etc/sssd/conf.d/*.conf" | cut -f1 -d ' ')
    mkdir -p "$(dirname "$file")"

    echo -e "[pam]\noffline_credentials_expiration=1" &gt;&gt; "$file"

fi

umask $OLD_UMASK

else
    &gt;&amp;2 echo 'Remediation is not applicable, nothing was done'
fi
</fix>
        <fix xmlns:xhtml="http://www.w3.org/1999/xhtml" id="sssd_offline_cred_expiration" system="urn:xccdf:fix:script:ansible" complexity="low" disruption="medium" strategy="configure">- name: Gather the package facts
  package_facts:
    manager: auto
  tags:
  - CCE-83296-4
  - DISA-STIG-SLES-15-010500
  - NIST-800-53-CM-6(a)
  - NIST-800-53-IA-5(13)
  - configure_strategy
  - low_complexity
  - medium_disruption
  - medium_severity
  - no_reboot_needed
  - sssd_offline_cred_expiration

- name: Test for domain group
  ansible.builtin.command: grep '\s*\[domain\/[^]]*]' /etc/sssd/sssd.conf
  register: test_grep_domain
  failed_when: false
  changed_when: false
  check_mode: false
  when: '"sssd" in ansible_facts.packages'
  tags:
  - CCE-83296-4
  - DISA-STIG-SLES-15-010500
  - NIST-800-53-CM-6(a)
  - NIST-800-53-IA-5(13)
  - configure_strategy
  - low_complexity
  - medium_disruption
  - medium_severity
  - no_reboot_needed
  - sssd_offline_cred_expiration

- name: Add default domain group (if no domain there)
  community.general.ini_file:
    path: /etc/sssd/sssd.conf
    section: '{{ item.section }}'
    option: '{{ item.option }}'
    value: '{{ item.value }}'
    create: true
    mode: 384
  with_items:
  - section: sssd
    option: domains
    value: default
  - section: domain/default
    option: id_provider
    value: files
  when:
  - '"sssd" in ansible_facts.packages'
  - test_grep_domain.stdout is defined
  - test_grep_domain.stdout | length &lt; 1
  tags:
  - CCE-83296-4
  - DISA-STIG-SLES-15-010500
  - NIST-800-53-CM-6(a)
  - NIST-800-53-IA-5(13)
  - configure_strategy
  - low_complexity
  - medium_disruption
  - medium_severity
  - no_reboot_needed
  - sssd_offline_cred_expiration

- name: Configure SSD to Expire Offline Credentials
  community.general.ini_file:
    dest: /etc/sssd/sssd.conf
    section: pam
    option: offline_credentials_expiration
    value: 1
    create: true
    mode: 384
  when: '"sssd" in ansible_facts.packages'
  tags:
  - CCE-83296-4
  - DISA-STIG-SLES-15-010500
  - NIST-800-53-CM-6(a)
  - NIST-800-53-IA-5(13)
  - configure_strategy
  - low_complexity
  - medium_disruption
  - medium_severity
  - no_reboot_needed
  - sssd_offline_cred_expiration

- name: Find all the conf files inside /etc/sssd/conf.d/
  ansible.builtin.find:
    paths: /etc/sssd/conf.d/
    patterns: '*.conf'
  register: sssd_conf_d_files
  when: '"sssd" in ansible_facts.packages'
  tags:
  - CCE-83296-4
  - DISA-STIG-SLES-15-010500
  - NIST-800-53-CM-6(a)
  - NIST-800-53-IA-5(13)
  - configure_strategy
  - low_complexity
  - medium_disruption
  - medium_severity
  - no_reboot_needed
  - sssd_offline_cred_expiration

- name: Fix offline_credentials_expiration configuration in /etc/sssd/conf.d/
  ansible.builtin.replace:
    path: '{{ item.path }}'
    regexp: '[^#]*offline_credentials_expiration.*'
    replace: offline_credentials_expiration = 1
  with_items: '{{ sssd_conf_d_files.files }}'
  when: '"sssd" in ansible_facts.packages'
  tags:
  - CCE-83296-4
  - DISA-STIG-SLES-15-010500
  - NIST-800-53-CM-6(a)
  - NIST-800-53-IA-5(13)
  - configure_strategy
  - low_complexity
  - medium_disruption
  - medium_severity
  - no_reboot_needed
  - sssd_offline_cred_expiration
</fix>
        <check system="http://oval.mitre.org/XMLSchema/oval-definitions-5">
          <check-content-ref name="oval:ssg-sssd_offline_cred_expiration:def:1" href="ssg-sle15-oval.xml"/>
        </check>
        <check system="http://scap.nist.gov/schema/ocil/2">
          <check-content-ref name="ocil:ssg-sssd_offline_cred_expiration_ocil:questionnaire:1" href="ssg-sle15-ocil.xml"/>
        </check>
      </Rule>
      <Group id="xccdf_org.ssgproject.content_group_sssd-ldap">
        <title xmlns:xhtml="http://www.w3.org/1999/xhtml" xml:lang="en-US">System Security Services Daemon (SSSD) - LDAP</title>
        <description xmlns:xhtml="http://www.w3.org/1999/xhtml" xml:lang="en-US">The System Security Services Daemon (SSSD) is a system daemon that provides access
to different identity and authentication providers such as Red Hat's IdM, Microsoft's AD,
openLDAP, MIT Kerberos, etc. It uses a common framework that can provide caching and offline
support to systems utilizing SSSD. SSSD using caching to reduce load on authentication
servers permit offline authentication as well as store extended user data.
<html:br xmlns:html="http://www.w3.org/1999/xhtml"/>
       <html:br xmlns:html="http://www.w3.org/1999/xhtml"/>
SSSD can support many backends including LDAP. The <html:code xmlns:html="http://www.w3.org/1999/xhtml">sssd-ldap</html:code> backend
allows SSSD to fetch identity information from an LDAP server.</description>
        <platform idref="#system_with_kernel"/>
        <Rule id="xccdf_org.ssgproject.content_rule_sssd_ldap_configure_tls_reqcert" selected="false" role="full" severity="medium">
          <title xmlns:xhtml="http://www.w3.org/1999/xhtml" xml:lang="en-US">Configure SSSD LDAP Backend Client to Demand a Valid Certificate from the Server</title>
          <description xmlns:xhtml="http://www.w3.org/1999/xhtml" xml:lang="en-US">Configure SSSD to demand a valid certificate from the server to
protect the integrity of LDAP remote access sessions by setting
the <html:pre xmlns:html="http://www.w3.org/1999/xhtml">ldap_tls_reqcert</html:pre> option in <html:pre xmlns:html="http://www.w3.org/1999/xhtml">/etc/sssd/sssd.conf</html:pre>
to <html:code xmlns:html="http://www.w3.org/1999/xhtml">demand</html:code>.</description>
          <reference href="http://nvlpubs.nist.gov/nistpubs/SpecialPublications/NIST.SP.800-53r4.pdf">SC-12(3)</reference>
          <reference href="http://nvlpubs.nist.gov/nistpubs/SpecialPublications/NIST.SP.800-53r4.pdf">CM-6(a)</reference>
          <reference href="https://www.cyber.mil/stigs/downloads/?_dl_facet_stigs=operating-systems%2Cgeneral-purpose-os">SRG-OS-000250-GPOS-00093</reference>
          <reference href="https://cyber.gouv.fr/sites/default/files/document/linux_configuration-en-v2.pdf">R67</reference>
          <rationale xmlns:xhtml="http://www.w3.org/1999/xhtml" xml:lang="en-US">Without a valid certificate presented to the LDAP client backend, the identity of a
server can be forged compromising LDAP remote access sessions.</rationale>
          <platform idref="#sssd-ldap"/>
          <check system="http://oval.mitre.org/XMLSchema/oval-definitions-5">
            <check-content-ref name="oval:ssg-sssd_ldap_configure_tls_reqcert:def:1" href="ssg-sle15-oval.xml"/>
          </check>
          <check system="http://scap.nist.gov/schema/ocil/2">
            <check-content-ref name="ocil:ssg-sssd_ldap_configure_tls_reqcert_ocil:questionnaire:1" href="ssg-sle15-ocil.xml"/>
          </check>
        </Rule>
        <Rule id="xccdf_org.ssgproject.content_rule_sssd_ldap_start_tls" selected="false" role="full" severity="high">
          <title xmlns:xhtml="http://www.w3.org/1999/xhtml" xml:lang="en-US">Configure SSSD LDAP Backend to Use TLS For All Transactions</title>
          <description xmlns:xhtml="http://www.w3.org/1999/xhtml" xml:lang="en-US">The LDAP client should be configured to implement TLS for the integrity
of all remote LDAP authentication sessions. If the <html:code xmlns:html="http://www.w3.org/1999/xhtml">id_provider</html:code> is
set to <html:code xmlns:html="http://www.w3.org/1999/xhtml">ldap</html:code> or <html:code xmlns:html="http://www.w3.org/1999/xhtml">ipa</html:code> in <html:code xmlns:html="http://www.w3.org/1999/xhtml">/etc/sssd/sssd.conf</html:code> or any of the
<html:code xmlns:html="http://www.w3.org/1999/xhtml">/etc/sssd/sssd.conf.d</html:code> configuration files, <html:code xmlns:html="http://www.w3.org/1999/xhtml">ldap_id_use_start_tls</html:code>
must be set to <html:code xmlns:html="http://www.w3.org/1999/xhtml">true</html:code>.
<html:br xmlns:html="http://www.w3.org/1999/xhtml"/>
        <html:br xmlns:html="http://www.w3.org/1999/xhtml"/>
To check if LDAP is configured to use TLS when <html:code xmlns:html="http://www.w3.org/1999/xhtml">id_provider</html:code> is
set to <html:code xmlns:html="http://www.w3.org/1999/xhtml">ldap</html:code> or <html:code xmlns:html="http://www.w3.org/1999/xhtml">ipa</html:code>, use the following command:
<html:pre xmlns:html="http://www.w3.org/1999/xhtml">$ sudo grep -i ldap_id_use_start_tls /etc/sssd/sssd.conf /etc/sssd/conf.d/*.conf</html:pre>
       </description>
          <reference href="https://www.cisecurity.org/controls/">11</reference>
          <reference href="https://www.cisecurity.org/controls/">12</reference>
          <reference href="https://www.cisecurity.org/controls/">14</reference>
          <reference href="https://www.cisecurity.org/controls/">15</reference>
          <reference href="https://www.cisecurity.org/controls/">3</reference>
          <reference href="https://www.cisecurity.org/controls/">8</reference>
          <reference href="https://www.cisecurity.org/controls/">9</reference>
          <reference href="https://www.isaca.org/resources/cobit">APO13.01</reference>
          <reference href="https://www.isaca.org/resources/cobit">BAI10.01</reference>
          <reference href="https://www.isaca.org/resources/cobit">BAI10.02</reference>
          <reference href="https://www.isaca.org/resources/cobit">BAI10.03</reference>
          <reference href="https://www.isaca.org/resources/cobit">BAI10.05</reference>
          <reference href="https://www.isaca.org/resources/cobit">DSS01.04</reference>
          <reference href="https://www.isaca.org/resources/cobit">DSS05.02</reference>
          <reference href="https://www.isaca.org/resources/cobit">DSS05.03</reference>
          <reference href="https://www.isaca.org/resources/cobit">DSS05.05</reference>
          <reference href="https://www.isaca.org/resources/cobit">DSS06.06</reference>
          <reference href="https://www.isa.org/products/isa-62443-2-1-2009-security-for-industrial-automat">4.3.3.5.1</reference>
          <reference href="https://www.isa.org/products/isa-62443-2-1-2009-security-for-industrial-automat">4.3.3.5.2</reference>
          <reference href="https://www.isa.org/products/isa-62443-2-1-2009-security-for-industrial-automat">4.3.3.5.3</reference>
          <reference href="https://www.isa.org/products/isa-62443-2-1-2009-security-for-industrial-automat">4.3.3.5.4</reference>
          <reference href="https://www.isa.org/products/isa-62443-2-1-2009-security-for-industrial-automat">4.3.3.5.5</reference>
          <reference href="https://www.isa.org/products/isa-62443-2-1-2009-security-for-industrial-automat">4.3.3.5.6</reference>
          <reference href="https://www.isa.org/products/isa-62443-2-1-2009-security-for-industrial-automat">4.3.3.5.7</reference>
          <reference href="https://www.isa.org/products/isa-62443-2-1-2009-security-for-industrial-automat">4.3.3.5.8</reference>
          <reference href="https://www.isa.org/products/isa-62443-2-1-2009-security-for-industrial-automat">4.3.3.6.1</reference>
          <reference href="https://www.isa.org/products/isa-62443-2-1-2009-security-for-industrial-automat">4.3.3.6.2</reference>
          <reference href="https://www.isa.org/products/isa-62443-2-1-2009-security-for-industrial-automat">4.3.3.6.3</reference>
          <reference href="https://www.isa.org/products/isa-62443-2-1-2009-security-for-industrial-automat">4.3.3.6.4</reference>
          <reference href="https://www.isa.org/products/isa-62443-2-1-2009-security-for-industrial-automat">4.3.3.6.5</reference>
          <reference href="https://www.isa.org/products/isa-62443-2-1-2009-security-for-industrial-automat">4.3.3.6.6</reference>
          <reference href="https://www.isa.org/products/isa-62443-2-1-2009-security-for-industrial-automat">4.3.3.6.7</reference>
          <reference href="https://www.isa.org/products/isa-62443-2-1-2009-security-for-industrial-automat">4.3.3.6.8</reference>
          <reference href="https://www.isa.org/products/isa-62443-2-1-2009-security-for-industrial-automat">4.3.3.6.9</reference>
          <reference href="https://www.isa.org/products/isa-62443-2-1-2009-security-for-industrial-automat">4.3.3.7.1</reference>
          <reference href="https://www.isa.org/products/isa-62443-2-1-2009-security-for-industrial-automat">4.3.3.7.2</reference>
          <reference href="https://www.isa.org/products/isa-62443-2-1-2009-security-for-industrial-automat">4.3.3.7.3</reference>
          <reference href="https://www.isa.org/products/isa-62443-2-1-2009-security-for-industrial-automat">4.3.3.7.4</reference>
          <reference href="https://www.isa.org/products/isa-62443-2-1-2009-security-for-industrial-automat">4.3.4.3.2</reference>
          <reference href="https://www.isa.org/products/isa-62443-2-1-2009-security-for-industrial-automat">4.3.4.3.3</reference>
          <reference href="https://www.isa.org/products/ansi-isa-62443-3-3-99-03-03-2013-security-for-indu">SR 1.1</reference>
          <reference href="https://www.isa.org/products/ansi-isa-62443-3-3-99-03-03-2013-security-for-indu">SR 1.10</reference>
          <reference href="https://www.isa.org/products/ansi-isa-62443-3-3-99-03-03-2013-security-for-indu">SR 1.11</reference>
          <reference href="https://www.isa.org/products/ansi-isa-62443-3-3-99-03-03-2013-security-for-indu">SR 1.12</reference>
          <reference href="https://www.isa.org/products/ansi-isa-62443-3-3-99-03-03-2013-security-for-indu">SR 1.13</reference>
          <reference href="https://www.isa.org/products/ansi-isa-62443-3-3-99-03-03-2013-security-for-indu">SR 1.2</reference>
          <reference href="https://www.isa.org/products/ansi-isa-62443-3-3-99-03-03-2013-security-for-indu">SR 1.3</reference>
          <reference href="https://www.isa.org/products/ansi-isa-62443-3-3-99-03-03-2013-security-for-indu">SR 1.4</reference>
          <reference href="https://www.isa.org/products/ansi-isa-62443-3-3-99-03-03-2013-security-for-indu">SR 1.5</reference>
          <reference href="https://www.isa.org/products/ansi-isa-62443-3-3-99-03-03-2013-security-for-indu">SR 1.6</reference>
          <reference href="https://www.isa.org/products/ansi-isa-62443-3-3-99-03-03-2013-security-for-indu">SR 1.7</reference>
          <reference href="https://www.isa.org/products/ansi-isa-62443-3-3-99-03-03-2013-security-for-indu">SR 1.8</reference>
          <reference href="https://www.isa.org/products/ansi-isa-62443-3-3-99-03-03-2013-security-for-indu">SR 1.9</reference>
          <reference href="https://www.isa.org/products/ansi-isa-62443-3-3-99-03-03-2013-security-for-indu">SR 2.1</reference>
          <reference href="https://www.isa.org/products/ansi-isa-62443-3-3-99-03-03-2013-security-for-indu">SR 2.2</reference>
          <reference href="https://www.isa.org/products/ansi-isa-62443-3-3-99-03-03-2013-security-for-indu">SR 2.3</reference>
          <reference href="https://www.isa.org/products/ansi-isa-62443-3-3-99-03-03-2013-security-for-indu">SR 2.4</reference>
          <reference href="https://www.isa.org/products/ansi-isa-62443-3-3-99-03-03-2013-security-for-indu">SR 2.5</reference>
          <reference href="https://www.isa.org/products/ansi-isa-62443-3-3-99-03-03-2013-security-for-indu">SR 2.6</reference>
          <reference href="https://www.isa.org/products/ansi-isa-62443-3-3-99-03-03-2013-security-for-indu">SR 2.7</reference>
          <reference href="https://www.isa.org/products/ansi-isa-62443-3-3-99-03-03-2013-security-for-indu">SR 3.1</reference>
          <reference href="https://www.isa.org/products/ansi-isa-62443-3-3-99-03-03-2013-security-for-indu">SR 3.5</reference>
          <reference href="https://www.isa.org/products/ansi-isa-62443-3-3-99-03-03-2013-security-for-indu">SR 3.8</reference>
          <reference href="https://www.isa.org/products/ansi-isa-62443-3-3-99-03-03-2013-security-for-indu">SR 4.1</reference>
          <reference href="https://www.isa.org/products/ansi-isa-62443-3-3-99-03-03-2013-security-for-indu">SR 4.3</reference>
          <reference href="https://www.isa.org/products/ansi-isa-62443-3-3-99-03-03-2013-security-for-indu">SR 5.1</reference>
          <reference href="https://www.isa.org/products/ansi-isa-62443-3-3-99-03-03-2013-security-for-indu">SR 5.2</reference>
          <reference href="https://www.isa.org/products/ansi-isa-62443-3-3-99-03-03-2013-security-for-indu">SR 5.3</reference>
          <reference href="https://www.isa.org/products/ansi-isa-62443-3-3-99-03-03-2013-security-for-indu">SR 7.1</reference>
          <reference href="https://www.isa.org/products/ansi-isa-62443-3-3-99-03-03-2013-security-for-indu">SR 7.6</reference>
          <reference href="https://www.iso.org/contents/data/standard/05/45/54534.html">A.11.2.6</reference>
          <reference href="https://www.iso.org/contents/data/standard/05/45/54534.html">A.12.1.2</reference>
          <reference href="https://www.iso.org/contents/data/standard/05/45/54534.html">A.12.5.1</reference>
          <reference href="https://www.iso.org/contents/data/standard/05/45/54534.html">A.12.6.2</reference>
          <reference href="https://www.iso.org/contents/data/standard/05/45/54534.html">A.13.1.1</reference>
          <reference href="https://www.iso.org/contents/data/standard/05/45/54534.html">A.13.2.1</reference>
          <reference href="https://www.iso.org/contents/data/standard/05/45/54534.html">A.14.1.3</reference>
          <reference href="https://www.iso.org/contents/data/standard/05/45/54534.html">A.14.2.2</reference>
          <reference href="https://www.iso.org/contents/data/standard/05/45/54534.html">A.14.2.3</reference>
          <reference href="https://www.iso.org/contents/data/standard/05/45/54534.html">A.14.2.4</reference>
          <reference href="https://www.iso.org/contents/data/standard/05/45/54534.html">A.6.2.1</reference>
          <reference href="https://www.iso.org/contents/data/standard/05/45/54534.html">A.6.2.2</reference>
          <reference href="https://www.iso.org/contents/data/standard/05/45/54534.html">A.9.1.2</reference>
          <reference href="http://nvlpubs.nist.gov/nistpubs/SpecialPublications/NIST.SP.800-53r4.pdf">CM-7(a)</reference>
          <reference href="http://nvlpubs.nist.gov/nistpubs/SpecialPublications/NIST.SP.800-53r4.pdf">CM-7(b)</reference>
          <reference href="http://nvlpubs.nist.gov/nistpubs/SpecialPublications/NIST.SP.800-53r4.pdf">CM-6(a)</reference>
          <reference href="https://nvlpubs.nist.gov/nistpubs/CSWP/NIST.CSWP.04162018.pdf">PR.AC-3</reference>
          <reference href="https://nvlpubs.nist.gov/nistpubs/CSWP/NIST.CSWP.04162018.pdf">PR.IP-1</reference>
          <reference href="https://nvlpubs.nist.gov/nistpubs/CSWP/NIST.CSWP.04162018.pdf">PR.PT-3</reference>
          <reference href="https://nvlpubs.nist.gov/nistpubs/CSWP/NIST.CSWP.04162018.pdf">PR.PT-4</reference>
          <reference href="https://www.cyber.mil/stigs/downloads/?_dl_facet_stigs=operating-systems%2Cgeneral-purpose-os">SRG-OS-000250-GPOS-00093</reference>
          <reference href="https://cyber.gouv.fr/sites/default/files/document/linux_configuration-en-v2.pdf">R67</reference>
          <rationale xmlns:xhtml="http://www.w3.org/1999/xhtml" xml:lang="en-US">Without cryptographic integrity protections, information can be
altered by unauthorized users without detection. The ssl directive specifies
whether to use TLS or not. If not specified it will default to no.
It should be set to start_tls rather than doing LDAP over SSL.</rationale>
          <platform idref="#sssd-ldap"/>
          <check system="http://oval.mitre.org/XMLSchema/oval-definitions-5">
            <check-content-ref name="oval:ssg-sssd_ldap_start_tls:def:1" href="ssg-sle15-oval.xml"/>
          </check>
          <check system="http://scap.nist.gov/schema/ocil/2">
            <check-content-ref name="ocil:ssg-sssd_ldap_start_tls_ocil:questionnaire:1" href="ssg-sle15-ocil.xml"/>
          </check>
        </Rule>
      </Group>
    </Group>
    <Group id="xccdf_org.ssgproject.content_group_xwindows">
      <title xmlns:xhtml="http://www.w3.org/1999/xhtml" xml:lang="en-US">X Window System</title>
      <description xmlns:xhtml="http://www.w3.org/1999/xhtml" xml:lang="en-US">The X Window System implementation included with the
system is called X.org.</description>
      <Group id="xccdf_org.ssgproject.content_group_disabling_xwindows">
        <title xmlns:xhtml="http://www.w3.org/1999/xhtml" xml:lang="en-US">Disable X Windows</title>
        <description xmlns:xhtml="http://www.w3.org/1999/xhtml" xml:lang="en-US">Unless there is a mission-critical reason for the
system to run a graphical user interface, ensure X is not set to start
automatically at boot and remove the X Windows software packages.
There is usually no reason to run X Windows
on a dedicated server system, as it increases the system's attack surface and consumes
system resources. Administrators of server systems should instead login via
SSH or on the text console.</description>
        <Rule id="xccdf_org.ssgproject.content_rule_package_xorg-x11-server-common_removed" selected="false" role="full" severity="medium">
          <title xmlns:xhtml="http://www.w3.org/1999/xhtml" xml:lang="en-US">Remove the X Windows Package Group</title>
          <description xmlns:xhtml="http://www.w3.org/1999/xhtml" xml:lang="en-US">By removing the xorg-x11-server-common package, the system no longer has X Windows
installed. If X Windows is not installed then the system cannot boot into graphical user mode.
This prevents the system from being accidentally or maliciously booted into a <html:code xmlns:html="http://www.w3.org/1999/xhtml">graphical.target</html:code>
mode. To do so, run the following command:
<html:pre xmlns:html="http://www.w3.org/1999/xhtml">$ sudo zypper groupremove "X Window System"</html:pre>
        <html:pre xmlns:html="http://www.w3.org/1999/xhtml">$ sudo zypper remove xorg-x11-server-common</html:pre>
       </description>
          <warning xmlns:xhtml="http://www.w3.org/1999/xhtml" xml:lang="en-US" category="functionality">The installation and use of a Graphical User Interface (GUI) increases your attack vector and decreases your
overall security posture. Removing the package xorg-x11-server-common package will remove the graphical target
which might bring your system to an inconsistent state requiring additional configuration to access the system
again. If a GUI is an operational requirement, a tailored profile that removes this rule should used before
continuing installation.</warning>
          <reference href="https://www.cisecurity.org/controls/">12</reference>
          <reference href="https://www.cisecurity.org/controls/">15</reference>
          <reference href="https://www.cisecurity.org/controls/">8</reference>
          <reference href="https://www.isaca.org/resources/cobit">APO13.01</reference>
          <reference href="https://www.isaca.org/resources/cobit">DSS01.04</reference>
          <reference href="https://www.isaca.org/resources/cobit">DSS05.02</reference>
          <reference href="https://www.isaca.org/resources/cobit">DSS05.03</reference>
          <reference href="https://www.isa.org/products/isa-62443-2-1-2009-security-for-industrial-automat">4.3.3.6.6</reference>
          <reference href="https://www.isa.org/products/ansi-isa-62443-3-3-99-03-03-2013-security-for-indu">SR 1.13</reference>
          <reference href="https://www.isa.org/products/ansi-isa-62443-3-3-99-03-03-2013-security-for-indu">SR 2.6</reference>
          <reference href="https://www.isa.org/products/ansi-isa-62443-3-3-99-03-03-2013-security-for-indu">SR 3.1</reference>
          <reference href="https://www.isa.org/products/ansi-isa-62443-3-3-99-03-03-2013-security-for-indu">SR 3.5</reference>
          <reference href="https://www.isa.org/products/ansi-isa-62443-3-3-99-03-03-2013-security-for-indu">SR 3.8</reference>
          <reference href="https://www.isa.org/products/ansi-isa-62443-3-3-99-03-03-2013-security-for-indu">SR 4.1</reference>
          <reference href="https://www.isa.org/products/ansi-isa-62443-3-3-99-03-03-2013-security-for-indu">SR 4.3</reference>
          <reference href="https://www.isa.org/products/ansi-isa-62443-3-3-99-03-03-2013-security-for-indu">SR 5.1</reference>
          <reference href="https://www.isa.org/products/ansi-isa-62443-3-3-99-03-03-2013-security-for-indu">SR 5.2</reference>
          <reference href="https://www.isa.org/products/ansi-isa-62443-3-3-99-03-03-2013-security-for-indu">SR 5.3</reference>
          <reference href="https://www.isa.org/products/ansi-isa-62443-3-3-99-03-03-2013-security-for-indu">SR 7.1</reference>
          <reference href="https://www.isa.org/products/ansi-isa-62443-3-3-99-03-03-2013-security-for-indu">SR 7.6</reference>
          <reference href="https://www.iso.org/contents/data/standard/05/45/54534.html">A.11.2.6</reference>
          <reference href="https://www.iso.org/contents/data/standard/05/45/54534.html">A.13.1.1</reference>
          <reference href="https://www.iso.org/contents/data/standard/05/45/54534.html">A.13.2.1</reference>
          <reference href="https://www.iso.org/contents/data/standard/05/45/54534.html">A.14.1.3</reference>
          <reference href="https://www.iso.org/contents/data/standard/05/45/54534.html">A.6.2.1</reference>
          <reference href="https://www.iso.org/contents/data/standard/05/45/54534.html">A.6.2.2</reference>
          <reference href="http://nvlpubs.nist.gov/nistpubs/SpecialPublications/NIST.SP.800-53r4.pdf">CM-7(a)</reference>
          <reference href="http://nvlpubs.nist.gov/nistpubs/SpecialPublications/NIST.SP.800-53r4.pdf">CM-7(b)</reference>
          <reference href="http://nvlpubs.nist.gov/nistpubs/SpecialPublications/NIST.SP.800-53r4.pdf">CM-6(a)</reference>
          <reference href="https://nvlpubs.nist.gov/nistpubs/CSWP/NIST.CSWP.04162018.pdf">PR.AC-3</reference>
          <reference href="https://nvlpubs.nist.gov/nistpubs/CSWP/NIST.CSWP.04162018.pdf">PR.PT-4</reference>
          <reference href="https://www.cyber.mil/stigs/downloads/?_dl_facet_stigs=operating-systems%2Cgeneral-purpose-os">SRG-OS-000480-GPOS-00227</reference>
          <reference href="https://www.cisecurity.org/benchmark/suse_linux/">2.2.2</reference>
          <reference href="not_publicly_available">SLES-15-300150315</reference>
          <rationale xmlns:xhtml="http://www.w3.org/1999/xhtml" xml:lang="en-US">Unnecessary service packages must not be installed to decrease the attack surface of the system. X windows has a long history of security
vulnerabilities and should not be installed unless approved and documented.</rationale>
          <ident system="https://ncp.nist.gov/cce">CCE-91361-6</ident>
          <fix xmlns:xhtml="http://www.w3.org/1999/xhtml" id="package_xorg-x11-server-common_removed" system="urn:xccdf:fix:script:puppet" complexity="low" disruption="low" strategy="disable">
include remove_xorg-x11-server-common

class remove_xorg-x11-server-common {
  package { 'xorg-x11-server-common':
    ensure =&gt; 'purged',
  }
}
</fix>
          <fix xmlns:xhtml="http://www.w3.org/1999/xhtml" id="package_xorg-x11-server-common_removed" system="urn:xccdf:fix:script:sh" complexity="low" disruption="low" strategy="disable">
# CAUTION: This remediation script will remove xorg-x11-server-common
# from the system, and may remove any packages
# that depend on xorg-x11-server-common. Execute this
# remediation AFTER testing on a non-production
# system!


zypper remove -y "xorg-x11-server-common"
</fix>
          <fix xmlns:xhtml="http://www.w3.org/1999/xhtml" id="package_xorg-x11-server-common_removed" system="urn:xccdf:fix:script:ansible" complexity="low" disruption="low" strategy="disable">- name: 'Remove the X Windows Package Group: Ensure xorg-x11-server-common is removed'
  ansible.builtin.package:
    name: xorg-x11-server-common
    state: absent
  tags:
  - CCE-91361-6
  - NIST-800-53-CM-6(a)
  - NIST-800-53-CM-7(a)
  - NIST-800-53-CM-7(b)
  - disable_strategy
  - low_complexity
  - low_disruption
  - medium_severity
  - no_reboot_needed
  - package_xorg-x11-server-common_removed
</fix>
          <check system="http://oval.mitre.org/XMLSchema/oval-definitions-5">
            <check-content-ref name="oval:ssg-package_xorg-x11-server-common_removed:def:1" href="ssg-sle15-oval.xml"/>
          </check>
          <check system="http://scap.nist.gov/schema/ocil/2">
            <check-content-ref name="ocil:ssg-package_xorg-x11-server-common_removed_ocil:questionnaire:1" href="ssg-sle15-ocil.xml"/>
          </check>
        </Rule>
        <Rule id="xccdf_org.ssgproject.content_rule_xwindows_remove_packages" selected="false" role="full" severity="medium">
          <title xmlns:xhtml="http://www.w3.org/1999/xhtml" xml:lang="en-US">Disable graphical user interface</title>
          <description xmlns:xhtml="http://www.w3.org/1999/xhtml" xml:lang="en-US">By removing the following packages, the system no longer has X Windows installed.
 <html:code xmlns:html="http://www.w3.org/1999/xhtml">xorg-x11-server</html:code>
        <html:code xmlns:html="http://www.w3.org/1999/xhtml">xorg-x11-server-extra</html:code>
        <html:code xmlns:html="http://www.w3.org/1999/xhtml">xorg-x11-server-Xvfb</html:code>
        <html:code xmlns:html="http://www.w3.org/1999/xhtml">xwayland</html:code>

If X Windows is not installed then the system cannot boot into graphical user mode.
This prevents the system from being accidentally or maliciously booted into a <html:code xmlns:html="http://www.w3.org/1999/xhtml">graphical.target</html:code>
mode. To do so, run the following command:
<html:pre xmlns:html="http://www.w3.org/1999/xhtml">sudo zypper remove xorg-x11-server xorg-x11-server-extra xorg-x11-server-Xvfb xwayland</html:pre>
       </description>
          <warning xmlns:xhtml="http://www.w3.org/1999/xhtml" xml:lang="en-US" category="functionality">The installation and use of a Graphical User Interface (GUI) increases your attack vector and decreases your
overall security posture. Removing the package xorg-x11-server-common package will remove the graphical target
which might bring your system to an inconsistent state requiring additional configuration to access the system
again.
The rule <html:code xmlns:html="http://www.w3.org/1999/xhtml">xwindows_runlevel_target</html:code> can be used to configure the system to boot into the multi-user.target.
If a GUI is an operational requirement, a tailored profile that removes this rule should be used before
continuing installation.</warning>
          <reference href="http://nvlpubs.nist.gov/nistpubs/SpecialPublications/NIST.SP.800-53r4.pdf">CM-6(b)</reference>
          <reference href="https://www.cyber.mil/stigs/downloads/?_dl_facet_stigs=operating-systems%2Cgeneral-purpose-os">SRG-OS-000480-GPOS-00227</reference>
          <reference href="https://www.cisecurity.org/benchmark/suse_linux/">2.2.2</reference>
          <reference href="not_publicly_available">SLES-15-300150315</reference>
          <rationale xmlns:xhtml="http://www.w3.org/1999/xhtml" xml:lang="en-US">Unnecessary service packages must not be installed to decrease the attack surface of the system.
X windows has a long history of security vulnerabilities and should not be installed unless approved and documented.</rationale>
          <ident system="https://ncp.nist.gov/cce">CCE-91362-4</ident>
          <fix xmlns:xhtml="http://www.w3.org/1999/xhtml" id="xwindows_remove_packages" system="urn:xccdf:fix:script:sh" reboot="true" complexity="low" disruption="low" strategy="restrict">
# remove packages

zypper remove -y "xorg-x11-server"

zypper remove -y "xorg-x11-server-extra"

zypper remove -y "xorg-x11-server-Xvfb"

zypper remove -y "xwayland"
</fix>
          <fix xmlns:xhtml="http://www.w3.org/1999/xhtml" id="xwindows_remove_packages" system="urn:redhat:anaconda:pre">
# remove packages

package --remove=xorg-x11-server

package --remove=xorg-x11-server-extra

package --remove=xorg-x11-server-Xvfb

package --remove=xwayland
</fix>
          <fix xmlns:xhtml="http://www.w3.org/1999/xhtml" id="xwindows_remove_packages" system="urn:xccdf:fix:script:ansible" reboot="true" complexity="low" disruption="low" strategy="restrict">- name: Disable graphical user interface - Ensure xorg-x11-server is removed
  ansible.builtin.package:
    name: xorg-x11-server
    state: absent
  tags:
  - CCE-91362-4
  - NIST-800-53-CM-6(b)
  - low_complexity
  - low_disruption
  - medium_severity
  - reboot_required
  - restrict_strategy
  - xwindows_remove_packages

- name: Disable graphical user interface - Ensure xorg-x11-server-extra is removed
  ansible.builtin.package:
    name: xorg-x11-server-extra
    state: absent
  tags:
  - CCE-91362-4
  - NIST-800-53-CM-6(b)
  - low_complexity
  - low_disruption
  - medium_severity
  - reboot_required
  - restrict_strategy
  - xwindows_remove_packages

- name: Disable graphical user interface - Ensure xorg-x11-server-Xvfb is removed
  ansible.builtin.package:
    name: xorg-x11-server-Xvfb
    state: absent
  tags:
  - CCE-91362-4
  - NIST-800-53-CM-6(b)
  - low_complexity
  - low_disruption
  - medium_severity
  - reboot_required
  - restrict_strategy
  - xwindows_remove_packages

- name: Disable graphical user interface - Ensure xwayland is removed
  ansible.builtin.package:
    name: xwayland
    state: absent
  tags:
  - CCE-91362-4
  - NIST-800-53-CM-6(b)
  - low_complexity
  - low_disruption
  - medium_severity
  - reboot_required
  - restrict_strategy
  - xwindows_remove_packages
</fix>
          <check system="http://oval.mitre.org/XMLSchema/oval-definitions-5">
            <check-content-ref name="oval:ssg-xwindows_remove_packages:def:1" href="ssg-sle15-oval.xml"/>
          </check>
          <check system="http://scap.nist.gov/schema/ocil/2">
            <check-content-ref name="ocil:ssg-xwindows_remove_packages_ocil:questionnaire:1" href="ssg-sle15-ocil.xml"/>
          </check>
        </Rule>
        <Rule id="xccdf_org.ssgproject.content_rule_xwindows_runlevel_target" selected="false" role="full" severity="medium">
          <title xmlns:xhtml="http://www.w3.org/1999/xhtml" xml:lang="en-US">Disable Graphical Environment Startup By Setting Default Target</title>
          <description xmlns:xhtml="http://www.w3.org/1999/xhtml" xml:lang="en-US">Systems that do not require a graphical user interface should only boot by
default into <html:code xmlns:html="http://www.w3.org/1999/xhtml">multi-user.target</html:code> mode. This prevents accidental booting of the system
into a <html:code xmlns:html="http://www.w3.org/1999/xhtml">graphical.target</html:code> mode. Setting the system's default target to
<html:code xmlns:html="http://www.w3.org/1999/xhtml">multi-user.target</html:code> will prevent automatic startup of the graphical environment.
To do so, run:
<html:pre xmlns:html="http://www.w3.org/1999/xhtml">$ systemctl set-default multi-user.target</html:pre>
You should see the following output:
<html:pre xmlns:html="http://www.w3.org/1999/xhtml">Removed symlink /etc/systemd/system/default.target.
Created symlink from /etc/systemd/system/default.target to /usr/lib/systemd/system/multi-user.target.</html:pre>
       </description>
          <reference href="https://www.cisecurity.org/controls/">12</reference>
          <reference href="https://www.cisecurity.org/controls/">15</reference>
          <reference href="https://www.cisecurity.org/controls/">8</reference>
          <reference href="https://www.isaca.org/resources/cobit">APO13.01</reference>
          <reference href="https://www.isaca.org/resources/cobit">DSS01.04</reference>
          <reference href="https://www.isaca.org/resources/cobit">DSS05.02</reference>
          <reference href="https://www.isaca.org/resources/cobit">DSS05.03</reference>
          <reference href="https://www.isa.org/products/isa-62443-2-1-2009-security-for-industrial-automat">4.3.3.6.6</reference>
          <reference href="https://www.isa.org/products/ansi-isa-62443-3-3-99-03-03-2013-security-for-indu">SR 1.13</reference>
          <reference href="https://www.isa.org/products/ansi-isa-62443-3-3-99-03-03-2013-security-for-indu">SR 2.6</reference>
          <reference href="https://www.isa.org/products/ansi-isa-62443-3-3-99-03-03-2013-security-for-indu">SR 3.1</reference>
          <reference href="https://www.isa.org/products/ansi-isa-62443-3-3-99-03-03-2013-security-for-indu">SR 3.5</reference>
          <reference href="https://www.isa.org/products/ansi-isa-62443-3-3-99-03-03-2013-security-for-indu">SR 3.8</reference>
          <reference href="https://www.isa.org/products/ansi-isa-62443-3-3-99-03-03-2013-security-for-indu">SR 4.1</reference>
          <reference href="https://www.isa.org/products/ansi-isa-62443-3-3-99-03-03-2013-security-for-indu">SR 4.3</reference>
          <reference href="https://www.isa.org/products/ansi-isa-62443-3-3-99-03-03-2013-security-for-indu">SR 5.1</reference>
          <reference href="https://www.isa.org/products/ansi-isa-62443-3-3-99-03-03-2013-security-for-indu">SR 5.2</reference>
          <reference href="https://www.isa.org/products/ansi-isa-62443-3-3-99-03-03-2013-security-for-indu">SR 5.3</reference>
          <reference href="https://www.isa.org/products/ansi-isa-62443-3-3-99-03-03-2013-security-for-indu">SR 7.1</reference>
          <reference href="https://www.isa.org/products/ansi-isa-62443-3-3-99-03-03-2013-security-for-indu">SR 7.6</reference>
          <reference href="https://www.iso.org/contents/data/standard/05/45/54534.html">A.11.2.6</reference>
          <reference href="https://www.iso.org/contents/data/standard/05/45/54534.html">A.13.1.1</reference>
          <reference href="https://www.iso.org/contents/data/standard/05/45/54534.html">A.13.2.1</reference>
          <reference href="https://www.iso.org/contents/data/standard/05/45/54534.html">A.14.1.3</reference>
          <reference href="https://www.iso.org/contents/data/standard/05/45/54534.html">A.6.2.1</reference>
          <reference href="https://www.iso.org/contents/data/standard/05/45/54534.html">A.6.2.2</reference>
          <reference href="http://nvlpubs.nist.gov/nistpubs/SpecialPublications/NIST.SP.800-53r4.pdf">CM-7(a)</reference>
          <reference href="http://nvlpubs.nist.gov/nistpubs/SpecialPublications/NIST.SP.800-53r4.pdf">CM-7(b)</reference>
          <reference href="http://nvlpubs.nist.gov/nistpubs/SpecialPublications/NIST.SP.800-53r4.pdf">CM-6(a)</reference>
          <reference href="https://nvlpubs.nist.gov/nistpubs/CSWP/NIST.CSWP.04162018.pdf">PR.AC-3</reference>
          <reference href="https://nvlpubs.nist.gov/nistpubs/CSWP/NIST.CSWP.04162018.pdf">PR.PT-4</reference>
          <reference href="https://www.cyber.mil/stigs/downloads/?_dl_facet_stigs=operating-systems%2Cgeneral-purpose-os">SRG-OS-000480-GPOS-00227</reference>
          <rationale xmlns:xhtml="http://www.w3.org/1999/xhtml" xml:lang="en-US">Services that are not required for system and application processes
must not be active to decrease the attack surface of the system.</rationale>
          <platform idref="#system_with_kernel"/>
          <fix xmlns:xhtml="http://www.w3.org/1999/xhtml" id="xwindows_runlevel_target" system="urn:xccdf:fix:script:sh" reboot="true" complexity="low" disruption="low" strategy="restrict"># Remediation is applicable only in certain platforms
if rpm --quiet -q kernel-default || rpm --quiet -q kernel-default-base; then

systemctl set-default multi-user.target

else
    &gt;&amp;2 echo 'Remediation is not applicable, nothing was done'
fi
</fix>
          <fix xmlns:xhtml="http://www.w3.org/1999/xhtml" id="xwindows_runlevel_target" system="urn:xccdf:fix:script:ansible" reboot="true" complexity="low" disruption="low" strategy="restrict">- name: Gather the package facts
  package_facts:
    manager: auto
  tags:
  - NIST-800-53-CM-6(a)
  - NIST-800-53-CM-7(a)
  - NIST-800-53-CM-7(b)
  - low_complexity
  - low_disruption
  - medium_severity
  - reboot_required
  - restrict_strategy
  - xwindows_runlevel_target

- name: Switch to multi-user runlevel
  ansible.builtin.file:
    src: /usr/lib/systemd/system/multi-user.target
    dest: /etc/systemd/system/default.target
    state: link
    force: true
  when: ("kernel-default" in ansible_facts.packages or "kernel-default-base" in ansible_facts.packages)
  tags:
  - NIST-800-53-CM-6(a)
  - NIST-800-53-CM-7(a)
  - NIST-800-53-CM-7(b)
  - low_complexity
  - low_disruption
  - medium_severity
  - reboot_required
  - restrict_strategy
  - xwindows_runlevel_target
</fix>
          <check system="http://oval.mitre.org/XMLSchema/oval-definitions-5">
            <check-content-ref name="oval:ssg-xwindows_runlevel_target:def:1" href="ssg-sle15-oval.xml"/>
          </check>
          <check system="http://scap.nist.gov/schema/ocil/2">
            <check-content-ref name="ocil:ssg-xwindows_runlevel_target_ocil:questionnaire:1" href="ssg-sle15-ocil.xml"/>
          </check>
        </Rule>
      </Group>
    </Group>
  </Group>
  <Group id="xccdf_org.ssgproject.content_group_auditing">
    <title xmlns:xhtml="http://www.w3.org/1999/xhtml" xml:lang="en-US">System Accounting with auditd</title>
    <description xmlns:xhtml="http://www.w3.org/1999/xhtml" xml:lang="en-US">The audit service provides substantial capabilities
for recording system activities. By default, the service audits about
SELinux AVC denials and certain types of security-relevant events
such as system logins, account modifications, and authentication
events performed by programs such as sudo.
Under its default configuration, <html:code xmlns:html="http://www.w3.org/1999/xhtml">auditd</html:code> has modest disk space
requirements, and should not noticeably impact system performance.
<html:br xmlns:html="http://www.w3.org/1999/xhtml"/>
     <html:br xmlns:html="http://www.w3.org/1999/xhtml"/>
NOTE: The Linux Audit daemon <html:code xmlns:html="http://www.w3.org/1999/xhtml">auditd</html:code> can be configured to use
the <html:code xmlns:html="http://www.w3.org/1999/xhtml">augenrules</html:code> program to read audit rules files (<html:code xmlns:html="http://www.w3.org/1999/xhtml">*.rules</html:code>)
located in <html:code xmlns:html="http://www.w3.org/1999/xhtml">/etc/audit/rules.d</html:code> location and compile them to create
the resulting form of the <html:code xmlns:html="http://www.w3.org/1999/xhtml">/etc/audit/audit.rules</html:code> configuration file
during the daemon startup (default configuration). Alternatively, the <html:code xmlns:html="http://www.w3.org/1999/xhtml">auditd</html:code>
daemon can use the <html:code xmlns:html="http://www.w3.org/1999/xhtml">auditctl</html:code> utility to read audit rules from the
<html:code xmlns:html="http://www.w3.org/1999/xhtml">/etc/audit/audit.rules</html:code> configuration file during daemon startup,
and load them into the kernel. The expected behavior is configured via the
appropriate <html:code xmlns:html="http://www.w3.org/1999/xhtml">ExecStartPost</html:code> directive setting in the
<html:code xmlns:html="http://www.w3.org/1999/xhtml">/usr/lib/systemd/system/auditd.service</html:code> configuration file.
To instruct the <html:code xmlns:html="http://www.w3.org/1999/xhtml">auditd</html:code> daemon to use the <html:code xmlns:html="http://www.w3.org/1999/xhtml">augenrules</html:code> program
to read audit rules (default configuration), use the following setting:
<html:br xmlns:html="http://www.w3.org/1999/xhtml"/>
     <html:pre xmlns:html="http://www.w3.org/1999/xhtml">ExecStartPost=-/sbin/augenrules --load</html:pre>
in the <html:code xmlns:html="http://www.w3.org/1999/xhtml">/usr/lib/systemd/system/auditd.service</html:code> configuration file.
In order to instruct the <html:code xmlns:html="http://www.w3.org/1999/xhtml">auditd</html:code> daemon to use the <html:code xmlns:html="http://www.w3.org/1999/xhtml">auditctl</html:code>
utility to read audit rules, use the following setting:
<html:br xmlns:html="http://www.w3.org/1999/xhtml"/>
     <html:pre xmlns:html="http://www.w3.org/1999/xhtml">ExecStartPost=-/sbin/auditctl -R /etc/audit/audit.rules</html:pre>
in the <html:code xmlns:html="http://www.w3.org/1999/xhtml">/usr/lib/systemd/system/auditd.service</html:code> configuration file.
Refer to <html:code xmlns:html="http://www.w3.org/1999/xhtml">[Service]</html:code> section of the <html:code xmlns:html="http://www.w3.org/1999/xhtml">/usr/lib/systemd/system/auditd.service</html:code>
configuration file for further details.
<html:br xmlns:html="http://www.w3.org/1999/xhtml"/>
     <html:br xmlns:html="http://www.w3.org/1999/xhtml"/>
Government networks often have substantial auditing
requirements and <html:code xmlns:html="http://www.w3.org/1999/xhtml">auditd</html:code> can be configured to meet these
requirements.
Examining some example audit records demonstrates how the Linux audit system
satisfies common requirements.
The following example from Red Hat Enterprise Linux 7 Documentation available at
<html:code xmlns:html="http://www.w3.org/1999/xhtml"><html:a href="https://access.redhat.com/documentation/en-us/red_hat_enterprise_linux/7/html-single/selinux_users_and_administrators_guide/index#sect-Security-Enhanced_Linux-Fixing_Problems-Raw_Audit_Messages">https://access.redhat.com/documentation/en-us/red_hat_enterprise_linux/7/html-single/selinux_users_and_administrators_guide/index#sect-Security-Enhanced_Linux-Fixing_Problems-Raw_Audit_Messages</html:a></html:code>
shows the substantial amount of information captured in a
two typical "raw" audit messages, followed by a breakdown of the most important
fields. In this example the message is SELinux-related and reports an AVC
denial (and the associated system call) that occurred when the Apache HTTP
Server attempted to access the <html:code xmlns:html="http://www.w3.org/1999/xhtml">/var/www/html/file1</html:code> file (labeled with
the <html:code xmlns:html="http://www.w3.org/1999/xhtml">samba_share_t</html:code> type):
<html:pre xmlns:html="http://www.w3.org/1999/xhtml">type=AVC msg=audit(1226874073.147:96): avc:  denied  { getattr } for pid=2465 comm="httpd"
path="/var/www/html/file1" dev=dm-0 ino=284133 scontext=unconfined_u:system_r:httpd_t:s0
tcontext=unconfined_u:object_r:samba_share_t:s0 tclass=file

type=SYSCALL msg=audit(1226874073.147:96): arch=40000003 syscall=196 success=no exit=-13
a0=b98df198 a1=bfec85dc a2=54dff4 a3=2008171 items=0 ppid=2463 pid=2465 auid=502 uid=48
gid=48 euid=48 suid=48 fsuid=48 egid=48 sgid=48 fsgid=48 tty=(none) ses=6 comm="httpd"
exe="/usr/sbin/httpd" subj=unconfined_u:system_r:httpd_t:s0 key=(null)
</html:pre>
     <html:ul xmlns:html="http://www.w3.org/1999/xhtml"><html:li><html:code>msg=audit(1226874073.147:96)</html:code><html:ul><html:li>The number in parentheses is the unformatted time stamp (Epoch time)
for the event, which can be converted to standard time by using the
<html:code>date</html:code> command.
</html:li></html:ul></html:li><html:li><html:code>{ getattr }</html:code><html:ul><html:li>The item in braces indicates the permission that was denied. <html:code>getattr</html:code>
indicates the source process was trying to read the target file's status information.
This occurs before reading files. This action is denied due to the file being
accessed having the wrong label. Commonly seen permissions include <html:code>getattr</html:code>,
<html:code>read</html:code>, and <html:code>write</html:code>.</html:li></html:ul></html:li><html:li><html:code>comm="httpd"</html:code><html:ul><html:li>The executable that launched the process. The full path of the executable is
found in the <html:code>exe=</html:code> section of the system call (<html:code>SYSCALL</html:code>) message,
which in this case, is <html:code>exe="/usr/sbin/httpd"</html:code>.
</html:li></html:ul></html:li><html:li><html:code>path="/var/www/html/file1"</html:code><html:ul><html:li>The path to the object (target) the process attempted to access.
</html:li></html:ul></html:li><html:li><html:code>scontext="unconfined_u:system_r:httpd_t:s0"</html:code><html:ul><html:li>The SELinux context of the process that attempted the denied action. In
this case, it is the SELinux context of the Apache HTTP Server, which is running
in the <html:code>httpd_t</html:code> domain.
</html:li></html:ul></html:li><html:li><html:code>tcontext="unconfined_u:object_r:samba_share_t:s0"</html:code><html:ul><html:li>The SELinux context of the object (target) the process attempted to access.
In this case, it is the SELinux context of <html:code>file1</html:code>. Note: the <html:code>samba_share_t</html:code>
type is not accessible to processes running in the <html:code>httpd_t</html:code> domain.</html:li></html:ul></html:li><html:li> From the system call (<html:code>SYSCALL</html:code>) message, two items are of interest:
<html:ul><html:li><html:code>success=no</html:code>: indicates whether the denial (AVC) was enforced or not.
<html:code>success=no</html:code> indicates the system call was not successful (SELinux denied
access). <html:code>success=yes</html:code> indicates the system call was successful - this can
be seen for permissive domains or unconfined domains, such as <html:code>initrc_t</html:code>
and <html:code>kernel_t</html:code>.
</html:li><html:li><html:code>exe="/usr/sbin/httpd"</html:code>: the full path to the executable that launched
the process, which in this case, is <html:code>exe="/usr/sbin/httpd"</html:code>.
</html:li></html:ul>
      </html:li></html:ul>
    </description>
    <platform idref="#system_with_kernel"/>
    <Value id="xccdf_org.ssgproject.content_value_var_audit_backlog_limit" type="string" interactive="true">
      <title xmlns:xhtml="http://www.w3.org/1999/xhtml" xml:lang="en-US">Audit backlog limit</title>
      <description xmlns:xhtml="http://www.w3.org/1999/xhtml" xml:lang="en-US">Value of the audit_backlog_limit argument in GRUB 2 configuration.
The audit_backlog_limit parameter determines how auditd records can
be held in the auditd backlog.</description>
      <value>8192</value>
      <value selector="8192">8192</value>
    </Value>
    <Rule id="xccdf_org.ssgproject.content_rule_package_audit-audispd-plugins_installed" selected="false" role="full" severity="medium">
      <title xmlns:xhtml="http://www.w3.org/1999/xhtml" xml:lang="en-US">Ensure the default plugins for the audit dispatcher are Installed</title>
      <description xmlns:xhtml="http://www.w3.org/1999/xhtml" xml:lang="en-US">The audit-audispd-plugins package should be installed.</description>
      <reference href="https://www.gpo.gov/fdsys/pkg/CFR-2007-title45-vol1/pdf/CFR-2007-title45-vol1-chapA-subchapC.pdf">164.308(a)(1)(ii)(D)</reference>
      <reference href="https://www.gpo.gov/fdsys/pkg/CFR-2007-title45-vol1/pdf/CFR-2007-title45-vol1-chapA-subchapC.pdf">164.308(a)(5)(ii)(C)</reference>
      <reference href="https://www.gpo.gov/fdsys/pkg/CFR-2007-title45-vol1/pdf/CFR-2007-title45-vol1-chapA-subchapC.pdf">164.310(a)(2)(iv)</reference>
      <reference href="https://www.gpo.gov/fdsys/pkg/CFR-2007-title45-vol1/pdf/CFR-2007-title45-vol1-chapA-subchapC.pdf">164.310(d)(2)(iii)</reference>
      <reference href="https://www.gpo.gov/fdsys/pkg/CFR-2007-title45-vol1/pdf/CFR-2007-title45-vol1-chapA-subchapC.pdf">164.312(b)</reference>
      <reference href="https://www.pcisecuritystandards.org/documents/PCI_DSS_v3-2-1.pdf">Req-10.5.3</reference>
      <reference href="https://www.cyber.mil/stigs/downloads/?_dl_facet_stigs=operating-systems%2Cgeneral-purpose-os">SRG-OS-000342-GPOS-00133</reference>
      <reference href="https://www.cyber.mil/stigs/downloads/?_dl_facet_stigs=operating-systems%2Cunix-linux">SLES-15-030670</reference>
      <reference href="https://docs-prv.pcisecuritystandards.org/PCI%20DSS/Standard/PCI-DSS-v4_0.pdf">10.3.3</reference>
      <reference href="https://docs-prv.pcisecuritystandards.org/PCI%20DSS/Standard/PCI-DSS-v4_0.pdf">10.3</reference>
      <reference href="https://www.cyber.mil/stigs/srg-stig-tools/">SV-234966r1009564_rule</reference>
      <rationale xmlns:xhtml="http://www.w3.org/1999/xhtml" xml:lang="en-US">Information stored in one location is vulnerable to accidental or incidental deletion or alteration. Off-loading is a common process in information systems with limited audit storage capacity.</rationale>
      <ident system="https://ncp.nist.gov/cce">CCE-85613-8</ident>
      <fix xmlns:xhtml="http://www.w3.org/1999/xhtml" id="package_audit-audispd-plugins_installed" system="urn:xccdf:fix:script:puppet" complexity="low" disruption="low" strategy="enable">include install_audit-audispd-plugins

class install_audit-audispd-plugins {
  package { 'audit-audispd-plugins':
    ensure =&gt; 'installed',
  }
}
</fix>
      <fix xmlns:xhtml="http://www.w3.org/1999/xhtml" id="package_audit-audispd-plugins_installed" system="urn:xccdf:fix:script:sh" complexity="low" disruption="low" strategy="enable"># Remediation is applicable only in certain platforms
if rpm --quiet -q kernel-default || rpm --quiet -q kernel-default-base; then

zypper install -y "audit-audispd-plugins"

else
    &gt;&amp;2 echo 'Remediation is not applicable, nothing was done'
fi
</fix>
      <fix xmlns:xhtml="http://www.w3.org/1999/xhtml" id="package_audit-audispd-plugins_installed" system="urn:redhat:osbuild:blueprint">
[[packages]]
name = "audit-audispd-plugins"
version = "*"
</fix>
      <fix xmlns:xhtml="http://www.w3.org/1999/xhtml" id="package_audit-audispd-plugins_installed" system="urn:xccdf:fix:script:ansible" complexity="low" disruption="low" strategy="enable">- name: Gather the package facts
  package_facts:
    manager: auto
  tags:
  - CCE-85613-8
  - DISA-STIG-SLES-15-030670
  - PCI-DSS-Req-10.5.3
  - PCI-DSSv4-10.3
  - PCI-DSSv4-10.3.3
  - enable_strategy
  - low_complexity
  - low_disruption
  - medium_severity
  - no_reboot_needed
  - package_audit-audispd-plugins_installed

- name: Ensure audit-audispd-plugins is installed
  ansible.builtin.package:
    name: audit-audispd-plugins
    state: present
  when: ("kernel-default" in ansible_facts.packages or "kernel-default-base" in ansible_facts.packages)
  tags:
  - CCE-85613-8
  - DISA-STIG-SLES-15-030670
  - PCI-DSS-Req-10.5.3
  - PCI-DSSv4-10.3
  - PCI-DSSv4-10.3.3
  - enable_strategy
  - low_complexity
  - low_disruption
  - medium_severity
  - no_reboot_needed
  - package_audit-audispd-plugins_installed
</fix>
      <check system="http://oval.mitre.org/XMLSchema/oval-definitions-5">
        <check-content-ref name="oval:ssg-package_audit-audispd-plugins_installed:def:1" href="ssg-sle15-oval.xml"/>
      </check>
      <check system="http://scap.nist.gov/schema/ocil/2">
        <check-content-ref name="ocil:ssg-package_audit-audispd-plugins_installed_ocil:questionnaire:1" href="ssg-sle15-ocil.xml"/>
      </check>
    </Rule>
    <Rule id="xccdf_org.ssgproject.content_rule_package_audit-libs_installed" selected="false" role="full" severity="medium">
      <title xmlns:xhtml="http://www.w3.org/1999/xhtml" xml:lang="en-US">Ensure the libaudit1 package as a part of audit Subsystem is Installed</title>
      <description xmlns:xhtml="http://www.w3.org/1999/xhtml" xml:lang="en-US">The libaudit1 package should be installed.</description>
      <reference href="https://www.nerc.com/standards/reliability-standards/cip">CIP-004-6 R3.3</reference>
      <reference href="https://www.nerc.com/standards/reliability-standards/cip">CIP-007-3 R6.5</reference>
      <reference href="http://nvlpubs.nist.gov/nistpubs/SpecialPublications/NIST.SP.800-53r4.pdf">AC-7(a)</reference>
      <reference href="http://nvlpubs.nist.gov/nistpubs/SpecialPublications/NIST.SP.800-53r4.pdf">AU-7(1)</reference>
      <reference href="http://nvlpubs.nist.gov/nistpubs/SpecialPublications/NIST.SP.800-53r4.pdf">AU-7(2)</reference>
      <reference href="http://nvlpubs.nist.gov/nistpubs/SpecialPublications/NIST.SP.800-53r4.pdf">AU-14</reference>
      <reference href="http://nvlpubs.nist.gov/nistpubs/SpecialPublications/NIST.SP.800-53r4.pdf">AU-12(2)</reference>
      <reference href="http://nvlpubs.nist.gov/nistpubs/SpecialPublications/NIST.SP.800-53r4.pdf">AU-2(a)</reference>
      <reference href="http://nvlpubs.nist.gov/nistpubs/SpecialPublications/NIST.SP.800-53r4.pdf">CM-6(a)</reference>
      <reference href="https://www.pcisecuritystandards.org/documents/PCI_DSS_v3-2-1.pdf">Req-10.2.1</reference>
      <reference href="https://www.cyber.mil/stigs/downloads/?_dl_facet_stigs=operating-systems%2Cgeneral-purpose-os">SRG-OS-000062-GPOS-00031</reference>
      <reference href="https://www.cyber.mil/stigs/downloads/?_dl_facet_stigs=operating-systems%2Cgeneral-purpose-os">SRG-OS-000037-GPOS-00015</reference>
      <reference href="https://www.cyber.mil/stigs/downloads/?_dl_facet_stigs=operating-systems%2Cgeneral-purpose-os">SRG-OS-000038-GPOS-00016</reference>
      <reference href="https://www.cyber.mil/stigs/downloads/?_dl_facet_stigs=operating-systems%2Cgeneral-purpose-os">SRG-OS-000039-GPOS-00017</reference>
      <reference href="https://www.cyber.mil/stigs/downloads/?_dl_facet_stigs=operating-systems%2Cgeneral-purpose-os">SRG-OS-000040-GPOS-00018</reference>
      <reference href="https://www.cyber.mil/stigs/downloads/?_dl_facet_stigs=operating-systems%2Cgeneral-purpose-os">SRG-OS-000041-GPOS-00019</reference>
      <reference href="https://www.cyber.mil/stigs/downloads/?_dl_facet_stigs=operating-systems%2Cgeneral-purpose-os">SRG-OS-000042-GPOS-00021</reference>
      <reference href="https://www.cyber.mil/stigs/downloads/?_dl_facet_stigs=operating-systems%2Cgeneral-purpose-os">SRG-OS-000051-GPOS-00024</reference>
      <reference href="https://www.cyber.mil/stigs/downloads/?_dl_facet_stigs=operating-systems%2Cgeneral-purpose-os">SRG-OS-000054-GPOS-00025</reference>
      <reference href="https://www.cyber.mil/stigs/downloads/?_dl_facet_stigs=operating-systems%2Cgeneral-purpose-os">SRG-OS-000122-GPOS-00063</reference>
      <reference href="https://www.cyber.mil/stigs/downloads/?_dl_facet_stigs=operating-systems%2Cgeneral-purpose-os">SRG-OS-000254-GPOS-00095</reference>
      <reference href="https://www.cyber.mil/stigs/downloads/?_dl_facet_stigs=operating-systems%2Cgeneral-purpose-os">SRG-OS-000255-GPOS-00096</reference>
      <reference href="https://www.cyber.mil/stigs/downloads/?_dl_facet_stigs=operating-systems%2Cgeneral-purpose-os">SRG-OS-000337-GPOS-00129</reference>
      <reference href="https://www.cyber.mil/stigs/downloads/?_dl_facet_stigs=operating-systems%2Cgeneral-purpose-os">SRG-OS-000348-GPOS-00136</reference>
      <reference href="https://www.cyber.mil/stigs/downloads/?_dl_facet_stigs=operating-systems%2Cgeneral-purpose-os">SRG-OS-000349-GPOS-00137</reference>
      <reference href="https://www.cyber.mil/stigs/downloads/?_dl_facet_stigs=operating-systems%2Cgeneral-purpose-os">SRG-OS-000350-GPOS-00138</reference>
      <reference href="https://www.cyber.mil/stigs/downloads/?_dl_facet_stigs=operating-systems%2Cgeneral-purpose-os">SRG-OS-000351-GPOS-00139</reference>
      <reference href="https://www.cyber.mil/stigs/downloads/?_dl_facet_stigs=operating-systems%2Cgeneral-purpose-os">SRG-OS-000352-GPOS-00140</reference>
      <reference href="https://www.cyber.mil/stigs/downloads/?_dl_facet_stigs=operating-systems%2Cgeneral-purpose-os">SRG-OS-000353-GPOS-00141</reference>
      <reference href="https://www.cyber.mil/stigs/downloads/?_dl_facet_stigs=operating-systems%2Cgeneral-purpose-os">SRG-OS-000354-GPOS-00142</reference>
      <reference href="https://www.cyber.mil/stigs/downloads/?_dl_facet_stigs=operating-systems%2Cgeneral-purpose-os">SRG-OS-000358-GPOS-00145</reference>
      <reference href="https://www.cyber.mil/stigs/downloads/?_dl_facet_stigs=operating-systems%2Cgeneral-purpose-os">SRG-OS-000365-GPOS-00152</reference>
      <reference href="https://www.cyber.mil/stigs/downloads/?_dl_facet_stigs=operating-systems%2Cgeneral-purpose-os">SRG-OS-000392-GPOS-00172</reference>
      <reference href="https://www.cyber.mil/stigs/downloads/?_dl_facet_stigs=operating-systems%2Cgeneral-purpose-os">SRG-OS-000475-GPOS-00220</reference>
      <reference href="https://www.cisecurity.org/benchmark/suse_linux/">4.1.1.1</reference>
      <reference href="not_publicly_available">SLES-15-750450015</reference>
      <rationale xmlns:xhtml="http://www.w3.org/1999/xhtml" xml:lang="en-US">The auditd service is an access monitoring and accounting daemon, watching system calls to audit any access, in comparison with potential local access control policy such as SELinux policy.</rationale>
      <ident system="https://ncp.nist.gov/cce">CCE-92478-7</ident>
      <fix xmlns:xhtml="http://www.w3.org/1999/xhtml" id="package_audit-libs_installed" system="urn:xccdf:fix:script:puppet" complexity="low" disruption="low" strategy="enable">include install_libaudit1

class install_libaudit1 {
  package { 'libaudit1':
    ensure =&gt; 'installed',
  }
}
</fix>
      <fix xmlns:xhtml="http://www.w3.org/1999/xhtml" id="package_audit-libs_installed" system="urn:xccdf:fix:script:sh" complexity="low" disruption="low" strategy="enable"># Remediation is applicable only in certain platforms
if rpm --quiet -q kernel-default || rpm --quiet -q kernel-default-base; then

zypper install -y "libaudit1"

else
    &gt;&amp;2 echo 'Remediation is not applicable, nothing was done'
fi
</fix>
      <fix xmlns:xhtml="http://www.w3.org/1999/xhtml" id="package_audit-libs_installed" system="urn:redhat:osbuild:blueprint">
[[packages]]
name = "libaudit1"
version = "*"
</fix>
      <fix xmlns:xhtml="http://www.w3.org/1999/xhtml" id="package_audit-libs_installed" system="urn:xccdf:fix:script:ansible" complexity="low" disruption="low" strategy="enable">- name: Gather the package facts
  package_facts:
    manager: auto
  tags:
  - CCE-92478-7
  - NIST-800-53-AC-7(a)
  - NIST-800-53-AU-12(2)
  - NIST-800-53-AU-14
  - NIST-800-53-AU-2(a)
  - NIST-800-53-AU-7(1)
  - NIST-800-53-AU-7(2)
  - NIST-800-53-CM-6(a)
  - PCI-DSS-Req-10.2.1
  - enable_strategy
  - low_complexity
  - low_disruption
  - medium_severity
  - no_reboot_needed
  - package_audit-libs_installed

- name: Ensure libaudit1 is installed
  ansible.builtin.package:
    name: libaudit1
    state: present
  when: ("kernel-default" in ansible_facts.packages or "kernel-default-base" in ansible_facts.packages)
  tags:
  - CCE-92478-7
  - NIST-800-53-AC-7(a)
  - NIST-800-53-AU-12(2)
  - NIST-800-53-AU-14
  - NIST-800-53-AU-2(a)
  - NIST-800-53-AU-7(1)
  - NIST-800-53-AU-7(2)
  - NIST-800-53-CM-6(a)
  - PCI-DSS-Req-10.2.1
  - enable_strategy
  - low_complexity
  - low_disruption
  - medium_severity
  - no_reboot_needed
  - package_audit-libs_installed
</fix>
      <check system="http://oval.mitre.org/XMLSchema/oval-definitions-5">
        <check-content-ref name="oval:ssg-package_audit-libs_installed:def:1" href="ssg-sle15-oval.xml"/>
      </check>
      <check system="http://scap.nist.gov/schema/ocil/2">
        <check-content-ref name="ocil:ssg-package_audit-libs_installed_ocil:questionnaire:1" href="ssg-sle15-ocil.xml"/>
      </check>
    </Rule>
    <Rule id="xccdf_org.ssgproject.content_rule_package_audit_installed" selected="false" role="full" severity="medium">
      <title xmlns:xhtml="http://www.w3.org/1999/xhtml" xml:lang="en-US">Ensure the audit Subsystem is Installed</title>
      <description xmlns:xhtml="http://www.w3.org/1999/xhtml" xml:lang="en-US">The audit package should be installed.</description>
      <reference href="https://www.gpo.gov/fdsys/pkg/CFR-2007-title45-vol1/pdf/CFR-2007-title45-vol1-chapA-subchapC.pdf">164.308(a)(1)(ii)(D)</reference>
      <reference href="https://www.gpo.gov/fdsys/pkg/CFR-2007-title45-vol1/pdf/CFR-2007-title45-vol1-chapA-subchapC.pdf">164.308(a)(5)(ii)(C)</reference>
      <reference href="https://www.gpo.gov/fdsys/pkg/CFR-2007-title45-vol1/pdf/CFR-2007-title45-vol1-chapA-subchapC.pdf">164.310(a)(2)(iv)</reference>
      <reference href="https://www.gpo.gov/fdsys/pkg/CFR-2007-title45-vol1/pdf/CFR-2007-title45-vol1-chapA-subchapC.pdf">164.310(d)(2)(iii)</reference>
      <reference href="https://www.gpo.gov/fdsys/pkg/CFR-2007-title45-vol1/pdf/CFR-2007-title45-vol1-chapA-subchapC.pdf">164.312(b)</reference>
      <reference href="https://www.nerc.com/standards/reliability-standards/cip">CIP-004-6 R3.3</reference>
      <reference href="https://www.nerc.com/standards/reliability-standards/cip">CIP-007-3 R6.5</reference>
      <reference href="http://nvlpubs.nist.gov/nistpubs/SpecialPublications/NIST.SP.800-53r4.pdf">AC-7(a)</reference>
      <reference href="http://nvlpubs.nist.gov/nistpubs/SpecialPublications/NIST.SP.800-53r4.pdf">AU-7(1)</reference>
      <reference href="http://nvlpubs.nist.gov/nistpubs/SpecialPublications/NIST.SP.800-53r4.pdf">AU-7(2)</reference>
      <reference href="http://nvlpubs.nist.gov/nistpubs/SpecialPublications/NIST.SP.800-53r4.pdf">AU-14</reference>
      <reference href="http://nvlpubs.nist.gov/nistpubs/SpecialPublications/NIST.SP.800-53r4.pdf">AU-12(2)</reference>
      <reference href="http://nvlpubs.nist.gov/nistpubs/SpecialPublications/NIST.SP.800-53r4.pdf">AU-2(a)</reference>
      <reference href="http://nvlpubs.nist.gov/nistpubs/SpecialPublications/NIST.SP.800-53r4.pdf">CM-6(a)</reference>
      <reference href="https://www.niap-ccevs.org/Profile/PP.cfm">FAU_GEN.1</reference>
      <reference href="https://www.pcisecuritystandards.org/documents/PCI_DSS_v3-2-1.pdf">Req-10.1</reference>
      <reference href="https://www.cyber.mil/stigs/downloads/?_dl_facet_stigs=operating-systems%2Cgeneral-purpose-os">SRG-OS-000062-GPOS-00031</reference>
      <reference href="https://www.cyber.mil/stigs/downloads/?_dl_facet_stigs=operating-systems%2Cgeneral-purpose-os">SRG-OS-000037-GPOS-00015</reference>
      <reference href="https://www.cyber.mil/stigs/downloads/?_dl_facet_stigs=operating-systems%2Cgeneral-purpose-os">SRG-OS-000038-GPOS-00016</reference>
      <reference href="https://www.cyber.mil/stigs/downloads/?_dl_facet_stigs=operating-systems%2Cgeneral-purpose-os">SRG-OS-000039-GPOS-00017</reference>
      <reference href="https://www.cyber.mil/stigs/downloads/?_dl_facet_stigs=operating-systems%2Cgeneral-purpose-os">SRG-OS-000040-GPOS-00018</reference>
      <reference href="https://www.cyber.mil/stigs/downloads/?_dl_facet_stigs=operating-systems%2Cgeneral-purpose-os">SRG-OS-000041-GPOS-00019</reference>
      <reference href="https://www.cyber.mil/stigs/downloads/?_dl_facet_stigs=operating-systems%2Cgeneral-purpose-os">SRG-OS-000042-GPOS-00021</reference>
      <reference href="https://www.cyber.mil/stigs/downloads/?_dl_facet_stigs=operating-systems%2Cgeneral-purpose-os">SRG-OS-000051-GPOS-00024</reference>
      <reference href="https://www.cyber.mil/stigs/downloads/?_dl_facet_stigs=operating-systems%2Cgeneral-purpose-os">SRG-OS-000054-GPOS-00025</reference>
      <reference href="https://www.cyber.mil/stigs/downloads/?_dl_facet_stigs=operating-systems%2Cgeneral-purpose-os">SRG-OS-000122-GPOS-00063</reference>
      <reference href="https://www.cyber.mil/stigs/downloads/?_dl_facet_stigs=operating-systems%2Cgeneral-purpose-os">SRG-OS-000254-GPOS-00095</reference>
      <reference href="https://www.cyber.mil/stigs/downloads/?_dl_facet_stigs=operating-systems%2Cgeneral-purpose-os">SRG-OS-000255-GPOS-00096</reference>
      <reference href="https://www.cyber.mil/stigs/downloads/?_dl_facet_stigs=operating-systems%2Cgeneral-purpose-os">SRG-OS-000337-GPOS-00129</reference>
      <reference href="https://www.cyber.mil/stigs/downloads/?_dl_facet_stigs=operating-systems%2Cgeneral-purpose-os">SRG-OS-000348-GPOS-00136</reference>
      <reference href="https://www.cyber.mil/stigs/downloads/?_dl_facet_stigs=operating-systems%2Cgeneral-purpose-os">SRG-OS-000349-GPOS-00137</reference>
      <reference href="https://www.cyber.mil/stigs/downloads/?_dl_facet_stigs=operating-systems%2Cgeneral-purpose-os">SRG-OS-000350-GPOS-00138</reference>
      <reference href="https://www.cyber.mil/stigs/downloads/?_dl_facet_stigs=operating-systems%2Cgeneral-purpose-os">SRG-OS-000351-GPOS-00139</reference>
      <reference href="https://www.cyber.mil/stigs/downloads/?_dl_facet_stigs=operating-systems%2Cgeneral-purpose-os">SRG-OS-000352-GPOS-00140</reference>
      <reference href="https://www.cyber.mil/stigs/downloads/?_dl_facet_stigs=operating-systems%2Cgeneral-purpose-os">SRG-OS-000353-GPOS-00141</reference>
      <reference href="https://www.cyber.mil/stigs/downloads/?_dl_facet_stigs=operating-systems%2Cgeneral-purpose-os">SRG-OS-000354-GPOS-00142</reference>
      <reference href="https://www.cyber.mil/stigs/downloads/?_dl_facet_stigs=operating-systems%2Cgeneral-purpose-os">SRG-OS-000358-GPOS-00145</reference>
      <reference href="https://www.cyber.mil/stigs/downloads/?_dl_facet_stigs=operating-systems%2Cgeneral-purpose-os">SRG-OS-000365-GPOS-00152</reference>
      <reference href="https://www.cyber.mil/stigs/downloads/?_dl_facet_stigs=operating-systems%2Cgeneral-purpose-os">SRG-OS-000392-GPOS-00172</reference>
      <reference href="https://www.cyber.mil/stigs/downloads/?_dl_facet_stigs=operating-systems%2Cgeneral-purpose-os">SRG-OS-000475-GPOS-00220</reference>
      <reference href="https://www.cyber.mil/stigs/downloads/?_dl_facet_stigs=operating-systems%2Cunix-linux">SLES-15-030650</reference>
      <reference href="https://www.cisecurity.org/benchmark/suse_linux/">4.1.1.1</reference>
      <reference href="https://cyber.gouv.fr/sites/default/files/document/linux_configuration-en-v2.pdf">R33</reference>
      <reference href="https://cyber.gouv.fr/sites/default/files/document/linux_configuration-en-v2.pdf">R73</reference>
      <reference href="not_publicly_available">SLES-15-750450015</reference>
      <reference href="https://www.cyber.gov.au/acsc/view-all-content/ism">0582</reference>
      <reference href="https://www.cyber.gov.au/acsc/view-all-content/ism">0846</reference>
      <reference href="https://docs-prv.pcisecuritystandards.org/PCI%20DSS/Standard/PCI-DSS-v4_0.pdf">10.2.1</reference>
      <reference href="https://docs-prv.pcisecuritystandards.org/PCI%20DSS/Standard/PCI-DSS-v4_0.pdf">10.2</reference>
      <reference href="https://www.cyber.mil/stigs/srg-stig-tools/">SV-234964r1009639_rule</reference>
      <rationale xmlns:xhtml="http://www.w3.org/1999/xhtml" xml:lang="en-US">The auditd service is an access monitoring and accounting daemon, watching system calls to audit any access, in comparison with potential local access control policy such as SELinux policy.</rationale>
      <ident system="https://ncp.nist.gov/cce">CCE-85612-0</ident>
      <fix xmlns:xhtml="http://www.w3.org/1999/xhtml" id="package_audit_installed" system="urn:xccdf:fix:script:puppet" complexity="low" disruption="low" strategy="enable">include install_audit

class install_audit {
  package { 'audit':
    ensure =&gt; 'installed',
  }
}
</fix>
      <fix xmlns:xhtml="http://www.w3.org/1999/xhtml" id="package_audit_installed" system="urn:xccdf:fix:script:sh" complexity="low" disruption="low" strategy="enable"># Remediation is applicable only in certain platforms
if rpm --quiet -q kernel-default || rpm --quiet -q kernel-default-base; then

zypper install -y "audit"

else
    &gt;&amp;2 echo 'Remediation is not applicable, nothing was done'
fi
</fix>
      <fix xmlns:xhtml="http://www.w3.org/1999/xhtml" id="package_audit_installed" system="urn:redhat:osbuild:blueprint">
[[packages]]
name = "audit"
version = "*"
</fix>
      <fix xmlns:xhtml="http://www.w3.org/1999/xhtml" id="package_audit_installed" system="urn:xccdf:fix:script:ansible" complexity="low" disruption="low" strategy="enable">- name: Gather the package facts
  package_facts:
    manager: auto
  tags:
  - CCE-85612-0
  - DISA-STIG-SLES-15-030650
  - NIST-800-53-AC-7(a)
  - NIST-800-53-AU-12(2)
  - NIST-800-53-AU-14
  - NIST-800-53-AU-2(a)
  - NIST-800-53-AU-7(1)
  - NIST-800-53-AU-7(2)
  - NIST-800-53-CM-6(a)
  - PCI-DSS-Req-10.1
  - PCI-DSSv4-10.2
  - PCI-DSSv4-10.2.1
  - enable_strategy
  - low_complexity
  - low_disruption
  - medium_severity
  - no_reboot_needed
  - package_audit_installed

- name: Ensure audit is installed
  ansible.builtin.package:
    name: audit
    state: present
  when: ("kernel-default" in ansible_facts.packages or "kernel-default-base" in ansible_facts.packages)
  tags:
  - CCE-85612-0
  - DISA-STIG-SLES-15-030650
  - NIST-800-53-AC-7(a)
  - NIST-800-53-AU-12(2)
  - NIST-800-53-AU-14
  - NIST-800-53-AU-2(a)
  - NIST-800-53-AU-7(1)
  - NIST-800-53-AU-7(2)
  - NIST-800-53-CM-6(a)
  - PCI-DSS-Req-10.1
  - PCI-DSSv4-10.2
  - PCI-DSSv4-10.2.1
  - enable_strategy
  - low_complexity
  - low_disruption
  - medium_severity
  - no_reboot_needed
  - package_audit_installed
</fix>
      <check system="http://oval.mitre.org/XMLSchema/oval-definitions-5">
        <check-content-ref name="oval:ssg-package_audit_installed:def:1" href="ssg-sle15-oval.xml"/>
      </check>
      <check system="http://scap.nist.gov/schema/ocil/2">
        <check-content-ref name="ocil:ssg-package_audit_installed_ocil:questionnaire:1" href="ssg-sle15-ocil.xml"/>
      </check>
    </Rule>
    <Rule id="xccdf_org.ssgproject.content_rule_service_auditd_enabled" selected="false" role="full" severity="medium">
      <title xmlns:xhtml="http://www.w3.org/1999/xhtml" xml:lang="en-US">Enable auditd Service</title>
      <description xmlns:xhtml="http://www.w3.org/1999/xhtml" xml:lang="en-US">The <html:code xmlns:html="http://www.w3.org/1999/xhtml">auditd</html:code> service is an essential userspace component of
the Linux Auditing System, as it is responsible for writing audit records to
disk.

The <html:code xmlns:html="http://www.w3.org/1999/xhtml">auditd</html:code> service can be enabled with the following command:
<html:pre xmlns:html="http://www.w3.org/1999/xhtml">$ sudo systemctl enable auditd.service</html:pre>
     </description>
      <reference href="https://www.cisecurity.org/controls/">1</reference>
      <reference href="https://www.cisecurity.org/controls/">11</reference>
      <reference href="https://www.cisecurity.org/controls/">12</reference>
      <reference href="https://www.cisecurity.org/controls/">13</reference>
      <reference href="https://www.cisecurity.org/controls/">14</reference>
      <reference href="https://www.cisecurity.org/controls/">15</reference>
      <reference href="https://www.cisecurity.org/controls/">16</reference>
      <reference href="https://www.cisecurity.org/controls/">19</reference>
      <reference href="https://www.cisecurity.org/controls/">2</reference>
      <reference href="https://www.cisecurity.org/controls/">3</reference>
      <reference href="https://www.cisecurity.org/controls/">4</reference>
      <reference href="https://www.cisecurity.org/controls/">5</reference>
      <reference href="https://www.cisecurity.org/controls/">6</reference>
      <reference href="https://www.cisecurity.org/controls/">7</reference>
      <reference href="https://www.cisecurity.org/controls/">8</reference>
      <reference href="https://www.cisecurity.org/controls/">9</reference>
      <reference href="https://www.fbi.gov/file-repository/cjis-security-policy-v5_5_20160601-2-1.pdf">5.4.1.1</reference>
      <reference href="https://www.isaca.org/resources/cobit">APO10.01</reference>
      <reference href="https://www.isaca.org/resources/cobit">APO10.03</reference>
      <reference href="https://www.isaca.org/resources/cobit">APO10.04</reference>
      <reference href="https://www.isaca.org/resources/cobit">APO10.05</reference>
      <reference href="https://www.isaca.org/resources/cobit">APO11.04</reference>
      <reference href="https://www.isaca.org/resources/cobit">APO12.06</reference>
      <reference href="https://www.isaca.org/resources/cobit">APO13.01</reference>
      <reference href="https://www.isaca.org/resources/cobit">BAI03.05</reference>
      <reference href="https://www.isaca.org/resources/cobit">BAI08.02</reference>
      <reference href="https://www.isaca.org/resources/cobit">DSS01.03</reference>
      <reference href="https://www.isaca.org/resources/cobit">DSS01.04</reference>
      <reference href="https://www.isaca.org/resources/cobit">DSS02.02</reference>
      <reference href="https://www.isaca.org/resources/cobit">DSS02.04</reference>
      <reference href="https://www.isaca.org/resources/cobit">DSS02.07</reference>
      <reference href="https://www.isaca.org/resources/cobit">DSS03.01</reference>
      <reference href="https://www.isaca.org/resources/cobit">DSS03.05</reference>
      <reference href="https://www.isaca.org/resources/cobit">DSS05.02</reference>
      <reference href="https://www.isaca.org/resources/cobit">DSS05.03</reference>
      <reference href="https://www.isaca.org/resources/cobit">DSS05.04</reference>
      <reference href="https://www.isaca.org/resources/cobit">DSS05.05</reference>
      <reference href="https://www.isaca.org/resources/cobit">DSS05.07</reference>
      <reference href="https://www.isaca.org/resources/cobit">MEA01.01</reference>
      <reference href="https://www.isaca.org/resources/cobit">MEA01.02</reference>
      <reference href="https://www.isaca.org/resources/cobit">MEA01.03</reference>
      <reference href="https://www.isaca.org/resources/cobit">MEA01.04</reference>
      <reference href="https://www.isaca.org/resources/cobit">MEA01.05</reference>
      <reference href="https://www.isaca.org/resources/cobit">MEA02.01</reference>
      <reference href="http://nvlpubs.nist.gov/nistpubs/SpecialPublications/NIST.SP.800-171.pdf">3.3.1</reference>
      <reference href="http://nvlpubs.nist.gov/nistpubs/SpecialPublications/NIST.SP.800-171.pdf">3.3.2</reference>
      <reference href="http://nvlpubs.nist.gov/nistpubs/SpecialPublications/NIST.SP.800-171.pdf">3.3.6</reference>
      <reference href="https://www.gpo.gov/fdsys/pkg/CFR-2007-title45-vol1/pdf/CFR-2007-title45-vol1-chapA-subchapC.pdf">164.308(a)(1)(ii)(D)</reference>
      <reference href="https://www.gpo.gov/fdsys/pkg/CFR-2007-title45-vol1/pdf/CFR-2007-title45-vol1-chapA-subchapC.pdf">164.308(a)(5)(ii)(C)</reference>
      <reference href="https://www.gpo.gov/fdsys/pkg/CFR-2007-title45-vol1/pdf/CFR-2007-title45-vol1-chapA-subchapC.pdf">164.310(a)(2)(iv)</reference>
      <reference href="https://www.gpo.gov/fdsys/pkg/CFR-2007-title45-vol1/pdf/CFR-2007-title45-vol1-chapA-subchapC.pdf">164.310(d)(2)(iii)</reference>
      <reference href="https://www.gpo.gov/fdsys/pkg/CFR-2007-title45-vol1/pdf/CFR-2007-title45-vol1-chapA-subchapC.pdf">164.312(b)</reference>
      <reference href="https://www.isa.org/products/isa-62443-2-1-2009-security-for-industrial-automat">4.2.3.10</reference>
      <reference href="https://www.isa.org/products/isa-62443-2-1-2009-security-for-industrial-automat">4.3.2.6.7</reference>
      <reference href="https://www.isa.org/products/isa-62443-2-1-2009-security-for-industrial-automat">4.3.3.3.9</reference>
      <reference href="https://www.isa.org/products/isa-62443-2-1-2009-security-for-industrial-automat">4.3.3.5.8</reference>
      <reference href="https://www.isa.org/products/isa-62443-2-1-2009-security-for-industrial-automat">4.3.3.6.6</reference>
      <reference href="https://www.isa.org/products/isa-62443-2-1-2009-security-for-industrial-automat">4.3.4.4.7</reference>
      <reference href="https://www.isa.org/products/isa-62443-2-1-2009-security-for-industrial-automat">4.3.4.5.6</reference>
      <reference href="https://www.isa.org/products/isa-62443-2-1-2009-security-for-industrial-automat">4.3.4.5.7</reference>
      <reference href="https://www.isa.org/products/isa-62443-2-1-2009-security-for-industrial-automat">4.3.4.5.8</reference>
      <reference href="https://www.isa.org/products/isa-62443-2-1-2009-security-for-industrial-automat">4.4.2.1</reference>
      <reference href="https://www.isa.org/products/isa-62443-2-1-2009-security-for-industrial-automat">4.4.2.2</reference>
      <reference href="https://www.isa.org/products/isa-62443-2-1-2009-security-for-industrial-automat">4.4.2.4</reference>
      <reference href="https://www.isa.org/products/ansi-isa-62443-3-3-99-03-03-2013-security-for-indu">SR 1.13</reference>
      <reference href="https://www.isa.org/products/ansi-isa-62443-3-3-99-03-03-2013-security-for-indu">SR 2.10</reference>
      <reference href="https://www.isa.org/products/ansi-isa-62443-3-3-99-03-03-2013-security-for-indu">SR 2.11</reference>
      <reference href="https://www.isa.org/products/ansi-isa-62443-3-3-99-03-03-2013-security-for-indu">SR 2.12</reference>
      <reference href="https://www.isa.org/products/ansi-isa-62443-3-3-99-03-03-2013-security-for-indu">SR 2.6</reference>
      <reference href="https://www.isa.org/products/ansi-isa-62443-3-3-99-03-03-2013-security-for-indu">SR 2.8</reference>
      <reference href="https://www.isa.org/products/ansi-isa-62443-3-3-99-03-03-2013-security-for-indu">SR 2.9</reference>
      <reference href="https://www.isa.org/products/ansi-isa-62443-3-3-99-03-03-2013-security-for-indu">SR 3.1</reference>
      <reference href="https://www.isa.org/products/ansi-isa-62443-3-3-99-03-03-2013-security-for-indu">SR 3.5</reference>
      <reference href="https://www.isa.org/products/ansi-isa-62443-3-3-99-03-03-2013-security-for-indu">SR 3.8</reference>
      <reference href="https://www.isa.org/products/ansi-isa-62443-3-3-99-03-03-2013-security-for-indu">SR 4.1</reference>
      <reference href="https://www.isa.org/products/ansi-isa-62443-3-3-99-03-03-2013-security-for-indu">SR 4.3</reference>
      <reference href="https://www.isa.org/products/ansi-isa-62443-3-3-99-03-03-2013-security-for-indu">SR 5.1</reference>
      <reference href="https://www.isa.org/products/ansi-isa-62443-3-3-99-03-03-2013-security-for-indu">SR 5.2</reference>
      <reference href="https://www.isa.org/products/ansi-isa-62443-3-3-99-03-03-2013-security-for-indu">SR 5.3</reference>
      <reference href="https://www.isa.org/products/ansi-isa-62443-3-3-99-03-03-2013-security-for-indu">SR 6.1</reference>
      <reference href="https://www.isa.org/products/ansi-isa-62443-3-3-99-03-03-2013-security-for-indu">SR 6.2</reference>
      <reference href="https://www.isa.org/products/ansi-isa-62443-3-3-99-03-03-2013-security-for-indu">SR 7.1</reference>
      <reference href="https://www.isa.org/products/ansi-isa-62443-3-3-99-03-03-2013-security-for-indu">SR 7.6</reference>
      <reference href="https://www.iso.org/contents/data/standard/05/45/54534.html">A.11.2.6</reference>
      <reference href="https://www.iso.org/contents/data/standard/05/45/54534.html">A.12.4.1</reference>
      <reference href="https://www.iso.org/contents/data/standard/05/45/54534.html">A.12.4.2</reference>
      <reference href="https://www.iso.org/contents/data/standard/05/45/54534.html">A.12.4.3</reference>
      <reference href="https://www.iso.org/contents/data/standard/05/45/54534.html">A.12.4.4</reference>
      <reference href="https://www.iso.org/contents/data/standard/05/45/54534.html">A.12.7.1</reference>
      <reference href="https://www.iso.org/contents/data/standard/05/45/54534.html">A.13.1.1</reference>
      <reference href="https://www.iso.org/contents/data/standard/05/45/54534.html">A.13.2.1</reference>
      <reference href="https://www.iso.org/contents/data/standard/05/45/54534.html">A.14.1.3</reference>
      <reference href="https://www.iso.org/contents/data/standard/05/45/54534.html">A.14.2.7</reference>
      <reference href="https://www.iso.org/contents/data/standard/05/45/54534.html">A.15.2.1</reference>
      <reference href="https://www.iso.org/contents/data/standard/05/45/54534.html">A.15.2.2</reference>
      <reference href="https://www.iso.org/contents/data/standard/05/45/54534.html">A.16.1.4</reference>
      <reference href="https://www.iso.org/contents/data/standard/05/45/54534.html">A.16.1.5</reference>
      <reference href="https://www.iso.org/contents/data/standard/05/45/54534.html">A.16.1.7</reference>
      <reference href="https://www.iso.org/contents/data/standard/05/45/54534.html">A.6.2.1</reference>
      <reference href="https://www.iso.org/contents/data/standard/05/45/54534.html">A.6.2.2</reference>
      <reference href="https://www.nerc.com/standards/reliability-standards/cip">CIP-004-6 R3.3</reference>
      <reference href="https://www.nerc.com/standards/reliability-standards/cip">CIP-007-3 R6.5</reference>
      <reference href="http://nvlpubs.nist.gov/nistpubs/SpecialPublications/NIST.SP.800-53r4.pdf">AC-2(g)</reference>
      <reference href="http://nvlpubs.nist.gov/nistpubs/SpecialPublications/NIST.SP.800-53r4.pdf">AU-3</reference>
      <reference href="http://nvlpubs.nist.gov/nistpubs/SpecialPublications/NIST.SP.800-53r4.pdf">AU-10</reference>
      <reference href="http://nvlpubs.nist.gov/nistpubs/SpecialPublications/NIST.SP.800-53r4.pdf">AU-2(d)</reference>
      <reference href="http://nvlpubs.nist.gov/nistpubs/SpecialPublications/NIST.SP.800-53r4.pdf">AU-12(c)</reference>
      <reference href="http://nvlpubs.nist.gov/nistpubs/SpecialPublications/NIST.SP.800-53r4.pdf">AU-14(1)</reference>
      <reference href="http://nvlpubs.nist.gov/nistpubs/SpecialPublications/NIST.SP.800-53r4.pdf">AC-6(9)</reference>
      <reference href="http://nvlpubs.nist.gov/nistpubs/SpecialPublications/NIST.SP.800-53r4.pdf">CM-6(a)</reference>
      <reference href="http://nvlpubs.nist.gov/nistpubs/SpecialPublications/NIST.SP.800-53r4.pdf">SI-4(23)</reference>
      <reference href="https://nvlpubs.nist.gov/nistpubs/CSWP/NIST.CSWP.04162018.pdf">DE.AE-3</reference>
      <reference href="https://nvlpubs.nist.gov/nistpubs/CSWP/NIST.CSWP.04162018.pdf">DE.AE-5</reference>
      <reference href="https://nvlpubs.nist.gov/nistpubs/CSWP/NIST.CSWP.04162018.pdf">DE.CM-1</reference>
      <reference href="https://nvlpubs.nist.gov/nistpubs/CSWP/NIST.CSWP.04162018.pdf">DE.CM-3</reference>
      <reference href="https://nvlpubs.nist.gov/nistpubs/CSWP/NIST.CSWP.04162018.pdf">DE.CM-7</reference>
      <reference href="https://nvlpubs.nist.gov/nistpubs/CSWP/NIST.CSWP.04162018.pdf">ID.SC-4</reference>
      <reference href="https://nvlpubs.nist.gov/nistpubs/CSWP/NIST.CSWP.04162018.pdf">PR.AC-3</reference>
      <reference href="https://nvlpubs.nist.gov/nistpubs/CSWP/NIST.CSWP.04162018.pdf">PR.PT-1</reference>
      <reference href="https://nvlpubs.nist.gov/nistpubs/CSWP/NIST.CSWP.04162018.pdf">PR.PT-4</reference>
      <reference href="https://nvlpubs.nist.gov/nistpubs/CSWP/NIST.CSWP.04162018.pdf">RS.AN-1</reference>
      <reference href="https://nvlpubs.nist.gov/nistpubs/CSWP/NIST.CSWP.04162018.pdf">RS.AN-4</reference>
      <reference href="https://www.niap-ccevs.org/Profile/PP.cfm">FAU_GEN.1</reference>
      <reference href="https://www.pcisecuritystandards.org/documents/PCI_DSS_v3-2-1.pdf">Req-10.1</reference>
      <reference href="https://www.cyber.mil/stigs/downloads/?_dl_facet_stigs=operating-systems%2Cgeneral-purpose-os">SRG-OS-000062-GPOS-00031</reference>
      <reference href="https://www.cyber.mil/stigs/downloads/?_dl_facet_stigs=operating-systems%2Cgeneral-purpose-os">SRG-OS-000037-GPOS-00015</reference>
      <reference href="https://www.cyber.mil/stigs/downloads/?_dl_facet_stigs=operating-systems%2Cgeneral-purpose-os">SRG-OS-000038-GPOS-00016</reference>
      <reference href="https://www.cyber.mil/stigs/downloads/?_dl_facet_stigs=operating-systems%2Cgeneral-purpose-os">SRG-OS-000039-GPOS-00017</reference>
      <reference href="https://www.cyber.mil/stigs/downloads/?_dl_facet_stigs=operating-systems%2Cgeneral-purpose-os">SRG-OS-000040-GPOS-00018</reference>
      <reference href="https://www.cyber.mil/stigs/downloads/?_dl_facet_stigs=operating-systems%2Cgeneral-purpose-os">SRG-OS-000041-GPOS-00019</reference>
      <reference href="https://www.cyber.mil/stigs/downloads/?_dl_facet_stigs=operating-systems%2Cgeneral-purpose-os">SRG-OS-000042-GPOS-00021</reference>
      <reference href="https://www.cyber.mil/stigs/downloads/?_dl_facet_stigs=operating-systems%2Cgeneral-purpose-os">SRG-OS-000051-GPOS-00024</reference>
      <reference href="https://www.cyber.mil/stigs/downloads/?_dl_facet_stigs=operating-systems%2Cgeneral-purpose-os">SRG-OS-000054-GPOS-00025</reference>
      <reference href="https://www.cyber.mil/stigs/downloads/?_dl_facet_stigs=operating-systems%2Cgeneral-purpose-os">SRG-OS-000122-GPOS-00063</reference>
      <reference href="https://www.cyber.mil/stigs/downloads/?_dl_facet_stigs=operating-systems%2Cgeneral-purpose-os">SRG-OS-000254-GPOS-00095</reference>
      <reference href="https://www.cyber.mil/stigs/downloads/?_dl_facet_stigs=operating-systems%2Cgeneral-purpose-os">SRG-OS-000255-GPOS-00096</reference>
      <reference href="https://www.cyber.mil/stigs/downloads/?_dl_facet_stigs=operating-systems%2Cgeneral-purpose-os">SRG-OS-000337-GPOS-00129</reference>
      <reference href="https://www.cyber.mil/stigs/downloads/?_dl_facet_stigs=operating-systems%2Cgeneral-purpose-os">SRG-OS-000348-GPOS-00136</reference>
      <reference href="https://www.cyber.mil/stigs/downloads/?_dl_facet_stigs=operating-systems%2Cgeneral-purpose-os">SRG-OS-000349-GPOS-00137</reference>
      <reference href="https://www.cyber.mil/stigs/downloads/?_dl_facet_stigs=operating-systems%2Cgeneral-purpose-os">SRG-OS-000350-GPOS-00138</reference>
      <reference href="https://www.cyber.mil/stigs/downloads/?_dl_facet_stigs=operating-systems%2Cgeneral-purpose-os">SRG-OS-000351-GPOS-00139</reference>
      <reference href="https://www.cyber.mil/stigs/downloads/?_dl_facet_stigs=operating-systems%2Cgeneral-purpose-os">SRG-OS-000352-GPOS-00140</reference>
      <reference href="https://www.cyber.mil/stigs/downloads/?_dl_facet_stigs=operating-systems%2Cgeneral-purpose-os">SRG-OS-000353-GPOS-00141</reference>
      <reference href="https://www.cyber.mil/stigs/downloads/?_dl_facet_stigs=operating-systems%2Cgeneral-purpose-os">SRG-OS-000354-GPOS-00142</reference>
      <reference href="https://www.cyber.mil/stigs/downloads/?_dl_facet_stigs=operating-systems%2Cgeneral-purpose-os">SRG-OS-000358-GPOS-00145</reference>
      <reference href="https://www.cyber.mil/stigs/downloads/?_dl_facet_stigs=operating-systems%2Cgeneral-purpose-os">SRG-OS-000365-GPOS-00152</reference>
      <reference href="https://www.cyber.mil/stigs/downloads/?_dl_facet_stigs=operating-systems%2Cgeneral-purpose-os">SRG-OS-000392-GPOS-00172</reference>
      <reference href="https://www.cyber.mil/stigs/downloads/?_dl_facet_stigs=operating-systems%2Cgeneral-purpose-os">SRG-OS-000475-GPOS-00220</reference>
      <reference href="https://www.cyber.mil/stigs/downloads/?_dl_facet_stigs=app-security">SRG-APP-000095-CTR-000170</reference>
      <reference href="https://www.cyber.mil/stigs/downloads/?_dl_facet_stigs=app-security">SRG-APP-000409-CTR-000990</reference>
      <reference href="https://www.cyber.mil/stigs/downloads/?_dl_facet_stigs=app-security">SRG-APP-000508-CTR-001300</reference>
      <reference href="https://www.cyber.mil/stigs/downloads/?_dl_facet_stigs=app-security">SRG-APP-000510-CTR-001310</reference>
      <reference href="https://www.cyber.mil/stigs/downloads/?_dl_facet_stigs=operating-systems%2Cunix-linux">SLES-15-030050</reference>
      <reference href="https://www.cisecurity.org/benchmark/suse_linux/">4.1.1.2</reference>
      <reference href="https://cyber.gouv.fr/sites/default/files/document/linux_configuration-en-v2.pdf">R33</reference>
      <reference href="https://cyber.gouv.fr/sites/default/files/document/linux_configuration-en-v2.pdf">R73</reference>
      <reference href="not_publicly_available">SLES-15-750450060</reference>
      <reference href="https://www.cyber.gov.au/acsc/view-all-content/ism">1409</reference>
      <reference href="https://docs-prv.pcisecuritystandards.org/PCI%20DSS/Standard/PCI-DSS-v4_0.pdf">10.2.1</reference>
      <reference href="https://docs-prv.pcisecuritystandards.org/PCI%20DSS/Standard/PCI-DSS-v4_0.pdf">10.2</reference>
      <reference href="https://www.cyber.mil/stigs/srg-stig-tools/">SV-234904r958412_rule</reference>
      <rationale xmlns:xhtml="http://www.w3.org/1999/xhtml" xml:lang="en-US">Without establishing what type of events occurred, it would be difficult
to establish, correlate, and investigate the events leading up to an outage or attack.
Ensuring the <html:code xmlns:html="http://www.w3.org/1999/xhtml">auditd</html:code> service is active ensures audit records
generated by the kernel are appropriately recorded.
<html:br xmlns:html="http://www.w3.org/1999/xhtml"/>
      <html:br xmlns:html="http://www.w3.org/1999/xhtml"/>
Additionally, a properly configured audit subsystem ensures that actions of
individual system users can be uniquely traced to those users so they
can be held accountable for their actions.</rationale>
      <platform idref="#package_audit"/>
      <requires idref="xccdf_org.ssgproject.content_rule_package_audit_installed"/>
      <ident system="https://ncp.nist.gov/cce">CCE-85581-7</ident>
      <fix xmlns:xhtml="http://www.w3.org/1999/xhtml" id="service_auditd_enabled" system="urn:xccdf:fix:script:puppet" complexity="low" disruption="low" strategy="enable">include enable_auditd

class enable_auditd {
  service {'auditd':
    enable =&gt; true,
    ensure =&gt; 'running',
  }
}
</fix>
      <fix xmlns:xhtml="http://www.w3.org/1999/xhtml" id="service_auditd_enabled" system="urn:xccdf:fix:script:sh" complexity="low" disruption="low" strategy="enable"># Remediation is applicable only in certain platforms
if rpm --quiet -q kernel-default || rpm --quiet -q kernel-default-base &amp;&amp; { rpm --quiet -q audit; }; then

SYSTEMCTL_EXEC='/usr/bin/systemctl'
"$SYSTEMCTL_EXEC" unmask 'auditd.service'
if [[ $("$SYSTEMCTL_EXEC" is-system-running) != "offline" ]]; then
  "$SYSTEMCTL_EXEC" start 'auditd.service'
fi
"$SYSTEMCTL_EXEC" enable 'auditd.service'

else
    &gt;&amp;2 echo 'Remediation is not applicable, nothing was done'
fi
</fix>
      <fix xmlns:xhtml="http://www.w3.org/1999/xhtml" id="service_auditd_enabled" system="urn:redhat:osbuild:blueprint">
[customizations.services]
enabled = ["auditd"]
</fix>
      <fix xmlns:xhtml="http://www.w3.org/1999/xhtml" id="service_auditd_enabled" system="urn:xccdf:fix:script:ansible" complexity="low" disruption="low" strategy="enable">- name: Gather the package facts
  package_facts:
    manager: auto
  tags:
  - CCE-85581-7
  - CJIS-5.4.1.1
  - DISA-STIG-SLES-15-030050
  - NIST-800-171-3.3.1
  - NIST-800-171-3.3.2
  - NIST-800-171-3.3.6
  - NIST-800-53-AC-2(g)
  - NIST-800-53-AC-6(9)
  - NIST-800-53-AU-10
  - NIST-800-53-AU-12(c)
  - NIST-800-53-AU-14(1)
  - NIST-800-53-AU-2(d)
  - NIST-800-53-AU-3
  - NIST-800-53-CM-6(a)
  - NIST-800-53-SI-4(23)
  - PCI-DSS-Req-10.1
  - PCI-DSSv4-10.2
  - PCI-DSSv4-10.2.1
  - enable_strategy
  - low_complexity
  - low_disruption
  - medium_severity
  - no_reboot_needed
  - service_auditd_enabled

- name: Enable auditd Service - Enable service auditd
  block:

  - name: Gather the package facts
    ansible.builtin.package_facts:
      manager: auto

  - name: Enable auditd Service - Enable Service auditd
    ansible.builtin.systemd:
      name: auditd
      enabled: true
      state: started
      masked: false
    when:
    - '"audit" in ansible_facts.packages'
  tags:
  - CCE-85581-7
  - CJIS-5.4.1.1
  - DISA-STIG-SLES-15-030050
  - NIST-800-171-3.3.1
  - NIST-800-171-3.3.2
  - NIST-800-171-3.3.6
  - NIST-800-53-AC-2(g)
  - NIST-800-53-AC-6(9)
  - NIST-800-53-AU-10
  - NIST-800-53-AU-12(c)
  - NIST-800-53-AU-14(1)
  - NIST-800-53-AU-2(d)
  - NIST-800-53-AU-3
  - NIST-800-53-CM-6(a)
  - NIST-800-53-SI-4(23)
  - PCI-DSS-Req-10.1
  - PCI-DSSv4-10.2
  - PCI-DSSv4-10.2.1
  - enable_strategy
  - low_complexity
  - low_disruption
  - medium_severity
  - no_reboot_needed
  - service_auditd_enabled
  - special_service_block
  when:
  - ("kernel-default" in ansible_facts.packages or "kernel-default-base" in ansible_facts.packages)
  - '"audit" in ansible_facts.packages'
</fix>
      <check system="http://open-scap.org/page/SCE">
        <check-import import-name="stdout">
            </check-import>
        <check-content-ref href="sle15/checks/sce/service_auditd_enabled.sh"/>
      </check>
      <check system="http://oval.mitre.org/XMLSchema/oval-definitions-5">
        <check-content-ref name="oval:ssg-service_auditd_enabled:def:1" href="ssg-sle15-oval.xml"/>
      </check>
      <check system="http://scap.nist.gov/schema/ocil/2">
        <check-content-ref name="ocil:ssg-service_auditd_enabled_ocil:questionnaire:1" href="ssg-sle15-ocil.xml"/>
      </check>
    </Rule>
    <Rule id="xccdf_org.ssgproject.content_rule_grub2_audit_argument" selected="false" role="full" severity="low">
      <title xmlns:xhtml="http://www.w3.org/1999/xhtml" xml:lang="en-US">Enable Auditing for Processes Which Start Prior to the Audit Daemon</title>
      <description xmlns:xhtml="http://www.w3.org/1999/xhtml" xml:lang="en-US">To ensure all processes can be audited, even those which start
prior to the audit daemon, add the argument <html:code xmlns:html="http://www.w3.org/1999/xhtml">audit=1</html:code> to the default
GRUB 2 command line for the Linux operating system.
Configure the default Grub2 kernel command line to contain audit=1 as follows:
<html:pre xmlns:html="http://www.w3.org/1999/xhtml"># grub2-editenv - set "$(grub2-editenv - list | grep kernelopts) audit=1"</html:pre>
     </description>
      <reference href="https://www.cisecurity.org/controls/">1</reference>
      <reference href="https://www.cisecurity.org/controls/">11</reference>
      <reference href="https://www.cisecurity.org/controls/">12</reference>
      <reference href="https://www.cisecurity.org/controls/">13</reference>
      <reference href="https://www.cisecurity.org/controls/">14</reference>
      <reference href="https://www.cisecurity.org/controls/">15</reference>
      <reference href="https://www.cisecurity.org/controls/">16</reference>
      <reference href="https://www.cisecurity.org/controls/">19</reference>
      <reference href="https://www.cisecurity.org/controls/">3</reference>
      <reference href="https://www.cisecurity.org/controls/">4</reference>
      <reference href="https://www.cisecurity.org/controls/">5</reference>
      <reference href="https://www.cisecurity.org/controls/">6</reference>
      <reference href="https://www.cisecurity.org/controls/">7</reference>
      <reference href="https://www.cisecurity.org/controls/">8</reference>
      <reference href="https://www.fbi.gov/file-repository/cjis-security-policy-v5_5_20160601-2-1.pdf">5.4.1.1</reference>
      <reference href="https://www.isaca.org/resources/cobit">APO10.01</reference>
      <reference href="https://www.isaca.org/resources/cobit">APO10.03</reference>
      <reference href="https://www.isaca.org/resources/cobit">APO10.04</reference>
      <reference href="https://www.isaca.org/resources/cobit">APO10.05</reference>
      <reference href="https://www.isaca.org/resources/cobit">APO11.04</reference>
      <reference href="https://www.isaca.org/resources/cobit">APO12.06</reference>
      <reference href="https://www.isaca.org/resources/cobit">APO13.01</reference>
      <reference href="https://www.isaca.org/resources/cobit">BAI03.05</reference>
      <reference href="https://www.isaca.org/resources/cobit">BAI08.02</reference>
      <reference href="https://www.isaca.org/resources/cobit">DSS01.04</reference>
      <reference href="https://www.isaca.org/resources/cobit">DSS02.02</reference>
      <reference href="https://www.isaca.org/resources/cobit">DSS02.04</reference>
      <reference href="https://www.isaca.org/resources/cobit">DSS02.07</reference>
      <reference href="https://www.isaca.org/resources/cobit">DSS03.01</reference>
      <reference href="https://www.isaca.org/resources/cobit">DSS05.02</reference>
      <reference href="https://www.isaca.org/resources/cobit">DSS05.03</reference>
      <reference href="https://www.isaca.org/resources/cobit">DSS05.04</reference>
      <reference href="https://www.isaca.org/resources/cobit">DSS05.07</reference>
      <reference href="https://www.isaca.org/resources/cobit">MEA01.01</reference>
      <reference href="https://www.isaca.org/resources/cobit">MEA01.02</reference>
      <reference href="https://www.isaca.org/resources/cobit">MEA01.03</reference>
      <reference href="https://www.isaca.org/resources/cobit">MEA01.04</reference>
      <reference href="https://www.isaca.org/resources/cobit">MEA01.05</reference>
      <reference href="https://www.isaca.org/resources/cobit">MEA02.01</reference>
      <reference href="http://nvlpubs.nist.gov/nistpubs/SpecialPublications/NIST.SP.800-171.pdf">3.3.1</reference>
      <reference href="https://www.gpo.gov/fdsys/pkg/CFR-2007-title45-vol1/pdf/CFR-2007-title45-vol1-chapA-subchapC.pdf">164.308(a)(1)(ii)(D)</reference>
      <reference href="https://www.gpo.gov/fdsys/pkg/CFR-2007-title45-vol1/pdf/CFR-2007-title45-vol1-chapA-subchapC.pdf">164.308(a)(5)(ii)(C)</reference>
      <reference href="https://www.gpo.gov/fdsys/pkg/CFR-2007-title45-vol1/pdf/CFR-2007-title45-vol1-chapA-subchapC.pdf">164.310(a)(2)(iv)</reference>
      <reference href="https://www.gpo.gov/fdsys/pkg/CFR-2007-title45-vol1/pdf/CFR-2007-title45-vol1-chapA-subchapC.pdf">164.310(d)(2)(iii)</reference>
      <reference href="https://www.gpo.gov/fdsys/pkg/CFR-2007-title45-vol1/pdf/CFR-2007-title45-vol1-chapA-subchapC.pdf">164.312(b)</reference>
      <reference href="https://www.isa.org/products/isa-62443-2-1-2009-security-for-industrial-automat">4.2.3.10</reference>
      <reference href="https://www.isa.org/products/isa-62443-2-1-2009-security-for-industrial-automat">4.3.2.6.7</reference>
      <reference href="https://www.isa.org/products/isa-62443-2-1-2009-security-for-industrial-automat">4.3.3.3.9</reference>
      <reference href="https://www.isa.org/products/isa-62443-2-1-2009-security-for-industrial-automat">4.3.3.5.8</reference>
      <reference href="https://www.isa.org/products/isa-62443-2-1-2009-security-for-industrial-automat">4.3.3.6.6</reference>
      <reference href="https://www.isa.org/products/isa-62443-2-1-2009-security-for-industrial-automat">4.3.4.4.7</reference>
      <reference href="https://www.isa.org/products/isa-62443-2-1-2009-security-for-industrial-automat">4.3.4.5.6</reference>
      <reference href="https://www.isa.org/products/isa-62443-2-1-2009-security-for-industrial-automat">4.3.4.5.7</reference>
      <reference href="https://www.isa.org/products/isa-62443-2-1-2009-security-for-industrial-automat">4.3.4.5.8</reference>
      <reference href="https://www.isa.org/products/isa-62443-2-1-2009-security-for-industrial-automat">4.4.2.1</reference>
      <reference href="https://www.isa.org/products/isa-62443-2-1-2009-security-for-industrial-automat">4.4.2.2</reference>
      <reference href="https://www.isa.org/products/isa-62443-2-1-2009-security-for-industrial-automat">4.4.2.4</reference>
      <reference href="https://www.isa.org/products/ansi-isa-62443-3-3-99-03-03-2013-security-for-indu">SR 1.13</reference>
      <reference href="https://www.isa.org/products/ansi-isa-62443-3-3-99-03-03-2013-security-for-indu">SR 2.10</reference>
      <reference href="https://www.isa.org/products/ansi-isa-62443-3-3-99-03-03-2013-security-for-indu">SR 2.11</reference>
      <reference href="https://www.isa.org/products/ansi-isa-62443-3-3-99-03-03-2013-security-for-indu">SR 2.12</reference>
      <reference href="https://www.isa.org/products/ansi-isa-62443-3-3-99-03-03-2013-security-for-indu">SR 2.6</reference>
      <reference href="https://www.isa.org/products/ansi-isa-62443-3-3-99-03-03-2013-security-for-indu">SR 2.8</reference>
      <reference href="https://www.isa.org/products/ansi-isa-62443-3-3-99-03-03-2013-security-for-indu">SR 2.9</reference>
      <reference href="https://www.isa.org/products/ansi-isa-62443-3-3-99-03-03-2013-security-for-indu">SR 3.1</reference>
      <reference href="https://www.isa.org/products/ansi-isa-62443-3-3-99-03-03-2013-security-for-indu">SR 3.5</reference>
      <reference href="https://www.isa.org/products/ansi-isa-62443-3-3-99-03-03-2013-security-for-indu">SR 3.8</reference>
      <reference href="https://www.isa.org/products/ansi-isa-62443-3-3-99-03-03-2013-security-for-indu">SR 4.1</reference>
      <reference href="https://www.isa.org/products/ansi-isa-62443-3-3-99-03-03-2013-security-for-indu">SR 4.3</reference>
      <reference href="https://www.isa.org/products/ansi-isa-62443-3-3-99-03-03-2013-security-for-indu">SR 5.1</reference>
      <reference href="https://www.isa.org/products/ansi-isa-62443-3-3-99-03-03-2013-security-for-indu">SR 5.2</reference>
      <reference href="https://www.isa.org/products/ansi-isa-62443-3-3-99-03-03-2013-security-for-indu">SR 5.3</reference>
      <reference href="https://www.isa.org/products/ansi-isa-62443-3-3-99-03-03-2013-security-for-indu">SR 6.1</reference>
      <reference href="https://www.isa.org/products/ansi-isa-62443-3-3-99-03-03-2013-security-for-indu">SR 7.1</reference>
      <reference href="https://www.isa.org/products/ansi-isa-62443-3-3-99-03-03-2013-security-for-indu">SR 7.6</reference>
      <reference href="https://www.iso.org/contents/data/standard/05/45/54534.html">A.11.2.6</reference>
      <reference href="https://www.iso.org/contents/data/standard/05/45/54534.html">A.12.4.1</reference>
      <reference href="https://www.iso.org/contents/data/standard/05/45/54534.html">A.12.4.2</reference>
      <reference href="https://www.iso.org/contents/data/standard/05/45/54534.html">A.12.4.3</reference>
      <reference href="https://www.iso.org/contents/data/standard/05/45/54534.html">A.12.4.4</reference>
      <reference href="https://www.iso.org/contents/data/standard/05/45/54534.html">A.12.7.1</reference>
      <reference href="https://www.iso.org/contents/data/standard/05/45/54534.html">A.13.1.1</reference>
      <reference href="https://www.iso.org/contents/data/standard/05/45/54534.html">A.13.2.1</reference>
      <reference href="https://www.iso.org/contents/data/standard/05/45/54534.html">A.14.1.3</reference>
      <reference href="https://www.iso.org/contents/data/standard/05/45/54534.html">A.15.2.1</reference>
      <reference href="https://www.iso.org/contents/data/standard/05/45/54534.html">A.15.2.2</reference>
      <reference href="https://www.iso.org/contents/data/standard/05/45/54534.html">A.16.1.4</reference>
      <reference href="https://www.iso.org/contents/data/standard/05/45/54534.html">A.16.1.5</reference>
      <reference href="https://www.iso.org/contents/data/standard/05/45/54534.html">A.16.1.7</reference>
      <reference href="https://www.iso.org/contents/data/standard/05/45/54534.html">A.6.2.1</reference>
      <reference href="https://www.iso.org/contents/data/standard/05/45/54534.html">A.6.2.2</reference>
      <reference href="http://nvlpubs.nist.gov/nistpubs/SpecialPublications/NIST.SP.800-53r4.pdf">AC-17(1)</reference>
      <reference href="http://nvlpubs.nist.gov/nistpubs/SpecialPublications/NIST.SP.800-53r4.pdf">AU-14(1)</reference>
      <reference href="http://nvlpubs.nist.gov/nistpubs/SpecialPublications/NIST.SP.800-53r4.pdf">AU-10</reference>
      <reference href="http://nvlpubs.nist.gov/nistpubs/SpecialPublications/NIST.SP.800-53r4.pdf">CM-6(a)</reference>
      <reference href="http://nvlpubs.nist.gov/nistpubs/SpecialPublications/NIST.SP.800-53r4.pdf">IR-5(1)</reference>
      <reference href="https://nvlpubs.nist.gov/nistpubs/CSWP/NIST.CSWP.04162018.pdf">DE.AE-3</reference>
      <reference href="https://nvlpubs.nist.gov/nistpubs/CSWP/NIST.CSWP.04162018.pdf">DE.AE-5</reference>
      <reference href="https://nvlpubs.nist.gov/nistpubs/CSWP/NIST.CSWP.04162018.pdf">ID.SC-4</reference>
      <reference href="https://nvlpubs.nist.gov/nistpubs/CSWP/NIST.CSWP.04162018.pdf">PR.AC-3</reference>
      <reference href="https://nvlpubs.nist.gov/nistpubs/CSWP/NIST.CSWP.04162018.pdf">PR.PT-1</reference>
      <reference href="https://nvlpubs.nist.gov/nistpubs/CSWP/NIST.CSWP.04162018.pdf">PR.PT-4</reference>
      <reference href="https://nvlpubs.nist.gov/nistpubs/CSWP/NIST.CSWP.04162018.pdf">RS.AN-1</reference>
      <reference href="https://nvlpubs.nist.gov/nistpubs/CSWP/NIST.CSWP.04162018.pdf">RS.AN-4</reference>
      <reference href="https://www.niap-ccevs.org/Profile/PP.cfm">FAU_GEN.1</reference>
      <reference href="https://www.pcisecuritystandards.org/documents/PCI_DSS_v3-2-1.pdf">Req-10.3</reference>
      <reference href="https://www.cyber.mil/stigs/downloads/?_dl_facet_stigs=operating-systems%2Cgeneral-purpose-os">SRG-OS-000037-GPOS-00015</reference>
      <reference href="https://www.cyber.mil/stigs/downloads/?_dl_facet_stigs=operating-systems%2Cgeneral-purpose-os">SRG-OS-000042-GPOS-00020</reference>
      <reference href="https://www.cyber.mil/stigs/downloads/?_dl_facet_stigs=operating-systems%2Cgeneral-purpose-os">SRG-OS-000062-GPOS-00031</reference>
      <reference href="https://www.cyber.mil/stigs/downloads/?_dl_facet_stigs=operating-systems%2Cgeneral-purpose-os">SRG-OS-000392-GPOS-00172</reference>
      <reference href="https://www.cyber.mil/stigs/downloads/?_dl_facet_stigs=operating-systems%2Cgeneral-purpose-os">SRG-OS-000462-GPOS-00206</reference>
      <reference href="https://www.cyber.mil/stigs/downloads/?_dl_facet_stigs=operating-systems%2Cgeneral-purpose-os">SRG-OS-000471-GPOS-00215</reference>
      <reference href="https://www.cyber.mil/stigs/downloads/?_dl_facet_stigs=operating-systems%2Cgeneral-purpose-os">SRG-OS-000473-GPOS-00218</reference>
      <reference href="https://www.cyber.mil/stigs/downloads/?_dl_facet_stigs=operating-systems%2Cgeneral-purpose-os">SRG-OS-000254-GPOS-00095</reference>
      <reference href="https://www.cisecurity.org/benchmark/suse_linux/">4.1.1.3</reference>
      <reference href="not_publicly_available">SLES-15-750450030</reference>
      <reference href="https://docs-prv.pcisecuritystandards.org/PCI%20DSS/Standard/PCI-DSS-v4_0.pdf">10.7.2</reference>
      <reference href="https://docs-prv.pcisecuritystandards.org/PCI%20DSS/Standard/PCI-DSS-v4_0.pdf">10.7</reference>
      <rationale xmlns:xhtml="http://www.w3.org/1999/xhtml" xml:lang="en-US">Each process on the system carries an "auditable" flag which indicates whether
its activities can be audited. Although <html:code xmlns:html="http://www.w3.org/1999/xhtml">auditd</html:code> takes care of enabling
this for all processes which launch after it does, adding the kernel argument
ensures it is set for every process during boot.</rationale>
      <platform idref="#grub2"/>
      <ident system="https://ncp.nist.gov/cce">CCE-85832-4</ident>
      <fix xmlns:xhtml="http://www.w3.org/1999/xhtml" id="grub2_audit_argument" system="urn:xccdf:fix:script:sh"># Remediation is applicable only in certain platforms
if rpm --quiet -q kernel-default || rpm --quiet -q kernel-default-base &amp;&amp; { rpm --quiet -q grub2; }; then

if { rpm --quiet -q kernel rpm-ostree bootc &amp;&amp; ! rpm --quiet -q openshift-kubelet &amp;&amp; { [ -f "/run/.containerenv" ] || [ -f "/.containerenv" ]; }; } ; then
    KARGS_DIR="/usr/lib/bootc/kargs.d/"
    if grep -q -E "audit" "$KARGS_DIR/*.toml" ; then
        sed -i -E "s/^(\s*kargs\s*=\s*\[.*)\"audit=[^\"]*\"(.*]\s*)/\1\"audit=1\"\2/" "$KARGS_DIR/*.toml"
    else
        echo "kargs = [\"audit=1\"]" &gt;&gt; "$KARGS_DIR/10-audit.toml"
    fi
else


    # Correct the form of default kernel command line in GRUB
    if grep -q '^\s*GRUB_CMDLINE_LINUX=.*audit=.*"'  '/etc/default/grub' ; then
           # modify the GRUB command-line if an audit= arg already exists
           sed -i "s/\(^\s*GRUB_CMDLINE_LINUX=\".*\)audit=[^[:space:]]\+\(.*\"\)/\1audit=1\2/"  '/etc/default/grub'
    # Add to already existing GRUB_CMDLINE_LINUX parameters
    elif grep -q '^\s*GRUB_CMDLINE_LINUX='  '/etc/default/grub' ; then
           # no audit=arg is present, append it
           sed -i "s/\(^\s*GRUB_CMDLINE_LINUX=\".*\)\"/\1 audit=1\"/"  '/etc/default/grub'
    # Add GRUB_CMDLINE_LINUX parameters line
    else
           echo "GRUB_CMDLINE_LINUX=\"audit=1\"" &gt;&gt; '/etc/default/grub'
    fi
    grub2-mkconfig -o /boot/grub2/grub.cfg

fi

else
    &gt;&amp;2 echo 'Remediation is not applicable, nothing was done'
fi
</fix>
      <fix xmlns:xhtml="http://www.w3.org/1999/xhtml" id="grub2_audit_argument" system="urn:redhat:osbuild:blueprint">[customizations.kernel]
append = "audit=1"
</fix>
      <fix xmlns:xhtml="http://www.w3.org/1999/xhtml" id="grub2_audit_argument" system="urn:xccdf:fix:script:ansible" reboot="true" complexity="medium" disruption="low" strategy="restrict">- name: Gather the package facts
  package_facts:
    manager: auto
  tags:
  - CCE-85832-4
  - CJIS-5.4.1.1
  - NIST-800-171-3.3.1
  - NIST-800-53-AC-17(1)
  - NIST-800-53-AU-10
  - NIST-800-53-AU-14(1)
  - NIST-800-53-CM-6(a)
  - NIST-800-53-IR-5(1)
  - PCI-DSS-Req-10.3
  - PCI-DSSv4-10.7
  - PCI-DSSv4-10.7.2
  - grub2_audit_argument
  - low_disruption
  - low_severity
  - medium_complexity
  - reboot_required
  - restrict_strategy

- name: Check audit argument exists
  ansible.builtin.command: grep '^\s*GRUB_CMDLINE_LINUX=.*audit=' /etc/default/grub
  check_mode: false
  failed_when: false
  changed_when: false
  register: argcheck
  when:
  - ("kernel-default" in ansible_facts.packages or "kernel-default-base" in ansible_facts.packages)
  - '"grub2" in ansible_facts.packages'
  tags:
  - CCE-85832-4
  - CJIS-5.4.1.1
  - NIST-800-171-3.3.1
  - NIST-800-53-AC-17(1)
  - NIST-800-53-AU-10
  - NIST-800-53-AU-14(1)
  - NIST-800-53-CM-6(a)
  - NIST-800-53-IR-5(1)
  - PCI-DSS-Req-10.3
  - PCI-DSSv4-10.7
  - PCI-DSSv4-10.7.2
  - grub2_audit_argument
  - low_disruption
  - low_severity
  - medium_complexity
  - reboot_required
  - restrict_strategy

- name: Check audit argument exists
  ansible.builtin.command: grep '^\s*GRUB_CMDLINE_LINUX=' /etc/default/grub
  check_mode: false
  failed_when: false
  changed_when: false
  register: linecheck
  when:
  - ("kernel-default" in ansible_facts.packages or "kernel-default-base" in ansible_facts.packages)
  - '"grub2" in ansible_facts.packages'
  tags:
  - CCE-85832-4
  - CJIS-5.4.1.1
  - NIST-800-171-3.3.1
  - NIST-800-53-AC-17(1)
  - NIST-800-53-AU-10
  - NIST-800-53-AU-14(1)
  - NIST-800-53-CM-6(a)
  - NIST-800-53-IR-5(1)
  - PCI-DSS-Req-10.3
  - PCI-DSSv4-10.7
  - PCI-DSSv4-10.7.2
  - grub2_audit_argument
  - low_disruption
  - low_severity
  - medium_complexity
  - reboot_required
  - restrict_strategy

- name: Add audit argument
  ansible.builtin.lineinfile:
    line: GRUB_CMDLINE_LINUX="audit=1 "
    state: present
    dest: /etc/default/grub
    create: true
    mode: '0644'
  when:
  - ("kernel-default" in ansible_facts.packages or "kernel-default-base" in ansible_facts.packages)
  - '"grub2" in ansible_facts.packages'
  - argcheck is not skipped and linecheck is not skipped and argcheck.rc != 0 and
    linecheck.rc != 0
  tags:
  - CCE-85832-4
  - CJIS-5.4.1.1
  - NIST-800-171-3.3.1
  - NIST-800-53-AC-17(1)
  - NIST-800-53-AU-10
  - NIST-800-53-AU-14(1)
  - NIST-800-53-CM-6(a)
  - NIST-800-53-IR-5(1)
  - PCI-DSS-Req-10.3
  - PCI-DSSv4-10.7
  - PCI-DSSv4-10.7.2
  - grub2_audit_argument
  - low_disruption
  - low_severity
  - medium_complexity
  - reboot_required
  - restrict_strategy

- name: Replace existing audit argument
  ansible.builtin.replace:
    path: /etc/default/grub
    regexp: audit=[a-zA-Z0-9,]+
    replace: audit=1
  when:
  - ("kernel-default" in ansible_facts.packages or "kernel-default-base" in ansible_facts.packages)
  - '"grub2" in ansible_facts.packages'
  - argcheck is not skipped and linecheck is not skipped and argcheck.rc == 0 and
    linecheck.rc == 0
  tags:
  - CCE-85832-4
  - CJIS-5.4.1.1
  - NIST-800-171-3.3.1
  - NIST-800-53-AC-17(1)
  - NIST-800-53-AU-10
  - NIST-800-53-AU-14(1)
  - NIST-800-53-CM-6(a)
  - NIST-800-53-IR-5(1)
  - PCI-DSS-Req-10.3
  - PCI-DSSv4-10.7
  - PCI-DSSv4-10.7.2
  - grub2_audit_argument
  - low_disruption
  - low_severity
  - medium_complexity
  - reboot_required
  - restrict_strategy

- name: Add audit argument
  ansible.builtin.replace:
    path: /etc/default/grub
    regexp: (^\s*GRUB_CMDLINE_LINUX=.*)"
    replace: \1 audit=1"
  when:
  - ("kernel-default" in ansible_facts.packages or "kernel-default-base" in ansible_facts.packages)
  - '"grub2" in ansible_facts.packages'
  - argcheck is not skipped and linecheck is not skipped and argcheck.rc != 0 and
    linecheck.rc == 0
  tags:
  - CCE-85832-4
  - CJIS-5.4.1.1
  - NIST-800-171-3.3.1
  - NIST-800-53-AC-17(1)
  - NIST-800-53-AU-10
  - NIST-800-53-AU-14(1)
  - NIST-800-53-CM-6(a)
  - NIST-800-53-IR-5(1)
  - PCI-DSS-Req-10.3
  - PCI-DSSv4-10.7
  - PCI-DSSv4-10.7.2
  - grub2_audit_argument
  - low_disruption
  - low_severity
  - medium_complexity
  - reboot_required
  - restrict_strategy

- name: Update grub defaults and the bootloader menu
  ansible.builtin.command: /usr/sbin/grub2-mkconfig -o /boot/grub2/grub.cfg
  when:
  - ("kernel-default" in ansible_facts.packages or "kernel-default-base" in ansible_facts.packages)
  - '"grub2" in ansible_facts.packages'
  tags:
  - CCE-85832-4
  - CJIS-5.4.1.1
  - NIST-800-171-3.3.1
  - NIST-800-53-AC-17(1)
  - NIST-800-53-AU-10
  - NIST-800-53-AU-14(1)
  - NIST-800-53-CM-6(a)
  - NIST-800-53-IR-5(1)
  - PCI-DSS-Req-10.3
  - PCI-DSSv4-10.7
  - PCI-DSSv4-10.7.2
  - grub2_audit_argument
  - low_disruption
  - low_severity
  - medium_complexity
  - reboot_required
  - restrict_strategy
</fix>
      <check system="http://oval.mitre.org/XMLSchema/oval-definitions-5">
        <check-content-ref name="oval:ssg-grub2_audit_argument:def:1" href="ssg-sle15-oval.xml"/>
      </check>
      <check system="http://scap.nist.gov/schema/ocil/2">
        <check-content-ref name="ocil:ssg-grub2_audit_argument_ocil:questionnaire:1" href="ssg-sle15-ocil.xml"/>
      </check>
    </Rule>
    <Rule id="xccdf_org.ssgproject.content_rule_grub2_audit_backlog_limit_argument" selected="false" role="full" severity="low">
      <title xmlns:xhtml="http://www.w3.org/1999/xhtml" xml:lang="en-US">Extend Audit Backlog Limit for the Audit Daemon</title>
      <description xmlns:xhtml="http://www.w3.org/1999/xhtml" xml:lang="en-US">To improve the kernel capacity to queue all log events, even those which occurred
prior to the audit daemon, add the argument <html:code xmlns:html="http://www.w3.org/1999/xhtml" xmlns:xccdf-1.2="http://checklists.nist.gov/xccdf/1.2">audit_backlog_limit=<xccdf-1.2:sub idref="xccdf_org.ssgproject.content_value_var_audit_backlog_limit" use="legacy"/>
      </html:code> to the default
GRUB 2 command line for the Linux operating system.
Configure the default Grub2 kernel command line to contain audit_backlog_limit=<xccdf-1.2:sub xmlns:xccdf-1.2="http://checklists.nist.gov/xccdf/1.2" idref="xccdf_org.ssgproject.content_value_var_audit_backlog_limit" use="legacy"/> as follows:
<html:pre xmlns:html="http://www.w3.org/1999/xhtml" xmlns:xccdf-1.2="http://checklists.nist.gov/xccdf/1.2"># grub2-editenv - set "$(grub2-editenv - list | grep kernelopts) audit_backlog_limit=<xccdf-1.2:sub idref="xccdf_org.ssgproject.content_value_var_audit_backlog_limit" use="legacy"/>"</html:pre>
     </description>
      <reference href="http://nvlpubs.nist.gov/nistpubs/SpecialPublications/NIST.SP.800-53r4.pdf">CM-6(a)</reference>
      <reference href="https://www.niap-ccevs.org/Profile/PP.cfm">FAU_STG.1</reference>
      <reference href="https://www.niap-ccevs.org/Profile/PP.cfm">FAU_STG.3</reference>
      <reference href="https://www.cyber.mil/stigs/downloads/?_dl_facet_stigs=operating-systems%2Cgeneral-purpose-os">SRG-OS-000037-GPOS-00015</reference>
      <reference href="https://www.cyber.mil/stigs/downloads/?_dl_facet_stigs=operating-systems%2Cgeneral-purpose-os">SRG-OS-000042-GPOS-00020</reference>
      <reference href="https://www.cyber.mil/stigs/downloads/?_dl_facet_stigs=operating-systems%2Cgeneral-purpose-os">SRG-OS-000062-GPOS-00031</reference>
      <reference href="https://www.cyber.mil/stigs/downloads/?_dl_facet_stigs=operating-systems%2Cgeneral-purpose-os">SRG-OS-000254-GPOS-00095</reference>
      <reference href="https://www.cyber.mil/stigs/downloads/?_dl_facet_stigs=operating-systems%2Cgeneral-purpose-os">SRG-OS-000341-GPOS-00132</reference>
      <reference href="https://www.cyber.mil/stigs/downloads/?_dl_facet_stigs=operating-systems%2Cgeneral-purpose-os">SRG-OS-000392-GPOS-00172</reference>
      <reference href="https://www.cyber.mil/stigs/downloads/?_dl_facet_stigs=operating-systems%2Cgeneral-purpose-os">SRG-OS-000462-GPOS-00206</reference>
      <reference href="https://www.cyber.mil/stigs/downloads/?_dl_facet_stigs=operating-systems%2Cgeneral-purpose-os">SRG-OS-000471-GPOS-00215</reference>
      <reference href="https://www.cisecurity.org/benchmark/suse_linux/">4.1.2.4</reference>
      <reference href="not_publicly_available">SLES-15-750450045</reference>
      <reference href="https://docs-prv.pcisecuritystandards.org/PCI%20DSS/Standard/PCI-DSS-v4_0.pdf">10.7.2</reference>
      <reference href="https://docs-prv.pcisecuritystandards.org/PCI%20DSS/Standard/PCI-DSS-v4_0.pdf">10.7</reference>
      <rationale xmlns:xhtml="http://www.w3.org/1999/xhtml" xml:lang="en-US">audit_backlog_limit sets the queue length for audit events awaiting transfer
to the audit daemon. Until the audit daemon is up and running, all log messages
are stored in this queue.  If the queue is overrun during boot process, the action
defined by audit failure flag is taken.</rationale>
      <platform idref="#grub2"/>
      <ident system="https://ncp.nist.gov/cce">CCE-91374-9</ident>
      <fix xmlns:xhtml="http://www.w3.org/1999/xhtml" id="grub2_audit_backlog_limit_argument" system="urn:xccdf:fix:script:sh"># Remediation is applicable only in certain platforms
if rpm --quiet -q kernel-default || rpm --quiet -q kernel-default-base &amp;&amp; { rpm --quiet -q grub2; }; then

var_audit_backlog_limit='<xccdf-1.2:sub xmlns:xccdf-1.2="http://checklists.nist.gov/xccdf/1.2" idref="xccdf_org.ssgproject.content_value_var_audit_backlog_limit" use="legacy"/>'



if { rpm --quiet -q kernel rpm-ostree bootc &amp;&amp; ! rpm --quiet -q openshift-kubelet &amp;&amp; { [ -f "/run/.containerenv" ] || [ -f "/.containerenv" ]; }; } ; then
    KARGS_DIR="/usr/lib/bootc/kargs.d/"
    if grep -q -E "audit_backlog_limit" "$KARGS_DIR/*.toml" ; then
        sed -i -E "s/^(\s*kargs\s*=\s*\[.*)\"audit_backlog_limit=[^\"]*\"(.*]\s*)/\1\"audit_backlog_limit=$var_audit_backlog_limit\"\2/" "$KARGS_DIR/*.toml"
    else
        echo "kargs = [\"audit_backlog_limit=$var_audit_backlog_limit\"]" &gt;&gt; "$KARGS_DIR/10-audit_backlog_limit.toml"
    fi
else


    # Correct the form of default kernel command line in GRUB
    if grep -q '^\s*GRUB_CMDLINE_LINUX=.*audit_backlog_limit=.*"'  '/etc/default/grub' ; then
           # modify the GRUB command-line if an audit_backlog_limit= arg already exists
           sed -i "s/\(^\s*GRUB_CMDLINE_LINUX=\".*\)audit_backlog_limit=[^[:space:]]\+\(.*\"\)/\1audit_backlog_limit=$var_audit_backlog_limit\2/"  '/etc/default/grub'
    # Add to already existing GRUB_CMDLINE_LINUX parameters
    elif grep -q '^\s*GRUB_CMDLINE_LINUX='  '/etc/default/grub' ; then
           # no audit_backlog_limit=arg is present, append it
           sed -i "s/\(^\s*GRUB_CMDLINE_LINUX=\".*\)\"/\1 audit_backlog_limit=$var_audit_backlog_limit\"/"  '/etc/default/grub'
    # Add GRUB_CMDLINE_LINUX parameters line
    else
           echo "GRUB_CMDLINE_LINUX=\"audit_backlog_limit=$var_audit_backlog_limit\"" &gt;&gt; '/etc/default/grub'
    fi
    grub2-mkconfig -o /boot/grub2/grub.cfg

fi

else
    &gt;&amp;2 echo 'Remediation is not applicable, nothing was done'
fi
</fix>
      <fix xmlns:xhtml="http://www.w3.org/1999/xhtml" id="grub2_audit_backlog_limit_argument" system="urn:redhat:osbuild:blueprint">[customizations.kernel]
append = "audit_backlog_limit=<xccdf-1.2:sub xmlns:xccdf-1.2="http://checklists.nist.gov/xccdf/1.2" idref="xccdf_org.ssgproject.content_value_var_audit_backlog_limit" use="legacy"/>"
</fix>
      <fix xmlns:xhtml="http://www.w3.org/1999/xhtml" id="grub2_audit_backlog_limit_argument" system="urn:xccdf:fix:script:ansible" reboot="true" complexity="medium" disruption="low" strategy="restrict">- name: Gather the package facts
  package_facts:
    manager: auto
  tags:
  - CCE-91374-9
  - NIST-800-53-CM-6(a)
  - PCI-DSSv4-10.7
  - PCI-DSSv4-10.7.2
  - grub2_audit_backlog_limit_argument
  - low_disruption
  - low_severity
  - medium_complexity
  - reboot_required
  - restrict_strategy
- name: XCCDF Value var_audit_backlog_limit # promote to variable
  set_fact:
    var_audit_backlog_limit: !!str <xccdf-1.2:sub xmlns:xccdf-1.2="http://checklists.nist.gov/xccdf/1.2" idref="xccdf_org.ssgproject.content_value_var_audit_backlog_limit" use="legacy"/>
  tags:
    - always

- name: Check audit_backlog_limit argument exists
  ansible.builtin.command: grep '^\s*GRUB_CMDLINE_LINUX=.*audit_backlog_limit=' /etc/default/grub
  check_mode: false
  failed_when: false
  changed_when: false
  register: argcheck
  when:
  - ("kernel-default" in ansible_facts.packages or "kernel-default-base" in ansible_facts.packages)
  - '"grub2" in ansible_facts.packages'
  tags:
  - CCE-91374-9
  - NIST-800-53-CM-6(a)
  - PCI-DSSv4-10.7
  - PCI-DSSv4-10.7.2
  - grub2_audit_backlog_limit_argument
  - low_disruption
  - low_severity
  - medium_complexity
  - reboot_required
  - restrict_strategy

- name: Check audit_backlog_limit argument exists
  ansible.builtin.command: grep '^\s*GRUB_CMDLINE_LINUX=' /etc/default/grub
  check_mode: false
  failed_when: false
  changed_when: false
  register: linecheck
  when:
  - ("kernel-default" in ansible_facts.packages or "kernel-default-base" in ansible_facts.packages)
  - '"grub2" in ansible_facts.packages'
  tags:
  - CCE-91374-9
  - NIST-800-53-CM-6(a)
  - PCI-DSSv4-10.7
  - PCI-DSSv4-10.7.2
  - grub2_audit_backlog_limit_argument
  - low_disruption
  - low_severity
  - medium_complexity
  - reboot_required
  - restrict_strategy

- name: Add audit_backlog_limit argument
  ansible.builtin.lineinfile:
    line: GRUB_CMDLINE_LINUX="audit_backlog_limit={{ var_audit_backlog_limit }} "
    state: present
    dest: /etc/default/grub
    create: true
    mode: '0644'
  when:
  - ("kernel-default" in ansible_facts.packages or "kernel-default-base" in ansible_facts.packages)
  - '"grub2" in ansible_facts.packages'
  - argcheck is not skipped and linecheck is not skipped and argcheck.rc != 0 and
    linecheck.rc != 0
  tags:
  - CCE-91374-9
  - NIST-800-53-CM-6(a)
  - PCI-DSSv4-10.7
  - PCI-DSSv4-10.7.2
  - grub2_audit_backlog_limit_argument
  - low_disruption
  - low_severity
  - medium_complexity
  - reboot_required
  - restrict_strategy

- name: Replace existing audit_backlog_limit argument
  ansible.builtin.replace:
    path: /etc/default/grub
    regexp: audit_backlog_limit=[a-zA-Z0-9,]+
    replace: audit_backlog_limit={{ var_audit_backlog_limit }}
  when:
  - ("kernel-default" in ansible_facts.packages or "kernel-default-base" in ansible_facts.packages)
  - '"grub2" in ansible_facts.packages'
  - argcheck is not skipped and linecheck is not skipped and argcheck.rc == 0 and
    linecheck.rc == 0
  tags:
  - CCE-91374-9
  - NIST-800-53-CM-6(a)
  - PCI-DSSv4-10.7
  - PCI-DSSv4-10.7.2
  - grub2_audit_backlog_limit_argument
  - low_disruption
  - low_severity
  - medium_complexity
  - reboot_required
  - restrict_strategy

- name: Add audit_backlog_limit argument
  ansible.builtin.replace:
    path: /etc/default/grub
    regexp: (^\s*GRUB_CMDLINE_LINUX=.*)"
    replace: \1 audit_backlog_limit={{ var_audit_backlog_limit }}"
  when:
  - ("kernel-default" in ansible_facts.packages or "kernel-default-base" in ansible_facts.packages)
  - '"grub2" in ansible_facts.packages'
  - argcheck is not skipped and linecheck is not skipped and argcheck.rc != 0 and
    linecheck.rc == 0
  tags:
  - CCE-91374-9
  - NIST-800-53-CM-6(a)
  - PCI-DSSv4-10.7
  - PCI-DSSv4-10.7.2
  - grub2_audit_backlog_limit_argument
  - low_disruption
  - low_severity
  - medium_complexity
  - reboot_required
  - restrict_strategy

- name: Update grub defaults and the bootloader menu
  ansible.builtin.command: /usr/sbin/grub2-mkconfig -o /boot/grub2/grub.cfg
  when:
  - ("kernel-default" in ansible_facts.packages or "kernel-default-base" in ansible_facts.packages)
  - '"grub2" in ansible_facts.packages'
  tags:
  - CCE-91374-9
  - NIST-800-53-CM-6(a)
  - PCI-DSSv4-10.7
  - PCI-DSSv4-10.7.2
  - grub2_audit_backlog_limit_argument
  - low_disruption
  - low_severity
  - medium_complexity
  - reboot_required
  - restrict_strategy
</fix>
      <check system="http://oval.mitre.org/XMLSchema/oval-definitions-5">
        <check-export export-name="oval:ssg-var_audit_backlog_limit:var:1" value-id="xccdf_org.ssgproject.content_value_var_audit_backlog_limit"/>
        <check-content-ref name="oval:ssg-grub2_audit_backlog_limit_argument:def:1" href="ssg-sle15-oval.xml"/>
      </check>
      <check system="http://scap.nist.gov/schema/ocil/2">
        <check-content-ref name="ocil:ssg-grub2_audit_backlog_limit_argument_ocil:questionnaire:1" href="ssg-sle15-ocil.xml"/>
      </check>
    </Rule>
    <Group id="xccdf_org.ssgproject.content_group_auditd_configure_rules">
      <title xmlns:xhtml="http://www.w3.org/1999/xhtml" xml:lang="en-US">Configure auditd Rules for Comprehensive Auditing</title>
      <description xmlns:xhtml="http://www.w3.org/1999/xhtml" xml:lang="en-US">The <html:code xmlns:html="http://www.w3.org/1999/xhtml">auditd</html:code> program can perform comprehensive
monitoring of system activity. This section describes recommended
configuration settings for comprehensive auditing, but a full
description of the auditing system's capabilities is beyond the
scope of this guide. The mailing list <html:i xmlns:html="http://www.w3.org/1999/xhtml">linux-audit@redhat.com</html:i> exists
to facilitate community discussion of the auditing system.
<html:br xmlns:html="http://www.w3.org/1999/xhtml"/>
      <html:br xmlns:html="http://www.w3.org/1999/xhtml"/>
The audit subsystem supports extensive collection of events, including:
<html:br xmlns:html="http://www.w3.org/1999/xhtml"/>
      <html:ul xmlns:html="http://www.w3.org/1999/xhtml"><html:li>Tracing of arbitrary system calls (identified by name or number)
on entry or exit.</html:li><html:li>Filtering by PID, UID, call success, system call argument (with
some limitations), etc.</html:li><html:li>Monitoring of specific files for modifications to the file's
contents or metadata.</html:li></html:ul>
      <html:br xmlns:html="http://www.w3.org/1999/xhtml"/>
Auditing rules at startup are controlled by the file <html:code xmlns:html="http://www.w3.org/1999/xhtml">/etc/audit/audit.rules</html:code>.
Add rules to it to meet the auditing requirements for your organization.
Each line in <html:code xmlns:html="http://www.w3.org/1999/xhtml">/etc/audit/audit.rules</html:code> represents a series of arguments
that can be passed to <html:code xmlns:html="http://www.w3.org/1999/xhtml">auditctl</html:code> and can be individually tested
during runtime. See documentation in <html:code xmlns:html="http://www.w3.org/1999/xhtml">/usr/share/doc/audit-<html:i>VERSION</html:i>
      </html:code> and
in the related man pages for more details.
<html:br xmlns:html="http://www.w3.org/1999/xhtml"/>
      <html:br xmlns:html="http://www.w3.org/1999/xhtml"/>
If copying any example audit rulesets from <html:code xmlns:html="http://www.w3.org/1999/xhtml">/usr/share/doc/audit-VERSION</html:code>,
be sure to comment out the
lines containing <html:code xmlns:html="http://www.w3.org/1999/xhtml">arch=</html:code> which are not appropriate for your system's
architecture. Then review and understand the following rules,
ensuring rules are activated as needed for the appropriate
architecture.
<html:br xmlns:html="http://www.w3.org/1999/xhtml"/>
      <html:br xmlns:html="http://www.w3.org/1999/xhtml"/>
After reviewing all the rules, reading the following sections, and
editing as needed, the new rules can be activated as follows:
<html:pre xmlns:html="http://www.w3.org/1999/xhtml">$ sudo service auditd restart</html:pre>
     </description>
      <platform idref="#package_audit"/>
      <Value id="xccdf_org.ssgproject.content_value_var_audit_failure_mode" type="string" interactive="true">
        <title xmlns:xhtml="http://www.w3.org/1999/xhtml" xml:lang="en-US">Audit failure mode</title>
        <description xmlns:xhtml="http://www.w3.org/1999/xhtml" xml:lang="en-US">This variable is the setting for the -f option in Audit configuration which sets the failure mode of audit.
This option lets you determine how you want the kernel to handle critical errors.
Possible values are: 0=silent, 1=printk, 2=panic.
If the value is set to "2", the system is configured to panic (shut down) in the event of an auditing failure.
If the value is set to "1", the system is configured to only send information to the kernel log regarding the failure.</description>
        <value>2</value>
        <value selector="silent">0</value>
        <value selector="printk">1</value>
        <value selector="panic">2</value>
      </Value>
      <Rule id="xccdf_org.ssgproject.content_rule_audit_rules_enable_syscall_auditing" selected="false" role="full" severity="medium">
        <title xmlns:xhtml="http://www.w3.org/1999/xhtml" xml:lang="en-US">Remove Default Configuration to Disable Syscall Auditing</title>
        <description xmlns:xhtml="http://www.w3.org/1999/xhtml" xml:lang="en-US">By default, SUSE Linux Enterprise 15 ships an audit rule to disable syscall
auditing for performance reasons.

To make sure that syscall auditing works, this line must be removed from
<html:code xmlns:html="http://www.w3.org/1999/xhtml">/etc/audit/rules.d/audit.rules</html:code> and <html:code xmlns:html="http://www.w3.org/1999/xhtml">/etc/audit/audit.rules</html:code>:

<html:pre xmlns:html="http://www.w3.org/1999/xhtml">-a task,never</html:pre>
      </description>
        <reference href="http://nvlpubs.nist.gov/nistpubs/SpecialPublications/NIST.SP.800-53r4.pdf">CM-6(b)</reference>
        <reference href="http://nvlpubs.nist.gov/nistpubs/SpecialPublications/NIST.SP.800-53r4.pdf">CM-6.1(iv)</reference>
        <reference href="https://www.cyber.mil/stigs/downloads/?_dl_facet_stigs=operating-systems%2Cgeneral-purpose-os">SRG-OS-000480-GPOS-00227</reference>
        <reference href="https://www.cyber.mil/stigs/downloads/?_dl_facet_stigs=operating-systems%2Cunix-linux">SLES-15-030820</reference>
        <reference href="not_publicly_available">SLES-15-750450450</reference>
        <reference href="https://www.cyber.mil/stigs/srg-stig-tools/">SV-234981r991589_rule</reference>
        <rationale xmlns:xhtml="http://www.w3.org/1999/xhtml" xml:lang="en-US">Audit rules for syscalls do not take effect unless this line is removed.</rationale>
        <ident system="https://ncp.nist.gov/cce">CCE-85706-0</ident>
        <fix xmlns:xhtml="http://www.w3.org/1999/xhtml" id="audit_rules_enable_syscall_auditing" system="urn:xccdf:fix:script:sh"># Remediation is applicable only in certain platforms
if rpm --quiet -q audit &amp;&amp; rpm --quiet -q kernel-default || rpm --quiet -q kernel-default-base; then

if [ -f "/usr/lib/systemd/system/auditd.service" ] ; then
    IS_AUGENRULES=$(grep -E "^(ExecStartPost=|Requires=augenrules\.service)" /usr/lib/systemd/system/auditd.service)

    if [[ "$IS_AUGENRULES" == *"augenrules"* ]] ; then
        for f in /etc/audit/rules.d/*.rules ; do
            sed -E -i --follow-symlinks 's/^(\s*-a\s+task,never)/#\1/' "$f"
        done
    else
        # auditctl is used
        sed -E -i --follow-symlinks 's/^(\s*-a\s+task,never)/#\1/' /etc/audit/audit.rules
    fi

    systemctl is-active --quiet auditd.service
    if [ $? -ne 0 ] ; then
        systemctl restart auditd.service
    fi
fi

else
    &gt;&amp;2 echo 'Remediation is not applicable, nothing was done'
fi
</fix>
        <fix xmlns:xhtml="http://www.w3.org/1999/xhtml" id="audit_rules_enable_syscall_auditing" system="urn:xccdf:fix:script:ansible" complexity="low" disruption="low" strategy="restrict">- name: Gather the package facts
  package_facts:
    manager: auto
  tags:
  - CCE-85706-0
  - DISA-STIG-SLES-15-030820
  - NIST-800-53-CM-6(b)
  - NIST-800-53-CM-6.1(iv)
  - audit_rules_enable_syscall_auditing
  - low_complexity
  - low_disruption
  - medium_severity
  - no_reboot_needed
  - restrict_strategy

- name: Service facts
  ansible.builtin.service_facts: null
  when:
  - '"audit" in ansible_facts.packages'
  - ("kernel-default" in ansible_facts.packages or "kernel-default-base" in ansible_facts.packages)
  tags:
  - CCE-85706-0
  - DISA-STIG-SLES-15-030820
  - NIST-800-53-CM-6(b)
  - NIST-800-53-CM-6.1(iv)
  - audit_rules_enable_syscall_auditing
  - low_complexity
  - low_disruption
  - medium_severity
  - no_reboot_needed
  - restrict_strategy

- name: Check if auditctl rules script being used
  ansible.builtin.find:
    paths: /usr/lib/systemd/system/
    patterns: auditd.service
    contains: ^\s*(ExecStartPost|Requires)\s*=[\s\-]*[\w\/]*auditctl
  register: auditd_svc_auditctl_used
  when:
  - '"audit" in ansible_facts.packages'
  - ("kernel-default" in ansible_facts.packages or "kernel-default-base" in ansible_facts.packages)
  tags:
  - CCE-85706-0
  - DISA-STIG-SLES-15-030820
  - NIST-800-53-CM-6(b)
  - NIST-800-53-CM-6.1(iv)
  - audit_rules_enable_syscall_auditing
  - low_complexity
  - low_disruption
  - medium_severity
  - no_reboot_needed
  - restrict_strategy

- name: Check augenrules rules script being used
  ansible.builtin.find:
    paths: /usr/lib/systemd/system/
    patterns: auditd.service
    contains: ^\s*(ExecStartPost|Requires)\s*=[\s\-]*[\w\/]*augenrules
  register: auditd_svc_augen_used
  when:
  - '"audit" in ansible_facts.packages'
  - ("kernel-default" in ansible_facts.packages or "kernel-default-base" in ansible_facts.packages)
  tags:
  - CCE-85706-0
  - DISA-STIG-SLES-15-030820
  - NIST-800-53-CM-6(b)
  - NIST-800-53-CM-6.1(iv)
  - audit_rules_enable_syscall_auditing
  - low_complexity
  - low_disruption
  - medium_severity
  - no_reboot_needed
  - restrict_strategy

- name: Find audit rules in /etc/audit/rules.d
  ansible.builtin.find:
    paths: /etc/audit/rules.d
    file_type: file
    follow: true
  register: find_audit_rules_result
  when:
  - '"audit" in ansible_facts.packages'
  - ("kernel-default" in ansible_facts.packages or "kernel-default-base" in ansible_facts.packages)
  - '"auditd.service" in ansible_facts.services'
  - auditd_svc_augen_used is defined and auditd_svc_augen_used.matched &gt;= 1
  tags:
  - CCE-85706-0
  - DISA-STIG-SLES-15-030820
  - NIST-800-53-CM-6(b)
  - NIST-800-53-CM-6.1(iv)
  - audit_rules_enable_syscall_auditing
  - low_complexity
  - low_disruption
  - medium_severity
  - no_reboot_needed
  - restrict_strategy

- name: Enable syscall auditing (augenrules)
  ansible.builtin.lineinfile:
    path: '{{ item.path }}'
    regex: (?i)^(\s*-a\s+task,never)\s*$
    line: '#-a task,never'
  with_items: '{{ find_audit_rules_result.files }}'
  when:
  - '"audit" in ansible_facts.packages'
  - ("kernel-default" in ansible_facts.packages or "kernel-default-base" in ansible_facts.packages)
  - '"auditd.service" in ansible_facts.services'
  - auditd_svc_augen_used is defined and auditd_svc_augen_used.matched &gt;= 1
  register: augenrules_syscall_auditing_rule_update_result
  tags:
  - CCE-85706-0
  - DISA-STIG-SLES-15-030820
  - NIST-800-53-CM-6(b)
  - NIST-800-53-CM-6.1(iv)
  - audit_rules_enable_syscall_auditing
  - low_complexity
  - low_disruption
  - medium_severity
  - no_reboot_needed
  - restrict_strategy

- name: Enable syscall auditing (auditctl)
  ansible.builtin.lineinfile:
    path: /etc/audit/audit.rules
    regex: (?i)^(\s*-a\s+task,never)\s*$
    line: '#-a task,never'
  when:
  - '"audit" in ansible_facts.packages'
  - ("kernel-default" in ansible_facts.packages or "kernel-default-base" in ansible_facts.packages)
  - '"auditd.service" in ansible_facts.services'
  - auditd_svc_auditctl_used is defined and auditd_svc_auditctl_used.matched &gt;= 1
  register: auditctl_syscall_auditing_rule_update_result
  tags:
  - CCE-85706-0
  - DISA-STIG-SLES-15-030820
  - NIST-800-53-CM-6(b)
  - NIST-800-53-CM-6.1(iv)
  - audit_rules_enable_syscall_auditing
  - low_complexity
  - low_disruption
  - medium_severity
  - no_reboot_needed
  - restrict_strategy

- name: Restart auditd.service
  ansible.builtin.systemd:
    name: auditd.service
    state: restarted
  when:
  - '"audit" in ansible_facts.packages'
  - ("kernel-default" in ansible_facts.packages or "kernel-default-base" in ansible_facts.packages)
  - ansible_facts.services["auditd.service"].state == "running"
  - (augenrules_syscall_auditing_rule_update_result.changed or auditctl_syscall_auditing_rule_update_result.changed)
  tags:
  - CCE-85706-0
  - DISA-STIG-SLES-15-030820
  - NIST-800-53-CM-6(b)
  - NIST-800-53-CM-6.1(iv)
  - audit_rules_enable_syscall_auditing
  - low_complexity
  - low_disruption
  - medium_severity
  - no_reboot_needed
  - restrict_strategy
</fix>
        <check system="http://oval.mitre.org/XMLSchema/oval-definitions-5">
          <check-content-ref name="oval:ssg-audit_rules_enable_syscall_auditing:def:1" href="ssg-sle15-oval.xml"/>
        </check>
        <check system="http://scap.nist.gov/schema/ocil/2">
          <check-content-ref name="ocil:ssg-audit_rules_enable_syscall_auditing_ocil:questionnaire:1" href="ssg-sle15-ocil.xml"/>
        </check>
      </Rule>
      <Rule id="xccdf_org.ssgproject.content_rule_audit_rules_etc_cron_d" selected="false" role="full" severity="medium">
        <title xmlns:xhtml="http://www.w3.org/1999/xhtml" xml:lang="en-US">Ensure auditd Collects Changes to Cron Jobs - /etc/cron.d/</title>
        <description xmlns:xhtml="http://www.w3.org/1999/xhtml" xml:lang="en-US">At a minimum, the audit system should collect administrator actions
for all users and root.




If the <html:code xmlns:html="http://www.w3.org/1999/xhtml">auditd</html:code> daemon is configured to use the <html:code xmlns:html="http://www.w3.org/1999/xhtml">augenrules</html:code>
program to read audit rules during daemon startup (the default), add the
following lines to a file with suffix <html:code xmlns:html="http://www.w3.org/1999/xhtml">.rules</html:code> in the
directory <html:code xmlns:html="http://www.w3.org/1999/xhtml">/etc/audit/rules.d</html:code>:

<html:pre xmlns:html="http://www.w3.org/1999/xhtml">-w /etc/cron.d/ -p wa -k cronjobs</html:pre>

If the <html:code xmlns:html="http://www.w3.org/1999/xhtml">auditd</html:code> daemon is configured to use the <html:code xmlns:html="http://www.w3.org/1999/xhtml">auditctl</html:code>
utility to read audit rules during daemon startup, add the following lines to
<html:code xmlns:html="http://www.w3.org/1999/xhtml">/etc/audit/audit.rules</html:code>:

<html:pre xmlns:html="http://www.w3.org/1999/xhtml">-w /etc/cron.d/ -p wa -k cronjobs</html:pre>
      </description>
        <reference href="https://www.cyber.mil/stigs/downloads/?_dl_facet_stigs=operating-systems%2Cgeneral-purpose-os">SRG-OS-000471-GPOS-00215</reference>
        <reference href="https://www.cyber.mil/stigs/downloads/?_dl_facet_stigs=operating-systems%2Cunix-linux">SLES-15-030015</reference>
        <reference href="https://www.cyber.mil/stigs/srg-stig-tools/">SV-274879r1106564_rule</reference>
        <rationale xmlns:xhtml="http://www.w3.org/1999/xhtml" xml:lang="en-US">The actions taken by system administrators should be audited to keep a record
of what was executed on the system, as well as, for accountability purposes.
Editing the sudoers file may be sign of an attacker trying to
establish persistent methods to a system, auditing the editing of the sudoers
files mitigates this risk.</rationale>
        <ident system="https://ncp.nist.gov/cce">CCE-92586-7</ident>
        <fix xmlns:xhtml="http://www.w3.org/1999/xhtml" id="audit_rules_etc_cron_d" system="urn:xccdf:fix:script:sh"># Remediation is applicable only in certain platforms
if rpm --quiet -q audit &amp;&amp; rpm --quiet -q kernel-default || rpm --quiet -q kernel-default-base; then

# Perform the remediation for both possible tools: 'auditctl' and 'augenrules'






# Create a list of audit *.rules files that should be inspected for presence and correctness
# of a particular audit rule. The scheme is as follows:
#
# -----------------------------------------------------------------------------------------
# Tool used to load audit rules	| Rule already defined	|  Audit rules file to inspect	  |
# -----------------------------------------------------------------------------------------
#	auditctl		|     Doesn't matter	|  /etc/audit/audit.rules	  |
# -----------------------------------------------------------------------------------------
# 	augenrules		|          Yes		|  /etc/audit/rules.d/*.rules	  |
# 	augenrules		|          No		|  /etc/audit/rules.d/$key.rules  |
# -----------------------------------------------------------------------------------------
files_to_inspect=()


# If the audit tool is 'auditctl', then add '/etc/audit/audit.rules'
# into the list of files to be inspected
files_to_inspect+=('/etc/audit/audit.rules')

# Finally perform the inspection and possible subsequent audit rule
# correction for each of the files previously identified for inspection
for audit_rules_file in "${files_to_inspect[@]}"
do
    # Check if audit watch file system object rule for given path already present

    if grep -q -P -- "^[\s]*-w[\s]+/etc/cron.d/" "$audit_rules_file"

    then
        # Rule is found =&gt; verify yet if existing rule definition contains
        # all of the required access type bits

        # Define BRE whitespace class shortcut
        sp="[[:space:]]"
        # Extract current permission access types (e.g. -p [r|w|x|a] values) from audit rule

        current_access_bits=$(sed -ne "s#$sp*-w$sp\+/etc/cron.d/ $sp\+-p$sp\+\([rxwa]\{1,4\}\).*#\1#p" "$audit_rules_file")

        # Split required access bits string into characters array
        # (to check bit's presence for one bit at a time)
        for access_bit in $(echo "wa" | grep -o .)
        do
            # For each from the required access bits (e.g. 'w', 'a') check
            # if they are already present in current access bits for rule.
            # If not, append that bit at the end
            if ! grep -q "$access_bit" &lt;&lt;&lt; "$current_access_bits"
            then
                # Concatenate the existing mask with the missing bit
                current_access_bits="$current_access_bits$access_bit"
            fi
        done
        # Propagate the updated rule's access bits (original + the required
        # ones) back into the /etc/audit/audit.rules file for that rule

        sed -i "s#\($sp*-w$sp\+/etc/cron.d/$sp\+-p$sp\+\)\([rxwa]\{1,4\}\)\(.*\)#\1$current_access_bits\3#" "$audit_rules_file"

    else
        # Rule isn't present yet. Append it at the end of $audit_rules_file file
        # with proper key


        echo "-w /etc/cron.d/ -p wa -k actions" &gt;&gt; "$audit_rules_file"

    fi
done
# Create a list of audit *.rules files that should be inspected for presence and correctness
# of a particular audit rule. The scheme is as follows:
#
# -----------------------------------------------------------------------------------------
# Tool used to load audit rules	| Rule already defined	|  Audit rules file to inspect	  |
# -----------------------------------------------------------------------------------------
#	auditctl		|     Doesn't matter	|  /etc/audit/audit.rules	  |
# -----------------------------------------------------------------------------------------
# 	augenrules		|          Yes		|  /etc/audit/rules.d/*.rules	  |
# 	augenrules		|          No		|  /etc/audit/rules.d/$key.rules  |
# -----------------------------------------------------------------------------------------
files_to_inspect=()

# If the audit is 'augenrules', then check if rule is already defined
# If rule is defined, add '/etc/audit/rules.d/*.rules' to list of files for inspection.
# If rule isn't defined, add '/etc/audit/rules.d/actions.rules' to list of files for inspection.

readarray -t matches &lt; &lt;(grep -HP "[\s]*-w[\s]+/etc/cron.d/" /etc/audit/rules.d/*.rules)


# For each of the matched entries
for match in "${matches[@]}"
do
    # Extract filepath from the match
    rulesd_audit_file=$(echo $match | cut -f1 -d ':')
    # Append that path into list of files for inspection
    files_to_inspect+=("$rulesd_audit_file")
done
# Case when particular audit rule isn't defined yet
if [ "${#files_to_inspect[@]}" -eq "0" ]
then
    # Append '/etc/audit/rules.d/actions.rules' into list of files for inspection
    key_rule_file="/etc/audit/rules.d/actions.rules"
    # If the actions.rules file doesn't exist yet, create it with correct permissions
    if [ ! -e "$key_rule_file" ]
    then
        touch "$key_rule_file"
        chmod 0600 "$key_rule_file"
    fi
    files_to_inspect+=("$key_rule_file")
fi

# Finally perform the inspection and possible subsequent audit rule
# correction for each of the files previously identified for inspection
for audit_rules_file in "${files_to_inspect[@]}"
do
    # Check if audit watch file system object rule for given path already present

    if grep -q -P -- "^[\s]*-w[\s]+/etc/cron.d/" "$audit_rules_file"

    then
        # Rule is found =&gt; verify yet if existing rule definition contains
        # all of the required access type bits

        # Define BRE whitespace class shortcut
        sp="[[:space:]]"
        # Extract current permission access types (e.g. -p [r|w|x|a] values) from audit rule

        current_access_bits=$(sed -ne "s#$sp*-w$sp\+/etc/cron.d/ $sp\+-p$sp\+\([rxwa]\{1,4\}\).*#\1#p" "$audit_rules_file")

        # Split required access bits string into characters array
        # (to check bit's presence for one bit at a time)
        for access_bit in $(echo "wa" | grep -o .)
        do
            # For each from the required access bits (e.g. 'w', 'a') check
            # if they are already present in current access bits for rule.
            # If not, append that bit at the end
            if ! grep -q "$access_bit" &lt;&lt;&lt; "$current_access_bits"
            then
                # Concatenate the existing mask with the missing bit
                current_access_bits="$current_access_bits$access_bit"
            fi
        done
        # Propagate the updated rule's access bits (original + the required
        # ones) back into the /etc/audit/audit.rules file for that rule

        sed -i "s#\($sp*-w$sp\+/etc/cron.d/$sp\+-p$sp\+\)\([rxwa]\{1,4\}\)\(.*\)#\1$current_access_bits\3#" "$audit_rules_file"

    else
        # Rule isn't present yet. Append it at the end of $audit_rules_file file
        # with proper key


        echo "-w /etc/cron.d/ -p wa -k actions" &gt;&gt; "$audit_rules_file"

    fi
done

else
    &gt;&amp;2 echo 'Remediation is not applicable, nothing was done'
fi
</fix>
        <fix xmlns:xhtml="http://www.w3.org/1999/xhtml" id="audit_rules_etc_cron_d" system="urn:xccdf:fix:script:ansible" complexity="low" disruption="low" strategy="restrict">- name: Gather the package facts
  package_facts:
    manager: auto
  tags:
  - CCE-92586-7
  - DISA-STIG-SLES-15-030015
  - audit_rules_etc_cron_d
  - low_complexity
  - low_disruption
  - medium_severity
  - no_reboot_needed
  - restrict_strategy

- name: Ensure auditd Collects Changes to Cron Jobs - /etc/cron.d/ - Check if watch
    rule for /etc/cron.d/ already exists in /etc/audit/rules.d/
  ansible.builtin.find:
    paths: /etc/audit/rules.d
    contains: ^\s*-w\s+/etc/cron.d/\s+-p\s+wa(\s|$)+
    patterns: '*.rules'
  register: find_existing_watch_rules_d
  when:
  - '"audit" in ansible_facts.packages'
  - ("kernel-default" in ansible_facts.packages or "kernel-default-base" in ansible_facts.packages)
  tags:
  - CCE-92586-7
  - DISA-STIG-SLES-15-030015
  - audit_rules_etc_cron_d
  - low_complexity
  - low_disruption
  - medium_severity
  - no_reboot_needed
  - restrict_strategy

- name: Ensure auditd Collects Changes to Cron Jobs - /etc/cron.d/ - Search /etc/audit/rules.d
    for other rules with specified key actions
  ansible.builtin.find:
    paths: /etc/audit/rules.d
    contains: ^.*(?:-F key=|-k\s+)actions$
    patterns: '*.rules'
  register: find_watch_key
  when:
  - '"audit" in ansible_facts.packages'
  - ("kernel-default" in ansible_facts.packages or "kernel-default-base" in ansible_facts.packages)
  - find_existing_watch_rules_d.matched is defined and find_existing_watch_rules_d.matched
    == 0
  tags:
  - CCE-92586-7
  - DISA-STIG-SLES-15-030015
  - audit_rules_etc_cron_d
  - low_complexity
  - low_disruption
  - medium_severity
  - no_reboot_needed
  - restrict_strategy

- name: Ensure auditd Collects Changes to Cron Jobs - /etc/cron.d/ - Use /etc/audit/rules.d/actions.rules
    as the recipient for the rule
  ansible.builtin.set_fact:
    all_files:
    - /etc/audit/rules.d/actions.rules
  when:
  - '"audit" in ansible_facts.packages'
  - ("kernel-default" in ansible_facts.packages or "kernel-default-base" in ansible_facts.packages)
  - find_watch_key.matched is defined and find_watch_key.matched == 0 and find_existing_watch_rules_d.matched
    is defined and find_existing_watch_rules_d.matched == 0
  tags:
  - CCE-92586-7
  - DISA-STIG-SLES-15-030015
  - audit_rules_etc_cron_d
  - low_complexity
  - low_disruption
  - medium_severity
  - no_reboot_needed
  - restrict_strategy

- name: Ensure auditd Collects Changes to Cron Jobs - /etc/cron.d/ - Use matched file
    as the recipient for the rule
  ansible.builtin.set_fact:
    all_files:
    - '{{ find_watch_key.files | map(attribute=''path'') | list | first }}'
  when:
  - '"audit" in ansible_facts.packages'
  - ("kernel-default" in ansible_facts.packages or "kernel-default-base" in ansible_facts.packages)
  - find_watch_key.matched is defined and find_watch_key.matched &gt; 0 and find_existing_watch_rules_d.matched
    is defined and find_existing_watch_rules_d.matched == 0
  tags:
  - CCE-92586-7
  - DISA-STIG-SLES-15-030015
  - audit_rules_etc_cron_d
  - low_complexity
  - low_disruption
  - medium_severity
  - no_reboot_needed
  - restrict_strategy

- name: Ensure auditd Collects Changes to Cron Jobs - /etc/cron.d/ - Add watch rule
    for /etc/cron.d/ in /etc/audit/rules.d/
  ansible.builtin.lineinfile:
    path: '{{ all_files[0] }}'
    line: -w /etc/cron.d/ -p wa -k actions
    create: true
    mode: '0600'
  when:
  - '"audit" in ansible_facts.packages'
  - ("kernel-default" in ansible_facts.packages or "kernel-default-base" in ansible_facts.packages)
  - find_existing_watch_rules_d.matched is defined and find_existing_watch_rules_d.matched
    == 0
  tags:
  - CCE-92586-7
  - DISA-STIG-SLES-15-030015
  - audit_rules_etc_cron_d
  - low_complexity
  - low_disruption
  - medium_severity
  - no_reboot_needed
  - restrict_strategy

- name: Ensure auditd Collects Changes to Cron Jobs - /etc/cron.d/ - Check if watch
    rule for /etc/cron.d/ already exists in /etc/audit/audit.rules
  ansible.builtin.find:
    paths: /etc/audit/
    contains: ^\s*-w\s+/etc/cron.d/\s+-p\s+wa(\s|$)+
    patterns: audit.rules
  register: find_existing_watch_audit_rules
  when:
  - '"audit" in ansible_facts.packages'
  - ("kernel-default" in ansible_facts.packages or "kernel-default-base" in ansible_facts.packages)
  tags:
  - CCE-92586-7
  - DISA-STIG-SLES-15-030015
  - audit_rules_etc_cron_d
  - low_complexity
  - low_disruption
  - medium_severity
  - no_reboot_needed
  - restrict_strategy

- name: Ensure auditd Collects Changes to Cron Jobs - /etc/cron.d/ - Add watch rule
    for /etc/cron.d/ in /etc/audit/audit.rules
  ansible.builtin.lineinfile:
    line: -w /etc/cron.d/ -p wa -k actions
    state: present
    dest: /etc/audit/audit.rules
    create: true
    mode: '0600'
  when:
  - '"audit" in ansible_facts.packages'
  - ("kernel-default" in ansible_facts.packages or "kernel-default-base" in ansible_facts.packages)
  - find_existing_watch_audit_rules.matched is defined and find_existing_watch_audit_rules.matched
    == 0
  tags:
  - CCE-92586-7
  - DISA-STIG-SLES-15-030015
  - audit_rules_etc_cron_d
  - low_complexity
  - low_disruption
  - medium_severity
  - no_reboot_needed
  - restrict_strategy
</fix>
        <check system="http://oval.mitre.org/XMLSchema/oval-definitions-5">
          <check-content-ref name="oval:ssg-audit_rules_etc_cron_d:def:1" href="ssg-sle15-oval.xml"/>
        </check>
        <check system="http://scap.nist.gov/schema/ocil/2">
          <check-content-ref name="ocil:ssg-audit_rules_etc_cron_d_ocil:questionnaire:1" href="ssg-sle15-ocil.xml"/>
        </check>
      </Rule>
      <Rule id="xccdf_org.ssgproject.content_rule_audit_rules_immutable" selected="false" role="full" severity="medium">
        <title xmlns:xhtml="http://www.w3.org/1999/xhtml" xml:lang="en-US">Make the auditd Configuration Immutable</title>
        <description xmlns:xhtml="http://www.w3.org/1999/xhtml" xml:lang="en-US">If the <html:code xmlns:html="http://www.w3.org/1999/xhtml">auditd</html:code> daemon is configured to use the
<html:code xmlns:html="http://www.w3.org/1999/xhtml">augenrules</html:code> program to read audit rules during daemon startup (the
default), add the following line to a file with suffix <html:code xmlns:html="http://www.w3.org/1999/xhtml">.rules</html:code> in the
directory <html:code xmlns:html="http://www.w3.org/1999/xhtml">/etc/audit/rules.d</html:code> in order to make the auditd configuration
immutable:
<html:pre xmlns:html="http://www.w3.org/1999/xhtml">-e 2</html:pre>
If the <html:code xmlns:html="http://www.w3.org/1999/xhtml">auditd</html:code> daemon is configured to use the <html:code xmlns:html="http://www.w3.org/1999/xhtml">auditctl</html:code>
utility to read audit rules during daemon startup, add the following line to
<html:code xmlns:html="http://www.w3.org/1999/xhtml">/etc/audit/audit.rules</html:code> file in order to make the auditd configuration
immutable:
<html:pre xmlns:html="http://www.w3.org/1999/xhtml">-e 2</html:pre>
With this setting, a reboot will be required to change any audit rules.</description>
        <reference href="https://www.cisecurity.org/controls/">1</reference>
        <reference href="https://www.cisecurity.org/controls/">11</reference>
        <reference href="https://www.cisecurity.org/controls/">12</reference>
        <reference href="https://www.cisecurity.org/controls/">13</reference>
        <reference href="https://www.cisecurity.org/controls/">14</reference>
        <reference href="https://www.cisecurity.org/controls/">15</reference>
        <reference href="https://www.cisecurity.org/controls/">16</reference>
        <reference href="https://www.cisecurity.org/controls/">18</reference>
        <reference href="https://www.cisecurity.org/controls/">19</reference>
        <reference href="https://www.cisecurity.org/controls/">3</reference>
        <reference href="https://www.cisecurity.org/controls/">4</reference>
        <reference href="https://www.cisecurity.org/controls/">5</reference>
        <reference href="https://www.cisecurity.org/controls/">6</reference>
        <reference href="https://www.cisecurity.org/controls/">7</reference>
        <reference href="https://www.cisecurity.org/controls/">8</reference>
        <reference href="https://www.fbi.gov/file-repository/cjis-security-policy-v5_5_20160601-2-1.pdf">5.4.1.1</reference>
        <reference href="https://www.isaca.org/resources/cobit">APO01.06</reference>
        <reference href="https://www.isaca.org/resources/cobit">APO10.01</reference>
        <reference href="https://www.isaca.org/resources/cobit">APO10.03</reference>
        <reference href="https://www.isaca.org/resources/cobit">APO10.04</reference>
        <reference href="https://www.isaca.org/resources/cobit">APO10.05</reference>
        <reference href="https://www.isaca.org/resources/cobit">APO11.04</reference>
        <reference href="https://www.isaca.org/resources/cobit">APO12.06</reference>
        <reference href="https://www.isaca.org/resources/cobit">BAI03.05</reference>
        <reference href="https://www.isaca.org/resources/cobit">BAI08.02</reference>
        <reference href="https://www.isaca.org/resources/cobit">DSS02.02</reference>
        <reference href="https://www.isaca.org/resources/cobit">DSS02.04</reference>
        <reference href="https://www.isaca.org/resources/cobit">DSS02.07</reference>
        <reference href="https://www.isaca.org/resources/cobit">DSS03.01</reference>
        <reference href="https://www.isaca.org/resources/cobit">DSS05.04</reference>
        <reference href="https://www.isaca.org/resources/cobit">DSS05.07</reference>
        <reference href="https://www.isaca.org/resources/cobit">DSS06.02</reference>
        <reference href="https://www.isaca.org/resources/cobit">MEA01.01</reference>
        <reference href="https://www.isaca.org/resources/cobit">MEA01.02</reference>
        <reference href="https://www.isaca.org/resources/cobit">MEA01.03</reference>
        <reference href="https://www.isaca.org/resources/cobit">MEA01.04</reference>
        <reference href="https://www.isaca.org/resources/cobit">MEA01.05</reference>
        <reference href="https://www.isaca.org/resources/cobit">MEA02.01</reference>
        <reference href="http://nvlpubs.nist.gov/nistpubs/SpecialPublications/NIST.SP.800-171.pdf">3.3.1</reference>
        <reference href="http://nvlpubs.nist.gov/nistpubs/SpecialPublications/NIST.SP.800-171.pdf">3.4.3</reference>
        <reference href="https://www.gpo.gov/fdsys/pkg/CFR-2007-title45-vol1/pdf/CFR-2007-title45-vol1-chapA-subchapC.pdf">164.308(a)(1)(ii)(D)</reference>
        <reference href="https://www.gpo.gov/fdsys/pkg/CFR-2007-title45-vol1/pdf/CFR-2007-title45-vol1-chapA-subchapC.pdf">164.308(a)(3)(ii)(A)</reference>
        <reference href="https://www.gpo.gov/fdsys/pkg/CFR-2007-title45-vol1/pdf/CFR-2007-title45-vol1-chapA-subchapC.pdf">164.308(a)(5)(ii)(C)</reference>
        <reference href="https://www.gpo.gov/fdsys/pkg/CFR-2007-title45-vol1/pdf/CFR-2007-title45-vol1-chapA-subchapC.pdf">164.312(a)(2)(i)</reference>
        <reference href="https://www.gpo.gov/fdsys/pkg/CFR-2007-title45-vol1/pdf/CFR-2007-title45-vol1-chapA-subchapC.pdf">164.310(a)(2)(iv)</reference>
        <reference href="https://www.gpo.gov/fdsys/pkg/CFR-2007-title45-vol1/pdf/CFR-2007-title45-vol1-chapA-subchapC.pdf">164.312(d)</reference>
        <reference href="https://www.gpo.gov/fdsys/pkg/CFR-2007-title45-vol1/pdf/CFR-2007-title45-vol1-chapA-subchapC.pdf">164.310(d)(2)(iii)</reference>
        <reference href="https://www.gpo.gov/fdsys/pkg/CFR-2007-title45-vol1/pdf/CFR-2007-title45-vol1-chapA-subchapC.pdf">164.312(b)</reference>
        <reference href="https://www.gpo.gov/fdsys/pkg/CFR-2007-title45-vol1/pdf/CFR-2007-title45-vol1-chapA-subchapC.pdf">164.312(e)</reference>
        <reference href="https://www.isa.org/products/isa-62443-2-1-2009-security-for-industrial-automat">4.2.3.10</reference>
        <reference href="https://www.isa.org/products/isa-62443-2-1-2009-security-for-industrial-automat">4.3.2.6.7</reference>
        <reference href="https://www.isa.org/products/isa-62443-2-1-2009-security-for-industrial-automat">4.3.3.3.9</reference>
        <reference href="https://www.isa.org/products/isa-62443-2-1-2009-security-for-industrial-automat">4.3.3.5.8</reference>
        <reference href="https://www.isa.org/products/isa-62443-2-1-2009-security-for-industrial-automat">4.3.3.7.3</reference>
        <reference href="https://www.isa.org/products/isa-62443-2-1-2009-security-for-industrial-automat">4.3.4.4.7</reference>
        <reference href="https://www.isa.org/products/isa-62443-2-1-2009-security-for-industrial-automat">4.3.4.5.6</reference>
        <reference href="https://www.isa.org/products/isa-62443-2-1-2009-security-for-industrial-automat">4.3.4.5.7</reference>
        <reference href="https://www.isa.org/products/isa-62443-2-1-2009-security-for-industrial-automat">4.3.4.5.8</reference>
        <reference href="https://www.isa.org/products/isa-62443-2-1-2009-security-for-industrial-automat">4.4.2.1</reference>
        <reference href="https://www.isa.org/products/isa-62443-2-1-2009-security-for-industrial-automat">4.4.2.2</reference>
        <reference href="https://www.isa.org/products/isa-62443-2-1-2009-security-for-industrial-automat">4.4.2.4</reference>
        <reference href="https://www.isa.org/products/ansi-isa-62443-3-3-99-03-03-2013-security-for-indu">SR 2.1</reference>
        <reference href="https://www.isa.org/products/ansi-isa-62443-3-3-99-03-03-2013-security-for-indu">SR 2.10</reference>
        <reference href="https://www.isa.org/products/ansi-isa-62443-3-3-99-03-03-2013-security-for-indu">SR 2.11</reference>
        <reference href="https://www.isa.org/products/ansi-isa-62443-3-3-99-03-03-2013-security-for-indu">SR 2.12</reference>
        <reference href="https://www.isa.org/products/ansi-isa-62443-3-3-99-03-03-2013-security-for-indu">SR 2.8</reference>
        <reference href="https://www.isa.org/products/ansi-isa-62443-3-3-99-03-03-2013-security-for-indu">SR 2.9</reference>
        <reference href="https://www.isa.org/products/ansi-isa-62443-3-3-99-03-03-2013-security-for-indu">SR 5.2</reference>
        <reference href="https://www.isa.org/products/ansi-isa-62443-3-3-99-03-03-2013-security-for-indu">SR 6.1</reference>
        <reference href="https://www.iso.org/contents/data/standard/05/45/54534.html">A.10.1.1</reference>
        <reference href="https://www.iso.org/contents/data/standard/05/45/54534.html">A.11.1.4</reference>
        <reference href="https://www.iso.org/contents/data/standard/05/45/54534.html">A.11.1.5</reference>
        <reference href="https://www.iso.org/contents/data/standard/05/45/54534.html">A.11.2.1</reference>
        <reference href="https://www.iso.org/contents/data/standard/05/45/54534.html">A.12.4.1</reference>
        <reference href="https://www.iso.org/contents/data/standard/05/45/54534.html">A.12.4.2</reference>
        <reference href="https://www.iso.org/contents/data/standard/05/45/54534.html">A.12.4.3</reference>
        <reference href="https://www.iso.org/contents/data/standard/05/45/54534.html">A.12.4.4</reference>
        <reference href="https://www.iso.org/contents/data/standard/05/45/54534.html">A.12.7.1</reference>
        <reference href="https://www.iso.org/contents/data/standard/05/45/54534.html">A.13.1.1</reference>
        <reference href="https://www.iso.org/contents/data/standard/05/45/54534.html">A.13.1.3</reference>
        <reference href="https://www.iso.org/contents/data/standard/05/45/54534.html">A.13.2.1</reference>
        <reference href="https://www.iso.org/contents/data/standard/05/45/54534.html">A.13.2.3</reference>
        <reference href="https://www.iso.org/contents/data/standard/05/45/54534.html">A.13.2.4</reference>
        <reference href="https://www.iso.org/contents/data/standard/05/45/54534.html">A.14.1.2</reference>
        <reference href="https://www.iso.org/contents/data/standard/05/45/54534.html">A.14.1.3</reference>
        <reference href="https://www.iso.org/contents/data/standard/05/45/54534.html">A.15.2.1</reference>
        <reference href="https://www.iso.org/contents/data/standard/05/45/54534.html">A.15.2.2</reference>
        <reference href="https://www.iso.org/contents/data/standard/05/45/54534.html">A.16.1.4</reference>
        <reference href="https://www.iso.org/contents/data/standard/05/45/54534.html">A.16.1.5</reference>
        <reference href="https://www.iso.org/contents/data/standard/05/45/54534.html">A.16.1.7</reference>
        <reference href="https://www.iso.org/contents/data/standard/05/45/54534.html">A.6.1.2</reference>
        <reference href="https://www.iso.org/contents/data/standard/05/45/54534.html">A.7.1.1</reference>
        <reference href="https://www.iso.org/contents/data/standard/05/45/54534.html">A.7.1.2</reference>
        <reference href="https://www.iso.org/contents/data/standard/05/45/54534.html">A.7.3.1</reference>
        <reference href="https://www.iso.org/contents/data/standard/05/45/54534.html">A.8.2.2</reference>
        <reference href="https://www.iso.org/contents/data/standard/05/45/54534.html">A.8.2.3</reference>
        <reference href="https://www.iso.org/contents/data/standard/05/45/54534.html">A.9.1.1</reference>
        <reference href="https://www.iso.org/contents/data/standard/05/45/54534.html">A.9.1.2</reference>
        <reference href="https://www.iso.org/contents/data/standard/05/45/54534.html">A.9.2.3</reference>
        <reference href="https://www.iso.org/contents/data/standard/05/45/54534.html">A.9.4.1</reference>
        <reference href="https://www.iso.org/contents/data/standard/05/45/54534.html">A.9.4.4</reference>
        <reference href="https://www.iso.org/contents/data/standard/05/45/54534.html">A.9.4.5</reference>
        <reference href="http://nvlpubs.nist.gov/nistpubs/SpecialPublications/NIST.SP.800-53r4.pdf">AC-6(9)</reference>
        <reference href="http://nvlpubs.nist.gov/nistpubs/SpecialPublications/NIST.SP.800-53r4.pdf">CM-6(a)</reference>
        <reference href="https://nvlpubs.nist.gov/nistpubs/CSWP/NIST.CSWP.04162018.pdf">DE.AE-3</reference>
        <reference href="https://nvlpubs.nist.gov/nistpubs/CSWP/NIST.CSWP.04162018.pdf">DE.AE-5</reference>
        <reference href="https://nvlpubs.nist.gov/nistpubs/CSWP/NIST.CSWP.04162018.pdf">ID.SC-4</reference>
        <reference href="https://nvlpubs.nist.gov/nistpubs/CSWP/NIST.CSWP.04162018.pdf">PR.AC-4</reference>
        <reference href="https://nvlpubs.nist.gov/nistpubs/CSWP/NIST.CSWP.04162018.pdf">PR.DS-5</reference>
        <reference href="https://nvlpubs.nist.gov/nistpubs/CSWP/NIST.CSWP.04162018.pdf">PR.PT-1</reference>
        <reference href="https://nvlpubs.nist.gov/nistpubs/CSWP/NIST.CSWP.04162018.pdf">RS.AN-1</reference>
        <reference href="https://nvlpubs.nist.gov/nistpubs/CSWP/NIST.CSWP.04162018.pdf">RS.AN-4</reference>
        <reference href="https://www.pcisecuritystandards.org/documents/PCI_DSS_v3-2-1.pdf">Req-10.5.2</reference>
        <reference href="https://www.cyber.mil/stigs/downloads/?_dl_facet_stigs=operating-systems%2Cgeneral-purpose-os">SRG-OS-000057-GPOS-00027</reference>
        <reference href="https://www.cyber.mil/stigs/downloads/?_dl_facet_stigs=operating-systems%2Cgeneral-purpose-os">SRG-OS-000058-GPOS-00028</reference>
        <reference href="https://www.cyber.mil/stigs/downloads/?_dl_facet_stigs=operating-systems%2Cgeneral-purpose-os">SRG-OS-000059-GPOS-00029</reference>
        <reference href="https://www.cyber.mil/stigs/downloads/?_dl_facet_stigs=app-security">SRG-APP-000119-CTR-000245</reference>
        <reference href="https://www.cyber.mil/stigs/downloads/?_dl_facet_stigs=app-security">SRG-APP-000120-CTR-000250</reference>
        <reference href="https://www.cisecurity.org/benchmark/suse_linux/">4.1.17</reference>
        <reference href="https://cyber.gouv.fr/sites/default/files/document/linux_configuration-en-v2.pdf">R73</reference>
        <reference href="not_publicly_available">SLES-15-750450420</reference>
        <reference href="https://docs-prv.pcisecuritystandards.org/PCI%20DSS/Standard/PCI-DSS-v4_0.pdf">10.3.2</reference>
        <reference href="https://docs-prv.pcisecuritystandards.org/PCI%20DSS/Standard/PCI-DSS-v4_0.pdf">10.3</reference>
        <rationale xmlns:xhtml="http://www.w3.org/1999/xhtml" xml:lang="en-US">Making the audit configuration immutable prevents accidental as
well as malicious modification of the audit rules, although it may be
problematic if legitimate changes are needed during system
operation.</rationale>
        <ident system="https://ncp.nist.gov/cce">CCE-85831-6</ident>
        <fix xmlns:xhtml="http://www.w3.org/1999/xhtml" id="audit_rules_immutable" system="urn:xccdf:fix:script:sh"># Remediation is applicable only in certain platforms
if rpm --quiet -q audit &amp;&amp; rpm --quiet -q kernel-default || rpm --quiet -q kernel-default-base; then

# Traverse all of:
#
# /etc/audit/audit.rules,			(for auditctl case)
# /etc/audit/rules.d/*.rules			(for augenrules case)
#
# files to check if '-e .*' setting is present in that '*.rules' file already.
# If found, delete such occurrence since auditctl(8) manual page instructs the
# '-e 2' rule should be placed as the last rule in the configuration
find /etc/audit /etc/audit/rules.d -maxdepth 1 -type f -name '*.rules' -exec sed -i '/-e[[:space:]]\+.*/d' {} ';'

# Append '-e 2' requirement at the end of both:
# * /etc/audit/audit.rules file 		(for auditctl case)
# * /etc/audit/rules.d/immutable.rules		(for augenrules case)

for AUDIT_FILE in "/etc/audit/audit.rules" "/etc/audit/rules.d/immutable.rules"
do
	echo '' &gt;&gt; $AUDIT_FILE
	echo '# Set the audit.rules configuration immutable per security requirements' &gt;&gt; $AUDIT_FILE
	echo '# Reboot is required to change audit rules once this setting is applied' &gt;&gt; $AUDIT_FILE
	echo '-e 2' &gt;&gt; $AUDIT_FILE
	chmod o-rwx $AUDIT_FILE
	chmod g-rwx $AUDIT_FILE
done

else
    &gt;&amp;2 echo 'Remediation is not applicable, nothing was done'
fi
</fix>
        <fix xmlns:xhtml="http://www.w3.org/1999/xhtml" id="audit_rules_immutable" system="urn:xccdf:fix:script:ansible" reboot="true" complexity="low" disruption="low" strategy="restrict">- name: Gather the package facts
  package_facts:
    manager: auto
  tags:
  - CCE-85831-6
  - CJIS-5.4.1.1
  - NIST-800-171-3.3.1
  - NIST-800-171-3.4.3
  - NIST-800-53-AC-6(9)
  - NIST-800-53-CM-6(a)
  - PCI-DSS-Req-10.5.2
  - PCI-DSSv4-10.3
  - PCI-DSSv4-10.3.2
  - audit_rules_immutable
  - low_complexity
  - low_disruption
  - medium_severity
  - reboot_required
  - restrict_strategy

- name: Make the auditd Configuration Immutable - Collect all files from /etc/audit/rules.d
    with .rules extension
  ansible.builtin.find:
    paths: /etc/audit/rules.d/
    patterns: '*.rules'
  register: find_rules_d
  when:
  - '"audit" in ansible_facts.packages'
  - ("kernel-default" in ansible_facts.packages or "kernel-default-base" in ansible_facts.packages)
  tags:
  - CCE-85831-6
  - CJIS-5.4.1.1
  - NIST-800-171-3.3.1
  - NIST-800-171-3.4.3
  - NIST-800-53-AC-6(9)
  - NIST-800-53-CM-6(a)
  - PCI-DSS-Req-10.5.2
  - PCI-DSSv4-10.3
  - PCI-DSSv4-10.3.2
  - audit_rules_immutable
  - low_complexity
  - low_disruption
  - medium_severity
  - reboot_required
  - restrict_strategy

- name: Make the auditd Configuration Immutable - Check if target files exist and
    get their content
  ansible.builtin.stat:
    path: '{{ item }}'
  register: audit_files_stat
  loop:
  - /etc/audit/audit.rules
  - /etc/audit/rules.d/immutable.rules
  when:
  - '"audit" in ansible_facts.packages'
  - ("kernel-default" in ansible_facts.packages or "kernel-default-base" in ansible_facts.packages)
  tags:
  - CCE-85831-6
  - CJIS-5.4.1.1
  - NIST-800-171-3.3.1
  - NIST-800-171-3.4.3
  - NIST-800-53-AC-6(9)
  - NIST-800-53-CM-6(a)
  - PCI-DSS-Req-10.5.2
  - PCI-DSSv4-10.3
  - PCI-DSSv4-10.3.2
  - audit_rules_immutable
  - low_complexity
  - low_disruption
  - medium_severity
  - reboot_required
  - restrict_strategy

- name: Make the auditd Configuration Immutable - Read content of existing audit files
  ansible.builtin.slurp:
    src: '{{ item.item }}'
  register: audit_files_content
  loop: '{{ audit_files_stat.results }}'
  when:
  - '"audit" in ansible_facts.packages'
  - ("kernel-default" in ansible_facts.packages or "kernel-default-base" in ansible_facts.packages)
  - item.stat.exists
  tags:
  - CCE-85831-6
  - CJIS-5.4.1.1
  - NIST-800-171-3.3.1
  - NIST-800-171-3.4.3
  - NIST-800-53-AC-6(9)
  - NIST-800-53-CM-6(a)
  - PCI-DSS-Req-10.5.2
  - PCI-DSSv4-10.3
  - PCI-DSSv4-10.3.2
  - audit_rules_immutable
  - low_complexity
  - low_disruption
  - medium_severity
  - reboot_required
  - restrict_strategy

- name: Make the auditd Configuration Immutable - Check if -e 2 is already correctly
    set in target files
  ansible.builtin.set_fact:
    immutable_correctly_set: |-
      {{
        audit_files_content.results
        | selectattr('content', 'defined')
        | map(attribute='content')
        | map('b64decode')
        | select('search', '^-e 2$', multiline=True)
        | list
        | length == 2
      }}
  when:
  - '"audit" in ansible_facts.packages'
  - ("kernel-default" in ansible_facts.packages or "kernel-default-base" in ansible_facts.packages)
  tags:
  - CCE-85831-6
  - CJIS-5.4.1.1
  - NIST-800-171-3.3.1
  - NIST-800-171-3.4.3
  - NIST-800-53-AC-6(9)
  - NIST-800-53-CM-6(a)
  - PCI-DSS-Req-10.5.2
  - PCI-DSSv4-10.3
  - PCI-DSSv4-10.3.2
  - audit_rules_immutable
  - low_complexity
  - low_disruption
  - medium_severity
  - reboot_required
  - restrict_strategy

- name: Make the auditd Configuration Immutable - Remove any existing -e option from
    all Audit config files
  ansible.builtin.lineinfile:
    path: '{{ item }}'
    regexp: ^\s*-e\s+.*$
    state: absent
  loop: '{{ find_rules_d.files | map(attribute=''path'') | list + [''/etc/audit/audit.rules'']
    }}'
  when:
  - '"audit" in ansible_facts.packages'
  - ("kernel-default" in ansible_facts.packages or "kernel-default-base" in ansible_facts.packages)
  - not immutable_correctly_set
  tags:
  - CCE-85831-6
  - CJIS-5.4.1.1
  - NIST-800-171-3.3.1
  - NIST-800-171-3.4.3
  - NIST-800-53-AC-6(9)
  - NIST-800-53-CM-6(a)
  - PCI-DSS-Req-10.5.2
  - PCI-DSSv4-10.3
  - PCI-DSSv4-10.3.2
  - audit_rules_immutable
  - low_complexity
  - low_disruption
  - medium_severity
  - reboot_required
  - restrict_strategy

- name: Make the auditd Configuration Immutable - Ensure target directories exist
  ansible.builtin.file:
    path: '{{ item | dirname }}'
    state: directory
    mode: '0750'
  loop:
  - /etc/audit/audit.rules
  - /etc/audit/rules.d/immutable.rules
  when:
  - '"audit" in ansible_facts.packages'
  - ("kernel-default" in ansible_facts.packages or "kernel-default-base" in ansible_facts.packages)
  - not immutable_correctly_set
  tags:
  - CCE-85831-6
  - CJIS-5.4.1.1
  - NIST-800-171-3.3.1
  - NIST-800-171-3.4.3
  - NIST-800-53-AC-6(9)
  - NIST-800-53-CM-6(a)
  - PCI-DSS-Req-10.5.2
  - PCI-DSSv4-10.3
  - PCI-DSSv4-10.3.2
  - audit_rules_immutable
  - low_complexity
  - low_disruption
  - medium_severity
  - reboot_required
  - restrict_strategy

- name: Make the auditd Configuration Immutable - Add Audit -e 2 option to make rules
    immutable
  ansible.builtin.lineinfile:
    path: '{{ item }}'
    create: true
    line: -e 2
    regexp: ^\s*-e\s+.*$
    mode: g-rwx,o-rwx
  loop:
  - /etc/audit/audit.rules
  - /etc/audit/rules.d/immutable.rules
  when:
  - '"audit" in ansible_facts.packages'
  - ("kernel-default" in ansible_facts.packages or "kernel-default-base" in ansible_facts.packages)
  - not immutable_correctly_set
  tags:
  - CCE-85831-6
  - CJIS-5.4.1.1
  - NIST-800-171-3.3.1
  - NIST-800-171-3.4.3
  - NIST-800-53-AC-6(9)
  - NIST-800-53-CM-6(a)
  - PCI-DSS-Req-10.5.2
  - PCI-DSSv4-10.3
  - PCI-DSSv4-10.3.2
  - audit_rules_immutable
  - low_complexity
  - low_disruption
  - medium_severity
  - reboot_required
  - restrict_strategy
</fix>
        <check system="http://oval.mitre.org/XMLSchema/oval-definitions-5">
          <check-content-ref name="oval:ssg-audit_rules_immutable:def:1" href="ssg-sle15-oval.xml"/>
        </check>
        <check system="http://scap.nist.gov/schema/ocil/2">
          <check-content-ref name="ocil:ssg-audit_rules_immutable_ocil:questionnaire:1" href="ssg-sle15-ocil.xml"/>
        </check>
      </Rule>
      <Rule id="xccdf_org.ssgproject.content_rule_audit_rules_mac_modification" selected="false" role="full" severity="medium">
        <title xmlns:xhtml="http://www.w3.org/1999/xhtml" xml:lang="en-US">Record Events that Modify the System's Mandatory Access Controls</title>
        <description xmlns:xhtml="http://www.w3.org/1999/xhtml" xml:lang="en-US">If the <html:code xmlns:html="http://www.w3.org/1999/xhtml">auditd</html:code> daemon is configured to use the
<html:code xmlns:html="http://www.w3.org/1999/xhtml">augenrules</html:code> program to read audit rules during daemon startup (the
default), add the following line to a file with suffix <html:code xmlns:html="http://www.w3.org/1999/xhtml">.rules</html:code> in the
directory <html:code xmlns:html="http://www.w3.org/1999/xhtml">/etc/audit/rules.d</html:code>:

<html:pre xmlns:html="http://www.w3.org/1999/xhtml">-w /etc/selinux/ -p wa -k MAC-policy</html:pre>

If the <html:code xmlns:html="http://www.w3.org/1999/xhtml">auditd</html:code> daemon is configured to use the <html:code xmlns:html="http://www.w3.org/1999/xhtml">auditctl</html:code>
utility to read audit rules during daemon startup, add the following line to
<html:code xmlns:html="http://www.w3.org/1999/xhtml">/etc/audit/audit.rules</html:code> file:

<html:pre xmlns:html="http://www.w3.org/1999/xhtml">-w /etc/selinux/ -p wa -k MAC-policy</html:pre>
      </description>
        <reference href="https://www.cisecurity.org/controls/">1</reference>
        <reference href="https://www.cisecurity.org/controls/">11</reference>
        <reference href="https://www.cisecurity.org/controls/">12</reference>
        <reference href="https://www.cisecurity.org/controls/">13</reference>
        <reference href="https://www.cisecurity.org/controls/">14</reference>
        <reference href="https://www.cisecurity.org/controls/">15</reference>
        <reference href="https://www.cisecurity.org/controls/">16</reference>
        <reference href="https://www.cisecurity.org/controls/">19</reference>
        <reference href="https://www.cisecurity.org/controls/">2</reference>
        <reference href="https://www.cisecurity.org/controls/">3</reference>
        <reference href="https://www.cisecurity.org/controls/">4</reference>
        <reference href="https://www.cisecurity.org/controls/">5</reference>
        <reference href="https://www.cisecurity.org/controls/">6</reference>
        <reference href="https://www.cisecurity.org/controls/">7</reference>
        <reference href="https://www.cisecurity.org/controls/">8</reference>
        <reference href="https://www.cisecurity.org/controls/">9</reference>
        <reference href="https://www.fbi.gov/file-repository/cjis-security-policy-v5_5_20160601-2-1.pdf">5.4.1.1</reference>
        <reference href="https://www.isaca.org/resources/cobit">APO10.01</reference>
        <reference href="https://www.isaca.org/resources/cobit">APO10.03</reference>
        <reference href="https://www.isaca.org/resources/cobit">APO10.04</reference>
        <reference href="https://www.isaca.org/resources/cobit">APO10.05</reference>
        <reference href="https://www.isaca.org/resources/cobit">APO11.04</reference>
        <reference href="https://www.isaca.org/resources/cobit">APO12.06</reference>
        <reference href="https://www.isaca.org/resources/cobit">APO13.01</reference>
        <reference href="https://www.isaca.org/resources/cobit">BAI03.05</reference>
        <reference href="https://www.isaca.org/resources/cobit">BAI08.02</reference>
        <reference href="https://www.isaca.org/resources/cobit">DSS01.03</reference>
        <reference href="https://www.isaca.org/resources/cobit">DSS01.04</reference>
        <reference href="https://www.isaca.org/resources/cobit">DSS02.02</reference>
        <reference href="https://www.isaca.org/resources/cobit">DSS02.04</reference>
        <reference href="https://www.isaca.org/resources/cobit">DSS02.07</reference>
        <reference href="https://www.isaca.org/resources/cobit">DSS03.01</reference>
        <reference href="https://www.isaca.org/resources/cobit">DSS03.05</reference>
        <reference href="https://www.isaca.org/resources/cobit">DSS05.02</reference>
        <reference href="https://www.isaca.org/resources/cobit">DSS05.03</reference>
        <reference href="https://www.isaca.org/resources/cobit">DSS05.04</reference>
        <reference href="https://www.isaca.org/resources/cobit">DSS05.05</reference>
        <reference href="https://www.isaca.org/resources/cobit">DSS05.07</reference>
        <reference href="https://www.isaca.org/resources/cobit">MEA01.01</reference>
        <reference href="https://www.isaca.org/resources/cobit">MEA01.02</reference>
        <reference href="https://www.isaca.org/resources/cobit">MEA01.03</reference>
        <reference href="https://www.isaca.org/resources/cobit">MEA01.04</reference>
        <reference href="https://www.isaca.org/resources/cobit">MEA01.05</reference>
        <reference href="https://www.isaca.org/resources/cobit">MEA02.01</reference>
        <reference href="http://nvlpubs.nist.gov/nistpubs/SpecialPublications/NIST.SP.800-171.pdf">3.1.8</reference>
        <reference href="https://www.gpo.gov/fdsys/pkg/CFR-2007-title45-vol1/pdf/CFR-2007-title45-vol1-chapA-subchapC.pdf">164.308(a)(1)(ii)(D)</reference>
        <reference href="https://www.gpo.gov/fdsys/pkg/CFR-2007-title45-vol1/pdf/CFR-2007-title45-vol1-chapA-subchapC.pdf">164.308(a)(3)(ii)(A)</reference>
        <reference href="https://www.gpo.gov/fdsys/pkg/CFR-2007-title45-vol1/pdf/CFR-2007-title45-vol1-chapA-subchapC.pdf">164.308(a)(5)(ii)(C)</reference>
        <reference href="https://www.gpo.gov/fdsys/pkg/CFR-2007-title45-vol1/pdf/CFR-2007-title45-vol1-chapA-subchapC.pdf">164.312(a)(2)(i)</reference>
        <reference href="https://www.gpo.gov/fdsys/pkg/CFR-2007-title45-vol1/pdf/CFR-2007-title45-vol1-chapA-subchapC.pdf">164.312(b)</reference>
        <reference href="https://www.gpo.gov/fdsys/pkg/CFR-2007-title45-vol1/pdf/CFR-2007-title45-vol1-chapA-subchapC.pdf">164.312(d)</reference>
        <reference href="https://www.gpo.gov/fdsys/pkg/CFR-2007-title45-vol1/pdf/CFR-2007-title45-vol1-chapA-subchapC.pdf">164.312(e)</reference>
        <reference href="https://www.isa.org/products/isa-62443-2-1-2009-security-for-industrial-automat">4.2.3.10</reference>
        <reference href="https://www.isa.org/products/isa-62443-2-1-2009-security-for-industrial-automat">4.3.2.6.7</reference>
        <reference href="https://www.isa.org/products/isa-62443-2-1-2009-security-for-industrial-automat">4.3.3.3.9</reference>
        <reference href="https://www.isa.org/products/isa-62443-2-1-2009-security-for-industrial-automat">4.3.3.5.8</reference>
        <reference href="https://www.isa.org/products/isa-62443-2-1-2009-security-for-industrial-automat">4.3.3.6.6</reference>
        <reference href="https://www.isa.org/products/isa-62443-2-1-2009-security-for-industrial-automat">4.3.4.4.7</reference>
        <reference href="https://www.isa.org/products/isa-62443-2-1-2009-security-for-industrial-automat">4.3.4.5.6</reference>
        <reference href="https://www.isa.org/products/isa-62443-2-1-2009-security-for-industrial-automat">4.3.4.5.7</reference>
        <reference href="https://www.isa.org/products/isa-62443-2-1-2009-security-for-industrial-automat">4.3.4.5.8</reference>
        <reference href="https://www.isa.org/products/isa-62443-2-1-2009-security-for-industrial-automat">4.4.2.1</reference>
        <reference href="https://www.isa.org/products/isa-62443-2-1-2009-security-for-industrial-automat">4.4.2.2</reference>
        <reference href="https://www.isa.org/products/isa-62443-2-1-2009-security-for-industrial-automat">4.4.2.4</reference>
        <reference href="https://www.isa.org/products/ansi-isa-62443-3-3-99-03-03-2013-security-for-indu">SR 1.13</reference>
        <reference href="https://www.isa.org/products/ansi-isa-62443-3-3-99-03-03-2013-security-for-indu">SR 2.10</reference>
        <reference href="https://www.isa.org/products/ansi-isa-62443-3-3-99-03-03-2013-security-for-indu">SR 2.11</reference>
        <reference href="https://www.isa.org/products/ansi-isa-62443-3-3-99-03-03-2013-security-for-indu">SR 2.12</reference>
        <reference href="https://www.isa.org/products/ansi-isa-62443-3-3-99-03-03-2013-security-for-indu">SR 2.6</reference>
        <reference href="https://www.isa.org/products/ansi-isa-62443-3-3-99-03-03-2013-security-for-indu">SR 2.8</reference>
        <reference href="https://www.isa.org/products/ansi-isa-62443-3-3-99-03-03-2013-security-for-indu">SR 2.9</reference>
        <reference href="https://www.isa.org/products/ansi-isa-62443-3-3-99-03-03-2013-security-for-indu">SR 3.1</reference>
        <reference href="https://www.isa.org/products/ansi-isa-62443-3-3-99-03-03-2013-security-for-indu">SR 3.5</reference>
        <reference href="https://www.isa.org/products/ansi-isa-62443-3-3-99-03-03-2013-security-for-indu">SR 3.8</reference>
        <reference href="https://www.isa.org/products/ansi-isa-62443-3-3-99-03-03-2013-security-for-indu">SR 4.1</reference>
        <reference href="https://www.isa.org/products/ansi-isa-62443-3-3-99-03-03-2013-security-for-indu">SR 4.3</reference>
        <reference href="https://www.isa.org/products/ansi-isa-62443-3-3-99-03-03-2013-security-for-indu">SR 5.1</reference>
        <reference href="https://www.isa.org/products/ansi-isa-62443-3-3-99-03-03-2013-security-for-indu">SR 5.2</reference>
        <reference href="https://www.isa.org/products/ansi-isa-62443-3-3-99-03-03-2013-security-for-indu">SR 5.3</reference>
        <reference href="https://www.isa.org/products/ansi-isa-62443-3-3-99-03-03-2013-security-for-indu">SR 6.1</reference>
        <reference href="https://www.isa.org/products/ansi-isa-62443-3-3-99-03-03-2013-security-for-indu">SR 6.2</reference>
        <reference href="https://www.isa.org/products/ansi-isa-62443-3-3-99-03-03-2013-security-for-indu">SR 7.1</reference>
        <reference href="https://www.isa.org/products/ansi-isa-62443-3-3-99-03-03-2013-security-for-indu">SR 7.6</reference>
        <reference href="https://www.iso.org/contents/data/standard/05/45/54534.html">A.11.2.6</reference>
        <reference href="https://www.iso.org/contents/data/standard/05/45/54534.html">A.12.4.1</reference>
        <reference href="https://www.iso.org/contents/data/standard/05/45/54534.html">A.12.4.2</reference>
        <reference href="https://www.iso.org/contents/data/standard/05/45/54534.html">A.12.4.3</reference>
        <reference href="https://www.iso.org/contents/data/standard/05/45/54534.html">A.12.4.4</reference>
        <reference href="https://www.iso.org/contents/data/standard/05/45/54534.html">A.12.7.1</reference>
        <reference href="https://www.iso.org/contents/data/standard/05/45/54534.html">A.13.1.1</reference>
        <reference href="https://www.iso.org/contents/data/standard/05/45/54534.html">A.13.2.1</reference>
        <reference href="https://www.iso.org/contents/data/standard/05/45/54534.html">A.14.1.3</reference>
        <reference href="https://www.iso.org/contents/data/standard/05/45/54534.html">A.14.2.7</reference>
        <reference href="https://www.iso.org/contents/data/standard/05/45/54534.html">A.15.2.1</reference>
        <reference href="https://www.iso.org/contents/data/standard/05/45/54534.html">A.15.2.2</reference>
        <reference href="https://www.iso.org/contents/data/standard/05/45/54534.html">A.16.1.4</reference>
        <reference href="https://www.iso.org/contents/data/standard/05/45/54534.html">A.16.1.5</reference>
        <reference href="https://www.iso.org/contents/data/standard/05/45/54534.html">A.16.1.7</reference>
        <reference href="https://www.iso.org/contents/data/standard/05/45/54534.html">A.6.2.1</reference>
        <reference href="https://www.iso.org/contents/data/standard/05/45/54534.html">A.6.2.2</reference>
        <reference href="http://nvlpubs.nist.gov/nistpubs/SpecialPublications/NIST.SP.800-53r4.pdf">AU-2(d)</reference>
        <reference href="http://nvlpubs.nist.gov/nistpubs/SpecialPublications/NIST.SP.800-53r4.pdf">AU-12(c)</reference>
        <reference href="http://nvlpubs.nist.gov/nistpubs/SpecialPublications/NIST.SP.800-53r4.pdf">CM-6(a)</reference>
        <reference href="https://nvlpubs.nist.gov/nistpubs/CSWP/NIST.CSWP.04162018.pdf">DE.AE-3</reference>
        <reference href="https://nvlpubs.nist.gov/nistpubs/CSWP/NIST.CSWP.04162018.pdf">DE.AE-5</reference>
        <reference href="https://nvlpubs.nist.gov/nistpubs/CSWP/NIST.CSWP.04162018.pdf">DE.CM-1</reference>
        <reference href="https://nvlpubs.nist.gov/nistpubs/CSWP/NIST.CSWP.04162018.pdf">DE.CM-3</reference>
        <reference href="https://nvlpubs.nist.gov/nistpubs/CSWP/NIST.CSWP.04162018.pdf">DE.CM-7</reference>
        <reference href="https://nvlpubs.nist.gov/nistpubs/CSWP/NIST.CSWP.04162018.pdf">ID.SC-4</reference>
        <reference href="https://nvlpubs.nist.gov/nistpubs/CSWP/NIST.CSWP.04162018.pdf">PR.AC-3</reference>
        <reference href="https://nvlpubs.nist.gov/nistpubs/CSWP/NIST.CSWP.04162018.pdf">PR.PT-1</reference>
        <reference href="https://nvlpubs.nist.gov/nistpubs/CSWP/NIST.CSWP.04162018.pdf">PR.PT-4</reference>
        <reference href="https://nvlpubs.nist.gov/nistpubs/CSWP/NIST.CSWP.04162018.pdf">RS.AN-1</reference>
        <reference href="https://nvlpubs.nist.gov/nistpubs/CSWP/NIST.CSWP.04162018.pdf">RS.AN-4</reference>
        <reference href="https://www.pcisecuritystandards.org/documents/PCI_DSS_v3-2-1.pdf">Req-10.5.5</reference>
        <reference href="https://www.cisecurity.org/benchmark/suse_linux/">4.1.6</reference>
        <reference href="https://cyber.gouv.fr/sites/default/files/document/linux_configuration-en-v2.pdf">R73</reference>
        <reference href="not_publicly_available">SLES-15-750450330</reference>
        <reference href="https://docs-prv.pcisecuritystandards.org/PCI%20DSS/Standard/PCI-DSS-v4_0.pdf">10.3.4</reference>
        <reference href="https://docs-prv.pcisecuritystandards.org/PCI%20DSS/Standard/PCI-DSS-v4_0.pdf">10.3</reference>
        <rationale xmlns:xhtml="http://www.w3.org/1999/xhtml" xml:lang="en-US">The system's mandatory access policy (SELinux or Apparmor) should not be
arbitrarily changed by anything other than administrator action. All changes to
MAC policy should be audited.</rationale>
        <ident system="https://ncp.nist.gov/cce">CCE-85830-8</ident>
        <fix xmlns:xhtml="http://www.w3.org/1999/xhtml" id="audit_rules_mac_modification" system="urn:xccdf:fix:script:sh"># Remediation is applicable only in certain platforms
if rpm --quiet -q audit &amp;&amp; rpm --quiet -q kernel-default || rpm --quiet -q kernel-default-base; then

# Perform the remediation for both possible tools: 'auditctl' and 'augenrules'
# Create a list of audit *.rules files that should be inspected for presence and correctness
# of a particular audit rule. The scheme is as follows:
#
# -----------------------------------------------------------------------------------------
# Tool used to load audit rules	| Rule already defined	|  Audit rules file to inspect	  |
# -----------------------------------------------------------------------------------------
#	auditctl		|     Doesn't matter	|  /etc/audit/audit.rules	  |
# -----------------------------------------------------------------------------------------
# 	augenrules		|          Yes		|  /etc/audit/rules.d/*.rules	  |
# 	augenrules		|          No		|  /etc/audit/rules.d/$key.rules  |
# -----------------------------------------------------------------------------------------
files_to_inspect=()


# If the audit tool is 'auditctl', then add '/etc/audit/audit.rules'
# into the list of files to be inspected
files_to_inspect+=('/etc/audit/audit.rules')

# Finally perform the inspection and possible subsequent audit rule
# correction for each of the files previously identified for inspection
for audit_rules_file in "${files_to_inspect[@]}"
do
    # Check if audit watch file system object rule for given path already present

    if grep -q -P -- "^[\s]*-w[\s]+/etc/selinux/" "$audit_rules_file"

    then
        # Rule is found =&gt; verify yet if existing rule definition contains
        # all of the required access type bits

        # Define BRE whitespace class shortcut
        sp="[[:space:]]"
        # Extract current permission access types (e.g. -p [r|w|x|a] values) from audit rule

        current_access_bits=$(sed -ne "s#$sp*-w$sp\+/etc/selinux/ $sp\+-p$sp\+\([rxwa]\{1,4\}\).*#\1#p" "$audit_rules_file")

        # Split required access bits string into characters array
        # (to check bit's presence for one bit at a time)
        for access_bit in $(echo "wa" | grep -o .)
        do
            # For each from the required access bits (e.g. 'w', 'a') check
            # if they are already present in current access bits for rule.
            # If not, append that bit at the end
            if ! grep -q "$access_bit" &lt;&lt;&lt; "$current_access_bits"
            then
                # Concatenate the existing mask with the missing bit
                current_access_bits="$current_access_bits$access_bit"
            fi
        done
        # Propagate the updated rule's access bits (original + the required
        # ones) back into the /etc/audit/audit.rules file for that rule

        sed -i "s#\($sp*-w$sp\+/etc/selinux/$sp\+-p$sp\+\)\([rxwa]\{1,4\}\)\(.*\)#\1$current_access_bits\3#" "$audit_rules_file"

    else
        # Rule isn't present yet. Append it at the end of $audit_rules_file file
        # with proper key


        echo "-w /etc/selinux/ -p wa -k MAC-policy" &gt;&gt; "$audit_rules_file"

    fi
done
# Create a list of audit *.rules files that should be inspected for presence and correctness
# of a particular audit rule. The scheme is as follows:
#
# -----------------------------------------------------------------------------------------
# Tool used to load audit rules	| Rule already defined	|  Audit rules file to inspect	  |
# -----------------------------------------------------------------------------------------
#	auditctl		|     Doesn't matter	|  /etc/audit/audit.rules	  |
# -----------------------------------------------------------------------------------------
# 	augenrules		|          Yes		|  /etc/audit/rules.d/*.rules	  |
# 	augenrules		|          No		|  /etc/audit/rules.d/$key.rules  |
# -----------------------------------------------------------------------------------------
files_to_inspect=()

# If the audit is 'augenrules', then check if rule is already defined
# If rule is defined, add '/etc/audit/rules.d/*.rules' to list of files for inspection.
# If rule isn't defined, add '/etc/audit/rules.d/MAC-policy.rules' to list of files for inspection.

readarray -t matches &lt; &lt;(grep -HP "[\s]*-w[\s]+/etc/selinux/" /etc/audit/rules.d/*.rules)


# For each of the matched entries
for match in "${matches[@]}"
do
    # Extract filepath from the match
    rulesd_audit_file=$(echo $match | cut -f1 -d ':')
    # Append that path into list of files for inspection
    files_to_inspect+=("$rulesd_audit_file")
done
# Case when particular audit rule isn't defined yet
if [ "${#files_to_inspect[@]}" -eq "0" ]
then
    # Append '/etc/audit/rules.d/MAC-policy.rules' into list of files for inspection
    key_rule_file="/etc/audit/rules.d/MAC-policy.rules"
    # If the MAC-policy.rules file doesn't exist yet, create it with correct permissions
    if [ ! -e "$key_rule_file" ]
    then
        touch "$key_rule_file"
        chmod 0600 "$key_rule_file"
    fi
    files_to_inspect+=("$key_rule_file")
fi

# Finally perform the inspection and possible subsequent audit rule
# correction for each of the files previously identified for inspection
for audit_rules_file in "${files_to_inspect[@]}"
do
    # Check if audit watch file system object rule for given path already present

    if grep -q -P -- "^[\s]*-w[\s]+/etc/selinux/" "$audit_rules_file"

    then
        # Rule is found =&gt; verify yet if existing rule definition contains
        # all of the required access type bits

        # Define BRE whitespace class shortcut
        sp="[[:space:]]"
        # Extract current permission access types (e.g. -p [r|w|x|a] values) from audit rule

        current_access_bits=$(sed -ne "s#$sp*-w$sp\+/etc/selinux/ $sp\+-p$sp\+\([rxwa]\{1,4\}\).*#\1#p" "$audit_rules_file")

        # Split required access bits string into characters array
        # (to check bit's presence for one bit at a time)
        for access_bit in $(echo "wa" | grep -o .)
        do
            # For each from the required access bits (e.g. 'w', 'a') check
            # if they are already present in current access bits for rule.
            # If not, append that bit at the end
            if ! grep -q "$access_bit" &lt;&lt;&lt; "$current_access_bits"
            then
                # Concatenate the existing mask with the missing bit
                current_access_bits="$current_access_bits$access_bit"
            fi
        done
        # Propagate the updated rule's access bits (original + the required
        # ones) back into the /etc/audit/audit.rules file for that rule

        sed -i "s#\($sp*-w$sp\+/etc/selinux/$sp\+-p$sp\+\)\([rxwa]\{1,4\}\)\(.*\)#\1$current_access_bits\3#" "$audit_rules_file"

    else
        # Rule isn't present yet. Append it at the end of $audit_rules_file file
        # with proper key


        echo "-w /etc/selinux/ -p wa -k MAC-policy" &gt;&gt; "$audit_rules_file"

    fi
done

else
    &gt;&amp;2 echo 'Remediation is not applicable, nothing was done'
fi
</fix>
        <fix xmlns:xhtml="http://www.w3.org/1999/xhtml" id="audit_rules_mac_modification" system="urn:xccdf:fix:script:ansible" reboot="true" complexity="low" disruption="low" strategy="restrict">- name: Gather the package facts
  package_facts:
    manager: auto
  tags:
  - CCE-85830-8
  - CJIS-5.4.1.1
  - NIST-800-171-3.1.8
  - NIST-800-53-AU-12(c)
  - NIST-800-53-AU-2(d)
  - NIST-800-53-CM-6(a)
  - PCI-DSS-Req-10.5.5
  - PCI-DSSv4-10.3
  - PCI-DSSv4-10.3.4
  - audit_rules_mac_modification
  - low_complexity
  - low_disruption
  - medium_severity
  - reboot_required
  - restrict_strategy

- name: Record Events that Modify the System's Mandatory Access Controls - Check if
    watch rule for /etc/selinux/ already exists in /etc/audit/rules.d/
  ansible.builtin.find:
    paths: /etc/audit/rules.d
    contains: ^\s*-w\s+/etc/selinux/\s+-p\s+wa(\s|$)+
    patterns: '*.rules'
  register: find_existing_watch_rules_d
  when:
  - '"audit" in ansible_facts.packages'
  - ("kernel-default" in ansible_facts.packages or "kernel-default-base" in ansible_facts.packages)
  tags:
  - CCE-85830-8
  - CJIS-5.4.1.1
  - NIST-800-171-3.1.8
  - NIST-800-53-AU-12(c)
  - NIST-800-53-AU-2(d)
  - NIST-800-53-CM-6(a)
  - PCI-DSS-Req-10.5.5
  - PCI-DSSv4-10.3
  - PCI-DSSv4-10.3.4
  - audit_rules_mac_modification
  - low_complexity
  - low_disruption
  - medium_severity
  - reboot_required
  - restrict_strategy

- name: Record Events that Modify the System's Mandatory Access Controls - Search
    /etc/audit/rules.d for other rules with specified key MAC-policy
  ansible.builtin.find:
    paths: /etc/audit/rules.d
    contains: ^.*(?:-F key=|-k\s+)MAC-policy$
    patterns: '*.rules'
  register: find_watch_key
  when:
  - '"audit" in ansible_facts.packages'
  - ("kernel-default" in ansible_facts.packages or "kernel-default-base" in ansible_facts.packages)
  - find_existing_watch_rules_d.matched is defined and find_existing_watch_rules_d.matched
    == 0
  tags:
  - CCE-85830-8
  - CJIS-5.4.1.1
  - NIST-800-171-3.1.8
  - NIST-800-53-AU-12(c)
  - NIST-800-53-AU-2(d)
  - NIST-800-53-CM-6(a)
  - PCI-DSS-Req-10.5.5
  - PCI-DSSv4-10.3
  - PCI-DSSv4-10.3.4
  - audit_rules_mac_modification
  - low_complexity
  - low_disruption
  - medium_severity
  - reboot_required
  - restrict_strategy

- name: Record Events that Modify the System's Mandatory Access Controls - Use /etc/audit/rules.d/MAC-policy.rules
    as the recipient for the rule
  ansible.builtin.set_fact:
    all_files:
    - /etc/audit/rules.d/MAC-policy.rules
  when:
  - '"audit" in ansible_facts.packages'
  - ("kernel-default" in ansible_facts.packages or "kernel-default-base" in ansible_facts.packages)
  - find_watch_key.matched is defined and find_watch_key.matched == 0 and find_existing_watch_rules_d.matched
    is defined and find_existing_watch_rules_d.matched == 0
  tags:
  - CCE-85830-8
  - CJIS-5.4.1.1
  - NIST-800-171-3.1.8
  - NIST-800-53-AU-12(c)
  - NIST-800-53-AU-2(d)
  - NIST-800-53-CM-6(a)
  - PCI-DSS-Req-10.5.5
  - PCI-DSSv4-10.3
  - PCI-DSSv4-10.3.4
  - audit_rules_mac_modification
  - low_complexity
  - low_disruption
  - medium_severity
  - reboot_required
  - restrict_strategy

- name: Record Events that Modify the System's Mandatory Access Controls - Use matched
    file as the recipient for the rule
  ansible.builtin.set_fact:
    all_files:
    - '{{ find_watch_key.files | map(attribute=''path'') | list | first }}'
  when:
  - '"audit" in ansible_facts.packages'
  - ("kernel-default" in ansible_facts.packages or "kernel-default-base" in ansible_facts.packages)
  - find_watch_key.matched is defined and find_watch_key.matched &gt; 0 and find_existing_watch_rules_d.matched
    is defined and find_existing_watch_rules_d.matched == 0
  tags:
  - CCE-85830-8
  - CJIS-5.4.1.1
  - NIST-800-171-3.1.8
  - NIST-800-53-AU-12(c)
  - NIST-800-53-AU-2(d)
  - NIST-800-53-CM-6(a)
  - PCI-DSS-Req-10.5.5
  - PCI-DSSv4-10.3
  - PCI-DSSv4-10.3.4
  - audit_rules_mac_modification
  - low_complexity
  - low_disruption
  - medium_severity
  - reboot_required
  - restrict_strategy

- name: Record Events that Modify the System's Mandatory Access Controls - Add watch
    rule for /etc/selinux/ in /etc/audit/rules.d/
  ansible.builtin.lineinfile:
    path: '{{ all_files[0] }}'
    line: -w /etc/selinux/ -p wa -k MAC-policy
    create: true
    mode: '0600'
  when:
  - '"audit" in ansible_facts.packages'
  - ("kernel-default" in ansible_facts.packages or "kernel-default-base" in ansible_facts.packages)
  - find_existing_watch_rules_d.matched is defined and find_existing_watch_rules_d.matched
    == 0
  tags:
  - CCE-85830-8
  - CJIS-5.4.1.1
  - NIST-800-171-3.1.8
  - NIST-800-53-AU-12(c)
  - NIST-800-53-AU-2(d)
  - NIST-800-53-CM-6(a)
  - PCI-DSS-Req-10.5.5
  - PCI-DSSv4-10.3
  - PCI-DSSv4-10.3.4
  - audit_rules_mac_modification
  - low_complexity
  - low_disruption
  - medium_severity
  - reboot_required
  - restrict_strategy

- name: Record Events that Modify the System's Mandatory Access Controls - Check if
    watch rule for /etc/selinux/ already exists in /etc/audit/audit.rules
  ansible.builtin.find:
    paths: /etc/audit/
    contains: ^\s*-w\s+/etc/selinux/\s+-p\s+wa(\s|$)+
    patterns: audit.rules
  register: find_existing_watch_audit_rules
  when:
  - '"audit" in ansible_facts.packages'
  - ("kernel-default" in ansible_facts.packages or "kernel-default-base" in ansible_facts.packages)
  tags:
  - CCE-85830-8
  - CJIS-5.4.1.1
  - NIST-800-171-3.1.8
  - NIST-800-53-AU-12(c)
  - NIST-800-53-AU-2(d)
  - NIST-800-53-CM-6(a)
  - PCI-DSS-Req-10.5.5
  - PCI-DSSv4-10.3
  - PCI-DSSv4-10.3.4
  - audit_rules_mac_modification
  - low_complexity
  - low_disruption
  - medium_severity
  - reboot_required
  - restrict_strategy

- name: Record Events that Modify the System's Mandatory Access Controls - Add watch
    rule for /etc/selinux/ in /etc/audit/audit.rules
  ansible.builtin.lineinfile:
    line: -w /etc/selinux/ -p wa -k MAC-policy
    state: present
    dest: /etc/audit/audit.rules
    create: true
    mode: '0600'
  when:
  - '"audit" in ansible_facts.packages'
  - ("kernel-default" in ansible_facts.packages or "kernel-default-base" in ansible_facts.packages)
  - find_existing_watch_audit_rules.matched is defined and find_existing_watch_audit_rules.matched
    == 0
  tags:
  - CCE-85830-8
  - CJIS-5.4.1.1
  - NIST-800-171-3.1.8
  - NIST-800-53-AU-12(c)
  - NIST-800-53-AU-2(d)
  - NIST-800-53-CM-6(a)
  - PCI-DSS-Req-10.5.5
  - PCI-DSSv4-10.3
  - PCI-DSSv4-10.3.4
  - audit_rules_mac_modification
  - low_complexity
  - low_disruption
  - medium_severity
  - reboot_required
  - restrict_strategy
</fix>
        <check system="http://oval.mitre.org/XMLSchema/oval-definitions-5">
          <check-content-ref name="oval:ssg-audit_rules_mac_modification:def:1" href="ssg-sle15-oval.xml"/>
        </check>
        <check system="http://scap.nist.gov/schema/ocil/2">
          <check-content-ref name="ocil:ssg-audit_rules_mac_modification_ocil:questionnaire:1" href="ssg-sle15-ocil.xml"/>
        </check>
      </Rule>
      <Rule id="xccdf_org.ssgproject.content_rule_audit_rules_mac_modification_usr_share" selected="false" role="full" severity="medium">
        <title xmlns:xhtml="http://www.w3.org/1999/xhtml" xml:lang="en-US">Record Events that Modify the System's Mandatory Access Controls in usr/share</title>
        <description xmlns:xhtml="http://www.w3.org/1999/xhtml" xml:lang="en-US">



If the <html:code xmlns:html="http://www.w3.org/1999/xhtml">auditd</html:code> daemon is configured to use the <html:code xmlns:html="http://www.w3.org/1999/xhtml">augenrules</html:code>
program to read audit rules during daemon startup (the default), add the
following lines to a file with suffix <html:code xmlns:html="http://www.w3.org/1999/xhtml">.rules</html:code> in the
directory <html:code xmlns:html="http://www.w3.org/1999/xhtml">/etc/audit/rules.d</html:code>:

<html:pre xmlns:html="http://www.w3.org/1999/xhtml">-w /usr/share/selinux/ -p wa -k MAC-policy</html:pre>

If the <html:code xmlns:html="http://www.w3.org/1999/xhtml">auditd</html:code> daemon is configured to use the <html:code xmlns:html="http://www.w3.org/1999/xhtml">auditctl</html:code>
utility to read audit rules during daemon startup, add the following lines to
<html:code xmlns:html="http://www.w3.org/1999/xhtml">/etc/audit/audit.rules</html:code>:

<html:pre xmlns:html="http://www.w3.org/1999/xhtml">-w /usr/share/selinux/ -p wa -k MAC-policy</html:pre>
      </description>
        <reference href="https://www.isaca.org/resources/cobit">APO10.01</reference>
        <reference href="https://www.isaca.org/resources/cobit">APO10.03</reference>
        <reference href="https://www.isaca.org/resources/cobit">APO10.04</reference>
        <reference href="https://www.isaca.org/resources/cobit">APO10.05</reference>
        <reference href="https://www.isaca.org/resources/cobit">APO11.04</reference>
        <reference href="https://www.isaca.org/resources/cobit">APO12.06</reference>
        <reference href="https://www.isaca.org/resources/cobit">APO13.01</reference>
        <reference href="https://www.isaca.org/resources/cobit">BAI03.05</reference>
        <reference href="https://www.isaca.org/resources/cobit">BAI08.02</reference>
        <reference href="https://www.isaca.org/resources/cobit">DSS01.03</reference>
        <reference href="https://www.isaca.org/resources/cobit">DSS01.04</reference>
        <reference href="https://www.isaca.org/resources/cobit">DSS02.02</reference>
        <reference href="https://www.isaca.org/resources/cobit">DSS02.04</reference>
        <reference href="https://www.isaca.org/resources/cobit">DSS02.07</reference>
        <reference href="https://www.isaca.org/resources/cobit">DSS03.01</reference>
        <reference href="https://www.isaca.org/resources/cobit">DSS03.05</reference>
        <reference href="https://www.isaca.org/resources/cobit">DSS05.02</reference>
        <reference href="https://www.isaca.org/resources/cobit">DSS05.03</reference>
        <reference href="https://www.isaca.org/resources/cobit">DSS05.04</reference>
        <reference href="https://www.isaca.org/resources/cobit">DSS05.05</reference>
        <reference href="https://www.isaca.org/resources/cobit">DSS05.07</reference>
        <reference href="https://www.isaca.org/resources/cobit">MEA01.01</reference>
        <reference href="https://www.isaca.org/resources/cobit">MEA01.02</reference>
        <reference href="https://www.isaca.org/resources/cobit">MEA01.03</reference>
        <reference href="https://www.isaca.org/resources/cobit">MEA01.04</reference>
        <reference href="https://www.isaca.org/resources/cobit">MEA01.05</reference>
        <reference href="https://www.isaca.org/resources/cobit">MEA02.01</reference>
        <reference href="http://nvlpubs.nist.gov/nistpubs/SpecialPublications/NIST.SP.800-171.pdf">3.1.8</reference>
        <reference href="https://www.gpo.gov/fdsys/pkg/CFR-2007-title45-vol1/pdf/CFR-2007-title45-vol1-chapA-subchapC.pdf">164.308(a)(1)(ii)(D)</reference>
        <reference href="https://www.gpo.gov/fdsys/pkg/CFR-2007-title45-vol1/pdf/CFR-2007-title45-vol1-chapA-subchapC.pdf">164.308(a)(3)(ii)(A)</reference>
        <reference href="https://www.gpo.gov/fdsys/pkg/CFR-2007-title45-vol1/pdf/CFR-2007-title45-vol1-chapA-subchapC.pdf">164.308(a)(5)(ii)(C)</reference>
        <reference href="https://www.gpo.gov/fdsys/pkg/CFR-2007-title45-vol1/pdf/CFR-2007-title45-vol1-chapA-subchapC.pdf">164.312(a)(2)(i)</reference>
        <reference href="https://www.gpo.gov/fdsys/pkg/CFR-2007-title45-vol1/pdf/CFR-2007-title45-vol1-chapA-subchapC.pdf">164.312(b)</reference>
        <reference href="https://www.gpo.gov/fdsys/pkg/CFR-2007-title45-vol1/pdf/CFR-2007-title45-vol1-chapA-subchapC.pdf">164.312(d)</reference>
        <reference href="https://www.gpo.gov/fdsys/pkg/CFR-2007-title45-vol1/pdf/CFR-2007-title45-vol1-chapA-subchapC.pdf">164.312(e)</reference>
        <reference href="https://www.isa.org/products/isa-62443-2-1-2009-security-for-industrial-automat">4.2.3.10</reference>
        <reference href="https://www.isa.org/products/isa-62443-2-1-2009-security-for-industrial-automat">4.3.2.6.7</reference>
        <reference href="https://www.isa.org/products/isa-62443-2-1-2009-security-for-industrial-automat">4.3.3.3.9</reference>
        <reference href="https://www.isa.org/products/isa-62443-2-1-2009-security-for-industrial-automat">4.3.3.5.8</reference>
        <reference href="https://www.isa.org/products/isa-62443-2-1-2009-security-for-industrial-automat">4.3.3.6.6</reference>
        <reference href="https://www.isa.org/products/isa-62443-2-1-2009-security-for-industrial-automat">4.3.4.4.7</reference>
        <reference href="https://www.isa.org/products/isa-62443-2-1-2009-security-for-industrial-automat">4.3.4.5.6</reference>
        <reference href="https://www.isa.org/products/isa-62443-2-1-2009-security-for-industrial-automat">4.3.4.5.7</reference>
        <reference href="https://www.isa.org/products/isa-62443-2-1-2009-security-for-industrial-automat">4.3.4.5.8</reference>
        <reference href="https://www.isa.org/products/isa-62443-2-1-2009-security-for-industrial-automat">4.4.2.1</reference>
        <reference href="https://www.isa.org/products/isa-62443-2-1-2009-security-for-industrial-automat">4.4.2.2</reference>
        <reference href="https://www.isa.org/products/isa-62443-2-1-2009-security-for-industrial-automat">4.4.2.4</reference>
        <reference href="https://www.isa.org/products/ansi-isa-62443-3-3-99-03-03-2013-security-for-indu">SR 1.13</reference>
        <reference href="https://www.isa.org/products/ansi-isa-62443-3-3-99-03-03-2013-security-for-indu">SR 2.10</reference>
        <reference href="https://www.isa.org/products/ansi-isa-62443-3-3-99-03-03-2013-security-for-indu">SR 2.11</reference>
        <reference href="https://www.isa.org/products/ansi-isa-62443-3-3-99-03-03-2013-security-for-indu">SR 2.12</reference>
        <reference href="https://www.isa.org/products/ansi-isa-62443-3-3-99-03-03-2013-security-for-indu">SR 2.6</reference>
        <reference href="https://www.isa.org/products/ansi-isa-62443-3-3-99-03-03-2013-security-for-indu">SR 2.8</reference>
        <reference href="https://www.isa.org/products/ansi-isa-62443-3-3-99-03-03-2013-security-for-indu">SR 2.9</reference>
        <reference href="https://www.isa.org/products/ansi-isa-62443-3-3-99-03-03-2013-security-for-indu">SR 3.1</reference>
        <reference href="https://www.isa.org/products/ansi-isa-62443-3-3-99-03-03-2013-security-for-indu">SR 3.5</reference>
        <reference href="https://www.isa.org/products/ansi-isa-62443-3-3-99-03-03-2013-security-for-indu">SR 3.8</reference>
        <reference href="https://www.isa.org/products/ansi-isa-62443-3-3-99-03-03-2013-security-for-indu">SR 4.1</reference>
        <reference href="https://www.isa.org/products/ansi-isa-62443-3-3-99-03-03-2013-security-for-indu">SR 4.3</reference>
        <reference href="https://www.isa.org/products/ansi-isa-62443-3-3-99-03-03-2013-security-for-indu">SR 5.1</reference>
        <reference href="https://www.isa.org/products/ansi-isa-62443-3-3-99-03-03-2013-security-for-indu">SR 5.2</reference>
        <reference href="https://www.isa.org/products/ansi-isa-62443-3-3-99-03-03-2013-security-for-indu">SR 5.3</reference>
        <reference href="https://www.isa.org/products/ansi-isa-62443-3-3-99-03-03-2013-security-for-indu">SR 6.1</reference>
        <reference href="https://www.isa.org/products/ansi-isa-62443-3-3-99-03-03-2013-security-for-indu">SR 6.2</reference>
        <reference href="https://www.isa.org/products/ansi-isa-62443-3-3-99-03-03-2013-security-for-indu">SR 7.1</reference>
        <reference href="https://www.isa.org/products/ansi-isa-62443-3-3-99-03-03-2013-security-for-indu">SR 7.6</reference>
        <reference href="https://www.iso.org/contents/data/standard/05/45/54534.html">A.11.2.6</reference>
        <reference href="https://www.iso.org/contents/data/standard/05/45/54534.html">A.12.4.1</reference>
        <reference href="https://www.iso.org/contents/data/standard/05/45/54534.html">A.12.4.2</reference>
        <reference href="https://www.iso.org/contents/data/standard/05/45/54534.html">A.12.4.3</reference>
        <reference href="https://www.iso.org/contents/data/standard/05/45/54534.html">A.12.4.4</reference>
        <reference href="https://www.iso.org/contents/data/standard/05/45/54534.html">A.12.7.1</reference>
        <reference href="https://www.iso.org/contents/data/standard/05/45/54534.html">A.13.1.1</reference>
        <reference href="https://www.iso.org/contents/data/standard/05/45/54534.html">A.13.2.1</reference>
        <reference href="https://www.iso.org/contents/data/standard/05/45/54534.html">A.14.1.3</reference>
        <reference href="https://www.iso.org/contents/data/standard/05/45/54534.html">A.14.2.7</reference>
        <reference href="https://www.iso.org/contents/data/standard/05/45/54534.html">A.15.2.1</reference>
        <reference href="https://www.iso.org/contents/data/standard/05/45/54534.html">A.15.2.2</reference>
        <reference href="https://www.iso.org/contents/data/standard/05/45/54534.html">A.16.1.4</reference>
        <reference href="https://www.iso.org/contents/data/standard/05/45/54534.html">A.16.1.5</reference>
        <reference href="https://www.iso.org/contents/data/standard/05/45/54534.html">A.16.1.7</reference>
        <reference href="https://www.iso.org/contents/data/standard/05/45/54534.html">A.6.2.1</reference>
        <reference href="https://www.iso.org/contents/data/standard/05/45/54534.html">A.6.2.2</reference>
        <reference href="http://nvlpubs.nist.gov/nistpubs/SpecialPublications/NIST.SP.800-53r4.pdf">AU-2(d)</reference>
        <reference href="http://nvlpubs.nist.gov/nistpubs/SpecialPublications/NIST.SP.800-53r4.pdf">AU-12(c)</reference>
        <reference href="http://nvlpubs.nist.gov/nistpubs/SpecialPublications/NIST.SP.800-53r4.pdf">CM-6(a)</reference>
        <reference href="https://nvlpubs.nist.gov/nistpubs/CSWP/NIST.CSWP.04162018.pdf">DE.AE-3</reference>
        <reference href="https://nvlpubs.nist.gov/nistpubs/CSWP/NIST.CSWP.04162018.pdf">DE.AE-5</reference>
        <reference href="https://nvlpubs.nist.gov/nistpubs/CSWP/NIST.CSWP.04162018.pdf">DE.CM-1</reference>
        <reference href="https://nvlpubs.nist.gov/nistpubs/CSWP/NIST.CSWP.04162018.pdf">DE.CM-3</reference>
        <reference href="https://nvlpubs.nist.gov/nistpubs/CSWP/NIST.CSWP.04162018.pdf">DE.CM-7</reference>
        <reference href="https://nvlpubs.nist.gov/nistpubs/CSWP/NIST.CSWP.04162018.pdf">ID.SC-4</reference>
        <reference href="https://nvlpubs.nist.gov/nistpubs/CSWP/NIST.CSWP.04162018.pdf">PR.AC-3</reference>
        <reference href="https://nvlpubs.nist.gov/nistpubs/CSWP/NIST.CSWP.04162018.pdf">PR.PT-1</reference>
        <reference href="https://nvlpubs.nist.gov/nistpubs/CSWP/NIST.CSWP.04162018.pdf">PR.PT-4</reference>
        <reference href="https://nvlpubs.nist.gov/nistpubs/CSWP/NIST.CSWP.04162018.pdf">RS.AN-1</reference>
        <reference href="https://nvlpubs.nist.gov/nistpubs/CSWP/NIST.CSWP.04162018.pdf">RS.AN-4</reference>
        <reference href="https://www.pcisecuritystandards.org/documents/PCI_DSS_v3-2-1.pdf">Req-10.5.5</reference>
        <reference href="https://www.cisecurity.org/benchmark/suse_linux/">4.1.6</reference>
        <reference href="not_publicly_available">SLES-15-750450330</reference>
        <rationale xmlns:xhtml="http://www.w3.org/1999/xhtml" xml:lang="en-US">The system's mandatory access policy (SELinux) should not be
arbitrarily changed by anything other than administrator action. All changes to
MAC policy should be audited.</rationale>
        <ident system="https://ncp.nist.gov/cce">CCE-92515-6</ident>
        <fix xmlns:xhtml="http://www.w3.org/1999/xhtml" id="audit_rules_mac_modification_usr_share" system="urn:xccdf:fix:script:sh"># Remediation is applicable only in certain platforms
if rpm --quiet -q audit &amp;&amp; rpm --quiet -q kernel-default || rpm --quiet -q kernel-default-base; then

# Perform the remediation for both possible tools: 'auditctl' and 'augenrules'






# Create a list of audit *.rules files that should be inspected for presence and correctness
# of a particular audit rule. The scheme is as follows:
#
# -----------------------------------------------------------------------------------------
# Tool used to load audit rules	| Rule already defined	|  Audit rules file to inspect	  |
# -----------------------------------------------------------------------------------------
#	auditctl		|     Doesn't matter	|  /etc/audit/audit.rules	  |
# -----------------------------------------------------------------------------------------
# 	augenrules		|          Yes		|  /etc/audit/rules.d/*.rules	  |
# 	augenrules		|          No		|  /etc/audit/rules.d/$key.rules  |
# -----------------------------------------------------------------------------------------
files_to_inspect=()


# If the audit tool is 'auditctl', then add '/etc/audit/audit.rules'
# into the list of files to be inspected
files_to_inspect+=('/etc/audit/audit.rules')

# Finally perform the inspection and possible subsequent audit rule
# correction for each of the files previously identified for inspection
for audit_rules_file in "${files_to_inspect[@]}"
do
    # Check if audit watch file system object rule for given path already present

    if grep -q -P -- "^[\s]*-w[\s]+/usr/share/selinux/" "$audit_rules_file"

    then
        # Rule is found =&gt; verify yet if existing rule definition contains
        # all of the required access type bits

        # Define BRE whitespace class shortcut
        sp="[[:space:]]"
        # Extract current permission access types (e.g. -p [r|w|x|a] values) from audit rule

        current_access_bits=$(sed -ne "s#$sp*-w$sp\+/usr/share/selinux/ $sp\+-p$sp\+\([rxwa]\{1,4\}\).*#\1#p" "$audit_rules_file")

        # Split required access bits string into characters array
        # (to check bit's presence for one bit at a time)
        for access_bit in $(echo "wa" | grep -o .)
        do
            # For each from the required access bits (e.g. 'w', 'a') check
            # if they are already present in current access bits for rule.
            # If not, append that bit at the end
            if ! grep -q "$access_bit" &lt;&lt;&lt; "$current_access_bits"
            then
                # Concatenate the existing mask with the missing bit
                current_access_bits="$current_access_bits$access_bit"
            fi
        done
        # Propagate the updated rule's access bits (original + the required
        # ones) back into the /etc/audit/audit.rules file for that rule

        sed -i "s#\($sp*-w$sp\+/usr/share/selinux/$sp\+-p$sp\+\)\([rxwa]\{1,4\}\)\(.*\)#\1$current_access_bits\3#" "$audit_rules_file"

    else
        # Rule isn't present yet. Append it at the end of $audit_rules_file file
        # with proper key


        echo "-w /usr/share/selinux/ -p wa -k MAC-policy" &gt;&gt; "$audit_rules_file"

    fi
done
# Create a list of audit *.rules files that should be inspected for presence and correctness
# of a particular audit rule. The scheme is as follows:
#
# -----------------------------------------------------------------------------------------
# Tool used to load audit rules	| Rule already defined	|  Audit rules file to inspect	  |
# -----------------------------------------------------------------------------------------
#	auditctl		|     Doesn't matter	|  /etc/audit/audit.rules	  |
# -----------------------------------------------------------------------------------------
# 	augenrules		|          Yes		|  /etc/audit/rules.d/*.rules	  |
# 	augenrules		|          No		|  /etc/audit/rules.d/$key.rules  |
# -----------------------------------------------------------------------------------------
files_to_inspect=()

# If the audit is 'augenrules', then check if rule is already defined
# If rule is defined, add '/etc/audit/rules.d/*.rules' to list of files for inspection.
# If rule isn't defined, add '/etc/audit/rules.d/MAC-policy.rules' to list of files for inspection.

readarray -t matches &lt; &lt;(grep -HP "[\s]*-w[\s]+/usr/share/selinux/" /etc/audit/rules.d/*.rules)


# For each of the matched entries
for match in "${matches[@]}"
do
    # Extract filepath from the match
    rulesd_audit_file=$(echo $match | cut -f1 -d ':')
    # Append that path into list of files for inspection
    files_to_inspect+=("$rulesd_audit_file")
done
# Case when particular audit rule isn't defined yet
if [ "${#files_to_inspect[@]}" -eq "0" ]
then
    # Append '/etc/audit/rules.d/MAC-policy.rules' into list of files for inspection
    key_rule_file="/etc/audit/rules.d/MAC-policy.rules"
    # If the MAC-policy.rules file doesn't exist yet, create it with correct permissions
    if [ ! -e "$key_rule_file" ]
    then
        touch "$key_rule_file"
        chmod 0600 "$key_rule_file"
    fi
    files_to_inspect+=("$key_rule_file")
fi

# Finally perform the inspection and possible subsequent audit rule
# correction for each of the files previously identified for inspection
for audit_rules_file in "${files_to_inspect[@]}"
do
    # Check if audit watch file system object rule for given path already present

    if grep -q -P -- "^[\s]*-w[\s]+/usr/share/selinux/" "$audit_rules_file"

    then
        # Rule is found =&gt; verify yet if existing rule definition contains
        # all of the required access type bits

        # Define BRE whitespace class shortcut
        sp="[[:space:]]"
        # Extract current permission access types (e.g. -p [r|w|x|a] values) from audit rule

        current_access_bits=$(sed -ne "s#$sp*-w$sp\+/usr/share/selinux/ $sp\+-p$sp\+\([rxwa]\{1,4\}\).*#\1#p" "$audit_rules_file")

        # Split required access bits string into characters array
        # (to check bit's presence for one bit at a time)
        for access_bit in $(echo "wa" | grep -o .)
        do
            # For each from the required access bits (e.g. 'w', 'a') check
            # if they are already present in current access bits for rule.
            # If not, append that bit at the end
            if ! grep -q "$access_bit" &lt;&lt;&lt; "$current_access_bits"
            then
                # Concatenate the existing mask with the missing bit
                current_access_bits="$current_access_bits$access_bit"
            fi
        done
        # Propagate the updated rule's access bits (original + the required
        # ones) back into the /etc/audit/audit.rules file for that rule

        sed -i "s#\($sp*-w$sp\+/usr/share/selinux/$sp\+-p$sp\+\)\([rxwa]\{1,4\}\)\(.*\)#\1$current_access_bits\3#" "$audit_rules_file"

    else
        # Rule isn't present yet. Append it at the end of $audit_rules_file file
        # with proper key


        echo "-w /usr/share/selinux/ -p wa -k MAC-policy" &gt;&gt; "$audit_rules_file"

    fi
done

else
    &gt;&amp;2 echo 'Remediation is not applicable, nothing was done'
fi
</fix>
        <fix xmlns:xhtml="http://www.w3.org/1999/xhtml" id="audit_rules_mac_modification_usr_share" system="urn:xccdf:fix:script:ansible" complexity="low" disruption="low" strategy="restrict">- name: Gather the package facts
  package_facts:
    manager: auto
  tags:
  - CCE-92515-6
  - NIST-800-171-3.1.8
  - NIST-800-53-AU-12(c)
  - NIST-800-53-AU-2(d)
  - NIST-800-53-CM-6(a)
  - PCI-DSS-Req-10.5.5
  - audit_rules_mac_modification_usr_share
  - low_complexity
  - low_disruption
  - medium_severity
  - no_reboot_needed
  - restrict_strategy

- name: Record Events that Modify the System's Mandatory Access Controls in usr/share
    - Check if watch rule for /usr/share/selinux/ already exists in /etc/audit/rules.d/
  ansible.builtin.find:
    paths: /etc/audit/rules.d
    contains: ^\s*-w\s+/usr/share/selinux/\s+-p\s+wa(\s|$)+
    patterns: '*.rules'
  register: find_existing_watch_rules_d
  when:
  - '"audit" in ansible_facts.packages'
  - ("kernel-default" in ansible_facts.packages or "kernel-default-base" in ansible_facts.packages)
  tags:
  - CCE-92515-6
  - NIST-800-171-3.1.8
  - NIST-800-53-AU-12(c)
  - NIST-800-53-AU-2(d)
  - NIST-800-53-CM-6(a)
  - PCI-DSS-Req-10.5.5
  - audit_rules_mac_modification_usr_share
  - low_complexity
  - low_disruption
  - medium_severity
  - no_reboot_needed
  - restrict_strategy

- name: Record Events that Modify the System's Mandatory Access Controls in usr/share
    - Search /etc/audit/rules.d for other rules with specified key MAC-policy
  ansible.builtin.find:
    paths: /etc/audit/rules.d
    contains: ^.*(?:-F key=|-k\s+)MAC-policy$
    patterns: '*.rules'
  register: find_watch_key
  when:
  - '"audit" in ansible_facts.packages'
  - ("kernel-default" in ansible_facts.packages or "kernel-default-base" in ansible_facts.packages)
  - find_existing_watch_rules_d.matched is defined and find_existing_watch_rules_d.matched
    == 0
  tags:
  - CCE-92515-6
  - NIST-800-171-3.1.8
  - NIST-800-53-AU-12(c)
  - NIST-800-53-AU-2(d)
  - NIST-800-53-CM-6(a)
  - PCI-DSS-Req-10.5.5
  - audit_rules_mac_modification_usr_share
  - low_complexity
  - low_disruption
  - medium_severity
  - no_reboot_needed
  - restrict_strategy

- name: Record Events that Modify the System's Mandatory Access Controls in usr/share
    - Use /etc/audit/rules.d/MAC-policy.rules as the recipient for the rule
  ansible.builtin.set_fact:
    all_files:
    - /etc/audit/rules.d/MAC-policy.rules
  when:
  - '"audit" in ansible_facts.packages'
  - ("kernel-default" in ansible_facts.packages or "kernel-default-base" in ansible_facts.packages)
  - find_watch_key.matched is defined and find_watch_key.matched == 0 and find_existing_watch_rules_d.matched
    is defined and find_existing_watch_rules_d.matched == 0
  tags:
  - CCE-92515-6
  - NIST-800-171-3.1.8
  - NIST-800-53-AU-12(c)
  - NIST-800-53-AU-2(d)
  - NIST-800-53-CM-6(a)
  - PCI-DSS-Req-10.5.5
  - audit_rules_mac_modification_usr_share
  - low_complexity
  - low_disruption
  - medium_severity
  - no_reboot_needed
  - restrict_strategy

- name: Record Events that Modify the System's Mandatory Access Controls in usr/share
    - Use matched file as the recipient for the rule
  ansible.builtin.set_fact:
    all_files:
    - '{{ find_watch_key.files | map(attribute=''path'') | list | first }}'
  when:
  - '"audit" in ansible_facts.packages'
  - ("kernel-default" in ansible_facts.packages or "kernel-default-base" in ansible_facts.packages)
  - find_watch_key.matched is defined and find_watch_key.matched &gt; 0 and find_existing_watch_rules_d.matched
    is defined and find_existing_watch_rules_d.matched == 0
  tags:
  - CCE-92515-6
  - NIST-800-171-3.1.8
  - NIST-800-53-AU-12(c)
  - NIST-800-53-AU-2(d)
  - NIST-800-53-CM-6(a)
  - PCI-DSS-Req-10.5.5
  - audit_rules_mac_modification_usr_share
  - low_complexity
  - low_disruption
  - medium_severity
  - no_reboot_needed
  - restrict_strategy

- name: Record Events that Modify the System's Mandatory Access Controls in usr/share
    - Add watch rule for /usr/share/selinux/ in /etc/audit/rules.d/
  ansible.builtin.lineinfile:
    path: '{{ all_files[0] }}'
    line: -w /usr/share/selinux/ -p wa -k MAC-policy
    create: true
    mode: '0600'
  when:
  - '"audit" in ansible_facts.packages'
  - ("kernel-default" in ansible_facts.packages or "kernel-default-base" in ansible_facts.packages)
  - find_existing_watch_rules_d.matched is defined and find_existing_watch_rules_d.matched
    == 0
  tags:
  - CCE-92515-6
  - NIST-800-171-3.1.8
  - NIST-800-53-AU-12(c)
  - NIST-800-53-AU-2(d)
  - NIST-800-53-CM-6(a)
  - PCI-DSS-Req-10.5.5
  - audit_rules_mac_modification_usr_share
  - low_complexity
  - low_disruption
  - medium_severity
  - no_reboot_needed
  - restrict_strategy

- name: Record Events that Modify the System's Mandatory Access Controls in usr/share
    - Check if watch rule for /usr/share/selinux/ already exists in /etc/audit/audit.rules
  ansible.builtin.find:
    paths: /etc/audit/
    contains: ^\s*-w\s+/usr/share/selinux/\s+-p\s+wa(\s|$)+
    patterns: audit.rules
  register: find_existing_watch_audit_rules
  when:
  - '"audit" in ansible_facts.packages'
  - ("kernel-default" in ansible_facts.packages or "kernel-default-base" in ansible_facts.packages)
  tags:
  - CCE-92515-6
  - NIST-800-171-3.1.8
  - NIST-800-53-AU-12(c)
  - NIST-800-53-AU-2(d)
  - NIST-800-53-CM-6(a)
  - PCI-DSS-Req-10.5.5
  - audit_rules_mac_modification_usr_share
  - low_complexity
  - low_disruption
  - medium_severity
  - no_reboot_needed
  - restrict_strategy

- name: Record Events that Modify the System's Mandatory Access Controls in usr/share
    - Add watch rule for /usr/share/selinux/ in /etc/audit/audit.rules
  ansible.builtin.lineinfile:
    line: -w /usr/share/selinux/ -p wa -k MAC-policy
    state: present
    dest: /etc/audit/audit.rules
    create: true
    mode: '0600'
  when:
  - '"audit" in ansible_facts.packages'
  - ("kernel-default" in ansible_facts.packages or "kernel-default-base" in ansible_facts.packages)
  - find_existing_watch_audit_rules.matched is defined and find_existing_watch_audit_rules.matched
    == 0
  tags:
  - CCE-92515-6
  - NIST-800-171-3.1.8
  - NIST-800-53-AU-12(c)
  - NIST-800-53-AU-2(d)
  - NIST-800-53-CM-6(a)
  - PCI-DSS-Req-10.5.5
  - audit_rules_mac_modification_usr_share
  - low_complexity
  - low_disruption
  - medium_severity
  - no_reboot_needed
  - restrict_strategy
</fix>
        <check system="http://oval.mitre.org/XMLSchema/oval-definitions-5">
          <check-content-ref name="oval:ssg-audit_rules_mac_modification_usr_share:def:1" href="ssg-sle15-oval.xml"/>
        </check>
        <check system="http://scap.nist.gov/schema/ocil/2">
          <check-content-ref name="ocil:ssg-audit_rules_mac_modification_usr_share_ocil:questionnaire:1" href="ssg-sle15-ocil.xml"/>
        </check>
      </Rule>
      <Rule id="xccdf_org.ssgproject.content_rule_audit_rules_media_export" selected="false" role="full" severity="medium">
        <title xmlns:xhtml="http://www.w3.org/1999/xhtml" xml:lang="en-US">Ensure auditd Collects Information on Exporting to Media (successful)</title>
        <description xmlns:xhtml="http://www.w3.org/1999/xhtml" xml:lang="en-US">At a minimum, the audit system should collect media exportation
events for all users and root. If the <html:code xmlns:html="http://www.w3.org/1999/xhtml">auditd</html:code> daemon is configured to
use the <html:code xmlns:html="http://www.w3.org/1999/xhtml">augenrules</html:code> program to read audit rules during daemon startup
(the default), add the following line to a file with suffix <html:code xmlns:html="http://www.w3.org/1999/xhtml">.rules</html:code> in
the directory <html:code xmlns:html="http://www.w3.org/1999/xhtml">/etc/audit/rules.d</html:code>, setting ARCH to either b32 for
32-bit system, or having two lines for both b32 and b64 in case your
system is 64-bit:
<html:pre xmlns:html="http://www.w3.org/1999/xhtml">-a always,exit -F arch=ARCH -S mount -F auid&gt;=1000 -F auid!=unset -F key=export</html:pre>
If the <html:code xmlns:html="http://www.w3.org/1999/xhtml">auditd</html:code> daemon is configured to use the <html:code xmlns:html="http://www.w3.org/1999/xhtml">auditctl</html:code>
utility to read audit rules during daemon startup, add the following line to
<html:code xmlns:html="http://www.w3.org/1999/xhtml">/etc/audit/audit.rules</html:code> file, setting ARCH to either b32 for
32-bit system, or having two lines for both b32 and b64 in case your
system is 64-bit:
<html:pre xmlns:html="http://www.w3.org/1999/xhtml">-a always,exit -F arch=ARCH -S mount -F auid&gt;=1000 -F auid!=unset -F key=export</html:pre>
      </description>
        <reference href="https://www.cisecurity.org/controls/">1</reference>
        <reference href="https://www.cisecurity.org/controls/">11</reference>
        <reference href="https://www.cisecurity.org/controls/">12</reference>
        <reference href="https://www.cisecurity.org/controls/">13</reference>
        <reference href="https://www.cisecurity.org/controls/">14</reference>
        <reference href="https://www.cisecurity.org/controls/">15</reference>
        <reference href="https://www.cisecurity.org/controls/">16</reference>
        <reference href="https://www.cisecurity.org/controls/">19</reference>
        <reference href="https://www.cisecurity.org/controls/">2</reference>
        <reference href="https://www.cisecurity.org/controls/">3</reference>
        <reference href="https://www.cisecurity.org/controls/">4</reference>
        <reference href="https://www.cisecurity.org/controls/">5</reference>
        <reference href="https://www.cisecurity.org/controls/">6</reference>
        <reference href="https://www.cisecurity.org/controls/">7</reference>
        <reference href="https://www.cisecurity.org/controls/">8</reference>
        <reference href="https://www.cisecurity.org/controls/">9</reference>
        <reference href="https://www.fbi.gov/file-repository/cjis-security-policy-v5_5_20160601-2-1.pdf">5.4.1.1</reference>
        <reference href="https://www.isaca.org/resources/cobit">APO10.01</reference>
        <reference href="https://www.isaca.org/resources/cobit">APO10.03</reference>
        <reference href="https://www.isaca.org/resources/cobit">APO10.04</reference>
        <reference href="https://www.isaca.org/resources/cobit">APO10.05</reference>
        <reference href="https://www.isaca.org/resources/cobit">APO11.04</reference>
        <reference href="https://www.isaca.org/resources/cobit">APO12.06</reference>
        <reference href="https://www.isaca.org/resources/cobit">APO13.01</reference>
        <reference href="https://www.isaca.org/resources/cobit">BAI03.05</reference>
        <reference href="https://www.isaca.org/resources/cobit">BAI08.02</reference>
        <reference href="https://www.isaca.org/resources/cobit">DSS01.03</reference>
        <reference href="https://www.isaca.org/resources/cobit">DSS01.04</reference>
        <reference href="https://www.isaca.org/resources/cobit">DSS02.02</reference>
        <reference href="https://www.isaca.org/resources/cobit">DSS02.04</reference>
        <reference href="https://www.isaca.org/resources/cobit">DSS02.07</reference>
        <reference href="https://www.isaca.org/resources/cobit">DSS03.01</reference>
        <reference href="https://www.isaca.org/resources/cobit">DSS03.05</reference>
        <reference href="https://www.isaca.org/resources/cobit">DSS05.02</reference>
        <reference href="https://www.isaca.org/resources/cobit">DSS05.03</reference>
        <reference href="https://www.isaca.org/resources/cobit">DSS05.04</reference>
        <reference href="https://www.isaca.org/resources/cobit">DSS05.05</reference>
        <reference href="https://www.isaca.org/resources/cobit">DSS05.07</reference>
        <reference href="https://www.isaca.org/resources/cobit">MEA01.01</reference>
        <reference href="https://www.isaca.org/resources/cobit">MEA01.02</reference>
        <reference href="https://www.isaca.org/resources/cobit">MEA01.03</reference>
        <reference href="https://www.isaca.org/resources/cobit">MEA01.04</reference>
        <reference href="https://www.isaca.org/resources/cobit">MEA01.05</reference>
        <reference href="https://www.isaca.org/resources/cobit">MEA02.01</reference>
        <reference href="http://nvlpubs.nist.gov/nistpubs/SpecialPublications/NIST.SP.800-171.pdf">3.1.7</reference>
        <reference href="https://www.gpo.gov/fdsys/pkg/CFR-2007-title45-vol1/pdf/CFR-2007-title45-vol1-chapA-subchapC.pdf">164.308(a)(1)(ii)(D)</reference>
        <reference href="https://www.gpo.gov/fdsys/pkg/CFR-2007-title45-vol1/pdf/CFR-2007-title45-vol1-chapA-subchapC.pdf">164.308(a)(3)(ii)(A)</reference>
        <reference href="https://www.gpo.gov/fdsys/pkg/CFR-2007-title45-vol1/pdf/CFR-2007-title45-vol1-chapA-subchapC.pdf">164.308(a)(5)(ii)(C)</reference>
        <reference href="https://www.gpo.gov/fdsys/pkg/CFR-2007-title45-vol1/pdf/CFR-2007-title45-vol1-chapA-subchapC.pdf">164.312(a)(2)(i)</reference>
        <reference href="https://www.gpo.gov/fdsys/pkg/CFR-2007-title45-vol1/pdf/CFR-2007-title45-vol1-chapA-subchapC.pdf">164.312(b)</reference>
        <reference href="https://www.gpo.gov/fdsys/pkg/CFR-2007-title45-vol1/pdf/CFR-2007-title45-vol1-chapA-subchapC.pdf">164.312(d)</reference>
        <reference href="https://www.gpo.gov/fdsys/pkg/CFR-2007-title45-vol1/pdf/CFR-2007-title45-vol1-chapA-subchapC.pdf">164.312(e)</reference>
        <reference href="https://www.isa.org/products/isa-62443-2-1-2009-security-for-industrial-automat">4.2.3.10</reference>
        <reference href="https://www.isa.org/products/isa-62443-2-1-2009-security-for-industrial-automat">4.3.2.6.7</reference>
        <reference href="https://www.isa.org/products/isa-62443-2-1-2009-security-for-industrial-automat">4.3.3.3.9</reference>
        <reference href="https://www.isa.org/products/isa-62443-2-1-2009-security-for-industrial-automat">4.3.3.5.8</reference>
        <reference href="https://www.isa.org/products/isa-62443-2-1-2009-security-for-industrial-automat">4.3.3.6.6</reference>
        <reference href="https://www.isa.org/products/isa-62443-2-1-2009-security-for-industrial-automat">4.3.4.4.7</reference>
        <reference href="https://www.isa.org/products/isa-62443-2-1-2009-security-for-industrial-automat">4.3.4.5.6</reference>
        <reference href="https://www.isa.org/products/isa-62443-2-1-2009-security-for-industrial-automat">4.3.4.5.7</reference>
        <reference href="https://www.isa.org/products/isa-62443-2-1-2009-security-for-industrial-automat">4.3.4.5.8</reference>
        <reference href="https://www.isa.org/products/isa-62443-2-1-2009-security-for-industrial-automat">4.4.2.1</reference>
        <reference href="https://www.isa.org/products/isa-62443-2-1-2009-security-for-industrial-automat">4.4.2.2</reference>
        <reference href="https://www.isa.org/products/isa-62443-2-1-2009-security-for-industrial-automat">4.4.2.4</reference>
        <reference href="https://www.isa.org/products/ansi-isa-62443-3-3-99-03-03-2013-security-for-indu">SR 1.13</reference>
        <reference href="https://www.isa.org/products/ansi-isa-62443-3-3-99-03-03-2013-security-for-indu">SR 2.10</reference>
        <reference href="https://www.isa.org/products/ansi-isa-62443-3-3-99-03-03-2013-security-for-indu">SR 2.11</reference>
        <reference href="https://www.isa.org/products/ansi-isa-62443-3-3-99-03-03-2013-security-for-indu">SR 2.12</reference>
        <reference href="https://www.isa.org/products/ansi-isa-62443-3-3-99-03-03-2013-security-for-indu">SR 2.6</reference>
        <reference href="https://www.isa.org/products/ansi-isa-62443-3-3-99-03-03-2013-security-for-indu">SR 2.8</reference>
        <reference href="https://www.isa.org/products/ansi-isa-62443-3-3-99-03-03-2013-security-for-indu">SR 2.9</reference>
        <reference href="https://www.isa.org/products/ansi-isa-62443-3-3-99-03-03-2013-security-for-indu">SR 3.1</reference>
        <reference href="https://www.isa.org/products/ansi-isa-62443-3-3-99-03-03-2013-security-for-indu">SR 3.5</reference>
        <reference href="https://www.isa.org/products/ansi-isa-62443-3-3-99-03-03-2013-security-for-indu">SR 3.8</reference>
        <reference href="https://www.isa.org/products/ansi-isa-62443-3-3-99-03-03-2013-security-for-indu">SR 4.1</reference>
        <reference href="https://www.isa.org/products/ansi-isa-62443-3-3-99-03-03-2013-security-for-indu">SR 4.3</reference>
        <reference href="https://www.isa.org/products/ansi-isa-62443-3-3-99-03-03-2013-security-for-indu">SR 5.1</reference>
        <reference href="https://www.isa.org/products/ansi-isa-62443-3-3-99-03-03-2013-security-for-indu">SR 5.2</reference>
        <reference href="https://www.isa.org/products/ansi-isa-62443-3-3-99-03-03-2013-security-for-indu">SR 5.3</reference>
        <reference href="https://www.isa.org/products/ansi-isa-62443-3-3-99-03-03-2013-security-for-indu">SR 6.1</reference>
        <reference href="https://www.isa.org/products/ansi-isa-62443-3-3-99-03-03-2013-security-for-indu">SR 6.2</reference>
        <reference href="https://www.isa.org/products/ansi-isa-62443-3-3-99-03-03-2013-security-for-indu">SR 7.1</reference>
        <reference href="https://www.isa.org/products/ansi-isa-62443-3-3-99-03-03-2013-security-for-indu">SR 7.6</reference>
        <reference href="https://www.iso.org/contents/data/standard/05/45/54534.html">A.11.2.6</reference>
        <reference href="https://www.iso.org/contents/data/standard/05/45/54534.html">A.12.4.1</reference>
        <reference href="https://www.iso.org/contents/data/standard/05/45/54534.html">A.12.4.2</reference>
        <reference href="https://www.iso.org/contents/data/standard/05/45/54534.html">A.12.4.3</reference>
        <reference href="https://www.iso.org/contents/data/standard/05/45/54534.html">A.12.4.4</reference>
        <reference href="https://www.iso.org/contents/data/standard/05/45/54534.html">A.12.7.1</reference>
        <reference href="https://www.iso.org/contents/data/standard/05/45/54534.html">A.13.1.1</reference>
        <reference href="https://www.iso.org/contents/data/standard/05/45/54534.html">A.13.2.1</reference>
        <reference href="https://www.iso.org/contents/data/standard/05/45/54534.html">A.14.1.3</reference>
        <reference href="https://www.iso.org/contents/data/standard/05/45/54534.html">A.14.2.7</reference>
        <reference href="https://www.iso.org/contents/data/standard/05/45/54534.html">A.15.2.1</reference>
        <reference href="https://www.iso.org/contents/data/standard/05/45/54534.html">A.15.2.2</reference>
        <reference href="https://www.iso.org/contents/data/standard/05/45/54534.html">A.16.1.4</reference>
        <reference href="https://www.iso.org/contents/data/standard/05/45/54534.html">A.16.1.5</reference>
        <reference href="https://www.iso.org/contents/data/standard/05/45/54534.html">A.16.1.7</reference>
        <reference href="https://www.iso.org/contents/data/standard/05/45/54534.html">A.6.2.1</reference>
        <reference href="https://www.iso.org/contents/data/standard/05/45/54534.html">A.6.2.2</reference>
        <reference href="http://nvlpubs.nist.gov/nistpubs/SpecialPublications/NIST.SP.800-53r4.pdf">AU-2(d)</reference>
        <reference href="http://nvlpubs.nist.gov/nistpubs/SpecialPublications/NIST.SP.800-53r4.pdf">AU-12(c)</reference>
        <reference href="http://nvlpubs.nist.gov/nistpubs/SpecialPublications/NIST.SP.800-53r4.pdf">AC-6(9)</reference>
        <reference href="http://nvlpubs.nist.gov/nistpubs/SpecialPublications/NIST.SP.800-53r4.pdf">CM-6(a)</reference>
        <reference href="https://nvlpubs.nist.gov/nistpubs/CSWP/NIST.CSWP.04162018.pdf">DE.AE-3</reference>
        <reference href="https://nvlpubs.nist.gov/nistpubs/CSWP/NIST.CSWP.04162018.pdf">DE.AE-5</reference>
        <reference href="https://nvlpubs.nist.gov/nistpubs/CSWP/NIST.CSWP.04162018.pdf">DE.CM-1</reference>
        <reference href="https://nvlpubs.nist.gov/nistpubs/CSWP/NIST.CSWP.04162018.pdf">DE.CM-3</reference>
        <reference href="https://nvlpubs.nist.gov/nistpubs/CSWP/NIST.CSWP.04162018.pdf">DE.CM-7</reference>
        <reference href="https://nvlpubs.nist.gov/nistpubs/CSWP/NIST.CSWP.04162018.pdf">ID.SC-4</reference>
        <reference href="https://nvlpubs.nist.gov/nistpubs/CSWP/NIST.CSWP.04162018.pdf">PR.AC-3</reference>
        <reference href="https://nvlpubs.nist.gov/nistpubs/CSWP/NIST.CSWP.04162018.pdf">PR.PT-1</reference>
        <reference href="https://nvlpubs.nist.gov/nistpubs/CSWP/NIST.CSWP.04162018.pdf">PR.PT-4</reference>
        <reference href="https://nvlpubs.nist.gov/nistpubs/CSWP/NIST.CSWP.04162018.pdf">RS.AN-1</reference>
        <reference href="https://nvlpubs.nist.gov/nistpubs/CSWP/NIST.CSWP.04162018.pdf">RS.AN-4</reference>
        <reference href="https://www.pcisecuritystandards.org/documents/PCI_DSS_v3-2-1.pdf">Req-10.2.7</reference>
        <reference href="https://www.cyber.mil/stigs/downloads/?_dl_facet_stigs=operating-systems%2Cgeneral-purpose-os">SRG-OS-000037-GPOS-00015</reference>
        <reference href="https://www.cyber.mil/stigs/downloads/?_dl_facet_stigs=operating-systems%2Cgeneral-purpose-os">SRG-OS-000042-GPOS-00020</reference>
        <reference href="https://www.cyber.mil/stigs/downloads/?_dl_facet_stigs=operating-systems%2Cgeneral-purpose-os">SRG-OS-000062-GPOS-00031</reference>
        <reference href="https://www.cyber.mil/stigs/downloads/?_dl_facet_stigs=operating-systems%2Cgeneral-purpose-os">SRG-OS-000392-GPOS-00172</reference>
        <reference href="https://www.cyber.mil/stigs/downloads/?_dl_facet_stigs=operating-systems%2Cgeneral-purpose-os">SRG-OS-000462-GPOS-00206</reference>
        <reference href="https://www.cyber.mil/stigs/downloads/?_dl_facet_stigs=operating-systems%2Cgeneral-purpose-os">SRG-OS-000471-GPOS-00215</reference>
        <reference href="https://www.cyber.mil/stigs/downloads/?_dl_facet_stigs=app-security">SRG-APP-000495-CTR-001235</reference>
        <reference href="https://www.cyber.mil/stigs/downloads/?_dl_facet_stigs=operating-systems%2Cunix-linux">SLES-15-030350</reference>
        <reference href="https://www.cisecurity.org/benchmark/suse_linux/">4.1.12</reference>
        <reference href="https://cyber.gouv.fr/sites/default/files/document/linux_configuration-en-v2.pdf">R73</reference>
        <reference href="not_publicly_available">SLES-15-750450270</reference>
        <reference href="https://docs-prv.pcisecuritystandards.org/PCI%20DSS/Standard/PCI-DSS-v4_0.pdf">10.2.1.7</reference>
        <reference href="https://docs-prv.pcisecuritystandards.org/PCI%20DSS/Standard/PCI-DSS-v4_0.pdf">10.2.1</reference>
        <reference href="https://docs-prv.pcisecuritystandards.org/PCI%20DSS/Standard/PCI-DSS-v4_0.pdf">10.2</reference>
        <reference href="https://www.cyber.mil/stigs/srg-stig-tools/">SV-234934r958412_rule</reference>
        <rationale xmlns:xhtml="http://www.w3.org/1999/xhtml" xml:lang="en-US">The unauthorized exportation of data to external media could result in an information leak
where classified information, Privacy Act information, and intellectual property could be lost. An audit
trail should be created each time a filesystem is mounted to help identify and guard against information
loss.</rationale>
        <ident system="https://ncp.nist.gov/cce">CCE-85718-5</ident>
        <fix xmlns:xhtml="http://www.w3.org/1999/xhtml" id="audit_rules_media_export" system="urn:xccdf:fix:script:sh"># Remediation is applicable only in certain platforms
if rpm --quiet -q audit &amp;&amp; rpm --quiet -q kernel-default || rpm --quiet -q kernel-default-base; then

# First perform the remediation of the syscall rule
# Retrieve hardware architecture of the underlying system
[ "$(getconf LONG_BIT)" = "32" ] &amp;&amp; RULE_ARCHS=("b32") || RULE_ARCHS=("b32" "b64")

for ARCH in "${RULE_ARCHS[@]}"
do
	ACTION_ARCH_FILTERS="-a always,exit -F arch=$ARCH"
	OTHER_FILTERS=""
	AUID_FILTERS="-F auid&gt;=1000 -F auid!=unset"
	SYSCALL="mount"
	KEY="export"
	SYSCALL_GROUPING=""

	# Perform the remediation for both possible tools: 'auditctl' and 'augenrules'
	unset syscall_a
unset syscall_grouping
unset syscall_string
unset syscall
unset file_to_edit
unset rule_to_edit
unset rule_syscalls_to_edit
unset other_string
unset auid_string
unset full_rule

# Load macro arguments into arrays
read -a syscall_a &lt;&lt;&lt; $SYSCALL
read -a syscall_grouping &lt;&lt;&lt; $SYSCALL_GROUPING

# Create a list of audit *.rules files that should be inspected for presence and correctness
# of a particular audit rule. The scheme is as follows:
#
# -----------------------------------------------------------------------------------------
#  Tool used to load audit rules | Rule already defined  |  Audit rules file to inspect    |
# -----------------------------------------------------------------------------------------
#        auditctl                |     Doesn't matter    |  /etc/audit/audit.rules         |
# -----------------------------------------------------------------------------------------
#        augenrules              |          Yes          |  /etc/audit/rules.d/*.rules     |
#        augenrules              |          No           |  /etc/audit/rules.d/$key.rules  |
# -----------------------------------------------------------------------------------------
#
files_to_inspect=()

# If audit tool is 'augenrules', then check if the audit rule is defined
# If rule is defined, add '/etc/audit/rules.d/*.rules' to the list for inspection
# If rule isn't defined yet, add '/etc/audit/rules.d/$key.rules' to the list for inspection
default_file="/etc/audit/rules.d/$KEY.rules"
# As other_filters may include paths, lets use a different delimiter for it
# The "F" script expression tells sed to print the filenames where the expressions matched
readarray -t files_to_inspect &lt; &lt;(sed -s -n -e "/^$ACTION_ARCH_FILTERS/!d" -e "\#$OTHER_FILTERS#!d" -e "/$AUID_FILTERS/!d" -e "F" /etc/audit/rules.d/*.rules)
# Case when particular rule isn't defined in /etc/audit/rules.d/*.rules yet
if [ ${#files_to_inspect[@]} -eq "0" ]
then
    file_to_inspect="/etc/audit/rules.d/$KEY.rules"
    files_to_inspect=("$file_to_inspect")
    if [ ! -e "$file_to_inspect" ]
    then
        touch "$file_to_inspect"
        chmod 0600 "$file_to_inspect"
    fi
fi

# After converting to jinja, we cannot return; therefore we skip the rest of the macro if needed instead
skip=1

for audit_file in "${files_to_inspect[@]}"
do
    # Filter existing $audit_file rules' definitions to select those that satisfy the rule pattern,
    # i.e, collect rules that match:
    # * the action, list and arch, (2-nd argument)
    # * the other filters, (3-rd argument)
    # * the auid filters, (4-rd argument)
    readarray -t similar_rules &lt; &lt;(sed -e "/^$ACTION_ARCH_FILTERS/!d"  -e "\#$OTHER_FILTERS#!d" -e "/$AUID_FILTERS/!d" "$audit_file")

    candidate_rules=()
    # Filter out rules that have more fields then required. This will remove rules more specific than the required scope
    for s_rule in "${similar_rules[@]}"
    do
        # Strip all the options and fields we know of,
        # than check if there was any field left over
        extra_fields=$(sed -E -e "s/^$ACTION_ARCH_FILTERS//"  -e "s#$OTHER_FILTERS##" -e "s/$AUID_FILTERS//" -e "s/((:?-S [[:alnum:],]+)+)//g" -e "s/-F key=\w+|-k \w+//"&lt;&lt;&lt; "$s_rule")
        grep -q -- "-F" &lt;&lt;&lt; "$extra_fields" || candidate_rules+=("$s_rule")
    done

    if [[ ${#syscall_a[@]} -ge 1 ]]
    then
        # Check if the syscall we want is present in any of the similar existing rules
        for rule in "${candidate_rules[@]}"
        do
            rule_syscalls=$(echo "$rule" | grep -o -P '(-S [\w,]+)+' | xargs)
            all_syscalls_found=0
            for syscall in "${syscall_a[@]}"
            do
                grep -q -- "\b${syscall}\b" &lt;&lt;&lt; "$rule_syscalls" || {
                   # A syscall was not found in the candidate rule
                   all_syscalls_found=1
                   }
            done
            if [[ $all_syscalls_found -eq 0 ]]
            then
                # We found a rule with all the syscall(s) we want; skip rest of macro
                skip=0
                break
            fi

            # Check if this rule can be grouped with our target syscall and keep track of it
            for syscall_g in "${syscall_grouping[@]}"
            do
                if grep -q -- "\b${syscall_g}\b" &lt;&lt;&lt; "$rule_syscalls"
                then
                    file_to_edit=${audit_file}
                    rule_to_edit=${rule}
                    rule_syscalls_to_edit=${rule_syscalls}
                fi
            done
        done
    else
        # If there is any candidate rule, it is compliant; skip rest of macro
        if [ "${#candidate_rules[@]}" -gt 0 ]
        then
            skip=0
        fi
    fi

    if [ "$skip" -eq 0 ]; then
        break
    fi
done

if [ "$skip" -ne 0 ]; then
    # We checked all rules that matched the expected resemblance pattern (action, arch &amp; auid)
    # At this point we know if we need to either append the $full_rule or group
    # the syscall together with an exsiting rule

    # Append the full_rule if it cannot be grouped to any other rule
    if [ -z ${rule_to_edit+x} ]
    then
        # Build full_rule while avoid adding double spaces when other_filters is empty
        if [ "${#syscall_a[@]}" -gt 0 ]
        then
            syscall_string=""
            for syscall in "${syscall_a[@]}"
            do
                syscall_string+=" -S $syscall"
            done
        fi
        other_string=$([[ $OTHER_FILTERS ]] &amp;&amp; echo " $OTHER_FILTERS") || /bin/true
        auid_string=$([[ $AUID_FILTERS ]] &amp;&amp; echo " $AUID_FILTERS") || /bin/true
        full_rule="$ACTION_ARCH_FILTERS${syscall_string}${other_string}${auid_string} -F key=$KEY" || /bin/true
        echo "$full_rule" &gt;&gt; "$default_file"
        chmod 0600 ${default_file}
    else
        # Check if the syscalls are declared as a comma separated list or
        # as multiple -S parameters
        if grep -q -- "," &lt;&lt;&lt; "${rule_syscalls_to_edit}"
        then
            delimiter=","
        else
            delimiter=" -S "
        fi
        new_grouped_syscalls="${rule_syscalls_to_edit}"
        for syscall in "${syscall_a[@]}"
        do
            grep -q -- "\b${syscall}\b" &lt;&lt;&lt; "${rule_syscalls_to_edit}" || {
               # A syscall was not found in the candidate rule
               new_grouped_syscalls+="${delimiter}${syscall}"
               }
        done

        # Group the syscall in the rule
        sed -i -e "\#${rule_to_edit}#s#${rule_syscalls_to_edit}#${new_grouped_syscalls}#" "$file_to_edit"
    fi
fi
	unset syscall_a
unset syscall_grouping
unset syscall_string
unset syscall
unset file_to_edit
unset rule_to_edit
unset rule_syscalls_to_edit
unset other_string
unset auid_string
unset full_rule

# Load macro arguments into arrays
read -a syscall_a &lt;&lt;&lt; $SYSCALL
read -a syscall_grouping &lt;&lt;&lt; $SYSCALL_GROUPING

# Create a list of audit *.rules files that should be inspected for presence and correctness
# of a particular audit rule. The scheme is as follows:
#
# -----------------------------------------------------------------------------------------
#  Tool used to load audit rules | Rule already defined  |  Audit rules file to inspect    |
# -----------------------------------------------------------------------------------------
#        auditctl                |     Doesn't matter    |  /etc/audit/audit.rules         |
# -----------------------------------------------------------------------------------------
#        augenrules              |          Yes          |  /etc/audit/rules.d/*.rules     |
#        augenrules              |          No           |  /etc/audit/rules.d/$key.rules  |
# -----------------------------------------------------------------------------------------
#
files_to_inspect=()


# If audit tool is 'auditctl', then add '/etc/audit/audit.rules'
# file to the list of files to be inspected
default_file="/etc/audit/audit.rules"
files_to_inspect+=('/etc/audit/audit.rules' )

# After converting to jinja, we cannot return; therefore we skip the rest of the macro if needed instead
skip=1

for audit_file in "${files_to_inspect[@]}"
do
    # Filter existing $audit_file rules' definitions to select those that satisfy the rule pattern,
    # i.e, collect rules that match:
    # * the action, list and arch, (2-nd argument)
    # * the other filters, (3-rd argument)
    # * the auid filters, (4-rd argument)
    readarray -t similar_rules &lt; &lt;(sed -e "/^$ACTION_ARCH_FILTERS/!d"  -e "\#$OTHER_FILTERS#!d" -e "/$AUID_FILTERS/!d" "$audit_file")

    candidate_rules=()
    # Filter out rules that have more fields then required. This will remove rules more specific than the required scope
    for s_rule in "${similar_rules[@]}"
    do
        # Strip all the options and fields we know of,
        # than check if there was any field left over
        extra_fields=$(sed -E -e "s/^$ACTION_ARCH_FILTERS//"  -e "s#$OTHER_FILTERS##" -e "s/$AUID_FILTERS//" -e "s/((:?-S [[:alnum:],]+)+)//g" -e "s/-F key=\w+|-k \w+//"&lt;&lt;&lt; "$s_rule")
        grep -q -- "-F" &lt;&lt;&lt; "$extra_fields" || candidate_rules+=("$s_rule")
    done

    if [[ ${#syscall_a[@]} -ge 1 ]]
    then
        # Check if the syscall we want is present in any of the similar existing rules
        for rule in "${candidate_rules[@]}"
        do
            rule_syscalls=$(echo "$rule" | grep -o -P '(-S [\w,]+)+' | xargs)
            all_syscalls_found=0
            for syscall in "${syscall_a[@]}"
            do
                grep -q -- "\b${syscall}\b" &lt;&lt;&lt; "$rule_syscalls" || {
                   # A syscall was not found in the candidate rule
                   all_syscalls_found=1
                   }
            done
            if [[ $all_syscalls_found -eq 0 ]]
            then
                # We found a rule with all the syscall(s) we want; skip rest of macro
                skip=0
                break
            fi

            # Check if this rule can be grouped with our target syscall and keep track of it
            for syscall_g in "${syscall_grouping[@]}"
            do
                if grep -q -- "\b${syscall_g}\b" &lt;&lt;&lt; "$rule_syscalls"
                then
                    file_to_edit=${audit_file}
                    rule_to_edit=${rule}
                    rule_syscalls_to_edit=${rule_syscalls}
                fi
            done
        done
    else
        # If there is any candidate rule, it is compliant; skip rest of macro
        if [ "${#candidate_rules[@]}" -gt 0 ]
        then
            skip=0
        fi
    fi

    if [ "$skip" -eq 0 ]; then
        break
    fi
done

if [ "$skip" -ne 0 ]; then
    # We checked all rules that matched the expected resemblance pattern (action, arch &amp; auid)
    # At this point we know if we need to either append the $full_rule or group
    # the syscall together with an exsiting rule

    # Append the full_rule if it cannot be grouped to any other rule
    if [ -z ${rule_to_edit+x} ]
    then
        # Build full_rule while avoid adding double spaces when other_filters is empty
        if [ "${#syscall_a[@]}" -gt 0 ]
        then
            syscall_string=""
            for syscall in "${syscall_a[@]}"
            do
                syscall_string+=" -S $syscall"
            done
        fi
        other_string=$([[ $OTHER_FILTERS ]] &amp;&amp; echo " $OTHER_FILTERS") || /bin/true
        auid_string=$([[ $AUID_FILTERS ]] &amp;&amp; echo " $AUID_FILTERS") || /bin/true
        full_rule="$ACTION_ARCH_FILTERS${syscall_string}${other_string}${auid_string} -F key=$KEY" || /bin/true
        echo "$full_rule" &gt;&gt; "$default_file"
        chmod 0600 ${default_file}
    else
        # Check if the syscalls are declared as a comma separated list or
        # as multiple -S parameters
        if grep -q -- "," &lt;&lt;&lt; "${rule_syscalls_to_edit}"
        then
            delimiter=","
        else
            delimiter=" -S "
        fi
        new_grouped_syscalls="${rule_syscalls_to_edit}"
        for syscall in "${syscall_a[@]}"
        do
            grep -q -- "\b${syscall}\b" &lt;&lt;&lt; "${rule_syscalls_to_edit}" || {
               # A syscall was not found in the candidate rule
               new_grouped_syscalls+="${delimiter}${syscall}"
               }
        done

        # Group the syscall in the rule
        sed -i -e "\#${rule_to_edit}#s#${rule_syscalls_to_edit}#${new_grouped_syscalls}#" "$file_to_edit"
    fi
fi
done

else
    &gt;&amp;2 echo 'Remediation is not applicable, nothing was done'
fi
</fix>
        <fix xmlns:xhtml="http://www.w3.org/1999/xhtml" id="audit_rules_media_export" system="urn:xccdf:fix:script:ansible" reboot="true" complexity="low" disruption="low" strategy="restrict">- name: Gather the package facts
  package_facts:
    manager: auto
  tags:
  - CCE-85718-5
  - CJIS-5.4.1.1
  - DISA-STIG-SLES-15-030350
  - NIST-800-171-3.1.7
  - NIST-800-53-AC-6(9)
  - NIST-800-53-AU-12(c)
  - NIST-800-53-AU-2(d)
  - NIST-800-53-CM-6(a)
  - PCI-DSS-Req-10.2.7
  - PCI-DSSv4-10.2
  - PCI-DSSv4-10.2.1
  - PCI-DSSv4-10.2.1.7
  - audit_rules_media_export
  - low_complexity
  - low_disruption
  - medium_severity
  - reboot_required
  - restrict_strategy

- name: Set architecture for audit mount tasks
  ansible.builtin.set_fact:
    audit_arch: b64
  when:
  - '"audit" in ansible_facts.packages'
  - ("kernel-default" in ansible_facts.packages or "kernel-default-base" in ansible_facts.packages)
  - ansible_architecture == "aarch64" or ansible_architecture == "ppc64" or ansible_architecture
    == "ppc64le" or ansible_architecture == "s390x" or ansible_architecture == "x86_64"
  tags:
  - CCE-85718-5
  - CJIS-5.4.1.1
  - DISA-STIG-SLES-15-030350
  - NIST-800-171-3.1.7
  - NIST-800-53-AC-6(9)
  - NIST-800-53-AU-12(c)
  - NIST-800-53-AU-2(d)
  - NIST-800-53-CM-6(a)
  - PCI-DSS-Req-10.2.7
  - PCI-DSSv4-10.2
  - PCI-DSSv4-10.2.1
  - PCI-DSSv4-10.2.1.7
  - audit_rules_media_export
  - low_complexity
  - low_disruption
  - medium_severity
  - reboot_required
  - restrict_strategy

- name: Perform remediation of Audit rules for mount for 32bit platform
  block:

  - name: Declare list of syscalls
    ansible.builtin.set_fact:
      syscalls:
      - mount
      syscall_grouping: []

  - name: Check existence of mount in /etc/audit/rules.d/
    ansible.builtin.find:
      paths: /etc/audit/rules.d
      contains: -a always,exit -F arch=b32(( -S |,)\w+)*(( -S |,){{ item }})+(( -S
        |,)\w+)* -F auid&gt;=1000 -F auid!=unset (-k\s+|-F\s+key=)\S+\s*$
      patterns: '*.rules'
    register: find_command
    loop: '{{ (syscall_grouping + syscalls) | unique }}'

  - name: Reset syscalls found per file
    ansible.builtin.set_fact:
      syscalls_per_file: {}
      found_paths_dict: {}

  - name: Declare syscalls found per file
    ansible.builtin.set_fact: syscalls_per_file="{{ syscalls_per_file | combine( {item.files[0].path
      :[item.item] + syscalls_per_file.get(item.files[0].path, []) } ) }}"
    loop: '{{ find_command.results | selectattr(''matched'') | list }}'

  - name: Declare files where syscalls were found
    ansible.builtin.set_fact: found_paths="{{ find_command.results | map(attribute='files')
      | flatten | map(attribute='path') | list }}"

  - name: Count occurrences of syscalls in paths
    ansible.builtin.set_fact: found_paths_dict="{{ found_paths_dict | combine({ item:1+found_paths_dict.get(item,
      0) }) }}"
    loop: '{{ find_command.results | map(attribute=''files'') | flatten | map(attribute=''path'')
      | list }}'

  - name: Get path with most syscalls
    ansible.builtin.set_fact: audit_file="{{ (found_paths_dict | dict2items() | sort(attribute='value')
      | last).key }}"
    when: found_paths | length &gt;= 1

  - name: No file with syscall found, set path to /etc/audit/rules.d/export.rules
    ansible.builtin.set_fact: audit_file="/etc/audit/rules.d/export.rules"
    when: found_paths | length == 0

  - name: Declare found syscalls
    ansible.builtin.set_fact: syscalls_found="{{ find_command.results | selectattr('matched')
      | map(attribute='item') | list }}"

  - name: Declare missing syscalls
    ansible.builtin.set_fact: missing_syscalls="{{ syscalls | difference(syscalls_found)
      }}"

  - name: Replace the audit rule in {{ audit_file }}
    ansible.builtin.lineinfile:
      path: '{{ audit_file }}'
      regexp: (-a always,exit -F arch=b32)(?=.*(?:(?:-S |,)(?:{{ syscalls_per_file[audit_file]
        | join("|") }}))\b)((?:( -S |,)\w+)+)( -F auid&gt;=1000 -F auid!=unset (?:-k
        |-F key=)\w+)
      line: \1\2\3{{ missing_syscalls | join("\3") }}\4
      backrefs: true
      state: present
      mode: g-rwx,o-rwx
    when: syscalls_found | length &gt; 0 and missing_syscalls | length &gt; 0

  - name: Add the audit rule to {{ audit_file }}
    ansible.builtin.lineinfile:
      path: '{{ audit_file }}'
      line: -a always,exit -F arch=b32 -S {{ syscalls | join(',') }} -F auid&gt;=1000
        -F auid!=unset -F key=export
      create: true
      mode: g-rwx,o-rwx
      state: present
    when: syscalls_found | length == 0

  - name: Declare list of syscalls
    ansible.builtin.set_fact:
      syscalls:
      - mount
      syscall_grouping: []

  - name: Check existence of mount in /etc/audit/audit.rules
    ansible.builtin.find:
      paths: /etc/audit
      contains: -a always,exit -F arch=b32(( -S |,)\w+)*(( -S |,){{ item }})+(( -S
        |,)\w+)* -F auid&gt;=1000 -F auid!=unset (-k\s+|-F\s+key=)\S+\s*$
      patterns: audit.rules
    register: find_command
    loop: '{{ (syscall_grouping + syscalls) | unique }}'

  - name: Set path to /etc/audit/audit.rules
    ansible.builtin.set_fact: audit_file="/etc/audit/audit.rules"

  - name: Declare found syscalls
    ansible.builtin.set_fact: syscalls_found="{{ find_command.results | selectattr('matched')
      | map(attribute='item') | list }}"

  - name: Declare missing syscalls
    ansible.builtin.set_fact: missing_syscalls="{{ syscalls | difference(syscalls_found)
      }}"

  - name: Replace the audit rule in {{ audit_file }}
    ansible.builtin.lineinfile:
      path: '{{ audit_file }}'
      regexp: (-a always,exit -F arch=b32)(?=.*(?:(?:-S |,)(?:{{ syscalls_found |
        join("|") }}))\b)((?:( -S |,)\w+)+)( -F auid&gt;=1000 -F auid!=unset (?:-k |-F
        key=)\w+)
      line: \1\2\3{{ missing_syscalls | join("\3") }}\4
      backrefs: true
      state: present
      mode: g-rwx,o-rwx
    when: syscalls_found | length &gt; 0 and missing_syscalls | length &gt; 0

  - name: Add the audit rule to {{ audit_file }}
    ansible.builtin.lineinfile:
      path: '{{ audit_file }}'
      line: -a always,exit -F arch=b32 -S {{ syscalls | join(',') }} -F auid&gt;=1000
        -F auid!=unset -F key=export
      create: true
      mode: g-rwx,o-rwx
      state: present
    when: syscalls_found | length == 0
  when:
  - '"audit" in ansible_facts.packages'
  - ("kernel-default" in ansible_facts.packages or "kernel-default-base" in ansible_facts.packages)
  tags:
  - CCE-85718-5
  - CJIS-5.4.1.1
  - DISA-STIG-SLES-15-030350
  - NIST-800-171-3.1.7
  - NIST-800-53-AC-6(9)
  - NIST-800-53-AU-12(c)
  - NIST-800-53-AU-2(d)
  - NIST-800-53-CM-6(a)
  - PCI-DSS-Req-10.2.7
  - PCI-DSSv4-10.2
  - PCI-DSSv4-10.2.1
  - PCI-DSSv4-10.2.1.7
  - audit_rules_media_export
  - low_complexity
  - low_disruption
  - medium_severity
  - reboot_required
  - restrict_strategy

- name: Perform remediation of Audit rules for mount for 64bit platform
  block:

  - name: Declare list of syscalls
    ansible.builtin.set_fact:
      syscalls:
      - mount
      syscall_grouping: []

  - name: Check existence of mount in /etc/audit/rules.d/
    ansible.builtin.find:
      paths: /etc/audit/rules.d
      contains: -a always,exit -F arch=b64(( -S |,)\w+)*(( -S |,){{ item }})+(( -S
        |,)\w+)* -F auid&gt;=1000 -F auid!=unset (-k\s+|-F\s+key=)\S+\s*$
      patterns: '*.rules'
    register: find_command
    loop: '{{ (syscall_grouping + syscalls) | unique }}'

  - name: Reset syscalls found per file
    ansible.builtin.set_fact:
      syscalls_per_file: {}
      found_paths_dict: {}

  - name: Declare syscalls found per file
    ansible.builtin.set_fact: syscalls_per_file="{{ syscalls_per_file | combine( {item.files[0].path
      :[item.item] + syscalls_per_file.get(item.files[0].path, []) } ) }}"
    loop: '{{ find_command.results | selectattr(''matched'') | list }}'

  - name: Declare files where syscalls were found
    ansible.builtin.set_fact: found_paths="{{ find_command.results | map(attribute='files')
      | flatten | map(attribute='path') | list }}"

  - name: Count occurrences of syscalls in paths
    ansible.builtin.set_fact: found_paths_dict="{{ found_paths_dict | combine({ item:1+found_paths_dict.get(item,
      0) }) }}"
    loop: '{{ find_command.results | map(attribute=''files'') | flatten | map(attribute=''path'')
      | list }}'

  - name: Get path with most syscalls
    ansible.builtin.set_fact: audit_file="{{ (found_paths_dict | dict2items() | sort(attribute='value')
      | last).key }}"
    when: found_paths | length &gt;= 1

  - name: No file with syscall found, set path to /etc/audit/rules.d/export.rules
    ansible.builtin.set_fact: audit_file="/etc/audit/rules.d/export.rules"
    when: found_paths | length == 0

  - name: Declare found syscalls
    ansible.builtin.set_fact: syscalls_found="{{ find_command.results | selectattr('matched')
      | map(attribute='item') | list }}"

  - name: Declare missing syscalls
    ansible.builtin.set_fact: missing_syscalls="{{ syscalls | difference(syscalls_found)
      }}"

  - name: Replace the audit rule in {{ audit_file }}
    ansible.builtin.lineinfile:
      path: '{{ audit_file }}'
      regexp: (-a always,exit -F arch=b64)(?=.*(?:(?:-S |,)(?:{{ syscalls_per_file[audit_file]
        | join("|") }}))\b)((?:( -S |,)\w+)+)( -F auid&gt;=1000 -F auid!=unset (?:-k
        |-F key=)\w+)
      line: \1\2\3{{ missing_syscalls | join("\3") }}\4
      backrefs: true
      state: present
      mode: g-rwx,o-rwx
    when: syscalls_found | length &gt; 0 and missing_syscalls | length &gt; 0

  - name: Add the audit rule to {{ audit_file }}
    ansible.builtin.lineinfile:
      path: '{{ audit_file }}'
      line: -a always,exit -F arch=b64 -S {{ syscalls | join(',') }} -F auid&gt;=1000
        -F auid!=unset -F key=export
      create: true
      mode: g-rwx,o-rwx
      state: present
    when: syscalls_found | length == 0

  - name: Declare list of syscalls
    ansible.builtin.set_fact:
      syscalls:
      - mount
      syscall_grouping: []

  - name: Check existence of mount in /etc/audit/audit.rules
    ansible.builtin.find:
      paths: /etc/audit
      contains: -a always,exit -F arch=b64(( -S |,)\w+)*(( -S |,){{ item }})+(( -S
        |,)\w+)* -F auid&gt;=1000 -F auid!=unset (-k\s+|-F\s+key=)\S+\s*$
      patterns: audit.rules
    register: find_command
    loop: '{{ (syscall_grouping + syscalls) | unique }}'

  - name: Set path to /etc/audit/audit.rules
    ansible.builtin.set_fact: audit_file="/etc/audit/audit.rules"

  - name: Declare found syscalls
    ansible.builtin.set_fact: syscalls_found="{{ find_command.results | selectattr('matched')
      | map(attribute='item') | list }}"

  - name: Declare missing syscalls
    ansible.builtin.set_fact: missing_syscalls="{{ syscalls | difference(syscalls_found)
      }}"

  - name: Replace the audit rule in {{ audit_file }}
    ansible.builtin.lineinfile:
      path: '{{ audit_file }}'
      regexp: (-a always,exit -F arch=b64)(?=.*(?:(?:-S |,)(?:{{ syscalls_found |
        join("|") }}))\b)((?:( -S |,)\w+)+)( -F auid&gt;=1000 -F auid!=unset (?:-k |-F
        key=)\w+)
      line: \1\2\3{{ missing_syscalls | join("\3") }}\4
      backrefs: true
      state: present
      mode: g-rwx,o-rwx
    when: syscalls_found | length &gt; 0 and missing_syscalls | length &gt; 0

  - name: Add the audit rule to {{ audit_file }}
    ansible.builtin.lineinfile:
      path: '{{ audit_file }}'
      line: -a always,exit -F arch=b64 -S {{ syscalls | join(',') }} -F auid&gt;=1000
        -F auid!=unset -F key=export
      create: true
      mode: g-rwx,o-rwx
      state: present
    when: syscalls_found | length == 0
  when:
  - '"audit" in ansible_facts.packages'
  - ("kernel-default" in ansible_facts.packages or "kernel-default-base" in ansible_facts.packages)
  - audit_arch == "b64"
  tags:
  - CCE-85718-5
  - CJIS-5.4.1.1
  - DISA-STIG-SLES-15-030350
  - NIST-800-171-3.1.7
  - NIST-800-53-AC-6(9)
  - NIST-800-53-AU-12(c)
  - NIST-800-53-AU-2(d)
  - NIST-800-53-CM-6(a)
  - PCI-DSS-Req-10.2.7
  - PCI-DSSv4-10.2
  - PCI-DSSv4-10.2.1
  - PCI-DSSv4-10.2.1.7
  - audit_rules_media_export
  - low_complexity
  - low_disruption
  - medium_severity
  - reboot_required
  - restrict_strategy
</fix>
        <check system="http://oval.mitre.org/XMLSchema/oval-definitions-5">
          <check-content-ref name="oval:ssg-audit_rules_media_export:def:1" href="ssg-sle15-oval.xml"/>
        </check>
        <check system="http://scap.nist.gov/schema/ocil/2">
          <check-content-ref name="ocil:ssg-audit_rules_media_export_ocil:questionnaire:1" href="ssg-sle15-ocil.xml"/>
        </check>
      </Rule>
      <Rule id="xccdf_org.ssgproject.content_rule_audit_rules_networkconfig_modification" selected="false" role="full" severity="medium">
        <title xmlns:xhtml="http://www.w3.org/1999/xhtml" xml:lang="en-US">Record Events that Modify the System's Network Environment</title>
        <description xmlns:xhtml="http://www.w3.org/1999/xhtml" xml:lang="en-US">If the <html:code xmlns:html="http://www.w3.org/1999/xhtml">auditd</html:code> daemon is configured to use the
<html:code xmlns:html="http://www.w3.org/1999/xhtml">augenrules</html:code> program to read audit rules during daemon startup (the
default), add the following lines to a file with suffix <html:code xmlns:html="http://www.w3.org/1999/xhtml">.rules</html:code> in the
directory <html:code xmlns:html="http://www.w3.org/1999/xhtml">/etc/audit/rules.d</html:code>, setting ARCH to either b32 for
32-bit system, or having two lines for both b32 and b64 in case your system
is 64-bit:
<html:pre xmlns:html="http://www.w3.org/1999/xhtml">-a always,exit -F arch=ARCH -S sethostname,setdomainname -F key=audit_rules_networkconfig_modification
-w /etc/issue -p wa -k audit_rules_networkconfig_modification
-w /etc/issue.net -p wa -k audit_rules_networkconfig_modification
-w /etc/hosts -p wa -k audit_rules_networkconfig_modification

-w /etc/sysconfig/network -p wa -k audit_rules_networkconfig_modification</html:pre>

If the <html:code xmlns:html="http://www.w3.org/1999/xhtml">auditd</html:code> daemon is configured to use the <html:code xmlns:html="http://www.w3.org/1999/xhtml">auditctl</html:code>
utility to read audit rules during daemon startup, add the following lines to
<html:code xmlns:html="http://www.w3.org/1999/xhtml">/etc/audit/audit.rules</html:code> file, setting ARCH to either b32 for
32-bit system, or having two lines for both b32 and b64 in case your system
is 64-bit:
<html:pre xmlns:html="http://www.w3.org/1999/xhtml">-a always,exit -F arch=ARCH -S sethostname,setdomainname -F key=audit_rules_networkconfig_modification
-w /etc/issue -p wa -k audit_rules_networkconfig_modification
-w /etc/issue.net -p wa -k audit_rules_networkconfig_modification
-w /etc/hosts -p wa -k audit_rules_networkconfig_modification
-w /etc/sysconfig/network -p wa -k audit_rules_networkconfig_modification</html:pre>
      </description>
        <reference href="https://www.cisecurity.org/controls/">1</reference>
        <reference href="https://www.cisecurity.org/controls/">11</reference>
        <reference href="https://www.cisecurity.org/controls/">12</reference>
        <reference href="https://www.cisecurity.org/controls/">13</reference>
        <reference href="https://www.cisecurity.org/controls/">14</reference>
        <reference href="https://www.cisecurity.org/controls/">15</reference>
        <reference href="https://www.cisecurity.org/controls/">16</reference>
        <reference href="https://www.cisecurity.org/controls/">19</reference>
        <reference href="https://www.cisecurity.org/controls/">2</reference>
        <reference href="https://www.cisecurity.org/controls/">3</reference>
        <reference href="https://www.cisecurity.org/controls/">4</reference>
        <reference href="https://www.cisecurity.org/controls/">5</reference>
        <reference href="https://www.cisecurity.org/controls/">6</reference>
        <reference href="https://www.cisecurity.org/controls/">7</reference>
        <reference href="https://www.cisecurity.org/controls/">8</reference>
        <reference href="https://www.cisecurity.org/controls/">9</reference>
        <reference href="https://www.fbi.gov/file-repository/cjis-security-policy-v5_5_20160601-2-1.pdf">5.4.1.1</reference>
        <reference href="https://www.isaca.org/resources/cobit">APO10.01</reference>
        <reference href="https://www.isaca.org/resources/cobit">APO10.03</reference>
        <reference href="https://www.isaca.org/resources/cobit">APO10.04</reference>
        <reference href="https://www.isaca.org/resources/cobit">APO10.05</reference>
        <reference href="https://www.isaca.org/resources/cobit">APO11.04</reference>
        <reference href="https://www.isaca.org/resources/cobit">APO12.06</reference>
        <reference href="https://www.isaca.org/resources/cobit">APO13.01</reference>
        <reference href="https://www.isaca.org/resources/cobit">BAI03.05</reference>
        <reference href="https://www.isaca.org/resources/cobit">BAI08.02</reference>
        <reference href="https://www.isaca.org/resources/cobit">DSS01.03</reference>
        <reference href="https://www.isaca.org/resources/cobit">DSS01.04</reference>
        <reference href="https://www.isaca.org/resources/cobit">DSS02.02</reference>
        <reference href="https://www.isaca.org/resources/cobit">DSS02.04</reference>
        <reference href="https://www.isaca.org/resources/cobit">DSS02.07</reference>
        <reference href="https://www.isaca.org/resources/cobit">DSS03.01</reference>
        <reference href="https://www.isaca.org/resources/cobit">DSS03.05</reference>
        <reference href="https://www.isaca.org/resources/cobit">DSS05.02</reference>
        <reference href="https://www.isaca.org/resources/cobit">DSS05.03</reference>
        <reference href="https://www.isaca.org/resources/cobit">DSS05.04</reference>
        <reference href="https://www.isaca.org/resources/cobit">DSS05.05</reference>
        <reference href="https://www.isaca.org/resources/cobit">DSS05.07</reference>
        <reference href="https://www.isaca.org/resources/cobit">MEA01.01</reference>
        <reference href="https://www.isaca.org/resources/cobit">MEA01.02</reference>
        <reference href="https://www.isaca.org/resources/cobit">MEA01.03</reference>
        <reference href="https://www.isaca.org/resources/cobit">MEA01.04</reference>
        <reference href="https://www.isaca.org/resources/cobit">MEA01.05</reference>
        <reference href="https://www.isaca.org/resources/cobit">MEA02.01</reference>
        <reference href="http://nvlpubs.nist.gov/nistpubs/SpecialPublications/NIST.SP.800-171.pdf">3.1.7</reference>
        <reference href="https://www.gpo.gov/fdsys/pkg/CFR-2007-title45-vol1/pdf/CFR-2007-title45-vol1-chapA-subchapC.pdf">164.308(a)(1)(ii)(D)</reference>
        <reference href="https://www.gpo.gov/fdsys/pkg/CFR-2007-title45-vol1/pdf/CFR-2007-title45-vol1-chapA-subchapC.pdf">164.308(a)(3)(ii)(A)</reference>
        <reference href="https://www.gpo.gov/fdsys/pkg/CFR-2007-title45-vol1/pdf/CFR-2007-title45-vol1-chapA-subchapC.pdf">164.308(a)(5)(ii)(C)</reference>
        <reference href="https://www.gpo.gov/fdsys/pkg/CFR-2007-title45-vol1/pdf/CFR-2007-title45-vol1-chapA-subchapC.pdf">164.312(a)(2)(i)</reference>
        <reference href="https://www.gpo.gov/fdsys/pkg/CFR-2007-title45-vol1/pdf/CFR-2007-title45-vol1-chapA-subchapC.pdf">164.312(b)</reference>
        <reference href="https://www.gpo.gov/fdsys/pkg/CFR-2007-title45-vol1/pdf/CFR-2007-title45-vol1-chapA-subchapC.pdf">164.312(d)</reference>
        <reference href="https://www.gpo.gov/fdsys/pkg/CFR-2007-title45-vol1/pdf/CFR-2007-title45-vol1-chapA-subchapC.pdf">164.312(e)</reference>
        <reference href="https://www.isa.org/products/isa-62443-2-1-2009-security-for-industrial-automat">4.2.3.10</reference>
        <reference href="https://www.isa.org/products/isa-62443-2-1-2009-security-for-industrial-automat">4.3.2.6.7</reference>
        <reference href="https://www.isa.org/products/isa-62443-2-1-2009-security-for-industrial-automat">4.3.3.3.9</reference>
        <reference href="https://www.isa.org/products/isa-62443-2-1-2009-security-for-industrial-automat">4.3.3.5.8</reference>
        <reference href="https://www.isa.org/products/isa-62443-2-1-2009-security-for-industrial-automat">4.3.3.6.6</reference>
        <reference href="https://www.isa.org/products/isa-62443-2-1-2009-security-for-industrial-automat">4.3.4.4.7</reference>
        <reference href="https://www.isa.org/products/isa-62443-2-1-2009-security-for-industrial-automat">4.3.4.5.6</reference>
        <reference href="https://www.isa.org/products/isa-62443-2-1-2009-security-for-industrial-automat">4.3.4.5.7</reference>
        <reference href="https://www.isa.org/products/isa-62443-2-1-2009-security-for-industrial-automat">4.3.4.5.8</reference>
        <reference href="https://www.isa.org/products/isa-62443-2-1-2009-security-for-industrial-automat">4.4.2.1</reference>
        <reference href="https://www.isa.org/products/isa-62443-2-1-2009-security-for-industrial-automat">4.4.2.2</reference>
        <reference href="https://www.isa.org/products/isa-62443-2-1-2009-security-for-industrial-automat">4.4.2.4</reference>
        <reference href="https://www.isa.org/products/ansi-isa-62443-3-3-99-03-03-2013-security-for-indu">SR 1.13</reference>
        <reference href="https://www.isa.org/products/ansi-isa-62443-3-3-99-03-03-2013-security-for-indu">SR 2.10</reference>
        <reference href="https://www.isa.org/products/ansi-isa-62443-3-3-99-03-03-2013-security-for-indu">SR 2.11</reference>
        <reference href="https://www.isa.org/products/ansi-isa-62443-3-3-99-03-03-2013-security-for-indu">SR 2.12</reference>
        <reference href="https://www.isa.org/products/ansi-isa-62443-3-3-99-03-03-2013-security-for-indu">SR 2.6</reference>
        <reference href="https://www.isa.org/products/ansi-isa-62443-3-3-99-03-03-2013-security-for-indu">SR 2.8</reference>
        <reference href="https://www.isa.org/products/ansi-isa-62443-3-3-99-03-03-2013-security-for-indu">SR 2.9</reference>
        <reference href="https://www.isa.org/products/ansi-isa-62443-3-3-99-03-03-2013-security-for-indu">SR 3.1</reference>
        <reference href="https://www.isa.org/products/ansi-isa-62443-3-3-99-03-03-2013-security-for-indu">SR 3.5</reference>
        <reference href="https://www.isa.org/products/ansi-isa-62443-3-3-99-03-03-2013-security-for-indu">SR 3.8</reference>
        <reference href="https://www.isa.org/products/ansi-isa-62443-3-3-99-03-03-2013-security-for-indu">SR 4.1</reference>
        <reference href="https://www.isa.org/products/ansi-isa-62443-3-3-99-03-03-2013-security-for-indu">SR 4.3</reference>
        <reference href="https://www.isa.org/products/ansi-isa-62443-3-3-99-03-03-2013-security-for-indu">SR 5.1</reference>
        <reference href="https://www.isa.org/products/ansi-isa-62443-3-3-99-03-03-2013-security-for-indu">SR 5.2</reference>
        <reference href="https://www.isa.org/products/ansi-isa-62443-3-3-99-03-03-2013-security-for-indu">SR 5.3</reference>
        <reference href="https://www.isa.org/products/ansi-isa-62443-3-3-99-03-03-2013-security-for-indu">SR 6.1</reference>
        <reference href="https://www.isa.org/products/ansi-isa-62443-3-3-99-03-03-2013-security-for-indu">SR 6.2</reference>
        <reference href="https://www.isa.org/products/ansi-isa-62443-3-3-99-03-03-2013-security-for-indu">SR 7.1</reference>
        <reference href="https://www.isa.org/products/ansi-isa-62443-3-3-99-03-03-2013-security-for-indu">SR 7.6</reference>
        <reference href="https://www.iso.org/contents/data/standard/05/45/54534.html">A.11.2.6</reference>
        <reference href="https://www.iso.org/contents/data/standard/05/45/54534.html">A.12.4.1</reference>
        <reference href="https://www.iso.org/contents/data/standard/05/45/54534.html">A.12.4.2</reference>
        <reference href="https://www.iso.org/contents/data/standard/05/45/54534.html">A.12.4.3</reference>
        <reference href="https://www.iso.org/contents/data/standard/05/45/54534.html">A.12.4.4</reference>
        <reference href="https://www.iso.org/contents/data/standard/05/45/54534.html">A.12.7.1</reference>
        <reference href="https://www.iso.org/contents/data/standard/05/45/54534.html">A.13.1.1</reference>
        <reference href="https://www.iso.org/contents/data/standard/05/45/54534.html">A.13.2.1</reference>
        <reference href="https://www.iso.org/contents/data/standard/05/45/54534.html">A.14.1.3</reference>
        <reference href="https://www.iso.org/contents/data/standard/05/45/54534.html">A.14.2.7</reference>
        <reference href="https://www.iso.org/contents/data/standard/05/45/54534.html">A.15.2.1</reference>
        <reference href="https://www.iso.org/contents/data/standard/05/45/54534.html">A.15.2.2</reference>
        <reference href="https://www.iso.org/contents/data/standard/05/45/54534.html">A.16.1.4</reference>
        <reference href="https://www.iso.org/contents/data/standard/05/45/54534.html">A.16.1.5</reference>
        <reference href="https://www.iso.org/contents/data/standard/05/45/54534.html">A.16.1.7</reference>
        <reference href="https://www.iso.org/contents/data/standard/05/45/54534.html">A.6.2.1</reference>
        <reference href="https://www.iso.org/contents/data/standard/05/45/54534.html">A.6.2.2</reference>
        <reference href="http://nvlpubs.nist.gov/nistpubs/SpecialPublications/NIST.SP.800-53r4.pdf">AU-2(d)</reference>
        <reference href="http://nvlpubs.nist.gov/nistpubs/SpecialPublications/NIST.SP.800-53r4.pdf">AU-12(c)</reference>
        <reference href="http://nvlpubs.nist.gov/nistpubs/SpecialPublications/NIST.SP.800-53r4.pdf">AC-6(9)</reference>
        <reference href="http://nvlpubs.nist.gov/nistpubs/SpecialPublications/NIST.SP.800-53r4.pdf">CM-6(a)</reference>
        <reference href="https://nvlpubs.nist.gov/nistpubs/CSWP/NIST.CSWP.04162018.pdf">DE.AE-3</reference>
        <reference href="https://nvlpubs.nist.gov/nistpubs/CSWP/NIST.CSWP.04162018.pdf">DE.AE-5</reference>
        <reference href="https://nvlpubs.nist.gov/nistpubs/CSWP/NIST.CSWP.04162018.pdf">DE.CM-1</reference>
        <reference href="https://nvlpubs.nist.gov/nistpubs/CSWP/NIST.CSWP.04162018.pdf">DE.CM-3</reference>
        <reference href="https://nvlpubs.nist.gov/nistpubs/CSWP/NIST.CSWP.04162018.pdf">DE.CM-7</reference>
        <reference href="https://nvlpubs.nist.gov/nistpubs/CSWP/NIST.CSWP.04162018.pdf">ID.SC-4</reference>
        <reference href="https://nvlpubs.nist.gov/nistpubs/CSWP/NIST.CSWP.04162018.pdf">PR.AC-3</reference>
        <reference href="https://nvlpubs.nist.gov/nistpubs/CSWP/NIST.CSWP.04162018.pdf">PR.PT-1</reference>
        <reference href="https://nvlpubs.nist.gov/nistpubs/CSWP/NIST.CSWP.04162018.pdf">PR.PT-4</reference>
        <reference href="https://nvlpubs.nist.gov/nistpubs/CSWP/NIST.CSWP.04162018.pdf">RS.AN-1</reference>
        <reference href="https://nvlpubs.nist.gov/nistpubs/CSWP/NIST.CSWP.04162018.pdf">RS.AN-4</reference>
        <reference href="https://www.pcisecuritystandards.org/documents/PCI_DSS_v3-2-1.pdf">Req-10.5.5</reference>
        <reference href="https://www.cisecurity.org/benchmark/suse_linux/">4.1.5</reference>
        <reference href="https://cyber.gouv.fr/sites/default/files/document/linux_configuration-en-v2.pdf">R73</reference>
        <reference href="not_publicly_available">SLES-15-750450195</reference>
        <reference href="https://www.cyber.gov.au/acsc/view-all-content/ism">0582</reference>
        <reference href="https://docs-prv.pcisecuritystandards.org/PCI%20DSS/Standard/PCI-DSS-v4_0.pdf">10.3.4</reference>
        <reference href="https://docs-prv.pcisecuritystandards.org/PCI%20DSS/Standard/PCI-DSS-v4_0.pdf">10.3</reference>
        <rationale xmlns:xhtml="http://www.w3.org/1999/xhtml" xml:lang="en-US">The network environment should not be modified by anything other
than administrator action. Any change to network parameters should be
audited.</rationale>
        <ident system="https://ncp.nist.gov/cce">CCE-85828-2</ident>
        <fix xmlns:xhtml="http://www.w3.org/1999/xhtml" id="audit_rules_networkconfig_modification" system="urn:xccdf:fix:script:sh"># Remediation is applicable only in certain platforms
if rpm --quiet -q audit &amp;&amp; rpm --quiet -q kernel-default || rpm --quiet -q kernel-default-base; then

# First perform the remediation of the syscall rule
# Retrieve hardware architecture of the underlying system
[ "$(getconf LONG_BIT)" = "32" ] &amp;&amp; RULE_ARCHS=("b32") || RULE_ARCHS=("b32" "b64")

for ARCH in "${RULE_ARCHS[@]}"
do
	ACTION_ARCH_FILTERS="-a always,exit -F arch=$ARCH"
	OTHER_FILTERS=""
	AUID_FILTERS=""
	SYSCALL="sethostname setdomainname"
	KEY="audit_rules_networkconfig_modification"
	SYSCALL_GROUPING="sethostname setdomainname"
	# Perform the remediation for both possible tools: 'auditctl' and 'augenrules'
	unset syscall_a
unset syscall_grouping
unset syscall_string
unset syscall
unset file_to_edit
unset rule_to_edit
unset rule_syscalls_to_edit
unset other_string
unset auid_string
unset full_rule

# Load macro arguments into arrays
read -a syscall_a &lt;&lt;&lt; $SYSCALL
read -a syscall_grouping &lt;&lt;&lt; $SYSCALL_GROUPING

# Create a list of audit *.rules files that should be inspected for presence and correctness
# of a particular audit rule. The scheme is as follows:
#
# -----------------------------------------------------------------------------------------
#  Tool used to load audit rules | Rule already defined  |  Audit rules file to inspect    |
# -----------------------------------------------------------------------------------------
#        auditctl                |     Doesn't matter    |  /etc/audit/audit.rules         |
# -----------------------------------------------------------------------------------------
#        augenrules              |          Yes          |  /etc/audit/rules.d/*.rules     |
#        augenrules              |          No           |  /etc/audit/rules.d/$key.rules  |
# -----------------------------------------------------------------------------------------
#
files_to_inspect=()

# If audit tool is 'augenrules', then check if the audit rule is defined
# If rule is defined, add '/etc/audit/rules.d/*.rules' to the list for inspection
# If rule isn't defined yet, add '/etc/audit/rules.d/$key.rules' to the list for inspection
default_file="/etc/audit/rules.d/$KEY.rules"
# As other_filters may include paths, lets use a different delimiter for it
# The "F" script expression tells sed to print the filenames where the expressions matched
readarray -t files_to_inspect &lt; &lt;(sed -s -n -e "/^$ACTION_ARCH_FILTERS/!d" -e "\#$OTHER_FILTERS#!d" -e "/$AUID_FILTERS/!d" -e "F" /etc/audit/rules.d/*.rules)
# Case when particular rule isn't defined in /etc/audit/rules.d/*.rules yet
if [ ${#files_to_inspect[@]} -eq "0" ]
then
    file_to_inspect="/etc/audit/rules.d/$KEY.rules"
    files_to_inspect=("$file_to_inspect")
    if [ ! -e "$file_to_inspect" ]
    then
        touch "$file_to_inspect"
        chmod 0600 "$file_to_inspect"
    fi
fi

# After converting to jinja, we cannot return; therefore we skip the rest of the macro if needed instead
skip=1

for audit_file in "${files_to_inspect[@]}"
do
    # Filter existing $audit_file rules' definitions to select those that satisfy the rule pattern,
    # i.e, collect rules that match:
    # * the action, list and arch, (2-nd argument)
    # * the other filters, (3-rd argument)
    # * the auid filters, (4-rd argument)
    readarray -t similar_rules &lt; &lt;(sed -e "/^$ACTION_ARCH_FILTERS/!d"  -e "\#$OTHER_FILTERS#!d" -e "/$AUID_FILTERS/!d" "$audit_file")

    candidate_rules=()
    # Filter out rules that have more fields then required. This will remove rules more specific than the required scope
    for s_rule in "${similar_rules[@]}"
    do
        # Strip all the options and fields we know of,
        # than check if there was any field left over
        extra_fields=$(sed -E -e "s/^$ACTION_ARCH_FILTERS//"  -e "s#$OTHER_FILTERS##" -e "s/$AUID_FILTERS//" -e "s/((:?-S [[:alnum:],]+)+)//g" -e "s/-F key=\w+|-k \w+//"&lt;&lt;&lt; "$s_rule")
        grep -q -- "-F" &lt;&lt;&lt; "$extra_fields" || candidate_rules+=("$s_rule")
    done

    if [[ ${#syscall_a[@]} -ge 1 ]]
    then
        # Check if the syscall we want is present in any of the similar existing rules
        for rule in "${candidate_rules[@]}"
        do
            rule_syscalls=$(echo "$rule" | grep -o -P '(-S [\w,]+)+' | xargs)
            all_syscalls_found=0
            for syscall in "${syscall_a[@]}"
            do
                grep -q -- "\b${syscall}\b" &lt;&lt;&lt; "$rule_syscalls" || {
                   # A syscall was not found in the candidate rule
                   all_syscalls_found=1
                   }
            done
            if [[ $all_syscalls_found -eq 0 ]]
            then
                # We found a rule with all the syscall(s) we want; skip rest of macro
                skip=0
                break
            fi

            # Check if this rule can be grouped with our target syscall and keep track of it
            for syscall_g in "${syscall_grouping[@]}"
            do
                if grep -q -- "\b${syscall_g}\b" &lt;&lt;&lt; "$rule_syscalls"
                then
                    file_to_edit=${audit_file}
                    rule_to_edit=${rule}
                    rule_syscalls_to_edit=${rule_syscalls}
                fi
            done
        done
    else
        # If there is any candidate rule, it is compliant; skip rest of macro
        if [ "${#candidate_rules[@]}" -gt 0 ]
        then
            skip=0
        fi
    fi

    if [ "$skip" -eq 0 ]; then
        break
    fi
done

if [ "$skip" -ne 0 ]; then
    # We checked all rules that matched the expected resemblance pattern (action, arch &amp; auid)
    # At this point we know if we need to either append the $full_rule or group
    # the syscall together with an exsiting rule

    # Append the full_rule if it cannot be grouped to any other rule
    if [ -z ${rule_to_edit+x} ]
    then
        # Build full_rule while avoid adding double spaces when other_filters is empty
        if [ "${#syscall_a[@]}" -gt 0 ]
        then
            syscall_string=""
            for syscall in "${syscall_a[@]}"
            do
                syscall_string+=" -S $syscall"
            done
        fi
        other_string=$([[ $OTHER_FILTERS ]] &amp;&amp; echo " $OTHER_FILTERS") || /bin/true
        auid_string=$([[ $AUID_FILTERS ]] &amp;&amp; echo " $AUID_FILTERS") || /bin/true
        full_rule="$ACTION_ARCH_FILTERS${syscall_string}${other_string}${auid_string} -F key=$KEY" || /bin/true
        echo "$full_rule" &gt;&gt; "$default_file"
        chmod 0600 ${default_file}
    else
        # Check if the syscalls are declared as a comma separated list or
        # as multiple -S parameters
        if grep -q -- "," &lt;&lt;&lt; "${rule_syscalls_to_edit}"
        then
            delimiter=","
        else
            delimiter=" -S "
        fi
        new_grouped_syscalls="${rule_syscalls_to_edit}"
        for syscall in "${syscall_a[@]}"
        do
            grep -q -- "\b${syscall}\b" &lt;&lt;&lt; "${rule_syscalls_to_edit}" || {
               # A syscall was not found in the candidate rule
               new_grouped_syscalls+="${delimiter}${syscall}"
               }
        done

        # Group the syscall in the rule
        sed -i -e "\#${rule_to_edit}#s#${rule_syscalls_to_edit}#${new_grouped_syscalls}#" "$file_to_edit"
    fi
fi
	unset syscall_a
unset syscall_grouping
unset syscall_string
unset syscall
unset file_to_edit
unset rule_to_edit
unset rule_syscalls_to_edit
unset other_string
unset auid_string
unset full_rule

# Load macro arguments into arrays
read -a syscall_a &lt;&lt;&lt; $SYSCALL
read -a syscall_grouping &lt;&lt;&lt; $SYSCALL_GROUPING

# Create a list of audit *.rules files that should be inspected for presence and correctness
# of a particular audit rule. The scheme is as follows:
#
# -----------------------------------------------------------------------------------------
#  Tool used to load audit rules | Rule already defined  |  Audit rules file to inspect    |
# -----------------------------------------------------------------------------------------
#        auditctl                |     Doesn't matter    |  /etc/audit/audit.rules         |
# -----------------------------------------------------------------------------------------
#        augenrules              |          Yes          |  /etc/audit/rules.d/*.rules     |
#        augenrules              |          No           |  /etc/audit/rules.d/$key.rules  |
# -----------------------------------------------------------------------------------------
#
files_to_inspect=()


# If audit tool is 'auditctl', then add '/etc/audit/audit.rules'
# file to the list of files to be inspected
default_file="/etc/audit/audit.rules"
files_to_inspect+=('/etc/audit/audit.rules' )

# After converting to jinja, we cannot return; therefore we skip the rest of the macro if needed instead
skip=1

for audit_file in "${files_to_inspect[@]}"
do
    # Filter existing $audit_file rules' definitions to select those that satisfy the rule pattern,
    # i.e, collect rules that match:
    # * the action, list and arch, (2-nd argument)
    # * the other filters, (3-rd argument)
    # * the auid filters, (4-rd argument)
    readarray -t similar_rules &lt; &lt;(sed -e "/^$ACTION_ARCH_FILTERS/!d"  -e "\#$OTHER_FILTERS#!d" -e "/$AUID_FILTERS/!d" "$audit_file")

    candidate_rules=()
    # Filter out rules that have more fields then required. This will remove rules more specific than the required scope
    for s_rule in "${similar_rules[@]}"
    do
        # Strip all the options and fields we know of,
        # than check if there was any field left over
        extra_fields=$(sed -E -e "s/^$ACTION_ARCH_FILTERS//"  -e "s#$OTHER_FILTERS##" -e "s/$AUID_FILTERS//" -e "s/((:?-S [[:alnum:],]+)+)//g" -e "s/-F key=\w+|-k \w+//"&lt;&lt;&lt; "$s_rule")
        grep -q -- "-F" &lt;&lt;&lt; "$extra_fields" || candidate_rules+=("$s_rule")
    done

    if [[ ${#syscall_a[@]} -ge 1 ]]
    then
        # Check if the syscall we want is present in any of the similar existing rules
        for rule in "${candidate_rules[@]}"
        do
            rule_syscalls=$(echo "$rule" | grep -o -P '(-S [\w,]+)+' | xargs)
            all_syscalls_found=0
            for syscall in "${syscall_a[@]}"
            do
                grep -q -- "\b${syscall}\b" &lt;&lt;&lt; "$rule_syscalls" || {
                   # A syscall was not found in the candidate rule
                   all_syscalls_found=1
                   }
            done
            if [[ $all_syscalls_found -eq 0 ]]
            then
                # We found a rule with all the syscall(s) we want; skip rest of macro
                skip=0
                break
            fi

            # Check if this rule can be grouped with our target syscall and keep track of it
            for syscall_g in "${syscall_grouping[@]}"
            do
                if grep -q -- "\b${syscall_g}\b" &lt;&lt;&lt; "$rule_syscalls"
                then
                    file_to_edit=${audit_file}
                    rule_to_edit=${rule}
                    rule_syscalls_to_edit=${rule_syscalls}
                fi
            done
        done
    else
        # If there is any candidate rule, it is compliant; skip rest of macro
        if [ "${#candidate_rules[@]}" -gt 0 ]
        then
            skip=0
        fi
    fi

    if [ "$skip" -eq 0 ]; then
        break
    fi
done

if [ "$skip" -ne 0 ]; then
    # We checked all rules that matched the expected resemblance pattern (action, arch &amp; auid)
    # At this point we know if we need to either append the $full_rule or group
    # the syscall together with an exsiting rule

    # Append the full_rule if it cannot be grouped to any other rule
    if [ -z ${rule_to_edit+x} ]
    then
        # Build full_rule while avoid adding double spaces when other_filters is empty
        if [ "${#syscall_a[@]}" -gt 0 ]
        then
            syscall_string=""
            for syscall in "${syscall_a[@]}"
            do
                syscall_string+=" -S $syscall"
            done
        fi
        other_string=$([[ $OTHER_FILTERS ]] &amp;&amp; echo " $OTHER_FILTERS") || /bin/true
        auid_string=$([[ $AUID_FILTERS ]] &amp;&amp; echo " $AUID_FILTERS") || /bin/true
        full_rule="$ACTION_ARCH_FILTERS${syscall_string}${other_string}${auid_string} -F key=$KEY" || /bin/true
        echo "$full_rule" &gt;&gt; "$default_file"
        chmod 0600 ${default_file}
    else
        # Check if the syscalls are declared as a comma separated list or
        # as multiple -S parameters
        if grep -q -- "," &lt;&lt;&lt; "${rule_syscalls_to_edit}"
        then
            delimiter=","
        else
            delimiter=" -S "
        fi
        new_grouped_syscalls="${rule_syscalls_to_edit}"
        for syscall in "${syscall_a[@]}"
        do
            grep -q -- "\b${syscall}\b" &lt;&lt;&lt; "${rule_syscalls_to_edit}" || {
               # A syscall was not found in the candidate rule
               new_grouped_syscalls+="${delimiter}${syscall}"
               }
        done

        # Group the syscall in the rule
        sed -i -e "\#${rule_to_edit}#s#${rule_syscalls_to_edit}#${new_grouped_syscalls}#" "$file_to_edit"
    fi
fi
done

# Then perform the remediations for the watch rules
# Perform the remediation for both possible tools: 'auditctl' and 'augenrules'
# Create a list of audit *.rules files that should be inspected for presence and correctness
# of a particular audit rule. The scheme is as follows:
#
# -----------------------------------------------------------------------------------------
# Tool used to load audit rules	| Rule already defined	|  Audit rules file to inspect	  |
# -----------------------------------------------------------------------------------------
#	auditctl		|     Doesn't matter	|  /etc/audit/audit.rules	  |
# -----------------------------------------------------------------------------------------
# 	augenrules		|          Yes		|  /etc/audit/rules.d/*.rules	  |
# 	augenrules		|          No		|  /etc/audit/rules.d/$key.rules  |
# -----------------------------------------------------------------------------------------
files_to_inspect=()


# If the audit tool is 'auditctl', then add '/etc/audit/audit.rules'
# into the list of files to be inspected
files_to_inspect+=('/etc/audit/audit.rules')

# Finally perform the inspection and possible subsequent audit rule
# correction for each of the files previously identified for inspection
for audit_rules_file in "${files_to_inspect[@]}"
do
    # Check if audit watch file system object rule for given path already present

    if grep -q -P -- "^[\s]*-w[\s]+/etc/issue" "$audit_rules_file"

    then
        # Rule is found =&gt; verify yet if existing rule definition contains
        # all of the required access type bits

        # Define BRE whitespace class shortcut
        sp="[[:space:]]"
        # Extract current permission access types (e.g. -p [r|w|x|a] values) from audit rule

        current_access_bits=$(sed -ne "s#$sp*-w$sp\+/etc/issue $sp\+-p$sp\+\([rxwa]\{1,4\}\).*#\1#p" "$audit_rules_file")

        # Split required access bits string into characters array
        # (to check bit's presence for one bit at a time)
        for access_bit in $(echo "wa" | grep -o .)
        do
            # For each from the required access bits (e.g. 'w', 'a') check
            # if they are already present in current access bits for rule.
            # If not, append that bit at the end
            if ! grep -q "$access_bit" &lt;&lt;&lt; "$current_access_bits"
            then
                # Concatenate the existing mask with the missing bit
                current_access_bits="$current_access_bits$access_bit"
            fi
        done
        # Propagate the updated rule's access bits (original + the required
        # ones) back into the /etc/audit/audit.rules file for that rule

        sed -i "s#\($sp*-w$sp\+/etc/issue$sp\+-p$sp\+\)\([rxwa]\{1,4\}\)\(.*\)#\1$current_access_bits\3#" "$audit_rules_file"

    else
        # Rule isn't present yet. Append it at the end of $audit_rules_file file
        # with proper key


        echo "-w /etc/issue -p wa -k audit_rules_networkconfig_modification" &gt;&gt; "$audit_rules_file"

    fi
done
# Create a list of audit *.rules files that should be inspected for presence and correctness
# of a particular audit rule. The scheme is as follows:
#
# -----------------------------------------------------------------------------------------
# Tool used to load audit rules	| Rule already defined	|  Audit rules file to inspect	  |
# -----------------------------------------------------------------------------------------
#	auditctl		|     Doesn't matter	|  /etc/audit/audit.rules	  |
# -----------------------------------------------------------------------------------------
# 	augenrules		|          Yes		|  /etc/audit/rules.d/*.rules	  |
# 	augenrules		|          No		|  /etc/audit/rules.d/$key.rules  |
# -----------------------------------------------------------------------------------------
files_to_inspect=()

# If the audit is 'augenrules', then check if rule is already defined
# If rule is defined, add '/etc/audit/rules.d/*.rules' to list of files for inspection.
# If rule isn't defined, add '/etc/audit/rules.d/audit_rules_networkconfig_modification.rules' to list of files for inspection.

readarray -t matches &lt; &lt;(grep -HP "[\s]*-w[\s]+/etc/issue" /etc/audit/rules.d/*.rules)


# For each of the matched entries
for match in "${matches[@]}"
do
    # Extract filepath from the match
    rulesd_audit_file=$(echo $match | cut -f1 -d ':')
    # Append that path into list of files for inspection
    files_to_inspect+=("$rulesd_audit_file")
done
# Case when particular audit rule isn't defined yet
if [ "${#files_to_inspect[@]}" -eq "0" ]
then
    # Append '/etc/audit/rules.d/audit_rules_networkconfig_modification.rules' into list of files for inspection
    key_rule_file="/etc/audit/rules.d/audit_rules_networkconfig_modification.rules"
    # If the audit_rules_networkconfig_modification.rules file doesn't exist yet, create it with correct permissions
    if [ ! -e "$key_rule_file" ]
    then
        touch "$key_rule_file"
        chmod 0600 "$key_rule_file"
    fi
    files_to_inspect+=("$key_rule_file")
fi

# Finally perform the inspection and possible subsequent audit rule
# correction for each of the files previously identified for inspection
for audit_rules_file in "${files_to_inspect[@]}"
do
    # Check if audit watch file system object rule for given path already present

    if grep -q -P -- "^[\s]*-w[\s]+/etc/issue" "$audit_rules_file"

    then
        # Rule is found =&gt; verify yet if existing rule definition contains
        # all of the required access type bits

        # Define BRE whitespace class shortcut
        sp="[[:space:]]"
        # Extract current permission access types (e.g. -p [r|w|x|a] values) from audit rule

        current_access_bits=$(sed -ne "s#$sp*-w$sp\+/etc/issue $sp\+-p$sp\+\([rxwa]\{1,4\}\).*#\1#p" "$audit_rules_file")

        # Split required access bits string into characters array
        # (to check bit's presence for one bit at a time)
        for access_bit in $(echo "wa" | grep -o .)
        do
            # For each from the required access bits (e.g. 'w', 'a') check
            # if they are already present in current access bits for rule.
            # If not, append that bit at the end
            if ! grep -q "$access_bit" &lt;&lt;&lt; "$current_access_bits"
            then
                # Concatenate the existing mask with the missing bit
                current_access_bits="$current_access_bits$access_bit"
            fi
        done
        # Propagate the updated rule's access bits (original + the required
        # ones) back into the /etc/audit/audit.rules file for that rule

        sed -i "s#\($sp*-w$sp\+/etc/issue$sp\+-p$sp\+\)\([rxwa]\{1,4\}\)\(.*\)#\1$current_access_bits\3#" "$audit_rules_file"

    else
        # Rule isn't present yet. Append it at the end of $audit_rules_file file
        # with proper key


        echo "-w /etc/issue -p wa -k audit_rules_networkconfig_modification" &gt;&gt; "$audit_rules_file"

    fi
done
# Create a list of audit *.rules files that should be inspected for presence and correctness
# of a particular audit rule. The scheme is as follows:
#
# -----------------------------------------------------------------------------------------
# Tool used to load audit rules	| Rule already defined	|  Audit rules file to inspect	  |
# -----------------------------------------------------------------------------------------
#	auditctl		|     Doesn't matter	|  /etc/audit/audit.rules	  |
# -----------------------------------------------------------------------------------------
# 	augenrules		|          Yes		|  /etc/audit/rules.d/*.rules	  |
# 	augenrules		|          No		|  /etc/audit/rules.d/$key.rules  |
# -----------------------------------------------------------------------------------------
files_to_inspect=()


# If the audit tool is 'auditctl', then add '/etc/audit/audit.rules'
# into the list of files to be inspected
files_to_inspect+=('/etc/audit/audit.rules')

# Finally perform the inspection and possible subsequent audit rule
# correction for each of the files previously identified for inspection
for audit_rules_file in "${files_to_inspect[@]}"
do
    # Check if audit watch file system object rule for given path already present

    if grep -q -P -- "^[\s]*-w[\s]+/etc/issue.net" "$audit_rules_file"

    then
        # Rule is found =&gt; verify yet if existing rule definition contains
        # all of the required access type bits

        # Define BRE whitespace class shortcut
        sp="[[:space:]]"
        # Extract current permission access types (e.g. -p [r|w|x|a] values) from audit rule

        current_access_bits=$(sed -ne "s#$sp*-w$sp\+/etc/issue.net $sp\+-p$sp\+\([rxwa]\{1,4\}\).*#\1#p" "$audit_rules_file")

        # Split required access bits string into characters array
        # (to check bit's presence for one bit at a time)
        for access_bit in $(echo "wa" | grep -o .)
        do
            # For each from the required access bits (e.g. 'w', 'a') check
            # if they are already present in current access bits for rule.
            # If not, append that bit at the end
            if ! grep -q "$access_bit" &lt;&lt;&lt; "$current_access_bits"
            then
                # Concatenate the existing mask with the missing bit
                current_access_bits="$current_access_bits$access_bit"
            fi
        done
        # Propagate the updated rule's access bits (original + the required
        # ones) back into the /etc/audit/audit.rules file for that rule

        sed -i "s#\($sp*-w$sp\+/etc/issue.net$sp\+-p$sp\+\)\([rxwa]\{1,4\}\)\(.*\)#\1$current_access_bits\3#" "$audit_rules_file"

    else
        # Rule isn't present yet. Append it at the end of $audit_rules_file file
        # with proper key


        echo "-w /etc/issue.net -p wa -k audit_rules_networkconfig_modification" &gt;&gt; "$audit_rules_file"

    fi
done
# Create a list of audit *.rules files that should be inspected for presence and correctness
# of a particular audit rule. The scheme is as follows:
#
# -----------------------------------------------------------------------------------------
# Tool used to load audit rules	| Rule already defined	|  Audit rules file to inspect	  |
# -----------------------------------------------------------------------------------------
#	auditctl		|     Doesn't matter	|  /etc/audit/audit.rules	  |
# -----------------------------------------------------------------------------------------
# 	augenrules		|          Yes		|  /etc/audit/rules.d/*.rules	  |
# 	augenrules		|          No		|  /etc/audit/rules.d/$key.rules  |
# -----------------------------------------------------------------------------------------
files_to_inspect=()

# If the audit is 'augenrules', then check if rule is already defined
# If rule is defined, add '/etc/audit/rules.d/*.rules' to list of files for inspection.
# If rule isn't defined, add '/etc/audit/rules.d/audit_rules_networkconfig_modification.rules' to list of files for inspection.

readarray -t matches &lt; &lt;(grep -HP "[\s]*-w[\s]+/etc/issue.net" /etc/audit/rules.d/*.rules)


# For each of the matched entries
for match in "${matches[@]}"
do
    # Extract filepath from the match
    rulesd_audit_file=$(echo $match | cut -f1 -d ':')
    # Append that path into list of files for inspection
    files_to_inspect+=("$rulesd_audit_file")
done
# Case when particular audit rule isn't defined yet
if [ "${#files_to_inspect[@]}" -eq "0" ]
then
    # Append '/etc/audit/rules.d/audit_rules_networkconfig_modification.rules' into list of files for inspection
    key_rule_file="/etc/audit/rules.d/audit_rules_networkconfig_modification.rules"
    # If the audit_rules_networkconfig_modification.rules file doesn't exist yet, create it with correct permissions
    if [ ! -e "$key_rule_file" ]
    then
        touch "$key_rule_file"
        chmod 0600 "$key_rule_file"
    fi
    files_to_inspect+=("$key_rule_file")
fi

# Finally perform the inspection and possible subsequent audit rule
# correction for each of the files previously identified for inspection
for audit_rules_file in "${files_to_inspect[@]}"
do
    # Check if audit watch file system object rule for given path already present

    if grep -q -P -- "^[\s]*-w[\s]+/etc/issue.net" "$audit_rules_file"

    then
        # Rule is found =&gt; verify yet if existing rule definition contains
        # all of the required access type bits

        # Define BRE whitespace class shortcut
        sp="[[:space:]]"
        # Extract current permission access types (e.g. -p [r|w|x|a] values) from audit rule

        current_access_bits=$(sed -ne "s#$sp*-w$sp\+/etc/issue.net $sp\+-p$sp\+\([rxwa]\{1,4\}\).*#\1#p" "$audit_rules_file")

        # Split required access bits string into characters array
        # (to check bit's presence for one bit at a time)
        for access_bit in $(echo "wa" | grep -o .)
        do
            # For each from the required access bits (e.g. 'w', 'a') check
            # if they are already present in current access bits for rule.
            # If not, append that bit at the end
            if ! grep -q "$access_bit" &lt;&lt;&lt; "$current_access_bits"
            then
                # Concatenate the existing mask with the missing bit
                current_access_bits="$current_access_bits$access_bit"
            fi
        done
        # Propagate the updated rule's access bits (original + the required
        # ones) back into the /etc/audit/audit.rules file for that rule

        sed -i "s#\($sp*-w$sp\+/etc/issue.net$sp\+-p$sp\+\)\([rxwa]\{1,4\}\)\(.*\)#\1$current_access_bits\3#" "$audit_rules_file"

    else
        # Rule isn't present yet. Append it at the end of $audit_rules_file file
        # with proper key


        echo "-w /etc/issue.net -p wa -k audit_rules_networkconfig_modification" &gt;&gt; "$audit_rules_file"

    fi
done
# Create a list of audit *.rules files that should be inspected for presence and correctness
# of a particular audit rule. The scheme is as follows:
#
# -----------------------------------------------------------------------------------------
# Tool used to load audit rules	| Rule already defined	|  Audit rules file to inspect	  |
# -----------------------------------------------------------------------------------------
#	auditctl		|     Doesn't matter	|  /etc/audit/audit.rules	  |
# -----------------------------------------------------------------------------------------
# 	augenrules		|          Yes		|  /etc/audit/rules.d/*.rules	  |
# 	augenrules		|          No		|  /etc/audit/rules.d/$key.rules  |
# -----------------------------------------------------------------------------------------
files_to_inspect=()


# If the audit tool is 'auditctl', then add '/etc/audit/audit.rules'
# into the list of files to be inspected
files_to_inspect+=('/etc/audit/audit.rules')

# Finally perform the inspection and possible subsequent audit rule
# correction for each of the files previously identified for inspection
for audit_rules_file in "${files_to_inspect[@]}"
do
    # Check if audit watch file system object rule for given path already present

    if grep -q -P -- "^[\s]*-w[\s]+/etc/hosts" "$audit_rules_file"

    then
        # Rule is found =&gt; verify yet if existing rule definition contains
        # all of the required access type bits

        # Define BRE whitespace class shortcut
        sp="[[:space:]]"
        # Extract current permission access types (e.g. -p [r|w|x|a] values) from audit rule

        current_access_bits=$(sed -ne "s#$sp*-w$sp\+/etc/hosts $sp\+-p$sp\+\([rxwa]\{1,4\}\).*#\1#p" "$audit_rules_file")

        # Split required access bits string into characters array
        # (to check bit's presence for one bit at a time)
        for access_bit in $(echo "wa" | grep -o .)
        do
            # For each from the required access bits (e.g. 'w', 'a') check
            # if they are already present in current access bits for rule.
            # If not, append that bit at the end
            if ! grep -q "$access_bit" &lt;&lt;&lt; "$current_access_bits"
            then
                # Concatenate the existing mask with the missing bit
                current_access_bits="$current_access_bits$access_bit"
            fi
        done
        # Propagate the updated rule's access bits (original + the required
        # ones) back into the /etc/audit/audit.rules file for that rule

        sed -i "s#\($sp*-w$sp\+/etc/hosts$sp\+-p$sp\+\)\([rxwa]\{1,4\}\)\(.*\)#\1$current_access_bits\3#" "$audit_rules_file"

    else
        # Rule isn't present yet. Append it at the end of $audit_rules_file file
        # with proper key


        echo "-w /etc/hosts -p wa -k audit_rules_networkconfig_modification" &gt;&gt; "$audit_rules_file"

    fi
done
# Create a list of audit *.rules files that should be inspected for presence and correctness
# of a particular audit rule. The scheme is as follows:
#
# -----------------------------------------------------------------------------------------
# Tool used to load audit rules	| Rule already defined	|  Audit rules file to inspect	  |
# -----------------------------------------------------------------------------------------
#	auditctl		|     Doesn't matter	|  /etc/audit/audit.rules	  |
# -----------------------------------------------------------------------------------------
# 	augenrules		|          Yes		|  /etc/audit/rules.d/*.rules	  |
# 	augenrules		|          No		|  /etc/audit/rules.d/$key.rules  |
# -----------------------------------------------------------------------------------------
files_to_inspect=()

# If the audit is 'augenrules', then check if rule is already defined
# If rule is defined, add '/etc/audit/rules.d/*.rules' to list of files for inspection.
# If rule isn't defined, add '/etc/audit/rules.d/audit_rules_networkconfig_modification.rules' to list of files for inspection.

readarray -t matches &lt; &lt;(grep -HP "[\s]*-w[\s]+/etc/hosts" /etc/audit/rules.d/*.rules)


# For each of the matched entries
for match in "${matches[@]}"
do
    # Extract filepath from the match
    rulesd_audit_file=$(echo $match | cut -f1 -d ':')
    # Append that path into list of files for inspection
    files_to_inspect+=("$rulesd_audit_file")
done
# Case when particular audit rule isn't defined yet
if [ "${#files_to_inspect[@]}" -eq "0" ]
then
    # Append '/etc/audit/rules.d/audit_rules_networkconfig_modification.rules' into list of files for inspection
    key_rule_file="/etc/audit/rules.d/audit_rules_networkconfig_modification.rules"
    # If the audit_rules_networkconfig_modification.rules file doesn't exist yet, create it with correct permissions
    if [ ! -e "$key_rule_file" ]
    then
        touch "$key_rule_file"
        chmod 0600 "$key_rule_file"
    fi
    files_to_inspect+=("$key_rule_file")
fi

# Finally perform the inspection and possible subsequent audit rule
# correction for each of the files previously identified for inspection
for audit_rules_file in "${files_to_inspect[@]}"
do
    # Check if audit watch file system object rule for given path already present

    if grep -q -P -- "^[\s]*-w[\s]+/etc/hosts" "$audit_rules_file"

    then
        # Rule is found =&gt; verify yet if existing rule definition contains
        # all of the required access type bits

        # Define BRE whitespace class shortcut
        sp="[[:space:]]"
        # Extract current permission access types (e.g. -p [r|w|x|a] values) from audit rule

        current_access_bits=$(sed -ne "s#$sp*-w$sp\+/etc/hosts $sp\+-p$sp\+\([rxwa]\{1,4\}\).*#\1#p" "$audit_rules_file")

        # Split required access bits string into characters array
        # (to check bit's presence for one bit at a time)
        for access_bit in $(echo "wa" | grep -o .)
        do
            # For each from the required access bits (e.g. 'w', 'a') check
            # if they are already present in current access bits for rule.
            # If not, append that bit at the end
            if ! grep -q "$access_bit" &lt;&lt;&lt; "$current_access_bits"
            then
                # Concatenate the existing mask with the missing bit
                current_access_bits="$current_access_bits$access_bit"
            fi
        done
        # Propagate the updated rule's access bits (original + the required
        # ones) back into the /etc/audit/audit.rules file for that rule

        sed -i "s#\($sp*-w$sp\+/etc/hosts$sp\+-p$sp\+\)\([rxwa]\{1,4\}\)\(.*\)#\1$current_access_bits\3#" "$audit_rules_file"

    else
        # Rule isn't present yet. Append it at the end of $audit_rules_file file
        # with proper key


        echo "-w /etc/hosts -p wa -k audit_rules_networkconfig_modification" &gt;&gt; "$audit_rules_file"

    fi
done

# Create a list of audit *.rules files that should be inspected for presence and correctness
# of a particular audit rule. The scheme is as follows:
#
# -----------------------------------------------------------------------------------------
# Tool used to load audit rules	| Rule already defined	|  Audit rules file to inspect	  |
# -----------------------------------------------------------------------------------------
#	auditctl		|     Doesn't matter	|  /etc/audit/audit.rules	  |
# -----------------------------------------------------------------------------------------
# 	augenrules		|          Yes		|  /etc/audit/rules.d/*.rules	  |
# 	augenrules		|          No		|  /etc/audit/rules.d/$key.rules  |
# -----------------------------------------------------------------------------------------
files_to_inspect=()


# If the audit tool is 'auditctl', then add '/etc/audit/audit.rules'
# into the list of files to be inspected
files_to_inspect+=('/etc/audit/audit.rules')

# Finally perform the inspection and possible subsequent audit rule
# correction for each of the files previously identified for inspection
for audit_rules_file in "${files_to_inspect[@]}"
do
    # Check if audit watch file system object rule for given path already present

    if grep -q -P -- "^[\s]*-w[\s]+/etc/sysconfig/network" "$audit_rules_file"

    then
        # Rule is found =&gt; verify yet if existing rule definition contains
        # all of the required access type bits

        # Define BRE whitespace class shortcut
        sp="[[:space:]]"
        # Extract current permission access types (e.g. -p [r|w|x|a] values) from audit rule

        current_access_bits=$(sed -ne "s#$sp*-w$sp\+/etc/sysconfig/network $sp\+-p$sp\+\([rxwa]\{1,4\}\).*#\1#p" "$audit_rules_file")

        # Split required access bits string into characters array
        # (to check bit's presence for one bit at a time)
        for access_bit in $(echo "wa" | grep -o .)
        do
            # For each from the required access bits (e.g. 'w', 'a') check
            # if they are already present in current access bits for rule.
            # If not, append that bit at the end
            if ! grep -q "$access_bit" &lt;&lt;&lt; "$current_access_bits"
            then
                # Concatenate the existing mask with the missing bit
                current_access_bits="$current_access_bits$access_bit"
            fi
        done
        # Propagate the updated rule's access bits (original + the required
        # ones) back into the /etc/audit/audit.rules file for that rule

        sed -i "s#\($sp*-w$sp\+/etc/sysconfig/network$sp\+-p$sp\+\)\([rxwa]\{1,4\}\)\(.*\)#\1$current_access_bits\3#" "$audit_rules_file"

    else
        # Rule isn't present yet. Append it at the end of $audit_rules_file file
        # with proper key


        echo "-w /etc/sysconfig/network -p wa -k audit_rules_networkconfig_modification" &gt;&gt; "$audit_rules_file"

    fi
done
# Create a list of audit *.rules files that should be inspected for presence and correctness
# of a particular audit rule. The scheme is as follows:
#
# -----------------------------------------------------------------------------------------
# Tool used to load audit rules	| Rule already defined	|  Audit rules file to inspect	  |
# -----------------------------------------------------------------------------------------
#	auditctl		|     Doesn't matter	|  /etc/audit/audit.rules	  |
# -----------------------------------------------------------------------------------------
# 	augenrules		|          Yes		|  /etc/audit/rules.d/*.rules	  |
# 	augenrules		|          No		|  /etc/audit/rules.d/$key.rules  |
# -----------------------------------------------------------------------------------------
files_to_inspect=()

# If the audit is 'augenrules', then check if rule is already defined
# If rule is defined, add '/etc/audit/rules.d/*.rules' to list of files for inspection.
# If rule isn't defined, add '/etc/audit/rules.d/audit_rules_networkconfig_modification.rules' to list of files for inspection.

readarray -t matches &lt; &lt;(grep -HP "[\s]*-w[\s]+/etc/sysconfig/network" /etc/audit/rules.d/*.rules)


# For each of the matched entries
for match in "${matches[@]}"
do
    # Extract filepath from the match
    rulesd_audit_file=$(echo $match | cut -f1 -d ':')
    # Append that path into list of files for inspection
    files_to_inspect+=("$rulesd_audit_file")
done
# Case when particular audit rule isn't defined yet
if [ "${#files_to_inspect[@]}" -eq "0" ]
then
    # Append '/etc/audit/rules.d/audit_rules_networkconfig_modification.rules' into list of files for inspection
    key_rule_file="/etc/audit/rules.d/audit_rules_networkconfig_modification.rules"
    # If the audit_rules_networkconfig_modification.rules file doesn't exist yet, create it with correct permissions
    if [ ! -e "$key_rule_file" ]
    then
        touch "$key_rule_file"
        chmod 0600 "$key_rule_file"
    fi
    files_to_inspect+=("$key_rule_file")
fi

# Finally perform the inspection and possible subsequent audit rule
# correction for each of the files previously identified for inspection
for audit_rules_file in "${files_to_inspect[@]}"
do
    # Check if audit watch file system object rule for given path already present

    if grep -q -P -- "^[\s]*-w[\s]+/etc/sysconfig/network" "$audit_rules_file"

    then
        # Rule is found =&gt; verify yet if existing rule definition contains
        # all of the required access type bits

        # Define BRE whitespace class shortcut
        sp="[[:space:]]"
        # Extract current permission access types (e.g. -p [r|w|x|a] values) from audit rule

        current_access_bits=$(sed -ne "s#$sp*-w$sp\+/etc/sysconfig/network $sp\+-p$sp\+\([rxwa]\{1,4\}\).*#\1#p" "$audit_rules_file")

        # Split required access bits string into characters array
        # (to check bit's presence for one bit at a time)
        for access_bit in $(echo "wa" | grep -o .)
        do
            # For each from the required access bits (e.g. 'w', 'a') check
            # if they are already present in current access bits for rule.
            # If not, append that bit at the end
            if ! grep -q "$access_bit" &lt;&lt;&lt; "$current_access_bits"
            then
                # Concatenate the existing mask with the missing bit
                current_access_bits="$current_access_bits$access_bit"
            fi
        done
        # Propagate the updated rule's access bits (original + the required
        # ones) back into the /etc/audit/audit.rules file for that rule

        sed -i "s#\($sp*-w$sp\+/etc/sysconfig/network$sp\+-p$sp\+\)\([rxwa]\{1,4\}\)\(.*\)#\1$current_access_bits\3#" "$audit_rules_file"

    else
        # Rule isn't present yet. Append it at the end of $audit_rules_file file
        # with proper key


        echo "-w /etc/sysconfig/network -p wa -k audit_rules_networkconfig_modification" &gt;&gt; "$audit_rules_file"

    fi
done

else
    &gt;&amp;2 echo 'Remediation is not applicable, nothing was done'
fi
</fix>
        <fix xmlns:xhtml="http://www.w3.org/1999/xhtml" id="audit_rules_networkconfig_modification" system="urn:xccdf:fix:script:ansible" complexity="low" disruption="low" strategy="restrict">- name: Gather the package facts
  package_facts:
    manager: auto
  tags:
  - CCE-85828-2
  - CJIS-5.4.1.1
  - NIST-800-171-3.1.7
  - NIST-800-53-AC-6(9)
  - NIST-800-53-AU-12(c)
  - NIST-800-53-AU-2(d)
  - NIST-800-53-CM-6(a)
  - PCI-DSS-Req-10.5.5
  - PCI-DSSv4-10.3
  - PCI-DSSv4-10.3.4
  - audit_rules_networkconfig_modification
  - low_complexity
  - low_disruption
  - medium_severity
  - no_reboot_needed
  - restrict_strategy

- name: Set architecture for audit tasks
  ansible.builtin.set_fact:
    audit_arch: b64
  when:
  - '"audit" in ansible_facts.packages'
  - ("kernel-default" in ansible_facts.packages or "kernel-default-base" in ansible_facts.packages)
  - ansible_architecture == "aarch64" or ansible_architecture == "ppc64" or ansible_architecture
    == "ppc64le" or ansible_architecture == "s390x" or ansible_architecture == "x86_64"
  tags:
  - CCE-85828-2
  - CJIS-5.4.1.1
  - NIST-800-171-3.1.7
  - NIST-800-53-AC-6(9)
  - NIST-800-53-AU-12(c)
  - NIST-800-53-AU-2(d)
  - NIST-800-53-CM-6(a)
  - PCI-DSS-Req-10.5.5
  - PCI-DSSv4-10.3
  - PCI-DSSv4-10.3.4
  - audit_rules_networkconfig_modification
  - low_complexity
  - low_disruption
  - medium_severity
  - no_reboot_needed
  - restrict_strategy

- name: Remediate audit rules for network configuration for 32bit platform
  block:

  - name: Declare list of syscalls
    ansible.builtin.set_fact:
      syscalls:
      - sethostname
      - setdomainname
      syscall_grouping:
      - sethostname
      - setdomainname

  - name: Check existence of sethostname, setdomainname in /etc/audit/rules.d/
    ansible.builtin.find:
      paths: /etc/audit/rules.d
      contains: -a always,exit -F arch=b32(( -S |,)\w+)*(( -S |,){{ item }})+(( -S
        |,)\w+)* (-k\s+|-F\s+key=)\S+\s*$
      patterns: '*.rules'
    register: find_command
    loop: '{{ (syscall_grouping + syscalls) | unique }}'

  - name: Reset syscalls found per file
    ansible.builtin.set_fact:
      syscalls_per_file: {}
      found_paths_dict: {}

  - name: Declare syscalls found per file
    ansible.builtin.set_fact: syscalls_per_file="{{ syscalls_per_file | combine( {item.files[0].path
      :[item.item] + syscalls_per_file.get(item.files[0].path, []) } ) }}"
    loop: '{{ find_command.results | selectattr(''matched'') | list }}'

  - name: Declare files where syscalls were found
    ansible.builtin.set_fact: found_paths="{{ find_command.results | map(attribute='files')
      | flatten | map(attribute='path') | list }}"

  - name: Count occurrences of syscalls in paths
    ansible.builtin.set_fact: found_paths_dict="{{ found_paths_dict | combine({ item:1+found_paths_dict.get(item,
      0) }) }}"
    loop: '{{ find_command.results | map(attribute=''files'') | flatten | map(attribute=''path'')
      | list }}'

  - name: Get path with most syscalls
    ansible.builtin.set_fact: audit_file="{{ (found_paths_dict | dict2items() | sort(attribute='value')
      | last).key }}"
    when: found_paths | length &gt;= 1

  - name: No file with syscall found, set path to /etc/audit/rules.d/audit_rules_networkconfig_modification.rules
    ansible.builtin.set_fact: audit_file="/etc/audit/rules.d/audit_rules_networkconfig_modification.rules"
    when: found_paths | length == 0

  - name: Declare found syscalls
    ansible.builtin.set_fact: syscalls_found="{{ find_command.results | selectattr('matched')
      | map(attribute='item') | list }}"

  - name: Declare missing syscalls
    ansible.builtin.set_fact: missing_syscalls="{{ syscalls | difference(syscalls_found)
      }}"

  - name: Replace the audit rule in {{ audit_file }}
    ansible.builtin.lineinfile:
      path: '{{ audit_file }}'
      regexp: (-a always,exit -F arch=b32)(?=.*(?:(?:-S |,)(?:{{ syscalls_per_file[audit_file]
        | join("|") }}))\b)((?:( -S |,)\w+)+)( (?:-k |-F key=)\w+)
      line: \1\2\3{{ missing_syscalls | join("\3") }}\4
      backrefs: true
      state: present
      mode: g-rwx,o-rwx
    when: syscalls_found | length &gt; 0 and missing_syscalls | length &gt; 0

  - name: Add the audit rule to {{ audit_file }}
    ansible.builtin.lineinfile:
      path: '{{ audit_file }}'
      line: -a always,exit -F arch=b32 -S {{ syscalls | join(',') }} -F key=audit_rules_networkconfig_modification
      create: true
      mode: g-rwx,o-rwx
      state: present
    when: syscalls_found | length == 0

  - name: Declare list of syscalls
    ansible.builtin.set_fact:
      syscalls:
      - sethostname
      - setdomainname
      syscall_grouping:
      - sethostname
      - setdomainname

  - name: Check existence of sethostname, setdomainname in /etc/audit/audit.rules
    ansible.builtin.find:
      paths: /etc/audit
      contains: -a always,exit -F arch=b32(( -S |,)\w+)*(( -S |,){{ item }})+(( -S
        |,)\w+)* (-k\s+|-F\s+key=)\S+\s*$
      patterns: audit.rules
    register: find_command
    loop: '{{ (syscall_grouping + syscalls) | unique }}'

  - name: Set path to /etc/audit/audit.rules
    ansible.builtin.set_fact: audit_file="/etc/audit/audit.rules"

  - name: Declare found syscalls
    ansible.builtin.set_fact: syscalls_found="{{ find_command.results | selectattr('matched')
      | map(attribute='item') | list }}"

  - name: Declare missing syscalls
    ansible.builtin.set_fact: missing_syscalls="{{ syscalls | difference(syscalls_found)
      }}"

  - name: Replace the audit rule in {{ audit_file }}
    ansible.builtin.lineinfile:
      path: '{{ audit_file }}'
      regexp: (-a always,exit -F arch=b32)(?=.*(?:(?:-S |,)(?:{{ syscalls_found |
        join("|") }}))\b)((?:( -S |,)\w+)+)( (?:-k |-F key=)\w+)
      line: \1\2\3{{ missing_syscalls | join("\3") }}\4
      backrefs: true
      state: present
      mode: g-rwx,o-rwx
    when: syscalls_found | length &gt; 0 and missing_syscalls | length &gt; 0

  - name: Add the audit rule to {{ audit_file }}
    ansible.builtin.lineinfile:
      path: '{{ audit_file }}'
      line: -a always,exit -F arch=b32 -S {{ syscalls | join(',') }} -F key=audit_rules_networkconfig_modification
      create: true
      mode: g-rwx,o-rwx
      state: present
    when: syscalls_found | length == 0
  when:
  - '"audit" in ansible_facts.packages'
  - ("kernel-default" in ansible_facts.packages or "kernel-default-base" in ansible_facts.packages)
  tags:
  - CCE-85828-2
  - CJIS-5.4.1.1
  - NIST-800-171-3.1.7
  - NIST-800-53-AC-6(9)
  - NIST-800-53-AU-12(c)
  - NIST-800-53-AU-2(d)
  - NIST-800-53-CM-6(a)
  - PCI-DSS-Req-10.5.5
  - PCI-DSSv4-10.3
  - PCI-DSSv4-10.3.4
  - audit_rules_networkconfig_modification
  - low_complexity
  - low_disruption
  - medium_severity
  - no_reboot_needed
  - restrict_strategy

- name: Remediate audit rules for network configuration for 64bit platform
  block:

  - name: Declare list of syscalls
    ansible.builtin.set_fact:
      syscalls:
      - sethostname
      - setdomainname
      syscall_grouping:
      - sethostname
      - setdomainname

  - name: Check existence of sethostname, setdomainname in /etc/audit/rules.d/
    ansible.builtin.find:
      paths: /etc/audit/rules.d
      contains: -a always,exit -F arch=b64(( -S |,)\w+)*(( -S |,){{ item }})+(( -S
        |,)\w+)* (-k\s+|-F\s+key=)\S+\s*$
      patterns: '*.rules'
    register: find_command
    loop: '{{ (syscall_grouping + syscalls) | unique }}'

  - name: Reset syscalls found per file
    ansible.builtin.set_fact:
      syscalls_per_file: {}
      found_paths_dict: {}

  - name: Declare syscalls found per file
    ansible.builtin.set_fact: syscalls_per_file="{{ syscalls_per_file | combine( {item.files[0].path
      :[item.item] + syscalls_per_file.get(item.files[0].path, []) } ) }}"
    loop: '{{ find_command.results | selectattr(''matched'') | list }}'

  - name: Declare files where syscalls were found
    ansible.builtin.set_fact: found_paths="{{ find_command.results | map(attribute='files')
      | flatten | map(attribute='path') | list }}"

  - name: Count occurrences of syscalls in paths
    ansible.builtin.set_fact: found_paths_dict="{{ found_paths_dict | combine({ item:1+found_paths_dict.get(item,
      0) }) }}"
    loop: '{{ find_command.results | map(attribute=''files'') | flatten | map(attribute=''path'')
      | list }}'

  - name: Get path with most syscalls
    ansible.builtin.set_fact: audit_file="{{ (found_paths_dict | dict2items() | sort(attribute='value')
      | last).key }}"
    when: found_paths | length &gt;= 1

  - name: No file with syscall found, set path to /etc/audit/rules.d/audit_rules_networkconfig_modification.rules
    ansible.builtin.set_fact: audit_file="/etc/audit/rules.d/audit_rules_networkconfig_modification.rules"
    when: found_paths | length == 0

  - name: Declare found syscalls
    ansible.builtin.set_fact: syscalls_found="{{ find_command.results | selectattr('matched')
      | map(attribute='item') | list }}"

  - name: Declare missing syscalls
    ansible.builtin.set_fact: missing_syscalls="{{ syscalls | difference(syscalls_found)
      }}"

  - name: Replace the audit rule in {{ audit_file }}
    ansible.builtin.lineinfile:
      path: '{{ audit_file }}'
      regexp: (-a always,exit -F arch=b64)(?=.*(?:(?:-S |,)(?:{{ syscalls_per_file[audit_file]
        | join("|") }}))\b)((?:( -S |,)\w+)+)( (?:-k |-F key=)\w+)
      line: \1\2\3{{ missing_syscalls | join("\3") }}\4
      backrefs: true
      state: present
      mode: g-rwx,o-rwx
    when: syscalls_found | length &gt; 0 and missing_syscalls | length &gt; 0

  - name: Add the audit rule to {{ audit_file }}
    ansible.builtin.lineinfile:
      path: '{{ audit_file }}'
      line: -a always,exit -F arch=b64 -S {{ syscalls | join(',') }} -F key=audit_rules_networkconfig_modification
      create: true
      mode: g-rwx,o-rwx
      state: present
    when: syscalls_found | length == 0

  - name: Declare list of syscalls
    ansible.builtin.set_fact:
      syscalls:
      - sethostname
      - setdomainname
      syscall_grouping:
      - sethostname
      - setdomainname

  - name: Check existence of sethostname, setdomainname in /etc/audit/audit.rules
    ansible.builtin.find:
      paths: /etc/audit
      contains: -a always,exit -F arch=b64(( -S |,)\w+)*(( -S |,){{ item }})+(( -S
        |,)\w+)* (-k\s+|-F\s+key=)\S+\s*$
      patterns: audit.rules
    register: find_command
    loop: '{{ (syscall_grouping + syscalls) | unique }}'

  - name: Set path to /etc/audit/audit.rules
    ansible.builtin.set_fact: audit_file="/etc/audit/audit.rules"

  - name: Declare found syscalls
    ansible.builtin.set_fact: syscalls_found="{{ find_command.results | selectattr('matched')
      | map(attribute='item') | list }}"

  - name: Declare missing syscalls
    ansible.builtin.set_fact: missing_syscalls="{{ syscalls | difference(syscalls_found)
      }}"

  - name: Replace the audit rule in {{ audit_file }}
    ansible.builtin.lineinfile:
      path: '{{ audit_file }}'
      regexp: (-a always,exit -F arch=b64)(?=.*(?:(?:-S |,)(?:{{ syscalls_found |
        join("|") }}))\b)((?:( -S |,)\w+)+)( (?:-k |-F key=)\w+)
      line: \1\2\3{{ missing_syscalls | join("\3") }}\4
      backrefs: true
      state: present
      mode: g-rwx,o-rwx
    when: syscalls_found | length &gt; 0 and missing_syscalls | length &gt; 0

  - name: Add the audit rule to {{ audit_file }}
    ansible.builtin.lineinfile:
      path: '{{ audit_file }}'
      line: -a always,exit -F arch=b64 -S {{ syscalls | join(',') }} -F key=audit_rules_networkconfig_modification
      create: true
      mode: g-rwx,o-rwx
      state: present
    when: syscalls_found | length == 0
  when:
  - '"audit" in ansible_facts.packages'
  - ("kernel-default" in ansible_facts.packages or "kernel-default-base" in ansible_facts.packages)
  - audit_arch == "b64"
  tags:
  - CCE-85828-2
  - CJIS-5.4.1.1
  - NIST-800-171-3.1.7
  - NIST-800-53-AC-6(9)
  - NIST-800-53-AU-12(c)
  - NIST-800-53-AU-2(d)
  - NIST-800-53-CM-6(a)
  - PCI-DSS-Req-10.5.5
  - PCI-DSSv4-10.3
  - PCI-DSSv4-10.3.4
  - audit_rules_networkconfig_modification
  - low_complexity
  - low_disruption
  - medium_severity
  - no_reboot_needed
  - restrict_strategy

- name: Record Events that Modify the System's Network Environment - Check if watch
    rule for /etc/issue already exists in /etc/audit/rules.d/
  ansible.builtin.find:
    paths: /etc/audit/rules.d
    contains: ^\s*-w\s+/etc/issue\s+-p\s+wa(\s|$)+
    patterns: '*.rules'
  register: find_existing_watch_rules_d
  when:
  - '"audit" in ansible_facts.packages'
  - ("kernel-default" in ansible_facts.packages or "kernel-default-base" in ansible_facts.packages)
  tags:
  - CCE-85828-2
  - CJIS-5.4.1.1
  - NIST-800-171-3.1.7
  - NIST-800-53-AC-6(9)
  - NIST-800-53-AU-12(c)
  - NIST-800-53-AU-2(d)
  - NIST-800-53-CM-6(a)
  - PCI-DSS-Req-10.5.5
  - PCI-DSSv4-10.3
  - PCI-DSSv4-10.3.4
  - audit_rules_networkconfig_modification
  - low_complexity
  - low_disruption
  - medium_severity
  - no_reboot_needed
  - restrict_strategy

- name: Record Events that Modify the System's Network Environment - Search /etc/audit/rules.d
    for other rules with specified key audit_rules_networkconfig_modification
  ansible.builtin.find:
    paths: /etc/audit/rules.d
    contains: ^.*(?:-F key=|-k\s+)audit_rules_networkconfig_modification$
    patterns: '*.rules'
  register: find_watch_key
  when:
  - '"audit" in ansible_facts.packages'
  - ("kernel-default" in ansible_facts.packages or "kernel-default-base" in ansible_facts.packages)
  - find_existing_watch_rules_d.matched is defined and find_existing_watch_rules_d.matched
    == 0
  tags:
  - CCE-85828-2
  - CJIS-5.4.1.1
  - NIST-800-171-3.1.7
  - NIST-800-53-AC-6(9)
  - NIST-800-53-AU-12(c)
  - NIST-800-53-AU-2(d)
  - NIST-800-53-CM-6(a)
  - PCI-DSS-Req-10.5.5
  - PCI-DSSv4-10.3
  - PCI-DSSv4-10.3.4
  - audit_rules_networkconfig_modification
  - low_complexity
  - low_disruption
  - medium_severity
  - no_reboot_needed
  - restrict_strategy

- name: Record Events that Modify the System's Network Environment - Use /etc/audit/rules.d/audit_rules_networkconfig_modification.rules
    as the recipient for the rule
  ansible.builtin.set_fact:
    all_files:
    - /etc/audit/rules.d/audit_rules_networkconfig_modification.rules
  when:
  - '"audit" in ansible_facts.packages'
  - ("kernel-default" in ansible_facts.packages or "kernel-default-base" in ansible_facts.packages)
  - find_watch_key.matched is defined and find_watch_key.matched == 0 and find_existing_watch_rules_d.matched
    is defined and find_existing_watch_rules_d.matched == 0
  tags:
  - CCE-85828-2
  - CJIS-5.4.1.1
  - NIST-800-171-3.1.7
  - NIST-800-53-AC-6(9)
  - NIST-800-53-AU-12(c)
  - NIST-800-53-AU-2(d)
  - NIST-800-53-CM-6(a)
  - PCI-DSS-Req-10.5.5
  - PCI-DSSv4-10.3
  - PCI-DSSv4-10.3.4
  - audit_rules_networkconfig_modification
  - low_complexity
  - low_disruption
  - medium_severity
  - no_reboot_needed
  - restrict_strategy

- name: Record Events that Modify the System's Network Environment - Use matched file
    as the recipient for the rule
  ansible.builtin.set_fact:
    all_files:
    - '{{ find_watch_key.files | map(attribute=''path'') | list | first }}'
  when:
  - '"audit" in ansible_facts.packages'
  - ("kernel-default" in ansible_facts.packages or "kernel-default-base" in ansible_facts.packages)
  - find_watch_key.matched is defined and find_watch_key.matched &gt; 0 and find_existing_watch_rules_d.matched
    is defined and find_existing_watch_rules_d.matched == 0
  tags:
  - CCE-85828-2
  - CJIS-5.4.1.1
  - NIST-800-171-3.1.7
  - NIST-800-53-AC-6(9)
  - NIST-800-53-AU-12(c)
  - NIST-800-53-AU-2(d)
  - NIST-800-53-CM-6(a)
  - PCI-DSS-Req-10.5.5
  - PCI-DSSv4-10.3
  - PCI-DSSv4-10.3.4
  - audit_rules_networkconfig_modification
  - low_complexity
  - low_disruption
  - medium_severity
  - no_reboot_needed
  - restrict_strategy

- name: Record Events that Modify the System's Network Environment - Add watch rule
    for /etc/issue in /etc/audit/rules.d/
  ansible.builtin.lineinfile:
    path: '{{ all_files[0] }}'
    line: -w /etc/issue -p wa -k audit_rules_networkconfig_modification
    create: true
    mode: '0600'
  when:
  - '"audit" in ansible_facts.packages'
  - ("kernel-default" in ansible_facts.packages or "kernel-default-base" in ansible_facts.packages)
  - find_existing_watch_rules_d.matched is defined and find_existing_watch_rules_d.matched
    == 0
  tags:
  - CCE-85828-2
  - CJIS-5.4.1.1
  - NIST-800-171-3.1.7
  - NIST-800-53-AC-6(9)
  - NIST-800-53-AU-12(c)
  - NIST-800-53-AU-2(d)
  - NIST-800-53-CM-6(a)
  - PCI-DSS-Req-10.5.5
  - PCI-DSSv4-10.3
  - PCI-DSSv4-10.3.4
  - audit_rules_networkconfig_modification
  - low_complexity
  - low_disruption
  - medium_severity
  - no_reboot_needed
  - restrict_strategy

- name: Record Events that Modify the System's Network Environment - Check if watch
    rule for /etc/issue already exists in /etc/audit/audit.rules
  ansible.builtin.find:
    paths: /etc/audit/
    contains: ^\s*-w\s+/etc/issue\s+-p\s+wa(\s|$)+
    patterns: audit.rules
  register: find_existing_watch_audit_rules
  when:
  - '"audit" in ansible_facts.packages'
  - ("kernel-default" in ansible_facts.packages or "kernel-default-base" in ansible_facts.packages)
  tags:
  - CCE-85828-2
  - CJIS-5.4.1.1
  - NIST-800-171-3.1.7
  - NIST-800-53-AC-6(9)
  - NIST-800-53-AU-12(c)
  - NIST-800-53-AU-2(d)
  - NIST-800-53-CM-6(a)
  - PCI-DSS-Req-10.5.5
  - PCI-DSSv4-10.3
  - PCI-DSSv4-10.3.4
  - audit_rules_networkconfig_modification
  - low_complexity
  - low_disruption
  - medium_severity
  - no_reboot_needed
  - restrict_strategy

- name: Record Events that Modify the System's Network Environment - Add watch rule
    for /etc/issue in /etc/audit/audit.rules
  ansible.builtin.lineinfile:
    line: -w /etc/issue -p wa -k audit_rules_networkconfig_modification
    state: present
    dest: /etc/audit/audit.rules
    create: true
    mode: '0600'
  when:
  - '"audit" in ansible_facts.packages'
  - ("kernel-default" in ansible_facts.packages or "kernel-default-base" in ansible_facts.packages)
  - find_existing_watch_audit_rules.matched is defined and find_existing_watch_audit_rules.matched
    == 0
  tags:
  - CCE-85828-2
  - CJIS-5.4.1.1
  - NIST-800-171-3.1.7
  - NIST-800-53-AC-6(9)
  - NIST-800-53-AU-12(c)
  - NIST-800-53-AU-2(d)
  - NIST-800-53-CM-6(a)
  - PCI-DSS-Req-10.5.5
  - PCI-DSSv4-10.3
  - PCI-DSSv4-10.3.4
  - audit_rules_networkconfig_modification
  - low_complexity
  - low_disruption
  - medium_severity
  - no_reboot_needed
  - restrict_strategy

- name: Record Events that Modify the System's Network Environment - Check if watch
    rule for /etc/issue.net already exists in /etc/audit/rules.d/
  ansible.builtin.find:
    paths: /etc/audit/rules.d
    contains: ^\s*-w\s+/etc/issue.net\s+-p\s+wa(\s|$)+
    patterns: '*.rules'
  register: find_existing_watch_rules_d
  when:
  - '"audit" in ansible_facts.packages'
  - ("kernel-default" in ansible_facts.packages or "kernel-default-base" in ansible_facts.packages)
  tags:
  - CCE-85828-2
  - CJIS-5.4.1.1
  - NIST-800-171-3.1.7
  - NIST-800-53-AC-6(9)
  - NIST-800-53-AU-12(c)
  - NIST-800-53-AU-2(d)
  - NIST-800-53-CM-6(a)
  - PCI-DSS-Req-10.5.5
  - PCI-DSSv4-10.3
  - PCI-DSSv4-10.3.4
  - audit_rules_networkconfig_modification
  - low_complexity
  - low_disruption
  - medium_severity
  - no_reboot_needed
  - restrict_strategy

- name: Record Events that Modify the System's Network Environment - Search /etc/audit/rules.d
    for other rules with specified key audit_rules_networkconfig_modification
  ansible.builtin.find:
    paths: /etc/audit/rules.d
    contains: ^.*(?:-F key=|-k\s+)audit_rules_networkconfig_modification$
    patterns: '*.rules'
  register: find_watch_key
  when:
  - '"audit" in ansible_facts.packages'
  - ("kernel-default" in ansible_facts.packages or "kernel-default-base" in ansible_facts.packages)
  - find_existing_watch_rules_d.matched is defined and find_existing_watch_rules_d.matched
    == 0
  tags:
  - CCE-85828-2
  - CJIS-5.4.1.1
  - NIST-800-171-3.1.7
  - NIST-800-53-AC-6(9)
  - NIST-800-53-AU-12(c)
  - NIST-800-53-AU-2(d)
  - NIST-800-53-CM-6(a)
  - PCI-DSS-Req-10.5.5
  - PCI-DSSv4-10.3
  - PCI-DSSv4-10.3.4
  - audit_rules_networkconfig_modification
  - low_complexity
  - low_disruption
  - medium_severity
  - no_reboot_needed
  - restrict_strategy

- name: Record Events that Modify the System's Network Environment - Use /etc/audit/rules.d/audit_rules_networkconfig_modification.rules
    as the recipient for the rule
  ansible.builtin.set_fact:
    all_files:
    - /etc/audit/rules.d/audit_rules_networkconfig_modification.rules
  when:
  - '"audit" in ansible_facts.packages'
  - ("kernel-default" in ansible_facts.packages or "kernel-default-base" in ansible_facts.packages)
  - find_watch_key.matched is defined and find_watch_key.matched == 0 and find_existing_watch_rules_d.matched
    is defined and find_existing_watch_rules_d.matched == 0
  tags:
  - CCE-85828-2
  - CJIS-5.4.1.1
  - NIST-800-171-3.1.7
  - NIST-800-53-AC-6(9)
  - NIST-800-53-AU-12(c)
  - NIST-800-53-AU-2(d)
  - NIST-800-53-CM-6(a)
  - PCI-DSS-Req-10.5.5
  - PCI-DSSv4-10.3
  - PCI-DSSv4-10.3.4
  - audit_rules_networkconfig_modification
  - low_complexity
  - low_disruption
  - medium_severity
  - no_reboot_needed
  - restrict_strategy

- name: Record Events that Modify the System's Network Environment - Use matched file
    as the recipient for the rule
  ansible.builtin.set_fact:
    all_files:
    - '{{ find_watch_key.files | map(attribute=''path'') | list | first }}'
  when:
  - '"audit" in ansible_facts.packages'
  - ("kernel-default" in ansible_facts.packages or "kernel-default-base" in ansible_facts.packages)
  - find_watch_key.matched is defined and find_watch_key.matched &gt; 0 and find_existing_watch_rules_d.matched
    is defined and find_existing_watch_rules_d.matched == 0
  tags:
  - CCE-85828-2
  - CJIS-5.4.1.1
  - NIST-800-171-3.1.7
  - NIST-800-53-AC-6(9)
  - NIST-800-53-AU-12(c)
  - NIST-800-53-AU-2(d)
  - NIST-800-53-CM-6(a)
  - PCI-DSS-Req-10.5.5
  - PCI-DSSv4-10.3
  - PCI-DSSv4-10.3.4
  - audit_rules_networkconfig_modification
  - low_complexity
  - low_disruption
  - medium_severity
  - no_reboot_needed
  - restrict_strategy

- name: Record Events that Modify the System's Network Environment - Add watch rule
    for /etc/issue.net in /etc/audit/rules.d/
  ansible.builtin.lineinfile:
    path: '{{ all_files[0] }}'
    line: -w /etc/issue.net -p wa -k audit_rules_networkconfig_modification
    create: true
    mode: '0600'
  when:
  - '"audit" in ansible_facts.packages'
  - ("kernel-default" in ansible_facts.packages or "kernel-default-base" in ansible_facts.packages)
  - find_existing_watch_rules_d.matched is defined and find_existing_watch_rules_d.matched
    == 0
  tags:
  - CCE-85828-2
  - CJIS-5.4.1.1
  - NIST-800-171-3.1.7
  - NIST-800-53-AC-6(9)
  - NIST-800-53-AU-12(c)
  - NIST-800-53-AU-2(d)
  - NIST-800-53-CM-6(a)
  - PCI-DSS-Req-10.5.5
  - PCI-DSSv4-10.3
  - PCI-DSSv4-10.3.4
  - audit_rules_networkconfig_modification
  - low_complexity
  - low_disruption
  - medium_severity
  - no_reboot_needed
  - restrict_strategy

- name: Record Events that Modify the System's Network Environment - Check if watch
    rule for /etc/issue.net already exists in /etc/audit/audit.rules
  ansible.builtin.find:
    paths: /etc/audit/
    contains: ^\s*-w\s+/etc/issue.net\s+-p\s+wa(\s|$)+
    patterns: audit.rules
  register: find_existing_watch_audit_rules
  when:
  - '"audit" in ansible_facts.packages'
  - ("kernel-default" in ansible_facts.packages or "kernel-default-base" in ansible_facts.packages)
  tags:
  - CCE-85828-2
  - CJIS-5.4.1.1
  - NIST-800-171-3.1.7
  - NIST-800-53-AC-6(9)
  - NIST-800-53-AU-12(c)
  - NIST-800-53-AU-2(d)
  - NIST-800-53-CM-6(a)
  - PCI-DSS-Req-10.5.5
  - PCI-DSSv4-10.3
  - PCI-DSSv4-10.3.4
  - audit_rules_networkconfig_modification
  - low_complexity
  - low_disruption
  - medium_severity
  - no_reboot_needed
  - restrict_strategy

- name: Record Events that Modify the System's Network Environment - Add watch rule
    for /etc/issue.net in /etc/audit/audit.rules
  ansible.builtin.lineinfile:
    line: -w /etc/issue.net -p wa -k audit_rules_networkconfig_modification
    state: present
    dest: /etc/audit/audit.rules
    create: true
    mode: '0600'
  when:
  - '"audit" in ansible_facts.packages'
  - ("kernel-default" in ansible_facts.packages or "kernel-default-base" in ansible_facts.packages)
  - find_existing_watch_audit_rules.matched is defined and find_existing_watch_audit_rules.matched
    == 0
  tags:
  - CCE-85828-2
  - CJIS-5.4.1.1
  - NIST-800-171-3.1.7
  - NIST-800-53-AC-6(9)
  - NIST-800-53-AU-12(c)
  - NIST-800-53-AU-2(d)
  - NIST-800-53-CM-6(a)
  - PCI-DSS-Req-10.5.5
  - PCI-DSSv4-10.3
  - PCI-DSSv4-10.3.4
  - audit_rules_networkconfig_modification
  - low_complexity
  - low_disruption
  - medium_severity
  - no_reboot_needed
  - restrict_strategy

- name: Record Events that Modify the System's Network Environment - Check if watch
    rule for /etc/hosts already exists in /etc/audit/rules.d/
  ansible.builtin.find:
    paths: /etc/audit/rules.d
    contains: ^\s*-w\s+/etc/hosts\s+-p\s+wa(\s|$)+
    patterns: '*.rules'
  register: find_existing_watch_rules_d
  when:
  - '"audit" in ansible_facts.packages'
  - ("kernel-default" in ansible_facts.packages or "kernel-default-base" in ansible_facts.packages)
  tags:
  - CCE-85828-2
  - CJIS-5.4.1.1
  - NIST-800-171-3.1.7
  - NIST-800-53-AC-6(9)
  - NIST-800-53-AU-12(c)
  - NIST-800-53-AU-2(d)
  - NIST-800-53-CM-6(a)
  - PCI-DSS-Req-10.5.5
  - PCI-DSSv4-10.3
  - PCI-DSSv4-10.3.4
  - audit_rules_networkconfig_modification
  - low_complexity
  - low_disruption
  - medium_severity
  - no_reboot_needed
  - restrict_strategy

- name: Record Events that Modify the System's Network Environment - Search /etc/audit/rules.d
    for other rules with specified key audit_rules_networkconfig_modification
  ansible.builtin.find:
    paths: /etc/audit/rules.d
    contains: ^.*(?:-F key=|-k\s+)audit_rules_networkconfig_modification$
    patterns: '*.rules'
  register: find_watch_key
  when:
  - '"audit" in ansible_facts.packages'
  - ("kernel-default" in ansible_facts.packages or "kernel-default-base" in ansible_facts.packages)
  - find_existing_watch_rules_d.matched is defined and find_existing_watch_rules_d.matched
    == 0
  tags:
  - CCE-85828-2
  - CJIS-5.4.1.1
  - NIST-800-171-3.1.7
  - NIST-800-53-AC-6(9)
  - NIST-800-53-AU-12(c)
  - NIST-800-53-AU-2(d)
  - NIST-800-53-CM-6(a)
  - PCI-DSS-Req-10.5.5
  - PCI-DSSv4-10.3
  - PCI-DSSv4-10.3.4
  - audit_rules_networkconfig_modification
  - low_complexity
  - low_disruption
  - medium_severity
  - no_reboot_needed
  - restrict_strategy

- name: Record Events that Modify the System's Network Environment - Use /etc/audit/rules.d/audit_rules_networkconfig_modification.rules
    as the recipient for the rule
  ansible.builtin.set_fact:
    all_files:
    - /etc/audit/rules.d/audit_rules_networkconfig_modification.rules
  when:
  - '"audit" in ansible_facts.packages'
  - ("kernel-default" in ansible_facts.packages or "kernel-default-base" in ansible_facts.packages)
  - find_watch_key.matched is defined and find_watch_key.matched == 0 and find_existing_watch_rules_d.matched
    is defined and find_existing_watch_rules_d.matched == 0
  tags:
  - CCE-85828-2
  - CJIS-5.4.1.1
  - NIST-800-171-3.1.7
  - NIST-800-53-AC-6(9)
  - NIST-800-53-AU-12(c)
  - NIST-800-53-AU-2(d)
  - NIST-800-53-CM-6(a)
  - PCI-DSS-Req-10.5.5
  - PCI-DSSv4-10.3
  - PCI-DSSv4-10.3.4
  - audit_rules_networkconfig_modification
  - low_complexity
  - low_disruption
  - medium_severity
  - no_reboot_needed
  - restrict_strategy

- name: Record Events that Modify the System's Network Environment - Use matched file
    as the recipient for the rule
  ansible.builtin.set_fact:
    all_files:
    - '{{ find_watch_key.files | map(attribute=''path'') | list | first }}'
  when:
  - '"audit" in ansible_facts.packages'
  - ("kernel-default" in ansible_facts.packages or "kernel-default-base" in ansible_facts.packages)
  - find_watch_key.matched is defined and find_watch_key.matched &gt; 0 and find_existing_watch_rules_d.matched
    is defined and find_existing_watch_rules_d.matched == 0
  tags:
  - CCE-85828-2
  - CJIS-5.4.1.1
  - NIST-800-171-3.1.7
  - NIST-800-53-AC-6(9)
  - NIST-800-53-AU-12(c)
  - NIST-800-53-AU-2(d)
  - NIST-800-53-CM-6(a)
  - PCI-DSS-Req-10.5.5
  - PCI-DSSv4-10.3
  - PCI-DSSv4-10.3.4
  - audit_rules_networkconfig_modification
  - low_complexity
  - low_disruption
  - medium_severity
  - no_reboot_needed
  - restrict_strategy

- name: Record Events that Modify the System's Network Environment - Add watch rule
    for /etc/hosts in /etc/audit/rules.d/
  ansible.builtin.lineinfile:
    path: '{{ all_files[0] }}'
    line: -w /etc/hosts -p wa -k audit_rules_networkconfig_modification
    create: true
    mode: '0600'
  when:
  - '"audit" in ansible_facts.packages'
  - ("kernel-default" in ansible_facts.packages or "kernel-default-base" in ansible_facts.packages)
  - find_existing_watch_rules_d.matched is defined and find_existing_watch_rules_d.matched
    == 0
  tags:
  - CCE-85828-2
  - CJIS-5.4.1.1
  - NIST-800-171-3.1.7
  - NIST-800-53-AC-6(9)
  - NIST-800-53-AU-12(c)
  - NIST-800-53-AU-2(d)
  - NIST-800-53-CM-6(a)
  - PCI-DSS-Req-10.5.5
  - PCI-DSSv4-10.3
  - PCI-DSSv4-10.3.4
  - audit_rules_networkconfig_modification
  - low_complexity
  - low_disruption
  - medium_severity
  - no_reboot_needed
  - restrict_strategy

- name: Record Events that Modify the System's Network Environment - Check if watch
    rule for /etc/hosts already exists in /etc/audit/audit.rules
  ansible.builtin.find:
    paths: /etc/audit/
    contains: ^\s*-w\s+/etc/hosts\s+-p\s+wa(\s|$)+
    patterns: audit.rules
  register: find_existing_watch_audit_rules
  when:
  - '"audit" in ansible_facts.packages'
  - ("kernel-default" in ansible_facts.packages or "kernel-default-base" in ansible_facts.packages)
  tags:
  - CCE-85828-2
  - CJIS-5.4.1.1
  - NIST-800-171-3.1.7
  - NIST-800-53-AC-6(9)
  - NIST-800-53-AU-12(c)
  - NIST-800-53-AU-2(d)
  - NIST-800-53-CM-6(a)
  - PCI-DSS-Req-10.5.5
  - PCI-DSSv4-10.3
  - PCI-DSSv4-10.3.4
  - audit_rules_networkconfig_modification
  - low_complexity
  - low_disruption
  - medium_severity
  - no_reboot_needed
  - restrict_strategy

- name: Record Events that Modify the System's Network Environment - Add watch rule
    for /etc/hosts in /etc/audit/audit.rules
  ansible.builtin.lineinfile:
    line: -w /etc/hosts -p wa -k audit_rules_networkconfig_modification
    state: present
    dest: /etc/audit/audit.rules
    create: true
    mode: '0600'
  when:
  - '"audit" in ansible_facts.packages'
  - ("kernel-default" in ansible_facts.packages or "kernel-default-base" in ansible_facts.packages)
  - find_existing_watch_audit_rules.matched is defined and find_existing_watch_audit_rules.matched
    == 0
  tags:
  - CCE-85828-2
  - CJIS-5.4.1.1
  - NIST-800-171-3.1.7
  - NIST-800-53-AC-6(9)
  - NIST-800-53-AU-12(c)
  - NIST-800-53-AU-2(d)
  - NIST-800-53-CM-6(a)
  - PCI-DSS-Req-10.5.5
  - PCI-DSSv4-10.3
  - PCI-DSSv4-10.3.4
  - audit_rules_networkconfig_modification
  - low_complexity
  - low_disruption
  - medium_severity
  - no_reboot_needed
  - restrict_strategy

- name: Record Events that Modify the System's Network Environment - Check if watch
    rule for /etc/sysconfig/network already exists in /etc/audit/rules.d/
  ansible.builtin.find:
    paths: /etc/audit/rules.d
    contains: ^\s*-w\s+/etc/sysconfig/network\s+-p\s+wa(\s|$)+
    patterns: '*.rules'
  register: find_existing_watch_rules_d
  when:
  - '"audit" in ansible_facts.packages'
  - ("kernel-default" in ansible_facts.packages or "kernel-default-base" in ansible_facts.packages)
  tags:
  - CCE-85828-2
  - CJIS-5.4.1.1
  - NIST-800-171-3.1.7
  - NIST-800-53-AC-6(9)
  - NIST-800-53-AU-12(c)
  - NIST-800-53-AU-2(d)
  - NIST-800-53-CM-6(a)
  - PCI-DSS-Req-10.5.5
  - PCI-DSSv4-10.3
  - PCI-DSSv4-10.3.4
  - audit_rules_networkconfig_modification
  - low_complexity
  - low_disruption
  - medium_severity
  - no_reboot_needed
  - restrict_strategy

- name: Record Events that Modify the System's Network Environment - Search /etc/audit/rules.d
    for other rules with specified key audit_rules_networkconfig_modification
  ansible.builtin.find:
    paths: /etc/audit/rules.d
    contains: ^.*(?:-F key=|-k\s+)audit_rules_networkconfig_modification$
    patterns: '*.rules'
  register: find_watch_key
  when:
  - '"audit" in ansible_facts.packages'
  - ("kernel-default" in ansible_facts.packages or "kernel-default-base" in ansible_facts.packages)
  - find_existing_watch_rules_d.matched is defined and find_existing_watch_rules_d.matched
    == 0
  tags:
  - CCE-85828-2
  - CJIS-5.4.1.1
  - NIST-800-171-3.1.7
  - NIST-800-53-AC-6(9)
  - NIST-800-53-AU-12(c)
  - NIST-800-53-AU-2(d)
  - NIST-800-53-CM-6(a)
  - PCI-DSS-Req-10.5.5
  - PCI-DSSv4-10.3
  - PCI-DSSv4-10.3.4
  - audit_rules_networkconfig_modification
  - low_complexity
  - low_disruption
  - medium_severity
  - no_reboot_needed
  - restrict_strategy

- name: Record Events that Modify the System's Network Environment - Use /etc/audit/rules.d/audit_rules_networkconfig_modification.rules
    as the recipient for the rule
  ansible.builtin.set_fact:
    all_files:
    - /etc/audit/rules.d/audit_rules_networkconfig_modification.rules
  when:
  - '"audit" in ansible_facts.packages'
  - ("kernel-default" in ansible_facts.packages or "kernel-default-base" in ansible_facts.packages)
  - find_watch_key.matched is defined and find_watch_key.matched == 0 and find_existing_watch_rules_d.matched
    is defined and find_existing_watch_rules_d.matched == 0
  tags:
  - CCE-85828-2
  - CJIS-5.4.1.1
  - NIST-800-171-3.1.7
  - NIST-800-53-AC-6(9)
  - NIST-800-53-AU-12(c)
  - NIST-800-53-AU-2(d)
  - NIST-800-53-CM-6(a)
  - PCI-DSS-Req-10.5.5
  - PCI-DSSv4-10.3
  - PCI-DSSv4-10.3.4
  - audit_rules_networkconfig_modification
  - low_complexity
  - low_disruption
  - medium_severity
  - no_reboot_needed
  - restrict_strategy

- name: Record Events that Modify the System's Network Environment - Use matched file
    as the recipient for the rule
  ansible.builtin.set_fact:
    all_files:
    - '{{ find_watch_key.files | map(attribute=''path'') | list | first }}'
  when:
  - '"audit" in ansible_facts.packages'
  - ("kernel-default" in ansible_facts.packages or "kernel-default-base" in ansible_facts.packages)
  - find_watch_key.matched is defined and find_watch_key.matched &gt; 0 and find_existing_watch_rules_d.matched
    is defined and find_existing_watch_rules_d.matched == 0
  tags:
  - CCE-85828-2
  - CJIS-5.4.1.1
  - NIST-800-171-3.1.7
  - NIST-800-53-AC-6(9)
  - NIST-800-53-AU-12(c)
  - NIST-800-53-AU-2(d)
  - NIST-800-53-CM-6(a)
  - PCI-DSS-Req-10.5.5
  - PCI-DSSv4-10.3
  - PCI-DSSv4-10.3.4
  - audit_rules_networkconfig_modification
  - low_complexity
  - low_disruption
  - medium_severity
  - no_reboot_needed
  - restrict_strategy

- name: Record Events that Modify the System's Network Environment - Add watch rule
    for /etc/sysconfig/network in /etc/audit/rules.d/
  ansible.builtin.lineinfile:
    path: '{{ all_files[0] }}'
    line: -w /etc/sysconfig/network -p wa -k audit_rules_networkconfig_modification
    create: true
    mode: '0600'
  when:
  - '"audit" in ansible_facts.packages'
  - ("kernel-default" in ansible_facts.packages or "kernel-default-base" in ansible_facts.packages)
  - find_existing_watch_rules_d.matched is defined and find_existing_watch_rules_d.matched
    == 0
  tags:
  - CCE-85828-2
  - CJIS-5.4.1.1
  - NIST-800-171-3.1.7
  - NIST-800-53-AC-6(9)
  - NIST-800-53-AU-12(c)
  - NIST-800-53-AU-2(d)
  - NIST-800-53-CM-6(a)
  - PCI-DSS-Req-10.5.5
  - PCI-DSSv4-10.3
  - PCI-DSSv4-10.3.4
  - audit_rules_networkconfig_modification
  - low_complexity
  - low_disruption
  - medium_severity
  - no_reboot_needed
  - restrict_strategy

- name: Record Events that Modify the System's Network Environment - Check if watch
    rule for /etc/sysconfig/network already exists in /etc/audit/audit.rules
  ansible.builtin.find:
    paths: /etc/audit/
    contains: ^\s*-w\s+/etc/sysconfig/network\s+-p\s+wa(\s|$)+
    patterns: audit.rules
  register: find_existing_watch_audit_rules
  when:
  - '"audit" in ansible_facts.packages'
  - ("kernel-default" in ansible_facts.packages or "kernel-default-base" in ansible_facts.packages)
  tags:
  - CCE-85828-2
  - CJIS-5.4.1.1
  - NIST-800-171-3.1.7
  - NIST-800-53-AC-6(9)
  - NIST-800-53-AU-12(c)
  - NIST-800-53-AU-2(d)
  - NIST-800-53-CM-6(a)
  - PCI-DSS-Req-10.5.5
  - PCI-DSSv4-10.3
  - PCI-DSSv4-10.3.4
  - audit_rules_networkconfig_modification
  - low_complexity
  - low_disruption
  - medium_severity
  - no_reboot_needed
  - restrict_strategy

- name: Record Events that Modify the System's Network Environment - Add watch rule
    for /etc/sysconfig/network in /etc/audit/audit.rules
  ansible.builtin.lineinfile:
    line: -w /etc/sysconfig/network -p wa -k audit_rules_networkconfig_modification
    state: present
    dest: /etc/audit/audit.rules
    create: true
    mode: '0600'
  when:
  - '"audit" in ansible_facts.packages'
  - ("kernel-default" in ansible_facts.packages or "kernel-default-base" in ansible_facts.packages)
  - find_existing_watch_audit_rules.matched is defined and find_existing_watch_audit_rules.matched
    == 0
  tags:
  - CCE-85828-2
  - CJIS-5.4.1.1
  - NIST-800-171-3.1.7
  - NIST-800-53-AC-6(9)
  - NIST-800-53-AU-12(c)
  - NIST-800-53-AU-2(d)
  - NIST-800-53-CM-6(a)
  - PCI-DSS-Req-10.5.5
  - PCI-DSSv4-10.3
  - PCI-DSSv4-10.3.4
  - audit_rules_networkconfig_modification
  - low_complexity
  - low_disruption
  - medium_severity
  - no_reboot_needed
  - restrict_strategy
</fix>
        <check system="http://oval.mitre.org/XMLSchema/oval-definitions-5">
          <check-content-ref name="oval:ssg-audit_rules_networkconfig_modification:def:1" href="ssg-sle15-oval.xml"/>
        </check>
        <check system="http://scap.nist.gov/schema/ocil/2">
          <check-content-ref name="ocil:ssg-audit_rules_networkconfig_modification_ocil:questionnaire:1" href="ssg-sle15-ocil.xml"/>
        </check>
      </Rule>
      <Rule id="xccdf_org.ssgproject.content_rule_audit_rules_session_events" selected="false" role="full" severity="medium">
        <title xmlns:xhtml="http://www.w3.org/1999/xhtml" xml:lang="en-US">Record Attempts to Alter Process and Session Initiation Information</title>
        <description xmlns:xhtml="http://www.w3.org/1999/xhtml" xml:lang="en-US">The audit system already collects process information for all
users and root. If the <html:code xmlns:html="http://www.w3.org/1999/xhtml">auditd</html:code> daemon is configured to use the
<html:code xmlns:html="http://www.w3.org/1999/xhtml">augenrules</html:code> program to read audit rules during daemon startup (the
default), add the following lines to a file with suffix <html:code xmlns:html="http://www.w3.org/1999/xhtml">.rules</html:code> in the
directory <html:code xmlns:html="http://www.w3.org/1999/xhtml">/etc/audit/rules.d</html:code> in order to watch for attempted manual
edits of files involved in storing such process information:
<html:pre xmlns:html="http://www.w3.org/1999/xhtml">-w /var/run/utmp -p wa -k session
-w /var/log/btmp -p wa -k session
-w /var/log/wtmp -p wa -k session</html:pre>
If the <html:code xmlns:html="http://www.w3.org/1999/xhtml">auditd</html:code> daemon is configured to use the <html:code xmlns:html="http://www.w3.org/1999/xhtml">auditctl</html:code>
utility to read audit rules during daemon startup, add the following lines to
<html:code xmlns:html="http://www.w3.org/1999/xhtml">/etc/audit/audit.rules</html:code> file in order to watch for attempted manual
edits of files involved in storing such process information:
<html:pre xmlns:html="http://www.w3.org/1999/xhtml">-w /var/run/utmp -p wa -k session
-w /var/log/btmp -p wa -k session
-w /var/log/wtmp -p wa -k session</html:pre>
      </description>
        <reference href="https://www.cisecurity.org/controls/">1</reference>
        <reference href="https://www.cisecurity.org/controls/">11</reference>
        <reference href="https://www.cisecurity.org/controls/">12</reference>
        <reference href="https://www.cisecurity.org/controls/">13</reference>
        <reference href="https://www.cisecurity.org/controls/">14</reference>
        <reference href="https://www.cisecurity.org/controls/">15</reference>
        <reference href="https://www.cisecurity.org/controls/">16</reference>
        <reference href="https://www.cisecurity.org/controls/">19</reference>
        <reference href="https://www.cisecurity.org/controls/">2</reference>
        <reference href="https://www.cisecurity.org/controls/">3</reference>
        <reference href="https://www.cisecurity.org/controls/">4</reference>
        <reference href="https://www.cisecurity.org/controls/">5</reference>
        <reference href="https://www.cisecurity.org/controls/">6</reference>
        <reference href="https://www.cisecurity.org/controls/">7</reference>
        <reference href="https://www.cisecurity.org/controls/">8</reference>
        <reference href="https://www.cisecurity.org/controls/">9</reference>
        <reference href="https://www.fbi.gov/file-repository/cjis-security-policy-v5_5_20160601-2-1.pdf">5.4.1.1</reference>
        <reference href="https://www.isaca.org/resources/cobit">APO10.01</reference>
        <reference href="https://www.isaca.org/resources/cobit">APO10.03</reference>
        <reference href="https://www.isaca.org/resources/cobit">APO10.04</reference>
        <reference href="https://www.isaca.org/resources/cobit">APO10.05</reference>
        <reference href="https://www.isaca.org/resources/cobit">APO11.04</reference>
        <reference href="https://www.isaca.org/resources/cobit">APO12.06</reference>
        <reference href="https://www.isaca.org/resources/cobit">APO13.01</reference>
        <reference href="https://www.isaca.org/resources/cobit">BAI03.05</reference>
        <reference href="https://www.isaca.org/resources/cobit">BAI08.02</reference>
        <reference href="https://www.isaca.org/resources/cobit">DSS01.03</reference>
        <reference href="https://www.isaca.org/resources/cobit">DSS01.04</reference>
        <reference href="https://www.isaca.org/resources/cobit">DSS02.02</reference>
        <reference href="https://www.isaca.org/resources/cobit">DSS02.04</reference>
        <reference href="https://www.isaca.org/resources/cobit">DSS02.07</reference>
        <reference href="https://www.isaca.org/resources/cobit">DSS03.01</reference>
        <reference href="https://www.isaca.org/resources/cobit">DSS03.05</reference>
        <reference href="https://www.isaca.org/resources/cobit">DSS05.02</reference>
        <reference href="https://www.isaca.org/resources/cobit">DSS05.03</reference>
        <reference href="https://www.isaca.org/resources/cobit">DSS05.04</reference>
        <reference href="https://www.isaca.org/resources/cobit">DSS05.05</reference>
        <reference href="https://www.isaca.org/resources/cobit">DSS05.07</reference>
        <reference href="https://www.isaca.org/resources/cobit">MEA01.01</reference>
        <reference href="https://www.isaca.org/resources/cobit">MEA01.02</reference>
        <reference href="https://www.isaca.org/resources/cobit">MEA01.03</reference>
        <reference href="https://www.isaca.org/resources/cobit">MEA01.04</reference>
        <reference href="https://www.isaca.org/resources/cobit">MEA01.05</reference>
        <reference href="https://www.isaca.org/resources/cobit">MEA02.01</reference>
        <reference href="http://nvlpubs.nist.gov/nistpubs/SpecialPublications/NIST.SP.800-171.pdf">3.1.7</reference>
        <reference href="https://www.gpo.gov/fdsys/pkg/CFR-2007-title45-vol1/pdf/CFR-2007-title45-vol1-chapA-subchapC.pdf">164.308(a)(1)(ii)(D)</reference>
        <reference href="https://www.gpo.gov/fdsys/pkg/CFR-2007-title45-vol1/pdf/CFR-2007-title45-vol1-chapA-subchapC.pdf">164.308(a)(3)(ii)(A)</reference>
        <reference href="https://www.gpo.gov/fdsys/pkg/CFR-2007-title45-vol1/pdf/CFR-2007-title45-vol1-chapA-subchapC.pdf">164.308(a)(5)(ii)(C)</reference>
        <reference href="https://www.gpo.gov/fdsys/pkg/CFR-2007-title45-vol1/pdf/CFR-2007-title45-vol1-chapA-subchapC.pdf">164.312(a)(2)(i)</reference>
        <reference href="https://www.gpo.gov/fdsys/pkg/CFR-2007-title45-vol1/pdf/CFR-2007-title45-vol1-chapA-subchapC.pdf">164.312(b)</reference>
        <reference href="https://www.gpo.gov/fdsys/pkg/CFR-2007-title45-vol1/pdf/CFR-2007-title45-vol1-chapA-subchapC.pdf">164.312(d)</reference>
        <reference href="https://www.gpo.gov/fdsys/pkg/CFR-2007-title45-vol1/pdf/CFR-2007-title45-vol1-chapA-subchapC.pdf">164.312(e)</reference>
        <reference href="https://www.isa.org/products/isa-62443-2-1-2009-security-for-industrial-automat">4.2.3.10</reference>
        <reference href="https://www.isa.org/products/isa-62443-2-1-2009-security-for-industrial-automat">4.3.2.6.7</reference>
        <reference href="https://www.isa.org/products/isa-62443-2-1-2009-security-for-industrial-automat">4.3.3.3.9</reference>
        <reference href="https://www.isa.org/products/isa-62443-2-1-2009-security-for-industrial-automat">4.3.3.5.8</reference>
        <reference href="https://www.isa.org/products/isa-62443-2-1-2009-security-for-industrial-automat">4.3.3.6.6</reference>
        <reference href="https://www.isa.org/products/isa-62443-2-1-2009-security-for-industrial-automat">4.3.4.4.7</reference>
        <reference href="https://www.isa.org/products/isa-62443-2-1-2009-security-for-industrial-automat">4.3.4.5.6</reference>
        <reference href="https://www.isa.org/products/isa-62443-2-1-2009-security-for-industrial-automat">4.3.4.5.7</reference>
        <reference href="https://www.isa.org/products/isa-62443-2-1-2009-security-for-industrial-automat">4.3.4.5.8</reference>
        <reference href="https://www.isa.org/products/isa-62443-2-1-2009-security-for-industrial-automat">4.4.2.1</reference>
        <reference href="https://www.isa.org/products/isa-62443-2-1-2009-security-for-industrial-automat">4.4.2.2</reference>
        <reference href="https://www.isa.org/products/isa-62443-2-1-2009-security-for-industrial-automat">4.4.2.4</reference>
        <reference href="https://www.isa.org/products/ansi-isa-62443-3-3-99-03-03-2013-security-for-indu">SR 1.13</reference>
        <reference href="https://www.isa.org/products/ansi-isa-62443-3-3-99-03-03-2013-security-for-indu">SR 2.10</reference>
        <reference href="https://www.isa.org/products/ansi-isa-62443-3-3-99-03-03-2013-security-for-indu">SR 2.11</reference>
        <reference href="https://www.isa.org/products/ansi-isa-62443-3-3-99-03-03-2013-security-for-indu">SR 2.12</reference>
        <reference href="https://www.isa.org/products/ansi-isa-62443-3-3-99-03-03-2013-security-for-indu">SR 2.6</reference>
        <reference href="https://www.isa.org/products/ansi-isa-62443-3-3-99-03-03-2013-security-for-indu">SR 2.8</reference>
        <reference href="https://www.isa.org/products/ansi-isa-62443-3-3-99-03-03-2013-security-for-indu">SR 2.9</reference>
        <reference href="https://www.isa.org/products/ansi-isa-62443-3-3-99-03-03-2013-security-for-indu">SR 3.1</reference>
        <reference href="https://www.isa.org/products/ansi-isa-62443-3-3-99-03-03-2013-security-for-indu">SR 3.5</reference>
        <reference href="https://www.isa.org/products/ansi-isa-62443-3-3-99-03-03-2013-security-for-indu">SR 3.8</reference>
        <reference href="https://www.isa.org/products/ansi-isa-62443-3-3-99-03-03-2013-security-for-indu">SR 4.1</reference>
        <reference href="https://www.isa.org/products/ansi-isa-62443-3-3-99-03-03-2013-security-for-indu">SR 4.3</reference>
        <reference href="https://www.isa.org/products/ansi-isa-62443-3-3-99-03-03-2013-security-for-indu">SR 5.1</reference>
        <reference href="https://www.isa.org/products/ansi-isa-62443-3-3-99-03-03-2013-security-for-indu">SR 5.2</reference>
        <reference href="https://www.isa.org/products/ansi-isa-62443-3-3-99-03-03-2013-security-for-indu">SR 5.3</reference>
        <reference href="https://www.isa.org/products/ansi-isa-62443-3-3-99-03-03-2013-security-for-indu">SR 6.1</reference>
        <reference href="https://www.isa.org/products/ansi-isa-62443-3-3-99-03-03-2013-security-for-indu">SR 6.2</reference>
        <reference href="https://www.isa.org/products/ansi-isa-62443-3-3-99-03-03-2013-security-for-indu">SR 7.1</reference>
        <reference href="https://www.isa.org/products/ansi-isa-62443-3-3-99-03-03-2013-security-for-indu">SR 7.6</reference>
        <reference href="https://www.iso.org/contents/data/standard/05/45/54534.html">A.11.2.6</reference>
        <reference href="https://www.iso.org/contents/data/standard/05/45/54534.html">A.12.4.1</reference>
        <reference href="https://www.iso.org/contents/data/standard/05/45/54534.html">A.12.4.2</reference>
        <reference href="https://www.iso.org/contents/data/standard/05/45/54534.html">A.12.4.3</reference>
        <reference href="https://www.iso.org/contents/data/standard/05/45/54534.html">A.12.4.4</reference>
        <reference href="https://www.iso.org/contents/data/standard/05/45/54534.html">A.12.7.1</reference>
        <reference href="https://www.iso.org/contents/data/standard/05/45/54534.html">A.13.1.1</reference>
        <reference href="https://www.iso.org/contents/data/standard/05/45/54534.html">A.13.2.1</reference>
        <reference href="https://www.iso.org/contents/data/standard/05/45/54534.html">A.14.1.3</reference>
        <reference href="https://www.iso.org/contents/data/standard/05/45/54534.html">A.14.2.7</reference>
        <reference href="https://www.iso.org/contents/data/standard/05/45/54534.html">A.15.2.1</reference>
        <reference href="https://www.iso.org/contents/data/standard/05/45/54534.html">A.15.2.2</reference>
        <reference href="https://www.iso.org/contents/data/standard/05/45/54534.html">A.16.1.4</reference>
        <reference href="https://www.iso.org/contents/data/standard/05/45/54534.html">A.16.1.5</reference>
        <reference href="https://www.iso.org/contents/data/standard/05/45/54534.html">A.16.1.7</reference>
        <reference href="https://www.iso.org/contents/data/standard/05/45/54534.html">A.6.2.1</reference>
        <reference href="https://www.iso.org/contents/data/standard/05/45/54534.html">A.6.2.2</reference>
        <reference href="http://nvlpubs.nist.gov/nistpubs/SpecialPublications/NIST.SP.800-53r4.pdf">AU-2(d)</reference>
        <reference href="http://nvlpubs.nist.gov/nistpubs/SpecialPublications/NIST.SP.800-53r4.pdf">AU-12(c)</reference>
        <reference href="http://nvlpubs.nist.gov/nistpubs/SpecialPublications/NIST.SP.800-53r4.pdf">CM-6(a)</reference>
        <reference href="https://nvlpubs.nist.gov/nistpubs/CSWP/NIST.CSWP.04162018.pdf">DE.AE-3</reference>
        <reference href="https://nvlpubs.nist.gov/nistpubs/CSWP/NIST.CSWP.04162018.pdf">DE.AE-5</reference>
        <reference href="https://nvlpubs.nist.gov/nistpubs/CSWP/NIST.CSWP.04162018.pdf">DE.CM-1</reference>
        <reference href="https://nvlpubs.nist.gov/nistpubs/CSWP/NIST.CSWP.04162018.pdf">DE.CM-3</reference>
        <reference href="https://nvlpubs.nist.gov/nistpubs/CSWP/NIST.CSWP.04162018.pdf">DE.CM-7</reference>
        <reference href="https://nvlpubs.nist.gov/nistpubs/CSWP/NIST.CSWP.04162018.pdf">ID.SC-4</reference>
        <reference href="https://nvlpubs.nist.gov/nistpubs/CSWP/NIST.CSWP.04162018.pdf">PR.AC-3</reference>
        <reference href="https://nvlpubs.nist.gov/nistpubs/CSWP/NIST.CSWP.04162018.pdf">PR.PT-1</reference>
        <reference href="https://nvlpubs.nist.gov/nistpubs/CSWP/NIST.CSWP.04162018.pdf">PR.PT-4</reference>
        <reference href="https://nvlpubs.nist.gov/nistpubs/CSWP/NIST.CSWP.04162018.pdf">RS.AN-1</reference>
        <reference href="https://nvlpubs.nist.gov/nistpubs/CSWP/NIST.CSWP.04162018.pdf">RS.AN-4</reference>
        <reference href="https://www.pcisecuritystandards.org/documents/PCI_DSS_v3-2-1.pdf">Req-10.2.3</reference>
        <reference href="https://www.cyber.mil/stigs/downloads/?_dl_facet_stigs=app-security">SRG-APP-000505-CTR-001285</reference>
        <reference href="https://www.cisecurity.org/benchmark/suse_linux/">4.1.8</reference>
        <reference href="not_publicly_available">SLES-15-750450285</reference>
        <rationale xmlns:xhtml="http://www.w3.org/1999/xhtml" xml:lang="en-US">Manual editing of these files may indicate nefarious activity, such
as an attacker attempting to remove evidence of an intrusion.</rationale>
        <ident system="https://ncp.nist.gov/cce">CCE-85829-0</ident>
        <fix xmlns:xhtml="http://www.w3.org/1999/xhtml" id="audit_rules_session_events" system="urn:xccdf:fix:script:sh"># Remediation is applicable only in certain platforms
if rpm --quiet -q audit &amp;&amp; rpm --quiet -q kernel-default || rpm --quiet -q kernel-default-base; then

# Perform the remediation for both possible tools: 'auditctl' and 'augenrules'
# Create a list of audit *.rules files that should be inspected for presence and correctness
# of a particular audit rule. The scheme is as follows:
#
# -----------------------------------------------------------------------------------------
# Tool used to load audit rules	| Rule already defined	|  Audit rules file to inspect	  |
# -----------------------------------------------------------------------------------------
#	auditctl		|     Doesn't matter	|  /etc/audit/audit.rules	  |
# -----------------------------------------------------------------------------------------
# 	augenrules		|          Yes		|  /etc/audit/rules.d/*.rules	  |
# 	augenrules		|          No		|  /etc/audit/rules.d/$key.rules  |
# -----------------------------------------------------------------------------------------
files_to_inspect=()


# If the audit tool is 'auditctl', then add '/etc/audit/audit.rules'
# into the list of files to be inspected
files_to_inspect+=('/etc/audit/audit.rules')

# Finally perform the inspection and possible subsequent audit rule
# correction for each of the files previously identified for inspection
for audit_rules_file in "${files_to_inspect[@]}"
do
    # Check if audit watch file system object rule for given path already present

    if grep -q -P -- "^[\s]*-w[\s]+/var/run/utmp" "$audit_rules_file"

    then
        # Rule is found =&gt; verify yet if existing rule definition contains
        # all of the required access type bits

        # Define BRE whitespace class shortcut
        sp="[[:space:]]"
        # Extract current permission access types (e.g. -p [r|w|x|a] values) from audit rule

        current_access_bits=$(sed -ne "s#$sp*-w$sp\+/var/run/utmp $sp\+-p$sp\+\([rxwa]\{1,4\}\).*#\1#p" "$audit_rules_file")

        # Split required access bits string into characters array
        # (to check bit's presence for one bit at a time)
        for access_bit in $(echo "wa" | grep -o .)
        do
            # For each from the required access bits (e.g. 'w', 'a') check
            # if they are already present in current access bits for rule.
            # If not, append that bit at the end
            if ! grep -q "$access_bit" &lt;&lt;&lt; "$current_access_bits"
            then
                # Concatenate the existing mask with the missing bit
                current_access_bits="$current_access_bits$access_bit"
            fi
        done
        # Propagate the updated rule's access bits (original + the required
        # ones) back into the /etc/audit/audit.rules file for that rule

        sed -i "s#\($sp*-w$sp\+/var/run/utmp$sp\+-p$sp\+\)\([rxwa]\{1,4\}\)\(.*\)#\1$current_access_bits\3#" "$audit_rules_file"

    else
        # Rule isn't present yet. Append it at the end of $audit_rules_file file
        # with proper key


        echo "-w /var/run/utmp -p wa -k session" &gt;&gt; "$audit_rules_file"

    fi
done
# Create a list of audit *.rules files that should be inspected for presence and correctness
# of a particular audit rule. The scheme is as follows:
#
# -----------------------------------------------------------------------------------------
# Tool used to load audit rules	| Rule already defined	|  Audit rules file to inspect	  |
# -----------------------------------------------------------------------------------------
#	auditctl		|     Doesn't matter	|  /etc/audit/audit.rules	  |
# -----------------------------------------------------------------------------------------
# 	augenrules		|          Yes		|  /etc/audit/rules.d/*.rules	  |
# 	augenrules		|          No		|  /etc/audit/rules.d/$key.rules  |
# -----------------------------------------------------------------------------------------
files_to_inspect=()

# If the audit is 'augenrules', then check if rule is already defined
# If rule is defined, add '/etc/audit/rules.d/*.rules' to list of files for inspection.
# If rule isn't defined, add '/etc/audit/rules.d/session.rules' to list of files for inspection.

readarray -t matches &lt; &lt;(grep -HP "[\s]*-w[\s]+/var/run/utmp" /etc/audit/rules.d/*.rules)


# For each of the matched entries
for match in "${matches[@]}"
do
    # Extract filepath from the match
    rulesd_audit_file=$(echo $match | cut -f1 -d ':')
    # Append that path into list of files for inspection
    files_to_inspect+=("$rulesd_audit_file")
done
# Case when particular audit rule isn't defined yet
if [ "${#files_to_inspect[@]}" -eq "0" ]
then
    # Append '/etc/audit/rules.d/session.rules' into list of files for inspection
    key_rule_file="/etc/audit/rules.d/session.rules"
    # If the session.rules file doesn't exist yet, create it with correct permissions
    if [ ! -e "$key_rule_file" ]
    then
        touch "$key_rule_file"
        chmod 0600 "$key_rule_file"
    fi
    files_to_inspect+=("$key_rule_file")
fi

# Finally perform the inspection and possible subsequent audit rule
# correction for each of the files previously identified for inspection
for audit_rules_file in "${files_to_inspect[@]}"
do
    # Check if audit watch file system object rule for given path already present

    if grep -q -P -- "^[\s]*-w[\s]+/var/run/utmp" "$audit_rules_file"

    then
        # Rule is found =&gt; verify yet if existing rule definition contains
        # all of the required access type bits

        # Define BRE whitespace class shortcut
        sp="[[:space:]]"
        # Extract current permission access types (e.g. -p [r|w|x|a] values) from audit rule

        current_access_bits=$(sed -ne "s#$sp*-w$sp\+/var/run/utmp $sp\+-p$sp\+\([rxwa]\{1,4\}\).*#\1#p" "$audit_rules_file")

        # Split required access bits string into characters array
        # (to check bit's presence for one bit at a time)
        for access_bit in $(echo "wa" | grep -o .)
        do
            # For each from the required access bits (e.g. 'w', 'a') check
            # if they are already present in current access bits for rule.
            # If not, append that bit at the end
            if ! grep -q "$access_bit" &lt;&lt;&lt; "$current_access_bits"
            then
                # Concatenate the existing mask with the missing bit
                current_access_bits="$current_access_bits$access_bit"
            fi
        done
        # Propagate the updated rule's access bits (original + the required
        # ones) back into the /etc/audit/audit.rules file for that rule

        sed -i "s#\($sp*-w$sp\+/var/run/utmp$sp\+-p$sp\+\)\([rxwa]\{1,4\}\)\(.*\)#\1$current_access_bits\3#" "$audit_rules_file"

    else
        # Rule isn't present yet. Append it at the end of $audit_rules_file file
        # with proper key


        echo "-w /var/run/utmp -p wa -k session" &gt;&gt; "$audit_rules_file"

    fi
done
# Create a list of audit *.rules files that should be inspected for presence and correctness
# of a particular audit rule. The scheme is as follows:
#
# -----------------------------------------------------------------------------------------
# Tool used to load audit rules	| Rule already defined	|  Audit rules file to inspect	  |
# -----------------------------------------------------------------------------------------
#	auditctl		|     Doesn't matter	|  /etc/audit/audit.rules	  |
# -----------------------------------------------------------------------------------------
# 	augenrules		|          Yes		|  /etc/audit/rules.d/*.rules	  |
# 	augenrules		|          No		|  /etc/audit/rules.d/$key.rules  |
# -----------------------------------------------------------------------------------------
files_to_inspect=()


# If the audit tool is 'auditctl', then add '/etc/audit/audit.rules'
# into the list of files to be inspected
files_to_inspect+=('/etc/audit/audit.rules')

# Finally perform the inspection and possible subsequent audit rule
# correction for each of the files previously identified for inspection
for audit_rules_file in "${files_to_inspect[@]}"
do
    # Check if audit watch file system object rule for given path already present

    if grep -q -P -- "^[\s]*-w[\s]+/var/log/btmp" "$audit_rules_file"

    then
        # Rule is found =&gt; verify yet if existing rule definition contains
        # all of the required access type bits

        # Define BRE whitespace class shortcut
        sp="[[:space:]]"
        # Extract current permission access types (e.g. -p [r|w|x|a] values) from audit rule

        current_access_bits=$(sed -ne "s#$sp*-w$sp\+/var/log/btmp $sp\+-p$sp\+\([rxwa]\{1,4\}\).*#\1#p" "$audit_rules_file")

        # Split required access bits string into characters array
        # (to check bit's presence for one bit at a time)
        for access_bit in $(echo "wa" | grep -o .)
        do
            # For each from the required access bits (e.g. 'w', 'a') check
            # if they are already present in current access bits for rule.
            # If not, append that bit at the end
            if ! grep -q "$access_bit" &lt;&lt;&lt; "$current_access_bits"
            then
                # Concatenate the existing mask with the missing bit
                current_access_bits="$current_access_bits$access_bit"
            fi
        done
        # Propagate the updated rule's access bits (original + the required
        # ones) back into the /etc/audit/audit.rules file for that rule

        sed -i "s#\($sp*-w$sp\+/var/log/btmp$sp\+-p$sp\+\)\([rxwa]\{1,4\}\)\(.*\)#\1$current_access_bits\3#" "$audit_rules_file"

    else
        # Rule isn't present yet. Append it at the end of $audit_rules_file file
        # with proper key


        echo "-w /var/log/btmp -p wa -k session" &gt;&gt; "$audit_rules_file"

    fi
done
# Create a list of audit *.rules files that should be inspected for presence and correctness
# of a particular audit rule. The scheme is as follows:
#
# -----------------------------------------------------------------------------------------
# Tool used to load audit rules	| Rule already defined	|  Audit rules file to inspect	  |
# -----------------------------------------------------------------------------------------
#	auditctl		|     Doesn't matter	|  /etc/audit/audit.rules	  |
# -----------------------------------------------------------------------------------------
# 	augenrules		|          Yes		|  /etc/audit/rules.d/*.rules	  |
# 	augenrules		|          No		|  /etc/audit/rules.d/$key.rules  |
# -----------------------------------------------------------------------------------------
files_to_inspect=()

# If the audit is 'augenrules', then check if rule is already defined
# If rule is defined, add '/etc/audit/rules.d/*.rules' to list of files for inspection.
# If rule isn't defined, add '/etc/audit/rules.d/session.rules' to list of files for inspection.

readarray -t matches &lt; &lt;(grep -HP "[\s]*-w[\s]+/var/log/btmp" /etc/audit/rules.d/*.rules)


# For each of the matched entries
for match in "${matches[@]}"
do
    # Extract filepath from the match
    rulesd_audit_file=$(echo $match | cut -f1 -d ':')
    # Append that path into list of files for inspection
    files_to_inspect+=("$rulesd_audit_file")
done
# Case when particular audit rule isn't defined yet
if [ "${#files_to_inspect[@]}" -eq "0" ]
then
    # Append '/etc/audit/rules.d/session.rules' into list of files for inspection
    key_rule_file="/etc/audit/rules.d/session.rules"
    # If the session.rules file doesn't exist yet, create it with correct permissions
    if [ ! -e "$key_rule_file" ]
    then
        touch "$key_rule_file"
        chmod 0600 "$key_rule_file"
    fi
    files_to_inspect+=("$key_rule_file")
fi

# Finally perform the inspection and possible subsequent audit rule
# correction for each of the files previously identified for inspection
for audit_rules_file in "${files_to_inspect[@]}"
do
    # Check if audit watch file system object rule for given path already present

    if grep -q -P -- "^[\s]*-w[\s]+/var/log/btmp" "$audit_rules_file"

    then
        # Rule is found =&gt; verify yet if existing rule definition contains
        # all of the required access type bits

        # Define BRE whitespace class shortcut
        sp="[[:space:]]"
        # Extract current permission access types (e.g. -p [r|w|x|a] values) from audit rule

        current_access_bits=$(sed -ne "s#$sp*-w$sp\+/var/log/btmp $sp\+-p$sp\+\([rxwa]\{1,4\}\).*#\1#p" "$audit_rules_file")

        # Split required access bits string into characters array
        # (to check bit's presence for one bit at a time)
        for access_bit in $(echo "wa" | grep -o .)
        do
            # For each from the required access bits (e.g. 'w', 'a') check
            # if they are already present in current access bits for rule.
            # If not, append that bit at the end
            if ! grep -q "$access_bit" &lt;&lt;&lt; "$current_access_bits"
            then
                # Concatenate the existing mask with the missing bit
                current_access_bits="$current_access_bits$access_bit"
            fi
        done
        # Propagate the updated rule's access bits (original + the required
        # ones) back into the /etc/audit/audit.rules file for that rule

        sed -i "s#\($sp*-w$sp\+/var/log/btmp$sp\+-p$sp\+\)\([rxwa]\{1,4\}\)\(.*\)#\1$current_access_bits\3#" "$audit_rules_file"

    else
        # Rule isn't present yet. Append it at the end of $audit_rules_file file
        # with proper key


        echo "-w /var/log/btmp -p wa -k session" &gt;&gt; "$audit_rules_file"

    fi
done
# Create a list of audit *.rules files that should be inspected for presence and correctness
# of a particular audit rule. The scheme is as follows:
#
# -----------------------------------------------------------------------------------------
# Tool used to load audit rules	| Rule already defined	|  Audit rules file to inspect	  |
# -----------------------------------------------------------------------------------------
#	auditctl		|     Doesn't matter	|  /etc/audit/audit.rules	  |
# -----------------------------------------------------------------------------------------
# 	augenrules		|          Yes		|  /etc/audit/rules.d/*.rules	  |
# 	augenrules		|          No		|  /etc/audit/rules.d/$key.rules  |
# -----------------------------------------------------------------------------------------
files_to_inspect=()


# If the audit tool is 'auditctl', then add '/etc/audit/audit.rules'
# into the list of files to be inspected
files_to_inspect+=('/etc/audit/audit.rules')

# Finally perform the inspection and possible subsequent audit rule
# correction for each of the files previously identified for inspection
for audit_rules_file in "${files_to_inspect[@]}"
do
    # Check if audit watch file system object rule for given path already present

    if grep -q -P -- "^[\s]*-w[\s]+/var/log/wtmp" "$audit_rules_file"

    then
        # Rule is found =&gt; verify yet if existing rule definition contains
        # all of the required access type bits

        # Define BRE whitespace class shortcut
        sp="[[:space:]]"
        # Extract current permission access types (e.g. -p [r|w|x|a] values) from audit rule

        current_access_bits=$(sed -ne "s#$sp*-w$sp\+/var/log/wtmp $sp\+-p$sp\+\([rxwa]\{1,4\}\).*#\1#p" "$audit_rules_file")

        # Split required access bits string into characters array
        # (to check bit's presence for one bit at a time)
        for access_bit in $(echo "wa" | grep -o .)
        do
            # For each from the required access bits (e.g. 'w', 'a') check
            # if they are already present in current access bits for rule.
            # If not, append that bit at the end
            if ! grep -q "$access_bit" &lt;&lt;&lt; "$current_access_bits"
            then
                # Concatenate the existing mask with the missing bit
                current_access_bits="$current_access_bits$access_bit"
            fi
        done
        # Propagate the updated rule's access bits (original + the required
        # ones) back into the /etc/audit/audit.rules file for that rule

        sed -i "s#\($sp*-w$sp\+/var/log/wtmp$sp\+-p$sp\+\)\([rxwa]\{1,4\}\)\(.*\)#\1$current_access_bits\3#" "$audit_rules_file"

    else
        # Rule isn't present yet. Append it at the end of $audit_rules_file file
        # with proper key


        echo "-w /var/log/wtmp -p wa -k session" &gt;&gt; "$audit_rules_file"

    fi
done
# Create a list of audit *.rules files that should be inspected for presence and correctness
# of a particular audit rule. The scheme is as follows:
#
# -----------------------------------------------------------------------------------------
# Tool used to load audit rules	| Rule already defined	|  Audit rules file to inspect	  |
# -----------------------------------------------------------------------------------------
#	auditctl		|     Doesn't matter	|  /etc/audit/audit.rules	  |
# -----------------------------------------------------------------------------------------
# 	augenrules		|          Yes		|  /etc/audit/rules.d/*.rules	  |
# 	augenrules		|          No		|  /etc/audit/rules.d/$key.rules  |
# -----------------------------------------------------------------------------------------
files_to_inspect=()

# If the audit is 'augenrules', then check if rule is already defined
# If rule is defined, add '/etc/audit/rules.d/*.rules' to list of files for inspection.
# If rule isn't defined, add '/etc/audit/rules.d/session.rules' to list of files for inspection.

readarray -t matches &lt; &lt;(grep -HP "[\s]*-w[\s]+/var/log/wtmp" /etc/audit/rules.d/*.rules)


# For each of the matched entries
for match in "${matches[@]}"
do
    # Extract filepath from the match
    rulesd_audit_file=$(echo $match | cut -f1 -d ':')
    # Append that path into list of files for inspection
    files_to_inspect+=("$rulesd_audit_file")
done
# Case when particular audit rule isn't defined yet
if [ "${#files_to_inspect[@]}" -eq "0" ]
then
    # Append '/etc/audit/rules.d/session.rules' into list of files for inspection
    key_rule_file="/etc/audit/rules.d/session.rules"
    # If the session.rules file doesn't exist yet, create it with correct permissions
    if [ ! -e "$key_rule_file" ]
    then
        touch "$key_rule_file"
        chmod 0600 "$key_rule_file"
    fi
    files_to_inspect+=("$key_rule_file")
fi

# Finally perform the inspection and possible subsequent audit rule
# correction for each of the files previously identified for inspection
for audit_rules_file in "${files_to_inspect[@]}"
do
    # Check if audit watch file system object rule for given path already present

    if grep -q -P -- "^[\s]*-w[\s]+/var/log/wtmp" "$audit_rules_file"

    then
        # Rule is found =&gt; verify yet if existing rule definition contains
        # all of the required access type bits

        # Define BRE whitespace class shortcut
        sp="[[:space:]]"
        # Extract current permission access types (e.g. -p [r|w|x|a] values) from audit rule

        current_access_bits=$(sed -ne "s#$sp*-w$sp\+/var/log/wtmp $sp\+-p$sp\+\([rxwa]\{1,4\}\).*#\1#p" "$audit_rules_file")

        # Split required access bits string into characters array
        # (to check bit's presence for one bit at a time)
        for access_bit in $(echo "wa" | grep -o .)
        do
            # For each from the required access bits (e.g. 'w', 'a') check
            # if they are already present in current access bits for rule.
            # If not, append that bit at the end
            if ! grep -q "$access_bit" &lt;&lt;&lt; "$current_access_bits"
            then
                # Concatenate the existing mask with the missing bit
                current_access_bits="$current_access_bits$access_bit"
            fi
        done
        # Propagate the updated rule's access bits (original + the required
        # ones) back into the /etc/audit/audit.rules file for that rule

        sed -i "s#\($sp*-w$sp\+/var/log/wtmp$sp\+-p$sp\+\)\([rxwa]\{1,4\}\)\(.*\)#\1$current_access_bits\3#" "$audit_rules_file"

    else
        # Rule isn't present yet. Append it at the end of $audit_rules_file file
        # with proper key


        echo "-w /var/log/wtmp -p wa -k session" &gt;&gt; "$audit_rules_file"

    fi
done

else
    &gt;&amp;2 echo 'Remediation is not applicable, nothing was done'
fi
</fix>
        <fix xmlns:xhtml="http://www.w3.org/1999/xhtml" id="audit_rules_session_events" system="urn:xccdf:fix:script:ansible" reboot="true" complexity="low" disruption="low" strategy="restrict">- name: Gather the package facts
  package_facts:
    manager: auto
  tags:
  - CCE-85829-0
  - CJIS-5.4.1.1
  - NIST-800-171-3.1.7
  - NIST-800-53-AU-12(c)
  - NIST-800-53-AU-2(d)
  - NIST-800-53-CM-6(a)
  - PCI-DSS-Req-10.2.3
  - audit_rules_session_events
  - low_complexity
  - low_disruption
  - medium_severity
  - reboot_required
  - restrict_strategy

- name: Record Attempts to Alter Process and Session Initiation Information - Check
    if watch rule for /var/run/utmp already exists in /etc/audit/rules.d/
  ansible.builtin.find:
    paths: /etc/audit/rules.d
    contains: ^\s*-w\s+/var/run/utmp\s+-p\s+wa(\s|$)+
    patterns: '*.rules'
  register: find_existing_watch_rules_d
  when:
  - '"audit" in ansible_facts.packages'
  - ("kernel-default" in ansible_facts.packages or "kernel-default-base" in ansible_facts.packages)
  tags:
  - CCE-85829-0
  - CJIS-5.4.1.1
  - NIST-800-171-3.1.7
  - NIST-800-53-AU-12(c)
  - NIST-800-53-AU-2(d)
  - NIST-800-53-CM-6(a)
  - PCI-DSS-Req-10.2.3
  - audit_rules_session_events
  - low_complexity
  - low_disruption
  - medium_severity
  - reboot_required
  - restrict_strategy

- name: Record Attempts to Alter Process and Session Initiation Information - Search
    /etc/audit/rules.d for other rules with specified key session
  ansible.builtin.find:
    paths: /etc/audit/rules.d
    contains: ^.*(?:-F key=|-k\s+)session$
    patterns: '*.rules'
  register: find_watch_key
  when:
  - '"audit" in ansible_facts.packages'
  - ("kernel-default" in ansible_facts.packages or "kernel-default-base" in ansible_facts.packages)
  - find_existing_watch_rules_d.matched is defined and find_existing_watch_rules_d.matched
    == 0
  tags:
  - CCE-85829-0
  - CJIS-5.4.1.1
  - NIST-800-171-3.1.7
  - NIST-800-53-AU-12(c)
  - NIST-800-53-AU-2(d)
  - NIST-800-53-CM-6(a)
  - PCI-DSS-Req-10.2.3
  - audit_rules_session_events
  - low_complexity
  - low_disruption
  - medium_severity
  - reboot_required
  - restrict_strategy

- name: Record Attempts to Alter Process and Session Initiation Information - Use
    /etc/audit/rules.d/session.rules as the recipient for the rule
  ansible.builtin.set_fact:
    all_files:
    - /etc/audit/rules.d/session.rules
  when:
  - '"audit" in ansible_facts.packages'
  - ("kernel-default" in ansible_facts.packages or "kernel-default-base" in ansible_facts.packages)
  - find_watch_key.matched is defined and find_watch_key.matched == 0 and find_existing_watch_rules_d.matched
    is defined and find_existing_watch_rules_d.matched == 0
  tags:
  - CCE-85829-0
  - CJIS-5.4.1.1
  - NIST-800-171-3.1.7
  - NIST-800-53-AU-12(c)
  - NIST-800-53-AU-2(d)
  - NIST-800-53-CM-6(a)
  - PCI-DSS-Req-10.2.3
  - audit_rules_session_events
  - low_complexity
  - low_disruption
  - medium_severity
  - reboot_required
  - restrict_strategy

- name: Record Attempts to Alter Process and Session Initiation Information - Use
    matched file as the recipient for the rule
  ansible.builtin.set_fact:
    all_files:
    - '{{ find_watch_key.files | map(attribute=''path'') | list | first }}'
  when:
  - '"audit" in ansible_facts.packages'
  - ("kernel-default" in ansible_facts.packages or "kernel-default-base" in ansible_facts.packages)
  - find_watch_key.matched is defined and find_watch_key.matched &gt; 0 and find_existing_watch_rules_d.matched
    is defined and find_existing_watch_rules_d.matched == 0
  tags:
  - CCE-85829-0
  - CJIS-5.4.1.1
  - NIST-800-171-3.1.7
  - NIST-800-53-AU-12(c)
  - NIST-800-53-AU-2(d)
  - NIST-800-53-CM-6(a)
  - PCI-DSS-Req-10.2.3
  - audit_rules_session_events
  - low_complexity
  - low_disruption
  - medium_severity
  - reboot_required
  - restrict_strategy

- name: Record Attempts to Alter Process and Session Initiation Information - Add
    watch rule for /var/run/utmp in /etc/audit/rules.d/
  ansible.builtin.lineinfile:
    path: '{{ all_files[0] }}'
    line: -w /var/run/utmp -p wa -k session
    create: true
    mode: '0600'
  when:
  - '"audit" in ansible_facts.packages'
  - ("kernel-default" in ansible_facts.packages or "kernel-default-base" in ansible_facts.packages)
  - find_existing_watch_rules_d.matched is defined and find_existing_watch_rules_d.matched
    == 0
  tags:
  - CCE-85829-0
  - CJIS-5.4.1.1
  - NIST-800-171-3.1.7
  - NIST-800-53-AU-12(c)
  - NIST-800-53-AU-2(d)
  - NIST-800-53-CM-6(a)
  - PCI-DSS-Req-10.2.3
  - audit_rules_session_events
  - low_complexity
  - low_disruption
  - medium_severity
  - reboot_required
  - restrict_strategy

- name: Record Attempts to Alter Process and Session Initiation Information - Check
    if watch rule for /var/run/utmp already exists in /etc/audit/audit.rules
  ansible.builtin.find:
    paths: /etc/audit/
    contains: ^\s*-w\s+/var/run/utmp\s+-p\s+wa(\s|$)+
    patterns: audit.rules
  register: find_existing_watch_audit_rules
  when:
  - '"audit" in ansible_facts.packages'
  - ("kernel-default" in ansible_facts.packages or "kernel-default-base" in ansible_facts.packages)
  tags:
  - CCE-85829-0
  - CJIS-5.4.1.1
  - NIST-800-171-3.1.7
  - NIST-800-53-AU-12(c)
  - NIST-800-53-AU-2(d)
  - NIST-800-53-CM-6(a)
  - PCI-DSS-Req-10.2.3
  - audit_rules_session_events
  - low_complexity
  - low_disruption
  - medium_severity
  - reboot_required
  - restrict_strategy

- name: Record Attempts to Alter Process and Session Initiation Information - Add
    watch rule for /var/run/utmp in /etc/audit/audit.rules
  ansible.builtin.lineinfile:
    line: -w /var/run/utmp -p wa -k session
    state: present
    dest: /etc/audit/audit.rules
    create: true
    mode: '0600'
  when:
  - '"audit" in ansible_facts.packages'
  - ("kernel-default" in ansible_facts.packages or "kernel-default-base" in ansible_facts.packages)
  - find_existing_watch_audit_rules.matched is defined and find_existing_watch_audit_rules.matched
    == 0
  tags:
  - CCE-85829-0
  - CJIS-5.4.1.1
  - NIST-800-171-3.1.7
  - NIST-800-53-AU-12(c)
  - NIST-800-53-AU-2(d)
  - NIST-800-53-CM-6(a)
  - PCI-DSS-Req-10.2.3
  - audit_rules_session_events
  - low_complexity
  - low_disruption
  - medium_severity
  - reboot_required
  - restrict_strategy

- name: Record Attempts to Alter Process and Session Initiation Information - Check
    if watch rule for /var/log/btmp already exists in /etc/audit/rules.d/
  ansible.builtin.find:
    paths: /etc/audit/rules.d
    contains: ^\s*-w\s+/var/log/btmp\s+-p\s+wa(\s|$)+
    patterns: '*.rules'
  register: find_existing_watch_rules_d
  when:
  - '"audit" in ansible_facts.packages'
  - ("kernel-default" in ansible_facts.packages or "kernel-default-base" in ansible_facts.packages)
  tags:
  - CCE-85829-0
  - CJIS-5.4.1.1
  - NIST-800-171-3.1.7
  - NIST-800-53-AU-12(c)
  - NIST-800-53-AU-2(d)
  - NIST-800-53-CM-6(a)
  - PCI-DSS-Req-10.2.3
  - audit_rules_session_events
  - low_complexity
  - low_disruption
  - medium_severity
  - reboot_required
  - restrict_strategy

- name: Record Attempts to Alter Process and Session Initiation Information - Search
    /etc/audit/rules.d for other rules with specified key session
  ansible.builtin.find:
    paths: /etc/audit/rules.d
    contains: ^.*(?:-F key=|-k\s+)session$
    patterns: '*.rules'
  register: find_watch_key
  when:
  - '"audit" in ansible_facts.packages'
  - ("kernel-default" in ansible_facts.packages or "kernel-default-base" in ansible_facts.packages)
  - find_existing_watch_rules_d.matched is defined and find_existing_watch_rules_d.matched
    == 0
  tags:
  - CCE-85829-0
  - CJIS-5.4.1.1
  - NIST-800-171-3.1.7
  - NIST-800-53-AU-12(c)
  - NIST-800-53-AU-2(d)
  - NIST-800-53-CM-6(a)
  - PCI-DSS-Req-10.2.3
  - audit_rules_session_events
  - low_complexity
  - low_disruption
  - medium_severity
  - reboot_required
  - restrict_strategy

- name: Record Attempts to Alter Process and Session Initiation Information - Use
    /etc/audit/rules.d/session.rules as the recipient for the rule
  ansible.builtin.set_fact:
    all_files:
    - /etc/audit/rules.d/session.rules
  when:
  - '"audit" in ansible_facts.packages'
  - ("kernel-default" in ansible_facts.packages or "kernel-default-base" in ansible_facts.packages)
  - find_watch_key.matched is defined and find_watch_key.matched == 0 and find_existing_watch_rules_d.matched
    is defined and find_existing_watch_rules_d.matched == 0
  tags:
  - CCE-85829-0
  - CJIS-5.4.1.1
  - NIST-800-171-3.1.7
  - NIST-800-53-AU-12(c)
  - NIST-800-53-AU-2(d)
  - NIST-800-53-CM-6(a)
  - PCI-DSS-Req-10.2.3
  - audit_rules_session_events
  - low_complexity
  - low_disruption
  - medium_severity
  - reboot_required
  - restrict_strategy

- name: Record Attempts to Alter Process and Session Initiation Information - Use
    matched file as the recipient for the rule
  ansible.builtin.set_fact:
    all_files:
    - '{{ find_watch_key.files | map(attribute=''path'') | list | first }}'
  when:
  - '"audit" in ansible_facts.packages'
  - ("kernel-default" in ansible_facts.packages or "kernel-default-base" in ansible_facts.packages)
  - find_watch_key.matched is defined and find_watch_key.matched &gt; 0 and find_existing_watch_rules_d.matched
    is defined and find_existing_watch_rules_d.matched == 0
  tags:
  - CCE-85829-0
  - CJIS-5.4.1.1
  - NIST-800-171-3.1.7
  - NIST-800-53-AU-12(c)
  - NIST-800-53-AU-2(d)
  - NIST-800-53-CM-6(a)
  - PCI-DSS-Req-10.2.3
  - audit_rules_session_events
  - low_complexity
  - low_disruption
  - medium_severity
  - reboot_required
  - restrict_strategy

- name: Record Attempts to Alter Process and Session Initiation Information - Add
    watch rule for /var/log/btmp in /etc/audit/rules.d/
  ansible.builtin.lineinfile:
    path: '{{ all_files[0] }}'
    line: -w /var/log/btmp -p wa -k session
    create: true
    mode: '0600'
  when:
  - '"audit" in ansible_facts.packages'
  - ("kernel-default" in ansible_facts.packages or "kernel-default-base" in ansible_facts.packages)
  - find_existing_watch_rules_d.matched is defined and find_existing_watch_rules_d.matched
    == 0
  tags:
  - CCE-85829-0
  - CJIS-5.4.1.1
  - NIST-800-171-3.1.7
  - NIST-800-53-AU-12(c)
  - NIST-800-53-AU-2(d)
  - NIST-800-53-CM-6(a)
  - PCI-DSS-Req-10.2.3
  - audit_rules_session_events
  - low_complexity
  - low_disruption
  - medium_severity
  - reboot_required
  - restrict_strategy

- name: Record Attempts to Alter Process and Session Initiation Information - Check
    if watch rule for /var/log/btmp already exists in /etc/audit/audit.rules
  ansible.builtin.find:
    paths: /etc/audit/
    contains: ^\s*-w\s+/var/log/btmp\s+-p\s+wa(\s|$)+
    patterns: audit.rules
  register: find_existing_watch_audit_rules
  when:
  - '"audit" in ansible_facts.packages'
  - ("kernel-default" in ansible_facts.packages or "kernel-default-base" in ansible_facts.packages)
  tags:
  - CCE-85829-0
  - CJIS-5.4.1.1
  - NIST-800-171-3.1.7
  - NIST-800-53-AU-12(c)
  - NIST-800-53-AU-2(d)
  - NIST-800-53-CM-6(a)
  - PCI-DSS-Req-10.2.3
  - audit_rules_session_events
  - low_complexity
  - low_disruption
  - medium_severity
  - reboot_required
  - restrict_strategy

- name: Record Attempts to Alter Process and Session Initiation Information - Add
    watch rule for /var/log/btmp in /etc/audit/audit.rules
  ansible.builtin.lineinfile:
    line: -w /var/log/btmp -p wa -k session
    state: present
    dest: /etc/audit/audit.rules
    create: true
    mode: '0600'
  when:
  - '"audit" in ansible_facts.packages'
  - ("kernel-default" in ansible_facts.packages or "kernel-default-base" in ansible_facts.packages)
  - find_existing_watch_audit_rules.matched is defined and find_existing_watch_audit_rules.matched
    == 0
  tags:
  - CCE-85829-0
  - CJIS-5.4.1.1
  - NIST-800-171-3.1.7
  - NIST-800-53-AU-12(c)
  - NIST-800-53-AU-2(d)
  - NIST-800-53-CM-6(a)
  - PCI-DSS-Req-10.2.3
  - audit_rules_session_events
  - low_complexity
  - low_disruption
  - medium_severity
  - reboot_required
  - restrict_strategy

- name: Record Attempts to Alter Process and Session Initiation Information - Check
    if watch rule for /var/log/wtmp already exists in /etc/audit/rules.d/
  ansible.builtin.find:
    paths: /etc/audit/rules.d
    contains: ^\s*-w\s+/var/log/wtmp\s+-p\s+wa(\s|$)+
    patterns: '*.rules'
  register: find_existing_watch_rules_d
  when:
  - '"audit" in ansible_facts.packages'
  - ("kernel-default" in ansible_facts.packages or "kernel-default-base" in ansible_facts.packages)
  tags:
  - CCE-85829-0
  - CJIS-5.4.1.1
  - NIST-800-171-3.1.7
  - NIST-800-53-AU-12(c)
  - NIST-800-53-AU-2(d)
  - NIST-800-53-CM-6(a)
  - PCI-DSS-Req-10.2.3
  - audit_rules_session_events
  - low_complexity
  - low_disruption
  - medium_severity
  - reboot_required
  - restrict_strategy

- name: Record Attempts to Alter Process and Session Initiation Information - Search
    /etc/audit/rules.d for other rules with specified key session
  ansible.builtin.find:
    paths: /etc/audit/rules.d
    contains: ^.*(?:-F key=|-k\s+)session$
    patterns: '*.rules'
  register: find_watch_key
  when:
  - '"audit" in ansible_facts.packages'
  - ("kernel-default" in ansible_facts.packages or "kernel-default-base" in ansible_facts.packages)
  - find_existing_watch_rules_d.matched is defined and find_existing_watch_rules_d.matched
    == 0
  tags:
  - CCE-85829-0
  - CJIS-5.4.1.1
  - NIST-800-171-3.1.7
  - NIST-800-53-AU-12(c)
  - NIST-800-53-AU-2(d)
  - NIST-800-53-CM-6(a)
  - PCI-DSS-Req-10.2.3
  - audit_rules_session_events
  - low_complexity
  - low_disruption
  - medium_severity
  - reboot_required
  - restrict_strategy

- name: Record Attempts to Alter Process and Session Initiation Information - Use
    /etc/audit/rules.d/session.rules as the recipient for the rule
  ansible.builtin.set_fact:
    all_files:
    - /etc/audit/rules.d/session.rules
  when:
  - '"audit" in ansible_facts.packages'
  - ("kernel-default" in ansible_facts.packages or "kernel-default-base" in ansible_facts.packages)
  - find_watch_key.matched is defined and find_watch_key.matched == 0 and find_existing_watch_rules_d.matched
    is defined and find_existing_watch_rules_d.matched == 0
  tags:
  - CCE-85829-0
  - CJIS-5.4.1.1
  - NIST-800-171-3.1.7
  - NIST-800-53-AU-12(c)
  - NIST-800-53-AU-2(d)
  - NIST-800-53-CM-6(a)
  - PCI-DSS-Req-10.2.3
  - audit_rules_session_events
  - low_complexity
  - low_disruption
  - medium_severity
  - reboot_required
  - restrict_strategy

- name: Record Attempts to Alter Process and Session Initiation Information - Use
    matched file as the recipient for the rule
  ansible.builtin.set_fact:
    all_files:
    - '{{ find_watch_key.files | map(attribute=''path'') | list | first }}'
  when:
  - '"audit" in ansible_facts.packages'
  - ("kernel-default" in ansible_facts.packages or "kernel-default-base" in ansible_facts.packages)
  - find_watch_key.matched is defined and find_watch_key.matched &gt; 0 and find_existing_watch_rules_d.matched
    is defined and find_existing_watch_rules_d.matched == 0
  tags:
  - CCE-85829-0
  - CJIS-5.4.1.1
  - NIST-800-171-3.1.7
  - NIST-800-53-AU-12(c)
  - NIST-800-53-AU-2(d)
  - NIST-800-53-CM-6(a)
  - PCI-DSS-Req-10.2.3
  - audit_rules_session_events
  - low_complexity
  - low_disruption
  - medium_severity
  - reboot_required
  - restrict_strategy

- name: Record Attempts to Alter Process and Session Initiation Information - Add
    watch rule for /var/log/wtmp in /etc/audit/rules.d/
  ansible.builtin.lineinfile:
    path: '{{ all_files[0] }}'
    line: -w /var/log/wtmp -p wa -k session
    create: true
    mode: '0600'
  when:
  - '"audit" in ansible_facts.packages'
  - ("kernel-default" in ansible_facts.packages or "kernel-default-base" in ansible_facts.packages)
  - find_existing_watch_rules_d.matched is defined and find_existing_watch_rules_d.matched
    == 0
  tags:
  - CCE-85829-0
  - CJIS-5.4.1.1
  - NIST-800-171-3.1.7
  - NIST-800-53-AU-12(c)
  - NIST-800-53-AU-2(d)
  - NIST-800-53-CM-6(a)
  - PCI-DSS-Req-10.2.3
  - audit_rules_session_events
  - low_complexity
  - low_disruption
  - medium_severity
  - reboot_required
  - restrict_strategy

- name: Record Attempts to Alter Process and Session Initiation Information - Check
    if watch rule for /var/log/wtmp already exists in /etc/audit/audit.rules
  ansible.builtin.find:
    paths: /etc/audit/
    contains: ^\s*-w\s+/var/log/wtmp\s+-p\s+wa(\s|$)+
    patterns: audit.rules
  register: find_existing_watch_audit_rules
  when:
  - '"audit" in ansible_facts.packages'
  - ("kernel-default" in ansible_facts.packages or "kernel-default-base" in ansible_facts.packages)
  tags:
  - CCE-85829-0
  - CJIS-5.4.1.1
  - NIST-800-171-3.1.7
  - NIST-800-53-AU-12(c)
  - NIST-800-53-AU-2(d)
  - NIST-800-53-CM-6(a)
  - PCI-DSS-Req-10.2.3
  - audit_rules_session_events
  - low_complexity
  - low_disruption
  - medium_severity
  - reboot_required
  - restrict_strategy

- name: Record Attempts to Alter Process and Session Initiation Information - Add
    watch rule for /var/log/wtmp in /etc/audit/audit.rules
  ansible.builtin.lineinfile:
    line: -w /var/log/wtmp -p wa -k session
    state: present
    dest: /etc/audit/audit.rules
    create: true
    mode: '0600'
  when:
  - '"audit" in ansible_facts.packages'
  - ("kernel-default" in ansible_facts.packages or "kernel-default-base" in ansible_facts.packages)
  - find_existing_watch_audit_rules.matched is defined and find_existing_watch_audit_rules.matched
    == 0
  tags:
  - CCE-85829-0
  - CJIS-5.4.1.1
  - NIST-800-171-3.1.7
  - NIST-800-53-AU-12(c)
  - NIST-800-53-AU-2(d)
  - NIST-800-53-CM-6(a)
  - PCI-DSS-Req-10.2.3
  - audit_rules_session_events
  - low_complexity
  - low_disruption
  - medium_severity
  - reboot_required
  - restrict_strategy
</fix>
        <check system="http://oval.mitre.org/XMLSchema/oval-definitions-5">
          <check-content-ref name="oval:ssg-audit_rules_session_events:def:1" href="ssg-sle15-oval.xml"/>
        </check>
      </Rule>
      <Rule id="xccdf_org.ssgproject.content_rule_audit_rules_session_events_btmp" selected="false" role="full" severity="medium">
        <title xmlns:xhtml="http://www.w3.org/1999/xhtml" xml:lang="en-US">Record Attempts to Alter Process and Session Initiation Information btmp</title>
        <description xmlns:xhtml="http://www.w3.org/1999/xhtml" xml:lang="en-US">The audit system already collects process information for all
users and root.




If the <html:code xmlns:html="http://www.w3.org/1999/xhtml">auditd</html:code> daemon is configured to use the <html:code xmlns:html="http://www.w3.org/1999/xhtml">augenrules</html:code>
program to read audit rules during daemon startup (the default), add the
following lines to a file with suffix <html:code xmlns:html="http://www.w3.org/1999/xhtml">.rules</html:code> in the
directory <html:code xmlns:html="http://www.w3.org/1999/xhtml">/etc/audit/rules.d</html:code>:

<html:pre xmlns:html="http://www.w3.org/1999/xhtml">-w /var/log/btmp -p wa -k session</html:pre>

If the <html:code xmlns:html="http://www.w3.org/1999/xhtml">auditd</html:code> daemon is configured to use the <html:code xmlns:html="http://www.w3.org/1999/xhtml">auditctl</html:code>
utility to read audit rules during daemon startup, add the following lines to
<html:code xmlns:html="http://www.w3.org/1999/xhtml">/etc/audit/audit.rules</html:code>:

<html:pre xmlns:html="http://www.w3.org/1999/xhtml">-w /var/log/btmp -p wa -k session</html:pre>
      </description>
        <reference href="https://www.gpo.gov/fdsys/pkg/CFR-2007-title45-vol1/pdf/CFR-2007-title45-vol1-chapA-subchapC.pdf">164.308(a)(1)(ii)(D)</reference>
        <reference href="https://www.gpo.gov/fdsys/pkg/CFR-2007-title45-vol1/pdf/CFR-2007-title45-vol1-chapA-subchapC.pdf">164.308(a)(3)(ii)(A)</reference>
        <reference href="https://www.gpo.gov/fdsys/pkg/CFR-2007-title45-vol1/pdf/CFR-2007-title45-vol1-chapA-subchapC.pdf">164.308(a)(5)(ii)(C)</reference>
        <reference href="https://www.gpo.gov/fdsys/pkg/CFR-2007-title45-vol1/pdf/CFR-2007-title45-vol1-chapA-subchapC.pdf">164.312(a)(2)(i)</reference>
        <reference href="https://www.gpo.gov/fdsys/pkg/CFR-2007-title45-vol1/pdf/CFR-2007-title45-vol1-chapA-subchapC.pdf">164.312(b)</reference>
        <reference href="https://www.gpo.gov/fdsys/pkg/CFR-2007-title45-vol1/pdf/CFR-2007-title45-vol1-chapA-subchapC.pdf">164.312(d)</reference>
        <reference href="https://www.gpo.gov/fdsys/pkg/CFR-2007-title45-vol1/pdf/CFR-2007-title45-vol1-chapA-subchapC.pdf">164.312(e)</reference>
        <reference href="http://nvlpubs.nist.gov/nistpubs/SpecialPublications/NIST.SP.800-53r4.pdf">AU-12(c)</reference>
        <reference href="http://nvlpubs.nist.gov/nistpubs/SpecialPublications/NIST.SP.800-53r4.pdf">AU-12.1(iv)</reference>
        <reference href="https://www.cyber.mil/stigs/downloads/?_dl_facet_stigs=operating-systems%2Cgeneral-purpose-os">SRG-OS-000472-GPOS-00217</reference>
        <reference href="https://www.cyber.mil/stigs/downloads/?_dl_facet_stigs=operating-systems%2Cunix-linux">SLES-15-030780</reference>
        <reference href="https://cyber.gouv.fr/sites/default/files/document/linux_configuration-en-v2.pdf">R73</reference>
        <reference href="https://www.cyber.gov.au/acsc/view-all-content/ism">0582</reference>
        <reference href="https://www.cyber.gov.au/acsc/view-all-content/ism">0846</reference>
        <reference href="https://docs-prv.pcisecuritystandards.org/PCI%20DSS/Standard/PCI-DSS-v4_0.pdf">10.2.1.3</reference>
        <reference href="https://docs-prv.pcisecuritystandards.org/PCI%20DSS/Standard/PCI-DSS-v4_0.pdf">10.2.1</reference>
        <reference href="https://docs-prv.pcisecuritystandards.org/PCI%20DSS/Standard/PCI-DSS-v4_0.pdf">10.2</reference>
        <reference href="https://www.cyber.mil/stigs/srg-stig-tools/">SV-234977r991581_rule</reference>
        <rationale xmlns:xhtml="http://www.w3.org/1999/xhtml" xml:lang="en-US">Manual editing of these files may indicate nefarious activity, such
as an attacker attempting to remove evidence of an intrusion.</rationale>
        <ident system="https://ncp.nist.gov/cce">CCE-85758-1</ident>
        <fix xmlns:xhtml="http://www.w3.org/1999/xhtml" id="audit_rules_session_events_btmp" system="urn:xccdf:fix:script:sh"># Remediation is applicable only in certain platforms
if rpm --quiet -q audit &amp;&amp; rpm --quiet -q kernel-default || rpm --quiet -q kernel-default-base; then

# Perform the remediation for both possible tools: 'auditctl' and 'augenrules'






# Create a list of audit *.rules files that should be inspected for presence and correctness
# of a particular audit rule. The scheme is as follows:
#
# -----------------------------------------------------------------------------------------
# Tool used to load audit rules	| Rule already defined	|  Audit rules file to inspect	  |
# -----------------------------------------------------------------------------------------
#	auditctl		|     Doesn't matter	|  /etc/audit/audit.rules	  |
# -----------------------------------------------------------------------------------------
# 	augenrules		|          Yes		|  /etc/audit/rules.d/*.rules	  |
# 	augenrules		|          No		|  /etc/audit/rules.d/$key.rules  |
# -----------------------------------------------------------------------------------------
files_to_inspect=()


# If the audit tool is 'auditctl', then add '/etc/audit/audit.rules'
# into the list of files to be inspected
files_to_inspect+=('/etc/audit/audit.rules')

# Finally perform the inspection and possible subsequent audit rule
# correction for each of the files previously identified for inspection
for audit_rules_file in "${files_to_inspect[@]}"
do
    # Check if audit watch file system object rule for given path already present

    if grep -q -P -- "^[\s]*-w[\s]+/var/log/btmp" "$audit_rules_file"

    then
        # Rule is found =&gt; verify yet if existing rule definition contains
        # all of the required access type bits

        # Define BRE whitespace class shortcut
        sp="[[:space:]]"
        # Extract current permission access types (e.g. -p [r|w|x|a] values) from audit rule

        current_access_bits=$(sed -ne "s#$sp*-w$sp\+/var/log/btmp $sp\+-p$sp\+\([rxwa]\{1,4\}\).*#\1#p" "$audit_rules_file")

        # Split required access bits string into characters array
        # (to check bit's presence for one bit at a time)
        for access_bit in $(echo "wa" | grep -o .)
        do
            # For each from the required access bits (e.g. 'w', 'a') check
            # if they are already present in current access bits for rule.
            # If not, append that bit at the end
            if ! grep -q "$access_bit" &lt;&lt;&lt; "$current_access_bits"
            then
                # Concatenate the existing mask with the missing bit
                current_access_bits="$current_access_bits$access_bit"
            fi
        done
        # Propagate the updated rule's access bits (original + the required
        # ones) back into the /etc/audit/audit.rules file for that rule

        sed -i "s#\($sp*-w$sp\+/var/log/btmp$sp\+-p$sp\+\)\([rxwa]\{1,4\}\)\(.*\)#\1$current_access_bits\3#" "$audit_rules_file"

    else
        # Rule isn't present yet. Append it at the end of $audit_rules_file file
        # with proper key


        echo "-w /var/log/btmp -p wa -k session" &gt;&gt; "$audit_rules_file"

    fi
done
# Create a list of audit *.rules files that should be inspected for presence and correctness
# of a particular audit rule. The scheme is as follows:
#
# -----------------------------------------------------------------------------------------
# Tool used to load audit rules	| Rule already defined	|  Audit rules file to inspect	  |
# -----------------------------------------------------------------------------------------
#	auditctl		|     Doesn't matter	|  /etc/audit/audit.rules	  |
# -----------------------------------------------------------------------------------------
# 	augenrules		|          Yes		|  /etc/audit/rules.d/*.rules	  |
# 	augenrules		|          No		|  /etc/audit/rules.d/$key.rules  |
# -----------------------------------------------------------------------------------------
files_to_inspect=()

# If the audit is 'augenrules', then check if rule is already defined
# If rule is defined, add '/etc/audit/rules.d/*.rules' to list of files for inspection.
# If rule isn't defined, add '/etc/audit/rules.d/session.rules' to list of files for inspection.

readarray -t matches &lt; &lt;(grep -HP "[\s]*-w[\s]+/var/log/btmp" /etc/audit/rules.d/*.rules)


# For each of the matched entries
for match in "${matches[@]}"
do
    # Extract filepath from the match
    rulesd_audit_file=$(echo $match | cut -f1 -d ':')
    # Append that path into list of files for inspection
    files_to_inspect+=("$rulesd_audit_file")
done
# Case when particular audit rule isn't defined yet
if [ "${#files_to_inspect[@]}" -eq "0" ]
then
    # Append '/etc/audit/rules.d/session.rules' into list of files for inspection
    key_rule_file="/etc/audit/rules.d/session.rules"
    # If the session.rules file doesn't exist yet, create it with correct permissions
    if [ ! -e "$key_rule_file" ]
    then
        touch "$key_rule_file"
        chmod 0600 "$key_rule_file"
    fi
    files_to_inspect+=("$key_rule_file")
fi

# Finally perform the inspection and possible subsequent audit rule
# correction for each of the files previously identified for inspection
for audit_rules_file in "${files_to_inspect[@]}"
do
    # Check if audit watch file system object rule for given path already present

    if grep -q -P -- "^[\s]*-w[\s]+/var/log/btmp" "$audit_rules_file"

    then
        # Rule is found =&gt; verify yet if existing rule definition contains
        # all of the required access type bits

        # Define BRE whitespace class shortcut
        sp="[[:space:]]"
        # Extract current permission access types (e.g. -p [r|w|x|a] values) from audit rule

        current_access_bits=$(sed -ne "s#$sp*-w$sp\+/var/log/btmp $sp\+-p$sp\+\([rxwa]\{1,4\}\).*#\1#p" "$audit_rules_file")

        # Split required access bits string into characters array
        # (to check bit's presence for one bit at a time)
        for access_bit in $(echo "wa" | grep -o .)
        do
            # For each from the required access bits (e.g. 'w', 'a') check
            # if they are already present in current access bits for rule.
            # If not, append that bit at the end
            if ! grep -q "$access_bit" &lt;&lt;&lt; "$current_access_bits"
            then
                # Concatenate the existing mask with the missing bit
                current_access_bits="$current_access_bits$access_bit"
            fi
        done
        # Propagate the updated rule's access bits (original + the required
        # ones) back into the /etc/audit/audit.rules file for that rule

        sed -i "s#\($sp*-w$sp\+/var/log/btmp$sp\+-p$sp\+\)\([rxwa]\{1,4\}\)\(.*\)#\1$current_access_bits\3#" "$audit_rules_file"

    else
        # Rule isn't present yet. Append it at the end of $audit_rules_file file
        # with proper key


        echo "-w /var/log/btmp -p wa -k session" &gt;&gt; "$audit_rules_file"

    fi
done

else
    &gt;&amp;2 echo 'Remediation is not applicable, nothing was done'
fi
</fix>
        <fix xmlns:xhtml="http://www.w3.org/1999/xhtml" id="audit_rules_session_events_btmp" system="urn:xccdf:fix:script:ansible" complexity="low" disruption="low" strategy="restrict">- name: Gather the package facts
  package_facts:
    manager: auto
  tags:
  - CCE-85758-1
  - DISA-STIG-SLES-15-030780
  - NIST-800-53-AU-12(c)
  - NIST-800-53-AU-12.1(iv)
  - PCI-DSSv4-10.2
  - PCI-DSSv4-10.2.1
  - PCI-DSSv4-10.2.1.3
  - audit_rules_session_events_btmp
  - low_complexity
  - low_disruption
  - medium_severity
  - no_reboot_needed
  - restrict_strategy

- name: Record Attempts to Alter Process and Session Initiation Information btmp -
    Check if watch rule for /var/log/btmp already exists in /etc/audit/rules.d/
  ansible.builtin.find:
    paths: /etc/audit/rules.d
    contains: ^\s*-w\s+/var/log/btmp\s+-p\s+wa(\s|$)+
    patterns: '*.rules'
  register: find_existing_watch_rules_d
  when:
  - '"audit" in ansible_facts.packages'
  - ("kernel-default" in ansible_facts.packages or "kernel-default-base" in ansible_facts.packages)
  tags:
  - CCE-85758-1
  - DISA-STIG-SLES-15-030780
  - NIST-800-53-AU-12(c)
  - NIST-800-53-AU-12.1(iv)
  - PCI-DSSv4-10.2
  - PCI-DSSv4-10.2.1
  - PCI-DSSv4-10.2.1.3
  - audit_rules_session_events_btmp
  - low_complexity
  - low_disruption
  - medium_severity
  - no_reboot_needed
  - restrict_strategy

- name: Record Attempts to Alter Process and Session Initiation Information btmp -
    Search /etc/audit/rules.d for other rules with specified key session
  ansible.builtin.find:
    paths: /etc/audit/rules.d
    contains: ^.*(?:-F key=|-k\s+)session$
    patterns: '*.rules'
  register: find_watch_key
  when:
  - '"audit" in ansible_facts.packages'
  - ("kernel-default" in ansible_facts.packages or "kernel-default-base" in ansible_facts.packages)
  - find_existing_watch_rules_d.matched is defined and find_existing_watch_rules_d.matched
    == 0
  tags:
  - CCE-85758-1
  - DISA-STIG-SLES-15-030780
  - NIST-800-53-AU-12(c)
  - NIST-800-53-AU-12.1(iv)
  - PCI-DSSv4-10.2
  - PCI-DSSv4-10.2.1
  - PCI-DSSv4-10.2.1.3
  - audit_rules_session_events_btmp
  - low_complexity
  - low_disruption
  - medium_severity
  - no_reboot_needed
  - restrict_strategy

- name: Record Attempts to Alter Process and Session Initiation Information btmp -
    Use /etc/audit/rules.d/session.rules as the recipient for the rule
  ansible.builtin.set_fact:
    all_files:
    - /etc/audit/rules.d/session.rules
  when:
  - '"audit" in ansible_facts.packages'
  - ("kernel-default" in ansible_facts.packages or "kernel-default-base" in ansible_facts.packages)
  - find_watch_key.matched is defined and find_watch_key.matched == 0 and find_existing_watch_rules_d.matched
    is defined and find_existing_watch_rules_d.matched == 0
  tags:
  - CCE-85758-1
  - DISA-STIG-SLES-15-030780
  - NIST-800-53-AU-12(c)
  - NIST-800-53-AU-12.1(iv)
  - PCI-DSSv4-10.2
  - PCI-DSSv4-10.2.1
  - PCI-DSSv4-10.2.1.3
  - audit_rules_session_events_btmp
  - low_complexity
  - low_disruption
  - medium_severity
  - no_reboot_needed
  - restrict_strategy

- name: Record Attempts to Alter Process and Session Initiation Information btmp -
    Use matched file as the recipient for the rule
  ansible.builtin.set_fact:
    all_files:
    - '{{ find_watch_key.files | map(attribute=''path'') | list | first }}'
  when:
  - '"audit" in ansible_facts.packages'
  - ("kernel-default" in ansible_facts.packages or "kernel-default-base" in ansible_facts.packages)
  - find_watch_key.matched is defined and find_watch_key.matched &gt; 0 and find_existing_watch_rules_d.matched
    is defined and find_existing_watch_rules_d.matched == 0
  tags:
  - CCE-85758-1
  - DISA-STIG-SLES-15-030780
  - NIST-800-53-AU-12(c)
  - NIST-800-53-AU-12.1(iv)
  - PCI-DSSv4-10.2
  - PCI-DSSv4-10.2.1
  - PCI-DSSv4-10.2.1.3
  - audit_rules_session_events_btmp
  - low_complexity
  - low_disruption
  - medium_severity
  - no_reboot_needed
  - restrict_strategy

- name: Record Attempts to Alter Process and Session Initiation Information btmp -
    Add watch rule for /var/log/btmp in /etc/audit/rules.d/
  ansible.builtin.lineinfile:
    path: '{{ all_files[0] }}'
    line: -w /var/log/btmp -p wa -k session
    create: true
    mode: '0600'
  when:
  - '"audit" in ansible_facts.packages'
  - ("kernel-default" in ansible_facts.packages or "kernel-default-base" in ansible_facts.packages)
  - find_existing_watch_rules_d.matched is defined and find_existing_watch_rules_d.matched
    == 0
  tags:
  - CCE-85758-1
  - DISA-STIG-SLES-15-030780
  - NIST-800-53-AU-12(c)
  - NIST-800-53-AU-12.1(iv)
  - PCI-DSSv4-10.2
  - PCI-DSSv4-10.2.1
  - PCI-DSSv4-10.2.1.3
  - audit_rules_session_events_btmp
  - low_complexity
  - low_disruption
  - medium_severity
  - no_reboot_needed
  - restrict_strategy

- name: Record Attempts to Alter Process and Session Initiation Information btmp -
    Check if watch rule for /var/log/btmp already exists in /etc/audit/audit.rules
  ansible.builtin.find:
    paths: /etc/audit/
    contains: ^\s*-w\s+/var/log/btmp\s+-p\s+wa(\s|$)+
    patterns: audit.rules
  register: find_existing_watch_audit_rules
  when:
  - '"audit" in ansible_facts.packages'
  - ("kernel-default" in ansible_facts.packages or "kernel-default-base" in ansible_facts.packages)
  tags:
  - CCE-85758-1
  - DISA-STIG-SLES-15-030780
  - NIST-800-53-AU-12(c)
  - NIST-800-53-AU-12.1(iv)
  - PCI-DSSv4-10.2
  - PCI-DSSv4-10.2.1
  - PCI-DSSv4-10.2.1.3
  - audit_rules_session_events_btmp
  - low_complexity
  - low_disruption
  - medium_severity
  - no_reboot_needed
  - restrict_strategy

- name: Record Attempts to Alter Process and Session Initiation Information btmp -
    Add watch rule for /var/log/btmp in /etc/audit/audit.rules
  ansible.builtin.lineinfile:
    line: -w /var/log/btmp -p wa -k session
    state: present
    dest: /etc/audit/audit.rules
    create: true
    mode: '0600'
  when:
  - '"audit" in ansible_facts.packages'
  - ("kernel-default" in ansible_facts.packages or "kernel-default-base" in ansible_facts.packages)
  - find_existing_watch_audit_rules.matched is defined and find_existing_watch_audit_rules.matched
    == 0
  tags:
  - CCE-85758-1
  - DISA-STIG-SLES-15-030780
  - NIST-800-53-AU-12(c)
  - NIST-800-53-AU-12.1(iv)
  - PCI-DSSv4-10.2
  - PCI-DSSv4-10.2.1
  - PCI-DSSv4-10.2.1.3
  - audit_rules_session_events_btmp
  - low_complexity
  - low_disruption
  - medium_severity
  - no_reboot_needed
  - restrict_strategy
</fix>
        <check system="http://oval.mitre.org/XMLSchema/oval-definitions-5">
          <check-content-ref name="oval:ssg-audit_rules_session_events_btmp:def:1" href="ssg-sle15-oval.xml"/>
        </check>
        <check system="http://scap.nist.gov/schema/ocil/2">
          <check-content-ref name="ocil:ssg-audit_rules_session_events_btmp_ocil:questionnaire:1" href="ssg-sle15-ocil.xml"/>
        </check>
      </Rule>
      <Rule id="xccdf_org.ssgproject.content_rule_audit_rules_session_events_utmp" selected="false" role="full" severity="medium">
        <title xmlns:xhtml="http://www.w3.org/1999/xhtml" xml:lang="en-US">Record Attempts to Alter Process and Session Initiation Information utmp</title>
        <description xmlns:xhtml="http://www.w3.org/1999/xhtml" xml:lang="en-US">The audit system already collects process information for all
users and root.




If the <html:code xmlns:html="http://www.w3.org/1999/xhtml">auditd</html:code> daemon is configured to use the <html:code xmlns:html="http://www.w3.org/1999/xhtml">augenrules</html:code>
program to read audit rules during daemon startup (the default), add the
following lines to a file with suffix <html:code xmlns:html="http://www.w3.org/1999/xhtml">.rules</html:code> in the
directory <html:code xmlns:html="http://www.w3.org/1999/xhtml">/etc/audit/rules.d</html:code>:

<html:pre xmlns:html="http://www.w3.org/1999/xhtml">-w /var/run/utmp -p wa -k session</html:pre>

If the <html:code xmlns:html="http://www.w3.org/1999/xhtml">auditd</html:code> daemon is configured to use the <html:code xmlns:html="http://www.w3.org/1999/xhtml">auditctl</html:code>
utility to read audit rules during daemon startup, add the following lines to
<html:code xmlns:html="http://www.w3.org/1999/xhtml">/etc/audit/audit.rules</html:code>:

<html:pre xmlns:html="http://www.w3.org/1999/xhtml">-w /var/run/utmp -p wa -k session</html:pre>
      </description>
        <reference href="https://www.gpo.gov/fdsys/pkg/CFR-2007-title45-vol1/pdf/CFR-2007-title45-vol1-chapA-subchapC.pdf">164.308(a)(1)(ii)(D)</reference>
        <reference href="https://www.gpo.gov/fdsys/pkg/CFR-2007-title45-vol1/pdf/CFR-2007-title45-vol1-chapA-subchapC.pdf">164.308(a)(3)(ii)(A)</reference>
        <reference href="https://www.gpo.gov/fdsys/pkg/CFR-2007-title45-vol1/pdf/CFR-2007-title45-vol1-chapA-subchapC.pdf">164.308(a)(5)(ii)(C)</reference>
        <reference href="https://www.gpo.gov/fdsys/pkg/CFR-2007-title45-vol1/pdf/CFR-2007-title45-vol1-chapA-subchapC.pdf">164.312(a)(2)(i)</reference>
        <reference href="https://www.gpo.gov/fdsys/pkg/CFR-2007-title45-vol1/pdf/CFR-2007-title45-vol1-chapA-subchapC.pdf">164.312(b)</reference>
        <reference href="https://www.gpo.gov/fdsys/pkg/CFR-2007-title45-vol1/pdf/CFR-2007-title45-vol1-chapA-subchapC.pdf">164.312(d)</reference>
        <reference href="https://www.gpo.gov/fdsys/pkg/CFR-2007-title45-vol1/pdf/CFR-2007-title45-vol1-chapA-subchapC.pdf">164.312(e)</reference>
        <reference href="http://nvlpubs.nist.gov/nistpubs/SpecialPublications/NIST.SP.800-53r4.pdf">AU-12(c)</reference>
        <reference href="http://nvlpubs.nist.gov/nistpubs/SpecialPublications/NIST.SP.800-53r4.pdf">AU-12.1(iv)</reference>
        <reference href="https://www.cyber.mil/stigs/downloads/?_dl_facet_stigs=operating-systems%2Cgeneral-purpose-os">SRG-OS-000472-GPOS-00217</reference>
        <reference href="https://www.cyber.mil/stigs/downloads/?_dl_facet_stigs=operating-systems%2Cunix-linux">SLES-15-030760</reference>
        <reference href="https://cyber.gouv.fr/sites/default/files/document/linux_configuration-en-v2.pdf">R73</reference>
        <reference href="https://www.cyber.gov.au/acsc/view-all-content/ism">0582</reference>
        <reference href="https://www.cyber.gov.au/acsc/view-all-content/ism">0846</reference>
        <reference href="https://docs-prv.pcisecuritystandards.org/PCI%20DSS/Standard/PCI-DSS-v4_0.pdf">10.2.1.3</reference>
        <reference href="https://docs-prv.pcisecuritystandards.org/PCI%20DSS/Standard/PCI-DSS-v4_0.pdf">10.2.1</reference>
        <reference href="https://docs-prv.pcisecuritystandards.org/PCI%20DSS/Standard/PCI-DSS-v4_0.pdf">10.2</reference>
        <reference href="https://www.cyber.mil/stigs/srg-stig-tools/">SV-234975r991581_rule</reference>
        <rationale xmlns:xhtml="http://www.w3.org/1999/xhtml" xml:lang="en-US">Manual editing of these files may indicate nefarious activity, such
as an attacker attempting to remove evidence of an intrusion.</rationale>
        <ident system="https://ncp.nist.gov/cce">CCE-85714-4</ident>
        <fix xmlns:xhtml="http://www.w3.org/1999/xhtml" id="audit_rules_session_events_utmp" system="urn:xccdf:fix:script:sh"># Remediation is applicable only in certain platforms
if rpm --quiet -q audit &amp;&amp; rpm --quiet -q kernel-default || rpm --quiet -q kernel-default-base; then

# Perform the remediation for both possible tools: 'auditctl' and 'augenrules'






# Create a list of audit *.rules files that should be inspected for presence and correctness
# of a particular audit rule. The scheme is as follows:
#
# -----------------------------------------------------------------------------------------
# Tool used to load audit rules	| Rule already defined	|  Audit rules file to inspect	  |
# -----------------------------------------------------------------------------------------
#	auditctl		|     Doesn't matter	|  /etc/audit/audit.rules	  |
# -----------------------------------------------------------------------------------------
# 	augenrules		|          Yes		|  /etc/audit/rules.d/*.rules	  |
# 	augenrules		|          No		|  /etc/audit/rules.d/$key.rules  |
# -----------------------------------------------------------------------------------------
files_to_inspect=()


# If the audit tool is 'auditctl', then add '/etc/audit/audit.rules'
# into the list of files to be inspected
files_to_inspect+=('/etc/audit/audit.rules')

# Finally perform the inspection and possible subsequent audit rule
# correction for each of the files previously identified for inspection
for audit_rules_file in "${files_to_inspect[@]}"
do
    # Check if audit watch file system object rule for given path already present

    if grep -q -P -- "^[\s]*-w[\s]+/var/run/utmp" "$audit_rules_file"

    then
        # Rule is found =&gt; verify yet if existing rule definition contains
        # all of the required access type bits

        # Define BRE whitespace class shortcut
        sp="[[:space:]]"
        # Extract current permission access types (e.g. -p [r|w|x|a] values) from audit rule

        current_access_bits=$(sed -ne "s#$sp*-w$sp\+/var/run/utmp $sp\+-p$sp\+\([rxwa]\{1,4\}\).*#\1#p" "$audit_rules_file")

        # Split required access bits string into characters array
        # (to check bit's presence for one bit at a time)
        for access_bit in $(echo "wa" | grep -o .)
        do
            # For each from the required access bits (e.g. 'w', 'a') check
            # if they are already present in current access bits for rule.
            # If not, append that bit at the end
            if ! grep -q "$access_bit" &lt;&lt;&lt; "$current_access_bits"
            then
                # Concatenate the existing mask with the missing bit
                current_access_bits="$current_access_bits$access_bit"
            fi
        done
        # Propagate the updated rule's access bits (original + the required
        # ones) back into the /etc/audit/audit.rules file for that rule

        sed -i "s#\($sp*-w$sp\+/var/run/utmp$sp\+-p$sp\+\)\([rxwa]\{1,4\}\)\(.*\)#\1$current_access_bits\3#" "$audit_rules_file"

    else
        # Rule isn't present yet. Append it at the end of $audit_rules_file file
        # with proper key


        echo "-w /var/run/utmp -p wa -k session" &gt;&gt; "$audit_rules_file"

    fi
done
# Create a list of audit *.rules files that should be inspected for presence and correctness
# of a particular audit rule. The scheme is as follows:
#
# -----------------------------------------------------------------------------------------
# Tool used to load audit rules	| Rule already defined	|  Audit rules file to inspect	  |
# -----------------------------------------------------------------------------------------
#	auditctl		|     Doesn't matter	|  /etc/audit/audit.rules	  |
# -----------------------------------------------------------------------------------------
# 	augenrules		|          Yes		|  /etc/audit/rules.d/*.rules	  |
# 	augenrules		|          No		|  /etc/audit/rules.d/$key.rules  |
# -----------------------------------------------------------------------------------------
files_to_inspect=()

# If the audit is 'augenrules', then check if rule is already defined
# If rule is defined, add '/etc/audit/rules.d/*.rules' to list of files for inspection.
# If rule isn't defined, add '/etc/audit/rules.d/session.rules' to list of files for inspection.

readarray -t matches &lt; &lt;(grep -HP "[\s]*-w[\s]+/var/run/utmp" /etc/audit/rules.d/*.rules)


# For each of the matched entries
for match in "${matches[@]}"
do
    # Extract filepath from the match
    rulesd_audit_file=$(echo $match | cut -f1 -d ':')
    # Append that path into list of files for inspection
    files_to_inspect+=("$rulesd_audit_file")
done
# Case when particular audit rule isn't defined yet
if [ "${#files_to_inspect[@]}" -eq "0" ]
then
    # Append '/etc/audit/rules.d/session.rules' into list of files for inspection
    key_rule_file="/etc/audit/rules.d/session.rules"
    # If the session.rules file doesn't exist yet, create it with correct permissions
    if [ ! -e "$key_rule_file" ]
    then
        touch "$key_rule_file"
        chmod 0600 "$key_rule_file"
    fi
    files_to_inspect+=("$key_rule_file")
fi

# Finally perform the inspection and possible subsequent audit rule
# correction for each of the files previously identified for inspection
for audit_rules_file in "${files_to_inspect[@]}"
do
    # Check if audit watch file system object rule for given path already present

    if grep -q -P -- "^[\s]*-w[\s]+/var/run/utmp" "$audit_rules_file"

    then
        # Rule is found =&gt; verify yet if existing rule definition contains
        # all of the required access type bits

        # Define BRE whitespace class shortcut
        sp="[[:space:]]"
        # Extract current permission access types (e.g. -p [r|w|x|a] values) from audit rule

        current_access_bits=$(sed -ne "s#$sp*-w$sp\+/var/run/utmp $sp\+-p$sp\+\([rxwa]\{1,4\}\).*#\1#p" "$audit_rules_file")

        # Split required access bits string into characters array
        # (to check bit's presence for one bit at a time)
        for access_bit in $(echo "wa" | grep -o .)
        do
            # For each from the required access bits (e.g. 'w', 'a') check
            # if they are already present in current access bits for rule.
            # If not, append that bit at the end
            if ! grep -q "$access_bit" &lt;&lt;&lt; "$current_access_bits"
            then
                # Concatenate the existing mask with the missing bit
                current_access_bits="$current_access_bits$access_bit"
            fi
        done
        # Propagate the updated rule's access bits (original + the required
        # ones) back into the /etc/audit/audit.rules file for that rule

        sed -i "s#\($sp*-w$sp\+/var/run/utmp$sp\+-p$sp\+\)\([rxwa]\{1,4\}\)\(.*\)#\1$current_access_bits\3#" "$audit_rules_file"

    else
        # Rule isn't present yet. Append it at the end of $audit_rules_file file
        # with proper key


        echo "-w /var/run/utmp -p wa -k session" &gt;&gt; "$audit_rules_file"

    fi
done

else
    &gt;&amp;2 echo 'Remediation is not applicable, nothing was done'
fi
</fix>
        <fix xmlns:xhtml="http://www.w3.org/1999/xhtml" id="audit_rules_session_events_utmp" system="urn:xccdf:fix:script:ansible" complexity="low" disruption="low" strategy="restrict">- name: Gather the package facts
  package_facts:
    manager: auto
  tags:
  - CCE-85714-4
  - DISA-STIG-SLES-15-030760
  - NIST-800-53-AU-12(c)
  - NIST-800-53-AU-12.1(iv)
  - PCI-DSSv4-10.2
  - PCI-DSSv4-10.2.1
  - PCI-DSSv4-10.2.1.3
  - audit_rules_session_events_utmp
  - low_complexity
  - low_disruption
  - medium_severity
  - no_reboot_needed
  - restrict_strategy

- name: Record Attempts to Alter Process and Session Initiation Information utmp -
    Check if watch rule for /var/run/utmp already exists in /etc/audit/rules.d/
  ansible.builtin.find:
    paths: /etc/audit/rules.d
    contains: ^\s*-w\s+/var/run/utmp\s+-p\s+wa(\s|$)+
    patterns: '*.rules'
  register: find_existing_watch_rules_d
  when:
  - '"audit" in ansible_facts.packages'
  - ("kernel-default" in ansible_facts.packages or "kernel-default-base" in ansible_facts.packages)
  tags:
  - CCE-85714-4
  - DISA-STIG-SLES-15-030760
  - NIST-800-53-AU-12(c)
  - NIST-800-53-AU-12.1(iv)
  - PCI-DSSv4-10.2
  - PCI-DSSv4-10.2.1
  - PCI-DSSv4-10.2.1.3
  - audit_rules_session_events_utmp
  - low_complexity
  - low_disruption
  - medium_severity
  - no_reboot_needed
  - restrict_strategy

- name: Record Attempts to Alter Process and Session Initiation Information utmp -
    Search /etc/audit/rules.d for other rules with specified key session
  ansible.builtin.find:
    paths: /etc/audit/rules.d
    contains: ^.*(?:-F key=|-k\s+)session$
    patterns: '*.rules'
  register: find_watch_key
  when:
  - '"audit" in ansible_facts.packages'
  - ("kernel-default" in ansible_facts.packages or "kernel-default-base" in ansible_facts.packages)
  - find_existing_watch_rules_d.matched is defined and find_existing_watch_rules_d.matched
    == 0
  tags:
  - CCE-85714-4
  - DISA-STIG-SLES-15-030760
  - NIST-800-53-AU-12(c)
  - NIST-800-53-AU-12.1(iv)
  - PCI-DSSv4-10.2
  - PCI-DSSv4-10.2.1
  - PCI-DSSv4-10.2.1.3
  - audit_rules_session_events_utmp
  - low_complexity
  - low_disruption
  - medium_severity
  - no_reboot_needed
  - restrict_strategy

- name: Record Attempts to Alter Process and Session Initiation Information utmp -
    Use /etc/audit/rules.d/session.rules as the recipient for the rule
  ansible.builtin.set_fact:
    all_files:
    - /etc/audit/rules.d/session.rules
  when:
  - '"audit" in ansible_facts.packages'
  - ("kernel-default" in ansible_facts.packages or "kernel-default-base" in ansible_facts.packages)
  - find_watch_key.matched is defined and find_watch_key.matched == 0 and find_existing_watch_rules_d.matched
    is defined and find_existing_watch_rules_d.matched == 0
  tags:
  - CCE-85714-4
  - DISA-STIG-SLES-15-030760
  - NIST-800-53-AU-12(c)
  - NIST-800-53-AU-12.1(iv)
  - PCI-DSSv4-10.2
  - PCI-DSSv4-10.2.1
  - PCI-DSSv4-10.2.1.3
  - audit_rules_session_events_utmp
  - low_complexity
  - low_disruption
  - medium_severity
  - no_reboot_needed
  - restrict_strategy

- name: Record Attempts to Alter Process and Session Initiation Information utmp -
    Use matched file as the recipient for the rule
  ansible.builtin.set_fact:
    all_files:
    - '{{ find_watch_key.files | map(attribute=''path'') | list | first }}'
  when:
  - '"audit" in ansible_facts.packages'
  - ("kernel-default" in ansible_facts.packages or "kernel-default-base" in ansible_facts.packages)
  - find_watch_key.matched is defined and find_watch_key.matched &gt; 0 and find_existing_watch_rules_d.matched
    is defined and find_existing_watch_rules_d.matched == 0
  tags:
  - CCE-85714-4
  - DISA-STIG-SLES-15-030760
  - NIST-800-53-AU-12(c)
  - NIST-800-53-AU-12.1(iv)
  - PCI-DSSv4-10.2
  - PCI-DSSv4-10.2.1
  - PCI-DSSv4-10.2.1.3
  - audit_rules_session_events_utmp
  - low_complexity
  - low_disruption
  - medium_severity
  - no_reboot_needed
  - restrict_strategy

- name: Record Attempts to Alter Process and Session Initiation Information utmp -
    Add watch rule for /var/run/utmp in /etc/audit/rules.d/
  ansible.builtin.lineinfile:
    path: '{{ all_files[0] }}'
    line: -w /var/run/utmp -p wa -k session
    create: true
    mode: '0600'
  when:
  - '"audit" in ansible_facts.packages'
  - ("kernel-default" in ansible_facts.packages or "kernel-default-base" in ansible_facts.packages)
  - find_existing_watch_rules_d.matched is defined and find_existing_watch_rules_d.matched
    == 0
  tags:
  - CCE-85714-4
  - DISA-STIG-SLES-15-030760
  - NIST-800-53-AU-12(c)
  - NIST-800-53-AU-12.1(iv)
  - PCI-DSSv4-10.2
  - PCI-DSSv4-10.2.1
  - PCI-DSSv4-10.2.1.3
  - audit_rules_session_events_utmp
  - low_complexity
  - low_disruption
  - medium_severity
  - no_reboot_needed
  - restrict_strategy

- name: Record Attempts to Alter Process and Session Initiation Information utmp -
    Check if watch rule for /var/run/utmp already exists in /etc/audit/audit.rules
  ansible.builtin.find:
    paths: /etc/audit/
    contains: ^\s*-w\s+/var/run/utmp\s+-p\s+wa(\s|$)+
    patterns: audit.rules
  register: find_existing_watch_audit_rules
  when:
  - '"audit" in ansible_facts.packages'
  - ("kernel-default" in ansible_facts.packages or "kernel-default-base" in ansible_facts.packages)
  tags:
  - CCE-85714-4
  - DISA-STIG-SLES-15-030760
  - NIST-800-53-AU-12(c)
  - NIST-800-53-AU-12.1(iv)
  - PCI-DSSv4-10.2
  - PCI-DSSv4-10.2.1
  - PCI-DSSv4-10.2.1.3
  - audit_rules_session_events_utmp
  - low_complexity
  - low_disruption
  - medium_severity
  - no_reboot_needed
  - restrict_strategy

- name: Record Attempts to Alter Process and Session Initiation Information utmp -
    Add watch rule for /var/run/utmp in /etc/audit/audit.rules
  ansible.builtin.lineinfile:
    line: -w /var/run/utmp -p wa -k session
    state: present
    dest: /etc/audit/audit.rules
    create: true
    mode: '0600'
  when:
  - '"audit" in ansible_facts.packages'
  - ("kernel-default" in ansible_facts.packages or "kernel-default-base" in ansible_facts.packages)
  - find_existing_watch_audit_rules.matched is defined and find_existing_watch_audit_rules.matched
    == 0
  tags:
  - CCE-85714-4
  - DISA-STIG-SLES-15-030760
  - NIST-800-53-AU-12(c)
  - NIST-800-53-AU-12.1(iv)
  - PCI-DSSv4-10.2
  - PCI-DSSv4-10.2.1
  - PCI-DSSv4-10.2.1.3
  - audit_rules_session_events_utmp
  - low_complexity
  - low_disruption
  - medium_severity
  - no_reboot_needed
  - restrict_strategy
</fix>
        <check system="http://oval.mitre.org/XMLSchema/oval-definitions-5">
          <check-content-ref name="oval:ssg-audit_rules_session_events_utmp:def:1" href="ssg-sle15-oval.xml"/>
        </check>
        <check system="http://scap.nist.gov/schema/ocil/2">
          <check-content-ref name="ocil:ssg-audit_rules_session_events_utmp_ocil:questionnaire:1" href="ssg-sle15-ocil.xml"/>
        </check>
      </Rule>
      <Rule id="xccdf_org.ssgproject.content_rule_audit_rules_session_events_wtmp" selected="false" role="full" severity="medium">
        <title xmlns:xhtml="http://www.w3.org/1999/xhtml" xml:lang="en-US">Record Attempts to Alter Process and Session Initiation Information wtmp</title>
        <description xmlns:xhtml="http://www.w3.org/1999/xhtml" xml:lang="en-US">The audit system already collects process information for all
users and root.




If the <html:code xmlns:html="http://www.w3.org/1999/xhtml">auditd</html:code> daemon is configured to use the <html:code xmlns:html="http://www.w3.org/1999/xhtml">augenrules</html:code>
program to read audit rules during daemon startup (the default), add the
following lines to a file with suffix <html:code xmlns:html="http://www.w3.org/1999/xhtml">.rules</html:code> in the
directory <html:code xmlns:html="http://www.w3.org/1999/xhtml">/etc/audit/rules.d</html:code>:

<html:pre xmlns:html="http://www.w3.org/1999/xhtml">-w /var/log/wtmp -p wa -k session</html:pre>

If the <html:code xmlns:html="http://www.w3.org/1999/xhtml">auditd</html:code> daemon is configured to use the <html:code xmlns:html="http://www.w3.org/1999/xhtml">auditctl</html:code>
utility to read audit rules during daemon startup, add the following lines to
<html:code xmlns:html="http://www.w3.org/1999/xhtml">/etc/audit/audit.rules</html:code>:

<html:pre xmlns:html="http://www.w3.org/1999/xhtml">-w /var/log/wtmp -p wa -k session</html:pre>
      </description>
        <reference href="https://www.gpo.gov/fdsys/pkg/CFR-2007-title45-vol1/pdf/CFR-2007-title45-vol1-chapA-subchapC.pdf">164.308(a)(1)(ii)(D)</reference>
        <reference href="https://www.gpo.gov/fdsys/pkg/CFR-2007-title45-vol1/pdf/CFR-2007-title45-vol1-chapA-subchapC.pdf">164.308(a)(3)(ii)(A)</reference>
        <reference href="https://www.gpo.gov/fdsys/pkg/CFR-2007-title45-vol1/pdf/CFR-2007-title45-vol1-chapA-subchapC.pdf">164.308(a)(5)(ii)(C)</reference>
        <reference href="https://www.gpo.gov/fdsys/pkg/CFR-2007-title45-vol1/pdf/CFR-2007-title45-vol1-chapA-subchapC.pdf">164.312(a)(2)(i)</reference>
        <reference href="https://www.gpo.gov/fdsys/pkg/CFR-2007-title45-vol1/pdf/CFR-2007-title45-vol1-chapA-subchapC.pdf">164.312(b)</reference>
        <reference href="https://www.gpo.gov/fdsys/pkg/CFR-2007-title45-vol1/pdf/CFR-2007-title45-vol1-chapA-subchapC.pdf">164.312(d)</reference>
        <reference href="https://www.gpo.gov/fdsys/pkg/CFR-2007-title45-vol1/pdf/CFR-2007-title45-vol1-chapA-subchapC.pdf">164.312(e)</reference>
        <reference href="http://nvlpubs.nist.gov/nistpubs/SpecialPublications/NIST.SP.800-53r4.pdf">AU-12(c)</reference>
        <reference href="http://nvlpubs.nist.gov/nistpubs/SpecialPublications/NIST.SP.800-53r4.pdf">AU-12.1(iv)</reference>
        <reference href="https://www.cyber.mil/stigs/downloads/?_dl_facet_stigs=operating-systems%2Cgeneral-purpose-os">SRG-OS-000472-GPOS-00217</reference>
        <reference href="https://www.cyber.mil/stigs/downloads/?_dl_facet_stigs=operating-systems%2Cunix-linux">SLES-15-030770</reference>
        <reference href="https://cyber.gouv.fr/sites/default/files/document/linux_configuration-en-v2.pdf">R73</reference>
        <reference href="https://www.cyber.gov.au/acsc/view-all-content/ism">0582</reference>
        <reference href="https://www.cyber.gov.au/acsc/view-all-content/ism">0846</reference>
        <reference href="https://docs-prv.pcisecuritystandards.org/PCI%20DSS/Standard/PCI-DSS-v4_0.pdf">10.2.1.3</reference>
        <reference href="https://docs-prv.pcisecuritystandards.org/PCI%20DSS/Standard/PCI-DSS-v4_0.pdf">10.2.1</reference>
        <reference href="https://docs-prv.pcisecuritystandards.org/PCI%20DSS/Standard/PCI-DSS-v4_0.pdf">10.2</reference>
        <reference href="https://www.cyber.mil/stigs/srg-stig-tools/">SV-234976r991581_rule</reference>
        <rationale xmlns:xhtml="http://www.w3.org/1999/xhtml" xml:lang="en-US">Manual editing of these files may indicate nefarious activity, such
as an attacker attempting to remove evidence of an intrusion.</rationale>
        <ident system="https://ncp.nist.gov/cce">CCE-85757-3</ident>
        <fix xmlns:xhtml="http://www.w3.org/1999/xhtml" id="audit_rules_session_events_wtmp" system="urn:xccdf:fix:script:sh"># Remediation is applicable only in certain platforms
if rpm --quiet -q audit &amp;&amp; rpm --quiet -q kernel-default || rpm --quiet -q kernel-default-base; then

# Perform the remediation for both possible tools: 'auditctl' and 'augenrules'






# Create a list of audit *.rules files that should be inspected for presence and correctness
# of a particular audit rule. The scheme is as follows:
#
# -----------------------------------------------------------------------------------------
# Tool used to load audit rules	| Rule already defined	|  Audit rules file to inspect	  |
# -----------------------------------------------------------------------------------------
#	auditctl		|     Doesn't matter	|  /etc/audit/audit.rules	  |
# -----------------------------------------------------------------------------------------
# 	augenrules		|          Yes		|  /etc/audit/rules.d/*.rules	  |
# 	augenrules		|          No		|  /etc/audit/rules.d/$key.rules  |
# -----------------------------------------------------------------------------------------
files_to_inspect=()


# If the audit tool is 'auditctl', then add '/etc/audit/audit.rules'
# into the list of files to be inspected
files_to_inspect+=('/etc/audit/audit.rules')

# Finally perform the inspection and possible subsequent audit rule
# correction for each of the files previously identified for inspection
for audit_rules_file in "${files_to_inspect[@]}"
do
    # Check if audit watch file system object rule for given path already present

    if grep -q -P -- "^[\s]*-w[\s]+/var/log/wtmp" "$audit_rules_file"

    then
        # Rule is found =&gt; verify yet if existing rule definition contains
        # all of the required access type bits

        # Define BRE whitespace class shortcut
        sp="[[:space:]]"
        # Extract current permission access types (e.g. -p [r|w|x|a] values) from audit rule

        current_access_bits=$(sed -ne "s#$sp*-w$sp\+/var/log/wtmp $sp\+-p$sp\+\([rxwa]\{1,4\}\).*#\1#p" "$audit_rules_file")

        # Split required access bits string into characters array
        # (to check bit's presence for one bit at a time)
        for access_bit in $(echo "wa" | grep -o .)
        do
            # For each from the required access bits (e.g. 'w', 'a') check
            # if they are already present in current access bits for rule.
            # If not, append that bit at the end
            if ! grep -q "$access_bit" &lt;&lt;&lt; "$current_access_bits"
            then
                # Concatenate the existing mask with the missing bit
                current_access_bits="$current_access_bits$access_bit"
            fi
        done
        # Propagate the updated rule's access bits (original + the required
        # ones) back into the /etc/audit/audit.rules file for that rule

        sed -i "s#\($sp*-w$sp\+/var/log/wtmp$sp\+-p$sp\+\)\([rxwa]\{1,4\}\)\(.*\)#\1$current_access_bits\3#" "$audit_rules_file"

    else
        # Rule isn't present yet. Append it at the end of $audit_rules_file file
        # with proper key


        echo "-w /var/log/wtmp -p wa -k session" &gt;&gt; "$audit_rules_file"

    fi
done
# Create a list of audit *.rules files that should be inspected for presence and correctness
# of a particular audit rule. The scheme is as follows:
#
# -----------------------------------------------------------------------------------------
# Tool used to load audit rules	| Rule already defined	|  Audit rules file to inspect	  |
# -----------------------------------------------------------------------------------------
#	auditctl		|     Doesn't matter	|  /etc/audit/audit.rules	  |
# -----------------------------------------------------------------------------------------
# 	augenrules		|          Yes		|  /etc/audit/rules.d/*.rules	  |
# 	augenrules		|          No		|  /etc/audit/rules.d/$key.rules  |
# -----------------------------------------------------------------------------------------
files_to_inspect=()

# If the audit is 'augenrules', then check if rule is already defined
# If rule is defined, add '/etc/audit/rules.d/*.rules' to list of files for inspection.
# If rule isn't defined, add '/etc/audit/rules.d/session.rules' to list of files for inspection.

readarray -t matches &lt; &lt;(grep -HP "[\s]*-w[\s]+/var/log/wtmp" /etc/audit/rules.d/*.rules)


# For each of the matched entries
for match in "${matches[@]}"
do
    # Extract filepath from the match
    rulesd_audit_file=$(echo $match | cut -f1 -d ':')
    # Append that path into list of files for inspection
    files_to_inspect+=("$rulesd_audit_file")
done
# Case when particular audit rule isn't defined yet
if [ "${#files_to_inspect[@]}" -eq "0" ]
then
    # Append '/etc/audit/rules.d/session.rules' into list of files for inspection
    key_rule_file="/etc/audit/rules.d/session.rules"
    # If the session.rules file doesn't exist yet, create it with correct permissions
    if [ ! -e "$key_rule_file" ]
    then
        touch "$key_rule_file"
        chmod 0600 "$key_rule_file"
    fi
    files_to_inspect+=("$key_rule_file")
fi

# Finally perform the inspection and possible subsequent audit rule
# correction for each of the files previously identified for inspection
for audit_rules_file in "${files_to_inspect[@]}"
do
    # Check if audit watch file system object rule for given path already present

    if grep -q -P -- "^[\s]*-w[\s]+/var/log/wtmp" "$audit_rules_file"

    then
        # Rule is found =&gt; verify yet if existing rule definition contains
        # all of the required access type bits

        # Define BRE whitespace class shortcut
        sp="[[:space:]]"
        # Extract current permission access types (e.g. -p [r|w|x|a] values) from audit rule

        current_access_bits=$(sed -ne "s#$sp*-w$sp\+/var/log/wtmp $sp\+-p$sp\+\([rxwa]\{1,4\}\).*#\1#p" "$audit_rules_file")

        # Split required access bits string into characters array
        # (to check bit's presence for one bit at a time)
        for access_bit in $(echo "wa" | grep -o .)
        do
            # For each from the required access bits (e.g. 'w', 'a') check
            # if they are already present in current access bits for rule.
            # If not, append that bit at the end
            if ! grep -q "$access_bit" &lt;&lt;&lt; "$current_access_bits"
            then
                # Concatenate the existing mask with the missing bit
                current_access_bits="$current_access_bits$access_bit"
            fi
        done
        # Propagate the updated rule's access bits (original + the required
        # ones) back into the /etc/audit/audit.rules file for that rule

        sed -i "s#\($sp*-w$sp\+/var/log/wtmp$sp\+-p$sp\+\)\([rxwa]\{1,4\}\)\(.*\)#\1$current_access_bits\3#" "$audit_rules_file"

    else
        # Rule isn't present yet. Append it at the end of $audit_rules_file file
        # with proper key


        echo "-w /var/log/wtmp -p wa -k session" &gt;&gt; "$audit_rules_file"

    fi
done

else
    &gt;&amp;2 echo 'Remediation is not applicable, nothing was done'
fi
</fix>
        <fix xmlns:xhtml="http://www.w3.org/1999/xhtml" id="audit_rules_session_events_wtmp" system="urn:xccdf:fix:script:ansible" complexity="low" disruption="low" strategy="restrict">- name: Gather the package facts
  package_facts:
    manager: auto
  tags:
  - CCE-85757-3
  - DISA-STIG-SLES-15-030770
  - NIST-800-53-AU-12(c)
  - NIST-800-53-AU-12.1(iv)
  - PCI-DSSv4-10.2
  - PCI-DSSv4-10.2.1
  - PCI-DSSv4-10.2.1.3
  - audit_rules_session_events_wtmp
  - low_complexity
  - low_disruption
  - medium_severity
  - no_reboot_needed
  - restrict_strategy

- name: Record Attempts to Alter Process and Session Initiation Information wtmp -
    Check if watch rule for /var/log/wtmp already exists in /etc/audit/rules.d/
  ansible.builtin.find:
    paths: /etc/audit/rules.d
    contains: ^\s*-w\s+/var/log/wtmp\s+-p\s+wa(\s|$)+
    patterns: '*.rules'
  register: find_existing_watch_rules_d
  when:
  - '"audit" in ansible_facts.packages'
  - ("kernel-default" in ansible_facts.packages or "kernel-default-base" in ansible_facts.packages)
  tags:
  - CCE-85757-3
  - DISA-STIG-SLES-15-030770
  - NIST-800-53-AU-12(c)
  - NIST-800-53-AU-12.1(iv)
  - PCI-DSSv4-10.2
  - PCI-DSSv4-10.2.1
  - PCI-DSSv4-10.2.1.3
  - audit_rules_session_events_wtmp
  - low_complexity
  - low_disruption
  - medium_severity
  - no_reboot_needed
  - restrict_strategy

- name: Record Attempts to Alter Process and Session Initiation Information wtmp -
    Search /etc/audit/rules.d for other rules with specified key session
  ansible.builtin.find:
    paths: /etc/audit/rules.d
    contains: ^.*(?:-F key=|-k\s+)session$
    patterns: '*.rules'
  register: find_watch_key
  when:
  - '"audit" in ansible_facts.packages'
  - ("kernel-default" in ansible_facts.packages or "kernel-default-base" in ansible_facts.packages)
  - find_existing_watch_rules_d.matched is defined and find_existing_watch_rules_d.matched
    == 0
  tags:
  - CCE-85757-3
  - DISA-STIG-SLES-15-030770
  - NIST-800-53-AU-12(c)
  - NIST-800-53-AU-12.1(iv)
  - PCI-DSSv4-10.2
  - PCI-DSSv4-10.2.1
  - PCI-DSSv4-10.2.1.3
  - audit_rules_session_events_wtmp
  - low_complexity
  - low_disruption
  - medium_severity
  - no_reboot_needed
  - restrict_strategy

- name: Record Attempts to Alter Process and Session Initiation Information wtmp -
    Use /etc/audit/rules.d/session.rules as the recipient for the rule
  ansible.builtin.set_fact:
    all_files:
    - /etc/audit/rules.d/session.rules
  when:
  - '"audit" in ansible_facts.packages'
  - ("kernel-default" in ansible_facts.packages or "kernel-default-base" in ansible_facts.packages)
  - find_watch_key.matched is defined and find_watch_key.matched == 0 and find_existing_watch_rules_d.matched
    is defined and find_existing_watch_rules_d.matched == 0
  tags:
  - CCE-85757-3
  - DISA-STIG-SLES-15-030770
  - NIST-800-53-AU-12(c)
  - NIST-800-53-AU-12.1(iv)
  - PCI-DSSv4-10.2
  - PCI-DSSv4-10.2.1
  - PCI-DSSv4-10.2.1.3
  - audit_rules_session_events_wtmp
  - low_complexity
  - low_disruption
  - medium_severity
  - no_reboot_needed
  - restrict_strategy

- name: Record Attempts to Alter Process and Session Initiation Information wtmp -
    Use matched file as the recipient for the rule
  ansible.builtin.set_fact:
    all_files:
    - '{{ find_watch_key.files | map(attribute=''path'') | list | first }}'
  when:
  - '"audit" in ansible_facts.packages'
  - ("kernel-default" in ansible_facts.packages or "kernel-default-base" in ansible_facts.packages)
  - find_watch_key.matched is defined and find_watch_key.matched &gt; 0 and find_existing_watch_rules_d.matched
    is defined and find_existing_watch_rules_d.matched == 0
  tags:
  - CCE-85757-3
  - DISA-STIG-SLES-15-030770
  - NIST-800-53-AU-12(c)
  - NIST-800-53-AU-12.1(iv)
  - PCI-DSSv4-10.2
  - PCI-DSSv4-10.2.1
  - PCI-DSSv4-10.2.1.3
  - audit_rules_session_events_wtmp
  - low_complexity
  - low_disruption
  - medium_severity
  - no_reboot_needed
  - restrict_strategy

- name: Record Attempts to Alter Process and Session Initiation Information wtmp -
    Add watch rule for /var/log/wtmp in /etc/audit/rules.d/
  ansible.builtin.lineinfile:
    path: '{{ all_files[0] }}'
    line: -w /var/log/wtmp -p wa -k session
    create: true
    mode: '0600'
  when:
  - '"audit" in ansible_facts.packages'
  - ("kernel-default" in ansible_facts.packages or "kernel-default-base" in ansible_facts.packages)
  - find_existing_watch_rules_d.matched is defined and find_existing_watch_rules_d.matched
    == 0
  tags:
  - CCE-85757-3
  - DISA-STIG-SLES-15-030770
  - NIST-800-53-AU-12(c)
  - NIST-800-53-AU-12.1(iv)
  - PCI-DSSv4-10.2
  - PCI-DSSv4-10.2.1
  - PCI-DSSv4-10.2.1.3
  - audit_rules_session_events_wtmp
  - low_complexity
  - low_disruption
  - medium_severity
  - no_reboot_needed
  - restrict_strategy

- name: Record Attempts to Alter Process and Session Initiation Information wtmp -
    Check if watch rule for /var/log/wtmp already exists in /etc/audit/audit.rules
  ansible.builtin.find:
    paths: /etc/audit/
    contains: ^\s*-w\s+/var/log/wtmp\s+-p\s+wa(\s|$)+
    patterns: audit.rules
  register: find_existing_watch_audit_rules
  when:
  - '"audit" in ansible_facts.packages'
  - ("kernel-default" in ansible_facts.packages or "kernel-default-base" in ansible_facts.packages)
  tags:
  - CCE-85757-3
  - DISA-STIG-SLES-15-030770
  - NIST-800-53-AU-12(c)
  - NIST-800-53-AU-12.1(iv)
  - PCI-DSSv4-10.2
  - PCI-DSSv4-10.2.1
  - PCI-DSSv4-10.2.1.3
  - audit_rules_session_events_wtmp
  - low_complexity
  - low_disruption
  - medium_severity
  - no_reboot_needed
  - restrict_strategy

- name: Record Attempts to Alter Process and Session Initiation Information wtmp -
    Add watch rule for /var/log/wtmp in /etc/audit/audit.rules
  ansible.builtin.lineinfile:
    line: -w /var/log/wtmp -p wa -k session
    state: present
    dest: /etc/audit/audit.rules
    create: true
    mode: '0600'
  when:
  - '"audit" in ansible_facts.packages'
  - ("kernel-default" in ansible_facts.packages or "kernel-default-base" in ansible_facts.packages)
  - find_existing_watch_audit_rules.matched is defined and find_existing_watch_audit_rules.matched
    == 0
  tags:
  - CCE-85757-3
  - DISA-STIG-SLES-15-030770
  - NIST-800-53-AU-12(c)
  - NIST-800-53-AU-12.1(iv)
  - PCI-DSSv4-10.2
  - PCI-DSSv4-10.2.1
  - PCI-DSSv4-10.2.1.3
  - audit_rules_session_events_wtmp
  - low_complexity
  - low_disruption
  - medium_severity
  - no_reboot_needed
  - restrict_strategy
</fix>
        <check system="http://oval.mitre.org/XMLSchema/oval-definitions-5">
          <check-content-ref name="oval:ssg-audit_rules_session_events_wtmp:def:1" href="ssg-sle15-oval.xml"/>
        </check>
        <check system="http://scap.nist.gov/schema/ocil/2">
          <check-content-ref name="ocil:ssg-audit_rules_session_events_wtmp_ocil:questionnaire:1" href="ssg-sle15-ocil.xml"/>
        </check>
      </Rule>
      <Rule id="xccdf_org.ssgproject.content_rule_audit_rules_suid_auid_privilege_function" selected="false" role="full" severity="medium">
        <title xmlns:xhtml="http://www.w3.org/1999/xhtml" xml:lang="en-US">Record Events When Executables Are Run As Another User</title>
        <description xmlns:xhtml="http://www.w3.org/1999/xhtml" xml:lang="en-US">Verify the system generates an audit record when actions are run as another user.
sudo provides users with temporary elevated privileges to perform operations, either as the superuser or another user.

If audit is using the "auditctl" tool to load the rules, run the following command:

<html:pre xmlns:html="http://www.w3.org/1999/xhtml">$ sudo grep execve /etc/audit/audit.rules</html:pre>

If audit is using the "augenrules" tool to load the rules, run the following command:

<html:pre xmlns:html="http://www.w3.org/1999/xhtml">$ sudo grep -r execve /etc/audit/rules.d</html:pre>
       <html:pre xmlns:html="http://www.w3.org/1999/xhtml">-a always,exit -F arch=b32 -S execve -C euid!=uid -F auid!=unset -k user_emulation</html:pre>
       <html:pre xmlns:html="http://www.w3.org/1999/xhtml">-a always,exit -F arch=b64  S execve -C euid!=uid -F auid!=unset -k user_emulation</html:pre>

If both the "b32" and "b64" audit rules for "SUID" files are not defined, this is a finding.</description>
        <warning xmlns:xhtml="http://www.w3.org/1999/xhtml" xml:lang="en-US" category="general">Note that these rules can be configured in a
number of ways while still achieving the desired effect.</warning>
        <reference href="not_publicly_available">SLES-15-750450150</reference>
        <rationale xmlns:xhtml="http://www.w3.org/1999/xhtml" xml:lang="en-US">Creating an audit log of users with temporary elevated privileges and the
operation(s) they performed is essential to reporting. Administrators will
want to correlate the events written to the audit trail with the records
written to sudo's logfile to verify if unauthorized commands have
been executed.
Misuse of privileged functions, either intentionally or unintentionally by
authorized users, or by unauthorized external entities that have
compromised information system accounts, is a serious and ongoing concern
and can have significant adverse impacts on organizations. Auditing the use
of privileged functions is one way to detect such misuse and identify the
risk from insider threats and the advanced persistent threat.</rationale>
        <ident system="https://ncp.nist.gov/cce">CCE-92488-6</ident>
        <check system="http://oval.mitre.org/XMLSchema/oval-definitions-5">
          <check-content-ref name="oval:ssg-audit_rules_suid_auid_privilege_function:def:1" href="ssg-sle15-oval.xml"/>
        </check>
        <check system="http://scap.nist.gov/schema/ocil/2">
          <check-content-ref name="ocil:ssg-audit_rules_suid_auid_privilege_function_ocil:questionnaire:1" href="ssg-sle15-ocil.xml"/>
        </check>
      </Rule>
      <Rule id="xccdf_org.ssgproject.content_rule_audit_rules_suid_privilege_function" selected="false" role="full" severity="medium">
        <title xmlns:xhtml="http://www.w3.org/1999/xhtml" xml:lang="en-US">Record Events When Privileged Executables Are Run</title>
        <description xmlns:xhtml="http://www.w3.org/1999/xhtml" xml:lang="en-US">Verify the system generates an audit record when privileged functions are executed.

If audit is using the "auditctl" tool to load the rules, run the following command:

<html:pre xmlns:html="http://www.w3.org/1999/xhtml">$ sudo grep execve /etc/audit/audit.rules</html:pre>

If audit is using the "augenrules" tool to load the rules, run the following command:

<html:pre xmlns:html="http://www.w3.org/1999/xhtml">$ sudo grep -r execve /etc/audit/rules.d</html:pre>
       <html:pre xmlns:html="http://www.w3.org/1999/xhtml">-a always,exit -F arch=b32 -S execve -C uid!=euid -F euid=0 -k setuid</html:pre>
       <html:pre xmlns:html="http://www.w3.org/1999/xhtml">-a always,exit -F arch=b64 -S execve -C uid!=euid -F euid=0 -k setuid</html:pre>
       <html:pre xmlns:html="http://www.w3.org/1999/xhtml">-a always,exit -F arch=b32 -S execve -C gid!=egid -F egid=0 -k setgid</html:pre>
       <html:pre xmlns:html="http://www.w3.org/1999/xhtml">-a always,exit -F arch=b64 -S execve -C gid!=egid -F egid=0 -k setgid</html:pre>


If both the "b32" and "b64" audit rules for "SUID" files are not defined, this is a finding.
If both the "b32" and "b64" audit rules for "SGID" files are not defined, this is a finding.</description>
        <warning xmlns:xhtml="http://www.w3.org/1999/xhtml" xml:lang="en-US" category="general">Note that these rules can be configured in a
number of ways while still achieving the desired effect.</warning>
        <reference href="http://nvlpubs.nist.gov/nistpubs/SpecialPublications/NIST.SP.800-53r4.pdf">CM-5(1)</reference>
        <reference href="http://nvlpubs.nist.gov/nistpubs/SpecialPublications/NIST.SP.800-53r4.pdf">AU-7(a)</reference>
        <reference href="http://nvlpubs.nist.gov/nistpubs/SpecialPublications/NIST.SP.800-53r4.pdf">AU-7(b)</reference>
        <reference href="http://nvlpubs.nist.gov/nistpubs/SpecialPublications/NIST.SP.800-53r4.pdf">AU-8(b)</reference>
        <reference href="http://nvlpubs.nist.gov/nistpubs/SpecialPublications/NIST.SP.800-53r4.pdf">AU-12(3)</reference>
        <reference href="http://nvlpubs.nist.gov/nistpubs/SpecialPublications/NIST.SP.800-53r4.pdf">AC-6(9)</reference>
        <reference href="https://www.cyber.mil/stigs/downloads/?_dl_facet_stigs=operating-systems%2Cgeneral-purpose-os">SRG-OS-000326-GPOS-00126</reference>
        <reference href="https://www.cyber.mil/stigs/downloads/?_dl_facet_stigs=operating-systems%2Cgeneral-purpose-os">SRG-OS-000327-GPOS-00127</reference>
        <reference href="https://www.cyber.mil/stigs/downloads/?_dl_facet_stigs=app-security">SRG-APP-000343-CTR-000780</reference>
        <reference href="https://www.cyber.mil/stigs/downloads/?_dl_facet_stigs=app-security">SRG-APP-000381-CTR-000905</reference>
        <reference href="https://www.cyber.mil/stigs/downloads/?_dl_facet_stigs=operating-systems%2Cgeneral-purpose-os">SRG-OS-000755-GPOS-00220</reference>
        <reference href="https://www.cyber.mil/stigs/downloads/?_dl_facet_stigs=operating-systems%2Cunix-linux">SLES-15-030640</reference>
        <reference href="https://docs-prv.pcisecuritystandards.org/PCI%20DSS/Standard/PCI-DSS-v4_0.pdf">10.2.1.2</reference>
        <reference href="https://docs-prv.pcisecuritystandards.org/PCI%20DSS/Standard/PCI-DSS-v4_0.pdf">10.2.1</reference>
        <reference href="https://docs-prv.pcisecuritystandards.org/PCI%20DSS/Standard/PCI-DSS-v4_0.pdf">10.2</reference>
        <reference href="https://www.cyber.mil/stigs/srg-stig-tools/">SV-234963r1009638_rule</reference>
        <rationale xmlns:xhtml="http://www.w3.org/1999/xhtml" xml:lang="en-US">Misuse of privileged functions, either intentionally or unintentionally by
authorized users, or by unauthorized external entities that have
compromised information system accounts, is a serious and ongoing concern
and can have significant adverse impacts on organizations. Auditing the use
of privileged functions is one way to detect such misuse and identify the
risk from insider threats and the advanced persistent threat.</rationale>
        <ident system="https://ncp.nist.gov/cce">CCE-85611-2</ident>
        <fix xmlns:xhtml="http://www.w3.org/1999/xhtml" id="audit_rules_suid_privilege_function" system="urn:xccdf:fix:script:sh"># Remediation is applicable only in certain platforms
if rpm --quiet -q audit &amp;&amp; rpm --quiet -q kernel-default || rpm --quiet -q kernel-default-base; then

# First perform the remediation of the syscall rule
# Retrieve hardware architecture of the underlying system
[ "$(getconf LONG_BIT)" = "32" ] &amp;&amp; RULE_ARCHS=("b32") || RULE_ARCHS=("b32" "b64")

for ARCH in "${RULE_ARCHS[@]}"
do
	ACTION_ARCH_FILTERS="-a always,exit -F arch=$ARCH"
    
	OTHER_FILTERS="-C uid!=euid -F euid=0"
	
	AUID_FILTERS=""
	SYSCALL="execve"
    
	KEY="setuid"
	
	SYSCALL_GROUPING=""
	# Perform the remediation for both possible tools: 'auditctl' and 'augenrules'
	unset syscall_a
unset syscall_grouping
unset syscall_string
unset syscall
unset file_to_edit
unset rule_to_edit
unset rule_syscalls_to_edit
unset other_string
unset auid_string
unset full_rule

# Load macro arguments into arrays
read -a syscall_a &lt;&lt;&lt; $SYSCALL
read -a syscall_grouping &lt;&lt;&lt; $SYSCALL_GROUPING

# Create a list of audit *.rules files that should be inspected for presence and correctness
# of a particular audit rule. The scheme is as follows:
#
# -----------------------------------------------------------------------------------------
#  Tool used to load audit rules | Rule already defined  |  Audit rules file to inspect    |
# -----------------------------------------------------------------------------------------
#        auditctl                |     Doesn't matter    |  /etc/audit/audit.rules         |
# -----------------------------------------------------------------------------------------
#        augenrules              |          Yes          |  /etc/audit/rules.d/*.rules     |
#        augenrules              |          No           |  /etc/audit/rules.d/$key.rules  |
# -----------------------------------------------------------------------------------------
#
files_to_inspect=()

# If audit tool is 'augenrules', then check if the audit rule is defined
# If rule is defined, add '/etc/audit/rules.d/*.rules' to the list for inspection
# If rule isn't defined yet, add '/etc/audit/rules.d/$key.rules' to the list for inspection
default_file="/etc/audit/rules.d/$KEY.rules"
# As other_filters may include paths, lets use a different delimiter for it
# The "F" script expression tells sed to print the filenames where the expressions matched
readarray -t files_to_inspect &lt; &lt;(sed -s -n -e "/^$ACTION_ARCH_FILTERS/!d" -e "\#$OTHER_FILTERS#!d" -e "/$AUID_FILTERS/!d" -e "F" /etc/audit/rules.d/*.rules)
# Case when particular rule isn't defined in /etc/audit/rules.d/*.rules yet
if [ ${#files_to_inspect[@]} -eq "0" ]
then
    file_to_inspect="/etc/audit/rules.d/$KEY.rules"
    files_to_inspect=("$file_to_inspect")
    if [ ! -e "$file_to_inspect" ]
    then
        touch "$file_to_inspect"
        chmod 0600 "$file_to_inspect"
    fi
fi

# After converting to jinja, we cannot return; therefore we skip the rest of the macro if needed instead
skip=1

for audit_file in "${files_to_inspect[@]}"
do
    # Filter existing $audit_file rules' definitions to select those that satisfy the rule pattern,
    # i.e, collect rules that match:
    # * the action, list and arch, (2-nd argument)
    # * the other filters, (3-rd argument)
    # * the auid filters, (4-rd argument)
    readarray -t similar_rules &lt; &lt;(sed -e "/^$ACTION_ARCH_FILTERS/!d"  -e "\#$OTHER_FILTERS#!d" -e "/$AUID_FILTERS/!d" "$audit_file")

    candidate_rules=()
    # Filter out rules that have more fields then required. This will remove rules more specific than the required scope
    for s_rule in "${similar_rules[@]}"
    do
        # Strip all the options and fields we know of,
        # than check if there was any field left over
        extra_fields=$(sed -E -e "s/^$ACTION_ARCH_FILTERS//"  -e "s#$OTHER_FILTERS##" -e "s/$AUID_FILTERS//" -e "s/((:?-S [[:alnum:],]+)+)//g" -e "s/-F key=\w+|-k \w+//"&lt;&lt;&lt; "$s_rule")
        grep -q -- "-F" &lt;&lt;&lt; "$extra_fields" || candidate_rules+=("$s_rule")
    done

    if [[ ${#syscall_a[@]} -ge 1 ]]
    then
        # Check if the syscall we want is present in any of the similar existing rules
        for rule in "${candidate_rules[@]}"
        do
            rule_syscalls=$(echo "$rule" | grep -o -P '(-S [\w,]+)+' | xargs)
            all_syscalls_found=0
            for syscall in "${syscall_a[@]}"
            do
                grep -q -- "\b${syscall}\b" &lt;&lt;&lt; "$rule_syscalls" || {
                   # A syscall was not found in the candidate rule
                   all_syscalls_found=1
                   }
            done
            if [[ $all_syscalls_found -eq 0 ]]
            then
                # We found a rule with all the syscall(s) we want; skip rest of macro
                skip=0
                break
            fi

            # Check if this rule can be grouped with our target syscall and keep track of it
            for syscall_g in "${syscall_grouping[@]}"
            do
                if grep -q -- "\b${syscall_g}\b" &lt;&lt;&lt; "$rule_syscalls"
                then
                    file_to_edit=${audit_file}
                    rule_to_edit=${rule}
                    rule_syscalls_to_edit=${rule_syscalls}
                fi
            done
        done
    else
        # If there is any candidate rule, it is compliant; skip rest of macro
        if [ "${#candidate_rules[@]}" -gt 0 ]
        then
            skip=0
        fi
    fi

    if [ "$skip" -eq 0 ]; then
        break
    fi
done

if [ "$skip" -ne 0 ]; then
    # We checked all rules that matched the expected resemblance pattern (action, arch &amp; auid)
    # At this point we know if we need to either append the $full_rule or group
    # the syscall together with an exsiting rule

    # Append the full_rule if it cannot be grouped to any other rule
    if [ -z ${rule_to_edit+x} ]
    then
        # Build full_rule while avoid adding double spaces when other_filters is empty
        if [ "${#syscall_a[@]}" -gt 0 ]
        then
            syscall_string=""
            for syscall in "${syscall_a[@]}"
            do
                syscall_string+=" -S $syscall"
            done
        fi
        other_string=$([[ $OTHER_FILTERS ]] &amp;&amp; echo " $OTHER_FILTERS") || /bin/true
        auid_string=$([[ $AUID_FILTERS ]] &amp;&amp; echo " $AUID_FILTERS") || /bin/true
        full_rule="$ACTION_ARCH_FILTERS${syscall_string}${other_string}${auid_string} -F key=$KEY" || /bin/true
        echo "$full_rule" &gt;&gt; "$default_file"
        chmod 0600 ${default_file}
    else
        # Check if the syscalls are declared as a comma separated list or
        # as multiple -S parameters
        if grep -q -- "," &lt;&lt;&lt; "${rule_syscalls_to_edit}"
        then
            delimiter=","
        else
            delimiter=" -S "
        fi
        new_grouped_syscalls="${rule_syscalls_to_edit}"
        for syscall in "${syscall_a[@]}"
        do
            grep -q -- "\b${syscall}\b" &lt;&lt;&lt; "${rule_syscalls_to_edit}" || {
               # A syscall was not found in the candidate rule
               new_grouped_syscalls+="${delimiter}${syscall}"
               }
        done

        # Group the syscall in the rule
        sed -i -e "\#${rule_to_edit}#s#${rule_syscalls_to_edit}#${new_grouped_syscalls}#" "$file_to_edit"
    fi
fi
	unset syscall_a
unset syscall_grouping
unset syscall_string
unset syscall
unset file_to_edit
unset rule_to_edit
unset rule_syscalls_to_edit
unset other_string
unset auid_string
unset full_rule

# Load macro arguments into arrays
read -a syscall_a &lt;&lt;&lt; $SYSCALL
read -a syscall_grouping &lt;&lt;&lt; $SYSCALL_GROUPING

# Create a list of audit *.rules files that should be inspected for presence and correctness
# of a particular audit rule. The scheme is as follows:
#
# -----------------------------------------------------------------------------------------
#  Tool used to load audit rules | Rule already defined  |  Audit rules file to inspect    |
# -----------------------------------------------------------------------------------------
#        auditctl                |     Doesn't matter    |  /etc/audit/audit.rules         |
# -----------------------------------------------------------------------------------------
#        augenrules              |          Yes          |  /etc/audit/rules.d/*.rules     |
#        augenrules              |          No           |  /etc/audit/rules.d/$key.rules  |
# -----------------------------------------------------------------------------------------
#
files_to_inspect=()


# If audit tool is 'auditctl', then add '/etc/audit/audit.rules'
# file to the list of files to be inspected
default_file="/etc/audit/audit.rules"
files_to_inspect+=('/etc/audit/audit.rules' )

# After converting to jinja, we cannot return; therefore we skip the rest of the macro if needed instead
skip=1

for audit_file in "${files_to_inspect[@]}"
do
    # Filter existing $audit_file rules' definitions to select those that satisfy the rule pattern,
    # i.e, collect rules that match:
    # * the action, list and arch, (2-nd argument)
    # * the other filters, (3-rd argument)
    # * the auid filters, (4-rd argument)
    readarray -t similar_rules &lt; &lt;(sed -e "/^$ACTION_ARCH_FILTERS/!d"  -e "\#$OTHER_FILTERS#!d" -e "/$AUID_FILTERS/!d" "$audit_file")

    candidate_rules=()
    # Filter out rules that have more fields then required. This will remove rules more specific than the required scope
    for s_rule in "${similar_rules[@]}"
    do
        # Strip all the options and fields we know of,
        # than check if there was any field left over
        extra_fields=$(sed -E -e "s/^$ACTION_ARCH_FILTERS//"  -e "s#$OTHER_FILTERS##" -e "s/$AUID_FILTERS//" -e "s/((:?-S [[:alnum:],]+)+)//g" -e "s/-F key=\w+|-k \w+//"&lt;&lt;&lt; "$s_rule")
        grep -q -- "-F" &lt;&lt;&lt; "$extra_fields" || candidate_rules+=("$s_rule")
    done

    if [[ ${#syscall_a[@]} -ge 1 ]]
    then
        # Check if the syscall we want is present in any of the similar existing rules
        for rule in "${candidate_rules[@]}"
        do
            rule_syscalls=$(echo "$rule" | grep -o -P '(-S [\w,]+)+' | xargs)
            all_syscalls_found=0
            for syscall in "${syscall_a[@]}"
            do
                grep -q -- "\b${syscall}\b" &lt;&lt;&lt; "$rule_syscalls" || {
                   # A syscall was not found in the candidate rule
                   all_syscalls_found=1
                   }
            done
            if [[ $all_syscalls_found -eq 0 ]]
            then
                # We found a rule with all the syscall(s) we want; skip rest of macro
                skip=0
                break
            fi

            # Check if this rule can be grouped with our target syscall and keep track of it
            for syscall_g in "${syscall_grouping[@]}"
            do
                if grep -q -- "\b${syscall_g}\b" &lt;&lt;&lt; "$rule_syscalls"
                then
                    file_to_edit=${audit_file}
                    rule_to_edit=${rule}
                    rule_syscalls_to_edit=${rule_syscalls}
                fi
            done
        done
    else
        # If there is any candidate rule, it is compliant; skip rest of macro
        if [ "${#candidate_rules[@]}" -gt 0 ]
        then
            skip=0
        fi
    fi

    if [ "$skip" -eq 0 ]; then
        break
    fi
done

if [ "$skip" -ne 0 ]; then
    # We checked all rules that matched the expected resemblance pattern (action, arch &amp; auid)
    # At this point we know if we need to either append the $full_rule or group
    # the syscall together with an exsiting rule

    # Append the full_rule if it cannot be grouped to any other rule
    if [ -z ${rule_to_edit+x} ]
    then
        # Build full_rule while avoid adding double spaces when other_filters is empty
        if [ "${#syscall_a[@]}" -gt 0 ]
        then
            syscall_string=""
            for syscall in "${syscall_a[@]}"
            do
                syscall_string+=" -S $syscall"
            done
        fi
        other_string=$([[ $OTHER_FILTERS ]] &amp;&amp; echo " $OTHER_FILTERS") || /bin/true
        auid_string=$([[ $AUID_FILTERS ]] &amp;&amp; echo " $AUID_FILTERS") || /bin/true
        full_rule="$ACTION_ARCH_FILTERS${syscall_string}${other_string}${auid_string} -F key=$KEY" || /bin/true
        echo "$full_rule" &gt;&gt; "$default_file"
        chmod 0600 ${default_file}
    else
        # Check if the syscalls are declared as a comma separated list or
        # as multiple -S parameters
        if grep -q -- "," &lt;&lt;&lt; "${rule_syscalls_to_edit}"
        then
            delimiter=","
        else
            delimiter=" -S "
        fi
        new_grouped_syscalls="${rule_syscalls_to_edit}"
        for syscall in "${syscall_a[@]}"
        do
            grep -q -- "\b${syscall}\b" &lt;&lt;&lt; "${rule_syscalls_to_edit}" || {
               # A syscall was not found in the candidate rule
               new_grouped_syscalls+="${delimiter}${syscall}"
               }
        done

        # Group the syscall in the rule
        sed -i -e "\#${rule_to_edit}#s#${rule_syscalls_to_edit}#${new_grouped_syscalls}#" "$file_to_edit"
    fi
fi
done

for ARCH in "${RULE_ARCHS[@]}"
do
	ACTION_ARCH_FILTERS="-a always,exit -F arch=$ARCH"
    
	OTHER_FILTERS="-C gid!=egid -F egid=0"
	
	AUID_FILTERS=""
	SYSCALL="execve"
    
	KEY="setgid"
	
	SYSCALL_GROUPING=""
	# Perform the remediation for both possible tools: 'auditctl' and 'augenrules'
	unset syscall_a
unset syscall_grouping
unset syscall_string
unset syscall
unset file_to_edit
unset rule_to_edit
unset rule_syscalls_to_edit
unset other_string
unset auid_string
unset full_rule

# Load macro arguments into arrays
read -a syscall_a &lt;&lt;&lt; $SYSCALL
read -a syscall_grouping &lt;&lt;&lt; $SYSCALL_GROUPING

# Create a list of audit *.rules files that should be inspected for presence and correctness
# of a particular audit rule. The scheme is as follows:
#
# -----------------------------------------------------------------------------------------
#  Tool used to load audit rules | Rule already defined  |  Audit rules file to inspect    |
# -----------------------------------------------------------------------------------------
#        auditctl                |     Doesn't matter    |  /etc/audit/audit.rules         |
# -----------------------------------------------------------------------------------------
#        augenrules              |          Yes          |  /etc/audit/rules.d/*.rules     |
#        augenrules              |          No           |  /etc/audit/rules.d/$key.rules  |
# -----------------------------------------------------------------------------------------
#
files_to_inspect=()

# If audit tool is 'augenrules', then check if the audit rule is defined
# If rule is defined, add '/etc/audit/rules.d/*.rules' to the list for inspection
# If rule isn't defined yet, add '/etc/audit/rules.d/$key.rules' to the list for inspection
default_file="/etc/audit/rules.d/$KEY.rules"
# As other_filters may include paths, lets use a different delimiter for it
# The "F" script expression tells sed to print the filenames where the expressions matched
readarray -t files_to_inspect &lt; &lt;(sed -s -n -e "/^$ACTION_ARCH_FILTERS/!d" -e "\#$OTHER_FILTERS#!d" -e "/$AUID_FILTERS/!d" -e "F" /etc/audit/rules.d/*.rules)
# Case when particular rule isn't defined in /etc/audit/rules.d/*.rules yet
if [ ${#files_to_inspect[@]} -eq "0" ]
then
    file_to_inspect="/etc/audit/rules.d/$KEY.rules"
    files_to_inspect=("$file_to_inspect")
    if [ ! -e "$file_to_inspect" ]
    then
        touch "$file_to_inspect"
        chmod 0600 "$file_to_inspect"
    fi
fi

# After converting to jinja, we cannot return; therefore we skip the rest of the macro if needed instead
skip=1

for audit_file in "${files_to_inspect[@]}"
do
    # Filter existing $audit_file rules' definitions to select those that satisfy the rule pattern,
    # i.e, collect rules that match:
    # * the action, list and arch, (2-nd argument)
    # * the other filters, (3-rd argument)
    # * the auid filters, (4-rd argument)
    readarray -t similar_rules &lt; &lt;(sed -e "/^$ACTION_ARCH_FILTERS/!d"  -e "\#$OTHER_FILTERS#!d" -e "/$AUID_FILTERS/!d" "$audit_file")

    candidate_rules=()
    # Filter out rules that have more fields then required. This will remove rules more specific than the required scope
    for s_rule in "${similar_rules[@]}"
    do
        # Strip all the options and fields we know of,
        # than check if there was any field left over
        extra_fields=$(sed -E -e "s/^$ACTION_ARCH_FILTERS//"  -e "s#$OTHER_FILTERS##" -e "s/$AUID_FILTERS//" -e "s/((:?-S [[:alnum:],]+)+)//g" -e "s/-F key=\w+|-k \w+//"&lt;&lt;&lt; "$s_rule")
        grep -q -- "-F" &lt;&lt;&lt; "$extra_fields" || candidate_rules+=("$s_rule")
    done

    if [[ ${#syscall_a[@]} -ge 1 ]]
    then
        # Check if the syscall we want is present in any of the similar existing rules
        for rule in "${candidate_rules[@]}"
        do
            rule_syscalls=$(echo "$rule" | grep -o -P '(-S [\w,]+)+' | xargs)
            all_syscalls_found=0
            for syscall in "${syscall_a[@]}"
            do
                grep -q -- "\b${syscall}\b" &lt;&lt;&lt; "$rule_syscalls" || {
                   # A syscall was not found in the candidate rule
                   all_syscalls_found=1
                   }
            done
            if [[ $all_syscalls_found -eq 0 ]]
            then
                # We found a rule with all the syscall(s) we want; skip rest of macro
                skip=0
                break
            fi

            # Check if this rule can be grouped with our target syscall and keep track of it
            for syscall_g in "${syscall_grouping[@]}"
            do
                if grep -q -- "\b${syscall_g}\b" &lt;&lt;&lt; "$rule_syscalls"
                then
                    file_to_edit=${audit_file}
                    rule_to_edit=${rule}
                    rule_syscalls_to_edit=${rule_syscalls}
                fi
            done
        done
    else
        # If there is any candidate rule, it is compliant; skip rest of macro
        if [ "${#candidate_rules[@]}" -gt 0 ]
        then
            skip=0
        fi
    fi

    if [ "$skip" -eq 0 ]; then
        break
    fi
done

if [ "$skip" -ne 0 ]; then
    # We checked all rules that matched the expected resemblance pattern (action, arch &amp; auid)
    # At this point we know if we need to either append the $full_rule or group
    # the syscall together with an exsiting rule

    # Append the full_rule if it cannot be grouped to any other rule
    if [ -z ${rule_to_edit+x} ]
    then
        # Build full_rule while avoid adding double spaces when other_filters is empty
        if [ "${#syscall_a[@]}" -gt 0 ]
        then
            syscall_string=""
            for syscall in "${syscall_a[@]}"
            do
                syscall_string+=" -S $syscall"
            done
        fi
        other_string=$([[ $OTHER_FILTERS ]] &amp;&amp; echo " $OTHER_FILTERS") || /bin/true
        auid_string=$([[ $AUID_FILTERS ]] &amp;&amp; echo " $AUID_FILTERS") || /bin/true
        full_rule="$ACTION_ARCH_FILTERS${syscall_string}${other_string}${auid_string} -F key=$KEY" || /bin/true
        echo "$full_rule" &gt;&gt; "$default_file"
        chmod 0600 ${default_file}
    else
        # Check if the syscalls are declared as a comma separated list or
        # as multiple -S parameters
        if grep -q -- "," &lt;&lt;&lt; "${rule_syscalls_to_edit}"
        then
            delimiter=","
        else
            delimiter=" -S "
        fi
        new_grouped_syscalls="${rule_syscalls_to_edit}"
        for syscall in "${syscall_a[@]}"
        do
            grep -q -- "\b${syscall}\b" &lt;&lt;&lt; "${rule_syscalls_to_edit}" || {
               # A syscall was not found in the candidate rule
               new_grouped_syscalls+="${delimiter}${syscall}"
               }
        done

        # Group the syscall in the rule
        sed -i -e "\#${rule_to_edit}#s#${rule_syscalls_to_edit}#${new_grouped_syscalls}#" "$file_to_edit"
    fi
fi
	unset syscall_a
unset syscall_grouping
unset syscall_string
unset syscall
unset file_to_edit
unset rule_to_edit
unset rule_syscalls_to_edit
unset other_string
unset auid_string
unset full_rule

# Load macro arguments into arrays
read -a syscall_a &lt;&lt;&lt; $SYSCALL
read -a syscall_grouping &lt;&lt;&lt; $SYSCALL_GROUPING

# Create a list of audit *.rules files that should be inspected for presence and correctness
# of a particular audit rule. The scheme is as follows:
#
# -----------------------------------------------------------------------------------------
#  Tool used to load audit rules | Rule already defined  |  Audit rules file to inspect    |
# -----------------------------------------------------------------------------------------
#        auditctl                |     Doesn't matter    |  /etc/audit/audit.rules         |
# -----------------------------------------------------------------------------------------
#        augenrules              |          Yes          |  /etc/audit/rules.d/*.rules     |
#        augenrules              |          No           |  /etc/audit/rules.d/$key.rules  |
# -----------------------------------------------------------------------------------------
#
files_to_inspect=()


# If audit tool is 'auditctl', then add '/etc/audit/audit.rules'
# file to the list of files to be inspected
default_file="/etc/audit/audit.rules"
files_to_inspect+=('/etc/audit/audit.rules' )

# After converting to jinja, we cannot return; therefore we skip the rest of the macro if needed instead
skip=1

for audit_file in "${files_to_inspect[@]}"
do
    # Filter existing $audit_file rules' definitions to select those that satisfy the rule pattern,
    # i.e, collect rules that match:
    # * the action, list and arch, (2-nd argument)
    # * the other filters, (3-rd argument)
    # * the auid filters, (4-rd argument)
    readarray -t similar_rules &lt; &lt;(sed -e "/^$ACTION_ARCH_FILTERS/!d"  -e "\#$OTHER_FILTERS#!d" -e "/$AUID_FILTERS/!d" "$audit_file")

    candidate_rules=()
    # Filter out rules that have more fields then required. This will remove rules more specific than the required scope
    for s_rule in "${similar_rules[@]}"
    do
        # Strip all the options and fields we know of,
        # than check if there was any field left over
        extra_fields=$(sed -E -e "s/^$ACTION_ARCH_FILTERS//"  -e "s#$OTHER_FILTERS##" -e "s/$AUID_FILTERS//" -e "s/((:?-S [[:alnum:],]+)+)//g" -e "s/-F key=\w+|-k \w+//"&lt;&lt;&lt; "$s_rule")
        grep -q -- "-F" &lt;&lt;&lt; "$extra_fields" || candidate_rules+=("$s_rule")
    done

    if [[ ${#syscall_a[@]} -ge 1 ]]
    then
        # Check if the syscall we want is present in any of the similar existing rules
        for rule in "${candidate_rules[@]}"
        do
            rule_syscalls=$(echo "$rule" | grep -o -P '(-S [\w,]+)+' | xargs)
            all_syscalls_found=0
            for syscall in "${syscall_a[@]}"
            do
                grep -q -- "\b${syscall}\b" &lt;&lt;&lt; "$rule_syscalls" || {
                   # A syscall was not found in the candidate rule
                   all_syscalls_found=1
                   }
            done
            if [[ $all_syscalls_found -eq 0 ]]
            then
                # We found a rule with all the syscall(s) we want; skip rest of macro
                skip=0
                break
            fi

            # Check if this rule can be grouped with our target syscall and keep track of it
            for syscall_g in "${syscall_grouping[@]}"
            do
                if grep -q -- "\b${syscall_g}\b" &lt;&lt;&lt; "$rule_syscalls"
                then
                    file_to_edit=${audit_file}
                    rule_to_edit=${rule}
                    rule_syscalls_to_edit=${rule_syscalls}
                fi
            done
        done
    else
        # If there is any candidate rule, it is compliant; skip rest of macro
        if [ "${#candidate_rules[@]}" -gt 0 ]
        then
            skip=0
        fi
    fi

    if [ "$skip" -eq 0 ]; then
        break
    fi
done

if [ "$skip" -ne 0 ]; then
    # We checked all rules that matched the expected resemblance pattern (action, arch &amp; auid)
    # At this point we know if we need to either append the $full_rule or group
    # the syscall together with an exsiting rule

    # Append the full_rule if it cannot be grouped to any other rule
    if [ -z ${rule_to_edit+x} ]
    then
        # Build full_rule while avoid adding double spaces when other_filters is empty
        if [ "${#syscall_a[@]}" -gt 0 ]
        then
            syscall_string=""
            for syscall in "${syscall_a[@]}"
            do
                syscall_string+=" -S $syscall"
            done
        fi
        other_string=$([[ $OTHER_FILTERS ]] &amp;&amp; echo " $OTHER_FILTERS") || /bin/true
        auid_string=$([[ $AUID_FILTERS ]] &amp;&amp; echo " $AUID_FILTERS") || /bin/true
        full_rule="$ACTION_ARCH_FILTERS${syscall_string}${other_string}${auid_string} -F key=$KEY" || /bin/true
        echo "$full_rule" &gt;&gt; "$default_file"
        chmod 0600 ${default_file}
    else
        # Check if the syscalls are declared as a comma separated list or
        # as multiple -S parameters
        if grep -q -- "," &lt;&lt;&lt; "${rule_syscalls_to_edit}"
        then
            delimiter=","
        else
            delimiter=" -S "
        fi
        new_grouped_syscalls="${rule_syscalls_to_edit}"
        for syscall in "${syscall_a[@]}"
        do
            grep -q -- "\b${syscall}\b" &lt;&lt;&lt; "${rule_syscalls_to_edit}" || {
               # A syscall was not found in the candidate rule
               new_grouped_syscalls+="${delimiter}${syscall}"
               }
        done

        # Group the syscall in the rule
        sed -i -e "\#${rule_to_edit}#s#${rule_syscalls_to_edit}#${new_grouped_syscalls}#" "$file_to_edit"
    fi
fi
done

else
    &gt;&amp;2 echo 'Remediation is not applicable, nothing was done'
fi
</fix>
        <fix xmlns:xhtml="http://www.w3.org/1999/xhtml" id="audit_rules_suid_privilege_function" system="urn:xccdf:fix:script:ansible" complexity="low" disruption="low" strategy="restrict">- name: Gather the package facts
  package_facts:
    manager: auto
  tags:
  - CCE-85611-2
  - DISA-STIG-SLES-15-030640
  - NIST-800-53-AC-6(9)
  - NIST-800-53-AU-12(3)
  - NIST-800-53-AU-7(a)
  - NIST-800-53-AU-7(b)
  - NIST-800-53-AU-8(b)
  - NIST-800-53-CM-5(1)
  - PCI-DSSv4-10.2
  - PCI-DSSv4-10.2.1
  - PCI-DSSv4-10.2.1.2
  - audit_rules_suid_privilege_function
  - low_complexity
  - low_disruption
  - medium_severity
  - no_reboot_needed
  - restrict_strategy

- name: Service facts
  ansible.builtin.service_facts: null
  when:
  - '"audit" in ansible_facts.packages'
  - ("kernel-default" in ansible_facts.packages or "kernel-default-base" in ansible_facts.packages)
  tags:
  - CCE-85611-2
  - DISA-STIG-SLES-15-030640
  - NIST-800-53-AC-6(9)
  - NIST-800-53-AU-12(3)
  - NIST-800-53-AU-7(a)
  - NIST-800-53-AU-7(b)
  - NIST-800-53-AU-8(b)
  - NIST-800-53-CM-5(1)
  - PCI-DSSv4-10.2
  - PCI-DSSv4-10.2.1
  - PCI-DSSv4-10.2.1.2
  - audit_rules_suid_privilege_function
  - low_complexity
  - low_disruption
  - medium_severity
  - no_reboot_needed
  - restrict_strategy

- name: Set suid_audit_rules fact
  ansible.builtin.set_fact:
    suid_audit_rules:
    - rule: -a always,exit -F arch=b32 -S execve -C gid!=egid -F egid=0 -k setgid
      regex: ^[\s]*-a[\s]+always,exit[\s]+-F[\s]+arch=b32[\s]+-S[\s]+execve[\s]+-C[\s]+gid!=egid[\s]+-F[\s]+egid=0[\s]+(?:-k[\s]+|-F[\s]+key=)[\S]+[\s]*$
    - rule: -a always,exit -F arch=b64 -S execve -C gid!=egid -F egid=0 -k setgid
      regex: ^[\s]*-a[\s]+always,exit[\s]+-F[\s]+arch=b64[\s]+-S[\s]+execve[\s]+-C[\s]+gid!=egid[\s]+-F[\s]+egid=0[\s]+(?:-k[\s]+|-F[\s]+key=)[\S]+[\s]*$
    - rule: -a always,exit -F arch=b32 -S execve -C uid!=euid -F euid=0 -k setuid
      regex: ^[\s]*-a[\s]+always,exit[\s]+-F[\s]+arch=b32[\s]+-S[\s]+execve[\s]+-C[\s]+uid!=euid[\s]+-F[\s]+euid=0[\s]+(?:-k[\s]+|-F[\s]+key=)[\S]+[\s]*$
    - rule: -a always,exit -F arch=b64 -S execve -C uid!=euid -F euid=0 -k setuid
      regex: ^[\s]*-a[\s]+always,exit[\s]+-F[\s]+arch=b64[\s]+-S[\s]+execve[\s]+-C[\s]+uid!=euid[\s]+-F[\s]+euid=0[\s]+(?:-k[\s]+|-F[\s]+key=)[\S]+[\s]*$
  when:
  - '"audit" in ansible_facts.packages'
  - ("kernel-default" in ansible_facts.packages or "kernel-default-base" in ansible_facts.packages)
  tags:
  - CCE-85611-2
  - DISA-STIG-SLES-15-030640
  - NIST-800-53-AC-6(9)
  - NIST-800-53-AU-12(3)
  - NIST-800-53-AU-7(a)
  - NIST-800-53-AU-7(b)
  - NIST-800-53-AU-8(b)
  - NIST-800-53-CM-5(1)
  - PCI-DSSv4-10.2
  - PCI-DSSv4-10.2.1
  - PCI-DSSv4-10.2.1.2
  - audit_rules_suid_privilege_function
  - low_complexity
  - low_disruption
  - medium_severity
  - no_reboot_needed
  - restrict_strategy

- name: Update /etc/audit/rules.d/privileged.rules to audit privileged functions
  ansible.builtin.lineinfile:
    path: /etc/audit/rules.d/privileged.rules
    line: '{{  item.rule  }}'
    regexp: '{{ item.regex }}'
    mode: '0600'
    create: true
  when:
  - '"audit" in ansible_facts.packages'
  - ("kernel-default" in ansible_facts.packages or "kernel-default-base" in ansible_facts.packages)
  - ('"auditd.service" in ansible_facts.services' or '"augenrules.service" in ansible_facts.services')
  register: augenrules_audit_rules_privilege_function_update_result
  with_items: '{{ suid_audit_rules }}'
  tags:
  - CCE-85611-2
  - DISA-STIG-SLES-15-030640
  - NIST-800-53-AC-6(9)
  - NIST-800-53-AU-12(3)
  - NIST-800-53-AU-7(a)
  - NIST-800-53-AU-7(b)
  - NIST-800-53-AU-8(b)
  - NIST-800-53-CM-5(1)
  - PCI-DSSv4-10.2
  - PCI-DSSv4-10.2.1
  - PCI-DSSv4-10.2.1.2
  - audit_rules_suid_privilege_function
  - low_complexity
  - low_disruption
  - medium_severity
  - no_reboot_needed
  - restrict_strategy

- name: Update /etc/audit/audit.rules to audit privileged functions
  ansible.builtin.lineinfile:
    path: /etc/audit/audit.rules
    line: '{{  item.rule  }}'
    regexp: '{{ item.regex }}'
    create: true
  when:
  - '"audit" in ansible_facts.packages'
  - ("kernel-default" in ansible_facts.packages or "kernel-default-base" in ansible_facts.packages)
  - ('"auditd.service" in ansible_facts.services' or '"augenrules.service" in ansible_facts.services')
  register: auditctl_audit_rules_privilege_function_update_result
  with_items: '{{ suid_audit_rules }}'
  tags:
  - CCE-85611-2
  - DISA-STIG-SLES-15-030640
  - NIST-800-53-AC-6(9)
  - NIST-800-53-AU-12(3)
  - NIST-800-53-AU-7(a)
  - NIST-800-53-AU-7(b)
  - NIST-800-53-AU-8(b)
  - NIST-800-53-CM-5(1)
  - PCI-DSSv4-10.2
  - PCI-DSSv4-10.2.1
  - PCI-DSSv4-10.2.1.2
  - audit_rules_suid_privilege_function
  - low_complexity
  - low_disruption
  - medium_severity
  - no_reboot_needed
  - restrict_strategy

- name: Restart auditd.service
  ansible.builtin.systemd:
    name: auditd.service
    state: restarted
  when:
  - '"audit" in ansible_facts.packages'
  - ("kernel-default" in ansible_facts.packages or "kernel-default-base" in ansible_facts.packages)
  - (augenrules_audit_rules_privilege_function_update_result.changed or auditctl_audit_rules_privilege_function_update_result.changed)
  - ansible_facts.services["auditd.service"].state == "running"
  tags:
  - CCE-85611-2
  - DISA-STIG-SLES-15-030640
  - NIST-800-53-AC-6(9)
  - NIST-800-53-AU-12(3)
  - NIST-800-53-AU-7(a)
  - NIST-800-53-AU-7(b)
  - NIST-800-53-AU-8(b)
  - NIST-800-53-CM-5(1)
  - PCI-DSSv4-10.2
  - PCI-DSSv4-10.2.1
  - PCI-DSSv4-10.2.1.2
  - audit_rules_suid_privilege_function
  - low_complexity
  - low_disruption
  - medium_severity
  - no_reboot_needed
  - restrict_strategy
</fix>
        <check system="http://oval.mitre.org/XMLSchema/oval-definitions-5">
          <check-content-ref name="oval:ssg-audit_rules_suid_privilege_function:def:1" href="ssg-sle15-oval.xml"/>
        </check>
        <check system="http://scap.nist.gov/schema/ocil/2">
          <check-content-ref name="ocil:ssg-audit_rules_suid_privilege_function_ocil:questionnaire:1" href="ssg-sle15-ocil.xml"/>
        </check>
      </Rule>
      <Rule id="xccdf_org.ssgproject.content_rule_audit_rules_sysadmin_actions" selected="false" role="full" severity="medium">
        <title xmlns:xhtml="http://www.w3.org/1999/xhtml" xml:lang="en-US">Ensure auditd Collects System Administrator Actions</title>
        <description xmlns:xhtml="http://www.w3.org/1999/xhtml" xml:lang="en-US">



If the <html:code xmlns:html="http://www.w3.org/1999/xhtml">auditd</html:code> daemon is configured to use the <html:code xmlns:html="http://www.w3.org/1999/xhtml">augenrules</html:code>
program to read audit rules during daemon startup (the default), add the
following lines to a file with suffix <html:code xmlns:html="http://www.w3.org/1999/xhtml">.rules</html:code> in the
directory <html:code xmlns:html="http://www.w3.org/1999/xhtml">/etc/audit/rules.d</html:code>:

<html:pre xmlns:html="http://www.w3.org/1999/xhtml">-w /etc/sudoers -p wa -k actions</html:pre>

If the <html:code xmlns:html="http://www.w3.org/1999/xhtml">auditd</html:code> daemon is configured to use the <html:code xmlns:html="http://www.w3.org/1999/xhtml">auditctl</html:code>
utility to read audit rules during daemon startup, add the following lines to
<html:code xmlns:html="http://www.w3.org/1999/xhtml">/etc/audit/audit.rules</html:code>:

<html:pre xmlns:html="http://www.w3.org/1999/xhtml">-w /etc/sudoers -p wa -k actions</html:pre>






If the <html:code xmlns:html="http://www.w3.org/1999/xhtml">auditd</html:code> daemon is configured to use the <html:code xmlns:html="http://www.w3.org/1999/xhtml">augenrules</html:code>
program to read audit rules during daemon startup (the default), add the
following lines to a file with suffix <html:code xmlns:html="http://www.w3.org/1999/xhtml">.rules</html:code> in the
directory <html:code xmlns:html="http://www.w3.org/1999/xhtml">/etc/audit/rules.d</html:code>:

<html:pre xmlns:html="http://www.w3.org/1999/xhtml">-w /etc/sudoers.d/ -p wa -k actions</html:pre>

If the <html:code xmlns:html="http://www.w3.org/1999/xhtml">auditd</html:code> daemon is configured to use the <html:code xmlns:html="http://www.w3.org/1999/xhtml">auditctl</html:code>
utility to read audit rules during daemon startup, add the following lines to
<html:code xmlns:html="http://www.w3.org/1999/xhtml">/etc/audit/audit.rules</html:code>:

<html:pre xmlns:html="http://www.w3.org/1999/xhtml">-w /etc/sudoers.d/ -p wa -k actions</html:pre>
      </description>
        <reference href="https://www.cisecurity.org/controls/">1</reference>
        <reference href="https://www.cisecurity.org/controls/">11</reference>
        <reference href="https://www.cisecurity.org/controls/">12</reference>
        <reference href="https://www.cisecurity.org/controls/">13</reference>
        <reference href="https://www.cisecurity.org/controls/">14</reference>
        <reference href="https://www.cisecurity.org/controls/">15</reference>
        <reference href="https://www.cisecurity.org/controls/">16</reference>
        <reference href="https://www.cisecurity.org/controls/">18</reference>
        <reference href="https://www.cisecurity.org/controls/">19</reference>
        <reference href="https://www.cisecurity.org/controls/">2</reference>
        <reference href="https://www.cisecurity.org/controls/">3</reference>
        <reference href="https://www.cisecurity.org/controls/">4</reference>
        <reference href="https://www.cisecurity.org/controls/">5</reference>
        <reference href="https://www.cisecurity.org/controls/">6</reference>
        <reference href="https://www.cisecurity.org/controls/">7</reference>
        <reference href="https://www.cisecurity.org/controls/">8</reference>
        <reference href="https://www.cisecurity.org/controls/">9</reference>
        <reference href="https://www.fbi.gov/file-repository/cjis-security-policy-v5_5_20160601-2-1.pdf">5.4.1.1</reference>
        <reference href="https://www.isaca.org/resources/cobit">APO10.01</reference>
        <reference href="https://www.isaca.org/resources/cobit">APO10.03</reference>
        <reference href="https://www.isaca.org/resources/cobit">APO10.04</reference>
        <reference href="https://www.isaca.org/resources/cobit">APO10.05</reference>
        <reference href="https://www.isaca.org/resources/cobit">APO11.04</reference>
        <reference href="https://www.isaca.org/resources/cobit">APO12.06</reference>
        <reference href="https://www.isaca.org/resources/cobit">APO13.01</reference>
        <reference href="https://www.isaca.org/resources/cobit">BAI03.05</reference>
        <reference href="https://www.isaca.org/resources/cobit">BAI08.02</reference>
        <reference href="https://www.isaca.org/resources/cobit">DSS01.03</reference>
        <reference href="https://www.isaca.org/resources/cobit">DSS01.04</reference>
        <reference href="https://www.isaca.org/resources/cobit">DSS02.02</reference>
        <reference href="https://www.isaca.org/resources/cobit">DSS02.04</reference>
        <reference href="https://www.isaca.org/resources/cobit">DSS02.07</reference>
        <reference href="https://www.isaca.org/resources/cobit">DSS03.01</reference>
        <reference href="https://www.isaca.org/resources/cobit">DSS03.05</reference>
        <reference href="https://www.isaca.org/resources/cobit">DSS05.02</reference>
        <reference href="https://www.isaca.org/resources/cobit">DSS05.03</reference>
        <reference href="https://www.isaca.org/resources/cobit">DSS05.04</reference>
        <reference href="https://www.isaca.org/resources/cobit">DSS05.05</reference>
        <reference href="https://www.isaca.org/resources/cobit">DSS05.07</reference>
        <reference href="https://www.isaca.org/resources/cobit">DSS06.03</reference>
        <reference href="https://www.isaca.org/resources/cobit">MEA01.01</reference>
        <reference href="https://www.isaca.org/resources/cobit">MEA01.02</reference>
        <reference href="https://www.isaca.org/resources/cobit">MEA01.03</reference>
        <reference href="https://www.isaca.org/resources/cobit">MEA01.04</reference>
        <reference href="https://www.isaca.org/resources/cobit">MEA01.05</reference>
        <reference href="https://www.isaca.org/resources/cobit">MEA02.01</reference>
        <reference href="http://nvlpubs.nist.gov/nistpubs/SpecialPublications/NIST.SP.800-171.pdf">3.1.7</reference>
        <reference href="https://www.gpo.gov/fdsys/pkg/CFR-2007-title45-vol1/pdf/CFR-2007-title45-vol1-chapA-subchapC.pdf">164.308(a)(1)(ii)(D)</reference>
        <reference href="https://www.gpo.gov/fdsys/pkg/CFR-2007-title45-vol1/pdf/CFR-2007-title45-vol1-chapA-subchapC.pdf">164.308(a)(3)(ii)(A)</reference>
        <reference href="https://www.gpo.gov/fdsys/pkg/CFR-2007-title45-vol1/pdf/CFR-2007-title45-vol1-chapA-subchapC.pdf">164.308(a)(5)(ii)(C)</reference>
        <reference href="https://www.gpo.gov/fdsys/pkg/CFR-2007-title45-vol1/pdf/CFR-2007-title45-vol1-chapA-subchapC.pdf">164.312(a)(2)(i)</reference>
        <reference href="https://www.gpo.gov/fdsys/pkg/CFR-2007-title45-vol1/pdf/CFR-2007-title45-vol1-chapA-subchapC.pdf">164.312(b)</reference>
        <reference href="https://www.gpo.gov/fdsys/pkg/CFR-2007-title45-vol1/pdf/CFR-2007-title45-vol1-chapA-subchapC.pdf">164.312(d)</reference>
        <reference href="https://www.gpo.gov/fdsys/pkg/CFR-2007-title45-vol1/pdf/CFR-2007-title45-vol1-chapA-subchapC.pdf">164.312(e)</reference>
        <reference href="https://www.isa.org/products/isa-62443-2-1-2009-security-for-industrial-automat">4.2.3.10</reference>
        <reference href="https://www.isa.org/products/isa-62443-2-1-2009-security-for-industrial-automat">4.3.2.6.7</reference>
        <reference href="https://www.isa.org/products/isa-62443-2-1-2009-security-for-industrial-automat">4.3.3.2.2</reference>
        <reference href="https://www.isa.org/products/isa-62443-2-1-2009-security-for-industrial-automat">4.3.3.3.9</reference>
        <reference href="https://www.isa.org/products/isa-62443-2-1-2009-security-for-industrial-automat">4.3.3.5.1</reference>
        <reference href="https://www.isa.org/products/isa-62443-2-1-2009-security-for-industrial-automat">4.3.3.5.2</reference>
        <reference href="https://www.isa.org/products/isa-62443-2-1-2009-security-for-industrial-automat">4.3.3.5.8</reference>
        <reference href="https://www.isa.org/products/isa-62443-2-1-2009-security-for-industrial-automat">4.3.3.6.6</reference>
        <reference href="https://www.isa.org/products/isa-62443-2-1-2009-security-for-industrial-automat">4.3.3.7.2</reference>
        <reference href="https://www.isa.org/products/isa-62443-2-1-2009-security-for-industrial-automat">4.3.3.7.3</reference>
        <reference href="https://www.isa.org/products/isa-62443-2-1-2009-security-for-industrial-automat">4.3.3.7.4</reference>
        <reference href="https://www.isa.org/products/isa-62443-2-1-2009-security-for-industrial-automat">4.3.4.4.7</reference>
        <reference href="https://www.isa.org/products/isa-62443-2-1-2009-security-for-industrial-automat">4.3.4.5.6</reference>
        <reference href="https://www.isa.org/products/isa-62443-2-1-2009-security-for-industrial-automat">4.3.4.5.7</reference>
        <reference href="https://www.isa.org/products/isa-62443-2-1-2009-security-for-industrial-automat">4.3.4.5.8</reference>
        <reference href="https://www.isa.org/products/isa-62443-2-1-2009-security-for-industrial-automat">4.4.2.1</reference>
        <reference href="https://www.isa.org/products/isa-62443-2-1-2009-security-for-industrial-automat">4.4.2.2</reference>
        <reference href="https://www.isa.org/products/isa-62443-2-1-2009-security-for-industrial-automat">4.4.2.4</reference>
        <reference href="https://www.isa.org/products/ansi-isa-62443-3-3-99-03-03-2013-security-for-indu">SR 1.1</reference>
        <reference href="https://www.isa.org/products/ansi-isa-62443-3-3-99-03-03-2013-security-for-indu">SR 1.13</reference>
        <reference href="https://www.isa.org/products/ansi-isa-62443-3-3-99-03-03-2013-security-for-indu">SR 1.2</reference>
        <reference href="https://www.isa.org/products/ansi-isa-62443-3-3-99-03-03-2013-security-for-indu">SR 1.3</reference>
        <reference href="https://www.isa.org/products/ansi-isa-62443-3-3-99-03-03-2013-security-for-indu">SR 1.4</reference>
        <reference href="https://www.isa.org/products/ansi-isa-62443-3-3-99-03-03-2013-security-for-indu">SR 1.5</reference>
        <reference href="https://www.isa.org/products/ansi-isa-62443-3-3-99-03-03-2013-security-for-indu">SR 1.7</reference>
        <reference href="https://www.isa.org/products/ansi-isa-62443-3-3-99-03-03-2013-security-for-indu">SR 1.8</reference>
        <reference href="https://www.isa.org/products/ansi-isa-62443-3-3-99-03-03-2013-security-for-indu">SR 1.9</reference>
        <reference href="https://www.isa.org/products/ansi-isa-62443-3-3-99-03-03-2013-security-for-indu">SR 2.1</reference>
        <reference href="https://www.isa.org/products/ansi-isa-62443-3-3-99-03-03-2013-security-for-indu">SR 2.10</reference>
        <reference href="https://www.isa.org/products/ansi-isa-62443-3-3-99-03-03-2013-security-for-indu">SR 2.11</reference>
        <reference href="https://www.isa.org/products/ansi-isa-62443-3-3-99-03-03-2013-security-for-indu">SR 2.12</reference>
        <reference href="https://www.isa.org/products/ansi-isa-62443-3-3-99-03-03-2013-security-for-indu">SR 2.6</reference>
        <reference href="https://www.isa.org/products/ansi-isa-62443-3-3-99-03-03-2013-security-for-indu">SR 2.8</reference>
        <reference href="https://www.isa.org/products/ansi-isa-62443-3-3-99-03-03-2013-security-for-indu">SR 2.9</reference>
        <reference href="https://www.isa.org/products/ansi-isa-62443-3-3-99-03-03-2013-security-for-indu">SR 3.1</reference>
        <reference href="https://www.isa.org/products/ansi-isa-62443-3-3-99-03-03-2013-security-for-indu">SR 3.5</reference>
        <reference href="https://www.isa.org/products/ansi-isa-62443-3-3-99-03-03-2013-security-for-indu">SR 3.8</reference>
        <reference href="https://www.isa.org/products/ansi-isa-62443-3-3-99-03-03-2013-security-for-indu">SR 4.1</reference>
        <reference href="https://www.isa.org/products/ansi-isa-62443-3-3-99-03-03-2013-security-for-indu">SR 4.3</reference>
        <reference href="https://www.isa.org/products/ansi-isa-62443-3-3-99-03-03-2013-security-for-indu">SR 5.1</reference>
        <reference href="https://www.isa.org/products/ansi-isa-62443-3-3-99-03-03-2013-security-for-indu">SR 5.2</reference>
        <reference href="https://www.isa.org/products/ansi-isa-62443-3-3-99-03-03-2013-security-for-indu">SR 5.3</reference>
        <reference href="https://www.isa.org/products/ansi-isa-62443-3-3-99-03-03-2013-security-for-indu">SR 6.1</reference>
        <reference href="https://www.isa.org/products/ansi-isa-62443-3-3-99-03-03-2013-security-for-indu">SR 6.2</reference>
        <reference href="https://www.isa.org/products/ansi-isa-62443-3-3-99-03-03-2013-security-for-indu">SR 7.1</reference>
        <reference href="https://www.isa.org/products/ansi-isa-62443-3-3-99-03-03-2013-security-for-indu">SR 7.6</reference>
        <reference href="https://www.iso.org/contents/data/standard/05/45/54534.html">A.11.2.6</reference>
        <reference href="https://www.iso.org/contents/data/standard/05/45/54534.html">A.12.4.1</reference>
        <reference href="https://www.iso.org/contents/data/standard/05/45/54534.html">A.12.4.2</reference>
        <reference href="https://www.iso.org/contents/data/standard/05/45/54534.html">A.12.4.3</reference>
        <reference href="https://www.iso.org/contents/data/standard/05/45/54534.html">A.12.4.4</reference>
        <reference href="https://www.iso.org/contents/data/standard/05/45/54534.html">A.12.7.1</reference>
        <reference href="https://www.iso.org/contents/data/standard/05/45/54534.html">A.13.1.1</reference>
        <reference href="https://www.iso.org/contents/data/standard/05/45/54534.html">A.13.2.1</reference>
        <reference href="https://www.iso.org/contents/data/standard/05/45/54534.html">A.14.1.3</reference>
        <reference href="https://www.iso.org/contents/data/standard/05/45/54534.html">A.14.2.7</reference>
        <reference href="https://www.iso.org/contents/data/standard/05/45/54534.html">A.15.2.1</reference>
        <reference href="https://www.iso.org/contents/data/standard/05/45/54534.html">A.15.2.2</reference>
        <reference href="https://www.iso.org/contents/data/standard/05/45/54534.html">A.16.1.4</reference>
        <reference href="https://www.iso.org/contents/data/standard/05/45/54534.html">A.16.1.5</reference>
        <reference href="https://www.iso.org/contents/data/standard/05/45/54534.html">A.16.1.7</reference>
        <reference href="https://www.iso.org/contents/data/standard/05/45/54534.html">A.6.1.2</reference>
        <reference href="https://www.iso.org/contents/data/standard/05/45/54534.html">A.6.2.1</reference>
        <reference href="https://www.iso.org/contents/data/standard/05/45/54534.html">A.6.2.2</reference>
        <reference href="https://www.iso.org/contents/data/standard/05/45/54534.html">A.7.1.1</reference>
        <reference href="https://www.iso.org/contents/data/standard/05/45/54534.html">A.9.1.2</reference>
        <reference href="https://www.iso.org/contents/data/standard/05/45/54534.html">A.9.2.1</reference>
        <reference href="https://www.iso.org/contents/data/standard/05/45/54534.html">A.9.2.2</reference>
        <reference href="https://www.iso.org/contents/data/standard/05/45/54534.html">A.9.2.3</reference>
        <reference href="https://www.iso.org/contents/data/standard/05/45/54534.html">A.9.2.4</reference>
        <reference href="https://www.iso.org/contents/data/standard/05/45/54534.html">A.9.2.6</reference>
        <reference href="https://www.iso.org/contents/data/standard/05/45/54534.html">A.9.3.1</reference>
        <reference href="https://www.iso.org/contents/data/standard/05/45/54534.html">A.9.4.1</reference>
        <reference href="https://www.iso.org/contents/data/standard/05/45/54534.html">A.9.4.2</reference>
        <reference href="https://www.iso.org/contents/data/standard/05/45/54534.html">A.9.4.3</reference>
        <reference href="https://www.iso.org/contents/data/standard/05/45/54534.html">A.9.4.4</reference>
        <reference href="https://www.iso.org/contents/data/standard/05/45/54534.html">A.9.4.5</reference>
        <reference href="http://nvlpubs.nist.gov/nistpubs/SpecialPublications/NIST.SP.800-53r4.pdf">AU-3</reference>
        <reference href="http://nvlpubs.nist.gov/nistpubs/SpecialPublications/NIST.SP.800-53r4.pdf">AU-3.1</reference>
        <reference href="http://nvlpubs.nist.gov/nistpubs/SpecialPublications/NIST.SP.800-53r4.pdf">AU-12(a)</reference>
        <reference href="http://nvlpubs.nist.gov/nistpubs/SpecialPublications/NIST.SP.800-53r4.pdf">AU-12.1(ii)</reference>
        <reference href="http://nvlpubs.nist.gov/nistpubs/SpecialPublications/NIST.SP.800-53r4.pdf">AU-12.1(iv)</reference>
        <reference href="http://nvlpubs.nist.gov/nistpubs/SpecialPublications/NIST.SP.800-53r4.pdf">MA-4(1)(a)</reference>
        <reference href="https://nvlpubs.nist.gov/nistpubs/CSWP/NIST.CSWP.04162018.pdf">DE.AE-3</reference>
        <reference href="https://nvlpubs.nist.gov/nistpubs/CSWP/NIST.CSWP.04162018.pdf">DE.AE-5</reference>
        <reference href="https://nvlpubs.nist.gov/nistpubs/CSWP/NIST.CSWP.04162018.pdf">DE.CM-1</reference>
        <reference href="https://nvlpubs.nist.gov/nistpubs/CSWP/NIST.CSWP.04162018.pdf">DE.CM-3</reference>
        <reference href="https://nvlpubs.nist.gov/nistpubs/CSWP/NIST.CSWP.04162018.pdf">DE.CM-7</reference>
        <reference href="https://nvlpubs.nist.gov/nistpubs/CSWP/NIST.CSWP.04162018.pdf">ID.SC-4</reference>
        <reference href="https://nvlpubs.nist.gov/nistpubs/CSWP/NIST.CSWP.04162018.pdf">PR.AC-1</reference>
        <reference href="https://nvlpubs.nist.gov/nistpubs/CSWP/NIST.CSWP.04162018.pdf">PR.AC-3</reference>
        <reference href="https://nvlpubs.nist.gov/nistpubs/CSWP/NIST.CSWP.04162018.pdf">PR.AC-4</reference>
        <reference href="https://nvlpubs.nist.gov/nistpubs/CSWP/NIST.CSWP.04162018.pdf">PR.AC-6</reference>
        <reference href="https://nvlpubs.nist.gov/nistpubs/CSWP/NIST.CSWP.04162018.pdf">PR.PT-1</reference>
        <reference href="https://nvlpubs.nist.gov/nistpubs/CSWP/NIST.CSWP.04162018.pdf">PR.PT-4</reference>
        <reference href="https://nvlpubs.nist.gov/nistpubs/CSWP/NIST.CSWP.04162018.pdf">RS.AN-1</reference>
        <reference href="https://nvlpubs.nist.gov/nistpubs/CSWP/NIST.CSWP.04162018.pdf">RS.AN-4</reference>
        <reference href="https://www.pcisecuritystandards.org/documents/PCI_DSS_v3-2-1.pdf">Req-10.2.2</reference>
        <reference href="https://www.pcisecuritystandards.org/documents/PCI_DSS_v3-2-1.pdf">Req-10.2.5.b</reference>
        <reference href="https://www.cyber.mil/stigs/downloads/?_dl_facet_stigs=operating-systems%2Cgeneral-purpose-os">SRG-OS-000004-GPOS-00004</reference>
        <reference href="https://www.cyber.mil/stigs/downloads/?_dl_facet_stigs=operating-systems%2Cgeneral-purpose-os">SRG-OS-000037-GPOS-00015</reference>
        <reference href="https://www.cyber.mil/stigs/downloads/?_dl_facet_stigs=operating-systems%2Cgeneral-purpose-os">SRG-OS-000042-GPOS-00020</reference>
        <reference href="https://www.cyber.mil/stigs/downloads/?_dl_facet_stigs=operating-systems%2Cgeneral-purpose-os">SRG-OS-000062-GPOS-00031</reference>
        <reference href="https://www.cyber.mil/stigs/downloads/?_dl_facet_stigs=operating-systems%2Cgeneral-purpose-os">SRG-OS-000304-GPOS-00121</reference>
        <reference href="https://www.cyber.mil/stigs/downloads/?_dl_facet_stigs=operating-systems%2Cgeneral-purpose-os">SRG-OS-000392-GPOS-00172</reference>
        <reference href="https://www.cyber.mil/stigs/downloads/?_dl_facet_stigs=operating-systems%2Cgeneral-purpose-os">SRG-OS-000462-GPOS-00206</reference>
        <reference href="https://www.cyber.mil/stigs/downloads/?_dl_facet_stigs=operating-systems%2Cgeneral-purpose-os">SRG-OS-000470-GPOS-00214</reference>
        <reference href="https://www.cyber.mil/stigs/downloads/?_dl_facet_stigs=operating-systems%2Cgeneral-purpose-os">SRG-OS-000471-GPOS-00215</reference>
        <reference href="https://www.cyber.mil/stigs/downloads/?_dl_facet_stigs=operating-systems%2Cgeneral-purpose-os">SRG-OS-000239-GPOS-00089</reference>
        <reference href="https://www.cyber.mil/stigs/downloads/?_dl_facet_stigs=operating-systems%2Cgeneral-purpose-os">SRG-OS-000240-GPOS-00090</reference>
        <reference href="https://www.cyber.mil/stigs/downloads/?_dl_facet_stigs=operating-systems%2Cgeneral-purpose-os">SRG-OS-000241-GPOS-00091</reference>
        <reference href="https://www.cyber.mil/stigs/downloads/?_dl_facet_stigs=operating-systems%2Cgeneral-purpose-os">SRG-OS-000303-GPOS-00120</reference>
        <reference href="https://www.cyber.mil/stigs/downloads/?_dl_facet_stigs=operating-systems%2Cgeneral-purpose-os">SRG-OS-000304-GPOS-00121</reference>
        <reference href="https://www.cyber.mil/stigs/downloads/?_dl_facet_stigs=operating-systems%2Cgeneral-purpose-os">SRG-OS-000466-GPOS-00210</reference>
        <reference href="https://www.cyber.mil/stigs/downloads/?_dl_facet_stigs=operating-systems%2Cgeneral-purpose-os">SRG-OS-000476-GPOS-00221</reference>
        <reference href="https://www.cyber.mil/stigs/downloads/?_dl_facet_stigs=app-security">SRG-APP-000026-CTR-000070</reference>
        <reference href="https://www.cyber.mil/stigs/downloads/?_dl_facet_stigs=app-security">SRG-APP-000027-CTR-000075</reference>
        <reference href="https://www.cyber.mil/stigs/downloads/?_dl_facet_stigs=app-security">SRG-APP-000028-CTR-000080</reference>
        <reference href="https://www.cyber.mil/stigs/downloads/?_dl_facet_stigs=app-security">SRG-APP-000291-CTR-000675</reference>
        <reference href="https://www.cyber.mil/stigs/downloads/?_dl_facet_stigs=app-security">SRG-APP-000292-CTR-000680</reference>
        <reference href="https://www.cyber.mil/stigs/downloads/?_dl_facet_stigs=app-security">SRG-APP-000293-CTR-000685</reference>
        <reference href="https://www.cyber.mil/stigs/downloads/?_dl_facet_stigs=app-security">SRG-APP-000294-CTR-000690</reference>
        <reference href="https://www.cyber.mil/stigs/downloads/?_dl_facet_stigs=app-security">SRG-APP-000319-CTR-000745</reference>
        <reference href="https://www.cyber.mil/stigs/downloads/?_dl_facet_stigs=app-security">SRG-APP-000320-CTR-000750</reference>
        <reference href="https://www.cyber.mil/stigs/downloads/?_dl_facet_stigs=app-security">SRG-APP-000509-CTR-001305</reference>
        <reference href="https://www.cyber.mil/stigs/downloads/?_dl_facet_stigs=operating-systems%2Cunix-linux">SLES-15-030140</reference>
        <reference href="https://www.cisecurity.org/benchmark/suse_linux/">4.1.14</reference>
        <reference href="https://cyber.gouv.fr/sites/default/files/document/linux_configuration-en-v2.pdf">R73</reference>
        <reference href="not_publicly_available">SLES-15-750450135</reference>
        <reference href="https://www.cyber.gov.au/acsc/view-all-content/ism">0582</reference>
        <reference href="https://docs-prv.pcisecuritystandards.org/PCI%20DSS/Standard/PCI-DSS-v4_0.pdf">10.2.1.5</reference>
        <reference href="https://docs-prv.pcisecuritystandards.org/PCI%20DSS/Standard/PCI-DSS-v4_0.pdf">10.2.1</reference>
        <reference href="https://docs-prv.pcisecuritystandards.org/PCI%20DSS/Standard/PCI-DSS-v4_0.pdf">10.2</reference>
        <reference href="https://www.cyber.mil/stigs/srg-stig-tools/">SV-234913r958412_rule</reference>
        <rationale xmlns:xhtml="http://www.w3.org/1999/xhtml" xml:lang="en-US">The actions taken by system administrators should be audited to keep a record
of what was executed on the system, as well as, for accountability purposes.</rationale>
        <ident system="https://ncp.nist.gov/cce">CCE-85679-9</ident>
        <fix xmlns:xhtml="http://www.w3.org/1999/xhtml" id="audit_rules_sysadmin_actions" system="urn:xccdf:fix:script:sh"># Remediation is applicable only in certain platforms
if rpm --quiet -q audit &amp;&amp; rpm --quiet -q kernel-default || rpm --quiet -q kernel-default-base; then

# Perform the remediation for both possible tools: 'auditctl' and 'augenrules'


# Create a list of audit *.rules files that should be inspected for presence and correctness
# of a particular audit rule. The scheme is as follows:
#
# -----------------------------------------------------------------------------------------
# Tool used to load audit rules	| Rule already defined	|  Audit rules file to inspect	  |
# -----------------------------------------------------------------------------------------
#	auditctl		|     Doesn't matter	|  /etc/audit/audit.rules	  |
# -----------------------------------------------------------------------------------------
# 	augenrules		|          Yes		|  /etc/audit/rules.d/*.rules	  |
# 	augenrules		|          No		|  /etc/audit/rules.d/$key.rules  |
# -----------------------------------------------------------------------------------------
files_to_inspect=()


# If the audit tool is 'auditctl', then add '/etc/audit/audit.rules'
# into the list of files to be inspected
files_to_inspect+=('/etc/audit/audit.rules')

# Finally perform the inspection and possible subsequent audit rule
# correction for each of the files previously identified for inspection
for audit_rules_file in "${files_to_inspect[@]}"
do
    # Check if audit watch file system object rule for given path already present

    if grep -q -P -- "^[\s]*-w[\s]+/etc/sudoers" "$audit_rules_file"

    then
        # Rule is found =&gt; verify yet if existing rule definition contains
        # all of the required access type bits

        # Define BRE whitespace class shortcut
        sp="[[:space:]]"
        # Extract current permission access types (e.g. -p [r|w|x|a] values) from audit rule

        current_access_bits=$(sed -ne "s#$sp*-w$sp\+/etc/sudoers $sp\+-p$sp\+\([rxwa]\{1,4\}\).*#\1#p" "$audit_rules_file")

        # Split required access bits string into characters array
        # (to check bit's presence for one bit at a time)
        for access_bit in $(echo "wa" | grep -o .)
        do
            # For each from the required access bits (e.g. 'w', 'a') check
            # if they are already present in current access bits for rule.
            # If not, append that bit at the end
            if ! grep -q "$access_bit" &lt;&lt;&lt; "$current_access_bits"
            then
                # Concatenate the existing mask with the missing bit
                current_access_bits="$current_access_bits$access_bit"
            fi
        done
        # Propagate the updated rule's access bits (original + the required
        # ones) back into the /etc/audit/audit.rules file for that rule

        sed -i "s#\($sp*-w$sp\+/etc/sudoers$sp\+-p$sp\+\)\([rxwa]\{1,4\}\)\(.*\)#\1$current_access_bits\3#" "$audit_rules_file"

    else
        # Rule isn't present yet. Append it at the end of $audit_rules_file file
        # with proper key


        echo "-w /etc/sudoers -p wa -k actions" &gt;&gt; "$audit_rules_file"

    fi
done
# Create a list of audit *.rules files that should be inspected for presence and correctness
# of a particular audit rule. The scheme is as follows:
#
# -----------------------------------------------------------------------------------------
# Tool used to load audit rules	| Rule already defined	|  Audit rules file to inspect	  |
# -----------------------------------------------------------------------------------------
#	auditctl		|     Doesn't matter	|  /etc/audit/audit.rules	  |
# -----------------------------------------------------------------------------------------
# 	augenrules		|          Yes		|  /etc/audit/rules.d/*.rules	  |
# 	augenrules		|          No		|  /etc/audit/rules.d/$key.rules  |
# -----------------------------------------------------------------------------------------
files_to_inspect=()

# If the audit is 'augenrules', then check if rule is already defined
# If rule is defined, add '/etc/audit/rules.d/*.rules' to list of files for inspection.
# If rule isn't defined, add '/etc/audit/rules.d/actions.rules' to list of files for inspection.

readarray -t matches &lt; &lt;(grep -HP "[\s]*-w[\s]+/etc/sudoers" /etc/audit/rules.d/*.rules)


# For each of the matched entries
for match in "${matches[@]}"
do
    # Extract filepath from the match
    rulesd_audit_file=$(echo $match | cut -f1 -d ':')
    # Append that path into list of files for inspection
    files_to_inspect+=("$rulesd_audit_file")
done
# Case when particular audit rule isn't defined yet
if [ "${#files_to_inspect[@]}" -eq "0" ]
then
    # Append '/etc/audit/rules.d/actions.rules' into list of files for inspection
    key_rule_file="/etc/audit/rules.d/actions.rules"
    # If the actions.rules file doesn't exist yet, create it with correct permissions
    if [ ! -e "$key_rule_file" ]
    then
        touch "$key_rule_file"
        chmod 0600 "$key_rule_file"
    fi
    files_to_inspect+=("$key_rule_file")
fi

# Finally perform the inspection and possible subsequent audit rule
# correction for each of the files previously identified for inspection
for audit_rules_file in "${files_to_inspect[@]}"
do
    # Check if audit watch file system object rule for given path already present

    if grep -q -P -- "^[\s]*-w[\s]+/etc/sudoers" "$audit_rules_file"

    then
        # Rule is found =&gt; verify yet if existing rule definition contains
        # all of the required access type bits

        # Define BRE whitespace class shortcut
        sp="[[:space:]]"
        # Extract current permission access types (e.g. -p [r|w|x|a] values) from audit rule

        current_access_bits=$(sed -ne "s#$sp*-w$sp\+/etc/sudoers $sp\+-p$sp\+\([rxwa]\{1,4\}\).*#\1#p" "$audit_rules_file")

        # Split required access bits string into characters array
        # (to check bit's presence for one bit at a time)
        for access_bit in $(echo "wa" | grep -o .)
        do
            # For each from the required access bits (e.g. 'w', 'a') check
            # if they are already present in current access bits for rule.
            # If not, append that bit at the end
            if ! grep -q "$access_bit" &lt;&lt;&lt; "$current_access_bits"
            then
                # Concatenate the existing mask with the missing bit
                current_access_bits="$current_access_bits$access_bit"
            fi
        done
        # Propagate the updated rule's access bits (original + the required
        # ones) back into the /etc/audit/audit.rules file for that rule

        sed -i "s#\($sp*-w$sp\+/etc/sudoers$sp\+-p$sp\+\)\([rxwa]\{1,4\}\)\(.*\)#\1$current_access_bits\3#" "$audit_rules_file"

    else
        # Rule isn't present yet. Append it at the end of $audit_rules_file file
        # with proper key


        echo "-w /etc/sudoers -p wa -k actions" &gt;&gt; "$audit_rules_file"

    fi
done
# Create a list of audit *.rules files that should be inspected for presence and correctness
# of a particular audit rule. The scheme is as follows:
#
# -----------------------------------------------------------------------------------------
# Tool used to load audit rules	| Rule already defined	|  Audit rules file to inspect	  |
# -----------------------------------------------------------------------------------------
#	auditctl		|     Doesn't matter	|  /etc/audit/audit.rules	  |
# -----------------------------------------------------------------------------------------
# 	augenrules		|          Yes		|  /etc/audit/rules.d/*.rules	  |
# 	augenrules		|          No		|  /etc/audit/rules.d/$key.rules  |
# -----------------------------------------------------------------------------------------
files_to_inspect=()


# If the audit tool is 'auditctl', then add '/etc/audit/audit.rules'
# into the list of files to be inspected
files_to_inspect+=('/etc/audit/audit.rules')

# Finally perform the inspection and possible subsequent audit rule
# correction for each of the files previously identified for inspection
for audit_rules_file in "${files_to_inspect[@]}"
do
    # Check if audit watch file system object rule for given path already present

    if grep -q -P -- "^[\s]*-w[\s]+/etc/sudoers.d/" "$audit_rules_file"

    then
        # Rule is found =&gt; verify yet if existing rule definition contains
        # all of the required access type bits

        # Define BRE whitespace class shortcut
        sp="[[:space:]]"
        # Extract current permission access types (e.g. -p [r|w|x|a] values) from audit rule

        current_access_bits=$(sed -ne "s#$sp*-w$sp\+/etc/sudoers.d/ $sp\+-p$sp\+\([rxwa]\{1,4\}\).*#\1#p" "$audit_rules_file")

        # Split required access bits string into characters array
        # (to check bit's presence for one bit at a time)
        for access_bit in $(echo "wa" | grep -o .)
        do
            # For each from the required access bits (e.g. 'w', 'a') check
            # if they are already present in current access bits for rule.
            # If not, append that bit at the end
            if ! grep -q "$access_bit" &lt;&lt;&lt; "$current_access_bits"
            then
                # Concatenate the existing mask with the missing bit
                current_access_bits="$current_access_bits$access_bit"
            fi
        done
        # Propagate the updated rule's access bits (original + the required
        # ones) back into the /etc/audit/audit.rules file for that rule

        sed -i "s#\($sp*-w$sp\+/etc/sudoers.d/$sp\+-p$sp\+\)\([rxwa]\{1,4\}\)\(.*\)#\1$current_access_bits\3#" "$audit_rules_file"

    else
        # Rule isn't present yet. Append it at the end of $audit_rules_file file
        # with proper key


        echo "-w /etc/sudoers.d/ -p wa -k actions" &gt;&gt; "$audit_rules_file"

    fi
done
# Create a list of audit *.rules files that should be inspected for presence and correctness
# of a particular audit rule. The scheme is as follows:
#
# -----------------------------------------------------------------------------------------
# Tool used to load audit rules	| Rule already defined	|  Audit rules file to inspect	  |
# -----------------------------------------------------------------------------------------
#	auditctl		|     Doesn't matter	|  /etc/audit/audit.rules	  |
# -----------------------------------------------------------------------------------------
# 	augenrules		|          Yes		|  /etc/audit/rules.d/*.rules	  |
# 	augenrules		|          No		|  /etc/audit/rules.d/$key.rules  |
# -----------------------------------------------------------------------------------------
files_to_inspect=()

# If the audit is 'augenrules', then check if rule is already defined
# If rule is defined, add '/etc/audit/rules.d/*.rules' to list of files for inspection.
# If rule isn't defined, add '/etc/audit/rules.d/actions.rules' to list of files for inspection.

readarray -t matches &lt; &lt;(grep -HP "[\s]*-w[\s]+/etc/sudoers.d/" /etc/audit/rules.d/*.rules)


# For each of the matched entries
for match in "${matches[@]}"
do
    # Extract filepath from the match
    rulesd_audit_file=$(echo $match | cut -f1 -d ':')
    # Append that path into list of files for inspection
    files_to_inspect+=("$rulesd_audit_file")
done
# Case when particular audit rule isn't defined yet
if [ "${#files_to_inspect[@]}" -eq "0" ]
then
    # Append '/etc/audit/rules.d/actions.rules' into list of files for inspection
    key_rule_file="/etc/audit/rules.d/actions.rules"
    # If the actions.rules file doesn't exist yet, create it with correct permissions
    if [ ! -e "$key_rule_file" ]
    then
        touch "$key_rule_file"
        chmod 0600 "$key_rule_file"
    fi
    files_to_inspect+=("$key_rule_file")
fi

# Finally perform the inspection and possible subsequent audit rule
# correction for each of the files previously identified for inspection
for audit_rules_file in "${files_to_inspect[@]}"
do
    # Check if audit watch file system object rule for given path already present

    if grep -q -P -- "^[\s]*-w[\s]+/etc/sudoers.d/" "$audit_rules_file"

    then
        # Rule is found =&gt; verify yet if existing rule definition contains
        # all of the required access type bits

        # Define BRE whitespace class shortcut
        sp="[[:space:]]"
        # Extract current permission access types (e.g. -p [r|w|x|a] values) from audit rule

        current_access_bits=$(sed -ne "s#$sp*-w$sp\+/etc/sudoers.d/ $sp\+-p$sp\+\([rxwa]\{1,4\}\).*#\1#p" "$audit_rules_file")

        # Split required access bits string into characters array
        # (to check bit's presence for one bit at a time)
        for access_bit in $(echo "wa" | grep -o .)
        do
            # For each from the required access bits (e.g. 'w', 'a') check
            # if they are already present in current access bits for rule.
            # If not, append that bit at the end
            if ! grep -q "$access_bit" &lt;&lt;&lt; "$current_access_bits"
            then
                # Concatenate the existing mask with the missing bit
                current_access_bits="$current_access_bits$access_bit"
            fi
        done
        # Propagate the updated rule's access bits (original + the required
        # ones) back into the /etc/audit/audit.rules file for that rule

        sed -i "s#\($sp*-w$sp\+/etc/sudoers.d/$sp\+-p$sp\+\)\([rxwa]\{1,4\}\)\(.*\)#\1$current_access_bits\3#" "$audit_rules_file"

    else
        # Rule isn't present yet. Append it at the end of $audit_rules_file file
        # with proper key


        echo "-w /etc/sudoers.d/ -p wa -k actions" &gt;&gt; "$audit_rules_file"

    fi
done

else
    &gt;&amp;2 echo 'Remediation is not applicable, nothing was done'
fi
</fix>
        <fix xmlns:xhtml="http://www.w3.org/1999/xhtml" id="audit_rules_sysadmin_actions" system="urn:xccdf:fix:script:ansible" complexity="low" disruption="low" strategy="restrict">- name: Gather the package facts
  package_facts:
    manager: auto
  tags:
  - CCE-85679-9
  - CJIS-5.4.1.1
  - DISA-STIG-SLES-15-030140
  - NIST-800-171-3.1.7
  - NIST-800-53-AU-12(a)
  - NIST-800-53-AU-12.1(ii)
  - NIST-800-53-AU-12.1(iv)
  - NIST-800-53-AU-3
  - NIST-800-53-AU-3.1
  - NIST-800-53-MA-4(1)(a)
  - PCI-DSS-Req-10.2.2
  - PCI-DSS-Req-10.2.5.b
  - PCI-DSSv4-10.2
  - PCI-DSSv4-10.2.1
  - PCI-DSSv4-10.2.1.5
  - audit_rules_sysadmin_actions
  - low_complexity
  - low_disruption
  - medium_severity
  - no_reboot_needed
  - restrict_strategy

- name: Ensure auditd Collects System Administrator Actions - Check if watch rule
    for /etc/sudoers already exists in /etc/audit/audit.rules
  ansible.builtin.find:
    paths: /etc/audit/
    contains: ^\s*-w\s+/etc/sudoers\s+-p\s+wa(\s|$)+
    patterns: audit.rules
  register: find_existing_watch_audit_rules
  when:
  - '"audit" in ansible_facts.packages'
  - ("kernel-default" in ansible_facts.packages or "kernel-default-base" in ansible_facts.packages)
  tags:
  - CCE-85679-9
  - CJIS-5.4.1.1
  - DISA-STIG-SLES-15-030140
  - NIST-800-171-3.1.7
  - NIST-800-53-AU-12(a)
  - NIST-800-53-AU-12.1(ii)
  - NIST-800-53-AU-12.1(iv)
  - NIST-800-53-AU-3
  - NIST-800-53-AU-3.1
  - NIST-800-53-MA-4(1)(a)
  - PCI-DSS-Req-10.2.2
  - PCI-DSS-Req-10.2.5.b
  - PCI-DSSv4-10.2
  - PCI-DSSv4-10.2.1
  - PCI-DSSv4-10.2.1.5
  - audit_rules_sysadmin_actions
  - low_complexity
  - low_disruption
  - medium_severity
  - no_reboot_needed
  - restrict_strategy

- name: Ensure auditd Collects System Administrator Actions - Add watch rule for /etc/sudoers
    in /etc/audit/audit.rules
  ansible.builtin.lineinfile:
    line: -w /etc/sudoers -p wa -k actions
    state: present
    dest: /etc/audit/audit.rules
    create: true
    mode: '0600'
  when:
  - '"audit" in ansible_facts.packages'
  - ("kernel-default" in ansible_facts.packages or "kernel-default-base" in ansible_facts.packages)
  - find_existing_watch_audit_rules.matched is defined and find_existing_watch_audit_rules.matched
    == 0
  tags:
  - CCE-85679-9
  - CJIS-5.4.1.1
  - DISA-STIG-SLES-15-030140
  - NIST-800-171-3.1.7
  - NIST-800-53-AU-12(a)
  - NIST-800-53-AU-12.1(ii)
  - NIST-800-53-AU-12.1(iv)
  - NIST-800-53-AU-3
  - NIST-800-53-AU-3.1
  - NIST-800-53-MA-4(1)(a)
  - PCI-DSS-Req-10.2.2
  - PCI-DSS-Req-10.2.5.b
  - PCI-DSSv4-10.2
  - PCI-DSSv4-10.2.1
  - PCI-DSSv4-10.2.1.5
  - audit_rules_sysadmin_actions
  - low_complexity
  - low_disruption
  - medium_severity
  - no_reboot_needed
  - restrict_strategy

- name: Ensure auditd Collects System Administrator Actions - Check if watch rule
    for /etc/sudoers already exists in /etc/audit/rules.d/
  ansible.builtin.find:
    paths: /etc/audit/rules.d
    contains: ^\s*-w\s+/etc/sudoers\s+-p\s+wa(\s|$)+
    patterns: '*.rules'
  register: find_existing_watch_rules_d
  when:
  - '"audit" in ansible_facts.packages'
  - ("kernel-default" in ansible_facts.packages or "kernel-default-base" in ansible_facts.packages)
  tags:
  - CCE-85679-9
  - CJIS-5.4.1.1
  - DISA-STIG-SLES-15-030140
  - NIST-800-171-3.1.7
  - NIST-800-53-AU-12(a)
  - NIST-800-53-AU-12.1(ii)
  - NIST-800-53-AU-12.1(iv)
  - NIST-800-53-AU-3
  - NIST-800-53-AU-3.1
  - NIST-800-53-MA-4(1)(a)
  - PCI-DSS-Req-10.2.2
  - PCI-DSS-Req-10.2.5.b
  - PCI-DSSv4-10.2
  - PCI-DSSv4-10.2.1
  - PCI-DSSv4-10.2.1.5
  - audit_rules_sysadmin_actions
  - low_complexity
  - low_disruption
  - medium_severity
  - no_reboot_needed
  - restrict_strategy

- name: Ensure auditd Collects System Administrator Actions - Search /etc/audit/rules.d
    for other rules with specified key actions
  ansible.builtin.find:
    paths: /etc/audit/rules.d
    contains: ^.*(?:-F key=|-k\s+)actions$
    patterns: '*.rules'
  register: find_watch_key
  when:
  - '"audit" in ansible_facts.packages'
  - ("kernel-default" in ansible_facts.packages or "kernel-default-base" in ansible_facts.packages)
  - find_existing_watch_rules_d.matched is defined and find_existing_watch_rules_d.matched
    == 0
  tags:
  - CCE-85679-9
  - CJIS-5.4.1.1
  - DISA-STIG-SLES-15-030140
  - NIST-800-171-3.1.7
  - NIST-800-53-AU-12(a)
  - NIST-800-53-AU-12.1(ii)
  - NIST-800-53-AU-12.1(iv)
  - NIST-800-53-AU-3
  - NIST-800-53-AU-3.1
  - NIST-800-53-MA-4(1)(a)
  - PCI-DSS-Req-10.2.2
  - PCI-DSS-Req-10.2.5.b
  - PCI-DSSv4-10.2
  - PCI-DSSv4-10.2.1
  - PCI-DSSv4-10.2.1.5
  - audit_rules_sysadmin_actions
  - low_complexity
  - low_disruption
  - medium_severity
  - no_reboot_needed
  - restrict_strategy

- name: Ensure auditd Collects System Administrator Actions - Use /etc/audit/rules.d/actions.rules
    as the recipient for the rule
  ansible.builtin.set_fact:
    all_files:
    - /etc/audit/rules.d/actions.rules
  when:
  - '"audit" in ansible_facts.packages'
  - ("kernel-default" in ansible_facts.packages or "kernel-default-base" in ansible_facts.packages)
  - find_watch_key.matched is defined and find_watch_key.matched == 0 and find_existing_watch_rules_d.matched
    is defined and find_existing_watch_rules_d.matched == 0
  tags:
  - CCE-85679-9
  - CJIS-5.4.1.1
  - DISA-STIG-SLES-15-030140
  - NIST-800-171-3.1.7
  - NIST-800-53-AU-12(a)
  - NIST-800-53-AU-12.1(ii)
  - NIST-800-53-AU-12.1(iv)
  - NIST-800-53-AU-3
  - NIST-800-53-AU-3.1
  - NIST-800-53-MA-4(1)(a)
  - PCI-DSS-Req-10.2.2
  - PCI-DSS-Req-10.2.5.b
  - PCI-DSSv4-10.2
  - PCI-DSSv4-10.2.1
  - PCI-DSSv4-10.2.1.5
  - audit_rules_sysadmin_actions
  - low_complexity
  - low_disruption
  - medium_severity
  - no_reboot_needed
  - restrict_strategy

- name: Ensure auditd Collects System Administrator Actions - Use matched file as
    the recipient for the rule
  ansible.builtin.set_fact:
    all_files:
    - '{{ find_watch_key.files | map(attribute=''path'') | list | first }}'
  when:
  - '"audit" in ansible_facts.packages'
  - ("kernel-default" in ansible_facts.packages or "kernel-default-base" in ansible_facts.packages)
  - find_watch_key.matched is defined and find_watch_key.matched &gt; 0 and find_existing_watch_rules_d.matched
    is defined and find_existing_watch_rules_d.matched == 0
  tags:
  - CCE-85679-9
  - CJIS-5.4.1.1
  - DISA-STIG-SLES-15-030140
  - NIST-800-171-3.1.7
  - NIST-800-53-AU-12(a)
  - NIST-800-53-AU-12.1(ii)
  - NIST-800-53-AU-12.1(iv)
  - NIST-800-53-AU-3
  - NIST-800-53-AU-3.1
  - NIST-800-53-MA-4(1)(a)
  - PCI-DSS-Req-10.2.2
  - PCI-DSS-Req-10.2.5.b
  - PCI-DSSv4-10.2
  - PCI-DSSv4-10.2.1
  - PCI-DSSv4-10.2.1.5
  - audit_rules_sysadmin_actions
  - low_complexity
  - low_disruption
  - medium_severity
  - no_reboot_needed
  - restrict_strategy

- name: Ensure auditd Collects System Administrator Actions - Add watch rule for /etc/sudoers
    in /etc/audit/rules.d/
  ansible.builtin.lineinfile:
    path: '{{ all_files[0] }}'
    line: -w /etc/sudoers -p wa -k actions
    create: true
    mode: '0600'
  when:
  - '"audit" in ansible_facts.packages'
  - ("kernel-default" in ansible_facts.packages or "kernel-default-base" in ansible_facts.packages)
  - find_existing_watch_rules_d.matched is defined and find_existing_watch_rules_d.matched
    == 0
  tags:
  - CCE-85679-9
  - CJIS-5.4.1.1
  - DISA-STIG-SLES-15-030140
  - NIST-800-171-3.1.7
  - NIST-800-53-AU-12(a)
  - NIST-800-53-AU-12.1(ii)
  - NIST-800-53-AU-12.1(iv)
  - NIST-800-53-AU-3
  - NIST-800-53-AU-3.1
  - NIST-800-53-MA-4(1)(a)
  - PCI-DSS-Req-10.2.2
  - PCI-DSS-Req-10.2.5.b
  - PCI-DSSv4-10.2
  - PCI-DSSv4-10.2.1
  - PCI-DSSv4-10.2.1.5
  - audit_rules_sysadmin_actions
  - low_complexity
  - low_disruption
  - medium_severity
  - no_reboot_needed
  - restrict_strategy

- name: Ensure auditd Collects System Administrator Actions - Check if watch rule
    for /etc/sudoers.d/ already exists in /etc/audit/audit.rules
  ansible.builtin.find:
    paths: /etc/audit/
    contains: ^\s*-w\s+/etc/sudoers.d/\s+-p\s+wa(\s|$)+
    patterns: audit.rules
  register: find_existing_watch_audit_rules
  when:
  - '"audit" in ansible_facts.packages'
  - ("kernel-default" in ansible_facts.packages or "kernel-default-base" in ansible_facts.packages)
  tags:
  - CCE-85679-9
  - CJIS-5.4.1.1
  - DISA-STIG-SLES-15-030140
  - NIST-800-171-3.1.7
  - NIST-800-53-AU-12(a)
  - NIST-800-53-AU-12.1(ii)
  - NIST-800-53-AU-12.1(iv)
  - NIST-800-53-AU-3
  - NIST-800-53-AU-3.1
  - NIST-800-53-MA-4(1)(a)
  - PCI-DSS-Req-10.2.2
  - PCI-DSS-Req-10.2.5.b
  - PCI-DSSv4-10.2
  - PCI-DSSv4-10.2.1
  - PCI-DSSv4-10.2.1.5
  - audit_rules_sysadmin_actions
  - low_complexity
  - low_disruption
  - medium_severity
  - no_reboot_needed
  - restrict_strategy

- name: Ensure auditd Collects System Administrator Actions - Add watch rule for /etc/sudoers.d/
    in /etc/audit/audit.rules
  ansible.builtin.lineinfile:
    line: -w /etc/sudoers.d/ -p wa -k actions
    state: present
    dest: /etc/audit/audit.rules
    create: true
    mode: '0600'
  when:
  - '"audit" in ansible_facts.packages'
  - ("kernel-default" in ansible_facts.packages or "kernel-default-base" in ansible_facts.packages)
  - find_existing_watch_audit_rules.matched is defined and find_existing_watch_audit_rules.matched
    == 0
  tags:
  - CCE-85679-9
  - CJIS-5.4.1.1
  - DISA-STIG-SLES-15-030140
  - NIST-800-171-3.1.7
  - NIST-800-53-AU-12(a)
  - NIST-800-53-AU-12.1(ii)
  - NIST-800-53-AU-12.1(iv)
  - NIST-800-53-AU-3
  - NIST-800-53-AU-3.1
  - NIST-800-53-MA-4(1)(a)
  - PCI-DSS-Req-10.2.2
  - PCI-DSS-Req-10.2.5.b
  - PCI-DSSv4-10.2
  - PCI-DSSv4-10.2.1
  - PCI-DSSv4-10.2.1.5
  - audit_rules_sysadmin_actions
  - low_complexity
  - low_disruption
  - medium_severity
  - no_reboot_needed
  - restrict_strategy

- name: Ensure auditd Collects System Administrator Actions - Check if watch rule
    for /etc/sudoers.d/ already exists in /etc/audit/rules.d/
  ansible.builtin.find:
    paths: /etc/audit/rules.d
    contains: ^\s*-w\s+/etc/sudoers.d/\s+-p\s+wa(\s|$)+
    patterns: '*.rules'
  register: find_existing_watch_rules_d
  when:
  - '"audit" in ansible_facts.packages'
  - ("kernel-default" in ansible_facts.packages or "kernel-default-base" in ansible_facts.packages)
  tags:
  - CCE-85679-9
  - CJIS-5.4.1.1
  - DISA-STIG-SLES-15-030140
  - NIST-800-171-3.1.7
  - NIST-800-53-AU-12(a)
  - NIST-800-53-AU-12.1(ii)
  - NIST-800-53-AU-12.1(iv)
  - NIST-800-53-AU-3
  - NIST-800-53-AU-3.1
  - NIST-800-53-MA-4(1)(a)
  - PCI-DSS-Req-10.2.2
  - PCI-DSS-Req-10.2.5.b
  - PCI-DSSv4-10.2
  - PCI-DSSv4-10.2.1
  - PCI-DSSv4-10.2.1.5
  - audit_rules_sysadmin_actions
  - low_complexity
  - low_disruption
  - medium_severity
  - no_reboot_needed
  - restrict_strategy

- name: Ensure auditd Collects System Administrator Actions - Search /etc/audit/rules.d
    for other rules with specified key actions
  ansible.builtin.find:
    paths: /etc/audit/rules.d
    contains: ^.*(?:-F key=|-k\s+)actions$
    patterns: '*.rules'
  register: find_watch_key
  when:
  - '"audit" in ansible_facts.packages'
  - ("kernel-default" in ansible_facts.packages or "kernel-default-base" in ansible_facts.packages)
  - find_existing_watch_rules_d.matched is defined and find_existing_watch_rules_d.matched
    == 0
  tags:
  - CCE-85679-9
  - CJIS-5.4.1.1
  - DISA-STIG-SLES-15-030140
  - NIST-800-171-3.1.7
  - NIST-800-53-AU-12(a)
  - NIST-800-53-AU-12.1(ii)
  - NIST-800-53-AU-12.1(iv)
  - NIST-800-53-AU-3
  - NIST-800-53-AU-3.1
  - NIST-800-53-MA-4(1)(a)
  - PCI-DSS-Req-10.2.2
  - PCI-DSS-Req-10.2.5.b
  - PCI-DSSv4-10.2
  - PCI-DSSv4-10.2.1
  - PCI-DSSv4-10.2.1.5
  - audit_rules_sysadmin_actions
  - low_complexity
  - low_disruption
  - medium_severity
  - no_reboot_needed
  - restrict_strategy

- name: Ensure auditd Collects System Administrator Actions - Use /etc/audit/rules.d/actions.rules
    as the recipient for the rule
  ansible.builtin.set_fact:
    all_files:
    - /etc/audit/rules.d/actions.rules
  when:
  - '"audit" in ansible_facts.packages'
  - ("kernel-default" in ansible_facts.packages or "kernel-default-base" in ansible_facts.packages)
  - find_watch_key.matched is defined and find_watch_key.matched == 0 and find_existing_watch_rules_d.matched
    is defined and find_existing_watch_rules_d.matched == 0
  tags:
  - CCE-85679-9
  - CJIS-5.4.1.1
  - DISA-STIG-SLES-15-030140
  - NIST-800-171-3.1.7
  - NIST-800-53-AU-12(a)
  - NIST-800-53-AU-12.1(ii)
  - NIST-800-53-AU-12.1(iv)
  - NIST-800-53-AU-3
  - NIST-800-53-AU-3.1
  - NIST-800-53-MA-4(1)(a)
  - PCI-DSS-Req-10.2.2
  - PCI-DSS-Req-10.2.5.b
  - PCI-DSSv4-10.2
  - PCI-DSSv4-10.2.1
  - PCI-DSSv4-10.2.1.5
  - audit_rules_sysadmin_actions
  - low_complexity
  - low_disruption
  - medium_severity
  - no_reboot_needed
  - restrict_strategy

- name: Ensure auditd Collects System Administrator Actions - Use matched file as
    the recipient for the rule
  ansible.builtin.set_fact:
    all_files:
    - '{{ find_watch_key.files | map(attribute=''path'') | list | first }}'
  when:
  - '"audit" in ansible_facts.packages'
  - ("kernel-default" in ansible_facts.packages or "kernel-default-base" in ansible_facts.packages)
  - find_watch_key.matched is defined and find_watch_key.matched &gt; 0 and find_existing_watch_rules_d.matched
    is defined and find_existing_watch_rules_d.matched == 0
  tags:
  - CCE-85679-9
  - CJIS-5.4.1.1
  - DISA-STIG-SLES-15-030140
  - NIST-800-171-3.1.7
  - NIST-800-53-AU-12(a)
  - NIST-800-53-AU-12.1(ii)
  - NIST-800-53-AU-12.1(iv)
  - NIST-800-53-AU-3
  - NIST-800-53-AU-3.1
  - NIST-800-53-MA-4(1)(a)
  - PCI-DSS-Req-10.2.2
  - PCI-DSS-Req-10.2.5.b
  - PCI-DSSv4-10.2
  - PCI-DSSv4-10.2.1
  - PCI-DSSv4-10.2.1.5
  - audit_rules_sysadmin_actions
  - low_complexity
  - low_disruption
  - medium_severity
  - no_reboot_needed
  - restrict_strategy

- name: Ensure auditd Collects System Administrator Actions - Add watch rule for /etc/sudoers.d/
    in /etc/audit/rules.d/
  ansible.builtin.lineinfile:
    path: '{{ all_files[0] }}'
    line: -w /etc/sudoers.d/ -p wa -k actions
    create: true
    mode: '0600'
  when:
  - '"audit" in ansible_facts.packages'
  - ("kernel-default" in ansible_facts.packages or "kernel-default-base" in ansible_facts.packages)
  - find_existing_watch_rules_d.matched is defined and find_existing_watch_rules_d.matched
    == 0
  tags:
  - CCE-85679-9
  - CJIS-5.4.1.1
  - DISA-STIG-SLES-15-030140
  - NIST-800-171-3.1.7
  - NIST-800-53-AU-12(a)
  - NIST-800-53-AU-12.1(ii)
  - NIST-800-53-AU-12.1(iv)
  - NIST-800-53-AU-3
  - NIST-800-53-AU-3.1
  - NIST-800-53-MA-4(1)(a)
  - PCI-DSS-Req-10.2.2
  - PCI-DSS-Req-10.2.5.b
  - PCI-DSSv4-10.2
  - PCI-DSSv4-10.2.1
  - PCI-DSSv4-10.2.1.5
  - audit_rules_sysadmin_actions
  - low_complexity
  - low_disruption
  - medium_severity
  - no_reboot_needed
  - restrict_strategy
</fix>
        <check system="http://oval.mitre.org/XMLSchema/oval-definitions-5">
          <check-content-ref name="oval:ssg-audit_rules_sysadmin_actions:def:1" href="ssg-sle15-oval.xml"/>
        </check>
        <check system="http://scap.nist.gov/schema/ocil/2">
          <check-content-ref name="ocil:ssg-audit_rules_sysadmin_actions_ocil:questionnaire:1" href="ssg-sle15-ocil.xml"/>
        </check>
      </Rule>
      <Rule id="xccdf_org.ssgproject.content_rule_audit_rules_system_shutdown" selected="false" role="full" severity="medium">
        <title xmlns:xhtml="http://www.w3.org/1999/xhtml" xml:lang="en-US">Shutdown System When Auditing Failures Occur</title>
        <description xmlns:xhtml="http://www.w3.org/1999/xhtml" xml:lang="en-US">If the <html:code xmlns:html="http://www.w3.org/1999/xhtml">auditd</html:code> daemon is configured to use the
<html:code xmlns:html="http://www.w3.org/1999/xhtml">augenrules</html:code> program to read audit rules during daemon startup (the
default), add the following line to to the bottom of a file with suffix
<html:code xmlns:html="http://www.w3.org/1999/xhtml">.rules</html:code> in the directory <html:code xmlns:html="http://www.w3.org/1999/xhtml">/etc/audit/rules.d</html:code>:
<html:pre xmlns:html="http://www.w3.org/1999/xhtml" xmlns:xccdf-1.2="http://checklists.nist.gov/xccdf/1.2">-f <xccdf-1.2:sub idref="xccdf_org.ssgproject.content_value_var_audit_failure_mode" use="legacy"/>
       </html:pre>
If the <html:code xmlns:html="http://www.w3.org/1999/xhtml">auditd</html:code> daemon is configured to use the <html:code xmlns:html="http://www.w3.org/1999/xhtml">auditctl</html:code>
utility to read audit rules during daemon startup, add the following line to the
bottom of the <html:code xmlns:html="http://www.w3.org/1999/xhtml">/etc/audit/audit.rules</html:code> file:
<html:pre xmlns:html="http://www.w3.org/1999/xhtml" xmlns:xccdf-1.2="http://checklists.nist.gov/xccdf/1.2">-f <xccdf-1.2:sub idref="xccdf_org.ssgproject.content_value_var_audit_failure_mode" use="legacy"/>
       </html:pre>
      </description>
        <reference href="https://www.cisecurity.org/controls/">1</reference>
        <reference href="https://www.cisecurity.org/controls/">14</reference>
        <reference href="https://www.cisecurity.org/controls/">15</reference>
        <reference href="https://www.cisecurity.org/controls/">16</reference>
        <reference href="https://www.cisecurity.org/controls/">3</reference>
        <reference href="https://www.cisecurity.org/controls/">5</reference>
        <reference href="https://www.cisecurity.org/controls/">6</reference>
        <reference href="https://www.isaca.org/resources/cobit">APO11.04</reference>
        <reference href="https://www.isaca.org/resources/cobit">BAI03.05</reference>
        <reference href="https://www.isaca.org/resources/cobit">DSS05.04</reference>
        <reference href="https://www.isaca.org/resources/cobit">DSS05.07</reference>
        <reference href="https://www.isaca.org/resources/cobit">MEA02.01</reference>
        <reference href="http://nvlpubs.nist.gov/nistpubs/SpecialPublications/NIST.SP.800-171.pdf">3.3.1</reference>
        <reference href="http://nvlpubs.nist.gov/nistpubs/SpecialPublications/NIST.SP.800-171.pdf">3.3.4</reference>
        <reference href="https://www.gpo.gov/fdsys/pkg/CFR-2007-title45-vol1/pdf/CFR-2007-title45-vol1-chapA-subchapC.pdf">164.308(a)(1)(ii)(D)</reference>
        <reference href="https://www.gpo.gov/fdsys/pkg/CFR-2007-title45-vol1/pdf/CFR-2007-title45-vol1-chapA-subchapC.pdf">164.308(a)(3)(ii)(A)</reference>
        <reference href="https://www.gpo.gov/fdsys/pkg/CFR-2007-title45-vol1/pdf/CFR-2007-title45-vol1-chapA-subchapC.pdf">164.308(a)(5)(ii)(C)</reference>
        <reference href="https://www.gpo.gov/fdsys/pkg/CFR-2007-title45-vol1/pdf/CFR-2007-title45-vol1-chapA-subchapC.pdf">164.312(a)(2)(i)</reference>
        <reference href="https://www.gpo.gov/fdsys/pkg/CFR-2007-title45-vol1/pdf/CFR-2007-title45-vol1-chapA-subchapC.pdf">164.312(b)</reference>
        <reference href="https://www.gpo.gov/fdsys/pkg/CFR-2007-title45-vol1/pdf/CFR-2007-title45-vol1-chapA-subchapC.pdf">164.312(d)</reference>
        <reference href="https://www.gpo.gov/fdsys/pkg/CFR-2007-title45-vol1/pdf/CFR-2007-title45-vol1-chapA-subchapC.pdf">164.312(e)</reference>
        <reference href="https://www.isa.org/products/isa-62443-2-1-2009-security-for-industrial-automat">4.3.3.3.9</reference>
        <reference href="https://www.isa.org/products/isa-62443-2-1-2009-security-for-industrial-automat">4.3.3.5.8</reference>
        <reference href="https://www.isa.org/products/isa-62443-2-1-2009-security-for-industrial-automat">4.3.4.4.7</reference>
        <reference href="https://www.isa.org/products/isa-62443-2-1-2009-security-for-industrial-automat">4.4.2.1</reference>
        <reference href="https://www.isa.org/products/isa-62443-2-1-2009-security-for-industrial-automat">4.4.2.2</reference>
        <reference href="https://www.isa.org/products/isa-62443-2-1-2009-security-for-industrial-automat">4.4.2.4</reference>
        <reference href="https://www.isa.org/products/ansi-isa-62443-3-3-99-03-03-2013-security-for-indu">SR 2.10</reference>
        <reference href="https://www.isa.org/products/ansi-isa-62443-3-3-99-03-03-2013-security-for-indu">SR 2.11</reference>
        <reference href="https://www.isa.org/products/ansi-isa-62443-3-3-99-03-03-2013-security-for-indu">SR 2.12</reference>
        <reference href="https://www.isa.org/products/ansi-isa-62443-3-3-99-03-03-2013-security-for-indu">SR 2.8</reference>
        <reference href="https://www.isa.org/products/ansi-isa-62443-3-3-99-03-03-2013-security-for-indu">SR 2.9</reference>
        <reference href="https://www.iso.org/contents/data/standard/05/45/54534.html">A.12.4.1</reference>
        <reference href="https://www.iso.org/contents/data/standard/05/45/54534.html">A.12.4.2</reference>
        <reference href="https://www.iso.org/contents/data/standard/05/45/54534.html">A.12.4.3</reference>
        <reference href="https://www.iso.org/contents/data/standard/05/45/54534.html">A.12.4.4</reference>
        <reference href="https://www.iso.org/contents/data/standard/05/45/54534.html">A.12.7.1</reference>
        <reference href="http://nvlpubs.nist.gov/nistpubs/SpecialPublications/NIST.SP.800-53r4.pdf">AU-5(b)</reference>
        <reference href="http://nvlpubs.nist.gov/nistpubs/SpecialPublications/NIST.SP.800-53r4.pdf">SC-24</reference>
        <reference href="http://nvlpubs.nist.gov/nistpubs/SpecialPublications/NIST.SP.800-53r4.pdf">CM-6(a)</reference>
        <reference href="https://nvlpubs.nist.gov/nistpubs/CSWP/NIST.CSWP.04162018.pdf">PR.PT-1</reference>
        <reference href="https://www.cyber.mil/stigs/downloads/?_dl_facet_stigs=operating-systems%2Cgeneral-purpose-os">SRG-OS-000046-GPOS-00022</reference>
        <reference href="https://www.cyber.mil/stigs/downloads/?_dl_facet_stigs=operating-systems%2Cgeneral-purpose-os">SRG-OS-000047-GPOS-00023</reference>
        <rationale xmlns:xhtml="http://www.w3.org/1999/xhtml" xml:lang="en-US">It is critical for the appropriate personnel to be aware if a system
is at risk of failing to process audit logs as required. Without this
notification, the security personnel may be unaware of an impending failure of
the audit capability, and system operation may be adversely affected.
<html:br xmlns:html="http://www.w3.org/1999/xhtml"/>
       <html:br xmlns:html="http://www.w3.org/1999/xhtml"/>
Audit processing failures include software/hardware errors, failures in the
audit capturing mechanisms, and audit storage capacity being reached or
exceeded.</rationale>
        <ident system="https://ncp.nist.gov/cce">CCE-85774-8</ident>
        <fix xmlns:xhtml="http://www.w3.org/1999/xhtml" id="audit_rules_system_shutdown" system="urn:xccdf:fix:script:sh"># Remediation is applicable only in certain platforms
if rpm --quiet -q audit &amp;&amp; rpm --quiet -q kernel-default || rpm --quiet -q kernel-default-base; then

var_audit_failure_mode='<xccdf-1.2:sub xmlns:xccdf-1.2="http://checklists.nist.gov/xccdf/1.2" idref="xccdf_org.ssgproject.content_value_var_audit_failure_mode" use="legacy"/>'


# Traverse all of:
#
# /etc/audit/audit.rules,			(for auditctl case)
# /etc/audit/rules.d/*.rules			(for augenrules case)
find /etc/audit /etc/audit/rules.d -maxdepth 1 -type f -name '*.rules' -exec sed -i '/-f[[:space:]]\+.*/d' {} ';'

for AUDIT_FILE in "/etc/audit/audit.rules" "/etc/audit/rules.d/immutable.rules"
do
	echo '' &gt;&gt; $AUDIT_FILE
	echo '# Set the audit.rules configuration to halt system upon audit failure per security requirements' &gt;&gt; $AUDIT_FILE
	echo "-f $var_audit_failure_mode" &gt;&gt; $AUDIT_FILE
done

else
    &gt;&amp;2 echo 'Remediation is not applicable, nothing was done'
fi
</fix>
        <fix xmlns:xhtml="http://www.w3.org/1999/xhtml" id="audit_rules_system_shutdown" system="urn:xccdf:fix:script:ansible" reboot="true" complexity="low" disruption="low" strategy="restrict">- name: Gather the package facts
  package_facts:
    manager: auto
  tags:
  - CCE-85774-8
  - NIST-800-171-3.3.1
  - NIST-800-171-3.3.4
  - NIST-800-53-AU-5(b)
  - NIST-800-53-CM-6(a)
  - NIST-800-53-SC-24
  - audit_rules_system_shutdown
  - low_complexity
  - low_disruption
  - medium_severity
  - reboot_required
  - restrict_strategy
- name: XCCDF Value var_audit_failure_mode # promote to variable
  set_fact:
    var_audit_failure_mode: !!str <xccdf-1.2:sub xmlns:xccdf-1.2="http://checklists.nist.gov/xccdf/1.2" idref="xccdf_org.ssgproject.content_value_var_audit_failure_mode" use="legacy"/>
  tags:
    - always

- name: Collect all files from /etc/audit/rules.d with .rules extension
  ansible.builtin.find:
    paths: /etc/audit/rules.d/
    patterns: '*.rules'
  register: find_rules_d
  when:
  - '"audit" in ansible_facts.packages'
  - ("kernel-default" in ansible_facts.packages or "kernel-default-base" in ansible_facts.packages)
  tags:
  - CCE-85774-8
  - NIST-800-171-3.3.1
  - NIST-800-171-3.3.4
  - NIST-800-53-AU-5(b)
  - NIST-800-53-CM-6(a)
  - NIST-800-53-SC-24
  - audit_rules_system_shutdown
  - low_complexity
  - low_disruption
  - medium_severity
  - reboot_required
  - restrict_strategy

- name: Remove the -f option from all Audit config files
  ansible.builtin.lineinfile:
    path: '{{ item }}'
    regexp: ^\s*(?:-f)\s+.*$
    state: absent
  loop: '{{ find_rules_d.files | map(attribute=''path'') | list + [''/etc/audit/audit.rules'']
    }}'
  when:
  - '"audit" in ansible_facts.packages'
  - ("kernel-default" in ansible_facts.packages or "kernel-default-base" in ansible_facts.packages)
  tags:
  - CCE-85774-8
  - NIST-800-171-3.3.1
  - NIST-800-171-3.3.4
  - NIST-800-53-AU-5(b)
  - NIST-800-53-CM-6(a)
  - NIST-800-53-SC-24
  - audit_rules_system_shutdown
  - low_complexity
  - low_disruption
  - medium_severity
  - reboot_required
  - restrict_strategy

- name: Add Audit -f option into /etc/audit/rules.d/immutable.rules and /etc/audit/audit.rules
  ansible.builtin.lineinfile:
    path: '{{ item }}'
    create: true
    mode: '0600'
    line: -f {{ var_audit_failure_mode }}
  loop:
  - /etc/audit/audit.rules
  - /etc/audit/rules.d/immutable.rules
  when:
  - '"audit" in ansible_facts.packages'
  - ("kernel-default" in ansible_facts.packages or "kernel-default-base" in ansible_facts.packages)
  tags:
  - CCE-85774-8
  - NIST-800-171-3.3.1
  - NIST-800-171-3.3.4
  - NIST-800-53-AU-5(b)
  - NIST-800-53-CM-6(a)
  - NIST-800-53-SC-24
  - audit_rules_system_shutdown
  - low_complexity
  - low_disruption
  - medium_severity
  - reboot_required
  - restrict_strategy
</fix>
        <check system="http://oval.mitre.org/XMLSchema/oval-definitions-5">
          <check-export export-name="oval:ssg-var_audit_failure_mode:var:1" value-id="xccdf_org.ssgproject.content_value_var_audit_failure_mode"/>
          <check-content-ref name="oval:ssg-audit_rules_system_shutdown:def:1" href="ssg-sle15-oval.xml"/>
        </check>
        <check system="http://scap.nist.gov/schema/ocil/2">
          <check-content-ref name="ocil:ssg-audit_rules_system_shutdown_ocil:questionnaire:1" href="ssg-sle15-ocil.xml"/>
        </check>
      </Rule>
      <Rule id="xccdf_org.ssgproject.content_rule_audit_rules_usergroup_modification" selected="false" role="full" severity="medium">
        <title xmlns:xhtml="http://www.w3.org/1999/xhtml" xml:lang="en-US">Record Events that Modify User/Group Information</title>
        <description xmlns:xhtml="http://www.w3.org/1999/xhtml" xml:lang="en-US">If the <html:code xmlns:html="http://www.w3.org/1999/xhtml">auditd</html:code> daemon is configured to use the
<html:code xmlns:html="http://www.w3.org/1999/xhtml">augenrules</html:code> program to read audit rules during daemon startup (the
default), add the following lines to a file with suffix <html:code xmlns:html="http://www.w3.org/1999/xhtml">.rules</html:code> in the
directory <html:code xmlns:html="http://www.w3.org/1999/xhtml">/etc/audit/rules.d</html:code>, in order to capture events that modify
account changes:
<html:pre xmlns:html="http://www.w3.org/1999/xhtml">-w /etc/group -p wa -k audit_rules_usergroup_modification
-w /etc/passwd -p wa -k audit_rules_usergroup_modification
-w /etc/gshadow -p wa -k audit_rules_usergroup_modification
-w /etc/shadow -p wa -k audit_rules_usergroup_modification
-w /etc/security/opasswd -p wa -k audit_rules_usergroup_modification</html:pre>
       <html:br xmlns:html="http://www.w3.org/1999/xhtml"/>
If the <html:code xmlns:html="http://www.w3.org/1999/xhtml">auditd</html:code> daemon is configured to use the <html:code xmlns:html="http://www.w3.org/1999/xhtml">auditctl</html:code>
utility to read audit rules during daemon startup, add the following lines to
<html:code xmlns:html="http://www.w3.org/1999/xhtml">/etc/audit/audit.rules</html:code> file, in order to capture events that modify
account changes:
<html:pre xmlns:html="http://www.w3.org/1999/xhtml">-w /etc/group -p wa -k audit_rules_usergroup_modification
-w /etc/passwd -p wa -k audit_rules_usergroup_modification
-w /etc/gshadow -p wa -k audit_rules_usergroup_modification
-w /etc/shadow -p wa -k audit_rules_usergroup_modification
-w /etc/security/opasswd -p wa -k audit_rules_usergroup_modification</html:pre>
      </description>
        <warning xmlns:xhtml="http://www.w3.org/1999/xhtml" xml:lang="en-US" category="general">This rule checks for multiple syscalls related to account changes;
it was written with DISA STIG in mind. Other policies should use a
separate rule for each syscall that needs to be checked. For example:
<html:ul xmlns:html="http://www.w3.org/1999/xhtml"><html:li><html:code>audit_rules_usergroup_modification_group</html:code></html:li><html:li><html:code>audit_rules_usergroup_modification_gshadow</html:code></html:li><html:li><html:code>audit_rules_usergroup_modification_passwd</html:code></html:li></html:ul>
      </warning>
        <reference href="https://www.cisecurity.org/controls/">1</reference>
        <reference href="https://www.cisecurity.org/controls/">11</reference>
        <reference href="https://www.cisecurity.org/controls/">12</reference>
        <reference href="https://www.cisecurity.org/controls/">13</reference>
        <reference href="https://www.cisecurity.org/controls/">14</reference>
        <reference href="https://www.cisecurity.org/controls/">15</reference>
        <reference href="https://www.cisecurity.org/controls/">16</reference>
        <reference href="https://www.cisecurity.org/controls/">18</reference>
        <reference href="https://www.cisecurity.org/controls/">19</reference>
        <reference href="https://www.cisecurity.org/controls/">2</reference>
        <reference href="https://www.cisecurity.org/controls/">3</reference>
        <reference href="https://www.cisecurity.org/controls/">4</reference>
        <reference href="https://www.cisecurity.org/controls/">5</reference>
        <reference href="https://www.cisecurity.org/controls/">6</reference>
        <reference href="https://www.cisecurity.org/controls/">7</reference>
        <reference href="https://www.cisecurity.org/controls/">8</reference>
        <reference href="https://www.cisecurity.org/controls/">9</reference>
        <reference href="https://www.fbi.gov/file-repository/cjis-security-policy-v5_5_20160601-2-1.pdf">5.4.1.1</reference>
        <reference href="https://www.isaca.org/resources/cobit">APO10.01</reference>
        <reference href="https://www.isaca.org/resources/cobit">APO10.03</reference>
        <reference href="https://www.isaca.org/resources/cobit">APO10.04</reference>
        <reference href="https://www.isaca.org/resources/cobit">APO10.05</reference>
        <reference href="https://www.isaca.org/resources/cobit">APO11.04</reference>
        <reference href="https://www.isaca.org/resources/cobit">APO12.06</reference>
        <reference href="https://www.isaca.org/resources/cobit">APO13.01</reference>
        <reference href="https://www.isaca.org/resources/cobit">BAI03.05</reference>
        <reference href="https://www.isaca.org/resources/cobit">BAI08.02</reference>
        <reference href="https://www.isaca.org/resources/cobit">DSS01.03</reference>
        <reference href="https://www.isaca.org/resources/cobit">DSS01.04</reference>
        <reference href="https://www.isaca.org/resources/cobit">DSS02.02</reference>
        <reference href="https://www.isaca.org/resources/cobit">DSS02.04</reference>
        <reference href="https://www.isaca.org/resources/cobit">DSS02.07</reference>
        <reference href="https://www.isaca.org/resources/cobit">DSS03.01</reference>
        <reference href="https://www.isaca.org/resources/cobit">DSS03.05</reference>
        <reference href="https://www.isaca.org/resources/cobit">DSS05.02</reference>
        <reference href="https://www.isaca.org/resources/cobit">DSS05.03</reference>
        <reference href="https://www.isaca.org/resources/cobit">DSS05.04</reference>
        <reference href="https://www.isaca.org/resources/cobit">DSS05.05</reference>
        <reference href="https://www.isaca.org/resources/cobit">DSS05.07</reference>
        <reference href="https://www.isaca.org/resources/cobit">DSS06.03</reference>
        <reference href="https://www.isaca.org/resources/cobit">MEA01.01</reference>
        <reference href="https://www.isaca.org/resources/cobit">MEA01.02</reference>
        <reference href="https://www.isaca.org/resources/cobit">MEA01.03</reference>
        <reference href="https://www.isaca.org/resources/cobit">MEA01.04</reference>
        <reference href="https://www.isaca.org/resources/cobit">MEA01.05</reference>
        <reference href="https://www.isaca.org/resources/cobit">MEA02.01</reference>
        <reference href="http://nvlpubs.nist.gov/nistpubs/SpecialPublications/NIST.SP.800-171.pdf">3.1.7</reference>
        <reference href="https://www.isa.org/products/isa-62443-2-1-2009-security-for-industrial-automat">4.2.3.10</reference>
        <reference href="https://www.isa.org/products/isa-62443-2-1-2009-security-for-industrial-automat">4.3.2.6.7</reference>
        <reference href="https://www.isa.org/products/isa-62443-2-1-2009-security-for-industrial-automat">4.3.3.2.2</reference>
        <reference href="https://www.isa.org/products/isa-62443-2-1-2009-security-for-industrial-automat">4.3.3.3.9</reference>
        <reference href="https://www.isa.org/products/isa-62443-2-1-2009-security-for-industrial-automat">4.3.3.5.1</reference>
        <reference href="https://www.isa.org/products/isa-62443-2-1-2009-security-for-industrial-automat">4.3.3.5.2</reference>
        <reference href="https://www.isa.org/products/isa-62443-2-1-2009-security-for-industrial-automat">4.3.3.5.8</reference>
        <reference href="https://www.isa.org/products/isa-62443-2-1-2009-security-for-industrial-automat">4.3.3.6.6</reference>
        <reference href="https://www.isa.org/products/isa-62443-2-1-2009-security-for-industrial-automat">4.3.3.7.2</reference>
        <reference href="https://www.isa.org/products/isa-62443-2-1-2009-security-for-industrial-automat">4.3.3.7.3</reference>
        <reference href="https://www.isa.org/products/isa-62443-2-1-2009-security-for-industrial-automat">4.3.3.7.4</reference>
        <reference href="https://www.isa.org/products/isa-62443-2-1-2009-security-for-industrial-automat">4.3.4.4.7</reference>
        <reference href="https://www.isa.org/products/isa-62443-2-1-2009-security-for-industrial-automat">4.3.4.5.6</reference>
        <reference href="https://www.isa.org/products/isa-62443-2-1-2009-security-for-industrial-automat">4.3.4.5.7</reference>
        <reference href="https://www.isa.org/products/isa-62443-2-1-2009-security-for-industrial-automat">4.3.4.5.8</reference>
        <reference href="https://www.isa.org/products/isa-62443-2-1-2009-security-for-industrial-automat">4.4.2.1</reference>
        <reference href="https://www.isa.org/products/isa-62443-2-1-2009-security-for-industrial-automat">4.4.2.2</reference>
        <reference href="https://www.isa.org/products/isa-62443-2-1-2009-security-for-industrial-automat">4.4.2.4</reference>
        <reference href="https://www.isa.org/products/ansi-isa-62443-3-3-99-03-03-2013-security-for-indu">SR 1.1</reference>
        <reference href="https://www.isa.org/products/ansi-isa-62443-3-3-99-03-03-2013-security-for-indu">SR 1.13</reference>
        <reference href="https://www.isa.org/products/ansi-isa-62443-3-3-99-03-03-2013-security-for-indu">SR 1.2</reference>
        <reference href="https://www.isa.org/products/ansi-isa-62443-3-3-99-03-03-2013-security-for-indu">SR 1.3</reference>
        <reference href="https://www.isa.org/products/ansi-isa-62443-3-3-99-03-03-2013-security-for-indu">SR 1.4</reference>
        <reference href="https://www.isa.org/products/ansi-isa-62443-3-3-99-03-03-2013-security-for-indu">SR 1.5</reference>
        <reference href="https://www.isa.org/products/ansi-isa-62443-3-3-99-03-03-2013-security-for-indu">SR 1.7</reference>
        <reference href="https://www.isa.org/products/ansi-isa-62443-3-3-99-03-03-2013-security-for-indu">SR 1.8</reference>
        <reference href="https://www.isa.org/products/ansi-isa-62443-3-3-99-03-03-2013-security-for-indu">SR 1.9</reference>
        <reference href="https://www.isa.org/products/ansi-isa-62443-3-3-99-03-03-2013-security-for-indu">SR 2.1</reference>
        <reference href="https://www.isa.org/products/ansi-isa-62443-3-3-99-03-03-2013-security-for-indu">SR 2.10</reference>
        <reference href="https://www.isa.org/products/ansi-isa-62443-3-3-99-03-03-2013-security-for-indu">SR 2.11</reference>
        <reference href="https://www.isa.org/products/ansi-isa-62443-3-3-99-03-03-2013-security-for-indu">SR 2.12</reference>
        <reference href="https://www.isa.org/products/ansi-isa-62443-3-3-99-03-03-2013-security-for-indu">SR 2.6</reference>
        <reference href="https://www.isa.org/products/ansi-isa-62443-3-3-99-03-03-2013-security-for-indu">SR 2.8</reference>
        <reference href="https://www.isa.org/products/ansi-isa-62443-3-3-99-03-03-2013-security-for-indu">SR 2.9</reference>
        <reference href="https://www.isa.org/products/ansi-isa-62443-3-3-99-03-03-2013-security-for-indu">SR 3.1</reference>
        <reference href="https://www.isa.org/products/ansi-isa-62443-3-3-99-03-03-2013-security-for-indu">SR 3.5</reference>
        <reference href="https://www.isa.org/products/ansi-isa-62443-3-3-99-03-03-2013-security-for-indu">SR 3.8</reference>
        <reference href="https://www.isa.org/products/ansi-isa-62443-3-3-99-03-03-2013-security-for-indu">SR 4.1</reference>
        <reference href="https://www.isa.org/products/ansi-isa-62443-3-3-99-03-03-2013-security-for-indu">SR 4.3</reference>
        <reference href="https://www.isa.org/products/ansi-isa-62443-3-3-99-03-03-2013-security-for-indu">SR 5.1</reference>
        <reference href="https://www.isa.org/products/ansi-isa-62443-3-3-99-03-03-2013-security-for-indu">SR 5.2</reference>
        <reference href="https://www.isa.org/products/ansi-isa-62443-3-3-99-03-03-2013-security-for-indu">SR 5.3</reference>
        <reference href="https://www.isa.org/products/ansi-isa-62443-3-3-99-03-03-2013-security-for-indu">SR 6.1</reference>
        <reference href="https://www.isa.org/products/ansi-isa-62443-3-3-99-03-03-2013-security-for-indu">SR 6.2</reference>
        <reference href="https://www.isa.org/products/ansi-isa-62443-3-3-99-03-03-2013-security-for-indu">SR 7.1</reference>
        <reference href="https://www.isa.org/products/ansi-isa-62443-3-3-99-03-03-2013-security-for-indu">SR 7.6</reference>
        <reference href="https://www.iso.org/contents/data/standard/05/45/54534.html">A.11.2.6</reference>
        <reference href="https://www.iso.org/contents/data/standard/05/45/54534.html">A.12.4.1</reference>
        <reference href="https://www.iso.org/contents/data/standard/05/45/54534.html">A.12.4.2</reference>
        <reference href="https://www.iso.org/contents/data/standard/05/45/54534.html">A.12.4.3</reference>
        <reference href="https://www.iso.org/contents/data/standard/05/45/54534.html">A.12.4.4</reference>
        <reference href="https://www.iso.org/contents/data/standard/05/45/54534.html">A.12.7.1</reference>
        <reference href="https://www.iso.org/contents/data/standard/05/45/54534.html">A.13.1.1</reference>
        <reference href="https://www.iso.org/contents/data/standard/05/45/54534.html">A.13.2.1</reference>
        <reference href="https://www.iso.org/contents/data/standard/05/45/54534.html">A.14.1.3</reference>
        <reference href="https://www.iso.org/contents/data/standard/05/45/54534.html">A.14.2.7</reference>
        <reference href="https://www.iso.org/contents/data/standard/05/45/54534.html">A.15.2.1</reference>
        <reference href="https://www.iso.org/contents/data/standard/05/45/54534.html">A.15.2.2</reference>
        <reference href="https://www.iso.org/contents/data/standard/05/45/54534.html">A.16.1.4</reference>
        <reference href="https://www.iso.org/contents/data/standard/05/45/54534.html">A.16.1.5</reference>
        <reference href="https://www.iso.org/contents/data/standard/05/45/54534.html">A.16.1.7</reference>
        <reference href="https://www.iso.org/contents/data/standard/05/45/54534.html">A.6.1.2</reference>
        <reference href="https://www.iso.org/contents/data/standard/05/45/54534.html">A.6.2.1</reference>
        <reference href="https://www.iso.org/contents/data/standard/05/45/54534.html">A.6.2.2</reference>
        <reference href="https://www.iso.org/contents/data/standard/05/45/54534.html">A.7.1.1</reference>
        <reference href="https://www.iso.org/contents/data/standard/05/45/54534.html">A.9.1.2</reference>
        <reference href="https://www.iso.org/contents/data/standard/05/45/54534.html">A.9.2.1</reference>
        <reference href="https://www.iso.org/contents/data/standard/05/45/54534.html">A.9.2.2</reference>
        <reference href="https://www.iso.org/contents/data/standard/05/45/54534.html">A.9.2.3</reference>
        <reference href="https://www.iso.org/contents/data/standard/05/45/54534.html">A.9.2.4</reference>
        <reference href="https://www.iso.org/contents/data/standard/05/45/54534.html">A.9.2.6</reference>
        <reference href="https://www.iso.org/contents/data/standard/05/45/54534.html">A.9.3.1</reference>
        <reference href="https://www.iso.org/contents/data/standard/05/45/54534.html">A.9.4.1</reference>
        <reference href="https://www.iso.org/contents/data/standard/05/45/54534.html">A.9.4.2</reference>
        <reference href="https://www.iso.org/contents/data/standard/05/45/54534.html">A.9.4.3</reference>
        <reference href="https://www.iso.org/contents/data/standard/05/45/54534.html">A.9.4.4</reference>
        <reference href="https://www.iso.org/contents/data/standard/05/45/54534.html">A.9.4.5</reference>
        <reference href="https://www.nerc.com/standards/reliability-standards/cip">CIP-004-6 R2.2.2</reference>
        <reference href="https://www.nerc.com/standards/reliability-standards/cip">CIP-004-6 R2.2.3</reference>
        <reference href="https://www.nerc.com/standards/reliability-standards/cip">CIP-007-3 R.1.3</reference>
        <reference href="https://www.nerc.com/standards/reliability-standards/cip">CIP-007-3 R5</reference>
        <reference href="https://www.nerc.com/standards/reliability-standards/cip">CIP-007-3 R5.1.1</reference>
        <reference href="https://www.nerc.com/standards/reliability-standards/cip">CIP-007-3 R5.1.3</reference>
        <reference href="https://www.nerc.com/standards/reliability-standards/cip">CIP-007-3 R5.2.1</reference>
        <reference href="https://www.nerc.com/standards/reliability-standards/cip">CIP-007-3 R5.2.3</reference>
        <reference href="http://nvlpubs.nist.gov/nistpubs/SpecialPublications/NIST.SP.800-53r4.pdf">AC-2(4)</reference>
        <reference href="http://nvlpubs.nist.gov/nistpubs/SpecialPublications/NIST.SP.800-53r4.pdf">AU-2(d)</reference>
        <reference href="http://nvlpubs.nist.gov/nistpubs/SpecialPublications/NIST.SP.800-53r4.pdf">AU-12(c)</reference>
        <reference href="http://nvlpubs.nist.gov/nistpubs/SpecialPublications/NIST.SP.800-53r4.pdf">AC-6(9)</reference>
        <reference href="http://nvlpubs.nist.gov/nistpubs/SpecialPublications/NIST.SP.800-53r4.pdf">CM-6(a)</reference>
        <reference href="https://nvlpubs.nist.gov/nistpubs/CSWP/NIST.CSWP.04162018.pdf">DE.AE-3</reference>
        <reference href="https://nvlpubs.nist.gov/nistpubs/CSWP/NIST.CSWP.04162018.pdf">DE.AE-5</reference>
        <reference href="https://nvlpubs.nist.gov/nistpubs/CSWP/NIST.CSWP.04162018.pdf">DE.CM-1</reference>
        <reference href="https://nvlpubs.nist.gov/nistpubs/CSWP/NIST.CSWP.04162018.pdf">DE.CM-3</reference>
        <reference href="https://nvlpubs.nist.gov/nistpubs/CSWP/NIST.CSWP.04162018.pdf">DE.CM-7</reference>
        <reference href="https://nvlpubs.nist.gov/nistpubs/CSWP/NIST.CSWP.04162018.pdf">ID.SC-4</reference>
        <reference href="https://nvlpubs.nist.gov/nistpubs/CSWP/NIST.CSWP.04162018.pdf">PR.AC-1</reference>
        <reference href="https://nvlpubs.nist.gov/nistpubs/CSWP/NIST.CSWP.04162018.pdf">PR.AC-3</reference>
        <reference href="https://nvlpubs.nist.gov/nistpubs/CSWP/NIST.CSWP.04162018.pdf">PR.AC-4</reference>
        <reference href="https://nvlpubs.nist.gov/nistpubs/CSWP/NIST.CSWP.04162018.pdf">PR.AC-6</reference>
        <reference href="https://nvlpubs.nist.gov/nistpubs/CSWP/NIST.CSWP.04162018.pdf">PR.PT-1</reference>
        <reference href="https://nvlpubs.nist.gov/nistpubs/CSWP/NIST.CSWP.04162018.pdf">PR.PT-4</reference>
        <reference href="https://nvlpubs.nist.gov/nistpubs/CSWP/NIST.CSWP.04162018.pdf">RS.AN-1</reference>
        <reference href="https://nvlpubs.nist.gov/nistpubs/CSWP/NIST.CSWP.04162018.pdf">RS.AN-4</reference>
        <reference href="https://www.pcisecuritystandards.org/documents/PCI_DSS_v3-2-1.pdf">Req-10.2.5</reference>
        <reference href="https://www.cyber.mil/stigs/downloads/?_dl_facet_stigs=operating-systems%2Cgeneral-purpose-os">SRG-OS-000004-GPOS-00004</reference>
        <reference href="https://www.cyber.mil/stigs/downloads/?_dl_facet_stigs=operating-systems%2Cgeneral-purpose-os">SRG-OS-000037-GPOS-00015</reference>
        <reference href="https://www.cyber.mil/stigs/downloads/?_dl_facet_stigs=operating-systems%2Cgeneral-purpose-os">SRG-OS-000042-GPOS-00020</reference>
        <reference href="https://www.cyber.mil/stigs/downloads/?_dl_facet_stigs=operating-systems%2Cgeneral-purpose-os">SRG-OS-000239-GPOS-00089</reference>
        <reference href="https://www.cyber.mil/stigs/downloads/?_dl_facet_stigs=operating-systems%2Cgeneral-purpose-os">SRG-OS-000241-GPOS-00090</reference>
        <reference href="https://www.cyber.mil/stigs/downloads/?_dl_facet_stigs=operating-systems%2Cgeneral-purpose-os">SRG-OS-000241-GPOS-00091</reference>
        <reference href="https://www.cyber.mil/stigs/downloads/?_dl_facet_stigs=operating-systems%2Cgeneral-purpose-os">SRG-OS-000303-GPOS-00120</reference>
        <reference href="https://www.cyber.mil/stigs/downloads/?_dl_facet_stigs=operating-systems%2Cgeneral-purpose-os">SRG-OS-000392-GPOS-00172</reference>
        <reference href="https://www.cyber.mil/stigs/downloads/?_dl_facet_stigs=operating-systems%2Cgeneral-purpose-os">SRG-OS-000462-GPOS-00206</reference>
        <reference href="https://www.cyber.mil/stigs/downloads/?_dl_facet_stigs=operating-systems%2Cgeneral-purpose-os">SRG-OS-000471-GPOS-00215</reference>
        <reference href="https://www.cyber.mil/stigs/downloads/?_dl_facet_stigs=operating-systems%2Cgeneral-purpose-os">SRG-OS-000476-GPOS-00221</reference>
        <reference href="https://www.cyber.mil/stigs/downloads/?_dl_facet_stigs=app-security">SRG-APP-000026-CTR-000070</reference>
        <reference href="https://www.cyber.mil/stigs/downloads/?_dl_facet_stigs=app-security">SRG-APP-000027-CTR-000075</reference>
        <reference href="https://www.cyber.mil/stigs/downloads/?_dl_facet_stigs=app-security">SRG-APP-000028-CTR-000080</reference>
        <reference href="https://www.cyber.mil/stigs/downloads/?_dl_facet_stigs=app-security">SRG-APP-000291-CTR-000675</reference>
        <reference href="https://www.cyber.mil/stigs/downloads/?_dl_facet_stigs=app-security">SRG-APP-000292-CTR-000680</reference>
        <reference href="https://www.cyber.mil/stigs/downloads/?_dl_facet_stigs=app-security">SRG-APP-000293-CTR-000685</reference>
        <reference href="https://www.cyber.mil/stigs/downloads/?_dl_facet_stigs=app-security">SRG-APP-000294-CTR-000690</reference>
        <reference href="https://www.cyber.mil/stigs/downloads/?_dl_facet_stigs=app-security">SRG-APP-000319-CTR-000745</reference>
        <reference href="https://www.cyber.mil/stigs/downloads/?_dl_facet_stigs=app-security">SRG-APP-000320-CTR-000750</reference>
        <reference href="https://www.cyber.mil/stigs/downloads/?_dl_facet_stigs=app-security">SRG-APP-000509-CTR-001305</reference>
        <rationale xmlns:xhtml="http://www.w3.org/1999/xhtml" xml:lang="en-US">In addition to auditing new user and group accounts, these watches
will alert the system administrator(s) to any modifications. Any unexpected
users, groups, or modifications should be investigated for legitimacy.</rationale>
        <ident system="https://ncp.nist.gov/cce">CCE-91292-3</ident>
        <fix xmlns:xhtml="http://www.w3.org/1999/xhtml" id="audit_rules_usergroup_modification" system="urn:xccdf:fix:script:sh"># Remediation is applicable only in certain platforms
if rpm --quiet -q audit &amp;&amp; rpm --quiet -q kernel-default || rpm --quiet -q kernel-default-base; then

# Perform the remediation for both possible tools: 'auditctl' and 'augenrules'
# Create a list of audit *.rules files that should be inspected for presence and correctness
# of a particular audit rule. The scheme is as follows:
#
# -----------------------------------------------------------------------------------------
# Tool used to load audit rules	| Rule already defined	|  Audit rules file to inspect	  |
# -----------------------------------------------------------------------------------------
#	auditctl		|     Doesn't matter	|  /etc/audit/audit.rules	  |
# -----------------------------------------------------------------------------------------
# 	augenrules		|          Yes		|  /etc/audit/rules.d/*.rules	  |
# 	augenrules		|          No		|  /etc/audit/rules.d/$key.rules  |
# -----------------------------------------------------------------------------------------
files_to_inspect=()


# If the audit tool is 'auditctl', then add '/etc/audit/audit.rules'
# into the list of files to be inspected
files_to_inspect+=('/etc/audit/audit.rules')

# Finally perform the inspection and possible subsequent audit rule
# correction for each of the files previously identified for inspection
for audit_rules_file in "${files_to_inspect[@]}"
do
    # Check if audit watch file system object rule for given path already present

    if grep -q -P -- "^[\s]*-w[\s]+/etc/group" "$audit_rules_file"

    then
        # Rule is found =&gt; verify yet if existing rule definition contains
        # all of the required access type bits

        # Define BRE whitespace class shortcut
        sp="[[:space:]]"
        # Extract current permission access types (e.g. -p [r|w|x|a] values) from audit rule

        current_access_bits=$(sed -ne "s#$sp*-w$sp\+/etc/group $sp\+-p$sp\+\([rxwa]\{1,4\}\).*#\1#p" "$audit_rules_file")

        # Split required access bits string into characters array
        # (to check bit's presence for one bit at a time)
        for access_bit in $(echo "wa" | grep -o .)
        do
            # For each from the required access bits (e.g. 'w', 'a') check
            # if they are already present in current access bits for rule.
            # If not, append that bit at the end
            if ! grep -q "$access_bit" &lt;&lt;&lt; "$current_access_bits"
            then
                # Concatenate the existing mask with the missing bit
                current_access_bits="$current_access_bits$access_bit"
            fi
        done
        # Propagate the updated rule's access bits (original + the required
        # ones) back into the /etc/audit/audit.rules file for that rule

        sed -i "s#\($sp*-w$sp\+/etc/group$sp\+-p$sp\+\)\([rxwa]\{1,4\}\)\(.*\)#\1$current_access_bits\3#" "$audit_rules_file"

    else
        # Rule isn't present yet. Append it at the end of $audit_rules_file file
        # with proper key


        echo "-w /etc/group -p wa -k audit_rules_usergroup_modification" &gt;&gt; "$audit_rules_file"

    fi
done
# Create a list of audit *.rules files that should be inspected for presence and correctness
# of a particular audit rule. The scheme is as follows:
#
# -----------------------------------------------------------------------------------------
# Tool used to load audit rules	| Rule already defined	|  Audit rules file to inspect	  |
# -----------------------------------------------------------------------------------------
#	auditctl		|     Doesn't matter	|  /etc/audit/audit.rules	  |
# -----------------------------------------------------------------------------------------
# 	augenrules		|          Yes		|  /etc/audit/rules.d/*.rules	  |
# 	augenrules		|          No		|  /etc/audit/rules.d/$key.rules  |
# -----------------------------------------------------------------------------------------
files_to_inspect=()

# If the audit is 'augenrules', then check if rule is already defined
# If rule is defined, add '/etc/audit/rules.d/*.rules' to list of files for inspection.
# If rule isn't defined, add '/etc/audit/rules.d/audit_rules_usergroup_modification.rules' to list of files for inspection.

readarray -t matches &lt; &lt;(grep -HP "[\s]*-w[\s]+/etc/group" /etc/audit/rules.d/*.rules)


# For each of the matched entries
for match in "${matches[@]}"
do
    # Extract filepath from the match
    rulesd_audit_file=$(echo $match | cut -f1 -d ':')
    # Append that path into list of files for inspection
    files_to_inspect+=("$rulesd_audit_file")
done
# Case when particular audit rule isn't defined yet
if [ "${#files_to_inspect[@]}" -eq "0" ]
then
    # Append '/etc/audit/rules.d/audit_rules_usergroup_modification.rules' into list of files for inspection
    key_rule_file="/etc/audit/rules.d/audit_rules_usergroup_modification.rules"
    # If the audit_rules_usergroup_modification.rules file doesn't exist yet, create it with correct permissions
    if [ ! -e "$key_rule_file" ]
    then
        touch "$key_rule_file"
        chmod 0600 "$key_rule_file"
    fi
    files_to_inspect+=("$key_rule_file")
fi

# Finally perform the inspection and possible subsequent audit rule
# correction for each of the files previously identified for inspection
for audit_rules_file in "${files_to_inspect[@]}"
do
    # Check if audit watch file system object rule for given path already present

    if grep -q -P -- "^[\s]*-w[\s]+/etc/group" "$audit_rules_file"

    then
        # Rule is found =&gt; verify yet if existing rule definition contains
        # all of the required access type bits

        # Define BRE whitespace class shortcut
        sp="[[:space:]]"
        # Extract current permission access types (e.g. -p [r|w|x|a] values) from audit rule

        current_access_bits=$(sed -ne "s#$sp*-w$sp\+/etc/group $sp\+-p$sp\+\([rxwa]\{1,4\}\).*#\1#p" "$audit_rules_file")

        # Split required access bits string into characters array
        # (to check bit's presence for one bit at a time)
        for access_bit in $(echo "wa" | grep -o .)
        do
            # For each from the required access bits (e.g. 'w', 'a') check
            # if they are already present in current access bits for rule.
            # If not, append that bit at the end
            if ! grep -q "$access_bit" &lt;&lt;&lt; "$current_access_bits"
            then
                # Concatenate the existing mask with the missing bit
                current_access_bits="$current_access_bits$access_bit"
            fi
        done
        # Propagate the updated rule's access bits (original + the required
        # ones) back into the /etc/audit/audit.rules file for that rule

        sed -i "s#\($sp*-w$sp\+/etc/group$sp\+-p$sp\+\)\([rxwa]\{1,4\}\)\(.*\)#\1$current_access_bits\3#" "$audit_rules_file"

    else
        # Rule isn't present yet. Append it at the end of $audit_rules_file file
        # with proper key


        echo "-w /etc/group -p wa -k audit_rules_usergroup_modification" &gt;&gt; "$audit_rules_file"

    fi
done
# Create a list of audit *.rules files that should be inspected for presence and correctness
# of a particular audit rule. The scheme is as follows:
#
# -----------------------------------------------------------------------------------------
# Tool used to load audit rules	| Rule already defined	|  Audit rules file to inspect	  |
# -----------------------------------------------------------------------------------------
#	auditctl		|     Doesn't matter	|  /etc/audit/audit.rules	  |
# -----------------------------------------------------------------------------------------
# 	augenrules		|          Yes		|  /etc/audit/rules.d/*.rules	  |
# 	augenrules		|          No		|  /etc/audit/rules.d/$key.rules  |
# -----------------------------------------------------------------------------------------
files_to_inspect=()


# If the audit tool is 'auditctl', then add '/etc/audit/audit.rules'
# into the list of files to be inspected
files_to_inspect+=('/etc/audit/audit.rules')

# Finally perform the inspection and possible subsequent audit rule
# correction for each of the files previously identified for inspection
for audit_rules_file in "${files_to_inspect[@]}"
do
    # Check if audit watch file system object rule for given path already present

    if grep -q -P -- "^[\s]*-w[\s]+/etc/passwd" "$audit_rules_file"

    then
        # Rule is found =&gt; verify yet if existing rule definition contains
        # all of the required access type bits

        # Define BRE whitespace class shortcut
        sp="[[:space:]]"
        # Extract current permission access types (e.g. -p [r|w|x|a] values) from audit rule

        current_access_bits=$(sed -ne "s#$sp*-w$sp\+/etc/passwd $sp\+-p$sp\+\([rxwa]\{1,4\}\).*#\1#p" "$audit_rules_file")

        # Split required access bits string into characters array
        # (to check bit's presence for one bit at a time)
        for access_bit in $(echo "wa" | grep -o .)
        do
            # For each from the required access bits (e.g. 'w', 'a') check
            # if they are already present in current access bits for rule.
            # If not, append that bit at the end
            if ! grep -q "$access_bit" &lt;&lt;&lt; "$current_access_bits"
            then
                # Concatenate the existing mask with the missing bit
                current_access_bits="$current_access_bits$access_bit"
            fi
        done
        # Propagate the updated rule's access bits (original + the required
        # ones) back into the /etc/audit/audit.rules file for that rule

        sed -i "s#\($sp*-w$sp\+/etc/passwd$sp\+-p$sp\+\)\([rxwa]\{1,4\}\)\(.*\)#\1$current_access_bits\3#" "$audit_rules_file"

    else
        # Rule isn't present yet. Append it at the end of $audit_rules_file file
        # with proper key


        echo "-w /etc/passwd -p wa -k audit_rules_usergroup_modification" &gt;&gt; "$audit_rules_file"

    fi
done
# Create a list of audit *.rules files that should be inspected for presence and correctness
# of a particular audit rule. The scheme is as follows:
#
# -----------------------------------------------------------------------------------------
# Tool used to load audit rules	| Rule already defined	|  Audit rules file to inspect	  |
# -----------------------------------------------------------------------------------------
#	auditctl		|     Doesn't matter	|  /etc/audit/audit.rules	  |
# -----------------------------------------------------------------------------------------
# 	augenrules		|          Yes		|  /etc/audit/rules.d/*.rules	  |
# 	augenrules		|          No		|  /etc/audit/rules.d/$key.rules  |
# -----------------------------------------------------------------------------------------
files_to_inspect=()

# If the audit is 'augenrules', then check if rule is already defined
# If rule is defined, add '/etc/audit/rules.d/*.rules' to list of files for inspection.
# If rule isn't defined, add '/etc/audit/rules.d/audit_rules_usergroup_modification.rules' to list of files for inspection.

readarray -t matches &lt; &lt;(grep -HP "[\s]*-w[\s]+/etc/passwd" /etc/audit/rules.d/*.rules)


# For each of the matched entries
for match in "${matches[@]}"
do
    # Extract filepath from the match
    rulesd_audit_file=$(echo $match | cut -f1 -d ':')
    # Append that path into list of files for inspection
    files_to_inspect+=("$rulesd_audit_file")
done
# Case when particular audit rule isn't defined yet
if [ "${#files_to_inspect[@]}" -eq "0" ]
then
    # Append '/etc/audit/rules.d/audit_rules_usergroup_modification.rules' into list of files for inspection
    key_rule_file="/etc/audit/rules.d/audit_rules_usergroup_modification.rules"
    # If the audit_rules_usergroup_modification.rules file doesn't exist yet, create it with correct permissions
    if [ ! -e "$key_rule_file" ]
    then
        touch "$key_rule_file"
        chmod 0600 "$key_rule_file"
    fi
    files_to_inspect+=("$key_rule_file")
fi

# Finally perform the inspection and possible subsequent audit rule
# correction for each of the files previously identified for inspection
for audit_rules_file in "${files_to_inspect[@]}"
do
    # Check if audit watch file system object rule for given path already present

    if grep -q -P -- "^[\s]*-w[\s]+/etc/passwd" "$audit_rules_file"

    then
        # Rule is found =&gt; verify yet if existing rule definition contains
        # all of the required access type bits

        # Define BRE whitespace class shortcut
        sp="[[:space:]]"
        # Extract current permission access types (e.g. -p [r|w|x|a] values) from audit rule

        current_access_bits=$(sed -ne "s#$sp*-w$sp\+/etc/passwd $sp\+-p$sp\+\([rxwa]\{1,4\}\).*#\1#p" "$audit_rules_file")

        # Split required access bits string into characters array
        # (to check bit's presence for one bit at a time)
        for access_bit in $(echo "wa" | grep -o .)
        do
            # For each from the required access bits (e.g. 'w', 'a') check
            # if they are already present in current access bits for rule.
            # If not, append that bit at the end
            if ! grep -q "$access_bit" &lt;&lt;&lt; "$current_access_bits"
            then
                # Concatenate the existing mask with the missing bit
                current_access_bits="$current_access_bits$access_bit"
            fi
        done
        # Propagate the updated rule's access bits (original + the required
        # ones) back into the /etc/audit/audit.rules file for that rule

        sed -i "s#\($sp*-w$sp\+/etc/passwd$sp\+-p$sp\+\)\([rxwa]\{1,4\}\)\(.*\)#\1$current_access_bits\3#" "$audit_rules_file"

    else
        # Rule isn't present yet. Append it at the end of $audit_rules_file file
        # with proper key


        echo "-w /etc/passwd -p wa -k audit_rules_usergroup_modification" &gt;&gt; "$audit_rules_file"

    fi
done
# Create a list of audit *.rules files that should be inspected for presence and correctness
# of a particular audit rule. The scheme is as follows:
#
# -----------------------------------------------------------------------------------------
# Tool used to load audit rules	| Rule already defined	|  Audit rules file to inspect	  |
# -----------------------------------------------------------------------------------------
#	auditctl		|     Doesn't matter	|  /etc/audit/audit.rules	  |
# -----------------------------------------------------------------------------------------
# 	augenrules		|          Yes		|  /etc/audit/rules.d/*.rules	  |
# 	augenrules		|          No		|  /etc/audit/rules.d/$key.rules  |
# -----------------------------------------------------------------------------------------
files_to_inspect=()


# If the audit tool is 'auditctl', then add '/etc/audit/audit.rules'
# into the list of files to be inspected
files_to_inspect+=('/etc/audit/audit.rules')

# Finally perform the inspection and possible subsequent audit rule
# correction for each of the files previously identified for inspection
for audit_rules_file in "${files_to_inspect[@]}"
do
    # Check if audit watch file system object rule for given path already present

    if grep -q -P -- "^[\s]*-w[\s]+/etc/gshadow" "$audit_rules_file"

    then
        # Rule is found =&gt; verify yet if existing rule definition contains
        # all of the required access type bits

        # Define BRE whitespace class shortcut
        sp="[[:space:]]"
        # Extract current permission access types (e.g. -p [r|w|x|a] values) from audit rule

        current_access_bits=$(sed -ne "s#$sp*-w$sp\+/etc/gshadow $sp\+-p$sp\+\([rxwa]\{1,4\}\).*#\1#p" "$audit_rules_file")

        # Split required access bits string into characters array
        # (to check bit's presence for one bit at a time)
        for access_bit in $(echo "wa" | grep -o .)
        do
            # For each from the required access bits (e.g. 'w', 'a') check
            # if they are already present in current access bits for rule.
            # If not, append that bit at the end
            if ! grep -q "$access_bit" &lt;&lt;&lt; "$current_access_bits"
            then
                # Concatenate the existing mask with the missing bit
                current_access_bits="$current_access_bits$access_bit"
            fi
        done
        # Propagate the updated rule's access bits (original + the required
        # ones) back into the /etc/audit/audit.rules file for that rule

        sed -i "s#\($sp*-w$sp\+/etc/gshadow$sp\+-p$sp\+\)\([rxwa]\{1,4\}\)\(.*\)#\1$current_access_bits\3#" "$audit_rules_file"

    else
        # Rule isn't present yet. Append it at the end of $audit_rules_file file
        # with proper key


        echo "-w /etc/gshadow -p wa -k audit_rules_usergroup_modification" &gt;&gt; "$audit_rules_file"

    fi
done
# Create a list of audit *.rules files that should be inspected for presence and correctness
# of a particular audit rule. The scheme is as follows:
#
# -----------------------------------------------------------------------------------------
# Tool used to load audit rules	| Rule already defined	|  Audit rules file to inspect	  |
# -----------------------------------------------------------------------------------------
#	auditctl		|     Doesn't matter	|  /etc/audit/audit.rules	  |
# -----------------------------------------------------------------------------------------
# 	augenrules		|          Yes		|  /etc/audit/rules.d/*.rules	  |
# 	augenrules		|          No		|  /etc/audit/rules.d/$key.rules  |
# -----------------------------------------------------------------------------------------
files_to_inspect=()

# If the audit is 'augenrules', then check if rule is already defined
# If rule is defined, add '/etc/audit/rules.d/*.rules' to list of files for inspection.
# If rule isn't defined, add '/etc/audit/rules.d/audit_rules_usergroup_modification.rules' to list of files for inspection.

readarray -t matches &lt; &lt;(grep -HP "[\s]*-w[\s]+/etc/gshadow" /etc/audit/rules.d/*.rules)


# For each of the matched entries
for match in "${matches[@]}"
do
    # Extract filepath from the match
    rulesd_audit_file=$(echo $match | cut -f1 -d ':')
    # Append that path into list of files for inspection
    files_to_inspect+=("$rulesd_audit_file")
done
# Case when particular audit rule isn't defined yet
if [ "${#files_to_inspect[@]}" -eq "0" ]
then
    # Append '/etc/audit/rules.d/audit_rules_usergroup_modification.rules' into list of files for inspection
    key_rule_file="/etc/audit/rules.d/audit_rules_usergroup_modification.rules"
    # If the audit_rules_usergroup_modification.rules file doesn't exist yet, create it with correct permissions
    if [ ! -e "$key_rule_file" ]
    then
        touch "$key_rule_file"
        chmod 0600 "$key_rule_file"
    fi
    files_to_inspect+=("$key_rule_file")
fi

# Finally perform the inspection and possible subsequent audit rule
# correction for each of the files previously identified for inspection
for audit_rules_file in "${files_to_inspect[@]}"
do
    # Check if audit watch file system object rule for given path already present

    if grep -q -P -- "^[\s]*-w[\s]+/etc/gshadow" "$audit_rules_file"

    then
        # Rule is found =&gt; verify yet if existing rule definition contains
        # all of the required access type bits

        # Define BRE whitespace class shortcut
        sp="[[:space:]]"
        # Extract current permission access types (e.g. -p [r|w|x|a] values) from audit rule

        current_access_bits=$(sed -ne "s#$sp*-w$sp\+/etc/gshadow $sp\+-p$sp\+\([rxwa]\{1,4\}\).*#\1#p" "$audit_rules_file")

        # Split required access bits string into characters array
        # (to check bit's presence for one bit at a time)
        for access_bit in $(echo "wa" | grep -o .)
        do
            # For each from the required access bits (e.g. 'w', 'a') check
            # if they are already present in current access bits for rule.
            # If not, append that bit at the end
            if ! grep -q "$access_bit" &lt;&lt;&lt; "$current_access_bits"
            then
                # Concatenate the existing mask with the missing bit
                current_access_bits="$current_access_bits$access_bit"
            fi
        done
        # Propagate the updated rule's access bits (original + the required
        # ones) back into the /etc/audit/audit.rules file for that rule

        sed -i "s#\($sp*-w$sp\+/etc/gshadow$sp\+-p$sp\+\)\([rxwa]\{1,4\}\)\(.*\)#\1$current_access_bits\3#" "$audit_rules_file"

    else
        # Rule isn't present yet. Append it at the end of $audit_rules_file file
        # with proper key


        echo "-w /etc/gshadow -p wa -k audit_rules_usergroup_modification" &gt;&gt; "$audit_rules_file"

    fi
done
# Create a list of audit *.rules files that should be inspected for presence and correctness
# of a particular audit rule. The scheme is as follows:
#
# -----------------------------------------------------------------------------------------
# Tool used to load audit rules	| Rule already defined	|  Audit rules file to inspect	  |
# -----------------------------------------------------------------------------------------
#	auditctl		|     Doesn't matter	|  /etc/audit/audit.rules	  |
# -----------------------------------------------------------------------------------------
# 	augenrules		|          Yes		|  /etc/audit/rules.d/*.rules	  |
# 	augenrules		|          No		|  /etc/audit/rules.d/$key.rules  |
# -----------------------------------------------------------------------------------------
files_to_inspect=()


# If the audit tool is 'auditctl', then add '/etc/audit/audit.rules'
# into the list of files to be inspected
files_to_inspect+=('/etc/audit/audit.rules')

# Finally perform the inspection and possible subsequent audit rule
# correction for each of the files previously identified for inspection
for audit_rules_file in "${files_to_inspect[@]}"
do
    # Check if audit watch file system object rule for given path already present

    if grep -q -P -- "^[\s]*-w[\s]+/etc/shadow" "$audit_rules_file"

    then
        # Rule is found =&gt; verify yet if existing rule definition contains
        # all of the required access type bits

        # Define BRE whitespace class shortcut
        sp="[[:space:]]"
        # Extract current permission access types (e.g. -p [r|w|x|a] values) from audit rule

        current_access_bits=$(sed -ne "s#$sp*-w$sp\+/etc/shadow $sp\+-p$sp\+\([rxwa]\{1,4\}\).*#\1#p" "$audit_rules_file")

        # Split required access bits string into characters array
        # (to check bit's presence for one bit at a time)
        for access_bit in $(echo "wa" | grep -o .)
        do
            # For each from the required access bits (e.g. 'w', 'a') check
            # if they are already present in current access bits for rule.
            # If not, append that bit at the end
            if ! grep -q "$access_bit" &lt;&lt;&lt; "$current_access_bits"
            then
                # Concatenate the existing mask with the missing bit
                current_access_bits="$current_access_bits$access_bit"
            fi
        done
        # Propagate the updated rule's access bits (original + the required
        # ones) back into the /etc/audit/audit.rules file for that rule

        sed -i "s#\($sp*-w$sp\+/etc/shadow$sp\+-p$sp\+\)\([rxwa]\{1,4\}\)\(.*\)#\1$current_access_bits\3#" "$audit_rules_file"

    else
        # Rule isn't present yet. Append it at the end of $audit_rules_file file
        # with proper key


        echo "-w /etc/shadow -p wa -k audit_rules_usergroup_modification" &gt;&gt; "$audit_rules_file"

    fi
done
# Create a list of audit *.rules files that should be inspected for presence and correctness
# of a particular audit rule. The scheme is as follows:
#
# -----------------------------------------------------------------------------------------
# Tool used to load audit rules	| Rule already defined	|  Audit rules file to inspect	  |
# -----------------------------------------------------------------------------------------
#	auditctl		|     Doesn't matter	|  /etc/audit/audit.rules	  |
# -----------------------------------------------------------------------------------------
# 	augenrules		|          Yes		|  /etc/audit/rules.d/*.rules	  |
# 	augenrules		|          No		|  /etc/audit/rules.d/$key.rules  |
# -----------------------------------------------------------------------------------------
files_to_inspect=()

# If the audit is 'augenrules', then check if rule is already defined
# If rule is defined, add '/etc/audit/rules.d/*.rules' to list of files for inspection.
# If rule isn't defined, add '/etc/audit/rules.d/audit_rules_usergroup_modification.rules' to list of files for inspection.

readarray -t matches &lt; &lt;(grep -HP "[\s]*-w[\s]+/etc/shadow" /etc/audit/rules.d/*.rules)


# For each of the matched entries
for match in "${matches[@]}"
do
    # Extract filepath from the match
    rulesd_audit_file=$(echo $match | cut -f1 -d ':')
    # Append that path into list of files for inspection
    files_to_inspect+=("$rulesd_audit_file")
done
# Case when particular audit rule isn't defined yet
if [ "${#files_to_inspect[@]}" -eq "0" ]
then
    # Append '/etc/audit/rules.d/audit_rules_usergroup_modification.rules' into list of files for inspection
    key_rule_file="/etc/audit/rules.d/audit_rules_usergroup_modification.rules"
    # If the audit_rules_usergroup_modification.rules file doesn't exist yet, create it with correct permissions
    if [ ! -e "$key_rule_file" ]
    then
        touch "$key_rule_file"
        chmod 0600 "$key_rule_file"
    fi
    files_to_inspect+=("$key_rule_file")
fi

# Finally perform the inspection and possible subsequent audit rule
# correction for each of the files previously identified for inspection
for audit_rules_file in "${files_to_inspect[@]}"
do
    # Check if audit watch file system object rule for given path already present

    if grep -q -P -- "^[\s]*-w[\s]+/etc/shadow" "$audit_rules_file"

    then
        # Rule is found =&gt; verify yet if existing rule definition contains
        # all of the required access type bits

        # Define BRE whitespace class shortcut
        sp="[[:space:]]"
        # Extract current permission access types (e.g. -p [r|w|x|a] values) from audit rule

        current_access_bits=$(sed -ne "s#$sp*-w$sp\+/etc/shadow $sp\+-p$sp\+\([rxwa]\{1,4\}\).*#\1#p" "$audit_rules_file")

        # Split required access bits string into characters array
        # (to check bit's presence for one bit at a time)
        for access_bit in $(echo "wa" | grep -o .)
        do
            # For each from the required access bits (e.g. 'w', 'a') check
            # if they are already present in current access bits for rule.
            # If not, append that bit at the end
            if ! grep -q "$access_bit" &lt;&lt;&lt; "$current_access_bits"
            then
                # Concatenate the existing mask with the missing bit
                current_access_bits="$current_access_bits$access_bit"
            fi
        done
        # Propagate the updated rule's access bits (original + the required
        # ones) back into the /etc/audit/audit.rules file for that rule

        sed -i "s#\($sp*-w$sp\+/etc/shadow$sp\+-p$sp\+\)\([rxwa]\{1,4\}\)\(.*\)#\1$current_access_bits\3#" "$audit_rules_file"

    else
        # Rule isn't present yet. Append it at the end of $audit_rules_file file
        # with proper key


        echo "-w /etc/shadow -p wa -k audit_rules_usergroup_modification" &gt;&gt; "$audit_rules_file"

    fi
done
# Create a list of audit *.rules files that should be inspected for presence and correctness
# of a particular audit rule. The scheme is as follows:
#
# -----------------------------------------------------------------------------------------
# Tool used to load audit rules	| Rule already defined	|  Audit rules file to inspect	  |
# -----------------------------------------------------------------------------------------
#	auditctl		|     Doesn't matter	|  /etc/audit/audit.rules	  |
# -----------------------------------------------------------------------------------------
# 	augenrules		|          Yes		|  /etc/audit/rules.d/*.rules	  |
# 	augenrules		|          No		|  /etc/audit/rules.d/$key.rules  |
# -----------------------------------------------------------------------------------------
files_to_inspect=()


# If the audit tool is 'auditctl', then add '/etc/audit/audit.rules'
# into the list of files to be inspected
files_to_inspect+=('/etc/audit/audit.rules')

# Finally perform the inspection and possible subsequent audit rule
# correction for each of the files previously identified for inspection
for audit_rules_file in "${files_to_inspect[@]}"
do
    # Check if audit watch file system object rule for given path already present

    if grep -q -P -- "^[\s]*-w[\s]+/etc/security/opasswd" "$audit_rules_file"

    then
        # Rule is found =&gt; verify yet if existing rule definition contains
        # all of the required access type bits

        # Define BRE whitespace class shortcut
        sp="[[:space:]]"
        # Extract current permission access types (e.g. -p [r|w|x|a] values) from audit rule

        current_access_bits=$(sed -ne "s#$sp*-w$sp\+/etc/security/opasswd $sp\+-p$sp\+\([rxwa]\{1,4\}\).*#\1#p" "$audit_rules_file")

        # Split required access bits string into characters array
        # (to check bit's presence for one bit at a time)
        for access_bit in $(echo "wa" | grep -o .)
        do
            # For each from the required access bits (e.g. 'w', 'a') check
            # if they are already present in current access bits for rule.
            # If not, append that bit at the end
            if ! grep -q "$access_bit" &lt;&lt;&lt; "$current_access_bits"
            then
                # Concatenate the existing mask with the missing bit
                current_access_bits="$current_access_bits$access_bit"
            fi
        done
        # Propagate the updated rule's access bits (original + the required
        # ones) back into the /etc/audit/audit.rules file for that rule

        sed -i "s#\($sp*-w$sp\+/etc/security/opasswd$sp\+-p$sp\+\)\([rxwa]\{1,4\}\)\(.*\)#\1$current_access_bits\3#" "$audit_rules_file"

    else
        # Rule isn't present yet. Append it at the end of $audit_rules_file file
        # with proper key


        echo "-w /etc/security/opasswd -p wa -k audit_rules_usergroup_modification" &gt;&gt; "$audit_rules_file"

    fi
done
# Create a list of audit *.rules files that should be inspected for presence and correctness
# of a particular audit rule. The scheme is as follows:
#
# -----------------------------------------------------------------------------------------
# Tool used to load audit rules	| Rule already defined	|  Audit rules file to inspect	  |
# -----------------------------------------------------------------------------------------
#	auditctl		|     Doesn't matter	|  /etc/audit/audit.rules	  |
# -----------------------------------------------------------------------------------------
# 	augenrules		|          Yes		|  /etc/audit/rules.d/*.rules	  |
# 	augenrules		|          No		|  /etc/audit/rules.d/$key.rules  |
# -----------------------------------------------------------------------------------------
files_to_inspect=()

# If the audit is 'augenrules', then check if rule is already defined
# If rule is defined, add '/etc/audit/rules.d/*.rules' to list of files for inspection.
# If rule isn't defined, add '/etc/audit/rules.d/audit_rules_usergroup_modification.rules' to list of files for inspection.

readarray -t matches &lt; &lt;(grep -HP "[\s]*-w[\s]+/etc/security/opasswd" /etc/audit/rules.d/*.rules)


# For each of the matched entries
for match in "${matches[@]}"
do
    # Extract filepath from the match
    rulesd_audit_file=$(echo $match | cut -f1 -d ':')
    # Append that path into list of files for inspection
    files_to_inspect+=("$rulesd_audit_file")
done
# Case when particular audit rule isn't defined yet
if [ "${#files_to_inspect[@]}" -eq "0" ]
then
    # Append '/etc/audit/rules.d/audit_rules_usergroup_modification.rules' into list of files for inspection
    key_rule_file="/etc/audit/rules.d/audit_rules_usergroup_modification.rules"
    # If the audit_rules_usergroup_modification.rules file doesn't exist yet, create it with correct permissions
    if [ ! -e "$key_rule_file" ]
    then
        touch "$key_rule_file"
        chmod 0600 "$key_rule_file"
    fi
    files_to_inspect+=("$key_rule_file")
fi

# Finally perform the inspection and possible subsequent audit rule
# correction for each of the files previously identified for inspection
for audit_rules_file in "${files_to_inspect[@]}"
do
    # Check if audit watch file system object rule for given path already present

    if grep -q -P -- "^[\s]*-w[\s]+/etc/security/opasswd" "$audit_rules_file"

    then
        # Rule is found =&gt; verify yet if existing rule definition contains
        # all of the required access type bits

        # Define BRE whitespace class shortcut
        sp="[[:space:]]"
        # Extract current permission access types (e.g. -p [r|w|x|a] values) from audit rule

        current_access_bits=$(sed -ne "s#$sp*-w$sp\+/etc/security/opasswd $sp\+-p$sp\+\([rxwa]\{1,4\}\).*#\1#p" "$audit_rules_file")

        # Split required access bits string into characters array
        # (to check bit's presence for one bit at a time)
        for access_bit in $(echo "wa" | grep -o .)
        do
            # For each from the required access bits (e.g. 'w', 'a') check
            # if they are already present in current access bits for rule.
            # If not, append that bit at the end
            if ! grep -q "$access_bit" &lt;&lt;&lt; "$current_access_bits"
            then
                # Concatenate the existing mask with the missing bit
                current_access_bits="$current_access_bits$access_bit"
            fi
        done
        # Propagate the updated rule's access bits (original + the required
        # ones) back into the /etc/audit/audit.rules file for that rule

        sed -i "s#\($sp*-w$sp\+/etc/security/opasswd$sp\+-p$sp\+\)\([rxwa]\{1,4\}\)\(.*\)#\1$current_access_bits\3#" "$audit_rules_file"

    else
        # Rule isn't present yet. Append it at the end of $audit_rules_file file
        # with proper key


        echo "-w /etc/security/opasswd -p wa -k audit_rules_usergroup_modification" &gt;&gt; "$audit_rules_file"

    fi
done

else
    &gt;&amp;2 echo 'Remediation is not applicable, nothing was done'
fi
</fix>
        <check system="http://oval.mitre.org/XMLSchema/oval-definitions-5">
          <check-content-ref name="oval:ssg-audit_rules_usergroup_modification:def:1" href="ssg-sle15-oval.xml"/>
        </check>
        <check system="http://scap.nist.gov/schema/ocil/2">
          <check-content-ref name="ocil:ssg-audit_rules_usergroup_modification_ocil:questionnaire:1" href="ssg-sle15-ocil.xml"/>
        </check>
      </Rule>
      <Rule id="xccdf_org.ssgproject.content_rule_audit_rules_usergroup_modification_group" selected="false" role="full" severity="medium">
        <title xmlns:xhtml="http://www.w3.org/1999/xhtml" xml:lang="en-US">Record Events that Modify User/Group Information - /etc/group</title>
        <description xmlns:xhtml="http://www.w3.org/1999/xhtml" xml:lang="en-US">



If the <html:code xmlns:html="http://www.w3.org/1999/xhtml">auditd</html:code> daemon is configured to use the <html:code xmlns:html="http://www.w3.org/1999/xhtml">augenrules</html:code>
program to read audit rules during daemon startup (the default), add the
following lines to a file with suffix <html:code xmlns:html="http://www.w3.org/1999/xhtml">.rules</html:code> in the
directory <html:code xmlns:html="http://www.w3.org/1999/xhtml">/etc/audit/rules.d</html:code>:

<html:pre xmlns:html="http://www.w3.org/1999/xhtml">-w /etc/group -p wa -k audit_rules_usergroup_modification</html:pre>

If the <html:code xmlns:html="http://www.w3.org/1999/xhtml">auditd</html:code> daemon is configured to use the <html:code xmlns:html="http://www.w3.org/1999/xhtml">auditctl</html:code>
utility to read audit rules during daemon startup, add the following lines to
<html:code xmlns:html="http://www.w3.org/1999/xhtml">/etc/audit/audit.rules</html:code>:

<html:pre xmlns:html="http://www.w3.org/1999/xhtml">-w /etc/group -p wa -k audit_rules_usergroup_modification</html:pre>
      </description>
        <reference href="https://www.cisecurity.org/controls/">1</reference>
        <reference href="https://www.cisecurity.org/controls/">11</reference>
        <reference href="https://www.cisecurity.org/controls/">12</reference>
        <reference href="https://www.cisecurity.org/controls/">13</reference>
        <reference href="https://www.cisecurity.org/controls/">14</reference>
        <reference href="https://www.cisecurity.org/controls/">15</reference>
        <reference href="https://www.cisecurity.org/controls/">16</reference>
        <reference href="https://www.cisecurity.org/controls/">18</reference>
        <reference href="https://www.cisecurity.org/controls/">19</reference>
        <reference href="https://www.cisecurity.org/controls/">2</reference>
        <reference href="https://www.cisecurity.org/controls/">3</reference>
        <reference href="https://www.cisecurity.org/controls/">4</reference>
        <reference href="https://www.cisecurity.org/controls/">5</reference>
        <reference href="https://www.cisecurity.org/controls/">6</reference>
        <reference href="https://www.cisecurity.org/controls/">7</reference>
        <reference href="https://www.cisecurity.org/controls/">8</reference>
        <reference href="https://www.cisecurity.org/controls/">9</reference>
        <reference href="https://www.fbi.gov/file-repository/cjis-security-policy-v5_5_20160601-2-1.pdf">5.4.1.1</reference>
        <reference href="https://www.isaca.org/resources/cobit">APO10.01</reference>
        <reference href="https://www.isaca.org/resources/cobit">APO10.03</reference>
        <reference href="https://www.isaca.org/resources/cobit">APO10.04</reference>
        <reference href="https://www.isaca.org/resources/cobit">APO10.05</reference>
        <reference href="https://www.isaca.org/resources/cobit">APO11.04</reference>
        <reference href="https://www.isaca.org/resources/cobit">APO12.06</reference>
        <reference href="https://www.isaca.org/resources/cobit">APO13.01</reference>
        <reference href="https://www.isaca.org/resources/cobit">BAI03.05</reference>
        <reference href="https://www.isaca.org/resources/cobit">BAI08.02</reference>
        <reference href="https://www.isaca.org/resources/cobit">DSS01.03</reference>
        <reference href="https://www.isaca.org/resources/cobit">DSS01.04</reference>
        <reference href="https://www.isaca.org/resources/cobit">DSS02.02</reference>
        <reference href="https://www.isaca.org/resources/cobit">DSS02.04</reference>
        <reference href="https://www.isaca.org/resources/cobit">DSS02.07</reference>
        <reference href="https://www.isaca.org/resources/cobit">DSS03.01</reference>
        <reference href="https://www.isaca.org/resources/cobit">DSS03.05</reference>
        <reference href="https://www.isaca.org/resources/cobit">DSS05.02</reference>
        <reference href="https://www.isaca.org/resources/cobit">DSS05.03</reference>
        <reference href="https://www.isaca.org/resources/cobit">DSS05.04</reference>
        <reference href="https://www.isaca.org/resources/cobit">DSS05.05</reference>
        <reference href="https://www.isaca.org/resources/cobit">DSS05.07</reference>
        <reference href="https://www.isaca.org/resources/cobit">DSS06.03</reference>
        <reference href="https://www.isaca.org/resources/cobit">MEA01.01</reference>
        <reference href="https://www.isaca.org/resources/cobit">MEA01.02</reference>
        <reference href="https://www.isaca.org/resources/cobit">MEA01.03</reference>
        <reference href="https://www.isaca.org/resources/cobit">MEA01.04</reference>
        <reference href="https://www.isaca.org/resources/cobit">MEA01.05</reference>
        <reference href="https://www.isaca.org/resources/cobit">MEA02.01</reference>
        <reference href="http://nvlpubs.nist.gov/nistpubs/SpecialPublications/NIST.SP.800-171.pdf">3.1.7</reference>
        <reference href="https://www.gpo.gov/fdsys/pkg/CFR-2007-title45-vol1/pdf/CFR-2007-title45-vol1-chapA-subchapC.pdf">164.308(a)(1)(ii)(D)</reference>
        <reference href="https://www.gpo.gov/fdsys/pkg/CFR-2007-title45-vol1/pdf/CFR-2007-title45-vol1-chapA-subchapC.pdf">164.308(a)(3)(ii)(A)</reference>
        <reference href="https://www.gpo.gov/fdsys/pkg/CFR-2007-title45-vol1/pdf/CFR-2007-title45-vol1-chapA-subchapC.pdf">164.308(a)(5)(ii)(C)</reference>
        <reference href="https://www.gpo.gov/fdsys/pkg/CFR-2007-title45-vol1/pdf/CFR-2007-title45-vol1-chapA-subchapC.pdf">164.312(a)(2)(i)</reference>
        <reference href="https://www.gpo.gov/fdsys/pkg/CFR-2007-title45-vol1/pdf/CFR-2007-title45-vol1-chapA-subchapC.pdf">164.312(b)</reference>
        <reference href="https://www.gpo.gov/fdsys/pkg/CFR-2007-title45-vol1/pdf/CFR-2007-title45-vol1-chapA-subchapC.pdf">164.312(d)</reference>
        <reference href="https://www.gpo.gov/fdsys/pkg/CFR-2007-title45-vol1/pdf/CFR-2007-title45-vol1-chapA-subchapC.pdf">164.312(e)</reference>
        <reference href="https://www.isa.org/products/isa-62443-2-1-2009-security-for-industrial-automat">4.2.3.10</reference>
        <reference href="https://www.isa.org/products/isa-62443-2-1-2009-security-for-industrial-automat">4.3.2.6.7</reference>
        <reference href="https://www.isa.org/products/isa-62443-2-1-2009-security-for-industrial-automat">4.3.3.2.2</reference>
        <reference href="https://www.isa.org/products/isa-62443-2-1-2009-security-for-industrial-automat">4.3.3.3.9</reference>
        <reference href="https://www.isa.org/products/isa-62443-2-1-2009-security-for-industrial-automat">4.3.3.5.1</reference>
        <reference href="https://www.isa.org/products/isa-62443-2-1-2009-security-for-industrial-automat">4.3.3.5.2</reference>
        <reference href="https://www.isa.org/products/isa-62443-2-1-2009-security-for-industrial-automat">4.3.3.5.8</reference>
        <reference href="https://www.isa.org/products/isa-62443-2-1-2009-security-for-industrial-automat">4.3.3.6.6</reference>
        <reference href="https://www.isa.org/products/isa-62443-2-1-2009-security-for-industrial-automat">4.3.3.7.2</reference>
        <reference href="https://www.isa.org/products/isa-62443-2-1-2009-security-for-industrial-automat">4.3.3.7.3</reference>
        <reference href="https://www.isa.org/products/isa-62443-2-1-2009-security-for-industrial-automat">4.3.3.7.4</reference>
        <reference href="https://www.isa.org/products/isa-62443-2-1-2009-security-for-industrial-automat">4.3.4.4.7</reference>
        <reference href="https://www.isa.org/products/isa-62443-2-1-2009-security-for-industrial-automat">4.3.4.5.6</reference>
        <reference href="https://www.isa.org/products/isa-62443-2-1-2009-security-for-industrial-automat">4.3.4.5.7</reference>
        <reference href="https://www.isa.org/products/isa-62443-2-1-2009-security-for-industrial-automat">4.3.4.5.8</reference>
        <reference href="https://www.isa.org/products/isa-62443-2-1-2009-security-for-industrial-automat">4.4.2.1</reference>
        <reference href="https://www.isa.org/products/isa-62443-2-1-2009-security-for-industrial-automat">4.4.2.2</reference>
        <reference href="https://www.isa.org/products/isa-62443-2-1-2009-security-for-industrial-automat">4.4.2.4</reference>
        <reference href="https://www.isa.org/products/ansi-isa-62443-3-3-99-03-03-2013-security-for-indu">SR 1.1</reference>
        <reference href="https://www.isa.org/products/ansi-isa-62443-3-3-99-03-03-2013-security-for-indu">SR 1.13</reference>
        <reference href="https://www.isa.org/products/ansi-isa-62443-3-3-99-03-03-2013-security-for-indu">SR 1.2</reference>
        <reference href="https://www.isa.org/products/ansi-isa-62443-3-3-99-03-03-2013-security-for-indu">SR 1.3</reference>
        <reference href="https://www.isa.org/products/ansi-isa-62443-3-3-99-03-03-2013-security-for-indu">SR 1.4</reference>
        <reference href="https://www.isa.org/products/ansi-isa-62443-3-3-99-03-03-2013-security-for-indu">SR 1.5</reference>
        <reference href="https://www.isa.org/products/ansi-isa-62443-3-3-99-03-03-2013-security-for-indu">SR 1.7</reference>
        <reference href="https://www.isa.org/products/ansi-isa-62443-3-3-99-03-03-2013-security-for-indu">SR 1.8</reference>
        <reference href="https://www.isa.org/products/ansi-isa-62443-3-3-99-03-03-2013-security-for-indu">SR 1.9</reference>
        <reference href="https://www.isa.org/products/ansi-isa-62443-3-3-99-03-03-2013-security-for-indu">SR 2.1</reference>
        <reference href="https://www.isa.org/products/ansi-isa-62443-3-3-99-03-03-2013-security-for-indu">SR 2.10</reference>
        <reference href="https://www.isa.org/products/ansi-isa-62443-3-3-99-03-03-2013-security-for-indu">SR 2.11</reference>
        <reference href="https://www.isa.org/products/ansi-isa-62443-3-3-99-03-03-2013-security-for-indu">SR 2.12</reference>
        <reference href="https://www.isa.org/products/ansi-isa-62443-3-3-99-03-03-2013-security-for-indu">SR 2.6</reference>
        <reference href="https://www.isa.org/products/ansi-isa-62443-3-3-99-03-03-2013-security-for-indu">SR 2.8</reference>
        <reference href="https://www.isa.org/products/ansi-isa-62443-3-3-99-03-03-2013-security-for-indu">SR 2.9</reference>
        <reference href="https://www.isa.org/products/ansi-isa-62443-3-3-99-03-03-2013-security-for-indu">SR 3.1</reference>
        <reference href="https://www.isa.org/products/ansi-isa-62443-3-3-99-03-03-2013-security-for-indu">SR 3.5</reference>
        <reference href="https://www.isa.org/products/ansi-isa-62443-3-3-99-03-03-2013-security-for-indu">SR 3.8</reference>
        <reference href="https://www.isa.org/products/ansi-isa-62443-3-3-99-03-03-2013-security-for-indu">SR 4.1</reference>
        <reference href="https://www.isa.org/products/ansi-isa-62443-3-3-99-03-03-2013-security-for-indu">SR 4.3</reference>
        <reference href="https://www.isa.org/products/ansi-isa-62443-3-3-99-03-03-2013-security-for-indu">SR 5.1</reference>
        <reference href="https://www.isa.org/products/ansi-isa-62443-3-3-99-03-03-2013-security-for-indu">SR 5.2</reference>
        <reference href="https://www.isa.org/products/ansi-isa-62443-3-3-99-03-03-2013-security-for-indu">SR 5.3</reference>
        <reference href="https://www.isa.org/products/ansi-isa-62443-3-3-99-03-03-2013-security-for-indu">SR 6.1</reference>
        <reference href="https://www.isa.org/products/ansi-isa-62443-3-3-99-03-03-2013-security-for-indu">SR 6.2</reference>
        <reference href="https://www.isa.org/products/ansi-isa-62443-3-3-99-03-03-2013-security-for-indu">SR 7.1</reference>
        <reference href="https://www.isa.org/products/ansi-isa-62443-3-3-99-03-03-2013-security-for-indu">SR 7.6</reference>
        <reference href="https://www.iso.org/contents/data/standard/05/45/54534.html">A.11.2.6</reference>
        <reference href="https://www.iso.org/contents/data/standard/05/45/54534.html">A.12.4.1</reference>
        <reference href="https://www.iso.org/contents/data/standard/05/45/54534.html">A.12.4.2</reference>
        <reference href="https://www.iso.org/contents/data/standard/05/45/54534.html">A.12.4.3</reference>
        <reference href="https://www.iso.org/contents/data/standard/05/45/54534.html">A.12.4.4</reference>
        <reference href="https://www.iso.org/contents/data/standard/05/45/54534.html">A.12.7.1</reference>
        <reference href="https://www.iso.org/contents/data/standard/05/45/54534.html">A.13.1.1</reference>
        <reference href="https://www.iso.org/contents/data/standard/05/45/54534.html">A.13.2.1</reference>
        <reference href="https://www.iso.org/contents/data/standard/05/45/54534.html">A.14.1.3</reference>
        <reference href="https://www.iso.org/contents/data/standard/05/45/54534.html">A.14.2.7</reference>
        <reference href="https://www.iso.org/contents/data/standard/05/45/54534.html">A.15.2.1</reference>
        <reference href="https://www.iso.org/contents/data/standard/05/45/54534.html">A.15.2.2</reference>
        <reference href="https://www.iso.org/contents/data/standard/05/45/54534.html">A.16.1.4</reference>
        <reference href="https://www.iso.org/contents/data/standard/05/45/54534.html">A.16.1.5</reference>
        <reference href="https://www.iso.org/contents/data/standard/05/45/54534.html">A.16.1.7</reference>
        <reference href="https://www.iso.org/contents/data/standard/05/45/54534.html">A.6.1.2</reference>
        <reference href="https://www.iso.org/contents/data/standard/05/45/54534.html">A.6.2.1</reference>
        <reference href="https://www.iso.org/contents/data/standard/05/45/54534.html">A.6.2.2</reference>
        <reference href="https://www.iso.org/contents/data/standard/05/45/54534.html">A.7.1.1</reference>
        <reference href="https://www.iso.org/contents/data/standard/05/45/54534.html">A.9.1.2</reference>
        <reference href="https://www.iso.org/contents/data/standard/05/45/54534.html">A.9.2.1</reference>
        <reference href="https://www.iso.org/contents/data/standard/05/45/54534.html">A.9.2.2</reference>
        <reference href="https://www.iso.org/contents/data/standard/05/45/54534.html">A.9.2.3</reference>
        <reference href="https://www.iso.org/contents/data/standard/05/45/54534.html">A.9.2.4</reference>
        <reference href="https://www.iso.org/contents/data/standard/05/45/54534.html">A.9.2.6</reference>
        <reference href="https://www.iso.org/contents/data/standard/05/45/54534.html">A.9.3.1</reference>
        <reference href="https://www.iso.org/contents/data/standard/05/45/54534.html">A.9.4.1</reference>
        <reference href="https://www.iso.org/contents/data/standard/05/45/54534.html">A.9.4.2</reference>
        <reference href="https://www.iso.org/contents/data/standard/05/45/54534.html">A.9.4.3</reference>
        <reference href="https://www.iso.org/contents/data/standard/05/45/54534.html">A.9.4.4</reference>
        <reference href="https://www.iso.org/contents/data/standard/05/45/54534.html">A.9.4.5</reference>
        <reference href="https://www.nerc.com/standards/reliability-standards/cip">CIP-004-6 R2.2.2</reference>
        <reference href="https://www.nerc.com/standards/reliability-standards/cip">CIP-004-6 R2.2.3</reference>
        <reference href="https://www.nerc.com/standards/reliability-standards/cip">CIP-007-3 R.1.3</reference>
        <reference href="https://www.nerc.com/standards/reliability-standards/cip">CIP-007-3 R5</reference>
        <reference href="https://www.nerc.com/standards/reliability-standards/cip">CIP-007-3 R5.1.1</reference>
        <reference href="https://www.nerc.com/standards/reliability-standards/cip">CIP-007-3 R5.1.3</reference>
        <reference href="https://www.nerc.com/standards/reliability-standards/cip">CIP-007-3 R5.2.1</reference>
        <reference href="https://www.nerc.com/standards/reliability-standards/cip">CIP-007-3 R5.2.3</reference>
        <reference href="http://nvlpubs.nist.gov/nistpubs/SpecialPublications/NIST.SP.800-53r4.pdf">AC-2(4)</reference>
        <reference href="http://nvlpubs.nist.gov/nistpubs/SpecialPublications/NIST.SP.800-53r4.pdf">AU-2(d)</reference>
        <reference href="http://nvlpubs.nist.gov/nistpubs/SpecialPublications/NIST.SP.800-53r4.pdf">AU-12(c)</reference>
        <reference href="http://nvlpubs.nist.gov/nistpubs/SpecialPublications/NIST.SP.800-53r4.pdf">AC-6(9)</reference>
        <reference href="http://nvlpubs.nist.gov/nistpubs/SpecialPublications/NIST.SP.800-53r4.pdf">CM-6(a)</reference>
        <reference href="https://nvlpubs.nist.gov/nistpubs/CSWP/NIST.CSWP.04162018.pdf">DE.AE-3</reference>
        <reference href="https://nvlpubs.nist.gov/nistpubs/CSWP/NIST.CSWP.04162018.pdf">DE.AE-5</reference>
        <reference href="https://nvlpubs.nist.gov/nistpubs/CSWP/NIST.CSWP.04162018.pdf">DE.CM-1</reference>
        <reference href="https://nvlpubs.nist.gov/nistpubs/CSWP/NIST.CSWP.04162018.pdf">DE.CM-3</reference>
        <reference href="https://nvlpubs.nist.gov/nistpubs/CSWP/NIST.CSWP.04162018.pdf">DE.CM-7</reference>
        <reference href="https://nvlpubs.nist.gov/nistpubs/CSWP/NIST.CSWP.04162018.pdf">ID.SC-4</reference>
        <reference href="https://nvlpubs.nist.gov/nistpubs/CSWP/NIST.CSWP.04162018.pdf">PR.AC-1</reference>
        <reference href="https://nvlpubs.nist.gov/nistpubs/CSWP/NIST.CSWP.04162018.pdf">PR.AC-3</reference>
        <reference href="https://nvlpubs.nist.gov/nistpubs/CSWP/NIST.CSWP.04162018.pdf">PR.AC-4</reference>
        <reference href="https://nvlpubs.nist.gov/nistpubs/CSWP/NIST.CSWP.04162018.pdf">PR.AC-6</reference>
        <reference href="https://nvlpubs.nist.gov/nistpubs/CSWP/NIST.CSWP.04162018.pdf">PR.PT-1</reference>
        <reference href="https://nvlpubs.nist.gov/nistpubs/CSWP/NIST.CSWP.04162018.pdf">PR.PT-4</reference>
        <reference href="https://nvlpubs.nist.gov/nistpubs/CSWP/NIST.CSWP.04162018.pdf">RS.AN-1</reference>
        <reference href="https://nvlpubs.nist.gov/nistpubs/CSWP/NIST.CSWP.04162018.pdf">RS.AN-4</reference>
        <reference href="https://www.pcisecuritystandards.org/documents/PCI_DSS_v3-2-1.pdf">Req-10.2.5</reference>
        <reference href="https://www.cyber.mil/stigs/downloads/?_dl_facet_stigs=operating-systems%2Cgeneral-purpose-os">SRG-OS-000004-GPOS-00004</reference>
        <reference href="https://www.cyber.mil/stigs/downloads/?_dl_facet_stigs=operating-systems%2Cgeneral-purpose-os">SRG-OS-000037-GPOS-00015</reference>
        <reference href="https://www.cyber.mil/stigs/downloads/?_dl_facet_stigs=operating-systems%2Cgeneral-purpose-os">SRG-OS-000042-GPOS-00020</reference>
        <reference href="https://www.cyber.mil/stigs/downloads/?_dl_facet_stigs=operating-systems%2Cgeneral-purpose-os">SRG-OS-000062-GPOS-00031</reference>
        <reference href="https://www.cyber.mil/stigs/downloads/?_dl_facet_stigs=operating-systems%2Cgeneral-purpose-os">SRG-OS-000304-GPOS-00121</reference>
        <reference href="https://www.cyber.mil/stigs/downloads/?_dl_facet_stigs=operating-systems%2Cgeneral-purpose-os">SRG-OS-000392-GPOS-00172</reference>
        <reference href="https://www.cyber.mil/stigs/downloads/?_dl_facet_stigs=operating-systems%2Cgeneral-purpose-os">SRG-OS-000462-GPOS-00206</reference>
        <reference href="https://www.cyber.mil/stigs/downloads/?_dl_facet_stigs=operating-systems%2Cgeneral-purpose-os">SRG-OS-000470-GPOS-00214</reference>
        <reference href="https://www.cyber.mil/stigs/downloads/?_dl_facet_stigs=operating-systems%2Cgeneral-purpose-os">SRG-OS-000471-GPOS-00215</reference>
        <reference href="https://www.cyber.mil/stigs/downloads/?_dl_facet_stigs=operating-systems%2Cgeneral-purpose-os">SRG-OS-000239-GPOS-00089</reference>
        <reference href="https://www.cyber.mil/stigs/downloads/?_dl_facet_stigs=operating-systems%2Cgeneral-purpose-os">SRG-OS-000240-GPOS-00090</reference>
        <reference href="https://www.cyber.mil/stigs/downloads/?_dl_facet_stigs=operating-systems%2Cgeneral-purpose-os">SRG-OS-000241-GPOS-00091</reference>
        <reference href="https://www.cyber.mil/stigs/downloads/?_dl_facet_stigs=operating-systems%2Cgeneral-purpose-os">SRG-OS-000303-GPOS-00120</reference>
        <reference href="https://www.cyber.mil/stigs/downloads/?_dl_facet_stigs=operating-systems%2Cgeneral-purpose-os">SRG-OS-000466-GPOS-00210</reference>
        <reference href="https://www.cyber.mil/stigs/downloads/?_dl_facet_stigs=operating-systems%2Cgeneral-purpose-os">SRG-OS-000476-GPOS-00221</reference>
        <reference href="https://www.cyber.mil/stigs/downloads/?_dl_facet_stigs=app-security">SRG-APP-000495-CTR-001235</reference>
        <reference href="https://www.cyber.mil/stigs/downloads/?_dl_facet_stigs=app-security">SRG-APP-000499-CTR-001255</reference>
        <reference href="https://www.cyber.mil/stigs/downloads/?_dl_facet_stigs=app-security">SRG-APP-000503-CTR-001275</reference>
        <reference href="https://www.cyber.mil/stigs/downloads/?_dl_facet_stigs=operating-systems%2Cunix-linux">SLES-15-030010</reference>
        <reference href="https://www.cisecurity.org/benchmark/suse_linux/">4.1.4</reference>
        <reference href="https://cyber.gouv.fr/sites/default/files/document/linux_configuration-en-v2.pdf">R73</reference>
        <reference href="not_publicly_available">SLES-15-750450240</reference>
        <reference href="https://www.cyber.gov.au/acsc/view-all-content/ism">0582</reference>
        <reference href="https://docs-prv.pcisecuritystandards.org/PCI%20DSS/Standard/PCI-DSS-v4_0.pdf">10.2.1.5</reference>
        <reference href="https://docs-prv.pcisecuritystandards.org/PCI%20DSS/Standard/PCI-DSS-v4_0.pdf">10.2.1</reference>
        <reference href="https://docs-prv.pcisecuritystandards.org/PCI%20DSS/Standard/PCI-DSS-v4_0.pdf">10.2</reference>
        <reference href="https://www.cyber.mil/stigs/srg-stig-tools/">SV-234900r1009635_rule</reference>
        <rationale xmlns:xhtml="http://www.w3.org/1999/xhtml" xml:lang="en-US">In addition to auditing new user and group accounts, these watches
will alert the system administrator(s) to any modifications. Any unexpected
users, groups, or modifications should be investigated for legitimacy.</rationale>
        <ident system="https://ncp.nist.gov/cce">CCE-85578-3</ident>
        <fix xmlns:xhtml="http://www.w3.org/1999/xhtml" id="audit_rules_usergroup_modification_group" system="urn:xccdf:fix:script:sh"># Remediation is applicable only in certain platforms
if rpm --quiet -q audit &amp;&amp; rpm --quiet -q kernel-default || rpm --quiet -q kernel-default-base; then

# Perform the remediation for both possible tools: 'auditctl' and 'augenrules'






# Create a list of audit *.rules files that should be inspected for presence and correctness
# of a particular audit rule. The scheme is as follows:
#
# -----------------------------------------------------------------------------------------
# Tool used to load audit rules	| Rule already defined	|  Audit rules file to inspect	  |
# -----------------------------------------------------------------------------------------
#	auditctl		|     Doesn't matter	|  /etc/audit/audit.rules	  |
# -----------------------------------------------------------------------------------------
# 	augenrules		|          Yes		|  /etc/audit/rules.d/*.rules	  |
# 	augenrules		|          No		|  /etc/audit/rules.d/$key.rules  |
# -----------------------------------------------------------------------------------------
files_to_inspect=()


# If the audit tool is 'auditctl', then add '/etc/audit/audit.rules'
# into the list of files to be inspected
files_to_inspect+=('/etc/audit/audit.rules')

# Finally perform the inspection and possible subsequent audit rule
# correction for each of the files previously identified for inspection
for audit_rules_file in "${files_to_inspect[@]}"
do
    # Check if audit watch file system object rule for given path already present

    if grep -q -P -- "^[\s]*-w[\s]+/etc/group" "$audit_rules_file"

    then
        # Rule is found =&gt; verify yet if existing rule definition contains
        # all of the required access type bits

        # Define BRE whitespace class shortcut
        sp="[[:space:]]"
        # Extract current permission access types (e.g. -p [r|w|x|a] values) from audit rule

        current_access_bits=$(sed -ne "s#$sp*-w$sp\+/etc/group $sp\+-p$sp\+\([rxwa]\{1,4\}\).*#\1#p" "$audit_rules_file")

        # Split required access bits string into characters array
        # (to check bit's presence for one bit at a time)
        for access_bit in $(echo "wa" | grep -o .)
        do
            # For each from the required access bits (e.g. 'w', 'a') check
            # if they are already present in current access bits for rule.
            # If not, append that bit at the end
            if ! grep -q "$access_bit" &lt;&lt;&lt; "$current_access_bits"
            then
                # Concatenate the existing mask with the missing bit
                current_access_bits="$current_access_bits$access_bit"
            fi
        done
        # Propagate the updated rule's access bits (original + the required
        # ones) back into the /etc/audit/audit.rules file for that rule

        sed -i "s#\($sp*-w$sp\+/etc/group$sp\+-p$sp\+\)\([rxwa]\{1,4\}\)\(.*\)#\1$current_access_bits\3#" "$audit_rules_file"

    else
        # Rule isn't present yet. Append it at the end of $audit_rules_file file
        # with proper key


        echo "-w /etc/group -p wa -k audit_rules_usergroup_modification" &gt;&gt; "$audit_rules_file"

    fi
done
# Create a list of audit *.rules files that should be inspected for presence and correctness
# of a particular audit rule. The scheme is as follows:
#
# -----------------------------------------------------------------------------------------
# Tool used to load audit rules	| Rule already defined	|  Audit rules file to inspect	  |
# -----------------------------------------------------------------------------------------
#	auditctl		|     Doesn't matter	|  /etc/audit/audit.rules	  |
# -----------------------------------------------------------------------------------------
# 	augenrules		|          Yes		|  /etc/audit/rules.d/*.rules	  |
# 	augenrules		|          No		|  /etc/audit/rules.d/$key.rules  |
# -----------------------------------------------------------------------------------------
files_to_inspect=()

# If the audit is 'augenrules', then check if rule is already defined
# If rule is defined, add '/etc/audit/rules.d/*.rules' to list of files for inspection.
# If rule isn't defined, add '/etc/audit/rules.d/audit_rules_usergroup_modification.rules' to list of files for inspection.

readarray -t matches &lt; &lt;(grep -HP "[\s]*-w[\s]+/etc/group" /etc/audit/rules.d/*.rules)


# For each of the matched entries
for match in "${matches[@]}"
do
    # Extract filepath from the match
    rulesd_audit_file=$(echo $match | cut -f1 -d ':')
    # Append that path into list of files for inspection
    files_to_inspect+=("$rulesd_audit_file")
done
# Case when particular audit rule isn't defined yet
if [ "${#files_to_inspect[@]}" -eq "0" ]
then
    # Append '/etc/audit/rules.d/audit_rules_usergroup_modification.rules' into list of files for inspection
    key_rule_file="/etc/audit/rules.d/audit_rules_usergroup_modification.rules"
    # If the audit_rules_usergroup_modification.rules file doesn't exist yet, create it with correct permissions
    if [ ! -e "$key_rule_file" ]
    then
        touch "$key_rule_file"
        chmod 0600 "$key_rule_file"
    fi
    files_to_inspect+=("$key_rule_file")
fi

# Finally perform the inspection and possible subsequent audit rule
# correction for each of the files previously identified for inspection
for audit_rules_file in "${files_to_inspect[@]}"
do
    # Check if audit watch file system object rule for given path already present

    if grep -q -P -- "^[\s]*-w[\s]+/etc/group" "$audit_rules_file"

    then
        # Rule is found =&gt; verify yet if existing rule definition contains
        # all of the required access type bits

        # Define BRE whitespace class shortcut
        sp="[[:space:]]"
        # Extract current permission access types (e.g. -p [r|w|x|a] values) from audit rule

        current_access_bits=$(sed -ne "s#$sp*-w$sp\+/etc/group $sp\+-p$sp\+\([rxwa]\{1,4\}\).*#\1#p" "$audit_rules_file")

        # Split required access bits string into characters array
        # (to check bit's presence for one bit at a time)
        for access_bit in $(echo "wa" | grep -o .)
        do
            # For each from the required access bits (e.g. 'w', 'a') check
            # if they are already present in current access bits for rule.
            # If not, append that bit at the end
            if ! grep -q "$access_bit" &lt;&lt;&lt; "$current_access_bits"
            then
                # Concatenate the existing mask with the missing bit
                current_access_bits="$current_access_bits$access_bit"
            fi
        done
        # Propagate the updated rule's access bits (original + the required
        # ones) back into the /etc/audit/audit.rules file for that rule

        sed -i "s#\($sp*-w$sp\+/etc/group$sp\+-p$sp\+\)\([rxwa]\{1,4\}\)\(.*\)#\1$current_access_bits\3#" "$audit_rules_file"

    else
        # Rule isn't present yet. Append it at the end of $audit_rules_file file
        # with proper key


        echo "-w /etc/group -p wa -k audit_rules_usergroup_modification" &gt;&gt; "$audit_rules_file"

    fi
done

else
    &gt;&amp;2 echo 'Remediation is not applicable, nothing was done'
fi
</fix>
        <fix xmlns:xhtml="http://www.w3.org/1999/xhtml" id="audit_rules_usergroup_modification_group" system="urn:xccdf:fix:script:ansible" complexity="low" disruption="low" strategy="restrict">- name: Gather the package facts
  package_facts:
    manager: auto
  tags:
  - CCE-85578-3
  - CJIS-5.4.1.1
  - DISA-STIG-SLES-15-030010
  - NIST-800-171-3.1.7
  - NIST-800-53-AC-2(4)
  - NIST-800-53-AC-6(9)
  - NIST-800-53-AU-12(c)
  - NIST-800-53-AU-2(d)
  - NIST-800-53-CM-6(a)
  - PCI-DSS-Req-10.2.5
  - PCI-DSSv4-10.2
  - PCI-DSSv4-10.2.1
  - PCI-DSSv4-10.2.1.5
  - audit_rules_usergroup_modification_group
  - low_complexity
  - low_disruption
  - medium_severity
  - no_reboot_needed
  - restrict_strategy

- name: Record Events that Modify User/Group Information - /etc/group - Check if watch
    rule for /etc/group already exists in /etc/audit/rules.d/
  ansible.builtin.find:
    paths: /etc/audit/rules.d
    contains: ^\s*-w\s+/etc/group\s+-p\s+wa(\s|$)+
    patterns: '*.rules'
  register: find_existing_watch_rules_d
  when:
  - '"audit" in ansible_facts.packages'
  - ("kernel-default" in ansible_facts.packages or "kernel-default-base" in ansible_facts.packages)
  tags:
  - CCE-85578-3
  - CJIS-5.4.1.1
  - DISA-STIG-SLES-15-030010
  - NIST-800-171-3.1.7
  - NIST-800-53-AC-2(4)
  - NIST-800-53-AC-6(9)
  - NIST-800-53-AU-12(c)
  - NIST-800-53-AU-2(d)
  - NIST-800-53-CM-6(a)
  - PCI-DSS-Req-10.2.5
  - PCI-DSSv4-10.2
  - PCI-DSSv4-10.2.1
  - PCI-DSSv4-10.2.1.5
  - audit_rules_usergroup_modification_group
  - low_complexity
  - low_disruption
  - medium_severity
  - no_reboot_needed
  - restrict_strategy

- name: Record Events that Modify User/Group Information - /etc/group - Search /etc/audit/rules.d
    for other rules with specified key audit_rules_usergroup_modification
  ansible.builtin.find:
    paths: /etc/audit/rules.d
    contains: ^.*(?:-F key=|-k\s+)audit_rules_usergroup_modification$
    patterns: '*.rules'
  register: find_watch_key
  when:
  - '"audit" in ansible_facts.packages'
  - ("kernel-default" in ansible_facts.packages or "kernel-default-base" in ansible_facts.packages)
  - find_existing_watch_rules_d.matched is defined and find_existing_watch_rules_d.matched
    == 0
  tags:
  - CCE-85578-3
  - CJIS-5.4.1.1
  - DISA-STIG-SLES-15-030010
  - NIST-800-171-3.1.7
  - NIST-800-53-AC-2(4)
  - NIST-800-53-AC-6(9)
  - NIST-800-53-AU-12(c)
  - NIST-800-53-AU-2(d)
  - NIST-800-53-CM-6(a)
  - PCI-DSS-Req-10.2.5
  - PCI-DSSv4-10.2
  - PCI-DSSv4-10.2.1
  - PCI-DSSv4-10.2.1.5
  - audit_rules_usergroup_modification_group
  - low_complexity
  - low_disruption
  - medium_severity
  - no_reboot_needed
  - restrict_strategy

- name: Record Events that Modify User/Group Information - /etc/group - Use /etc/audit/rules.d/audit_rules_usergroup_modification.rules
    as the recipient for the rule
  ansible.builtin.set_fact:
    all_files:
    - /etc/audit/rules.d/audit_rules_usergroup_modification.rules
  when:
  - '"audit" in ansible_facts.packages'
  - ("kernel-default" in ansible_facts.packages or "kernel-default-base" in ansible_facts.packages)
  - find_watch_key.matched is defined and find_watch_key.matched == 0 and find_existing_watch_rules_d.matched
    is defined and find_existing_watch_rules_d.matched == 0
  tags:
  - CCE-85578-3
  - CJIS-5.4.1.1
  - DISA-STIG-SLES-15-030010
  - NIST-800-171-3.1.7
  - NIST-800-53-AC-2(4)
  - NIST-800-53-AC-6(9)
  - NIST-800-53-AU-12(c)
  - NIST-800-53-AU-2(d)
  - NIST-800-53-CM-6(a)
  - PCI-DSS-Req-10.2.5
  - PCI-DSSv4-10.2
  - PCI-DSSv4-10.2.1
  - PCI-DSSv4-10.2.1.5
  - audit_rules_usergroup_modification_group
  - low_complexity
  - low_disruption
  - medium_severity
  - no_reboot_needed
  - restrict_strategy

- name: Record Events that Modify User/Group Information - /etc/group - Use matched
    file as the recipient for the rule
  ansible.builtin.set_fact:
    all_files:
    - '{{ find_watch_key.files | map(attribute=''path'') | list | first }}'
  when:
  - '"audit" in ansible_facts.packages'
  - ("kernel-default" in ansible_facts.packages or "kernel-default-base" in ansible_facts.packages)
  - find_watch_key.matched is defined and find_watch_key.matched &gt; 0 and find_existing_watch_rules_d.matched
    is defined and find_existing_watch_rules_d.matched == 0
  tags:
  - CCE-85578-3
  - CJIS-5.4.1.1
  - DISA-STIG-SLES-15-030010
  - NIST-800-171-3.1.7
  - NIST-800-53-AC-2(4)
  - NIST-800-53-AC-6(9)
  - NIST-800-53-AU-12(c)
  - NIST-800-53-AU-2(d)
  - NIST-800-53-CM-6(a)
  - PCI-DSS-Req-10.2.5
  - PCI-DSSv4-10.2
  - PCI-DSSv4-10.2.1
  - PCI-DSSv4-10.2.1.5
  - audit_rules_usergroup_modification_group
  - low_complexity
  - low_disruption
  - medium_severity
  - no_reboot_needed
  - restrict_strategy

- name: Record Events that Modify User/Group Information - /etc/group - Add watch
    rule for /etc/group in /etc/audit/rules.d/
  ansible.builtin.lineinfile:
    path: '{{ all_files[0] }}'
    line: -w /etc/group -p wa -k audit_rules_usergroup_modification
    create: true
    mode: '0600'
  when:
  - '"audit" in ansible_facts.packages'
  - ("kernel-default" in ansible_facts.packages or "kernel-default-base" in ansible_facts.packages)
  - find_existing_watch_rules_d.matched is defined and find_existing_watch_rules_d.matched
    == 0
  tags:
  - CCE-85578-3
  - CJIS-5.4.1.1
  - DISA-STIG-SLES-15-030010
  - NIST-800-171-3.1.7
  - NIST-800-53-AC-2(4)
  - NIST-800-53-AC-6(9)
  - NIST-800-53-AU-12(c)
  - NIST-800-53-AU-2(d)
  - NIST-800-53-CM-6(a)
  - PCI-DSS-Req-10.2.5
  - PCI-DSSv4-10.2
  - PCI-DSSv4-10.2.1
  - PCI-DSSv4-10.2.1.5
  - audit_rules_usergroup_modification_group
  - low_complexity
  - low_disruption
  - medium_severity
  - no_reboot_needed
  - restrict_strategy

- name: Record Events that Modify User/Group Information - /etc/group - Check if watch
    rule for /etc/group already exists in /etc/audit/audit.rules
  ansible.builtin.find:
    paths: /etc/audit/
    contains: ^\s*-w\s+/etc/group\s+-p\s+wa(\s|$)+
    patterns: audit.rules
  register: find_existing_watch_audit_rules
  when:
  - '"audit" in ansible_facts.packages'
  - ("kernel-default" in ansible_facts.packages or "kernel-default-base" in ansible_facts.packages)
  tags:
  - CCE-85578-3
  - CJIS-5.4.1.1
  - DISA-STIG-SLES-15-030010
  - NIST-800-171-3.1.7
  - NIST-800-53-AC-2(4)
  - NIST-800-53-AC-6(9)
  - NIST-800-53-AU-12(c)
  - NIST-800-53-AU-2(d)
  - NIST-800-53-CM-6(a)
  - PCI-DSS-Req-10.2.5
  - PCI-DSSv4-10.2
  - PCI-DSSv4-10.2.1
  - PCI-DSSv4-10.2.1.5
  - audit_rules_usergroup_modification_group
  - low_complexity
  - low_disruption
  - medium_severity
  - no_reboot_needed
  - restrict_strategy

- name: Record Events that Modify User/Group Information - /etc/group - Add watch
    rule for /etc/group in /etc/audit/audit.rules
  ansible.builtin.lineinfile:
    line: -w /etc/group -p wa -k audit_rules_usergroup_modification
    state: present
    dest: /etc/audit/audit.rules
    create: true
    mode: '0600'
  when:
  - '"audit" in ansible_facts.packages'
  - ("kernel-default" in ansible_facts.packages or "kernel-default-base" in ansible_facts.packages)
  - find_existing_watch_audit_rules.matched is defined and find_existing_watch_audit_rules.matched
    == 0
  tags:
  - CCE-85578-3
  - CJIS-5.4.1.1
  - DISA-STIG-SLES-15-030010
  - NIST-800-171-3.1.7
  - NIST-800-53-AC-2(4)
  - NIST-800-53-AC-6(9)
  - NIST-800-53-AU-12(c)
  - NIST-800-53-AU-2(d)
  - NIST-800-53-CM-6(a)
  - PCI-DSS-Req-10.2.5
  - PCI-DSSv4-10.2
  - PCI-DSSv4-10.2.1
  - PCI-DSSv4-10.2.1.5
  - audit_rules_usergroup_modification_group
  - low_complexity
  - low_disruption
  - medium_severity
  - no_reboot_needed
  - restrict_strategy
</fix>
        <check system="http://oval.mitre.org/XMLSchema/oval-definitions-5">
          <check-content-ref name="oval:ssg-audit_rules_usergroup_modification_group:def:1" href="ssg-sle15-oval.xml"/>
        </check>
        <check system="http://scap.nist.gov/schema/ocil/2">
          <check-content-ref name="ocil:ssg-audit_rules_usergroup_modification_group_ocil:questionnaire:1" href="ssg-sle15-ocil.xml"/>
        </check>
      </Rule>
      <Rule id="xccdf_org.ssgproject.content_rule_audit_rules_usergroup_modification_gshadow" selected="false" role="full" severity="medium">
        <title xmlns:xhtml="http://www.w3.org/1999/xhtml" xml:lang="en-US">Record Events that Modify User/Group Information - /etc/gshadow</title>
        <description xmlns:xhtml="http://www.w3.org/1999/xhtml" xml:lang="en-US">



If the <html:code xmlns:html="http://www.w3.org/1999/xhtml">auditd</html:code> daemon is configured to use the <html:code xmlns:html="http://www.w3.org/1999/xhtml">augenrules</html:code>
program to read audit rules during daemon startup (the default), add the
following lines to a file with suffix <html:code xmlns:html="http://www.w3.org/1999/xhtml">.rules</html:code> in the
directory <html:code xmlns:html="http://www.w3.org/1999/xhtml">/etc/audit/rules.d</html:code>:

<html:pre xmlns:html="http://www.w3.org/1999/xhtml">-w /etc/gshadow -p wa -k audit_rules_usergroup_modification</html:pre>

If the <html:code xmlns:html="http://www.w3.org/1999/xhtml">auditd</html:code> daemon is configured to use the <html:code xmlns:html="http://www.w3.org/1999/xhtml">auditctl</html:code>
utility to read audit rules during daemon startup, add the following lines to
<html:code xmlns:html="http://www.w3.org/1999/xhtml">/etc/audit/audit.rules</html:code>:

<html:pre xmlns:html="http://www.w3.org/1999/xhtml">-w /etc/gshadow -p wa -k audit_rules_usergroup_modification</html:pre>
      </description>
        <reference href="https://www.cisecurity.org/controls/">1</reference>
        <reference href="https://www.cisecurity.org/controls/">11</reference>
        <reference href="https://www.cisecurity.org/controls/">12</reference>
        <reference href="https://www.cisecurity.org/controls/">13</reference>
        <reference href="https://www.cisecurity.org/controls/">14</reference>
        <reference href="https://www.cisecurity.org/controls/">15</reference>
        <reference href="https://www.cisecurity.org/controls/">16</reference>
        <reference href="https://www.cisecurity.org/controls/">18</reference>
        <reference href="https://www.cisecurity.org/controls/">19</reference>
        <reference href="https://www.cisecurity.org/controls/">2</reference>
        <reference href="https://www.cisecurity.org/controls/">3</reference>
        <reference href="https://www.cisecurity.org/controls/">4</reference>
        <reference href="https://www.cisecurity.org/controls/">5</reference>
        <reference href="https://www.cisecurity.org/controls/">6</reference>
        <reference href="https://www.cisecurity.org/controls/">7</reference>
        <reference href="https://www.cisecurity.org/controls/">8</reference>
        <reference href="https://www.cisecurity.org/controls/">9</reference>
        <reference href="https://www.fbi.gov/file-repository/cjis-security-policy-v5_5_20160601-2-1.pdf">5.4.1.1</reference>
        <reference href="https://www.isaca.org/resources/cobit">APO10.01</reference>
        <reference href="https://www.isaca.org/resources/cobit">APO10.03</reference>
        <reference href="https://www.isaca.org/resources/cobit">APO10.04</reference>
        <reference href="https://www.isaca.org/resources/cobit">APO10.05</reference>
        <reference href="https://www.isaca.org/resources/cobit">APO11.04</reference>
        <reference href="https://www.isaca.org/resources/cobit">APO12.06</reference>
        <reference href="https://www.isaca.org/resources/cobit">APO13.01</reference>
        <reference href="https://www.isaca.org/resources/cobit">BAI03.05</reference>
        <reference href="https://www.isaca.org/resources/cobit">BAI08.02</reference>
        <reference href="https://www.isaca.org/resources/cobit">DSS01.03</reference>
        <reference href="https://www.isaca.org/resources/cobit">DSS01.04</reference>
        <reference href="https://www.isaca.org/resources/cobit">DSS02.02</reference>
        <reference href="https://www.isaca.org/resources/cobit">DSS02.04</reference>
        <reference href="https://www.isaca.org/resources/cobit">DSS02.07</reference>
        <reference href="https://www.isaca.org/resources/cobit">DSS03.01</reference>
        <reference href="https://www.isaca.org/resources/cobit">DSS03.05</reference>
        <reference href="https://www.isaca.org/resources/cobit">DSS05.02</reference>
        <reference href="https://www.isaca.org/resources/cobit">DSS05.03</reference>
        <reference href="https://www.isaca.org/resources/cobit">DSS05.04</reference>
        <reference href="https://www.isaca.org/resources/cobit">DSS05.05</reference>
        <reference href="https://www.isaca.org/resources/cobit">DSS05.07</reference>
        <reference href="https://www.isaca.org/resources/cobit">DSS06.03</reference>
        <reference href="https://www.isaca.org/resources/cobit">MEA01.01</reference>
        <reference href="https://www.isaca.org/resources/cobit">MEA01.02</reference>
        <reference href="https://www.isaca.org/resources/cobit">MEA01.03</reference>
        <reference href="https://www.isaca.org/resources/cobit">MEA01.04</reference>
        <reference href="https://www.isaca.org/resources/cobit">MEA01.05</reference>
        <reference href="https://www.isaca.org/resources/cobit">MEA02.01</reference>
        <reference href="http://nvlpubs.nist.gov/nistpubs/SpecialPublications/NIST.SP.800-171.pdf">3.1.7</reference>
        <reference href="https://www.gpo.gov/fdsys/pkg/CFR-2007-title45-vol1/pdf/CFR-2007-title45-vol1-chapA-subchapC.pdf">164.308(a)(1)(ii)(D)</reference>
        <reference href="https://www.gpo.gov/fdsys/pkg/CFR-2007-title45-vol1/pdf/CFR-2007-title45-vol1-chapA-subchapC.pdf">164.308(a)(3)(ii)(A)</reference>
        <reference href="https://www.gpo.gov/fdsys/pkg/CFR-2007-title45-vol1/pdf/CFR-2007-title45-vol1-chapA-subchapC.pdf">164.308(a)(5)(ii)(C)</reference>
        <reference href="https://www.gpo.gov/fdsys/pkg/CFR-2007-title45-vol1/pdf/CFR-2007-title45-vol1-chapA-subchapC.pdf">164.312(a)(2)(i)</reference>
        <reference href="https://www.gpo.gov/fdsys/pkg/CFR-2007-title45-vol1/pdf/CFR-2007-title45-vol1-chapA-subchapC.pdf">164.312(b)</reference>
        <reference href="https://www.gpo.gov/fdsys/pkg/CFR-2007-title45-vol1/pdf/CFR-2007-title45-vol1-chapA-subchapC.pdf">164.312(d)</reference>
        <reference href="https://www.gpo.gov/fdsys/pkg/CFR-2007-title45-vol1/pdf/CFR-2007-title45-vol1-chapA-subchapC.pdf">164.312(e)</reference>
        <reference href="https://www.isa.org/products/isa-62443-2-1-2009-security-for-industrial-automat">4.2.3.10</reference>
        <reference href="https://www.isa.org/products/isa-62443-2-1-2009-security-for-industrial-automat">4.3.2.6.7</reference>
        <reference href="https://www.isa.org/products/isa-62443-2-1-2009-security-for-industrial-automat">4.3.3.2.2</reference>
        <reference href="https://www.isa.org/products/isa-62443-2-1-2009-security-for-industrial-automat">4.3.3.3.9</reference>
        <reference href="https://www.isa.org/products/isa-62443-2-1-2009-security-for-industrial-automat">4.3.3.5.1</reference>
        <reference href="https://www.isa.org/products/isa-62443-2-1-2009-security-for-industrial-automat">4.3.3.5.2</reference>
        <reference href="https://www.isa.org/products/isa-62443-2-1-2009-security-for-industrial-automat">4.3.3.5.8</reference>
        <reference href="https://www.isa.org/products/isa-62443-2-1-2009-security-for-industrial-automat">4.3.3.6.6</reference>
        <reference href="https://www.isa.org/products/isa-62443-2-1-2009-security-for-industrial-automat">4.3.3.7.2</reference>
        <reference href="https://www.isa.org/products/isa-62443-2-1-2009-security-for-industrial-automat">4.3.3.7.3</reference>
        <reference href="https://www.isa.org/products/isa-62443-2-1-2009-security-for-industrial-automat">4.3.3.7.4</reference>
        <reference href="https://www.isa.org/products/isa-62443-2-1-2009-security-for-industrial-automat">4.3.4.4.7</reference>
        <reference href="https://www.isa.org/products/isa-62443-2-1-2009-security-for-industrial-automat">4.3.4.5.6</reference>
        <reference href="https://www.isa.org/products/isa-62443-2-1-2009-security-for-industrial-automat">4.3.4.5.7</reference>
        <reference href="https://www.isa.org/products/isa-62443-2-1-2009-security-for-industrial-automat">4.3.4.5.8</reference>
        <reference href="https://www.isa.org/products/isa-62443-2-1-2009-security-for-industrial-automat">4.4.2.1</reference>
        <reference href="https://www.isa.org/products/isa-62443-2-1-2009-security-for-industrial-automat">4.4.2.2</reference>
        <reference href="https://www.isa.org/products/isa-62443-2-1-2009-security-for-industrial-automat">4.4.2.4</reference>
        <reference href="https://www.isa.org/products/ansi-isa-62443-3-3-99-03-03-2013-security-for-indu">SR 1.1</reference>
        <reference href="https://www.isa.org/products/ansi-isa-62443-3-3-99-03-03-2013-security-for-indu">SR 1.13</reference>
        <reference href="https://www.isa.org/products/ansi-isa-62443-3-3-99-03-03-2013-security-for-indu">SR 1.2</reference>
        <reference href="https://www.isa.org/products/ansi-isa-62443-3-3-99-03-03-2013-security-for-indu">SR 1.3</reference>
        <reference href="https://www.isa.org/products/ansi-isa-62443-3-3-99-03-03-2013-security-for-indu">SR 1.4</reference>
        <reference href="https://www.isa.org/products/ansi-isa-62443-3-3-99-03-03-2013-security-for-indu">SR 1.5</reference>
        <reference href="https://www.isa.org/products/ansi-isa-62443-3-3-99-03-03-2013-security-for-indu">SR 1.7</reference>
        <reference href="https://www.isa.org/products/ansi-isa-62443-3-3-99-03-03-2013-security-for-indu">SR 1.8</reference>
        <reference href="https://www.isa.org/products/ansi-isa-62443-3-3-99-03-03-2013-security-for-indu">SR 1.9</reference>
        <reference href="https://www.isa.org/products/ansi-isa-62443-3-3-99-03-03-2013-security-for-indu">SR 2.1</reference>
        <reference href="https://www.isa.org/products/ansi-isa-62443-3-3-99-03-03-2013-security-for-indu">SR 2.10</reference>
        <reference href="https://www.isa.org/products/ansi-isa-62443-3-3-99-03-03-2013-security-for-indu">SR 2.11</reference>
        <reference href="https://www.isa.org/products/ansi-isa-62443-3-3-99-03-03-2013-security-for-indu">SR 2.12</reference>
        <reference href="https://www.isa.org/products/ansi-isa-62443-3-3-99-03-03-2013-security-for-indu">SR 2.6</reference>
        <reference href="https://www.isa.org/products/ansi-isa-62443-3-3-99-03-03-2013-security-for-indu">SR 2.8</reference>
        <reference href="https://www.isa.org/products/ansi-isa-62443-3-3-99-03-03-2013-security-for-indu">SR 2.9</reference>
        <reference href="https://www.isa.org/products/ansi-isa-62443-3-3-99-03-03-2013-security-for-indu">SR 3.1</reference>
        <reference href="https://www.isa.org/products/ansi-isa-62443-3-3-99-03-03-2013-security-for-indu">SR 3.5</reference>
        <reference href="https://www.isa.org/products/ansi-isa-62443-3-3-99-03-03-2013-security-for-indu">SR 3.8</reference>
        <reference href="https://www.isa.org/products/ansi-isa-62443-3-3-99-03-03-2013-security-for-indu">SR 4.1</reference>
        <reference href="https://www.isa.org/products/ansi-isa-62443-3-3-99-03-03-2013-security-for-indu">SR 4.3</reference>
        <reference href="https://www.isa.org/products/ansi-isa-62443-3-3-99-03-03-2013-security-for-indu">SR 5.1</reference>
        <reference href="https://www.isa.org/products/ansi-isa-62443-3-3-99-03-03-2013-security-for-indu">SR 5.2</reference>
        <reference href="https://www.isa.org/products/ansi-isa-62443-3-3-99-03-03-2013-security-for-indu">SR 5.3</reference>
        <reference href="https://www.isa.org/products/ansi-isa-62443-3-3-99-03-03-2013-security-for-indu">SR 6.1</reference>
        <reference href="https://www.isa.org/products/ansi-isa-62443-3-3-99-03-03-2013-security-for-indu">SR 6.2</reference>
        <reference href="https://www.isa.org/products/ansi-isa-62443-3-3-99-03-03-2013-security-for-indu">SR 7.1</reference>
        <reference href="https://www.isa.org/products/ansi-isa-62443-3-3-99-03-03-2013-security-for-indu">SR 7.6</reference>
        <reference href="https://www.iso.org/contents/data/standard/05/45/54534.html">A.11.2.6</reference>
        <reference href="https://www.iso.org/contents/data/standard/05/45/54534.html">A.12.4.1</reference>
        <reference href="https://www.iso.org/contents/data/standard/05/45/54534.html">A.12.4.2</reference>
        <reference href="https://www.iso.org/contents/data/standard/05/45/54534.html">A.12.4.3</reference>
        <reference href="https://www.iso.org/contents/data/standard/05/45/54534.html">A.12.4.4</reference>
        <reference href="https://www.iso.org/contents/data/standard/05/45/54534.html">A.12.7.1</reference>
        <reference href="https://www.iso.org/contents/data/standard/05/45/54534.html">A.13.1.1</reference>
        <reference href="https://www.iso.org/contents/data/standard/05/45/54534.html">A.13.2.1</reference>
        <reference href="https://www.iso.org/contents/data/standard/05/45/54534.html">A.14.1.3</reference>
        <reference href="https://www.iso.org/contents/data/standard/05/45/54534.html">A.14.2.7</reference>
        <reference href="https://www.iso.org/contents/data/standard/05/45/54534.html">A.15.2.1</reference>
        <reference href="https://www.iso.org/contents/data/standard/05/45/54534.html">A.15.2.2</reference>
        <reference href="https://www.iso.org/contents/data/standard/05/45/54534.html">A.16.1.4</reference>
        <reference href="https://www.iso.org/contents/data/standard/05/45/54534.html">A.16.1.5</reference>
        <reference href="https://www.iso.org/contents/data/standard/05/45/54534.html">A.16.1.7</reference>
        <reference href="https://www.iso.org/contents/data/standard/05/45/54534.html">A.6.1.2</reference>
        <reference href="https://www.iso.org/contents/data/standard/05/45/54534.html">A.6.2.1</reference>
        <reference href="https://www.iso.org/contents/data/standard/05/45/54534.html">A.6.2.2</reference>
        <reference href="https://www.iso.org/contents/data/standard/05/45/54534.html">A.7.1.1</reference>
        <reference href="https://www.iso.org/contents/data/standard/05/45/54534.html">A.9.1.2</reference>
        <reference href="https://www.iso.org/contents/data/standard/05/45/54534.html">A.9.2.1</reference>
        <reference href="https://www.iso.org/contents/data/standard/05/45/54534.html">A.9.2.2</reference>
        <reference href="https://www.iso.org/contents/data/standard/05/45/54534.html">A.9.2.3</reference>
        <reference href="https://www.iso.org/contents/data/standard/05/45/54534.html">A.9.2.4</reference>
        <reference href="https://www.iso.org/contents/data/standard/05/45/54534.html">A.9.2.6</reference>
        <reference href="https://www.iso.org/contents/data/standard/05/45/54534.html">A.9.3.1</reference>
        <reference href="https://www.iso.org/contents/data/standard/05/45/54534.html">A.9.4.1</reference>
        <reference href="https://www.iso.org/contents/data/standard/05/45/54534.html">A.9.4.2</reference>
        <reference href="https://www.iso.org/contents/data/standard/05/45/54534.html">A.9.4.3</reference>
        <reference href="https://www.iso.org/contents/data/standard/05/45/54534.html">A.9.4.4</reference>
        <reference href="https://www.iso.org/contents/data/standard/05/45/54534.html">A.9.4.5</reference>
        <reference href="https://www.nerc.com/standards/reliability-standards/cip">CIP-004-6 R2.2.2</reference>
        <reference href="https://www.nerc.com/standards/reliability-standards/cip">CIP-004-6 R2.2.3</reference>
        <reference href="https://www.nerc.com/standards/reliability-standards/cip">CIP-007-3 R.1.3</reference>
        <reference href="https://www.nerc.com/standards/reliability-standards/cip">CIP-007-3 R5</reference>
        <reference href="https://www.nerc.com/standards/reliability-standards/cip">CIP-007-3 R5.1.1</reference>
        <reference href="https://www.nerc.com/standards/reliability-standards/cip">CIP-007-3 R5.1.3</reference>
        <reference href="https://www.nerc.com/standards/reliability-standards/cip">CIP-007-3 R5.2.1</reference>
        <reference href="https://www.nerc.com/standards/reliability-standards/cip">CIP-007-3 R5.2.3</reference>
        <reference href="http://nvlpubs.nist.gov/nistpubs/SpecialPublications/NIST.SP.800-53r4.pdf">AC-2(4)</reference>
        <reference href="http://nvlpubs.nist.gov/nistpubs/SpecialPublications/NIST.SP.800-53r4.pdf">AU-2(d)</reference>
        <reference href="http://nvlpubs.nist.gov/nistpubs/SpecialPublications/NIST.SP.800-53r4.pdf">AU-12(c)</reference>
        <reference href="http://nvlpubs.nist.gov/nistpubs/SpecialPublications/NIST.SP.800-53r4.pdf">AC-6(9)</reference>
        <reference href="http://nvlpubs.nist.gov/nistpubs/SpecialPublications/NIST.SP.800-53r4.pdf">CM-6(a)</reference>
        <reference href="https://nvlpubs.nist.gov/nistpubs/CSWP/NIST.CSWP.04162018.pdf">DE.AE-3</reference>
        <reference href="https://nvlpubs.nist.gov/nistpubs/CSWP/NIST.CSWP.04162018.pdf">DE.AE-5</reference>
        <reference href="https://nvlpubs.nist.gov/nistpubs/CSWP/NIST.CSWP.04162018.pdf">DE.CM-1</reference>
        <reference href="https://nvlpubs.nist.gov/nistpubs/CSWP/NIST.CSWP.04162018.pdf">DE.CM-3</reference>
        <reference href="https://nvlpubs.nist.gov/nistpubs/CSWP/NIST.CSWP.04162018.pdf">DE.CM-7</reference>
        <reference href="https://nvlpubs.nist.gov/nistpubs/CSWP/NIST.CSWP.04162018.pdf">ID.SC-4</reference>
        <reference href="https://nvlpubs.nist.gov/nistpubs/CSWP/NIST.CSWP.04162018.pdf">PR.AC-1</reference>
        <reference href="https://nvlpubs.nist.gov/nistpubs/CSWP/NIST.CSWP.04162018.pdf">PR.AC-3</reference>
        <reference href="https://nvlpubs.nist.gov/nistpubs/CSWP/NIST.CSWP.04162018.pdf">PR.AC-4</reference>
        <reference href="https://nvlpubs.nist.gov/nistpubs/CSWP/NIST.CSWP.04162018.pdf">PR.AC-6</reference>
        <reference href="https://nvlpubs.nist.gov/nistpubs/CSWP/NIST.CSWP.04162018.pdf">PR.PT-1</reference>
        <reference href="https://nvlpubs.nist.gov/nistpubs/CSWP/NIST.CSWP.04162018.pdf">PR.PT-4</reference>
        <reference href="https://nvlpubs.nist.gov/nistpubs/CSWP/NIST.CSWP.04162018.pdf">RS.AN-1</reference>
        <reference href="https://nvlpubs.nist.gov/nistpubs/CSWP/NIST.CSWP.04162018.pdf">RS.AN-4</reference>
        <reference href="https://www.pcisecuritystandards.org/documents/PCI_DSS_v3-2-1.pdf">Req-10.2.5</reference>
        <reference href="https://www.cyber.mil/stigs/downloads/?_dl_facet_stigs=operating-systems%2Cgeneral-purpose-os">SRG-OS-000004-GPOS-00004</reference>
        <reference href="https://www.cyber.mil/stigs/downloads/?_dl_facet_stigs=operating-systems%2Cgeneral-purpose-os">SRG-OS-000037-GPOS-00015</reference>
        <reference href="https://www.cyber.mil/stigs/downloads/?_dl_facet_stigs=operating-systems%2Cgeneral-purpose-os">SRG-OS-000042-GPOS-00020</reference>
        <reference href="https://www.cyber.mil/stigs/downloads/?_dl_facet_stigs=operating-systems%2Cgeneral-purpose-os">SRG-OS-000062-GPOS-00031</reference>
        <reference href="https://www.cyber.mil/stigs/downloads/?_dl_facet_stigs=operating-systems%2Cgeneral-purpose-os">SRG-OS-000304-GPOS-00121</reference>
        <reference href="https://www.cyber.mil/stigs/downloads/?_dl_facet_stigs=operating-systems%2Cgeneral-purpose-os">SRG-OS-000392-GPOS-00172</reference>
        <reference href="https://www.cyber.mil/stigs/downloads/?_dl_facet_stigs=operating-systems%2Cgeneral-purpose-os">SRG-OS-000462-GPOS-00206</reference>
        <reference href="https://www.cyber.mil/stigs/downloads/?_dl_facet_stigs=operating-systems%2Cgeneral-purpose-os">SRG-OS-000470-GPOS-00214</reference>
        <reference href="https://www.cyber.mil/stigs/downloads/?_dl_facet_stigs=operating-systems%2Cgeneral-purpose-os">SRG-OS-000471-GPOS-00215</reference>
        <reference href="https://www.cyber.mil/stigs/downloads/?_dl_facet_stigs=operating-systems%2Cgeneral-purpose-os">SRG-OS-000239-GPOS-00089</reference>
        <reference href="https://www.cyber.mil/stigs/downloads/?_dl_facet_stigs=operating-systems%2Cgeneral-purpose-os">SRG-OS-000240-GPOS-00090</reference>
        <reference href="https://www.cyber.mil/stigs/downloads/?_dl_facet_stigs=operating-systems%2Cgeneral-purpose-os">SRG-OS-000241-GPOS-00091</reference>
        <reference href="https://www.cyber.mil/stigs/downloads/?_dl_facet_stigs=operating-systems%2Cgeneral-purpose-os">SRG-OS-000303-GPOS-00120</reference>
        <reference href="https://www.cyber.mil/stigs/downloads/?_dl_facet_stigs=operating-systems%2Cgeneral-purpose-os">SRG-OS-000466-GPOS-00210</reference>
        <reference href="https://www.cyber.mil/stigs/downloads/?_dl_facet_stigs=operating-systems%2Cgeneral-purpose-os">SRG-OS-000476-GPOS-00221</reference>
        <reference href="https://www.cyber.mil/stigs/downloads/?_dl_facet_stigs=app-security">SRG-APP-000495-CTR-001235</reference>
        <reference href="https://www.cyber.mil/stigs/downloads/?_dl_facet_stigs=app-security">SRG-APP-000499-CTR-001255</reference>
        <reference href="https://www.cyber.mil/stigs/downloads/?_dl_facet_stigs=app-security">SRG-APP-000503-CTR-001275</reference>
        <reference href="https://www.cyber.mil/stigs/downloads/?_dl_facet_stigs=operating-systems%2Cunix-linux">SLES-15-030040</reference>
        <reference href="https://www.cisecurity.org/benchmark/suse_linux/">4.1.4</reference>
        <reference href="https://cyber.gouv.fr/sites/default/files/document/linux_configuration-en-v2.pdf">R73</reference>
        <reference href="not_publicly_available">SLES-15-750450240</reference>
        <reference href="https://www.cyber.gov.au/acsc/view-all-content/ism">0582</reference>
        <reference href="https://docs-prv.pcisecuritystandards.org/PCI%20DSS/Standard/PCI-DSS-v4_0.pdf">10.2.1.5</reference>
        <reference href="https://docs-prv.pcisecuritystandards.org/PCI%20DSS/Standard/PCI-DSS-v4_0.pdf">10.2.1</reference>
        <reference href="https://docs-prv.pcisecuritystandards.org/PCI%20DSS/Standard/PCI-DSS-v4_0.pdf">10.2</reference>
        <reference href="https://www.cyber.mil/stigs/srg-stig-tools/">SV-234903r958368_rule</reference>
        <rationale xmlns:xhtml="http://www.w3.org/1999/xhtml" xml:lang="en-US">In addition to auditing new user and group accounts, these watches
will alert the system administrator(s) to any modifications. Any unexpected
users, groups, or modifications should be investigated for legitimacy.</rationale>
        <ident system="https://ncp.nist.gov/cce">CCE-85580-9</ident>
        <fix xmlns:xhtml="http://www.w3.org/1999/xhtml" id="audit_rules_usergroup_modification_gshadow" system="urn:xccdf:fix:script:sh"># Remediation is applicable only in certain platforms
if rpm --quiet -q audit &amp;&amp; rpm --quiet -q kernel-default || rpm --quiet -q kernel-default-base; then

# Perform the remediation for both possible tools: 'auditctl' and 'augenrules'






# Create a list of audit *.rules files that should be inspected for presence and correctness
# of a particular audit rule. The scheme is as follows:
#
# -----------------------------------------------------------------------------------------
# Tool used to load audit rules	| Rule already defined	|  Audit rules file to inspect	  |
# -----------------------------------------------------------------------------------------
#	auditctl		|     Doesn't matter	|  /etc/audit/audit.rules	  |
# -----------------------------------------------------------------------------------------
# 	augenrules		|          Yes		|  /etc/audit/rules.d/*.rules	  |
# 	augenrules		|          No		|  /etc/audit/rules.d/$key.rules  |
# -----------------------------------------------------------------------------------------
files_to_inspect=()


# If the audit tool is 'auditctl', then add '/etc/audit/audit.rules'
# into the list of files to be inspected
files_to_inspect+=('/etc/audit/audit.rules')

# Finally perform the inspection and possible subsequent audit rule
# correction for each of the files previously identified for inspection
for audit_rules_file in "${files_to_inspect[@]}"
do
    # Check if audit watch file system object rule for given path already present

    if grep -q -P -- "^[\s]*-w[\s]+/etc/gshadow" "$audit_rules_file"

    then
        # Rule is found =&gt; verify yet if existing rule definition contains
        # all of the required access type bits

        # Define BRE whitespace class shortcut
        sp="[[:space:]]"
        # Extract current permission access types (e.g. -p [r|w|x|a] values) from audit rule

        current_access_bits=$(sed -ne "s#$sp*-w$sp\+/etc/gshadow $sp\+-p$sp\+\([rxwa]\{1,4\}\).*#\1#p" "$audit_rules_file")

        # Split required access bits string into characters array
        # (to check bit's presence for one bit at a time)
        for access_bit in $(echo "wa" | grep -o .)
        do
            # For each from the required access bits (e.g. 'w', 'a') check
            # if they are already present in current access bits for rule.
            # If not, append that bit at the end
            if ! grep -q "$access_bit" &lt;&lt;&lt; "$current_access_bits"
            then
                # Concatenate the existing mask with the missing bit
                current_access_bits="$current_access_bits$access_bit"
            fi
        done
        # Propagate the updated rule's access bits (original + the required
        # ones) back into the /etc/audit/audit.rules file for that rule

        sed -i "s#\($sp*-w$sp\+/etc/gshadow$sp\+-p$sp\+\)\([rxwa]\{1,4\}\)\(.*\)#\1$current_access_bits\3#" "$audit_rules_file"

    else
        # Rule isn't present yet. Append it at the end of $audit_rules_file file
        # with proper key


        echo "-w /etc/gshadow -p wa -k audit_rules_usergroup_modification" &gt;&gt; "$audit_rules_file"

    fi
done
# Create a list of audit *.rules files that should be inspected for presence and correctness
# of a particular audit rule. The scheme is as follows:
#
# -----------------------------------------------------------------------------------------
# Tool used to load audit rules	| Rule already defined	|  Audit rules file to inspect	  |
# -----------------------------------------------------------------------------------------
#	auditctl		|     Doesn't matter	|  /etc/audit/audit.rules	  |
# -----------------------------------------------------------------------------------------
# 	augenrules		|          Yes		|  /etc/audit/rules.d/*.rules	  |
# 	augenrules		|          No		|  /etc/audit/rules.d/$key.rules  |
# -----------------------------------------------------------------------------------------
files_to_inspect=()

# If the audit is 'augenrules', then check if rule is already defined
# If rule is defined, add '/etc/audit/rules.d/*.rules' to list of files for inspection.
# If rule isn't defined, add '/etc/audit/rules.d/audit_rules_usergroup_modification.rules' to list of files for inspection.

readarray -t matches &lt; &lt;(grep -HP "[\s]*-w[\s]+/etc/gshadow" /etc/audit/rules.d/*.rules)


# For each of the matched entries
for match in "${matches[@]}"
do
    # Extract filepath from the match
    rulesd_audit_file=$(echo $match | cut -f1 -d ':')
    # Append that path into list of files for inspection
    files_to_inspect+=("$rulesd_audit_file")
done
# Case when particular audit rule isn't defined yet
if [ "${#files_to_inspect[@]}" -eq "0" ]
then
    # Append '/etc/audit/rules.d/audit_rules_usergroup_modification.rules' into list of files for inspection
    key_rule_file="/etc/audit/rules.d/audit_rules_usergroup_modification.rules"
    # If the audit_rules_usergroup_modification.rules file doesn't exist yet, create it with correct permissions
    if [ ! -e "$key_rule_file" ]
    then
        touch "$key_rule_file"
        chmod 0600 "$key_rule_file"
    fi
    files_to_inspect+=("$key_rule_file")
fi

# Finally perform the inspection and possible subsequent audit rule
# correction for each of the files previously identified for inspection
for audit_rules_file in "${files_to_inspect[@]}"
do
    # Check if audit watch file system object rule for given path already present

    if grep -q -P -- "^[\s]*-w[\s]+/etc/gshadow" "$audit_rules_file"

    then
        # Rule is found =&gt; verify yet if existing rule definition contains
        # all of the required access type bits

        # Define BRE whitespace class shortcut
        sp="[[:space:]]"
        # Extract current permission access types (e.g. -p [r|w|x|a] values) from audit rule

        current_access_bits=$(sed -ne "s#$sp*-w$sp\+/etc/gshadow $sp\+-p$sp\+\([rxwa]\{1,4\}\).*#\1#p" "$audit_rules_file")

        # Split required access bits string into characters array
        # (to check bit's presence for one bit at a time)
        for access_bit in $(echo "wa" | grep -o .)
        do
            # For each from the required access bits (e.g. 'w', 'a') check
            # if they are already present in current access bits for rule.
            # If not, append that bit at the end
            if ! grep -q "$access_bit" &lt;&lt;&lt; "$current_access_bits"
            then
                # Concatenate the existing mask with the missing bit
                current_access_bits="$current_access_bits$access_bit"
            fi
        done
        # Propagate the updated rule's access bits (original + the required
        # ones) back into the /etc/audit/audit.rules file for that rule

        sed -i "s#\($sp*-w$sp\+/etc/gshadow$sp\+-p$sp\+\)\([rxwa]\{1,4\}\)\(.*\)#\1$current_access_bits\3#" "$audit_rules_file"

    else
        # Rule isn't present yet. Append it at the end of $audit_rules_file file
        # with proper key


        echo "-w /etc/gshadow -p wa -k audit_rules_usergroup_modification" &gt;&gt; "$audit_rules_file"

    fi
done

else
    &gt;&amp;2 echo 'Remediation is not applicable, nothing was done'
fi
</fix>
        <fix xmlns:xhtml="http://www.w3.org/1999/xhtml" id="audit_rules_usergroup_modification_gshadow" system="urn:xccdf:fix:script:ansible" complexity="low" disruption="low" strategy="restrict">- name: Gather the package facts
  package_facts:
    manager: auto
  tags:
  - CCE-85580-9
  - CJIS-5.4.1.1
  - DISA-STIG-SLES-15-030040
  - NIST-800-171-3.1.7
  - NIST-800-53-AC-2(4)
  - NIST-800-53-AC-6(9)
  - NIST-800-53-AU-12(c)
  - NIST-800-53-AU-2(d)
  - NIST-800-53-CM-6(a)
  - PCI-DSS-Req-10.2.5
  - PCI-DSSv4-10.2
  - PCI-DSSv4-10.2.1
  - PCI-DSSv4-10.2.1.5
  - audit_rules_usergroup_modification_gshadow
  - low_complexity
  - low_disruption
  - medium_severity
  - no_reboot_needed
  - restrict_strategy

- name: Record Events that Modify User/Group Information - /etc/gshadow - Check if
    watch rule for /etc/gshadow already exists in /etc/audit/rules.d/
  ansible.builtin.find:
    paths: /etc/audit/rules.d
    contains: ^\s*-w\s+/etc/gshadow\s+-p\s+wa(\s|$)+
    patterns: '*.rules'
  register: find_existing_watch_rules_d
  when:
  - '"audit" in ansible_facts.packages'
  - ("kernel-default" in ansible_facts.packages or "kernel-default-base" in ansible_facts.packages)
  tags:
  - CCE-85580-9
  - CJIS-5.4.1.1
  - DISA-STIG-SLES-15-030040
  - NIST-800-171-3.1.7
  - NIST-800-53-AC-2(4)
  - NIST-800-53-AC-6(9)
  - NIST-800-53-AU-12(c)
  - NIST-800-53-AU-2(d)
  - NIST-800-53-CM-6(a)
  - PCI-DSS-Req-10.2.5
  - PCI-DSSv4-10.2
  - PCI-DSSv4-10.2.1
  - PCI-DSSv4-10.2.1.5
  - audit_rules_usergroup_modification_gshadow
  - low_complexity
  - low_disruption
  - medium_severity
  - no_reboot_needed
  - restrict_strategy

- name: Record Events that Modify User/Group Information - /etc/gshadow - Search /etc/audit/rules.d
    for other rules with specified key audit_rules_usergroup_modification
  ansible.builtin.find:
    paths: /etc/audit/rules.d
    contains: ^.*(?:-F key=|-k\s+)audit_rules_usergroup_modification$
    patterns: '*.rules'
  register: find_watch_key
  when:
  - '"audit" in ansible_facts.packages'
  - ("kernel-default" in ansible_facts.packages or "kernel-default-base" in ansible_facts.packages)
  - find_existing_watch_rules_d.matched is defined and find_existing_watch_rules_d.matched
    == 0
  tags:
  - CCE-85580-9
  - CJIS-5.4.1.1
  - DISA-STIG-SLES-15-030040
  - NIST-800-171-3.1.7
  - NIST-800-53-AC-2(4)
  - NIST-800-53-AC-6(9)
  - NIST-800-53-AU-12(c)
  - NIST-800-53-AU-2(d)
  - NIST-800-53-CM-6(a)
  - PCI-DSS-Req-10.2.5
  - PCI-DSSv4-10.2
  - PCI-DSSv4-10.2.1
  - PCI-DSSv4-10.2.1.5
  - audit_rules_usergroup_modification_gshadow
  - low_complexity
  - low_disruption
  - medium_severity
  - no_reboot_needed
  - restrict_strategy

- name: Record Events that Modify User/Group Information - /etc/gshadow - Use /etc/audit/rules.d/audit_rules_usergroup_modification.rules
    as the recipient for the rule
  ansible.builtin.set_fact:
    all_files:
    - /etc/audit/rules.d/audit_rules_usergroup_modification.rules
  when:
  - '"audit" in ansible_facts.packages'
  - ("kernel-default" in ansible_facts.packages or "kernel-default-base" in ansible_facts.packages)
  - find_watch_key.matched is defined and find_watch_key.matched == 0 and find_existing_watch_rules_d.matched
    is defined and find_existing_watch_rules_d.matched == 0
  tags:
  - CCE-85580-9
  - CJIS-5.4.1.1
  - DISA-STIG-SLES-15-030040
  - NIST-800-171-3.1.7
  - NIST-800-53-AC-2(4)
  - NIST-800-53-AC-6(9)
  - NIST-800-53-AU-12(c)
  - NIST-800-53-AU-2(d)
  - NIST-800-53-CM-6(a)
  - PCI-DSS-Req-10.2.5
  - PCI-DSSv4-10.2
  - PCI-DSSv4-10.2.1
  - PCI-DSSv4-10.2.1.5
  - audit_rules_usergroup_modification_gshadow
  - low_complexity
  - low_disruption
  - medium_severity
  - no_reboot_needed
  - restrict_strategy

- name: Record Events that Modify User/Group Information - /etc/gshadow - Use matched
    file as the recipient for the rule
  ansible.builtin.set_fact:
    all_files:
    - '{{ find_watch_key.files | map(attribute=''path'') | list | first }}'
  when:
  - '"audit" in ansible_facts.packages'
  - ("kernel-default" in ansible_facts.packages or "kernel-default-base" in ansible_facts.packages)
  - find_watch_key.matched is defined and find_watch_key.matched &gt; 0 and find_existing_watch_rules_d.matched
    is defined and find_existing_watch_rules_d.matched == 0
  tags:
  - CCE-85580-9
  - CJIS-5.4.1.1
  - DISA-STIG-SLES-15-030040
  - NIST-800-171-3.1.7
  - NIST-800-53-AC-2(4)
  - NIST-800-53-AC-6(9)
  - NIST-800-53-AU-12(c)
  - NIST-800-53-AU-2(d)
  - NIST-800-53-CM-6(a)
  - PCI-DSS-Req-10.2.5
  - PCI-DSSv4-10.2
  - PCI-DSSv4-10.2.1
  - PCI-DSSv4-10.2.1.5
  - audit_rules_usergroup_modification_gshadow
  - low_complexity
  - low_disruption
  - medium_severity
  - no_reboot_needed
  - restrict_strategy

- name: Record Events that Modify User/Group Information - /etc/gshadow - Add watch
    rule for /etc/gshadow in /etc/audit/rules.d/
  ansible.builtin.lineinfile:
    path: '{{ all_files[0] }}'
    line: -w /etc/gshadow -p wa -k audit_rules_usergroup_modification
    create: true
    mode: '0600'
  when:
  - '"audit" in ansible_facts.packages'
  - ("kernel-default" in ansible_facts.packages or "kernel-default-base" in ansible_facts.packages)
  - find_existing_watch_rules_d.matched is defined and find_existing_watch_rules_d.matched
    == 0
  tags:
  - CCE-85580-9
  - CJIS-5.4.1.1
  - DISA-STIG-SLES-15-030040
  - NIST-800-171-3.1.7
  - NIST-800-53-AC-2(4)
  - NIST-800-53-AC-6(9)
  - NIST-800-53-AU-12(c)
  - NIST-800-53-AU-2(d)
  - NIST-800-53-CM-6(a)
  - PCI-DSS-Req-10.2.5
  - PCI-DSSv4-10.2
  - PCI-DSSv4-10.2.1
  - PCI-DSSv4-10.2.1.5
  - audit_rules_usergroup_modification_gshadow
  - low_complexity
  - low_disruption
  - medium_severity
  - no_reboot_needed
  - restrict_strategy

- name: Record Events that Modify User/Group Information - /etc/gshadow - Check if
    watch rule for /etc/gshadow already exists in /etc/audit/audit.rules
  ansible.builtin.find:
    paths: /etc/audit/
    contains: ^\s*-w\s+/etc/gshadow\s+-p\s+wa(\s|$)+
    patterns: audit.rules
  register: find_existing_watch_audit_rules
  when:
  - '"audit" in ansible_facts.packages'
  - ("kernel-default" in ansible_facts.packages or "kernel-default-base" in ansible_facts.packages)
  tags:
  - CCE-85580-9
  - CJIS-5.4.1.1
  - DISA-STIG-SLES-15-030040
  - NIST-800-171-3.1.7
  - NIST-800-53-AC-2(4)
  - NIST-800-53-AC-6(9)
  - NIST-800-53-AU-12(c)
  - NIST-800-53-AU-2(d)
  - NIST-800-53-CM-6(a)
  - PCI-DSS-Req-10.2.5
  - PCI-DSSv4-10.2
  - PCI-DSSv4-10.2.1
  - PCI-DSSv4-10.2.1.5
  - audit_rules_usergroup_modification_gshadow
  - low_complexity
  - low_disruption
  - medium_severity
  - no_reboot_needed
  - restrict_strategy

- name: Record Events that Modify User/Group Information - /etc/gshadow - Add watch
    rule for /etc/gshadow in /etc/audit/audit.rules
  ansible.builtin.lineinfile:
    line: -w /etc/gshadow -p wa -k audit_rules_usergroup_modification
    state: present
    dest: /etc/audit/audit.rules
    create: true
    mode: '0600'
  when:
  - '"audit" in ansible_facts.packages'
  - ("kernel-default" in ansible_facts.packages or "kernel-default-base" in ansible_facts.packages)
  - find_existing_watch_audit_rules.matched is defined and find_existing_watch_audit_rules.matched
    == 0
  tags:
  - CCE-85580-9
  - CJIS-5.4.1.1
  - DISA-STIG-SLES-15-030040
  - NIST-800-171-3.1.7
  - NIST-800-53-AC-2(4)
  - NIST-800-53-AC-6(9)
  - NIST-800-53-AU-12(c)
  - NIST-800-53-AU-2(d)
  - NIST-800-53-CM-6(a)
  - PCI-DSS-Req-10.2.5
  - PCI-DSSv4-10.2
  - PCI-DSSv4-10.2.1
  - PCI-DSSv4-10.2.1.5
  - audit_rules_usergroup_modification_gshadow
  - low_complexity
  - low_disruption
  - medium_severity
  - no_reboot_needed
  - restrict_strategy
</fix>
        <check system="http://oval.mitre.org/XMLSchema/oval-definitions-5">
          <check-content-ref name="oval:ssg-audit_rules_usergroup_modification_gshadow:def:1" href="ssg-sle15-oval.xml"/>
        </check>
        <check system="http://scap.nist.gov/schema/ocil/2">
          <check-content-ref name="ocil:ssg-audit_rules_usergroup_modification_gshadow_ocil:questionnaire:1" href="ssg-sle15-ocil.xml"/>
        </check>
      </Rule>
      <Rule id="xccdf_org.ssgproject.content_rule_audit_rules_usergroup_modification_opasswd" selected="false" role="full" severity="medium">
        <title xmlns:xhtml="http://www.w3.org/1999/xhtml" xml:lang="en-US">Record Events that Modify User/Group Information - /etc/security/opasswd</title>
        <description xmlns:xhtml="http://www.w3.org/1999/xhtml" xml:lang="en-US">



If the <html:code xmlns:html="http://www.w3.org/1999/xhtml">auditd</html:code> daemon is configured to use the <html:code xmlns:html="http://www.w3.org/1999/xhtml">augenrules</html:code>
program to read audit rules during daemon startup (the default), add the
following lines to a file with suffix <html:code xmlns:html="http://www.w3.org/1999/xhtml">.rules</html:code> in the
directory <html:code xmlns:html="http://www.w3.org/1999/xhtml">/etc/audit/rules.d</html:code>:

<html:pre xmlns:html="http://www.w3.org/1999/xhtml">-w /etc/security/opasswd -p wa -k audit_rules_usergroup_modification</html:pre>

If the <html:code xmlns:html="http://www.w3.org/1999/xhtml">auditd</html:code> daemon is configured to use the <html:code xmlns:html="http://www.w3.org/1999/xhtml">auditctl</html:code>
utility to read audit rules during daemon startup, add the following lines to
<html:code xmlns:html="http://www.w3.org/1999/xhtml">/etc/audit/audit.rules</html:code>:

<html:pre xmlns:html="http://www.w3.org/1999/xhtml">-w /etc/security/opasswd -p wa -k audit_rules_usergroup_modification</html:pre>
      </description>
        <reference href="https://www.cisecurity.org/controls/">1</reference>
        <reference href="https://www.cisecurity.org/controls/">11</reference>
        <reference href="https://www.cisecurity.org/controls/">12</reference>
        <reference href="https://www.cisecurity.org/controls/">13</reference>
        <reference href="https://www.cisecurity.org/controls/">14</reference>
        <reference href="https://www.cisecurity.org/controls/">15</reference>
        <reference href="https://www.cisecurity.org/controls/">16</reference>
        <reference href="https://www.cisecurity.org/controls/">18</reference>
        <reference href="https://www.cisecurity.org/controls/">19</reference>
        <reference href="https://www.cisecurity.org/controls/">2</reference>
        <reference href="https://www.cisecurity.org/controls/">3</reference>
        <reference href="https://www.cisecurity.org/controls/">4</reference>
        <reference href="https://www.cisecurity.org/controls/">5</reference>
        <reference href="https://www.cisecurity.org/controls/">6</reference>
        <reference href="https://www.cisecurity.org/controls/">7</reference>
        <reference href="https://www.cisecurity.org/controls/">8</reference>
        <reference href="https://www.cisecurity.org/controls/">9</reference>
        <reference href="https://www.fbi.gov/file-repository/cjis-security-policy-v5_5_20160601-2-1.pdf">5.4.1.1</reference>
        <reference href="https://www.isaca.org/resources/cobit">APO10.01</reference>
        <reference href="https://www.isaca.org/resources/cobit">APO10.03</reference>
        <reference href="https://www.isaca.org/resources/cobit">APO10.04</reference>
        <reference href="https://www.isaca.org/resources/cobit">APO10.05</reference>
        <reference href="https://www.isaca.org/resources/cobit">APO11.04</reference>
        <reference href="https://www.isaca.org/resources/cobit">APO12.06</reference>
        <reference href="https://www.isaca.org/resources/cobit">APO13.01</reference>
        <reference href="https://www.isaca.org/resources/cobit">BAI03.05</reference>
        <reference href="https://www.isaca.org/resources/cobit">BAI08.02</reference>
        <reference href="https://www.isaca.org/resources/cobit">DSS01.03</reference>
        <reference href="https://www.isaca.org/resources/cobit">DSS01.04</reference>
        <reference href="https://www.isaca.org/resources/cobit">DSS02.02</reference>
        <reference href="https://www.isaca.org/resources/cobit">DSS02.04</reference>
        <reference href="https://www.isaca.org/resources/cobit">DSS02.07</reference>
        <reference href="https://www.isaca.org/resources/cobit">DSS03.01</reference>
        <reference href="https://www.isaca.org/resources/cobit">DSS03.05</reference>
        <reference href="https://www.isaca.org/resources/cobit">DSS05.02</reference>
        <reference href="https://www.isaca.org/resources/cobit">DSS05.03</reference>
        <reference href="https://www.isaca.org/resources/cobit">DSS05.04</reference>
        <reference href="https://www.isaca.org/resources/cobit">DSS05.05</reference>
        <reference href="https://www.isaca.org/resources/cobit">DSS05.07</reference>
        <reference href="https://www.isaca.org/resources/cobit">DSS06.03</reference>
        <reference href="https://www.isaca.org/resources/cobit">MEA01.01</reference>
        <reference href="https://www.isaca.org/resources/cobit">MEA01.02</reference>
        <reference href="https://www.isaca.org/resources/cobit">MEA01.03</reference>
        <reference href="https://www.isaca.org/resources/cobit">MEA01.04</reference>
        <reference href="https://www.isaca.org/resources/cobit">MEA01.05</reference>
        <reference href="https://www.isaca.org/resources/cobit">MEA02.01</reference>
        <reference href="http://nvlpubs.nist.gov/nistpubs/SpecialPublications/NIST.SP.800-171.pdf">3.1.7</reference>
        <reference href="https://www.gpo.gov/fdsys/pkg/CFR-2007-title45-vol1/pdf/CFR-2007-title45-vol1-chapA-subchapC.pdf">164.308(a)(1)(ii)(D)</reference>
        <reference href="https://www.gpo.gov/fdsys/pkg/CFR-2007-title45-vol1/pdf/CFR-2007-title45-vol1-chapA-subchapC.pdf">164.308(a)(3)(ii)(A)</reference>
        <reference href="https://www.gpo.gov/fdsys/pkg/CFR-2007-title45-vol1/pdf/CFR-2007-title45-vol1-chapA-subchapC.pdf">164.308(a)(5)(ii)(C)</reference>
        <reference href="https://www.gpo.gov/fdsys/pkg/CFR-2007-title45-vol1/pdf/CFR-2007-title45-vol1-chapA-subchapC.pdf">164.312(a)(2)(i)</reference>
        <reference href="https://www.gpo.gov/fdsys/pkg/CFR-2007-title45-vol1/pdf/CFR-2007-title45-vol1-chapA-subchapC.pdf">164.312(b)</reference>
        <reference href="https://www.gpo.gov/fdsys/pkg/CFR-2007-title45-vol1/pdf/CFR-2007-title45-vol1-chapA-subchapC.pdf">164.312(d)</reference>
        <reference href="https://www.gpo.gov/fdsys/pkg/CFR-2007-title45-vol1/pdf/CFR-2007-title45-vol1-chapA-subchapC.pdf">164.312(e)</reference>
        <reference href="https://www.isa.org/products/isa-62443-2-1-2009-security-for-industrial-automat">4.2.3.10</reference>
        <reference href="https://www.isa.org/products/isa-62443-2-1-2009-security-for-industrial-automat">4.3.2.6.7</reference>
        <reference href="https://www.isa.org/products/isa-62443-2-1-2009-security-for-industrial-automat">4.3.3.2.2</reference>
        <reference href="https://www.isa.org/products/isa-62443-2-1-2009-security-for-industrial-automat">4.3.3.3.9</reference>
        <reference href="https://www.isa.org/products/isa-62443-2-1-2009-security-for-industrial-automat">4.3.3.5.1</reference>
        <reference href="https://www.isa.org/products/isa-62443-2-1-2009-security-for-industrial-automat">4.3.3.5.2</reference>
        <reference href="https://www.isa.org/products/isa-62443-2-1-2009-security-for-industrial-automat">4.3.3.5.8</reference>
        <reference href="https://www.isa.org/products/isa-62443-2-1-2009-security-for-industrial-automat">4.3.3.6.6</reference>
        <reference href="https://www.isa.org/products/isa-62443-2-1-2009-security-for-industrial-automat">4.3.3.7.2</reference>
        <reference href="https://www.isa.org/products/isa-62443-2-1-2009-security-for-industrial-automat">4.3.3.7.3</reference>
        <reference href="https://www.isa.org/products/isa-62443-2-1-2009-security-for-industrial-automat">4.3.3.7.4</reference>
        <reference href="https://www.isa.org/products/isa-62443-2-1-2009-security-for-industrial-automat">4.3.4.4.7</reference>
        <reference href="https://www.isa.org/products/isa-62443-2-1-2009-security-for-industrial-automat">4.3.4.5.6</reference>
        <reference href="https://www.isa.org/products/isa-62443-2-1-2009-security-for-industrial-automat">4.3.4.5.7</reference>
        <reference href="https://www.isa.org/products/isa-62443-2-1-2009-security-for-industrial-automat">4.3.4.5.8</reference>
        <reference href="https://www.isa.org/products/isa-62443-2-1-2009-security-for-industrial-automat">4.4.2.1</reference>
        <reference href="https://www.isa.org/products/isa-62443-2-1-2009-security-for-industrial-automat">4.4.2.2</reference>
        <reference href="https://www.isa.org/products/isa-62443-2-1-2009-security-for-industrial-automat">4.4.2.4</reference>
        <reference href="https://www.isa.org/products/ansi-isa-62443-3-3-99-03-03-2013-security-for-indu">SR 1.1</reference>
        <reference href="https://www.isa.org/products/ansi-isa-62443-3-3-99-03-03-2013-security-for-indu">SR 1.13</reference>
        <reference href="https://www.isa.org/products/ansi-isa-62443-3-3-99-03-03-2013-security-for-indu">SR 1.2</reference>
        <reference href="https://www.isa.org/products/ansi-isa-62443-3-3-99-03-03-2013-security-for-indu">SR 1.3</reference>
        <reference href="https://www.isa.org/products/ansi-isa-62443-3-3-99-03-03-2013-security-for-indu">SR 1.4</reference>
        <reference href="https://www.isa.org/products/ansi-isa-62443-3-3-99-03-03-2013-security-for-indu">SR 1.5</reference>
        <reference href="https://www.isa.org/products/ansi-isa-62443-3-3-99-03-03-2013-security-for-indu">SR 1.7</reference>
        <reference href="https://www.isa.org/products/ansi-isa-62443-3-3-99-03-03-2013-security-for-indu">SR 1.8</reference>
        <reference href="https://www.isa.org/products/ansi-isa-62443-3-3-99-03-03-2013-security-for-indu">SR 1.9</reference>
        <reference href="https://www.isa.org/products/ansi-isa-62443-3-3-99-03-03-2013-security-for-indu">SR 2.1</reference>
        <reference href="https://www.isa.org/products/ansi-isa-62443-3-3-99-03-03-2013-security-for-indu">SR 2.10</reference>
        <reference href="https://www.isa.org/products/ansi-isa-62443-3-3-99-03-03-2013-security-for-indu">SR 2.11</reference>
        <reference href="https://www.isa.org/products/ansi-isa-62443-3-3-99-03-03-2013-security-for-indu">SR 2.12</reference>
        <reference href="https://www.isa.org/products/ansi-isa-62443-3-3-99-03-03-2013-security-for-indu">SR 2.6</reference>
        <reference href="https://www.isa.org/products/ansi-isa-62443-3-3-99-03-03-2013-security-for-indu">SR 2.8</reference>
        <reference href="https://www.isa.org/products/ansi-isa-62443-3-3-99-03-03-2013-security-for-indu">SR 2.9</reference>
        <reference href="https://www.isa.org/products/ansi-isa-62443-3-3-99-03-03-2013-security-for-indu">SR 3.1</reference>
        <reference href="https://www.isa.org/products/ansi-isa-62443-3-3-99-03-03-2013-security-for-indu">SR 3.5</reference>
        <reference href="https://www.isa.org/products/ansi-isa-62443-3-3-99-03-03-2013-security-for-indu">SR 3.8</reference>
        <reference href="https://www.isa.org/products/ansi-isa-62443-3-3-99-03-03-2013-security-for-indu">SR 4.1</reference>
        <reference href="https://www.isa.org/products/ansi-isa-62443-3-3-99-03-03-2013-security-for-indu">SR 4.3</reference>
        <reference href="https://www.isa.org/products/ansi-isa-62443-3-3-99-03-03-2013-security-for-indu">SR 5.1</reference>
        <reference href="https://www.isa.org/products/ansi-isa-62443-3-3-99-03-03-2013-security-for-indu">SR 5.2</reference>
        <reference href="https://www.isa.org/products/ansi-isa-62443-3-3-99-03-03-2013-security-for-indu">SR 5.3</reference>
        <reference href="https://www.isa.org/products/ansi-isa-62443-3-3-99-03-03-2013-security-for-indu">SR 6.1</reference>
        <reference href="https://www.isa.org/products/ansi-isa-62443-3-3-99-03-03-2013-security-for-indu">SR 6.2</reference>
        <reference href="https://www.isa.org/products/ansi-isa-62443-3-3-99-03-03-2013-security-for-indu">SR 7.1</reference>
        <reference href="https://www.isa.org/products/ansi-isa-62443-3-3-99-03-03-2013-security-for-indu">SR 7.6</reference>
        <reference href="https://www.iso.org/contents/data/standard/05/45/54534.html">A.11.2.6</reference>
        <reference href="https://www.iso.org/contents/data/standard/05/45/54534.html">A.12.4.1</reference>
        <reference href="https://www.iso.org/contents/data/standard/05/45/54534.html">A.12.4.2</reference>
        <reference href="https://www.iso.org/contents/data/standard/05/45/54534.html">A.12.4.3</reference>
        <reference href="https://www.iso.org/contents/data/standard/05/45/54534.html">A.12.4.4</reference>
        <reference href="https://www.iso.org/contents/data/standard/05/45/54534.html">A.12.7.1</reference>
        <reference href="https://www.iso.org/contents/data/standard/05/45/54534.html">A.13.1.1</reference>
        <reference href="https://www.iso.org/contents/data/standard/05/45/54534.html">A.13.2.1</reference>
        <reference href="https://www.iso.org/contents/data/standard/05/45/54534.html">A.14.1.3</reference>
        <reference href="https://www.iso.org/contents/data/standard/05/45/54534.html">A.14.2.7</reference>
        <reference href="https://www.iso.org/contents/data/standard/05/45/54534.html">A.15.2.1</reference>
        <reference href="https://www.iso.org/contents/data/standard/05/45/54534.html">A.15.2.2</reference>
        <reference href="https://www.iso.org/contents/data/standard/05/45/54534.html">A.16.1.4</reference>
        <reference href="https://www.iso.org/contents/data/standard/05/45/54534.html">A.16.1.5</reference>
        <reference href="https://www.iso.org/contents/data/standard/05/45/54534.html">A.16.1.7</reference>
        <reference href="https://www.iso.org/contents/data/standard/05/45/54534.html">A.6.1.2</reference>
        <reference href="https://www.iso.org/contents/data/standard/05/45/54534.html">A.6.2.1</reference>
        <reference href="https://www.iso.org/contents/data/standard/05/45/54534.html">A.6.2.2</reference>
        <reference href="https://www.iso.org/contents/data/standard/05/45/54534.html">A.7.1.1</reference>
        <reference href="https://www.iso.org/contents/data/standard/05/45/54534.html">A.9.1.2</reference>
        <reference href="https://www.iso.org/contents/data/standard/05/45/54534.html">A.9.2.1</reference>
        <reference href="https://www.iso.org/contents/data/standard/05/45/54534.html">A.9.2.2</reference>
        <reference href="https://www.iso.org/contents/data/standard/05/45/54534.html">A.9.2.3</reference>
        <reference href="https://www.iso.org/contents/data/standard/05/45/54534.html">A.9.2.4</reference>
        <reference href="https://www.iso.org/contents/data/standard/05/45/54534.html">A.9.2.6</reference>
        <reference href="https://www.iso.org/contents/data/standard/05/45/54534.html">A.9.3.1</reference>
        <reference href="https://www.iso.org/contents/data/standard/05/45/54534.html">A.9.4.1</reference>
        <reference href="https://www.iso.org/contents/data/standard/05/45/54534.html">A.9.4.2</reference>
        <reference href="https://www.iso.org/contents/data/standard/05/45/54534.html">A.9.4.3</reference>
        <reference href="https://www.iso.org/contents/data/standard/05/45/54534.html">A.9.4.4</reference>
        <reference href="https://www.iso.org/contents/data/standard/05/45/54534.html">A.9.4.5</reference>
        <reference href="https://www.nerc.com/standards/reliability-standards/cip">CIP-004-6 R2.2.2</reference>
        <reference href="https://www.nerc.com/standards/reliability-standards/cip">CIP-004-6 R2.2.3</reference>
        <reference href="https://www.nerc.com/standards/reliability-standards/cip">CIP-007-3 R.1.3</reference>
        <reference href="https://www.nerc.com/standards/reliability-standards/cip">CIP-007-3 R5</reference>
        <reference href="https://www.nerc.com/standards/reliability-standards/cip">CIP-007-3 R5.1.1</reference>
        <reference href="https://www.nerc.com/standards/reliability-standards/cip">CIP-007-3 R5.1.3</reference>
        <reference href="https://www.nerc.com/standards/reliability-standards/cip">CIP-007-3 R5.2.1</reference>
        <reference href="https://www.nerc.com/standards/reliability-standards/cip">CIP-007-3 R5.2.3</reference>
        <reference href="http://nvlpubs.nist.gov/nistpubs/SpecialPublications/NIST.SP.800-53r4.pdf">AC-2(4).1(i&amp;ii)</reference>
        <reference href="http://nvlpubs.nist.gov/nistpubs/SpecialPublications/NIST.SP.800-53r4.pdf">AU-12.1(iv)</reference>
        <reference href="https://nvlpubs.nist.gov/nistpubs/CSWP/NIST.CSWP.04162018.pdf">DE.AE-3</reference>
        <reference href="https://nvlpubs.nist.gov/nistpubs/CSWP/NIST.CSWP.04162018.pdf">DE.AE-5</reference>
        <reference href="https://nvlpubs.nist.gov/nistpubs/CSWP/NIST.CSWP.04162018.pdf">DE.CM-1</reference>
        <reference href="https://nvlpubs.nist.gov/nistpubs/CSWP/NIST.CSWP.04162018.pdf">DE.CM-3</reference>
        <reference href="https://nvlpubs.nist.gov/nistpubs/CSWP/NIST.CSWP.04162018.pdf">DE.CM-7</reference>
        <reference href="https://nvlpubs.nist.gov/nistpubs/CSWP/NIST.CSWP.04162018.pdf">ID.SC-4</reference>
        <reference href="https://nvlpubs.nist.gov/nistpubs/CSWP/NIST.CSWP.04162018.pdf">PR.AC-1</reference>
        <reference href="https://nvlpubs.nist.gov/nistpubs/CSWP/NIST.CSWP.04162018.pdf">PR.AC-3</reference>
        <reference href="https://nvlpubs.nist.gov/nistpubs/CSWP/NIST.CSWP.04162018.pdf">PR.AC-4</reference>
        <reference href="https://nvlpubs.nist.gov/nistpubs/CSWP/NIST.CSWP.04162018.pdf">PR.AC-6</reference>
        <reference href="https://nvlpubs.nist.gov/nistpubs/CSWP/NIST.CSWP.04162018.pdf">PR.PT-1</reference>
        <reference href="https://nvlpubs.nist.gov/nistpubs/CSWP/NIST.CSWP.04162018.pdf">PR.PT-4</reference>
        <reference href="https://nvlpubs.nist.gov/nistpubs/CSWP/NIST.CSWP.04162018.pdf">RS.AN-1</reference>
        <reference href="https://nvlpubs.nist.gov/nistpubs/CSWP/NIST.CSWP.04162018.pdf">RS.AN-4</reference>
        <reference href="https://www.pcisecuritystandards.org/documents/PCI_DSS_v3-2-1.pdf">Req-10.2.5</reference>
        <reference href="https://www.cyber.mil/stigs/downloads/?_dl_facet_stigs=operating-systems%2Cgeneral-purpose-os">SRG-OS-000004-GPOS-00004</reference>
        <reference href="https://www.cyber.mil/stigs/downloads/?_dl_facet_stigs=operating-systems%2Cgeneral-purpose-os">SRG-OS-000037-GPOS-00015</reference>
        <reference href="https://www.cyber.mil/stigs/downloads/?_dl_facet_stigs=operating-systems%2Cgeneral-purpose-os">SRG-OS-000042-GPOS-00020</reference>
        <reference href="https://www.cyber.mil/stigs/downloads/?_dl_facet_stigs=operating-systems%2Cgeneral-purpose-os">SRG-OS-000062-GPOS-00031</reference>
        <reference href="https://www.cyber.mil/stigs/downloads/?_dl_facet_stigs=operating-systems%2Cgeneral-purpose-os">SRG-OS-000304-GPOS-00121</reference>
        <reference href="https://www.cyber.mil/stigs/downloads/?_dl_facet_stigs=operating-systems%2Cgeneral-purpose-os">SRG-OS-000392-GPOS-00172</reference>
        <reference href="https://www.cyber.mil/stigs/downloads/?_dl_facet_stigs=operating-systems%2Cgeneral-purpose-os">SRG-OS-000462-GPOS-00206</reference>
        <reference href="https://www.cyber.mil/stigs/downloads/?_dl_facet_stigs=operating-systems%2Cgeneral-purpose-os">SRG-OS-000470-GPOS-00214</reference>
        <reference href="https://www.cyber.mil/stigs/downloads/?_dl_facet_stigs=operating-systems%2Cgeneral-purpose-os">SRG-OS-000471-GPOS-00215</reference>
        <reference href="https://www.cyber.mil/stigs/downloads/?_dl_facet_stigs=operating-systems%2Cgeneral-purpose-os">SRG-OS-000239-GPOS-00089</reference>
        <reference href="https://www.cyber.mil/stigs/downloads/?_dl_facet_stigs=operating-systems%2Cgeneral-purpose-os">SRG-OS-000240-GPOS-00090</reference>
        <reference href="https://www.cyber.mil/stigs/downloads/?_dl_facet_stigs=operating-systems%2Cgeneral-purpose-os">SRG-OS-000241-GPOS-00091</reference>
        <reference href="https://www.cyber.mil/stigs/downloads/?_dl_facet_stigs=operating-systems%2Cgeneral-purpose-os">SRG-OS-000303-GPOS-00120</reference>
        <reference href="https://www.cyber.mil/stigs/downloads/?_dl_facet_stigs=operating-systems%2Cgeneral-purpose-os">SRG-OS-000466-GPOS-00210</reference>
        <reference href="https://www.cyber.mil/stigs/downloads/?_dl_facet_stigs=operating-systems%2Cgeneral-purpose-os">SRG-OS-000476-GPOS-00221</reference>
        <reference href="https://www.cyber.mil/stigs/downloads/?_dl_facet_stigs=app-security">SRG-APP-000495-CTR-001235</reference>
        <reference href="https://www.cyber.mil/stigs/downloads/?_dl_facet_stigs=app-security">SRG-APP-000496-CTR-001240</reference>
        <reference href="https://www.cyber.mil/stigs/downloads/?_dl_facet_stigs=app-security">SRG-APP-000497-CTR-001245</reference>
        <reference href="https://www.cyber.mil/stigs/downloads/?_dl_facet_stigs=app-security">SRG-APP-000498-CTR-001250</reference>
        <reference href="https://www.cyber.mil/stigs/downloads/?_dl_facet_stigs=app-security">SRG-APP-000503-CTR-001275</reference>
        <reference href="https://www.cyber.mil/stigs/downloads/?_dl_facet_stigs=operating-systems%2Cunix-linux">SLES-15-030030</reference>
        <reference href="https://www.cisecurity.org/benchmark/suse_linux/">4.1.4</reference>
        <reference href="https://cyber.gouv.fr/sites/default/files/document/linux_configuration-en-v2.pdf">R73</reference>
        <reference href="not_publicly_available">SLES-15-750450240</reference>
        <reference href="https://www.cyber.gov.au/acsc/view-all-content/ism">0582</reference>
        <reference href="https://docs-prv.pcisecuritystandards.org/PCI%20DSS/Standard/PCI-DSS-v4_0.pdf">10.2.1.5</reference>
        <reference href="https://docs-prv.pcisecuritystandards.org/PCI%20DSS/Standard/PCI-DSS-v4_0.pdf">10.2.1</reference>
        <reference href="https://docs-prv.pcisecuritystandards.org/PCI%20DSS/Standard/PCI-DSS-v4_0.pdf">10.2</reference>
        <reference href="https://www.cyber.mil/stigs/srg-stig-tools/">SV-234902r1009637_rule</reference>
        <rationale xmlns:xhtml="http://www.w3.org/1999/xhtml" xml:lang="en-US">In addition to auditing new user and group accounts, these watches
will alert the system administrator(s) to any modifications. Any unexpected
users, groups, or modifications should be investigated for legitimacy.</rationale>
        <ident system="https://ncp.nist.gov/cce">CCE-85728-4</ident>
        <fix xmlns:xhtml="http://www.w3.org/1999/xhtml" id="audit_rules_usergroup_modification_opasswd" system="urn:xccdf:fix:script:sh"># Remediation is applicable only in certain platforms
if rpm --quiet -q audit &amp;&amp; rpm --quiet -q kernel-default || rpm --quiet -q kernel-default-base; then

# Perform the remediation for both possible tools: 'auditctl' and 'augenrules'






# Create a list of audit *.rules files that should be inspected for presence and correctness
# of a particular audit rule. The scheme is as follows:
#
# -----------------------------------------------------------------------------------------
# Tool used to load audit rules	| Rule already defined	|  Audit rules file to inspect	  |
# -----------------------------------------------------------------------------------------
#	auditctl		|     Doesn't matter	|  /etc/audit/audit.rules	  |
# -----------------------------------------------------------------------------------------
# 	augenrules		|          Yes		|  /etc/audit/rules.d/*.rules	  |
# 	augenrules		|          No		|  /etc/audit/rules.d/$key.rules  |
# -----------------------------------------------------------------------------------------
files_to_inspect=()


# If the audit tool is 'auditctl', then add '/etc/audit/audit.rules'
# into the list of files to be inspected
files_to_inspect+=('/etc/audit/audit.rules')

# Finally perform the inspection and possible subsequent audit rule
# correction for each of the files previously identified for inspection
for audit_rules_file in "${files_to_inspect[@]}"
do
    # Check if audit watch file system object rule for given path already present

    if grep -q -P -- "^[\s]*-w[\s]+/etc/security/opasswd" "$audit_rules_file"

    then
        # Rule is found =&gt; verify yet if existing rule definition contains
        # all of the required access type bits

        # Define BRE whitespace class shortcut
        sp="[[:space:]]"
        # Extract current permission access types (e.g. -p [r|w|x|a] values) from audit rule

        current_access_bits=$(sed -ne "s#$sp*-w$sp\+/etc/security/opasswd $sp\+-p$sp\+\([rxwa]\{1,4\}\).*#\1#p" "$audit_rules_file")

        # Split required access bits string into characters array
        # (to check bit's presence for one bit at a time)
        for access_bit in $(echo "wa" | grep -o .)
        do
            # For each from the required access bits (e.g. 'w', 'a') check
            # if they are already present in current access bits for rule.
            # If not, append that bit at the end
            if ! grep -q "$access_bit" &lt;&lt;&lt; "$current_access_bits"
            then
                # Concatenate the existing mask with the missing bit
                current_access_bits="$current_access_bits$access_bit"
            fi
        done
        # Propagate the updated rule's access bits (original + the required
        # ones) back into the /etc/audit/audit.rules file for that rule

        sed -i "s#\($sp*-w$sp\+/etc/security/opasswd$sp\+-p$sp\+\)\([rxwa]\{1,4\}\)\(.*\)#\1$current_access_bits\3#" "$audit_rules_file"

    else
        # Rule isn't present yet. Append it at the end of $audit_rules_file file
        # with proper key


        echo "-w /etc/security/opasswd -p wa -k audit_rules_usergroup_modification" &gt;&gt; "$audit_rules_file"

    fi
done
# Create a list of audit *.rules files that should be inspected for presence and correctness
# of a particular audit rule. The scheme is as follows:
#
# -----------------------------------------------------------------------------------------
# Tool used to load audit rules	| Rule already defined	|  Audit rules file to inspect	  |
# -----------------------------------------------------------------------------------------
#	auditctl		|     Doesn't matter	|  /etc/audit/audit.rules	  |
# -----------------------------------------------------------------------------------------
# 	augenrules		|          Yes		|  /etc/audit/rules.d/*.rules	  |
# 	augenrules		|          No		|  /etc/audit/rules.d/$key.rules  |
# -----------------------------------------------------------------------------------------
files_to_inspect=()

# If the audit is 'augenrules', then check if rule is already defined
# If rule is defined, add '/etc/audit/rules.d/*.rules' to list of files for inspection.
# If rule isn't defined, add '/etc/audit/rules.d/audit_rules_usergroup_modification.rules' to list of files for inspection.

readarray -t matches &lt; &lt;(grep -HP "[\s]*-w[\s]+/etc/security/opasswd" /etc/audit/rules.d/*.rules)


# For each of the matched entries
for match in "${matches[@]}"
do
    # Extract filepath from the match
    rulesd_audit_file=$(echo $match | cut -f1 -d ':')
    # Append that path into list of files for inspection
    files_to_inspect+=("$rulesd_audit_file")
done
# Case when particular audit rule isn't defined yet
if [ "${#files_to_inspect[@]}" -eq "0" ]
then
    # Append '/etc/audit/rules.d/audit_rules_usergroup_modification.rules' into list of files for inspection
    key_rule_file="/etc/audit/rules.d/audit_rules_usergroup_modification.rules"
    # If the audit_rules_usergroup_modification.rules file doesn't exist yet, create it with correct permissions
    if [ ! -e "$key_rule_file" ]
    then
        touch "$key_rule_file"
        chmod 0600 "$key_rule_file"
    fi
    files_to_inspect+=("$key_rule_file")
fi

# Finally perform the inspection and possible subsequent audit rule
# correction for each of the files previously identified for inspection
for audit_rules_file in "${files_to_inspect[@]}"
do
    # Check if audit watch file system object rule for given path already present

    if grep -q -P -- "^[\s]*-w[\s]+/etc/security/opasswd" "$audit_rules_file"

    then
        # Rule is found =&gt; verify yet if existing rule definition contains
        # all of the required access type bits

        # Define BRE whitespace class shortcut
        sp="[[:space:]]"
        # Extract current permission access types (e.g. -p [r|w|x|a] values) from audit rule

        current_access_bits=$(sed -ne "s#$sp*-w$sp\+/etc/security/opasswd $sp\+-p$sp\+\([rxwa]\{1,4\}\).*#\1#p" "$audit_rules_file")

        # Split required access bits string into characters array
        # (to check bit's presence for one bit at a time)
        for access_bit in $(echo "wa" | grep -o .)
        do
            # For each from the required access bits (e.g. 'w', 'a') check
            # if they are already present in current access bits for rule.
            # If not, append that bit at the end
            if ! grep -q "$access_bit" &lt;&lt;&lt; "$current_access_bits"
            then
                # Concatenate the existing mask with the missing bit
                current_access_bits="$current_access_bits$access_bit"
            fi
        done
        # Propagate the updated rule's access bits (original + the required
        # ones) back into the /etc/audit/audit.rules file for that rule

        sed -i "s#\($sp*-w$sp\+/etc/security/opasswd$sp\+-p$sp\+\)\([rxwa]\{1,4\}\)\(.*\)#\1$current_access_bits\3#" "$audit_rules_file"

    else
        # Rule isn't present yet. Append it at the end of $audit_rules_file file
        # with proper key


        echo "-w /etc/security/opasswd -p wa -k audit_rules_usergroup_modification" &gt;&gt; "$audit_rules_file"

    fi
done

else
    &gt;&amp;2 echo 'Remediation is not applicable, nothing was done'
fi
</fix>
        <fix xmlns:xhtml="http://www.w3.org/1999/xhtml" id="audit_rules_usergroup_modification_opasswd" system="urn:xccdf:fix:script:ansible" complexity="low" disruption="low" strategy="restrict">- name: Gather the package facts
  package_facts:
    manager: auto
  tags:
  - CCE-85728-4
  - CJIS-5.4.1.1
  - DISA-STIG-SLES-15-030030
  - NIST-800-171-3.1.7
  - NIST-800-53-AC-2(4).1(i&amp;ii)
  - NIST-800-53-AU-12.1(iv)
  - PCI-DSS-Req-10.2.5
  - PCI-DSSv4-10.2
  - PCI-DSSv4-10.2.1
  - PCI-DSSv4-10.2.1.5
  - audit_rules_usergroup_modification_opasswd
  - low_complexity
  - low_disruption
  - medium_severity
  - no_reboot_needed
  - restrict_strategy

- name: Record Events that Modify User/Group Information - /etc/security/opasswd -
    Check if watch rule for /etc/security/opasswd already exists in /etc/audit/rules.d/
  ansible.builtin.find:
    paths: /etc/audit/rules.d
    contains: ^\s*-w\s+/etc/security/opasswd\s+-p\s+wa(\s|$)+
    patterns: '*.rules'
  register: find_existing_watch_rules_d
  when:
  - '"audit" in ansible_facts.packages'
  - ("kernel-default" in ansible_facts.packages or "kernel-default-base" in ansible_facts.packages)
  tags:
  - CCE-85728-4
  - CJIS-5.4.1.1
  - DISA-STIG-SLES-15-030030
  - NIST-800-171-3.1.7
  - NIST-800-53-AC-2(4).1(i&amp;ii)
  - NIST-800-53-AU-12.1(iv)
  - PCI-DSS-Req-10.2.5
  - PCI-DSSv4-10.2
  - PCI-DSSv4-10.2.1
  - PCI-DSSv4-10.2.1.5
  - audit_rules_usergroup_modification_opasswd
  - low_complexity
  - low_disruption
  - medium_severity
  - no_reboot_needed
  - restrict_strategy

- name: Record Events that Modify User/Group Information - /etc/security/opasswd -
    Search /etc/audit/rules.d for other rules with specified key audit_rules_usergroup_modification
  ansible.builtin.find:
    paths: /etc/audit/rules.d
    contains: ^.*(?:-F key=|-k\s+)audit_rules_usergroup_modification$
    patterns: '*.rules'
  register: find_watch_key
  when:
  - '"audit" in ansible_facts.packages'
  - ("kernel-default" in ansible_facts.packages or "kernel-default-base" in ansible_facts.packages)
  - find_existing_watch_rules_d.matched is defined and find_existing_watch_rules_d.matched
    == 0
  tags:
  - CCE-85728-4
  - CJIS-5.4.1.1
  - DISA-STIG-SLES-15-030030
  - NIST-800-171-3.1.7
  - NIST-800-53-AC-2(4).1(i&amp;ii)
  - NIST-800-53-AU-12.1(iv)
  - PCI-DSS-Req-10.2.5
  - PCI-DSSv4-10.2
  - PCI-DSSv4-10.2.1
  - PCI-DSSv4-10.2.1.5
  - audit_rules_usergroup_modification_opasswd
  - low_complexity
  - low_disruption
  - medium_severity
  - no_reboot_needed
  - restrict_strategy

- name: Record Events that Modify User/Group Information - /etc/security/opasswd -
    Use /etc/audit/rules.d/audit_rules_usergroup_modification.rules as the recipient
    for the rule
  ansible.builtin.set_fact:
    all_files:
    - /etc/audit/rules.d/audit_rules_usergroup_modification.rules
  when:
  - '"audit" in ansible_facts.packages'
  - ("kernel-default" in ansible_facts.packages or "kernel-default-base" in ansible_facts.packages)
  - find_watch_key.matched is defined and find_watch_key.matched == 0 and find_existing_watch_rules_d.matched
    is defined and find_existing_watch_rules_d.matched == 0
  tags:
  - CCE-85728-4
  - CJIS-5.4.1.1
  - DISA-STIG-SLES-15-030030
  - NIST-800-171-3.1.7
  - NIST-800-53-AC-2(4).1(i&amp;ii)
  - NIST-800-53-AU-12.1(iv)
  - PCI-DSS-Req-10.2.5
  - PCI-DSSv4-10.2
  - PCI-DSSv4-10.2.1
  - PCI-DSSv4-10.2.1.5
  - audit_rules_usergroup_modification_opasswd
  - low_complexity
  - low_disruption
  - medium_severity
  - no_reboot_needed
  - restrict_strategy

- name: Record Events that Modify User/Group Information - /etc/security/opasswd -
    Use matched file as the recipient for the rule
  ansible.builtin.set_fact:
    all_files:
    - '{{ find_watch_key.files | map(attribute=''path'') | list | first }}'
  when:
  - '"audit" in ansible_facts.packages'
  - ("kernel-default" in ansible_facts.packages or "kernel-default-base" in ansible_facts.packages)
  - find_watch_key.matched is defined and find_watch_key.matched &gt; 0 and find_existing_watch_rules_d.matched
    is defined and find_existing_watch_rules_d.matched == 0
  tags:
  - CCE-85728-4
  - CJIS-5.4.1.1
  - DISA-STIG-SLES-15-030030
  - NIST-800-171-3.1.7
  - NIST-800-53-AC-2(4).1(i&amp;ii)
  - NIST-800-53-AU-12.1(iv)
  - PCI-DSS-Req-10.2.5
  - PCI-DSSv4-10.2
  - PCI-DSSv4-10.2.1
  - PCI-DSSv4-10.2.1.5
  - audit_rules_usergroup_modification_opasswd
  - low_complexity
  - low_disruption
  - medium_severity
  - no_reboot_needed
  - restrict_strategy

- name: Record Events that Modify User/Group Information - /etc/security/opasswd -
    Add watch rule for /etc/security/opasswd in /etc/audit/rules.d/
  ansible.builtin.lineinfile:
    path: '{{ all_files[0] }}'
    line: -w /etc/security/opasswd -p wa -k audit_rules_usergroup_modification
    create: true
    mode: '0600'
  when:
  - '"audit" in ansible_facts.packages'
  - ("kernel-default" in ansible_facts.packages or "kernel-default-base" in ansible_facts.packages)
  - find_existing_watch_rules_d.matched is defined and find_existing_watch_rules_d.matched
    == 0
  tags:
  - CCE-85728-4
  - CJIS-5.4.1.1
  - DISA-STIG-SLES-15-030030
  - NIST-800-171-3.1.7
  - NIST-800-53-AC-2(4).1(i&amp;ii)
  - NIST-800-53-AU-12.1(iv)
  - PCI-DSS-Req-10.2.5
  - PCI-DSSv4-10.2
  - PCI-DSSv4-10.2.1
  - PCI-DSSv4-10.2.1.5
  - audit_rules_usergroup_modification_opasswd
  - low_complexity
  - low_disruption
  - medium_severity
  - no_reboot_needed
  - restrict_strategy

- name: Record Events that Modify User/Group Information - /etc/security/opasswd -
    Check if watch rule for /etc/security/opasswd already exists in /etc/audit/audit.rules
  ansible.builtin.find:
    paths: /etc/audit/
    contains: ^\s*-w\s+/etc/security/opasswd\s+-p\s+wa(\s|$)+
    patterns: audit.rules
  register: find_existing_watch_audit_rules
  when:
  - '"audit" in ansible_facts.packages'
  - ("kernel-default" in ansible_facts.packages or "kernel-default-base" in ansible_facts.packages)
  tags:
  - CCE-85728-4
  - CJIS-5.4.1.1
  - DISA-STIG-SLES-15-030030
  - NIST-800-171-3.1.7
  - NIST-800-53-AC-2(4).1(i&amp;ii)
  - NIST-800-53-AU-12.1(iv)
  - PCI-DSS-Req-10.2.5
  - PCI-DSSv4-10.2
  - PCI-DSSv4-10.2.1
  - PCI-DSSv4-10.2.1.5
  - audit_rules_usergroup_modification_opasswd
  - low_complexity
  - low_disruption
  - medium_severity
  - no_reboot_needed
  - restrict_strategy

- name: Record Events that Modify User/Group Information - /etc/security/opasswd -
    Add watch rule for /etc/security/opasswd in /etc/audit/audit.rules
  ansible.builtin.lineinfile:
    line: -w /etc/security/opasswd -p wa -k audit_rules_usergroup_modification
    state: present
    dest: /etc/audit/audit.rules
    create: true
    mode: '0600'
  when:
  - '"audit" in ansible_facts.packages'
  - ("kernel-default" in ansible_facts.packages or "kernel-default-base" in ansible_facts.packages)
  - find_existing_watch_audit_rules.matched is defined and find_existing_watch_audit_rules.matched
    == 0
  tags:
  - CCE-85728-4
  - CJIS-5.4.1.1
  - DISA-STIG-SLES-15-030030
  - NIST-800-171-3.1.7
  - NIST-800-53-AC-2(4).1(i&amp;ii)
  - NIST-800-53-AU-12.1(iv)
  - PCI-DSS-Req-10.2.5
  - PCI-DSSv4-10.2
  - PCI-DSSv4-10.2.1
  - PCI-DSSv4-10.2.1.5
  - audit_rules_usergroup_modification_opasswd
  - low_complexity
  - low_disruption
  - medium_severity
  - no_reboot_needed
  - restrict_strategy
</fix>
        <check system="http://oval.mitre.org/XMLSchema/oval-definitions-5">
          <check-content-ref name="oval:ssg-audit_rules_usergroup_modification_opasswd:def:1" href="ssg-sle15-oval.xml"/>
        </check>
        <check system="http://scap.nist.gov/schema/ocil/2">
          <check-content-ref name="ocil:ssg-audit_rules_usergroup_modification_opasswd_ocil:questionnaire:1" href="ssg-sle15-ocil.xml"/>
        </check>
      </Rule>
      <Rule id="xccdf_org.ssgproject.content_rule_audit_rules_usergroup_modification_passwd" selected="false" role="full" severity="medium">
        <title xmlns:xhtml="http://www.w3.org/1999/xhtml" xml:lang="en-US">Record Events that Modify User/Group Information - /etc/passwd</title>
        <description xmlns:xhtml="http://www.w3.org/1999/xhtml" xml:lang="en-US">



If the <html:code xmlns:html="http://www.w3.org/1999/xhtml">auditd</html:code> daemon is configured to use the <html:code xmlns:html="http://www.w3.org/1999/xhtml">augenrules</html:code>
program to read audit rules during daemon startup (the default), add the
following lines to a file with suffix <html:code xmlns:html="http://www.w3.org/1999/xhtml">.rules</html:code> in the
directory <html:code xmlns:html="http://www.w3.org/1999/xhtml">/etc/audit/rules.d</html:code>:

<html:pre xmlns:html="http://www.w3.org/1999/xhtml">-w /etc/passwd -p wa -k audit_rules_usergroup_modification</html:pre>

If the <html:code xmlns:html="http://www.w3.org/1999/xhtml">auditd</html:code> daemon is configured to use the <html:code xmlns:html="http://www.w3.org/1999/xhtml">auditctl</html:code>
utility to read audit rules during daemon startup, add the following lines to
<html:code xmlns:html="http://www.w3.org/1999/xhtml">/etc/audit/audit.rules</html:code>:

<html:pre xmlns:html="http://www.w3.org/1999/xhtml">-w /etc/passwd -p wa -k audit_rules_usergroup_modification</html:pre>
      </description>
        <reference href="https://www.cisecurity.org/controls/">1</reference>
        <reference href="https://www.cisecurity.org/controls/">11</reference>
        <reference href="https://www.cisecurity.org/controls/">12</reference>
        <reference href="https://www.cisecurity.org/controls/">13</reference>
        <reference href="https://www.cisecurity.org/controls/">14</reference>
        <reference href="https://www.cisecurity.org/controls/">15</reference>
        <reference href="https://www.cisecurity.org/controls/">16</reference>
        <reference href="https://www.cisecurity.org/controls/">18</reference>
        <reference href="https://www.cisecurity.org/controls/">19</reference>
        <reference href="https://www.cisecurity.org/controls/">2</reference>
        <reference href="https://www.cisecurity.org/controls/">3</reference>
        <reference href="https://www.cisecurity.org/controls/">4</reference>
        <reference href="https://www.cisecurity.org/controls/">5</reference>
        <reference href="https://www.cisecurity.org/controls/">6</reference>
        <reference href="https://www.cisecurity.org/controls/">7</reference>
        <reference href="https://www.cisecurity.org/controls/">8</reference>
        <reference href="https://www.cisecurity.org/controls/">9</reference>
        <reference href="https://www.fbi.gov/file-repository/cjis-security-policy-v5_5_20160601-2-1.pdf">5.4.1.1</reference>
        <reference href="https://www.isaca.org/resources/cobit">APO10.01</reference>
        <reference href="https://www.isaca.org/resources/cobit">APO10.03</reference>
        <reference href="https://www.isaca.org/resources/cobit">APO10.04</reference>
        <reference href="https://www.isaca.org/resources/cobit">APO10.05</reference>
        <reference href="https://www.isaca.org/resources/cobit">APO11.04</reference>
        <reference href="https://www.isaca.org/resources/cobit">APO12.06</reference>
        <reference href="https://www.isaca.org/resources/cobit">APO13.01</reference>
        <reference href="https://www.isaca.org/resources/cobit">BAI03.05</reference>
        <reference href="https://www.isaca.org/resources/cobit">BAI08.02</reference>
        <reference href="https://www.isaca.org/resources/cobit">DSS01.03</reference>
        <reference href="https://www.isaca.org/resources/cobit">DSS01.04</reference>
        <reference href="https://www.isaca.org/resources/cobit">DSS02.02</reference>
        <reference href="https://www.isaca.org/resources/cobit">DSS02.04</reference>
        <reference href="https://www.isaca.org/resources/cobit">DSS02.07</reference>
        <reference href="https://www.isaca.org/resources/cobit">DSS03.01</reference>
        <reference href="https://www.isaca.org/resources/cobit">DSS03.05</reference>
        <reference href="https://www.isaca.org/resources/cobit">DSS05.02</reference>
        <reference href="https://www.isaca.org/resources/cobit">DSS05.03</reference>
        <reference href="https://www.isaca.org/resources/cobit">DSS05.04</reference>
        <reference href="https://www.isaca.org/resources/cobit">DSS05.05</reference>
        <reference href="https://www.isaca.org/resources/cobit">DSS05.07</reference>
        <reference href="https://www.isaca.org/resources/cobit">DSS06.03</reference>
        <reference href="https://www.isaca.org/resources/cobit">MEA01.01</reference>
        <reference href="https://www.isaca.org/resources/cobit">MEA01.02</reference>
        <reference href="https://www.isaca.org/resources/cobit">MEA01.03</reference>
        <reference href="https://www.isaca.org/resources/cobit">MEA01.04</reference>
        <reference href="https://www.isaca.org/resources/cobit">MEA01.05</reference>
        <reference href="https://www.isaca.org/resources/cobit">MEA02.01</reference>
        <reference href="http://nvlpubs.nist.gov/nistpubs/SpecialPublications/NIST.SP.800-171.pdf">3.1.7</reference>
        <reference href="https://www.gpo.gov/fdsys/pkg/CFR-2007-title45-vol1/pdf/CFR-2007-title45-vol1-chapA-subchapC.pdf">164.308(a)(1)(ii)(D)</reference>
        <reference href="https://www.gpo.gov/fdsys/pkg/CFR-2007-title45-vol1/pdf/CFR-2007-title45-vol1-chapA-subchapC.pdf">164.308(a)(3)(ii)(A)</reference>
        <reference href="https://www.gpo.gov/fdsys/pkg/CFR-2007-title45-vol1/pdf/CFR-2007-title45-vol1-chapA-subchapC.pdf">164.308(a)(5)(ii)(C)</reference>
        <reference href="https://www.gpo.gov/fdsys/pkg/CFR-2007-title45-vol1/pdf/CFR-2007-title45-vol1-chapA-subchapC.pdf">164.312(a)(2)(i)</reference>
        <reference href="https://www.gpo.gov/fdsys/pkg/CFR-2007-title45-vol1/pdf/CFR-2007-title45-vol1-chapA-subchapC.pdf">164.312(b)</reference>
        <reference href="https://www.gpo.gov/fdsys/pkg/CFR-2007-title45-vol1/pdf/CFR-2007-title45-vol1-chapA-subchapC.pdf">164.312(d)</reference>
        <reference href="https://www.gpo.gov/fdsys/pkg/CFR-2007-title45-vol1/pdf/CFR-2007-title45-vol1-chapA-subchapC.pdf">164.312(e)</reference>
        <reference href="https://www.isa.org/products/isa-62443-2-1-2009-security-for-industrial-automat">4.2.3.10</reference>
        <reference href="https://www.isa.org/products/isa-62443-2-1-2009-security-for-industrial-automat">4.3.2.6.7</reference>
        <reference href="https://www.isa.org/products/isa-62443-2-1-2009-security-for-industrial-automat">4.3.3.2.2</reference>
        <reference href="https://www.isa.org/products/isa-62443-2-1-2009-security-for-industrial-automat">4.3.3.3.9</reference>
        <reference href="https://www.isa.org/products/isa-62443-2-1-2009-security-for-industrial-automat">4.3.3.5.1</reference>
        <reference href="https://www.isa.org/products/isa-62443-2-1-2009-security-for-industrial-automat">4.3.3.5.2</reference>
        <reference href="https://www.isa.org/products/isa-62443-2-1-2009-security-for-industrial-automat">4.3.3.5.8</reference>
        <reference href="https://www.isa.org/products/isa-62443-2-1-2009-security-for-industrial-automat">4.3.3.6.6</reference>
        <reference href="https://www.isa.org/products/isa-62443-2-1-2009-security-for-industrial-automat">4.3.3.7.2</reference>
        <reference href="https://www.isa.org/products/isa-62443-2-1-2009-security-for-industrial-automat">4.3.3.7.3</reference>
        <reference href="https://www.isa.org/products/isa-62443-2-1-2009-security-for-industrial-automat">4.3.3.7.4</reference>
        <reference href="https://www.isa.org/products/isa-62443-2-1-2009-security-for-industrial-automat">4.3.4.4.7</reference>
        <reference href="https://www.isa.org/products/isa-62443-2-1-2009-security-for-industrial-automat">4.3.4.5.6</reference>
        <reference href="https://www.isa.org/products/isa-62443-2-1-2009-security-for-industrial-automat">4.3.4.5.7</reference>
        <reference href="https://www.isa.org/products/isa-62443-2-1-2009-security-for-industrial-automat">4.3.4.5.8</reference>
        <reference href="https://www.isa.org/products/isa-62443-2-1-2009-security-for-industrial-automat">4.4.2.1</reference>
        <reference href="https://www.isa.org/products/isa-62443-2-1-2009-security-for-industrial-automat">4.4.2.2</reference>
        <reference href="https://www.isa.org/products/isa-62443-2-1-2009-security-for-industrial-automat">4.4.2.4</reference>
        <reference href="https://www.isa.org/products/ansi-isa-62443-3-3-99-03-03-2013-security-for-indu">SR 1.1</reference>
        <reference href="https://www.isa.org/products/ansi-isa-62443-3-3-99-03-03-2013-security-for-indu">SR 1.13</reference>
        <reference href="https://www.isa.org/products/ansi-isa-62443-3-3-99-03-03-2013-security-for-indu">SR 1.2</reference>
        <reference href="https://www.isa.org/products/ansi-isa-62443-3-3-99-03-03-2013-security-for-indu">SR 1.3</reference>
        <reference href="https://www.isa.org/products/ansi-isa-62443-3-3-99-03-03-2013-security-for-indu">SR 1.4</reference>
        <reference href="https://www.isa.org/products/ansi-isa-62443-3-3-99-03-03-2013-security-for-indu">SR 1.5</reference>
        <reference href="https://www.isa.org/products/ansi-isa-62443-3-3-99-03-03-2013-security-for-indu">SR 1.7</reference>
        <reference href="https://www.isa.org/products/ansi-isa-62443-3-3-99-03-03-2013-security-for-indu">SR 1.8</reference>
        <reference href="https://www.isa.org/products/ansi-isa-62443-3-3-99-03-03-2013-security-for-indu">SR 1.9</reference>
        <reference href="https://www.isa.org/products/ansi-isa-62443-3-3-99-03-03-2013-security-for-indu">SR 2.1</reference>
        <reference href="https://www.isa.org/products/ansi-isa-62443-3-3-99-03-03-2013-security-for-indu">SR 2.10</reference>
        <reference href="https://www.isa.org/products/ansi-isa-62443-3-3-99-03-03-2013-security-for-indu">SR 2.11</reference>
        <reference href="https://www.isa.org/products/ansi-isa-62443-3-3-99-03-03-2013-security-for-indu">SR 2.12</reference>
        <reference href="https://www.isa.org/products/ansi-isa-62443-3-3-99-03-03-2013-security-for-indu">SR 2.6</reference>
        <reference href="https://www.isa.org/products/ansi-isa-62443-3-3-99-03-03-2013-security-for-indu">SR 2.8</reference>
        <reference href="https://www.isa.org/products/ansi-isa-62443-3-3-99-03-03-2013-security-for-indu">SR 2.9</reference>
        <reference href="https://www.isa.org/products/ansi-isa-62443-3-3-99-03-03-2013-security-for-indu">SR 3.1</reference>
        <reference href="https://www.isa.org/products/ansi-isa-62443-3-3-99-03-03-2013-security-for-indu">SR 3.5</reference>
        <reference href="https://www.isa.org/products/ansi-isa-62443-3-3-99-03-03-2013-security-for-indu">SR 3.8</reference>
        <reference href="https://www.isa.org/products/ansi-isa-62443-3-3-99-03-03-2013-security-for-indu">SR 4.1</reference>
        <reference href="https://www.isa.org/products/ansi-isa-62443-3-3-99-03-03-2013-security-for-indu">SR 4.3</reference>
        <reference href="https://www.isa.org/products/ansi-isa-62443-3-3-99-03-03-2013-security-for-indu">SR 5.1</reference>
        <reference href="https://www.isa.org/products/ansi-isa-62443-3-3-99-03-03-2013-security-for-indu">SR 5.2</reference>
        <reference href="https://www.isa.org/products/ansi-isa-62443-3-3-99-03-03-2013-security-for-indu">SR 5.3</reference>
        <reference href="https://www.isa.org/products/ansi-isa-62443-3-3-99-03-03-2013-security-for-indu">SR 6.1</reference>
        <reference href="https://www.isa.org/products/ansi-isa-62443-3-3-99-03-03-2013-security-for-indu">SR 6.2</reference>
        <reference href="https://www.isa.org/products/ansi-isa-62443-3-3-99-03-03-2013-security-for-indu">SR 7.1</reference>
        <reference href="https://www.isa.org/products/ansi-isa-62443-3-3-99-03-03-2013-security-for-indu">SR 7.6</reference>
        <reference href="https://www.iso.org/contents/data/standard/05/45/54534.html">A.11.2.6</reference>
        <reference href="https://www.iso.org/contents/data/standard/05/45/54534.html">A.12.4.1</reference>
        <reference href="https://www.iso.org/contents/data/standard/05/45/54534.html">A.12.4.2</reference>
        <reference href="https://www.iso.org/contents/data/standard/05/45/54534.html">A.12.4.3</reference>
        <reference href="https://www.iso.org/contents/data/standard/05/45/54534.html">A.12.4.4</reference>
        <reference href="https://www.iso.org/contents/data/standard/05/45/54534.html">A.12.7.1</reference>
        <reference href="https://www.iso.org/contents/data/standard/05/45/54534.html">A.13.1.1</reference>
        <reference href="https://www.iso.org/contents/data/standard/05/45/54534.html">A.13.2.1</reference>
        <reference href="https://www.iso.org/contents/data/standard/05/45/54534.html">A.14.1.3</reference>
        <reference href="https://www.iso.org/contents/data/standard/05/45/54534.html">A.14.2.7</reference>
        <reference href="https://www.iso.org/contents/data/standard/05/45/54534.html">A.15.2.1</reference>
        <reference href="https://www.iso.org/contents/data/standard/05/45/54534.html">A.15.2.2</reference>
        <reference href="https://www.iso.org/contents/data/standard/05/45/54534.html">A.16.1.4</reference>
        <reference href="https://www.iso.org/contents/data/standard/05/45/54534.html">A.16.1.5</reference>
        <reference href="https://www.iso.org/contents/data/standard/05/45/54534.html">A.16.1.7</reference>
        <reference href="https://www.iso.org/contents/data/standard/05/45/54534.html">A.6.1.2</reference>
        <reference href="https://www.iso.org/contents/data/standard/05/45/54534.html">A.6.2.1</reference>
        <reference href="https://www.iso.org/contents/data/standard/05/45/54534.html">A.6.2.2</reference>
        <reference href="https://www.iso.org/contents/data/standard/05/45/54534.html">A.7.1.1</reference>
        <reference href="https://www.iso.org/contents/data/standard/05/45/54534.html">A.9.1.2</reference>
        <reference href="https://www.iso.org/contents/data/standard/05/45/54534.html">A.9.2.1</reference>
        <reference href="https://www.iso.org/contents/data/standard/05/45/54534.html">A.9.2.2</reference>
        <reference href="https://www.iso.org/contents/data/standard/05/45/54534.html">A.9.2.3</reference>
        <reference href="https://www.iso.org/contents/data/standard/05/45/54534.html">A.9.2.4</reference>
        <reference href="https://www.iso.org/contents/data/standard/05/45/54534.html">A.9.2.6</reference>
        <reference href="https://www.iso.org/contents/data/standard/05/45/54534.html">A.9.3.1</reference>
        <reference href="https://www.iso.org/contents/data/standard/05/45/54534.html">A.9.4.1</reference>
        <reference href="https://www.iso.org/contents/data/standard/05/45/54534.html">A.9.4.2</reference>
        <reference href="https://www.iso.org/contents/data/standard/05/45/54534.html">A.9.4.3</reference>
        <reference href="https://www.iso.org/contents/data/standard/05/45/54534.html">A.9.4.4</reference>
        <reference href="https://www.iso.org/contents/data/standard/05/45/54534.html">A.9.4.5</reference>
        <reference href="https://www.nerc.com/standards/reliability-standards/cip">CIP-004-6 R2.2.2</reference>
        <reference href="https://www.nerc.com/standards/reliability-standards/cip">CIP-004-6 R2.2.3</reference>
        <reference href="https://www.nerc.com/standards/reliability-standards/cip">CIP-007-3 R.1.3</reference>
        <reference href="https://www.nerc.com/standards/reliability-standards/cip">CIP-007-3 R5</reference>
        <reference href="https://www.nerc.com/standards/reliability-standards/cip">CIP-007-3 R5.1.1</reference>
        <reference href="https://www.nerc.com/standards/reliability-standards/cip">CIP-007-3 R5.1.3</reference>
        <reference href="https://www.nerc.com/standards/reliability-standards/cip">CIP-007-3 R5.2.1</reference>
        <reference href="https://www.nerc.com/standards/reliability-standards/cip">CIP-007-3 R5.2.3</reference>
        <reference href="http://nvlpubs.nist.gov/nistpubs/SpecialPublications/NIST.SP.800-53r4.pdf">AC-2(4)</reference>
        <reference href="http://nvlpubs.nist.gov/nistpubs/SpecialPublications/NIST.SP.800-53r4.pdf">AU-2(d)</reference>
        <reference href="http://nvlpubs.nist.gov/nistpubs/SpecialPublications/NIST.SP.800-53r4.pdf">AU-12(c)</reference>
        <reference href="http://nvlpubs.nist.gov/nistpubs/SpecialPublications/NIST.SP.800-53r4.pdf">AC-6(9)</reference>
        <reference href="http://nvlpubs.nist.gov/nistpubs/SpecialPublications/NIST.SP.800-53r4.pdf">CM-6(a)</reference>
        <reference href="https://nvlpubs.nist.gov/nistpubs/CSWP/NIST.CSWP.04162018.pdf">DE.AE-3</reference>
        <reference href="https://nvlpubs.nist.gov/nistpubs/CSWP/NIST.CSWP.04162018.pdf">DE.AE-5</reference>
        <reference href="https://nvlpubs.nist.gov/nistpubs/CSWP/NIST.CSWP.04162018.pdf">DE.CM-1</reference>
        <reference href="https://nvlpubs.nist.gov/nistpubs/CSWP/NIST.CSWP.04162018.pdf">DE.CM-3</reference>
        <reference href="https://nvlpubs.nist.gov/nistpubs/CSWP/NIST.CSWP.04162018.pdf">DE.CM-7</reference>
        <reference href="https://nvlpubs.nist.gov/nistpubs/CSWP/NIST.CSWP.04162018.pdf">ID.SC-4</reference>
        <reference href="https://nvlpubs.nist.gov/nistpubs/CSWP/NIST.CSWP.04162018.pdf">PR.AC-1</reference>
        <reference href="https://nvlpubs.nist.gov/nistpubs/CSWP/NIST.CSWP.04162018.pdf">PR.AC-3</reference>
        <reference href="https://nvlpubs.nist.gov/nistpubs/CSWP/NIST.CSWP.04162018.pdf">PR.AC-4</reference>
        <reference href="https://nvlpubs.nist.gov/nistpubs/CSWP/NIST.CSWP.04162018.pdf">PR.AC-6</reference>
        <reference href="https://nvlpubs.nist.gov/nistpubs/CSWP/NIST.CSWP.04162018.pdf">PR.PT-1</reference>
        <reference href="https://nvlpubs.nist.gov/nistpubs/CSWP/NIST.CSWP.04162018.pdf">PR.PT-4</reference>
        <reference href="https://nvlpubs.nist.gov/nistpubs/CSWP/NIST.CSWP.04162018.pdf">RS.AN-1</reference>
        <reference href="https://nvlpubs.nist.gov/nistpubs/CSWP/NIST.CSWP.04162018.pdf">RS.AN-4</reference>
        <reference href="https://www.pcisecuritystandards.org/documents/PCI_DSS_v3-2-1.pdf">Req-10.2.5</reference>
        <reference href="https://www.cyber.mil/stigs/downloads/?_dl_facet_stigs=operating-systems%2Cgeneral-purpose-os">SRG-OS-000004-GPOS-00004</reference>
        <reference href="https://www.cyber.mil/stigs/downloads/?_dl_facet_stigs=operating-systems%2Cgeneral-purpose-os">SRG-OS-000037-GPOS-00015</reference>
        <reference href="https://www.cyber.mil/stigs/downloads/?_dl_facet_stigs=operating-systems%2Cgeneral-purpose-os">SRG-OS-000042-GPOS-00020</reference>
        <reference href="https://www.cyber.mil/stigs/downloads/?_dl_facet_stigs=operating-systems%2Cgeneral-purpose-os">SRG-OS-000062-GPOS-00031</reference>
        <reference href="https://www.cyber.mil/stigs/downloads/?_dl_facet_stigs=operating-systems%2Cgeneral-purpose-os">SRG-OS-000304-GPOS-00121</reference>
        <reference href="https://www.cyber.mil/stigs/downloads/?_dl_facet_stigs=operating-systems%2Cgeneral-purpose-os">SRG-OS-000392-GPOS-00172</reference>
        <reference href="https://www.cyber.mil/stigs/downloads/?_dl_facet_stigs=operating-systems%2Cgeneral-purpose-os">SRG-OS-000462-GPOS-00206</reference>
        <reference href="https://www.cyber.mil/stigs/downloads/?_dl_facet_stigs=operating-systems%2Cgeneral-purpose-os">SRG-OS-000470-GPOS-00214</reference>
        <reference href="https://www.cyber.mil/stigs/downloads/?_dl_facet_stigs=operating-systems%2Cgeneral-purpose-os">SRG-OS-000471-GPOS-00215</reference>
        <reference href="https://www.cyber.mil/stigs/downloads/?_dl_facet_stigs=operating-systems%2Cgeneral-purpose-os">SRG-OS-000239-GPOS-00089</reference>
        <reference href="https://www.cyber.mil/stigs/downloads/?_dl_facet_stigs=operating-systems%2Cgeneral-purpose-os">SRG-OS-000240-GPOS-00090</reference>
        <reference href="https://www.cyber.mil/stigs/downloads/?_dl_facet_stigs=operating-systems%2Cgeneral-purpose-os">SRG-OS-000241-GPOS-00091</reference>
        <reference href="https://www.cyber.mil/stigs/downloads/?_dl_facet_stigs=operating-systems%2Cgeneral-purpose-os">SRG-OS-000303-GPOS-00120</reference>
        <reference href="https://www.cyber.mil/stigs/downloads/?_dl_facet_stigs=operating-systems%2Cgeneral-purpose-os">SRG-OS-000304-GPOS-00121</reference>
        <reference href="https://www.cyber.mil/stigs/downloads/?_dl_facet_stigs=operating-systems%2Cgeneral-purpose-os">SRG-OS-000466-GPOS-00210</reference>
        <reference href="https://www.cyber.mil/stigs/downloads/?_dl_facet_stigs=operating-systems%2Cgeneral-purpose-os">SRG-OS-000476-GPOS-00221</reference>
        <reference href="https://www.cyber.mil/stigs/downloads/?_dl_facet_stigs=operating-systems%2Cgeneral-purpose-os">SRG-OS-000274-GPOS-00104</reference>
        <reference href="https://www.cyber.mil/stigs/downloads/?_dl_facet_stigs=operating-systems%2Cgeneral-purpose-os">SRG-OS-000275-GPOS-00105</reference>
        <reference href="https://www.cyber.mil/stigs/downloads/?_dl_facet_stigs=operating-systems%2Cgeneral-purpose-os">SRG-OS-000276-GPOS-00106</reference>
        <reference href="https://www.cyber.mil/stigs/downloads/?_dl_facet_stigs=operating-systems%2Cgeneral-purpose-os">SRG-OS-000277-GPOS-00107</reference>
        <reference href="https://www.cyber.mil/stigs/downloads/?_dl_facet_stigs=app-security">SRG-APP-000495-CTR-001235</reference>
        <reference href="https://www.cyber.mil/stigs/downloads/?_dl_facet_stigs=app-security">SRG-APP-000499-CTR-001255</reference>
        <reference href="https://www.cyber.mil/stigs/downloads/?_dl_facet_stigs=app-security">SRG-APP-000503-CTR-001275</reference>
        <reference href="https://www.cyber.mil/stigs/downloads/?_dl_facet_stigs=operating-systems%2Cunix-linux">SLES-15-030000</reference>
        <reference href="https://www.cisecurity.org/benchmark/suse_linux/">4.1.4</reference>
        <reference href="https://cyber.gouv.fr/sites/default/files/document/linux_configuration-en-v2.pdf">R73</reference>
        <reference href="not_publicly_available">SLES-15-750450240</reference>
        <reference href="https://www.cyber.gov.au/acsc/view-all-content/ism">0582</reference>
        <reference href="https://docs-prv.pcisecuritystandards.org/PCI%20DSS/Standard/PCI-DSS-v4_0.pdf">10.2.1.5</reference>
        <reference href="https://docs-prv.pcisecuritystandards.org/PCI%20DSS/Standard/PCI-DSS-v4_0.pdf">10.2.1</reference>
        <reference href="https://docs-prv.pcisecuritystandards.org/PCI%20DSS/Standard/PCI-DSS-v4_0.pdf">10.2</reference>
        <reference href="https://www.cyber.mil/stigs/srg-stig-tools/">SV-234899r1009634_rule</reference>
        <rationale xmlns:xhtml="http://www.w3.org/1999/xhtml" xml:lang="en-US">In addition to auditing new user and group accounts, these watches
will alert the system administrator(s) to any modifications. Any unexpected
users, groups, or modifications should be investigated for legitimacy.</rationale>
        <ident system="https://ncp.nist.gov/cce">CCE-85577-5</ident>
        <fix xmlns:xhtml="http://www.w3.org/1999/xhtml" id="audit_rules_usergroup_modification_passwd" system="urn:xccdf:fix:script:sh"># Remediation is applicable only in certain platforms
if rpm --quiet -q audit &amp;&amp; rpm --quiet -q kernel-default || rpm --quiet -q kernel-default-base; then

# Perform the remediation for both possible tools: 'auditctl' and 'augenrules'






# Create a list of audit *.rules files that should be inspected for presence and correctness
# of a particular audit rule. The scheme is as follows:
#
# -----------------------------------------------------------------------------------------
# Tool used to load audit rules	| Rule already defined	|  Audit rules file to inspect	  |
# -----------------------------------------------------------------------------------------
#	auditctl		|     Doesn't matter	|  /etc/audit/audit.rules	  |
# -----------------------------------------------------------------------------------------
# 	augenrules		|          Yes		|  /etc/audit/rules.d/*.rules	  |
# 	augenrules		|          No		|  /etc/audit/rules.d/$key.rules  |
# -----------------------------------------------------------------------------------------
files_to_inspect=()


# If the audit tool is 'auditctl', then add '/etc/audit/audit.rules'
# into the list of files to be inspected
files_to_inspect+=('/etc/audit/audit.rules')

# Finally perform the inspection and possible subsequent audit rule
# correction for each of the files previously identified for inspection
for audit_rules_file in "${files_to_inspect[@]}"
do
    # Check if audit watch file system object rule for given path already present

    if grep -q -P -- "^[\s]*-w[\s]+/etc/passwd" "$audit_rules_file"

    then
        # Rule is found =&gt; verify yet if existing rule definition contains
        # all of the required access type bits

        # Define BRE whitespace class shortcut
        sp="[[:space:]]"
        # Extract current permission access types (e.g. -p [r|w|x|a] values) from audit rule

        current_access_bits=$(sed -ne "s#$sp*-w$sp\+/etc/passwd $sp\+-p$sp\+\([rxwa]\{1,4\}\).*#\1#p" "$audit_rules_file")

        # Split required access bits string into characters array
        # (to check bit's presence for one bit at a time)
        for access_bit in $(echo "wa" | grep -o .)
        do
            # For each from the required access bits (e.g. 'w', 'a') check
            # if they are already present in current access bits for rule.
            # If not, append that bit at the end
            if ! grep -q "$access_bit" &lt;&lt;&lt; "$current_access_bits"
            then
                # Concatenate the existing mask with the missing bit
                current_access_bits="$current_access_bits$access_bit"
            fi
        done
        # Propagate the updated rule's access bits (original + the required
        # ones) back into the /etc/audit/audit.rules file for that rule

        sed -i "s#\($sp*-w$sp\+/etc/passwd$sp\+-p$sp\+\)\([rxwa]\{1,4\}\)\(.*\)#\1$current_access_bits\3#" "$audit_rules_file"

    else
        # Rule isn't present yet. Append it at the end of $audit_rules_file file
        # with proper key


        echo "-w /etc/passwd -p wa -k audit_rules_usergroup_modification_passwd" &gt;&gt; "$audit_rules_file"

    fi
done
# Create a list of audit *.rules files that should be inspected for presence and correctness
# of a particular audit rule. The scheme is as follows:
#
# -----------------------------------------------------------------------------------------
# Tool used to load audit rules	| Rule already defined	|  Audit rules file to inspect	  |
# -----------------------------------------------------------------------------------------
#	auditctl		|     Doesn't matter	|  /etc/audit/audit.rules	  |
# -----------------------------------------------------------------------------------------
# 	augenrules		|          Yes		|  /etc/audit/rules.d/*.rules	  |
# 	augenrules		|          No		|  /etc/audit/rules.d/$key.rules  |
# -----------------------------------------------------------------------------------------
files_to_inspect=()

# If the audit is 'augenrules', then check if rule is already defined
# If rule is defined, add '/etc/audit/rules.d/*.rules' to list of files for inspection.
# If rule isn't defined, add '/etc/audit/rules.d/audit_rules_usergroup_modification_passwd.rules' to list of files for inspection.

readarray -t matches &lt; &lt;(grep -HP "[\s]*-w[\s]+/etc/passwd" /etc/audit/rules.d/*.rules)


# For each of the matched entries
for match in "${matches[@]}"
do
    # Extract filepath from the match
    rulesd_audit_file=$(echo $match | cut -f1 -d ':')
    # Append that path into list of files for inspection
    files_to_inspect+=("$rulesd_audit_file")
done
# Case when particular audit rule isn't defined yet
if [ "${#files_to_inspect[@]}" -eq "0" ]
then
    # Append '/etc/audit/rules.d/audit_rules_usergroup_modification_passwd.rules' into list of files for inspection
    key_rule_file="/etc/audit/rules.d/audit_rules_usergroup_modification_passwd.rules"
    # If the audit_rules_usergroup_modification_passwd.rules file doesn't exist yet, create it with correct permissions
    if [ ! -e "$key_rule_file" ]
    then
        touch "$key_rule_file"
        chmod 0600 "$key_rule_file"
    fi
    files_to_inspect+=("$key_rule_file")
fi

# Finally perform the inspection and possible subsequent audit rule
# correction for each of the files previously identified for inspection
for audit_rules_file in "${files_to_inspect[@]}"
do
    # Check if audit watch file system object rule for given path already present

    if grep -q -P -- "^[\s]*-w[\s]+/etc/passwd" "$audit_rules_file"

    then
        # Rule is found =&gt; verify yet if existing rule definition contains
        # all of the required access type bits

        # Define BRE whitespace class shortcut
        sp="[[:space:]]"
        # Extract current permission access types (e.g. -p [r|w|x|a] values) from audit rule

        current_access_bits=$(sed -ne "s#$sp*-w$sp\+/etc/passwd $sp\+-p$sp\+\([rxwa]\{1,4\}\).*#\1#p" "$audit_rules_file")

        # Split required access bits string into characters array
        # (to check bit's presence for one bit at a time)
        for access_bit in $(echo "wa" | grep -o .)
        do
            # For each from the required access bits (e.g. 'w', 'a') check
            # if they are already present in current access bits for rule.
            # If not, append that bit at the end
            if ! grep -q "$access_bit" &lt;&lt;&lt; "$current_access_bits"
            then
                # Concatenate the existing mask with the missing bit
                current_access_bits="$current_access_bits$access_bit"
            fi
        done
        # Propagate the updated rule's access bits (original + the required
        # ones) back into the /etc/audit/audit.rules file for that rule

        sed -i "s#\($sp*-w$sp\+/etc/passwd$sp\+-p$sp\+\)\([rxwa]\{1,4\}\)\(.*\)#\1$current_access_bits\3#" "$audit_rules_file"

    else
        # Rule isn't present yet. Append it at the end of $audit_rules_file file
        # with proper key


        echo "-w /etc/passwd -p wa -k audit_rules_usergroup_modification_passwd" &gt;&gt; "$audit_rules_file"

    fi
done

else
    &gt;&amp;2 echo 'Remediation is not applicable, nothing was done'
fi
</fix>
        <fix xmlns:xhtml="http://www.w3.org/1999/xhtml" id="audit_rules_usergroup_modification_passwd" system="urn:xccdf:fix:script:ansible" complexity="low" disruption="low" strategy="restrict">- name: Gather the package facts
  package_facts:
    manager: auto
  tags:
  - CCE-85577-5
  - CJIS-5.4.1.1
  - DISA-STIG-SLES-15-030000
  - NIST-800-171-3.1.7
  - NIST-800-53-AC-2(4)
  - NIST-800-53-AC-6(9)
  - NIST-800-53-AU-12(c)
  - NIST-800-53-AU-2(d)
  - NIST-800-53-CM-6(a)
  - PCI-DSS-Req-10.2.5
  - PCI-DSSv4-10.2
  - PCI-DSSv4-10.2.1
  - PCI-DSSv4-10.2.1.5
  - audit_rules_usergroup_modification_passwd
  - low_complexity
  - low_disruption
  - medium_severity
  - no_reboot_needed
  - restrict_strategy

- name: Record Events that Modify User/Group Information - /etc/passwd - Check if
    watch rule for /etc/passwd already exists in /etc/audit/rules.d/
  ansible.builtin.find:
    paths: /etc/audit/rules.d
    contains: ^\s*-w\s+/etc/passwd\s+-p\s+wa(\s|$)+
    patterns: '*.rules'
  register: find_existing_watch_rules_d
  when:
  - '"audit" in ansible_facts.packages'
  - ("kernel-default" in ansible_facts.packages or "kernel-default-base" in ansible_facts.packages)
  tags:
  - CCE-85577-5
  - CJIS-5.4.1.1
  - DISA-STIG-SLES-15-030000
  - NIST-800-171-3.1.7
  - NIST-800-53-AC-2(4)
  - NIST-800-53-AC-6(9)
  - NIST-800-53-AU-12(c)
  - NIST-800-53-AU-2(d)
  - NIST-800-53-CM-6(a)
  - PCI-DSS-Req-10.2.5
  - PCI-DSSv4-10.2
  - PCI-DSSv4-10.2.1
  - PCI-DSSv4-10.2.1.5
  - audit_rules_usergroup_modification_passwd
  - low_complexity
  - low_disruption
  - medium_severity
  - no_reboot_needed
  - restrict_strategy

- name: Record Events that Modify User/Group Information - /etc/passwd - Search /etc/audit/rules.d
    for other rules with specified key audit_rules_usergroup_modification_passwd
  ansible.builtin.find:
    paths: /etc/audit/rules.d
    contains: ^.*(?:-F key=|-k\s+)audit_rules_usergroup_modification_passwd$
    patterns: '*.rules'
  register: find_watch_key
  when:
  - '"audit" in ansible_facts.packages'
  - ("kernel-default" in ansible_facts.packages or "kernel-default-base" in ansible_facts.packages)
  - find_existing_watch_rules_d.matched is defined and find_existing_watch_rules_d.matched
    == 0
  tags:
  - CCE-85577-5
  - CJIS-5.4.1.1
  - DISA-STIG-SLES-15-030000
  - NIST-800-171-3.1.7
  - NIST-800-53-AC-2(4)
  - NIST-800-53-AC-6(9)
  - NIST-800-53-AU-12(c)
  - NIST-800-53-AU-2(d)
  - NIST-800-53-CM-6(a)
  - PCI-DSS-Req-10.2.5
  - PCI-DSSv4-10.2
  - PCI-DSSv4-10.2.1
  - PCI-DSSv4-10.2.1.5
  - audit_rules_usergroup_modification_passwd
  - low_complexity
  - low_disruption
  - medium_severity
  - no_reboot_needed
  - restrict_strategy

- name: Record Events that Modify User/Group Information - /etc/passwd - Use /etc/audit/rules.d/audit_rules_usergroup_modification_passwd.rules
    as the recipient for the rule
  ansible.builtin.set_fact:
    all_files:
    - /etc/audit/rules.d/audit_rules_usergroup_modification_passwd.rules
  when:
  - '"audit" in ansible_facts.packages'
  - ("kernel-default" in ansible_facts.packages or "kernel-default-base" in ansible_facts.packages)
  - find_watch_key.matched is defined and find_watch_key.matched == 0 and find_existing_watch_rules_d.matched
    is defined and find_existing_watch_rules_d.matched == 0
  tags:
  - CCE-85577-5
  - CJIS-5.4.1.1
  - DISA-STIG-SLES-15-030000
  - NIST-800-171-3.1.7
  - NIST-800-53-AC-2(4)
  - NIST-800-53-AC-6(9)
  - NIST-800-53-AU-12(c)
  - NIST-800-53-AU-2(d)
  - NIST-800-53-CM-6(a)
  - PCI-DSS-Req-10.2.5
  - PCI-DSSv4-10.2
  - PCI-DSSv4-10.2.1
  - PCI-DSSv4-10.2.1.5
  - audit_rules_usergroup_modification_passwd
  - low_complexity
  - low_disruption
  - medium_severity
  - no_reboot_needed
  - restrict_strategy

- name: Record Events that Modify User/Group Information - /etc/passwd - Use matched
    file as the recipient for the rule
  ansible.builtin.set_fact:
    all_files:
    - '{{ find_watch_key.files | map(attribute=''path'') | list | first }}'
  when:
  - '"audit" in ansible_facts.packages'
  - ("kernel-default" in ansible_facts.packages or "kernel-default-base" in ansible_facts.packages)
  - find_watch_key.matched is defined and find_watch_key.matched &gt; 0 and find_existing_watch_rules_d.matched
    is defined and find_existing_watch_rules_d.matched == 0
  tags:
  - CCE-85577-5
  - CJIS-5.4.1.1
  - DISA-STIG-SLES-15-030000
  - NIST-800-171-3.1.7
  - NIST-800-53-AC-2(4)
  - NIST-800-53-AC-6(9)
  - NIST-800-53-AU-12(c)
  - NIST-800-53-AU-2(d)
  - NIST-800-53-CM-6(a)
  - PCI-DSS-Req-10.2.5
  - PCI-DSSv4-10.2
  - PCI-DSSv4-10.2.1
  - PCI-DSSv4-10.2.1.5
  - audit_rules_usergroup_modification_passwd
  - low_complexity
  - low_disruption
  - medium_severity
  - no_reboot_needed
  - restrict_strategy

- name: Record Events that Modify User/Group Information - /etc/passwd - Add watch
    rule for /etc/passwd in /etc/audit/rules.d/
  ansible.builtin.lineinfile:
    path: '{{ all_files[0] }}'
    line: -w /etc/passwd -p wa -k audit_rules_usergroup_modification_passwd
    create: true
    mode: '0600'
  when:
  - '"audit" in ansible_facts.packages'
  - ("kernel-default" in ansible_facts.packages or "kernel-default-base" in ansible_facts.packages)
  - find_existing_watch_rules_d.matched is defined and find_existing_watch_rules_d.matched
    == 0
  tags:
  - CCE-85577-5
  - CJIS-5.4.1.1
  - DISA-STIG-SLES-15-030000
  - NIST-800-171-3.1.7
  - NIST-800-53-AC-2(4)
  - NIST-800-53-AC-6(9)
  - NIST-800-53-AU-12(c)
  - NIST-800-53-AU-2(d)
  - NIST-800-53-CM-6(a)
  - PCI-DSS-Req-10.2.5
  - PCI-DSSv4-10.2
  - PCI-DSSv4-10.2.1
  - PCI-DSSv4-10.2.1.5
  - audit_rules_usergroup_modification_passwd
  - low_complexity
  - low_disruption
  - medium_severity
  - no_reboot_needed
  - restrict_strategy

- name: Record Events that Modify User/Group Information - /etc/passwd - Check if
    watch rule for /etc/passwd already exists in /etc/audit/audit.rules
  ansible.builtin.find:
    paths: /etc/audit/
    contains: ^\s*-w\s+/etc/passwd\s+-p\s+wa(\s|$)+
    patterns: audit.rules
  register: find_existing_watch_audit_rules
  when:
  - '"audit" in ansible_facts.packages'
  - ("kernel-default" in ansible_facts.packages or "kernel-default-base" in ansible_facts.packages)
  tags:
  - CCE-85577-5
  - CJIS-5.4.1.1
  - DISA-STIG-SLES-15-030000
  - NIST-800-171-3.1.7
  - NIST-800-53-AC-2(4)
  - NIST-800-53-AC-6(9)
  - NIST-800-53-AU-12(c)
  - NIST-800-53-AU-2(d)
  - NIST-800-53-CM-6(a)
  - PCI-DSS-Req-10.2.5
  - PCI-DSSv4-10.2
  - PCI-DSSv4-10.2.1
  - PCI-DSSv4-10.2.1.5
  - audit_rules_usergroup_modification_passwd
  - low_complexity
  - low_disruption
  - medium_severity
  - no_reboot_needed
  - restrict_strategy

- name: Record Events that Modify User/Group Information - /etc/passwd - Add watch
    rule for /etc/passwd in /etc/audit/audit.rules
  ansible.builtin.lineinfile:
    line: -w /etc/passwd -p wa -k audit_rules_usergroup_modification_passwd
    state: present
    dest: /etc/audit/audit.rules
    create: true
    mode: '0600'
  when:
  - '"audit" in ansible_facts.packages'
  - ("kernel-default" in ansible_facts.packages or "kernel-default-base" in ansible_facts.packages)
  - find_existing_watch_audit_rules.matched is defined and find_existing_watch_audit_rules.matched
    == 0
  tags:
  - CCE-85577-5
  - CJIS-5.4.1.1
  - DISA-STIG-SLES-15-030000
  - NIST-800-171-3.1.7
  - NIST-800-53-AC-2(4)
  - NIST-800-53-AC-6(9)
  - NIST-800-53-AU-12(c)
  - NIST-800-53-AU-2(d)
  - NIST-800-53-CM-6(a)
  - PCI-DSS-Req-10.2.5
  - PCI-DSSv4-10.2
  - PCI-DSSv4-10.2.1
  - PCI-DSSv4-10.2.1.5
  - audit_rules_usergroup_modification_passwd
  - low_complexity
  - low_disruption
  - medium_severity
  - no_reboot_needed
  - restrict_strategy
</fix>
        <check system="http://oval.mitre.org/XMLSchema/oval-definitions-5">
          <check-content-ref name="oval:ssg-audit_rules_usergroup_modification_passwd:def:1" href="ssg-sle15-oval.xml"/>
        </check>
        <check system="http://scap.nist.gov/schema/ocil/2">
          <check-content-ref name="ocil:ssg-audit_rules_usergroup_modification_passwd_ocil:questionnaire:1" href="ssg-sle15-ocil.xml"/>
        </check>
      </Rule>
      <Rule id="xccdf_org.ssgproject.content_rule_audit_rules_usergroup_modification_shadow" selected="false" role="full" severity="medium">
        <title xmlns:xhtml="http://www.w3.org/1999/xhtml" xml:lang="en-US">Record Events that Modify User/Group Information - /etc/shadow</title>
        <description xmlns:xhtml="http://www.w3.org/1999/xhtml" xml:lang="en-US">



If the <html:code xmlns:html="http://www.w3.org/1999/xhtml">auditd</html:code> daemon is configured to use the <html:code xmlns:html="http://www.w3.org/1999/xhtml">augenrules</html:code>
program to read audit rules during daemon startup (the default), add the
following lines to a file with suffix <html:code xmlns:html="http://www.w3.org/1999/xhtml">.rules</html:code> in the
directory <html:code xmlns:html="http://www.w3.org/1999/xhtml">/etc/audit/rules.d</html:code>:

<html:pre xmlns:html="http://www.w3.org/1999/xhtml">-w /etc/shadow -p wa -k audit_rules_usergroup_modification</html:pre>

If the <html:code xmlns:html="http://www.w3.org/1999/xhtml">auditd</html:code> daemon is configured to use the <html:code xmlns:html="http://www.w3.org/1999/xhtml">auditctl</html:code>
utility to read audit rules during daemon startup, add the following lines to
<html:code xmlns:html="http://www.w3.org/1999/xhtml">/etc/audit/audit.rules</html:code>:

<html:pre xmlns:html="http://www.w3.org/1999/xhtml">-w /etc/shadow -p wa -k audit_rules_usergroup_modification</html:pre>
      </description>
        <reference href="https://www.cisecurity.org/controls/">1</reference>
        <reference href="https://www.cisecurity.org/controls/">11</reference>
        <reference href="https://www.cisecurity.org/controls/">12</reference>
        <reference href="https://www.cisecurity.org/controls/">13</reference>
        <reference href="https://www.cisecurity.org/controls/">14</reference>
        <reference href="https://www.cisecurity.org/controls/">15</reference>
        <reference href="https://www.cisecurity.org/controls/">16</reference>
        <reference href="https://www.cisecurity.org/controls/">18</reference>
        <reference href="https://www.cisecurity.org/controls/">19</reference>
        <reference href="https://www.cisecurity.org/controls/">2</reference>
        <reference href="https://www.cisecurity.org/controls/">3</reference>
        <reference href="https://www.cisecurity.org/controls/">4</reference>
        <reference href="https://www.cisecurity.org/controls/">5</reference>
        <reference href="https://www.cisecurity.org/controls/">6</reference>
        <reference href="https://www.cisecurity.org/controls/">7</reference>
        <reference href="https://www.cisecurity.org/controls/">8</reference>
        <reference href="https://www.cisecurity.org/controls/">9</reference>
        <reference href="https://www.fbi.gov/file-repository/cjis-security-policy-v5_5_20160601-2-1.pdf">5.4.1.1</reference>
        <reference href="https://www.isaca.org/resources/cobit">APO10.01</reference>
        <reference href="https://www.isaca.org/resources/cobit">APO10.03</reference>
        <reference href="https://www.isaca.org/resources/cobit">APO10.04</reference>
        <reference href="https://www.isaca.org/resources/cobit">APO10.05</reference>
        <reference href="https://www.isaca.org/resources/cobit">APO11.04</reference>
        <reference href="https://www.isaca.org/resources/cobit">APO12.06</reference>
        <reference href="https://www.isaca.org/resources/cobit">APO13.01</reference>
        <reference href="https://www.isaca.org/resources/cobit">BAI03.05</reference>
        <reference href="https://www.isaca.org/resources/cobit">BAI08.02</reference>
        <reference href="https://www.isaca.org/resources/cobit">DSS01.03</reference>
        <reference href="https://www.isaca.org/resources/cobit">DSS01.04</reference>
        <reference href="https://www.isaca.org/resources/cobit">DSS02.02</reference>
        <reference href="https://www.isaca.org/resources/cobit">DSS02.04</reference>
        <reference href="https://www.isaca.org/resources/cobit">DSS02.07</reference>
        <reference href="https://www.isaca.org/resources/cobit">DSS03.01</reference>
        <reference href="https://www.isaca.org/resources/cobit">DSS03.05</reference>
        <reference href="https://www.isaca.org/resources/cobit">DSS05.02</reference>
        <reference href="https://www.isaca.org/resources/cobit">DSS05.03</reference>
        <reference href="https://www.isaca.org/resources/cobit">DSS05.04</reference>
        <reference href="https://www.isaca.org/resources/cobit">DSS05.05</reference>
        <reference href="https://www.isaca.org/resources/cobit">DSS05.07</reference>
        <reference href="https://www.isaca.org/resources/cobit">DSS06.03</reference>
        <reference href="https://www.isaca.org/resources/cobit">MEA01.01</reference>
        <reference href="https://www.isaca.org/resources/cobit">MEA01.02</reference>
        <reference href="https://www.isaca.org/resources/cobit">MEA01.03</reference>
        <reference href="https://www.isaca.org/resources/cobit">MEA01.04</reference>
        <reference href="https://www.isaca.org/resources/cobit">MEA01.05</reference>
        <reference href="https://www.isaca.org/resources/cobit">MEA02.01</reference>
        <reference href="http://nvlpubs.nist.gov/nistpubs/SpecialPublications/NIST.SP.800-171.pdf">3.1.7</reference>
        <reference href="https://www.gpo.gov/fdsys/pkg/CFR-2007-title45-vol1/pdf/CFR-2007-title45-vol1-chapA-subchapC.pdf">164.308(a)(1)(ii)(D)</reference>
        <reference href="https://www.gpo.gov/fdsys/pkg/CFR-2007-title45-vol1/pdf/CFR-2007-title45-vol1-chapA-subchapC.pdf">164.308(a)(3)(ii)(A)</reference>
        <reference href="https://www.gpo.gov/fdsys/pkg/CFR-2007-title45-vol1/pdf/CFR-2007-title45-vol1-chapA-subchapC.pdf">164.308(a)(5)(ii)(C)</reference>
        <reference href="https://www.gpo.gov/fdsys/pkg/CFR-2007-title45-vol1/pdf/CFR-2007-title45-vol1-chapA-subchapC.pdf">164.312(a)(2)(i)</reference>
        <reference href="https://www.gpo.gov/fdsys/pkg/CFR-2007-title45-vol1/pdf/CFR-2007-title45-vol1-chapA-subchapC.pdf">164.312(b)</reference>
        <reference href="https://www.gpo.gov/fdsys/pkg/CFR-2007-title45-vol1/pdf/CFR-2007-title45-vol1-chapA-subchapC.pdf">164.312(d)</reference>
        <reference href="https://www.gpo.gov/fdsys/pkg/CFR-2007-title45-vol1/pdf/CFR-2007-title45-vol1-chapA-subchapC.pdf">164.312(e)</reference>
        <reference href="https://www.isa.org/products/isa-62443-2-1-2009-security-for-industrial-automat">4.2.3.10</reference>
        <reference href="https://www.isa.org/products/isa-62443-2-1-2009-security-for-industrial-automat">4.3.2.6.7</reference>
        <reference href="https://www.isa.org/products/isa-62443-2-1-2009-security-for-industrial-automat">4.3.3.2.2</reference>
        <reference href="https://www.isa.org/products/isa-62443-2-1-2009-security-for-industrial-automat">4.3.3.3.9</reference>
        <reference href="https://www.isa.org/products/isa-62443-2-1-2009-security-for-industrial-automat">4.3.3.5.1</reference>
        <reference href="https://www.isa.org/products/isa-62443-2-1-2009-security-for-industrial-automat">4.3.3.5.2</reference>
        <reference href="https://www.isa.org/products/isa-62443-2-1-2009-security-for-industrial-automat">4.3.3.5.8</reference>
        <reference href="https://www.isa.org/products/isa-62443-2-1-2009-security-for-industrial-automat">4.3.3.6.6</reference>
        <reference href="https://www.isa.org/products/isa-62443-2-1-2009-security-for-industrial-automat">4.3.3.7.2</reference>
        <reference href="https://www.isa.org/products/isa-62443-2-1-2009-security-for-industrial-automat">4.3.3.7.3</reference>
        <reference href="https://www.isa.org/products/isa-62443-2-1-2009-security-for-industrial-automat">4.3.3.7.4</reference>
        <reference href="https://www.isa.org/products/isa-62443-2-1-2009-security-for-industrial-automat">4.3.4.4.7</reference>
        <reference href="https://www.isa.org/products/isa-62443-2-1-2009-security-for-industrial-automat">4.3.4.5.6</reference>
        <reference href="https://www.isa.org/products/isa-62443-2-1-2009-security-for-industrial-automat">4.3.4.5.7</reference>
        <reference href="https://www.isa.org/products/isa-62443-2-1-2009-security-for-industrial-automat">4.3.4.5.8</reference>
        <reference href="https://www.isa.org/products/isa-62443-2-1-2009-security-for-industrial-automat">4.4.2.1</reference>
        <reference href="https://www.isa.org/products/isa-62443-2-1-2009-security-for-industrial-automat">4.4.2.2</reference>
        <reference href="https://www.isa.org/products/isa-62443-2-1-2009-security-for-industrial-automat">4.4.2.4</reference>
        <reference href="https://www.isa.org/products/ansi-isa-62443-3-3-99-03-03-2013-security-for-indu">SR 1.1</reference>
        <reference href="https://www.isa.org/products/ansi-isa-62443-3-3-99-03-03-2013-security-for-indu">SR 1.13</reference>
        <reference href="https://www.isa.org/products/ansi-isa-62443-3-3-99-03-03-2013-security-for-indu">SR 1.2</reference>
        <reference href="https://www.isa.org/products/ansi-isa-62443-3-3-99-03-03-2013-security-for-indu">SR 1.3</reference>
        <reference href="https://www.isa.org/products/ansi-isa-62443-3-3-99-03-03-2013-security-for-indu">SR 1.4</reference>
        <reference href="https://www.isa.org/products/ansi-isa-62443-3-3-99-03-03-2013-security-for-indu">SR 1.5</reference>
        <reference href="https://www.isa.org/products/ansi-isa-62443-3-3-99-03-03-2013-security-for-indu">SR 1.7</reference>
        <reference href="https://www.isa.org/products/ansi-isa-62443-3-3-99-03-03-2013-security-for-indu">SR 1.8</reference>
        <reference href="https://www.isa.org/products/ansi-isa-62443-3-3-99-03-03-2013-security-for-indu">SR 1.9</reference>
        <reference href="https://www.isa.org/products/ansi-isa-62443-3-3-99-03-03-2013-security-for-indu">SR 2.1</reference>
        <reference href="https://www.isa.org/products/ansi-isa-62443-3-3-99-03-03-2013-security-for-indu">SR 2.10</reference>
        <reference href="https://www.isa.org/products/ansi-isa-62443-3-3-99-03-03-2013-security-for-indu">SR 2.11</reference>
        <reference href="https://www.isa.org/products/ansi-isa-62443-3-3-99-03-03-2013-security-for-indu">SR 2.12</reference>
        <reference href="https://www.isa.org/products/ansi-isa-62443-3-3-99-03-03-2013-security-for-indu">SR 2.6</reference>
        <reference href="https://www.isa.org/products/ansi-isa-62443-3-3-99-03-03-2013-security-for-indu">SR 2.8</reference>
        <reference href="https://www.isa.org/products/ansi-isa-62443-3-3-99-03-03-2013-security-for-indu">SR 2.9</reference>
        <reference href="https://www.isa.org/products/ansi-isa-62443-3-3-99-03-03-2013-security-for-indu">SR 3.1</reference>
        <reference href="https://www.isa.org/products/ansi-isa-62443-3-3-99-03-03-2013-security-for-indu">SR 3.5</reference>
        <reference href="https://www.isa.org/products/ansi-isa-62443-3-3-99-03-03-2013-security-for-indu">SR 3.8</reference>
        <reference href="https://www.isa.org/products/ansi-isa-62443-3-3-99-03-03-2013-security-for-indu">SR 4.1</reference>
        <reference href="https://www.isa.org/products/ansi-isa-62443-3-3-99-03-03-2013-security-for-indu">SR 4.3</reference>
        <reference href="https://www.isa.org/products/ansi-isa-62443-3-3-99-03-03-2013-security-for-indu">SR 5.1</reference>
        <reference href="https://www.isa.org/products/ansi-isa-62443-3-3-99-03-03-2013-security-for-indu">SR 5.2</reference>
        <reference href="https://www.isa.org/products/ansi-isa-62443-3-3-99-03-03-2013-security-for-indu">SR 5.3</reference>
        <reference href="https://www.isa.org/products/ansi-isa-62443-3-3-99-03-03-2013-security-for-indu">SR 6.1</reference>
        <reference href="https://www.isa.org/products/ansi-isa-62443-3-3-99-03-03-2013-security-for-indu">SR 6.2</reference>
        <reference href="https://www.isa.org/products/ansi-isa-62443-3-3-99-03-03-2013-security-for-indu">SR 7.1</reference>
        <reference href="https://www.isa.org/products/ansi-isa-62443-3-3-99-03-03-2013-security-for-indu">SR 7.6</reference>
        <reference href="https://www.iso.org/contents/data/standard/05/45/54534.html">A.11.2.6</reference>
        <reference href="https://www.iso.org/contents/data/standard/05/45/54534.html">A.12.4.1</reference>
        <reference href="https://www.iso.org/contents/data/standard/05/45/54534.html">A.12.4.2</reference>
        <reference href="https://www.iso.org/contents/data/standard/05/45/54534.html">A.12.4.3</reference>
        <reference href="https://www.iso.org/contents/data/standard/05/45/54534.html">A.12.4.4</reference>
        <reference href="https://www.iso.org/contents/data/standard/05/45/54534.html">A.12.7.1</reference>
        <reference href="https://www.iso.org/contents/data/standard/05/45/54534.html">A.13.1.1</reference>
        <reference href="https://www.iso.org/contents/data/standard/05/45/54534.html">A.13.2.1</reference>
        <reference href="https://www.iso.org/contents/data/standard/05/45/54534.html">A.14.1.3</reference>
        <reference href="https://www.iso.org/contents/data/standard/05/45/54534.html">A.14.2.7</reference>
        <reference href="https://www.iso.org/contents/data/standard/05/45/54534.html">A.15.2.1</reference>
        <reference href="https://www.iso.org/contents/data/standard/05/45/54534.html">A.15.2.2</reference>
        <reference href="https://www.iso.org/contents/data/standard/05/45/54534.html">A.16.1.4</reference>
        <reference href="https://www.iso.org/contents/data/standard/05/45/54534.html">A.16.1.5</reference>
        <reference href="https://www.iso.org/contents/data/standard/05/45/54534.html">A.16.1.7</reference>
        <reference href="https://www.iso.org/contents/data/standard/05/45/54534.html">A.6.1.2</reference>
        <reference href="https://www.iso.org/contents/data/standard/05/45/54534.html">A.6.2.1</reference>
        <reference href="https://www.iso.org/contents/data/standard/05/45/54534.html">A.6.2.2</reference>
        <reference href="https://www.iso.org/contents/data/standard/05/45/54534.html">A.7.1.1</reference>
        <reference href="https://www.iso.org/contents/data/standard/05/45/54534.html">A.9.1.2</reference>
        <reference href="https://www.iso.org/contents/data/standard/05/45/54534.html">A.9.2.1</reference>
        <reference href="https://www.iso.org/contents/data/standard/05/45/54534.html">A.9.2.2</reference>
        <reference href="https://www.iso.org/contents/data/standard/05/45/54534.html">A.9.2.3</reference>
        <reference href="https://www.iso.org/contents/data/standard/05/45/54534.html">A.9.2.4</reference>
        <reference href="https://www.iso.org/contents/data/standard/05/45/54534.html">A.9.2.6</reference>
        <reference href="https://www.iso.org/contents/data/standard/05/45/54534.html">A.9.3.1</reference>
        <reference href="https://www.iso.org/contents/data/standard/05/45/54534.html">A.9.4.1</reference>
        <reference href="https://www.iso.org/contents/data/standard/05/45/54534.html">A.9.4.2</reference>
        <reference href="https://www.iso.org/contents/data/standard/05/45/54534.html">A.9.4.3</reference>
        <reference href="https://www.iso.org/contents/data/standard/05/45/54534.html">A.9.4.4</reference>
        <reference href="https://www.iso.org/contents/data/standard/05/45/54534.html">A.9.4.5</reference>
        <reference href="https://www.nerc.com/standards/reliability-standards/cip">CIP-004-6 R2.2.2</reference>
        <reference href="https://www.nerc.com/standards/reliability-standards/cip">CIP-004-6 R2.2.3</reference>
        <reference href="https://www.nerc.com/standards/reliability-standards/cip">CIP-007-3 R.1.3</reference>
        <reference href="https://www.nerc.com/standards/reliability-standards/cip">CIP-007-3 R5</reference>
        <reference href="https://www.nerc.com/standards/reliability-standards/cip">CIP-007-3 R5.1.1</reference>
        <reference href="https://www.nerc.com/standards/reliability-standards/cip">CIP-007-3 R5.1.3</reference>
        <reference href="https://www.nerc.com/standards/reliability-standards/cip">CIP-007-3 R5.2.1</reference>
        <reference href="https://www.nerc.com/standards/reliability-standards/cip">CIP-007-3 R5.2.3</reference>
        <reference href="http://nvlpubs.nist.gov/nistpubs/SpecialPublications/NIST.SP.800-53r4.pdf">AC-2(4)</reference>
        <reference href="http://nvlpubs.nist.gov/nistpubs/SpecialPublications/NIST.SP.800-53r4.pdf">AU-2(d)</reference>
        <reference href="http://nvlpubs.nist.gov/nistpubs/SpecialPublications/NIST.SP.800-53r4.pdf">AU-12(c)</reference>
        <reference href="http://nvlpubs.nist.gov/nistpubs/SpecialPublications/NIST.SP.800-53r4.pdf">AC-6(9)</reference>
        <reference href="http://nvlpubs.nist.gov/nistpubs/SpecialPublications/NIST.SP.800-53r4.pdf">CM-6(a)</reference>
        <reference href="https://nvlpubs.nist.gov/nistpubs/CSWP/NIST.CSWP.04162018.pdf">DE.AE-3</reference>
        <reference href="https://nvlpubs.nist.gov/nistpubs/CSWP/NIST.CSWP.04162018.pdf">DE.AE-5</reference>
        <reference href="https://nvlpubs.nist.gov/nistpubs/CSWP/NIST.CSWP.04162018.pdf">DE.CM-1</reference>
        <reference href="https://nvlpubs.nist.gov/nistpubs/CSWP/NIST.CSWP.04162018.pdf">DE.CM-3</reference>
        <reference href="https://nvlpubs.nist.gov/nistpubs/CSWP/NIST.CSWP.04162018.pdf">DE.CM-7</reference>
        <reference href="https://nvlpubs.nist.gov/nistpubs/CSWP/NIST.CSWP.04162018.pdf">ID.SC-4</reference>
        <reference href="https://nvlpubs.nist.gov/nistpubs/CSWP/NIST.CSWP.04162018.pdf">PR.AC-1</reference>
        <reference href="https://nvlpubs.nist.gov/nistpubs/CSWP/NIST.CSWP.04162018.pdf">PR.AC-3</reference>
        <reference href="https://nvlpubs.nist.gov/nistpubs/CSWP/NIST.CSWP.04162018.pdf">PR.AC-4</reference>
        <reference href="https://nvlpubs.nist.gov/nistpubs/CSWP/NIST.CSWP.04162018.pdf">PR.AC-6</reference>
        <reference href="https://nvlpubs.nist.gov/nistpubs/CSWP/NIST.CSWP.04162018.pdf">PR.PT-1</reference>
        <reference href="https://nvlpubs.nist.gov/nistpubs/CSWP/NIST.CSWP.04162018.pdf">PR.PT-4</reference>
        <reference href="https://nvlpubs.nist.gov/nistpubs/CSWP/NIST.CSWP.04162018.pdf">RS.AN-1</reference>
        <reference href="https://nvlpubs.nist.gov/nistpubs/CSWP/NIST.CSWP.04162018.pdf">RS.AN-4</reference>
        <reference href="https://www.pcisecuritystandards.org/documents/PCI_DSS_v3-2-1.pdf">Req-10.2.5</reference>
        <reference href="https://www.cyber.mil/stigs/downloads/?_dl_facet_stigs=operating-systems%2Cgeneral-purpose-os">SRG-OS-000004-GPOS-00004</reference>
        <reference href="https://www.cyber.mil/stigs/downloads/?_dl_facet_stigs=operating-systems%2Cgeneral-purpose-os">SRG-OS-000037-GPOS-00015</reference>
        <reference href="https://www.cyber.mil/stigs/downloads/?_dl_facet_stigs=operating-systems%2Cgeneral-purpose-os">SRG-OS-000042-GPOS-00020</reference>
        <reference href="https://www.cyber.mil/stigs/downloads/?_dl_facet_stigs=operating-systems%2Cgeneral-purpose-os">SRG-OS-000062-GPOS-00031</reference>
        <reference href="https://www.cyber.mil/stigs/downloads/?_dl_facet_stigs=operating-systems%2Cgeneral-purpose-os">SRG-OS-000304-GPOS-00121</reference>
        <reference href="https://www.cyber.mil/stigs/downloads/?_dl_facet_stigs=operating-systems%2Cgeneral-purpose-os">SRG-OS-000392-GPOS-00172</reference>
        <reference href="https://www.cyber.mil/stigs/downloads/?_dl_facet_stigs=operating-systems%2Cgeneral-purpose-os">SRG-OS-000462-GPOS-00206</reference>
        <reference href="https://www.cyber.mil/stigs/downloads/?_dl_facet_stigs=operating-systems%2Cgeneral-purpose-os">SRG-OS-000470-GPOS-00214</reference>
        <reference href="https://www.cyber.mil/stigs/downloads/?_dl_facet_stigs=operating-systems%2Cgeneral-purpose-os">SRG-OS-000471-GPOS-00215</reference>
        <reference href="https://www.cyber.mil/stigs/downloads/?_dl_facet_stigs=operating-systems%2Cgeneral-purpose-os">SRG-OS-000239-GPOS-00089</reference>
        <reference href="https://www.cyber.mil/stigs/downloads/?_dl_facet_stigs=operating-systems%2Cgeneral-purpose-os">SRG-OS-000240-GPOS-00090</reference>
        <reference href="https://www.cyber.mil/stigs/downloads/?_dl_facet_stigs=operating-systems%2Cgeneral-purpose-os">SRG-OS-000241-GPOS-00091</reference>
        <reference href="https://www.cyber.mil/stigs/downloads/?_dl_facet_stigs=operating-systems%2Cgeneral-purpose-os">SRG-OS-000303-GPOS-00120</reference>
        <reference href="https://www.cyber.mil/stigs/downloads/?_dl_facet_stigs=operating-systems%2Cgeneral-purpose-os">SRG-OS-000466-GPOS-00210</reference>
        <reference href="https://www.cyber.mil/stigs/downloads/?_dl_facet_stigs=operating-systems%2Cgeneral-purpose-os">SRG-OS-000476-GPOS-00221</reference>
        <reference href="https://www.cyber.mil/stigs/downloads/?_dl_facet_stigs=app-security">SRG-APP-000495-CTR-001235</reference>
        <reference href="https://www.cyber.mil/stigs/downloads/?_dl_facet_stigs=app-security">SRG-APP-000499-CTR-001255</reference>
        <reference href="https://www.cyber.mil/stigs/downloads/?_dl_facet_stigs=app-security">SRG-APP-000503-CTR-001275</reference>
        <reference href="https://www.cyber.mil/stigs/downloads/?_dl_facet_stigs=operating-systems%2Cunix-linux">SLES-15-030020</reference>
        <reference href="https://www.cisecurity.org/benchmark/suse_linux/">4.1.4</reference>
        <reference href="https://cyber.gouv.fr/sites/default/files/document/linux_configuration-en-v2.pdf">R73</reference>
        <reference href="not_publicly_available">SLES-15-750450240</reference>
        <reference href="https://www.cyber.gov.au/acsc/view-all-content/ism">0582</reference>
        <reference href="https://docs-prv.pcisecuritystandards.org/PCI%20DSS/Standard/PCI-DSS-v4_0.pdf">10.2.1.5</reference>
        <reference href="https://docs-prv.pcisecuritystandards.org/PCI%20DSS/Standard/PCI-DSS-v4_0.pdf">10.2.1</reference>
        <reference href="https://docs-prv.pcisecuritystandards.org/PCI%20DSS/Standard/PCI-DSS-v4_0.pdf">10.2</reference>
        <reference href="https://www.cyber.mil/stigs/srg-stig-tools/">SV-234901r1009636_rule</reference>
        <rationale xmlns:xhtml="http://www.w3.org/1999/xhtml" xml:lang="en-US">In addition to auditing new user and group accounts, these watches
will alert the system administrator(s) to any modifications. Any unexpected
users, groups, or modifications should be investigated for legitimacy.</rationale>
        <ident system="https://ncp.nist.gov/cce">CCE-85579-1</ident>
        <fix xmlns:xhtml="http://www.w3.org/1999/xhtml" id="audit_rules_usergroup_modification_shadow" system="urn:xccdf:fix:script:sh"># Remediation is applicable only in certain platforms
if rpm --quiet -q audit &amp;&amp; rpm --quiet -q kernel-default || rpm --quiet -q kernel-default-base; then

# Perform the remediation for both possible tools: 'auditctl' and 'augenrules'






# Create a list of audit *.rules files that should be inspected for presence and correctness
# of a particular audit rule. The scheme is as follows:
#
# -----------------------------------------------------------------------------------------
# Tool used to load audit rules	| Rule already defined	|  Audit rules file to inspect	  |
# -----------------------------------------------------------------------------------------
#	auditctl		|     Doesn't matter	|  /etc/audit/audit.rules	  |
# -----------------------------------------------------------------------------------------
# 	augenrules		|          Yes		|  /etc/audit/rules.d/*.rules	  |
# 	augenrules		|          No		|  /etc/audit/rules.d/$key.rules  |
# -----------------------------------------------------------------------------------------
files_to_inspect=()


# If the audit tool is 'auditctl', then add '/etc/audit/audit.rules'
# into the list of files to be inspected
files_to_inspect+=('/etc/audit/audit.rules')

# Finally perform the inspection and possible subsequent audit rule
# correction for each of the files previously identified for inspection
for audit_rules_file in "${files_to_inspect[@]}"
do
    # Check if audit watch file system object rule for given path already present

    if grep -q -P -- "^[\s]*-w[\s]+/etc/shadow" "$audit_rules_file"

    then
        # Rule is found =&gt; verify yet if existing rule definition contains
        # all of the required access type bits

        # Define BRE whitespace class shortcut
        sp="[[:space:]]"
        # Extract current permission access types (e.g. -p [r|w|x|a] values) from audit rule

        current_access_bits=$(sed -ne "s#$sp*-w$sp\+/etc/shadow $sp\+-p$sp\+\([rxwa]\{1,4\}\).*#\1#p" "$audit_rules_file")

        # Split required access bits string into characters array
        # (to check bit's presence for one bit at a time)
        for access_bit in $(echo "wa" | grep -o .)
        do
            # For each from the required access bits (e.g. 'w', 'a') check
            # if they are already present in current access bits for rule.
            # If not, append that bit at the end
            if ! grep -q "$access_bit" &lt;&lt;&lt; "$current_access_bits"
            then
                # Concatenate the existing mask with the missing bit
                current_access_bits="$current_access_bits$access_bit"
            fi
        done
        # Propagate the updated rule's access bits (original + the required
        # ones) back into the /etc/audit/audit.rules file for that rule

        sed -i "s#\($sp*-w$sp\+/etc/shadow$sp\+-p$sp\+\)\([rxwa]\{1,4\}\)\(.*\)#\1$current_access_bits\3#" "$audit_rules_file"

    else
        # Rule isn't present yet. Append it at the end of $audit_rules_file file
        # with proper key


        echo "-w /etc/shadow -p wa -k audit_rules_usergroup_modification" &gt;&gt; "$audit_rules_file"

    fi
done
# Create a list of audit *.rules files that should be inspected for presence and correctness
# of a particular audit rule. The scheme is as follows:
#
# -----------------------------------------------------------------------------------------
# Tool used to load audit rules	| Rule already defined	|  Audit rules file to inspect	  |
# -----------------------------------------------------------------------------------------
#	auditctl		|     Doesn't matter	|  /etc/audit/audit.rules	  |
# -----------------------------------------------------------------------------------------
# 	augenrules		|          Yes		|  /etc/audit/rules.d/*.rules	  |
# 	augenrules		|          No		|  /etc/audit/rules.d/$key.rules  |
# -----------------------------------------------------------------------------------------
files_to_inspect=()

# If the audit is 'augenrules', then check if rule is already defined
# If rule is defined, add '/etc/audit/rules.d/*.rules' to list of files for inspection.
# If rule isn't defined, add '/etc/audit/rules.d/audit_rules_usergroup_modification.rules' to list of files for inspection.

readarray -t matches &lt; &lt;(grep -HP "[\s]*-w[\s]+/etc/shadow" /etc/audit/rules.d/*.rules)


# For each of the matched entries
for match in "${matches[@]}"
do
    # Extract filepath from the match
    rulesd_audit_file=$(echo $match | cut -f1 -d ':')
    # Append that path into list of files for inspection
    files_to_inspect+=("$rulesd_audit_file")
done
# Case when particular audit rule isn't defined yet
if [ "${#files_to_inspect[@]}" -eq "0" ]
then
    # Append '/etc/audit/rules.d/audit_rules_usergroup_modification.rules' into list of files for inspection
    key_rule_file="/etc/audit/rules.d/audit_rules_usergroup_modification.rules"
    # If the audit_rules_usergroup_modification.rules file doesn't exist yet, create it with correct permissions
    if [ ! -e "$key_rule_file" ]
    then
        touch "$key_rule_file"
        chmod 0600 "$key_rule_file"
    fi
    files_to_inspect+=("$key_rule_file")
fi

# Finally perform the inspection and possible subsequent audit rule
# correction for each of the files previously identified for inspection
for audit_rules_file in "${files_to_inspect[@]}"
do
    # Check if audit watch file system object rule for given path already present

    if grep -q -P -- "^[\s]*-w[\s]+/etc/shadow" "$audit_rules_file"

    then
        # Rule is found =&gt; verify yet if existing rule definition contains
        # all of the required access type bits

        # Define BRE whitespace class shortcut
        sp="[[:space:]]"
        # Extract current permission access types (e.g. -p [r|w|x|a] values) from audit rule

        current_access_bits=$(sed -ne "s#$sp*-w$sp\+/etc/shadow $sp\+-p$sp\+\([rxwa]\{1,4\}\).*#\1#p" "$audit_rules_file")

        # Split required access bits string into characters array
        # (to check bit's presence for one bit at a time)
        for access_bit in $(echo "wa" | grep -o .)
        do
            # For each from the required access bits (e.g. 'w', 'a') check
            # if they are already present in current access bits for rule.
            # If not, append that bit at the end
            if ! grep -q "$access_bit" &lt;&lt;&lt; "$current_access_bits"
            then
                # Concatenate the existing mask with the missing bit
                current_access_bits="$current_access_bits$access_bit"
            fi
        done
        # Propagate the updated rule's access bits (original + the required
        # ones) back into the /etc/audit/audit.rules file for that rule

        sed -i "s#\($sp*-w$sp\+/etc/shadow$sp\+-p$sp\+\)\([rxwa]\{1,4\}\)\(.*\)#\1$current_access_bits\3#" "$audit_rules_file"

    else
        # Rule isn't present yet. Append it at the end of $audit_rules_file file
        # with proper key


        echo "-w /etc/shadow -p wa -k audit_rules_usergroup_modification" &gt;&gt; "$audit_rules_file"

    fi
done

else
    &gt;&amp;2 echo 'Remediation is not applicable, nothing was done'
fi
</fix>
        <fix xmlns:xhtml="http://www.w3.org/1999/xhtml" id="audit_rules_usergroup_modification_shadow" system="urn:xccdf:fix:script:ansible" complexity="low" disruption="low" strategy="restrict">- name: Gather the package facts
  package_facts:
    manager: auto
  tags:
  - CCE-85579-1
  - CJIS-5.4.1.1
  - DISA-STIG-SLES-15-030020
  - NIST-800-171-3.1.7
  - NIST-800-53-AC-2(4)
  - NIST-800-53-AC-6(9)
  - NIST-800-53-AU-12(c)
  - NIST-800-53-AU-2(d)
  - NIST-800-53-CM-6(a)
  - PCI-DSS-Req-10.2.5
  - PCI-DSSv4-10.2
  - PCI-DSSv4-10.2.1
  - PCI-DSSv4-10.2.1.5
  - audit_rules_usergroup_modification_shadow
  - low_complexity
  - low_disruption
  - medium_severity
  - no_reboot_needed
  - restrict_strategy

- name: Record Events that Modify User/Group Information - /etc/shadow - Check if
    watch rule for /etc/shadow already exists in /etc/audit/rules.d/
  ansible.builtin.find:
    paths: /etc/audit/rules.d
    contains: ^\s*-w\s+/etc/shadow\s+-p\s+wa(\s|$)+
    patterns: '*.rules'
  register: find_existing_watch_rules_d
  when:
  - '"audit" in ansible_facts.packages'
  - ("kernel-default" in ansible_facts.packages or "kernel-default-base" in ansible_facts.packages)
  tags:
  - CCE-85579-1
  - CJIS-5.4.1.1
  - DISA-STIG-SLES-15-030020
  - NIST-800-171-3.1.7
  - NIST-800-53-AC-2(4)
  - NIST-800-53-AC-6(9)
  - NIST-800-53-AU-12(c)
  - NIST-800-53-AU-2(d)
  - NIST-800-53-CM-6(a)
  - PCI-DSS-Req-10.2.5
  - PCI-DSSv4-10.2
  - PCI-DSSv4-10.2.1
  - PCI-DSSv4-10.2.1.5
  - audit_rules_usergroup_modification_shadow
  - low_complexity
  - low_disruption
  - medium_severity
  - no_reboot_needed
  - restrict_strategy

- name: Record Events that Modify User/Group Information - /etc/shadow - Search /etc/audit/rules.d
    for other rules with specified key audit_rules_usergroup_modification
  ansible.builtin.find:
    paths: /etc/audit/rules.d
    contains: ^.*(?:-F key=|-k\s+)audit_rules_usergroup_modification$
    patterns: '*.rules'
  register: find_watch_key
  when:
  - '"audit" in ansible_facts.packages'
  - ("kernel-default" in ansible_facts.packages or "kernel-default-base" in ansible_facts.packages)
  - find_existing_watch_rules_d.matched is defined and find_existing_watch_rules_d.matched
    == 0
  tags:
  - CCE-85579-1
  - CJIS-5.4.1.1
  - DISA-STIG-SLES-15-030020
  - NIST-800-171-3.1.7
  - NIST-800-53-AC-2(4)
  - NIST-800-53-AC-6(9)
  - NIST-800-53-AU-12(c)
  - NIST-800-53-AU-2(d)
  - NIST-800-53-CM-6(a)
  - PCI-DSS-Req-10.2.5
  - PCI-DSSv4-10.2
  - PCI-DSSv4-10.2.1
  - PCI-DSSv4-10.2.1.5
  - audit_rules_usergroup_modification_shadow
  - low_complexity
  - low_disruption
  - medium_severity
  - no_reboot_needed
  - restrict_strategy

- name: Record Events that Modify User/Group Information - /etc/shadow - Use /etc/audit/rules.d/audit_rules_usergroup_modification.rules
    as the recipient for the rule
  ansible.builtin.set_fact:
    all_files:
    - /etc/audit/rules.d/audit_rules_usergroup_modification.rules
  when:
  - '"audit" in ansible_facts.packages'
  - ("kernel-default" in ansible_facts.packages or "kernel-default-base" in ansible_facts.packages)
  - find_watch_key.matched is defined and find_watch_key.matched == 0 and find_existing_watch_rules_d.matched
    is defined and find_existing_watch_rules_d.matched == 0
  tags:
  - CCE-85579-1
  - CJIS-5.4.1.1
  - DISA-STIG-SLES-15-030020
  - NIST-800-171-3.1.7
  - NIST-800-53-AC-2(4)
  - NIST-800-53-AC-6(9)
  - NIST-800-53-AU-12(c)
  - NIST-800-53-AU-2(d)
  - NIST-800-53-CM-6(a)
  - PCI-DSS-Req-10.2.5
  - PCI-DSSv4-10.2
  - PCI-DSSv4-10.2.1
  - PCI-DSSv4-10.2.1.5
  - audit_rules_usergroup_modification_shadow
  - low_complexity
  - low_disruption
  - medium_severity
  - no_reboot_needed
  - restrict_strategy

- name: Record Events that Modify User/Group Information - /etc/shadow - Use matched
    file as the recipient for the rule
  ansible.builtin.set_fact:
    all_files:
    - '{{ find_watch_key.files | map(attribute=''path'') | list | first }}'
  when:
  - '"audit" in ansible_facts.packages'
  - ("kernel-default" in ansible_facts.packages or "kernel-default-base" in ansible_facts.packages)
  - find_watch_key.matched is defined and find_watch_key.matched &gt; 0 and find_existing_watch_rules_d.matched
    is defined and find_existing_watch_rules_d.matched == 0
  tags:
  - CCE-85579-1
  - CJIS-5.4.1.1
  - DISA-STIG-SLES-15-030020
  - NIST-800-171-3.1.7
  - NIST-800-53-AC-2(4)
  - NIST-800-53-AC-6(9)
  - NIST-800-53-AU-12(c)
  - NIST-800-53-AU-2(d)
  - NIST-800-53-CM-6(a)
  - PCI-DSS-Req-10.2.5
  - PCI-DSSv4-10.2
  - PCI-DSSv4-10.2.1
  - PCI-DSSv4-10.2.1.5
  - audit_rules_usergroup_modification_shadow
  - low_complexity
  - low_disruption
  - medium_severity
  - no_reboot_needed
  - restrict_strategy

- name: Record Events that Modify User/Group Information - /etc/shadow - Add watch
    rule for /etc/shadow in /etc/audit/rules.d/
  ansible.builtin.lineinfile:
    path: '{{ all_files[0] }}'
    line: -w /etc/shadow -p wa -k audit_rules_usergroup_modification
    create: true
    mode: '0600'
  when:
  - '"audit" in ansible_facts.packages'
  - ("kernel-default" in ansible_facts.packages or "kernel-default-base" in ansible_facts.packages)
  - find_existing_watch_rules_d.matched is defined and find_existing_watch_rules_d.matched
    == 0
  tags:
  - CCE-85579-1
  - CJIS-5.4.1.1
  - DISA-STIG-SLES-15-030020
  - NIST-800-171-3.1.7
  - NIST-800-53-AC-2(4)
  - NIST-800-53-AC-6(9)
  - NIST-800-53-AU-12(c)
  - NIST-800-53-AU-2(d)
  - NIST-800-53-CM-6(a)
  - PCI-DSS-Req-10.2.5
  - PCI-DSSv4-10.2
  - PCI-DSSv4-10.2.1
  - PCI-DSSv4-10.2.1.5
  - audit_rules_usergroup_modification_shadow
  - low_complexity
  - low_disruption
  - medium_severity
  - no_reboot_needed
  - restrict_strategy

- name: Record Events that Modify User/Group Information - /etc/shadow - Check if
    watch rule for /etc/shadow already exists in /etc/audit/audit.rules
  ansible.builtin.find:
    paths: /etc/audit/
    contains: ^\s*-w\s+/etc/shadow\s+-p\s+wa(\s|$)+
    patterns: audit.rules
  register: find_existing_watch_audit_rules
  when:
  - '"audit" in ansible_facts.packages'
  - ("kernel-default" in ansible_facts.packages or "kernel-default-base" in ansible_facts.packages)
  tags:
  - CCE-85579-1
  - CJIS-5.4.1.1
  - DISA-STIG-SLES-15-030020
  - NIST-800-171-3.1.7
  - NIST-800-53-AC-2(4)
  - NIST-800-53-AC-6(9)
  - NIST-800-53-AU-12(c)
  - NIST-800-53-AU-2(d)
  - NIST-800-53-CM-6(a)
  - PCI-DSS-Req-10.2.5
  - PCI-DSSv4-10.2
  - PCI-DSSv4-10.2.1
  - PCI-DSSv4-10.2.1.5
  - audit_rules_usergroup_modification_shadow
  - low_complexity
  - low_disruption
  - medium_severity
  - no_reboot_needed
  - restrict_strategy

- name: Record Events that Modify User/Group Information - /etc/shadow - Add watch
    rule for /etc/shadow in /etc/audit/audit.rules
  ansible.builtin.lineinfile:
    line: -w /etc/shadow -p wa -k audit_rules_usergroup_modification
    state: present
    dest: /etc/audit/audit.rules
    create: true
    mode: '0600'
  when:
  - '"audit" in ansible_facts.packages'
  - ("kernel-default" in ansible_facts.packages or "kernel-default-base" in ansible_facts.packages)
  - find_existing_watch_audit_rules.matched is defined and find_existing_watch_audit_rules.matched
    == 0
  tags:
  - CCE-85579-1
  - CJIS-5.4.1.1
  - DISA-STIG-SLES-15-030020
  - NIST-800-171-3.1.7
  - NIST-800-53-AC-2(4)
  - NIST-800-53-AC-6(9)
  - NIST-800-53-AU-12(c)
  - NIST-800-53-AU-2(d)
  - NIST-800-53-CM-6(a)
  - PCI-DSS-Req-10.2.5
  - PCI-DSSv4-10.2
  - PCI-DSSv4-10.2.1
  - PCI-DSSv4-10.2.1.5
  - audit_rules_usergroup_modification_shadow
  - low_complexity
  - low_disruption
  - medium_severity
  - no_reboot_needed
  - restrict_strategy
</fix>
        <check system="http://oval.mitre.org/XMLSchema/oval-definitions-5">
          <check-content-ref name="oval:ssg-audit_rules_usergroup_modification_shadow:def:1" href="ssg-sle15-oval.xml"/>
        </check>
        <check system="http://scap.nist.gov/schema/ocil/2">
          <check-content-ref name="ocil:ssg-audit_rules_usergroup_modification_shadow_ocil:questionnaire:1" href="ssg-sle15-ocil.xml"/>
        </check>
      </Rule>
      <Rule id="xccdf_org.ssgproject.content_rule_audit_rules_var_spool_cron" selected="false" role="full" severity="medium">
        <title xmlns:xhtml="http://www.w3.org/1999/xhtml" xml:lang="en-US">Ensure auditd Collects Changes to Cron Jobs - /var/spool/cron</title>
        <description xmlns:xhtml="http://www.w3.org/1999/xhtml" xml:lang="en-US">



If the <html:code xmlns:html="http://www.w3.org/1999/xhtml">auditd</html:code> daemon is configured to use the <html:code xmlns:html="http://www.w3.org/1999/xhtml">augenrules</html:code>
program to read audit rules during daemon startup (the default), add the
following lines to a file with suffix <html:code xmlns:html="http://www.w3.org/1999/xhtml">.rules</html:code> in the
directory <html:code xmlns:html="http://www.w3.org/1999/xhtml">/etc/audit/rules.d</html:code>:

<html:pre xmlns:html="http://www.w3.org/1999/xhtml">-w /var/spool/cron -p wa -k cronjobs</html:pre>

If the <html:code xmlns:html="http://www.w3.org/1999/xhtml">auditd</html:code> daemon is configured to use the <html:code xmlns:html="http://www.w3.org/1999/xhtml">auditctl</html:code>
utility to read audit rules during daemon startup, add the following lines to
<html:code xmlns:html="http://www.w3.org/1999/xhtml">/etc/audit/audit.rules</html:code>:

<html:pre xmlns:html="http://www.w3.org/1999/xhtml">-w /var/spool/cron -p wa -k cronjobs</html:pre>
      </description>
        <reference href="https://www.cyber.mil/stigs/downloads/?_dl_facet_stigs=operating-systems%2Cgeneral-purpose-os">SRG-OS-000363-GPOS-00150</reference>
        <reference href="https://www.cyber.mil/stigs/downloads/?_dl_facet_stigs=operating-systems%2Cgeneral-purpose-os">SRG-OS-000363-GPOS-00150</reference>
        <reference href="https://www.cyber.mil/stigs/downloads/?_dl_facet_stigs=operating-systems%2Cgeneral-purpose-os">SRG-OS-000446-GPOS-00200</reference>
        <reference href="https://www.cyber.mil/stigs/downloads/?_dl_facet_stigs=operating-systems%2Cgeneral-purpose-os">SRG-OS-000447-GPOS-00201</reference>
        <reference href="https://www.cyber.mil/stigs/downloads/?_dl_facet_stigs=operating-systems%2Cunix-linux">SLES-15-030015</reference>
        <reference href="https://www.cyber.mil/stigs/srg-stig-tools/">SV-274879r1106564_rule</reference>
        <rationale xmlns:xhtml="http://www.w3.org/1999/xhtml" xml:lang="en-US">In addition to auditing new user and group accounts, these watches
will alert the system administrator(s) to any modifications. Any unexpected
users, groups, or modifications should be investigated for legitimacy.</rationale>
        <ident system="https://ncp.nist.gov/cce">CCE-92588-3</ident>
        <fix xmlns:xhtml="http://www.w3.org/1999/xhtml" id="audit_rules_var_spool_cron" system="urn:xccdf:fix:script:sh"># Remediation is applicable only in certain platforms
if rpm --quiet -q audit &amp;&amp; rpm --quiet -q kernel-default || rpm --quiet -q kernel-default-base; then

# Perform the remediation for both possible tools: 'auditctl' and 'augenrules'






# Create a list of audit *.rules files that should be inspected for presence and correctness
# of a particular audit rule. The scheme is as follows:
#
# -----------------------------------------------------------------------------------------
# Tool used to load audit rules	| Rule already defined	|  Audit rules file to inspect	  |
# -----------------------------------------------------------------------------------------
#	auditctl		|     Doesn't matter	|  /etc/audit/audit.rules	  |
# -----------------------------------------------------------------------------------------
# 	augenrules		|          Yes		|  /etc/audit/rules.d/*.rules	  |
# 	augenrules		|          No		|  /etc/audit/rules.d/$key.rules  |
# -----------------------------------------------------------------------------------------
files_to_inspect=()


# If the audit tool is 'auditctl', then add '/etc/audit/audit.rules'
# into the list of files to be inspected
files_to_inspect+=('/etc/audit/audit.rules')

# Finally perform the inspection and possible subsequent audit rule
# correction for each of the files previously identified for inspection
for audit_rules_file in "${files_to_inspect[@]}"
do
    # Check if audit watch file system object rule for given path already present

    if grep -q -P -- "^[\s]*-w[\s]+/var/spool/cron" "$audit_rules_file"

    then
        # Rule is found =&gt; verify yet if existing rule definition contains
        # all of the required access type bits

        # Define BRE whitespace class shortcut
        sp="[[:space:]]"
        # Extract current permission access types (e.g. -p [r|w|x|a] values) from audit rule

        current_access_bits=$(sed -ne "s#$sp*-w$sp\+/var/spool/cron $sp\+-p$sp\+\([rxwa]\{1,4\}\).*#\1#p" "$audit_rules_file")

        # Split required access bits string into characters array
        # (to check bit's presence for one bit at a time)
        for access_bit in $(echo "wa" | grep -o .)
        do
            # For each from the required access bits (e.g. 'w', 'a') check
            # if they are already present in current access bits for rule.
            # If not, append that bit at the end
            if ! grep -q "$access_bit" &lt;&lt;&lt; "$current_access_bits"
            then
                # Concatenate the existing mask with the missing bit
                current_access_bits="$current_access_bits$access_bit"
            fi
        done
        # Propagate the updated rule's access bits (original + the required
        # ones) back into the /etc/audit/audit.rules file for that rule

        sed -i "s#\($sp*-w$sp\+/var/spool/cron$sp\+-p$sp\+\)\([rxwa]\{1,4\}\)\(.*\)#\1$current_access_bits\3#" "$audit_rules_file"

    else
        # Rule isn't present yet. Append it at the end of $audit_rules_file file
        # with proper key


        echo "-w /var/spool/cron -p wa -k cronjobs" &gt;&gt; "$audit_rules_file"

    fi
done
# Create a list of audit *.rules files that should be inspected for presence and correctness
# of a particular audit rule. The scheme is as follows:
#
# -----------------------------------------------------------------------------------------
# Tool used to load audit rules	| Rule already defined	|  Audit rules file to inspect	  |
# -----------------------------------------------------------------------------------------
#	auditctl		|     Doesn't matter	|  /etc/audit/audit.rules	  |
# -----------------------------------------------------------------------------------------
# 	augenrules		|          Yes		|  /etc/audit/rules.d/*.rules	  |
# 	augenrules		|          No		|  /etc/audit/rules.d/$key.rules  |
# -----------------------------------------------------------------------------------------
files_to_inspect=()

# If the audit is 'augenrules', then check if rule is already defined
# If rule is defined, add '/etc/audit/rules.d/*.rules' to list of files for inspection.
# If rule isn't defined, add '/etc/audit/rules.d/cronjobs.rules' to list of files for inspection.

readarray -t matches &lt; &lt;(grep -HP "[\s]*-w[\s]+/var/spool/cron" /etc/audit/rules.d/*.rules)


# For each of the matched entries
for match in "${matches[@]}"
do
    # Extract filepath from the match
    rulesd_audit_file=$(echo $match | cut -f1 -d ':')
    # Append that path into list of files for inspection
    files_to_inspect+=("$rulesd_audit_file")
done
# Case when particular audit rule isn't defined yet
if [ "${#files_to_inspect[@]}" -eq "0" ]
then
    # Append '/etc/audit/rules.d/cronjobs.rules' into list of files for inspection
    key_rule_file="/etc/audit/rules.d/cronjobs.rules"
    # If the cronjobs.rules file doesn't exist yet, create it with correct permissions
    if [ ! -e "$key_rule_file" ]
    then
        touch "$key_rule_file"
        chmod 0600 "$key_rule_file"
    fi
    files_to_inspect+=("$key_rule_file")
fi

# Finally perform the inspection and possible subsequent audit rule
# correction for each of the files previously identified for inspection
for audit_rules_file in "${files_to_inspect[@]}"
do
    # Check if audit watch file system object rule for given path already present

    if grep -q -P -- "^[\s]*-w[\s]+/var/spool/cron" "$audit_rules_file"

    then
        # Rule is found =&gt; verify yet if existing rule definition contains
        # all of the required access type bits

        # Define BRE whitespace class shortcut
        sp="[[:space:]]"
        # Extract current permission access types (e.g. -p [r|w|x|a] values) from audit rule

        current_access_bits=$(sed -ne "s#$sp*-w$sp\+/var/spool/cron $sp\+-p$sp\+\([rxwa]\{1,4\}\).*#\1#p" "$audit_rules_file")

        # Split required access bits string into characters array
        # (to check bit's presence for one bit at a time)
        for access_bit in $(echo "wa" | grep -o .)
        do
            # For each from the required access bits (e.g. 'w', 'a') check
            # if they are already present in current access bits for rule.
            # If not, append that bit at the end
            if ! grep -q "$access_bit" &lt;&lt;&lt; "$current_access_bits"
            then
                # Concatenate the existing mask with the missing bit
                current_access_bits="$current_access_bits$access_bit"
            fi
        done
        # Propagate the updated rule's access bits (original + the required
        # ones) back into the /etc/audit/audit.rules file for that rule

        sed -i "s#\($sp*-w$sp\+/var/spool/cron$sp\+-p$sp\+\)\([rxwa]\{1,4\}\)\(.*\)#\1$current_access_bits\3#" "$audit_rules_file"

    else
        # Rule isn't present yet. Append it at the end of $audit_rules_file file
        # with proper key


        echo "-w /var/spool/cron -p wa -k cronjobs" &gt;&gt; "$audit_rules_file"

    fi
done

else
    &gt;&amp;2 echo 'Remediation is not applicable, nothing was done'
fi
</fix>
        <fix xmlns:xhtml="http://www.w3.org/1999/xhtml" id="audit_rules_var_spool_cron" system="urn:xccdf:fix:script:ansible" complexity="low" disruption="low" strategy="restrict">- name: Gather the package facts
  package_facts:
    manager: auto
  tags:
  - CCE-92588-3
  - DISA-STIG-SLES-15-030015
  - audit_rules_var_spool_cron
  - low_complexity
  - low_disruption
  - medium_severity
  - no_reboot_needed
  - restrict_strategy

- name: Ensure auditd Collects Changes to Cron Jobs - /var/spool/cron - Check if watch
    rule for /var/spool/cron already exists in /etc/audit/rules.d/
  ansible.builtin.find:
    paths: /etc/audit/rules.d
    contains: ^\s*-w\s+/var/spool/cron\s+-p\s+wa(\s|$)+
    patterns: '*.rules'
  register: find_existing_watch_rules_d
  when:
  - '"audit" in ansible_facts.packages'
  - ("kernel-default" in ansible_facts.packages or "kernel-default-base" in ansible_facts.packages)
  tags:
  - CCE-92588-3
  - DISA-STIG-SLES-15-030015
  - audit_rules_var_spool_cron
  - low_complexity
  - low_disruption
  - medium_severity
  - no_reboot_needed
  - restrict_strategy

- name: Ensure auditd Collects Changes to Cron Jobs - /var/spool/cron - Search /etc/audit/rules.d
    for other rules with specified key cronjobs
  ansible.builtin.find:
    paths: /etc/audit/rules.d
    contains: ^.*(?:-F key=|-k\s+)cronjobs$
    patterns: '*.rules'
  register: find_watch_key
  when:
  - '"audit" in ansible_facts.packages'
  - ("kernel-default" in ansible_facts.packages or "kernel-default-base" in ansible_facts.packages)
  - find_existing_watch_rules_d.matched is defined and find_existing_watch_rules_d.matched
    == 0
  tags:
  - CCE-92588-3
  - DISA-STIG-SLES-15-030015
  - audit_rules_var_spool_cron
  - low_complexity
  - low_disruption
  - medium_severity
  - no_reboot_needed
  - restrict_strategy

- name: Ensure auditd Collects Changes to Cron Jobs - /var/spool/cron - Use /etc/audit/rules.d/cronjobs.rules
    as the recipient for the rule
  ansible.builtin.set_fact:
    all_files:
    - /etc/audit/rules.d/cronjobs.rules
  when:
  - '"audit" in ansible_facts.packages'
  - ("kernel-default" in ansible_facts.packages or "kernel-default-base" in ansible_facts.packages)
  - find_watch_key.matched is defined and find_watch_key.matched == 0 and find_existing_watch_rules_d.matched
    is defined and find_existing_watch_rules_d.matched == 0
  tags:
  - CCE-92588-3
  - DISA-STIG-SLES-15-030015
  - audit_rules_var_spool_cron
  - low_complexity
  - low_disruption
  - medium_severity
  - no_reboot_needed
  - restrict_strategy

- name: Ensure auditd Collects Changes to Cron Jobs - /var/spool/cron - Use matched
    file as the recipient for the rule
  ansible.builtin.set_fact:
    all_files:
    - '{{ find_watch_key.files | map(attribute=''path'') | list | first }}'
  when:
  - '"audit" in ansible_facts.packages'
  - ("kernel-default" in ansible_facts.packages or "kernel-default-base" in ansible_facts.packages)
  - find_watch_key.matched is defined and find_watch_key.matched &gt; 0 and find_existing_watch_rules_d.matched
    is defined and find_existing_watch_rules_d.matched == 0
  tags:
  - CCE-92588-3
  - DISA-STIG-SLES-15-030015
  - audit_rules_var_spool_cron
  - low_complexity
  - low_disruption
  - medium_severity
  - no_reboot_needed
  - restrict_strategy

- name: Ensure auditd Collects Changes to Cron Jobs - /var/spool/cron - Add watch
    rule for /var/spool/cron in /etc/audit/rules.d/
  ansible.builtin.lineinfile:
    path: '{{ all_files[0] }}'
    line: -w /var/spool/cron -p wa -k cronjobs
    create: true
    mode: '0600'
  when:
  - '"audit" in ansible_facts.packages'
  - ("kernel-default" in ansible_facts.packages or "kernel-default-base" in ansible_facts.packages)
  - find_existing_watch_rules_d.matched is defined and find_existing_watch_rules_d.matched
    == 0
  tags:
  - CCE-92588-3
  - DISA-STIG-SLES-15-030015
  - audit_rules_var_spool_cron
  - low_complexity
  - low_disruption
  - medium_severity
  - no_reboot_needed
  - restrict_strategy

- name: Ensure auditd Collects Changes to Cron Jobs - /var/spool/cron - Check if watch
    rule for /var/spool/cron already exists in /etc/audit/audit.rules
  ansible.builtin.find:
    paths: /etc/audit/
    contains: ^\s*-w\s+/var/spool/cron\s+-p\s+wa(\s|$)+
    patterns: audit.rules
  register: find_existing_watch_audit_rules
  when:
  - '"audit" in ansible_facts.packages'
  - ("kernel-default" in ansible_facts.packages or "kernel-default-base" in ansible_facts.packages)
  tags:
  - CCE-92588-3
  - DISA-STIG-SLES-15-030015
  - audit_rules_var_spool_cron
  - low_complexity
  - low_disruption
  - medium_severity
  - no_reboot_needed
  - restrict_strategy

- name: Ensure auditd Collects Changes to Cron Jobs - /var/spool/cron - Add watch
    rule for /var/spool/cron in /etc/audit/audit.rules
  ansible.builtin.lineinfile:
    line: -w /var/spool/cron -p wa -k cronjobs
    state: present
    dest: /etc/audit/audit.rules
    create: true
    mode: '0600'
  when:
  - '"audit" in ansible_facts.packages'
  - ("kernel-default" in ansible_facts.packages or "kernel-default-base" in ansible_facts.packages)
  - find_existing_watch_audit_rules.matched is defined and find_existing_watch_audit_rules.matched
    == 0
  tags:
  - CCE-92588-3
  - DISA-STIG-SLES-15-030015
  - audit_rules_var_spool_cron
  - low_complexity
  - low_disruption
  - medium_severity
  - no_reboot_needed
  - restrict_strategy
</fix>
        <check system="http://oval.mitre.org/XMLSchema/oval-definitions-5">
          <check-content-ref name="oval:ssg-audit_rules_var_spool_cron:def:1" href="ssg-sle15-oval.xml"/>
        </check>
        <check system="http://scap.nist.gov/schema/ocil/2">
          <check-content-ref name="ocil:ssg-audit_rules_var_spool_cron_ocil:questionnaire:1" href="ssg-sle15-ocil.xml"/>
        </check>
      </Rule>
      <Rule id="xccdf_org.ssgproject.content_rule_audit_sudo_log_events" selected="false" role="full" severity="medium">
        <title xmlns:xhtml="http://www.w3.org/1999/xhtml" xml:lang="en-US">Record Attempts to perform maintenance activities</title>
        <description xmlns:xhtml="http://www.w3.org/1999/xhtml" xml:lang="en-US">The SUSE Linux Enterprise 15 operating system must generate audit records for
privileged activities, nonlocal maintenance, diagnostic sessions and
other system-level access.

Verify the operating system audits activities performed during nonlocal
maintenance and diagnostic sessions. Run the following command:
<html:pre xmlns:html="http://www.w3.org/1999/xhtml">$ sudo auditctl -l | grep sudo.log
-w /var/log/sudo.log -p wa -k maintenance</html:pre>





If the <html:code xmlns:html="http://www.w3.org/1999/xhtml">auditd</html:code> daemon is configured to use the <html:code xmlns:html="http://www.w3.org/1999/xhtml">augenrules</html:code>
program to read audit rules during daemon startup (the default), add the
following lines to a file with suffix <html:code xmlns:html="http://www.w3.org/1999/xhtml">.rules</html:code> in the
directory <html:code xmlns:html="http://www.w3.org/1999/xhtml">/etc/audit/rules.d</html:code>:

<html:pre xmlns:html="http://www.w3.org/1999/xhtml">-w /var/log/sudo.log -p wa -k maintenance</html:pre>

If the <html:code xmlns:html="http://www.w3.org/1999/xhtml">auditd</html:code> daemon is configured to use the <html:code xmlns:html="http://www.w3.org/1999/xhtml">auditctl</html:code>
utility to read audit rules during daemon startup, add the following lines to
<html:code xmlns:html="http://www.w3.org/1999/xhtml">/etc/audit/audit.rules</html:code>:

<html:pre xmlns:html="http://www.w3.org/1999/xhtml">-w /var/log/sudo.log -p wa -k maintenance</html:pre>
      </description>
        <reference href="https://www.pcisecuritystandards.org/documents/PCI_DSS_v3-2-1.pdf">Req-10.2.2</reference>
        <reference href="https://www.pcisecuritystandards.org/documents/PCI_DSS_v3-2-1.pdf">Req-10.2.5.b</reference>
        <reference href="https://www.cyber.mil/stigs/downloads/?_dl_facet_stigs=operating-systems%2Cgeneral-purpose-os">SRG-OS-000392-GPOS-00172</reference>
        <reference href="https://www.cyber.mil/stigs/downloads/?_dl_facet_stigs=operating-systems%2Cgeneral-purpose-os">SRG-OS-000471-GPOS-00215</reference>
        <reference href="https://www.cisecurity.org/benchmark/suse_linux/">4.1.15</reference>
        <reference href="https://cyber.gouv.fr/sites/default/files/document/linux_configuration-en-v2.pdf">R73</reference>
        <reference href="not_publicly_available">SLES-15-750450165</reference>
        <reference href="https://docs-prv.pcisecuritystandards.org/PCI%20DSS/Standard/PCI-DSS-v4_0.pdf">10.2.1.3</reference>
        <reference href="https://docs-prv.pcisecuritystandards.org/PCI%20DSS/Standard/PCI-DSS-v4_0.pdf">10.2.1</reference>
        <reference href="https://docs-prv.pcisecuritystandards.org/PCI%20DSS/Standard/PCI-DSS-v4_0.pdf">10.2</reference>
        <rationale xmlns:xhtml="http://www.w3.org/1999/xhtml" xml:lang="en-US">If events associated with nonlocal administrative access or diagnostic
sessions are not logged, a major tool for assessing and investigating
attacks would not be available.
This requirement addresses auditing-related issues associated with
maintenance tools used specifically for diagnostic and repair actions
on organizational information systems.
Nonlocal maintenance and diagnostic activities are those activities
conducted by individuals communicating through a network, either an
external network (e.g., the internet) or an internal network. Local
maintenance and diagnostic activities are those activities carried
out by individuals physically present at the information system or
information system component and not communicating across a network
connection.
This requirement applies to hardware/software diagnostic test
equipment or tools. This requirement does not cover hardware/software
components that may support information system maintenance, yet are a
part of the system, for example, the software implementing "ping,"
"ls," "ipconfig," or the hardware and software implementing the
monitoring port of an Ethernet switch.</rationale>
        <ident system="https://ncp.nist.gov/cce">CCE-92551-1</ident>
        <fix xmlns:xhtml="http://www.w3.org/1999/xhtml" id="audit_sudo_log_events" system="urn:xccdf:fix:script:sh"># Remediation is applicable only in certain platforms
if rpm --quiet -q audit &amp;&amp; rpm --quiet -q kernel-default || rpm --quiet -q kernel-default-base; then

# Perform the remediation for both possible tools: 'auditctl' and 'augenrules'






# Create a list of audit *.rules files that should be inspected for presence and correctness
# of a particular audit rule. The scheme is as follows:
#
# -----------------------------------------------------------------------------------------
# Tool used to load audit rules	| Rule already defined	|  Audit rules file to inspect	  |
# -----------------------------------------------------------------------------------------
#	auditctl		|     Doesn't matter	|  /etc/audit/audit.rules	  |
# -----------------------------------------------------------------------------------------
# 	augenrules		|          Yes		|  /etc/audit/rules.d/*.rules	  |
# 	augenrules		|          No		|  /etc/audit/rules.d/$key.rules  |
# -----------------------------------------------------------------------------------------
files_to_inspect=()


# If the audit tool is 'auditctl', then add '/etc/audit/audit.rules'
# into the list of files to be inspected
files_to_inspect+=('/etc/audit/audit.rules')

# Finally perform the inspection and possible subsequent audit rule
# correction for each of the files previously identified for inspection
for audit_rules_file in "${files_to_inspect[@]}"
do
    # Check if audit watch file system object rule for given path already present

    if grep -q -P -- "^[\s]*-w[\s]+/var/log/sudo.log" "$audit_rules_file"

    then
        # Rule is found =&gt; verify yet if existing rule definition contains
        # all of the required access type bits

        # Define BRE whitespace class shortcut
        sp="[[:space:]]"
        # Extract current permission access types (e.g. -p [r|w|x|a] values) from audit rule

        current_access_bits=$(sed -ne "s#$sp*-w$sp\+/var/log/sudo.log $sp\+-p$sp\+\([rxwa]\{1,4\}\).*#\1#p" "$audit_rules_file")

        # Split required access bits string into characters array
        # (to check bit's presence for one bit at a time)
        for access_bit in $(echo "wa" | grep -o .)
        do
            # For each from the required access bits (e.g. 'w', 'a') check
            # if they are already present in current access bits for rule.
            # If not, append that bit at the end
            if ! grep -q "$access_bit" &lt;&lt;&lt; "$current_access_bits"
            then
                # Concatenate the existing mask with the missing bit
                current_access_bits="$current_access_bits$access_bit"
            fi
        done
        # Propagate the updated rule's access bits (original + the required
        # ones) back into the /etc/audit/audit.rules file for that rule

        sed -i "s#\($sp*-w$sp\+/var/log/sudo.log$sp\+-p$sp\+\)\([rxwa]\{1,4\}\)\(.*\)#\1$current_access_bits\3#" "$audit_rules_file"

    else
        # Rule isn't present yet. Append it at the end of $audit_rules_file file
        # with proper key


        echo "-w /var/log/sudo.log -p wa -k maintenance" &gt;&gt; "$audit_rules_file"

    fi
done
# Create a list of audit *.rules files that should be inspected for presence and correctness
# of a particular audit rule. The scheme is as follows:
#
# -----------------------------------------------------------------------------------------
# Tool used to load audit rules	| Rule already defined	|  Audit rules file to inspect	  |
# -----------------------------------------------------------------------------------------
#	auditctl		|     Doesn't matter	|  /etc/audit/audit.rules	  |
# -----------------------------------------------------------------------------------------
# 	augenrules		|          Yes		|  /etc/audit/rules.d/*.rules	  |
# 	augenrules		|          No		|  /etc/audit/rules.d/$key.rules  |
# -----------------------------------------------------------------------------------------
files_to_inspect=()

# If the audit is 'augenrules', then check if rule is already defined
# If rule is defined, add '/etc/audit/rules.d/*.rules' to list of files for inspection.
# If rule isn't defined, add '/etc/audit/rules.d/maintenance.rules' to list of files for inspection.

readarray -t matches &lt; &lt;(grep -HP "[\s]*-w[\s]+/var/log/sudo.log" /etc/audit/rules.d/*.rules)


# For each of the matched entries
for match in "${matches[@]}"
do
    # Extract filepath from the match
    rulesd_audit_file=$(echo $match | cut -f1 -d ':')
    # Append that path into list of files for inspection
    files_to_inspect+=("$rulesd_audit_file")
done
# Case when particular audit rule isn't defined yet
if [ "${#files_to_inspect[@]}" -eq "0" ]
then
    # Append '/etc/audit/rules.d/maintenance.rules' into list of files for inspection
    key_rule_file="/etc/audit/rules.d/maintenance.rules"
    # If the maintenance.rules file doesn't exist yet, create it with correct permissions
    if [ ! -e "$key_rule_file" ]
    then
        touch "$key_rule_file"
        chmod 0600 "$key_rule_file"
    fi
    files_to_inspect+=("$key_rule_file")
fi

# Finally perform the inspection and possible subsequent audit rule
# correction for each of the files previously identified for inspection
for audit_rules_file in "${files_to_inspect[@]}"
do
    # Check if audit watch file system object rule for given path already present

    if grep -q -P -- "^[\s]*-w[\s]+/var/log/sudo.log" "$audit_rules_file"

    then
        # Rule is found =&gt; verify yet if existing rule definition contains
        # all of the required access type bits

        # Define BRE whitespace class shortcut
        sp="[[:space:]]"
        # Extract current permission access types (e.g. -p [r|w|x|a] values) from audit rule

        current_access_bits=$(sed -ne "s#$sp*-w$sp\+/var/log/sudo.log $sp\+-p$sp\+\([rxwa]\{1,4\}\).*#\1#p" "$audit_rules_file")

        # Split required access bits string into characters array
        # (to check bit's presence for one bit at a time)
        for access_bit in $(echo "wa" | grep -o .)
        do
            # For each from the required access bits (e.g. 'w', 'a') check
            # if they are already present in current access bits for rule.
            # If not, append that bit at the end
            if ! grep -q "$access_bit" &lt;&lt;&lt; "$current_access_bits"
            then
                # Concatenate the existing mask with the missing bit
                current_access_bits="$current_access_bits$access_bit"
            fi
        done
        # Propagate the updated rule's access bits (original + the required
        # ones) back into the /etc/audit/audit.rules file for that rule

        sed -i "s#\($sp*-w$sp\+/var/log/sudo.log$sp\+-p$sp\+\)\([rxwa]\{1,4\}\)\(.*\)#\1$current_access_bits\3#" "$audit_rules_file"

    else
        # Rule isn't present yet. Append it at the end of $audit_rules_file file
        # with proper key


        echo "-w /var/log/sudo.log -p wa -k maintenance" &gt;&gt; "$audit_rules_file"

    fi
done

else
    &gt;&amp;2 echo 'Remediation is not applicable, nothing was done'
fi
</fix>
        <fix xmlns:xhtml="http://www.w3.org/1999/xhtml" id="audit_sudo_log_events" system="urn:xccdf:fix:script:ansible" complexity="low" disruption="low" strategy="restrict">- name: Gather the package facts
  package_facts:
    manager: auto
  tags:
  - CCE-92551-1
  - PCI-DSS-Req-10.2.2
  - PCI-DSS-Req-10.2.5.b
  - PCI-DSSv4-10.2
  - PCI-DSSv4-10.2.1
  - PCI-DSSv4-10.2.1.3
  - audit_sudo_log_events
  - low_complexity
  - low_disruption
  - medium_severity
  - no_reboot_needed
  - restrict_strategy

- name: Record Attempts to perform maintenance activities - Check if watch rule for
    /var/log/sudo.log already exists in /etc/audit/rules.d/
  ansible.builtin.find:
    paths: /etc/audit/rules.d
    contains: ^\s*-w\s+/var/log/sudo.log\s+-p\s+wa(\s|$)+
    patterns: '*.rules'
  register: find_existing_watch_rules_d
  when:
  - '"audit" in ansible_facts.packages'
  - ("kernel-default" in ansible_facts.packages or "kernel-default-base" in ansible_facts.packages)
  tags:
  - CCE-92551-1
  - PCI-DSS-Req-10.2.2
  - PCI-DSS-Req-10.2.5.b
  - PCI-DSSv4-10.2
  - PCI-DSSv4-10.2.1
  - PCI-DSSv4-10.2.1.3
  - audit_sudo_log_events
  - low_complexity
  - low_disruption
  - medium_severity
  - no_reboot_needed
  - restrict_strategy

- name: Record Attempts to perform maintenance activities - Search /etc/audit/rules.d
    for other rules with specified key maintenance
  ansible.builtin.find:
    paths: /etc/audit/rules.d
    contains: ^.*(?:-F key=|-k\s+)maintenance$
    patterns: '*.rules'
  register: find_watch_key
  when:
  - '"audit" in ansible_facts.packages'
  - ("kernel-default" in ansible_facts.packages or "kernel-default-base" in ansible_facts.packages)
  - find_existing_watch_rules_d.matched is defined and find_existing_watch_rules_d.matched
    == 0
  tags:
  - CCE-92551-1
  - PCI-DSS-Req-10.2.2
  - PCI-DSS-Req-10.2.5.b
  - PCI-DSSv4-10.2
  - PCI-DSSv4-10.2.1
  - PCI-DSSv4-10.2.1.3
  - audit_sudo_log_events
  - low_complexity
  - low_disruption
  - medium_severity
  - no_reboot_needed
  - restrict_strategy

- name: Record Attempts to perform maintenance activities - Use /etc/audit/rules.d/maintenance.rules
    as the recipient for the rule
  ansible.builtin.set_fact:
    all_files:
    - /etc/audit/rules.d/maintenance.rules
  when:
  - '"audit" in ansible_facts.packages'
  - ("kernel-default" in ansible_facts.packages or "kernel-default-base" in ansible_facts.packages)
  - find_watch_key.matched is defined and find_watch_key.matched == 0 and find_existing_watch_rules_d.matched
    is defined and find_existing_watch_rules_d.matched == 0
  tags:
  - CCE-92551-1
  - PCI-DSS-Req-10.2.2
  - PCI-DSS-Req-10.2.5.b
  - PCI-DSSv4-10.2
  - PCI-DSSv4-10.2.1
  - PCI-DSSv4-10.2.1.3
  - audit_sudo_log_events
  - low_complexity
  - low_disruption
  - medium_severity
  - no_reboot_needed
  - restrict_strategy

- name: Record Attempts to perform maintenance activities - Use matched file as the
    recipient for the rule
  ansible.builtin.set_fact:
    all_files:
    - '{{ find_watch_key.files | map(attribute=''path'') | list | first }}'
  when:
  - '"audit" in ansible_facts.packages'
  - ("kernel-default" in ansible_facts.packages or "kernel-default-base" in ansible_facts.packages)
  - find_watch_key.matched is defined and find_watch_key.matched &gt; 0 and find_existing_watch_rules_d.matched
    is defined and find_existing_watch_rules_d.matched == 0
  tags:
  - CCE-92551-1
  - PCI-DSS-Req-10.2.2
  - PCI-DSS-Req-10.2.5.b
  - PCI-DSSv4-10.2
  - PCI-DSSv4-10.2.1
  - PCI-DSSv4-10.2.1.3
  - audit_sudo_log_events
  - low_complexity
  - low_disruption
  - medium_severity
  - no_reboot_needed
  - restrict_strategy

- name: Record Attempts to perform maintenance activities - Add watch rule for /var/log/sudo.log
    in /etc/audit/rules.d/
  ansible.builtin.lineinfile:
    path: '{{ all_files[0] }}'
    line: -w /var/log/sudo.log -p wa -k maintenance
    create: true
    mode: '0600'
  when:
  - '"audit" in ansible_facts.packages'
  - ("kernel-default" in ansible_facts.packages or "kernel-default-base" in ansible_facts.packages)
  - find_existing_watch_rules_d.matched is defined and find_existing_watch_rules_d.matched
    == 0
  tags:
  - CCE-92551-1
  - PCI-DSS-Req-10.2.2
  - PCI-DSS-Req-10.2.5.b
  - PCI-DSSv4-10.2
  - PCI-DSSv4-10.2.1
  - PCI-DSSv4-10.2.1.3
  - audit_sudo_log_events
  - low_complexity
  - low_disruption
  - medium_severity
  - no_reboot_needed
  - restrict_strategy

- name: Record Attempts to perform maintenance activities - Check if watch rule for
    /var/log/sudo.log already exists in /etc/audit/audit.rules
  ansible.builtin.find:
    paths: /etc/audit/
    contains: ^\s*-w\s+/var/log/sudo.log\s+-p\s+wa(\s|$)+
    patterns: audit.rules
  register: find_existing_watch_audit_rules
  when:
  - '"audit" in ansible_facts.packages'
  - ("kernel-default" in ansible_facts.packages or "kernel-default-base" in ansible_facts.packages)
  tags:
  - CCE-92551-1
  - PCI-DSS-Req-10.2.2
  - PCI-DSS-Req-10.2.5.b
  - PCI-DSSv4-10.2
  - PCI-DSSv4-10.2.1
  - PCI-DSSv4-10.2.1.3
  - audit_sudo_log_events
  - low_complexity
  - low_disruption
  - medium_severity
  - no_reboot_needed
  - restrict_strategy

- name: Record Attempts to perform maintenance activities - Add watch rule for /var/log/sudo.log
    in /etc/audit/audit.rules
  ansible.builtin.lineinfile:
    line: -w /var/log/sudo.log -p wa -k maintenance
    state: present
    dest: /etc/audit/audit.rules
    create: true
    mode: '0600'
  when:
  - '"audit" in ansible_facts.packages'
  - ("kernel-default" in ansible_facts.packages or "kernel-default-base" in ansible_facts.packages)
  - find_existing_watch_audit_rules.matched is defined and find_existing_watch_audit_rules.matched
    == 0
  tags:
  - CCE-92551-1
  - PCI-DSS-Req-10.2.2
  - PCI-DSS-Req-10.2.5.b
  - PCI-DSSv4-10.2
  - PCI-DSSv4-10.2.1
  - PCI-DSSv4-10.2.1.3
  - audit_sudo_log_events
  - low_complexity
  - low_disruption
  - medium_severity
  - no_reboot_needed
  - restrict_strategy
</fix>
        <check system="http://oval.mitre.org/XMLSchema/oval-definitions-5">
          <check-content-ref name="oval:ssg-audit_sudo_log_events:def:1" href="ssg-sle15-oval.xml"/>
        </check>
        <check system="http://scap.nist.gov/schema/ocil/2">
          <check-content-ref name="ocil:ssg-audit_sudo_log_events_ocil:questionnaire:1" href="ssg-sle15-ocil.xml"/>
        </check>
      </Rule>
      <Rule id="xccdf_org.ssgproject.content_rule_directory_permissions_var_log_audit" selected="false" role="full" severity="medium">
        <title xmlns:xhtml="http://www.w3.org/1999/xhtml" xml:lang="en-US">System Audit Logs Must Have Mode 0750 or Less Permissive</title>
        <description xmlns:xhtml="http://www.w3.org/1999/xhtml" xml:lang="en-US">
If <html:code xmlns:html="http://www.w3.org/1999/xhtml">log_group</html:code> in <html:code xmlns:html="http://www.w3.org/1999/xhtml">/etc/audit/auditd.conf</html:code> is set to a group other than the <html:code xmlns:html="http://www.w3.org/1999/xhtml">root</html:code>
group account, change the mode of the audit log files with the following command:
<html:pre xmlns:html="http://www.w3.org/1999/xhtml">$ sudo chmod 0750 /var/log/audit</html:pre>
       <html:br xmlns:html="http://www.w3.org/1999/xhtml"/>
Otherwise, change the mode of the audit log files with the following command:
<html:pre xmlns:html="http://www.w3.org/1999/xhtml">$ sudo chmod 0700 /var/log/audit</html:pre>
      </description>
        <reference href="https://www.cisecurity.org/controls/">1</reference>
        <reference href="https://www.cisecurity.org/controls/">11</reference>
        <reference href="https://www.cisecurity.org/controls/">12</reference>
        <reference href="https://www.cisecurity.org/controls/">13</reference>
        <reference href="https://www.cisecurity.org/controls/">14</reference>
        <reference href="https://www.cisecurity.org/controls/">15</reference>
        <reference href="https://www.cisecurity.org/controls/">16</reference>
        <reference href="https://www.cisecurity.org/controls/">18</reference>
        <reference href="https://www.cisecurity.org/controls/">19</reference>
        <reference href="https://www.cisecurity.org/controls/">3</reference>
        <reference href="https://www.cisecurity.org/controls/">4</reference>
        <reference href="https://www.cisecurity.org/controls/">5</reference>
        <reference href="https://www.cisecurity.org/controls/">6</reference>
        <reference href="https://www.cisecurity.org/controls/">7</reference>
        <reference href="https://www.cisecurity.org/controls/">8</reference>
        <reference href="https://www.isaca.org/resources/cobit">APO01.06</reference>
        <reference href="https://www.isaca.org/resources/cobit">APO11.04</reference>
        <reference href="https://www.isaca.org/resources/cobit">APO12.06</reference>
        <reference href="https://www.isaca.org/resources/cobit">BAI03.05</reference>
        <reference href="https://www.isaca.org/resources/cobit">BAI08.02</reference>
        <reference href="https://www.isaca.org/resources/cobit">DSS02.02</reference>
        <reference href="https://www.isaca.org/resources/cobit">DSS02.04</reference>
        <reference href="https://www.isaca.org/resources/cobit">DSS02.07</reference>
        <reference href="https://www.isaca.org/resources/cobit">DSS03.01</reference>
        <reference href="https://www.isaca.org/resources/cobit">DSS05.04</reference>
        <reference href="https://www.isaca.org/resources/cobit">DSS05.07</reference>
        <reference href="https://www.isaca.org/resources/cobit">DSS06.02</reference>
        <reference href="https://www.isaca.org/resources/cobit">MEA02.01</reference>
        <reference href="https://www.isa.org/products/isa-62443-2-1-2009-security-for-industrial-automat">4.2.3.10</reference>
        <reference href="https://www.isa.org/products/isa-62443-2-1-2009-security-for-industrial-automat">4.3.3.3.9</reference>
        <reference href="https://www.isa.org/products/isa-62443-2-1-2009-security-for-industrial-automat">4.3.3.5.8</reference>
        <reference href="https://www.isa.org/products/isa-62443-2-1-2009-security-for-industrial-automat">4.3.3.7.3</reference>
        <reference href="https://www.isa.org/products/isa-62443-2-1-2009-security-for-industrial-automat">4.3.4.4.7</reference>
        <reference href="https://www.isa.org/products/isa-62443-2-1-2009-security-for-industrial-automat">4.3.4.5.6</reference>
        <reference href="https://www.isa.org/products/isa-62443-2-1-2009-security-for-industrial-automat">4.3.4.5.7</reference>
        <reference href="https://www.isa.org/products/isa-62443-2-1-2009-security-for-industrial-automat">4.3.4.5.8</reference>
        <reference href="https://www.isa.org/products/isa-62443-2-1-2009-security-for-industrial-automat">4.4.2.1</reference>
        <reference href="https://www.isa.org/products/isa-62443-2-1-2009-security-for-industrial-automat">4.4.2.2</reference>
        <reference href="https://www.isa.org/products/isa-62443-2-1-2009-security-for-industrial-automat">4.4.2.4</reference>
        <reference href="https://www.isa.org/products/ansi-isa-62443-3-3-99-03-03-2013-security-for-indu">SR 2.1</reference>
        <reference href="https://www.isa.org/products/ansi-isa-62443-3-3-99-03-03-2013-security-for-indu">SR 2.10</reference>
        <reference href="https://www.isa.org/products/ansi-isa-62443-3-3-99-03-03-2013-security-for-indu">SR 2.11</reference>
        <reference href="https://www.isa.org/products/ansi-isa-62443-3-3-99-03-03-2013-security-for-indu">SR 2.12</reference>
        <reference href="https://www.isa.org/products/ansi-isa-62443-3-3-99-03-03-2013-security-for-indu">SR 2.8</reference>
        <reference href="https://www.isa.org/products/ansi-isa-62443-3-3-99-03-03-2013-security-for-indu">SR 2.9</reference>
        <reference href="https://www.isa.org/products/ansi-isa-62443-3-3-99-03-03-2013-security-for-indu">SR 5.2</reference>
        <reference href="https://www.isa.org/products/ansi-isa-62443-3-3-99-03-03-2013-security-for-indu">SR 6.1</reference>
        <reference href="https://www.iso.org/contents/data/standard/05/45/54534.html">A.10.1.1</reference>
        <reference href="https://www.iso.org/contents/data/standard/05/45/54534.html">A.11.1.4</reference>
        <reference href="https://www.iso.org/contents/data/standard/05/45/54534.html">A.11.1.5</reference>
        <reference href="https://www.iso.org/contents/data/standard/05/45/54534.html">A.11.2.1</reference>
        <reference href="https://www.iso.org/contents/data/standard/05/45/54534.html">A.12.4.1</reference>
        <reference href="https://www.iso.org/contents/data/standard/05/45/54534.html">A.12.4.2</reference>
        <reference href="https://www.iso.org/contents/data/standard/05/45/54534.html">A.12.4.3</reference>
        <reference href="https://www.iso.org/contents/data/standard/05/45/54534.html">A.12.4.4</reference>
        <reference href="https://www.iso.org/contents/data/standard/05/45/54534.html">A.12.7.1</reference>
        <reference href="https://www.iso.org/contents/data/standard/05/45/54534.html">A.13.1.1</reference>
        <reference href="https://www.iso.org/contents/data/standard/05/45/54534.html">A.13.1.3</reference>
        <reference href="https://www.iso.org/contents/data/standard/05/45/54534.html">A.13.2.1</reference>
        <reference href="https://www.iso.org/contents/data/standard/05/45/54534.html">A.13.2.3</reference>
        <reference href="https://www.iso.org/contents/data/standard/05/45/54534.html">A.13.2.4</reference>
        <reference href="https://www.iso.org/contents/data/standard/05/45/54534.html">A.14.1.2</reference>
        <reference href="https://www.iso.org/contents/data/standard/05/45/54534.html">A.14.1.3</reference>
        <reference href="https://www.iso.org/contents/data/standard/05/45/54534.html">A.16.1.4</reference>
        <reference href="https://www.iso.org/contents/data/standard/05/45/54534.html">A.16.1.5</reference>
        <reference href="https://www.iso.org/contents/data/standard/05/45/54534.html">A.16.1.7</reference>
        <reference href="https://www.iso.org/contents/data/standard/05/45/54534.html">A.6.1.2</reference>
        <reference href="https://www.iso.org/contents/data/standard/05/45/54534.html">A.7.1.1</reference>
        <reference href="https://www.iso.org/contents/data/standard/05/45/54534.html">A.7.1.2</reference>
        <reference href="https://www.iso.org/contents/data/standard/05/45/54534.html">A.7.3.1</reference>
        <reference href="https://www.iso.org/contents/data/standard/05/45/54534.html">A.8.2.2</reference>
        <reference href="https://www.iso.org/contents/data/standard/05/45/54534.html">A.8.2.3</reference>
        <reference href="https://www.iso.org/contents/data/standard/05/45/54534.html">A.9.1.1</reference>
        <reference href="https://www.iso.org/contents/data/standard/05/45/54534.html">A.9.1.2</reference>
        <reference href="https://www.iso.org/contents/data/standard/05/45/54534.html">A.9.2.3</reference>
        <reference href="https://www.iso.org/contents/data/standard/05/45/54534.html">A.9.4.1</reference>
        <reference href="https://www.iso.org/contents/data/standard/05/45/54534.html">A.9.4.4</reference>
        <reference href="https://www.iso.org/contents/data/standard/05/45/54534.html">A.9.4.5</reference>
        <reference href="https://www.nerc.com/standards/reliability-standards/cip">CIP-003-8 R5.1.1</reference>
        <reference href="https://www.nerc.com/standards/reliability-standards/cip">CIP-003-8 R5.2</reference>
        <reference href="https://www.nerc.com/standards/reliability-standards/cip">CIP-003-8 R5.3</reference>
        <reference href="https://www.nerc.com/standards/reliability-standards/cip">CIP-004-6 R2.3</reference>
        <reference href="https://www.nerc.com/standards/reliability-standards/cip">CIP-004-6 R3.3</reference>
        <reference href="https://www.nerc.com/standards/reliability-standards/cip">CIP-007-3 R2.1</reference>
        <reference href="https://www.nerc.com/standards/reliability-standards/cip">CIP-007-3 R2.2</reference>
        <reference href="https://www.nerc.com/standards/reliability-standards/cip">CIP-007-3 R2.3</reference>
        <reference href="https://www.nerc.com/standards/reliability-standards/cip">CIP-007-3 R5.1</reference>
        <reference href="https://www.nerc.com/standards/reliability-standards/cip">CIP-007-3 R5.1.1</reference>
        <reference href="https://www.nerc.com/standards/reliability-standards/cip">CIP-007-3 R5.1.2</reference>
        <reference href="https://www.nerc.com/standards/reliability-standards/cip">CIP-007-3 R6.5</reference>
        <reference href="http://nvlpubs.nist.gov/nistpubs/SpecialPublications/NIST.SP.800-53r4.pdf">CM-6(a)</reference>
        <reference href="http://nvlpubs.nist.gov/nistpubs/SpecialPublications/NIST.SP.800-53r4.pdf">AC-6(1)</reference>
        <reference href="http://nvlpubs.nist.gov/nistpubs/SpecialPublications/NIST.SP.800-53r4.pdf">AU-9</reference>
        <reference href="https://nvlpubs.nist.gov/nistpubs/CSWP/NIST.CSWP.04162018.pdf">DE.AE-3</reference>
        <reference href="https://nvlpubs.nist.gov/nistpubs/CSWP/NIST.CSWP.04162018.pdf">DE.AE-5</reference>
        <reference href="https://nvlpubs.nist.gov/nistpubs/CSWP/NIST.CSWP.04162018.pdf">PR.AC-4</reference>
        <reference href="https://nvlpubs.nist.gov/nistpubs/CSWP/NIST.CSWP.04162018.pdf">PR.DS-5</reference>
        <reference href="https://nvlpubs.nist.gov/nistpubs/CSWP/NIST.CSWP.04162018.pdf">PR.PT-1</reference>
        <reference href="https://nvlpubs.nist.gov/nistpubs/CSWP/NIST.CSWP.04162018.pdf">RS.AN-1</reference>
        <reference href="https://nvlpubs.nist.gov/nistpubs/CSWP/NIST.CSWP.04162018.pdf">RS.AN-4</reference>
        <reference href="https://www.cyber.mil/stigs/downloads/?_dl_facet_stigs=operating-systems%2Cgeneral-purpose-os">SRG-OS-000057-GPOS-00027</reference>
        <reference href="https://www.cyber.mil/stigs/downloads/?_dl_facet_stigs=operating-systems%2Cgeneral-purpose-os">SRG-OS-000058-GPOS-00028</reference>
        <reference href="https://www.cyber.mil/stigs/downloads/?_dl_facet_stigs=operating-systems%2Cgeneral-purpose-os">SRG-OS-000059-GPOS-00029</reference>
        <reference href="not_publicly_available">SLES-15-750450540</reference>
        <rationale xmlns:xhtml="http://www.w3.org/1999/xhtml" xml:lang="en-US">If users can write to audit logs, audit trails can be modified or destroyed.</rationale>
        <ident system="https://ncp.nist.gov/cce">CCE-92530-5</ident>
        <fix xmlns:xhtml="http://www.w3.org/1999/xhtml" id="directory_permissions_var_log_audit" system="urn:xccdf:fix:script:sh"># Remediation is applicable only in certain platforms
if rpm --quiet -q audit &amp;&amp; rpm --quiet -q kernel-default || rpm --quiet -q kernel-default-base; then

if LC_ALL=C grep -iw ^log_file /etc/audit/auditd.conf; then
  DIR=$(awk -F "=" '/^log_file/ {print $2}' /etc/audit/auditd.conf | tr -d ' ' | rev | cut -d"/" -f2- | rev)
else
  DIR="/var/log/audit"
fi


if LC_ALL=C grep -m 1 -q ^log_group /etc/audit/auditd.conf; then
  GROUP=$(awk -F "=" '/log_group/ {print $2}' /etc/audit/auditd.conf | tr -d ' ')
  if ! [ "${GROUP}" == 'root' ] ; then
    chmod 0750 $DIR
  else
    chmod 0700 $DIR
  fi
else
  chmod 0700 $DIR
fi

else
    &gt;&amp;2 echo 'Remediation is not applicable, nothing was done'
fi
</fix>
        <fix xmlns:xhtml="http://www.w3.org/1999/xhtml" id="directory_permissions_var_log_audit" system="urn:xccdf:fix:script:ansible" complexity="low" disruption="low" strategy="restrict">- name: Gather the package facts
  package_facts:
    manager: auto
  tags:
  - CCE-92530-5
  - NIST-800-53-AC-6(1)
  - NIST-800-53-AU-9
  - NIST-800-53-CM-6(a)
  - directory_permissions_var_log_audit
  - low_complexity
  - low_disruption
  - medium_severity
  - no_reboot_needed
  - restrict_strategy

- name: System Audit Logs Must Have Mode 0750 or Less Permissive - Get audit log file
    from /etc/audit/auditd.conf
  ansible.builtin.command: grep -iw ^log_file /etc/audit/auditd.conf
  check_mode: false
  failed_when: false
  changed_when: false
  register: log_file_exists
  when:
  - '"audit" in ansible_facts.packages'
  - ("kernel-default" in ansible_facts.packages or "kernel-default-base" in ansible_facts.packages)
  tags:
  - CCE-92530-5
  - NIST-800-53-AC-6(1)
  - NIST-800-53-AU-9
  - NIST-800-53-CM-6(a)
  - directory_permissions_var_log_audit
  - low_complexity
  - low_disruption
  - medium_severity
  - no_reboot_needed
  - restrict_strategy

- name: System Audit Logs Must Have Mode 0750 or Less Permissive - Set audit log file
    fact
  ansible.builtin.set_fact:
    log_file_line: '{{ log_file_exists.stdout | split('' '') | last }}'
  when:
  - '"audit" in ansible_facts.packages'
  - ("kernel-default" in ansible_facts.packages or "kernel-default-base" in ansible_facts.packages)
  tags:
  - CCE-92530-5
  - NIST-800-53-AC-6(1)
  - NIST-800-53-AU-9
  - NIST-800-53-CM-6(a)
  - directory_permissions_var_log_audit
  - low_complexity
  - low_disruption
  - medium_severity
  - no_reboot_needed
  - restrict_strategy

- name: System Audit Logs Must Have Mode 0750 or Less Permissive - Set default log_file
    if not configured in /etc/audit/auditd.conf
  ansible.builtin.set_fact:
    log_file_dir: /var/log/audit
  when:
  - '"audit" in ansible_facts.packages'
  - ("kernel-default" in ansible_facts.packages or "kernel-default-base" in ansible_facts.packages)
  - (log_file_exists is undefined) or (log_file_exists.stdout | length == 0)
  tags:
  - CCE-92530-5
  - NIST-800-53-AC-6(1)
  - NIST-800-53-AU-9
  - NIST-800-53-CM-6(a)
  - directory_permissions_var_log_audit
  - low_complexity
  - low_disruption
  - medium_severity
  - no_reboot_needed
  - restrict_strategy

- name: System Audit Logs Must Have Mode 0750 or Less Permissive - Set log_file_dir
    from log_file_line if configured
  ansible.builtin.set_fact:
    log_file_dir: '{{ log_file_line | dirname}}'
  when:
  - '"audit" in ansible_facts.packages'
  - ("kernel-default" in ansible_facts.packages or "kernel-default-base" in ansible_facts.packages)
  - (log_file_line is defined) and (log_file_line | length &gt; 0)
  tags:
  - CCE-92530-5
  - NIST-800-53-AC-6(1)
  - NIST-800-53-AU-9
  - NIST-800-53-CM-6(a)
  - directory_permissions_var_log_audit
  - low_complexity
  - low_disruption
  - medium_severity
  - no_reboot_needed
  - restrict_strategy

- name: System Audit Logs Must Have Mode 0750 or Less Permissive - Get audit log group
  ansible.builtin.command: grep -iw ^log_group /etc/audit/auditd.conf
  check_mode: false
  failed_when: false
  changed_when: false
  register: log_group_exists
  when:
  - '"audit" in ansible_facts.packages'
  - ("kernel-default" in ansible_facts.packages or "kernel-default-base" in ansible_facts.packages)
  tags:
  - CCE-92530-5
  - NIST-800-53-AC-6(1)
  - NIST-800-53-AU-9
  - NIST-800-53-CM-6(a)
  - directory_permissions_var_log_audit
  - low_complexity
  - low_disruption
  - medium_severity
  - no_reboot_needed
  - restrict_strategy

- name: System Audit Logs Must Have Mode 0750 or Less Permissive - Set audit log directory
    mode to 0700
  ansible.builtin.file:
    path: '{{ log_file_dir }}'
    mode: 448
  when:
  - '"audit" in ansible_facts.packages'
  - ("kernel-default" in ansible_facts.packages or "kernel-default-base" in ansible_facts.packages)
  - log_group_exists.stdout | length == 0
  tags:
  - CCE-92530-5
  - NIST-800-53-AC-6(1)
  - NIST-800-53-AU-9
  - NIST-800-53-CM-6(a)
  - directory_permissions_var_log_audit
  - low_complexity
  - low_disruption
  - medium_severity
  - no_reboot_needed
  - restrict_strategy

- name: System Audit Logs Must Have Mode 0750 or Less Permissive - Set audit log directory
    mode to 0750
  ansible.builtin.file:
    path: '{{ log_file_dir }}'
    mode: 488
  when:
  - '"audit" in ansible_facts.packages'
  - ("kernel-default" in ansible_facts.packages or "kernel-default-base" in ansible_facts.packages)
  - log_group_exists.stdout | length &gt; 0
  tags:
  - CCE-92530-5
  - NIST-800-53-AC-6(1)
  - NIST-800-53-AU-9
  - NIST-800-53-CM-6(a)
  - directory_permissions_var_log_audit
  - low_complexity
  - low_disruption
  - medium_severity
  - no_reboot_needed
  - restrict_strategy
</fix>
        <check system="http://oval.mitre.org/XMLSchema/oval-definitions-5">
          <check-content-ref name="oval:ssg-directory_permissions_var_log_audit:def:1" href="ssg-sle15-oval.xml"/>
        </check>
        <check system="http://scap.nist.gov/schema/ocil/2">
          <check-content-ref name="ocil:ssg-directory_permissions_var_log_audit_ocil:questionnaire:1" href="ssg-sle15-ocil.xml"/>
        </check>
      </Rule>
      <Rule id="xccdf_org.ssgproject.content_rule_file_group_ownership_var_log_audit" selected="false" role="full" severity="medium">
        <title xmlns:xhtml="http://www.w3.org/1999/xhtml" xml:lang="en-US">System Audit Logs Must Be Group Owned By Root</title>
        <description xmlns:xhtml="http://www.w3.org/1999/xhtml" xml:lang="en-US">All audit logs must be group owned by root user. The path for audit log can
be configured via <html:code xmlns:html="http://www.w3.org/1999/xhtml">log_file</html:code> parameter in <html:pre xmlns:html="http://www.w3.org/1999/xhtml">/etc/audit/auditd.conf</html:pre>
or, by default, the path for audit log is <html:pre xmlns:html="http://www.w3.org/1999/xhtml">/var/log/audit/</html:pre>.

To properly set the group owner of <html:code xmlns:html="http://www.w3.org/1999/xhtml">/var/log/audit/*</html:code>, run the command:

  <html:pre xmlns:html="http://www.w3.org/1999/xhtml">$ sudo chgrp root /var/log/audit/*</html:pre>
  


If <html:code xmlns:html="http://www.w3.org/1999/xhtml">log_group</html:code> in <html:code xmlns:html="http://www.w3.org/1999/xhtml">/etc/audit/auditd.conf</html:code> is set to a group other
than the <html:code xmlns:html="http://www.w3.org/1999/xhtml">root</html:code> group account, change the group ownership of the audit logs
to this specific group.</description>
        <reference href="https://www.cisecurity.org/controls/">1</reference>
        <reference href="https://www.cisecurity.org/controls/">11</reference>
        <reference href="https://www.cisecurity.org/controls/">12</reference>
        <reference href="https://www.cisecurity.org/controls/">13</reference>
        <reference href="https://www.cisecurity.org/controls/">14</reference>
        <reference href="https://www.cisecurity.org/controls/">15</reference>
        <reference href="https://www.cisecurity.org/controls/">16</reference>
        <reference href="https://www.cisecurity.org/controls/">18</reference>
        <reference href="https://www.cisecurity.org/controls/">19</reference>
        <reference href="https://www.cisecurity.org/controls/">3</reference>
        <reference href="https://www.cisecurity.org/controls/">4</reference>
        <reference href="https://www.cisecurity.org/controls/">5</reference>
        <reference href="https://www.cisecurity.org/controls/">6</reference>
        <reference href="https://www.cisecurity.org/controls/">7</reference>
        <reference href="https://www.cisecurity.org/controls/">8</reference>
        <reference href="https://www.fbi.gov/file-repository/cjis-security-policy-v5_5_20160601-2-1.pdf">5.4.1.1</reference>
        <reference href="https://www.isaca.org/resources/cobit">APO01.06</reference>
        <reference href="https://www.isaca.org/resources/cobit">APO11.04</reference>
        <reference href="https://www.isaca.org/resources/cobit">APO12.06</reference>
        <reference href="https://www.isaca.org/resources/cobit">BAI03.05</reference>
        <reference href="https://www.isaca.org/resources/cobit">BAI08.02</reference>
        <reference href="https://www.isaca.org/resources/cobit">DSS02.02</reference>
        <reference href="https://www.isaca.org/resources/cobit">DSS02.04</reference>
        <reference href="https://www.isaca.org/resources/cobit">DSS02.07</reference>
        <reference href="https://www.isaca.org/resources/cobit">DSS03.01</reference>
        <reference href="https://www.isaca.org/resources/cobit">DSS05.04</reference>
        <reference href="https://www.isaca.org/resources/cobit">DSS05.07</reference>
        <reference href="https://www.isaca.org/resources/cobit">DSS06.02</reference>
        <reference href="https://www.isaca.org/resources/cobit">MEA02.01</reference>
        <reference href="http://nvlpubs.nist.gov/nistpubs/SpecialPublications/NIST.SP.800-171.pdf">3.3.1</reference>
        <reference href="https://www.isa.org/products/isa-62443-2-1-2009-security-for-industrial-automat">4.2.3.10</reference>
        <reference href="https://www.isa.org/products/isa-62443-2-1-2009-security-for-industrial-automat">4.3.3.3.9</reference>
        <reference href="https://www.isa.org/products/isa-62443-2-1-2009-security-for-industrial-automat">4.3.3.5.8</reference>
        <reference href="https://www.isa.org/products/isa-62443-2-1-2009-security-for-industrial-automat">4.3.3.7.3</reference>
        <reference href="https://www.isa.org/products/isa-62443-2-1-2009-security-for-industrial-automat">4.3.4.4.7</reference>
        <reference href="https://www.isa.org/products/isa-62443-2-1-2009-security-for-industrial-automat">4.3.4.5.6</reference>
        <reference href="https://www.isa.org/products/isa-62443-2-1-2009-security-for-industrial-automat">4.3.4.5.7</reference>
        <reference href="https://www.isa.org/products/isa-62443-2-1-2009-security-for-industrial-automat">4.3.4.5.8</reference>
        <reference href="https://www.isa.org/products/isa-62443-2-1-2009-security-for-industrial-automat">4.4.2.1</reference>
        <reference href="https://www.isa.org/products/isa-62443-2-1-2009-security-for-industrial-automat">4.4.2.2</reference>
        <reference href="https://www.isa.org/products/isa-62443-2-1-2009-security-for-industrial-automat">4.4.2.4</reference>
        <reference href="https://www.isa.org/products/ansi-isa-62443-3-3-99-03-03-2013-security-for-indu">SR 2.1</reference>
        <reference href="https://www.isa.org/products/ansi-isa-62443-3-3-99-03-03-2013-security-for-indu">SR 2.10</reference>
        <reference href="https://www.isa.org/products/ansi-isa-62443-3-3-99-03-03-2013-security-for-indu">SR 2.11</reference>
        <reference href="https://www.isa.org/products/ansi-isa-62443-3-3-99-03-03-2013-security-for-indu">SR 2.12</reference>
        <reference href="https://www.isa.org/products/ansi-isa-62443-3-3-99-03-03-2013-security-for-indu">SR 2.8</reference>
        <reference href="https://www.isa.org/products/ansi-isa-62443-3-3-99-03-03-2013-security-for-indu">SR 2.9</reference>
        <reference href="https://www.isa.org/products/ansi-isa-62443-3-3-99-03-03-2013-security-for-indu">SR 5.2</reference>
        <reference href="https://www.isa.org/products/ansi-isa-62443-3-3-99-03-03-2013-security-for-indu">SR 6.1</reference>
        <reference href="https://www.iso.org/contents/data/standard/05/45/54534.html">A.10.1.1</reference>
        <reference href="https://www.iso.org/contents/data/standard/05/45/54534.html">A.11.1.4</reference>
        <reference href="https://www.iso.org/contents/data/standard/05/45/54534.html">A.11.1.5</reference>
        <reference href="https://www.iso.org/contents/data/standard/05/45/54534.html">A.11.2.1</reference>
        <reference href="https://www.iso.org/contents/data/standard/05/45/54534.html">A.12.4.1</reference>
        <reference href="https://www.iso.org/contents/data/standard/05/45/54534.html">A.12.4.2</reference>
        <reference href="https://www.iso.org/contents/data/standard/05/45/54534.html">A.12.4.3</reference>
        <reference href="https://www.iso.org/contents/data/standard/05/45/54534.html">A.12.4.4</reference>
        <reference href="https://www.iso.org/contents/data/standard/05/45/54534.html">A.12.7.1</reference>
        <reference href="https://www.iso.org/contents/data/standard/05/45/54534.html">A.13.1.1</reference>
        <reference href="https://www.iso.org/contents/data/standard/05/45/54534.html">A.13.1.3</reference>
        <reference href="https://www.iso.org/contents/data/standard/05/45/54534.html">A.13.2.1</reference>
        <reference href="https://www.iso.org/contents/data/standard/05/45/54534.html">A.13.2.3</reference>
        <reference href="https://www.iso.org/contents/data/standard/05/45/54534.html">A.13.2.4</reference>
        <reference href="https://www.iso.org/contents/data/standard/05/45/54534.html">A.14.1.2</reference>
        <reference href="https://www.iso.org/contents/data/standard/05/45/54534.html">A.14.1.3</reference>
        <reference href="https://www.iso.org/contents/data/standard/05/45/54534.html">A.16.1.4</reference>
        <reference href="https://www.iso.org/contents/data/standard/05/45/54534.html">A.16.1.5</reference>
        <reference href="https://www.iso.org/contents/data/standard/05/45/54534.html">A.16.1.7</reference>
        <reference href="https://www.iso.org/contents/data/standard/05/45/54534.html">A.6.1.2</reference>
        <reference href="https://www.iso.org/contents/data/standard/05/45/54534.html">A.7.1.1</reference>
        <reference href="https://www.iso.org/contents/data/standard/05/45/54534.html">A.7.1.2</reference>
        <reference href="https://www.iso.org/contents/data/standard/05/45/54534.html">A.7.3.1</reference>
        <reference href="https://www.iso.org/contents/data/standard/05/45/54534.html">A.8.2.2</reference>
        <reference href="https://www.iso.org/contents/data/standard/05/45/54534.html">A.8.2.3</reference>
        <reference href="https://www.iso.org/contents/data/standard/05/45/54534.html">A.9.1.1</reference>
        <reference href="https://www.iso.org/contents/data/standard/05/45/54534.html">A.9.1.2</reference>
        <reference href="https://www.iso.org/contents/data/standard/05/45/54534.html">A.9.2.3</reference>
        <reference href="https://www.iso.org/contents/data/standard/05/45/54534.html">A.9.4.1</reference>
        <reference href="https://www.iso.org/contents/data/standard/05/45/54534.html">A.9.4.4</reference>
        <reference href="https://www.iso.org/contents/data/standard/05/45/54534.html">A.9.4.5</reference>
        <reference href="http://nvlpubs.nist.gov/nistpubs/SpecialPublications/NIST.SP.800-53r4.pdf">CM-6(a)</reference>
        <reference href="http://nvlpubs.nist.gov/nistpubs/SpecialPublications/NIST.SP.800-53r4.pdf">AC-6(1)</reference>
        <reference href="http://nvlpubs.nist.gov/nistpubs/SpecialPublications/NIST.SP.800-53r4.pdf">AU-9(4)</reference>
        <reference href="https://nvlpubs.nist.gov/nistpubs/CSWP/NIST.CSWP.04162018.pdf">DE.AE-3</reference>
        <reference href="https://nvlpubs.nist.gov/nistpubs/CSWP/NIST.CSWP.04162018.pdf">DE.AE-5</reference>
        <reference href="https://nvlpubs.nist.gov/nistpubs/CSWP/NIST.CSWP.04162018.pdf">PR.AC-4</reference>
        <reference href="https://nvlpubs.nist.gov/nistpubs/CSWP/NIST.CSWP.04162018.pdf">PR.DS-5</reference>
        <reference href="https://nvlpubs.nist.gov/nistpubs/CSWP/NIST.CSWP.04162018.pdf">PR.PT-1</reference>
        <reference href="https://nvlpubs.nist.gov/nistpubs/CSWP/NIST.CSWP.04162018.pdf">RS.AN-1</reference>
        <reference href="https://nvlpubs.nist.gov/nistpubs/CSWP/NIST.CSWP.04162018.pdf">RS.AN-4</reference>
        <reference href="https://www.pcisecuritystandards.org/documents/PCI_DSS_v3-2-1.pdf">Req-10.5.1</reference>
        <reference href="https://www.cyber.mil/stigs/downloads/?_dl_facet_stigs=operating-systems%2Cgeneral-purpose-os">SRG-OS-000057-GPOS-00027</reference>
        <reference href="https://www.cyber.mil/stigs/downloads/?_dl_facet_stigs=operating-systems%2Cgeneral-purpose-os">SRG-OS-000058-GPOS-00028</reference>
        <reference href="https://www.cyber.mil/stigs/downloads/?_dl_facet_stigs=operating-systems%2Cgeneral-purpose-os">SRG-OS-000059-GPOS-00029</reference>
        <reference href="https://www.cyber.mil/stigs/downloads/?_dl_facet_stigs=operating-systems%2Cgeneral-purpose-os">SRG-OS-000206-GPOS-00084</reference>
        <reference href="not_publicly_available">SLES-15-750450585</reference>
        <reference href="https://docs-prv.pcisecuritystandards.org/PCI%20DSS/Standard/PCI-DSS-v4_0.pdf">10.3.2</reference>
        <reference href="https://docs-prv.pcisecuritystandards.org/PCI%20DSS/Standard/PCI-DSS-v4_0.pdf">10.3</reference>
        <rationale xmlns:xhtml="http://www.w3.org/1999/xhtml" xml:lang="en-US">Unauthorized disclosure of audit records can reveal system and configuration data to
attackers, thus compromising its confidentiality.</rationale>
        <ident system="https://ncp.nist.gov/cce">CCE-92534-7</ident>
        <fix xmlns:xhtml="http://www.w3.org/1999/xhtml" id="file_group_ownership_var_log_audit" system="urn:xccdf:fix:script:sh"># Remediation is applicable only in certain platforms
if rpm --quiet -q audit &amp;&amp; rpm --quiet -q kernel-default || rpm --quiet -q kernel-default-base; then

if LC_ALL=C grep -iw log_file /etc/audit/auditd.conf; then
  FILE=$(awk -F "=" '/^log_file/ {print $2}' /etc/audit/auditd.conf | tr -d ' ')
else
  FILE="/var/log/audit/audit.log"
fi


if LC_ALL=C grep -m 1 -q ^log_group /etc/audit/auditd.conf; then
  GROUP=$(awk -F "=" '/log_group/ {print $2}' /etc/audit/auditd.conf | tr -d ' ')
    if ! [ "${GROUP}" == 'root' ]; then
      chgrp ${GROUP} $FILE*
    else
      chgrp root $FILE*
    fi
else
  chgrp root $FILE*
fi

else
    &gt;&amp;2 echo 'Remediation is not applicable, nothing was done'
fi
</fix>
        <fix xmlns:xhtml="http://www.w3.org/1999/xhtml" id="file_group_ownership_var_log_audit" system="urn:xccdf:fix:script:ansible" complexity="low" disruption="low" strategy="restrict">- name: Gather the package facts
  package_facts:
    manager: auto
  tags:
  - CCE-92534-7
  - CJIS-5.4.1.1
  - NIST-800-171-3.3.1
  - NIST-800-53-AC-6(1)
  - NIST-800-53-AU-9(4)
  - NIST-800-53-CM-6(a)
  - PCI-DSS-Req-10.5.1
  - PCI-DSSv4-10.3
  - PCI-DSSv4-10.3.2
  - file_group_ownership_var_log_audit
  - low_complexity
  - low_disruption
  - medium_severity
  - no_reboot_needed
  - restrict_strategy

- name: System Audit Logs Must Be Group Owned By Root - Get Audit Log Files
  ansible.builtin.command: grep -iw ^log_file /etc/audit/auditd.conf
  failed_when: false
  changed_when: false
  check_mode: false
  register: log_file_exists
  when:
  - '"audit" in ansible_facts.packages'
  - ("kernel-default" in ansible_facts.packages or "kernel-default-base" in ansible_facts.packages)
  tags:
  - CCE-92534-7
  - CJIS-5.4.1.1
  - NIST-800-171-3.3.1
  - NIST-800-53-AC-6(1)
  - NIST-800-53-AU-9(4)
  - NIST-800-53-CM-6(a)
  - PCI-DSS-Req-10.5.1
  - PCI-DSSv4-10.3
  - PCI-DSSv4-10.3.2
  - file_group_ownership_var_log_audit
  - low_complexity
  - low_disruption
  - medium_severity
  - no_reboot_needed
  - restrict_strategy

- name: System Audit Logs Must Be Group Owned By Root - Set Log File Facts
  ansible.builtin.set_fact:
    log_file_line: '{{ log_file_exists.stdout | split('' '') | last }}'
  when:
  - '"audit" in ansible_facts.packages'
  - ("kernel-default" in ansible_facts.packages or "kernel-default-base" in ansible_facts.packages)
  tags:
  - CCE-92534-7
  - CJIS-5.4.1.1
  - NIST-800-171-3.3.1
  - NIST-800-53-AC-6(1)
  - NIST-800-53-AU-9(4)
  - NIST-800-53-CM-6(a)
  - PCI-DSS-Req-10.5.1
  - PCI-DSSv4-10.3
  - PCI-DSSv4-10.3.2
  - file_group_ownership_var_log_audit
  - low_complexity
  - low_disruption
  - medium_severity
  - no_reboot_needed
  - restrict_strategy

- name: System Audit Logs Must Be Group Owned By Root - Set Default log_file if Not
    Set
  ansible.builtin.set_fact:
    log_file: /var/log/audit/audit.log
  when:
  - '"audit" in ansible_facts.packages'
  - ("kernel-default" in ansible_facts.packages or "kernel-default-base" in ansible_facts.packages)
  - (log_file_exists is undefined) or (log_file_exists.stdout | length == 0)
  tags:
  - CCE-92534-7
  - CJIS-5.4.1.1
  - NIST-800-171-3.3.1
  - NIST-800-53-AC-6(1)
  - NIST-800-53-AU-9(4)
  - NIST-800-53-CM-6(a)
  - PCI-DSS-Req-10.5.1
  - PCI-DSSv4-10.3
  - PCI-DSSv4-10.3.2
  - file_group_ownership_var_log_audit
  - low_complexity
  - low_disruption
  - medium_severity
  - no_reboot_needed
  - restrict_strategy

- name: System Audit Logs Must Be Group Owned By Root - Set log_file From log_file_line
    if Not Set Already
  ansible.builtin.set_fact:
    log_file: '{{ log_file_line }}'
  when:
  - '"audit" in ansible_facts.packages'
  - ("kernel-default" in ansible_facts.packages or "kernel-default-base" in ansible_facts.packages)
  - (log_file_line is defined) and (log_file_line | length &gt; 0)
  tags:
  - CCE-92534-7
  - CJIS-5.4.1.1
  - NIST-800-171-3.3.1
  - NIST-800-53-AC-6(1)
  - NIST-800-53-AU-9(4)
  - NIST-800-53-CM-6(a)
  - PCI-DSS-Req-10.5.1
  - PCI-DSSv4-10.3
  - PCI-DSSv4-10.3.2
  - file_group_ownership_var_log_audit
  - low_complexity
  - low_disruption
  - medium_severity
  - no_reboot_needed
  - restrict_strategy

- name: System Audit Logs Must Be Group Owned By Root - Get All Log File Backups
  ansible.builtin.find:
    path: '{{ log_file | dirname }}'
    patterns: '{{ log_file | basename }}.*'
  register: backup_files
  when:
  - '"audit" in ansible_facts.packages'
  - ("kernel-default" in ansible_facts.packages or "kernel-default-base" in ansible_facts.packages)
  tags:
  - CCE-92534-7
  - CJIS-5.4.1.1
  - NIST-800-171-3.3.1
  - NIST-800-53-AC-6(1)
  - NIST-800-53-AU-9(4)
  - NIST-800-53-CM-6(a)
  - PCI-DSS-Req-10.5.1
  - PCI-DSSv4-10.3
  - PCI-DSSv4-10.3.2
  - file_group_ownership_var_log_audit
  - low_complexity
  - low_disruption
  - medium_severity
  - no_reboot_needed
  - restrict_strategy

- name: System Audit Logs Must Be Group Owned By Root - Get Audit Log Group
  ansible.builtin.command: grep -iw ^log_group /etc/audit/auditd.conf
  failed_when: false
  changed_when: false
  check_mode: false
  register: log_group_exists
  when:
  - '"audit" in ansible_facts.packages'
  - ("kernel-default" in ansible_facts.packages or "kernel-default-base" in ansible_facts.packages)
  tags:
  - CCE-92534-7
  - CJIS-5.4.1.1
  - NIST-800-171-3.3.1
  - NIST-800-53-AC-6(1)
  - NIST-800-53-AU-9(4)
  - NIST-800-53-CM-6(a)
  - PCI-DSS-Req-10.5.1
  - PCI-DSSv4-10.3
  - PCI-DSSv4-10.3.2
  - file_group_ownership_var_log_audit
  - low_complexity
  - low_disruption
  - medium_severity
  - no_reboot_needed
  - restrict_strategy

- name: System Audit Logs Must Be Group Owned By Root - Set Log Group Facts
  ansible.builtin.set_fact:
    log_group_line: '{{ log_group_exists.stdout | split('' '') | last }}'
  when:
  - '"audit" in ansible_facts.packages'
  - ("kernel-default" in ansible_facts.packages or "kernel-default-base" in ansible_facts.packages)
  tags:
  - CCE-92534-7
  - CJIS-5.4.1.1
  - NIST-800-171-3.3.1
  - NIST-800-53-AC-6(1)
  - NIST-800-53-AU-9(4)
  - NIST-800-53-CM-6(a)
  - PCI-DSS-Req-10.5.1
  - PCI-DSSv4-10.3
  - PCI-DSSv4-10.3.2
  - file_group_ownership_var_log_audit
  - low_complexity
  - low_disruption
  - medium_severity
  - no_reboot_needed
  - restrict_strategy

- name: System Audit Logs Must Be Group Owned By Root - Set Default log_group if Not
    Set
  ansible.builtin.set_fact:
    log_group: root
  when:
  - '"audit" in ansible_facts.packages'
  - ("kernel-default" in ansible_facts.packages or "kernel-default-base" in ansible_facts.packages)
  - (log_group_exists is undefined) or (log_group_exists.stdout | length == 0)
  tags:
  - CCE-92534-7
  - CJIS-5.4.1.1
  - NIST-800-171-3.3.1
  - NIST-800-53-AC-6(1)
  - NIST-800-53-AU-9(4)
  - NIST-800-53-CM-6(a)
  - PCI-DSS-Req-10.5.1
  - PCI-DSSv4-10.3
  - PCI-DSSv4-10.3.2
  - file_group_ownership_var_log_audit
  - low_complexity
  - low_disruption
  - medium_severity
  - no_reboot_needed
  - restrict_strategy

- name: System Audit Logs Must Be Group Owned By Root - Set log_group From log_group_line
    if Not Set Already
  ansible.builtin.set_fact:
    log_group: '{{ log_group_line }}'
  when:
  - '"audit" in ansible_facts.packages'
  - ("kernel-default" in ansible_facts.packages or "kernel-default-base" in ansible_facts.packages)
  - (log_group_line is defined) and (log_group_line | length &gt; 0)
  tags:
  - CCE-92534-7
  - CJIS-5.4.1.1
  - NIST-800-171-3.3.1
  - NIST-800-53-AC-6(1)
  - NIST-800-53-AU-9(4)
  - NIST-800-53-CM-6(a)
  - PCI-DSS-Req-10.5.1
  - PCI-DSSv4-10.3
  - PCI-DSSv4-10.3.2
  - file_group_ownership_var_log_audit
  - low_complexity
  - low_disruption
  - medium_severity
  - no_reboot_needed
  - restrict_strategy

- name: System Audit Logs Must Be Group Owned By Root - Apply Mode to All Backup Log
    Files
  ansible.builtin.file:
    path: '{{ item }}'
    group: '{{ log_group }}'
  failed_when: false
  loop: '{{ backup_files.files| map(attribute=''path'') | list }}'
  when:
  - '"audit" in ansible_facts.packages'
  - ("kernel-default" in ansible_facts.packages or "kernel-default-base" in ansible_facts.packages)
  tags:
  - CCE-92534-7
  - CJIS-5.4.1.1
  - NIST-800-171-3.3.1
  - NIST-800-53-AC-6(1)
  - NIST-800-53-AU-9(4)
  - NIST-800-53-CM-6(a)
  - PCI-DSS-Req-10.5.1
  - PCI-DSSv4-10.3
  - PCI-DSSv4-10.3.2
  - file_group_ownership_var_log_audit
  - low_complexity
  - low_disruption
  - medium_severity
  - no_reboot_needed
  - restrict_strategy

- name: System Audit Logs Must Be Group Owned By Root - Apply Mode to Log File
  ansible.builtin.file:
    path: '{{ log_file }}'
    group: '{{ log_group }}'
  failed_when: false
  when:
  - '"audit" in ansible_facts.packages'
  - ("kernel-default" in ansible_facts.packages or "kernel-default-base" in ansible_facts.packages)
  tags:
  - CCE-92534-7
  - CJIS-5.4.1.1
  - NIST-800-171-3.3.1
  - NIST-800-53-AC-6(1)
  - NIST-800-53-AU-9(4)
  - NIST-800-53-CM-6(a)
  - PCI-DSS-Req-10.5.1
  - PCI-DSSv4-10.3
  - PCI-DSSv4-10.3.2
  - file_group_ownership_var_log_audit
  - low_complexity
  - low_disruption
  - medium_severity
  - no_reboot_needed
  - restrict_strategy
</fix>
        <check system="http://oval.mitre.org/XMLSchema/oval-definitions-5">
          <check-content-ref name="oval:ssg-file_group_ownership_var_log_audit:def:1" href="ssg-sle15-oval.xml"/>
        </check>
        <check system="http://scap.nist.gov/schema/ocil/2">
          <check-content-ref name="ocil:ssg-file_group_ownership_var_log_audit_ocil:questionnaire:1" href="ssg-sle15-ocil.xml"/>
        </check>
      </Rule>
      <Rule id="xccdf_org.ssgproject.content_rule_file_groupownership_audit_configuration" selected="false" role="full" severity="medium">
        <title xmlns:xhtml="http://www.w3.org/1999/xhtml" xml:lang="en-US">Audit Configuration Files Must Be Owned By Group root</title>
        <description xmlns:xhtml="http://www.w3.org/1999/xhtml" xml:lang="en-US">All audit configuration files must be owned by group root.
<html:pre xmlns:html="http://www.w3.org/1999/xhtml">chown :root /etc/audit/audit*.{rules,conf} /etc/audit/rules.d/*</html:pre>
      </description>
        <reference href="https://www.cyber.mil/stigs/downloads/?_dl_facet_stigs=operating-systems%2Cgeneral-purpose-os">SRG-OS-000063-GPOS-00032</reference>
        <reference href="not_publicly_available">SLES-15-750450630</reference>
        <rationale xmlns:xhtml="http://www.w3.org/1999/xhtml" xml:lang="en-US">Without the capability to restrict which roles and individuals can
select which events are audited, unauthorized personnel may be able
to prevent the auditing of critical events.
Misconfigured audits may degrade the system's performance by
overwhelming the audit log. Misconfigured audits may also make it more
difficult to establish, correlate, and investigate the events relating
to an incident or identify those responsible for one.</rationale>
        <ident system="https://ncp.nist.gov/cce">CCE-92544-6</ident>
        <fix xmlns:xhtml="http://www.w3.org/1999/xhtml" id="file_groupownership_audit_configuration" system="urn:xccdf:fix:script:sh" complexity="low" disruption="low" strategy="configure"># Remediation is applicable only in certain platforms
if rpm --quiet -q audit &amp;&amp; rpm --quiet -q kernel-default || rpm --quiet -q kernel-default-base; then

newgroup=""
if getent group "0" &gt;/dev/null 2&gt;&amp;1; then
  newgroup="0"
fi

if [[ -z "${newgroup}" ]]; then
  &gt;&amp;2 echo "0 is not a defined group on the system"
else
find -P /etc/audit/ -maxdepth 1 -type f  ! -group 0 -regextype posix-extended -regex '^.*audit(\.rules|d\.conf)$' -exec chgrp --no-dereference "$newgroup" {} \;
find -P /etc/audit/rules.d/ -maxdepth 1 -type f  ! -group 0 -regextype posix-extended -regex '^.*\.rules$' -exec chgrp --no-dereference "$newgroup" {} \;

fi

else
    &gt;&amp;2 echo 'Remediation is not applicable, nothing was done'
fi
</fix>
        <fix xmlns:xhtml="http://www.w3.org/1999/xhtml" id="file_groupownership_audit_configuration" system="urn:xccdf:fix:script:ansible" complexity="low" disruption="low" strategy="configure">- name: Gather the package facts
  package_facts:
    manager: auto
  tags:
  - CCE-92544-6
  - configure_strategy
  - file_groupownership_audit_configuration
  - low_complexity
  - low_disruption
  - medium_severity
  - no_reboot_needed

- name: Set the file_groupownership_audit_configuration_newgroup variable if represented
    by gid
  ansible.builtin.set_fact:
    file_groupownership_audit_configuration_newgroup: '0'
  when:
  - '"audit" in ansible_facts.packages'
  - ("kernel-default" in ansible_facts.packages or "kernel-default-base" in ansible_facts.packages)
  tags:
  - CCE-92544-6
  - configure_strategy
  - file_groupownership_audit_configuration
  - low_complexity
  - low_disruption
  - medium_severity
  - no_reboot_needed

- name: Find /etc/audit/ file(s) matching ^.*audit(\.rules|d\.conf)$
  ansible.builtin.command: find -P /etc/audit/ -maxdepth 1 -type f  ! -group 0 -regextype
    posix-extended -regex "^.*audit(\.rules|d\.conf)$"
  register: files_found
  changed_when: false
  failed_when: false
  check_mode: false
  when:
  - '"audit" in ansible_facts.packages'
  - ("kernel-default" in ansible_facts.packages or "kernel-default-base" in ansible_facts.packages)
  tags:
  - CCE-92544-6
  - configure_strategy
  - file_groupownership_audit_configuration
  - low_complexity
  - low_disruption
  - medium_severity
  - no_reboot_needed

- name: Ensure group owner on /etc/audit/ file(s) matching ^.*audit(\.rules|d\.conf)$
  ansible.builtin.file:
    path: '{{ item }}'
    follow: false
    group: '{{ file_groupownership_audit_configuration_newgroup }}'
    state: file
  with_items:
  - '{{ files_found.stdout_lines }}'
  when:
  - '"audit" in ansible_facts.packages'
  - ("kernel-default" in ansible_facts.packages or "kernel-default-base" in ansible_facts.packages)
  tags:
  - CCE-92544-6
  - configure_strategy
  - file_groupownership_audit_configuration
  - low_complexity
  - low_disruption
  - medium_severity
  - no_reboot_needed

- name: Find /etc/audit/rules.d/ file(s) matching ^.*\.rules$
  ansible.builtin.command: find -P /etc/audit/rules.d/ -maxdepth 1 -type f  ! -group
    0 -regextype posix-extended -regex "^.*\.rules$"
  register: files_found
  changed_when: false
  failed_when: false
  check_mode: false
  when:
  - '"audit" in ansible_facts.packages'
  - ("kernel-default" in ansible_facts.packages or "kernel-default-base" in ansible_facts.packages)
  tags:
  - CCE-92544-6
  - configure_strategy
  - file_groupownership_audit_configuration
  - low_complexity
  - low_disruption
  - medium_severity
  - no_reboot_needed

- name: Ensure group owner on /etc/audit/rules.d/ file(s) matching ^.*\.rules$
  ansible.builtin.file:
    path: '{{ item }}'
    follow: false
    group: '{{ file_groupownership_audit_configuration_newgroup }}'
    state: file
  with_items:
  - '{{ files_found.stdout_lines }}'
  when:
  - '"audit" in ansible_facts.packages'
  - ("kernel-default" in ansible_facts.packages or "kernel-default-base" in ansible_facts.packages)
  tags:
  - CCE-92544-6
  - configure_strategy
  - file_groupownership_audit_configuration
  - low_complexity
  - low_disruption
  - medium_severity
  - no_reboot_needed
</fix>
        <check system="http://oval.mitre.org/XMLSchema/oval-definitions-5">
          <check-content-ref name="oval:ssg-file_groupownership_audit_configuration:def:1" href="ssg-sle15-oval.xml"/>
        </check>
        <check system="http://scap.nist.gov/schema/ocil/2">
          <check-content-ref name="ocil:ssg-file_groupownership_audit_configuration_ocil:questionnaire:1" href="ssg-sle15-ocil.xml"/>
        </check>
      </Rule>
      <Rule id="xccdf_org.ssgproject.content_rule_file_ownership_audit_configuration" selected="false" role="full" severity="medium">
        <title xmlns:xhtml="http://www.w3.org/1999/xhtml" xml:lang="en-US">Audit Configuration Files Must Be Owned By Root</title>
        <description xmlns:xhtml="http://www.w3.org/1999/xhtml" xml:lang="en-US">All audit configuration files must be owned by root user.

To properly set the owner of <html:code xmlns:html="http://www.w3.org/1999/xhtml">/etc/audit/</html:code>, run the command:

  <html:pre xmlns:html="http://www.w3.org/1999/xhtml">$ sudo chown root /etc/audit/ </html:pre>
  


To properly set the owner of <html:code xmlns:html="http://www.w3.org/1999/xhtml">/etc/audit/rules.d/</html:code>, run the command:

  <html:pre xmlns:html="http://www.w3.org/1999/xhtml">$ sudo chown root /etc/audit/rules.d/ </html:pre>
      </description>
        <reference href="https://www.cyber.mil/stigs/downloads/?_dl_facet_stigs=operating-systems%2Cgeneral-purpose-os">SRG-OS-000063-GPOS-00032</reference>
        <reference href="not_publicly_available">SLES-15-750450615</reference>
        <rationale xmlns:xhtml="http://www.w3.org/1999/xhtml" xml:lang="en-US">Without the capability to restrict which roles and individuals can
select which events are audited, unauthorized personnel may be able
to prevent the auditing of critical events.
Misconfigured audits may degrade the system's performance by
overwhelming the audit log. Misconfigured audits may also make it more
difficult to establish, correlate, and investigate the events relating
to an incident or identify those responsible for one.</rationale>
        <ident system="https://ncp.nist.gov/cce">CCE-92550-3</ident>
        <fix xmlns:xhtml="http://www.w3.org/1999/xhtml" id="file_ownership_audit_configuration" system="urn:xccdf:fix:script:sh" complexity="low" disruption="low" strategy="configure"># Remediation is applicable only in certain platforms
if rpm --quiet -q audit &amp;&amp; rpm --quiet -q kernel-default || rpm --quiet -q kernel-default-base; then

newown=""
if id "0" &gt;/dev/null 2&gt;&amp;1; then
  newown="0"
fi

if [[ -z "$newown" ]]; then
  &gt;&amp;2 echo "0 is not a defined user on the system"
else

find -P /etc/audit/ -maxdepth 1 -type f  ! -user 0 -regextype posix-extended -regex '^.*audit(\.rules|d\.conf)$' -exec chown --no-dereference "$newown" {} \;

find -P /etc/audit/rules.d/ -maxdepth 1 -type f  ! -user 0 -regextype posix-extended -regex '^.*\.rules$' -exec chown --no-dereference "$newown" {} \;

fi

else
    &gt;&amp;2 echo 'Remediation is not applicable, nothing was done'
fi
</fix>
        <fix xmlns:xhtml="http://www.w3.org/1999/xhtml" id="file_ownership_audit_configuration" system="urn:xccdf:fix:script:ansible" complexity="low" disruption="low" strategy="configure">- name: Gather the package facts
  package_facts:
    manager: auto
  tags:
  - CCE-92550-3
  - configure_strategy
  - file_ownership_audit_configuration
  - low_complexity
  - low_disruption
  - medium_severity
  - no_reboot_needed

- name: Set the file_ownership_audit_configuration_newown variable if represented
    by uid
  ansible.builtin.set_fact:
    file_ownership_audit_configuration_newown: '0'
  when:
  - '"audit" in ansible_facts.packages'
  - ("kernel-default" in ansible_facts.packages or "kernel-default-base" in ansible_facts.packages)
  tags:
  - CCE-92550-3
  - configure_strategy
  - file_ownership_audit_configuration
  - low_complexity
  - low_disruption
  - medium_severity
  - no_reboot_needed

- name: Find /etc/audit/ file(s) matching ^.*audit(\.rules|d\.conf)$
  ansible.builtin.command: find -P /etc/audit/ -maxdepth 1 -type f  ! -user 0 -regextype
    posix-extended -regex "^.*audit(\.rules|d\.conf)$"
  register: files_found
  changed_when: false
  failed_when: false
  check_mode: false
  when:
  - '"audit" in ansible_facts.packages'
  - ("kernel-default" in ansible_facts.packages or "kernel-default-base" in ansible_facts.packages)
  tags:
  - CCE-92550-3
  - configure_strategy
  - file_ownership_audit_configuration
  - low_complexity
  - low_disruption
  - medium_severity
  - no_reboot_needed

- name: Ensure owner on /etc/audit/ file(s) matching ^.*audit(\.rules|d\.conf)$
  ansible.builtin.file:
    path: '{{ item }}'
    follow: false
    owner: '{{ file_ownership_audit_configuration_newown }}'
    state: file
  with_items:
  - '{{ files_found.stdout_lines }}'
  when:
  - '"audit" in ansible_facts.packages'
  - ("kernel-default" in ansible_facts.packages or "kernel-default-base" in ansible_facts.packages)
  tags:
  - CCE-92550-3
  - configure_strategy
  - file_ownership_audit_configuration
  - low_complexity
  - low_disruption
  - medium_severity
  - no_reboot_needed

- name: Find /etc/audit/rules.d/ file(s) matching ^.*\.rules$
  ansible.builtin.command: find -P /etc/audit/rules.d/ -maxdepth 1 -type f  ! -user
    0 -regextype posix-extended -regex "^.*\.rules$"
  register: files_found
  changed_when: false
  failed_when: false
  check_mode: false
  when:
  - '"audit" in ansible_facts.packages'
  - ("kernel-default" in ansible_facts.packages or "kernel-default-base" in ansible_facts.packages)
  tags:
  - CCE-92550-3
  - configure_strategy
  - file_ownership_audit_configuration
  - low_complexity
  - low_disruption
  - medium_severity
  - no_reboot_needed

- name: Ensure owner on /etc/audit/rules.d/ file(s) matching ^.*\.rules$
  ansible.builtin.file:
    path: '{{ item }}'
    follow: false
    owner: '{{ file_ownership_audit_configuration_newown }}'
    state: file
  with_items:
  - '{{ files_found.stdout_lines }}'
  when:
  - '"audit" in ansible_facts.packages'
  - ("kernel-default" in ansible_facts.packages or "kernel-default-base" in ansible_facts.packages)
  tags:
  - CCE-92550-3
  - configure_strategy
  - file_ownership_audit_configuration
  - low_complexity
  - low_disruption
  - medium_severity
  - no_reboot_needed
</fix>
        <check system="http://oval.mitre.org/XMLSchema/oval-definitions-5">
          <check-content-ref name="oval:ssg-file_ownership_audit_configuration:def:1" href="ssg-sle15-oval.xml"/>
        </check>
        <check system="http://scap.nist.gov/schema/ocil/2">
          <check-content-ref name="ocil:ssg-file_ownership_audit_configuration_ocil:questionnaire:1" href="ssg-sle15-ocil.xml"/>
        </check>
      </Rule>
      <Rule id="xccdf_org.ssgproject.content_rule_file_ownership_var_log_audit" selected="false" role="full" severity="medium">
        <title xmlns:xhtml="http://www.w3.org/1999/xhtml" xml:lang="en-US">System Audit Logs Must Be Owned By Root</title>
        <description xmlns:xhtml="http://www.w3.org/1999/xhtml" xml:lang="en-US">All audit logs must be owned by root user and group. By default, the path for audit log is <html:pre xmlns:html="http://www.w3.org/1999/xhtml">/var/log/audit/</html:pre>.

To properly set the owner of <html:code xmlns:html="http://www.w3.org/1999/xhtml">/var/log/audit</html:code>, run the command:

  <html:pre xmlns:html="http://www.w3.org/1999/xhtml">$ sudo chown root /var/log/audit </html:pre>
  


To properly set the owner of <html:code xmlns:html="http://www.w3.org/1999/xhtml">/var/log/audit/*</html:code>, run the command:

  <html:pre xmlns:html="http://www.w3.org/1999/xhtml">$ sudo chown root /var/log/audit/* </html:pre>
      </description>
        <reference href="https://www.cisecurity.org/controls/">1</reference>
        <reference href="https://www.cisecurity.org/controls/">11</reference>
        <reference href="https://www.cisecurity.org/controls/">12</reference>
        <reference href="https://www.cisecurity.org/controls/">13</reference>
        <reference href="https://www.cisecurity.org/controls/">14</reference>
        <reference href="https://www.cisecurity.org/controls/">15</reference>
        <reference href="https://www.cisecurity.org/controls/">16</reference>
        <reference href="https://www.cisecurity.org/controls/">18</reference>
        <reference href="https://www.cisecurity.org/controls/">19</reference>
        <reference href="https://www.cisecurity.org/controls/">3</reference>
        <reference href="https://www.cisecurity.org/controls/">4</reference>
        <reference href="https://www.cisecurity.org/controls/">5</reference>
        <reference href="https://www.cisecurity.org/controls/">6</reference>
        <reference href="https://www.cisecurity.org/controls/">7</reference>
        <reference href="https://www.cisecurity.org/controls/">8</reference>
        <reference href="https://www.fbi.gov/file-repository/cjis-security-policy-v5_5_20160601-2-1.pdf">5.4.1.1</reference>
        <reference href="https://www.isaca.org/resources/cobit">APO01.06</reference>
        <reference href="https://www.isaca.org/resources/cobit">APO11.04</reference>
        <reference href="https://www.isaca.org/resources/cobit">APO12.06</reference>
        <reference href="https://www.isaca.org/resources/cobit">BAI03.05</reference>
        <reference href="https://www.isaca.org/resources/cobit">BAI08.02</reference>
        <reference href="https://www.isaca.org/resources/cobit">DSS02.02</reference>
        <reference href="https://www.isaca.org/resources/cobit">DSS02.04</reference>
        <reference href="https://www.isaca.org/resources/cobit">DSS02.07</reference>
        <reference href="https://www.isaca.org/resources/cobit">DSS03.01</reference>
        <reference href="https://www.isaca.org/resources/cobit">DSS05.04</reference>
        <reference href="https://www.isaca.org/resources/cobit">DSS05.07</reference>
        <reference href="https://www.isaca.org/resources/cobit">DSS06.02</reference>
        <reference href="https://www.isaca.org/resources/cobit">MEA02.01</reference>
        <reference href="http://nvlpubs.nist.gov/nistpubs/SpecialPublications/NIST.SP.800-171.pdf">3.3.1</reference>
        <reference href="https://www.isa.org/products/isa-62443-2-1-2009-security-for-industrial-automat">4.2.3.10</reference>
        <reference href="https://www.isa.org/products/isa-62443-2-1-2009-security-for-industrial-automat">4.3.3.3.9</reference>
        <reference href="https://www.isa.org/products/isa-62443-2-1-2009-security-for-industrial-automat">4.3.3.5.8</reference>
        <reference href="https://www.isa.org/products/isa-62443-2-1-2009-security-for-industrial-automat">4.3.3.7.3</reference>
        <reference href="https://www.isa.org/products/isa-62443-2-1-2009-security-for-industrial-automat">4.3.4.4.7</reference>
        <reference href="https://www.isa.org/products/isa-62443-2-1-2009-security-for-industrial-automat">4.3.4.5.6</reference>
        <reference href="https://www.isa.org/products/isa-62443-2-1-2009-security-for-industrial-automat">4.3.4.5.7</reference>
        <reference href="https://www.isa.org/products/isa-62443-2-1-2009-security-for-industrial-automat">4.3.4.5.8</reference>
        <reference href="https://www.isa.org/products/isa-62443-2-1-2009-security-for-industrial-automat">4.4.2.1</reference>
        <reference href="https://www.isa.org/products/isa-62443-2-1-2009-security-for-industrial-automat">4.4.2.2</reference>
        <reference href="https://www.isa.org/products/isa-62443-2-1-2009-security-for-industrial-automat">4.4.2.4</reference>
        <reference href="https://www.isa.org/products/ansi-isa-62443-3-3-99-03-03-2013-security-for-indu">SR 2.1</reference>
        <reference href="https://www.isa.org/products/ansi-isa-62443-3-3-99-03-03-2013-security-for-indu">SR 2.10</reference>
        <reference href="https://www.isa.org/products/ansi-isa-62443-3-3-99-03-03-2013-security-for-indu">SR 2.11</reference>
        <reference href="https://www.isa.org/products/ansi-isa-62443-3-3-99-03-03-2013-security-for-indu">SR 2.12</reference>
        <reference href="https://www.isa.org/products/ansi-isa-62443-3-3-99-03-03-2013-security-for-indu">SR 2.8</reference>
        <reference href="https://www.isa.org/products/ansi-isa-62443-3-3-99-03-03-2013-security-for-indu">SR 2.9</reference>
        <reference href="https://www.isa.org/products/ansi-isa-62443-3-3-99-03-03-2013-security-for-indu">SR 5.2</reference>
        <reference href="https://www.isa.org/products/ansi-isa-62443-3-3-99-03-03-2013-security-for-indu">SR 6.1</reference>
        <reference href="https://www.iso.org/contents/data/standard/05/45/54534.html">A.10.1.1</reference>
        <reference href="https://www.iso.org/contents/data/standard/05/45/54534.html">A.11.1.4</reference>
        <reference href="https://www.iso.org/contents/data/standard/05/45/54534.html">A.11.1.5</reference>
        <reference href="https://www.iso.org/contents/data/standard/05/45/54534.html">A.11.2.1</reference>
        <reference href="https://www.iso.org/contents/data/standard/05/45/54534.html">A.12.4.1</reference>
        <reference href="https://www.iso.org/contents/data/standard/05/45/54534.html">A.12.4.2</reference>
        <reference href="https://www.iso.org/contents/data/standard/05/45/54534.html">A.12.4.3</reference>
        <reference href="https://www.iso.org/contents/data/standard/05/45/54534.html">A.12.4.4</reference>
        <reference href="https://www.iso.org/contents/data/standard/05/45/54534.html">A.12.7.1</reference>
        <reference href="https://www.iso.org/contents/data/standard/05/45/54534.html">A.13.1.1</reference>
        <reference href="https://www.iso.org/contents/data/standard/05/45/54534.html">A.13.1.3</reference>
        <reference href="https://www.iso.org/contents/data/standard/05/45/54534.html">A.13.2.1</reference>
        <reference href="https://www.iso.org/contents/data/standard/05/45/54534.html">A.13.2.3</reference>
        <reference href="https://www.iso.org/contents/data/standard/05/45/54534.html">A.13.2.4</reference>
        <reference href="https://www.iso.org/contents/data/standard/05/45/54534.html">A.14.1.2</reference>
        <reference href="https://www.iso.org/contents/data/standard/05/45/54534.html">A.14.1.3</reference>
        <reference href="https://www.iso.org/contents/data/standard/05/45/54534.html">A.16.1.4</reference>
        <reference href="https://www.iso.org/contents/data/standard/05/45/54534.html">A.16.1.5</reference>
        <reference href="https://www.iso.org/contents/data/standard/05/45/54534.html">A.16.1.7</reference>
        <reference href="https://www.iso.org/contents/data/standard/05/45/54534.html">A.6.1.2</reference>
        <reference href="https://www.iso.org/contents/data/standard/05/45/54534.html">A.7.1.1</reference>
        <reference href="https://www.iso.org/contents/data/standard/05/45/54534.html">A.7.1.2</reference>
        <reference href="https://www.iso.org/contents/data/standard/05/45/54534.html">A.7.3.1</reference>
        <reference href="https://www.iso.org/contents/data/standard/05/45/54534.html">A.8.2.2</reference>
        <reference href="https://www.iso.org/contents/data/standard/05/45/54534.html">A.8.2.3</reference>
        <reference href="https://www.iso.org/contents/data/standard/05/45/54534.html">A.9.1.1</reference>
        <reference href="https://www.iso.org/contents/data/standard/05/45/54534.html">A.9.1.2</reference>
        <reference href="https://www.iso.org/contents/data/standard/05/45/54534.html">A.9.2.3</reference>
        <reference href="https://www.iso.org/contents/data/standard/05/45/54534.html">A.9.4.1</reference>
        <reference href="https://www.iso.org/contents/data/standard/05/45/54534.html">A.9.4.4</reference>
        <reference href="https://www.iso.org/contents/data/standard/05/45/54534.html">A.9.4.5</reference>
        <reference href="https://www.nerc.com/standards/reliability-standards/cip">CIP-003-8 R5.1.1</reference>
        <reference href="https://www.nerc.com/standards/reliability-standards/cip">CIP-003-8 R5.3</reference>
        <reference href="https://www.nerc.com/standards/reliability-standards/cip">CIP-004-6 R2.3</reference>
        <reference href="https://www.nerc.com/standards/reliability-standards/cip">CIP-007-3 R2.1</reference>
        <reference href="https://www.nerc.com/standards/reliability-standards/cip">CIP-007-3 R2.2</reference>
        <reference href="https://www.nerc.com/standards/reliability-standards/cip">CIP-007-3 R2.3</reference>
        <reference href="https://www.nerc.com/standards/reliability-standards/cip">CIP-007-3 R5.1</reference>
        <reference href="https://www.nerc.com/standards/reliability-standards/cip">CIP-007-3 R5.1.1</reference>
        <reference href="https://www.nerc.com/standards/reliability-standards/cip">CIP-007-3 R5.1.2</reference>
        <reference href="http://nvlpubs.nist.gov/nistpubs/SpecialPublications/NIST.SP.800-53r4.pdf">CM-6(a)</reference>
        <reference href="http://nvlpubs.nist.gov/nistpubs/SpecialPublications/NIST.SP.800-53r4.pdf">AC-6(1)</reference>
        <reference href="http://nvlpubs.nist.gov/nistpubs/SpecialPublications/NIST.SP.800-53r4.pdf">AU-9(4)</reference>
        <reference href="https://nvlpubs.nist.gov/nistpubs/CSWP/NIST.CSWP.04162018.pdf">DE.AE-3</reference>
        <reference href="https://nvlpubs.nist.gov/nistpubs/CSWP/NIST.CSWP.04162018.pdf">DE.AE-5</reference>
        <reference href="https://nvlpubs.nist.gov/nistpubs/CSWP/NIST.CSWP.04162018.pdf">PR.AC-4</reference>
        <reference href="https://nvlpubs.nist.gov/nistpubs/CSWP/NIST.CSWP.04162018.pdf">PR.DS-5</reference>
        <reference href="https://nvlpubs.nist.gov/nistpubs/CSWP/NIST.CSWP.04162018.pdf">PR.PT-1</reference>
        <reference href="https://nvlpubs.nist.gov/nistpubs/CSWP/NIST.CSWP.04162018.pdf">RS.AN-1</reference>
        <reference href="https://nvlpubs.nist.gov/nistpubs/CSWP/NIST.CSWP.04162018.pdf">RS.AN-4</reference>
        <reference href="https://www.pcisecuritystandards.org/documents/PCI_DSS_v3-2-1.pdf">Req-10.5.1</reference>
        <reference href="https://www.cyber.mil/stigs/downloads/?_dl_facet_stigs=operating-systems%2Cgeneral-purpose-os">SRG-OS-000057-GPOS-00027</reference>
        <reference href="https://www.cyber.mil/stigs/downloads/?_dl_facet_stigs=operating-systems%2Cgeneral-purpose-os">SRG-OS-000058-GPOS-00028</reference>
        <reference href="https://www.cyber.mil/stigs/downloads/?_dl_facet_stigs=operating-systems%2Cgeneral-purpose-os">SRG-OS-000059-GPOS-00029</reference>
        <reference href="https://www.cyber.mil/stigs/downloads/?_dl_facet_stigs=app-security">SRG-APP-000118-CTR-000240</reference>
        <reference href="https://docs-prv.pcisecuritystandards.org/PCI%20DSS/Standard/PCI-DSS-v4_0.pdf">10.3.2</reference>
        <reference href="https://docs-prv.pcisecuritystandards.org/PCI%20DSS/Standard/PCI-DSS-v4_0.pdf">10.3</reference>
        <rationale xmlns:xhtml="http://www.w3.org/1999/xhtml" xml:lang="en-US">Unauthorized disclosure of audit records can reveal system and configuration data to
attackers, thus compromising its confidentiality.</rationale>
        <ident system="https://ncp.nist.gov/cce">CCE-85810-0</ident>
        <fix xmlns:xhtml="http://www.w3.org/1999/xhtml" id="file_ownership_var_log_audit" system="urn:xccdf:fix:script:sh"># Remediation is applicable only in certain platforms
if rpm --quiet -q audit &amp;&amp; rpm --quiet -q kernel-default || rpm --quiet -q kernel-default-base; then

if LC_ALL=C grep -m 1 -q ^log_group /etc/audit/auditd.conf; then
  GROUP=$(awk -F "=" '/log_group/ {print $2}' /etc/audit/auditd.conf | tr -d ' ')
  if ! [ "${GROUP}" == 'root' ] ; then
    chown root:${GROUP} /var/log/audit
    chown root:${GROUP} /var/log/audit/audit.log*
  else
    chown root:root /var/log/audit
    chown root:root /var/log/audit/audit.log*
  fi
else
  chown root:root /var/log/audit
  chown root:root /var/log/audit/audit.log*
fi

else
    &gt;&amp;2 echo 'Remediation is not applicable, nothing was done'
fi
</fix>
        <check system="http://oval.mitre.org/XMLSchema/oval-definitions-5">
          <check-content-ref name="oval:ssg-file_ownership_var_log_audit:def:1" href="ssg-sle15-oval.xml"/>
        </check>
        <check system="http://scap.nist.gov/schema/ocil/2">
          <check-content-ref name="ocil:ssg-file_ownership_var_log_audit_ocil:questionnaire:1" href="ssg-sle15-ocil.xml"/>
        </check>
      </Rule>
      <Rule id="xccdf_org.ssgproject.content_rule_file_ownership_var_log_audit_stig" selected="false" role="full" severity="medium">
        <title xmlns:xhtml="http://www.w3.org/1999/xhtml" xml:lang="en-US">System Audit Logs Must Be Owned By Root</title>
        <description xmlns:xhtml="http://www.w3.org/1999/xhtml" xml:lang="en-US">All audit logs must be owned by root user. The path for audit log can be
configured via <html:code xmlns:html="http://www.w3.org/1999/xhtml">log_file</html:code> parameter in <html:pre xmlns:html="http://www.w3.org/1999/xhtml">/etc/audit/auditd.conf</html:pre>
or by default, the path for audit log is <html:pre xmlns:html="http://www.w3.org/1999/xhtml">/var/log/audit/</html:pre>.

To properly set the owner of <html:code xmlns:html="http://www.w3.org/1999/xhtml">/var/log/audit/*</html:code>, run the command:

  <html:pre xmlns:html="http://www.w3.org/1999/xhtml">$ sudo chown root /var/log/audit/* </html:pre>
      </description>
        <reference href="https://www.cisecurity.org/controls/">1</reference>
        <reference href="https://www.cisecurity.org/controls/">11</reference>
        <reference href="https://www.cisecurity.org/controls/">12</reference>
        <reference href="https://www.cisecurity.org/controls/">13</reference>
        <reference href="https://www.cisecurity.org/controls/">14</reference>
        <reference href="https://www.cisecurity.org/controls/">15</reference>
        <reference href="https://www.cisecurity.org/controls/">16</reference>
        <reference href="https://www.cisecurity.org/controls/">18</reference>
        <reference href="https://www.cisecurity.org/controls/">19</reference>
        <reference href="https://www.cisecurity.org/controls/">3</reference>
        <reference href="https://www.cisecurity.org/controls/">4</reference>
        <reference href="https://www.cisecurity.org/controls/">5</reference>
        <reference href="https://www.cisecurity.org/controls/">6</reference>
        <reference href="https://www.cisecurity.org/controls/">7</reference>
        <reference href="https://www.cisecurity.org/controls/">8</reference>
        <reference href="https://www.fbi.gov/file-repository/cjis-security-policy-v5_5_20160601-2-1.pdf">5.4.1.1</reference>
        <reference href="https://www.isaca.org/resources/cobit">APO01.06</reference>
        <reference href="https://www.isaca.org/resources/cobit">APO11.04</reference>
        <reference href="https://www.isaca.org/resources/cobit">APO12.06</reference>
        <reference href="https://www.isaca.org/resources/cobit">BAI03.05</reference>
        <reference href="https://www.isaca.org/resources/cobit">BAI08.02</reference>
        <reference href="https://www.isaca.org/resources/cobit">DSS02.02</reference>
        <reference href="https://www.isaca.org/resources/cobit">DSS02.04</reference>
        <reference href="https://www.isaca.org/resources/cobit">DSS02.07</reference>
        <reference href="https://www.isaca.org/resources/cobit">DSS03.01</reference>
        <reference href="https://www.isaca.org/resources/cobit">DSS05.04</reference>
        <reference href="https://www.isaca.org/resources/cobit">DSS05.07</reference>
        <reference href="https://www.isaca.org/resources/cobit">DSS06.02</reference>
        <reference href="https://www.isaca.org/resources/cobit">MEA02.01</reference>
        <reference href="http://nvlpubs.nist.gov/nistpubs/SpecialPublications/NIST.SP.800-171.pdf">3.3.1</reference>
        <reference href="https://www.isa.org/products/isa-62443-2-1-2009-security-for-industrial-automat">4.2.3.10</reference>
        <reference href="https://www.isa.org/products/isa-62443-2-1-2009-security-for-industrial-automat">4.3.3.3.9</reference>
        <reference href="https://www.isa.org/products/isa-62443-2-1-2009-security-for-industrial-automat">4.3.3.5.8</reference>
        <reference href="https://www.isa.org/products/isa-62443-2-1-2009-security-for-industrial-automat">4.3.3.7.3</reference>
        <reference href="https://www.isa.org/products/isa-62443-2-1-2009-security-for-industrial-automat">4.3.4.4.7</reference>
        <reference href="https://www.isa.org/products/isa-62443-2-1-2009-security-for-industrial-automat">4.3.4.5.6</reference>
        <reference href="https://www.isa.org/products/isa-62443-2-1-2009-security-for-industrial-automat">4.3.4.5.7</reference>
        <reference href="https://www.isa.org/products/isa-62443-2-1-2009-security-for-industrial-automat">4.3.4.5.8</reference>
        <reference href="https://www.isa.org/products/isa-62443-2-1-2009-security-for-industrial-automat">4.4.2.1</reference>
        <reference href="https://www.isa.org/products/isa-62443-2-1-2009-security-for-industrial-automat">4.4.2.2</reference>
        <reference href="https://www.isa.org/products/isa-62443-2-1-2009-security-for-industrial-automat">4.4.2.4</reference>
        <reference href="https://www.isa.org/products/ansi-isa-62443-3-3-99-03-03-2013-security-for-indu">SR 2.1</reference>
        <reference href="https://www.isa.org/products/ansi-isa-62443-3-3-99-03-03-2013-security-for-indu">SR 2.10</reference>
        <reference href="https://www.isa.org/products/ansi-isa-62443-3-3-99-03-03-2013-security-for-indu">SR 2.11</reference>
        <reference href="https://www.isa.org/products/ansi-isa-62443-3-3-99-03-03-2013-security-for-indu">SR 2.12</reference>
        <reference href="https://www.isa.org/products/ansi-isa-62443-3-3-99-03-03-2013-security-for-indu">SR 2.8</reference>
        <reference href="https://www.isa.org/products/ansi-isa-62443-3-3-99-03-03-2013-security-for-indu">SR 2.9</reference>
        <reference href="https://www.isa.org/products/ansi-isa-62443-3-3-99-03-03-2013-security-for-indu">SR 5.2</reference>
        <reference href="https://www.isa.org/products/ansi-isa-62443-3-3-99-03-03-2013-security-for-indu">SR 6.1</reference>
        <reference href="https://www.iso.org/contents/data/standard/05/45/54534.html">A.10.1.1</reference>
        <reference href="https://www.iso.org/contents/data/standard/05/45/54534.html">A.11.1.4</reference>
        <reference href="https://www.iso.org/contents/data/standard/05/45/54534.html">A.11.1.5</reference>
        <reference href="https://www.iso.org/contents/data/standard/05/45/54534.html">A.11.2.1</reference>
        <reference href="https://www.iso.org/contents/data/standard/05/45/54534.html">A.12.4.1</reference>
        <reference href="https://www.iso.org/contents/data/standard/05/45/54534.html">A.12.4.2</reference>
        <reference href="https://www.iso.org/contents/data/standard/05/45/54534.html">A.12.4.3</reference>
        <reference href="https://www.iso.org/contents/data/standard/05/45/54534.html">A.12.4.4</reference>
        <reference href="https://www.iso.org/contents/data/standard/05/45/54534.html">A.12.7.1</reference>
        <reference href="https://www.iso.org/contents/data/standard/05/45/54534.html">A.13.1.1</reference>
        <reference href="https://www.iso.org/contents/data/standard/05/45/54534.html">A.13.1.3</reference>
        <reference href="https://www.iso.org/contents/data/standard/05/45/54534.html">A.13.2.1</reference>
        <reference href="https://www.iso.org/contents/data/standard/05/45/54534.html">A.13.2.3</reference>
        <reference href="https://www.iso.org/contents/data/standard/05/45/54534.html">A.13.2.4</reference>
        <reference href="https://www.iso.org/contents/data/standard/05/45/54534.html">A.14.1.2</reference>
        <reference href="https://www.iso.org/contents/data/standard/05/45/54534.html">A.14.1.3</reference>
        <reference href="https://www.iso.org/contents/data/standard/05/45/54534.html">A.16.1.4</reference>
        <reference href="https://www.iso.org/contents/data/standard/05/45/54534.html">A.16.1.5</reference>
        <reference href="https://www.iso.org/contents/data/standard/05/45/54534.html">A.16.1.7</reference>
        <reference href="https://www.iso.org/contents/data/standard/05/45/54534.html">A.6.1.2</reference>
        <reference href="https://www.iso.org/contents/data/standard/05/45/54534.html">A.7.1.1</reference>
        <reference href="https://www.iso.org/contents/data/standard/05/45/54534.html">A.7.1.2</reference>
        <reference href="https://www.iso.org/contents/data/standard/05/45/54534.html">A.7.3.1</reference>
        <reference href="https://www.iso.org/contents/data/standard/05/45/54534.html">A.8.2.2</reference>
        <reference href="https://www.iso.org/contents/data/standard/05/45/54534.html">A.8.2.3</reference>
        <reference href="https://www.iso.org/contents/data/standard/05/45/54534.html">A.9.1.1</reference>
        <reference href="https://www.iso.org/contents/data/standard/05/45/54534.html">A.9.1.2</reference>
        <reference href="https://www.iso.org/contents/data/standard/05/45/54534.html">A.9.2.3</reference>
        <reference href="https://www.iso.org/contents/data/standard/05/45/54534.html">A.9.4.1</reference>
        <reference href="https://www.iso.org/contents/data/standard/05/45/54534.html">A.9.4.4</reference>
        <reference href="https://www.iso.org/contents/data/standard/05/45/54534.html">A.9.4.5</reference>
        <reference href="http://nvlpubs.nist.gov/nistpubs/SpecialPublications/NIST.SP.800-53r4.pdf">CM-6(a)</reference>
        <reference href="http://nvlpubs.nist.gov/nistpubs/SpecialPublications/NIST.SP.800-53r4.pdf">AC-6(1)</reference>
        <reference href="http://nvlpubs.nist.gov/nistpubs/SpecialPublications/NIST.SP.800-53r4.pdf">AU-9(4)</reference>
        <reference href="https://nvlpubs.nist.gov/nistpubs/CSWP/NIST.CSWP.04162018.pdf">DE.AE-3</reference>
        <reference href="https://nvlpubs.nist.gov/nistpubs/CSWP/NIST.CSWP.04162018.pdf">DE.AE-5</reference>
        <reference href="https://nvlpubs.nist.gov/nistpubs/CSWP/NIST.CSWP.04162018.pdf">PR.AC-4</reference>
        <reference href="https://nvlpubs.nist.gov/nistpubs/CSWP/NIST.CSWP.04162018.pdf">PR.DS-5</reference>
        <reference href="https://nvlpubs.nist.gov/nistpubs/CSWP/NIST.CSWP.04162018.pdf">PR.PT-1</reference>
        <reference href="https://nvlpubs.nist.gov/nistpubs/CSWP/NIST.CSWP.04162018.pdf">RS.AN-1</reference>
        <reference href="https://nvlpubs.nist.gov/nistpubs/CSWP/NIST.CSWP.04162018.pdf">RS.AN-4</reference>
        <reference href="https://www.pcisecuritystandards.org/documents/PCI_DSS_v3-2-1.pdf">Req-10.5.1</reference>
        <reference href="https://www.cyber.mil/stigs/downloads/?_dl_facet_stigs=operating-systems%2Cgeneral-purpose-os">SRG-OS-000057-GPOS-00027</reference>
        <reference href="https://www.cyber.mil/stigs/downloads/?_dl_facet_stigs=operating-systems%2Cgeneral-purpose-os">SRG-OS-000058-GPOS-00028</reference>
        <reference href="https://www.cyber.mil/stigs/downloads/?_dl_facet_stigs=operating-systems%2Cgeneral-purpose-os">SRG-OS-000059-GPOS-00029</reference>
        <reference href="https://www.cyber.mil/stigs/downloads/?_dl_facet_stigs=operating-systems%2Cgeneral-purpose-os">SRG-OS-000206-GPOS-00084</reference>
        <reference href="not_publicly_available">SLES-15-750450570</reference>
        <rationale xmlns:xhtml="http://www.w3.org/1999/xhtml" xml:lang="en-US">Unauthorized disclosure of audit records can reveal system and configuration data to
attackers, thus compromising its confidentiality.</rationale>
        <ident system="https://ncp.nist.gov/cce">CCE-92553-7</ident>
        <fix xmlns:xhtml="http://www.w3.org/1999/xhtml" id="file_ownership_var_log_audit_stig" system="urn:xccdf:fix:script:sh"># Remediation is applicable only in certain platforms
if rpm --quiet -q audit &amp;&amp; rpm --quiet -q kernel-default || rpm --quiet -q kernel-default-base; then

if LC_ALL=C grep -iw log_file /etc/audit/auditd.conf; then
    FILE=$(awk -F "=" '/^log_file/ {print $2}' /etc/audit/auditd.conf | tr -d ' ')
    chown root $FILE*
else
    chown root /var/log/audit/audit.log*
fi

else
    &gt;&amp;2 echo 'Remediation is not applicable, nothing was done'
fi
</fix>
        <fix xmlns:xhtml="http://www.w3.org/1999/xhtml" id="file_ownership_var_log_audit_stig" system="urn:xccdf:fix:script:ansible" complexity="low" disruption="low" strategy="restrict">- name: Gather the package facts
  package_facts:
    manager: auto
  tags:
  - CCE-92553-7
  - CJIS-5.4.1.1
  - NIST-800-171-3.3.1
  - NIST-800-53-AC-6(1)
  - NIST-800-53-AU-9(4)
  - NIST-800-53-CM-6(a)
  - PCI-DSS-Req-10.5.1
  - file_ownership_var_log_audit_stig
  - low_complexity
  - low_disruption
  - medium_severity
  - no_reboot_needed
  - restrict_strategy

- name: System Audit Logs Must Be Owned By Root - Get audit log file from /etc/audit/auditd.conf
  ansible.builtin.command: grep -iw ^log_file /etc/audit/auditd.conf
  check_mode: false
  failed_when: false
  changed_when: false
  register: log_file_exists
  when:
  - '"audit" in ansible_facts.packages'
  - ("kernel-default" in ansible_facts.packages or "kernel-default-base" in ansible_facts.packages)
  tags:
  - CCE-92553-7
  - CJIS-5.4.1.1
  - NIST-800-171-3.3.1
  - NIST-800-53-AC-6(1)
  - NIST-800-53-AU-9(4)
  - NIST-800-53-CM-6(a)
  - PCI-DSS-Req-10.5.1
  - file_ownership_var_log_audit_stig
  - low_complexity
  - low_disruption
  - medium_severity
  - no_reboot_needed
  - restrict_strategy

- name: System Audit Logs Must Be Owned By Root - Set audit log file fact
  ansible.builtin.set_fact:
    log_file_line: '{{ log_file_exists.stdout | split('' '') | last }}'
  when:
  - '"audit" in ansible_facts.packages'
  - ("kernel-default" in ansible_facts.packages or "kernel-default-base" in ansible_facts.packages)
  tags:
  - CCE-92553-7
  - CJIS-5.4.1.1
  - NIST-800-171-3.3.1
  - NIST-800-53-AC-6(1)
  - NIST-800-53-AU-9(4)
  - NIST-800-53-CM-6(a)
  - PCI-DSS-Req-10.5.1
  - file_ownership_var_log_audit_stig
  - low_complexity
  - low_disruption
  - medium_severity
  - no_reboot_needed
  - restrict_strategy

- name: System Audit Logs Must Be Owned By Root - Set default log_file if not configured
    in /etc/audit/auditd.conf
  ansible.builtin.set_fact:
    log_file: /var/log/audit/audit.log
  when:
  - '"audit" in ansible_facts.packages'
  - ("kernel-default" in ansible_facts.packages or "kernel-default-base" in ansible_facts.packages)
  - (log_file_exists is undefined) or (log_file_exists.stdout | length == 0)
  tags:
  - CCE-92553-7
  - CJIS-5.4.1.1
  - NIST-800-171-3.3.1
  - NIST-800-53-AC-6(1)
  - NIST-800-53-AU-9(4)
  - NIST-800-53-CM-6(a)
  - PCI-DSS-Req-10.5.1
  - file_ownership_var_log_audit_stig
  - low_complexity
  - low_disruption
  - medium_severity
  - no_reboot_needed
  - restrict_strategy

- name: System Audit Logs Must Be Owned By Root - Set log_file from log_file_line
    if configured
  ansible.builtin.set_fact:
    log_file: '{{ log_file_line }}'
  when:
  - '"audit" in ansible_facts.packages'
  - ("kernel-default" in ansible_facts.packages or "kernel-default-base" in ansible_facts.packages)
  - (log_file_line is defined) and (log_file_line | length &gt; 0)
  tags:
  - CCE-92553-7
  - CJIS-5.4.1.1
  - NIST-800-171-3.3.1
  - NIST-800-53-AC-6(1)
  - NIST-800-53-AU-9(4)
  - NIST-800-53-CM-6(a)
  - PCI-DSS-Req-10.5.1
  - file_ownership_var_log_audit_stig
  - low_complexity
  - low_disruption
  - medium_severity
  - no_reboot_needed
  - restrict_strategy

- name: System Audit Logs Must Be Owned By Root - Get all audit backup log file(s)
  ansible.builtin.find:
    path: '{{ log_file | dirname }}'
    patterns: '{{ log_file | basename }}.*'
  register: backup_files
  when:
  - '"audit" in ansible_facts.packages'
  - ("kernel-default" in ansible_facts.packages or "kernel-default-base" in ansible_facts.packages)
  tags:
  - CCE-92553-7
  - CJIS-5.4.1.1
  - NIST-800-171-3.3.1
  - NIST-800-53-AC-6(1)
  - NIST-800-53-AU-9(4)
  - NIST-800-53-CM-6(a)
  - PCI-DSS-Req-10.5.1
  - file_ownership_var_log_audit_stig
  - low_complexity
  - low_disruption
  - medium_severity
  - no_reboot_needed
  - restrict_strategy

- name: System Audit Logs Must Be Owned By Root - Set root as owner to all audit backup
    log file(s)
  ansible.builtin.file:
    path: '{{ item }}'
    owner: root
  loop: '{{ backup_files.files| map(attribute=''path'') | list }}'
  when:
  - '"audit" in ansible_facts.packages'
  - ("kernel-default" in ansible_facts.packages or "kernel-default-base" in ansible_facts.packages)
  tags:
  - CCE-92553-7
  - CJIS-5.4.1.1
  - NIST-800-171-3.3.1
  - NIST-800-53-AC-6(1)
  - NIST-800-53-AU-9(4)
  - NIST-800-53-CM-6(a)
  - PCI-DSS-Req-10.5.1
  - file_ownership_var_log_audit_stig
  - low_complexity
  - low_disruption
  - medium_severity
  - no_reboot_needed
  - restrict_strategy

- name: System Audit Logs Must Be Owned By Root - Set root as owner to audit log file
  ansible.builtin.file:
    path: '{{ log_file }}'
    owner: root
  when:
  - '"audit" in ansible_facts.packages'
  - ("kernel-default" in ansible_facts.packages or "kernel-default-base" in ansible_facts.packages)
  tags:
  - CCE-92553-7
  - CJIS-5.4.1.1
  - NIST-800-171-3.3.1
  - NIST-800-53-AC-6(1)
  - NIST-800-53-AU-9(4)
  - NIST-800-53-CM-6(a)
  - PCI-DSS-Req-10.5.1
  - file_ownership_var_log_audit_stig
  - low_complexity
  - low_disruption
  - medium_severity
  - no_reboot_needed
  - restrict_strategy
</fix>
        <check system="http://oval.mitre.org/XMLSchema/oval-definitions-5">
          <check-content-ref name="oval:ssg-file_ownership_var_log_audit_stig:def:1" href="ssg-sle15-oval.xml"/>
        </check>
        <check system="http://scap.nist.gov/schema/ocil/2">
          <check-content-ref name="ocil:ssg-file_ownership_var_log_audit_stig_ocil:questionnaire:1" href="ssg-sle15-ocil.xml"/>
        </check>
      </Rule>
      <Rule id="xccdf_org.ssgproject.content_rule_file_permissions_audit_configuration" selected="false" role="full" severity="medium">
        <title xmlns:xhtml="http://www.w3.org/1999/xhtml" xml:lang="en-US">Audit Configuration Files Permissions are 640 or More Restrictive</title>
        <description xmlns:xhtml="http://www.w3.org/1999/xhtml" xml:lang="en-US">All audit configuration files permissions must be 640 or more restrictive.
<html:pre xmlns:html="http://www.w3.org/1999/xhtml">chmod 0640 /etc/audit/audit*.{rules,conf} /etc/audit/rules.d/*</html:pre>
      </description>
        <reference href="http://nvlpubs.nist.gov/nistpubs/SpecialPublications/NIST.SP.800-53r4.pdf">AU-12 b</reference>
        <reference href="https://www.cyber.mil/stigs/downloads/?_dl_facet_stigs=operating-systems%2Cgeneral-purpose-os">SRG-OS-000063-GPOS-00032</reference>
        <reference href="not_publicly_available">SLES-15-750450600</reference>
        <rationale xmlns:xhtml="http://www.w3.org/1999/xhtml" xml:lang="en-US">Without the capability to restrict which roles and individuals can
select which events are audited, unauthorized personnel may be able
to prevent the auditing of critical events.
Misconfigured audits may degrade the system's performance by
overwhelming the audit log. Misconfigured audits may also make it more
difficult to establish, correlate, and investigate the events relating
to an incident or identify those responsible for one.</rationale>
        <ident system="https://ncp.nist.gov/cce">CCE-92557-8</ident>
        <fix xmlns:xhtml="http://www.w3.org/1999/xhtml" id="file_permissions_audit_configuration" system="urn:xccdf:fix:script:sh" complexity="low" disruption="low" strategy="configure"># Remediation is applicable only in certain platforms
if rpm --quiet -q audit &amp;&amp; rpm --quiet -q kernel-default || rpm --quiet -q kernel-default-base; then

find -P /etc/audit/ -maxdepth 1 -perm /u+xs,g+xws,o+xwrt  -type f -regextype posix-extended -regex '^.*audit(\.rules|d\.conf)$' -exec chmod u-xs,g-xws,o-xwrt {} \;

find -P /etc/audit/rules.d/ -maxdepth 1 -perm /u+xs,g+xws,o+xwrt  -type f -regextype posix-extended -regex '^.*\.rules$' -exec chmod u-xs,g-xws,o-xwrt {} \;

else
    &gt;&amp;2 echo 'Remediation is not applicable, nothing was done'
fi
</fix>
        <fix xmlns:xhtml="http://www.w3.org/1999/xhtml" id="file_permissions_audit_configuration" system="urn:xccdf:fix:script:ansible" complexity="low" disruption="low" strategy="configure">- name: Gather the package facts
  package_facts:
    manager: auto
  tags:
  - CCE-92557-8
  - NIST-800-53-AU-12 b
  - configure_strategy
  - file_permissions_audit_configuration
  - low_complexity
  - low_disruption
  - medium_severity
  - no_reboot_needed

- name: Find /etc/audit/ file(s)
  ansible.builtin.command: find -P /etc/audit/ -maxdepth 1 -perm /u+xs,g+xws,o+xwrt  -type
    f -regextype posix-extended -regex "^.*audit(\.rules|d\.conf)$"
  register: files_found
  changed_when: false
  failed_when: false
  check_mode: false
  when:
  - '"audit" in ansible_facts.packages'
  - ("kernel-default" in ansible_facts.packages or "kernel-default-base" in ansible_facts.packages)
  tags:
  - CCE-92557-8
  - NIST-800-53-AU-12 b
  - configure_strategy
  - file_permissions_audit_configuration
  - low_complexity
  - low_disruption
  - medium_severity
  - no_reboot_needed

- name: Set permissions for /etc/audit/ file(s)
  ansible.builtin.file:
    path: '{{ item }}'
    mode: u-xs,g-xws,o-xwrt
    state: file
  with_items:
  - '{{ files_found.stdout_lines }}'
  when:
  - '"audit" in ansible_facts.packages'
  - ("kernel-default" in ansible_facts.packages or "kernel-default-base" in ansible_facts.packages)
  tags:
  - CCE-92557-8
  - NIST-800-53-AU-12 b
  - configure_strategy
  - file_permissions_audit_configuration
  - low_complexity
  - low_disruption
  - medium_severity
  - no_reboot_needed

- name: Find /etc/audit/rules.d/ file(s)
  ansible.builtin.command: find -P /etc/audit/rules.d/ -maxdepth 1 -perm /u+xs,g+xws,o+xwrt  -type
    f -regextype posix-extended -regex "^.*\.rules$"
  register: files_found
  changed_when: false
  failed_when: false
  check_mode: false
  when:
  - '"audit" in ansible_facts.packages'
  - ("kernel-default" in ansible_facts.packages or "kernel-default-base" in ansible_facts.packages)
  tags:
  - CCE-92557-8
  - NIST-800-53-AU-12 b
  - configure_strategy
  - file_permissions_audit_configuration
  - low_complexity
  - low_disruption
  - medium_severity
  - no_reboot_needed

- name: Set permissions for /etc/audit/rules.d/ file(s)
  ansible.builtin.file:
    path: '{{ item }}'
    mode: u-xs,g-xws,o-xwrt
    state: file
  with_items:
  - '{{ files_found.stdout_lines }}'
  when:
  - '"audit" in ansible_facts.packages'
  - ("kernel-default" in ansible_facts.packages or "kernel-default-base" in ansible_facts.packages)
  tags:
  - CCE-92557-8
  - NIST-800-53-AU-12 b
  - configure_strategy
  - file_permissions_audit_configuration
  - low_complexity
  - low_disruption
  - medium_severity
  - no_reboot_needed
</fix>
        <check system="http://oval.mitre.org/XMLSchema/oval-definitions-5">
          <check-content-ref name="oval:ssg-file_permissions_audit_configuration:def:1" href="ssg-sle15-oval.xml"/>
        </check>
        <check system="http://scap.nist.gov/schema/ocil/2">
          <check-content-ref name="ocil:ssg-file_permissions_audit_configuration_ocil:questionnaire:1" href="ssg-sle15-ocil.xml"/>
        </check>
      </Rule>
      <Rule id="xccdf_org.ssgproject.content_rule_file_permissions_var_log_audit" selected="false" role="full" severity="medium">
        <title xmlns:xhtml="http://www.w3.org/1999/xhtml" xml:lang="en-US">System Audit Logs Must Have Mode 0640 or Less Permissive</title>
        <description xmlns:xhtml="http://www.w3.org/1999/xhtml" xml:lang="en-US">
If <html:code xmlns:html="http://www.w3.org/1999/xhtml">log_group</html:code> in <html:code xmlns:html="http://www.w3.org/1999/xhtml">/etc/audit/auditd.conf</html:code> is set to a group other than the
<html:code xmlns:html="http://www.w3.org/1999/xhtml">root</html:code>
group account, change the mode of the audit log files with the following command:
<html:pre xmlns:html="http://www.w3.org/1999/xhtml">$ sudo chmod 0640 <html:i>audit_file</html:i>
       </html:pre>
       <html:br xmlns:html="http://www.w3.org/1999/xhtml"/>
Otherwise, change the mode of the audit log files with the following command:
<html:pre xmlns:html="http://www.w3.org/1999/xhtml">$ sudo chmod 0600 <html:i>audit_file</html:i>
       </html:pre>
      </description>
        <reference href="https://www.cisecurity.org/controls/">1</reference>
        <reference href="https://www.cisecurity.org/controls/">11</reference>
        <reference href="https://www.cisecurity.org/controls/">12</reference>
        <reference href="https://www.cisecurity.org/controls/">13</reference>
        <reference href="https://www.cisecurity.org/controls/">14</reference>
        <reference href="https://www.cisecurity.org/controls/">15</reference>
        <reference href="https://www.cisecurity.org/controls/">16</reference>
        <reference href="https://www.cisecurity.org/controls/">18</reference>
        <reference href="https://www.cisecurity.org/controls/">19</reference>
        <reference href="https://www.cisecurity.org/controls/">3</reference>
        <reference href="https://www.cisecurity.org/controls/">4</reference>
        <reference href="https://www.cisecurity.org/controls/">5</reference>
        <reference href="https://www.cisecurity.org/controls/">6</reference>
        <reference href="https://www.cisecurity.org/controls/">7</reference>
        <reference href="https://www.cisecurity.org/controls/">8</reference>
        <reference href="https://www.fbi.gov/file-repository/cjis-security-policy-v5_5_20160601-2-1.pdf">5.4.1.1</reference>
        <reference href="https://www.isaca.org/resources/cobit">APO01.06</reference>
        <reference href="https://www.isaca.org/resources/cobit">APO11.04</reference>
        <reference href="https://www.isaca.org/resources/cobit">APO12.06</reference>
        <reference href="https://www.isaca.org/resources/cobit">BAI03.05</reference>
        <reference href="https://www.isaca.org/resources/cobit">BAI08.02</reference>
        <reference href="https://www.isaca.org/resources/cobit">DSS02.02</reference>
        <reference href="https://www.isaca.org/resources/cobit">DSS02.04</reference>
        <reference href="https://www.isaca.org/resources/cobit">DSS02.07</reference>
        <reference href="https://www.isaca.org/resources/cobit">DSS03.01</reference>
        <reference href="https://www.isaca.org/resources/cobit">DSS05.04</reference>
        <reference href="https://www.isaca.org/resources/cobit">DSS05.07</reference>
        <reference href="https://www.isaca.org/resources/cobit">DSS06.02</reference>
        <reference href="https://www.isaca.org/resources/cobit">MEA02.01</reference>
        <reference href="http://nvlpubs.nist.gov/nistpubs/SpecialPublications/NIST.SP.800-171.pdf">3.3.1</reference>
        <reference href="https://www.isa.org/products/isa-62443-2-1-2009-security-for-industrial-automat">4.2.3.10</reference>
        <reference href="https://www.isa.org/products/isa-62443-2-1-2009-security-for-industrial-automat">4.3.3.3.9</reference>
        <reference href="https://www.isa.org/products/isa-62443-2-1-2009-security-for-industrial-automat">4.3.3.5.8</reference>
        <reference href="https://www.isa.org/products/isa-62443-2-1-2009-security-for-industrial-automat">4.3.3.7.3</reference>
        <reference href="https://www.isa.org/products/isa-62443-2-1-2009-security-for-industrial-automat">4.3.4.4.7</reference>
        <reference href="https://www.isa.org/products/isa-62443-2-1-2009-security-for-industrial-automat">4.3.4.5.6</reference>
        <reference href="https://www.isa.org/products/isa-62443-2-1-2009-security-for-industrial-automat">4.3.4.5.7</reference>
        <reference href="https://www.isa.org/products/isa-62443-2-1-2009-security-for-industrial-automat">4.3.4.5.8</reference>
        <reference href="https://www.isa.org/products/isa-62443-2-1-2009-security-for-industrial-automat">4.4.2.1</reference>
        <reference href="https://www.isa.org/products/isa-62443-2-1-2009-security-for-industrial-automat">4.4.2.2</reference>
        <reference href="https://www.isa.org/products/isa-62443-2-1-2009-security-for-industrial-automat">4.4.2.4</reference>
        <reference href="https://www.isa.org/products/ansi-isa-62443-3-3-99-03-03-2013-security-for-indu">SR 2.1</reference>
        <reference href="https://www.isa.org/products/ansi-isa-62443-3-3-99-03-03-2013-security-for-indu">SR 2.10</reference>
        <reference href="https://www.isa.org/products/ansi-isa-62443-3-3-99-03-03-2013-security-for-indu">SR 2.11</reference>
        <reference href="https://www.isa.org/products/ansi-isa-62443-3-3-99-03-03-2013-security-for-indu">SR 2.12</reference>
        <reference href="https://www.isa.org/products/ansi-isa-62443-3-3-99-03-03-2013-security-for-indu">SR 2.8</reference>
        <reference href="https://www.isa.org/products/ansi-isa-62443-3-3-99-03-03-2013-security-for-indu">SR 2.9</reference>
        <reference href="https://www.isa.org/products/ansi-isa-62443-3-3-99-03-03-2013-security-for-indu">SR 5.2</reference>
        <reference href="https://www.isa.org/products/ansi-isa-62443-3-3-99-03-03-2013-security-for-indu">SR 6.1</reference>
        <reference href="https://www.iso.org/contents/data/standard/05/45/54534.html">A.10.1.1</reference>
        <reference href="https://www.iso.org/contents/data/standard/05/45/54534.html">A.11.1.4</reference>
        <reference href="https://www.iso.org/contents/data/standard/05/45/54534.html">A.11.1.5</reference>
        <reference href="https://www.iso.org/contents/data/standard/05/45/54534.html">A.11.2.1</reference>
        <reference href="https://www.iso.org/contents/data/standard/05/45/54534.html">A.12.4.1</reference>
        <reference href="https://www.iso.org/contents/data/standard/05/45/54534.html">A.12.4.2</reference>
        <reference href="https://www.iso.org/contents/data/standard/05/45/54534.html">A.12.4.3</reference>
        <reference href="https://www.iso.org/contents/data/standard/05/45/54534.html">A.12.4.4</reference>
        <reference href="https://www.iso.org/contents/data/standard/05/45/54534.html">A.12.7.1</reference>
        <reference href="https://www.iso.org/contents/data/standard/05/45/54534.html">A.13.1.1</reference>
        <reference href="https://www.iso.org/contents/data/standard/05/45/54534.html">A.13.1.3</reference>
        <reference href="https://www.iso.org/contents/data/standard/05/45/54534.html">A.13.2.1</reference>
        <reference href="https://www.iso.org/contents/data/standard/05/45/54534.html">A.13.2.3</reference>
        <reference href="https://www.iso.org/contents/data/standard/05/45/54534.html">A.13.2.4</reference>
        <reference href="https://www.iso.org/contents/data/standard/05/45/54534.html">A.14.1.2</reference>
        <reference href="https://www.iso.org/contents/data/standard/05/45/54534.html">A.14.1.3</reference>
        <reference href="https://www.iso.org/contents/data/standard/05/45/54534.html">A.16.1.4</reference>
        <reference href="https://www.iso.org/contents/data/standard/05/45/54534.html">A.16.1.5</reference>
        <reference href="https://www.iso.org/contents/data/standard/05/45/54534.html">A.16.1.7</reference>
        <reference href="https://www.iso.org/contents/data/standard/05/45/54534.html">A.6.1.2</reference>
        <reference href="https://www.iso.org/contents/data/standard/05/45/54534.html">A.7.1.1</reference>
        <reference href="https://www.iso.org/contents/data/standard/05/45/54534.html">A.7.1.2</reference>
        <reference href="https://www.iso.org/contents/data/standard/05/45/54534.html">A.7.3.1</reference>
        <reference href="https://www.iso.org/contents/data/standard/05/45/54534.html">A.8.2.2</reference>
        <reference href="https://www.iso.org/contents/data/standard/05/45/54534.html">A.8.2.3</reference>
        <reference href="https://www.iso.org/contents/data/standard/05/45/54534.html">A.9.1.1</reference>
        <reference href="https://www.iso.org/contents/data/standard/05/45/54534.html">A.9.1.2</reference>
        <reference href="https://www.iso.org/contents/data/standard/05/45/54534.html">A.9.2.3</reference>
        <reference href="https://www.iso.org/contents/data/standard/05/45/54534.html">A.9.4.1</reference>
        <reference href="https://www.iso.org/contents/data/standard/05/45/54534.html">A.9.4.4</reference>
        <reference href="https://www.iso.org/contents/data/standard/05/45/54534.html">A.9.4.5</reference>
        <reference href="https://www.nerc.com/standards/reliability-standards/cip">CIP-003-8 R5.1.1</reference>
        <reference href="https://www.nerc.com/standards/reliability-standards/cip">CIP-003-8 R5.3</reference>
        <reference href="https://www.nerc.com/standards/reliability-standards/cip">CIP-004-6 R2.3</reference>
        <reference href="https://www.nerc.com/standards/reliability-standards/cip">CIP-007-3 R2.1</reference>
        <reference href="https://www.nerc.com/standards/reliability-standards/cip">CIP-007-3 R2.2</reference>
        <reference href="https://www.nerc.com/standards/reliability-standards/cip">CIP-007-3 R2.3</reference>
        <reference href="https://www.nerc.com/standards/reliability-standards/cip">CIP-007-3 R5.1</reference>
        <reference href="https://www.nerc.com/standards/reliability-standards/cip">CIP-007-3 R5.1.1</reference>
        <reference href="https://www.nerc.com/standards/reliability-standards/cip">CIP-007-3 R5.1.2</reference>
        <reference href="http://nvlpubs.nist.gov/nistpubs/SpecialPublications/NIST.SP.800-53r4.pdf">CM-6(a)</reference>
        <reference href="http://nvlpubs.nist.gov/nistpubs/SpecialPublications/NIST.SP.800-53r4.pdf">AC-6(1)</reference>
        <reference href="http://nvlpubs.nist.gov/nistpubs/SpecialPublications/NIST.SP.800-53r4.pdf">AU-9(4)</reference>
        <reference href="https://nvlpubs.nist.gov/nistpubs/CSWP/NIST.CSWP.04162018.pdf">DE.AE-3</reference>
        <reference href="https://nvlpubs.nist.gov/nistpubs/CSWP/NIST.CSWP.04162018.pdf">DE.AE-5</reference>
        <reference href="https://nvlpubs.nist.gov/nistpubs/CSWP/NIST.CSWP.04162018.pdf">PR.AC-4</reference>
        <reference href="https://nvlpubs.nist.gov/nistpubs/CSWP/NIST.CSWP.04162018.pdf">PR.DS-5</reference>
        <reference href="https://nvlpubs.nist.gov/nistpubs/CSWP/NIST.CSWP.04162018.pdf">PR.PT-1</reference>
        <reference href="https://nvlpubs.nist.gov/nistpubs/CSWP/NIST.CSWP.04162018.pdf">RS.AN-1</reference>
        <reference href="https://nvlpubs.nist.gov/nistpubs/CSWP/NIST.CSWP.04162018.pdf">RS.AN-4</reference>
        <reference href="https://www.pcisecuritystandards.org/documents/PCI_DSS_v3-2-1.pdf">Req-10.5</reference>
        <reference href="https://www.cyber.mil/stigs/downloads/?_dl_facet_stigs=operating-systems%2Cgeneral-purpose-os">SRG-OS-000057-GPOS-00027</reference>
        <reference href="https://www.cyber.mil/stigs/downloads/?_dl_facet_stigs=operating-systems%2Cgeneral-purpose-os">SRG-OS-000058-GPOS-00028</reference>
        <reference href="https://www.cyber.mil/stigs/downloads/?_dl_facet_stigs=operating-systems%2Cgeneral-purpose-os">SRG-OS-000059-GPOS-00029</reference>
        <reference href="https://www.cyber.mil/stigs/downloads/?_dl_facet_stigs=operating-systems%2Cgeneral-purpose-os">SRG-OS-000206-GPOS-00084</reference>
        <reference href="https://www.cyber.mil/stigs/downloads/?_dl_facet_stigs=app-security">SRG-APP-000118-CTR-000240</reference>
        <reference href="not_publicly_available">SLES-15-750450555</reference>
        <reference href="https://docs-prv.pcisecuritystandards.org/PCI%20DSS/Standard/PCI-DSS-v4_0.pdf">10.3.1</reference>
        <reference href="https://docs-prv.pcisecuritystandards.org/PCI%20DSS/Standard/PCI-DSS-v4_0.pdf">10.3</reference>
        <rationale xmlns:xhtml="http://www.w3.org/1999/xhtml" xml:lang="en-US">If users can write to audit logs, audit trails can be modified or destroyed.</rationale>
        <ident system="https://ncp.nist.gov/cce">CCE-85811-8</ident>
        <fix xmlns:xhtml="http://www.w3.org/1999/xhtml" id="file_permissions_var_log_audit" system="urn:xccdf:fix:script:sh"># Remediation is applicable only in certain platforms
if rpm --quiet -q audit &amp;&amp; rpm --quiet -q kernel-default || rpm --quiet -q kernel-default-base; then

if LC_ALL=C grep -iw ^log_file /etc/audit/auditd.conf; then
    FILE=$(awk -F "=" '/^log_file/ {print $2}' /etc/audit/auditd.conf | tr -d ' ')
else
    FILE="/var/log/audit/audit.log"
fi


if LC_ALL=C grep -m 1 -q ^log_group /etc/audit/auditd.conf; then
  GROUP=$(awk -F "=" '/log_group/ {print $2}' /etc/audit/auditd.conf | tr -d ' ')
  if ! [ "${GROUP}" == 'root' ] ; then
    chmod 0640 $FILE
    chmod 0440 $FILE.*
  else
    chmod 0600 $FILE
    chmod 0400 $FILE.*
  fi
else
  chmod 0600 $FILE
  chmod 0400 $FILE.*
fi

else
    &gt;&amp;2 echo 'Remediation is not applicable, nothing was done'
fi
</fix>
        <fix xmlns:xhtml="http://www.w3.org/1999/xhtml" id="file_permissions_var_log_audit" system="urn:xccdf:fix:script:ansible" complexity="low" disruption="low" strategy="restrict">- name: Gather the package facts
  package_facts:
    manager: auto
  tags:
  - CCE-85811-8
  - CJIS-5.4.1.1
  - NIST-800-171-3.3.1
  - NIST-800-53-AC-6(1)
  - NIST-800-53-AU-9(4)
  - NIST-800-53-CM-6(a)
  - PCI-DSS-Req-10.5
  - PCI-DSSv4-10.3
  - PCI-DSSv4-10.3.1
  - file_permissions_var_log_audit
  - low_complexity
  - low_disruption
  - medium_severity
  - no_reboot_needed
  - restrict_strategy

- name: Get audit log files
  ansible.builtin.command: grep -iw ^log_file /etc/audit/auditd.conf
  failed_when: false
  changed_when: false
  check_mode: false
  register: log_file_exists
  when:
  - '"audit" in ansible_facts.packages'
  - ("kernel-default" in ansible_facts.packages or "kernel-default-base" in ansible_facts.packages)
  tags:
  - CCE-85811-8
  - CJIS-5.4.1.1
  - NIST-800-171-3.3.1
  - NIST-800-53-AC-6(1)
  - NIST-800-53-AU-9(4)
  - NIST-800-53-CM-6(a)
  - PCI-DSS-Req-10.5
  - PCI-DSSv4-10.3
  - PCI-DSSv4-10.3.1
  - file_permissions_var_log_audit
  - low_complexity
  - low_disruption
  - medium_severity
  - no_reboot_needed
  - restrict_strategy

- name: Parse log file line
  ansible.builtin.command: awk -F '=' '/^log_file/ {print $2}' /etc/audit/auditd.conf
  register: log_file_line
  changed_when: false
  check_mode: false
  when:
  - '"audit" in ansible_facts.packages'
  - ("kernel-default" in ansible_facts.packages or "kernel-default-base" in ansible_facts.packages)
  - log_file_exists is not skipped and (log_file_exists.stdout | length &gt; 0)
  tags:
  - CCE-85811-8
  - CJIS-5.4.1.1
  - NIST-800-171-3.3.1
  - NIST-800-53-AC-6(1)
  - NIST-800-53-AU-9(4)
  - NIST-800-53-CM-6(a)
  - PCI-DSS-Req-10.5
  - PCI-DSSv4-10.3
  - PCI-DSSv4-10.3.1
  - file_permissions_var_log_audit
  - low_complexity
  - low_disruption
  - medium_severity
  - no_reboot_needed
  - restrict_strategy

- name: Set default log_file if not set
  ansible.builtin.set_fact:
    log_file: /var/log/audit/audit.log
  when:
  - '"audit" in ansible_facts.packages'
  - ("kernel-default" in ansible_facts.packages or "kernel-default-base" in ansible_facts.packages)
  - (log_file_exists is skipped) or (log_file_exists is undefined) or (log_file_exists.stdout
    | length == 0)
  tags:
  - CCE-85811-8
  - CJIS-5.4.1.1
  - NIST-800-171-3.3.1
  - NIST-800-53-AC-6(1)
  - NIST-800-53-AU-9(4)
  - NIST-800-53-CM-6(a)
  - PCI-DSS-Req-10.5
  - PCI-DSSv4-10.3
  - PCI-DSSv4-10.3.1
  - file_permissions_var_log_audit
  - low_complexity
  - low_disruption
  - medium_severity
  - no_reboot_needed
  - restrict_strategy

- name: Set log_file from log_file_line if not set already
  ansible.builtin.set_fact:
    log_file: '{{ log_file_line.stdout | trim }}'
  when:
  - '"audit" in ansible_facts.packages'
  - ("kernel-default" in ansible_facts.packages or "kernel-default-base" in ansible_facts.packages)
  - (log_file_exists is not skipped) and (log_file_line.stdout is defined) and (log_file_line.stdout
    | length &gt; 0)
  tags:
  - CCE-85811-8
  - CJIS-5.4.1.1
  - NIST-800-171-3.3.1
  - NIST-800-53-AC-6(1)
  - NIST-800-53-AU-9(4)
  - NIST-800-53-CM-6(a)
  - PCI-DSS-Req-10.5
  - PCI-DSSv4-10.3
  - PCI-DSSv4-10.3.1
  - file_permissions_var_log_audit
  - low_complexity
  - low_disruption
  - medium_severity
  - no_reboot_needed
  - restrict_strategy

- name: Get log files group
  ansible.builtin.command: grep -m 1 ^log_group /etc/audit/auditd.conf
  failed_when: false
  changed_when: false
  check_mode: false
  register: log_group_line
  when:
  - '"audit" in ansible_facts.packages'
  - ("kernel-default" in ansible_facts.packages or "kernel-default-base" in ansible_facts.packages)
  tags:
  - CCE-85811-8
  - CJIS-5.4.1.1
  - NIST-800-171-3.3.1
  - NIST-800-53-AC-6(1)
  - NIST-800-53-AU-9(4)
  - NIST-800-53-CM-6(a)
  - PCI-DSS-Req-10.5
  - PCI-DSSv4-10.3
  - PCI-DSSv4-10.3.1
  - file_permissions_var_log_audit
  - low_complexity
  - low_disruption
  - medium_severity
  - no_reboot_needed
  - restrict_strategy

- name: Parse log group line
  ansible.builtin.command: awk -F '=' '/log_group/ {print $2}' /etc/audit/auditd.conf
  changed_when: false
  check_mode: false
  register: log_group
  when:
  - '"audit" in ansible_facts.packages'
  - ("kernel-default" in ansible_facts.packages or "kernel-default-base" in ansible_facts.packages)
  - (log_group_line is not skipped) and (log_group_line.stdout | length &gt; 0)
  tags:
  - CCE-85811-8
  - CJIS-5.4.1.1
  - NIST-800-171-3.3.1
  - NIST-800-53-AC-6(1)
  - NIST-800-53-AU-9(4)
  - NIST-800-53-CM-6(a)
  - PCI-DSS-Req-10.5
  - PCI-DSSv4-10.3
  - PCI-DSSv4-10.3.1
  - file_permissions_var_log_audit
  - low_complexity
  - low_disruption
  - medium_severity
  - no_reboot_needed
  - restrict_strategy

- name: Apply mode to log file when group root
  ansible.builtin.file:
    path: '{{ log_file }}'
    mode: (( log_group is defined ) and ( ( log_group.stdout | trim ) == 'root' ))
      | ternary( '0600', '0640')
  failed_when: false
  when:
  - '"audit" in ansible_facts.packages'
  - ("kernel-default" in ansible_facts.packages or "kernel-default-base" in ansible_facts.packages)
  - log_group is not skipped
  tags:
  - CCE-85811-8
  - CJIS-5.4.1.1
  - NIST-800-171-3.3.1
  - NIST-800-53-AC-6(1)
  - NIST-800-53-AU-9(4)
  - NIST-800-53-CM-6(a)
  - PCI-DSS-Req-10.5
  - PCI-DSSv4-10.3
  - PCI-DSSv4-10.3.1
  - file_permissions_var_log_audit
  - low_complexity
  - low_disruption
  - medium_severity
  - no_reboot_needed
  - restrict_strategy

- name: List all log file backups
  ansible.builtin.find:
    path: '{{ log_file | dirname }}'
    patterns: '{{ log_file | basename }}.*'
  register: backup_files
  when:
  - '"audit" in ansible_facts.packages'
  - ("kernel-default" in ansible_facts.packages or "kernel-default-base" in ansible_facts.packages)
  tags:
  - CCE-85811-8
  - CJIS-5.4.1.1
  - NIST-800-171-3.3.1
  - NIST-800-53-AC-6(1)
  - NIST-800-53-AU-9(4)
  - NIST-800-53-CM-6(a)
  - PCI-DSS-Req-10.5
  - PCI-DSSv4-10.3
  - PCI-DSSv4-10.3.1
  - file_permissions_var_log_audit
  - low_complexity
  - low_disruption
  - medium_severity
  - no_reboot_needed
  - restrict_strategy

- name: Apply mode to log file when group not root
  ansible.builtin.file:
    path: '{{ item }}'
    mode: (( log_group is defined ) and ( ( log_group.stdout | trim ) == 'root' ))  |
      ternary( '0400', '0440')
  loop: '{{ backup_files.files| map(attribute=''path'') | list }}'
  failed_when: false
  when:
  - '"audit" in ansible_facts.packages'
  - ("kernel-default" in ansible_facts.packages or "kernel-default-base" in ansible_facts.packages)
  - backup_files is not skipped
  tags:
  - CCE-85811-8
  - CJIS-5.4.1.1
  - NIST-800-171-3.3.1
  - NIST-800-53-AC-6(1)
  - NIST-800-53-AU-9(4)
  - NIST-800-53-CM-6(a)
  - PCI-DSS-Req-10.5
  - PCI-DSSv4-10.3
  - PCI-DSSv4-10.3.1
  - file_permissions_var_log_audit
  - low_complexity
  - low_disruption
  - medium_severity
  - no_reboot_needed
  - restrict_strategy
</fix>
        <check system="http://oval.mitre.org/XMLSchema/oval-definitions-5">
          <check-content-ref name="oval:ssg-file_permissions_var_log_audit:def:1" href="ssg-sle15-oval.xml"/>
        </check>
        <check system="http://scap.nist.gov/schema/ocil/2">
          <check-content-ref name="ocil:ssg-file_permissions_var_log_audit_ocil:questionnaire:1" href="ssg-sle15-ocil.xml"/>
        </check>
      </Rule>
      <Group id="xccdf_org.ssgproject.content_group_audit_dac_actions">
        <title xmlns:xhtml="http://www.w3.org/1999/xhtml" xml:lang="en-US">Record Events that Modify the System's Discretionary Access Controls</title>
        <description xmlns:xhtml="http://www.w3.org/1999/xhtml" xml:lang="en-US">At a minimum, the audit system should collect file permission
changes for all users and root. Note that the "-F arch=b32" lines should be
present even on a 64 bit system. These commands identify system calls for
auditing. Even if the system is 64 bit it can still execute 32 bit system
calls. Additionally, these rules can be configured in a number of ways while
still achieving the desired effect. An example of this is that the "-S" calls
could be split up and placed on separate lines, however, this is less efficient.
Add the following to <html:code xmlns:html="http://www.w3.org/1999/xhtml">/etc/audit/audit.rules</html:code>:

<html:pre xmlns:html="http://www.w3.org/1999/xhtml">-a always,exit -F arch=b32 -S chmod,fchmod,fchmodat -F auid&gt;=1000 -F auid!=unset -F key=perm_mod

    -a always,exit -F arch=b32 -S chown,fchown,fchownat,lchown -F auid&gt;=1000 -F auid!=unset -F key=perm_mod
    -a always,exit -F arch=b32 -S setxattr,lsetxattr,fsetxattr,removexattr,lremovexattr,fremovexattr -F auid&gt;=1000 -F auid!=unset -F key=perm_mod</html:pre>
If your system is 64 bit then these lines should be duplicated and the
arch=b32 replaced with arch=b64 as follows:

<html:pre xmlns:html="http://www.w3.org/1999/xhtml">-a always,exit -F arch=b64 -S chmod,fchmod,fchmodat -F auid&gt;=1000 -F auid!=unset -F key=perm_mod

    -a always,exit -F arch=b64 -S chown,fchown,fchownat,lchown -F auid&gt;=1000 -F auid!=unset -F key=perm_mod
    -a always,exit -F arch=b64 -S setxattr,lsetxattr,fsetxattr,removexattr,lremovexattr,fremovexattr -F auid&gt;=1000 -F auid!=unset -F key=perm_mod</html:pre>
      </description>
        <Rule id="xccdf_org.ssgproject.content_rule_audit_rules_dac_modification_chmod" selected="false" role="full" severity="medium">
          <title xmlns:xhtml="http://www.w3.org/1999/xhtml" xml:lang="en-US">Record Events that Modify the System's Discretionary Access Controls - chmod</title>
          <description xmlns:xhtml="http://www.w3.org/1999/xhtml" xml:lang="en-US">At a minimum, the audit system should collect file permission
changes for all users and root. If the <html:code xmlns:html="http://www.w3.org/1999/xhtml">auditd</html:code> daemon is configured to
use the <html:code xmlns:html="http://www.w3.org/1999/xhtml">augenrules</html:code> program to read audit rules during daemon startup
(the default), add the following line to a file with suffix <html:code xmlns:html="http://www.w3.org/1999/xhtml">.rules</html:code> in
the directory <html:code xmlns:html="http://www.w3.org/1999/xhtml">/etc/audit/rules.d</html:code>:
<html:pre xmlns:html="http://www.w3.org/1999/xhtml">-a always,exit -F arch=b32 -S chmod -F auid&gt;=1000 -F auid!=unset -F key=perm_mod</html:pre>
If the system is 64 bit then also add the following line:
<html:pre xmlns:html="http://www.w3.org/1999/xhtml">-a always,exit -F arch=b64 -S chmod -F auid&gt;=1000 -F auid!=unset -F key=perm_mod</html:pre>
If the <html:code xmlns:html="http://www.w3.org/1999/xhtml">auditd</html:code> daemon is configured to use the <html:code xmlns:html="http://www.w3.org/1999/xhtml">auditctl</html:code>
utility to read audit rules during daemon startup, add the following line to
<html:code xmlns:html="http://www.w3.org/1999/xhtml">/etc/audit/audit.rules</html:code> file:
<html:pre xmlns:html="http://www.w3.org/1999/xhtml">-a always,exit -F arch=b32 -S chmod -F auid&gt;=1000 -F auid!=unset -F key=perm_mod</html:pre>
If the system is 64 bit then also add the following line:
<html:pre xmlns:html="http://www.w3.org/1999/xhtml">-a always,exit -F arch=b64 -S chmod -F auid&gt;=1000 -F auid!=unset -F key=perm_mod</html:pre>
       </description>
          <warning xmlns:xhtml="http://www.w3.org/1999/xhtml" xml:lang="en-US" category="general">Note that these rules can be configured in a
number of ways while still achieving the desired effect.  Here the system calls
have been placed independent of other system calls.  Grouping these system
calls with others as identifying earlier in this guide is more efficient.</warning>
          <reference href="https://www.cisecurity.org/controls/">1</reference>
          <reference href="https://www.cisecurity.org/controls/">11</reference>
          <reference href="https://www.cisecurity.org/controls/">12</reference>
          <reference href="https://www.cisecurity.org/controls/">13</reference>
          <reference href="https://www.cisecurity.org/controls/">14</reference>
          <reference href="https://www.cisecurity.org/controls/">15</reference>
          <reference href="https://www.cisecurity.org/controls/">16</reference>
          <reference href="https://www.cisecurity.org/controls/">19</reference>
          <reference href="https://www.cisecurity.org/controls/">2</reference>
          <reference href="https://www.cisecurity.org/controls/">3</reference>
          <reference href="https://www.cisecurity.org/controls/">4</reference>
          <reference href="https://www.cisecurity.org/controls/">5</reference>
          <reference href="https://www.cisecurity.org/controls/">6</reference>
          <reference href="https://www.cisecurity.org/controls/">7</reference>
          <reference href="https://www.cisecurity.org/controls/">8</reference>
          <reference href="https://www.cisecurity.org/controls/">9</reference>
          <reference href="https://www.fbi.gov/file-repository/cjis-security-policy-v5_5_20160601-2-1.pdf">5.4.1.1</reference>
          <reference href="https://www.isaca.org/resources/cobit">APO10.01</reference>
          <reference href="https://www.isaca.org/resources/cobit">APO10.03</reference>
          <reference href="https://www.isaca.org/resources/cobit">APO10.04</reference>
          <reference href="https://www.isaca.org/resources/cobit">APO10.05</reference>
          <reference href="https://www.isaca.org/resources/cobit">APO11.04</reference>
          <reference href="https://www.isaca.org/resources/cobit">APO12.06</reference>
          <reference href="https://www.isaca.org/resources/cobit">APO13.01</reference>
          <reference href="https://www.isaca.org/resources/cobit">BAI03.05</reference>
          <reference href="https://www.isaca.org/resources/cobit">BAI08.02</reference>
          <reference href="https://www.isaca.org/resources/cobit">DSS01.03</reference>
          <reference href="https://www.isaca.org/resources/cobit">DSS01.04</reference>
          <reference href="https://www.isaca.org/resources/cobit">DSS02.02</reference>
          <reference href="https://www.isaca.org/resources/cobit">DSS02.04</reference>
          <reference href="https://www.isaca.org/resources/cobit">DSS02.07</reference>
          <reference href="https://www.isaca.org/resources/cobit">DSS03.01</reference>
          <reference href="https://www.isaca.org/resources/cobit">DSS03.05</reference>
          <reference href="https://www.isaca.org/resources/cobit">DSS05.02</reference>
          <reference href="https://www.isaca.org/resources/cobit">DSS05.03</reference>
          <reference href="https://www.isaca.org/resources/cobit">DSS05.04</reference>
          <reference href="https://www.isaca.org/resources/cobit">DSS05.05</reference>
          <reference href="https://www.isaca.org/resources/cobit">DSS05.07</reference>
          <reference href="https://www.isaca.org/resources/cobit">MEA01.01</reference>
          <reference href="https://www.isaca.org/resources/cobit">MEA01.02</reference>
          <reference href="https://www.isaca.org/resources/cobit">MEA01.03</reference>
          <reference href="https://www.isaca.org/resources/cobit">MEA01.04</reference>
          <reference href="https://www.isaca.org/resources/cobit">MEA01.05</reference>
          <reference href="https://www.isaca.org/resources/cobit">MEA02.01</reference>
          <reference href="http://nvlpubs.nist.gov/nistpubs/SpecialPublications/NIST.SP.800-171.pdf">3.1.7</reference>
          <reference href="https://www.gpo.gov/fdsys/pkg/CFR-2007-title45-vol1/pdf/CFR-2007-title45-vol1-chapA-subchapC.pdf">164.308(a)(1)(ii)(D)</reference>
          <reference href="https://www.gpo.gov/fdsys/pkg/CFR-2007-title45-vol1/pdf/CFR-2007-title45-vol1-chapA-subchapC.pdf">164.308(a)(3)(ii)(A)</reference>
          <reference href="https://www.gpo.gov/fdsys/pkg/CFR-2007-title45-vol1/pdf/CFR-2007-title45-vol1-chapA-subchapC.pdf">164.308(a)(5)(ii)(C)</reference>
          <reference href="https://www.gpo.gov/fdsys/pkg/CFR-2007-title45-vol1/pdf/CFR-2007-title45-vol1-chapA-subchapC.pdf">164.312(a)(2)(i)</reference>
          <reference href="https://www.gpo.gov/fdsys/pkg/CFR-2007-title45-vol1/pdf/CFR-2007-title45-vol1-chapA-subchapC.pdf">164.312(b)</reference>
          <reference href="https://www.gpo.gov/fdsys/pkg/CFR-2007-title45-vol1/pdf/CFR-2007-title45-vol1-chapA-subchapC.pdf">164.312(d)</reference>
          <reference href="https://www.gpo.gov/fdsys/pkg/CFR-2007-title45-vol1/pdf/CFR-2007-title45-vol1-chapA-subchapC.pdf">164.312(e)</reference>
          <reference href="https://www.isa.org/products/isa-62443-2-1-2009-security-for-industrial-automat">4.2.3.10</reference>
          <reference href="https://www.isa.org/products/isa-62443-2-1-2009-security-for-industrial-automat">4.3.2.6.7</reference>
          <reference href="https://www.isa.org/products/isa-62443-2-1-2009-security-for-industrial-automat">4.3.3.3.9</reference>
          <reference href="https://www.isa.org/products/isa-62443-2-1-2009-security-for-industrial-automat">4.3.3.5.8</reference>
          <reference href="https://www.isa.org/products/isa-62443-2-1-2009-security-for-industrial-automat">4.3.3.6.6</reference>
          <reference href="https://www.isa.org/products/isa-62443-2-1-2009-security-for-industrial-automat">4.3.4.4.7</reference>
          <reference href="https://www.isa.org/products/isa-62443-2-1-2009-security-for-industrial-automat">4.3.4.5.6</reference>
          <reference href="https://www.isa.org/products/isa-62443-2-1-2009-security-for-industrial-automat">4.3.4.5.7</reference>
          <reference href="https://www.isa.org/products/isa-62443-2-1-2009-security-for-industrial-automat">4.3.4.5.8</reference>
          <reference href="https://www.isa.org/products/isa-62443-2-1-2009-security-for-industrial-automat">4.4.2.1</reference>
          <reference href="https://www.isa.org/products/isa-62443-2-1-2009-security-for-industrial-automat">4.4.2.2</reference>
          <reference href="https://www.isa.org/products/isa-62443-2-1-2009-security-for-industrial-automat">4.4.2.4</reference>
          <reference href="https://www.isa.org/products/ansi-isa-62443-3-3-99-03-03-2013-security-for-indu">SR 1.13</reference>
          <reference href="https://www.isa.org/products/ansi-isa-62443-3-3-99-03-03-2013-security-for-indu">SR 2.10</reference>
          <reference href="https://www.isa.org/products/ansi-isa-62443-3-3-99-03-03-2013-security-for-indu">SR 2.11</reference>
          <reference href="https://www.isa.org/products/ansi-isa-62443-3-3-99-03-03-2013-security-for-indu">SR 2.12</reference>
          <reference href="https://www.isa.org/products/ansi-isa-62443-3-3-99-03-03-2013-security-for-indu">SR 2.6</reference>
          <reference href="https://www.isa.org/products/ansi-isa-62443-3-3-99-03-03-2013-security-for-indu">SR 2.8</reference>
          <reference href="https://www.isa.org/products/ansi-isa-62443-3-3-99-03-03-2013-security-for-indu">SR 2.9</reference>
          <reference href="https://www.isa.org/products/ansi-isa-62443-3-3-99-03-03-2013-security-for-indu">SR 3.1</reference>
          <reference href="https://www.isa.org/products/ansi-isa-62443-3-3-99-03-03-2013-security-for-indu">SR 3.5</reference>
          <reference href="https://www.isa.org/products/ansi-isa-62443-3-3-99-03-03-2013-security-for-indu">SR 3.8</reference>
          <reference href="https://www.isa.org/products/ansi-isa-62443-3-3-99-03-03-2013-security-for-indu">SR 4.1</reference>
          <reference href="https://www.isa.org/products/ansi-isa-62443-3-3-99-03-03-2013-security-for-indu">SR 4.3</reference>
          <reference href="https://www.isa.org/products/ansi-isa-62443-3-3-99-03-03-2013-security-for-indu">SR 5.1</reference>
          <reference href="https://www.isa.org/products/ansi-isa-62443-3-3-99-03-03-2013-security-for-indu">SR 5.2</reference>
          <reference href="https://www.isa.org/products/ansi-isa-62443-3-3-99-03-03-2013-security-for-indu">SR 5.3</reference>
          <reference href="https://www.isa.org/products/ansi-isa-62443-3-3-99-03-03-2013-security-for-indu">SR 6.1</reference>
          <reference href="https://www.isa.org/products/ansi-isa-62443-3-3-99-03-03-2013-security-for-indu">SR 6.2</reference>
          <reference href="https://www.isa.org/products/ansi-isa-62443-3-3-99-03-03-2013-security-for-indu">SR 7.1</reference>
          <reference href="https://www.isa.org/products/ansi-isa-62443-3-3-99-03-03-2013-security-for-indu">SR 7.6</reference>
          <reference href="https://www.iso.org/contents/data/standard/05/45/54534.html">A.11.2.6</reference>
          <reference href="https://www.iso.org/contents/data/standard/05/45/54534.html">A.12.4.1</reference>
          <reference href="https://www.iso.org/contents/data/standard/05/45/54534.html">A.12.4.2</reference>
          <reference href="https://www.iso.org/contents/data/standard/05/45/54534.html">A.12.4.3</reference>
          <reference href="https://www.iso.org/contents/data/standard/05/45/54534.html">A.12.4.4</reference>
          <reference href="https://www.iso.org/contents/data/standard/05/45/54534.html">A.12.7.1</reference>
          <reference href="https://www.iso.org/contents/data/standard/05/45/54534.html">A.13.1.1</reference>
          <reference href="https://www.iso.org/contents/data/standard/05/45/54534.html">A.13.2.1</reference>
          <reference href="https://www.iso.org/contents/data/standard/05/45/54534.html">A.14.1.3</reference>
          <reference href="https://www.iso.org/contents/data/standard/05/45/54534.html">A.14.2.7</reference>
          <reference href="https://www.iso.org/contents/data/standard/05/45/54534.html">A.15.2.1</reference>
          <reference href="https://www.iso.org/contents/data/standard/05/45/54534.html">A.15.2.2</reference>
          <reference href="https://www.iso.org/contents/data/standard/05/45/54534.html">A.16.1.4</reference>
          <reference href="https://www.iso.org/contents/data/standard/05/45/54534.html">A.16.1.5</reference>
          <reference href="https://www.iso.org/contents/data/standard/05/45/54534.html">A.16.1.7</reference>
          <reference href="https://www.iso.org/contents/data/standard/05/45/54534.html">A.6.2.1</reference>
          <reference href="https://www.iso.org/contents/data/standard/05/45/54534.html">A.6.2.2</reference>
          <reference href="http://nvlpubs.nist.gov/nistpubs/SpecialPublications/NIST.SP.800-53r4.pdf">AU-3</reference>
          <reference href="http://nvlpubs.nist.gov/nistpubs/SpecialPublications/NIST.SP.800-53r4.pdf">AU-3.1</reference>
          <reference href="http://nvlpubs.nist.gov/nistpubs/SpecialPublications/NIST.SP.800-53r4.pdf">AU-12(c)</reference>
          <reference href="http://nvlpubs.nist.gov/nistpubs/SpecialPublications/NIST.SP.800-53r4.pdf">AU-12.1(iv)</reference>
          <reference href="http://nvlpubs.nist.gov/nistpubs/SpecialPublications/NIST.SP.800-53r4.pdf">AU-12(a)</reference>
          <reference href="http://nvlpubs.nist.gov/nistpubs/SpecialPublications/NIST.SP.800-53r4.pdf">AU-12.1(ii)</reference>
          <reference href="http://nvlpubs.nist.gov/nistpubs/SpecialPublications/NIST.SP.800-53r4.pdf">MA-4(1)(a)</reference>
          <reference href="https://nvlpubs.nist.gov/nistpubs/CSWP/NIST.CSWP.04162018.pdf">DE.AE-3</reference>
          <reference href="https://nvlpubs.nist.gov/nistpubs/CSWP/NIST.CSWP.04162018.pdf">DE.AE-5</reference>
          <reference href="https://nvlpubs.nist.gov/nistpubs/CSWP/NIST.CSWP.04162018.pdf">DE.CM-1</reference>
          <reference href="https://nvlpubs.nist.gov/nistpubs/CSWP/NIST.CSWP.04162018.pdf">DE.CM-3</reference>
          <reference href="https://nvlpubs.nist.gov/nistpubs/CSWP/NIST.CSWP.04162018.pdf">DE.CM-7</reference>
          <reference href="https://nvlpubs.nist.gov/nistpubs/CSWP/NIST.CSWP.04162018.pdf">ID.SC-4</reference>
          <reference href="https://nvlpubs.nist.gov/nistpubs/CSWP/NIST.CSWP.04162018.pdf">PR.AC-3</reference>
          <reference href="https://nvlpubs.nist.gov/nistpubs/CSWP/NIST.CSWP.04162018.pdf">PR.PT-1</reference>
          <reference href="https://nvlpubs.nist.gov/nistpubs/CSWP/NIST.CSWP.04162018.pdf">PR.PT-4</reference>
          <reference href="https://nvlpubs.nist.gov/nistpubs/CSWP/NIST.CSWP.04162018.pdf">RS.AN-1</reference>
          <reference href="https://nvlpubs.nist.gov/nistpubs/CSWP/NIST.CSWP.04162018.pdf">RS.AN-4</reference>
          <reference href="https://www.pcisecuritystandards.org/documents/PCI_DSS_v3-2-1.pdf">Req-10.5.5</reference>
          <reference href="https://www.cyber.mil/stigs/downloads/?_dl_facet_stigs=operating-systems%2Cgeneral-purpose-os">SRG-OS-000037-GPOS-00015</reference>
          <reference href="https://www.cyber.mil/stigs/downloads/?_dl_facet_stigs=operating-systems%2Cgeneral-purpose-os">SRG-OS-000042-GPOS-00020</reference>
          <reference href="https://www.cyber.mil/stigs/downloads/?_dl_facet_stigs=operating-systems%2Cgeneral-purpose-os">SRG-OS-000062-GPOS-00031</reference>
          <reference href="https://www.cyber.mil/stigs/downloads/?_dl_facet_stigs=operating-systems%2Cgeneral-purpose-os">SRG-OS-000392-GPOS-00172</reference>
          <reference href="https://www.cyber.mil/stigs/downloads/?_dl_facet_stigs=operating-systems%2Cgeneral-purpose-os">SRG-OS-000462-GPOS-00206</reference>
          <reference href="https://www.cyber.mil/stigs/downloads/?_dl_facet_stigs=operating-systems%2Cgeneral-purpose-os">SRG-OS-000471-GPOS-00215</reference>
          <reference href="https://www.cyber.mil/stigs/downloads/?_dl_facet_stigs=operating-systems%2Cgeneral-purpose-os">SRG-OS-000064-GPOS-00033</reference>
          <reference href="https://www.cyber.mil/stigs/downloads/?_dl_facet_stigs=operating-systems%2Cgeneral-purpose-os">SRG-OS-000466-GPOS-00210</reference>
          <reference href="https://www.cyber.mil/stigs/downloads/?_dl_facet_stigs=operating-systems%2Cgeneral-purpose-os">SRG-OS-000458-GPOS-00203</reference>
          <reference href="https://www.cyber.mil/stigs/downloads/?_dl_facet_stigs=app-security">SRG-APP-000091-CTR-000160</reference>
          <reference href="https://www.cyber.mil/stigs/downloads/?_dl_facet_stigs=app-security">SRG-APP-000492-CTR-001220</reference>
          <reference href="https://www.cyber.mil/stigs/downloads/?_dl_facet_stigs=app-security">SRG-APP-000493-CTR-001225</reference>
          <reference href="https://www.cyber.mil/stigs/downloads/?_dl_facet_stigs=app-security">SRG-APP-000494-CTR-001230</reference>
          <reference href="https://www.cyber.mil/stigs/downloads/?_dl_facet_stigs=app-security">SRG-APP-000500-CTR-001260</reference>
          <reference href="https://www.cyber.mil/stigs/downloads/?_dl_facet_stigs=app-security">SRG-APP-000507-CTR-001295</reference>
          <reference href="https://www.cyber.mil/stigs/downloads/?_dl_facet_stigs=app-security">SRG-APP-000495-CTR-001235</reference>
          <reference href="https://www.cyber.mil/stigs/downloads/?_dl_facet_stigs=app-security">SRG-APP-000499-CTR-001255</reference>
          <reference href="https://www.cyber.mil/stigs/downloads/?_dl_facet_stigs=operating-systems%2Cunix-linux">SLES-15-030290</reference>
          <reference href="https://www.cisecurity.org/benchmark/suse_linux/">4.1.9</reference>
          <reference href="https://cyber.gouv.fr/sites/default/files/document/linux_configuration-en-v2.pdf">R73</reference>
          <reference href="not_publicly_available">SLES-15-750450255</reference>
          <reference href="https://www.cyber.gov.au/acsc/view-all-content/ism">0582</reference>
          <reference href="https://docs-prv.pcisecuritystandards.org/PCI%20DSS/Standard/PCI-DSS-v4_0.pdf">10.3.4</reference>
          <reference href="https://docs-prv.pcisecuritystandards.org/PCI%20DSS/Standard/PCI-DSS-v4_0.pdf">10.3</reference>
          <reference href="https://www.cyber.mil/stigs/srg-stig-tools/">SV-234928r958412_rule</reference>
          <rationale xmlns:xhtml="http://www.w3.org/1999/xhtml" xml:lang="en-US">The changing of file permissions could indicate that a user is attempting to
gain access to information that would otherwise be disallowed. Auditing DAC modifications
can facilitate the identification of patterns of abuse among both authorized and
unauthorized users.</rationale>
          <platform idref="#not_aarch64_arch"/>
          <ident system="https://ncp.nist.gov/cce">CCE-85693-0</ident>
          <fix xmlns:xhtml="http://www.w3.org/1999/xhtml" id="audit_rules_dac_modification_chmod" system="urn:xccdf:fix:script:sh"># Remediation is applicable only in certain platforms
if rpm --quiet -q audit &amp;&amp; rpm --quiet -q kernel-default || rpm --quiet -q kernel-default-base &amp;&amp; { ! ( ( grep -sqE "^.*\.aarch64$" /proc/sys/kernel/osrelease || grep -sqE "^aarch64$" /proc/sys/kernel/arch; ) ); }; then

# First perform the remediation of the syscall rule
# Retrieve hardware architecture of the underlying system
[ "$(getconf LONG_BIT)" = "32" ] &amp;&amp; RULE_ARCHS=("b32") || RULE_ARCHS=("b32" "b64")

for ARCH in "${RULE_ARCHS[@]}"
do
	ACTION_ARCH_FILTERS="-a always,exit -F arch=$ARCH"
	OTHER_FILTERS=""
	AUID_FILTERS="-F auid&gt;=1000 -F auid!=unset"
	SYSCALL="chmod"
	KEY="perm_mod"
	SYSCALL_GROUPING="chmod fchmod fchmodat"

	# Perform the remediation for both possible tools: 'auditctl' and 'augenrules'
	unset syscall_a
unset syscall_grouping
unset syscall_string
unset syscall
unset file_to_edit
unset rule_to_edit
unset rule_syscalls_to_edit
unset other_string
unset auid_string
unset full_rule

# Load macro arguments into arrays
read -a syscall_a &lt;&lt;&lt; $SYSCALL
read -a syscall_grouping &lt;&lt;&lt; $SYSCALL_GROUPING

# Create a list of audit *.rules files that should be inspected for presence and correctness
# of a particular audit rule. The scheme is as follows:
#
# -----------------------------------------------------------------------------------------
#  Tool used to load audit rules | Rule already defined  |  Audit rules file to inspect    |
# -----------------------------------------------------------------------------------------
#        auditctl                |     Doesn't matter    |  /etc/audit/audit.rules         |
# -----------------------------------------------------------------------------------------
#        augenrules              |          Yes          |  /etc/audit/rules.d/*.rules     |
#        augenrules              |          No           |  /etc/audit/rules.d/$key.rules  |
# -----------------------------------------------------------------------------------------
#
files_to_inspect=()

# If audit tool is 'augenrules', then check if the audit rule is defined
# If rule is defined, add '/etc/audit/rules.d/*.rules' to the list for inspection
# If rule isn't defined yet, add '/etc/audit/rules.d/$key.rules' to the list for inspection
default_file="/etc/audit/rules.d/$KEY.rules"
# As other_filters may include paths, lets use a different delimiter for it
# The "F" script expression tells sed to print the filenames where the expressions matched
readarray -t files_to_inspect &lt; &lt;(sed -s -n -e "/^$ACTION_ARCH_FILTERS/!d" -e "\#$OTHER_FILTERS#!d" -e "/$AUID_FILTERS/!d" -e "F" /etc/audit/rules.d/*.rules)
# Case when particular rule isn't defined in /etc/audit/rules.d/*.rules yet
if [ ${#files_to_inspect[@]} -eq "0" ]
then
    file_to_inspect="/etc/audit/rules.d/$KEY.rules"
    files_to_inspect=("$file_to_inspect")
    if [ ! -e "$file_to_inspect" ]
    then
        touch "$file_to_inspect"
        chmod 0600 "$file_to_inspect"
    fi
fi

# After converting to jinja, we cannot return; therefore we skip the rest of the macro if needed instead
skip=1

for audit_file in "${files_to_inspect[@]}"
do
    # Filter existing $audit_file rules' definitions to select those that satisfy the rule pattern,
    # i.e, collect rules that match:
    # * the action, list and arch, (2-nd argument)
    # * the other filters, (3-rd argument)
    # * the auid filters, (4-rd argument)
    readarray -t similar_rules &lt; &lt;(sed -e "/^$ACTION_ARCH_FILTERS/!d"  -e "\#$OTHER_FILTERS#!d" -e "/$AUID_FILTERS/!d" "$audit_file")

    candidate_rules=()
    # Filter out rules that have more fields then required. This will remove rules more specific than the required scope
    for s_rule in "${similar_rules[@]}"
    do
        # Strip all the options and fields we know of,
        # than check if there was any field left over
        extra_fields=$(sed -E -e "s/^$ACTION_ARCH_FILTERS//"  -e "s#$OTHER_FILTERS##" -e "s/$AUID_FILTERS//" -e "s/((:?-S [[:alnum:],]+)+)//g" -e "s/-F key=\w+|-k \w+//"&lt;&lt;&lt; "$s_rule")
        grep -q -- "-F" &lt;&lt;&lt; "$extra_fields" || candidate_rules+=("$s_rule")
    done

    if [[ ${#syscall_a[@]} -ge 1 ]]
    then
        # Check if the syscall we want is present in any of the similar existing rules
        for rule in "${candidate_rules[@]}"
        do
            rule_syscalls=$(echo "$rule" | grep -o -P '(-S [\w,]+)+' | xargs)
            all_syscalls_found=0
            for syscall in "${syscall_a[@]}"
            do
                grep -q -- "\b${syscall}\b" &lt;&lt;&lt; "$rule_syscalls" || {
                   # A syscall was not found in the candidate rule
                   all_syscalls_found=1
                   }
            done
            if [[ $all_syscalls_found -eq 0 ]]
            then
                # We found a rule with all the syscall(s) we want; skip rest of macro
                skip=0
                break
            fi

            # Check if this rule can be grouped with our target syscall and keep track of it
            for syscall_g in "${syscall_grouping[@]}"
            do
                if grep -q -- "\b${syscall_g}\b" &lt;&lt;&lt; "$rule_syscalls"
                then
                    file_to_edit=${audit_file}
                    rule_to_edit=${rule}
                    rule_syscalls_to_edit=${rule_syscalls}
                fi
            done
        done
    else
        # If there is any candidate rule, it is compliant; skip rest of macro
        if [ "${#candidate_rules[@]}" -gt 0 ]
        then
            skip=0
        fi
    fi

    if [ "$skip" -eq 0 ]; then
        break
    fi
done

if [ "$skip" -ne 0 ]; then
    # We checked all rules that matched the expected resemblance pattern (action, arch &amp; auid)
    # At this point we know if we need to either append the $full_rule or group
    # the syscall together with an exsiting rule

    # Append the full_rule if it cannot be grouped to any other rule
    if [ -z ${rule_to_edit+x} ]
    then
        # Build full_rule while avoid adding double spaces when other_filters is empty
        if [ "${#syscall_a[@]}" -gt 0 ]
        then
            syscall_string=""
            for syscall in "${syscall_a[@]}"
            do
                syscall_string+=" -S $syscall"
            done
        fi
        other_string=$([[ $OTHER_FILTERS ]] &amp;&amp; echo " $OTHER_FILTERS") || /bin/true
        auid_string=$([[ $AUID_FILTERS ]] &amp;&amp; echo " $AUID_FILTERS") || /bin/true
        full_rule="$ACTION_ARCH_FILTERS${syscall_string}${other_string}${auid_string} -F key=$KEY" || /bin/true
        echo "$full_rule" &gt;&gt; "$default_file"
        chmod 0600 ${default_file}
    else
        # Check if the syscalls are declared as a comma separated list or
        # as multiple -S parameters
        if grep -q -- "," &lt;&lt;&lt; "${rule_syscalls_to_edit}"
        then
            delimiter=","
        else
            delimiter=" -S "
        fi
        new_grouped_syscalls="${rule_syscalls_to_edit}"
        for syscall in "${syscall_a[@]}"
        do
            grep -q -- "\b${syscall}\b" &lt;&lt;&lt; "${rule_syscalls_to_edit}" || {
               # A syscall was not found in the candidate rule
               new_grouped_syscalls+="${delimiter}${syscall}"
               }
        done

        # Group the syscall in the rule
        sed -i -e "\#${rule_to_edit}#s#${rule_syscalls_to_edit}#${new_grouped_syscalls}#" "$file_to_edit"
    fi
fi
	unset syscall_a
unset syscall_grouping
unset syscall_string
unset syscall
unset file_to_edit
unset rule_to_edit
unset rule_syscalls_to_edit
unset other_string
unset auid_string
unset full_rule

# Load macro arguments into arrays
read -a syscall_a &lt;&lt;&lt; $SYSCALL
read -a syscall_grouping &lt;&lt;&lt; $SYSCALL_GROUPING

# Create a list of audit *.rules files that should be inspected for presence and correctness
# of a particular audit rule. The scheme is as follows:
#
# -----------------------------------------------------------------------------------------
#  Tool used to load audit rules | Rule already defined  |  Audit rules file to inspect    |
# -----------------------------------------------------------------------------------------
#        auditctl                |     Doesn't matter    |  /etc/audit/audit.rules         |
# -----------------------------------------------------------------------------------------
#        augenrules              |          Yes          |  /etc/audit/rules.d/*.rules     |
#        augenrules              |          No           |  /etc/audit/rules.d/$key.rules  |
# -----------------------------------------------------------------------------------------
#
files_to_inspect=()


# If audit tool is 'auditctl', then add '/etc/audit/audit.rules'
# file to the list of files to be inspected
default_file="/etc/audit/audit.rules"
files_to_inspect+=('/etc/audit/audit.rules' )

# After converting to jinja, we cannot return; therefore we skip the rest of the macro if needed instead
skip=1

for audit_file in "${files_to_inspect[@]}"
do
    # Filter existing $audit_file rules' definitions to select those that satisfy the rule pattern,
    # i.e, collect rules that match:
    # * the action, list and arch, (2-nd argument)
    # * the other filters, (3-rd argument)
    # * the auid filters, (4-rd argument)
    readarray -t similar_rules &lt; &lt;(sed -e "/^$ACTION_ARCH_FILTERS/!d"  -e "\#$OTHER_FILTERS#!d" -e "/$AUID_FILTERS/!d" "$audit_file")

    candidate_rules=()
    # Filter out rules that have more fields then required. This will remove rules more specific than the required scope
    for s_rule in "${similar_rules[@]}"
    do
        # Strip all the options and fields we know of,
        # than check if there was any field left over
        extra_fields=$(sed -E -e "s/^$ACTION_ARCH_FILTERS//"  -e "s#$OTHER_FILTERS##" -e "s/$AUID_FILTERS//" -e "s/((:?-S [[:alnum:],]+)+)//g" -e "s/-F key=\w+|-k \w+//"&lt;&lt;&lt; "$s_rule")
        grep -q -- "-F" &lt;&lt;&lt; "$extra_fields" || candidate_rules+=("$s_rule")
    done

    if [[ ${#syscall_a[@]} -ge 1 ]]
    then
        # Check if the syscall we want is present in any of the similar existing rules
        for rule in "${candidate_rules[@]}"
        do
            rule_syscalls=$(echo "$rule" | grep -o -P '(-S [\w,]+)+' | xargs)
            all_syscalls_found=0
            for syscall in "${syscall_a[@]}"
            do
                grep -q -- "\b${syscall}\b" &lt;&lt;&lt; "$rule_syscalls" || {
                   # A syscall was not found in the candidate rule
                   all_syscalls_found=1
                   }
            done
            if [[ $all_syscalls_found -eq 0 ]]
            then
                # We found a rule with all the syscall(s) we want; skip rest of macro
                skip=0
                break
            fi

            # Check if this rule can be grouped with our target syscall and keep track of it
            for syscall_g in "${syscall_grouping[@]}"
            do
                if grep -q -- "\b${syscall_g}\b" &lt;&lt;&lt; "$rule_syscalls"
                then
                    file_to_edit=${audit_file}
                    rule_to_edit=${rule}
                    rule_syscalls_to_edit=${rule_syscalls}
                fi
            done
        done
    else
        # If there is any candidate rule, it is compliant; skip rest of macro
        if [ "${#candidate_rules[@]}" -gt 0 ]
        then
            skip=0
        fi
    fi

    if [ "$skip" -eq 0 ]; then
        break
    fi
done

if [ "$skip" -ne 0 ]; then
    # We checked all rules that matched the expected resemblance pattern (action, arch &amp; auid)
    # At this point we know if we need to either append the $full_rule or group
    # the syscall together with an exsiting rule

    # Append the full_rule if it cannot be grouped to any other rule
    if [ -z ${rule_to_edit+x} ]
    then
        # Build full_rule while avoid adding double spaces when other_filters is empty
        if [ "${#syscall_a[@]}" -gt 0 ]
        then
            syscall_string=""
            for syscall in "${syscall_a[@]}"
            do
                syscall_string+=" -S $syscall"
            done
        fi
        other_string=$([[ $OTHER_FILTERS ]] &amp;&amp; echo " $OTHER_FILTERS") || /bin/true
        auid_string=$([[ $AUID_FILTERS ]] &amp;&amp; echo " $AUID_FILTERS") || /bin/true
        full_rule="$ACTION_ARCH_FILTERS${syscall_string}${other_string}${auid_string} -F key=$KEY" || /bin/true
        echo "$full_rule" &gt;&gt; "$default_file"
        chmod 0600 ${default_file}
    else
        # Check if the syscalls are declared as a comma separated list or
        # as multiple -S parameters
        if grep -q -- "," &lt;&lt;&lt; "${rule_syscalls_to_edit}"
        then
            delimiter=","
        else
            delimiter=" -S "
        fi
        new_grouped_syscalls="${rule_syscalls_to_edit}"
        for syscall in "${syscall_a[@]}"
        do
            grep -q -- "\b${syscall}\b" &lt;&lt;&lt; "${rule_syscalls_to_edit}" || {
               # A syscall was not found in the candidate rule
               new_grouped_syscalls+="${delimiter}${syscall}"
               }
        done

        # Group the syscall in the rule
        sed -i -e "\#${rule_to_edit}#s#${rule_syscalls_to_edit}#${new_grouped_syscalls}#" "$file_to_edit"
    fi
fi
done

else
    &gt;&amp;2 echo 'Remediation is not applicable, nothing was done'
fi
</fix>
          <fix xmlns:xhtml="http://www.w3.org/1999/xhtml" id="audit_rules_dac_modification_chmod" system="urn:xccdf:fix:script:ansible" reboot="true" complexity="low" disruption="low" strategy="restrict">- name: Gather the package facts
  package_facts:
    manager: auto
  tags:
  - CCE-85693-0
  - CJIS-5.4.1.1
  - DISA-STIG-SLES-15-030290
  - NIST-800-171-3.1.7
  - NIST-800-53-AU-12(a)
  - NIST-800-53-AU-12(c)
  - NIST-800-53-AU-12.1(ii)
  - NIST-800-53-AU-12.1(iv)
  - NIST-800-53-AU-3
  - NIST-800-53-AU-3.1
  - NIST-800-53-MA-4(1)(a)
  - PCI-DSS-Req-10.5.5
  - PCI-DSSv4-10.3
  - PCI-DSSv4-10.3.4
  - audit_rules_dac_modification_chmod
  - low_complexity
  - low_disruption
  - medium_severity
  - reboot_required
  - restrict_strategy

- name: Set architecture for audit chmod tasks
  ansible.builtin.set_fact:
    audit_arch: b64
  when:
  - '"audit" in ansible_facts.packages'
  - ("kernel-default" in ansible_facts.packages or "kernel-default-base" in ansible_facts.packages)
  - not ( ansible_architecture == "aarch64" )
  - ansible_architecture == "aarch64" or ansible_architecture == "ppc64" or ansible_architecture
    == "ppc64le" or ansible_architecture == "s390x" or ansible_architecture == "x86_64"
  tags:
  - CCE-85693-0
  - CJIS-5.4.1.1
  - DISA-STIG-SLES-15-030290
  - NIST-800-171-3.1.7
  - NIST-800-53-AU-12(a)
  - NIST-800-53-AU-12(c)
  - NIST-800-53-AU-12.1(ii)
  - NIST-800-53-AU-12.1(iv)
  - NIST-800-53-AU-3
  - NIST-800-53-AU-3.1
  - NIST-800-53-MA-4(1)(a)
  - PCI-DSS-Req-10.5.5
  - PCI-DSSv4-10.3
  - PCI-DSSv4-10.3.4
  - audit_rules_dac_modification_chmod
  - low_complexity
  - low_disruption
  - medium_severity
  - reboot_required
  - restrict_strategy

- name: Perform remediation of Audit rules for chmod for 32bit platform
  block:

  - name: Declare list of syscalls
    ansible.builtin.set_fact:
      syscalls:
      - chmod
      syscall_grouping:
      - chmod
      - fchmod
      - fchmodat

  - name: Check existence of chmod in /etc/audit/rules.d/
    ansible.builtin.find:
      paths: /etc/audit/rules.d
      contains: -a always,exit -F arch=b32(( -S |,)\w+)*(( -S |,){{ item }})+(( -S
        |,)\w+)* -F auid&gt;=1000 -F auid!=unset (-k\s+|-F\s+key=)\S+\s*$
      patterns: '*.rules'
    register: find_command
    loop: '{{ (syscall_grouping + syscalls) | unique }}'

  - name: Reset syscalls found per file
    ansible.builtin.set_fact:
      syscalls_per_file: {}
      found_paths_dict: {}

  - name: Declare syscalls found per file
    ansible.builtin.set_fact: syscalls_per_file="{{ syscalls_per_file | combine( {item.files[0].path
      :[item.item] + syscalls_per_file.get(item.files[0].path, []) } ) }}"
    loop: '{{ find_command.results | selectattr(''matched'') | list }}'

  - name: Declare files where syscalls were found
    ansible.builtin.set_fact: found_paths="{{ find_command.results | map(attribute='files')
      | flatten | map(attribute='path') | list }}"

  - name: Count occurrences of syscalls in paths
    ansible.builtin.set_fact: found_paths_dict="{{ found_paths_dict | combine({ item:1+found_paths_dict.get(item,
      0) }) }}"
    loop: '{{ find_command.results | map(attribute=''files'') | flatten | map(attribute=''path'')
      | list }}'

  - name: Get path with most syscalls
    ansible.builtin.set_fact: audit_file="{{ (found_paths_dict | dict2items() | sort(attribute='value')
      | last).key }}"
    when: found_paths | length &gt;= 1

  - name: No file with syscall found, set path to /etc/audit/rules.d/perm_mod.rules
    ansible.builtin.set_fact: audit_file="/etc/audit/rules.d/perm_mod.rules"
    when: found_paths | length == 0

  - name: Declare found syscalls
    ansible.builtin.set_fact: syscalls_found="{{ find_command.results | selectattr('matched')
      | map(attribute='item') | list }}"

  - name: Declare missing syscalls
    ansible.builtin.set_fact: missing_syscalls="{{ syscalls | difference(syscalls_found)
      }}"

  - name: Replace the audit rule in {{ audit_file }}
    ansible.builtin.lineinfile:
      path: '{{ audit_file }}'
      regexp: (-a always,exit -F arch=b32)(?=.*(?:(?:-S |,)(?:{{ syscalls_per_file[audit_file]
        | join("|") }}))\b)((?:( -S |,)\w+)+)( -F auid&gt;=1000 -F auid!=unset (?:-k
        |-F key=)\w+)
      line: \1\2\3{{ missing_syscalls | join("\3") }}\4
      backrefs: true
      state: present
      mode: g-rwx,o-rwx
    when: syscalls_found | length &gt; 0 and missing_syscalls | length &gt; 0

  - name: Add the audit rule to {{ audit_file }}
    ansible.builtin.lineinfile:
      path: '{{ audit_file }}'
      line: -a always,exit -F arch=b32 -S {{ syscalls | join(',') }} -F auid&gt;=1000
        -F auid!=unset -F key=perm_mod
      create: true
      mode: g-rwx,o-rwx
      state: present
    when: syscalls_found | length == 0

  - name: Declare list of syscalls
    ansible.builtin.set_fact:
      syscalls:
      - chmod
      syscall_grouping:
      - chmod
      - fchmod
      - fchmodat

  - name: Check existence of chmod in /etc/audit/audit.rules
    ansible.builtin.find:
      paths: /etc/audit
      contains: -a always,exit -F arch=b32(( -S |,)\w+)*(( -S |,){{ item }})+(( -S
        |,)\w+)* -F auid&gt;=1000 -F auid!=unset (-k\s+|-F\s+key=)\S+\s*$
      patterns: audit.rules
    register: find_command
    loop: '{{ (syscall_grouping + syscalls) | unique }}'

  - name: Set path to /etc/audit/audit.rules
    ansible.builtin.set_fact: audit_file="/etc/audit/audit.rules"

  - name: Declare found syscalls
    ansible.builtin.set_fact: syscalls_found="{{ find_command.results | selectattr('matched')
      | map(attribute='item') | list }}"

  - name: Declare missing syscalls
    ansible.builtin.set_fact: missing_syscalls="{{ syscalls | difference(syscalls_found)
      }}"

  - name: Replace the audit rule in {{ audit_file }}
    ansible.builtin.lineinfile:
      path: '{{ audit_file }}'
      regexp: (-a always,exit -F arch=b32)(?=.*(?:(?:-S |,)(?:{{ syscalls_found |
        join("|") }}))\b)((?:( -S |,)\w+)+)( -F auid&gt;=1000 -F auid!=unset (?:-k |-F
        key=)\w+)
      line: \1\2\3{{ missing_syscalls | join("\3") }}\4
      backrefs: true
      state: present
      mode: g-rwx,o-rwx
    when: syscalls_found | length &gt; 0 and missing_syscalls | length &gt; 0

  - name: Add the audit rule to {{ audit_file }}
    ansible.builtin.lineinfile:
      path: '{{ audit_file }}'
      line: -a always,exit -F arch=b32 -S {{ syscalls | join(',') }} -F auid&gt;=1000
        -F auid!=unset -F key=perm_mod
      create: true
      mode: g-rwx,o-rwx
      state: present
    when: syscalls_found | length == 0
  when:
  - '"audit" in ansible_facts.packages'
  - ("kernel-default" in ansible_facts.packages or "kernel-default-base" in ansible_facts.packages)
  - not ( ansible_architecture == "aarch64" )
  tags:
  - CCE-85693-0
  - CJIS-5.4.1.1
  - DISA-STIG-SLES-15-030290
  - NIST-800-171-3.1.7
  - NIST-800-53-AU-12(a)
  - NIST-800-53-AU-12(c)
  - NIST-800-53-AU-12.1(ii)
  - NIST-800-53-AU-12.1(iv)
  - NIST-800-53-AU-3
  - NIST-800-53-AU-3.1
  - NIST-800-53-MA-4(1)(a)
  - PCI-DSS-Req-10.5.5
  - PCI-DSSv4-10.3
  - PCI-DSSv4-10.3.4
  - audit_rules_dac_modification_chmod
  - low_complexity
  - low_disruption
  - medium_severity
  - reboot_required
  - restrict_strategy

- name: Perform remediation of Audit rules for chmod for 64bit platform
  block:

  - name: Declare list of syscalls
    ansible.builtin.set_fact:
      syscalls:
      - chmod
      syscall_grouping:
      - chmod
      - fchmod
      - fchmodat

  - name: Check existence of chmod in /etc/audit/rules.d/
    ansible.builtin.find:
      paths: /etc/audit/rules.d
      contains: -a always,exit -F arch=b64(( -S |,)\w+)*(( -S |,){{ item }})+(( -S
        |,)\w+)* -F auid&gt;=1000 -F auid!=unset (-k\s+|-F\s+key=)\S+\s*$
      patterns: '*.rules'
    register: find_command
    loop: '{{ (syscall_grouping + syscalls) | unique }}'

  - name: Reset syscalls found per file
    ansible.builtin.set_fact:
      syscalls_per_file: {}
      found_paths_dict: {}

  - name: Declare syscalls found per file
    ansible.builtin.set_fact: syscalls_per_file="{{ syscalls_per_file | combine( {item.files[0].path
      :[item.item] + syscalls_per_file.get(item.files[0].path, []) } ) }}"
    loop: '{{ find_command.results | selectattr(''matched'') | list }}'

  - name: Declare files where syscalls were found
    ansible.builtin.set_fact: found_paths="{{ find_command.results | map(attribute='files')
      | flatten | map(attribute='path') | list }}"

  - name: Count occurrences of syscalls in paths
    ansible.builtin.set_fact: found_paths_dict="{{ found_paths_dict | combine({ item:1+found_paths_dict.get(item,
      0) }) }}"
    loop: '{{ find_command.results | map(attribute=''files'') | flatten | map(attribute=''path'')
      | list }}'

  - name: Get path with most syscalls
    ansible.builtin.set_fact: audit_file="{{ (found_paths_dict | dict2items() | sort(attribute='value')
      | last).key }}"
    when: found_paths | length &gt;= 1

  - name: No file with syscall found, set path to /etc/audit/rules.d/perm_mod.rules
    ansible.builtin.set_fact: audit_file="/etc/audit/rules.d/perm_mod.rules"
    when: found_paths | length == 0

  - name: Declare found syscalls
    ansible.builtin.set_fact: syscalls_found="{{ find_command.results | selectattr('matched')
      | map(attribute='item') | list }}"

  - name: Declare missing syscalls
    ansible.builtin.set_fact: missing_syscalls="{{ syscalls | difference(syscalls_found)
      }}"

  - name: Replace the audit rule in {{ audit_file }}
    ansible.builtin.lineinfile:
      path: '{{ audit_file }}'
      regexp: (-a always,exit -F arch=b64)(?=.*(?:(?:-S |,)(?:{{ syscalls_per_file[audit_file]
        | join("|") }}))\b)((?:( -S |,)\w+)+)( -F auid&gt;=1000 -F auid!=unset (?:-k
        |-F key=)\w+)
      line: \1\2\3{{ missing_syscalls | join("\3") }}\4
      backrefs: true
      state: present
      mode: g-rwx,o-rwx
    when: syscalls_found | length &gt; 0 and missing_syscalls | length &gt; 0

  - name: Add the audit rule to {{ audit_file }}
    ansible.builtin.lineinfile:
      path: '{{ audit_file }}'
      line: -a always,exit -F arch=b64 -S {{ syscalls | join(',') }} -F auid&gt;=1000
        -F auid!=unset -F key=perm_mod
      create: true
      mode: g-rwx,o-rwx
      state: present
    when: syscalls_found | length == 0

  - name: Declare list of syscalls
    ansible.builtin.set_fact:
      syscalls:
      - chmod
      syscall_grouping:
      - chmod
      - fchmod
      - fchmodat

  - name: Check existence of chmod in /etc/audit/audit.rules
    ansible.builtin.find:
      paths: /etc/audit
      contains: -a always,exit -F arch=b64(( -S |,)\w+)*(( -S |,){{ item }})+(( -S
        |,)\w+)* -F auid&gt;=1000 -F auid!=unset (-k\s+|-F\s+key=)\S+\s*$
      patterns: audit.rules
    register: find_command
    loop: '{{ (syscall_grouping + syscalls) | unique }}'

  - name: Set path to /etc/audit/audit.rules
    ansible.builtin.set_fact: audit_file="/etc/audit/audit.rules"

  - name: Declare found syscalls
    ansible.builtin.set_fact: syscalls_found="{{ find_command.results | selectattr('matched')
      | map(attribute='item') | list }}"

  - name: Declare missing syscalls
    ansible.builtin.set_fact: missing_syscalls="{{ syscalls | difference(syscalls_found)
      }}"

  - name: Replace the audit rule in {{ audit_file }}
    ansible.builtin.lineinfile:
      path: '{{ audit_file }}'
      regexp: (-a always,exit -F arch=b64)(?=.*(?:(?:-S |,)(?:{{ syscalls_found |
        join("|") }}))\b)((?:( -S |,)\w+)+)( -F auid&gt;=1000 -F auid!=unset (?:-k |-F
        key=)\w+)
      line: \1\2\3{{ missing_syscalls | join("\3") }}\4
      backrefs: true
      state: present
      mode: g-rwx,o-rwx
    when: syscalls_found | length &gt; 0 and missing_syscalls | length &gt; 0

  - name: Add the audit rule to {{ audit_file }}
    ansible.builtin.lineinfile:
      path: '{{ audit_file }}'
      line: -a always,exit -F arch=b64 -S {{ syscalls | join(',') }} -F auid&gt;=1000
        -F auid!=unset -F key=perm_mod
      create: true
      mode: g-rwx,o-rwx
      state: present
    when: syscalls_found | length == 0
  when:
  - '"audit" in ansible_facts.packages'
  - ("kernel-default" in ansible_facts.packages or "kernel-default-base" in ansible_facts.packages)
  - not ( ansible_architecture == "aarch64" )
  - audit_arch == "b64"
  tags:
  - CCE-85693-0
  - CJIS-5.4.1.1
  - DISA-STIG-SLES-15-030290
  - NIST-800-171-3.1.7
  - NIST-800-53-AU-12(a)
  - NIST-800-53-AU-12(c)
  - NIST-800-53-AU-12.1(ii)
  - NIST-800-53-AU-12.1(iv)
  - NIST-800-53-AU-3
  - NIST-800-53-AU-3.1
  - NIST-800-53-MA-4(1)(a)
  - PCI-DSS-Req-10.5.5
  - PCI-DSSv4-10.3
  - PCI-DSSv4-10.3.4
  - audit_rules_dac_modification_chmod
  - low_complexity
  - low_disruption
  - medium_severity
  - reboot_required
  - restrict_strategy
</fix>
          <check system="http://oval.mitre.org/XMLSchema/oval-definitions-5">
            <check-content-ref name="oval:ssg-audit_rules_dac_modification_chmod:def:1" href="ssg-sle15-oval.xml"/>
          </check>
          <check system="http://scap.nist.gov/schema/ocil/2">
            <check-content-ref name="ocil:ssg-audit_rules_dac_modification_chmod_ocil:questionnaire:1" href="ssg-sle15-ocil.xml"/>
          </check>
        </Rule>
        <Rule id="xccdf_org.ssgproject.content_rule_audit_rules_dac_modification_chown" selected="false" role="full" severity="medium">
          <title xmlns:xhtml="http://www.w3.org/1999/xhtml" xml:lang="en-US">Record Events that Modify the System's Discretionary Access Controls - chown</title>
          <description xmlns:xhtml="http://www.w3.org/1999/xhtml" xml:lang="en-US">At a minimum, the audit system should collect file permission
changes for all users and root. If the <html:code xmlns:html="http://www.w3.org/1999/xhtml">auditd</html:code> daemon is configured to
use the <html:code xmlns:html="http://www.w3.org/1999/xhtml">augenrules</html:code> program to read audit rules during daemon startup
(the default), add the following line to a file with suffix <html:code xmlns:html="http://www.w3.org/1999/xhtml">.rules</html:code> in
the directory <html:code xmlns:html="http://www.w3.org/1999/xhtml">/etc/audit/rules.d</html:code>:
<html:pre xmlns:html="http://www.w3.org/1999/xhtml">-a always,exit -F arch=b32 -S chown -F auid&gt;=1000 -F auid!=unset -F key=perm_mod</html:pre>
If the system is 64 bit then also add the following line:
<html:pre xmlns:html="http://www.w3.org/1999/xhtml">-a always,exit -F arch=b64 -S chown -F auid&gt;=1000 -F auid!=unset -F key=perm_mod</html:pre>
If the <html:code xmlns:html="http://www.w3.org/1999/xhtml">auditd</html:code> daemon is configured to use the <html:code xmlns:html="http://www.w3.org/1999/xhtml">auditctl</html:code>
utility to read audit rules during daemon startup, add the following line to
<html:code xmlns:html="http://www.w3.org/1999/xhtml">/etc/audit/audit.rules</html:code> file:
<html:pre xmlns:html="http://www.w3.org/1999/xhtml">-a always,exit -F arch=b32 -S chown -F auid&gt;=1000 -F auid!=unset -F key=perm_mod</html:pre>
If the system is 64 bit then also add the following line:
<html:pre xmlns:html="http://www.w3.org/1999/xhtml">-a always,exit -F arch=b64 -S chown -F auid&gt;=1000 -F auid!=unset -F key=perm_mod</html:pre>
       </description>
          <warning xmlns:xhtml="http://www.w3.org/1999/xhtml" xml:lang="en-US" category="general">Note that these rules can be configured in a
number of ways while still achieving the desired effect.  Here the system calls
have been placed independent of other system calls.  Grouping these system
calls with others as identifying earlier in this guide is more efficient.</warning>
          <reference href="https://www.cisecurity.org/controls/">1</reference>
          <reference href="https://www.cisecurity.org/controls/">11</reference>
          <reference href="https://www.cisecurity.org/controls/">12</reference>
          <reference href="https://www.cisecurity.org/controls/">13</reference>
          <reference href="https://www.cisecurity.org/controls/">14</reference>
          <reference href="https://www.cisecurity.org/controls/">15</reference>
          <reference href="https://www.cisecurity.org/controls/">16</reference>
          <reference href="https://www.cisecurity.org/controls/">19</reference>
          <reference href="https://www.cisecurity.org/controls/">2</reference>
          <reference href="https://www.cisecurity.org/controls/">3</reference>
          <reference href="https://www.cisecurity.org/controls/">4</reference>
          <reference href="https://www.cisecurity.org/controls/">5</reference>
          <reference href="https://www.cisecurity.org/controls/">6</reference>
          <reference href="https://www.cisecurity.org/controls/">7</reference>
          <reference href="https://www.cisecurity.org/controls/">8</reference>
          <reference href="https://www.cisecurity.org/controls/">9</reference>
          <reference href="https://www.fbi.gov/file-repository/cjis-security-policy-v5_5_20160601-2-1.pdf">5.4.1.1</reference>
          <reference href="https://www.isaca.org/resources/cobit">APO10.01</reference>
          <reference href="https://www.isaca.org/resources/cobit">APO10.03</reference>
          <reference href="https://www.isaca.org/resources/cobit">APO10.04</reference>
          <reference href="https://www.isaca.org/resources/cobit">APO10.05</reference>
          <reference href="https://www.isaca.org/resources/cobit">APO11.04</reference>
          <reference href="https://www.isaca.org/resources/cobit">APO12.06</reference>
          <reference href="https://www.isaca.org/resources/cobit">APO13.01</reference>
          <reference href="https://www.isaca.org/resources/cobit">BAI03.05</reference>
          <reference href="https://www.isaca.org/resources/cobit">BAI08.02</reference>
          <reference href="https://www.isaca.org/resources/cobit">DSS01.03</reference>
          <reference href="https://www.isaca.org/resources/cobit">DSS01.04</reference>
          <reference href="https://www.isaca.org/resources/cobit">DSS02.02</reference>
          <reference href="https://www.isaca.org/resources/cobit">DSS02.04</reference>
          <reference href="https://www.isaca.org/resources/cobit">DSS02.07</reference>
          <reference href="https://www.isaca.org/resources/cobit">DSS03.01</reference>
          <reference href="https://www.isaca.org/resources/cobit">DSS03.05</reference>
          <reference href="https://www.isaca.org/resources/cobit">DSS05.02</reference>
          <reference href="https://www.isaca.org/resources/cobit">DSS05.03</reference>
          <reference href="https://www.isaca.org/resources/cobit">DSS05.04</reference>
          <reference href="https://www.isaca.org/resources/cobit">DSS05.05</reference>
          <reference href="https://www.isaca.org/resources/cobit">DSS05.07</reference>
          <reference href="https://www.isaca.org/resources/cobit">MEA01.01</reference>
          <reference href="https://www.isaca.org/resources/cobit">MEA01.02</reference>
          <reference href="https://www.isaca.org/resources/cobit">MEA01.03</reference>
          <reference href="https://www.isaca.org/resources/cobit">MEA01.04</reference>
          <reference href="https://www.isaca.org/resources/cobit">MEA01.05</reference>
          <reference href="https://www.isaca.org/resources/cobit">MEA02.01</reference>
          <reference href="http://nvlpubs.nist.gov/nistpubs/SpecialPublications/NIST.SP.800-171.pdf">3.1.7</reference>
          <reference href="https://www.gpo.gov/fdsys/pkg/CFR-2007-title45-vol1/pdf/CFR-2007-title45-vol1-chapA-subchapC.pdf">164.308(a)(1)(ii)(D)</reference>
          <reference href="https://www.gpo.gov/fdsys/pkg/CFR-2007-title45-vol1/pdf/CFR-2007-title45-vol1-chapA-subchapC.pdf">164.308(a)(3)(ii)(A)</reference>
          <reference href="https://www.gpo.gov/fdsys/pkg/CFR-2007-title45-vol1/pdf/CFR-2007-title45-vol1-chapA-subchapC.pdf">164.308(a)(5)(ii)(C)</reference>
          <reference href="https://www.gpo.gov/fdsys/pkg/CFR-2007-title45-vol1/pdf/CFR-2007-title45-vol1-chapA-subchapC.pdf">164.312(a)(2)(i)</reference>
          <reference href="https://www.gpo.gov/fdsys/pkg/CFR-2007-title45-vol1/pdf/CFR-2007-title45-vol1-chapA-subchapC.pdf">164.312(b)</reference>
          <reference href="https://www.gpo.gov/fdsys/pkg/CFR-2007-title45-vol1/pdf/CFR-2007-title45-vol1-chapA-subchapC.pdf">164.312(d)</reference>
          <reference href="https://www.gpo.gov/fdsys/pkg/CFR-2007-title45-vol1/pdf/CFR-2007-title45-vol1-chapA-subchapC.pdf">164.312(e)</reference>
          <reference href="https://www.isa.org/products/isa-62443-2-1-2009-security-for-industrial-automat">4.2.3.10</reference>
          <reference href="https://www.isa.org/products/isa-62443-2-1-2009-security-for-industrial-automat">4.3.2.6.7</reference>
          <reference href="https://www.isa.org/products/isa-62443-2-1-2009-security-for-industrial-automat">4.3.3.3.9</reference>
          <reference href="https://www.isa.org/products/isa-62443-2-1-2009-security-for-industrial-automat">4.3.3.5.8</reference>
          <reference href="https://www.isa.org/products/isa-62443-2-1-2009-security-for-industrial-automat">4.3.3.6.6</reference>
          <reference href="https://www.isa.org/products/isa-62443-2-1-2009-security-for-industrial-automat">4.3.4.4.7</reference>
          <reference href="https://www.isa.org/products/isa-62443-2-1-2009-security-for-industrial-automat">4.3.4.5.6</reference>
          <reference href="https://www.isa.org/products/isa-62443-2-1-2009-security-for-industrial-automat">4.3.4.5.7</reference>
          <reference href="https://www.isa.org/products/isa-62443-2-1-2009-security-for-industrial-automat">4.3.4.5.8</reference>
          <reference href="https://www.isa.org/products/isa-62443-2-1-2009-security-for-industrial-automat">4.4.2.1</reference>
          <reference href="https://www.isa.org/products/isa-62443-2-1-2009-security-for-industrial-automat">4.4.2.2</reference>
          <reference href="https://www.isa.org/products/isa-62443-2-1-2009-security-for-industrial-automat">4.4.2.4</reference>
          <reference href="https://www.isa.org/products/ansi-isa-62443-3-3-99-03-03-2013-security-for-indu">SR 1.13</reference>
          <reference href="https://www.isa.org/products/ansi-isa-62443-3-3-99-03-03-2013-security-for-indu">SR 2.10</reference>
          <reference href="https://www.isa.org/products/ansi-isa-62443-3-3-99-03-03-2013-security-for-indu">SR 2.11</reference>
          <reference href="https://www.isa.org/products/ansi-isa-62443-3-3-99-03-03-2013-security-for-indu">SR 2.12</reference>
          <reference href="https://www.isa.org/products/ansi-isa-62443-3-3-99-03-03-2013-security-for-indu">SR 2.6</reference>
          <reference href="https://www.isa.org/products/ansi-isa-62443-3-3-99-03-03-2013-security-for-indu">SR 2.8</reference>
          <reference href="https://www.isa.org/products/ansi-isa-62443-3-3-99-03-03-2013-security-for-indu">SR 2.9</reference>
          <reference href="https://www.isa.org/products/ansi-isa-62443-3-3-99-03-03-2013-security-for-indu">SR 3.1</reference>
          <reference href="https://www.isa.org/products/ansi-isa-62443-3-3-99-03-03-2013-security-for-indu">SR 3.5</reference>
          <reference href="https://www.isa.org/products/ansi-isa-62443-3-3-99-03-03-2013-security-for-indu">SR 3.8</reference>
          <reference href="https://www.isa.org/products/ansi-isa-62443-3-3-99-03-03-2013-security-for-indu">SR 4.1</reference>
          <reference href="https://www.isa.org/products/ansi-isa-62443-3-3-99-03-03-2013-security-for-indu">SR 4.3</reference>
          <reference href="https://www.isa.org/products/ansi-isa-62443-3-3-99-03-03-2013-security-for-indu">SR 5.1</reference>
          <reference href="https://www.isa.org/products/ansi-isa-62443-3-3-99-03-03-2013-security-for-indu">SR 5.2</reference>
          <reference href="https://www.isa.org/products/ansi-isa-62443-3-3-99-03-03-2013-security-for-indu">SR 5.3</reference>
          <reference href="https://www.isa.org/products/ansi-isa-62443-3-3-99-03-03-2013-security-for-indu">SR 6.1</reference>
          <reference href="https://www.isa.org/products/ansi-isa-62443-3-3-99-03-03-2013-security-for-indu">SR 6.2</reference>
          <reference href="https://www.isa.org/products/ansi-isa-62443-3-3-99-03-03-2013-security-for-indu">SR 7.1</reference>
          <reference href="https://www.isa.org/products/ansi-isa-62443-3-3-99-03-03-2013-security-for-indu">SR 7.6</reference>
          <reference href="https://www.iso.org/contents/data/standard/05/45/54534.html">A.11.2.6</reference>
          <reference href="https://www.iso.org/contents/data/standard/05/45/54534.html">A.12.4.1</reference>
          <reference href="https://www.iso.org/contents/data/standard/05/45/54534.html">A.12.4.2</reference>
          <reference href="https://www.iso.org/contents/data/standard/05/45/54534.html">A.12.4.3</reference>
          <reference href="https://www.iso.org/contents/data/standard/05/45/54534.html">A.12.4.4</reference>
          <reference href="https://www.iso.org/contents/data/standard/05/45/54534.html">A.12.7.1</reference>
          <reference href="https://www.iso.org/contents/data/standard/05/45/54534.html">A.13.1.1</reference>
          <reference href="https://www.iso.org/contents/data/standard/05/45/54534.html">A.13.2.1</reference>
          <reference href="https://www.iso.org/contents/data/standard/05/45/54534.html">A.14.1.3</reference>
          <reference href="https://www.iso.org/contents/data/standard/05/45/54534.html">A.14.2.7</reference>
          <reference href="https://www.iso.org/contents/data/standard/05/45/54534.html">A.15.2.1</reference>
          <reference href="https://www.iso.org/contents/data/standard/05/45/54534.html">A.15.2.2</reference>
          <reference href="https://www.iso.org/contents/data/standard/05/45/54534.html">A.16.1.4</reference>
          <reference href="https://www.iso.org/contents/data/standard/05/45/54534.html">A.16.1.5</reference>
          <reference href="https://www.iso.org/contents/data/standard/05/45/54534.html">A.16.1.7</reference>
          <reference href="https://www.iso.org/contents/data/standard/05/45/54534.html">A.6.2.1</reference>
          <reference href="https://www.iso.org/contents/data/standard/05/45/54534.html">A.6.2.2</reference>
          <reference href="http://nvlpubs.nist.gov/nistpubs/SpecialPublications/NIST.SP.800-53r4.pdf">AU-3</reference>
          <reference href="http://nvlpubs.nist.gov/nistpubs/SpecialPublications/NIST.SP.800-53r4.pdf">AU-3.1</reference>
          <reference href="http://nvlpubs.nist.gov/nistpubs/SpecialPublications/NIST.SP.800-53r4.pdf">AU-12(c)</reference>
          <reference href="http://nvlpubs.nist.gov/nistpubs/SpecialPublications/NIST.SP.800-53r4.pdf">AU-12.1(iv)</reference>
          <reference href="http://nvlpubs.nist.gov/nistpubs/SpecialPublications/NIST.SP.800-53r4.pdf">AU-12(a)</reference>
          <reference href="http://nvlpubs.nist.gov/nistpubs/SpecialPublications/NIST.SP.800-53r4.pdf">AU-12.1(ii)</reference>
          <reference href="http://nvlpubs.nist.gov/nistpubs/SpecialPublications/NIST.SP.800-53r4.pdf">MA-4(1)(a)</reference>
          <reference href="https://nvlpubs.nist.gov/nistpubs/CSWP/NIST.CSWP.04162018.pdf">DE.AE-3</reference>
          <reference href="https://nvlpubs.nist.gov/nistpubs/CSWP/NIST.CSWP.04162018.pdf">DE.AE-5</reference>
          <reference href="https://nvlpubs.nist.gov/nistpubs/CSWP/NIST.CSWP.04162018.pdf">DE.CM-1</reference>
          <reference href="https://nvlpubs.nist.gov/nistpubs/CSWP/NIST.CSWP.04162018.pdf">DE.CM-3</reference>
          <reference href="https://nvlpubs.nist.gov/nistpubs/CSWP/NIST.CSWP.04162018.pdf">DE.CM-7</reference>
          <reference href="https://nvlpubs.nist.gov/nistpubs/CSWP/NIST.CSWP.04162018.pdf">ID.SC-4</reference>
          <reference href="https://nvlpubs.nist.gov/nistpubs/CSWP/NIST.CSWP.04162018.pdf">PR.AC-3</reference>
          <reference href="https://nvlpubs.nist.gov/nistpubs/CSWP/NIST.CSWP.04162018.pdf">PR.PT-1</reference>
          <reference href="https://nvlpubs.nist.gov/nistpubs/CSWP/NIST.CSWP.04162018.pdf">PR.PT-4</reference>
          <reference href="https://nvlpubs.nist.gov/nistpubs/CSWP/NIST.CSWP.04162018.pdf">RS.AN-1</reference>
          <reference href="https://nvlpubs.nist.gov/nistpubs/CSWP/NIST.CSWP.04162018.pdf">RS.AN-4</reference>
          <reference href="https://www.pcisecuritystandards.org/documents/PCI_DSS_v3-2-1.pdf">Req-10.5.5</reference>
          <reference href="https://www.cyber.mil/stigs/downloads/?_dl_facet_stigs=operating-systems%2Cgeneral-purpose-os">SRG-OS-000037-GPOS-00015</reference>
          <reference href="https://www.cyber.mil/stigs/downloads/?_dl_facet_stigs=operating-systems%2Cgeneral-purpose-os">SRG-OS-000042-GPOS-00020</reference>
          <reference href="https://www.cyber.mil/stigs/downloads/?_dl_facet_stigs=operating-systems%2Cgeneral-purpose-os">SRG-OS-000062-GPOS-00031</reference>
          <reference href="https://www.cyber.mil/stigs/downloads/?_dl_facet_stigs=operating-systems%2Cgeneral-purpose-os">SRG-OS-000392-GPOS-00172</reference>
          <reference href="https://www.cyber.mil/stigs/downloads/?_dl_facet_stigs=operating-systems%2Cgeneral-purpose-os">SRG-OS-000462-GPOS-00206</reference>
          <reference href="https://www.cyber.mil/stigs/downloads/?_dl_facet_stigs=operating-systems%2Cgeneral-purpose-os">SRG-OS-000471-GPOS-00215</reference>
          <reference href="https://www.cyber.mil/stigs/downloads/?_dl_facet_stigs=operating-systems%2Cgeneral-purpose-os">SRG-OS-000064-GPOS-00033</reference>
          <reference href="https://www.cyber.mil/stigs/downloads/?_dl_facet_stigs=operating-systems%2Cgeneral-purpose-os">SRG-OS-000466-GPOS-00210</reference>
          <reference href="https://www.cyber.mil/stigs/downloads/?_dl_facet_stigs=operating-systems%2Cgeneral-purpose-os">SRG-OS-000458-GPOS-00203</reference>
          <reference href="https://www.cyber.mil/stigs/downloads/?_dl_facet_stigs=operating-systems%2Cgeneral-purpose-os">SRG-OS-000474-GPOS-00219</reference>
          <reference href="https://www.cyber.mil/stigs/downloads/?_dl_facet_stigs=app-security">SRG-APP-000091-CTR-000160</reference>
          <reference href="https://www.cyber.mil/stigs/downloads/?_dl_facet_stigs=app-security">SRG-APP-000492-CTR-001220</reference>
          <reference href="https://www.cyber.mil/stigs/downloads/?_dl_facet_stigs=app-security">SRG-APP-000493-CTR-001225</reference>
          <reference href="https://www.cyber.mil/stigs/downloads/?_dl_facet_stigs=app-security">SRG-APP-000494-CTR-001230</reference>
          <reference href="https://www.cyber.mil/stigs/downloads/?_dl_facet_stigs=app-security">SRG-APP-000500-CTR-001260</reference>
          <reference href="https://www.cyber.mil/stigs/downloads/?_dl_facet_stigs=app-security">SRG-APP-000507-CTR-001295</reference>
          <reference href="https://www.cyber.mil/stigs/downloads/?_dl_facet_stigs=app-security">SRG-APP-000495-CTR-001235</reference>
          <reference href="https://www.cyber.mil/stigs/downloads/?_dl_facet_stigs=app-security">SRG-APP-000499-CTR-001255</reference>
          <reference href="https://www.cyber.mil/stigs/downloads/?_dl_facet_stigs=operating-systems%2Cunix-linux">SLES-15-030250</reference>
          <reference href="https://www.cisecurity.org/benchmark/suse_linux/">4.1.9</reference>
          <reference href="https://cyber.gouv.fr/sites/default/files/document/linux_configuration-en-v2.pdf">R73</reference>
          <reference href="not_publicly_available">SLES-15-750450255</reference>
          <reference href="https://www.cyber.gov.au/acsc/view-all-content/ism">0582</reference>
          <reference href="https://docs-prv.pcisecuritystandards.org/PCI%20DSS/Standard/PCI-DSS-v4_0.pdf">10.3.4</reference>
          <reference href="https://docs-prv.pcisecuritystandards.org/PCI%20DSS/Standard/PCI-DSS-v4_0.pdf">10.3</reference>
          <reference href="https://www.cyber.mil/stigs/srg-stig-tools/">SV-234924r958412_rule</reference>
          <rationale xmlns:xhtml="http://www.w3.org/1999/xhtml" xml:lang="en-US">The changing of file permissions could indicate that a user is attempting to
gain access to information that would otherwise be disallowed. Auditing DAC modifications
can facilitate the identification of patterns of abuse among both authorized and
unauthorized users.</rationale>
          <platform idref="#not_aarch64_arch"/>
          <ident system="https://ncp.nist.gov/cce">CCE-85690-6</ident>
          <fix xmlns:xhtml="http://www.w3.org/1999/xhtml" id="audit_rules_dac_modification_chown" system="urn:xccdf:fix:script:sh"># Remediation is applicable only in certain platforms
if rpm --quiet -q audit &amp;&amp; rpm --quiet -q kernel-default || rpm --quiet -q kernel-default-base &amp;&amp; { ! ( ( grep -sqE "^.*\.aarch64$" /proc/sys/kernel/osrelease || grep -sqE "^aarch64$" /proc/sys/kernel/arch; ) ); }; then

# First perform the remediation of the syscall rule
# Retrieve hardware architecture of the underlying system
[ "$(getconf LONG_BIT)" = "32" ] &amp;&amp; RULE_ARCHS=("b32") || RULE_ARCHS=("b32" "b64")

for ARCH in "${RULE_ARCHS[@]}"
do
	ACTION_ARCH_FILTERS="-a always,exit -F arch=$ARCH"
	OTHER_FILTERS=""
	AUID_FILTERS="-F auid&gt;=1000 -F auid!=unset"
	SYSCALL="chown"
	KEY="perm_mod"
	SYSCALL_GROUPING="chown fchown fchownat lchown"

	# Perform the remediation for both possible tools: 'auditctl' and 'augenrules'
	unset syscall_a
unset syscall_grouping
unset syscall_string
unset syscall
unset file_to_edit
unset rule_to_edit
unset rule_syscalls_to_edit
unset other_string
unset auid_string
unset full_rule

# Load macro arguments into arrays
read -a syscall_a &lt;&lt;&lt; $SYSCALL
read -a syscall_grouping &lt;&lt;&lt; $SYSCALL_GROUPING

# Create a list of audit *.rules files that should be inspected for presence and correctness
# of a particular audit rule. The scheme is as follows:
#
# -----------------------------------------------------------------------------------------
#  Tool used to load audit rules | Rule already defined  |  Audit rules file to inspect    |
# -----------------------------------------------------------------------------------------
#        auditctl                |     Doesn't matter    |  /etc/audit/audit.rules         |
# -----------------------------------------------------------------------------------------
#        augenrules              |          Yes          |  /etc/audit/rules.d/*.rules     |
#        augenrules              |          No           |  /etc/audit/rules.d/$key.rules  |
# -----------------------------------------------------------------------------------------
#
files_to_inspect=()

# If audit tool is 'augenrules', then check if the audit rule is defined
# If rule is defined, add '/etc/audit/rules.d/*.rules' to the list for inspection
# If rule isn't defined yet, add '/etc/audit/rules.d/$key.rules' to the list for inspection
default_file="/etc/audit/rules.d/$KEY.rules"
# As other_filters may include paths, lets use a different delimiter for it
# The "F" script expression tells sed to print the filenames where the expressions matched
readarray -t files_to_inspect &lt; &lt;(sed -s -n -e "/^$ACTION_ARCH_FILTERS/!d" -e "\#$OTHER_FILTERS#!d" -e "/$AUID_FILTERS/!d" -e "F" /etc/audit/rules.d/*.rules)
# Case when particular rule isn't defined in /etc/audit/rules.d/*.rules yet
if [ ${#files_to_inspect[@]} -eq "0" ]
then
    file_to_inspect="/etc/audit/rules.d/$KEY.rules"
    files_to_inspect=("$file_to_inspect")
    if [ ! -e "$file_to_inspect" ]
    then
        touch "$file_to_inspect"
        chmod 0600 "$file_to_inspect"
    fi
fi

# After converting to jinja, we cannot return; therefore we skip the rest of the macro if needed instead
skip=1

for audit_file in "${files_to_inspect[@]}"
do
    # Filter existing $audit_file rules' definitions to select those that satisfy the rule pattern,
    # i.e, collect rules that match:
    # * the action, list and arch, (2-nd argument)
    # * the other filters, (3-rd argument)
    # * the auid filters, (4-rd argument)
    readarray -t similar_rules &lt; &lt;(sed -e "/^$ACTION_ARCH_FILTERS/!d"  -e "\#$OTHER_FILTERS#!d" -e "/$AUID_FILTERS/!d" "$audit_file")

    candidate_rules=()
    # Filter out rules that have more fields then required. This will remove rules more specific than the required scope
    for s_rule in "${similar_rules[@]}"
    do
        # Strip all the options and fields we know of,
        # than check if there was any field left over
        extra_fields=$(sed -E -e "s/^$ACTION_ARCH_FILTERS//"  -e "s#$OTHER_FILTERS##" -e "s/$AUID_FILTERS//" -e "s/((:?-S [[:alnum:],]+)+)//g" -e "s/-F key=\w+|-k \w+//"&lt;&lt;&lt; "$s_rule")
        grep -q -- "-F" &lt;&lt;&lt; "$extra_fields" || candidate_rules+=("$s_rule")
    done

    if [[ ${#syscall_a[@]} -ge 1 ]]
    then
        # Check if the syscall we want is present in any of the similar existing rules
        for rule in "${candidate_rules[@]}"
        do
            rule_syscalls=$(echo "$rule" | grep -o -P '(-S [\w,]+)+' | xargs)
            all_syscalls_found=0
            for syscall in "${syscall_a[@]}"
            do
                grep -q -- "\b${syscall}\b" &lt;&lt;&lt; "$rule_syscalls" || {
                   # A syscall was not found in the candidate rule
                   all_syscalls_found=1
                   }
            done
            if [[ $all_syscalls_found -eq 0 ]]
            then
                # We found a rule with all the syscall(s) we want; skip rest of macro
                skip=0
                break
            fi

            # Check if this rule can be grouped with our target syscall and keep track of it
            for syscall_g in "${syscall_grouping[@]}"
            do
                if grep -q -- "\b${syscall_g}\b" &lt;&lt;&lt; "$rule_syscalls"
                then
                    file_to_edit=${audit_file}
                    rule_to_edit=${rule}
                    rule_syscalls_to_edit=${rule_syscalls}
                fi
            done
        done
    else
        # If there is any candidate rule, it is compliant; skip rest of macro
        if [ "${#candidate_rules[@]}" -gt 0 ]
        then
            skip=0
        fi
    fi

    if [ "$skip" -eq 0 ]; then
        break
    fi
done

if [ "$skip" -ne 0 ]; then
    # We checked all rules that matched the expected resemblance pattern (action, arch &amp; auid)
    # At this point we know if we need to either append the $full_rule or group
    # the syscall together with an exsiting rule

    # Append the full_rule if it cannot be grouped to any other rule
    if [ -z ${rule_to_edit+x} ]
    then
        # Build full_rule while avoid adding double spaces when other_filters is empty
        if [ "${#syscall_a[@]}" -gt 0 ]
        then
            syscall_string=""
            for syscall in "${syscall_a[@]}"
            do
                syscall_string+=" -S $syscall"
            done
        fi
        other_string=$([[ $OTHER_FILTERS ]] &amp;&amp; echo " $OTHER_FILTERS") || /bin/true
        auid_string=$([[ $AUID_FILTERS ]] &amp;&amp; echo " $AUID_FILTERS") || /bin/true
        full_rule="$ACTION_ARCH_FILTERS${syscall_string}${other_string}${auid_string} -F key=$KEY" || /bin/true
        echo "$full_rule" &gt;&gt; "$default_file"
        chmod 0600 ${default_file}
    else
        # Check if the syscalls are declared as a comma separated list or
        # as multiple -S parameters
        if grep -q -- "," &lt;&lt;&lt; "${rule_syscalls_to_edit}"
        then
            delimiter=","
        else
            delimiter=" -S "
        fi
        new_grouped_syscalls="${rule_syscalls_to_edit}"
        for syscall in "${syscall_a[@]}"
        do
            grep -q -- "\b${syscall}\b" &lt;&lt;&lt; "${rule_syscalls_to_edit}" || {
               # A syscall was not found in the candidate rule
               new_grouped_syscalls+="${delimiter}${syscall}"
               }
        done

        # Group the syscall in the rule
        sed -i -e "\#${rule_to_edit}#s#${rule_syscalls_to_edit}#${new_grouped_syscalls}#" "$file_to_edit"
    fi
fi
	unset syscall_a
unset syscall_grouping
unset syscall_string
unset syscall
unset file_to_edit
unset rule_to_edit
unset rule_syscalls_to_edit
unset other_string
unset auid_string
unset full_rule

# Load macro arguments into arrays
read -a syscall_a &lt;&lt;&lt; $SYSCALL
read -a syscall_grouping &lt;&lt;&lt; $SYSCALL_GROUPING

# Create a list of audit *.rules files that should be inspected for presence and correctness
# of a particular audit rule. The scheme is as follows:
#
# -----------------------------------------------------------------------------------------
#  Tool used to load audit rules | Rule already defined  |  Audit rules file to inspect    |
# -----------------------------------------------------------------------------------------
#        auditctl                |     Doesn't matter    |  /etc/audit/audit.rules         |
# -----------------------------------------------------------------------------------------
#        augenrules              |          Yes          |  /etc/audit/rules.d/*.rules     |
#        augenrules              |          No           |  /etc/audit/rules.d/$key.rules  |
# -----------------------------------------------------------------------------------------
#
files_to_inspect=()


# If audit tool is 'auditctl', then add '/etc/audit/audit.rules'
# file to the list of files to be inspected
default_file="/etc/audit/audit.rules"
files_to_inspect+=('/etc/audit/audit.rules' )

# After converting to jinja, we cannot return; therefore we skip the rest of the macro if needed instead
skip=1

for audit_file in "${files_to_inspect[@]}"
do
    # Filter existing $audit_file rules' definitions to select those that satisfy the rule pattern,
    # i.e, collect rules that match:
    # * the action, list and arch, (2-nd argument)
    # * the other filters, (3-rd argument)
    # * the auid filters, (4-rd argument)
    readarray -t similar_rules &lt; &lt;(sed -e "/^$ACTION_ARCH_FILTERS/!d"  -e "\#$OTHER_FILTERS#!d" -e "/$AUID_FILTERS/!d" "$audit_file")

    candidate_rules=()
    # Filter out rules that have more fields then required. This will remove rules more specific than the required scope
    for s_rule in "${similar_rules[@]}"
    do
        # Strip all the options and fields we know of,
        # than check if there was any field left over
        extra_fields=$(sed -E -e "s/^$ACTION_ARCH_FILTERS//"  -e "s#$OTHER_FILTERS##" -e "s/$AUID_FILTERS//" -e "s/((:?-S [[:alnum:],]+)+)//g" -e "s/-F key=\w+|-k \w+//"&lt;&lt;&lt; "$s_rule")
        grep -q -- "-F" &lt;&lt;&lt; "$extra_fields" || candidate_rules+=("$s_rule")
    done

    if [[ ${#syscall_a[@]} -ge 1 ]]
    then
        # Check if the syscall we want is present in any of the similar existing rules
        for rule in "${candidate_rules[@]}"
        do
            rule_syscalls=$(echo "$rule" | grep -o -P '(-S [\w,]+)+' | xargs)
            all_syscalls_found=0
            for syscall in "${syscall_a[@]}"
            do
                grep -q -- "\b${syscall}\b" &lt;&lt;&lt; "$rule_syscalls" || {
                   # A syscall was not found in the candidate rule
                   all_syscalls_found=1
                   }
            done
            if [[ $all_syscalls_found -eq 0 ]]
            then
                # We found a rule with all the syscall(s) we want; skip rest of macro
                skip=0
                break
            fi

            # Check if this rule can be grouped with our target syscall and keep track of it
            for syscall_g in "${syscall_grouping[@]}"
            do
                if grep -q -- "\b${syscall_g}\b" &lt;&lt;&lt; "$rule_syscalls"
                then
                    file_to_edit=${audit_file}
                    rule_to_edit=${rule}
                    rule_syscalls_to_edit=${rule_syscalls}
                fi
            done
        done
    else
        # If there is any candidate rule, it is compliant; skip rest of macro
        if [ "${#candidate_rules[@]}" -gt 0 ]
        then
            skip=0
        fi
    fi

    if [ "$skip" -eq 0 ]; then
        break
    fi
done

if [ "$skip" -ne 0 ]; then
    # We checked all rules that matched the expected resemblance pattern (action, arch &amp; auid)
    # At this point we know if we need to either append the $full_rule or group
    # the syscall together with an exsiting rule

    # Append the full_rule if it cannot be grouped to any other rule
    if [ -z ${rule_to_edit+x} ]
    then
        # Build full_rule while avoid adding double spaces when other_filters is empty
        if [ "${#syscall_a[@]}" -gt 0 ]
        then
            syscall_string=""
            for syscall in "${syscall_a[@]}"
            do
                syscall_string+=" -S $syscall"
            done
        fi
        other_string=$([[ $OTHER_FILTERS ]] &amp;&amp; echo " $OTHER_FILTERS") || /bin/true
        auid_string=$([[ $AUID_FILTERS ]] &amp;&amp; echo " $AUID_FILTERS") || /bin/true
        full_rule="$ACTION_ARCH_FILTERS${syscall_string}${other_string}${auid_string} -F key=$KEY" || /bin/true
        echo "$full_rule" &gt;&gt; "$default_file"
        chmod 0600 ${default_file}
    else
        # Check if the syscalls are declared as a comma separated list or
        # as multiple -S parameters
        if grep -q -- "," &lt;&lt;&lt; "${rule_syscalls_to_edit}"
        then
            delimiter=","
        else
            delimiter=" -S "
        fi
        new_grouped_syscalls="${rule_syscalls_to_edit}"
        for syscall in "${syscall_a[@]}"
        do
            grep -q -- "\b${syscall}\b" &lt;&lt;&lt; "${rule_syscalls_to_edit}" || {
               # A syscall was not found in the candidate rule
               new_grouped_syscalls+="${delimiter}${syscall}"
               }
        done

        # Group the syscall in the rule
        sed -i -e "\#${rule_to_edit}#s#${rule_syscalls_to_edit}#${new_grouped_syscalls}#" "$file_to_edit"
    fi
fi
done

else
    &gt;&amp;2 echo 'Remediation is not applicable, nothing was done'
fi
</fix>
          <fix xmlns:xhtml="http://www.w3.org/1999/xhtml" id="audit_rules_dac_modification_chown" system="urn:xccdf:fix:script:ansible" reboot="true" complexity="low" disruption="low" strategy="restrict">- name: Gather the package facts
  package_facts:
    manager: auto
  tags:
  - CCE-85690-6
  - CJIS-5.4.1.1
  - DISA-STIG-SLES-15-030250
  - NIST-800-171-3.1.7
  - NIST-800-53-AU-12(a)
  - NIST-800-53-AU-12(c)
  - NIST-800-53-AU-12.1(ii)
  - NIST-800-53-AU-12.1(iv)
  - NIST-800-53-AU-3
  - NIST-800-53-AU-3.1
  - NIST-800-53-MA-4(1)(a)
  - PCI-DSS-Req-10.5.5
  - PCI-DSSv4-10.3
  - PCI-DSSv4-10.3.4
  - audit_rules_dac_modification_chown
  - low_complexity
  - low_disruption
  - medium_severity
  - reboot_required
  - restrict_strategy

- name: Set architecture for audit chown tasks
  ansible.builtin.set_fact:
    audit_arch: b64
  when:
  - '"audit" in ansible_facts.packages'
  - ("kernel-default" in ansible_facts.packages or "kernel-default-base" in ansible_facts.packages)
  - not ( ansible_architecture == "aarch64" )
  - ansible_architecture == "aarch64" or ansible_architecture == "ppc64" or ansible_architecture
    == "ppc64le" or ansible_architecture == "s390x" or ansible_architecture == "x86_64"
  tags:
  - CCE-85690-6
  - CJIS-5.4.1.1
  - DISA-STIG-SLES-15-030250
  - NIST-800-171-3.1.7
  - NIST-800-53-AU-12(a)
  - NIST-800-53-AU-12(c)
  - NIST-800-53-AU-12.1(ii)
  - NIST-800-53-AU-12.1(iv)
  - NIST-800-53-AU-3
  - NIST-800-53-AU-3.1
  - NIST-800-53-MA-4(1)(a)
  - PCI-DSS-Req-10.5.5
  - PCI-DSSv4-10.3
  - PCI-DSSv4-10.3.4
  - audit_rules_dac_modification_chown
  - low_complexity
  - low_disruption
  - medium_severity
  - reboot_required
  - restrict_strategy

- name: Perform remediation of Audit rules for chown for 32bit platform
  block:

  - name: Declare list of syscalls
    ansible.builtin.set_fact:
      syscalls:
      - chown
      syscall_grouping:
      - chown
      - fchown
      - fchownat
      - lchown

  - name: Check existence of chown in /etc/audit/rules.d/
    ansible.builtin.find:
      paths: /etc/audit/rules.d
      contains: -a always,exit -F arch=b32(( -S |,)\w+)*(( -S |,){{ item }})+(( -S
        |,)\w+)* -F auid&gt;=1000 -F auid!=unset (-k\s+|-F\s+key=)\S+\s*$
      patterns: '*.rules'
    register: find_command
    loop: '{{ (syscall_grouping + syscalls) | unique }}'

  - name: Reset syscalls found per file
    ansible.builtin.set_fact:
      syscalls_per_file: {}
      found_paths_dict: {}

  - name: Declare syscalls found per file
    ansible.builtin.set_fact: syscalls_per_file="{{ syscalls_per_file | combine( {item.files[0].path
      :[item.item] + syscalls_per_file.get(item.files[0].path, []) } ) }}"
    loop: '{{ find_command.results | selectattr(''matched'') | list }}'

  - name: Declare files where syscalls were found
    ansible.builtin.set_fact: found_paths="{{ find_command.results | map(attribute='files')
      | flatten | map(attribute='path') | list }}"

  - name: Count occurrences of syscalls in paths
    ansible.builtin.set_fact: found_paths_dict="{{ found_paths_dict | combine({ item:1+found_paths_dict.get(item,
      0) }) }}"
    loop: '{{ find_command.results | map(attribute=''files'') | flatten | map(attribute=''path'')
      | list }}'

  - name: Get path with most syscalls
    ansible.builtin.set_fact: audit_file="{{ (found_paths_dict | dict2items() | sort(attribute='value')
      | last).key }}"
    when: found_paths | length &gt;= 1

  - name: No file with syscall found, set path to /etc/audit/rules.d/perm_mod.rules
    ansible.builtin.set_fact: audit_file="/etc/audit/rules.d/perm_mod.rules"
    when: found_paths | length == 0

  - name: Declare found syscalls
    ansible.builtin.set_fact: syscalls_found="{{ find_command.results | selectattr('matched')
      | map(attribute='item') | list }}"

  - name: Declare missing syscalls
    ansible.builtin.set_fact: missing_syscalls="{{ syscalls | difference(syscalls_found)
      }}"

  - name: Replace the audit rule in {{ audit_file }}
    ansible.builtin.lineinfile:
      path: '{{ audit_file }}'
      regexp: (-a always,exit -F arch=b32)(?=.*(?:(?:-S |,)(?:{{ syscalls_per_file[audit_file]
        | join("|") }}))\b)((?:( -S |,)\w+)+)( -F auid&gt;=1000 -F auid!=unset (?:-k
        |-F key=)\w+)
      line: \1\2\3{{ missing_syscalls | join("\3") }}\4
      backrefs: true
      state: present
      mode: g-rwx,o-rwx
    when: syscalls_found | length &gt; 0 and missing_syscalls | length &gt; 0

  - name: Add the audit rule to {{ audit_file }}
    ansible.builtin.lineinfile:
      path: '{{ audit_file }}'
      line: -a always,exit -F arch=b32 -S {{ syscalls | join(',') }} -F auid&gt;=1000
        -F auid!=unset -F key=perm_mod
      create: true
      mode: g-rwx,o-rwx
      state: present
    when: syscalls_found | length == 0

  - name: Declare list of syscalls
    ansible.builtin.set_fact:
      syscalls:
      - chown
      syscall_grouping:
      - chown
      - fchown
      - fchownat
      - lchown

  - name: Check existence of chown in /etc/audit/audit.rules
    ansible.builtin.find:
      paths: /etc/audit
      contains: -a always,exit -F arch=b32(( -S |,)\w+)*(( -S |,){{ item }})+(( -S
        |,)\w+)* -F auid&gt;=1000 -F auid!=unset (-k\s+|-F\s+key=)\S+\s*$
      patterns: audit.rules
    register: find_command
    loop: '{{ (syscall_grouping + syscalls) | unique }}'

  - name: Set path to /etc/audit/audit.rules
    ansible.builtin.set_fact: audit_file="/etc/audit/audit.rules"

  - name: Declare found syscalls
    ansible.builtin.set_fact: syscalls_found="{{ find_command.results | selectattr('matched')
      | map(attribute='item') | list }}"

  - name: Declare missing syscalls
    ansible.builtin.set_fact: missing_syscalls="{{ syscalls | difference(syscalls_found)
      }}"

  - name: Replace the audit rule in {{ audit_file }}
    ansible.builtin.lineinfile:
      path: '{{ audit_file }}'
      regexp: (-a always,exit -F arch=b32)(?=.*(?:(?:-S |,)(?:{{ syscalls_found |
        join("|") }}))\b)((?:( -S |,)\w+)+)( -F auid&gt;=1000 -F auid!=unset (?:-k |-F
        key=)\w+)
      line: \1\2\3{{ missing_syscalls | join("\3") }}\4
      backrefs: true
      state: present
      mode: g-rwx,o-rwx
    when: syscalls_found | length &gt; 0 and missing_syscalls | length &gt; 0

  - name: Add the audit rule to {{ audit_file }}
    ansible.builtin.lineinfile:
      path: '{{ audit_file }}'
      line: -a always,exit -F arch=b32 -S {{ syscalls | join(',') }} -F auid&gt;=1000
        -F auid!=unset -F key=perm_mod
      create: true
      mode: g-rwx,o-rwx
      state: present
    when: syscalls_found | length == 0
  when:
  - '"audit" in ansible_facts.packages'
  - ("kernel-default" in ansible_facts.packages or "kernel-default-base" in ansible_facts.packages)
  - not ( ansible_architecture == "aarch64" )
  tags:
  - CCE-85690-6
  - CJIS-5.4.1.1
  - DISA-STIG-SLES-15-030250
  - NIST-800-171-3.1.7
  - NIST-800-53-AU-12(a)
  - NIST-800-53-AU-12(c)
  - NIST-800-53-AU-12.1(ii)
  - NIST-800-53-AU-12.1(iv)
  - NIST-800-53-AU-3
  - NIST-800-53-AU-3.1
  - NIST-800-53-MA-4(1)(a)
  - PCI-DSS-Req-10.5.5
  - PCI-DSSv4-10.3
  - PCI-DSSv4-10.3.4
  - audit_rules_dac_modification_chown
  - low_complexity
  - low_disruption
  - medium_severity
  - reboot_required
  - restrict_strategy

- name: Perform remediation of Audit rules for chown for 64bit platform
  block:

  - name: Declare list of syscalls
    ansible.builtin.set_fact:
      syscalls:
      - chown
      syscall_grouping:
      - chown
      - fchown
      - fchownat
      - lchown

  - name: Check existence of chown in /etc/audit/rules.d/
    ansible.builtin.find:
      paths: /etc/audit/rules.d
      contains: -a always,exit -F arch=b64(( -S |,)\w+)*(( -S |,){{ item }})+(( -S
        |,)\w+)* -F auid&gt;=1000 -F auid!=unset (-k\s+|-F\s+key=)\S+\s*$
      patterns: '*.rules'
    register: find_command
    loop: '{{ (syscall_grouping + syscalls) | unique }}'

  - name: Reset syscalls found per file
    ansible.builtin.set_fact:
      syscalls_per_file: {}
      found_paths_dict: {}

  - name: Declare syscalls found per file
    ansible.builtin.set_fact: syscalls_per_file="{{ syscalls_per_file | combine( {item.files[0].path
      :[item.item] + syscalls_per_file.get(item.files[0].path, []) } ) }}"
    loop: '{{ find_command.results | selectattr(''matched'') | list }}'

  - name: Declare files where syscalls were found
    ansible.builtin.set_fact: found_paths="{{ find_command.results | map(attribute='files')
      | flatten | map(attribute='path') | list }}"

  - name: Count occurrences of syscalls in paths
    ansible.builtin.set_fact: found_paths_dict="{{ found_paths_dict | combine({ item:1+found_paths_dict.get(item,
      0) }) }}"
    loop: '{{ find_command.results | map(attribute=''files'') | flatten | map(attribute=''path'')
      | list }}'

  - name: Get path with most syscalls
    ansible.builtin.set_fact: audit_file="{{ (found_paths_dict | dict2items() | sort(attribute='value')
      | last).key }}"
    when: found_paths | length &gt;= 1

  - name: No file with syscall found, set path to /etc/audit/rules.d/perm_mod.rules
    ansible.builtin.set_fact: audit_file="/etc/audit/rules.d/perm_mod.rules"
    when: found_paths | length == 0

  - name: Declare found syscalls
    ansible.builtin.set_fact: syscalls_found="{{ find_command.results | selectattr('matched')
      | map(attribute='item') | list }}"

  - name: Declare missing syscalls
    ansible.builtin.set_fact: missing_syscalls="{{ syscalls | difference(syscalls_found)
      }}"

  - name: Replace the audit rule in {{ audit_file }}
    ansible.builtin.lineinfile:
      path: '{{ audit_file }}'
      regexp: (-a always,exit -F arch=b64)(?=.*(?:(?:-S |,)(?:{{ syscalls_per_file[audit_file]
        | join("|") }}))\b)((?:( -S |,)\w+)+)( -F auid&gt;=1000 -F auid!=unset (?:-k
        |-F key=)\w+)
      line: \1\2\3{{ missing_syscalls | join("\3") }}\4
      backrefs: true
      state: present
      mode: g-rwx,o-rwx
    when: syscalls_found | length &gt; 0 and missing_syscalls | length &gt; 0

  - name: Add the audit rule to {{ audit_file }}
    ansible.builtin.lineinfile:
      path: '{{ audit_file }}'
      line: -a always,exit -F arch=b64 -S {{ syscalls | join(',') }} -F auid&gt;=1000
        -F auid!=unset -F key=perm_mod
      create: true
      mode: g-rwx,o-rwx
      state: present
    when: syscalls_found | length == 0

  - name: Declare list of syscalls
    ansible.builtin.set_fact:
      syscalls:
      - chown
      syscall_grouping:
      - chown
      - fchown
      - fchownat
      - lchown

  - name: Check existence of chown in /etc/audit/audit.rules
    ansible.builtin.find:
      paths: /etc/audit
      contains: -a always,exit -F arch=b64(( -S |,)\w+)*(( -S |,){{ item }})+(( -S
        |,)\w+)* -F auid&gt;=1000 -F auid!=unset (-k\s+|-F\s+key=)\S+\s*$
      patterns: audit.rules
    register: find_command
    loop: '{{ (syscall_grouping + syscalls) | unique }}'

  - name: Set path to /etc/audit/audit.rules
    ansible.builtin.set_fact: audit_file="/etc/audit/audit.rules"

  - name: Declare found syscalls
    ansible.builtin.set_fact: syscalls_found="{{ find_command.results | selectattr('matched')
      | map(attribute='item') | list }}"

  - name: Declare missing syscalls
    ansible.builtin.set_fact: missing_syscalls="{{ syscalls | difference(syscalls_found)
      }}"

  - name: Replace the audit rule in {{ audit_file }}
    ansible.builtin.lineinfile:
      path: '{{ audit_file }}'
      regexp: (-a always,exit -F arch=b64)(?=.*(?:(?:-S |,)(?:{{ syscalls_found |
        join("|") }}))\b)((?:( -S |,)\w+)+)( -F auid&gt;=1000 -F auid!=unset (?:-k |-F
        key=)\w+)
      line: \1\2\3{{ missing_syscalls | join("\3") }}\4
      backrefs: true
      state: present
      mode: g-rwx,o-rwx
    when: syscalls_found | length &gt; 0 and missing_syscalls | length &gt; 0

  - name: Add the audit rule to {{ audit_file }}
    ansible.builtin.lineinfile:
      path: '{{ audit_file }}'
      line: -a always,exit -F arch=b64 -S {{ syscalls | join(',') }} -F auid&gt;=1000
        -F auid!=unset -F key=perm_mod
      create: true
      mode: g-rwx,o-rwx
      state: present
    when: syscalls_found | length == 0
  when:
  - '"audit" in ansible_facts.packages'
  - ("kernel-default" in ansible_facts.packages or "kernel-default-base" in ansible_facts.packages)
  - not ( ansible_architecture == "aarch64" )
  - audit_arch == "b64"
  tags:
  - CCE-85690-6
  - CJIS-5.4.1.1
  - DISA-STIG-SLES-15-030250
  - NIST-800-171-3.1.7
  - NIST-800-53-AU-12(a)
  - NIST-800-53-AU-12(c)
  - NIST-800-53-AU-12.1(ii)
  - NIST-800-53-AU-12.1(iv)
  - NIST-800-53-AU-3
  - NIST-800-53-AU-3.1
  - NIST-800-53-MA-4(1)(a)
  - PCI-DSS-Req-10.5.5
  - PCI-DSSv4-10.3
  - PCI-DSSv4-10.3.4
  - audit_rules_dac_modification_chown
  - low_complexity
  - low_disruption
  - medium_severity
  - reboot_required
  - restrict_strategy
</fix>
          <check system="http://oval.mitre.org/XMLSchema/oval-definitions-5">
            <check-content-ref name="oval:ssg-audit_rules_dac_modification_chown:def:1" href="ssg-sle15-oval.xml"/>
          </check>
          <check system="http://scap.nist.gov/schema/ocil/2">
            <check-content-ref name="ocil:ssg-audit_rules_dac_modification_chown_ocil:questionnaire:1" href="ssg-sle15-ocil.xml"/>
          </check>
        </Rule>
        <Rule id="xccdf_org.ssgproject.content_rule_audit_rules_dac_modification_fchmod" selected="false" role="full" severity="medium">
          <title xmlns:xhtml="http://www.w3.org/1999/xhtml" xml:lang="en-US">Record Events that Modify the System's Discretionary Access Controls - fchmod</title>
          <description xmlns:xhtml="http://www.w3.org/1999/xhtml" xml:lang="en-US">At a minimum, the audit system should collect file permission
changes for all users and root. If the <html:code xmlns:html="http://www.w3.org/1999/xhtml">auditd</html:code> daemon is configured to
use the <html:code xmlns:html="http://www.w3.org/1999/xhtml">augenrules</html:code> program to read audit rules during daemon startup
(the default), add the following line to a file with suffix <html:code xmlns:html="http://www.w3.org/1999/xhtml">.rules</html:code> in
the directory <html:code xmlns:html="http://www.w3.org/1999/xhtml">/etc/audit/rules.d</html:code>:
<html:pre xmlns:html="http://www.w3.org/1999/xhtml">-a always,exit -F arch=b32 -S fchmod -F auid&gt;=1000 -F auid!=unset -F key=perm_mod</html:pre>
If the system is 64 bit then also add the following line:
<html:pre xmlns:html="http://www.w3.org/1999/xhtml">-a always,exit -F arch=b64 -S fchmod -F auid&gt;=1000 -F auid!=unset -F key=perm_mod</html:pre>
If the <html:code xmlns:html="http://www.w3.org/1999/xhtml">auditd</html:code> daemon is configured to use the <html:code xmlns:html="http://www.w3.org/1999/xhtml">auditctl</html:code>
utility to read audit rules during daemon startup, add the following line to
<html:code xmlns:html="http://www.w3.org/1999/xhtml">/etc/audit/audit.rules</html:code> file:
<html:pre xmlns:html="http://www.w3.org/1999/xhtml">-a always,exit -F arch=b32 -S fchmod -F auid&gt;=1000 -F auid!=unset -F key=perm_mod</html:pre>
If the system is 64 bit then also add the following line:
<html:pre xmlns:html="http://www.w3.org/1999/xhtml">-a always,exit -F arch=b64 -S fchmod -F auid&gt;=1000 -F auid!=unset -F key=perm_mod</html:pre>
       </description>
          <warning xmlns:xhtml="http://www.w3.org/1999/xhtml" xml:lang="en-US" category="general">Note that these rules can be configured in a
number of ways while still achieving the desired effect. Here the system calls
have been placed independent of other system calls. Grouping these system
calls with others as identifying earlier in this guide is more efficient.</warning>
          <reference href="https://www.cisecurity.org/controls/">1</reference>
          <reference href="https://www.cisecurity.org/controls/">11</reference>
          <reference href="https://www.cisecurity.org/controls/">12</reference>
          <reference href="https://www.cisecurity.org/controls/">13</reference>
          <reference href="https://www.cisecurity.org/controls/">14</reference>
          <reference href="https://www.cisecurity.org/controls/">15</reference>
          <reference href="https://www.cisecurity.org/controls/">16</reference>
          <reference href="https://www.cisecurity.org/controls/">19</reference>
          <reference href="https://www.cisecurity.org/controls/">2</reference>
          <reference href="https://www.cisecurity.org/controls/">3</reference>
          <reference href="https://www.cisecurity.org/controls/">4</reference>
          <reference href="https://www.cisecurity.org/controls/">5</reference>
          <reference href="https://www.cisecurity.org/controls/">6</reference>
          <reference href="https://www.cisecurity.org/controls/">7</reference>
          <reference href="https://www.cisecurity.org/controls/">8</reference>
          <reference href="https://www.cisecurity.org/controls/">9</reference>
          <reference href="https://www.fbi.gov/file-repository/cjis-security-policy-v5_5_20160601-2-1.pdf">5.4.1.1</reference>
          <reference href="https://www.isaca.org/resources/cobit">APO10.01</reference>
          <reference href="https://www.isaca.org/resources/cobit">APO10.03</reference>
          <reference href="https://www.isaca.org/resources/cobit">APO10.04</reference>
          <reference href="https://www.isaca.org/resources/cobit">APO10.05</reference>
          <reference href="https://www.isaca.org/resources/cobit">APO11.04</reference>
          <reference href="https://www.isaca.org/resources/cobit">APO12.06</reference>
          <reference href="https://www.isaca.org/resources/cobit">APO13.01</reference>
          <reference href="https://www.isaca.org/resources/cobit">BAI03.05</reference>
          <reference href="https://www.isaca.org/resources/cobit">BAI08.02</reference>
          <reference href="https://www.isaca.org/resources/cobit">DSS01.03</reference>
          <reference href="https://www.isaca.org/resources/cobit">DSS01.04</reference>
          <reference href="https://www.isaca.org/resources/cobit">DSS02.02</reference>
          <reference href="https://www.isaca.org/resources/cobit">DSS02.04</reference>
          <reference href="https://www.isaca.org/resources/cobit">DSS02.07</reference>
          <reference href="https://www.isaca.org/resources/cobit">DSS03.01</reference>
          <reference href="https://www.isaca.org/resources/cobit">DSS03.05</reference>
          <reference href="https://www.isaca.org/resources/cobit">DSS05.02</reference>
          <reference href="https://www.isaca.org/resources/cobit">DSS05.03</reference>
          <reference href="https://www.isaca.org/resources/cobit">DSS05.04</reference>
          <reference href="https://www.isaca.org/resources/cobit">DSS05.05</reference>
          <reference href="https://www.isaca.org/resources/cobit">DSS05.07</reference>
          <reference href="https://www.isaca.org/resources/cobit">MEA01.01</reference>
          <reference href="https://www.isaca.org/resources/cobit">MEA01.02</reference>
          <reference href="https://www.isaca.org/resources/cobit">MEA01.03</reference>
          <reference href="https://www.isaca.org/resources/cobit">MEA01.04</reference>
          <reference href="https://www.isaca.org/resources/cobit">MEA01.05</reference>
          <reference href="https://www.isaca.org/resources/cobit">MEA02.01</reference>
          <reference href="http://nvlpubs.nist.gov/nistpubs/SpecialPublications/NIST.SP.800-171.pdf">3.1.7</reference>
          <reference href="https://www.gpo.gov/fdsys/pkg/CFR-2007-title45-vol1/pdf/CFR-2007-title45-vol1-chapA-subchapC.pdf">164.308(a)(1)(ii)(D)</reference>
          <reference href="https://www.gpo.gov/fdsys/pkg/CFR-2007-title45-vol1/pdf/CFR-2007-title45-vol1-chapA-subchapC.pdf">164.308(a)(3)(ii)(A)</reference>
          <reference href="https://www.gpo.gov/fdsys/pkg/CFR-2007-title45-vol1/pdf/CFR-2007-title45-vol1-chapA-subchapC.pdf">164.308(a)(5)(ii)(C)</reference>
          <reference href="https://www.gpo.gov/fdsys/pkg/CFR-2007-title45-vol1/pdf/CFR-2007-title45-vol1-chapA-subchapC.pdf">164.312(a)(2)(i)</reference>
          <reference href="https://www.gpo.gov/fdsys/pkg/CFR-2007-title45-vol1/pdf/CFR-2007-title45-vol1-chapA-subchapC.pdf">164.312(b)</reference>
          <reference href="https://www.gpo.gov/fdsys/pkg/CFR-2007-title45-vol1/pdf/CFR-2007-title45-vol1-chapA-subchapC.pdf">164.312(d)</reference>
          <reference href="https://www.gpo.gov/fdsys/pkg/CFR-2007-title45-vol1/pdf/CFR-2007-title45-vol1-chapA-subchapC.pdf">164.312(e)</reference>
          <reference href="https://www.isa.org/products/isa-62443-2-1-2009-security-for-industrial-automat">4.2.3.10</reference>
          <reference href="https://www.isa.org/products/isa-62443-2-1-2009-security-for-industrial-automat">4.3.2.6.7</reference>
          <reference href="https://www.isa.org/products/isa-62443-2-1-2009-security-for-industrial-automat">4.3.3.3.9</reference>
          <reference href="https://www.isa.org/products/isa-62443-2-1-2009-security-for-industrial-automat">4.3.3.5.8</reference>
          <reference href="https://www.isa.org/products/isa-62443-2-1-2009-security-for-industrial-automat">4.3.3.6.6</reference>
          <reference href="https://www.isa.org/products/isa-62443-2-1-2009-security-for-industrial-automat">4.3.4.4.7</reference>
          <reference href="https://www.isa.org/products/isa-62443-2-1-2009-security-for-industrial-automat">4.3.4.5.6</reference>
          <reference href="https://www.isa.org/products/isa-62443-2-1-2009-security-for-industrial-automat">4.3.4.5.7</reference>
          <reference href="https://www.isa.org/products/isa-62443-2-1-2009-security-for-industrial-automat">4.3.4.5.8</reference>
          <reference href="https://www.isa.org/products/isa-62443-2-1-2009-security-for-industrial-automat">4.4.2.1</reference>
          <reference href="https://www.isa.org/products/isa-62443-2-1-2009-security-for-industrial-automat">4.4.2.2</reference>
          <reference href="https://www.isa.org/products/isa-62443-2-1-2009-security-for-industrial-automat">4.4.2.4</reference>
          <reference href="https://www.isa.org/products/ansi-isa-62443-3-3-99-03-03-2013-security-for-indu">SR 1.13</reference>
          <reference href="https://www.isa.org/products/ansi-isa-62443-3-3-99-03-03-2013-security-for-indu">SR 2.10</reference>
          <reference href="https://www.isa.org/products/ansi-isa-62443-3-3-99-03-03-2013-security-for-indu">SR 2.11</reference>
          <reference href="https://www.isa.org/products/ansi-isa-62443-3-3-99-03-03-2013-security-for-indu">SR 2.12</reference>
          <reference href="https://www.isa.org/products/ansi-isa-62443-3-3-99-03-03-2013-security-for-indu">SR 2.6</reference>
          <reference href="https://www.isa.org/products/ansi-isa-62443-3-3-99-03-03-2013-security-for-indu">SR 2.8</reference>
          <reference href="https://www.isa.org/products/ansi-isa-62443-3-3-99-03-03-2013-security-for-indu">SR 2.9</reference>
          <reference href="https://www.isa.org/products/ansi-isa-62443-3-3-99-03-03-2013-security-for-indu">SR 3.1</reference>
          <reference href="https://www.isa.org/products/ansi-isa-62443-3-3-99-03-03-2013-security-for-indu">SR 3.5</reference>
          <reference href="https://www.isa.org/products/ansi-isa-62443-3-3-99-03-03-2013-security-for-indu">SR 3.8</reference>
          <reference href="https://www.isa.org/products/ansi-isa-62443-3-3-99-03-03-2013-security-for-indu">SR 4.1</reference>
          <reference href="https://www.isa.org/products/ansi-isa-62443-3-3-99-03-03-2013-security-for-indu">SR 4.3</reference>
          <reference href="https://www.isa.org/products/ansi-isa-62443-3-3-99-03-03-2013-security-for-indu">SR 5.1</reference>
          <reference href="https://www.isa.org/products/ansi-isa-62443-3-3-99-03-03-2013-security-for-indu">SR 5.2</reference>
          <reference href="https://www.isa.org/products/ansi-isa-62443-3-3-99-03-03-2013-security-for-indu">SR 5.3</reference>
          <reference href="https://www.isa.org/products/ansi-isa-62443-3-3-99-03-03-2013-security-for-indu">SR 6.1</reference>
          <reference href="https://www.isa.org/products/ansi-isa-62443-3-3-99-03-03-2013-security-for-indu">SR 6.2</reference>
          <reference href="https://www.isa.org/products/ansi-isa-62443-3-3-99-03-03-2013-security-for-indu">SR 7.1</reference>
          <reference href="https://www.isa.org/products/ansi-isa-62443-3-3-99-03-03-2013-security-for-indu">SR 7.6</reference>
          <reference href="https://www.iso.org/contents/data/standard/05/45/54534.html">A.11.2.6</reference>
          <reference href="https://www.iso.org/contents/data/standard/05/45/54534.html">A.12.4.1</reference>
          <reference href="https://www.iso.org/contents/data/standard/05/45/54534.html">A.12.4.2</reference>
          <reference href="https://www.iso.org/contents/data/standard/05/45/54534.html">A.12.4.3</reference>
          <reference href="https://www.iso.org/contents/data/standard/05/45/54534.html">A.12.4.4</reference>
          <reference href="https://www.iso.org/contents/data/standard/05/45/54534.html">A.12.7.1</reference>
          <reference href="https://www.iso.org/contents/data/standard/05/45/54534.html">A.13.1.1</reference>
          <reference href="https://www.iso.org/contents/data/standard/05/45/54534.html">A.13.2.1</reference>
          <reference href="https://www.iso.org/contents/data/standard/05/45/54534.html">A.14.1.3</reference>
          <reference href="https://www.iso.org/contents/data/standard/05/45/54534.html">A.14.2.7</reference>
          <reference href="https://www.iso.org/contents/data/standard/05/45/54534.html">A.15.2.1</reference>
          <reference href="https://www.iso.org/contents/data/standard/05/45/54534.html">A.15.2.2</reference>
          <reference href="https://www.iso.org/contents/data/standard/05/45/54534.html">A.16.1.4</reference>
          <reference href="https://www.iso.org/contents/data/standard/05/45/54534.html">A.16.1.5</reference>
          <reference href="https://www.iso.org/contents/data/standard/05/45/54534.html">A.16.1.7</reference>
          <reference href="https://www.iso.org/contents/data/standard/05/45/54534.html">A.6.2.1</reference>
          <reference href="https://www.iso.org/contents/data/standard/05/45/54534.html">A.6.2.2</reference>
          <reference href="http://nvlpubs.nist.gov/nistpubs/SpecialPublications/NIST.SP.800-53r4.pdf">AU-3</reference>
          <reference href="http://nvlpubs.nist.gov/nistpubs/SpecialPublications/NIST.SP.800-53r4.pdf">AU-3.1</reference>
          <reference href="http://nvlpubs.nist.gov/nistpubs/SpecialPublications/NIST.SP.800-53r4.pdf">AU-12(c)</reference>
          <reference href="http://nvlpubs.nist.gov/nistpubs/SpecialPublications/NIST.SP.800-53r4.pdf">AU-12.1(iv)</reference>
          <reference href="http://nvlpubs.nist.gov/nistpubs/SpecialPublications/NIST.SP.800-53r4.pdf">AU-12(a)</reference>
          <reference href="http://nvlpubs.nist.gov/nistpubs/SpecialPublications/NIST.SP.800-53r4.pdf">AU-12.1(ii)</reference>
          <reference href="http://nvlpubs.nist.gov/nistpubs/SpecialPublications/NIST.SP.800-53r4.pdf">MA-4(1)(a)</reference>
          <reference href="https://nvlpubs.nist.gov/nistpubs/CSWP/NIST.CSWP.04162018.pdf">DE.AE-3</reference>
          <reference href="https://nvlpubs.nist.gov/nistpubs/CSWP/NIST.CSWP.04162018.pdf">DE.AE-5</reference>
          <reference href="https://nvlpubs.nist.gov/nistpubs/CSWP/NIST.CSWP.04162018.pdf">DE.CM-1</reference>
          <reference href="https://nvlpubs.nist.gov/nistpubs/CSWP/NIST.CSWP.04162018.pdf">DE.CM-3</reference>
          <reference href="https://nvlpubs.nist.gov/nistpubs/CSWP/NIST.CSWP.04162018.pdf">DE.CM-7</reference>
          <reference href="https://nvlpubs.nist.gov/nistpubs/CSWP/NIST.CSWP.04162018.pdf">ID.SC-4</reference>
          <reference href="https://nvlpubs.nist.gov/nistpubs/CSWP/NIST.CSWP.04162018.pdf">PR.AC-3</reference>
          <reference href="https://nvlpubs.nist.gov/nistpubs/CSWP/NIST.CSWP.04162018.pdf">PR.PT-1</reference>
          <reference href="https://nvlpubs.nist.gov/nistpubs/CSWP/NIST.CSWP.04162018.pdf">PR.PT-4</reference>
          <reference href="https://nvlpubs.nist.gov/nistpubs/CSWP/NIST.CSWP.04162018.pdf">RS.AN-1</reference>
          <reference href="https://nvlpubs.nist.gov/nistpubs/CSWP/NIST.CSWP.04162018.pdf">RS.AN-4</reference>
          <reference href="https://www.pcisecuritystandards.org/documents/PCI_DSS_v3-2-1.pdf">Req-10.5.5</reference>
          <reference href="https://www.cyber.mil/stigs/downloads/?_dl_facet_stigs=operating-systems%2Cgeneral-purpose-os">SRG-OS-000037-GPOS-00015</reference>
          <reference href="https://www.cyber.mil/stigs/downloads/?_dl_facet_stigs=operating-systems%2Cgeneral-purpose-os">SRG-OS-000042-GPOS-00020</reference>
          <reference href="https://www.cyber.mil/stigs/downloads/?_dl_facet_stigs=operating-systems%2Cgeneral-purpose-os">SRG-OS-000062-GPOS-00031</reference>
          <reference href="https://www.cyber.mil/stigs/downloads/?_dl_facet_stigs=operating-systems%2Cgeneral-purpose-os">SRG-OS-000392-GPOS-00172</reference>
          <reference href="https://www.cyber.mil/stigs/downloads/?_dl_facet_stigs=operating-systems%2Cgeneral-purpose-os">SRG-OS-000462-GPOS-00206</reference>
          <reference href="https://www.cyber.mil/stigs/downloads/?_dl_facet_stigs=operating-systems%2Cgeneral-purpose-os">SRG-OS-000471-GPOS-00215</reference>
          <reference href="https://www.cyber.mil/stigs/downloads/?_dl_facet_stigs=operating-systems%2Cgeneral-purpose-os">SRG-OS-000064-GPOS-00033</reference>
          <reference href="https://www.cyber.mil/stigs/downloads/?_dl_facet_stigs=operating-systems%2Cgeneral-purpose-os">SRG-OS-000466-GPOS-00210</reference>
          <reference href="https://www.cyber.mil/stigs/downloads/?_dl_facet_stigs=operating-systems%2Cgeneral-purpose-os">SRG-OS-000458-GPOS-00203</reference>
          <reference href="https://www.cyber.mil/stigs/downloads/?_dl_facet_stigs=app-security">SRG-APP-000091-CTR-000160</reference>
          <reference href="https://www.cyber.mil/stigs/downloads/?_dl_facet_stigs=app-security">SRG-APP-000492-CTR-001220</reference>
          <reference href="https://www.cyber.mil/stigs/downloads/?_dl_facet_stigs=app-security">SRG-APP-000493-CTR-001225</reference>
          <reference href="https://www.cyber.mil/stigs/downloads/?_dl_facet_stigs=app-security">SRG-APP-000494-CTR-001230</reference>
          <reference href="https://www.cyber.mil/stigs/downloads/?_dl_facet_stigs=app-security">SRG-APP-000500-CTR-001260</reference>
          <reference href="https://www.cyber.mil/stigs/downloads/?_dl_facet_stigs=app-security">SRG-APP-000507-CTR-001295</reference>
          <reference href="https://www.cyber.mil/stigs/downloads/?_dl_facet_stigs=app-security">SRG-APP-000495-CTR-001235</reference>
          <reference href="https://www.cyber.mil/stigs/downloads/?_dl_facet_stigs=app-security">SRG-APP-000499-CTR-001255</reference>
          <reference href="https://www.cyber.mil/stigs/downloads/?_dl_facet_stigs=operating-systems%2Cunix-linux">SLES-15-030290</reference>
          <reference href="https://www.cisecurity.org/benchmark/suse_linux/">4.1.9</reference>
          <reference href="https://cyber.gouv.fr/sites/default/files/document/linux_configuration-en-v2.pdf">R73</reference>
          <reference href="not_publicly_available">SLES-15-750450255</reference>
          <reference href="https://docs-prv.pcisecuritystandards.org/PCI%20DSS/Standard/PCI-DSS-v4_0.pdf">10.3.4</reference>
          <reference href="https://docs-prv.pcisecuritystandards.org/PCI%20DSS/Standard/PCI-DSS-v4_0.pdf">10.3</reference>
          <reference href="https://www.cyber.mil/stigs/srg-stig-tools/">SV-234928r958412_rule</reference>
          <rationale xmlns:xhtml="http://www.w3.org/1999/xhtml" xml:lang="en-US">The changing of file permissions could indicate that a user is attempting to
gain access to information that would otherwise be disallowed. Auditing DAC modifications
can facilitate the identification of patterns of abuse among both authorized and
unauthorized users.</rationale>
          <ident system="https://ncp.nist.gov/cce">CCE-85694-8</ident>
          <fix xmlns:xhtml="http://www.w3.org/1999/xhtml" id="audit_rules_dac_modification_fchmod" system="urn:xccdf:fix:script:sh"># Remediation is applicable only in certain platforms
if rpm --quiet -q audit &amp;&amp; rpm --quiet -q kernel-default || rpm --quiet -q kernel-default-base; then

# First perform the remediation of the syscall rule
# Retrieve hardware architecture of the underlying system
[ "$(getconf LONG_BIT)" = "32" ] &amp;&amp; RULE_ARCHS=("b32") || RULE_ARCHS=("b32" "b64")

for ARCH in "${RULE_ARCHS[@]}"
do
	ACTION_ARCH_FILTERS="-a always,exit -F arch=$ARCH"
	OTHER_FILTERS=""
	AUID_FILTERS="-F auid&gt;=1000 -F auid!=unset"
	SYSCALL="fchmod"
	KEY="perm_mod"
	SYSCALL_GROUPING="chmod fchmod fchmodat"

	# Perform the remediation for both possible tools: 'auditctl' and 'augenrules'
	unset syscall_a
unset syscall_grouping
unset syscall_string
unset syscall
unset file_to_edit
unset rule_to_edit
unset rule_syscalls_to_edit
unset other_string
unset auid_string
unset full_rule

# Load macro arguments into arrays
read -a syscall_a &lt;&lt;&lt; $SYSCALL
read -a syscall_grouping &lt;&lt;&lt; $SYSCALL_GROUPING

# Create a list of audit *.rules files that should be inspected for presence and correctness
# of a particular audit rule. The scheme is as follows:
#
# -----------------------------------------------------------------------------------------
#  Tool used to load audit rules | Rule already defined  |  Audit rules file to inspect    |
# -----------------------------------------------------------------------------------------
#        auditctl                |     Doesn't matter    |  /etc/audit/audit.rules         |
# -----------------------------------------------------------------------------------------
#        augenrules              |          Yes          |  /etc/audit/rules.d/*.rules     |
#        augenrules              |          No           |  /etc/audit/rules.d/$key.rules  |
# -----------------------------------------------------------------------------------------
#
files_to_inspect=()

# If audit tool is 'augenrules', then check if the audit rule is defined
# If rule is defined, add '/etc/audit/rules.d/*.rules' to the list for inspection
# If rule isn't defined yet, add '/etc/audit/rules.d/$key.rules' to the list for inspection
default_file="/etc/audit/rules.d/$KEY.rules"
# As other_filters may include paths, lets use a different delimiter for it
# The "F" script expression tells sed to print the filenames where the expressions matched
readarray -t files_to_inspect &lt; &lt;(sed -s -n -e "/^$ACTION_ARCH_FILTERS/!d" -e "\#$OTHER_FILTERS#!d" -e "/$AUID_FILTERS/!d" -e "F" /etc/audit/rules.d/*.rules)
# Case when particular rule isn't defined in /etc/audit/rules.d/*.rules yet
if [ ${#files_to_inspect[@]} -eq "0" ]
then
    file_to_inspect="/etc/audit/rules.d/$KEY.rules"
    files_to_inspect=("$file_to_inspect")
    if [ ! -e "$file_to_inspect" ]
    then
        touch "$file_to_inspect"
        chmod 0600 "$file_to_inspect"
    fi
fi

# After converting to jinja, we cannot return; therefore we skip the rest of the macro if needed instead
skip=1

for audit_file in "${files_to_inspect[@]}"
do
    # Filter existing $audit_file rules' definitions to select those that satisfy the rule pattern,
    # i.e, collect rules that match:
    # * the action, list and arch, (2-nd argument)
    # * the other filters, (3-rd argument)
    # * the auid filters, (4-rd argument)
    readarray -t similar_rules &lt; &lt;(sed -e "/^$ACTION_ARCH_FILTERS/!d"  -e "\#$OTHER_FILTERS#!d" -e "/$AUID_FILTERS/!d" "$audit_file")

    candidate_rules=()
    # Filter out rules that have more fields then required. This will remove rules more specific than the required scope
    for s_rule in "${similar_rules[@]}"
    do
        # Strip all the options and fields we know of,
        # than check if there was any field left over
        extra_fields=$(sed -E -e "s/^$ACTION_ARCH_FILTERS//"  -e "s#$OTHER_FILTERS##" -e "s/$AUID_FILTERS//" -e "s/((:?-S [[:alnum:],]+)+)//g" -e "s/-F key=\w+|-k \w+//"&lt;&lt;&lt; "$s_rule")
        grep -q -- "-F" &lt;&lt;&lt; "$extra_fields" || candidate_rules+=("$s_rule")
    done

    if [[ ${#syscall_a[@]} -ge 1 ]]
    then
        # Check if the syscall we want is present in any of the similar existing rules
        for rule in "${candidate_rules[@]}"
        do
            rule_syscalls=$(echo "$rule" | grep -o -P '(-S [\w,]+)+' | xargs)
            all_syscalls_found=0
            for syscall in "${syscall_a[@]}"
            do
                grep -q -- "\b${syscall}\b" &lt;&lt;&lt; "$rule_syscalls" || {
                   # A syscall was not found in the candidate rule
                   all_syscalls_found=1
                   }
            done
            if [[ $all_syscalls_found -eq 0 ]]
            then
                # We found a rule with all the syscall(s) we want; skip rest of macro
                skip=0
                break
            fi

            # Check if this rule can be grouped with our target syscall and keep track of it
            for syscall_g in "${syscall_grouping[@]}"
            do
                if grep -q -- "\b${syscall_g}\b" &lt;&lt;&lt; "$rule_syscalls"
                then
                    file_to_edit=${audit_file}
                    rule_to_edit=${rule}
                    rule_syscalls_to_edit=${rule_syscalls}
                fi
            done
        done
    else
        # If there is any candidate rule, it is compliant; skip rest of macro
        if [ "${#candidate_rules[@]}" -gt 0 ]
        then
            skip=0
        fi
    fi

    if [ "$skip" -eq 0 ]; then
        break
    fi
done

if [ "$skip" -ne 0 ]; then
    # We checked all rules that matched the expected resemblance pattern (action, arch &amp; auid)
    # At this point we know if we need to either append the $full_rule or group
    # the syscall together with an exsiting rule

    # Append the full_rule if it cannot be grouped to any other rule
    if [ -z ${rule_to_edit+x} ]
    then
        # Build full_rule while avoid adding double spaces when other_filters is empty
        if [ "${#syscall_a[@]}" -gt 0 ]
        then
            syscall_string=""
            for syscall in "${syscall_a[@]}"
            do
                syscall_string+=" -S $syscall"
            done
        fi
        other_string=$([[ $OTHER_FILTERS ]] &amp;&amp; echo " $OTHER_FILTERS") || /bin/true
        auid_string=$([[ $AUID_FILTERS ]] &amp;&amp; echo " $AUID_FILTERS") || /bin/true
        full_rule="$ACTION_ARCH_FILTERS${syscall_string}${other_string}${auid_string} -F key=$KEY" || /bin/true
        echo "$full_rule" &gt;&gt; "$default_file"
        chmod 0600 ${default_file}
    else
        # Check if the syscalls are declared as a comma separated list or
        # as multiple -S parameters
        if grep -q -- "," &lt;&lt;&lt; "${rule_syscalls_to_edit}"
        then
            delimiter=","
        else
            delimiter=" -S "
        fi
        new_grouped_syscalls="${rule_syscalls_to_edit}"
        for syscall in "${syscall_a[@]}"
        do
            grep -q -- "\b${syscall}\b" &lt;&lt;&lt; "${rule_syscalls_to_edit}" || {
               # A syscall was not found in the candidate rule
               new_grouped_syscalls+="${delimiter}${syscall}"
               }
        done

        # Group the syscall in the rule
        sed -i -e "\#${rule_to_edit}#s#${rule_syscalls_to_edit}#${new_grouped_syscalls}#" "$file_to_edit"
    fi
fi
	unset syscall_a
unset syscall_grouping
unset syscall_string
unset syscall
unset file_to_edit
unset rule_to_edit
unset rule_syscalls_to_edit
unset other_string
unset auid_string
unset full_rule

# Load macro arguments into arrays
read -a syscall_a &lt;&lt;&lt; $SYSCALL
read -a syscall_grouping &lt;&lt;&lt; $SYSCALL_GROUPING

# Create a list of audit *.rules files that should be inspected for presence and correctness
# of a particular audit rule. The scheme is as follows:
#
# -----------------------------------------------------------------------------------------
#  Tool used to load audit rules | Rule already defined  |  Audit rules file to inspect    |
# -----------------------------------------------------------------------------------------
#        auditctl                |     Doesn't matter    |  /etc/audit/audit.rules         |
# -----------------------------------------------------------------------------------------
#        augenrules              |          Yes          |  /etc/audit/rules.d/*.rules     |
#        augenrules              |          No           |  /etc/audit/rules.d/$key.rules  |
# -----------------------------------------------------------------------------------------
#
files_to_inspect=()


# If audit tool is 'auditctl', then add '/etc/audit/audit.rules'
# file to the list of files to be inspected
default_file="/etc/audit/audit.rules"
files_to_inspect+=('/etc/audit/audit.rules' )

# After converting to jinja, we cannot return; therefore we skip the rest of the macro if needed instead
skip=1

for audit_file in "${files_to_inspect[@]}"
do
    # Filter existing $audit_file rules' definitions to select those that satisfy the rule pattern,
    # i.e, collect rules that match:
    # * the action, list and arch, (2-nd argument)
    # * the other filters, (3-rd argument)
    # * the auid filters, (4-rd argument)
    readarray -t similar_rules &lt; &lt;(sed -e "/^$ACTION_ARCH_FILTERS/!d"  -e "\#$OTHER_FILTERS#!d" -e "/$AUID_FILTERS/!d" "$audit_file")

    candidate_rules=()
    # Filter out rules that have more fields then required. This will remove rules more specific than the required scope
    for s_rule in "${similar_rules[@]}"
    do
        # Strip all the options and fields we know of,
        # than check if there was any field left over
        extra_fields=$(sed -E -e "s/^$ACTION_ARCH_FILTERS//"  -e "s#$OTHER_FILTERS##" -e "s/$AUID_FILTERS//" -e "s/((:?-S [[:alnum:],]+)+)//g" -e "s/-F key=\w+|-k \w+//"&lt;&lt;&lt; "$s_rule")
        grep -q -- "-F" &lt;&lt;&lt; "$extra_fields" || candidate_rules+=("$s_rule")
    done

    if [[ ${#syscall_a[@]} -ge 1 ]]
    then
        # Check if the syscall we want is present in any of the similar existing rules
        for rule in "${candidate_rules[@]}"
        do
            rule_syscalls=$(echo "$rule" | grep -o -P '(-S [\w,]+)+' | xargs)
            all_syscalls_found=0
            for syscall in "${syscall_a[@]}"
            do
                grep -q -- "\b${syscall}\b" &lt;&lt;&lt; "$rule_syscalls" || {
                   # A syscall was not found in the candidate rule
                   all_syscalls_found=1
                   }
            done
            if [[ $all_syscalls_found -eq 0 ]]
            then
                # We found a rule with all the syscall(s) we want; skip rest of macro
                skip=0
                break
            fi

            # Check if this rule can be grouped with our target syscall and keep track of it
            for syscall_g in "${syscall_grouping[@]}"
            do
                if grep -q -- "\b${syscall_g}\b" &lt;&lt;&lt; "$rule_syscalls"
                then
                    file_to_edit=${audit_file}
                    rule_to_edit=${rule}
                    rule_syscalls_to_edit=${rule_syscalls}
                fi
            done
        done
    else
        # If there is any candidate rule, it is compliant; skip rest of macro
        if [ "${#candidate_rules[@]}" -gt 0 ]
        then
            skip=0
        fi
    fi

    if [ "$skip" -eq 0 ]; then
        break
    fi
done

if [ "$skip" -ne 0 ]; then
    # We checked all rules that matched the expected resemblance pattern (action, arch &amp; auid)
    # At this point we know if we need to either append the $full_rule or group
    # the syscall together with an exsiting rule

    # Append the full_rule if it cannot be grouped to any other rule
    if [ -z ${rule_to_edit+x} ]
    then
        # Build full_rule while avoid adding double spaces when other_filters is empty
        if [ "${#syscall_a[@]}" -gt 0 ]
        then
            syscall_string=""
            for syscall in "${syscall_a[@]}"
            do
                syscall_string+=" -S $syscall"
            done
        fi
        other_string=$([[ $OTHER_FILTERS ]] &amp;&amp; echo " $OTHER_FILTERS") || /bin/true
        auid_string=$([[ $AUID_FILTERS ]] &amp;&amp; echo " $AUID_FILTERS") || /bin/true
        full_rule="$ACTION_ARCH_FILTERS${syscall_string}${other_string}${auid_string} -F key=$KEY" || /bin/true
        echo "$full_rule" &gt;&gt; "$default_file"
        chmod 0600 ${default_file}
    else
        # Check if the syscalls are declared as a comma separated list or
        # as multiple -S parameters
        if grep -q -- "," &lt;&lt;&lt; "${rule_syscalls_to_edit}"
        then
            delimiter=","
        else
            delimiter=" -S "
        fi
        new_grouped_syscalls="${rule_syscalls_to_edit}"
        for syscall in "${syscall_a[@]}"
        do
            grep -q -- "\b${syscall}\b" &lt;&lt;&lt; "${rule_syscalls_to_edit}" || {
               # A syscall was not found in the candidate rule
               new_grouped_syscalls+="${delimiter}${syscall}"
               }
        done

        # Group the syscall in the rule
        sed -i -e "\#${rule_to_edit}#s#${rule_syscalls_to_edit}#${new_grouped_syscalls}#" "$file_to_edit"
    fi
fi
done

else
    &gt;&amp;2 echo 'Remediation is not applicable, nothing was done'
fi
</fix>
          <fix xmlns:xhtml="http://www.w3.org/1999/xhtml" id="audit_rules_dac_modification_fchmod" system="urn:xccdf:fix:script:ansible" reboot="true" complexity="low" disruption="low" strategy="restrict">- name: Gather the package facts
  package_facts:
    manager: auto
  tags:
  - CCE-85694-8
  - CJIS-5.4.1.1
  - DISA-STIG-SLES-15-030290
  - NIST-800-171-3.1.7
  - NIST-800-53-AU-12(a)
  - NIST-800-53-AU-12(c)
  - NIST-800-53-AU-12.1(ii)
  - NIST-800-53-AU-12.1(iv)
  - NIST-800-53-AU-3
  - NIST-800-53-AU-3.1
  - NIST-800-53-MA-4(1)(a)
  - PCI-DSS-Req-10.5.5
  - PCI-DSSv4-10.3
  - PCI-DSSv4-10.3.4
  - audit_rules_dac_modification_fchmod
  - low_complexity
  - low_disruption
  - medium_severity
  - reboot_required
  - restrict_strategy

- name: Set architecture for audit fchmod tasks
  ansible.builtin.set_fact:
    audit_arch: b64
  when:
  - '"audit" in ansible_facts.packages'
  - ("kernel-default" in ansible_facts.packages or "kernel-default-base" in ansible_facts.packages)
  - ansible_architecture == "aarch64" or ansible_architecture == "ppc64" or ansible_architecture
    == "ppc64le" or ansible_architecture == "s390x" or ansible_architecture == "x86_64"
  tags:
  - CCE-85694-8
  - CJIS-5.4.1.1
  - DISA-STIG-SLES-15-030290
  - NIST-800-171-3.1.7
  - NIST-800-53-AU-12(a)
  - NIST-800-53-AU-12(c)
  - NIST-800-53-AU-12.1(ii)
  - NIST-800-53-AU-12.1(iv)
  - NIST-800-53-AU-3
  - NIST-800-53-AU-3.1
  - NIST-800-53-MA-4(1)(a)
  - PCI-DSS-Req-10.5.5
  - PCI-DSSv4-10.3
  - PCI-DSSv4-10.3.4
  - audit_rules_dac_modification_fchmod
  - low_complexity
  - low_disruption
  - medium_severity
  - reboot_required
  - restrict_strategy

- name: Perform remediation of Audit rules for fchmod for 32bit platform
  block:

  - name: Declare list of syscalls
    ansible.builtin.set_fact:
      syscalls:
      - fchmod
      syscall_grouping:
      - chmod
      - fchmod
      - fchmodat

  - name: Check existence of fchmod in /etc/audit/rules.d/
    ansible.builtin.find:
      paths: /etc/audit/rules.d
      contains: -a always,exit -F arch=b32(( -S |,)\w+)*(( -S |,){{ item }})+(( -S
        |,)\w+)* -F auid&gt;=1000 -F auid!=unset (-k\s+|-F\s+key=)\S+\s*$
      patterns: '*.rules'
    register: find_command
    loop: '{{ (syscall_grouping + syscalls) | unique }}'

  - name: Reset syscalls found per file
    ansible.builtin.set_fact:
      syscalls_per_file: {}
      found_paths_dict: {}

  - name: Declare syscalls found per file
    ansible.builtin.set_fact: syscalls_per_file="{{ syscalls_per_file | combine( {item.files[0].path
      :[item.item] + syscalls_per_file.get(item.files[0].path, []) } ) }}"
    loop: '{{ find_command.results | selectattr(''matched'') | list }}'

  - name: Declare files where syscalls were found
    ansible.builtin.set_fact: found_paths="{{ find_command.results | map(attribute='files')
      | flatten | map(attribute='path') | list }}"

  - name: Count occurrences of syscalls in paths
    ansible.builtin.set_fact: found_paths_dict="{{ found_paths_dict | combine({ item:1+found_paths_dict.get(item,
      0) }) }}"
    loop: '{{ find_command.results | map(attribute=''files'') | flatten | map(attribute=''path'')
      | list }}'

  - name: Get path with most syscalls
    ansible.builtin.set_fact: audit_file="{{ (found_paths_dict | dict2items() | sort(attribute='value')
      | last).key }}"
    when: found_paths | length &gt;= 1

  - name: No file with syscall found, set path to /etc/audit/rules.d/perm_mod.rules
    ansible.builtin.set_fact: audit_file="/etc/audit/rules.d/perm_mod.rules"
    when: found_paths | length == 0

  - name: Declare found syscalls
    ansible.builtin.set_fact: syscalls_found="{{ find_command.results | selectattr('matched')
      | map(attribute='item') | list }}"

  - name: Declare missing syscalls
    ansible.builtin.set_fact: missing_syscalls="{{ syscalls | difference(syscalls_found)
      }}"

  - name: Replace the audit rule in {{ audit_file }}
    ansible.builtin.lineinfile:
      path: '{{ audit_file }}'
      regexp: (-a always,exit -F arch=b32)(?=.*(?:(?:-S |,)(?:{{ syscalls_per_file[audit_file]
        | join("|") }}))\b)((?:( -S |,)\w+)+)( -F auid&gt;=1000 -F auid!=unset (?:-k
        |-F key=)\w+)
      line: \1\2\3{{ missing_syscalls | join("\3") }}\4
      backrefs: true
      state: present
      mode: g-rwx,o-rwx
    when: syscalls_found | length &gt; 0 and missing_syscalls | length &gt; 0

  - name: Add the audit rule to {{ audit_file }}
    ansible.builtin.lineinfile:
      path: '{{ audit_file }}'
      line: -a always,exit -F arch=b32 -S {{ syscalls | join(',') }} -F auid&gt;=1000
        -F auid!=unset -F key=perm_mod
      create: true
      mode: g-rwx,o-rwx
      state: present
    when: syscalls_found | length == 0

  - name: Declare list of syscalls
    ansible.builtin.set_fact:
      syscalls:
      - fchmod
      syscall_grouping:
      - chmod
      - fchmod
      - fchmodat

  - name: Check existence of fchmod in /etc/audit/audit.rules
    ansible.builtin.find:
      paths: /etc/audit
      contains: -a always,exit -F arch=b32(( -S |,)\w+)*(( -S |,){{ item }})+(( -S
        |,)\w+)* -F auid&gt;=1000 -F auid!=unset (-k\s+|-F\s+key=)\S+\s*$
      patterns: audit.rules
    register: find_command
    loop: '{{ (syscall_grouping + syscalls) | unique }}'

  - name: Set path to /etc/audit/audit.rules
    ansible.builtin.set_fact: audit_file="/etc/audit/audit.rules"

  - name: Declare found syscalls
    ansible.builtin.set_fact: syscalls_found="{{ find_command.results | selectattr('matched')
      | map(attribute='item') | list }}"

  - name: Declare missing syscalls
    ansible.builtin.set_fact: missing_syscalls="{{ syscalls | difference(syscalls_found)
      }}"

  - name: Replace the audit rule in {{ audit_file }}
    ansible.builtin.lineinfile:
      path: '{{ audit_file }}'
      regexp: (-a always,exit -F arch=b32)(?=.*(?:(?:-S |,)(?:{{ syscalls_found |
        join("|") }}))\b)((?:( -S |,)\w+)+)( -F auid&gt;=1000 -F auid!=unset (?:-k |-F
        key=)\w+)
      line: \1\2\3{{ missing_syscalls | join("\3") }}\4
      backrefs: true
      state: present
      mode: g-rwx,o-rwx
    when: syscalls_found | length &gt; 0 and missing_syscalls | length &gt; 0

  - name: Add the audit rule to {{ audit_file }}
    ansible.builtin.lineinfile:
      path: '{{ audit_file }}'
      line: -a always,exit -F arch=b32 -S {{ syscalls | join(',') }} -F auid&gt;=1000
        -F auid!=unset -F key=perm_mod
      create: true
      mode: g-rwx,o-rwx
      state: present
    when: syscalls_found | length == 0
  when:
  - '"audit" in ansible_facts.packages'
  - ("kernel-default" in ansible_facts.packages or "kernel-default-base" in ansible_facts.packages)
  tags:
  - CCE-85694-8
  - CJIS-5.4.1.1
  - DISA-STIG-SLES-15-030290
  - NIST-800-171-3.1.7
  - NIST-800-53-AU-12(a)
  - NIST-800-53-AU-12(c)
  - NIST-800-53-AU-12.1(ii)
  - NIST-800-53-AU-12.1(iv)
  - NIST-800-53-AU-3
  - NIST-800-53-AU-3.1
  - NIST-800-53-MA-4(1)(a)
  - PCI-DSS-Req-10.5.5
  - PCI-DSSv4-10.3
  - PCI-DSSv4-10.3.4
  - audit_rules_dac_modification_fchmod
  - low_complexity
  - low_disruption
  - medium_severity
  - reboot_required
  - restrict_strategy

- name: Perform remediation of Audit rules for fchmod for 64bit platform
  block:

  - name: Declare list of syscalls
    ansible.builtin.set_fact:
      syscalls:
      - fchmod
      syscall_grouping:
      - chmod
      - fchmod
      - fchmodat

  - name: Check existence of fchmod in /etc/audit/rules.d/
    ansible.builtin.find:
      paths: /etc/audit/rules.d
      contains: -a always,exit -F arch=b64(( -S |,)\w+)*(( -S |,){{ item }})+(( -S
        |,)\w+)* -F auid&gt;=1000 -F auid!=unset (-k\s+|-F\s+key=)\S+\s*$
      patterns: '*.rules'
    register: find_command
    loop: '{{ (syscall_grouping + syscalls) | unique }}'

  - name: Reset syscalls found per file
    ansible.builtin.set_fact:
      syscalls_per_file: {}
      found_paths_dict: {}

  - name: Declare syscalls found per file
    ansible.builtin.set_fact: syscalls_per_file="{{ syscalls_per_file | combine( {item.files[0].path
      :[item.item] + syscalls_per_file.get(item.files[0].path, []) } ) }}"
    loop: '{{ find_command.results | selectattr(''matched'') | list }}'

  - name: Declare files where syscalls were found
    ansible.builtin.set_fact: found_paths="{{ find_command.results | map(attribute='files')
      | flatten | map(attribute='path') | list }}"

  - name: Count occurrences of syscalls in paths
    ansible.builtin.set_fact: found_paths_dict="{{ found_paths_dict | combine({ item:1+found_paths_dict.get(item,
      0) }) }}"
    loop: '{{ find_command.results | map(attribute=''files'') | flatten | map(attribute=''path'')
      | list }}'

  - name: Get path with most syscalls
    ansible.builtin.set_fact: audit_file="{{ (found_paths_dict | dict2items() | sort(attribute='value')
      | last).key }}"
    when: found_paths | length &gt;= 1

  - name: No file with syscall found, set path to /etc/audit/rules.d/perm_mod.rules
    ansible.builtin.set_fact: audit_file="/etc/audit/rules.d/perm_mod.rules"
    when: found_paths | length == 0

  - name: Declare found syscalls
    ansible.builtin.set_fact: syscalls_found="{{ find_command.results | selectattr('matched')
      | map(attribute='item') | list }}"

  - name: Declare missing syscalls
    ansible.builtin.set_fact: missing_syscalls="{{ syscalls | difference(syscalls_found)
      }}"

  - name: Replace the audit rule in {{ audit_file }}
    ansible.builtin.lineinfile:
      path: '{{ audit_file }}'
      regexp: (-a always,exit -F arch=b64)(?=.*(?:(?:-S |,)(?:{{ syscalls_per_file[audit_file]
        | join("|") }}))\b)((?:( -S |,)\w+)+)( -F auid&gt;=1000 -F auid!=unset (?:-k
        |-F key=)\w+)
      line: \1\2\3{{ missing_syscalls | join("\3") }}\4
      backrefs: true
      state: present
      mode: g-rwx,o-rwx
    when: syscalls_found | length &gt; 0 and missing_syscalls | length &gt; 0

  - name: Add the audit rule to {{ audit_file }}
    ansible.builtin.lineinfile:
      path: '{{ audit_file }}'
      line: -a always,exit -F arch=b64 -S {{ syscalls | join(',') }} -F auid&gt;=1000
        -F auid!=unset -F key=perm_mod
      create: true
      mode: g-rwx,o-rwx
      state: present
    when: syscalls_found | length == 0

  - name: Declare list of syscalls
    ansible.builtin.set_fact:
      syscalls:
      - fchmod
      syscall_grouping:
      - chmod
      - fchmod
      - fchmodat

  - name: Check existence of fchmod in /etc/audit/audit.rules
    ansible.builtin.find:
      paths: /etc/audit
      contains: -a always,exit -F arch=b64(( -S |,)\w+)*(( -S |,){{ item }})+(( -S
        |,)\w+)* -F auid&gt;=1000 -F auid!=unset (-k\s+|-F\s+key=)\S+\s*$
      patterns: audit.rules
    register: find_command
    loop: '{{ (syscall_grouping + syscalls) | unique }}'

  - name: Set path to /etc/audit/audit.rules
    ansible.builtin.set_fact: audit_file="/etc/audit/audit.rules"

  - name: Declare found syscalls
    ansible.builtin.set_fact: syscalls_found="{{ find_command.results | selectattr('matched')
      | map(attribute='item') | list }}"

  - name: Declare missing syscalls
    ansible.builtin.set_fact: missing_syscalls="{{ syscalls | difference(syscalls_found)
      }}"

  - name: Replace the audit rule in {{ audit_file }}
    ansible.builtin.lineinfile:
      path: '{{ audit_file }}'
      regexp: (-a always,exit -F arch=b64)(?=.*(?:(?:-S |,)(?:{{ syscalls_found |
        join("|") }}))\b)((?:( -S |,)\w+)+)( -F auid&gt;=1000 -F auid!=unset (?:-k |-F
        key=)\w+)
      line: \1\2\3{{ missing_syscalls | join("\3") }}\4
      backrefs: true
      state: present
      mode: g-rwx,o-rwx
    when: syscalls_found | length &gt; 0 and missing_syscalls | length &gt; 0

  - name: Add the audit rule to {{ audit_file }}
    ansible.builtin.lineinfile:
      path: '{{ audit_file }}'
      line: -a always,exit -F arch=b64 -S {{ syscalls | join(',') }} -F auid&gt;=1000
        -F auid!=unset -F key=perm_mod
      create: true
      mode: g-rwx,o-rwx
      state: present
    when: syscalls_found | length == 0
  when:
  - '"audit" in ansible_facts.packages'
  - ("kernel-default" in ansible_facts.packages or "kernel-default-base" in ansible_facts.packages)
  - audit_arch == "b64"
  tags:
  - CCE-85694-8
  - CJIS-5.4.1.1
  - DISA-STIG-SLES-15-030290
  - NIST-800-171-3.1.7
  - NIST-800-53-AU-12(a)
  - NIST-800-53-AU-12(c)
  - NIST-800-53-AU-12.1(ii)
  - NIST-800-53-AU-12.1(iv)
  - NIST-800-53-AU-3
  - NIST-800-53-AU-3.1
  - NIST-800-53-MA-4(1)(a)
  - PCI-DSS-Req-10.5.5
  - PCI-DSSv4-10.3
  - PCI-DSSv4-10.3.4
  - audit_rules_dac_modification_fchmod
  - low_complexity
  - low_disruption
  - medium_severity
  - reboot_required
  - restrict_strategy
</fix>
          <check system="http://oval.mitre.org/XMLSchema/oval-definitions-5">
            <check-content-ref name="oval:ssg-audit_rules_dac_modification_fchmod:def:1" href="ssg-sle15-oval.xml"/>
          </check>
          <check system="http://scap.nist.gov/schema/ocil/2">
            <check-content-ref name="ocil:ssg-audit_rules_dac_modification_fchmod_ocil:questionnaire:1" href="ssg-sle15-ocil.xml"/>
          </check>
        </Rule>
        <Rule id="xccdf_org.ssgproject.content_rule_audit_rules_dac_modification_fchmodat" selected="false" role="full" severity="medium">
          <title xmlns:xhtml="http://www.w3.org/1999/xhtml" xml:lang="en-US">Record Events that Modify the System's Discretionary Access Controls - fchmodat</title>
          <description xmlns:xhtml="http://www.w3.org/1999/xhtml" xml:lang="en-US">At a minimum, the audit system should collect file permission
changes for all users and root. If the <html:code xmlns:html="http://www.w3.org/1999/xhtml">auditd</html:code> daemon is configured to
use the <html:code xmlns:html="http://www.w3.org/1999/xhtml">augenrules</html:code> program to read audit rules during daemon startup
(the default), add the following line to a file with suffix <html:code xmlns:html="http://www.w3.org/1999/xhtml">.rules</html:code> in
the directory <html:code xmlns:html="http://www.w3.org/1999/xhtml">/etc/audit/rules.d</html:code>:
<html:pre xmlns:html="http://www.w3.org/1999/xhtml">-a always,exit -F arch=b32 -S fchmodat -F auid&gt;=1000 -F auid!=unset -F key=perm_mod</html:pre>
If the system is 64 bit then also add the following line:
<html:pre xmlns:html="http://www.w3.org/1999/xhtml">-a always,exit -F arch=b64 -S fchmodat -F auid&gt;=1000 -F auid!=unset -F key=perm_mod</html:pre>
If the <html:code xmlns:html="http://www.w3.org/1999/xhtml">auditd</html:code> daemon is configured to use the <html:code xmlns:html="http://www.w3.org/1999/xhtml">auditctl</html:code>
utility to read audit rules during daemon startup, add the following line to
<html:code xmlns:html="http://www.w3.org/1999/xhtml">/etc/audit/audit.rules</html:code> file:
<html:pre xmlns:html="http://www.w3.org/1999/xhtml">-a always,exit -F arch=b32 -S fchmodat -F auid&gt;=1000 -F auid!=unset -F key=perm_mod</html:pre>
If the system is 64 bit then also add the following line:
<html:pre xmlns:html="http://www.w3.org/1999/xhtml">-a always,exit -F arch=b64 -S fchmodat -F auid&gt;=1000 -F auid!=unset -F key=perm_mod</html:pre>
       </description>
          <warning xmlns:xhtml="http://www.w3.org/1999/xhtml" xml:lang="en-US" category="general">Note that these rules can be configured in a
number of ways while still achieving the desired effect. Here the system calls
have been placed independent of other system calls. Grouping these system
calls with others as identifying earlier in this guide is more efficient.</warning>
          <reference href="https://www.cisecurity.org/controls/">1</reference>
          <reference href="https://www.cisecurity.org/controls/">11</reference>
          <reference href="https://www.cisecurity.org/controls/">12</reference>
          <reference href="https://www.cisecurity.org/controls/">13</reference>
          <reference href="https://www.cisecurity.org/controls/">14</reference>
          <reference href="https://www.cisecurity.org/controls/">15</reference>
          <reference href="https://www.cisecurity.org/controls/">16</reference>
          <reference href="https://www.cisecurity.org/controls/">19</reference>
          <reference href="https://www.cisecurity.org/controls/">2</reference>
          <reference href="https://www.cisecurity.org/controls/">3</reference>
          <reference href="https://www.cisecurity.org/controls/">4</reference>
          <reference href="https://www.cisecurity.org/controls/">5</reference>
          <reference href="https://www.cisecurity.org/controls/">6</reference>
          <reference href="https://www.cisecurity.org/controls/">7</reference>
          <reference href="https://www.cisecurity.org/controls/">8</reference>
          <reference href="https://www.cisecurity.org/controls/">9</reference>
          <reference href="https://www.fbi.gov/file-repository/cjis-security-policy-v5_5_20160601-2-1.pdf">5.4.1.1</reference>
          <reference href="https://www.isaca.org/resources/cobit">APO10.01</reference>
          <reference href="https://www.isaca.org/resources/cobit">APO10.03</reference>
          <reference href="https://www.isaca.org/resources/cobit">APO10.04</reference>
          <reference href="https://www.isaca.org/resources/cobit">APO10.05</reference>
          <reference href="https://www.isaca.org/resources/cobit">APO11.04</reference>
          <reference href="https://www.isaca.org/resources/cobit">APO12.06</reference>
          <reference href="https://www.isaca.org/resources/cobit">APO13.01</reference>
          <reference href="https://www.isaca.org/resources/cobit">BAI03.05</reference>
          <reference href="https://www.isaca.org/resources/cobit">BAI08.02</reference>
          <reference href="https://www.isaca.org/resources/cobit">DSS01.03</reference>
          <reference href="https://www.isaca.org/resources/cobit">DSS01.04</reference>
          <reference href="https://www.isaca.org/resources/cobit">DSS02.02</reference>
          <reference href="https://www.isaca.org/resources/cobit">DSS02.04</reference>
          <reference href="https://www.isaca.org/resources/cobit">DSS02.07</reference>
          <reference href="https://www.isaca.org/resources/cobit">DSS03.01</reference>
          <reference href="https://www.isaca.org/resources/cobit">DSS03.05</reference>
          <reference href="https://www.isaca.org/resources/cobit">DSS05.02</reference>
          <reference href="https://www.isaca.org/resources/cobit">DSS05.03</reference>
          <reference href="https://www.isaca.org/resources/cobit">DSS05.04</reference>
          <reference href="https://www.isaca.org/resources/cobit">DSS05.05</reference>
          <reference href="https://www.isaca.org/resources/cobit">DSS05.07</reference>
          <reference href="https://www.isaca.org/resources/cobit">MEA01.01</reference>
          <reference href="https://www.isaca.org/resources/cobit">MEA01.02</reference>
          <reference href="https://www.isaca.org/resources/cobit">MEA01.03</reference>
          <reference href="https://www.isaca.org/resources/cobit">MEA01.04</reference>
          <reference href="https://www.isaca.org/resources/cobit">MEA01.05</reference>
          <reference href="https://www.isaca.org/resources/cobit">MEA02.01</reference>
          <reference href="http://nvlpubs.nist.gov/nistpubs/SpecialPublications/NIST.SP.800-171.pdf">3.1.7</reference>
          <reference href="https://www.gpo.gov/fdsys/pkg/CFR-2007-title45-vol1/pdf/CFR-2007-title45-vol1-chapA-subchapC.pdf">164.308(a)(1)(ii)(D)</reference>
          <reference href="https://www.gpo.gov/fdsys/pkg/CFR-2007-title45-vol1/pdf/CFR-2007-title45-vol1-chapA-subchapC.pdf">164.308(a)(3)(ii)(A)</reference>
          <reference href="https://www.gpo.gov/fdsys/pkg/CFR-2007-title45-vol1/pdf/CFR-2007-title45-vol1-chapA-subchapC.pdf">164.308(a)(5)(ii)(C)</reference>
          <reference href="https://www.gpo.gov/fdsys/pkg/CFR-2007-title45-vol1/pdf/CFR-2007-title45-vol1-chapA-subchapC.pdf">164.312(a)(2)(i)</reference>
          <reference href="https://www.gpo.gov/fdsys/pkg/CFR-2007-title45-vol1/pdf/CFR-2007-title45-vol1-chapA-subchapC.pdf">164.312(b)</reference>
          <reference href="https://www.gpo.gov/fdsys/pkg/CFR-2007-title45-vol1/pdf/CFR-2007-title45-vol1-chapA-subchapC.pdf">164.312(d)</reference>
          <reference href="https://www.gpo.gov/fdsys/pkg/CFR-2007-title45-vol1/pdf/CFR-2007-title45-vol1-chapA-subchapC.pdf">164.312(e)</reference>
          <reference href="https://www.isa.org/products/isa-62443-2-1-2009-security-for-industrial-automat">4.2.3.10</reference>
          <reference href="https://www.isa.org/products/isa-62443-2-1-2009-security-for-industrial-automat">4.3.2.6.7</reference>
          <reference href="https://www.isa.org/products/isa-62443-2-1-2009-security-for-industrial-automat">4.3.3.3.9</reference>
          <reference href="https://www.isa.org/products/isa-62443-2-1-2009-security-for-industrial-automat">4.3.3.5.8</reference>
          <reference href="https://www.isa.org/products/isa-62443-2-1-2009-security-for-industrial-automat">4.3.3.6.6</reference>
          <reference href="https://www.isa.org/products/isa-62443-2-1-2009-security-for-industrial-automat">4.3.4.4.7</reference>
          <reference href="https://www.isa.org/products/isa-62443-2-1-2009-security-for-industrial-automat">4.3.4.5.6</reference>
          <reference href="https://www.isa.org/products/isa-62443-2-1-2009-security-for-industrial-automat">4.3.4.5.7</reference>
          <reference href="https://www.isa.org/products/isa-62443-2-1-2009-security-for-industrial-automat">4.3.4.5.8</reference>
          <reference href="https://www.isa.org/products/isa-62443-2-1-2009-security-for-industrial-automat">4.4.2.1</reference>
          <reference href="https://www.isa.org/products/isa-62443-2-1-2009-security-for-industrial-automat">4.4.2.2</reference>
          <reference href="https://www.isa.org/products/isa-62443-2-1-2009-security-for-industrial-automat">4.4.2.4</reference>
          <reference href="https://www.isa.org/products/ansi-isa-62443-3-3-99-03-03-2013-security-for-indu">SR 1.13</reference>
          <reference href="https://www.isa.org/products/ansi-isa-62443-3-3-99-03-03-2013-security-for-indu">SR 2.10</reference>
          <reference href="https://www.isa.org/products/ansi-isa-62443-3-3-99-03-03-2013-security-for-indu">SR 2.11</reference>
          <reference href="https://www.isa.org/products/ansi-isa-62443-3-3-99-03-03-2013-security-for-indu">SR 2.12</reference>
          <reference href="https://www.isa.org/products/ansi-isa-62443-3-3-99-03-03-2013-security-for-indu">SR 2.6</reference>
          <reference href="https://www.isa.org/products/ansi-isa-62443-3-3-99-03-03-2013-security-for-indu">SR 2.8</reference>
          <reference href="https://www.isa.org/products/ansi-isa-62443-3-3-99-03-03-2013-security-for-indu">SR 2.9</reference>
          <reference href="https://www.isa.org/products/ansi-isa-62443-3-3-99-03-03-2013-security-for-indu">SR 3.1</reference>
          <reference href="https://www.isa.org/products/ansi-isa-62443-3-3-99-03-03-2013-security-for-indu">SR 3.5</reference>
          <reference href="https://www.isa.org/products/ansi-isa-62443-3-3-99-03-03-2013-security-for-indu">SR 3.8</reference>
          <reference href="https://www.isa.org/products/ansi-isa-62443-3-3-99-03-03-2013-security-for-indu">SR 4.1</reference>
          <reference href="https://www.isa.org/products/ansi-isa-62443-3-3-99-03-03-2013-security-for-indu">SR 4.3</reference>
          <reference href="https://www.isa.org/products/ansi-isa-62443-3-3-99-03-03-2013-security-for-indu">SR 5.1</reference>
          <reference href="https://www.isa.org/products/ansi-isa-62443-3-3-99-03-03-2013-security-for-indu">SR 5.2</reference>
          <reference href="https://www.isa.org/products/ansi-isa-62443-3-3-99-03-03-2013-security-for-indu">SR 5.3</reference>
          <reference href="https://www.isa.org/products/ansi-isa-62443-3-3-99-03-03-2013-security-for-indu">SR 6.1</reference>
          <reference href="https://www.isa.org/products/ansi-isa-62443-3-3-99-03-03-2013-security-for-indu">SR 6.2</reference>
          <reference href="https://www.isa.org/products/ansi-isa-62443-3-3-99-03-03-2013-security-for-indu">SR 7.1</reference>
          <reference href="https://www.isa.org/products/ansi-isa-62443-3-3-99-03-03-2013-security-for-indu">SR 7.6</reference>
          <reference href="https://www.iso.org/contents/data/standard/05/45/54534.html">A.11.2.6</reference>
          <reference href="https://www.iso.org/contents/data/standard/05/45/54534.html">A.12.4.1</reference>
          <reference href="https://www.iso.org/contents/data/standard/05/45/54534.html">A.12.4.2</reference>
          <reference href="https://www.iso.org/contents/data/standard/05/45/54534.html">A.12.4.3</reference>
          <reference href="https://www.iso.org/contents/data/standard/05/45/54534.html">A.12.4.4</reference>
          <reference href="https://www.iso.org/contents/data/standard/05/45/54534.html">A.12.7.1</reference>
          <reference href="https://www.iso.org/contents/data/standard/05/45/54534.html">A.13.1.1</reference>
          <reference href="https://www.iso.org/contents/data/standard/05/45/54534.html">A.13.2.1</reference>
          <reference href="https://www.iso.org/contents/data/standard/05/45/54534.html">A.14.1.3</reference>
          <reference href="https://www.iso.org/contents/data/standard/05/45/54534.html">A.14.2.7</reference>
          <reference href="https://www.iso.org/contents/data/standard/05/45/54534.html">A.15.2.1</reference>
          <reference href="https://www.iso.org/contents/data/standard/05/45/54534.html">A.15.2.2</reference>
          <reference href="https://www.iso.org/contents/data/standard/05/45/54534.html">A.16.1.4</reference>
          <reference href="https://www.iso.org/contents/data/standard/05/45/54534.html">A.16.1.5</reference>
          <reference href="https://www.iso.org/contents/data/standard/05/45/54534.html">A.16.1.7</reference>
          <reference href="https://www.iso.org/contents/data/standard/05/45/54534.html">A.6.2.1</reference>
          <reference href="https://www.iso.org/contents/data/standard/05/45/54534.html">A.6.2.2</reference>
          <reference href="http://nvlpubs.nist.gov/nistpubs/SpecialPublications/NIST.SP.800-53r4.pdf">AU-3</reference>
          <reference href="http://nvlpubs.nist.gov/nistpubs/SpecialPublications/NIST.SP.800-53r4.pdf">AU-3.1</reference>
          <reference href="http://nvlpubs.nist.gov/nistpubs/SpecialPublications/NIST.SP.800-53r4.pdf">AU-12(c)</reference>
          <reference href="http://nvlpubs.nist.gov/nistpubs/SpecialPublications/NIST.SP.800-53r4.pdf">AU-12.1(iv)</reference>
          <reference href="http://nvlpubs.nist.gov/nistpubs/SpecialPublications/NIST.SP.800-53r4.pdf">AU-12(a)</reference>
          <reference href="http://nvlpubs.nist.gov/nistpubs/SpecialPublications/NIST.SP.800-53r4.pdf">AU-12.1(ii)</reference>
          <reference href="http://nvlpubs.nist.gov/nistpubs/SpecialPublications/NIST.SP.800-53r4.pdf">MA-4(1)(a)</reference>
          <reference href="https://nvlpubs.nist.gov/nistpubs/CSWP/NIST.CSWP.04162018.pdf">DE.AE-3</reference>
          <reference href="https://nvlpubs.nist.gov/nistpubs/CSWP/NIST.CSWP.04162018.pdf">DE.AE-5</reference>
          <reference href="https://nvlpubs.nist.gov/nistpubs/CSWP/NIST.CSWP.04162018.pdf">DE.CM-1</reference>
          <reference href="https://nvlpubs.nist.gov/nistpubs/CSWP/NIST.CSWP.04162018.pdf">DE.CM-3</reference>
          <reference href="https://nvlpubs.nist.gov/nistpubs/CSWP/NIST.CSWP.04162018.pdf">DE.CM-7</reference>
          <reference href="https://nvlpubs.nist.gov/nistpubs/CSWP/NIST.CSWP.04162018.pdf">ID.SC-4</reference>
          <reference href="https://nvlpubs.nist.gov/nistpubs/CSWP/NIST.CSWP.04162018.pdf">PR.AC-3</reference>
          <reference href="https://nvlpubs.nist.gov/nistpubs/CSWP/NIST.CSWP.04162018.pdf">PR.PT-1</reference>
          <reference href="https://nvlpubs.nist.gov/nistpubs/CSWP/NIST.CSWP.04162018.pdf">PR.PT-4</reference>
          <reference href="https://nvlpubs.nist.gov/nistpubs/CSWP/NIST.CSWP.04162018.pdf">RS.AN-1</reference>
          <reference href="https://nvlpubs.nist.gov/nistpubs/CSWP/NIST.CSWP.04162018.pdf">RS.AN-4</reference>
          <reference href="https://www.pcisecuritystandards.org/documents/PCI_DSS_v3-2-1.pdf">Req-10.5.5</reference>
          <reference href="https://www.cyber.mil/stigs/downloads/?_dl_facet_stigs=operating-systems%2Cgeneral-purpose-os">SRG-OS-000037-GPOS-00015</reference>
          <reference href="https://www.cyber.mil/stigs/downloads/?_dl_facet_stigs=operating-systems%2Cgeneral-purpose-os">SRG-OS-000042-GPOS-00020</reference>
          <reference href="https://www.cyber.mil/stigs/downloads/?_dl_facet_stigs=operating-systems%2Cgeneral-purpose-os">SRG-OS-000062-GPOS-00031</reference>
          <reference href="https://www.cyber.mil/stigs/downloads/?_dl_facet_stigs=operating-systems%2Cgeneral-purpose-os">SRG-OS-000392-GPOS-00172</reference>
          <reference href="https://www.cyber.mil/stigs/downloads/?_dl_facet_stigs=operating-systems%2Cgeneral-purpose-os">SRG-OS-000462-GPOS-00206</reference>
          <reference href="https://www.cyber.mil/stigs/downloads/?_dl_facet_stigs=operating-systems%2Cgeneral-purpose-os">SRG-OS-000471-GPOS-00215</reference>
          <reference href="https://www.cyber.mil/stigs/downloads/?_dl_facet_stigs=operating-systems%2Cgeneral-purpose-os">SRG-OS-000064-GPOS-00033</reference>
          <reference href="https://www.cyber.mil/stigs/downloads/?_dl_facet_stigs=operating-systems%2Cgeneral-purpose-os">SRG-OS-000466-GPOS-00210</reference>
          <reference href="https://www.cyber.mil/stigs/downloads/?_dl_facet_stigs=operating-systems%2Cgeneral-purpose-os">SRG-OS-000458-GPOS-00203</reference>
          <reference href="https://www.cyber.mil/stigs/downloads/?_dl_facet_stigs=app-security">SRG-APP-000091-CTR-000160</reference>
          <reference href="https://www.cyber.mil/stigs/downloads/?_dl_facet_stigs=app-security">SRG-APP-000492-CTR-001220</reference>
          <reference href="https://www.cyber.mil/stigs/downloads/?_dl_facet_stigs=app-security">SRG-APP-000493-CTR-001225</reference>
          <reference href="https://www.cyber.mil/stigs/downloads/?_dl_facet_stigs=app-security">SRG-APP-000494-CTR-001230</reference>
          <reference href="https://www.cyber.mil/stigs/downloads/?_dl_facet_stigs=app-security">SRG-APP-000500-CTR-001260</reference>
          <reference href="https://www.cyber.mil/stigs/downloads/?_dl_facet_stigs=app-security">SRG-APP-000507-CTR-001295</reference>
          <reference href="https://www.cyber.mil/stigs/downloads/?_dl_facet_stigs=app-security">SRG-APP-000495-CTR-001235</reference>
          <reference href="https://www.cyber.mil/stigs/downloads/?_dl_facet_stigs=app-security">SRG-APP-000499-CTR-001255</reference>
          <reference href="https://www.cyber.mil/stigs/downloads/?_dl_facet_stigs=operating-systems%2Cunix-linux">SLES-15-030290</reference>
          <reference href="https://www.cisecurity.org/benchmark/suse_linux/">4.1.9</reference>
          <reference href="https://cyber.gouv.fr/sites/default/files/document/linux_configuration-en-v2.pdf">R73</reference>
          <reference href="not_publicly_available">SLES-15-750450255</reference>
          <reference href="https://docs-prv.pcisecuritystandards.org/PCI%20DSS/Standard/PCI-DSS-v4_0.pdf">10.3.4</reference>
          <reference href="https://docs-prv.pcisecuritystandards.org/PCI%20DSS/Standard/PCI-DSS-v4_0.pdf">10.3</reference>
          <reference href="https://www.cyber.mil/stigs/srg-stig-tools/">SV-234928r958412_rule</reference>
          <rationale xmlns:xhtml="http://www.w3.org/1999/xhtml" xml:lang="en-US">The changing of file permissions could indicate that a user is attempting to
gain access to information that would otherwise be disallowed. Auditing DAC modifications
can facilitate the identification of patterns of abuse among both authorized and
unauthorized users.</rationale>
          <ident system="https://ncp.nist.gov/cce">CCE-85695-5</ident>
          <fix xmlns:xhtml="http://www.w3.org/1999/xhtml" id="audit_rules_dac_modification_fchmodat" system="urn:xccdf:fix:script:sh"># Remediation is applicable only in certain platforms
if rpm --quiet -q audit &amp;&amp; rpm --quiet -q kernel-default || rpm --quiet -q kernel-default-base; then

# First perform the remediation of the syscall rule
# Retrieve hardware architecture of the underlying system
[ "$(getconf LONG_BIT)" = "32" ] &amp;&amp; RULE_ARCHS=("b32") || RULE_ARCHS=("b32" "b64")

for ARCH in "${RULE_ARCHS[@]}"
do
	ACTION_ARCH_FILTERS="-a always,exit -F arch=$ARCH"
	OTHER_FILTERS=""
	AUID_FILTERS="-F auid&gt;=1000 -F auid!=unset"
	SYSCALL="fchmodat"
	KEY="perm_mod"
	SYSCALL_GROUPING="chmod fchmod fchmodat"

	# Perform the remediation for both possible tools: 'auditctl' and 'augenrules'
	unset syscall_a
unset syscall_grouping
unset syscall_string
unset syscall
unset file_to_edit
unset rule_to_edit
unset rule_syscalls_to_edit
unset other_string
unset auid_string
unset full_rule

# Load macro arguments into arrays
read -a syscall_a &lt;&lt;&lt; $SYSCALL
read -a syscall_grouping &lt;&lt;&lt; $SYSCALL_GROUPING

# Create a list of audit *.rules files that should be inspected for presence and correctness
# of a particular audit rule. The scheme is as follows:
#
# -----------------------------------------------------------------------------------------
#  Tool used to load audit rules | Rule already defined  |  Audit rules file to inspect    |
# -----------------------------------------------------------------------------------------
#        auditctl                |     Doesn't matter    |  /etc/audit/audit.rules         |
# -----------------------------------------------------------------------------------------
#        augenrules              |          Yes          |  /etc/audit/rules.d/*.rules     |
#        augenrules              |          No           |  /etc/audit/rules.d/$key.rules  |
# -----------------------------------------------------------------------------------------
#
files_to_inspect=()

# If audit tool is 'augenrules', then check if the audit rule is defined
# If rule is defined, add '/etc/audit/rules.d/*.rules' to the list for inspection
# If rule isn't defined yet, add '/etc/audit/rules.d/$key.rules' to the list for inspection
default_file="/etc/audit/rules.d/$KEY.rules"
# As other_filters may include paths, lets use a different delimiter for it
# The "F" script expression tells sed to print the filenames where the expressions matched
readarray -t files_to_inspect &lt; &lt;(sed -s -n -e "/^$ACTION_ARCH_FILTERS/!d" -e "\#$OTHER_FILTERS#!d" -e "/$AUID_FILTERS/!d" -e "F" /etc/audit/rules.d/*.rules)
# Case when particular rule isn't defined in /etc/audit/rules.d/*.rules yet
if [ ${#files_to_inspect[@]} -eq "0" ]
then
    file_to_inspect="/etc/audit/rules.d/$KEY.rules"
    files_to_inspect=("$file_to_inspect")
    if [ ! -e "$file_to_inspect" ]
    then
        touch "$file_to_inspect"
        chmod 0600 "$file_to_inspect"
    fi
fi

# After converting to jinja, we cannot return; therefore we skip the rest of the macro if needed instead
skip=1

for audit_file in "${files_to_inspect[@]}"
do
    # Filter existing $audit_file rules' definitions to select those that satisfy the rule pattern,
    # i.e, collect rules that match:
    # * the action, list and arch, (2-nd argument)
    # * the other filters, (3-rd argument)
    # * the auid filters, (4-rd argument)
    readarray -t similar_rules &lt; &lt;(sed -e "/^$ACTION_ARCH_FILTERS/!d"  -e "\#$OTHER_FILTERS#!d" -e "/$AUID_FILTERS/!d" "$audit_file")

    candidate_rules=()
    # Filter out rules that have more fields then required. This will remove rules more specific than the required scope
    for s_rule in "${similar_rules[@]}"
    do
        # Strip all the options and fields we know of,
        # than check if there was any field left over
        extra_fields=$(sed -E -e "s/^$ACTION_ARCH_FILTERS//"  -e "s#$OTHER_FILTERS##" -e "s/$AUID_FILTERS//" -e "s/((:?-S [[:alnum:],]+)+)//g" -e "s/-F key=\w+|-k \w+//"&lt;&lt;&lt; "$s_rule")
        grep -q -- "-F" &lt;&lt;&lt; "$extra_fields" || candidate_rules+=("$s_rule")
    done

    if [[ ${#syscall_a[@]} -ge 1 ]]
    then
        # Check if the syscall we want is present in any of the similar existing rules
        for rule in "${candidate_rules[@]}"
        do
            rule_syscalls=$(echo "$rule" | grep -o -P '(-S [\w,]+)+' | xargs)
            all_syscalls_found=0
            for syscall in "${syscall_a[@]}"
            do
                grep -q -- "\b${syscall}\b" &lt;&lt;&lt; "$rule_syscalls" || {
                   # A syscall was not found in the candidate rule
                   all_syscalls_found=1
                   }
            done
            if [[ $all_syscalls_found -eq 0 ]]
            then
                # We found a rule with all the syscall(s) we want; skip rest of macro
                skip=0
                break
            fi

            # Check if this rule can be grouped with our target syscall and keep track of it
            for syscall_g in "${syscall_grouping[@]}"
            do
                if grep -q -- "\b${syscall_g}\b" &lt;&lt;&lt; "$rule_syscalls"
                then
                    file_to_edit=${audit_file}
                    rule_to_edit=${rule}
                    rule_syscalls_to_edit=${rule_syscalls}
                fi
            done
        done
    else
        # If there is any candidate rule, it is compliant; skip rest of macro
        if [ "${#candidate_rules[@]}" -gt 0 ]
        then
            skip=0
        fi
    fi

    if [ "$skip" -eq 0 ]; then
        break
    fi
done

if [ "$skip" -ne 0 ]; then
    # We checked all rules that matched the expected resemblance pattern (action, arch &amp; auid)
    # At this point we know if we need to either append the $full_rule or group
    # the syscall together with an exsiting rule

    # Append the full_rule if it cannot be grouped to any other rule
    if [ -z ${rule_to_edit+x} ]
    then
        # Build full_rule while avoid adding double spaces when other_filters is empty
        if [ "${#syscall_a[@]}" -gt 0 ]
        then
            syscall_string=""
            for syscall in "${syscall_a[@]}"
            do
                syscall_string+=" -S $syscall"
            done
        fi
        other_string=$([[ $OTHER_FILTERS ]] &amp;&amp; echo " $OTHER_FILTERS") || /bin/true
        auid_string=$([[ $AUID_FILTERS ]] &amp;&amp; echo " $AUID_FILTERS") || /bin/true
        full_rule="$ACTION_ARCH_FILTERS${syscall_string}${other_string}${auid_string} -F key=$KEY" || /bin/true
        echo "$full_rule" &gt;&gt; "$default_file"
        chmod 0600 ${default_file}
    else
        # Check if the syscalls are declared as a comma separated list or
        # as multiple -S parameters
        if grep -q -- "," &lt;&lt;&lt; "${rule_syscalls_to_edit}"
        then
            delimiter=","
        else
            delimiter=" -S "
        fi
        new_grouped_syscalls="${rule_syscalls_to_edit}"
        for syscall in "${syscall_a[@]}"
        do
            grep -q -- "\b${syscall}\b" &lt;&lt;&lt; "${rule_syscalls_to_edit}" || {
               # A syscall was not found in the candidate rule
               new_grouped_syscalls+="${delimiter}${syscall}"
               }
        done

        # Group the syscall in the rule
        sed -i -e "\#${rule_to_edit}#s#${rule_syscalls_to_edit}#${new_grouped_syscalls}#" "$file_to_edit"
    fi
fi
	unset syscall_a
unset syscall_grouping
unset syscall_string
unset syscall
unset file_to_edit
unset rule_to_edit
unset rule_syscalls_to_edit
unset other_string
unset auid_string
unset full_rule

# Load macro arguments into arrays
read -a syscall_a &lt;&lt;&lt; $SYSCALL
read -a syscall_grouping &lt;&lt;&lt; $SYSCALL_GROUPING

# Create a list of audit *.rules files that should be inspected for presence and correctness
# of a particular audit rule. The scheme is as follows:
#
# -----------------------------------------------------------------------------------------
#  Tool used to load audit rules | Rule already defined  |  Audit rules file to inspect    |
# -----------------------------------------------------------------------------------------
#        auditctl                |     Doesn't matter    |  /etc/audit/audit.rules         |
# -----------------------------------------------------------------------------------------
#        augenrules              |          Yes          |  /etc/audit/rules.d/*.rules     |
#        augenrules              |          No           |  /etc/audit/rules.d/$key.rules  |
# -----------------------------------------------------------------------------------------
#
files_to_inspect=()


# If audit tool is 'auditctl', then add '/etc/audit/audit.rules'
# file to the list of files to be inspected
default_file="/etc/audit/audit.rules"
files_to_inspect+=('/etc/audit/audit.rules' )

# After converting to jinja, we cannot return; therefore we skip the rest of the macro if needed instead
skip=1

for audit_file in "${files_to_inspect[@]}"
do
    # Filter existing $audit_file rules' definitions to select those that satisfy the rule pattern,
    # i.e, collect rules that match:
    # * the action, list and arch, (2-nd argument)
    # * the other filters, (3-rd argument)
    # * the auid filters, (4-rd argument)
    readarray -t similar_rules &lt; &lt;(sed -e "/^$ACTION_ARCH_FILTERS/!d"  -e "\#$OTHER_FILTERS#!d" -e "/$AUID_FILTERS/!d" "$audit_file")

    candidate_rules=()
    # Filter out rules that have more fields then required. This will remove rules more specific than the required scope
    for s_rule in "${similar_rules[@]}"
    do
        # Strip all the options and fields we know of,
        # than check if there was any field left over
        extra_fields=$(sed -E -e "s/^$ACTION_ARCH_FILTERS//"  -e "s#$OTHER_FILTERS##" -e "s/$AUID_FILTERS//" -e "s/((:?-S [[:alnum:],]+)+)//g" -e "s/-F key=\w+|-k \w+//"&lt;&lt;&lt; "$s_rule")
        grep -q -- "-F" &lt;&lt;&lt; "$extra_fields" || candidate_rules+=("$s_rule")
    done

    if [[ ${#syscall_a[@]} -ge 1 ]]
    then
        # Check if the syscall we want is present in any of the similar existing rules
        for rule in "${candidate_rules[@]}"
        do
            rule_syscalls=$(echo "$rule" | grep -o -P '(-S [\w,]+)+' | xargs)
            all_syscalls_found=0
            for syscall in "${syscall_a[@]}"
            do
                grep -q -- "\b${syscall}\b" &lt;&lt;&lt; "$rule_syscalls" || {
                   # A syscall was not found in the candidate rule
                   all_syscalls_found=1
                   }
            done
            if [[ $all_syscalls_found -eq 0 ]]
            then
                # We found a rule with all the syscall(s) we want; skip rest of macro
                skip=0
                break
            fi

            # Check if this rule can be grouped with our target syscall and keep track of it
            for syscall_g in "${syscall_grouping[@]}"
            do
                if grep -q -- "\b${syscall_g}\b" &lt;&lt;&lt; "$rule_syscalls"
                then
                    file_to_edit=${audit_file}
                    rule_to_edit=${rule}
                    rule_syscalls_to_edit=${rule_syscalls}
                fi
            done
        done
    else
        # If there is any candidate rule, it is compliant; skip rest of macro
        if [ "${#candidate_rules[@]}" -gt 0 ]
        then
            skip=0
        fi
    fi

    if [ "$skip" -eq 0 ]; then
        break
    fi
done

if [ "$skip" -ne 0 ]; then
    # We checked all rules that matched the expected resemblance pattern (action, arch &amp; auid)
    # At this point we know if we need to either append the $full_rule or group
    # the syscall together with an exsiting rule

    # Append the full_rule if it cannot be grouped to any other rule
    if [ -z ${rule_to_edit+x} ]
    then
        # Build full_rule while avoid adding double spaces when other_filters is empty
        if [ "${#syscall_a[@]}" -gt 0 ]
        then
            syscall_string=""
            for syscall in "${syscall_a[@]}"
            do
                syscall_string+=" -S $syscall"
            done
        fi
        other_string=$([[ $OTHER_FILTERS ]] &amp;&amp; echo " $OTHER_FILTERS") || /bin/true
        auid_string=$([[ $AUID_FILTERS ]] &amp;&amp; echo " $AUID_FILTERS") || /bin/true
        full_rule="$ACTION_ARCH_FILTERS${syscall_string}${other_string}${auid_string} -F key=$KEY" || /bin/true
        echo "$full_rule" &gt;&gt; "$default_file"
        chmod 0600 ${default_file}
    else
        # Check if the syscalls are declared as a comma separated list or
        # as multiple -S parameters
        if grep -q -- "," &lt;&lt;&lt; "${rule_syscalls_to_edit}"
        then
            delimiter=","
        else
            delimiter=" -S "
        fi
        new_grouped_syscalls="${rule_syscalls_to_edit}"
        for syscall in "${syscall_a[@]}"
        do
            grep -q -- "\b${syscall}\b" &lt;&lt;&lt; "${rule_syscalls_to_edit}" || {
               # A syscall was not found in the candidate rule
               new_grouped_syscalls+="${delimiter}${syscall}"
               }
        done

        # Group the syscall in the rule
        sed -i -e "\#${rule_to_edit}#s#${rule_syscalls_to_edit}#${new_grouped_syscalls}#" "$file_to_edit"
    fi
fi
done

else
    &gt;&amp;2 echo 'Remediation is not applicable, nothing was done'
fi
</fix>
          <fix xmlns:xhtml="http://www.w3.org/1999/xhtml" id="audit_rules_dac_modification_fchmodat" system="urn:xccdf:fix:script:ansible" reboot="true" complexity="low" disruption="low" strategy="restrict">- name: Gather the package facts
  package_facts:
    manager: auto
  tags:
  - CCE-85695-5
  - CJIS-5.4.1.1
  - DISA-STIG-SLES-15-030290
  - NIST-800-171-3.1.7
  - NIST-800-53-AU-12(a)
  - NIST-800-53-AU-12(c)
  - NIST-800-53-AU-12.1(ii)
  - NIST-800-53-AU-12.1(iv)
  - NIST-800-53-AU-3
  - NIST-800-53-AU-3.1
  - NIST-800-53-MA-4(1)(a)
  - PCI-DSS-Req-10.5.5
  - PCI-DSSv4-10.3
  - PCI-DSSv4-10.3.4
  - audit_rules_dac_modification_fchmodat
  - low_complexity
  - low_disruption
  - medium_severity
  - reboot_required
  - restrict_strategy

- name: Set architecture for audit fchmodat tasks
  ansible.builtin.set_fact:
    audit_arch: b64
  when:
  - '"audit" in ansible_facts.packages'
  - ("kernel-default" in ansible_facts.packages or "kernel-default-base" in ansible_facts.packages)
  - ansible_architecture == "aarch64" or ansible_architecture == "ppc64" or ansible_architecture
    == "ppc64le" or ansible_architecture == "s390x" or ansible_architecture == "x86_64"
  tags:
  - CCE-85695-5
  - CJIS-5.4.1.1
  - DISA-STIG-SLES-15-030290
  - NIST-800-171-3.1.7
  - NIST-800-53-AU-12(a)
  - NIST-800-53-AU-12(c)
  - NIST-800-53-AU-12.1(ii)
  - NIST-800-53-AU-12.1(iv)
  - NIST-800-53-AU-3
  - NIST-800-53-AU-3.1
  - NIST-800-53-MA-4(1)(a)
  - PCI-DSS-Req-10.5.5
  - PCI-DSSv4-10.3
  - PCI-DSSv4-10.3.4
  - audit_rules_dac_modification_fchmodat
  - low_complexity
  - low_disruption
  - medium_severity
  - reboot_required
  - restrict_strategy

- name: Perform remediation of Audit rules for fchmodat for 32bit platform
  block:

  - name: Declare list of syscalls
    ansible.builtin.set_fact:
      syscalls:
      - fchmodat
      syscall_grouping:
      - chmod
      - fchmod
      - fchmodat

  - name: Check existence of fchmodat in /etc/audit/rules.d/
    ansible.builtin.find:
      paths: /etc/audit/rules.d
      contains: -a always,exit -F arch=b32(( -S |,)\w+)*(( -S |,){{ item }})+(( -S
        |,)\w+)* -F auid&gt;=1000 -F auid!=unset (-k\s+|-F\s+key=)\S+\s*$
      patterns: '*.rules'
    register: find_command
    loop: '{{ (syscall_grouping + syscalls) | unique }}'

  - name: Reset syscalls found per file
    ansible.builtin.set_fact:
      syscalls_per_file: {}
      found_paths_dict: {}

  - name: Declare syscalls found per file
    ansible.builtin.set_fact: syscalls_per_file="{{ syscalls_per_file | combine( {item.files[0].path
      :[item.item] + syscalls_per_file.get(item.files[0].path, []) } ) }}"
    loop: '{{ find_command.results | selectattr(''matched'') | list }}'

  - name: Declare files where syscalls were found
    ansible.builtin.set_fact: found_paths="{{ find_command.results | map(attribute='files')
      | flatten | map(attribute='path') | list }}"

  - name: Count occurrences of syscalls in paths
    ansible.builtin.set_fact: found_paths_dict="{{ found_paths_dict | combine({ item:1+found_paths_dict.get(item,
      0) }) }}"
    loop: '{{ find_command.results | map(attribute=''files'') | flatten | map(attribute=''path'')
      | list }}'

  - name: Get path with most syscalls
    ansible.builtin.set_fact: audit_file="{{ (found_paths_dict | dict2items() | sort(attribute='value')
      | last).key }}"
    when: found_paths | length &gt;= 1

  - name: No file with syscall found, set path to /etc/audit/rules.d/perm_mod.rules
    ansible.builtin.set_fact: audit_file="/etc/audit/rules.d/perm_mod.rules"
    when: found_paths | length == 0

  - name: Declare found syscalls
    ansible.builtin.set_fact: syscalls_found="{{ find_command.results | selectattr('matched')
      | map(attribute='item') | list }}"

  - name: Declare missing syscalls
    ansible.builtin.set_fact: missing_syscalls="{{ syscalls | difference(syscalls_found)
      }}"

  - name: Replace the audit rule in {{ audit_file }}
    ansible.builtin.lineinfile:
      path: '{{ audit_file }}'
      regexp: (-a always,exit -F arch=b32)(?=.*(?:(?:-S |,)(?:{{ syscalls_per_file[audit_file]
        | join("|") }}))\b)((?:( -S |,)\w+)+)( -F auid&gt;=1000 -F auid!=unset (?:-k
        |-F key=)\w+)
      line: \1\2\3{{ missing_syscalls | join("\3") }}\4
      backrefs: true
      state: present
      mode: g-rwx,o-rwx
    when: syscalls_found | length &gt; 0 and missing_syscalls | length &gt; 0

  - name: Add the audit rule to {{ audit_file }}
    ansible.builtin.lineinfile:
      path: '{{ audit_file }}'
      line: -a always,exit -F arch=b32 -S {{ syscalls | join(',') }} -F auid&gt;=1000
        -F auid!=unset -F key=perm_mod
      create: true
      mode: g-rwx,o-rwx
      state: present
    when: syscalls_found | length == 0

  - name: Declare list of syscalls
    ansible.builtin.set_fact:
      syscalls:
      - fchmodat
      syscall_grouping:
      - chmod
      - fchmod
      - fchmodat

  - name: Check existence of fchmodat in /etc/audit/audit.rules
    ansible.builtin.find:
      paths: /etc/audit
      contains: -a always,exit -F arch=b32(( -S |,)\w+)*(( -S |,){{ item }})+(( -S
        |,)\w+)* -F auid&gt;=1000 -F auid!=unset (-k\s+|-F\s+key=)\S+\s*$
      patterns: audit.rules
    register: find_command
    loop: '{{ (syscall_grouping + syscalls) | unique }}'

  - name: Set path to /etc/audit/audit.rules
    ansible.builtin.set_fact: audit_file="/etc/audit/audit.rules"

  - name: Declare found syscalls
    ansible.builtin.set_fact: syscalls_found="{{ find_command.results | selectattr('matched')
      | map(attribute='item') | list }}"

  - name: Declare missing syscalls
    ansible.builtin.set_fact: missing_syscalls="{{ syscalls | difference(syscalls_found)
      }}"

  - name: Replace the audit rule in {{ audit_file }}
    ansible.builtin.lineinfile:
      path: '{{ audit_file }}'
      regexp: (-a always,exit -F arch=b32)(?=.*(?:(?:-S |,)(?:{{ syscalls_found |
        join("|") }}))\b)((?:( -S |,)\w+)+)( -F auid&gt;=1000 -F auid!=unset (?:-k |-F
        key=)\w+)
      line: \1\2\3{{ missing_syscalls | join("\3") }}\4
      backrefs: true
      state: present
      mode: g-rwx,o-rwx
    when: syscalls_found | length &gt; 0 and missing_syscalls | length &gt; 0

  - name: Add the audit rule to {{ audit_file }}
    ansible.builtin.lineinfile:
      path: '{{ audit_file }}'
      line: -a always,exit -F arch=b32 -S {{ syscalls | join(',') }} -F auid&gt;=1000
        -F auid!=unset -F key=perm_mod
      create: true
      mode: g-rwx,o-rwx
      state: present
    when: syscalls_found | length == 0
  when:
  - '"audit" in ansible_facts.packages'
  - ("kernel-default" in ansible_facts.packages or "kernel-default-base" in ansible_facts.packages)
  tags:
  - CCE-85695-5
  - CJIS-5.4.1.1
  - DISA-STIG-SLES-15-030290
  - NIST-800-171-3.1.7
  - NIST-800-53-AU-12(a)
  - NIST-800-53-AU-12(c)
  - NIST-800-53-AU-12.1(ii)
  - NIST-800-53-AU-12.1(iv)
  - NIST-800-53-AU-3
  - NIST-800-53-AU-3.1
  - NIST-800-53-MA-4(1)(a)
  - PCI-DSS-Req-10.5.5
  - PCI-DSSv4-10.3
  - PCI-DSSv4-10.3.4
  - audit_rules_dac_modification_fchmodat
  - low_complexity
  - low_disruption
  - medium_severity
  - reboot_required
  - restrict_strategy

- name: Perform remediation of Audit rules for fchmodat for 64bit platform
  block:

  - name: Declare list of syscalls
    ansible.builtin.set_fact:
      syscalls:
      - fchmodat
      syscall_grouping:
      - chmod
      - fchmod
      - fchmodat

  - name: Check existence of fchmodat in /etc/audit/rules.d/
    ansible.builtin.find:
      paths: /etc/audit/rules.d
      contains: -a always,exit -F arch=b64(( -S |,)\w+)*(( -S |,){{ item }})+(( -S
        |,)\w+)* -F auid&gt;=1000 -F auid!=unset (-k\s+|-F\s+key=)\S+\s*$
      patterns: '*.rules'
    register: find_command
    loop: '{{ (syscall_grouping + syscalls) | unique }}'

  - name: Reset syscalls found per file
    ansible.builtin.set_fact:
      syscalls_per_file: {}
      found_paths_dict: {}

  - name: Declare syscalls found per file
    ansible.builtin.set_fact: syscalls_per_file="{{ syscalls_per_file | combine( {item.files[0].path
      :[item.item] + syscalls_per_file.get(item.files[0].path, []) } ) }}"
    loop: '{{ find_command.results | selectattr(''matched'') | list }}'

  - name: Declare files where syscalls were found
    ansible.builtin.set_fact: found_paths="{{ find_command.results | map(attribute='files')
      | flatten | map(attribute='path') | list }}"

  - name: Count occurrences of syscalls in paths
    ansible.builtin.set_fact: found_paths_dict="{{ found_paths_dict | combine({ item:1+found_paths_dict.get(item,
      0) }) }}"
    loop: '{{ find_command.results | map(attribute=''files'') | flatten | map(attribute=''path'')
      | list }}'

  - name: Get path with most syscalls
    ansible.builtin.set_fact: audit_file="{{ (found_paths_dict | dict2items() | sort(attribute='value')
      | last).key }}"
    when: found_paths | length &gt;= 1

  - name: No file with syscall found, set path to /etc/audit/rules.d/perm_mod.rules
    ansible.builtin.set_fact: audit_file="/etc/audit/rules.d/perm_mod.rules"
    when: found_paths | length == 0

  - name: Declare found syscalls
    ansible.builtin.set_fact: syscalls_found="{{ find_command.results | selectattr('matched')
      | map(attribute='item') | list }}"

  - name: Declare missing syscalls
    ansible.builtin.set_fact: missing_syscalls="{{ syscalls | difference(syscalls_found)
      }}"

  - name: Replace the audit rule in {{ audit_file }}
    ansible.builtin.lineinfile:
      path: '{{ audit_file }}'
      regexp: (-a always,exit -F arch=b64)(?=.*(?:(?:-S |,)(?:{{ syscalls_per_file[audit_file]
        | join("|") }}))\b)((?:( -S |,)\w+)+)( -F auid&gt;=1000 -F auid!=unset (?:-k
        |-F key=)\w+)
      line: \1\2\3{{ missing_syscalls | join("\3") }}\4
      backrefs: true
      state: present
      mode: g-rwx,o-rwx
    when: syscalls_found | length &gt; 0 and missing_syscalls | length &gt; 0

  - name: Add the audit rule to {{ audit_file }}
    ansible.builtin.lineinfile:
      path: '{{ audit_file }}'
      line: -a always,exit -F arch=b64 -S {{ syscalls | join(',') }} -F auid&gt;=1000
        -F auid!=unset -F key=perm_mod
      create: true
      mode: g-rwx,o-rwx
      state: present
    when: syscalls_found | length == 0

  - name: Declare list of syscalls
    ansible.builtin.set_fact:
      syscalls:
      - fchmodat
      syscall_grouping:
      - chmod
      - fchmod
      - fchmodat

  - name: Check existence of fchmodat in /etc/audit/audit.rules
    ansible.builtin.find:
      paths: /etc/audit
      contains: -a always,exit -F arch=b64(( -S |,)\w+)*(( -S |,){{ item }})+(( -S
        |,)\w+)* -F auid&gt;=1000 -F auid!=unset (-k\s+|-F\s+key=)\S+\s*$
      patterns: audit.rules
    register: find_command
    loop: '{{ (syscall_grouping + syscalls) | unique }}'

  - name: Set path to /etc/audit/audit.rules
    ansible.builtin.set_fact: audit_file="/etc/audit/audit.rules"

  - name: Declare found syscalls
    ansible.builtin.set_fact: syscalls_found="{{ find_command.results | selectattr('matched')
      | map(attribute='item') | list }}"

  - name: Declare missing syscalls
    ansible.builtin.set_fact: missing_syscalls="{{ syscalls | difference(syscalls_found)
      }}"

  - name: Replace the audit rule in {{ audit_file }}
    ansible.builtin.lineinfile:
      path: '{{ audit_file }}'
      regexp: (-a always,exit -F arch=b64)(?=.*(?:(?:-S |,)(?:{{ syscalls_found |
        join("|") }}))\b)((?:( -S |,)\w+)+)( -F auid&gt;=1000 -F auid!=unset (?:-k |-F
        key=)\w+)
      line: \1\2\3{{ missing_syscalls | join("\3") }}\4
      backrefs: true
      state: present
      mode: g-rwx,o-rwx
    when: syscalls_found | length &gt; 0 and missing_syscalls | length &gt; 0

  - name: Add the audit rule to {{ audit_file }}
    ansible.builtin.lineinfile:
      path: '{{ audit_file }}'
      line: -a always,exit -F arch=b64 -S {{ syscalls | join(',') }} -F auid&gt;=1000
        -F auid!=unset -F key=perm_mod
      create: true
      mode: g-rwx,o-rwx
      state: present
    when: syscalls_found | length == 0
  when:
  - '"audit" in ansible_facts.packages'
  - ("kernel-default" in ansible_facts.packages or "kernel-default-base" in ansible_facts.packages)
  - audit_arch == "b64"
  tags:
  - CCE-85695-5
  - CJIS-5.4.1.1
  - DISA-STIG-SLES-15-030290
  - NIST-800-171-3.1.7
  - NIST-800-53-AU-12(a)
  - NIST-800-53-AU-12(c)
  - NIST-800-53-AU-12.1(ii)
  - NIST-800-53-AU-12.1(iv)
  - NIST-800-53-AU-3
  - NIST-800-53-AU-3.1
  - NIST-800-53-MA-4(1)(a)
  - PCI-DSS-Req-10.5.5
  - PCI-DSSv4-10.3
  - PCI-DSSv4-10.3.4
  - audit_rules_dac_modification_fchmodat
  - low_complexity
  - low_disruption
  - medium_severity
  - reboot_required
  - restrict_strategy
</fix>
          <check system="http://oval.mitre.org/XMLSchema/oval-definitions-5">
            <check-content-ref name="oval:ssg-audit_rules_dac_modification_fchmodat:def:1" href="ssg-sle15-oval.xml"/>
          </check>
          <check system="http://scap.nist.gov/schema/ocil/2">
            <check-content-ref name="ocil:ssg-audit_rules_dac_modification_fchmodat_ocil:questionnaire:1" href="ssg-sle15-ocil.xml"/>
          </check>
        </Rule>
        <Rule id="xccdf_org.ssgproject.content_rule_audit_rules_dac_modification_fchown" selected="false" role="full" severity="medium">
          <title xmlns:xhtml="http://www.w3.org/1999/xhtml" xml:lang="en-US">Record Events that Modify the System's Discretionary Access Controls - fchown</title>
          <description xmlns:xhtml="http://www.w3.org/1999/xhtml" xml:lang="en-US">At a minimum, the audit system should collect file permission
changes for all users and root. If the <html:code xmlns:html="http://www.w3.org/1999/xhtml">auditd</html:code> daemon is configured
to use the <html:code xmlns:html="http://www.w3.org/1999/xhtml">augenrules</html:code> program to read audit rules during daemon
startup (the default), add the following line to a file with suffix
<html:code xmlns:html="http://www.w3.org/1999/xhtml">.rules</html:code> in the directory <html:code xmlns:html="http://www.w3.org/1999/xhtml">/etc/audit/rules.d</html:code>:
<html:pre xmlns:html="http://www.w3.org/1999/xhtml">-a always,exit -F arch=b32 -S fchown -F auid&gt;=1000 -F auid!=unset -F key=perm_mod</html:pre>

If the system is 64 bit then also add the following line:
<html:pre xmlns:html="http://www.w3.org/1999/xhtml">-a always,exit -F arch=b64 -S fchown -F auid&gt;=1000 -F auid!=unset -F key=perm_mod</html:pre>

If the <html:code xmlns:html="http://www.w3.org/1999/xhtml">auditd</html:code> daemon is configured to use the <html:code xmlns:html="http://www.w3.org/1999/xhtml">auditctl</html:code>
utility to read audit rules during daemon startup, add the following line to
<html:code xmlns:html="http://www.w3.org/1999/xhtml">/etc/audit/audit.rules</html:code> file:
<html:pre xmlns:html="http://www.w3.org/1999/xhtml">-a always,exit -F arch=b32 -S fchown -F auid&gt;=1000 -F auid!=unset -F key=perm_mod</html:pre>

If the system is 64 bit then also add the following line:
<html:pre xmlns:html="http://www.w3.org/1999/xhtml">-a always,exit -F arch=b64 -S fchown -F auid&gt;=1000 -F auid!=unset -F key=perm_mod</html:pre>
       </description>
          <warning xmlns:xhtml="http://www.w3.org/1999/xhtml" xml:lang="en-US" category="general">Note that these rules can be configured in a
number of ways while still achieving the desired effect. Here the system calls
have been placed independent of other system calls. Grouping these system
calls with others as identifying earlier in this guide is more efficient.</warning>
          <reference href="https://www.cisecurity.org/controls/">1</reference>
          <reference href="https://www.cisecurity.org/controls/">11</reference>
          <reference href="https://www.cisecurity.org/controls/">12</reference>
          <reference href="https://www.cisecurity.org/controls/">13</reference>
          <reference href="https://www.cisecurity.org/controls/">14</reference>
          <reference href="https://www.cisecurity.org/controls/">15</reference>
          <reference href="https://www.cisecurity.org/controls/">16</reference>
          <reference href="https://www.cisecurity.org/controls/">19</reference>
          <reference href="https://www.cisecurity.org/controls/">2</reference>
          <reference href="https://www.cisecurity.org/controls/">3</reference>
          <reference href="https://www.cisecurity.org/controls/">4</reference>
          <reference href="https://www.cisecurity.org/controls/">5</reference>
          <reference href="https://www.cisecurity.org/controls/">6</reference>
          <reference href="https://www.cisecurity.org/controls/">7</reference>
          <reference href="https://www.cisecurity.org/controls/">8</reference>
          <reference href="https://www.cisecurity.org/controls/">9</reference>
          <reference href="https://www.fbi.gov/file-repository/cjis-security-policy-v5_5_20160601-2-1.pdf">5.4.1.1</reference>
          <reference href="https://www.isaca.org/resources/cobit">APO10.01</reference>
          <reference href="https://www.isaca.org/resources/cobit">APO10.03</reference>
          <reference href="https://www.isaca.org/resources/cobit">APO10.04</reference>
          <reference href="https://www.isaca.org/resources/cobit">APO10.05</reference>
          <reference href="https://www.isaca.org/resources/cobit">APO11.04</reference>
          <reference href="https://www.isaca.org/resources/cobit">APO12.06</reference>
          <reference href="https://www.isaca.org/resources/cobit">APO13.01</reference>
          <reference href="https://www.isaca.org/resources/cobit">BAI03.05</reference>
          <reference href="https://www.isaca.org/resources/cobit">BAI08.02</reference>
          <reference href="https://www.isaca.org/resources/cobit">DSS01.03</reference>
          <reference href="https://www.isaca.org/resources/cobit">DSS01.04</reference>
          <reference href="https://www.isaca.org/resources/cobit">DSS02.02</reference>
          <reference href="https://www.isaca.org/resources/cobit">DSS02.04</reference>
          <reference href="https://www.isaca.org/resources/cobit">DSS02.07</reference>
          <reference href="https://www.isaca.org/resources/cobit">DSS03.01</reference>
          <reference href="https://www.isaca.org/resources/cobit">DSS03.05</reference>
          <reference href="https://www.isaca.org/resources/cobit">DSS05.02</reference>
          <reference href="https://www.isaca.org/resources/cobit">DSS05.03</reference>
          <reference href="https://www.isaca.org/resources/cobit">DSS05.04</reference>
          <reference href="https://www.isaca.org/resources/cobit">DSS05.05</reference>
          <reference href="https://www.isaca.org/resources/cobit">DSS05.07</reference>
          <reference href="https://www.isaca.org/resources/cobit">MEA01.01</reference>
          <reference href="https://www.isaca.org/resources/cobit">MEA01.02</reference>
          <reference href="https://www.isaca.org/resources/cobit">MEA01.03</reference>
          <reference href="https://www.isaca.org/resources/cobit">MEA01.04</reference>
          <reference href="https://www.isaca.org/resources/cobit">MEA01.05</reference>
          <reference href="https://www.isaca.org/resources/cobit">MEA02.01</reference>
          <reference href="http://nvlpubs.nist.gov/nistpubs/SpecialPublications/NIST.SP.800-171.pdf">3.1.7</reference>
          <reference href="https://www.gpo.gov/fdsys/pkg/CFR-2007-title45-vol1/pdf/CFR-2007-title45-vol1-chapA-subchapC.pdf">164.308(a)(1)(ii)(D)</reference>
          <reference href="https://www.gpo.gov/fdsys/pkg/CFR-2007-title45-vol1/pdf/CFR-2007-title45-vol1-chapA-subchapC.pdf">164.308(a)(3)(ii)(A)</reference>
          <reference href="https://www.gpo.gov/fdsys/pkg/CFR-2007-title45-vol1/pdf/CFR-2007-title45-vol1-chapA-subchapC.pdf">164.308(a)(5)(ii)(C)</reference>
          <reference href="https://www.gpo.gov/fdsys/pkg/CFR-2007-title45-vol1/pdf/CFR-2007-title45-vol1-chapA-subchapC.pdf">164.312(a)(2)(i)</reference>
          <reference href="https://www.gpo.gov/fdsys/pkg/CFR-2007-title45-vol1/pdf/CFR-2007-title45-vol1-chapA-subchapC.pdf">164.312(b)</reference>
          <reference href="https://www.gpo.gov/fdsys/pkg/CFR-2007-title45-vol1/pdf/CFR-2007-title45-vol1-chapA-subchapC.pdf">164.312(d)</reference>
          <reference href="https://www.gpo.gov/fdsys/pkg/CFR-2007-title45-vol1/pdf/CFR-2007-title45-vol1-chapA-subchapC.pdf">164.312(e)</reference>
          <reference href="https://www.isa.org/products/isa-62443-2-1-2009-security-for-industrial-automat">4.2.3.10</reference>
          <reference href="https://www.isa.org/products/isa-62443-2-1-2009-security-for-industrial-automat">4.3.2.6.7</reference>
          <reference href="https://www.isa.org/products/isa-62443-2-1-2009-security-for-industrial-automat">4.3.3.3.9</reference>
          <reference href="https://www.isa.org/products/isa-62443-2-1-2009-security-for-industrial-automat">4.3.3.5.8</reference>
          <reference href="https://www.isa.org/products/isa-62443-2-1-2009-security-for-industrial-automat">4.3.3.6.6</reference>
          <reference href="https://www.isa.org/products/isa-62443-2-1-2009-security-for-industrial-automat">4.3.4.4.7</reference>
          <reference href="https://www.isa.org/products/isa-62443-2-1-2009-security-for-industrial-automat">4.3.4.5.6</reference>
          <reference href="https://www.isa.org/products/isa-62443-2-1-2009-security-for-industrial-automat">4.3.4.5.7</reference>
          <reference href="https://www.isa.org/products/isa-62443-2-1-2009-security-for-industrial-automat">4.3.4.5.8</reference>
          <reference href="https://www.isa.org/products/isa-62443-2-1-2009-security-for-industrial-automat">4.4.2.1</reference>
          <reference href="https://www.isa.org/products/isa-62443-2-1-2009-security-for-industrial-automat">4.4.2.2</reference>
          <reference href="https://www.isa.org/products/isa-62443-2-1-2009-security-for-industrial-automat">4.4.2.4</reference>
          <reference href="https://www.isa.org/products/ansi-isa-62443-3-3-99-03-03-2013-security-for-indu">SR 1.13</reference>
          <reference href="https://www.isa.org/products/ansi-isa-62443-3-3-99-03-03-2013-security-for-indu">SR 2.10</reference>
          <reference href="https://www.isa.org/products/ansi-isa-62443-3-3-99-03-03-2013-security-for-indu">SR 2.11</reference>
          <reference href="https://www.isa.org/products/ansi-isa-62443-3-3-99-03-03-2013-security-for-indu">SR 2.12</reference>
          <reference href="https://www.isa.org/products/ansi-isa-62443-3-3-99-03-03-2013-security-for-indu">SR 2.6</reference>
          <reference href="https://www.isa.org/products/ansi-isa-62443-3-3-99-03-03-2013-security-for-indu">SR 2.8</reference>
          <reference href="https://www.isa.org/products/ansi-isa-62443-3-3-99-03-03-2013-security-for-indu">SR 2.9</reference>
          <reference href="https://www.isa.org/products/ansi-isa-62443-3-3-99-03-03-2013-security-for-indu">SR 3.1</reference>
          <reference href="https://www.isa.org/products/ansi-isa-62443-3-3-99-03-03-2013-security-for-indu">SR 3.5</reference>
          <reference href="https://www.isa.org/products/ansi-isa-62443-3-3-99-03-03-2013-security-for-indu">SR 3.8</reference>
          <reference href="https://www.isa.org/products/ansi-isa-62443-3-3-99-03-03-2013-security-for-indu">SR 4.1</reference>
          <reference href="https://www.isa.org/products/ansi-isa-62443-3-3-99-03-03-2013-security-for-indu">SR 4.3</reference>
          <reference href="https://www.isa.org/products/ansi-isa-62443-3-3-99-03-03-2013-security-for-indu">SR 5.1</reference>
          <reference href="https://www.isa.org/products/ansi-isa-62443-3-3-99-03-03-2013-security-for-indu">SR 5.2</reference>
          <reference href="https://www.isa.org/products/ansi-isa-62443-3-3-99-03-03-2013-security-for-indu">SR 5.3</reference>
          <reference href="https://www.isa.org/products/ansi-isa-62443-3-3-99-03-03-2013-security-for-indu">SR 6.1</reference>
          <reference href="https://www.isa.org/products/ansi-isa-62443-3-3-99-03-03-2013-security-for-indu">SR 6.2</reference>
          <reference href="https://www.isa.org/products/ansi-isa-62443-3-3-99-03-03-2013-security-for-indu">SR 7.1</reference>
          <reference href="https://www.isa.org/products/ansi-isa-62443-3-3-99-03-03-2013-security-for-indu">SR 7.6</reference>
          <reference href="https://www.iso.org/contents/data/standard/05/45/54534.html">A.11.2.6</reference>
          <reference href="https://www.iso.org/contents/data/standard/05/45/54534.html">A.12.4.1</reference>
          <reference href="https://www.iso.org/contents/data/standard/05/45/54534.html">A.12.4.2</reference>
          <reference href="https://www.iso.org/contents/data/standard/05/45/54534.html">A.12.4.3</reference>
          <reference href="https://www.iso.org/contents/data/standard/05/45/54534.html">A.12.4.4</reference>
          <reference href="https://www.iso.org/contents/data/standard/05/45/54534.html">A.12.7.1</reference>
          <reference href="https://www.iso.org/contents/data/standard/05/45/54534.html">A.13.1.1</reference>
          <reference href="https://www.iso.org/contents/data/standard/05/45/54534.html">A.13.2.1</reference>
          <reference href="https://www.iso.org/contents/data/standard/05/45/54534.html">A.14.1.3</reference>
          <reference href="https://www.iso.org/contents/data/standard/05/45/54534.html">A.14.2.7</reference>
          <reference href="https://www.iso.org/contents/data/standard/05/45/54534.html">A.15.2.1</reference>
          <reference href="https://www.iso.org/contents/data/standard/05/45/54534.html">A.15.2.2</reference>
          <reference href="https://www.iso.org/contents/data/standard/05/45/54534.html">A.16.1.4</reference>
          <reference href="https://www.iso.org/contents/data/standard/05/45/54534.html">A.16.1.5</reference>
          <reference href="https://www.iso.org/contents/data/standard/05/45/54534.html">A.16.1.7</reference>
          <reference href="https://www.iso.org/contents/data/standard/05/45/54534.html">A.6.2.1</reference>
          <reference href="https://www.iso.org/contents/data/standard/05/45/54534.html">A.6.2.2</reference>
          <reference href="http://nvlpubs.nist.gov/nistpubs/SpecialPublications/NIST.SP.800-53r4.pdf">AU-3</reference>
          <reference href="http://nvlpubs.nist.gov/nistpubs/SpecialPublications/NIST.SP.800-53r4.pdf">AU-3.1</reference>
          <reference href="http://nvlpubs.nist.gov/nistpubs/SpecialPublications/NIST.SP.800-53r4.pdf">AU-12(c)</reference>
          <reference href="http://nvlpubs.nist.gov/nistpubs/SpecialPublications/NIST.SP.800-53r4.pdf">AU-12.1(iv)</reference>
          <reference href="http://nvlpubs.nist.gov/nistpubs/SpecialPublications/NIST.SP.800-53r4.pdf">AU-12(a)</reference>
          <reference href="http://nvlpubs.nist.gov/nistpubs/SpecialPublications/NIST.SP.800-53r4.pdf">AU-12.1(ii)</reference>
          <reference href="http://nvlpubs.nist.gov/nistpubs/SpecialPublications/NIST.SP.800-53r4.pdf">MA-4(1)(a)</reference>
          <reference href="https://nvlpubs.nist.gov/nistpubs/CSWP/NIST.CSWP.04162018.pdf">DE.AE-3</reference>
          <reference href="https://nvlpubs.nist.gov/nistpubs/CSWP/NIST.CSWP.04162018.pdf">DE.AE-5</reference>
          <reference href="https://nvlpubs.nist.gov/nistpubs/CSWP/NIST.CSWP.04162018.pdf">DE.CM-1</reference>
          <reference href="https://nvlpubs.nist.gov/nistpubs/CSWP/NIST.CSWP.04162018.pdf">DE.CM-3</reference>
          <reference href="https://nvlpubs.nist.gov/nistpubs/CSWP/NIST.CSWP.04162018.pdf">DE.CM-7</reference>
          <reference href="https://nvlpubs.nist.gov/nistpubs/CSWP/NIST.CSWP.04162018.pdf">ID.SC-4</reference>
          <reference href="https://nvlpubs.nist.gov/nistpubs/CSWP/NIST.CSWP.04162018.pdf">PR.AC-3</reference>
          <reference href="https://nvlpubs.nist.gov/nistpubs/CSWP/NIST.CSWP.04162018.pdf">PR.PT-1</reference>
          <reference href="https://nvlpubs.nist.gov/nistpubs/CSWP/NIST.CSWP.04162018.pdf">PR.PT-4</reference>
          <reference href="https://nvlpubs.nist.gov/nistpubs/CSWP/NIST.CSWP.04162018.pdf">RS.AN-1</reference>
          <reference href="https://nvlpubs.nist.gov/nistpubs/CSWP/NIST.CSWP.04162018.pdf">RS.AN-4</reference>
          <reference href="https://www.pcisecuritystandards.org/documents/PCI_DSS_v3-2-1.pdf">Req-10.5.5</reference>
          <reference href="https://www.cyber.mil/stigs/downloads/?_dl_facet_stigs=operating-systems%2Cgeneral-purpose-os">SRG-OS-000037-GPOS-00015</reference>
          <reference href="https://www.cyber.mil/stigs/downloads/?_dl_facet_stigs=operating-systems%2Cgeneral-purpose-os">SRG-OS-000042-GPOS-00020</reference>
          <reference href="https://www.cyber.mil/stigs/downloads/?_dl_facet_stigs=operating-systems%2Cgeneral-purpose-os">SRG-OS-000062-GPOS-00031</reference>
          <reference href="https://www.cyber.mil/stigs/downloads/?_dl_facet_stigs=operating-systems%2Cgeneral-purpose-os">SRG-OS-000392-GPOS-00172</reference>
          <reference href="https://www.cyber.mil/stigs/downloads/?_dl_facet_stigs=operating-systems%2Cgeneral-purpose-os">SRG-OS-000462-GPOS-00206</reference>
          <reference href="https://www.cyber.mil/stigs/downloads/?_dl_facet_stigs=operating-systems%2Cgeneral-purpose-os">SRG-OS-000471-GPOS-00215</reference>
          <reference href="https://www.cyber.mil/stigs/downloads/?_dl_facet_stigs=operating-systems%2Cgeneral-purpose-os">SRG-OS-000064-GPOS-00033</reference>
          <reference href="https://www.cyber.mil/stigs/downloads/?_dl_facet_stigs=operating-systems%2Cgeneral-purpose-os">SRG-OS-000466-GPOS-00210</reference>
          <reference href="https://www.cyber.mil/stigs/downloads/?_dl_facet_stigs=operating-systems%2Cgeneral-purpose-os">SRG-OS-000458-GPOS-00203</reference>
          <reference href="https://www.cyber.mil/stigs/downloads/?_dl_facet_stigs=operating-systems%2Cgeneral-purpose-os">SRG-OS-000474-GPOS-00219</reference>
          <reference href="https://www.cyber.mil/stigs/downloads/?_dl_facet_stigs=app-security">SRG-APP-000091-CTR-000160</reference>
          <reference href="https://www.cyber.mil/stigs/downloads/?_dl_facet_stigs=app-security">SRG-APP-000492-CTR-001220</reference>
          <reference href="https://www.cyber.mil/stigs/downloads/?_dl_facet_stigs=app-security">SRG-APP-000493-CTR-001225</reference>
          <reference href="https://www.cyber.mil/stigs/downloads/?_dl_facet_stigs=app-security">SRG-APP-000494-CTR-001230</reference>
          <reference href="https://www.cyber.mil/stigs/downloads/?_dl_facet_stigs=app-security">SRG-APP-000500-CTR-001260</reference>
          <reference href="https://www.cyber.mil/stigs/downloads/?_dl_facet_stigs=app-security">SRG-APP-000507-CTR-001295</reference>
          <reference href="https://www.cyber.mil/stigs/downloads/?_dl_facet_stigs=app-security">SRG-APP-000495-CTR-001235</reference>
          <reference href="https://www.cyber.mil/stigs/downloads/?_dl_facet_stigs=app-security">SRG-APP-000499-CTR-001255</reference>
          <reference href="https://www.cyber.mil/stigs/downloads/?_dl_facet_stigs=operating-systems%2Cunix-linux">SLES-15-030250</reference>
          <reference href="https://www.cisecurity.org/benchmark/suse_linux/">4.1.9</reference>
          <reference href="https://cyber.gouv.fr/sites/default/files/document/linux_configuration-en-v2.pdf">R73</reference>
          <reference href="not_publicly_available">SLES-15-750450255</reference>
          <reference href="https://docs-prv.pcisecuritystandards.org/PCI%20DSS/Standard/PCI-DSS-v4_0.pdf">10.3.4</reference>
          <reference href="https://docs-prv.pcisecuritystandards.org/PCI%20DSS/Standard/PCI-DSS-v4_0.pdf">10.3</reference>
          <reference href="https://www.cyber.mil/stigs/srg-stig-tools/">SV-234924r958412_rule</reference>
          <rationale xmlns:xhtml="http://www.w3.org/1999/xhtml" xml:lang="en-US">The changing of file permissions could indicate that a user is attempting to
gain access to information that would otherwise be disallowed. Auditing DAC modifications
can facilitate the identification of patterns of abuse among both authorized and
unauthorized users.</rationale>
          <ident system="https://ncp.nist.gov/cce">CCE-85721-9</ident>
          <fix xmlns:xhtml="http://www.w3.org/1999/xhtml" id="audit_rules_dac_modification_fchown" system="urn:xccdf:fix:script:sh"># Remediation is applicable only in certain platforms
if rpm --quiet -q audit &amp;&amp; rpm --quiet -q kernel-default || rpm --quiet -q kernel-default-base; then

# First perform the remediation of the syscall rule
# Retrieve hardware architecture of the underlying system
[ "$(getconf LONG_BIT)" = "32" ] &amp;&amp; RULE_ARCHS=("b32") || RULE_ARCHS=("b32" "b64")

for ARCH in "${RULE_ARCHS[@]}"
do
	ACTION_ARCH_FILTERS="-a always,exit -F arch=$ARCH"
	OTHER_FILTERS=""
	AUID_FILTERS="-F auid&gt;=1000 -F auid!=unset"
	SYSCALL="fchown"
	KEY="perm_mod"
	SYSCALL_GROUPING="chown fchown fchownat lchown"

	# Perform the remediation for both possible tools: 'auditctl' and 'augenrules'
	unset syscall_a
unset syscall_grouping
unset syscall_string
unset syscall
unset file_to_edit
unset rule_to_edit
unset rule_syscalls_to_edit
unset other_string
unset auid_string
unset full_rule

# Load macro arguments into arrays
read -a syscall_a &lt;&lt;&lt; $SYSCALL
read -a syscall_grouping &lt;&lt;&lt; $SYSCALL_GROUPING

# Create a list of audit *.rules files that should be inspected for presence and correctness
# of a particular audit rule. The scheme is as follows:
#
# -----------------------------------------------------------------------------------------
#  Tool used to load audit rules | Rule already defined  |  Audit rules file to inspect    |
# -----------------------------------------------------------------------------------------
#        auditctl                |     Doesn't matter    |  /etc/audit/audit.rules         |
# -----------------------------------------------------------------------------------------
#        augenrules              |          Yes          |  /etc/audit/rules.d/*.rules     |
#        augenrules              |          No           |  /etc/audit/rules.d/$key.rules  |
# -----------------------------------------------------------------------------------------
#
files_to_inspect=()

# If audit tool is 'augenrules', then check if the audit rule is defined
# If rule is defined, add '/etc/audit/rules.d/*.rules' to the list for inspection
# If rule isn't defined yet, add '/etc/audit/rules.d/$key.rules' to the list for inspection
default_file="/etc/audit/rules.d/$KEY.rules"
# As other_filters may include paths, lets use a different delimiter for it
# The "F" script expression tells sed to print the filenames where the expressions matched
readarray -t files_to_inspect &lt; &lt;(sed -s -n -e "/^$ACTION_ARCH_FILTERS/!d" -e "\#$OTHER_FILTERS#!d" -e "/$AUID_FILTERS/!d" -e "F" /etc/audit/rules.d/*.rules)
# Case when particular rule isn't defined in /etc/audit/rules.d/*.rules yet
if [ ${#files_to_inspect[@]} -eq "0" ]
then
    file_to_inspect="/etc/audit/rules.d/$KEY.rules"
    files_to_inspect=("$file_to_inspect")
    if [ ! -e "$file_to_inspect" ]
    then
        touch "$file_to_inspect"
        chmod 0600 "$file_to_inspect"
    fi
fi

# After converting to jinja, we cannot return; therefore we skip the rest of the macro if needed instead
skip=1

for audit_file in "${files_to_inspect[@]}"
do
    # Filter existing $audit_file rules' definitions to select those that satisfy the rule pattern,
    # i.e, collect rules that match:
    # * the action, list and arch, (2-nd argument)
    # * the other filters, (3-rd argument)
    # * the auid filters, (4-rd argument)
    readarray -t similar_rules &lt; &lt;(sed -e "/^$ACTION_ARCH_FILTERS/!d"  -e "\#$OTHER_FILTERS#!d" -e "/$AUID_FILTERS/!d" "$audit_file")

    candidate_rules=()
    # Filter out rules that have more fields then required. This will remove rules more specific than the required scope
    for s_rule in "${similar_rules[@]}"
    do
        # Strip all the options and fields we know of,
        # than check if there was any field left over
        extra_fields=$(sed -E -e "s/^$ACTION_ARCH_FILTERS//"  -e "s#$OTHER_FILTERS##" -e "s/$AUID_FILTERS//" -e "s/((:?-S [[:alnum:],]+)+)//g" -e "s/-F key=\w+|-k \w+//"&lt;&lt;&lt; "$s_rule")
        grep -q -- "-F" &lt;&lt;&lt; "$extra_fields" || candidate_rules+=("$s_rule")
    done

    if [[ ${#syscall_a[@]} -ge 1 ]]
    then
        # Check if the syscall we want is present in any of the similar existing rules
        for rule in "${candidate_rules[@]}"
        do
            rule_syscalls=$(echo "$rule" | grep -o -P '(-S [\w,]+)+' | xargs)
            all_syscalls_found=0
            for syscall in "${syscall_a[@]}"
            do
                grep -q -- "\b${syscall}\b" &lt;&lt;&lt; "$rule_syscalls" || {
                   # A syscall was not found in the candidate rule
                   all_syscalls_found=1
                   }
            done
            if [[ $all_syscalls_found -eq 0 ]]
            then
                # We found a rule with all the syscall(s) we want; skip rest of macro
                skip=0
                break
            fi

            # Check if this rule can be grouped with our target syscall and keep track of it
            for syscall_g in "${syscall_grouping[@]}"
            do
                if grep -q -- "\b${syscall_g}\b" &lt;&lt;&lt; "$rule_syscalls"
                then
                    file_to_edit=${audit_file}
                    rule_to_edit=${rule}
                    rule_syscalls_to_edit=${rule_syscalls}
                fi
            done
        done
    else
        # If there is any candidate rule, it is compliant; skip rest of macro
        if [ "${#candidate_rules[@]}" -gt 0 ]
        then
            skip=0
        fi
    fi

    if [ "$skip" -eq 0 ]; then
        break
    fi
done

if [ "$skip" -ne 0 ]; then
    # We checked all rules that matched the expected resemblance pattern (action, arch &amp; auid)
    # At this point we know if we need to either append the $full_rule or group
    # the syscall together with an exsiting rule

    # Append the full_rule if it cannot be grouped to any other rule
    if [ -z ${rule_to_edit+x} ]
    then
        # Build full_rule while avoid adding double spaces when other_filters is empty
        if [ "${#syscall_a[@]}" -gt 0 ]
        then
            syscall_string=""
            for syscall in "${syscall_a[@]}"
            do
                syscall_string+=" -S $syscall"
            done
        fi
        other_string=$([[ $OTHER_FILTERS ]] &amp;&amp; echo " $OTHER_FILTERS") || /bin/true
        auid_string=$([[ $AUID_FILTERS ]] &amp;&amp; echo " $AUID_FILTERS") || /bin/true
        full_rule="$ACTION_ARCH_FILTERS${syscall_string}${other_string}${auid_string} -F key=$KEY" || /bin/true
        echo "$full_rule" &gt;&gt; "$default_file"
        chmod 0600 ${default_file}
    else
        # Check if the syscalls are declared as a comma separated list or
        # as multiple -S parameters
        if grep -q -- "," &lt;&lt;&lt; "${rule_syscalls_to_edit}"
        then
            delimiter=","
        else
            delimiter=" -S "
        fi
        new_grouped_syscalls="${rule_syscalls_to_edit}"
        for syscall in "${syscall_a[@]}"
        do
            grep -q -- "\b${syscall}\b" &lt;&lt;&lt; "${rule_syscalls_to_edit}" || {
               # A syscall was not found in the candidate rule
               new_grouped_syscalls+="${delimiter}${syscall}"
               }
        done

        # Group the syscall in the rule
        sed -i -e "\#${rule_to_edit}#s#${rule_syscalls_to_edit}#${new_grouped_syscalls}#" "$file_to_edit"
    fi
fi
	unset syscall_a
unset syscall_grouping
unset syscall_string
unset syscall
unset file_to_edit
unset rule_to_edit
unset rule_syscalls_to_edit
unset other_string
unset auid_string
unset full_rule

# Load macro arguments into arrays
read -a syscall_a &lt;&lt;&lt; $SYSCALL
read -a syscall_grouping &lt;&lt;&lt; $SYSCALL_GROUPING

# Create a list of audit *.rules files that should be inspected for presence and correctness
# of a particular audit rule. The scheme is as follows:
#
# -----------------------------------------------------------------------------------------
#  Tool used to load audit rules | Rule already defined  |  Audit rules file to inspect    |
# -----------------------------------------------------------------------------------------
#        auditctl                |     Doesn't matter    |  /etc/audit/audit.rules         |
# -----------------------------------------------------------------------------------------
#        augenrules              |          Yes          |  /etc/audit/rules.d/*.rules     |
#        augenrules              |          No           |  /etc/audit/rules.d/$key.rules  |
# -----------------------------------------------------------------------------------------
#
files_to_inspect=()


# If audit tool is 'auditctl', then add '/etc/audit/audit.rules'
# file to the list of files to be inspected
default_file="/etc/audit/audit.rules"
files_to_inspect+=('/etc/audit/audit.rules' )

# After converting to jinja, we cannot return; therefore we skip the rest of the macro if needed instead
skip=1

for audit_file in "${files_to_inspect[@]}"
do
    # Filter existing $audit_file rules' definitions to select those that satisfy the rule pattern,
    # i.e, collect rules that match:
    # * the action, list and arch, (2-nd argument)
    # * the other filters, (3-rd argument)
    # * the auid filters, (4-rd argument)
    readarray -t similar_rules &lt; &lt;(sed -e "/^$ACTION_ARCH_FILTERS/!d"  -e "\#$OTHER_FILTERS#!d" -e "/$AUID_FILTERS/!d" "$audit_file")

    candidate_rules=()
    # Filter out rules that have more fields then required. This will remove rules more specific than the required scope
    for s_rule in "${similar_rules[@]}"
    do
        # Strip all the options and fields we know of,
        # than check if there was any field left over
        extra_fields=$(sed -E -e "s/^$ACTION_ARCH_FILTERS//"  -e "s#$OTHER_FILTERS##" -e "s/$AUID_FILTERS//" -e "s/((:?-S [[:alnum:],]+)+)//g" -e "s/-F key=\w+|-k \w+//"&lt;&lt;&lt; "$s_rule")
        grep -q -- "-F" &lt;&lt;&lt; "$extra_fields" || candidate_rules+=("$s_rule")
    done

    if [[ ${#syscall_a[@]} -ge 1 ]]
    then
        # Check if the syscall we want is present in any of the similar existing rules
        for rule in "${candidate_rules[@]}"
        do
            rule_syscalls=$(echo "$rule" | grep -o -P '(-S [\w,]+)+' | xargs)
            all_syscalls_found=0
            for syscall in "${syscall_a[@]}"
            do
                grep -q -- "\b${syscall}\b" &lt;&lt;&lt; "$rule_syscalls" || {
                   # A syscall was not found in the candidate rule
                   all_syscalls_found=1
                   }
            done
            if [[ $all_syscalls_found -eq 0 ]]
            then
                # We found a rule with all the syscall(s) we want; skip rest of macro
                skip=0
                break
            fi

            # Check if this rule can be grouped with our target syscall and keep track of it
            for syscall_g in "${syscall_grouping[@]}"
            do
                if grep -q -- "\b${syscall_g}\b" &lt;&lt;&lt; "$rule_syscalls"
                then
                    file_to_edit=${audit_file}
                    rule_to_edit=${rule}
                    rule_syscalls_to_edit=${rule_syscalls}
                fi
            done
        done
    else
        # If there is any candidate rule, it is compliant; skip rest of macro
        if [ "${#candidate_rules[@]}" -gt 0 ]
        then
            skip=0
        fi
    fi

    if [ "$skip" -eq 0 ]; then
        break
    fi
done

if [ "$skip" -ne 0 ]; then
    # We checked all rules that matched the expected resemblance pattern (action, arch &amp; auid)
    # At this point we know if we need to either append the $full_rule or group
    # the syscall together with an exsiting rule

    # Append the full_rule if it cannot be grouped to any other rule
    if [ -z ${rule_to_edit+x} ]
    then
        # Build full_rule while avoid adding double spaces when other_filters is empty
        if [ "${#syscall_a[@]}" -gt 0 ]
        then
            syscall_string=""
            for syscall in "${syscall_a[@]}"
            do
                syscall_string+=" -S $syscall"
            done
        fi
        other_string=$([[ $OTHER_FILTERS ]] &amp;&amp; echo " $OTHER_FILTERS") || /bin/true
        auid_string=$([[ $AUID_FILTERS ]] &amp;&amp; echo " $AUID_FILTERS") || /bin/true
        full_rule="$ACTION_ARCH_FILTERS${syscall_string}${other_string}${auid_string} -F key=$KEY" || /bin/true
        echo "$full_rule" &gt;&gt; "$default_file"
        chmod 0600 ${default_file}
    else
        # Check if the syscalls are declared as a comma separated list or
        # as multiple -S parameters
        if grep -q -- "," &lt;&lt;&lt; "${rule_syscalls_to_edit}"
        then
            delimiter=","
        else
            delimiter=" -S "
        fi
        new_grouped_syscalls="${rule_syscalls_to_edit}"
        for syscall in "${syscall_a[@]}"
        do
            grep -q -- "\b${syscall}\b" &lt;&lt;&lt; "${rule_syscalls_to_edit}" || {
               # A syscall was not found in the candidate rule
               new_grouped_syscalls+="${delimiter}${syscall}"
               }
        done

        # Group the syscall in the rule
        sed -i -e "\#${rule_to_edit}#s#${rule_syscalls_to_edit}#${new_grouped_syscalls}#" "$file_to_edit"
    fi
fi
done

else
    &gt;&amp;2 echo 'Remediation is not applicable, nothing was done'
fi
</fix>
          <fix xmlns:xhtml="http://www.w3.org/1999/xhtml" id="audit_rules_dac_modification_fchown" system="urn:xccdf:fix:script:ansible" reboot="true" complexity="low" disruption="low" strategy="restrict">- name: Gather the package facts
  package_facts:
    manager: auto
  tags:
  - CCE-85721-9
  - CJIS-5.4.1.1
  - DISA-STIG-SLES-15-030250
  - NIST-800-171-3.1.7
  - NIST-800-53-AU-12(a)
  - NIST-800-53-AU-12(c)
  - NIST-800-53-AU-12.1(ii)
  - NIST-800-53-AU-12.1(iv)
  - NIST-800-53-AU-3
  - NIST-800-53-AU-3.1
  - NIST-800-53-MA-4(1)(a)
  - PCI-DSS-Req-10.5.5
  - PCI-DSSv4-10.3
  - PCI-DSSv4-10.3.4
  - audit_rules_dac_modification_fchown
  - low_complexity
  - low_disruption
  - medium_severity
  - reboot_required
  - restrict_strategy

- name: Set architecture for audit fchown tasks
  ansible.builtin.set_fact:
    audit_arch: b64
  when:
  - '"audit" in ansible_facts.packages'
  - ("kernel-default" in ansible_facts.packages or "kernel-default-base" in ansible_facts.packages)
  - ansible_architecture == "aarch64" or ansible_architecture == "ppc64" or ansible_architecture
    == "ppc64le" or ansible_architecture == "s390x" or ansible_architecture == "x86_64"
  tags:
  - CCE-85721-9
  - CJIS-5.4.1.1
  - DISA-STIG-SLES-15-030250
  - NIST-800-171-3.1.7
  - NIST-800-53-AU-12(a)
  - NIST-800-53-AU-12(c)
  - NIST-800-53-AU-12.1(ii)
  - NIST-800-53-AU-12.1(iv)
  - NIST-800-53-AU-3
  - NIST-800-53-AU-3.1
  - NIST-800-53-MA-4(1)(a)
  - PCI-DSS-Req-10.5.5
  - PCI-DSSv4-10.3
  - PCI-DSSv4-10.3.4
  - audit_rules_dac_modification_fchown
  - low_complexity
  - low_disruption
  - medium_severity
  - reboot_required
  - restrict_strategy

- name: Perform remediation of Audit rules for fchown for 32bit platform
  block:

  - name: Declare list of syscalls
    ansible.builtin.set_fact:
      syscalls:
      - fchown
      syscall_grouping:
      - chown
      - fchown
      - fchownat
      - lchown

  - name: Check existence of fchown in /etc/audit/rules.d/
    ansible.builtin.find:
      paths: /etc/audit/rules.d
      contains: -a always,exit -F arch=b32(( -S |,)\w+)*(( -S |,){{ item }})+(( -S
        |,)\w+)* -F auid&gt;=1000 -F auid!=unset (-k\s+|-F\s+key=)\S+\s*$
      patterns: '*.rules'
    register: find_command
    loop: '{{ (syscall_grouping + syscalls) | unique }}'

  - name: Reset syscalls found per file
    ansible.builtin.set_fact:
      syscalls_per_file: {}
      found_paths_dict: {}

  - name: Declare syscalls found per file
    ansible.builtin.set_fact: syscalls_per_file="{{ syscalls_per_file | combine( {item.files[0].path
      :[item.item] + syscalls_per_file.get(item.files[0].path, []) } ) }}"
    loop: '{{ find_command.results | selectattr(''matched'') | list }}'

  - name: Declare files where syscalls were found
    ansible.builtin.set_fact: found_paths="{{ find_command.results | map(attribute='files')
      | flatten | map(attribute='path') | list }}"

  - name: Count occurrences of syscalls in paths
    ansible.builtin.set_fact: found_paths_dict="{{ found_paths_dict | combine({ item:1+found_paths_dict.get(item,
      0) }) }}"
    loop: '{{ find_command.results | map(attribute=''files'') | flatten | map(attribute=''path'')
      | list }}'

  - name: Get path with most syscalls
    ansible.builtin.set_fact: audit_file="{{ (found_paths_dict | dict2items() | sort(attribute='value')
      | last).key }}"
    when: found_paths | length &gt;= 1

  - name: No file with syscall found, set path to /etc/audit/rules.d/perm_mod.rules
    ansible.builtin.set_fact: audit_file="/etc/audit/rules.d/perm_mod.rules"
    when: found_paths | length == 0

  - name: Declare found syscalls
    ansible.builtin.set_fact: syscalls_found="{{ find_command.results | selectattr('matched')
      | map(attribute='item') | list }}"

  - name: Declare missing syscalls
    ansible.builtin.set_fact: missing_syscalls="{{ syscalls | difference(syscalls_found)
      }}"

  - name: Replace the audit rule in {{ audit_file }}
    ansible.builtin.lineinfile:
      path: '{{ audit_file }}'
      regexp: (-a always,exit -F arch=b32)(?=.*(?:(?:-S |,)(?:{{ syscalls_per_file[audit_file]
        | join("|") }}))\b)((?:( -S |,)\w+)+)( -F auid&gt;=1000 -F auid!=unset (?:-k
        |-F key=)\w+)
      line: \1\2\3{{ missing_syscalls | join("\3") }}\4
      backrefs: true
      state: present
      mode: g-rwx,o-rwx
    when: syscalls_found | length &gt; 0 and missing_syscalls | length &gt; 0

  - name: Add the audit rule to {{ audit_file }}
    ansible.builtin.lineinfile:
      path: '{{ audit_file }}'
      line: -a always,exit -F arch=b32 -S {{ syscalls | join(',') }} -F auid&gt;=1000
        -F auid!=unset -F key=perm_mod
      create: true
      mode: g-rwx,o-rwx
      state: present
    when: syscalls_found | length == 0

  - name: Declare list of syscalls
    ansible.builtin.set_fact:
      syscalls:
      - fchown
      syscall_grouping:
      - chown
      - fchown
      - fchownat
      - lchown

  - name: Check existence of fchown in /etc/audit/audit.rules
    ansible.builtin.find:
      paths: /etc/audit
      contains: -a always,exit -F arch=b32(( -S |,)\w+)*(( -S |,){{ item }})+(( -S
        |,)\w+)* -F auid&gt;=1000 -F auid!=unset (-k\s+|-F\s+key=)\S+\s*$
      patterns: audit.rules
    register: find_command
    loop: '{{ (syscall_grouping + syscalls) | unique }}'

  - name: Set path to /etc/audit/audit.rules
    ansible.builtin.set_fact: audit_file="/etc/audit/audit.rules"

  - name: Declare found syscalls
    ansible.builtin.set_fact: syscalls_found="{{ find_command.results | selectattr('matched')
      | map(attribute='item') | list }}"

  - name: Declare missing syscalls
    ansible.builtin.set_fact: missing_syscalls="{{ syscalls | difference(syscalls_found)
      }}"

  - name: Replace the audit rule in {{ audit_file }}
    ansible.builtin.lineinfile:
      path: '{{ audit_file }}'
      regexp: (-a always,exit -F arch=b32)(?=.*(?:(?:-S |,)(?:{{ syscalls_found |
        join("|") }}))\b)((?:( -S |,)\w+)+)( -F auid&gt;=1000 -F auid!=unset (?:-k |-F
        key=)\w+)
      line: \1\2\3{{ missing_syscalls | join("\3") }}\4
      backrefs: true
      state: present
      mode: g-rwx,o-rwx
    when: syscalls_found | length &gt; 0 and missing_syscalls | length &gt; 0

  - name: Add the audit rule to {{ audit_file }}
    ansible.builtin.lineinfile:
      path: '{{ audit_file }}'
      line: -a always,exit -F arch=b32 -S {{ syscalls | join(',') }} -F auid&gt;=1000
        -F auid!=unset -F key=perm_mod
      create: true
      mode: g-rwx,o-rwx
      state: present
    when: syscalls_found | length == 0
  when:
  - '"audit" in ansible_facts.packages'
  - ("kernel-default" in ansible_facts.packages or "kernel-default-base" in ansible_facts.packages)
  tags:
  - CCE-85721-9
  - CJIS-5.4.1.1
  - DISA-STIG-SLES-15-030250
  - NIST-800-171-3.1.7
  - NIST-800-53-AU-12(a)
  - NIST-800-53-AU-12(c)
  - NIST-800-53-AU-12.1(ii)
  - NIST-800-53-AU-12.1(iv)
  - NIST-800-53-AU-3
  - NIST-800-53-AU-3.1
  - NIST-800-53-MA-4(1)(a)
  - PCI-DSS-Req-10.5.5
  - PCI-DSSv4-10.3
  - PCI-DSSv4-10.3.4
  - audit_rules_dac_modification_fchown
  - low_complexity
  - low_disruption
  - medium_severity
  - reboot_required
  - restrict_strategy

- name: Perform remediation of Audit rules for fchown for 64bit platform
  block:

  - name: Declare list of syscalls
    ansible.builtin.set_fact:
      syscalls:
      - fchown
      syscall_grouping:
      - chown
      - fchown
      - fchownat
      - lchown

  - name: Check existence of fchown in /etc/audit/rules.d/
    ansible.builtin.find:
      paths: /etc/audit/rules.d
      contains: -a always,exit -F arch=b64(( -S |,)\w+)*(( -S |,){{ item }})+(( -S
        |,)\w+)* -F auid&gt;=1000 -F auid!=unset (-k\s+|-F\s+key=)\S+\s*$
      patterns: '*.rules'
    register: find_command
    loop: '{{ (syscall_grouping + syscalls) | unique }}'

  - name: Reset syscalls found per file
    ansible.builtin.set_fact:
      syscalls_per_file: {}
      found_paths_dict: {}

  - name: Declare syscalls found per file
    ansible.builtin.set_fact: syscalls_per_file="{{ syscalls_per_file | combine( {item.files[0].path
      :[item.item] + syscalls_per_file.get(item.files[0].path, []) } ) }}"
    loop: '{{ find_command.results | selectattr(''matched'') | list }}'

  - name: Declare files where syscalls were found
    ansible.builtin.set_fact: found_paths="{{ find_command.results | map(attribute='files')
      | flatten | map(attribute='path') | list }}"

  - name: Count occurrences of syscalls in paths
    ansible.builtin.set_fact: found_paths_dict="{{ found_paths_dict | combine({ item:1+found_paths_dict.get(item,
      0) }) }}"
    loop: '{{ find_command.results | map(attribute=''files'') | flatten | map(attribute=''path'')
      | list }}'

  - name: Get path with most syscalls
    ansible.builtin.set_fact: audit_file="{{ (found_paths_dict | dict2items() | sort(attribute='value')
      | last).key }}"
    when: found_paths | length &gt;= 1

  - name: No file with syscall found, set path to /etc/audit/rules.d/perm_mod.rules
    ansible.builtin.set_fact: audit_file="/etc/audit/rules.d/perm_mod.rules"
    when: found_paths | length == 0

  - name: Declare found syscalls
    ansible.builtin.set_fact: syscalls_found="{{ find_command.results | selectattr('matched')
      | map(attribute='item') | list }}"

  - name: Declare missing syscalls
    ansible.builtin.set_fact: missing_syscalls="{{ syscalls | difference(syscalls_found)
      }}"

  - name: Replace the audit rule in {{ audit_file }}
    ansible.builtin.lineinfile:
      path: '{{ audit_file }}'
      regexp: (-a always,exit -F arch=b64)(?=.*(?:(?:-S |,)(?:{{ syscalls_per_file[audit_file]
        | join("|") }}))\b)((?:( -S |,)\w+)+)( -F auid&gt;=1000 -F auid!=unset (?:-k
        |-F key=)\w+)
      line: \1\2\3{{ missing_syscalls | join("\3") }}\4
      backrefs: true
      state: present
      mode: g-rwx,o-rwx
    when: syscalls_found | length &gt; 0 and missing_syscalls | length &gt; 0

  - name: Add the audit rule to {{ audit_file }}
    ansible.builtin.lineinfile:
      path: '{{ audit_file }}'
      line: -a always,exit -F arch=b64 -S {{ syscalls | join(',') }} -F auid&gt;=1000
        -F auid!=unset -F key=perm_mod
      create: true
      mode: g-rwx,o-rwx
      state: present
    when: syscalls_found | length == 0

  - name: Declare list of syscalls
    ansible.builtin.set_fact:
      syscalls:
      - fchown
      syscall_grouping:
      - chown
      - fchown
      - fchownat
      - lchown

  - name: Check existence of fchown in /etc/audit/audit.rules
    ansible.builtin.find:
      paths: /etc/audit
      contains: -a always,exit -F arch=b64(( -S |,)\w+)*(( -S |,){{ item }})+(( -S
        |,)\w+)* -F auid&gt;=1000 -F auid!=unset (-k\s+|-F\s+key=)\S+\s*$
      patterns: audit.rules
    register: find_command
    loop: '{{ (syscall_grouping + syscalls) | unique }}'

  - name: Set path to /etc/audit/audit.rules
    ansible.builtin.set_fact: audit_file="/etc/audit/audit.rules"

  - name: Declare found syscalls
    ansible.builtin.set_fact: syscalls_found="{{ find_command.results | selectattr('matched')
      | map(attribute='item') | list }}"

  - name: Declare missing syscalls
    ansible.builtin.set_fact: missing_syscalls="{{ syscalls | difference(syscalls_found)
      }}"

  - name: Replace the audit rule in {{ audit_file }}
    ansible.builtin.lineinfile:
      path: '{{ audit_file }}'
      regexp: (-a always,exit -F arch=b64)(?=.*(?:(?:-S |,)(?:{{ syscalls_found |
        join("|") }}))\b)((?:( -S |,)\w+)+)( -F auid&gt;=1000 -F auid!=unset (?:-k |-F
        key=)\w+)
      line: \1\2\3{{ missing_syscalls | join("\3") }}\4
      backrefs: true
      state: present
      mode: g-rwx,o-rwx
    when: syscalls_found | length &gt; 0 and missing_syscalls | length &gt; 0

  - name: Add the audit rule to {{ audit_file }}
    ansible.builtin.lineinfile:
      path: '{{ audit_file }}'
      line: -a always,exit -F arch=b64 -S {{ syscalls | join(',') }} -F auid&gt;=1000
        -F auid!=unset -F key=perm_mod
      create: true
      mode: g-rwx,o-rwx
      state: present
    when: syscalls_found | length == 0
  when:
  - '"audit" in ansible_facts.packages'
  - ("kernel-default" in ansible_facts.packages or "kernel-default-base" in ansible_facts.packages)
  - audit_arch == "b64"
  tags:
  - CCE-85721-9
  - CJIS-5.4.1.1
  - DISA-STIG-SLES-15-030250
  - NIST-800-171-3.1.7
  - NIST-800-53-AU-12(a)
  - NIST-800-53-AU-12(c)
  - NIST-800-53-AU-12.1(ii)
  - NIST-800-53-AU-12.1(iv)
  - NIST-800-53-AU-3
  - NIST-800-53-AU-3.1
  - NIST-800-53-MA-4(1)(a)
  - PCI-DSS-Req-10.5.5
  - PCI-DSSv4-10.3
  - PCI-DSSv4-10.3.4
  - audit_rules_dac_modification_fchown
  - low_complexity
  - low_disruption
  - medium_severity
  - reboot_required
  - restrict_strategy
</fix>
          <check system="http://oval.mitre.org/XMLSchema/oval-definitions-5">
            <check-content-ref name="oval:ssg-audit_rules_dac_modification_fchown:def:1" href="ssg-sle15-oval.xml"/>
          </check>
          <check system="http://scap.nist.gov/schema/ocil/2">
            <check-content-ref name="ocil:ssg-audit_rules_dac_modification_fchown_ocil:questionnaire:1" href="ssg-sle15-ocil.xml"/>
          </check>
        </Rule>
        <Rule id="xccdf_org.ssgproject.content_rule_audit_rules_dac_modification_fchownat" selected="false" role="full" severity="medium">
          <title xmlns:xhtml="http://www.w3.org/1999/xhtml" xml:lang="en-US">Record Events that Modify the System's Discretionary Access Controls - fchownat</title>
          <description xmlns:xhtml="http://www.w3.org/1999/xhtml" xml:lang="en-US">At a minimum, the audit system should collect file permission
changes for all users and root. If the <html:code xmlns:html="http://www.w3.org/1999/xhtml">auditd</html:code> daemon is configured
to use the <html:code xmlns:html="http://www.w3.org/1999/xhtml">augenrules</html:code> program to read audit rules during daemon
startup (the default), add the following line to a file with suffix
<html:code xmlns:html="http://www.w3.org/1999/xhtml">.rules</html:code> in the directory <html:code xmlns:html="http://www.w3.org/1999/xhtml">/etc/audit/rules.d</html:code>:
<html:pre xmlns:html="http://www.w3.org/1999/xhtml">-a always,exit -F arch=b32 -S fchownat -F auid&gt;=1000 -F auid!=unset -F key=perm_mod</html:pre>
If the system is 64 bit then also add the following line:
<html:pre xmlns:html="http://www.w3.org/1999/xhtml">-a always,exit -F arch=b64 -S fchownat -F auid&gt;=1000 -F auid!=unset -F key=perm_mod</html:pre>
If the <html:code xmlns:html="http://www.w3.org/1999/xhtml">auditd</html:code> daemon is configured to use the <html:code xmlns:html="http://www.w3.org/1999/xhtml">auditctl</html:code>
utility to read audit rules during daemon startup, add the following line to
<html:code xmlns:html="http://www.w3.org/1999/xhtml">/etc/audit/audit.rules</html:code> file:
<html:pre xmlns:html="http://www.w3.org/1999/xhtml">-a always,exit -F arch=b32 -S fchownat -F auid&gt;=1000 -F auid!=unset -F key=perm_mod</html:pre>
If the system is 64 bit then also add the following line:
<html:pre xmlns:html="http://www.w3.org/1999/xhtml">-a always,exit -F arch=b64 -S fchownat -F auid&gt;=1000 -F auid!=unset -F key=perm_mod</html:pre>
       </description>
          <warning xmlns:xhtml="http://www.w3.org/1999/xhtml" xml:lang="en-US" category="general">Note that these rules can be configured in a
number of ways while still achieving the desired effect. Here the system calls
have been placed independent of other system calls. Grouping these system
calls with others as identifying earlier in this guide is more efficient.</warning>
          <reference href="https://www.cisecurity.org/controls/">1</reference>
          <reference href="https://www.cisecurity.org/controls/">11</reference>
          <reference href="https://www.cisecurity.org/controls/">12</reference>
          <reference href="https://www.cisecurity.org/controls/">13</reference>
          <reference href="https://www.cisecurity.org/controls/">14</reference>
          <reference href="https://www.cisecurity.org/controls/">15</reference>
          <reference href="https://www.cisecurity.org/controls/">16</reference>
          <reference href="https://www.cisecurity.org/controls/">19</reference>
          <reference href="https://www.cisecurity.org/controls/">2</reference>
          <reference href="https://www.cisecurity.org/controls/">3</reference>
          <reference href="https://www.cisecurity.org/controls/">4</reference>
          <reference href="https://www.cisecurity.org/controls/">5</reference>
          <reference href="https://www.cisecurity.org/controls/">6</reference>
          <reference href="https://www.cisecurity.org/controls/">7</reference>
          <reference href="https://www.cisecurity.org/controls/">8</reference>
          <reference href="https://www.cisecurity.org/controls/">9</reference>
          <reference href="https://www.fbi.gov/file-repository/cjis-security-policy-v5_5_20160601-2-1.pdf">5.4.1.1</reference>
          <reference href="https://www.isaca.org/resources/cobit">APO10.01</reference>
          <reference href="https://www.isaca.org/resources/cobit">APO10.03</reference>
          <reference href="https://www.isaca.org/resources/cobit">APO10.04</reference>
          <reference href="https://www.isaca.org/resources/cobit">APO10.05</reference>
          <reference href="https://www.isaca.org/resources/cobit">APO11.04</reference>
          <reference href="https://www.isaca.org/resources/cobit">APO12.06</reference>
          <reference href="https://www.isaca.org/resources/cobit">APO13.01</reference>
          <reference href="https://www.isaca.org/resources/cobit">BAI03.05</reference>
          <reference href="https://www.isaca.org/resources/cobit">BAI08.02</reference>
          <reference href="https://www.isaca.org/resources/cobit">DSS01.03</reference>
          <reference href="https://www.isaca.org/resources/cobit">DSS01.04</reference>
          <reference href="https://www.isaca.org/resources/cobit">DSS02.02</reference>
          <reference href="https://www.isaca.org/resources/cobit">DSS02.04</reference>
          <reference href="https://www.isaca.org/resources/cobit">DSS02.07</reference>
          <reference href="https://www.isaca.org/resources/cobit">DSS03.01</reference>
          <reference href="https://www.isaca.org/resources/cobit">DSS03.05</reference>
          <reference href="https://www.isaca.org/resources/cobit">DSS05.02</reference>
          <reference href="https://www.isaca.org/resources/cobit">DSS05.03</reference>
          <reference href="https://www.isaca.org/resources/cobit">DSS05.04</reference>
          <reference href="https://www.isaca.org/resources/cobit">DSS05.05</reference>
          <reference href="https://www.isaca.org/resources/cobit">DSS05.07</reference>
          <reference href="https://www.isaca.org/resources/cobit">MEA01.01</reference>
          <reference href="https://www.isaca.org/resources/cobit">MEA01.02</reference>
          <reference href="https://www.isaca.org/resources/cobit">MEA01.03</reference>
          <reference href="https://www.isaca.org/resources/cobit">MEA01.04</reference>
          <reference href="https://www.isaca.org/resources/cobit">MEA01.05</reference>
          <reference href="https://www.isaca.org/resources/cobit">MEA02.01</reference>
          <reference href="http://nvlpubs.nist.gov/nistpubs/SpecialPublications/NIST.SP.800-171.pdf">3.1.7</reference>
          <reference href="https://www.gpo.gov/fdsys/pkg/CFR-2007-title45-vol1/pdf/CFR-2007-title45-vol1-chapA-subchapC.pdf">164.308(a)(1)(ii)(D)</reference>
          <reference href="https://www.gpo.gov/fdsys/pkg/CFR-2007-title45-vol1/pdf/CFR-2007-title45-vol1-chapA-subchapC.pdf">164.308(a)(3)(ii)(A)</reference>
          <reference href="https://www.gpo.gov/fdsys/pkg/CFR-2007-title45-vol1/pdf/CFR-2007-title45-vol1-chapA-subchapC.pdf">164.308(a)(5)(ii)(C)</reference>
          <reference href="https://www.gpo.gov/fdsys/pkg/CFR-2007-title45-vol1/pdf/CFR-2007-title45-vol1-chapA-subchapC.pdf">164.312(a)(2)(i)</reference>
          <reference href="https://www.gpo.gov/fdsys/pkg/CFR-2007-title45-vol1/pdf/CFR-2007-title45-vol1-chapA-subchapC.pdf">164.312(b)</reference>
          <reference href="https://www.gpo.gov/fdsys/pkg/CFR-2007-title45-vol1/pdf/CFR-2007-title45-vol1-chapA-subchapC.pdf">164.312(d)</reference>
          <reference href="https://www.gpo.gov/fdsys/pkg/CFR-2007-title45-vol1/pdf/CFR-2007-title45-vol1-chapA-subchapC.pdf">164.312(e)</reference>
          <reference href="https://www.isa.org/products/isa-62443-2-1-2009-security-for-industrial-automat">4.2.3.10</reference>
          <reference href="https://www.isa.org/products/isa-62443-2-1-2009-security-for-industrial-automat">4.3.2.6.7</reference>
          <reference href="https://www.isa.org/products/isa-62443-2-1-2009-security-for-industrial-automat">4.3.3.3.9</reference>
          <reference href="https://www.isa.org/products/isa-62443-2-1-2009-security-for-industrial-automat">4.3.3.5.8</reference>
          <reference href="https://www.isa.org/products/isa-62443-2-1-2009-security-for-industrial-automat">4.3.3.6.6</reference>
          <reference href="https://www.isa.org/products/isa-62443-2-1-2009-security-for-industrial-automat">4.3.4.4.7</reference>
          <reference href="https://www.isa.org/products/isa-62443-2-1-2009-security-for-industrial-automat">4.3.4.5.6</reference>
          <reference href="https://www.isa.org/products/isa-62443-2-1-2009-security-for-industrial-automat">4.3.4.5.7</reference>
          <reference href="https://www.isa.org/products/isa-62443-2-1-2009-security-for-industrial-automat">4.3.4.5.8</reference>
          <reference href="https://www.isa.org/products/isa-62443-2-1-2009-security-for-industrial-automat">4.4.2.1</reference>
          <reference href="https://www.isa.org/products/isa-62443-2-1-2009-security-for-industrial-automat">4.4.2.2</reference>
          <reference href="https://www.isa.org/products/isa-62443-2-1-2009-security-for-industrial-automat">4.4.2.4</reference>
          <reference href="https://www.isa.org/products/ansi-isa-62443-3-3-99-03-03-2013-security-for-indu">SR 1.13</reference>
          <reference href="https://www.isa.org/products/ansi-isa-62443-3-3-99-03-03-2013-security-for-indu">SR 2.10</reference>
          <reference href="https://www.isa.org/products/ansi-isa-62443-3-3-99-03-03-2013-security-for-indu">SR 2.11</reference>
          <reference href="https://www.isa.org/products/ansi-isa-62443-3-3-99-03-03-2013-security-for-indu">SR 2.12</reference>
          <reference href="https://www.isa.org/products/ansi-isa-62443-3-3-99-03-03-2013-security-for-indu">SR 2.6</reference>
          <reference href="https://www.isa.org/products/ansi-isa-62443-3-3-99-03-03-2013-security-for-indu">SR 2.8</reference>
          <reference href="https://www.isa.org/products/ansi-isa-62443-3-3-99-03-03-2013-security-for-indu">SR 2.9</reference>
          <reference href="https://www.isa.org/products/ansi-isa-62443-3-3-99-03-03-2013-security-for-indu">SR 3.1</reference>
          <reference href="https://www.isa.org/products/ansi-isa-62443-3-3-99-03-03-2013-security-for-indu">SR 3.5</reference>
          <reference href="https://www.isa.org/products/ansi-isa-62443-3-3-99-03-03-2013-security-for-indu">SR 3.8</reference>
          <reference href="https://www.isa.org/products/ansi-isa-62443-3-3-99-03-03-2013-security-for-indu">SR 4.1</reference>
          <reference href="https://www.isa.org/products/ansi-isa-62443-3-3-99-03-03-2013-security-for-indu">SR 4.3</reference>
          <reference href="https://www.isa.org/products/ansi-isa-62443-3-3-99-03-03-2013-security-for-indu">SR 5.1</reference>
          <reference href="https://www.isa.org/products/ansi-isa-62443-3-3-99-03-03-2013-security-for-indu">SR 5.2</reference>
          <reference href="https://www.isa.org/products/ansi-isa-62443-3-3-99-03-03-2013-security-for-indu">SR 5.3</reference>
          <reference href="https://www.isa.org/products/ansi-isa-62443-3-3-99-03-03-2013-security-for-indu">SR 6.1</reference>
          <reference href="https://www.isa.org/products/ansi-isa-62443-3-3-99-03-03-2013-security-for-indu">SR 6.2</reference>
          <reference href="https://www.isa.org/products/ansi-isa-62443-3-3-99-03-03-2013-security-for-indu">SR 7.1</reference>
          <reference href="https://www.isa.org/products/ansi-isa-62443-3-3-99-03-03-2013-security-for-indu">SR 7.6</reference>
          <reference href="https://www.iso.org/contents/data/standard/05/45/54534.html">A.11.2.6</reference>
          <reference href="https://www.iso.org/contents/data/standard/05/45/54534.html">A.12.4.1</reference>
          <reference href="https://www.iso.org/contents/data/standard/05/45/54534.html">A.12.4.2</reference>
          <reference href="https://www.iso.org/contents/data/standard/05/45/54534.html">A.12.4.3</reference>
          <reference href="https://www.iso.org/contents/data/standard/05/45/54534.html">A.12.4.4</reference>
          <reference href="https://www.iso.org/contents/data/standard/05/45/54534.html">A.12.7.1</reference>
          <reference href="https://www.iso.org/contents/data/standard/05/45/54534.html">A.13.1.1</reference>
          <reference href="https://www.iso.org/contents/data/standard/05/45/54534.html">A.13.2.1</reference>
          <reference href="https://www.iso.org/contents/data/standard/05/45/54534.html">A.14.1.3</reference>
          <reference href="https://www.iso.org/contents/data/standard/05/45/54534.html">A.14.2.7</reference>
          <reference href="https://www.iso.org/contents/data/standard/05/45/54534.html">A.15.2.1</reference>
          <reference href="https://www.iso.org/contents/data/standard/05/45/54534.html">A.15.2.2</reference>
          <reference href="https://www.iso.org/contents/data/standard/05/45/54534.html">A.16.1.4</reference>
          <reference href="https://www.iso.org/contents/data/standard/05/45/54534.html">A.16.1.5</reference>
          <reference href="https://www.iso.org/contents/data/standard/05/45/54534.html">A.16.1.7</reference>
          <reference href="https://www.iso.org/contents/data/standard/05/45/54534.html">A.6.2.1</reference>
          <reference href="https://www.iso.org/contents/data/standard/05/45/54534.html">A.6.2.2</reference>
          <reference href="http://nvlpubs.nist.gov/nistpubs/SpecialPublications/NIST.SP.800-53r4.pdf">AU-3</reference>
          <reference href="http://nvlpubs.nist.gov/nistpubs/SpecialPublications/NIST.SP.800-53r4.pdf">AU-3.1</reference>
          <reference href="http://nvlpubs.nist.gov/nistpubs/SpecialPublications/NIST.SP.800-53r4.pdf">AU-12(c)</reference>
          <reference href="http://nvlpubs.nist.gov/nistpubs/SpecialPublications/NIST.SP.800-53r4.pdf">AU-12.1(iv)</reference>
          <reference href="http://nvlpubs.nist.gov/nistpubs/SpecialPublications/NIST.SP.800-53r4.pdf">AU-12(a)</reference>
          <reference href="http://nvlpubs.nist.gov/nistpubs/SpecialPublications/NIST.SP.800-53r4.pdf">AU-12.1(ii)</reference>
          <reference href="http://nvlpubs.nist.gov/nistpubs/SpecialPublications/NIST.SP.800-53r4.pdf">MA-4(1)(a)</reference>
          <reference href="https://nvlpubs.nist.gov/nistpubs/CSWP/NIST.CSWP.04162018.pdf">DE.AE-3</reference>
          <reference href="https://nvlpubs.nist.gov/nistpubs/CSWP/NIST.CSWP.04162018.pdf">DE.AE-5</reference>
          <reference href="https://nvlpubs.nist.gov/nistpubs/CSWP/NIST.CSWP.04162018.pdf">DE.CM-1</reference>
          <reference href="https://nvlpubs.nist.gov/nistpubs/CSWP/NIST.CSWP.04162018.pdf">DE.CM-3</reference>
          <reference href="https://nvlpubs.nist.gov/nistpubs/CSWP/NIST.CSWP.04162018.pdf">DE.CM-7</reference>
          <reference href="https://nvlpubs.nist.gov/nistpubs/CSWP/NIST.CSWP.04162018.pdf">ID.SC-4</reference>
          <reference href="https://nvlpubs.nist.gov/nistpubs/CSWP/NIST.CSWP.04162018.pdf">PR.AC-3</reference>
          <reference href="https://nvlpubs.nist.gov/nistpubs/CSWP/NIST.CSWP.04162018.pdf">PR.PT-1</reference>
          <reference href="https://nvlpubs.nist.gov/nistpubs/CSWP/NIST.CSWP.04162018.pdf">PR.PT-4</reference>
          <reference href="https://nvlpubs.nist.gov/nistpubs/CSWP/NIST.CSWP.04162018.pdf">RS.AN-1</reference>
          <reference href="https://nvlpubs.nist.gov/nistpubs/CSWP/NIST.CSWP.04162018.pdf">RS.AN-4</reference>
          <reference href="https://www.pcisecuritystandards.org/documents/PCI_DSS_v3-2-1.pdf">Req-10.5.5</reference>
          <reference href="https://www.cyber.mil/stigs/downloads/?_dl_facet_stigs=operating-systems%2Cgeneral-purpose-os">SRG-OS-000037-GPOS-00015</reference>
          <reference href="https://www.cyber.mil/stigs/downloads/?_dl_facet_stigs=operating-systems%2Cgeneral-purpose-os">SRG-OS-000042-GPOS-00020</reference>
          <reference href="https://www.cyber.mil/stigs/downloads/?_dl_facet_stigs=operating-systems%2Cgeneral-purpose-os">SRG-OS-000062-GPOS-00031</reference>
          <reference href="https://www.cyber.mil/stigs/downloads/?_dl_facet_stigs=operating-systems%2Cgeneral-purpose-os">SRG-OS-000392-GPOS-00172</reference>
          <reference href="https://www.cyber.mil/stigs/downloads/?_dl_facet_stigs=operating-systems%2Cgeneral-purpose-os">SRG-OS-000462-GPOS-00206</reference>
          <reference href="https://www.cyber.mil/stigs/downloads/?_dl_facet_stigs=operating-systems%2Cgeneral-purpose-os">SRG-OS-000471-GPOS-00215</reference>
          <reference href="https://www.cyber.mil/stigs/downloads/?_dl_facet_stigs=operating-systems%2Cgeneral-purpose-os">SRG-OS-000064-GPOS-00033</reference>
          <reference href="https://www.cyber.mil/stigs/downloads/?_dl_facet_stigs=operating-systems%2Cgeneral-purpose-os">SRG-OS-000466-GPOS-00210</reference>
          <reference href="https://www.cyber.mil/stigs/downloads/?_dl_facet_stigs=operating-systems%2Cgeneral-purpose-os">SRG-OS-000458-GPOS-00203</reference>
          <reference href="https://www.cyber.mil/stigs/downloads/?_dl_facet_stigs=operating-systems%2Cgeneral-purpose-os">SRG-OS-000474-GPOS-00219</reference>
          <reference href="https://www.cyber.mil/stigs/downloads/?_dl_facet_stigs=app-security">SRG-APP-000091-CTR-000160</reference>
          <reference href="https://www.cyber.mil/stigs/downloads/?_dl_facet_stigs=app-security">SRG-APP-000492-CTR-001220</reference>
          <reference href="https://www.cyber.mil/stigs/downloads/?_dl_facet_stigs=app-security">SRG-APP-000493-CTR-001225</reference>
          <reference href="https://www.cyber.mil/stigs/downloads/?_dl_facet_stigs=app-security">SRG-APP-000494-CTR-001230</reference>
          <reference href="https://www.cyber.mil/stigs/downloads/?_dl_facet_stigs=app-security">SRG-APP-000500-CTR-001260</reference>
          <reference href="https://www.cyber.mil/stigs/downloads/?_dl_facet_stigs=app-security">SRG-APP-000507-CTR-001295</reference>
          <reference href="https://www.cyber.mil/stigs/downloads/?_dl_facet_stigs=app-security">SRG-APP-000495-CTR-001235</reference>
          <reference href="https://www.cyber.mil/stigs/downloads/?_dl_facet_stigs=app-security">SRG-APP-000499-CTR-001255</reference>
          <reference href="https://www.cyber.mil/stigs/downloads/?_dl_facet_stigs=operating-systems%2Cunix-linux">SLES-15-030250</reference>
          <reference href="https://www.cisecurity.org/benchmark/suse_linux/">4.1.9</reference>
          <reference href="https://cyber.gouv.fr/sites/default/files/document/linux_configuration-en-v2.pdf">R73</reference>
          <reference href="not_publicly_available">SLES-15-750450255</reference>
          <reference href="https://docs-prv.pcisecuritystandards.org/PCI%20DSS/Standard/PCI-DSS-v4_0.pdf">10.3.4</reference>
          <reference href="https://docs-prv.pcisecuritystandards.org/PCI%20DSS/Standard/PCI-DSS-v4_0.pdf">10.3</reference>
          <reference href="https://www.cyber.mil/stigs/srg-stig-tools/">SV-234924r958412_rule</reference>
          <rationale xmlns:xhtml="http://www.w3.org/1999/xhtml" xml:lang="en-US">The changing of file permissions could indicate that a user is attempting to
gain access to information that would otherwise be disallowed. Auditing DAC modifications
can facilitate the identification of patterns of abuse among both authorized and
unauthorized users.</rationale>
          <ident system="https://ncp.nist.gov/cce">CCE-85692-2</ident>
          <fix xmlns:xhtml="http://www.w3.org/1999/xhtml" id="audit_rules_dac_modification_fchownat" system="urn:xccdf:fix:script:sh"># Remediation is applicable only in certain platforms
if rpm --quiet -q audit &amp;&amp; rpm --quiet -q kernel-default || rpm --quiet -q kernel-default-base; then

# First perform the remediation of the syscall rule
# Retrieve hardware architecture of the underlying system
[ "$(getconf LONG_BIT)" = "32" ] &amp;&amp; RULE_ARCHS=("b32") || RULE_ARCHS=("b32" "b64")

for ARCH in "${RULE_ARCHS[@]}"
do
	ACTION_ARCH_FILTERS="-a always,exit -F arch=$ARCH"
	OTHER_FILTERS=""
	AUID_FILTERS="-F auid&gt;=1000 -F auid!=unset"
	SYSCALL="fchownat"
	KEY="perm_mod"
	SYSCALL_GROUPING="chown fchown fchownat lchown"

	# Perform the remediation for both possible tools: 'auditctl' and 'augenrules'
	unset syscall_a
unset syscall_grouping
unset syscall_string
unset syscall
unset file_to_edit
unset rule_to_edit
unset rule_syscalls_to_edit
unset other_string
unset auid_string
unset full_rule

# Load macro arguments into arrays
read -a syscall_a &lt;&lt;&lt; $SYSCALL
read -a syscall_grouping &lt;&lt;&lt; $SYSCALL_GROUPING

# Create a list of audit *.rules files that should be inspected for presence and correctness
# of a particular audit rule. The scheme is as follows:
#
# -----------------------------------------------------------------------------------------
#  Tool used to load audit rules | Rule already defined  |  Audit rules file to inspect    |
# -----------------------------------------------------------------------------------------
#        auditctl                |     Doesn't matter    |  /etc/audit/audit.rules         |
# -----------------------------------------------------------------------------------------
#        augenrules              |          Yes          |  /etc/audit/rules.d/*.rules     |
#        augenrules              |          No           |  /etc/audit/rules.d/$key.rules  |
# -----------------------------------------------------------------------------------------
#
files_to_inspect=()

# If audit tool is 'augenrules', then check if the audit rule is defined
# If rule is defined, add '/etc/audit/rules.d/*.rules' to the list for inspection
# If rule isn't defined yet, add '/etc/audit/rules.d/$key.rules' to the list for inspection
default_file="/etc/audit/rules.d/$KEY.rules"
# As other_filters may include paths, lets use a different delimiter for it
# The "F" script expression tells sed to print the filenames where the expressions matched
readarray -t files_to_inspect &lt; &lt;(sed -s -n -e "/^$ACTION_ARCH_FILTERS/!d" -e "\#$OTHER_FILTERS#!d" -e "/$AUID_FILTERS/!d" -e "F" /etc/audit/rules.d/*.rules)
# Case when particular rule isn't defined in /etc/audit/rules.d/*.rules yet
if [ ${#files_to_inspect[@]} -eq "0" ]
then
    file_to_inspect="/etc/audit/rules.d/$KEY.rules"
    files_to_inspect=("$file_to_inspect")
    if [ ! -e "$file_to_inspect" ]
    then
        touch "$file_to_inspect"
        chmod 0600 "$file_to_inspect"
    fi
fi

# After converting to jinja, we cannot return; therefore we skip the rest of the macro if needed instead
skip=1

for audit_file in "${files_to_inspect[@]}"
do
    # Filter existing $audit_file rules' definitions to select those that satisfy the rule pattern,
    # i.e, collect rules that match:
    # * the action, list and arch, (2-nd argument)
    # * the other filters, (3-rd argument)
    # * the auid filters, (4-rd argument)
    readarray -t similar_rules &lt; &lt;(sed -e "/^$ACTION_ARCH_FILTERS/!d"  -e "\#$OTHER_FILTERS#!d" -e "/$AUID_FILTERS/!d" "$audit_file")

    candidate_rules=()
    # Filter out rules that have more fields then required. This will remove rules more specific than the required scope
    for s_rule in "${similar_rules[@]}"
    do
        # Strip all the options and fields we know of,
        # than check if there was any field left over
        extra_fields=$(sed -E -e "s/^$ACTION_ARCH_FILTERS//"  -e "s#$OTHER_FILTERS##" -e "s/$AUID_FILTERS//" -e "s/((:?-S [[:alnum:],]+)+)//g" -e "s/-F key=\w+|-k \w+//"&lt;&lt;&lt; "$s_rule")
        grep -q -- "-F" &lt;&lt;&lt; "$extra_fields" || candidate_rules+=("$s_rule")
    done

    if [[ ${#syscall_a[@]} -ge 1 ]]
    then
        # Check if the syscall we want is present in any of the similar existing rules
        for rule in "${candidate_rules[@]}"
        do
            rule_syscalls=$(echo "$rule" | grep -o -P '(-S [\w,]+)+' | xargs)
            all_syscalls_found=0
            for syscall in "${syscall_a[@]}"
            do
                grep -q -- "\b${syscall}\b" &lt;&lt;&lt; "$rule_syscalls" || {
                   # A syscall was not found in the candidate rule
                   all_syscalls_found=1
                   }
            done
            if [[ $all_syscalls_found -eq 0 ]]
            then
                # We found a rule with all the syscall(s) we want; skip rest of macro
                skip=0
                break
            fi

            # Check if this rule can be grouped with our target syscall and keep track of it
            for syscall_g in "${syscall_grouping[@]}"
            do
                if grep -q -- "\b${syscall_g}\b" &lt;&lt;&lt; "$rule_syscalls"
                then
                    file_to_edit=${audit_file}
                    rule_to_edit=${rule}
                    rule_syscalls_to_edit=${rule_syscalls}
                fi
            done
        done
    else
        # If there is any candidate rule, it is compliant; skip rest of macro
        if [ "${#candidate_rules[@]}" -gt 0 ]
        then
            skip=0
        fi
    fi

    if [ "$skip" -eq 0 ]; then
        break
    fi
done

if [ "$skip" -ne 0 ]; then
    # We checked all rules that matched the expected resemblance pattern (action, arch &amp; auid)
    # At this point we know if we need to either append the $full_rule or group
    # the syscall together with an exsiting rule

    # Append the full_rule if it cannot be grouped to any other rule
    if [ -z ${rule_to_edit+x} ]
    then
        # Build full_rule while avoid adding double spaces when other_filters is empty
        if [ "${#syscall_a[@]}" -gt 0 ]
        then
            syscall_string=""
            for syscall in "${syscall_a[@]}"
            do
                syscall_string+=" -S $syscall"
            done
        fi
        other_string=$([[ $OTHER_FILTERS ]] &amp;&amp; echo " $OTHER_FILTERS") || /bin/true
        auid_string=$([[ $AUID_FILTERS ]] &amp;&amp; echo " $AUID_FILTERS") || /bin/true
        full_rule="$ACTION_ARCH_FILTERS${syscall_string}${other_string}${auid_string} -F key=$KEY" || /bin/true
        echo "$full_rule" &gt;&gt; "$default_file"
        chmod 0600 ${default_file}
    else
        # Check if the syscalls are declared as a comma separated list or
        # as multiple -S parameters
        if grep -q -- "," &lt;&lt;&lt; "${rule_syscalls_to_edit}"
        then
            delimiter=","
        else
            delimiter=" -S "
        fi
        new_grouped_syscalls="${rule_syscalls_to_edit}"
        for syscall in "${syscall_a[@]}"
        do
            grep -q -- "\b${syscall}\b" &lt;&lt;&lt; "${rule_syscalls_to_edit}" || {
               # A syscall was not found in the candidate rule
               new_grouped_syscalls+="${delimiter}${syscall}"
               }
        done

        # Group the syscall in the rule
        sed -i -e "\#${rule_to_edit}#s#${rule_syscalls_to_edit}#${new_grouped_syscalls}#" "$file_to_edit"
    fi
fi
	unset syscall_a
unset syscall_grouping
unset syscall_string
unset syscall
unset file_to_edit
unset rule_to_edit
unset rule_syscalls_to_edit
unset other_string
unset auid_string
unset full_rule

# Load macro arguments into arrays
read -a syscall_a &lt;&lt;&lt; $SYSCALL
read -a syscall_grouping &lt;&lt;&lt; $SYSCALL_GROUPING

# Create a list of audit *.rules files that should be inspected for presence and correctness
# of a particular audit rule. The scheme is as follows:
#
# -----------------------------------------------------------------------------------------
#  Tool used to load audit rules | Rule already defined  |  Audit rules file to inspect    |
# -----------------------------------------------------------------------------------------
#        auditctl                |     Doesn't matter    |  /etc/audit/audit.rules         |
# -----------------------------------------------------------------------------------------
#        augenrules              |          Yes          |  /etc/audit/rules.d/*.rules     |
#        augenrules              |          No           |  /etc/audit/rules.d/$key.rules  |
# -----------------------------------------------------------------------------------------
#
files_to_inspect=()


# If audit tool is 'auditctl', then add '/etc/audit/audit.rules'
# file to the list of files to be inspected
default_file="/etc/audit/audit.rules"
files_to_inspect+=('/etc/audit/audit.rules' )

# After converting to jinja, we cannot return; therefore we skip the rest of the macro if needed instead
skip=1

for audit_file in "${files_to_inspect[@]}"
do
    # Filter existing $audit_file rules' definitions to select those that satisfy the rule pattern,
    # i.e, collect rules that match:
    # * the action, list and arch, (2-nd argument)
    # * the other filters, (3-rd argument)
    # * the auid filters, (4-rd argument)
    readarray -t similar_rules &lt; &lt;(sed -e "/^$ACTION_ARCH_FILTERS/!d"  -e "\#$OTHER_FILTERS#!d" -e "/$AUID_FILTERS/!d" "$audit_file")

    candidate_rules=()
    # Filter out rules that have more fields then required. This will remove rules more specific than the required scope
    for s_rule in "${similar_rules[@]}"
    do
        # Strip all the options and fields we know of,
        # than check if there was any field left over
        extra_fields=$(sed -E -e "s/^$ACTION_ARCH_FILTERS//"  -e "s#$OTHER_FILTERS##" -e "s/$AUID_FILTERS//" -e "s/((:?-S [[:alnum:],]+)+)//g" -e "s/-F key=\w+|-k \w+//"&lt;&lt;&lt; "$s_rule")
        grep -q -- "-F" &lt;&lt;&lt; "$extra_fields" || candidate_rules+=("$s_rule")
    done

    if [[ ${#syscall_a[@]} -ge 1 ]]
    then
        # Check if the syscall we want is present in any of the similar existing rules
        for rule in "${candidate_rules[@]}"
        do
            rule_syscalls=$(echo "$rule" | grep -o -P '(-S [\w,]+)+' | xargs)
            all_syscalls_found=0
            for syscall in "${syscall_a[@]}"
            do
                grep -q -- "\b${syscall}\b" &lt;&lt;&lt; "$rule_syscalls" || {
                   # A syscall was not found in the candidate rule
                   all_syscalls_found=1
                   }
            done
            if [[ $all_syscalls_found -eq 0 ]]
            then
                # We found a rule with all the syscall(s) we want; skip rest of macro
                skip=0
                break
            fi

            # Check if this rule can be grouped with our target syscall and keep track of it
            for syscall_g in "${syscall_grouping[@]}"
            do
                if grep -q -- "\b${syscall_g}\b" &lt;&lt;&lt; "$rule_syscalls"
                then
                    file_to_edit=${audit_file}
                    rule_to_edit=${rule}
                    rule_syscalls_to_edit=${rule_syscalls}
                fi
            done
        done
    else
        # If there is any candidate rule, it is compliant; skip rest of macro
        if [ "${#candidate_rules[@]}" -gt 0 ]
        then
            skip=0
        fi
    fi

    if [ "$skip" -eq 0 ]; then
        break
    fi
done

if [ "$skip" -ne 0 ]; then
    # We checked all rules that matched the expected resemblance pattern (action, arch &amp; auid)
    # At this point we know if we need to either append the $full_rule or group
    # the syscall together with an exsiting rule

    # Append the full_rule if it cannot be grouped to any other rule
    if [ -z ${rule_to_edit+x} ]
    then
        # Build full_rule while avoid adding double spaces when other_filters is empty
        if [ "${#syscall_a[@]}" -gt 0 ]
        then
            syscall_string=""
            for syscall in "${syscall_a[@]}"
            do
                syscall_string+=" -S $syscall"
            done
        fi
        other_string=$([[ $OTHER_FILTERS ]] &amp;&amp; echo " $OTHER_FILTERS") || /bin/true
        auid_string=$([[ $AUID_FILTERS ]] &amp;&amp; echo " $AUID_FILTERS") || /bin/true
        full_rule="$ACTION_ARCH_FILTERS${syscall_string}${other_string}${auid_string} -F key=$KEY" || /bin/true
        echo "$full_rule" &gt;&gt; "$default_file"
        chmod 0600 ${default_file}
    else
        # Check if the syscalls are declared as a comma separated list or
        # as multiple -S parameters
        if grep -q -- "," &lt;&lt;&lt; "${rule_syscalls_to_edit}"
        then
            delimiter=","
        else
            delimiter=" -S "
        fi
        new_grouped_syscalls="${rule_syscalls_to_edit}"
        for syscall in "${syscall_a[@]}"
        do
            grep -q -- "\b${syscall}\b" &lt;&lt;&lt; "${rule_syscalls_to_edit}" || {
               # A syscall was not found in the candidate rule
               new_grouped_syscalls+="${delimiter}${syscall}"
               }
        done

        # Group the syscall in the rule
        sed -i -e "\#${rule_to_edit}#s#${rule_syscalls_to_edit}#${new_grouped_syscalls}#" "$file_to_edit"
    fi
fi
done

else
    &gt;&amp;2 echo 'Remediation is not applicable, nothing was done'
fi
</fix>
          <fix xmlns:xhtml="http://www.w3.org/1999/xhtml" id="audit_rules_dac_modification_fchownat" system="urn:xccdf:fix:script:ansible" reboot="true" complexity="low" disruption="low" strategy="restrict">- name: Gather the package facts
  package_facts:
    manager: auto
  tags:
  - CCE-85692-2
  - CJIS-5.4.1.1
  - DISA-STIG-SLES-15-030250
  - NIST-800-171-3.1.7
  - NIST-800-53-AU-12(a)
  - NIST-800-53-AU-12(c)
  - NIST-800-53-AU-12.1(ii)
  - NIST-800-53-AU-12.1(iv)
  - NIST-800-53-AU-3
  - NIST-800-53-AU-3.1
  - NIST-800-53-MA-4(1)(a)
  - PCI-DSS-Req-10.5.5
  - PCI-DSSv4-10.3
  - PCI-DSSv4-10.3.4
  - audit_rules_dac_modification_fchownat
  - low_complexity
  - low_disruption
  - medium_severity
  - reboot_required
  - restrict_strategy

- name: Set architecture for audit fchownat tasks
  ansible.builtin.set_fact:
    audit_arch: b64
  when:
  - '"audit" in ansible_facts.packages'
  - ("kernel-default" in ansible_facts.packages or "kernel-default-base" in ansible_facts.packages)
  - ansible_architecture == "aarch64" or ansible_architecture == "ppc64" or ansible_architecture
    == "ppc64le" or ansible_architecture == "s390x" or ansible_architecture == "x86_64"
  tags:
  - CCE-85692-2
  - CJIS-5.4.1.1
  - DISA-STIG-SLES-15-030250
  - NIST-800-171-3.1.7
  - NIST-800-53-AU-12(a)
  - NIST-800-53-AU-12(c)
  - NIST-800-53-AU-12.1(ii)
  - NIST-800-53-AU-12.1(iv)
  - NIST-800-53-AU-3
  - NIST-800-53-AU-3.1
  - NIST-800-53-MA-4(1)(a)
  - PCI-DSS-Req-10.5.5
  - PCI-DSSv4-10.3
  - PCI-DSSv4-10.3.4
  - audit_rules_dac_modification_fchownat
  - low_complexity
  - low_disruption
  - medium_severity
  - reboot_required
  - restrict_strategy

- name: Perform remediation of Audit rules for fchownat for 32bit platform
  block:

  - name: Declare list of syscalls
    ansible.builtin.set_fact:
      syscalls:
      - fchownat
      syscall_grouping:
      - chown
      - fchown
      - fchownat
      - lchown

  - name: Check existence of fchownat in /etc/audit/rules.d/
    ansible.builtin.find:
      paths: /etc/audit/rules.d
      contains: -a always,exit -F arch=b32(( -S |,)\w+)*(( -S |,){{ item }})+(( -S
        |,)\w+)* -F auid&gt;=1000 -F auid!=unset (-k\s+|-F\s+key=)\S+\s*$
      patterns: '*.rules'
    register: find_command
    loop: '{{ (syscall_grouping + syscalls) | unique }}'

  - name: Reset syscalls found per file
    ansible.builtin.set_fact:
      syscalls_per_file: {}
      found_paths_dict: {}

  - name: Declare syscalls found per file
    ansible.builtin.set_fact: syscalls_per_file="{{ syscalls_per_file | combine( {item.files[0].path
      :[item.item] + syscalls_per_file.get(item.files[0].path, []) } ) }}"
    loop: '{{ find_command.results | selectattr(''matched'') | list }}'

  - name: Declare files where syscalls were found
    ansible.builtin.set_fact: found_paths="{{ find_command.results | map(attribute='files')
      | flatten | map(attribute='path') | list }}"

  - name: Count occurrences of syscalls in paths
    ansible.builtin.set_fact: found_paths_dict="{{ found_paths_dict | combine({ item:1+found_paths_dict.get(item,
      0) }) }}"
    loop: '{{ find_command.results | map(attribute=''files'') | flatten | map(attribute=''path'')
      | list }}'

  - name: Get path with most syscalls
    ansible.builtin.set_fact: audit_file="{{ (found_paths_dict | dict2items() | sort(attribute='value')
      | last).key }}"
    when: found_paths | length &gt;= 1

  - name: No file with syscall found, set path to /etc/audit/rules.d/perm_mod.rules
    ansible.builtin.set_fact: audit_file="/etc/audit/rules.d/perm_mod.rules"
    when: found_paths | length == 0

  - name: Declare found syscalls
    ansible.builtin.set_fact: syscalls_found="{{ find_command.results | selectattr('matched')
      | map(attribute='item') | list }}"

  - name: Declare missing syscalls
    ansible.builtin.set_fact: missing_syscalls="{{ syscalls | difference(syscalls_found)
      }}"

  - name: Replace the audit rule in {{ audit_file }}
    ansible.builtin.lineinfile:
      path: '{{ audit_file }}'
      regexp: (-a always,exit -F arch=b32)(?=.*(?:(?:-S |,)(?:{{ syscalls_per_file[audit_file]
        | join("|") }}))\b)((?:( -S |,)\w+)+)( -F auid&gt;=1000 -F auid!=unset (?:-k
        |-F key=)\w+)
      line: \1\2\3{{ missing_syscalls | join("\3") }}\4
      backrefs: true
      state: present
      mode: g-rwx,o-rwx
    when: syscalls_found | length &gt; 0 and missing_syscalls | length &gt; 0

  - name: Add the audit rule to {{ audit_file }}
    ansible.builtin.lineinfile:
      path: '{{ audit_file }}'
      line: -a always,exit -F arch=b32 -S {{ syscalls | join(',') }} -F auid&gt;=1000
        -F auid!=unset -F key=perm_mod
      create: true
      mode: g-rwx,o-rwx
      state: present
    when: syscalls_found | length == 0

  - name: Declare list of syscalls
    ansible.builtin.set_fact:
      syscalls:
      - fchownat
      syscall_grouping:
      - chown
      - fchown
      - fchownat
      - lchown

  - name: Check existence of fchownat in /etc/audit/audit.rules
    ansible.builtin.find:
      paths: /etc/audit
      contains: -a always,exit -F arch=b32(( -S |,)\w+)*(( -S |,){{ item }})+(( -S
        |,)\w+)* -F auid&gt;=1000 -F auid!=unset (-k\s+|-F\s+key=)\S+\s*$
      patterns: audit.rules
    register: find_command
    loop: '{{ (syscall_grouping + syscalls) | unique }}'

  - name: Set path to /etc/audit/audit.rules
    ansible.builtin.set_fact: audit_file="/etc/audit/audit.rules"

  - name: Declare found syscalls
    ansible.builtin.set_fact: syscalls_found="{{ find_command.results | selectattr('matched')
      | map(attribute='item') | list }}"

  - name: Declare missing syscalls
    ansible.builtin.set_fact: missing_syscalls="{{ syscalls | difference(syscalls_found)
      }}"

  - name: Replace the audit rule in {{ audit_file }}
    ansible.builtin.lineinfile:
      path: '{{ audit_file }}'
      regexp: (-a always,exit -F arch=b32)(?=.*(?:(?:-S |,)(?:{{ syscalls_found |
        join("|") }}))\b)((?:( -S |,)\w+)+)( -F auid&gt;=1000 -F auid!=unset (?:-k |-F
        key=)\w+)
      line: \1\2\3{{ missing_syscalls | join("\3") }}\4
      backrefs: true
      state: present
      mode: g-rwx,o-rwx
    when: syscalls_found | length &gt; 0 and missing_syscalls | length &gt; 0

  - name: Add the audit rule to {{ audit_file }}
    ansible.builtin.lineinfile:
      path: '{{ audit_file }}'
      line: -a always,exit -F arch=b32 -S {{ syscalls | join(',') }} -F auid&gt;=1000
        -F auid!=unset -F key=perm_mod
      create: true
      mode: g-rwx,o-rwx
      state: present
    when: syscalls_found | length == 0
  when:
  - '"audit" in ansible_facts.packages'
  - ("kernel-default" in ansible_facts.packages or "kernel-default-base" in ansible_facts.packages)
  tags:
  - CCE-85692-2
  - CJIS-5.4.1.1
  - DISA-STIG-SLES-15-030250
  - NIST-800-171-3.1.7
  - NIST-800-53-AU-12(a)
  - NIST-800-53-AU-12(c)
  - NIST-800-53-AU-12.1(ii)
  - NIST-800-53-AU-12.1(iv)
  - NIST-800-53-AU-3
  - NIST-800-53-AU-3.1
  - NIST-800-53-MA-4(1)(a)
  - PCI-DSS-Req-10.5.5
  - PCI-DSSv4-10.3
  - PCI-DSSv4-10.3.4
  - audit_rules_dac_modification_fchownat
  - low_complexity
  - low_disruption
  - medium_severity
  - reboot_required
  - restrict_strategy

- name: Perform remediation of Audit rules for fchownat for 64bit platform
  block:

  - name: Declare list of syscalls
    ansible.builtin.set_fact:
      syscalls:
      - fchownat
      syscall_grouping:
      - chown
      - fchown
      - fchownat
      - lchown

  - name: Check existence of fchownat in /etc/audit/rules.d/
    ansible.builtin.find:
      paths: /etc/audit/rules.d
      contains: -a always,exit -F arch=b64(( -S |,)\w+)*(( -S |,){{ item }})+(( -S
        |,)\w+)* -F auid&gt;=1000 -F auid!=unset (-k\s+|-F\s+key=)\S+\s*$
      patterns: '*.rules'
    register: find_command
    loop: '{{ (syscall_grouping + syscalls) | unique }}'

  - name: Reset syscalls found per file
    ansible.builtin.set_fact:
      syscalls_per_file: {}
      found_paths_dict: {}

  - name: Declare syscalls found per file
    ansible.builtin.set_fact: syscalls_per_file="{{ syscalls_per_file | combine( {item.files[0].path
      :[item.item] + syscalls_per_file.get(item.files[0].path, []) } ) }}"
    loop: '{{ find_command.results | selectattr(''matched'') | list }}'

  - name: Declare files where syscalls were found
    ansible.builtin.set_fact: found_paths="{{ find_command.results | map(attribute='files')
      | flatten | map(attribute='path') | list }}"

  - name: Count occurrences of syscalls in paths
    ansible.builtin.set_fact: found_paths_dict="{{ found_paths_dict | combine({ item:1+found_paths_dict.get(item,
      0) }) }}"
    loop: '{{ find_command.results | map(attribute=''files'') | flatten | map(attribute=''path'')
      | list }}'

  - name: Get path with most syscalls
    ansible.builtin.set_fact: audit_file="{{ (found_paths_dict | dict2items() | sort(attribute='value')
      | last).key }}"
    when: found_paths | length &gt;= 1

  - name: No file with syscall found, set path to /etc/audit/rules.d/perm_mod.rules
    ansible.builtin.set_fact: audit_file="/etc/audit/rules.d/perm_mod.rules"
    when: found_paths | length == 0

  - name: Declare found syscalls
    ansible.builtin.set_fact: syscalls_found="{{ find_command.results | selectattr('matched')
      | map(attribute='item') | list }}"

  - name: Declare missing syscalls
    ansible.builtin.set_fact: missing_syscalls="{{ syscalls | difference(syscalls_found)
      }}"

  - name: Replace the audit rule in {{ audit_file }}
    ansible.builtin.lineinfile:
      path: '{{ audit_file }}'
      regexp: (-a always,exit -F arch=b64)(?=.*(?:(?:-S |,)(?:{{ syscalls_per_file[audit_file]
        | join("|") }}))\b)((?:( -S |,)\w+)+)( -F auid&gt;=1000 -F auid!=unset (?:-k
        |-F key=)\w+)
      line: \1\2\3{{ missing_syscalls | join("\3") }}\4
      backrefs: true
      state: present
      mode: g-rwx,o-rwx
    when: syscalls_found | length &gt; 0 and missing_syscalls | length &gt; 0

  - name: Add the audit rule to {{ audit_file }}
    ansible.builtin.lineinfile:
      path: '{{ audit_file }}'
      line: -a always,exit -F arch=b64 -S {{ syscalls | join(',') }} -F auid&gt;=1000
        -F auid!=unset -F key=perm_mod
      create: true
      mode: g-rwx,o-rwx
      state: present
    when: syscalls_found | length == 0

  - name: Declare list of syscalls
    ansible.builtin.set_fact:
      syscalls:
      - fchownat
      syscall_grouping:
      - chown
      - fchown
      - fchownat
      - lchown

  - name: Check existence of fchownat in /etc/audit/audit.rules
    ansible.builtin.find:
      paths: /etc/audit
      contains: -a always,exit -F arch=b64(( -S |,)\w+)*(( -S |,){{ item }})+(( -S
        |,)\w+)* -F auid&gt;=1000 -F auid!=unset (-k\s+|-F\s+key=)\S+\s*$
      patterns: audit.rules
    register: find_command
    loop: '{{ (syscall_grouping + syscalls) | unique }}'

  - name: Set path to /etc/audit/audit.rules
    ansible.builtin.set_fact: audit_file="/etc/audit/audit.rules"

  - name: Declare found syscalls
    ansible.builtin.set_fact: syscalls_found="{{ find_command.results | selectattr('matched')
      | map(attribute='item') | list }}"

  - name: Declare missing syscalls
    ansible.builtin.set_fact: missing_syscalls="{{ syscalls | difference(syscalls_found)
      }}"

  - name: Replace the audit rule in {{ audit_file }}
    ansible.builtin.lineinfile:
      path: '{{ audit_file }}'
      regexp: (-a always,exit -F arch=b64)(?=.*(?:(?:-S |,)(?:{{ syscalls_found |
        join("|") }}))\b)((?:( -S |,)\w+)+)( -F auid&gt;=1000 -F auid!=unset (?:-k |-F
        key=)\w+)
      line: \1\2\3{{ missing_syscalls | join("\3") }}\4
      backrefs: true
      state: present
      mode: g-rwx,o-rwx
    when: syscalls_found | length &gt; 0 and missing_syscalls | length &gt; 0

  - name: Add the audit rule to {{ audit_file }}
    ansible.builtin.lineinfile:
      path: '{{ audit_file }}'
      line: -a always,exit -F arch=b64 -S {{ syscalls | join(',') }} -F auid&gt;=1000
        -F auid!=unset -F key=perm_mod
      create: true
      mode: g-rwx,o-rwx
      state: present
    when: syscalls_found | length == 0
  when:
  - '"audit" in ansible_facts.packages'
  - ("kernel-default" in ansible_facts.packages or "kernel-default-base" in ansible_facts.packages)
  - audit_arch == "b64"
  tags:
  - CCE-85692-2
  - CJIS-5.4.1.1
  - DISA-STIG-SLES-15-030250
  - NIST-800-171-3.1.7
  - NIST-800-53-AU-12(a)
  - NIST-800-53-AU-12(c)
  - NIST-800-53-AU-12.1(ii)
  - NIST-800-53-AU-12.1(iv)
  - NIST-800-53-AU-3
  - NIST-800-53-AU-3.1
  - NIST-800-53-MA-4(1)(a)
  - PCI-DSS-Req-10.5.5
  - PCI-DSSv4-10.3
  - PCI-DSSv4-10.3.4
  - audit_rules_dac_modification_fchownat
  - low_complexity
  - low_disruption
  - medium_severity
  - reboot_required
  - restrict_strategy
</fix>
          <check system="http://oval.mitre.org/XMLSchema/oval-definitions-5">
            <check-content-ref name="oval:ssg-audit_rules_dac_modification_fchownat:def:1" href="ssg-sle15-oval.xml"/>
          </check>
          <check system="http://scap.nist.gov/schema/ocil/2">
            <check-content-ref name="ocil:ssg-audit_rules_dac_modification_fchownat_ocil:questionnaire:1" href="ssg-sle15-ocil.xml"/>
          </check>
        </Rule>
        <Rule id="xccdf_org.ssgproject.content_rule_audit_rules_dac_modification_fremovexattr" selected="false" role="full" severity="medium">
          <title xmlns:xhtml="http://www.w3.org/1999/xhtml" xml:lang="en-US">Record Events that Modify the System's Discretionary Access Controls - fremovexattr</title>
          <description xmlns:xhtml="http://www.w3.org/1999/xhtml" xml:lang="en-US">At a minimum, the audit system should collect file permission
changes for all users and root.
<html:br xmlns:html="http://www.w3.org/1999/xhtml"/>
        <html:br xmlns:html="http://www.w3.org/1999/xhtml"/>
If the <html:code xmlns:html="http://www.w3.org/1999/xhtml">auditd</html:code> daemon is configured
to use the <html:code xmlns:html="http://www.w3.org/1999/xhtml">augenrules</html:code> program to read audit rules during daemon
startup (the default), add the following line to a file with suffix
<html:code xmlns:html="http://www.w3.org/1999/xhtml">.rules</html:code> in the directory <html:code xmlns:html="http://www.w3.org/1999/xhtml">/etc/audit/rules.d</html:code>:
<html:pre xmlns:html="http://www.w3.org/1999/xhtml">-a always,exit -F arch=b32 -S fremovexattr -F auid&gt;=1000 -F auid!=unset -F key=perm_mod</html:pre>
        <html:br xmlns:html="http://www.w3.org/1999/xhtml"/>
        <html:br xmlns:html="http://www.w3.org/1999/xhtml"/>
If the system is 64 bit then also add the following line:
<html:pre xmlns:html="http://www.w3.org/1999/xhtml">-a always,exit -F arch=b64 -S fremovexattr -F auid&gt;=1000 -F auid!=unset -F key=perm_mod</html:pre>
        <html:br xmlns:html="http://www.w3.org/1999/xhtml"/>
        <html:br xmlns:html="http://www.w3.org/1999/xhtml"/>
If the <html:code xmlns:html="http://www.w3.org/1999/xhtml">auditd</html:code> daemon is configured to use the <html:code xmlns:html="http://www.w3.org/1999/xhtml">auditctl</html:code>
utility to read audit rules during daemon startup, add the following line to
<html:code xmlns:html="http://www.w3.org/1999/xhtml">/etc/audit/audit.rules</html:code> file:
<html:pre xmlns:html="http://www.w3.org/1999/xhtml">-a always,exit -F arch=b32 -S fremovexattr -F auid&gt;=1000 -F auid!=unset -F key=perm_mod</html:pre>
        <html:br xmlns:html="http://www.w3.org/1999/xhtml"/>
        <html:br xmlns:html="http://www.w3.org/1999/xhtml"/>
If the system is 64 bit then also add the following line:
<html:pre xmlns:html="http://www.w3.org/1999/xhtml">-a always,exit -F arch=b64 -S fremovexattr -F auid&gt;=1000 -F auid!=unset -F key=perm_mod</html:pre>
       </description>
          <warning xmlns:xhtml="http://www.w3.org/1999/xhtml" xml:lang="en-US" category="general">Note that these rules can be configured in a
number of ways while still achieving the desired effect. Here the system calls
have been placed independent of other system calls. Grouping these system
calls with others as identifying earlier in this guide is more efficient.</warning>
          <reference href="https://www.cisecurity.org/controls/">1</reference>
          <reference href="https://www.cisecurity.org/controls/">11</reference>
          <reference href="https://www.cisecurity.org/controls/">12</reference>
          <reference href="https://www.cisecurity.org/controls/">13</reference>
          <reference href="https://www.cisecurity.org/controls/">14</reference>
          <reference href="https://www.cisecurity.org/controls/">15</reference>
          <reference href="https://www.cisecurity.org/controls/">16</reference>
          <reference href="https://www.cisecurity.org/controls/">19</reference>
          <reference href="https://www.cisecurity.org/controls/">2</reference>
          <reference href="https://www.cisecurity.org/controls/">3</reference>
          <reference href="https://www.cisecurity.org/controls/">4</reference>
          <reference href="https://www.cisecurity.org/controls/">5</reference>
          <reference href="https://www.cisecurity.org/controls/">6</reference>
          <reference href="https://www.cisecurity.org/controls/">7</reference>
          <reference href="https://www.cisecurity.org/controls/">8</reference>
          <reference href="https://www.cisecurity.org/controls/">9</reference>
          <reference href="https://www.fbi.gov/file-repository/cjis-security-policy-v5_5_20160601-2-1.pdf">5.4.1.1</reference>
          <reference href="https://www.isaca.org/resources/cobit">APO10.01</reference>
          <reference href="https://www.isaca.org/resources/cobit">APO10.03</reference>
          <reference href="https://www.isaca.org/resources/cobit">APO10.04</reference>
          <reference href="https://www.isaca.org/resources/cobit">APO10.05</reference>
          <reference href="https://www.isaca.org/resources/cobit">APO11.04</reference>
          <reference href="https://www.isaca.org/resources/cobit">APO12.06</reference>
          <reference href="https://www.isaca.org/resources/cobit">APO13.01</reference>
          <reference href="https://www.isaca.org/resources/cobit">BAI03.05</reference>
          <reference href="https://www.isaca.org/resources/cobit">BAI08.02</reference>
          <reference href="https://www.isaca.org/resources/cobit">DSS01.03</reference>
          <reference href="https://www.isaca.org/resources/cobit">DSS01.04</reference>
          <reference href="https://www.isaca.org/resources/cobit">DSS02.02</reference>
          <reference href="https://www.isaca.org/resources/cobit">DSS02.04</reference>
          <reference href="https://www.isaca.org/resources/cobit">DSS02.07</reference>
          <reference href="https://www.isaca.org/resources/cobit">DSS03.01</reference>
          <reference href="https://www.isaca.org/resources/cobit">DSS03.05</reference>
          <reference href="https://www.isaca.org/resources/cobit">DSS05.02</reference>
          <reference href="https://www.isaca.org/resources/cobit">DSS05.03</reference>
          <reference href="https://www.isaca.org/resources/cobit">DSS05.04</reference>
          <reference href="https://www.isaca.org/resources/cobit">DSS05.05</reference>
          <reference href="https://www.isaca.org/resources/cobit">DSS05.07</reference>
          <reference href="https://www.isaca.org/resources/cobit">MEA01.01</reference>
          <reference href="https://www.isaca.org/resources/cobit">MEA01.02</reference>
          <reference href="https://www.isaca.org/resources/cobit">MEA01.03</reference>
          <reference href="https://www.isaca.org/resources/cobit">MEA01.04</reference>
          <reference href="https://www.isaca.org/resources/cobit">MEA01.05</reference>
          <reference href="https://www.isaca.org/resources/cobit">MEA02.01</reference>
          <reference href="http://nvlpubs.nist.gov/nistpubs/SpecialPublications/NIST.SP.800-171.pdf">3.1.7</reference>
          <reference href="https://www.gpo.gov/fdsys/pkg/CFR-2007-title45-vol1/pdf/CFR-2007-title45-vol1-chapA-subchapC.pdf">164.308(a)(1)(ii)(D)</reference>
          <reference href="https://www.gpo.gov/fdsys/pkg/CFR-2007-title45-vol1/pdf/CFR-2007-title45-vol1-chapA-subchapC.pdf">164.308(a)(3)(ii)(A)</reference>
          <reference href="https://www.gpo.gov/fdsys/pkg/CFR-2007-title45-vol1/pdf/CFR-2007-title45-vol1-chapA-subchapC.pdf">164.308(a)(5)(ii)(C)</reference>
          <reference href="https://www.gpo.gov/fdsys/pkg/CFR-2007-title45-vol1/pdf/CFR-2007-title45-vol1-chapA-subchapC.pdf">164.312(a)(2)(i)</reference>
          <reference href="https://www.gpo.gov/fdsys/pkg/CFR-2007-title45-vol1/pdf/CFR-2007-title45-vol1-chapA-subchapC.pdf">164.312(b)</reference>
          <reference href="https://www.gpo.gov/fdsys/pkg/CFR-2007-title45-vol1/pdf/CFR-2007-title45-vol1-chapA-subchapC.pdf">164.312(d)</reference>
          <reference href="https://www.gpo.gov/fdsys/pkg/CFR-2007-title45-vol1/pdf/CFR-2007-title45-vol1-chapA-subchapC.pdf">164.312(e)</reference>
          <reference href="https://www.isa.org/products/isa-62443-2-1-2009-security-for-industrial-automat">4.2.3.10</reference>
          <reference href="https://www.isa.org/products/isa-62443-2-1-2009-security-for-industrial-automat">4.3.2.6.7</reference>
          <reference href="https://www.isa.org/products/isa-62443-2-1-2009-security-for-industrial-automat">4.3.3.3.9</reference>
          <reference href="https://www.isa.org/products/isa-62443-2-1-2009-security-for-industrial-automat">4.3.3.5.8</reference>
          <reference href="https://www.isa.org/products/isa-62443-2-1-2009-security-for-industrial-automat">4.3.3.6.6</reference>
          <reference href="https://www.isa.org/products/isa-62443-2-1-2009-security-for-industrial-automat">4.3.4.4.7</reference>
          <reference href="https://www.isa.org/products/isa-62443-2-1-2009-security-for-industrial-automat">4.3.4.5.6</reference>
          <reference href="https://www.isa.org/products/isa-62443-2-1-2009-security-for-industrial-automat">4.3.4.5.7</reference>
          <reference href="https://www.isa.org/products/isa-62443-2-1-2009-security-for-industrial-automat">4.3.4.5.8</reference>
          <reference href="https://www.isa.org/products/isa-62443-2-1-2009-security-for-industrial-automat">4.4.2.1</reference>
          <reference href="https://www.isa.org/products/isa-62443-2-1-2009-security-for-industrial-automat">4.4.2.2</reference>
          <reference href="https://www.isa.org/products/isa-62443-2-1-2009-security-for-industrial-automat">4.4.2.4</reference>
          <reference href="https://www.isa.org/products/ansi-isa-62443-3-3-99-03-03-2013-security-for-indu">SR 1.13</reference>
          <reference href="https://www.isa.org/products/ansi-isa-62443-3-3-99-03-03-2013-security-for-indu">SR 2.10</reference>
          <reference href="https://www.isa.org/products/ansi-isa-62443-3-3-99-03-03-2013-security-for-indu">SR 2.11</reference>
          <reference href="https://www.isa.org/products/ansi-isa-62443-3-3-99-03-03-2013-security-for-indu">SR 2.12</reference>
          <reference href="https://www.isa.org/products/ansi-isa-62443-3-3-99-03-03-2013-security-for-indu">SR 2.6</reference>
          <reference href="https://www.isa.org/products/ansi-isa-62443-3-3-99-03-03-2013-security-for-indu">SR 2.8</reference>
          <reference href="https://www.isa.org/products/ansi-isa-62443-3-3-99-03-03-2013-security-for-indu">SR 2.9</reference>
          <reference href="https://www.isa.org/products/ansi-isa-62443-3-3-99-03-03-2013-security-for-indu">SR 3.1</reference>
          <reference href="https://www.isa.org/products/ansi-isa-62443-3-3-99-03-03-2013-security-for-indu">SR 3.5</reference>
          <reference href="https://www.isa.org/products/ansi-isa-62443-3-3-99-03-03-2013-security-for-indu">SR 3.8</reference>
          <reference href="https://www.isa.org/products/ansi-isa-62443-3-3-99-03-03-2013-security-for-indu">SR 4.1</reference>
          <reference href="https://www.isa.org/products/ansi-isa-62443-3-3-99-03-03-2013-security-for-indu">SR 4.3</reference>
          <reference href="https://www.isa.org/products/ansi-isa-62443-3-3-99-03-03-2013-security-for-indu">SR 5.1</reference>
          <reference href="https://www.isa.org/products/ansi-isa-62443-3-3-99-03-03-2013-security-for-indu">SR 5.2</reference>
          <reference href="https://www.isa.org/products/ansi-isa-62443-3-3-99-03-03-2013-security-for-indu">SR 5.3</reference>
          <reference href="https://www.isa.org/products/ansi-isa-62443-3-3-99-03-03-2013-security-for-indu">SR 6.1</reference>
          <reference href="https://www.isa.org/products/ansi-isa-62443-3-3-99-03-03-2013-security-for-indu">SR 6.2</reference>
          <reference href="https://www.isa.org/products/ansi-isa-62443-3-3-99-03-03-2013-security-for-indu">SR 7.1</reference>
          <reference href="https://www.isa.org/products/ansi-isa-62443-3-3-99-03-03-2013-security-for-indu">SR 7.6</reference>
          <reference href="https://www.iso.org/contents/data/standard/05/45/54534.html">A.11.2.6</reference>
          <reference href="https://www.iso.org/contents/data/standard/05/45/54534.html">A.12.4.1</reference>
          <reference href="https://www.iso.org/contents/data/standard/05/45/54534.html">A.12.4.2</reference>
          <reference href="https://www.iso.org/contents/data/standard/05/45/54534.html">A.12.4.3</reference>
          <reference href="https://www.iso.org/contents/data/standard/05/45/54534.html">A.12.4.4</reference>
          <reference href="https://www.iso.org/contents/data/standard/05/45/54534.html">A.12.7.1</reference>
          <reference href="https://www.iso.org/contents/data/standard/05/45/54534.html">A.13.1.1</reference>
          <reference href="https://www.iso.org/contents/data/standard/05/45/54534.html">A.13.2.1</reference>
          <reference href="https://www.iso.org/contents/data/standard/05/45/54534.html">A.14.1.3</reference>
          <reference href="https://www.iso.org/contents/data/standard/05/45/54534.html">A.14.2.7</reference>
          <reference href="https://www.iso.org/contents/data/standard/05/45/54534.html">A.15.2.1</reference>
          <reference href="https://www.iso.org/contents/data/standard/05/45/54534.html">A.15.2.2</reference>
          <reference href="https://www.iso.org/contents/data/standard/05/45/54534.html">A.16.1.4</reference>
          <reference href="https://www.iso.org/contents/data/standard/05/45/54534.html">A.16.1.5</reference>
          <reference href="https://www.iso.org/contents/data/standard/05/45/54534.html">A.16.1.7</reference>
          <reference href="https://www.iso.org/contents/data/standard/05/45/54534.html">A.6.2.1</reference>
          <reference href="https://www.iso.org/contents/data/standard/05/45/54534.html">A.6.2.2</reference>
          <reference href="http://nvlpubs.nist.gov/nistpubs/SpecialPublications/NIST.SP.800-53r4.pdf">AU-12(a)</reference>
          <reference href="http://nvlpubs.nist.gov/nistpubs/SpecialPublications/NIST.SP.800-53r4.pdf">AU-12.1(ii)</reference>
          <reference href="http://nvlpubs.nist.gov/nistpubs/SpecialPublications/NIST.SP.800-53r4.pdf">AU-12(c)</reference>
          <reference href="http://nvlpubs.nist.gov/nistpubs/SpecialPublications/NIST.SP.800-53r4.pdf">AU-12.1(iv)</reference>
          <reference href="http://nvlpubs.nist.gov/nistpubs/SpecialPublications/NIST.SP.800-53r4.pdf">AU-3</reference>
          <reference href="http://nvlpubs.nist.gov/nistpubs/SpecialPublications/NIST.SP.800-53r4.pdf">AU-3.1</reference>
          <reference href="http://nvlpubs.nist.gov/nistpubs/SpecialPublications/NIST.SP.800-53r4.pdf">MA-4(1)(a)</reference>
          <reference href="https://nvlpubs.nist.gov/nistpubs/CSWP/NIST.CSWP.04162018.pdf">DE.AE-3</reference>
          <reference href="https://nvlpubs.nist.gov/nistpubs/CSWP/NIST.CSWP.04162018.pdf">DE.AE-5</reference>
          <reference href="https://nvlpubs.nist.gov/nistpubs/CSWP/NIST.CSWP.04162018.pdf">DE.CM-1</reference>
          <reference href="https://nvlpubs.nist.gov/nistpubs/CSWP/NIST.CSWP.04162018.pdf">DE.CM-3</reference>
          <reference href="https://nvlpubs.nist.gov/nistpubs/CSWP/NIST.CSWP.04162018.pdf">DE.CM-7</reference>
          <reference href="https://nvlpubs.nist.gov/nistpubs/CSWP/NIST.CSWP.04162018.pdf">ID.SC-4</reference>
          <reference href="https://nvlpubs.nist.gov/nistpubs/CSWP/NIST.CSWP.04162018.pdf">PR.AC-3</reference>
          <reference href="https://nvlpubs.nist.gov/nistpubs/CSWP/NIST.CSWP.04162018.pdf">PR.PT-1</reference>
          <reference href="https://nvlpubs.nist.gov/nistpubs/CSWP/NIST.CSWP.04162018.pdf">PR.PT-4</reference>
          <reference href="https://nvlpubs.nist.gov/nistpubs/CSWP/NIST.CSWP.04162018.pdf">RS.AN-1</reference>
          <reference href="https://nvlpubs.nist.gov/nistpubs/CSWP/NIST.CSWP.04162018.pdf">RS.AN-4</reference>
          <reference href="https://www.pcisecuritystandards.org/documents/PCI_DSS_v3-2-1.pdf">Req-10.5.5</reference>
          <reference href="https://www.cyber.mil/stigs/downloads/?_dl_facet_stigs=operating-systems%2Cgeneral-purpose-os">SRG-OS-000037-GPOS-00015</reference>
          <reference href="https://www.cyber.mil/stigs/downloads/?_dl_facet_stigs=operating-systems%2Cgeneral-purpose-os">SRG-OS-000042-GPOS-00020</reference>
          <reference href="https://www.cyber.mil/stigs/downloads/?_dl_facet_stigs=operating-systems%2Cgeneral-purpose-os">SRG-OS-000062-GPOS-00031</reference>
          <reference href="https://www.cyber.mil/stigs/downloads/?_dl_facet_stigs=operating-systems%2Cgeneral-purpose-os">SRG-OS-000392-GPOS-00172</reference>
          <reference href="https://www.cyber.mil/stigs/downloads/?_dl_facet_stigs=operating-systems%2Cgeneral-purpose-os">SRG-OS-000458-GPOS-00203</reference>
          <reference href="https://www.cyber.mil/stigs/downloads/?_dl_facet_stigs=operating-systems%2Cgeneral-purpose-os">SRG-OS-000462-GPOS-00206</reference>
          <reference href="https://www.cyber.mil/stigs/downloads/?_dl_facet_stigs=operating-systems%2Cgeneral-purpose-os">SRG-OS-000463-GPOS-00207</reference>
          <reference href="https://www.cyber.mil/stigs/downloads/?_dl_facet_stigs=operating-systems%2Cgeneral-purpose-os">SRG-OS-000471-GPOS-00215</reference>
          <reference href="https://www.cyber.mil/stigs/downloads/?_dl_facet_stigs=operating-systems%2Cgeneral-purpose-os">SRG-OS-000474-GPOS-00219</reference>
          <reference href="https://www.cyber.mil/stigs/downloads/?_dl_facet_stigs=operating-systems%2Cgeneral-purpose-os">SRG-OS-000466-GPOS-00210</reference>
          <reference href="https://www.cyber.mil/stigs/downloads/?_dl_facet_stigs=operating-systems%2Cgeneral-purpose-os">SRG-OS-000468-GPOS-00212</reference>
          <reference href="https://www.cyber.mil/stigs/downloads/?_dl_facet_stigs=operating-systems%2Cgeneral-purpose-os">SRG-OS-000064-GPOS-00033</reference>
          <reference href="https://www.cyber.mil/stigs/downloads/?_dl_facet_stigs=app-security">SRG-APP-000091-CTR-000160</reference>
          <reference href="https://www.cyber.mil/stigs/downloads/?_dl_facet_stigs=app-security">SRG-APP-000492-CTR-001220</reference>
          <reference href="https://www.cyber.mil/stigs/downloads/?_dl_facet_stigs=app-security">SRG-APP-000493-CTR-001225</reference>
          <reference href="https://www.cyber.mil/stigs/downloads/?_dl_facet_stigs=app-security">SRG-APP-000494-CTR-001230</reference>
          <reference href="https://www.cyber.mil/stigs/downloads/?_dl_facet_stigs=app-security">SRG-APP-000500-CTR-001260</reference>
          <reference href="https://www.cyber.mil/stigs/downloads/?_dl_facet_stigs=app-security">SRG-APP-000507-CTR-001295</reference>
          <reference href="https://www.cyber.mil/stigs/downloads/?_dl_facet_stigs=app-security">SRG-APP-000495-CTR-001235</reference>
          <reference href="https://www.cyber.mil/stigs/downloads/?_dl_facet_stigs=app-security">SRG-APP-000496-CTR-001240</reference>
          <reference href="https://www.cyber.mil/stigs/downloads/?_dl_facet_stigs=app-security">SRG-APP-000497-CTR-001245</reference>
          <reference href="https://www.cyber.mil/stigs/downloads/?_dl_facet_stigs=app-security">SRG-APP-000498-CTR-001250</reference>
          <reference href="https://www.cyber.mil/stigs/downloads/?_dl_facet_stigs=app-security">SRG-APP-000499-CTR-001255</reference>
          <reference href="https://www.cyber.mil/stigs/downloads/?_dl_facet_stigs=operating-systems%2Cunix-linux">SLES-15-030190</reference>
          <reference href="https://www.cisecurity.org/benchmark/suse_linux/">4.1.9</reference>
          <reference href="https://cyber.gouv.fr/sites/default/files/document/linux_configuration-en-v2.pdf">R73</reference>
          <reference href="not_publicly_available">SLES-15-750450255</reference>
          <reference href="https://docs-prv.pcisecuritystandards.org/PCI%20DSS/Standard/PCI-DSS-v4_0.pdf">10.3.4</reference>
          <reference href="https://docs-prv.pcisecuritystandards.org/PCI%20DSS/Standard/PCI-DSS-v4_0.pdf">10.3</reference>
          <reference href="https://www.cyber.mil/stigs/srg-stig-tools/">SV-234918r958412_rule</reference>
          <rationale xmlns:xhtml="http://www.w3.org/1999/xhtml" xml:lang="en-US">The changing of file permissions could indicate that a user is attempting to
gain access to information that would otherwise be disallowed. Auditing DAC modifications
can facilitate the identification of patterns of abuse among both authorized and
unauthorized users.</rationale>
          <ident system="https://ncp.nist.gov/cce">CCE-85686-4</ident>
          <fix xmlns:xhtml="http://www.w3.org/1999/xhtml" id="audit_rules_dac_modification_fremovexattr" system="urn:xccdf:fix:script:sh"># Remediation is applicable only in certain platforms
if rpm --quiet -q audit &amp;&amp; rpm --quiet -q kernel-default || rpm --quiet -q kernel-default-base; then

# First perform the remediation of the syscall rule
# Retrieve hardware architecture of the underlying system
[ "$(getconf LONG_BIT)" = "32" ] &amp;&amp; RULE_ARCHS=("b32") || RULE_ARCHS=("b32" "b64")

for ARCH in "${RULE_ARCHS[@]}"
do
	ACTION_ARCH_FILTERS="-a always,exit -F arch=$ARCH"
	OTHER_FILTERS=""
	AUID_FILTERS="-F auid&gt;=1000 -F auid!=unset"
	SYSCALL="fremovexattr"
	KEY="perm_mod"
	SYSCALL_GROUPING="fremovexattr lremovexattr removexattr fsetxattr lsetxattr setxattr"

	# Perform the remediation for both possible tools: 'auditctl' and 'augenrules'
	unset syscall_a
unset syscall_grouping
unset syscall_string
unset syscall
unset file_to_edit
unset rule_to_edit
unset rule_syscalls_to_edit
unset other_string
unset auid_string
unset full_rule

# Load macro arguments into arrays
read -a syscall_a &lt;&lt;&lt; $SYSCALL
read -a syscall_grouping &lt;&lt;&lt; $SYSCALL_GROUPING

# Create a list of audit *.rules files that should be inspected for presence and correctness
# of a particular audit rule. The scheme is as follows:
#
# -----------------------------------------------------------------------------------------
#  Tool used to load audit rules | Rule already defined  |  Audit rules file to inspect    |
# -----------------------------------------------------------------------------------------
#        auditctl                |     Doesn't matter    |  /etc/audit/audit.rules         |
# -----------------------------------------------------------------------------------------
#        augenrules              |          Yes          |  /etc/audit/rules.d/*.rules     |
#        augenrules              |          No           |  /etc/audit/rules.d/$key.rules  |
# -----------------------------------------------------------------------------------------
#
files_to_inspect=()

# If audit tool is 'augenrules', then check if the audit rule is defined
# If rule is defined, add '/etc/audit/rules.d/*.rules' to the list for inspection
# If rule isn't defined yet, add '/etc/audit/rules.d/$key.rules' to the list for inspection
default_file="/etc/audit/rules.d/$KEY.rules"
# As other_filters may include paths, lets use a different delimiter for it
# The "F" script expression tells sed to print the filenames where the expressions matched
readarray -t files_to_inspect &lt; &lt;(sed -s -n -e "/^$ACTION_ARCH_FILTERS/!d" -e "\#$OTHER_FILTERS#!d" -e "/$AUID_FILTERS/!d" -e "F" /etc/audit/rules.d/*.rules)
# Case when particular rule isn't defined in /etc/audit/rules.d/*.rules yet
if [ ${#files_to_inspect[@]} -eq "0" ]
then
    file_to_inspect="/etc/audit/rules.d/$KEY.rules"
    files_to_inspect=("$file_to_inspect")
    if [ ! -e "$file_to_inspect" ]
    then
        touch "$file_to_inspect"
        chmod 0600 "$file_to_inspect"
    fi
fi

# After converting to jinja, we cannot return; therefore we skip the rest of the macro if needed instead
skip=1

for audit_file in "${files_to_inspect[@]}"
do
    # Filter existing $audit_file rules' definitions to select those that satisfy the rule pattern,
    # i.e, collect rules that match:
    # * the action, list and arch, (2-nd argument)
    # * the other filters, (3-rd argument)
    # * the auid filters, (4-rd argument)
    readarray -t similar_rules &lt; &lt;(sed -e "/^$ACTION_ARCH_FILTERS/!d"  -e "\#$OTHER_FILTERS#!d" -e "/$AUID_FILTERS/!d" "$audit_file")

    candidate_rules=()
    # Filter out rules that have more fields then required. This will remove rules more specific than the required scope
    for s_rule in "${similar_rules[@]}"
    do
        # Strip all the options and fields we know of,
        # than check if there was any field left over
        extra_fields=$(sed -E -e "s/^$ACTION_ARCH_FILTERS//"  -e "s#$OTHER_FILTERS##" -e "s/$AUID_FILTERS//" -e "s/((:?-S [[:alnum:],]+)+)//g" -e "s/-F key=\w+|-k \w+//"&lt;&lt;&lt; "$s_rule")
        grep -q -- "-F" &lt;&lt;&lt; "$extra_fields" || candidate_rules+=("$s_rule")
    done

    if [[ ${#syscall_a[@]} -ge 1 ]]
    then
        # Check if the syscall we want is present in any of the similar existing rules
        for rule in "${candidate_rules[@]}"
        do
            rule_syscalls=$(echo "$rule" | grep -o -P '(-S [\w,]+)+' | xargs)
            all_syscalls_found=0
            for syscall in "${syscall_a[@]}"
            do
                grep -q -- "\b${syscall}\b" &lt;&lt;&lt; "$rule_syscalls" || {
                   # A syscall was not found in the candidate rule
                   all_syscalls_found=1
                   }
            done
            if [[ $all_syscalls_found -eq 0 ]]
            then
                # We found a rule with all the syscall(s) we want; skip rest of macro
                skip=0
                break
            fi

            # Check if this rule can be grouped with our target syscall and keep track of it
            for syscall_g in "${syscall_grouping[@]}"
            do
                if grep -q -- "\b${syscall_g}\b" &lt;&lt;&lt; "$rule_syscalls"
                then
                    file_to_edit=${audit_file}
                    rule_to_edit=${rule}
                    rule_syscalls_to_edit=${rule_syscalls}
                fi
            done
        done
    else
        # If there is any candidate rule, it is compliant; skip rest of macro
        if [ "${#candidate_rules[@]}" -gt 0 ]
        then
            skip=0
        fi
    fi

    if [ "$skip" -eq 0 ]; then
        break
    fi
done

if [ "$skip" -ne 0 ]; then
    # We checked all rules that matched the expected resemblance pattern (action, arch &amp; auid)
    # At this point we know if we need to either append the $full_rule or group
    # the syscall together with an exsiting rule

    # Append the full_rule if it cannot be grouped to any other rule
    if [ -z ${rule_to_edit+x} ]
    then
        # Build full_rule while avoid adding double spaces when other_filters is empty
        if [ "${#syscall_a[@]}" -gt 0 ]
        then
            syscall_string=""
            for syscall in "${syscall_a[@]}"
            do
                syscall_string+=" -S $syscall"
            done
        fi
        other_string=$([[ $OTHER_FILTERS ]] &amp;&amp; echo " $OTHER_FILTERS") || /bin/true
        auid_string=$([[ $AUID_FILTERS ]] &amp;&amp; echo " $AUID_FILTERS") || /bin/true
        full_rule="$ACTION_ARCH_FILTERS${syscall_string}${other_string}${auid_string} -F key=$KEY" || /bin/true
        echo "$full_rule" &gt;&gt; "$default_file"
        chmod 0600 ${default_file}
    else
        # Check if the syscalls are declared as a comma separated list or
        # as multiple -S parameters
        if grep -q -- "," &lt;&lt;&lt; "${rule_syscalls_to_edit}"
        then
            delimiter=","
        else
            delimiter=" -S "
        fi
        new_grouped_syscalls="${rule_syscalls_to_edit}"
        for syscall in "${syscall_a[@]}"
        do
            grep -q -- "\b${syscall}\b" &lt;&lt;&lt; "${rule_syscalls_to_edit}" || {
               # A syscall was not found in the candidate rule
               new_grouped_syscalls+="${delimiter}${syscall}"
               }
        done

        # Group the syscall in the rule
        sed -i -e "\#${rule_to_edit}#s#${rule_syscalls_to_edit}#${new_grouped_syscalls}#" "$file_to_edit"
    fi
fi
	unset syscall_a
unset syscall_grouping
unset syscall_string
unset syscall
unset file_to_edit
unset rule_to_edit
unset rule_syscalls_to_edit
unset other_string
unset auid_string
unset full_rule

# Load macro arguments into arrays
read -a syscall_a &lt;&lt;&lt; $SYSCALL
read -a syscall_grouping &lt;&lt;&lt; $SYSCALL_GROUPING

# Create a list of audit *.rules files that should be inspected for presence and correctness
# of a particular audit rule. The scheme is as follows:
#
# -----------------------------------------------------------------------------------------
#  Tool used to load audit rules | Rule already defined  |  Audit rules file to inspect    |
# -----------------------------------------------------------------------------------------
#        auditctl                |     Doesn't matter    |  /etc/audit/audit.rules         |
# -----------------------------------------------------------------------------------------
#        augenrules              |          Yes          |  /etc/audit/rules.d/*.rules     |
#        augenrules              |          No           |  /etc/audit/rules.d/$key.rules  |
# -----------------------------------------------------------------------------------------
#
files_to_inspect=()


# If audit tool is 'auditctl', then add '/etc/audit/audit.rules'
# file to the list of files to be inspected
default_file="/etc/audit/audit.rules"
files_to_inspect+=('/etc/audit/audit.rules' )

# After converting to jinja, we cannot return; therefore we skip the rest of the macro if needed instead
skip=1

for audit_file in "${files_to_inspect[@]}"
do
    # Filter existing $audit_file rules' definitions to select those that satisfy the rule pattern,
    # i.e, collect rules that match:
    # * the action, list and arch, (2-nd argument)
    # * the other filters, (3-rd argument)
    # * the auid filters, (4-rd argument)
    readarray -t similar_rules &lt; &lt;(sed -e "/^$ACTION_ARCH_FILTERS/!d"  -e "\#$OTHER_FILTERS#!d" -e "/$AUID_FILTERS/!d" "$audit_file")

    candidate_rules=()
    # Filter out rules that have more fields then required. This will remove rules more specific than the required scope
    for s_rule in "${similar_rules[@]}"
    do
        # Strip all the options and fields we know of,
        # than check if there was any field left over
        extra_fields=$(sed -E -e "s/^$ACTION_ARCH_FILTERS//"  -e "s#$OTHER_FILTERS##" -e "s/$AUID_FILTERS//" -e "s/((:?-S [[:alnum:],]+)+)//g" -e "s/-F key=\w+|-k \w+//"&lt;&lt;&lt; "$s_rule")
        grep -q -- "-F" &lt;&lt;&lt; "$extra_fields" || candidate_rules+=("$s_rule")
    done

    if [[ ${#syscall_a[@]} -ge 1 ]]
    then
        # Check if the syscall we want is present in any of the similar existing rules
        for rule in "${candidate_rules[@]}"
        do
            rule_syscalls=$(echo "$rule" | grep -o -P '(-S [\w,]+)+' | xargs)
            all_syscalls_found=0
            for syscall in "${syscall_a[@]}"
            do
                grep -q -- "\b${syscall}\b" &lt;&lt;&lt; "$rule_syscalls" || {
                   # A syscall was not found in the candidate rule
                   all_syscalls_found=1
                   }
            done
            if [[ $all_syscalls_found -eq 0 ]]
            then
                # We found a rule with all the syscall(s) we want; skip rest of macro
                skip=0
                break
            fi

            # Check if this rule can be grouped with our target syscall and keep track of it
            for syscall_g in "${syscall_grouping[@]}"
            do
                if grep -q -- "\b${syscall_g}\b" &lt;&lt;&lt; "$rule_syscalls"
                then
                    file_to_edit=${audit_file}
                    rule_to_edit=${rule}
                    rule_syscalls_to_edit=${rule_syscalls}
                fi
            done
        done
    else
        # If there is any candidate rule, it is compliant; skip rest of macro
        if [ "${#candidate_rules[@]}" -gt 0 ]
        then
            skip=0
        fi
    fi

    if [ "$skip" -eq 0 ]; then
        break
    fi
done

if [ "$skip" -ne 0 ]; then
    # We checked all rules that matched the expected resemblance pattern (action, arch &amp; auid)
    # At this point we know if we need to either append the $full_rule or group
    # the syscall together with an exsiting rule

    # Append the full_rule if it cannot be grouped to any other rule
    if [ -z ${rule_to_edit+x} ]
    then
        # Build full_rule while avoid adding double spaces when other_filters is empty
        if [ "${#syscall_a[@]}" -gt 0 ]
        then
            syscall_string=""
            for syscall in "${syscall_a[@]}"
            do
                syscall_string+=" -S $syscall"
            done
        fi
        other_string=$([[ $OTHER_FILTERS ]] &amp;&amp; echo " $OTHER_FILTERS") || /bin/true
        auid_string=$([[ $AUID_FILTERS ]] &amp;&amp; echo " $AUID_FILTERS") || /bin/true
        full_rule="$ACTION_ARCH_FILTERS${syscall_string}${other_string}${auid_string} -F key=$KEY" || /bin/true
        echo "$full_rule" &gt;&gt; "$default_file"
        chmod 0600 ${default_file}
    else
        # Check if the syscalls are declared as a comma separated list or
        # as multiple -S parameters
        if grep -q -- "," &lt;&lt;&lt; "${rule_syscalls_to_edit}"
        then
            delimiter=","
        else
            delimiter=" -S "
        fi
        new_grouped_syscalls="${rule_syscalls_to_edit}"
        for syscall in "${syscall_a[@]}"
        do
            grep -q -- "\b${syscall}\b" &lt;&lt;&lt; "${rule_syscalls_to_edit}" || {
               # A syscall was not found in the candidate rule
               new_grouped_syscalls+="${delimiter}${syscall}"
               }
        done

        # Group the syscall in the rule
        sed -i -e "\#${rule_to_edit}#s#${rule_syscalls_to_edit}#${new_grouped_syscalls}#" "$file_to_edit"
    fi
fi
done

else
    &gt;&amp;2 echo 'Remediation is not applicable, nothing was done'
fi
</fix>
          <fix xmlns:xhtml="http://www.w3.org/1999/xhtml" id="audit_rules_dac_modification_fremovexattr" system="urn:xccdf:fix:script:ansible" reboot="true" complexity="low" disruption="low" strategy="restrict">- name: Gather the package facts
  package_facts:
    manager: auto
  tags:
  - CCE-85686-4
  - CJIS-5.4.1.1
  - DISA-STIG-SLES-15-030190
  - NIST-800-171-3.1.7
  - NIST-800-53-AU-12(a)
  - NIST-800-53-AU-12(c)
  - NIST-800-53-AU-12.1(ii)
  - NIST-800-53-AU-12.1(iv)
  - NIST-800-53-AU-3
  - NIST-800-53-AU-3.1
  - NIST-800-53-MA-4(1)(a)
  - PCI-DSS-Req-10.5.5
  - PCI-DSSv4-10.3
  - PCI-DSSv4-10.3.4
  - audit_rules_dac_modification_fremovexattr
  - low_complexity
  - low_disruption
  - medium_severity
  - reboot_required
  - restrict_strategy

- name: Set architecture for audit fremovexattr tasks
  ansible.builtin.set_fact:
    audit_arch: b64
  when:
  - '"audit" in ansible_facts.packages'
  - ("kernel-default" in ansible_facts.packages or "kernel-default-base" in ansible_facts.packages)
  - ansible_architecture == "aarch64" or ansible_architecture == "ppc64" or ansible_architecture
    == "ppc64le" or ansible_architecture == "s390x" or ansible_architecture == "x86_64"
  tags:
  - CCE-85686-4
  - CJIS-5.4.1.1
  - DISA-STIG-SLES-15-030190
  - NIST-800-171-3.1.7
  - NIST-800-53-AU-12(a)
  - NIST-800-53-AU-12(c)
  - NIST-800-53-AU-12.1(ii)
  - NIST-800-53-AU-12.1(iv)
  - NIST-800-53-AU-3
  - NIST-800-53-AU-3.1
  - NIST-800-53-MA-4(1)(a)
  - PCI-DSS-Req-10.5.5
  - PCI-DSSv4-10.3
  - PCI-DSSv4-10.3.4
  - audit_rules_dac_modification_fremovexattr
  - low_complexity
  - low_disruption
  - medium_severity
  - reboot_required
  - restrict_strategy

- name: Perform remediation of Audit rules for fremovexattr for 32bit platform
  block:

  - name: Declare list of syscalls
    ansible.builtin.set_fact:
      syscalls:
      - fremovexattr
      syscall_grouping:
      - fremovexattr
      - lremovexattr
      - removexattr
      - fsetxattr
      - lsetxattr
      - setxattr

  - name: Check existence of fremovexattr in /etc/audit/rules.d/
    ansible.builtin.find:
      paths: /etc/audit/rules.d
      contains: -a always,exit -F arch=b32(( -S |,)\w+)*(( -S |,){{ item }})+(( -S
        |,)\w+)* -F auid&gt;=1000 -F auid!=unset (-k\s+|-F\s+key=)\S+\s*$
      patterns: '*.rules'
    register: find_command
    loop: '{{ (syscall_grouping + syscalls) | unique }}'

  - name: Reset syscalls found per file
    ansible.builtin.set_fact:
      syscalls_per_file: {}
      found_paths_dict: {}

  - name: Declare syscalls found per file
    ansible.builtin.set_fact: syscalls_per_file="{{ syscalls_per_file | combine( {item.files[0].path
      :[item.item] + syscalls_per_file.get(item.files[0].path, []) } ) }}"
    loop: '{{ find_command.results | selectattr(''matched'') | list }}'

  - name: Declare files where syscalls were found
    ansible.builtin.set_fact: found_paths="{{ find_command.results | map(attribute='files')
      | flatten | map(attribute='path') | list }}"

  - name: Count occurrences of syscalls in paths
    ansible.builtin.set_fact: found_paths_dict="{{ found_paths_dict | combine({ item:1+found_paths_dict.get(item,
      0) }) }}"
    loop: '{{ find_command.results | map(attribute=''files'') | flatten | map(attribute=''path'')
      | list }}'

  - name: Get path with most syscalls
    ansible.builtin.set_fact: audit_file="{{ (found_paths_dict | dict2items() | sort(attribute='value')
      | last).key }}"
    when: found_paths | length &gt;= 1

  - name: No file with syscall found, set path to /etc/audit/rules.d/perm_mod.rules
    ansible.builtin.set_fact: audit_file="/etc/audit/rules.d/perm_mod.rules"
    when: found_paths | length == 0

  - name: Declare found syscalls
    ansible.builtin.set_fact: syscalls_found="{{ find_command.results | selectattr('matched')
      | map(attribute='item') | list }}"

  - name: Declare missing syscalls
    ansible.builtin.set_fact: missing_syscalls="{{ syscalls | difference(syscalls_found)
      }}"

  - name: Replace the audit rule in {{ audit_file }}
    ansible.builtin.lineinfile:
      path: '{{ audit_file }}'
      regexp: (-a always,exit -F arch=b32)(?=.*(?:(?:-S |,)(?:{{ syscalls_per_file[audit_file]
        | join("|") }}))\b)((?:( -S |,)\w+)+)( -F auid&gt;=1000 -F auid!=unset (?:-k
        |-F key=)\w+)
      line: \1\2\3{{ missing_syscalls | join("\3") }}\4
      backrefs: true
      state: present
      mode: g-rwx,o-rwx
    when: syscalls_found | length &gt; 0 and missing_syscalls | length &gt; 0

  - name: Add the audit rule to {{ audit_file }}
    ansible.builtin.lineinfile:
      path: '{{ audit_file }}'
      line: -a always,exit -F arch=b32 -S {{ syscalls | join(',') }} -F auid&gt;=1000
        -F auid!=unset -F key=perm_mod
      create: true
      mode: g-rwx,o-rwx
      state: present
    when: syscalls_found | length == 0

  - name: Declare list of syscalls
    ansible.builtin.set_fact:
      syscalls:
      - fremovexattr
      syscall_grouping:
      - fremovexattr
      - lremovexattr
      - removexattr
      - fsetxattr
      - lsetxattr
      - setxattr

  - name: Check existence of fremovexattr in /etc/audit/audit.rules
    ansible.builtin.find:
      paths: /etc/audit
      contains: -a always,exit -F arch=b32(( -S |,)\w+)*(( -S |,){{ item }})+(( -S
        |,)\w+)* -F auid&gt;=1000 -F auid!=unset (-k\s+|-F\s+key=)\S+\s*$
      patterns: audit.rules
    register: find_command
    loop: '{{ (syscall_grouping + syscalls) | unique }}'

  - name: Set path to /etc/audit/audit.rules
    ansible.builtin.set_fact: audit_file="/etc/audit/audit.rules"

  - name: Declare found syscalls
    ansible.builtin.set_fact: syscalls_found="{{ find_command.results | selectattr('matched')
      | map(attribute='item') | list }}"

  - name: Declare missing syscalls
    ansible.builtin.set_fact: missing_syscalls="{{ syscalls | difference(syscalls_found)
      }}"

  - name: Replace the audit rule in {{ audit_file }}
    ansible.builtin.lineinfile:
      path: '{{ audit_file }}'
      regexp: (-a always,exit -F arch=b32)(?=.*(?:(?:-S |,)(?:{{ syscalls_found |
        join("|") }}))\b)((?:( -S |,)\w+)+)( -F auid&gt;=1000 -F auid!=unset (?:-k |-F
        key=)\w+)
      line: \1\2\3{{ missing_syscalls | join("\3") }}\4
      backrefs: true
      state: present
      mode: g-rwx,o-rwx
    when: syscalls_found | length &gt; 0 and missing_syscalls | length &gt; 0

  - name: Add the audit rule to {{ audit_file }}
    ansible.builtin.lineinfile:
      path: '{{ audit_file }}'
      line: -a always,exit -F arch=b32 -S {{ syscalls | join(',') }} -F auid&gt;=1000
        -F auid!=unset -F key=perm_mod
      create: true
      mode: g-rwx,o-rwx
      state: present
    when: syscalls_found | length == 0
  when:
  - '"audit" in ansible_facts.packages'
  - ("kernel-default" in ansible_facts.packages or "kernel-default-base" in ansible_facts.packages)
  tags:
  - CCE-85686-4
  - CJIS-5.4.1.1
  - DISA-STIG-SLES-15-030190
  - NIST-800-171-3.1.7
  - NIST-800-53-AU-12(a)
  - NIST-800-53-AU-12(c)
  - NIST-800-53-AU-12.1(ii)
  - NIST-800-53-AU-12.1(iv)
  - NIST-800-53-AU-3
  - NIST-800-53-AU-3.1
  - NIST-800-53-MA-4(1)(a)
  - PCI-DSS-Req-10.5.5
  - PCI-DSSv4-10.3
  - PCI-DSSv4-10.3.4
  - audit_rules_dac_modification_fremovexattr
  - low_complexity
  - low_disruption
  - medium_severity
  - reboot_required
  - restrict_strategy

- name: Perform remediation of Audit rules for fremovexattr for 64bit platform
  block:

  - name: Declare list of syscalls
    ansible.builtin.set_fact:
      syscalls:
      - fremovexattr
      syscall_grouping:
      - fremovexattr
      - lremovexattr
      - removexattr
      - fsetxattr
      - lsetxattr
      - setxattr

  - name: Check existence of fremovexattr in /etc/audit/rules.d/
    ansible.builtin.find:
      paths: /etc/audit/rules.d
      contains: -a always,exit -F arch=b64(( -S |,)\w+)*(( -S |,){{ item }})+(( -S
        |,)\w+)* -F auid&gt;=1000 -F auid!=unset (-k\s+|-F\s+key=)\S+\s*$
      patterns: '*.rules'
    register: find_command
    loop: '{{ (syscall_grouping + syscalls) | unique }}'

  - name: Reset syscalls found per file
    ansible.builtin.set_fact:
      syscalls_per_file: {}
      found_paths_dict: {}

  - name: Declare syscalls found per file
    ansible.builtin.set_fact: syscalls_per_file="{{ syscalls_per_file | combine( {item.files[0].path
      :[item.item] + syscalls_per_file.get(item.files[0].path, []) } ) }}"
    loop: '{{ find_command.results | selectattr(''matched'') | list }}'

  - name: Declare files where syscalls were found
    ansible.builtin.set_fact: found_paths="{{ find_command.results | map(attribute='files')
      | flatten | map(attribute='path') | list }}"

  - name: Count occurrences of syscalls in paths
    ansible.builtin.set_fact: found_paths_dict="{{ found_paths_dict | combine({ item:1+found_paths_dict.get(item,
      0) }) }}"
    loop: '{{ find_command.results | map(attribute=''files'') | flatten | map(attribute=''path'')
      | list }}'

  - name: Get path with most syscalls
    ansible.builtin.set_fact: audit_file="{{ (found_paths_dict | dict2items() | sort(attribute='value')
      | last).key }}"
    when: found_paths | length &gt;= 1

  - name: No file with syscall found, set path to /etc/audit/rules.d/perm_mod.rules
    ansible.builtin.set_fact: audit_file="/etc/audit/rules.d/perm_mod.rules"
    when: found_paths | length == 0

  - name: Declare found syscalls
    ansible.builtin.set_fact: syscalls_found="{{ find_command.results | selectattr('matched')
      | map(attribute='item') | list }}"

  - name: Declare missing syscalls
    ansible.builtin.set_fact: missing_syscalls="{{ syscalls | difference(syscalls_found)
      }}"

  - name: Replace the audit rule in {{ audit_file }}
    ansible.builtin.lineinfile:
      path: '{{ audit_file }}'
      regexp: (-a always,exit -F arch=b64)(?=.*(?:(?:-S |,)(?:{{ syscalls_per_file[audit_file]
        | join("|") }}))\b)((?:( -S |,)\w+)+)( -F auid&gt;=1000 -F auid!=unset (?:-k
        |-F key=)\w+)
      line: \1\2\3{{ missing_syscalls | join("\3") }}\4
      backrefs: true
      state: present
      mode: g-rwx,o-rwx
    when: syscalls_found | length &gt; 0 and missing_syscalls | length &gt; 0

  - name: Add the audit rule to {{ audit_file }}
    ansible.builtin.lineinfile:
      path: '{{ audit_file }}'
      line: -a always,exit -F arch=b64 -S {{ syscalls | join(',') }} -F auid&gt;=1000
        -F auid!=unset -F key=perm_mod
      create: true
      mode: g-rwx,o-rwx
      state: present
    when: syscalls_found | length == 0

  - name: Declare list of syscalls
    ansible.builtin.set_fact:
      syscalls:
      - fremovexattr
      syscall_grouping:
      - fremovexattr
      - lremovexattr
      - removexattr
      - fsetxattr
      - lsetxattr
      - setxattr

  - name: Check existence of fremovexattr in /etc/audit/audit.rules
    ansible.builtin.find:
      paths: /etc/audit
      contains: -a always,exit -F arch=b64(( -S |,)\w+)*(( -S |,){{ item }})+(( -S
        |,)\w+)* -F auid&gt;=1000 -F auid!=unset (-k\s+|-F\s+key=)\S+\s*$
      patterns: audit.rules
    register: find_command
    loop: '{{ (syscall_grouping + syscalls) | unique }}'

  - name: Set path to /etc/audit/audit.rules
    ansible.builtin.set_fact: audit_file="/etc/audit/audit.rules"

  - name: Declare found syscalls
    ansible.builtin.set_fact: syscalls_found="{{ find_command.results | selectattr('matched')
      | map(attribute='item') | list }}"

  - name: Declare missing syscalls
    ansible.builtin.set_fact: missing_syscalls="{{ syscalls | difference(syscalls_found)
      }}"

  - name: Replace the audit rule in {{ audit_file }}
    ansible.builtin.lineinfile:
      path: '{{ audit_file }}'
      regexp: (-a always,exit -F arch=b64)(?=.*(?:(?:-S |,)(?:{{ syscalls_found |
        join("|") }}))\b)((?:( -S |,)\w+)+)( -F auid&gt;=1000 -F auid!=unset (?:-k |-F
        key=)\w+)
      line: \1\2\3{{ missing_syscalls | join("\3") }}\4
      backrefs: true
      state: present
      mode: g-rwx,o-rwx
    when: syscalls_found | length &gt; 0 and missing_syscalls | length &gt; 0

  - name: Add the audit rule to {{ audit_file }}
    ansible.builtin.lineinfile:
      path: '{{ audit_file }}'
      line: -a always,exit -F arch=b64 -S {{ syscalls | join(',') }} -F auid&gt;=1000
        -F auid!=unset -F key=perm_mod
      create: true
      mode: g-rwx,o-rwx
      state: present
    when: syscalls_found | length == 0
  when:
  - '"audit" in ansible_facts.packages'
  - ("kernel-default" in ansible_facts.packages or "kernel-default-base" in ansible_facts.packages)
  - audit_arch == "b64"
  tags:
  - CCE-85686-4
  - CJIS-5.4.1.1
  - DISA-STIG-SLES-15-030190
  - NIST-800-171-3.1.7
  - NIST-800-53-AU-12(a)
  - NIST-800-53-AU-12(c)
  - NIST-800-53-AU-12.1(ii)
  - NIST-800-53-AU-12.1(iv)
  - NIST-800-53-AU-3
  - NIST-800-53-AU-3.1
  - NIST-800-53-MA-4(1)(a)
  - PCI-DSS-Req-10.5.5
  - PCI-DSSv4-10.3
  - PCI-DSSv4-10.3.4
  - audit_rules_dac_modification_fremovexattr
  - low_complexity
  - low_disruption
  - medium_severity
  - reboot_required
  - restrict_strategy
</fix>
          <check system="http://oval.mitre.org/XMLSchema/oval-definitions-5">
            <check-content-ref name="oval:ssg-audit_rules_dac_modification_fremovexattr:def:1" href="ssg-sle15-oval.xml"/>
          </check>
          <check system="http://scap.nist.gov/schema/ocil/2">
            <check-content-ref name="ocil:ssg-audit_rules_dac_modification_fremovexattr_ocil:questionnaire:1" href="ssg-sle15-ocil.xml"/>
          </check>
        </Rule>
        <Rule id="xccdf_org.ssgproject.content_rule_audit_rules_dac_modification_fsetxattr" selected="false" role="full" severity="medium">
          <title xmlns:xhtml="http://www.w3.org/1999/xhtml" xml:lang="en-US">Record Events that Modify the System's Discretionary Access Controls - fsetxattr</title>
          <description xmlns:xhtml="http://www.w3.org/1999/xhtml" xml:lang="en-US">At a minimum, the audit system should collect file permission
changes for all users and root. If the <html:code xmlns:html="http://www.w3.org/1999/xhtml">auditd</html:code> daemon is configured
to use the <html:code xmlns:html="http://www.w3.org/1999/xhtml">augenrules</html:code> program to read audit rules during daemon
startup (the default), add the following line to a file with suffix
<html:code xmlns:html="http://www.w3.org/1999/xhtml">.rules</html:code> in the directory <html:code xmlns:html="http://www.w3.org/1999/xhtml">/etc/audit/rules.d</html:code>:
<html:pre xmlns:html="http://www.w3.org/1999/xhtml">-a always,exit -F arch=b32 -S fsetxattr -F auid&gt;=1000 -F auid!=unset -F key=perm_mod</html:pre>
If the system is 64 bit then also add the following line:
<html:pre xmlns:html="http://www.w3.org/1999/xhtml">-a always,exit -F arch=b64 -S fsetxattr -F auid&gt;=1000 -F auid!=unset -F key=perm_mod</html:pre>
If the <html:code xmlns:html="http://www.w3.org/1999/xhtml">auditd</html:code> daemon is configured to use the <html:code xmlns:html="http://www.w3.org/1999/xhtml">auditctl</html:code>
utility to read audit rules during daemon startup, add the following line to
<html:code xmlns:html="http://www.w3.org/1999/xhtml">/etc/audit/audit.rules</html:code> file:
<html:pre xmlns:html="http://www.w3.org/1999/xhtml">-a always,exit -F arch=b32 -S fsetxattr -F auid&gt;=1000 -F auid!=unset -F key=perm_mod</html:pre>
If the system is 64 bit then also add the following line:
<html:pre xmlns:html="http://www.w3.org/1999/xhtml">-a always,exit -F arch=b64 -S fsetxattr -F auid&gt;=1000 -F auid!=unset -F key=perm_mod</html:pre>
       </description>
          <warning xmlns:xhtml="http://www.w3.org/1999/xhtml" xml:lang="en-US" category="general">Note that these rules can be configured in a
number of ways while still achieving the desired effect. Here the system calls
have been placed independent of other system calls. Grouping these system
calls with others as identifying earlier in this guide is more efficient.</warning>
          <reference href="https://www.cisecurity.org/controls/">1</reference>
          <reference href="https://www.cisecurity.org/controls/">11</reference>
          <reference href="https://www.cisecurity.org/controls/">12</reference>
          <reference href="https://www.cisecurity.org/controls/">13</reference>
          <reference href="https://www.cisecurity.org/controls/">14</reference>
          <reference href="https://www.cisecurity.org/controls/">15</reference>
          <reference href="https://www.cisecurity.org/controls/">16</reference>
          <reference href="https://www.cisecurity.org/controls/">19</reference>
          <reference href="https://www.cisecurity.org/controls/">2</reference>
          <reference href="https://www.cisecurity.org/controls/">3</reference>
          <reference href="https://www.cisecurity.org/controls/">4</reference>
          <reference href="https://www.cisecurity.org/controls/">5</reference>
          <reference href="https://www.cisecurity.org/controls/">6</reference>
          <reference href="https://www.cisecurity.org/controls/">7</reference>
          <reference href="https://www.cisecurity.org/controls/">8</reference>
          <reference href="https://www.cisecurity.org/controls/">9</reference>
          <reference href="https://www.fbi.gov/file-repository/cjis-security-policy-v5_5_20160601-2-1.pdf">5.4.1.1</reference>
          <reference href="https://www.isaca.org/resources/cobit">APO10.01</reference>
          <reference href="https://www.isaca.org/resources/cobit">APO10.03</reference>
          <reference href="https://www.isaca.org/resources/cobit">APO10.04</reference>
          <reference href="https://www.isaca.org/resources/cobit">APO10.05</reference>
          <reference href="https://www.isaca.org/resources/cobit">APO11.04</reference>
          <reference href="https://www.isaca.org/resources/cobit">APO12.06</reference>
          <reference href="https://www.isaca.org/resources/cobit">APO13.01</reference>
          <reference href="https://www.isaca.org/resources/cobit">BAI03.05</reference>
          <reference href="https://www.isaca.org/resources/cobit">BAI08.02</reference>
          <reference href="https://www.isaca.org/resources/cobit">DSS01.03</reference>
          <reference href="https://www.isaca.org/resources/cobit">DSS01.04</reference>
          <reference href="https://www.isaca.org/resources/cobit">DSS02.02</reference>
          <reference href="https://www.isaca.org/resources/cobit">DSS02.04</reference>
          <reference href="https://www.isaca.org/resources/cobit">DSS02.07</reference>
          <reference href="https://www.isaca.org/resources/cobit">DSS03.01</reference>
          <reference href="https://www.isaca.org/resources/cobit">DSS03.05</reference>
          <reference href="https://www.isaca.org/resources/cobit">DSS05.02</reference>
          <reference href="https://www.isaca.org/resources/cobit">DSS05.03</reference>
          <reference href="https://www.isaca.org/resources/cobit">DSS05.04</reference>
          <reference href="https://www.isaca.org/resources/cobit">DSS05.05</reference>
          <reference href="https://www.isaca.org/resources/cobit">DSS05.07</reference>
          <reference href="https://www.isaca.org/resources/cobit">MEA01.01</reference>
          <reference href="https://www.isaca.org/resources/cobit">MEA01.02</reference>
          <reference href="https://www.isaca.org/resources/cobit">MEA01.03</reference>
          <reference href="https://www.isaca.org/resources/cobit">MEA01.04</reference>
          <reference href="https://www.isaca.org/resources/cobit">MEA01.05</reference>
          <reference href="https://www.isaca.org/resources/cobit">MEA02.01</reference>
          <reference href="http://nvlpubs.nist.gov/nistpubs/SpecialPublications/NIST.SP.800-171.pdf">3.1.7</reference>
          <reference href="https://www.gpo.gov/fdsys/pkg/CFR-2007-title45-vol1/pdf/CFR-2007-title45-vol1-chapA-subchapC.pdf">164.308(a)(1)(ii)(D)</reference>
          <reference href="https://www.gpo.gov/fdsys/pkg/CFR-2007-title45-vol1/pdf/CFR-2007-title45-vol1-chapA-subchapC.pdf">164.308(a)(3)(ii)(A)</reference>
          <reference href="https://www.gpo.gov/fdsys/pkg/CFR-2007-title45-vol1/pdf/CFR-2007-title45-vol1-chapA-subchapC.pdf">164.308(a)(5)(ii)(C)</reference>
          <reference href="https://www.gpo.gov/fdsys/pkg/CFR-2007-title45-vol1/pdf/CFR-2007-title45-vol1-chapA-subchapC.pdf">164.312(a)(2)(i)</reference>
          <reference href="https://www.gpo.gov/fdsys/pkg/CFR-2007-title45-vol1/pdf/CFR-2007-title45-vol1-chapA-subchapC.pdf">164.312(b)</reference>
          <reference href="https://www.gpo.gov/fdsys/pkg/CFR-2007-title45-vol1/pdf/CFR-2007-title45-vol1-chapA-subchapC.pdf">164.312(d)</reference>
          <reference href="https://www.gpo.gov/fdsys/pkg/CFR-2007-title45-vol1/pdf/CFR-2007-title45-vol1-chapA-subchapC.pdf">164.312(e)</reference>
          <reference href="https://www.isa.org/products/isa-62443-2-1-2009-security-for-industrial-automat">4.2.3.10</reference>
          <reference href="https://www.isa.org/products/isa-62443-2-1-2009-security-for-industrial-automat">4.3.2.6.7</reference>
          <reference href="https://www.isa.org/products/isa-62443-2-1-2009-security-for-industrial-automat">4.3.3.3.9</reference>
          <reference href="https://www.isa.org/products/isa-62443-2-1-2009-security-for-industrial-automat">4.3.3.5.8</reference>
          <reference href="https://www.isa.org/products/isa-62443-2-1-2009-security-for-industrial-automat">4.3.3.6.6</reference>
          <reference href="https://www.isa.org/products/isa-62443-2-1-2009-security-for-industrial-automat">4.3.4.4.7</reference>
          <reference href="https://www.isa.org/products/isa-62443-2-1-2009-security-for-industrial-automat">4.3.4.5.6</reference>
          <reference href="https://www.isa.org/products/isa-62443-2-1-2009-security-for-industrial-automat">4.3.4.5.7</reference>
          <reference href="https://www.isa.org/products/isa-62443-2-1-2009-security-for-industrial-automat">4.3.4.5.8</reference>
          <reference href="https://www.isa.org/products/isa-62443-2-1-2009-security-for-industrial-automat">4.4.2.1</reference>
          <reference href="https://www.isa.org/products/isa-62443-2-1-2009-security-for-industrial-automat">4.4.2.2</reference>
          <reference href="https://www.isa.org/products/isa-62443-2-1-2009-security-for-industrial-automat">4.4.2.4</reference>
          <reference href="https://www.isa.org/products/ansi-isa-62443-3-3-99-03-03-2013-security-for-indu">SR 1.13</reference>
          <reference href="https://www.isa.org/products/ansi-isa-62443-3-3-99-03-03-2013-security-for-indu">SR 2.10</reference>
          <reference href="https://www.isa.org/products/ansi-isa-62443-3-3-99-03-03-2013-security-for-indu">SR 2.11</reference>
          <reference href="https://www.isa.org/products/ansi-isa-62443-3-3-99-03-03-2013-security-for-indu">SR 2.12</reference>
          <reference href="https://www.isa.org/products/ansi-isa-62443-3-3-99-03-03-2013-security-for-indu">SR 2.6</reference>
          <reference href="https://www.isa.org/products/ansi-isa-62443-3-3-99-03-03-2013-security-for-indu">SR 2.8</reference>
          <reference href="https://www.isa.org/products/ansi-isa-62443-3-3-99-03-03-2013-security-for-indu">SR 2.9</reference>
          <reference href="https://www.isa.org/products/ansi-isa-62443-3-3-99-03-03-2013-security-for-indu">SR 3.1</reference>
          <reference href="https://www.isa.org/products/ansi-isa-62443-3-3-99-03-03-2013-security-for-indu">SR 3.5</reference>
          <reference href="https://www.isa.org/products/ansi-isa-62443-3-3-99-03-03-2013-security-for-indu">SR 3.8</reference>
          <reference href="https://www.isa.org/products/ansi-isa-62443-3-3-99-03-03-2013-security-for-indu">SR 4.1</reference>
          <reference href="https://www.isa.org/products/ansi-isa-62443-3-3-99-03-03-2013-security-for-indu">SR 4.3</reference>
          <reference href="https://www.isa.org/products/ansi-isa-62443-3-3-99-03-03-2013-security-for-indu">SR 5.1</reference>
          <reference href="https://www.isa.org/products/ansi-isa-62443-3-3-99-03-03-2013-security-for-indu">SR 5.2</reference>
          <reference href="https://www.isa.org/products/ansi-isa-62443-3-3-99-03-03-2013-security-for-indu">SR 5.3</reference>
          <reference href="https://www.isa.org/products/ansi-isa-62443-3-3-99-03-03-2013-security-for-indu">SR 6.1</reference>
          <reference href="https://www.isa.org/products/ansi-isa-62443-3-3-99-03-03-2013-security-for-indu">SR 6.2</reference>
          <reference href="https://www.isa.org/products/ansi-isa-62443-3-3-99-03-03-2013-security-for-indu">SR 7.1</reference>
          <reference href="https://www.isa.org/products/ansi-isa-62443-3-3-99-03-03-2013-security-for-indu">SR 7.6</reference>
          <reference href="https://www.iso.org/contents/data/standard/05/45/54534.html">A.11.2.6</reference>
          <reference href="https://www.iso.org/contents/data/standard/05/45/54534.html">A.12.4.1</reference>
          <reference href="https://www.iso.org/contents/data/standard/05/45/54534.html">A.12.4.2</reference>
          <reference href="https://www.iso.org/contents/data/standard/05/45/54534.html">A.12.4.3</reference>
          <reference href="https://www.iso.org/contents/data/standard/05/45/54534.html">A.12.4.4</reference>
          <reference href="https://www.iso.org/contents/data/standard/05/45/54534.html">A.12.7.1</reference>
          <reference href="https://www.iso.org/contents/data/standard/05/45/54534.html">A.13.1.1</reference>
          <reference href="https://www.iso.org/contents/data/standard/05/45/54534.html">A.13.2.1</reference>
          <reference href="https://www.iso.org/contents/data/standard/05/45/54534.html">A.14.1.3</reference>
          <reference href="https://www.iso.org/contents/data/standard/05/45/54534.html">A.14.2.7</reference>
          <reference href="https://www.iso.org/contents/data/standard/05/45/54534.html">A.15.2.1</reference>
          <reference href="https://www.iso.org/contents/data/standard/05/45/54534.html">A.15.2.2</reference>
          <reference href="https://www.iso.org/contents/data/standard/05/45/54534.html">A.16.1.4</reference>
          <reference href="https://www.iso.org/contents/data/standard/05/45/54534.html">A.16.1.5</reference>
          <reference href="https://www.iso.org/contents/data/standard/05/45/54534.html">A.16.1.7</reference>
          <reference href="https://www.iso.org/contents/data/standard/05/45/54534.html">A.6.2.1</reference>
          <reference href="https://www.iso.org/contents/data/standard/05/45/54534.html">A.6.2.2</reference>
          <reference href="http://nvlpubs.nist.gov/nistpubs/SpecialPublications/NIST.SP.800-53r4.pdf">AU-12(a)</reference>
          <reference href="http://nvlpubs.nist.gov/nistpubs/SpecialPublications/NIST.SP.800-53r4.pdf">AU-12.1(ii)</reference>
          <reference href="http://nvlpubs.nist.gov/nistpubs/SpecialPublications/NIST.SP.800-53r4.pdf">AU-12(c)</reference>
          <reference href="http://nvlpubs.nist.gov/nistpubs/SpecialPublications/NIST.SP.800-53r4.pdf">AU-12.1(iv)</reference>
          <reference href="http://nvlpubs.nist.gov/nistpubs/SpecialPublications/NIST.SP.800-53r4.pdf">AU-3</reference>
          <reference href="http://nvlpubs.nist.gov/nistpubs/SpecialPublications/NIST.SP.800-53r4.pdf">AU-3.1</reference>
          <reference href="http://nvlpubs.nist.gov/nistpubs/SpecialPublications/NIST.SP.800-53r4.pdf">MA-4(1)(a)</reference>
          <reference href="https://nvlpubs.nist.gov/nistpubs/CSWP/NIST.CSWP.04162018.pdf">DE.AE-3</reference>
          <reference href="https://nvlpubs.nist.gov/nistpubs/CSWP/NIST.CSWP.04162018.pdf">DE.AE-5</reference>
          <reference href="https://nvlpubs.nist.gov/nistpubs/CSWP/NIST.CSWP.04162018.pdf">DE.CM-1</reference>
          <reference href="https://nvlpubs.nist.gov/nistpubs/CSWP/NIST.CSWP.04162018.pdf">DE.CM-3</reference>
          <reference href="https://nvlpubs.nist.gov/nistpubs/CSWP/NIST.CSWP.04162018.pdf">DE.CM-7</reference>
          <reference href="https://nvlpubs.nist.gov/nistpubs/CSWP/NIST.CSWP.04162018.pdf">ID.SC-4</reference>
          <reference href="https://nvlpubs.nist.gov/nistpubs/CSWP/NIST.CSWP.04162018.pdf">PR.AC-3</reference>
          <reference href="https://nvlpubs.nist.gov/nistpubs/CSWP/NIST.CSWP.04162018.pdf">PR.PT-1</reference>
          <reference href="https://nvlpubs.nist.gov/nistpubs/CSWP/NIST.CSWP.04162018.pdf">PR.PT-4</reference>
          <reference href="https://nvlpubs.nist.gov/nistpubs/CSWP/NIST.CSWP.04162018.pdf">RS.AN-1</reference>
          <reference href="https://nvlpubs.nist.gov/nistpubs/CSWP/NIST.CSWP.04162018.pdf">RS.AN-4</reference>
          <reference href="https://www.pcisecuritystandards.org/documents/PCI_DSS_v3-2-1.pdf">Req-10.5.5</reference>
          <reference href="https://www.cyber.mil/stigs/downloads/?_dl_facet_stigs=operating-systems%2Cgeneral-purpose-os">SRG-OS-000037-GPOS-00015</reference>
          <reference href="https://www.cyber.mil/stigs/downloads/?_dl_facet_stigs=operating-systems%2Cgeneral-purpose-os">SRG-OS-000042-GPOS-00020</reference>
          <reference href="https://www.cyber.mil/stigs/downloads/?_dl_facet_stigs=operating-systems%2Cgeneral-purpose-os">SRG-OS-000062-GPOS-00031</reference>
          <reference href="https://www.cyber.mil/stigs/downloads/?_dl_facet_stigs=operating-systems%2Cgeneral-purpose-os">SRG-OS-000392-GPOS-00172</reference>
          <reference href="https://www.cyber.mil/stigs/downloads/?_dl_facet_stigs=operating-systems%2Cgeneral-purpose-os">SRG-OS-000458-GPOS-00203</reference>
          <reference href="https://www.cyber.mil/stigs/downloads/?_dl_facet_stigs=operating-systems%2Cgeneral-purpose-os">SRG-OS-000462-GPOS-00206</reference>
          <reference href="https://www.cyber.mil/stigs/downloads/?_dl_facet_stigs=operating-systems%2Cgeneral-purpose-os">SRG-OS-000463-GPOS-00207</reference>
          <reference href="https://www.cyber.mil/stigs/downloads/?_dl_facet_stigs=operating-systems%2Cgeneral-purpose-os">SRG-OS-000466-GPOS-00210</reference>
          <reference href="https://www.cyber.mil/stigs/downloads/?_dl_facet_stigs=operating-systems%2Cgeneral-purpose-os">SRG-OS-000468-GPOS-00212</reference>
          <reference href="https://www.cyber.mil/stigs/downloads/?_dl_facet_stigs=operating-systems%2Cgeneral-purpose-os">SRG-OS-000471-GPOS-00215</reference>
          <reference href="https://www.cyber.mil/stigs/downloads/?_dl_facet_stigs=operating-systems%2Cgeneral-purpose-os">SRG-OS-000474-GPOS-00219</reference>
          <reference href="https://www.cyber.mil/stigs/downloads/?_dl_facet_stigs=operating-systems%2Cgeneral-purpose-os">SRG-OS-000064-GPOS-00033</reference>
          <reference href="https://www.cyber.mil/stigs/downloads/?_dl_facet_stigs=app-security">SRG-APP-000091-CTR-000160</reference>
          <reference href="https://www.cyber.mil/stigs/downloads/?_dl_facet_stigs=app-security">SRG-APP-000492-CTR-001220</reference>
          <reference href="https://www.cyber.mil/stigs/downloads/?_dl_facet_stigs=app-security">SRG-APP-000493-CTR-001225</reference>
          <reference href="https://www.cyber.mil/stigs/downloads/?_dl_facet_stigs=app-security">SRG-APP-000494-CTR-001230</reference>
          <reference href="https://www.cyber.mil/stigs/downloads/?_dl_facet_stigs=app-security">SRG-APP-000500-CTR-001260</reference>
          <reference href="https://www.cyber.mil/stigs/downloads/?_dl_facet_stigs=app-security">SRG-APP-000507-CTR-001295</reference>
          <reference href="https://www.cyber.mil/stigs/downloads/?_dl_facet_stigs=app-security">SRG-APP-000495-CTR-001235</reference>
          <reference href="https://www.cyber.mil/stigs/downloads/?_dl_facet_stigs=app-security">SRG-APP-000496-CTR-001240</reference>
          <reference href="https://www.cyber.mil/stigs/downloads/?_dl_facet_stigs=app-security">SRG-APP-000497-CTR-001245</reference>
          <reference href="https://www.cyber.mil/stigs/downloads/?_dl_facet_stigs=app-security">SRG-APP-000498-CTR-001250</reference>
          <reference href="https://www.cyber.mil/stigs/downloads/?_dl_facet_stigs=app-security">SRG-APP-000501-CTR-001265</reference>
          <reference href="https://www.cyber.mil/stigs/downloads/?_dl_facet_stigs=app-security">SRG-APP-000502-CTR-001270</reference>
          <reference href="https://www.cyber.mil/stigs/downloads/?_dl_facet_stigs=operating-systems%2Cunix-linux">SLES-15-030190</reference>
          <reference href="https://www.cisecurity.org/benchmark/suse_linux/">4.1.9</reference>
          <reference href="https://cyber.gouv.fr/sites/default/files/document/linux_configuration-en-v2.pdf">R73</reference>
          <reference href="not_publicly_available">SLES-15-750450255</reference>
          <reference href="https://docs-prv.pcisecuritystandards.org/PCI%20DSS/Standard/PCI-DSS-v4_0.pdf">10.3.4</reference>
          <reference href="https://docs-prv.pcisecuritystandards.org/PCI%20DSS/Standard/PCI-DSS-v4_0.pdf">10.3</reference>
          <reference href="https://www.cyber.mil/stigs/srg-stig-tools/">SV-234918r958412_rule</reference>
          <rationale xmlns:xhtml="http://www.w3.org/1999/xhtml" xml:lang="en-US">The changing of file permissions could indicate that a user is attempting to
gain access to information that would otherwise be disallowed. Auditing DAC modifications
can facilitate the identification of patterns of abuse among both authorized and
unauthorized users.</rationale>
          <ident system="https://ncp.nist.gov/cce">CCE-85688-0</ident>
          <fix xmlns:xhtml="http://www.w3.org/1999/xhtml" id="audit_rules_dac_modification_fsetxattr" system="urn:xccdf:fix:script:sh"># Remediation is applicable only in certain platforms
if rpm --quiet -q audit &amp;&amp; rpm --quiet -q kernel-default || rpm --quiet -q kernel-default-base; then

# First perform the remediation of the syscall rule
# Retrieve hardware architecture of the underlying system
[ "$(getconf LONG_BIT)" = "32" ] &amp;&amp; RULE_ARCHS=("b32") || RULE_ARCHS=("b32" "b64")

for ARCH in "${RULE_ARCHS[@]}"
do
	ACTION_ARCH_FILTERS="-a always,exit -F arch=$ARCH"
	OTHER_FILTERS=""
	AUID_FILTERS="-F auid&gt;=1000 -F auid!=unset"
	SYSCALL="fsetxattr"
	KEY="perm_mod"
	SYSCALL_GROUPING="fremovexattr lremovexattr removexattr fsetxattr lsetxattr setxattr"

	# Perform the remediation for both possible tools: 'auditctl' and 'augenrules'
	unset syscall_a
unset syscall_grouping
unset syscall_string
unset syscall
unset file_to_edit
unset rule_to_edit
unset rule_syscalls_to_edit
unset other_string
unset auid_string
unset full_rule

# Load macro arguments into arrays
read -a syscall_a &lt;&lt;&lt; $SYSCALL
read -a syscall_grouping &lt;&lt;&lt; $SYSCALL_GROUPING

# Create a list of audit *.rules files that should be inspected for presence and correctness
# of a particular audit rule. The scheme is as follows:
#
# -----------------------------------------------------------------------------------------
#  Tool used to load audit rules | Rule already defined  |  Audit rules file to inspect    |
# -----------------------------------------------------------------------------------------
#        auditctl                |     Doesn't matter    |  /etc/audit/audit.rules         |
# -----------------------------------------------------------------------------------------
#        augenrules              |          Yes          |  /etc/audit/rules.d/*.rules     |
#        augenrules              |          No           |  /etc/audit/rules.d/$key.rules  |
# -----------------------------------------------------------------------------------------
#
files_to_inspect=()

# If audit tool is 'augenrules', then check if the audit rule is defined
# If rule is defined, add '/etc/audit/rules.d/*.rules' to the list for inspection
# If rule isn't defined yet, add '/etc/audit/rules.d/$key.rules' to the list for inspection
default_file="/etc/audit/rules.d/$KEY.rules"
# As other_filters may include paths, lets use a different delimiter for it
# The "F" script expression tells sed to print the filenames where the expressions matched
readarray -t files_to_inspect &lt; &lt;(sed -s -n -e "/^$ACTION_ARCH_FILTERS/!d" -e "\#$OTHER_FILTERS#!d" -e "/$AUID_FILTERS/!d" -e "F" /etc/audit/rules.d/*.rules)
# Case when particular rule isn't defined in /etc/audit/rules.d/*.rules yet
if [ ${#files_to_inspect[@]} -eq "0" ]
then
    file_to_inspect="/etc/audit/rules.d/$KEY.rules"
    files_to_inspect=("$file_to_inspect")
    if [ ! -e "$file_to_inspect" ]
    then
        touch "$file_to_inspect"
        chmod 0600 "$file_to_inspect"
    fi
fi

# After converting to jinja, we cannot return; therefore we skip the rest of the macro if needed instead
skip=1

for audit_file in "${files_to_inspect[@]}"
do
    # Filter existing $audit_file rules' definitions to select those that satisfy the rule pattern,
    # i.e, collect rules that match:
    # * the action, list and arch, (2-nd argument)
    # * the other filters, (3-rd argument)
    # * the auid filters, (4-rd argument)
    readarray -t similar_rules &lt; &lt;(sed -e "/^$ACTION_ARCH_FILTERS/!d"  -e "\#$OTHER_FILTERS#!d" -e "/$AUID_FILTERS/!d" "$audit_file")

    candidate_rules=()
    # Filter out rules that have more fields then required. This will remove rules more specific than the required scope
    for s_rule in "${similar_rules[@]}"
    do
        # Strip all the options and fields we know of,
        # than check if there was any field left over
        extra_fields=$(sed -E -e "s/^$ACTION_ARCH_FILTERS//"  -e "s#$OTHER_FILTERS##" -e "s/$AUID_FILTERS//" -e "s/((:?-S [[:alnum:],]+)+)//g" -e "s/-F key=\w+|-k \w+//"&lt;&lt;&lt; "$s_rule")
        grep -q -- "-F" &lt;&lt;&lt; "$extra_fields" || candidate_rules+=("$s_rule")
    done

    if [[ ${#syscall_a[@]} -ge 1 ]]
    then
        # Check if the syscall we want is present in any of the similar existing rules
        for rule in "${candidate_rules[@]}"
        do
            rule_syscalls=$(echo "$rule" | grep -o -P '(-S [\w,]+)+' | xargs)
            all_syscalls_found=0
            for syscall in "${syscall_a[@]}"
            do
                grep -q -- "\b${syscall}\b" &lt;&lt;&lt; "$rule_syscalls" || {
                   # A syscall was not found in the candidate rule
                   all_syscalls_found=1
                   }
            done
            if [[ $all_syscalls_found -eq 0 ]]
            then
                # We found a rule with all the syscall(s) we want; skip rest of macro
                skip=0
                break
            fi

            # Check if this rule can be grouped with our target syscall and keep track of it
            for syscall_g in "${syscall_grouping[@]}"
            do
                if grep -q -- "\b${syscall_g}\b" &lt;&lt;&lt; "$rule_syscalls"
                then
                    file_to_edit=${audit_file}
                    rule_to_edit=${rule}
                    rule_syscalls_to_edit=${rule_syscalls}
                fi
            done
        done
    else
        # If there is any candidate rule, it is compliant; skip rest of macro
        if [ "${#candidate_rules[@]}" -gt 0 ]
        then
            skip=0
        fi
    fi

    if [ "$skip" -eq 0 ]; then
        break
    fi
done

if [ "$skip" -ne 0 ]; then
    # We checked all rules that matched the expected resemblance pattern (action, arch &amp; auid)
    # At this point we know if we need to either append the $full_rule or group
    # the syscall together with an exsiting rule

    # Append the full_rule if it cannot be grouped to any other rule
    if [ -z ${rule_to_edit+x} ]
    then
        # Build full_rule while avoid adding double spaces when other_filters is empty
        if [ "${#syscall_a[@]}" -gt 0 ]
        then
            syscall_string=""
            for syscall in "${syscall_a[@]}"
            do
                syscall_string+=" -S $syscall"
            done
        fi
        other_string=$([[ $OTHER_FILTERS ]] &amp;&amp; echo " $OTHER_FILTERS") || /bin/true
        auid_string=$([[ $AUID_FILTERS ]] &amp;&amp; echo " $AUID_FILTERS") || /bin/true
        full_rule="$ACTION_ARCH_FILTERS${syscall_string}${other_string}${auid_string} -F key=$KEY" || /bin/true
        echo "$full_rule" &gt;&gt; "$default_file"
        chmod 0600 ${default_file}
    else
        # Check if the syscalls are declared as a comma separated list or
        # as multiple -S parameters
        if grep -q -- "," &lt;&lt;&lt; "${rule_syscalls_to_edit}"
        then
            delimiter=","
        else
            delimiter=" -S "
        fi
        new_grouped_syscalls="${rule_syscalls_to_edit}"
        for syscall in "${syscall_a[@]}"
        do
            grep -q -- "\b${syscall}\b" &lt;&lt;&lt; "${rule_syscalls_to_edit}" || {
               # A syscall was not found in the candidate rule
               new_grouped_syscalls+="${delimiter}${syscall}"
               }
        done

        # Group the syscall in the rule
        sed -i -e "\#${rule_to_edit}#s#${rule_syscalls_to_edit}#${new_grouped_syscalls}#" "$file_to_edit"
    fi
fi
	unset syscall_a
unset syscall_grouping
unset syscall_string
unset syscall
unset file_to_edit
unset rule_to_edit
unset rule_syscalls_to_edit
unset other_string
unset auid_string
unset full_rule

# Load macro arguments into arrays
read -a syscall_a &lt;&lt;&lt; $SYSCALL
read -a syscall_grouping &lt;&lt;&lt; $SYSCALL_GROUPING

# Create a list of audit *.rules files that should be inspected for presence and correctness
# of a particular audit rule. The scheme is as follows:
#
# -----------------------------------------------------------------------------------------
#  Tool used to load audit rules | Rule already defined  |  Audit rules file to inspect    |
# -----------------------------------------------------------------------------------------
#        auditctl                |     Doesn't matter    |  /etc/audit/audit.rules         |
# -----------------------------------------------------------------------------------------
#        augenrules              |          Yes          |  /etc/audit/rules.d/*.rules     |
#        augenrules              |          No           |  /etc/audit/rules.d/$key.rules  |
# -----------------------------------------------------------------------------------------
#
files_to_inspect=()


# If audit tool is 'auditctl', then add '/etc/audit/audit.rules'
# file to the list of files to be inspected
default_file="/etc/audit/audit.rules"
files_to_inspect+=('/etc/audit/audit.rules' )

# After converting to jinja, we cannot return; therefore we skip the rest of the macro if needed instead
skip=1

for audit_file in "${files_to_inspect[@]}"
do
    # Filter existing $audit_file rules' definitions to select those that satisfy the rule pattern,
    # i.e, collect rules that match:
    # * the action, list and arch, (2-nd argument)
    # * the other filters, (3-rd argument)
    # * the auid filters, (4-rd argument)
    readarray -t similar_rules &lt; &lt;(sed -e "/^$ACTION_ARCH_FILTERS/!d"  -e "\#$OTHER_FILTERS#!d" -e "/$AUID_FILTERS/!d" "$audit_file")

    candidate_rules=()
    # Filter out rules that have more fields then required. This will remove rules more specific than the required scope
    for s_rule in "${similar_rules[@]}"
    do
        # Strip all the options and fields we know of,
        # than check if there was any field left over
        extra_fields=$(sed -E -e "s/^$ACTION_ARCH_FILTERS//"  -e "s#$OTHER_FILTERS##" -e "s/$AUID_FILTERS//" -e "s/((:?-S [[:alnum:],]+)+)//g" -e "s/-F key=\w+|-k \w+//"&lt;&lt;&lt; "$s_rule")
        grep -q -- "-F" &lt;&lt;&lt; "$extra_fields" || candidate_rules+=("$s_rule")
    done

    if [[ ${#syscall_a[@]} -ge 1 ]]
    then
        # Check if the syscall we want is present in any of the similar existing rules
        for rule in "${candidate_rules[@]}"
        do
            rule_syscalls=$(echo "$rule" | grep -o -P '(-S [\w,]+)+' | xargs)
            all_syscalls_found=0
            for syscall in "${syscall_a[@]}"
            do
                grep -q -- "\b${syscall}\b" &lt;&lt;&lt; "$rule_syscalls" || {
                   # A syscall was not found in the candidate rule
                   all_syscalls_found=1
                   }
            done
            if [[ $all_syscalls_found -eq 0 ]]
            then
                # We found a rule with all the syscall(s) we want; skip rest of macro
                skip=0
                break
            fi

            # Check if this rule can be grouped with our target syscall and keep track of it
            for syscall_g in "${syscall_grouping[@]}"
            do
                if grep -q -- "\b${syscall_g}\b" &lt;&lt;&lt; "$rule_syscalls"
                then
                    file_to_edit=${audit_file}
                    rule_to_edit=${rule}
                    rule_syscalls_to_edit=${rule_syscalls}
                fi
            done
        done
    else
        # If there is any candidate rule, it is compliant; skip rest of macro
        if [ "${#candidate_rules[@]}" -gt 0 ]
        then
            skip=0
        fi
    fi

    if [ "$skip" -eq 0 ]; then
        break
    fi
done

if [ "$skip" -ne 0 ]; then
    # We checked all rules that matched the expected resemblance pattern (action, arch &amp; auid)
    # At this point we know if we need to either append the $full_rule or group
    # the syscall together with an exsiting rule

    # Append the full_rule if it cannot be grouped to any other rule
    if [ -z ${rule_to_edit+x} ]
    then
        # Build full_rule while avoid adding double spaces when other_filters is empty
        if [ "${#syscall_a[@]}" -gt 0 ]
        then
            syscall_string=""
            for syscall in "${syscall_a[@]}"
            do
                syscall_string+=" -S $syscall"
            done
        fi
        other_string=$([[ $OTHER_FILTERS ]] &amp;&amp; echo " $OTHER_FILTERS") || /bin/true
        auid_string=$([[ $AUID_FILTERS ]] &amp;&amp; echo " $AUID_FILTERS") || /bin/true
        full_rule="$ACTION_ARCH_FILTERS${syscall_string}${other_string}${auid_string} -F key=$KEY" || /bin/true
        echo "$full_rule" &gt;&gt; "$default_file"
        chmod 0600 ${default_file}
    else
        # Check if the syscalls are declared as a comma separated list or
        # as multiple -S parameters
        if grep -q -- "," &lt;&lt;&lt; "${rule_syscalls_to_edit}"
        then
            delimiter=","
        else
            delimiter=" -S "
        fi
        new_grouped_syscalls="${rule_syscalls_to_edit}"
        for syscall in "${syscall_a[@]}"
        do
            grep -q -- "\b${syscall}\b" &lt;&lt;&lt; "${rule_syscalls_to_edit}" || {
               # A syscall was not found in the candidate rule
               new_grouped_syscalls+="${delimiter}${syscall}"
               }
        done

        # Group the syscall in the rule
        sed -i -e "\#${rule_to_edit}#s#${rule_syscalls_to_edit}#${new_grouped_syscalls}#" "$file_to_edit"
    fi
fi
done

else
    &gt;&amp;2 echo 'Remediation is not applicable, nothing was done'
fi
</fix>
          <fix xmlns:xhtml="http://www.w3.org/1999/xhtml" id="audit_rules_dac_modification_fsetxattr" system="urn:xccdf:fix:script:ansible" reboot="true" complexity="low" disruption="low" strategy="restrict">- name: Gather the package facts
  package_facts:
    manager: auto
  tags:
  - CCE-85688-0
  - CJIS-5.4.1.1
  - DISA-STIG-SLES-15-030190
  - NIST-800-171-3.1.7
  - NIST-800-53-AU-12(a)
  - NIST-800-53-AU-12(c)
  - NIST-800-53-AU-12.1(ii)
  - NIST-800-53-AU-12.1(iv)
  - NIST-800-53-AU-3
  - NIST-800-53-AU-3.1
  - NIST-800-53-MA-4(1)(a)
  - PCI-DSS-Req-10.5.5
  - PCI-DSSv4-10.3
  - PCI-DSSv4-10.3.4
  - audit_rules_dac_modification_fsetxattr
  - low_complexity
  - low_disruption
  - medium_severity
  - reboot_required
  - restrict_strategy

- name: Set architecture for audit fsetxattr tasks
  ansible.builtin.set_fact:
    audit_arch: b64
  when:
  - '"audit" in ansible_facts.packages'
  - ("kernel-default" in ansible_facts.packages or "kernel-default-base" in ansible_facts.packages)
  - ansible_architecture == "aarch64" or ansible_architecture == "ppc64" or ansible_architecture
    == "ppc64le" or ansible_architecture == "s390x" or ansible_architecture == "x86_64"
  tags:
  - CCE-85688-0
  - CJIS-5.4.1.1
  - DISA-STIG-SLES-15-030190
  - NIST-800-171-3.1.7
  - NIST-800-53-AU-12(a)
  - NIST-800-53-AU-12(c)
  - NIST-800-53-AU-12.1(ii)
  - NIST-800-53-AU-12.1(iv)
  - NIST-800-53-AU-3
  - NIST-800-53-AU-3.1
  - NIST-800-53-MA-4(1)(a)
  - PCI-DSS-Req-10.5.5
  - PCI-DSSv4-10.3
  - PCI-DSSv4-10.3.4
  - audit_rules_dac_modification_fsetxattr
  - low_complexity
  - low_disruption
  - medium_severity
  - reboot_required
  - restrict_strategy

- name: Perform remediation of Audit rules for fsetxattr for 32bit platform
  block:

  - name: Declare list of syscalls
    ansible.builtin.set_fact:
      syscalls:
      - fsetxattr
      syscall_grouping:
      - fremovexattr
      - lremovexattr
      - removexattr
      - fsetxattr
      - lsetxattr
      - setxattr

  - name: Check existence of fsetxattr in /etc/audit/rules.d/
    ansible.builtin.find:
      paths: /etc/audit/rules.d
      contains: -a always,exit -F arch=b32(( -S |,)\w+)*(( -S |,){{ item }})+(( -S
        |,)\w+)* -F auid&gt;=1000 -F auid!=unset (-k\s+|-F\s+key=)\S+\s*$
      patterns: '*.rules'
    register: find_command
    loop: '{{ (syscall_grouping + syscalls) | unique }}'

  - name: Reset syscalls found per file
    ansible.builtin.set_fact:
      syscalls_per_file: {}
      found_paths_dict: {}

  - name: Declare syscalls found per file
    ansible.builtin.set_fact: syscalls_per_file="{{ syscalls_per_file | combine( {item.files[0].path
      :[item.item] + syscalls_per_file.get(item.files[0].path, []) } ) }}"
    loop: '{{ find_command.results | selectattr(''matched'') | list }}'

  - name: Declare files where syscalls were found
    ansible.builtin.set_fact: found_paths="{{ find_command.results | map(attribute='files')
      | flatten | map(attribute='path') | list }}"

  - name: Count occurrences of syscalls in paths
    ansible.builtin.set_fact: found_paths_dict="{{ found_paths_dict | combine({ item:1+found_paths_dict.get(item,
      0) }) }}"
    loop: '{{ find_command.results | map(attribute=''files'') | flatten | map(attribute=''path'')
      | list }}'

  - name: Get path with most syscalls
    ansible.builtin.set_fact: audit_file="{{ (found_paths_dict | dict2items() | sort(attribute='value')
      | last).key }}"
    when: found_paths | length &gt;= 1

  - name: No file with syscall found, set path to /etc/audit/rules.d/perm_mod.rules
    ansible.builtin.set_fact: audit_file="/etc/audit/rules.d/perm_mod.rules"
    when: found_paths | length == 0

  - name: Declare found syscalls
    ansible.builtin.set_fact: syscalls_found="{{ find_command.results | selectattr('matched')
      | map(attribute='item') | list }}"

  - name: Declare missing syscalls
    ansible.builtin.set_fact: missing_syscalls="{{ syscalls | difference(syscalls_found)
      }}"

  - name: Replace the audit rule in {{ audit_file }}
    ansible.builtin.lineinfile:
      path: '{{ audit_file }}'
      regexp: (-a always,exit -F arch=b32)(?=.*(?:(?:-S |,)(?:{{ syscalls_per_file[audit_file]
        | join("|") }}))\b)((?:( -S |,)\w+)+)( -F auid&gt;=1000 -F auid!=unset (?:-k
        |-F key=)\w+)
      line: \1\2\3{{ missing_syscalls | join("\3") }}\4
      backrefs: true
      state: present
      mode: g-rwx,o-rwx
    when: syscalls_found | length &gt; 0 and missing_syscalls | length &gt; 0

  - name: Add the audit rule to {{ audit_file }}
    ansible.builtin.lineinfile:
      path: '{{ audit_file }}'
      line: -a always,exit -F arch=b32 -S {{ syscalls | join(',') }} -F auid&gt;=1000
        -F auid!=unset -F key=perm_mod
      create: true
      mode: g-rwx,o-rwx
      state: present
    when: syscalls_found | length == 0

  - name: Declare list of syscalls
    ansible.builtin.set_fact:
      syscalls:
      - fsetxattr
      syscall_grouping:
      - fremovexattr
      - lremovexattr
      - removexattr
      - fsetxattr
      - lsetxattr
      - setxattr

  - name: Check existence of fsetxattr in /etc/audit/audit.rules
    ansible.builtin.find:
      paths: /etc/audit
      contains: -a always,exit -F arch=b32(( -S |,)\w+)*(( -S |,){{ item }})+(( -S
        |,)\w+)* -F auid&gt;=1000 -F auid!=unset (-k\s+|-F\s+key=)\S+\s*$
      patterns: audit.rules
    register: find_command
    loop: '{{ (syscall_grouping + syscalls) | unique }}'

  - name: Set path to /etc/audit/audit.rules
    ansible.builtin.set_fact: audit_file="/etc/audit/audit.rules"

  - name: Declare found syscalls
    ansible.builtin.set_fact: syscalls_found="{{ find_command.results | selectattr('matched')
      | map(attribute='item') | list }}"

  - name: Declare missing syscalls
    ansible.builtin.set_fact: missing_syscalls="{{ syscalls | difference(syscalls_found)
      }}"

  - name: Replace the audit rule in {{ audit_file }}
    ansible.builtin.lineinfile:
      path: '{{ audit_file }}'
      regexp: (-a always,exit -F arch=b32)(?=.*(?:(?:-S |,)(?:{{ syscalls_found |
        join("|") }}))\b)((?:( -S |,)\w+)+)( -F auid&gt;=1000 -F auid!=unset (?:-k |-F
        key=)\w+)
      line: \1\2\3{{ missing_syscalls | join("\3") }}\4
      backrefs: true
      state: present
      mode: g-rwx,o-rwx
    when: syscalls_found | length &gt; 0 and missing_syscalls | length &gt; 0

  - name: Add the audit rule to {{ audit_file }}
    ansible.builtin.lineinfile:
      path: '{{ audit_file }}'
      line: -a always,exit -F arch=b32 -S {{ syscalls | join(',') }} -F auid&gt;=1000
        -F auid!=unset -F key=perm_mod
      create: true
      mode: g-rwx,o-rwx
      state: present
    when: syscalls_found | length == 0
  when:
  - '"audit" in ansible_facts.packages'
  - ("kernel-default" in ansible_facts.packages or "kernel-default-base" in ansible_facts.packages)
  tags:
  - CCE-85688-0
  - CJIS-5.4.1.1
  - DISA-STIG-SLES-15-030190
  - NIST-800-171-3.1.7
  - NIST-800-53-AU-12(a)
  - NIST-800-53-AU-12(c)
  - NIST-800-53-AU-12.1(ii)
  - NIST-800-53-AU-12.1(iv)
  - NIST-800-53-AU-3
  - NIST-800-53-AU-3.1
  - NIST-800-53-MA-4(1)(a)
  - PCI-DSS-Req-10.5.5
  - PCI-DSSv4-10.3
  - PCI-DSSv4-10.3.4
  - audit_rules_dac_modification_fsetxattr
  - low_complexity
  - low_disruption
  - medium_severity
  - reboot_required
  - restrict_strategy

- name: Perform remediation of Audit rules for fsetxattr for 64bit platform
  block:

  - name: Declare list of syscalls
    ansible.builtin.set_fact:
      syscalls:
      - fsetxattr
      syscall_grouping:
      - fremovexattr
      - lremovexattr
      - removexattr
      - fsetxattr
      - lsetxattr
      - setxattr

  - name: Check existence of fsetxattr in /etc/audit/rules.d/
    ansible.builtin.find:
      paths: /etc/audit/rules.d
      contains: -a always,exit -F arch=b64(( -S |,)\w+)*(( -S |,){{ item }})+(( -S
        |,)\w+)* -F auid&gt;=1000 -F auid!=unset (-k\s+|-F\s+key=)\S+\s*$
      patterns: '*.rules'
    register: find_command
    loop: '{{ (syscall_grouping + syscalls) | unique }}'

  - name: Reset syscalls found per file
    ansible.builtin.set_fact:
      syscalls_per_file: {}
      found_paths_dict: {}

  - name: Declare syscalls found per file
    ansible.builtin.set_fact: syscalls_per_file="{{ syscalls_per_file | combine( {item.files[0].path
      :[item.item] + syscalls_per_file.get(item.files[0].path, []) } ) }}"
    loop: '{{ find_command.results | selectattr(''matched'') | list }}'

  - name: Declare files where syscalls were found
    ansible.builtin.set_fact: found_paths="{{ find_command.results | map(attribute='files')
      | flatten | map(attribute='path') | list }}"

  - name: Count occurrences of syscalls in paths
    ansible.builtin.set_fact: found_paths_dict="{{ found_paths_dict | combine({ item:1+found_paths_dict.get(item,
      0) }) }}"
    loop: '{{ find_command.results | map(attribute=''files'') | flatten | map(attribute=''path'')
      | list }}'

  - name: Get path with most syscalls
    ansible.builtin.set_fact: audit_file="{{ (found_paths_dict | dict2items() | sort(attribute='value')
      | last).key }}"
    when: found_paths | length &gt;= 1

  - name: No file with syscall found, set path to /etc/audit/rules.d/perm_mod.rules
    ansible.builtin.set_fact: audit_file="/etc/audit/rules.d/perm_mod.rules"
    when: found_paths | length == 0

  - name: Declare found syscalls
    ansible.builtin.set_fact: syscalls_found="{{ find_command.results | selectattr('matched')
      | map(attribute='item') | list }}"

  - name: Declare missing syscalls
    ansible.builtin.set_fact: missing_syscalls="{{ syscalls | difference(syscalls_found)
      }}"

  - name: Replace the audit rule in {{ audit_file }}
    ansible.builtin.lineinfile:
      path: '{{ audit_file }}'
      regexp: (-a always,exit -F arch=b64)(?=.*(?:(?:-S |,)(?:{{ syscalls_per_file[audit_file]
        | join("|") }}))\b)((?:( -S |,)\w+)+)( -F auid&gt;=1000 -F auid!=unset (?:-k
        |-F key=)\w+)
      line: \1\2\3{{ missing_syscalls | join("\3") }}\4
      backrefs: true
      state: present
      mode: g-rwx,o-rwx
    when: syscalls_found | length &gt; 0 and missing_syscalls | length &gt; 0

  - name: Add the audit rule to {{ audit_file }}
    ansible.builtin.lineinfile:
      path: '{{ audit_file }}'
      line: -a always,exit -F arch=b64 -S {{ syscalls | join(',') }} -F auid&gt;=1000
        -F auid!=unset -F key=perm_mod
      create: true
      mode: g-rwx,o-rwx
      state: present
    when: syscalls_found | length == 0

  - name: Declare list of syscalls
    ansible.builtin.set_fact:
      syscalls:
      - fsetxattr
      syscall_grouping:
      - fremovexattr
      - lremovexattr
      - removexattr
      - fsetxattr
      - lsetxattr
      - setxattr

  - name: Check existence of fsetxattr in /etc/audit/audit.rules
    ansible.builtin.find:
      paths: /etc/audit
      contains: -a always,exit -F arch=b64(( -S |,)\w+)*(( -S |,){{ item }})+(( -S
        |,)\w+)* -F auid&gt;=1000 -F auid!=unset (-k\s+|-F\s+key=)\S+\s*$
      patterns: audit.rules
    register: find_command
    loop: '{{ (syscall_grouping + syscalls) | unique }}'

  - name: Set path to /etc/audit/audit.rules
    ansible.builtin.set_fact: audit_file="/etc/audit/audit.rules"

  - name: Declare found syscalls
    ansible.builtin.set_fact: syscalls_found="{{ find_command.results | selectattr('matched')
      | map(attribute='item') | list }}"

  - name: Declare missing syscalls
    ansible.builtin.set_fact: missing_syscalls="{{ syscalls | difference(syscalls_found)
      }}"

  - name: Replace the audit rule in {{ audit_file }}
    ansible.builtin.lineinfile:
      path: '{{ audit_file }}'
      regexp: (-a always,exit -F arch=b64)(?=.*(?:(?:-S |,)(?:{{ syscalls_found |
        join("|") }}))\b)((?:( -S |,)\w+)+)( -F auid&gt;=1000 -F auid!=unset (?:-k |-F
        key=)\w+)
      line: \1\2\3{{ missing_syscalls | join("\3") }}\4
      backrefs: true
      state: present
      mode: g-rwx,o-rwx
    when: syscalls_found | length &gt; 0 and missing_syscalls | length &gt; 0

  - name: Add the audit rule to {{ audit_file }}
    ansible.builtin.lineinfile:
      path: '{{ audit_file }}'
      line: -a always,exit -F arch=b64 -S {{ syscalls | join(',') }} -F auid&gt;=1000
        -F auid!=unset -F key=perm_mod
      create: true
      mode: g-rwx,o-rwx
      state: present
    when: syscalls_found | length == 0
  when:
  - '"audit" in ansible_facts.packages'
  - ("kernel-default" in ansible_facts.packages or "kernel-default-base" in ansible_facts.packages)
  - audit_arch == "b64"
  tags:
  - CCE-85688-0
  - CJIS-5.4.1.1
  - DISA-STIG-SLES-15-030190
  - NIST-800-171-3.1.7
  - NIST-800-53-AU-12(a)
  - NIST-800-53-AU-12(c)
  - NIST-800-53-AU-12.1(ii)
  - NIST-800-53-AU-12.1(iv)
  - NIST-800-53-AU-3
  - NIST-800-53-AU-3.1
  - NIST-800-53-MA-4(1)(a)
  - PCI-DSS-Req-10.5.5
  - PCI-DSSv4-10.3
  - PCI-DSSv4-10.3.4
  - audit_rules_dac_modification_fsetxattr
  - low_complexity
  - low_disruption
  - medium_severity
  - reboot_required
  - restrict_strategy
</fix>
          <check system="http://oval.mitre.org/XMLSchema/oval-definitions-5">
            <check-content-ref name="oval:ssg-audit_rules_dac_modification_fsetxattr:def:1" href="ssg-sle15-oval.xml"/>
          </check>
          <check system="http://scap.nist.gov/schema/ocil/2">
            <check-content-ref name="ocil:ssg-audit_rules_dac_modification_fsetxattr_ocil:questionnaire:1" href="ssg-sle15-ocil.xml"/>
          </check>
        </Rule>
        <Rule id="xccdf_org.ssgproject.content_rule_audit_rules_dac_modification_lchown" selected="false" role="full" severity="medium">
          <title xmlns:xhtml="http://www.w3.org/1999/xhtml" xml:lang="en-US">Record Events that Modify the System's Discretionary Access Controls - lchown</title>
          <description xmlns:xhtml="http://www.w3.org/1999/xhtml" xml:lang="en-US">At a minimum, the audit system should collect file permission
changes for all users and root. If the <html:code xmlns:html="http://www.w3.org/1999/xhtml">auditd</html:code> daemon is configured
to use the <html:code xmlns:html="http://www.w3.org/1999/xhtml">augenrules</html:code> program to read audit rules during daemon
startup (the default), add the following line to a file with suffix
<html:code xmlns:html="http://www.w3.org/1999/xhtml">.rules</html:code> in the directory <html:code xmlns:html="http://www.w3.org/1999/xhtml">/etc/audit/rules.d</html:code>:
<html:pre xmlns:html="http://www.w3.org/1999/xhtml">-a always,exit -F arch=b32 -S lchown -F auid&gt;=1000 -F auid!=unset -F key=perm_mod</html:pre>
If the system is 64 bit then also add the following line:
<html:pre xmlns:html="http://www.w3.org/1999/xhtml">-a always,exit -F arch=b64 -S lchown -F auid&gt;=1000 -F auid!=unset -F key=perm_mod</html:pre>
If the <html:code xmlns:html="http://www.w3.org/1999/xhtml">auditd</html:code> daemon is configured to use the <html:code xmlns:html="http://www.w3.org/1999/xhtml">auditctl</html:code>
utility to read audit rules during daemon startup, add the following line to
<html:code xmlns:html="http://www.w3.org/1999/xhtml">/etc/audit/audit.rules</html:code> file:
<html:pre xmlns:html="http://www.w3.org/1999/xhtml">-a always,exit -F arch=b32 -S lchown -F auid&gt;=1000 -F auid!=unset -F key=perm_mod</html:pre>
If the system is 64 bit then also add the following line:
<html:pre xmlns:html="http://www.w3.org/1999/xhtml">-a always,exit -F arch=b64 -S lchown -F auid&gt;=1000 -F auid!=unset -F key=perm_mod</html:pre>
       </description>
          <warning xmlns:xhtml="http://www.w3.org/1999/xhtml" xml:lang="en-US" category="general">Note that these rules can be configured in a
number of ways while still achieving the desired effect. Here the system calls
have been placed independent of other system calls. Grouping these system
calls with others as identifying earlier in this guide is more efficient.</warning>
          <reference href="https://www.cisecurity.org/controls/">1</reference>
          <reference href="https://www.cisecurity.org/controls/">11</reference>
          <reference href="https://www.cisecurity.org/controls/">12</reference>
          <reference href="https://www.cisecurity.org/controls/">13</reference>
          <reference href="https://www.cisecurity.org/controls/">14</reference>
          <reference href="https://www.cisecurity.org/controls/">15</reference>
          <reference href="https://www.cisecurity.org/controls/">16</reference>
          <reference href="https://www.cisecurity.org/controls/">19</reference>
          <reference href="https://www.cisecurity.org/controls/">2</reference>
          <reference href="https://www.cisecurity.org/controls/">3</reference>
          <reference href="https://www.cisecurity.org/controls/">4</reference>
          <reference href="https://www.cisecurity.org/controls/">5</reference>
          <reference href="https://www.cisecurity.org/controls/">6</reference>
          <reference href="https://www.cisecurity.org/controls/">7</reference>
          <reference href="https://www.cisecurity.org/controls/">8</reference>
          <reference href="https://www.cisecurity.org/controls/">9</reference>
          <reference href="https://www.fbi.gov/file-repository/cjis-security-policy-v5_5_20160601-2-1.pdf">5.4.1.1</reference>
          <reference href="https://www.isaca.org/resources/cobit">APO10.01</reference>
          <reference href="https://www.isaca.org/resources/cobit">APO10.03</reference>
          <reference href="https://www.isaca.org/resources/cobit">APO10.04</reference>
          <reference href="https://www.isaca.org/resources/cobit">APO10.05</reference>
          <reference href="https://www.isaca.org/resources/cobit">APO11.04</reference>
          <reference href="https://www.isaca.org/resources/cobit">APO12.06</reference>
          <reference href="https://www.isaca.org/resources/cobit">APO13.01</reference>
          <reference href="https://www.isaca.org/resources/cobit">BAI03.05</reference>
          <reference href="https://www.isaca.org/resources/cobit">BAI08.02</reference>
          <reference href="https://www.isaca.org/resources/cobit">DSS01.03</reference>
          <reference href="https://www.isaca.org/resources/cobit">DSS01.04</reference>
          <reference href="https://www.isaca.org/resources/cobit">DSS02.02</reference>
          <reference href="https://www.isaca.org/resources/cobit">DSS02.04</reference>
          <reference href="https://www.isaca.org/resources/cobit">DSS02.07</reference>
          <reference href="https://www.isaca.org/resources/cobit">DSS03.01</reference>
          <reference href="https://www.isaca.org/resources/cobit">DSS03.05</reference>
          <reference href="https://www.isaca.org/resources/cobit">DSS05.02</reference>
          <reference href="https://www.isaca.org/resources/cobit">DSS05.03</reference>
          <reference href="https://www.isaca.org/resources/cobit">DSS05.04</reference>
          <reference href="https://www.isaca.org/resources/cobit">DSS05.05</reference>
          <reference href="https://www.isaca.org/resources/cobit">DSS05.07</reference>
          <reference href="https://www.isaca.org/resources/cobit">MEA01.01</reference>
          <reference href="https://www.isaca.org/resources/cobit">MEA01.02</reference>
          <reference href="https://www.isaca.org/resources/cobit">MEA01.03</reference>
          <reference href="https://www.isaca.org/resources/cobit">MEA01.04</reference>
          <reference href="https://www.isaca.org/resources/cobit">MEA01.05</reference>
          <reference href="https://www.isaca.org/resources/cobit">MEA02.01</reference>
          <reference href="http://nvlpubs.nist.gov/nistpubs/SpecialPublications/NIST.SP.800-171.pdf">3.1.7</reference>
          <reference href="https://www.gpo.gov/fdsys/pkg/CFR-2007-title45-vol1/pdf/CFR-2007-title45-vol1-chapA-subchapC.pdf">164.308(a)(1)(ii)(D)</reference>
          <reference href="https://www.gpo.gov/fdsys/pkg/CFR-2007-title45-vol1/pdf/CFR-2007-title45-vol1-chapA-subchapC.pdf">164.308(a)(3)(ii)(A)</reference>
          <reference href="https://www.gpo.gov/fdsys/pkg/CFR-2007-title45-vol1/pdf/CFR-2007-title45-vol1-chapA-subchapC.pdf">164.308(a)(5)(ii)(C)</reference>
          <reference href="https://www.gpo.gov/fdsys/pkg/CFR-2007-title45-vol1/pdf/CFR-2007-title45-vol1-chapA-subchapC.pdf">164.312(a)(2)(i)</reference>
          <reference href="https://www.gpo.gov/fdsys/pkg/CFR-2007-title45-vol1/pdf/CFR-2007-title45-vol1-chapA-subchapC.pdf">164.312(b)</reference>
          <reference href="https://www.gpo.gov/fdsys/pkg/CFR-2007-title45-vol1/pdf/CFR-2007-title45-vol1-chapA-subchapC.pdf">164.312(d)</reference>
          <reference href="https://www.gpo.gov/fdsys/pkg/CFR-2007-title45-vol1/pdf/CFR-2007-title45-vol1-chapA-subchapC.pdf">164.312(e)</reference>
          <reference href="https://www.isa.org/products/isa-62443-2-1-2009-security-for-industrial-automat">4.2.3.10</reference>
          <reference href="https://www.isa.org/products/isa-62443-2-1-2009-security-for-industrial-automat">4.3.2.6.7</reference>
          <reference href="https://www.isa.org/products/isa-62443-2-1-2009-security-for-industrial-automat">4.3.3.3.9</reference>
          <reference href="https://www.isa.org/products/isa-62443-2-1-2009-security-for-industrial-automat">4.3.3.5.8</reference>
          <reference href="https://www.isa.org/products/isa-62443-2-1-2009-security-for-industrial-automat">4.3.3.6.6</reference>
          <reference href="https://www.isa.org/products/isa-62443-2-1-2009-security-for-industrial-automat">4.3.4.4.7</reference>
          <reference href="https://www.isa.org/products/isa-62443-2-1-2009-security-for-industrial-automat">4.3.4.5.6</reference>
          <reference href="https://www.isa.org/products/isa-62443-2-1-2009-security-for-industrial-automat">4.3.4.5.7</reference>
          <reference href="https://www.isa.org/products/isa-62443-2-1-2009-security-for-industrial-automat">4.3.4.5.8</reference>
          <reference href="https://www.isa.org/products/isa-62443-2-1-2009-security-for-industrial-automat">4.4.2.1</reference>
          <reference href="https://www.isa.org/products/isa-62443-2-1-2009-security-for-industrial-automat">4.4.2.2</reference>
          <reference href="https://www.isa.org/products/isa-62443-2-1-2009-security-for-industrial-automat">4.4.2.4</reference>
          <reference href="https://www.isa.org/products/ansi-isa-62443-3-3-99-03-03-2013-security-for-indu">SR 1.13</reference>
          <reference href="https://www.isa.org/products/ansi-isa-62443-3-3-99-03-03-2013-security-for-indu">SR 2.10</reference>
          <reference href="https://www.isa.org/products/ansi-isa-62443-3-3-99-03-03-2013-security-for-indu">SR 2.11</reference>
          <reference href="https://www.isa.org/products/ansi-isa-62443-3-3-99-03-03-2013-security-for-indu">SR 2.12</reference>
          <reference href="https://www.isa.org/products/ansi-isa-62443-3-3-99-03-03-2013-security-for-indu">SR 2.6</reference>
          <reference href="https://www.isa.org/products/ansi-isa-62443-3-3-99-03-03-2013-security-for-indu">SR 2.8</reference>
          <reference href="https://www.isa.org/products/ansi-isa-62443-3-3-99-03-03-2013-security-for-indu">SR 2.9</reference>
          <reference href="https://www.isa.org/products/ansi-isa-62443-3-3-99-03-03-2013-security-for-indu">SR 3.1</reference>
          <reference href="https://www.isa.org/products/ansi-isa-62443-3-3-99-03-03-2013-security-for-indu">SR 3.5</reference>
          <reference href="https://www.isa.org/products/ansi-isa-62443-3-3-99-03-03-2013-security-for-indu">SR 3.8</reference>
          <reference href="https://www.isa.org/products/ansi-isa-62443-3-3-99-03-03-2013-security-for-indu">SR 4.1</reference>
          <reference href="https://www.isa.org/products/ansi-isa-62443-3-3-99-03-03-2013-security-for-indu">SR 4.3</reference>
          <reference href="https://www.isa.org/products/ansi-isa-62443-3-3-99-03-03-2013-security-for-indu">SR 5.1</reference>
          <reference href="https://www.isa.org/products/ansi-isa-62443-3-3-99-03-03-2013-security-for-indu">SR 5.2</reference>
          <reference href="https://www.isa.org/products/ansi-isa-62443-3-3-99-03-03-2013-security-for-indu">SR 5.3</reference>
          <reference href="https://www.isa.org/products/ansi-isa-62443-3-3-99-03-03-2013-security-for-indu">SR 6.1</reference>
          <reference href="https://www.isa.org/products/ansi-isa-62443-3-3-99-03-03-2013-security-for-indu">SR 6.2</reference>
          <reference href="https://www.isa.org/products/ansi-isa-62443-3-3-99-03-03-2013-security-for-indu">SR 7.1</reference>
          <reference href="https://www.isa.org/products/ansi-isa-62443-3-3-99-03-03-2013-security-for-indu">SR 7.6</reference>
          <reference href="https://www.iso.org/contents/data/standard/05/45/54534.html">A.11.2.6</reference>
          <reference href="https://www.iso.org/contents/data/standard/05/45/54534.html">A.12.4.1</reference>
          <reference href="https://www.iso.org/contents/data/standard/05/45/54534.html">A.12.4.2</reference>
          <reference href="https://www.iso.org/contents/data/standard/05/45/54534.html">A.12.4.3</reference>
          <reference href="https://www.iso.org/contents/data/standard/05/45/54534.html">A.12.4.4</reference>
          <reference href="https://www.iso.org/contents/data/standard/05/45/54534.html">A.12.7.1</reference>
          <reference href="https://www.iso.org/contents/data/standard/05/45/54534.html">A.13.1.1</reference>
          <reference href="https://www.iso.org/contents/data/standard/05/45/54534.html">A.13.2.1</reference>
          <reference href="https://www.iso.org/contents/data/standard/05/45/54534.html">A.14.1.3</reference>
          <reference href="https://www.iso.org/contents/data/standard/05/45/54534.html">A.14.2.7</reference>
          <reference href="https://www.iso.org/contents/data/standard/05/45/54534.html">A.15.2.1</reference>
          <reference href="https://www.iso.org/contents/data/standard/05/45/54534.html">A.15.2.2</reference>
          <reference href="https://www.iso.org/contents/data/standard/05/45/54534.html">A.16.1.4</reference>
          <reference href="https://www.iso.org/contents/data/standard/05/45/54534.html">A.16.1.5</reference>
          <reference href="https://www.iso.org/contents/data/standard/05/45/54534.html">A.16.1.7</reference>
          <reference href="https://www.iso.org/contents/data/standard/05/45/54534.html">A.6.2.1</reference>
          <reference href="https://www.iso.org/contents/data/standard/05/45/54534.html">A.6.2.2</reference>
          <reference href="http://nvlpubs.nist.gov/nistpubs/SpecialPublications/NIST.SP.800-53r4.pdf">AU-3</reference>
          <reference href="http://nvlpubs.nist.gov/nistpubs/SpecialPublications/NIST.SP.800-53r4.pdf">AU-3.1</reference>
          <reference href="http://nvlpubs.nist.gov/nistpubs/SpecialPublications/NIST.SP.800-53r4.pdf">AU-12(c)</reference>
          <reference href="http://nvlpubs.nist.gov/nistpubs/SpecialPublications/NIST.SP.800-53r4.pdf">AU-12.1(iv)</reference>
          <reference href="http://nvlpubs.nist.gov/nistpubs/SpecialPublications/NIST.SP.800-53r4.pdf">AU-12(a)</reference>
          <reference href="http://nvlpubs.nist.gov/nistpubs/SpecialPublications/NIST.SP.800-53r4.pdf">AU-12.1(ii)</reference>
          <reference href="http://nvlpubs.nist.gov/nistpubs/SpecialPublications/NIST.SP.800-53r4.pdf">MA-4(1)(a)</reference>
          <reference href="https://nvlpubs.nist.gov/nistpubs/CSWP/NIST.CSWP.04162018.pdf">DE.AE-3</reference>
          <reference href="https://nvlpubs.nist.gov/nistpubs/CSWP/NIST.CSWP.04162018.pdf">DE.AE-5</reference>
          <reference href="https://nvlpubs.nist.gov/nistpubs/CSWP/NIST.CSWP.04162018.pdf">DE.CM-1</reference>
          <reference href="https://nvlpubs.nist.gov/nistpubs/CSWP/NIST.CSWP.04162018.pdf">DE.CM-3</reference>
          <reference href="https://nvlpubs.nist.gov/nistpubs/CSWP/NIST.CSWP.04162018.pdf">DE.CM-7</reference>
          <reference href="https://nvlpubs.nist.gov/nistpubs/CSWP/NIST.CSWP.04162018.pdf">ID.SC-4</reference>
          <reference href="https://nvlpubs.nist.gov/nistpubs/CSWP/NIST.CSWP.04162018.pdf">PR.AC-3</reference>
          <reference href="https://nvlpubs.nist.gov/nistpubs/CSWP/NIST.CSWP.04162018.pdf">PR.PT-1</reference>
          <reference href="https://nvlpubs.nist.gov/nistpubs/CSWP/NIST.CSWP.04162018.pdf">PR.PT-4</reference>
          <reference href="https://nvlpubs.nist.gov/nistpubs/CSWP/NIST.CSWP.04162018.pdf">RS.AN-1</reference>
          <reference href="https://nvlpubs.nist.gov/nistpubs/CSWP/NIST.CSWP.04162018.pdf">RS.AN-4</reference>
          <reference href="https://www.pcisecuritystandards.org/documents/PCI_DSS_v3-2-1.pdf">Req-10.5.5</reference>
          <reference href="https://www.cyber.mil/stigs/downloads/?_dl_facet_stigs=operating-systems%2Cgeneral-purpose-os">SRG-OS-000037-GPOS-00015</reference>
          <reference href="https://www.cyber.mil/stigs/downloads/?_dl_facet_stigs=operating-systems%2Cgeneral-purpose-os">SRG-OS-000042-GPOS-00020</reference>
          <reference href="https://www.cyber.mil/stigs/downloads/?_dl_facet_stigs=operating-systems%2Cgeneral-purpose-os">SRG-OS-000062-GPOS-00031</reference>
          <reference href="https://www.cyber.mil/stigs/downloads/?_dl_facet_stigs=operating-systems%2Cgeneral-purpose-os">SRG-OS-000392-GPOS-00172</reference>
          <reference href="https://www.cyber.mil/stigs/downloads/?_dl_facet_stigs=operating-systems%2Cgeneral-purpose-os">SRG-OS-000462-GPOS-00206</reference>
          <reference href="https://www.cyber.mil/stigs/downloads/?_dl_facet_stigs=operating-systems%2Cgeneral-purpose-os">SRG-OS-000471-GPOS-00215</reference>
          <reference href="https://www.cyber.mil/stigs/downloads/?_dl_facet_stigs=operating-systems%2Cgeneral-purpose-os">SRG-OS-000064-GPOS-00033</reference>
          <reference href="https://www.cyber.mil/stigs/downloads/?_dl_facet_stigs=operating-systems%2Cgeneral-purpose-os">SRG-OS-000466-GPOS-00210</reference>
          <reference href="https://www.cyber.mil/stigs/downloads/?_dl_facet_stigs=operating-systems%2Cgeneral-purpose-os">SRG-OS-000458-GPOS-00203</reference>
          <reference href="https://www.cyber.mil/stigs/downloads/?_dl_facet_stigs=operating-systems%2Cgeneral-purpose-os">SRG-OS-000474-GPOS-00219</reference>
          <reference href="https://www.cyber.mil/stigs/downloads/?_dl_facet_stigs=app-security">SRG-APP-000091-CTR-000160</reference>
          <reference href="https://www.cyber.mil/stigs/downloads/?_dl_facet_stigs=app-security">SRG-APP-000492-CTR-001220</reference>
          <reference href="https://www.cyber.mil/stigs/downloads/?_dl_facet_stigs=app-security">SRG-APP-000493-CTR-001225</reference>
          <reference href="https://www.cyber.mil/stigs/downloads/?_dl_facet_stigs=app-security">SRG-APP-000494-CTR-001230</reference>
          <reference href="https://www.cyber.mil/stigs/downloads/?_dl_facet_stigs=app-security">SRG-APP-000500-CTR-001260</reference>
          <reference href="https://www.cyber.mil/stigs/downloads/?_dl_facet_stigs=app-security">SRG-APP-000507-CTR-001295</reference>
          <reference href="https://www.cyber.mil/stigs/downloads/?_dl_facet_stigs=app-security">SRG-APP-000495-CTR-001235</reference>
          <reference href="https://www.cyber.mil/stigs/downloads/?_dl_facet_stigs=app-security">SRG-APP-000499-CTR-001255</reference>
          <reference href="https://www.cyber.mil/stigs/downloads/?_dl_facet_stigs=operating-systems%2Cunix-linux">SLES-15-030250</reference>
          <reference href="https://www.cisecurity.org/benchmark/suse_linux/">4.1.9</reference>
          <reference href="https://cyber.gouv.fr/sites/default/files/document/linux_configuration-en-v2.pdf">R73</reference>
          <reference href="not_publicly_available">SLES-15-750450255</reference>
          <reference href="https://docs-prv.pcisecuritystandards.org/PCI%20DSS/Standard/PCI-DSS-v4_0.pdf">10.3.4</reference>
          <reference href="https://docs-prv.pcisecuritystandards.org/PCI%20DSS/Standard/PCI-DSS-v4_0.pdf">10.3</reference>
          <reference href="https://www.cyber.mil/stigs/srg-stig-tools/">SV-234924r958412_rule</reference>
          <rationale xmlns:xhtml="http://www.w3.org/1999/xhtml" xml:lang="en-US">The changing of file permissions could indicate that a user is attempting to
gain access to information that would otherwise be disallowed. Auditing DAC modifications
can facilitate the identification of patterns of abuse among both authorized and
unauthorized users.</rationale>
          <platform idref="#not_aarch64_arch"/>
          <ident system="https://ncp.nist.gov/cce">CCE-85691-4</ident>
          <fix xmlns:xhtml="http://www.w3.org/1999/xhtml" id="audit_rules_dac_modification_lchown" system="urn:xccdf:fix:script:sh"># Remediation is applicable only in certain platforms
if rpm --quiet -q audit &amp;&amp; rpm --quiet -q kernel-default || rpm --quiet -q kernel-default-base &amp;&amp; { ! ( ( grep -sqE "^.*\.aarch64$" /proc/sys/kernel/osrelease || grep -sqE "^aarch64$" /proc/sys/kernel/arch; ) ); }; then

# First perform the remediation of the syscall rule
# Retrieve hardware architecture of the underlying system
[ "$(getconf LONG_BIT)" = "32" ] &amp;&amp; RULE_ARCHS=("b32") || RULE_ARCHS=("b32" "b64")

for ARCH in "${RULE_ARCHS[@]}"
do
	ACTION_ARCH_FILTERS="-a always,exit -F arch=$ARCH"
	OTHER_FILTERS=""
	AUID_FILTERS="-F auid&gt;=1000 -F auid!=unset"
	SYSCALL="lchown"
	KEY="perm_mod"
	SYSCALL_GROUPING="chown fchown fchownat lchown"

	# Perform the remediation for both possible tools: 'auditctl' and 'augenrules'
	unset syscall_a
unset syscall_grouping
unset syscall_string
unset syscall
unset file_to_edit
unset rule_to_edit
unset rule_syscalls_to_edit
unset other_string
unset auid_string
unset full_rule

# Load macro arguments into arrays
read -a syscall_a &lt;&lt;&lt; $SYSCALL
read -a syscall_grouping &lt;&lt;&lt; $SYSCALL_GROUPING

# Create a list of audit *.rules files that should be inspected for presence and correctness
# of a particular audit rule. The scheme is as follows:
#
# -----------------------------------------------------------------------------------------
#  Tool used to load audit rules | Rule already defined  |  Audit rules file to inspect    |
# -----------------------------------------------------------------------------------------
#        auditctl                |     Doesn't matter    |  /etc/audit/audit.rules         |
# -----------------------------------------------------------------------------------------
#        augenrules              |          Yes          |  /etc/audit/rules.d/*.rules     |
#        augenrules              |          No           |  /etc/audit/rules.d/$key.rules  |
# -----------------------------------------------------------------------------------------
#
files_to_inspect=()

# If audit tool is 'augenrules', then check if the audit rule is defined
# If rule is defined, add '/etc/audit/rules.d/*.rules' to the list for inspection
# If rule isn't defined yet, add '/etc/audit/rules.d/$key.rules' to the list for inspection
default_file="/etc/audit/rules.d/$KEY.rules"
# As other_filters may include paths, lets use a different delimiter for it
# The "F" script expression tells sed to print the filenames where the expressions matched
readarray -t files_to_inspect &lt; &lt;(sed -s -n -e "/^$ACTION_ARCH_FILTERS/!d" -e "\#$OTHER_FILTERS#!d" -e "/$AUID_FILTERS/!d" -e "F" /etc/audit/rules.d/*.rules)
# Case when particular rule isn't defined in /etc/audit/rules.d/*.rules yet
if [ ${#files_to_inspect[@]} -eq "0" ]
then
    file_to_inspect="/etc/audit/rules.d/$KEY.rules"
    files_to_inspect=("$file_to_inspect")
    if [ ! -e "$file_to_inspect" ]
    then
        touch "$file_to_inspect"
        chmod 0600 "$file_to_inspect"
    fi
fi

# After converting to jinja, we cannot return; therefore we skip the rest of the macro if needed instead
skip=1

for audit_file in "${files_to_inspect[@]}"
do
    # Filter existing $audit_file rules' definitions to select those that satisfy the rule pattern,
    # i.e, collect rules that match:
    # * the action, list and arch, (2-nd argument)
    # * the other filters, (3-rd argument)
    # * the auid filters, (4-rd argument)
    readarray -t similar_rules &lt; &lt;(sed -e "/^$ACTION_ARCH_FILTERS/!d"  -e "\#$OTHER_FILTERS#!d" -e "/$AUID_FILTERS/!d" "$audit_file")

    candidate_rules=()
    # Filter out rules that have more fields then required. This will remove rules more specific than the required scope
    for s_rule in "${similar_rules[@]}"
    do
        # Strip all the options and fields we know of,
        # than check if there was any field left over
        extra_fields=$(sed -E -e "s/^$ACTION_ARCH_FILTERS//"  -e "s#$OTHER_FILTERS##" -e "s/$AUID_FILTERS//" -e "s/((:?-S [[:alnum:],]+)+)//g" -e "s/-F key=\w+|-k \w+//"&lt;&lt;&lt; "$s_rule")
        grep -q -- "-F" &lt;&lt;&lt; "$extra_fields" || candidate_rules+=("$s_rule")
    done

    if [[ ${#syscall_a[@]} -ge 1 ]]
    then
        # Check if the syscall we want is present in any of the similar existing rules
        for rule in "${candidate_rules[@]}"
        do
            rule_syscalls=$(echo "$rule" | grep -o -P '(-S [\w,]+)+' | xargs)
            all_syscalls_found=0
            for syscall in "${syscall_a[@]}"
            do
                grep -q -- "\b${syscall}\b" &lt;&lt;&lt; "$rule_syscalls" || {
                   # A syscall was not found in the candidate rule
                   all_syscalls_found=1
                   }
            done
            if [[ $all_syscalls_found -eq 0 ]]
            then
                # We found a rule with all the syscall(s) we want; skip rest of macro
                skip=0
                break
            fi

            # Check if this rule can be grouped with our target syscall and keep track of it
            for syscall_g in "${syscall_grouping[@]}"
            do
                if grep -q -- "\b${syscall_g}\b" &lt;&lt;&lt; "$rule_syscalls"
                then
                    file_to_edit=${audit_file}
                    rule_to_edit=${rule}
                    rule_syscalls_to_edit=${rule_syscalls}
                fi
            done
        done
    else
        # If there is any candidate rule, it is compliant; skip rest of macro
        if [ "${#candidate_rules[@]}" -gt 0 ]
        then
            skip=0
        fi
    fi

    if [ "$skip" -eq 0 ]; then
        break
    fi
done

if [ "$skip" -ne 0 ]; then
    # We checked all rules that matched the expected resemblance pattern (action, arch &amp; auid)
    # At this point we know if we need to either append the $full_rule or group
    # the syscall together with an exsiting rule

    # Append the full_rule if it cannot be grouped to any other rule
    if [ -z ${rule_to_edit+x} ]
    then
        # Build full_rule while avoid adding double spaces when other_filters is empty
        if [ "${#syscall_a[@]}" -gt 0 ]
        then
            syscall_string=""
            for syscall in "${syscall_a[@]}"
            do
                syscall_string+=" -S $syscall"
            done
        fi
        other_string=$([[ $OTHER_FILTERS ]] &amp;&amp; echo " $OTHER_FILTERS") || /bin/true
        auid_string=$([[ $AUID_FILTERS ]] &amp;&amp; echo " $AUID_FILTERS") || /bin/true
        full_rule="$ACTION_ARCH_FILTERS${syscall_string}${other_string}${auid_string} -F key=$KEY" || /bin/true
        echo "$full_rule" &gt;&gt; "$default_file"
        chmod 0600 ${default_file}
    else
        # Check if the syscalls are declared as a comma separated list or
        # as multiple -S parameters
        if grep -q -- "," &lt;&lt;&lt; "${rule_syscalls_to_edit}"
        then
            delimiter=","
        else
            delimiter=" -S "
        fi
        new_grouped_syscalls="${rule_syscalls_to_edit}"
        for syscall in "${syscall_a[@]}"
        do
            grep -q -- "\b${syscall}\b" &lt;&lt;&lt; "${rule_syscalls_to_edit}" || {
               # A syscall was not found in the candidate rule
               new_grouped_syscalls+="${delimiter}${syscall}"
               }
        done

        # Group the syscall in the rule
        sed -i -e "\#${rule_to_edit}#s#${rule_syscalls_to_edit}#${new_grouped_syscalls}#" "$file_to_edit"
    fi
fi
	unset syscall_a
unset syscall_grouping
unset syscall_string
unset syscall
unset file_to_edit
unset rule_to_edit
unset rule_syscalls_to_edit
unset other_string
unset auid_string
unset full_rule

# Load macro arguments into arrays
read -a syscall_a &lt;&lt;&lt; $SYSCALL
read -a syscall_grouping &lt;&lt;&lt; $SYSCALL_GROUPING

# Create a list of audit *.rules files that should be inspected for presence and correctness
# of a particular audit rule. The scheme is as follows:
#
# -----------------------------------------------------------------------------------------
#  Tool used to load audit rules | Rule already defined  |  Audit rules file to inspect    |
# -----------------------------------------------------------------------------------------
#        auditctl                |     Doesn't matter    |  /etc/audit/audit.rules         |
# -----------------------------------------------------------------------------------------
#        augenrules              |          Yes          |  /etc/audit/rules.d/*.rules     |
#        augenrules              |          No           |  /etc/audit/rules.d/$key.rules  |
# -----------------------------------------------------------------------------------------
#
files_to_inspect=()


# If audit tool is 'auditctl', then add '/etc/audit/audit.rules'
# file to the list of files to be inspected
default_file="/etc/audit/audit.rules"
files_to_inspect+=('/etc/audit/audit.rules' )

# After converting to jinja, we cannot return; therefore we skip the rest of the macro if needed instead
skip=1

for audit_file in "${files_to_inspect[@]}"
do
    # Filter existing $audit_file rules' definitions to select those that satisfy the rule pattern,
    # i.e, collect rules that match:
    # * the action, list and arch, (2-nd argument)
    # * the other filters, (3-rd argument)
    # * the auid filters, (4-rd argument)
    readarray -t similar_rules &lt; &lt;(sed -e "/^$ACTION_ARCH_FILTERS/!d"  -e "\#$OTHER_FILTERS#!d" -e "/$AUID_FILTERS/!d" "$audit_file")

    candidate_rules=()
    # Filter out rules that have more fields then required. This will remove rules more specific than the required scope
    for s_rule in "${similar_rules[@]}"
    do
        # Strip all the options and fields we know of,
        # than check if there was any field left over
        extra_fields=$(sed -E -e "s/^$ACTION_ARCH_FILTERS//"  -e "s#$OTHER_FILTERS##" -e "s/$AUID_FILTERS//" -e "s/((:?-S [[:alnum:],]+)+)//g" -e "s/-F key=\w+|-k \w+//"&lt;&lt;&lt; "$s_rule")
        grep -q -- "-F" &lt;&lt;&lt; "$extra_fields" || candidate_rules+=("$s_rule")
    done

    if [[ ${#syscall_a[@]} -ge 1 ]]
    then
        # Check if the syscall we want is present in any of the similar existing rules
        for rule in "${candidate_rules[@]}"
        do
            rule_syscalls=$(echo "$rule" | grep -o -P '(-S [\w,]+)+' | xargs)
            all_syscalls_found=0
            for syscall in "${syscall_a[@]}"
            do
                grep -q -- "\b${syscall}\b" &lt;&lt;&lt; "$rule_syscalls" || {
                   # A syscall was not found in the candidate rule
                   all_syscalls_found=1
                   }
            done
            if [[ $all_syscalls_found -eq 0 ]]
            then
                # We found a rule with all the syscall(s) we want; skip rest of macro
                skip=0
                break
            fi

            # Check if this rule can be grouped with our target syscall and keep track of it
            for syscall_g in "${syscall_grouping[@]}"
            do
                if grep -q -- "\b${syscall_g}\b" &lt;&lt;&lt; "$rule_syscalls"
                then
                    file_to_edit=${audit_file}
                    rule_to_edit=${rule}
                    rule_syscalls_to_edit=${rule_syscalls}
                fi
            done
        done
    else
        # If there is any candidate rule, it is compliant; skip rest of macro
        if [ "${#candidate_rules[@]}" -gt 0 ]
        then
            skip=0
        fi
    fi

    if [ "$skip" -eq 0 ]; then
        break
    fi
done

if [ "$skip" -ne 0 ]; then
    # We checked all rules that matched the expected resemblance pattern (action, arch &amp; auid)
    # At this point we know if we need to either append the $full_rule or group
    # the syscall together with an exsiting rule

    # Append the full_rule if it cannot be grouped to any other rule
    if [ -z ${rule_to_edit+x} ]
    then
        # Build full_rule while avoid adding double spaces when other_filters is empty
        if [ "${#syscall_a[@]}" -gt 0 ]
        then
            syscall_string=""
            for syscall in "${syscall_a[@]}"
            do
                syscall_string+=" -S $syscall"
            done
        fi
        other_string=$([[ $OTHER_FILTERS ]] &amp;&amp; echo " $OTHER_FILTERS") || /bin/true
        auid_string=$([[ $AUID_FILTERS ]] &amp;&amp; echo " $AUID_FILTERS") || /bin/true
        full_rule="$ACTION_ARCH_FILTERS${syscall_string}${other_string}${auid_string} -F key=$KEY" || /bin/true
        echo "$full_rule" &gt;&gt; "$default_file"
        chmod 0600 ${default_file}
    else
        # Check if the syscalls are declared as a comma separated list or
        # as multiple -S parameters
        if grep -q -- "," &lt;&lt;&lt; "${rule_syscalls_to_edit}"
        then
            delimiter=","
        else
            delimiter=" -S "
        fi
        new_grouped_syscalls="${rule_syscalls_to_edit}"
        for syscall in "${syscall_a[@]}"
        do
            grep -q -- "\b${syscall}\b" &lt;&lt;&lt; "${rule_syscalls_to_edit}" || {
               # A syscall was not found in the candidate rule
               new_grouped_syscalls+="${delimiter}${syscall}"
               }
        done

        # Group the syscall in the rule
        sed -i -e "\#${rule_to_edit}#s#${rule_syscalls_to_edit}#${new_grouped_syscalls}#" "$file_to_edit"
    fi
fi
done

else
    &gt;&amp;2 echo 'Remediation is not applicable, nothing was done'
fi
</fix>
          <fix xmlns:xhtml="http://www.w3.org/1999/xhtml" id="audit_rules_dac_modification_lchown" system="urn:xccdf:fix:script:ansible" reboot="true" complexity="low" disruption="low" strategy="restrict">- name: Gather the package facts
  package_facts:
    manager: auto
  tags:
  - CCE-85691-4
  - CJIS-5.4.1.1
  - DISA-STIG-SLES-15-030250
  - NIST-800-171-3.1.7
  - NIST-800-53-AU-12(a)
  - NIST-800-53-AU-12(c)
  - NIST-800-53-AU-12.1(ii)
  - NIST-800-53-AU-12.1(iv)
  - NIST-800-53-AU-3
  - NIST-800-53-AU-3.1
  - NIST-800-53-MA-4(1)(a)
  - PCI-DSS-Req-10.5.5
  - PCI-DSSv4-10.3
  - PCI-DSSv4-10.3.4
  - audit_rules_dac_modification_lchown
  - low_complexity
  - low_disruption
  - medium_severity
  - reboot_required
  - restrict_strategy

- name: Set architecture for audit lchown tasks
  ansible.builtin.set_fact:
    audit_arch: b64
  when:
  - '"audit" in ansible_facts.packages'
  - ("kernel-default" in ansible_facts.packages or "kernel-default-base" in ansible_facts.packages)
  - not ( ansible_architecture == "aarch64" )
  - ansible_architecture == "aarch64" or ansible_architecture == "ppc64" or ansible_architecture
    == "ppc64le" or ansible_architecture == "s390x" or ansible_architecture == "x86_64"
  tags:
  - CCE-85691-4
  - CJIS-5.4.1.1
  - DISA-STIG-SLES-15-030250
  - NIST-800-171-3.1.7
  - NIST-800-53-AU-12(a)
  - NIST-800-53-AU-12(c)
  - NIST-800-53-AU-12.1(ii)
  - NIST-800-53-AU-12.1(iv)
  - NIST-800-53-AU-3
  - NIST-800-53-AU-3.1
  - NIST-800-53-MA-4(1)(a)
  - PCI-DSS-Req-10.5.5
  - PCI-DSSv4-10.3
  - PCI-DSSv4-10.3.4
  - audit_rules_dac_modification_lchown
  - low_complexity
  - low_disruption
  - medium_severity
  - reboot_required
  - restrict_strategy

- name: Perform remediation of Audit rules for lchown for 32bit platform
  block:

  - name: Declare list of syscalls
    ansible.builtin.set_fact:
      syscalls:
      - lchown
      syscall_grouping:
      - chown
      - fchown
      - fchownat
      - lchown

  - name: Check existence of lchown in /etc/audit/rules.d/
    ansible.builtin.find:
      paths: /etc/audit/rules.d
      contains: -a always,exit -F arch=b32(( -S |,)\w+)*(( -S |,){{ item }})+(( -S
        |,)\w+)* -F auid&gt;=1000 -F auid!=unset (-k\s+|-F\s+key=)\S+\s*$
      patterns: '*.rules'
    register: find_command
    loop: '{{ (syscall_grouping + syscalls) | unique }}'

  - name: Reset syscalls found per file
    ansible.builtin.set_fact:
      syscalls_per_file: {}
      found_paths_dict: {}

  - name: Declare syscalls found per file
    ansible.builtin.set_fact: syscalls_per_file="{{ syscalls_per_file | combine( {item.files[0].path
      :[item.item] + syscalls_per_file.get(item.files[0].path, []) } ) }}"
    loop: '{{ find_command.results | selectattr(''matched'') | list }}'

  - name: Declare files where syscalls were found
    ansible.builtin.set_fact: found_paths="{{ find_command.results | map(attribute='files')
      | flatten | map(attribute='path') | list }}"

  - name: Count occurrences of syscalls in paths
    ansible.builtin.set_fact: found_paths_dict="{{ found_paths_dict | combine({ item:1+found_paths_dict.get(item,
      0) }) }}"
    loop: '{{ find_command.results | map(attribute=''files'') | flatten | map(attribute=''path'')
      | list }}'

  - name: Get path with most syscalls
    ansible.builtin.set_fact: audit_file="{{ (found_paths_dict | dict2items() | sort(attribute='value')
      | last).key }}"
    when: found_paths | length &gt;= 1

  - name: No file with syscall found, set path to /etc/audit/rules.d/perm_mod.rules
    ansible.builtin.set_fact: audit_file="/etc/audit/rules.d/perm_mod.rules"
    when: found_paths | length == 0

  - name: Declare found syscalls
    ansible.builtin.set_fact: syscalls_found="{{ find_command.results | selectattr('matched')
      | map(attribute='item') | list }}"

  - name: Declare missing syscalls
    ansible.builtin.set_fact: missing_syscalls="{{ syscalls | difference(syscalls_found)
      }}"

  - name: Replace the audit rule in {{ audit_file }}
    ansible.builtin.lineinfile:
      path: '{{ audit_file }}'
      regexp: (-a always,exit -F arch=b32)(?=.*(?:(?:-S |,)(?:{{ syscalls_per_file[audit_file]
        | join("|") }}))\b)((?:( -S |,)\w+)+)( -F auid&gt;=1000 -F auid!=unset (?:-k
        |-F key=)\w+)
      line: \1\2\3{{ missing_syscalls | join("\3") }}\4
      backrefs: true
      state: present
      mode: g-rwx,o-rwx
    when: syscalls_found | length &gt; 0 and missing_syscalls | length &gt; 0

  - name: Add the audit rule to {{ audit_file }}
    ansible.builtin.lineinfile:
      path: '{{ audit_file }}'
      line: -a always,exit -F arch=b32 -S {{ syscalls | join(',') }} -F auid&gt;=1000
        -F auid!=unset -F key=perm_mod
      create: true
      mode: g-rwx,o-rwx
      state: present
    when: syscalls_found | length == 0

  - name: Declare list of syscalls
    ansible.builtin.set_fact:
      syscalls:
      - lchown
      syscall_grouping:
      - chown
      - fchown
      - fchownat
      - lchown

  - name: Check existence of lchown in /etc/audit/audit.rules
    ansible.builtin.find:
      paths: /etc/audit
      contains: -a always,exit -F arch=b32(( -S |,)\w+)*(( -S |,){{ item }})+(( -S
        |,)\w+)* -F auid&gt;=1000 -F auid!=unset (-k\s+|-F\s+key=)\S+\s*$
      patterns: audit.rules
    register: find_command
    loop: '{{ (syscall_grouping + syscalls) | unique }}'

  - name: Set path to /etc/audit/audit.rules
    ansible.builtin.set_fact: audit_file="/etc/audit/audit.rules"

  - name: Declare found syscalls
    ansible.builtin.set_fact: syscalls_found="{{ find_command.results | selectattr('matched')
      | map(attribute='item') | list }}"

  - name: Declare missing syscalls
    ansible.builtin.set_fact: missing_syscalls="{{ syscalls | difference(syscalls_found)
      }}"

  - name: Replace the audit rule in {{ audit_file }}
    ansible.builtin.lineinfile:
      path: '{{ audit_file }}'
      regexp: (-a always,exit -F arch=b32)(?=.*(?:(?:-S |,)(?:{{ syscalls_found |
        join("|") }}))\b)((?:( -S |,)\w+)+)( -F auid&gt;=1000 -F auid!=unset (?:-k |-F
        key=)\w+)
      line: \1\2\3{{ missing_syscalls | join("\3") }}\4
      backrefs: true
      state: present
      mode: g-rwx,o-rwx
    when: syscalls_found | length &gt; 0 and missing_syscalls | length &gt; 0

  - name: Add the audit rule to {{ audit_file }}
    ansible.builtin.lineinfile:
      path: '{{ audit_file }}'
      line: -a always,exit -F arch=b32 -S {{ syscalls | join(',') }} -F auid&gt;=1000
        -F auid!=unset -F key=perm_mod
      create: true
      mode: g-rwx,o-rwx
      state: present
    when: syscalls_found | length == 0
  when:
  - '"audit" in ansible_facts.packages'
  - ("kernel-default" in ansible_facts.packages or "kernel-default-base" in ansible_facts.packages)
  - not ( ansible_architecture == "aarch64" )
  tags:
  - CCE-85691-4
  - CJIS-5.4.1.1
  - DISA-STIG-SLES-15-030250
  - NIST-800-171-3.1.7
  - NIST-800-53-AU-12(a)
  - NIST-800-53-AU-12(c)
  - NIST-800-53-AU-12.1(ii)
  - NIST-800-53-AU-12.1(iv)
  - NIST-800-53-AU-3
  - NIST-800-53-AU-3.1
  - NIST-800-53-MA-4(1)(a)
  - PCI-DSS-Req-10.5.5
  - PCI-DSSv4-10.3
  - PCI-DSSv4-10.3.4
  - audit_rules_dac_modification_lchown
  - low_complexity
  - low_disruption
  - medium_severity
  - reboot_required
  - restrict_strategy

- name: Perform remediation of Audit rules for lchown for 64bit platform
  block:

  - name: Declare list of syscalls
    ansible.builtin.set_fact:
      syscalls:
      - lchown
      syscall_grouping:
      - chown
      - fchown
      - fchownat
      - lchown

  - name: Check existence of lchown in /etc/audit/rules.d/
    ansible.builtin.find:
      paths: /etc/audit/rules.d
      contains: -a always,exit -F arch=b64(( -S |,)\w+)*(( -S |,){{ item }})+(( -S
        |,)\w+)* -F auid&gt;=1000 -F auid!=unset (-k\s+|-F\s+key=)\S+\s*$
      patterns: '*.rules'
    register: find_command
    loop: '{{ (syscall_grouping + syscalls) | unique }}'

  - name: Reset syscalls found per file
    ansible.builtin.set_fact:
      syscalls_per_file: {}
      found_paths_dict: {}

  - name: Declare syscalls found per file
    ansible.builtin.set_fact: syscalls_per_file="{{ syscalls_per_file | combine( {item.files[0].path
      :[item.item] + syscalls_per_file.get(item.files[0].path, []) } ) }}"
    loop: '{{ find_command.results | selectattr(''matched'') | list }}'

  - name: Declare files where syscalls were found
    ansible.builtin.set_fact: found_paths="{{ find_command.results | map(attribute='files')
      | flatten | map(attribute='path') | list }}"

  - name: Count occurrences of syscalls in paths
    ansible.builtin.set_fact: found_paths_dict="{{ found_paths_dict | combine({ item:1+found_paths_dict.get(item,
      0) }) }}"
    loop: '{{ find_command.results | map(attribute=''files'') | flatten | map(attribute=''path'')
      | list }}'

  - name: Get path with most syscalls
    ansible.builtin.set_fact: audit_file="{{ (found_paths_dict | dict2items() | sort(attribute='value')
      | last).key }}"
    when: found_paths | length &gt;= 1

  - name: No file with syscall found, set path to /etc/audit/rules.d/perm_mod.rules
    ansible.builtin.set_fact: audit_file="/etc/audit/rules.d/perm_mod.rules"
    when: found_paths | length == 0

  - name: Declare found syscalls
    ansible.builtin.set_fact: syscalls_found="{{ find_command.results | selectattr('matched')
      | map(attribute='item') | list }}"

  - name: Declare missing syscalls
    ansible.builtin.set_fact: missing_syscalls="{{ syscalls | difference(syscalls_found)
      }}"

  - name: Replace the audit rule in {{ audit_file }}
    ansible.builtin.lineinfile:
      path: '{{ audit_file }}'
      regexp: (-a always,exit -F arch=b64)(?=.*(?:(?:-S |,)(?:{{ syscalls_per_file[audit_file]
        | join("|") }}))\b)((?:( -S |,)\w+)+)( -F auid&gt;=1000 -F auid!=unset (?:-k
        |-F key=)\w+)
      line: \1\2\3{{ missing_syscalls | join("\3") }}\4
      backrefs: true
      state: present
      mode: g-rwx,o-rwx
    when: syscalls_found | length &gt; 0 and missing_syscalls | length &gt; 0

  - name: Add the audit rule to {{ audit_file }}
    ansible.builtin.lineinfile:
      path: '{{ audit_file }}'
      line: -a always,exit -F arch=b64 -S {{ syscalls | join(',') }} -F auid&gt;=1000
        -F auid!=unset -F key=perm_mod
      create: true
      mode: g-rwx,o-rwx
      state: present
    when: syscalls_found | length == 0

  - name: Declare list of syscalls
    ansible.builtin.set_fact:
      syscalls:
      - lchown
      syscall_grouping:
      - chown
      - fchown
      - fchownat
      - lchown

  - name: Check existence of lchown in /etc/audit/audit.rules
    ansible.builtin.find:
      paths: /etc/audit
      contains: -a always,exit -F arch=b64(( -S |,)\w+)*(( -S |,){{ item }})+(( -S
        |,)\w+)* -F auid&gt;=1000 -F auid!=unset (-k\s+|-F\s+key=)\S+\s*$
      patterns: audit.rules
    register: find_command
    loop: '{{ (syscall_grouping + syscalls) | unique }}'

  - name: Set path to /etc/audit/audit.rules
    ansible.builtin.set_fact: audit_file="/etc/audit/audit.rules"

  - name: Declare found syscalls
    ansible.builtin.set_fact: syscalls_found="{{ find_command.results | selectattr('matched')
      | map(attribute='item') | list }}"

  - name: Declare missing syscalls
    ansible.builtin.set_fact: missing_syscalls="{{ syscalls | difference(syscalls_found)
      }}"

  - name: Replace the audit rule in {{ audit_file }}
    ansible.builtin.lineinfile:
      path: '{{ audit_file }}'
      regexp: (-a always,exit -F arch=b64)(?=.*(?:(?:-S |,)(?:{{ syscalls_found |
        join("|") }}))\b)((?:( -S |,)\w+)+)( -F auid&gt;=1000 -F auid!=unset (?:-k |-F
        key=)\w+)
      line: \1\2\3{{ missing_syscalls | join("\3") }}\4
      backrefs: true
      state: present
      mode: g-rwx,o-rwx
    when: syscalls_found | length &gt; 0 and missing_syscalls | length &gt; 0

  - name: Add the audit rule to {{ audit_file }}
    ansible.builtin.lineinfile:
      path: '{{ audit_file }}'
      line: -a always,exit -F arch=b64 -S {{ syscalls | join(',') }} -F auid&gt;=1000
        -F auid!=unset -F key=perm_mod
      create: true
      mode: g-rwx,o-rwx
      state: present
    when: syscalls_found | length == 0
  when:
  - '"audit" in ansible_facts.packages'
  - ("kernel-default" in ansible_facts.packages or "kernel-default-base" in ansible_facts.packages)
  - not ( ansible_architecture == "aarch64" )
  - audit_arch == "b64"
  tags:
  - CCE-85691-4
  - CJIS-5.4.1.1
  - DISA-STIG-SLES-15-030250
  - NIST-800-171-3.1.7
  - NIST-800-53-AU-12(a)
  - NIST-800-53-AU-12(c)
  - NIST-800-53-AU-12.1(ii)
  - NIST-800-53-AU-12.1(iv)
  - NIST-800-53-AU-3
  - NIST-800-53-AU-3.1
  - NIST-800-53-MA-4(1)(a)
  - PCI-DSS-Req-10.5.5
  - PCI-DSSv4-10.3
  - PCI-DSSv4-10.3.4
  - audit_rules_dac_modification_lchown
  - low_complexity
  - low_disruption
  - medium_severity
  - reboot_required
  - restrict_strategy
</fix>
          <check system="http://oval.mitre.org/XMLSchema/oval-definitions-5">
            <check-content-ref name="oval:ssg-audit_rules_dac_modification_lchown:def:1" href="ssg-sle15-oval.xml"/>
          </check>
          <check system="http://scap.nist.gov/schema/ocil/2">
            <check-content-ref name="ocil:ssg-audit_rules_dac_modification_lchown_ocil:questionnaire:1" href="ssg-sle15-ocil.xml"/>
          </check>
        </Rule>
        <Rule id="xccdf_org.ssgproject.content_rule_audit_rules_dac_modification_lremovexattr" selected="false" role="full" severity="medium">
          <title xmlns:xhtml="http://www.w3.org/1999/xhtml" xml:lang="en-US">Record Events that Modify the System's Discretionary Access Controls - lremovexattr</title>
          <description xmlns:xhtml="http://www.w3.org/1999/xhtml" xml:lang="en-US">At a minimum, the audit system should collect file permission
changes for all users and root.
<html:br xmlns:html="http://www.w3.org/1999/xhtml"/>
        <html:br xmlns:html="http://www.w3.org/1999/xhtml"/>
If the <html:code xmlns:html="http://www.w3.org/1999/xhtml">auditd</html:code> daemon is configured
to use the <html:code xmlns:html="http://www.w3.org/1999/xhtml">augenrules</html:code> program to read audit rules during daemon
startup (the default), add the following line to a file with suffix
<html:code xmlns:html="http://www.w3.org/1999/xhtml">.rules</html:code> in the directory <html:code xmlns:html="http://www.w3.org/1999/xhtml">/etc/audit/rules.d</html:code>:
<html:pre xmlns:html="http://www.w3.org/1999/xhtml">-a always,exit -F arch=b32 -S lremovexattr -F auid&gt;=1000 -F auid!=unset -F key=perm_mod</html:pre>
        <html:br xmlns:html="http://www.w3.org/1999/xhtml"/>
        <html:br xmlns:html="http://www.w3.org/1999/xhtml"/>
If the system is 64 bit then also add the following line:
<html:pre xmlns:html="http://www.w3.org/1999/xhtml">-a always,exit -F arch=b64 -S lremovexattr -F auid&gt;=1000 -F auid!=unset -F key=perm_mod</html:pre>
        <html:br xmlns:html="http://www.w3.org/1999/xhtml"/>
        <html:br xmlns:html="http://www.w3.org/1999/xhtml"/>
If the <html:code xmlns:html="http://www.w3.org/1999/xhtml">auditd</html:code> daemon is configured to use the <html:code xmlns:html="http://www.w3.org/1999/xhtml">auditctl</html:code>
utility to read audit rules during daemon startup, add the following line to
<html:code xmlns:html="http://www.w3.org/1999/xhtml">/etc/audit/audit.rules</html:code> file:
<html:pre xmlns:html="http://www.w3.org/1999/xhtml">-a always,exit -F arch=b32 -S lremovexattr -F auid&gt;=1000 -F auid!=unset -F key=perm_mod</html:pre>
        <html:br xmlns:html="http://www.w3.org/1999/xhtml"/>
        <html:br xmlns:html="http://www.w3.org/1999/xhtml"/>
If the system is 64 bit then also add the following line:
<html:pre xmlns:html="http://www.w3.org/1999/xhtml">-a always,exit -F arch=b64 -S lremovexattr -F auid&gt;=1000 -F auid!=unset -F key=perm_mod</html:pre>
       </description>
          <warning xmlns:xhtml="http://www.w3.org/1999/xhtml" xml:lang="en-US" category="general">Note that these rules can be configured in a
number of ways while still achieving the desired effect. Here the system calls
have been placed independent of other system calls. Grouping these system
calls with others as identifying earlier in this guide is more efficient.</warning>
          <reference href="https://www.cisecurity.org/controls/">1</reference>
          <reference href="https://www.cisecurity.org/controls/">11</reference>
          <reference href="https://www.cisecurity.org/controls/">12</reference>
          <reference href="https://www.cisecurity.org/controls/">13</reference>
          <reference href="https://www.cisecurity.org/controls/">14</reference>
          <reference href="https://www.cisecurity.org/controls/">15</reference>
          <reference href="https://www.cisecurity.org/controls/">16</reference>
          <reference href="https://www.cisecurity.org/controls/">19</reference>
          <reference href="https://www.cisecurity.org/controls/">2</reference>
          <reference href="https://www.cisecurity.org/controls/">3</reference>
          <reference href="https://www.cisecurity.org/controls/">4</reference>
          <reference href="https://www.cisecurity.org/controls/">5</reference>
          <reference href="https://www.cisecurity.org/controls/">6</reference>
          <reference href="https://www.cisecurity.org/controls/">7</reference>
          <reference href="https://www.cisecurity.org/controls/">8</reference>
          <reference href="https://www.cisecurity.org/controls/">9</reference>
          <reference href="https://www.fbi.gov/file-repository/cjis-security-policy-v5_5_20160601-2-1.pdf">5.4.1.1</reference>
          <reference href="https://www.isaca.org/resources/cobit">APO10.01</reference>
          <reference href="https://www.isaca.org/resources/cobit">APO10.03</reference>
          <reference href="https://www.isaca.org/resources/cobit">APO10.04</reference>
          <reference href="https://www.isaca.org/resources/cobit">APO10.05</reference>
          <reference href="https://www.isaca.org/resources/cobit">APO11.04</reference>
          <reference href="https://www.isaca.org/resources/cobit">APO12.06</reference>
          <reference href="https://www.isaca.org/resources/cobit">APO13.01</reference>
          <reference href="https://www.isaca.org/resources/cobit">BAI03.05</reference>
          <reference href="https://www.isaca.org/resources/cobit">BAI08.02</reference>
          <reference href="https://www.isaca.org/resources/cobit">DSS01.03</reference>
          <reference href="https://www.isaca.org/resources/cobit">DSS01.04</reference>
          <reference href="https://www.isaca.org/resources/cobit">DSS02.02</reference>
          <reference href="https://www.isaca.org/resources/cobit">DSS02.04</reference>
          <reference href="https://www.isaca.org/resources/cobit">DSS02.07</reference>
          <reference href="https://www.isaca.org/resources/cobit">DSS03.01</reference>
          <reference href="https://www.isaca.org/resources/cobit">DSS03.05</reference>
          <reference href="https://www.isaca.org/resources/cobit">DSS05.02</reference>
          <reference href="https://www.isaca.org/resources/cobit">DSS05.03</reference>
          <reference href="https://www.isaca.org/resources/cobit">DSS05.04</reference>
          <reference href="https://www.isaca.org/resources/cobit">DSS05.05</reference>
          <reference href="https://www.isaca.org/resources/cobit">DSS05.07</reference>
          <reference href="https://www.isaca.org/resources/cobit">MEA01.01</reference>
          <reference href="https://www.isaca.org/resources/cobit">MEA01.02</reference>
          <reference href="https://www.isaca.org/resources/cobit">MEA01.03</reference>
          <reference href="https://www.isaca.org/resources/cobit">MEA01.04</reference>
          <reference href="https://www.isaca.org/resources/cobit">MEA01.05</reference>
          <reference href="https://www.isaca.org/resources/cobit">MEA02.01</reference>
          <reference href="http://nvlpubs.nist.gov/nistpubs/SpecialPublications/NIST.SP.800-171.pdf">3.1.7</reference>
          <reference href="https://www.gpo.gov/fdsys/pkg/CFR-2007-title45-vol1/pdf/CFR-2007-title45-vol1-chapA-subchapC.pdf">164.308(a)(1)(ii)(D)</reference>
          <reference href="https://www.gpo.gov/fdsys/pkg/CFR-2007-title45-vol1/pdf/CFR-2007-title45-vol1-chapA-subchapC.pdf">164.308(a)(3)(ii)(A)</reference>
          <reference href="https://www.gpo.gov/fdsys/pkg/CFR-2007-title45-vol1/pdf/CFR-2007-title45-vol1-chapA-subchapC.pdf">164.308(a)(5)(ii)(C)</reference>
          <reference href="https://www.gpo.gov/fdsys/pkg/CFR-2007-title45-vol1/pdf/CFR-2007-title45-vol1-chapA-subchapC.pdf">164.312(a)(2)(i)</reference>
          <reference href="https://www.gpo.gov/fdsys/pkg/CFR-2007-title45-vol1/pdf/CFR-2007-title45-vol1-chapA-subchapC.pdf">164.312(b)</reference>
          <reference href="https://www.gpo.gov/fdsys/pkg/CFR-2007-title45-vol1/pdf/CFR-2007-title45-vol1-chapA-subchapC.pdf">164.312(d)</reference>
          <reference href="https://www.gpo.gov/fdsys/pkg/CFR-2007-title45-vol1/pdf/CFR-2007-title45-vol1-chapA-subchapC.pdf">164.312(e)</reference>
          <reference href="https://www.isa.org/products/isa-62443-2-1-2009-security-for-industrial-automat">4.2.3.10</reference>
          <reference href="https://www.isa.org/products/isa-62443-2-1-2009-security-for-industrial-automat">4.3.2.6.7</reference>
          <reference href="https://www.isa.org/products/isa-62443-2-1-2009-security-for-industrial-automat">4.3.3.3.9</reference>
          <reference href="https://www.isa.org/products/isa-62443-2-1-2009-security-for-industrial-automat">4.3.3.5.8</reference>
          <reference href="https://www.isa.org/products/isa-62443-2-1-2009-security-for-industrial-automat">4.3.3.6.6</reference>
          <reference href="https://www.isa.org/products/isa-62443-2-1-2009-security-for-industrial-automat">4.3.4.4.7</reference>
          <reference href="https://www.isa.org/products/isa-62443-2-1-2009-security-for-industrial-automat">4.3.4.5.6</reference>
          <reference href="https://www.isa.org/products/isa-62443-2-1-2009-security-for-industrial-automat">4.3.4.5.7</reference>
          <reference href="https://www.isa.org/products/isa-62443-2-1-2009-security-for-industrial-automat">4.3.4.5.8</reference>
          <reference href="https://www.isa.org/products/isa-62443-2-1-2009-security-for-industrial-automat">4.4.2.1</reference>
          <reference href="https://www.isa.org/products/isa-62443-2-1-2009-security-for-industrial-automat">4.4.2.2</reference>
          <reference href="https://www.isa.org/products/isa-62443-2-1-2009-security-for-industrial-automat">4.4.2.4</reference>
          <reference href="https://www.isa.org/products/ansi-isa-62443-3-3-99-03-03-2013-security-for-indu">SR 1.13</reference>
          <reference href="https://www.isa.org/products/ansi-isa-62443-3-3-99-03-03-2013-security-for-indu">SR 2.10</reference>
          <reference href="https://www.isa.org/products/ansi-isa-62443-3-3-99-03-03-2013-security-for-indu">SR 2.11</reference>
          <reference href="https://www.isa.org/products/ansi-isa-62443-3-3-99-03-03-2013-security-for-indu">SR 2.12</reference>
          <reference href="https://www.isa.org/products/ansi-isa-62443-3-3-99-03-03-2013-security-for-indu">SR 2.6</reference>
          <reference href="https://www.isa.org/products/ansi-isa-62443-3-3-99-03-03-2013-security-for-indu">SR 2.8</reference>
          <reference href="https://www.isa.org/products/ansi-isa-62443-3-3-99-03-03-2013-security-for-indu">SR 2.9</reference>
          <reference href="https://www.isa.org/products/ansi-isa-62443-3-3-99-03-03-2013-security-for-indu">SR 3.1</reference>
          <reference href="https://www.isa.org/products/ansi-isa-62443-3-3-99-03-03-2013-security-for-indu">SR 3.5</reference>
          <reference href="https://www.isa.org/products/ansi-isa-62443-3-3-99-03-03-2013-security-for-indu">SR 3.8</reference>
          <reference href="https://www.isa.org/products/ansi-isa-62443-3-3-99-03-03-2013-security-for-indu">SR 4.1</reference>
          <reference href="https://www.isa.org/products/ansi-isa-62443-3-3-99-03-03-2013-security-for-indu">SR 4.3</reference>
          <reference href="https://www.isa.org/products/ansi-isa-62443-3-3-99-03-03-2013-security-for-indu">SR 5.1</reference>
          <reference href="https://www.isa.org/products/ansi-isa-62443-3-3-99-03-03-2013-security-for-indu">SR 5.2</reference>
          <reference href="https://www.isa.org/products/ansi-isa-62443-3-3-99-03-03-2013-security-for-indu">SR 5.3</reference>
          <reference href="https://www.isa.org/products/ansi-isa-62443-3-3-99-03-03-2013-security-for-indu">SR 6.1</reference>
          <reference href="https://www.isa.org/products/ansi-isa-62443-3-3-99-03-03-2013-security-for-indu">SR 6.2</reference>
          <reference href="https://www.isa.org/products/ansi-isa-62443-3-3-99-03-03-2013-security-for-indu">SR 7.1</reference>
          <reference href="https://www.isa.org/products/ansi-isa-62443-3-3-99-03-03-2013-security-for-indu">SR 7.6</reference>
          <reference href="https://www.iso.org/contents/data/standard/05/45/54534.html">A.11.2.6</reference>
          <reference href="https://www.iso.org/contents/data/standard/05/45/54534.html">A.12.4.1</reference>
          <reference href="https://www.iso.org/contents/data/standard/05/45/54534.html">A.12.4.2</reference>
          <reference href="https://www.iso.org/contents/data/standard/05/45/54534.html">A.12.4.3</reference>
          <reference href="https://www.iso.org/contents/data/standard/05/45/54534.html">A.12.4.4</reference>
          <reference href="https://www.iso.org/contents/data/standard/05/45/54534.html">A.12.7.1</reference>
          <reference href="https://www.iso.org/contents/data/standard/05/45/54534.html">A.13.1.1</reference>
          <reference href="https://www.iso.org/contents/data/standard/05/45/54534.html">A.13.2.1</reference>
          <reference href="https://www.iso.org/contents/data/standard/05/45/54534.html">A.14.1.3</reference>
          <reference href="https://www.iso.org/contents/data/standard/05/45/54534.html">A.14.2.7</reference>
          <reference href="https://www.iso.org/contents/data/standard/05/45/54534.html">A.15.2.1</reference>
          <reference href="https://www.iso.org/contents/data/standard/05/45/54534.html">A.15.2.2</reference>
          <reference href="https://www.iso.org/contents/data/standard/05/45/54534.html">A.16.1.4</reference>
          <reference href="https://www.iso.org/contents/data/standard/05/45/54534.html">A.16.1.5</reference>
          <reference href="https://www.iso.org/contents/data/standard/05/45/54534.html">A.16.1.7</reference>
          <reference href="https://www.iso.org/contents/data/standard/05/45/54534.html">A.6.2.1</reference>
          <reference href="https://www.iso.org/contents/data/standard/05/45/54534.html">A.6.2.2</reference>
          <reference href="http://nvlpubs.nist.gov/nistpubs/SpecialPublications/NIST.SP.800-53r4.pdf">AU-3</reference>
          <reference href="http://nvlpubs.nist.gov/nistpubs/SpecialPublications/NIST.SP.800-53r4.pdf">AU-3.1</reference>
          <reference href="http://nvlpubs.nist.gov/nistpubs/SpecialPublications/NIST.SP.800-53r4.pdf">AU-12(c)</reference>
          <reference href="http://nvlpubs.nist.gov/nistpubs/SpecialPublications/NIST.SP.800-53r4.pdf">AU-12.1(iv)</reference>
          <reference href="http://nvlpubs.nist.gov/nistpubs/SpecialPublications/NIST.SP.800-53r4.pdf">AU-12(a)</reference>
          <reference href="http://nvlpubs.nist.gov/nistpubs/SpecialPublications/NIST.SP.800-53r4.pdf">AU-12.1(ii)</reference>
          <reference href="http://nvlpubs.nist.gov/nistpubs/SpecialPublications/NIST.SP.800-53r4.pdf">MA-4(1)(a)</reference>
          <reference href="https://nvlpubs.nist.gov/nistpubs/CSWP/NIST.CSWP.04162018.pdf">DE.AE-3</reference>
          <reference href="https://nvlpubs.nist.gov/nistpubs/CSWP/NIST.CSWP.04162018.pdf">DE.AE-5</reference>
          <reference href="https://nvlpubs.nist.gov/nistpubs/CSWP/NIST.CSWP.04162018.pdf">DE.CM-1</reference>
          <reference href="https://nvlpubs.nist.gov/nistpubs/CSWP/NIST.CSWP.04162018.pdf">DE.CM-3</reference>
          <reference href="https://nvlpubs.nist.gov/nistpubs/CSWP/NIST.CSWP.04162018.pdf">DE.CM-7</reference>
          <reference href="https://nvlpubs.nist.gov/nistpubs/CSWP/NIST.CSWP.04162018.pdf">ID.SC-4</reference>
          <reference href="https://nvlpubs.nist.gov/nistpubs/CSWP/NIST.CSWP.04162018.pdf">PR.AC-3</reference>
          <reference href="https://nvlpubs.nist.gov/nistpubs/CSWP/NIST.CSWP.04162018.pdf">PR.PT-1</reference>
          <reference href="https://nvlpubs.nist.gov/nistpubs/CSWP/NIST.CSWP.04162018.pdf">PR.PT-4</reference>
          <reference href="https://nvlpubs.nist.gov/nistpubs/CSWP/NIST.CSWP.04162018.pdf">RS.AN-1</reference>
          <reference href="https://nvlpubs.nist.gov/nistpubs/CSWP/NIST.CSWP.04162018.pdf">RS.AN-4</reference>
          <reference href="https://www.pcisecuritystandards.org/documents/PCI_DSS_v3-2-1.pdf">Req-10.5.5</reference>
          <reference href="https://www.cyber.mil/stigs/downloads/?_dl_facet_stigs=operating-systems%2Cgeneral-purpose-os">SRG-OS-000037-GPOS-00015</reference>
          <reference href="https://www.cyber.mil/stigs/downloads/?_dl_facet_stigs=operating-systems%2Cgeneral-purpose-os">SRG-OS-000042-GPOS-00020</reference>
          <reference href="https://www.cyber.mil/stigs/downloads/?_dl_facet_stigs=operating-systems%2Cgeneral-purpose-os">SRG-OS-000062-GPOS-00031</reference>
          <reference href="https://www.cyber.mil/stigs/downloads/?_dl_facet_stigs=operating-systems%2Cgeneral-purpose-os">SRG-OS-000392-GPOS-00172</reference>
          <reference href="https://www.cyber.mil/stigs/downloads/?_dl_facet_stigs=operating-systems%2Cgeneral-purpose-os">SRG-OS-000458-GPOS-00203</reference>
          <reference href="https://www.cyber.mil/stigs/downloads/?_dl_facet_stigs=operating-systems%2Cgeneral-purpose-os">SRG-OS-000462-GPOS-00206</reference>
          <reference href="https://www.cyber.mil/stigs/downloads/?_dl_facet_stigs=operating-systems%2Cgeneral-purpose-os">SRG-OS-000463-GPOS-00207</reference>
          <reference href="https://www.cyber.mil/stigs/downloads/?_dl_facet_stigs=operating-systems%2Cgeneral-purpose-os">SRG-OS-000468-GPOS-00212</reference>
          <reference href="https://www.cyber.mil/stigs/downloads/?_dl_facet_stigs=operating-systems%2Cgeneral-purpose-os">SRG-OS-000471-GPOS-00215</reference>
          <reference href="https://www.cyber.mil/stigs/downloads/?_dl_facet_stigs=operating-systems%2Cgeneral-purpose-os">SRG-OS-000474-GPOS-00219</reference>
          <reference href="https://www.cyber.mil/stigs/downloads/?_dl_facet_stigs=operating-systems%2Cgeneral-purpose-os">SRG-OS-000466-GPOS-00210</reference>
          <reference href="https://www.cyber.mil/stigs/downloads/?_dl_facet_stigs=operating-systems%2Cgeneral-purpose-os">SRG-OS-000064-GPOS-00033</reference>
          <reference href="https://www.cyber.mil/stigs/downloads/?_dl_facet_stigs=app-security">SRG-APP-000091-CTR-000160</reference>
          <reference href="https://www.cyber.mil/stigs/downloads/?_dl_facet_stigs=app-security">SRG-APP-000492-CTR-001220</reference>
          <reference href="https://www.cyber.mil/stigs/downloads/?_dl_facet_stigs=app-security">SRG-APP-000493-CTR-001225</reference>
          <reference href="https://www.cyber.mil/stigs/downloads/?_dl_facet_stigs=app-security">SRG-APP-000494-CTR-001230</reference>
          <reference href="https://www.cyber.mil/stigs/downloads/?_dl_facet_stigs=app-security">SRG-APP-000500-CTR-001260</reference>
          <reference href="https://www.cyber.mil/stigs/downloads/?_dl_facet_stigs=app-security">SRG-APP-000507-CTR-001295</reference>
          <reference href="https://www.cyber.mil/stigs/downloads/?_dl_facet_stigs=app-security">SRG-APP-000495-CTR-001235</reference>
          <reference href="https://www.cyber.mil/stigs/downloads/?_dl_facet_stigs=app-security">SRG-APP-000496-CTR-001240</reference>
          <reference href="https://www.cyber.mil/stigs/downloads/?_dl_facet_stigs=app-security">SRG-APP-000497-CTR-001245</reference>
          <reference href="https://www.cyber.mil/stigs/downloads/?_dl_facet_stigs=app-security">SRG-APP-000498-CTR-001250</reference>
          <reference href="https://www.cyber.mil/stigs/downloads/?_dl_facet_stigs=app-security">SRG-APP-000499-CTR-001255</reference>
          <reference href="https://www.cyber.mil/stigs/downloads/?_dl_facet_stigs=app-security">SRG-APP-000501-CTR-001265</reference>
          <reference href="https://www.cyber.mil/stigs/downloads/?_dl_facet_stigs=app-security">SRG-APP-000502-CTR-001270</reference>
          <reference href="https://www.cyber.mil/stigs/downloads/?_dl_facet_stigs=operating-systems%2Cunix-linux">SLES-15-030190</reference>
          <reference href="https://www.cisecurity.org/benchmark/suse_linux/">4.1.9</reference>
          <reference href="https://cyber.gouv.fr/sites/default/files/document/linux_configuration-en-v2.pdf">R73</reference>
          <reference href="not_publicly_available">SLES-15-750450255</reference>
          <reference href="https://docs-prv.pcisecuritystandards.org/PCI%20DSS/Standard/PCI-DSS-v4_0.pdf">10.3.4</reference>
          <reference href="https://docs-prv.pcisecuritystandards.org/PCI%20DSS/Standard/PCI-DSS-v4_0.pdf">10.3</reference>
          <reference href="https://www.cyber.mil/stigs/srg-stig-tools/">SV-234918r958412_rule</reference>
          <rationale xmlns:xhtml="http://www.w3.org/1999/xhtml" xml:lang="en-US">The changing of file permissions could indicate that a user is attempting to
gain access to information that would otherwise be disallowed. Auditing DAC modifications
can facilitate the identification of patterns of abuse among both authorized and
unauthorized users.</rationale>
          <ident system="https://ncp.nist.gov/cce">CCE-85685-6</ident>
          <fix xmlns:xhtml="http://www.w3.org/1999/xhtml" id="audit_rules_dac_modification_lremovexattr" system="urn:xccdf:fix:script:sh"># Remediation is applicable only in certain platforms
if rpm --quiet -q audit &amp;&amp; rpm --quiet -q kernel-default || rpm --quiet -q kernel-default-base; then

# First perform the remediation of the syscall rule
# Retrieve hardware architecture of the underlying system
[ "$(getconf LONG_BIT)" = "32" ] &amp;&amp; RULE_ARCHS=("b32") || RULE_ARCHS=("b32" "b64")

for ARCH in "${RULE_ARCHS[@]}"
do
	ACTION_ARCH_FILTERS="-a always,exit -F arch=$ARCH"
	OTHER_FILTERS=""
	AUID_FILTERS="-F auid&gt;=1000 -F auid!=unset"
	SYSCALL="lremovexattr"
	KEY="perm_mod"
	SYSCALL_GROUPING="fremovexattr lremovexattr removexattr fsetxattr lsetxattr setxattr"

	# Perform the remediation for both possible tools: 'auditctl' and 'augenrules'
	unset syscall_a
unset syscall_grouping
unset syscall_string
unset syscall
unset file_to_edit
unset rule_to_edit
unset rule_syscalls_to_edit
unset other_string
unset auid_string
unset full_rule

# Load macro arguments into arrays
read -a syscall_a &lt;&lt;&lt; $SYSCALL
read -a syscall_grouping &lt;&lt;&lt; $SYSCALL_GROUPING

# Create a list of audit *.rules files that should be inspected for presence and correctness
# of a particular audit rule. The scheme is as follows:
#
# -----------------------------------------------------------------------------------------
#  Tool used to load audit rules | Rule already defined  |  Audit rules file to inspect    |
# -----------------------------------------------------------------------------------------
#        auditctl                |     Doesn't matter    |  /etc/audit/audit.rules         |
# -----------------------------------------------------------------------------------------
#        augenrules              |          Yes          |  /etc/audit/rules.d/*.rules     |
#        augenrules              |          No           |  /etc/audit/rules.d/$key.rules  |
# -----------------------------------------------------------------------------------------
#
files_to_inspect=()

# If audit tool is 'augenrules', then check if the audit rule is defined
# If rule is defined, add '/etc/audit/rules.d/*.rules' to the list for inspection
# If rule isn't defined yet, add '/etc/audit/rules.d/$key.rules' to the list for inspection
default_file="/etc/audit/rules.d/$KEY.rules"
# As other_filters may include paths, lets use a different delimiter for it
# The "F" script expression tells sed to print the filenames where the expressions matched
readarray -t files_to_inspect &lt; &lt;(sed -s -n -e "/^$ACTION_ARCH_FILTERS/!d" -e "\#$OTHER_FILTERS#!d" -e "/$AUID_FILTERS/!d" -e "F" /etc/audit/rules.d/*.rules)
# Case when particular rule isn't defined in /etc/audit/rules.d/*.rules yet
if [ ${#files_to_inspect[@]} -eq "0" ]
then
    file_to_inspect="/etc/audit/rules.d/$KEY.rules"
    files_to_inspect=("$file_to_inspect")
    if [ ! -e "$file_to_inspect" ]
    then
        touch "$file_to_inspect"
        chmod 0600 "$file_to_inspect"
    fi
fi

# After converting to jinja, we cannot return; therefore we skip the rest of the macro if needed instead
skip=1

for audit_file in "${files_to_inspect[@]}"
do
    # Filter existing $audit_file rules' definitions to select those that satisfy the rule pattern,
    # i.e, collect rules that match:
    # * the action, list and arch, (2-nd argument)
    # * the other filters, (3-rd argument)
    # * the auid filters, (4-rd argument)
    readarray -t similar_rules &lt; &lt;(sed -e "/^$ACTION_ARCH_FILTERS/!d"  -e "\#$OTHER_FILTERS#!d" -e "/$AUID_FILTERS/!d" "$audit_file")

    candidate_rules=()
    # Filter out rules that have more fields then required. This will remove rules more specific than the required scope
    for s_rule in "${similar_rules[@]}"
    do
        # Strip all the options and fields we know of,
        # than check if there was any field left over
        extra_fields=$(sed -E -e "s/^$ACTION_ARCH_FILTERS//"  -e "s#$OTHER_FILTERS##" -e "s/$AUID_FILTERS//" -e "s/((:?-S [[:alnum:],]+)+)//g" -e "s/-F key=\w+|-k \w+//"&lt;&lt;&lt; "$s_rule")
        grep -q -- "-F" &lt;&lt;&lt; "$extra_fields" || candidate_rules+=("$s_rule")
    done

    if [[ ${#syscall_a[@]} -ge 1 ]]
    then
        # Check if the syscall we want is present in any of the similar existing rules
        for rule in "${candidate_rules[@]}"
        do
            rule_syscalls=$(echo "$rule" | grep -o -P '(-S [\w,]+)+' | xargs)
            all_syscalls_found=0
            for syscall in "${syscall_a[@]}"
            do
                grep -q -- "\b${syscall}\b" &lt;&lt;&lt; "$rule_syscalls" || {
                   # A syscall was not found in the candidate rule
                   all_syscalls_found=1
                   }
            done
            if [[ $all_syscalls_found -eq 0 ]]
            then
                # We found a rule with all the syscall(s) we want; skip rest of macro
                skip=0
                break
            fi

            # Check if this rule can be grouped with our target syscall and keep track of it
            for syscall_g in "${syscall_grouping[@]}"
            do
                if grep -q -- "\b${syscall_g}\b" &lt;&lt;&lt; "$rule_syscalls"
                then
                    file_to_edit=${audit_file}
                    rule_to_edit=${rule}
                    rule_syscalls_to_edit=${rule_syscalls}
                fi
            done
        done
    else
        # If there is any candidate rule, it is compliant; skip rest of macro
        if [ "${#candidate_rules[@]}" -gt 0 ]
        then
            skip=0
        fi
    fi

    if [ "$skip" -eq 0 ]; then
        break
    fi
done

if [ "$skip" -ne 0 ]; then
    # We checked all rules that matched the expected resemblance pattern (action, arch &amp; auid)
    # At this point we know if we need to either append the $full_rule or group
    # the syscall together with an exsiting rule

    # Append the full_rule if it cannot be grouped to any other rule
    if [ -z ${rule_to_edit+x} ]
    then
        # Build full_rule while avoid adding double spaces when other_filters is empty
        if [ "${#syscall_a[@]}" -gt 0 ]
        then
            syscall_string=""
            for syscall in "${syscall_a[@]}"
            do
                syscall_string+=" -S $syscall"
            done
        fi
        other_string=$([[ $OTHER_FILTERS ]] &amp;&amp; echo " $OTHER_FILTERS") || /bin/true
        auid_string=$([[ $AUID_FILTERS ]] &amp;&amp; echo " $AUID_FILTERS") || /bin/true
        full_rule="$ACTION_ARCH_FILTERS${syscall_string}${other_string}${auid_string} -F key=$KEY" || /bin/true
        echo "$full_rule" &gt;&gt; "$default_file"
        chmod 0600 ${default_file}
    else
        # Check if the syscalls are declared as a comma separated list or
        # as multiple -S parameters
        if grep -q -- "," &lt;&lt;&lt; "${rule_syscalls_to_edit}"
        then
            delimiter=","
        else
            delimiter=" -S "
        fi
        new_grouped_syscalls="${rule_syscalls_to_edit}"
        for syscall in "${syscall_a[@]}"
        do
            grep -q -- "\b${syscall}\b" &lt;&lt;&lt; "${rule_syscalls_to_edit}" || {
               # A syscall was not found in the candidate rule
               new_grouped_syscalls+="${delimiter}${syscall}"
               }
        done

        # Group the syscall in the rule
        sed -i -e "\#${rule_to_edit}#s#${rule_syscalls_to_edit}#${new_grouped_syscalls}#" "$file_to_edit"
    fi
fi
	unset syscall_a
unset syscall_grouping
unset syscall_string
unset syscall
unset file_to_edit
unset rule_to_edit
unset rule_syscalls_to_edit
unset other_string
unset auid_string
unset full_rule

# Load macro arguments into arrays
read -a syscall_a &lt;&lt;&lt; $SYSCALL
read -a syscall_grouping &lt;&lt;&lt; $SYSCALL_GROUPING

# Create a list of audit *.rules files that should be inspected for presence and correctness
# of a particular audit rule. The scheme is as follows:
#
# -----------------------------------------------------------------------------------------
#  Tool used to load audit rules | Rule already defined  |  Audit rules file to inspect    |
# -----------------------------------------------------------------------------------------
#        auditctl                |     Doesn't matter    |  /etc/audit/audit.rules         |
# -----------------------------------------------------------------------------------------
#        augenrules              |          Yes          |  /etc/audit/rules.d/*.rules     |
#        augenrules              |          No           |  /etc/audit/rules.d/$key.rules  |
# -----------------------------------------------------------------------------------------
#
files_to_inspect=()


# If audit tool is 'auditctl', then add '/etc/audit/audit.rules'
# file to the list of files to be inspected
default_file="/etc/audit/audit.rules"
files_to_inspect+=('/etc/audit/audit.rules' )

# After converting to jinja, we cannot return; therefore we skip the rest of the macro if needed instead
skip=1

for audit_file in "${files_to_inspect[@]}"
do
    # Filter existing $audit_file rules' definitions to select those that satisfy the rule pattern,
    # i.e, collect rules that match:
    # * the action, list and arch, (2-nd argument)
    # * the other filters, (3-rd argument)
    # * the auid filters, (4-rd argument)
    readarray -t similar_rules &lt; &lt;(sed -e "/^$ACTION_ARCH_FILTERS/!d"  -e "\#$OTHER_FILTERS#!d" -e "/$AUID_FILTERS/!d" "$audit_file")

    candidate_rules=()
    # Filter out rules that have more fields then required. This will remove rules more specific than the required scope
    for s_rule in "${similar_rules[@]}"
    do
        # Strip all the options and fields we know of,
        # than check if there was any field left over
        extra_fields=$(sed -E -e "s/^$ACTION_ARCH_FILTERS//"  -e "s#$OTHER_FILTERS##" -e "s/$AUID_FILTERS//" -e "s/((:?-S [[:alnum:],]+)+)//g" -e "s/-F key=\w+|-k \w+//"&lt;&lt;&lt; "$s_rule")
        grep -q -- "-F" &lt;&lt;&lt; "$extra_fields" || candidate_rules+=("$s_rule")
    done

    if [[ ${#syscall_a[@]} -ge 1 ]]
    then
        # Check if the syscall we want is present in any of the similar existing rules
        for rule in "${candidate_rules[@]}"
        do
            rule_syscalls=$(echo "$rule" | grep -o -P '(-S [\w,]+)+' | xargs)
            all_syscalls_found=0
            for syscall in "${syscall_a[@]}"
            do
                grep -q -- "\b${syscall}\b" &lt;&lt;&lt; "$rule_syscalls" || {
                   # A syscall was not found in the candidate rule
                   all_syscalls_found=1
                   }
            done
            if [[ $all_syscalls_found -eq 0 ]]
            then
                # We found a rule with all the syscall(s) we want; skip rest of macro
                skip=0
                break
            fi

            # Check if this rule can be grouped with our target syscall and keep track of it
            for syscall_g in "${syscall_grouping[@]}"
            do
                if grep -q -- "\b${syscall_g}\b" &lt;&lt;&lt; "$rule_syscalls"
                then
                    file_to_edit=${audit_file}
                    rule_to_edit=${rule}
                    rule_syscalls_to_edit=${rule_syscalls}
                fi
            done
        done
    else
        # If there is any candidate rule, it is compliant; skip rest of macro
        if [ "${#candidate_rules[@]}" -gt 0 ]
        then
            skip=0
        fi
    fi

    if [ "$skip" -eq 0 ]; then
        break
    fi
done

if [ "$skip" -ne 0 ]; then
    # We checked all rules that matched the expected resemblance pattern (action, arch &amp; auid)
    # At this point we know if we need to either append the $full_rule or group
    # the syscall together with an exsiting rule

    # Append the full_rule if it cannot be grouped to any other rule
    if [ -z ${rule_to_edit+x} ]
    then
        # Build full_rule while avoid adding double spaces when other_filters is empty
        if [ "${#syscall_a[@]}" -gt 0 ]
        then
            syscall_string=""
            for syscall in "${syscall_a[@]}"
            do
                syscall_string+=" -S $syscall"
            done
        fi
        other_string=$([[ $OTHER_FILTERS ]] &amp;&amp; echo " $OTHER_FILTERS") || /bin/true
        auid_string=$([[ $AUID_FILTERS ]] &amp;&amp; echo " $AUID_FILTERS") || /bin/true
        full_rule="$ACTION_ARCH_FILTERS${syscall_string}${other_string}${auid_string} -F key=$KEY" || /bin/true
        echo "$full_rule" &gt;&gt; "$default_file"
        chmod 0600 ${default_file}
    else
        # Check if the syscalls are declared as a comma separated list or
        # as multiple -S parameters
        if grep -q -- "," &lt;&lt;&lt; "${rule_syscalls_to_edit}"
        then
            delimiter=","
        else
            delimiter=" -S "
        fi
        new_grouped_syscalls="${rule_syscalls_to_edit}"
        for syscall in "${syscall_a[@]}"
        do
            grep -q -- "\b${syscall}\b" &lt;&lt;&lt; "${rule_syscalls_to_edit}" || {
               # A syscall was not found in the candidate rule
               new_grouped_syscalls+="${delimiter}${syscall}"
               }
        done

        # Group the syscall in the rule
        sed -i -e "\#${rule_to_edit}#s#${rule_syscalls_to_edit}#${new_grouped_syscalls}#" "$file_to_edit"
    fi
fi
done

else
    &gt;&amp;2 echo 'Remediation is not applicable, nothing was done'
fi
</fix>
          <fix xmlns:xhtml="http://www.w3.org/1999/xhtml" id="audit_rules_dac_modification_lremovexattr" system="urn:xccdf:fix:script:ansible" reboot="true" complexity="low" disruption="low" strategy="restrict">- name: Gather the package facts
  package_facts:
    manager: auto
  tags:
  - CCE-85685-6
  - CJIS-5.4.1.1
  - DISA-STIG-SLES-15-030190
  - NIST-800-171-3.1.7
  - NIST-800-53-AU-12(a)
  - NIST-800-53-AU-12(c)
  - NIST-800-53-AU-12.1(ii)
  - NIST-800-53-AU-12.1(iv)
  - NIST-800-53-AU-3
  - NIST-800-53-AU-3.1
  - NIST-800-53-MA-4(1)(a)
  - PCI-DSS-Req-10.5.5
  - PCI-DSSv4-10.3
  - PCI-DSSv4-10.3.4
  - audit_rules_dac_modification_lremovexattr
  - low_complexity
  - low_disruption
  - medium_severity
  - reboot_required
  - restrict_strategy

- name: Set architecture for audit lremovexattr tasks
  ansible.builtin.set_fact:
    audit_arch: b64
  when:
  - '"audit" in ansible_facts.packages'
  - ("kernel-default" in ansible_facts.packages or "kernel-default-base" in ansible_facts.packages)
  - ansible_architecture == "aarch64" or ansible_architecture == "ppc64" or ansible_architecture
    == "ppc64le" or ansible_architecture == "s390x" or ansible_architecture == "x86_64"
  tags:
  - CCE-85685-6
  - CJIS-5.4.1.1
  - DISA-STIG-SLES-15-030190
  - NIST-800-171-3.1.7
  - NIST-800-53-AU-12(a)
  - NIST-800-53-AU-12(c)
  - NIST-800-53-AU-12.1(ii)
  - NIST-800-53-AU-12.1(iv)
  - NIST-800-53-AU-3
  - NIST-800-53-AU-3.1
  - NIST-800-53-MA-4(1)(a)
  - PCI-DSS-Req-10.5.5
  - PCI-DSSv4-10.3
  - PCI-DSSv4-10.3.4
  - audit_rules_dac_modification_lremovexattr
  - low_complexity
  - low_disruption
  - medium_severity
  - reboot_required
  - restrict_strategy

- name: Perform remediation of Audit rules for lremovexattr for 32bit platform
  block:

  - name: Declare list of syscalls
    ansible.builtin.set_fact:
      syscalls:
      - lremovexattr
      syscall_grouping:
      - fremovexattr
      - lremovexattr
      - removexattr
      - fsetxattr
      - lsetxattr
      - setxattr

  - name: Check existence of lremovexattr in /etc/audit/rules.d/
    ansible.builtin.find:
      paths: /etc/audit/rules.d
      contains: -a always,exit -F arch=b32(( -S |,)\w+)*(( -S |,){{ item }})+(( -S
        |,)\w+)* -F auid&gt;=1000 -F auid!=unset (-k\s+|-F\s+key=)\S+\s*$
      patterns: '*.rules'
    register: find_command
    loop: '{{ (syscall_grouping + syscalls) | unique }}'

  - name: Reset syscalls found per file
    ansible.builtin.set_fact:
      syscalls_per_file: {}
      found_paths_dict: {}

  - name: Declare syscalls found per file
    ansible.builtin.set_fact: syscalls_per_file="{{ syscalls_per_file | combine( {item.files[0].path
      :[item.item] + syscalls_per_file.get(item.files[0].path, []) } ) }}"
    loop: '{{ find_command.results | selectattr(''matched'') | list }}'

  - name: Declare files where syscalls were found
    ansible.builtin.set_fact: found_paths="{{ find_command.results | map(attribute='files')
      | flatten | map(attribute='path') | list }}"

  - name: Count occurrences of syscalls in paths
    ansible.builtin.set_fact: found_paths_dict="{{ found_paths_dict | combine({ item:1+found_paths_dict.get(item,
      0) }) }}"
    loop: '{{ find_command.results | map(attribute=''files'') | flatten | map(attribute=''path'')
      | list }}'

  - name: Get path with most syscalls
    ansible.builtin.set_fact: audit_file="{{ (found_paths_dict | dict2items() | sort(attribute='value')
      | last).key }}"
    when: found_paths | length &gt;= 1

  - name: No file with syscall found, set path to /etc/audit/rules.d/perm_mod.rules
    ansible.builtin.set_fact: audit_file="/etc/audit/rules.d/perm_mod.rules"
    when: found_paths | length == 0

  - name: Declare found syscalls
    ansible.builtin.set_fact: syscalls_found="{{ find_command.results | selectattr('matched')
      | map(attribute='item') | list }}"

  - name: Declare missing syscalls
    ansible.builtin.set_fact: missing_syscalls="{{ syscalls | difference(syscalls_found)
      }}"

  - name: Replace the audit rule in {{ audit_file }}
    ansible.builtin.lineinfile:
      path: '{{ audit_file }}'
      regexp: (-a always,exit -F arch=b32)(?=.*(?:(?:-S |,)(?:{{ syscalls_per_file[audit_file]
        | join("|") }}))\b)((?:( -S |,)\w+)+)( -F auid&gt;=1000 -F auid!=unset (?:-k
        |-F key=)\w+)
      line: \1\2\3{{ missing_syscalls | join("\3") }}\4
      backrefs: true
      state: present
      mode: g-rwx,o-rwx
    when: syscalls_found | length &gt; 0 and missing_syscalls | length &gt; 0

  - name: Add the audit rule to {{ audit_file }}
    ansible.builtin.lineinfile:
      path: '{{ audit_file }}'
      line: -a always,exit -F arch=b32 -S {{ syscalls | join(',') }} -F auid&gt;=1000
        -F auid!=unset -F key=perm_mod
      create: true
      mode: g-rwx,o-rwx
      state: present
    when: syscalls_found | length == 0

  - name: Declare list of syscalls
    ansible.builtin.set_fact:
      syscalls:
      - lremovexattr
      syscall_grouping:
      - fremovexattr
      - lremovexattr
      - removexattr
      - fsetxattr
      - lsetxattr
      - setxattr

  - name: Check existence of lremovexattr in /etc/audit/audit.rules
    ansible.builtin.find:
      paths: /etc/audit
      contains: -a always,exit -F arch=b32(( -S |,)\w+)*(( -S |,){{ item }})+(( -S
        |,)\w+)* -F auid&gt;=1000 -F auid!=unset (-k\s+|-F\s+key=)\S+\s*$
      patterns: audit.rules
    register: find_command
    loop: '{{ (syscall_grouping + syscalls) | unique }}'

  - name: Set path to /etc/audit/audit.rules
    ansible.builtin.set_fact: audit_file="/etc/audit/audit.rules"

  - name: Declare found syscalls
    ansible.builtin.set_fact: syscalls_found="{{ find_command.results | selectattr('matched')
      | map(attribute='item') | list }}"

  - name: Declare missing syscalls
    ansible.builtin.set_fact: missing_syscalls="{{ syscalls | difference(syscalls_found)
      }}"

  - name: Replace the audit rule in {{ audit_file }}
    ansible.builtin.lineinfile:
      path: '{{ audit_file }}'
      regexp: (-a always,exit -F arch=b32)(?=.*(?:(?:-S |,)(?:{{ syscalls_found |
        join("|") }}))\b)((?:( -S |,)\w+)+)( -F auid&gt;=1000 -F auid!=unset (?:-k |-F
        key=)\w+)
      line: \1\2\3{{ missing_syscalls | join("\3") }}\4
      backrefs: true
      state: present
      mode: g-rwx,o-rwx
    when: syscalls_found | length &gt; 0 and missing_syscalls | length &gt; 0

  - name: Add the audit rule to {{ audit_file }}
    ansible.builtin.lineinfile:
      path: '{{ audit_file }}'
      line: -a always,exit -F arch=b32 -S {{ syscalls | join(',') }} -F auid&gt;=1000
        -F auid!=unset -F key=perm_mod
      create: true
      mode: g-rwx,o-rwx
      state: present
    when: syscalls_found | length == 0
  when:
  - '"audit" in ansible_facts.packages'
  - ("kernel-default" in ansible_facts.packages or "kernel-default-base" in ansible_facts.packages)
  tags:
  - CCE-85685-6
  - CJIS-5.4.1.1
  - DISA-STIG-SLES-15-030190
  - NIST-800-171-3.1.7
  - NIST-800-53-AU-12(a)
  - NIST-800-53-AU-12(c)
  - NIST-800-53-AU-12.1(ii)
  - NIST-800-53-AU-12.1(iv)
  - NIST-800-53-AU-3
  - NIST-800-53-AU-3.1
  - NIST-800-53-MA-4(1)(a)
  - PCI-DSS-Req-10.5.5
  - PCI-DSSv4-10.3
  - PCI-DSSv4-10.3.4
  - audit_rules_dac_modification_lremovexattr
  - low_complexity
  - low_disruption
  - medium_severity
  - reboot_required
  - restrict_strategy

- name: Perform remediation of Audit rules for lremovexattr for 64bit platform
  block:

  - name: Declare list of syscalls
    ansible.builtin.set_fact:
      syscalls:
      - lremovexattr
      syscall_grouping:
      - fremovexattr
      - lremovexattr
      - removexattr
      - fsetxattr
      - lsetxattr
      - setxattr

  - name: Check existence of lremovexattr in /etc/audit/rules.d/
    ansible.builtin.find:
      paths: /etc/audit/rules.d
      contains: -a always,exit -F arch=b64(( -S |,)\w+)*(( -S |,){{ item }})+(( -S
        |,)\w+)* -F auid&gt;=1000 -F auid!=unset (-k\s+|-F\s+key=)\S+\s*$
      patterns: '*.rules'
    register: find_command
    loop: '{{ (syscall_grouping + syscalls) | unique }}'

  - name: Reset syscalls found per file
    ansible.builtin.set_fact:
      syscalls_per_file: {}
      found_paths_dict: {}

  - name: Declare syscalls found per file
    ansible.builtin.set_fact: syscalls_per_file="{{ syscalls_per_file | combine( {item.files[0].path
      :[item.item] + syscalls_per_file.get(item.files[0].path, []) } ) }}"
    loop: '{{ find_command.results | selectattr(''matched'') | list }}'

  - name: Declare files where syscalls were found
    ansible.builtin.set_fact: found_paths="{{ find_command.results | map(attribute='files')
      | flatten | map(attribute='path') | list }}"

  - name: Count occurrences of syscalls in paths
    ansible.builtin.set_fact: found_paths_dict="{{ found_paths_dict | combine({ item:1+found_paths_dict.get(item,
      0) }) }}"
    loop: '{{ find_command.results | map(attribute=''files'') | flatten | map(attribute=''path'')
      | list }}'

  - name: Get path with most syscalls
    ansible.builtin.set_fact: audit_file="{{ (found_paths_dict | dict2items() | sort(attribute='value')
      | last).key }}"
    when: found_paths | length &gt;= 1

  - name: No file with syscall found, set path to /etc/audit/rules.d/perm_mod.rules
    ansible.builtin.set_fact: audit_file="/etc/audit/rules.d/perm_mod.rules"
    when: found_paths | length == 0

  - name: Declare found syscalls
    ansible.builtin.set_fact: syscalls_found="{{ find_command.results | selectattr('matched')
      | map(attribute='item') | list }}"

  - name: Declare missing syscalls
    ansible.builtin.set_fact: missing_syscalls="{{ syscalls | difference(syscalls_found)
      }}"

  - name: Replace the audit rule in {{ audit_file }}
    ansible.builtin.lineinfile:
      path: '{{ audit_file }}'
      regexp: (-a always,exit -F arch=b64)(?=.*(?:(?:-S |,)(?:{{ syscalls_per_file[audit_file]
        | join("|") }}))\b)((?:( -S |,)\w+)+)( -F auid&gt;=1000 -F auid!=unset (?:-k
        |-F key=)\w+)
      line: \1\2\3{{ missing_syscalls | join("\3") }}\4
      backrefs: true
      state: present
      mode: g-rwx,o-rwx
    when: syscalls_found | length &gt; 0 and missing_syscalls | length &gt; 0

  - name: Add the audit rule to {{ audit_file }}
    ansible.builtin.lineinfile:
      path: '{{ audit_file }}'
      line: -a always,exit -F arch=b64 -S {{ syscalls | join(',') }} -F auid&gt;=1000
        -F auid!=unset -F key=perm_mod
      create: true
      mode: g-rwx,o-rwx
      state: present
    when: syscalls_found | length == 0

  - name: Declare list of syscalls
    ansible.builtin.set_fact:
      syscalls:
      - lremovexattr
      syscall_grouping:
      - fremovexattr
      - lremovexattr
      - removexattr
      - fsetxattr
      - lsetxattr
      - setxattr

  - name: Check existence of lremovexattr in /etc/audit/audit.rules
    ansible.builtin.find:
      paths: /etc/audit
      contains: -a always,exit -F arch=b64(( -S |,)\w+)*(( -S |,){{ item }})+(( -S
        |,)\w+)* -F auid&gt;=1000 -F auid!=unset (-k\s+|-F\s+key=)\S+\s*$
      patterns: audit.rules
    register: find_command
    loop: '{{ (syscall_grouping + syscalls) | unique }}'

  - name: Set path to /etc/audit/audit.rules
    ansible.builtin.set_fact: audit_file="/etc/audit/audit.rules"

  - name: Declare found syscalls
    ansible.builtin.set_fact: syscalls_found="{{ find_command.results | selectattr('matched')
      | map(attribute='item') | list }}"

  - name: Declare missing syscalls
    ansible.builtin.set_fact: missing_syscalls="{{ syscalls | difference(syscalls_found)
      }}"

  - name: Replace the audit rule in {{ audit_file }}
    ansible.builtin.lineinfile:
      path: '{{ audit_file }}'
      regexp: (-a always,exit -F arch=b64)(?=.*(?:(?:-S |,)(?:{{ syscalls_found |
        join("|") }}))\b)((?:( -S |,)\w+)+)( -F auid&gt;=1000 -F auid!=unset (?:-k |-F
        key=)\w+)
      line: \1\2\3{{ missing_syscalls | join("\3") }}\4
      backrefs: true
      state: present
      mode: g-rwx,o-rwx
    when: syscalls_found | length &gt; 0 and missing_syscalls | length &gt; 0

  - name: Add the audit rule to {{ audit_file }}
    ansible.builtin.lineinfile:
      path: '{{ audit_file }}'
      line: -a always,exit -F arch=b64 -S {{ syscalls | join(',') }} -F auid&gt;=1000
        -F auid!=unset -F key=perm_mod
      create: true
      mode: g-rwx,o-rwx
      state: present
    when: syscalls_found | length == 0
  when:
  - '"audit" in ansible_facts.packages'
  - ("kernel-default" in ansible_facts.packages or "kernel-default-base" in ansible_facts.packages)
  - audit_arch == "b64"
  tags:
  - CCE-85685-6
  - CJIS-5.4.1.1
  - DISA-STIG-SLES-15-030190
  - NIST-800-171-3.1.7
  - NIST-800-53-AU-12(a)
  - NIST-800-53-AU-12(c)
  - NIST-800-53-AU-12.1(ii)
  - NIST-800-53-AU-12.1(iv)
  - NIST-800-53-AU-3
  - NIST-800-53-AU-3.1
  - NIST-800-53-MA-4(1)(a)
  - PCI-DSS-Req-10.5.5
  - PCI-DSSv4-10.3
  - PCI-DSSv4-10.3.4
  - audit_rules_dac_modification_lremovexattr
  - low_complexity
  - low_disruption
  - medium_severity
  - reboot_required
  - restrict_strategy
</fix>
          <check system="http://oval.mitre.org/XMLSchema/oval-definitions-5">
            <check-content-ref name="oval:ssg-audit_rules_dac_modification_lremovexattr:def:1" href="ssg-sle15-oval.xml"/>
          </check>
          <check system="http://scap.nist.gov/schema/ocil/2">
            <check-content-ref name="ocil:ssg-audit_rules_dac_modification_lremovexattr_ocil:questionnaire:1" href="ssg-sle15-ocil.xml"/>
          </check>
        </Rule>
        <Rule id="xccdf_org.ssgproject.content_rule_audit_rules_dac_modification_lsetxattr" selected="false" role="full" severity="medium">
          <title xmlns:xhtml="http://www.w3.org/1999/xhtml" xml:lang="en-US">Record Events that Modify the System's Discretionary Access Controls - lsetxattr</title>
          <description xmlns:xhtml="http://www.w3.org/1999/xhtml" xml:lang="en-US">At a minimum, the audit system should collect file permission
changes for all users and root. If the <html:code xmlns:html="http://www.w3.org/1999/xhtml">auditd</html:code> daemon is configured
to use the <html:code xmlns:html="http://www.w3.org/1999/xhtml">augenrules</html:code> program to read audit rules during daemon
startup (the default), add the following line to a file with suffix
<html:code xmlns:html="http://www.w3.org/1999/xhtml">.rules</html:code> in the directory <html:code xmlns:html="http://www.w3.org/1999/xhtml">/etc/audit/rules.d</html:code>:
<html:pre xmlns:html="http://www.w3.org/1999/xhtml">-a always,exit -F arch=b32 -S lsetxattr -F auid&gt;=1000 -F auid!=unset -F key=perm_mod</html:pre>
If the system is 64 bit then also add the following line:
<html:pre xmlns:html="http://www.w3.org/1999/xhtml">-a always,exit -F arch=b64 -S lsetxattr -F auid&gt;=1000 -F auid!=unset -F key=perm_mod</html:pre>
If the <html:code xmlns:html="http://www.w3.org/1999/xhtml">auditd</html:code> daemon is configured to use the <html:code xmlns:html="http://www.w3.org/1999/xhtml">auditctl</html:code>
utility to read audit rules during daemon startup, add the following line to
<html:code xmlns:html="http://www.w3.org/1999/xhtml">/etc/audit/audit.rules</html:code> file:
<html:pre xmlns:html="http://www.w3.org/1999/xhtml">-a always,exit -F arch=b32 -S lsetxattr -F auid&gt;=1000 -F auid!=unset -F key=perm_mod</html:pre>
If the system is 64 bit then also add the following line:
<html:pre xmlns:html="http://www.w3.org/1999/xhtml">-a always,exit -F arch=b64 -S lsetxattr -F auid&gt;=1000 -F auid!=unset -F key=perm_mod</html:pre>
       </description>
          <warning xmlns:xhtml="http://www.w3.org/1999/xhtml" xml:lang="en-US" category="general">Note that these rules can be configured in a
number of ways while still achieving the desired effect. Here the system calls
have been placed independent of other system calls. Grouping these system
calls with others as identifying earlier in this guide is more efficient.</warning>
          <reference href="https://www.cisecurity.org/controls/">1</reference>
          <reference href="https://www.cisecurity.org/controls/">11</reference>
          <reference href="https://www.cisecurity.org/controls/">12</reference>
          <reference href="https://www.cisecurity.org/controls/">13</reference>
          <reference href="https://www.cisecurity.org/controls/">14</reference>
          <reference href="https://www.cisecurity.org/controls/">15</reference>
          <reference href="https://www.cisecurity.org/controls/">16</reference>
          <reference href="https://www.cisecurity.org/controls/">19</reference>
          <reference href="https://www.cisecurity.org/controls/">2</reference>
          <reference href="https://www.cisecurity.org/controls/">3</reference>
          <reference href="https://www.cisecurity.org/controls/">4</reference>
          <reference href="https://www.cisecurity.org/controls/">5</reference>
          <reference href="https://www.cisecurity.org/controls/">6</reference>
          <reference href="https://www.cisecurity.org/controls/">7</reference>
          <reference href="https://www.cisecurity.org/controls/">8</reference>
          <reference href="https://www.cisecurity.org/controls/">9</reference>
          <reference href="https://www.fbi.gov/file-repository/cjis-security-policy-v5_5_20160601-2-1.pdf">5.4.1.1</reference>
          <reference href="https://www.isaca.org/resources/cobit">APO10.01</reference>
          <reference href="https://www.isaca.org/resources/cobit">APO10.03</reference>
          <reference href="https://www.isaca.org/resources/cobit">APO10.04</reference>
          <reference href="https://www.isaca.org/resources/cobit">APO10.05</reference>
          <reference href="https://www.isaca.org/resources/cobit">APO11.04</reference>
          <reference href="https://www.isaca.org/resources/cobit">APO12.06</reference>
          <reference href="https://www.isaca.org/resources/cobit">APO13.01</reference>
          <reference href="https://www.isaca.org/resources/cobit">BAI03.05</reference>
          <reference href="https://www.isaca.org/resources/cobit">BAI08.02</reference>
          <reference href="https://www.isaca.org/resources/cobit">DSS01.03</reference>
          <reference href="https://www.isaca.org/resources/cobit">DSS01.04</reference>
          <reference href="https://www.isaca.org/resources/cobit">DSS02.02</reference>
          <reference href="https://www.isaca.org/resources/cobit">DSS02.04</reference>
          <reference href="https://www.isaca.org/resources/cobit">DSS02.07</reference>
          <reference href="https://www.isaca.org/resources/cobit">DSS03.01</reference>
          <reference href="https://www.isaca.org/resources/cobit">DSS03.05</reference>
          <reference href="https://www.isaca.org/resources/cobit">DSS05.02</reference>
          <reference href="https://www.isaca.org/resources/cobit">DSS05.03</reference>
          <reference href="https://www.isaca.org/resources/cobit">DSS05.04</reference>
          <reference href="https://www.isaca.org/resources/cobit">DSS05.05</reference>
          <reference href="https://www.isaca.org/resources/cobit">DSS05.07</reference>
          <reference href="https://www.isaca.org/resources/cobit">MEA01.01</reference>
          <reference href="https://www.isaca.org/resources/cobit">MEA01.02</reference>
          <reference href="https://www.isaca.org/resources/cobit">MEA01.03</reference>
          <reference href="https://www.isaca.org/resources/cobit">MEA01.04</reference>
          <reference href="https://www.isaca.org/resources/cobit">MEA01.05</reference>
          <reference href="https://www.isaca.org/resources/cobit">MEA02.01</reference>
          <reference href="http://nvlpubs.nist.gov/nistpubs/SpecialPublications/NIST.SP.800-171.pdf">3.1.7</reference>
          <reference href="https://www.gpo.gov/fdsys/pkg/CFR-2007-title45-vol1/pdf/CFR-2007-title45-vol1-chapA-subchapC.pdf">164.308(a)(1)(ii)(D)</reference>
          <reference href="https://www.gpo.gov/fdsys/pkg/CFR-2007-title45-vol1/pdf/CFR-2007-title45-vol1-chapA-subchapC.pdf">164.308(a)(3)(ii)(A)</reference>
          <reference href="https://www.gpo.gov/fdsys/pkg/CFR-2007-title45-vol1/pdf/CFR-2007-title45-vol1-chapA-subchapC.pdf">164.308(a)(5)(ii)(C)</reference>
          <reference href="https://www.gpo.gov/fdsys/pkg/CFR-2007-title45-vol1/pdf/CFR-2007-title45-vol1-chapA-subchapC.pdf">164.312(a)(2)(i)</reference>
          <reference href="https://www.gpo.gov/fdsys/pkg/CFR-2007-title45-vol1/pdf/CFR-2007-title45-vol1-chapA-subchapC.pdf">164.312(b)</reference>
          <reference href="https://www.gpo.gov/fdsys/pkg/CFR-2007-title45-vol1/pdf/CFR-2007-title45-vol1-chapA-subchapC.pdf">164.312(d)</reference>
          <reference href="https://www.gpo.gov/fdsys/pkg/CFR-2007-title45-vol1/pdf/CFR-2007-title45-vol1-chapA-subchapC.pdf">164.312(e)</reference>
          <reference href="https://www.isa.org/products/isa-62443-2-1-2009-security-for-industrial-automat">4.2.3.10</reference>
          <reference href="https://www.isa.org/products/isa-62443-2-1-2009-security-for-industrial-automat">4.3.2.6.7</reference>
          <reference href="https://www.isa.org/products/isa-62443-2-1-2009-security-for-industrial-automat">4.3.3.3.9</reference>
          <reference href="https://www.isa.org/products/isa-62443-2-1-2009-security-for-industrial-automat">4.3.3.5.8</reference>
          <reference href="https://www.isa.org/products/isa-62443-2-1-2009-security-for-industrial-automat">4.3.3.6.6</reference>
          <reference href="https://www.isa.org/products/isa-62443-2-1-2009-security-for-industrial-automat">4.3.4.4.7</reference>
          <reference href="https://www.isa.org/products/isa-62443-2-1-2009-security-for-industrial-automat">4.3.4.5.6</reference>
          <reference href="https://www.isa.org/products/isa-62443-2-1-2009-security-for-industrial-automat">4.3.4.5.7</reference>
          <reference href="https://www.isa.org/products/isa-62443-2-1-2009-security-for-industrial-automat">4.3.4.5.8</reference>
          <reference href="https://www.isa.org/products/isa-62443-2-1-2009-security-for-industrial-automat">4.4.2.1</reference>
          <reference href="https://www.isa.org/products/isa-62443-2-1-2009-security-for-industrial-automat">4.4.2.2</reference>
          <reference href="https://www.isa.org/products/isa-62443-2-1-2009-security-for-industrial-automat">4.4.2.4</reference>
          <reference href="https://www.isa.org/products/ansi-isa-62443-3-3-99-03-03-2013-security-for-indu">SR 1.13</reference>
          <reference href="https://www.isa.org/products/ansi-isa-62443-3-3-99-03-03-2013-security-for-indu">SR 2.10</reference>
          <reference href="https://www.isa.org/products/ansi-isa-62443-3-3-99-03-03-2013-security-for-indu">SR 2.11</reference>
          <reference href="https://www.isa.org/products/ansi-isa-62443-3-3-99-03-03-2013-security-for-indu">SR 2.12</reference>
          <reference href="https://www.isa.org/products/ansi-isa-62443-3-3-99-03-03-2013-security-for-indu">SR 2.6</reference>
          <reference href="https://www.isa.org/products/ansi-isa-62443-3-3-99-03-03-2013-security-for-indu">SR 2.8</reference>
          <reference href="https://www.isa.org/products/ansi-isa-62443-3-3-99-03-03-2013-security-for-indu">SR 2.9</reference>
          <reference href="https://www.isa.org/products/ansi-isa-62443-3-3-99-03-03-2013-security-for-indu">SR 3.1</reference>
          <reference href="https://www.isa.org/products/ansi-isa-62443-3-3-99-03-03-2013-security-for-indu">SR 3.5</reference>
          <reference href="https://www.isa.org/products/ansi-isa-62443-3-3-99-03-03-2013-security-for-indu">SR 3.8</reference>
          <reference href="https://www.isa.org/products/ansi-isa-62443-3-3-99-03-03-2013-security-for-indu">SR 4.1</reference>
          <reference href="https://www.isa.org/products/ansi-isa-62443-3-3-99-03-03-2013-security-for-indu">SR 4.3</reference>
          <reference href="https://www.isa.org/products/ansi-isa-62443-3-3-99-03-03-2013-security-for-indu">SR 5.1</reference>
          <reference href="https://www.isa.org/products/ansi-isa-62443-3-3-99-03-03-2013-security-for-indu">SR 5.2</reference>
          <reference href="https://www.isa.org/products/ansi-isa-62443-3-3-99-03-03-2013-security-for-indu">SR 5.3</reference>
          <reference href="https://www.isa.org/products/ansi-isa-62443-3-3-99-03-03-2013-security-for-indu">SR 6.1</reference>
          <reference href="https://www.isa.org/products/ansi-isa-62443-3-3-99-03-03-2013-security-for-indu">SR 6.2</reference>
          <reference href="https://www.isa.org/products/ansi-isa-62443-3-3-99-03-03-2013-security-for-indu">SR 7.1</reference>
          <reference href="https://www.isa.org/products/ansi-isa-62443-3-3-99-03-03-2013-security-for-indu">SR 7.6</reference>
          <reference href="https://www.iso.org/contents/data/standard/05/45/54534.html">A.11.2.6</reference>
          <reference href="https://www.iso.org/contents/data/standard/05/45/54534.html">A.12.4.1</reference>
          <reference href="https://www.iso.org/contents/data/standard/05/45/54534.html">A.12.4.2</reference>
          <reference href="https://www.iso.org/contents/data/standard/05/45/54534.html">A.12.4.3</reference>
          <reference href="https://www.iso.org/contents/data/standard/05/45/54534.html">A.12.4.4</reference>
          <reference href="https://www.iso.org/contents/data/standard/05/45/54534.html">A.12.7.1</reference>
          <reference href="https://www.iso.org/contents/data/standard/05/45/54534.html">A.13.1.1</reference>
          <reference href="https://www.iso.org/contents/data/standard/05/45/54534.html">A.13.2.1</reference>
          <reference href="https://www.iso.org/contents/data/standard/05/45/54534.html">A.14.1.3</reference>
          <reference href="https://www.iso.org/contents/data/standard/05/45/54534.html">A.14.2.7</reference>
          <reference href="https://www.iso.org/contents/data/standard/05/45/54534.html">A.15.2.1</reference>
          <reference href="https://www.iso.org/contents/data/standard/05/45/54534.html">A.15.2.2</reference>
          <reference href="https://www.iso.org/contents/data/standard/05/45/54534.html">A.16.1.4</reference>
          <reference href="https://www.iso.org/contents/data/standard/05/45/54534.html">A.16.1.5</reference>
          <reference href="https://www.iso.org/contents/data/standard/05/45/54534.html">A.16.1.7</reference>
          <reference href="https://www.iso.org/contents/data/standard/05/45/54534.html">A.6.2.1</reference>
          <reference href="https://www.iso.org/contents/data/standard/05/45/54534.html">A.6.2.2</reference>
          <reference href="http://nvlpubs.nist.gov/nistpubs/SpecialPublications/NIST.SP.800-53r4.pdf">AU-12(a)</reference>
          <reference href="http://nvlpubs.nist.gov/nistpubs/SpecialPublications/NIST.SP.800-53r4.pdf">AU-12.1(ii)</reference>
          <reference href="http://nvlpubs.nist.gov/nistpubs/SpecialPublications/NIST.SP.800-53r4.pdf">AU-12(c)</reference>
          <reference href="http://nvlpubs.nist.gov/nistpubs/SpecialPublications/NIST.SP.800-53r4.pdf">AU-12.1(iv)</reference>
          <reference href="http://nvlpubs.nist.gov/nistpubs/SpecialPublications/NIST.SP.800-53r4.pdf">AU-3</reference>
          <reference href="http://nvlpubs.nist.gov/nistpubs/SpecialPublications/NIST.SP.800-53r4.pdf">AU-3.1</reference>
          <reference href="http://nvlpubs.nist.gov/nistpubs/SpecialPublications/NIST.SP.800-53r4.pdf">MA-4(1)(a)</reference>
          <reference href="https://nvlpubs.nist.gov/nistpubs/CSWP/NIST.CSWP.04162018.pdf">DE.AE-3</reference>
          <reference href="https://nvlpubs.nist.gov/nistpubs/CSWP/NIST.CSWP.04162018.pdf">DE.AE-5</reference>
          <reference href="https://nvlpubs.nist.gov/nistpubs/CSWP/NIST.CSWP.04162018.pdf">DE.CM-1</reference>
          <reference href="https://nvlpubs.nist.gov/nistpubs/CSWP/NIST.CSWP.04162018.pdf">DE.CM-3</reference>
          <reference href="https://nvlpubs.nist.gov/nistpubs/CSWP/NIST.CSWP.04162018.pdf">DE.CM-7</reference>
          <reference href="https://nvlpubs.nist.gov/nistpubs/CSWP/NIST.CSWP.04162018.pdf">ID.SC-4</reference>
          <reference href="https://nvlpubs.nist.gov/nistpubs/CSWP/NIST.CSWP.04162018.pdf">PR.AC-3</reference>
          <reference href="https://nvlpubs.nist.gov/nistpubs/CSWP/NIST.CSWP.04162018.pdf">PR.PT-1</reference>
          <reference href="https://nvlpubs.nist.gov/nistpubs/CSWP/NIST.CSWP.04162018.pdf">PR.PT-4</reference>
          <reference href="https://nvlpubs.nist.gov/nistpubs/CSWP/NIST.CSWP.04162018.pdf">RS.AN-1</reference>
          <reference href="https://nvlpubs.nist.gov/nistpubs/CSWP/NIST.CSWP.04162018.pdf">RS.AN-4</reference>
          <reference href="https://www.pcisecuritystandards.org/documents/PCI_DSS_v3-2-1.pdf">Req-10.5.5</reference>
          <reference href="https://www.cyber.mil/stigs/downloads/?_dl_facet_stigs=operating-systems%2Cgeneral-purpose-os">SRG-OS-000037-GPOS-00015</reference>
          <reference href="https://www.cyber.mil/stigs/downloads/?_dl_facet_stigs=operating-systems%2Cgeneral-purpose-os">SRG-OS-000042-GPOS-00020</reference>
          <reference href="https://www.cyber.mil/stigs/downloads/?_dl_facet_stigs=operating-systems%2Cgeneral-purpose-os">SRG-OS-000062-GPOS-00031</reference>
          <reference href="https://www.cyber.mil/stigs/downloads/?_dl_facet_stigs=operating-systems%2Cgeneral-purpose-os">SRG-OS-000392-GPOS-00172</reference>
          <reference href="https://www.cyber.mil/stigs/downloads/?_dl_facet_stigs=operating-systems%2Cgeneral-purpose-os">SRG-OS-000458-GPOS-00203</reference>
          <reference href="https://www.cyber.mil/stigs/downloads/?_dl_facet_stigs=operating-systems%2Cgeneral-purpose-os">SRG-OS-000462-GPOS-00206</reference>
          <reference href="https://www.cyber.mil/stigs/downloads/?_dl_facet_stigs=operating-systems%2Cgeneral-purpose-os">SRG-OS-000463-GPOS-00207</reference>
          <reference href="https://www.cyber.mil/stigs/downloads/?_dl_facet_stigs=operating-systems%2Cgeneral-purpose-os">SRG-OS-000466-GPOS-00210</reference>
          <reference href="https://www.cyber.mil/stigs/downloads/?_dl_facet_stigs=operating-systems%2Cgeneral-purpose-os">SRG-OS-000468-GPOS-00212</reference>
          <reference href="https://www.cyber.mil/stigs/downloads/?_dl_facet_stigs=operating-systems%2Cgeneral-purpose-os">SRG-OS-000471-GPOS-00215</reference>
          <reference href="https://www.cyber.mil/stigs/downloads/?_dl_facet_stigs=operating-systems%2Cgeneral-purpose-os">SRG-OS-000474-GPOS-00219</reference>
          <reference href="https://www.cyber.mil/stigs/downloads/?_dl_facet_stigs=operating-systems%2Cgeneral-purpose-os">SRG-OS-000064-GPOS-00033</reference>
          <reference href="https://www.cyber.mil/stigs/downloads/?_dl_facet_stigs=app-security">SRG-APP-000091-CTR-000160</reference>
          <reference href="https://www.cyber.mil/stigs/downloads/?_dl_facet_stigs=app-security">SRG-APP-000492-CTR-001220</reference>
          <reference href="https://www.cyber.mil/stigs/downloads/?_dl_facet_stigs=app-security">SRG-APP-000493-CTR-001225</reference>
          <reference href="https://www.cyber.mil/stigs/downloads/?_dl_facet_stigs=app-security">SRG-APP-000494-CTR-001230</reference>
          <reference href="https://www.cyber.mil/stigs/downloads/?_dl_facet_stigs=app-security">SRG-APP-000500-CTR-001260</reference>
          <reference href="https://www.cyber.mil/stigs/downloads/?_dl_facet_stigs=app-security">SRG-APP-000507-CTR-001295</reference>
          <reference href="https://www.cyber.mil/stigs/downloads/?_dl_facet_stigs=app-security">SRG-APP-000495-CTR-001235</reference>
          <reference href="https://www.cyber.mil/stigs/downloads/?_dl_facet_stigs=app-security">SRG-APP-000496-CTR-001240</reference>
          <reference href="https://www.cyber.mil/stigs/downloads/?_dl_facet_stigs=app-security">SRG-APP-000497-CTR-001245</reference>
          <reference href="https://www.cyber.mil/stigs/downloads/?_dl_facet_stigs=app-security">SRG-APP-000498-CTR-001250</reference>
          <reference href="https://www.cyber.mil/stigs/downloads/?_dl_facet_stigs=app-security">SRG-APP-000501-CTR-001265</reference>
          <reference href="https://www.cyber.mil/stigs/downloads/?_dl_facet_stigs=app-security">SRG-APP-000502-CTR-001270</reference>
          <reference href="https://www.cyber.mil/stigs/downloads/?_dl_facet_stigs=operating-systems%2Cunix-linux">SLES-15-030190</reference>
          <reference href="https://www.cisecurity.org/benchmark/suse_linux/">4.1.9</reference>
          <reference href="https://cyber.gouv.fr/sites/default/files/document/linux_configuration-en-v2.pdf">R73</reference>
          <reference href="not_publicly_available">SLES-15-750450255</reference>
          <reference href="https://docs-prv.pcisecuritystandards.org/PCI%20DSS/Standard/PCI-DSS-v4_0.pdf">10.3.4</reference>
          <reference href="https://docs-prv.pcisecuritystandards.org/PCI%20DSS/Standard/PCI-DSS-v4_0.pdf">10.3</reference>
          <reference href="https://www.cyber.mil/stigs/srg-stig-tools/">SV-234918r958412_rule</reference>
          <rationale xmlns:xhtml="http://www.w3.org/1999/xhtml" xml:lang="en-US">The changing of file permissions could indicate that a user is attempting to
gain access to information that would otherwise be disallowed. Auditing DAC modifications
can facilitate the identification of patterns of abuse among both authorized and
unauthorized users.</rationale>
          <ident system="https://ncp.nist.gov/cce">CCE-85689-8</ident>
          <fix xmlns:xhtml="http://www.w3.org/1999/xhtml" id="audit_rules_dac_modification_lsetxattr" system="urn:xccdf:fix:script:sh"># Remediation is applicable only in certain platforms
if rpm --quiet -q audit &amp;&amp; rpm --quiet -q kernel-default || rpm --quiet -q kernel-default-base; then

# First perform the remediation of the syscall rule
# Retrieve hardware architecture of the underlying system
[ "$(getconf LONG_BIT)" = "32" ] &amp;&amp; RULE_ARCHS=("b32") || RULE_ARCHS=("b32" "b64")

for ARCH in "${RULE_ARCHS[@]}"
do
	ACTION_ARCH_FILTERS="-a always,exit -F arch=$ARCH"
	OTHER_FILTERS=""
	AUID_FILTERS="-F auid&gt;=1000 -F auid!=unset"
	SYSCALL="lsetxattr"
	KEY="perm_mod"
	SYSCALL_GROUPING="fremovexattr lremovexattr removexattr fsetxattr lsetxattr setxattr"

	# Perform the remediation for both possible tools: 'auditctl' and 'augenrules'
	unset syscall_a
unset syscall_grouping
unset syscall_string
unset syscall
unset file_to_edit
unset rule_to_edit
unset rule_syscalls_to_edit
unset other_string
unset auid_string
unset full_rule

# Load macro arguments into arrays
read -a syscall_a &lt;&lt;&lt; $SYSCALL
read -a syscall_grouping &lt;&lt;&lt; $SYSCALL_GROUPING

# Create a list of audit *.rules files that should be inspected for presence and correctness
# of a particular audit rule. The scheme is as follows:
#
# -----------------------------------------------------------------------------------------
#  Tool used to load audit rules | Rule already defined  |  Audit rules file to inspect    |
# -----------------------------------------------------------------------------------------
#        auditctl                |     Doesn't matter    |  /etc/audit/audit.rules         |
# -----------------------------------------------------------------------------------------
#        augenrules              |          Yes          |  /etc/audit/rules.d/*.rules     |
#        augenrules              |          No           |  /etc/audit/rules.d/$key.rules  |
# -----------------------------------------------------------------------------------------
#
files_to_inspect=()

# If audit tool is 'augenrules', then check if the audit rule is defined
# If rule is defined, add '/etc/audit/rules.d/*.rules' to the list for inspection
# If rule isn't defined yet, add '/etc/audit/rules.d/$key.rules' to the list for inspection
default_file="/etc/audit/rules.d/$KEY.rules"
# As other_filters may include paths, lets use a different delimiter for it
# The "F" script expression tells sed to print the filenames where the expressions matched
readarray -t files_to_inspect &lt; &lt;(sed -s -n -e "/^$ACTION_ARCH_FILTERS/!d" -e "\#$OTHER_FILTERS#!d" -e "/$AUID_FILTERS/!d" -e "F" /etc/audit/rules.d/*.rules)
# Case when particular rule isn't defined in /etc/audit/rules.d/*.rules yet
if [ ${#files_to_inspect[@]} -eq "0" ]
then
    file_to_inspect="/etc/audit/rules.d/$KEY.rules"
    files_to_inspect=("$file_to_inspect")
    if [ ! -e "$file_to_inspect" ]
    then
        touch "$file_to_inspect"
        chmod 0600 "$file_to_inspect"
    fi
fi

# After converting to jinja, we cannot return; therefore we skip the rest of the macro if needed instead
skip=1

for audit_file in "${files_to_inspect[@]}"
do
    # Filter existing $audit_file rules' definitions to select those that satisfy the rule pattern,
    # i.e, collect rules that match:
    # * the action, list and arch, (2-nd argument)
    # * the other filters, (3-rd argument)
    # * the auid filters, (4-rd argument)
    readarray -t similar_rules &lt; &lt;(sed -e "/^$ACTION_ARCH_FILTERS/!d"  -e "\#$OTHER_FILTERS#!d" -e "/$AUID_FILTERS/!d" "$audit_file")

    candidate_rules=()
    # Filter out rules that have more fields then required. This will remove rules more specific than the required scope
    for s_rule in "${similar_rules[@]}"
    do
        # Strip all the options and fields we know of,
        # than check if there was any field left over
        extra_fields=$(sed -E -e "s/^$ACTION_ARCH_FILTERS//"  -e "s#$OTHER_FILTERS##" -e "s/$AUID_FILTERS//" -e "s/((:?-S [[:alnum:],]+)+)//g" -e "s/-F key=\w+|-k \w+//"&lt;&lt;&lt; "$s_rule")
        grep -q -- "-F" &lt;&lt;&lt; "$extra_fields" || candidate_rules+=("$s_rule")
    done

    if [[ ${#syscall_a[@]} -ge 1 ]]
    then
        # Check if the syscall we want is present in any of the similar existing rules
        for rule in "${candidate_rules[@]}"
        do
            rule_syscalls=$(echo "$rule" | grep -o -P '(-S [\w,]+)+' | xargs)
            all_syscalls_found=0
            for syscall in "${syscall_a[@]}"
            do
                grep -q -- "\b${syscall}\b" &lt;&lt;&lt; "$rule_syscalls" || {
                   # A syscall was not found in the candidate rule
                   all_syscalls_found=1
                   }
            done
            if [[ $all_syscalls_found -eq 0 ]]
            then
                # We found a rule with all the syscall(s) we want; skip rest of macro
                skip=0
                break
            fi

            # Check if this rule can be grouped with our target syscall and keep track of it
            for syscall_g in "${syscall_grouping[@]}"
            do
                if grep -q -- "\b${syscall_g}\b" &lt;&lt;&lt; "$rule_syscalls"
                then
                    file_to_edit=${audit_file}
                    rule_to_edit=${rule}
                    rule_syscalls_to_edit=${rule_syscalls}
                fi
            done
        done
    else
        # If there is any candidate rule, it is compliant; skip rest of macro
        if [ "${#candidate_rules[@]}" -gt 0 ]
        then
            skip=0
        fi
    fi

    if [ "$skip" -eq 0 ]; then
        break
    fi
done

if [ "$skip" -ne 0 ]; then
    # We checked all rules that matched the expected resemblance pattern (action, arch &amp; auid)
    # At this point we know if we need to either append the $full_rule or group
    # the syscall together with an exsiting rule

    # Append the full_rule if it cannot be grouped to any other rule
    if [ -z ${rule_to_edit+x} ]
    then
        # Build full_rule while avoid adding double spaces when other_filters is empty
        if [ "${#syscall_a[@]}" -gt 0 ]
        then
            syscall_string=""
            for syscall in "${syscall_a[@]}"
            do
                syscall_string+=" -S $syscall"
            done
        fi
        other_string=$([[ $OTHER_FILTERS ]] &amp;&amp; echo " $OTHER_FILTERS") || /bin/true
        auid_string=$([[ $AUID_FILTERS ]] &amp;&amp; echo " $AUID_FILTERS") || /bin/true
        full_rule="$ACTION_ARCH_FILTERS${syscall_string}${other_string}${auid_string} -F key=$KEY" || /bin/true
        echo "$full_rule" &gt;&gt; "$default_file"
        chmod 0600 ${default_file}
    else
        # Check if the syscalls are declared as a comma separated list or
        # as multiple -S parameters
        if grep -q -- "," &lt;&lt;&lt; "${rule_syscalls_to_edit}"
        then
            delimiter=","
        else
            delimiter=" -S "
        fi
        new_grouped_syscalls="${rule_syscalls_to_edit}"
        for syscall in "${syscall_a[@]}"
        do
            grep -q -- "\b${syscall}\b" &lt;&lt;&lt; "${rule_syscalls_to_edit}" || {
               # A syscall was not found in the candidate rule
               new_grouped_syscalls+="${delimiter}${syscall}"
               }
        done

        # Group the syscall in the rule
        sed -i -e "\#${rule_to_edit}#s#${rule_syscalls_to_edit}#${new_grouped_syscalls}#" "$file_to_edit"
    fi
fi
	unset syscall_a
unset syscall_grouping
unset syscall_string
unset syscall
unset file_to_edit
unset rule_to_edit
unset rule_syscalls_to_edit
unset other_string
unset auid_string
unset full_rule

# Load macro arguments into arrays
read -a syscall_a &lt;&lt;&lt; $SYSCALL
read -a syscall_grouping &lt;&lt;&lt; $SYSCALL_GROUPING

# Create a list of audit *.rules files that should be inspected for presence and correctness
# of a particular audit rule. The scheme is as follows:
#
# -----------------------------------------------------------------------------------------
#  Tool used to load audit rules | Rule already defined  |  Audit rules file to inspect    |
# -----------------------------------------------------------------------------------------
#        auditctl                |     Doesn't matter    |  /etc/audit/audit.rules         |
# -----------------------------------------------------------------------------------------
#        augenrules              |          Yes          |  /etc/audit/rules.d/*.rules     |
#        augenrules              |          No           |  /etc/audit/rules.d/$key.rules  |
# -----------------------------------------------------------------------------------------
#
files_to_inspect=()


# If audit tool is 'auditctl', then add '/etc/audit/audit.rules'
# file to the list of files to be inspected
default_file="/etc/audit/audit.rules"
files_to_inspect+=('/etc/audit/audit.rules' )

# After converting to jinja, we cannot return; therefore we skip the rest of the macro if needed instead
skip=1

for audit_file in "${files_to_inspect[@]}"
do
    # Filter existing $audit_file rules' definitions to select those that satisfy the rule pattern,
    # i.e, collect rules that match:
    # * the action, list and arch, (2-nd argument)
    # * the other filters, (3-rd argument)
    # * the auid filters, (4-rd argument)
    readarray -t similar_rules &lt; &lt;(sed -e "/^$ACTION_ARCH_FILTERS/!d"  -e "\#$OTHER_FILTERS#!d" -e "/$AUID_FILTERS/!d" "$audit_file")

    candidate_rules=()
    # Filter out rules that have more fields then required. This will remove rules more specific than the required scope
    for s_rule in "${similar_rules[@]}"
    do
        # Strip all the options and fields we know of,
        # than check if there was any field left over
        extra_fields=$(sed -E -e "s/^$ACTION_ARCH_FILTERS//"  -e "s#$OTHER_FILTERS##" -e "s/$AUID_FILTERS//" -e "s/((:?-S [[:alnum:],]+)+)//g" -e "s/-F key=\w+|-k \w+//"&lt;&lt;&lt; "$s_rule")
        grep -q -- "-F" &lt;&lt;&lt; "$extra_fields" || candidate_rules+=("$s_rule")
    done

    if [[ ${#syscall_a[@]} -ge 1 ]]
    then
        # Check if the syscall we want is present in any of the similar existing rules
        for rule in "${candidate_rules[@]}"
        do
            rule_syscalls=$(echo "$rule" | grep -o -P '(-S [\w,]+)+' | xargs)
            all_syscalls_found=0
            for syscall in "${syscall_a[@]}"
            do
                grep -q -- "\b${syscall}\b" &lt;&lt;&lt; "$rule_syscalls" || {
                   # A syscall was not found in the candidate rule
                   all_syscalls_found=1
                   }
            done
            if [[ $all_syscalls_found -eq 0 ]]
            then
                # We found a rule with all the syscall(s) we want; skip rest of macro
                skip=0
                break
            fi

            # Check if this rule can be grouped with our target syscall and keep track of it
            for syscall_g in "${syscall_grouping[@]}"
            do
                if grep -q -- "\b${syscall_g}\b" &lt;&lt;&lt; "$rule_syscalls"
                then
                    file_to_edit=${audit_file}
                    rule_to_edit=${rule}
                    rule_syscalls_to_edit=${rule_syscalls}
                fi
            done
        done
    else
        # If there is any candidate rule, it is compliant; skip rest of macro
        if [ "${#candidate_rules[@]}" -gt 0 ]
        then
            skip=0
        fi
    fi

    if [ "$skip" -eq 0 ]; then
        break
    fi
done

if [ "$skip" -ne 0 ]; then
    # We checked all rules that matched the expected resemblance pattern (action, arch &amp; auid)
    # At this point we know if we need to either append the $full_rule or group
    # the syscall together with an exsiting rule

    # Append the full_rule if it cannot be grouped to any other rule
    if [ -z ${rule_to_edit+x} ]
    then
        # Build full_rule while avoid adding double spaces when other_filters is empty
        if [ "${#syscall_a[@]}" -gt 0 ]
        then
            syscall_string=""
            for syscall in "${syscall_a[@]}"
            do
                syscall_string+=" -S $syscall"
            done
        fi
        other_string=$([[ $OTHER_FILTERS ]] &amp;&amp; echo " $OTHER_FILTERS") || /bin/true
        auid_string=$([[ $AUID_FILTERS ]] &amp;&amp; echo " $AUID_FILTERS") || /bin/true
        full_rule="$ACTION_ARCH_FILTERS${syscall_string}${other_string}${auid_string} -F key=$KEY" || /bin/true
        echo "$full_rule" &gt;&gt; "$default_file"
        chmod 0600 ${default_file}
    else
        # Check if the syscalls are declared as a comma separated list or
        # as multiple -S parameters
        if grep -q -- "," &lt;&lt;&lt; "${rule_syscalls_to_edit}"
        then
            delimiter=","
        else
            delimiter=" -S "
        fi
        new_grouped_syscalls="${rule_syscalls_to_edit}"
        for syscall in "${syscall_a[@]}"
        do
            grep -q -- "\b${syscall}\b" &lt;&lt;&lt; "${rule_syscalls_to_edit}" || {
               # A syscall was not found in the candidate rule
               new_grouped_syscalls+="${delimiter}${syscall}"
               }
        done

        # Group the syscall in the rule
        sed -i -e "\#${rule_to_edit}#s#${rule_syscalls_to_edit}#${new_grouped_syscalls}#" "$file_to_edit"
    fi
fi
done

else
    &gt;&amp;2 echo 'Remediation is not applicable, nothing was done'
fi
</fix>
          <fix xmlns:xhtml="http://www.w3.org/1999/xhtml" id="audit_rules_dac_modification_lsetxattr" system="urn:xccdf:fix:script:ansible" reboot="true" complexity="low" disruption="low" strategy="restrict">- name: Gather the package facts
  package_facts:
    manager: auto
  tags:
  - CCE-85689-8
  - CJIS-5.4.1.1
  - DISA-STIG-SLES-15-030190
  - NIST-800-171-3.1.7
  - NIST-800-53-AU-12(a)
  - NIST-800-53-AU-12(c)
  - NIST-800-53-AU-12.1(ii)
  - NIST-800-53-AU-12.1(iv)
  - NIST-800-53-AU-3
  - NIST-800-53-AU-3.1
  - NIST-800-53-MA-4(1)(a)
  - PCI-DSS-Req-10.5.5
  - PCI-DSSv4-10.3
  - PCI-DSSv4-10.3.4
  - audit_rules_dac_modification_lsetxattr
  - low_complexity
  - low_disruption
  - medium_severity
  - reboot_required
  - restrict_strategy

- name: Set architecture for audit lsetxattr tasks
  ansible.builtin.set_fact:
    audit_arch: b64
  when:
  - '"audit" in ansible_facts.packages'
  - ("kernel-default" in ansible_facts.packages or "kernel-default-base" in ansible_facts.packages)
  - ansible_architecture == "aarch64" or ansible_architecture == "ppc64" or ansible_architecture
    == "ppc64le" or ansible_architecture == "s390x" or ansible_architecture == "x86_64"
  tags:
  - CCE-85689-8
  - CJIS-5.4.1.1
  - DISA-STIG-SLES-15-030190
  - NIST-800-171-3.1.7
  - NIST-800-53-AU-12(a)
  - NIST-800-53-AU-12(c)
  - NIST-800-53-AU-12.1(ii)
  - NIST-800-53-AU-12.1(iv)
  - NIST-800-53-AU-3
  - NIST-800-53-AU-3.1
  - NIST-800-53-MA-4(1)(a)
  - PCI-DSS-Req-10.5.5
  - PCI-DSSv4-10.3
  - PCI-DSSv4-10.3.4
  - audit_rules_dac_modification_lsetxattr
  - low_complexity
  - low_disruption
  - medium_severity
  - reboot_required
  - restrict_strategy

- name: Perform remediation of Audit rules for lsetxattr for 32bit platform
  block:

  - name: Declare list of syscalls
    ansible.builtin.set_fact:
      syscalls:
      - lsetxattr
      syscall_grouping:
      - fremovexattr
      - lremovexattr
      - removexattr
      - fsetxattr
      - lsetxattr
      - setxattr

  - name: Check existence of lsetxattr in /etc/audit/rules.d/
    ansible.builtin.find:
      paths: /etc/audit/rules.d
      contains: -a always,exit -F arch=b32(( -S |,)\w+)*(( -S |,){{ item }})+(( -S
        |,)\w+)* -F auid&gt;=1000 -F auid!=unset (-k\s+|-F\s+key=)\S+\s*$
      patterns: '*.rules'
    register: find_command
    loop: '{{ (syscall_grouping + syscalls) | unique }}'

  - name: Reset syscalls found per file
    ansible.builtin.set_fact:
      syscalls_per_file: {}
      found_paths_dict: {}

  - name: Declare syscalls found per file
    ansible.builtin.set_fact: syscalls_per_file="{{ syscalls_per_file | combine( {item.files[0].path
      :[item.item] + syscalls_per_file.get(item.files[0].path, []) } ) }}"
    loop: '{{ find_command.results | selectattr(''matched'') | list }}'

  - name: Declare files where syscalls were found
    ansible.builtin.set_fact: found_paths="{{ find_command.results | map(attribute='files')
      | flatten | map(attribute='path') | list }}"

  - name: Count occurrences of syscalls in paths
    ansible.builtin.set_fact: found_paths_dict="{{ found_paths_dict | combine({ item:1+found_paths_dict.get(item,
      0) }) }}"
    loop: '{{ find_command.results | map(attribute=''files'') | flatten | map(attribute=''path'')
      | list }}'

  - name: Get path with most syscalls
    ansible.builtin.set_fact: audit_file="{{ (found_paths_dict | dict2items() | sort(attribute='value')
      | last).key }}"
    when: found_paths | length &gt;= 1

  - name: No file with syscall found, set path to /etc/audit/rules.d/perm_mod.rules
    ansible.builtin.set_fact: audit_file="/etc/audit/rules.d/perm_mod.rules"
    when: found_paths | length == 0

  - name: Declare found syscalls
    ansible.builtin.set_fact: syscalls_found="{{ find_command.results | selectattr('matched')
      | map(attribute='item') | list }}"

  - name: Declare missing syscalls
    ansible.builtin.set_fact: missing_syscalls="{{ syscalls | difference(syscalls_found)
      }}"

  - name: Replace the audit rule in {{ audit_file }}
    ansible.builtin.lineinfile:
      path: '{{ audit_file }}'
      regexp: (-a always,exit -F arch=b32)(?=.*(?:(?:-S |,)(?:{{ syscalls_per_file[audit_file]
        | join("|") }}))\b)((?:( -S |,)\w+)+)( -F auid&gt;=1000 -F auid!=unset (?:-k
        |-F key=)\w+)
      line: \1\2\3{{ missing_syscalls | join("\3") }}\4
      backrefs: true
      state: present
      mode: g-rwx,o-rwx
    when: syscalls_found | length &gt; 0 and missing_syscalls | length &gt; 0

  - name: Add the audit rule to {{ audit_file }}
    ansible.builtin.lineinfile:
      path: '{{ audit_file }}'
      line: -a always,exit -F arch=b32 -S {{ syscalls | join(',') }} -F auid&gt;=1000
        -F auid!=unset -F key=perm_mod
      create: true
      mode: g-rwx,o-rwx
      state: present
    when: syscalls_found | length == 0

  - name: Declare list of syscalls
    ansible.builtin.set_fact:
      syscalls:
      - lsetxattr
      syscall_grouping:
      - fremovexattr
      - lremovexattr
      - removexattr
      - fsetxattr
      - lsetxattr
      - setxattr

  - name: Check existence of lsetxattr in /etc/audit/audit.rules
    ansible.builtin.find:
      paths: /etc/audit
      contains: -a always,exit -F arch=b32(( -S |,)\w+)*(( -S |,){{ item }})+(( -S
        |,)\w+)* -F auid&gt;=1000 -F auid!=unset (-k\s+|-F\s+key=)\S+\s*$
      patterns: audit.rules
    register: find_command
    loop: '{{ (syscall_grouping + syscalls) | unique }}'

  - name: Set path to /etc/audit/audit.rules
    ansible.builtin.set_fact: audit_file="/etc/audit/audit.rules"

  - name: Declare found syscalls
    ansible.builtin.set_fact: syscalls_found="{{ find_command.results | selectattr('matched')
      | map(attribute='item') | list }}"

  - name: Declare missing syscalls
    ansible.builtin.set_fact: missing_syscalls="{{ syscalls | difference(syscalls_found)
      }}"

  - name: Replace the audit rule in {{ audit_file }}
    ansible.builtin.lineinfile:
      path: '{{ audit_file }}'
      regexp: (-a always,exit -F arch=b32)(?=.*(?:(?:-S |,)(?:{{ syscalls_found |
        join("|") }}))\b)((?:( -S |,)\w+)+)( -F auid&gt;=1000 -F auid!=unset (?:-k |-F
        key=)\w+)
      line: \1\2\3{{ missing_syscalls | join("\3") }}\4
      backrefs: true
      state: present
      mode: g-rwx,o-rwx
    when: syscalls_found | length &gt; 0 and missing_syscalls | length &gt; 0

  - name: Add the audit rule to {{ audit_file }}
    ansible.builtin.lineinfile:
      path: '{{ audit_file }}'
      line: -a always,exit -F arch=b32 -S {{ syscalls | join(',') }} -F auid&gt;=1000
        -F auid!=unset -F key=perm_mod
      create: true
      mode: g-rwx,o-rwx
      state: present
    when: syscalls_found | length == 0
  when:
  - '"audit" in ansible_facts.packages'
  - ("kernel-default" in ansible_facts.packages or "kernel-default-base" in ansible_facts.packages)
  tags:
  - CCE-85689-8
  - CJIS-5.4.1.1
  - DISA-STIG-SLES-15-030190
  - NIST-800-171-3.1.7
  - NIST-800-53-AU-12(a)
  - NIST-800-53-AU-12(c)
  - NIST-800-53-AU-12.1(ii)
  - NIST-800-53-AU-12.1(iv)
  - NIST-800-53-AU-3
  - NIST-800-53-AU-3.1
  - NIST-800-53-MA-4(1)(a)
  - PCI-DSS-Req-10.5.5
  - PCI-DSSv4-10.3
  - PCI-DSSv4-10.3.4
  - audit_rules_dac_modification_lsetxattr
  - low_complexity
  - low_disruption
  - medium_severity
  - reboot_required
  - restrict_strategy

- name: Perform remediation of Audit rules for lsetxattr for 64bit platform
  block:

  - name: Declare list of syscalls
    ansible.builtin.set_fact:
      syscalls:
      - lsetxattr
      syscall_grouping:
      - fremovexattr
      - lremovexattr
      - removexattr
      - fsetxattr
      - lsetxattr
      - setxattr

  - name: Check existence of lsetxattr in /etc/audit/rules.d/
    ansible.builtin.find:
      paths: /etc/audit/rules.d
      contains: -a always,exit -F arch=b64(( -S |,)\w+)*(( -S |,){{ item }})+(( -S
        |,)\w+)* -F auid&gt;=1000 -F auid!=unset (-k\s+|-F\s+key=)\S+\s*$
      patterns: '*.rules'
    register: find_command
    loop: '{{ (syscall_grouping + syscalls) | unique }}'

  - name: Reset syscalls found per file
    ansible.builtin.set_fact:
      syscalls_per_file: {}
      found_paths_dict: {}

  - name: Declare syscalls found per file
    ansible.builtin.set_fact: syscalls_per_file="{{ syscalls_per_file | combine( {item.files[0].path
      :[item.item] + syscalls_per_file.get(item.files[0].path, []) } ) }}"
    loop: '{{ find_command.results | selectattr(''matched'') | list }}'

  - name: Declare files where syscalls were found
    ansible.builtin.set_fact: found_paths="{{ find_command.results | map(attribute='files')
      | flatten | map(attribute='path') | list }}"

  - name: Count occurrences of syscalls in paths
    ansible.builtin.set_fact: found_paths_dict="{{ found_paths_dict | combine({ item:1+found_paths_dict.get(item,
      0) }) }}"
    loop: '{{ find_command.results | map(attribute=''files'') | flatten | map(attribute=''path'')
      | list }}'

  - name: Get path with most syscalls
    ansible.builtin.set_fact: audit_file="{{ (found_paths_dict | dict2items() | sort(attribute='value')
      | last).key }}"
    when: found_paths | length &gt;= 1

  - name: No file with syscall found, set path to /etc/audit/rules.d/perm_mod.rules
    ansible.builtin.set_fact: audit_file="/etc/audit/rules.d/perm_mod.rules"
    when: found_paths | length == 0

  - name: Declare found syscalls
    ansible.builtin.set_fact: syscalls_found="{{ find_command.results | selectattr('matched')
      | map(attribute='item') | list }}"

  - name: Declare missing syscalls
    ansible.builtin.set_fact: missing_syscalls="{{ syscalls | difference(syscalls_found)
      }}"

  - name: Replace the audit rule in {{ audit_file }}
    ansible.builtin.lineinfile:
      path: '{{ audit_file }}'
      regexp: (-a always,exit -F arch=b64)(?=.*(?:(?:-S |,)(?:{{ syscalls_per_file[audit_file]
        | join("|") }}))\b)((?:( -S |,)\w+)+)( -F auid&gt;=1000 -F auid!=unset (?:-k
        |-F key=)\w+)
      line: \1\2\3{{ missing_syscalls | join("\3") }}\4
      backrefs: true
      state: present
      mode: g-rwx,o-rwx
    when: syscalls_found | length &gt; 0 and missing_syscalls | length &gt; 0

  - name: Add the audit rule to {{ audit_file }}
    ansible.builtin.lineinfile:
      path: '{{ audit_file }}'
      line: -a always,exit -F arch=b64 -S {{ syscalls | join(',') }} -F auid&gt;=1000
        -F auid!=unset -F key=perm_mod
      create: true
      mode: g-rwx,o-rwx
      state: present
    when: syscalls_found | length == 0

  - name: Declare list of syscalls
    ansible.builtin.set_fact:
      syscalls:
      - lsetxattr
      syscall_grouping:
      - fremovexattr
      - lremovexattr
      - removexattr
      - fsetxattr
      - lsetxattr
      - setxattr

  - name: Check existence of lsetxattr in /etc/audit/audit.rules
    ansible.builtin.find:
      paths: /etc/audit
      contains: -a always,exit -F arch=b64(( -S |,)\w+)*(( -S |,){{ item }})+(( -S
        |,)\w+)* -F auid&gt;=1000 -F auid!=unset (-k\s+|-F\s+key=)\S+\s*$
      patterns: audit.rules
    register: find_command
    loop: '{{ (syscall_grouping + syscalls) | unique }}'

  - name: Set path to /etc/audit/audit.rules
    ansible.builtin.set_fact: audit_file="/etc/audit/audit.rules"

  - name: Declare found syscalls
    ansible.builtin.set_fact: syscalls_found="{{ find_command.results | selectattr('matched')
      | map(attribute='item') | list }}"

  - name: Declare missing syscalls
    ansible.builtin.set_fact: missing_syscalls="{{ syscalls | difference(syscalls_found)
      }}"

  - name: Replace the audit rule in {{ audit_file }}
    ansible.builtin.lineinfile:
      path: '{{ audit_file }}'
      regexp: (-a always,exit -F arch=b64)(?=.*(?:(?:-S |,)(?:{{ syscalls_found |
        join("|") }}))\b)((?:( -S |,)\w+)+)( -F auid&gt;=1000 -F auid!=unset (?:-k |-F
        key=)\w+)
      line: \1\2\3{{ missing_syscalls | join("\3") }}\4
      backrefs: true
      state: present
      mode: g-rwx,o-rwx
    when: syscalls_found | length &gt; 0 and missing_syscalls | length &gt; 0

  - name: Add the audit rule to {{ audit_file }}
    ansible.builtin.lineinfile:
      path: '{{ audit_file }}'
      line: -a always,exit -F arch=b64 -S {{ syscalls | join(',') }} -F auid&gt;=1000
        -F auid!=unset -F key=perm_mod
      create: true
      mode: g-rwx,o-rwx
      state: present
    when: syscalls_found | length == 0
  when:
  - '"audit" in ansible_facts.packages'
  - ("kernel-default" in ansible_facts.packages or "kernel-default-base" in ansible_facts.packages)
  - audit_arch == "b64"
  tags:
  - CCE-85689-8
  - CJIS-5.4.1.1
  - DISA-STIG-SLES-15-030190
  - NIST-800-171-3.1.7
  - NIST-800-53-AU-12(a)
  - NIST-800-53-AU-12(c)
  - NIST-800-53-AU-12.1(ii)
  - NIST-800-53-AU-12.1(iv)
  - NIST-800-53-AU-3
  - NIST-800-53-AU-3.1
  - NIST-800-53-MA-4(1)(a)
  - PCI-DSS-Req-10.5.5
  - PCI-DSSv4-10.3
  - PCI-DSSv4-10.3.4
  - audit_rules_dac_modification_lsetxattr
  - low_complexity
  - low_disruption
  - medium_severity
  - reboot_required
  - restrict_strategy
</fix>
          <check system="http://oval.mitre.org/XMLSchema/oval-definitions-5">
            <check-content-ref name="oval:ssg-audit_rules_dac_modification_lsetxattr:def:1" href="ssg-sle15-oval.xml"/>
          </check>
          <check system="http://scap.nist.gov/schema/ocil/2">
            <check-content-ref name="ocil:ssg-audit_rules_dac_modification_lsetxattr_ocil:questionnaire:1" href="ssg-sle15-ocil.xml"/>
          </check>
        </Rule>
        <Rule id="xccdf_org.ssgproject.content_rule_audit_rules_dac_modification_removexattr" selected="false" role="full" severity="medium">
          <title xmlns:xhtml="http://www.w3.org/1999/xhtml" xml:lang="en-US">Record Events that Modify the System's Discretionary Access Controls - removexattr</title>
          <description xmlns:xhtml="http://www.w3.org/1999/xhtml" xml:lang="en-US">At a minimum, the audit system should collect file permission
changes for all users and root.
<html:br xmlns:html="http://www.w3.org/1999/xhtml"/>
        <html:br xmlns:html="http://www.w3.org/1999/xhtml"/>
If the <html:code xmlns:html="http://www.w3.org/1999/xhtml">auditd</html:code> daemon is configured to use the <html:code xmlns:html="http://www.w3.org/1999/xhtml">augenrules</html:code>
program to read audit rules during daemon startup (the default), add the
following line to a file with suffix <html:code xmlns:html="http://www.w3.org/1999/xhtml">.rules</html:code> in the directory <html:code xmlns:html="http://www.w3.org/1999/xhtml">/etc/audit/rules.d</html:code>:
<html:pre xmlns:html="http://www.w3.org/1999/xhtml">-a always,exit -F arch=b32 -S removexattr -F auid&gt;=1000 -F auid!=unset -F key=perm_mod</html:pre>
        <html:br xmlns:html="http://www.w3.org/1999/xhtml"/>
        <html:br xmlns:html="http://www.w3.org/1999/xhtml"/>
If the system is 64 bit then also add the following line:
<html:pre xmlns:html="http://www.w3.org/1999/xhtml">-a always,exit -F arch=b64 -S removexattr -F auid&gt;=1000 -F auid!=unset -F key=perm_mod</html:pre>
        <html:br xmlns:html="http://www.w3.org/1999/xhtml"/>
        <html:br xmlns:html="http://www.w3.org/1999/xhtml"/>
If the <html:code xmlns:html="http://www.w3.org/1999/xhtml">auditd</html:code> daemon is configured to use the <html:code xmlns:html="http://www.w3.org/1999/xhtml">auditctl</html:code>
utility to read audit rules during daemon startup, add the following line to
<html:code xmlns:html="http://www.w3.org/1999/xhtml">/etc/audit/audit.rules</html:code> file:
<html:pre xmlns:html="http://www.w3.org/1999/xhtml">-a always,exit -F arch=b32 -S removexattr -F auid&gt;=1000 -F auid!=unset -F key=perm_mod</html:pre>
        <html:br xmlns:html="http://www.w3.org/1999/xhtml"/>
        <html:br xmlns:html="http://www.w3.org/1999/xhtml"/>
If the system is 64 bit then also add the following line:
<html:pre xmlns:html="http://www.w3.org/1999/xhtml">-a always,exit -F arch=b64 -S removexattr -F auid&gt;=1000 -F auid!=unset -F key=perm_mod</html:pre>
       </description>
          <warning xmlns:xhtml="http://www.w3.org/1999/xhtml" xml:lang="en-US" category="general">Note that these rules can be configured in a
number of ways while still achieving the desired effect. Here the system calls
have been placed independent of other system calls. Grouping these system
calls with others as identifying earlier in this guide is more efficient.</warning>
          <reference href="https://www.cisecurity.org/controls/">1</reference>
          <reference href="https://www.cisecurity.org/controls/">11</reference>
          <reference href="https://www.cisecurity.org/controls/">12</reference>
          <reference href="https://www.cisecurity.org/controls/">13</reference>
          <reference href="https://www.cisecurity.org/controls/">14</reference>
          <reference href="https://www.cisecurity.org/controls/">15</reference>
          <reference href="https://www.cisecurity.org/controls/">16</reference>
          <reference href="https://www.cisecurity.org/controls/">19</reference>
          <reference href="https://www.cisecurity.org/controls/">2</reference>
          <reference href="https://www.cisecurity.org/controls/">3</reference>
          <reference href="https://www.cisecurity.org/controls/">4</reference>
          <reference href="https://www.cisecurity.org/controls/">5</reference>
          <reference href="https://www.cisecurity.org/controls/">6</reference>
          <reference href="https://www.cisecurity.org/controls/">7</reference>
          <reference href="https://www.cisecurity.org/controls/">8</reference>
          <reference href="https://www.cisecurity.org/controls/">9</reference>
          <reference href="https://www.fbi.gov/file-repository/cjis-security-policy-v5_5_20160601-2-1.pdf">5.4.1.1</reference>
          <reference href="https://www.isaca.org/resources/cobit">APO10.01</reference>
          <reference href="https://www.isaca.org/resources/cobit">APO10.03</reference>
          <reference href="https://www.isaca.org/resources/cobit">APO10.04</reference>
          <reference href="https://www.isaca.org/resources/cobit">APO10.05</reference>
          <reference href="https://www.isaca.org/resources/cobit">APO11.04</reference>
          <reference href="https://www.isaca.org/resources/cobit">APO12.06</reference>
          <reference href="https://www.isaca.org/resources/cobit">APO13.01</reference>
          <reference href="https://www.isaca.org/resources/cobit">BAI03.05</reference>
          <reference href="https://www.isaca.org/resources/cobit">BAI08.02</reference>
          <reference href="https://www.isaca.org/resources/cobit">DSS01.03</reference>
          <reference href="https://www.isaca.org/resources/cobit">DSS01.04</reference>
          <reference href="https://www.isaca.org/resources/cobit">DSS02.02</reference>
          <reference href="https://www.isaca.org/resources/cobit">DSS02.04</reference>
          <reference href="https://www.isaca.org/resources/cobit">DSS02.07</reference>
          <reference href="https://www.isaca.org/resources/cobit">DSS03.01</reference>
          <reference href="https://www.isaca.org/resources/cobit">DSS03.05</reference>
          <reference href="https://www.isaca.org/resources/cobit">DSS05.02</reference>
          <reference href="https://www.isaca.org/resources/cobit">DSS05.03</reference>
          <reference href="https://www.isaca.org/resources/cobit">DSS05.04</reference>
          <reference href="https://www.isaca.org/resources/cobit">DSS05.05</reference>
          <reference href="https://www.isaca.org/resources/cobit">DSS05.07</reference>
          <reference href="https://www.isaca.org/resources/cobit">MEA01.01</reference>
          <reference href="https://www.isaca.org/resources/cobit">MEA01.02</reference>
          <reference href="https://www.isaca.org/resources/cobit">MEA01.03</reference>
          <reference href="https://www.isaca.org/resources/cobit">MEA01.04</reference>
          <reference href="https://www.isaca.org/resources/cobit">MEA01.05</reference>
          <reference href="https://www.isaca.org/resources/cobit">MEA02.01</reference>
          <reference href="http://nvlpubs.nist.gov/nistpubs/SpecialPublications/NIST.SP.800-171.pdf">3.1.7</reference>
          <reference href="https://www.gpo.gov/fdsys/pkg/CFR-2007-title45-vol1/pdf/CFR-2007-title45-vol1-chapA-subchapC.pdf">164.308(a)(1)(ii)(D)</reference>
          <reference href="https://www.gpo.gov/fdsys/pkg/CFR-2007-title45-vol1/pdf/CFR-2007-title45-vol1-chapA-subchapC.pdf">164.308(a)(3)(ii)(A)</reference>
          <reference href="https://www.gpo.gov/fdsys/pkg/CFR-2007-title45-vol1/pdf/CFR-2007-title45-vol1-chapA-subchapC.pdf">164.308(a)(5)(ii)(C)</reference>
          <reference href="https://www.gpo.gov/fdsys/pkg/CFR-2007-title45-vol1/pdf/CFR-2007-title45-vol1-chapA-subchapC.pdf">164.312(a)(2)(i)</reference>
          <reference href="https://www.gpo.gov/fdsys/pkg/CFR-2007-title45-vol1/pdf/CFR-2007-title45-vol1-chapA-subchapC.pdf">164.312(b)</reference>
          <reference href="https://www.gpo.gov/fdsys/pkg/CFR-2007-title45-vol1/pdf/CFR-2007-title45-vol1-chapA-subchapC.pdf">164.312(d)</reference>
          <reference href="https://www.gpo.gov/fdsys/pkg/CFR-2007-title45-vol1/pdf/CFR-2007-title45-vol1-chapA-subchapC.pdf">164.312(e)</reference>
          <reference href="https://www.isa.org/products/isa-62443-2-1-2009-security-for-industrial-automat">4.2.3.10</reference>
          <reference href="https://www.isa.org/products/isa-62443-2-1-2009-security-for-industrial-automat">4.3.2.6.7</reference>
          <reference href="https://www.isa.org/products/isa-62443-2-1-2009-security-for-industrial-automat">4.3.3.3.9</reference>
          <reference href="https://www.isa.org/products/isa-62443-2-1-2009-security-for-industrial-automat">4.3.3.5.8</reference>
          <reference href="https://www.isa.org/products/isa-62443-2-1-2009-security-for-industrial-automat">4.3.3.6.6</reference>
          <reference href="https://www.isa.org/products/isa-62443-2-1-2009-security-for-industrial-automat">4.3.4.4.7</reference>
          <reference href="https://www.isa.org/products/isa-62443-2-1-2009-security-for-industrial-automat">4.3.4.5.6</reference>
          <reference href="https://www.isa.org/products/isa-62443-2-1-2009-security-for-industrial-automat">4.3.4.5.7</reference>
          <reference href="https://www.isa.org/products/isa-62443-2-1-2009-security-for-industrial-automat">4.3.4.5.8</reference>
          <reference href="https://www.isa.org/products/isa-62443-2-1-2009-security-for-industrial-automat">4.4.2.1</reference>
          <reference href="https://www.isa.org/products/isa-62443-2-1-2009-security-for-industrial-automat">4.4.2.2</reference>
          <reference href="https://www.isa.org/products/isa-62443-2-1-2009-security-for-industrial-automat">4.4.2.4</reference>
          <reference href="https://www.isa.org/products/ansi-isa-62443-3-3-99-03-03-2013-security-for-indu">SR 1.13</reference>
          <reference href="https://www.isa.org/products/ansi-isa-62443-3-3-99-03-03-2013-security-for-indu">SR 2.10</reference>
          <reference href="https://www.isa.org/products/ansi-isa-62443-3-3-99-03-03-2013-security-for-indu">SR 2.11</reference>
          <reference href="https://www.isa.org/products/ansi-isa-62443-3-3-99-03-03-2013-security-for-indu">SR 2.12</reference>
          <reference href="https://www.isa.org/products/ansi-isa-62443-3-3-99-03-03-2013-security-for-indu">SR 2.6</reference>
          <reference href="https://www.isa.org/products/ansi-isa-62443-3-3-99-03-03-2013-security-for-indu">SR 2.8</reference>
          <reference href="https://www.isa.org/products/ansi-isa-62443-3-3-99-03-03-2013-security-for-indu">SR 2.9</reference>
          <reference href="https://www.isa.org/products/ansi-isa-62443-3-3-99-03-03-2013-security-for-indu">SR 3.1</reference>
          <reference href="https://www.isa.org/products/ansi-isa-62443-3-3-99-03-03-2013-security-for-indu">SR 3.5</reference>
          <reference href="https://www.isa.org/products/ansi-isa-62443-3-3-99-03-03-2013-security-for-indu">SR 3.8</reference>
          <reference href="https://www.isa.org/products/ansi-isa-62443-3-3-99-03-03-2013-security-for-indu">SR 4.1</reference>
          <reference href="https://www.isa.org/products/ansi-isa-62443-3-3-99-03-03-2013-security-for-indu">SR 4.3</reference>
          <reference href="https://www.isa.org/products/ansi-isa-62443-3-3-99-03-03-2013-security-for-indu">SR 5.1</reference>
          <reference href="https://www.isa.org/products/ansi-isa-62443-3-3-99-03-03-2013-security-for-indu">SR 5.2</reference>
          <reference href="https://www.isa.org/products/ansi-isa-62443-3-3-99-03-03-2013-security-for-indu">SR 5.3</reference>
          <reference href="https://www.isa.org/products/ansi-isa-62443-3-3-99-03-03-2013-security-for-indu">SR 6.1</reference>
          <reference href="https://www.isa.org/products/ansi-isa-62443-3-3-99-03-03-2013-security-for-indu">SR 6.2</reference>
          <reference href="https://www.isa.org/products/ansi-isa-62443-3-3-99-03-03-2013-security-for-indu">SR 7.1</reference>
          <reference href="https://www.isa.org/products/ansi-isa-62443-3-3-99-03-03-2013-security-for-indu">SR 7.6</reference>
          <reference href="https://www.iso.org/contents/data/standard/05/45/54534.html">A.11.2.6</reference>
          <reference href="https://www.iso.org/contents/data/standard/05/45/54534.html">A.12.4.1</reference>
          <reference href="https://www.iso.org/contents/data/standard/05/45/54534.html">A.12.4.2</reference>
          <reference href="https://www.iso.org/contents/data/standard/05/45/54534.html">A.12.4.3</reference>
          <reference href="https://www.iso.org/contents/data/standard/05/45/54534.html">A.12.4.4</reference>
          <reference href="https://www.iso.org/contents/data/standard/05/45/54534.html">A.12.7.1</reference>
          <reference href="https://www.iso.org/contents/data/standard/05/45/54534.html">A.13.1.1</reference>
          <reference href="https://www.iso.org/contents/data/standard/05/45/54534.html">A.13.2.1</reference>
          <reference href="https://www.iso.org/contents/data/standard/05/45/54534.html">A.14.1.3</reference>
          <reference href="https://www.iso.org/contents/data/standard/05/45/54534.html">A.14.2.7</reference>
          <reference href="https://www.iso.org/contents/data/standard/05/45/54534.html">A.15.2.1</reference>
          <reference href="https://www.iso.org/contents/data/standard/05/45/54534.html">A.15.2.2</reference>
          <reference href="https://www.iso.org/contents/data/standard/05/45/54534.html">A.16.1.4</reference>
          <reference href="https://www.iso.org/contents/data/standard/05/45/54534.html">A.16.1.5</reference>
          <reference href="https://www.iso.org/contents/data/standard/05/45/54534.html">A.16.1.7</reference>
          <reference href="https://www.iso.org/contents/data/standard/05/45/54534.html">A.6.2.1</reference>
          <reference href="https://www.iso.org/contents/data/standard/05/45/54534.html">A.6.2.2</reference>
          <reference href="http://nvlpubs.nist.gov/nistpubs/SpecialPublications/NIST.SP.800-53r4.pdf">AU-12(a)</reference>
          <reference href="http://nvlpubs.nist.gov/nistpubs/SpecialPublications/NIST.SP.800-53r4.pdf">AU-12.1(ii)</reference>
          <reference href="http://nvlpubs.nist.gov/nistpubs/SpecialPublications/NIST.SP.800-53r4.pdf">AU-12(c)</reference>
          <reference href="http://nvlpubs.nist.gov/nistpubs/SpecialPublications/NIST.SP.800-53r4.pdf">AU-12.1(iv)</reference>
          <reference href="http://nvlpubs.nist.gov/nistpubs/SpecialPublications/NIST.SP.800-53r4.pdf">AU-3</reference>
          <reference href="http://nvlpubs.nist.gov/nistpubs/SpecialPublications/NIST.SP.800-53r4.pdf">AU-3.1</reference>
          <reference href="http://nvlpubs.nist.gov/nistpubs/SpecialPublications/NIST.SP.800-53r4.pdf">MA-4(1)(a)</reference>
          <reference href="https://nvlpubs.nist.gov/nistpubs/CSWP/NIST.CSWP.04162018.pdf">DE.AE-3</reference>
          <reference href="https://nvlpubs.nist.gov/nistpubs/CSWP/NIST.CSWP.04162018.pdf">DE.AE-5</reference>
          <reference href="https://nvlpubs.nist.gov/nistpubs/CSWP/NIST.CSWP.04162018.pdf">DE.CM-1</reference>
          <reference href="https://nvlpubs.nist.gov/nistpubs/CSWP/NIST.CSWP.04162018.pdf">DE.CM-3</reference>
          <reference href="https://nvlpubs.nist.gov/nistpubs/CSWP/NIST.CSWP.04162018.pdf">DE.CM-7</reference>
          <reference href="https://nvlpubs.nist.gov/nistpubs/CSWP/NIST.CSWP.04162018.pdf">ID.SC-4</reference>
          <reference href="https://nvlpubs.nist.gov/nistpubs/CSWP/NIST.CSWP.04162018.pdf">PR.AC-3</reference>
          <reference href="https://nvlpubs.nist.gov/nistpubs/CSWP/NIST.CSWP.04162018.pdf">PR.PT-1</reference>
          <reference href="https://nvlpubs.nist.gov/nistpubs/CSWP/NIST.CSWP.04162018.pdf">PR.PT-4</reference>
          <reference href="https://nvlpubs.nist.gov/nistpubs/CSWP/NIST.CSWP.04162018.pdf">RS.AN-1</reference>
          <reference href="https://nvlpubs.nist.gov/nistpubs/CSWP/NIST.CSWP.04162018.pdf">RS.AN-4</reference>
          <reference href="https://www.pcisecuritystandards.org/documents/PCI_DSS_v3-2-1.pdf">Req-10.5.5</reference>
          <reference href="https://www.cyber.mil/stigs/downloads/?_dl_facet_stigs=operating-systems%2Cgeneral-purpose-os">SRG-OS-000037-GPOS-00015</reference>
          <reference href="https://www.cyber.mil/stigs/downloads/?_dl_facet_stigs=operating-systems%2Cgeneral-purpose-os">SRG-OS-000042-GPOS-00020</reference>
          <reference href="https://www.cyber.mil/stigs/downloads/?_dl_facet_stigs=operating-systems%2Cgeneral-purpose-os">SRG-OS-000062-GPOS-00031</reference>
          <reference href="https://www.cyber.mil/stigs/downloads/?_dl_facet_stigs=operating-systems%2Cgeneral-purpose-os">SRG-OS-000392-GPOS-00172</reference>
          <reference href="https://www.cyber.mil/stigs/downloads/?_dl_facet_stigs=operating-systems%2Cgeneral-purpose-os">SRG-OS-000458-GPOS-00203</reference>
          <reference href="https://www.cyber.mil/stigs/downloads/?_dl_facet_stigs=operating-systems%2Cgeneral-purpose-os">SRG-OS-000462-GPOS-00206</reference>
          <reference href="https://www.cyber.mil/stigs/downloads/?_dl_facet_stigs=operating-systems%2Cgeneral-purpose-os">SRG-OS-000463-GPOS-00207</reference>
          <reference href="https://www.cyber.mil/stigs/downloads/?_dl_facet_stigs=operating-systems%2Cgeneral-purpose-os">SRG-OS-000468-GPOS-00212</reference>
          <reference href="https://www.cyber.mil/stigs/downloads/?_dl_facet_stigs=operating-systems%2Cgeneral-purpose-os">SRG-OS-000471-GPOS-00215</reference>
          <reference href="https://www.cyber.mil/stigs/downloads/?_dl_facet_stigs=operating-systems%2Cgeneral-purpose-os">SRG-OS-000474-GPOS-00219</reference>
          <reference href="https://www.cyber.mil/stigs/downloads/?_dl_facet_stigs=operating-systems%2Cgeneral-purpose-os">SRG-OS-000466-GPOS-00210</reference>
          <reference href="https://www.cyber.mil/stigs/downloads/?_dl_facet_stigs=operating-systems%2Cgeneral-purpose-os">SRG-OS-000064-GPOS-00033</reference>
          <reference href="https://www.cyber.mil/stigs/downloads/?_dl_facet_stigs=app-security">SRG-APP-000091-CTR-000160</reference>
          <reference href="https://www.cyber.mil/stigs/downloads/?_dl_facet_stigs=app-security">SRG-APP-000492-CTR-001220</reference>
          <reference href="https://www.cyber.mil/stigs/downloads/?_dl_facet_stigs=app-security">SRG-APP-000493-CTR-001225</reference>
          <reference href="https://www.cyber.mil/stigs/downloads/?_dl_facet_stigs=app-security">SRG-APP-000494-CTR-001230</reference>
          <reference href="https://www.cyber.mil/stigs/downloads/?_dl_facet_stigs=app-security">SRG-APP-000500-CTR-001260</reference>
          <reference href="https://www.cyber.mil/stigs/downloads/?_dl_facet_stigs=app-security">SRG-APP-000507-CTR-001295</reference>
          <reference href="https://www.cyber.mil/stigs/downloads/?_dl_facet_stigs=app-security">SRG-APP-000495-CTR-001235</reference>
          <reference href="https://www.cyber.mil/stigs/downloads/?_dl_facet_stigs=app-security">SRG-APP-000496-CTR-001240</reference>
          <reference href="https://www.cyber.mil/stigs/downloads/?_dl_facet_stigs=app-security">SRG-APP-000497-CTR-001245</reference>
          <reference href="https://www.cyber.mil/stigs/downloads/?_dl_facet_stigs=app-security">SRG-APP-000498-CTR-001250</reference>
          <reference href="https://www.cyber.mil/stigs/downloads/?_dl_facet_stigs=app-security">SRG-APP-000499-CTR-001255</reference>
          <reference href="https://www.cyber.mil/stigs/downloads/?_dl_facet_stigs=app-security">SRG-APP-000501-CTR-001265</reference>
          <reference href="https://www.cyber.mil/stigs/downloads/?_dl_facet_stigs=app-security">SRG-APP-000502-CTR-001270</reference>
          <reference href="https://www.cyber.mil/stigs/downloads/?_dl_facet_stigs=operating-systems%2Cunix-linux">SLES-15-030190</reference>
          <reference href="https://www.cisecurity.org/benchmark/suse_linux/">4.1.9</reference>
          <reference href="https://cyber.gouv.fr/sites/default/files/document/linux_configuration-en-v2.pdf">R73</reference>
          <reference href="not_publicly_available">SLES-15-750450255</reference>
          <reference href="https://docs-prv.pcisecuritystandards.org/PCI%20DSS/Standard/PCI-DSS-v4_0.pdf">10.3.4</reference>
          <reference href="https://docs-prv.pcisecuritystandards.org/PCI%20DSS/Standard/PCI-DSS-v4_0.pdf">10.3</reference>
          <reference href="https://www.cyber.mil/stigs/srg-stig-tools/">SV-234918r958412_rule</reference>
          <rationale xmlns:xhtml="http://www.w3.org/1999/xhtml" xml:lang="en-US">The changing of file permissions could indicate that a user is attempting to
gain access to information that would otherwise be disallowed. Auditing DAC modifications
can facilitate the identification of patterns of abuse among both authorized and
unauthorized users.</rationale>
          <ident system="https://ncp.nist.gov/cce">CCE-85684-9</ident>
          <fix xmlns:xhtml="http://www.w3.org/1999/xhtml" id="audit_rules_dac_modification_removexattr" system="urn:xccdf:fix:script:sh"># Remediation is applicable only in certain platforms
if rpm --quiet -q audit &amp;&amp; rpm --quiet -q kernel-default || rpm --quiet -q kernel-default-base; then

# First perform the remediation of the syscall rule
# Retrieve hardware architecture of the underlying system
[ "$(getconf LONG_BIT)" = "32" ] &amp;&amp; RULE_ARCHS=("b32") || RULE_ARCHS=("b32" "b64")

for ARCH in "${RULE_ARCHS[@]}"
do
	ACTION_ARCH_FILTERS="-a always,exit -F arch=$ARCH"
	OTHER_FILTERS=""
	AUID_FILTERS="-F auid&gt;=1000 -F auid!=unset"
	SYSCALL="removexattr"
	KEY="perm_mod"
	SYSCALL_GROUPING="fremovexattr lremovexattr removexattr fsetxattr lsetxattr setxattr"

	# Perform the remediation for both possible tools: 'auditctl' and 'augenrules'
	unset syscall_a
unset syscall_grouping
unset syscall_string
unset syscall
unset file_to_edit
unset rule_to_edit
unset rule_syscalls_to_edit
unset other_string
unset auid_string
unset full_rule

# Load macro arguments into arrays
read -a syscall_a &lt;&lt;&lt; $SYSCALL
read -a syscall_grouping &lt;&lt;&lt; $SYSCALL_GROUPING

# Create a list of audit *.rules files that should be inspected for presence and correctness
# of a particular audit rule. The scheme is as follows:
#
# -----------------------------------------------------------------------------------------
#  Tool used to load audit rules | Rule already defined  |  Audit rules file to inspect    |
# -----------------------------------------------------------------------------------------
#        auditctl                |     Doesn't matter    |  /etc/audit/audit.rules         |
# -----------------------------------------------------------------------------------------
#        augenrules              |          Yes          |  /etc/audit/rules.d/*.rules     |
#        augenrules              |          No           |  /etc/audit/rules.d/$key.rules  |
# -----------------------------------------------------------------------------------------
#
files_to_inspect=()

# If audit tool is 'augenrules', then check if the audit rule is defined
# If rule is defined, add '/etc/audit/rules.d/*.rules' to the list for inspection
# If rule isn't defined yet, add '/etc/audit/rules.d/$key.rules' to the list for inspection
default_file="/etc/audit/rules.d/$KEY.rules"
# As other_filters may include paths, lets use a different delimiter for it
# The "F" script expression tells sed to print the filenames where the expressions matched
readarray -t files_to_inspect &lt; &lt;(sed -s -n -e "/^$ACTION_ARCH_FILTERS/!d" -e "\#$OTHER_FILTERS#!d" -e "/$AUID_FILTERS/!d" -e "F" /etc/audit/rules.d/*.rules)
# Case when particular rule isn't defined in /etc/audit/rules.d/*.rules yet
if [ ${#files_to_inspect[@]} -eq "0" ]
then
    file_to_inspect="/etc/audit/rules.d/$KEY.rules"
    files_to_inspect=("$file_to_inspect")
    if [ ! -e "$file_to_inspect" ]
    then
        touch "$file_to_inspect"
        chmod 0600 "$file_to_inspect"
    fi
fi

# After converting to jinja, we cannot return; therefore we skip the rest of the macro if needed instead
skip=1

for audit_file in "${files_to_inspect[@]}"
do
    # Filter existing $audit_file rules' definitions to select those that satisfy the rule pattern,
    # i.e, collect rules that match:
    # * the action, list and arch, (2-nd argument)
    # * the other filters, (3-rd argument)
    # * the auid filters, (4-rd argument)
    readarray -t similar_rules &lt; &lt;(sed -e "/^$ACTION_ARCH_FILTERS/!d"  -e "\#$OTHER_FILTERS#!d" -e "/$AUID_FILTERS/!d" "$audit_file")

    candidate_rules=()
    # Filter out rules that have more fields then required. This will remove rules more specific than the required scope
    for s_rule in "${similar_rules[@]}"
    do
        # Strip all the options and fields we know of,
        # than check if there was any field left over
        extra_fields=$(sed -E -e "s/^$ACTION_ARCH_FILTERS//"  -e "s#$OTHER_FILTERS##" -e "s/$AUID_FILTERS//" -e "s/((:?-S [[:alnum:],]+)+)//g" -e "s/-F key=\w+|-k \w+//"&lt;&lt;&lt; "$s_rule")
        grep -q -- "-F" &lt;&lt;&lt; "$extra_fields" || candidate_rules+=("$s_rule")
    done

    if [[ ${#syscall_a[@]} -ge 1 ]]
    then
        # Check if the syscall we want is present in any of the similar existing rules
        for rule in "${candidate_rules[@]}"
        do
            rule_syscalls=$(echo "$rule" | grep -o -P '(-S [\w,]+)+' | xargs)
            all_syscalls_found=0
            for syscall in "${syscall_a[@]}"
            do
                grep -q -- "\b${syscall}\b" &lt;&lt;&lt; "$rule_syscalls" || {
                   # A syscall was not found in the candidate rule
                   all_syscalls_found=1
                   }
            done
            if [[ $all_syscalls_found -eq 0 ]]
            then
                # We found a rule with all the syscall(s) we want; skip rest of macro
                skip=0
                break
            fi

            # Check if this rule can be grouped with our target syscall and keep track of it
            for syscall_g in "${syscall_grouping[@]}"
            do
                if grep -q -- "\b${syscall_g}\b" &lt;&lt;&lt; "$rule_syscalls"
                then
                    file_to_edit=${audit_file}
                    rule_to_edit=${rule}
                    rule_syscalls_to_edit=${rule_syscalls}
                fi
            done
        done
    else
        # If there is any candidate rule, it is compliant; skip rest of macro
        if [ "${#candidate_rules[@]}" -gt 0 ]
        then
            skip=0
        fi
    fi

    if [ "$skip" -eq 0 ]; then
        break
    fi
done

if [ "$skip" -ne 0 ]; then
    # We checked all rules that matched the expected resemblance pattern (action, arch &amp; auid)
    # At this point we know if we need to either append the $full_rule or group
    # the syscall together with an exsiting rule

    # Append the full_rule if it cannot be grouped to any other rule
    if [ -z ${rule_to_edit+x} ]
    then
        # Build full_rule while avoid adding double spaces when other_filters is empty
        if [ "${#syscall_a[@]}" -gt 0 ]
        then
            syscall_string=""
            for syscall in "${syscall_a[@]}"
            do
                syscall_string+=" -S $syscall"
            done
        fi
        other_string=$([[ $OTHER_FILTERS ]] &amp;&amp; echo " $OTHER_FILTERS") || /bin/true
        auid_string=$([[ $AUID_FILTERS ]] &amp;&amp; echo " $AUID_FILTERS") || /bin/true
        full_rule="$ACTION_ARCH_FILTERS${syscall_string}${other_string}${auid_string} -F key=$KEY" || /bin/true
        echo "$full_rule" &gt;&gt; "$default_file"
        chmod 0600 ${default_file}
    else
        # Check if the syscalls are declared as a comma separated list or
        # as multiple -S parameters
        if grep -q -- "," &lt;&lt;&lt; "${rule_syscalls_to_edit}"
        then
            delimiter=","
        else
            delimiter=" -S "
        fi
        new_grouped_syscalls="${rule_syscalls_to_edit}"
        for syscall in "${syscall_a[@]}"
        do
            grep -q -- "\b${syscall}\b" &lt;&lt;&lt; "${rule_syscalls_to_edit}" || {
               # A syscall was not found in the candidate rule
               new_grouped_syscalls+="${delimiter}${syscall}"
               }
        done

        # Group the syscall in the rule
        sed -i -e "\#${rule_to_edit}#s#${rule_syscalls_to_edit}#${new_grouped_syscalls}#" "$file_to_edit"
    fi
fi
	unset syscall_a
unset syscall_grouping
unset syscall_string
unset syscall
unset file_to_edit
unset rule_to_edit
unset rule_syscalls_to_edit
unset other_string
unset auid_string
unset full_rule

# Load macro arguments into arrays
read -a syscall_a &lt;&lt;&lt; $SYSCALL
read -a syscall_grouping &lt;&lt;&lt; $SYSCALL_GROUPING

# Create a list of audit *.rules files that should be inspected for presence and correctness
# of a particular audit rule. The scheme is as follows:
#
# -----------------------------------------------------------------------------------------
#  Tool used to load audit rules | Rule already defined  |  Audit rules file to inspect    |
# -----------------------------------------------------------------------------------------
#        auditctl                |     Doesn't matter    |  /etc/audit/audit.rules         |
# -----------------------------------------------------------------------------------------
#        augenrules              |          Yes          |  /etc/audit/rules.d/*.rules     |
#        augenrules              |          No           |  /etc/audit/rules.d/$key.rules  |
# -----------------------------------------------------------------------------------------
#
files_to_inspect=()


# If audit tool is 'auditctl', then add '/etc/audit/audit.rules'
# file to the list of files to be inspected
default_file="/etc/audit/audit.rules"
files_to_inspect+=('/etc/audit/audit.rules' )

# After converting to jinja, we cannot return; therefore we skip the rest of the macro if needed instead
skip=1

for audit_file in "${files_to_inspect[@]}"
do
    # Filter existing $audit_file rules' definitions to select those that satisfy the rule pattern,
    # i.e, collect rules that match:
    # * the action, list and arch, (2-nd argument)
    # * the other filters, (3-rd argument)
    # * the auid filters, (4-rd argument)
    readarray -t similar_rules &lt; &lt;(sed -e "/^$ACTION_ARCH_FILTERS/!d"  -e "\#$OTHER_FILTERS#!d" -e "/$AUID_FILTERS/!d" "$audit_file")

    candidate_rules=()
    # Filter out rules that have more fields then required. This will remove rules more specific than the required scope
    for s_rule in "${similar_rules[@]}"
    do
        # Strip all the options and fields we know of,
        # than check if there was any field left over
        extra_fields=$(sed -E -e "s/^$ACTION_ARCH_FILTERS//"  -e "s#$OTHER_FILTERS##" -e "s/$AUID_FILTERS//" -e "s/((:?-S [[:alnum:],]+)+)//g" -e "s/-F key=\w+|-k \w+//"&lt;&lt;&lt; "$s_rule")
        grep -q -- "-F" &lt;&lt;&lt; "$extra_fields" || candidate_rules+=("$s_rule")
    done

    if [[ ${#syscall_a[@]} -ge 1 ]]
    then
        # Check if the syscall we want is present in any of the similar existing rules
        for rule in "${candidate_rules[@]}"
        do
            rule_syscalls=$(echo "$rule" | grep -o -P '(-S [\w,]+)+' | xargs)
            all_syscalls_found=0
            for syscall in "${syscall_a[@]}"
            do
                grep -q -- "\b${syscall}\b" &lt;&lt;&lt; "$rule_syscalls" || {
                   # A syscall was not found in the candidate rule
                   all_syscalls_found=1
                   }
            done
            if [[ $all_syscalls_found -eq 0 ]]
            then
                # We found a rule with all the syscall(s) we want; skip rest of macro
                skip=0
                break
            fi

            # Check if this rule can be grouped with our target syscall and keep track of it
            for syscall_g in "${syscall_grouping[@]}"
            do
                if grep -q -- "\b${syscall_g}\b" &lt;&lt;&lt; "$rule_syscalls"
                then
                    file_to_edit=${audit_file}
                    rule_to_edit=${rule}
                    rule_syscalls_to_edit=${rule_syscalls}
                fi
            done
        done
    else
        # If there is any candidate rule, it is compliant; skip rest of macro
        if [ "${#candidate_rules[@]}" -gt 0 ]
        then
            skip=0
        fi
    fi

    if [ "$skip" -eq 0 ]; then
        break
    fi
done

if [ "$skip" -ne 0 ]; then
    # We checked all rules that matched the expected resemblance pattern (action, arch &amp; auid)
    # At this point we know if we need to either append the $full_rule or group
    # the syscall together with an exsiting rule

    # Append the full_rule if it cannot be grouped to any other rule
    if [ -z ${rule_to_edit+x} ]
    then
        # Build full_rule while avoid adding double spaces when other_filters is empty
        if [ "${#syscall_a[@]}" -gt 0 ]
        then
            syscall_string=""
            for syscall in "${syscall_a[@]}"
            do
                syscall_string+=" -S $syscall"
            done
        fi
        other_string=$([[ $OTHER_FILTERS ]] &amp;&amp; echo " $OTHER_FILTERS") || /bin/true
        auid_string=$([[ $AUID_FILTERS ]] &amp;&amp; echo " $AUID_FILTERS") || /bin/true
        full_rule="$ACTION_ARCH_FILTERS${syscall_string}${other_string}${auid_string} -F key=$KEY" || /bin/true
        echo "$full_rule" &gt;&gt; "$default_file"
        chmod 0600 ${default_file}
    else
        # Check if the syscalls are declared as a comma separated list or
        # as multiple -S parameters
        if grep -q -- "," &lt;&lt;&lt; "${rule_syscalls_to_edit}"
        then
            delimiter=","
        else
            delimiter=" -S "
        fi
        new_grouped_syscalls="${rule_syscalls_to_edit}"
        for syscall in "${syscall_a[@]}"
        do
            grep -q -- "\b${syscall}\b" &lt;&lt;&lt; "${rule_syscalls_to_edit}" || {
               # A syscall was not found in the candidate rule
               new_grouped_syscalls+="${delimiter}${syscall}"
               }
        done

        # Group the syscall in the rule
        sed -i -e "\#${rule_to_edit}#s#${rule_syscalls_to_edit}#${new_grouped_syscalls}#" "$file_to_edit"
    fi
fi
done

else
    &gt;&amp;2 echo 'Remediation is not applicable, nothing was done'
fi
</fix>
          <fix xmlns:xhtml="http://www.w3.org/1999/xhtml" id="audit_rules_dac_modification_removexattr" system="urn:xccdf:fix:script:ansible" reboot="true" complexity="low" disruption="low" strategy="restrict">- name: Gather the package facts
  package_facts:
    manager: auto
  tags:
  - CCE-85684-9
  - CJIS-5.4.1.1
  - DISA-STIG-SLES-15-030190
  - NIST-800-171-3.1.7
  - NIST-800-53-AU-12(a)
  - NIST-800-53-AU-12(c)
  - NIST-800-53-AU-12.1(ii)
  - NIST-800-53-AU-12.1(iv)
  - NIST-800-53-AU-3
  - NIST-800-53-AU-3.1
  - NIST-800-53-MA-4(1)(a)
  - PCI-DSS-Req-10.5.5
  - PCI-DSSv4-10.3
  - PCI-DSSv4-10.3.4
  - audit_rules_dac_modification_removexattr
  - low_complexity
  - low_disruption
  - medium_severity
  - reboot_required
  - restrict_strategy

- name: Set architecture for audit removexattr tasks
  ansible.builtin.set_fact:
    audit_arch: b64
  when:
  - '"audit" in ansible_facts.packages'
  - ("kernel-default" in ansible_facts.packages or "kernel-default-base" in ansible_facts.packages)
  - ansible_architecture == "aarch64" or ansible_architecture == "ppc64" or ansible_architecture
    == "ppc64le" or ansible_architecture == "s390x" or ansible_architecture == "x86_64"
  tags:
  - CCE-85684-9
  - CJIS-5.4.1.1
  - DISA-STIG-SLES-15-030190
  - NIST-800-171-3.1.7
  - NIST-800-53-AU-12(a)
  - NIST-800-53-AU-12(c)
  - NIST-800-53-AU-12.1(ii)
  - NIST-800-53-AU-12.1(iv)
  - NIST-800-53-AU-3
  - NIST-800-53-AU-3.1
  - NIST-800-53-MA-4(1)(a)
  - PCI-DSS-Req-10.5.5
  - PCI-DSSv4-10.3
  - PCI-DSSv4-10.3.4
  - audit_rules_dac_modification_removexattr
  - low_complexity
  - low_disruption
  - medium_severity
  - reboot_required
  - restrict_strategy

- name: Perform remediation of Audit rules for removexattr for 32bit platform
  block:

  - name: Declare list of syscalls
    ansible.builtin.set_fact:
      syscalls:
      - removexattr
      syscall_grouping:
      - fremovexattr
      - lremovexattr
      - removexattr
      - fsetxattr
      - lsetxattr
      - setxattr

  - name: Check existence of removexattr in /etc/audit/rules.d/
    ansible.builtin.find:
      paths: /etc/audit/rules.d
      contains: -a always,exit -F arch=b32(( -S |,)\w+)*(( -S |,){{ item }})+(( -S
        |,)\w+)* -F auid&gt;=1000 -F auid!=unset (-k\s+|-F\s+key=)\S+\s*$
      patterns: '*.rules'
    register: find_command
    loop: '{{ (syscall_grouping + syscalls) | unique }}'

  - name: Reset syscalls found per file
    ansible.builtin.set_fact:
      syscalls_per_file: {}
      found_paths_dict: {}

  - name: Declare syscalls found per file
    ansible.builtin.set_fact: syscalls_per_file="{{ syscalls_per_file | combine( {item.files[0].path
      :[item.item] + syscalls_per_file.get(item.files[0].path, []) } ) }}"
    loop: '{{ find_command.results | selectattr(''matched'') | list }}'

  - name: Declare files where syscalls were found
    ansible.builtin.set_fact: found_paths="{{ find_command.results | map(attribute='files')
      | flatten | map(attribute='path') | list }}"

  - name: Count occurrences of syscalls in paths
    ansible.builtin.set_fact: found_paths_dict="{{ found_paths_dict | combine({ item:1+found_paths_dict.get(item,
      0) }) }}"
    loop: '{{ find_command.results | map(attribute=''files'') | flatten | map(attribute=''path'')
      | list }}'

  - name: Get path with most syscalls
    ansible.builtin.set_fact: audit_file="{{ (found_paths_dict | dict2items() | sort(attribute='value')
      | last).key }}"
    when: found_paths | length &gt;= 1

  - name: No file with syscall found, set path to /etc/audit/rules.d/perm_mod.rules
    ansible.builtin.set_fact: audit_file="/etc/audit/rules.d/perm_mod.rules"
    when: found_paths | length == 0

  - name: Declare found syscalls
    ansible.builtin.set_fact: syscalls_found="{{ find_command.results | selectattr('matched')
      | map(attribute='item') | list }}"

  - name: Declare missing syscalls
    ansible.builtin.set_fact: missing_syscalls="{{ syscalls | difference(syscalls_found)
      }}"

  - name: Replace the audit rule in {{ audit_file }}
    ansible.builtin.lineinfile:
      path: '{{ audit_file }}'
      regexp: (-a always,exit -F arch=b32)(?=.*(?:(?:-S |,)(?:{{ syscalls_per_file[audit_file]
        | join("|") }}))\b)((?:( -S |,)\w+)+)( -F auid&gt;=1000 -F auid!=unset (?:-k
        |-F key=)\w+)
      line: \1\2\3{{ missing_syscalls | join("\3") }}\4
      backrefs: true
      state: present
      mode: g-rwx,o-rwx
    when: syscalls_found | length &gt; 0 and missing_syscalls | length &gt; 0

  - name: Add the audit rule to {{ audit_file }}
    ansible.builtin.lineinfile:
      path: '{{ audit_file }}'
      line: -a always,exit -F arch=b32 -S {{ syscalls | join(',') }} -F auid&gt;=1000
        -F auid!=unset -F key=perm_mod
      create: true
      mode: g-rwx,o-rwx
      state: present
    when: syscalls_found | length == 0

  - name: Declare list of syscalls
    ansible.builtin.set_fact:
      syscalls:
      - removexattr
      syscall_grouping:
      - fremovexattr
      - lremovexattr
      - removexattr
      - fsetxattr
      - lsetxattr
      - setxattr

  - name: Check existence of removexattr in /etc/audit/audit.rules
    ansible.builtin.find:
      paths: /etc/audit
      contains: -a always,exit -F arch=b32(( -S |,)\w+)*(( -S |,){{ item }})+(( -S
        |,)\w+)* -F auid&gt;=1000 -F auid!=unset (-k\s+|-F\s+key=)\S+\s*$
      patterns: audit.rules
    register: find_command
    loop: '{{ (syscall_grouping + syscalls) | unique }}'

  - name: Set path to /etc/audit/audit.rules
    ansible.builtin.set_fact: audit_file="/etc/audit/audit.rules"

  - name: Declare found syscalls
    ansible.builtin.set_fact: syscalls_found="{{ find_command.results | selectattr('matched')
      | map(attribute='item') | list }}"

  - name: Declare missing syscalls
    ansible.builtin.set_fact: missing_syscalls="{{ syscalls | difference(syscalls_found)
      }}"

  - name: Replace the audit rule in {{ audit_file }}
    ansible.builtin.lineinfile:
      path: '{{ audit_file }}'
      regexp: (-a always,exit -F arch=b32)(?=.*(?:(?:-S |,)(?:{{ syscalls_found |
        join("|") }}))\b)((?:( -S |,)\w+)+)( -F auid&gt;=1000 -F auid!=unset (?:-k |-F
        key=)\w+)
      line: \1\2\3{{ missing_syscalls | join("\3") }}\4
      backrefs: true
      state: present
      mode: g-rwx,o-rwx
    when: syscalls_found | length &gt; 0 and missing_syscalls | length &gt; 0

  - name: Add the audit rule to {{ audit_file }}
    ansible.builtin.lineinfile:
      path: '{{ audit_file }}'
      line: -a always,exit -F arch=b32 -S {{ syscalls | join(',') }} -F auid&gt;=1000
        -F auid!=unset -F key=perm_mod
      create: true
      mode: g-rwx,o-rwx
      state: present
    when: syscalls_found | length == 0
  when:
  - '"audit" in ansible_facts.packages'
  - ("kernel-default" in ansible_facts.packages or "kernel-default-base" in ansible_facts.packages)
  tags:
  - CCE-85684-9
  - CJIS-5.4.1.1
  - DISA-STIG-SLES-15-030190
  - NIST-800-171-3.1.7
  - NIST-800-53-AU-12(a)
  - NIST-800-53-AU-12(c)
  - NIST-800-53-AU-12.1(ii)
  - NIST-800-53-AU-12.1(iv)
  - NIST-800-53-AU-3
  - NIST-800-53-AU-3.1
  - NIST-800-53-MA-4(1)(a)
  - PCI-DSS-Req-10.5.5
  - PCI-DSSv4-10.3
  - PCI-DSSv4-10.3.4
  - audit_rules_dac_modification_removexattr
  - low_complexity
  - low_disruption
  - medium_severity
  - reboot_required
  - restrict_strategy

- name: Perform remediation of Audit rules for removexattr for 64bit platform
  block:

  - name: Declare list of syscalls
    ansible.builtin.set_fact:
      syscalls:
      - removexattr
      syscall_grouping:
      - fremovexattr
      - lremovexattr
      - removexattr
      - fsetxattr
      - lsetxattr
      - setxattr

  - name: Check existence of removexattr in /etc/audit/rules.d/
    ansible.builtin.find:
      paths: /etc/audit/rules.d
      contains: -a always,exit -F arch=b64(( -S |,)\w+)*(( -S |,){{ item }})+(( -S
        |,)\w+)* -F auid&gt;=1000 -F auid!=unset (-k\s+|-F\s+key=)\S+\s*$
      patterns: '*.rules'
    register: find_command
    loop: '{{ (syscall_grouping + syscalls) | unique }}'

  - name: Reset syscalls found per file
    ansible.builtin.set_fact:
      syscalls_per_file: {}
      found_paths_dict: {}

  - name: Declare syscalls found per file
    ansible.builtin.set_fact: syscalls_per_file="{{ syscalls_per_file | combine( {item.files[0].path
      :[item.item] + syscalls_per_file.get(item.files[0].path, []) } ) }}"
    loop: '{{ find_command.results | selectattr(''matched'') | list }}'

  - name: Declare files where syscalls were found
    ansible.builtin.set_fact: found_paths="{{ find_command.results | map(attribute='files')
      | flatten | map(attribute='path') | list }}"

  - name: Count occurrences of syscalls in paths
    ansible.builtin.set_fact: found_paths_dict="{{ found_paths_dict | combine({ item:1+found_paths_dict.get(item,
      0) }) }}"
    loop: '{{ find_command.results | map(attribute=''files'') | flatten | map(attribute=''path'')
      | list }}'

  - name: Get path with most syscalls
    ansible.builtin.set_fact: audit_file="{{ (found_paths_dict | dict2items() | sort(attribute='value')
      | last).key }}"
    when: found_paths | length &gt;= 1

  - name: No file with syscall found, set path to /etc/audit/rules.d/perm_mod.rules
    ansible.builtin.set_fact: audit_file="/etc/audit/rules.d/perm_mod.rules"
    when: found_paths | length == 0

  - name: Declare found syscalls
    ansible.builtin.set_fact: syscalls_found="{{ find_command.results | selectattr('matched')
      | map(attribute='item') | list }}"

  - name: Declare missing syscalls
    ansible.builtin.set_fact: missing_syscalls="{{ syscalls | difference(syscalls_found)
      }}"

  - name: Replace the audit rule in {{ audit_file }}
    ansible.builtin.lineinfile:
      path: '{{ audit_file }}'
      regexp: (-a always,exit -F arch=b64)(?=.*(?:(?:-S |,)(?:{{ syscalls_per_file[audit_file]
        | join("|") }}))\b)((?:( -S |,)\w+)+)( -F auid&gt;=1000 -F auid!=unset (?:-k
        |-F key=)\w+)
      line: \1\2\3{{ missing_syscalls | join("\3") }}\4
      backrefs: true
      state: present
      mode: g-rwx,o-rwx
    when: syscalls_found | length &gt; 0 and missing_syscalls | length &gt; 0

  - name: Add the audit rule to {{ audit_file }}
    ansible.builtin.lineinfile:
      path: '{{ audit_file }}'
      line: -a always,exit -F arch=b64 -S {{ syscalls | join(',') }} -F auid&gt;=1000
        -F auid!=unset -F key=perm_mod
      create: true
      mode: g-rwx,o-rwx
      state: present
    when: syscalls_found | length == 0

  - name: Declare list of syscalls
    ansible.builtin.set_fact:
      syscalls:
      - removexattr
      syscall_grouping:
      - fremovexattr
      - lremovexattr
      - removexattr
      - fsetxattr
      - lsetxattr
      - setxattr

  - name: Check existence of removexattr in /etc/audit/audit.rules
    ansible.builtin.find:
      paths: /etc/audit
      contains: -a always,exit -F arch=b64(( -S |,)\w+)*(( -S |,){{ item }})+(( -S
        |,)\w+)* -F auid&gt;=1000 -F auid!=unset (-k\s+|-F\s+key=)\S+\s*$
      patterns: audit.rules
    register: find_command
    loop: '{{ (syscall_grouping + syscalls) | unique }}'

  - name: Set path to /etc/audit/audit.rules
    ansible.builtin.set_fact: audit_file="/etc/audit/audit.rules"

  - name: Declare found syscalls
    ansible.builtin.set_fact: syscalls_found="{{ find_command.results | selectattr('matched')
      | map(attribute='item') | list }}"

  - name: Declare missing syscalls
    ansible.builtin.set_fact: missing_syscalls="{{ syscalls | difference(syscalls_found)
      }}"

  - name: Replace the audit rule in {{ audit_file }}
    ansible.builtin.lineinfile:
      path: '{{ audit_file }}'
      regexp: (-a always,exit -F arch=b64)(?=.*(?:(?:-S |,)(?:{{ syscalls_found |
        join("|") }}))\b)((?:( -S |,)\w+)+)( -F auid&gt;=1000 -F auid!=unset (?:-k |-F
        key=)\w+)
      line: \1\2\3{{ missing_syscalls | join("\3") }}\4
      backrefs: true
      state: present
      mode: g-rwx,o-rwx
    when: syscalls_found | length &gt; 0 and missing_syscalls | length &gt; 0

  - name: Add the audit rule to {{ audit_file }}
    ansible.builtin.lineinfile:
      path: '{{ audit_file }}'
      line: -a always,exit -F arch=b64 -S {{ syscalls | join(',') }} -F auid&gt;=1000
        -F auid!=unset -F key=perm_mod
      create: true
      mode: g-rwx,o-rwx
      state: present
    when: syscalls_found | length == 0
  when:
  - '"audit" in ansible_facts.packages'
  - ("kernel-default" in ansible_facts.packages or "kernel-default-base" in ansible_facts.packages)
  - audit_arch == "b64"
  tags:
  - CCE-85684-9
  - CJIS-5.4.1.1
  - DISA-STIG-SLES-15-030190
  - NIST-800-171-3.1.7
  - NIST-800-53-AU-12(a)
  - NIST-800-53-AU-12(c)
  - NIST-800-53-AU-12.1(ii)
  - NIST-800-53-AU-12.1(iv)
  - NIST-800-53-AU-3
  - NIST-800-53-AU-3.1
  - NIST-800-53-MA-4(1)(a)
  - PCI-DSS-Req-10.5.5
  - PCI-DSSv4-10.3
  - PCI-DSSv4-10.3.4
  - audit_rules_dac_modification_removexattr
  - low_complexity
  - low_disruption
  - medium_severity
  - reboot_required
  - restrict_strategy
</fix>
          <check system="http://oval.mitre.org/XMLSchema/oval-definitions-5">
            <check-content-ref name="oval:ssg-audit_rules_dac_modification_removexattr:def:1" href="ssg-sle15-oval.xml"/>
          </check>
          <check system="http://scap.nist.gov/schema/ocil/2">
            <check-content-ref name="ocil:ssg-audit_rules_dac_modification_removexattr_ocil:questionnaire:1" href="ssg-sle15-ocil.xml"/>
          </check>
        </Rule>
        <Rule id="xccdf_org.ssgproject.content_rule_audit_rules_dac_modification_setxattr" selected="false" role="full" severity="medium">
          <title xmlns:xhtml="http://www.w3.org/1999/xhtml" xml:lang="en-US">Record Events that Modify the System's Discretionary Access Controls - setxattr</title>
          <description xmlns:xhtml="http://www.w3.org/1999/xhtml" xml:lang="en-US">At a minimum, the audit system should collect file permission
changes for all users and root. If the <html:code xmlns:html="http://www.w3.org/1999/xhtml">auditd</html:code> daemon is configured
to use the <html:code xmlns:html="http://www.w3.org/1999/xhtml">augenrules</html:code> program to read audit rules during daemon
startup (the default), add the following line to a file with suffix
<html:code xmlns:html="http://www.w3.org/1999/xhtml">.rules</html:code> in the directory <html:code xmlns:html="http://www.w3.org/1999/xhtml">/etc/audit/rules.d</html:code>:
<html:pre xmlns:html="http://www.w3.org/1999/xhtml">-a always,exit -F arch=b32 -S setxattr -F auid&gt;=1000 -F auid!=unset -F key=perm_mod</html:pre>
If the system is 64 bit then also add the following line:
<html:pre xmlns:html="http://www.w3.org/1999/xhtml">-a always,exit -F arch=b64 -S setxattr -F auid&gt;=1000 -F auid!=unset -F key=perm_mod</html:pre>
If the <html:code xmlns:html="http://www.w3.org/1999/xhtml">auditd</html:code> daemon is configured to use the <html:code xmlns:html="http://www.w3.org/1999/xhtml">auditctl</html:code>
utility to read audit rules during daemon startup, add the following line to
<html:code xmlns:html="http://www.w3.org/1999/xhtml">/etc/audit/audit.rules</html:code> file:
<html:pre xmlns:html="http://www.w3.org/1999/xhtml">-a always,exit -F arch=b32 -S setxattr -F auid&gt;=1000 -F auid!=unset -F key=perm_mod</html:pre>
If the system is 64 bit then also add the following line:
<html:pre xmlns:html="http://www.w3.org/1999/xhtml">-a always,exit -F arch=b64 -S setxattr -F auid&gt;=1000 -F auid!=unset -F key=perm_mod</html:pre>
       </description>
          <warning xmlns:xhtml="http://www.w3.org/1999/xhtml" xml:lang="en-US" category="general">Note that these rules can be configured in a
number of ways while still achieving the desired effect. Here the system calls
have been placed independent of other system calls. Grouping these system
calls with others as identifying earlier in this guide is more efficient.</warning>
          <reference href="https://www.cisecurity.org/controls/">1</reference>
          <reference href="https://www.cisecurity.org/controls/">11</reference>
          <reference href="https://www.cisecurity.org/controls/">12</reference>
          <reference href="https://www.cisecurity.org/controls/">13</reference>
          <reference href="https://www.cisecurity.org/controls/">14</reference>
          <reference href="https://www.cisecurity.org/controls/">15</reference>
          <reference href="https://www.cisecurity.org/controls/">16</reference>
          <reference href="https://www.cisecurity.org/controls/">19</reference>
          <reference href="https://www.cisecurity.org/controls/">2</reference>
          <reference href="https://www.cisecurity.org/controls/">3</reference>
          <reference href="https://www.cisecurity.org/controls/">4</reference>
          <reference href="https://www.cisecurity.org/controls/">5</reference>
          <reference href="https://www.cisecurity.org/controls/">6</reference>
          <reference href="https://www.cisecurity.org/controls/">7</reference>
          <reference href="https://www.cisecurity.org/controls/">8</reference>
          <reference href="https://www.cisecurity.org/controls/">9</reference>
          <reference href="https://www.fbi.gov/file-repository/cjis-security-policy-v5_5_20160601-2-1.pdf">5.4.1.1</reference>
          <reference href="https://www.isaca.org/resources/cobit">APO10.01</reference>
          <reference href="https://www.isaca.org/resources/cobit">APO10.03</reference>
          <reference href="https://www.isaca.org/resources/cobit">APO10.04</reference>
          <reference href="https://www.isaca.org/resources/cobit">APO10.05</reference>
          <reference href="https://www.isaca.org/resources/cobit">APO11.04</reference>
          <reference href="https://www.isaca.org/resources/cobit">APO12.06</reference>
          <reference href="https://www.isaca.org/resources/cobit">APO13.01</reference>
          <reference href="https://www.isaca.org/resources/cobit">BAI03.05</reference>
          <reference href="https://www.isaca.org/resources/cobit">BAI08.02</reference>
          <reference href="https://www.isaca.org/resources/cobit">DSS01.03</reference>
          <reference href="https://www.isaca.org/resources/cobit">DSS01.04</reference>
          <reference href="https://www.isaca.org/resources/cobit">DSS02.02</reference>
          <reference href="https://www.isaca.org/resources/cobit">DSS02.04</reference>
          <reference href="https://www.isaca.org/resources/cobit">DSS02.07</reference>
          <reference href="https://www.isaca.org/resources/cobit">DSS03.01</reference>
          <reference href="https://www.isaca.org/resources/cobit">DSS03.05</reference>
          <reference href="https://www.isaca.org/resources/cobit">DSS05.02</reference>
          <reference href="https://www.isaca.org/resources/cobit">DSS05.03</reference>
          <reference href="https://www.isaca.org/resources/cobit">DSS05.04</reference>
          <reference href="https://www.isaca.org/resources/cobit">DSS05.05</reference>
          <reference href="https://www.isaca.org/resources/cobit">DSS05.07</reference>
          <reference href="https://www.isaca.org/resources/cobit">MEA01.01</reference>
          <reference href="https://www.isaca.org/resources/cobit">MEA01.02</reference>
          <reference href="https://www.isaca.org/resources/cobit">MEA01.03</reference>
          <reference href="https://www.isaca.org/resources/cobit">MEA01.04</reference>
          <reference href="https://www.isaca.org/resources/cobit">MEA01.05</reference>
          <reference href="https://www.isaca.org/resources/cobit">MEA02.01</reference>
          <reference href="http://nvlpubs.nist.gov/nistpubs/SpecialPublications/NIST.SP.800-171.pdf">3.1.7</reference>
          <reference href="https://www.gpo.gov/fdsys/pkg/CFR-2007-title45-vol1/pdf/CFR-2007-title45-vol1-chapA-subchapC.pdf">164.308(a)(1)(ii)(D)</reference>
          <reference href="https://www.gpo.gov/fdsys/pkg/CFR-2007-title45-vol1/pdf/CFR-2007-title45-vol1-chapA-subchapC.pdf">164.308(a)(3)(ii)(A)</reference>
          <reference href="https://www.gpo.gov/fdsys/pkg/CFR-2007-title45-vol1/pdf/CFR-2007-title45-vol1-chapA-subchapC.pdf">164.308(a)(5)(ii)(C)</reference>
          <reference href="https://www.gpo.gov/fdsys/pkg/CFR-2007-title45-vol1/pdf/CFR-2007-title45-vol1-chapA-subchapC.pdf">164.312(a)(2)(i)</reference>
          <reference href="https://www.gpo.gov/fdsys/pkg/CFR-2007-title45-vol1/pdf/CFR-2007-title45-vol1-chapA-subchapC.pdf">164.312(b)</reference>
          <reference href="https://www.gpo.gov/fdsys/pkg/CFR-2007-title45-vol1/pdf/CFR-2007-title45-vol1-chapA-subchapC.pdf">164.312(d)</reference>
          <reference href="https://www.gpo.gov/fdsys/pkg/CFR-2007-title45-vol1/pdf/CFR-2007-title45-vol1-chapA-subchapC.pdf">164.312(e)</reference>
          <reference href="https://www.isa.org/products/isa-62443-2-1-2009-security-for-industrial-automat">4.2.3.10</reference>
          <reference href="https://www.isa.org/products/isa-62443-2-1-2009-security-for-industrial-automat">4.3.2.6.7</reference>
          <reference href="https://www.isa.org/products/isa-62443-2-1-2009-security-for-industrial-automat">4.3.3.3.9</reference>
          <reference href="https://www.isa.org/products/isa-62443-2-1-2009-security-for-industrial-automat">4.3.3.5.8</reference>
          <reference href="https://www.isa.org/products/isa-62443-2-1-2009-security-for-industrial-automat">4.3.3.6.6</reference>
          <reference href="https://www.isa.org/products/isa-62443-2-1-2009-security-for-industrial-automat">4.3.4.4.7</reference>
          <reference href="https://www.isa.org/products/isa-62443-2-1-2009-security-for-industrial-automat">4.3.4.5.6</reference>
          <reference href="https://www.isa.org/products/isa-62443-2-1-2009-security-for-industrial-automat">4.3.4.5.7</reference>
          <reference href="https://www.isa.org/products/isa-62443-2-1-2009-security-for-industrial-automat">4.3.4.5.8</reference>
          <reference href="https://www.isa.org/products/isa-62443-2-1-2009-security-for-industrial-automat">4.4.2.1</reference>
          <reference href="https://www.isa.org/products/isa-62443-2-1-2009-security-for-industrial-automat">4.4.2.2</reference>
          <reference href="https://www.isa.org/products/isa-62443-2-1-2009-security-for-industrial-automat">4.4.2.4</reference>
          <reference href="https://www.isa.org/products/ansi-isa-62443-3-3-99-03-03-2013-security-for-indu">SR 1.13</reference>
          <reference href="https://www.isa.org/products/ansi-isa-62443-3-3-99-03-03-2013-security-for-indu">SR 2.10</reference>
          <reference href="https://www.isa.org/products/ansi-isa-62443-3-3-99-03-03-2013-security-for-indu">SR 2.11</reference>
          <reference href="https://www.isa.org/products/ansi-isa-62443-3-3-99-03-03-2013-security-for-indu">SR 2.12</reference>
          <reference href="https://www.isa.org/products/ansi-isa-62443-3-3-99-03-03-2013-security-for-indu">SR 2.6</reference>
          <reference href="https://www.isa.org/products/ansi-isa-62443-3-3-99-03-03-2013-security-for-indu">SR 2.8</reference>
          <reference href="https://www.isa.org/products/ansi-isa-62443-3-3-99-03-03-2013-security-for-indu">SR 2.9</reference>
          <reference href="https://www.isa.org/products/ansi-isa-62443-3-3-99-03-03-2013-security-for-indu">SR 3.1</reference>
          <reference href="https://www.isa.org/products/ansi-isa-62443-3-3-99-03-03-2013-security-for-indu">SR 3.5</reference>
          <reference href="https://www.isa.org/products/ansi-isa-62443-3-3-99-03-03-2013-security-for-indu">SR 3.8</reference>
          <reference href="https://www.isa.org/products/ansi-isa-62443-3-3-99-03-03-2013-security-for-indu">SR 4.1</reference>
          <reference href="https://www.isa.org/products/ansi-isa-62443-3-3-99-03-03-2013-security-for-indu">SR 4.3</reference>
          <reference href="https://www.isa.org/products/ansi-isa-62443-3-3-99-03-03-2013-security-for-indu">SR 5.1</reference>
          <reference href="https://www.isa.org/products/ansi-isa-62443-3-3-99-03-03-2013-security-for-indu">SR 5.2</reference>
          <reference href="https://www.isa.org/products/ansi-isa-62443-3-3-99-03-03-2013-security-for-indu">SR 5.3</reference>
          <reference href="https://www.isa.org/products/ansi-isa-62443-3-3-99-03-03-2013-security-for-indu">SR 6.1</reference>
          <reference href="https://www.isa.org/products/ansi-isa-62443-3-3-99-03-03-2013-security-for-indu">SR 6.2</reference>
          <reference href="https://www.isa.org/products/ansi-isa-62443-3-3-99-03-03-2013-security-for-indu">SR 7.1</reference>
          <reference href="https://www.isa.org/products/ansi-isa-62443-3-3-99-03-03-2013-security-for-indu">SR 7.6</reference>
          <reference href="https://www.iso.org/contents/data/standard/05/45/54534.html">A.11.2.6</reference>
          <reference href="https://www.iso.org/contents/data/standard/05/45/54534.html">A.12.4.1</reference>
          <reference href="https://www.iso.org/contents/data/standard/05/45/54534.html">A.12.4.2</reference>
          <reference href="https://www.iso.org/contents/data/standard/05/45/54534.html">A.12.4.3</reference>
          <reference href="https://www.iso.org/contents/data/standard/05/45/54534.html">A.12.4.4</reference>
          <reference href="https://www.iso.org/contents/data/standard/05/45/54534.html">A.12.7.1</reference>
          <reference href="https://www.iso.org/contents/data/standard/05/45/54534.html">A.13.1.1</reference>
          <reference href="https://www.iso.org/contents/data/standard/05/45/54534.html">A.13.2.1</reference>
          <reference href="https://www.iso.org/contents/data/standard/05/45/54534.html">A.14.1.3</reference>
          <reference href="https://www.iso.org/contents/data/standard/05/45/54534.html">A.14.2.7</reference>
          <reference href="https://www.iso.org/contents/data/standard/05/45/54534.html">A.15.2.1</reference>
          <reference href="https://www.iso.org/contents/data/standard/05/45/54534.html">A.15.2.2</reference>
          <reference href="https://www.iso.org/contents/data/standard/05/45/54534.html">A.16.1.4</reference>
          <reference href="https://www.iso.org/contents/data/standard/05/45/54534.html">A.16.1.5</reference>
          <reference href="https://www.iso.org/contents/data/standard/05/45/54534.html">A.16.1.7</reference>
          <reference href="https://www.iso.org/contents/data/standard/05/45/54534.html">A.6.2.1</reference>
          <reference href="https://www.iso.org/contents/data/standard/05/45/54534.html">A.6.2.2</reference>
          <reference href="http://nvlpubs.nist.gov/nistpubs/SpecialPublications/NIST.SP.800-53r4.pdf">AU-3</reference>
          <reference href="http://nvlpubs.nist.gov/nistpubs/SpecialPublications/NIST.SP.800-53r4.pdf">AU-3.1</reference>
          <reference href="http://nvlpubs.nist.gov/nistpubs/SpecialPublications/NIST.SP.800-53r4.pdf">AU-12(c)</reference>
          <reference href="http://nvlpubs.nist.gov/nistpubs/SpecialPublications/NIST.SP.800-53r4.pdf">AU-12.1(iv)</reference>
          <reference href="http://nvlpubs.nist.gov/nistpubs/SpecialPublications/NIST.SP.800-53r4.pdf">AU-12(a)</reference>
          <reference href="http://nvlpubs.nist.gov/nistpubs/SpecialPublications/NIST.SP.800-53r4.pdf">AU-12.1(ii)</reference>
          <reference href="http://nvlpubs.nist.gov/nistpubs/SpecialPublications/NIST.SP.800-53r4.pdf">MA-4(1)(a)</reference>
          <reference href="https://nvlpubs.nist.gov/nistpubs/CSWP/NIST.CSWP.04162018.pdf">DE.AE-3</reference>
          <reference href="https://nvlpubs.nist.gov/nistpubs/CSWP/NIST.CSWP.04162018.pdf">DE.AE-5</reference>
          <reference href="https://nvlpubs.nist.gov/nistpubs/CSWP/NIST.CSWP.04162018.pdf">DE.CM-1</reference>
          <reference href="https://nvlpubs.nist.gov/nistpubs/CSWP/NIST.CSWP.04162018.pdf">DE.CM-3</reference>
          <reference href="https://nvlpubs.nist.gov/nistpubs/CSWP/NIST.CSWP.04162018.pdf">DE.CM-7</reference>
          <reference href="https://nvlpubs.nist.gov/nistpubs/CSWP/NIST.CSWP.04162018.pdf">ID.SC-4</reference>
          <reference href="https://nvlpubs.nist.gov/nistpubs/CSWP/NIST.CSWP.04162018.pdf">PR.AC-3</reference>
          <reference href="https://nvlpubs.nist.gov/nistpubs/CSWP/NIST.CSWP.04162018.pdf">PR.PT-1</reference>
          <reference href="https://nvlpubs.nist.gov/nistpubs/CSWP/NIST.CSWP.04162018.pdf">PR.PT-4</reference>
          <reference href="https://nvlpubs.nist.gov/nistpubs/CSWP/NIST.CSWP.04162018.pdf">RS.AN-1</reference>
          <reference href="https://nvlpubs.nist.gov/nistpubs/CSWP/NIST.CSWP.04162018.pdf">RS.AN-4</reference>
          <reference href="https://www.pcisecuritystandards.org/documents/PCI_DSS_v3-2-1.pdf">Req-10.5.5</reference>
          <reference href="https://www.cyber.mil/stigs/downloads/?_dl_facet_stigs=operating-systems%2Cgeneral-purpose-os">SRG-OS-000037-GPOS-00015</reference>
          <reference href="https://www.cyber.mil/stigs/downloads/?_dl_facet_stigs=operating-systems%2Cgeneral-purpose-os">SRG-OS-000042-GPOS-00020</reference>
          <reference href="https://www.cyber.mil/stigs/downloads/?_dl_facet_stigs=operating-systems%2Cgeneral-purpose-os">SRG-OS-000062-GPOS-00031</reference>
          <reference href="https://www.cyber.mil/stigs/downloads/?_dl_facet_stigs=operating-systems%2Cgeneral-purpose-os">SRG-OS-000392-GPOS-00172</reference>
          <reference href="https://www.cyber.mil/stigs/downloads/?_dl_facet_stigs=operating-systems%2Cgeneral-purpose-os">SRG-OS-000462-GPOS-00206</reference>
          <reference href="https://www.cyber.mil/stigs/downloads/?_dl_facet_stigs=operating-systems%2Cgeneral-purpose-os">SRG-OS-000466-GPOS-00210</reference>
          <reference href="https://www.cyber.mil/stigs/downloads/?_dl_facet_stigs=operating-systems%2Cgeneral-purpose-os">SRG-OS-000471-GPOS-00215</reference>
          <reference href="https://www.cyber.mil/stigs/downloads/?_dl_facet_stigs=operating-systems%2Cgeneral-purpose-os">SRG-OS-000064-GPOS-00033</reference>
          <reference href="https://www.cyber.mil/stigs/downloads/?_dl_facet_stigs=operating-systems%2Cgeneral-purpose-os">SRG-OS-000458-GPOS-00203</reference>
          <reference href="https://www.cyber.mil/stigs/downloads/?_dl_facet_stigs=app-security">SRG-APP-000091-CTR-000160</reference>
          <reference href="https://www.cyber.mil/stigs/downloads/?_dl_facet_stigs=app-security">SRG-APP-000492-CTR-001220</reference>
          <reference href="https://www.cyber.mil/stigs/downloads/?_dl_facet_stigs=app-security">SRG-APP-000493-CTR-001225</reference>
          <reference href="https://www.cyber.mil/stigs/downloads/?_dl_facet_stigs=app-security">SRG-APP-000494-CTR-001230</reference>
          <reference href="https://www.cyber.mil/stigs/downloads/?_dl_facet_stigs=app-security">SRG-APP-000500-CTR-001260</reference>
          <reference href="https://www.cyber.mil/stigs/downloads/?_dl_facet_stigs=app-security">SRG-APP-000507-CTR-001295</reference>
          <reference href="https://www.cyber.mil/stigs/downloads/?_dl_facet_stigs=app-security">SRG-APP-000495-CTR-001235</reference>
          <reference href="https://www.cyber.mil/stigs/downloads/?_dl_facet_stigs=operating-systems%2Cunix-linux">SLES-15-030190</reference>
          <reference href="https://www.cisecurity.org/benchmark/suse_linux/">4.1.9</reference>
          <reference href="https://cyber.gouv.fr/sites/default/files/document/linux_configuration-en-v2.pdf">R73</reference>
          <reference href="not_publicly_available">SLES-15-750450255</reference>
          <reference href="https://docs-prv.pcisecuritystandards.org/PCI%20DSS/Standard/PCI-DSS-v4_0.pdf">10.3.4</reference>
          <reference href="https://docs-prv.pcisecuritystandards.org/PCI%20DSS/Standard/PCI-DSS-v4_0.pdf">10.3</reference>
          <reference href="https://www.cyber.mil/stigs/srg-stig-tools/">SV-234918r958412_rule</reference>
          <rationale xmlns:xhtml="http://www.w3.org/1999/xhtml" xml:lang="en-US">The changing of file permissions could indicate that a user is attempting to
gain access to information that would otherwise be disallowed. Auditing DAC modifications
can facilitate the identification of patterns of abuse among both authorized and
unauthorized users.</rationale>
          <ident system="https://ncp.nist.gov/cce">CCE-85687-2</ident>
          <fix xmlns:xhtml="http://www.w3.org/1999/xhtml" id="audit_rules_dac_modification_setxattr" system="urn:xccdf:fix:script:sh"># Remediation is applicable only in certain platforms
if rpm --quiet -q audit &amp;&amp; rpm --quiet -q kernel-default || rpm --quiet -q kernel-default-base; then

# First perform the remediation of the syscall rule
# Retrieve hardware architecture of the underlying system
[ "$(getconf LONG_BIT)" = "32" ] &amp;&amp; RULE_ARCHS=("b32") || RULE_ARCHS=("b32" "b64")

for ARCH in "${RULE_ARCHS[@]}"
do
	ACTION_ARCH_FILTERS="-a always,exit -F arch=$ARCH"
	OTHER_FILTERS=""
	AUID_FILTERS="-F auid&gt;=1000 -F auid!=unset"
	SYSCALL="setxattr"
	KEY="perm_mod"
	SYSCALL_GROUPING="fremovexattr lremovexattr removexattr fsetxattr lsetxattr setxattr"

	# Perform the remediation for both possible tools: 'auditctl' and 'augenrules'
	unset syscall_a
unset syscall_grouping
unset syscall_string
unset syscall
unset file_to_edit
unset rule_to_edit
unset rule_syscalls_to_edit
unset other_string
unset auid_string
unset full_rule

# Load macro arguments into arrays
read -a syscall_a &lt;&lt;&lt; $SYSCALL
read -a syscall_grouping &lt;&lt;&lt; $SYSCALL_GROUPING

# Create a list of audit *.rules files that should be inspected for presence and correctness
# of a particular audit rule. The scheme is as follows:
#
# -----------------------------------------------------------------------------------------
#  Tool used to load audit rules | Rule already defined  |  Audit rules file to inspect    |
# -----------------------------------------------------------------------------------------
#        auditctl                |     Doesn't matter    |  /etc/audit/audit.rules         |
# -----------------------------------------------------------------------------------------
#        augenrules              |          Yes          |  /etc/audit/rules.d/*.rules     |
#        augenrules              |          No           |  /etc/audit/rules.d/$key.rules  |
# -----------------------------------------------------------------------------------------
#
files_to_inspect=()

# If audit tool is 'augenrules', then check if the audit rule is defined
# If rule is defined, add '/etc/audit/rules.d/*.rules' to the list for inspection
# If rule isn't defined yet, add '/etc/audit/rules.d/$key.rules' to the list for inspection
default_file="/etc/audit/rules.d/$KEY.rules"
# As other_filters may include paths, lets use a different delimiter for it
# The "F" script expression tells sed to print the filenames where the expressions matched
readarray -t files_to_inspect &lt; &lt;(sed -s -n -e "/^$ACTION_ARCH_FILTERS/!d" -e "\#$OTHER_FILTERS#!d" -e "/$AUID_FILTERS/!d" -e "F" /etc/audit/rules.d/*.rules)
# Case when particular rule isn't defined in /etc/audit/rules.d/*.rules yet
if [ ${#files_to_inspect[@]} -eq "0" ]
then
    file_to_inspect="/etc/audit/rules.d/$KEY.rules"
    files_to_inspect=("$file_to_inspect")
    if [ ! -e "$file_to_inspect" ]
    then
        touch "$file_to_inspect"
        chmod 0600 "$file_to_inspect"
    fi
fi

# After converting to jinja, we cannot return; therefore we skip the rest of the macro if needed instead
skip=1

for audit_file in "${files_to_inspect[@]}"
do
    # Filter existing $audit_file rules' definitions to select those that satisfy the rule pattern,
    # i.e, collect rules that match:
    # * the action, list and arch, (2-nd argument)
    # * the other filters, (3-rd argument)
    # * the auid filters, (4-rd argument)
    readarray -t similar_rules &lt; &lt;(sed -e "/^$ACTION_ARCH_FILTERS/!d"  -e "\#$OTHER_FILTERS#!d" -e "/$AUID_FILTERS/!d" "$audit_file")

    candidate_rules=()
    # Filter out rules that have more fields then required. This will remove rules more specific than the required scope
    for s_rule in "${similar_rules[@]}"
    do
        # Strip all the options and fields we know of,
        # than check if there was any field left over
        extra_fields=$(sed -E -e "s/^$ACTION_ARCH_FILTERS//"  -e "s#$OTHER_FILTERS##" -e "s/$AUID_FILTERS//" -e "s/((:?-S [[:alnum:],]+)+)//g" -e "s/-F key=\w+|-k \w+//"&lt;&lt;&lt; "$s_rule")
        grep -q -- "-F" &lt;&lt;&lt; "$extra_fields" || candidate_rules+=("$s_rule")
    done

    if [[ ${#syscall_a[@]} -ge 1 ]]
    then
        # Check if the syscall we want is present in any of the similar existing rules
        for rule in "${candidate_rules[@]}"
        do
            rule_syscalls=$(echo "$rule" | grep -o -P '(-S [\w,]+)+' | xargs)
            all_syscalls_found=0
            for syscall in "${syscall_a[@]}"
            do
                grep -q -- "\b${syscall}\b" &lt;&lt;&lt; "$rule_syscalls" || {
                   # A syscall was not found in the candidate rule
                   all_syscalls_found=1
                   }
            done
            if [[ $all_syscalls_found -eq 0 ]]
            then
                # We found a rule with all the syscall(s) we want; skip rest of macro
                skip=0
                break
            fi

            # Check if this rule can be grouped with our target syscall and keep track of it
            for syscall_g in "${syscall_grouping[@]}"
            do
                if grep -q -- "\b${syscall_g}\b" &lt;&lt;&lt; "$rule_syscalls"
                then
                    file_to_edit=${audit_file}
                    rule_to_edit=${rule}
                    rule_syscalls_to_edit=${rule_syscalls}
                fi
            done
        done
    else
        # If there is any candidate rule, it is compliant; skip rest of macro
        if [ "${#candidate_rules[@]}" -gt 0 ]
        then
            skip=0
        fi
    fi

    if [ "$skip" -eq 0 ]; then
        break
    fi
done

if [ "$skip" -ne 0 ]; then
    # We checked all rules that matched the expected resemblance pattern (action, arch &amp; auid)
    # At this point we know if we need to either append the $full_rule or group
    # the syscall together with an exsiting rule

    # Append the full_rule if it cannot be grouped to any other rule
    if [ -z ${rule_to_edit+x} ]
    then
        # Build full_rule while avoid adding double spaces when other_filters is empty
        if [ "${#syscall_a[@]}" -gt 0 ]
        then
            syscall_string=""
            for syscall in "${syscall_a[@]}"
            do
                syscall_string+=" -S $syscall"
            done
        fi
        other_string=$([[ $OTHER_FILTERS ]] &amp;&amp; echo " $OTHER_FILTERS") || /bin/true
        auid_string=$([[ $AUID_FILTERS ]] &amp;&amp; echo " $AUID_FILTERS") || /bin/true
        full_rule="$ACTION_ARCH_FILTERS${syscall_string}${other_string}${auid_string} -F key=$KEY" || /bin/true
        echo "$full_rule" &gt;&gt; "$default_file"
        chmod 0600 ${default_file}
    else
        # Check if the syscalls are declared as a comma separated list or
        # as multiple -S parameters
        if grep -q -- "," &lt;&lt;&lt; "${rule_syscalls_to_edit}"
        then
            delimiter=","
        else
            delimiter=" -S "
        fi
        new_grouped_syscalls="${rule_syscalls_to_edit}"
        for syscall in "${syscall_a[@]}"
        do
            grep -q -- "\b${syscall}\b" &lt;&lt;&lt; "${rule_syscalls_to_edit}" || {
               # A syscall was not found in the candidate rule
               new_grouped_syscalls+="${delimiter}${syscall}"
               }
        done

        # Group the syscall in the rule
        sed -i -e "\#${rule_to_edit}#s#${rule_syscalls_to_edit}#${new_grouped_syscalls}#" "$file_to_edit"
    fi
fi
	unset syscall_a
unset syscall_grouping
unset syscall_string
unset syscall
unset file_to_edit
unset rule_to_edit
unset rule_syscalls_to_edit
unset other_string
unset auid_string
unset full_rule

# Load macro arguments into arrays
read -a syscall_a &lt;&lt;&lt; $SYSCALL
read -a syscall_grouping &lt;&lt;&lt; $SYSCALL_GROUPING

# Create a list of audit *.rules files that should be inspected for presence and correctness
# of a particular audit rule. The scheme is as follows:
#
# -----------------------------------------------------------------------------------------
#  Tool used to load audit rules | Rule already defined  |  Audit rules file to inspect    |
# -----------------------------------------------------------------------------------------
#        auditctl                |     Doesn't matter    |  /etc/audit/audit.rules         |
# -----------------------------------------------------------------------------------------
#        augenrules              |          Yes          |  /etc/audit/rules.d/*.rules     |
#        augenrules              |          No           |  /etc/audit/rules.d/$key.rules  |
# -----------------------------------------------------------------------------------------
#
files_to_inspect=()


# If audit tool is 'auditctl', then add '/etc/audit/audit.rules'
# file to the list of files to be inspected
default_file="/etc/audit/audit.rules"
files_to_inspect+=('/etc/audit/audit.rules' )

# After converting to jinja, we cannot return; therefore we skip the rest of the macro if needed instead
skip=1

for audit_file in "${files_to_inspect[@]}"
do
    # Filter existing $audit_file rules' definitions to select those that satisfy the rule pattern,
    # i.e, collect rules that match:
    # * the action, list and arch, (2-nd argument)
    # * the other filters, (3-rd argument)
    # * the auid filters, (4-rd argument)
    readarray -t similar_rules &lt; &lt;(sed -e "/^$ACTION_ARCH_FILTERS/!d"  -e "\#$OTHER_FILTERS#!d" -e "/$AUID_FILTERS/!d" "$audit_file")

    candidate_rules=()
    # Filter out rules that have more fields then required. This will remove rules more specific than the required scope
    for s_rule in "${similar_rules[@]}"
    do
        # Strip all the options and fields we know of,
        # than check if there was any field left over
        extra_fields=$(sed -E -e "s/^$ACTION_ARCH_FILTERS//"  -e "s#$OTHER_FILTERS##" -e "s/$AUID_FILTERS//" -e "s/((:?-S [[:alnum:],]+)+)//g" -e "s/-F key=\w+|-k \w+//"&lt;&lt;&lt; "$s_rule")
        grep -q -- "-F" &lt;&lt;&lt; "$extra_fields" || candidate_rules+=("$s_rule")
    done

    if [[ ${#syscall_a[@]} -ge 1 ]]
    then
        # Check if the syscall we want is present in any of the similar existing rules
        for rule in "${candidate_rules[@]}"
        do
            rule_syscalls=$(echo "$rule" | grep -o -P '(-S [\w,]+)+' | xargs)
            all_syscalls_found=0
            for syscall in "${syscall_a[@]}"
            do
                grep -q -- "\b${syscall}\b" &lt;&lt;&lt; "$rule_syscalls" || {
                   # A syscall was not found in the candidate rule
                   all_syscalls_found=1
                   }
            done
            if [[ $all_syscalls_found -eq 0 ]]
            then
                # We found a rule with all the syscall(s) we want; skip rest of macro
                skip=0
                break
            fi

            # Check if this rule can be grouped with our target syscall and keep track of it
            for syscall_g in "${syscall_grouping[@]}"
            do
                if grep -q -- "\b${syscall_g}\b" &lt;&lt;&lt; "$rule_syscalls"
                then
                    file_to_edit=${audit_file}
                    rule_to_edit=${rule}
                    rule_syscalls_to_edit=${rule_syscalls}
                fi
            done
        done
    else
        # If there is any candidate rule, it is compliant; skip rest of macro
        if [ "${#candidate_rules[@]}" -gt 0 ]
        then
            skip=0
        fi
    fi

    if [ "$skip" -eq 0 ]; then
        break
    fi
done

if [ "$skip" -ne 0 ]; then
    # We checked all rules that matched the expected resemblance pattern (action, arch &amp; auid)
    # At this point we know if we need to either append the $full_rule or group
    # the syscall together with an exsiting rule

    # Append the full_rule if it cannot be grouped to any other rule
    if [ -z ${rule_to_edit+x} ]
    then
        # Build full_rule while avoid adding double spaces when other_filters is empty
        if [ "${#syscall_a[@]}" -gt 0 ]
        then
            syscall_string=""
            for syscall in "${syscall_a[@]}"
            do
                syscall_string+=" -S $syscall"
            done
        fi
        other_string=$([[ $OTHER_FILTERS ]] &amp;&amp; echo " $OTHER_FILTERS") || /bin/true
        auid_string=$([[ $AUID_FILTERS ]] &amp;&amp; echo " $AUID_FILTERS") || /bin/true
        full_rule="$ACTION_ARCH_FILTERS${syscall_string}${other_string}${auid_string} -F key=$KEY" || /bin/true
        echo "$full_rule" &gt;&gt; "$default_file"
        chmod 0600 ${default_file}
    else
        # Check if the syscalls are declared as a comma separated list or
        # as multiple -S parameters
        if grep -q -- "," &lt;&lt;&lt; "${rule_syscalls_to_edit}"
        then
            delimiter=","
        else
            delimiter=" -S "
        fi
        new_grouped_syscalls="${rule_syscalls_to_edit}"
        for syscall in "${syscall_a[@]}"
        do
            grep -q -- "\b${syscall}\b" &lt;&lt;&lt; "${rule_syscalls_to_edit}" || {
               # A syscall was not found in the candidate rule
               new_grouped_syscalls+="${delimiter}${syscall}"
               }
        done

        # Group the syscall in the rule
        sed -i -e "\#${rule_to_edit}#s#${rule_syscalls_to_edit}#${new_grouped_syscalls}#" "$file_to_edit"
    fi
fi
done

else
    &gt;&amp;2 echo 'Remediation is not applicable, nothing was done'
fi
</fix>
          <fix xmlns:xhtml="http://www.w3.org/1999/xhtml" id="audit_rules_dac_modification_setxattr" system="urn:xccdf:fix:script:ansible" reboot="true" complexity="low" disruption="low" strategy="restrict">- name: Gather the package facts
  package_facts:
    manager: auto
  tags:
  - CCE-85687-2
  - CJIS-5.4.1.1
  - DISA-STIG-SLES-15-030190
  - NIST-800-171-3.1.7
  - NIST-800-53-AU-12(a)
  - NIST-800-53-AU-12(c)
  - NIST-800-53-AU-12.1(ii)
  - NIST-800-53-AU-12.1(iv)
  - NIST-800-53-AU-3
  - NIST-800-53-AU-3.1
  - NIST-800-53-MA-4(1)(a)
  - PCI-DSS-Req-10.5.5
  - PCI-DSSv4-10.3
  - PCI-DSSv4-10.3.4
  - audit_rules_dac_modification_setxattr
  - low_complexity
  - low_disruption
  - medium_severity
  - reboot_required
  - restrict_strategy

- name: Set architecture for audit setxattr tasks
  ansible.builtin.set_fact:
    audit_arch: b64
  when:
  - '"audit" in ansible_facts.packages'
  - ("kernel-default" in ansible_facts.packages or "kernel-default-base" in ansible_facts.packages)
  - ansible_architecture == "aarch64" or ansible_architecture == "ppc64" or ansible_architecture
    == "ppc64le" or ansible_architecture == "s390x" or ansible_architecture == "x86_64"
  tags:
  - CCE-85687-2
  - CJIS-5.4.1.1
  - DISA-STIG-SLES-15-030190
  - NIST-800-171-3.1.7
  - NIST-800-53-AU-12(a)
  - NIST-800-53-AU-12(c)
  - NIST-800-53-AU-12.1(ii)
  - NIST-800-53-AU-12.1(iv)
  - NIST-800-53-AU-3
  - NIST-800-53-AU-3.1
  - NIST-800-53-MA-4(1)(a)
  - PCI-DSS-Req-10.5.5
  - PCI-DSSv4-10.3
  - PCI-DSSv4-10.3.4
  - audit_rules_dac_modification_setxattr
  - low_complexity
  - low_disruption
  - medium_severity
  - reboot_required
  - restrict_strategy

- name: Perform remediation of Audit rules for setxattr for 32bit platform
  block:

  - name: Declare list of syscalls
    ansible.builtin.set_fact:
      syscalls:
      - setxattr
      syscall_grouping:
      - fremovexattr
      - lremovexattr
      - removexattr
      - fsetxattr
      - lsetxattr
      - setxattr

  - name: Check existence of setxattr in /etc/audit/rules.d/
    ansible.builtin.find:
      paths: /etc/audit/rules.d
      contains: -a always,exit -F arch=b32(( -S |,)\w+)*(( -S |,){{ item }})+(( -S
        |,)\w+)* -F auid&gt;=1000 -F auid!=unset (-k\s+|-F\s+key=)\S+\s*$
      patterns: '*.rules'
    register: find_command
    loop: '{{ (syscall_grouping + syscalls) | unique }}'

  - name: Reset syscalls found per file
    ansible.builtin.set_fact:
      syscalls_per_file: {}
      found_paths_dict: {}

  - name: Declare syscalls found per file
    ansible.builtin.set_fact: syscalls_per_file="{{ syscalls_per_file | combine( {item.files[0].path
      :[item.item] + syscalls_per_file.get(item.files[0].path, []) } ) }}"
    loop: '{{ find_command.results | selectattr(''matched'') | list }}'

  - name: Declare files where syscalls were found
    ansible.builtin.set_fact: found_paths="{{ find_command.results | map(attribute='files')
      | flatten | map(attribute='path') | list }}"

  - name: Count occurrences of syscalls in paths
    ansible.builtin.set_fact: found_paths_dict="{{ found_paths_dict | combine({ item:1+found_paths_dict.get(item,
      0) }) }}"
    loop: '{{ find_command.results | map(attribute=''files'') | flatten | map(attribute=''path'')
      | list }}'

  - name: Get path with most syscalls
    ansible.builtin.set_fact: audit_file="{{ (found_paths_dict | dict2items() | sort(attribute='value')
      | last).key }}"
    when: found_paths | length &gt;= 1

  - name: No file with syscall found, set path to /etc/audit/rules.d/perm_mod.rules
    ansible.builtin.set_fact: audit_file="/etc/audit/rules.d/perm_mod.rules"
    when: found_paths | length == 0

  - name: Declare found syscalls
    ansible.builtin.set_fact: syscalls_found="{{ find_command.results | selectattr('matched')
      | map(attribute='item') | list }}"

  - name: Declare missing syscalls
    ansible.builtin.set_fact: missing_syscalls="{{ syscalls | difference(syscalls_found)
      }}"

  - name: Replace the audit rule in {{ audit_file }}
    ansible.builtin.lineinfile:
      path: '{{ audit_file }}'
      regexp: (-a always,exit -F arch=b32)(?=.*(?:(?:-S |,)(?:{{ syscalls_per_file[audit_file]
        | join("|") }}))\b)((?:( -S |,)\w+)+)( -F auid&gt;=1000 -F auid!=unset (?:-k
        |-F key=)\w+)
      line: \1\2\3{{ missing_syscalls | join("\3") }}\4
      backrefs: true
      state: present
      mode: g-rwx,o-rwx
    when: syscalls_found | length &gt; 0 and missing_syscalls | length &gt; 0

  - name: Add the audit rule to {{ audit_file }}
    ansible.builtin.lineinfile:
      path: '{{ audit_file }}'
      line: -a always,exit -F arch=b32 -S {{ syscalls | join(',') }} -F auid&gt;=1000
        -F auid!=unset -F key=perm_mod
      create: true
      mode: g-rwx,o-rwx
      state: present
    when: syscalls_found | length == 0

  - name: Declare list of syscalls
    ansible.builtin.set_fact:
      syscalls:
      - setxattr
      syscall_grouping:
      - fremovexattr
      - lremovexattr
      - removexattr
      - fsetxattr
      - lsetxattr
      - setxattr

  - name: Check existence of setxattr in /etc/audit/audit.rules
    ansible.builtin.find:
      paths: /etc/audit
      contains: -a always,exit -F arch=b32(( -S |,)\w+)*(( -S |,){{ item }})+(( -S
        |,)\w+)* -F auid&gt;=1000 -F auid!=unset (-k\s+|-F\s+key=)\S+\s*$
      patterns: audit.rules
    register: find_command
    loop: '{{ (syscall_grouping + syscalls) | unique }}'

  - name: Set path to /etc/audit/audit.rules
    ansible.builtin.set_fact: audit_file="/etc/audit/audit.rules"

  - name: Declare found syscalls
    ansible.builtin.set_fact: syscalls_found="{{ find_command.results | selectattr('matched')
      | map(attribute='item') | list }}"

  - name: Declare missing syscalls
    ansible.builtin.set_fact: missing_syscalls="{{ syscalls | difference(syscalls_found)
      }}"

  - name: Replace the audit rule in {{ audit_file }}
    ansible.builtin.lineinfile:
      path: '{{ audit_file }}'
      regexp: (-a always,exit -F arch=b32)(?=.*(?:(?:-S |,)(?:{{ syscalls_found |
        join("|") }}))\b)((?:( -S |,)\w+)+)( -F auid&gt;=1000 -F auid!=unset (?:-k |-F
        key=)\w+)
      line: \1\2\3{{ missing_syscalls | join("\3") }}\4
      backrefs: true
      state: present
      mode: g-rwx,o-rwx
    when: syscalls_found | length &gt; 0 and missing_syscalls | length &gt; 0

  - name: Add the audit rule to {{ audit_file }}
    ansible.builtin.lineinfile:
      path: '{{ audit_file }}'
      line: -a always,exit -F arch=b32 -S {{ syscalls | join(',') }} -F auid&gt;=1000
        -F auid!=unset -F key=perm_mod
      create: true
      mode: g-rwx,o-rwx
      state: present
    when: syscalls_found | length == 0
  when:
  - '"audit" in ansible_facts.packages'
  - ("kernel-default" in ansible_facts.packages or "kernel-default-base" in ansible_facts.packages)
  tags:
  - CCE-85687-2
  - CJIS-5.4.1.1
  - DISA-STIG-SLES-15-030190
  - NIST-800-171-3.1.7
  - NIST-800-53-AU-12(a)
  - NIST-800-53-AU-12(c)
  - NIST-800-53-AU-12.1(ii)
  - NIST-800-53-AU-12.1(iv)
  - NIST-800-53-AU-3
  - NIST-800-53-AU-3.1
  - NIST-800-53-MA-4(1)(a)
  - PCI-DSS-Req-10.5.5
  - PCI-DSSv4-10.3
  - PCI-DSSv4-10.3.4
  - audit_rules_dac_modification_setxattr
  - low_complexity
  - low_disruption
  - medium_severity
  - reboot_required
  - restrict_strategy

- name: Perform remediation of Audit rules for setxattr for 64bit platform
  block:

  - name: Declare list of syscalls
    ansible.builtin.set_fact:
      syscalls:
      - setxattr
      syscall_grouping:
      - fremovexattr
      - lremovexattr
      - removexattr
      - fsetxattr
      - lsetxattr
      - setxattr

  - name: Check existence of setxattr in /etc/audit/rules.d/
    ansible.builtin.find:
      paths: /etc/audit/rules.d
      contains: -a always,exit -F arch=b64(( -S |,)\w+)*(( -S |,){{ item }})+(( -S
        |,)\w+)* -F auid&gt;=1000 -F auid!=unset (-k\s+|-F\s+key=)\S+\s*$
      patterns: '*.rules'
    register: find_command
    loop: '{{ (syscall_grouping + syscalls) | unique }}'

  - name: Reset syscalls found per file
    ansible.builtin.set_fact:
      syscalls_per_file: {}
      found_paths_dict: {}

  - name: Declare syscalls found per file
    ansible.builtin.set_fact: syscalls_per_file="{{ syscalls_per_file | combine( {item.files[0].path
      :[item.item] + syscalls_per_file.get(item.files[0].path, []) } ) }}"
    loop: '{{ find_command.results | selectattr(''matched'') | list }}'

  - name: Declare files where syscalls were found
    ansible.builtin.set_fact: found_paths="{{ find_command.results | map(attribute='files')
      | flatten | map(attribute='path') | list }}"

  - name: Count occurrences of syscalls in paths
    ansible.builtin.set_fact: found_paths_dict="{{ found_paths_dict | combine({ item:1+found_paths_dict.get(item,
      0) }) }}"
    loop: '{{ find_command.results | map(attribute=''files'') | flatten | map(attribute=''path'')
      | list }}'

  - name: Get path with most syscalls
    ansible.builtin.set_fact: audit_file="{{ (found_paths_dict | dict2items() | sort(attribute='value')
      | last).key }}"
    when: found_paths | length &gt;= 1

  - name: No file with syscall found, set path to /etc/audit/rules.d/perm_mod.rules
    ansible.builtin.set_fact: audit_file="/etc/audit/rules.d/perm_mod.rules"
    when: found_paths | length == 0

  - name: Declare found syscalls
    ansible.builtin.set_fact: syscalls_found="{{ find_command.results | selectattr('matched')
      | map(attribute='item') | list }}"

  - name: Declare missing syscalls
    ansible.builtin.set_fact: missing_syscalls="{{ syscalls | difference(syscalls_found)
      }}"

  - name: Replace the audit rule in {{ audit_file }}
    ansible.builtin.lineinfile:
      path: '{{ audit_file }}'
      regexp: (-a always,exit -F arch=b64)(?=.*(?:(?:-S |,)(?:{{ syscalls_per_file[audit_file]
        | join("|") }}))\b)((?:( -S |,)\w+)+)( -F auid&gt;=1000 -F auid!=unset (?:-k
        |-F key=)\w+)
      line: \1\2\3{{ missing_syscalls | join("\3") }}\4
      backrefs: true
      state: present
      mode: g-rwx,o-rwx
    when: syscalls_found | length &gt; 0 and missing_syscalls | length &gt; 0

  - name: Add the audit rule to {{ audit_file }}
    ansible.builtin.lineinfile:
      path: '{{ audit_file }}'
      line: -a always,exit -F arch=b64 -S {{ syscalls | join(',') }} -F auid&gt;=1000
        -F auid!=unset -F key=perm_mod
      create: true
      mode: g-rwx,o-rwx
      state: present
    when: syscalls_found | length == 0

  - name: Declare list of syscalls
    ansible.builtin.set_fact:
      syscalls:
      - setxattr
      syscall_grouping:
      - fremovexattr
      - lremovexattr
      - removexattr
      - fsetxattr
      - lsetxattr
      - setxattr

  - name: Check existence of setxattr in /etc/audit/audit.rules
    ansible.builtin.find:
      paths: /etc/audit
      contains: -a always,exit -F arch=b64(( -S |,)\w+)*(( -S |,){{ item }})+(( -S
        |,)\w+)* -F auid&gt;=1000 -F auid!=unset (-k\s+|-F\s+key=)\S+\s*$
      patterns: audit.rules
    register: find_command
    loop: '{{ (syscall_grouping + syscalls) | unique }}'

  - name: Set path to /etc/audit/audit.rules
    ansible.builtin.set_fact: audit_file="/etc/audit/audit.rules"

  - name: Declare found syscalls
    ansible.builtin.set_fact: syscalls_found="{{ find_command.results | selectattr('matched')
      | map(attribute='item') | list }}"

  - name: Declare missing syscalls
    ansible.builtin.set_fact: missing_syscalls="{{ syscalls | difference(syscalls_found)
      }}"

  - name: Replace the audit rule in {{ audit_file }}
    ansible.builtin.lineinfile:
      path: '{{ audit_file }}'
      regexp: (-a always,exit -F arch=b64)(?=.*(?:(?:-S |,)(?:{{ syscalls_found |
        join("|") }}))\b)((?:( -S |,)\w+)+)( -F auid&gt;=1000 -F auid!=unset (?:-k |-F
        key=)\w+)
      line: \1\2\3{{ missing_syscalls | join("\3") }}\4
      backrefs: true
      state: present
      mode: g-rwx,o-rwx
    when: syscalls_found | length &gt; 0 and missing_syscalls | length &gt; 0

  - name: Add the audit rule to {{ audit_file }}
    ansible.builtin.lineinfile:
      path: '{{ audit_file }}'
      line: -a always,exit -F arch=b64 -S {{ syscalls | join(',') }} -F auid&gt;=1000
        -F auid!=unset -F key=perm_mod
      create: true
      mode: g-rwx,o-rwx
      state: present
    when: syscalls_found | length == 0
  when:
  - '"audit" in ansible_facts.packages'
  - ("kernel-default" in ansible_facts.packages or "kernel-default-base" in ansible_facts.packages)
  - audit_arch == "b64"
  tags:
  - CCE-85687-2
  - CJIS-5.4.1.1
  - DISA-STIG-SLES-15-030190
  - NIST-800-171-3.1.7
  - NIST-800-53-AU-12(a)
  - NIST-800-53-AU-12(c)
  - NIST-800-53-AU-12.1(ii)
  - NIST-800-53-AU-12.1(iv)
  - NIST-800-53-AU-3
  - NIST-800-53-AU-3.1
  - NIST-800-53-MA-4(1)(a)
  - PCI-DSS-Req-10.5.5
  - PCI-DSSv4-10.3
  - PCI-DSSv4-10.3.4
  - audit_rules_dac_modification_setxattr
  - low_complexity
  - low_disruption
  - medium_severity
  - reboot_required
  - restrict_strategy
</fix>
          <check system="http://oval.mitre.org/XMLSchema/oval-definitions-5">
            <check-content-ref name="oval:ssg-audit_rules_dac_modification_setxattr:def:1" href="ssg-sle15-oval.xml"/>
          </check>
          <check system="http://scap.nist.gov/schema/ocil/2">
            <check-content-ref name="ocil:ssg-audit_rules_dac_modification_setxattr_ocil:questionnaire:1" href="ssg-sle15-ocil.xml"/>
          </check>
        </Rule>
        <Rule id="xccdf_org.ssgproject.content_rule_audit_rules_dac_modification_umount" selected="false" role="full" severity="medium">
          <title xmlns:xhtml="http://www.w3.org/1999/xhtml" xml:lang="en-US">Record Events that Modify the System's Discretionary Access Controls - umount</title>
          <description xmlns:xhtml="http://www.w3.org/1999/xhtml" xml:lang="en-US">At a minimum, the audit system should collect file system umount
changes. If the <html:code xmlns:html="http://www.w3.org/1999/xhtml">auditd</html:code> daemon is configured
to use the <html:code xmlns:html="http://www.w3.org/1999/xhtml">augenrules</html:code> program to read audit rules during daemon
startup (the default), add the following line to a file with suffix
<html:code xmlns:html="http://www.w3.org/1999/xhtml">.rules</html:code> in the directory <html:code xmlns:html="http://www.w3.org/1999/xhtml">/etc/audit/rules.d</html:code>:
<html:pre xmlns:html="http://www.w3.org/1999/xhtml">-a always,exit -F arch=b32 -S umount -F auid&gt;=1000 -F auid!=unset -F key=perm_mod</html:pre>
If the <html:code xmlns:html="http://www.w3.org/1999/xhtml">auditd</html:code> daemon is configured to use the <html:code xmlns:html="http://www.w3.org/1999/xhtml">auditctl</html:code>
utility to read audit rules during daemon startup, add the following line to
<html:code xmlns:html="http://www.w3.org/1999/xhtml">/etc/audit/audit.rules</html:code> file:
<html:pre xmlns:html="http://www.w3.org/1999/xhtml">-a always,exit -F arch=b32 -S umount -F auid&gt;=1000 -F auid!=unset -F key=perm_mod</html:pre>
       </description>
          <warning xmlns:xhtml="http://www.w3.org/1999/xhtml" xml:lang="en-US" category="general">Note that these rules can be configured in a
number of ways while still achieving the desired effect. Here the system calls
have been placed independent of other system calls. Grouping these system
calls with others as identifying earlier in this guide is more efficient.</warning>
          <reference href="https://www.cyber.mil/stigs/downloads/?_dl_facet_stigs=operating-systems%2Cgeneral-purpose-os">SRG-OS-000037-GPOS-00015</reference>
          <reference href="https://www.cyber.mil/stigs/downloads/?_dl_facet_stigs=operating-systems%2Cgeneral-purpose-os">SRG-OS-000062-GPOS-00031</reference>
          <reference href="https://www.cyber.mil/stigs/downloads/?_dl_facet_stigs=operating-systems%2Cgeneral-purpose-os">SRG-OS-000392-GPOS-00172</reference>
          <reference href="https://www.cyber.mil/stigs/downloads/?_dl_facet_stigs=operating-systems%2Cgeneral-purpose-os">SRG-OS-000462-GPOS-00206</reference>
          <reference href="https://www.cyber.mil/stigs/downloads/?_dl_facet_stigs=operating-systems%2Cgeneral-purpose-os">SRG-OS-000471-GPOS-00215</reference>
          <reference href="https://www.cyber.mil/stigs/downloads/?_dl_facet_stigs=app-security">SRG-APP-000495-CTR-001235</reference>
          <reference href="https://www.cyber.mil/stigs/downloads/?_dl_facet_stigs=operating-systems%2Cunix-linux">SLES-15-030360</reference>
          <reference href="https://www.cyber.mil/stigs/srg-stig-tools/">SV-234935r958412_rule</reference>
          <rationale xmlns:xhtml="http://www.w3.org/1999/xhtml" xml:lang="en-US">The changing of file permissions could indicate that a user is attempting to
gain access to information that would otherwise be disallowed. Auditing DAC modifications
can facilitate the identification of patterns of abuse among both authorized and
unauthorized users.</rationale>
          <platform idref="#not_aarch64_arch"/>
          <ident system="https://ncp.nist.gov/cce">CCE-85734-2</ident>
          <fix xmlns:xhtml="http://www.w3.org/1999/xhtml" id="audit_rules_dac_modification_umount" system="urn:xccdf:fix:script:sh"># Remediation is applicable only in certain platforms
if rpm --quiet -q audit &amp;&amp; rpm --quiet -q kernel-default || rpm --quiet -q kernel-default-base &amp;&amp; { ! ( ( grep -sqE "^.*\.aarch64$" /proc/sys/kernel/osrelease || grep -sqE "^aarch64$" /proc/sys/kernel/arch; ) ); }; then

ACTION_ARCH_FILTERS="-a always,exit -F arch=b32"
OTHER_FILTERS=""
AUID_FILTERS="-F auid&gt;=1000 -F auid!=unset"
SYSCALL="umount"
KEY="perm_mod"
SYSCALL_GROUPING=""

# Perform the remediation for both possible tools: 'auditctl' and 'augenrules'
unset syscall_a
unset syscall_grouping
unset syscall_string
unset syscall
unset file_to_edit
unset rule_to_edit
unset rule_syscalls_to_edit
unset other_string
unset auid_string
unset full_rule

# Load macro arguments into arrays
read -a syscall_a &lt;&lt;&lt; $SYSCALL
read -a syscall_grouping &lt;&lt;&lt; $SYSCALL_GROUPING

# Create a list of audit *.rules files that should be inspected for presence and correctness
# of a particular audit rule. The scheme is as follows:
#
# -----------------------------------------------------------------------------------------
#  Tool used to load audit rules | Rule already defined  |  Audit rules file to inspect    |
# -----------------------------------------------------------------------------------------
#        auditctl                |     Doesn't matter    |  /etc/audit/audit.rules         |
# -----------------------------------------------------------------------------------------
#        augenrules              |          Yes          |  /etc/audit/rules.d/*.rules     |
#        augenrules              |          No           |  /etc/audit/rules.d/$key.rules  |
# -----------------------------------------------------------------------------------------
#
files_to_inspect=()

# If audit tool is 'augenrules', then check if the audit rule is defined
# If rule is defined, add '/etc/audit/rules.d/*.rules' to the list for inspection
# If rule isn't defined yet, add '/etc/audit/rules.d/$key.rules' to the list for inspection
default_file="/etc/audit/rules.d/$KEY.rules"
# As other_filters may include paths, lets use a different delimiter for it
# The "F" script expression tells sed to print the filenames where the expressions matched
readarray -t files_to_inspect &lt; &lt;(sed -s -n -e "/^$ACTION_ARCH_FILTERS/!d" -e "\#$OTHER_FILTERS#!d" -e "/$AUID_FILTERS/!d" -e "F" /etc/audit/rules.d/*.rules)
# Case when particular rule isn't defined in /etc/audit/rules.d/*.rules yet
if [ ${#files_to_inspect[@]} -eq "0" ]
then
    file_to_inspect="/etc/audit/rules.d/$KEY.rules"
    files_to_inspect=("$file_to_inspect")
    if [ ! -e "$file_to_inspect" ]
    then
        touch "$file_to_inspect"
        chmod 0600 "$file_to_inspect"
    fi
fi

# After converting to jinja, we cannot return; therefore we skip the rest of the macro if needed instead
skip=1

for audit_file in "${files_to_inspect[@]}"
do
    # Filter existing $audit_file rules' definitions to select those that satisfy the rule pattern,
    # i.e, collect rules that match:
    # * the action, list and arch, (2-nd argument)
    # * the other filters, (3-rd argument)
    # * the auid filters, (4-rd argument)
    readarray -t similar_rules &lt; &lt;(sed -e "/^$ACTION_ARCH_FILTERS/!d"  -e "\#$OTHER_FILTERS#!d" -e "/$AUID_FILTERS/!d" "$audit_file")

    candidate_rules=()
    # Filter out rules that have more fields then required. This will remove rules more specific than the required scope
    for s_rule in "${similar_rules[@]}"
    do
        # Strip all the options and fields we know of,
        # than check if there was any field left over
        extra_fields=$(sed -E -e "s/^$ACTION_ARCH_FILTERS//"  -e "s#$OTHER_FILTERS##" -e "s/$AUID_FILTERS//" -e "s/((:?-S [[:alnum:],]+)+)//g" -e "s/-F key=\w+|-k \w+//"&lt;&lt;&lt; "$s_rule")
        grep -q -- "-F" &lt;&lt;&lt; "$extra_fields" || candidate_rules+=("$s_rule")
    done

    if [[ ${#syscall_a[@]} -ge 1 ]]
    then
        # Check if the syscall we want is present in any of the similar existing rules
        for rule in "${candidate_rules[@]}"
        do
            rule_syscalls=$(echo "$rule" | grep -o -P '(-S [\w,]+)+' | xargs)
            all_syscalls_found=0
            for syscall in "${syscall_a[@]}"
            do
                grep -q -- "\b${syscall}\b" &lt;&lt;&lt; "$rule_syscalls" || {
                   # A syscall was not found in the candidate rule
                   all_syscalls_found=1
                   }
            done
            if [[ $all_syscalls_found -eq 0 ]]
            then
                # We found a rule with all the syscall(s) we want; skip rest of macro
                skip=0
                break
            fi

            # Check if this rule can be grouped with our target syscall and keep track of it
            for syscall_g in "${syscall_grouping[@]}"
            do
                if grep -q -- "\b${syscall_g}\b" &lt;&lt;&lt; "$rule_syscalls"
                then
                    file_to_edit=${audit_file}
                    rule_to_edit=${rule}
                    rule_syscalls_to_edit=${rule_syscalls}
                fi
            done
        done
    else
        # If there is any candidate rule, it is compliant; skip rest of macro
        if [ "${#candidate_rules[@]}" -gt 0 ]
        then
            skip=0
        fi
    fi

    if [ "$skip" -eq 0 ]; then
        break
    fi
done

if [ "$skip" -ne 0 ]; then
    # We checked all rules that matched the expected resemblance pattern (action, arch &amp; auid)
    # At this point we know if we need to either append the $full_rule or group
    # the syscall together with an exsiting rule

    # Append the full_rule if it cannot be grouped to any other rule
    if [ -z ${rule_to_edit+x} ]
    then
        # Build full_rule while avoid adding double spaces when other_filters is empty
        if [ "${#syscall_a[@]}" -gt 0 ]
        then
            syscall_string=""
            for syscall in "${syscall_a[@]}"
            do
                syscall_string+=" -S $syscall"
            done
        fi
        other_string=$([[ $OTHER_FILTERS ]] &amp;&amp; echo " $OTHER_FILTERS") || /bin/true
        auid_string=$([[ $AUID_FILTERS ]] &amp;&amp; echo " $AUID_FILTERS") || /bin/true
        full_rule="$ACTION_ARCH_FILTERS${syscall_string}${other_string}${auid_string} -F key=$KEY" || /bin/true
        echo "$full_rule" &gt;&gt; "$default_file"
        chmod 0600 ${default_file}
    else
        # Check if the syscalls are declared as a comma separated list or
        # as multiple -S parameters
        if grep -q -- "," &lt;&lt;&lt; "${rule_syscalls_to_edit}"
        then
            delimiter=","
        else
            delimiter=" -S "
        fi
        new_grouped_syscalls="${rule_syscalls_to_edit}"
        for syscall in "${syscall_a[@]}"
        do
            grep -q -- "\b${syscall}\b" &lt;&lt;&lt; "${rule_syscalls_to_edit}" || {
               # A syscall was not found in the candidate rule
               new_grouped_syscalls+="${delimiter}${syscall}"
               }
        done

        # Group the syscall in the rule
        sed -i -e "\#${rule_to_edit}#s#${rule_syscalls_to_edit}#${new_grouped_syscalls}#" "$file_to_edit"
    fi
fi
unset syscall_a
unset syscall_grouping
unset syscall_string
unset syscall
unset file_to_edit
unset rule_to_edit
unset rule_syscalls_to_edit
unset other_string
unset auid_string
unset full_rule

# Load macro arguments into arrays
read -a syscall_a &lt;&lt;&lt; $SYSCALL
read -a syscall_grouping &lt;&lt;&lt; $SYSCALL_GROUPING

# Create a list of audit *.rules files that should be inspected for presence and correctness
# of a particular audit rule. The scheme is as follows:
#
# -----------------------------------------------------------------------------------------
#  Tool used to load audit rules | Rule already defined  |  Audit rules file to inspect    |
# -----------------------------------------------------------------------------------------
#        auditctl                |     Doesn't matter    |  /etc/audit/audit.rules         |
# -----------------------------------------------------------------------------------------
#        augenrules              |          Yes          |  /etc/audit/rules.d/*.rules     |
#        augenrules              |          No           |  /etc/audit/rules.d/$key.rules  |
# -----------------------------------------------------------------------------------------
#
files_to_inspect=()


# If audit tool is 'auditctl', then add '/etc/audit/audit.rules'
# file to the list of files to be inspected
default_file="/etc/audit/audit.rules"
files_to_inspect+=('/etc/audit/audit.rules' )

# After converting to jinja, we cannot return; therefore we skip the rest of the macro if needed instead
skip=1

for audit_file in "${files_to_inspect[@]}"
do
    # Filter existing $audit_file rules' definitions to select those that satisfy the rule pattern,
    # i.e, collect rules that match:
    # * the action, list and arch, (2-nd argument)
    # * the other filters, (3-rd argument)
    # * the auid filters, (4-rd argument)
    readarray -t similar_rules &lt; &lt;(sed -e "/^$ACTION_ARCH_FILTERS/!d"  -e "\#$OTHER_FILTERS#!d" -e "/$AUID_FILTERS/!d" "$audit_file")

    candidate_rules=()
    # Filter out rules that have more fields then required. This will remove rules more specific than the required scope
    for s_rule in "${similar_rules[@]}"
    do
        # Strip all the options and fields we know of,
        # than check if there was any field left over
        extra_fields=$(sed -E -e "s/^$ACTION_ARCH_FILTERS//"  -e "s#$OTHER_FILTERS##" -e "s/$AUID_FILTERS//" -e "s/((:?-S [[:alnum:],]+)+)//g" -e "s/-F key=\w+|-k \w+//"&lt;&lt;&lt; "$s_rule")
        grep -q -- "-F" &lt;&lt;&lt; "$extra_fields" || candidate_rules+=("$s_rule")
    done

    if [[ ${#syscall_a[@]} -ge 1 ]]
    then
        # Check if the syscall we want is present in any of the similar existing rules
        for rule in "${candidate_rules[@]}"
        do
            rule_syscalls=$(echo "$rule" | grep -o -P '(-S [\w,]+)+' | xargs)
            all_syscalls_found=0
            for syscall in "${syscall_a[@]}"
            do
                grep -q -- "\b${syscall}\b" &lt;&lt;&lt; "$rule_syscalls" || {
                   # A syscall was not found in the candidate rule
                   all_syscalls_found=1
                   }
            done
            if [[ $all_syscalls_found -eq 0 ]]
            then
                # We found a rule with all the syscall(s) we want; skip rest of macro
                skip=0
                break
            fi

            # Check if this rule can be grouped with our target syscall and keep track of it
            for syscall_g in "${syscall_grouping[@]}"
            do
                if grep -q -- "\b${syscall_g}\b" &lt;&lt;&lt; "$rule_syscalls"
                then
                    file_to_edit=${audit_file}
                    rule_to_edit=${rule}
                    rule_syscalls_to_edit=${rule_syscalls}
                fi
            done
        done
    else
        # If there is any candidate rule, it is compliant; skip rest of macro
        if [ "${#candidate_rules[@]}" -gt 0 ]
        then
            skip=0
        fi
    fi

    if [ "$skip" -eq 0 ]; then
        break
    fi
done

if [ "$skip" -ne 0 ]; then
    # We checked all rules that matched the expected resemblance pattern (action, arch &amp; auid)
    # At this point we know if we need to either append the $full_rule or group
    # the syscall together with an exsiting rule

    # Append the full_rule if it cannot be grouped to any other rule
    if [ -z ${rule_to_edit+x} ]
    then
        # Build full_rule while avoid adding double spaces when other_filters is empty
        if [ "${#syscall_a[@]}" -gt 0 ]
        then
            syscall_string=""
            for syscall in "${syscall_a[@]}"
            do
                syscall_string+=" -S $syscall"
            done
        fi
        other_string=$([[ $OTHER_FILTERS ]] &amp;&amp; echo " $OTHER_FILTERS") || /bin/true
        auid_string=$([[ $AUID_FILTERS ]] &amp;&amp; echo " $AUID_FILTERS") || /bin/true
        full_rule="$ACTION_ARCH_FILTERS${syscall_string}${other_string}${auid_string} -F key=$KEY" || /bin/true
        echo "$full_rule" &gt;&gt; "$default_file"
        chmod 0600 ${default_file}
    else
        # Check if the syscalls are declared as a comma separated list or
        # as multiple -S parameters
        if grep -q -- "," &lt;&lt;&lt; "${rule_syscalls_to_edit}"
        then
            delimiter=","
        else
            delimiter=" -S "
        fi
        new_grouped_syscalls="${rule_syscalls_to_edit}"
        for syscall in "${syscall_a[@]}"
        do
            grep -q -- "\b${syscall}\b" &lt;&lt;&lt; "${rule_syscalls_to_edit}" || {
               # A syscall was not found in the candidate rule
               new_grouped_syscalls+="${delimiter}${syscall}"
               }
        done

        # Group the syscall in the rule
        sed -i -e "\#${rule_to_edit}#s#${rule_syscalls_to_edit}#${new_grouped_syscalls}#" "$file_to_edit"
    fi
fi

else
    &gt;&amp;2 echo 'Remediation is not applicable, nothing was done'
fi
</fix>
          <fix xmlns:xhtml="http://www.w3.org/1999/xhtml" id="audit_rules_dac_modification_umount" system="urn:xccdf:fix:script:ansible" reboot="true" complexity="low" disruption="low" strategy="restrict">- name: Gather the package facts
  package_facts:
    manager: auto
  tags:
  - CCE-85734-2
  - DISA-STIG-SLES-15-030360
  - audit_rules_dac_modification_umount
  - low_complexity
  - low_disruption
  - medium_severity
  - reboot_required
  - restrict_strategy

- name: Perform remediation of Audit rules for umount for x86 platform
  block:

  - name: Declare list of syscalls
    ansible.builtin.set_fact:
      syscalls:
      - umount
      syscall_grouping: []

  - name: Check existence of umount in /etc/audit/rules.d/
    ansible.builtin.find:
      paths: /etc/audit/rules.d
      contains: -a always,exit -F arch=b32(( -S |,)\w+)*(( -S |,){{ item }})+(( -S
        |,)\w+)* -F auid&gt;=1000 -F auid!=unset (-k\s+|-F\s+key=)\S+\s*$
      patterns: '*.rules'
    register: find_command
    loop: '{{ (syscall_grouping + syscalls) | unique }}'

  - name: Reset syscalls found per file
    ansible.builtin.set_fact:
      syscalls_per_file: {}
      found_paths_dict: {}

  - name: Declare syscalls found per file
    ansible.builtin.set_fact: syscalls_per_file="{{ syscalls_per_file | combine( {item.files[0].path
      :[item.item] + syscalls_per_file.get(item.files[0].path, []) } ) }}"
    loop: '{{ find_command.results | selectattr(''matched'') | list }}'

  - name: Declare files where syscalls were found
    ansible.builtin.set_fact: found_paths="{{ find_command.results | map(attribute='files')
      | flatten | map(attribute='path') | list }}"

  - name: Count occurrences of syscalls in paths
    ansible.builtin.set_fact: found_paths_dict="{{ found_paths_dict | combine({ item:1+found_paths_dict.get(item,
      0) }) }}"
    loop: '{{ find_command.results | map(attribute=''files'') | flatten | map(attribute=''path'')
      | list }}'

  - name: Get path with most syscalls
    ansible.builtin.set_fact: audit_file="{{ (found_paths_dict | dict2items() | sort(attribute='value')
      | last).key }}"
    when: found_paths | length &gt;= 1

  - name: No file with syscall found, set path to /etc/audit/rules.d/perm_mod.rules
    ansible.builtin.set_fact: audit_file="/etc/audit/rules.d/perm_mod.rules"
    when: found_paths | length == 0

  - name: Declare found syscalls
    ansible.builtin.set_fact: syscalls_found="{{ find_command.results | selectattr('matched')
      | map(attribute='item') | list }}"

  - name: Declare missing syscalls
    ansible.builtin.set_fact: missing_syscalls="{{ syscalls | difference(syscalls_found)
      }}"

  - name: Replace the audit rule in {{ audit_file }}
    ansible.builtin.lineinfile:
      path: '{{ audit_file }}'
      regexp: (-a always,exit -F arch=b32)(?=.*(?:(?:-S |,)(?:{{ syscalls_per_file[audit_file]
        | join("|") }}))\b)((?:( -S |,)\w+)+)( -F auid&gt;=1000 -F auid!=unset (?:-k
        |-F key=)\w+)
      line: \1\2\3{{ missing_syscalls | join("\3") }}\4
      backrefs: true
      state: present
      mode: g-rwx,o-rwx
    when: syscalls_found | length &gt; 0 and missing_syscalls | length &gt; 0

  - name: Add the audit rule to {{ audit_file }}
    ansible.builtin.lineinfile:
      path: '{{ audit_file }}'
      line: -a always,exit -F arch=b32 -S {{ syscalls | join(',') }} -F auid&gt;=1000
        -F auid!=unset -F key=perm_mod
      create: true
      mode: g-rwx,o-rwx
      state: present
    when: syscalls_found | length == 0

  - name: Declare list of syscalls
    ansible.builtin.set_fact:
      syscalls:
      - umount
      syscall_grouping: []

  - name: Check existence of umount in /etc/audit/audit.rules
    ansible.builtin.find:
      paths: /etc/audit
      contains: -a always,exit -F arch=b32(( -S |,)\w+)*(( -S |,){{ item }})+(( -S
        |,)\w+)* -F auid&gt;=1000 -F auid!=unset (-k\s+|-F\s+key=)\S+\s*$
      patterns: audit.rules
    register: find_command
    loop: '{{ (syscall_grouping + syscalls) | unique }}'

  - name: Set path to /etc/audit/audit.rules
    ansible.builtin.set_fact: audit_file="/etc/audit/audit.rules"

  - name: Declare found syscalls
    ansible.builtin.set_fact: syscalls_found="{{ find_command.results | selectattr('matched')
      | map(attribute='item') | list }}"

  - name: Declare missing syscalls
    ansible.builtin.set_fact: missing_syscalls="{{ syscalls | difference(syscalls_found)
      }}"

  - name: Replace the audit rule in {{ audit_file }}
    ansible.builtin.lineinfile:
      path: '{{ audit_file }}'
      regexp: (-a always,exit -F arch=b32)(?=.*(?:(?:-S |,)(?:{{ syscalls_found |
        join("|") }}))\b)((?:( -S |,)\w+)+)( -F auid&gt;=1000 -F auid!=unset (?:-k |-F
        key=)\w+)
      line: \1\2\3{{ missing_syscalls | join("\3") }}\4
      backrefs: true
      state: present
      mode: g-rwx,o-rwx
    when: syscalls_found | length &gt; 0 and missing_syscalls | length &gt; 0

  - name: Add the audit rule to {{ audit_file }}
    ansible.builtin.lineinfile:
      path: '{{ audit_file }}'
      line: -a always,exit -F arch=b32 -S {{ syscalls | join(',') }} -F auid&gt;=1000
        -F auid!=unset -F key=perm_mod
      create: true
      mode: g-rwx,o-rwx
      state: present
    when: syscalls_found | length == 0
  when:
  - '"audit" in ansible_facts.packages'
  - ("kernel-default" in ansible_facts.packages or "kernel-default-base" in ansible_facts.packages)
  - not ( ansible_architecture == "aarch64" )
  tags:
  - CCE-85734-2
  - DISA-STIG-SLES-15-030360
  - audit_rules_dac_modification_umount
  - low_complexity
  - low_disruption
  - medium_severity
  - reboot_required
  - restrict_strategy
</fix>
          <check system="http://oval.mitre.org/XMLSchema/oval-definitions-5">
            <check-content-ref name="oval:ssg-audit_rules_dac_modification_umount:def:1" href="ssg-sle15-oval.xml"/>
          </check>
          <check system="http://scap.nist.gov/schema/ocil/2">
            <check-content-ref name="ocil:ssg-audit_rules_dac_modification_umount_ocil:questionnaire:1" href="ssg-sle15-ocil.xml"/>
          </check>
        </Rule>
        <Rule id="xccdf_org.ssgproject.content_rule_audit_rules_dac_modification_umount2" selected="false" role="full" severity="medium">
          <title xmlns:xhtml="http://www.w3.org/1999/xhtml" xml:lang="en-US">Record Events that Modify the System's Discretionary Access Controls - umount2</title>
          <description xmlns:xhtml="http://www.w3.org/1999/xhtml" xml:lang="en-US">At a minimum, the audit system should collect file system umount2
changes. If the <html:code xmlns:html="http://www.w3.org/1999/xhtml">auditd</html:code> daemon is configured
to use the <html:code xmlns:html="http://www.w3.org/1999/xhtml">augenrules</html:code> program to read audit rules during daemon
startup (the default), add the following line to a file with suffix
<html:code xmlns:html="http://www.w3.org/1999/xhtml">.rules</html:code> in the directory <html:code xmlns:html="http://www.w3.org/1999/xhtml">/etc/audit/rules.d</html:code>:
<html:pre xmlns:html="http://www.w3.org/1999/xhtml">-a always,exit -F arch=b32 -S umount2 -F auid&gt;=1000 -F auid!=unset -F key=perm_mod</html:pre>
If the system is 64 bit then also add the following line:
<html:pre xmlns:html="http://www.w3.org/1999/xhtml">-a always,exit -F arch=b64 -S umount2 -F auid&gt;=1000 -F auid!=unset -F key=perm_mod</html:pre>
If the <html:code xmlns:html="http://www.w3.org/1999/xhtml">auditd</html:code> daemon is configured to use the <html:code xmlns:html="http://www.w3.org/1999/xhtml">auditctl</html:code>
utility to read audit rules during daemon startup, add the following line to
<html:code xmlns:html="http://www.w3.org/1999/xhtml">/etc/audit/audit.rules</html:code> file:
<html:pre xmlns:html="http://www.w3.org/1999/xhtml">-a always,exit -F arch=b32 -S umount2 -F auid&gt;=1000 -F auid!=unset -F key=perm_mod</html:pre>
If the system is 64 bit then also add the following line:
<html:pre xmlns:html="http://www.w3.org/1999/xhtml">-a always,exit -F arch=b64 -S umount2 -F auid&gt;=1000 -F auid!=unset -F key=perm_mod</html:pre>
       </description>
          <warning xmlns:xhtml="http://www.w3.org/1999/xhtml" xml:lang="en-US" category="general">Note that these rules can be configured in a
number of ways while still achieving the desired effect. Here the system calls
have been placed independent of other system calls. Grouping these system
calls with others as identifying earlier in this guide is more efficient.</warning>
          <reference href="https://www.cyber.mil/stigs/downloads/?_dl_facet_stigs=operating-systems%2Cgeneral-purpose-os">SRG-OS-000037-GPOS-00015</reference>
          <reference href="https://www.cyber.mil/stigs/downloads/?_dl_facet_stigs=operating-systems%2Cgeneral-purpose-os">SRG-OS-000062-GPOS-00031</reference>
          <reference href="https://www.cyber.mil/stigs/downloads/?_dl_facet_stigs=operating-systems%2Cgeneral-purpose-os">SRG-OS-000392-GPOS-00172</reference>
          <reference href="https://www.cyber.mil/stigs/downloads/?_dl_facet_stigs=operating-systems%2Cgeneral-purpose-os">SRG-OS-000462-GPOS-00206</reference>
          <reference href="https://www.cyber.mil/stigs/downloads/?_dl_facet_stigs=operating-systems%2Cgeneral-purpose-os">SRG-OS-000471-GPOS-00215</reference>
          <reference href="https://www.cyber.mil/stigs/downloads/?_dl_facet_stigs=app-security">SRG-APP-000495-CTR-001235</reference>
          <reference href="https://www.cyber.mil/stigs/downloads/?_dl_facet_stigs=operating-systems%2Cunix-linux">SLES-15-030360</reference>
          <reference href="https://cyber.gouv.fr/sites/default/files/document/linux_configuration-en-v2.pdf">R73</reference>
          <reference href="https://www.cyber.mil/stigs/srg-stig-tools/">SV-234935r958412_rule</reference>
          <rationale xmlns:xhtml="http://www.w3.org/1999/xhtml" xml:lang="en-US">The changing of file permissions could indicate that a user is attempting to
gain access to information that would otherwise be disallowed. Auditing DAC modifications
can facilitate the identification of patterns of abuse among both authorized and
unauthorized users.</rationale>
          <ident system="https://ncp.nist.gov/cce">CCE-91250-1</ident>
          <fix xmlns:xhtml="http://www.w3.org/1999/xhtml" id="audit_rules_dac_modification_umount2" system="urn:xccdf:fix:script:sh"># Remediation is applicable only in certain platforms
if rpm --quiet -q audit &amp;&amp; rpm --quiet -q kernel-default || rpm --quiet -q kernel-default-base; then

# First perform the remediation of the syscall rule
# Retrieve hardware architecture of the underlying system
[ "$(getconf LONG_BIT)" = "32" ] &amp;&amp; RULE_ARCHS=("b32") || RULE_ARCHS=("b32" "b64")

for ARCH in "${RULE_ARCHS[@]}"
do
	ACTION_ARCH_FILTERS="-a always,exit -F arch=$ARCH"
	OTHER_FILTERS=""
	AUID_FILTERS="-F auid&gt;=1000 -F auid!=unset"
	SYSCALL="umount2"
	KEY="perm_mod"
	SYSCALL_GROUPING=""

	# Perform the remediation for both possible tools: 'auditctl' and 'augenrules'
	unset syscall_a
unset syscall_grouping
unset syscall_string
unset syscall
unset file_to_edit
unset rule_to_edit
unset rule_syscalls_to_edit
unset other_string
unset auid_string
unset full_rule

# Load macro arguments into arrays
read -a syscall_a &lt;&lt;&lt; $SYSCALL
read -a syscall_grouping &lt;&lt;&lt; $SYSCALL_GROUPING

# Create a list of audit *.rules files that should be inspected for presence and correctness
# of a particular audit rule. The scheme is as follows:
#
# -----------------------------------------------------------------------------------------
#  Tool used to load audit rules | Rule already defined  |  Audit rules file to inspect    |
# -----------------------------------------------------------------------------------------
#        auditctl                |     Doesn't matter    |  /etc/audit/audit.rules         |
# -----------------------------------------------------------------------------------------
#        augenrules              |          Yes          |  /etc/audit/rules.d/*.rules     |
#        augenrules              |          No           |  /etc/audit/rules.d/$key.rules  |
# -----------------------------------------------------------------------------------------
#
files_to_inspect=()

# If audit tool is 'augenrules', then check if the audit rule is defined
# If rule is defined, add '/etc/audit/rules.d/*.rules' to the list for inspection
# If rule isn't defined yet, add '/etc/audit/rules.d/$key.rules' to the list for inspection
default_file="/etc/audit/rules.d/$KEY.rules"
# As other_filters may include paths, lets use a different delimiter for it
# The "F" script expression tells sed to print the filenames where the expressions matched
readarray -t files_to_inspect &lt; &lt;(sed -s -n -e "/^$ACTION_ARCH_FILTERS/!d" -e "\#$OTHER_FILTERS#!d" -e "/$AUID_FILTERS/!d" -e "F" /etc/audit/rules.d/*.rules)
# Case when particular rule isn't defined in /etc/audit/rules.d/*.rules yet
if [ ${#files_to_inspect[@]} -eq "0" ]
then
    file_to_inspect="/etc/audit/rules.d/$KEY.rules"
    files_to_inspect=("$file_to_inspect")
    if [ ! -e "$file_to_inspect" ]
    then
        touch "$file_to_inspect"
        chmod 0600 "$file_to_inspect"
    fi
fi

# After converting to jinja, we cannot return; therefore we skip the rest of the macro if needed instead
skip=1

for audit_file in "${files_to_inspect[@]}"
do
    # Filter existing $audit_file rules' definitions to select those that satisfy the rule pattern,
    # i.e, collect rules that match:
    # * the action, list and arch, (2-nd argument)
    # * the other filters, (3-rd argument)
    # * the auid filters, (4-rd argument)
    readarray -t similar_rules &lt; &lt;(sed -e "/^$ACTION_ARCH_FILTERS/!d"  -e "\#$OTHER_FILTERS#!d" -e "/$AUID_FILTERS/!d" "$audit_file")

    candidate_rules=()
    # Filter out rules that have more fields then required. This will remove rules more specific than the required scope
    for s_rule in "${similar_rules[@]}"
    do
        # Strip all the options and fields we know of,
        # than check if there was any field left over
        extra_fields=$(sed -E -e "s/^$ACTION_ARCH_FILTERS//"  -e "s#$OTHER_FILTERS##" -e "s/$AUID_FILTERS//" -e "s/((:?-S [[:alnum:],]+)+)//g" -e "s/-F key=\w+|-k \w+//"&lt;&lt;&lt; "$s_rule")
        grep -q -- "-F" &lt;&lt;&lt; "$extra_fields" || candidate_rules+=("$s_rule")
    done

    if [[ ${#syscall_a[@]} -ge 1 ]]
    then
        # Check if the syscall we want is present in any of the similar existing rules
        for rule in "${candidate_rules[@]}"
        do
            rule_syscalls=$(echo "$rule" | grep -o -P '(-S [\w,]+)+' | xargs)
            all_syscalls_found=0
            for syscall in "${syscall_a[@]}"
            do
                grep -q -- "\b${syscall}\b" &lt;&lt;&lt; "$rule_syscalls" || {
                   # A syscall was not found in the candidate rule
                   all_syscalls_found=1
                   }
            done
            if [[ $all_syscalls_found -eq 0 ]]
            then
                # We found a rule with all the syscall(s) we want; skip rest of macro
                skip=0
                break
            fi

            # Check if this rule can be grouped with our target syscall and keep track of it
            for syscall_g in "${syscall_grouping[@]}"
            do
                if grep -q -- "\b${syscall_g}\b" &lt;&lt;&lt; "$rule_syscalls"
                then
                    file_to_edit=${audit_file}
                    rule_to_edit=${rule}
                    rule_syscalls_to_edit=${rule_syscalls}
                fi
            done
        done
    else
        # If there is any candidate rule, it is compliant; skip rest of macro
        if [ "${#candidate_rules[@]}" -gt 0 ]
        then
            skip=0
        fi
    fi

    if [ "$skip" -eq 0 ]; then
        break
    fi
done

if [ "$skip" -ne 0 ]; then
    # We checked all rules that matched the expected resemblance pattern (action, arch &amp; auid)
    # At this point we know if we need to either append the $full_rule or group
    # the syscall together with an exsiting rule

    # Append the full_rule if it cannot be grouped to any other rule
    if [ -z ${rule_to_edit+x} ]
    then
        # Build full_rule while avoid adding double spaces when other_filters is empty
        if [ "${#syscall_a[@]}" -gt 0 ]
        then
            syscall_string=""
            for syscall in "${syscall_a[@]}"
            do
                syscall_string+=" -S $syscall"
            done
        fi
        other_string=$([[ $OTHER_FILTERS ]] &amp;&amp; echo " $OTHER_FILTERS") || /bin/true
        auid_string=$([[ $AUID_FILTERS ]] &amp;&amp; echo " $AUID_FILTERS") || /bin/true
        full_rule="$ACTION_ARCH_FILTERS${syscall_string}${other_string}${auid_string} -F key=$KEY" || /bin/true
        echo "$full_rule" &gt;&gt; "$default_file"
        chmod 0600 ${default_file}
    else
        # Check if the syscalls are declared as a comma separated list or
        # as multiple -S parameters
        if grep -q -- "," &lt;&lt;&lt; "${rule_syscalls_to_edit}"
        then
            delimiter=","
        else
            delimiter=" -S "
        fi
        new_grouped_syscalls="${rule_syscalls_to_edit}"
        for syscall in "${syscall_a[@]}"
        do
            grep -q -- "\b${syscall}\b" &lt;&lt;&lt; "${rule_syscalls_to_edit}" || {
               # A syscall was not found in the candidate rule
               new_grouped_syscalls+="${delimiter}${syscall}"
               }
        done

        # Group the syscall in the rule
        sed -i -e "\#${rule_to_edit}#s#${rule_syscalls_to_edit}#${new_grouped_syscalls}#" "$file_to_edit"
    fi
fi
	unset syscall_a
unset syscall_grouping
unset syscall_string
unset syscall
unset file_to_edit
unset rule_to_edit
unset rule_syscalls_to_edit
unset other_string
unset auid_string
unset full_rule

# Load macro arguments into arrays
read -a syscall_a &lt;&lt;&lt; $SYSCALL
read -a syscall_grouping &lt;&lt;&lt; $SYSCALL_GROUPING

# Create a list of audit *.rules files that should be inspected for presence and correctness
# of a particular audit rule. The scheme is as follows:
#
# -----------------------------------------------------------------------------------------
#  Tool used to load audit rules | Rule already defined  |  Audit rules file to inspect    |
# -----------------------------------------------------------------------------------------
#        auditctl                |     Doesn't matter    |  /etc/audit/audit.rules         |
# -----------------------------------------------------------------------------------------
#        augenrules              |          Yes          |  /etc/audit/rules.d/*.rules     |
#        augenrules              |          No           |  /etc/audit/rules.d/$key.rules  |
# -----------------------------------------------------------------------------------------
#
files_to_inspect=()


# If audit tool is 'auditctl', then add '/etc/audit/audit.rules'
# file to the list of files to be inspected
default_file="/etc/audit/audit.rules"
files_to_inspect+=('/etc/audit/audit.rules' )

# After converting to jinja, we cannot return; therefore we skip the rest of the macro if needed instead
skip=1

for audit_file in "${files_to_inspect[@]}"
do
    # Filter existing $audit_file rules' definitions to select those that satisfy the rule pattern,
    # i.e, collect rules that match:
    # * the action, list and arch, (2-nd argument)
    # * the other filters, (3-rd argument)
    # * the auid filters, (4-rd argument)
    readarray -t similar_rules &lt; &lt;(sed -e "/^$ACTION_ARCH_FILTERS/!d"  -e "\#$OTHER_FILTERS#!d" -e "/$AUID_FILTERS/!d" "$audit_file")

    candidate_rules=()
    # Filter out rules that have more fields then required. This will remove rules more specific than the required scope
    for s_rule in "${similar_rules[@]}"
    do
        # Strip all the options and fields we know of,
        # than check if there was any field left over
        extra_fields=$(sed -E -e "s/^$ACTION_ARCH_FILTERS//"  -e "s#$OTHER_FILTERS##" -e "s/$AUID_FILTERS//" -e "s/((:?-S [[:alnum:],]+)+)//g" -e "s/-F key=\w+|-k \w+//"&lt;&lt;&lt; "$s_rule")
        grep -q -- "-F" &lt;&lt;&lt; "$extra_fields" || candidate_rules+=("$s_rule")
    done

    if [[ ${#syscall_a[@]} -ge 1 ]]
    then
        # Check if the syscall we want is present in any of the similar existing rules
        for rule in "${candidate_rules[@]}"
        do
            rule_syscalls=$(echo "$rule" | grep -o -P '(-S [\w,]+)+' | xargs)
            all_syscalls_found=0
            for syscall in "${syscall_a[@]}"
            do
                grep -q -- "\b${syscall}\b" &lt;&lt;&lt; "$rule_syscalls" || {
                   # A syscall was not found in the candidate rule
                   all_syscalls_found=1
                   }
            done
            if [[ $all_syscalls_found -eq 0 ]]
            then
                # We found a rule with all the syscall(s) we want; skip rest of macro
                skip=0
                break
            fi

            # Check if this rule can be grouped with our target syscall and keep track of it
            for syscall_g in "${syscall_grouping[@]}"
            do
                if grep -q -- "\b${syscall_g}\b" &lt;&lt;&lt; "$rule_syscalls"
                then
                    file_to_edit=${audit_file}
                    rule_to_edit=${rule}
                    rule_syscalls_to_edit=${rule_syscalls}
                fi
            done
        done
    else
        # If there is any candidate rule, it is compliant; skip rest of macro
        if [ "${#candidate_rules[@]}" -gt 0 ]
        then
            skip=0
        fi
    fi

    if [ "$skip" -eq 0 ]; then
        break
    fi
done

if [ "$skip" -ne 0 ]; then
    # We checked all rules that matched the expected resemblance pattern (action, arch &amp; auid)
    # At this point we know if we need to either append the $full_rule or group
    # the syscall together with an exsiting rule

    # Append the full_rule if it cannot be grouped to any other rule
    if [ -z ${rule_to_edit+x} ]
    then
        # Build full_rule while avoid adding double spaces when other_filters is empty
        if [ "${#syscall_a[@]}" -gt 0 ]
        then
            syscall_string=""
            for syscall in "${syscall_a[@]}"
            do
                syscall_string+=" -S $syscall"
            done
        fi
        other_string=$([[ $OTHER_FILTERS ]] &amp;&amp; echo " $OTHER_FILTERS") || /bin/true
        auid_string=$([[ $AUID_FILTERS ]] &amp;&amp; echo " $AUID_FILTERS") || /bin/true
        full_rule="$ACTION_ARCH_FILTERS${syscall_string}${other_string}${auid_string} -F key=$KEY" || /bin/true
        echo "$full_rule" &gt;&gt; "$default_file"
        chmod 0600 ${default_file}
    else
        # Check if the syscalls are declared as a comma separated list or
        # as multiple -S parameters
        if grep -q -- "," &lt;&lt;&lt; "${rule_syscalls_to_edit}"
        then
            delimiter=","
        else
            delimiter=" -S "
        fi
        new_grouped_syscalls="${rule_syscalls_to_edit}"
        for syscall in "${syscall_a[@]}"
        do
            grep -q -- "\b${syscall}\b" &lt;&lt;&lt; "${rule_syscalls_to_edit}" || {
               # A syscall was not found in the candidate rule
               new_grouped_syscalls+="${delimiter}${syscall}"
               }
        done

        # Group the syscall in the rule
        sed -i -e "\#${rule_to_edit}#s#${rule_syscalls_to_edit}#${new_grouped_syscalls}#" "$file_to_edit"
    fi
fi
done

else
    &gt;&amp;2 echo 'Remediation is not applicable, nothing was done'
fi
</fix>
          <fix xmlns:xhtml="http://www.w3.org/1999/xhtml" id="audit_rules_dac_modification_umount2" system="urn:xccdf:fix:script:ansible" reboot="true" complexity="low" disruption="low" strategy="restrict">- name: Gather the package facts
  package_facts:
    manager: auto
  tags:
  - CCE-91250-1
  - DISA-STIG-SLES-15-030360
  - audit_rules_dac_modification_umount2
  - low_complexity
  - low_disruption
  - medium_severity
  - reboot_required
  - restrict_strategy

- name: Set architecture for audit umount2 tasks
  ansible.builtin.set_fact:
    audit_arch: b64
  when:
  - '"audit" in ansible_facts.packages'
  - ("kernel-default" in ansible_facts.packages or "kernel-default-base" in ansible_facts.packages)
  - ansible_architecture == "aarch64" or ansible_architecture == "ppc64" or ansible_architecture
    == "ppc64le" or ansible_architecture == "s390x" or ansible_architecture == "x86_64"
  tags:
  - CCE-91250-1
  - DISA-STIG-SLES-15-030360
  - audit_rules_dac_modification_umount2
  - low_complexity
  - low_disruption
  - medium_severity
  - reboot_required
  - restrict_strategy

- name: Perform remediation of Audit rules for umount2 for 32bit platform
  block:

  - name: Declare list of syscalls
    ansible.builtin.set_fact:
      syscalls:
      - umount2
      syscall_grouping: []

  - name: Check existence of umount2 in /etc/audit/rules.d/
    ansible.builtin.find:
      paths: /etc/audit/rules.d
      contains: -a always,exit -F arch=b32(( -S |,)\w+)*(( -S |,){{ item }})+(( -S
        |,)\w+)* -F auid&gt;=1000 -F auid!=unset (-k\s+|-F\s+key=)\S+\s*$
      patterns: '*.rules'
    register: find_command
    loop: '{{ (syscall_grouping + syscalls) | unique }}'

  - name: Reset syscalls found per file
    ansible.builtin.set_fact:
      syscalls_per_file: {}
      found_paths_dict: {}

  - name: Declare syscalls found per file
    ansible.builtin.set_fact: syscalls_per_file="{{ syscalls_per_file | combine( {item.files[0].path
      :[item.item] + syscalls_per_file.get(item.files[0].path, []) } ) }}"
    loop: '{{ find_command.results | selectattr(''matched'') | list }}'

  - name: Declare files where syscalls were found
    ansible.builtin.set_fact: found_paths="{{ find_command.results | map(attribute='files')
      | flatten | map(attribute='path') | list }}"

  - name: Count occurrences of syscalls in paths
    ansible.builtin.set_fact: found_paths_dict="{{ found_paths_dict | combine({ item:1+found_paths_dict.get(item,
      0) }) }}"
    loop: '{{ find_command.results | map(attribute=''files'') | flatten | map(attribute=''path'')
      | list }}'

  - name: Get path with most syscalls
    ansible.builtin.set_fact: audit_file="{{ (found_paths_dict | dict2items() | sort(attribute='value')
      | last).key }}"
    when: found_paths | length &gt;= 1

  - name: No file with syscall found, set path to /etc/audit/rules.d/perm_mod.rules
    ansible.builtin.set_fact: audit_file="/etc/audit/rules.d/perm_mod.rules"
    when: found_paths | length == 0

  - name: Declare found syscalls
    ansible.builtin.set_fact: syscalls_found="{{ find_command.results | selectattr('matched')
      | map(attribute='item') | list }}"

  - name: Declare missing syscalls
    ansible.builtin.set_fact: missing_syscalls="{{ syscalls | difference(syscalls_found)
      }}"

  - name: Replace the audit rule in {{ audit_file }}
    ansible.builtin.lineinfile:
      path: '{{ audit_file }}'
      regexp: (-a always,exit -F arch=b32)(?=.*(?:(?:-S |,)(?:{{ syscalls_per_file[audit_file]
        | join("|") }}))\b)((?:( -S |,)\w+)+)( -F auid&gt;=1000 -F auid!=unset (?:-k
        |-F key=)\w+)
      line: \1\2\3{{ missing_syscalls | join("\3") }}\4
      backrefs: true
      state: present
      mode: g-rwx,o-rwx
    when: syscalls_found | length &gt; 0 and missing_syscalls | length &gt; 0

  - name: Add the audit rule to {{ audit_file }}
    ansible.builtin.lineinfile:
      path: '{{ audit_file }}'
      line: -a always,exit -F arch=b32 -S {{ syscalls | join(',') }} -F auid&gt;=1000
        -F auid!=unset -F key=perm_mod
      create: true
      mode: g-rwx,o-rwx
      state: present
    when: syscalls_found | length == 0

  - name: Declare list of syscalls
    ansible.builtin.set_fact:
      syscalls:
      - umount2
      syscall_grouping: []

  - name: Check existence of umount2 in /etc/audit/audit.rules
    ansible.builtin.find:
      paths: /etc/audit
      contains: -a always,exit -F arch=b32(( -S |,)\w+)*(( -S |,){{ item }})+(( -S
        |,)\w+)* -F auid&gt;=1000 -F auid!=unset (-k\s+|-F\s+key=)\S+\s*$
      patterns: audit.rules
    register: find_command
    loop: '{{ (syscall_grouping + syscalls) | unique }}'

  - name: Set path to /etc/audit/audit.rules
    ansible.builtin.set_fact: audit_file="/etc/audit/audit.rules"

  - name: Declare found syscalls
    ansible.builtin.set_fact: syscalls_found="{{ find_command.results | selectattr('matched')
      | map(attribute='item') | list }}"

  - name: Declare missing syscalls
    ansible.builtin.set_fact: missing_syscalls="{{ syscalls | difference(syscalls_found)
      }}"

  - name: Replace the audit rule in {{ audit_file }}
    ansible.builtin.lineinfile:
      path: '{{ audit_file }}'
      regexp: (-a always,exit -F arch=b32)(?=.*(?:(?:-S |,)(?:{{ syscalls_found |
        join("|") }}))\b)((?:( -S |,)\w+)+)( -F auid&gt;=1000 -F auid!=unset (?:-k |-F
        key=)\w+)
      line: \1\2\3{{ missing_syscalls | join("\3") }}\4
      backrefs: true
      state: present
      mode: g-rwx,o-rwx
    when: syscalls_found | length &gt; 0 and missing_syscalls | length &gt; 0

  - name: Add the audit rule to {{ audit_file }}
    ansible.builtin.lineinfile:
      path: '{{ audit_file }}'
      line: -a always,exit -F arch=b32 -S {{ syscalls | join(',') }} -F auid&gt;=1000
        -F auid!=unset -F key=perm_mod
      create: true
      mode: g-rwx,o-rwx
      state: present
    when: syscalls_found | length == 0
  when:
  - '"audit" in ansible_facts.packages'
  - ("kernel-default" in ansible_facts.packages or "kernel-default-base" in ansible_facts.packages)
  tags:
  - CCE-91250-1
  - DISA-STIG-SLES-15-030360
  - audit_rules_dac_modification_umount2
  - low_complexity
  - low_disruption
  - medium_severity
  - reboot_required
  - restrict_strategy

- name: Perform remediation of Audit rules for umount2 for 64bit platform
  block:

  - name: Declare list of syscalls
    ansible.builtin.set_fact:
      syscalls:
      - umount2
      syscall_grouping: []

  - name: Check existence of umount2 in /etc/audit/rules.d/
    ansible.builtin.find:
      paths: /etc/audit/rules.d
      contains: -a always,exit -F arch=b64(( -S |,)\w+)*(( -S |,){{ item }})+(( -S
        |,)\w+)* -F auid&gt;=1000 -F auid!=unset (-k\s+|-F\s+key=)\S+\s*$
      patterns: '*.rules'
    register: find_command
    loop: '{{ (syscall_grouping + syscalls) | unique }}'

  - name: Reset syscalls found per file
    ansible.builtin.set_fact:
      syscalls_per_file: {}
      found_paths_dict: {}

  - name: Declare syscalls found per file
    ansible.builtin.set_fact: syscalls_per_file="{{ syscalls_per_file | combine( {item.files[0].path
      :[item.item] + syscalls_per_file.get(item.files[0].path, []) } ) }}"
    loop: '{{ find_command.results | selectattr(''matched'') | list }}'

  - name: Declare files where syscalls were found
    ansible.builtin.set_fact: found_paths="{{ find_command.results | map(attribute='files')
      | flatten | map(attribute='path') | list }}"

  - name: Count occurrences of syscalls in paths
    ansible.builtin.set_fact: found_paths_dict="{{ found_paths_dict | combine({ item:1+found_paths_dict.get(item,
      0) }) }}"
    loop: '{{ find_command.results | map(attribute=''files'') | flatten | map(attribute=''path'')
      | list }}'

  - name: Get path with most syscalls
    ansible.builtin.set_fact: audit_file="{{ (found_paths_dict | dict2items() | sort(attribute='value')
      | last).key }}"
    when: found_paths | length &gt;= 1

  - name: No file with syscall found, set path to /etc/audit/rules.d/perm_mod.rules
    ansible.builtin.set_fact: audit_file="/etc/audit/rules.d/perm_mod.rules"
    when: found_paths | length == 0

  - name: Declare found syscalls
    ansible.builtin.set_fact: syscalls_found="{{ find_command.results | selectattr('matched')
      | map(attribute='item') | list }}"

  - name: Declare missing syscalls
    ansible.builtin.set_fact: missing_syscalls="{{ syscalls | difference(syscalls_found)
      }}"

  - name: Replace the audit rule in {{ audit_file }}
    ansible.builtin.lineinfile:
      path: '{{ audit_file }}'
      regexp: (-a always,exit -F arch=b64)(?=.*(?:(?:-S |,)(?:{{ syscalls_per_file[audit_file]
        | join("|") }}))\b)((?:( -S |,)\w+)+)( -F auid&gt;=1000 -F auid!=unset (?:-k
        |-F key=)\w+)
      line: \1\2\3{{ missing_syscalls | join("\3") }}\4
      backrefs: true
      state: present
      mode: g-rwx,o-rwx
    when: syscalls_found | length &gt; 0 and missing_syscalls | length &gt; 0

  - name: Add the audit rule to {{ audit_file }}
    ansible.builtin.lineinfile:
      path: '{{ audit_file }}'
      line: -a always,exit -F arch=b64 -S {{ syscalls | join(',') }} -F auid&gt;=1000
        -F auid!=unset -F key=perm_mod
      create: true
      mode: g-rwx,o-rwx
      state: present
    when: syscalls_found | length == 0

  - name: Declare list of syscalls
    ansible.builtin.set_fact:
      syscalls:
      - umount2
      syscall_grouping: []

  - name: Check existence of umount2 in /etc/audit/audit.rules
    ansible.builtin.find:
      paths: /etc/audit
      contains: -a always,exit -F arch=b64(( -S |,)\w+)*(( -S |,){{ item }})+(( -S
        |,)\w+)* -F auid&gt;=1000 -F auid!=unset (-k\s+|-F\s+key=)\S+\s*$
      patterns: audit.rules
    register: find_command
    loop: '{{ (syscall_grouping + syscalls) | unique }}'

  - name: Set path to /etc/audit/audit.rules
    ansible.builtin.set_fact: audit_file="/etc/audit/audit.rules"

  - name: Declare found syscalls
    ansible.builtin.set_fact: syscalls_found="{{ find_command.results | selectattr('matched')
      | map(attribute='item') | list }}"

  - name: Declare missing syscalls
    ansible.builtin.set_fact: missing_syscalls="{{ syscalls | difference(syscalls_found)
      }}"

  - name: Replace the audit rule in {{ audit_file }}
    ansible.builtin.lineinfile:
      path: '{{ audit_file }}'
      regexp: (-a always,exit -F arch=b64)(?=.*(?:(?:-S |,)(?:{{ syscalls_found |
        join("|") }}))\b)((?:( -S |,)\w+)+)( -F auid&gt;=1000 -F auid!=unset (?:-k |-F
        key=)\w+)
      line: \1\2\3{{ missing_syscalls | join("\3") }}\4
      backrefs: true
      state: present
      mode: g-rwx,o-rwx
    when: syscalls_found | length &gt; 0 and missing_syscalls | length &gt; 0

  - name: Add the audit rule to {{ audit_file }}
    ansible.builtin.lineinfile:
      path: '{{ audit_file }}'
      line: -a always,exit -F arch=b64 -S {{ syscalls | join(',') }} -F auid&gt;=1000
        -F auid!=unset -F key=perm_mod
      create: true
      mode: g-rwx,o-rwx
      state: present
    when: syscalls_found | length == 0
  when:
  - '"audit" in ansible_facts.packages'
  - ("kernel-default" in ansible_facts.packages or "kernel-default-base" in ansible_facts.packages)
  - audit_arch == "b64"
  tags:
  - CCE-91250-1
  - DISA-STIG-SLES-15-030360
  - audit_rules_dac_modification_umount2
  - low_complexity
  - low_disruption
  - medium_severity
  - reboot_required
  - restrict_strategy
</fix>
          <check system="http://oval.mitre.org/XMLSchema/oval-definitions-5">
            <check-content-ref name="oval:ssg-audit_rules_dac_modification_umount2:def:1" href="ssg-sle15-oval.xml"/>
          </check>
          <check system="http://scap.nist.gov/schema/ocil/2">
            <check-content-ref name="ocil:ssg-audit_rules_dac_modification_umount2_ocil:questionnaire:1" href="ssg-sle15-ocil.xml"/>
          </check>
        </Rule>
      </Group>
      <Group id="xccdf_org.ssgproject.content_group_audit_execution_acl_commands">
        <title xmlns:xhtml="http://www.w3.org/1999/xhtml" xml:lang="en-US">Record Execution Attempts to Run ACL Privileged Commands</title>
        <description xmlns:xhtml="http://www.w3.org/1999/xhtml" xml:lang="en-US">At a minimum, the audit system should collect the execution of
ACL privileged commands for all users and root.</description>
        <Rule id="xccdf_org.ssgproject.content_rule_audit_rules_execution_chacl" selected="false" role="full" severity="medium">
          <title xmlns:xhtml="http://www.w3.org/1999/xhtml" xml:lang="en-US">Record Any Attempts to Run chacl</title>
          <description xmlns:xhtml="http://www.w3.org/1999/xhtml" xml:lang="en-US">


At a minimum, the audit system should collect the execution of privileged
commands for all users and root.

If the <html:code xmlns:html="http://www.w3.org/1999/xhtml">auditd</html:code> daemon is configured to use the <html:code xmlns:html="http://www.w3.org/1999/xhtml">augenrules</html:code>
program to read audit rules during daemon startup (the default), add
a line of the following form to a file with suffix <html:code xmlns:html="http://www.w3.org/1999/xhtml">.rules</html:code>
in the directory <html:code xmlns:html="http://www.w3.org/1999/xhtml">/etc/audit/rules.d</html:code>:
<html:pre xmlns:html="http://www.w3.org/1999/xhtml">-a always,exit -F path=/usr/bin/chacl -F perm=x -F auid&gt;=1000 -F auid!=unset -F key=privileged</html:pre>

If the <html:code xmlns:html="http://www.w3.org/1999/xhtml">auditd</html:code> daemon is configured to use the <html:code xmlns:html="http://www.w3.org/1999/xhtml">auditctl</html:code>
utility to read audit rules during daemon startup, add a line of the
following form to <html:code xmlns:html="http://www.w3.org/1999/xhtml">/etc/audit/audit.rules</html:code>:
<html:pre xmlns:html="http://www.w3.org/1999/xhtml">-a always,exit -F path=/usr/bin/chacl -F perm=x -F auid&gt;=1000 -F auid!=unset -F key=privileged</html:pre>
       </description>
          <reference href="https://www.cyber.mil/stigs/downloads/?_dl_facet_stigs=operating-systems%2Cgeneral-purpose-os">SRG-OS-000037-GPOS-00015</reference>
          <reference href="https://www.cyber.mil/stigs/downloads/?_dl_facet_stigs=operating-systems%2Cgeneral-purpose-os">SRG-OS-000042-GPOS-00020</reference>
          <reference href="https://www.cyber.mil/stigs/downloads/?_dl_facet_stigs=operating-systems%2Cgeneral-purpose-os">SRG-OS-000062-GPOS-00031</reference>
          <reference href="https://www.cyber.mil/stigs/downloads/?_dl_facet_stigs=operating-systems%2Cgeneral-purpose-os">SRG-OS-000392-GPOS-00172</reference>
          <reference href="https://www.cyber.mil/stigs/downloads/?_dl_facet_stigs=operating-systems%2Cgeneral-purpose-os">SRG-OS-000462-GPOS-00206</reference>
          <reference href="https://www.cyber.mil/stigs/downloads/?_dl_facet_stigs=operating-systems%2Cgeneral-purpose-os">SRG-OS-000471-GPOS-00215</reference>
          <reference href="https://www.cyber.mil/stigs/downloads/?_dl_facet_stigs=operating-systems%2Cgeneral-purpose-os">SRG-OS-000466-GPOS-00210</reference>
          <reference href="https://www.cyber.mil/stigs/downloads/?_dl_facet_stigs=app-security">SRG-APP-000495-CTR-001235</reference>
          <reference href="https://www.cyber.mil/stigs/downloads/?_dl_facet_stigs=app-security">SRG-APP-000499-CTR-001255</reference>
          <reference href="https://www.cyber.mil/stigs/downloads/?_dl_facet_stigs=operating-systems%2Cunix-linux">SLES-15-030440</reference>
          <reference href="not_publicly_available">SLES-15-750450375</reference>
          <reference href="https://www.cyber.mil/stigs/srg-stig-tools/">SV-234943r958412_rule</reference>
          <rationale xmlns:xhtml="http://www.w3.org/1999/xhtml" xml:lang="en-US">Without generating audit records that are specific to the security and
mission needs of the organization, it would be difficult to establish,
correlate, and investigate the events relating to an incident or identify
those responsible for one.
Audit records can be generated from various components within the
information system (e.g., module or policy filter).</rationale>
          <ident system="https://ncp.nist.gov/cce">CCE-85595-7</ident>
          <fix xmlns:xhtml="http://www.w3.org/1999/xhtml" id="audit_rules_execution_chacl" system="urn:xccdf:fix:script:sh"># Remediation is applicable only in certain platforms
if rpm --quiet -q audit &amp;&amp; rpm --quiet -q kernel-default || rpm --quiet -q kernel-default-base; then

# Retrieve hardware architecture of the underlying system
OTHER_FILTERS="-F path=/usr/bin/chacl -F perm=x"
AUID_FILTERS="-F auid&gt;=1000 -F auid!=unset"
SYSCALL=""
KEY="privileged"
SYSCALL_GROUPING=""


ACTION_ARCH_FILTERS="-a always,exit"
# Perform the remediation for both possible tools: 'auditctl' and 'augenrules'
unset syscall_a
unset syscall_grouping
unset syscall_string
unset syscall
unset file_to_edit
unset rule_to_edit
unset rule_syscalls_to_edit
unset other_string
unset auid_string
unset full_rule

# Load macro arguments into arrays
read -a syscall_a &lt;&lt;&lt; $SYSCALL
read -a syscall_grouping &lt;&lt;&lt; $SYSCALL_GROUPING

# Create a list of audit *.rules files that should be inspected for presence and correctness
# of a particular audit rule. The scheme is as follows:
#
# -----------------------------------------------------------------------------------------
#  Tool used to load audit rules | Rule already defined  |  Audit rules file to inspect    |
# -----------------------------------------------------------------------------------------
#        auditctl                |     Doesn't matter    |  /etc/audit/audit.rules         |
# -----------------------------------------------------------------------------------------
#        augenrules              |          Yes          |  /etc/audit/rules.d/*.rules     |
#        augenrules              |          No           |  /etc/audit/rules.d/$key.rules  |
# -----------------------------------------------------------------------------------------
#
files_to_inspect=()

# If audit tool is 'augenrules', then check if the audit rule is defined
# If rule is defined, add '/etc/audit/rules.d/*.rules' to the list for inspection
# If rule isn't defined yet, add '/etc/audit/rules.d/$key.rules' to the list for inspection
default_file="/etc/audit/rules.d/$KEY.rules"
# As other_filters may include paths, lets use a different delimiter for it
# The "F" script expression tells sed to print the filenames where the expressions matched
readarray -t files_to_inspect &lt; &lt;(sed -s -n -e "/^$ACTION_ARCH_FILTERS/!d" -e "\#$OTHER_FILTERS#!d" -e "/$AUID_FILTERS/!d" -e "F" /etc/audit/rules.d/*.rules)
# Case when particular rule isn't defined in /etc/audit/rules.d/*.rules yet
if [ ${#files_to_inspect[@]} -eq "0" ]
then
    file_to_inspect="/etc/audit/rules.d/$KEY.rules"
    files_to_inspect=("$file_to_inspect")
    if [ ! -e "$file_to_inspect" ]
    then
        touch "$file_to_inspect"
        chmod 0600 "$file_to_inspect"
    fi
fi

# After converting to jinja, we cannot return; therefore we skip the rest of the macro if needed instead
skip=1

for audit_file in "${files_to_inspect[@]}"
do
    # Filter existing $audit_file rules' definitions to select those that satisfy the rule pattern,
    # i.e, collect rules that match:
    # * the action, list and arch, (2-nd argument)
    # * the other filters, (3-rd argument)
    # * the auid filters, (4-rd argument)
    readarray -t similar_rules &lt; &lt;(sed -e "/^$ACTION_ARCH_FILTERS/!d"  -e "\#$OTHER_FILTERS#!d" -e "/$AUID_FILTERS/!d" "$audit_file")

    candidate_rules=()
    # Filter out rules that have more fields then required. This will remove rules more specific than the required scope
    for s_rule in "${similar_rules[@]}"
    do
        # Strip all the options and fields we know of,
        # than check if there was any field left over
        extra_fields=$(sed -E -e "s/^$ACTION_ARCH_FILTERS//"  -e "s#$OTHER_FILTERS##" -e "s/$AUID_FILTERS//" -e "s/((:?-S [[:alnum:],]+)+)//g" -e "s/-F key=\w+|-k \w+//"&lt;&lt;&lt; "$s_rule")
        grep -q -- "-F" &lt;&lt;&lt; "$extra_fields" || candidate_rules+=("$s_rule")
    done

    if [[ ${#syscall_a[@]} -ge 1 ]]
    then
        # Check if the syscall we want is present in any of the similar existing rules
        for rule in "${candidate_rules[@]}"
        do
            rule_syscalls=$(echo "$rule" | grep -o -P '(-S [\w,]+)+' | xargs)
            all_syscalls_found=0
            for syscall in "${syscall_a[@]}"
            do
                grep -q -- "\b${syscall}\b" &lt;&lt;&lt; "$rule_syscalls" || {
                   # A syscall was not found in the candidate rule
                   all_syscalls_found=1
                   }
            done
            if [[ $all_syscalls_found -eq 0 ]]
            then
                # We found a rule with all the syscall(s) we want; skip rest of macro
                skip=0
                break
            fi

            # Check if this rule can be grouped with our target syscall and keep track of it
            for syscall_g in "${syscall_grouping[@]}"
            do
                if grep -q -- "\b${syscall_g}\b" &lt;&lt;&lt; "$rule_syscalls"
                then
                    file_to_edit=${audit_file}
                    rule_to_edit=${rule}
                    rule_syscalls_to_edit=${rule_syscalls}
                fi
            done
        done
    else
        # If there is any candidate rule, it is compliant; skip rest of macro
        if [ "${#candidate_rules[@]}" -gt 0 ]
        then
            skip=0
        fi
    fi

    if [ "$skip" -eq 0 ]; then
        break
    fi
done

if [ "$skip" -ne 0 ]; then
    # We checked all rules that matched the expected resemblance pattern (action, arch &amp; auid)
    # At this point we know if we need to either append the $full_rule or group
    # the syscall together with an exsiting rule

    # Append the full_rule if it cannot be grouped to any other rule
    if [ -z ${rule_to_edit+x} ]
    then
        # Build full_rule while avoid adding double spaces when other_filters is empty
        if [ "${#syscall_a[@]}" -gt 0 ]
        then
            syscall_string=""
            for syscall in "${syscall_a[@]}"
            do
                syscall_string+=" -S $syscall"
            done
        fi
        other_string=$([[ $OTHER_FILTERS ]] &amp;&amp; echo " $OTHER_FILTERS") || /bin/true
        auid_string=$([[ $AUID_FILTERS ]] &amp;&amp; echo " $AUID_FILTERS") || /bin/true
        full_rule="$ACTION_ARCH_FILTERS${syscall_string}${other_string}${auid_string} -F key=$KEY" || /bin/true
        echo "$full_rule" &gt;&gt; "$default_file"
        chmod 0600 ${default_file}
    else
        # Check if the syscalls are declared as a comma separated list or
        # as multiple -S parameters
        if grep -q -- "," &lt;&lt;&lt; "${rule_syscalls_to_edit}"
        then
            delimiter=","
        else
            delimiter=" -S "
        fi
        new_grouped_syscalls="${rule_syscalls_to_edit}"
        for syscall in "${syscall_a[@]}"
        do
            grep -q -- "\b${syscall}\b" &lt;&lt;&lt; "${rule_syscalls_to_edit}" || {
               # A syscall was not found in the candidate rule
               new_grouped_syscalls+="${delimiter}${syscall}"
               }
        done

        # Group the syscall in the rule
        sed -i -e "\#${rule_to_edit}#s#${rule_syscalls_to_edit}#${new_grouped_syscalls}#" "$file_to_edit"
    fi
fi
unset syscall_a
unset syscall_grouping
unset syscall_string
unset syscall
unset file_to_edit
unset rule_to_edit
unset rule_syscalls_to_edit
unset other_string
unset auid_string
unset full_rule

# Load macro arguments into arrays
read -a syscall_a &lt;&lt;&lt; $SYSCALL
read -a syscall_grouping &lt;&lt;&lt; $SYSCALL_GROUPING

# Create a list of audit *.rules files that should be inspected for presence and correctness
# of a particular audit rule. The scheme is as follows:
#
# -----------------------------------------------------------------------------------------
#  Tool used to load audit rules | Rule already defined  |  Audit rules file to inspect    |
# -----------------------------------------------------------------------------------------
#        auditctl                |     Doesn't matter    |  /etc/audit/audit.rules         |
# -----------------------------------------------------------------------------------------
#        augenrules              |          Yes          |  /etc/audit/rules.d/*.rules     |
#        augenrules              |          No           |  /etc/audit/rules.d/$key.rules  |
# -----------------------------------------------------------------------------------------
#
files_to_inspect=()


# If audit tool is 'auditctl', then add '/etc/audit/audit.rules'
# file to the list of files to be inspected
default_file="/etc/audit/audit.rules"
files_to_inspect+=('/etc/audit/audit.rules' )

# After converting to jinja, we cannot return; therefore we skip the rest of the macro if needed instead
skip=1

for audit_file in "${files_to_inspect[@]}"
do
    # Filter existing $audit_file rules' definitions to select those that satisfy the rule pattern,
    # i.e, collect rules that match:
    # * the action, list and arch, (2-nd argument)
    # * the other filters, (3-rd argument)
    # * the auid filters, (4-rd argument)
    readarray -t similar_rules &lt; &lt;(sed -e "/^$ACTION_ARCH_FILTERS/!d"  -e "\#$OTHER_FILTERS#!d" -e "/$AUID_FILTERS/!d" "$audit_file")

    candidate_rules=()
    # Filter out rules that have more fields then required. This will remove rules more specific than the required scope
    for s_rule in "${similar_rules[@]}"
    do
        # Strip all the options and fields we know of,
        # than check if there was any field left over
        extra_fields=$(sed -E -e "s/^$ACTION_ARCH_FILTERS//"  -e "s#$OTHER_FILTERS##" -e "s/$AUID_FILTERS//" -e "s/((:?-S [[:alnum:],]+)+)//g" -e "s/-F key=\w+|-k \w+//"&lt;&lt;&lt; "$s_rule")
        grep -q -- "-F" &lt;&lt;&lt; "$extra_fields" || candidate_rules+=("$s_rule")
    done

    if [[ ${#syscall_a[@]} -ge 1 ]]
    then
        # Check if the syscall we want is present in any of the similar existing rules
        for rule in "${candidate_rules[@]}"
        do
            rule_syscalls=$(echo "$rule" | grep -o -P '(-S [\w,]+)+' | xargs)
            all_syscalls_found=0
            for syscall in "${syscall_a[@]}"
            do
                grep -q -- "\b${syscall}\b" &lt;&lt;&lt; "$rule_syscalls" || {
                   # A syscall was not found in the candidate rule
                   all_syscalls_found=1
                   }
            done
            if [[ $all_syscalls_found -eq 0 ]]
            then
                # We found a rule with all the syscall(s) we want; skip rest of macro
                skip=0
                break
            fi

            # Check if this rule can be grouped with our target syscall and keep track of it
            for syscall_g in "${syscall_grouping[@]}"
            do
                if grep -q -- "\b${syscall_g}\b" &lt;&lt;&lt; "$rule_syscalls"
                then
                    file_to_edit=${audit_file}
                    rule_to_edit=${rule}
                    rule_syscalls_to_edit=${rule_syscalls}
                fi
            done
        done
    else
        # If there is any candidate rule, it is compliant; skip rest of macro
        if [ "${#candidate_rules[@]}" -gt 0 ]
        then
            skip=0
        fi
    fi

    if [ "$skip" -eq 0 ]; then
        break
    fi
done

if [ "$skip" -ne 0 ]; then
    # We checked all rules that matched the expected resemblance pattern (action, arch &amp; auid)
    # At this point we know if we need to either append the $full_rule or group
    # the syscall together with an exsiting rule

    # Append the full_rule if it cannot be grouped to any other rule
    if [ -z ${rule_to_edit+x} ]
    then
        # Build full_rule while avoid adding double spaces when other_filters is empty
        if [ "${#syscall_a[@]}" -gt 0 ]
        then
            syscall_string=""
            for syscall in "${syscall_a[@]}"
            do
                syscall_string+=" -S $syscall"
            done
        fi
        other_string=$([[ $OTHER_FILTERS ]] &amp;&amp; echo " $OTHER_FILTERS") || /bin/true
        auid_string=$([[ $AUID_FILTERS ]] &amp;&amp; echo " $AUID_FILTERS") || /bin/true
        full_rule="$ACTION_ARCH_FILTERS${syscall_string}${other_string}${auid_string} -F key=$KEY" || /bin/true
        echo "$full_rule" &gt;&gt; "$default_file"
        chmod 0600 ${default_file}
    else
        # Check if the syscalls are declared as a comma separated list or
        # as multiple -S parameters
        if grep -q -- "," &lt;&lt;&lt; "${rule_syscalls_to_edit}"
        then
            delimiter=","
        else
            delimiter=" -S "
        fi
        new_grouped_syscalls="${rule_syscalls_to_edit}"
        for syscall in "${syscall_a[@]}"
        do
            grep -q -- "\b${syscall}\b" &lt;&lt;&lt; "${rule_syscalls_to_edit}" || {
               # A syscall was not found in the candidate rule
               new_grouped_syscalls+="${delimiter}${syscall}"
               }
        done

        # Group the syscall in the rule
        sed -i -e "\#${rule_to_edit}#s#${rule_syscalls_to_edit}#${new_grouped_syscalls}#" "$file_to_edit"
    fi
fi

else
    &gt;&amp;2 echo 'Remediation is not applicable, nothing was done'
fi
</fix>
          <fix xmlns:xhtml="http://www.w3.org/1999/xhtml" id="audit_rules_execution_chacl" system="urn:xccdf:fix:script:ansible" complexity="low" disruption="low" strategy="restrict">- name: Gather the package facts
  package_facts:
    manager: auto
  tags:
  - CCE-85595-7
  - DISA-STIG-SLES-15-030440
  - audit_rules_execution_chacl
  - low_complexity
  - low_disruption
  - medium_severity
  - no_reboot_needed
  - restrict_strategy

- name: Record Any Attempts to Run chacl - Perform remediation of Audit rules for
    /usr/bin/chacl
  block:

  - name: Declare list of syscalls
    ansible.builtin.set_fact:
      syscalls: []
      syscall_grouping: []

  - name: Check existence of  in /etc/audit/rules.d/
    ansible.builtin.find:
      paths: /etc/audit/rules.d
      contains: -a always,exit(( -S |,)\w+)*(( -S |,){{ item }})+(( -S |,)\w+)* -F
        path=/usr/bin/chacl -F perm=x -F auid&gt;=1000 -F auid!=unset (-k\s+|-F\s+key=)\S+\s*$
      patterns: '*.rules'
    register: find_command
    loop: '{{ (syscall_grouping + syscalls) | unique }}'

  - name: Reset syscalls found per file
    ansible.builtin.set_fact:
      syscalls_per_file: {}
      found_paths_dict: {}

  - name: Declare syscalls found per file
    ansible.builtin.set_fact: syscalls_per_file="{{ syscalls_per_file | combine( {item.files[0].path
      :[item.item] + syscalls_per_file.get(item.files[0].path, []) } ) }}"
    loop: '{{ find_command.results | selectattr(''matched'') | list }}'

  - name: Declare files where syscalls were found
    ansible.builtin.set_fact: found_paths="{{ find_command.results | map(attribute='files')
      | flatten | map(attribute='path') | list }}"

  - name: Count occurrences of syscalls in paths
    ansible.builtin.set_fact: found_paths_dict="{{ found_paths_dict | combine({ item:1+found_paths_dict.get(item,
      0) }) }}"
    loop: '{{ find_command.results | map(attribute=''files'') | flatten | map(attribute=''path'')
      | list }}'

  - name: Get path with most syscalls
    ansible.builtin.set_fact: audit_file="{{ (found_paths_dict | dict2items() | sort(attribute='value')
      | last).key }}"
    when: found_paths | length &gt;= 1

  - name: No file with syscall found, set path to /etc/audit/rules.d/privileged.rules
    ansible.builtin.set_fact: audit_file="/etc/audit/rules.d/privileged.rules"
    when: found_paths | length == 0

  - name: Declare found syscalls
    ansible.builtin.set_fact: syscalls_found="{{ find_command.results | selectattr('matched')
      | map(attribute='item') | list }}"

  - name: Declare missing syscalls
    ansible.builtin.set_fact: missing_syscalls="{{ syscalls | difference(syscalls_found)
      }}"

  - name: Replace the audit rule in {{ audit_file }}
    ansible.builtin.lineinfile:
      path: '{{ audit_file }}'
      regexp: (-a always,exit)(?=.*(?:(?:-S |,)(?:{{ syscalls_per_file[audit_file]
        | join("|") }}))\b)((?:( -S |,)\w+)+)( -F path=/usr/bin/chacl -F perm=x -F
        auid&gt;=1000 -F auid!=unset (?:-k |-F key=)\w+)
      line: \1\2\3{{ missing_syscalls | join("\3") }}\4
      backrefs: true
      state: present
      mode: g-rwx,o-rwx
    when: syscalls_found | length &gt; 0 and missing_syscalls | length &gt; 0

  - name: Add the audit rule to {{ audit_file }}
    ansible.builtin.lineinfile:
      path: '{{ audit_file }}'
      line: -a always,exit{{ syscalls | join(',') }} -F path=/usr/bin/chacl -F perm=x
        -F auid&gt;=1000 -F auid!=unset -F key=privileged
      create: true
      mode: g-rwx,o-rwx
      state: present
    when: syscalls_found | length == 0

  - name: Declare list of syscalls
    ansible.builtin.set_fact:
      syscalls: []
      syscall_grouping: []

  - name: Check existence of  in /etc/audit/audit.rules
    ansible.builtin.find:
      paths: /etc/audit
      contains: -a always,exit(( -S |,)\w+)*(( -S |,){{ item }})+(( -S |,)\w+)* -F
        path=/usr/bin/chacl -F perm=x -F auid&gt;=1000 -F auid!=unset (-k\s+|-F\s+key=)\S+\s*$
      patterns: audit.rules
    register: find_command
    loop: '{{ (syscall_grouping + syscalls) | unique }}'

  - name: Set path to /etc/audit/audit.rules
    ansible.builtin.set_fact: audit_file="/etc/audit/audit.rules"

  - name: Declare found syscalls
    ansible.builtin.set_fact: syscalls_found="{{ find_command.results | selectattr('matched')
      | map(attribute='item') | list }}"

  - name: Declare missing syscalls
    ansible.builtin.set_fact: missing_syscalls="{{ syscalls | difference(syscalls_found)
      }}"

  - name: Replace the audit rule in {{ audit_file }}
    ansible.builtin.lineinfile:
      path: '{{ audit_file }}'
      regexp: (-a always,exit)(?=.*(?:(?:-S |,)(?:{{ syscalls_found | join("|") }}))\b)((?:(
        -S |,)\w+)+)( -F path=/usr/bin/chacl -F perm=x -F auid&gt;=1000 -F auid!=unset
        (?:-k |-F key=)\w+)
      line: \1\2\3{{ missing_syscalls | join("\3") }}\4
      backrefs: true
      state: present
      mode: g-rwx,o-rwx
    when: syscalls_found | length &gt; 0 and missing_syscalls | length &gt; 0

  - name: Add the audit rule to {{ audit_file }}
    ansible.builtin.lineinfile:
      path: '{{ audit_file }}'
      line: -a always,exit{{ syscalls | join(',') }} -F path=/usr/bin/chacl -F perm=x
        -F auid&gt;=1000 -F auid!=unset -F key=privileged
      create: true
      mode: g-rwx,o-rwx
      state: present
    when: syscalls_found | length == 0
  when:
  - '"audit" in ansible_facts.packages'
  - ("kernel-default" in ansible_facts.packages or "kernel-default-base" in ansible_facts.packages)
  tags:
  - CCE-85595-7
  - DISA-STIG-SLES-15-030440
  - audit_rules_execution_chacl
  - low_complexity
  - low_disruption
  - medium_severity
  - no_reboot_needed
  - restrict_strategy
</fix>
          <check system="http://oval.mitre.org/XMLSchema/oval-definitions-5">
            <check-content-ref name="oval:ssg-audit_rules_execution_chacl:def:1" href="ssg-sle15-oval.xml"/>
          </check>
          <check system="http://scap.nist.gov/schema/ocil/2">
            <check-content-ref name="ocil:ssg-audit_rules_execution_chacl_ocil:questionnaire:1" href="ssg-sle15-ocil.xml"/>
          </check>
        </Rule>
        <Rule id="xccdf_org.ssgproject.content_rule_audit_rules_execution_chmod" selected="false" role="full" severity="medium">
          <title xmlns:xhtml="http://www.w3.org/1999/xhtml" xml:lang="en-US">Record Any Attempts to Run chmod</title>
          <description xmlns:xhtml="http://www.w3.org/1999/xhtml" xml:lang="en-US">


At a minimum, the audit system should collect the execution of privileged
commands for all users and root.

If the <html:code xmlns:html="http://www.w3.org/1999/xhtml">auditd</html:code> daemon is configured to use the <html:code xmlns:html="http://www.w3.org/1999/xhtml">augenrules</html:code>
program to read audit rules during daemon startup (the default), add
a line of the following form to a file with suffix <html:code xmlns:html="http://www.w3.org/1999/xhtml">.rules</html:code>
in the directory <html:code xmlns:html="http://www.w3.org/1999/xhtml">/etc/audit/rules.d</html:code>:
<html:pre xmlns:html="http://www.w3.org/1999/xhtml">-a always,exit -F path=/usr/bin/chmod -F perm=x -F auid&gt;=1000 -F auid!=unset -F key=privileged</html:pre>

If the <html:code xmlns:html="http://www.w3.org/1999/xhtml">auditd</html:code> daemon is configured to use the <html:code xmlns:html="http://www.w3.org/1999/xhtml">auditctl</html:code>
utility to read audit rules during daemon startup, add a line of the
following form to <html:code xmlns:html="http://www.w3.org/1999/xhtml">/etc/audit/audit.rules</html:code>:
<html:pre xmlns:html="http://www.w3.org/1999/xhtml">-a always,exit -F path=/usr/bin/chmod -F perm=x -F auid&gt;=1000 -F auid!=unset -F key=privileged</html:pre>
       </description>
          <reference href="https://www.cyber.mil/stigs/downloads/?_dl_facet_stigs=operating-systems%2Cgeneral-purpose-os">SRG-OS-000037-GPOS-00015</reference>
          <reference href="https://www.cyber.mil/stigs/downloads/?_dl_facet_stigs=operating-systems%2Cgeneral-purpose-os">SRG-OS-000062-GPOS-00031</reference>
          <reference href="https://www.cyber.mil/stigs/downloads/?_dl_facet_stigs=operating-systems%2Cgeneral-purpose-os">SRG-OS-000392-GPOS-00172</reference>
          <reference href="https://www.cyber.mil/stigs/downloads/?_dl_facet_stigs=operating-systems%2Cgeneral-purpose-os">SRG-OS-000462-GPOS-00206</reference>
          <reference href="https://www.cyber.mil/stigs/downloads/?_dl_facet_stigs=operating-systems%2Cgeneral-purpose-os">SRG-OS-000471-GPOS-00215</reference>
          <reference href="https://www.cyber.mil/stigs/downloads/?_dl_facet_stigs=operating-systems%2Cunix-linux">SLES-15-030420</reference>
          <reference href="https://www.cyber.mil/stigs/srg-stig-tools/">SV-234941r958412_rule</reference>
          <rationale xmlns:xhtml="http://www.w3.org/1999/xhtml" xml:lang="en-US">Without generating audit records that are specific to the security and
mission needs of the organization, it would be difficult to establish,
correlate, and investigate the events relating to an incident or identify
those responsible for one.

Audit records can be generated from various components within the
information system (e.g., module or policy filter).</rationale>
          <ident system="https://ncp.nist.gov/cce">CCE-85593-2</ident>
          <fix xmlns:xhtml="http://www.w3.org/1999/xhtml" id="audit_rules_execution_chmod" system="urn:xccdf:fix:script:sh"># Remediation is applicable only in certain platforms
if rpm --quiet -q audit &amp;&amp; rpm --quiet -q kernel-default || rpm --quiet -q kernel-default-base; then

# Retrieve hardware architecture of the underlying system
OTHER_FILTERS="-F path=/usr/bin/chmod -F perm=x"
AUID_FILTERS="-F auid&gt;=1000 -F auid!=unset"
SYSCALL=""
KEY="privileged"
SYSCALL_GROUPING=""


ACTION_ARCH_FILTERS="-a always,exit"
# Perform the remediation for both possible tools: 'auditctl' and 'augenrules'
unset syscall_a
unset syscall_grouping
unset syscall_string
unset syscall
unset file_to_edit
unset rule_to_edit
unset rule_syscalls_to_edit
unset other_string
unset auid_string
unset full_rule

# Load macro arguments into arrays
read -a syscall_a &lt;&lt;&lt; $SYSCALL
read -a syscall_grouping &lt;&lt;&lt; $SYSCALL_GROUPING

# Create a list of audit *.rules files that should be inspected for presence and correctness
# of a particular audit rule. The scheme is as follows:
#
# -----------------------------------------------------------------------------------------
#  Tool used to load audit rules | Rule already defined  |  Audit rules file to inspect    |
# -----------------------------------------------------------------------------------------
#        auditctl                |     Doesn't matter    |  /etc/audit/audit.rules         |
# -----------------------------------------------------------------------------------------
#        augenrules              |          Yes          |  /etc/audit/rules.d/*.rules     |
#        augenrules              |          No           |  /etc/audit/rules.d/$key.rules  |
# -----------------------------------------------------------------------------------------
#
files_to_inspect=()

# If audit tool is 'augenrules', then check if the audit rule is defined
# If rule is defined, add '/etc/audit/rules.d/*.rules' to the list for inspection
# If rule isn't defined yet, add '/etc/audit/rules.d/$key.rules' to the list for inspection
default_file="/etc/audit/rules.d/$KEY.rules"
# As other_filters may include paths, lets use a different delimiter for it
# The "F" script expression tells sed to print the filenames where the expressions matched
readarray -t files_to_inspect &lt; &lt;(sed -s -n -e "/^$ACTION_ARCH_FILTERS/!d" -e "\#$OTHER_FILTERS#!d" -e "/$AUID_FILTERS/!d" -e "F" /etc/audit/rules.d/*.rules)
# Case when particular rule isn't defined in /etc/audit/rules.d/*.rules yet
if [ ${#files_to_inspect[@]} -eq "0" ]
then
    file_to_inspect="/etc/audit/rules.d/$KEY.rules"
    files_to_inspect=("$file_to_inspect")
    if [ ! -e "$file_to_inspect" ]
    then
        touch "$file_to_inspect"
        chmod 0600 "$file_to_inspect"
    fi
fi

# After converting to jinja, we cannot return; therefore we skip the rest of the macro if needed instead
skip=1

for audit_file in "${files_to_inspect[@]}"
do
    # Filter existing $audit_file rules' definitions to select those that satisfy the rule pattern,
    # i.e, collect rules that match:
    # * the action, list and arch, (2-nd argument)
    # * the other filters, (3-rd argument)
    # * the auid filters, (4-rd argument)
    readarray -t similar_rules &lt; &lt;(sed -e "/^$ACTION_ARCH_FILTERS/!d"  -e "\#$OTHER_FILTERS#!d" -e "/$AUID_FILTERS/!d" "$audit_file")

    candidate_rules=()
    # Filter out rules that have more fields then required. This will remove rules more specific than the required scope
    for s_rule in "${similar_rules[@]}"
    do
        # Strip all the options and fields we know of,
        # than check if there was any field left over
        extra_fields=$(sed -E -e "s/^$ACTION_ARCH_FILTERS//"  -e "s#$OTHER_FILTERS##" -e "s/$AUID_FILTERS//" -e "s/((:?-S [[:alnum:],]+)+)//g" -e "s/-F key=\w+|-k \w+//"&lt;&lt;&lt; "$s_rule")
        grep -q -- "-F" &lt;&lt;&lt; "$extra_fields" || candidate_rules+=("$s_rule")
    done

    if [[ ${#syscall_a[@]} -ge 1 ]]
    then
        # Check if the syscall we want is present in any of the similar existing rules
        for rule in "${candidate_rules[@]}"
        do
            rule_syscalls=$(echo "$rule" | grep -o -P '(-S [\w,]+)+' | xargs)
            all_syscalls_found=0
            for syscall in "${syscall_a[@]}"
            do
                grep -q -- "\b${syscall}\b" &lt;&lt;&lt; "$rule_syscalls" || {
                   # A syscall was not found in the candidate rule
                   all_syscalls_found=1
                   }
            done
            if [[ $all_syscalls_found -eq 0 ]]
            then
                # We found a rule with all the syscall(s) we want; skip rest of macro
                skip=0
                break
            fi

            # Check if this rule can be grouped with our target syscall and keep track of it
            for syscall_g in "${syscall_grouping[@]}"
            do
                if grep -q -- "\b${syscall_g}\b" &lt;&lt;&lt; "$rule_syscalls"
                then
                    file_to_edit=${audit_file}
                    rule_to_edit=${rule}
                    rule_syscalls_to_edit=${rule_syscalls}
                fi
            done
        done
    else
        # If there is any candidate rule, it is compliant; skip rest of macro
        if [ "${#candidate_rules[@]}" -gt 0 ]
        then
            skip=0
        fi
    fi

    if [ "$skip" -eq 0 ]; then
        break
    fi
done

if [ "$skip" -ne 0 ]; then
    # We checked all rules that matched the expected resemblance pattern (action, arch &amp; auid)
    # At this point we know if we need to either append the $full_rule or group
    # the syscall together with an exsiting rule

    # Append the full_rule if it cannot be grouped to any other rule
    if [ -z ${rule_to_edit+x} ]
    then
        # Build full_rule while avoid adding double spaces when other_filters is empty
        if [ "${#syscall_a[@]}" -gt 0 ]
        then
            syscall_string=""
            for syscall in "${syscall_a[@]}"
            do
                syscall_string+=" -S $syscall"
            done
        fi
        other_string=$([[ $OTHER_FILTERS ]] &amp;&amp; echo " $OTHER_FILTERS") || /bin/true
        auid_string=$([[ $AUID_FILTERS ]] &amp;&amp; echo " $AUID_FILTERS") || /bin/true
        full_rule="$ACTION_ARCH_FILTERS${syscall_string}${other_string}${auid_string} -F key=$KEY" || /bin/true
        echo "$full_rule" &gt;&gt; "$default_file"
        chmod 0600 ${default_file}
    else
        # Check if the syscalls are declared as a comma separated list or
        # as multiple -S parameters
        if grep -q -- "," &lt;&lt;&lt; "${rule_syscalls_to_edit}"
        then
            delimiter=","
        else
            delimiter=" -S "
        fi
        new_grouped_syscalls="${rule_syscalls_to_edit}"
        for syscall in "${syscall_a[@]}"
        do
            grep -q -- "\b${syscall}\b" &lt;&lt;&lt; "${rule_syscalls_to_edit}" || {
               # A syscall was not found in the candidate rule
               new_grouped_syscalls+="${delimiter}${syscall}"
               }
        done

        # Group the syscall in the rule
        sed -i -e "\#${rule_to_edit}#s#${rule_syscalls_to_edit}#${new_grouped_syscalls}#" "$file_to_edit"
    fi
fi
unset syscall_a
unset syscall_grouping
unset syscall_string
unset syscall
unset file_to_edit
unset rule_to_edit
unset rule_syscalls_to_edit
unset other_string
unset auid_string
unset full_rule

# Load macro arguments into arrays
read -a syscall_a &lt;&lt;&lt; $SYSCALL
read -a syscall_grouping &lt;&lt;&lt; $SYSCALL_GROUPING

# Create a list of audit *.rules files that should be inspected for presence and correctness
# of a particular audit rule. The scheme is as follows:
#
# -----------------------------------------------------------------------------------------
#  Tool used to load audit rules | Rule already defined  |  Audit rules file to inspect    |
# -----------------------------------------------------------------------------------------
#        auditctl                |     Doesn't matter    |  /etc/audit/audit.rules         |
# -----------------------------------------------------------------------------------------
#        augenrules              |          Yes          |  /etc/audit/rules.d/*.rules     |
#        augenrules              |          No           |  /etc/audit/rules.d/$key.rules  |
# -----------------------------------------------------------------------------------------
#
files_to_inspect=()


# If audit tool is 'auditctl', then add '/etc/audit/audit.rules'
# file to the list of files to be inspected
default_file="/etc/audit/audit.rules"
files_to_inspect+=('/etc/audit/audit.rules' )

# After converting to jinja, we cannot return; therefore we skip the rest of the macro if needed instead
skip=1

for audit_file in "${files_to_inspect[@]}"
do
    # Filter existing $audit_file rules' definitions to select those that satisfy the rule pattern,
    # i.e, collect rules that match:
    # * the action, list and arch, (2-nd argument)
    # * the other filters, (3-rd argument)
    # * the auid filters, (4-rd argument)
    readarray -t similar_rules &lt; &lt;(sed -e "/^$ACTION_ARCH_FILTERS/!d"  -e "\#$OTHER_FILTERS#!d" -e "/$AUID_FILTERS/!d" "$audit_file")

    candidate_rules=()
    # Filter out rules that have more fields then required. This will remove rules more specific than the required scope
    for s_rule in "${similar_rules[@]}"
    do
        # Strip all the options and fields we know of,
        # than check if there was any field left over
        extra_fields=$(sed -E -e "s/^$ACTION_ARCH_FILTERS//"  -e "s#$OTHER_FILTERS##" -e "s/$AUID_FILTERS//" -e "s/((:?-S [[:alnum:],]+)+)//g" -e "s/-F key=\w+|-k \w+//"&lt;&lt;&lt; "$s_rule")
        grep -q -- "-F" &lt;&lt;&lt; "$extra_fields" || candidate_rules+=("$s_rule")
    done

    if [[ ${#syscall_a[@]} -ge 1 ]]
    then
        # Check if the syscall we want is present in any of the similar existing rules
        for rule in "${candidate_rules[@]}"
        do
            rule_syscalls=$(echo "$rule" | grep -o -P '(-S [\w,]+)+' | xargs)
            all_syscalls_found=0
            for syscall in "${syscall_a[@]}"
            do
                grep -q -- "\b${syscall}\b" &lt;&lt;&lt; "$rule_syscalls" || {
                   # A syscall was not found in the candidate rule
                   all_syscalls_found=1
                   }
            done
            if [[ $all_syscalls_found -eq 0 ]]
            then
                # We found a rule with all the syscall(s) we want; skip rest of macro
                skip=0
                break
            fi

            # Check if this rule can be grouped with our target syscall and keep track of it
            for syscall_g in "${syscall_grouping[@]}"
            do
                if grep -q -- "\b${syscall_g}\b" &lt;&lt;&lt; "$rule_syscalls"
                then
                    file_to_edit=${audit_file}
                    rule_to_edit=${rule}
                    rule_syscalls_to_edit=${rule_syscalls}
                fi
            done
        done
    else
        # If there is any candidate rule, it is compliant; skip rest of macro
        if [ "${#candidate_rules[@]}" -gt 0 ]
        then
            skip=0
        fi
    fi

    if [ "$skip" -eq 0 ]; then
        break
    fi
done

if [ "$skip" -ne 0 ]; then
    # We checked all rules that matched the expected resemblance pattern (action, arch &amp; auid)
    # At this point we know if we need to either append the $full_rule or group
    # the syscall together with an exsiting rule

    # Append the full_rule if it cannot be grouped to any other rule
    if [ -z ${rule_to_edit+x} ]
    then
        # Build full_rule while avoid adding double spaces when other_filters is empty
        if [ "${#syscall_a[@]}" -gt 0 ]
        then
            syscall_string=""
            for syscall in "${syscall_a[@]}"
            do
                syscall_string+=" -S $syscall"
            done
        fi
        other_string=$([[ $OTHER_FILTERS ]] &amp;&amp; echo " $OTHER_FILTERS") || /bin/true
        auid_string=$([[ $AUID_FILTERS ]] &amp;&amp; echo " $AUID_FILTERS") || /bin/true
        full_rule="$ACTION_ARCH_FILTERS${syscall_string}${other_string}${auid_string} -F key=$KEY" || /bin/true
        echo "$full_rule" &gt;&gt; "$default_file"
        chmod 0600 ${default_file}
    else
        # Check if the syscalls are declared as a comma separated list or
        # as multiple -S parameters
        if grep -q -- "," &lt;&lt;&lt; "${rule_syscalls_to_edit}"
        then
            delimiter=","
        else
            delimiter=" -S "
        fi
        new_grouped_syscalls="${rule_syscalls_to_edit}"
        for syscall in "${syscall_a[@]}"
        do
            grep -q -- "\b${syscall}\b" &lt;&lt;&lt; "${rule_syscalls_to_edit}" || {
               # A syscall was not found in the candidate rule
               new_grouped_syscalls+="${delimiter}${syscall}"
               }
        done

        # Group the syscall in the rule
        sed -i -e "\#${rule_to_edit}#s#${rule_syscalls_to_edit}#${new_grouped_syscalls}#" "$file_to_edit"
    fi
fi

else
    &gt;&amp;2 echo 'Remediation is not applicable, nothing was done'
fi
</fix>
          <fix xmlns:xhtml="http://www.w3.org/1999/xhtml" id="audit_rules_execution_chmod" system="urn:xccdf:fix:script:ansible" complexity="low" disruption="low" strategy="restrict">- name: Gather the package facts
  package_facts:
    manager: auto
  tags:
  - CCE-85593-2
  - DISA-STIG-SLES-15-030420
  - audit_rules_execution_chmod
  - low_complexity
  - low_disruption
  - medium_severity
  - no_reboot_needed
  - restrict_strategy

- name: Record Any Attempts to Run chmod - Perform remediation of Audit rules for
    /usr/bin/chmod
  block:

  - name: Declare list of syscalls
    ansible.builtin.set_fact:
      syscalls: []
      syscall_grouping: []

  - name: Check existence of  in /etc/audit/rules.d/
    ansible.builtin.find:
      paths: /etc/audit/rules.d
      contains: -a always,exit(( -S |,)\w+)*(( -S |,){{ item }})+(( -S |,)\w+)* -F
        path=/usr/bin/chmod -F perm=x -F auid&gt;=1000 -F auid!=unset (-k\s+|-F\s+key=)\S+\s*$
      patterns: '*.rules'
    register: find_command
    loop: '{{ (syscall_grouping + syscalls) | unique }}'

  - name: Reset syscalls found per file
    ansible.builtin.set_fact:
      syscalls_per_file: {}
      found_paths_dict: {}

  - name: Declare syscalls found per file
    ansible.builtin.set_fact: syscalls_per_file="{{ syscalls_per_file | combine( {item.files[0].path
      :[item.item] + syscalls_per_file.get(item.files[0].path, []) } ) }}"
    loop: '{{ find_command.results | selectattr(''matched'') | list }}'

  - name: Declare files where syscalls were found
    ansible.builtin.set_fact: found_paths="{{ find_command.results | map(attribute='files')
      | flatten | map(attribute='path') | list }}"

  - name: Count occurrences of syscalls in paths
    ansible.builtin.set_fact: found_paths_dict="{{ found_paths_dict | combine({ item:1+found_paths_dict.get(item,
      0) }) }}"
    loop: '{{ find_command.results | map(attribute=''files'') | flatten | map(attribute=''path'')
      | list }}'

  - name: Get path with most syscalls
    ansible.builtin.set_fact: audit_file="{{ (found_paths_dict | dict2items() | sort(attribute='value')
      | last).key }}"
    when: found_paths | length &gt;= 1

  - name: No file with syscall found, set path to /etc/audit/rules.d/privileged.rules
    ansible.builtin.set_fact: audit_file="/etc/audit/rules.d/privileged.rules"
    when: found_paths | length == 0

  - name: Declare found syscalls
    ansible.builtin.set_fact: syscalls_found="{{ find_command.results | selectattr('matched')
      | map(attribute='item') | list }}"

  - name: Declare missing syscalls
    ansible.builtin.set_fact: missing_syscalls="{{ syscalls | difference(syscalls_found)
      }}"

  - name: Replace the audit rule in {{ audit_file }}
    ansible.builtin.lineinfile:
      path: '{{ audit_file }}'
      regexp: (-a always,exit)(?=.*(?:(?:-S |,)(?:{{ syscalls_per_file[audit_file]
        | join("|") }}))\b)((?:( -S |,)\w+)+)( -F path=/usr/bin/chmod -F perm=x -F
        auid&gt;=1000 -F auid!=unset (?:-k |-F key=)\w+)
      line: \1\2\3{{ missing_syscalls | join("\3") }}\4
      backrefs: true
      state: present
      mode: g-rwx,o-rwx
    when: syscalls_found | length &gt; 0 and missing_syscalls | length &gt; 0

  - name: Add the audit rule to {{ audit_file }}
    ansible.builtin.lineinfile:
      path: '{{ audit_file }}'
      line: -a always,exit{{ syscalls | join(',') }} -F path=/usr/bin/chmod -F perm=x
        -F auid&gt;=1000 -F auid!=unset -F key=privileged
      create: true
      mode: g-rwx,o-rwx
      state: present
    when: syscalls_found | length == 0

  - name: Declare list of syscalls
    ansible.builtin.set_fact:
      syscalls: []
      syscall_grouping: []

  - name: Check existence of  in /etc/audit/audit.rules
    ansible.builtin.find:
      paths: /etc/audit
      contains: -a always,exit(( -S |,)\w+)*(( -S |,){{ item }})+(( -S |,)\w+)* -F
        path=/usr/bin/chmod -F perm=x -F auid&gt;=1000 -F auid!=unset (-k\s+|-F\s+key=)\S+\s*$
      patterns: audit.rules
    register: find_command
    loop: '{{ (syscall_grouping + syscalls) | unique }}'

  - name: Set path to /etc/audit/audit.rules
    ansible.builtin.set_fact: audit_file="/etc/audit/audit.rules"

  - name: Declare found syscalls
    ansible.builtin.set_fact: syscalls_found="{{ find_command.results | selectattr('matched')
      | map(attribute='item') | list }}"

  - name: Declare missing syscalls
    ansible.builtin.set_fact: missing_syscalls="{{ syscalls | difference(syscalls_found)
      }}"

  - name: Replace the audit rule in {{ audit_file }}
    ansible.builtin.lineinfile:
      path: '{{ audit_file }}'
      regexp: (-a always,exit)(?=.*(?:(?:-S |,)(?:{{ syscalls_found | join("|") }}))\b)((?:(
        -S |,)\w+)+)( -F path=/usr/bin/chmod -F perm=x -F auid&gt;=1000 -F auid!=unset
        (?:-k |-F key=)\w+)
      line: \1\2\3{{ missing_syscalls | join("\3") }}\4
      backrefs: true
      state: present
      mode: g-rwx,o-rwx
    when: syscalls_found | length &gt; 0 and missing_syscalls | length &gt; 0

  - name: Add the audit rule to {{ audit_file }}
    ansible.builtin.lineinfile:
      path: '{{ audit_file }}'
      line: -a always,exit{{ syscalls | join(',') }} -F path=/usr/bin/chmod -F perm=x
        -F auid&gt;=1000 -F auid!=unset -F key=privileged
      create: true
      mode: g-rwx,o-rwx
      state: present
    when: syscalls_found | length == 0
  when:
  - '"audit" in ansible_facts.packages'
  - ("kernel-default" in ansible_facts.packages or "kernel-default-base" in ansible_facts.packages)
  tags:
  - CCE-85593-2
  - DISA-STIG-SLES-15-030420
  - audit_rules_execution_chmod
  - low_complexity
  - low_disruption
  - medium_severity
  - no_reboot_needed
  - restrict_strategy
</fix>
          <check system="http://oval.mitre.org/XMLSchema/oval-definitions-5">
            <check-content-ref name="oval:ssg-audit_rules_execution_chmod:def:1" href="ssg-sle15-oval.xml"/>
          </check>
          <check system="http://scap.nist.gov/schema/ocil/2">
            <check-content-ref name="ocil:ssg-audit_rules_execution_chmod_ocil:questionnaire:1" href="ssg-sle15-ocil.xml"/>
          </check>
        </Rule>
        <Rule id="xccdf_org.ssgproject.content_rule_audit_rules_execution_setfacl" selected="false" role="full" severity="medium">
          <title xmlns:xhtml="http://www.w3.org/1999/xhtml" xml:lang="en-US">Record Any Attempts to Run setfacl</title>
          <description xmlns:xhtml="http://www.w3.org/1999/xhtml" xml:lang="en-US">


At a minimum, the audit system should collect the execution of privileged
commands for all users and root.

If the <html:code xmlns:html="http://www.w3.org/1999/xhtml">auditd</html:code> daemon is configured to use the <html:code xmlns:html="http://www.w3.org/1999/xhtml">augenrules</html:code>
program to read audit rules during daemon startup (the default), add
a line of the following form to a file with suffix <html:code xmlns:html="http://www.w3.org/1999/xhtml">.rules</html:code>
in the directory <html:code xmlns:html="http://www.w3.org/1999/xhtml">/etc/audit/rules.d</html:code>:
<html:pre xmlns:html="http://www.w3.org/1999/xhtml">-a always,exit -F path=/usr/bin/setfacl -F perm=x -F auid&gt;=1000 -F auid!=unset -F key=privileged</html:pre>

If the <html:code xmlns:html="http://www.w3.org/1999/xhtml">auditd</html:code> daemon is configured to use the <html:code xmlns:html="http://www.w3.org/1999/xhtml">auditctl</html:code>
utility to read audit rules during daemon startup, add a line of the
following form to <html:code xmlns:html="http://www.w3.org/1999/xhtml">/etc/audit/audit.rules</html:code>:
<html:pre xmlns:html="http://www.w3.org/1999/xhtml">-a always,exit -F path=/usr/bin/setfacl -F perm=x -F auid&gt;=1000 -F auid!=unset -F key=privileged</html:pre>
       </description>
          <reference href="https://www.cyber.mil/stigs/downloads/?_dl_facet_stigs=operating-systems%2Cgeneral-purpose-os">SRG-OS-000037-GPOS-00015</reference>
          <reference href="https://www.cyber.mil/stigs/downloads/?_dl_facet_stigs=operating-systems%2Cgeneral-purpose-os">SRG-OS-000042-GPOS-00020</reference>
          <reference href="https://www.cyber.mil/stigs/downloads/?_dl_facet_stigs=operating-systems%2Cgeneral-purpose-os">SRG-OS-000062-GPOS-00031</reference>
          <reference href="https://www.cyber.mil/stigs/downloads/?_dl_facet_stigs=operating-systems%2Cgeneral-purpose-os">SRG-OS-000392-GPOS-00172</reference>
          <reference href="https://www.cyber.mil/stigs/downloads/?_dl_facet_stigs=operating-systems%2Cgeneral-purpose-os">SRG-OS-000462-GPOS-00206</reference>
          <reference href="https://www.cyber.mil/stigs/downloads/?_dl_facet_stigs=operating-systems%2Cgeneral-purpose-os">SRG-OS-000471-GPOS-00215</reference>
          <reference href="https://www.cyber.mil/stigs/downloads/?_dl_facet_stigs=app-security">SRG-APP-000495-CTR-001235</reference>
          <reference href="https://www.cyber.mil/stigs/downloads/?_dl_facet_stigs=operating-systems%2Cunix-linux">SLES-15-030430</reference>
          <reference href="not_publicly_available">SLES-15-750450360</reference>
          <reference href="https://www.cyber.mil/stigs/srg-stig-tools/">SV-234942r958412_rule</reference>
          <rationale xmlns:xhtml="http://www.w3.org/1999/xhtml" xml:lang="en-US">Without generating audit records that are specific to the security and
mission needs of the organization, it would be difficult to establish,
correlate, and investigate the events relating to an incident or identify
those responsible for one.
Audit records can be generated from various components within the
information system (e.g., module or policy filter).</rationale>
          <ident system="https://ncp.nist.gov/cce">CCE-85594-0</ident>
          <fix xmlns:xhtml="http://www.w3.org/1999/xhtml" id="audit_rules_execution_setfacl" system="urn:xccdf:fix:script:sh"># Remediation is applicable only in certain platforms
if rpm --quiet -q audit &amp;&amp; rpm --quiet -q kernel-default || rpm --quiet -q kernel-default-base; then

# Retrieve hardware architecture of the underlying system
OTHER_FILTERS="-F path=/usr/bin/setfacl -F perm=x"
AUID_FILTERS="-F auid&gt;=1000 -F auid!=unset"
SYSCALL=""
KEY="privileged"
SYSCALL_GROUPING=""


ACTION_ARCH_FILTERS="-a always,exit"
# Perform the remediation for both possible tools: 'auditctl' and 'augenrules'
unset syscall_a
unset syscall_grouping
unset syscall_string
unset syscall
unset file_to_edit
unset rule_to_edit
unset rule_syscalls_to_edit
unset other_string
unset auid_string
unset full_rule

# Load macro arguments into arrays
read -a syscall_a &lt;&lt;&lt; $SYSCALL
read -a syscall_grouping &lt;&lt;&lt; $SYSCALL_GROUPING

# Create a list of audit *.rules files that should be inspected for presence and correctness
# of a particular audit rule. The scheme is as follows:
#
# -----------------------------------------------------------------------------------------
#  Tool used to load audit rules | Rule already defined  |  Audit rules file to inspect    |
# -----------------------------------------------------------------------------------------
#        auditctl                |     Doesn't matter    |  /etc/audit/audit.rules         |
# -----------------------------------------------------------------------------------------
#        augenrules              |          Yes          |  /etc/audit/rules.d/*.rules     |
#        augenrules              |          No           |  /etc/audit/rules.d/$key.rules  |
# -----------------------------------------------------------------------------------------
#
files_to_inspect=()

# If audit tool is 'augenrules', then check if the audit rule is defined
# If rule is defined, add '/etc/audit/rules.d/*.rules' to the list for inspection
# If rule isn't defined yet, add '/etc/audit/rules.d/$key.rules' to the list for inspection
default_file="/etc/audit/rules.d/$KEY.rules"
# As other_filters may include paths, lets use a different delimiter for it
# The "F" script expression tells sed to print the filenames where the expressions matched
readarray -t files_to_inspect &lt; &lt;(sed -s -n -e "/^$ACTION_ARCH_FILTERS/!d" -e "\#$OTHER_FILTERS#!d" -e "/$AUID_FILTERS/!d" -e "F" /etc/audit/rules.d/*.rules)
# Case when particular rule isn't defined in /etc/audit/rules.d/*.rules yet
if [ ${#files_to_inspect[@]} -eq "0" ]
then
    file_to_inspect="/etc/audit/rules.d/$KEY.rules"
    files_to_inspect=("$file_to_inspect")
    if [ ! -e "$file_to_inspect" ]
    then
        touch "$file_to_inspect"
        chmod 0600 "$file_to_inspect"
    fi
fi

# After converting to jinja, we cannot return; therefore we skip the rest of the macro if needed instead
skip=1

for audit_file in "${files_to_inspect[@]}"
do
    # Filter existing $audit_file rules' definitions to select those that satisfy the rule pattern,
    # i.e, collect rules that match:
    # * the action, list and arch, (2-nd argument)
    # * the other filters, (3-rd argument)
    # * the auid filters, (4-rd argument)
    readarray -t similar_rules &lt; &lt;(sed -e "/^$ACTION_ARCH_FILTERS/!d"  -e "\#$OTHER_FILTERS#!d" -e "/$AUID_FILTERS/!d" "$audit_file")

    candidate_rules=()
    # Filter out rules that have more fields then required. This will remove rules more specific than the required scope
    for s_rule in "${similar_rules[@]}"
    do
        # Strip all the options and fields we know of,
        # than check if there was any field left over
        extra_fields=$(sed -E -e "s/^$ACTION_ARCH_FILTERS//"  -e "s#$OTHER_FILTERS##" -e "s/$AUID_FILTERS//" -e "s/((:?-S [[:alnum:],]+)+)//g" -e "s/-F key=\w+|-k \w+//"&lt;&lt;&lt; "$s_rule")
        grep -q -- "-F" &lt;&lt;&lt; "$extra_fields" || candidate_rules+=("$s_rule")
    done

    if [[ ${#syscall_a[@]} -ge 1 ]]
    then
        # Check if the syscall we want is present in any of the similar existing rules
        for rule in "${candidate_rules[@]}"
        do
            rule_syscalls=$(echo "$rule" | grep -o -P '(-S [\w,]+)+' | xargs)
            all_syscalls_found=0
            for syscall in "${syscall_a[@]}"
            do
                grep -q -- "\b${syscall}\b" &lt;&lt;&lt; "$rule_syscalls" || {
                   # A syscall was not found in the candidate rule
                   all_syscalls_found=1
                   }
            done
            if [[ $all_syscalls_found -eq 0 ]]
            then
                # We found a rule with all the syscall(s) we want; skip rest of macro
                skip=0
                break
            fi

            # Check if this rule can be grouped with our target syscall and keep track of it
            for syscall_g in "${syscall_grouping[@]}"
            do
                if grep -q -- "\b${syscall_g}\b" &lt;&lt;&lt; "$rule_syscalls"
                then
                    file_to_edit=${audit_file}
                    rule_to_edit=${rule}
                    rule_syscalls_to_edit=${rule_syscalls}
                fi
            done
        done
    else
        # If there is any candidate rule, it is compliant; skip rest of macro
        if [ "${#candidate_rules[@]}" -gt 0 ]
        then
            skip=0
        fi
    fi

    if [ "$skip" -eq 0 ]; then
        break
    fi
done

if [ "$skip" -ne 0 ]; then
    # We checked all rules that matched the expected resemblance pattern (action, arch &amp; auid)
    # At this point we know if we need to either append the $full_rule or group
    # the syscall together with an exsiting rule

    # Append the full_rule if it cannot be grouped to any other rule
    if [ -z ${rule_to_edit+x} ]
    then
        # Build full_rule while avoid adding double spaces when other_filters is empty
        if [ "${#syscall_a[@]}" -gt 0 ]
        then
            syscall_string=""
            for syscall in "${syscall_a[@]}"
            do
                syscall_string+=" -S $syscall"
            done
        fi
        other_string=$([[ $OTHER_FILTERS ]] &amp;&amp; echo " $OTHER_FILTERS") || /bin/true
        auid_string=$([[ $AUID_FILTERS ]] &amp;&amp; echo " $AUID_FILTERS") || /bin/true
        full_rule="$ACTION_ARCH_FILTERS${syscall_string}${other_string}${auid_string} -F key=$KEY" || /bin/true
        echo "$full_rule" &gt;&gt; "$default_file"
        chmod 0600 ${default_file}
    else
        # Check if the syscalls are declared as a comma separated list or
        # as multiple -S parameters
        if grep -q -- "," &lt;&lt;&lt; "${rule_syscalls_to_edit}"
        then
            delimiter=","
        else
            delimiter=" -S "
        fi
        new_grouped_syscalls="${rule_syscalls_to_edit}"
        for syscall in "${syscall_a[@]}"
        do
            grep -q -- "\b${syscall}\b" &lt;&lt;&lt; "${rule_syscalls_to_edit}" || {
               # A syscall was not found in the candidate rule
               new_grouped_syscalls+="${delimiter}${syscall}"
               }
        done

        # Group the syscall in the rule
        sed -i -e "\#${rule_to_edit}#s#${rule_syscalls_to_edit}#${new_grouped_syscalls}#" "$file_to_edit"
    fi
fi
unset syscall_a
unset syscall_grouping
unset syscall_string
unset syscall
unset file_to_edit
unset rule_to_edit
unset rule_syscalls_to_edit
unset other_string
unset auid_string
unset full_rule

# Load macro arguments into arrays
read -a syscall_a &lt;&lt;&lt; $SYSCALL
read -a syscall_grouping &lt;&lt;&lt; $SYSCALL_GROUPING

# Create a list of audit *.rules files that should be inspected for presence and correctness
# of a particular audit rule. The scheme is as follows:
#
# -----------------------------------------------------------------------------------------
#  Tool used to load audit rules | Rule already defined  |  Audit rules file to inspect    |
# -----------------------------------------------------------------------------------------
#        auditctl                |     Doesn't matter    |  /etc/audit/audit.rules         |
# -----------------------------------------------------------------------------------------
#        augenrules              |          Yes          |  /etc/audit/rules.d/*.rules     |
#        augenrules              |          No           |  /etc/audit/rules.d/$key.rules  |
# -----------------------------------------------------------------------------------------
#
files_to_inspect=()


# If audit tool is 'auditctl', then add '/etc/audit/audit.rules'
# file to the list of files to be inspected
default_file="/etc/audit/audit.rules"
files_to_inspect+=('/etc/audit/audit.rules' )

# After converting to jinja, we cannot return; therefore we skip the rest of the macro if needed instead
skip=1

for audit_file in "${files_to_inspect[@]}"
do
    # Filter existing $audit_file rules' definitions to select those that satisfy the rule pattern,
    # i.e, collect rules that match:
    # * the action, list and arch, (2-nd argument)
    # * the other filters, (3-rd argument)
    # * the auid filters, (4-rd argument)
    readarray -t similar_rules &lt; &lt;(sed -e "/^$ACTION_ARCH_FILTERS/!d"  -e "\#$OTHER_FILTERS#!d" -e "/$AUID_FILTERS/!d" "$audit_file")

    candidate_rules=()
    # Filter out rules that have more fields then required. This will remove rules more specific than the required scope
    for s_rule in "${similar_rules[@]}"
    do
        # Strip all the options and fields we know of,
        # than check if there was any field left over
        extra_fields=$(sed -E -e "s/^$ACTION_ARCH_FILTERS//"  -e "s#$OTHER_FILTERS##" -e "s/$AUID_FILTERS//" -e "s/((:?-S [[:alnum:],]+)+)//g" -e "s/-F key=\w+|-k \w+//"&lt;&lt;&lt; "$s_rule")
        grep -q -- "-F" &lt;&lt;&lt; "$extra_fields" || candidate_rules+=("$s_rule")
    done

    if [[ ${#syscall_a[@]} -ge 1 ]]
    then
        # Check if the syscall we want is present in any of the similar existing rules
        for rule in "${candidate_rules[@]}"
        do
            rule_syscalls=$(echo "$rule" | grep -o -P '(-S [\w,]+)+' | xargs)
            all_syscalls_found=0
            for syscall in "${syscall_a[@]}"
            do
                grep -q -- "\b${syscall}\b" &lt;&lt;&lt; "$rule_syscalls" || {
                   # A syscall was not found in the candidate rule
                   all_syscalls_found=1
                   }
            done
            if [[ $all_syscalls_found -eq 0 ]]
            then
                # We found a rule with all the syscall(s) we want; skip rest of macro
                skip=0
                break
            fi

            # Check if this rule can be grouped with our target syscall and keep track of it
            for syscall_g in "${syscall_grouping[@]}"
            do
                if grep -q -- "\b${syscall_g}\b" &lt;&lt;&lt; "$rule_syscalls"
                then
                    file_to_edit=${audit_file}
                    rule_to_edit=${rule}
                    rule_syscalls_to_edit=${rule_syscalls}
                fi
            done
        done
    else
        # If there is any candidate rule, it is compliant; skip rest of macro
        if [ "${#candidate_rules[@]}" -gt 0 ]
        then
            skip=0
        fi
    fi

    if [ "$skip" -eq 0 ]; then
        break
    fi
done

if [ "$skip" -ne 0 ]; then
    # We checked all rules that matched the expected resemblance pattern (action, arch &amp; auid)
    # At this point we know if we need to either append the $full_rule or group
    # the syscall together with an exsiting rule

    # Append the full_rule if it cannot be grouped to any other rule
    if [ -z ${rule_to_edit+x} ]
    then
        # Build full_rule while avoid adding double spaces when other_filters is empty
        if [ "${#syscall_a[@]}" -gt 0 ]
        then
            syscall_string=""
            for syscall in "${syscall_a[@]}"
            do
                syscall_string+=" -S $syscall"
            done
        fi
        other_string=$([[ $OTHER_FILTERS ]] &amp;&amp; echo " $OTHER_FILTERS") || /bin/true
        auid_string=$([[ $AUID_FILTERS ]] &amp;&amp; echo " $AUID_FILTERS") || /bin/true
        full_rule="$ACTION_ARCH_FILTERS${syscall_string}${other_string}${auid_string} -F key=$KEY" || /bin/true
        echo "$full_rule" &gt;&gt; "$default_file"
        chmod 0600 ${default_file}
    else
        # Check if the syscalls are declared as a comma separated list or
        # as multiple -S parameters
        if grep -q -- "," &lt;&lt;&lt; "${rule_syscalls_to_edit}"
        then
            delimiter=","
        else
            delimiter=" -S "
        fi
        new_grouped_syscalls="${rule_syscalls_to_edit}"
        for syscall in "${syscall_a[@]}"
        do
            grep -q -- "\b${syscall}\b" &lt;&lt;&lt; "${rule_syscalls_to_edit}" || {
               # A syscall was not found in the candidate rule
               new_grouped_syscalls+="${delimiter}${syscall}"
               }
        done

        # Group the syscall in the rule
        sed -i -e "\#${rule_to_edit}#s#${rule_syscalls_to_edit}#${new_grouped_syscalls}#" "$file_to_edit"
    fi
fi

else
    &gt;&amp;2 echo 'Remediation is not applicable, nothing was done'
fi
</fix>
          <fix xmlns:xhtml="http://www.w3.org/1999/xhtml" id="audit_rules_execution_setfacl" system="urn:xccdf:fix:script:ansible" complexity="low" disruption="low" strategy="restrict">- name: Gather the package facts
  package_facts:
    manager: auto
  tags:
  - CCE-85594-0
  - DISA-STIG-SLES-15-030430
  - audit_rules_execution_setfacl
  - low_complexity
  - low_disruption
  - medium_severity
  - no_reboot_needed
  - restrict_strategy

- name: Record Any Attempts to Run setfacl - Perform remediation of Audit rules for
    /usr/bin/setfacl
  block:

  - name: Declare list of syscalls
    ansible.builtin.set_fact:
      syscalls: []
      syscall_grouping: []

  - name: Check existence of  in /etc/audit/rules.d/
    ansible.builtin.find:
      paths: /etc/audit/rules.d
      contains: -a always,exit(( -S |,)\w+)*(( -S |,){{ item }})+(( -S |,)\w+)* -F
        path=/usr/bin/setfacl -F perm=x -F auid&gt;=1000 -F auid!=unset (-k\s+|-F\s+key=)\S+\s*$
      patterns: '*.rules'
    register: find_command
    loop: '{{ (syscall_grouping + syscalls) | unique }}'

  - name: Reset syscalls found per file
    ansible.builtin.set_fact:
      syscalls_per_file: {}
      found_paths_dict: {}

  - name: Declare syscalls found per file
    ansible.builtin.set_fact: syscalls_per_file="{{ syscalls_per_file | combine( {item.files[0].path
      :[item.item] + syscalls_per_file.get(item.files[0].path, []) } ) }}"
    loop: '{{ find_command.results | selectattr(''matched'') | list }}'

  - name: Declare files where syscalls were found
    ansible.builtin.set_fact: found_paths="{{ find_command.results | map(attribute='files')
      | flatten | map(attribute='path') | list }}"

  - name: Count occurrences of syscalls in paths
    ansible.builtin.set_fact: found_paths_dict="{{ found_paths_dict | combine({ item:1+found_paths_dict.get(item,
      0) }) }}"
    loop: '{{ find_command.results | map(attribute=''files'') | flatten | map(attribute=''path'')
      | list }}'

  - name: Get path with most syscalls
    ansible.builtin.set_fact: audit_file="{{ (found_paths_dict | dict2items() | sort(attribute='value')
      | last).key }}"
    when: found_paths | length &gt;= 1

  - name: No file with syscall found, set path to /etc/audit/rules.d/privileged.rules
    ansible.builtin.set_fact: audit_file="/etc/audit/rules.d/privileged.rules"
    when: found_paths | length == 0

  - name: Declare found syscalls
    ansible.builtin.set_fact: syscalls_found="{{ find_command.results | selectattr('matched')
      | map(attribute='item') | list }}"

  - name: Declare missing syscalls
    ansible.builtin.set_fact: missing_syscalls="{{ syscalls | difference(syscalls_found)
      }}"

  - name: Replace the audit rule in {{ audit_file }}
    ansible.builtin.lineinfile:
      path: '{{ audit_file }}'
      regexp: (-a always,exit)(?=.*(?:(?:-S |,)(?:{{ syscalls_per_file[audit_file]
        | join("|") }}))\b)((?:( -S |,)\w+)+)( -F path=/usr/bin/setfacl -F perm=x
        -F auid&gt;=1000 -F auid!=unset (?:-k |-F key=)\w+)
      line: \1\2\3{{ missing_syscalls | join("\3") }}\4
      backrefs: true
      state: present
      mode: g-rwx,o-rwx
    when: syscalls_found | length &gt; 0 and missing_syscalls | length &gt; 0

  - name: Add the audit rule to {{ audit_file }}
    ansible.builtin.lineinfile:
      path: '{{ audit_file }}'
      line: -a always,exit{{ syscalls | join(',') }} -F path=/usr/bin/setfacl -F perm=x
        -F auid&gt;=1000 -F auid!=unset -F key=privileged
      create: true
      mode: g-rwx,o-rwx
      state: present
    when: syscalls_found | length == 0

  - name: Declare list of syscalls
    ansible.builtin.set_fact:
      syscalls: []
      syscall_grouping: []

  - name: Check existence of  in /etc/audit/audit.rules
    ansible.builtin.find:
      paths: /etc/audit
      contains: -a always,exit(( -S |,)\w+)*(( -S |,){{ item }})+(( -S |,)\w+)* -F
        path=/usr/bin/setfacl -F perm=x -F auid&gt;=1000 -F auid!=unset (-k\s+|-F\s+key=)\S+\s*$
      patterns: audit.rules
    register: find_command
    loop: '{{ (syscall_grouping + syscalls) | unique }}'

  - name: Set path to /etc/audit/audit.rules
    ansible.builtin.set_fact: audit_file="/etc/audit/audit.rules"

  - name: Declare found syscalls
    ansible.builtin.set_fact: syscalls_found="{{ find_command.results | selectattr('matched')
      | map(attribute='item') | list }}"

  - name: Declare missing syscalls
    ansible.builtin.set_fact: missing_syscalls="{{ syscalls | difference(syscalls_found)
      }}"

  - name: Replace the audit rule in {{ audit_file }}
    ansible.builtin.lineinfile:
      path: '{{ audit_file }}'
      regexp: (-a always,exit)(?=.*(?:(?:-S |,)(?:{{ syscalls_found | join("|") }}))\b)((?:(
        -S |,)\w+)+)( -F path=/usr/bin/setfacl -F perm=x -F auid&gt;=1000 -F auid!=unset
        (?:-k |-F key=)\w+)
      line: \1\2\3{{ missing_syscalls | join("\3") }}\4
      backrefs: true
      state: present
      mode: g-rwx,o-rwx
    when: syscalls_found | length &gt; 0 and missing_syscalls | length &gt; 0

  - name: Add the audit rule to {{ audit_file }}
    ansible.builtin.lineinfile:
      path: '{{ audit_file }}'
      line: -a always,exit{{ syscalls | join(',') }} -F path=/usr/bin/setfacl -F perm=x
        -F auid&gt;=1000 -F auid!=unset -F key=privileged
      create: true
      mode: g-rwx,o-rwx
      state: present
    when: syscalls_found | length == 0
  when:
  - '"audit" in ansible_facts.packages'
  - ("kernel-default" in ansible_facts.packages or "kernel-default-base" in ansible_facts.packages)
  tags:
  - CCE-85594-0
  - DISA-STIG-SLES-15-030430
  - audit_rules_execution_setfacl
  - low_complexity
  - low_disruption
  - medium_severity
  - no_reboot_needed
  - restrict_strategy
</fix>
          <check system="http://oval.mitre.org/XMLSchema/oval-definitions-5">
            <check-content-ref name="oval:ssg-audit_rules_execution_setfacl:def:1" href="ssg-sle15-oval.xml"/>
          </check>
          <check system="http://scap.nist.gov/schema/ocil/2">
            <check-content-ref name="ocil:ssg-audit_rules_execution_setfacl_ocil:questionnaire:1" href="ssg-sle15-ocil.xml"/>
          </check>
        </Rule>
      </Group>
      <Group id="xccdf_org.ssgproject.content_group_audit_execution_selinux_commands">
        <title xmlns:xhtml="http://www.w3.org/1999/xhtml" xml:lang="en-US">Record Execution Attempts to Run SELinux Privileged Commands</title>
        <description xmlns:xhtml="http://www.w3.org/1999/xhtml" xml:lang="en-US">At a minimum, the audit system should collect the execution of
SELinux privileged commands for all users and root.</description>
        <Rule id="xccdf_org.ssgproject.content_rule_audit_rules_execution_chcon" selected="false" role="full" severity="medium">
          <title xmlns:xhtml="http://www.w3.org/1999/xhtml" xml:lang="en-US">Record Any Attempts to Run chcon</title>
          <description xmlns:xhtml="http://www.w3.org/1999/xhtml" xml:lang="en-US">


At a minimum, the audit system should collect the execution of privileged
commands for all users and root.

If the <html:code xmlns:html="http://www.w3.org/1999/xhtml">auditd</html:code> daemon is configured to use the <html:code xmlns:html="http://www.w3.org/1999/xhtml">augenrules</html:code>
program to read audit rules during daemon startup (the default), add
a line of the following form to a file with suffix <html:code xmlns:html="http://www.w3.org/1999/xhtml">.rules</html:code>
in the directory <html:code xmlns:html="http://www.w3.org/1999/xhtml">/etc/audit/rules.d</html:code>:
<html:pre xmlns:html="http://www.w3.org/1999/xhtml">-a always,exit -F path=/usr/bin/chcon -F perm=x -F auid&gt;=1000 -F auid!=unset -F key=privileged</html:pre>

If the <html:code xmlns:html="http://www.w3.org/1999/xhtml">auditd</html:code> daemon is configured to use the <html:code xmlns:html="http://www.w3.org/1999/xhtml">auditctl</html:code>
utility to read audit rules during daemon startup, add a line of the
following form to <html:code xmlns:html="http://www.w3.org/1999/xhtml">/etc/audit/audit.rules</html:code>:
<html:pre xmlns:html="http://www.w3.org/1999/xhtml">-a always,exit -F path=/usr/bin/chcon -F perm=x -F auid&gt;=1000 -F auid!=unset -F key=privileged</html:pre>
       </description>
          <reference href="https://www.cisecurity.org/controls/">1</reference>
          <reference href="https://www.cisecurity.org/controls/">12</reference>
          <reference href="https://www.cisecurity.org/controls/">13</reference>
          <reference href="https://www.cisecurity.org/controls/">14</reference>
          <reference href="https://www.cisecurity.org/controls/">15</reference>
          <reference href="https://www.cisecurity.org/controls/">16</reference>
          <reference href="https://www.cisecurity.org/controls/">2</reference>
          <reference href="https://www.cisecurity.org/controls/">3</reference>
          <reference href="https://www.cisecurity.org/controls/">5</reference>
          <reference href="https://www.cisecurity.org/controls/">6</reference>
          <reference href="https://www.cisecurity.org/controls/">7</reference>
          <reference href="https://www.cisecurity.org/controls/">8</reference>
          <reference href="https://www.cisecurity.org/controls/">9</reference>
          <reference href="https://www.isaca.org/resources/cobit">APO10.01</reference>
          <reference href="https://www.isaca.org/resources/cobit">APO10.03</reference>
          <reference href="https://www.isaca.org/resources/cobit">APO10.04</reference>
          <reference href="https://www.isaca.org/resources/cobit">APO10.05</reference>
          <reference href="https://www.isaca.org/resources/cobit">APO11.04</reference>
          <reference href="https://www.isaca.org/resources/cobit">BAI03.05</reference>
          <reference href="https://www.isaca.org/resources/cobit">DSS01.03</reference>
          <reference href="https://www.isaca.org/resources/cobit">DSS03.05</reference>
          <reference href="https://www.isaca.org/resources/cobit">DSS05.02</reference>
          <reference href="https://www.isaca.org/resources/cobit">DSS05.04</reference>
          <reference href="https://www.isaca.org/resources/cobit">DSS05.05</reference>
          <reference href="https://www.isaca.org/resources/cobit">DSS05.07</reference>
          <reference href="https://www.isaca.org/resources/cobit">MEA01.01</reference>
          <reference href="https://www.isaca.org/resources/cobit">MEA01.02</reference>
          <reference href="https://www.isaca.org/resources/cobit">MEA01.03</reference>
          <reference href="https://www.isaca.org/resources/cobit">MEA01.04</reference>
          <reference href="https://www.isaca.org/resources/cobit">MEA01.05</reference>
          <reference href="https://www.isaca.org/resources/cobit">MEA02.01</reference>
          <reference href="http://nvlpubs.nist.gov/nistpubs/SpecialPublications/NIST.SP.800-171.pdf">3.1.7</reference>
          <reference href="https://www.gpo.gov/fdsys/pkg/CFR-2007-title45-vol1/pdf/CFR-2007-title45-vol1-chapA-subchapC.pdf">164.308(a)(1)(ii)(D)</reference>
          <reference href="https://www.gpo.gov/fdsys/pkg/CFR-2007-title45-vol1/pdf/CFR-2007-title45-vol1-chapA-subchapC.pdf">164.308(a)(3)(ii)(A)</reference>
          <reference href="https://www.gpo.gov/fdsys/pkg/CFR-2007-title45-vol1/pdf/CFR-2007-title45-vol1-chapA-subchapC.pdf">164.308(a)(5)(ii)(C)</reference>
          <reference href="https://www.gpo.gov/fdsys/pkg/CFR-2007-title45-vol1/pdf/CFR-2007-title45-vol1-chapA-subchapC.pdf">164.312(a)(2)(i)</reference>
          <reference href="https://www.gpo.gov/fdsys/pkg/CFR-2007-title45-vol1/pdf/CFR-2007-title45-vol1-chapA-subchapC.pdf">164.312(b)</reference>
          <reference href="https://www.gpo.gov/fdsys/pkg/CFR-2007-title45-vol1/pdf/CFR-2007-title45-vol1-chapA-subchapC.pdf">164.312(d)</reference>
          <reference href="https://www.gpo.gov/fdsys/pkg/CFR-2007-title45-vol1/pdf/CFR-2007-title45-vol1-chapA-subchapC.pdf">164.312(e)</reference>
          <reference href="https://www.isa.org/products/isa-62443-2-1-2009-security-for-industrial-automat">4.3.2.6.7</reference>
          <reference href="https://www.isa.org/products/isa-62443-2-1-2009-security-for-industrial-automat">4.3.3.3.9</reference>
          <reference href="https://www.isa.org/products/isa-62443-2-1-2009-security-for-industrial-automat">4.3.3.5.8</reference>
          <reference href="https://www.isa.org/products/isa-62443-2-1-2009-security-for-industrial-automat">4.3.4.4.7</reference>
          <reference href="https://www.isa.org/products/isa-62443-2-1-2009-security-for-industrial-automat">4.4.2.1</reference>
          <reference href="https://www.isa.org/products/isa-62443-2-1-2009-security-for-industrial-automat">4.4.2.2</reference>
          <reference href="https://www.isa.org/products/isa-62443-2-1-2009-security-for-industrial-automat">4.4.2.4</reference>
          <reference href="https://www.isa.org/products/ansi-isa-62443-3-3-99-03-03-2013-security-for-indu">SR 2.10</reference>
          <reference href="https://www.isa.org/products/ansi-isa-62443-3-3-99-03-03-2013-security-for-indu">SR 2.11</reference>
          <reference href="https://www.isa.org/products/ansi-isa-62443-3-3-99-03-03-2013-security-for-indu">SR 2.12</reference>
          <reference href="https://www.isa.org/products/ansi-isa-62443-3-3-99-03-03-2013-security-for-indu">SR 2.8</reference>
          <reference href="https://www.isa.org/products/ansi-isa-62443-3-3-99-03-03-2013-security-for-indu">SR 2.9</reference>
          <reference href="https://www.isa.org/products/ansi-isa-62443-3-3-99-03-03-2013-security-for-indu">SR 6.1</reference>
          <reference href="https://www.isa.org/products/ansi-isa-62443-3-3-99-03-03-2013-security-for-indu">SR 6.2</reference>
          <reference href="https://www.iso.org/contents/data/standard/05/45/54534.html">A.12.4.1</reference>
          <reference href="https://www.iso.org/contents/data/standard/05/45/54534.html">A.12.4.2</reference>
          <reference href="https://www.iso.org/contents/data/standard/05/45/54534.html">A.12.4.3</reference>
          <reference href="https://www.iso.org/contents/data/standard/05/45/54534.html">A.12.4.4</reference>
          <reference href="https://www.iso.org/contents/data/standard/05/45/54534.html">A.12.7.1</reference>
          <reference href="https://www.iso.org/contents/data/standard/05/45/54534.html">A.14.2.7</reference>
          <reference href="https://www.iso.org/contents/data/standard/05/45/54534.html">A.15.2.1</reference>
          <reference href="https://www.iso.org/contents/data/standard/05/45/54534.html">A.15.2.2</reference>
          <reference href="http://nvlpubs.nist.gov/nistpubs/SpecialPublications/NIST.SP.800-53r4.pdf">AU-3</reference>
          <reference href="http://nvlpubs.nist.gov/nistpubs/SpecialPublications/NIST.SP.800-53r4.pdf">AU-3.1</reference>
          <reference href="http://nvlpubs.nist.gov/nistpubs/SpecialPublications/NIST.SP.800-53r4.pdf">AU-12(a)</reference>
          <reference href="http://nvlpubs.nist.gov/nistpubs/SpecialPublications/NIST.SP.800-53r4.pdf">AU-12.1(ii)AU-12.1(iv)</reference>
          <reference href="http://nvlpubs.nist.gov/nistpubs/SpecialPublications/NIST.SP.800-53r4.pdf">MA-4(1)(a)</reference>
          <reference href="https://nvlpubs.nist.gov/nistpubs/CSWP/NIST.CSWP.04162018.pdf">DE.CM-1</reference>
          <reference href="https://nvlpubs.nist.gov/nistpubs/CSWP/NIST.CSWP.04162018.pdf">DE.CM-3</reference>
          <reference href="https://nvlpubs.nist.gov/nistpubs/CSWP/NIST.CSWP.04162018.pdf">DE.CM-7</reference>
          <reference href="https://nvlpubs.nist.gov/nistpubs/CSWP/NIST.CSWP.04162018.pdf">ID.SC-4</reference>
          <reference href="https://nvlpubs.nist.gov/nistpubs/CSWP/NIST.CSWP.04162018.pdf">PR.PT-1</reference>
          <reference href="https://www.cyber.mil/stigs/downloads/?_dl_facet_stigs=operating-systems%2Cgeneral-purpose-os">SRG-OS-000037-GPOS-00015</reference>
          <reference href="https://www.cyber.mil/stigs/downloads/?_dl_facet_stigs=operating-systems%2Cgeneral-purpose-os">SRG-OS-000042-GPOS-00020</reference>
          <reference href="https://www.cyber.mil/stigs/downloads/?_dl_facet_stigs=operating-systems%2Cgeneral-purpose-os">SRG-OS-000062-GPOS-00031</reference>
          <reference href="https://www.cyber.mil/stigs/downloads/?_dl_facet_stigs=operating-systems%2Cgeneral-purpose-os">SRG-OS-000392-GPOS-00172</reference>
          <reference href="https://www.cyber.mil/stigs/downloads/?_dl_facet_stigs=operating-systems%2Cgeneral-purpose-os">SRG-OS-000462-GPOS-00206</reference>
          <reference href="https://www.cyber.mil/stigs/downloads/?_dl_facet_stigs=operating-systems%2Cgeneral-purpose-os">SRG-OS-000468-GPOS-00212</reference>
          <reference href="https://www.cyber.mil/stigs/downloads/?_dl_facet_stigs=operating-systems%2Cgeneral-purpose-os">SRG-OS-000471-GPOS-00215</reference>
          <reference href="https://www.cyber.mil/stigs/downloads/?_dl_facet_stigs=operating-systems%2Cgeneral-purpose-os">SRG-OS-000463-GPOS-00207</reference>
          <reference href="https://www.cyber.mil/stigs/downloads/?_dl_facet_stigs=operating-systems%2Cgeneral-purpose-os">SRG-OS-000465-GPOS-00209</reference>
          <reference href="https://www.cyber.mil/stigs/downloads/?_dl_facet_stigs=app-security">SRG-APP-000495-CTR-001235</reference>
          <reference href="https://www.cyber.mil/stigs/downloads/?_dl_facet_stigs=app-security">SRG-APP-000496-CTR-001240</reference>
          <reference href="https://www.cyber.mil/stigs/downloads/?_dl_facet_stigs=app-security">SRG-APP-000497-CTR-001245</reference>
          <reference href="https://www.cyber.mil/stigs/downloads/?_dl_facet_stigs=app-security">SRG-APP-000498-CTR-001250</reference>
          <reference href="https://www.cyber.mil/stigs/downloads/?_dl_facet_stigs=app-security">SRG-APP-000501-CTR-001265</reference>
          <reference href="https://www.cyber.mil/stigs/downloads/?_dl_facet_stigs=app-security">SRG-APP-000502-CTR-001270</reference>
          <reference href="https://www.cyber.mil/stigs/downloads/?_dl_facet_stigs=operating-systems%2Cunix-linux">SLES-15-030450</reference>
          <reference href="not_publicly_available">SLES-15-750450345</reference>
          <reference href="https://www.cyber.gov.au/acsc/view-all-content/ism">0582</reference>
          <reference href="https://www.cyber.mil/stigs/srg-stig-tools/">SV-234944r958412_rule</reference>
          <rationale xmlns:xhtml="http://www.w3.org/1999/xhtml" xml:lang="en-US">Misuse of privileged functions, either intentionally or unintentionally by
authorized users, or by unauthorized external entities that have compromised system accounts,
is a serious and ongoing concern and can have significant adverse impacts on organizations.
Auditing the use of privileged functions is one way to detect such misuse and identify
the risk from insider and advanced persistent threats.
<html:br xmlns:html="http://www.w3.org/1999/xhtml"/>
        <html:br xmlns:html="http://www.w3.org/1999/xhtml"/>
Privileged programs are subject to escalation-of-privilege attacks,
which attempt to subvert their normal role of providing some necessary but
limited capability. As such, motivation exists to monitor these programs for
unusual activity.</rationale>
          <ident system="https://ncp.nist.gov/cce">CCE-85716-9</ident>
          <fix xmlns:xhtml="http://www.w3.org/1999/xhtml" id="audit_rules_execution_chcon" system="urn:xccdf:fix:script:sh"># Remediation is applicable only in certain platforms
if rpm --quiet -q audit &amp;&amp; rpm --quiet -q kernel-default || rpm --quiet -q kernel-default-base; then

# Retrieve hardware architecture of the underlying system
OTHER_FILTERS="-F path=/usr/bin/chcon -F perm=x"
AUID_FILTERS="-F auid&gt;=1000 -F auid!=unset"
SYSCALL=""
KEY="privileged"
SYSCALL_GROUPING=""


ACTION_ARCH_FILTERS="-a always,exit"
# Perform the remediation for both possible tools: 'auditctl' and 'augenrules'
unset syscall_a
unset syscall_grouping
unset syscall_string
unset syscall
unset file_to_edit
unset rule_to_edit
unset rule_syscalls_to_edit
unset other_string
unset auid_string
unset full_rule

# Load macro arguments into arrays
read -a syscall_a &lt;&lt;&lt; $SYSCALL
read -a syscall_grouping &lt;&lt;&lt; $SYSCALL_GROUPING

# Create a list of audit *.rules files that should be inspected for presence and correctness
# of a particular audit rule. The scheme is as follows:
#
# -----------------------------------------------------------------------------------------
#  Tool used to load audit rules | Rule already defined  |  Audit rules file to inspect    |
# -----------------------------------------------------------------------------------------
#        auditctl                |     Doesn't matter    |  /etc/audit/audit.rules         |
# -----------------------------------------------------------------------------------------
#        augenrules              |          Yes          |  /etc/audit/rules.d/*.rules     |
#        augenrules              |          No           |  /etc/audit/rules.d/$key.rules  |
# -----------------------------------------------------------------------------------------
#
files_to_inspect=()

# If audit tool is 'augenrules', then check if the audit rule is defined
# If rule is defined, add '/etc/audit/rules.d/*.rules' to the list for inspection
# If rule isn't defined yet, add '/etc/audit/rules.d/$key.rules' to the list for inspection
default_file="/etc/audit/rules.d/$KEY.rules"
# As other_filters may include paths, lets use a different delimiter for it
# The "F" script expression tells sed to print the filenames where the expressions matched
readarray -t files_to_inspect &lt; &lt;(sed -s -n -e "/^$ACTION_ARCH_FILTERS/!d" -e "\#$OTHER_FILTERS#!d" -e "/$AUID_FILTERS/!d" -e "F" /etc/audit/rules.d/*.rules)
# Case when particular rule isn't defined in /etc/audit/rules.d/*.rules yet
if [ ${#files_to_inspect[@]} -eq "0" ]
then
    file_to_inspect="/etc/audit/rules.d/$KEY.rules"
    files_to_inspect=("$file_to_inspect")
    if [ ! -e "$file_to_inspect" ]
    then
        touch "$file_to_inspect"
        chmod 0600 "$file_to_inspect"
    fi
fi

# After converting to jinja, we cannot return; therefore we skip the rest of the macro if needed instead
skip=1

for audit_file in "${files_to_inspect[@]}"
do
    # Filter existing $audit_file rules' definitions to select those that satisfy the rule pattern,
    # i.e, collect rules that match:
    # * the action, list and arch, (2-nd argument)
    # * the other filters, (3-rd argument)
    # * the auid filters, (4-rd argument)
    readarray -t similar_rules &lt; &lt;(sed -e "/^$ACTION_ARCH_FILTERS/!d"  -e "\#$OTHER_FILTERS#!d" -e "/$AUID_FILTERS/!d" "$audit_file")

    candidate_rules=()
    # Filter out rules that have more fields then required. This will remove rules more specific than the required scope
    for s_rule in "${similar_rules[@]}"
    do
        # Strip all the options and fields we know of,
        # than check if there was any field left over
        extra_fields=$(sed -E -e "s/^$ACTION_ARCH_FILTERS//"  -e "s#$OTHER_FILTERS##" -e "s/$AUID_FILTERS//" -e "s/((:?-S [[:alnum:],]+)+)//g" -e "s/-F key=\w+|-k \w+//"&lt;&lt;&lt; "$s_rule")
        grep -q -- "-F" &lt;&lt;&lt; "$extra_fields" || candidate_rules+=("$s_rule")
    done

    if [[ ${#syscall_a[@]} -ge 1 ]]
    then
        # Check if the syscall we want is present in any of the similar existing rules
        for rule in "${candidate_rules[@]}"
        do
            rule_syscalls=$(echo "$rule" | grep -o -P '(-S [\w,]+)+' | xargs)
            all_syscalls_found=0
            for syscall in "${syscall_a[@]}"
            do
                grep -q -- "\b${syscall}\b" &lt;&lt;&lt; "$rule_syscalls" || {
                   # A syscall was not found in the candidate rule
                   all_syscalls_found=1
                   }
            done
            if [[ $all_syscalls_found -eq 0 ]]
            then
                # We found a rule with all the syscall(s) we want; skip rest of macro
                skip=0
                break
            fi

            # Check if this rule can be grouped with our target syscall and keep track of it
            for syscall_g in "${syscall_grouping[@]}"
            do
                if grep -q -- "\b${syscall_g}\b" &lt;&lt;&lt; "$rule_syscalls"
                then
                    file_to_edit=${audit_file}
                    rule_to_edit=${rule}
                    rule_syscalls_to_edit=${rule_syscalls}
                fi
            done
        done
    else
        # If there is any candidate rule, it is compliant; skip rest of macro
        if [ "${#candidate_rules[@]}" -gt 0 ]
        then
            skip=0
        fi
    fi

    if [ "$skip" -eq 0 ]; then
        break
    fi
done

if [ "$skip" -ne 0 ]; then
    # We checked all rules that matched the expected resemblance pattern (action, arch &amp; auid)
    # At this point we know if we need to either append the $full_rule or group
    # the syscall together with an exsiting rule

    # Append the full_rule if it cannot be grouped to any other rule
    if [ -z ${rule_to_edit+x} ]
    then
        # Build full_rule while avoid adding double spaces when other_filters is empty
        if [ "${#syscall_a[@]}" -gt 0 ]
        then
            syscall_string=""
            for syscall in "${syscall_a[@]}"
            do
                syscall_string+=" -S $syscall"
            done
        fi
        other_string=$([[ $OTHER_FILTERS ]] &amp;&amp; echo " $OTHER_FILTERS") || /bin/true
        auid_string=$([[ $AUID_FILTERS ]] &amp;&amp; echo " $AUID_FILTERS") || /bin/true
        full_rule="$ACTION_ARCH_FILTERS${syscall_string}${other_string}${auid_string} -F key=$KEY" || /bin/true
        echo "$full_rule" &gt;&gt; "$default_file"
        chmod 0600 ${default_file}
    else
        # Check if the syscalls are declared as a comma separated list or
        # as multiple -S parameters
        if grep -q -- "," &lt;&lt;&lt; "${rule_syscalls_to_edit}"
        then
            delimiter=","
        else
            delimiter=" -S "
        fi
        new_grouped_syscalls="${rule_syscalls_to_edit}"
        for syscall in "${syscall_a[@]}"
        do
            grep -q -- "\b${syscall}\b" &lt;&lt;&lt; "${rule_syscalls_to_edit}" || {
               # A syscall was not found in the candidate rule
               new_grouped_syscalls+="${delimiter}${syscall}"
               }
        done

        # Group the syscall in the rule
        sed -i -e "\#${rule_to_edit}#s#${rule_syscalls_to_edit}#${new_grouped_syscalls}#" "$file_to_edit"
    fi
fi
unset syscall_a
unset syscall_grouping
unset syscall_string
unset syscall
unset file_to_edit
unset rule_to_edit
unset rule_syscalls_to_edit
unset other_string
unset auid_string
unset full_rule

# Load macro arguments into arrays
read -a syscall_a &lt;&lt;&lt; $SYSCALL
read -a syscall_grouping &lt;&lt;&lt; $SYSCALL_GROUPING

# Create a list of audit *.rules files that should be inspected for presence and correctness
# of a particular audit rule. The scheme is as follows:
#
# -----------------------------------------------------------------------------------------
#  Tool used to load audit rules | Rule already defined  |  Audit rules file to inspect    |
# -----------------------------------------------------------------------------------------
#        auditctl                |     Doesn't matter    |  /etc/audit/audit.rules         |
# -----------------------------------------------------------------------------------------
#        augenrules              |          Yes          |  /etc/audit/rules.d/*.rules     |
#        augenrules              |          No           |  /etc/audit/rules.d/$key.rules  |
# -----------------------------------------------------------------------------------------
#
files_to_inspect=()


# If audit tool is 'auditctl', then add '/etc/audit/audit.rules'
# file to the list of files to be inspected
default_file="/etc/audit/audit.rules"
files_to_inspect+=('/etc/audit/audit.rules' )

# After converting to jinja, we cannot return; therefore we skip the rest of the macro if needed instead
skip=1

for audit_file in "${files_to_inspect[@]}"
do
    # Filter existing $audit_file rules' definitions to select those that satisfy the rule pattern,
    # i.e, collect rules that match:
    # * the action, list and arch, (2-nd argument)
    # * the other filters, (3-rd argument)
    # * the auid filters, (4-rd argument)
    readarray -t similar_rules &lt; &lt;(sed -e "/^$ACTION_ARCH_FILTERS/!d"  -e "\#$OTHER_FILTERS#!d" -e "/$AUID_FILTERS/!d" "$audit_file")

    candidate_rules=()
    # Filter out rules that have more fields then required. This will remove rules more specific than the required scope
    for s_rule in "${similar_rules[@]}"
    do
        # Strip all the options and fields we know of,
        # than check if there was any field left over
        extra_fields=$(sed -E -e "s/^$ACTION_ARCH_FILTERS//"  -e "s#$OTHER_FILTERS##" -e "s/$AUID_FILTERS//" -e "s/((:?-S [[:alnum:],]+)+)//g" -e "s/-F key=\w+|-k \w+//"&lt;&lt;&lt; "$s_rule")
        grep -q -- "-F" &lt;&lt;&lt; "$extra_fields" || candidate_rules+=("$s_rule")
    done

    if [[ ${#syscall_a[@]} -ge 1 ]]
    then
        # Check if the syscall we want is present in any of the similar existing rules
        for rule in "${candidate_rules[@]}"
        do
            rule_syscalls=$(echo "$rule" | grep -o -P '(-S [\w,]+)+' | xargs)
            all_syscalls_found=0
            for syscall in "${syscall_a[@]}"
            do
                grep -q -- "\b${syscall}\b" &lt;&lt;&lt; "$rule_syscalls" || {
                   # A syscall was not found in the candidate rule
                   all_syscalls_found=1
                   }
            done
            if [[ $all_syscalls_found -eq 0 ]]
            then
                # We found a rule with all the syscall(s) we want; skip rest of macro
                skip=0
                break
            fi

            # Check if this rule can be grouped with our target syscall and keep track of it
            for syscall_g in "${syscall_grouping[@]}"
            do
                if grep -q -- "\b${syscall_g}\b" &lt;&lt;&lt; "$rule_syscalls"
                then
                    file_to_edit=${audit_file}
                    rule_to_edit=${rule}
                    rule_syscalls_to_edit=${rule_syscalls}
                fi
            done
        done
    else
        # If there is any candidate rule, it is compliant; skip rest of macro
        if [ "${#candidate_rules[@]}" -gt 0 ]
        then
            skip=0
        fi
    fi

    if [ "$skip" -eq 0 ]; then
        break
    fi
done

if [ "$skip" -ne 0 ]; then
    # We checked all rules that matched the expected resemblance pattern (action, arch &amp; auid)
    # At this point we know if we need to either append the $full_rule or group
    # the syscall together with an exsiting rule

    # Append the full_rule if it cannot be grouped to any other rule
    if [ -z ${rule_to_edit+x} ]
    then
        # Build full_rule while avoid adding double spaces when other_filters is empty
        if [ "${#syscall_a[@]}" -gt 0 ]
        then
            syscall_string=""
            for syscall in "${syscall_a[@]}"
            do
                syscall_string+=" -S $syscall"
            done
        fi
        other_string=$([[ $OTHER_FILTERS ]] &amp;&amp; echo " $OTHER_FILTERS") || /bin/true
        auid_string=$([[ $AUID_FILTERS ]] &amp;&amp; echo " $AUID_FILTERS") || /bin/true
        full_rule="$ACTION_ARCH_FILTERS${syscall_string}${other_string}${auid_string} -F key=$KEY" || /bin/true
        echo "$full_rule" &gt;&gt; "$default_file"
        chmod 0600 ${default_file}
    else
        # Check if the syscalls are declared as a comma separated list or
        # as multiple -S parameters
        if grep -q -- "," &lt;&lt;&lt; "${rule_syscalls_to_edit}"
        then
            delimiter=","
        else
            delimiter=" -S "
        fi
        new_grouped_syscalls="${rule_syscalls_to_edit}"
        for syscall in "${syscall_a[@]}"
        do
            grep -q -- "\b${syscall}\b" &lt;&lt;&lt; "${rule_syscalls_to_edit}" || {
               # A syscall was not found in the candidate rule
               new_grouped_syscalls+="${delimiter}${syscall}"
               }
        done

        # Group the syscall in the rule
        sed -i -e "\#${rule_to_edit}#s#${rule_syscalls_to_edit}#${new_grouped_syscalls}#" "$file_to_edit"
    fi
fi

else
    &gt;&amp;2 echo 'Remediation is not applicable, nothing was done'
fi
</fix>
          <fix xmlns:xhtml="http://www.w3.org/1999/xhtml" id="audit_rules_execution_chcon" system="urn:xccdf:fix:script:ansible" complexity="low" disruption="low" strategy="restrict">- name: Gather the package facts
  package_facts:
    manager: auto
  tags:
  - CCE-85716-9
  - DISA-STIG-SLES-15-030450
  - NIST-800-171-3.1.7
  - NIST-800-53-AU-12(a)
  - NIST-800-53-AU-12.1(ii)AU-12.1(iv)
  - NIST-800-53-AU-3
  - NIST-800-53-AU-3.1
  - NIST-800-53-MA-4(1)(a)
  - audit_rules_execution_chcon
  - low_complexity
  - low_disruption
  - medium_severity
  - no_reboot_needed
  - restrict_strategy

- name: Record Any Attempts to Run chcon - Perform remediation of Audit rules for
    /usr/bin/chcon
  block:

  - name: Declare list of syscalls
    ansible.builtin.set_fact:
      syscalls: []
      syscall_grouping: []

  - name: Check existence of  in /etc/audit/rules.d/
    ansible.builtin.find:
      paths: /etc/audit/rules.d
      contains: -a always,exit(( -S |,)\w+)*(( -S |,){{ item }})+(( -S |,)\w+)* -F
        path=/usr/bin/chcon -F perm=x -F auid&gt;=1000 -F auid!=unset (-k\s+|-F\s+key=)\S+\s*$
      patterns: '*.rules'
    register: find_command
    loop: '{{ (syscall_grouping + syscalls) | unique }}'

  - name: Reset syscalls found per file
    ansible.builtin.set_fact:
      syscalls_per_file: {}
      found_paths_dict: {}

  - name: Declare syscalls found per file
    ansible.builtin.set_fact: syscalls_per_file="{{ syscalls_per_file | combine( {item.files[0].path
      :[item.item] + syscalls_per_file.get(item.files[0].path, []) } ) }}"
    loop: '{{ find_command.results | selectattr(''matched'') | list }}'

  - name: Declare files where syscalls were found
    ansible.builtin.set_fact: found_paths="{{ find_command.results | map(attribute='files')
      | flatten | map(attribute='path') | list }}"

  - name: Count occurrences of syscalls in paths
    ansible.builtin.set_fact: found_paths_dict="{{ found_paths_dict | combine({ item:1+found_paths_dict.get(item,
      0) }) }}"
    loop: '{{ find_command.results | map(attribute=''files'') | flatten | map(attribute=''path'')
      | list }}'

  - name: Get path with most syscalls
    ansible.builtin.set_fact: audit_file="{{ (found_paths_dict | dict2items() | sort(attribute='value')
      | last).key }}"
    when: found_paths | length &gt;= 1

  - name: No file with syscall found, set path to /etc/audit/rules.d/privileged.rules
    ansible.builtin.set_fact: audit_file="/etc/audit/rules.d/privileged.rules"
    when: found_paths | length == 0

  - name: Declare found syscalls
    ansible.builtin.set_fact: syscalls_found="{{ find_command.results | selectattr('matched')
      | map(attribute='item') | list }}"

  - name: Declare missing syscalls
    ansible.builtin.set_fact: missing_syscalls="{{ syscalls | difference(syscalls_found)
      }}"

  - name: Replace the audit rule in {{ audit_file }}
    ansible.builtin.lineinfile:
      path: '{{ audit_file }}'
      regexp: (-a always,exit)(?=.*(?:(?:-S |,)(?:{{ syscalls_per_file[audit_file]
        | join("|") }}))\b)((?:( -S |,)\w+)+)( -F path=/usr/bin/chcon -F perm=x -F
        auid&gt;=1000 -F auid!=unset (?:-k |-F key=)\w+)
      line: \1\2\3{{ missing_syscalls | join("\3") }}\4
      backrefs: true
      state: present
      mode: g-rwx,o-rwx
    when: syscalls_found | length &gt; 0 and missing_syscalls | length &gt; 0

  - name: Add the audit rule to {{ audit_file }}
    ansible.builtin.lineinfile:
      path: '{{ audit_file }}'
      line: -a always,exit{{ syscalls | join(',') }} -F path=/usr/bin/chcon -F perm=x
        -F auid&gt;=1000 -F auid!=unset -F key=privileged
      create: true
      mode: g-rwx,o-rwx
      state: present
    when: syscalls_found | length == 0

  - name: Declare list of syscalls
    ansible.builtin.set_fact:
      syscalls: []
      syscall_grouping: []

  - name: Check existence of  in /etc/audit/audit.rules
    ansible.builtin.find:
      paths: /etc/audit
      contains: -a always,exit(( -S |,)\w+)*(( -S |,){{ item }})+(( -S |,)\w+)* -F
        path=/usr/bin/chcon -F perm=x -F auid&gt;=1000 -F auid!=unset (-k\s+|-F\s+key=)\S+\s*$
      patterns: audit.rules
    register: find_command
    loop: '{{ (syscall_grouping + syscalls) | unique }}'

  - name: Set path to /etc/audit/audit.rules
    ansible.builtin.set_fact: audit_file="/etc/audit/audit.rules"

  - name: Declare found syscalls
    ansible.builtin.set_fact: syscalls_found="{{ find_command.results | selectattr('matched')
      | map(attribute='item') | list }}"

  - name: Declare missing syscalls
    ansible.builtin.set_fact: missing_syscalls="{{ syscalls | difference(syscalls_found)
      }}"

  - name: Replace the audit rule in {{ audit_file }}
    ansible.builtin.lineinfile:
      path: '{{ audit_file }}'
      regexp: (-a always,exit)(?=.*(?:(?:-S |,)(?:{{ syscalls_found | join("|") }}))\b)((?:(
        -S |,)\w+)+)( -F path=/usr/bin/chcon -F perm=x -F auid&gt;=1000 -F auid!=unset
        (?:-k |-F key=)\w+)
      line: \1\2\3{{ missing_syscalls | join("\3") }}\4
      backrefs: true
      state: present
      mode: g-rwx,o-rwx
    when: syscalls_found | length &gt; 0 and missing_syscalls | length &gt; 0

  - name: Add the audit rule to {{ audit_file }}
    ansible.builtin.lineinfile:
      path: '{{ audit_file }}'
      line: -a always,exit{{ syscalls | join(',') }} -F path=/usr/bin/chcon -F perm=x
        -F auid&gt;=1000 -F auid!=unset -F key=privileged
      create: true
      mode: g-rwx,o-rwx
      state: present
    when: syscalls_found | length == 0
  when:
  - '"audit" in ansible_facts.packages'
  - ("kernel-default" in ansible_facts.packages or "kernel-default-base" in ansible_facts.packages)
  tags:
  - CCE-85716-9
  - DISA-STIG-SLES-15-030450
  - NIST-800-171-3.1.7
  - NIST-800-53-AU-12(a)
  - NIST-800-53-AU-12.1(ii)AU-12.1(iv)
  - NIST-800-53-AU-3
  - NIST-800-53-AU-3.1
  - NIST-800-53-MA-4(1)(a)
  - audit_rules_execution_chcon
  - low_complexity
  - low_disruption
  - medium_severity
  - no_reboot_needed
  - restrict_strategy
</fix>
          <check system="http://oval.mitre.org/XMLSchema/oval-definitions-5">
            <check-content-ref name="oval:ssg-audit_rules_execution_chcon:def:1" href="ssg-sle15-oval.xml"/>
          </check>
          <check system="http://scap.nist.gov/schema/ocil/2">
            <check-content-ref name="ocil:ssg-audit_rules_execution_chcon_ocil:questionnaire:1" href="ssg-sle15-ocil.xml"/>
          </check>
        </Rule>
        <Rule id="xccdf_org.ssgproject.content_rule_audit_rules_execution_restorecon" selected="false" role="full" severity="medium">
          <title xmlns:xhtml="http://www.w3.org/1999/xhtml" xml:lang="en-US">Record Any Attempts to Run restorecon</title>
          <description xmlns:xhtml="http://www.w3.org/1999/xhtml" xml:lang="en-US">


At a minimum, the audit system should collect the execution of privileged
commands for all users and root.

If the <html:code xmlns:html="http://www.w3.org/1999/xhtml">auditd</html:code> daemon is configured to use the <html:code xmlns:html="http://www.w3.org/1999/xhtml">augenrules</html:code>
program to read audit rules during daemon startup (the default), add
a line of the following form to a file with suffix <html:code xmlns:html="http://www.w3.org/1999/xhtml">.rules</html:code>
in the directory <html:code xmlns:html="http://www.w3.org/1999/xhtml">/etc/audit/rules.d</html:code>:
<html:pre xmlns:html="http://www.w3.org/1999/xhtml">-a always,exit -F path=/usr/sbin/restorecon -F perm=x -F auid&gt;=1000 -F auid!=unset -F key=privileged</html:pre>

If the <html:code xmlns:html="http://www.w3.org/1999/xhtml">auditd</html:code> daemon is configured to use the <html:code xmlns:html="http://www.w3.org/1999/xhtml">auditctl</html:code>
utility to read audit rules during daemon startup, add a line of the
following form to <html:code xmlns:html="http://www.w3.org/1999/xhtml">/etc/audit/audit.rules</html:code>:
<html:pre xmlns:html="http://www.w3.org/1999/xhtml">-a always,exit -F path=/usr/sbin/restorecon -F perm=x -F auid&gt;=1000 -F auid!=unset -F key=privileged</html:pre>
       </description>
          <reference href="https://www.cisecurity.org/controls/">1</reference>
          <reference href="https://www.cisecurity.org/controls/">12</reference>
          <reference href="https://www.cisecurity.org/controls/">13</reference>
          <reference href="https://www.cisecurity.org/controls/">14</reference>
          <reference href="https://www.cisecurity.org/controls/">15</reference>
          <reference href="https://www.cisecurity.org/controls/">16</reference>
          <reference href="https://www.cisecurity.org/controls/">2</reference>
          <reference href="https://www.cisecurity.org/controls/">3</reference>
          <reference href="https://www.cisecurity.org/controls/">5</reference>
          <reference href="https://www.cisecurity.org/controls/">6</reference>
          <reference href="https://www.cisecurity.org/controls/">7</reference>
          <reference href="https://www.cisecurity.org/controls/">8</reference>
          <reference href="https://www.cisecurity.org/controls/">9</reference>
          <reference href="https://www.isaca.org/resources/cobit">APO10.01</reference>
          <reference href="https://www.isaca.org/resources/cobit">APO10.03</reference>
          <reference href="https://www.isaca.org/resources/cobit">APO10.04</reference>
          <reference href="https://www.isaca.org/resources/cobit">APO10.05</reference>
          <reference href="https://www.isaca.org/resources/cobit">APO11.04</reference>
          <reference href="https://www.isaca.org/resources/cobit">BAI03.05</reference>
          <reference href="https://www.isaca.org/resources/cobit">DSS01.03</reference>
          <reference href="https://www.isaca.org/resources/cobit">DSS03.05</reference>
          <reference href="https://www.isaca.org/resources/cobit">DSS05.02</reference>
          <reference href="https://www.isaca.org/resources/cobit">DSS05.04</reference>
          <reference href="https://www.isaca.org/resources/cobit">DSS05.05</reference>
          <reference href="https://www.isaca.org/resources/cobit">DSS05.07</reference>
          <reference href="https://www.isaca.org/resources/cobit">MEA01.01</reference>
          <reference href="https://www.isaca.org/resources/cobit">MEA01.02</reference>
          <reference href="https://www.isaca.org/resources/cobit">MEA01.03</reference>
          <reference href="https://www.isaca.org/resources/cobit">MEA01.04</reference>
          <reference href="https://www.isaca.org/resources/cobit">MEA01.05</reference>
          <reference href="https://www.isaca.org/resources/cobit">MEA02.01</reference>
          <reference href="http://nvlpubs.nist.gov/nistpubs/SpecialPublications/NIST.SP.800-171.pdf">3.1.7</reference>
          <reference href="https://www.gpo.gov/fdsys/pkg/CFR-2007-title45-vol1/pdf/CFR-2007-title45-vol1-chapA-subchapC.pdf">164.308(a)(1)(ii)(D)</reference>
          <reference href="https://www.gpo.gov/fdsys/pkg/CFR-2007-title45-vol1/pdf/CFR-2007-title45-vol1-chapA-subchapC.pdf">164.308(a)(3)(ii)(A)</reference>
          <reference href="https://www.gpo.gov/fdsys/pkg/CFR-2007-title45-vol1/pdf/CFR-2007-title45-vol1-chapA-subchapC.pdf">164.308(a)(5)(ii)(C)</reference>
          <reference href="https://www.gpo.gov/fdsys/pkg/CFR-2007-title45-vol1/pdf/CFR-2007-title45-vol1-chapA-subchapC.pdf">164.312(a)(2)(i)</reference>
          <reference href="https://www.gpo.gov/fdsys/pkg/CFR-2007-title45-vol1/pdf/CFR-2007-title45-vol1-chapA-subchapC.pdf">164.312(b)</reference>
          <reference href="https://www.gpo.gov/fdsys/pkg/CFR-2007-title45-vol1/pdf/CFR-2007-title45-vol1-chapA-subchapC.pdf">164.312(d)</reference>
          <reference href="https://www.gpo.gov/fdsys/pkg/CFR-2007-title45-vol1/pdf/CFR-2007-title45-vol1-chapA-subchapC.pdf">164.312(e)</reference>
          <reference href="https://www.isa.org/products/isa-62443-2-1-2009-security-for-industrial-automat">4.3.2.6.7</reference>
          <reference href="https://www.isa.org/products/isa-62443-2-1-2009-security-for-industrial-automat">4.3.3.3.9</reference>
          <reference href="https://www.isa.org/products/isa-62443-2-1-2009-security-for-industrial-automat">4.3.3.5.8</reference>
          <reference href="https://www.isa.org/products/isa-62443-2-1-2009-security-for-industrial-automat">4.3.4.4.7</reference>
          <reference href="https://www.isa.org/products/isa-62443-2-1-2009-security-for-industrial-automat">4.4.2.1</reference>
          <reference href="https://www.isa.org/products/isa-62443-2-1-2009-security-for-industrial-automat">4.4.2.2</reference>
          <reference href="https://www.isa.org/products/isa-62443-2-1-2009-security-for-industrial-automat">4.4.2.4</reference>
          <reference href="https://www.isa.org/products/ansi-isa-62443-3-3-99-03-03-2013-security-for-indu">SR 2.10</reference>
          <reference href="https://www.isa.org/products/ansi-isa-62443-3-3-99-03-03-2013-security-for-indu">SR 2.11</reference>
          <reference href="https://www.isa.org/products/ansi-isa-62443-3-3-99-03-03-2013-security-for-indu">SR 2.12</reference>
          <reference href="https://www.isa.org/products/ansi-isa-62443-3-3-99-03-03-2013-security-for-indu">SR 2.8</reference>
          <reference href="https://www.isa.org/products/ansi-isa-62443-3-3-99-03-03-2013-security-for-indu">SR 2.9</reference>
          <reference href="https://www.isa.org/products/ansi-isa-62443-3-3-99-03-03-2013-security-for-indu">SR 6.1</reference>
          <reference href="https://www.isa.org/products/ansi-isa-62443-3-3-99-03-03-2013-security-for-indu">SR 6.2</reference>
          <reference href="https://www.iso.org/contents/data/standard/05/45/54534.html">A.12.4.1</reference>
          <reference href="https://www.iso.org/contents/data/standard/05/45/54534.html">A.12.4.2</reference>
          <reference href="https://www.iso.org/contents/data/standard/05/45/54534.html">A.12.4.3</reference>
          <reference href="https://www.iso.org/contents/data/standard/05/45/54534.html">A.12.4.4</reference>
          <reference href="https://www.iso.org/contents/data/standard/05/45/54534.html">A.12.7.1</reference>
          <reference href="https://www.iso.org/contents/data/standard/05/45/54534.html">A.14.2.7</reference>
          <reference href="https://www.iso.org/contents/data/standard/05/45/54534.html">A.15.2.1</reference>
          <reference href="https://www.iso.org/contents/data/standard/05/45/54534.html">A.15.2.2</reference>
          <reference href="http://nvlpubs.nist.gov/nistpubs/SpecialPublications/NIST.SP.800-53r4.pdf">AU-2(d)</reference>
          <reference href="http://nvlpubs.nist.gov/nistpubs/SpecialPublications/NIST.SP.800-53r4.pdf">AU-12(c)</reference>
          <reference href="http://nvlpubs.nist.gov/nistpubs/SpecialPublications/NIST.SP.800-53r4.pdf">AC-6(9)</reference>
          <reference href="http://nvlpubs.nist.gov/nistpubs/SpecialPublications/NIST.SP.800-53r4.pdf">CM-6(a)</reference>
          <reference href="https://nvlpubs.nist.gov/nistpubs/CSWP/NIST.CSWP.04162018.pdf">DE.CM-1</reference>
          <reference href="https://nvlpubs.nist.gov/nistpubs/CSWP/NIST.CSWP.04162018.pdf">DE.CM-3</reference>
          <reference href="https://nvlpubs.nist.gov/nistpubs/CSWP/NIST.CSWP.04162018.pdf">DE.CM-7</reference>
          <reference href="https://nvlpubs.nist.gov/nistpubs/CSWP/NIST.CSWP.04162018.pdf">ID.SC-4</reference>
          <reference href="https://nvlpubs.nist.gov/nistpubs/CSWP/NIST.CSWP.04162018.pdf">PR.PT-1</reference>
          <reference href="https://www.cyber.mil/stigs/downloads/?_dl_facet_stigs=operating-systems%2Cgeneral-purpose-os">SRG-OS-000392-GPOS-00172</reference>
          <reference href="https://www.cyber.mil/stigs/downloads/?_dl_facet_stigs=operating-systems%2Cgeneral-purpose-os">SRG-OS-000463-GPOS-00207</reference>
          <reference href="https://www.cyber.mil/stigs/downloads/?_dl_facet_stigs=operating-systems%2Cgeneral-purpose-os">SRG-OS-000465-GPOS-00209</reference>
          <reference href="https://www.cyber.gov.au/acsc/view-all-content/ism">0582</reference>
          <rationale xmlns:xhtml="http://www.w3.org/1999/xhtml" xml:lang="en-US">Misuse of privileged functions, either intentionally or unintentionally by
authorized users, or by unauthorized external entities that have compromised system accounts,
is a serious and ongoing concern and can have significant adverse impacts on organizations.
Auditing the use of privileged functions is one way to detect such misuse and identify
the risk from insider and advanced persistent threats.
<html:br xmlns:html="http://www.w3.org/1999/xhtml"/>
        <html:br xmlns:html="http://www.w3.org/1999/xhtml"/>
Privileged programs are subject to escalation-of-privilege attacks,
which attempt to subvert their normal role of providing some necessary but
limited capability. As such, motivation exists to monitor these programs for
unusual activity.</rationale>
          <ident system="https://ncp.nist.gov/cce">CCE-85817-5</ident>
          <fix xmlns:xhtml="http://www.w3.org/1999/xhtml" id="audit_rules_execution_restorecon" system="urn:xccdf:fix:script:sh"># Remediation is applicable only in certain platforms
if rpm --quiet -q audit &amp;&amp; rpm --quiet -q kernel-default || rpm --quiet -q kernel-default-base; then

# Retrieve hardware architecture of the underlying system
OTHER_FILTERS="-F path=/usr/sbin/restorecon -F perm=x"
AUID_FILTERS="-F auid&gt;=1000 -F auid!=unset"
SYSCALL=""
KEY="privileged"
SYSCALL_GROUPING=""


ACTION_ARCH_FILTERS="-a always,exit"
# Perform the remediation for both possible tools: 'auditctl' and 'augenrules'
unset syscall_a
unset syscall_grouping
unset syscall_string
unset syscall
unset file_to_edit
unset rule_to_edit
unset rule_syscalls_to_edit
unset other_string
unset auid_string
unset full_rule

# Load macro arguments into arrays
read -a syscall_a &lt;&lt;&lt; $SYSCALL
read -a syscall_grouping &lt;&lt;&lt; $SYSCALL_GROUPING

# Create a list of audit *.rules files that should be inspected for presence and correctness
# of a particular audit rule. The scheme is as follows:
#
# -----------------------------------------------------------------------------------------
#  Tool used to load audit rules | Rule already defined  |  Audit rules file to inspect    |
# -----------------------------------------------------------------------------------------
#        auditctl                |     Doesn't matter    |  /etc/audit/audit.rules         |
# -----------------------------------------------------------------------------------------
#        augenrules              |          Yes          |  /etc/audit/rules.d/*.rules     |
#        augenrules              |          No           |  /etc/audit/rules.d/$key.rules  |
# -----------------------------------------------------------------------------------------
#
files_to_inspect=()

# If audit tool is 'augenrules', then check if the audit rule is defined
# If rule is defined, add '/etc/audit/rules.d/*.rules' to the list for inspection
# If rule isn't defined yet, add '/etc/audit/rules.d/$key.rules' to the list for inspection
default_file="/etc/audit/rules.d/$KEY.rules"
# As other_filters may include paths, lets use a different delimiter for it
# The "F" script expression tells sed to print the filenames where the expressions matched
readarray -t files_to_inspect &lt; &lt;(sed -s -n -e "/^$ACTION_ARCH_FILTERS/!d" -e "\#$OTHER_FILTERS#!d" -e "/$AUID_FILTERS/!d" -e "F" /etc/audit/rules.d/*.rules)
# Case when particular rule isn't defined in /etc/audit/rules.d/*.rules yet
if [ ${#files_to_inspect[@]} -eq "0" ]
then
    file_to_inspect="/etc/audit/rules.d/$KEY.rules"
    files_to_inspect=("$file_to_inspect")
    if [ ! -e "$file_to_inspect" ]
    then
        touch "$file_to_inspect"
        chmod 0600 "$file_to_inspect"
    fi
fi

# After converting to jinja, we cannot return; therefore we skip the rest of the macro if needed instead
skip=1

for audit_file in "${files_to_inspect[@]}"
do
    # Filter existing $audit_file rules' definitions to select those that satisfy the rule pattern,
    # i.e, collect rules that match:
    # * the action, list and arch, (2-nd argument)
    # * the other filters, (3-rd argument)
    # * the auid filters, (4-rd argument)
    readarray -t similar_rules &lt; &lt;(sed -e "/^$ACTION_ARCH_FILTERS/!d"  -e "\#$OTHER_FILTERS#!d" -e "/$AUID_FILTERS/!d" "$audit_file")

    candidate_rules=()
    # Filter out rules that have more fields then required. This will remove rules more specific than the required scope
    for s_rule in "${similar_rules[@]}"
    do
        # Strip all the options and fields we know of,
        # than check if there was any field left over
        extra_fields=$(sed -E -e "s/^$ACTION_ARCH_FILTERS//"  -e "s#$OTHER_FILTERS##" -e "s/$AUID_FILTERS//" -e "s/((:?-S [[:alnum:],]+)+)//g" -e "s/-F key=\w+|-k \w+//"&lt;&lt;&lt; "$s_rule")
        grep -q -- "-F" &lt;&lt;&lt; "$extra_fields" || candidate_rules+=("$s_rule")
    done

    if [[ ${#syscall_a[@]} -ge 1 ]]
    then
        # Check if the syscall we want is present in any of the similar existing rules
        for rule in "${candidate_rules[@]}"
        do
            rule_syscalls=$(echo "$rule" | grep -o -P '(-S [\w,]+)+' | xargs)
            all_syscalls_found=0
            for syscall in "${syscall_a[@]}"
            do
                grep -q -- "\b${syscall}\b" &lt;&lt;&lt; "$rule_syscalls" || {
                   # A syscall was not found in the candidate rule
                   all_syscalls_found=1
                   }
            done
            if [[ $all_syscalls_found -eq 0 ]]
            then
                # We found a rule with all the syscall(s) we want; skip rest of macro
                skip=0
                break
            fi

            # Check if this rule can be grouped with our target syscall and keep track of it
            for syscall_g in "${syscall_grouping[@]}"
            do
                if grep -q -- "\b${syscall_g}\b" &lt;&lt;&lt; "$rule_syscalls"
                then
                    file_to_edit=${audit_file}
                    rule_to_edit=${rule}
                    rule_syscalls_to_edit=${rule_syscalls}
                fi
            done
        done
    else
        # If there is any candidate rule, it is compliant; skip rest of macro
        if [ "${#candidate_rules[@]}" -gt 0 ]
        then
            skip=0
        fi
    fi

    if [ "$skip" -eq 0 ]; then
        break
    fi
done

if [ "$skip" -ne 0 ]; then
    # We checked all rules that matched the expected resemblance pattern (action, arch &amp; auid)
    # At this point we know if we need to either append the $full_rule or group
    # the syscall together with an exsiting rule

    # Append the full_rule if it cannot be grouped to any other rule
    if [ -z ${rule_to_edit+x} ]
    then
        # Build full_rule while avoid adding double spaces when other_filters is empty
        if [ "${#syscall_a[@]}" -gt 0 ]
        then
            syscall_string=""
            for syscall in "${syscall_a[@]}"
            do
                syscall_string+=" -S $syscall"
            done
        fi
        other_string=$([[ $OTHER_FILTERS ]] &amp;&amp; echo " $OTHER_FILTERS") || /bin/true
        auid_string=$([[ $AUID_FILTERS ]] &amp;&amp; echo " $AUID_FILTERS") || /bin/true
        full_rule="$ACTION_ARCH_FILTERS${syscall_string}${other_string}${auid_string} -F key=$KEY" || /bin/true
        echo "$full_rule" &gt;&gt; "$default_file"
        chmod 0600 ${default_file}
    else
        # Check if the syscalls are declared as a comma separated list or
        # as multiple -S parameters
        if grep -q -- "," &lt;&lt;&lt; "${rule_syscalls_to_edit}"
        then
            delimiter=","
        else
            delimiter=" -S "
        fi
        new_grouped_syscalls="${rule_syscalls_to_edit}"
        for syscall in "${syscall_a[@]}"
        do
            grep -q -- "\b${syscall}\b" &lt;&lt;&lt; "${rule_syscalls_to_edit}" || {
               # A syscall was not found in the candidate rule
               new_grouped_syscalls+="${delimiter}${syscall}"
               }
        done

        # Group the syscall in the rule
        sed -i -e "\#${rule_to_edit}#s#${rule_syscalls_to_edit}#${new_grouped_syscalls}#" "$file_to_edit"
    fi
fi
unset syscall_a
unset syscall_grouping
unset syscall_string
unset syscall
unset file_to_edit
unset rule_to_edit
unset rule_syscalls_to_edit
unset other_string
unset auid_string
unset full_rule

# Load macro arguments into arrays
read -a syscall_a &lt;&lt;&lt; $SYSCALL
read -a syscall_grouping &lt;&lt;&lt; $SYSCALL_GROUPING

# Create a list of audit *.rules files that should be inspected for presence and correctness
# of a particular audit rule. The scheme is as follows:
#
# -----------------------------------------------------------------------------------------
#  Tool used to load audit rules | Rule already defined  |  Audit rules file to inspect    |
# -----------------------------------------------------------------------------------------
#        auditctl                |     Doesn't matter    |  /etc/audit/audit.rules         |
# -----------------------------------------------------------------------------------------
#        augenrules              |          Yes          |  /etc/audit/rules.d/*.rules     |
#        augenrules              |          No           |  /etc/audit/rules.d/$key.rules  |
# -----------------------------------------------------------------------------------------
#
files_to_inspect=()


# If audit tool is 'auditctl', then add '/etc/audit/audit.rules'
# file to the list of files to be inspected
default_file="/etc/audit/audit.rules"
files_to_inspect+=('/etc/audit/audit.rules' )

# After converting to jinja, we cannot return; therefore we skip the rest of the macro if needed instead
skip=1

for audit_file in "${files_to_inspect[@]}"
do
    # Filter existing $audit_file rules' definitions to select those that satisfy the rule pattern,
    # i.e, collect rules that match:
    # * the action, list and arch, (2-nd argument)
    # * the other filters, (3-rd argument)
    # * the auid filters, (4-rd argument)
    readarray -t similar_rules &lt; &lt;(sed -e "/^$ACTION_ARCH_FILTERS/!d"  -e "\#$OTHER_FILTERS#!d" -e "/$AUID_FILTERS/!d" "$audit_file")

    candidate_rules=()
    # Filter out rules that have more fields then required. This will remove rules more specific than the required scope
    for s_rule in "${similar_rules[@]}"
    do
        # Strip all the options and fields we know of,
        # than check if there was any field left over
        extra_fields=$(sed -E -e "s/^$ACTION_ARCH_FILTERS//"  -e "s#$OTHER_FILTERS##" -e "s/$AUID_FILTERS//" -e "s/((:?-S [[:alnum:],]+)+)//g" -e "s/-F key=\w+|-k \w+//"&lt;&lt;&lt; "$s_rule")
        grep -q -- "-F" &lt;&lt;&lt; "$extra_fields" || candidate_rules+=("$s_rule")
    done

    if [[ ${#syscall_a[@]} -ge 1 ]]
    then
        # Check if the syscall we want is present in any of the similar existing rules
        for rule in "${candidate_rules[@]}"
        do
            rule_syscalls=$(echo "$rule" | grep -o -P '(-S [\w,]+)+' | xargs)
            all_syscalls_found=0
            for syscall in "${syscall_a[@]}"
            do
                grep -q -- "\b${syscall}\b" &lt;&lt;&lt; "$rule_syscalls" || {
                   # A syscall was not found in the candidate rule
                   all_syscalls_found=1
                   }
            done
            if [[ $all_syscalls_found -eq 0 ]]
            then
                # We found a rule with all the syscall(s) we want; skip rest of macro
                skip=0
                break
            fi

            # Check if this rule can be grouped with our target syscall and keep track of it
            for syscall_g in "${syscall_grouping[@]}"
            do
                if grep -q -- "\b${syscall_g}\b" &lt;&lt;&lt; "$rule_syscalls"
                then
                    file_to_edit=${audit_file}
                    rule_to_edit=${rule}
                    rule_syscalls_to_edit=${rule_syscalls}
                fi
            done
        done
    else
        # If there is any candidate rule, it is compliant; skip rest of macro
        if [ "${#candidate_rules[@]}" -gt 0 ]
        then
            skip=0
        fi
    fi

    if [ "$skip" -eq 0 ]; then
        break
    fi
done

if [ "$skip" -ne 0 ]; then
    # We checked all rules that matched the expected resemblance pattern (action, arch &amp; auid)
    # At this point we know if we need to either append the $full_rule or group
    # the syscall together with an exsiting rule

    # Append the full_rule if it cannot be grouped to any other rule
    if [ -z ${rule_to_edit+x} ]
    then
        # Build full_rule while avoid adding double spaces when other_filters is empty
        if [ "${#syscall_a[@]}" -gt 0 ]
        then
            syscall_string=""
            for syscall in "${syscall_a[@]}"
            do
                syscall_string+=" -S $syscall"
            done
        fi
        other_string=$([[ $OTHER_FILTERS ]] &amp;&amp; echo " $OTHER_FILTERS") || /bin/true
        auid_string=$([[ $AUID_FILTERS ]] &amp;&amp; echo " $AUID_FILTERS") || /bin/true
        full_rule="$ACTION_ARCH_FILTERS${syscall_string}${other_string}${auid_string} -F key=$KEY" || /bin/true
        echo "$full_rule" &gt;&gt; "$default_file"
        chmod 0600 ${default_file}
    else
        # Check if the syscalls are declared as a comma separated list or
        # as multiple -S parameters
        if grep -q -- "," &lt;&lt;&lt; "${rule_syscalls_to_edit}"
        then
            delimiter=","
        else
            delimiter=" -S "
        fi
        new_grouped_syscalls="${rule_syscalls_to_edit}"
        for syscall in "${syscall_a[@]}"
        do
            grep -q -- "\b${syscall}\b" &lt;&lt;&lt; "${rule_syscalls_to_edit}" || {
               # A syscall was not found in the candidate rule
               new_grouped_syscalls+="${delimiter}${syscall}"
               }
        done

        # Group the syscall in the rule
        sed -i -e "\#${rule_to_edit}#s#${rule_syscalls_to_edit}#${new_grouped_syscalls}#" "$file_to_edit"
    fi
fi

else
    &gt;&amp;2 echo 'Remediation is not applicable, nothing was done'
fi
</fix>
          <fix xmlns:xhtml="http://www.w3.org/1999/xhtml" id="audit_rules_execution_restorecon" system="urn:xccdf:fix:script:ansible" complexity="low" disruption="low" strategy="restrict">- name: Gather the package facts
  package_facts:
    manager: auto
  tags:
  - CCE-85817-5
  - NIST-800-171-3.1.7
  - NIST-800-53-AC-6(9)
  - NIST-800-53-AU-12(c)
  - NIST-800-53-AU-2(d)
  - NIST-800-53-CM-6(a)
  - audit_rules_execution_restorecon
  - low_complexity
  - low_disruption
  - medium_severity
  - no_reboot_needed
  - restrict_strategy

- name: Record Any Attempts to Run restorecon - Perform remediation of Audit rules
    for /usr/sbin/restorecon
  block:

  - name: Declare list of syscalls
    ansible.builtin.set_fact:
      syscalls: []
      syscall_grouping: []

  - name: Check existence of  in /etc/audit/rules.d/
    ansible.builtin.find:
      paths: /etc/audit/rules.d
      contains: -a always,exit(( -S |,)\w+)*(( -S |,){{ item }})+(( -S |,)\w+)* -F
        path=/usr/sbin/restorecon -F perm=x -F auid&gt;=1000 -F auid!=unset (-k\s+|-F\s+key=)\S+\s*$
      patterns: '*.rules'
    register: find_command
    loop: '{{ (syscall_grouping + syscalls) | unique }}'

  - name: Reset syscalls found per file
    ansible.builtin.set_fact:
      syscalls_per_file: {}
      found_paths_dict: {}

  - name: Declare syscalls found per file
    ansible.builtin.set_fact: syscalls_per_file="{{ syscalls_per_file | combine( {item.files[0].path
      :[item.item] + syscalls_per_file.get(item.files[0].path, []) } ) }}"
    loop: '{{ find_command.results | selectattr(''matched'') | list }}'

  - name: Declare files where syscalls were found
    ansible.builtin.set_fact: found_paths="{{ find_command.results | map(attribute='files')
      | flatten | map(attribute='path') | list }}"

  - name: Count occurrences of syscalls in paths
    ansible.builtin.set_fact: found_paths_dict="{{ found_paths_dict | combine({ item:1+found_paths_dict.get(item,
      0) }) }}"
    loop: '{{ find_command.results | map(attribute=''files'') | flatten | map(attribute=''path'')
      | list }}'

  - name: Get path with most syscalls
    ansible.builtin.set_fact: audit_file="{{ (found_paths_dict | dict2items() | sort(attribute='value')
      | last).key }}"
    when: found_paths | length &gt;= 1

  - name: No file with syscall found, set path to /etc/audit/rules.d/privileged.rules
    ansible.builtin.set_fact: audit_file="/etc/audit/rules.d/privileged.rules"
    when: found_paths | length == 0

  - name: Declare found syscalls
    ansible.builtin.set_fact: syscalls_found="{{ find_command.results | selectattr('matched')
      | map(attribute='item') | list }}"

  - name: Declare missing syscalls
    ansible.builtin.set_fact: missing_syscalls="{{ syscalls | difference(syscalls_found)
      }}"

  - name: Replace the audit rule in {{ audit_file }}
    ansible.builtin.lineinfile:
      path: '{{ audit_file }}'
      regexp: (-a always,exit)(?=.*(?:(?:-S |,)(?:{{ syscalls_per_file[audit_file]
        | join("|") }}))\b)((?:( -S |,)\w+)+)( -F path=/usr/sbin/restorecon -F perm=x
        -F auid&gt;=1000 -F auid!=unset (?:-k |-F key=)\w+)
      line: \1\2\3{{ missing_syscalls | join("\3") }}\4
      backrefs: true
      state: present
      mode: g-rwx,o-rwx
    when: syscalls_found | length &gt; 0 and missing_syscalls | length &gt; 0

  - name: Add the audit rule to {{ audit_file }}
    ansible.builtin.lineinfile:
      path: '{{ audit_file }}'
      line: -a always,exit{{ syscalls | join(',') }} -F path=/usr/sbin/restorecon
        -F perm=x -F auid&gt;=1000 -F auid!=unset -F key=privileged
      create: true
      mode: g-rwx,o-rwx
      state: present
    when: syscalls_found | length == 0

  - name: Declare list of syscalls
    ansible.builtin.set_fact:
      syscalls: []
      syscall_grouping: []

  - name: Check existence of  in /etc/audit/audit.rules
    ansible.builtin.find:
      paths: /etc/audit
      contains: -a always,exit(( -S |,)\w+)*(( -S |,){{ item }})+(( -S |,)\w+)* -F
        path=/usr/sbin/restorecon -F perm=x -F auid&gt;=1000 -F auid!=unset (-k\s+|-F\s+key=)\S+\s*$
      patterns: audit.rules
    register: find_command
    loop: '{{ (syscall_grouping + syscalls) | unique }}'

  - name: Set path to /etc/audit/audit.rules
    ansible.builtin.set_fact: audit_file="/etc/audit/audit.rules"

  - name: Declare found syscalls
    ansible.builtin.set_fact: syscalls_found="{{ find_command.results | selectattr('matched')
      | map(attribute='item') | list }}"

  - name: Declare missing syscalls
    ansible.builtin.set_fact: missing_syscalls="{{ syscalls | difference(syscalls_found)
      }}"

  - name: Replace the audit rule in {{ audit_file }}
    ansible.builtin.lineinfile:
      path: '{{ audit_file }}'
      regexp: (-a always,exit)(?=.*(?:(?:-S |,)(?:{{ syscalls_found | join("|") }}))\b)((?:(
        -S |,)\w+)+)( -F path=/usr/sbin/restorecon -F perm=x -F auid&gt;=1000 -F auid!=unset
        (?:-k |-F key=)\w+)
      line: \1\2\3{{ missing_syscalls | join("\3") }}\4
      backrefs: true
      state: present
      mode: g-rwx,o-rwx
    when: syscalls_found | length &gt; 0 and missing_syscalls | length &gt; 0

  - name: Add the audit rule to {{ audit_file }}
    ansible.builtin.lineinfile:
      path: '{{ audit_file }}'
      line: -a always,exit{{ syscalls | join(',') }} -F path=/usr/sbin/restorecon
        -F perm=x -F auid&gt;=1000 -F auid!=unset -F key=privileged
      create: true
      mode: g-rwx,o-rwx
      state: present
    when: syscalls_found | length == 0
  when:
  - '"audit" in ansible_facts.packages'
  - ("kernel-default" in ansible_facts.packages or "kernel-default-base" in ansible_facts.packages)
  tags:
  - CCE-85817-5
  - NIST-800-171-3.1.7
  - NIST-800-53-AC-6(9)
  - NIST-800-53-AU-12(c)
  - NIST-800-53-AU-2(d)
  - NIST-800-53-CM-6(a)
  - audit_rules_execution_restorecon
  - low_complexity
  - low_disruption
  - medium_severity
  - no_reboot_needed
  - restrict_strategy
</fix>
          <check system="http://oval.mitre.org/XMLSchema/oval-definitions-5">
            <check-content-ref name="oval:ssg-audit_rules_execution_restorecon:def:1" href="ssg-sle15-oval.xml"/>
          </check>
          <check system="http://scap.nist.gov/schema/ocil/2">
            <check-content-ref name="ocil:ssg-audit_rules_execution_restorecon_ocil:questionnaire:1" href="ssg-sle15-ocil.xml"/>
          </check>
        </Rule>
        <Rule id="xccdf_org.ssgproject.content_rule_audit_rules_execution_rm" selected="false" role="full" severity="medium">
          <title xmlns:xhtml="http://www.w3.org/1999/xhtml" xml:lang="en-US">Record Any Attempts to Run rm</title>
          <description xmlns:xhtml="http://www.w3.org/1999/xhtml" xml:lang="en-US">


At a minimum, the audit system should collect the execution of privileged
commands for all users and root.

If the <html:code xmlns:html="http://www.w3.org/1999/xhtml">auditd</html:code> daemon is configured to use the <html:code xmlns:html="http://www.w3.org/1999/xhtml">augenrules</html:code>
program to read audit rules during daemon startup (the default), add
a line of the following form to a file with suffix <html:code xmlns:html="http://www.w3.org/1999/xhtml">.rules</html:code>
in the directory <html:code xmlns:html="http://www.w3.org/1999/xhtml">/etc/audit/rules.d</html:code>:
<html:pre xmlns:html="http://www.w3.org/1999/xhtml">-a always,exit -F path=/usr/bin/rm -F perm=x -F auid&gt;=1000 -F auid!=unset -F key=privileged</html:pre>

If the <html:code xmlns:html="http://www.w3.org/1999/xhtml">auditd</html:code> daemon is configured to use the <html:code xmlns:html="http://www.w3.org/1999/xhtml">auditctl</html:code>
utility to read audit rules during daemon startup, add a line of the
following form to <html:code xmlns:html="http://www.w3.org/1999/xhtml">/etc/audit/audit.rules</html:code>:
<html:pre xmlns:html="http://www.w3.org/1999/xhtml">-a always,exit -F path=/usr/bin/rm -F perm=x -F auid&gt;=1000 -F auid!=unset -F key=privileged</html:pre>
       </description>
          <reference href="https://www.cyber.mil/stigs/downloads/?_dl_facet_stigs=operating-systems%2Cgeneral-purpose-os">SRG-OS-000037-GPOS-00015</reference>
          <reference href="https://www.cyber.mil/stigs/downloads/?_dl_facet_stigs=operating-systems%2Cgeneral-purpose-os">SRG-OS-000062-GPOS-00031</reference>
          <reference href="https://www.cyber.mil/stigs/downloads/?_dl_facet_stigs=operating-systems%2Cgeneral-purpose-os">SRG-OS-000392-GPOS-00172</reference>
          <reference href="https://www.cyber.mil/stigs/downloads/?_dl_facet_stigs=operating-systems%2Cgeneral-purpose-os">SRG-OS-000462-GPOS-00206</reference>
          <reference href="https://www.cyber.mil/stigs/downloads/?_dl_facet_stigs=operating-systems%2Cgeneral-purpose-os">SRG-OS-000471-GPOS-00215</reference>
          <reference href="https://www.cyber.mil/stigs/downloads/?_dl_facet_stigs=operating-systems%2Cunix-linux">SLES-15-030460</reference>
          <reference href="https://www.cyber.mil/stigs/srg-stig-tools/">SV-234945r958412_rule</reference>
          <rationale xmlns:xhtml="http://www.w3.org/1999/xhtml" xml:lang="en-US">Without generating audit records that are specific to the security and
mission needs of the organization, it would be difficult to establish,
correlate, and investigate the events relating to an incident or identify
those responsible for one.

Audit records can be generated from various components within the
information system (e.g., module or policy filter).</rationale>
          <ident system="https://ncp.nist.gov/cce">CCE-85596-5</ident>
          <fix xmlns:xhtml="http://www.w3.org/1999/xhtml" id="audit_rules_execution_rm" system="urn:xccdf:fix:script:sh"># Remediation is applicable only in certain platforms
if rpm --quiet -q audit &amp;&amp; rpm --quiet -q kernel-default || rpm --quiet -q kernel-default-base; then

# Retrieve hardware architecture of the underlying system
OTHER_FILTERS="-F path=/usr/bin/rm -F perm=x"
AUID_FILTERS="-F auid&gt;=1000 -F auid!=unset"
SYSCALL=""
KEY="privileged"
SYSCALL_GROUPING=""


ACTION_ARCH_FILTERS="-a always,exit"
# Perform the remediation for both possible tools: 'auditctl' and 'augenrules'
unset syscall_a
unset syscall_grouping
unset syscall_string
unset syscall
unset file_to_edit
unset rule_to_edit
unset rule_syscalls_to_edit
unset other_string
unset auid_string
unset full_rule

# Load macro arguments into arrays
read -a syscall_a &lt;&lt;&lt; $SYSCALL
read -a syscall_grouping &lt;&lt;&lt; $SYSCALL_GROUPING

# Create a list of audit *.rules files that should be inspected for presence and correctness
# of a particular audit rule. The scheme is as follows:
#
# -----------------------------------------------------------------------------------------
#  Tool used to load audit rules | Rule already defined  |  Audit rules file to inspect    |
# -----------------------------------------------------------------------------------------
#        auditctl                |     Doesn't matter    |  /etc/audit/audit.rules         |
# -----------------------------------------------------------------------------------------
#        augenrules              |          Yes          |  /etc/audit/rules.d/*.rules     |
#        augenrules              |          No           |  /etc/audit/rules.d/$key.rules  |
# -----------------------------------------------------------------------------------------
#
files_to_inspect=()

# If audit tool is 'augenrules', then check if the audit rule is defined
# If rule is defined, add '/etc/audit/rules.d/*.rules' to the list for inspection
# If rule isn't defined yet, add '/etc/audit/rules.d/$key.rules' to the list for inspection
default_file="/etc/audit/rules.d/$KEY.rules"
# As other_filters may include paths, lets use a different delimiter for it
# The "F" script expression tells sed to print the filenames where the expressions matched
readarray -t files_to_inspect &lt; &lt;(sed -s -n -e "/^$ACTION_ARCH_FILTERS/!d" -e "\#$OTHER_FILTERS#!d" -e "/$AUID_FILTERS/!d" -e "F" /etc/audit/rules.d/*.rules)
# Case when particular rule isn't defined in /etc/audit/rules.d/*.rules yet
if [ ${#files_to_inspect[@]} -eq "0" ]
then
    file_to_inspect="/etc/audit/rules.d/$KEY.rules"
    files_to_inspect=("$file_to_inspect")
    if [ ! -e "$file_to_inspect" ]
    then
        touch "$file_to_inspect"
        chmod 0600 "$file_to_inspect"
    fi
fi

# After converting to jinja, we cannot return; therefore we skip the rest of the macro if needed instead
skip=1

for audit_file in "${files_to_inspect[@]}"
do
    # Filter existing $audit_file rules' definitions to select those that satisfy the rule pattern,
    # i.e, collect rules that match:
    # * the action, list and arch, (2-nd argument)
    # * the other filters, (3-rd argument)
    # * the auid filters, (4-rd argument)
    readarray -t similar_rules &lt; &lt;(sed -e "/^$ACTION_ARCH_FILTERS/!d"  -e "\#$OTHER_FILTERS#!d" -e "/$AUID_FILTERS/!d" "$audit_file")

    candidate_rules=()
    # Filter out rules that have more fields then required. This will remove rules more specific than the required scope
    for s_rule in "${similar_rules[@]}"
    do
        # Strip all the options and fields we know of,
        # than check if there was any field left over
        extra_fields=$(sed -E -e "s/^$ACTION_ARCH_FILTERS//"  -e "s#$OTHER_FILTERS##" -e "s/$AUID_FILTERS//" -e "s/((:?-S [[:alnum:],]+)+)//g" -e "s/-F key=\w+|-k \w+//"&lt;&lt;&lt; "$s_rule")
        grep -q -- "-F" &lt;&lt;&lt; "$extra_fields" || candidate_rules+=("$s_rule")
    done

    if [[ ${#syscall_a[@]} -ge 1 ]]
    then
        # Check if the syscall we want is present in any of the similar existing rules
        for rule in "${candidate_rules[@]}"
        do
            rule_syscalls=$(echo "$rule" | grep -o -P '(-S [\w,]+)+' | xargs)
            all_syscalls_found=0
            for syscall in "${syscall_a[@]}"
            do
                grep -q -- "\b${syscall}\b" &lt;&lt;&lt; "$rule_syscalls" || {
                   # A syscall was not found in the candidate rule
                   all_syscalls_found=1
                   }
            done
            if [[ $all_syscalls_found -eq 0 ]]
            then
                # We found a rule with all the syscall(s) we want; skip rest of macro
                skip=0
                break
            fi

            # Check if this rule can be grouped with our target syscall and keep track of it
            for syscall_g in "${syscall_grouping[@]}"
            do
                if grep -q -- "\b${syscall_g}\b" &lt;&lt;&lt; "$rule_syscalls"
                then
                    file_to_edit=${audit_file}
                    rule_to_edit=${rule}
                    rule_syscalls_to_edit=${rule_syscalls}
                fi
            done
        done
    else
        # If there is any candidate rule, it is compliant; skip rest of macro
        if [ "${#candidate_rules[@]}" -gt 0 ]
        then
            skip=0
        fi
    fi

    if [ "$skip" -eq 0 ]; then
        break
    fi
done

if [ "$skip" -ne 0 ]; then
    # We checked all rules that matched the expected resemblance pattern (action, arch &amp; auid)
    # At this point we know if we need to either append the $full_rule or group
    # the syscall together with an exsiting rule

    # Append the full_rule if it cannot be grouped to any other rule
    if [ -z ${rule_to_edit+x} ]
    then
        # Build full_rule while avoid adding double spaces when other_filters is empty
        if [ "${#syscall_a[@]}" -gt 0 ]
        then
            syscall_string=""
            for syscall in "${syscall_a[@]}"
            do
                syscall_string+=" -S $syscall"
            done
        fi
        other_string=$([[ $OTHER_FILTERS ]] &amp;&amp; echo " $OTHER_FILTERS") || /bin/true
        auid_string=$([[ $AUID_FILTERS ]] &amp;&amp; echo " $AUID_FILTERS") || /bin/true
        full_rule="$ACTION_ARCH_FILTERS${syscall_string}${other_string}${auid_string} -F key=$KEY" || /bin/true
        echo "$full_rule" &gt;&gt; "$default_file"
        chmod 0600 ${default_file}
    else
        # Check if the syscalls are declared as a comma separated list or
        # as multiple -S parameters
        if grep -q -- "," &lt;&lt;&lt; "${rule_syscalls_to_edit}"
        then
            delimiter=","
        else
            delimiter=" -S "
        fi
        new_grouped_syscalls="${rule_syscalls_to_edit}"
        for syscall in "${syscall_a[@]}"
        do
            grep -q -- "\b${syscall}\b" &lt;&lt;&lt; "${rule_syscalls_to_edit}" || {
               # A syscall was not found in the candidate rule
               new_grouped_syscalls+="${delimiter}${syscall}"
               }
        done

        # Group the syscall in the rule
        sed -i -e "\#${rule_to_edit}#s#${rule_syscalls_to_edit}#${new_grouped_syscalls}#" "$file_to_edit"
    fi
fi
unset syscall_a
unset syscall_grouping
unset syscall_string
unset syscall
unset file_to_edit
unset rule_to_edit
unset rule_syscalls_to_edit
unset other_string
unset auid_string
unset full_rule

# Load macro arguments into arrays
read -a syscall_a &lt;&lt;&lt; $SYSCALL
read -a syscall_grouping &lt;&lt;&lt; $SYSCALL_GROUPING

# Create a list of audit *.rules files that should be inspected for presence and correctness
# of a particular audit rule. The scheme is as follows:
#
# -----------------------------------------------------------------------------------------
#  Tool used to load audit rules | Rule already defined  |  Audit rules file to inspect    |
# -----------------------------------------------------------------------------------------
#        auditctl                |     Doesn't matter    |  /etc/audit/audit.rules         |
# -----------------------------------------------------------------------------------------
#        augenrules              |          Yes          |  /etc/audit/rules.d/*.rules     |
#        augenrules              |          No           |  /etc/audit/rules.d/$key.rules  |
# -----------------------------------------------------------------------------------------
#
files_to_inspect=()


# If audit tool is 'auditctl', then add '/etc/audit/audit.rules'
# file to the list of files to be inspected
default_file="/etc/audit/audit.rules"
files_to_inspect+=('/etc/audit/audit.rules' )

# After converting to jinja, we cannot return; therefore we skip the rest of the macro if needed instead
skip=1

for audit_file in "${files_to_inspect[@]}"
do
    # Filter existing $audit_file rules' definitions to select those that satisfy the rule pattern,
    # i.e, collect rules that match:
    # * the action, list and arch, (2-nd argument)
    # * the other filters, (3-rd argument)
    # * the auid filters, (4-rd argument)
    readarray -t similar_rules &lt; &lt;(sed -e "/^$ACTION_ARCH_FILTERS/!d"  -e "\#$OTHER_FILTERS#!d" -e "/$AUID_FILTERS/!d" "$audit_file")

    candidate_rules=()
    # Filter out rules that have more fields then required. This will remove rules more specific than the required scope
    for s_rule in "${similar_rules[@]}"
    do
        # Strip all the options and fields we know of,
        # than check if there was any field left over
        extra_fields=$(sed -E -e "s/^$ACTION_ARCH_FILTERS//"  -e "s#$OTHER_FILTERS##" -e "s/$AUID_FILTERS//" -e "s/((:?-S [[:alnum:],]+)+)//g" -e "s/-F key=\w+|-k \w+//"&lt;&lt;&lt; "$s_rule")
        grep -q -- "-F" &lt;&lt;&lt; "$extra_fields" || candidate_rules+=("$s_rule")
    done

    if [[ ${#syscall_a[@]} -ge 1 ]]
    then
        # Check if the syscall we want is present in any of the similar existing rules
        for rule in "${candidate_rules[@]}"
        do
            rule_syscalls=$(echo "$rule" | grep -o -P '(-S [\w,]+)+' | xargs)
            all_syscalls_found=0
            for syscall in "${syscall_a[@]}"
            do
                grep -q -- "\b${syscall}\b" &lt;&lt;&lt; "$rule_syscalls" || {
                   # A syscall was not found in the candidate rule
                   all_syscalls_found=1
                   }
            done
            if [[ $all_syscalls_found -eq 0 ]]
            then
                # We found a rule with all the syscall(s) we want; skip rest of macro
                skip=0
                break
            fi

            # Check if this rule can be grouped with our target syscall and keep track of it
            for syscall_g in "${syscall_grouping[@]}"
            do
                if grep -q -- "\b${syscall_g}\b" &lt;&lt;&lt; "$rule_syscalls"
                then
                    file_to_edit=${audit_file}
                    rule_to_edit=${rule}
                    rule_syscalls_to_edit=${rule_syscalls}
                fi
            done
        done
    else
        # If there is any candidate rule, it is compliant; skip rest of macro
        if [ "${#candidate_rules[@]}" -gt 0 ]
        then
            skip=0
        fi
    fi

    if [ "$skip" -eq 0 ]; then
        break
    fi
done

if [ "$skip" -ne 0 ]; then
    # We checked all rules that matched the expected resemblance pattern (action, arch &amp; auid)
    # At this point we know if we need to either append the $full_rule or group
    # the syscall together with an exsiting rule

    # Append the full_rule if it cannot be grouped to any other rule
    if [ -z ${rule_to_edit+x} ]
    then
        # Build full_rule while avoid adding double spaces when other_filters is empty
        if [ "${#syscall_a[@]}" -gt 0 ]
        then
            syscall_string=""
            for syscall in "${syscall_a[@]}"
            do
                syscall_string+=" -S $syscall"
            done
        fi
        other_string=$([[ $OTHER_FILTERS ]] &amp;&amp; echo " $OTHER_FILTERS") || /bin/true
        auid_string=$([[ $AUID_FILTERS ]] &amp;&amp; echo " $AUID_FILTERS") || /bin/true
        full_rule="$ACTION_ARCH_FILTERS${syscall_string}${other_string}${auid_string} -F key=$KEY" || /bin/true
        echo "$full_rule" &gt;&gt; "$default_file"
        chmod 0600 ${default_file}
    else
        # Check if the syscalls are declared as a comma separated list or
        # as multiple -S parameters
        if grep -q -- "," &lt;&lt;&lt; "${rule_syscalls_to_edit}"
        then
            delimiter=","
        else
            delimiter=" -S "
        fi
        new_grouped_syscalls="${rule_syscalls_to_edit}"
        for syscall in "${syscall_a[@]}"
        do
            grep -q -- "\b${syscall}\b" &lt;&lt;&lt; "${rule_syscalls_to_edit}" || {
               # A syscall was not found in the candidate rule
               new_grouped_syscalls+="${delimiter}${syscall}"
               }
        done

        # Group the syscall in the rule
        sed -i -e "\#${rule_to_edit}#s#${rule_syscalls_to_edit}#${new_grouped_syscalls}#" "$file_to_edit"
    fi
fi

else
    &gt;&amp;2 echo 'Remediation is not applicable, nothing was done'
fi
</fix>
          <fix xmlns:xhtml="http://www.w3.org/1999/xhtml" id="audit_rules_execution_rm" system="urn:xccdf:fix:script:ansible" complexity="low" disruption="low" strategy="restrict">- name: Gather the package facts
  package_facts:
    manager: auto
  tags:
  - CCE-85596-5
  - DISA-STIG-SLES-15-030460
  - audit_rules_execution_rm
  - low_complexity
  - low_disruption
  - medium_severity
  - no_reboot_needed
  - restrict_strategy

- name: Record Any Attempts to Run rm - Perform remediation of Audit rules for /usr/bin/rm
  block:

  - name: Declare list of syscalls
    ansible.builtin.set_fact:
      syscalls: []
      syscall_grouping: []

  - name: Check existence of  in /etc/audit/rules.d/
    ansible.builtin.find:
      paths: /etc/audit/rules.d
      contains: -a always,exit(( -S |,)\w+)*(( -S |,){{ item }})+(( -S |,)\w+)* -F
        path=/usr/bin/rm -F perm=x -F auid&gt;=1000 -F auid!=unset (-k\s+|-F\s+key=)\S+\s*$
      patterns: '*.rules'
    register: find_command
    loop: '{{ (syscall_grouping + syscalls) | unique }}'

  - name: Reset syscalls found per file
    ansible.builtin.set_fact:
      syscalls_per_file: {}
      found_paths_dict: {}

  - name: Declare syscalls found per file
    ansible.builtin.set_fact: syscalls_per_file="{{ syscalls_per_file | combine( {item.files[0].path
      :[item.item] + syscalls_per_file.get(item.files[0].path, []) } ) }}"
    loop: '{{ find_command.results | selectattr(''matched'') | list }}'

  - name: Declare files where syscalls were found
    ansible.builtin.set_fact: found_paths="{{ find_command.results | map(attribute='files')
      | flatten | map(attribute='path') | list }}"

  - name: Count occurrences of syscalls in paths
    ansible.builtin.set_fact: found_paths_dict="{{ found_paths_dict | combine({ item:1+found_paths_dict.get(item,
      0) }) }}"
    loop: '{{ find_command.results | map(attribute=''files'') | flatten | map(attribute=''path'')
      | list }}'

  - name: Get path with most syscalls
    ansible.builtin.set_fact: audit_file="{{ (found_paths_dict | dict2items() | sort(attribute='value')
      | last).key }}"
    when: found_paths | length &gt;= 1

  - name: No file with syscall found, set path to /etc/audit/rules.d/privileged.rules
    ansible.builtin.set_fact: audit_file="/etc/audit/rules.d/privileged.rules"
    when: found_paths | length == 0

  - name: Declare found syscalls
    ansible.builtin.set_fact: syscalls_found="{{ find_command.results | selectattr('matched')
      | map(attribute='item') | list }}"

  - name: Declare missing syscalls
    ansible.builtin.set_fact: missing_syscalls="{{ syscalls | difference(syscalls_found)
      }}"

  - name: Replace the audit rule in {{ audit_file }}
    ansible.builtin.lineinfile:
      path: '{{ audit_file }}'
      regexp: (-a always,exit)(?=.*(?:(?:-S |,)(?:{{ syscalls_per_file[audit_file]
        | join("|") }}))\b)((?:( -S |,)\w+)+)( -F path=/usr/bin/rm -F perm=x -F auid&gt;=1000
        -F auid!=unset (?:-k |-F key=)\w+)
      line: \1\2\3{{ missing_syscalls | join("\3") }}\4
      backrefs: true
      state: present
      mode: g-rwx,o-rwx
    when: syscalls_found | length &gt; 0 and missing_syscalls | length &gt; 0

  - name: Add the audit rule to {{ audit_file }}
    ansible.builtin.lineinfile:
      path: '{{ audit_file }}'
      line: -a always,exit{{ syscalls | join(',') }} -F path=/usr/bin/rm -F perm=x
        -F auid&gt;=1000 -F auid!=unset -F key=privileged
      create: true
      mode: g-rwx,o-rwx
      state: present
    when: syscalls_found | length == 0

  - name: Declare list of syscalls
    ansible.builtin.set_fact:
      syscalls: []
      syscall_grouping: []

  - name: Check existence of  in /etc/audit/audit.rules
    ansible.builtin.find:
      paths: /etc/audit
      contains: -a always,exit(( -S |,)\w+)*(( -S |,){{ item }})+(( -S |,)\w+)* -F
        path=/usr/bin/rm -F perm=x -F auid&gt;=1000 -F auid!=unset (-k\s+|-F\s+key=)\S+\s*$
      patterns: audit.rules
    register: find_command
    loop: '{{ (syscall_grouping + syscalls) | unique }}'

  - name: Set path to /etc/audit/audit.rules
    ansible.builtin.set_fact: audit_file="/etc/audit/audit.rules"

  - name: Declare found syscalls
    ansible.builtin.set_fact: syscalls_found="{{ find_command.results | selectattr('matched')
      | map(attribute='item') | list }}"

  - name: Declare missing syscalls
    ansible.builtin.set_fact: missing_syscalls="{{ syscalls | difference(syscalls_found)
      }}"

  - name: Replace the audit rule in {{ audit_file }}
    ansible.builtin.lineinfile:
      path: '{{ audit_file }}'
      regexp: (-a always,exit)(?=.*(?:(?:-S |,)(?:{{ syscalls_found | join("|") }}))\b)((?:(
        -S |,)\w+)+)( -F path=/usr/bin/rm -F perm=x -F auid&gt;=1000 -F auid!=unset (?:-k
        |-F key=)\w+)
      line: \1\2\3{{ missing_syscalls | join("\3") }}\4
      backrefs: true
      state: present
      mode: g-rwx,o-rwx
    when: syscalls_found | length &gt; 0 and missing_syscalls | length &gt; 0

  - name: Add the audit rule to {{ audit_file }}
    ansible.builtin.lineinfile:
      path: '{{ audit_file }}'
      line: -a always,exit{{ syscalls | join(',') }} -F path=/usr/bin/rm -F perm=x
        -F auid&gt;=1000 -F auid!=unset -F key=privileged
      create: true
      mode: g-rwx,o-rwx
      state: present
    when: syscalls_found | length == 0
  when:
  - '"audit" in ansible_facts.packages'
  - ("kernel-default" in ansible_facts.packages or "kernel-default-base" in ansible_facts.packages)
  tags:
  - CCE-85596-5
  - DISA-STIG-SLES-15-030460
  - audit_rules_execution_rm
  - low_complexity
  - low_disruption
  - medium_severity
  - no_reboot_needed
  - restrict_strategy
</fix>
          <check system="http://oval.mitre.org/XMLSchema/oval-definitions-5">
            <check-content-ref name="oval:ssg-audit_rules_execution_rm:def:1" href="ssg-sle15-oval.xml"/>
          </check>
          <check system="http://scap.nist.gov/schema/ocil/2">
            <check-content-ref name="ocil:ssg-audit_rules_execution_rm_ocil:questionnaire:1" href="ssg-sle15-ocil.xml"/>
          </check>
        </Rule>
        <Rule id="xccdf_org.ssgproject.content_rule_audit_rules_execution_semanage" selected="false" role="full" severity="medium">
          <title xmlns:xhtml="http://www.w3.org/1999/xhtml" xml:lang="en-US">Record Any Attempts to Run semanage</title>
          <description xmlns:xhtml="http://www.w3.org/1999/xhtml" xml:lang="en-US">


At a minimum, the audit system should collect the execution of privileged
commands for all users and root.

If the <html:code xmlns:html="http://www.w3.org/1999/xhtml">auditd</html:code> daemon is configured to use the <html:code xmlns:html="http://www.w3.org/1999/xhtml">augenrules</html:code>
program to read audit rules during daemon startup (the default), add
a line of the following form to a file with suffix <html:code xmlns:html="http://www.w3.org/1999/xhtml">.rules</html:code>
in the directory <html:code xmlns:html="http://www.w3.org/1999/xhtml">/etc/audit/rules.d</html:code>:
<html:pre xmlns:html="http://www.w3.org/1999/xhtml">-a always,exit -F path=/usr/sbin/semanage -F perm=x -F auid&gt;=1000 -F auid!=unset -F key=privileged</html:pre>

If the <html:code xmlns:html="http://www.w3.org/1999/xhtml">auditd</html:code> daemon is configured to use the <html:code xmlns:html="http://www.w3.org/1999/xhtml">auditctl</html:code>
utility to read audit rules during daemon startup, add a line of the
following form to <html:code xmlns:html="http://www.w3.org/1999/xhtml">/etc/audit/audit.rules</html:code>:
<html:pre xmlns:html="http://www.w3.org/1999/xhtml">-a always,exit -F path=/usr/sbin/semanage -F perm=x -F auid&gt;=1000 -F auid!=unset -F key=privileged</html:pre>
       </description>
          <reference href="https://www.cisecurity.org/controls/">1</reference>
          <reference href="https://www.cisecurity.org/controls/">12</reference>
          <reference href="https://www.cisecurity.org/controls/">13</reference>
          <reference href="https://www.cisecurity.org/controls/">14</reference>
          <reference href="https://www.cisecurity.org/controls/">15</reference>
          <reference href="https://www.cisecurity.org/controls/">16</reference>
          <reference href="https://www.cisecurity.org/controls/">2</reference>
          <reference href="https://www.cisecurity.org/controls/">3</reference>
          <reference href="https://www.cisecurity.org/controls/">5</reference>
          <reference href="https://www.cisecurity.org/controls/">6</reference>
          <reference href="https://www.cisecurity.org/controls/">7</reference>
          <reference href="https://www.cisecurity.org/controls/">8</reference>
          <reference href="https://www.cisecurity.org/controls/">9</reference>
          <reference href="https://www.isaca.org/resources/cobit">APO10.01</reference>
          <reference href="https://www.isaca.org/resources/cobit">APO10.03</reference>
          <reference href="https://www.isaca.org/resources/cobit">APO10.04</reference>
          <reference href="https://www.isaca.org/resources/cobit">APO10.05</reference>
          <reference href="https://www.isaca.org/resources/cobit">APO11.04</reference>
          <reference href="https://www.isaca.org/resources/cobit">BAI03.05</reference>
          <reference href="https://www.isaca.org/resources/cobit">DSS01.03</reference>
          <reference href="https://www.isaca.org/resources/cobit">DSS03.05</reference>
          <reference href="https://www.isaca.org/resources/cobit">DSS05.02</reference>
          <reference href="https://www.isaca.org/resources/cobit">DSS05.04</reference>
          <reference href="https://www.isaca.org/resources/cobit">DSS05.05</reference>
          <reference href="https://www.isaca.org/resources/cobit">DSS05.07</reference>
          <reference href="https://www.isaca.org/resources/cobit">MEA01.01</reference>
          <reference href="https://www.isaca.org/resources/cobit">MEA01.02</reference>
          <reference href="https://www.isaca.org/resources/cobit">MEA01.03</reference>
          <reference href="https://www.isaca.org/resources/cobit">MEA01.04</reference>
          <reference href="https://www.isaca.org/resources/cobit">MEA01.05</reference>
          <reference href="https://www.isaca.org/resources/cobit">MEA02.01</reference>
          <reference href="http://nvlpubs.nist.gov/nistpubs/SpecialPublications/NIST.SP.800-171.pdf">3.1.7</reference>
          <reference href="https://www.gpo.gov/fdsys/pkg/CFR-2007-title45-vol1/pdf/CFR-2007-title45-vol1-chapA-subchapC.pdf">164.308(a)(1)(ii)(D)</reference>
          <reference href="https://www.gpo.gov/fdsys/pkg/CFR-2007-title45-vol1/pdf/CFR-2007-title45-vol1-chapA-subchapC.pdf">164.308(a)(3)(ii)(A)</reference>
          <reference href="https://www.gpo.gov/fdsys/pkg/CFR-2007-title45-vol1/pdf/CFR-2007-title45-vol1-chapA-subchapC.pdf">164.308(a)(5)(ii)(C)</reference>
          <reference href="https://www.gpo.gov/fdsys/pkg/CFR-2007-title45-vol1/pdf/CFR-2007-title45-vol1-chapA-subchapC.pdf">164.312(a)(2)(i)</reference>
          <reference href="https://www.gpo.gov/fdsys/pkg/CFR-2007-title45-vol1/pdf/CFR-2007-title45-vol1-chapA-subchapC.pdf">164.312(b)</reference>
          <reference href="https://www.gpo.gov/fdsys/pkg/CFR-2007-title45-vol1/pdf/CFR-2007-title45-vol1-chapA-subchapC.pdf">164.312(d)</reference>
          <reference href="https://www.gpo.gov/fdsys/pkg/CFR-2007-title45-vol1/pdf/CFR-2007-title45-vol1-chapA-subchapC.pdf">164.312(e)</reference>
          <reference href="https://www.isa.org/products/isa-62443-2-1-2009-security-for-industrial-automat">4.3.2.6.7</reference>
          <reference href="https://www.isa.org/products/isa-62443-2-1-2009-security-for-industrial-automat">4.3.3.3.9</reference>
          <reference href="https://www.isa.org/products/isa-62443-2-1-2009-security-for-industrial-automat">4.3.3.5.8</reference>
          <reference href="https://www.isa.org/products/isa-62443-2-1-2009-security-for-industrial-automat">4.3.4.4.7</reference>
          <reference href="https://www.isa.org/products/isa-62443-2-1-2009-security-for-industrial-automat">4.4.2.1</reference>
          <reference href="https://www.isa.org/products/isa-62443-2-1-2009-security-for-industrial-automat">4.4.2.2</reference>
          <reference href="https://www.isa.org/products/isa-62443-2-1-2009-security-for-industrial-automat">4.4.2.4</reference>
          <reference href="https://www.isa.org/products/ansi-isa-62443-3-3-99-03-03-2013-security-for-indu">SR 2.10</reference>
          <reference href="https://www.isa.org/products/ansi-isa-62443-3-3-99-03-03-2013-security-for-indu">SR 2.11</reference>
          <reference href="https://www.isa.org/products/ansi-isa-62443-3-3-99-03-03-2013-security-for-indu">SR 2.12</reference>
          <reference href="https://www.isa.org/products/ansi-isa-62443-3-3-99-03-03-2013-security-for-indu">SR 2.8</reference>
          <reference href="https://www.isa.org/products/ansi-isa-62443-3-3-99-03-03-2013-security-for-indu">SR 2.9</reference>
          <reference href="https://www.isa.org/products/ansi-isa-62443-3-3-99-03-03-2013-security-for-indu">SR 6.1</reference>
          <reference href="https://www.isa.org/products/ansi-isa-62443-3-3-99-03-03-2013-security-for-indu">SR 6.2</reference>
          <reference href="https://www.iso.org/contents/data/standard/05/45/54534.html">A.12.4.1</reference>
          <reference href="https://www.iso.org/contents/data/standard/05/45/54534.html">A.12.4.2</reference>
          <reference href="https://www.iso.org/contents/data/standard/05/45/54534.html">A.12.4.3</reference>
          <reference href="https://www.iso.org/contents/data/standard/05/45/54534.html">A.12.4.4</reference>
          <reference href="https://www.iso.org/contents/data/standard/05/45/54534.html">A.12.7.1</reference>
          <reference href="https://www.iso.org/contents/data/standard/05/45/54534.html">A.14.2.7</reference>
          <reference href="https://www.iso.org/contents/data/standard/05/45/54534.html">A.15.2.1</reference>
          <reference href="https://www.iso.org/contents/data/standard/05/45/54534.html">A.15.2.2</reference>
          <reference href="https://www.nerc.com/standards/reliability-standards/cip">CIP-004-6 R2.2.2</reference>
          <reference href="https://www.nerc.com/standards/reliability-standards/cip">CIP-004-6 R2.2.3</reference>
          <reference href="https://www.nerc.com/standards/reliability-standards/cip">CIP-007-3 R.1.3</reference>
          <reference href="https://www.nerc.com/standards/reliability-standards/cip">CIP-007-3 R5</reference>
          <reference href="https://www.nerc.com/standards/reliability-standards/cip">CIP-007-3 R5.1.1</reference>
          <reference href="https://www.nerc.com/standards/reliability-standards/cip">CIP-007-3 R5.1.3</reference>
          <reference href="https://www.nerc.com/standards/reliability-standards/cip">CIP-007-3 R5.2.1</reference>
          <reference href="https://www.nerc.com/standards/reliability-standards/cip">CIP-007-3 R5.2.3</reference>
          <reference href="http://nvlpubs.nist.gov/nistpubs/SpecialPublications/NIST.SP.800-53r4.pdf">AC-2(4)</reference>
          <reference href="http://nvlpubs.nist.gov/nistpubs/SpecialPublications/NIST.SP.800-53r4.pdf">AU-2(d)</reference>
          <reference href="http://nvlpubs.nist.gov/nistpubs/SpecialPublications/NIST.SP.800-53r4.pdf">AU-12(c)</reference>
          <reference href="http://nvlpubs.nist.gov/nistpubs/SpecialPublications/NIST.SP.800-53r4.pdf">AC-6(9)</reference>
          <reference href="http://nvlpubs.nist.gov/nistpubs/SpecialPublications/NIST.SP.800-53r4.pdf">CM-6(a)</reference>
          <reference href="https://nvlpubs.nist.gov/nistpubs/CSWP/NIST.CSWP.04162018.pdf">DE.CM-1</reference>
          <reference href="https://nvlpubs.nist.gov/nistpubs/CSWP/NIST.CSWP.04162018.pdf">DE.CM-3</reference>
          <reference href="https://nvlpubs.nist.gov/nistpubs/CSWP/NIST.CSWP.04162018.pdf">DE.CM-7</reference>
          <reference href="https://nvlpubs.nist.gov/nistpubs/CSWP/NIST.CSWP.04162018.pdf">ID.SC-4</reference>
          <reference href="https://nvlpubs.nist.gov/nistpubs/CSWP/NIST.CSWP.04162018.pdf">PR.PT-1</reference>
          <reference href="https://www.cyber.mil/stigs/downloads/?_dl_facet_stigs=operating-systems%2Cgeneral-purpose-os">SRG-OS-000037-GPOS-00015</reference>
          <reference href="https://www.cyber.mil/stigs/downloads/?_dl_facet_stigs=operating-systems%2Cgeneral-purpose-os">SRG-OS-000042-GPOS-00020</reference>
          <reference href="https://www.cyber.mil/stigs/downloads/?_dl_facet_stigs=operating-systems%2Cgeneral-purpose-os">SRG-OS-000062-GPOS-00031</reference>
          <reference href="https://www.cyber.mil/stigs/downloads/?_dl_facet_stigs=operating-systems%2Cgeneral-purpose-os">SRG-OS-000392-GPOS-00172</reference>
          <reference href="https://www.cyber.mil/stigs/downloads/?_dl_facet_stigs=operating-systems%2Cgeneral-purpose-os">SRG-OS-000462-GPOS-00206</reference>
          <reference href="https://www.cyber.mil/stigs/downloads/?_dl_facet_stigs=operating-systems%2Cgeneral-purpose-os">SRG-OS-000471-GPOS-00215</reference>
          <reference href="https://www.cyber.mil/stigs/downloads/?_dl_facet_stigs=operating-systems%2Cgeneral-purpose-os">SRG-OS-000463-GPOS-00207</reference>
          <reference href="https://www.cyber.mil/stigs/downloads/?_dl_facet_stigs=operating-systems%2Cgeneral-purpose-os">SRG-OS-000465-GPOS-00209</reference>
          <reference href="https://www.cyber.mil/stigs/downloads/?_dl_facet_stigs=app-security">SRG-APP-000495-CTR-001235</reference>
          <reference href="https://www.cyber.mil/stigs/downloads/?_dl_facet_stigs=app-security">SRG-APP-000496-CTR-001240</reference>
          <reference href="https://www.cyber.mil/stigs/downloads/?_dl_facet_stigs=app-security">SRG-APP-000497-CTR-001245</reference>
          <reference href="https://www.cyber.mil/stigs/downloads/?_dl_facet_stigs=app-security">SRG-APP-000498-CTR-001250</reference>
          <reference href="https://www.cyber.gov.au/acsc/view-all-content/ism">0582</reference>
          <rationale xmlns:xhtml="http://www.w3.org/1999/xhtml" xml:lang="en-US">Misuse of privileged functions, either intentionally or unintentionally by
authorized users, or by unauthorized external entities that have compromised system accounts,
is a serious and ongoing concern and can have significant adverse impacts on organizations.
Auditing the use of privileged functions is one way to detect such misuse and identify
the risk from insider and advanced persistent threats.
<html:br xmlns:html="http://www.w3.org/1999/xhtml"/>
        <html:br xmlns:html="http://www.w3.org/1999/xhtml"/>
Privileged programs are subject to escalation-of-privilege attacks,
which attempt to subvert their normal role of providing some necessary but
limited capability. As such, motivation exists to monitor these programs for
unusual activity.</rationale>
          <ident system="https://ncp.nist.gov/cce">CCE-85819-1</ident>
          <fix xmlns:xhtml="http://www.w3.org/1999/xhtml" id="audit_rules_execution_semanage" system="urn:xccdf:fix:script:sh"># Remediation is applicable only in certain platforms
if rpm --quiet -q audit &amp;&amp; rpm --quiet -q kernel-default || rpm --quiet -q kernel-default-base; then

# Retrieve hardware architecture of the underlying system
OTHER_FILTERS="-F path=/usr/sbin/semanage -F perm=x"
AUID_FILTERS="-F auid&gt;=1000 -F auid!=unset"
SYSCALL=""
KEY="privileged"
SYSCALL_GROUPING=""


ACTION_ARCH_FILTERS="-a always,exit"
# Perform the remediation for both possible tools: 'auditctl' and 'augenrules'
unset syscall_a
unset syscall_grouping
unset syscall_string
unset syscall
unset file_to_edit
unset rule_to_edit
unset rule_syscalls_to_edit
unset other_string
unset auid_string
unset full_rule

# Load macro arguments into arrays
read -a syscall_a &lt;&lt;&lt; $SYSCALL
read -a syscall_grouping &lt;&lt;&lt; $SYSCALL_GROUPING

# Create a list of audit *.rules files that should be inspected for presence and correctness
# of a particular audit rule. The scheme is as follows:
#
# -----------------------------------------------------------------------------------------
#  Tool used to load audit rules | Rule already defined  |  Audit rules file to inspect    |
# -----------------------------------------------------------------------------------------
#        auditctl                |     Doesn't matter    |  /etc/audit/audit.rules         |
# -----------------------------------------------------------------------------------------
#        augenrules              |          Yes          |  /etc/audit/rules.d/*.rules     |
#        augenrules              |          No           |  /etc/audit/rules.d/$key.rules  |
# -----------------------------------------------------------------------------------------
#
files_to_inspect=()

# If audit tool is 'augenrules', then check if the audit rule is defined
# If rule is defined, add '/etc/audit/rules.d/*.rules' to the list for inspection
# If rule isn't defined yet, add '/etc/audit/rules.d/$key.rules' to the list for inspection
default_file="/etc/audit/rules.d/$KEY.rules"
# As other_filters may include paths, lets use a different delimiter for it
# The "F" script expression tells sed to print the filenames where the expressions matched
readarray -t files_to_inspect &lt; &lt;(sed -s -n -e "/^$ACTION_ARCH_FILTERS/!d" -e "\#$OTHER_FILTERS#!d" -e "/$AUID_FILTERS/!d" -e "F" /etc/audit/rules.d/*.rules)
# Case when particular rule isn't defined in /etc/audit/rules.d/*.rules yet
if [ ${#files_to_inspect[@]} -eq "0" ]
then
    file_to_inspect="/etc/audit/rules.d/$KEY.rules"
    files_to_inspect=("$file_to_inspect")
    if [ ! -e "$file_to_inspect" ]
    then
        touch "$file_to_inspect"
        chmod 0600 "$file_to_inspect"
    fi
fi

# After converting to jinja, we cannot return; therefore we skip the rest of the macro if needed instead
skip=1

for audit_file in "${files_to_inspect[@]}"
do
    # Filter existing $audit_file rules' definitions to select those that satisfy the rule pattern,
    # i.e, collect rules that match:
    # * the action, list and arch, (2-nd argument)
    # * the other filters, (3-rd argument)
    # * the auid filters, (4-rd argument)
    readarray -t similar_rules &lt; &lt;(sed -e "/^$ACTION_ARCH_FILTERS/!d"  -e "\#$OTHER_FILTERS#!d" -e "/$AUID_FILTERS/!d" "$audit_file")

    candidate_rules=()
    # Filter out rules that have more fields then required. This will remove rules more specific than the required scope
    for s_rule in "${similar_rules[@]}"
    do
        # Strip all the options and fields we know of,
        # than check if there was any field left over
        extra_fields=$(sed -E -e "s/^$ACTION_ARCH_FILTERS//"  -e "s#$OTHER_FILTERS##" -e "s/$AUID_FILTERS//" -e "s/((:?-S [[:alnum:],]+)+)//g" -e "s/-F key=\w+|-k \w+//"&lt;&lt;&lt; "$s_rule")
        grep -q -- "-F" &lt;&lt;&lt; "$extra_fields" || candidate_rules+=("$s_rule")
    done

    if [[ ${#syscall_a[@]} -ge 1 ]]
    then
        # Check if the syscall we want is present in any of the similar existing rules
        for rule in "${candidate_rules[@]}"
        do
            rule_syscalls=$(echo "$rule" | grep -o -P '(-S [\w,]+)+' | xargs)
            all_syscalls_found=0
            for syscall in "${syscall_a[@]}"
            do
                grep -q -- "\b${syscall}\b" &lt;&lt;&lt; "$rule_syscalls" || {
                   # A syscall was not found in the candidate rule
                   all_syscalls_found=1
                   }
            done
            if [[ $all_syscalls_found -eq 0 ]]
            then
                # We found a rule with all the syscall(s) we want; skip rest of macro
                skip=0
                break
            fi

            # Check if this rule can be grouped with our target syscall and keep track of it
            for syscall_g in "${syscall_grouping[@]}"
            do
                if grep -q -- "\b${syscall_g}\b" &lt;&lt;&lt; "$rule_syscalls"
                then
                    file_to_edit=${audit_file}
                    rule_to_edit=${rule}
                    rule_syscalls_to_edit=${rule_syscalls}
                fi
            done
        done
    else
        # If there is any candidate rule, it is compliant; skip rest of macro
        if [ "${#candidate_rules[@]}" -gt 0 ]
        then
            skip=0
        fi
    fi

    if [ "$skip" -eq 0 ]; then
        break
    fi
done

if [ "$skip" -ne 0 ]; then
    # We checked all rules that matched the expected resemblance pattern (action, arch &amp; auid)
    # At this point we know if we need to either append the $full_rule or group
    # the syscall together with an exsiting rule

    # Append the full_rule if it cannot be grouped to any other rule
    if [ -z ${rule_to_edit+x} ]
    then
        # Build full_rule while avoid adding double spaces when other_filters is empty
        if [ "${#syscall_a[@]}" -gt 0 ]
        then
            syscall_string=""
            for syscall in "${syscall_a[@]}"
            do
                syscall_string+=" -S $syscall"
            done
        fi
        other_string=$([[ $OTHER_FILTERS ]] &amp;&amp; echo " $OTHER_FILTERS") || /bin/true
        auid_string=$([[ $AUID_FILTERS ]] &amp;&amp; echo " $AUID_FILTERS") || /bin/true
        full_rule="$ACTION_ARCH_FILTERS${syscall_string}${other_string}${auid_string} -F key=$KEY" || /bin/true
        echo "$full_rule" &gt;&gt; "$default_file"
        chmod 0600 ${default_file}
    else
        # Check if the syscalls are declared as a comma separated list or
        # as multiple -S parameters
        if grep -q -- "," &lt;&lt;&lt; "${rule_syscalls_to_edit}"
        then
            delimiter=","
        else
            delimiter=" -S "
        fi
        new_grouped_syscalls="${rule_syscalls_to_edit}"
        for syscall in "${syscall_a[@]}"
        do
            grep -q -- "\b${syscall}\b" &lt;&lt;&lt; "${rule_syscalls_to_edit}" || {
               # A syscall was not found in the candidate rule
               new_grouped_syscalls+="${delimiter}${syscall}"
               }
        done

        # Group the syscall in the rule
        sed -i -e "\#${rule_to_edit}#s#${rule_syscalls_to_edit}#${new_grouped_syscalls}#" "$file_to_edit"
    fi
fi
unset syscall_a
unset syscall_grouping
unset syscall_string
unset syscall
unset file_to_edit
unset rule_to_edit
unset rule_syscalls_to_edit
unset other_string
unset auid_string
unset full_rule

# Load macro arguments into arrays
read -a syscall_a &lt;&lt;&lt; $SYSCALL
read -a syscall_grouping &lt;&lt;&lt; $SYSCALL_GROUPING

# Create a list of audit *.rules files that should be inspected for presence and correctness
# of a particular audit rule. The scheme is as follows:
#
# -----------------------------------------------------------------------------------------
#  Tool used to load audit rules | Rule already defined  |  Audit rules file to inspect    |
# -----------------------------------------------------------------------------------------
#        auditctl                |     Doesn't matter    |  /etc/audit/audit.rules         |
# -----------------------------------------------------------------------------------------
#        augenrules              |          Yes          |  /etc/audit/rules.d/*.rules     |
#        augenrules              |          No           |  /etc/audit/rules.d/$key.rules  |
# -----------------------------------------------------------------------------------------
#
files_to_inspect=()


# If audit tool is 'auditctl', then add '/etc/audit/audit.rules'
# file to the list of files to be inspected
default_file="/etc/audit/audit.rules"
files_to_inspect+=('/etc/audit/audit.rules' )

# After converting to jinja, we cannot return; therefore we skip the rest of the macro if needed instead
skip=1

for audit_file in "${files_to_inspect[@]}"
do
    # Filter existing $audit_file rules' definitions to select those that satisfy the rule pattern,
    # i.e, collect rules that match:
    # * the action, list and arch, (2-nd argument)
    # * the other filters, (3-rd argument)
    # * the auid filters, (4-rd argument)
    readarray -t similar_rules &lt; &lt;(sed -e "/^$ACTION_ARCH_FILTERS/!d"  -e "\#$OTHER_FILTERS#!d" -e "/$AUID_FILTERS/!d" "$audit_file")

    candidate_rules=()
    # Filter out rules that have more fields then required. This will remove rules more specific than the required scope
    for s_rule in "${similar_rules[@]}"
    do
        # Strip all the options and fields we know of,
        # than check if there was any field left over
        extra_fields=$(sed -E -e "s/^$ACTION_ARCH_FILTERS//"  -e "s#$OTHER_FILTERS##" -e "s/$AUID_FILTERS//" -e "s/((:?-S [[:alnum:],]+)+)//g" -e "s/-F key=\w+|-k \w+//"&lt;&lt;&lt; "$s_rule")
        grep -q -- "-F" &lt;&lt;&lt; "$extra_fields" || candidate_rules+=("$s_rule")
    done

    if [[ ${#syscall_a[@]} -ge 1 ]]
    then
        # Check if the syscall we want is present in any of the similar existing rules
        for rule in "${candidate_rules[@]}"
        do
            rule_syscalls=$(echo "$rule" | grep -o -P '(-S [\w,]+)+' | xargs)
            all_syscalls_found=0
            for syscall in "${syscall_a[@]}"
            do
                grep -q -- "\b${syscall}\b" &lt;&lt;&lt; "$rule_syscalls" || {
                   # A syscall was not found in the candidate rule
                   all_syscalls_found=1
                   }
            done
            if [[ $all_syscalls_found -eq 0 ]]
            then
                # We found a rule with all the syscall(s) we want; skip rest of macro
                skip=0
                break
            fi

            # Check if this rule can be grouped with our target syscall and keep track of it
            for syscall_g in "${syscall_grouping[@]}"
            do
                if grep -q -- "\b${syscall_g}\b" &lt;&lt;&lt; "$rule_syscalls"
                then
                    file_to_edit=${audit_file}
                    rule_to_edit=${rule}
                    rule_syscalls_to_edit=${rule_syscalls}
                fi
            done
        done
    else
        # If there is any candidate rule, it is compliant; skip rest of macro
        if [ "${#candidate_rules[@]}" -gt 0 ]
        then
            skip=0
        fi
    fi

    if [ "$skip" -eq 0 ]; then
        break
    fi
done

if [ "$skip" -ne 0 ]; then
    # We checked all rules that matched the expected resemblance pattern (action, arch &amp; auid)
    # At this point we know if we need to either append the $full_rule or group
    # the syscall together with an exsiting rule

    # Append the full_rule if it cannot be grouped to any other rule
    if [ -z ${rule_to_edit+x} ]
    then
        # Build full_rule while avoid adding double spaces when other_filters is empty
        if [ "${#syscall_a[@]}" -gt 0 ]
        then
            syscall_string=""
            for syscall in "${syscall_a[@]}"
            do
                syscall_string+=" -S $syscall"
            done
        fi
        other_string=$([[ $OTHER_FILTERS ]] &amp;&amp; echo " $OTHER_FILTERS") || /bin/true
        auid_string=$([[ $AUID_FILTERS ]] &amp;&amp; echo " $AUID_FILTERS") || /bin/true
        full_rule="$ACTION_ARCH_FILTERS${syscall_string}${other_string}${auid_string} -F key=$KEY" || /bin/true
        echo "$full_rule" &gt;&gt; "$default_file"
        chmod 0600 ${default_file}
    else
        # Check if the syscalls are declared as a comma separated list or
        # as multiple -S parameters
        if grep -q -- "," &lt;&lt;&lt; "${rule_syscalls_to_edit}"
        then
            delimiter=","
        else
            delimiter=" -S "
        fi
        new_grouped_syscalls="${rule_syscalls_to_edit}"
        for syscall in "${syscall_a[@]}"
        do
            grep -q -- "\b${syscall}\b" &lt;&lt;&lt; "${rule_syscalls_to_edit}" || {
               # A syscall was not found in the candidate rule
               new_grouped_syscalls+="${delimiter}${syscall}"
               }
        done

        # Group the syscall in the rule
        sed -i -e "\#${rule_to_edit}#s#${rule_syscalls_to_edit}#${new_grouped_syscalls}#" "$file_to_edit"
    fi
fi

else
    &gt;&amp;2 echo 'Remediation is not applicable, nothing was done'
fi
</fix>
          <fix xmlns:xhtml="http://www.w3.org/1999/xhtml" id="audit_rules_execution_semanage" system="urn:xccdf:fix:script:ansible" complexity="low" disruption="low" strategy="restrict">- name: Gather the package facts
  package_facts:
    manager: auto
  tags:
  - CCE-85819-1
  - NIST-800-171-3.1.7
  - NIST-800-53-AC-2(4)
  - NIST-800-53-AC-6(9)
  - NIST-800-53-AU-12(c)
  - NIST-800-53-AU-2(d)
  - NIST-800-53-CM-6(a)
  - audit_rules_execution_semanage
  - low_complexity
  - low_disruption
  - medium_severity
  - no_reboot_needed
  - restrict_strategy

- name: Record Any Attempts to Run semanage - Perform remediation of Audit rules for
    /usr/sbin/semanage
  block:

  - name: Declare list of syscalls
    ansible.builtin.set_fact:
      syscalls: []
      syscall_grouping: []

  - name: Check existence of  in /etc/audit/rules.d/
    ansible.builtin.find:
      paths: /etc/audit/rules.d
      contains: -a always,exit(( -S |,)\w+)*(( -S |,){{ item }})+(( -S |,)\w+)* -F
        path=/usr/sbin/semanage -F perm=x -F auid&gt;=1000 -F auid!=unset (-k\s+|-F\s+key=)\S+\s*$
      patterns: '*.rules'
    register: find_command
    loop: '{{ (syscall_grouping + syscalls) | unique }}'

  - name: Reset syscalls found per file
    ansible.builtin.set_fact:
      syscalls_per_file: {}
      found_paths_dict: {}

  - name: Declare syscalls found per file
    ansible.builtin.set_fact: syscalls_per_file="{{ syscalls_per_file | combine( {item.files[0].path
      :[item.item] + syscalls_per_file.get(item.files[0].path, []) } ) }}"
    loop: '{{ find_command.results | selectattr(''matched'') | list }}'

  - name: Declare files where syscalls were found
    ansible.builtin.set_fact: found_paths="{{ find_command.results | map(attribute='files')
      | flatten | map(attribute='path') | list }}"

  - name: Count occurrences of syscalls in paths
    ansible.builtin.set_fact: found_paths_dict="{{ found_paths_dict | combine({ item:1+found_paths_dict.get(item,
      0) }) }}"
    loop: '{{ find_command.results | map(attribute=''files'') | flatten | map(attribute=''path'')
      | list }}'

  - name: Get path with most syscalls
    ansible.builtin.set_fact: audit_file="{{ (found_paths_dict | dict2items() | sort(attribute='value')
      | last).key }}"
    when: found_paths | length &gt;= 1

  - name: No file with syscall found, set path to /etc/audit/rules.d/privileged.rules
    ansible.builtin.set_fact: audit_file="/etc/audit/rules.d/privileged.rules"
    when: found_paths | length == 0

  - name: Declare found syscalls
    ansible.builtin.set_fact: syscalls_found="{{ find_command.results | selectattr('matched')
      | map(attribute='item') | list }}"

  - name: Declare missing syscalls
    ansible.builtin.set_fact: missing_syscalls="{{ syscalls | difference(syscalls_found)
      }}"

  - name: Replace the audit rule in {{ audit_file }}
    ansible.builtin.lineinfile:
      path: '{{ audit_file }}'
      regexp: (-a always,exit)(?=.*(?:(?:-S |,)(?:{{ syscalls_per_file[audit_file]
        | join("|") }}))\b)((?:( -S |,)\w+)+)( -F path=/usr/sbin/semanage -F perm=x
        -F auid&gt;=1000 -F auid!=unset (?:-k |-F key=)\w+)
      line: \1\2\3{{ missing_syscalls | join("\3") }}\4
      backrefs: true
      state: present
      mode: g-rwx,o-rwx
    when: syscalls_found | length &gt; 0 and missing_syscalls | length &gt; 0

  - name: Add the audit rule to {{ audit_file }}
    ansible.builtin.lineinfile:
      path: '{{ audit_file }}'
      line: -a always,exit{{ syscalls | join(',') }} -F path=/usr/sbin/semanage -F
        perm=x -F auid&gt;=1000 -F auid!=unset -F key=privileged
      create: true
      mode: g-rwx,o-rwx
      state: present
    when: syscalls_found | length == 0

  - name: Declare list of syscalls
    ansible.builtin.set_fact:
      syscalls: []
      syscall_grouping: []

  - name: Check existence of  in /etc/audit/audit.rules
    ansible.builtin.find:
      paths: /etc/audit
      contains: -a always,exit(( -S |,)\w+)*(( -S |,){{ item }})+(( -S |,)\w+)* -F
        path=/usr/sbin/semanage -F perm=x -F auid&gt;=1000 -F auid!=unset (-k\s+|-F\s+key=)\S+\s*$
      patterns: audit.rules
    register: find_command
    loop: '{{ (syscall_grouping + syscalls) | unique }}'

  - name: Set path to /etc/audit/audit.rules
    ansible.builtin.set_fact: audit_file="/etc/audit/audit.rules"

  - name: Declare found syscalls
    ansible.builtin.set_fact: syscalls_found="{{ find_command.results | selectattr('matched')
      | map(attribute='item') | list }}"

  - name: Declare missing syscalls
    ansible.builtin.set_fact: missing_syscalls="{{ syscalls | difference(syscalls_found)
      }}"

  - name: Replace the audit rule in {{ audit_file }}
    ansible.builtin.lineinfile:
      path: '{{ audit_file }}'
      regexp: (-a always,exit)(?=.*(?:(?:-S |,)(?:{{ syscalls_found | join("|") }}))\b)((?:(
        -S |,)\w+)+)( -F path=/usr/sbin/semanage -F perm=x -F auid&gt;=1000 -F auid!=unset
        (?:-k |-F key=)\w+)
      line: \1\2\3{{ missing_syscalls | join("\3") }}\4
      backrefs: true
      state: present
      mode: g-rwx,o-rwx
    when: syscalls_found | length &gt; 0 and missing_syscalls | length &gt; 0

  - name: Add the audit rule to {{ audit_file }}
    ansible.builtin.lineinfile:
      path: '{{ audit_file }}'
      line: -a always,exit{{ syscalls | join(',') }} -F path=/usr/sbin/semanage -F
        perm=x -F auid&gt;=1000 -F auid!=unset -F key=privileged
      create: true
      mode: g-rwx,o-rwx
      state: present
    when: syscalls_found | length == 0
  when:
  - '"audit" in ansible_facts.packages'
  - ("kernel-default" in ansible_facts.packages or "kernel-default-base" in ansible_facts.packages)
  tags:
  - CCE-85819-1
  - NIST-800-171-3.1.7
  - NIST-800-53-AC-2(4)
  - NIST-800-53-AC-6(9)
  - NIST-800-53-AU-12(c)
  - NIST-800-53-AU-2(d)
  - NIST-800-53-CM-6(a)
  - audit_rules_execution_semanage
  - low_complexity
  - low_disruption
  - medium_severity
  - no_reboot_needed
  - restrict_strategy
</fix>
          <check system="http://oval.mitre.org/XMLSchema/oval-definitions-5">
            <check-content-ref name="oval:ssg-audit_rules_execution_semanage:def:1" href="ssg-sle15-oval.xml"/>
          </check>
          <check system="http://scap.nist.gov/schema/ocil/2">
            <check-content-ref name="ocil:ssg-audit_rules_execution_semanage_ocil:questionnaire:1" href="ssg-sle15-ocil.xml"/>
          </check>
        </Rule>
        <Rule id="xccdf_org.ssgproject.content_rule_audit_rules_execution_setsebool" selected="false" role="full" severity="medium">
          <title xmlns:xhtml="http://www.w3.org/1999/xhtml" xml:lang="en-US">Record Any Attempts to Run setsebool</title>
          <description xmlns:xhtml="http://www.w3.org/1999/xhtml" xml:lang="en-US">


At a minimum, the audit system should collect the execution of privileged
commands for all users and root.

If the <html:code xmlns:html="http://www.w3.org/1999/xhtml">auditd</html:code> daemon is configured to use the <html:code xmlns:html="http://www.w3.org/1999/xhtml">augenrules</html:code>
program to read audit rules during daemon startup (the default), add
a line of the following form to a file with suffix <html:code xmlns:html="http://www.w3.org/1999/xhtml">.rules</html:code>
in the directory <html:code xmlns:html="http://www.w3.org/1999/xhtml">/etc/audit/rules.d</html:code>:
<html:pre xmlns:html="http://www.w3.org/1999/xhtml">-a always,exit -F path=/usr/sbin/setsebool -F perm=x -F auid&gt;=1000 -F auid!=unset -F key=privileged</html:pre>

If the <html:code xmlns:html="http://www.w3.org/1999/xhtml">auditd</html:code> daemon is configured to use the <html:code xmlns:html="http://www.w3.org/1999/xhtml">auditctl</html:code>
utility to read audit rules during daemon startup, add a line of the
following form to <html:code xmlns:html="http://www.w3.org/1999/xhtml">/etc/audit/audit.rules</html:code>:
<html:pre xmlns:html="http://www.w3.org/1999/xhtml">-a always,exit -F path=/usr/sbin/setsebool -F perm=x -F auid&gt;=1000 -F auid!=unset -F key=privileged</html:pre>
       </description>
          <reference href="https://www.cisecurity.org/controls/">1</reference>
          <reference href="https://www.cisecurity.org/controls/">12</reference>
          <reference href="https://www.cisecurity.org/controls/">13</reference>
          <reference href="https://www.cisecurity.org/controls/">14</reference>
          <reference href="https://www.cisecurity.org/controls/">15</reference>
          <reference href="https://www.cisecurity.org/controls/">16</reference>
          <reference href="https://www.cisecurity.org/controls/">2</reference>
          <reference href="https://www.cisecurity.org/controls/">3</reference>
          <reference href="https://www.cisecurity.org/controls/">5</reference>
          <reference href="https://www.cisecurity.org/controls/">6</reference>
          <reference href="https://www.cisecurity.org/controls/">7</reference>
          <reference href="https://www.cisecurity.org/controls/">8</reference>
          <reference href="https://www.cisecurity.org/controls/">9</reference>
          <reference href="https://www.isaca.org/resources/cobit">APO10.01</reference>
          <reference href="https://www.isaca.org/resources/cobit">APO10.03</reference>
          <reference href="https://www.isaca.org/resources/cobit">APO10.04</reference>
          <reference href="https://www.isaca.org/resources/cobit">APO10.05</reference>
          <reference href="https://www.isaca.org/resources/cobit">APO11.04</reference>
          <reference href="https://www.isaca.org/resources/cobit">BAI03.05</reference>
          <reference href="https://www.isaca.org/resources/cobit">DSS01.03</reference>
          <reference href="https://www.isaca.org/resources/cobit">DSS03.05</reference>
          <reference href="https://www.isaca.org/resources/cobit">DSS05.02</reference>
          <reference href="https://www.isaca.org/resources/cobit">DSS05.04</reference>
          <reference href="https://www.isaca.org/resources/cobit">DSS05.05</reference>
          <reference href="https://www.isaca.org/resources/cobit">DSS05.07</reference>
          <reference href="https://www.isaca.org/resources/cobit">MEA01.01</reference>
          <reference href="https://www.isaca.org/resources/cobit">MEA01.02</reference>
          <reference href="https://www.isaca.org/resources/cobit">MEA01.03</reference>
          <reference href="https://www.isaca.org/resources/cobit">MEA01.04</reference>
          <reference href="https://www.isaca.org/resources/cobit">MEA01.05</reference>
          <reference href="https://www.isaca.org/resources/cobit">MEA02.01</reference>
          <reference href="http://nvlpubs.nist.gov/nistpubs/SpecialPublications/NIST.SP.800-171.pdf">3.1.7</reference>
          <reference href="https://www.gpo.gov/fdsys/pkg/CFR-2007-title45-vol1/pdf/CFR-2007-title45-vol1-chapA-subchapC.pdf">164.308(a)(1)(ii)(D)</reference>
          <reference href="https://www.gpo.gov/fdsys/pkg/CFR-2007-title45-vol1/pdf/CFR-2007-title45-vol1-chapA-subchapC.pdf">164.308(a)(3)(ii)(A)</reference>
          <reference href="https://www.gpo.gov/fdsys/pkg/CFR-2007-title45-vol1/pdf/CFR-2007-title45-vol1-chapA-subchapC.pdf">164.308(a)(5)(ii)(C)</reference>
          <reference href="https://www.gpo.gov/fdsys/pkg/CFR-2007-title45-vol1/pdf/CFR-2007-title45-vol1-chapA-subchapC.pdf">164.312(a)(2)(i)</reference>
          <reference href="https://www.gpo.gov/fdsys/pkg/CFR-2007-title45-vol1/pdf/CFR-2007-title45-vol1-chapA-subchapC.pdf">164.312(b)</reference>
          <reference href="https://www.gpo.gov/fdsys/pkg/CFR-2007-title45-vol1/pdf/CFR-2007-title45-vol1-chapA-subchapC.pdf">164.312(d)</reference>
          <reference href="https://www.gpo.gov/fdsys/pkg/CFR-2007-title45-vol1/pdf/CFR-2007-title45-vol1-chapA-subchapC.pdf">164.312(e)</reference>
          <reference href="https://www.isa.org/products/isa-62443-2-1-2009-security-for-industrial-automat">4.3.2.6.7</reference>
          <reference href="https://www.isa.org/products/isa-62443-2-1-2009-security-for-industrial-automat">4.3.3.3.9</reference>
          <reference href="https://www.isa.org/products/isa-62443-2-1-2009-security-for-industrial-automat">4.3.3.5.8</reference>
          <reference href="https://www.isa.org/products/isa-62443-2-1-2009-security-for-industrial-automat">4.3.4.4.7</reference>
          <reference href="https://www.isa.org/products/isa-62443-2-1-2009-security-for-industrial-automat">4.4.2.1</reference>
          <reference href="https://www.isa.org/products/isa-62443-2-1-2009-security-for-industrial-automat">4.4.2.2</reference>
          <reference href="https://www.isa.org/products/isa-62443-2-1-2009-security-for-industrial-automat">4.4.2.4</reference>
          <reference href="https://www.isa.org/products/ansi-isa-62443-3-3-99-03-03-2013-security-for-indu">SR 2.10</reference>
          <reference href="https://www.isa.org/products/ansi-isa-62443-3-3-99-03-03-2013-security-for-indu">SR 2.11</reference>
          <reference href="https://www.isa.org/products/ansi-isa-62443-3-3-99-03-03-2013-security-for-indu">SR 2.12</reference>
          <reference href="https://www.isa.org/products/ansi-isa-62443-3-3-99-03-03-2013-security-for-indu">SR 2.8</reference>
          <reference href="https://www.isa.org/products/ansi-isa-62443-3-3-99-03-03-2013-security-for-indu">SR 2.9</reference>
          <reference href="https://www.isa.org/products/ansi-isa-62443-3-3-99-03-03-2013-security-for-indu">SR 6.1</reference>
          <reference href="https://www.isa.org/products/ansi-isa-62443-3-3-99-03-03-2013-security-for-indu">SR 6.2</reference>
          <reference href="https://www.iso.org/contents/data/standard/05/45/54534.html">A.12.4.1</reference>
          <reference href="https://www.iso.org/contents/data/standard/05/45/54534.html">A.12.4.2</reference>
          <reference href="https://www.iso.org/contents/data/standard/05/45/54534.html">A.12.4.3</reference>
          <reference href="https://www.iso.org/contents/data/standard/05/45/54534.html">A.12.4.4</reference>
          <reference href="https://www.iso.org/contents/data/standard/05/45/54534.html">A.12.7.1</reference>
          <reference href="https://www.iso.org/contents/data/standard/05/45/54534.html">A.14.2.7</reference>
          <reference href="https://www.iso.org/contents/data/standard/05/45/54534.html">A.15.2.1</reference>
          <reference href="https://www.iso.org/contents/data/standard/05/45/54534.html">A.15.2.2</reference>
          <reference href="http://nvlpubs.nist.gov/nistpubs/SpecialPublications/NIST.SP.800-53r4.pdf">AU-2(d)</reference>
          <reference href="http://nvlpubs.nist.gov/nistpubs/SpecialPublications/NIST.SP.800-53r4.pdf">AU-12(c)</reference>
          <reference href="http://nvlpubs.nist.gov/nistpubs/SpecialPublications/NIST.SP.800-53r4.pdf">AC-6(9)</reference>
          <reference href="http://nvlpubs.nist.gov/nistpubs/SpecialPublications/NIST.SP.800-53r4.pdf">CM-6(a)</reference>
          <reference href="https://nvlpubs.nist.gov/nistpubs/CSWP/NIST.CSWP.04162018.pdf">DE.CM-1</reference>
          <reference href="https://nvlpubs.nist.gov/nistpubs/CSWP/NIST.CSWP.04162018.pdf">DE.CM-3</reference>
          <reference href="https://nvlpubs.nist.gov/nistpubs/CSWP/NIST.CSWP.04162018.pdf">DE.CM-7</reference>
          <reference href="https://nvlpubs.nist.gov/nistpubs/CSWP/NIST.CSWP.04162018.pdf">ID.SC-4</reference>
          <reference href="https://nvlpubs.nist.gov/nistpubs/CSWP/NIST.CSWP.04162018.pdf">PR.PT-1</reference>
          <reference href="https://www.cyber.mil/stigs/downloads/?_dl_facet_stigs=operating-systems%2Cgeneral-purpose-os">SRG-OS-000037-GPOS-00015</reference>
          <reference href="https://www.cyber.mil/stigs/downloads/?_dl_facet_stigs=operating-systems%2Cgeneral-purpose-os">SRG-OS-000042-GPOS-00020</reference>
          <reference href="https://www.cyber.mil/stigs/downloads/?_dl_facet_stigs=operating-systems%2Cgeneral-purpose-os">SRG-OS-000062-GPOS-00031</reference>
          <reference href="https://www.cyber.mil/stigs/downloads/?_dl_facet_stigs=operating-systems%2Cgeneral-purpose-os">SRG-OS-000392-GPOS-00172</reference>
          <reference href="https://www.cyber.mil/stigs/downloads/?_dl_facet_stigs=operating-systems%2Cgeneral-purpose-os">SRG-OS-000462-GPOS-00206</reference>
          <reference href="https://www.cyber.mil/stigs/downloads/?_dl_facet_stigs=operating-systems%2Cgeneral-purpose-os">SRG-OS-000471-GPOS-00215</reference>
          <reference href="https://www.cyber.mil/stigs/downloads/?_dl_facet_stigs=operating-systems%2Cgeneral-purpose-os">SRG-OS-000463-GPOS-00207</reference>
          <reference href="https://www.cyber.mil/stigs/downloads/?_dl_facet_stigs=operating-systems%2Cgeneral-purpose-os">SRG-OS-000465-GPOS-00209</reference>
          <reference href="https://www.cyber.mil/stigs/downloads/?_dl_facet_stigs=app-security">SRG-APP-000495-CTR-001235</reference>
          <reference href="https://www.cyber.mil/stigs/downloads/?_dl_facet_stigs=app-security">SRG-APP-000496-CTR-001240</reference>
          <reference href="https://www.cyber.mil/stigs/downloads/?_dl_facet_stigs=app-security">SRG-APP-000497-CTR-001245</reference>
          <reference href="https://www.cyber.mil/stigs/downloads/?_dl_facet_stigs=app-security">SRG-APP-000498-CTR-001250</reference>
          <reference href="https://www.cyber.gov.au/acsc/view-all-content/ism">0582</reference>
          <rationale xmlns:xhtml="http://www.w3.org/1999/xhtml" xml:lang="en-US">Misuse of privileged functions, either intentionally or unintentionally by
authorized users, or by unauthorized external entities that have compromised system accounts,
is a serious and ongoing concern and can have significant adverse impacts on organizations.
Auditing the use of privileged functions is one way to detect such misuse and identify
the risk from insider and advanced persistent threats.
<html:br xmlns:html="http://www.w3.org/1999/xhtml"/>
        <html:br xmlns:html="http://www.w3.org/1999/xhtml"/>
Privileged programs are subject to escalation-of-privilege attacks,
which attempt to subvert their normal role of providing some necessary but
limited capability. As such, motivation exists to monitor these programs for
unusual activity.</rationale>
          <ident system="https://ncp.nist.gov/cce">CCE-85818-3</ident>
          <fix xmlns:xhtml="http://www.w3.org/1999/xhtml" id="audit_rules_execution_setsebool" system="urn:xccdf:fix:script:sh"># Remediation is applicable only in certain platforms
if rpm --quiet -q audit &amp;&amp; rpm --quiet -q kernel-default || rpm --quiet -q kernel-default-base; then

# Retrieve hardware architecture of the underlying system
OTHER_FILTERS="-F path=/usr/sbin/setsebool -F perm=x"
AUID_FILTERS="-F auid&gt;=1000 -F auid!=unset"
SYSCALL=""
KEY="privileged"
SYSCALL_GROUPING=""


ACTION_ARCH_FILTERS="-a always,exit"
# Perform the remediation for both possible tools: 'auditctl' and 'augenrules'
unset syscall_a
unset syscall_grouping
unset syscall_string
unset syscall
unset file_to_edit
unset rule_to_edit
unset rule_syscalls_to_edit
unset other_string
unset auid_string
unset full_rule

# Load macro arguments into arrays
read -a syscall_a &lt;&lt;&lt; $SYSCALL
read -a syscall_grouping &lt;&lt;&lt; $SYSCALL_GROUPING

# Create a list of audit *.rules files that should be inspected for presence and correctness
# of a particular audit rule. The scheme is as follows:
#
# -----------------------------------------------------------------------------------------
#  Tool used to load audit rules | Rule already defined  |  Audit rules file to inspect    |
# -----------------------------------------------------------------------------------------
#        auditctl                |     Doesn't matter    |  /etc/audit/audit.rules         |
# -----------------------------------------------------------------------------------------
#        augenrules              |          Yes          |  /etc/audit/rules.d/*.rules     |
#        augenrules              |          No           |  /etc/audit/rules.d/$key.rules  |
# -----------------------------------------------------------------------------------------
#
files_to_inspect=()

# If audit tool is 'augenrules', then check if the audit rule is defined
# If rule is defined, add '/etc/audit/rules.d/*.rules' to the list for inspection
# If rule isn't defined yet, add '/etc/audit/rules.d/$key.rules' to the list for inspection
default_file="/etc/audit/rules.d/$KEY.rules"
# As other_filters may include paths, lets use a different delimiter for it
# The "F" script expression tells sed to print the filenames where the expressions matched
readarray -t files_to_inspect &lt; &lt;(sed -s -n -e "/^$ACTION_ARCH_FILTERS/!d" -e "\#$OTHER_FILTERS#!d" -e "/$AUID_FILTERS/!d" -e "F" /etc/audit/rules.d/*.rules)
# Case when particular rule isn't defined in /etc/audit/rules.d/*.rules yet
if [ ${#files_to_inspect[@]} -eq "0" ]
then
    file_to_inspect="/etc/audit/rules.d/$KEY.rules"
    files_to_inspect=("$file_to_inspect")
    if [ ! -e "$file_to_inspect" ]
    then
        touch "$file_to_inspect"
        chmod 0600 "$file_to_inspect"
    fi
fi

# After converting to jinja, we cannot return; therefore we skip the rest of the macro if needed instead
skip=1

for audit_file in "${files_to_inspect[@]}"
do
    # Filter existing $audit_file rules' definitions to select those that satisfy the rule pattern,
    # i.e, collect rules that match:
    # * the action, list and arch, (2-nd argument)
    # * the other filters, (3-rd argument)
    # * the auid filters, (4-rd argument)
    readarray -t similar_rules &lt; &lt;(sed -e "/^$ACTION_ARCH_FILTERS/!d"  -e "\#$OTHER_FILTERS#!d" -e "/$AUID_FILTERS/!d" "$audit_file")

    candidate_rules=()
    # Filter out rules that have more fields then required. This will remove rules more specific than the required scope
    for s_rule in "${similar_rules[@]}"
    do
        # Strip all the options and fields we know of,
        # than check if there was any field left over
        extra_fields=$(sed -E -e "s/^$ACTION_ARCH_FILTERS//"  -e "s#$OTHER_FILTERS##" -e "s/$AUID_FILTERS//" -e "s/((:?-S [[:alnum:],]+)+)//g" -e "s/-F key=\w+|-k \w+//"&lt;&lt;&lt; "$s_rule")
        grep -q -- "-F" &lt;&lt;&lt; "$extra_fields" || candidate_rules+=("$s_rule")
    done

    if [[ ${#syscall_a[@]} -ge 1 ]]
    then
        # Check if the syscall we want is present in any of the similar existing rules
        for rule in "${candidate_rules[@]}"
        do
            rule_syscalls=$(echo "$rule" | grep -o -P '(-S [\w,]+)+' | xargs)
            all_syscalls_found=0
            for syscall in "${syscall_a[@]}"
            do
                grep -q -- "\b${syscall}\b" &lt;&lt;&lt; "$rule_syscalls" || {
                   # A syscall was not found in the candidate rule
                   all_syscalls_found=1
                   }
            done
            if [[ $all_syscalls_found -eq 0 ]]
            then
                # We found a rule with all the syscall(s) we want; skip rest of macro
                skip=0
                break
            fi

            # Check if this rule can be grouped with our target syscall and keep track of it
            for syscall_g in "${syscall_grouping[@]}"
            do
                if grep -q -- "\b${syscall_g}\b" &lt;&lt;&lt; "$rule_syscalls"
                then
                    file_to_edit=${audit_file}
                    rule_to_edit=${rule}
                    rule_syscalls_to_edit=${rule_syscalls}
                fi
            done
        done
    else
        # If there is any candidate rule, it is compliant; skip rest of macro
        if [ "${#candidate_rules[@]}" -gt 0 ]
        then
            skip=0
        fi
    fi

    if [ "$skip" -eq 0 ]; then
        break
    fi
done

if [ "$skip" -ne 0 ]; then
    # We checked all rules that matched the expected resemblance pattern (action, arch &amp; auid)
    # At this point we know if we need to either append the $full_rule or group
    # the syscall together with an exsiting rule

    # Append the full_rule if it cannot be grouped to any other rule
    if [ -z ${rule_to_edit+x} ]
    then
        # Build full_rule while avoid adding double spaces when other_filters is empty
        if [ "${#syscall_a[@]}" -gt 0 ]
        then
            syscall_string=""
            for syscall in "${syscall_a[@]}"
            do
                syscall_string+=" -S $syscall"
            done
        fi
        other_string=$([[ $OTHER_FILTERS ]] &amp;&amp; echo " $OTHER_FILTERS") || /bin/true
        auid_string=$([[ $AUID_FILTERS ]] &amp;&amp; echo " $AUID_FILTERS") || /bin/true
        full_rule="$ACTION_ARCH_FILTERS${syscall_string}${other_string}${auid_string} -F key=$KEY" || /bin/true
        echo "$full_rule" &gt;&gt; "$default_file"
        chmod 0600 ${default_file}
    else
        # Check if the syscalls are declared as a comma separated list or
        # as multiple -S parameters
        if grep -q -- "," &lt;&lt;&lt; "${rule_syscalls_to_edit}"
        then
            delimiter=","
        else
            delimiter=" -S "
        fi
        new_grouped_syscalls="${rule_syscalls_to_edit}"
        for syscall in "${syscall_a[@]}"
        do
            grep -q -- "\b${syscall}\b" &lt;&lt;&lt; "${rule_syscalls_to_edit}" || {
               # A syscall was not found in the candidate rule
               new_grouped_syscalls+="${delimiter}${syscall}"
               }
        done

        # Group the syscall in the rule
        sed -i -e "\#${rule_to_edit}#s#${rule_syscalls_to_edit}#${new_grouped_syscalls}#" "$file_to_edit"
    fi
fi
unset syscall_a
unset syscall_grouping
unset syscall_string
unset syscall
unset file_to_edit
unset rule_to_edit
unset rule_syscalls_to_edit
unset other_string
unset auid_string
unset full_rule

# Load macro arguments into arrays
read -a syscall_a &lt;&lt;&lt; $SYSCALL
read -a syscall_grouping &lt;&lt;&lt; $SYSCALL_GROUPING

# Create a list of audit *.rules files that should be inspected for presence and correctness
# of a particular audit rule. The scheme is as follows:
#
# -----------------------------------------------------------------------------------------
#  Tool used to load audit rules | Rule already defined  |  Audit rules file to inspect    |
# -----------------------------------------------------------------------------------------
#        auditctl                |     Doesn't matter    |  /etc/audit/audit.rules         |
# -----------------------------------------------------------------------------------------
#        augenrules              |          Yes          |  /etc/audit/rules.d/*.rules     |
#        augenrules              |          No           |  /etc/audit/rules.d/$key.rules  |
# -----------------------------------------------------------------------------------------
#
files_to_inspect=()


# If audit tool is 'auditctl', then add '/etc/audit/audit.rules'
# file to the list of files to be inspected
default_file="/etc/audit/audit.rules"
files_to_inspect+=('/etc/audit/audit.rules' )

# After converting to jinja, we cannot return; therefore we skip the rest of the macro if needed instead
skip=1

for audit_file in "${files_to_inspect[@]}"
do
    # Filter existing $audit_file rules' definitions to select those that satisfy the rule pattern,
    # i.e, collect rules that match:
    # * the action, list and arch, (2-nd argument)
    # * the other filters, (3-rd argument)
    # * the auid filters, (4-rd argument)
    readarray -t similar_rules &lt; &lt;(sed -e "/^$ACTION_ARCH_FILTERS/!d"  -e "\#$OTHER_FILTERS#!d" -e "/$AUID_FILTERS/!d" "$audit_file")

    candidate_rules=()
    # Filter out rules that have more fields then required. This will remove rules more specific than the required scope
    for s_rule in "${similar_rules[@]}"
    do
        # Strip all the options and fields we know of,
        # than check if there was any field left over
        extra_fields=$(sed -E -e "s/^$ACTION_ARCH_FILTERS//"  -e "s#$OTHER_FILTERS##" -e "s/$AUID_FILTERS//" -e "s/((:?-S [[:alnum:],]+)+)//g" -e "s/-F key=\w+|-k \w+//"&lt;&lt;&lt; "$s_rule")
        grep -q -- "-F" &lt;&lt;&lt; "$extra_fields" || candidate_rules+=("$s_rule")
    done

    if [[ ${#syscall_a[@]} -ge 1 ]]
    then
        # Check if the syscall we want is present in any of the similar existing rules
        for rule in "${candidate_rules[@]}"
        do
            rule_syscalls=$(echo "$rule" | grep -o -P '(-S [\w,]+)+' | xargs)
            all_syscalls_found=0
            for syscall in "${syscall_a[@]}"
            do
                grep -q -- "\b${syscall}\b" &lt;&lt;&lt; "$rule_syscalls" || {
                   # A syscall was not found in the candidate rule
                   all_syscalls_found=1
                   }
            done
            if [[ $all_syscalls_found -eq 0 ]]
            then
                # We found a rule with all the syscall(s) we want; skip rest of macro
                skip=0
                break
            fi

            # Check if this rule can be grouped with our target syscall and keep track of it
            for syscall_g in "${syscall_grouping[@]}"
            do
                if grep -q -- "\b${syscall_g}\b" &lt;&lt;&lt; "$rule_syscalls"
                then
                    file_to_edit=${audit_file}
                    rule_to_edit=${rule}
                    rule_syscalls_to_edit=${rule_syscalls}
                fi
            done
        done
    else
        # If there is any candidate rule, it is compliant; skip rest of macro
        if [ "${#candidate_rules[@]}" -gt 0 ]
        then
            skip=0
        fi
    fi

    if [ "$skip" -eq 0 ]; then
        break
    fi
done

if [ "$skip" -ne 0 ]; then
    # We checked all rules that matched the expected resemblance pattern (action, arch &amp; auid)
    # At this point we know if we need to either append the $full_rule or group
    # the syscall together with an exsiting rule

    # Append the full_rule if it cannot be grouped to any other rule
    if [ -z ${rule_to_edit+x} ]
    then
        # Build full_rule while avoid adding double spaces when other_filters is empty
        if [ "${#syscall_a[@]}" -gt 0 ]
        then
            syscall_string=""
            for syscall in "${syscall_a[@]}"
            do
                syscall_string+=" -S $syscall"
            done
        fi
        other_string=$([[ $OTHER_FILTERS ]] &amp;&amp; echo " $OTHER_FILTERS") || /bin/true
        auid_string=$([[ $AUID_FILTERS ]] &amp;&amp; echo " $AUID_FILTERS") || /bin/true
        full_rule="$ACTION_ARCH_FILTERS${syscall_string}${other_string}${auid_string} -F key=$KEY" || /bin/true
        echo "$full_rule" &gt;&gt; "$default_file"
        chmod 0600 ${default_file}
    else
        # Check if the syscalls are declared as a comma separated list or
        # as multiple -S parameters
        if grep -q -- "," &lt;&lt;&lt; "${rule_syscalls_to_edit}"
        then
            delimiter=","
        else
            delimiter=" -S "
        fi
        new_grouped_syscalls="${rule_syscalls_to_edit}"
        for syscall in "${syscall_a[@]}"
        do
            grep -q -- "\b${syscall}\b" &lt;&lt;&lt; "${rule_syscalls_to_edit}" || {
               # A syscall was not found in the candidate rule
               new_grouped_syscalls+="${delimiter}${syscall}"
               }
        done

        # Group the syscall in the rule
        sed -i -e "\#${rule_to_edit}#s#${rule_syscalls_to_edit}#${new_grouped_syscalls}#" "$file_to_edit"
    fi
fi

else
    &gt;&amp;2 echo 'Remediation is not applicable, nothing was done'
fi
</fix>
          <fix xmlns:xhtml="http://www.w3.org/1999/xhtml" id="audit_rules_execution_setsebool" system="urn:xccdf:fix:script:ansible" complexity="low" disruption="low" strategy="restrict">- name: Gather the package facts
  package_facts:
    manager: auto
  tags:
  - CCE-85818-3
  - NIST-800-171-3.1.7
  - NIST-800-53-AC-6(9)
  - NIST-800-53-AU-12(c)
  - NIST-800-53-AU-2(d)
  - NIST-800-53-CM-6(a)
  - audit_rules_execution_setsebool
  - low_complexity
  - low_disruption
  - medium_severity
  - no_reboot_needed
  - restrict_strategy

- name: Record Any Attempts to Run setsebool - Perform remediation of Audit rules
    for /usr/sbin/setsebool
  block:

  - name: Declare list of syscalls
    ansible.builtin.set_fact:
      syscalls: []
      syscall_grouping: []

  - name: Check existence of  in /etc/audit/rules.d/
    ansible.builtin.find:
      paths: /etc/audit/rules.d
      contains: -a always,exit(( -S |,)\w+)*(( -S |,){{ item }})+(( -S |,)\w+)* -F
        path=/usr/sbin/setsebool -F perm=x -F auid&gt;=1000 -F auid!=unset (-k\s+|-F\s+key=)\S+\s*$
      patterns: '*.rules'
    register: find_command
    loop: '{{ (syscall_grouping + syscalls) | unique }}'

  - name: Reset syscalls found per file
    ansible.builtin.set_fact:
      syscalls_per_file: {}
      found_paths_dict: {}

  - name: Declare syscalls found per file
    ansible.builtin.set_fact: syscalls_per_file="{{ syscalls_per_file | combine( {item.files[0].path
      :[item.item] + syscalls_per_file.get(item.files[0].path, []) } ) }}"
    loop: '{{ find_command.results | selectattr(''matched'') | list }}'

  - name: Declare files where syscalls were found
    ansible.builtin.set_fact: found_paths="{{ find_command.results | map(attribute='files')
      | flatten | map(attribute='path') | list }}"

  - name: Count occurrences of syscalls in paths
    ansible.builtin.set_fact: found_paths_dict="{{ found_paths_dict | combine({ item:1+found_paths_dict.get(item,
      0) }) }}"
    loop: '{{ find_command.results | map(attribute=''files'') | flatten | map(attribute=''path'')
      | list }}'

  - name: Get path with most syscalls
    ansible.builtin.set_fact: audit_file="{{ (found_paths_dict | dict2items() | sort(attribute='value')
      | last).key }}"
    when: found_paths | length &gt;= 1

  - name: No file with syscall found, set path to /etc/audit/rules.d/privileged.rules
    ansible.builtin.set_fact: audit_file="/etc/audit/rules.d/privileged.rules"
    when: found_paths | length == 0

  - name: Declare found syscalls
    ansible.builtin.set_fact: syscalls_found="{{ find_command.results | selectattr('matched')
      | map(attribute='item') | list }}"

  - name: Declare missing syscalls
    ansible.builtin.set_fact: missing_syscalls="{{ syscalls | difference(syscalls_found)
      }}"

  - name: Replace the audit rule in {{ audit_file }}
    ansible.builtin.lineinfile:
      path: '{{ audit_file }}'
      regexp: (-a always,exit)(?=.*(?:(?:-S |,)(?:{{ syscalls_per_file[audit_file]
        | join("|") }}))\b)((?:( -S |,)\w+)+)( -F path=/usr/sbin/setsebool -F perm=x
        -F auid&gt;=1000 -F auid!=unset (?:-k |-F key=)\w+)
      line: \1\2\3{{ missing_syscalls | join("\3") }}\4
      backrefs: true
      state: present
      mode: g-rwx,o-rwx
    when: syscalls_found | length &gt; 0 and missing_syscalls | length &gt; 0

  - name: Add the audit rule to {{ audit_file }}
    ansible.builtin.lineinfile:
      path: '{{ audit_file }}'
      line: -a always,exit{{ syscalls | join(',') }} -F path=/usr/sbin/setsebool -F
        perm=x -F auid&gt;=1000 -F auid!=unset -F key=privileged
      create: true
      mode: g-rwx,o-rwx
      state: present
    when: syscalls_found | length == 0

  - name: Declare list of syscalls
    ansible.builtin.set_fact:
      syscalls: []
      syscall_grouping: []

  - name: Check existence of  in /etc/audit/audit.rules
    ansible.builtin.find:
      paths: /etc/audit
      contains: -a always,exit(( -S |,)\w+)*(( -S |,){{ item }})+(( -S |,)\w+)* -F
        path=/usr/sbin/setsebool -F perm=x -F auid&gt;=1000 -F auid!=unset (-k\s+|-F\s+key=)\S+\s*$
      patterns: audit.rules
    register: find_command
    loop: '{{ (syscall_grouping + syscalls) | unique }}'

  - name: Set path to /etc/audit/audit.rules
    ansible.builtin.set_fact: audit_file="/etc/audit/audit.rules"

  - name: Declare found syscalls
    ansible.builtin.set_fact: syscalls_found="{{ find_command.results | selectattr('matched')
      | map(attribute='item') | list }}"

  - name: Declare missing syscalls
    ansible.builtin.set_fact: missing_syscalls="{{ syscalls | difference(syscalls_found)
      }}"

  - name: Replace the audit rule in {{ audit_file }}
    ansible.builtin.lineinfile:
      path: '{{ audit_file }}'
      regexp: (-a always,exit)(?=.*(?:(?:-S |,)(?:{{ syscalls_found | join("|") }}))\b)((?:(
        -S |,)\w+)+)( -F path=/usr/sbin/setsebool -F perm=x -F auid&gt;=1000 -F auid!=unset
        (?:-k |-F key=)\w+)
      line: \1\2\3{{ missing_syscalls | join("\3") }}\4
      backrefs: true
      state: present
      mode: g-rwx,o-rwx
    when: syscalls_found | length &gt; 0 and missing_syscalls | length &gt; 0

  - name: Add the audit rule to {{ audit_file }}
    ansible.builtin.lineinfile:
      path: '{{ audit_file }}'
      line: -a always,exit{{ syscalls | join(',') }} -F path=/usr/sbin/setsebool -F
        perm=x -F auid&gt;=1000 -F auid!=unset -F key=privileged
      create: true
      mode: g-rwx,o-rwx
      state: present
    when: syscalls_found | length == 0
  when:
  - '"audit" in ansible_facts.packages'
  - ("kernel-default" in ansible_facts.packages or "kernel-default-base" in ansible_facts.packages)
  tags:
  - CCE-85818-3
  - NIST-800-171-3.1.7
  - NIST-800-53-AC-6(9)
  - NIST-800-53-AU-12(c)
  - NIST-800-53-AU-2(d)
  - NIST-800-53-CM-6(a)
  - audit_rules_execution_setsebool
  - low_complexity
  - low_disruption
  - medium_severity
  - no_reboot_needed
  - restrict_strategy
</fix>
          <check system="http://oval.mitre.org/XMLSchema/oval-definitions-5">
            <check-content-ref name="oval:ssg-audit_rules_execution_setsebool:def:1" href="ssg-sle15-oval.xml"/>
          </check>
          <check system="http://scap.nist.gov/schema/ocil/2">
            <check-content-ref name="ocil:ssg-audit_rules_execution_setsebool_ocil:questionnaire:1" href="ssg-sle15-ocil.xml"/>
          </check>
        </Rule>
      </Group>
      <Group id="xccdf_org.ssgproject.content_group_audit_file_deletion_events">
        <title xmlns:xhtml="http://www.w3.org/1999/xhtml" xml:lang="en-US">Record File Deletion Events by User</title>
        <description xmlns:xhtml="http://www.w3.org/1999/xhtml" xml:lang="en-US">At a minimum, the audit system should collect file deletion events
for all users and root. If the <html:code xmlns:html="http://www.w3.org/1999/xhtml">auditd</html:code> daemon is configured to use the
<html:code xmlns:html="http://www.w3.org/1999/xhtml">augenrules</html:code> program to read audit rules during daemon startup (the
default), add the following line to a file with suffix <html:code xmlns:html="http://www.w3.org/1999/xhtml">.rules</html:code> in the
directory <html:code xmlns:html="http://www.w3.org/1999/xhtml">/etc/audit/rules.d</html:code>, setting ARCH to either b32 for 32-bit
system, or having two lines for both b32 and b64 in case your system is 64-bit:
<html:pre xmlns:html="http://www.w3.org/1999/xhtml">-a always,exit -F arch=ARCH -S rmdir,unlink,unlinkat,rename,renameat,renameat2 -F auid&gt;=1000 -F auid!=unset -F key=delete</html:pre>
If the <html:code xmlns:html="http://www.w3.org/1999/xhtml">auditd</html:code> daemon is configured to use the <html:code xmlns:html="http://www.w3.org/1999/xhtml">auditctl</html:code>
utility to read audit rules during daemon startup, add the following line to
<html:code xmlns:html="http://www.w3.org/1999/xhtml">/etc/audit/audit.rules</html:code> file, setting ARCH to either b32 for 32-bit
system, or having two lines for both b32 and b64 in case your system is 64-bit:
<html:pre xmlns:html="http://www.w3.org/1999/xhtml">-a always,exit -F arch=ARCH -S rmdir,unlink,unlinkat,rename,renameat,renameat2 -F auid&gt;=1000 -F auid!=unset -F key=delete</html:pre>
      </description>
        <Rule id="xccdf_org.ssgproject.content_rule_audit_rules_file_deletion_events" selected="false" role="full" severity="medium">
          <title xmlns:xhtml="http://www.w3.org/1999/xhtml" xml:lang="en-US">Ensure auditd Collects File Deletion Events by User</title>
          <description xmlns:xhtml="http://www.w3.org/1999/xhtml" xml:lang="en-US">At a minimum the audit system should collect file deletion events
for all users and root. If the <html:code xmlns:html="http://www.w3.org/1999/xhtml">auditd</html:code> daemon is configured to use the
<html:code xmlns:html="http://www.w3.org/1999/xhtml">augenrules</html:code> program to read audit rules during daemon startup (the
default), add the following line to a file with suffix <html:code xmlns:html="http://www.w3.org/1999/xhtml">.rules</html:code> in the
directory <html:code xmlns:html="http://www.w3.org/1999/xhtml">/etc/audit/rules.d</html:code>, setting ARCH to either b32 for 32-bit
system, or having two lines for both b32 and b64 in case your system is 64-bit:
<html:pre xmlns:html="http://www.w3.org/1999/xhtml">-a always,exit -F arch=ARCH -S rmdir,unlink,unlinkat,rename,renameat,renameat2 -F auid&gt;=1000 -F auid!=unset -F key=delete</html:pre>
If the <html:code xmlns:html="http://www.w3.org/1999/xhtml">auditd</html:code> daemon is configured to use the <html:code xmlns:html="http://www.w3.org/1999/xhtml">auditctl</html:code>
utility to read audit rules during daemon startup, add the following line to
<html:code xmlns:html="http://www.w3.org/1999/xhtml">/etc/audit/audit.rules</html:code> file, setting ARCH to either b32 for 32-bit
system, or having two lines for both b32 and b64 in case your system is 64-bit:
<html:pre xmlns:html="http://www.w3.org/1999/xhtml">-a always,exit -F arch=ARCH -S rmdir,unlink,unlinkat,rename,renameat2 -S renameat -F auid&gt;=1000 -F auid!=unset -F key=delete</html:pre>
       </description>
          <warning xmlns:xhtml="http://www.w3.org/1999/xhtml" xml:lang="en-US" category="general">This rule checks for multiple syscalls related to file deletion;
it was written with DISA STIG in mind. Other policies should use a
separate rule for each syscall that needs to be checked. For example:
<html:ul xmlns:html="http://www.w3.org/1999/xhtml"><html:li><html:code>audit_rules_file_deletion_events_rmdir</html:code></html:li><html:li><html:code>audit_rules_file_deletion_events_unlink</html:code></html:li><html:li><html:code>audit_rules_file_deletion_events_unlinkat</html:code></html:li><html:li><html:code>audit_rules_file_deletion_events_rename</html:code></html:li><html:li><html:code>audit_rules_file_deletion_events_renameat</html:code></html:li><html:li><html:code>audit_rules_file_deletion_events_renameat2</html:code></html:li></html:ul>
       </warning>
          <reference href="https://www.cisecurity.org/controls/">1</reference>
          <reference href="https://www.cisecurity.org/controls/">11</reference>
          <reference href="https://www.cisecurity.org/controls/">12</reference>
          <reference href="https://www.cisecurity.org/controls/">13</reference>
          <reference href="https://www.cisecurity.org/controls/">14</reference>
          <reference href="https://www.cisecurity.org/controls/">15</reference>
          <reference href="https://www.cisecurity.org/controls/">16</reference>
          <reference href="https://www.cisecurity.org/controls/">19</reference>
          <reference href="https://www.cisecurity.org/controls/">2</reference>
          <reference href="https://www.cisecurity.org/controls/">3</reference>
          <reference href="https://www.cisecurity.org/controls/">4</reference>
          <reference href="https://www.cisecurity.org/controls/">5</reference>
          <reference href="https://www.cisecurity.org/controls/">6</reference>
          <reference href="https://www.cisecurity.org/controls/">7</reference>
          <reference href="https://www.cisecurity.org/controls/">8</reference>
          <reference href="https://www.cisecurity.org/controls/">9</reference>
          <reference href="https://www.fbi.gov/file-repository/cjis-security-policy-v5_5_20160601-2-1.pdf">5.4.1.1</reference>
          <reference href="https://www.isaca.org/resources/cobit">APO10.01</reference>
          <reference href="https://www.isaca.org/resources/cobit">APO10.03</reference>
          <reference href="https://www.isaca.org/resources/cobit">APO10.04</reference>
          <reference href="https://www.isaca.org/resources/cobit">APO10.05</reference>
          <reference href="https://www.isaca.org/resources/cobit">APO11.04</reference>
          <reference href="https://www.isaca.org/resources/cobit">APO12.06</reference>
          <reference href="https://www.isaca.org/resources/cobit">APO13.01</reference>
          <reference href="https://www.isaca.org/resources/cobit">BAI03.05</reference>
          <reference href="https://www.isaca.org/resources/cobit">BAI08.02</reference>
          <reference href="https://www.isaca.org/resources/cobit">DSS01.03</reference>
          <reference href="https://www.isaca.org/resources/cobit">DSS01.04</reference>
          <reference href="https://www.isaca.org/resources/cobit">DSS02.02</reference>
          <reference href="https://www.isaca.org/resources/cobit">DSS02.04</reference>
          <reference href="https://www.isaca.org/resources/cobit">DSS02.07</reference>
          <reference href="https://www.isaca.org/resources/cobit">DSS03.01</reference>
          <reference href="https://www.isaca.org/resources/cobit">DSS03.05</reference>
          <reference href="https://www.isaca.org/resources/cobit">DSS05.02</reference>
          <reference href="https://www.isaca.org/resources/cobit">DSS05.03</reference>
          <reference href="https://www.isaca.org/resources/cobit">DSS05.04</reference>
          <reference href="https://www.isaca.org/resources/cobit">DSS05.05</reference>
          <reference href="https://www.isaca.org/resources/cobit">DSS05.07</reference>
          <reference href="https://www.isaca.org/resources/cobit">MEA01.01</reference>
          <reference href="https://www.isaca.org/resources/cobit">MEA01.02</reference>
          <reference href="https://www.isaca.org/resources/cobit">MEA01.03</reference>
          <reference href="https://www.isaca.org/resources/cobit">MEA01.04</reference>
          <reference href="https://www.isaca.org/resources/cobit">MEA01.05</reference>
          <reference href="https://www.isaca.org/resources/cobit">MEA02.01</reference>
          <reference href="http://nvlpubs.nist.gov/nistpubs/SpecialPublications/NIST.SP.800-171.pdf">3.1.7</reference>
          <reference href="https://www.isa.org/products/isa-62443-2-1-2009-security-for-industrial-automat">4.2.3.10</reference>
          <reference href="https://www.isa.org/products/isa-62443-2-1-2009-security-for-industrial-automat">4.3.2.6.7</reference>
          <reference href="https://www.isa.org/products/isa-62443-2-1-2009-security-for-industrial-automat">4.3.3.3.9</reference>
          <reference href="https://www.isa.org/products/isa-62443-2-1-2009-security-for-industrial-automat">4.3.3.5.8</reference>
          <reference href="https://www.isa.org/products/isa-62443-2-1-2009-security-for-industrial-automat">4.3.3.6.6</reference>
          <reference href="https://www.isa.org/products/isa-62443-2-1-2009-security-for-industrial-automat">4.3.4.4.7</reference>
          <reference href="https://www.isa.org/products/isa-62443-2-1-2009-security-for-industrial-automat">4.3.4.5.6</reference>
          <reference href="https://www.isa.org/products/isa-62443-2-1-2009-security-for-industrial-automat">4.3.4.5.7</reference>
          <reference href="https://www.isa.org/products/isa-62443-2-1-2009-security-for-industrial-automat">4.3.4.5.8</reference>
          <reference href="https://www.isa.org/products/isa-62443-2-1-2009-security-for-industrial-automat">4.4.2.1</reference>
          <reference href="https://www.isa.org/products/isa-62443-2-1-2009-security-for-industrial-automat">4.4.2.2</reference>
          <reference href="https://www.isa.org/products/isa-62443-2-1-2009-security-for-industrial-automat">4.4.2.4</reference>
          <reference href="https://www.isa.org/products/ansi-isa-62443-3-3-99-03-03-2013-security-for-indu">SR 1.13</reference>
          <reference href="https://www.isa.org/products/ansi-isa-62443-3-3-99-03-03-2013-security-for-indu">SR 2.10</reference>
          <reference href="https://www.isa.org/products/ansi-isa-62443-3-3-99-03-03-2013-security-for-indu">SR 2.11</reference>
          <reference href="https://www.isa.org/products/ansi-isa-62443-3-3-99-03-03-2013-security-for-indu">SR 2.12</reference>
          <reference href="https://www.isa.org/products/ansi-isa-62443-3-3-99-03-03-2013-security-for-indu">SR 2.6</reference>
          <reference href="https://www.isa.org/products/ansi-isa-62443-3-3-99-03-03-2013-security-for-indu">SR 2.8</reference>
          <reference href="https://www.isa.org/products/ansi-isa-62443-3-3-99-03-03-2013-security-for-indu">SR 2.9</reference>
          <reference href="https://www.isa.org/products/ansi-isa-62443-3-3-99-03-03-2013-security-for-indu">SR 3.1</reference>
          <reference href="https://www.isa.org/products/ansi-isa-62443-3-3-99-03-03-2013-security-for-indu">SR 3.5</reference>
          <reference href="https://www.isa.org/products/ansi-isa-62443-3-3-99-03-03-2013-security-for-indu">SR 3.8</reference>
          <reference href="https://www.isa.org/products/ansi-isa-62443-3-3-99-03-03-2013-security-for-indu">SR 4.1</reference>
          <reference href="https://www.isa.org/products/ansi-isa-62443-3-3-99-03-03-2013-security-for-indu">SR 4.3</reference>
          <reference href="https://www.isa.org/products/ansi-isa-62443-3-3-99-03-03-2013-security-for-indu">SR 5.1</reference>
          <reference href="https://www.isa.org/products/ansi-isa-62443-3-3-99-03-03-2013-security-for-indu">SR 5.2</reference>
          <reference href="https://www.isa.org/products/ansi-isa-62443-3-3-99-03-03-2013-security-for-indu">SR 5.3</reference>
          <reference href="https://www.isa.org/products/ansi-isa-62443-3-3-99-03-03-2013-security-for-indu">SR 6.1</reference>
          <reference href="https://www.isa.org/products/ansi-isa-62443-3-3-99-03-03-2013-security-for-indu">SR 6.2</reference>
          <reference href="https://www.isa.org/products/ansi-isa-62443-3-3-99-03-03-2013-security-for-indu">SR 7.1</reference>
          <reference href="https://www.isa.org/products/ansi-isa-62443-3-3-99-03-03-2013-security-for-indu">SR 7.6</reference>
          <reference href="https://www.iso.org/contents/data/standard/05/45/54534.html">A.11.2.6</reference>
          <reference href="https://www.iso.org/contents/data/standard/05/45/54534.html">A.12.4.1</reference>
          <reference href="https://www.iso.org/contents/data/standard/05/45/54534.html">A.12.4.2</reference>
          <reference href="https://www.iso.org/contents/data/standard/05/45/54534.html">A.12.4.3</reference>
          <reference href="https://www.iso.org/contents/data/standard/05/45/54534.html">A.12.4.4</reference>
          <reference href="https://www.iso.org/contents/data/standard/05/45/54534.html">A.12.7.1</reference>
          <reference href="https://www.iso.org/contents/data/standard/05/45/54534.html">A.13.1.1</reference>
          <reference href="https://www.iso.org/contents/data/standard/05/45/54534.html">A.13.2.1</reference>
          <reference href="https://www.iso.org/contents/data/standard/05/45/54534.html">A.14.1.3</reference>
          <reference href="https://www.iso.org/contents/data/standard/05/45/54534.html">A.14.2.7</reference>
          <reference href="https://www.iso.org/contents/data/standard/05/45/54534.html">A.15.2.1</reference>
          <reference href="https://www.iso.org/contents/data/standard/05/45/54534.html">A.15.2.2</reference>
          <reference href="https://www.iso.org/contents/data/standard/05/45/54534.html">A.16.1.4</reference>
          <reference href="https://www.iso.org/contents/data/standard/05/45/54534.html">A.16.1.5</reference>
          <reference href="https://www.iso.org/contents/data/standard/05/45/54534.html">A.16.1.7</reference>
          <reference href="https://www.iso.org/contents/data/standard/05/45/54534.html">A.6.2.1</reference>
          <reference href="https://www.iso.org/contents/data/standard/05/45/54534.html">A.6.2.2</reference>
          <reference href="http://nvlpubs.nist.gov/nistpubs/SpecialPublications/NIST.SP.800-53r4.pdf">AU-2(d)</reference>
          <reference href="http://nvlpubs.nist.gov/nistpubs/SpecialPublications/NIST.SP.800-53r4.pdf">AU-12(c)</reference>
          <reference href="http://nvlpubs.nist.gov/nistpubs/SpecialPublications/NIST.SP.800-53r4.pdf">CM-6(a)</reference>
          <reference href="https://nvlpubs.nist.gov/nistpubs/CSWP/NIST.CSWP.04162018.pdf">DE.AE-3</reference>
          <reference href="https://nvlpubs.nist.gov/nistpubs/CSWP/NIST.CSWP.04162018.pdf">DE.AE-5</reference>
          <reference href="https://nvlpubs.nist.gov/nistpubs/CSWP/NIST.CSWP.04162018.pdf">DE.CM-1</reference>
          <reference href="https://nvlpubs.nist.gov/nistpubs/CSWP/NIST.CSWP.04162018.pdf">DE.CM-3</reference>
          <reference href="https://nvlpubs.nist.gov/nistpubs/CSWP/NIST.CSWP.04162018.pdf">DE.CM-7</reference>
          <reference href="https://nvlpubs.nist.gov/nistpubs/CSWP/NIST.CSWP.04162018.pdf">ID.SC-4</reference>
          <reference href="https://nvlpubs.nist.gov/nistpubs/CSWP/NIST.CSWP.04162018.pdf">PR.AC-3</reference>
          <reference href="https://nvlpubs.nist.gov/nistpubs/CSWP/NIST.CSWP.04162018.pdf">PR.PT-1</reference>
          <reference href="https://nvlpubs.nist.gov/nistpubs/CSWP/NIST.CSWP.04162018.pdf">PR.PT-4</reference>
          <reference href="https://nvlpubs.nist.gov/nistpubs/CSWP/NIST.CSWP.04162018.pdf">RS.AN-1</reference>
          <reference href="https://nvlpubs.nist.gov/nistpubs/CSWP/NIST.CSWP.04162018.pdf">RS.AN-4</reference>
          <reference href="https://www.pcisecuritystandards.org/documents/PCI_DSS_v3-2-1.pdf">Req-10.2.7</reference>
          <rationale xmlns:xhtml="http://www.w3.org/1999/xhtml" xml:lang="en-US">Auditing file deletions will create an audit trail for files that are removed
from the system. The audit trail could aid in system troubleshooting, as well as, detecting
malicious processes that attempt to delete log files to conceal their presence.</rationale>
          <ident system="https://ncp.nist.gov/cce">CCE-85767-2</ident>
          <fix xmlns:xhtml="http://www.w3.org/1999/xhtml" id="audit_rules_file_deletion_events" system="urn:xccdf:fix:script:sh"># Remediation is applicable only in certain platforms
if rpm --quiet -q audit &amp;&amp; rpm --quiet -q kernel-default || rpm --quiet -q kernel-default-base; then

# Perform the remediation for the syscall rule
# Retrieve hardware architecture of the underlying system
[ "$(getconf LONG_BIT)" = "32" ] &amp;&amp; RULE_ARCHS=("b32") || RULE_ARCHS=("b32" "b64")

for ARCH in "${RULE_ARCHS[@]}"
do
	ACTION_ARCH_FILTERS="-a always,exit -F arch=$ARCH"
	OTHER_FILTERS=""
	AUID_FILTERS="-F auid&gt;=1000 -F auid!=unset"
	SYSCALL="rmdir unlink unlinkat rename renameat renameat2"
	KEY="delete"
	SYSCALL_GROUPING="rmdir unlink unlinkat rename renameat renameat2"
	# Perform the remediation for both possible tools: 'auditctl' and 'augenrules'
	unset syscall_a
unset syscall_grouping
unset syscall_string
unset syscall
unset file_to_edit
unset rule_to_edit
unset rule_syscalls_to_edit
unset other_string
unset auid_string
unset full_rule

# Load macro arguments into arrays
read -a syscall_a &lt;&lt;&lt; $SYSCALL
read -a syscall_grouping &lt;&lt;&lt; $SYSCALL_GROUPING

# Create a list of audit *.rules files that should be inspected for presence and correctness
# of a particular audit rule. The scheme is as follows:
#
# -----------------------------------------------------------------------------------------
#  Tool used to load audit rules | Rule already defined  |  Audit rules file to inspect    |
# -----------------------------------------------------------------------------------------
#        auditctl                |     Doesn't matter    |  /etc/audit/audit.rules         |
# -----------------------------------------------------------------------------------------
#        augenrules              |          Yes          |  /etc/audit/rules.d/*.rules     |
#        augenrules              |          No           |  /etc/audit/rules.d/$key.rules  |
# -----------------------------------------------------------------------------------------
#
files_to_inspect=()

# If audit tool is 'augenrules', then check if the audit rule is defined
# If rule is defined, add '/etc/audit/rules.d/*.rules' to the list for inspection
# If rule isn't defined yet, add '/etc/audit/rules.d/$key.rules' to the list for inspection
default_file="/etc/audit/rules.d/$KEY.rules"
# As other_filters may include paths, lets use a different delimiter for it
# The "F" script expression tells sed to print the filenames where the expressions matched
readarray -t files_to_inspect &lt; &lt;(sed -s -n -e "/^$ACTION_ARCH_FILTERS/!d" -e "\#$OTHER_FILTERS#!d" -e "/$AUID_FILTERS/!d" -e "F" /etc/audit/rules.d/*.rules)
# Case when particular rule isn't defined in /etc/audit/rules.d/*.rules yet
if [ ${#files_to_inspect[@]} -eq "0" ]
then
    file_to_inspect="/etc/audit/rules.d/$KEY.rules"
    files_to_inspect=("$file_to_inspect")
    if [ ! -e "$file_to_inspect" ]
    then
        touch "$file_to_inspect"
        chmod 0600 "$file_to_inspect"
    fi
fi

# After converting to jinja, we cannot return; therefore we skip the rest of the macro if needed instead
skip=1

for audit_file in "${files_to_inspect[@]}"
do
    # Filter existing $audit_file rules' definitions to select those that satisfy the rule pattern,
    # i.e, collect rules that match:
    # * the action, list and arch, (2-nd argument)
    # * the other filters, (3-rd argument)
    # * the auid filters, (4-rd argument)
    readarray -t similar_rules &lt; &lt;(sed -e "/^$ACTION_ARCH_FILTERS/!d"  -e "\#$OTHER_FILTERS#!d" -e "/$AUID_FILTERS/!d" "$audit_file")

    candidate_rules=()
    # Filter out rules that have more fields then required. This will remove rules more specific than the required scope
    for s_rule in "${similar_rules[@]}"
    do
        # Strip all the options and fields we know of,
        # than check if there was any field left over
        extra_fields=$(sed -E -e "s/^$ACTION_ARCH_FILTERS//"  -e "s#$OTHER_FILTERS##" -e "s/$AUID_FILTERS//" -e "s/((:?-S [[:alnum:],]+)+)//g" -e "s/-F key=\w+|-k \w+//"&lt;&lt;&lt; "$s_rule")
        grep -q -- "-F" &lt;&lt;&lt; "$extra_fields" || candidate_rules+=("$s_rule")
    done

    if [[ ${#syscall_a[@]} -ge 1 ]]
    then
        # Check if the syscall we want is present in any of the similar existing rules
        for rule in "${candidate_rules[@]}"
        do
            rule_syscalls=$(echo "$rule" | grep -o -P '(-S [\w,]+)+' | xargs)
            all_syscalls_found=0
            for syscall in "${syscall_a[@]}"
            do
                grep -q -- "\b${syscall}\b" &lt;&lt;&lt; "$rule_syscalls" || {
                   # A syscall was not found in the candidate rule
                   all_syscalls_found=1
                   }
            done
            if [[ $all_syscalls_found -eq 0 ]]
            then
                # We found a rule with all the syscall(s) we want; skip rest of macro
                skip=0
                break
            fi

            # Check if this rule can be grouped with our target syscall and keep track of it
            for syscall_g in "${syscall_grouping[@]}"
            do
                if grep -q -- "\b${syscall_g}\b" &lt;&lt;&lt; "$rule_syscalls"
                then
                    file_to_edit=${audit_file}
                    rule_to_edit=${rule}
                    rule_syscalls_to_edit=${rule_syscalls}
                fi
            done
        done
    else
        # If there is any candidate rule, it is compliant; skip rest of macro
        if [ "${#candidate_rules[@]}" -gt 0 ]
        then
            skip=0
        fi
    fi

    if [ "$skip" -eq 0 ]; then
        break
    fi
done

if [ "$skip" -ne 0 ]; then
    # We checked all rules that matched the expected resemblance pattern (action, arch &amp; auid)
    # At this point we know if we need to either append the $full_rule or group
    # the syscall together with an exsiting rule

    # Append the full_rule if it cannot be grouped to any other rule
    if [ -z ${rule_to_edit+x} ]
    then
        # Build full_rule while avoid adding double spaces when other_filters is empty
        if [ "${#syscall_a[@]}" -gt 0 ]
        then
            syscall_string=""
            for syscall in "${syscall_a[@]}"
            do
                syscall_string+=" -S $syscall"
            done
        fi
        other_string=$([[ $OTHER_FILTERS ]] &amp;&amp; echo " $OTHER_FILTERS") || /bin/true
        auid_string=$([[ $AUID_FILTERS ]] &amp;&amp; echo " $AUID_FILTERS") || /bin/true
        full_rule="$ACTION_ARCH_FILTERS${syscall_string}${other_string}${auid_string} -F key=$KEY" || /bin/true
        echo "$full_rule" &gt;&gt; "$default_file"
        chmod 0600 ${default_file}
    else
        # Check if the syscalls are declared as a comma separated list or
        # as multiple -S parameters
        if grep -q -- "," &lt;&lt;&lt; "${rule_syscalls_to_edit}"
        then
            delimiter=","
        else
            delimiter=" -S "
        fi
        new_grouped_syscalls="${rule_syscalls_to_edit}"
        for syscall in "${syscall_a[@]}"
        do
            grep -q -- "\b${syscall}\b" &lt;&lt;&lt; "${rule_syscalls_to_edit}" || {
               # A syscall was not found in the candidate rule
               new_grouped_syscalls+="${delimiter}${syscall}"
               }
        done

        # Group the syscall in the rule
        sed -i -e "\#${rule_to_edit}#s#${rule_syscalls_to_edit}#${new_grouped_syscalls}#" "$file_to_edit"
    fi
fi
	unset syscall_a
unset syscall_grouping
unset syscall_string
unset syscall
unset file_to_edit
unset rule_to_edit
unset rule_syscalls_to_edit
unset other_string
unset auid_string
unset full_rule

# Load macro arguments into arrays
read -a syscall_a &lt;&lt;&lt; $SYSCALL
read -a syscall_grouping &lt;&lt;&lt; $SYSCALL_GROUPING

# Create a list of audit *.rules files that should be inspected for presence and correctness
# of a particular audit rule. The scheme is as follows:
#
# -----------------------------------------------------------------------------------------
#  Tool used to load audit rules | Rule already defined  |  Audit rules file to inspect    |
# -----------------------------------------------------------------------------------------
#        auditctl                |     Doesn't matter    |  /etc/audit/audit.rules         |
# -----------------------------------------------------------------------------------------
#        augenrules              |          Yes          |  /etc/audit/rules.d/*.rules     |
#        augenrules              |          No           |  /etc/audit/rules.d/$key.rules  |
# -----------------------------------------------------------------------------------------
#
files_to_inspect=()


# If audit tool is 'auditctl', then add '/etc/audit/audit.rules'
# file to the list of files to be inspected
default_file="/etc/audit/audit.rules"
files_to_inspect+=('/etc/audit/audit.rules' )

# After converting to jinja, we cannot return; therefore we skip the rest of the macro if needed instead
skip=1

for audit_file in "${files_to_inspect[@]}"
do
    # Filter existing $audit_file rules' definitions to select those that satisfy the rule pattern,
    # i.e, collect rules that match:
    # * the action, list and arch, (2-nd argument)
    # * the other filters, (3-rd argument)
    # * the auid filters, (4-rd argument)
    readarray -t similar_rules &lt; &lt;(sed -e "/^$ACTION_ARCH_FILTERS/!d"  -e "\#$OTHER_FILTERS#!d" -e "/$AUID_FILTERS/!d" "$audit_file")

    candidate_rules=()
    # Filter out rules that have more fields then required. This will remove rules more specific than the required scope
    for s_rule in "${similar_rules[@]}"
    do
        # Strip all the options and fields we know of,
        # than check if there was any field left over
        extra_fields=$(sed -E -e "s/^$ACTION_ARCH_FILTERS//"  -e "s#$OTHER_FILTERS##" -e "s/$AUID_FILTERS//" -e "s/((:?-S [[:alnum:],]+)+)//g" -e "s/-F key=\w+|-k \w+//"&lt;&lt;&lt; "$s_rule")
        grep -q -- "-F" &lt;&lt;&lt; "$extra_fields" || candidate_rules+=("$s_rule")
    done

    if [[ ${#syscall_a[@]} -ge 1 ]]
    then
        # Check if the syscall we want is present in any of the similar existing rules
        for rule in "${candidate_rules[@]}"
        do
            rule_syscalls=$(echo "$rule" | grep -o -P '(-S [\w,]+)+' | xargs)
            all_syscalls_found=0
            for syscall in "${syscall_a[@]}"
            do
                grep -q -- "\b${syscall}\b" &lt;&lt;&lt; "$rule_syscalls" || {
                   # A syscall was not found in the candidate rule
                   all_syscalls_found=1
                   }
            done
            if [[ $all_syscalls_found -eq 0 ]]
            then
                # We found a rule with all the syscall(s) we want; skip rest of macro
                skip=0
                break
            fi

            # Check if this rule can be grouped with our target syscall and keep track of it
            for syscall_g in "${syscall_grouping[@]}"
            do
                if grep -q -- "\b${syscall_g}\b" &lt;&lt;&lt; "$rule_syscalls"
                then
                    file_to_edit=${audit_file}
                    rule_to_edit=${rule}
                    rule_syscalls_to_edit=${rule_syscalls}
                fi
            done
        done
    else
        # If there is any candidate rule, it is compliant; skip rest of macro
        if [ "${#candidate_rules[@]}" -gt 0 ]
        then
            skip=0
        fi
    fi

    if [ "$skip" -eq 0 ]; then
        break
    fi
done

if [ "$skip" -ne 0 ]; then
    # We checked all rules that matched the expected resemblance pattern (action, arch &amp; auid)
    # At this point we know if we need to either append the $full_rule or group
    # the syscall together with an exsiting rule

    # Append the full_rule if it cannot be grouped to any other rule
    if [ -z ${rule_to_edit+x} ]
    then
        # Build full_rule while avoid adding double spaces when other_filters is empty
        if [ "${#syscall_a[@]}" -gt 0 ]
        then
            syscall_string=""
            for syscall in "${syscall_a[@]}"
            do
                syscall_string+=" -S $syscall"
            done
        fi
        other_string=$([[ $OTHER_FILTERS ]] &amp;&amp; echo " $OTHER_FILTERS") || /bin/true
        auid_string=$([[ $AUID_FILTERS ]] &amp;&amp; echo " $AUID_FILTERS") || /bin/true
        full_rule="$ACTION_ARCH_FILTERS${syscall_string}${other_string}${auid_string} -F key=$KEY" || /bin/true
        echo "$full_rule" &gt;&gt; "$default_file"
        chmod 0600 ${default_file}
    else
        # Check if the syscalls are declared as a comma separated list or
        # as multiple -S parameters
        if grep -q -- "," &lt;&lt;&lt; "${rule_syscalls_to_edit}"
        then
            delimiter=","
        else
            delimiter=" -S "
        fi
        new_grouped_syscalls="${rule_syscalls_to_edit}"
        for syscall in "${syscall_a[@]}"
        do
            grep -q -- "\b${syscall}\b" &lt;&lt;&lt; "${rule_syscalls_to_edit}" || {
               # A syscall was not found in the candidate rule
               new_grouped_syscalls+="${delimiter}${syscall}"
               }
        done

        # Group the syscall in the rule
        sed -i -e "\#${rule_to_edit}#s#${rule_syscalls_to_edit}#${new_grouped_syscalls}#" "$file_to_edit"
    fi
fi
done

else
    &gt;&amp;2 echo 'Remediation is not applicable, nothing was done'
fi
</fix>
          <check system="http://oval.mitre.org/XMLSchema/oval-definitions-5">
            <check-content-ref name="oval:ssg-audit_rules_file_deletion_events:def:1" href="ssg-sle15-oval.xml"/>
          </check>
          <check system="http://scap.nist.gov/schema/ocil/2">
            <check-content-ref name="ocil:ssg-audit_rules_file_deletion_events_ocil:questionnaire:1" href="ssg-sle15-ocil.xml"/>
          </check>
        </Rule>
        <Rule id="xccdf_org.ssgproject.content_rule_audit_rules_file_deletion_events_rename" selected="false" role="full" severity="medium">
          <title xmlns:xhtml="http://www.w3.org/1999/xhtml" xml:lang="en-US">Ensure auditd Collects File Deletion Events by User - rename</title>
          <description xmlns:xhtml="http://www.w3.org/1999/xhtml" xml:lang="en-US">At a minimum, the audit system should collect file deletion events
for all users and root. If the <html:code xmlns:html="http://www.w3.org/1999/xhtml">auditd</html:code> daemon is configured to use the
<html:code xmlns:html="http://www.w3.org/1999/xhtml">augenrules</html:code> program to read audit rules during daemon startup (the
default), add the following line to a file with suffix <html:code xmlns:html="http://www.w3.org/1999/xhtml">.rules</html:code> in the
directory <html:code xmlns:html="http://www.w3.org/1999/xhtml">/etc/audit/rules.d</html:code>, setting ARCH to either b32 for 32-bit
system, or having two lines for both b32 and b64 in case your system is 64-bit:
<html:pre xmlns:html="http://www.w3.org/1999/xhtml">-a always,exit -F arch=ARCH -S rename -F auid&gt;=1000 -F auid!=unset -F key=delete</html:pre>
If the <html:code xmlns:html="http://www.w3.org/1999/xhtml">auditd</html:code> daemon is configured to use the <html:code xmlns:html="http://www.w3.org/1999/xhtml">auditctl</html:code>
utility to read audit rules during daemon startup, add the following line to
<html:code xmlns:html="http://www.w3.org/1999/xhtml">/etc/audit/audit.rules</html:code> file, setting ARCH to either b32 for 32-bit
system, or having two lines for both b32 and b64 in case your system is 64-bit:
<html:pre xmlns:html="http://www.w3.org/1999/xhtml">-a always,exit -F arch=ARCH -S rename -F auid&gt;=1000 -F auid!=unset -F key=delete</html:pre>
       </description>
          <reference href="https://www.cisecurity.org/controls/">1</reference>
          <reference href="https://www.cisecurity.org/controls/">11</reference>
          <reference href="https://www.cisecurity.org/controls/">12</reference>
          <reference href="https://www.cisecurity.org/controls/">13</reference>
          <reference href="https://www.cisecurity.org/controls/">14</reference>
          <reference href="https://www.cisecurity.org/controls/">15</reference>
          <reference href="https://www.cisecurity.org/controls/">16</reference>
          <reference href="https://www.cisecurity.org/controls/">19</reference>
          <reference href="https://www.cisecurity.org/controls/">2</reference>
          <reference href="https://www.cisecurity.org/controls/">3</reference>
          <reference href="https://www.cisecurity.org/controls/">4</reference>
          <reference href="https://www.cisecurity.org/controls/">5</reference>
          <reference href="https://www.cisecurity.org/controls/">6</reference>
          <reference href="https://www.cisecurity.org/controls/">7</reference>
          <reference href="https://www.cisecurity.org/controls/">8</reference>
          <reference href="https://www.cisecurity.org/controls/">9</reference>
          <reference href="https://www.isaca.org/resources/cobit">APO10.01</reference>
          <reference href="https://www.isaca.org/resources/cobit">APO10.03</reference>
          <reference href="https://www.isaca.org/resources/cobit">APO10.04</reference>
          <reference href="https://www.isaca.org/resources/cobit">APO10.05</reference>
          <reference href="https://www.isaca.org/resources/cobit">APO11.04</reference>
          <reference href="https://www.isaca.org/resources/cobit">APO12.06</reference>
          <reference href="https://www.isaca.org/resources/cobit">APO13.01</reference>
          <reference href="https://www.isaca.org/resources/cobit">BAI03.05</reference>
          <reference href="https://www.isaca.org/resources/cobit">BAI08.02</reference>
          <reference href="https://www.isaca.org/resources/cobit">DSS01.03</reference>
          <reference href="https://www.isaca.org/resources/cobit">DSS01.04</reference>
          <reference href="https://www.isaca.org/resources/cobit">DSS02.02</reference>
          <reference href="https://www.isaca.org/resources/cobit">DSS02.04</reference>
          <reference href="https://www.isaca.org/resources/cobit">DSS02.07</reference>
          <reference href="https://www.isaca.org/resources/cobit">DSS03.01</reference>
          <reference href="https://www.isaca.org/resources/cobit">DSS03.05</reference>
          <reference href="https://www.isaca.org/resources/cobit">DSS05.02</reference>
          <reference href="https://www.isaca.org/resources/cobit">DSS05.03</reference>
          <reference href="https://www.isaca.org/resources/cobit">DSS05.04</reference>
          <reference href="https://www.isaca.org/resources/cobit">DSS05.05</reference>
          <reference href="https://www.isaca.org/resources/cobit">DSS05.07</reference>
          <reference href="https://www.isaca.org/resources/cobit">MEA01.01</reference>
          <reference href="https://www.isaca.org/resources/cobit">MEA01.02</reference>
          <reference href="https://www.isaca.org/resources/cobit">MEA01.03</reference>
          <reference href="https://www.isaca.org/resources/cobit">MEA01.04</reference>
          <reference href="https://www.isaca.org/resources/cobit">MEA01.05</reference>
          <reference href="https://www.isaca.org/resources/cobit">MEA02.01</reference>
          <reference href="http://nvlpubs.nist.gov/nistpubs/SpecialPublications/NIST.SP.800-171.pdf">3.1.7</reference>
          <reference href="https://www.gpo.gov/fdsys/pkg/CFR-2007-title45-vol1/pdf/CFR-2007-title45-vol1-chapA-subchapC.pdf">164.308(a)(1)(ii)(D)</reference>
          <reference href="https://www.gpo.gov/fdsys/pkg/CFR-2007-title45-vol1/pdf/CFR-2007-title45-vol1-chapA-subchapC.pdf">164.308(a)(3)(ii)(A)</reference>
          <reference href="https://www.gpo.gov/fdsys/pkg/CFR-2007-title45-vol1/pdf/CFR-2007-title45-vol1-chapA-subchapC.pdf">164.308(a)(5)(ii)(C)</reference>
          <reference href="https://www.gpo.gov/fdsys/pkg/CFR-2007-title45-vol1/pdf/CFR-2007-title45-vol1-chapA-subchapC.pdf">164.312(a)(2)(i)</reference>
          <reference href="https://www.gpo.gov/fdsys/pkg/CFR-2007-title45-vol1/pdf/CFR-2007-title45-vol1-chapA-subchapC.pdf">164.312(b)</reference>
          <reference href="https://www.gpo.gov/fdsys/pkg/CFR-2007-title45-vol1/pdf/CFR-2007-title45-vol1-chapA-subchapC.pdf">164.312(d)</reference>
          <reference href="https://www.gpo.gov/fdsys/pkg/CFR-2007-title45-vol1/pdf/CFR-2007-title45-vol1-chapA-subchapC.pdf">164.312(e)</reference>
          <reference href="https://www.isa.org/products/isa-62443-2-1-2009-security-for-industrial-automat">4.2.3.10</reference>
          <reference href="https://www.isa.org/products/isa-62443-2-1-2009-security-for-industrial-automat">4.3.2.6.7</reference>
          <reference href="https://www.isa.org/products/isa-62443-2-1-2009-security-for-industrial-automat">4.3.3.3.9</reference>
          <reference href="https://www.isa.org/products/isa-62443-2-1-2009-security-for-industrial-automat">4.3.3.5.8</reference>
          <reference href="https://www.isa.org/products/isa-62443-2-1-2009-security-for-industrial-automat">4.3.3.6.5</reference>
          <reference href="https://www.isa.org/products/isa-62443-2-1-2009-security-for-industrial-automat">4.3.3.6.6</reference>
          <reference href="https://www.isa.org/products/isa-62443-2-1-2009-security-for-industrial-automat">4.3.3.6.7</reference>
          <reference href="https://www.isa.org/products/isa-62443-2-1-2009-security-for-industrial-automat">4.3.3.6.8</reference>
          <reference href="https://www.isa.org/products/isa-62443-2-1-2009-security-for-industrial-automat">4.3.4.4.7</reference>
          <reference href="https://www.isa.org/products/isa-62443-2-1-2009-security-for-industrial-automat">4.3.4.5.6</reference>
          <reference href="https://www.isa.org/products/isa-62443-2-1-2009-security-for-industrial-automat">4.3.4.5.7</reference>
          <reference href="https://www.isa.org/products/isa-62443-2-1-2009-security-for-industrial-automat">4.3.4.5.8</reference>
          <reference href="https://www.isa.org/products/isa-62443-2-1-2009-security-for-industrial-automat">4.4.2.1</reference>
          <reference href="https://www.isa.org/products/isa-62443-2-1-2009-security-for-industrial-automat">4.4.2.2</reference>
          <reference href="https://www.isa.org/products/isa-62443-2-1-2009-security-for-industrial-automat">4.4.2.4</reference>
          <reference href="https://www.isa.org/products/ansi-isa-62443-3-3-99-03-03-2013-security-for-indu">SR 1.13</reference>
          <reference href="https://www.isa.org/products/ansi-isa-62443-3-3-99-03-03-2013-security-for-indu">SR 2.10</reference>
          <reference href="https://www.isa.org/products/ansi-isa-62443-3-3-99-03-03-2013-security-for-indu">SR 2.11</reference>
          <reference href="https://www.isa.org/products/ansi-isa-62443-3-3-99-03-03-2013-security-for-indu">SR 2.12</reference>
          <reference href="https://www.isa.org/products/ansi-isa-62443-3-3-99-03-03-2013-security-for-indu">SR 2.6</reference>
          <reference href="https://www.isa.org/products/ansi-isa-62443-3-3-99-03-03-2013-security-for-indu">SR 2.8</reference>
          <reference href="https://www.isa.org/products/ansi-isa-62443-3-3-99-03-03-2013-security-for-indu">SR 2.9</reference>
          <reference href="https://www.isa.org/products/ansi-isa-62443-3-3-99-03-03-2013-security-for-indu">SR 3.1</reference>
          <reference href="https://www.isa.org/products/ansi-isa-62443-3-3-99-03-03-2013-security-for-indu">SR 3.5</reference>
          <reference href="https://www.isa.org/products/ansi-isa-62443-3-3-99-03-03-2013-security-for-indu">SR 3.8</reference>
          <reference href="https://www.isa.org/products/ansi-isa-62443-3-3-99-03-03-2013-security-for-indu">SR 4.1</reference>
          <reference href="https://www.isa.org/products/ansi-isa-62443-3-3-99-03-03-2013-security-for-indu">SR 4.3</reference>
          <reference href="https://www.isa.org/products/ansi-isa-62443-3-3-99-03-03-2013-security-for-indu">SR 5.1</reference>
          <reference href="https://www.isa.org/products/ansi-isa-62443-3-3-99-03-03-2013-security-for-indu">SR 5.2</reference>
          <reference href="https://www.isa.org/products/ansi-isa-62443-3-3-99-03-03-2013-security-for-indu">SR 5.3</reference>
          <reference href="https://www.isa.org/products/ansi-isa-62443-3-3-99-03-03-2013-security-for-indu">SR 6.1</reference>
          <reference href="https://www.isa.org/products/ansi-isa-62443-3-3-99-03-03-2013-security-for-indu">SR 6.2</reference>
          <reference href="https://www.isa.org/products/ansi-isa-62443-3-3-99-03-03-2013-security-for-indu">SR 7.1</reference>
          <reference href="https://www.isa.org/products/ansi-isa-62443-3-3-99-03-03-2013-security-for-indu">SR 7.6</reference>
          <reference href="https://www.iso.org/contents/data/standard/05/45/54534.html">A.11.2.4</reference>
          <reference href="https://www.iso.org/contents/data/standard/05/45/54534.html">A.11.2.6</reference>
          <reference href="https://www.iso.org/contents/data/standard/05/45/54534.html">A.12.4.1</reference>
          <reference href="https://www.iso.org/contents/data/standard/05/45/54534.html">A.12.4.2</reference>
          <reference href="https://www.iso.org/contents/data/standard/05/45/54534.html">A.12.4.3</reference>
          <reference href="https://www.iso.org/contents/data/standard/05/45/54534.html">A.12.4.4</reference>
          <reference href="https://www.iso.org/contents/data/standard/05/45/54534.html">A.12.7.1</reference>
          <reference href="https://www.iso.org/contents/data/standard/05/45/54534.html">A.13.1.1</reference>
          <reference href="https://www.iso.org/contents/data/standard/05/45/54534.html">A.13.2.1</reference>
          <reference href="https://www.iso.org/contents/data/standard/05/45/54534.html">A.14.1.3</reference>
          <reference href="https://www.iso.org/contents/data/standard/05/45/54534.html">A.14.2.7</reference>
          <reference href="https://www.iso.org/contents/data/standard/05/45/54534.html">A.15.1.1</reference>
          <reference href="https://www.iso.org/contents/data/standard/05/45/54534.html">A.15.2.1</reference>
          <reference href="https://www.iso.org/contents/data/standard/05/45/54534.html">A.15.2.2</reference>
          <reference href="https://www.iso.org/contents/data/standard/05/45/54534.html">A.16.1.4</reference>
          <reference href="https://www.iso.org/contents/data/standard/05/45/54534.html">A.16.1.5</reference>
          <reference href="https://www.iso.org/contents/data/standard/05/45/54534.html">A.16.1.7</reference>
          <reference href="https://www.iso.org/contents/data/standard/05/45/54534.html">A.6.2.1</reference>
          <reference href="https://www.iso.org/contents/data/standard/05/45/54534.html">A.6.2.2</reference>
          <reference href="http://nvlpubs.nist.gov/nistpubs/SpecialPublications/NIST.SP.800-53r4.pdf">AU-2(d)</reference>
          <reference href="http://nvlpubs.nist.gov/nistpubs/SpecialPublications/NIST.SP.800-53r4.pdf">AU-12(c)</reference>
          <reference href="http://nvlpubs.nist.gov/nistpubs/SpecialPublications/NIST.SP.800-53r4.pdf">CM-6(a)</reference>
          <reference href="https://nvlpubs.nist.gov/nistpubs/CSWP/NIST.CSWP.04162018.pdf">DE.AE-3</reference>
          <reference href="https://nvlpubs.nist.gov/nistpubs/CSWP/NIST.CSWP.04162018.pdf">DE.AE-5</reference>
          <reference href="https://nvlpubs.nist.gov/nistpubs/CSWP/NIST.CSWP.04162018.pdf">DE.CM-1</reference>
          <reference href="https://nvlpubs.nist.gov/nistpubs/CSWP/NIST.CSWP.04162018.pdf">DE.CM-3</reference>
          <reference href="https://nvlpubs.nist.gov/nistpubs/CSWP/NIST.CSWP.04162018.pdf">DE.CM-7</reference>
          <reference href="https://nvlpubs.nist.gov/nistpubs/CSWP/NIST.CSWP.04162018.pdf">ID.SC-4</reference>
          <reference href="https://nvlpubs.nist.gov/nistpubs/CSWP/NIST.CSWP.04162018.pdf">PR.AC-3</reference>
          <reference href="https://nvlpubs.nist.gov/nistpubs/CSWP/NIST.CSWP.04162018.pdf">PR.MA-2</reference>
          <reference href="https://nvlpubs.nist.gov/nistpubs/CSWP/NIST.CSWP.04162018.pdf">PR.PT-1</reference>
          <reference href="https://nvlpubs.nist.gov/nistpubs/CSWP/NIST.CSWP.04162018.pdf">PR.PT-4</reference>
          <reference href="https://nvlpubs.nist.gov/nistpubs/CSWP/NIST.CSWP.04162018.pdf">RS.AN-1</reference>
          <reference href="https://nvlpubs.nist.gov/nistpubs/CSWP/NIST.CSWP.04162018.pdf">RS.AN-4</reference>
          <reference href="https://www.pcisecuritystandards.org/documents/PCI_DSS_v3-2-1.pdf">Req-10.2.7</reference>
          <reference href="https://www.cyber.mil/stigs/downloads/?_dl_facet_stigs=operating-systems%2Cgeneral-purpose-os">SRG-OS-000037-GPOS-00015</reference>
          <reference href="https://www.cyber.mil/stigs/downloads/?_dl_facet_stigs=operating-systems%2Cgeneral-purpose-os">SRG-OS-000042-GPOS-00020</reference>
          <reference href="https://www.cyber.mil/stigs/downloads/?_dl_facet_stigs=operating-systems%2Cgeneral-purpose-os">SRG-OS-000062-GPOS-00031</reference>
          <reference href="https://www.cyber.mil/stigs/downloads/?_dl_facet_stigs=operating-systems%2Cgeneral-purpose-os">SRG-OS-000392-GPOS-00172</reference>
          <reference href="https://www.cyber.mil/stigs/downloads/?_dl_facet_stigs=operating-systems%2Cgeneral-purpose-os">SRG-OS-000462-GPOS-00206</reference>
          <reference href="https://www.cyber.mil/stigs/downloads/?_dl_facet_stigs=operating-systems%2Cgeneral-purpose-os">SRG-OS-000471-GPOS-00215</reference>
          <reference href="https://www.cyber.mil/stigs/downloads/?_dl_facet_stigs=operating-systems%2Cgeneral-purpose-os">SRG-OS-000466-GPOS-00210</reference>
          <reference href="https://www.cyber.mil/stigs/downloads/?_dl_facet_stigs=operating-systems%2Cgeneral-purpose-os">SRG-OS-000467-GPOS-00211</reference>
          <reference href="https://www.cyber.mil/stigs/downloads/?_dl_facet_stigs=operating-systems%2Cgeneral-purpose-os">SRG-OS-000468-GPOS-00212</reference>
          <reference href="https://www.cyber.mil/stigs/downloads/?_dl_facet_stigs=app-security">SRG-APP-000495-CTR-001235</reference>
          <reference href="https://www.cyber.mil/stigs/downloads/?_dl_facet_stigs=app-security">SRG-APP-000499-CTR-001255</reference>
          <reference href="https://www.cyber.mil/stigs/downloads/?_dl_facet_stigs=app-security">SRG-APP-000501-CTR-001265</reference>
          <reference href="https://www.cyber.mil/stigs/downloads/?_dl_facet_stigs=app-security">SRG-APP-000502-CTR-001270</reference>
          <reference href="https://www.cisecurity.org/benchmark/suse_linux/">4.1.13</reference>
          <reference href="https://cyber.gouv.fr/sites/default/files/document/linux_configuration-en-v2.pdf">R73</reference>
          <reference href="not_publicly_available">SLES-15-750450315</reference>
          <reference href="https://docs-prv.pcisecuritystandards.org/PCI%20DSS/Standard/PCI-DSS-v4_0.pdf">10.2.1.7</reference>
          <reference href="https://docs-prv.pcisecuritystandards.org/PCI%20DSS/Standard/PCI-DSS-v4_0.pdf">10.2.1</reference>
          <reference href="https://docs-prv.pcisecuritystandards.org/PCI%20DSS/Standard/PCI-DSS-v4_0.pdf">10.2</reference>
          <rationale xmlns:xhtml="http://www.w3.org/1999/xhtml" xml:lang="en-US">Auditing file deletions will create an audit trail for files that are removed
from the system. The audit trail could aid in system troubleshooting, as well as, detecting
malicious processes that attempt to delete log files to conceal their presence.</rationale>
          <platform idref="#not_aarch64_arch"/>
          <ident system="https://ncp.nist.gov/cce">CCE-85768-0</ident>
          <fix xmlns:xhtml="http://www.w3.org/1999/xhtml" id="audit_rules_file_deletion_events_rename" system="urn:xccdf:fix:script:sh"># Remediation is applicable only in certain platforms
if rpm --quiet -q audit &amp;&amp; rpm --quiet -q kernel-default || rpm --quiet -q kernel-default-base &amp;&amp; { ! ( ( grep -sqE "^.*\.aarch64$" /proc/sys/kernel/osrelease || grep -sqE "^aarch64$" /proc/sys/kernel/arch; ) ); }; then

# First perform the remediation of the syscall rule
# Retrieve hardware architecture of the underlying system
[ "$(getconf LONG_BIT)" = "32" ] &amp;&amp; RULE_ARCHS=("b32") || RULE_ARCHS=("b32" "b64")

for ARCH in "${RULE_ARCHS[@]}"
do
	ACTION_ARCH_FILTERS="-a always,exit -F arch=$ARCH"
	OTHER_FILTERS=""
	AUID_FILTERS="-F auid&gt;=1000 -F auid!=unset"
	SYSCALL="rename"
	KEY="delete"
	SYSCALL_GROUPING="unlink unlinkat rename renameat renameat2 rmdir"
	# Perform the remediation for both possible tools: 'auditctl' and 'augenrules'
	unset syscall_a
unset syscall_grouping
unset syscall_string
unset syscall
unset file_to_edit
unset rule_to_edit
unset rule_syscalls_to_edit
unset other_string
unset auid_string
unset full_rule

# Load macro arguments into arrays
read -a syscall_a &lt;&lt;&lt; $SYSCALL
read -a syscall_grouping &lt;&lt;&lt; $SYSCALL_GROUPING

# Create a list of audit *.rules files that should be inspected for presence and correctness
# of a particular audit rule. The scheme is as follows:
#
# -----------------------------------------------------------------------------------------
#  Tool used to load audit rules | Rule already defined  |  Audit rules file to inspect    |
# -----------------------------------------------------------------------------------------
#        auditctl                |     Doesn't matter    |  /etc/audit/audit.rules         |
# -----------------------------------------------------------------------------------------
#        augenrules              |          Yes          |  /etc/audit/rules.d/*.rules     |
#        augenrules              |          No           |  /etc/audit/rules.d/$key.rules  |
# -----------------------------------------------------------------------------------------
#
files_to_inspect=()

# If audit tool is 'augenrules', then check if the audit rule is defined
# If rule is defined, add '/etc/audit/rules.d/*.rules' to the list for inspection
# If rule isn't defined yet, add '/etc/audit/rules.d/$key.rules' to the list for inspection
default_file="/etc/audit/rules.d/$KEY.rules"
# As other_filters may include paths, lets use a different delimiter for it
# The "F" script expression tells sed to print the filenames where the expressions matched
readarray -t files_to_inspect &lt; &lt;(sed -s -n -e "/^$ACTION_ARCH_FILTERS/!d" -e "\#$OTHER_FILTERS#!d" -e "/$AUID_FILTERS/!d" -e "F" /etc/audit/rules.d/*.rules)
# Case when particular rule isn't defined in /etc/audit/rules.d/*.rules yet
if [ ${#files_to_inspect[@]} -eq "0" ]
then
    file_to_inspect="/etc/audit/rules.d/$KEY.rules"
    files_to_inspect=("$file_to_inspect")
    if [ ! -e "$file_to_inspect" ]
    then
        touch "$file_to_inspect"
        chmod 0600 "$file_to_inspect"
    fi
fi

# After converting to jinja, we cannot return; therefore we skip the rest of the macro if needed instead
skip=1

for audit_file in "${files_to_inspect[@]}"
do
    # Filter existing $audit_file rules' definitions to select those that satisfy the rule pattern,
    # i.e, collect rules that match:
    # * the action, list and arch, (2-nd argument)
    # * the other filters, (3-rd argument)
    # * the auid filters, (4-rd argument)
    readarray -t similar_rules &lt; &lt;(sed -e "/^$ACTION_ARCH_FILTERS/!d"  -e "\#$OTHER_FILTERS#!d" -e "/$AUID_FILTERS/!d" "$audit_file")

    candidate_rules=()
    # Filter out rules that have more fields then required. This will remove rules more specific than the required scope
    for s_rule in "${similar_rules[@]}"
    do
        # Strip all the options and fields we know of,
        # than check if there was any field left over
        extra_fields=$(sed -E -e "s/^$ACTION_ARCH_FILTERS//"  -e "s#$OTHER_FILTERS##" -e "s/$AUID_FILTERS//" -e "s/((:?-S [[:alnum:],]+)+)//g" -e "s/-F key=\w+|-k \w+//"&lt;&lt;&lt; "$s_rule")
        grep -q -- "-F" &lt;&lt;&lt; "$extra_fields" || candidate_rules+=("$s_rule")
    done

    if [[ ${#syscall_a[@]} -ge 1 ]]
    then
        # Check if the syscall we want is present in any of the similar existing rules
        for rule in "${candidate_rules[@]}"
        do
            rule_syscalls=$(echo "$rule" | grep -o -P '(-S [\w,]+)+' | xargs)
            all_syscalls_found=0
            for syscall in "${syscall_a[@]}"
            do
                grep -q -- "\b${syscall}\b" &lt;&lt;&lt; "$rule_syscalls" || {
                   # A syscall was not found in the candidate rule
                   all_syscalls_found=1
                   }
            done
            if [[ $all_syscalls_found -eq 0 ]]
            then
                # We found a rule with all the syscall(s) we want; skip rest of macro
                skip=0
                break
            fi

            # Check if this rule can be grouped with our target syscall and keep track of it
            for syscall_g in "${syscall_grouping[@]}"
            do
                if grep -q -- "\b${syscall_g}\b" &lt;&lt;&lt; "$rule_syscalls"
                then
                    file_to_edit=${audit_file}
                    rule_to_edit=${rule}
                    rule_syscalls_to_edit=${rule_syscalls}
                fi
            done
        done
    else
        # If there is any candidate rule, it is compliant; skip rest of macro
        if [ "${#candidate_rules[@]}" -gt 0 ]
        then
            skip=0
        fi
    fi

    if [ "$skip" -eq 0 ]; then
        break
    fi
done

if [ "$skip" -ne 0 ]; then
    # We checked all rules that matched the expected resemblance pattern (action, arch &amp; auid)
    # At this point we know if we need to either append the $full_rule or group
    # the syscall together with an exsiting rule

    # Append the full_rule if it cannot be grouped to any other rule
    if [ -z ${rule_to_edit+x} ]
    then
        # Build full_rule while avoid adding double spaces when other_filters is empty
        if [ "${#syscall_a[@]}" -gt 0 ]
        then
            syscall_string=""
            for syscall in "${syscall_a[@]}"
            do
                syscall_string+=" -S $syscall"
            done
        fi
        other_string=$([[ $OTHER_FILTERS ]] &amp;&amp; echo " $OTHER_FILTERS") || /bin/true
        auid_string=$([[ $AUID_FILTERS ]] &amp;&amp; echo " $AUID_FILTERS") || /bin/true
        full_rule="$ACTION_ARCH_FILTERS${syscall_string}${other_string}${auid_string} -F key=$KEY" || /bin/true
        echo "$full_rule" &gt;&gt; "$default_file"
        chmod 0600 ${default_file}
    else
        # Check if the syscalls are declared as a comma separated list or
        # as multiple -S parameters
        if grep -q -- "," &lt;&lt;&lt; "${rule_syscalls_to_edit}"
        then
            delimiter=","
        else
            delimiter=" -S "
        fi
        new_grouped_syscalls="${rule_syscalls_to_edit}"
        for syscall in "${syscall_a[@]}"
        do
            grep -q -- "\b${syscall}\b" &lt;&lt;&lt; "${rule_syscalls_to_edit}" || {
               # A syscall was not found in the candidate rule
               new_grouped_syscalls+="${delimiter}${syscall}"
               }
        done

        # Group the syscall in the rule
        sed -i -e "\#${rule_to_edit}#s#${rule_syscalls_to_edit}#${new_grouped_syscalls}#" "$file_to_edit"
    fi
fi
	unset syscall_a
unset syscall_grouping
unset syscall_string
unset syscall
unset file_to_edit
unset rule_to_edit
unset rule_syscalls_to_edit
unset other_string
unset auid_string
unset full_rule

# Load macro arguments into arrays
read -a syscall_a &lt;&lt;&lt; $SYSCALL
read -a syscall_grouping &lt;&lt;&lt; $SYSCALL_GROUPING

# Create a list of audit *.rules files that should be inspected for presence and correctness
# of a particular audit rule. The scheme is as follows:
#
# -----------------------------------------------------------------------------------------
#  Tool used to load audit rules | Rule already defined  |  Audit rules file to inspect    |
# -----------------------------------------------------------------------------------------
#        auditctl                |     Doesn't matter    |  /etc/audit/audit.rules         |
# -----------------------------------------------------------------------------------------
#        augenrules              |          Yes          |  /etc/audit/rules.d/*.rules     |
#        augenrules              |          No           |  /etc/audit/rules.d/$key.rules  |
# -----------------------------------------------------------------------------------------
#
files_to_inspect=()


# If audit tool is 'auditctl', then add '/etc/audit/audit.rules'
# file to the list of files to be inspected
default_file="/etc/audit/audit.rules"
files_to_inspect+=('/etc/audit/audit.rules' )

# After converting to jinja, we cannot return; therefore we skip the rest of the macro if needed instead
skip=1

for audit_file in "${files_to_inspect[@]}"
do
    # Filter existing $audit_file rules' definitions to select those that satisfy the rule pattern,
    # i.e, collect rules that match:
    # * the action, list and arch, (2-nd argument)
    # * the other filters, (3-rd argument)
    # * the auid filters, (4-rd argument)
    readarray -t similar_rules &lt; &lt;(sed -e "/^$ACTION_ARCH_FILTERS/!d"  -e "\#$OTHER_FILTERS#!d" -e "/$AUID_FILTERS/!d" "$audit_file")

    candidate_rules=()
    # Filter out rules that have more fields then required. This will remove rules more specific than the required scope
    for s_rule in "${similar_rules[@]}"
    do
        # Strip all the options and fields we know of,
        # than check if there was any field left over
        extra_fields=$(sed -E -e "s/^$ACTION_ARCH_FILTERS//"  -e "s#$OTHER_FILTERS##" -e "s/$AUID_FILTERS//" -e "s/((:?-S [[:alnum:],]+)+)//g" -e "s/-F key=\w+|-k \w+//"&lt;&lt;&lt; "$s_rule")
        grep -q -- "-F" &lt;&lt;&lt; "$extra_fields" || candidate_rules+=("$s_rule")
    done

    if [[ ${#syscall_a[@]} -ge 1 ]]
    then
        # Check if the syscall we want is present in any of the similar existing rules
        for rule in "${candidate_rules[@]}"
        do
            rule_syscalls=$(echo "$rule" | grep -o -P '(-S [\w,]+)+' | xargs)
            all_syscalls_found=0
            for syscall in "${syscall_a[@]}"
            do
                grep -q -- "\b${syscall}\b" &lt;&lt;&lt; "$rule_syscalls" || {
                   # A syscall was not found in the candidate rule
                   all_syscalls_found=1
                   }
            done
            if [[ $all_syscalls_found -eq 0 ]]
            then
                # We found a rule with all the syscall(s) we want; skip rest of macro
                skip=0
                break
            fi

            # Check if this rule can be grouped with our target syscall and keep track of it
            for syscall_g in "${syscall_grouping[@]}"
            do
                if grep -q -- "\b${syscall_g}\b" &lt;&lt;&lt; "$rule_syscalls"
                then
                    file_to_edit=${audit_file}
                    rule_to_edit=${rule}
                    rule_syscalls_to_edit=${rule_syscalls}
                fi
            done
        done
    else
        # If there is any candidate rule, it is compliant; skip rest of macro
        if [ "${#candidate_rules[@]}" -gt 0 ]
        then
            skip=0
        fi
    fi

    if [ "$skip" -eq 0 ]; then
        break
    fi
done

if [ "$skip" -ne 0 ]; then
    # We checked all rules that matched the expected resemblance pattern (action, arch &amp; auid)
    # At this point we know if we need to either append the $full_rule or group
    # the syscall together with an exsiting rule

    # Append the full_rule if it cannot be grouped to any other rule
    if [ -z ${rule_to_edit+x} ]
    then
        # Build full_rule while avoid adding double spaces when other_filters is empty
        if [ "${#syscall_a[@]}" -gt 0 ]
        then
            syscall_string=""
            for syscall in "${syscall_a[@]}"
            do
                syscall_string+=" -S $syscall"
            done
        fi
        other_string=$([[ $OTHER_FILTERS ]] &amp;&amp; echo " $OTHER_FILTERS") || /bin/true
        auid_string=$([[ $AUID_FILTERS ]] &amp;&amp; echo " $AUID_FILTERS") || /bin/true
        full_rule="$ACTION_ARCH_FILTERS${syscall_string}${other_string}${auid_string} -F key=$KEY" || /bin/true
        echo "$full_rule" &gt;&gt; "$default_file"
        chmod 0600 ${default_file}
    else
        # Check if the syscalls are declared as a comma separated list or
        # as multiple -S parameters
        if grep -q -- "," &lt;&lt;&lt; "${rule_syscalls_to_edit}"
        then
            delimiter=","
        else
            delimiter=" -S "
        fi
        new_grouped_syscalls="${rule_syscalls_to_edit}"
        for syscall in "${syscall_a[@]}"
        do
            grep -q -- "\b${syscall}\b" &lt;&lt;&lt; "${rule_syscalls_to_edit}" || {
               # A syscall was not found in the candidate rule
               new_grouped_syscalls+="${delimiter}${syscall}"
               }
        done

        # Group the syscall in the rule
        sed -i -e "\#${rule_to_edit}#s#${rule_syscalls_to_edit}#${new_grouped_syscalls}#" "$file_to_edit"
    fi
fi
done

else
    &gt;&amp;2 echo 'Remediation is not applicable, nothing was done'
fi
</fix>
          <fix xmlns:xhtml="http://www.w3.org/1999/xhtml" id="audit_rules_file_deletion_events_rename" system="urn:xccdf:fix:script:ansible" reboot="true" complexity="low" disruption="low" strategy="restrict">- name: Gather the package facts
  package_facts:
    manager: auto
  tags:
  - CCE-85768-0
  - NIST-800-171-3.1.7
  - NIST-800-53-AU-12(c)
  - NIST-800-53-AU-2(d)
  - NIST-800-53-CM-6(a)
  - PCI-DSS-Req-10.2.7
  - PCI-DSSv4-10.2
  - PCI-DSSv4-10.2.1
  - PCI-DSSv4-10.2.1.7
  - audit_rules_file_deletion_events_rename
  - low_complexity
  - low_disruption
  - medium_severity
  - reboot_required
  - restrict_strategy

- name: Set architecture for audit rename tasks
  ansible.builtin.set_fact:
    audit_arch: b64
  when:
  - '"audit" in ansible_facts.packages'
  - ("kernel-default" in ansible_facts.packages or "kernel-default-base" in ansible_facts.packages)
  - not ( ansible_architecture == "aarch64" )
  - ansible_architecture == "aarch64" or ansible_architecture == "ppc64" or ansible_architecture
    == "ppc64le" or ansible_architecture == "s390x" or ansible_architecture == "x86_64"
  tags:
  - CCE-85768-0
  - NIST-800-171-3.1.7
  - NIST-800-53-AU-12(c)
  - NIST-800-53-AU-2(d)
  - NIST-800-53-CM-6(a)
  - PCI-DSS-Req-10.2.7
  - PCI-DSSv4-10.2
  - PCI-DSSv4-10.2.1
  - PCI-DSSv4-10.2.1.7
  - audit_rules_file_deletion_events_rename
  - low_complexity
  - low_disruption
  - medium_severity
  - reboot_required
  - restrict_strategy

- name: Perform remediation of Audit rules for rename for 32bit platform
  block:

  - name: Declare list of syscalls
    ansible.builtin.set_fact:
      syscalls:
      - rename
      syscall_grouping:
      - unlink
      - unlinkat
      - rename
      - renameat
      - renameat2
      - rmdir

  - name: Check existence of rename in /etc/audit/rules.d/
    ansible.builtin.find:
      paths: /etc/audit/rules.d
      contains: -a always,exit -F arch=b32(( -S |,)\w+)*(( -S |,){{ item }})+(( -S
        |,)\w+)* -F auid&gt;=1000 -F auid!=unset (-k\s+|-F\s+key=)\S+\s*$
      patterns: '*.rules'
    register: find_command
    loop: '{{ (syscall_grouping + syscalls) | unique }}'

  - name: Reset syscalls found per file
    ansible.builtin.set_fact:
      syscalls_per_file: {}
      found_paths_dict: {}

  - name: Declare syscalls found per file
    ansible.builtin.set_fact: syscalls_per_file="{{ syscalls_per_file | combine( {item.files[0].path
      :[item.item] + syscalls_per_file.get(item.files[0].path, []) } ) }}"
    loop: '{{ find_command.results | selectattr(''matched'') | list }}'

  - name: Declare files where syscalls were found
    ansible.builtin.set_fact: found_paths="{{ find_command.results | map(attribute='files')
      | flatten | map(attribute='path') | list }}"

  - name: Count occurrences of syscalls in paths
    ansible.builtin.set_fact: found_paths_dict="{{ found_paths_dict | combine({ item:1+found_paths_dict.get(item,
      0) }) }}"
    loop: '{{ find_command.results | map(attribute=''files'') | flatten | map(attribute=''path'')
      | list }}'

  - name: Get path with most syscalls
    ansible.builtin.set_fact: audit_file="{{ (found_paths_dict | dict2items() | sort(attribute='value')
      | last).key }}"
    when: found_paths | length &gt;= 1

  - name: No file with syscall found, set path to /etc/audit/rules.d/delete.rules
    ansible.builtin.set_fact: audit_file="/etc/audit/rules.d/delete.rules"
    when: found_paths | length == 0

  - name: Declare found syscalls
    ansible.builtin.set_fact: syscalls_found="{{ find_command.results | selectattr('matched')
      | map(attribute='item') | list }}"

  - name: Declare missing syscalls
    ansible.builtin.set_fact: missing_syscalls="{{ syscalls | difference(syscalls_found)
      }}"

  - name: Replace the audit rule in {{ audit_file }}
    ansible.builtin.lineinfile:
      path: '{{ audit_file }}'
      regexp: (-a always,exit -F arch=b32)(?=.*(?:(?:-S |,)(?:{{ syscalls_per_file[audit_file]
        | join("|") }}))\b)((?:( -S |,)\w+)+)( -F auid&gt;=1000 -F auid!=unset (?:-k
        |-F key=)\w+)
      line: \1\2\3{{ missing_syscalls | join("\3") }}\4
      backrefs: true
      state: present
      mode: g-rwx,o-rwx
    when: syscalls_found | length &gt; 0 and missing_syscalls | length &gt; 0

  - name: Add the audit rule to {{ audit_file }}
    ansible.builtin.lineinfile:
      path: '{{ audit_file }}'
      line: -a always,exit -F arch=b32 -S {{ syscalls | join(',') }} -F auid&gt;=1000
        -F auid!=unset -F key=delete
      create: true
      mode: g-rwx,o-rwx
      state: present
    when: syscalls_found | length == 0

  - name: Declare list of syscalls
    ansible.builtin.set_fact:
      syscalls:
      - rename
      syscall_grouping:
      - unlink
      - unlinkat
      - rename
      - renameat
      - renameat2
      - rmdir

  - name: Check existence of rename in /etc/audit/audit.rules
    ansible.builtin.find:
      paths: /etc/audit
      contains: -a always,exit -F arch=b32(( -S |,)\w+)*(( -S |,){{ item }})+(( -S
        |,)\w+)* -F auid&gt;=1000 -F auid!=unset (-k\s+|-F\s+key=)\S+\s*$
      patterns: audit.rules
    register: find_command
    loop: '{{ (syscall_grouping + syscalls) | unique }}'

  - name: Set path to /etc/audit/audit.rules
    ansible.builtin.set_fact: audit_file="/etc/audit/audit.rules"

  - name: Declare found syscalls
    ansible.builtin.set_fact: syscalls_found="{{ find_command.results | selectattr('matched')
      | map(attribute='item') | list }}"

  - name: Declare missing syscalls
    ansible.builtin.set_fact: missing_syscalls="{{ syscalls | difference(syscalls_found)
      }}"

  - name: Replace the audit rule in {{ audit_file }}
    ansible.builtin.lineinfile:
      path: '{{ audit_file }}'
      regexp: (-a always,exit -F arch=b32)(?=.*(?:(?:-S |,)(?:{{ syscalls_found |
        join("|") }}))\b)((?:( -S |,)\w+)+)( -F auid&gt;=1000 -F auid!=unset (?:-k |-F
        key=)\w+)
      line: \1\2\3{{ missing_syscalls | join("\3") }}\4
      backrefs: true
      state: present
      mode: g-rwx,o-rwx
    when: syscalls_found | length &gt; 0 and missing_syscalls | length &gt; 0

  - name: Add the audit rule to {{ audit_file }}
    ansible.builtin.lineinfile:
      path: '{{ audit_file }}'
      line: -a always,exit -F arch=b32 -S {{ syscalls | join(',') }} -F auid&gt;=1000
        -F auid!=unset -F key=delete
      create: true
      mode: g-rwx,o-rwx
      state: present
    when: syscalls_found | length == 0
  when:
  - '"audit" in ansible_facts.packages'
  - ("kernel-default" in ansible_facts.packages or "kernel-default-base" in ansible_facts.packages)
  - not ( ansible_architecture == "aarch64" )
  tags:
  - CCE-85768-0
  - NIST-800-171-3.1.7
  - NIST-800-53-AU-12(c)
  - NIST-800-53-AU-2(d)
  - NIST-800-53-CM-6(a)
  - PCI-DSS-Req-10.2.7
  - PCI-DSSv4-10.2
  - PCI-DSSv4-10.2.1
  - PCI-DSSv4-10.2.1.7
  - audit_rules_file_deletion_events_rename
  - low_complexity
  - low_disruption
  - medium_severity
  - reboot_required
  - restrict_strategy

- name: Perform remediation of Audit rules for rename for 64bit platform
  block:

  - name: Declare list of syscalls
    ansible.builtin.set_fact:
      syscalls:
      - rename
      syscall_grouping:
      - unlink
      - unlinkat
      - rename
      - renameat
      - renameat2
      - rmdir

  - name: Check existence of rename in /etc/audit/rules.d/
    ansible.builtin.find:
      paths: /etc/audit/rules.d
      contains: -a always,exit -F arch=b64(( -S |,)\w+)*(( -S |,){{ item }})+(( -S
        |,)\w+)* -F auid&gt;=1000 -F auid!=unset (-k\s+|-F\s+key=)\S+\s*$
      patterns: '*.rules'
    register: find_command
    loop: '{{ (syscall_grouping + syscalls) | unique }}'

  - name: Reset syscalls found per file
    ansible.builtin.set_fact:
      syscalls_per_file: {}
      found_paths_dict: {}

  - name: Declare syscalls found per file
    ansible.builtin.set_fact: syscalls_per_file="{{ syscalls_per_file | combine( {item.files[0].path
      :[item.item] + syscalls_per_file.get(item.files[0].path, []) } ) }}"
    loop: '{{ find_command.results | selectattr(''matched'') | list }}'

  - name: Declare files where syscalls were found
    ansible.builtin.set_fact: found_paths="{{ find_command.results | map(attribute='files')
      | flatten | map(attribute='path') | list }}"

  - name: Count occurrences of syscalls in paths
    ansible.builtin.set_fact: found_paths_dict="{{ found_paths_dict | combine({ item:1+found_paths_dict.get(item,
      0) }) }}"
    loop: '{{ find_command.results | map(attribute=''files'') | flatten | map(attribute=''path'')
      | list }}'

  - name: Get path with most syscalls
    ansible.builtin.set_fact: audit_file="{{ (found_paths_dict | dict2items() | sort(attribute='value')
      | last).key }}"
    when: found_paths | length &gt;= 1

  - name: No file with syscall found, set path to /etc/audit/rules.d/delete.rules
    ansible.builtin.set_fact: audit_file="/etc/audit/rules.d/delete.rules"
    when: found_paths | length == 0

  - name: Declare found syscalls
    ansible.builtin.set_fact: syscalls_found="{{ find_command.results | selectattr('matched')
      | map(attribute='item') | list }}"

  - name: Declare missing syscalls
    ansible.builtin.set_fact: missing_syscalls="{{ syscalls | difference(syscalls_found)
      }}"

  - name: Replace the audit rule in {{ audit_file }}
    ansible.builtin.lineinfile:
      path: '{{ audit_file }}'
      regexp: (-a always,exit -F arch=b64)(?=.*(?:(?:-S |,)(?:{{ syscalls_per_file[audit_file]
        | join("|") }}))\b)((?:( -S |,)\w+)+)( -F auid&gt;=1000 -F auid!=unset (?:-k
        |-F key=)\w+)
      line: \1\2\3{{ missing_syscalls | join("\3") }}\4
      backrefs: true
      state: present
      mode: g-rwx,o-rwx
    when: syscalls_found | length &gt; 0 and missing_syscalls | length &gt; 0

  - name: Add the audit rule to {{ audit_file }}
    ansible.builtin.lineinfile:
      path: '{{ audit_file }}'
      line: -a always,exit -F arch=b64 -S {{ syscalls | join(',') }} -F auid&gt;=1000
        -F auid!=unset -F key=delete
      create: true
      mode: g-rwx,o-rwx
      state: present
    when: syscalls_found | length == 0

  - name: Declare list of syscalls
    ansible.builtin.set_fact:
      syscalls:
      - rename
      syscall_grouping:
      - unlink
      - unlinkat
      - rename
      - renameat
      - renameat2
      - rmdir

  - name: Check existence of rename in /etc/audit/audit.rules
    ansible.builtin.find:
      paths: /etc/audit
      contains: -a always,exit -F arch=b64(( -S |,)\w+)*(( -S |,){{ item }})+(( -S
        |,)\w+)* -F auid&gt;=1000 -F auid!=unset (-k\s+|-F\s+key=)\S+\s*$
      patterns: audit.rules
    register: find_command
    loop: '{{ (syscall_grouping + syscalls) | unique }}'

  - name: Set path to /etc/audit/audit.rules
    ansible.builtin.set_fact: audit_file="/etc/audit/audit.rules"

  - name: Declare found syscalls
    ansible.builtin.set_fact: syscalls_found="{{ find_command.results | selectattr('matched')
      | map(attribute='item') | list }}"

  - name: Declare missing syscalls
    ansible.builtin.set_fact: missing_syscalls="{{ syscalls | difference(syscalls_found)
      }}"

  - name: Replace the audit rule in {{ audit_file }}
    ansible.builtin.lineinfile:
      path: '{{ audit_file }}'
      regexp: (-a always,exit -F arch=b64)(?=.*(?:(?:-S |,)(?:{{ syscalls_found |
        join("|") }}))\b)((?:( -S |,)\w+)+)( -F auid&gt;=1000 -F auid!=unset (?:-k |-F
        key=)\w+)
      line: \1\2\3{{ missing_syscalls | join("\3") }}\4
      backrefs: true
      state: present
      mode: g-rwx,o-rwx
    when: syscalls_found | length &gt; 0 and missing_syscalls | length &gt; 0

  - name: Add the audit rule to {{ audit_file }}
    ansible.builtin.lineinfile:
      path: '{{ audit_file }}'
      line: -a always,exit -F arch=b64 -S {{ syscalls | join(',') }} -F auid&gt;=1000
        -F auid!=unset -F key=delete
      create: true
      mode: g-rwx,o-rwx
      state: present
    when: syscalls_found | length == 0
  when:
  - '"audit" in ansible_facts.packages'
  - ("kernel-default" in ansible_facts.packages or "kernel-default-base" in ansible_facts.packages)
  - not ( ansible_architecture == "aarch64" )
  - audit_arch == "b64"
  tags:
  - CCE-85768-0
  - NIST-800-171-3.1.7
  - NIST-800-53-AU-12(c)
  - NIST-800-53-AU-2(d)
  - NIST-800-53-CM-6(a)
  - PCI-DSS-Req-10.2.7
  - PCI-DSSv4-10.2
  - PCI-DSSv4-10.2.1
  - PCI-DSSv4-10.2.1.7
  - audit_rules_file_deletion_events_rename
  - low_complexity
  - low_disruption
  - medium_severity
  - reboot_required
  - restrict_strategy
</fix>
          <check system="http://oval.mitre.org/XMLSchema/oval-definitions-5">
            <check-content-ref name="oval:ssg-audit_rules_file_deletion_events_rename:def:1" href="ssg-sle15-oval.xml"/>
          </check>
          <check system="http://scap.nist.gov/schema/ocil/2">
            <check-content-ref name="ocil:ssg-audit_rules_file_deletion_events_rename_ocil:questionnaire:1" href="ssg-sle15-ocil.xml"/>
          </check>
        </Rule>
        <Rule id="xccdf_org.ssgproject.content_rule_audit_rules_file_deletion_events_renameat" selected="false" role="full" severity="medium">
          <title xmlns:xhtml="http://www.w3.org/1999/xhtml" xml:lang="en-US">Ensure auditd Collects File Deletion Events by User - renameat</title>
          <description xmlns:xhtml="http://www.w3.org/1999/xhtml" xml:lang="en-US">At a minimum, the audit system should collect file deletion events
for all users and root. If the <html:code xmlns:html="http://www.w3.org/1999/xhtml">auditd</html:code> daemon is configured to use the
<html:code xmlns:html="http://www.w3.org/1999/xhtml">augenrules</html:code> program to read audit rules during daemon startup (the
default), add the following line to a file with suffix <html:code xmlns:html="http://www.w3.org/1999/xhtml">.rules</html:code> in the
directory <html:code xmlns:html="http://www.w3.org/1999/xhtml">/etc/audit/rules.d</html:code>, setting ARCH to either b32 for 32-bit
system, or having two lines for both b32 and b64 in case your system is 64-bit:
<html:pre xmlns:html="http://www.w3.org/1999/xhtml">-a always,exit -F arch=ARCH -S renameat -F auid&gt;=1000 -F auid!=unset -F key=delete</html:pre>
If the <html:code xmlns:html="http://www.w3.org/1999/xhtml">auditd</html:code> daemon is configured to use the <html:code xmlns:html="http://www.w3.org/1999/xhtml">auditctl</html:code>
utility to read audit rules during daemon startup, add the following line to
<html:code xmlns:html="http://www.w3.org/1999/xhtml">/etc/audit/audit.rules</html:code> file, setting ARCH to either b32 for 32-bit
system, or having two lines for both b32 and b64 in case your system is 64-bit:
<html:pre xmlns:html="http://www.w3.org/1999/xhtml">-a always,exit -F arch=ARCH -S renameat -F auid&gt;=1000 -F auid!=unset -F key=delete</html:pre>
       </description>
          <reference href="https://www.cisecurity.org/controls/">1</reference>
          <reference href="https://www.cisecurity.org/controls/">11</reference>
          <reference href="https://www.cisecurity.org/controls/">12</reference>
          <reference href="https://www.cisecurity.org/controls/">13</reference>
          <reference href="https://www.cisecurity.org/controls/">14</reference>
          <reference href="https://www.cisecurity.org/controls/">15</reference>
          <reference href="https://www.cisecurity.org/controls/">16</reference>
          <reference href="https://www.cisecurity.org/controls/">19</reference>
          <reference href="https://www.cisecurity.org/controls/">2</reference>
          <reference href="https://www.cisecurity.org/controls/">3</reference>
          <reference href="https://www.cisecurity.org/controls/">4</reference>
          <reference href="https://www.cisecurity.org/controls/">5</reference>
          <reference href="https://www.cisecurity.org/controls/">6</reference>
          <reference href="https://www.cisecurity.org/controls/">7</reference>
          <reference href="https://www.cisecurity.org/controls/">8</reference>
          <reference href="https://www.cisecurity.org/controls/">9</reference>
          <reference href="https://www.isaca.org/resources/cobit">APO10.01</reference>
          <reference href="https://www.isaca.org/resources/cobit">APO10.03</reference>
          <reference href="https://www.isaca.org/resources/cobit">APO10.04</reference>
          <reference href="https://www.isaca.org/resources/cobit">APO10.05</reference>
          <reference href="https://www.isaca.org/resources/cobit">APO11.04</reference>
          <reference href="https://www.isaca.org/resources/cobit">APO12.06</reference>
          <reference href="https://www.isaca.org/resources/cobit">APO13.01</reference>
          <reference href="https://www.isaca.org/resources/cobit">BAI03.05</reference>
          <reference href="https://www.isaca.org/resources/cobit">BAI08.02</reference>
          <reference href="https://www.isaca.org/resources/cobit">DSS01.03</reference>
          <reference href="https://www.isaca.org/resources/cobit">DSS01.04</reference>
          <reference href="https://www.isaca.org/resources/cobit">DSS02.02</reference>
          <reference href="https://www.isaca.org/resources/cobit">DSS02.04</reference>
          <reference href="https://www.isaca.org/resources/cobit">DSS02.07</reference>
          <reference href="https://www.isaca.org/resources/cobit">DSS03.01</reference>
          <reference href="https://www.isaca.org/resources/cobit">DSS03.05</reference>
          <reference href="https://www.isaca.org/resources/cobit">DSS05.02</reference>
          <reference href="https://www.isaca.org/resources/cobit">DSS05.03</reference>
          <reference href="https://www.isaca.org/resources/cobit">DSS05.04</reference>
          <reference href="https://www.isaca.org/resources/cobit">DSS05.05</reference>
          <reference href="https://www.isaca.org/resources/cobit">DSS05.07</reference>
          <reference href="https://www.isaca.org/resources/cobit">MEA01.01</reference>
          <reference href="https://www.isaca.org/resources/cobit">MEA01.02</reference>
          <reference href="https://www.isaca.org/resources/cobit">MEA01.03</reference>
          <reference href="https://www.isaca.org/resources/cobit">MEA01.04</reference>
          <reference href="https://www.isaca.org/resources/cobit">MEA01.05</reference>
          <reference href="https://www.isaca.org/resources/cobit">MEA02.01</reference>
          <reference href="http://nvlpubs.nist.gov/nistpubs/SpecialPublications/NIST.SP.800-171.pdf">3.1.7</reference>
          <reference href="https://www.gpo.gov/fdsys/pkg/CFR-2007-title45-vol1/pdf/CFR-2007-title45-vol1-chapA-subchapC.pdf">164.308(a)(1)(ii)(D)</reference>
          <reference href="https://www.gpo.gov/fdsys/pkg/CFR-2007-title45-vol1/pdf/CFR-2007-title45-vol1-chapA-subchapC.pdf">164.308(a)(3)(ii)(A)</reference>
          <reference href="https://www.gpo.gov/fdsys/pkg/CFR-2007-title45-vol1/pdf/CFR-2007-title45-vol1-chapA-subchapC.pdf">164.308(a)(5)(ii)(C)</reference>
          <reference href="https://www.gpo.gov/fdsys/pkg/CFR-2007-title45-vol1/pdf/CFR-2007-title45-vol1-chapA-subchapC.pdf">164.312(a)(2)(i)</reference>
          <reference href="https://www.gpo.gov/fdsys/pkg/CFR-2007-title45-vol1/pdf/CFR-2007-title45-vol1-chapA-subchapC.pdf">164.312(b)</reference>
          <reference href="https://www.gpo.gov/fdsys/pkg/CFR-2007-title45-vol1/pdf/CFR-2007-title45-vol1-chapA-subchapC.pdf">164.312(d)</reference>
          <reference href="https://www.gpo.gov/fdsys/pkg/CFR-2007-title45-vol1/pdf/CFR-2007-title45-vol1-chapA-subchapC.pdf">164.312(e)</reference>
          <reference href="https://www.isa.org/products/isa-62443-2-1-2009-security-for-industrial-automat">4.2.3.10</reference>
          <reference href="https://www.isa.org/products/isa-62443-2-1-2009-security-for-industrial-automat">4.3.2.6.7</reference>
          <reference href="https://www.isa.org/products/isa-62443-2-1-2009-security-for-industrial-automat">4.3.3.3.9</reference>
          <reference href="https://www.isa.org/products/isa-62443-2-1-2009-security-for-industrial-automat">4.3.3.5.8</reference>
          <reference href="https://www.isa.org/products/isa-62443-2-1-2009-security-for-industrial-automat">4.3.3.6.5</reference>
          <reference href="https://www.isa.org/products/isa-62443-2-1-2009-security-for-industrial-automat">4.3.3.6.6</reference>
          <reference href="https://www.isa.org/products/isa-62443-2-1-2009-security-for-industrial-automat">4.3.3.6.7</reference>
          <reference href="https://www.isa.org/products/isa-62443-2-1-2009-security-for-industrial-automat">4.3.3.6.8</reference>
          <reference href="https://www.isa.org/products/isa-62443-2-1-2009-security-for-industrial-automat">4.3.4.4.7</reference>
          <reference href="https://www.isa.org/products/isa-62443-2-1-2009-security-for-industrial-automat">4.3.4.5.6</reference>
          <reference href="https://www.isa.org/products/isa-62443-2-1-2009-security-for-industrial-automat">4.3.4.5.7</reference>
          <reference href="https://www.isa.org/products/isa-62443-2-1-2009-security-for-industrial-automat">4.3.4.5.8</reference>
          <reference href="https://www.isa.org/products/isa-62443-2-1-2009-security-for-industrial-automat">4.4.2.1</reference>
          <reference href="https://www.isa.org/products/isa-62443-2-1-2009-security-for-industrial-automat">4.4.2.2</reference>
          <reference href="https://www.isa.org/products/isa-62443-2-1-2009-security-for-industrial-automat">4.4.2.4</reference>
          <reference href="https://www.isa.org/products/ansi-isa-62443-3-3-99-03-03-2013-security-for-indu">SR 1.13</reference>
          <reference href="https://www.isa.org/products/ansi-isa-62443-3-3-99-03-03-2013-security-for-indu">SR 2.10</reference>
          <reference href="https://www.isa.org/products/ansi-isa-62443-3-3-99-03-03-2013-security-for-indu">SR 2.11</reference>
          <reference href="https://www.isa.org/products/ansi-isa-62443-3-3-99-03-03-2013-security-for-indu">SR 2.12</reference>
          <reference href="https://www.isa.org/products/ansi-isa-62443-3-3-99-03-03-2013-security-for-indu">SR 2.6</reference>
          <reference href="https://www.isa.org/products/ansi-isa-62443-3-3-99-03-03-2013-security-for-indu">SR 2.8</reference>
          <reference href="https://www.isa.org/products/ansi-isa-62443-3-3-99-03-03-2013-security-for-indu">SR 2.9</reference>
          <reference href="https://www.isa.org/products/ansi-isa-62443-3-3-99-03-03-2013-security-for-indu">SR 3.1</reference>
          <reference href="https://www.isa.org/products/ansi-isa-62443-3-3-99-03-03-2013-security-for-indu">SR 3.5</reference>
          <reference href="https://www.isa.org/products/ansi-isa-62443-3-3-99-03-03-2013-security-for-indu">SR 3.8</reference>
          <reference href="https://www.isa.org/products/ansi-isa-62443-3-3-99-03-03-2013-security-for-indu">SR 4.1</reference>
          <reference href="https://www.isa.org/products/ansi-isa-62443-3-3-99-03-03-2013-security-for-indu">SR 4.3</reference>
          <reference href="https://www.isa.org/products/ansi-isa-62443-3-3-99-03-03-2013-security-for-indu">SR 5.1</reference>
          <reference href="https://www.isa.org/products/ansi-isa-62443-3-3-99-03-03-2013-security-for-indu">SR 5.2</reference>
          <reference href="https://www.isa.org/products/ansi-isa-62443-3-3-99-03-03-2013-security-for-indu">SR 5.3</reference>
          <reference href="https://www.isa.org/products/ansi-isa-62443-3-3-99-03-03-2013-security-for-indu">SR 6.1</reference>
          <reference href="https://www.isa.org/products/ansi-isa-62443-3-3-99-03-03-2013-security-for-indu">SR 6.2</reference>
          <reference href="https://www.isa.org/products/ansi-isa-62443-3-3-99-03-03-2013-security-for-indu">SR 7.1</reference>
          <reference href="https://www.isa.org/products/ansi-isa-62443-3-3-99-03-03-2013-security-for-indu">SR 7.6</reference>
          <reference href="https://www.iso.org/contents/data/standard/05/45/54534.html">A.11.2.4</reference>
          <reference href="https://www.iso.org/contents/data/standard/05/45/54534.html">A.11.2.6</reference>
          <reference href="https://www.iso.org/contents/data/standard/05/45/54534.html">A.12.4.1</reference>
          <reference href="https://www.iso.org/contents/data/standard/05/45/54534.html">A.12.4.2</reference>
          <reference href="https://www.iso.org/contents/data/standard/05/45/54534.html">A.12.4.3</reference>
          <reference href="https://www.iso.org/contents/data/standard/05/45/54534.html">A.12.4.4</reference>
          <reference href="https://www.iso.org/contents/data/standard/05/45/54534.html">A.12.7.1</reference>
          <reference href="https://www.iso.org/contents/data/standard/05/45/54534.html">A.13.1.1</reference>
          <reference href="https://www.iso.org/contents/data/standard/05/45/54534.html">A.13.2.1</reference>
          <reference href="https://www.iso.org/contents/data/standard/05/45/54534.html">A.14.1.3</reference>
          <reference href="https://www.iso.org/contents/data/standard/05/45/54534.html">A.14.2.7</reference>
          <reference href="https://www.iso.org/contents/data/standard/05/45/54534.html">A.15.1.1</reference>
          <reference href="https://www.iso.org/contents/data/standard/05/45/54534.html">A.15.2.1</reference>
          <reference href="https://www.iso.org/contents/data/standard/05/45/54534.html">A.15.2.2</reference>
          <reference href="https://www.iso.org/contents/data/standard/05/45/54534.html">A.16.1.4</reference>
          <reference href="https://www.iso.org/contents/data/standard/05/45/54534.html">A.16.1.5</reference>
          <reference href="https://www.iso.org/contents/data/standard/05/45/54534.html">A.16.1.7</reference>
          <reference href="https://www.iso.org/contents/data/standard/05/45/54534.html">A.6.2.1</reference>
          <reference href="https://www.iso.org/contents/data/standard/05/45/54534.html">A.6.2.2</reference>
          <reference href="http://nvlpubs.nist.gov/nistpubs/SpecialPublications/NIST.SP.800-53r4.pdf">AU-2(d)</reference>
          <reference href="http://nvlpubs.nist.gov/nistpubs/SpecialPublications/NIST.SP.800-53r4.pdf">AU-12(c)</reference>
          <reference href="http://nvlpubs.nist.gov/nistpubs/SpecialPublications/NIST.SP.800-53r4.pdf">CM-6(a)</reference>
          <reference href="https://nvlpubs.nist.gov/nistpubs/CSWP/NIST.CSWP.04162018.pdf">DE.AE-3</reference>
          <reference href="https://nvlpubs.nist.gov/nistpubs/CSWP/NIST.CSWP.04162018.pdf">DE.AE-5</reference>
          <reference href="https://nvlpubs.nist.gov/nistpubs/CSWP/NIST.CSWP.04162018.pdf">DE.CM-1</reference>
          <reference href="https://nvlpubs.nist.gov/nistpubs/CSWP/NIST.CSWP.04162018.pdf">DE.CM-3</reference>
          <reference href="https://nvlpubs.nist.gov/nistpubs/CSWP/NIST.CSWP.04162018.pdf">DE.CM-7</reference>
          <reference href="https://nvlpubs.nist.gov/nistpubs/CSWP/NIST.CSWP.04162018.pdf">ID.SC-4</reference>
          <reference href="https://nvlpubs.nist.gov/nistpubs/CSWP/NIST.CSWP.04162018.pdf">PR.AC-3</reference>
          <reference href="https://nvlpubs.nist.gov/nistpubs/CSWP/NIST.CSWP.04162018.pdf">PR.MA-2</reference>
          <reference href="https://nvlpubs.nist.gov/nistpubs/CSWP/NIST.CSWP.04162018.pdf">PR.PT-1</reference>
          <reference href="https://nvlpubs.nist.gov/nistpubs/CSWP/NIST.CSWP.04162018.pdf">PR.PT-4</reference>
          <reference href="https://nvlpubs.nist.gov/nistpubs/CSWP/NIST.CSWP.04162018.pdf">RS.AN-1</reference>
          <reference href="https://nvlpubs.nist.gov/nistpubs/CSWP/NIST.CSWP.04162018.pdf">RS.AN-4</reference>
          <reference href="https://www.pcisecuritystandards.org/documents/PCI_DSS_v3-2-1.pdf">Req-10.2.7</reference>
          <reference href="https://www.cyber.mil/stigs/downloads/?_dl_facet_stigs=operating-systems%2Cgeneral-purpose-os">SRG-OS-000037-GPOS-00015</reference>
          <reference href="https://www.cyber.mil/stigs/downloads/?_dl_facet_stigs=operating-systems%2Cgeneral-purpose-os">SRG-OS-000042-GPOS-00020</reference>
          <reference href="https://www.cyber.mil/stigs/downloads/?_dl_facet_stigs=operating-systems%2Cgeneral-purpose-os">SRG-OS-000062-GPOS-00031</reference>
          <reference href="https://www.cyber.mil/stigs/downloads/?_dl_facet_stigs=operating-systems%2Cgeneral-purpose-os">SRG-OS-000392-GPOS-00172</reference>
          <reference href="https://www.cyber.mil/stigs/downloads/?_dl_facet_stigs=operating-systems%2Cgeneral-purpose-os">SRG-OS-000462-GPOS-00206</reference>
          <reference href="https://www.cyber.mil/stigs/downloads/?_dl_facet_stigs=operating-systems%2Cgeneral-purpose-os">SRG-OS-000471-GPOS-00215</reference>
          <reference href="https://www.cyber.mil/stigs/downloads/?_dl_facet_stigs=operating-systems%2Cgeneral-purpose-os">SRG-OS-000466-GPOS-00210</reference>
          <reference href="https://www.cyber.mil/stigs/downloads/?_dl_facet_stigs=operating-systems%2Cgeneral-purpose-os">SRG-OS-000467-GPOS-00211</reference>
          <reference href="https://www.cyber.mil/stigs/downloads/?_dl_facet_stigs=operating-systems%2Cgeneral-purpose-os">SRG-OS-000468-GPOS-00212</reference>
          <reference href="https://www.cyber.mil/stigs/downloads/?_dl_facet_stigs=app-security">SRG-APP-000495-CTR-001235</reference>
          <reference href="https://www.cyber.mil/stigs/downloads/?_dl_facet_stigs=app-security">SRG-APP-000499-CTR-001255</reference>
          <reference href="https://www.cyber.mil/stigs/downloads/?_dl_facet_stigs=app-security">SRG-APP-000501-CTR-001265</reference>
          <reference href="https://www.cyber.mil/stigs/downloads/?_dl_facet_stigs=app-security">SRG-APP-000502-CTR-001270</reference>
          <reference href="https://www.cisecurity.org/benchmark/suse_linux/">4.1.13</reference>
          <reference href="https://cyber.gouv.fr/sites/default/files/document/linux_configuration-en-v2.pdf">R73</reference>
          <reference href="not_publicly_available">SLES-15-750450315</reference>
          <reference href="https://docs-prv.pcisecuritystandards.org/PCI%20DSS/Standard/PCI-DSS-v4_0.pdf">10.2.1.7</reference>
          <reference href="https://docs-prv.pcisecuritystandards.org/PCI%20DSS/Standard/PCI-DSS-v4_0.pdf">10.2.1</reference>
          <reference href="https://docs-prv.pcisecuritystandards.org/PCI%20DSS/Standard/PCI-DSS-v4_0.pdf">10.2</reference>
          <rationale xmlns:xhtml="http://www.w3.org/1999/xhtml" xml:lang="en-US">Auditing file deletions will create an audit trail for files that are removed
from the system. The audit trail could aid in system troubleshooting, as well as, detecting
malicious processes that attempt to delete log files to conceal their presence.</rationale>
          <ident system="https://ncp.nist.gov/cce">CCE-85769-8</ident>
          <fix xmlns:xhtml="http://www.w3.org/1999/xhtml" id="audit_rules_file_deletion_events_renameat" system="urn:xccdf:fix:script:sh"># Remediation is applicable only in certain platforms
if rpm --quiet -q audit &amp;&amp; rpm --quiet -q kernel-default || rpm --quiet -q kernel-default-base; then

# First perform the remediation of the syscall rule
# Retrieve hardware architecture of the underlying system
[ "$(getconf LONG_BIT)" = "32" ] &amp;&amp; RULE_ARCHS=("b32") || RULE_ARCHS=("b32" "b64")

for ARCH in "${RULE_ARCHS[@]}"
do
	ACTION_ARCH_FILTERS="-a always,exit -F arch=$ARCH"
	OTHER_FILTERS=""
	AUID_FILTERS="-F auid&gt;=1000 -F auid!=unset"
	SYSCALL="renameat"
	KEY="delete"
	SYSCALL_GROUPING="unlink unlinkat rename renameat renameat2 rmdir"
	# Perform the remediation for both possible tools: 'auditctl' and 'augenrules'
	unset syscall_a
unset syscall_grouping
unset syscall_string
unset syscall
unset file_to_edit
unset rule_to_edit
unset rule_syscalls_to_edit
unset other_string
unset auid_string
unset full_rule

# Load macro arguments into arrays
read -a syscall_a &lt;&lt;&lt; $SYSCALL
read -a syscall_grouping &lt;&lt;&lt; $SYSCALL_GROUPING

# Create a list of audit *.rules files that should be inspected for presence and correctness
# of a particular audit rule. The scheme is as follows:
#
# -----------------------------------------------------------------------------------------
#  Tool used to load audit rules | Rule already defined  |  Audit rules file to inspect    |
# -----------------------------------------------------------------------------------------
#        auditctl                |     Doesn't matter    |  /etc/audit/audit.rules         |
# -----------------------------------------------------------------------------------------
#        augenrules              |          Yes          |  /etc/audit/rules.d/*.rules     |
#        augenrules              |          No           |  /etc/audit/rules.d/$key.rules  |
# -----------------------------------------------------------------------------------------
#
files_to_inspect=()

# If audit tool is 'augenrules', then check if the audit rule is defined
# If rule is defined, add '/etc/audit/rules.d/*.rules' to the list for inspection
# If rule isn't defined yet, add '/etc/audit/rules.d/$key.rules' to the list for inspection
default_file="/etc/audit/rules.d/$KEY.rules"
# As other_filters may include paths, lets use a different delimiter for it
# The "F" script expression tells sed to print the filenames where the expressions matched
readarray -t files_to_inspect &lt; &lt;(sed -s -n -e "/^$ACTION_ARCH_FILTERS/!d" -e "\#$OTHER_FILTERS#!d" -e "/$AUID_FILTERS/!d" -e "F" /etc/audit/rules.d/*.rules)
# Case when particular rule isn't defined in /etc/audit/rules.d/*.rules yet
if [ ${#files_to_inspect[@]} -eq "0" ]
then
    file_to_inspect="/etc/audit/rules.d/$KEY.rules"
    files_to_inspect=("$file_to_inspect")
    if [ ! -e "$file_to_inspect" ]
    then
        touch "$file_to_inspect"
        chmod 0600 "$file_to_inspect"
    fi
fi

# After converting to jinja, we cannot return; therefore we skip the rest of the macro if needed instead
skip=1

for audit_file in "${files_to_inspect[@]}"
do
    # Filter existing $audit_file rules' definitions to select those that satisfy the rule pattern,
    # i.e, collect rules that match:
    # * the action, list and arch, (2-nd argument)
    # * the other filters, (3-rd argument)
    # * the auid filters, (4-rd argument)
    readarray -t similar_rules &lt; &lt;(sed -e "/^$ACTION_ARCH_FILTERS/!d"  -e "\#$OTHER_FILTERS#!d" -e "/$AUID_FILTERS/!d" "$audit_file")

    candidate_rules=()
    # Filter out rules that have more fields then required. This will remove rules more specific than the required scope
    for s_rule in "${similar_rules[@]}"
    do
        # Strip all the options and fields we know of,
        # than check if there was any field left over
        extra_fields=$(sed -E -e "s/^$ACTION_ARCH_FILTERS//"  -e "s#$OTHER_FILTERS##" -e "s/$AUID_FILTERS//" -e "s/((:?-S [[:alnum:],]+)+)//g" -e "s/-F key=\w+|-k \w+//"&lt;&lt;&lt; "$s_rule")
        grep -q -- "-F" &lt;&lt;&lt; "$extra_fields" || candidate_rules+=("$s_rule")
    done

    if [[ ${#syscall_a[@]} -ge 1 ]]
    then
        # Check if the syscall we want is present in any of the similar existing rules
        for rule in "${candidate_rules[@]}"
        do
            rule_syscalls=$(echo "$rule" | grep -o -P '(-S [\w,]+)+' | xargs)
            all_syscalls_found=0
            for syscall in "${syscall_a[@]}"
            do
                grep -q -- "\b${syscall}\b" &lt;&lt;&lt; "$rule_syscalls" || {
                   # A syscall was not found in the candidate rule
                   all_syscalls_found=1
                   }
            done
            if [[ $all_syscalls_found -eq 0 ]]
            then
                # We found a rule with all the syscall(s) we want; skip rest of macro
                skip=0
                break
            fi

            # Check if this rule can be grouped with our target syscall and keep track of it
            for syscall_g in "${syscall_grouping[@]}"
            do
                if grep -q -- "\b${syscall_g}\b" &lt;&lt;&lt; "$rule_syscalls"
                then
                    file_to_edit=${audit_file}
                    rule_to_edit=${rule}
                    rule_syscalls_to_edit=${rule_syscalls}
                fi
            done
        done
    else
        # If there is any candidate rule, it is compliant; skip rest of macro
        if [ "${#candidate_rules[@]}" -gt 0 ]
        then
            skip=0
        fi
    fi

    if [ "$skip" -eq 0 ]; then
        break
    fi
done

if [ "$skip" -ne 0 ]; then
    # We checked all rules that matched the expected resemblance pattern (action, arch &amp; auid)
    # At this point we know if we need to either append the $full_rule or group
    # the syscall together with an exsiting rule

    # Append the full_rule if it cannot be grouped to any other rule
    if [ -z ${rule_to_edit+x} ]
    then
        # Build full_rule while avoid adding double spaces when other_filters is empty
        if [ "${#syscall_a[@]}" -gt 0 ]
        then
            syscall_string=""
            for syscall in "${syscall_a[@]}"
            do
                syscall_string+=" -S $syscall"
            done
        fi
        other_string=$([[ $OTHER_FILTERS ]] &amp;&amp; echo " $OTHER_FILTERS") || /bin/true
        auid_string=$([[ $AUID_FILTERS ]] &amp;&amp; echo " $AUID_FILTERS") || /bin/true
        full_rule="$ACTION_ARCH_FILTERS${syscall_string}${other_string}${auid_string} -F key=$KEY" || /bin/true
        echo "$full_rule" &gt;&gt; "$default_file"
        chmod 0600 ${default_file}
    else
        # Check if the syscalls are declared as a comma separated list or
        # as multiple -S parameters
        if grep -q -- "," &lt;&lt;&lt; "${rule_syscalls_to_edit}"
        then
            delimiter=","
        else
            delimiter=" -S "
        fi
        new_grouped_syscalls="${rule_syscalls_to_edit}"
        for syscall in "${syscall_a[@]}"
        do
            grep -q -- "\b${syscall}\b" &lt;&lt;&lt; "${rule_syscalls_to_edit}" || {
               # A syscall was not found in the candidate rule
               new_grouped_syscalls+="${delimiter}${syscall}"
               }
        done

        # Group the syscall in the rule
        sed -i -e "\#${rule_to_edit}#s#${rule_syscalls_to_edit}#${new_grouped_syscalls}#" "$file_to_edit"
    fi
fi
	unset syscall_a
unset syscall_grouping
unset syscall_string
unset syscall
unset file_to_edit
unset rule_to_edit
unset rule_syscalls_to_edit
unset other_string
unset auid_string
unset full_rule

# Load macro arguments into arrays
read -a syscall_a &lt;&lt;&lt; $SYSCALL
read -a syscall_grouping &lt;&lt;&lt; $SYSCALL_GROUPING

# Create a list of audit *.rules files that should be inspected for presence and correctness
# of a particular audit rule. The scheme is as follows:
#
# -----------------------------------------------------------------------------------------
#  Tool used to load audit rules | Rule already defined  |  Audit rules file to inspect    |
# -----------------------------------------------------------------------------------------
#        auditctl                |     Doesn't matter    |  /etc/audit/audit.rules         |
# -----------------------------------------------------------------------------------------
#        augenrules              |          Yes          |  /etc/audit/rules.d/*.rules     |
#        augenrules              |          No           |  /etc/audit/rules.d/$key.rules  |
# -----------------------------------------------------------------------------------------
#
files_to_inspect=()


# If audit tool is 'auditctl', then add '/etc/audit/audit.rules'
# file to the list of files to be inspected
default_file="/etc/audit/audit.rules"
files_to_inspect+=('/etc/audit/audit.rules' )

# After converting to jinja, we cannot return; therefore we skip the rest of the macro if needed instead
skip=1

for audit_file in "${files_to_inspect[@]}"
do
    # Filter existing $audit_file rules' definitions to select those that satisfy the rule pattern,
    # i.e, collect rules that match:
    # * the action, list and arch, (2-nd argument)
    # * the other filters, (3-rd argument)
    # * the auid filters, (4-rd argument)
    readarray -t similar_rules &lt; &lt;(sed -e "/^$ACTION_ARCH_FILTERS/!d"  -e "\#$OTHER_FILTERS#!d" -e "/$AUID_FILTERS/!d" "$audit_file")

    candidate_rules=()
    # Filter out rules that have more fields then required. This will remove rules more specific than the required scope
    for s_rule in "${similar_rules[@]}"
    do
        # Strip all the options and fields we know of,
        # than check if there was any field left over
        extra_fields=$(sed -E -e "s/^$ACTION_ARCH_FILTERS//"  -e "s#$OTHER_FILTERS##" -e "s/$AUID_FILTERS//" -e "s/((:?-S [[:alnum:],]+)+)//g" -e "s/-F key=\w+|-k \w+//"&lt;&lt;&lt; "$s_rule")
        grep -q -- "-F" &lt;&lt;&lt; "$extra_fields" || candidate_rules+=("$s_rule")
    done

    if [[ ${#syscall_a[@]} -ge 1 ]]
    then
        # Check if the syscall we want is present in any of the similar existing rules
        for rule in "${candidate_rules[@]}"
        do
            rule_syscalls=$(echo "$rule" | grep -o -P '(-S [\w,]+)+' | xargs)
            all_syscalls_found=0
            for syscall in "${syscall_a[@]}"
            do
                grep -q -- "\b${syscall}\b" &lt;&lt;&lt; "$rule_syscalls" || {
                   # A syscall was not found in the candidate rule
                   all_syscalls_found=1
                   }
            done
            if [[ $all_syscalls_found -eq 0 ]]
            then
                # We found a rule with all the syscall(s) we want; skip rest of macro
                skip=0
                break
            fi

            # Check if this rule can be grouped with our target syscall and keep track of it
            for syscall_g in "${syscall_grouping[@]}"
            do
                if grep -q -- "\b${syscall_g}\b" &lt;&lt;&lt; "$rule_syscalls"
                then
                    file_to_edit=${audit_file}
                    rule_to_edit=${rule}
                    rule_syscalls_to_edit=${rule_syscalls}
                fi
            done
        done
    else
        # If there is any candidate rule, it is compliant; skip rest of macro
        if [ "${#candidate_rules[@]}" -gt 0 ]
        then
            skip=0
        fi
    fi

    if [ "$skip" -eq 0 ]; then
        break
    fi
done

if [ "$skip" -ne 0 ]; then
    # We checked all rules that matched the expected resemblance pattern (action, arch &amp; auid)
    # At this point we know if we need to either append the $full_rule or group
    # the syscall together with an exsiting rule

    # Append the full_rule if it cannot be grouped to any other rule
    if [ -z ${rule_to_edit+x} ]
    then
        # Build full_rule while avoid adding double spaces when other_filters is empty
        if [ "${#syscall_a[@]}" -gt 0 ]
        then
            syscall_string=""
            for syscall in "${syscall_a[@]}"
            do
                syscall_string+=" -S $syscall"
            done
        fi
        other_string=$([[ $OTHER_FILTERS ]] &amp;&amp; echo " $OTHER_FILTERS") || /bin/true
        auid_string=$([[ $AUID_FILTERS ]] &amp;&amp; echo " $AUID_FILTERS") || /bin/true
        full_rule="$ACTION_ARCH_FILTERS${syscall_string}${other_string}${auid_string} -F key=$KEY" || /bin/true
        echo "$full_rule" &gt;&gt; "$default_file"
        chmod 0600 ${default_file}
    else
        # Check if the syscalls are declared as a comma separated list or
        # as multiple -S parameters
        if grep -q -- "," &lt;&lt;&lt; "${rule_syscalls_to_edit}"
        then
            delimiter=","
        else
            delimiter=" -S "
        fi
        new_grouped_syscalls="${rule_syscalls_to_edit}"
        for syscall in "${syscall_a[@]}"
        do
            grep -q -- "\b${syscall}\b" &lt;&lt;&lt; "${rule_syscalls_to_edit}" || {
               # A syscall was not found in the candidate rule
               new_grouped_syscalls+="${delimiter}${syscall}"
               }
        done

        # Group the syscall in the rule
        sed -i -e "\#${rule_to_edit}#s#${rule_syscalls_to_edit}#${new_grouped_syscalls}#" "$file_to_edit"
    fi
fi
done

else
    &gt;&amp;2 echo 'Remediation is not applicable, nothing was done'
fi
</fix>
          <fix xmlns:xhtml="http://www.w3.org/1999/xhtml" id="audit_rules_file_deletion_events_renameat" system="urn:xccdf:fix:script:ansible" reboot="true" complexity="low" disruption="low" strategy="restrict">- name: Gather the package facts
  package_facts:
    manager: auto
  tags:
  - CCE-85769-8
  - NIST-800-171-3.1.7
  - NIST-800-53-AU-12(c)
  - NIST-800-53-AU-2(d)
  - NIST-800-53-CM-6(a)
  - PCI-DSS-Req-10.2.7
  - PCI-DSSv4-10.2
  - PCI-DSSv4-10.2.1
  - PCI-DSSv4-10.2.1.7
  - audit_rules_file_deletion_events_renameat
  - low_complexity
  - low_disruption
  - medium_severity
  - reboot_required
  - restrict_strategy

- name: Set architecture for audit renameat tasks
  ansible.builtin.set_fact:
    audit_arch: b64
  when:
  - '"audit" in ansible_facts.packages'
  - ("kernel-default" in ansible_facts.packages or "kernel-default-base" in ansible_facts.packages)
  - ansible_architecture == "aarch64" or ansible_architecture == "ppc64" or ansible_architecture
    == "ppc64le" or ansible_architecture == "s390x" or ansible_architecture == "x86_64"
  tags:
  - CCE-85769-8
  - NIST-800-171-3.1.7
  - NIST-800-53-AU-12(c)
  - NIST-800-53-AU-2(d)
  - NIST-800-53-CM-6(a)
  - PCI-DSS-Req-10.2.7
  - PCI-DSSv4-10.2
  - PCI-DSSv4-10.2.1
  - PCI-DSSv4-10.2.1.7
  - audit_rules_file_deletion_events_renameat
  - low_complexity
  - low_disruption
  - medium_severity
  - reboot_required
  - restrict_strategy

- name: Perform remediation of Audit rules for renameat for 32bit platform
  block:

  - name: Declare list of syscalls
    ansible.builtin.set_fact:
      syscalls:
      - renameat
      syscall_grouping:
      - unlink
      - unlinkat
      - rename
      - renameat
      - renameat2
      - rmdir

  - name: Check existence of renameat in /etc/audit/rules.d/
    ansible.builtin.find:
      paths: /etc/audit/rules.d
      contains: -a always,exit -F arch=b32(( -S |,)\w+)*(( -S |,){{ item }})+(( -S
        |,)\w+)* -F auid&gt;=1000 -F auid!=unset (-k\s+|-F\s+key=)\S+\s*$
      patterns: '*.rules'
    register: find_command
    loop: '{{ (syscall_grouping + syscalls) | unique }}'

  - name: Reset syscalls found per file
    ansible.builtin.set_fact:
      syscalls_per_file: {}
      found_paths_dict: {}

  - name: Declare syscalls found per file
    ansible.builtin.set_fact: syscalls_per_file="{{ syscalls_per_file | combine( {item.files[0].path
      :[item.item] + syscalls_per_file.get(item.files[0].path, []) } ) }}"
    loop: '{{ find_command.results | selectattr(''matched'') | list }}'

  - name: Declare files where syscalls were found
    ansible.builtin.set_fact: found_paths="{{ find_command.results | map(attribute='files')
      | flatten | map(attribute='path') | list }}"

  - name: Count occurrences of syscalls in paths
    ansible.builtin.set_fact: found_paths_dict="{{ found_paths_dict | combine({ item:1+found_paths_dict.get(item,
      0) }) }}"
    loop: '{{ find_command.results | map(attribute=''files'') | flatten | map(attribute=''path'')
      | list }}'

  - name: Get path with most syscalls
    ansible.builtin.set_fact: audit_file="{{ (found_paths_dict | dict2items() | sort(attribute='value')
      | last).key }}"
    when: found_paths | length &gt;= 1

  - name: No file with syscall found, set path to /etc/audit/rules.d/delete.rules
    ansible.builtin.set_fact: audit_file="/etc/audit/rules.d/delete.rules"
    when: found_paths | length == 0

  - name: Declare found syscalls
    ansible.builtin.set_fact: syscalls_found="{{ find_command.results | selectattr('matched')
      | map(attribute='item') | list }}"

  - name: Declare missing syscalls
    ansible.builtin.set_fact: missing_syscalls="{{ syscalls | difference(syscalls_found)
      }}"

  - name: Replace the audit rule in {{ audit_file }}
    ansible.builtin.lineinfile:
      path: '{{ audit_file }}'
      regexp: (-a always,exit -F arch=b32)(?=.*(?:(?:-S |,)(?:{{ syscalls_per_file[audit_file]
        | join("|") }}))\b)((?:( -S |,)\w+)+)( -F auid&gt;=1000 -F auid!=unset (?:-k
        |-F key=)\w+)
      line: \1\2\3{{ missing_syscalls | join("\3") }}\4
      backrefs: true
      state: present
      mode: g-rwx,o-rwx
    when: syscalls_found | length &gt; 0 and missing_syscalls | length &gt; 0

  - name: Add the audit rule to {{ audit_file }}
    ansible.builtin.lineinfile:
      path: '{{ audit_file }}'
      line: -a always,exit -F arch=b32 -S {{ syscalls | join(',') }} -F auid&gt;=1000
        -F auid!=unset -F key=delete
      create: true
      mode: g-rwx,o-rwx
      state: present
    when: syscalls_found | length == 0

  - name: Declare list of syscalls
    ansible.builtin.set_fact:
      syscalls:
      - renameat
      syscall_grouping:
      - unlink
      - unlinkat
      - rename
      - renameat
      - renameat2
      - rmdir

  - name: Check existence of renameat in /etc/audit/audit.rules
    ansible.builtin.find:
      paths: /etc/audit
      contains: -a always,exit -F arch=b32(( -S |,)\w+)*(( -S |,){{ item }})+(( -S
        |,)\w+)* -F auid&gt;=1000 -F auid!=unset (-k\s+|-F\s+key=)\S+\s*$
      patterns: audit.rules
    register: find_command
    loop: '{{ (syscall_grouping + syscalls) | unique }}'

  - name: Set path to /etc/audit/audit.rules
    ansible.builtin.set_fact: audit_file="/etc/audit/audit.rules"

  - name: Declare found syscalls
    ansible.builtin.set_fact: syscalls_found="{{ find_command.results | selectattr('matched')
      | map(attribute='item') | list }}"

  - name: Declare missing syscalls
    ansible.builtin.set_fact: missing_syscalls="{{ syscalls | difference(syscalls_found)
      }}"

  - name: Replace the audit rule in {{ audit_file }}
    ansible.builtin.lineinfile:
      path: '{{ audit_file }}'
      regexp: (-a always,exit -F arch=b32)(?=.*(?:(?:-S |,)(?:{{ syscalls_found |
        join("|") }}))\b)((?:( -S |,)\w+)+)( -F auid&gt;=1000 -F auid!=unset (?:-k |-F
        key=)\w+)
      line: \1\2\3{{ missing_syscalls | join("\3") }}\4
      backrefs: true
      state: present
      mode: g-rwx,o-rwx
    when: syscalls_found | length &gt; 0 and missing_syscalls | length &gt; 0

  - name: Add the audit rule to {{ audit_file }}
    ansible.builtin.lineinfile:
      path: '{{ audit_file }}'
      line: -a always,exit -F arch=b32 -S {{ syscalls | join(',') }} -F auid&gt;=1000
        -F auid!=unset -F key=delete
      create: true
      mode: g-rwx,o-rwx
      state: present
    when: syscalls_found | length == 0
  when:
  - '"audit" in ansible_facts.packages'
  - ("kernel-default" in ansible_facts.packages or "kernel-default-base" in ansible_facts.packages)
  tags:
  - CCE-85769-8
  - NIST-800-171-3.1.7
  - NIST-800-53-AU-12(c)
  - NIST-800-53-AU-2(d)
  - NIST-800-53-CM-6(a)
  - PCI-DSS-Req-10.2.7
  - PCI-DSSv4-10.2
  - PCI-DSSv4-10.2.1
  - PCI-DSSv4-10.2.1.7
  - audit_rules_file_deletion_events_renameat
  - low_complexity
  - low_disruption
  - medium_severity
  - reboot_required
  - restrict_strategy

- name: Perform remediation of Audit rules for renameat for 64bit platform
  block:

  - name: Declare list of syscalls
    ansible.builtin.set_fact:
      syscalls:
      - renameat
      syscall_grouping:
      - unlink
      - unlinkat
      - rename
      - renameat
      - renameat2
      - rmdir

  - name: Check existence of renameat in /etc/audit/rules.d/
    ansible.builtin.find:
      paths: /etc/audit/rules.d
      contains: -a always,exit -F arch=b64(( -S |,)\w+)*(( -S |,){{ item }})+(( -S
        |,)\w+)* -F auid&gt;=1000 -F auid!=unset (-k\s+|-F\s+key=)\S+\s*$
      patterns: '*.rules'
    register: find_command
    loop: '{{ (syscall_grouping + syscalls) | unique }}'

  - name: Reset syscalls found per file
    ansible.builtin.set_fact:
      syscalls_per_file: {}
      found_paths_dict: {}

  - name: Declare syscalls found per file
    ansible.builtin.set_fact: syscalls_per_file="{{ syscalls_per_file | combine( {item.files[0].path
      :[item.item] + syscalls_per_file.get(item.files[0].path, []) } ) }}"
    loop: '{{ find_command.results | selectattr(''matched'') | list }}'

  - name: Declare files where syscalls were found
    ansible.builtin.set_fact: found_paths="{{ find_command.results | map(attribute='files')
      | flatten | map(attribute='path') | list }}"

  - name: Count occurrences of syscalls in paths
    ansible.builtin.set_fact: found_paths_dict="{{ found_paths_dict | combine({ item:1+found_paths_dict.get(item,
      0) }) }}"
    loop: '{{ find_command.results | map(attribute=''files'') | flatten | map(attribute=''path'')
      | list }}'

  - name: Get path with most syscalls
    ansible.builtin.set_fact: audit_file="{{ (found_paths_dict | dict2items() | sort(attribute='value')
      | last).key }}"
    when: found_paths | length &gt;= 1

  - name: No file with syscall found, set path to /etc/audit/rules.d/delete.rules
    ansible.builtin.set_fact: audit_file="/etc/audit/rules.d/delete.rules"
    when: found_paths | length == 0

  - name: Declare found syscalls
    ansible.builtin.set_fact: syscalls_found="{{ find_command.results | selectattr('matched')
      | map(attribute='item') | list }}"

  - name: Declare missing syscalls
    ansible.builtin.set_fact: missing_syscalls="{{ syscalls | difference(syscalls_found)
      }}"

  - name: Replace the audit rule in {{ audit_file }}
    ansible.builtin.lineinfile:
      path: '{{ audit_file }}'
      regexp: (-a always,exit -F arch=b64)(?=.*(?:(?:-S |,)(?:{{ syscalls_per_file[audit_file]
        | join("|") }}))\b)((?:( -S |,)\w+)+)( -F auid&gt;=1000 -F auid!=unset (?:-k
        |-F key=)\w+)
      line: \1\2\3{{ missing_syscalls | join("\3") }}\4
      backrefs: true
      state: present
      mode: g-rwx,o-rwx
    when: syscalls_found | length &gt; 0 and missing_syscalls | length &gt; 0

  - name: Add the audit rule to {{ audit_file }}
    ansible.builtin.lineinfile:
      path: '{{ audit_file }}'
      line: -a always,exit -F arch=b64 -S {{ syscalls | join(',') }} -F auid&gt;=1000
        -F auid!=unset -F key=delete
      create: true
      mode: g-rwx,o-rwx
      state: present
    when: syscalls_found | length == 0

  - name: Declare list of syscalls
    ansible.builtin.set_fact:
      syscalls:
      - renameat
      syscall_grouping:
      - unlink
      - unlinkat
      - rename
      - renameat
      - renameat2
      - rmdir

  - name: Check existence of renameat in /etc/audit/audit.rules
    ansible.builtin.find:
      paths: /etc/audit
      contains: -a always,exit -F arch=b64(( -S |,)\w+)*(( -S |,){{ item }})+(( -S
        |,)\w+)* -F auid&gt;=1000 -F auid!=unset (-k\s+|-F\s+key=)\S+\s*$
      patterns: audit.rules
    register: find_command
    loop: '{{ (syscall_grouping + syscalls) | unique }}'

  - name: Set path to /etc/audit/audit.rules
    ansible.builtin.set_fact: audit_file="/etc/audit/audit.rules"

  - name: Declare found syscalls
    ansible.builtin.set_fact: syscalls_found="{{ find_command.results | selectattr('matched')
      | map(attribute='item') | list }}"

  - name: Declare missing syscalls
    ansible.builtin.set_fact: missing_syscalls="{{ syscalls | difference(syscalls_found)
      }}"

  - name: Replace the audit rule in {{ audit_file }}
    ansible.builtin.lineinfile:
      path: '{{ audit_file }}'
      regexp: (-a always,exit -F arch=b64)(?=.*(?:(?:-S |,)(?:{{ syscalls_found |
        join("|") }}))\b)((?:( -S |,)\w+)+)( -F auid&gt;=1000 -F auid!=unset (?:-k |-F
        key=)\w+)
      line: \1\2\3{{ missing_syscalls | join("\3") }}\4
      backrefs: true
      state: present
      mode: g-rwx,o-rwx
    when: syscalls_found | length &gt; 0 and missing_syscalls | length &gt; 0

  - name: Add the audit rule to {{ audit_file }}
    ansible.builtin.lineinfile:
      path: '{{ audit_file }}'
      line: -a always,exit -F arch=b64 -S {{ syscalls | join(',') }} -F auid&gt;=1000
        -F auid!=unset -F key=delete
      create: true
      mode: g-rwx,o-rwx
      state: present
    when: syscalls_found | length == 0
  when:
  - '"audit" in ansible_facts.packages'
  - ("kernel-default" in ansible_facts.packages or "kernel-default-base" in ansible_facts.packages)
  - audit_arch == "b64"
  tags:
  - CCE-85769-8
  - NIST-800-171-3.1.7
  - NIST-800-53-AU-12(c)
  - NIST-800-53-AU-2(d)
  - NIST-800-53-CM-6(a)
  - PCI-DSS-Req-10.2.7
  - PCI-DSSv4-10.2
  - PCI-DSSv4-10.2.1
  - PCI-DSSv4-10.2.1.7
  - audit_rules_file_deletion_events_renameat
  - low_complexity
  - low_disruption
  - medium_severity
  - reboot_required
  - restrict_strategy
</fix>
          <check system="http://oval.mitre.org/XMLSchema/oval-definitions-5">
            <check-content-ref name="oval:ssg-audit_rules_file_deletion_events_renameat:def:1" href="ssg-sle15-oval.xml"/>
          </check>
          <check system="http://scap.nist.gov/schema/ocil/2">
            <check-content-ref name="ocil:ssg-audit_rules_file_deletion_events_renameat_ocil:questionnaire:1" href="ssg-sle15-ocil.xml"/>
          </check>
        </Rule>
        <Rule id="xccdf_org.ssgproject.content_rule_audit_rules_file_deletion_events_rmdir" selected="false" role="full" severity="medium">
          <title xmlns:xhtml="http://www.w3.org/1999/xhtml" xml:lang="en-US">Ensure auditd Collects File Deletion Events by User - rmdir</title>
          <description xmlns:xhtml="http://www.w3.org/1999/xhtml" xml:lang="en-US">At a minimum, the audit system should collect file deletion events
for all users and root. If the <html:code xmlns:html="http://www.w3.org/1999/xhtml">auditd</html:code> daemon is configured to use the
<html:code xmlns:html="http://www.w3.org/1999/xhtml">augenrules</html:code> program to read audit rules during daemon startup (the
default), add the following line to a file with suffix <html:code xmlns:html="http://www.w3.org/1999/xhtml">.rules</html:code> in the
directory <html:code xmlns:html="http://www.w3.org/1999/xhtml">/etc/audit/rules.d</html:code>, setting ARCH to either b32 for 32-bit
system, or having two lines for both b32 and b64 in case your system is 64-bit:
<html:pre xmlns:html="http://www.w3.org/1999/xhtml">-a always,exit -F arch=ARCH -S rmdir -F auid&gt;=1000 -F auid!=unset -F key=delete</html:pre>
If the <html:code xmlns:html="http://www.w3.org/1999/xhtml">auditd</html:code> daemon is configured to use the <html:code xmlns:html="http://www.w3.org/1999/xhtml">auditctl</html:code>
utility to read audit rules during daemon startup, add the following line to
<html:code xmlns:html="http://www.w3.org/1999/xhtml">/etc/audit/audit.rules</html:code> file, setting ARCH to either b32 for 32-bit
system, or having two lines for both b32 and b64 in case your system is 64-bit:
<html:pre xmlns:html="http://www.w3.org/1999/xhtml">-a always,exit -F arch=ARCH -S rmdir -F auid&gt;=1000 -F auid!=unset -F key=delete</html:pre>
       </description>
          <reference href="https://www.cisecurity.org/controls/">1</reference>
          <reference href="https://www.cisecurity.org/controls/">11</reference>
          <reference href="https://www.cisecurity.org/controls/">12</reference>
          <reference href="https://www.cisecurity.org/controls/">13</reference>
          <reference href="https://www.cisecurity.org/controls/">14</reference>
          <reference href="https://www.cisecurity.org/controls/">15</reference>
          <reference href="https://www.cisecurity.org/controls/">16</reference>
          <reference href="https://www.cisecurity.org/controls/">19</reference>
          <reference href="https://www.cisecurity.org/controls/">2</reference>
          <reference href="https://www.cisecurity.org/controls/">3</reference>
          <reference href="https://www.cisecurity.org/controls/">4</reference>
          <reference href="https://www.cisecurity.org/controls/">5</reference>
          <reference href="https://www.cisecurity.org/controls/">6</reference>
          <reference href="https://www.cisecurity.org/controls/">7</reference>
          <reference href="https://www.cisecurity.org/controls/">8</reference>
          <reference href="https://www.cisecurity.org/controls/">9</reference>
          <reference href="https://www.isaca.org/resources/cobit">APO10.01</reference>
          <reference href="https://www.isaca.org/resources/cobit">APO10.03</reference>
          <reference href="https://www.isaca.org/resources/cobit">APO10.04</reference>
          <reference href="https://www.isaca.org/resources/cobit">APO10.05</reference>
          <reference href="https://www.isaca.org/resources/cobit">APO11.04</reference>
          <reference href="https://www.isaca.org/resources/cobit">APO12.06</reference>
          <reference href="https://www.isaca.org/resources/cobit">APO13.01</reference>
          <reference href="https://www.isaca.org/resources/cobit">BAI03.05</reference>
          <reference href="https://www.isaca.org/resources/cobit">BAI08.02</reference>
          <reference href="https://www.isaca.org/resources/cobit">DSS01.03</reference>
          <reference href="https://www.isaca.org/resources/cobit">DSS01.04</reference>
          <reference href="https://www.isaca.org/resources/cobit">DSS02.02</reference>
          <reference href="https://www.isaca.org/resources/cobit">DSS02.04</reference>
          <reference href="https://www.isaca.org/resources/cobit">DSS02.07</reference>
          <reference href="https://www.isaca.org/resources/cobit">DSS03.01</reference>
          <reference href="https://www.isaca.org/resources/cobit">DSS03.05</reference>
          <reference href="https://www.isaca.org/resources/cobit">DSS05.02</reference>
          <reference href="https://www.isaca.org/resources/cobit">DSS05.03</reference>
          <reference href="https://www.isaca.org/resources/cobit">DSS05.04</reference>
          <reference href="https://www.isaca.org/resources/cobit">DSS05.05</reference>
          <reference href="https://www.isaca.org/resources/cobit">DSS05.07</reference>
          <reference href="https://www.isaca.org/resources/cobit">MEA01.01</reference>
          <reference href="https://www.isaca.org/resources/cobit">MEA01.02</reference>
          <reference href="https://www.isaca.org/resources/cobit">MEA01.03</reference>
          <reference href="https://www.isaca.org/resources/cobit">MEA01.04</reference>
          <reference href="https://www.isaca.org/resources/cobit">MEA01.05</reference>
          <reference href="https://www.isaca.org/resources/cobit">MEA02.01</reference>
          <reference href="http://nvlpubs.nist.gov/nistpubs/SpecialPublications/NIST.SP.800-171.pdf">3.1.7</reference>
          <reference href="https://www.gpo.gov/fdsys/pkg/CFR-2007-title45-vol1/pdf/CFR-2007-title45-vol1-chapA-subchapC.pdf">164.308(a)(1)(ii)(D)</reference>
          <reference href="https://www.gpo.gov/fdsys/pkg/CFR-2007-title45-vol1/pdf/CFR-2007-title45-vol1-chapA-subchapC.pdf">164.308(a)(3)(ii)(A)</reference>
          <reference href="https://www.gpo.gov/fdsys/pkg/CFR-2007-title45-vol1/pdf/CFR-2007-title45-vol1-chapA-subchapC.pdf">164.308(a)(5)(ii)(C)</reference>
          <reference href="https://www.gpo.gov/fdsys/pkg/CFR-2007-title45-vol1/pdf/CFR-2007-title45-vol1-chapA-subchapC.pdf">164.312(a)(2)(i)</reference>
          <reference href="https://www.gpo.gov/fdsys/pkg/CFR-2007-title45-vol1/pdf/CFR-2007-title45-vol1-chapA-subchapC.pdf">164.312(b)</reference>
          <reference href="https://www.gpo.gov/fdsys/pkg/CFR-2007-title45-vol1/pdf/CFR-2007-title45-vol1-chapA-subchapC.pdf">164.312(d)</reference>
          <reference href="https://www.gpo.gov/fdsys/pkg/CFR-2007-title45-vol1/pdf/CFR-2007-title45-vol1-chapA-subchapC.pdf">164.312(e)</reference>
          <reference href="https://www.isa.org/products/isa-62443-2-1-2009-security-for-industrial-automat">4.2.3.10</reference>
          <reference href="https://www.isa.org/products/isa-62443-2-1-2009-security-for-industrial-automat">4.3.2.6.7</reference>
          <reference href="https://www.isa.org/products/isa-62443-2-1-2009-security-for-industrial-automat">4.3.3.3.9</reference>
          <reference href="https://www.isa.org/products/isa-62443-2-1-2009-security-for-industrial-automat">4.3.3.5.8</reference>
          <reference href="https://www.isa.org/products/isa-62443-2-1-2009-security-for-industrial-automat">4.3.3.6.5</reference>
          <reference href="https://www.isa.org/products/isa-62443-2-1-2009-security-for-industrial-automat">4.3.3.6.6</reference>
          <reference href="https://www.isa.org/products/isa-62443-2-1-2009-security-for-industrial-automat">4.3.3.6.7</reference>
          <reference href="https://www.isa.org/products/isa-62443-2-1-2009-security-for-industrial-automat">4.3.3.6.8</reference>
          <reference href="https://www.isa.org/products/isa-62443-2-1-2009-security-for-industrial-automat">4.3.4.4.7</reference>
          <reference href="https://www.isa.org/products/isa-62443-2-1-2009-security-for-industrial-automat">4.3.4.5.6</reference>
          <reference href="https://www.isa.org/products/isa-62443-2-1-2009-security-for-industrial-automat">4.3.4.5.7</reference>
          <reference href="https://www.isa.org/products/isa-62443-2-1-2009-security-for-industrial-automat">4.3.4.5.8</reference>
          <reference href="https://www.isa.org/products/isa-62443-2-1-2009-security-for-industrial-automat">4.4.2.1</reference>
          <reference href="https://www.isa.org/products/isa-62443-2-1-2009-security-for-industrial-automat">4.4.2.2</reference>
          <reference href="https://www.isa.org/products/isa-62443-2-1-2009-security-for-industrial-automat">4.4.2.4</reference>
          <reference href="https://www.isa.org/products/ansi-isa-62443-3-3-99-03-03-2013-security-for-indu">SR 1.13</reference>
          <reference href="https://www.isa.org/products/ansi-isa-62443-3-3-99-03-03-2013-security-for-indu">SR 2.10</reference>
          <reference href="https://www.isa.org/products/ansi-isa-62443-3-3-99-03-03-2013-security-for-indu">SR 2.11</reference>
          <reference href="https://www.isa.org/products/ansi-isa-62443-3-3-99-03-03-2013-security-for-indu">SR 2.12</reference>
          <reference href="https://www.isa.org/products/ansi-isa-62443-3-3-99-03-03-2013-security-for-indu">SR 2.6</reference>
          <reference href="https://www.isa.org/products/ansi-isa-62443-3-3-99-03-03-2013-security-for-indu">SR 2.8</reference>
          <reference href="https://www.isa.org/products/ansi-isa-62443-3-3-99-03-03-2013-security-for-indu">SR 2.9</reference>
          <reference href="https://www.isa.org/products/ansi-isa-62443-3-3-99-03-03-2013-security-for-indu">SR 3.1</reference>
          <reference href="https://www.isa.org/products/ansi-isa-62443-3-3-99-03-03-2013-security-for-indu">SR 3.5</reference>
          <reference href="https://www.isa.org/products/ansi-isa-62443-3-3-99-03-03-2013-security-for-indu">SR 3.8</reference>
          <reference href="https://www.isa.org/products/ansi-isa-62443-3-3-99-03-03-2013-security-for-indu">SR 4.1</reference>
          <reference href="https://www.isa.org/products/ansi-isa-62443-3-3-99-03-03-2013-security-for-indu">SR 4.3</reference>
          <reference href="https://www.isa.org/products/ansi-isa-62443-3-3-99-03-03-2013-security-for-indu">SR 5.1</reference>
          <reference href="https://www.isa.org/products/ansi-isa-62443-3-3-99-03-03-2013-security-for-indu">SR 5.2</reference>
          <reference href="https://www.isa.org/products/ansi-isa-62443-3-3-99-03-03-2013-security-for-indu">SR 5.3</reference>
          <reference href="https://www.isa.org/products/ansi-isa-62443-3-3-99-03-03-2013-security-for-indu">SR 6.1</reference>
          <reference href="https://www.isa.org/products/ansi-isa-62443-3-3-99-03-03-2013-security-for-indu">SR 6.2</reference>
          <reference href="https://www.isa.org/products/ansi-isa-62443-3-3-99-03-03-2013-security-for-indu">SR 7.1</reference>
          <reference href="https://www.isa.org/products/ansi-isa-62443-3-3-99-03-03-2013-security-for-indu">SR 7.6</reference>
          <reference href="https://www.iso.org/contents/data/standard/05/45/54534.html">A.11.2.4</reference>
          <reference href="https://www.iso.org/contents/data/standard/05/45/54534.html">A.11.2.6</reference>
          <reference href="https://www.iso.org/contents/data/standard/05/45/54534.html">A.12.4.1</reference>
          <reference href="https://www.iso.org/contents/data/standard/05/45/54534.html">A.12.4.2</reference>
          <reference href="https://www.iso.org/contents/data/standard/05/45/54534.html">A.12.4.3</reference>
          <reference href="https://www.iso.org/contents/data/standard/05/45/54534.html">A.12.4.4</reference>
          <reference href="https://www.iso.org/contents/data/standard/05/45/54534.html">A.12.7.1</reference>
          <reference href="https://www.iso.org/contents/data/standard/05/45/54534.html">A.13.1.1</reference>
          <reference href="https://www.iso.org/contents/data/standard/05/45/54534.html">A.13.2.1</reference>
          <reference href="https://www.iso.org/contents/data/standard/05/45/54534.html">A.14.1.3</reference>
          <reference href="https://www.iso.org/contents/data/standard/05/45/54534.html">A.14.2.7</reference>
          <reference href="https://www.iso.org/contents/data/standard/05/45/54534.html">A.15.1.1</reference>
          <reference href="https://www.iso.org/contents/data/standard/05/45/54534.html">A.15.2.1</reference>
          <reference href="https://www.iso.org/contents/data/standard/05/45/54534.html">A.15.2.2</reference>
          <reference href="https://www.iso.org/contents/data/standard/05/45/54534.html">A.16.1.4</reference>
          <reference href="https://www.iso.org/contents/data/standard/05/45/54534.html">A.16.1.5</reference>
          <reference href="https://www.iso.org/contents/data/standard/05/45/54534.html">A.16.1.7</reference>
          <reference href="https://www.iso.org/contents/data/standard/05/45/54534.html">A.6.2.1</reference>
          <reference href="https://www.iso.org/contents/data/standard/05/45/54534.html">A.6.2.2</reference>
          <reference href="http://nvlpubs.nist.gov/nistpubs/SpecialPublications/NIST.SP.800-53r4.pdf">AU-2(d)</reference>
          <reference href="http://nvlpubs.nist.gov/nistpubs/SpecialPublications/NIST.SP.800-53r4.pdf">AU-12(c)</reference>
          <reference href="http://nvlpubs.nist.gov/nistpubs/SpecialPublications/NIST.SP.800-53r4.pdf">CM-6(a)</reference>
          <reference href="https://nvlpubs.nist.gov/nistpubs/CSWP/NIST.CSWP.04162018.pdf">DE.AE-3</reference>
          <reference href="https://nvlpubs.nist.gov/nistpubs/CSWP/NIST.CSWP.04162018.pdf">DE.AE-5</reference>
          <reference href="https://nvlpubs.nist.gov/nistpubs/CSWP/NIST.CSWP.04162018.pdf">DE.CM-1</reference>
          <reference href="https://nvlpubs.nist.gov/nistpubs/CSWP/NIST.CSWP.04162018.pdf">DE.CM-3</reference>
          <reference href="https://nvlpubs.nist.gov/nistpubs/CSWP/NIST.CSWP.04162018.pdf">DE.CM-7</reference>
          <reference href="https://nvlpubs.nist.gov/nistpubs/CSWP/NIST.CSWP.04162018.pdf">ID.SC-4</reference>
          <reference href="https://nvlpubs.nist.gov/nistpubs/CSWP/NIST.CSWP.04162018.pdf">PR.AC-3</reference>
          <reference href="https://nvlpubs.nist.gov/nistpubs/CSWP/NIST.CSWP.04162018.pdf">PR.MA-2</reference>
          <reference href="https://nvlpubs.nist.gov/nistpubs/CSWP/NIST.CSWP.04162018.pdf">PR.PT-1</reference>
          <reference href="https://nvlpubs.nist.gov/nistpubs/CSWP/NIST.CSWP.04162018.pdf">PR.PT-4</reference>
          <reference href="https://nvlpubs.nist.gov/nistpubs/CSWP/NIST.CSWP.04162018.pdf">RS.AN-1</reference>
          <reference href="https://nvlpubs.nist.gov/nistpubs/CSWP/NIST.CSWP.04162018.pdf">RS.AN-4</reference>
          <reference href="https://www.pcisecuritystandards.org/documents/PCI_DSS_v3-2-1.pdf">Req-10.2.7</reference>
          <reference href="https://www.cyber.mil/stigs/downloads/?_dl_facet_stigs=operating-systems%2Cgeneral-purpose-os">SRG-OS-000037-GPOS-00015</reference>
          <reference href="https://www.cyber.mil/stigs/downloads/?_dl_facet_stigs=operating-systems%2Cgeneral-purpose-os">SRG-OS-000042-GPOS-00020</reference>
          <reference href="https://www.cyber.mil/stigs/downloads/?_dl_facet_stigs=operating-systems%2Cgeneral-purpose-os">SRG-OS-000062-GPOS-00031</reference>
          <reference href="https://www.cyber.mil/stigs/downloads/?_dl_facet_stigs=operating-systems%2Cgeneral-purpose-os">SRG-OS-000392-GPOS-00172</reference>
          <reference href="https://www.cyber.mil/stigs/downloads/?_dl_facet_stigs=operating-systems%2Cgeneral-purpose-os">SRG-OS-000462-GPOS-00206</reference>
          <reference href="https://www.cyber.mil/stigs/downloads/?_dl_facet_stigs=operating-systems%2Cgeneral-purpose-os">SRG-OS-000471-GPOS-00215</reference>
          <reference href="https://www.cyber.mil/stigs/downloads/?_dl_facet_stigs=operating-systems%2Cgeneral-purpose-os">SRG-OS-000466-GPOS-00210</reference>
          <reference href="https://www.cyber.mil/stigs/downloads/?_dl_facet_stigs=operating-systems%2Cgeneral-purpose-os">SRG-OS-000467-GPOS-00211</reference>
          <reference href="https://www.cyber.mil/stigs/downloads/?_dl_facet_stigs=operating-systems%2Cgeneral-purpose-os">SRG-OS-000468-GPOS-00212</reference>
          <reference href="https://www.cyber.mil/stigs/downloads/?_dl_facet_stigs=app-security">SRG-APP-000495-CTR-001235</reference>
          <reference href="https://www.cyber.mil/stigs/downloads/?_dl_facet_stigs=app-security">SRG-APP-000499-CTR-001255</reference>
          <reference href="https://www.cyber.mil/stigs/downloads/?_dl_facet_stigs=app-security">SRG-APP-000501-CTR-001265</reference>
          <reference href="https://www.cyber.mil/stigs/downloads/?_dl_facet_stigs=app-security">SRG-APP-000502-CTR-001270</reference>
          <reference href="https://cyber.gouv.fr/sites/default/files/document/linux_configuration-en-v2.pdf">R73</reference>
          <reference href="https://docs-prv.pcisecuritystandards.org/PCI%20DSS/Standard/PCI-DSS-v4_0.pdf">10.2.1.7</reference>
          <reference href="https://docs-prv.pcisecuritystandards.org/PCI%20DSS/Standard/PCI-DSS-v4_0.pdf">10.2.1</reference>
          <reference href="https://docs-prv.pcisecuritystandards.org/PCI%20DSS/Standard/PCI-DSS-v4_0.pdf">10.2</reference>
          <rationale xmlns:xhtml="http://www.w3.org/1999/xhtml" xml:lang="en-US">Auditing file deletions will create an audit trail for files that are removed
from the system. The audit trail could aid in system troubleshooting, as well as, detecting
malicious processes that attempt to delete log files to conceal their presence.</rationale>
          <platform idref="#not_aarch64_arch"/>
          <ident system="https://ncp.nist.gov/cce">CCE-85770-6</ident>
          <fix xmlns:xhtml="http://www.w3.org/1999/xhtml" id="audit_rules_file_deletion_events_rmdir" system="urn:xccdf:fix:script:sh"># Remediation is applicable only in certain platforms
if rpm --quiet -q audit &amp;&amp; rpm --quiet -q kernel-default || rpm --quiet -q kernel-default-base &amp;&amp; { ! ( ( grep -sqE "^.*\.aarch64$" /proc/sys/kernel/osrelease || grep -sqE "^aarch64$" /proc/sys/kernel/arch; ) ); }; then

# First perform the remediation of the syscall rule
# Retrieve hardware architecture of the underlying system
[ "$(getconf LONG_BIT)" = "32" ] &amp;&amp; RULE_ARCHS=("b32") || RULE_ARCHS=("b32" "b64")

for ARCH in "${RULE_ARCHS[@]}"
do
	ACTION_ARCH_FILTERS="-a always,exit -F arch=$ARCH"
	OTHER_FILTERS=""
	AUID_FILTERS="-F auid&gt;=1000 -F auid!=unset"
	SYSCALL="rmdir"
	KEY="delete"
	SYSCALL_GROUPING="unlink unlinkat rename renameat renameat2 rmdir"
	# Perform the remediation for both possible tools: 'auditctl' and 'augenrules'
	unset syscall_a
unset syscall_grouping
unset syscall_string
unset syscall
unset file_to_edit
unset rule_to_edit
unset rule_syscalls_to_edit
unset other_string
unset auid_string
unset full_rule

# Load macro arguments into arrays
read -a syscall_a &lt;&lt;&lt; $SYSCALL
read -a syscall_grouping &lt;&lt;&lt; $SYSCALL_GROUPING

# Create a list of audit *.rules files that should be inspected for presence and correctness
# of a particular audit rule. The scheme is as follows:
#
# -----------------------------------------------------------------------------------------
#  Tool used to load audit rules | Rule already defined  |  Audit rules file to inspect    |
# -----------------------------------------------------------------------------------------
#        auditctl                |     Doesn't matter    |  /etc/audit/audit.rules         |
# -----------------------------------------------------------------------------------------
#        augenrules              |          Yes          |  /etc/audit/rules.d/*.rules     |
#        augenrules              |          No           |  /etc/audit/rules.d/$key.rules  |
# -----------------------------------------------------------------------------------------
#
files_to_inspect=()

# If audit tool is 'augenrules', then check if the audit rule is defined
# If rule is defined, add '/etc/audit/rules.d/*.rules' to the list for inspection
# If rule isn't defined yet, add '/etc/audit/rules.d/$key.rules' to the list for inspection
default_file="/etc/audit/rules.d/$KEY.rules"
# As other_filters may include paths, lets use a different delimiter for it
# The "F" script expression tells sed to print the filenames where the expressions matched
readarray -t files_to_inspect &lt; &lt;(sed -s -n -e "/^$ACTION_ARCH_FILTERS/!d" -e "\#$OTHER_FILTERS#!d" -e "/$AUID_FILTERS/!d" -e "F" /etc/audit/rules.d/*.rules)
# Case when particular rule isn't defined in /etc/audit/rules.d/*.rules yet
if [ ${#files_to_inspect[@]} -eq "0" ]
then
    file_to_inspect="/etc/audit/rules.d/$KEY.rules"
    files_to_inspect=("$file_to_inspect")
    if [ ! -e "$file_to_inspect" ]
    then
        touch "$file_to_inspect"
        chmod 0600 "$file_to_inspect"
    fi
fi

# After converting to jinja, we cannot return; therefore we skip the rest of the macro if needed instead
skip=1

for audit_file in "${files_to_inspect[@]}"
do
    # Filter existing $audit_file rules' definitions to select those that satisfy the rule pattern,
    # i.e, collect rules that match:
    # * the action, list and arch, (2-nd argument)
    # * the other filters, (3-rd argument)
    # * the auid filters, (4-rd argument)
    readarray -t similar_rules &lt; &lt;(sed -e "/^$ACTION_ARCH_FILTERS/!d"  -e "\#$OTHER_FILTERS#!d" -e "/$AUID_FILTERS/!d" "$audit_file")

    candidate_rules=()
    # Filter out rules that have more fields then required. This will remove rules more specific than the required scope
    for s_rule in "${similar_rules[@]}"
    do
        # Strip all the options and fields we know of,
        # than check if there was any field left over
        extra_fields=$(sed -E -e "s/^$ACTION_ARCH_FILTERS//"  -e "s#$OTHER_FILTERS##" -e "s/$AUID_FILTERS//" -e "s/((:?-S [[:alnum:],]+)+)//g" -e "s/-F key=\w+|-k \w+//"&lt;&lt;&lt; "$s_rule")
        grep -q -- "-F" &lt;&lt;&lt; "$extra_fields" || candidate_rules+=("$s_rule")
    done

    if [[ ${#syscall_a[@]} -ge 1 ]]
    then
        # Check if the syscall we want is present in any of the similar existing rules
        for rule in "${candidate_rules[@]}"
        do
            rule_syscalls=$(echo "$rule" | grep -o -P '(-S [\w,]+)+' | xargs)
            all_syscalls_found=0
            for syscall in "${syscall_a[@]}"
            do
                grep -q -- "\b${syscall}\b" &lt;&lt;&lt; "$rule_syscalls" || {
                   # A syscall was not found in the candidate rule
                   all_syscalls_found=1
                   }
            done
            if [[ $all_syscalls_found -eq 0 ]]
            then
                # We found a rule with all the syscall(s) we want; skip rest of macro
                skip=0
                break
            fi

            # Check if this rule can be grouped with our target syscall and keep track of it
            for syscall_g in "${syscall_grouping[@]}"
            do
                if grep -q -- "\b${syscall_g}\b" &lt;&lt;&lt; "$rule_syscalls"
                then
                    file_to_edit=${audit_file}
                    rule_to_edit=${rule}
                    rule_syscalls_to_edit=${rule_syscalls}
                fi
            done
        done
    else
        # If there is any candidate rule, it is compliant; skip rest of macro
        if [ "${#candidate_rules[@]}" -gt 0 ]
        then
            skip=0
        fi
    fi

    if [ "$skip" -eq 0 ]; then
        break
    fi
done

if [ "$skip" -ne 0 ]; then
    # We checked all rules that matched the expected resemblance pattern (action, arch &amp; auid)
    # At this point we know if we need to either append the $full_rule or group
    # the syscall together with an exsiting rule

    # Append the full_rule if it cannot be grouped to any other rule
    if [ -z ${rule_to_edit+x} ]
    then
        # Build full_rule while avoid adding double spaces when other_filters is empty
        if [ "${#syscall_a[@]}" -gt 0 ]
        then
            syscall_string=""
            for syscall in "${syscall_a[@]}"
            do
                syscall_string+=" -S $syscall"
            done
        fi
        other_string=$([[ $OTHER_FILTERS ]] &amp;&amp; echo " $OTHER_FILTERS") || /bin/true
        auid_string=$([[ $AUID_FILTERS ]] &amp;&amp; echo " $AUID_FILTERS") || /bin/true
        full_rule="$ACTION_ARCH_FILTERS${syscall_string}${other_string}${auid_string} -F key=$KEY" || /bin/true
        echo "$full_rule" &gt;&gt; "$default_file"
        chmod 0600 ${default_file}
    else
        # Check if the syscalls are declared as a comma separated list or
        # as multiple -S parameters
        if grep -q -- "," &lt;&lt;&lt; "${rule_syscalls_to_edit}"
        then
            delimiter=","
        else
            delimiter=" -S "
        fi
        new_grouped_syscalls="${rule_syscalls_to_edit}"
        for syscall in "${syscall_a[@]}"
        do
            grep -q -- "\b${syscall}\b" &lt;&lt;&lt; "${rule_syscalls_to_edit}" || {
               # A syscall was not found in the candidate rule
               new_grouped_syscalls+="${delimiter}${syscall}"
               }
        done

        # Group the syscall in the rule
        sed -i -e "\#${rule_to_edit}#s#${rule_syscalls_to_edit}#${new_grouped_syscalls}#" "$file_to_edit"
    fi
fi
	unset syscall_a
unset syscall_grouping
unset syscall_string
unset syscall
unset file_to_edit
unset rule_to_edit
unset rule_syscalls_to_edit
unset other_string
unset auid_string
unset full_rule

# Load macro arguments into arrays
read -a syscall_a &lt;&lt;&lt; $SYSCALL
read -a syscall_grouping &lt;&lt;&lt; $SYSCALL_GROUPING

# Create a list of audit *.rules files that should be inspected for presence and correctness
# of a particular audit rule. The scheme is as follows:
#
# -----------------------------------------------------------------------------------------
#  Tool used to load audit rules | Rule already defined  |  Audit rules file to inspect    |
# -----------------------------------------------------------------------------------------
#        auditctl                |     Doesn't matter    |  /etc/audit/audit.rules         |
# -----------------------------------------------------------------------------------------
#        augenrules              |          Yes          |  /etc/audit/rules.d/*.rules     |
#        augenrules              |          No           |  /etc/audit/rules.d/$key.rules  |
# -----------------------------------------------------------------------------------------
#
files_to_inspect=()


# If audit tool is 'auditctl', then add '/etc/audit/audit.rules'
# file to the list of files to be inspected
default_file="/etc/audit/audit.rules"
files_to_inspect+=('/etc/audit/audit.rules' )

# After converting to jinja, we cannot return; therefore we skip the rest of the macro if needed instead
skip=1

for audit_file in "${files_to_inspect[@]}"
do
    # Filter existing $audit_file rules' definitions to select those that satisfy the rule pattern,
    # i.e, collect rules that match:
    # * the action, list and arch, (2-nd argument)
    # * the other filters, (3-rd argument)
    # * the auid filters, (4-rd argument)
    readarray -t similar_rules &lt; &lt;(sed -e "/^$ACTION_ARCH_FILTERS/!d"  -e "\#$OTHER_FILTERS#!d" -e "/$AUID_FILTERS/!d" "$audit_file")

    candidate_rules=()
    # Filter out rules that have more fields then required. This will remove rules more specific than the required scope
    for s_rule in "${similar_rules[@]}"
    do
        # Strip all the options and fields we know of,
        # than check if there was any field left over
        extra_fields=$(sed -E -e "s/^$ACTION_ARCH_FILTERS//"  -e "s#$OTHER_FILTERS##" -e "s/$AUID_FILTERS//" -e "s/((:?-S [[:alnum:],]+)+)//g" -e "s/-F key=\w+|-k \w+//"&lt;&lt;&lt; "$s_rule")
        grep -q -- "-F" &lt;&lt;&lt; "$extra_fields" || candidate_rules+=("$s_rule")
    done

    if [[ ${#syscall_a[@]} -ge 1 ]]
    then
        # Check if the syscall we want is present in any of the similar existing rules
        for rule in "${candidate_rules[@]}"
        do
            rule_syscalls=$(echo "$rule" | grep -o -P '(-S [\w,]+)+' | xargs)
            all_syscalls_found=0
            for syscall in "${syscall_a[@]}"
            do
                grep -q -- "\b${syscall}\b" &lt;&lt;&lt; "$rule_syscalls" || {
                   # A syscall was not found in the candidate rule
                   all_syscalls_found=1
                   }
            done
            if [[ $all_syscalls_found -eq 0 ]]
            then
                # We found a rule with all the syscall(s) we want; skip rest of macro
                skip=0
                break
            fi

            # Check if this rule can be grouped with our target syscall and keep track of it
            for syscall_g in "${syscall_grouping[@]}"
            do
                if grep -q -- "\b${syscall_g}\b" &lt;&lt;&lt; "$rule_syscalls"
                then
                    file_to_edit=${audit_file}
                    rule_to_edit=${rule}
                    rule_syscalls_to_edit=${rule_syscalls}
                fi
            done
        done
    else
        # If there is any candidate rule, it is compliant; skip rest of macro
        if [ "${#candidate_rules[@]}" -gt 0 ]
        then
            skip=0
        fi
    fi

    if [ "$skip" -eq 0 ]; then
        break
    fi
done

if [ "$skip" -ne 0 ]; then
    # We checked all rules that matched the expected resemblance pattern (action, arch &amp; auid)
    # At this point we know if we need to either append the $full_rule or group
    # the syscall together with an exsiting rule

    # Append the full_rule if it cannot be grouped to any other rule
    if [ -z ${rule_to_edit+x} ]
    then
        # Build full_rule while avoid adding double spaces when other_filters is empty
        if [ "${#syscall_a[@]}" -gt 0 ]
        then
            syscall_string=""
            for syscall in "${syscall_a[@]}"
            do
                syscall_string+=" -S $syscall"
            done
        fi
        other_string=$([[ $OTHER_FILTERS ]] &amp;&amp; echo " $OTHER_FILTERS") || /bin/true
        auid_string=$([[ $AUID_FILTERS ]] &amp;&amp; echo " $AUID_FILTERS") || /bin/true
        full_rule="$ACTION_ARCH_FILTERS${syscall_string}${other_string}${auid_string} -F key=$KEY" || /bin/true
        echo "$full_rule" &gt;&gt; "$default_file"
        chmod 0600 ${default_file}
    else
        # Check if the syscalls are declared as a comma separated list or
        # as multiple -S parameters
        if grep -q -- "," &lt;&lt;&lt; "${rule_syscalls_to_edit}"
        then
            delimiter=","
        else
            delimiter=" -S "
        fi
        new_grouped_syscalls="${rule_syscalls_to_edit}"
        for syscall in "${syscall_a[@]}"
        do
            grep -q -- "\b${syscall}\b" &lt;&lt;&lt; "${rule_syscalls_to_edit}" || {
               # A syscall was not found in the candidate rule
               new_grouped_syscalls+="${delimiter}${syscall}"
               }
        done

        # Group the syscall in the rule
        sed -i -e "\#${rule_to_edit}#s#${rule_syscalls_to_edit}#${new_grouped_syscalls}#" "$file_to_edit"
    fi
fi
done

else
    &gt;&amp;2 echo 'Remediation is not applicable, nothing was done'
fi
</fix>
          <fix xmlns:xhtml="http://www.w3.org/1999/xhtml" id="audit_rules_file_deletion_events_rmdir" system="urn:xccdf:fix:script:ansible" reboot="true" complexity="low" disruption="low" strategy="restrict">- name: Gather the package facts
  package_facts:
    manager: auto
  tags:
  - CCE-85770-6
  - NIST-800-171-3.1.7
  - NIST-800-53-AU-12(c)
  - NIST-800-53-AU-2(d)
  - NIST-800-53-CM-6(a)
  - PCI-DSS-Req-10.2.7
  - PCI-DSSv4-10.2
  - PCI-DSSv4-10.2.1
  - PCI-DSSv4-10.2.1.7
  - audit_rules_file_deletion_events_rmdir
  - low_complexity
  - low_disruption
  - medium_severity
  - reboot_required
  - restrict_strategy

- name: Set architecture for audit rmdir tasks
  ansible.builtin.set_fact:
    audit_arch: b64
  when:
  - '"audit" in ansible_facts.packages'
  - ("kernel-default" in ansible_facts.packages or "kernel-default-base" in ansible_facts.packages)
  - not ( ansible_architecture == "aarch64" )
  - ansible_architecture == "aarch64" or ansible_architecture == "ppc64" or ansible_architecture
    == "ppc64le" or ansible_architecture == "s390x" or ansible_architecture == "x86_64"
  tags:
  - CCE-85770-6
  - NIST-800-171-3.1.7
  - NIST-800-53-AU-12(c)
  - NIST-800-53-AU-2(d)
  - NIST-800-53-CM-6(a)
  - PCI-DSS-Req-10.2.7
  - PCI-DSSv4-10.2
  - PCI-DSSv4-10.2.1
  - PCI-DSSv4-10.2.1.7
  - audit_rules_file_deletion_events_rmdir
  - low_complexity
  - low_disruption
  - medium_severity
  - reboot_required
  - restrict_strategy

- name: Perform remediation of Audit rules for rmdir for 32bit platform
  block:

  - name: Declare list of syscalls
    ansible.builtin.set_fact:
      syscalls:
      - rmdir
      syscall_grouping:
      - unlink
      - unlinkat
      - rename
      - renameat
      - renameat2
      - rmdir

  - name: Check existence of rmdir in /etc/audit/rules.d/
    ansible.builtin.find:
      paths: /etc/audit/rules.d
      contains: -a always,exit -F arch=b32(( -S |,)\w+)*(( -S |,){{ item }})+(( -S
        |,)\w+)* -F auid&gt;=1000 -F auid!=unset (-k\s+|-F\s+key=)\S+\s*$
      patterns: '*.rules'
    register: find_command
    loop: '{{ (syscall_grouping + syscalls) | unique }}'

  - name: Reset syscalls found per file
    ansible.builtin.set_fact:
      syscalls_per_file: {}
      found_paths_dict: {}

  - name: Declare syscalls found per file
    ansible.builtin.set_fact: syscalls_per_file="{{ syscalls_per_file | combine( {item.files[0].path
      :[item.item] + syscalls_per_file.get(item.files[0].path, []) } ) }}"
    loop: '{{ find_command.results | selectattr(''matched'') | list }}'

  - name: Declare files where syscalls were found
    ansible.builtin.set_fact: found_paths="{{ find_command.results | map(attribute='files')
      | flatten | map(attribute='path') | list }}"

  - name: Count occurrences of syscalls in paths
    ansible.builtin.set_fact: found_paths_dict="{{ found_paths_dict | combine({ item:1+found_paths_dict.get(item,
      0) }) }}"
    loop: '{{ find_command.results | map(attribute=''files'') | flatten | map(attribute=''path'')
      | list }}'

  - name: Get path with most syscalls
    ansible.builtin.set_fact: audit_file="{{ (found_paths_dict | dict2items() | sort(attribute='value')
      | last).key }}"
    when: found_paths | length &gt;= 1

  - name: No file with syscall found, set path to /etc/audit/rules.d/delete.rules
    ansible.builtin.set_fact: audit_file="/etc/audit/rules.d/delete.rules"
    when: found_paths | length == 0

  - name: Declare found syscalls
    ansible.builtin.set_fact: syscalls_found="{{ find_command.results | selectattr('matched')
      | map(attribute='item') | list }}"

  - name: Declare missing syscalls
    ansible.builtin.set_fact: missing_syscalls="{{ syscalls | difference(syscalls_found)
      }}"

  - name: Replace the audit rule in {{ audit_file }}
    ansible.builtin.lineinfile:
      path: '{{ audit_file }}'
      regexp: (-a always,exit -F arch=b32)(?=.*(?:(?:-S |,)(?:{{ syscalls_per_file[audit_file]
        | join("|") }}))\b)((?:( -S |,)\w+)+)( -F auid&gt;=1000 -F auid!=unset (?:-k
        |-F key=)\w+)
      line: \1\2\3{{ missing_syscalls | join("\3") }}\4
      backrefs: true
      state: present
      mode: g-rwx,o-rwx
    when: syscalls_found | length &gt; 0 and missing_syscalls | length &gt; 0

  - name: Add the audit rule to {{ audit_file }}
    ansible.builtin.lineinfile:
      path: '{{ audit_file }}'
      line: -a always,exit -F arch=b32 -S {{ syscalls | join(',') }} -F auid&gt;=1000
        -F auid!=unset -F key=delete
      create: true
      mode: g-rwx,o-rwx
      state: present
    when: syscalls_found | length == 0

  - name: Declare list of syscalls
    ansible.builtin.set_fact:
      syscalls:
      - rmdir
      syscall_grouping:
      - unlink
      - unlinkat
      - rename
      - renameat
      - renameat2
      - rmdir

  - name: Check existence of rmdir in /etc/audit/audit.rules
    ansible.builtin.find:
      paths: /etc/audit
      contains: -a always,exit -F arch=b32(( -S |,)\w+)*(( -S |,){{ item }})+(( -S
        |,)\w+)* -F auid&gt;=1000 -F auid!=unset (-k\s+|-F\s+key=)\S+\s*$
      patterns: audit.rules
    register: find_command
    loop: '{{ (syscall_grouping + syscalls) | unique }}'

  - name: Set path to /etc/audit/audit.rules
    ansible.builtin.set_fact: audit_file="/etc/audit/audit.rules"

  - name: Declare found syscalls
    ansible.builtin.set_fact: syscalls_found="{{ find_command.results | selectattr('matched')
      | map(attribute='item') | list }}"

  - name: Declare missing syscalls
    ansible.builtin.set_fact: missing_syscalls="{{ syscalls | difference(syscalls_found)
      }}"

  - name: Replace the audit rule in {{ audit_file }}
    ansible.builtin.lineinfile:
      path: '{{ audit_file }}'
      regexp: (-a always,exit -F arch=b32)(?=.*(?:(?:-S |,)(?:{{ syscalls_found |
        join("|") }}))\b)((?:( -S |,)\w+)+)( -F auid&gt;=1000 -F auid!=unset (?:-k |-F
        key=)\w+)
      line: \1\2\3{{ missing_syscalls | join("\3") }}\4
      backrefs: true
      state: present
      mode: g-rwx,o-rwx
    when: syscalls_found | length &gt; 0 and missing_syscalls | length &gt; 0

  - name: Add the audit rule to {{ audit_file }}
    ansible.builtin.lineinfile:
      path: '{{ audit_file }}'
      line: -a always,exit -F arch=b32 -S {{ syscalls | join(',') }} -F auid&gt;=1000
        -F auid!=unset -F key=delete
      create: true
      mode: g-rwx,o-rwx
      state: present
    when: syscalls_found | length == 0
  when:
  - '"audit" in ansible_facts.packages'
  - ("kernel-default" in ansible_facts.packages or "kernel-default-base" in ansible_facts.packages)
  - not ( ansible_architecture == "aarch64" )
  tags:
  - CCE-85770-6
  - NIST-800-171-3.1.7
  - NIST-800-53-AU-12(c)
  - NIST-800-53-AU-2(d)
  - NIST-800-53-CM-6(a)
  - PCI-DSS-Req-10.2.7
  - PCI-DSSv4-10.2
  - PCI-DSSv4-10.2.1
  - PCI-DSSv4-10.2.1.7
  - audit_rules_file_deletion_events_rmdir
  - low_complexity
  - low_disruption
  - medium_severity
  - reboot_required
  - restrict_strategy

- name: Perform remediation of Audit rules for rmdir for 64bit platform
  block:

  - name: Declare list of syscalls
    ansible.builtin.set_fact:
      syscalls:
      - rmdir
      syscall_grouping:
      - unlink
      - unlinkat
      - rename
      - renameat
      - renameat2
      - rmdir

  - name: Check existence of rmdir in /etc/audit/rules.d/
    ansible.builtin.find:
      paths: /etc/audit/rules.d
      contains: -a always,exit -F arch=b64(( -S |,)\w+)*(( -S |,){{ item }})+(( -S
        |,)\w+)* -F auid&gt;=1000 -F auid!=unset (-k\s+|-F\s+key=)\S+\s*$
      patterns: '*.rules'
    register: find_command
    loop: '{{ (syscall_grouping + syscalls) | unique }}'

  - name: Reset syscalls found per file
    ansible.builtin.set_fact:
      syscalls_per_file: {}
      found_paths_dict: {}

  - name: Declare syscalls found per file
    ansible.builtin.set_fact: syscalls_per_file="{{ syscalls_per_file | combine( {item.files[0].path
      :[item.item] + syscalls_per_file.get(item.files[0].path, []) } ) }}"
    loop: '{{ find_command.results | selectattr(''matched'') | list }}'

  - name: Declare files where syscalls were found
    ansible.builtin.set_fact: found_paths="{{ find_command.results | map(attribute='files')
      | flatten | map(attribute='path') | list }}"

  - name: Count occurrences of syscalls in paths
    ansible.builtin.set_fact: found_paths_dict="{{ found_paths_dict | combine({ item:1+found_paths_dict.get(item,
      0) }) }}"
    loop: '{{ find_command.results | map(attribute=''files'') | flatten | map(attribute=''path'')
      | list }}'

  - name: Get path with most syscalls
    ansible.builtin.set_fact: audit_file="{{ (found_paths_dict | dict2items() | sort(attribute='value')
      | last).key }}"
    when: found_paths | length &gt;= 1

  - name: No file with syscall found, set path to /etc/audit/rules.d/delete.rules
    ansible.builtin.set_fact: audit_file="/etc/audit/rules.d/delete.rules"
    when: found_paths | length == 0

  - name: Declare found syscalls
    ansible.builtin.set_fact: syscalls_found="{{ find_command.results | selectattr('matched')
      | map(attribute='item') | list }}"

  - name: Declare missing syscalls
    ansible.builtin.set_fact: missing_syscalls="{{ syscalls | difference(syscalls_found)
      }}"

  - name: Replace the audit rule in {{ audit_file }}
    ansible.builtin.lineinfile:
      path: '{{ audit_file }}'
      regexp: (-a always,exit -F arch=b64)(?=.*(?:(?:-S |,)(?:{{ syscalls_per_file[audit_file]
        | join("|") }}))\b)((?:( -S |,)\w+)+)( -F auid&gt;=1000 -F auid!=unset (?:-k
        |-F key=)\w+)
      line: \1\2\3{{ missing_syscalls | join("\3") }}\4
      backrefs: true
      state: present
      mode: g-rwx,o-rwx
    when: syscalls_found | length &gt; 0 and missing_syscalls | length &gt; 0

  - name: Add the audit rule to {{ audit_file }}
    ansible.builtin.lineinfile:
      path: '{{ audit_file }}'
      line: -a always,exit -F arch=b64 -S {{ syscalls | join(',') }} -F auid&gt;=1000
        -F auid!=unset -F key=delete
      create: true
      mode: g-rwx,o-rwx
      state: present
    when: syscalls_found | length == 0

  - name: Declare list of syscalls
    ansible.builtin.set_fact:
      syscalls:
      - rmdir
      syscall_grouping:
      - unlink
      - unlinkat
      - rename
      - renameat
      - renameat2
      - rmdir

  - name: Check existence of rmdir in /etc/audit/audit.rules
    ansible.builtin.find:
      paths: /etc/audit
      contains: -a always,exit -F arch=b64(( -S |,)\w+)*(( -S |,){{ item }})+(( -S
        |,)\w+)* -F auid&gt;=1000 -F auid!=unset (-k\s+|-F\s+key=)\S+\s*$
      patterns: audit.rules
    register: find_command
    loop: '{{ (syscall_grouping + syscalls) | unique }}'

  - name: Set path to /etc/audit/audit.rules
    ansible.builtin.set_fact: audit_file="/etc/audit/audit.rules"

  - name: Declare found syscalls
    ansible.builtin.set_fact: syscalls_found="{{ find_command.results | selectattr('matched')
      | map(attribute='item') | list }}"

  - name: Declare missing syscalls
    ansible.builtin.set_fact: missing_syscalls="{{ syscalls | difference(syscalls_found)
      }}"

  - name: Replace the audit rule in {{ audit_file }}
    ansible.builtin.lineinfile:
      path: '{{ audit_file }}'
      regexp: (-a always,exit -F arch=b64)(?=.*(?:(?:-S |,)(?:{{ syscalls_found |
        join("|") }}))\b)((?:( -S |,)\w+)+)( -F auid&gt;=1000 -F auid!=unset (?:-k |-F
        key=)\w+)
      line: \1\2\3{{ missing_syscalls | join("\3") }}\4
      backrefs: true
      state: present
      mode: g-rwx,o-rwx
    when: syscalls_found | length &gt; 0 and missing_syscalls | length &gt; 0

  - name: Add the audit rule to {{ audit_file }}
    ansible.builtin.lineinfile:
      path: '{{ audit_file }}'
      line: -a always,exit -F arch=b64 -S {{ syscalls | join(',') }} -F auid&gt;=1000
        -F auid!=unset -F key=delete
      create: true
      mode: g-rwx,o-rwx
      state: present
    when: syscalls_found | length == 0
  when:
  - '"audit" in ansible_facts.packages'
  - ("kernel-default" in ansible_facts.packages or "kernel-default-base" in ansible_facts.packages)
  - not ( ansible_architecture == "aarch64" )
  - audit_arch == "b64"
  tags:
  - CCE-85770-6
  - NIST-800-171-3.1.7
  - NIST-800-53-AU-12(c)
  - NIST-800-53-AU-2(d)
  - NIST-800-53-CM-6(a)
  - PCI-DSS-Req-10.2.7
  - PCI-DSSv4-10.2
  - PCI-DSSv4-10.2.1
  - PCI-DSSv4-10.2.1.7
  - audit_rules_file_deletion_events_rmdir
  - low_complexity
  - low_disruption
  - medium_severity
  - reboot_required
  - restrict_strategy
</fix>
          <check system="http://oval.mitre.org/XMLSchema/oval-definitions-5">
            <check-content-ref name="oval:ssg-audit_rules_file_deletion_events_rmdir:def:1" href="ssg-sle15-oval.xml"/>
          </check>
          <check system="http://scap.nist.gov/schema/ocil/2">
            <check-content-ref name="ocil:ssg-audit_rules_file_deletion_events_rmdir_ocil:questionnaire:1" href="ssg-sle15-ocil.xml"/>
          </check>
        </Rule>
        <Rule id="xccdf_org.ssgproject.content_rule_audit_rules_file_deletion_events_unlink" selected="false" role="full" severity="medium">
          <title xmlns:xhtml="http://www.w3.org/1999/xhtml" xml:lang="en-US">Ensure auditd Collects File Deletion Events by User - unlink</title>
          <description xmlns:xhtml="http://www.w3.org/1999/xhtml" xml:lang="en-US">At a minimum, the audit system should collect file deletion events
for all users and root. If the <html:code xmlns:html="http://www.w3.org/1999/xhtml">auditd</html:code> daemon is configured to use the
<html:code xmlns:html="http://www.w3.org/1999/xhtml">augenrules</html:code> program to read audit rules during daemon startup (the
default), add the following line to a file with suffix <html:code xmlns:html="http://www.w3.org/1999/xhtml">.rules</html:code> in the
directory <html:code xmlns:html="http://www.w3.org/1999/xhtml">/etc/audit/rules.d</html:code>, setting ARCH to either b32 for 32-bit
system, or having two lines for both b32 and b64 in case your system is 64-bit:
<html:pre xmlns:html="http://www.w3.org/1999/xhtml">-a always,exit -F arch=ARCH -S unlink -F auid&gt;=1000 -F auid!=unset -F key=delete</html:pre>
If the <html:code xmlns:html="http://www.w3.org/1999/xhtml">auditd</html:code> daemon is configured to use the <html:code xmlns:html="http://www.w3.org/1999/xhtml">auditctl</html:code>
utility to read audit rules during daemon startup, add the following line to
<html:code xmlns:html="http://www.w3.org/1999/xhtml">/etc/audit/audit.rules</html:code> file, setting ARCH to either b32 for 32-bit
system, or having two lines for both b32 and b64 in case your system is 64-bit:
<html:pre xmlns:html="http://www.w3.org/1999/xhtml">-a always,exit -F arch=ARCH -S unlink -F auid&gt;=1000 -F auid!=unset -F key=delete</html:pre>
       </description>
          <reference href="https://www.cisecurity.org/controls/">1</reference>
          <reference href="https://www.cisecurity.org/controls/">11</reference>
          <reference href="https://www.cisecurity.org/controls/">12</reference>
          <reference href="https://www.cisecurity.org/controls/">13</reference>
          <reference href="https://www.cisecurity.org/controls/">14</reference>
          <reference href="https://www.cisecurity.org/controls/">15</reference>
          <reference href="https://www.cisecurity.org/controls/">16</reference>
          <reference href="https://www.cisecurity.org/controls/">19</reference>
          <reference href="https://www.cisecurity.org/controls/">2</reference>
          <reference href="https://www.cisecurity.org/controls/">3</reference>
          <reference href="https://www.cisecurity.org/controls/">4</reference>
          <reference href="https://www.cisecurity.org/controls/">5</reference>
          <reference href="https://www.cisecurity.org/controls/">6</reference>
          <reference href="https://www.cisecurity.org/controls/">7</reference>
          <reference href="https://www.cisecurity.org/controls/">8</reference>
          <reference href="https://www.cisecurity.org/controls/">9</reference>
          <reference href="https://www.isaca.org/resources/cobit">APO10.01</reference>
          <reference href="https://www.isaca.org/resources/cobit">APO10.03</reference>
          <reference href="https://www.isaca.org/resources/cobit">APO10.04</reference>
          <reference href="https://www.isaca.org/resources/cobit">APO10.05</reference>
          <reference href="https://www.isaca.org/resources/cobit">APO11.04</reference>
          <reference href="https://www.isaca.org/resources/cobit">APO12.06</reference>
          <reference href="https://www.isaca.org/resources/cobit">APO13.01</reference>
          <reference href="https://www.isaca.org/resources/cobit">BAI03.05</reference>
          <reference href="https://www.isaca.org/resources/cobit">BAI08.02</reference>
          <reference href="https://www.isaca.org/resources/cobit">DSS01.03</reference>
          <reference href="https://www.isaca.org/resources/cobit">DSS01.04</reference>
          <reference href="https://www.isaca.org/resources/cobit">DSS02.02</reference>
          <reference href="https://www.isaca.org/resources/cobit">DSS02.04</reference>
          <reference href="https://www.isaca.org/resources/cobit">DSS02.07</reference>
          <reference href="https://www.isaca.org/resources/cobit">DSS03.01</reference>
          <reference href="https://www.isaca.org/resources/cobit">DSS03.05</reference>
          <reference href="https://www.isaca.org/resources/cobit">DSS05.02</reference>
          <reference href="https://www.isaca.org/resources/cobit">DSS05.03</reference>
          <reference href="https://www.isaca.org/resources/cobit">DSS05.04</reference>
          <reference href="https://www.isaca.org/resources/cobit">DSS05.05</reference>
          <reference href="https://www.isaca.org/resources/cobit">DSS05.07</reference>
          <reference href="https://www.isaca.org/resources/cobit">MEA01.01</reference>
          <reference href="https://www.isaca.org/resources/cobit">MEA01.02</reference>
          <reference href="https://www.isaca.org/resources/cobit">MEA01.03</reference>
          <reference href="https://www.isaca.org/resources/cobit">MEA01.04</reference>
          <reference href="https://www.isaca.org/resources/cobit">MEA01.05</reference>
          <reference href="https://www.isaca.org/resources/cobit">MEA02.01</reference>
          <reference href="http://nvlpubs.nist.gov/nistpubs/SpecialPublications/NIST.SP.800-171.pdf">3.1.7</reference>
          <reference href="https://www.gpo.gov/fdsys/pkg/CFR-2007-title45-vol1/pdf/CFR-2007-title45-vol1-chapA-subchapC.pdf">164.308(a)(1)(ii)(D)</reference>
          <reference href="https://www.gpo.gov/fdsys/pkg/CFR-2007-title45-vol1/pdf/CFR-2007-title45-vol1-chapA-subchapC.pdf">164.308(a)(3)(ii)(A)</reference>
          <reference href="https://www.gpo.gov/fdsys/pkg/CFR-2007-title45-vol1/pdf/CFR-2007-title45-vol1-chapA-subchapC.pdf">164.308(a)(5)(ii)(C)</reference>
          <reference href="https://www.gpo.gov/fdsys/pkg/CFR-2007-title45-vol1/pdf/CFR-2007-title45-vol1-chapA-subchapC.pdf">164.312(a)(2)(i)</reference>
          <reference href="https://www.gpo.gov/fdsys/pkg/CFR-2007-title45-vol1/pdf/CFR-2007-title45-vol1-chapA-subchapC.pdf">164.312(b)</reference>
          <reference href="https://www.gpo.gov/fdsys/pkg/CFR-2007-title45-vol1/pdf/CFR-2007-title45-vol1-chapA-subchapC.pdf">164.312(d)</reference>
          <reference href="https://www.gpo.gov/fdsys/pkg/CFR-2007-title45-vol1/pdf/CFR-2007-title45-vol1-chapA-subchapC.pdf">164.312(e)</reference>
          <reference href="https://www.isa.org/products/isa-62443-2-1-2009-security-for-industrial-automat">4.2.3.10</reference>
          <reference href="https://www.isa.org/products/isa-62443-2-1-2009-security-for-industrial-automat">4.3.2.6.7</reference>
          <reference href="https://www.isa.org/products/isa-62443-2-1-2009-security-for-industrial-automat">4.3.3.3.9</reference>
          <reference href="https://www.isa.org/products/isa-62443-2-1-2009-security-for-industrial-automat">4.3.3.5.8</reference>
          <reference href="https://www.isa.org/products/isa-62443-2-1-2009-security-for-industrial-automat">4.3.3.6.5</reference>
          <reference href="https://www.isa.org/products/isa-62443-2-1-2009-security-for-industrial-automat">4.3.3.6.6</reference>
          <reference href="https://www.isa.org/products/isa-62443-2-1-2009-security-for-industrial-automat">4.3.3.6.7</reference>
          <reference href="https://www.isa.org/products/isa-62443-2-1-2009-security-for-industrial-automat">4.3.3.6.8</reference>
          <reference href="https://www.isa.org/products/isa-62443-2-1-2009-security-for-industrial-automat">4.3.4.4.7</reference>
          <reference href="https://www.isa.org/products/isa-62443-2-1-2009-security-for-industrial-automat">4.3.4.5.6</reference>
          <reference href="https://www.isa.org/products/isa-62443-2-1-2009-security-for-industrial-automat">4.3.4.5.7</reference>
          <reference href="https://www.isa.org/products/isa-62443-2-1-2009-security-for-industrial-automat">4.3.4.5.8</reference>
          <reference href="https://www.isa.org/products/isa-62443-2-1-2009-security-for-industrial-automat">4.4.2.1</reference>
          <reference href="https://www.isa.org/products/isa-62443-2-1-2009-security-for-industrial-automat">4.4.2.2</reference>
          <reference href="https://www.isa.org/products/isa-62443-2-1-2009-security-for-industrial-automat">4.4.2.4</reference>
          <reference href="https://www.isa.org/products/ansi-isa-62443-3-3-99-03-03-2013-security-for-indu">SR 1.13</reference>
          <reference href="https://www.isa.org/products/ansi-isa-62443-3-3-99-03-03-2013-security-for-indu">SR 2.10</reference>
          <reference href="https://www.isa.org/products/ansi-isa-62443-3-3-99-03-03-2013-security-for-indu">SR 2.11</reference>
          <reference href="https://www.isa.org/products/ansi-isa-62443-3-3-99-03-03-2013-security-for-indu">SR 2.12</reference>
          <reference href="https://www.isa.org/products/ansi-isa-62443-3-3-99-03-03-2013-security-for-indu">SR 2.6</reference>
          <reference href="https://www.isa.org/products/ansi-isa-62443-3-3-99-03-03-2013-security-for-indu">SR 2.8</reference>
          <reference href="https://www.isa.org/products/ansi-isa-62443-3-3-99-03-03-2013-security-for-indu">SR 2.9</reference>
          <reference href="https://www.isa.org/products/ansi-isa-62443-3-3-99-03-03-2013-security-for-indu">SR 3.1</reference>
          <reference href="https://www.isa.org/products/ansi-isa-62443-3-3-99-03-03-2013-security-for-indu">SR 3.5</reference>
          <reference href="https://www.isa.org/products/ansi-isa-62443-3-3-99-03-03-2013-security-for-indu">SR 3.8</reference>
          <reference href="https://www.isa.org/products/ansi-isa-62443-3-3-99-03-03-2013-security-for-indu">SR 4.1</reference>
          <reference href="https://www.isa.org/products/ansi-isa-62443-3-3-99-03-03-2013-security-for-indu">SR 4.3</reference>
          <reference href="https://www.isa.org/products/ansi-isa-62443-3-3-99-03-03-2013-security-for-indu">SR 5.1</reference>
          <reference href="https://www.isa.org/products/ansi-isa-62443-3-3-99-03-03-2013-security-for-indu">SR 5.2</reference>
          <reference href="https://www.isa.org/products/ansi-isa-62443-3-3-99-03-03-2013-security-for-indu">SR 5.3</reference>
          <reference href="https://www.isa.org/products/ansi-isa-62443-3-3-99-03-03-2013-security-for-indu">SR 6.1</reference>
          <reference href="https://www.isa.org/products/ansi-isa-62443-3-3-99-03-03-2013-security-for-indu">SR 6.2</reference>
          <reference href="https://www.isa.org/products/ansi-isa-62443-3-3-99-03-03-2013-security-for-indu">SR 7.1</reference>
          <reference href="https://www.isa.org/products/ansi-isa-62443-3-3-99-03-03-2013-security-for-indu">SR 7.6</reference>
          <reference href="https://www.iso.org/contents/data/standard/05/45/54534.html">A.11.2.4</reference>
          <reference href="https://www.iso.org/contents/data/standard/05/45/54534.html">A.11.2.6</reference>
          <reference href="https://www.iso.org/contents/data/standard/05/45/54534.html">A.12.4.1</reference>
          <reference href="https://www.iso.org/contents/data/standard/05/45/54534.html">A.12.4.2</reference>
          <reference href="https://www.iso.org/contents/data/standard/05/45/54534.html">A.12.4.3</reference>
          <reference href="https://www.iso.org/contents/data/standard/05/45/54534.html">A.12.4.4</reference>
          <reference href="https://www.iso.org/contents/data/standard/05/45/54534.html">A.12.7.1</reference>
          <reference href="https://www.iso.org/contents/data/standard/05/45/54534.html">A.13.1.1</reference>
          <reference href="https://www.iso.org/contents/data/standard/05/45/54534.html">A.13.2.1</reference>
          <reference href="https://www.iso.org/contents/data/standard/05/45/54534.html">A.14.1.3</reference>
          <reference href="https://www.iso.org/contents/data/standard/05/45/54534.html">A.14.2.7</reference>
          <reference href="https://www.iso.org/contents/data/standard/05/45/54534.html">A.15.1.1</reference>
          <reference href="https://www.iso.org/contents/data/standard/05/45/54534.html">A.15.2.1</reference>
          <reference href="https://www.iso.org/contents/data/standard/05/45/54534.html">A.15.2.2</reference>
          <reference href="https://www.iso.org/contents/data/standard/05/45/54534.html">A.16.1.4</reference>
          <reference href="https://www.iso.org/contents/data/standard/05/45/54534.html">A.16.1.5</reference>
          <reference href="https://www.iso.org/contents/data/standard/05/45/54534.html">A.16.1.7</reference>
          <reference href="https://www.iso.org/contents/data/standard/05/45/54534.html">A.6.2.1</reference>
          <reference href="https://www.iso.org/contents/data/standard/05/45/54534.html">A.6.2.2</reference>
          <reference href="http://nvlpubs.nist.gov/nistpubs/SpecialPublications/NIST.SP.800-53r4.pdf">AU-2(d)</reference>
          <reference href="http://nvlpubs.nist.gov/nistpubs/SpecialPublications/NIST.SP.800-53r4.pdf">AU-12(c)</reference>
          <reference href="http://nvlpubs.nist.gov/nistpubs/SpecialPublications/NIST.SP.800-53r4.pdf">CM-6(a)</reference>
          <reference href="https://nvlpubs.nist.gov/nistpubs/CSWP/NIST.CSWP.04162018.pdf">DE.AE-3</reference>
          <reference href="https://nvlpubs.nist.gov/nistpubs/CSWP/NIST.CSWP.04162018.pdf">DE.AE-5</reference>
          <reference href="https://nvlpubs.nist.gov/nistpubs/CSWP/NIST.CSWP.04162018.pdf">DE.CM-1</reference>
          <reference href="https://nvlpubs.nist.gov/nistpubs/CSWP/NIST.CSWP.04162018.pdf">DE.CM-3</reference>
          <reference href="https://nvlpubs.nist.gov/nistpubs/CSWP/NIST.CSWP.04162018.pdf">DE.CM-7</reference>
          <reference href="https://nvlpubs.nist.gov/nistpubs/CSWP/NIST.CSWP.04162018.pdf">ID.SC-4</reference>
          <reference href="https://nvlpubs.nist.gov/nistpubs/CSWP/NIST.CSWP.04162018.pdf">PR.AC-3</reference>
          <reference href="https://nvlpubs.nist.gov/nistpubs/CSWP/NIST.CSWP.04162018.pdf">PR.MA-2</reference>
          <reference href="https://nvlpubs.nist.gov/nistpubs/CSWP/NIST.CSWP.04162018.pdf">PR.PT-1</reference>
          <reference href="https://nvlpubs.nist.gov/nistpubs/CSWP/NIST.CSWP.04162018.pdf">PR.PT-4</reference>
          <reference href="https://nvlpubs.nist.gov/nistpubs/CSWP/NIST.CSWP.04162018.pdf">RS.AN-1</reference>
          <reference href="https://nvlpubs.nist.gov/nistpubs/CSWP/NIST.CSWP.04162018.pdf">RS.AN-4</reference>
          <reference href="https://www.pcisecuritystandards.org/documents/PCI_DSS_v3-2-1.pdf">Req-10.2.7</reference>
          <reference href="https://www.cyber.mil/stigs/downloads/?_dl_facet_stigs=operating-systems%2Cgeneral-purpose-os">SRG-OS-000037-GPOS-00015</reference>
          <reference href="https://www.cyber.mil/stigs/downloads/?_dl_facet_stigs=operating-systems%2Cgeneral-purpose-os">SRG-OS-000042-GPOS-00020</reference>
          <reference href="https://www.cyber.mil/stigs/downloads/?_dl_facet_stigs=operating-systems%2Cgeneral-purpose-os">SRG-OS-000062-GPOS-00031</reference>
          <reference href="https://www.cyber.mil/stigs/downloads/?_dl_facet_stigs=operating-systems%2Cgeneral-purpose-os">SRG-OS-000392-GPOS-00172</reference>
          <reference href="https://www.cyber.mil/stigs/downloads/?_dl_facet_stigs=operating-systems%2Cgeneral-purpose-os">SRG-OS-000462-GPOS-00206</reference>
          <reference href="https://www.cyber.mil/stigs/downloads/?_dl_facet_stigs=operating-systems%2Cgeneral-purpose-os">SRG-OS-000471-GPOS-00215</reference>
          <reference href="https://www.cyber.mil/stigs/downloads/?_dl_facet_stigs=operating-systems%2Cgeneral-purpose-os">SRG-OS-000466-GPOS-00210</reference>
          <reference href="https://www.cyber.mil/stigs/downloads/?_dl_facet_stigs=operating-systems%2Cgeneral-purpose-os">SRG-OS-000467-GPOS-00211</reference>
          <reference href="https://www.cyber.mil/stigs/downloads/?_dl_facet_stigs=operating-systems%2Cgeneral-purpose-os">SRG-OS-000468-GPOS-00212</reference>
          <reference href="https://www.cyber.mil/stigs/downloads/?_dl_facet_stigs=app-security">SRG-APP-000495-CTR-001235</reference>
          <reference href="https://www.cyber.mil/stigs/downloads/?_dl_facet_stigs=app-security">SRG-APP-000499-CTR-001255</reference>
          <reference href="https://www.cyber.mil/stigs/downloads/?_dl_facet_stigs=app-security">SRG-APP-000501-CTR-001265</reference>
          <reference href="https://www.cyber.mil/stigs/downloads/?_dl_facet_stigs=app-security">SRG-APP-000502-CTR-001270</reference>
          <reference href="https://www.cisecurity.org/benchmark/suse_linux/">4.1.13</reference>
          <reference href="https://cyber.gouv.fr/sites/default/files/document/linux_configuration-en-v2.pdf">R73</reference>
          <reference href="not_publicly_available">SLES-15-750450315</reference>
          <reference href="https://docs-prv.pcisecuritystandards.org/PCI%20DSS/Standard/PCI-DSS-v4_0.pdf">10.2.1.7</reference>
          <reference href="https://docs-prv.pcisecuritystandards.org/PCI%20DSS/Standard/PCI-DSS-v4_0.pdf">10.2.1</reference>
          <reference href="https://docs-prv.pcisecuritystandards.org/PCI%20DSS/Standard/PCI-DSS-v4_0.pdf">10.2</reference>
          <rationale xmlns:xhtml="http://www.w3.org/1999/xhtml" xml:lang="en-US">Auditing file deletions will create an audit trail for files that are removed
from the system. The audit trail could aid in system troubleshooting, as well as, detecting
malicious processes that attempt to delete log files to conceal their presence.</rationale>
          <platform idref="#not_aarch64_arch"/>
          <ident system="https://ncp.nist.gov/cce">CCE-85771-4</ident>
          <fix xmlns:xhtml="http://www.w3.org/1999/xhtml" id="audit_rules_file_deletion_events_unlink" system="urn:xccdf:fix:script:sh"># Remediation is applicable only in certain platforms
if rpm --quiet -q audit &amp;&amp; rpm --quiet -q kernel-default || rpm --quiet -q kernel-default-base &amp;&amp; { ! ( ( grep -sqE "^.*\.aarch64$" /proc/sys/kernel/osrelease || grep -sqE "^aarch64$" /proc/sys/kernel/arch; ) ); }; then

# First perform the remediation of the syscall rule
# Retrieve hardware architecture of the underlying system
[ "$(getconf LONG_BIT)" = "32" ] &amp;&amp; RULE_ARCHS=("b32") || RULE_ARCHS=("b32" "b64")

for ARCH in "${RULE_ARCHS[@]}"
do
	ACTION_ARCH_FILTERS="-a always,exit -F arch=$ARCH"
	OTHER_FILTERS=""
	AUID_FILTERS="-F auid&gt;=1000 -F auid!=unset"
	SYSCALL="unlink"
	KEY="delete"
	SYSCALL_GROUPING="unlink unlinkat rename renameat renameat2 rmdir"
	# Perform the remediation for both possible tools: 'auditctl' and 'augenrules'
	unset syscall_a
unset syscall_grouping
unset syscall_string
unset syscall
unset file_to_edit
unset rule_to_edit
unset rule_syscalls_to_edit
unset other_string
unset auid_string
unset full_rule

# Load macro arguments into arrays
read -a syscall_a &lt;&lt;&lt; $SYSCALL
read -a syscall_grouping &lt;&lt;&lt; $SYSCALL_GROUPING

# Create a list of audit *.rules files that should be inspected for presence and correctness
# of a particular audit rule. The scheme is as follows:
#
# -----------------------------------------------------------------------------------------
#  Tool used to load audit rules | Rule already defined  |  Audit rules file to inspect    |
# -----------------------------------------------------------------------------------------
#        auditctl                |     Doesn't matter    |  /etc/audit/audit.rules         |
# -----------------------------------------------------------------------------------------
#        augenrules              |          Yes          |  /etc/audit/rules.d/*.rules     |
#        augenrules              |          No           |  /etc/audit/rules.d/$key.rules  |
# -----------------------------------------------------------------------------------------
#
files_to_inspect=()

# If audit tool is 'augenrules', then check if the audit rule is defined
# If rule is defined, add '/etc/audit/rules.d/*.rules' to the list for inspection
# If rule isn't defined yet, add '/etc/audit/rules.d/$key.rules' to the list for inspection
default_file="/etc/audit/rules.d/$KEY.rules"
# As other_filters may include paths, lets use a different delimiter for it
# The "F" script expression tells sed to print the filenames where the expressions matched
readarray -t files_to_inspect &lt; &lt;(sed -s -n -e "/^$ACTION_ARCH_FILTERS/!d" -e "\#$OTHER_FILTERS#!d" -e "/$AUID_FILTERS/!d" -e "F" /etc/audit/rules.d/*.rules)
# Case when particular rule isn't defined in /etc/audit/rules.d/*.rules yet
if [ ${#files_to_inspect[@]} -eq "0" ]
then
    file_to_inspect="/etc/audit/rules.d/$KEY.rules"
    files_to_inspect=("$file_to_inspect")
    if [ ! -e "$file_to_inspect" ]
    then
        touch "$file_to_inspect"
        chmod 0600 "$file_to_inspect"
    fi
fi

# After converting to jinja, we cannot return; therefore we skip the rest of the macro if needed instead
skip=1

for audit_file in "${files_to_inspect[@]}"
do
    # Filter existing $audit_file rules' definitions to select those that satisfy the rule pattern,
    # i.e, collect rules that match:
    # * the action, list and arch, (2-nd argument)
    # * the other filters, (3-rd argument)
    # * the auid filters, (4-rd argument)
    readarray -t similar_rules &lt; &lt;(sed -e "/^$ACTION_ARCH_FILTERS/!d"  -e "\#$OTHER_FILTERS#!d" -e "/$AUID_FILTERS/!d" "$audit_file")

    candidate_rules=()
    # Filter out rules that have more fields then required. This will remove rules more specific than the required scope
    for s_rule in "${similar_rules[@]}"
    do
        # Strip all the options and fields we know of,
        # than check if there was any field left over
        extra_fields=$(sed -E -e "s/^$ACTION_ARCH_FILTERS//"  -e "s#$OTHER_FILTERS##" -e "s/$AUID_FILTERS//" -e "s/((:?-S [[:alnum:],]+)+)//g" -e "s/-F key=\w+|-k \w+//"&lt;&lt;&lt; "$s_rule")
        grep -q -- "-F" &lt;&lt;&lt; "$extra_fields" || candidate_rules+=("$s_rule")
    done

    if [[ ${#syscall_a[@]} -ge 1 ]]
    then
        # Check if the syscall we want is present in any of the similar existing rules
        for rule in "${candidate_rules[@]}"
        do
            rule_syscalls=$(echo "$rule" | grep -o -P '(-S [\w,]+)+' | xargs)
            all_syscalls_found=0
            for syscall in "${syscall_a[@]}"
            do
                grep -q -- "\b${syscall}\b" &lt;&lt;&lt; "$rule_syscalls" || {
                   # A syscall was not found in the candidate rule
                   all_syscalls_found=1
                   }
            done
            if [[ $all_syscalls_found -eq 0 ]]
            then
                # We found a rule with all the syscall(s) we want; skip rest of macro
                skip=0
                break
            fi

            # Check if this rule can be grouped with our target syscall and keep track of it
            for syscall_g in "${syscall_grouping[@]}"
            do
                if grep -q -- "\b${syscall_g}\b" &lt;&lt;&lt; "$rule_syscalls"
                then
                    file_to_edit=${audit_file}
                    rule_to_edit=${rule}
                    rule_syscalls_to_edit=${rule_syscalls}
                fi
            done
        done
    else
        # If there is any candidate rule, it is compliant; skip rest of macro
        if [ "${#candidate_rules[@]}" -gt 0 ]
        then
            skip=0
        fi
    fi

    if [ "$skip" -eq 0 ]; then
        break
    fi
done

if [ "$skip" -ne 0 ]; then
    # We checked all rules that matched the expected resemblance pattern (action, arch &amp; auid)
    # At this point we know if we need to either append the $full_rule or group
    # the syscall together with an exsiting rule

    # Append the full_rule if it cannot be grouped to any other rule
    if [ -z ${rule_to_edit+x} ]
    then
        # Build full_rule while avoid adding double spaces when other_filters is empty
        if [ "${#syscall_a[@]}" -gt 0 ]
        then
            syscall_string=""
            for syscall in "${syscall_a[@]}"
            do
                syscall_string+=" -S $syscall"
            done
        fi
        other_string=$([[ $OTHER_FILTERS ]] &amp;&amp; echo " $OTHER_FILTERS") || /bin/true
        auid_string=$([[ $AUID_FILTERS ]] &amp;&amp; echo " $AUID_FILTERS") || /bin/true
        full_rule="$ACTION_ARCH_FILTERS${syscall_string}${other_string}${auid_string} -F key=$KEY" || /bin/true
        echo "$full_rule" &gt;&gt; "$default_file"
        chmod 0600 ${default_file}
    else
        # Check if the syscalls are declared as a comma separated list or
        # as multiple -S parameters
        if grep -q -- "," &lt;&lt;&lt; "${rule_syscalls_to_edit}"
        then
            delimiter=","
        else
            delimiter=" -S "
        fi
        new_grouped_syscalls="${rule_syscalls_to_edit}"
        for syscall in "${syscall_a[@]}"
        do
            grep -q -- "\b${syscall}\b" &lt;&lt;&lt; "${rule_syscalls_to_edit}" || {
               # A syscall was not found in the candidate rule
               new_grouped_syscalls+="${delimiter}${syscall}"
               }
        done

        # Group the syscall in the rule
        sed -i -e "\#${rule_to_edit}#s#${rule_syscalls_to_edit}#${new_grouped_syscalls}#" "$file_to_edit"
    fi
fi
	unset syscall_a
unset syscall_grouping
unset syscall_string
unset syscall
unset file_to_edit
unset rule_to_edit
unset rule_syscalls_to_edit
unset other_string
unset auid_string
unset full_rule

# Load macro arguments into arrays
read -a syscall_a &lt;&lt;&lt; $SYSCALL
read -a syscall_grouping &lt;&lt;&lt; $SYSCALL_GROUPING

# Create a list of audit *.rules files that should be inspected for presence and correctness
# of a particular audit rule. The scheme is as follows:
#
# -----------------------------------------------------------------------------------------
#  Tool used to load audit rules | Rule already defined  |  Audit rules file to inspect    |
# -----------------------------------------------------------------------------------------
#        auditctl                |     Doesn't matter    |  /etc/audit/audit.rules         |
# -----------------------------------------------------------------------------------------
#        augenrules              |          Yes          |  /etc/audit/rules.d/*.rules     |
#        augenrules              |          No           |  /etc/audit/rules.d/$key.rules  |
# -----------------------------------------------------------------------------------------
#
files_to_inspect=()


# If audit tool is 'auditctl', then add '/etc/audit/audit.rules'
# file to the list of files to be inspected
default_file="/etc/audit/audit.rules"
files_to_inspect+=('/etc/audit/audit.rules' )

# After converting to jinja, we cannot return; therefore we skip the rest of the macro if needed instead
skip=1

for audit_file in "${files_to_inspect[@]}"
do
    # Filter existing $audit_file rules' definitions to select those that satisfy the rule pattern,
    # i.e, collect rules that match:
    # * the action, list and arch, (2-nd argument)
    # * the other filters, (3-rd argument)
    # * the auid filters, (4-rd argument)
    readarray -t similar_rules &lt; &lt;(sed -e "/^$ACTION_ARCH_FILTERS/!d"  -e "\#$OTHER_FILTERS#!d" -e "/$AUID_FILTERS/!d" "$audit_file")

    candidate_rules=()
    # Filter out rules that have more fields then required. This will remove rules more specific than the required scope
    for s_rule in "${similar_rules[@]}"
    do
        # Strip all the options and fields we know of,
        # than check if there was any field left over
        extra_fields=$(sed -E -e "s/^$ACTION_ARCH_FILTERS//"  -e "s#$OTHER_FILTERS##" -e "s/$AUID_FILTERS//" -e "s/((:?-S [[:alnum:],]+)+)//g" -e "s/-F key=\w+|-k \w+//"&lt;&lt;&lt; "$s_rule")
        grep -q -- "-F" &lt;&lt;&lt; "$extra_fields" || candidate_rules+=("$s_rule")
    done

    if [[ ${#syscall_a[@]} -ge 1 ]]
    then
        # Check if the syscall we want is present in any of the similar existing rules
        for rule in "${candidate_rules[@]}"
        do
            rule_syscalls=$(echo "$rule" | grep -o -P '(-S [\w,]+)+' | xargs)
            all_syscalls_found=0
            for syscall in "${syscall_a[@]}"
            do
                grep -q -- "\b${syscall}\b" &lt;&lt;&lt; "$rule_syscalls" || {
                   # A syscall was not found in the candidate rule
                   all_syscalls_found=1
                   }
            done
            if [[ $all_syscalls_found -eq 0 ]]
            then
                # We found a rule with all the syscall(s) we want; skip rest of macro
                skip=0
                break
            fi

            # Check if this rule can be grouped with our target syscall and keep track of it
            for syscall_g in "${syscall_grouping[@]}"
            do
                if grep -q -- "\b${syscall_g}\b" &lt;&lt;&lt; "$rule_syscalls"
                then
                    file_to_edit=${audit_file}
                    rule_to_edit=${rule}
                    rule_syscalls_to_edit=${rule_syscalls}
                fi
            done
        done
    else
        # If there is any candidate rule, it is compliant; skip rest of macro
        if [ "${#candidate_rules[@]}" -gt 0 ]
        then
            skip=0
        fi
    fi

    if [ "$skip" -eq 0 ]; then
        break
    fi
done

if [ "$skip" -ne 0 ]; then
    # We checked all rules that matched the expected resemblance pattern (action, arch &amp; auid)
    # At this point we know if we need to either append the $full_rule or group
    # the syscall together with an exsiting rule

    # Append the full_rule if it cannot be grouped to any other rule
    if [ -z ${rule_to_edit+x} ]
    then
        # Build full_rule while avoid adding double spaces when other_filters is empty
        if [ "${#syscall_a[@]}" -gt 0 ]
        then
            syscall_string=""
            for syscall in "${syscall_a[@]}"
            do
                syscall_string+=" -S $syscall"
            done
        fi
        other_string=$([[ $OTHER_FILTERS ]] &amp;&amp; echo " $OTHER_FILTERS") || /bin/true
        auid_string=$([[ $AUID_FILTERS ]] &amp;&amp; echo " $AUID_FILTERS") || /bin/true
        full_rule="$ACTION_ARCH_FILTERS${syscall_string}${other_string}${auid_string} -F key=$KEY" || /bin/true
        echo "$full_rule" &gt;&gt; "$default_file"
        chmod 0600 ${default_file}
    else
        # Check if the syscalls are declared as a comma separated list or
        # as multiple -S parameters
        if grep -q -- "," &lt;&lt;&lt; "${rule_syscalls_to_edit}"
        then
            delimiter=","
        else
            delimiter=" -S "
        fi
        new_grouped_syscalls="${rule_syscalls_to_edit}"
        for syscall in "${syscall_a[@]}"
        do
            grep -q -- "\b${syscall}\b" &lt;&lt;&lt; "${rule_syscalls_to_edit}" || {
               # A syscall was not found in the candidate rule
               new_grouped_syscalls+="${delimiter}${syscall}"
               }
        done

        # Group the syscall in the rule
        sed -i -e "\#${rule_to_edit}#s#${rule_syscalls_to_edit}#${new_grouped_syscalls}#" "$file_to_edit"
    fi
fi
done

else
    &gt;&amp;2 echo 'Remediation is not applicable, nothing was done'
fi
</fix>
          <fix xmlns:xhtml="http://www.w3.org/1999/xhtml" id="audit_rules_file_deletion_events_unlink" system="urn:xccdf:fix:script:ansible" reboot="true" complexity="low" disruption="low" strategy="restrict">- name: Gather the package facts
  package_facts:
    manager: auto
  tags:
  - CCE-85771-4
  - NIST-800-171-3.1.7
  - NIST-800-53-AU-12(c)
  - NIST-800-53-AU-2(d)
  - NIST-800-53-CM-6(a)
  - PCI-DSS-Req-10.2.7
  - PCI-DSSv4-10.2
  - PCI-DSSv4-10.2.1
  - PCI-DSSv4-10.2.1.7
  - audit_rules_file_deletion_events_unlink
  - low_complexity
  - low_disruption
  - medium_severity
  - reboot_required
  - restrict_strategy

- name: Set architecture for audit unlink tasks
  ansible.builtin.set_fact:
    audit_arch: b64
  when:
  - '"audit" in ansible_facts.packages'
  - ("kernel-default" in ansible_facts.packages or "kernel-default-base" in ansible_facts.packages)
  - not ( ansible_architecture == "aarch64" )
  - ansible_architecture == "aarch64" or ansible_architecture == "ppc64" or ansible_architecture
    == "ppc64le" or ansible_architecture == "s390x" or ansible_architecture == "x86_64"
  tags:
  - CCE-85771-4
  - NIST-800-171-3.1.7
  - NIST-800-53-AU-12(c)
  - NIST-800-53-AU-2(d)
  - NIST-800-53-CM-6(a)
  - PCI-DSS-Req-10.2.7
  - PCI-DSSv4-10.2
  - PCI-DSSv4-10.2.1
  - PCI-DSSv4-10.2.1.7
  - audit_rules_file_deletion_events_unlink
  - low_complexity
  - low_disruption
  - medium_severity
  - reboot_required
  - restrict_strategy

- name: Perform remediation of Audit rules for unlink for 32bit platform
  block:

  - name: Declare list of syscalls
    ansible.builtin.set_fact:
      syscalls:
      - unlink
      syscall_grouping:
      - unlink
      - unlinkat
      - rename
      - renameat
      - renameat2
      - rmdir

  - name: Check existence of unlink in /etc/audit/rules.d/
    ansible.builtin.find:
      paths: /etc/audit/rules.d
      contains: -a always,exit -F arch=b32(( -S |,)\w+)*(( -S |,){{ item }})+(( -S
        |,)\w+)* -F auid&gt;=1000 -F auid!=unset (-k\s+|-F\s+key=)\S+\s*$
      patterns: '*.rules'
    register: find_command
    loop: '{{ (syscall_grouping + syscalls) | unique }}'

  - name: Reset syscalls found per file
    ansible.builtin.set_fact:
      syscalls_per_file: {}
      found_paths_dict: {}

  - name: Declare syscalls found per file
    ansible.builtin.set_fact: syscalls_per_file="{{ syscalls_per_file | combine( {item.files[0].path
      :[item.item] + syscalls_per_file.get(item.files[0].path, []) } ) }}"
    loop: '{{ find_command.results | selectattr(''matched'') | list }}'

  - name: Declare files where syscalls were found
    ansible.builtin.set_fact: found_paths="{{ find_command.results | map(attribute='files')
      | flatten | map(attribute='path') | list }}"

  - name: Count occurrences of syscalls in paths
    ansible.builtin.set_fact: found_paths_dict="{{ found_paths_dict | combine({ item:1+found_paths_dict.get(item,
      0) }) }}"
    loop: '{{ find_command.results | map(attribute=''files'') | flatten | map(attribute=''path'')
      | list }}'

  - name: Get path with most syscalls
    ansible.builtin.set_fact: audit_file="{{ (found_paths_dict | dict2items() | sort(attribute='value')
      | last).key }}"
    when: found_paths | length &gt;= 1

  - name: No file with syscall found, set path to /etc/audit/rules.d/delete.rules
    ansible.builtin.set_fact: audit_file="/etc/audit/rules.d/delete.rules"
    when: found_paths | length == 0

  - name: Declare found syscalls
    ansible.builtin.set_fact: syscalls_found="{{ find_command.results | selectattr('matched')
      | map(attribute='item') | list }}"

  - name: Declare missing syscalls
    ansible.builtin.set_fact: missing_syscalls="{{ syscalls | difference(syscalls_found)
      }}"

  - name: Replace the audit rule in {{ audit_file }}
    ansible.builtin.lineinfile:
      path: '{{ audit_file }}'
      regexp: (-a always,exit -F arch=b32)(?=.*(?:(?:-S |,)(?:{{ syscalls_per_file[audit_file]
        | join("|") }}))\b)((?:( -S |,)\w+)+)( -F auid&gt;=1000 -F auid!=unset (?:-k
        |-F key=)\w+)
      line: \1\2\3{{ missing_syscalls | join("\3") }}\4
      backrefs: true
      state: present
      mode: g-rwx,o-rwx
    when: syscalls_found | length &gt; 0 and missing_syscalls | length &gt; 0

  - name: Add the audit rule to {{ audit_file }}
    ansible.builtin.lineinfile:
      path: '{{ audit_file }}'
      line: -a always,exit -F arch=b32 -S {{ syscalls | join(',') }} -F auid&gt;=1000
        -F auid!=unset -F key=delete
      create: true
      mode: g-rwx,o-rwx
      state: present
    when: syscalls_found | length == 0

  - name: Declare list of syscalls
    ansible.builtin.set_fact:
      syscalls:
      - unlink
      syscall_grouping:
      - unlink
      - unlinkat
      - rename
      - renameat
      - renameat2
      - rmdir

  - name: Check existence of unlink in /etc/audit/audit.rules
    ansible.builtin.find:
      paths: /etc/audit
      contains: -a always,exit -F arch=b32(( -S |,)\w+)*(( -S |,){{ item }})+(( -S
        |,)\w+)* -F auid&gt;=1000 -F auid!=unset (-k\s+|-F\s+key=)\S+\s*$
      patterns: audit.rules
    register: find_command
    loop: '{{ (syscall_grouping + syscalls) | unique }}'

  - name: Set path to /etc/audit/audit.rules
    ansible.builtin.set_fact: audit_file="/etc/audit/audit.rules"

  - name: Declare found syscalls
    ansible.builtin.set_fact: syscalls_found="{{ find_command.results | selectattr('matched')
      | map(attribute='item') | list }}"

  - name: Declare missing syscalls
    ansible.builtin.set_fact: missing_syscalls="{{ syscalls | difference(syscalls_found)
      }}"

  - name: Replace the audit rule in {{ audit_file }}
    ansible.builtin.lineinfile:
      path: '{{ audit_file }}'
      regexp: (-a always,exit -F arch=b32)(?=.*(?:(?:-S |,)(?:{{ syscalls_found |
        join("|") }}))\b)((?:( -S |,)\w+)+)( -F auid&gt;=1000 -F auid!=unset (?:-k |-F
        key=)\w+)
      line: \1\2\3{{ missing_syscalls | join("\3") }}\4
      backrefs: true
      state: present
      mode: g-rwx,o-rwx
    when: syscalls_found | length &gt; 0 and missing_syscalls | length &gt; 0

  - name: Add the audit rule to {{ audit_file }}
    ansible.builtin.lineinfile:
      path: '{{ audit_file }}'
      line: -a always,exit -F arch=b32 -S {{ syscalls | join(',') }} -F auid&gt;=1000
        -F auid!=unset -F key=delete
      create: true
      mode: g-rwx,o-rwx
      state: present
    when: syscalls_found | length == 0
  when:
  - '"audit" in ansible_facts.packages'
  - ("kernel-default" in ansible_facts.packages or "kernel-default-base" in ansible_facts.packages)
  - not ( ansible_architecture == "aarch64" )
  tags:
  - CCE-85771-4
  - NIST-800-171-3.1.7
  - NIST-800-53-AU-12(c)
  - NIST-800-53-AU-2(d)
  - NIST-800-53-CM-6(a)
  - PCI-DSS-Req-10.2.7
  - PCI-DSSv4-10.2
  - PCI-DSSv4-10.2.1
  - PCI-DSSv4-10.2.1.7
  - audit_rules_file_deletion_events_unlink
  - low_complexity
  - low_disruption
  - medium_severity
  - reboot_required
  - restrict_strategy

- name: Perform remediation of Audit rules for unlink for 64bit platform
  block:

  - name: Declare list of syscalls
    ansible.builtin.set_fact:
      syscalls:
      - unlink
      syscall_grouping:
      - unlink
      - unlinkat
      - rename
      - renameat
      - renameat2
      - rmdir

  - name: Check existence of unlink in /etc/audit/rules.d/
    ansible.builtin.find:
      paths: /etc/audit/rules.d
      contains: -a always,exit -F arch=b64(( -S |,)\w+)*(( -S |,){{ item }})+(( -S
        |,)\w+)* -F auid&gt;=1000 -F auid!=unset (-k\s+|-F\s+key=)\S+\s*$
      patterns: '*.rules'
    register: find_command
    loop: '{{ (syscall_grouping + syscalls) | unique }}'

  - name: Reset syscalls found per file
    ansible.builtin.set_fact:
      syscalls_per_file: {}
      found_paths_dict: {}

  - name: Declare syscalls found per file
    ansible.builtin.set_fact: syscalls_per_file="{{ syscalls_per_file | combine( {item.files[0].path
      :[item.item] + syscalls_per_file.get(item.files[0].path, []) } ) }}"
    loop: '{{ find_command.results | selectattr(''matched'') | list }}'

  - name: Declare files where syscalls were found
    ansible.builtin.set_fact: found_paths="{{ find_command.results | map(attribute='files')
      | flatten | map(attribute='path') | list }}"

  - name: Count occurrences of syscalls in paths
    ansible.builtin.set_fact: found_paths_dict="{{ found_paths_dict | combine({ item:1+found_paths_dict.get(item,
      0) }) }}"
    loop: '{{ find_command.results | map(attribute=''files'') | flatten | map(attribute=''path'')
      | list }}'

  - name: Get path with most syscalls
    ansible.builtin.set_fact: audit_file="{{ (found_paths_dict | dict2items() | sort(attribute='value')
      | last).key }}"
    when: found_paths | length &gt;= 1

  - name: No file with syscall found, set path to /etc/audit/rules.d/delete.rules
    ansible.builtin.set_fact: audit_file="/etc/audit/rules.d/delete.rules"
    when: found_paths | length == 0

  - name: Declare found syscalls
    ansible.builtin.set_fact: syscalls_found="{{ find_command.results | selectattr('matched')
      | map(attribute='item') | list }}"

  - name: Declare missing syscalls
    ansible.builtin.set_fact: missing_syscalls="{{ syscalls | difference(syscalls_found)
      }}"

  - name: Replace the audit rule in {{ audit_file }}
    ansible.builtin.lineinfile:
      path: '{{ audit_file }}'
      regexp: (-a always,exit -F arch=b64)(?=.*(?:(?:-S |,)(?:{{ syscalls_per_file[audit_file]
        | join("|") }}))\b)((?:( -S |,)\w+)+)( -F auid&gt;=1000 -F auid!=unset (?:-k
        |-F key=)\w+)
      line: \1\2\3{{ missing_syscalls | join("\3") }}\4
      backrefs: true
      state: present
      mode: g-rwx,o-rwx
    when: syscalls_found | length &gt; 0 and missing_syscalls | length &gt; 0

  - name: Add the audit rule to {{ audit_file }}
    ansible.builtin.lineinfile:
      path: '{{ audit_file }}'
      line: -a always,exit -F arch=b64 -S {{ syscalls | join(',') }} -F auid&gt;=1000
        -F auid!=unset -F key=delete
      create: true
      mode: g-rwx,o-rwx
      state: present
    when: syscalls_found | length == 0

  - name: Declare list of syscalls
    ansible.builtin.set_fact:
      syscalls:
      - unlink
      syscall_grouping:
      - unlink
      - unlinkat
      - rename
      - renameat
      - renameat2
      - rmdir

  - name: Check existence of unlink in /etc/audit/audit.rules
    ansible.builtin.find:
      paths: /etc/audit
      contains: -a always,exit -F arch=b64(( -S |,)\w+)*(( -S |,){{ item }})+(( -S
        |,)\w+)* -F auid&gt;=1000 -F auid!=unset (-k\s+|-F\s+key=)\S+\s*$
      patterns: audit.rules
    register: find_command
    loop: '{{ (syscall_grouping + syscalls) | unique }}'

  - name: Set path to /etc/audit/audit.rules
    ansible.builtin.set_fact: audit_file="/etc/audit/audit.rules"

  - name: Declare found syscalls
    ansible.builtin.set_fact: syscalls_found="{{ find_command.results | selectattr('matched')
      | map(attribute='item') | list }}"

  - name: Declare missing syscalls
    ansible.builtin.set_fact: missing_syscalls="{{ syscalls | difference(syscalls_found)
      }}"

  - name: Replace the audit rule in {{ audit_file }}
    ansible.builtin.lineinfile:
      path: '{{ audit_file }}'
      regexp: (-a always,exit -F arch=b64)(?=.*(?:(?:-S |,)(?:{{ syscalls_found |
        join("|") }}))\b)((?:( -S |,)\w+)+)( -F auid&gt;=1000 -F auid!=unset (?:-k |-F
        key=)\w+)
      line: \1\2\3{{ missing_syscalls | join("\3") }}\4
      backrefs: true
      state: present
      mode: g-rwx,o-rwx
    when: syscalls_found | length &gt; 0 and missing_syscalls | length &gt; 0

  - name: Add the audit rule to {{ audit_file }}
    ansible.builtin.lineinfile:
      path: '{{ audit_file }}'
      line: -a always,exit -F arch=b64 -S {{ syscalls | join(',') }} -F auid&gt;=1000
        -F auid!=unset -F key=delete
      create: true
      mode: g-rwx,o-rwx
      state: present
    when: syscalls_found | length == 0
  when:
  - '"audit" in ansible_facts.packages'
  - ("kernel-default" in ansible_facts.packages or "kernel-default-base" in ansible_facts.packages)
  - not ( ansible_architecture == "aarch64" )
  - audit_arch == "b64"
  tags:
  - CCE-85771-4
  - NIST-800-171-3.1.7
  - NIST-800-53-AU-12(c)
  - NIST-800-53-AU-2(d)
  - NIST-800-53-CM-6(a)
  - PCI-DSS-Req-10.2.7
  - PCI-DSSv4-10.2
  - PCI-DSSv4-10.2.1
  - PCI-DSSv4-10.2.1.7
  - audit_rules_file_deletion_events_unlink
  - low_complexity
  - low_disruption
  - medium_severity
  - reboot_required
  - restrict_strategy
</fix>
          <check system="http://oval.mitre.org/XMLSchema/oval-definitions-5">
            <check-content-ref name="oval:ssg-audit_rules_file_deletion_events_unlink:def:1" href="ssg-sle15-oval.xml"/>
          </check>
          <check system="http://scap.nist.gov/schema/ocil/2">
            <check-content-ref name="ocil:ssg-audit_rules_file_deletion_events_unlink_ocil:questionnaire:1" href="ssg-sle15-ocil.xml"/>
          </check>
        </Rule>
        <Rule id="xccdf_org.ssgproject.content_rule_audit_rules_file_deletion_events_unlinkat" selected="false" role="full" severity="medium">
          <title xmlns:xhtml="http://www.w3.org/1999/xhtml" xml:lang="en-US">Ensure auditd Collects File Deletion Events by User - unlinkat</title>
          <description xmlns:xhtml="http://www.w3.org/1999/xhtml" xml:lang="en-US">At a minimum, the audit system should collect file deletion events
for all users and root. If the <html:code xmlns:html="http://www.w3.org/1999/xhtml">auditd</html:code> daemon is configured to use the
<html:code xmlns:html="http://www.w3.org/1999/xhtml">augenrules</html:code> program to read audit rules during daemon startup (the
default), add the following line to a file with suffix <html:code xmlns:html="http://www.w3.org/1999/xhtml">.rules</html:code> in the
directory <html:code xmlns:html="http://www.w3.org/1999/xhtml">/etc/audit/rules.d</html:code>, setting ARCH to either b32 for 32-bit
system, or having two lines for both b32 and b64 in case your system is 64-bit:
<html:pre xmlns:html="http://www.w3.org/1999/xhtml">-a always,exit -F arch=ARCH -S unlinkat -F auid&gt;=1000 -F auid!=unset -F key=delete</html:pre>
If the <html:code xmlns:html="http://www.w3.org/1999/xhtml">auditd</html:code> daemon is configured to use the <html:code xmlns:html="http://www.w3.org/1999/xhtml">auditctl</html:code>
utility to read audit rules during daemon startup, add the following line to
<html:code xmlns:html="http://www.w3.org/1999/xhtml">/etc/audit/audit.rules</html:code> file, setting ARCH to either b32 for 32-bit
system, or having two lines for both b32 and b64 in case your system is 64-bit:
<html:pre xmlns:html="http://www.w3.org/1999/xhtml">-a always,exit -F arch=ARCH -S unlinkat -F auid&gt;=1000 -F auid!=unset -F key=delete</html:pre>
       </description>
          <reference href="https://www.cisecurity.org/controls/">1</reference>
          <reference href="https://www.cisecurity.org/controls/">11</reference>
          <reference href="https://www.cisecurity.org/controls/">12</reference>
          <reference href="https://www.cisecurity.org/controls/">13</reference>
          <reference href="https://www.cisecurity.org/controls/">14</reference>
          <reference href="https://www.cisecurity.org/controls/">15</reference>
          <reference href="https://www.cisecurity.org/controls/">16</reference>
          <reference href="https://www.cisecurity.org/controls/">19</reference>
          <reference href="https://www.cisecurity.org/controls/">2</reference>
          <reference href="https://www.cisecurity.org/controls/">3</reference>
          <reference href="https://www.cisecurity.org/controls/">4</reference>
          <reference href="https://www.cisecurity.org/controls/">5</reference>
          <reference href="https://www.cisecurity.org/controls/">6</reference>
          <reference href="https://www.cisecurity.org/controls/">7</reference>
          <reference href="https://www.cisecurity.org/controls/">8</reference>
          <reference href="https://www.cisecurity.org/controls/">9</reference>
          <reference href="https://www.isaca.org/resources/cobit">APO10.01</reference>
          <reference href="https://www.isaca.org/resources/cobit">APO10.03</reference>
          <reference href="https://www.isaca.org/resources/cobit">APO10.04</reference>
          <reference href="https://www.isaca.org/resources/cobit">APO10.05</reference>
          <reference href="https://www.isaca.org/resources/cobit">APO11.04</reference>
          <reference href="https://www.isaca.org/resources/cobit">APO12.06</reference>
          <reference href="https://www.isaca.org/resources/cobit">APO13.01</reference>
          <reference href="https://www.isaca.org/resources/cobit">BAI03.05</reference>
          <reference href="https://www.isaca.org/resources/cobit">BAI08.02</reference>
          <reference href="https://www.isaca.org/resources/cobit">DSS01.03</reference>
          <reference href="https://www.isaca.org/resources/cobit">DSS01.04</reference>
          <reference href="https://www.isaca.org/resources/cobit">DSS02.02</reference>
          <reference href="https://www.isaca.org/resources/cobit">DSS02.04</reference>
          <reference href="https://www.isaca.org/resources/cobit">DSS02.07</reference>
          <reference href="https://www.isaca.org/resources/cobit">DSS03.01</reference>
          <reference href="https://www.isaca.org/resources/cobit">DSS03.05</reference>
          <reference href="https://www.isaca.org/resources/cobit">DSS05.02</reference>
          <reference href="https://www.isaca.org/resources/cobit">DSS05.03</reference>
          <reference href="https://www.isaca.org/resources/cobit">DSS05.04</reference>
          <reference href="https://www.isaca.org/resources/cobit">DSS05.05</reference>
          <reference href="https://www.isaca.org/resources/cobit">DSS05.07</reference>
          <reference href="https://www.isaca.org/resources/cobit">MEA01.01</reference>
          <reference href="https://www.isaca.org/resources/cobit">MEA01.02</reference>
          <reference href="https://www.isaca.org/resources/cobit">MEA01.03</reference>
          <reference href="https://www.isaca.org/resources/cobit">MEA01.04</reference>
          <reference href="https://www.isaca.org/resources/cobit">MEA01.05</reference>
          <reference href="https://www.isaca.org/resources/cobit">MEA02.01</reference>
          <reference href="http://nvlpubs.nist.gov/nistpubs/SpecialPublications/NIST.SP.800-171.pdf">3.1.7</reference>
          <reference href="https://www.gpo.gov/fdsys/pkg/CFR-2007-title45-vol1/pdf/CFR-2007-title45-vol1-chapA-subchapC.pdf">164.308(a)(1)(ii)(D)</reference>
          <reference href="https://www.gpo.gov/fdsys/pkg/CFR-2007-title45-vol1/pdf/CFR-2007-title45-vol1-chapA-subchapC.pdf">164.308(a)(3)(ii)(A)</reference>
          <reference href="https://www.gpo.gov/fdsys/pkg/CFR-2007-title45-vol1/pdf/CFR-2007-title45-vol1-chapA-subchapC.pdf">164.308(a)(5)(ii)(C)</reference>
          <reference href="https://www.gpo.gov/fdsys/pkg/CFR-2007-title45-vol1/pdf/CFR-2007-title45-vol1-chapA-subchapC.pdf">164.312(a)(2)(i)</reference>
          <reference href="https://www.gpo.gov/fdsys/pkg/CFR-2007-title45-vol1/pdf/CFR-2007-title45-vol1-chapA-subchapC.pdf">164.312(b)</reference>
          <reference href="https://www.gpo.gov/fdsys/pkg/CFR-2007-title45-vol1/pdf/CFR-2007-title45-vol1-chapA-subchapC.pdf">164.312(d)</reference>
          <reference href="https://www.gpo.gov/fdsys/pkg/CFR-2007-title45-vol1/pdf/CFR-2007-title45-vol1-chapA-subchapC.pdf">164.312(e)</reference>
          <reference href="https://www.isa.org/products/isa-62443-2-1-2009-security-for-industrial-automat">4.2.3.10</reference>
          <reference href="https://www.isa.org/products/isa-62443-2-1-2009-security-for-industrial-automat">4.3.2.6.7</reference>
          <reference href="https://www.isa.org/products/isa-62443-2-1-2009-security-for-industrial-automat">4.3.3.3.9</reference>
          <reference href="https://www.isa.org/products/isa-62443-2-1-2009-security-for-industrial-automat">4.3.3.5.8</reference>
          <reference href="https://www.isa.org/products/isa-62443-2-1-2009-security-for-industrial-automat">4.3.3.6.5</reference>
          <reference href="https://www.isa.org/products/isa-62443-2-1-2009-security-for-industrial-automat">4.3.3.6.6</reference>
          <reference href="https://www.isa.org/products/isa-62443-2-1-2009-security-for-industrial-automat">4.3.3.6.7</reference>
          <reference href="https://www.isa.org/products/isa-62443-2-1-2009-security-for-industrial-automat">4.3.3.6.8</reference>
          <reference href="https://www.isa.org/products/isa-62443-2-1-2009-security-for-industrial-automat">4.3.4.4.7</reference>
          <reference href="https://www.isa.org/products/isa-62443-2-1-2009-security-for-industrial-automat">4.3.4.5.6</reference>
          <reference href="https://www.isa.org/products/isa-62443-2-1-2009-security-for-industrial-automat">4.3.4.5.7</reference>
          <reference href="https://www.isa.org/products/isa-62443-2-1-2009-security-for-industrial-automat">4.3.4.5.8</reference>
          <reference href="https://www.isa.org/products/isa-62443-2-1-2009-security-for-industrial-automat">4.4.2.1</reference>
          <reference href="https://www.isa.org/products/isa-62443-2-1-2009-security-for-industrial-automat">4.4.2.2</reference>
          <reference href="https://www.isa.org/products/isa-62443-2-1-2009-security-for-industrial-automat">4.4.2.4</reference>
          <reference href="https://www.isa.org/products/ansi-isa-62443-3-3-99-03-03-2013-security-for-indu">SR 1.13</reference>
          <reference href="https://www.isa.org/products/ansi-isa-62443-3-3-99-03-03-2013-security-for-indu">SR 2.10</reference>
          <reference href="https://www.isa.org/products/ansi-isa-62443-3-3-99-03-03-2013-security-for-indu">SR 2.11</reference>
          <reference href="https://www.isa.org/products/ansi-isa-62443-3-3-99-03-03-2013-security-for-indu">SR 2.12</reference>
          <reference href="https://www.isa.org/products/ansi-isa-62443-3-3-99-03-03-2013-security-for-indu">SR 2.6</reference>
          <reference href="https://www.isa.org/products/ansi-isa-62443-3-3-99-03-03-2013-security-for-indu">SR 2.8</reference>
          <reference href="https://www.isa.org/products/ansi-isa-62443-3-3-99-03-03-2013-security-for-indu">SR 2.9</reference>
          <reference href="https://www.isa.org/products/ansi-isa-62443-3-3-99-03-03-2013-security-for-indu">SR 3.1</reference>
          <reference href="https://www.isa.org/products/ansi-isa-62443-3-3-99-03-03-2013-security-for-indu">SR 3.5</reference>
          <reference href="https://www.isa.org/products/ansi-isa-62443-3-3-99-03-03-2013-security-for-indu">SR 3.8</reference>
          <reference href="https://www.isa.org/products/ansi-isa-62443-3-3-99-03-03-2013-security-for-indu">SR 4.1</reference>
          <reference href="https://www.isa.org/products/ansi-isa-62443-3-3-99-03-03-2013-security-for-indu">SR 4.3</reference>
          <reference href="https://www.isa.org/products/ansi-isa-62443-3-3-99-03-03-2013-security-for-indu">SR 5.1</reference>
          <reference href="https://www.isa.org/products/ansi-isa-62443-3-3-99-03-03-2013-security-for-indu">SR 5.2</reference>
          <reference href="https://www.isa.org/products/ansi-isa-62443-3-3-99-03-03-2013-security-for-indu">SR 5.3</reference>
          <reference href="https://www.isa.org/products/ansi-isa-62443-3-3-99-03-03-2013-security-for-indu">SR 6.1</reference>
          <reference href="https://www.isa.org/products/ansi-isa-62443-3-3-99-03-03-2013-security-for-indu">SR 6.2</reference>
          <reference href="https://www.isa.org/products/ansi-isa-62443-3-3-99-03-03-2013-security-for-indu">SR 7.1</reference>
          <reference href="https://www.isa.org/products/ansi-isa-62443-3-3-99-03-03-2013-security-for-indu">SR 7.6</reference>
          <reference href="https://www.iso.org/contents/data/standard/05/45/54534.html">A.11.2.4</reference>
          <reference href="https://www.iso.org/contents/data/standard/05/45/54534.html">A.11.2.6</reference>
          <reference href="https://www.iso.org/contents/data/standard/05/45/54534.html">A.12.4.1</reference>
          <reference href="https://www.iso.org/contents/data/standard/05/45/54534.html">A.12.4.2</reference>
          <reference href="https://www.iso.org/contents/data/standard/05/45/54534.html">A.12.4.3</reference>
          <reference href="https://www.iso.org/contents/data/standard/05/45/54534.html">A.12.4.4</reference>
          <reference href="https://www.iso.org/contents/data/standard/05/45/54534.html">A.12.7.1</reference>
          <reference href="https://www.iso.org/contents/data/standard/05/45/54534.html">A.13.1.1</reference>
          <reference href="https://www.iso.org/contents/data/standard/05/45/54534.html">A.13.2.1</reference>
          <reference href="https://www.iso.org/contents/data/standard/05/45/54534.html">A.14.1.3</reference>
          <reference href="https://www.iso.org/contents/data/standard/05/45/54534.html">A.14.2.7</reference>
          <reference href="https://www.iso.org/contents/data/standard/05/45/54534.html">A.15.1.1</reference>
          <reference href="https://www.iso.org/contents/data/standard/05/45/54534.html">A.15.2.1</reference>
          <reference href="https://www.iso.org/contents/data/standard/05/45/54534.html">A.15.2.2</reference>
          <reference href="https://www.iso.org/contents/data/standard/05/45/54534.html">A.16.1.4</reference>
          <reference href="https://www.iso.org/contents/data/standard/05/45/54534.html">A.16.1.5</reference>
          <reference href="https://www.iso.org/contents/data/standard/05/45/54534.html">A.16.1.7</reference>
          <reference href="https://www.iso.org/contents/data/standard/05/45/54534.html">A.6.2.1</reference>
          <reference href="https://www.iso.org/contents/data/standard/05/45/54534.html">A.6.2.2</reference>
          <reference href="http://nvlpubs.nist.gov/nistpubs/SpecialPublications/NIST.SP.800-53r4.pdf">AU-2(d)</reference>
          <reference href="http://nvlpubs.nist.gov/nistpubs/SpecialPublications/NIST.SP.800-53r4.pdf">AU-12(c)</reference>
          <reference href="http://nvlpubs.nist.gov/nistpubs/SpecialPublications/NIST.SP.800-53r4.pdf">CM-6(a)</reference>
          <reference href="https://nvlpubs.nist.gov/nistpubs/CSWP/NIST.CSWP.04162018.pdf">DE.AE-3</reference>
          <reference href="https://nvlpubs.nist.gov/nistpubs/CSWP/NIST.CSWP.04162018.pdf">DE.AE-5</reference>
          <reference href="https://nvlpubs.nist.gov/nistpubs/CSWP/NIST.CSWP.04162018.pdf">DE.CM-1</reference>
          <reference href="https://nvlpubs.nist.gov/nistpubs/CSWP/NIST.CSWP.04162018.pdf">DE.CM-3</reference>
          <reference href="https://nvlpubs.nist.gov/nistpubs/CSWP/NIST.CSWP.04162018.pdf">DE.CM-7</reference>
          <reference href="https://nvlpubs.nist.gov/nistpubs/CSWP/NIST.CSWP.04162018.pdf">ID.SC-4</reference>
          <reference href="https://nvlpubs.nist.gov/nistpubs/CSWP/NIST.CSWP.04162018.pdf">PR.AC-3</reference>
          <reference href="https://nvlpubs.nist.gov/nistpubs/CSWP/NIST.CSWP.04162018.pdf">PR.MA-2</reference>
          <reference href="https://nvlpubs.nist.gov/nistpubs/CSWP/NIST.CSWP.04162018.pdf">PR.PT-1</reference>
          <reference href="https://nvlpubs.nist.gov/nistpubs/CSWP/NIST.CSWP.04162018.pdf">PR.PT-4</reference>
          <reference href="https://nvlpubs.nist.gov/nistpubs/CSWP/NIST.CSWP.04162018.pdf">RS.AN-1</reference>
          <reference href="https://nvlpubs.nist.gov/nistpubs/CSWP/NIST.CSWP.04162018.pdf">RS.AN-4</reference>
          <reference href="https://www.pcisecuritystandards.org/documents/PCI_DSS_v3-2-1.pdf">Req-10.2.7</reference>
          <reference href="https://www.cyber.mil/stigs/downloads/?_dl_facet_stigs=operating-systems%2Cgeneral-purpose-os">SRG-OS-000037-GPOS-00015</reference>
          <reference href="https://www.cyber.mil/stigs/downloads/?_dl_facet_stigs=operating-systems%2Cgeneral-purpose-os">SRG-OS-000042-GPOS-00020</reference>
          <reference href="https://www.cyber.mil/stigs/downloads/?_dl_facet_stigs=operating-systems%2Cgeneral-purpose-os">SRG-OS-000062-GPOS-00031</reference>
          <reference href="https://www.cyber.mil/stigs/downloads/?_dl_facet_stigs=operating-systems%2Cgeneral-purpose-os">SRG-OS-000392-GPOS-00172</reference>
          <reference href="https://www.cyber.mil/stigs/downloads/?_dl_facet_stigs=operating-systems%2Cgeneral-purpose-os">SRG-OS-000462-GPOS-00206</reference>
          <reference href="https://www.cyber.mil/stigs/downloads/?_dl_facet_stigs=operating-systems%2Cgeneral-purpose-os">SRG-OS-000471-GPOS-00215</reference>
          <reference href="https://www.cyber.mil/stigs/downloads/?_dl_facet_stigs=operating-systems%2Cgeneral-purpose-os">SRG-OS-000466-GPOS-00210</reference>
          <reference href="https://www.cyber.mil/stigs/downloads/?_dl_facet_stigs=operating-systems%2Cgeneral-purpose-os">SRG-OS-000467-GPOS-00211</reference>
          <reference href="https://www.cyber.mil/stigs/downloads/?_dl_facet_stigs=operating-systems%2Cgeneral-purpose-os">SRG-OS-000468-GPOS-00212</reference>
          <reference href="https://www.cyber.mil/stigs/downloads/?_dl_facet_stigs=app-security">SRG-APP-000495-CTR-001235</reference>
          <reference href="https://www.cyber.mil/stigs/downloads/?_dl_facet_stigs=app-security">SRG-APP-000499-CTR-001255</reference>
          <reference href="https://www.cyber.mil/stigs/downloads/?_dl_facet_stigs=app-security">SRG-APP-000501-CTR-001265</reference>
          <reference href="https://www.cyber.mil/stigs/downloads/?_dl_facet_stigs=app-security">SRG-APP-000502-CTR-001270</reference>
          <reference href="https://www.cisecurity.org/benchmark/suse_linux/">4.1.13</reference>
          <reference href="https://cyber.gouv.fr/sites/default/files/document/linux_configuration-en-v2.pdf">R73</reference>
          <reference href="not_publicly_available">SLES-15-750450315</reference>
          <reference href="https://docs-prv.pcisecuritystandards.org/PCI%20DSS/Standard/PCI-DSS-v4_0.pdf">10.2.1.7</reference>
          <reference href="https://docs-prv.pcisecuritystandards.org/PCI%20DSS/Standard/PCI-DSS-v4_0.pdf">10.2.1</reference>
          <reference href="https://docs-prv.pcisecuritystandards.org/PCI%20DSS/Standard/PCI-DSS-v4_0.pdf">10.2</reference>
          <rationale xmlns:xhtml="http://www.w3.org/1999/xhtml" xml:lang="en-US">Auditing file deletions will create an audit trail for files that are removed
from the system. The audit trail could aid in system troubleshooting, as well as, detecting
malicious processes that attempt to delete log files to conceal their presence.</rationale>
          <ident system="https://ncp.nist.gov/cce">CCE-85772-2</ident>
          <fix xmlns:xhtml="http://www.w3.org/1999/xhtml" id="audit_rules_file_deletion_events_unlinkat" system="urn:xccdf:fix:script:sh"># Remediation is applicable only in certain platforms
if rpm --quiet -q audit &amp;&amp; rpm --quiet -q kernel-default || rpm --quiet -q kernel-default-base; then

# First perform the remediation of the syscall rule
# Retrieve hardware architecture of the underlying system
[ "$(getconf LONG_BIT)" = "32" ] &amp;&amp; RULE_ARCHS=("b32") || RULE_ARCHS=("b32" "b64")

for ARCH in "${RULE_ARCHS[@]}"
do
	ACTION_ARCH_FILTERS="-a always,exit -F arch=$ARCH"
	OTHER_FILTERS=""
	AUID_FILTERS="-F auid&gt;=1000 -F auid!=unset"
	SYSCALL="unlinkat"
	KEY="delete"
	SYSCALL_GROUPING="unlink unlinkat rename renameat renameat2 rmdir"
	# Perform the remediation for both possible tools: 'auditctl' and 'augenrules'
	unset syscall_a
unset syscall_grouping
unset syscall_string
unset syscall
unset file_to_edit
unset rule_to_edit
unset rule_syscalls_to_edit
unset other_string
unset auid_string
unset full_rule

# Load macro arguments into arrays
read -a syscall_a &lt;&lt;&lt; $SYSCALL
read -a syscall_grouping &lt;&lt;&lt; $SYSCALL_GROUPING

# Create a list of audit *.rules files that should be inspected for presence and correctness
# of a particular audit rule. The scheme is as follows:
#
# -----------------------------------------------------------------------------------------
#  Tool used to load audit rules | Rule already defined  |  Audit rules file to inspect    |
# -----------------------------------------------------------------------------------------
#        auditctl                |     Doesn't matter    |  /etc/audit/audit.rules         |
# -----------------------------------------------------------------------------------------
#        augenrules              |          Yes          |  /etc/audit/rules.d/*.rules     |
#        augenrules              |          No           |  /etc/audit/rules.d/$key.rules  |
# -----------------------------------------------------------------------------------------
#
files_to_inspect=()

# If audit tool is 'augenrules', then check if the audit rule is defined
# If rule is defined, add '/etc/audit/rules.d/*.rules' to the list for inspection
# If rule isn't defined yet, add '/etc/audit/rules.d/$key.rules' to the list for inspection
default_file="/etc/audit/rules.d/$KEY.rules"
# As other_filters may include paths, lets use a different delimiter for it
# The "F" script expression tells sed to print the filenames where the expressions matched
readarray -t files_to_inspect &lt; &lt;(sed -s -n -e "/^$ACTION_ARCH_FILTERS/!d" -e "\#$OTHER_FILTERS#!d" -e "/$AUID_FILTERS/!d" -e "F" /etc/audit/rules.d/*.rules)
# Case when particular rule isn't defined in /etc/audit/rules.d/*.rules yet
if [ ${#files_to_inspect[@]} -eq "0" ]
then
    file_to_inspect="/etc/audit/rules.d/$KEY.rules"
    files_to_inspect=("$file_to_inspect")
    if [ ! -e "$file_to_inspect" ]
    then
        touch "$file_to_inspect"
        chmod 0600 "$file_to_inspect"
    fi
fi

# After converting to jinja, we cannot return; therefore we skip the rest of the macro if needed instead
skip=1

for audit_file in "${files_to_inspect[@]}"
do
    # Filter existing $audit_file rules' definitions to select those that satisfy the rule pattern,
    # i.e, collect rules that match:
    # * the action, list and arch, (2-nd argument)
    # * the other filters, (3-rd argument)
    # * the auid filters, (4-rd argument)
    readarray -t similar_rules &lt; &lt;(sed -e "/^$ACTION_ARCH_FILTERS/!d"  -e "\#$OTHER_FILTERS#!d" -e "/$AUID_FILTERS/!d" "$audit_file")

    candidate_rules=()
    # Filter out rules that have more fields then required. This will remove rules more specific than the required scope
    for s_rule in "${similar_rules[@]}"
    do
        # Strip all the options and fields we know of,
        # than check if there was any field left over
        extra_fields=$(sed -E -e "s/^$ACTION_ARCH_FILTERS//"  -e "s#$OTHER_FILTERS##" -e "s/$AUID_FILTERS//" -e "s/((:?-S [[:alnum:],]+)+)//g" -e "s/-F key=\w+|-k \w+//"&lt;&lt;&lt; "$s_rule")
        grep -q -- "-F" &lt;&lt;&lt; "$extra_fields" || candidate_rules+=("$s_rule")
    done

    if [[ ${#syscall_a[@]} -ge 1 ]]
    then
        # Check if the syscall we want is present in any of the similar existing rules
        for rule in "${candidate_rules[@]}"
        do
            rule_syscalls=$(echo "$rule" | grep -o -P '(-S [\w,]+)+' | xargs)
            all_syscalls_found=0
            for syscall in "${syscall_a[@]}"
            do
                grep -q -- "\b${syscall}\b" &lt;&lt;&lt; "$rule_syscalls" || {
                   # A syscall was not found in the candidate rule
                   all_syscalls_found=1
                   }
            done
            if [[ $all_syscalls_found -eq 0 ]]
            then
                # We found a rule with all the syscall(s) we want; skip rest of macro
                skip=0
                break
            fi

            # Check if this rule can be grouped with our target syscall and keep track of it
            for syscall_g in "${syscall_grouping[@]}"
            do
                if grep -q -- "\b${syscall_g}\b" &lt;&lt;&lt; "$rule_syscalls"
                then
                    file_to_edit=${audit_file}
                    rule_to_edit=${rule}
                    rule_syscalls_to_edit=${rule_syscalls}
                fi
            done
        done
    else
        # If there is any candidate rule, it is compliant; skip rest of macro
        if [ "${#candidate_rules[@]}" -gt 0 ]
        then
            skip=0
        fi
    fi

    if [ "$skip" -eq 0 ]; then
        break
    fi
done

if [ "$skip" -ne 0 ]; then
    # We checked all rules that matched the expected resemblance pattern (action, arch &amp; auid)
    # At this point we know if we need to either append the $full_rule or group
    # the syscall together with an exsiting rule

    # Append the full_rule if it cannot be grouped to any other rule
    if [ -z ${rule_to_edit+x} ]
    then
        # Build full_rule while avoid adding double spaces when other_filters is empty
        if [ "${#syscall_a[@]}" -gt 0 ]
        then
            syscall_string=""
            for syscall in "${syscall_a[@]}"
            do
                syscall_string+=" -S $syscall"
            done
        fi
        other_string=$([[ $OTHER_FILTERS ]] &amp;&amp; echo " $OTHER_FILTERS") || /bin/true
        auid_string=$([[ $AUID_FILTERS ]] &amp;&amp; echo " $AUID_FILTERS") || /bin/true
        full_rule="$ACTION_ARCH_FILTERS${syscall_string}${other_string}${auid_string} -F key=$KEY" || /bin/true
        echo "$full_rule" &gt;&gt; "$default_file"
        chmod 0600 ${default_file}
    else
        # Check if the syscalls are declared as a comma separated list or
        # as multiple -S parameters
        if grep -q -- "," &lt;&lt;&lt; "${rule_syscalls_to_edit}"
        then
            delimiter=","
        else
            delimiter=" -S "
        fi
        new_grouped_syscalls="${rule_syscalls_to_edit}"
        for syscall in "${syscall_a[@]}"
        do
            grep -q -- "\b${syscall}\b" &lt;&lt;&lt; "${rule_syscalls_to_edit}" || {
               # A syscall was not found in the candidate rule
               new_grouped_syscalls+="${delimiter}${syscall}"
               }
        done

        # Group the syscall in the rule
        sed -i -e "\#${rule_to_edit}#s#${rule_syscalls_to_edit}#${new_grouped_syscalls}#" "$file_to_edit"
    fi
fi
	unset syscall_a
unset syscall_grouping
unset syscall_string
unset syscall
unset file_to_edit
unset rule_to_edit
unset rule_syscalls_to_edit
unset other_string
unset auid_string
unset full_rule

# Load macro arguments into arrays
read -a syscall_a &lt;&lt;&lt; $SYSCALL
read -a syscall_grouping &lt;&lt;&lt; $SYSCALL_GROUPING

# Create a list of audit *.rules files that should be inspected for presence and correctness
# of a particular audit rule. The scheme is as follows:
#
# -----------------------------------------------------------------------------------------
#  Tool used to load audit rules | Rule already defined  |  Audit rules file to inspect    |
# -----------------------------------------------------------------------------------------
#        auditctl                |     Doesn't matter    |  /etc/audit/audit.rules         |
# -----------------------------------------------------------------------------------------
#        augenrules              |          Yes          |  /etc/audit/rules.d/*.rules     |
#        augenrules              |          No           |  /etc/audit/rules.d/$key.rules  |
# -----------------------------------------------------------------------------------------
#
files_to_inspect=()


# If audit tool is 'auditctl', then add '/etc/audit/audit.rules'
# file to the list of files to be inspected
default_file="/etc/audit/audit.rules"
files_to_inspect+=('/etc/audit/audit.rules' )

# After converting to jinja, we cannot return; therefore we skip the rest of the macro if needed instead
skip=1

for audit_file in "${files_to_inspect[@]}"
do
    # Filter existing $audit_file rules' definitions to select those that satisfy the rule pattern,
    # i.e, collect rules that match:
    # * the action, list and arch, (2-nd argument)
    # * the other filters, (3-rd argument)
    # * the auid filters, (4-rd argument)
    readarray -t similar_rules &lt; &lt;(sed -e "/^$ACTION_ARCH_FILTERS/!d"  -e "\#$OTHER_FILTERS#!d" -e "/$AUID_FILTERS/!d" "$audit_file")

    candidate_rules=()
    # Filter out rules that have more fields then required. This will remove rules more specific than the required scope
    for s_rule in "${similar_rules[@]}"
    do
        # Strip all the options and fields we know of,
        # than check if there was any field left over
        extra_fields=$(sed -E -e "s/^$ACTION_ARCH_FILTERS//"  -e "s#$OTHER_FILTERS##" -e "s/$AUID_FILTERS//" -e "s/((:?-S [[:alnum:],]+)+)//g" -e "s/-F key=\w+|-k \w+//"&lt;&lt;&lt; "$s_rule")
        grep -q -- "-F" &lt;&lt;&lt; "$extra_fields" || candidate_rules+=("$s_rule")
    done

    if [[ ${#syscall_a[@]} -ge 1 ]]
    then
        # Check if the syscall we want is present in any of the similar existing rules
        for rule in "${candidate_rules[@]}"
        do
            rule_syscalls=$(echo "$rule" | grep -o -P '(-S [\w,]+)+' | xargs)
            all_syscalls_found=0
            for syscall in "${syscall_a[@]}"
            do
                grep -q -- "\b${syscall}\b" &lt;&lt;&lt; "$rule_syscalls" || {
                   # A syscall was not found in the candidate rule
                   all_syscalls_found=1
                   }
            done
            if [[ $all_syscalls_found -eq 0 ]]
            then
                # We found a rule with all the syscall(s) we want; skip rest of macro
                skip=0
                break
            fi

            # Check if this rule can be grouped with our target syscall and keep track of it
            for syscall_g in "${syscall_grouping[@]}"
            do
                if grep -q -- "\b${syscall_g}\b" &lt;&lt;&lt; "$rule_syscalls"
                then
                    file_to_edit=${audit_file}
                    rule_to_edit=${rule}
                    rule_syscalls_to_edit=${rule_syscalls}
                fi
            done
        done
    else
        # If there is any candidate rule, it is compliant; skip rest of macro
        if [ "${#candidate_rules[@]}" -gt 0 ]
        then
            skip=0
        fi
    fi

    if [ "$skip" -eq 0 ]; then
        break
    fi
done

if [ "$skip" -ne 0 ]; then
    # We checked all rules that matched the expected resemblance pattern (action, arch &amp; auid)
    # At this point we know if we need to either append the $full_rule or group
    # the syscall together with an exsiting rule

    # Append the full_rule if it cannot be grouped to any other rule
    if [ -z ${rule_to_edit+x} ]
    then
        # Build full_rule while avoid adding double spaces when other_filters is empty
        if [ "${#syscall_a[@]}" -gt 0 ]
        then
            syscall_string=""
            for syscall in "${syscall_a[@]}"
            do
                syscall_string+=" -S $syscall"
            done
        fi
        other_string=$([[ $OTHER_FILTERS ]] &amp;&amp; echo " $OTHER_FILTERS") || /bin/true
        auid_string=$([[ $AUID_FILTERS ]] &amp;&amp; echo " $AUID_FILTERS") || /bin/true
        full_rule="$ACTION_ARCH_FILTERS${syscall_string}${other_string}${auid_string} -F key=$KEY" || /bin/true
        echo "$full_rule" &gt;&gt; "$default_file"
        chmod 0600 ${default_file}
    else
        # Check if the syscalls are declared as a comma separated list or
        # as multiple -S parameters
        if grep -q -- "," &lt;&lt;&lt; "${rule_syscalls_to_edit}"
        then
            delimiter=","
        else
            delimiter=" -S "
        fi
        new_grouped_syscalls="${rule_syscalls_to_edit}"
        for syscall in "${syscall_a[@]}"
        do
            grep -q -- "\b${syscall}\b" &lt;&lt;&lt; "${rule_syscalls_to_edit}" || {
               # A syscall was not found in the candidate rule
               new_grouped_syscalls+="${delimiter}${syscall}"
               }
        done

        # Group the syscall in the rule
        sed -i -e "\#${rule_to_edit}#s#${rule_syscalls_to_edit}#${new_grouped_syscalls}#" "$file_to_edit"
    fi
fi
done

else
    &gt;&amp;2 echo 'Remediation is not applicable, nothing was done'
fi
</fix>
          <fix xmlns:xhtml="http://www.w3.org/1999/xhtml" id="audit_rules_file_deletion_events_unlinkat" system="urn:xccdf:fix:script:ansible" reboot="true" complexity="low" disruption="low" strategy="restrict">- name: Gather the package facts
  package_facts:
    manager: auto
  tags:
  - CCE-85772-2
  - NIST-800-171-3.1.7
  - NIST-800-53-AU-12(c)
  - NIST-800-53-AU-2(d)
  - NIST-800-53-CM-6(a)
  - PCI-DSS-Req-10.2.7
  - PCI-DSSv4-10.2
  - PCI-DSSv4-10.2.1
  - PCI-DSSv4-10.2.1.7
  - audit_rules_file_deletion_events_unlinkat
  - low_complexity
  - low_disruption
  - medium_severity
  - reboot_required
  - restrict_strategy

- name: Set architecture for audit unlinkat tasks
  ansible.builtin.set_fact:
    audit_arch: b64
  when:
  - '"audit" in ansible_facts.packages'
  - ("kernel-default" in ansible_facts.packages or "kernel-default-base" in ansible_facts.packages)
  - ansible_architecture == "aarch64" or ansible_architecture == "ppc64" or ansible_architecture
    == "ppc64le" or ansible_architecture == "s390x" or ansible_architecture == "x86_64"
  tags:
  - CCE-85772-2
  - NIST-800-171-3.1.7
  - NIST-800-53-AU-12(c)
  - NIST-800-53-AU-2(d)
  - NIST-800-53-CM-6(a)
  - PCI-DSS-Req-10.2.7
  - PCI-DSSv4-10.2
  - PCI-DSSv4-10.2.1
  - PCI-DSSv4-10.2.1.7
  - audit_rules_file_deletion_events_unlinkat
  - low_complexity
  - low_disruption
  - medium_severity
  - reboot_required
  - restrict_strategy

- name: Perform remediation of Audit rules for unlinkat for 32bit platform
  block:

  - name: Declare list of syscalls
    ansible.builtin.set_fact:
      syscalls:
      - unlinkat
      syscall_grouping:
      - unlink
      - unlinkat
      - rename
      - renameat
      - renameat2
      - rmdir

  - name: Check existence of unlinkat in /etc/audit/rules.d/
    ansible.builtin.find:
      paths: /etc/audit/rules.d
      contains: -a always,exit -F arch=b32(( -S |,)\w+)*(( -S |,){{ item }})+(( -S
        |,)\w+)* -F auid&gt;=1000 -F auid!=unset (-k\s+|-F\s+key=)\S+\s*$
      patterns: '*.rules'
    register: find_command
    loop: '{{ (syscall_grouping + syscalls) | unique }}'

  - name: Reset syscalls found per file
    ansible.builtin.set_fact:
      syscalls_per_file: {}
      found_paths_dict: {}

  - name: Declare syscalls found per file
    ansible.builtin.set_fact: syscalls_per_file="{{ syscalls_per_file | combine( {item.files[0].path
      :[item.item] + syscalls_per_file.get(item.files[0].path, []) } ) }}"
    loop: '{{ find_command.results | selectattr(''matched'') | list }}'

  - name: Declare files where syscalls were found
    ansible.builtin.set_fact: found_paths="{{ find_command.results | map(attribute='files')
      | flatten | map(attribute='path') | list }}"

  - name: Count occurrences of syscalls in paths
    ansible.builtin.set_fact: found_paths_dict="{{ found_paths_dict | combine({ item:1+found_paths_dict.get(item,
      0) }) }}"
    loop: '{{ find_command.results | map(attribute=''files'') | flatten | map(attribute=''path'')
      | list }}'

  - name: Get path with most syscalls
    ansible.builtin.set_fact: audit_file="{{ (found_paths_dict | dict2items() | sort(attribute='value')
      | last).key }}"
    when: found_paths | length &gt;= 1

  - name: No file with syscall found, set path to /etc/audit/rules.d/delete.rules
    ansible.builtin.set_fact: audit_file="/etc/audit/rules.d/delete.rules"
    when: found_paths | length == 0

  - name: Declare found syscalls
    ansible.builtin.set_fact: syscalls_found="{{ find_command.results | selectattr('matched')
      | map(attribute='item') | list }}"

  - name: Declare missing syscalls
    ansible.builtin.set_fact: missing_syscalls="{{ syscalls | difference(syscalls_found)
      }}"

  - name: Replace the audit rule in {{ audit_file }}
    ansible.builtin.lineinfile:
      path: '{{ audit_file }}'
      regexp: (-a always,exit -F arch=b32)(?=.*(?:(?:-S |,)(?:{{ syscalls_per_file[audit_file]
        | join("|") }}))\b)((?:( -S |,)\w+)+)( -F auid&gt;=1000 -F auid!=unset (?:-k
        |-F key=)\w+)
      line: \1\2\3{{ missing_syscalls | join("\3") }}\4
      backrefs: true
      state: present
      mode: g-rwx,o-rwx
    when: syscalls_found | length &gt; 0 and missing_syscalls | length &gt; 0

  - name: Add the audit rule to {{ audit_file }}
    ansible.builtin.lineinfile:
      path: '{{ audit_file }}'
      line: -a always,exit -F arch=b32 -S {{ syscalls | join(',') }} -F auid&gt;=1000
        -F auid!=unset -F key=delete
      create: true
      mode: g-rwx,o-rwx
      state: present
    when: syscalls_found | length == 0

  - name: Declare list of syscalls
    ansible.builtin.set_fact:
      syscalls:
      - unlinkat
      syscall_grouping:
      - unlink
      - unlinkat
      - rename
      - renameat
      - renameat2
      - rmdir

  - name: Check existence of unlinkat in /etc/audit/audit.rules
    ansible.builtin.find:
      paths: /etc/audit
      contains: -a always,exit -F arch=b32(( -S |,)\w+)*(( -S |,){{ item }})+(( -S
        |,)\w+)* -F auid&gt;=1000 -F auid!=unset (-k\s+|-F\s+key=)\S+\s*$
      patterns: audit.rules
    register: find_command
    loop: '{{ (syscall_grouping + syscalls) | unique }}'

  - name: Set path to /etc/audit/audit.rules
    ansible.builtin.set_fact: audit_file="/etc/audit/audit.rules"

  - name: Declare found syscalls
    ansible.builtin.set_fact: syscalls_found="{{ find_command.results | selectattr('matched')
      | map(attribute='item') | list }}"

  - name: Declare missing syscalls
    ansible.builtin.set_fact: missing_syscalls="{{ syscalls | difference(syscalls_found)
      }}"

  - name: Replace the audit rule in {{ audit_file }}
    ansible.builtin.lineinfile:
      path: '{{ audit_file }}'
      regexp: (-a always,exit -F arch=b32)(?=.*(?:(?:-S |,)(?:{{ syscalls_found |
        join("|") }}))\b)((?:( -S |,)\w+)+)( -F auid&gt;=1000 -F auid!=unset (?:-k |-F
        key=)\w+)
      line: \1\2\3{{ missing_syscalls | join("\3") }}\4
      backrefs: true
      state: present
      mode: g-rwx,o-rwx
    when: syscalls_found | length &gt; 0 and missing_syscalls | length &gt; 0

  - name: Add the audit rule to {{ audit_file }}
    ansible.builtin.lineinfile:
      path: '{{ audit_file }}'
      line: -a always,exit -F arch=b32 -S {{ syscalls | join(',') }} -F auid&gt;=1000
        -F auid!=unset -F key=delete
      create: true
      mode: g-rwx,o-rwx
      state: present
    when: syscalls_found | length == 0
  when:
  - '"audit" in ansible_facts.packages'
  - ("kernel-default" in ansible_facts.packages or "kernel-default-base" in ansible_facts.packages)
  tags:
  - CCE-85772-2
  - NIST-800-171-3.1.7
  - NIST-800-53-AU-12(c)
  - NIST-800-53-AU-2(d)
  - NIST-800-53-CM-6(a)
  - PCI-DSS-Req-10.2.7
  - PCI-DSSv4-10.2
  - PCI-DSSv4-10.2.1
  - PCI-DSSv4-10.2.1.7
  - audit_rules_file_deletion_events_unlinkat
  - low_complexity
  - low_disruption
  - medium_severity
  - reboot_required
  - restrict_strategy

- name: Perform remediation of Audit rules for unlinkat for 64bit platform
  block:

  - name: Declare list of syscalls
    ansible.builtin.set_fact:
      syscalls:
      - unlinkat
      syscall_grouping:
      - unlink
      - unlinkat
      - rename
      - renameat
      - renameat2
      - rmdir

  - name: Check existence of unlinkat in /etc/audit/rules.d/
    ansible.builtin.find:
      paths: /etc/audit/rules.d
      contains: -a always,exit -F arch=b64(( -S |,)\w+)*(( -S |,){{ item }})+(( -S
        |,)\w+)* -F auid&gt;=1000 -F auid!=unset (-k\s+|-F\s+key=)\S+\s*$
      patterns: '*.rules'
    register: find_command
    loop: '{{ (syscall_grouping + syscalls) | unique }}'

  - name: Reset syscalls found per file
    ansible.builtin.set_fact:
      syscalls_per_file: {}
      found_paths_dict: {}

  - name: Declare syscalls found per file
    ansible.builtin.set_fact: syscalls_per_file="{{ syscalls_per_file | combine( {item.files[0].path
      :[item.item] + syscalls_per_file.get(item.files[0].path, []) } ) }}"
    loop: '{{ find_command.results | selectattr(''matched'') | list }}'

  - name: Declare files where syscalls were found
    ansible.builtin.set_fact: found_paths="{{ find_command.results | map(attribute='files')
      | flatten | map(attribute='path') | list }}"

  - name: Count occurrences of syscalls in paths
    ansible.builtin.set_fact: found_paths_dict="{{ found_paths_dict | combine({ item:1+found_paths_dict.get(item,
      0) }) }}"
    loop: '{{ find_command.results | map(attribute=''files'') | flatten | map(attribute=''path'')
      | list }}'

  - name: Get path with most syscalls
    ansible.builtin.set_fact: audit_file="{{ (found_paths_dict | dict2items() | sort(attribute='value')
      | last).key }}"
    when: found_paths | length &gt;= 1

  - name: No file with syscall found, set path to /etc/audit/rules.d/delete.rules
    ansible.builtin.set_fact: audit_file="/etc/audit/rules.d/delete.rules"
    when: found_paths | length == 0

  - name: Declare found syscalls
    ansible.builtin.set_fact: syscalls_found="{{ find_command.results | selectattr('matched')
      | map(attribute='item') | list }}"

  - name: Declare missing syscalls
    ansible.builtin.set_fact: missing_syscalls="{{ syscalls | difference(syscalls_found)
      }}"

  - name: Replace the audit rule in {{ audit_file }}
    ansible.builtin.lineinfile:
      path: '{{ audit_file }}'
      regexp: (-a always,exit -F arch=b64)(?=.*(?:(?:-S |,)(?:{{ syscalls_per_file[audit_file]
        | join("|") }}))\b)((?:( -S |,)\w+)+)( -F auid&gt;=1000 -F auid!=unset (?:-k
        |-F key=)\w+)
      line: \1\2\3{{ missing_syscalls | join("\3") }}\4
      backrefs: true
      state: present
      mode: g-rwx,o-rwx
    when: syscalls_found | length &gt; 0 and missing_syscalls | length &gt; 0

  - name: Add the audit rule to {{ audit_file }}
    ansible.builtin.lineinfile:
      path: '{{ audit_file }}'
      line: -a always,exit -F arch=b64 -S {{ syscalls | join(',') }} -F auid&gt;=1000
        -F auid!=unset -F key=delete
      create: true
      mode: g-rwx,o-rwx
      state: present
    when: syscalls_found | length == 0

  - name: Declare list of syscalls
    ansible.builtin.set_fact:
      syscalls:
      - unlinkat
      syscall_grouping:
      - unlink
      - unlinkat
      - rename
      - renameat
      - renameat2
      - rmdir

  - name: Check existence of unlinkat in /etc/audit/audit.rules
    ansible.builtin.find:
      paths: /etc/audit
      contains: -a always,exit -F arch=b64(( -S |,)\w+)*(( -S |,){{ item }})+(( -S
        |,)\w+)* -F auid&gt;=1000 -F auid!=unset (-k\s+|-F\s+key=)\S+\s*$
      patterns: audit.rules
    register: find_command
    loop: '{{ (syscall_grouping + syscalls) | unique }}'

  - name: Set path to /etc/audit/audit.rules
    ansible.builtin.set_fact: audit_file="/etc/audit/audit.rules"

  - name: Declare found syscalls
    ansible.builtin.set_fact: syscalls_found="{{ find_command.results | selectattr('matched')
      | map(attribute='item') | list }}"

  - name: Declare missing syscalls
    ansible.builtin.set_fact: missing_syscalls="{{ syscalls | difference(syscalls_found)
      }}"

  - name: Replace the audit rule in {{ audit_file }}
    ansible.builtin.lineinfile:
      path: '{{ audit_file }}'
      regexp: (-a always,exit -F arch=b64)(?=.*(?:(?:-S |,)(?:{{ syscalls_found |
        join("|") }}))\b)((?:( -S |,)\w+)+)( -F auid&gt;=1000 -F auid!=unset (?:-k |-F
        key=)\w+)
      line: \1\2\3{{ missing_syscalls | join("\3") }}\4
      backrefs: true
      state: present
      mode: g-rwx,o-rwx
    when: syscalls_found | length &gt; 0 and missing_syscalls | length &gt; 0

  - name: Add the audit rule to {{ audit_file }}
    ansible.builtin.lineinfile:
      path: '{{ audit_file }}'
      line: -a always,exit -F arch=b64 -S {{ syscalls | join(',') }} -F auid&gt;=1000
        -F auid!=unset -F key=delete
      create: true
      mode: g-rwx,o-rwx
      state: present
    when: syscalls_found | length == 0
  when:
  - '"audit" in ansible_facts.packages'
  - ("kernel-default" in ansible_facts.packages or "kernel-default-base" in ansible_facts.packages)
  - audit_arch == "b64"
  tags:
  - CCE-85772-2
  - NIST-800-171-3.1.7
  - NIST-800-53-AU-12(c)
  - NIST-800-53-AU-2(d)
  - NIST-800-53-CM-6(a)
  - PCI-DSS-Req-10.2.7
  - PCI-DSSv4-10.2
  - PCI-DSSv4-10.2.1
  - PCI-DSSv4-10.2.1.7
  - audit_rules_file_deletion_events_unlinkat
  - low_complexity
  - low_disruption
  - medium_severity
  - reboot_required
  - restrict_strategy
</fix>
          <check system="http://oval.mitre.org/XMLSchema/oval-definitions-5">
            <check-content-ref name="oval:ssg-audit_rules_file_deletion_events_unlinkat:def:1" href="ssg-sle15-oval.xml"/>
          </check>
          <check system="http://scap.nist.gov/schema/ocil/2">
            <check-content-ref name="ocil:ssg-audit_rules_file_deletion_events_unlinkat_ocil:questionnaire:1" href="ssg-sle15-ocil.xml"/>
          </check>
        </Rule>
      </Group>
      <Group id="xccdf_org.ssgproject.content_group_audit_file_modification">
        <title xmlns:xhtml="http://www.w3.org/1999/xhtml" xml:lang="en-US">Record Unauthorized Access Attempts Events to Files (unsuccessful)</title>
        <description xmlns:xhtml="http://www.w3.org/1999/xhtml" xml:lang="en-US">At a minimum, the audit system should collect unauthorized file
accesses for all users and root. Note that the "-F arch=b32" lines should be
present even on a 64 bit system. These commands identify system calls for
auditing. Even if the system is 64 bit it can still execute 32 bit system
calls. Additionally, these rules can be configured in a number of ways while
still achieving the desired effect. An example of this is that the "-S" calls
could be split up and placed on separate lines, however, this is less efficient.
Add the following to <html:code xmlns:html="http://www.w3.org/1999/xhtml">/etc/audit/audit.rules</html:code>:
<html:pre xmlns:html="http://www.w3.org/1999/xhtml">-a always,exit -F arch=b32 -S creat,open,openat,open_by_handle_at,truncate,ftruncate -F exit=-EACCES -F auid&gt;=1000 -F auid!=unset -F key=access
    -a always,exit -F arch=b32 -S creat,open,openat,open_by_handle_at,truncate,ftruncate -F exit=-EPERM -F auid&gt;=1000 -F auid!=unset -F key=access</html:pre>
If your system is 64 bit then these lines should be duplicated and the
arch=b32 replaced with arch=b64 as follows:
<html:pre xmlns:html="http://www.w3.org/1999/xhtml">-a always,exit -F arch=b64 -S creat,open,openat,open_by_handle_at,truncate,ftruncate -F exit=-EACCES -F auid&gt;=1000 -F auid!=unset -F key=access
    -a always,exit -F arch=b64 -S creat,open,openat,open_by_handle_at,truncate,ftruncate -F exit=-EPERM -F auid&gt;=1000 -F auid!=unset -F key=access</html:pre>
      </description>
        <Rule id="xccdf_org.ssgproject.content_rule_audit_rules_successful_file_modification_chmod" selected="false" role="full" severity="medium">
          <title xmlns:xhtml="http://www.w3.org/1999/xhtml" xml:lang="en-US">Record Successful Permission Changes to Files - chmod</title>
          <description xmlns:xhtml="http://www.w3.org/1999/xhtml" xml:lang="en-US">At a minimum, the audit system should collect file permission changes
for all users and root. If the <html:code xmlns:html="http://www.w3.org/1999/xhtml">auditd</html:code> daemon is configured
to use the <html:code xmlns:html="http://www.w3.org/1999/xhtml">augenrules</html:code> program to read audit rules during daemon
startup (the default), add the following lines to a file with suffix
<html:code xmlns:html="http://www.w3.org/1999/xhtml">.rules</html:code> in the directory <html:code xmlns:html="http://www.w3.org/1999/xhtml">/etc/audit/rules.d</html:code>:

<html:pre xmlns:html="http://www.w3.org/1999/xhtml">-a always,exit -F arch=b32 -S chmod -F success=1 -F auid&gt;=1000 -F auid!=unset -F key=successful-perm-change</html:pre>

If the system is 64 bit then also add the following lines:
<html:pre xmlns:html="http://www.w3.org/1999/xhtml">-a always,exit -F arch=b64 -S chmod -F success=1 -F auid&gt;=1000 -F auid!=unset -F key=successful-perm-change</html:pre>

If the <html:code xmlns:html="http://www.w3.org/1999/xhtml">auditd</html:code> daemon is configured to use the <html:code xmlns:html="http://www.w3.org/1999/xhtml">auditctl</html:code>
utility to read audit rules during daemon startup, add the following lines to
<html:code xmlns:html="http://www.w3.org/1999/xhtml">/etc/audit/audit.rules</html:code> file:
<html:pre xmlns:html="http://www.w3.org/1999/xhtml">-a always,exit -F arch=b32 -S chmod -F success=1 -F auid&gt;=1000 -F auid!=unset -F key=successful-perm-change</html:pre>

If the system is 64 bit then also add the following lines:
<html:pre xmlns:html="http://www.w3.org/1999/xhtml">-a always,exit -F arch=b64 -S chmod -F success=1 -F auid&gt;=1000 -F auid!=unset -F key=successful-perm-change</html:pre>
       </description>
          <warning xmlns:xhtml="http://www.w3.org/1999/xhtml" xml:lang="en-US" category="general">Note that these rules can be configured in a
number of ways while still achieving the desired effect. Here the system calls
have been placed independent of other system calls. Grouping these system
calls with others as identifying earlier in this guide is more efficient.</warning>
          <rationale xmlns:xhtml="http://www.w3.org/1999/xhtml" xml:lang="en-US">File permission changes could be an indicator of malicious activity on a system. Auditing
these events could serve as evidence of potential system compromise.</rationale>
          <platform idref="#not_aarch64_arch"/>
          <check system="http://scap.nist.gov/schema/ocil/2">
            <check-content-ref name="ocil:ssg-audit_rules_successful_file_modification_chmod_ocil:questionnaire:1" href="ssg-sle15-ocil.xml"/>
          </check>
        </Rule>
        <Rule id="xccdf_org.ssgproject.content_rule_audit_rules_unsuccessful_file_modification" selected="false" role="full" severity="medium">
          <title xmlns:xhtml="http://www.w3.org/1999/xhtml" xml:lang="en-US">Ensure auditd Collects Unauthorized Access Attempts to Files (unsuccessful)</title>
          <description xmlns:xhtml="http://www.w3.org/1999/xhtml" xml:lang="en-US">At a minimum the audit system should collect unauthorized file
accesses for all users and root. If the <html:code xmlns:html="http://www.w3.org/1999/xhtml">auditd</html:code> daemon is configured
to use the <html:code xmlns:html="http://www.w3.org/1999/xhtml">augenrules</html:code> program to read audit rules during daemon
startup (the default), add the following lines to a file with suffix
<html:code xmlns:html="http://www.w3.org/1999/xhtml">.rules</html:code> in the directory <html:code xmlns:html="http://www.w3.org/1999/xhtml">/etc/audit/rules.d</html:code>:
<html:pre xmlns:html="http://www.w3.org/1999/xhtml">-a always,exit -F arch=b32 -S creat,open,openat,open_by_handle_at,truncate,ftruncate -F exit=-EACCES -F auid&gt;=1000 -F auid!=unset -F key=access
-a always,exit -F arch=b32 -S creat,open,openat,open_by_handle_at,truncate,ftruncate -F exit=-EPERM -F auid&gt;=1000 -F auid!=unset -F key=access</html:pre>
If the system is 64 bit then also add the following lines:
<html:pre xmlns:html="http://www.w3.org/1999/xhtml">
-a always,exit -F arch=b64 -S creat,open,openat,open_by_handle_at,truncate,ftruncate -F exit=-EACCES -F auid&gt;=1000 -F auid!=unset -F key=access
-a always,exit -F arch=b64 -S creat,open,openat,open_by_handle_at,truncate,ftruncate -F exit=-EPERM -F auid&gt;=1000 -F auid!=unset -F key=access</html:pre>
If the <html:code xmlns:html="http://www.w3.org/1999/xhtml">auditd</html:code> daemon is configured to use the <html:code xmlns:html="http://www.w3.org/1999/xhtml">auditctl</html:code>
utility to read audit rules during daemon startup, add the following lines to
<html:code xmlns:html="http://www.w3.org/1999/xhtml">/etc/audit/audit.rules</html:code> file:
<html:pre xmlns:html="http://www.w3.org/1999/xhtml">-a always,exit -F arch=b32 -S creat,open,openat,open_by_handle_at,truncate,ftruncate -F exit=-EACCES -F auid&gt;=1000 -F auid!=unset -F key=access
-a always,exit -F arch=b32 -S creat,open,openat,open_by_handle_at,truncate,ftruncate -F exit=-EPERM -F auid&gt;=1000 -F auid!=unset -F key=access</html:pre>
If the system is 64 bit then also add the following lines:
<html:pre xmlns:html="http://www.w3.org/1999/xhtml">
-a always,exit -F arch=b64 -S creat,open,openat,open_by_handle_at,truncate,ftruncate -F exit=-EACCES -F auid&gt;=1000 -F auid!=unset -F key=access
-a always,exit -F arch=b64 -S creat,open,openat,open_by_handle_at,truncate,ftruncate -F exit=-EPERM -F auid&gt;=1000 -F auid!=unset -F key=access</html:pre>
       </description>
          <warning xmlns:xhtml="http://www.w3.org/1999/xhtml" xml:lang="en-US" category="general">This rule checks for multiple syscalls related to unsuccessful file modification;
it was written with DISA STIG in mind. Other policies should use a
separate rule for each syscall that needs to be checked. For example:
<html:ul xmlns:html="http://www.w3.org/1999/xhtml"><html:li><html:code>audit_rules_unsuccessful_file_modification_open</html:code></html:li><html:li><html:code>audit_rules_unsuccessful_file_modification_ftruncate</html:code></html:li><html:li><html:code>audit_rules_unsuccessful_file_modification_creat</html:code></html:li></html:ul>
       </warning>
          <reference href="https://www.cisecurity.org/controls/">1</reference>
          <reference href="https://www.cisecurity.org/controls/">11</reference>
          <reference href="https://www.cisecurity.org/controls/">12</reference>
          <reference href="https://www.cisecurity.org/controls/">13</reference>
          <reference href="https://www.cisecurity.org/controls/">14</reference>
          <reference href="https://www.cisecurity.org/controls/">15</reference>
          <reference href="https://www.cisecurity.org/controls/">16</reference>
          <reference href="https://www.cisecurity.org/controls/">19</reference>
          <reference href="https://www.cisecurity.org/controls/">2</reference>
          <reference href="https://www.cisecurity.org/controls/">3</reference>
          <reference href="https://www.cisecurity.org/controls/">4</reference>
          <reference href="https://www.cisecurity.org/controls/">5</reference>
          <reference href="https://www.cisecurity.org/controls/">6</reference>
          <reference href="https://www.cisecurity.org/controls/">7</reference>
          <reference href="https://www.cisecurity.org/controls/">8</reference>
          <reference href="https://www.cisecurity.org/controls/">9</reference>
          <reference href="https://www.fbi.gov/file-repository/cjis-security-policy-v5_5_20160601-2-1.pdf">5.4.1.1</reference>
          <reference href="https://www.isaca.org/resources/cobit">APO10.01</reference>
          <reference href="https://www.isaca.org/resources/cobit">APO10.03</reference>
          <reference href="https://www.isaca.org/resources/cobit">APO10.04</reference>
          <reference href="https://www.isaca.org/resources/cobit">APO10.05</reference>
          <reference href="https://www.isaca.org/resources/cobit">APO11.04</reference>
          <reference href="https://www.isaca.org/resources/cobit">APO12.06</reference>
          <reference href="https://www.isaca.org/resources/cobit">APO13.01</reference>
          <reference href="https://www.isaca.org/resources/cobit">BAI03.05</reference>
          <reference href="https://www.isaca.org/resources/cobit">BAI08.02</reference>
          <reference href="https://www.isaca.org/resources/cobit">DSS01.03</reference>
          <reference href="https://www.isaca.org/resources/cobit">DSS01.04</reference>
          <reference href="https://www.isaca.org/resources/cobit">DSS02.02</reference>
          <reference href="https://www.isaca.org/resources/cobit">DSS02.04</reference>
          <reference href="https://www.isaca.org/resources/cobit">DSS02.07</reference>
          <reference href="https://www.isaca.org/resources/cobit">DSS03.01</reference>
          <reference href="https://www.isaca.org/resources/cobit">DSS03.05</reference>
          <reference href="https://www.isaca.org/resources/cobit">DSS05.02</reference>
          <reference href="https://www.isaca.org/resources/cobit">DSS05.03</reference>
          <reference href="https://www.isaca.org/resources/cobit">DSS05.04</reference>
          <reference href="https://www.isaca.org/resources/cobit">DSS05.05</reference>
          <reference href="https://www.isaca.org/resources/cobit">DSS05.07</reference>
          <reference href="https://www.isaca.org/resources/cobit">MEA01.01</reference>
          <reference href="https://www.isaca.org/resources/cobit">MEA01.02</reference>
          <reference href="https://www.isaca.org/resources/cobit">MEA01.03</reference>
          <reference href="https://www.isaca.org/resources/cobit">MEA01.04</reference>
          <reference href="https://www.isaca.org/resources/cobit">MEA01.05</reference>
          <reference href="https://www.isaca.org/resources/cobit">MEA02.01</reference>
          <reference href="http://nvlpubs.nist.gov/nistpubs/SpecialPublications/NIST.SP.800-171.pdf">3.1.7</reference>
          <reference href="https://www.isa.org/products/isa-62443-2-1-2009-security-for-industrial-automat">4.2.3.10</reference>
          <reference href="https://www.isa.org/products/isa-62443-2-1-2009-security-for-industrial-automat">4.3.2.6.7</reference>
          <reference href="https://www.isa.org/products/isa-62443-2-1-2009-security-for-industrial-automat">4.3.3.3.9</reference>
          <reference href="https://www.isa.org/products/isa-62443-2-1-2009-security-for-industrial-automat">4.3.3.5.8</reference>
          <reference href="https://www.isa.org/products/isa-62443-2-1-2009-security-for-industrial-automat">4.3.3.6.6</reference>
          <reference href="https://www.isa.org/products/isa-62443-2-1-2009-security-for-industrial-automat">4.3.4.4.7</reference>
          <reference href="https://www.isa.org/products/isa-62443-2-1-2009-security-for-industrial-automat">4.3.4.5.6</reference>
          <reference href="https://www.isa.org/products/isa-62443-2-1-2009-security-for-industrial-automat">4.3.4.5.7</reference>
          <reference href="https://www.isa.org/products/isa-62443-2-1-2009-security-for-industrial-automat">4.3.4.5.8</reference>
          <reference href="https://www.isa.org/products/isa-62443-2-1-2009-security-for-industrial-automat">4.4.2.1</reference>
          <reference href="https://www.isa.org/products/isa-62443-2-1-2009-security-for-industrial-automat">4.4.2.2</reference>
          <reference href="https://www.isa.org/products/isa-62443-2-1-2009-security-for-industrial-automat">4.4.2.4</reference>
          <reference href="https://www.isa.org/products/ansi-isa-62443-3-3-99-03-03-2013-security-for-indu">SR 1.13</reference>
          <reference href="https://www.isa.org/products/ansi-isa-62443-3-3-99-03-03-2013-security-for-indu">SR 2.10</reference>
          <reference href="https://www.isa.org/products/ansi-isa-62443-3-3-99-03-03-2013-security-for-indu">SR 2.11</reference>
          <reference href="https://www.isa.org/products/ansi-isa-62443-3-3-99-03-03-2013-security-for-indu">SR 2.12</reference>
          <reference href="https://www.isa.org/products/ansi-isa-62443-3-3-99-03-03-2013-security-for-indu">SR 2.6</reference>
          <reference href="https://www.isa.org/products/ansi-isa-62443-3-3-99-03-03-2013-security-for-indu">SR 2.8</reference>
          <reference href="https://www.isa.org/products/ansi-isa-62443-3-3-99-03-03-2013-security-for-indu">SR 2.9</reference>
          <reference href="https://www.isa.org/products/ansi-isa-62443-3-3-99-03-03-2013-security-for-indu">SR 3.1</reference>
          <reference href="https://www.isa.org/products/ansi-isa-62443-3-3-99-03-03-2013-security-for-indu">SR 3.5</reference>
          <reference href="https://www.isa.org/products/ansi-isa-62443-3-3-99-03-03-2013-security-for-indu">SR 3.8</reference>
          <reference href="https://www.isa.org/products/ansi-isa-62443-3-3-99-03-03-2013-security-for-indu">SR 4.1</reference>
          <reference href="https://www.isa.org/products/ansi-isa-62443-3-3-99-03-03-2013-security-for-indu">SR 4.3</reference>
          <reference href="https://www.isa.org/products/ansi-isa-62443-3-3-99-03-03-2013-security-for-indu">SR 5.1</reference>
          <reference href="https://www.isa.org/products/ansi-isa-62443-3-3-99-03-03-2013-security-for-indu">SR 5.2</reference>
          <reference href="https://www.isa.org/products/ansi-isa-62443-3-3-99-03-03-2013-security-for-indu">SR 5.3</reference>
          <reference href="https://www.isa.org/products/ansi-isa-62443-3-3-99-03-03-2013-security-for-indu">SR 6.1</reference>
          <reference href="https://www.isa.org/products/ansi-isa-62443-3-3-99-03-03-2013-security-for-indu">SR 6.2</reference>
          <reference href="https://www.isa.org/products/ansi-isa-62443-3-3-99-03-03-2013-security-for-indu">SR 7.1</reference>
          <reference href="https://www.isa.org/products/ansi-isa-62443-3-3-99-03-03-2013-security-for-indu">SR 7.6</reference>
          <reference href="https://www.iso.org/contents/data/standard/05/45/54534.html">A.11.2.6</reference>
          <reference href="https://www.iso.org/contents/data/standard/05/45/54534.html">A.12.4.1</reference>
          <reference href="https://www.iso.org/contents/data/standard/05/45/54534.html">A.12.4.2</reference>
          <reference href="https://www.iso.org/contents/data/standard/05/45/54534.html">A.12.4.3</reference>
          <reference href="https://www.iso.org/contents/data/standard/05/45/54534.html">A.12.4.4</reference>
          <reference href="https://www.iso.org/contents/data/standard/05/45/54534.html">A.12.7.1</reference>
          <reference href="https://www.iso.org/contents/data/standard/05/45/54534.html">A.13.1.1</reference>
          <reference href="https://www.iso.org/contents/data/standard/05/45/54534.html">A.13.2.1</reference>
          <reference href="https://www.iso.org/contents/data/standard/05/45/54534.html">A.14.1.3</reference>
          <reference href="https://www.iso.org/contents/data/standard/05/45/54534.html">A.14.2.7</reference>
          <reference href="https://www.iso.org/contents/data/standard/05/45/54534.html">A.15.2.1</reference>
          <reference href="https://www.iso.org/contents/data/standard/05/45/54534.html">A.15.2.2</reference>
          <reference href="https://www.iso.org/contents/data/standard/05/45/54534.html">A.16.1.4</reference>
          <reference href="https://www.iso.org/contents/data/standard/05/45/54534.html">A.16.1.5</reference>
          <reference href="https://www.iso.org/contents/data/standard/05/45/54534.html">A.16.1.7</reference>
          <reference href="https://www.iso.org/contents/data/standard/05/45/54534.html">A.6.2.1</reference>
          <reference href="https://www.iso.org/contents/data/standard/05/45/54534.html">A.6.2.2</reference>
          <reference href="http://nvlpubs.nist.gov/nistpubs/SpecialPublications/NIST.SP.800-53r4.pdf">AU-2(d)</reference>
          <reference href="http://nvlpubs.nist.gov/nistpubs/SpecialPublications/NIST.SP.800-53r4.pdf">AU-12(c)</reference>
          <reference href="http://nvlpubs.nist.gov/nistpubs/SpecialPublications/NIST.SP.800-53r4.pdf">CM-6(a)</reference>
          <reference href="https://nvlpubs.nist.gov/nistpubs/CSWP/NIST.CSWP.04162018.pdf">DE.AE-3</reference>
          <reference href="https://nvlpubs.nist.gov/nistpubs/CSWP/NIST.CSWP.04162018.pdf">DE.AE-5</reference>
          <reference href="https://nvlpubs.nist.gov/nistpubs/CSWP/NIST.CSWP.04162018.pdf">DE.CM-1</reference>
          <reference href="https://nvlpubs.nist.gov/nistpubs/CSWP/NIST.CSWP.04162018.pdf">DE.CM-3</reference>
          <reference href="https://nvlpubs.nist.gov/nistpubs/CSWP/NIST.CSWP.04162018.pdf">DE.CM-7</reference>
          <reference href="https://nvlpubs.nist.gov/nistpubs/CSWP/NIST.CSWP.04162018.pdf">ID.SC-4</reference>
          <reference href="https://nvlpubs.nist.gov/nistpubs/CSWP/NIST.CSWP.04162018.pdf">PR.AC-3</reference>
          <reference href="https://nvlpubs.nist.gov/nistpubs/CSWP/NIST.CSWP.04162018.pdf">PR.PT-1</reference>
          <reference href="https://nvlpubs.nist.gov/nistpubs/CSWP/NIST.CSWP.04162018.pdf">PR.PT-4</reference>
          <reference href="https://nvlpubs.nist.gov/nistpubs/CSWP/NIST.CSWP.04162018.pdf">RS.AN-1</reference>
          <reference href="https://nvlpubs.nist.gov/nistpubs/CSWP/NIST.CSWP.04162018.pdf">RS.AN-4</reference>
          <reference href="https://www.pcisecuritystandards.org/documents/PCI_DSS_v3-2-1.pdf">Req-10.2.4</reference>
          <reference href="https://www.pcisecuritystandards.org/documents/PCI_DSS_v3-2-1.pdf">Req-10.2.1</reference>
          <rationale xmlns:xhtml="http://www.w3.org/1999/xhtml" xml:lang="en-US">Unsuccessful attempts to access files could be an indicator of malicious activity on a system. Auditing
these events could serve as evidence of potential system compromise.</rationale>
          <platform idref="#not_aarch64_arch"/>
          <ident system="https://ncp.nist.gov/cce">CCE-91246-9</ident>
          <fix xmlns:xhtml="http://www.w3.org/1999/xhtml" id="audit_rules_unsuccessful_file_modification" system="urn:xccdf:fix:script:sh"># Remediation is applicable only in certain platforms
if rpm --quiet -q audit &amp;&amp; rpm --quiet -q kernel-default || rpm --quiet -q kernel-default-base &amp;&amp; { ! ( ( grep -sqE "^.*\.aarch64$" /proc/sys/kernel/osrelease || grep -sqE "^aarch64$" /proc/sys/kernel/arch; ) ); }; then

# Perform the remediation of the syscall rule
# Retrieve hardware architecture of the underlying system
[ "$(getconf LONG_BIT)" = "32" ] &amp;&amp; RULE_ARCHS=("b32") || RULE_ARCHS=("b32" "b64")

for ARCH in "${RULE_ARCHS[@]}"
do

	# First fix the -EACCES requirement
	ACTION_ARCH_FILTERS="-a always,exit -F arch=$ARCH"
	OTHER_FILTERS="-F exit=-EACCES"
	AUID_FILTERS="-F auid&gt;=1000 -F auid!=unset"
	SYSCALL="creat open openat open_by_handle_at truncate ftruncate"
	KEY="access"
	SYSCALL_GROUPING="creat open openat open_by_handle_at truncate ftruncate"
	# Perform the remediation for both possible tools: 'auditctl' and 'augenrules'
	unset syscall_a
unset syscall_grouping
unset syscall_string
unset syscall
unset file_to_edit
unset rule_to_edit
unset rule_syscalls_to_edit
unset other_string
unset auid_string
unset full_rule

# Load macro arguments into arrays
read -a syscall_a &lt;&lt;&lt; $SYSCALL
read -a syscall_grouping &lt;&lt;&lt; $SYSCALL_GROUPING

# Create a list of audit *.rules files that should be inspected for presence and correctness
# of a particular audit rule. The scheme is as follows:
#
# -----------------------------------------------------------------------------------------
#  Tool used to load audit rules | Rule already defined  |  Audit rules file to inspect    |
# -----------------------------------------------------------------------------------------
#        auditctl                |     Doesn't matter    |  /etc/audit/audit.rules         |
# -----------------------------------------------------------------------------------------
#        augenrules              |          Yes          |  /etc/audit/rules.d/*.rules     |
#        augenrules              |          No           |  /etc/audit/rules.d/$key.rules  |
# -----------------------------------------------------------------------------------------
#
files_to_inspect=()

# If audit tool is 'augenrules', then check if the audit rule is defined
# If rule is defined, add '/etc/audit/rules.d/*.rules' to the list for inspection
# If rule isn't defined yet, add '/etc/audit/rules.d/$key.rules' to the list for inspection
default_file="/etc/audit/rules.d/$KEY.rules"
# As other_filters may include paths, lets use a different delimiter for it
# The "F" script expression tells sed to print the filenames where the expressions matched
readarray -t files_to_inspect &lt; &lt;(sed -s -n -e "/^$ACTION_ARCH_FILTERS/!d" -e "\#$OTHER_FILTERS#!d" -e "/$AUID_FILTERS/!d" -e "F" /etc/audit/rules.d/*.rules)
# Case when particular rule isn't defined in /etc/audit/rules.d/*.rules yet
if [ ${#files_to_inspect[@]} -eq "0" ]
then
    file_to_inspect="/etc/audit/rules.d/$KEY.rules"
    files_to_inspect=("$file_to_inspect")
    if [ ! -e "$file_to_inspect" ]
    then
        touch "$file_to_inspect"
        chmod 0600 "$file_to_inspect"
    fi
fi

# After converting to jinja, we cannot return; therefore we skip the rest of the macro if needed instead
skip=1

for audit_file in "${files_to_inspect[@]}"
do
    # Filter existing $audit_file rules' definitions to select those that satisfy the rule pattern,
    # i.e, collect rules that match:
    # * the action, list and arch, (2-nd argument)
    # * the other filters, (3-rd argument)
    # * the auid filters, (4-rd argument)
    readarray -t similar_rules &lt; &lt;(sed -e "/^$ACTION_ARCH_FILTERS/!d"  -e "\#$OTHER_FILTERS#!d" -e "/$AUID_FILTERS/!d" "$audit_file")

    candidate_rules=()
    # Filter out rules that have more fields then required. This will remove rules more specific than the required scope
    for s_rule in "${similar_rules[@]}"
    do
        # Strip all the options and fields we know of,
        # than check if there was any field left over
        extra_fields=$(sed -E -e "s/^$ACTION_ARCH_FILTERS//"  -e "s#$OTHER_FILTERS##" -e "s/$AUID_FILTERS//" -e "s/((:?-S [[:alnum:],]+)+)//g" -e "s/-F key=\w+|-k \w+//"&lt;&lt;&lt; "$s_rule")
        grep -q -- "-F" &lt;&lt;&lt; "$extra_fields" || candidate_rules+=("$s_rule")
    done

    if [[ ${#syscall_a[@]} -ge 1 ]]
    then
        # Check if the syscall we want is present in any of the similar existing rules
        for rule in "${candidate_rules[@]}"
        do
            rule_syscalls=$(echo "$rule" | grep -o -P '(-S [\w,]+)+' | xargs)
            all_syscalls_found=0
            for syscall in "${syscall_a[@]}"
            do
                grep -q -- "\b${syscall}\b" &lt;&lt;&lt; "$rule_syscalls" || {
                   # A syscall was not found in the candidate rule
                   all_syscalls_found=1
                   }
            done
            if [[ $all_syscalls_found -eq 0 ]]
            then
                # We found a rule with all the syscall(s) we want; skip rest of macro
                skip=0
                break
            fi

            # Check if this rule can be grouped with our target syscall and keep track of it
            for syscall_g in "${syscall_grouping[@]}"
            do
                if grep -q -- "\b${syscall_g}\b" &lt;&lt;&lt; "$rule_syscalls"
                then
                    file_to_edit=${audit_file}
                    rule_to_edit=${rule}
                    rule_syscalls_to_edit=${rule_syscalls}
                fi
            done
        done
    else
        # If there is any candidate rule, it is compliant; skip rest of macro
        if [ "${#candidate_rules[@]}" -gt 0 ]
        then
            skip=0
        fi
    fi

    if [ "$skip" -eq 0 ]; then
        break
    fi
done

if [ "$skip" -ne 0 ]; then
    # We checked all rules that matched the expected resemblance pattern (action, arch &amp; auid)
    # At this point we know if we need to either append the $full_rule or group
    # the syscall together with an exsiting rule

    # Append the full_rule if it cannot be grouped to any other rule
    if [ -z ${rule_to_edit+x} ]
    then
        # Build full_rule while avoid adding double spaces when other_filters is empty
        if [ "${#syscall_a[@]}" -gt 0 ]
        then
            syscall_string=""
            for syscall in "${syscall_a[@]}"
            do
                syscall_string+=" -S $syscall"
            done
        fi
        other_string=$([[ $OTHER_FILTERS ]] &amp;&amp; echo " $OTHER_FILTERS") || /bin/true
        auid_string=$([[ $AUID_FILTERS ]] &amp;&amp; echo " $AUID_FILTERS") || /bin/true
        full_rule="$ACTION_ARCH_FILTERS${syscall_string}${other_string}${auid_string} -F key=$KEY" || /bin/true
        echo "$full_rule" &gt;&gt; "$default_file"
        chmod 0600 ${default_file}
    else
        # Check if the syscalls are declared as a comma separated list or
        # as multiple -S parameters
        if grep -q -- "," &lt;&lt;&lt; "${rule_syscalls_to_edit}"
        then
            delimiter=","
        else
            delimiter=" -S "
        fi
        new_grouped_syscalls="${rule_syscalls_to_edit}"
        for syscall in "${syscall_a[@]}"
        do
            grep -q -- "\b${syscall}\b" &lt;&lt;&lt; "${rule_syscalls_to_edit}" || {
               # A syscall was not found in the candidate rule
               new_grouped_syscalls+="${delimiter}${syscall}"
               }
        done

        # Group the syscall in the rule
        sed -i -e "\#${rule_to_edit}#s#${rule_syscalls_to_edit}#${new_grouped_syscalls}#" "$file_to_edit"
    fi
fi
	unset syscall_a
unset syscall_grouping
unset syscall_string
unset syscall
unset file_to_edit
unset rule_to_edit
unset rule_syscalls_to_edit
unset other_string
unset auid_string
unset full_rule

# Load macro arguments into arrays
read -a syscall_a &lt;&lt;&lt; $SYSCALL
read -a syscall_grouping &lt;&lt;&lt; $SYSCALL_GROUPING

# Create a list of audit *.rules files that should be inspected for presence and correctness
# of a particular audit rule. The scheme is as follows:
#
# -----------------------------------------------------------------------------------------
#  Tool used to load audit rules | Rule already defined  |  Audit rules file to inspect    |
# -----------------------------------------------------------------------------------------
#        auditctl                |     Doesn't matter    |  /etc/audit/audit.rules         |
# -----------------------------------------------------------------------------------------
#        augenrules              |          Yes          |  /etc/audit/rules.d/*.rules     |
#        augenrules              |          No           |  /etc/audit/rules.d/$key.rules  |
# -----------------------------------------------------------------------------------------
#
files_to_inspect=()


# If audit tool is 'auditctl', then add '/etc/audit/audit.rules'
# file to the list of files to be inspected
default_file="/etc/audit/audit.rules"
files_to_inspect+=('/etc/audit/audit.rules' )

# After converting to jinja, we cannot return; therefore we skip the rest of the macro if needed instead
skip=1

for audit_file in "${files_to_inspect[@]}"
do
    # Filter existing $audit_file rules' definitions to select those that satisfy the rule pattern,
    # i.e, collect rules that match:
    # * the action, list and arch, (2-nd argument)
    # * the other filters, (3-rd argument)
    # * the auid filters, (4-rd argument)
    readarray -t similar_rules &lt; &lt;(sed -e "/^$ACTION_ARCH_FILTERS/!d"  -e "\#$OTHER_FILTERS#!d" -e "/$AUID_FILTERS/!d" "$audit_file")

    candidate_rules=()
    # Filter out rules that have more fields then required. This will remove rules more specific than the required scope
    for s_rule in "${similar_rules[@]}"
    do
        # Strip all the options and fields we know of,
        # than check if there was any field left over
        extra_fields=$(sed -E -e "s/^$ACTION_ARCH_FILTERS//"  -e "s#$OTHER_FILTERS##" -e "s/$AUID_FILTERS//" -e "s/((:?-S [[:alnum:],]+)+)//g" -e "s/-F key=\w+|-k \w+//"&lt;&lt;&lt; "$s_rule")
        grep -q -- "-F" &lt;&lt;&lt; "$extra_fields" || candidate_rules+=("$s_rule")
    done

    if [[ ${#syscall_a[@]} -ge 1 ]]
    then
        # Check if the syscall we want is present in any of the similar existing rules
        for rule in "${candidate_rules[@]}"
        do
            rule_syscalls=$(echo "$rule" | grep -o -P '(-S [\w,]+)+' | xargs)
            all_syscalls_found=0
            for syscall in "${syscall_a[@]}"
            do
                grep -q -- "\b${syscall}\b" &lt;&lt;&lt; "$rule_syscalls" || {
                   # A syscall was not found in the candidate rule
                   all_syscalls_found=1
                   }
            done
            if [[ $all_syscalls_found -eq 0 ]]
            then
                # We found a rule with all the syscall(s) we want; skip rest of macro
                skip=0
                break
            fi

            # Check if this rule can be grouped with our target syscall and keep track of it
            for syscall_g in "${syscall_grouping[@]}"
            do
                if grep -q -- "\b${syscall_g}\b" &lt;&lt;&lt; "$rule_syscalls"
                then
                    file_to_edit=${audit_file}
                    rule_to_edit=${rule}
                    rule_syscalls_to_edit=${rule_syscalls}
                fi
            done
        done
    else
        # If there is any candidate rule, it is compliant; skip rest of macro
        if [ "${#candidate_rules[@]}" -gt 0 ]
        then
            skip=0
        fi
    fi

    if [ "$skip" -eq 0 ]; then
        break
    fi
done

if [ "$skip" -ne 0 ]; then
    # We checked all rules that matched the expected resemblance pattern (action, arch &amp; auid)
    # At this point we know if we need to either append the $full_rule or group
    # the syscall together with an exsiting rule

    # Append the full_rule if it cannot be grouped to any other rule
    if [ -z ${rule_to_edit+x} ]
    then
        # Build full_rule while avoid adding double spaces when other_filters is empty
        if [ "${#syscall_a[@]}" -gt 0 ]
        then
            syscall_string=""
            for syscall in "${syscall_a[@]}"
            do
                syscall_string+=" -S $syscall"
            done
        fi
        other_string=$([[ $OTHER_FILTERS ]] &amp;&amp; echo " $OTHER_FILTERS") || /bin/true
        auid_string=$([[ $AUID_FILTERS ]] &amp;&amp; echo " $AUID_FILTERS") || /bin/true
        full_rule="$ACTION_ARCH_FILTERS${syscall_string}${other_string}${auid_string} -F key=$KEY" || /bin/true
        echo "$full_rule" &gt;&gt; "$default_file"
        chmod 0600 ${default_file}
    else
        # Check if the syscalls are declared as a comma separated list or
        # as multiple -S parameters
        if grep -q -- "," &lt;&lt;&lt; "${rule_syscalls_to_edit}"
        then
            delimiter=","
        else
            delimiter=" -S "
        fi
        new_grouped_syscalls="${rule_syscalls_to_edit}"
        for syscall in "${syscall_a[@]}"
        do
            grep -q -- "\b${syscall}\b" &lt;&lt;&lt; "${rule_syscalls_to_edit}" || {
               # A syscall was not found in the candidate rule
               new_grouped_syscalls+="${delimiter}${syscall}"
               }
        done

        # Group the syscall in the rule
        sed -i -e "\#${rule_to_edit}#s#${rule_syscalls_to_edit}#${new_grouped_syscalls}#" "$file_to_edit"
    fi
fi

	# Then fix the -EPERM requirement
	# No need to change content of $GROUP variable - it's the same as for -EACCES case above
	ACTION_ARCH_FILTERS="-a always,exit -F arch=$ARCH"
	OTHER_FILTERS="-F exit=-EPERM"
	AUID_FILTERS="-F auid&gt;=1000 -F auid!=unset"
	SYSCALL="creat open openat open_by_handle_at truncate ftruncate"
	KEY="access"
	SYSCALL_GROUPING="creat open openat open_by_handle_at truncate ftruncate"
	# Perform the remediation for both possible tools: 'auditctl' and 'augenrules'
	unset syscall_a
unset syscall_grouping
unset syscall_string
unset syscall
unset file_to_edit
unset rule_to_edit
unset rule_syscalls_to_edit
unset other_string
unset auid_string
unset full_rule

# Load macro arguments into arrays
read -a syscall_a &lt;&lt;&lt; $SYSCALL
read -a syscall_grouping &lt;&lt;&lt; $SYSCALL_GROUPING

# Create a list of audit *.rules files that should be inspected for presence and correctness
# of a particular audit rule. The scheme is as follows:
#
# -----------------------------------------------------------------------------------------
#  Tool used to load audit rules | Rule already defined  |  Audit rules file to inspect    |
# -----------------------------------------------------------------------------------------
#        auditctl                |     Doesn't matter    |  /etc/audit/audit.rules         |
# -----------------------------------------------------------------------------------------
#        augenrules              |          Yes          |  /etc/audit/rules.d/*.rules     |
#        augenrules              |          No           |  /etc/audit/rules.d/$key.rules  |
# -----------------------------------------------------------------------------------------
#
files_to_inspect=()

# If audit tool is 'augenrules', then check if the audit rule is defined
# If rule is defined, add '/etc/audit/rules.d/*.rules' to the list for inspection
# If rule isn't defined yet, add '/etc/audit/rules.d/$key.rules' to the list for inspection
default_file="/etc/audit/rules.d/$KEY.rules"
# As other_filters may include paths, lets use a different delimiter for it
# The "F" script expression tells sed to print the filenames where the expressions matched
readarray -t files_to_inspect &lt; &lt;(sed -s -n -e "/^$ACTION_ARCH_FILTERS/!d" -e "\#$OTHER_FILTERS#!d" -e "/$AUID_FILTERS/!d" -e "F" /etc/audit/rules.d/*.rules)
# Case when particular rule isn't defined in /etc/audit/rules.d/*.rules yet
if [ ${#files_to_inspect[@]} -eq "0" ]
then
    file_to_inspect="/etc/audit/rules.d/$KEY.rules"
    files_to_inspect=("$file_to_inspect")
    if [ ! -e "$file_to_inspect" ]
    then
        touch "$file_to_inspect"
        chmod 0600 "$file_to_inspect"
    fi
fi

# After converting to jinja, we cannot return; therefore we skip the rest of the macro if needed instead
skip=1

for audit_file in "${files_to_inspect[@]}"
do
    # Filter existing $audit_file rules' definitions to select those that satisfy the rule pattern,
    # i.e, collect rules that match:
    # * the action, list and arch, (2-nd argument)
    # * the other filters, (3-rd argument)
    # * the auid filters, (4-rd argument)
    readarray -t similar_rules &lt; &lt;(sed -e "/^$ACTION_ARCH_FILTERS/!d"  -e "\#$OTHER_FILTERS#!d" -e "/$AUID_FILTERS/!d" "$audit_file")

    candidate_rules=()
    # Filter out rules that have more fields then required. This will remove rules more specific than the required scope
    for s_rule in "${similar_rules[@]}"
    do
        # Strip all the options and fields we know of,
        # than check if there was any field left over
        extra_fields=$(sed -E -e "s/^$ACTION_ARCH_FILTERS//"  -e "s#$OTHER_FILTERS##" -e "s/$AUID_FILTERS//" -e "s/((:?-S [[:alnum:],]+)+)//g" -e "s/-F key=\w+|-k \w+//"&lt;&lt;&lt; "$s_rule")
        grep -q -- "-F" &lt;&lt;&lt; "$extra_fields" || candidate_rules+=("$s_rule")
    done

    if [[ ${#syscall_a[@]} -ge 1 ]]
    then
        # Check if the syscall we want is present in any of the similar existing rules
        for rule in "${candidate_rules[@]}"
        do
            rule_syscalls=$(echo "$rule" | grep -o -P '(-S [\w,]+)+' | xargs)
            all_syscalls_found=0
            for syscall in "${syscall_a[@]}"
            do
                grep -q -- "\b${syscall}\b" &lt;&lt;&lt; "$rule_syscalls" || {
                   # A syscall was not found in the candidate rule
                   all_syscalls_found=1
                   }
            done
            if [[ $all_syscalls_found -eq 0 ]]
            then
                # We found a rule with all the syscall(s) we want; skip rest of macro
                skip=0
                break
            fi

            # Check if this rule can be grouped with our target syscall and keep track of it
            for syscall_g in "${syscall_grouping[@]}"
            do
                if grep -q -- "\b${syscall_g}\b" &lt;&lt;&lt; "$rule_syscalls"
                then
                    file_to_edit=${audit_file}
                    rule_to_edit=${rule}
                    rule_syscalls_to_edit=${rule_syscalls}
                fi
            done
        done
    else
        # If there is any candidate rule, it is compliant; skip rest of macro
        if [ "${#candidate_rules[@]}" -gt 0 ]
        then
            skip=0
        fi
    fi

    if [ "$skip" -eq 0 ]; then
        break
    fi
done

if [ "$skip" -ne 0 ]; then
    # We checked all rules that matched the expected resemblance pattern (action, arch &amp; auid)
    # At this point we know if we need to either append the $full_rule or group
    # the syscall together with an exsiting rule

    # Append the full_rule if it cannot be grouped to any other rule
    if [ -z ${rule_to_edit+x} ]
    then
        # Build full_rule while avoid adding double spaces when other_filters is empty
        if [ "${#syscall_a[@]}" -gt 0 ]
        then
            syscall_string=""
            for syscall in "${syscall_a[@]}"
            do
                syscall_string+=" -S $syscall"
            done
        fi
        other_string=$([[ $OTHER_FILTERS ]] &amp;&amp; echo " $OTHER_FILTERS") || /bin/true
        auid_string=$([[ $AUID_FILTERS ]] &amp;&amp; echo " $AUID_FILTERS") || /bin/true
        full_rule="$ACTION_ARCH_FILTERS${syscall_string}${other_string}${auid_string} -F key=$KEY" || /bin/true
        echo "$full_rule" &gt;&gt; "$default_file"
        chmod 0600 ${default_file}
    else
        # Check if the syscalls are declared as a comma separated list or
        # as multiple -S parameters
        if grep -q -- "," &lt;&lt;&lt; "${rule_syscalls_to_edit}"
        then
            delimiter=","
        else
            delimiter=" -S "
        fi
        new_grouped_syscalls="${rule_syscalls_to_edit}"
        for syscall in "${syscall_a[@]}"
        do
            grep -q -- "\b${syscall}\b" &lt;&lt;&lt; "${rule_syscalls_to_edit}" || {
               # A syscall was not found in the candidate rule
               new_grouped_syscalls+="${delimiter}${syscall}"
               }
        done

        # Group the syscall in the rule
        sed -i -e "\#${rule_to_edit}#s#${rule_syscalls_to_edit}#${new_grouped_syscalls}#" "$file_to_edit"
    fi
fi
	unset syscall_a
unset syscall_grouping
unset syscall_string
unset syscall
unset file_to_edit
unset rule_to_edit
unset rule_syscalls_to_edit
unset other_string
unset auid_string
unset full_rule

# Load macro arguments into arrays
read -a syscall_a &lt;&lt;&lt; $SYSCALL
read -a syscall_grouping &lt;&lt;&lt; $SYSCALL_GROUPING

# Create a list of audit *.rules files that should be inspected for presence and correctness
# of a particular audit rule. The scheme is as follows:
#
# -----------------------------------------------------------------------------------------
#  Tool used to load audit rules | Rule already defined  |  Audit rules file to inspect    |
# -----------------------------------------------------------------------------------------
#        auditctl                |     Doesn't matter    |  /etc/audit/audit.rules         |
# -----------------------------------------------------------------------------------------
#        augenrules              |          Yes          |  /etc/audit/rules.d/*.rules     |
#        augenrules              |          No           |  /etc/audit/rules.d/$key.rules  |
# -----------------------------------------------------------------------------------------
#
files_to_inspect=()


# If audit tool is 'auditctl', then add '/etc/audit/audit.rules'
# file to the list of files to be inspected
default_file="/etc/audit/audit.rules"
files_to_inspect+=('/etc/audit/audit.rules' )

# After converting to jinja, we cannot return; therefore we skip the rest of the macro if needed instead
skip=1

for audit_file in "${files_to_inspect[@]}"
do
    # Filter existing $audit_file rules' definitions to select those that satisfy the rule pattern,
    # i.e, collect rules that match:
    # * the action, list and arch, (2-nd argument)
    # * the other filters, (3-rd argument)
    # * the auid filters, (4-rd argument)
    readarray -t similar_rules &lt; &lt;(sed -e "/^$ACTION_ARCH_FILTERS/!d"  -e "\#$OTHER_FILTERS#!d" -e "/$AUID_FILTERS/!d" "$audit_file")

    candidate_rules=()
    # Filter out rules that have more fields then required. This will remove rules more specific than the required scope
    for s_rule in "${similar_rules[@]}"
    do
        # Strip all the options and fields we know of,
        # than check if there was any field left over
        extra_fields=$(sed -E -e "s/^$ACTION_ARCH_FILTERS//"  -e "s#$OTHER_FILTERS##" -e "s/$AUID_FILTERS//" -e "s/((:?-S [[:alnum:],]+)+)//g" -e "s/-F key=\w+|-k \w+//"&lt;&lt;&lt; "$s_rule")
        grep -q -- "-F" &lt;&lt;&lt; "$extra_fields" || candidate_rules+=("$s_rule")
    done

    if [[ ${#syscall_a[@]} -ge 1 ]]
    then
        # Check if the syscall we want is present in any of the similar existing rules
        for rule in "${candidate_rules[@]}"
        do
            rule_syscalls=$(echo "$rule" | grep -o -P '(-S [\w,]+)+' | xargs)
            all_syscalls_found=0
            for syscall in "${syscall_a[@]}"
            do
                grep -q -- "\b${syscall}\b" &lt;&lt;&lt; "$rule_syscalls" || {
                   # A syscall was not found in the candidate rule
                   all_syscalls_found=1
                   }
            done
            if [[ $all_syscalls_found -eq 0 ]]
            then
                # We found a rule with all the syscall(s) we want; skip rest of macro
                skip=0
                break
            fi

            # Check if this rule can be grouped with our target syscall and keep track of it
            for syscall_g in "${syscall_grouping[@]}"
            do
                if grep -q -- "\b${syscall_g}\b" &lt;&lt;&lt; "$rule_syscalls"
                then
                    file_to_edit=${audit_file}
                    rule_to_edit=${rule}
                    rule_syscalls_to_edit=${rule_syscalls}
                fi
            done
        done
    else
        # If there is any candidate rule, it is compliant; skip rest of macro
        if [ "${#candidate_rules[@]}" -gt 0 ]
        then
            skip=0
        fi
    fi

    if [ "$skip" -eq 0 ]; then
        break
    fi
done

if [ "$skip" -ne 0 ]; then
    # We checked all rules that matched the expected resemblance pattern (action, arch &amp; auid)
    # At this point we know if we need to either append the $full_rule or group
    # the syscall together with an exsiting rule

    # Append the full_rule if it cannot be grouped to any other rule
    if [ -z ${rule_to_edit+x} ]
    then
        # Build full_rule while avoid adding double spaces when other_filters is empty
        if [ "${#syscall_a[@]}" -gt 0 ]
        then
            syscall_string=""
            for syscall in "${syscall_a[@]}"
            do
                syscall_string+=" -S $syscall"
            done
        fi
        other_string=$([[ $OTHER_FILTERS ]] &amp;&amp; echo " $OTHER_FILTERS") || /bin/true
        auid_string=$([[ $AUID_FILTERS ]] &amp;&amp; echo " $AUID_FILTERS") || /bin/true
        full_rule="$ACTION_ARCH_FILTERS${syscall_string}${other_string}${auid_string} -F key=$KEY" || /bin/true
        echo "$full_rule" &gt;&gt; "$default_file"
        chmod 0600 ${default_file}
    else
        # Check if the syscalls are declared as a comma separated list or
        # as multiple -S parameters
        if grep -q -- "," &lt;&lt;&lt; "${rule_syscalls_to_edit}"
        then
            delimiter=","
        else
            delimiter=" -S "
        fi
        new_grouped_syscalls="${rule_syscalls_to_edit}"
        for syscall in "${syscall_a[@]}"
        do
            grep -q -- "\b${syscall}\b" &lt;&lt;&lt; "${rule_syscalls_to_edit}" || {
               # A syscall was not found in the candidate rule
               new_grouped_syscalls+="${delimiter}${syscall}"
               }
        done

        # Group the syscall in the rule
        sed -i -e "\#${rule_to_edit}#s#${rule_syscalls_to_edit}#${new_grouped_syscalls}#" "$file_to_edit"
    fi
fi

done

else
    &gt;&amp;2 echo 'Remediation is not applicable, nothing was done'
fi
</fix>
          <check system="http://oval.mitre.org/XMLSchema/oval-definitions-5">
            <check-content-ref name="oval:ssg-audit_rules_unsuccessful_file_modification:def:1" href="ssg-sle15-oval.xml"/>
          </check>
          <check system="http://scap.nist.gov/schema/ocil/2">
            <check-content-ref name="ocil:ssg-audit_rules_unsuccessful_file_modification_ocil:questionnaire:1" href="ssg-sle15-ocil.xml"/>
          </check>
        </Rule>
        <Rule id="xccdf_org.ssgproject.content_rule_audit_rules_unsuccessful_file_modification_creat" selected="false" role="full" severity="medium">
          <title xmlns:xhtml="http://www.w3.org/1999/xhtml" xml:lang="en-US">Record Unsuccessful Access Attempts to Files - creat</title>
          <description xmlns:xhtml="http://www.w3.org/1999/xhtml" xml:lang="en-US">At a minimum, the audit system should collect unauthorized file
accesses for all users and root. If the <html:code xmlns:html="http://www.w3.org/1999/xhtml">auditd</html:code> daemon is configured
to use the <html:code xmlns:html="http://www.w3.org/1999/xhtml">augenrules</html:code> program to read audit rules during daemon
startup (the default), add the following lines to a file with suffix
<html:code xmlns:html="http://www.w3.org/1999/xhtml">.rules</html:code> in the directory <html:code xmlns:html="http://www.w3.org/1999/xhtml">/etc/audit/rules.d</html:code>:
<html:pre xmlns:html="http://www.w3.org/1999/xhtml">-a always,exit -F arch=b32 -S creat -F exit=-EACCES -F auid&gt;=1000 -F auid!=unset -F key=access
-a always,exit -F arch=b32 -S creat -F exit=-EPERM -F auid&gt;=1000 -F auid!=unset -F key=access</html:pre>
If the system is 64 bit then also add the following lines:
<html:pre xmlns:html="http://www.w3.org/1999/xhtml">
-a always,exit -F arch=b64 -S creat -F exit=-EACCES -F auid&gt;=1000 -F auid!=unset -F key=access
-a always,exit -F arch=b64 -S creat -F exit=-EPERM -F auid&gt;=1000 -F auid!=unset -F key=access</html:pre>
If the <html:code xmlns:html="http://www.w3.org/1999/xhtml">auditd</html:code> daemon is configured to use the <html:code xmlns:html="http://www.w3.org/1999/xhtml">auditctl</html:code>
utility to read audit rules during daemon startup, add the following lines to
<html:code xmlns:html="http://www.w3.org/1999/xhtml">/etc/audit/audit.rules</html:code> file:
<html:pre xmlns:html="http://www.w3.org/1999/xhtml">-a always,exit -F arch=b32 -S creat -F exit=-EACCES -F auid&gt;=1000 -F auid!=unset -F key=access
-a always,exit -F arch=b32 -S creat -F exit=-EPERM -F auid&gt;=1000 -F auid!=unset -F key=access</html:pre>
If the system is 64 bit then also add the following lines:
<html:pre xmlns:html="http://www.w3.org/1999/xhtml">
-a always,exit -F arch=b64 -S creat -F exit=-EACCES -F auid&gt;=1000 -F auid!=unset -F key=access
-a always,exit -F arch=b64 -S creat -F exit=-EPERM -F auid&gt;=1000 -F auid!=unset -F key=access</html:pre>
       </description>
          <warning xmlns:xhtml="http://www.w3.org/1999/xhtml" xml:lang="en-US" category="general">Note that these rules can be configured in a
number of ways while still achieving the desired effect. Here the system calls
have been placed independent of other system calls. Grouping these system
calls with others as identifying earlier in this guide is more efficient.</warning>
          <reference href="https://www.cisecurity.org/controls/">1</reference>
          <reference href="https://www.cisecurity.org/controls/">11</reference>
          <reference href="https://www.cisecurity.org/controls/">12</reference>
          <reference href="https://www.cisecurity.org/controls/">13</reference>
          <reference href="https://www.cisecurity.org/controls/">14</reference>
          <reference href="https://www.cisecurity.org/controls/">15</reference>
          <reference href="https://www.cisecurity.org/controls/">16</reference>
          <reference href="https://www.cisecurity.org/controls/">19</reference>
          <reference href="https://www.cisecurity.org/controls/">2</reference>
          <reference href="https://www.cisecurity.org/controls/">3</reference>
          <reference href="https://www.cisecurity.org/controls/">4</reference>
          <reference href="https://www.cisecurity.org/controls/">5</reference>
          <reference href="https://www.cisecurity.org/controls/">6</reference>
          <reference href="https://www.cisecurity.org/controls/">7</reference>
          <reference href="https://www.cisecurity.org/controls/">8</reference>
          <reference href="https://www.cisecurity.org/controls/">9</reference>
          <reference href="https://www.isaca.org/resources/cobit">APO10.01</reference>
          <reference href="https://www.isaca.org/resources/cobit">APO10.03</reference>
          <reference href="https://www.isaca.org/resources/cobit">APO10.04</reference>
          <reference href="https://www.isaca.org/resources/cobit">APO10.05</reference>
          <reference href="https://www.isaca.org/resources/cobit">APO11.04</reference>
          <reference href="https://www.isaca.org/resources/cobit">APO12.06</reference>
          <reference href="https://www.isaca.org/resources/cobit">APO13.01</reference>
          <reference href="https://www.isaca.org/resources/cobit">BAI03.05</reference>
          <reference href="https://www.isaca.org/resources/cobit">BAI08.02</reference>
          <reference href="https://www.isaca.org/resources/cobit">DSS01.03</reference>
          <reference href="https://www.isaca.org/resources/cobit">DSS01.04</reference>
          <reference href="https://www.isaca.org/resources/cobit">DSS02.02</reference>
          <reference href="https://www.isaca.org/resources/cobit">DSS02.04</reference>
          <reference href="https://www.isaca.org/resources/cobit">DSS02.07</reference>
          <reference href="https://www.isaca.org/resources/cobit">DSS03.01</reference>
          <reference href="https://www.isaca.org/resources/cobit">DSS03.05</reference>
          <reference href="https://www.isaca.org/resources/cobit">DSS05.02</reference>
          <reference href="https://www.isaca.org/resources/cobit">DSS05.03</reference>
          <reference href="https://www.isaca.org/resources/cobit">DSS05.04</reference>
          <reference href="https://www.isaca.org/resources/cobit">DSS05.05</reference>
          <reference href="https://www.isaca.org/resources/cobit">DSS05.07</reference>
          <reference href="https://www.isaca.org/resources/cobit">MEA01.01</reference>
          <reference href="https://www.isaca.org/resources/cobit">MEA01.02</reference>
          <reference href="https://www.isaca.org/resources/cobit">MEA01.03</reference>
          <reference href="https://www.isaca.org/resources/cobit">MEA01.04</reference>
          <reference href="https://www.isaca.org/resources/cobit">MEA01.05</reference>
          <reference href="https://www.isaca.org/resources/cobit">MEA02.01</reference>
          <reference href="http://nvlpubs.nist.gov/nistpubs/SpecialPublications/NIST.SP.800-171.pdf">3.1.7</reference>
          <reference href="https://www.gpo.gov/fdsys/pkg/CFR-2007-title45-vol1/pdf/CFR-2007-title45-vol1-chapA-subchapC.pdf">164.308(a)(1)(ii)(D)</reference>
          <reference href="https://www.gpo.gov/fdsys/pkg/CFR-2007-title45-vol1/pdf/CFR-2007-title45-vol1-chapA-subchapC.pdf">164.308(a)(3)(ii)(A)</reference>
          <reference href="https://www.gpo.gov/fdsys/pkg/CFR-2007-title45-vol1/pdf/CFR-2007-title45-vol1-chapA-subchapC.pdf">164.308(a)(5)(ii)(C)</reference>
          <reference href="https://www.gpo.gov/fdsys/pkg/CFR-2007-title45-vol1/pdf/CFR-2007-title45-vol1-chapA-subchapC.pdf">164.312(a)(2)(i)</reference>
          <reference href="https://www.gpo.gov/fdsys/pkg/CFR-2007-title45-vol1/pdf/CFR-2007-title45-vol1-chapA-subchapC.pdf">164.312(b)</reference>
          <reference href="https://www.gpo.gov/fdsys/pkg/CFR-2007-title45-vol1/pdf/CFR-2007-title45-vol1-chapA-subchapC.pdf">164.312(d)</reference>
          <reference href="https://www.gpo.gov/fdsys/pkg/CFR-2007-title45-vol1/pdf/CFR-2007-title45-vol1-chapA-subchapC.pdf">164.312(e)</reference>
          <reference href="https://www.isa.org/products/isa-62443-2-1-2009-security-for-industrial-automat">4.2.3.10</reference>
          <reference href="https://www.isa.org/products/isa-62443-2-1-2009-security-for-industrial-automat">4.3.2.6.7</reference>
          <reference href="https://www.isa.org/products/isa-62443-2-1-2009-security-for-industrial-automat">4.3.3.3.9</reference>
          <reference href="https://www.isa.org/products/isa-62443-2-1-2009-security-for-industrial-automat">4.3.3.5.8</reference>
          <reference href="https://www.isa.org/products/isa-62443-2-1-2009-security-for-industrial-automat">4.3.3.6.6</reference>
          <reference href="https://www.isa.org/products/isa-62443-2-1-2009-security-for-industrial-automat">4.3.4.4.7</reference>
          <reference href="https://www.isa.org/products/isa-62443-2-1-2009-security-for-industrial-automat">4.3.4.5.6</reference>
          <reference href="https://www.isa.org/products/isa-62443-2-1-2009-security-for-industrial-automat">4.3.4.5.7</reference>
          <reference href="https://www.isa.org/products/isa-62443-2-1-2009-security-for-industrial-automat">4.3.4.5.8</reference>
          <reference href="https://www.isa.org/products/isa-62443-2-1-2009-security-for-industrial-automat">4.4.2.1</reference>
          <reference href="https://www.isa.org/products/isa-62443-2-1-2009-security-for-industrial-automat">4.4.2.2</reference>
          <reference href="https://www.isa.org/products/isa-62443-2-1-2009-security-for-industrial-automat">4.4.2.4</reference>
          <reference href="https://www.isa.org/products/ansi-isa-62443-3-3-99-03-03-2013-security-for-indu">SR 1.13</reference>
          <reference href="https://www.isa.org/products/ansi-isa-62443-3-3-99-03-03-2013-security-for-indu">SR 2.10</reference>
          <reference href="https://www.isa.org/products/ansi-isa-62443-3-3-99-03-03-2013-security-for-indu">SR 2.11</reference>
          <reference href="https://www.isa.org/products/ansi-isa-62443-3-3-99-03-03-2013-security-for-indu">SR 2.12</reference>
          <reference href="https://www.isa.org/products/ansi-isa-62443-3-3-99-03-03-2013-security-for-indu">SR 2.6</reference>
          <reference href="https://www.isa.org/products/ansi-isa-62443-3-3-99-03-03-2013-security-for-indu">SR 2.8</reference>
          <reference href="https://www.isa.org/products/ansi-isa-62443-3-3-99-03-03-2013-security-for-indu">SR 2.9</reference>
          <reference href="https://www.isa.org/products/ansi-isa-62443-3-3-99-03-03-2013-security-for-indu">SR 3.1</reference>
          <reference href="https://www.isa.org/products/ansi-isa-62443-3-3-99-03-03-2013-security-for-indu">SR 3.5</reference>
          <reference href="https://www.isa.org/products/ansi-isa-62443-3-3-99-03-03-2013-security-for-indu">SR 3.8</reference>
          <reference href="https://www.isa.org/products/ansi-isa-62443-3-3-99-03-03-2013-security-for-indu">SR 4.1</reference>
          <reference href="https://www.isa.org/products/ansi-isa-62443-3-3-99-03-03-2013-security-for-indu">SR 4.3</reference>
          <reference href="https://www.isa.org/products/ansi-isa-62443-3-3-99-03-03-2013-security-for-indu">SR 5.1</reference>
          <reference href="https://www.isa.org/products/ansi-isa-62443-3-3-99-03-03-2013-security-for-indu">SR 5.2</reference>
          <reference href="https://www.isa.org/products/ansi-isa-62443-3-3-99-03-03-2013-security-for-indu">SR 5.3</reference>
          <reference href="https://www.isa.org/products/ansi-isa-62443-3-3-99-03-03-2013-security-for-indu">SR 6.1</reference>
          <reference href="https://www.isa.org/products/ansi-isa-62443-3-3-99-03-03-2013-security-for-indu">SR 6.2</reference>
          <reference href="https://www.isa.org/products/ansi-isa-62443-3-3-99-03-03-2013-security-for-indu">SR 7.1</reference>
          <reference href="https://www.isa.org/products/ansi-isa-62443-3-3-99-03-03-2013-security-for-indu">SR 7.6</reference>
          <reference href="https://www.iso.org/contents/data/standard/05/45/54534.html">A.11.2.6</reference>
          <reference href="https://www.iso.org/contents/data/standard/05/45/54534.html">A.12.4.1</reference>
          <reference href="https://www.iso.org/contents/data/standard/05/45/54534.html">A.12.4.2</reference>
          <reference href="https://www.iso.org/contents/data/standard/05/45/54534.html">A.12.4.3</reference>
          <reference href="https://www.iso.org/contents/data/standard/05/45/54534.html">A.12.4.4</reference>
          <reference href="https://www.iso.org/contents/data/standard/05/45/54534.html">A.12.7.1</reference>
          <reference href="https://www.iso.org/contents/data/standard/05/45/54534.html">A.13.1.1</reference>
          <reference href="https://www.iso.org/contents/data/standard/05/45/54534.html">A.13.2.1</reference>
          <reference href="https://www.iso.org/contents/data/standard/05/45/54534.html">A.14.1.3</reference>
          <reference href="https://www.iso.org/contents/data/standard/05/45/54534.html">A.14.2.7</reference>
          <reference href="https://www.iso.org/contents/data/standard/05/45/54534.html">A.15.2.1</reference>
          <reference href="https://www.iso.org/contents/data/standard/05/45/54534.html">A.15.2.2</reference>
          <reference href="https://www.iso.org/contents/data/standard/05/45/54534.html">A.16.1.4</reference>
          <reference href="https://www.iso.org/contents/data/standard/05/45/54534.html">A.16.1.5</reference>
          <reference href="https://www.iso.org/contents/data/standard/05/45/54534.html">A.16.1.7</reference>
          <reference href="https://www.iso.org/contents/data/standard/05/45/54534.html">A.6.2.1</reference>
          <reference href="https://www.iso.org/contents/data/standard/05/45/54534.html">A.6.2.2</reference>
          <reference href="http://nvlpubs.nist.gov/nistpubs/SpecialPublications/NIST.SP.800-53r4.pdf">AU-3</reference>
          <reference href="http://nvlpubs.nist.gov/nistpubs/SpecialPublications/NIST.SP.800-53r4.pdf">AU-3.1</reference>
          <reference href="http://nvlpubs.nist.gov/nistpubs/SpecialPublications/NIST.SP.800-53r4.pdf">AU-12(a)</reference>
          <reference href="http://nvlpubs.nist.gov/nistpubs/SpecialPublications/NIST.SP.800-53r4.pdf">AU-12.1(ii)</reference>
          <reference href="http://nvlpubs.nist.gov/nistpubs/SpecialPublications/NIST.SP.800-53r4.pdf">AU-12(c)</reference>
          <reference href="http://nvlpubs.nist.gov/nistpubs/SpecialPublications/NIST.SP.800-53r4.pdf">AU-12.1(iv)</reference>
          <reference href="http://nvlpubs.nist.gov/nistpubs/SpecialPublications/NIST.SP.800-53r4.pdf">MA-4(1)(a)</reference>
          <reference href="https://nvlpubs.nist.gov/nistpubs/CSWP/NIST.CSWP.04162018.pdf">DE.AE-3</reference>
          <reference href="https://nvlpubs.nist.gov/nistpubs/CSWP/NIST.CSWP.04162018.pdf">DE.AE-5</reference>
          <reference href="https://nvlpubs.nist.gov/nistpubs/CSWP/NIST.CSWP.04162018.pdf">DE.CM-1</reference>
          <reference href="https://nvlpubs.nist.gov/nistpubs/CSWP/NIST.CSWP.04162018.pdf">DE.CM-3</reference>
          <reference href="https://nvlpubs.nist.gov/nistpubs/CSWP/NIST.CSWP.04162018.pdf">DE.CM-7</reference>
          <reference href="https://nvlpubs.nist.gov/nistpubs/CSWP/NIST.CSWP.04162018.pdf">ID.SC-4</reference>
          <reference href="https://nvlpubs.nist.gov/nistpubs/CSWP/NIST.CSWP.04162018.pdf">PR.AC-3</reference>
          <reference href="https://nvlpubs.nist.gov/nistpubs/CSWP/NIST.CSWP.04162018.pdf">PR.PT-1</reference>
          <reference href="https://nvlpubs.nist.gov/nistpubs/CSWP/NIST.CSWP.04162018.pdf">PR.PT-4</reference>
          <reference href="https://nvlpubs.nist.gov/nistpubs/CSWP/NIST.CSWP.04162018.pdf">RS.AN-1</reference>
          <reference href="https://nvlpubs.nist.gov/nistpubs/CSWP/NIST.CSWP.04162018.pdf">RS.AN-4</reference>
          <reference href="https://www.pcisecuritystandards.org/documents/PCI_DSS_v3-2-1.pdf">Req-10.2.4</reference>
          <reference href="https://www.pcisecuritystandards.org/documents/PCI_DSS_v3-2-1.pdf">Req-10.2.1</reference>
          <reference href="https://www.cyber.mil/stigs/downloads/?_dl_facet_stigs=operating-systems%2Cgeneral-purpose-os">SRG-OS-000037-GPOS-00015</reference>
          <reference href="https://www.cyber.mil/stigs/downloads/?_dl_facet_stigs=operating-systems%2Cgeneral-purpose-os">SRG-OS-000042-GPOS-00020</reference>
          <reference href="https://www.cyber.mil/stigs/downloads/?_dl_facet_stigs=operating-systems%2Cgeneral-purpose-os">SRG-OS-000062-GPOS-00031</reference>
          <reference href="https://www.cyber.mil/stigs/downloads/?_dl_facet_stigs=operating-systems%2Cgeneral-purpose-os">SRG-OS-000392-GPOS-00172</reference>
          <reference href="https://www.cyber.mil/stigs/downloads/?_dl_facet_stigs=operating-systems%2Cgeneral-purpose-os">SRG-OS-000462-GPOS-00206</reference>
          <reference href="https://www.cyber.mil/stigs/downloads/?_dl_facet_stigs=operating-systems%2Cgeneral-purpose-os">SRG-OS-000471-GPOS-00215</reference>
          <reference href="https://www.cyber.mil/stigs/downloads/?_dl_facet_stigs=operating-systems%2Cgeneral-purpose-os">SRG-OS-000064-GPOS-00033</reference>
          <reference href="https://www.cyber.mil/stigs/downloads/?_dl_facet_stigs=operating-systems%2Cgeneral-purpose-os">SRG-OS-000458-GPOS-00203</reference>
          <reference href="https://www.cyber.mil/stigs/downloads/?_dl_facet_stigs=operating-systems%2Cgeneral-purpose-os">SRG-OS-000461-GPOS-00205</reference>
          <reference href="https://www.cyber.mil/stigs/downloads/?_dl_facet_stigs=app-security">SRG-APP-000495-CTR-001235</reference>
          <reference href="https://www.cyber.mil/stigs/downloads/?_dl_facet_stigs=operating-systems%2Cunix-linux">SLES-15-030150</reference>
          <reference href="https://www.cisecurity.org/benchmark/suse_linux/">4.1.10</reference>
          <reference href="https://cyber.gouv.fr/sites/default/files/document/linux_configuration-en-v2.pdf">R73</reference>
          <reference href="not_publicly_available">SLES-15-750450225</reference>
          <reference href="https://www.cyber.gov.au/acsc/view-all-content/ism">0582</reference>
          <reference href="https://www.cyber.gov.au/acsc/view-all-content/ism">0846</reference>
          <reference href="https://www.cyber.mil/stigs/srg-stig-tools/">SV-234914r958412_rule</reference>
          <rationale xmlns:xhtml="http://www.w3.org/1999/xhtml" xml:lang="en-US">Unsuccessful attempts to access files could be an indicator of malicious activity on a system. Auditing
these events could serve as evidence of potential system compromise.</rationale>
          <platform idref="#not_aarch64_arch"/>
          <ident system="https://ncp.nist.gov/cce">CCE-85681-5</ident>
          <fix xmlns:xhtml="http://www.w3.org/1999/xhtml" id="audit_rules_unsuccessful_file_modification_creat" system="urn:xccdf:fix:script:sh"># Remediation is applicable only in certain platforms
if rpm --quiet -q audit &amp;&amp; rpm --quiet -q kernel-default || rpm --quiet -q kernel-default-base &amp;&amp; { ! ( ( grep -sqE "^.*\.aarch64$" /proc/sys/kernel/osrelease || grep -sqE "^aarch64$" /proc/sys/kernel/arch; ) ); }; then

# First perform the remediation of the syscall rule
# Retrieve hardware architecture of the underlying system
[ "$(getconf LONG_BIT)" = "32" ] &amp;&amp; RULE_ARCHS=("b32") || RULE_ARCHS=("b32" "b64")

AUID_FILTERS="-F auid&gt;=1000 -F auid!=unset"
SYSCALL="creat"
KEY="access"
SYSCALL_GROUPING="creat ftruncate truncate open openat open_by_handle_at"

for ARCH in "${RULE_ARCHS[@]}"
do
	ACTION_ARCH_FILTERS="-a always,exit -F arch=$ARCH"
	OTHER_FILTERS="-F exit=-EACCES"
	# Perform the remediation for both possible tools: 'auditctl' and 'augenrules'
	unset syscall_a
unset syscall_grouping
unset syscall_string
unset syscall
unset file_to_edit
unset rule_to_edit
unset rule_syscalls_to_edit
unset other_string
unset auid_string
unset full_rule

# Load macro arguments into arrays
read -a syscall_a &lt;&lt;&lt; $SYSCALL
read -a syscall_grouping &lt;&lt;&lt; $SYSCALL_GROUPING

# Create a list of audit *.rules files that should be inspected for presence and correctness
# of a particular audit rule. The scheme is as follows:
#
# -----------------------------------------------------------------------------------------
#  Tool used to load audit rules | Rule already defined  |  Audit rules file to inspect    |
# -----------------------------------------------------------------------------------------
#        auditctl                |     Doesn't matter    |  /etc/audit/audit.rules         |
# -----------------------------------------------------------------------------------------
#        augenrules              |          Yes          |  /etc/audit/rules.d/*.rules     |
#        augenrules              |          No           |  /etc/audit/rules.d/$key.rules  |
# -----------------------------------------------------------------------------------------
#
files_to_inspect=()

# If audit tool is 'augenrules', then check if the audit rule is defined
# If rule is defined, add '/etc/audit/rules.d/*.rules' to the list for inspection
# If rule isn't defined yet, add '/etc/audit/rules.d/$key.rules' to the list for inspection
default_file="/etc/audit/rules.d/$KEY.rules"
# As other_filters may include paths, lets use a different delimiter for it
# The "F" script expression tells sed to print the filenames where the expressions matched
readarray -t files_to_inspect &lt; &lt;(sed -s -n -e "/^$ACTION_ARCH_FILTERS/!d" -e "\#$OTHER_FILTERS#!d" -e "/$AUID_FILTERS/!d" -e "F" /etc/audit/rules.d/*.rules)
# Case when particular rule isn't defined in /etc/audit/rules.d/*.rules yet
if [ ${#files_to_inspect[@]} -eq "0" ]
then
    file_to_inspect="/etc/audit/rules.d/$KEY.rules"
    files_to_inspect=("$file_to_inspect")
    if [ ! -e "$file_to_inspect" ]
    then
        touch "$file_to_inspect"
        chmod 0600 "$file_to_inspect"
    fi
fi

# After converting to jinja, we cannot return; therefore we skip the rest of the macro if needed instead
skip=1

for audit_file in "${files_to_inspect[@]}"
do
    # Filter existing $audit_file rules' definitions to select those that satisfy the rule pattern,
    # i.e, collect rules that match:
    # * the action, list and arch, (2-nd argument)
    # * the other filters, (3-rd argument)
    # * the auid filters, (4-rd argument)
    readarray -t similar_rules &lt; &lt;(sed -e "/^$ACTION_ARCH_FILTERS/!d"  -e "\#$OTHER_FILTERS#!d" -e "/$AUID_FILTERS/!d" "$audit_file")

    candidate_rules=()
    # Filter out rules that have more fields then required. This will remove rules more specific than the required scope
    for s_rule in "${similar_rules[@]}"
    do
        # Strip all the options and fields we know of,
        # than check if there was any field left over
        extra_fields=$(sed -E -e "s/^$ACTION_ARCH_FILTERS//"  -e "s#$OTHER_FILTERS##" -e "s/$AUID_FILTERS//" -e "s/((:?-S [[:alnum:],]+)+)//g" -e "s/-F key=\w+|-k \w+//"&lt;&lt;&lt; "$s_rule")
        grep -q -- "-F" &lt;&lt;&lt; "$extra_fields" || candidate_rules+=("$s_rule")
    done

    if [[ ${#syscall_a[@]} -ge 1 ]]
    then
        # Check if the syscall we want is present in any of the similar existing rules
        for rule in "${candidate_rules[@]}"
        do
            rule_syscalls=$(echo "$rule" | grep -o -P '(-S [\w,]+)+' | xargs)
            all_syscalls_found=0
            for syscall in "${syscall_a[@]}"
            do
                grep -q -- "\b${syscall}\b" &lt;&lt;&lt; "$rule_syscalls" || {
                   # A syscall was not found in the candidate rule
                   all_syscalls_found=1
                   }
            done
            if [[ $all_syscalls_found -eq 0 ]]
            then
                # We found a rule with all the syscall(s) we want; skip rest of macro
                skip=0
                break
            fi

            # Check if this rule can be grouped with our target syscall and keep track of it
            for syscall_g in "${syscall_grouping[@]}"
            do
                if grep -q -- "\b${syscall_g}\b" &lt;&lt;&lt; "$rule_syscalls"
                then
                    file_to_edit=${audit_file}
                    rule_to_edit=${rule}
                    rule_syscalls_to_edit=${rule_syscalls}
                fi
            done
        done
    else
        # If there is any candidate rule, it is compliant; skip rest of macro
        if [ "${#candidate_rules[@]}" -gt 0 ]
        then
            skip=0
        fi
    fi

    if [ "$skip" -eq 0 ]; then
        break
    fi
done

if [ "$skip" -ne 0 ]; then
    # We checked all rules that matched the expected resemblance pattern (action, arch &amp; auid)
    # At this point we know if we need to either append the $full_rule or group
    # the syscall together with an exsiting rule

    # Append the full_rule if it cannot be grouped to any other rule
    if [ -z ${rule_to_edit+x} ]
    then
        # Build full_rule while avoid adding double spaces when other_filters is empty
        if [ "${#syscall_a[@]}" -gt 0 ]
        then
            syscall_string=""
            for syscall in "${syscall_a[@]}"
            do
                syscall_string+=" -S $syscall"
            done
        fi
        other_string=$([[ $OTHER_FILTERS ]] &amp;&amp; echo " $OTHER_FILTERS") || /bin/true
        auid_string=$([[ $AUID_FILTERS ]] &amp;&amp; echo " $AUID_FILTERS") || /bin/true
        full_rule="$ACTION_ARCH_FILTERS${syscall_string}${other_string}${auid_string} -F key=$KEY" || /bin/true
        echo "$full_rule" &gt;&gt; "$default_file"
        chmod 0600 ${default_file}
    else
        # Check if the syscalls are declared as a comma separated list or
        # as multiple -S parameters
        if grep -q -- "," &lt;&lt;&lt; "${rule_syscalls_to_edit}"
        then
            delimiter=","
        else
            delimiter=" -S "
        fi
        new_grouped_syscalls="${rule_syscalls_to_edit}"
        for syscall in "${syscall_a[@]}"
        do
            grep -q -- "\b${syscall}\b" &lt;&lt;&lt; "${rule_syscalls_to_edit}" || {
               # A syscall was not found in the candidate rule
               new_grouped_syscalls+="${delimiter}${syscall}"
               }
        done

        # Group the syscall in the rule
        sed -i -e "\#${rule_to_edit}#s#${rule_syscalls_to_edit}#${new_grouped_syscalls}#" "$file_to_edit"
    fi
fi
	unset syscall_a
unset syscall_grouping
unset syscall_string
unset syscall
unset file_to_edit
unset rule_to_edit
unset rule_syscalls_to_edit
unset other_string
unset auid_string
unset full_rule

# Load macro arguments into arrays
read -a syscall_a &lt;&lt;&lt; $SYSCALL
read -a syscall_grouping &lt;&lt;&lt; $SYSCALL_GROUPING

# Create a list of audit *.rules files that should be inspected for presence and correctness
# of a particular audit rule. The scheme is as follows:
#
# -----------------------------------------------------------------------------------------
#  Tool used to load audit rules | Rule already defined  |  Audit rules file to inspect    |
# -----------------------------------------------------------------------------------------
#        auditctl                |     Doesn't matter    |  /etc/audit/audit.rules         |
# -----------------------------------------------------------------------------------------
#        augenrules              |          Yes          |  /etc/audit/rules.d/*.rules     |
#        augenrules              |          No           |  /etc/audit/rules.d/$key.rules  |
# -----------------------------------------------------------------------------------------
#
files_to_inspect=()


# If audit tool is 'auditctl', then add '/etc/audit/audit.rules'
# file to the list of files to be inspected
default_file="/etc/audit/audit.rules"
files_to_inspect+=('/etc/audit/audit.rules' )

# After converting to jinja, we cannot return; therefore we skip the rest of the macro if needed instead
skip=1

for audit_file in "${files_to_inspect[@]}"
do
    # Filter existing $audit_file rules' definitions to select those that satisfy the rule pattern,
    # i.e, collect rules that match:
    # * the action, list and arch, (2-nd argument)
    # * the other filters, (3-rd argument)
    # * the auid filters, (4-rd argument)
    readarray -t similar_rules &lt; &lt;(sed -e "/^$ACTION_ARCH_FILTERS/!d"  -e "\#$OTHER_FILTERS#!d" -e "/$AUID_FILTERS/!d" "$audit_file")

    candidate_rules=()
    # Filter out rules that have more fields then required. This will remove rules more specific than the required scope
    for s_rule in "${similar_rules[@]}"
    do
        # Strip all the options and fields we know of,
        # than check if there was any field left over
        extra_fields=$(sed -E -e "s/^$ACTION_ARCH_FILTERS//"  -e "s#$OTHER_FILTERS##" -e "s/$AUID_FILTERS//" -e "s/((:?-S [[:alnum:],]+)+)//g" -e "s/-F key=\w+|-k \w+//"&lt;&lt;&lt; "$s_rule")
        grep -q -- "-F" &lt;&lt;&lt; "$extra_fields" || candidate_rules+=("$s_rule")
    done

    if [[ ${#syscall_a[@]} -ge 1 ]]
    then
        # Check if the syscall we want is present in any of the similar existing rules
        for rule in "${candidate_rules[@]}"
        do
            rule_syscalls=$(echo "$rule" | grep -o -P '(-S [\w,]+)+' | xargs)
            all_syscalls_found=0
            for syscall in "${syscall_a[@]}"
            do
                grep -q -- "\b${syscall}\b" &lt;&lt;&lt; "$rule_syscalls" || {
                   # A syscall was not found in the candidate rule
                   all_syscalls_found=1
                   }
            done
            if [[ $all_syscalls_found -eq 0 ]]
            then
                # We found a rule with all the syscall(s) we want; skip rest of macro
                skip=0
                break
            fi

            # Check if this rule can be grouped with our target syscall and keep track of it
            for syscall_g in "${syscall_grouping[@]}"
            do
                if grep -q -- "\b${syscall_g}\b" &lt;&lt;&lt; "$rule_syscalls"
                then
                    file_to_edit=${audit_file}
                    rule_to_edit=${rule}
                    rule_syscalls_to_edit=${rule_syscalls}
                fi
            done
        done
    else
        # If there is any candidate rule, it is compliant; skip rest of macro
        if [ "${#candidate_rules[@]}" -gt 0 ]
        then
            skip=0
        fi
    fi

    if [ "$skip" -eq 0 ]; then
        break
    fi
done

if [ "$skip" -ne 0 ]; then
    # We checked all rules that matched the expected resemblance pattern (action, arch &amp; auid)
    # At this point we know if we need to either append the $full_rule or group
    # the syscall together with an exsiting rule

    # Append the full_rule if it cannot be grouped to any other rule
    if [ -z ${rule_to_edit+x} ]
    then
        # Build full_rule while avoid adding double spaces when other_filters is empty
        if [ "${#syscall_a[@]}" -gt 0 ]
        then
            syscall_string=""
            for syscall in "${syscall_a[@]}"
            do
                syscall_string+=" -S $syscall"
            done
        fi
        other_string=$([[ $OTHER_FILTERS ]] &amp;&amp; echo " $OTHER_FILTERS") || /bin/true
        auid_string=$([[ $AUID_FILTERS ]] &amp;&amp; echo " $AUID_FILTERS") || /bin/true
        full_rule="$ACTION_ARCH_FILTERS${syscall_string}${other_string}${auid_string} -F key=$KEY" || /bin/true
        echo "$full_rule" &gt;&gt; "$default_file"
        chmod 0600 ${default_file}
    else
        # Check if the syscalls are declared as a comma separated list or
        # as multiple -S parameters
        if grep -q -- "," &lt;&lt;&lt; "${rule_syscalls_to_edit}"
        then
            delimiter=","
        else
            delimiter=" -S "
        fi
        new_grouped_syscalls="${rule_syscalls_to_edit}"
        for syscall in "${syscall_a[@]}"
        do
            grep -q -- "\b${syscall}\b" &lt;&lt;&lt; "${rule_syscalls_to_edit}" || {
               # A syscall was not found in the candidate rule
               new_grouped_syscalls+="${delimiter}${syscall}"
               }
        done

        # Group the syscall in the rule
        sed -i -e "\#${rule_to_edit}#s#${rule_syscalls_to_edit}#${new_grouped_syscalls}#" "$file_to_edit"
    fi
fi
done

for ARCH in "${RULE_ARCHS[@]}"
do
	ACTION_ARCH_FILTERS="-a always,exit -F arch=$ARCH"
	OTHER_FILTERS="-F exit=-EPERM"
	# Perform the remediation for both possible tools: 'auditctl' and 'augenrules'
	unset syscall_a
unset syscall_grouping
unset syscall_string
unset syscall
unset file_to_edit
unset rule_to_edit
unset rule_syscalls_to_edit
unset other_string
unset auid_string
unset full_rule

# Load macro arguments into arrays
read -a syscall_a &lt;&lt;&lt; $SYSCALL
read -a syscall_grouping &lt;&lt;&lt; $SYSCALL_GROUPING

# Create a list of audit *.rules files that should be inspected for presence and correctness
# of a particular audit rule. The scheme is as follows:
#
# -----------------------------------------------------------------------------------------
#  Tool used to load audit rules | Rule already defined  |  Audit rules file to inspect    |
# -----------------------------------------------------------------------------------------
#        auditctl                |     Doesn't matter    |  /etc/audit/audit.rules         |
# -----------------------------------------------------------------------------------------
#        augenrules              |          Yes          |  /etc/audit/rules.d/*.rules     |
#        augenrules              |          No           |  /etc/audit/rules.d/$key.rules  |
# -----------------------------------------------------------------------------------------
#
files_to_inspect=()

# If audit tool is 'augenrules', then check if the audit rule is defined
# If rule is defined, add '/etc/audit/rules.d/*.rules' to the list for inspection
# If rule isn't defined yet, add '/etc/audit/rules.d/$key.rules' to the list for inspection
default_file="/etc/audit/rules.d/$KEY.rules"
# As other_filters may include paths, lets use a different delimiter for it
# The "F" script expression tells sed to print the filenames where the expressions matched
readarray -t files_to_inspect &lt; &lt;(sed -s -n -e "/^$ACTION_ARCH_FILTERS/!d" -e "\#$OTHER_FILTERS#!d" -e "/$AUID_FILTERS/!d" -e "F" /etc/audit/rules.d/*.rules)
# Case when particular rule isn't defined in /etc/audit/rules.d/*.rules yet
if [ ${#files_to_inspect[@]} -eq "0" ]
then
    file_to_inspect="/etc/audit/rules.d/$KEY.rules"
    files_to_inspect=("$file_to_inspect")
    if [ ! -e "$file_to_inspect" ]
    then
        touch "$file_to_inspect"
        chmod 0600 "$file_to_inspect"
    fi
fi

# After converting to jinja, we cannot return; therefore we skip the rest of the macro if needed instead
skip=1

for audit_file in "${files_to_inspect[@]}"
do
    # Filter existing $audit_file rules' definitions to select those that satisfy the rule pattern,
    # i.e, collect rules that match:
    # * the action, list and arch, (2-nd argument)
    # * the other filters, (3-rd argument)
    # * the auid filters, (4-rd argument)
    readarray -t similar_rules &lt; &lt;(sed -e "/^$ACTION_ARCH_FILTERS/!d"  -e "\#$OTHER_FILTERS#!d" -e "/$AUID_FILTERS/!d" "$audit_file")

    candidate_rules=()
    # Filter out rules that have more fields then required. This will remove rules more specific than the required scope
    for s_rule in "${similar_rules[@]}"
    do
        # Strip all the options and fields we know of,
        # than check if there was any field left over
        extra_fields=$(sed -E -e "s/^$ACTION_ARCH_FILTERS//"  -e "s#$OTHER_FILTERS##" -e "s/$AUID_FILTERS//" -e "s/((:?-S [[:alnum:],]+)+)//g" -e "s/-F key=\w+|-k \w+//"&lt;&lt;&lt; "$s_rule")
        grep -q -- "-F" &lt;&lt;&lt; "$extra_fields" || candidate_rules+=("$s_rule")
    done

    if [[ ${#syscall_a[@]} -ge 1 ]]
    then
        # Check if the syscall we want is present in any of the similar existing rules
        for rule in "${candidate_rules[@]}"
        do
            rule_syscalls=$(echo "$rule" | grep -o -P '(-S [\w,]+)+' | xargs)
            all_syscalls_found=0
            for syscall in "${syscall_a[@]}"
            do
                grep -q -- "\b${syscall}\b" &lt;&lt;&lt; "$rule_syscalls" || {
                   # A syscall was not found in the candidate rule
                   all_syscalls_found=1
                   }
            done
            if [[ $all_syscalls_found -eq 0 ]]
            then
                # We found a rule with all the syscall(s) we want; skip rest of macro
                skip=0
                break
            fi

            # Check if this rule can be grouped with our target syscall and keep track of it
            for syscall_g in "${syscall_grouping[@]}"
            do
                if grep -q -- "\b${syscall_g}\b" &lt;&lt;&lt; "$rule_syscalls"
                then
                    file_to_edit=${audit_file}
                    rule_to_edit=${rule}
                    rule_syscalls_to_edit=${rule_syscalls}
                fi
            done
        done
    else
        # If there is any candidate rule, it is compliant; skip rest of macro
        if [ "${#candidate_rules[@]}" -gt 0 ]
        then
            skip=0
        fi
    fi

    if [ "$skip" -eq 0 ]; then
        break
    fi
done

if [ "$skip" -ne 0 ]; then
    # We checked all rules that matched the expected resemblance pattern (action, arch &amp; auid)
    # At this point we know if we need to either append the $full_rule or group
    # the syscall together with an exsiting rule

    # Append the full_rule if it cannot be grouped to any other rule
    if [ -z ${rule_to_edit+x} ]
    then
        # Build full_rule while avoid adding double spaces when other_filters is empty
        if [ "${#syscall_a[@]}" -gt 0 ]
        then
            syscall_string=""
            for syscall in "${syscall_a[@]}"
            do
                syscall_string+=" -S $syscall"
            done
        fi
        other_string=$([[ $OTHER_FILTERS ]] &amp;&amp; echo " $OTHER_FILTERS") || /bin/true
        auid_string=$([[ $AUID_FILTERS ]] &amp;&amp; echo " $AUID_FILTERS") || /bin/true
        full_rule="$ACTION_ARCH_FILTERS${syscall_string}${other_string}${auid_string} -F key=$KEY" || /bin/true
        echo "$full_rule" &gt;&gt; "$default_file"
        chmod 0600 ${default_file}
    else
        # Check if the syscalls are declared as a comma separated list or
        # as multiple -S parameters
        if grep -q -- "," &lt;&lt;&lt; "${rule_syscalls_to_edit}"
        then
            delimiter=","
        else
            delimiter=" -S "
        fi
        new_grouped_syscalls="${rule_syscalls_to_edit}"
        for syscall in "${syscall_a[@]}"
        do
            grep -q -- "\b${syscall}\b" &lt;&lt;&lt; "${rule_syscalls_to_edit}" || {
               # A syscall was not found in the candidate rule
               new_grouped_syscalls+="${delimiter}${syscall}"
               }
        done

        # Group the syscall in the rule
        sed -i -e "\#${rule_to_edit}#s#${rule_syscalls_to_edit}#${new_grouped_syscalls}#" "$file_to_edit"
    fi
fi
	unset syscall_a
unset syscall_grouping
unset syscall_string
unset syscall
unset file_to_edit
unset rule_to_edit
unset rule_syscalls_to_edit
unset other_string
unset auid_string
unset full_rule

# Load macro arguments into arrays
read -a syscall_a &lt;&lt;&lt; $SYSCALL
read -a syscall_grouping &lt;&lt;&lt; $SYSCALL_GROUPING

# Create a list of audit *.rules files that should be inspected for presence and correctness
# of a particular audit rule. The scheme is as follows:
#
# -----------------------------------------------------------------------------------------
#  Tool used to load audit rules | Rule already defined  |  Audit rules file to inspect    |
# -----------------------------------------------------------------------------------------
#        auditctl                |     Doesn't matter    |  /etc/audit/audit.rules         |
# -----------------------------------------------------------------------------------------
#        augenrules              |          Yes          |  /etc/audit/rules.d/*.rules     |
#        augenrules              |          No           |  /etc/audit/rules.d/$key.rules  |
# -----------------------------------------------------------------------------------------
#
files_to_inspect=()


# If audit tool is 'auditctl', then add '/etc/audit/audit.rules'
# file to the list of files to be inspected
default_file="/etc/audit/audit.rules"
files_to_inspect+=('/etc/audit/audit.rules' )

# After converting to jinja, we cannot return; therefore we skip the rest of the macro if needed instead
skip=1

for audit_file in "${files_to_inspect[@]}"
do
    # Filter existing $audit_file rules' definitions to select those that satisfy the rule pattern,
    # i.e, collect rules that match:
    # * the action, list and arch, (2-nd argument)
    # * the other filters, (3-rd argument)
    # * the auid filters, (4-rd argument)
    readarray -t similar_rules &lt; &lt;(sed -e "/^$ACTION_ARCH_FILTERS/!d"  -e "\#$OTHER_FILTERS#!d" -e "/$AUID_FILTERS/!d" "$audit_file")

    candidate_rules=()
    # Filter out rules that have more fields then required. This will remove rules more specific than the required scope
    for s_rule in "${similar_rules[@]}"
    do
        # Strip all the options and fields we know of,
        # than check if there was any field left over
        extra_fields=$(sed -E -e "s/^$ACTION_ARCH_FILTERS//"  -e "s#$OTHER_FILTERS##" -e "s/$AUID_FILTERS//" -e "s/((:?-S [[:alnum:],]+)+)//g" -e "s/-F key=\w+|-k \w+//"&lt;&lt;&lt; "$s_rule")
        grep -q -- "-F" &lt;&lt;&lt; "$extra_fields" || candidate_rules+=("$s_rule")
    done

    if [[ ${#syscall_a[@]} -ge 1 ]]
    then
        # Check if the syscall we want is present in any of the similar existing rules
        for rule in "${candidate_rules[@]}"
        do
            rule_syscalls=$(echo "$rule" | grep -o -P '(-S [\w,]+)+' | xargs)
            all_syscalls_found=0
            for syscall in "${syscall_a[@]}"
            do
                grep -q -- "\b${syscall}\b" &lt;&lt;&lt; "$rule_syscalls" || {
                   # A syscall was not found in the candidate rule
                   all_syscalls_found=1
                   }
            done
            if [[ $all_syscalls_found -eq 0 ]]
            then
                # We found a rule with all the syscall(s) we want; skip rest of macro
                skip=0
                break
            fi

            # Check if this rule can be grouped with our target syscall and keep track of it
            for syscall_g in "${syscall_grouping[@]}"
            do
                if grep -q -- "\b${syscall_g}\b" &lt;&lt;&lt; "$rule_syscalls"
                then
                    file_to_edit=${audit_file}
                    rule_to_edit=${rule}
                    rule_syscalls_to_edit=${rule_syscalls}
                fi
            done
        done
    else
        # If there is any candidate rule, it is compliant; skip rest of macro
        if [ "${#candidate_rules[@]}" -gt 0 ]
        then
            skip=0
        fi
    fi

    if [ "$skip" -eq 0 ]; then
        break
    fi
done

if [ "$skip" -ne 0 ]; then
    # We checked all rules that matched the expected resemblance pattern (action, arch &amp; auid)
    # At this point we know if we need to either append the $full_rule or group
    # the syscall together with an exsiting rule

    # Append the full_rule if it cannot be grouped to any other rule
    if [ -z ${rule_to_edit+x} ]
    then
        # Build full_rule while avoid adding double spaces when other_filters is empty
        if [ "${#syscall_a[@]}" -gt 0 ]
        then
            syscall_string=""
            for syscall in "${syscall_a[@]}"
            do
                syscall_string+=" -S $syscall"
            done
        fi
        other_string=$([[ $OTHER_FILTERS ]] &amp;&amp; echo " $OTHER_FILTERS") || /bin/true
        auid_string=$([[ $AUID_FILTERS ]] &amp;&amp; echo " $AUID_FILTERS") || /bin/true
        full_rule="$ACTION_ARCH_FILTERS${syscall_string}${other_string}${auid_string} -F key=$KEY" || /bin/true
        echo "$full_rule" &gt;&gt; "$default_file"
        chmod 0600 ${default_file}
    else
        # Check if the syscalls are declared as a comma separated list or
        # as multiple -S parameters
        if grep -q -- "," &lt;&lt;&lt; "${rule_syscalls_to_edit}"
        then
            delimiter=","
        else
            delimiter=" -S "
        fi
        new_grouped_syscalls="${rule_syscalls_to_edit}"
        for syscall in "${syscall_a[@]}"
        do
            grep -q -- "\b${syscall}\b" &lt;&lt;&lt; "${rule_syscalls_to_edit}" || {
               # A syscall was not found in the candidate rule
               new_grouped_syscalls+="${delimiter}${syscall}"
               }
        done

        # Group the syscall in the rule
        sed -i -e "\#${rule_to_edit}#s#${rule_syscalls_to_edit}#${new_grouped_syscalls}#" "$file_to_edit"
    fi
fi
done

else
    &gt;&amp;2 echo 'Remediation is not applicable, nothing was done'
fi
</fix>
          <fix xmlns:xhtml="http://www.w3.org/1999/xhtml" id="audit_rules_unsuccessful_file_modification_creat" system="urn:xccdf:fix:script:ansible" reboot="true" complexity="low" disruption="low" strategy="restrict">- name: Gather the package facts
  package_facts:
    manager: auto
  tags:
  - CCE-85681-5
  - DISA-STIG-SLES-15-030150
  - NIST-800-171-3.1.7
  - NIST-800-53-AU-12(a)
  - NIST-800-53-AU-12(c)
  - NIST-800-53-AU-12.1(ii)
  - NIST-800-53-AU-12.1(iv)
  - NIST-800-53-AU-3
  - NIST-800-53-AU-3.1
  - NIST-800-53-MA-4(1)(a)
  - PCI-DSS-Req-10.2.1
  - PCI-DSS-Req-10.2.4
  - audit_rules_unsuccessful_file_modification_creat
  - low_complexity
  - low_disruption
  - medium_severity
  - reboot_required
  - restrict_strategy

- name: Set architecture for audit creat tasks
  ansible.builtin.set_fact:
    audit_arch: b64
  when:
  - '"audit" in ansible_facts.packages'
  - ("kernel-default" in ansible_facts.packages or "kernel-default-base" in ansible_facts.packages)
  - not ( ansible_architecture == "aarch64" )
  - ansible_architecture == "aarch64" or ansible_architecture == "ppc64" or ansible_architecture
    == "ppc64le" or ansible_architecture == "s390x" or ansible_architecture == "x86_64"
  tags:
  - CCE-85681-5
  - DISA-STIG-SLES-15-030150
  - NIST-800-171-3.1.7
  - NIST-800-53-AU-12(a)
  - NIST-800-53-AU-12(c)
  - NIST-800-53-AU-12.1(ii)
  - NIST-800-53-AU-12.1(iv)
  - NIST-800-53-AU-3
  - NIST-800-53-AU-3.1
  - NIST-800-53-MA-4(1)(a)
  - PCI-DSS-Req-10.2.1
  - PCI-DSS-Req-10.2.4
  - audit_rules_unsuccessful_file_modification_creat
  - low_complexity
  - low_disruption
  - medium_severity
  - reboot_required
  - restrict_strategy

- name: Perform remediation of Audit rules for creat EACCES for 32bit platform
  block:

  - name: Declare list of syscalls
    ansible.builtin.set_fact:
      syscalls:
      - creat
      syscall_grouping:
      - creat
      - ftruncate
      - truncate
      - open
      - openat
      - open_by_handle_at

  - name: Check existence of creat in /etc/audit/rules.d/
    ansible.builtin.find:
      paths: /etc/audit/rules.d
      contains: -a always,exit -F arch=b32(( -S |,)\w+)*(( -S |,){{ item }})+(( -S
        |,)\w+)* -F exit=-EACCES -F auid&gt;=1000 -F auid!=unset (-k\s+|-F\s+key=)\S+\s*$
      patterns: '*.rules'
    register: find_command
    loop: '{{ (syscall_grouping + syscalls) | unique }}'

  - name: Reset syscalls found per file
    ansible.builtin.set_fact:
      syscalls_per_file: {}
      found_paths_dict: {}

  - name: Declare syscalls found per file
    ansible.builtin.set_fact: syscalls_per_file="{{ syscalls_per_file | combine( {item.files[0].path
      :[item.item] + syscalls_per_file.get(item.files[0].path, []) } ) }}"
    loop: '{{ find_command.results | selectattr(''matched'') | list }}'

  - name: Declare files where syscalls were found
    ansible.builtin.set_fact: found_paths="{{ find_command.results | map(attribute='files')
      | flatten | map(attribute='path') | list }}"

  - name: Count occurrences of syscalls in paths
    ansible.builtin.set_fact: found_paths_dict="{{ found_paths_dict | combine({ item:1+found_paths_dict.get(item,
      0) }) }}"
    loop: '{{ find_command.results | map(attribute=''files'') | flatten | map(attribute=''path'')
      | list }}'

  - name: Get path with most syscalls
    ansible.builtin.set_fact: audit_file="{{ (found_paths_dict | dict2items() | sort(attribute='value')
      | last).key }}"
    when: found_paths | length &gt;= 1

  - name: No file with syscall found, set path to /etc/audit/rules.d/access.rules
    ansible.builtin.set_fact: audit_file="/etc/audit/rules.d/access.rules"
    when: found_paths | length == 0

  - name: Declare found syscalls
    ansible.builtin.set_fact: syscalls_found="{{ find_command.results | selectattr('matched')
      | map(attribute='item') | list }}"

  - name: Declare missing syscalls
    ansible.builtin.set_fact: missing_syscalls="{{ syscalls | difference(syscalls_found)
      }}"

  - name: Replace the audit rule in {{ audit_file }}
    ansible.builtin.lineinfile:
      path: '{{ audit_file }}'
      regexp: (-a always,exit -F arch=b32)(?=.*(?:(?:-S |,)(?:{{ syscalls_per_file[audit_file]
        | join("|") }}))\b)((?:( -S |,)\w+)+)( -F exit=-EACCES -F auid&gt;=1000 -F auid!=unset
        (?:-k |-F key=)\w+)
      line: \1\2\3{{ missing_syscalls | join("\3") }}\4
      backrefs: true
      state: present
      mode: g-rwx,o-rwx
    when: syscalls_found | length &gt; 0 and missing_syscalls | length &gt; 0

  - name: Add the audit rule to {{ audit_file }}
    ansible.builtin.lineinfile:
      path: '{{ audit_file }}'
      line: -a always,exit -F arch=b32 -S {{ syscalls | join(',') }} -F exit=-EACCES
        -F auid&gt;=1000 -F auid!=unset -F key=access
      create: true
      mode: g-rwx,o-rwx
      state: present
    when: syscalls_found | length == 0

  - name: Declare list of syscalls
    ansible.builtin.set_fact:
      syscalls:
      - creat
      syscall_grouping:
      - creat
      - ftruncate
      - truncate
      - open
      - openat
      - open_by_handle_at

  - name: Check existence of creat in /etc/audit/audit.rules
    ansible.builtin.find:
      paths: /etc/audit
      contains: -a always,exit -F arch=b32(( -S |,)\w+)*(( -S |,){{ item }})+(( -S
        |,)\w+)* -F exit=-EACCES -F auid&gt;=1000 -F auid!=unset (-k\s+|-F\s+key=)\S+\s*$
      patterns: audit.rules
    register: find_command
    loop: '{{ (syscall_grouping + syscalls) | unique }}'

  - name: Set path to /etc/audit/audit.rules
    ansible.builtin.set_fact: audit_file="/etc/audit/audit.rules"

  - name: Declare found syscalls
    ansible.builtin.set_fact: syscalls_found="{{ find_command.results | selectattr('matched')
      | map(attribute='item') | list }}"

  - name: Declare missing syscalls
    ansible.builtin.set_fact: missing_syscalls="{{ syscalls | difference(syscalls_found)
      }}"

  - name: Replace the audit rule in {{ audit_file }}
    ansible.builtin.lineinfile:
      path: '{{ audit_file }}'
      regexp: (-a always,exit -F arch=b32)(?=.*(?:(?:-S |,)(?:{{ syscalls_found |
        join("|") }}))\b)((?:( -S |,)\w+)+)( -F exit=-EACCES -F auid&gt;=1000 -F auid!=unset
        (?:-k |-F key=)\w+)
      line: \1\2\3{{ missing_syscalls | join("\3") }}\4
      backrefs: true
      state: present
      mode: g-rwx,o-rwx
    when: syscalls_found | length &gt; 0 and missing_syscalls | length &gt; 0

  - name: Add the audit rule to {{ audit_file }}
    ansible.builtin.lineinfile:
      path: '{{ audit_file }}'
      line: -a always,exit -F arch=b32 -S {{ syscalls | join(',') }} -F exit=-EACCES
        -F auid&gt;=1000 -F auid!=unset -F key=access
      create: true
      mode: g-rwx,o-rwx
      state: present
    when: syscalls_found | length == 0
  when:
  - '"audit" in ansible_facts.packages'
  - ("kernel-default" in ansible_facts.packages or "kernel-default-base" in ansible_facts.packages)
  - not ( ansible_architecture == "aarch64" )
  tags:
  - CCE-85681-5
  - DISA-STIG-SLES-15-030150
  - NIST-800-171-3.1.7
  - NIST-800-53-AU-12(a)
  - NIST-800-53-AU-12(c)
  - NIST-800-53-AU-12.1(ii)
  - NIST-800-53-AU-12.1(iv)
  - NIST-800-53-AU-3
  - NIST-800-53-AU-3.1
  - NIST-800-53-MA-4(1)(a)
  - PCI-DSS-Req-10.2.1
  - PCI-DSS-Req-10.2.4
  - audit_rules_unsuccessful_file_modification_creat
  - low_complexity
  - low_disruption
  - medium_severity
  - reboot_required
  - restrict_strategy

- name: Perform remediation of Audit rules for creat EACCES for 64bit platform
  block:

  - name: Declare list of syscalls
    ansible.builtin.set_fact:
      syscalls:
      - creat
      syscall_grouping:
      - creat
      - ftruncate
      - truncate
      - open
      - openat
      - open_by_handle_at

  - name: Check existence of creat in /etc/audit/rules.d/
    ansible.builtin.find:
      paths: /etc/audit/rules.d
      contains: -a always,exit -F arch=b64(( -S |,)\w+)*(( -S |,){{ item }})+(( -S
        |,)\w+)* -F exit=-EACCES -F auid&gt;=1000 -F auid!=unset (-k\s+|-F\s+key=)\S+\s*$
      patterns: '*.rules'
    register: find_command
    loop: '{{ (syscall_grouping + syscalls) | unique }}'

  - name: Reset syscalls found per file
    ansible.builtin.set_fact:
      syscalls_per_file: {}
      found_paths_dict: {}

  - name: Declare syscalls found per file
    ansible.builtin.set_fact: syscalls_per_file="{{ syscalls_per_file | combine( {item.files[0].path
      :[item.item] + syscalls_per_file.get(item.files[0].path, []) } ) }}"
    loop: '{{ find_command.results | selectattr(''matched'') | list }}'

  - name: Declare files where syscalls were found
    ansible.builtin.set_fact: found_paths="{{ find_command.results | map(attribute='files')
      | flatten | map(attribute='path') | list }}"

  - name: Count occurrences of syscalls in paths
    ansible.builtin.set_fact: found_paths_dict="{{ found_paths_dict | combine({ item:1+found_paths_dict.get(item,
      0) }) }}"
    loop: '{{ find_command.results | map(attribute=''files'') | flatten | map(attribute=''path'')
      | list }}'

  - name: Get path with most syscalls
    ansible.builtin.set_fact: audit_file="{{ (found_paths_dict | dict2items() | sort(attribute='value')
      | last).key }}"
    when: found_paths | length &gt;= 1

  - name: No file with syscall found, set path to /etc/audit/rules.d/access.rules
    ansible.builtin.set_fact: audit_file="/etc/audit/rules.d/access.rules"
    when: found_paths | length == 0

  - name: Declare found syscalls
    ansible.builtin.set_fact: syscalls_found="{{ find_command.results | selectattr('matched')
      | map(attribute='item') | list }}"

  - name: Declare missing syscalls
    ansible.builtin.set_fact: missing_syscalls="{{ syscalls | difference(syscalls_found)
      }}"

  - name: Replace the audit rule in {{ audit_file }}
    ansible.builtin.lineinfile:
      path: '{{ audit_file }}'
      regexp: (-a always,exit -F arch=b64)(?=.*(?:(?:-S |,)(?:{{ syscalls_per_file[audit_file]
        | join("|") }}))\b)((?:( -S |,)\w+)+)( -F exit=-EACCES -F auid&gt;=1000 -F auid!=unset
        (?:-k |-F key=)\w+)
      line: \1\2\3{{ missing_syscalls | join("\3") }}\4
      backrefs: true
      state: present
      mode: g-rwx,o-rwx
    when: syscalls_found | length &gt; 0 and missing_syscalls | length &gt; 0

  - name: Add the audit rule to {{ audit_file }}
    ansible.builtin.lineinfile:
      path: '{{ audit_file }}'
      line: -a always,exit -F arch=b64 -S {{ syscalls | join(',') }} -F exit=-EACCES
        -F auid&gt;=1000 -F auid!=unset -F key=access
      create: true
      mode: g-rwx,o-rwx
      state: present
    when: syscalls_found | length == 0

  - name: Declare list of syscalls
    ansible.builtin.set_fact:
      syscalls:
      - creat
      syscall_grouping:
      - creat
      - ftruncate
      - truncate
      - open
      - openat
      - open_by_handle_at

  - name: Check existence of creat in /etc/audit/audit.rules
    ansible.builtin.find:
      paths: /etc/audit
      contains: -a always,exit -F arch=b64(( -S |,)\w+)*(( -S |,){{ item }})+(( -S
        |,)\w+)* -F exit=-EACCES -F auid&gt;=1000 -F auid!=unset (-k\s+|-F\s+key=)\S+\s*$
      patterns: audit.rules
    register: find_command
    loop: '{{ (syscall_grouping + syscalls) | unique }}'

  - name: Set path to /etc/audit/audit.rules
    ansible.builtin.set_fact: audit_file="/etc/audit/audit.rules"

  - name: Declare found syscalls
    ansible.builtin.set_fact: syscalls_found="{{ find_command.results | selectattr('matched')
      | map(attribute='item') | list }}"

  - name: Declare missing syscalls
    ansible.builtin.set_fact: missing_syscalls="{{ syscalls | difference(syscalls_found)
      }}"

  - name: Replace the audit rule in {{ audit_file }}
    ansible.builtin.lineinfile:
      path: '{{ audit_file }}'
      regexp: (-a always,exit -F arch=b64)(?=.*(?:(?:-S |,)(?:{{ syscalls_found |
        join("|") }}))\b)((?:( -S |,)\w+)+)( -F exit=-EACCES -F auid&gt;=1000 -F auid!=unset
        (?:-k |-F key=)\w+)
      line: \1\2\3{{ missing_syscalls | join("\3") }}\4
      backrefs: true
      state: present
      mode: g-rwx,o-rwx
    when: syscalls_found | length &gt; 0 and missing_syscalls | length &gt; 0

  - name: Add the audit rule to {{ audit_file }}
    ansible.builtin.lineinfile:
      path: '{{ audit_file }}'
      line: -a always,exit -F arch=b64 -S {{ syscalls | join(',') }} -F exit=-EACCES
        -F auid&gt;=1000 -F auid!=unset -F key=access
      create: true
      mode: g-rwx,o-rwx
      state: present
    when: syscalls_found | length == 0
  when:
  - '"audit" in ansible_facts.packages'
  - ("kernel-default" in ansible_facts.packages or "kernel-default-base" in ansible_facts.packages)
  - not ( ansible_architecture == "aarch64" )
  - audit_arch == "b64"
  tags:
  - CCE-85681-5
  - DISA-STIG-SLES-15-030150
  - NIST-800-171-3.1.7
  - NIST-800-53-AU-12(a)
  - NIST-800-53-AU-12(c)
  - NIST-800-53-AU-12.1(ii)
  - NIST-800-53-AU-12.1(iv)
  - NIST-800-53-AU-3
  - NIST-800-53-AU-3.1
  - NIST-800-53-MA-4(1)(a)
  - PCI-DSS-Req-10.2.1
  - PCI-DSS-Req-10.2.4
  - audit_rules_unsuccessful_file_modification_creat
  - low_complexity
  - low_disruption
  - medium_severity
  - reboot_required
  - restrict_strategy

- name: Perform remediation of Audit rules for creat EPERM for 32bit platform
  block:

  - name: Declare list of syscalls
    ansible.builtin.set_fact:
      syscalls:
      - creat
      syscall_grouping:
      - creat
      - ftruncate
      - truncate
      - open
      - openat
      - open_by_handle_at

  - name: Check existence of creat in /etc/audit/rules.d/
    ansible.builtin.find:
      paths: /etc/audit/rules.d
      contains: -a always,exit -F arch=b32(( -S |,)\w+)*(( -S |,){{ item }})+(( -S
        |,)\w+)* -F exit=-EPERM -F auid&gt;=1000 -F auid!=unset (-k\s+|-F\s+key=)\S+\s*$
      patterns: '*.rules'
    register: find_command
    loop: '{{ (syscall_grouping + syscalls) | unique }}'

  - name: Reset syscalls found per file
    ansible.builtin.set_fact:
      syscalls_per_file: {}
      found_paths_dict: {}

  - name: Declare syscalls found per file
    ansible.builtin.set_fact: syscalls_per_file="{{ syscalls_per_file | combine( {item.files[0].path
      :[item.item] + syscalls_per_file.get(item.files[0].path, []) } ) }}"
    loop: '{{ find_command.results | selectattr(''matched'') | list }}'

  - name: Declare files where syscalls were found
    ansible.builtin.set_fact: found_paths="{{ find_command.results | map(attribute='files')
      | flatten | map(attribute='path') | list }}"

  - name: Count occurrences of syscalls in paths
    ansible.builtin.set_fact: found_paths_dict="{{ found_paths_dict | combine({ item:1+found_paths_dict.get(item,
      0) }) }}"
    loop: '{{ find_command.results | map(attribute=''files'') | flatten | map(attribute=''path'')
      | list }}'

  - name: Get path with most syscalls
    ansible.builtin.set_fact: audit_file="{{ (found_paths_dict | dict2items() | sort(attribute='value')
      | last).key }}"
    when: found_paths | length &gt;= 1

  - name: No file with syscall found, set path to /etc/audit/rules.d/access.rules
    ansible.builtin.set_fact: audit_file="/etc/audit/rules.d/access.rules"
    when: found_paths | length == 0

  - name: Declare found syscalls
    ansible.builtin.set_fact: syscalls_found="{{ find_command.results | selectattr('matched')
      | map(attribute='item') | list }}"

  - name: Declare missing syscalls
    ansible.builtin.set_fact: missing_syscalls="{{ syscalls | difference(syscalls_found)
      }}"

  - name: Replace the audit rule in {{ audit_file }}
    ansible.builtin.lineinfile:
      path: '{{ audit_file }}'
      regexp: (-a always,exit -F arch=b32)(?=.*(?:(?:-S |,)(?:{{ syscalls_per_file[audit_file]
        | join("|") }}))\b)((?:( -S |,)\w+)+)( -F exit=-EPERM -F auid&gt;=1000 -F auid!=unset
        (?:-k |-F key=)\w+)
      line: \1\2\3{{ missing_syscalls | join("\3") }}\4
      backrefs: true
      state: present
      mode: g-rwx,o-rwx
    when: syscalls_found | length &gt; 0 and missing_syscalls | length &gt; 0

  - name: Add the audit rule to {{ audit_file }}
    ansible.builtin.lineinfile:
      path: '{{ audit_file }}'
      line: -a always,exit -F arch=b32 -S {{ syscalls | join(',') }} -F exit=-EPERM
        -F auid&gt;=1000 -F auid!=unset -F key=access
      create: true
      mode: g-rwx,o-rwx
      state: present
    when: syscalls_found | length == 0

  - name: Declare list of syscalls
    ansible.builtin.set_fact:
      syscalls:
      - creat
      syscall_grouping:
      - creat
      - ftruncate
      - truncate
      - open
      - openat
      - open_by_handle_at

  - name: Check existence of creat in /etc/audit/audit.rules
    ansible.builtin.find:
      paths: /etc/audit
      contains: -a always,exit -F arch=b32(( -S |,)\w+)*(( -S |,){{ item }})+(( -S
        |,)\w+)* -F exit=-EPERM -F auid&gt;=1000 -F auid!=unset (-k\s+|-F\s+key=)\S+\s*$
      patterns: audit.rules
    register: find_command
    loop: '{{ (syscall_grouping + syscalls) | unique }}'

  - name: Set path to /etc/audit/audit.rules
    ansible.builtin.set_fact: audit_file="/etc/audit/audit.rules"

  - name: Declare found syscalls
    ansible.builtin.set_fact: syscalls_found="{{ find_command.results | selectattr('matched')
      | map(attribute='item') | list }}"

  - name: Declare missing syscalls
    ansible.builtin.set_fact: missing_syscalls="{{ syscalls | difference(syscalls_found)
      }}"

  - name: Replace the audit rule in {{ audit_file }}
    ansible.builtin.lineinfile:
      path: '{{ audit_file }}'
      regexp: (-a always,exit -F arch=b32)(?=.*(?:(?:-S |,)(?:{{ syscalls_found |
        join("|") }}))\b)((?:( -S |,)\w+)+)( -F exit=-EPERM -F auid&gt;=1000 -F auid!=unset
        (?:-k |-F key=)\w+)
      line: \1\2\3{{ missing_syscalls | join("\3") }}\4
      backrefs: true
      state: present
      mode: g-rwx,o-rwx
    when: syscalls_found | length &gt; 0 and missing_syscalls | length &gt; 0

  - name: Add the audit rule to {{ audit_file }}
    ansible.builtin.lineinfile:
      path: '{{ audit_file }}'
      line: -a always,exit -F arch=b32 -S {{ syscalls | join(',') }} -F exit=-EPERM
        -F auid&gt;=1000 -F auid!=unset -F key=access
      create: true
      mode: g-rwx,o-rwx
      state: present
    when: syscalls_found | length == 0
  when:
  - '"audit" in ansible_facts.packages'
  - ("kernel-default" in ansible_facts.packages or "kernel-default-base" in ansible_facts.packages)
  - not ( ansible_architecture == "aarch64" )
  tags:
  - CCE-85681-5
  - DISA-STIG-SLES-15-030150
  - NIST-800-171-3.1.7
  - NIST-800-53-AU-12(a)
  - NIST-800-53-AU-12(c)
  - NIST-800-53-AU-12.1(ii)
  - NIST-800-53-AU-12.1(iv)
  - NIST-800-53-AU-3
  - NIST-800-53-AU-3.1
  - NIST-800-53-MA-4(1)(a)
  - PCI-DSS-Req-10.2.1
  - PCI-DSS-Req-10.2.4
  - audit_rules_unsuccessful_file_modification_creat
  - low_complexity
  - low_disruption
  - medium_severity
  - reboot_required
  - restrict_strategy

- name: Perform remediation of Audit rules for creat EPERM for 64bit platform
  block:

  - name: Declare list of syscalls
    ansible.builtin.set_fact:
      syscalls:
      - creat
      syscall_grouping:
      - creat
      - ftruncate
      - truncate
      - open
      - openat
      - open_by_handle_at

  - name: Check existence of creat in /etc/audit/rules.d/
    ansible.builtin.find:
      paths: /etc/audit/rules.d
      contains: -a always,exit -F arch=b64(( -S |,)\w+)*(( -S |,){{ item }})+(( -S
        |,)\w+)* -F exit=-EPERM -F auid&gt;=1000 -F auid!=unset (-k\s+|-F\s+key=)\S+\s*$
      patterns: '*.rules'
    register: find_command
    loop: '{{ (syscall_grouping + syscalls) | unique }}'

  - name: Reset syscalls found per file
    ansible.builtin.set_fact:
      syscalls_per_file: {}
      found_paths_dict: {}

  - name: Declare syscalls found per file
    ansible.builtin.set_fact: syscalls_per_file="{{ syscalls_per_file | combine( {item.files[0].path
      :[item.item] + syscalls_per_file.get(item.files[0].path, []) } ) }}"
    loop: '{{ find_command.results | selectattr(''matched'') | list }}'

  - name: Declare files where syscalls were found
    ansible.builtin.set_fact: found_paths="{{ find_command.results | map(attribute='files')
      | flatten | map(attribute='path') | list }}"

  - name: Count occurrences of syscalls in paths
    ansible.builtin.set_fact: found_paths_dict="{{ found_paths_dict | combine({ item:1+found_paths_dict.get(item,
      0) }) }}"
    loop: '{{ find_command.results | map(attribute=''files'') | flatten | map(attribute=''path'')
      | list }}'

  - name: Get path with most syscalls
    ansible.builtin.set_fact: audit_file="{{ (found_paths_dict | dict2items() | sort(attribute='value')
      | last).key }}"
    when: found_paths | length &gt;= 1

  - name: No file with syscall found, set path to /etc/audit/rules.d/access.rules
    ansible.builtin.set_fact: audit_file="/etc/audit/rules.d/access.rules"
    when: found_paths | length == 0

  - name: Declare found syscalls
    ansible.builtin.set_fact: syscalls_found="{{ find_command.results | selectattr('matched')
      | map(attribute='item') | list }}"

  - name: Declare missing syscalls
    ansible.builtin.set_fact: missing_syscalls="{{ syscalls | difference(syscalls_found)
      }}"

  - name: Replace the audit rule in {{ audit_file }}
    ansible.builtin.lineinfile:
      path: '{{ audit_file }}'
      regexp: (-a always,exit -F arch=b64)(?=.*(?:(?:-S |,)(?:{{ syscalls_per_file[audit_file]
        | join("|") }}))\b)((?:( -S |,)\w+)+)( -F exit=-EPERM -F auid&gt;=1000 -F auid!=unset
        (?:-k |-F key=)\w+)
      line: \1\2\3{{ missing_syscalls | join("\3") }}\4
      backrefs: true
      state: present
      mode: g-rwx,o-rwx
    when: syscalls_found | length &gt; 0 and missing_syscalls | length &gt; 0

  - name: Add the audit rule to {{ audit_file }}
    ansible.builtin.lineinfile:
      path: '{{ audit_file }}'
      line: -a always,exit -F arch=b64 -S {{ syscalls | join(',') }} -F exit=-EPERM
        -F auid&gt;=1000 -F auid!=unset -F key=access
      create: true
      mode: g-rwx,o-rwx
      state: present
    when: syscalls_found | length == 0

  - name: Declare list of syscalls
    ansible.builtin.set_fact:
      syscalls:
      - creat
      syscall_grouping:
      - creat
      - ftruncate
      - truncate
      - open
      - openat
      - open_by_handle_at

  - name: Check existence of creat in /etc/audit/audit.rules
    ansible.builtin.find:
      paths: /etc/audit
      contains: -a always,exit -F arch=b64(( -S |,)\w+)*(( -S |,){{ item }})+(( -S
        |,)\w+)* -F exit=-EPERM -F auid&gt;=1000 -F auid!=unset (-k\s+|-F\s+key=)\S+\s*$
      patterns: audit.rules
    register: find_command
    loop: '{{ (syscall_grouping + syscalls) | unique }}'

  - name: Set path to /etc/audit/audit.rules
    ansible.builtin.set_fact: audit_file="/etc/audit/audit.rules"

  - name: Declare found syscalls
    ansible.builtin.set_fact: syscalls_found="{{ find_command.results | selectattr('matched')
      | map(attribute='item') | list }}"

  - name: Declare missing syscalls
    ansible.builtin.set_fact: missing_syscalls="{{ syscalls | difference(syscalls_found)
      }}"

  - name: Replace the audit rule in {{ audit_file }}
    ansible.builtin.lineinfile:
      path: '{{ audit_file }}'
      regexp: (-a always,exit -F arch=b64)(?=.*(?:(?:-S |,)(?:{{ syscalls_found |
        join("|") }}))\b)((?:( -S |,)\w+)+)( -F exit=-EPERM -F auid&gt;=1000 -F auid!=unset
        (?:-k |-F key=)\w+)
      line: \1\2\3{{ missing_syscalls | join("\3") }}\4
      backrefs: true
      state: present
      mode: g-rwx,o-rwx
    when: syscalls_found | length &gt; 0 and missing_syscalls | length &gt; 0

  - name: Add the audit rule to {{ audit_file }}
    ansible.builtin.lineinfile:
      path: '{{ audit_file }}'
      line: -a always,exit -F arch=b64 -S {{ syscalls | join(',') }} -F exit=-EPERM
        -F auid&gt;=1000 -F auid!=unset -F key=access
      create: true
      mode: g-rwx,o-rwx
      state: present
    when: syscalls_found | length == 0
  when:
  - '"audit" in ansible_facts.packages'
  - ("kernel-default" in ansible_facts.packages or "kernel-default-base" in ansible_facts.packages)
  - not ( ansible_architecture == "aarch64" )
  - audit_arch == "b64"
  tags:
  - CCE-85681-5
  - DISA-STIG-SLES-15-030150
  - NIST-800-171-3.1.7
  - NIST-800-53-AU-12(a)
  - NIST-800-53-AU-12(c)
  - NIST-800-53-AU-12.1(ii)
  - NIST-800-53-AU-12.1(iv)
  - NIST-800-53-AU-3
  - NIST-800-53-AU-3.1
  - NIST-800-53-MA-4(1)(a)
  - PCI-DSS-Req-10.2.1
  - PCI-DSS-Req-10.2.4
  - audit_rules_unsuccessful_file_modification_creat
  - low_complexity
  - low_disruption
  - medium_severity
  - reboot_required
  - restrict_strategy
</fix>
          <check system="http://oval.mitre.org/XMLSchema/oval-definitions-5">
            <check-content-ref name="oval:ssg-audit_rules_unsuccessful_file_modification_creat:def:1" href="ssg-sle15-oval.xml"/>
          </check>
          <check system="http://scap.nist.gov/schema/ocil/2">
            <check-content-ref name="ocil:ssg-audit_rules_unsuccessful_file_modification_creat_ocil:questionnaire:1" href="ssg-sle15-ocil.xml"/>
          </check>
        </Rule>
        <Rule id="xccdf_org.ssgproject.content_rule_audit_rules_unsuccessful_file_modification_ftruncate" selected="false" role="full" severity="medium">
          <title xmlns:xhtml="http://www.w3.org/1999/xhtml" xml:lang="en-US">Record Unsuccessful Access Attempts to Files - ftruncate</title>
          <description xmlns:xhtml="http://www.w3.org/1999/xhtml" xml:lang="en-US">At a minimum, the audit system should collect unauthorized file
accesses for all users and root. If the <html:code xmlns:html="http://www.w3.org/1999/xhtml">auditd</html:code> daemon is configured
to use the <html:code xmlns:html="http://www.w3.org/1999/xhtml">augenrules</html:code> program to read audit rules during daemon
startup (the default), add the following lines to a file with suffix
<html:code xmlns:html="http://www.w3.org/1999/xhtml">.rules</html:code> in the directory <html:code xmlns:html="http://www.w3.org/1999/xhtml">/etc/audit/rules.d</html:code>:
<html:pre xmlns:html="http://www.w3.org/1999/xhtml">-a always,exit -F arch=b32 -S ftruncate -F exit=-EACCES -F auid&gt;=1000 -F auid!=unset -F key=access
-a always,exit -F arch=b32 -S ftruncate -F exit=-EPERM -F auid&gt;=1000 -F auid!=unset -F key=access</html:pre>

If the system is 64 bit then also add the following lines:
<html:pre xmlns:html="http://www.w3.org/1999/xhtml">
-a always,exit -F arch=b64 -S ftruncate -F exit=-EACCES -F auid&gt;=1000 -F auid!=unset -F key=access
-a always,exit -F arch=b64 -S ftruncate -F exit=-EPERM -F auid&gt;=1000 -F auid!=unset -F key=access</html:pre>

If the <html:code xmlns:html="http://www.w3.org/1999/xhtml">auditd</html:code> daemon is configured to use the <html:code xmlns:html="http://www.w3.org/1999/xhtml">auditctl</html:code>
utility to read audit rules during daemon startup, add the following lines to
<html:code xmlns:html="http://www.w3.org/1999/xhtml">/etc/audit/audit.rules</html:code> file:
<html:pre xmlns:html="http://www.w3.org/1999/xhtml">-a always,exit -F arch=b32 -S ftruncate -F exit=-EACCES -F auid&gt;=1000 -F auid!=unset -F key=access
-a always,exit -F arch=b32 -S ftruncate -F exit=-EPERM -F auid&gt;=1000 -F auid!=unset -F key=access</html:pre>

If the system is 64 bit then also add the following lines:
<html:pre xmlns:html="http://www.w3.org/1999/xhtml">
-a always,exit -F arch=b64 -S ftruncate -F exit=-EACCES -F auid&gt;=1000 -F auid!=unset -F key=access
-a always,exit -F arch=b64 -S ftruncate -F exit=-EPERM -F auid&gt;=1000 -F auid!=unset -F key=access</html:pre>
       </description>
          <warning xmlns:xhtml="http://www.w3.org/1999/xhtml" xml:lang="en-US" category="general">Note that these rules can be configured in a
number of ways while still achieving the desired effect. Here the system calls
have been placed independent of other system calls. Grouping these system
calls with others as identifying earlier in this guide is more efficient.</warning>
          <reference href="https://www.cisecurity.org/controls/">1</reference>
          <reference href="https://www.cisecurity.org/controls/">11</reference>
          <reference href="https://www.cisecurity.org/controls/">12</reference>
          <reference href="https://www.cisecurity.org/controls/">13</reference>
          <reference href="https://www.cisecurity.org/controls/">14</reference>
          <reference href="https://www.cisecurity.org/controls/">15</reference>
          <reference href="https://www.cisecurity.org/controls/">16</reference>
          <reference href="https://www.cisecurity.org/controls/">19</reference>
          <reference href="https://www.cisecurity.org/controls/">2</reference>
          <reference href="https://www.cisecurity.org/controls/">3</reference>
          <reference href="https://www.cisecurity.org/controls/">4</reference>
          <reference href="https://www.cisecurity.org/controls/">5</reference>
          <reference href="https://www.cisecurity.org/controls/">6</reference>
          <reference href="https://www.cisecurity.org/controls/">7</reference>
          <reference href="https://www.cisecurity.org/controls/">8</reference>
          <reference href="https://www.cisecurity.org/controls/">9</reference>
          <reference href="https://www.isaca.org/resources/cobit">APO10.01</reference>
          <reference href="https://www.isaca.org/resources/cobit">APO10.03</reference>
          <reference href="https://www.isaca.org/resources/cobit">APO10.04</reference>
          <reference href="https://www.isaca.org/resources/cobit">APO10.05</reference>
          <reference href="https://www.isaca.org/resources/cobit">APO11.04</reference>
          <reference href="https://www.isaca.org/resources/cobit">APO12.06</reference>
          <reference href="https://www.isaca.org/resources/cobit">APO13.01</reference>
          <reference href="https://www.isaca.org/resources/cobit">BAI03.05</reference>
          <reference href="https://www.isaca.org/resources/cobit">BAI08.02</reference>
          <reference href="https://www.isaca.org/resources/cobit">DSS01.03</reference>
          <reference href="https://www.isaca.org/resources/cobit">DSS01.04</reference>
          <reference href="https://www.isaca.org/resources/cobit">DSS02.02</reference>
          <reference href="https://www.isaca.org/resources/cobit">DSS02.04</reference>
          <reference href="https://www.isaca.org/resources/cobit">DSS02.07</reference>
          <reference href="https://www.isaca.org/resources/cobit">DSS03.01</reference>
          <reference href="https://www.isaca.org/resources/cobit">DSS03.05</reference>
          <reference href="https://www.isaca.org/resources/cobit">DSS05.02</reference>
          <reference href="https://www.isaca.org/resources/cobit">DSS05.03</reference>
          <reference href="https://www.isaca.org/resources/cobit">DSS05.04</reference>
          <reference href="https://www.isaca.org/resources/cobit">DSS05.05</reference>
          <reference href="https://www.isaca.org/resources/cobit">DSS05.07</reference>
          <reference href="https://www.isaca.org/resources/cobit">MEA01.01</reference>
          <reference href="https://www.isaca.org/resources/cobit">MEA01.02</reference>
          <reference href="https://www.isaca.org/resources/cobit">MEA01.03</reference>
          <reference href="https://www.isaca.org/resources/cobit">MEA01.04</reference>
          <reference href="https://www.isaca.org/resources/cobit">MEA01.05</reference>
          <reference href="https://www.isaca.org/resources/cobit">MEA02.01</reference>
          <reference href="http://nvlpubs.nist.gov/nistpubs/SpecialPublications/NIST.SP.800-171.pdf">3.1.7</reference>
          <reference href="https://www.gpo.gov/fdsys/pkg/CFR-2007-title45-vol1/pdf/CFR-2007-title45-vol1-chapA-subchapC.pdf">164.308(a)(1)(ii)(D)</reference>
          <reference href="https://www.gpo.gov/fdsys/pkg/CFR-2007-title45-vol1/pdf/CFR-2007-title45-vol1-chapA-subchapC.pdf">164.308(a)(3)(ii)(A)</reference>
          <reference href="https://www.gpo.gov/fdsys/pkg/CFR-2007-title45-vol1/pdf/CFR-2007-title45-vol1-chapA-subchapC.pdf">164.308(a)(5)(ii)(C)</reference>
          <reference href="https://www.gpo.gov/fdsys/pkg/CFR-2007-title45-vol1/pdf/CFR-2007-title45-vol1-chapA-subchapC.pdf">164.312(a)(2)(i)</reference>
          <reference href="https://www.gpo.gov/fdsys/pkg/CFR-2007-title45-vol1/pdf/CFR-2007-title45-vol1-chapA-subchapC.pdf">164.312(b)</reference>
          <reference href="https://www.gpo.gov/fdsys/pkg/CFR-2007-title45-vol1/pdf/CFR-2007-title45-vol1-chapA-subchapC.pdf">164.312(d)</reference>
          <reference href="https://www.gpo.gov/fdsys/pkg/CFR-2007-title45-vol1/pdf/CFR-2007-title45-vol1-chapA-subchapC.pdf">164.312(e)</reference>
          <reference href="https://www.isa.org/products/isa-62443-2-1-2009-security-for-industrial-automat">4.2.3.10</reference>
          <reference href="https://www.isa.org/products/isa-62443-2-1-2009-security-for-industrial-automat">4.3.2.6.7</reference>
          <reference href="https://www.isa.org/products/isa-62443-2-1-2009-security-for-industrial-automat">4.3.3.3.9</reference>
          <reference href="https://www.isa.org/products/isa-62443-2-1-2009-security-for-industrial-automat">4.3.3.5.8</reference>
          <reference href="https://www.isa.org/products/isa-62443-2-1-2009-security-for-industrial-automat">4.3.3.6.6</reference>
          <reference href="https://www.isa.org/products/isa-62443-2-1-2009-security-for-industrial-automat">4.3.4.4.7</reference>
          <reference href="https://www.isa.org/products/isa-62443-2-1-2009-security-for-industrial-automat">4.3.4.5.6</reference>
          <reference href="https://www.isa.org/products/isa-62443-2-1-2009-security-for-industrial-automat">4.3.4.5.7</reference>
          <reference href="https://www.isa.org/products/isa-62443-2-1-2009-security-for-industrial-automat">4.3.4.5.8</reference>
          <reference href="https://www.isa.org/products/isa-62443-2-1-2009-security-for-industrial-automat">4.4.2.1</reference>
          <reference href="https://www.isa.org/products/isa-62443-2-1-2009-security-for-industrial-automat">4.4.2.2</reference>
          <reference href="https://www.isa.org/products/isa-62443-2-1-2009-security-for-industrial-automat">4.4.2.4</reference>
          <reference href="https://www.isa.org/products/ansi-isa-62443-3-3-99-03-03-2013-security-for-indu">SR 1.13</reference>
          <reference href="https://www.isa.org/products/ansi-isa-62443-3-3-99-03-03-2013-security-for-indu">SR 2.10</reference>
          <reference href="https://www.isa.org/products/ansi-isa-62443-3-3-99-03-03-2013-security-for-indu">SR 2.11</reference>
          <reference href="https://www.isa.org/products/ansi-isa-62443-3-3-99-03-03-2013-security-for-indu">SR 2.12</reference>
          <reference href="https://www.isa.org/products/ansi-isa-62443-3-3-99-03-03-2013-security-for-indu">SR 2.6</reference>
          <reference href="https://www.isa.org/products/ansi-isa-62443-3-3-99-03-03-2013-security-for-indu">SR 2.8</reference>
          <reference href="https://www.isa.org/products/ansi-isa-62443-3-3-99-03-03-2013-security-for-indu">SR 2.9</reference>
          <reference href="https://www.isa.org/products/ansi-isa-62443-3-3-99-03-03-2013-security-for-indu">SR 3.1</reference>
          <reference href="https://www.isa.org/products/ansi-isa-62443-3-3-99-03-03-2013-security-for-indu">SR 3.5</reference>
          <reference href="https://www.isa.org/products/ansi-isa-62443-3-3-99-03-03-2013-security-for-indu">SR 3.8</reference>
          <reference href="https://www.isa.org/products/ansi-isa-62443-3-3-99-03-03-2013-security-for-indu">SR 4.1</reference>
          <reference href="https://www.isa.org/products/ansi-isa-62443-3-3-99-03-03-2013-security-for-indu">SR 4.3</reference>
          <reference href="https://www.isa.org/products/ansi-isa-62443-3-3-99-03-03-2013-security-for-indu">SR 5.1</reference>
          <reference href="https://www.isa.org/products/ansi-isa-62443-3-3-99-03-03-2013-security-for-indu">SR 5.2</reference>
          <reference href="https://www.isa.org/products/ansi-isa-62443-3-3-99-03-03-2013-security-for-indu">SR 5.3</reference>
          <reference href="https://www.isa.org/products/ansi-isa-62443-3-3-99-03-03-2013-security-for-indu">SR 6.1</reference>
          <reference href="https://www.isa.org/products/ansi-isa-62443-3-3-99-03-03-2013-security-for-indu">SR 6.2</reference>
          <reference href="https://www.isa.org/products/ansi-isa-62443-3-3-99-03-03-2013-security-for-indu">SR 7.1</reference>
          <reference href="https://www.isa.org/products/ansi-isa-62443-3-3-99-03-03-2013-security-for-indu">SR 7.6</reference>
          <reference href="https://www.iso.org/contents/data/standard/05/45/54534.html">A.11.2.6</reference>
          <reference href="https://www.iso.org/contents/data/standard/05/45/54534.html">A.12.4.1</reference>
          <reference href="https://www.iso.org/contents/data/standard/05/45/54534.html">A.12.4.2</reference>
          <reference href="https://www.iso.org/contents/data/standard/05/45/54534.html">A.12.4.3</reference>
          <reference href="https://www.iso.org/contents/data/standard/05/45/54534.html">A.12.4.4</reference>
          <reference href="https://www.iso.org/contents/data/standard/05/45/54534.html">A.12.7.1</reference>
          <reference href="https://www.iso.org/contents/data/standard/05/45/54534.html">A.13.1.1</reference>
          <reference href="https://www.iso.org/contents/data/standard/05/45/54534.html">A.13.2.1</reference>
          <reference href="https://www.iso.org/contents/data/standard/05/45/54534.html">A.14.1.3</reference>
          <reference href="https://www.iso.org/contents/data/standard/05/45/54534.html">A.14.2.7</reference>
          <reference href="https://www.iso.org/contents/data/standard/05/45/54534.html">A.15.2.1</reference>
          <reference href="https://www.iso.org/contents/data/standard/05/45/54534.html">A.15.2.2</reference>
          <reference href="https://www.iso.org/contents/data/standard/05/45/54534.html">A.16.1.4</reference>
          <reference href="https://www.iso.org/contents/data/standard/05/45/54534.html">A.16.1.5</reference>
          <reference href="https://www.iso.org/contents/data/standard/05/45/54534.html">A.16.1.7</reference>
          <reference href="https://www.iso.org/contents/data/standard/05/45/54534.html">A.6.2.1</reference>
          <reference href="https://www.iso.org/contents/data/standard/05/45/54534.html">A.6.2.2</reference>
          <reference href="http://nvlpubs.nist.gov/nistpubs/SpecialPublications/NIST.SP.800-53r4.pdf">AU-3</reference>
          <reference href="http://nvlpubs.nist.gov/nistpubs/SpecialPublications/NIST.SP.800-53r4.pdf">AU-3.1</reference>
          <reference href="http://nvlpubs.nist.gov/nistpubs/SpecialPublications/NIST.SP.800-53r4.pdf">AU-12(c)</reference>
          <reference href="http://nvlpubs.nist.gov/nistpubs/SpecialPublications/NIST.SP.800-53r4.pdf">AU-12.1(iv)</reference>
          <reference href="http://nvlpubs.nist.gov/nistpubs/SpecialPublications/NIST.SP.800-53r4.pdf">AU-12(a)</reference>
          <reference href="http://nvlpubs.nist.gov/nistpubs/SpecialPublications/NIST.SP.800-53r4.pdf">AU-12.1(ii)</reference>
          <reference href="http://nvlpubs.nist.gov/nistpubs/SpecialPublications/NIST.SP.800-53r4.pdf">MA-4(1)(a)</reference>
          <reference href="https://nvlpubs.nist.gov/nistpubs/CSWP/NIST.CSWP.04162018.pdf">DE.AE-3</reference>
          <reference href="https://nvlpubs.nist.gov/nistpubs/CSWP/NIST.CSWP.04162018.pdf">DE.AE-5</reference>
          <reference href="https://nvlpubs.nist.gov/nistpubs/CSWP/NIST.CSWP.04162018.pdf">DE.CM-1</reference>
          <reference href="https://nvlpubs.nist.gov/nistpubs/CSWP/NIST.CSWP.04162018.pdf">DE.CM-3</reference>
          <reference href="https://nvlpubs.nist.gov/nistpubs/CSWP/NIST.CSWP.04162018.pdf">DE.CM-7</reference>
          <reference href="https://nvlpubs.nist.gov/nistpubs/CSWP/NIST.CSWP.04162018.pdf">ID.SC-4</reference>
          <reference href="https://nvlpubs.nist.gov/nistpubs/CSWP/NIST.CSWP.04162018.pdf">PR.AC-3</reference>
          <reference href="https://nvlpubs.nist.gov/nistpubs/CSWP/NIST.CSWP.04162018.pdf">PR.PT-1</reference>
          <reference href="https://nvlpubs.nist.gov/nistpubs/CSWP/NIST.CSWP.04162018.pdf">PR.PT-4</reference>
          <reference href="https://nvlpubs.nist.gov/nistpubs/CSWP/NIST.CSWP.04162018.pdf">RS.AN-1</reference>
          <reference href="https://nvlpubs.nist.gov/nistpubs/CSWP/NIST.CSWP.04162018.pdf">RS.AN-4</reference>
          <reference href="https://www.pcisecuritystandards.org/documents/PCI_DSS_v3-2-1.pdf">Req-10.2.4</reference>
          <reference href="https://www.pcisecuritystandards.org/documents/PCI_DSS_v3-2-1.pdf">Req-10.2.1</reference>
          <reference href="https://www.cyber.mil/stigs/downloads/?_dl_facet_stigs=operating-systems%2Cgeneral-purpose-os">SRG-OS-000037-GPOS-00015</reference>
          <reference href="https://www.cyber.mil/stigs/downloads/?_dl_facet_stigs=operating-systems%2Cgeneral-purpose-os">SRG-OS-000042-GPOS-00020</reference>
          <reference href="https://www.cyber.mil/stigs/downloads/?_dl_facet_stigs=operating-systems%2Cgeneral-purpose-os">SRG-OS-000062-GPOS-00031</reference>
          <reference href="https://www.cyber.mil/stigs/downloads/?_dl_facet_stigs=operating-systems%2Cgeneral-purpose-os">SRG-OS-000392-GPOS-00172</reference>
          <reference href="https://www.cyber.mil/stigs/downloads/?_dl_facet_stigs=operating-systems%2Cgeneral-purpose-os">SRG-OS-000462-GPOS-00206</reference>
          <reference href="https://www.cyber.mil/stigs/downloads/?_dl_facet_stigs=operating-systems%2Cgeneral-purpose-os">SRG-OS-000471-GPOS-00215</reference>
          <reference href="https://www.cyber.mil/stigs/downloads/?_dl_facet_stigs=operating-systems%2Cgeneral-purpose-os">SRG-OS-000064-GPOS-00033</reference>
          <reference href="https://www.cyber.mil/stigs/downloads/?_dl_facet_stigs=operating-systems%2Cgeneral-purpose-os">SRG-OS-000458-GPOS-00203</reference>
          <reference href="https://www.cyber.mil/stigs/downloads/?_dl_facet_stigs=operating-systems%2Cgeneral-purpose-os">SRG-OS-000461-GPOS-00205</reference>
          <reference href="https://www.cyber.mil/stigs/downloads/?_dl_facet_stigs=app-security">SRG-APP-000495-CTR-001235</reference>
          <reference href="https://www.cyber.mil/stigs/downloads/?_dl_facet_stigs=operating-systems%2Cunix-linux">SLES-15-030150</reference>
          <reference href="https://www.cisecurity.org/benchmark/suse_linux/">4.1.10</reference>
          <reference href="https://cyber.gouv.fr/sites/default/files/document/linux_configuration-en-v2.pdf">R73</reference>
          <reference href="not_publicly_available">SLES-15-750450225</reference>
          <reference href="https://www.cyber.gov.au/acsc/view-all-content/ism">0582</reference>
          <reference href="https://www.cyber.gov.au/acsc/view-all-content/ism">0846</reference>
          <reference href="https://www.cyber.mil/stigs/srg-stig-tools/">SV-234914r958412_rule</reference>
          <rationale xmlns:xhtml="http://www.w3.org/1999/xhtml" xml:lang="en-US">Unsuccessful attempts to access files could be an indicator of malicious activity on a system. Auditing
these events could serve as evidence of potential system compromise.</rationale>
          <ident system="https://ncp.nist.gov/cce">CCE-85696-3</ident>
          <fix xmlns:xhtml="http://www.w3.org/1999/xhtml" id="audit_rules_unsuccessful_file_modification_ftruncate" system="urn:xccdf:fix:script:sh"># Remediation is applicable only in certain platforms
if rpm --quiet -q audit &amp;&amp; rpm --quiet -q kernel-default || rpm --quiet -q kernel-default-base; then

# First perform the remediation of the syscall rule
# Retrieve hardware architecture of the underlying system
[ "$(getconf LONG_BIT)" = "32" ] &amp;&amp; RULE_ARCHS=("b32") || RULE_ARCHS=("b32" "b64")

AUID_FILTERS="-F auid&gt;=1000 -F auid!=unset"
SYSCALL="ftruncate"
KEY="access"
SYSCALL_GROUPING="creat ftruncate truncate open openat open_by_handle_at"

for ARCH in "${RULE_ARCHS[@]}"
do
	ACTION_ARCH_FILTERS="-a always,exit -F arch=$ARCH"
	OTHER_FILTERS="-F exit=-EACCES"
	# Perform the remediation for both possible tools: 'auditctl' and 'augenrules'
	unset syscall_a
unset syscall_grouping
unset syscall_string
unset syscall
unset file_to_edit
unset rule_to_edit
unset rule_syscalls_to_edit
unset other_string
unset auid_string
unset full_rule

# Load macro arguments into arrays
read -a syscall_a &lt;&lt;&lt; $SYSCALL
read -a syscall_grouping &lt;&lt;&lt; $SYSCALL_GROUPING

# Create a list of audit *.rules files that should be inspected for presence and correctness
# of a particular audit rule. The scheme is as follows:
#
# -----------------------------------------------------------------------------------------
#  Tool used to load audit rules | Rule already defined  |  Audit rules file to inspect    |
# -----------------------------------------------------------------------------------------
#        auditctl                |     Doesn't matter    |  /etc/audit/audit.rules         |
# -----------------------------------------------------------------------------------------
#        augenrules              |          Yes          |  /etc/audit/rules.d/*.rules     |
#        augenrules              |          No           |  /etc/audit/rules.d/$key.rules  |
# -----------------------------------------------------------------------------------------
#
files_to_inspect=()

# If audit tool is 'augenrules', then check if the audit rule is defined
# If rule is defined, add '/etc/audit/rules.d/*.rules' to the list for inspection
# If rule isn't defined yet, add '/etc/audit/rules.d/$key.rules' to the list for inspection
default_file="/etc/audit/rules.d/$KEY.rules"
# As other_filters may include paths, lets use a different delimiter for it
# The "F" script expression tells sed to print the filenames where the expressions matched
readarray -t files_to_inspect &lt; &lt;(sed -s -n -e "/^$ACTION_ARCH_FILTERS/!d" -e "\#$OTHER_FILTERS#!d" -e "/$AUID_FILTERS/!d" -e "F" /etc/audit/rules.d/*.rules)
# Case when particular rule isn't defined in /etc/audit/rules.d/*.rules yet
if [ ${#files_to_inspect[@]} -eq "0" ]
then
    file_to_inspect="/etc/audit/rules.d/$KEY.rules"
    files_to_inspect=("$file_to_inspect")
    if [ ! -e "$file_to_inspect" ]
    then
        touch "$file_to_inspect"
        chmod 0600 "$file_to_inspect"
    fi
fi

# After converting to jinja, we cannot return; therefore we skip the rest of the macro if needed instead
skip=1

for audit_file in "${files_to_inspect[@]}"
do
    # Filter existing $audit_file rules' definitions to select those that satisfy the rule pattern,
    # i.e, collect rules that match:
    # * the action, list and arch, (2-nd argument)
    # * the other filters, (3-rd argument)
    # * the auid filters, (4-rd argument)
    readarray -t similar_rules &lt; &lt;(sed -e "/^$ACTION_ARCH_FILTERS/!d"  -e "\#$OTHER_FILTERS#!d" -e "/$AUID_FILTERS/!d" "$audit_file")

    candidate_rules=()
    # Filter out rules that have more fields then required. This will remove rules more specific than the required scope
    for s_rule in "${similar_rules[@]}"
    do
        # Strip all the options and fields we know of,
        # than check if there was any field left over
        extra_fields=$(sed -E -e "s/^$ACTION_ARCH_FILTERS//"  -e "s#$OTHER_FILTERS##" -e "s/$AUID_FILTERS//" -e "s/((:?-S [[:alnum:],]+)+)//g" -e "s/-F key=\w+|-k \w+//"&lt;&lt;&lt; "$s_rule")
        grep -q -- "-F" &lt;&lt;&lt; "$extra_fields" || candidate_rules+=("$s_rule")
    done

    if [[ ${#syscall_a[@]} -ge 1 ]]
    then
        # Check if the syscall we want is present in any of the similar existing rules
        for rule in "${candidate_rules[@]}"
        do
            rule_syscalls=$(echo "$rule" | grep -o -P '(-S [\w,]+)+' | xargs)
            all_syscalls_found=0
            for syscall in "${syscall_a[@]}"
            do
                grep -q -- "\b${syscall}\b" &lt;&lt;&lt; "$rule_syscalls" || {
                   # A syscall was not found in the candidate rule
                   all_syscalls_found=1
                   }
            done
            if [[ $all_syscalls_found -eq 0 ]]
            then
                # We found a rule with all the syscall(s) we want; skip rest of macro
                skip=0
                break
            fi

            # Check if this rule can be grouped with our target syscall and keep track of it
            for syscall_g in "${syscall_grouping[@]}"
            do
                if grep -q -- "\b${syscall_g}\b" &lt;&lt;&lt; "$rule_syscalls"
                then
                    file_to_edit=${audit_file}
                    rule_to_edit=${rule}
                    rule_syscalls_to_edit=${rule_syscalls}
                fi
            done
        done
    else
        # If there is any candidate rule, it is compliant; skip rest of macro
        if [ "${#candidate_rules[@]}" -gt 0 ]
        then
            skip=0
        fi
    fi

    if [ "$skip" -eq 0 ]; then
        break
    fi
done

if [ "$skip" -ne 0 ]; then
    # We checked all rules that matched the expected resemblance pattern (action, arch &amp; auid)
    # At this point we know if we need to either append the $full_rule or group
    # the syscall together with an exsiting rule

    # Append the full_rule if it cannot be grouped to any other rule
    if [ -z ${rule_to_edit+x} ]
    then
        # Build full_rule while avoid adding double spaces when other_filters is empty
        if [ "${#syscall_a[@]}" -gt 0 ]
        then
            syscall_string=""
            for syscall in "${syscall_a[@]}"
            do
                syscall_string+=" -S $syscall"
            done
        fi
        other_string=$([[ $OTHER_FILTERS ]] &amp;&amp; echo " $OTHER_FILTERS") || /bin/true
        auid_string=$([[ $AUID_FILTERS ]] &amp;&amp; echo " $AUID_FILTERS") || /bin/true
        full_rule="$ACTION_ARCH_FILTERS${syscall_string}${other_string}${auid_string} -F key=$KEY" || /bin/true
        echo "$full_rule" &gt;&gt; "$default_file"
        chmod 0600 ${default_file}
    else
        # Check if the syscalls are declared as a comma separated list or
        # as multiple -S parameters
        if grep -q -- "," &lt;&lt;&lt; "${rule_syscalls_to_edit}"
        then
            delimiter=","
        else
            delimiter=" -S "
        fi
        new_grouped_syscalls="${rule_syscalls_to_edit}"
        for syscall in "${syscall_a[@]}"
        do
            grep -q -- "\b${syscall}\b" &lt;&lt;&lt; "${rule_syscalls_to_edit}" || {
               # A syscall was not found in the candidate rule
               new_grouped_syscalls+="${delimiter}${syscall}"
               }
        done

        # Group the syscall in the rule
        sed -i -e "\#${rule_to_edit}#s#${rule_syscalls_to_edit}#${new_grouped_syscalls}#" "$file_to_edit"
    fi
fi
	unset syscall_a
unset syscall_grouping
unset syscall_string
unset syscall
unset file_to_edit
unset rule_to_edit
unset rule_syscalls_to_edit
unset other_string
unset auid_string
unset full_rule

# Load macro arguments into arrays
read -a syscall_a &lt;&lt;&lt; $SYSCALL
read -a syscall_grouping &lt;&lt;&lt; $SYSCALL_GROUPING

# Create a list of audit *.rules files that should be inspected for presence and correctness
# of a particular audit rule. The scheme is as follows:
#
# -----------------------------------------------------------------------------------------
#  Tool used to load audit rules | Rule already defined  |  Audit rules file to inspect    |
# -----------------------------------------------------------------------------------------
#        auditctl                |     Doesn't matter    |  /etc/audit/audit.rules         |
# -----------------------------------------------------------------------------------------
#        augenrules              |          Yes          |  /etc/audit/rules.d/*.rules     |
#        augenrules              |          No           |  /etc/audit/rules.d/$key.rules  |
# -----------------------------------------------------------------------------------------
#
files_to_inspect=()


# If audit tool is 'auditctl', then add '/etc/audit/audit.rules'
# file to the list of files to be inspected
default_file="/etc/audit/audit.rules"
files_to_inspect+=('/etc/audit/audit.rules' )

# After converting to jinja, we cannot return; therefore we skip the rest of the macro if needed instead
skip=1

for audit_file in "${files_to_inspect[@]}"
do
    # Filter existing $audit_file rules' definitions to select those that satisfy the rule pattern,
    # i.e, collect rules that match:
    # * the action, list and arch, (2-nd argument)
    # * the other filters, (3-rd argument)
    # * the auid filters, (4-rd argument)
    readarray -t similar_rules &lt; &lt;(sed -e "/^$ACTION_ARCH_FILTERS/!d"  -e "\#$OTHER_FILTERS#!d" -e "/$AUID_FILTERS/!d" "$audit_file")

    candidate_rules=()
    # Filter out rules that have more fields then required. This will remove rules more specific than the required scope
    for s_rule in "${similar_rules[@]}"
    do
        # Strip all the options and fields we know of,
        # than check if there was any field left over
        extra_fields=$(sed -E -e "s/^$ACTION_ARCH_FILTERS//"  -e "s#$OTHER_FILTERS##" -e "s/$AUID_FILTERS//" -e "s/((:?-S [[:alnum:],]+)+)//g" -e "s/-F key=\w+|-k \w+//"&lt;&lt;&lt; "$s_rule")
        grep -q -- "-F" &lt;&lt;&lt; "$extra_fields" || candidate_rules+=("$s_rule")
    done

    if [[ ${#syscall_a[@]} -ge 1 ]]
    then
        # Check if the syscall we want is present in any of the similar existing rules
        for rule in "${candidate_rules[@]}"
        do
            rule_syscalls=$(echo "$rule" | grep -o -P '(-S [\w,]+)+' | xargs)
            all_syscalls_found=0
            for syscall in "${syscall_a[@]}"
            do
                grep -q -- "\b${syscall}\b" &lt;&lt;&lt; "$rule_syscalls" || {
                   # A syscall was not found in the candidate rule
                   all_syscalls_found=1
                   }
            done
            if [[ $all_syscalls_found -eq 0 ]]
            then
                # We found a rule with all the syscall(s) we want; skip rest of macro
                skip=0
                break
            fi

            # Check if this rule can be grouped with our target syscall and keep track of it
            for syscall_g in "${syscall_grouping[@]}"
            do
                if grep -q -- "\b${syscall_g}\b" &lt;&lt;&lt; "$rule_syscalls"
                then
                    file_to_edit=${audit_file}
                    rule_to_edit=${rule}
                    rule_syscalls_to_edit=${rule_syscalls}
                fi
            done
        done
    else
        # If there is any candidate rule, it is compliant; skip rest of macro
        if [ "${#candidate_rules[@]}" -gt 0 ]
        then
            skip=0
        fi
    fi

    if [ "$skip" -eq 0 ]; then
        break
    fi
done

if [ "$skip" -ne 0 ]; then
    # We checked all rules that matched the expected resemblance pattern (action, arch &amp; auid)
    # At this point we know if we need to either append the $full_rule or group
    # the syscall together with an exsiting rule

    # Append the full_rule if it cannot be grouped to any other rule
    if [ -z ${rule_to_edit+x} ]
    then
        # Build full_rule while avoid adding double spaces when other_filters is empty
        if [ "${#syscall_a[@]}" -gt 0 ]
        then
            syscall_string=""
            for syscall in "${syscall_a[@]}"
            do
                syscall_string+=" -S $syscall"
            done
        fi
        other_string=$([[ $OTHER_FILTERS ]] &amp;&amp; echo " $OTHER_FILTERS") || /bin/true
        auid_string=$([[ $AUID_FILTERS ]] &amp;&amp; echo " $AUID_FILTERS") || /bin/true
        full_rule="$ACTION_ARCH_FILTERS${syscall_string}${other_string}${auid_string} -F key=$KEY" || /bin/true
        echo "$full_rule" &gt;&gt; "$default_file"
        chmod 0600 ${default_file}
    else
        # Check if the syscalls are declared as a comma separated list or
        # as multiple -S parameters
        if grep -q -- "," &lt;&lt;&lt; "${rule_syscalls_to_edit}"
        then
            delimiter=","
        else
            delimiter=" -S "
        fi
        new_grouped_syscalls="${rule_syscalls_to_edit}"
        for syscall in "${syscall_a[@]}"
        do
            grep -q -- "\b${syscall}\b" &lt;&lt;&lt; "${rule_syscalls_to_edit}" || {
               # A syscall was not found in the candidate rule
               new_grouped_syscalls+="${delimiter}${syscall}"
               }
        done

        # Group the syscall in the rule
        sed -i -e "\#${rule_to_edit}#s#${rule_syscalls_to_edit}#${new_grouped_syscalls}#" "$file_to_edit"
    fi
fi
done

for ARCH in "${RULE_ARCHS[@]}"
do
	ACTION_ARCH_FILTERS="-a always,exit -F arch=$ARCH"
	OTHER_FILTERS="-F exit=-EPERM"
	# Perform the remediation for both possible tools: 'auditctl' and 'augenrules'
	unset syscall_a
unset syscall_grouping
unset syscall_string
unset syscall
unset file_to_edit
unset rule_to_edit
unset rule_syscalls_to_edit
unset other_string
unset auid_string
unset full_rule

# Load macro arguments into arrays
read -a syscall_a &lt;&lt;&lt; $SYSCALL
read -a syscall_grouping &lt;&lt;&lt; $SYSCALL_GROUPING

# Create a list of audit *.rules files that should be inspected for presence and correctness
# of a particular audit rule. The scheme is as follows:
#
# -----------------------------------------------------------------------------------------
#  Tool used to load audit rules | Rule already defined  |  Audit rules file to inspect    |
# -----------------------------------------------------------------------------------------
#        auditctl                |     Doesn't matter    |  /etc/audit/audit.rules         |
# -----------------------------------------------------------------------------------------
#        augenrules              |          Yes          |  /etc/audit/rules.d/*.rules     |
#        augenrules              |          No           |  /etc/audit/rules.d/$key.rules  |
# -----------------------------------------------------------------------------------------
#
files_to_inspect=()

# If audit tool is 'augenrules', then check if the audit rule is defined
# If rule is defined, add '/etc/audit/rules.d/*.rules' to the list for inspection
# If rule isn't defined yet, add '/etc/audit/rules.d/$key.rules' to the list for inspection
default_file="/etc/audit/rules.d/$KEY.rules"
# As other_filters may include paths, lets use a different delimiter for it
# The "F" script expression tells sed to print the filenames where the expressions matched
readarray -t files_to_inspect &lt; &lt;(sed -s -n -e "/^$ACTION_ARCH_FILTERS/!d" -e "\#$OTHER_FILTERS#!d" -e "/$AUID_FILTERS/!d" -e "F" /etc/audit/rules.d/*.rules)
# Case when particular rule isn't defined in /etc/audit/rules.d/*.rules yet
if [ ${#files_to_inspect[@]} -eq "0" ]
then
    file_to_inspect="/etc/audit/rules.d/$KEY.rules"
    files_to_inspect=("$file_to_inspect")
    if [ ! -e "$file_to_inspect" ]
    then
        touch "$file_to_inspect"
        chmod 0600 "$file_to_inspect"
    fi
fi

# After converting to jinja, we cannot return; therefore we skip the rest of the macro if needed instead
skip=1

for audit_file in "${files_to_inspect[@]}"
do
    # Filter existing $audit_file rules' definitions to select those that satisfy the rule pattern,
    # i.e, collect rules that match:
    # * the action, list and arch, (2-nd argument)
    # * the other filters, (3-rd argument)
    # * the auid filters, (4-rd argument)
    readarray -t similar_rules &lt; &lt;(sed -e "/^$ACTION_ARCH_FILTERS/!d"  -e "\#$OTHER_FILTERS#!d" -e "/$AUID_FILTERS/!d" "$audit_file")

    candidate_rules=()
    # Filter out rules that have more fields then required. This will remove rules more specific than the required scope
    for s_rule in "${similar_rules[@]}"
    do
        # Strip all the options and fields we know of,
        # than check if there was any field left over
        extra_fields=$(sed -E -e "s/^$ACTION_ARCH_FILTERS//"  -e "s#$OTHER_FILTERS##" -e "s/$AUID_FILTERS//" -e "s/((:?-S [[:alnum:],]+)+)//g" -e "s/-F key=\w+|-k \w+//"&lt;&lt;&lt; "$s_rule")
        grep -q -- "-F" &lt;&lt;&lt; "$extra_fields" || candidate_rules+=("$s_rule")
    done

    if [[ ${#syscall_a[@]} -ge 1 ]]
    then
        # Check if the syscall we want is present in any of the similar existing rules
        for rule in "${candidate_rules[@]}"
        do
            rule_syscalls=$(echo "$rule" | grep -o -P '(-S [\w,]+)+' | xargs)
            all_syscalls_found=0
            for syscall in "${syscall_a[@]}"
            do
                grep -q -- "\b${syscall}\b" &lt;&lt;&lt; "$rule_syscalls" || {
                   # A syscall was not found in the candidate rule
                   all_syscalls_found=1
                   }
            done
            if [[ $all_syscalls_found -eq 0 ]]
            then
                # We found a rule with all the syscall(s) we want; skip rest of macro
                skip=0
                break
            fi

            # Check if this rule can be grouped with our target syscall and keep track of it
            for syscall_g in "${syscall_grouping[@]}"
            do
                if grep -q -- "\b${syscall_g}\b" &lt;&lt;&lt; "$rule_syscalls"
                then
                    file_to_edit=${audit_file}
                    rule_to_edit=${rule}
                    rule_syscalls_to_edit=${rule_syscalls}
                fi
            done
        done
    else
        # If there is any candidate rule, it is compliant; skip rest of macro
        if [ "${#candidate_rules[@]}" -gt 0 ]
        then
            skip=0
        fi
    fi

    if [ "$skip" -eq 0 ]; then
        break
    fi
done

if [ "$skip" -ne 0 ]; then
    # We checked all rules that matched the expected resemblance pattern (action, arch &amp; auid)
    # At this point we know if we need to either append the $full_rule or group
    # the syscall together with an exsiting rule

    # Append the full_rule if it cannot be grouped to any other rule
    if [ -z ${rule_to_edit+x} ]
    then
        # Build full_rule while avoid adding double spaces when other_filters is empty
        if [ "${#syscall_a[@]}" -gt 0 ]
        then
            syscall_string=""
            for syscall in "${syscall_a[@]}"
            do
                syscall_string+=" -S $syscall"
            done
        fi
        other_string=$([[ $OTHER_FILTERS ]] &amp;&amp; echo " $OTHER_FILTERS") || /bin/true
        auid_string=$([[ $AUID_FILTERS ]] &amp;&amp; echo " $AUID_FILTERS") || /bin/true
        full_rule="$ACTION_ARCH_FILTERS${syscall_string}${other_string}${auid_string} -F key=$KEY" || /bin/true
        echo "$full_rule" &gt;&gt; "$default_file"
        chmod 0600 ${default_file}
    else
        # Check if the syscalls are declared as a comma separated list or
        # as multiple -S parameters
        if grep -q -- "," &lt;&lt;&lt; "${rule_syscalls_to_edit}"
        then
            delimiter=","
        else
            delimiter=" -S "
        fi
        new_grouped_syscalls="${rule_syscalls_to_edit}"
        for syscall in "${syscall_a[@]}"
        do
            grep -q -- "\b${syscall}\b" &lt;&lt;&lt; "${rule_syscalls_to_edit}" || {
               # A syscall was not found in the candidate rule
               new_grouped_syscalls+="${delimiter}${syscall}"
               }
        done

        # Group the syscall in the rule
        sed -i -e "\#${rule_to_edit}#s#${rule_syscalls_to_edit}#${new_grouped_syscalls}#" "$file_to_edit"
    fi
fi
	unset syscall_a
unset syscall_grouping
unset syscall_string
unset syscall
unset file_to_edit
unset rule_to_edit
unset rule_syscalls_to_edit
unset other_string
unset auid_string
unset full_rule

# Load macro arguments into arrays
read -a syscall_a &lt;&lt;&lt; $SYSCALL
read -a syscall_grouping &lt;&lt;&lt; $SYSCALL_GROUPING

# Create a list of audit *.rules files that should be inspected for presence and correctness
# of a particular audit rule. The scheme is as follows:
#
# -----------------------------------------------------------------------------------------
#  Tool used to load audit rules | Rule already defined  |  Audit rules file to inspect    |
# -----------------------------------------------------------------------------------------
#        auditctl                |     Doesn't matter    |  /etc/audit/audit.rules         |
# -----------------------------------------------------------------------------------------
#        augenrules              |          Yes          |  /etc/audit/rules.d/*.rules     |
#        augenrules              |          No           |  /etc/audit/rules.d/$key.rules  |
# -----------------------------------------------------------------------------------------
#
files_to_inspect=()


# If audit tool is 'auditctl', then add '/etc/audit/audit.rules'
# file to the list of files to be inspected
default_file="/etc/audit/audit.rules"
files_to_inspect+=('/etc/audit/audit.rules' )

# After converting to jinja, we cannot return; therefore we skip the rest of the macro if needed instead
skip=1

for audit_file in "${files_to_inspect[@]}"
do
    # Filter existing $audit_file rules' definitions to select those that satisfy the rule pattern,
    # i.e, collect rules that match:
    # * the action, list and arch, (2-nd argument)
    # * the other filters, (3-rd argument)
    # * the auid filters, (4-rd argument)
    readarray -t similar_rules &lt; &lt;(sed -e "/^$ACTION_ARCH_FILTERS/!d"  -e "\#$OTHER_FILTERS#!d" -e "/$AUID_FILTERS/!d" "$audit_file")

    candidate_rules=()
    # Filter out rules that have more fields then required. This will remove rules more specific than the required scope
    for s_rule in "${similar_rules[@]}"
    do
        # Strip all the options and fields we know of,
        # than check if there was any field left over
        extra_fields=$(sed -E -e "s/^$ACTION_ARCH_FILTERS//"  -e "s#$OTHER_FILTERS##" -e "s/$AUID_FILTERS//" -e "s/((:?-S [[:alnum:],]+)+)//g" -e "s/-F key=\w+|-k \w+//"&lt;&lt;&lt; "$s_rule")
        grep -q -- "-F" &lt;&lt;&lt; "$extra_fields" || candidate_rules+=("$s_rule")
    done

    if [[ ${#syscall_a[@]} -ge 1 ]]
    then
        # Check if the syscall we want is present in any of the similar existing rules
        for rule in "${candidate_rules[@]}"
        do
            rule_syscalls=$(echo "$rule" | grep -o -P '(-S [\w,]+)+' | xargs)
            all_syscalls_found=0
            for syscall in "${syscall_a[@]}"
            do
                grep -q -- "\b${syscall}\b" &lt;&lt;&lt; "$rule_syscalls" || {
                   # A syscall was not found in the candidate rule
                   all_syscalls_found=1
                   }
            done
            if [[ $all_syscalls_found -eq 0 ]]
            then
                # We found a rule with all the syscall(s) we want; skip rest of macro
                skip=0
                break
            fi

            # Check if this rule can be grouped with our target syscall and keep track of it
            for syscall_g in "${syscall_grouping[@]}"
            do
                if grep -q -- "\b${syscall_g}\b" &lt;&lt;&lt; "$rule_syscalls"
                then
                    file_to_edit=${audit_file}
                    rule_to_edit=${rule}
                    rule_syscalls_to_edit=${rule_syscalls}
                fi
            done
        done
    else
        # If there is any candidate rule, it is compliant; skip rest of macro
        if [ "${#candidate_rules[@]}" -gt 0 ]
        then
            skip=0
        fi
    fi

    if [ "$skip" -eq 0 ]; then
        break
    fi
done

if [ "$skip" -ne 0 ]; then
    # We checked all rules that matched the expected resemblance pattern (action, arch &amp; auid)
    # At this point we know if we need to either append the $full_rule or group
    # the syscall together with an exsiting rule

    # Append the full_rule if it cannot be grouped to any other rule
    if [ -z ${rule_to_edit+x} ]
    then
        # Build full_rule while avoid adding double spaces when other_filters is empty
        if [ "${#syscall_a[@]}" -gt 0 ]
        then
            syscall_string=""
            for syscall in "${syscall_a[@]}"
            do
                syscall_string+=" -S $syscall"
            done
        fi
        other_string=$([[ $OTHER_FILTERS ]] &amp;&amp; echo " $OTHER_FILTERS") || /bin/true
        auid_string=$([[ $AUID_FILTERS ]] &amp;&amp; echo " $AUID_FILTERS") || /bin/true
        full_rule="$ACTION_ARCH_FILTERS${syscall_string}${other_string}${auid_string} -F key=$KEY" || /bin/true
        echo "$full_rule" &gt;&gt; "$default_file"
        chmod 0600 ${default_file}
    else
        # Check if the syscalls are declared as a comma separated list or
        # as multiple -S parameters
        if grep -q -- "," &lt;&lt;&lt; "${rule_syscalls_to_edit}"
        then
            delimiter=","
        else
            delimiter=" -S "
        fi
        new_grouped_syscalls="${rule_syscalls_to_edit}"
        for syscall in "${syscall_a[@]}"
        do
            grep -q -- "\b${syscall}\b" &lt;&lt;&lt; "${rule_syscalls_to_edit}" || {
               # A syscall was not found in the candidate rule
               new_grouped_syscalls+="${delimiter}${syscall}"
               }
        done

        # Group the syscall in the rule
        sed -i -e "\#${rule_to_edit}#s#${rule_syscalls_to_edit}#${new_grouped_syscalls}#" "$file_to_edit"
    fi
fi
done

else
    &gt;&amp;2 echo 'Remediation is not applicable, nothing was done'
fi
</fix>
          <fix xmlns:xhtml="http://www.w3.org/1999/xhtml" id="audit_rules_unsuccessful_file_modification_ftruncate" system="urn:xccdf:fix:script:ansible" reboot="true" complexity="low" disruption="low" strategy="restrict">- name: Gather the package facts
  package_facts:
    manager: auto
  tags:
  - CCE-85696-3
  - DISA-STIG-SLES-15-030150
  - NIST-800-171-3.1.7
  - NIST-800-53-AU-12(a)
  - NIST-800-53-AU-12(c)
  - NIST-800-53-AU-12.1(ii)
  - NIST-800-53-AU-12.1(iv)
  - NIST-800-53-AU-3
  - NIST-800-53-AU-3.1
  - NIST-800-53-MA-4(1)(a)
  - PCI-DSS-Req-10.2.1
  - PCI-DSS-Req-10.2.4
  - audit_rules_unsuccessful_file_modification_ftruncate
  - low_complexity
  - low_disruption
  - medium_severity
  - reboot_required
  - restrict_strategy

- name: Set architecture for audit ftruncate tasks
  ansible.builtin.set_fact:
    audit_arch: b64
  when:
  - '"audit" in ansible_facts.packages'
  - ("kernel-default" in ansible_facts.packages or "kernel-default-base" in ansible_facts.packages)
  - ansible_architecture == "aarch64" or ansible_architecture == "ppc64" or ansible_architecture
    == "ppc64le" or ansible_architecture == "s390x" or ansible_architecture == "x86_64"
  tags:
  - CCE-85696-3
  - DISA-STIG-SLES-15-030150
  - NIST-800-171-3.1.7
  - NIST-800-53-AU-12(a)
  - NIST-800-53-AU-12(c)
  - NIST-800-53-AU-12.1(ii)
  - NIST-800-53-AU-12.1(iv)
  - NIST-800-53-AU-3
  - NIST-800-53-AU-3.1
  - NIST-800-53-MA-4(1)(a)
  - PCI-DSS-Req-10.2.1
  - PCI-DSS-Req-10.2.4
  - audit_rules_unsuccessful_file_modification_ftruncate
  - low_complexity
  - low_disruption
  - medium_severity
  - reboot_required
  - restrict_strategy

- name: Perform remediation of Audit rules for ftruncate EACCES for 32bit platform
  block:

  - name: Declare list of syscalls
    ansible.builtin.set_fact:
      syscalls:
      - ftruncate
      syscall_grouping:
      - creat
      - ftruncate
      - truncate
      - open
      - openat
      - open_by_handle_at

  - name: Check existence of ftruncate in /etc/audit/rules.d/
    ansible.builtin.find:
      paths: /etc/audit/rules.d
      contains: -a always,exit -F arch=b32(( -S |,)\w+)*(( -S |,){{ item }})+(( -S
        |,)\w+)* -F exit=-EACCES -F auid&gt;=1000 -F auid!=unset (-k\s+|-F\s+key=)\S+\s*$
      patterns: '*.rules'
    register: find_command
    loop: '{{ (syscall_grouping + syscalls) | unique }}'

  - name: Reset syscalls found per file
    ansible.builtin.set_fact:
      syscalls_per_file: {}
      found_paths_dict: {}

  - name: Declare syscalls found per file
    ansible.builtin.set_fact: syscalls_per_file="{{ syscalls_per_file | combine( {item.files[0].path
      :[item.item] + syscalls_per_file.get(item.files[0].path, []) } ) }}"
    loop: '{{ find_command.results | selectattr(''matched'') | list }}'

  - name: Declare files where syscalls were found
    ansible.builtin.set_fact: found_paths="{{ find_command.results | map(attribute='files')
      | flatten | map(attribute='path') | list }}"

  - name: Count occurrences of syscalls in paths
    ansible.builtin.set_fact: found_paths_dict="{{ found_paths_dict | combine({ item:1+found_paths_dict.get(item,
      0) }) }}"
    loop: '{{ find_command.results | map(attribute=''files'') | flatten | map(attribute=''path'')
      | list }}'

  - name: Get path with most syscalls
    ansible.builtin.set_fact: audit_file="{{ (found_paths_dict | dict2items() | sort(attribute='value')
      | last).key }}"
    when: found_paths | length &gt;= 1

  - name: No file with syscall found, set path to /etc/audit/rules.d/access.rules
    ansible.builtin.set_fact: audit_file="/etc/audit/rules.d/access.rules"
    when: found_paths | length == 0

  - name: Declare found syscalls
    ansible.builtin.set_fact: syscalls_found="{{ find_command.results | selectattr('matched')
      | map(attribute='item') | list }}"

  - name: Declare missing syscalls
    ansible.builtin.set_fact: missing_syscalls="{{ syscalls | difference(syscalls_found)
      }}"

  - name: Replace the audit rule in {{ audit_file }}
    ansible.builtin.lineinfile:
      path: '{{ audit_file }}'
      regexp: (-a always,exit -F arch=b32)(?=.*(?:(?:-S |,)(?:{{ syscalls_per_file[audit_file]
        | join("|") }}))\b)((?:( -S |,)\w+)+)( -F exit=-EACCES -F auid&gt;=1000 -F auid!=unset
        (?:-k |-F key=)\w+)
      line: \1\2\3{{ missing_syscalls | join("\3") }}\4
      backrefs: true
      state: present
      mode: g-rwx,o-rwx
    when: syscalls_found | length &gt; 0 and missing_syscalls | length &gt; 0

  - name: Add the audit rule to {{ audit_file }}
    ansible.builtin.lineinfile:
      path: '{{ audit_file }}'
      line: -a always,exit -F arch=b32 -S {{ syscalls | join(',') }} -F exit=-EACCES
        -F auid&gt;=1000 -F auid!=unset -F key=access
      create: true
      mode: g-rwx,o-rwx
      state: present
    when: syscalls_found | length == 0

  - name: Declare list of syscalls
    ansible.builtin.set_fact:
      syscalls:
      - ftruncate
      syscall_grouping:
      - creat
      - ftruncate
      - truncate
      - open
      - openat
      - open_by_handle_at

  - name: Check existence of ftruncate in /etc/audit/audit.rules
    ansible.builtin.find:
      paths: /etc/audit
      contains: -a always,exit -F arch=b32(( -S |,)\w+)*(( -S |,){{ item }})+(( -S
        |,)\w+)* -F exit=-EACCES -F auid&gt;=1000 -F auid!=unset (-k\s+|-F\s+key=)\S+\s*$
      patterns: audit.rules
    register: find_command
    loop: '{{ (syscall_grouping + syscalls) | unique }}'

  - name: Set path to /etc/audit/audit.rules
    ansible.builtin.set_fact: audit_file="/etc/audit/audit.rules"

  - name: Declare found syscalls
    ansible.builtin.set_fact: syscalls_found="{{ find_command.results | selectattr('matched')
      | map(attribute='item') | list }}"

  - name: Declare missing syscalls
    ansible.builtin.set_fact: missing_syscalls="{{ syscalls | difference(syscalls_found)
      }}"

  - name: Replace the audit rule in {{ audit_file }}
    ansible.builtin.lineinfile:
      path: '{{ audit_file }}'
      regexp: (-a always,exit -F arch=b32)(?=.*(?:(?:-S |,)(?:{{ syscalls_found |
        join("|") }}))\b)((?:( -S |,)\w+)+)( -F exit=-EACCES -F auid&gt;=1000 -F auid!=unset
        (?:-k |-F key=)\w+)
      line: \1\2\3{{ missing_syscalls | join("\3") }}\4
      backrefs: true
      state: present
      mode: g-rwx,o-rwx
    when: syscalls_found | length &gt; 0 and missing_syscalls | length &gt; 0

  - name: Add the audit rule to {{ audit_file }}
    ansible.builtin.lineinfile:
      path: '{{ audit_file }}'
      line: -a always,exit -F arch=b32 -S {{ syscalls | join(',') }} -F exit=-EACCES
        -F auid&gt;=1000 -F auid!=unset -F key=access
      create: true
      mode: g-rwx,o-rwx
      state: present
    when: syscalls_found | length == 0
  when:
  - '"audit" in ansible_facts.packages'
  - ("kernel-default" in ansible_facts.packages or "kernel-default-base" in ansible_facts.packages)
  tags:
  - CCE-85696-3
  - DISA-STIG-SLES-15-030150
  - NIST-800-171-3.1.7
  - NIST-800-53-AU-12(a)
  - NIST-800-53-AU-12(c)
  - NIST-800-53-AU-12.1(ii)
  - NIST-800-53-AU-12.1(iv)
  - NIST-800-53-AU-3
  - NIST-800-53-AU-3.1
  - NIST-800-53-MA-4(1)(a)
  - PCI-DSS-Req-10.2.1
  - PCI-DSS-Req-10.2.4
  - audit_rules_unsuccessful_file_modification_ftruncate
  - low_complexity
  - low_disruption
  - medium_severity
  - reboot_required
  - restrict_strategy

- name: Perform remediation of Audit rules for ftruncate EACCES for 64bit platform
  block:

  - name: Declare list of syscalls
    ansible.builtin.set_fact:
      syscalls:
      - ftruncate
      syscall_grouping:
      - creat
      - ftruncate
      - truncate
      - open
      - openat
      - open_by_handle_at

  - name: Check existence of ftruncate in /etc/audit/rules.d/
    ansible.builtin.find:
      paths: /etc/audit/rules.d
      contains: -a always,exit -F arch=b64(( -S |,)\w+)*(( -S |,){{ item }})+(( -S
        |,)\w+)* -F exit=-EACCES -F auid&gt;=1000 -F auid!=unset (-k\s+|-F\s+key=)\S+\s*$
      patterns: '*.rules'
    register: find_command
    loop: '{{ (syscall_grouping + syscalls) | unique }}'

  - name: Reset syscalls found per file
    ansible.builtin.set_fact:
      syscalls_per_file: {}
      found_paths_dict: {}

  - name: Declare syscalls found per file
    ansible.builtin.set_fact: syscalls_per_file="{{ syscalls_per_file | combine( {item.files[0].path
      :[item.item] + syscalls_per_file.get(item.files[0].path, []) } ) }}"
    loop: '{{ find_command.results | selectattr(''matched'') | list }}'

  - name: Declare files where syscalls were found
    ansible.builtin.set_fact: found_paths="{{ find_command.results | map(attribute='files')
      | flatten | map(attribute='path') | list }}"

  - name: Count occurrences of syscalls in paths
    ansible.builtin.set_fact: found_paths_dict="{{ found_paths_dict | combine({ item:1+found_paths_dict.get(item,
      0) }) }}"
    loop: '{{ find_command.results | map(attribute=''files'') | flatten | map(attribute=''path'')
      | list }}'

  - name: Get path with most syscalls
    ansible.builtin.set_fact: audit_file="{{ (found_paths_dict | dict2items() | sort(attribute='value')
      | last).key }}"
    when: found_paths | length &gt;= 1

  - name: No file with syscall found, set path to /etc/audit/rules.d/access.rules
    ansible.builtin.set_fact: audit_file="/etc/audit/rules.d/access.rules"
    when: found_paths | length == 0

  - name: Declare found syscalls
    ansible.builtin.set_fact: syscalls_found="{{ find_command.results | selectattr('matched')
      | map(attribute='item') | list }}"

  - name: Declare missing syscalls
    ansible.builtin.set_fact: missing_syscalls="{{ syscalls | difference(syscalls_found)
      }}"

  - name: Replace the audit rule in {{ audit_file }}
    ansible.builtin.lineinfile:
      path: '{{ audit_file }}'
      regexp: (-a always,exit -F arch=b64)(?=.*(?:(?:-S |,)(?:{{ syscalls_per_file[audit_file]
        | join("|") }}))\b)((?:( -S |,)\w+)+)( -F exit=-EACCES -F auid&gt;=1000 -F auid!=unset
        (?:-k |-F key=)\w+)
      line: \1\2\3{{ missing_syscalls | join("\3") }}\4
      backrefs: true
      state: present
      mode: g-rwx,o-rwx
    when: syscalls_found | length &gt; 0 and missing_syscalls | length &gt; 0

  - name: Add the audit rule to {{ audit_file }}
    ansible.builtin.lineinfile:
      path: '{{ audit_file }}'
      line: -a always,exit -F arch=b64 -S {{ syscalls | join(',') }} -F exit=-EACCES
        -F auid&gt;=1000 -F auid!=unset -F key=access
      create: true
      mode: g-rwx,o-rwx
      state: present
    when: syscalls_found | length == 0

  - name: Declare list of syscalls
    ansible.builtin.set_fact:
      syscalls:
      - ftruncate
      syscall_grouping:
      - creat
      - ftruncate
      - truncate
      - open
      - openat
      - open_by_handle_at

  - name: Check existence of ftruncate in /etc/audit/audit.rules
    ansible.builtin.find:
      paths: /etc/audit
      contains: -a always,exit -F arch=b64(( -S |,)\w+)*(( -S |,){{ item }})+(( -S
        |,)\w+)* -F exit=-EACCES -F auid&gt;=1000 -F auid!=unset (-k\s+|-F\s+key=)\S+\s*$
      patterns: audit.rules
    register: find_command
    loop: '{{ (syscall_grouping + syscalls) | unique }}'

  - name: Set path to /etc/audit/audit.rules
    ansible.builtin.set_fact: audit_file="/etc/audit/audit.rules"

  - name: Declare found syscalls
    ansible.builtin.set_fact: syscalls_found="{{ find_command.results | selectattr('matched')
      | map(attribute='item') | list }}"

  - name: Declare missing syscalls
    ansible.builtin.set_fact: missing_syscalls="{{ syscalls | difference(syscalls_found)
      }}"

  - name: Replace the audit rule in {{ audit_file }}
    ansible.builtin.lineinfile:
      path: '{{ audit_file }}'
      regexp: (-a always,exit -F arch=b64)(?=.*(?:(?:-S |,)(?:{{ syscalls_found |
        join("|") }}))\b)((?:( -S |,)\w+)+)( -F exit=-EACCES -F auid&gt;=1000 -F auid!=unset
        (?:-k |-F key=)\w+)
      line: \1\2\3{{ missing_syscalls | join("\3") }}\4
      backrefs: true
      state: present
      mode: g-rwx,o-rwx
    when: syscalls_found | length &gt; 0 and missing_syscalls | length &gt; 0

  - name: Add the audit rule to {{ audit_file }}
    ansible.builtin.lineinfile:
      path: '{{ audit_file }}'
      line: -a always,exit -F arch=b64 -S {{ syscalls | join(',') }} -F exit=-EACCES
        -F auid&gt;=1000 -F auid!=unset -F key=access
      create: true
      mode: g-rwx,o-rwx
      state: present
    when: syscalls_found | length == 0
  when:
  - '"audit" in ansible_facts.packages'
  - ("kernel-default" in ansible_facts.packages or "kernel-default-base" in ansible_facts.packages)
  - audit_arch == "b64"
  tags:
  - CCE-85696-3
  - DISA-STIG-SLES-15-030150
  - NIST-800-171-3.1.7
  - NIST-800-53-AU-12(a)
  - NIST-800-53-AU-12(c)
  - NIST-800-53-AU-12.1(ii)
  - NIST-800-53-AU-12.1(iv)
  - NIST-800-53-AU-3
  - NIST-800-53-AU-3.1
  - NIST-800-53-MA-4(1)(a)
  - PCI-DSS-Req-10.2.1
  - PCI-DSS-Req-10.2.4
  - audit_rules_unsuccessful_file_modification_ftruncate
  - low_complexity
  - low_disruption
  - medium_severity
  - reboot_required
  - restrict_strategy

- name: Perform remediation of Audit rules for ftruncate EPERM for 32bit platform
  block:

  - name: Declare list of syscalls
    ansible.builtin.set_fact:
      syscalls:
      - ftruncate
      syscall_grouping:
      - creat
      - ftruncate
      - truncate
      - open
      - openat
      - open_by_handle_at

  - name: Check existence of ftruncate in /etc/audit/rules.d/
    ansible.builtin.find:
      paths: /etc/audit/rules.d
      contains: -a always,exit -F arch=b32(( -S |,)\w+)*(( -S |,){{ item }})+(( -S
        |,)\w+)* -F exit=-EPERM -F auid&gt;=1000 -F auid!=unset (-k\s+|-F\s+key=)\S+\s*$
      patterns: '*.rules'
    register: find_command
    loop: '{{ (syscall_grouping + syscalls) | unique }}'

  - name: Reset syscalls found per file
    ansible.builtin.set_fact:
      syscalls_per_file: {}
      found_paths_dict: {}

  - name: Declare syscalls found per file
    ansible.builtin.set_fact: syscalls_per_file="{{ syscalls_per_file | combine( {item.files[0].path
      :[item.item] + syscalls_per_file.get(item.files[0].path, []) } ) }}"
    loop: '{{ find_command.results | selectattr(''matched'') | list }}'

  - name: Declare files where syscalls were found
    ansible.builtin.set_fact: found_paths="{{ find_command.results | map(attribute='files')
      | flatten | map(attribute='path') | list }}"

  - name: Count occurrences of syscalls in paths
    ansible.builtin.set_fact: found_paths_dict="{{ found_paths_dict | combine({ item:1+found_paths_dict.get(item,
      0) }) }}"
    loop: '{{ find_command.results | map(attribute=''files'') | flatten | map(attribute=''path'')
      | list }}'

  - name: Get path with most syscalls
    ansible.builtin.set_fact: audit_file="{{ (found_paths_dict | dict2items() | sort(attribute='value')
      | last).key }}"
    when: found_paths | length &gt;= 1

  - name: No file with syscall found, set path to /etc/audit/rules.d/access.rules
    ansible.builtin.set_fact: audit_file="/etc/audit/rules.d/access.rules"
    when: found_paths | length == 0

  - name: Declare found syscalls
    ansible.builtin.set_fact: syscalls_found="{{ find_command.results | selectattr('matched')
      | map(attribute='item') | list }}"

  - name: Declare missing syscalls
    ansible.builtin.set_fact: missing_syscalls="{{ syscalls | difference(syscalls_found)
      }}"

  - name: Replace the audit rule in {{ audit_file }}
    ansible.builtin.lineinfile:
      path: '{{ audit_file }}'
      regexp: (-a always,exit -F arch=b32)(?=.*(?:(?:-S |,)(?:{{ syscalls_per_file[audit_file]
        | join("|") }}))\b)((?:( -S |,)\w+)+)( -F exit=-EPERM -F auid&gt;=1000 -F auid!=unset
        (?:-k |-F key=)\w+)
      line: \1\2\3{{ missing_syscalls | join("\3") }}\4
      backrefs: true
      state: present
      mode: g-rwx,o-rwx
    when: syscalls_found | length &gt; 0 and missing_syscalls | length &gt; 0

  - name: Add the audit rule to {{ audit_file }}
    ansible.builtin.lineinfile:
      path: '{{ audit_file }}'
      line: -a always,exit -F arch=b32 -S {{ syscalls | join(',') }} -F exit=-EPERM
        -F auid&gt;=1000 -F auid!=unset -F key=access
      create: true
      mode: g-rwx,o-rwx
      state: present
    when: syscalls_found | length == 0

  - name: Declare list of syscalls
    ansible.builtin.set_fact:
      syscalls:
      - ftruncate
      syscall_grouping:
      - creat
      - ftruncate
      - truncate
      - open
      - openat
      - open_by_handle_at

  - name: Check existence of ftruncate in /etc/audit/audit.rules
    ansible.builtin.find:
      paths: /etc/audit
      contains: -a always,exit -F arch=b32(( -S |,)\w+)*(( -S |,){{ item }})+(( -S
        |,)\w+)* -F exit=-EPERM -F auid&gt;=1000 -F auid!=unset (-k\s+|-F\s+key=)\S+\s*$
      patterns: audit.rules
    register: find_command
    loop: '{{ (syscall_grouping + syscalls) | unique }}'

  - name: Set path to /etc/audit/audit.rules
    ansible.builtin.set_fact: audit_file="/etc/audit/audit.rules"

  - name: Declare found syscalls
    ansible.builtin.set_fact: syscalls_found="{{ find_command.results | selectattr('matched')
      | map(attribute='item') | list }}"

  - name: Declare missing syscalls
    ansible.builtin.set_fact: missing_syscalls="{{ syscalls | difference(syscalls_found)
      }}"

  - name: Replace the audit rule in {{ audit_file }}
    ansible.builtin.lineinfile:
      path: '{{ audit_file }}'
      regexp: (-a always,exit -F arch=b32)(?=.*(?:(?:-S |,)(?:{{ syscalls_found |
        join("|") }}))\b)((?:( -S |,)\w+)+)( -F exit=-EPERM -F auid&gt;=1000 -F auid!=unset
        (?:-k |-F key=)\w+)
      line: \1\2\3{{ missing_syscalls | join("\3") }}\4
      backrefs: true
      state: present
      mode: g-rwx,o-rwx
    when: syscalls_found | length &gt; 0 and missing_syscalls | length &gt; 0

  - name: Add the audit rule to {{ audit_file }}
    ansible.builtin.lineinfile:
      path: '{{ audit_file }}'
      line: -a always,exit -F arch=b32 -S {{ syscalls | join(',') }} -F exit=-EPERM
        -F auid&gt;=1000 -F auid!=unset -F key=access
      create: true
      mode: g-rwx,o-rwx
      state: present
    when: syscalls_found | length == 0
  when:
  - '"audit" in ansible_facts.packages'
  - ("kernel-default" in ansible_facts.packages or "kernel-default-base" in ansible_facts.packages)
  tags:
  - CCE-85696-3
  - DISA-STIG-SLES-15-030150
  - NIST-800-171-3.1.7
  - NIST-800-53-AU-12(a)
  - NIST-800-53-AU-12(c)
  - NIST-800-53-AU-12.1(ii)
  - NIST-800-53-AU-12.1(iv)
  - NIST-800-53-AU-3
  - NIST-800-53-AU-3.1
  - NIST-800-53-MA-4(1)(a)
  - PCI-DSS-Req-10.2.1
  - PCI-DSS-Req-10.2.4
  - audit_rules_unsuccessful_file_modification_ftruncate
  - low_complexity
  - low_disruption
  - medium_severity
  - reboot_required
  - restrict_strategy

- name: Perform remediation of Audit rules for ftruncate EPERM for 64bit platform
  block:

  - name: Declare list of syscalls
    ansible.builtin.set_fact:
      syscalls:
      - ftruncate
      syscall_grouping:
      - creat
      - ftruncate
      - truncate
      - open
      - openat
      - open_by_handle_at

  - name: Check existence of ftruncate in /etc/audit/rules.d/
    ansible.builtin.find:
      paths: /etc/audit/rules.d
      contains: -a always,exit -F arch=b64(( -S |,)\w+)*(( -S |,){{ item }})+(( -S
        |,)\w+)* -F exit=-EPERM -F auid&gt;=1000 -F auid!=unset (-k\s+|-F\s+key=)\S+\s*$
      patterns: '*.rules'
    register: find_command
    loop: '{{ (syscall_grouping + syscalls) | unique }}'

  - name: Reset syscalls found per file
    ansible.builtin.set_fact:
      syscalls_per_file: {}
      found_paths_dict: {}

  - name: Declare syscalls found per file
    ansible.builtin.set_fact: syscalls_per_file="{{ syscalls_per_file | combine( {item.files[0].path
      :[item.item] + syscalls_per_file.get(item.files[0].path, []) } ) }}"
    loop: '{{ find_command.results | selectattr(''matched'') | list }}'

  - name: Declare files where syscalls were found
    ansible.builtin.set_fact: found_paths="{{ find_command.results | map(attribute='files')
      | flatten | map(attribute='path') | list }}"

  - name: Count occurrences of syscalls in paths
    ansible.builtin.set_fact: found_paths_dict="{{ found_paths_dict | combine({ item:1+found_paths_dict.get(item,
      0) }) }}"
    loop: '{{ find_command.results | map(attribute=''files'') | flatten | map(attribute=''path'')
      | list }}'

  - name: Get path with most syscalls
    ansible.builtin.set_fact: audit_file="{{ (found_paths_dict | dict2items() | sort(attribute='value')
      | last).key }}"
    when: found_paths | length &gt;= 1

  - name: No file with syscall found, set path to /etc/audit/rules.d/access.rules
    ansible.builtin.set_fact: audit_file="/etc/audit/rules.d/access.rules"
    when: found_paths | length == 0

  - name: Declare found syscalls
    ansible.builtin.set_fact: syscalls_found="{{ find_command.results | selectattr('matched')
      | map(attribute='item') | list }}"

  - name: Declare missing syscalls
    ansible.builtin.set_fact: missing_syscalls="{{ syscalls | difference(syscalls_found)
      }}"

  - name: Replace the audit rule in {{ audit_file }}
    ansible.builtin.lineinfile:
      path: '{{ audit_file }}'
      regexp: (-a always,exit -F arch=b64)(?=.*(?:(?:-S |,)(?:{{ syscalls_per_file[audit_file]
        | join("|") }}))\b)((?:( -S |,)\w+)+)( -F exit=-EPERM -F auid&gt;=1000 -F auid!=unset
        (?:-k |-F key=)\w+)
      line: \1\2\3{{ missing_syscalls | join("\3") }}\4
      backrefs: true
      state: present
      mode: g-rwx,o-rwx
    when: syscalls_found | length &gt; 0 and missing_syscalls | length &gt; 0

  - name: Add the audit rule to {{ audit_file }}
    ansible.builtin.lineinfile:
      path: '{{ audit_file }}'
      line: -a always,exit -F arch=b64 -S {{ syscalls | join(',') }} -F exit=-EPERM
        -F auid&gt;=1000 -F auid!=unset -F key=access
      create: true
      mode: g-rwx,o-rwx
      state: present
    when: syscalls_found | length == 0

  - name: Declare list of syscalls
    ansible.builtin.set_fact:
      syscalls:
      - ftruncate
      syscall_grouping:
      - creat
      - ftruncate
      - truncate
      - open
      - openat
      - open_by_handle_at

  - name: Check existence of ftruncate in /etc/audit/audit.rules
    ansible.builtin.find:
      paths: /etc/audit
      contains: -a always,exit -F arch=b64(( -S |,)\w+)*(( -S |,){{ item }})+(( -S
        |,)\w+)* -F exit=-EPERM -F auid&gt;=1000 -F auid!=unset (-k\s+|-F\s+key=)\S+\s*$
      patterns: audit.rules
    register: find_command
    loop: '{{ (syscall_grouping + syscalls) | unique }}'

  - name: Set path to /etc/audit/audit.rules
    ansible.builtin.set_fact: audit_file="/etc/audit/audit.rules"

  - name: Declare found syscalls
    ansible.builtin.set_fact: syscalls_found="{{ find_command.results | selectattr('matched')
      | map(attribute='item') | list }}"

  - name: Declare missing syscalls
    ansible.builtin.set_fact: missing_syscalls="{{ syscalls | difference(syscalls_found)
      }}"

  - name: Replace the audit rule in {{ audit_file }}
    ansible.builtin.lineinfile:
      path: '{{ audit_file }}'
      regexp: (-a always,exit -F arch=b64)(?=.*(?:(?:-S |,)(?:{{ syscalls_found |
        join("|") }}))\b)((?:( -S |,)\w+)+)( -F exit=-EPERM -F auid&gt;=1000 -F auid!=unset
        (?:-k |-F key=)\w+)
      line: \1\2\3{{ missing_syscalls | join("\3") }}\4
      backrefs: true
      state: present
      mode: g-rwx,o-rwx
    when: syscalls_found | length &gt; 0 and missing_syscalls | length &gt; 0

  - name: Add the audit rule to {{ audit_file }}
    ansible.builtin.lineinfile:
      path: '{{ audit_file }}'
      line: -a always,exit -F arch=b64 -S {{ syscalls | join(',') }} -F exit=-EPERM
        -F auid&gt;=1000 -F auid!=unset -F key=access
      create: true
      mode: g-rwx,o-rwx
      state: present
    when: syscalls_found | length == 0
  when:
  - '"audit" in ansible_facts.packages'
  - ("kernel-default" in ansible_facts.packages or "kernel-default-base" in ansible_facts.packages)
  - audit_arch == "b64"
  tags:
  - CCE-85696-3
  - DISA-STIG-SLES-15-030150
  - NIST-800-171-3.1.7
  - NIST-800-53-AU-12(a)
  - NIST-800-53-AU-12(c)
  - NIST-800-53-AU-12.1(ii)
  - NIST-800-53-AU-12.1(iv)
  - NIST-800-53-AU-3
  - NIST-800-53-AU-3.1
  - NIST-800-53-MA-4(1)(a)
  - PCI-DSS-Req-10.2.1
  - PCI-DSS-Req-10.2.4
  - audit_rules_unsuccessful_file_modification_ftruncate
  - low_complexity
  - low_disruption
  - medium_severity
  - reboot_required
  - restrict_strategy
</fix>
          <check system="http://oval.mitre.org/XMLSchema/oval-definitions-5">
            <check-content-ref name="oval:ssg-audit_rules_unsuccessful_file_modification_ftruncate:def:1" href="ssg-sle15-oval.xml"/>
          </check>
          <check system="http://scap.nist.gov/schema/ocil/2">
            <check-content-ref name="ocil:ssg-audit_rules_unsuccessful_file_modification_ftruncate_ocil:questionnaire:1" href="ssg-sle15-ocil.xml"/>
          </check>
        </Rule>
        <Rule id="xccdf_org.ssgproject.content_rule_audit_rules_unsuccessful_file_modification_open" selected="false" role="full" severity="medium">
          <title xmlns:xhtml="http://www.w3.org/1999/xhtml" xml:lang="en-US">Record Unsuccessful Access Attempts to Files - open</title>
          <description xmlns:xhtml="http://www.w3.org/1999/xhtml" xml:lang="en-US">At a minimum, the audit system should collect unauthorized file
accesses for all users and root. If the <html:code xmlns:html="http://www.w3.org/1999/xhtml">auditd</html:code> daemon is configured
to use the <html:code xmlns:html="http://www.w3.org/1999/xhtml">augenrules</html:code> program to read audit rules during daemon
startup (the default), add the following lines to a file with suffix
<html:code xmlns:html="http://www.w3.org/1999/xhtml">.rules</html:code> in the directory <html:code xmlns:html="http://www.w3.org/1999/xhtml">/etc/audit/rules.d</html:code>:
<html:pre xmlns:html="http://www.w3.org/1999/xhtml">-a always,exit -F arch=b32 -S open -F exit=-EACCES -F auid&gt;=1000 -F auid!=unset -F key=access
-a always,exit -F arch=b32 -S open -F exit=-EPERM -F auid&gt;=1000 -F auid!=unset -F key=access</html:pre>

If the system is 64 bit then also add the following lines:
<html:pre xmlns:html="http://www.w3.org/1999/xhtml">
-a always,exit -F arch=b64 -S open -F exit=-EACCES -F auid&gt;=1000 -F auid!=unset -F key=access
-a always,exit -F arch=b64 -S open -F exit=-EPERM -F auid&gt;=1000 -F auid!=unset -F key=access</html:pre>

If the <html:code xmlns:html="http://www.w3.org/1999/xhtml">auditd</html:code> daemon is configured to use the <html:code xmlns:html="http://www.w3.org/1999/xhtml">auditctl</html:code>
utility to read audit rules during daemon startup, add the following lines to
<html:code xmlns:html="http://www.w3.org/1999/xhtml">/etc/audit/audit.rules</html:code> file:
<html:pre xmlns:html="http://www.w3.org/1999/xhtml">-a always,exit -F arch=b32 -S open -F exit=-EACCES -F auid&gt;=1000 -F auid!=unset -F key=access
-a always,exit -F arch=b32 -S open -F exit=-EPERM -F auid&gt;=1000 -F auid!=unset -F key=access</html:pre>

If the system is 64 bit then also add the following lines:
<html:pre xmlns:html="http://www.w3.org/1999/xhtml">
-a always,exit -F arch=b64 -S open -F exit=-EACCES -F auid&gt;=1000 -F auid!=unset -F key=access
-a always,exit -F arch=b64 -S open -F exit=-EPERM -F auid&gt;=1000 -F auid!=unset -F key=access</html:pre>
       </description>
          <warning xmlns:xhtml="http://www.w3.org/1999/xhtml" xml:lang="en-US" category="general">Note that these rules can be configured in a
number of ways while still achieving the desired effect. Here the system calls
have been placed independent of other system calls. Grouping these system
calls with others as identifying earlier in this guide is more efficient.</warning>
          <reference href="https://www.cisecurity.org/controls/">1</reference>
          <reference href="https://www.cisecurity.org/controls/">11</reference>
          <reference href="https://www.cisecurity.org/controls/">12</reference>
          <reference href="https://www.cisecurity.org/controls/">13</reference>
          <reference href="https://www.cisecurity.org/controls/">14</reference>
          <reference href="https://www.cisecurity.org/controls/">15</reference>
          <reference href="https://www.cisecurity.org/controls/">16</reference>
          <reference href="https://www.cisecurity.org/controls/">19</reference>
          <reference href="https://www.cisecurity.org/controls/">2</reference>
          <reference href="https://www.cisecurity.org/controls/">3</reference>
          <reference href="https://www.cisecurity.org/controls/">4</reference>
          <reference href="https://www.cisecurity.org/controls/">5</reference>
          <reference href="https://www.cisecurity.org/controls/">6</reference>
          <reference href="https://www.cisecurity.org/controls/">7</reference>
          <reference href="https://www.cisecurity.org/controls/">8</reference>
          <reference href="https://www.cisecurity.org/controls/">9</reference>
          <reference href="https://www.isaca.org/resources/cobit">APO10.01</reference>
          <reference href="https://www.isaca.org/resources/cobit">APO10.03</reference>
          <reference href="https://www.isaca.org/resources/cobit">APO10.04</reference>
          <reference href="https://www.isaca.org/resources/cobit">APO10.05</reference>
          <reference href="https://www.isaca.org/resources/cobit">APO11.04</reference>
          <reference href="https://www.isaca.org/resources/cobit">APO12.06</reference>
          <reference href="https://www.isaca.org/resources/cobit">APO13.01</reference>
          <reference href="https://www.isaca.org/resources/cobit">BAI03.05</reference>
          <reference href="https://www.isaca.org/resources/cobit">BAI08.02</reference>
          <reference href="https://www.isaca.org/resources/cobit">DSS01.03</reference>
          <reference href="https://www.isaca.org/resources/cobit">DSS01.04</reference>
          <reference href="https://www.isaca.org/resources/cobit">DSS02.02</reference>
          <reference href="https://www.isaca.org/resources/cobit">DSS02.04</reference>
          <reference href="https://www.isaca.org/resources/cobit">DSS02.07</reference>
          <reference href="https://www.isaca.org/resources/cobit">DSS03.01</reference>
          <reference href="https://www.isaca.org/resources/cobit">DSS03.05</reference>
          <reference href="https://www.isaca.org/resources/cobit">DSS05.02</reference>
          <reference href="https://www.isaca.org/resources/cobit">DSS05.03</reference>
          <reference href="https://www.isaca.org/resources/cobit">DSS05.04</reference>
          <reference href="https://www.isaca.org/resources/cobit">DSS05.05</reference>
          <reference href="https://www.isaca.org/resources/cobit">DSS05.07</reference>
          <reference href="https://www.isaca.org/resources/cobit">MEA01.01</reference>
          <reference href="https://www.isaca.org/resources/cobit">MEA01.02</reference>
          <reference href="https://www.isaca.org/resources/cobit">MEA01.03</reference>
          <reference href="https://www.isaca.org/resources/cobit">MEA01.04</reference>
          <reference href="https://www.isaca.org/resources/cobit">MEA01.05</reference>
          <reference href="https://www.isaca.org/resources/cobit">MEA02.01</reference>
          <reference href="http://nvlpubs.nist.gov/nistpubs/SpecialPublications/NIST.SP.800-171.pdf">3.1.7</reference>
          <reference href="https://www.gpo.gov/fdsys/pkg/CFR-2007-title45-vol1/pdf/CFR-2007-title45-vol1-chapA-subchapC.pdf">164.308(a)(1)(ii)(D)</reference>
          <reference href="https://www.gpo.gov/fdsys/pkg/CFR-2007-title45-vol1/pdf/CFR-2007-title45-vol1-chapA-subchapC.pdf">164.308(a)(3)(ii)(A)</reference>
          <reference href="https://www.gpo.gov/fdsys/pkg/CFR-2007-title45-vol1/pdf/CFR-2007-title45-vol1-chapA-subchapC.pdf">164.308(a)(5)(ii)(C)</reference>
          <reference href="https://www.gpo.gov/fdsys/pkg/CFR-2007-title45-vol1/pdf/CFR-2007-title45-vol1-chapA-subchapC.pdf">164.312(a)(2)(i)</reference>
          <reference href="https://www.gpo.gov/fdsys/pkg/CFR-2007-title45-vol1/pdf/CFR-2007-title45-vol1-chapA-subchapC.pdf">164.312(b)</reference>
          <reference href="https://www.gpo.gov/fdsys/pkg/CFR-2007-title45-vol1/pdf/CFR-2007-title45-vol1-chapA-subchapC.pdf">164.312(d)</reference>
          <reference href="https://www.gpo.gov/fdsys/pkg/CFR-2007-title45-vol1/pdf/CFR-2007-title45-vol1-chapA-subchapC.pdf">164.312(e)</reference>
          <reference href="https://www.isa.org/products/isa-62443-2-1-2009-security-for-industrial-automat">4.2.3.10</reference>
          <reference href="https://www.isa.org/products/isa-62443-2-1-2009-security-for-industrial-automat">4.3.2.6.7</reference>
          <reference href="https://www.isa.org/products/isa-62443-2-1-2009-security-for-industrial-automat">4.3.3.3.9</reference>
          <reference href="https://www.isa.org/products/isa-62443-2-1-2009-security-for-industrial-automat">4.3.3.5.8</reference>
          <reference href="https://www.isa.org/products/isa-62443-2-1-2009-security-for-industrial-automat">4.3.3.6.6</reference>
          <reference href="https://www.isa.org/products/isa-62443-2-1-2009-security-for-industrial-automat">4.3.4.4.7</reference>
          <reference href="https://www.isa.org/products/isa-62443-2-1-2009-security-for-industrial-automat">4.3.4.5.6</reference>
          <reference href="https://www.isa.org/products/isa-62443-2-1-2009-security-for-industrial-automat">4.3.4.5.7</reference>
          <reference href="https://www.isa.org/products/isa-62443-2-1-2009-security-for-industrial-automat">4.3.4.5.8</reference>
          <reference href="https://www.isa.org/products/isa-62443-2-1-2009-security-for-industrial-automat">4.4.2.1</reference>
          <reference href="https://www.isa.org/products/isa-62443-2-1-2009-security-for-industrial-automat">4.4.2.2</reference>
          <reference href="https://www.isa.org/products/isa-62443-2-1-2009-security-for-industrial-automat">4.4.2.4</reference>
          <reference href="https://www.isa.org/products/ansi-isa-62443-3-3-99-03-03-2013-security-for-indu">SR 1.13</reference>
          <reference href="https://www.isa.org/products/ansi-isa-62443-3-3-99-03-03-2013-security-for-indu">SR 2.10</reference>
          <reference href="https://www.isa.org/products/ansi-isa-62443-3-3-99-03-03-2013-security-for-indu">SR 2.11</reference>
          <reference href="https://www.isa.org/products/ansi-isa-62443-3-3-99-03-03-2013-security-for-indu">SR 2.12</reference>
          <reference href="https://www.isa.org/products/ansi-isa-62443-3-3-99-03-03-2013-security-for-indu">SR 2.6</reference>
          <reference href="https://www.isa.org/products/ansi-isa-62443-3-3-99-03-03-2013-security-for-indu">SR 2.8</reference>
          <reference href="https://www.isa.org/products/ansi-isa-62443-3-3-99-03-03-2013-security-for-indu">SR 2.9</reference>
          <reference href="https://www.isa.org/products/ansi-isa-62443-3-3-99-03-03-2013-security-for-indu">SR 3.1</reference>
          <reference href="https://www.isa.org/products/ansi-isa-62443-3-3-99-03-03-2013-security-for-indu">SR 3.5</reference>
          <reference href="https://www.isa.org/products/ansi-isa-62443-3-3-99-03-03-2013-security-for-indu">SR 3.8</reference>
          <reference href="https://www.isa.org/products/ansi-isa-62443-3-3-99-03-03-2013-security-for-indu">SR 4.1</reference>
          <reference href="https://www.isa.org/products/ansi-isa-62443-3-3-99-03-03-2013-security-for-indu">SR 4.3</reference>
          <reference href="https://www.isa.org/products/ansi-isa-62443-3-3-99-03-03-2013-security-for-indu">SR 5.1</reference>
          <reference href="https://www.isa.org/products/ansi-isa-62443-3-3-99-03-03-2013-security-for-indu">SR 5.2</reference>
          <reference href="https://www.isa.org/products/ansi-isa-62443-3-3-99-03-03-2013-security-for-indu">SR 5.3</reference>
          <reference href="https://www.isa.org/products/ansi-isa-62443-3-3-99-03-03-2013-security-for-indu">SR 6.1</reference>
          <reference href="https://www.isa.org/products/ansi-isa-62443-3-3-99-03-03-2013-security-for-indu">SR 6.2</reference>
          <reference href="https://www.isa.org/products/ansi-isa-62443-3-3-99-03-03-2013-security-for-indu">SR 7.1</reference>
          <reference href="https://www.isa.org/products/ansi-isa-62443-3-3-99-03-03-2013-security-for-indu">SR 7.6</reference>
          <reference href="https://www.iso.org/contents/data/standard/05/45/54534.html">A.11.2.6</reference>
          <reference href="https://www.iso.org/contents/data/standard/05/45/54534.html">A.12.4.1</reference>
          <reference href="https://www.iso.org/contents/data/standard/05/45/54534.html">A.12.4.2</reference>
          <reference href="https://www.iso.org/contents/data/standard/05/45/54534.html">A.12.4.3</reference>
          <reference href="https://www.iso.org/contents/data/standard/05/45/54534.html">A.12.4.4</reference>
          <reference href="https://www.iso.org/contents/data/standard/05/45/54534.html">A.12.7.1</reference>
          <reference href="https://www.iso.org/contents/data/standard/05/45/54534.html">A.13.1.1</reference>
          <reference href="https://www.iso.org/contents/data/standard/05/45/54534.html">A.13.2.1</reference>
          <reference href="https://www.iso.org/contents/data/standard/05/45/54534.html">A.14.1.3</reference>
          <reference href="https://www.iso.org/contents/data/standard/05/45/54534.html">A.14.2.7</reference>
          <reference href="https://www.iso.org/contents/data/standard/05/45/54534.html">A.15.2.1</reference>
          <reference href="https://www.iso.org/contents/data/standard/05/45/54534.html">A.15.2.2</reference>
          <reference href="https://www.iso.org/contents/data/standard/05/45/54534.html">A.16.1.4</reference>
          <reference href="https://www.iso.org/contents/data/standard/05/45/54534.html">A.16.1.5</reference>
          <reference href="https://www.iso.org/contents/data/standard/05/45/54534.html">A.16.1.7</reference>
          <reference href="https://www.iso.org/contents/data/standard/05/45/54534.html">A.6.2.1</reference>
          <reference href="https://www.iso.org/contents/data/standard/05/45/54534.html">A.6.2.2</reference>
          <reference href="http://nvlpubs.nist.gov/nistpubs/SpecialPublications/NIST.SP.800-53r4.pdf">AU-12(c)</reference>
          <reference href="http://nvlpubs.nist.gov/nistpubs/SpecialPublications/NIST.SP.800-53r4.pdf">AU-12.1(iv)</reference>
          <reference href="http://nvlpubs.nist.gov/nistpubs/SpecialPublications/NIST.SP.800-53r4.pdf">AU-12(a)</reference>
          <reference href="http://nvlpubs.nist.gov/nistpubs/SpecialPublications/NIST.SP.800-53r4.pdf">AU-12.1(ii)</reference>
          <reference href="http://nvlpubs.nist.gov/nistpubs/SpecialPublications/NIST.SP.800-53r4.pdf">AU-3</reference>
          <reference href="http://nvlpubs.nist.gov/nistpubs/SpecialPublications/NIST.SP.800-53r4.pdf">AU-3.1</reference>
          <reference href="http://nvlpubs.nist.gov/nistpubs/SpecialPublications/NIST.SP.800-53r4.pdf">MA-4(1)(a)</reference>
          <reference href="https://nvlpubs.nist.gov/nistpubs/CSWP/NIST.CSWP.04162018.pdf">DE.AE-3</reference>
          <reference href="https://nvlpubs.nist.gov/nistpubs/CSWP/NIST.CSWP.04162018.pdf">DE.AE-5</reference>
          <reference href="https://nvlpubs.nist.gov/nistpubs/CSWP/NIST.CSWP.04162018.pdf">DE.CM-1</reference>
          <reference href="https://nvlpubs.nist.gov/nistpubs/CSWP/NIST.CSWP.04162018.pdf">DE.CM-3</reference>
          <reference href="https://nvlpubs.nist.gov/nistpubs/CSWP/NIST.CSWP.04162018.pdf">DE.CM-7</reference>
          <reference href="https://nvlpubs.nist.gov/nistpubs/CSWP/NIST.CSWP.04162018.pdf">ID.SC-4</reference>
          <reference href="https://nvlpubs.nist.gov/nistpubs/CSWP/NIST.CSWP.04162018.pdf">PR.AC-3</reference>
          <reference href="https://nvlpubs.nist.gov/nistpubs/CSWP/NIST.CSWP.04162018.pdf">PR.PT-1</reference>
          <reference href="https://nvlpubs.nist.gov/nistpubs/CSWP/NIST.CSWP.04162018.pdf">PR.PT-4</reference>
          <reference href="https://nvlpubs.nist.gov/nistpubs/CSWP/NIST.CSWP.04162018.pdf">RS.AN-1</reference>
          <reference href="https://nvlpubs.nist.gov/nistpubs/CSWP/NIST.CSWP.04162018.pdf">RS.AN-4</reference>
          <reference href="https://www.pcisecuritystandards.org/documents/PCI_DSS_v3-2-1.pdf">Req-10.2.4</reference>
          <reference href="https://www.pcisecuritystandards.org/documents/PCI_DSS_v3-2-1.pdf">Req-10.2.1</reference>
          <reference href="https://www.cyber.mil/stigs/downloads/?_dl_facet_stigs=operating-systems%2Cgeneral-purpose-os">SRG-OS-000037-GPOS-00015</reference>
          <reference href="https://www.cyber.mil/stigs/downloads/?_dl_facet_stigs=operating-systems%2Cgeneral-purpose-os">SRG-OS-000042-GPOS-00020</reference>
          <reference href="https://www.cyber.mil/stigs/downloads/?_dl_facet_stigs=operating-systems%2Cgeneral-purpose-os">SRG-OS-000062-GPOS-00031</reference>
          <reference href="https://www.cyber.mil/stigs/downloads/?_dl_facet_stigs=operating-systems%2Cgeneral-purpose-os">SRG-OS-000392-GPOS-00172</reference>
          <reference href="https://www.cyber.mil/stigs/downloads/?_dl_facet_stigs=operating-systems%2Cgeneral-purpose-os">SRG-OS-000462-GPOS-00206</reference>
          <reference href="https://www.cyber.mil/stigs/downloads/?_dl_facet_stigs=operating-systems%2Cgeneral-purpose-os">SRG-OS-000471-GPOS-00215</reference>
          <reference href="https://www.cyber.mil/stigs/downloads/?_dl_facet_stigs=operating-systems%2Cgeneral-purpose-os">SRG-OS-000064-GPOS-00033</reference>
          <reference href="https://www.cyber.mil/stigs/downloads/?_dl_facet_stigs=operating-systems%2Cgeneral-purpose-os">SRG-OS-000458-GPOS-00203</reference>
          <reference href="https://www.cyber.mil/stigs/downloads/?_dl_facet_stigs=operating-systems%2Cgeneral-purpose-os">SRG-OS-000461-GPOS-00205</reference>
          <reference href="https://www.cyber.mil/stigs/downloads/?_dl_facet_stigs=app-security">SRG-APP-000495-CTR-001235</reference>
          <reference href="https://www.cyber.mil/stigs/downloads/?_dl_facet_stigs=operating-systems%2Cunix-linux">SLES-15-030150</reference>
          <reference href="https://www.cisecurity.org/benchmark/suse_linux/">4.1.10</reference>
          <reference href="https://cyber.gouv.fr/sites/default/files/document/linux_configuration-en-v2.pdf">R73</reference>
          <reference href="not_publicly_available">SLES-15-750450225</reference>
          <reference href="https://www.cyber.gov.au/acsc/view-all-content/ism">0582</reference>
          <reference href="https://www.cyber.gov.au/acsc/view-all-content/ism">0846</reference>
          <reference href="https://www.cyber.mil/stigs/srg-stig-tools/">SV-234914r958412_rule</reference>
          <rationale xmlns:xhtml="http://www.w3.org/1999/xhtml" xml:lang="en-US">Unsuccessful attempts to access files could be an indicator of malicious activity on a system. Auditing
these events could serve as evidence of potential system compromise.</rationale>
          <platform idref="#not_aarch64_arch"/>
          <ident system="https://ncp.nist.gov/cce">CCE-85680-7</ident>
          <fix xmlns:xhtml="http://www.w3.org/1999/xhtml" id="audit_rules_unsuccessful_file_modification_open" system="urn:xccdf:fix:script:sh"># Remediation is applicable only in certain platforms
if rpm --quiet -q audit &amp;&amp; rpm --quiet -q kernel-default || rpm --quiet -q kernel-default-base &amp;&amp; { ! ( ( grep -sqE "^.*\.aarch64$" /proc/sys/kernel/osrelease || grep -sqE "^aarch64$" /proc/sys/kernel/arch; ) ); }; then

# First perform the remediation of the syscall rule
# Retrieve hardware architecture of the underlying system
[ "$(getconf LONG_BIT)" = "32" ] &amp;&amp; RULE_ARCHS=("b32") || RULE_ARCHS=("b32" "b64")

AUID_FILTERS="-F auid&gt;=1000 -F auid!=unset"
SYSCALL="open"
KEY="access"
SYSCALL_GROUPING="creat ftruncate truncate open openat open_by_handle_at"

for ARCH in "${RULE_ARCHS[@]}"
do
	ACTION_ARCH_FILTERS="-a always,exit -F arch=$ARCH"
	OTHER_FILTERS="-F exit=-EACCES"
	# Perform the remediation for both possible tools: 'auditctl' and 'augenrules'
	unset syscall_a
unset syscall_grouping
unset syscall_string
unset syscall
unset file_to_edit
unset rule_to_edit
unset rule_syscalls_to_edit
unset other_string
unset auid_string
unset full_rule

# Load macro arguments into arrays
read -a syscall_a &lt;&lt;&lt; $SYSCALL
read -a syscall_grouping &lt;&lt;&lt; $SYSCALL_GROUPING

# Create a list of audit *.rules files that should be inspected for presence and correctness
# of a particular audit rule. The scheme is as follows:
#
# -----------------------------------------------------------------------------------------
#  Tool used to load audit rules | Rule already defined  |  Audit rules file to inspect    |
# -----------------------------------------------------------------------------------------
#        auditctl                |     Doesn't matter    |  /etc/audit/audit.rules         |
# -----------------------------------------------------------------------------------------
#        augenrules              |          Yes          |  /etc/audit/rules.d/*.rules     |
#        augenrules              |          No           |  /etc/audit/rules.d/$key.rules  |
# -----------------------------------------------------------------------------------------
#
files_to_inspect=()

# If audit tool is 'augenrules', then check if the audit rule is defined
# If rule is defined, add '/etc/audit/rules.d/*.rules' to the list for inspection
# If rule isn't defined yet, add '/etc/audit/rules.d/$key.rules' to the list for inspection
default_file="/etc/audit/rules.d/$KEY.rules"
# As other_filters may include paths, lets use a different delimiter for it
# The "F" script expression tells sed to print the filenames where the expressions matched
readarray -t files_to_inspect &lt; &lt;(sed -s -n -e "/^$ACTION_ARCH_FILTERS/!d" -e "\#$OTHER_FILTERS#!d" -e "/$AUID_FILTERS/!d" -e "F" /etc/audit/rules.d/*.rules)
# Case when particular rule isn't defined in /etc/audit/rules.d/*.rules yet
if [ ${#files_to_inspect[@]} -eq "0" ]
then
    file_to_inspect="/etc/audit/rules.d/$KEY.rules"
    files_to_inspect=("$file_to_inspect")
    if [ ! -e "$file_to_inspect" ]
    then
        touch "$file_to_inspect"
        chmod 0600 "$file_to_inspect"
    fi
fi

# After converting to jinja, we cannot return; therefore we skip the rest of the macro if needed instead
skip=1

for audit_file in "${files_to_inspect[@]}"
do
    # Filter existing $audit_file rules' definitions to select those that satisfy the rule pattern,
    # i.e, collect rules that match:
    # * the action, list and arch, (2-nd argument)
    # * the other filters, (3-rd argument)
    # * the auid filters, (4-rd argument)
    readarray -t similar_rules &lt; &lt;(sed -e "/^$ACTION_ARCH_FILTERS/!d"  -e "\#$OTHER_FILTERS#!d" -e "/$AUID_FILTERS/!d" "$audit_file")

    candidate_rules=()
    # Filter out rules that have more fields then required. This will remove rules more specific than the required scope
    for s_rule in "${similar_rules[@]}"
    do
        # Strip all the options and fields we know of,
        # than check if there was any field left over
        extra_fields=$(sed -E -e "s/^$ACTION_ARCH_FILTERS//"  -e "s#$OTHER_FILTERS##" -e "s/$AUID_FILTERS//" -e "s/((:?-S [[:alnum:],]+)+)//g" -e "s/-F key=\w+|-k \w+//"&lt;&lt;&lt; "$s_rule")
        grep -q -- "-F" &lt;&lt;&lt; "$extra_fields" || candidate_rules+=("$s_rule")
    done

    if [[ ${#syscall_a[@]} -ge 1 ]]
    then
        # Check if the syscall we want is present in any of the similar existing rules
        for rule in "${candidate_rules[@]}"
        do
            rule_syscalls=$(echo "$rule" | grep -o -P '(-S [\w,]+)+' | xargs)
            all_syscalls_found=0
            for syscall in "${syscall_a[@]}"
            do
                grep -q -- "\b${syscall}\b" &lt;&lt;&lt; "$rule_syscalls" || {
                   # A syscall was not found in the candidate rule
                   all_syscalls_found=1
                   }
            done
            if [[ $all_syscalls_found -eq 0 ]]
            then
                # We found a rule with all the syscall(s) we want; skip rest of macro
                skip=0
                break
            fi

            # Check if this rule can be grouped with our target syscall and keep track of it
            for syscall_g in "${syscall_grouping[@]}"
            do
                if grep -q -- "\b${syscall_g}\b" &lt;&lt;&lt; "$rule_syscalls"
                then
                    file_to_edit=${audit_file}
                    rule_to_edit=${rule}
                    rule_syscalls_to_edit=${rule_syscalls}
                fi
            done
        done
    else
        # If there is any candidate rule, it is compliant; skip rest of macro
        if [ "${#candidate_rules[@]}" -gt 0 ]
        then
            skip=0
        fi
    fi

    if [ "$skip" -eq 0 ]; then
        break
    fi
done

if [ "$skip" -ne 0 ]; then
    # We checked all rules that matched the expected resemblance pattern (action, arch &amp; auid)
    # At this point we know if we need to either append the $full_rule or group
    # the syscall together with an exsiting rule

    # Append the full_rule if it cannot be grouped to any other rule
    if [ -z ${rule_to_edit+x} ]
    then
        # Build full_rule while avoid adding double spaces when other_filters is empty
        if [ "${#syscall_a[@]}" -gt 0 ]
        then
            syscall_string=""
            for syscall in "${syscall_a[@]}"
            do
                syscall_string+=" -S $syscall"
            done
        fi
        other_string=$([[ $OTHER_FILTERS ]] &amp;&amp; echo " $OTHER_FILTERS") || /bin/true
        auid_string=$([[ $AUID_FILTERS ]] &amp;&amp; echo " $AUID_FILTERS") || /bin/true
        full_rule="$ACTION_ARCH_FILTERS${syscall_string}${other_string}${auid_string} -F key=$KEY" || /bin/true
        echo "$full_rule" &gt;&gt; "$default_file"
        chmod 0600 ${default_file}
    else
        # Check if the syscalls are declared as a comma separated list or
        # as multiple -S parameters
        if grep -q -- "," &lt;&lt;&lt; "${rule_syscalls_to_edit}"
        then
            delimiter=","
        else
            delimiter=" -S "
        fi
        new_grouped_syscalls="${rule_syscalls_to_edit}"
        for syscall in "${syscall_a[@]}"
        do
            grep -q -- "\b${syscall}\b" &lt;&lt;&lt; "${rule_syscalls_to_edit}" || {
               # A syscall was not found in the candidate rule
               new_grouped_syscalls+="${delimiter}${syscall}"
               }
        done

        # Group the syscall in the rule
        sed -i -e "\#${rule_to_edit}#s#${rule_syscalls_to_edit}#${new_grouped_syscalls}#" "$file_to_edit"
    fi
fi
	unset syscall_a
unset syscall_grouping
unset syscall_string
unset syscall
unset file_to_edit
unset rule_to_edit
unset rule_syscalls_to_edit
unset other_string
unset auid_string
unset full_rule

# Load macro arguments into arrays
read -a syscall_a &lt;&lt;&lt; $SYSCALL
read -a syscall_grouping &lt;&lt;&lt; $SYSCALL_GROUPING

# Create a list of audit *.rules files that should be inspected for presence and correctness
# of a particular audit rule. The scheme is as follows:
#
# -----------------------------------------------------------------------------------------
#  Tool used to load audit rules | Rule already defined  |  Audit rules file to inspect    |
# -----------------------------------------------------------------------------------------
#        auditctl                |     Doesn't matter    |  /etc/audit/audit.rules         |
# -----------------------------------------------------------------------------------------
#        augenrules              |          Yes          |  /etc/audit/rules.d/*.rules     |
#        augenrules              |          No           |  /etc/audit/rules.d/$key.rules  |
# -----------------------------------------------------------------------------------------
#
files_to_inspect=()


# If audit tool is 'auditctl', then add '/etc/audit/audit.rules'
# file to the list of files to be inspected
default_file="/etc/audit/audit.rules"
files_to_inspect+=('/etc/audit/audit.rules' )

# After converting to jinja, we cannot return; therefore we skip the rest of the macro if needed instead
skip=1

for audit_file in "${files_to_inspect[@]}"
do
    # Filter existing $audit_file rules' definitions to select those that satisfy the rule pattern,
    # i.e, collect rules that match:
    # * the action, list and arch, (2-nd argument)
    # * the other filters, (3-rd argument)
    # * the auid filters, (4-rd argument)
    readarray -t similar_rules &lt; &lt;(sed -e "/^$ACTION_ARCH_FILTERS/!d"  -e "\#$OTHER_FILTERS#!d" -e "/$AUID_FILTERS/!d" "$audit_file")

    candidate_rules=()
    # Filter out rules that have more fields then required. This will remove rules more specific than the required scope
    for s_rule in "${similar_rules[@]}"
    do
        # Strip all the options and fields we know of,
        # than check if there was any field left over
        extra_fields=$(sed -E -e "s/^$ACTION_ARCH_FILTERS//"  -e "s#$OTHER_FILTERS##" -e "s/$AUID_FILTERS//" -e "s/((:?-S [[:alnum:],]+)+)//g" -e "s/-F key=\w+|-k \w+//"&lt;&lt;&lt; "$s_rule")
        grep -q -- "-F" &lt;&lt;&lt; "$extra_fields" || candidate_rules+=("$s_rule")
    done

    if [[ ${#syscall_a[@]} -ge 1 ]]
    then
        # Check if the syscall we want is present in any of the similar existing rules
        for rule in "${candidate_rules[@]}"
        do
            rule_syscalls=$(echo "$rule" | grep -o -P '(-S [\w,]+)+' | xargs)
            all_syscalls_found=0
            for syscall in "${syscall_a[@]}"
            do
                grep -q -- "\b${syscall}\b" &lt;&lt;&lt; "$rule_syscalls" || {
                   # A syscall was not found in the candidate rule
                   all_syscalls_found=1
                   }
            done
            if [[ $all_syscalls_found -eq 0 ]]
            then
                # We found a rule with all the syscall(s) we want; skip rest of macro
                skip=0
                break
            fi

            # Check if this rule can be grouped with our target syscall and keep track of it
            for syscall_g in "${syscall_grouping[@]}"
            do
                if grep -q -- "\b${syscall_g}\b" &lt;&lt;&lt; "$rule_syscalls"
                then
                    file_to_edit=${audit_file}
                    rule_to_edit=${rule}
                    rule_syscalls_to_edit=${rule_syscalls}
                fi
            done
        done
    else
        # If there is any candidate rule, it is compliant; skip rest of macro
        if [ "${#candidate_rules[@]}" -gt 0 ]
        then
            skip=0
        fi
    fi

    if [ "$skip" -eq 0 ]; then
        break
    fi
done

if [ "$skip" -ne 0 ]; then
    # We checked all rules that matched the expected resemblance pattern (action, arch &amp; auid)
    # At this point we know if we need to either append the $full_rule or group
    # the syscall together with an exsiting rule

    # Append the full_rule if it cannot be grouped to any other rule
    if [ -z ${rule_to_edit+x} ]
    then
        # Build full_rule while avoid adding double spaces when other_filters is empty
        if [ "${#syscall_a[@]}" -gt 0 ]
        then
            syscall_string=""
            for syscall in "${syscall_a[@]}"
            do
                syscall_string+=" -S $syscall"
            done
        fi
        other_string=$([[ $OTHER_FILTERS ]] &amp;&amp; echo " $OTHER_FILTERS") || /bin/true
        auid_string=$([[ $AUID_FILTERS ]] &amp;&amp; echo " $AUID_FILTERS") || /bin/true
        full_rule="$ACTION_ARCH_FILTERS${syscall_string}${other_string}${auid_string} -F key=$KEY" || /bin/true
        echo "$full_rule" &gt;&gt; "$default_file"
        chmod 0600 ${default_file}
    else
        # Check if the syscalls are declared as a comma separated list or
        # as multiple -S parameters
        if grep -q -- "," &lt;&lt;&lt; "${rule_syscalls_to_edit}"
        then
            delimiter=","
        else
            delimiter=" -S "
        fi
        new_grouped_syscalls="${rule_syscalls_to_edit}"
        for syscall in "${syscall_a[@]}"
        do
            grep -q -- "\b${syscall}\b" &lt;&lt;&lt; "${rule_syscalls_to_edit}" || {
               # A syscall was not found in the candidate rule
               new_grouped_syscalls+="${delimiter}${syscall}"
               }
        done

        # Group the syscall in the rule
        sed -i -e "\#${rule_to_edit}#s#${rule_syscalls_to_edit}#${new_grouped_syscalls}#" "$file_to_edit"
    fi
fi
done

for ARCH in "${RULE_ARCHS[@]}"
do
	ACTION_ARCH_FILTERS="-a always,exit -F arch=$ARCH"
	OTHER_FILTERS="-F exit=-EPERM"
	# Perform the remediation for both possible tools: 'auditctl' and 'augenrules'
	unset syscall_a
unset syscall_grouping
unset syscall_string
unset syscall
unset file_to_edit
unset rule_to_edit
unset rule_syscalls_to_edit
unset other_string
unset auid_string
unset full_rule

# Load macro arguments into arrays
read -a syscall_a &lt;&lt;&lt; $SYSCALL
read -a syscall_grouping &lt;&lt;&lt; $SYSCALL_GROUPING

# Create a list of audit *.rules files that should be inspected for presence and correctness
# of a particular audit rule. The scheme is as follows:
#
# -----------------------------------------------------------------------------------------
#  Tool used to load audit rules | Rule already defined  |  Audit rules file to inspect    |
# -----------------------------------------------------------------------------------------
#        auditctl                |     Doesn't matter    |  /etc/audit/audit.rules         |
# -----------------------------------------------------------------------------------------
#        augenrules              |          Yes          |  /etc/audit/rules.d/*.rules     |
#        augenrules              |          No           |  /etc/audit/rules.d/$key.rules  |
# -----------------------------------------------------------------------------------------
#
files_to_inspect=()

# If audit tool is 'augenrules', then check if the audit rule is defined
# If rule is defined, add '/etc/audit/rules.d/*.rules' to the list for inspection
# If rule isn't defined yet, add '/etc/audit/rules.d/$key.rules' to the list for inspection
default_file="/etc/audit/rules.d/$KEY.rules"
# As other_filters may include paths, lets use a different delimiter for it
# The "F" script expression tells sed to print the filenames where the expressions matched
readarray -t files_to_inspect &lt; &lt;(sed -s -n -e "/^$ACTION_ARCH_FILTERS/!d" -e "\#$OTHER_FILTERS#!d" -e "/$AUID_FILTERS/!d" -e "F" /etc/audit/rules.d/*.rules)
# Case when particular rule isn't defined in /etc/audit/rules.d/*.rules yet
if [ ${#files_to_inspect[@]} -eq "0" ]
then
    file_to_inspect="/etc/audit/rules.d/$KEY.rules"
    files_to_inspect=("$file_to_inspect")
    if [ ! -e "$file_to_inspect" ]
    then
        touch "$file_to_inspect"
        chmod 0600 "$file_to_inspect"
    fi
fi

# After converting to jinja, we cannot return; therefore we skip the rest of the macro if needed instead
skip=1

for audit_file in "${files_to_inspect[@]}"
do
    # Filter existing $audit_file rules' definitions to select those that satisfy the rule pattern,
    # i.e, collect rules that match:
    # * the action, list and arch, (2-nd argument)
    # * the other filters, (3-rd argument)
    # * the auid filters, (4-rd argument)
    readarray -t similar_rules &lt; &lt;(sed -e "/^$ACTION_ARCH_FILTERS/!d"  -e "\#$OTHER_FILTERS#!d" -e "/$AUID_FILTERS/!d" "$audit_file")

    candidate_rules=()
    # Filter out rules that have more fields then required. This will remove rules more specific than the required scope
    for s_rule in "${similar_rules[@]}"
    do
        # Strip all the options and fields we know of,
        # than check if there was any field left over
        extra_fields=$(sed -E -e "s/^$ACTION_ARCH_FILTERS//"  -e "s#$OTHER_FILTERS##" -e "s/$AUID_FILTERS//" -e "s/((:?-S [[:alnum:],]+)+)//g" -e "s/-F key=\w+|-k \w+//"&lt;&lt;&lt; "$s_rule")
        grep -q -- "-F" &lt;&lt;&lt; "$extra_fields" || candidate_rules+=("$s_rule")
    done

    if [[ ${#syscall_a[@]} -ge 1 ]]
    then
        # Check if the syscall we want is present in any of the similar existing rules
        for rule in "${candidate_rules[@]}"
        do
            rule_syscalls=$(echo "$rule" | grep -o -P '(-S [\w,]+)+' | xargs)
            all_syscalls_found=0
            for syscall in "${syscall_a[@]}"
            do
                grep -q -- "\b${syscall}\b" &lt;&lt;&lt; "$rule_syscalls" || {
                   # A syscall was not found in the candidate rule
                   all_syscalls_found=1
                   }
            done
            if [[ $all_syscalls_found -eq 0 ]]
            then
                # We found a rule with all the syscall(s) we want; skip rest of macro
                skip=0
                break
            fi

            # Check if this rule can be grouped with our target syscall and keep track of it
            for syscall_g in "${syscall_grouping[@]}"
            do
                if grep -q -- "\b${syscall_g}\b" &lt;&lt;&lt; "$rule_syscalls"
                then
                    file_to_edit=${audit_file}
                    rule_to_edit=${rule}
                    rule_syscalls_to_edit=${rule_syscalls}
                fi
            done
        done
    else
        # If there is any candidate rule, it is compliant; skip rest of macro
        if [ "${#candidate_rules[@]}" -gt 0 ]
        then
            skip=0
        fi
    fi

    if [ "$skip" -eq 0 ]; then
        break
    fi
done

if [ "$skip" -ne 0 ]; then
    # We checked all rules that matched the expected resemblance pattern (action, arch &amp; auid)
    # At this point we know if we need to either append the $full_rule or group
    # the syscall together with an exsiting rule

    # Append the full_rule if it cannot be grouped to any other rule
    if [ -z ${rule_to_edit+x} ]
    then
        # Build full_rule while avoid adding double spaces when other_filters is empty
        if [ "${#syscall_a[@]}" -gt 0 ]
        then
            syscall_string=""
            for syscall in "${syscall_a[@]}"
            do
                syscall_string+=" -S $syscall"
            done
        fi
        other_string=$([[ $OTHER_FILTERS ]] &amp;&amp; echo " $OTHER_FILTERS") || /bin/true
        auid_string=$([[ $AUID_FILTERS ]] &amp;&amp; echo " $AUID_FILTERS") || /bin/true
        full_rule="$ACTION_ARCH_FILTERS${syscall_string}${other_string}${auid_string} -F key=$KEY" || /bin/true
        echo "$full_rule" &gt;&gt; "$default_file"
        chmod 0600 ${default_file}
    else
        # Check if the syscalls are declared as a comma separated list or
        # as multiple -S parameters
        if grep -q -- "," &lt;&lt;&lt; "${rule_syscalls_to_edit}"
        then
            delimiter=","
        else
            delimiter=" -S "
        fi
        new_grouped_syscalls="${rule_syscalls_to_edit}"
        for syscall in "${syscall_a[@]}"
        do
            grep -q -- "\b${syscall}\b" &lt;&lt;&lt; "${rule_syscalls_to_edit}" || {
               # A syscall was not found in the candidate rule
               new_grouped_syscalls+="${delimiter}${syscall}"
               }
        done

        # Group the syscall in the rule
        sed -i -e "\#${rule_to_edit}#s#${rule_syscalls_to_edit}#${new_grouped_syscalls}#" "$file_to_edit"
    fi
fi
	unset syscall_a
unset syscall_grouping
unset syscall_string
unset syscall
unset file_to_edit
unset rule_to_edit
unset rule_syscalls_to_edit
unset other_string
unset auid_string
unset full_rule

# Load macro arguments into arrays
read -a syscall_a &lt;&lt;&lt; $SYSCALL
read -a syscall_grouping &lt;&lt;&lt; $SYSCALL_GROUPING

# Create a list of audit *.rules files that should be inspected for presence and correctness
# of a particular audit rule. The scheme is as follows:
#
# -----------------------------------------------------------------------------------------
#  Tool used to load audit rules | Rule already defined  |  Audit rules file to inspect    |
# -----------------------------------------------------------------------------------------
#        auditctl                |     Doesn't matter    |  /etc/audit/audit.rules         |
# -----------------------------------------------------------------------------------------
#        augenrules              |          Yes          |  /etc/audit/rules.d/*.rules     |
#        augenrules              |          No           |  /etc/audit/rules.d/$key.rules  |
# -----------------------------------------------------------------------------------------
#
files_to_inspect=()


# If audit tool is 'auditctl', then add '/etc/audit/audit.rules'
# file to the list of files to be inspected
default_file="/etc/audit/audit.rules"
files_to_inspect+=('/etc/audit/audit.rules' )

# After converting to jinja, we cannot return; therefore we skip the rest of the macro if needed instead
skip=1

for audit_file in "${files_to_inspect[@]}"
do
    # Filter existing $audit_file rules' definitions to select those that satisfy the rule pattern,
    # i.e, collect rules that match:
    # * the action, list and arch, (2-nd argument)
    # * the other filters, (3-rd argument)
    # * the auid filters, (4-rd argument)
    readarray -t similar_rules &lt; &lt;(sed -e "/^$ACTION_ARCH_FILTERS/!d"  -e "\#$OTHER_FILTERS#!d" -e "/$AUID_FILTERS/!d" "$audit_file")

    candidate_rules=()
    # Filter out rules that have more fields then required. This will remove rules more specific than the required scope
    for s_rule in "${similar_rules[@]}"
    do
        # Strip all the options and fields we know of,
        # than check if there was any field left over
        extra_fields=$(sed -E -e "s/^$ACTION_ARCH_FILTERS//"  -e "s#$OTHER_FILTERS##" -e "s/$AUID_FILTERS//" -e "s/((:?-S [[:alnum:],]+)+)//g" -e "s/-F key=\w+|-k \w+//"&lt;&lt;&lt; "$s_rule")
        grep -q -- "-F" &lt;&lt;&lt; "$extra_fields" || candidate_rules+=("$s_rule")
    done

    if [[ ${#syscall_a[@]} -ge 1 ]]
    then
        # Check if the syscall we want is present in any of the similar existing rules
        for rule in "${candidate_rules[@]}"
        do
            rule_syscalls=$(echo "$rule" | grep -o -P '(-S [\w,]+)+' | xargs)
            all_syscalls_found=0
            for syscall in "${syscall_a[@]}"
            do
                grep -q -- "\b${syscall}\b" &lt;&lt;&lt; "$rule_syscalls" || {
                   # A syscall was not found in the candidate rule
                   all_syscalls_found=1
                   }
            done
            if [[ $all_syscalls_found -eq 0 ]]
            then
                # We found a rule with all the syscall(s) we want; skip rest of macro
                skip=0
                break
            fi

            # Check if this rule can be grouped with our target syscall and keep track of it
            for syscall_g in "${syscall_grouping[@]}"
            do
                if grep -q -- "\b${syscall_g}\b" &lt;&lt;&lt; "$rule_syscalls"
                then
                    file_to_edit=${audit_file}
                    rule_to_edit=${rule}
                    rule_syscalls_to_edit=${rule_syscalls}
                fi
            done
        done
    else
        # If there is any candidate rule, it is compliant; skip rest of macro
        if [ "${#candidate_rules[@]}" -gt 0 ]
        then
            skip=0
        fi
    fi

    if [ "$skip" -eq 0 ]; then
        break
    fi
done

if [ "$skip" -ne 0 ]; then
    # We checked all rules that matched the expected resemblance pattern (action, arch &amp; auid)
    # At this point we know if we need to either append the $full_rule or group
    # the syscall together with an exsiting rule

    # Append the full_rule if it cannot be grouped to any other rule
    if [ -z ${rule_to_edit+x} ]
    then
        # Build full_rule while avoid adding double spaces when other_filters is empty
        if [ "${#syscall_a[@]}" -gt 0 ]
        then
            syscall_string=""
            for syscall in "${syscall_a[@]}"
            do
                syscall_string+=" -S $syscall"
            done
        fi
        other_string=$([[ $OTHER_FILTERS ]] &amp;&amp; echo " $OTHER_FILTERS") || /bin/true
        auid_string=$([[ $AUID_FILTERS ]] &amp;&amp; echo " $AUID_FILTERS") || /bin/true
        full_rule="$ACTION_ARCH_FILTERS${syscall_string}${other_string}${auid_string} -F key=$KEY" || /bin/true
        echo "$full_rule" &gt;&gt; "$default_file"
        chmod 0600 ${default_file}
    else
        # Check if the syscalls are declared as a comma separated list or
        # as multiple -S parameters
        if grep -q -- "," &lt;&lt;&lt; "${rule_syscalls_to_edit}"
        then
            delimiter=","
        else
            delimiter=" -S "
        fi
        new_grouped_syscalls="${rule_syscalls_to_edit}"
        for syscall in "${syscall_a[@]}"
        do
            grep -q -- "\b${syscall}\b" &lt;&lt;&lt; "${rule_syscalls_to_edit}" || {
               # A syscall was not found in the candidate rule
               new_grouped_syscalls+="${delimiter}${syscall}"
               }
        done

        # Group the syscall in the rule
        sed -i -e "\#${rule_to_edit}#s#${rule_syscalls_to_edit}#${new_grouped_syscalls}#" "$file_to_edit"
    fi
fi
done

else
    &gt;&amp;2 echo 'Remediation is not applicable, nothing was done'
fi
</fix>
          <fix xmlns:xhtml="http://www.w3.org/1999/xhtml" id="audit_rules_unsuccessful_file_modification_open" system="urn:xccdf:fix:script:ansible" reboot="true" complexity="low" disruption="low" strategy="restrict">- name: Gather the package facts
  package_facts:
    manager: auto
  tags:
  - CCE-85680-7
  - DISA-STIG-SLES-15-030150
  - NIST-800-171-3.1.7
  - NIST-800-53-AU-12(a)
  - NIST-800-53-AU-12(c)
  - NIST-800-53-AU-12.1(ii)
  - NIST-800-53-AU-12.1(iv)
  - NIST-800-53-AU-3
  - NIST-800-53-AU-3.1
  - NIST-800-53-MA-4(1)(a)
  - PCI-DSS-Req-10.2.1
  - PCI-DSS-Req-10.2.4
  - audit_rules_unsuccessful_file_modification_open
  - low_complexity
  - low_disruption
  - medium_severity
  - reboot_required
  - restrict_strategy

- name: Set architecture for audit open tasks
  ansible.builtin.set_fact:
    audit_arch: b64
  when:
  - '"audit" in ansible_facts.packages'
  - ("kernel-default" in ansible_facts.packages or "kernel-default-base" in ansible_facts.packages)
  - not ( ansible_architecture == "aarch64" )
  - ansible_architecture == "aarch64" or ansible_architecture == "ppc64" or ansible_architecture
    == "ppc64le" or ansible_architecture == "s390x" or ansible_architecture == "x86_64"
  tags:
  - CCE-85680-7
  - DISA-STIG-SLES-15-030150
  - NIST-800-171-3.1.7
  - NIST-800-53-AU-12(a)
  - NIST-800-53-AU-12(c)
  - NIST-800-53-AU-12.1(ii)
  - NIST-800-53-AU-12.1(iv)
  - NIST-800-53-AU-3
  - NIST-800-53-AU-3.1
  - NIST-800-53-MA-4(1)(a)
  - PCI-DSS-Req-10.2.1
  - PCI-DSS-Req-10.2.4
  - audit_rules_unsuccessful_file_modification_open
  - low_complexity
  - low_disruption
  - medium_severity
  - reboot_required
  - restrict_strategy

- name: Perform remediation of Audit rules for open EACCES for 32bit platform
  block:

  - name: Declare list of syscalls
    ansible.builtin.set_fact:
      syscalls:
      - open
      syscall_grouping:
      - creat
      - ftruncate
      - truncate
      - open
      - openat
      - open_by_handle_at

  - name: Check existence of open in /etc/audit/rules.d/
    ansible.builtin.find:
      paths: /etc/audit/rules.d
      contains: -a always,exit -F arch=b32(( -S |,)\w+)*(( -S |,){{ item }})+(( -S
        |,)\w+)* -F exit=-EACCES -F auid&gt;=1000 -F auid!=unset (-k\s+|-F\s+key=)\S+\s*$
      patterns: '*.rules'
    register: find_command
    loop: '{{ (syscall_grouping + syscalls) | unique }}'

  - name: Reset syscalls found per file
    ansible.builtin.set_fact:
      syscalls_per_file: {}
      found_paths_dict: {}

  - name: Declare syscalls found per file
    ansible.builtin.set_fact: syscalls_per_file="{{ syscalls_per_file | combine( {item.files[0].path
      :[item.item] + syscalls_per_file.get(item.files[0].path, []) } ) }}"
    loop: '{{ find_command.results | selectattr(''matched'') | list }}'

  - name: Declare files where syscalls were found
    ansible.builtin.set_fact: found_paths="{{ find_command.results | map(attribute='files')
      | flatten | map(attribute='path') | list }}"

  - name: Count occurrences of syscalls in paths
    ansible.builtin.set_fact: found_paths_dict="{{ found_paths_dict | combine({ item:1+found_paths_dict.get(item,
      0) }) }}"
    loop: '{{ find_command.results | map(attribute=''files'') | flatten | map(attribute=''path'')
      | list }}'

  - name: Get path with most syscalls
    ansible.builtin.set_fact: audit_file="{{ (found_paths_dict | dict2items() | sort(attribute='value')
      | last).key }}"
    when: found_paths | length &gt;= 1

  - name: No file with syscall found, set path to /etc/audit/rules.d/access.rules
    ansible.builtin.set_fact: audit_file="/etc/audit/rules.d/access.rules"
    when: found_paths | length == 0

  - name: Declare found syscalls
    ansible.builtin.set_fact: syscalls_found="{{ find_command.results | selectattr('matched')
      | map(attribute='item') | list }}"

  - name: Declare missing syscalls
    ansible.builtin.set_fact: missing_syscalls="{{ syscalls | difference(syscalls_found)
      }}"

  - name: Replace the audit rule in {{ audit_file }}
    ansible.builtin.lineinfile:
      path: '{{ audit_file }}'
      regexp: (-a always,exit -F arch=b32)(?=.*(?:(?:-S |,)(?:{{ syscalls_per_file[audit_file]
        | join("|") }}))\b)((?:( -S |,)\w+)+)( -F exit=-EACCES -F auid&gt;=1000 -F auid!=unset
        (?:-k |-F key=)\w+)
      line: \1\2\3{{ missing_syscalls | join("\3") }}\4
      backrefs: true
      state: present
      mode: g-rwx,o-rwx
    when: syscalls_found | length &gt; 0 and missing_syscalls | length &gt; 0

  - name: Add the audit rule to {{ audit_file }}
    ansible.builtin.lineinfile:
      path: '{{ audit_file }}'
      line: -a always,exit -F arch=b32 -S {{ syscalls | join(',') }} -F exit=-EACCES
        -F auid&gt;=1000 -F auid!=unset -F key=access
      create: true
      mode: g-rwx,o-rwx
      state: present
    when: syscalls_found | length == 0

  - name: Declare list of syscalls
    ansible.builtin.set_fact:
      syscalls:
      - open
      syscall_grouping:
      - creat
      - ftruncate
      - truncate
      - open
      - openat
      - open_by_handle_at

  - name: Check existence of open in /etc/audit/audit.rules
    ansible.builtin.find:
      paths: /etc/audit
      contains: -a always,exit -F arch=b32(( -S |,)\w+)*(( -S |,){{ item }})+(( -S
        |,)\w+)* -F exit=-EACCES -F auid&gt;=1000 -F auid!=unset (-k\s+|-F\s+key=)\S+\s*$
      patterns: audit.rules
    register: find_command
    loop: '{{ (syscall_grouping + syscalls) | unique }}'

  - name: Set path to /etc/audit/audit.rules
    ansible.builtin.set_fact: audit_file="/etc/audit/audit.rules"

  - name: Declare found syscalls
    ansible.builtin.set_fact: syscalls_found="{{ find_command.results | selectattr('matched')
      | map(attribute='item') | list }}"

  - name: Declare missing syscalls
    ansible.builtin.set_fact: missing_syscalls="{{ syscalls | difference(syscalls_found)
      }}"

  - name: Replace the audit rule in {{ audit_file }}
    ansible.builtin.lineinfile:
      path: '{{ audit_file }}'
      regexp: (-a always,exit -F arch=b32)(?=.*(?:(?:-S |,)(?:{{ syscalls_found |
        join("|") }}))\b)((?:( -S |,)\w+)+)( -F exit=-EACCES -F auid&gt;=1000 -F auid!=unset
        (?:-k |-F key=)\w+)
      line: \1\2\3{{ missing_syscalls | join("\3") }}\4
      backrefs: true
      state: present
      mode: g-rwx,o-rwx
    when: syscalls_found | length &gt; 0 and missing_syscalls | length &gt; 0

  - name: Add the audit rule to {{ audit_file }}
    ansible.builtin.lineinfile:
      path: '{{ audit_file }}'
      line: -a always,exit -F arch=b32 -S {{ syscalls | join(',') }} -F exit=-EACCES
        -F auid&gt;=1000 -F auid!=unset -F key=access
      create: true
      mode: g-rwx,o-rwx
      state: present
    when: syscalls_found | length == 0
  when:
  - '"audit" in ansible_facts.packages'
  - ("kernel-default" in ansible_facts.packages or "kernel-default-base" in ansible_facts.packages)
  - not ( ansible_architecture == "aarch64" )
  tags:
  - CCE-85680-7
  - DISA-STIG-SLES-15-030150
  - NIST-800-171-3.1.7
  - NIST-800-53-AU-12(a)
  - NIST-800-53-AU-12(c)
  - NIST-800-53-AU-12.1(ii)
  - NIST-800-53-AU-12.1(iv)
  - NIST-800-53-AU-3
  - NIST-800-53-AU-3.1
  - NIST-800-53-MA-4(1)(a)
  - PCI-DSS-Req-10.2.1
  - PCI-DSS-Req-10.2.4
  - audit_rules_unsuccessful_file_modification_open
  - low_complexity
  - low_disruption
  - medium_severity
  - reboot_required
  - restrict_strategy

- name: Perform remediation of Audit rules for open EACCES for 64bit platform
  block:

  - name: Declare list of syscalls
    ansible.builtin.set_fact:
      syscalls:
      - open
      syscall_grouping:
      - creat
      - ftruncate
      - truncate
      - open
      - openat
      - open_by_handle_at

  - name: Check existence of open in /etc/audit/rules.d/
    ansible.builtin.find:
      paths: /etc/audit/rules.d
      contains: -a always,exit -F arch=b64(( -S |,)\w+)*(( -S |,){{ item }})+(( -S
        |,)\w+)* -F exit=-EACCES -F auid&gt;=1000 -F auid!=unset (-k\s+|-F\s+key=)\S+\s*$
      patterns: '*.rules'
    register: find_command
    loop: '{{ (syscall_grouping + syscalls) | unique }}'

  - name: Reset syscalls found per file
    ansible.builtin.set_fact:
      syscalls_per_file: {}
      found_paths_dict: {}

  - name: Declare syscalls found per file
    ansible.builtin.set_fact: syscalls_per_file="{{ syscalls_per_file | combine( {item.files[0].path
      :[item.item] + syscalls_per_file.get(item.files[0].path, []) } ) }}"
    loop: '{{ find_command.results | selectattr(''matched'') | list }}'

  - name: Declare files where syscalls were found
    ansible.builtin.set_fact: found_paths="{{ find_command.results | map(attribute='files')
      | flatten | map(attribute='path') | list }}"

  - name: Count occurrences of syscalls in paths
    ansible.builtin.set_fact: found_paths_dict="{{ found_paths_dict | combine({ item:1+found_paths_dict.get(item,
      0) }) }}"
    loop: '{{ find_command.results | map(attribute=''files'') | flatten | map(attribute=''path'')
      | list }}'

  - name: Get path with most syscalls
    ansible.builtin.set_fact: audit_file="{{ (found_paths_dict | dict2items() | sort(attribute='value')
      | last).key }}"
    when: found_paths | length &gt;= 1

  - name: No file with syscall found, set path to /etc/audit/rules.d/access.rules
    ansible.builtin.set_fact: audit_file="/etc/audit/rules.d/access.rules"
    when: found_paths | length == 0

  - name: Declare found syscalls
    ansible.builtin.set_fact: syscalls_found="{{ find_command.results | selectattr('matched')
      | map(attribute='item') | list }}"

  - name: Declare missing syscalls
    ansible.builtin.set_fact: missing_syscalls="{{ syscalls | difference(syscalls_found)
      }}"

  - name: Replace the audit rule in {{ audit_file }}
    ansible.builtin.lineinfile:
      path: '{{ audit_file }}'
      regexp: (-a always,exit -F arch=b64)(?=.*(?:(?:-S |,)(?:{{ syscalls_per_file[audit_file]
        | join("|") }}))\b)((?:( -S |,)\w+)+)( -F exit=-EACCES -F auid&gt;=1000 -F auid!=unset
        (?:-k |-F key=)\w+)
      line: \1\2\3{{ missing_syscalls | join("\3") }}\4
      backrefs: true
      state: present
      mode: g-rwx,o-rwx
    when: syscalls_found | length &gt; 0 and missing_syscalls | length &gt; 0

  - name: Add the audit rule to {{ audit_file }}
    ansible.builtin.lineinfile:
      path: '{{ audit_file }}'
      line: -a always,exit -F arch=b64 -S {{ syscalls | join(',') }} -F exit=-EACCES
        -F auid&gt;=1000 -F auid!=unset -F key=access
      create: true
      mode: g-rwx,o-rwx
      state: present
    when: syscalls_found | length == 0

  - name: Declare list of syscalls
    ansible.builtin.set_fact:
      syscalls:
      - open
      syscall_grouping:
      - creat
      - ftruncate
      - truncate
      - open
      - openat
      - open_by_handle_at

  - name: Check existence of open in /etc/audit/audit.rules
    ansible.builtin.find:
      paths: /etc/audit
      contains: -a always,exit -F arch=b64(( -S |,)\w+)*(( -S |,){{ item }})+(( -S
        |,)\w+)* -F exit=-EACCES -F auid&gt;=1000 -F auid!=unset (-k\s+|-F\s+key=)\S+\s*$
      patterns: audit.rules
    register: find_command
    loop: '{{ (syscall_grouping + syscalls) | unique }}'

  - name: Set path to /etc/audit/audit.rules
    ansible.builtin.set_fact: audit_file="/etc/audit/audit.rules"

  - name: Declare found syscalls
    ansible.builtin.set_fact: syscalls_found="{{ find_command.results | selectattr('matched')
      | map(attribute='item') | list }}"

  - name: Declare missing syscalls
    ansible.builtin.set_fact: missing_syscalls="{{ syscalls | difference(syscalls_found)
      }}"

  - name: Replace the audit rule in {{ audit_file }}
    ansible.builtin.lineinfile:
      path: '{{ audit_file }}'
      regexp: (-a always,exit -F arch=b64)(?=.*(?:(?:-S |,)(?:{{ syscalls_found |
        join("|") }}))\b)((?:( -S |,)\w+)+)( -F exit=-EACCES -F auid&gt;=1000 -F auid!=unset
        (?:-k |-F key=)\w+)
      line: \1\2\3{{ missing_syscalls | join("\3") }}\4
      backrefs: true
      state: present
      mode: g-rwx,o-rwx
    when: syscalls_found | length &gt; 0 and missing_syscalls | length &gt; 0

  - name: Add the audit rule to {{ audit_file }}
    ansible.builtin.lineinfile:
      path: '{{ audit_file }}'
      line: -a always,exit -F arch=b64 -S {{ syscalls | join(',') }} -F exit=-EACCES
        -F auid&gt;=1000 -F auid!=unset -F key=access
      create: true
      mode: g-rwx,o-rwx
      state: present
    when: syscalls_found | length == 0
  when:
  - '"audit" in ansible_facts.packages'
  - ("kernel-default" in ansible_facts.packages or "kernel-default-base" in ansible_facts.packages)
  - not ( ansible_architecture == "aarch64" )
  - audit_arch == "b64"
  tags:
  - CCE-85680-7
  - DISA-STIG-SLES-15-030150
  - NIST-800-171-3.1.7
  - NIST-800-53-AU-12(a)
  - NIST-800-53-AU-12(c)
  - NIST-800-53-AU-12.1(ii)
  - NIST-800-53-AU-12.1(iv)
  - NIST-800-53-AU-3
  - NIST-800-53-AU-3.1
  - NIST-800-53-MA-4(1)(a)
  - PCI-DSS-Req-10.2.1
  - PCI-DSS-Req-10.2.4
  - audit_rules_unsuccessful_file_modification_open
  - low_complexity
  - low_disruption
  - medium_severity
  - reboot_required
  - restrict_strategy

- name: Perform remediation of Audit rules for open EPERM for 32bit platform
  block:

  - name: Declare list of syscalls
    ansible.builtin.set_fact:
      syscalls:
      - open
      syscall_grouping:
      - creat
      - ftruncate
      - truncate
      - open
      - openat
      - open_by_handle_at

  - name: Check existence of open in /etc/audit/rules.d/
    ansible.builtin.find:
      paths: /etc/audit/rules.d
      contains: -a always,exit -F arch=b32(( -S |,)\w+)*(( -S |,){{ item }})+(( -S
        |,)\w+)* -F exit=-EPERM -F auid&gt;=1000 -F auid!=unset (-k\s+|-F\s+key=)\S+\s*$
      patterns: '*.rules'
    register: find_command
    loop: '{{ (syscall_grouping + syscalls) | unique }}'

  - name: Reset syscalls found per file
    ansible.builtin.set_fact:
      syscalls_per_file: {}
      found_paths_dict: {}

  - name: Declare syscalls found per file
    ansible.builtin.set_fact: syscalls_per_file="{{ syscalls_per_file | combine( {item.files[0].path
      :[item.item] + syscalls_per_file.get(item.files[0].path, []) } ) }}"
    loop: '{{ find_command.results | selectattr(''matched'') | list }}'

  - name: Declare files where syscalls were found
    ansible.builtin.set_fact: found_paths="{{ find_command.results | map(attribute='files')
      | flatten | map(attribute='path') | list }}"

  - name: Count occurrences of syscalls in paths
    ansible.builtin.set_fact: found_paths_dict="{{ found_paths_dict | combine({ item:1+found_paths_dict.get(item,
      0) }) }}"
    loop: '{{ find_command.results | map(attribute=''files'') | flatten | map(attribute=''path'')
      | list }}'

  - name: Get path with most syscalls
    ansible.builtin.set_fact: audit_file="{{ (found_paths_dict | dict2items() | sort(attribute='value')
      | last).key }}"
    when: found_paths | length &gt;= 1

  - name: No file with syscall found, set path to /etc/audit/rules.d/access.rules
    ansible.builtin.set_fact: audit_file="/etc/audit/rules.d/access.rules"
    when: found_paths | length == 0

  - name: Declare found syscalls
    ansible.builtin.set_fact: syscalls_found="{{ find_command.results | selectattr('matched')
      | map(attribute='item') | list }}"

  - name: Declare missing syscalls
    ansible.builtin.set_fact: missing_syscalls="{{ syscalls | difference(syscalls_found)
      }}"

  - name: Replace the audit rule in {{ audit_file }}
    ansible.builtin.lineinfile:
      path: '{{ audit_file }}'
      regexp: (-a always,exit -F arch=b32)(?=.*(?:(?:-S |,)(?:{{ syscalls_per_file[audit_file]
        | join("|") }}))\b)((?:( -S |,)\w+)+)( -F exit=-EPERM -F auid&gt;=1000 -F auid!=unset
        (?:-k |-F key=)\w+)
      line: \1\2\3{{ missing_syscalls | join("\3") }}\4
      backrefs: true
      state: present
      mode: g-rwx,o-rwx
    when: syscalls_found | length &gt; 0 and missing_syscalls | length &gt; 0

  - name: Add the audit rule to {{ audit_file }}
    ansible.builtin.lineinfile:
      path: '{{ audit_file }}'
      line: -a always,exit -F arch=b32 -S {{ syscalls | join(',') }} -F exit=-EPERM
        -F auid&gt;=1000 -F auid!=unset -F key=access
      create: true
      mode: g-rwx,o-rwx
      state: present
    when: syscalls_found | length == 0

  - name: Declare list of syscalls
    ansible.builtin.set_fact:
      syscalls:
      - open
      syscall_grouping:
      - creat
      - ftruncate
      - truncate
      - open
      - openat
      - open_by_handle_at

  - name: Check existence of open in /etc/audit/audit.rules
    ansible.builtin.find:
      paths: /etc/audit
      contains: -a always,exit -F arch=b32(( -S |,)\w+)*(( -S |,){{ item }})+(( -S
        |,)\w+)* -F exit=-EPERM -F auid&gt;=1000 -F auid!=unset (-k\s+|-F\s+key=)\S+\s*$
      patterns: audit.rules
    register: find_command
    loop: '{{ (syscall_grouping + syscalls) | unique }}'

  - name: Set path to /etc/audit/audit.rules
    ansible.builtin.set_fact: audit_file="/etc/audit/audit.rules"

  - name: Declare found syscalls
    ansible.builtin.set_fact: syscalls_found="{{ find_command.results | selectattr('matched')
      | map(attribute='item') | list }}"

  - name: Declare missing syscalls
    ansible.builtin.set_fact: missing_syscalls="{{ syscalls | difference(syscalls_found)
      }}"

  - name: Replace the audit rule in {{ audit_file }}
    ansible.builtin.lineinfile:
      path: '{{ audit_file }}'
      regexp: (-a always,exit -F arch=b32)(?=.*(?:(?:-S |,)(?:{{ syscalls_found |
        join("|") }}))\b)((?:( -S |,)\w+)+)( -F exit=-EPERM -F auid&gt;=1000 -F auid!=unset
        (?:-k |-F key=)\w+)
      line: \1\2\3{{ missing_syscalls | join("\3") }}\4
      backrefs: true
      state: present
      mode: g-rwx,o-rwx
    when: syscalls_found | length &gt; 0 and missing_syscalls | length &gt; 0

  - name: Add the audit rule to {{ audit_file }}
    ansible.builtin.lineinfile:
      path: '{{ audit_file }}'
      line: -a always,exit -F arch=b32 -S {{ syscalls | join(',') }} -F exit=-EPERM
        -F auid&gt;=1000 -F auid!=unset -F key=access
      create: true
      mode: g-rwx,o-rwx
      state: present
    when: syscalls_found | length == 0
  when:
  - '"audit" in ansible_facts.packages'
  - ("kernel-default" in ansible_facts.packages or "kernel-default-base" in ansible_facts.packages)
  - not ( ansible_architecture == "aarch64" )
  tags:
  - CCE-85680-7
  - DISA-STIG-SLES-15-030150
  - NIST-800-171-3.1.7
  - NIST-800-53-AU-12(a)
  - NIST-800-53-AU-12(c)
  - NIST-800-53-AU-12.1(ii)
  - NIST-800-53-AU-12.1(iv)
  - NIST-800-53-AU-3
  - NIST-800-53-AU-3.1
  - NIST-800-53-MA-4(1)(a)
  - PCI-DSS-Req-10.2.1
  - PCI-DSS-Req-10.2.4
  - audit_rules_unsuccessful_file_modification_open
  - low_complexity
  - low_disruption
  - medium_severity
  - reboot_required
  - restrict_strategy

- name: Perform remediation of Audit rules for open EPERM for 64bit platform
  block:

  - name: Declare list of syscalls
    ansible.builtin.set_fact:
      syscalls:
      - open
      syscall_grouping:
      - creat
      - ftruncate
      - truncate
      - open
      - openat
      - open_by_handle_at

  - name: Check existence of open in /etc/audit/rules.d/
    ansible.builtin.find:
      paths: /etc/audit/rules.d
      contains: -a always,exit -F arch=b64(( -S |,)\w+)*(( -S |,){{ item }})+(( -S
        |,)\w+)* -F exit=-EPERM -F auid&gt;=1000 -F auid!=unset (-k\s+|-F\s+key=)\S+\s*$
      patterns: '*.rules'
    register: find_command
    loop: '{{ (syscall_grouping + syscalls) | unique }}'

  - name: Reset syscalls found per file
    ansible.builtin.set_fact:
      syscalls_per_file: {}
      found_paths_dict: {}

  - name: Declare syscalls found per file
    ansible.builtin.set_fact: syscalls_per_file="{{ syscalls_per_file | combine( {item.files[0].path
      :[item.item] + syscalls_per_file.get(item.files[0].path, []) } ) }}"
    loop: '{{ find_command.results | selectattr(''matched'') | list }}'

  - name: Declare files where syscalls were found
    ansible.builtin.set_fact: found_paths="{{ find_command.results | map(attribute='files')
      | flatten | map(attribute='path') | list }}"

  - name: Count occurrences of syscalls in paths
    ansible.builtin.set_fact: found_paths_dict="{{ found_paths_dict | combine({ item:1+found_paths_dict.get(item,
      0) }) }}"
    loop: '{{ find_command.results | map(attribute=''files'') | flatten | map(attribute=''path'')
      | list }}'

  - name: Get path with most syscalls
    ansible.builtin.set_fact: audit_file="{{ (found_paths_dict | dict2items() | sort(attribute='value')
      | last).key }}"
    when: found_paths | length &gt;= 1

  - name: No file with syscall found, set path to /etc/audit/rules.d/access.rules
    ansible.builtin.set_fact: audit_file="/etc/audit/rules.d/access.rules"
    when: found_paths | length == 0

  - name: Declare found syscalls
    ansible.builtin.set_fact: syscalls_found="{{ find_command.results | selectattr('matched')
      | map(attribute='item') | list }}"

  - name: Declare missing syscalls
    ansible.builtin.set_fact: missing_syscalls="{{ syscalls | difference(syscalls_found)
      }}"

  - name: Replace the audit rule in {{ audit_file }}
    ansible.builtin.lineinfile:
      path: '{{ audit_file }}'
      regexp: (-a always,exit -F arch=b64)(?=.*(?:(?:-S |,)(?:{{ syscalls_per_file[audit_file]
        | join("|") }}))\b)((?:( -S |,)\w+)+)( -F exit=-EPERM -F auid&gt;=1000 -F auid!=unset
        (?:-k |-F key=)\w+)
      line: \1\2\3{{ missing_syscalls | join("\3") }}\4
      backrefs: true
      state: present
      mode: g-rwx,o-rwx
    when: syscalls_found | length &gt; 0 and missing_syscalls | length &gt; 0

  - name: Add the audit rule to {{ audit_file }}
    ansible.builtin.lineinfile:
      path: '{{ audit_file }}'
      line: -a always,exit -F arch=b64 -S {{ syscalls | join(',') }} -F exit=-EPERM
        -F auid&gt;=1000 -F auid!=unset -F key=access
      create: true
      mode: g-rwx,o-rwx
      state: present
    when: syscalls_found | length == 0

  - name: Declare list of syscalls
    ansible.builtin.set_fact:
      syscalls:
      - open
      syscall_grouping:
      - creat
      - ftruncate
      - truncate
      - open
      - openat
      - open_by_handle_at

  - name: Check existence of open in /etc/audit/audit.rules
    ansible.builtin.find:
      paths: /etc/audit
      contains: -a always,exit -F arch=b64(( -S |,)\w+)*(( -S |,){{ item }})+(( -S
        |,)\w+)* -F exit=-EPERM -F auid&gt;=1000 -F auid!=unset (-k\s+|-F\s+key=)\S+\s*$
      patterns: audit.rules
    register: find_command
    loop: '{{ (syscall_grouping + syscalls) | unique }}'

  - name: Set path to /etc/audit/audit.rules
    ansible.builtin.set_fact: audit_file="/etc/audit/audit.rules"

  - name: Declare found syscalls
    ansible.builtin.set_fact: syscalls_found="{{ find_command.results | selectattr('matched')
      | map(attribute='item') | list }}"

  - name: Declare missing syscalls
    ansible.builtin.set_fact: missing_syscalls="{{ syscalls | difference(syscalls_found)
      }}"

  - name: Replace the audit rule in {{ audit_file }}
    ansible.builtin.lineinfile:
      path: '{{ audit_file }}'
      regexp: (-a always,exit -F arch=b64)(?=.*(?:(?:-S |,)(?:{{ syscalls_found |
        join("|") }}))\b)((?:( -S |,)\w+)+)( -F exit=-EPERM -F auid&gt;=1000 -F auid!=unset
        (?:-k |-F key=)\w+)
      line: \1\2\3{{ missing_syscalls | join("\3") }}\4
      backrefs: true
      state: present
      mode: g-rwx,o-rwx
    when: syscalls_found | length &gt; 0 and missing_syscalls | length &gt; 0

  - name: Add the audit rule to {{ audit_file }}
    ansible.builtin.lineinfile:
      path: '{{ audit_file }}'
      line: -a always,exit -F arch=b64 -S {{ syscalls | join(',') }} -F exit=-EPERM
        -F auid&gt;=1000 -F auid!=unset -F key=access
      create: true
      mode: g-rwx,o-rwx
      state: present
    when: syscalls_found | length == 0
  when:
  - '"audit" in ansible_facts.packages'
  - ("kernel-default" in ansible_facts.packages or "kernel-default-base" in ansible_facts.packages)
  - not ( ansible_architecture == "aarch64" )
  - audit_arch == "b64"
  tags:
  - CCE-85680-7
  - DISA-STIG-SLES-15-030150
  - NIST-800-171-3.1.7
  - NIST-800-53-AU-12(a)
  - NIST-800-53-AU-12(c)
  - NIST-800-53-AU-12.1(ii)
  - NIST-800-53-AU-12.1(iv)
  - NIST-800-53-AU-3
  - NIST-800-53-AU-3.1
  - NIST-800-53-MA-4(1)(a)
  - PCI-DSS-Req-10.2.1
  - PCI-DSS-Req-10.2.4
  - audit_rules_unsuccessful_file_modification_open
  - low_complexity
  - low_disruption
  - medium_severity
  - reboot_required
  - restrict_strategy
</fix>
          <check system="http://oval.mitre.org/XMLSchema/oval-definitions-5">
            <check-content-ref name="oval:ssg-audit_rules_unsuccessful_file_modification_open:def:1" href="ssg-sle15-oval.xml"/>
          </check>
          <check system="http://scap.nist.gov/schema/ocil/2">
            <check-content-ref name="ocil:ssg-audit_rules_unsuccessful_file_modification_open_ocil:questionnaire:1" href="ssg-sle15-ocil.xml"/>
          </check>
        </Rule>
        <Rule id="xccdf_org.ssgproject.content_rule_audit_rules_unsuccessful_file_modification_open_by_handle_at" selected="false" role="full" severity="medium">
          <title xmlns:xhtml="http://www.w3.org/1999/xhtml" xml:lang="en-US">Record Unsuccessful Access Attempts to Files - open_by_handle_at</title>
          <description xmlns:xhtml="http://www.w3.org/1999/xhtml" xml:lang="en-US">At a minimum, the audit system should collect unauthorized file
accesses for all users and root. If the <html:code xmlns:html="http://www.w3.org/1999/xhtml">auditd</html:code> daemon is configured
to use the <html:code xmlns:html="http://www.w3.org/1999/xhtml">augenrules</html:code> program to read audit rules during daemon
startup (the default), add the following lines to a file with suffix
<html:code xmlns:html="http://www.w3.org/1999/xhtml">.rules</html:code> in the directory <html:code xmlns:html="http://www.w3.org/1999/xhtml">/etc/audit/rules.d</html:code>:
<html:pre xmlns:html="http://www.w3.org/1999/xhtml">-a always,exit -F arch=b32 -S open_by_handle_at -F exit=-EACCES -F auid&gt;=1000 -F auid!=unset -F key=access
-a always,exit -F arch=b32 -S open_by_handle_at -F exit=-EPERM -F auid&gt;=1000 -F auid!=unset -F key=access</html:pre>
If the system is 64 bit then also add the following lines:
<html:pre xmlns:html="http://www.w3.org/1999/xhtml">
-a always,exit -F arch=b64 -S open_by_handle_at -F exit=-EACCES -F auid&gt;=1000 -F auid!=unset -F key=access
-a always,exit -F arch=b64 -S open_by_handle_at -F exit=-EPERM -F auid&gt;=1000 -F auid!=unset -F key=access</html:pre>
If the <html:code xmlns:html="http://www.w3.org/1999/xhtml">auditd</html:code> daemon is configured to use the <html:code xmlns:html="http://www.w3.org/1999/xhtml">auditctl</html:code>
utility to read audit rules during daemon startup, add the following lines to
<html:code xmlns:html="http://www.w3.org/1999/xhtml">/etc/audit/audit.rules</html:code> file:
<html:pre xmlns:html="http://www.w3.org/1999/xhtml">-a always,exit -F arch=b32 -S open_by_handle_at,truncate,ftruncate -F exit=-EACCES -F auid&gt;=1000 -F auid!=unset -F key=access
-a always,exit -F arch=b32 -S open_by_handle_at,truncate,ftruncate -F exit=-EPERM -F auid&gt;=1000 -F auid!=unset -F key=access</html:pre>
If the system is 64 bit then also add the following lines:
<html:pre xmlns:html="http://www.w3.org/1999/xhtml">
-a always,exit -F arch=b64 -S open_by_handle_at,truncate,ftruncate -F exit=-EACCES -F auid&gt;=1000 -F auid!=unset -F key=access
-a always,exit -F arch=b64 -S open_by_handle_at,truncate,ftruncate -F exit=-EPERM -F auid&gt;=1000 -F auid!=unset -F key=access</html:pre>
       </description>
          <warning xmlns:xhtml="http://www.w3.org/1999/xhtml" xml:lang="en-US" category="general">Note that these rules can be configured in a
number of ways while still achieving the desired effect. Here the system calls
have been placed independent of other system calls. Grouping these system
calls with others as identifying earlier in this guide is more efficient.</warning>
          <reference href="https://www.cisecurity.org/controls/">1</reference>
          <reference href="https://www.cisecurity.org/controls/">11</reference>
          <reference href="https://www.cisecurity.org/controls/">12</reference>
          <reference href="https://www.cisecurity.org/controls/">13</reference>
          <reference href="https://www.cisecurity.org/controls/">14</reference>
          <reference href="https://www.cisecurity.org/controls/">15</reference>
          <reference href="https://www.cisecurity.org/controls/">16</reference>
          <reference href="https://www.cisecurity.org/controls/">19</reference>
          <reference href="https://www.cisecurity.org/controls/">2</reference>
          <reference href="https://www.cisecurity.org/controls/">3</reference>
          <reference href="https://www.cisecurity.org/controls/">4</reference>
          <reference href="https://www.cisecurity.org/controls/">5</reference>
          <reference href="https://www.cisecurity.org/controls/">6</reference>
          <reference href="https://www.cisecurity.org/controls/">7</reference>
          <reference href="https://www.cisecurity.org/controls/">8</reference>
          <reference href="https://www.cisecurity.org/controls/">9</reference>
          <reference href="https://www.isaca.org/resources/cobit">APO10.01</reference>
          <reference href="https://www.isaca.org/resources/cobit">APO10.03</reference>
          <reference href="https://www.isaca.org/resources/cobit">APO10.04</reference>
          <reference href="https://www.isaca.org/resources/cobit">APO10.05</reference>
          <reference href="https://www.isaca.org/resources/cobit">APO11.04</reference>
          <reference href="https://www.isaca.org/resources/cobit">APO12.06</reference>
          <reference href="https://www.isaca.org/resources/cobit">APO13.01</reference>
          <reference href="https://www.isaca.org/resources/cobit">BAI03.05</reference>
          <reference href="https://www.isaca.org/resources/cobit">BAI08.02</reference>
          <reference href="https://www.isaca.org/resources/cobit">DSS01.03</reference>
          <reference href="https://www.isaca.org/resources/cobit">DSS01.04</reference>
          <reference href="https://www.isaca.org/resources/cobit">DSS02.02</reference>
          <reference href="https://www.isaca.org/resources/cobit">DSS02.04</reference>
          <reference href="https://www.isaca.org/resources/cobit">DSS02.07</reference>
          <reference href="https://www.isaca.org/resources/cobit">DSS03.01</reference>
          <reference href="https://www.isaca.org/resources/cobit">DSS03.05</reference>
          <reference href="https://www.isaca.org/resources/cobit">DSS05.02</reference>
          <reference href="https://www.isaca.org/resources/cobit">DSS05.03</reference>
          <reference href="https://www.isaca.org/resources/cobit">DSS05.04</reference>
          <reference href="https://www.isaca.org/resources/cobit">DSS05.05</reference>
          <reference href="https://www.isaca.org/resources/cobit">DSS05.07</reference>
          <reference href="https://www.isaca.org/resources/cobit">MEA01.01</reference>
          <reference href="https://www.isaca.org/resources/cobit">MEA01.02</reference>
          <reference href="https://www.isaca.org/resources/cobit">MEA01.03</reference>
          <reference href="https://www.isaca.org/resources/cobit">MEA01.04</reference>
          <reference href="https://www.isaca.org/resources/cobit">MEA01.05</reference>
          <reference href="https://www.isaca.org/resources/cobit">MEA02.01</reference>
          <reference href="http://nvlpubs.nist.gov/nistpubs/SpecialPublications/NIST.SP.800-171.pdf">3.1.7</reference>
          <reference href="https://www.gpo.gov/fdsys/pkg/CFR-2007-title45-vol1/pdf/CFR-2007-title45-vol1-chapA-subchapC.pdf">164.308(a)(1)(ii)(D)</reference>
          <reference href="https://www.gpo.gov/fdsys/pkg/CFR-2007-title45-vol1/pdf/CFR-2007-title45-vol1-chapA-subchapC.pdf">164.308(a)(3)(ii)(A)</reference>
          <reference href="https://www.gpo.gov/fdsys/pkg/CFR-2007-title45-vol1/pdf/CFR-2007-title45-vol1-chapA-subchapC.pdf">164.308(a)(5)(ii)(C)</reference>
          <reference href="https://www.gpo.gov/fdsys/pkg/CFR-2007-title45-vol1/pdf/CFR-2007-title45-vol1-chapA-subchapC.pdf">164.312(a)(2)(i)</reference>
          <reference href="https://www.gpo.gov/fdsys/pkg/CFR-2007-title45-vol1/pdf/CFR-2007-title45-vol1-chapA-subchapC.pdf">164.312(b)</reference>
          <reference href="https://www.gpo.gov/fdsys/pkg/CFR-2007-title45-vol1/pdf/CFR-2007-title45-vol1-chapA-subchapC.pdf">164.312(d)</reference>
          <reference href="https://www.gpo.gov/fdsys/pkg/CFR-2007-title45-vol1/pdf/CFR-2007-title45-vol1-chapA-subchapC.pdf">164.312(e)</reference>
          <reference href="https://www.isa.org/products/isa-62443-2-1-2009-security-for-industrial-automat">4.2.3.10</reference>
          <reference href="https://www.isa.org/products/isa-62443-2-1-2009-security-for-industrial-automat">4.3.2.6.7</reference>
          <reference href="https://www.isa.org/products/isa-62443-2-1-2009-security-for-industrial-automat">4.3.3.3.9</reference>
          <reference href="https://www.isa.org/products/isa-62443-2-1-2009-security-for-industrial-automat">4.3.3.5.8</reference>
          <reference href="https://www.isa.org/products/isa-62443-2-1-2009-security-for-industrial-automat">4.3.3.6.6</reference>
          <reference href="https://www.isa.org/products/isa-62443-2-1-2009-security-for-industrial-automat">4.3.4.4.7</reference>
          <reference href="https://www.isa.org/products/isa-62443-2-1-2009-security-for-industrial-automat">4.3.4.5.6</reference>
          <reference href="https://www.isa.org/products/isa-62443-2-1-2009-security-for-industrial-automat">4.3.4.5.7</reference>
          <reference href="https://www.isa.org/products/isa-62443-2-1-2009-security-for-industrial-automat">4.3.4.5.8</reference>
          <reference href="https://www.isa.org/products/isa-62443-2-1-2009-security-for-industrial-automat">4.4.2.1</reference>
          <reference href="https://www.isa.org/products/isa-62443-2-1-2009-security-for-industrial-automat">4.4.2.2</reference>
          <reference href="https://www.isa.org/products/isa-62443-2-1-2009-security-for-industrial-automat">4.4.2.4</reference>
          <reference href="https://www.isa.org/products/ansi-isa-62443-3-3-99-03-03-2013-security-for-indu">SR 1.13</reference>
          <reference href="https://www.isa.org/products/ansi-isa-62443-3-3-99-03-03-2013-security-for-indu">SR 2.10</reference>
          <reference href="https://www.isa.org/products/ansi-isa-62443-3-3-99-03-03-2013-security-for-indu">SR 2.11</reference>
          <reference href="https://www.isa.org/products/ansi-isa-62443-3-3-99-03-03-2013-security-for-indu">SR 2.12</reference>
          <reference href="https://www.isa.org/products/ansi-isa-62443-3-3-99-03-03-2013-security-for-indu">SR 2.6</reference>
          <reference href="https://www.isa.org/products/ansi-isa-62443-3-3-99-03-03-2013-security-for-indu">SR 2.8</reference>
          <reference href="https://www.isa.org/products/ansi-isa-62443-3-3-99-03-03-2013-security-for-indu">SR 2.9</reference>
          <reference href="https://www.isa.org/products/ansi-isa-62443-3-3-99-03-03-2013-security-for-indu">SR 3.1</reference>
          <reference href="https://www.isa.org/products/ansi-isa-62443-3-3-99-03-03-2013-security-for-indu">SR 3.5</reference>
          <reference href="https://www.isa.org/products/ansi-isa-62443-3-3-99-03-03-2013-security-for-indu">SR 3.8</reference>
          <reference href="https://www.isa.org/products/ansi-isa-62443-3-3-99-03-03-2013-security-for-indu">SR 4.1</reference>
          <reference href="https://www.isa.org/products/ansi-isa-62443-3-3-99-03-03-2013-security-for-indu">SR 4.3</reference>
          <reference href="https://www.isa.org/products/ansi-isa-62443-3-3-99-03-03-2013-security-for-indu">SR 5.1</reference>
          <reference href="https://www.isa.org/products/ansi-isa-62443-3-3-99-03-03-2013-security-for-indu">SR 5.2</reference>
          <reference href="https://www.isa.org/products/ansi-isa-62443-3-3-99-03-03-2013-security-for-indu">SR 5.3</reference>
          <reference href="https://www.isa.org/products/ansi-isa-62443-3-3-99-03-03-2013-security-for-indu">SR 6.1</reference>
          <reference href="https://www.isa.org/products/ansi-isa-62443-3-3-99-03-03-2013-security-for-indu">SR 6.2</reference>
          <reference href="https://www.isa.org/products/ansi-isa-62443-3-3-99-03-03-2013-security-for-indu">SR 7.1</reference>
          <reference href="https://www.isa.org/products/ansi-isa-62443-3-3-99-03-03-2013-security-for-indu">SR 7.6</reference>
          <reference href="https://www.iso.org/contents/data/standard/05/45/54534.html">A.11.2.6</reference>
          <reference href="https://www.iso.org/contents/data/standard/05/45/54534.html">A.12.4.1</reference>
          <reference href="https://www.iso.org/contents/data/standard/05/45/54534.html">A.12.4.2</reference>
          <reference href="https://www.iso.org/contents/data/standard/05/45/54534.html">A.12.4.3</reference>
          <reference href="https://www.iso.org/contents/data/standard/05/45/54534.html">A.12.4.4</reference>
          <reference href="https://www.iso.org/contents/data/standard/05/45/54534.html">A.12.7.1</reference>
          <reference href="https://www.iso.org/contents/data/standard/05/45/54534.html">A.13.1.1</reference>
          <reference href="https://www.iso.org/contents/data/standard/05/45/54534.html">A.13.2.1</reference>
          <reference href="https://www.iso.org/contents/data/standard/05/45/54534.html">A.14.1.3</reference>
          <reference href="https://www.iso.org/contents/data/standard/05/45/54534.html">A.14.2.7</reference>
          <reference href="https://www.iso.org/contents/data/standard/05/45/54534.html">A.15.2.1</reference>
          <reference href="https://www.iso.org/contents/data/standard/05/45/54534.html">A.15.2.2</reference>
          <reference href="https://www.iso.org/contents/data/standard/05/45/54534.html">A.16.1.4</reference>
          <reference href="https://www.iso.org/contents/data/standard/05/45/54534.html">A.16.1.5</reference>
          <reference href="https://www.iso.org/contents/data/standard/05/45/54534.html">A.16.1.7</reference>
          <reference href="https://www.iso.org/contents/data/standard/05/45/54534.html">A.6.2.1</reference>
          <reference href="https://www.iso.org/contents/data/standard/05/45/54534.html">A.6.2.2</reference>
          <reference href="http://nvlpubs.nist.gov/nistpubs/SpecialPublications/NIST.SP.800-53r4.pdf">AU-3</reference>
          <reference href="http://nvlpubs.nist.gov/nistpubs/SpecialPublications/NIST.SP.800-53r4.pdf">AU-3.1</reference>
          <reference href="http://nvlpubs.nist.gov/nistpubs/SpecialPublications/NIST.SP.800-53r4.pdf">AU-12(c)</reference>
          <reference href="http://nvlpubs.nist.gov/nistpubs/SpecialPublications/NIST.SP.800-53r4.pdf">AU-12.1(iv)</reference>
          <reference href="http://nvlpubs.nist.gov/nistpubs/SpecialPublications/NIST.SP.800-53r4.pdf">AU-12(a)</reference>
          <reference href="http://nvlpubs.nist.gov/nistpubs/SpecialPublications/NIST.SP.800-53r4.pdf">AU-12.1(ii)</reference>
          <reference href="http://nvlpubs.nist.gov/nistpubs/SpecialPublications/NIST.SP.800-53r4.pdf">MA-4(1)(a)</reference>
          <reference href="https://nvlpubs.nist.gov/nistpubs/CSWP/NIST.CSWP.04162018.pdf">DE.AE-3</reference>
          <reference href="https://nvlpubs.nist.gov/nistpubs/CSWP/NIST.CSWP.04162018.pdf">DE.AE-5</reference>
          <reference href="https://nvlpubs.nist.gov/nistpubs/CSWP/NIST.CSWP.04162018.pdf">DE.CM-1</reference>
          <reference href="https://nvlpubs.nist.gov/nistpubs/CSWP/NIST.CSWP.04162018.pdf">DE.CM-3</reference>
          <reference href="https://nvlpubs.nist.gov/nistpubs/CSWP/NIST.CSWP.04162018.pdf">DE.CM-7</reference>
          <reference href="https://nvlpubs.nist.gov/nistpubs/CSWP/NIST.CSWP.04162018.pdf">ID.SC-4</reference>
          <reference href="https://nvlpubs.nist.gov/nistpubs/CSWP/NIST.CSWP.04162018.pdf">PR.AC-3</reference>
          <reference href="https://nvlpubs.nist.gov/nistpubs/CSWP/NIST.CSWP.04162018.pdf">PR.PT-1</reference>
          <reference href="https://nvlpubs.nist.gov/nistpubs/CSWP/NIST.CSWP.04162018.pdf">PR.PT-4</reference>
          <reference href="https://nvlpubs.nist.gov/nistpubs/CSWP/NIST.CSWP.04162018.pdf">RS.AN-1</reference>
          <reference href="https://nvlpubs.nist.gov/nistpubs/CSWP/NIST.CSWP.04162018.pdf">RS.AN-4</reference>
          <reference href="https://www.pcisecuritystandards.org/documents/PCI_DSS_v3-2-1.pdf">Req-10.2.4</reference>
          <reference href="https://www.pcisecuritystandards.org/documents/PCI_DSS_v3-2-1.pdf">Req-10.2.1</reference>
          <reference href="https://www.cyber.mil/stigs/downloads/?_dl_facet_stigs=operating-systems%2Cgeneral-purpose-os">SRG-OS-000037-GPOS-00015</reference>
          <reference href="https://www.cyber.mil/stigs/downloads/?_dl_facet_stigs=operating-systems%2Cgeneral-purpose-os">SRG-OS-000042-GPOS-00020</reference>
          <reference href="https://www.cyber.mil/stigs/downloads/?_dl_facet_stigs=operating-systems%2Cgeneral-purpose-os">SRG-OS-000062-GPOS-00031</reference>
          <reference href="https://www.cyber.mil/stigs/downloads/?_dl_facet_stigs=operating-systems%2Cgeneral-purpose-os">SRG-OS-000392-GPOS-00172</reference>
          <reference href="https://www.cyber.mil/stigs/downloads/?_dl_facet_stigs=operating-systems%2Cgeneral-purpose-os">SRG-OS-000462-GPOS-00206</reference>
          <reference href="https://www.cyber.mil/stigs/downloads/?_dl_facet_stigs=operating-systems%2Cgeneral-purpose-os">SRG-OS-000471-GPOS-00215</reference>
          <reference href="https://www.cyber.mil/stigs/downloads/?_dl_facet_stigs=operating-systems%2Cgeneral-purpose-os">SRG-OS-000064-GPOS-00033</reference>
          <reference href="https://www.cyber.mil/stigs/downloads/?_dl_facet_stigs=operating-systems%2Cgeneral-purpose-os">SRG-OS-000458-GPOS-00203</reference>
          <reference href="https://www.cyber.mil/stigs/downloads/?_dl_facet_stigs=operating-systems%2Cgeneral-purpose-os">SRG-OS-000461-GPOS-00205</reference>
          <reference href="https://www.cyber.mil/stigs/downloads/?_dl_facet_stigs=app-security">SRG-APP-000495-CTR-001235</reference>
          <reference href="https://www.cyber.mil/stigs/downloads/?_dl_facet_stigs=operating-systems%2Cunix-linux">SLES-15-030150</reference>
          <reference href="https://www.cyber.gov.au/acsc/view-all-content/ism">0582</reference>
          <reference href="https://www.cyber.gov.au/acsc/view-all-content/ism">0846</reference>
          <reference href="https://www.cyber.mil/stigs/srg-stig-tools/">SV-234914r958412_rule</reference>
          <rationale xmlns:xhtml="http://www.w3.org/1999/xhtml" xml:lang="en-US">Unsuccessful attempts to access files could be an indicator of malicious activity on a system. Auditing
these events could serve as evidence of potential system compromise.</rationale>
          <ident system="https://ncp.nist.gov/cce">CCE-85683-1</ident>
          <fix xmlns:xhtml="http://www.w3.org/1999/xhtml" id="audit_rules_unsuccessful_file_modification_open_by_handle_at" system="urn:xccdf:fix:script:sh"># Remediation is applicable only in certain platforms
if rpm --quiet -q audit &amp;&amp; rpm --quiet -q kernel-default || rpm --quiet -q kernel-default-base; then

# First perform the remediation of the syscall rule
# Retrieve hardware architecture of the underlying system
[ "$(getconf LONG_BIT)" = "32" ] &amp;&amp; RULE_ARCHS=("b32") || RULE_ARCHS=("b32" "b64")

AUID_FILTERS="-F auid&gt;=1000 -F auid!=unset"
SYSCALL="open_by_handle_at"
KEY="access"
SYSCALL_GROUPING="creat ftruncate truncate open openat open_by_handle_at"

for ARCH in "${RULE_ARCHS[@]}"
do
	ACTION_ARCH_FILTERS="-a always,exit -F arch=$ARCH"
	OTHER_FILTERS="-F exit=-EACCES"
	# Perform the remediation for both possible tools: 'auditctl' and 'augenrules'
	unset syscall_a
unset syscall_grouping
unset syscall_string
unset syscall
unset file_to_edit
unset rule_to_edit
unset rule_syscalls_to_edit
unset other_string
unset auid_string
unset full_rule

# Load macro arguments into arrays
read -a syscall_a &lt;&lt;&lt; $SYSCALL
read -a syscall_grouping &lt;&lt;&lt; $SYSCALL_GROUPING

# Create a list of audit *.rules files that should be inspected for presence and correctness
# of a particular audit rule. The scheme is as follows:
#
# -----------------------------------------------------------------------------------------
#  Tool used to load audit rules | Rule already defined  |  Audit rules file to inspect    |
# -----------------------------------------------------------------------------------------
#        auditctl                |     Doesn't matter    |  /etc/audit/audit.rules         |
# -----------------------------------------------------------------------------------------
#        augenrules              |          Yes          |  /etc/audit/rules.d/*.rules     |
#        augenrules              |          No           |  /etc/audit/rules.d/$key.rules  |
# -----------------------------------------------------------------------------------------
#
files_to_inspect=()

# If audit tool is 'augenrules', then check if the audit rule is defined
# If rule is defined, add '/etc/audit/rules.d/*.rules' to the list for inspection
# If rule isn't defined yet, add '/etc/audit/rules.d/$key.rules' to the list for inspection
default_file="/etc/audit/rules.d/$KEY.rules"
# As other_filters may include paths, lets use a different delimiter for it
# The "F" script expression tells sed to print the filenames where the expressions matched
readarray -t files_to_inspect &lt; &lt;(sed -s -n -e "/^$ACTION_ARCH_FILTERS/!d" -e "\#$OTHER_FILTERS#!d" -e "/$AUID_FILTERS/!d" -e "F" /etc/audit/rules.d/*.rules)
# Case when particular rule isn't defined in /etc/audit/rules.d/*.rules yet
if [ ${#files_to_inspect[@]} -eq "0" ]
then
    file_to_inspect="/etc/audit/rules.d/$KEY.rules"
    files_to_inspect=("$file_to_inspect")
    if [ ! -e "$file_to_inspect" ]
    then
        touch "$file_to_inspect"
        chmod 0600 "$file_to_inspect"
    fi
fi

# After converting to jinja, we cannot return; therefore we skip the rest of the macro if needed instead
skip=1

for audit_file in "${files_to_inspect[@]}"
do
    # Filter existing $audit_file rules' definitions to select those that satisfy the rule pattern,
    # i.e, collect rules that match:
    # * the action, list and arch, (2-nd argument)
    # * the other filters, (3-rd argument)
    # * the auid filters, (4-rd argument)
    readarray -t similar_rules &lt; &lt;(sed -e "/^$ACTION_ARCH_FILTERS/!d"  -e "\#$OTHER_FILTERS#!d" -e "/$AUID_FILTERS/!d" "$audit_file")

    candidate_rules=()
    # Filter out rules that have more fields then required. This will remove rules more specific than the required scope
    for s_rule in "${similar_rules[@]}"
    do
        # Strip all the options and fields we know of,
        # than check if there was any field left over
        extra_fields=$(sed -E -e "s/^$ACTION_ARCH_FILTERS//"  -e "s#$OTHER_FILTERS##" -e "s/$AUID_FILTERS//" -e "s/((:?-S [[:alnum:],]+)+)//g" -e "s/-F key=\w+|-k \w+//"&lt;&lt;&lt; "$s_rule")
        grep -q -- "-F" &lt;&lt;&lt; "$extra_fields" || candidate_rules+=("$s_rule")
    done

    if [[ ${#syscall_a[@]} -ge 1 ]]
    then
        # Check if the syscall we want is present in any of the similar existing rules
        for rule in "${candidate_rules[@]}"
        do
            rule_syscalls=$(echo "$rule" | grep -o -P '(-S [\w,]+)+' | xargs)
            all_syscalls_found=0
            for syscall in "${syscall_a[@]}"
            do
                grep -q -- "\b${syscall}\b" &lt;&lt;&lt; "$rule_syscalls" || {
                   # A syscall was not found in the candidate rule
                   all_syscalls_found=1
                   }
            done
            if [[ $all_syscalls_found -eq 0 ]]
            then
                # We found a rule with all the syscall(s) we want; skip rest of macro
                skip=0
                break
            fi

            # Check if this rule can be grouped with our target syscall and keep track of it
            for syscall_g in "${syscall_grouping[@]}"
            do
                if grep -q -- "\b${syscall_g}\b" &lt;&lt;&lt; "$rule_syscalls"
                then
                    file_to_edit=${audit_file}
                    rule_to_edit=${rule}
                    rule_syscalls_to_edit=${rule_syscalls}
                fi
            done
        done
    else
        # If there is any candidate rule, it is compliant; skip rest of macro
        if [ "${#candidate_rules[@]}" -gt 0 ]
        then
            skip=0
        fi
    fi

    if [ "$skip" -eq 0 ]; then
        break
    fi
done

if [ "$skip" -ne 0 ]; then
    # We checked all rules that matched the expected resemblance pattern (action, arch &amp; auid)
    # At this point we know if we need to either append the $full_rule or group
    # the syscall together with an exsiting rule

    # Append the full_rule if it cannot be grouped to any other rule
    if [ -z ${rule_to_edit+x} ]
    then
        # Build full_rule while avoid adding double spaces when other_filters is empty
        if [ "${#syscall_a[@]}" -gt 0 ]
        then
            syscall_string=""
            for syscall in "${syscall_a[@]}"
            do
                syscall_string+=" -S $syscall"
            done
        fi
        other_string=$([[ $OTHER_FILTERS ]] &amp;&amp; echo " $OTHER_FILTERS") || /bin/true
        auid_string=$([[ $AUID_FILTERS ]] &amp;&amp; echo " $AUID_FILTERS") || /bin/true
        full_rule="$ACTION_ARCH_FILTERS${syscall_string}${other_string}${auid_string} -F key=$KEY" || /bin/true
        echo "$full_rule" &gt;&gt; "$default_file"
        chmod 0600 ${default_file}
    else
        # Check if the syscalls are declared as a comma separated list or
        # as multiple -S parameters
        if grep -q -- "," &lt;&lt;&lt; "${rule_syscalls_to_edit}"
        then
            delimiter=","
        else
            delimiter=" -S "
        fi
        new_grouped_syscalls="${rule_syscalls_to_edit}"
        for syscall in "${syscall_a[@]}"
        do
            grep -q -- "\b${syscall}\b" &lt;&lt;&lt; "${rule_syscalls_to_edit}" || {
               # A syscall was not found in the candidate rule
               new_grouped_syscalls+="${delimiter}${syscall}"
               }
        done

        # Group the syscall in the rule
        sed -i -e "\#${rule_to_edit}#s#${rule_syscalls_to_edit}#${new_grouped_syscalls}#" "$file_to_edit"
    fi
fi
	unset syscall_a
unset syscall_grouping
unset syscall_string
unset syscall
unset file_to_edit
unset rule_to_edit
unset rule_syscalls_to_edit
unset other_string
unset auid_string
unset full_rule

# Load macro arguments into arrays
read -a syscall_a &lt;&lt;&lt; $SYSCALL
read -a syscall_grouping &lt;&lt;&lt; $SYSCALL_GROUPING

# Create a list of audit *.rules files that should be inspected for presence and correctness
# of a particular audit rule. The scheme is as follows:
#
# -----------------------------------------------------------------------------------------
#  Tool used to load audit rules | Rule already defined  |  Audit rules file to inspect    |
# -----------------------------------------------------------------------------------------
#        auditctl                |     Doesn't matter    |  /etc/audit/audit.rules         |
# -----------------------------------------------------------------------------------------
#        augenrules              |          Yes          |  /etc/audit/rules.d/*.rules     |
#        augenrules              |          No           |  /etc/audit/rules.d/$key.rules  |
# -----------------------------------------------------------------------------------------
#
files_to_inspect=()


# If audit tool is 'auditctl', then add '/etc/audit/audit.rules'
# file to the list of files to be inspected
default_file="/etc/audit/audit.rules"
files_to_inspect+=('/etc/audit/audit.rules' )

# After converting to jinja, we cannot return; therefore we skip the rest of the macro if needed instead
skip=1

for audit_file in "${files_to_inspect[@]}"
do
    # Filter existing $audit_file rules' definitions to select those that satisfy the rule pattern,
    # i.e, collect rules that match:
    # * the action, list and arch, (2-nd argument)
    # * the other filters, (3-rd argument)
    # * the auid filters, (4-rd argument)
    readarray -t similar_rules &lt; &lt;(sed -e "/^$ACTION_ARCH_FILTERS/!d"  -e "\#$OTHER_FILTERS#!d" -e "/$AUID_FILTERS/!d" "$audit_file")

    candidate_rules=()
    # Filter out rules that have more fields then required. This will remove rules more specific than the required scope
    for s_rule in "${similar_rules[@]}"
    do
        # Strip all the options and fields we know of,
        # than check if there was any field left over
        extra_fields=$(sed -E -e "s/^$ACTION_ARCH_FILTERS//"  -e "s#$OTHER_FILTERS##" -e "s/$AUID_FILTERS//" -e "s/((:?-S [[:alnum:],]+)+)//g" -e "s/-F key=\w+|-k \w+//"&lt;&lt;&lt; "$s_rule")
        grep -q -- "-F" &lt;&lt;&lt; "$extra_fields" || candidate_rules+=("$s_rule")
    done

    if [[ ${#syscall_a[@]} -ge 1 ]]
    then
        # Check if the syscall we want is present in any of the similar existing rules
        for rule in "${candidate_rules[@]}"
        do
            rule_syscalls=$(echo "$rule" | grep -o -P '(-S [\w,]+)+' | xargs)
            all_syscalls_found=0
            for syscall in "${syscall_a[@]}"
            do
                grep -q -- "\b${syscall}\b" &lt;&lt;&lt; "$rule_syscalls" || {
                   # A syscall was not found in the candidate rule
                   all_syscalls_found=1
                   }
            done
            if [[ $all_syscalls_found -eq 0 ]]
            then
                # We found a rule with all the syscall(s) we want; skip rest of macro
                skip=0
                break
            fi

            # Check if this rule can be grouped with our target syscall and keep track of it
            for syscall_g in "${syscall_grouping[@]}"
            do
                if grep -q -- "\b${syscall_g}\b" &lt;&lt;&lt; "$rule_syscalls"
                then
                    file_to_edit=${audit_file}
                    rule_to_edit=${rule}
                    rule_syscalls_to_edit=${rule_syscalls}
                fi
            done
        done
    else
        # If there is any candidate rule, it is compliant; skip rest of macro
        if [ "${#candidate_rules[@]}" -gt 0 ]
        then
            skip=0
        fi
    fi

    if [ "$skip" -eq 0 ]; then
        break
    fi
done

if [ "$skip" -ne 0 ]; then
    # We checked all rules that matched the expected resemblance pattern (action, arch &amp; auid)
    # At this point we know if we need to either append the $full_rule or group
    # the syscall together with an exsiting rule

    # Append the full_rule if it cannot be grouped to any other rule
    if [ -z ${rule_to_edit+x} ]
    then
        # Build full_rule while avoid adding double spaces when other_filters is empty
        if [ "${#syscall_a[@]}" -gt 0 ]
        then
            syscall_string=""
            for syscall in "${syscall_a[@]}"
            do
                syscall_string+=" -S $syscall"
            done
        fi
        other_string=$([[ $OTHER_FILTERS ]] &amp;&amp; echo " $OTHER_FILTERS") || /bin/true
        auid_string=$([[ $AUID_FILTERS ]] &amp;&amp; echo " $AUID_FILTERS") || /bin/true
        full_rule="$ACTION_ARCH_FILTERS${syscall_string}${other_string}${auid_string} -F key=$KEY" || /bin/true
        echo "$full_rule" &gt;&gt; "$default_file"
        chmod 0600 ${default_file}
    else
        # Check if the syscalls are declared as a comma separated list or
        # as multiple -S parameters
        if grep -q -- "," &lt;&lt;&lt; "${rule_syscalls_to_edit}"
        then
            delimiter=","
        else
            delimiter=" -S "
        fi
        new_grouped_syscalls="${rule_syscalls_to_edit}"
        for syscall in "${syscall_a[@]}"
        do
            grep -q -- "\b${syscall}\b" &lt;&lt;&lt; "${rule_syscalls_to_edit}" || {
               # A syscall was not found in the candidate rule
               new_grouped_syscalls+="${delimiter}${syscall}"
               }
        done

        # Group the syscall in the rule
        sed -i -e "\#${rule_to_edit}#s#${rule_syscalls_to_edit}#${new_grouped_syscalls}#" "$file_to_edit"
    fi
fi
done

for ARCH in "${RULE_ARCHS[@]}"
do
	ACTION_ARCH_FILTERS="-a always,exit -F arch=$ARCH"
	OTHER_FILTERS="-F exit=-EPERM"
	# Perform the remediation for both possible tools: 'auditctl' and 'augenrules'
	unset syscall_a
unset syscall_grouping
unset syscall_string
unset syscall
unset file_to_edit
unset rule_to_edit
unset rule_syscalls_to_edit
unset other_string
unset auid_string
unset full_rule

# Load macro arguments into arrays
read -a syscall_a &lt;&lt;&lt; $SYSCALL
read -a syscall_grouping &lt;&lt;&lt; $SYSCALL_GROUPING

# Create a list of audit *.rules files that should be inspected for presence and correctness
# of a particular audit rule. The scheme is as follows:
#
# -----------------------------------------------------------------------------------------
#  Tool used to load audit rules | Rule already defined  |  Audit rules file to inspect    |
# -----------------------------------------------------------------------------------------
#        auditctl                |     Doesn't matter    |  /etc/audit/audit.rules         |
# -----------------------------------------------------------------------------------------
#        augenrules              |          Yes          |  /etc/audit/rules.d/*.rules     |
#        augenrules              |          No           |  /etc/audit/rules.d/$key.rules  |
# -----------------------------------------------------------------------------------------
#
files_to_inspect=()

# If audit tool is 'augenrules', then check if the audit rule is defined
# If rule is defined, add '/etc/audit/rules.d/*.rules' to the list for inspection
# If rule isn't defined yet, add '/etc/audit/rules.d/$key.rules' to the list for inspection
default_file="/etc/audit/rules.d/$KEY.rules"
# As other_filters may include paths, lets use a different delimiter for it
# The "F" script expression tells sed to print the filenames where the expressions matched
readarray -t files_to_inspect &lt; &lt;(sed -s -n -e "/^$ACTION_ARCH_FILTERS/!d" -e "\#$OTHER_FILTERS#!d" -e "/$AUID_FILTERS/!d" -e "F" /etc/audit/rules.d/*.rules)
# Case when particular rule isn't defined in /etc/audit/rules.d/*.rules yet
if [ ${#files_to_inspect[@]} -eq "0" ]
then
    file_to_inspect="/etc/audit/rules.d/$KEY.rules"
    files_to_inspect=("$file_to_inspect")
    if [ ! -e "$file_to_inspect" ]
    then
        touch "$file_to_inspect"
        chmod 0600 "$file_to_inspect"
    fi
fi

# After converting to jinja, we cannot return; therefore we skip the rest of the macro if needed instead
skip=1

for audit_file in "${files_to_inspect[@]}"
do
    # Filter existing $audit_file rules' definitions to select those that satisfy the rule pattern,
    # i.e, collect rules that match:
    # * the action, list and arch, (2-nd argument)
    # * the other filters, (3-rd argument)
    # * the auid filters, (4-rd argument)
    readarray -t similar_rules &lt; &lt;(sed -e "/^$ACTION_ARCH_FILTERS/!d"  -e "\#$OTHER_FILTERS#!d" -e "/$AUID_FILTERS/!d" "$audit_file")

    candidate_rules=()
    # Filter out rules that have more fields then required. This will remove rules more specific than the required scope
    for s_rule in "${similar_rules[@]}"
    do
        # Strip all the options and fields we know of,
        # than check if there was any field left over
        extra_fields=$(sed -E -e "s/^$ACTION_ARCH_FILTERS//"  -e "s#$OTHER_FILTERS##" -e "s/$AUID_FILTERS//" -e "s/((:?-S [[:alnum:],]+)+)//g" -e "s/-F key=\w+|-k \w+//"&lt;&lt;&lt; "$s_rule")
        grep -q -- "-F" &lt;&lt;&lt; "$extra_fields" || candidate_rules+=("$s_rule")
    done

    if [[ ${#syscall_a[@]} -ge 1 ]]
    then
        # Check if the syscall we want is present in any of the similar existing rules
        for rule in "${candidate_rules[@]}"
        do
            rule_syscalls=$(echo "$rule" | grep -o -P '(-S [\w,]+)+' | xargs)
            all_syscalls_found=0
            for syscall in "${syscall_a[@]}"
            do
                grep -q -- "\b${syscall}\b" &lt;&lt;&lt; "$rule_syscalls" || {
                   # A syscall was not found in the candidate rule
                   all_syscalls_found=1
                   }
            done
            if [[ $all_syscalls_found -eq 0 ]]
            then
                # We found a rule with all the syscall(s) we want; skip rest of macro
                skip=0
                break
            fi

            # Check if this rule can be grouped with our target syscall and keep track of it
            for syscall_g in "${syscall_grouping[@]}"
            do
                if grep -q -- "\b${syscall_g}\b" &lt;&lt;&lt; "$rule_syscalls"
                then
                    file_to_edit=${audit_file}
                    rule_to_edit=${rule}
                    rule_syscalls_to_edit=${rule_syscalls}
                fi
            done
        done
    else
        # If there is any candidate rule, it is compliant; skip rest of macro
        if [ "${#candidate_rules[@]}" -gt 0 ]
        then
            skip=0
        fi
    fi

    if [ "$skip" -eq 0 ]; then
        break
    fi
done

if [ "$skip" -ne 0 ]; then
    # We checked all rules that matched the expected resemblance pattern (action, arch &amp; auid)
    # At this point we know if we need to either append the $full_rule or group
    # the syscall together with an exsiting rule

    # Append the full_rule if it cannot be grouped to any other rule
    if [ -z ${rule_to_edit+x} ]
    then
        # Build full_rule while avoid adding double spaces when other_filters is empty
        if [ "${#syscall_a[@]}" -gt 0 ]
        then
            syscall_string=""
            for syscall in "${syscall_a[@]}"
            do
                syscall_string+=" -S $syscall"
            done
        fi
        other_string=$([[ $OTHER_FILTERS ]] &amp;&amp; echo " $OTHER_FILTERS") || /bin/true
        auid_string=$([[ $AUID_FILTERS ]] &amp;&amp; echo " $AUID_FILTERS") || /bin/true
        full_rule="$ACTION_ARCH_FILTERS${syscall_string}${other_string}${auid_string} -F key=$KEY" || /bin/true
        echo "$full_rule" &gt;&gt; "$default_file"
        chmod 0600 ${default_file}
    else
        # Check if the syscalls are declared as a comma separated list or
        # as multiple -S parameters
        if grep -q -- "," &lt;&lt;&lt; "${rule_syscalls_to_edit}"
        then
            delimiter=","
        else
            delimiter=" -S "
        fi
        new_grouped_syscalls="${rule_syscalls_to_edit}"
        for syscall in "${syscall_a[@]}"
        do
            grep -q -- "\b${syscall}\b" &lt;&lt;&lt; "${rule_syscalls_to_edit}" || {
               # A syscall was not found in the candidate rule
               new_grouped_syscalls+="${delimiter}${syscall}"
               }
        done

        # Group the syscall in the rule
        sed -i -e "\#${rule_to_edit}#s#${rule_syscalls_to_edit}#${new_grouped_syscalls}#" "$file_to_edit"
    fi
fi
	unset syscall_a
unset syscall_grouping
unset syscall_string
unset syscall
unset file_to_edit
unset rule_to_edit
unset rule_syscalls_to_edit
unset other_string
unset auid_string
unset full_rule

# Load macro arguments into arrays
read -a syscall_a &lt;&lt;&lt; $SYSCALL
read -a syscall_grouping &lt;&lt;&lt; $SYSCALL_GROUPING

# Create a list of audit *.rules files that should be inspected for presence and correctness
# of a particular audit rule. The scheme is as follows:
#
# -----------------------------------------------------------------------------------------
#  Tool used to load audit rules | Rule already defined  |  Audit rules file to inspect    |
# -----------------------------------------------------------------------------------------
#        auditctl                |     Doesn't matter    |  /etc/audit/audit.rules         |
# -----------------------------------------------------------------------------------------
#        augenrules              |          Yes          |  /etc/audit/rules.d/*.rules     |
#        augenrules              |          No           |  /etc/audit/rules.d/$key.rules  |
# -----------------------------------------------------------------------------------------
#
files_to_inspect=()


# If audit tool is 'auditctl', then add '/etc/audit/audit.rules'
# file to the list of files to be inspected
default_file="/etc/audit/audit.rules"
files_to_inspect+=('/etc/audit/audit.rules' )

# After converting to jinja, we cannot return; therefore we skip the rest of the macro if needed instead
skip=1

for audit_file in "${files_to_inspect[@]}"
do
    # Filter existing $audit_file rules' definitions to select those that satisfy the rule pattern,
    # i.e, collect rules that match:
    # * the action, list and arch, (2-nd argument)
    # * the other filters, (3-rd argument)
    # * the auid filters, (4-rd argument)
    readarray -t similar_rules &lt; &lt;(sed -e "/^$ACTION_ARCH_FILTERS/!d"  -e "\#$OTHER_FILTERS#!d" -e "/$AUID_FILTERS/!d" "$audit_file")

    candidate_rules=()
    # Filter out rules that have more fields then required. This will remove rules more specific than the required scope
    for s_rule in "${similar_rules[@]}"
    do
        # Strip all the options and fields we know of,
        # than check if there was any field left over
        extra_fields=$(sed -E -e "s/^$ACTION_ARCH_FILTERS//"  -e "s#$OTHER_FILTERS##" -e "s/$AUID_FILTERS//" -e "s/((:?-S [[:alnum:],]+)+)//g" -e "s/-F key=\w+|-k \w+//"&lt;&lt;&lt; "$s_rule")
        grep -q -- "-F" &lt;&lt;&lt; "$extra_fields" || candidate_rules+=("$s_rule")
    done

    if [[ ${#syscall_a[@]} -ge 1 ]]
    then
        # Check if the syscall we want is present in any of the similar existing rules
        for rule in "${candidate_rules[@]}"
        do
            rule_syscalls=$(echo "$rule" | grep -o -P '(-S [\w,]+)+' | xargs)
            all_syscalls_found=0
            for syscall in "${syscall_a[@]}"
            do
                grep -q -- "\b${syscall}\b" &lt;&lt;&lt; "$rule_syscalls" || {
                   # A syscall was not found in the candidate rule
                   all_syscalls_found=1
                   }
            done
            if [[ $all_syscalls_found -eq 0 ]]
            then
                # We found a rule with all the syscall(s) we want; skip rest of macro
                skip=0
                break
            fi

            # Check if this rule can be grouped with our target syscall and keep track of it
            for syscall_g in "${syscall_grouping[@]}"
            do
                if grep -q -- "\b${syscall_g}\b" &lt;&lt;&lt; "$rule_syscalls"
                then
                    file_to_edit=${audit_file}
                    rule_to_edit=${rule}
                    rule_syscalls_to_edit=${rule_syscalls}
                fi
            done
        done
    else
        # If there is any candidate rule, it is compliant; skip rest of macro
        if [ "${#candidate_rules[@]}" -gt 0 ]
        then
            skip=0
        fi
    fi

    if [ "$skip" -eq 0 ]; then
        break
    fi
done

if [ "$skip" -ne 0 ]; then
    # We checked all rules that matched the expected resemblance pattern (action, arch &amp; auid)
    # At this point we know if we need to either append the $full_rule or group
    # the syscall together with an exsiting rule

    # Append the full_rule if it cannot be grouped to any other rule
    if [ -z ${rule_to_edit+x} ]
    then
        # Build full_rule while avoid adding double spaces when other_filters is empty
        if [ "${#syscall_a[@]}" -gt 0 ]
        then
            syscall_string=""
            for syscall in "${syscall_a[@]}"
            do
                syscall_string+=" -S $syscall"
            done
        fi
        other_string=$([[ $OTHER_FILTERS ]] &amp;&amp; echo " $OTHER_FILTERS") || /bin/true
        auid_string=$([[ $AUID_FILTERS ]] &amp;&amp; echo " $AUID_FILTERS") || /bin/true
        full_rule="$ACTION_ARCH_FILTERS${syscall_string}${other_string}${auid_string} -F key=$KEY" || /bin/true
        echo "$full_rule" &gt;&gt; "$default_file"
        chmod 0600 ${default_file}
    else
        # Check if the syscalls are declared as a comma separated list or
        # as multiple -S parameters
        if grep -q -- "," &lt;&lt;&lt; "${rule_syscalls_to_edit}"
        then
            delimiter=","
        else
            delimiter=" -S "
        fi
        new_grouped_syscalls="${rule_syscalls_to_edit}"
        for syscall in "${syscall_a[@]}"
        do
            grep -q -- "\b${syscall}\b" &lt;&lt;&lt; "${rule_syscalls_to_edit}" || {
               # A syscall was not found in the candidate rule
               new_grouped_syscalls+="${delimiter}${syscall}"
               }
        done

        # Group the syscall in the rule
        sed -i -e "\#${rule_to_edit}#s#${rule_syscalls_to_edit}#${new_grouped_syscalls}#" "$file_to_edit"
    fi
fi
done

else
    &gt;&amp;2 echo 'Remediation is not applicable, nothing was done'
fi
</fix>
          <fix xmlns:xhtml="http://www.w3.org/1999/xhtml" id="audit_rules_unsuccessful_file_modification_open_by_handle_at" system="urn:xccdf:fix:script:ansible" reboot="true" complexity="low" disruption="low" strategy="restrict">- name: Gather the package facts
  package_facts:
    manager: auto
  tags:
  - CCE-85683-1
  - DISA-STIG-SLES-15-030150
  - NIST-800-171-3.1.7
  - NIST-800-53-AU-12(a)
  - NIST-800-53-AU-12(c)
  - NIST-800-53-AU-12.1(ii)
  - NIST-800-53-AU-12.1(iv)
  - NIST-800-53-AU-3
  - NIST-800-53-AU-3.1
  - NIST-800-53-MA-4(1)(a)
  - PCI-DSS-Req-10.2.1
  - PCI-DSS-Req-10.2.4
  - audit_rules_unsuccessful_file_modification_open_by_handle_at
  - low_complexity
  - low_disruption
  - medium_severity
  - reboot_required
  - restrict_strategy

- name: Set architecture for audit open_by_handle_at tasks
  ansible.builtin.set_fact:
    audit_arch: b64
  when:
  - '"audit" in ansible_facts.packages'
  - ("kernel-default" in ansible_facts.packages or "kernel-default-base" in ansible_facts.packages)
  - ansible_architecture == "aarch64" or ansible_architecture == "ppc64" or ansible_architecture
    == "ppc64le" or ansible_architecture == "s390x" or ansible_architecture == "x86_64"
  tags:
  - CCE-85683-1
  - DISA-STIG-SLES-15-030150
  - NIST-800-171-3.1.7
  - NIST-800-53-AU-12(a)
  - NIST-800-53-AU-12(c)
  - NIST-800-53-AU-12.1(ii)
  - NIST-800-53-AU-12.1(iv)
  - NIST-800-53-AU-3
  - NIST-800-53-AU-3.1
  - NIST-800-53-MA-4(1)(a)
  - PCI-DSS-Req-10.2.1
  - PCI-DSS-Req-10.2.4
  - audit_rules_unsuccessful_file_modification_open_by_handle_at
  - low_complexity
  - low_disruption
  - medium_severity
  - reboot_required
  - restrict_strategy

- name: Perform remediation of Audit rules for open_by_handle_at EACCES for 32bit
    platform
  block:

  - name: Declare list of syscalls
    ansible.builtin.set_fact:
      syscalls:
      - open_by_handle_at
      syscall_grouping:
      - creat
      - ftruncate
      - truncate
      - open
      - openat
      - open_by_handle_at

  - name: Check existence of open_by_handle_at in /etc/audit/rules.d/
    ansible.builtin.find:
      paths: /etc/audit/rules.d
      contains: -a always,exit -F arch=b32(( -S |,)\w+)*(( -S |,){{ item }})+(( -S
        |,)\w+)* -F exit=-EACCES -F auid&gt;=1000 -F auid!=unset (-k\s+|-F\s+key=)\S+\s*$
      patterns: '*.rules'
    register: find_command
    loop: '{{ (syscall_grouping + syscalls) | unique }}'

  - name: Reset syscalls found per file
    ansible.builtin.set_fact:
      syscalls_per_file: {}
      found_paths_dict: {}

  - name: Declare syscalls found per file
    ansible.builtin.set_fact: syscalls_per_file="{{ syscalls_per_file | combine( {item.files[0].path
      :[item.item] + syscalls_per_file.get(item.files[0].path, []) } ) }}"
    loop: '{{ find_command.results | selectattr(''matched'') | list }}'

  - name: Declare files where syscalls were found
    ansible.builtin.set_fact: found_paths="{{ find_command.results | map(attribute='files')
      | flatten | map(attribute='path') | list }}"

  - name: Count occurrences of syscalls in paths
    ansible.builtin.set_fact: found_paths_dict="{{ found_paths_dict | combine({ item:1+found_paths_dict.get(item,
      0) }) }}"
    loop: '{{ find_command.results | map(attribute=''files'') | flatten | map(attribute=''path'')
      | list }}'

  - name: Get path with most syscalls
    ansible.builtin.set_fact: audit_file="{{ (found_paths_dict | dict2items() | sort(attribute='value')
      | last).key }}"
    when: found_paths | length &gt;= 1

  - name: No file with syscall found, set path to /etc/audit/rules.d/access.rules
    ansible.builtin.set_fact: audit_file="/etc/audit/rules.d/access.rules"
    when: found_paths | length == 0

  - name: Declare found syscalls
    ansible.builtin.set_fact: syscalls_found="{{ find_command.results | selectattr('matched')
      | map(attribute='item') | list }}"

  - name: Declare missing syscalls
    ansible.builtin.set_fact: missing_syscalls="{{ syscalls | difference(syscalls_found)
      }}"

  - name: Replace the audit rule in {{ audit_file }}
    ansible.builtin.lineinfile:
      path: '{{ audit_file }}'
      regexp: (-a always,exit -F arch=b32)(?=.*(?:(?:-S |,)(?:{{ syscalls_per_file[audit_file]
        | join("|") }}))\b)((?:( -S |,)\w+)+)( -F exit=-EACCES -F auid&gt;=1000 -F auid!=unset
        (?:-k |-F key=)\w+)
      line: \1\2\3{{ missing_syscalls | join("\3") }}\4
      backrefs: true
      state: present
      mode: g-rwx,o-rwx
    when: syscalls_found | length &gt; 0 and missing_syscalls | length &gt; 0

  - name: Add the audit rule to {{ audit_file }}
    ansible.builtin.lineinfile:
      path: '{{ audit_file }}'
      line: -a always,exit -F arch=b32 -S {{ syscalls | join(',') }} -F exit=-EACCES
        -F auid&gt;=1000 -F auid!=unset -F key=access
      create: true
      mode: g-rwx,o-rwx
      state: present
    when: syscalls_found | length == 0

  - name: Declare list of syscalls
    ansible.builtin.set_fact:
      syscalls:
      - open_by_handle_at
      syscall_grouping:
      - creat
      - ftruncate
      - truncate
      - open
      - openat
      - open_by_handle_at

  - name: Check existence of open_by_handle_at in /etc/audit/audit.rules
    ansible.builtin.find:
      paths: /etc/audit
      contains: -a always,exit -F arch=b32(( -S |,)\w+)*(( -S |,){{ item }})+(( -S
        |,)\w+)* -F exit=-EACCES -F auid&gt;=1000 -F auid!=unset (-k\s+|-F\s+key=)\S+\s*$
      patterns: audit.rules
    register: find_command
    loop: '{{ (syscall_grouping + syscalls) | unique }}'

  - name: Set path to /etc/audit/audit.rules
    ansible.builtin.set_fact: audit_file="/etc/audit/audit.rules"

  - name: Declare found syscalls
    ansible.builtin.set_fact: syscalls_found="{{ find_command.results | selectattr('matched')
      | map(attribute='item') | list }}"

  - name: Declare missing syscalls
    ansible.builtin.set_fact: missing_syscalls="{{ syscalls | difference(syscalls_found)
      }}"

  - name: Replace the audit rule in {{ audit_file }}
    ansible.builtin.lineinfile:
      path: '{{ audit_file }}'
      regexp: (-a always,exit -F arch=b32)(?=.*(?:(?:-S |,)(?:{{ syscalls_found |
        join("|") }}))\b)((?:( -S |,)\w+)+)( -F exit=-EACCES -F auid&gt;=1000 -F auid!=unset
        (?:-k |-F key=)\w+)
      line: \1\2\3{{ missing_syscalls | join("\3") }}\4
      backrefs: true
      state: present
      mode: g-rwx,o-rwx
    when: syscalls_found | length &gt; 0 and missing_syscalls | length &gt; 0

  - name: Add the audit rule to {{ audit_file }}
    ansible.builtin.lineinfile:
      path: '{{ audit_file }}'
      line: -a always,exit -F arch=b32 -S {{ syscalls | join(',') }} -F exit=-EACCES
        -F auid&gt;=1000 -F auid!=unset -F key=access
      create: true
      mode: g-rwx,o-rwx
      state: present
    when: syscalls_found | length == 0
  when:
  - '"audit" in ansible_facts.packages'
  - ("kernel-default" in ansible_facts.packages or "kernel-default-base" in ansible_facts.packages)
  tags:
  - CCE-85683-1
  - DISA-STIG-SLES-15-030150
  - NIST-800-171-3.1.7
  - NIST-800-53-AU-12(a)
  - NIST-800-53-AU-12(c)
  - NIST-800-53-AU-12.1(ii)
  - NIST-800-53-AU-12.1(iv)
  - NIST-800-53-AU-3
  - NIST-800-53-AU-3.1
  - NIST-800-53-MA-4(1)(a)
  - PCI-DSS-Req-10.2.1
  - PCI-DSS-Req-10.2.4
  - audit_rules_unsuccessful_file_modification_open_by_handle_at
  - low_complexity
  - low_disruption
  - medium_severity
  - reboot_required
  - restrict_strategy

- name: Perform remediation of Audit rules for open_by_handle_at EACCES for 64bit
    platform
  block:

  - name: Declare list of syscalls
    ansible.builtin.set_fact:
      syscalls:
      - open_by_handle_at
      syscall_grouping:
      - creat
      - ftruncate
      - truncate
      - open
      - openat
      - open_by_handle_at

  - name: Check existence of open_by_handle_at in /etc/audit/rules.d/
    ansible.builtin.find:
      paths: /etc/audit/rules.d
      contains: -a always,exit -F arch=b64(( -S |,)\w+)*(( -S |,){{ item }})+(( -S
        |,)\w+)* -F exit=-EACCES -F auid&gt;=1000 -F auid!=unset (-k\s+|-F\s+key=)\S+\s*$
      patterns: '*.rules'
    register: find_command
    loop: '{{ (syscall_grouping + syscalls) | unique }}'

  - name: Reset syscalls found per file
    ansible.builtin.set_fact:
      syscalls_per_file: {}
      found_paths_dict: {}

  - name: Declare syscalls found per file
    ansible.builtin.set_fact: syscalls_per_file="{{ syscalls_per_file | combine( {item.files[0].path
      :[item.item] + syscalls_per_file.get(item.files[0].path, []) } ) }}"
    loop: '{{ find_command.results | selectattr(''matched'') | list }}'

  - name: Declare files where syscalls were found
    ansible.builtin.set_fact: found_paths="{{ find_command.results | map(attribute='files')
      | flatten | map(attribute='path') | list }}"

  - name: Count occurrences of syscalls in paths
    ansible.builtin.set_fact: found_paths_dict="{{ found_paths_dict | combine({ item:1+found_paths_dict.get(item,
      0) }) }}"
    loop: '{{ find_command.results | map(attribute=''files'') | flatten | map(attribute=''path'')
      | list }}'

  - name: Get path with most syscalls
    ansible.builtin.set_fact: audit_file="{{ (found_paths_dict | dict2items() | sort(attribute='value')
      | last).key }}"
    when: found_paths | length &gt;= 1

  - name: No file with syscall found, set path to /etc/audit/rules.d/access.rules
    ansible.builtin.set_fact: audit_file="/etc/audit/rules.d/access.rules"
    when: found_paths | length == 0

  - name: Declare found syscalls
    ansible.builtin.set_fact: syscalls_found="{{ find_command.results | selectattr('matched')
      | map(attribute='item') | list }}"

  - name: Declare missing syscalls
    ansible.builtin.set_fact: missing_syscalls="{{ syscalls | difference(syscalls_found)
      }}"

  - name: Replace the audit rule in {{ audit_file }}
    ansible.builtin.lineinfile:
      path: '{{ audit_file }}'
      regexp: (-a always,exit -F arch=b64)(?=.*(?:(?:-S |,)(?:{{ syscalls_per_file[audit_file]
        | join("|") }}))\b)((?:( -S |,)\w+)+)( -F exit=-EACCES -F auid&gt;=1000 -F auid!=unset
        (?:-k |-F key=)\w+)
      line: \1\2\3{{ missing_syscalls | join("\3") }}\4
      backrefs: true
      state: present
      mode: g-rwx,o-rwx
    when: syscalls_found | length &gt; 0 and missing_syscalls | length &gt; 0

  - name: Add the audit rule to {{ audit_file }}
    ansible.builtin.lineinfile:
      path: '{{ audit_file }}'
      line: -a always,exit -F arch=b64 -S {{ syscalls | join(',') }} -F exit=-EACCES
        -F auid&gt;=1000 -F auid!=unset -F key=access
      create: true
      mode: g-rwx,o-rwx
      state: present
    when: syscalls_found | length == 0

  - name: Declare list of syscalls
    ansible.builtin.set_fact:
      syscalls:
      - open_by_handle_at
      syscall_grouping:
      - creat
      - ftruncate
      - truncate
      - open
      - openat
      - open_by_handle_at

  - name: Check existence of open_by_handle_at in /etc/audit/audit.rules
    ansible.builtin.find:
      paths: /etc/audit
      contains: -a always,exit -F arch=b64(( -S |,)\w+)*(( -S |,){{ item }})+(( -S
        |,)\w+)* -F exit=-EACCES -F auid&gt;=1000 -F auid!=unset (-k\s+|-F\s+key=)\S+\s*$
      patterns: audit.rules
    register: find_command
    loop: '{{ (syscall_grouping + syscalls) | unique }}'

  - name: Set path to /etc/audit/audit.rules
    ansible.builtin.set_fact: audit_file="/etc/audit/audit.rules"

  - name: Declare found syscalls
    ansible.builtin.set_fact: syscalls_found="{{ find_command.results | selectattr('matched')
      | map(attribute='item') | list }}"

  - name: Declare missing syscalls
    ansible.builtin.set_fact: missing_syscalls="{{ syscalls | difference(syscalls_found)
      }}"

  - name: Replace the audit rule in {{ audit_file }}
    ansible.builtin.lineinfile:
      path: '{{ audit_file }}'
      regexp: (-a always,exit -F arch=b64)(?=.*(?:(?:-S |,)(?:{{ syscalls_found |
        join("|") }}))\b)((?:( -S |,)\w+)+)( -F exit=-EACCES -F auid&gt;=1000 -F auid!=unset
        (?:-k |-F key=)\w+)
      line: \1\2\3{{ missing_syscalls | join("\3") }}\4
      backrefs: true
      state: present
      mode: g-rwx,o-rwx
    when: syscalls_found | length &gt; 0 and missing_syscalls | length &gt; 0

  - name: Add the audit rule to {{ audit_file }}
    ansible.builtin.lineinfile:
      path: '{{ audit_file }}'
      line: -a always,exit -F arch=b64 -S {{ syscalls | join(',') }} -F exit=-EACCES
        -F auid&gt;=1000 -F auid!=unset -F key=access
      create: true
      mode: g-rwx,o-rwx
      state: present
    when: syscalls_found | length == 0
  when:
  - '"audit" in ansible_facts.packages'
  - ("kernel-default" in ansible_facts.packages or "kernel-default-base" in ansible_facts.packages)
  - audit_arch == "b64"
  tags:
  - CCE-85683-1
  - DISA-STIG-SLES-15-030150
  - NIST-800-171-3.1.7
  - NIST-800-53-AU-12(a)
  - NIST-800-53-AU-12(c)
  - NIST-800-53-AU-12.1(ii)
  - NIST-800-53-AU-12.1(iv)
  - NIST-800-53-AU-3
  - NIST-800-53-AU-3.1
  - NIST-800-53-MA-4(1)(a)
  - PCI-DSS-Req-10.2.1
  - PCI-DSS-Req-10.2.4
  - audit_rules_unsuccessful_file_modification_open_by_handle_at
  - low_complexity
  - low_disruption
  - medium_severity
  - reboot_required
  - restrict_strategy

- name: Perform remediation of Audit rules for open_by_handle_at EPERM for 32bit platform
  block:

  - name: Declare list of syscalls
    ansible.builtin.set_fact:
      syscalls:
      - open_by_handle_at
      syscall_grouping:
      - creat
      - ftruncate
      - truncate
      - open
      - openat
      - open_by_handle_at

  - name: Check existence of open_by_handle_at in /etc/audit/rules.d/
    ansible.builtin.find:
      paths: /etc/audit/rules.d
      contains: -a always,exit -F arch=b32(( -S |,)\w+)*(( -S |,){{ item }})+(( -S
        |,)\w+)* -F exit=-EPERM -F auid&gt;=1000 -F auid!=unset (-k\s+|-F\s+key=)\S+\s*$
      patterns: '*.rules'
    register: find_command
    loop: '{{ (syscall_grouping + syscalls) | unique }}'

  - name: Reset syscalls found per file
    ansible.builtin.set_fact:
      syscalls_per_file: {}
      found_paths_dict: {}

  - name: Declare syscalls found per file
    ansible.builtin.set_fact: syscalls_per_file="{{ syscalls_per_file | combine( {item.files[0].path
      :[item.item] + syscalls_per_file.get(item.files[0].path, []) } ) }}"
    loop: '{{ find_command.results | selectattr(''matched'') | list }}'

  - name: Declare files where syscalls were found
    ansible.builtin.set_fact: found_paths="{{ find_command.results | map(attribute='files')
      | flatten | map(attribute='path') | list }}"

  - name: Count occurrences of syscalls in paths
    ansible.builtin.set_fact: found_paths_dict="{{ found_paths_dict | combine({ item:1+found_paths_dict.get(item,
      0) }) }}"
    loop: '{{ find_command.results | map(attribute=''files'') | flatten | map(attribute=''path'')
      | list }}'

  - name: Get path with most syscalls
    ansible.builtin.set_fact: audit_file="{{ (found_paths_dict | dict2items() | sort(attribute='value')
      | last).key }}"
    when: found_paths | length &gt;= 1

  - name: No file with syscall found, set path to /etc/audit/rules.d/access.rules
    ansible.builtin.set_fact: audit_file="/etc/audit/rules.d/access.rules"
    when: found_paths | length == 0

  - name: Declare found syscalls
    ansible.builtin.set_fact: syscalls_found="{{ find_command.results | selectattr('matched')
      | map(attribute='item') | list }}"

  - name: Declare missing syscalls
    ansible.builtin.set_fact: missing_syscalls="{{ syscalls | difference(syscalls_found)
      }}"

  - name: Replace the audit rule in {{ audit_file }}
    ansible.builtin.lineinfile:
      path: '{{ audit_file }}'
      regexp: (-a always,exit -F arch=b32)(?=.*(?:(?:-S |,)(?:{{ syscalls_per_file[audit_file]
        | join("|") }}))\b)((?:( -S |,)\w+)+)( -F exit=-EPERM -F auid&gt;=1000 -F auid!=unset
        (?:-k |-F key=)\w+)
      line: \1\2\3{{ missing_syscalls | join("\3") }}\4
      backrefs: true
      state: present
      mode: g-rwx,o-rwx
    when: syscalls_found | length &gt; 0 and missing_syscalls | length &gt; 0

  - name: Add the audit rule to {{ audit_file }}
    ansible.builtin.lineinfile:
      path: '{{ audit_file }}'
      line: -a always,exit -F arch=b32 -S {{ syscalls | join(',') }} -F exit=-EPERM
        -F auid&gt;=1000 -F auid!=unset -F key=access
      create: true
      mode: g-rwx,o-rwx
      state: present
    when: syscalls_found | length == 0

  - name: Declare list of syscalls
    ansible.builtin.set_fact:
      syscalls:
      - open_by_handle_at
      syscall_grouping:
      - creat
      - ftruncate
      - truncate
      - open
      - openat
      - open_by_handle_at

  - name: Check existence of open_by_handle_at in /etc/audit/audit.rules
    ansible.builtin.find:
      paths: /etc/audit
      contains: -a always,exit -F arch=b32(( -S |,)\w+)*(( -S |,){{ item }})+(( -S
        |,)\w+)* -F exit=-EPERM -F auid&gt;=1000 -F auid!=unset (-k\s+|-F\s+key=)\S+\s*$
      patterns: audit.rules
    register: find_command
    loop: '{{ (syscall_grouping + syscalls) | unique }}'

  - name: Set path to /etc/audit/audit.rules
    ansible.builtin.set_fact: audit_file="/etc/audit/audit.rules"

  - name: Declare found syscalls
    ansible.builtin.set_fact: syscalls_found="{{ find_command.results | selectattr('matched')
      | map(attribute='item') | list }}"

  - name: Declare missing syscalls
    ansible.builtin.set_fact: missing_syscalls="{{ syscalls | difference(syscalls_found)
      }}"

  - name: Replace the audit rule in {{ audit_file }}
    ansible.builtin.lineinfile:
      path: '{{ audit_file }}'
      regexp: (-a always,exit -F arch=b32)(?=.*(?:(?:-S |,)(?:{{ syscalls_found |
        join("|") }}))\b)((?:( -S |,)\w+)+)( -F exit=-EPERM -F auid&gt;=1000 -F auid!=unset
        (?:-k |-F key=)\w+)
      line: \1\2\3{{ missing_syscalls | join("\3") }}\4
      backrefs: true
      state: present
      mode: g-rwx,o-rwx
    when: syscalls_found | length &gt; 0 and missing_syscalls | length &gt; 0

  - name: Add the audit rule to {{ audit_file }}
    ansible.builtin.lineinfile:
      path: '{{ audit_file }}'
      line: -a always,exit -F arch=b32 -S {{ syscalls | join(',') }} -F exit=-EPERM
        -F auid&gt;=1000 -F auid!=unset -F key=access
      create: true
      mode: g-rwx,o-rwx
      state: present
    when: syscalls_found | length == 0
  when:
  - '"audit" in ansible_facts.packages'
  - ("kernel-default" in ansible_facts.packages or "kernel-default-base" in ansible_facts.packages)
  tags:
  - CCE-85683-1
  - DISA-STIG-SLES-15-030150
  - NIST-800-171-3.1.7
  - NIST-800-53-AU-12(a)
  - NIST-800-53-AU-12(c)
  - NIST-800-53-AU-12.1(ii)
  - NIST-800-53-AU-12.1(iv)
  - NIST-800-53-AU-3
  - NIST-800-53-AU-3.1
  - NIST-800-53-MA-4(1)(a)
  - PCI-DSS-Req-10.2.1
  - PCI-DSS-Req-10.2.4
  - audit_rules_unsuccessful_file_modification_open_by_handle_at
  - low_complexity
  - low_disruption
  - medium_severity
  - reboot_required
  - restrict_strategy

- name: Perform remediation of Audit rules for open_by_handle_at EPERM for 64bit platform
  block:

  - name: Declare list of syscalls
    ansible.builtin.set_fact:
      syscalls:
      - open_by_handle_at
      syscall_grouping:
      - creat
      - ftruncate
      - truncate
      - open
      - openat
      - open_by_handle_at

  - name: Check existence of open_by_handle_at in /etc/audit/rules.d/
    ansible.builtin.find:
      paths: /etc/audit/rules.d
      contains: -a always,exit -F arch=b64(( -S |,)\w+)*(( -S |,){{ item }})+(( -S
        |,)\w+)* -F exit=-EPERM -F auid&gt;=1000 -F auid!=unset (-k\s+|-F\s+key=)\S+\s*$
      patterns: '*.rules'
    register: find_command
    loop: '{{ (syscall_grouping + syscalls) | unique }}'

  - name: Reset syscalls found per file
    ansible.builtin.set_fact:
      syscalls_per_file: {}
      found_paths_dict: {}

  - name: Declare syscalls found per file
    ansible.builtin.set_fact: syscalls_per_file="{{ syscalls_per_file | combine( {item.files[0].path
      :[item.item] + syscalls_per_file.get(item.files[0].path, []) } ) }}"
    loop: '{{ find_command.results | selectattr(''matched'') | list }}'

  - name: Declare files where syscalls were found
    ansible.builtin.set_fact: found_paths="{{ find_command.results | map(attribute='files')
      | flatten | map(attribute='path') | list }}"

  - name: Count occurrences of syscalls in paths
    ansible.builtin.set_fact: found_paths_dict="{{ found_paths_dict | combine({ item:1+found_paths_dict.get(item,
      0) }) }}"
    loop: '{{ find_command.results | map(attribute=''files'') | flatten | map(attribute=''path'')
      | list }}'

  - name: Get path with most syscalls
    ansible.builtin.set_fact: audit_file="{{ (found_paths_dict | dict2items() | sort(attribute='value')
      | last).key }}"
    when: found_paths | length &gt;= 1

  - name: No file with syscall found, set path to /etc/audit/rules.d/access.rules
    ansible.builtin.set_fact: audit_file="/etc/audit/rules.d/access.rules"
    when: found_paths | length == 0

  - name: Declare found syscalls
    ansible.builtin.set_fact: syscalls_found="{{ find_command.results | selectattr('matched')
      | map(attribute='item') | list }}"

  - name: Declare missing syscalls
    ansible.builtin.set_fact: missing_syscalls="{{ syscalls | difference(syscalls_found)
      }}"

  - name: Replace the audit rule in {{ audit_file }}
    ansible.builtin.lineinfile:
      path: '{{ audit_file }}'
      regexp: (-a always,exit -F arch=b64)(?=.*(?:(?:-S |,)(?:{{ syscalls_per_file[audit_file]
        | join("|") }}))\b)((?:( -S |,)\w+)+)( -F exit=-EPERM -F auid&gt;=1000 -F auid!=unset
        (?:-k |-F key=)\w+)
      line: \1\2\3{{ missing_syscalls | join("\3") }}\4
      backrefs: true
      state: present
      mode: g-rwx,o-rwx
    when: syscalls_found | length &gt; 0 and missing_syscalls | length &gt; 0

  - name: Add the audit rule to {{ audit_file }}
    ansible.builtin.lineinfile:
      path: '{{ audit_file }}'
      line: -a always,exit -F arch=b64 -S {{ syscalls | join(',') }} -F exit=-EPERM
        -F auid&gt;=1000 -F auid!=unset -F key=access
      create: true
      mode: g-rwx,o-rwx
      state: present
    when: syscalls_found | length == 0

  - name: Declare list of syscalls
    ansible.builtin.set_fact:
      syscalls:
      - open_by_handle_at
      syscall_grouping:
      - creat
      - ftruncate
      - truncate
      - open
      - openat
      - open_by_handle_at

  - name: Check existence of open_by_handle_at in /etc/audit/audit.rules
    ansible.builtin.find:
      paths: /etc/audit
      contains: -a always,exit -F arch=b64(( -S |,)\w+)*(( -S |,){{ item }})+(( -S
        |,)\w+)* -F exit=-EPERM -F auid&gt;=1000 -F auid!=unset (-k\s+|-F\s+key=)\S+\s*$
      patterns: audit.rules
    register: find_command
    loop: '{{ (syscall_grouping + syscalls) | unique }}'

  - name: Set path to /etc/audit/audit.rules
    ansible.builtin.set_fact: audit_file="/etc/audit/audit.rules"

  - name: Declare found syscalls
    ansible.builtin.set_fact: syscalls_found="{{ find_command.results | selectattr('matched')
      | map(attribute='item') | list }}"

  - name: Declare missing syscalls
    ansible.builtin.set_fact: missing_syscalls="{{ syscalls | difference(syscalls_found)
      }}"

  - name: Replace the audit rule in {{ audit_file }}
    ansible.builtin.lineinfile:
      path: '{{ audit_file }}'
      regexp: (-a always,exit -F arch=b64)(?=.*(?:(?:-S |,)(?:{{ syscalls_found |
        join("|") }}))\b)((?:( -S |,)\w+)+)( -F exit=-EPERM -F auid&gt;=1000 -F auid!=unset
        (?:-k |-F key=)\w+)
      line: \1\2\3{{ missing_syscalls | join("\3") }}\4
      backrefs: true
      state: present
      mode: g-rwx,o-rwx
    when: syscalls_found | length &gt; 0 and missing_syscalls | length &gt; 0

  - name: Add the audit rule to {{ audit_file }}
    ansible.builtin.lineinfile:
      path: '{{ audit_file }}'
      line: -a always,exit -F arch=b64 -S {{ syscalls | join(',') }} -F exit=-EPERM
        -F auid&gt;=1000 -F auid!=unset -F key=access
      create: true
      mode: g-rwx,o-rwx
      state: present
    when: syscalls_found | length == 0
  when:
  - '"audit" in ansible_facts.packages'
  - ("kernel-default" in ansible_facts.packages or "kernel-default-base" in ansible_facts.packages)
  - audit_arch == "b64"
  tags:
  - CCE-85683-1
  - DISA-STIG-SLES-15-030150
  - NIST-800-171-3.1.7
  - NIST-800-53-AU-12(a)
  - NIST-800-53-AU-12(c)
  - NIST-800-53-AU-12.1(ii)
  - NIST-800-53-AU-12.1(iv)
  - NIST-800-53-AU-3
  - NIST-800-53-AU-3.1
  - NIST-800-53-MA-4(1)(a)
  - PCI-DSS-Req-10.2.1
  - PCI-DSS-Req-10.2.4
  - audit_rules_unsuccessful_file_modification_open_by_handle_at
  - low_complexity
  - low_disruption
  - medium_severity
  - reboot_required
  - restrict_strategy
</fix>
          <check system="http://oval.mitre.org/XMLSchema/oval-definitions-5">
            <check-content-ref name="oval:ssg-audit_rules_unsuccessful_file_modification_open_by_handle_at:def:1" href="ssg-sle15-oval.xml"/>
          </check>
          <check system="http://scap.nist.gov/schema/ocil/2">
            <check-content-ref name="ocil:ssg-audit_rules_unsuccessful_file_modification_open_by_handle_at_ocil:questionnaire:1" href="ssg-sle15-ocil.xml"/>
          </check>
        </Rule>
        <Rule id="xccdf_org.ssgproject.content_rule_audit_rules_unsuccessful_file_modification_openat" selected="false" role="full" severity="medium">
          <title xmlns:xhtml="http://www.w3.org/1999/xhtml" xml:lang="en-US">Record Unsuccessful Access Attempts to Files - openat</title>
          <description xmlns:xhtml="http://www.w3.org/1999/xhtml" xml:lang="en-US">At a minimum, the audit system should collect unauthorized file
accesses for all users and root. If the <html:code xmlns:html="http://www.w3.org/1999/xhtml">auditd</html:code> daemon is configured
to use the <html:code xmlns:html="http://www.w3.org/1999/xhtml">augenrules</html:code> program to read audit rules during daemon
startup (the default), add the following lines to a file with suffix
<html:code xmlns:html="http://www.w3.org/1999/xhtml">.rules</html:code> in the directory <html:code xmlns:html="http://www.w3.org/1999/xhtml">/etc/audit/rules.d</html:code>:
<html:pre xmlns:html="http://www.w3.org/1999/xhtml">-a always,exit -F arch=b32 -S openat -F exit=-EACCES -F auid&gt;=1000 -F auid!=unset -F key=access
-a always,exit -F arch=b32 -S openat -F exit=-EPERM -F auid&gt;=1000 -F auid!=unset -F key=access</html:pre>

If the system is 64 bit then also add the following lines:
<html:pre xmlns:html="http://www.w3.org/1999/xhtml">
-a always,exit -F arch=b64 -S openat -F exit=-EACCES -F auid&gt;=1000 -F auid!=unset -F key=access
-a always,exit -F arch=b64 -S openat -F exit=-EPERM -F auid&gt;=1000 -F auid!=unset -F key=access</html:pre>

If the <html:code xmlns:html="http://www.w3.org/1999/xhtml">auditd</html:code> daemon is configured to use the <html:code xmlns:html="http://www.w3.org/1999/xhtml">auditctl</html:code>
utility to read audit rules during daemon startup, add the following lines to
<html:code xmlns:html="http://www.w3.org/1999/xhtml">/etc/audit/audit.rules</html:code> file:
<html:pre xmlns:html="http://www.w3.org/1999/xhtml">-a always,exit -F arch=b32 -S openat -F exit=-EACCES -F auid&gt;=1000 -F auid!=unset -F key=access
-a always,exit -F arch=b32 -S openat -F exit=-EPERM -F auid&gt;=1000 -F auid!=unset -F key=access</html:pre>

If the system is 64 bit then also add the following lines:
<html:pre xmlns:html="http://www.w3.org/1999/xhtml">
-a always,exit -F arch=b64 -S openat -F exit=-EACCES -F auid&gt;=1000 -F auid!=unset -F key=access
-a always,exit -F arch=b64 -S openat -F exit=-EPERM -F auid&gt;=1000 -F auid!=unset -F key=access</html:pre>
       </description>
          <warning xmlns:xhtml="http://www.w3.org/1999/xhtml" xml:lang="en-US" category="general">Note that these rules can be configured in a
number of ways while still achieving the desired effect. Here the system calls
have been placed independent of other system calls. Grouping these system
calls with others as identifying earlier in this guide is more efficient.</warning>
          <reference href="https://www.cisecurity.org/controls/">1</reference>
          <reference href="https://www.cisecurity.org/controls/">11</reference>
          <reference href="https://www.cisecurity.org/controls/">12</reference>
          <reference href="https://www.cisecurity.org/controls/">13</reference>
          <reference href="https://www.cisecurity.org/controls/">14</reference>
          <reference href="https://www.cisecurity.org/controls/">15</reference>
          <reference href="https://www.cisecurity.org/controls/">16</reference>
          <reference href="https://www.cisecurity.org/controls/">19</reference>
          <reference href="https://www.cisecurity.org/controls/">2</reference>
          <reference href="https://www.cisecurity.org/controls/">3</reference>
          <reference href="https://www.cisecurity.org/controls/">4</reference>
          <reference href="https://www.cisecurity.org/controls/">5</reference>
          <reference href="https://www.cisecurity.org/controls/">6</reference>
          <reference href="https://www.cisecurity.org/controls/">7</reference>
          <reference href="https://www.cisecurity.org/controls/">8</reference>
          <reference href="https://www.cisecurity.org/controls/">9</reference>
          <reference href="https://www.isaca.org/resources/cobit">APO10.01</reference>
          <reference href="https://www.isaca.org/resources/cobit">APO10.03</reference>
          <reference href="https://www.isaca.org/resources/cobit">APO10.04</reference>
          <reference href="https://www.isaca.org/resources/cobit">APO10.05</reference>
          <reference href="https://www.isaca.org/resources/cobit">APO11.04</reference>
          <reference href="https://www.isaca.org/resources/cobit">APO12.06</reference>
          <reference href="https://www.isaca.org/resources/cobit">APO13.01</reference>
          <reference href="https://www.isaca.org/resources/cobit">BAI03.05</reference>
          <reference href="https://www.isaca.org/resources/cobit">BAI08.02</reference>
          <reference href="https://www.isaca.org/resources/cobit">DSS01.03</reference>
          <reference href="https://www.isaca.org/resources/cobit">DSS01.04</reference>
          <reference href="https://www.isaca.org/resources/cobit">DSS02.02</reference>
          <reference href="https://www.isaca.org/resources/cobit">DSS02.04</reference>
          <reference href="https://www.isaca.org/resources/cobit">DSS02.07</reference>
          <reference href="https://www.isaca.org/resources/cobit">DSS03.01</reference>
          <reference href="https://www.isaca.org/resources/cobit">DSS03.05</reference>
          <reference href="https://www.isaca.org/resources/cobit">DSS05.02</reference>
          <reference href="https://www.isaca.org/resources/cobit">DSS05.03</reference>
          <reference href="https://www.isaca.org/resources/cobit">DSS05.04</reference>
          <reference href="https://www.isaca.org/resources/cobit">DSS05.05</reference>
          <reference href="https://www.isaca.org/resources/cobit">DSS05.07</reference>
          <reference href="https://www.isaca.org/resources/cobit">MEA01.01</reference>
          <reference href="https://www.isaca.org/resources/cobit">MEA01.02</reference>
          <reference href="https://www.isaca.org/resources/cobit">MEA01.03</reference>
          <reference href="https://www.isaca.org/resources/cobit">MEA01.04</reference>
          <reference href="https://www.isaca.org/resources/cobit">MEA01.05</reference>
          <reference href="https://www.isaca.org/resources/cobit">MEA02.01</reference>
          <reference href="http://nvlpubs.nist.gov/nistpubs/SpecialPublications/NIST.SP.800-171.pdf">3.1.7</reference>
          <reference href="https://www.gpo.gov/fdsys/pkg/CFR-2007-title45-vol1/pdf/CFR-2007-title45-vol1-chapA-subchapC.pdf">164.308(a)(1)(ii)(D)</reference>
          <reference href="https://www.gpo.gov/fdsys/pkg/CFR-2007-title45-vol1/pdf/CFR-2007-title45-vol1-chapA-subchapC.pdf">164.308(a)(3)(ii)(A)</reference>
          <reference href="https://www.gpo.gov/fdsys/pkg/CFR-2007-title45-vol1/pdf/CFR-2007-title45-vol1-chapA-subchapC.pdf">164.308(a)(5)(ii)(C)</reference>
          <reference href="https://www.gpo.gov/fdsys/pkg/CFR-2007-title45-vol1/pdf/CFR-2007-title45-vol1-chapA-subchapC.pdf">164.312(a)(2)(i)</reference>
          <reference href="https://www.gpo.gov/fdsys/pkg/CFR-2007-title45-vol1/pdf/CFR-2007-title45-vol1-chapA-subchapC.pdf">164.312(b)</reference>
          <reference href="https://www.gpo.gov/fdsys/pkg/CFR-2007-title45-vol1/pdf/CFR-2007-title45-vol1-chapA-subchapC.pdf">164.312(d)</reference>
          <reference href="https://www.gpo.gov/fdsys/pkg/CFR-2007-title45-vol1/pdf/CFR-2007-title45-vol1-chapA-subchapC.pdf">164.312(e)</reference>
          <reference href="https://www.isa.org/products/isa-62443-2-1-2009-security-for-industrial-automat">4.2.3.10</reference>
          <reference href="https://www.isa.org/products/isa-62443-2-1-2009-security-for-industrial-automat">4.3.2.6.7</reference>
          <reference href="https://www.isa.org/products/isa-62443-2-1-2009-security-for-industrial-automat">4.3.3.3.9</reference>
          <reference href="https://www.isa.org/products/isa-62443-2-1-2009-security-for-industrial-automat">4.3.3.5.8</reference>
          <reference href="https://www.isa.org/products/isa-62443-2-1-2009-security-for-industrial-automat">4.3.3.6.6</reference>
          <reference href="https://www.isa.org/products/isa-62443-2-1-2009-security-for-industrial-automat">4.3.4.4.7</reference>
          <reference href="https://www.isa.org/products/isa-62443-2-1-2009-security-for-industrial-automat">4.3.4.5.6</reference>
          <reference href="https://www.isa.org/products/isa-62443-2-1-2009-security-for-industrial-automat">4.3.4.5.7</reference>
          <reference href="https://www.isa.org/products/isa-62443-2-1-2009-security-for-industrial-automat">4.3.4.5.8</reference>
          <reference href="https://www.isa.org/products/isa-62443-2-1-2009-security-for-industrial-automat">4.4.2.1</reference>
          <reference href="https://www.isa.org/products/isa-62443-2-1-2009-security-for-industrial-automat">4.4.2.2</reference>
          <reference href="https://www.isa.org/products/isa-62443-2-1-2009-security-for-industrial-automat">4.4.2.4</reference>
          <reference href="https://www.isa.org/products/ansi-isa-62443-3-3-99-03-03-2013-security-for-indu">SR 1.13</reference>
          <reference href="https://www.isa.org/products/ansi-isa-62443-3-3-99-03-03-2013-security-for-indu">SR 2.10</reference>
          <reference href="https://www.isa.org/products/ansi-isa-62443-3-3-99-03-03-2013-security-for-indu">SR 2.11</reference>
          <reference href="https://www.isa.org/products/ansi-isa-62443-3-3-99-03-03-2013-security-for-indu">SR 2.12</reference>
          <reference href="https://www.isa.org/products/ansi-isa-62443-3-3-99-03-03-2013-security-for-indu">SR 2.6</reference>
          <reference href="https://www.isa.org/products/ansi-isa-62443-3-3-99-03-03-2013-security-for-indu">SR 2.8</reference>
          <reference href="https://www.isa.org/products/ansi-isa-62443-3-3-99-03-03-2013-security-for-indu">SR 2.9</reference>
          <reference href="https://www.isa.org/products/ansi-isa-62443-3-3-99-03-03-2013-security-for-indu">SR 3.1</reference>
          <reference href="https://www.isa.org/products/ansi-isa-62443-3-3-99-03-03-2013-security-for-indu">SR 3.5</reference>
          <reference href="https://www.isa.org/products/ansi-isa-62443-3-3-99-03-03-2013-security-for-indu">SR 3.8</reference>
          <reference href="https://www.isa.org/products/ansi-isa-62443-3-3-99-03-03-2013-security-for-indu">SR 4.1</reference>
          <reference href="https://www.isa.org/products/ansi-isa-62443-3-3-99-03-03-2013-security-for-indu">SR 4.3</reference>
          <reference href="https://www.isa.org/products/ansi-isa-62443-3-3-99-03-03-2013-security-for-indu">SR 5.1</reference>
          <reference href="https://www.isa.org/products/ansi-isa-62443-3-3-99-03-03-2013-security-for-indu">SR 5.2</reference>
          <reference href="https://www.isa.org/products/ansi-isa-62443-3-3-99-03-03-2013-security-for-indu">SR 5.3</reference>
          <reference href="https://www.isa.org/products/ansi-isa-62443-3-3-99-03-03-2013-security-for-indu">SR 6.1</reference>
          <reference href="https://www.isa.org/products/ansi-isa-62443-3-3-99-03-03-2013-security-for-indu">SR 6.2</reference>
          <reference href="https://www.isa.org/products/ansi-isa-62443-3-3-99-03-03-2013-security-for-indu">SR 7.1</reference>
          <reference href="https://www.isa.org/products/ansi-isa-62443-3-3-99-03-03-2013-security-for-indu">SR 7.6</reference>
          <reference href="https://www.iso.org/contents/data/standard/05/45/54534.html">A.11.2.6</reference>
          <reference href="https://www.iso.org/contents/data/standard/05/45/54534.html">A.12.4.1</reference>
          <reference href="https://www.iso.org/contents/data/standard/05/45/54534.html">A.12.4.2</reference>
          <reference href="https://www.iso.org/contents/data/standard/05/45/54534.html">A.12.4.3</reference>
          <reference href="https://www.iso.org/contents/data/standard/05/45/54534.html">A.12.4.4</reference>
          <reference href="https://www.iso.org/contents/data/standard/05/45/54534.html">A.12.7.1</reference>
          <reference href="https://www.iso.org/contents/data/standard/05/45/54534.html">A.13.1.1</reference>
          <reference href="https://www.iso.org/contents/data/standard/05/45/54534.html">A.13.2.1</reference>
          <reference href="https://www.iso.org/contents/data/standard/05/45/54534.html">A.14.1.3</reference>
          <reference href="https://www.iso.org/contents/data/standard/05/45/54534.html">A.14.2.7</reference>
          <reference href="https://www.iso.org/contents/data/standard/05/45/54534.html">A.15.2.1</reference>
          <reference href="https://www.iso.org/contents/data/standard/05/45/54534.html">A.15.2.2</reference>
          <reference href="https://www.iso.org/contents/data/standard/05/45/54534.html">A.16.1.4</reference>
          <reference href="https://www.iso.org/contents/data/standard/05/45/54534.html">A.16.1.5</reference>
          <reference href="https://www.iso.org/contents/data/standard/05/45/54534.html">A.16.1.7</reference>
          <reference href="https://www.iso.org/contents/data/standard/05/45/54534.html">A.6.2.1</reference>
          <reference href="https://www.iso.org/contents/data/standard/05/45/54534.html">A.6.2.2</reference>
          <reference href="http://nvlpubs.nist.gov/nistpubs/SpecialPublications/NIST.SP.800-53r4.pdf">AU-12(a)</reference>
          <reference href="http://nvlpubs.nist.gov/nistpubs/SpecialPublications/NIST.SP.800-53r4.pdf">AU-12.1(ii)</reference>
          <reference href="http://nvlpubs.nist.gov/nistpubs/SpecialPublications/NIST.SP.800-53r4.pdf">AU-12(c)</reference>
          <reference href="http://nvlpubs.nist.gov/nistpubs/SpecialPublications/NIST.SP.800-53r4.pdf">AU-12.1(iv)</reference>
          <reference href="http://nvlpubs.nist.gov/nistpubs/SpecialPublications/NIST.SP.800-53r4.pdf">AU-3</reference>
          <reference href="http://nvlpubs.nist.gov/nistpubs/SpecialPublications/NIST.SP.800-53r4.pdf">AU-3.1</reference>
          <reference href="http://nvlpubs.nist.gov/nistpubs/SpecialPublications/NIST.SP.800-53r4.pdf">MA-4(1)(a)</reference>
          <reference href="https://nvlpubs.nist.gov/nistpubs/CSWP/NIST.CSWP.04162018.pdf">DE.AE-3</reference>
          <reference href="https://nvlpubs.nist.gov/nistpubs/CSWP/NIST.CSWP.04162018.pdf">DE.AE-5</reference>
          <reference href="https://nvlpubs.nist.gov/nistpubs/CSWP/NIST.CSWP.04162018.pdf">DE.CM-1</reference>
          <reference href="https://nvlpubs.nist.gov/nistpubs/CSWP/NIST.CSWP.04162018.pdf">DE.CM-3</reference>
          <reference href="https://nvlpubs.nist.gov/nistpubs/CSWP/NIST.CSWP.04162018.pdf">DE.CM-7</reference>
          <reference href="https://nvlpubs.nist.gov/nistpubs/CSWP/NIST.CSWP.04162018.pdf">ID.SC-4</reference>
          <reference href="https://nvlpubs.nist.gov/nistpubs/CSWP/NIST.CSWP.04162018.pdf">PR.AC-3</reference>
          <reference href="https://nvlpubs.nist.gov/nistpubs/CSWP/NIST.CSWP.04162018.pdf">PR.PT-1</reference>
          <reference href="https://nvlpubs.nist.gov/nistpubs/CSWP/NIST.CSWP.04162018.pdf">PR.PT-4</reference>
          <reference href="https://nvlpubs.nist.gov/nistpubs/CSWP/NIST.CSWP.04162018.pdf">RS.AN-1</reference>
          <reference href="https://nvlpubs.nist.gov/nistpubs/CSWP/NIST.CSWP.04162018.pdf">RS.AN-4</reference>
          <reference href="https://www.pcisecuritystandards.org/documents/PCI_DSS_v3-2-1.pdf">Req-10.2.4</reference>
          <reference href="https://www.pcisecuritystandards.org/documents/PCI_DSS_v3-2-1.pdf">Req-10.2.1</reference>
          <reference href="https://www.cyber.mil/stigs/downloads/?_dl_facet_stigs=operating-systems%2Cgeneral-purpose-os">SRG-OS-000037-GPOS-00015</reference>
          <reference href="https://www.cyber.mil/stigs/downloads/?_dl_facet_stigs=operating-systems%2Cgeneral-purpose-os">SRG-OS-000042-GPOS-00020</reference>
          <reference href="https://www.cyber.mil/stigs/downloads/?_dl_facet_stigs=operating-systems%2Cgeneral-purpose-os">SRG-OS-000062-GPOS-00031</reference>
          <reference href="https://www.cyber.mil/stigs/downloads/?_dl_facet_stigs=operating-systems%2Cgeneral-purpose-os">SRG-OS-000392-GPOS-00172</reference>
          <reference href="https://www.cyber.mil/stigs/downloads/?_dl_facet_stigs=operating-systems%2Cgeneral-purpose-os">SRG-OS-000462-GPOS-00206</reference>
          <reference href="https://www.cyber.mil/stigs/downloads/?_dl_facet_stigs=operating-systems%2Cgeneral-purpose-os">SRG-OS-000471-GPOS-00215</reference>
          <reference href="https://www.cyber.mil/stigs/downloads/?_dl_facet_stigs=operating-systems%2Cgeneral-purpose-os">SRG-OS-000064-GPOS-00033</reference>
          <reference href="https://www.cyber.mil/stigs/downloads/?_dl_facet_stigs=operating-systems%2Cgeneral-purpose-os">SRG-OS-000458-GPOS-00203</reference>
          <reference href="https://www.cyber.mil/stigs/downloads/?_dl_facet_stigs=operating-systems%2Cgeneral-purpose-os">SRG-OS-000461-GPOS-00205</reference>
          <reference href="https://www.cyber.mil/stigs/downloads/?_dl_facet_stigs=app-security">SRG-APP-000495-CTR-001235</reference>
          <reference href="https://www.cyber.mil/stigs/downloads/?_dl_facet_stigs=operating-systems%2Cunix-linux">SLES-15-030150</reference>
          <reference href="https://www.cisecurity.org/benchmark/suse_linux/">4.1.10</reference>
          <reference href="https://cyber.gouv.fr/sites/default/files/document/linux_configuration-en-v2.pdf">R73</reference>
          <reference href="not_publicly_available">SLES-15-750450225</reference>
          <reference href="https://www.cyber.gov.au/acsc/view-all-content/ism">0582</reference>
          <reference href="https://www.cyber.gov.au/acsc/view-all-content/ism">0846</reference>
          <reference href="https://www.cyber.mil/stigs/srg-stig-tools/">SV-234914r958412_rule</reference>
          <rationale xmlns:xhtml="http://www.w3.org/1999/xhtml" xml:lang="en-US">Unsuccessful attempts to access files could be an indicator of malicious activity on a system. Auditing
these events could serve as evidence of potential system compromise.</rationale>
          <ident system="https://ncp.nist.gov/cce">CCE-85682-3</ident>
          <fix xmlns:xhtml="http://www.w3.org/1999/xhtml" id="audit_rules_unsuccessful_file_modification_openat" system="urn:xccdf:fix:script:sh"># Remediation is applicable only in certain platforms
if rpm --quiet -q audit &amp;&amp; rpm --quiet -q kernel-default || rpm --quiet -q kernel-default-base; then

# First perform the remediation of the syscall rule
# Retrieve hardware architecture of the underlying system
[ "$(getconf LONG_BIT)" = "32" ] &amp;&amp; RULE_ARCHS=("b32") || RULE_ARCHS=("b32" "b64")

AUID_FILTERS="-F auid&gt;=1000 -F auid!=unset"
SYSCALL="openat"
KEY="access"
SYSCALL_GROUPING="creat ftruncate truncate open openat open_by_handle_at"

for ARCH in "${RULE_ARCHS[@]}"
do
	ACTION_ARCH_FILTERS="-a always,exit -F arch=$ARCH"
	OTHER_FILTERS="-F exit=-EACCES"
	# Perform the remediation for both possible tools: 'auditctl' and 'augenrules'
	unset syscall_a
unset syscall_grouping
unset syscall_string
unset syscall
unset file_to_edit
unset rule_to_edit
unset rule_syscalls_to_edit
unset other_string
unset auid_string
unset full_rule

# Load macro arguments into arrays
read -a syscall_a &lt;&lt;&lt; $SYSCALL
read -a syscall_grouping &lt;&lt;&lt; $SYSCALL_GROUPING

# Create a list of audit *.rules files that should be inspected for presence and correctness
# of a particular audit rule. The scheme is as follows:
#
# -----------------------------------------------------------------------------------------
#  Tool used to load audit rules | Rule already defined  |  Audit rules file to inspect    |
# -----------------------------------------------------------------------------------------
#        auditctl                |     Doesn't matter    |  /etc/audit/audit.rules         |
# -----------------------------------------------------------------------------------------
#        augenrules              |          Yes          |  /etc/audit/rules.d/*.rules     |
#        augenrules              |          No           |  /etc/audit/rules.d/$key.rules  |
# -----------------------------------------------------------------------------------------
#
files_to_inspect=()

# If audit tool is 'augenrules', then check if the audit rule is defined
# If rule is defined, add '/etc/audit/rules.d/*.rules' to the list for inspection
# If rule isn't defined yet, add '/etc/audit/rules.d/$key.rules' to the list for inspection
default_file="/etc/audit/rules.d/$KEY.rules"
# As other_filters may include paths, lets use a different delimiter for it
# The "F" script expression tells sed to print the filenames where the expressions matched
readarray -t files_to_inspect &lt; &lt;(sed -s -n -e "/^$ACTION_ARCH_FILTERS/!d" -e "\#$OTHER_FILTERS#!d" -e "/$AUID_FILTERS/!d" -e "F" /etc/audit/rules.d/*.rules)
# Case when particular rule isn't defined in /etc/audit/rules.d/*.rules yet
if [ ${#files_to_inspect[@]} -eq "0" ]
then
    file_to_inspect="/etc/audit/rules.d/$KEY.rules"
    files_to_inspect=("$file_to_inspect")
    if [ ! -e "$file_to_inspect" ]
    then
        touch "$file_to_inspect"
        chmod 0600 "$file_to_inspect"
    fi
fi

# After converting to jinja, we cannot return; therefore we skip the rest of the macro if needed instead
skip=1

for audit_file in "${files_to_inspect[@]}"
do
    # Filter existing $audit_file rules' definitions to select those that satisfy the rule pattern,
    # i.e, collect rules that match:
    # * the action, list and arch, (2-nd argument)
    # * the other filters, (3-rd argument)
    # * the auid filters, (4-rd argument)
    readarray -t similar_rules &lt; &lt;(sed -e "/^$ACTION_ARCH_FILTERS/!d"  -e "\#$OTHER_FILTERS#!d" -e "/$AUID_FILTERS/!d" "$audit_file")

    candidate_rules=()
    # Filter out rules that have more fields then required. This will remove rules more specific than the required scope
    for s_rule in "${similar_rules[@]}"
    do
        # Strip all the options and fields we know of,
        # than check if there was any field left over
        extra_fields=$(sed -E -e "s/^$ACTION_ARCH_FILTERS//"  -e "s#$OTHER_FILTERS##" -e "s/$AUID_FILTERS//" -e "s/((:?-S [[:alnum:],]+)+)//g" -e "s/-F key=\w+|-k \w+//"&lt;&lt;&lt; "$s_rule")
        grep -q -- "-F" &lt;&lt;&lt; "$extra_fields" || candidate_rules+=("$s_rule")
    done

    if [[ ${#syscall_a[@]} -ge 1 ]]
    then
        # Check if the syscall we want is present in any of the similar existing rules
        for rule in "${candidate_rules[@]}"
        do
            rule_syscalls=$(echo "$rule" | grep -o -P '(-S [\w,]+)+' | xargs)
            all_syscalls_found=0
            for syscall in "${syscall_a[@]}"
            do
                grep -q -- "\b${syscall}\b" &lt;&lt;&lt; "$rule_syscalls" || {
                   # A syscall was not found in the candidate rule
                   all_syscalls_found=1
                   }
            done
            if [[ $all_syscalls_found -eq 0 ]]
            then
                # We found a rule with all the syscall(s) we want; skip rest of macro
                skip=0
                break
            fi

            # Check if this rule can be grouped with our target syscall and keep track of it
            for syscall_g in "${syscall_grouping[@]}"
            do
                if grep -q -- "\b${syscall_g}\b" &lt;&lt;&lt; "$rule_syscalls"
                then
                    file_to_edit=${audit_file}
                    rule_to_edit=${rule}
                    rule_syscalls_to_edit=${rule_syscalls}
                fi
            done
        done
    else
        # If there is any candidate rule, it is compliant; skip rest of macro
        if [ "${#candidate_rules[@]}" -gt 0 ]
        then
            skip=0
        fi
    fi

    if [ "$skip" -eq 0 ]; then
        break
    fi
done

if [ "$skip" -ne 0 ]; then
    # We checked all rules that matched the expected resemblance pattern (action, arch &amp; auid)
    # At this point we know if we need to either append the $full_rule or group
    # the syscall together with an exsiting rule

    # Append the full_rule if it cannot be grouped to any other rule
    if [ -z ${rule_to_edit+x} ]
    then
        # Build full_rule while avoid adding double spaces when other_filters is empty
        if [ "${#syscall_a[@]}" -gt 0 ]
        then
            syscall_string=""
            for syscall in "${syscall_a[@]}"
            do
                syscall_string+=" -S $syscall"
            done
        fi
        other_string=$([[ $OTHER_FILTERS ]] &amp;&amp; echo " $OTHER_FILTERS") || /bin/true
        auid_string=$([[ $AUID_FILTERS ]] &amp;&amp; echo " $AUID_FILTERS") || /bin/true
        full_rule="$ACTION_ARCH_FILTERS${syscall_string}${other_string}${auid_string} -F key=$KEY" || /bin/true
        echo "$full_rule" &gt;&gt; "$default_file"
        chmod 0600 ${default_file}
    else
        # Check if the syscalls are declared as a comma separated list or
        # as multiple -S parameters
        if grep -q -- "," &lt;&lt;&lt; "${rule_syscalls_to_edit}"
        then
            delimiter=","
        else
            delimiter=" -S "
        fi
        new_grouped_syscalls="${rule_syscalls_to_edit}"
        for syscall in "${syscall_a[@]}"
        do
            grep -q -- "\b${syscall}\b" &lt;&lt;&lt; "${rule_syscalls_to_edit}" || {
               # A syscall was not found in the candidate rule
               new_grouped_syscalls+="${delimiter}${syscall}"
               }
        done

        # Group the syscall in the rule
        sed -i -e "\#${rule_to_edit}#s#${rule_syscalls_to_edit}#${new_grouped_syscalls}#" "$file_to_edit"
    fi
fi
	unset syscall_a
unset syscall_grouping
unset syscall_string
unset syscall
unset file_to_edit
unset rule_to_edit
unset rule_syscalls_to_edit
unset other_string
unset auid_string
unset full_rule

# Load macro arguments into arrays
read -a syscall_a &lt;&lt;&lt; $SYSCALL
read -a syscall_grouping &lt;&lt;&lt; $SYSCALL_GROUPING

# Create a list of audit *.rules files that should be inspected for presence and correctness
# of a particular audit rule. The scheme is as follows:
#
# -----------------------------------------------------------------------------------------
#  Tool used to load audit rules | Rule already defined  |  Audit rules file to inspect    |
# -----------------------------------------------------------------------------------------
#        auditctl                |     Doesn't matter    |  /etc/audit/audit.rules         |
# -----------------------------------------------------------------------------------------
#        augenrules              |          Yes          |  /etc/audit/rules.d/*.rules     |
#        augenrules              |          No           |  /etc/audit/rules.d/$key.rules  |
# -----------------------------------------------------------------------------------------
#
files_to_inspect=()


# If audit tool is 'auditctl', then add '/etc/audit/audit.rules'
# file to the list of files to be inspected
default_file="/etc/audit/audit.rules"
files_to_inspect+=('/etc/audit/audit.rules' )

# After converting to jinja, we cannot return; therefore we skip the rest of the macro if needed instead
skip=1

for audit_file in "${files_to_inspect[@]}"
do
    # Filter existing $audit_file rules' definitions to select those that satisfy the rule pattern,
    # i.e, collect rules that match:
    # * the action, list and arch, (2-nd argument)
    # * the other filters, (3-rd argument)
    # * the auid filters, (4-rd argument)
    readarray -t similar_rules &lt; &lt;(sed -e "/^$ACTION_ARCH_FILTERS/!d"  -e "\#$OTHER_FILTERS#!d" -e "/$AUID_FILTERS/!d" "$audit_file")

    candidate_rules=()
    # Filter out rules that have more fields then required. This will remove rules more specific than the required scope
    for s_rule in "${similar_rules[@]}"
    do
        # Strip all the options and fields we know of,
        # than check if there was any field left over
        extra_fields=$(sed -E -e "s/^$ACTION_ARCH_FILTERS//"  -e "s#$OTHER_FILTERS##" -e "s/$AUID_FILTERS//" -e "s/((:?-S [[:alnum:],]+)+)//g" -e "s/-F key=\w+|-k \w+//"&lt;&lt;&lt; "$s_rule")
        grep -q -- "-F" &lt;&lt;&lt; "$extra_fields" || candidate_rules+=("$s_rule")
    done

    if [[ ${#syscall_a[@]} -ge 1 ]]
    then
        # Check if the syscall we want is present in any of the similar existing rules
        for rule in "${candidate_rules[@]}"
        do
            rule_syscalls=$(echo "$rule" | grep -o -P '(-S [\w,]+)+' | xargs)
            all_syscalls_found=0
            for syscall in "${syscall_a[@]}"
            do
                grep -q -- "\b${syscall}\b" &lt;&lt;&lt; "$rule_syscalls" || {
                   # A syscall was not found in the candidate rule
                   all_syscalls_found=1
                   }
            done
            if [[ $all_syscalls_found -eq 0 ]]
            then
                # We found a rule with all the syscall(s) we want; skip rest of macro
                skip=0
                break
            fi

            # Check if this rule can be grouped with our target syscall and keep track of it
            for syscall_g in "${syscall_grouping[@]}"
            do
                if grep -q -- "\b${syscall_g}\b" &lt;&lt;&lt; "$rule_syscalls"
                then
                    file_to_edit=${audit_file}
                    rule_to_edit=${rule}
                    rule_syscalls_to_edit=${rule_syscalls}
                fi
            done
        done
    else
        # If there is any candidate rule, it is compliant; skip rest of macro
        if [ "${#candidate_rules[@]}" -gt 0 ]
        then
            skip=0
        fi
    fi

    if [ "$skip" -eq 0 ]; then
        break
    fi
done

if [ "$skip" -ne 0 ]; then
    # We checked all rules that matched the expected resemblance pattern (action, arch &amp; auid)
    # At this point we know if we need to either append the $full_rule or group
    # the syscall together with an exsiting rule

    # Append the full_rule if it cannot be grouped to any other rule
    if [ -z ${rule_to_edit+x} ]
    then
        # Build full_rule while avoid adding double spaces when other_filters is empty
        if [ "${#syscall_a[@]}" -gt 0 ]
        then
            syscall_string=""
            for syscall in "${syscall_a[@]}"
            do
                syscall_string+=" -S $syscall"
            done
        fi
        other_string=$([[ $OTHER_FILTERS ]] &amp;&amp; echo " $OTHER_FILTERS") || /bin/true
        auid_string=$([[ $AUID_FILTERS ]] &amp;&amp; echo " $AUID_FILTERS") || /bin/true
        full_rule="$ACTION_ARCH_FILTERS${syscall_string}${other_string}${auid_string} -F key=$KEY" || /bin/true
        echo "$full_rule" &gt;&gt; "$default_file"
        chmod 0600 ${default_file}
    else
        # Check if the syscalls are declared as a comma separated list or
        # as multiple -S parameters
        if grep -q -- "," &lt;&lt;&lt; "${rule_syscalls_to_edit}"
        then
            delimiter=","
        else
            delimiter=" -S "
        fi
        new_grouped_syscalls="${rule_syscalls_to_edit}"
        for syscall in "${syscall_a[@]}"
        do
            grep -q -- "\b${syscall}\b" &lt;&lt;&lt; "${rule_syscalls_to_edit}" || {
               # A syscall was not found in the candidate rule
               new_grouped_syscalls+="${delimiter}${syscall}"
               }
        done

        # Group the syscall in the rule
        sed -i -e "\#${rule_to_edit}#s#${rule_syscalls_to_edit}#${new_grouped_syscalls}#" "$file_to_edit"
    fi
fi
done

for ARCH in "${RULE_ARCHS[@]}"
do
	ACTION_ARCH_FILTERS="-a always,exit -F arch=$ARCH"
	OTHER_FILTERS="-F exit=-EPERM"
	# Perform the remediation for both possible tools: 'auditctl' and 'augenrules'
	unset syscall_a
unset syscall_grouping
unset syscall_string
unset syscall
unset file_to_edit
unset rule_to_edit
unset rule_syscalls_to_edit
unset other_string
unset auid_string
unset full_rule

# Load macro arguments into arrays
read -a syscall_a &lt;&lt;&lt; $SYSCALL
read -a syscall_grouping &lt;&lt;&lt; $SYSCALL_GROUPING

# Create a list of audit *.rules files that should be inspected for presence and correctness
# of a particular audit rule. The scheme is as follows:
#
# -----------------------------------------------------------------------------------------
#  Tool used to load audit rules | Rule already defined  |  Audit rules file to inspect    |
# -----------------------------------------------------------------------------------------
#        auditctl                |     Doesn't matter    |  /etc/audit/audit.rules         |
# -----------------------------------------------------------------------------------------
#        augenrules              |          Yes          |  /etc/audit/rules.d/*.rules     |
#        augenrules              |          No           |  /etc/audit/rules.d/$key.rules  |
# -----------------------------------------------------------------------------------------
#
files_to_inspect=()

# If audit tool is 'augenrules', then check if the audit rule is defined
# If rule is defined, add '/etc/audit/rules.d/*.rules' to the list for inspection
# If rule isn't defined yet, add '/etc/audit/rules.d/$key.rules' to the list for inspection
default_file="/etc/audit/rules.d/$KEY.rules"
# As other_filters may include paths, lets use a different delimiter for it
# The "F" script expression tells sed to print the filenames where the expressions matched
readarray -t files_to_inspect &lt; &lt;(sed -s -n -e "/^$ACTION_ARCH_FILTERS/!d" -e "\#$OTHER_FILTERS#!d" -e "/$AUID_FILTERS/!d" -e "F" /etc/audit/rules.d/*.rules)
# Case when particular rule isn't defined in /etc/audit/rules.d/*.rules yet
if [ ${#files_to_inspect[@]} -eq "0" ]
then
    file_to_inspect="/etc/audit/rules.d/$KEY.rules"
    files_to_inspect=("$file_to_inspect")
    if [ ! -e "$file_to_inspect" ]
    then
        touch "$file_to_inspect"
        chmod 0600 "$file_to_inspect"
    fi
fi

# After converting to jinja, we cannot return; therefore we skip the rest of the macro if needed instead
skip=1

for audit_file in "${files_to_inspect[@]}"
do
    # Filter existing $audit_file rules' definitions to select those that satisfy the rule pattern,
    # i.e, collect rules that match:
    # * the action, list and arch, (2-nd argument)
    # * the other filters, (3-rd argument)
    # * the auid filters, (4-rd argument)
    readarray -t similar_rules &lt; &lt;(sed -e "/^$ACTION_ARCH_FILTERS/!d"  -e "\#$OTHER_FILTERS#!d" -e "/$AUID_FILTERS/!d" "$audit_file")

    candidate_rules=()
    # Filter out rules that have more fields then required. This will remove rules more specific than the required scope
    for s_rule in "${similar_rules[@]}"
    do
        # Strip all the options and fields we know of,
        # than check if there was any field left over
        extra_fields=$(sed -E -e "s/^$ACTION_ARCH_FILTERS//"  -e "s#$OTHER_FILTERS##" -e "s/$AUID_FILTERS//" -e "s/((:?-S [[:alnum:],]+)+)//g" -e "s/-F key=\w+|-k \w+//"&lt;&lt;&lt; "$s_rule")
        grep -q -- "-F" &lt;&lt;&lt; "$extra_fields" || candidate_rules+=("$s_rule")
    done

    if [[ ${#syscall_a[@]} -ge 1 ]]
    then
        # Check if the syscall we want is present in any of the similar existing rules
        for rule in "${candidate_rules[@]}"
        do
            rule_syscalls=$(echo "$rule" | grep -o -P '(-S [\w,]+)+' | xargs)
            all_syscalls_found=0
            for syscall in "${syscall_a[@]}"
            do
                grep -q -- "\b${syscall}\b" &lt;&lt;&lt; "$rule_syscalls" || {
                   # A syscall was not found in the candidate rule
                   all_syscalls_found=1
                   }
            done
            if [[ $all_syscalls_found -eq 0 ]]
            then
                # We found a rule with all the syscall(s) we want; skip rest of macro
                skip=0
                break
            fi

            # Check if this rule can be grouped with our target syscall and keep track of it
            for syscall_g in "${syscall_grouping[@]}"
            do
                if grep -q -- "\b${syscall_g}\b" &lt;&lt;&lt; "$rule_syscalls"
                then
                    file_to_edit=${audit_file}
                    rule_to_edit=${rule}
                    rule_syscalls_to_edit=${rule_syscalls}
                fi
            done
        done
    else
        # If there is any candidate rule, it is compliant; skip rest of macro
        if [ "${#candidate_rules[@]}" -gt 0 ]
        then
            skip=0
        fi
    fi

    if [ "$skip" -eq 0 ]; then
        break
    fi
done

if [ "$skip" -ne 0 ]; then
    # We checked all rules that matched the expected resemblance pattern (action, arch &amp; auid)
    # At this point we know if we need to either append the $full_rule or group
    # the syscall together with an exsiting rule

    # Append the full_rule if it cannot be grouped to any other rule
    if [ -z ${rule_to_edit+x} ]
    then
        # Build full_rule while avoid adding double spaces when other_filters is empty
        if [ "${#syscall_a[@]}" -gt 0 ]
        then
            syscall_string=""
            for syscall in "${syscall_a[@]}"
            do
                syscall_string+=" -S $syscall"
            done
        fi
        other_string=$([[ $OTHER_FILTERS ]] &amp;&amp; echo " $OTHER_FILTERS") || /bin/true
        auid_string=$([[ $AUID_FILTERS ]] &amp;&amp; echo " $AUID_FILTERS") || /bin/true
        full_rule="$ACTION_ARCH_FILTERS${syscall_string}${other_string}${auid_string} -F key=$KEY" || /bin/true
        echo "$full_rule" &gt;&gt; "$default_file"
        chmod 0600 ${default_file}
    else
        # Check if the syscalls are declared as a comma separated list or
        # as multiple -S parameters
        if grep -q -- "," &lt;&lt;&lt; "${rule_syscalls_to_edit}"
        then
            delimiter=","
        else
            delimiter=" -S "
        fi
        new_grouped_syscalls="${rule_syscalls_to_edit}"
        for syscall in "${syscall_a[@]}"
        do
            grep -q -- "\b${syscall}\b" &lt;&lt;&lt; "${rule_syscalls_to_edit}" || {
               # A syscall was not found in the candidate rule
               new_grouped_syscalls+="${delimiter}${syscall}"
               }
        done

        # Group the syscall in the rule
        sed -i -e "\#${rule_to_edit}#s#${rule_syscalls_to_edit}#${new_grouped_syscalls}#" "$file_to_edit"
    fi
fi
	unset syscall_a
unset syscall_grouping
unset syscall_string
unset syscall
unset file_to_edit
unset rule_to_edit
unset rule_syscalls_to_edit
unset other_string
unset auid_string
unset full_rule

# Load macro arguments into arrays
read -a syscall_a &lt;&lt;&lt; $SYSCALL
read -a syscall_grouping &lt;&lt;&lt; $SYSCALL_GROUPING

# Create a list of audit *.rules files that should be inspected for presence and correctness
# of a particular audit rule. The scheme is as follows:
#
# -----------------------------------------------------------------------------------------
#  Tool used to load audit rules | Rule already defined  |  Audit rules file to inspect    |
# -----------------------------------------------------------------------------------------
#        auditctl                |     Doesn't matter    |  /etc/audit/audit.rules         |
# -----------------------------------------------------------------------------------------
#        augenrules              |          Yes          |  /etc/audit/rules.d/*.rules     |
#        augenrules              |          No           |  /etc/audit/rules.d/$key.rules  |
# -----------------------------------------------------------------------------------------
#
files_to_inspect=()


# If audit tool is 'auditctl', then add '/etc/audit/audit.rules'
# file to the list of files to be inspected
default_file="/etc/audit/audit.rules"
files_to_inspect+=('/etc/audit/audit.rules' )

# After converting to jinja, we cannot return; therefore we skip the rest of the macro if needed instead
skip=1

for audit_file in "${files_to_inspect[@]}"
do
    # Filter existing $audit_file rules' definitions to select those that satisfy the rule pattern,
    # i.e, collect rules that match:
    # * the action, list and arch, (2-nd argument)
    # * the other filters, (3-rd argument)
    # * the auid filters, (4-rd argument)
    readarray -t similar_rules &lt; &lt;(sed -e "/^$ACTION_ARCH_FILTERS/!d"  -e "\#$OTHER_FILTERS#!d" -e "/$AUID_FILTERS/!d" "$audit_file")

    candidate_rules=()
    # Filter out rules that have more fields then required. This will remove rules more specific than the required scope
    for s_rule in "${similar_rules[@]}"
    do
        # Strip all the options and fields we know of,
        # than check if there was any field left over
        extra_fields=$(sed -E -e "s/^$ACTION_ARCH_FILTERS//"  -e "s#$OTHER_FILTERS##" -e "s/$AUID_FILTERS//" -e "s/((:?-S [[:alnum:],]+)+)//g" -e "s/-F key=\w+|-k \w+//"&lt;&lt;&lt; "$s_rule")
        grep -q -- "-F" &lt;&lt;&lt; "$extra_fields" || candidate_rules+=("$s_rule")
    done

    if [[ ${#syscall_a[@]} -ge 1 ]]
    then
        # Check if the syscall we want is present in any of the similar existing rules
        for rule in "${candidate_rules[@]}"
        do
            rule_syscalls=$(echo "$rule" | grep -o -P '(-S [\w,]+)+' | xargs)
            all_syscalls_found=0
            for syscall in "${syscall_a[@]}"
            do
                grep -q -- "\b${syscall}\b" &lt;&lt;&lt; "$rule_syscalls" || {
                   # A syscall was not found in the candidate rule
                   all_syscalls_found=1
                   }
            done
            if [[ $all_syscalls_found -eq 0 ]]
            then
                # We found a rule with all the syscall(s) we want; skip rest of macro
                skip=0
                break
            fi

            # Check if this rule can be grouped with our target syscall and keep track of it
            for syscall_g in "${syscall_grouping[@]}"
            do
                if grep -q -- "\b${syscall_g}\b" &lt;&lt;&lt; "$rule_syscalls"
                then
                    file_to_edit=${audit_file}
                    rule_to_edit=${rule}
                    rule_syscalls_to_edit=${rule_syscalls}
                fi
            done
        done
    else
        # If there is any candidate rule, it is compliant; skip rest of macro
        if [ "${#candidate_rules[@]}" -gt 0 ]
        then
            skip=0
        fi
    fi

    if [ "$skip" -eq 0 ]; then
        break
    fi
done

if [ "$skip" -ne 0 ]; then
    # We checked all rules that matched the expected resemblance pattern (action, arch &amp; auid)
    # At this point we know if we need to either append the $full_rule or group
    # the syscall together with an exsiting rule

    # Append the full_rule if it cannot be grouped to any other rule
    if [ -z ${rule_to_edit+x} ]
    then
        # Build full_rule while avoid adding double spaces when other_filters is empty
        if [ "${#syscall_a[@]}" -gt 0 ]
        then
            syscall_string=""
            for syscall in "${syscall_a[@]}"
            do
                syscall_string+=" -S $syscall"
            done
        fi
        other_string=$([[ $OTHER_FILTERS ]] &amp;&amp; echo " $OTHER_FILTERS") || /bin/true
        auid_string=$([[ $AUID_FILTERS ]] &amp;&amp; echo " $AUID_FILTERS") || /bin/true
        full_rule="$ACTION_ARCH_FILTERS${syscall_string}${other_string}${auid_string} -F key=$KEY" || /bin/true
        echo "$full_rule" &gt;&gt; "$default_file"
        chmod 0600 ${default_file}
    else
        # Check if the syscalls are declared as a comma separated list or
        # as multiple -S parameters
        if grep -q -- "," &lt;&lt;&lt; "${rule_syscalls_to_edit}"
        then
            delimiter=","
        else
            delimiter=" -S "
        fi
        new_grouped_syscalls="${rule_syscalls_to_edit}"
        for syscall in "${syscall_a[@]}"
        do
            grep -q -- "\b${syscall}\b" &lt;&lt;&lt; "${rule_syscalls_to_edit}" || {
               # A syscall was not found in the candidate rule
               new_grouped_syscalls+="${delimiter}${syscall}"
               }
        done

        # Group the syscall in the rule
        sed -i -e "\#${rule_to_edit}#s#${rule_syscalls_to_edit}#${new_grouped_syscalls}#" "$file_to_edit"
    fi
fi
done

else
    &gt;&amp;2 echo 'Remediation is not applicable, nothing was done'
fi
</fix>
          <fix xmlns:xhtml="http://www.w3.org/1999/xhtml" id="audit_rules_unsuccessful_file_modification_openat" system="urn:xccdf:fix:script:ansible" reboot="true" complexity="low" disruption="low" strategy="restrict">- name: Gather the package facts
  package_facts:
    manager: auto
  tags:
  - CCE-85682-3
  - DISA-STIG-SLES-15-030150
  - NIST-800-171-3.1.7
  - NIST-800-53-AU-12(a)
  - NIST-800-53-AU-12(c)
  - NIST-800-53-AU-12.1(ii)
  - NIST-800-53-AU-12.1(iv)
  - NIST-800-53-AU-3
  - NIST-800-53-AU-3.1
  - NIST-800-53-MA-4(1)(a)
  - PCI-DSS-Req-10.2.1
  - PCI-DSS-Req-10.2.4
  - audit_rules_unsuccessful_file_modification_openat
  - low_complexity
  - low_disruption
  - medium_severity
  - reboot_required
  - restrict_strategy

- name: Set architecture for audit openat tasks
  ansible.builtin.set_fact:
    audit_arch: b64
  when:
  - '"audit" in ansible_facts.packages'
  - ("kernel-default" in ansible_facts.packages or "kernel-default-base" in ansible_facts.packages)
  - ansible_architecture == "aarch64" or ansible_architecture == "ppc64" or ansible_architecture
    == "ppc64le" or ansible_architecture == "s390x" or ansible_architecture == "x86_64"
  tags:
  - CCE-85682-3
  - DISA-STIG-SLES-15-030150
  - NIST-800-171-3.1.7
  - NIST-800-53-AU-12(a)
  - NIST-800-53-AU-12(c)
  - NIST-800-53-AU-12.1(ii)
  - NIST-800-53-AU-12.1(iv)
  - NIST-800-53-AU-3
  - NIST-800-53-AU-3.1
  - NIST-800-53-MA-4(1)(a)
  - PCI-DSS-Req-10.2.1
  - PCI-DSS-Req-10.2.4
  - audit_rules_unsuccessful_file_modification_openat
  - low_complexity
  - low_disruption
  - medium_severity
  - reboot_required
  - restrict_strategy

- name: Perform remediation of Audit rules for openat EACCES for 32bit platform
  block:

  - name: Declare list of syscalls
    ansible.builtin.set_fact:
      syscalls:
      - openat
      syscall_grouping:
      - creat
      - ftruncate
      - truncate
      - open
      - openat
      - open_by_handle_at

  - name: Check existence of openat in /etc/audit/rules.d/
    ansible.builtin.find:
      paths: /etc/audit/rules.d
      contains: -a always,exit -F arch=b32(( -S |,)\w+)*(( -S |,){{ item }})+(( -S
        |,)\w+)* -F exit=-EACCES -F auid&gt;=1000 -F auid!=unset (-k\s+|-F\s+key=)\S+\s*$
      patterns: '*.rules'
    register: find_command
    loop: '{{ (syscall_grouping + syscalls) | unique }}'

  - name: Reset syscalls found per file
    ansible.builtin.set_fact:
      syscalls_per_file: {}
      found_paths_dict: {}

  - name: Declare syscalls found per file
    ansible.builtin.set_fact: syscalls_per_file="{{ syscalls_per_file | combine( {item.files[0].path
      :[item.item] + syscalls_per_file.get(item.files[0].path, []) } ) }}"
    loop: '{{ find_command.results | selectattr(''matched'') | list }}'

  - name: Declare files where syscalls were found
    ansible.builtin.set_fact: found_paths="{{ find_command.results | map(attribute='files')
      | flatten | map(attribute='path') | list }}"

  - name: Count occurrences of syscalls in paths
    ansible.builtin.set_fact: found_paths_dict="{{ found_paths_dict | combine({ item:1+found_paths_dict.get(item,
      0) }) }}"
    loop: '{{ find_command.results | map(attribute=''files'') | flatten | map(attribute=''path'')
      | list }}'

  - name: Get path with most syscalls
    ansible.builtin.set_fact: audit_file="{{ (found_paths_dict | dict2items() | sort(attribute='value')
      | last).key }}"
    when: found_paths | length &gt;= 1

  - name: No file with syscall found, set path to /etc/audit/rules.d/access.rules
    ansible.builtin.set_fact: audit_file="/etc/audit/rules.d/access.rules"
    when: found_paths | length == 0

  - name: Declare found syscalls
    ansible.builtin.set_fact: syscalls_found="{{ find_command.results | selectattr('matched')
      | map(attribute='item') | list }}"

  - name: Declare missing syscalls
    ansible.builtin.set_fact: missing_syscalls="{{ syscalls | difference(syscalls_found)
      }}"

  - name: Replace the audit rule in {{ audit_file }}
    ansible.builtin.lineinfile:
      path: '{{ audit_file }}'
      regexp: (-a always,exit -F arch=b32)(?=.*(?:(?:-S |,)(?:{{ syscalls_per_file[audit_file]
        | join("|") }}))\b)((?:( -S |,)\w+)+)( -F exit=-EACCES -F auid&gt;=1000 -F auid!=unset
        (?:-k |-F key=)\w+)
      line: \1\2\3{{ missing_syscalls | join("\3") }}\4
      backrefs: true
      state: present
      mode: g-rwx,o-rwx
    when: syscalls_found | length &gt; 0 and missing_syscalls | length &gt; 0

  - name: Add the audit rule to {{ audit_file }}
    ansible.builtin.lineinfile:
      path: '{{ audit_file }}'
      line: -a always,exit -F arch=b32 -S {{ syscalls | join(',') }} -F exit=-EACCES
        -F auid&gt;=1000 -F auid!=unset -F key=access
      create: true
      mode: g-rwx,o-rwx
      state: present
    when: syscalls_found | length == 0

  - name: Declare list of syscalls
    ansible.builtin.set_fact:
      syscalls:
      - openat
      syscall_grouping:
      - creat
      - ftruncate
      - truncate
      - open
      - openat
      - open_by_handle_at

  - name: Check existence of openat in /etc/audit/audit.rules
    ansible.builtin.find:
      paths: /etc/audit
      contains: -a always,exit -F arch=b32(( -S |,)\w+)*(( -S |,){{ item }})+(( -S
        |,)\w+)* -F exit=-EACCES -F auid&gt;=1000 -F auid!=unset (-k\s+|-F\s+key=)\S+\s*$
      patterns: audit.rules
    register: find_command
    loop: '{{ (syscall_grouping + syscalls) | unique }}'

  - name: Set path to /etc/audit/audit.rules
    ansible.builtin.set_fact: audit_file="/etc/audit/audit.rules"

  - name: Declare found syscalls
    ansible.builtin.set_fact: syscalls_found="{{ find_command.results | selectattr('matched')
      | map(attribute='item') | list }}"

  - name: Declare missing syscalls
    ansible.builtin.set_fact: missing_syscalls="{{ syscalls | difference(syscalls_found)
      }}"

  - name: Replace the audit rule in {{ audit_file }}
    ansible.builtin.lineinfile:
      path: '{{ audit_file }}'
      regexp: (-a always,exit -F arch=b32)(?=.*(?:(?:-S |,)(?:{{ syscalls_found |
        join("|") }}))\b)((?:( -S |,)\w+)+)( -F exit=-EACCES -F auid&gt;=1000 -F auid!=unset
        (?:-k |-F key=)\w+)
      line: \1\2\3{{ missing_syscalls | join("\3") }}\4
      backrefs: true
      state: present
      mode: g-rwx,o-rwx
    when: syscalls_found | length &gt; 0 and missing_syscalls | length &gt; 0

  - name: Add the audit rule to {{ audit_file }}
    ansible.builtin.lineinfile:
      path: '{{ audit_file }}'
      line: -a always,exit -F arch=b32 -S {{ syscalls | join(',') }} -F exit=-EACCES
        -F auid&gt;=1000 -F auid!=unset -F key=access
      create: true
      mode: g-rwx,o-rwx
      state: present
    when: syscalls_found | length == 0
  when:
  - '"audit" in ansible_facts.packages'
  - ("kernel-default" in ansible_facts.packages or "kernel-default-base" in ansible_facts.packages)
  tags:
  - CCE-85682-3
  - DISA-STIG-SLES-15-030150
  - NIST-800-171-3.1.7
  - NIST-800-53-AU-12(a)
  - NIST-800-53-AU-12(c)
  - NIST-800-53-AU-12.1(ii)
  - NIST-800-53-AU-12.1(iv)
  - NIST-800-53-AU-3
  - NIST-800-53-AU-3.1
  - NIST-800-53-MA-4(1)(a)
  - PCI-DSS-Req-10.2.1
  - PCI-DSS-Req-10.2.4
  - audit_rules_unsuccessful_file_modification_openat
  - low_complexity
  - low_disruption
  - medium_severity
  - reboot_required
  - restrict_strategy

- name: Perform remediation of Audit rules for openat EACCES for 64bit platform
  block:

  - name: Declare list of syscalls
    ansible.builtin.set_fact:
      syscalls:
      - openat
      syscall_grouping:
      - creat
      - ftruncate
      - truncate
      - open
      - openat
      - open_by_handle_at

  - name: Check existence of openat in /etc/audit/rules.d/
    ansible.builtin.find:
      paths: /etc/audit/rules.d
      contains: -a always,exit -F arch=b64(( -S |,)\w+)*(( -S |,){{ item }})+(( -S
        |,)\w+)* -F exit=-EACCES -F auid&gt;=1000 -F auid!=unset (-k\s+|-F\s+key=)\S+\s*$
      patterns: '*.rules'
    register: find_command
    loop: '{{ (syscall_grouping + syscalls) | unique }}'

  - name: Reset syscalls found per file
    ansible.builtin.set_fact:
      syscalls_per_file: {}
      found_paths_dict: {}

  - name: Declare syscalls found per file
    ansible.builtin.set_fact: syscalls_per_file="{{ syscalls_per_file | combine( {item.files[0].path
      :[item.item] + syscalls_per_file.get(item.files[0].path, []) } ) }}"
    loop: '{{ find_command.results | selectattr(''matched'') | list }}'

  - name: Declare files where syscalls were found
    ansible.builtin.set_fact: found_paths="{{ find_command.results | map(attribute='files')
      | flatten | map(attribute='path') | list }}"

  - name: Count occurrences of syscalls in paths
    ansible.builtin.set_fact: found_paths_dict="{{ found_paths_dict | combine({ item:1+found_paths_dict.get(item,
      0) }) }}"
    loop: '{{ find_command.results | map(attribute=''files'') | flatten | map(attribute=''path'')
      | list }}'

  - name: Get path with most syscalls
    ansible.builtin.set_fact: audit_file="{{ (found_paths_dict | dict2items() | sort(attribute='value')
      | last).key }}"
    when: found_paths | length &gt;= 1

  - name: No file with syscall found, set path to /etc/audit/rules.d/access.rules
    ansible.builtin.set_fact: audit_file="/etc/audit/rules.d/access.rules"
    when: found_paths | length == 0

  - name: Declare found syscalls
    ansible.builtin.set_fact: syscalls_found="{{ find_command.results | selectattr('matched')
      | map(attribute='item') | list }}"

  - name: Declare missing syscalls
    ansible.builtin.set_fact: missing_syscalls="{{ syscalls | difference(syscalls_found)
      }}"

  - name: Replace the audit rule in {{ audit_file }}
    ansible.builtin.lineinfile:
      path: '{{ audit_file }}'
      regexp: (-a always,exit -F arch=b64)(?=.*(?:(?:-S |,)(?:{{ syscalls_per_file[audit_file]
        | join("|") }}))\b)((?:( -S |,)\w+)+)( -F exit=-EACCES -F auid&gt;=1000 -F auid!=unset
        (?:-k |-F key=)\w+)
      line: \1\2\3{{ missing_syscalls | join("\3") }}\4
      backrefs: true
      state: present
      mode: g-rwx,o-rwx
    when: syscalls_found | length &gt; 0 and missing_syscalls | length &gt; 0

  - name: Add the audit rule to {{ audit_file }}
    ansible.builtin.lineinfile:
      path: '{{ audit_file }}'
      line: -a always,exit -F arch=b64 -S {{ syscalls | join(',') }} -F exit=-EACCES
        -F auid&gt;=1000 -F auid!=unset -F key=access
      create: true
      mode: g-rwx,o-rwx
      state: present
    when: syscalls_found | length == 0

  - name: Declare list of syscalls
    ansible.builtin.set_fact:
      syscalls:
      - openat
      syscall_grouping:
      - creat
      - ftruncate
      - truncate
      - open
      - openat
      - open_by_handle_at

  - name: Check existence of openat in /etc/audit/audit.rules
    ansible.builtin.find:
      paths: /etc/audit
      contains: -a always,exit -F arch=b64(( -S |,)\w+)*(( -S |,){{ item }})+(( -S
        |,)\w+)* -F exit=-EACCES -F auid&gt;=1000 -F auid!=unset (-k\s+|-F\s+key=)\S+\s*$
      patterns: audit.rules
    register: find_command
    loop: '{{ (syscall_grouping + syscalls) | unique }}'

  - name: Set path to /etc/audit/audit.rules
    ansible.builtin.set_fact: audit_file="/etc/audit/audit.rules"

  - name: Declare found syscalls
    ansible.builtin.set_fact: syscalls_found="{{ find_command.results | selectattr('matched')
      | map(attribute='item') | list }}"

  - name: Declare missing syscalls
    ansible.builtin.set_fact: missing_syscalls="{{ syscalls | difference(syscalls_found)
      }}"

  - name: Replace the audit rule in {{ audit_file }}
    ansible.builtin.lineinfile:
      path: '{{ audit_file }}'
      regexp: (-a always,exit -F arch=b64)(?=.*(?:(?:-S |,)(?:{{ syscalls_found |
        join("|") }}))\b)((?:( -S |,)\w+)+)( -F exit=-EACCES -F auid&gt;=1000 -F auid!=unset
        (?:-k |-F key=)\w+)
      line: \1\2\3{{ missing_syscalls | join("\3") }}\4
      backrefs: true
      state: present
      mode: g-rwx,o-rwx
    when: syscalls_found | length &gt; 0 and missing_syscalls | length &gt; 0

  - name: Add the audit rule to {{ audit_file }}
    ansible.builtin.lineinfile:
      path: '{{ audit_file }}'
      line: -a always,exit -F arch=b64 -S {{ syscalls | join(',') }} -F exit=-EACCES
        -F auid&gt;=1000 -F auid!=unset -F key=access
      create: true
      mode: g-rwx,o-rwx
      state: present
    when: syscalls_found | length == 0
  when:
  - '"audit" in ansible_facts.packages'
  - ("kernel-default" in ansible_facts.packages or "kernel-default-base" in ansible_facts.packages)
  - audit_arch == "b64"
  tags:
  - CCE-85682-3
  - DISA-STIG-SLES-15-030150
  - NIST-800-171-3.1.7
  - NIST-800-53-AU-12(a)
  - NIST-800-53-AU-12(c)
  - NIST-800-53-AU-12.1(ii)
  - NIST-800-53-AU-12.1(iv)
  - NIST-800-53-AU-3
  - NIST-800-53-AU-3.1
  - NIST-800-53-MA-4(1)(a)
  - PCI-DSS-Req-10.2.1
  - PCI-DSS-Req-10.2.4
  - audit_rules_unsuccessful_file_modification_openat
  - low_complexity
  - low_disruption
  - medium_severity
  - reboot_required
  - restrict_strategy

- name: Perform remediation of Audit rules for openat EPERM for 32bit platform
  block:

  - name: Declare list of syscalls
    ansible.builtin.set_fact:
      syscalls:
      - openat
      syscall_grouping:
      - creat
      - ftruncate
      - truncate
      - open
      - openat
      - open_by_handle_at

  - name: Check existence of openat in /etc/audit/rules.d/
    ansible.builtin.find:
      paths: /etc/audit/rules.d
      contains: -a always,exit -F arch=b32(( -S |,)\w+)*(( -S |,){{ item }})+(( -S
        |,)\w+)* -F exit=-EPERM -F auid&gt;=1000 -F auid!=unset (-k\s+|-F\s+key=)\S+\s*$
      patterns: '*.rules'
    register: find_command
    loop: '{{ (syscall_grouping + syscalls) | unique }}'

  - name: Reset syscalls found per file
    ansible.builtin.set_fact:
      syscalls_per_file: {}
      found_paths_dict: {}

  - name: Declare syscalls found per file
    ansible.builtin.set_fact: syscalls_per_file="{{ syscalls_per_file | combine( {item.files[0].path
      :[item.item] + syscalls_per_file.get(item.files[0].path, []) } ) }}"
    loop: '{{ find_command.results | selectattr(''matched'') | list }}'

  - name: Declare files where syscalls were found
    ansible.builtin.set_fact: found_paths="{{ find_command.results | map(attribute='files')
      | flatten | map(attribute='path') | list }}"

  - name: Count occurrences of syscalls in paths
    ansible.builtin.set_fact: found_paths_dict="{{ found_paths_dict | combine({ item:1+found_paths_dict.get(item,
      0) }) }}"
    loop: '{{ find_command.results | map(attribute=''files'') | flatten | map(attribute=''path'')
      | list }}'

  - name: Get path with most syscalls
    ansible.builtin.set_fact: audit_file="{{ (found_paths_dict | dict2items() | sort(attribute='value')
      | last).key }}"
    when: found_paths | length &gt;= 1

  - name: No file with syscall found, set path to /etc/audit/rules.d/access.rules
    ansible.builtin.set_fact: audit_file="/etc/audit/rules.d/access.rules"
    when: found_paths | length == 0

  - name: Declare found syscalls
    ansible.builtin.set_fact: syscalls_found="{{ find_command.results | selectattr('matched')
      | map(attribute='item') | list }}"

  - name: Declare missing syscalls
    ansible.builtin.set_fact: missing_syscalls="{{ syscalls | difference(syscalls_found)
      }}"

  - name: Replace the audit rule in {{ audit_file }}
    ansible.builtin.lineinfile:
      path: '{{ audit_file }}'
      regexp: (-a always,exit -F arch=b32)(?=.*(?:(?:-S |,)(?:{{ syscalls_per_file[audit_file]
        | join("|") }}))\b)((?:( -S |,)\w+)+)( -F exit=-EPERM -F auid&gt;=1000 -F auid!=unset
        (?:-k |-F key=)\w+)
      line: \1\2\3{{ missing_syscalls | join("\3") }}\4
      backrefs: true
      state: present
      mode: g-rwx,o-rwx
    when: syscalls_found | length &gt; 0 and missing_syscalls | length &gt; 0

  - name: Add the audit rule to {{ audit_file }}
    ansible.builtin.lineinfile:
      path: '{{ audit_file }}'
      line: -a always,exit -F arch=b32 -S {{ syscalls | join(',') }} -F exit=-EPERM
        -F auid&gt;=1000 -F auid!=unset -F key=access
      create: true
      mode: g-rwx,o-rwx
      state: present
    when: syscalls_found | length == 0

  - name: Declare list of syscalls
    ansible.builtin.set_fact:
      syscalls:
      - openat
      syscall_grouping:
      - creat
      - ftruncate
      - truncate
      - open
      - openat
      - open_by_handle_at

  - name: Check existence of openat in /etc/audit/audit.rules
    ansible.builtin.find:
      paths: /etc/audit
      contains: -a always,exit -F arch=b32(( -S |,)\w+)*(( -S |,){{ item }})+(( -S
        |,)\w+)* -F exit=-EPERM -F auid&gt;=1000 -F auid!=unset (-k\s+|-F\s+key=)\S+\s*$
      patterns: audit.rules
    register: find_command
    loop: '{{ (syscall_grouping + syscalls) | unique }}'

  - name: Set path to /etc/audit/audit.rules
    ansible.builtin.set_fact: audit_file="/etc/audit/audit.rules"

  - name: Declare found syscalls
    ansible.builtin.set_fact: syscalls_found="{{ find_command.results | selectattr('matched')
      | map(attribute='item') | list }}"

  - name: Declare missing syscalls
    ansible.builtin.set_fact: missing_syscalls="{{ syscalls | difference(syscalls_found)
      }}"

  - name: Replace the audit rule in {{ audit_file }}
    ansible.builtin.lineinfile:
      path: '{{ audit_file }}'
      regexp: (-a always,exit -F arch=b32)(?=.*(?:(?:-S |,)(?:{{ syscalls_found |
        join("|") }}))\b)((?:( -S |,)\w+)+)( -F exit=-EPERM -F auid&gt;=1000 -F auid!=unset
        (?:-k |-F key=)\w+)
      line: \1\2\3{{ missing_syscalls | join("\3") }}\4
      backrefs: true
      state: present
      mode: g-rwx,o-rwx
    when: syscalls_found | length &gt; 0 and missing_syscalls | length &gt; 0

  - name: Add the audit rule to {{ audit_file }}
    ansible.builtin.lineinfile:
      path: '{{ audit_file }}'
      line: -a always,exit -F arch=b32 -S {{ syscalls | join(',') }} -F exit=-EPERM
        -F auid&gt;=1000 -F auid!=unset -F key=access
      create: true
      mode: g-rwx,o-rwx
      state: present
    when: syscalls_found | length == 0
  when:
  - '"audit" in ansible_facts.packages'
  - ("kernel-default" in ansible_facts.packages or "kernel-default-base" in ansible_facts.packages)
  tags:
  - CCE-85682-3
  - DISA-STIG-SLES-15-030150
  - NIST-800-171-3.1.7
  - NIST-800-53-AU-12(a)
  - NIST-800-53-AU-12(c)
  - NIST-800-53-AU-12.1(ii)
  - NIST-800-53-AU-12.1(iv)
  - NIST-800-53-AU-3
  - NIST-800-53-AU-3.1
  - NIST-800-53-MA-4(1)(a)
  - PCI-DSS-Req-10.2.1
  - PCI-DSS-Req-10.2.4
  - audit_rules_unsuccessful_file_modification_openat
  - low_complexity
  - low_disruption
  - medium_severity
  - reboot_required
  - restrict_strategy

- name: Perform remediation of Audit rules for openat EPERM for 64bit platform
  block:

  - name: Declare list of syscalls
    ansible.builtin.set_fact:
      syscalls:
      - openat
      syscall_grouping:
      - creat
      - ftruncate
      - truncate
      - open
      - openat
      - open_by_handle_at

  - name: Check existence of openat in /etc/audit/rules.d/
    ansible.builtin.find:
      paths: /etc/audit/rules.d
      contains: -a always,exit -F arch=b64(( -S |,)\w+)*(( -S |,){{ item }})+(( -S
        |,)\w+)* -F exit=-EPERM -F auid&gt;=1000 -F auid!=unset (-k\s+|-F\s+key=)\S+\s*$
      patterns: '*.rules'
    register: find_command
    loop: '{{ (syscall_grouping + syscalls) | unique }}'

  - name: Reset syscalls found per file
    ansible.builtin.set_fact:
      syscalls_per_file: {}
      found_paths_dict: {}

  - name: Declare syscalls found per file
    ansible.builtin.set_fact: syscalls_per_file="{{ syscalls_per_file | combine( {item.files[0].path
      :[item.item] + syscalls_per_file.get(item.files[0].path, []) } ) }}"
    loop: '{{ find_command.results | selectattr(''matched'') | list }}'

  - name: Declare files where syscalls were found
    ansible.builtin.set_fact: found_paths="{{ find_command.results | map(attribute='files')
      | flatten | map(attribute='path') | list }}"

  - name: Count occurrences of syscalls in paths
    ansible.builtin.set_fact: found_paths_dict="{{ found_paths_dict | combine({ item:1+found_paths_dict.get(item,
      0) }) }}"
    loop: '{{ find_command.results | map(attribute=''files'') | flatten | map(attribute=''path'')
      | list }}'

  - name: Get path with most syscalls
    ansible.builtin.set_fact: audit_file="{{ (found_paths_dict | dict2items() | sort(attribute='value')
      | last).key }}"
    when: found_paths | length &gt;= 1

  - name: No file with syscall found, set path to /etc/audit/rules.d/access.rules
    ansible.builtin.set_fact: audit_file="/etc/audit/rules.d/access.rules"
    when: found_paths | length == 0

  - name: Declare found syscalls
    ansible.builtin.set_fact: syscalls_found="{{ find_command.results | selectattr('matched')
      | map(attribute='item') | list }}"

  - name: Declare missing syscalls
    ansible.builtin.set_fact: missing_syscalls="{{ syscalls | difference(syscalls_found)
      }}"

  - name: Replace the audit rule in {{ audit_file }}
    ansible.builtin.lineinfile:
      path: '{{ audit_file }}'
      regexp: (-a always,exit -F arch=b64)(?=.*(?:(?:-S |,)(?:{{ syscalls_per_file[audit_file]
        | join("|") }}))\b)((?:( -S |,)\w+)+)( -F exit=-EPERM -F auid&gt;=1000 -F auid!=unset
        (?:-k |-F key=)\w+)
      line: \1\2\3{{ missing_syscalls | join("\3") }}\4
      backrefs: true
      state: present
      mode: g-rwx,o-rwx
    when: syscalls_found | length &gt; 0 and missing_syscalls | length &gt; 0

  - name: Add the audit rule to {{ audit_file }}
    ansible.builtin.lineinfile:
      path: '{{ audit_file }}'
      line: -a always,exit -F arch=b64 -S {{ syscalls | join(',') }} -F exit=-EPERM
        -F auid&gt;=1000 -F auid!=unset -F key=access
      create: true
      mode: g-rwx,o-rwx
      state: present
    when: syscalls_found | length == 0

  - name: Declare list of syscalls
    ansible.builtin.set_fact:
      syscalls:
      - openat
      syscall_grouping:
      - creat
      - ftruncate
      - truncate
      - open
      - openat
      - open_by_handle_at

  - name: Check existence of openat in /etc/audit/audit.rules
    ansible.builtin.find:
      paths: /etc/audit
      contains: -a always,exit -F arch=b64(( -S |,)\w+)*(( -S |,){{ item }})+(( -S
        |,)\w+)* -F exit=-EPERM -F auid&gt;=1000 -F auid!=unset (-k\s+|-F\s+key=)\S+\s*$
      patterns: audit.rules
    register: find_command
    loop: '{{ (syscall_grouping + syscalls) | unique }}'

  - name: Set path to /etc/audit/audit.rules
    ansible.builtin.set_fact: audit_file="/etc/audit/audit.rules"

  - name: Declare found syscalls
    ansible.builtin.set_fact: syscalls_found="{{ find_command.results | selectattr('matched')
      | map(attribute='item') | list }}"

  - name: Declare missing syscalls
    ansible.builtin.set_fact: missing_syscalls="{{ syscalls | difference(syscalls_found)
      }}"

  - name: Replace the audit rule in {{ audit_file }}
    ansible.builtin.lineinfile:
      path: '{{ audit_file }}'
      regexp: (-a always,exit -F arch=b64)(?=.*(?:(?:-S |,)(?:{{ syscalls_found |
        join("|") }}))\b)((?:( -S |,)\w+)+)( -F exit=-EPERM -F auid&gt;=1000 -F auid!=unset
        (?:-k |-F key=)\w+)
      line: \1\2\3{{ missing_syscalls | join("\3") }}\4
      backrefs: true
      state: present
      mode: g-rwx,o-rwx
    when: syscalls_found | length &gt; 0 and missing_syscalls | length &gt; 0

  - name: Add the audit rule to {{ audit_file }}
    ansible.builtin.lineinfile:
      path: '{{ audit_file }}'
      line: -a always,exit -F arch=b64 -S {{ syscalls | join(',') }} -F exit=-EPERM
        -F auid&gt;=1000 -F auid!=unset -F key=access
      create: true
      mode: g-rwx,o-rwx
      state: present
    when: syscalls_found | length == 0
  when:
  - '"audit" in ansible_facts.packages'
  - ("kernel-default" in ansible_facts.packages or "kernel-default-base" in ansible_facts.packages)
  - audit_arch == "b64"
  tags:
  - CCE-85682-3
  - DISA-STIG-SLES-15-030150
  - NIST-800-171-3.1.7
  - NIST-800-53-AU-12(a)
  - NIST-800-53-AU-12(c)
  - NIST-800-53-AU-12.1(ii)
  - NIST-800-53-AU-12.1(iv)
  - NIST-800-53-AU-3
  - NIST-800-53-AU-3.1
  - NIST-800-53-MA-4(1)(a)
  - PCI-DSS-Req-10.2.1
  - PCI-DSS-Req-10.2.4
  - audit_rules_unsuccessful_file_modification_openat
  - low_complexity
  - low_disruption
  - medium_severity
  - reboot_required
  - restrict_strategy
</fix>
          <check system="http://oval.mitre.org/XMLSchema/oval-definitions-5">
            <check-content-ref name="oval:ssg-audit_rules_unsuccessful_file_modification_openat:def:1" href="ssg-sle15-oval.xml"/>
          </check>
          <check system="http://scap.nist.gov/schema/ocil/2">
            <check-content-ref name="ocil:ssg-audit_rules_unsuccessful_file_modification_openat_ocil:questionnaire:1" href="ssg-sle15-ocil.xml"/>
          </check>
        </Rule>
        <Rule id="xccdf_org.ssgproject.content_rule_audit_rules_unsuccessful_file_modification_rename" selected="false" role="full" severity="medium">
          <title xmlns:xhtml="http://www.w3.org/1999/xhtml" xml:lang="en-US">Record Unsuccessful Delete Attempts to Files - rename</title>
          <description xmlns:xhtml="http://www.w3.org/1999/xhtml" xml:lang="en-US">The audit system should collect unsuccessful file deletion
attempts for all users and root. If the <html:code xmlns:html="http://www.w3.org/1999/xhtml">auditd</html:code> daemon is configured
to use the <html:code xmlns:html="http://www.w3.org/1999/xhtml">augenrules</html:code> program to read audit rules during daemon
startup (the default), add the following lines to a file with suffix
<html:code xmlns:html="http://www.w3.org/1999/xhtml">.rules</html:code> in the directory <html:code xmlns:html="http://www.w3.org/1999/xhtml">/etc/audit/rules.d</html:code>.
If the <html:code xmlns:html="http://www.w3.org/1999/xhtml">auditd</html:code> daemon is configured to use the <html:code xmlns:html="http://www.w3.org/1999/xhtml">auditctl</html:code>
utility to read audit rules during daemon startup, add the following lines to
<html:code xmlns:html="http://www.w3.org/1999/xhtml">/etc/audit/audit.rules</html:code> file.
<html:pre xmlns:html="http://www.w3.org/1999/xhtml">-a always,exit -F arch=b32 -S rename -F exit=-EACCES -F auid&gt;=1000 -F auid!=unset -F key=unsuccessful-delete
-a always,exit -F arch=b32 -S rename -F exit=-EPERM -F auid&gt;=1000 -F auid!=unset -F key=unsuccessful-delete</html:pre>
If the system is 64 bit then also add the following lines:
<html:pre xmlns:html="http://www.w3.org/1999/xhtml">
-a always,exit -F arch=b64 -S rename -F exit=-EACCES -F auid&gt;=1000 -F auid!=unset -F key=unsuccessful-delete
-a always,exit -F arch=b64 -S rename -F exit=-EPERM -F auid&gt;=1000 -F auid!=unset -F key=unsuccessful-delete</html:pre>
       </description>
          <warning xmlns:xhtml="http://www.w3.org/1999/xhtml" xml:lang="en-US" category="general">Note that these rules can be configured in a
number of ways while still achieving the desired effect. Here the system calls
have been placed independent of other system calls. Grouping system calls related
to the same event is more efficient. See the following example:
<html:pre xmlns:html="http://www.w3.org/1999/xhtml">-a always,exit -F arch=b32 -S unlink,unlinkat,rename,renameat -F exit=-EACCES -F auid&gt;=1000 -F auid!=unset -F key=unsuccesful-delete</html:pre>
       </warning>
          <reference href="https://www.cisecurity.org/controls/">1</reference>
          <reference href="https://www.cisecurity.org/controls/">11</reference>
          <reference href="https://www.cisecurity.org/controls/">12</reference>
          <reference href="https://www.cisecurity.org/controls/">13</reference>
          <reference href="https://www.cisecurity.org/controls/">14</reference>
          <reference href="https://www.cisecurity.org/controls/">15</reference>
          <reference href="https://www.cisecurity.org/controls/">16</reference>
          <reference href="https://www.cisecurity.org/controls/">19</reference>
          <reference href="https://www.cisecurity.org/controls/">2</reference>
          <reference href="https://www.cisecurity.org/controls/">3</reference>
          <reference href="https://www.cisecurity.org/controls/">4</reference>
          <reference href="https://www.cisecurity.org/controls/">5</reference>
          <reference href="https://www.cisecurity.org/controls/">6</reference>
          <reference href="https://www.cisecurity.org/controls/">7</reference>
          <reference href="https://www.cisecurity.org/controls/">8</reference>
          <reference href="https://www.cisecurity.org/controls/">9</reference>
          <reference href="https://www.isaca.org/resources/cobit">APO10.01</reference>
          <reference href="https://www.isaca.org/resources/cobit">APO10.03</reference>
          <reference href="https://www.isaca.org/resources/cobit">APO10.04</reference>
          <reference href="https://www.isaca.org/resources/cobit">APO10.05</reference>
          <reference href="https://www.isaca.org/resources/cobit">APO11.04</reference>
          <reference href="https://www.isaca.org/resources/cobit">APO12.06</reference>
          <reference href="https://www.isaca.org/resources/cobit">APO13.01</reference>
          <reference href="https://www.isaca.org/resources/cobit">BAI03.05</reference>
          <reference href="https://www.isaca.org/resources/cobit">BAI08.02</reference>
          <reference href="https://www.isaca.org/resources/cobit">DSS01.03</reference>
          <reference href="https://www.isaca.org/resources/cobit">DSS01.04</reference>
          <reference href="https://www.isaca.org/resources/cobit">DSS02.02</reference>
          <reference href="https://www.isaca.org/resources/cobit">DSS02.04</reference>
          <reference href="https://www.isaca.org/resources/cobit">DSS02.07</reference>
          <reference href="https://www.isaca.org/resources/cobit">DSS03.01</reference>
          <reference href="https://www.isaca.org/resources/cobit">DSS03.05</reference>
          <reference href="https://www.isaca.org/resources/cobit">DSS05.02</reference>
          <reference href="https://www.isaca.org/resources/cobit">DSS05.03</reference>
          <reference href="https://www.isaca.org/resources/cobit">DSS05.04</reference>
          <reference href="https://www.isaca.org/resources/cobit">DSS05.05</reference>
          <reference href="https://www.isaca.org/resources/cobit">DSS05.07</reference>
          <reference href="https://www.isaca.org/resources/cobit">MEA01.01</reference>
          <reference href="https://www.isaca.org/resources/cobit">MEA01.02</reference>
          <reference href="https://www.isaca.org/resources/cobit">MEA01.03</reference>
          <reference href="https://www.isaca.org/resources/cobit">MEA01.04</reference>
          <reference href="https://www.isaca.org/resources/cobit">MEA01.05</reference>
          <reference href="https://www.isaca.org/resources/cobit">MEA02.01</reference>
          <reference href="http://nvlpubs.nist.gov/nistpubs/SpecialPublications/NIST.SP.800-171.pdf">3.1.7</reference>
          <reference href="https://www.gpo.gov/fdsys/pkg/CFR-2007-title45-vol1/pdf/CFR-2007-title45-vol1-chapA-subchapC.pdf">164.308(a)(1)(ii)(D)</reference>
          <reference href="https://www.gpo.gov/fdsys/pkg/CFR-2007-title45-vol1/pdf/CFR-2007-title45-vol1-chapA-subchapC.pdf">164.308(a)(3)(ii)(A)</reference>
          <reference href="https://www.gpo.gov/fdsys/pkg/CFR-2007-title45-vol1/pdf/CFR-2007-title45-vol1-chapA-subchapC.pdf">164.308(a)(5)(ii)(C)</reference>
          <reference href="https://www.gpo.gov/fdsys/pkg/CFR-2007-title45-vol1/pdf/CFR-2007-title45-vol1-chapA-subchapC.pdf">164.312(a)(2)(i)</reference>
          <reference href="https://www.gpo.gov/fdsys/pkg/CFR-2007-title45-vol1/pdf/CFR-2007-title45-vol1-chapA-subchapC.pdf">164.312(b)</reference>
          <reference href="https://www.gpo.gov/fdsys/pkg/CFR-2007-title45-vol1/pdf/CFR-2007-title45-vol1-chapA-subchapC.pdf">164.312(d)</reference>
          <reference href="https://www.gpo.gov/fdsys/pkg/CFR-2007-title45-vol1/pdf/CFR-2007-title45-vol1-chapA-subchapC.pdf">164.312(e)</reference>
          <reference href="https://www.isa.org/products/isa-62443-2-1-2009-security-for-industrial-automat">4.2.3.10</reference>
          <reference href="https://www.isa.org/products/isa-62443-2-1-2009-security-for-industrial-automat">4.3.2.6.7</reference>
          <reference href="https://www.isa.org/products/isa-62443-2-1-2009-security-for-industrial-automat">4.3.3.3.9</reference>
          <reference href="https://www.isa.org/products/isa-62443-2-1-2009-security-for-industrial-automat">4.3.3.5.8</reference>
          <reference href="https://www.isa.org/products/isa-62443-2-1-2009-security-for-industrial-automat">4.3.3.6.6</reference>
          <reference href="https://www.isa.org/products/isa-62443-2-1-2009-security-for-industrial-automat">4.3.4.4.7</reference>
          <reference href="https://www.isa.org/products/isa-62443-2-1-2009-security-for-industrial-automat">4.3.4.5.6</reference>
          <reference href="https://www.isa.org/products/isa-62443-2-1-2009-security-for-industrial-automat">4.3.4.5.7</reference>
          <reference href="https://www.isa.org/products/isa-62443-2-1-2009-security-for-industrial-automat">4.3.4.5.8</reference>
          <reference href="https://www.isa.org/products/isa-62443-2-1-2009-security-for-industrial-automat">4.4.2.1</reference>
          <reference href="https://www.isa.org/products/isa-62443-2-1-2009-security-for-industrial-automat">4.4.2.2</reference>
          <reference href="https://www.isa.org/products/isa-62443-2-1-2009-security-for-industrial-automat">4.4.2.4</reference>
          <reference href="https://www.isa.org/products/ansi-isa-62443-3-3-99-03-03-2013-security-for-indu">SR 1.13</reference>
          <reference href="https://www.isa.org/products/ansi-isa-62443-3-3-99-03-03-2013-security-for-indu">SR 2.10</reference>
          <reference href="https://www.isa.org/products/ansi-isa-62443-3-3-99-03-03-2013-security-for-indu">SR 2.11</reference>
          <reference href="https://www.isa.org/products/ansi-isa-62443-3-3-99-03-03-2013-security-for-indu">SR 2.12</reference>
          <reference href="https://www.isa.org/products/ansi-isa-62443-3-3-99-03-03-2013-security-for-indu">SR 2.6</reference>
          <reference href="https://www.isa.org/products/ansi-isa-62443-3-3-99-03-03-2013-security-for-indu">SR 2.8</reference>
          <reference href="https://www.isa.org/products/ansi-isa-62443-3-3-99-03-03-2013-security-for-indu">SR 2.9</reference>
          <reference href="https://www.isa.org/products/ansi-isa-62443-3-3-99-03-03-2013-security-for-indu">SR 3.1</reference>
          <reference href="https://www.isa.org/products/ansi-isa-62443-3-3-99-03-03-2013-security-for-indu">SR 3.5</reference>
          <reference href="https://www.isa.org/products/ansi-isa-62443-3-3-99-03-03-2013-security-for-indu">SR 3.8</reference>
          <reference href="https://www.isa.org/products/ansi-isa-62443-3-3-99-03-03-2013-security-for-indu">SR 4.1</reference>
          <reference href="https://www.isa.org/products/ansi-isa-62443-3-3-99-03-03-2013-security-for-indu">SR 4.3</reference>
          <reference href="https://www.isa.org/products/ansi-isa-62443-3-3-99-03-03-2013-security-for-indu">SR 5.1</reference>
          <reference href="https://www.isa.org/products/ansi-isa-62443-3-3-99-03-03-2013-security-for-indu">SR 5.2</reference>
          <reference href="https://www.isa.org/products/ansi-isa-62443-3-3-99-03-03-2013-security-for-indu">SR 5.3</reference>
          <reference href="https://www.isa.org/products/ansi-isa-62443-3-3-99-03-03-2013-security-for-indu">SR 6.1</reference>
          <reference href="https://www.isa.org/products/ansi-isa-62443-3-3-99-03-03-2013-security-for-indu">SR 6.2</reference>
          <reference href="https://www.isa.org/products/ansi-isa-62443-3-3-99-03-03-2013-security-for-indu">SR 7.1</reference>
          <reference href="https://www.isa.org/products/ansi-isa-62443-3-3-99-03-03-2013-security-for-indu">SR 7.6</reference>
          <reference href="https://www.iso.org/contents/data/standard/05/45/54534.html">A.11.2.6</reference>
          <reference href="https://www.iso.org/contents/data/standard/05/45/54534.html">A.12.4.1</reference>
          <reference href="https://www.iso.org/contents/data/standard/05/45/54534.html">A.12.4.2</reference>
          <reference href="https://www.iso.org/contents/data/standard/05/45/54534.html">A.12.4.3</reference>
          <reference href="https://www.iso.org/contents/data/standard/05/45/54534.html">A.12.4.4</reference>
          <reference href="https://www.iso.org/contents/data/standard/05/45/54534.html">A.12.7.1</reference>
          <reference href="https://www.iso.org/contents/data/standard/05/45/54534.html">A.13.1.1</reference>
          <reference href="https://www.iso.org/contents/data/standard/05/45/54534.html">A.13.2.1</reference>
          <reference href="https://www.iso.org/contents/data/standard/05/45/54534.html">A.14.1.3</reference>
          <reference href="https://www.iso.org/contents/data/standard/05/45/54534.html">A.14.2.7</reference>
          <reference href="https://www.iso.org/contents/data/standard/05/45/54534.html">A.15.2.1</reference>
          <reference href="https://www.iso.org/contents/data/standard/05/45/54534.html">A.15.2.2</reference>
          <reference href="https://www.iso.org/contents/data/standard/05/45/54534.html">A.16.1.4</reference>
          <reference href="https://www.iso.org/contents/data/standard/05/45/54534.html">A.16.1.5</reference>
          <reference href="https://www.iso.org/contents/data/standard/05/45/54534.html">A.16.1.7</reference>
          <reference href="https://www.iso.org/contents/data/standard/05/45/54534.html">A.6.2.1</reference>
          <reference href="https://www.iso.org/contents/data/standard/05/45/54534.html">A.6.2.2</reference>
          <reference href="http://nvlpubs.nist.gov/nistpubs/SpecialPublications/NIST.SP.800-53r4.pdf">AU-12(c)</reference>
          <reference href="http://nvlpubs.nist.gov/nistpubs/SpecialPublications/NIST.SP.800-53r4.pdf">AU-12.1(iv)</reference>
          <reference href="https://nvlpubs.nist.gov/nistpubs/CSWP/NIST.CSWP.04162018.pdf">DE.AE-3</reference>
          <reference href="https://nvlpubs.nist.gov/nistpubs/CSWP/NIST.CSWP.04162018.pdf">DE.AE-5</reference>
          <reference href="https://nvlpubs.nist.gov/nistpubs/CSWP/NIST.CSWP.04162018.pdf">DE.CM-1</reference>
          <reference href="https://nvlpubs.nist.gov/nistpubs/CSWP/NIST.CSWP.04162018.pdf">DE.CM-3</reference>
          <reference href="https://nvlpubs.nist.gov/nistpubs/CSWP/NIST.CSWP.04162018.pdf">DE.CM-7</reference>
          <reference href="https://nvlpubs.nist.gov/nistpubs/CSWP/NIST.CSWP.04162018.pdf">ID.SC-4</reference>
          <reference href="https://nvlpubs.nist.gov/nistpubs/CSWP/NIST.CSWP.04162018.pdf">PR.AC-3</reference>
          <reference href="https://nvlpubs.nist.gov/nistpubs/CSWP/NIST.CSWP.04162018.pdf">PR.PT-1</reference>
          <reference href="https://nvlpubs.nist.gov/nistpubs/CSWP/NIST.CSWP.04162018.pdf">PR.PT-4</reference>
          <reference href="https://nvlpubs.nist.gov/nistpubs/CSWP/NIST.CSWP.04162018.pdf">RS.AN-1</reference>
          <reference href="https://nvlpubs.nist.gov/nistpubs/CSWP/NIST.CSWP.04162018.pdf">RS.AN-4</reference>
          <reference href="https://www.pcisecuritystandards.org/documents/PCI_DSS_v3-2-1.pdf">Req-10.2.4</reference>
          <reference href="https://www.pcisecuritystandards.org/documents/PCI_DSS_v3-2-1.pdf">Req-10.2.1</reference>
          <reference href="https://www.cyber.mil/stigs/downloads/?_dl_facet_stigs=operating-systems%2Cgeneral-purpose-os">SRG-OS-000064-GPOS-00033</reference>
          <reference href="https://www.cyber.mil/stigs/downloads/?_dl_facet_stigs=operating-systems%2Cgeneral-purpose-os">SRG-OS-000392-GPOS-00172</reference>
          <reference href="https://www.cyber.mil/stigs/downloads/?_dl_facet_stigs=operating-systems%2Cgeneral-purpose-os">SRG-OS-000458-GPOS-00203</reference>
          <reference href="https://www.cyber.mil/stigs/downloads/?_dl_facet_stigs=operating-systems%2Cgeneral-purpose-os">SRG-OS-000461-GPOS-00205</reference>
          <reference href="https://www.cyber.mil/stigs/downloads/?_dl_facet_stigs=operating-systems%2Cgeneral-purpose-os">SRG-OS-000468-GPOS-00212</reference>
          <reference href="https://www.cyber.mil/stigs/downloads/?_dl_facet_stigs=app-security">SRG-APP-000501-CTR-001265</reference>
          <reference href="https://www.cyber.mil/stigs/downloads/?_dl_facet_stigs=app-security">SRG-APP-000502-CTR-001270</reference>
          <reference href="https://www.cyber.mil/stigs/downloads/?_dl_facet_stigs=operating-systems%2Cunix-linux">SLES-15-030740</reference>
          <reference href="https://www.cyber.mil/stigs/srg-stig-tools/">SV-234973r991577_rule</reference>
          <rationale xmlns:xhtml="http://www.w3.org/1999/xhtml" xml:lang="en-US">Unsuccessful attempts to delete files could be an indicator of malicious activity on a system. Auditing
these events could serve as evidence of potential system compromise.</rationale>
          <platform idref="#not_aarch64_arch"/>
          <ident system="https://ncp.nist.gov/cce">CCE-85701-1</ident>
          <fix xmlns:xhtml="http://www.w3.org/1999/xhtml" id="audit_rules_unsuccessful_file_modification_rename" system="urn:xccdf:fix:script:sh"># Remediation is applicable only in certain platforms
if rpm --quiet -q audit &amp;&amp; rpm --quiet -q kernel-default || rpm --quiet -q kernel-default-base &amp;&amp; { ! ( ( grep -sqE "^.*\.aarch64$" /proc/sys/kernel/osrelease || grep -sqE "^aarch64$" /proc/sys/kernel/arch; ) ); }; then

# First perform the remediation of the syscall rule
# Retrieve hardware architecture of the underlying system
[ "$(getconf LONG_BIT)" = "32" ] &amp;&amp; RULE_ARCHS=("b32") || RULE_ARCHS=("b32" "b64")

AUID_FILTERS="-F auid&gt;=1000 -F auid!=unset"
SYSCALL="rename"
KEY="access"
SYSCALL_GROUPING="rename renameat renameat2 unlink unlinkat"

for ARCH in "${RULE_ARCHS[@]}"
do
	ACTION_ARCH_FILTERS="-a always,exit -F arch=$ARCH"
	OTHER_FILTERS="-F exit=-EACCES"
	# Perform the remediation for both possible tools: 'auditctl' and 'augenrules'
	unset syscall_a
unset syscall_grouping
unset syscall_string
unset syscall
unset file_to_edit
unset rule_to_edit
unset rule_syscalls_to_edit
unset other_string
unset auid_string
unset full_rule

# Load macro arguments into arrays
read -a syscall_a &lt;&lt;&lt; $SYSCALL
read -a syscall_grouping &lt;&lt;&lt; $SYSCALL_GROUPING

# Create a list of audit *.rules files that should be inspected for presence and correctness
# of a particular audit rule. The scheme is as follows:
#
# -----------------------------------------------------------------------------------------
#  Tool used to load audit rules | Rule already defined  |  Audit rules file to inspect    |
# -----------------------------------------------------------------------------------------
#        auditctl                |     Doesn't matter    |  /etc/audit/audit.rules         |
# -----------------------------------------------------------------------------------------
#        augenrules              |          Yes          |  /etc/audit/rules.d/*.rules     |
#        augenrules              |          No           |  /etc/audit/rules.d/$key.rules  |
# -----------------------------------------------------------------------------------------
#
files_to_inspect=()

# If audit tool is 'augenrules', then check if the audit rule is defined
# If rule is defined, add '/etc/audit/rules.d/*.rules' to the list for inspection
# If rule isn't defined yet, add '/etc/audit/rules.d/$key.rules' to the list for inspection
default_file="/etc/audit/rules.d/$KEY.rules"
# As other_filters may include paths, lets use a different delimiter for it
# The "F" script expression tells sed to print the filenames where the expressions matched
readarray -t files_to_inspect &lt; &lt;(sed -s -n -e "/^$ACTION_ARCH_FILTERS/!d" -e "\#$OTHER_FILTERS#!d" -e "/$AUID_FILTERS/!d" -e "F" /etc/audit/rules.d/*.rules)
# Case when particular rule isn't defined in /etc/audit/rules.d/*.rules yet
if [ ${#files_to_inspect[@]} -eq "0" ]
then
    file_to_inspect="/etc/audit/rules.d/$KEY.rules"
    files_to_inspect=("$file_to_inspect")
    if [ ! -e "$file_to_inspect" ]
    then
        touch "$file_to_inspect"
        chmod 0600 "$file_to_inspect"
    fi
fi

# After converting to jinja, we cannot return; therefore we skip the rest of the macro if needed instead
skip=1

for audit_file in "${files_to_inspect[@]}"
do
    # Filter existing $audit_file rules' definitions to select those that satisfy the rule pattern,
    # i.e, collect rules that match:
    # * the action, list and arch, (2-nd argument)
    # * the other filters, (3-rd argument)
    # * the auid filters, (4-rd argument)
    readarray -t similar_rules &lt; &lt;(sed -e "/^$ACTION_ARCH_FILTERS/!d"  -e "\#$OTHER_FILTERS#!d" -e "/$AUID_FILTERS/!d" "$audit_file")

    candidate_rules=()
    # Filter out rules that have more fields then required. This will remove rules more specific than the required scope
    for s_rule in "${similar_rules[@]}"
    do
        # Strip all the options and fields we know of,
        # than check if there was any field left over
        extra_fields=$(sed -E -e "s/^$ACTION_ARCH_FILTERS//"  -e "s#$OTHER_FILTERS##" -e "s/$AUID_FILTERS//" -e "s/((:?-S [[:alnum:],]+)+)//g" -e "s/-F key=\w+|-k \w+//"&lt;&lt;&lt; "$s_rule")
        grep -q -- "-F" &lt;&lt;&lt; "$extra_fields" || candidate_rules+=("$s_rule")
    done

    if [[ ${#syscall_a[@]} -ge 1 ]]
    then
        # Check if the syscall we want is present in any of the similar existing rules
        for rule in "${candidate_rules[@]}"
        do
            rule_syscalls=$(echo "$rule" | grep -o -P '(-S [\w,]+)+' | xargs)
            all_syscalls_found=0
            for syscall in "${syscall_a[@]}"
            do
                grep -q -- "\b${syscall}\b" &lt;&lt;&lt; "$rule_syscalls" || {
                   # A syscall was not found in the candidate rule
                   all_syscalls_found=1
                   }
            done
            if [[ $all_syscalls_found -eq 0 ]]
            then
                # We found a rule with all the syscall(s) we want; skip rest of macro
                skip=0
                break
            fi

            # Check if this rule can be grouped with our target syscall and keep track of it
            for syscall_g in "${syscall_grouping[@]}"
            do
                if grep -q -- "\b${syscall_g}\b" &lt;&lt;&lt; "$rule_syscalls"
                then
                    file_to_edit=${audit_file}
                    rule_to_edit=${rule}
                    rule_syscalls_to_edit=${rule_syscalls}
                fi
            done
        done
    else
        # If there is any candidate rule, it is compliant; skip rest of macro
        if [ "${#candidate_rules[@]}" -gt 0 ]
        then
            skip=0
        fi
    fi

    if [ "$skip" -eq 0 ]; then
        break
    fi
done

if [ "$skip" -ne 0 ]; then
    # We checked all rules that matched the expected resemblance pattern (action, arch &amp; auid)
    # At this point we know if we need to either append the $full_rule or group
    # the syscall together with an exsiting rule

    # Append the full_rule if it cannot be grouped to any other rule
    if [ -z ${rule_to_edit+x} ]
    then
        # Build full_rule while avoid adding double spaces when other_filters is empty
        if [ "${#syscall_a[@]}" -gt 0 ]
        then
            syscall_string=""
            for syscall in "${syscall_a[@]}"
            do
                syscall_string+=" -S $syscall"
            done
        fi
        other_string=$([[ $OTHER_FILTERS ]] &amp;&amp; echo " $OTHER_FILTERS") || /bin/true
        auid_string=$([[ $AUID_FILTERS ]] &amp;&amp; echo " $AUID_FILTERS") || /bin/true
        full_rule="$ACTION_ARCH_FILTERS${syscall_string}${other_string}${auid_string} -F key=$KEY" || /bin/true
        echo "$full_rule" &gt;&gt; "$default_file"
        chmod 0600 ${default_file}
    else
        # Check if the syscalls are declared as a comma separated list or
        # as multiple -S parameters
        if grep -q -- "," &lt;&lt;&lt; "${rule_syscalls_to_edit}"
        then
            delimiter=","
        else
            delimiter=" -S "
        fi
        new_grouped_syscalls="${rule_syscalls_to_edit}"
        for syscall in "${syscall_a[@]}"
        do
            grep -q -- "\b${syscall}\b" &lt;&lt;&lt; "${rule_syscalls_to_edit}" || {
               # A syscall was not found in the candidate rule
               new_grouped_syscalls+="${delimiter}${syscall}"
               }
        done

        # Group the syscall in the rule
        sed -i -e "\#${rule_to_edit}#s#${rule_syscalls_to_edit}#${new_grouped_syscalls}#" "$file_to_edit"
    fi
fi
	unset syscall_a
unset syscall_grouping
unset syscall_string
unset syscall
unset file_to_edit
unset rule_to_edit
unset rule_syscalls_to_edit
unset other_string
unset auid_string
unset full_rule

# Load macro arguments into arrays
read -a syscall_a &lt;&lt;&lt; $SYSCALL
read -a syscall_grouping &lt;&lt;&lt; $SYSCALL_GROUPING

# Create a list of audit *.rules files that should be inspected for presence and correctness
# of a particular audit rule. The scheme is as follows:
#
# -----------------------------------------------------------------------------------------
#  Tool used to load audit rules | Rule already defined  |  Audit rules file to inspect    |
# -----------------------------------------------------------------------------------------
#        auditctl                |     Doesn't matter    |  /etc/audit/audit.rules         |
# -----------------------------------------------------------------------------------------
#        augenrules              |          Yes          |  /etc/audit/rules.d/*.rules     |
#        augenrules              |          No           |  /etc/audit/rules.d/$key.rules  |
# -----------------------------------------------------------------------------------------
#
files_to_inspect=()


# If audit tool is 'auditctl', then add '/etc/audit/audit.rules'
# file to the list of files to be inspected
default_file="/etc/audit/audit.rules"
files_to_inspect+=('/etc/audit/audit.rules' )

# After converting to jinja, we cannot return; therefore we skip the rest of the macro if needed instead
skip=1

for audit_file in "${files_to_inspect[@]}"
do
    # Filter existing $audit_file rules' definitions to select those that satisfy the rule pattern,
    # i.e, collect rules that match:
    # * the action, list and arch, (2-nd argument)
    # * the other filters, (3-rd argument)
    # * the auid filters, (4-rd argument)
    readarray -t similar_rules &lt; &lt;(sed -e "/^$ACTION_ARCH_FILTERS/!d"  -e "\#$OTHER_FILTERS#!d" -e "/$AUID_FILTERS/!d" "$audit_file")

    candidate_rules=()
    # Filter out rules that have more fields then required. This will remove rules more specific than the required scope
    for s_rule in "${similar_rules[@]}"
    do
        # Strip all the options and fields we know of,
        # than check if there was any field left over
        extra_fields=$(sed -E -e "s/^$ACTION_ARCH_FILTERS//"  -e "s#$OTHER_FILTERS##" -e "s/$AUID_FILTERS//" -e "s/((:?-S [[:alnum:],]+)+)//g" -e "s/-F key=\w+|-k \w+//"&lt;&lt;&lt; "$s_rule")
        grep -q -- "-F" &lt;&lt;&lt; "$extra_fields" || candidate_rules+=("$s_rule")
    done

    if [[ ${#syscall_a[@]} -ge 1 ]]
    then
        # Check if the syscall we want is present in any of the similar existing rules
        for rule in "${candidate_rules[@]}"
        do
            rule_syscalls=$(echo "$rule" | grep -o -P '(-S [\w,]+)+' | xargs)
            all_syscalls_found=0
            for syscall in "${syscall_a[@]}"
            do
                grep -q -- "\b${syscall}\b" &lt;&lt;&lt; "$rule_syscalls" || {
                   # A syscall was not found in the candidate rule
                   all_syscalls_found=1
                   }
            done
            if [[ $all_syscalls_found -eq 0 ]]
            then
                # We found a rule with all the syscall(s) we want; skip rest of macro
                skip=0
                break
            fi

            # Check if this rule can be grouped with our target syscall and keep track of it
            for syscall_g in "${syscall_grouping[@]}"
            do
                if grep -q -- "\b${syscall_g}\b" &lt;&lt;&lt; "$rule_syscalls"
                then
                    file_to_edit=${audit_file}
                    rule_to_edit=${rule}
                    rule_syscalls_to_edit=${rule_syscalls}
                fi
            done
        done
    else
        # If there is any candidate rule, it is compliant; skip rest of macro
        if [ "${#candidate_rules[@]}" -gt 0 ]
        then
            skip=0
        fi
    fi

    if [ "$skip" -eq 0 ]; then
        break
    fi
done

if [ "$skip" -ne 0 ]; then
    # We checked all rules that matched the expected resemblance pattern (action, arch &amp; auid)
    # At this point we know if we need to either append the $full_rule or group
    # the syscall together with an exsiting rule

    # Append the full_rule if it cannot be grouped to any other rule
    if [ -z ${rule_to_edit+x} ]
    then
        # Build full_rule while avoid adding double spaces when other_filters is empty
        if [ "${#syscall_a[@]}" -gt 0 ]
        then
            syscall_string=""
            for syscall in "${syscall_a[@]}"
            do
                syscall_string+=" -S $syscall"
            done
        fi
        other_string=$([[ $OTHER_FILTERS ]] &amp;&amp; echo " $OTHER_FILTERS") || /bin/true
        auid_string=$([[ $AUID_FILTERS ]] &amp;&amp; echo " $AUID_FILTERS") || /bin/true
        full_rule="$ACTION_ARCH_FILTERS${syscall_string}${other_string}${auid_string} -F key=$KEY" || /bin/true
        echo "$full_rule" &gt;&gt; "$default_file"
        chmod 0600 ${default_file}
    else
        # Check if the syscalls are declared as a comma separated list or
        # as multiple -S parameters
        if grep -q -- "," &lt;&lt;&lt; "${rule_syscalls_to_edit}"
        then
            delimiter=","
        else
            delimiter=" -S "
        fi
        new_grouped_syscalls="${rule_syscalls_to_edit}"
        for syscall in "${syscall_a[@]}"
        do
            grep -q -- "\b${syscall}\b" &lt;&lt;&lt; "${rule_syscalls_to_edit}" || {
               # A syscall was not found in the candidate rule
               new_grouped_syscalls+="${delimiter}${syscall}"
               }
        done

        # Group the syscall in the rule
        sed -i -e "\#${rule_to_edit}#s#${rule_syscalls_to_edit}#${new_grouped_syscalls}#" "$file_to_edit"
    fi
fi
done

for ARCH in "${RULE_ARCHS[@]}"
do
	ACTION_ARCH_FILTERS="-a always,exit -F arch=$ARCH"
	OTHER_FILTERS="-F exit=-EPERM"
	# Perform the remediation for both possible tools: 'auditctl' and 'augenrules'
	unset syscall_a
unset syscall_grouping
unset syscall_string
unset syscall
unset file_to_edit
unset rule_to_edit
unset rule_syscalls_to_edit
unset other_string
unset auid_string
unset full_rule

# Load macro arguments into arrays
read -a syscall_a &lt;&lt;&lt; $SYSCALL
read -a syscall_grouping &lt;&lt;&lt; $SYSCALL_GROUPING

# Create a list of audit *.rules files that should be inspected for presence and correctness
# of a particular audit rule. The scheme is as follows:
#
# -----------------------------------------------------------------------------------------
#  Tool used to load audit rules | Rule already defined  |  Audit rules file to inspect    |
# -----------------------------------------------------------------------------------------
#        auditctl                |     Doesn't matter    |  /etc/audit/audit.rules         |
# -----------------------------------------------------------------------------------------
#        augenrules              |          Yes          |  /etc/audit/rules.d/*.rules     |
#        augenrules              |          No           |  /etc/audit/rules.d/$key.rules  |
# -----------------------------------------------------------------------------------------
#
files_to_inspect=()

# If audit tool is 'augenrules', then check if the audit rule is defined
# If rule is defined, add '/etc/audit/rules.d/*.rules' to the list for inspection
# If rule isn't defined yet, add '/etc/audit/rules.d/$key.rules' to the list for inspection
default_file="/etc/audit/rules.d/$KEY.rules"
# As other_filters may include paths, lets use a different delimiter for it
# The "F" script expression tells sed to print the filenames where the expressions matched
readarray -t files_to_inspect &lt; &lt;(sed -s -n -e "/^$ACTION_ARCH_FILTERS/!d" -e "\#$OTHER_FILTERS#!d" -e "/$AUID_FILTERS/!d" -e "F" /etc/audit/rules.d/*.rules)
# Case when particular rule isn't defined in /etc/audit/rules.d/*.rules yet
if [ ${#files_to_inspect[@]} -eq "0" ]
then
    file_to_inspect="/etc/audit/rules.d/$KEY.rules"
    files_to_inspect=("$file_to_inspect")
    if [ ! -e "$file_to_inspect" ]
    then
        touch "$file_to_inspect"
        chmod 0600 "$file_to_inspect"
    fi
fi

# After converting to jinja, we cannot return; therefore we skip the rest of the macro if needed instead
skip=1

for audit_file in "${files_to_inspect[@]}"
do
    # Filter existing $audit_file rules' definitions to select those that satisfy the rule pattern,
    # i.e, collect rules that match:
    # * the action, list and arch, (2-nd argument)
    # * the other filters, (3-rd argument)
    # * the auid filters, (4-rd argument)
    readarray -t similar_rules &lt; &lt;(sed -e "/^$ACTION_ARCH_FILTERS/!d"  -e "\#$OTHER_FILTERS#!d" -e "/$AUID_FILTERS/!d" "$audit_file")

    candidate_rules=()
    # Filter out rules that have more fields then required. This will remove rules more specific than the required scope
    for s_rule in "${similar_rules[@]}"
    do
        # Strip all the options and fields we know of,
        # than check if there was any field left over
        extra_fields=$(sed -E -e "s/^$ACTION_ARCH_FILTERS//"  -e "s#$OTHER_FILTERS##" -e "s/$AUID_FILTERS//" -e "s/((:?-S [[:alnum:],]+)+)//g" -e "s/-F key=\w+|-k \w+//"&lt;&lt;&lt; "$s_rule")
        grep -q -- "-F" &lt;&lt;&lt; "$extra_fields" || candidate_rules+=("$s_rule")
    done

    if [[ ${#syscall_a[@]} -ge 1 ]]
    then
        # Check if the syscall we want is present in any of the similar existing rules
        for rule in "${candidate_rules[@]}"
        do
            rule_syscalls=$(echo "$rule" | grep -o -P '(-S [\w,]+)+' | xargs)
            all_syscalls_found=0
            for syscall in "${syscall_a[@]}"
            do
                grep -q -- "\b${syscall}\b" &lt;&lt;&lt; "$rule_syscalls" || {
                   # A syscall was not found in the candidate rule
                   all_syscalls_found=1
                   }
            done
            if [[ $all_syscalls_found -eq 0 ]]
            then
                # We found a rule with all the syscall(s) we want; skip rest of macro
                skip=0
                break
            fi

            # Check if this rule can be grouped with our target syscall and keep track of it
            for syscall_g in "${syscall_grouping[@]}"
            do
                if grep -q -- "\b${syscall_g}\b" &lt;&lt;&lt; "$rule_syscalls"
                then
                    file_to_edit=${audit_file}
                    rule_to_edit=${rule}
                    rule_syscalls_to_edit=${rule_syscalls}
                fi
            done
        done
    else
        # If there is any candidate rule, it is compliant; skip rest of macro
        if [ "${#candidate_rules[@]}" -gt 0 ]
        then
            skip=0
        fi
    fi

    if [ "$skip" -eq 0 ]; then
        break
    fi
done

if [ "$skip" -ne 0 ]; then
    # We checked all rules that matched the expected resemblance pattern (action, arch &amp; auid)
    # At this point we know if we need to either append the $full_rule or group
    # the syscall together with an exsiting rule

    # Append the full_rule if it cannot be grouped to any other rule
    if [ -z ${rule_to_edit+x} ]
    then
        # Build full_rule while avoid adding double spaces when other_filters is empty
        if [ "${#syscall_a[@]}" -gt 0 ]
        then
            syscall_string=""
            for syscall in "${syscall_a[@]}"
            do
                syscall_string+=" -S $syscall"
            done
        fi
        other_string=$([[ $OTHER_FILTERS ]] &amp;&amp; echo " $OTHER_FILTERS") || /bin/true
        auid_string=$([[ $AUID_FILTERS ]] &amp;&amp; echo " $AUID_FILTERS") || /bin/true
        full_rule="$ACTION_ARCH_FILTERS${syscall_string}${other_string}${auid_string} -F key=$KEY" || /bin/true
        echo "$full_rule" &gt;&gt; "$default_file"
        chmod 0600 ${default_file}
    else
        # Check if the syscalls are declared as a comma separated list or
        # as multiple -S parameters
        if grep -q -- "," &lt;&lt;&lt; "${rule_syscalls_to_edit}"
        then
            delimiter=","
        else
            delimiter=" -S "
        fi
        new_grouped_syscalls="${rule_syscalls_to_edit}"
        for syscall in "${syscall_a[@]}"
        do
            grep -q -- "\b${syscall}\b" &lt;&lt;&lt; "${rule_syscalls_to_edit}" || {
               # A syscall was not found in the candidate rule
               new_grouped_syscalls+="${delimiter}${syscall}"
               }
        done

        # Group the syscall in the rule
        sed -i -e "\#${rule_to_edit}#s#${rule_syscalls_to_edit}#${new_grouped_syscalls}#" "$file_to_edit"
    fi
fi
	unset syscall_a
unset syscall_grouping
unset syscall_string
unset syscall
unset file_to_edit
unset rule_to_edit
unset rule_syscalls_to_edit
unset other_string
unset auid_string
unset full_rule

# Load macro arguments into arrays
read -a syscall_a &lt;&lt;&lt; $SYSCALL
read -a syscall_grouping &lt;&lt;&lt; $SYSCALL_GROUPING

# Create a list of audit *.rules files that should be inspected for presence and correctness
# of a particular audit rule. The scheme is as follows:
#
# -----------------------------------------------------------------------------------------
#  Tool used to load audit rules | Rule already defined  |  Audit rules file to inspect    |
# -----------------------------------------------------------------------------------------
#        auditctl                |     Doesn't matter    |  /etc/audit/audit.rules         |
# -----------------------------------------------------------------------------------------
#        augenrules              |          Yes          |  /etc/audit/rules.d/*.rules     |
#        augenrules              |          No           |  /etc/audit/rules.d/$key.rules  |
# -----------------------------------------------------------------------------------------
#
files_to_inspect=()


# If audit tool is 'auditctl', then add '/etc/audit/audit.rules'
# file to the list of files to be inspected
default_file="/etc/audit/audit.rules"
files_to_inspect+=('/etc/audit/audit.rules' )

# After converting to jinja, we cannot return; therefore we skip the rest of the macro if needed instead
skip=1

for audit_file in "${files_to_inspect[@]}"
do
    # Filter existing $audit_file rules' definitions to select those that satisfy the rule pattern,
    # i.e, collect rules that match:
    # * the action, list and arch, (2-nd argument)
    # * the other filters, (3-rd argument)
    # * the auid filters, (4-rd argument)
    readarray -t similar_rules &lt; &lt;(sed -e "/^$ACTION_ARCH_FILTERS/!d"  -e "\#$OTHER_FILTERS#!d" -e "/$AUID_FILTERS/!d" "$audit_file")

    candidate_rules=()
    # Filter out rules that have more fields then required. This will remove rules more specific than the required scope
    for s_rule in "${similar_rules[@]}"
    do
        # Strip all the options and fields we know of,
        # than check if there was any field left over
        extra_fields=$(sed -E -e "s/^$ACTION_ARCH_FILTERS//"  -e "s#$OTHER_FILTERS##" -e "s/$AUID_FILTERS//" -e "s/((:?-S [[:alnum:],]+)+)//g" -e "s/-F key=\w+|-k \w+//"&lt;&lt;&lt; "$s_rule")
        grep -q -- "-F" &lt;&lt;&lt; "$extra_fields" || candidate_rules+=("$s_rule")
    done

    if [[ ${#syscall_a[@]} -ge 1 ]]
    then
        # Check if the syscall we want is present in any of the similar existing rules
        for rule in "${candidate_rules[@]}"
        do
            rule_syscalls=$(echo "$rule" | grep -o -P '(-S [\w,]+)+' | xargs)
            all_syscalls_found=0
            for syscall in "${syscall_a[@]}"
            do
                grep -q -- "\b${syscall}\b" &lt;&lt;&lt; "$rule_syscalls" || {
                   # A syscall was not found in the candidate rule
                   all_syscalls_found=1
                   }
            done
            if [[ $all_syscalls_found -eq 0 ]]
            then
                # We found a rule with all the syscall(s) we want; skip rest of macro
                skip=0
                break
            fi

            # Check if this rule can be grouped with our target syscall and keep track of it
            for syscall_g in "${syscall_grouping[@]}"
            do
                if grep -q -- "\b${syscall_g}\b" &lt;&lt;&lt; "$rule_syscalls"
                then
                    file_to_edit=${audit_file}
                    rule_to_edit=${rule}
                    rule_syscalls_to_edit=${rule_syscalls}
                fi
            done
        done
    else
        # If there is any candidate rule, it is compliant; skip rest of macro
        if [ "${#candidate_rules[@]}" -gt 0 ]
        then
            skip=0
        fi
    fi

    if [ "$skip" -eq 0 ]; then
        break
    fi
done

if [ "$skip" -ne 0 ]; then
    # We checked all rules that matched the expected resemblance pattern (action, arch &amp; auid)
    # At this point we know if we need to either append the $full_rule or group
    # the syscall together with an exsiting rule

    # Append the full_rule if it cannot be grouped to any other rule
    if [ -z ${rule_to_edit+x} ]
    then
        # Build full_rule while avoid adding double spaces when other_filters is empty
        if [ "${#syscall_a[@]}" -gt 0 ]
        then
            syscall_string=""
            for syscall in "${syscall_a[@]}"
            do
                syscall_string+=" -S $syscall"
            done
        fi
        other_string=$([[ $OTHER_FILTERS ]] &amp;&amp; echo " $OTHER_FILTERS") || /bin/true
        auid_string=$([[ $AUID_FILTERS ]] &amp;&amp; echo " $AUID_FILTERS") || /bin/true
        full_rule="$ACTION_ARCH_FILTERS${syscall_string}${other_string}${auid_string} -F key=$KEY" || /bin/true
        echo "$full_rule" &gt;&gt; "$default_file"
        chmod 0600 ${default_file}
    else
        # Check if the syscalls are declared as a comma separated list or
        # as multiple -S parameters
        if grep -q -- "," &lt;&lt;&lt; "${rule_syscalls_to_edit}"
        then
            delimiter=","
        else
            delimiter=" -S "
        fi
        new_grouped_syscalls="${rule_syscalls_to_edit}"
        for syscall in "${syscall_a[@]}"
        do
            grep -q -- "\b${syscall}\b" &lt;&lt;&lt; "${rule_syscalls_to_edit}" || {
               # A syscall was not found in the candidate rule
               new_grouped_syscalls+="${delimiter}${syscall}"
               }
        done

        # Group the syscall in the rule
        sed -i -e "\#${rule_to_edit}#s#${rule_syscalls_to_edit}#${new_grouped_syscalls}#" "$file_to_edit"
    fi
fi
done

else
    &gt;&amp;2 echo 'Remediation is not applicable, nothing was done'
fi
</fix>
          <fix xmlns:xhtml="http://www.w3.org/1999/xhtml" id="audit_rules_unsuccessful_file_modification_rename" system="urn:xccdf:fix:script:ansible" reboot="true" complexity="low" disruption="low" strategy="restrict">- name: Gather the package facts
  package_facts:
    manager: auto
  tags:
  - CCE-85701-1
  - DISA-STIG-SLES-15-030740
  - NIST-800-171-3.1.7
  - NIST-800-53-AU-12(c)
  - NIST-800-53-AU-12.1(iv)
  - PCI-DSS-Req-10.2.1
  - PCI-DSS-Req-10.2.4
  - audit_rules_unsuccessful_file_modification_rename
  - low_complexity
  - low_disruption
  - medium_severity
  - reboot_required
  - restrict_strategy

- name: Set architecture for audit rename tasks
  ansible.builtin.set_fact:
    audit_arch: b64
  when:
  - '"audit" in ansible_facts.packages'
  - ("kernel-default" in ansible_facts.packages or "kernel-default-base" in ansible_facts.packages)
  - not ( ansible_architecture == "aarch64" )
  - ansible_architecture == "aarch64" or ansible_architecture == "ppc64" or ansible_architecture
    == "ppc64le" or ansible_architecture == "s390x" or ansible_architecture == "x86_64"
  tags:
  - CCE-85701-1
  - DISA-STIG-SLES-15-030740
  - NIST-800-171-3.1.7
  - NIST-800-53-AU-12(c)
  - NIST-800-53-AU-12.1(iv)
  - PCI-DSS-Req-10.2.1
  - PCI-DSS-Req-10.2.4
  - audit_rules_unsuccessful_file_modification_rename
  - low_complexity
  - low_disruption
  - medium_severity
  - reboot_required
  - restrict_strategy

- name: Perform remediation of Audit rules for rename EACCES for 32bit platform
  block:

  - name: Declare list of syscalls
    ansible.builtin.set_fact:
      syscalls:
      - rename
      syscall_grouping:
      - rename
      - renameat
      - renameat2
      - unlink
      - unlinkat

  - name: Check existence of rename in /etc/audit/rules.d/
    ansible.builtin.find:
      paths: /etc/audit/rules.d
      contains: -a always,exit -F arch=b32(( -S |,)\w+)*(( -S |,){{ item }})+(( -S
        |,)\w+)* -F exit=-EACCES -F auid&gt;=1000 -F auid!=unset (-k\s+|-F\s+key=)\S+\s*$
      patterns: '*.rules'
    register: find_command
    loop: '{{ (syscall_grouping + syscalls) | unique }}'

  - name: Reset syscalls found per file
    ansible.builtin.set_fact:
      syscalls_per_file: {}
      found_paths_dict: {}

  - name: Declare syscalls found per file
    ansible.builtin.set_fact: syscalls_per_file="{{ syscalls_per_file | combine( {item.files[0].path
      :[item.item] + syscalls_per_file.get(item.files[0].path, []) } ) }}"
    loop: '{{ find_command.results | selectattr(''matched'') | list }}'

  - name: Declare files where syscalls were found
    ansible.builtin.set_fact: found_paths="{{ find_command.results | map(attribute='files')
      | flatten | map(attribute='path') | list }}"

  - name: Count occurrences of syscalls in paths
    ansible.builtin.set_fact: found_paths_dict="{{ found_paths_dict | combine({ item:1+found_paths_dict.get(item,
      0) }) }}"
    loop: '{{ find_command.results | map(attribute=''files'') | flatten | map(attribute=''path'')
      | list }}'

  - name: Get path with most syscalls
    ansible.builtin.set_fact: audit_file="{{ (found_paths_dict | dict2items() | sort(attribute='value')
      | last).key }}"
    when: found_paths | length &gt;= 1

  - name: No file with syscall found, set path to /etc/audit/rules.d/access.rules
    ansible.builtin.set_fact: audit_file="/etc/audit/rules.d/access.rules"
    when: found_paths | length == 0

  - name: Declare found syscalls
    ansible.builtin.set_fact: syscalls_found="{{ find_command.results | selectattr('matched')
      | map(attribute='item') | list }}"

  - name: Declare missing syscalls
    ansible.builtin.set_fact: missing_syscalls="{{ syscalls | difference(syscalls_found)
      }}"

  - name: Replace the audit rule in {{ audit_file }}
    ansible.builtin.lineinfile:
      path: '{{ audit_file }}'
      regexp: (-a always,exit -F arch=b32)(?=.*(?:(?:-S |,)(?:{{ syscalls_per_file[audit_file]
        | join("|") }}))\b)((?:( -S |,)\w+)+)( -F exit=-EACCES -F auid&gt;=1000 -F auid!=unset
        (?:-k |-F key=)\w+)
      line: \1\2\3{{ missing_syscalls | join("\3") }}\4
      backrefs: true
      state: present
      mode: g-rwx,o-rwx
    when: syscalls_found | length &gt; 0 and missing_syscalls | length &gt; 0

  - name: Add the audit rule to {{ audit_file }}
    ansible.builtin.lineinfile:
      path: '{{ audit_file }}'
      line: -a always,exit -F arch=b32 -S {{ syscalls | join(',') }} -F exit=-EACCES
        -F auid&gt;=1000 -F auid!=unset -F key=access
      create: true
      mode: g-rwx,o-rwx
      state: present
    when: syscalls_found | length == 0

  - name: Declare list of syscalls
    ansible.builtin.set_fact:
      syscalls:
      - rename
      syscall_grouping:
      - rename
      - renameat
      - renameat2
      - unlink
      - unlinkat

  - name: Check existence of rename in /etc/audit/audit.rules
    ansible.builtin.find:
      paths: /etc/audit
      contains: -a always,exit -F arch=b32(( -S |,)\w+)*(( -S |,){{ item }})+(( -S
        |,)\w+)* -F exit=-EACCES -F auid&gt;=1000 -F auid!=unset (-k\s+|-F\s+key=)\S+\s*$
      patterns: audit.rules
    register: find_command
    loop: '{{ (syscall_grouping + syscalls) | unique }}'

  - name: Set path to /etc/audit/audit.rules
    ansible.builtin.set_fact: audit_file="/etc/audit/audit.rules"

  - name: Declare found syscalls
    ansible.builtin.set_fact: syscalls_found="{{ find_command.results | selectattr('matched')
      | map(attribute='item') | list }}"

  - name: Declare missing syscalls
    ansible.builtin.set_fact: missing_syscalls="{{ syscalls | difference(syscalls_found)
      }}"

  - name: Replace the audit rule in {{ audit_file }}
    ansible.builtin.lineinfile:
      path: '{{ audit_file }}'
      regexp: (-a always,exit -F arch=b32)(?=.*(?:(?:-S |,)(?:{{ syscalls_found |
        join("|") }}))\b)((?:( -S |,)\w+)+)( -F exit=-EACCES -F auid&gt;=1000 -F auid!=unset
        (?:-k |-F key=)\w+)
      line: \1\2\3{{ missing_syscalls | join("\3") }}\4
      backrefs: true
      state: present
      mode: g-rwx,o-rwx
    when: syscalls_found | length &gt; 0 and missing_syscalls | length &gt; 0

  - name: Add the audit rule to {{ audit_file }}
    ansible.builtin.lineinfile:
      path: '{{ audit_file }}'
      line: -a always,exit -F arch=b32 -S {{ syscalls | join(',') }} -F exit=-EACCES
        -F auid&gt;=1000 -F auid!=unset -F key=access
      create: true
      mode: g-rwx,o-rwx
      state: present
    when: syscalls_found | length == 0
  when:
  - '"audit" in ansible_facts.packages'
  - ("kernel-default" in ansible_facts.packages or "kernel-default-base" in ansible_facts.packages)
  - not ( ansible_architecture == "aarch64" )
  tags:
  - CCE-85701-1
  - DISA-STIG-SLES-15-030740
  - NIST-800-171-3.1.7
  - NIST-800-53-AU-12(c)
  - NIST-800-53-AU-12.1(iv)
  - PCI-DSS-Req-10.2.1
  - PCI-DSS-Req-10.2.4
  - audit_rules_unsuccessful_file_modification_rename
  - low_complexity
  - low_disruption
  - medium_severity
  - reboot_required
  - restrict_strategy

- name: Perform remediation of Audit rules for rename EACCES for 64bit platform
  block:

  - name: Declare list of syscalls
    ansible.builtin.set_fact:
      syscalls:
      - rename
      syscall_grouping:
      - rename
      - renameat
      - renameat2
      - unlink
      - unlinkat

  - name: Check existence of rename in /etc/audit/rules.d/
    ansible.builtin.find:
      paths: /etc/audit/rules.d
      contains: -a always,exit -F arch=b64(( -S |,)\w+)*(( -S |,){{ item }})+(( -S
        |,)\w+)* -F exit=-EACCES -F auid&gt;=1000 -F auid!=unset (-k\s+|-F\s+key=)\S+\s*$
      patterns: '*.rules'
    register: find_command
    loop: '{{ (syscall_grouping + syscalls) | unique }}'

  - name: Reset syscalls found per file
    ansible.builtin.set_fact:
      syscalls_per_file: {}
      found_paths_dict: {}

  - name: Declare syscalls found per file
    ansible.builtin.set_fact: syscalls_per_file="{{ syscalls_per_file | combine( {item.files[0].path
      :[item.item] + syscalls_per_file.get(item.files[0].path, []) } ) }}"
    loop: '{{ find_command.results | selectattr(''matched'') | list }}'

  - name: Declare files where syscalls were found
    ansible.builtin.set_fact: found_paths="{{ find_command.results | map(attribute='files')
      | flatten | map(attribute='path') | list }}"

  - name: Count occurrences of syscalls in paths
    ansible.builtin.set_fact: found_paths_dict="{{ found_paths_dict | combine({ item:1+found_paths_dict.get(item,
      0) }) }}"
    loop: '{{ find_command.results | map(attribute=''files'') | flatten | map(attribute=''path'')
      | list }}'

  - name: Get path with most syscalls
    ansible.builtin.set_fact: audit_file="{{ (found_paths_dict | dict2items() | sort(attribute='value')
      | last).key }}"
    when: found_paths | length &gt;= 1

  - name: No file with syscall found, set path to /etc/audit/rules.d/access.rules
    ansible.builtin.set_fact: audit_file="/etc/audit/rules.d/access.rules"
    when: found_paths | length == 0

  - name: Declare found syscalls
    ansible.builtin.set_fact: syscalls_found="{{ find_command.results | selectattr('matched')
      | map(attribute='item') | list }}"

  - name: Declare missing syscalls
    ansible.builtin.set_fact: missing_syscalls="{{ syscalls | difference(syscalls_found)
      }}"

  - name: Replace the audit rule in {{ audit_file }}
    ansible.builtin.lineinfile:
      path: '{{ audit_file }}'
      regexp: (-a always,exit -F arch=b64)(?=.*(?:(?:-S |,)(?:{{ syscalls_per_file[audit_file]
        | join("|") }}))\b)((?:( -S |,)\w+)+)( -F exit=-EACCES -F auid&gt;=1000 -F auid!=unset
        (?:-k |-F key=)\w+)
      line: \1\2\3{{ missing_syscalls | join("\3") }}\4
      backrefs: true
      state: present
      mode: g-rwx,o-rwx
    when: syscalls_found | length &gt; 0 and missing_syscalls | length &gt; 0

  - name: Add the audit rule to {{ audit_file }}
    ansible.builtin.lineinfile:
      path: '{{ audit_file }}'
      line: -a always,exit -F arch=b64 -S {{ syscalls | join(',') }} -F exit=-EACCES
        -F auid&gt;=1000 -F auid!=unset -F key=access
      create: true
      mode: g-rwx,o-rwx
      state: present
    when: syscalls_found | length == 0

  - name: Declare list of syscalls
    ansible.builtin.set_fact:
      syscalls:
      - rename
      syscall_grouping:
      - rename
      - renameat
      - renameat2
      - unlink
      - unlinkat

  - name: Check existence of rename in /etc/audit/audit.rules
    ansible.builtin.find:
      paths: /etc/audit
      contains: -a always,exit -F arch=b64(( -S |,)\w+)*(( -S |,){{ item }})+(( -S
        |,)\w+)* -F exit=-EACCES -F auid&gt;=1000 -F auid!=unset (-k\s+|-F\s+key=)\S+\s*$
      patterns: audit.rules
    register: find_command
    loop: '{{ (syscall_grouping + syscalls) | unique }}'

  - name: Set path to /etc/audit/audit.rules
    ansible.builtin.set_fact: audit_file="/etc/audit/audit.rules"

  - name: Declare found syscalls
    ansible.builtin.set_fact: syscalls_found="{{ find_command.results | selectattr('matched')
      | map(attribute='item') | list }}"

  - name: Declare missing syscalls
    ansible.builtin.set_fact: missing_syscalls="{{ syscalls | difference(syscalls_found)
      }}"

  - name: Replace the audit rule in {{ audit_file }}
    ansible.builtin.lineinfile:
      path: '{{ audit_file }}'
      regexp: (-a always,exit -F arch=b64)(?=.*(?:(?:-S |,)(?:{{ syscalls_found |
        join("|") }}))\b)((?:( -S |,)\w+)+)( -F exit=-EACCES -F auid&gt;=1000 -F auid!=unset
        (?:-k |-F key=)\w+)
      line: \1\2\3{{ missing_syscalls | join("\3") }}\4
      backrefs: true
      state: present
      mode: g-rwx,o-rwx
    when: syscalls_found | length &gt; 0 and missing_syscalls | length &gt; 0

  - name: Add the audit rule to {{ audit_file }}
    ansible.builtin.lineinfile:
      path: '{{ audit_file }}'
      line: -a always,exit -F arch=b64 -S {{ syscalls | join(',') }} -F exit=-EACCES
        -F auid&gt;=1000 -F auid!=unset -F key=access
      create: true
      mode: g-rwx,o-rwx
      state: present
    when: syscalls_found | length == 0
  when:
  - '"audit" in ansible_facts.packages'
  - ("kernel-default" in ansible_facts.packages or "kernel-default-base" in ansible_facts.packages)
  - not ( ansible_architecture == "aarch64" )
  - audit_arch == "b64"
  tags:
  - CCE-85701-1
  - DISA-STIG-SLES-15-030740
  - NIST-800-171-3.1.7
  - NIST-800-53-AU-12(c)
  - NIST-800-53-AU-12.1(iv)
  - PCI-DSS-Req-10.2.1
  - PCI-DSS-Req-10.2.4
  - audit_rules_unsuccessful_file_modification_rename
  - low_complexity
  - low_disruption
  - medium_severity
  - reboot_required
  - restrict_strategy

- name: Perform remediation of Audit rules for rename EPERM for 32bit platform
  block:

  - name: Declare list of syscalls
    ansible.builtin.set_fact:
      syscalls:
      - rename
      syscall_grouping:
      - rename
      - renameat
      - renameat2
      - unlink
      - unlinkat

  - name: Check existence of rename in /etc/audit/rules.d/
    ansible.builtin.find:
      paths: /etc/audit/rules.d
      contains: -a always,exit -F arch=b32(( -S |,)\w+)*(( -S |,){{ item }})+(( -S
        |,)\w+)* -F exit=-EPERM -F auid&gt;=1000 -F auid!=unset (-k\s+|-F\s+key=)\S+\s*$
      patterns: '*.rules'
    register: find_command
    loop: '{{ (syscall_grouping + syscalls) | unique }}'

  - name: Reset syscalls found per file
    ansible.builtin.set_fact:
      syscalls_per_file: {}
      found_paths_dict: {}

  - name: Declare syscalls found per file
    ansible.builtin.set_fact: syscalls_per_file="{{ syscalls_per_file | combine( {item.files[0].path
      :[item.item] + syscalls_per_file.get(item.files[0].path, []) } ) }}"
    loop: '{{ find_command.results | selectattr(''matched'') | list }}'

  - name: Declare files where syscalls were found
    ansible.builtin.set_fact: found_paths="{{ find_command.results | map(attribute='files')
      | flatten | map(attribute='path') | list }}"

  - name: Count occurrences of syscalls in paths
    ansible.builtin.set_fact: found_paths_dict="{{ found_paths_dict | combine({ item:1+found_paths_dict.get(item,
      0) }) }}"
    loop: '{{ find_command.results | map(attribute=''files'') | flatten | map(attribute=''path'')
      | list }}'

  - name: Get path with most syscalls
    ansible.builtin.set_fact: audit_file="{{ (found_paths_dict | dict2items() | sort(attribute='value')
      | last).key }}"
    when: found_paths | length &gt;= 1

  - name: No file with syscall found, set path to /etc/audit/rules.d/access.rules
    ansible.builtin.set_fact: audit_file="/etc/audit/rules.d/access.rules"
    when: found_paths | length == 0

  - name: Declare found syscalls
    ansible.builtin.set_fact: syscalls_found="{{ find_command.results | selectattr('matched')
      | map(attribute='item') | list }}"

  - name: Declare missing syscalls
    ansible.builtin.set_fact: missing_syscalls="{{ syscalls | difference(syscalls_found)
      }}"

  - name: Replace the audit rule in {{ audit_file }}
    ansible.builtin.lineinfile:
      path: '{{ audit_file }}'
      regexp: (-a always,exit -F arch=b32)(?=.*(?:(?:-S |,)(?:{{ syscalls_per_file[audit_file]
        | join("|") }}))\b)((?:( -S |,)\w+)+)( -F exit=-EPERM -F auid&gt;=1000 -F auid!=unset
        (?:-k |-F key=)\w+)
      line: \1\2\3{{ missing_syscalls | join("\3") }}\4
      backrefs: true
      state: present
      mode: g-rwx,o-rwx
    when: syscalls_found | length &gt; 0 and missing_syscalls | length &gt; 0

  - name: Add the audit rule to {{ audit_file }}
    ansible.builtin.lineinfile:
      path: '{{ audit_file }}'
      line: -a always,exit -F arch=b32 -S {{ syscalls | join(',') }} -F exit=-EPERM
        -F auid&gt;=1000 -F auid!=unset -F key=access
      create: true
      mode: g-rwx,o-rwx
      state: present
    when: syscalls_found | length == 0

  - name: Declare list of syscalls
    ansible.builtin.set_fact:
      syscalls:
      - rename
      syscall_grouping:
      - rename
      - renameat
      - renameat2
      - unlink
      - unlinkat

  - name: Check existence of rename in /etc/audit/audit.rules
    ansible.builtin.find:
      paths: /etc/audit
      contains: -a always,exit -F arch=b32(( -S |,)\w+)*(( -S |,){{ item }})+(( -S
        |,)\w+)* -F exit=-EPERM -F auid&gt;=1000 -F auid!=unset (-k\s+|-F\s+key=)\S+\s*$
      patterns: audit.rules
    register: find_command
    loop: '{{ (syscall_grouping + syscalls) | unique }}'

  - name: Set path to /etc/audit/audit.rules
    ansible.builtin.set_fact: audit_file="/etc/audit/audit.rules"

  - name: Declare found syscalls
    ansible.builtin.set_fact: syscalls_found="{{ find_command.results | selectattr('matched')
      | map(attribute='item') | list }}"

  - name: Declare missing syscalls
    ansible.builtin.set_fact: missing_syscalls="{{ syscalls | difference(syscalls_found)
      }}"

  - name: Replace the audit rule in {{ audit_file }}
    ansible.builtin.lineinfile:
      path: '{{ audit_file }}'
      regexp: (-a always,exit -F arch=b32)(?=.*(?:(?:-S |,)(?:{{ syscalls_found |
        join("|") }}))\b)((?:( -S |,)\w+)+)( -F exit=-EPERM -F auid&gt;=1000 -F auid!=unset
        (?:-k |-F key=)\w+)
      line: \1\2\3{{ missing_syscalls | join("\3") }}\4
      backrefs: true
      state: present
      mode: g-rwx,o-rwx
    when: syscalls_found | length &gt; 0 and missing_syscalls | length &gt; 0

  - name: Add the audit rule to {{ audit_file }}
    ansible.builtin.lineinfile:
      path: '{{ audit_file }}'
      line: -a always,exit -F arch=b32 -S {{ syscalls | join(',') }} -F exit=-EPERM
        -F auid&gt;=1000 -F auid!=unset -F key=access
      create: true
      mode: g-rwx,o-rwx
      state: present
    when: syscalls_found | length == 0
  when:
  - '"audit" in ansible_facts.packages'
  - ("kernel-default" in ansible_facts.packages or "kernel-default-base" in ansible_facts.packages)
  - not ( ansible_architecture == "aarch64" )
  tags:
  - CCE-85701-1
  - DISA-STIG-SLES-15-030740
  - NIST-800-171-3.1.7
  - NIST-800-53-AU-12(c)
  - NIST-800-53-AU-12.1(iv)
  - PCI-DSS-Req-10.2.1
  - PCI-DSS-Req-10.2.4
  - audit_rules_unsuccessful_file_modification_rename
  - low_complexity
  - low_disruption
  - medium_severity
  - reboot_required
  - restrict_strategy

- name: Perform remediation of Audit rules for rename EPERM for 64bit platform
  block:

  - name: Declare list of syscalls
    ansible.builtin.set_fact:
      syscalls:
      - rename
      syscall_grouping:
      - rename
      - renameat
      - renameat2
      - unlink
      - unlinkat

  - name: Check existence of rename in /etc/audit/rules.d/
    ansible.builtin.find:
      paths: /etc/audit/rules.d
      contains: -a always,exit -F arch=b64(( -S |,)\w+)*(( -S |,){{ item }})+(( -S
        |,)\w+)* -F exit=-EPERM -F auid&gt;=1000 -F auid!=unset (-k\s+|-F\s+key=)\S+\s*$
      patterns: '*.rules'
    register: find_command
    loop: '{{ (syscall_grouping + syscalls) | unique }}'

  - name: Reset syscalls found per file
    ansible.builtin.set_fact:
      syscalls_per_file: {}
      found_paths_dict: {}

  - name: Declare syscalls found per file
    ansible.builtin.set_fact: syscalls_per_file="{{ syscalls_per_file | combine( {item.files[0].path
      :[item.item] + syscalls_per_file.get(item.files[0].path, []) } ) }}"
    loop: '{{ find_command.results | selectattr(''matched'') | list }}'

  - name: Declare files where syscalls were found
    ansible.builtin.set_fact: found_paths="{{ find_command.results | map(attribute='files')
      | flatten | map(attribute='path') | list }}"

  - name: Count occurrences of syscalls in paths
    ansible.builtin.set_fact: found_paths_dict="{{ found_paths_dict | combine({ item:1+found_paths_dict.get(item,
      0) }) }}"
    loop: '{{ find_command.results | map(attribute=''files'') | flatten | map(attribute=''path'')
      | list }}'

  - name: Get path with most syscalls
    ansible.builtin.set_fact: audit_file="{{ (found_paths_dict | dict2items() | sort(attribute='value')
      | last).key }}"
    when: found_paths | length &gt;= 1

  - name: No file with syscall found, set path to /etc/audit/rules.d/access.rules
    ansible.builtin.set_fact: audit_file="/etc/audit/rules.d/access.rules"
    when: found_paths | length == 0

  - name: Declare found syscalls
    ansible.builtin.set_fact: syscalls_found="{{ find_command.results | selectattr('matched')
      | map(attribute='item') | list }}"

  - name: Declare missing syscalls
    ansible.builtin.set_fact: missing_syscalls="{{ syscalls | difference(syscalls_found)
      }}"

  - name: Replace the audit rule in {{ audit_file }}
    ansible.builtin.lineinfile:
      path: '{{ audit_file }}'
      regexp: (-a always,exit -F arch=b64)(?=.*(?:(?:-S |,)(?:{{ syscalls_per_file[audit_file]
        | join("|") }}))\b)((?:( -S |,)\w+)+)( -F exit=-EPERM -F auid&gt;=1000 -F auid!=unset
        (?:-k |-F key=)\w+)
      line: \1\2\3{{ missing_syscalls | join("\3") }}\4
      backrefs: true
      state: present
      mode: g-rwx,o-rwx
    when: syscalls_found | length &gt; 0 and missing_syscalls | length &gt; 0

  - name: Add the audit rule to {{ audit_file }}
    ansible.builtin.lineinfile:
      path: '{{ audit_file }}'
      line: -a always,exit -F arch=b64 -S {{ syscalls | join(',') }} -F exit=-EPERM
        -F auid&gt;=1000 -F auid!=unset -F key=access
      create: true
      mode: g-rwx,o-rwx
      state: present
    when: syscalls_found | length == 0

  - name: Declare list of syscalls
    ansible.builtin.set_fact:
      syscalls:
      - rename
      syscall_grouping:
      - rename
      - renameat
      - renameat2
      - unlink
      - unlinkat

  - name: Check existence of rename in /etc/audit/audit.rules
    ansible.builtin.find:
      paths: /etc/audit
      contains: -a always,exit -F arch=b64(( -S |,)\w+)*(( -S |,){{ item }})+(( -S
        |,)\w+)* -F exit=-EPERM -F auid&gt;=1000 -F auid!=unset (-k\s+|-F\s+key=)\S+\s*$
      patterns: audit.rules
    register: find_command
    loop: '{{ (syscall_grouping + syscalls) | unique }}'

  - name: Set path to /etc/audit/audit.rules
    ansible.builtin.set_fact: audit_file="/etc/audit/audit.rules"

  - name: Declare found syscalls
    ansible.builtin.set_fact: syscalls_found="{{ find_command.results | selectattr('matched')
      | map(attribute='item') | list }}"

  - name: Declare missing syscalls
    ansible.builtin.set_fact: missing_syscalls="{{ syscalls | difference(syscalls_found)
      }}"

  - name: Replace the audit rule in {{ audit_file }}
    ansible.builtin.lineinfile:
      path: '{{ audit_file }}'
      regexp: (-a always,exit -F arch=b64)(?=.*(?:(?:-S |,)(?:{{ syscalls_found |
        join("|") }}))\b)((?:( -S |,)\w+)+)( -F exit=-EPERM -F auid&gt;=1000 -F auid!=unset
        (?:-k |-F key=)\w+)
      line: \1\2\3{{ missing_syscalls | join("\3") }}\4
      backrefs: true
      state: present
      mode: g-rwx,o-rwx
    when: syscalls_found | length &gt; 0 and missing_syscalls | length &gt; 0

  - name: Add the audit rule to {{ audit_file }}
    ansible.builtin.lineinfile:
      path: '{{ audit_file }}'
      line: -a always,exit -F arch=b64 -S {{ syscalls | join(',') }} -F exit=-EPERM
        -F auid&gt;=1000 -F auid!=unset -F key=access
      create: true
      mode: g-rwx,o-rwx
      state: present
    when: syscalls_found | length == 0
  when:
  - '"audit" in ansible_facts.packages'
  - ("kernel-default" in ansible_facts.packages or "kernel-default-base" in ansible_facts.packages)
  - not ( ansible_architecture == "aarch64" )
  - audit_arch == "b64"
  tags:
  - CCE-85701-1
  - DISA-STIG-SLES-15-030740
  - NIST-800-171-3.1.7
  - NIST-800-53-AU-12(c)
  - NIST-800-53-AU-12.1(iv)
  - PCI-DSS-Req-10.2.1
  - PCI-DSS-Req-10.2.4
  - audit_rules_unsuccessful_file_modification_rename
  - low_complexity
  - low_disruption
  - medium_severity
  - reboot_required
  - restrict_strategy
</fix>
          <check system="http://oval.mitre.org/XMLSchema/oval-definitions-5">
            <check-content-ref name="oval:ssg-audit_rules_unsuccessful_file_modification_rename:def:1" href="ssg-sle15-oval.xml"/>
          </check>
          <check system="http://scap.nist.gov/schema/ocil/2">
            <check-content-ref name="ocil:ssg-audit_rules_unsuccessful_file_modification_rename_ocil:questionnaire:1" href="ssg-sle15-ocil.xml"/>
          </check>
        </Rule>
        <Rule id="xccdf_org.ssgproject.content_rule_audit_rules_unsuccessful_file_modification_renameat" selected="false" role="full" severity="medium">
          <title xmlns:xhtml="http://www.w3.org/1999/xhtml" xml:lang="en-US">Record Unsuccessful Delete Attempts to Files - renameat</title>
          <description xmlns:xhtml="http://www.w3.org/1999/xhtml" xml:lang="en-US">
The operating system must generate audit records for all uses of the <html:code xmlns:html="http://www.w3.org/1999/xhtml">renameat</html:code> system call.
Without generating audit records specific to the security and mission needs of the organization, it would be
difficult to establish, correlate, and investigate the events relating to an incident or identify those responsible for one.
Audit records can be generated from various components within the information system (e.g., module or policy filter).
Add or update the following lines to <html:code xmlns:html="http://www.w3.org/1999/xhtml">/etc/audit/rules.d/audit.rules</html:code> to configure the operating system to generate
an audit record for all uses of the <html:code xmlns:html="http://www.w3.org/1999/xhtml">renameat</html:code> system call:
<html:pre xmlns:html="http://www.w3.org/1999/xhtml">
-a always,exit -F arch=b32 -S renameat -F auid&gt;=1000 -F auid!=4294967295 -k perm_mod
-a always,exit -F arch=b64 -S renameat -F auid&gt;=1000 -F auid!=4294967295 -k perm_mod
</html:pre>
       </description>
          <warning xmlns:xhtml="http://www.w3.org/1999/xhtml" xml:lang="en-US" category="general">Note that these rules can be configured in a
number of ways while still achieving the desired effect. Here the system calls
have been placed independent of other system calls. Grouping system calls related
to the same event is more efficient. See the following example:

<html:pre xmlns:html="http://www.w3.org/1999/xhtml">
-a always,exit -F arch=b32 -S renameat -F auid&gt;=1000 -F auid!=4294967295 -k perm_mod
-a always,exit -F arch=b64 -S renameat -F auid&gt;=1000 -F auid!=4294967295 -k perm_mod
</html:pre>
       </warning>
          <reference href="https://www.cisecurity.org/controls/">1</reference>
          <reference href="https://www.cisecurity.org/controls/">11</reference>
          <reference href="https://www.cisecurity.org/controls/">12</reference>
          <reference href="https://www.cisecurity.org/controls/">13</reference>
          <reference href="https://www.cisecurity.org/controls/">14</reference>
          <reference href="https://www.cisecurity.org/controls/">15</reference>
          <reference href="https://www.cisecurity.org/controls/">16</reference>
          <reference href="https://www.cisecurity.org/controls/">19</reference>
          <reference href="https://www.cisecurity.org/controls/">2</reference>
          <reference href="https://www.cisecurity.org/controls/">3</reference>
          <reference href="https://www.cisecurity.org/controls/">4</reference>
          <reference href="https://www.cisecurity.org/controls/">5</reference>
          <reference href="https://www.cisecurity.org/controls/">6</reference>
          <reference href="https://www.cisecurity.org/controls/">7</reference>
          <reference href="https://www.cisecurity.org/controls/">8</reference>
          <reference href="https://www.cisecurity.org/controls/">9</reference>
          <reference href="https://www.isaca.org/resources/cobit">APO10.01</reference>
          <reference href="https://www.isaca.org/resources/cobit">APO10.03</reference>
          <reference href="https://www.isaca.org/resources/cobit">APO10.04</reference>
          <reference href="https://www.isaca.org/resources/cobit">APO10.05</reference>
          <reference href="https://www.isaca.org/resources/cobit">APO11.04</reference>
          <reference href="https://www.isaca.org/resources/cobit">APO12.06</reference>
          <reference href="https://www.isaca.org/resources/cobit">APO13.01</reference>
          <reference href="https://www.isaca.org/resources/cobit">BAI03.05</reference>
          <reference href="https://www.isaca.org/resources/cobit">BAI08.02</reference>
          <reference href="https://www.isaca.org/resources/cobit">DSS01.03</reference>
          <reference href="https://www.isaca.org/resources/cobit">DSS01.04</reference>
          <reference href="https://www.isaca.org/resources/cobit">DSS02.02</reference>
          <reference href="https://www.isaca.org/resources/cobit">DSS02.04</reference>
          <reference href="https://www.isaca.org/resources/cobit">DSS02.07</reference>
          <reference href="https://www.isaca.org/resources/cobit">DSS03.01</reference>
          <reference href="https://www.isaca.org/resources/cobit">DSS03.05</reference>
          <reference href="https://www.isaca.org/resources/cobit">DSS05.02</reference>
          <reference href="https://www.isaca.org/resources/cobit">DSS05.03</reference>
          <reference href="https://www.isaca.org/resources/cobit">DSS05.04</reference>
          <reference href="https://www.isaca.org/resources/cobit">DSS05.05</reference>
          <reference href="https://www.isaca.org/resources/cobit">DSS05.07</reference>
          <reference href="https://www.isaca.org/resources/cobit">MEA01.01</reference>
          <reference href="https://www.isaca.org/resources/cobit">MEA01.02</reference>
          <reference href="https://www.isaca.org/resources/cobit">MEA01.03</reference>
          <reference href="https://www.isaca.org/resources/cobit">MEA01.04</reference>
          <reference href="https://www.isaca.org/resources/cobit">MEA01.05</reference>
          <reference href="https://www.isaca.org/resources/cobit">MEA02.01</reference>
          <reference href="http://nvlpubs.nist.gov/nistpubs/SpecialPublications/NIST.SP.800-171.pdf">3.1.7</reference>
          <reference href="https://www.gpo.gov/fdsys/pkg/CFR-2007-title45-vol1/pdf/CFR-2007-title45-vol1-chapA-subchapC.pdf">164.308(a)(1)(ii)(D)</reference>
          <reference href="https://www.gpo.gov/fdsys/pkg/CFR-2007-title45-vol1/pdf/CFR-2007-title45-vol1-chapA-subchapC.pdf">164.308(a)(3)(ii)(A)</reference>
          <reference href="https://www.gpo.gov/fdsys/pkg/CFR-2007-title45-vol1/pdf/CFR-2007-title45-vol1-chapA-subchapC.pdf">164.308(a)(5)(ii)(C)</reference>
          <reference href="https://www.gpo.gov/fdsys/pkg/CFR-2007-title45-vol1/pdf/CFR-2007-title45-vol1-chapA-subchapC.pdf">164.312(a)(2)(i)</reference>
          <reference href="https://www.gpo.gov/fdsys/pkg/CFR-2007-title45-vol1/pdf/CFR-2007-title45-vol1-chapA-subchapC.pdf">164.312(b)</reference>
          <reference href="https://www.gpo.gov/fdsys/pkg/CFR-2007-title45-vol1/pdf/CFR-2007-title45-vol1-chapA-subchapC.pdf">164.312(d)</reference>
          <reference href="https://www.gpo.gov/fdsys/pkg/CFR-2007-title45-vol1/pdf/CFR-2007-title45-vol1-chapA-subchapC.pdf">164.312(e)</reference>
          <reference href="https://www.isa.org/products/isa-62443-2-1-2009-security-for-industrial-automat">4.2.3.10</reference>
          <reference href="https://www.isa.org/products/isa-62443-2-1-2009-security-for-industrial-automat">4.3.2.6.7</reference>
          <reference href="https://www.isa.org/products/isa-62443-2-1-2009-security-for-industrial-automat">4.3.3.3.9</reference>
          <reference href="https://www.isa.org/products/isa-62443-2-1-2009-security-for-industrial-automat">4.3.3.5.8</reference>
          <reference href="https://www.isa.org/products/isa-62443-2-1-2009-security-for-industrial-automat">4.3.3.6.6</reference>
          <reference href="https://www.isa.org/products/isa-62443-2-1-2009-security-for-industrial-automat">4.3.4.4.7</reference>
          <reference href="https://www.isa.org/products/isa-62443-2-1-2009-security-for-industrial-automat">4.3.4.5.6</reference>
          <reference href="https://www.isa.org/products/isa-62443-2-1-2009-security-for-industrial-automat">4.3.4.5.7</reference>
          <reference href="https://www.isa.org/products/isa-62443-2-1-2009-security-for-industrial-automat">4.3.4.5.8</reference>
          <reference href="https://www.isa.org/products/isa-62443-2-1-2009-security-for-industrial-automat">4.4.2.1</reference>
          <reference href="https://www.isa.org/products/isa-62443-2-1-2009-security-for-industrial-automat">4.4.2.2</reference>
          <reference href="https://www.isa.org/products/isa-62443-2-1-2009-security-for-industrial-automat">4.4.2.4</reference>
          <reference href="https://www.isa.org/products/ansi-isa-62443-3-3-99-03-03-2013-security-for-indu">SR 1.13</reference>
          <reference href="https://www.isa.org/products/ansi-isa-62443-3-3-99-03-03-2013-security-for-indu">SR 2.10</reference>
          <reference href="https://www.isa.org/products/ansi-isa-62443-3-3-99-03-03-2013-security-for-indu">SR 2.11</reference>
          <reference href="https://www.isa.org/products/ansi-isa-62443-3-3-99-03-03-2013-security-for-indu">SR 2.12</reference>
          <reference href="https://www.isa.org/products/ansi-isa-62443-3-3-99-03-03-2013-security-for-indu">SR 2.6</reference>
          <reference href="https://www.isa.org/products/ansi-isa-62443-3-3-99-03-03-2013-security-for-indu">SR 2.8</reference>
          <reference href="https://www.isa.org/products/ansi-isa-62443-3-3-99-03-03-2013-security-for-indu">SR 2.9</reference>
          <reference href="https://www.isa.org/products/ansi-isa-62443-3-3-99-03-03-2013-security-for-indu">SR 3.1</reference>
          <reference href="https://www.isa.org/products/ansi-isa-62443-3-3-99-03-03-2013-security-for-indu">SR 3.5</reference>
          <reference href="https://www.isa.org/products/ansi-isa-62443-3-3-99-03-03-2013-security-for-indu">SR 3.8</reference>
          <reference href="https://www.isa.org/products/ansi-isa-62443-3-3-99-03-03-2013-security-for-indu">SR 4.1</reference>
          <reference href="https://www.isa.org/products/ansi-isa-62443-3-3-99-03-03-2013-security-for-indu">SR 4.3</reference>
          <reference href="https://www.isa.org/products/ansi-isa-62443-3-3-99-03-03-2013-security-for-indu">SR 5.1</reference>
          <reference href="https://www.isa.org/products/ansi-isa-62443-3-3-99-03-03-2013-security-for-indu">SR 5.2</reference>
          <reference href="https://www.isa.org/products/ansi-isa-62443-3-3-99-03-03-2013-security-for-indu">SR 5.3</reference>
          <reference href="https://www.isa.org/products/ansi-isa-62443-3-3-99-03-03-2013-security-for-indu">SR 6.1</reference>
          <reference href="https://www.isa.org/products/ansi-isa-62443-3-3-99-03-03-2013-security-for-indu">SR 6.2</reference>
          <reference href="https://www.isa.org/products/ansi-isa-62443-3-3-99-03-03-2013-security-for-indu">SR 7.1</reference>
          <reference href="https://www.isa.org/products/ansi-isa-62443-3-3-99-03-03-2013-security-for-indu">SR 7.6</reference>
          <reference href="https://www.iso.org/contents/data/standard/05/45/54534.html">A.11.2.6</reference>
          <reference href="https://www.iso.org/contents/data/standard/05/45/54534.html">A.12.4.1</reference>
          <reference href="https://www.iso.org/contents/data/standard/05/45/54534.html">A.12.4.2</reference>
          <reference href="https://www.iso.org/contents/data/standard/05/45/54534.html">A.12.4.3</reference>
          <reference href="https://www.iso.org/contents/data/standard/05/45/54534.html">A.12.4.4</reference>
          <reference href="https://www.iso.org/contents/data/standard/05/45/54534.html">A.12.7.1</reference>
          <reference href="https://www.iso.org/contents/data/standard/05/45/54534.html">A.13.1.1</reference>
          <reference href="https://www.iso.org/contents/data/standard/05/45/54534.html">A.13.2.1</reference>
          <reference href="https://www.iso.org/contents/data/standard/05/45/54534.html">A.14.1.3</reference>
          <reference href="https://www.iso.org/contents/data/standard/05/45/54534.html">A.14.2.7</reference>
          <reference href="https://www.iso.org/contents/data/standard/05/45/54534.html">A.15.2.1</reference>
          <reference href="https://www.iso.org/contents/data/standard/05/45/54534.html">A.15.2.2</reference>
          <reference href="https://www.iso.org/contents/data/standard/05/45/54534.html">A.16.1.4</reference>
          <reference href="https://www.iso.org/contents/data/standard/05/45/54534.html">A.16.1.5</reference>
          <reference href="https://www.iso.org/contents/data/standard/05/45/54534.html">A.16.1.7</reference>
          <reference href="https://www.iso.org/contents/data/standard/05/45/54534.html">A.6.2.1</reference>
          <reference href="https://www.iso.org/contents/data/standard/05/45/54534.html">A.6.2.2</reference>
          <reference href="http://nvlpubs.nist.gov/nistpubs/SpecialPublications/NIST.SP.800-53r4.pdf">AU-12(c)</reference>
          <reference href="http://nvlpubs.nist.gov/nistpubs/SpecialPublications/NIST.SP.800-53r4.pdf">AU-12.1(iv)</reference>
          <reference href="https://nvlpubs.nist.gov/nistpubs/CSWP/NIST.CSWP.04162018.pdf">DE.AE-3</reference>
          <reference href="https://nvlpubs.nist.gov/nistpubs/CSWP/NIST.CSWP.04162018.pdf">DE.AE-5</reference>
          <reference href="https://nvlpubs.nist.gov/nistpubs/CSWP/NIST.CSWP.04162018.pdf">DE.CM-1</reference>
          <reference href="https://nvlpubs.nist.gov/nistpubs/CSWP/NIST.CSWP.04162018.pdf">DE.CM-3</reference>
          <reference href="https://nvlpubs.nist.gov/nistpubs/CSWP/NIST.CSWP.04162018.pdf">DE.CM-7</reference>
          <reference href="https://nvlpubs.nist.gov/nistpubs/CSWP/NIST.CSWP.04162018.pdf">ID.SC-4</reference>
          <reference href="https://nvlpubs.nist.gov/nistpubs/CSWP/NIST.CSWP.04162018.pdf">PR.AC-3</reference>
          <reference href="https://nvlpubs.nist.gov/nistpubs/CSWP/NIST.CSWP.04162018.pdf">PR.PT-1</reference>
          <reference href="https://nvlpubs.nist.gov/nistpubs/CSWP/NIST.CSWP.04162018.pdf">PR.PT-4</reference>
          <reference href="https://nvlpubs.nist.gov/nistpubs/CSWP/NIST.CSWP.04162018.pdf">RS.AN-1</reference>
          <reference href="https://nvlpubs.nist.gov/nistpubs/CSWP/NIST.CSWP.04162018.pdf">RS.AN-4</reference>
          <reference href="https://www.pcisecuritystandards.org/documents/PCI_DSS_v3-2-1.pdf">Req-10.2.4</reference>
          <reference href="https://www.pcisecuritystandards.org/documents/PCI_DSS_v3-2-1.pdf">Req-10.2.1</reference>
          <reference href="https://www.cyber.mil/stigs/downloads/?_dl_facet_stigs=operating-systems%2Cgeneral-purpose-os">SRG-OS-000064-GPOS-00033</reference>
          <reference href="https://www.cyber.mil/stigs/downloads/?_dl_facet_stigs=operating-systems%2Cgeneral-purpose-os">SRG-OS-000392-GPOS-00172</reference>
          <reference href="https://www.cyber.mil/stigs/downloads/?_dl_facet_stigs=operating-systems%2Cgeneral-purpose-os">SRG-OS-000458-GPOS-00203</reference>
          <reference href="https://www.cyber.mil/stigs/downloads/?_dl_facet_stigs=operating-systems%2Cgeneral-purpose-os">SRG-OS-000461-GPOS-00205</reference>
          <reference href="https://www.cyber.mil/stigs/downloads/?_dl_facet_stigs=operating-systems%2Cgeneral-purpose-os">SRG-OS-000468-GPOS-00212</reference>
          <reference href="https://www.cyber.mil/stigs/downloads/?_dl_facet_stigs=app-security">SRG-APP-000501-CTR-001265</reference>
          <reference href="https://www.cyber.mil/stigs/downloads/?_dl_facet_stigs=app-security">SRG-APP-000502-CTR-001270</reference>
          <reference href="https://www.cyber.mil/stigs/downloads/?_dl_facet_stigs=operating-systems%2Cunix-linux">SLES-15-030740</reference>
          <reference href="https://www.cyber.mil/stigs/srg-stig-tools/">SV-234973r991577_rule</reference>
          <rationale xmlns:xhtml="http://www.w3.org/1999/xhtml" xml:lang="en-US">Unsuccessful attempts to delete files could be an indicator of malicious activity on a system. Auditing
these events could serve as evidence of potential system compromise.</rationale>
          <ident system="https://ncp.nist.gov/cce">CCE-85702-9</ident>
          <fix xmlns:xhtml="http://www.w3.org/1999/xhtml" id="audit_rules_unsuccessful_file_modification_renameat" system="urn:xccdf:fix:script:sh"># Remediation is applicable only in certain platforms
if rpm --quiet -q audit &amp;&amp; rpm --quiet -q kernel-default || rpm --quiet -q kernel-default-base; then

# First perform the remediation of the syscall rule
# Retrieve hardware architecture of the underlying system
[ "$(getconf LONG_BIT)" = "32" ] &amp;&amp; RULE_ARCHS=("b32") || RULE_ARCHS=("b32" "b64")

AUID_FILTERS="-F auid&gt;=1000 -F auid!=unset"
SYSCALL="renameat"
KEY="access"
SYSCALL_GROUPING="rename renameat renameat2 unlink unlinkat"

for ARCH in "${RULE_ARCHS[@]}"
do
	ACTION_ARCH_FILTERS="-a always,exit -F arch=$ARCH"
	OTHER_FILTERS="-F exit=-EACCES"
	# Perform the remediation for both possible tools: 'auditctl' and 'augenrules'
	unset syscall_a
unset syscall_grouping
unset syscall_string
unset syscall
unset file_to_edit
unset rule_to_edit
unset rule_syscalls_to_edit
unset other_string
unset auid_string
unset full_rule

# Load macro arguments into arrays
read -a syscall_a &lt;&lt;&lt; $SYSCALL
read -a syscall_grouping &lt;&lt;&lt; $SYSCALL_GROUPING

# Create a list of audit *.rules files that should be inspected for presence and correctness
# of a particular audit rule. The scheme is as follows:
#
# -----------------------------------------------------------------------------------------
#  Tool used to load audit rules | Rule already defined  |  Audit rules file to inspect    |
# -----------------------------------------------------------------------------------------
#        auditctl                |     Doesn't matter    |  /etc/audit/audit.rules         |
# -----------------------------------------------------------------------------------------
#        augenrules              |          Yes          |  /etc/audit/rules.d/*.rules     |
#        augenrules              |          No           |  /etc/audit/rules.d/$key.rules  |
# -----------------------------------------------------------------------------------------
#
files_to_inspect=()

# If audit tool is 'augenrules', then check if the audit rule is defined
# If rule is defined, add '/etc/audit/rules.d/*.rules' to the list for inspection
# If rule isn't defined yet, add '/etc/audit/rules.d/$key.rules' to the list for inspection
default_file="/etc/audit/rules.d/$KEY.rules"
# As other_filters may include paths, lets use a different delimiter for it
# The "F" script expression tells sed to print the filenames where the expressions matched
readarray -t files_to_inspect &lt; &lt;(sed -s -n -e "/^$ACTION_ARCH_FILTERS/!d" -e "\#$OTHER_FILTERS#!d" -e "/$AUID_FILTERS/!d" -e "F" /etc/audit/rules.d/*.rules)
# Case when particular rule isn't defined in /etc/audit/rules.d/*.rules yet
if [ ${#files_to_inspect[@]} -eq "0" ]
then
    file_to_inspect="/etc/audit/rules.d/$KEY.rules"
    files_to_inspect=("$file_to_inspect")
    if [ ! -e "$file_to_inspect" ]
    then
        touch "$file_to_inspect"
        chmod 0600 "$file_to_inspect"
    fi
fi

# After converting to jinja, we cannot return; therefore we skip the rest of the macro if needed instead
skip=1

for audit_file in "${files_to_inspect[@]}"
do
    # Filter existing $audit_file rules' definitions to select those that satisfy the rule pattern,
    # i.e, collect rules that match:
    # * the action, list and arch, (2-nd argument)
    # * the other filters, (3-rd argument)
    # * the auid filters, (4-rd argument)
    readarray -t similar_rules &lt; &lt;(sed -e "/^$ACTION_ARCH_FILTERS/!d"  -e "\#$OTHER_FILTERS#!d" -e "/$AUID_FILTERS/!d" "$audit_file")

    candidate_rules=()
    # Filter out rules that have more fields then required. This will remove rules more specific than the required scope
    for s_rule in "${similar_rules[@]}"
    do
        # Strip all the options and fields we know of,
        # than check if there was any field left over
        extra_fields=$(sed -E -e "s/^$ACTION_ARCH_FILTERS//"  -e "s#$OTHER_FILTERS##" -e "s/$AUID_FILTERS//" -e "s/((:?-S [[:alnum:],]+)+)//g" -e "s/-F key=\w+|-k \w+//"&lt;&lt;&lt; "$s_rule")
        grep -q -- "-F" &lt;&lt;&lt; "$extra_fields" || candidate_rules+=("$s_rule")
    done

    if [[ ${#syscall_a[@]} -ge 1 ]]
    then
        # Check if the syscall we want is present in any of the similar existing rules
        for rule in "${candidate_rules[@]}"
        do
            rule_syscalls=$(echo "$rule" | grep -o -P '(-S [\w,]+)+' | xargs)
            all_syscalls_found=0
            for syscall in "${syscall_a[@]}"
            do
                grep -q -- "\b${syscall}\b" &lt;&lt;&lt; "$rule_syscalls" || {
                   # A syscall was not found in the candidate rule
                   all_syscalls_found=1
                   }
            done
            if [[ $all_syscalls_found -eq 0 ]]
            then
                # We found a rule with all the syscall(s) we want; skip rest of macro
                skip=0
                break
            fi

            # Check if this rule can be grouped with our target syscall and keep track of it
            for syscall_g in "${syscall_grouping[@]}"
            do
                if grep -q -- "\b${syscall_g}\b" &lt;&lt;&lt; "$rule_syscalls"
                then
                    file_to_edit=${audit_file}
                    rule_to_edit=${rule}
                    rule_syscalls_to_edit=${rule_syscalls}
                fi
            done
        done
    else
        # If there is any candidate rule, it is compliant; skip rest of macro
        if [ "${#candidate_rules[@]}" -gt 0 ]
        then
            skip=0
        fi
    fi

    if [ "$skip" -eq 0 ]; then
        break
    fi
done

if [ "$skip" -ne 0 ]; then
    # We checked all rules that matched the expected resemblance pattern (action, arch &amp; auid)
    # At this point we know if we need to either append the $full_rule or group
    # the syscall together with an exsiting rule

    # Append the full_rule if it cannot be grouped to any other rule
    if [ -z ${rule_to_edit+x} ]
    then
        # Build full_rule while avoid adding double spaces when other_filters is empty
        if [ "${#syscall_a[@]}" -gt 0 ]
        then
            syscall_string=""
            for syscall in "${syscall_a[@]}"
            do
                syscall_string+=" -S $syscall"
            done
        fi
        other_string=$([[ $OTHER_FILTERS ]] &amp;&amp; echo " $OTHER_FILTERS") || /bin/true
        auid_string=$([[ $AUID_FILTERS ]] &amp;&amp; echo " $AUID_FILTERS") || /bin/true
        full_rule="$ACTION_ARCH_FILTERS${syscall_string}${other_string}${auid_string} -F key=$KEY" || /bin/true
        echo "$full_rule" &gt;&gt; "$default_file"
        chmod 0600 ${default_file}
    else
        # Check if the syscalls are declared as a comma separated list or
        # as multiple -S parameters
        if grep -q -- "," &lt;&lt;&lt; "${rule_syscalls_to_edit}"
        then
            delimiter=","
        else
            delimiter=" -S "
        fi
        new_grouped_syscalls="${rule_syscalls_to_edit}"
        for syscall in "${syscall_a[@]}"
        do
            grep -q -- "\b${syscall}\b" &lt;&lt;&lt; "${rule_syscalls_to_edit}" || {
               # A syscall was not found in the candidate rule
               new_grouped_syscalls+="${delimiter}${syscall}"
               }
        done

        # Group the syscall in the rule
        sed -i -e "\#${rule_to_edit}#s#${rule_syscalls_to_edit}#${new_grouped_syscalls}#" "$file_to_edit"
    fi
fi
	unset syscall_a
unset syscall_grouping
unset syscall_string
unset syscall
unset file_to_edit
unset rule_to_edit
unset rule_syscalls_to_edit
unset other_string
unset auid_string
unset full_rule

# Load macro arguments into arrays
read -a syscall_a &lt;&lt;&lt; $SYSCALL
read -a syscall_grouping &lt;&lt;&lt; $SYSCALL_GROUPING

# Create a list of audit *.rules files that should be inspected for presence and correctness
# of a particular audit rule. The scheme is as follows:
#
# -----------------------------------------------------------------------------------------
#  Tool used to load audit rules | Rule already defined  |  Audit rules file to inspect    |
# -----------------------------------------------------------------------------------------
#        auditctl                |     Doesn't matter    |  /etc/audit/audit.rules         |
# -----------------------------------------------------------------------------------------
#        augenrules              |          Yes          |  /etc/audit/rules.d/*.rules     |
#        augenrules              |          No           |  /etc/audit/rules.d/$key.rules  |
# -----------------------------------------------------------------------------------------
#
files_to_inspect=()


# If audit tool is 'auditctl', then add '/etc/audit/audit.rules'
# file to the list of files to be inspected
default_file="/etc/audit/audit.rules"
files_to_inspect+=('/etc/audit/audit.rules' )

# After converting to jinja, we cannot return; therefore we skip the rest of the macro if needed instead
skip=1

for audit_file in "${files_to_inspect[@]}"
do
    # Filter existing $audit_file rules' definitions to select those that satisfy the rule pattern,
    # i.e, collect rules that match:
    # * the action, list and arch, (2-nd argument)
    # * the other filters, (3-rd argument)
    # * the auid filters, (4-rd argument)
    readarray -t similar_rules &lt; &lt;(sed -e "/^$ACTION_ARCH_FILTERS/!d"  -e "\#$OTHER_FILTERS#!d" -e "/$AUID_FILTERS/!d" "$audit_file")

    candidate_rules=()
    # Filter out rules that have more fields then required. This will remove rules more specific than the required scope
    for s_rule in "${similar_rules[@]}"
    do
        # Strip all the options and fields we know of,
        # than check if there was any field left over
        extra_fields=$(sed -E -e "s/^$ACTION_ARCH_FILTERS//"  -e "s#$OTHER_FILTERS##" -e "s/$AUID_FILTERS//" -e "s/((:?-S [[:alnum:],]+)+)//g" -e "s/-F key=\w+|-k \w+//"&lt;&lt;&lt; "$s_rule")
        grep -q -- "-F" &lt;&lt;&lt; "$extra_fields" || candidate_rules+=("$s_rule")
    done

    if [[ ${#syscall_a[@]} -ge 1 ]]
    then
        # Check if the syscall we want is present in any of the similar existing rules
        for rule in "${candidate_rules[@]}"
        do
            rule_syscalls=$(echo "$rule" | grep -o -P '(-S [\w,]+)+' | xargs)
            all_syscalls_found=0
            for syscall in "${syscall_a[@]}"
            do
                grep -q -- "\b${syscall}\b" &lt;&lt;&lt; "$rule_syscalls" || {
                   # A syscall was not found in the candidate rule
                   all_syscalls_found=1
                   }
            done
            if [[ $all_syscalls_found -eq 0 ]]
            then
                # We found a rule with all the syscall(s) we want; skip rest of macro
                skip=0
                break
            fi

            # Check if this rule can be grouped with our target syscall and keep track of it
            for syscall_g in "${syscall_grouping[@]}"
            do
                if grep -q -- "\b${syscall_g}\b" &lt;&lt;&lt; "$rule_syscalls"
                then
                    file_to_edit=${audit_file}
                    rule_to_edit=${rule}
                    rule_syscalls_to_edit=${rule_syscalls}
                fi
            done
        done
    else
        # If there is any candidate rule, it is compliant; skip rest of macro
        if [ "${#candidate_rules[@]}" -gt 0 ]
        then
            skip=0
        fi
    fi

    if [ "$skip" -eq 0 ]; then
        break
    fi
done

if [ "$skip" -ne 0 ]; then
    # We checked all rules that matched the expected resemblance pattern (action, arch &amp; auid)
    # At this point we know if we need to either append the $full_rule or group
    # the syscall together with an exsiting rule

    # Append the full_rule if it cannot be grouped to any other rule
    if [ -z ${rule_to_edit+x} ]
    then
        # Build full_rule while avoid adding double spaces when other_filters is empty
        if [ "${#syscall_a[@]}" -gt 0 ]
        then
            syscall_string=""
            for syscall in "${syscall_a[@]}"
            do
                syscall_string+=" -S $syscall"
            done
        fi
        other_string=$([[ $OTHER_FILTERS ]] &amp;&amp; echo " $OTHER_FILTERS") || /bin/true
        auid_string=$([[ $AUID_FILTERS ]] &amp;&amp; echo " $AUID_FILTERS") || /bin/true
        full_rule="$ACTION_ARCH_FILTERS${syscall_string}${other_string}${auid_string} -F key=$KEY" || /bin/true
        echo "$full_rule" &gt;&gt; "$default_file"
        chmod 0600 ${default_file}
    else
        # Check if the syscalls are declared as a comma separated list or
        # as multiple -S parameters
        if grep -q -- "," &lt;&lt;&lt; "${rule_syscalls_to_edit}"
        then
            delimiter=","
        else
            delimiter=" -S "
        fi
        new_grouped_syscalls="${rule_syscalls_to_edit}"
        for syscall in "${syscall_a[@]}"
        do
            grep -q -- "\b${syscall}\b" &lt;&lt;&lt; "${rule_syscalls_to_edit}" || {
               # A syscall was not found in the candidate rule
               new_grouped_syscalls+="${delimiter}${syscall}"
               }
        done

        # Group the syscall in the rule
        sed -i -e "\#${rule_to_edit}#s#${rule_syscalls_to_edit}#${new_grouped_syscalls}#" "$file_to_edit"
    fi
fi
done

for ARCH in "${RULE_ARCHS[@]}"
do
	ACTION_ARCH_FILTERS="-a always,exit -F arch=$ARCH"
	OTHER_FILTERS="-F exit=-EPERM"
	# Perform the remediation for both possible tools: 'auditctl' and 'augenrules'
	unset syscall_a
unset syscall_grouping
unset syscall_string
unset syscall
unset file_to_edit
unset rule_to_edit
unset rule_syscalls_to_edit
unset other_string
unset auid_string
unset full_rule

# Load macro arguments into arrays
read -a syscall_a &lt;&lt;&lt; $SYSCALL
read -a syscall_grouping &lt;&lt;&lt; $SYSCALL_GROUPING

# Create a list of audit *.rules files that should be inspected for presence and correctness
# of a particular audit rule. The scheme is as follows:
#
# -----------------------------------------------------------------------------------------
#  Tool used to load audit rules | Rule already defined  |  Audit rules file to inspect    |
# -----------------------------------------------------------------------------------------
#        auditctl                |     Doesn't matter    |  /etc/audit/audit.rules         |
# -----------------------------------------------------------------------------------------
#        augenrules              |          Yes          |  /etc/audit/rules.d/*.rules     |
#        augenrules              |          No           |  /etc/audit/rules.d/$key.rules  |
# -----------------------------------------------------------------------------------------
#
files_to_inspect=()

# If audit tool is 'augenrules', then check if the audit rule is defined
# If rule is defined, add '/etc/audit/rules.d/*.rules' to the list for inspection
# If rule isn't defined yet, add '/etc/audit/rules.d/$key.rules' to the list for inspection
default_file="/etc/audit/rules.d/$KEY.rules"
# As other_filters may include paths, lets use a different delimiter for it
# The "F" script expression tells sed to print the filenames where the expressions matched
readarray -t files_to_inspect &lt; &lt;(sed -s -n -e "/^$ACTION_ARCH_FILTERS/!d" -e "\#$OTHER_FILTERS#!d" -e "/$AUID_FILTERS/!d" -e "F" /etc/audit/rules.d/*.rules)
# Case when particular rule isn't defined in /etc/audit/rules.d/*.rules yet
if [ ${#files_to_inspect[@]} -eq "0" ]
then
    file_to_inspect="/etc/audit/rules.d/$KEY.rules"
    files_to_inspect=("$file_to_inspect")
    if [ ! -e "$file_to_inspect" ]
    then
        touch "$file_to_inspect"
        chmod 0600 "$file_to_inspect"
    fi
fi

# After converting to jinja, we cannot return; therefore we skip the rest of the macro if needed instead
skip=1

for audit_file in "${files_to_inspect[@]}"
do
    # Filter existing $audit_file rules' definitions to select those that satisfy the rule pattern,
    # i.e, collect rules that match:
    # * the action, list and arch, (2-nd argument)
    # * the other filters, (3-rd argument)
    # * the auid filters, (4-rd argument)
    readarray -t similar_rules &lt; &lt;(sed -e "/^$ACTION_ARCH_FILTERS/!d"  -e "\#$OTHER_FILTERS#!d" -e "/$AUID_FILTERS/!d" "$audit_file")

    candidate_rules=()
    # Filter out rules that have more fields then required. This will remove rules more specific than the required scope
    for s_rule in "${similar_rules[@]}"
    do
        # Strip all the options and fields we know of,
        # than check if there was any field left over
        extra_fields=$(sed -E -e "s/^$ACTION_ARCH_FILTERS//"  -e "s#$OTHER_FILTERS##" -e "s/$AUID_FILTERS//" -e "s/((:?-S [[:alnum:],]+)+)//g" -e "s/-F key=\w+|-k \w+//"&lt;&lt;&lt; "$s_rule")
        grep -q -- "-F" &lt;&lt;&lt; "$extra_fields" || candidate_rules+=("$s_rule")
    done

    if [[ ${#syscall_a[@]} -ge 1 ]]
    then
        # Check if the syscall we want is present in any of the similar existing rules
        for rule in "${candidate_rules[@]}"
        do
            rule_syscalls=$(echo "$rule" | grep -o -P '(-S [\w,]+)+' | xargs)
            all_syscalls_found=0
            for syscall in "${syscall_a[@]}"
            do
                grep -q -- "\b${syscall}\b" &lt;&lt;&lt; "$rule_syscalls" || {
                   # A syscall was not found in the candidate rule
                   all_syscalls_found=1
                   }
            done
            if [[ $all_syscalls_found -eq 0 ]]
            then
                # We found a rule with all the syscall(s) we want; skip rest of macro
                skip=0
                break
            fi

            # Check if this rule can be grouped with our target syscall and keep track of it
            for syscall_g in "${syscall_grouping[@]}"
            do
                if grep -q -- "\b${syscall_g}\b" &lt;&lt;&lt; "$rule_syscalls"
                then
                    file_to_edit=${audit_file}
                    rule_to_edit=${rule}
                    rule_syscalls_to_edit=${rule_syscalls}
                fi
            done
        done
    else
        # If there is any candidate rule, it is compliant; skip rest of macro
        if [ "${#candidate_rules[@]}" -gt 0 ]
        then
            skip=0
        fi
    fi

    if [ "$skip" -eq 0 ]; then
        break
    fi
done

if [ "$skip" -ne 0 ]; then
    # We checked all rules that matched the expected resemblance pattern (action, arch &amp; auid)
    # At this point we know if we need to either append the $full_rule or group
    # the syscall together with an exsiting rule

    # Append the full_rule if it cannot be grouped to any other rule
    if [ -z ${rule_to_edit+x} ]
    then
        # Build full_rule while avoid adding double spaces when other_filters is empty
        if [ "${#syscall_a[@]}" -gt 0 ]
        then
            syscall_string=""
            for syscall in "${syscall_a[@]}"
            do
                syscall_string+=" -S $syscall"
            done
        fi
        other_string=$([[ $OTHER_FILTERS ]] &amp;&amp; echo " $OTHER_FILTERS") || /bin/true
        auid_string=$([[ $AUID_FILTERS ]] &amp;&amp; echo " $AUID_FILTERS") || /bin/true
        full_rule="$ACTION_ARCH_FILTERS${syscall_string}${other_string}${auid_string} -F key=$KEY" || /bin/true
        echo "$full_rule" &gt;&gt; "$default_file"
        chmod 0600 ${default_file}
    else
        # Check if the syscalls are declared as a comma separated list or
        # as multiple -S parameters
        if grep -q -- "," &lt;&lt;&lt; "${rule_syscalls_to_edit}"
        then
            delimiter=","
        else
            delimiter=" -S "
        fi
        new_grouped_syscalls="${rule_syscalls_to_edit}"
        for syscall in "${syscall_a[@]}"
        do
            grep -q -- "\b${syscall}\b" &lt;&lt;&lt; "${rule_syscalls_to_edit}" || {
               # A syscall was not found in the candidate rule
               new_grouped_syscalls+="${delimiter}${syscall}"
               }
        done

        # Group the syscall in the rule
        sed -i -e "\#${rule_to_edit}#s#${rule_syscalls_to_edit}#${new_grouped_syscalls}#" "$file_to_edit"
    fi
fi
	unset syscall_a
unset syscall_grouping
unset syscall_string
unset syscall
unset file_to_edit
unset rule_to_edit
unset rule_syscalls_to_edit
unset other_string
unset auid_string
unset full_rule

# Load macro arguments into arrays
read -a syscall_a &lt;&lt;&lt; $SYSCALL
read -a syscall_grouping &lt;&lt;&lt; $SYSCALL_GROUPING

# Create a list of audit *.rules files that should be inspected for presence and correctness
# of a particular audit rule. The scheme is as follows:
#
# -----------------------------------------------------------------------------------------
#  Tool used to load audit rules | Rule already defined  |  Audit rules file to inspect    |
# -----------------------------------------------------------------------------------------
#        auditctl                |     Doesn't matter    |  /etc/audit/audit.rules         |
# -----------------------------------------------------------------------------------------
#        augenrules              |          Yes          |  /etc/audit/rules.d/*.rules     |
#        augenrules              |          No           |  /etc/audit/rules.d/$key.rules  |
# -----------------------------------------------------------------------------------------
#
files_to_inspect=()


# If audit tool is 'auditctl', then add '/etc/audit/audit.rules'
# file to the list of files to be inspected
default_file="/etc/audit/audit.rules"
files_to_inspect+=('/etc/audit/audit.rules' )

# After converting to jinja, we cannot return; therefore we skip the rest of the macro if needed instead
skip=1

for audit_file in "${files_to_inspect[@]}"
do
    # Filter existing $audit_file rules' definitions to select those that satisfy the rule pattern,
    # i.e, collect rules that match:
    # * the action, list and arch, (2-nd argument)
    # * the other filters, (3-rd argument)
    # * the auid filters, (4-rd argument)
    readarray -t similar_rules &lt; &lt;(sed -e "/^$ACTION_ARCH_FILTERS/!d"  -e "\#$OTHER_FILTERS#!d" -e "/$AUID_FILTERS/!d" "$audit_file")

    candidate_rules=()
    # Filter out rules that have more fields then required. This will remove rules more specific than the required scope
    for s_rule in "${similar_rules[@]}"
    do
        # Strip all the options and fields we know of,
        # than check if there was any field left over
        extra_fields=$(sed -E -e "s/^$ACTION_ARCH_FILTERS//"  -e "s#$OTHER_FILTERS##" -e "s/$AUID_FILTERS//" -e "s/((:?-S [[:alnum:],]+)+)//g" -e "s/-F key=\w+|-k \w+//"&lt;&lt;&lt; "$s_rule")
        grep -q -- "-F" &lt;&lt;&lt; "$extra_fields" || candidate_rules+=("$s_rule")
    done

    if [[ ${#syscall_a[@]} -ge 1 ]]
    then
        # Check if the syscall we want is present in any of the similar existing rules
        for rule in "${candidate_rules[@]}"
        do
            rule_syscalls=$(echo "$rule" | grep -o -P '(-S [\w,]+)+' | xargs)
            all_syscalls_found=0
            for syscall in "${syscall_a[@]}"
            do
                grep -q -- "\b${syscall}\b" &lt;&lt;&lt; "$rule_syscalls" || {
                   # A syscall was not found in the candidate rule
                   all_syscalls_found=1
                   }
            done
            if [[ $all_syscalls_found -eq 0 ]]
            then
                # We found a rule with all the syscall(s) we want; skip rest of macro
                skip=0
                break
            fi

            # Check if this rule can be grouped with our target syscall and keep track of it
            for syscall_g in "${syscall_grouping[@]}"
            do
                if grep -q -- "\b${syscall_g}\b" &lt;&lt;&lt; "$rule_syscalls"
                then
                    file_to_edit=${audit_file}
                    rule_to_edit=${rule}
                    rule_syscalls_to_edit=${rule_syscalls}
                fi
            done
        done
    else
        # If there is any candidate rule, it is compliant; skip rest of macro
        if [ "${#candidate_rules[@]}" -gt 0 ]
        then
            skip=0
        fi
    fi

    if [ "$skip" -eq 0 ]; then
        break
    fi
done

if [ "$skip" -ne 0 ]; then
    # We checked all rules that matched the expected resemblance pattern (action, arch &amp; auid)
    # At this point we know if we need to either append the $full_rule or group
    # the syscall together with an exsiting rule

    # Append the full_rule if it cannot be grouped to any other rule
    if [ -z ${rule_to_edit+x} ]
    then
        # Build full_rule while avoid adding double spaces when other_filters is empty
        if [ "${#syscall_a[@]}" -gt 0 ]
        then
            syscall_string=""
            for syscall in "${syscall_a[@]}"
            do
                syscall_string+=" -S $syscall"
            done
        fi
        other_string=$([[ $OTHER_FILTERS ]] &amp;&amp; echo " $OTHER_FILTERS") || /bin/true
        auid_string=$([[ $AUID_FILTERS ]] &amp;&amp; echo " $AUID_FILTERS") || /bin/true
        full_rule="$ACTION_ARCH_FILTERS${syscall_string}${other_string}${auid_string} -F key=$KEY" || /bin/true
        echo "$full_rule" &gt;&gt; "$default_file"
        chmod 0600 ${default_file}
    else
        # Check if the syscalls are declared as a comma separated list or
        # as multiple -S parameters
        if grep -q -- "," &lt;&lt;&lt; "${rule_syscalls_to_edit}"
        then
            delimiter=","
        else
            delimiter=" -S "
        fi
        new_grouped_syscalls="${rule_syscalls_to_edit}"
        for syscall in "${syscall_a[@]}"
        do
            grep -q -- "\b${syscall}\b" &lt;&lt;&lt; "${rule_syscalls_to_edit}" || {
               # A syscall was not found in the candidate rule
               new_grouped_syscalls+="${delimiter}${syscall}"
               }
        done

        # Group the syscall in the rule
        sed -i -e "\#${rule_to_edit}#s#${rule_syscalls_to_edit}#${new_grouped_syscalls}#" "$file_to_edit"
    fi
fi
done

else
    &gt;&amp;2 echo 'Remediation is not applicable, nothing was done'
fi
</fix>
          <fix xmlns:xhtml="http://www.w3.org/1999/xhtml" id="audit_rules_unsuccessful_file_modification_renameat" system="urn:xccdf:fix:script:ansible" reboot="true" complexity="low" disruption="low" strategy="restrict">- name: Gather the package facts
  package_facts:
    manager: auto
  tags:
  - CCE-85702-9
  - DISA-STIG-SLES-15-030740
  - NIST-800-171-3.1.7
  - NIST-800-53-AU-12(c)
  - NIST-800-53-AU-12.1(iv)
  - PCI-DSS-Req-10.2.1
  - PCI-DSS-Req-10.2.4
  - audit_rules_unsuccessful_file_modification_renameat
  - low_complexity
  - low_disruption
  - medium_severity
  - reboot_required
  - restrict_strategy

- name: Set architecture for audit renameat tasks
  ansible.builtin.set_fact:
    audit_arch: b64
  when:
  - '"audit" in ansible_facts.packages'
  - ("kernel-default" in ansible_facts.packages or "kernel-default-base" in ansible_facts.packages)
  - ansible_architecture == "aarch64" or ansible_architecture == "ppc64" or ansible_architecture
    == "ppc64le" or ansible_architecture == "s390x" or ansible_architecture == "x86_64"
  tags:
  - CCE-85702-9
  - DISA-STIG-SLES-15-030740
  - NIST-800-171-3.1.7
  - NIST-800-53-AU-12(c)
  - NIST-800-53-AU-12.1(iv)
  - PCI-DSS-Req-10.2.1
  - PCI-DSS-Req-10.2.4
  - audit_rules_unsuccessful_file_modification_renameat
  - low_complexity
  - low_disruption
  - medium_severity
  - reboot_required
  - restrict_strategy

- name: Perform remediation of Audit rules for renameat EACCES for 32bit platform
  block:

  - name: Declare list of syscalls
    ansible.builtin.set_fact:
      syscalls:
      - renameat
      syscall_grouping:
      - rename
      - renameat
      - renameat2
      - unlink
      - unlinkat

  - name: Check existence of renameat in /etc/audit/rules.d/
    ansible.builtin.find:
      paths: /etc/audit/rules.d
      contains: -a always,exit -F arch=b32(( -S |,)\w+)*(( -S |,){{ item }})+(( -S
        |,)\w+)* -F exit=-EACCES -F auid&gt;=1000 -F auid!=unset (-k\s+|-F\s+key=)\S+\s*$
      patterns: '*.rules'
    register: find_command
    loop: '{{ (syscall_grouping + syscalls) | unique }}'

  - name: Reset syscalls found per file
    ansible.builtin.set_fact:
      syscalls_per_file: {}
      found_paths_dict: {}

  - name: Declare syscalls found per file
    ansible.builtin.set_fact: syscalls_per_file="{{ syscalls_per_file | combine( {item.files[0].path
      :[item.item] + syscalls_per_file.get(item.files[0].path, []) } ) }}"
    loop: '{{ find_command.results | selectattr(''matched'') | list }}'

  - name: Declare files where syscalls were found
    ansible.builtin.set_fact: found_paths="{{ find_command.results | map(attribute='files')
      | flatten | map(attribute='path') | list }}"

  - name: Count occurrences of syscalls in paths
    ansible.builtin.set_fact: found_paths_dict="{{ found_paths_dict | combine({ item:1+found_paths_dict.get(item,
      0) }) }}"
    loop: '{{ find_command.results | map(attribute=''files'') | flatten | map(attribute=''path'')
      | list }}'

  - name: Get path with most syscalls
    ansible.builtin.set_fact: audit_file="{{ (found_paths_dict | dict2items() | sort(attribute='value')
      | last).key }}"
    when: found_paths | length &gt;= 1

  - name: No file with syscall found, set path to /etc/audit/rules.d/access.rules
    ansible.builtin.set_fact: audit_file="/etc/audit/rules.d/access.rules"
    when: found_paths | length == 0

  - name: Declare found syscalls
    ansible.builtin.set_fact: syscalls_found="{{ find_command.results | selectattr('matched')
      | map(attribute='item') | list }}"

  - name: Declare missing syscalls
    ansible.builtin.set_fact: missing_syscalls="{{ syscalls | difference(syscalls_found)
      }}"

  - name: Replace the audit rule in {{ audit_file }}
    ansible.builtin.lineinfile:
      path: '{{ audit_file }}'
      regexp: (-a always,exit -F arch=b32)(?=.*(?:(?:-S |,)(?:{{ syscalls_per_file[audit_file]
        | join("|") }}))\b)((?:( -S |,)\w+)+)( -F exit=-EACCES -F auid&gt;=1000 -F auid!=unset
        (?:-k |-F key=)\w+)
      line: \1\2\3{{ missing_syscalls | join("\3") }}\4
      backrefs: true
      state: present
      mode: g-rwx,o-rwx
    when: syscalls_found | length &gt; 0 and missing_syscalls | length &gt; 0

  - name: Add the audit rule to {{ audit_file }}
    ansible.builtin.lineinfile:
      path: '{{ audit_file }}'
      line: -a always,exit -F arch=b32 -S {{ syscalls | join(',') }} -F exit=-EACCES
        -F auid&gt;=1000 -F auid!=unset -F key=access
      create: true
      mode: g-rwx,o-rwx
      state: present
    when: syscalls_found | length == 0

  - name: Declare list of syscalls
    ansible.builtin.set_fact:
      syscalls:
      - renameat
      syscall_grouping:
      - rename
      - renameat
      - renameat2
      - unlink
      - unlinkat

  - name: Check existence of renameat in /etc/audit/audit.rules
    ansible.builtin.find:
      paths: /etc/audit
      contains: -a always,exit -F arch=b32(( -S |,)\w+)*(( -S |,){{ item }})+(( -S
        |,)\w+)* -F exit=-EACCES -F auid&gt;=1000 -F auid!=unset (-k\s+|-F\s+key=)\S+\s*$
      patterns: audit.rules
    register: find_command
    loop: '{{ (syscall_grouping + syscalls) | unique }}'

  - name: Set path to /etc/audit/audit.rules
    ansible.builtin.set_fact: audit_file="/etc/audit/audit.rules"

  - name: Declare found syscalls
    ansible.builtin.set_fact: syscalls_found="{{ find_command.results | selectattr('matched')
      | map(attribute='item') | list }}"

  - name: Declare missing syscalls
    ansible.builtin.set_fact: missing_syscalls="{{ syscalls | difference(syscalls_found)
      }}"

  - name: Replace the audit rule in {{ audit_file }}
    ansible.builtin.lineinfile:
      path: '{{ audit_file }}'
      regexp: (-a always,exit -F arch=b32)(?=.*(?:(?:-S |,)(?:{{ syscalls_found |
        join("|") }}))\b)((?:( -S |,)\w+)+)( -F exit=-EACCES -F auid&gt;=1000 -F auid!=unset
        (?:-k |-F key=)\w+)
      line: \1\2\3{{ missing_syscalls | join("\3") }}\4
      backrefs: true
      state: present
      mode: g-rwx,o-rwx
    when: syscalls_found | length &gt; 0 and missing_syscalls | length &gt; 0

  - name: Add the audit rule to {{ audit_file }}
    ansible.builtin.lineinfile:
      path: '{{ audit_file }}'
      line: -a always,exit -F arch=b32 -S {{ syscalls | join(',') }} -F exit=-EACCES
        -F auid&gt;=1000 -F auid!=unset -F key=access
      create: true
      mode: g-rwx,o-rwx
      state: present
    when: syscalls_found | length == 0
  when:
  - '"audit" in ansible_facts.packages'
  - ("kernel-default" in ansible_facts.packages or "kernel-default-base" in ansible_facts.packages)
  tags:
  - CCE-85702-9
  - DISA-STIG-SLES-15-030740
  - NIST-800-171-3.1.7
  - NIST-800-53-AU-12(c)
  - NIST-800-53-AU-12.1(iv)
  - PCI-DSS-Req-10.2.1
  - PCI-DSS-Req-10.2.4
  - audit_rules_unsuccessful_file_modification_renameat
  - low_complexity
  - low_disruption
  - medium_severity
  - reboot_required
  - restrict_strategy

- name: Perform remediation of Audit rules for renameat EACCES for 64bit platform
  block:

  - name: Declare list of syscalls
    ansible.builtin.set_fact:
      syscalls:
      - renameat
      syscall_grouping:
      - rename
      - renameat
      - renameat2
      - unlink
      - unlinkat

  - name: Check existence of renameat in /etc/audit/rules.d/
    ansible.builtin.find:
      paths: /etc/audit/rules.d
      contains: -a always,exit -F arch=b64(( -S |,)\w+)*(( -S |,){{ item }})+(( -S
        |,)\w+)* -F exit=-EACCES -F auid&gt;=1000 -F auid!=unset (-k\s+|-F\s+key=)\S+\s*$
      patterns: '*.rules'
    register: find_command
    loop: '{{ (syscall_grouping + syscalls) | unique }}'

  - name: Reset syscalls found per file
    ansible.builtin.set_fact:
      syscalls_per_file: {}
      found_paths_dict: {}

  - name: Declare syscalls found per file
    ansible.builtin.set_fact: syscalls_per_file="{{ syscalls_per_file | combine( {item.files[0].path
      :[item.item] + syscalls_per_file.get(item.files[0].path, []) } ) }}"
    loop: '{{ find_command.results | selectattr(''matched'') | list }}'

  - name: Declare files where syscalls were found
    ansible.builtin.set_fact: found_paths="{{ find_command.results | map(attribute='files')
      | flatten | map(attribute='path') | list }}"

  - name: Count occurrences of syscalls in paths
    ansible.builtin.set_fact: found_paths_dict="{{ found_paths_dict | combine({ item:1+found_paths_dict.get(item,
      0) }) }}"
    loop: '{{ find_command.results | map(attribute=''files'') | flatten | map(attribute=''path'')
      | list }}'

  - name: Get path with most syscalls
    ansible.builtin.set_fact: audit_file="{{ (found_paths_dict | dict2items() | sort(attribute='value')
      | last).key }}"
    when: found_paths | length &gt;= 1

  - name: No file with syscall found, set path to /etc/audit/rules.d/access.rules
    ansible.builtin.set_fact: audit_file="/etc/audit/rules.d/access.rules"
    when: found_paths | length == 0

  - name: Declare found syscalls
    ansible.builtin.set_fact: syscalls_found="{{ find_command.results | selectattr('matched')
      | map(attribute='item') | list }}"

  - name: Declare missing syscalls
    ansible.builtin.set_fact: missing_syscalls="{{ syscalls | difference(syscalls_found)
      }}"

  - name: Replace the audit rule in {{ audit_file }}
    ansible.builtin.lineinfile:
      path: '{{ audit_file }}'
      regexp: (-a always,exit -F arch=b64)(?=.*(?:(?:-S |,)(?:{{ syscalls_per_file[audit_file]
        | join("|") }}))\b)((?:( -S |,)\w+)+)( -F exit=-EACCES -F auid&gt;=1000 -F auid!=unset
        (?:-k |-F key=)\w+)
      line: \1\2\3{{ missing_syscalls | join("\3") }}\4
      backrefs: true
      state: present
      mode: g-rwx,o-rwx
    when: syscalls_found | length &gt; 0 and missing_syscalls | length &gt; 0

  - name: Add the audit rule to {{ audit_file }}
    ansible.builtin.lineinfile:
      path: '{{ audit_file }}'
      line: -a always,exit -F arch=b64 -S {{ syscalls | join(',') }} -F exit=-EACCES
        -F auid&gt;=1000 -F auid!=unset -F key=access
      create: true
      mode: g-rwx,o-rwx
      state: present
    when: syscalls_found | length == 0

  - name: Declare list of syscalls
    ansible.builtin.set_fact:
      syscalls:
      - renameat
      syscall_grouping:
      - rename
      - renameat
      - renameat2
      - unlink
      - unlinkat

  - name: Check existence of renameat in /etc/audit/audit.rules
    ansible.builtin.find:
      paths: /etc/audit
      contains: -a always,exit -F arch=b64(( -S |,)\w+)*(( -S |,){{ item }})+(( -S
        |,)\w+)* -F exit=-EACCES -F auid&gt;=1000 -F auid!=unset (-k\s+|-F\s+key=)\S+\s*$
      patterns: audit.rules
    register: find_command
    loop: '{{ (syscall_grouping + syscalls) | unique }}'

  - name: Set path to /etc/audit/audit.rules
    ansible.builtin.set_fact: audit_file="/etc/audit/audit.rules"

  - name: Declare found syscalls
    ansible.builtin.set_fact: syscalls_found="{{ find_command.results | selectattr('matched')
      | map(attribute='item') | list }}"

  - name: Declare missing syscalls
    ansible.builtin.set_fact: missing_syscalls="{{ syscalls | difference(syscalls_found)
      }}"

  - name: Replace the audit rule in {{ audit_file }}
    ansible.builtin.lineinfile:
      path: '{{ audit_file }}'
      regexp: (-a always,exit -F arch=b64)(?=.*(?:(?:-S |,)(?:{{ syscalls_found |
        join("|") }}))\b)((?:( -S |,)\w+)+)( -F exit=-EACCES -F auid&gt;=1000 -F auid!=unset
        (?:-k |-F key=)\w+)
      line: \1\2\3{{ missing_syscalls | join("\3") }}\4
      backrefs: true
      state: present
      mode: g-rwx,o-rwx
    when: syscalls_found | length &gt; 0 and missing_syscalls | length &gt; 0

  - name: Add the audit rule to {{ audit_file }}
    ansible.builtin.lineinfile:
      path: '{{ audit_file }}'
      line: -a always,exit -F arch=b64 -S {{ syscalls | join(',') }} -F exit=-EACCES
        -F auid&gt;=1000 -F auid!=unset -F key=access
      create: true
      mode: g-rwx,o-rwx
      state: present
    when: syscalls_found | length == 0
  when:
  - '"audit" in ansible_facts.packages'
  - ("kernel-default" in ansible_facts.packages or "kernel-default-base" in ansible_facts.packages)
  - audit_arch == "b64"
  tags:
  - CCE-85702-9
  - DISA-STIG-SLES-15-030740
  - NIST-800-171-3.1.7
  - NIST-800-53-AU-12(c)
  - NIST-800-53-AU-12.1(iv)
  - PCI-DSS-Req-10.2.1
  - PCI-DSS-Req-10.2.4
  - audit_rules_unsuccessful_file_modification_renameat
  - low_complexity
  - low_disruption
  - medium_severity
  - reboot_required
  - restrict_strategy

- name: Perform remediation of Audit rules for renameat EPERM for 32bit platform
  block:

  - name: Declare list of syscalls
    ansible.builtin.set_fact:
      syscalls:
      - renameat
      syscall_grouping:
      - rename
      - renameat
      - renameat2
      - unlink
      - unlinkat

  - name: Check existence of renameat in /etc/audit/rules.d/
    ansible.builtin.find:
      paths: /etc/audit/rules.d
      contains: -a always,exit -F arch=b32(( -S |,)\w+)*(( -S |,){{ item }})+(( -S
        |,)\w+)* -F exit=-EPERM -F auid&gt;=1000 -F auid!=unset (-k\s+|-F\s+key=)\S+\s*$
      patterns: '*.rules'
    register: find_command
    loop: '{{ (syscall_grouping + syscalls) | unique }}'

  - name: Reset syscalls found per file
    ansible.builtin.set_fact:
      syscalls_per_file: {}
      found_paths_dict: {}

  - name: Declare syscalls found per file
    ansible.builtin.set_fact: syscalls_per_file="{{ syscalls_per_file | combine( {item.files[0].path
      :[item.item] + syscalls_per_file.get(item.files[0].path, []) } ) }}"
    loop: '{{ find_command.results | selectattr(''matched'') | list }}'

  - name: Declare files where syscalls were found
    ansible.builtin.set_fact: found_paths="{{ find_command.results | map(attribute='files')
      | flatten | map(attribute='path') | list }}"

  - name: Count occurrences of syscalls in paths
    ansible.builtin.set_fact: found_paths_dict="{{ found_paths_dict | combine({ item:1+found_paths_dict.get(item,
      0) }) }}"
    loop: '{{ find_command.results | map(attribute=''files'') | flatten | map(attribute=''path'')
      | list }}'

  - name: Get path with most syscalls
    ansible.builtin.set_fact: audit_file="{{ (found_paths_dict | dict2items() | sort(attribute='value')
      | last).key }}"
    when: found_paths | length &gt;= 1

  - name: No file with syscall found, set path to /etc/audit/rules.d/access.rules
    ansible.builtin.set_fact: audit_file="/etc/audit/rules.d/access.rules"
    when: found_paths | length == 0

  - name: Declare found syscalls
    ansible.builtin.set_fact: syscalls_found="{{ find_command.results | selectattr('matched')
      | map(attribute='item') | list }}"

  - name: Declare missing syscalls
    ansible.builtin.set_fact: missing_syscalls="{{ syscalls | difference(syscalls_found)
      }}"

  - name: Replace the audit rule in {{ audit_file }}
    ansible.builtin.lineinfile:
      path: '{{ audit_file }}'
      regexp: (-a always,exit -F arch=b32)(?=.*(?:(?:-S |,)(?:{{ syscalls_per_file[audit_file]
        | join("|") }}))\b)((?:( -S |,)\w+)+)( -F exit=-EPERM -F auid&gt;=1000 -F auid!=unset
        (?:-k |-F key=)\w+)
      line: \1\2\3{{ missing_syscalls | join("\3") }}\4
      backrefs: true
      state: present
      mode: g-rwx,o-rwx
    when: syscalls_found | length &gt; 0 and missing_syscalls | length &gt; 0

  - name: Add the audit rule to {{ audit_file }}
    ansible.builtin.lineinfile:
      path: '{{ audit_file }}'
      line: -a always,exit -F arch=b32 -S {{ syscalls | join(',') }} -F exit=-EPERM
        -F auid&gt;=1000 -F auid!=unset -F key=access
      create: true
      mode: g-rwx,o-rwx
      state: present
    when: syscalls_found | length == 0

  - name: Declare list of syscalls
    ansible.builtin.set_fact:
      syscalls:
      - renameat
      syscall_grouping:
      - rename
      - renameat
      - renameat2
      - unlink
      - unlinkat

  - name: Check existence of renameat in /etc/audit/audit.rules
    ansible.builtin.find:
      paths: /etc/audit
      contains: -a always,exit -F arch=b32(( -S |,)\w+)*(( -S |,){{ item }})+(( -S
        |,)\w+)* -F exit=-EPERM -F auid&gt;=1000 -F auid!=unset (-k\s+|-F\s+key=)\S+\s*$
      patterns: audit.rules
    register: find_command
    loop: '{{ (syscall_grouping + syscalls) | unique }}'

  - name: Set path to /etc/audit/audit.rules
    ansible.builtin.set_fact: audit_file="/etc/audit/audit.rules"

  - name: Declare found syscalls
    ansible.builtin.set_fact: syscalls_found="{{ find_command.results | selectattr('matched')
      | map(attribute='item') | list }}"

  - name: Declare missing syscalls
    ansible.builtin.set_fact: missing_syscalls="{{ syscalls | difference(syscalls_found)
      }}"

  - name: Replace the audit rule in {{ audit_file }}
    ansible.builtin.lineinfile:
      path: '{{ audit_file }}'
      regexp: (-a always,exit -F arch=b32)(?=.*(?:(?:-S |,)(?:{{ syscalls_found |
        join("|") }}))\b)((?:( -S |,)\w+)+)( -F exit=-EPERM -F auid&gt;=1000 -F auid!=unset
        (?:-k |-F key=)\w+)
      line: \1\2\3{{ missing_syscalls | join("\3") }}\4
      backrefs: true
      state: present
      mode: g-rwx,o-rwx
    when: syscalls_found | length &gt; 0 and missing_syscalls | length &gt; 0

  - name: Add the audit rule to {{ audit_file }}
    ansible.builtin.lineinfile:
      path: '{{ audit_file }}'
      line: -a always,exit -F arch=b32 -S {{ syscalls | join(',') }} -F exit=-EPERM
        -F auid&gt;=1000 -F auid!=unset -F key=access
      create: true
      mode: g-rwx,o-rwx
      state: present
    when: syscalls_found | length == 0
  when:
  - '"audit" in ansible_facts.packages'
  - ("kernel-default" in ansible_facts.packages or "kernel-default-base" in ansible_facts.packages)
  tags:
  - CCE-85702-9
  - DISA-STIG-SLES-15-030740
  - NIST-800-171-3.1.7
  - NIST-800-53-AU-12(c)
  - NIST-800-53-AU-12.1(iv)
  - PCI-DSS-Req-10.2.1
  - PCI-DSS-Req-10.2.4
  - audit_rules_unsuccessful_file_modification_renameat
  - low_complexity
  - low_disruption
  - medium_severity
  - reboot_required
  - restrict_strategy

- name: Perform remediation of Audit rules for renameat EPERM for 64bit platform
  block:

  - name: Declare list of syscalls
    ansible.builtin.set_fact:
      syscalls:
      - renameat
      syscall_grouping:
      - rename
      - renameat
      - renameat2
      - unlink
      - unlinkat

  - name: Check existence of renameat in /etc/audit/rules.d/
    ansible.builtin.find:
      paths: /etc/audit/rules.d
      contains: -a always,exit -F arch=b64(( -S |,)\w+)*(( -S |,){{ item }})+(( -S
        |,)\w+)* -F exit=-EPERM -F auid&gt;=1000 -F auid!=unset (-k\s+|-F\s+key=)\S+\s*$
      patterns: '*.rules'
    register: find_command
    loop: '{{ (syscall_grouping + syscalls) | unique }}'

  - name: Reset syscalls found per file
    ansible.builtin.set_fact:
      syscalls_per_file: {}
      found_paths_dict: {}

  - name: Declare syscalls found per file
    ansible.builtin.set_fact: syscalls_per_file="{{ syscalls_per_file | combine( {item.files[0].path
      :[item.item] + syscalls_per_file.get(item.files[0].path, []) } ) }}"
    loop: '{{ find_command.results | selectattr(''matched'') | list }}'

  - name: Declare files where syscalls were found
    ansible.builtin.set_fact: found_paths="{{ find_command.results | map(attribute='files')
      | flatten | map(attribute='path') | list }}"

  - name: Count occurrences of syscalls in paths
    ansible.builtin.set_fact: found_paths_dict="{{ found_paths_dict | combine({ item:1+found_paths_dict.get(item,
      0) }) }}"
    loop: '{{ find_command.results | map(attribute=''files'') | flatten | map(attribute=''path'')
      | list }}'

  - name: Get path with most syscalls
    ansible.builtin.set_fact: audit_file="{{ (found_paths_dict | dict2items() | sort(attribute='value')
      | last).key }}"
    when: found_paths | length &gt;= 1

  - name: No file with syscall found, set path to /etc/audit/rules.d/access.rules
    ansible.builtin.set_fact: audit_file="/etc/audit/rules.d/access.rules"
    when: found_paths | length == 0

  - name: Declare found syscalls
    ansible.builtin.set_fact: syscalls_found="{{ find_command.results | selectattr('matched')
      | map(attribute='item') | list }}"

  - name: Declare missing syscalls
    ansible.builtin.set_fact: missing_syscalls="{{ syscalls | difference(syscalls_found)
      }}"

  - name: Replace the audit rule in {{ audit_file }}
    ansible.builtin.lineinfile:
      path: '{{ audit_file }}'
      regexp: (-a always,exit -F arch=b64)(?=.*(?:(?:-S |,)(?:{{ syscalls_per_file[audit_file]
        | join("|") }}))\b)((?:( -S |,)\w+)+)( -F exit=-EPERM -F auid&gt;=1000 -F auid!=unset
        (?:-k |-F key=)\w+)
      line: \1\2\3{{ missing_syscalls | join("\3") }}\4
      backrefs: true
      state: present
      mode: g-rwx,o-rwx
    when: syscalls_found | length &gt; 0 and missing_syscalls | length &gt; 0

  - name: Add the audit rule to {{ audit_file }}
    ansible.builtin.lineinfile:
      path: '{{ audit_file }}'
      line: -a always,exit -F arch=b64 -S {{ syscalls | join(',') }} -F exit=-EPERM
        -F auid&gt;=1000 -F auid!=unset -F key=access
      create: true
      mode: g-rwx,o-rwx
      state: present
    when: syscalls_found | length == 0

  - name: Declare list of syscalls
    ansible.builtin.set_fact:
      syscalls:
      - renameat
      syscall_grouping:
      - rename
      - renameat
      - renameat2
      - unlink
      - unlinkat

  - name: Check existence of renameat in /etc/audit/audit.rules
    ansible.builtin.find:
      paths: /etc/audit
      contains: -a always,exit -F arch=b64(( -S |,)\w+)*(( -S |,){{ item }})+(( -S
        |,)\w+)* -F exit=-EPERM -F auid&gt;=1000 -F auid!=unset (-k\s+|-F\s+key=)\S+\s*$
      patterns: audit.rules
    register: find_command
    loop: '{{ (syscall_grouping + syscalls) | unique }}'

  - name: Set path to /etc/audit/audit.rules
    ansible.builtin.set_fact: audit_file="/etc/audit/audit.rules"

  - name: Declare found syscalls
    ansible.builtin.set_fact: syscalls_found="{{ find_command.results | selectattr('matched')
      | map(attribute='item') | list }}"

  - name: Declare missing syscalls
    ansible.builtin.set_fact: missing_syscalls="{{ syscalls | difference(syscalls_found)
      }}"

  - name: Replace the audit rule in {{ audit_file }}
    ansible.builtin.lineinfile:
      path: '{{ audit_file }}'
      regexp: (-a always,exit -F arch=b64)(?=.*(?:(?:-S |,)(?:{{ syscalls_found |
        join("|") }}))\b)((?:( -S |,)\w+)+)( -F exit=-EPERM -F auid&gt;=1000 -F auid!=unset
        (?:-k |-F key=)\w+)
      line: \1\2\3{{ missing_syscalls | join("\3") }}\4
      backrefs: true
      state: present
      mode: g-rwx,o-rwx
    when: syscalls_found | length &gt; 0 and missing_syscalls | length &gt; 0

  - name: Add the audit rule to {{ audit_file }}
    ansible.builtin.lineinfile:
      path: '{{ audit_file }}'
      line: -a always,exit -F arch=b64 -S {{ syscalls | join(',') }} -F exit=-EPERM
        -F auid&gt;=1000 -F auid!=unset -F key=access
      create: true
      mode: g-rwx,o-rwx
      state: present
    when: syscalls_found | length == 0
  when:
  - '"audit" in ansible_facts.packages'
  - ("kernel-default" in ansible_facts.packages or "kernel-default-base" in ansible_facts.packages)
  - audit_arch == "b64"
  tags:
  - CCE-85702-9
  - DISA-STIG-SLES-15-030740
  - NIST-800-171-3.1.7
  - NIST-800-53-AU-12(c)
  - NIST-800-53-AU-12.1(iv)
  - PCI-DSS-Req-10.2.1
  - PCI-DSS-Req-10.2.4
  - audit_rules_unsuccessful_file_modification_renameat
  - low_complexity
  - low_disruption
  - medium_severity
  - reboot_required
  - restrict_strategy
</fix>
          <check system="http://oval.mitre.org/XMLSchema/oval-definitions-5">
            <check-content-ref name="oval:ssg-audit_rules_unsuccessful_file_modification_renameat:def:1" href="ssg-sle15-oval.xml"/>
          </check>
          <check system="http://scap.nist.gov/schema/ocil/2">
            <check-content-ref name="ocil:ssg-audit_rules_unsuccessful_file_modification_renameat_ocil:questionnaire:1" href="ssg-sle15-ocil.xml"/>
          </check>
        </Rule>
        <Rule id="xccdf_org.ssgproject.content_rule_audit_rules_unsuccessful_file_modification_renameat2" selected="false" role="full" severity="medium">
          <title xmlns:xhtml="http://www.w3.org/1999/xhtml" xml:lang="en-US">Record Unsuccessful Delete Attempts to Files - renameat2</title>
          <description xmlns:xhtml="http://www.w3.org/1999/xhtml" xml:lang="en-US">The operating system must generate audit records for all uses of the <html:code xmlns:html="http://www.w3.org/1999/xhtml">renameat2</html:code> system call.
Without generating audit records specific to the security and mission needs of the organization, it would be 
difficult to establish, correlate, and investigate the events relating to an incident or identify those responsible for one.
Audit records can be generated from various components within the information system (e.g., module or policy filter).
Add or update the following lines to <html:code xmlns:html="http://www.w3.org/1999/xhtml">/etc/audit/rules.d/audit.rules</html:code> to configure the operating system to generate 
an audit record for all uses of the <html:code xmlns:html="http://www.w3.org/1999/xhtml">renameat2</html:code> system call:  
<html:pre xmlns:html="http://www.w3.org/1999/xhtml">
-a always,exit -F arch=b32 -S renameat2 -F auid&gt;=1000 -F auid!=-1 -k perm_mod
-a always,exit -F arch=b64 -S renameat2 -F auid&gt;=1000 -F auid!=-1 -k perm_mod</html:pre>
       </description>
          <warning xmlns:xhtml="http://www.w3.org/1999/xhtml" xml:lang="en-US" category="general">Note that these rules can be configured in a
number of ways while still achieving the desired effect. Here the system calls
have been placed independent of other system calls. Grouping system calls related
to the same event is more efficient. See the following example:
<html:pre xmlns:html="http://www.w3.org/1999/xhtml">
-a always,exit -F arch=b32 -S renameat2 -F auid&gt;=1000 -F auid!=4294967295 -k perm_mod
-a always,exit -F arch=b64 -S renameat2 -F auid&gt;=1000 -F auid!=4294967295 -k perm_mod</html:pre>
       </warning>
          <reference href="http://nvlpubs.nist.gov/nistpubs/SpecialPublications/NIST.SP.800-53r4.pdf">AU-12(c)</reference>
          <reference href="http://nvlpubs.nist.gov/nistpubs/SpecialPublications/NIST.SP.800-53r4.pdf">AU-12.1(iv)</reference>
          <reference href="https://www.cyber.mil/stigs/downloads/?_dl_facet_stigs=operating-systems%2Cgeneral-purpose-os">SRG-OS-000468-GPOS-00212</reference>
          <reference href="https://www.cyber.mil/stigs/downloads/?_dl_facet_stigs=operating-systems%2Cunix-linux">SLES-15-030740</reference>
          <reference href="https://www.cyber.mil/stigs/srg-stig-tools/">SV-234973r991577_rule</reference>
          <rationale xmlns:xhtml="http://www.w3.org/1999/xhtml" xml:lang="en-US">Unsuccessful attempts to delete files could be an indicator of malicious activity on a system. Auditing
these events could serve as evidence of potential system compromise.</rationale>
          <ident system="https://ncp.nist.gov/cce">CCE-85726-8</ident>
          <fix xmlns:xhtml="http://www.w3.org/1999/xhtml" id="audit_rules_unsuccessful_file_modification_renameat2" system="urn:xccdf:fix:script:sh"># Remediation is applicable only in certain platforms
if rpm --quiet -q audit &amp;&amp; rpm --quiet -q kernel-default || rpm --quiet -q kernel-default-base; then

# First perform the remediation of the syscall rule
# Retrieve hardware architecture of the underlying system
[ "$(getconf LONG_BIT)" = "32" ] &amp;&amp; RULE_ARCHS=("b32") || RULE_ARCHS=("b32" "b64")

AUID_FILTERS="-F auid&gt;=1000 -F auid!=unset"
SYSCALL="renameat2"
KEY="access"
SYSCALL_GROUPING="rename renameat renameat2 unlink unlinkat"

for ARCH in "${RULE_ARCHS[@]}"
do
	ACTION_ARCH_FILTERS="-a always,exit -F arch=$ARCH"
	OTHER_FILTERS="-F exit=-EACCES"
	# Perform the remediation for both possible tools: 'auditctl' and 'augenrules'
	unset syscall_a
unset syscall_grouping
unset syscall_string
unset syscall
unset file_to_edit
unset rule_to_edit
unset rule_syscalls_to_edit
unset other_string
unset auid_string
unset full_rule

# Load macro arguments into arrays
read -a syscall_a &lt;&lt;&lt; $SYSCALL
read -a syscall_grouping &lt;&lt;&lt; $SYSCALL_GROUPING

# Create a list of audit *.rules files that should be inspected for presence and correctness
# of a particular audit rule. The scheme is as follows:
#
# -----------------------------------------------------------------------------------------
#  Tool used to load audit rules | Rule already defined  |  Audit rules file to inspect    |
# -----------------------------------------------------------------------------------------
#        auditctl                |     Doesn't matter    |  /etc/audit/audit.rules         |
# -----------------------------------------------------------------------------------------
#        augenrules              |          Yes          |  /etc/audit/rules.d/*.rules     |
#        augenrules              |          No           |  /etc/audit/rules.d/$key.rules  |
# -----------------------------------------------------------------------------------------
#
files_to_inspect=()

# If audit tool is 'augenrules', then check if the audit rule is defined
# If rule is defined, add '/etc/audit/rules.d/*.rules' to the list for inspection
# If rule isn't defined yet, add '/etc/audit/rules.d/$key.rules' to the list for inspection
default_file="/etc/audit/rules.d/$KEY.rules"
# As other_filters may include paths, lets use a different delimiter for it
# The "F" script expression tells sed to print the filenames where the expressions matched
readarray -t files_to_inspect &lt; &lt;(sed -s -n -e "/^$ACTION_ARCH_FILTERS/!d" -e "\#$OTHER_FILTERS#!d" -e "/$AUID_FILTERS/!d" -e "F" /etc/audit/rules.d/*.rules)
# Case when particular rule isn't defined in /etc/audit/rules.d/*.rules yet
if [ ${#files_to_inspect[@]} -eq "0" ]
then
    file_to_inspect="/etc/audit/rules.d/$KEY.rules"
    files_to_inspect=("$file_to_inspect")
    if [ ! -e "$file_to_inspect" ]
    then
        touch "$file_to_inspect"
        chmod 0600 "$file_to_inspect"
    fi
fi

# After converting to jinja, we cannot return; therefore we skip the rest of the macro if needed instead
skip=1

for audit_file in "${files_to_inspect[@]}"
do
    # Filter existing $audit_file rules' definitions to select those that satisfy the rule pattern,
    # i.e, collect rules that match:
    # * the action, list and arch, (2-nd argument)
    # * the other filters, (3-rd argument)
    # * the auid filters, (4-rd argument)
    readarray -t similar_rules &lt; &lt;(sed -e "/^$ACTION_ARCH_FILTERS/!d"  -e "\#$OTHER_FILTERS#!d" -e "/$AUID_FILTERS/!d" "$audit_file")

    candidate_rules=()
    # Filter out rules that have more fields then required. This will remove rules more specific than the required scope
    for s_rule in "${similar_rules[@]}"
    do
        # Strip all the options and fields we know of,
        # than check if there was any field left over
        extra_fields=$(sed -E -e "s/^$ACTION_ARCH_FILTERS//"  -e "s#$OTHER_FILTERS##" -e "s/$AUID_FILTERS//" -e "s/((:?-S [[:alnum:],]+)+)//g" -e "s/-F key=\w+|-k \w+//"&lt;&lt;&lt; "$s_rule")
        grep -q -- "-F" &lt;&lt;&lt; "$extra_fields" || candidate_rules+=("$s_rule")
    done

    if [[ ${#syscall_a[@]} -ge 1 ]]
    then
        # Check if the syscall we want is present in any of the similar existing rules
        for rule in "${candidate_rules[@]}"
        do
            rule_syscalls=$(echo "$rule" | grep -o -P '(-S [\w,]+)+' | xargs)
            all_syscalls_found=0
            for syscall in "${syscall_a[@]}"
            do
                grep -q -- "\b${syscall}\b" &lt;&lt;&lt; "$rule_syscalls" || {
                   # A syscall was not found in the candidate rule
                   all_syscalls_found=1
                   }
            done
            if [[ $all_syscalls_found -eq 0 ]]
            then
                # We found a rule with all the syscall(s) we want; skip rest of macro
                skip=0
                break
            fi

            # Check if this rule can be grouped with our target syscall and keep track of it
            for syscall_g in "${syscall_grouping[@]}"
            do
                if grep -q -- "\b${syscall_g}\b" &lt;&lt;&lt; "$rule_syscalls"
                then
                    file_to_edit=${audit_file}
                    rule_to_edit=${rule}
                    rule_syscalls_to_edit=${rule_syscalls}
                fi
            done
        done
    else
        # If there is any candidate rule, it is compliant; skip rest of macro
        if [ "${#candidate_rules[@]}" -gt 0 ]
        then
            skip=0
        fi
    fi

    if [ "$skip" -eq 0 ]; then
        break
    fi
done

if [ "$skip" -ne 0 ]; then
    # We checked all rules that matched the expected resemblance pattern (action, arch &amp; auid)
    # At this point we know if we need to either append the $full_rule or group
    # the syscall together with an exsiting rule

    # Append the full_rule if it cannot be grouped to any other rule
    if [ -z ${rule_to_edit+x} ]
    then
        # Build full_rule while avoid adding double spaces when other_filters is empty
        if [ "${#syscall_a[@]}" -gt 0 ]
        then
            syscall_string=""
            for syscall in "${syscall_a[@]}"
            do
                syscall_string+=" -S $syscall"
            done
        fi
        other_string=$([[ $OTHER_FILTERS ]] &amp;&amp; echo " $OTHER_FILTERS") || /bin/true
        auid_string=$([[ $AUID_FILTERS ]] &amp;&amp; echo " $AUID_FILTERS") || /bin/true
        full_rule="$ACTION_ARCH_FILTERS${syscall_string}${other_string}${auid_string} -F key=$KEY" || /bin/true
        echo "$full_rule" &gt;&gt; "$default_file"
        chmod 0600 ${default_file}
    else
        # Check if the syscalls are declared as a comma separated list or
        # as multiple -S parameters
        if grep -q -- "," &lt;&lt;&lt; "${rule_syscalls_to_edit}"
        then
            delimiter=","
        else
            delimiter=" -S "
        fi
        new_grouped_syscalls="${rule_syscalls_to_edit}"
        for syscall in "${syscall_a[@]}"
        do
            grep -q -- "\b${syscall}\b" &lt;&lt;&lt; "${rule_syscalls_to_edit}" || {
               # A syscall was not found in the candidate rule
               new_grouped_syscalls+="${delimiter}${syscall}"
               }
        done

        # Group the syscall in the rule
        sed -i -e "\#${rule_to_edit}#s#${rule_syscalls_to_edit}#${new_grouped_syscalls}#" "$file_to_edit"
    fi
fi
	unset syscall_a
unset syscall_grouping
unset syscall_string
unset syscall
unset file_to_edit
unset rule_to_edit
unset rule_syscalls_to_edit
unset other_string
unset auid_string
unset full_rule

# Load macro arguments into arrays
read -a syscall_a &lt;&lt;&lt; $SYSCALL
read -a syscall_grouping &lt;&lt;&lt; $SYSCALL_GROUPING

# Create a list of audit *.rules files that should be inspected for presence and correctness
# of a particular audit rule. The scheme is as follows:
#
# -----------------------------------------------------------------------------------------
#  Tool used to load audit rules | Rule already defined  |  Audit rules file to inspect    |
# -----------------------------------------------------------------------------------------
#        auditctl                |     Doesn't matter    |  /etc/audit/audit.rules         |
# -----------------------------------------------------------------------------------------
#        augenrules              |          Yes          |  /etc/audit/rules.d/*.rules     |
#        augenrules              |          No           |  /etc/audit/rules.d/$key.rules  |
# -----------------------------------------------------------------------------------------
#
files_to_inspect=()


# If audit tool is 'auditctl', then add '/etc/audit/audit.rules'
# file to the list of files to be inspected
default_file="/etc/audit/audit.rules"
files_to_inspect+=('/etc/audit/audit.rules' )

# After converting to jinja, we cannot return; therefore we skip the rest of the macro if needed instead
skip=1

for audit_file in "${files_to_inspect[@]}"
do
    # Filter existing $audit_file rules' definitions to select those that satisfy the rule pattern,
    # i.e, collect rules that match:
    # * the action, list and arch, (2-nd argument)
    # * the other filters, (3-rd argument)
    # * the auid filters, (4-rd argument)
    readarray -t similar_rules &lt; &lt;(sed -e "/^$ACTION_ARCH_FILTERS/!d"  -e "\#$OTHER_FILTERS#!d" -e "/$AUID_FILTERS/!d" "$audit_file")

    candidate_rules=()
    # Filter out rules that have more fields then required. This will remove rules more specific than the required scope
    for s_rule in "${similar_rules[@]}"
    do
        # Strip all the options and fields we know of,
        # than check if there was any field left over
        extra_fields=$(sed -E -e "s/^$ACTION_ARCH_FILTERS//"  -e "s#$OTHER_FILTERS##" -e "s/$AUID_FILTERS//" -e "s/((:?-S [[:alnum:],]+)+)//g" -e "s/-F key=\w+|-k \w+//"&lt;&lt;&lt; "$s_rule")
        grep -q -- "-F" &lt;&lt;&lt; "$extra_fields" || candidate_rules+=("$s_rule")
    done

    if [[ ${#syscall_a[@]} -ge 1 ]]
    then
        # Check if the syscall we want is present in any of the similar existing rules
        for rule in "${candidate_rules[@]}"
        do
            rule_syscalls=$(echo "$rule" | grep -o -P '(-S [\w,]+)+' | xargs)
            all_syscalls_found=0
            for syscall in "${syscall_a[@]}"
            do
                grep -q -- "\b${syscall}\b" &lt;&lt;&lt; "$rule_syscalls" || {
                   # A syscall was not found in the candidate rule
                   all_syscalls_found=1
                   }
            done
            if [[ $all_syscalls_found -eq 0 ]]
            then
                # We found a rule with all the syscall(s) we want; skip rest of macro
                skip=0
                break
            fi

            # Check if this rule can be grouped with our target syscall and keep track of it
            for syscall_g in "${syscall_grouping[@]}"
            do
                if grep -q -- "\b${syscall_g}\b" &lt;&lt;&lt; "$rule_syscalls"
                then
                    file_to_edit=${audit_file}
                    rule_to_edit=${rule}
                    rule_syscalls_to_edit=${rule_syscalls}
                fi
            done
        done
    else
        # If there is any candidate rule, it is compliant; skip rest of macro
        if [ "${#candidate_rules[@]}" -gt 0 ]
        then
            skip=0
        fi
    fi

    if [ "$skip" -eq 0 ]; then
        break
    fi
done

if [ "$skip" -ne 0 ]; then
    # We checked all rules that matched the expected resemblance pattern (action, arch &amp; auid)
    # At this point we know if we need to either append the $full_rule or group
    # the syscall together with an exsiting rule

    # Append the full_rule if it cannot be grouped to any other rule
    if [ -z ${rule_to_edit+x} ]
    then
        # Build full_rule while avoid adding double spaces when other_filters is empty
        if [ "${#syscall_a[@]}" -gt 0 ]
        then
            syscall_string=""
            for syscall in "${syscall_a[@]}"
            do
                syscall_string+=" -S $syscall"
            done
        fi
        other_string=$([[ $OTHER_FILTERS ]] &amp;&amp; echo " $OTHER_FILTERS") || /bin/true
        auid_string=$([[ $AUID_FILTERS ]] &amp;&amp; echo " $AUID_FILTERS") || /bin/true
        full_rule="$ACTION_ARCH_FILTERS${syscall_string}${other_string}${auid_string} -F key=$KEY" || /bin/true
        echo "$full_rule" &gt;&gt; "$default_file"
        chmod 0600 ${default_file}
    else
        # Check if the syscalls are declared as a comma separated list or
        # as multiple -S parameters
        if grep -q -- "," &lt;&lt;&lt; "${rule_syscalls_to_edit}"
        then
            delimiter=","
        else
            delimiter=" -S "
        fi
        new_grouped_syscalls="${rule_syscalls_to_edit}"
        for syscall in "${syscall_a[@]}"
        do
            grep -q -- "\b${syscall}\b" &lt;&lt;&lt; "${rule_syscalls_to_edit}" || {
               # A syscall was not found in the candidate rule
               new_grouped_syscalls+="${delimiter}${syscall}"
               }
        done

        # Group the syscall in the rule
        sed -i -e "\#${rule_to_edit}#s#${rule_syscalls_to_edit}#${new_grouped_syscalls}#" "$file_to_edit"
    fi
fi
done

for ARCH in "${RULE_ARCHS[@]}"
do
	ACTION_ARCH_FILTERS="-a always,exit -F arch=$ARCH"
	OTHER_FILTERS="-F exit=-EPERM"
	# Perform the remediation for both possible tools: 'auditctl' and 'augenrules'
	unset syscall_a
unset syscall_grouping
unset syscall_string
unset syscall
unset file_to_edit
unset rule_to_edit
unset rule_syscalls_to_edit
unset other_string
unset auid_string
unset full_rule

# Load macro arguments into arrays
read -a syscall_a &lt;&lt;&lt; $SYSCALL
read -a syscall_grouping &lt;&lt;&lt; $SYSCALL_GROUPING

# Create a list of audit *.rules files that should be inspected for presence and correctness
# of a particular audit rule. The scheme is as follows:
#
# -----------------------------------------------------------------------------------------
#  Tool used to load audit rules | Rule already defined  |  Audit rules file to inspect    |
# -----------------------------------------------------------------------------------------
#        auditctl                |     Doesn't matter    |  /etc/audit/audit.rules         |
# -----------------------------------------------------------------------------------------
#        augenrules              |          Yes          |  /etc/audit/rules.d/*.rules     |
#        augenrules              |          No           |  /etc/audit/rules.d/$key.rules  |
# -----------------------------------------------------------------------------------------
#
files_to_inspect=()

# If audit tool is 'augenrules', then check if the audit rule is defined
# If rule is defined, add '/etc/audit/rules.d/*.rules' to the list for inspection
# If rule isn't defined yet, add '/etc/audit/rules.d/$key.rules' to the list for inspection
default_file="/etc/audit/rules.d/$KEY.rules"
# As other_filters may include paths, lets use a different delimiter for it
# The "F" script expression tells sed to print the filenames where the expressions matched
readarray -t files_to_inspect &lt; &lt;(sed -s -n -e "/^$ACTION_ARCH_FILTERS/!d" -e "\#$OTHER_FILTERS#!d" -e "/$AUID_FILTERS/!d" -e "F" /etc/audit/rules.d/*.rules)
# Case when particular rule isn't defined in /etc/audit/rules.d/*.rules yet
if [ ${#files_to_inspect[@]} -eq "0" ]
then
    file_to_inspect="/etc/audit/rules.d/$KEY.rules"
    files_to_inspect=("$file_to_inspect")
    if [ ! -e "$file_to_inspect" ]
    then
        touch "$file_to_inspect"
        chmod 0600 "$file_to_inspect"
    fi
fi

# After converting to jinja, we cannot return; therefore we skip the rest of the macro if needed instead
skip=1

for audit_file in "${files_to_inspect[@]}"
do
    # Filter existing $audit_file rules' definitions to select those that satisfy the rule pattern,
    # i.e, collect rules that match:
    # * the action, list and arch, (2-nd argument)
    # * the other filters, (3-rd argument)
    # * the auid filters, (4-rd argument)
    readarray -t similar_rules &lt; &lt;(sed -e "/^$ACTION_ARCH_FILTERS/!d"  -e "\#$OTHER_FILTERS#!d" -e "/$AUID_FILTERS/!d" "$audit_file")

    candidate_rules=()
    # Filter out rules that have more fields then required. This will remove rules more specific than the required scope
    for s_rule in "${similar_rules[@]}"
    do
        # Strip all the options and fields we know of,
        # than check if there was any field left over
        extra_fields=$(sed -E -e "s/^$ACTION_ARCH_FILTERS//"  -e "s#$OTHER_FILTERS##" -e "s/$AUID_FILTERS//" -e "s/((:?-S [[:alnum:],]+)+)//g" -e "s/-F key=\w+|-k \w+//"&lt;&lt;&lt; "$s_rule")
        grep -q -- "-F" &lt;&lt;&lt; "$extra_fields" || candidate_rules+=("$s_rule")
    done

    if [[ ${#syscall_a[@]} -ge 1 ]]
    then
        # Check if the syscall we want is present in any of the similar existing rules
        for rule in "${candidate_rules[@]}"
        do
            rule_syscalls=$(echo "$rule" | grep -o -P '(-S [\w,]+)+' | xargs)
            all_syscalls_found=0
            for syscall in "${syscall_a[@]}"
            do
                grep -q -- "\b${syscall}\b" &lt;&lt;&lt; "$rule_syscalls" || {
                   # A syscall was not found in the candidate rule
                   all_syscalls_found=1
                   }
            done
            if [[ $all_syscalls_found -eq 0 ]]
            then
                # We found a rule with all the syscall(s) we want; skip rest of macro
                skip=0
                break
            fi

            # Check if this rule can be grouped with our target syscall and keep track of it
            for syscall_g in "${syscall_grouping[@]}"
            do
                if grep -q -- "\b${syscall_g}\b" &lt;&lt;&lt; "$rule_syscalls"
                then
                    file_to_edit=${audit_file}
                    rule_to_edit=${rule}
                    rule_syscalls_to_edit=${rule_syscalls}
                fi
            done
        done
    else
        # If there is any candidate rule, it is compliant; skip rest of macro
        if [ "${#candidate_rules[@]}" -gt 0 ]
        then
            skip=0
        fi
    fi

    if [ "$skip" -eq 0 ]; then
        break
    fi
done

if [ "$skip" -ne 0 ]; then
    # We checked all rules that matched the expected resemblance pattern (action, arch &amp; auid)
    # At this point we know if we need to either append the $full_rule or group
    # the syscall together with an exsiting rule

    # Append the full_rule if it cannot be grouped to any other rule
    if [ -z ${rule_to_edit+x} ]
    then
        # Build full_rule while avoid adding double spaces when other_filters is empty
        if [ "${#syscall_a[@]}" -gt 0 ]
        then
            syscall_string=""
            for syscall in "${syscall_a[@]}"
            do
                syscall_string+=" -S $syscall"
            done
        fi
        other_string=$([[ $OTHER_FILTERS ]] &amp;&amp; echo " $OTHER_FILTERS") || /bin/true
        auid_string=$([[ $AUID_FILTERS ]] &amp;&amp; echo " $AUID_FILTERS") || /bin/true
        full_rule="$ACTION_ARCH_FILTERS${syscall_string}${other_string}${auid_string} -F key=$KEY" || /bin/true
        echo "$full_rule" &gt;&gt; "$default_file"
        chmod 0600 ${default_file}
    else
        # Check if the syscalls are declared as a comma separated list or
        # as multiple -S parameters
        if grep -q -- "," &lt;&lt;&lt; "${rule_syscalls_to_edit}"
        then
            delimiter=","
        else
            delimiter=" -S "
        fi
        new_grouped_syscalls="${rule_syscalls_to_edit}"
        for syscall in "${syscall_a[@]}"
        do
            grep -q -- "\b${syscall}\b" &lt;&lt;&lt; "${rule_syscalls_to_edit}" || {
               # A syscall was not found in the candidate rule
               new_grouped_syscalls+="${delimiter}${syscall}"
               }
        done

        # Group the syscall in the rule
        sed -i -e "\#${rule_to_edit}#s#${rule_syscalls_to_edit}#${new_grouped_syscalls}#" "$file_to_edit"
    fi
fi
	unset syscall_a
unset syscall_grouping
unset syscall_string
unset syscall
unset file_to_edit
unset rule_to_edit
unset rule_syscalls_to_edit
unset other_string
unset auid_string
unset full_rule

# Load macro arguments into arrays
read -a syscall_a &lt;&lt;&lt; $SYSCALL
read -a syscall_grouping &lt;&lt;&lt; $SYSCALL_GROUPING

# Create a list of audit *.rules files that should be inspected for presence and correctness
# of a particular audit rule. The scheme is as follows:
#
# -----------------------------------------------------------------------------------------
#  Tool used to load audit rules | Rule already defined  |  Audit rules file to inspect    |
# -----------------------------------------------------------------------------------------
#        auditctl                |     Doesn't matter    |  /etc/audit/audit.rules         |
# -----------------------------------------------------------------------------------------
#        augenrules              |          Yes          |  /etc/audit/rules.d/*.rules     |
#        augenrules              |          No           |  /etc/audit/rules.d/$key.rules  |
# -----------------------------------------------------------------------------------------
#
files_to_inspect=()


# If audit tool is 'auditctl', then add '/etc/audit/audit.rules'
# file to the list of files to be inspected
default_file="/etc/audit/audit.rules"
files_to_inspect+=('/etc/audit/audit.rules' )

# After converting to jinja, we cannot return; therefore we skip the rest of the macro if needed instead
skip=1

for audit_file in "${files_to_inspect[@]}"
do
    # Filter existing $audit_file rules' definitions to select those that satisfy the rule pattern,
    # i.e, collect rules that match:
    # * the action, list and arch, (2-nd argument)
    # * the other filters, (3-rd argument)
    # * the auid filters, (4-rd argument)
    readarray -t similar_rules &lt; &lt;(sed -e "/^$ACTION_ARCH_FILTERS/!d"  -e "\#$OTHER_FILTERS#!d" -e "/$AUID_FILTERS/!d" "$audit_file")

    candidate_rules=()
    # Filter out rules that have more fields then required. This will remove rules more specific than the required scope
    for s_rule in "${similar_rules[@]}"
    do
        # Strip all the options and fields we know of,
        # than check if there was any field left over
        extra_fields=$(sed -E -e "s/^$ACTION_ARCH_FILTERS//"  -e "s#$OTHER_FILTERS##" -e "s/$AUID_FILTERS//" -e "s/((:?-S [[:alnum:],]+)+)//g" -e "s/-F key=\w+|-k \w+//"&lt;&lt;&lt; "$s_rule")
        grep -q -- "-F" &lt;&lt;&lt; "$extra_fields" || candidate_rules+=("$s_rule")
    done

    if [[ ${#syscall_a[@]} -ge 1 ]]
    then
        # Check if the syscall we want is present in any of the similar existing rules
        for rule in "${candidate_rules[@]}"
        do
            rule_syscalls=$(echo "$rule" | grep -o -P '(-S [\w,]+)+' | xargs)
            all_syscalls_found=0
            for syscall in "${syscall_a[@]}"
            do
                grep -q -- "\b${syscall}\b" &lt;&lt;&lt; "$rule_syscalls" || {
                   # A syscall was not found in the candidate rule
                   all_syscalls_found=1
                   }
            done
            if [[ $all_syscalls_found -eq 0 ]]
            then
                # We found a rule with all the syscall(s) we want; skip rest of macro
                skip=0
                break
            fi

            # Check if this rule can be grouped with our target syscall and keep track of it
            for syscall_g in "${syscall_grouping[@]}"
            do
                if grep -q -- "\b${syscall_g}\b" &lt;&lt;&lt; "$rule_syscalls"
                then
                    file_to_edit=${audit_file}
                    rule_to_edit=${rule}
                    rule_syscalls_to_edit=${rule_syscalls}
                fi
            done
        done
    else
        # If there is any candidate rule, it is compliant; skip rest of macro
        if [ "${#candidate_rules[@]}" -gt 0 ]
        then
            skip=0
        fi
    fi

    if [ "$skip" -eq 0 ]; then
        break
    fi
done

if [ "$skip" -ne 0 ]; then
    # We checked all rules that matched the expected resemblance pattern (action, arch &amp; auid)
    # At this point we know if we need to either append the $full_rule or group
    # the syscall together with an exsiting rule

    # Append the full_rule if it cannot be grouped to any other rule
    if [ -z ${rule_to_edit+x} ]
    then
        # Build full_rule while avoid adding double spaces when other_filters is empty
        if [ "${#syscall_a[@]}" -gt 0 ]
        then
            syscall_string=""
            for syscall in "${syscall_a[@]}"
            do
                syscall_string+=" -S $syscall"
            done
        fi
        other_string=$([[ $OTHER_FILTERS ]] &amp;&amp; echo " $OTHER_FILTERS") || /bin/true
        auid_string=$([[ $AUID_FILTERS ]] &amp;&amp; echo " $AUID_FILTERS") || /bin/true
        full_rule="$ACTION_ARCH_FILTERS${syscall_string}${other_string}${auid_string} -F key=$KEY" || /bin/true
        echo "$full_rule" &gt;&gt; "$default_file"
        chmod 0600 ${default_file}
    else
        # Check if the syscalls are declared as a comma separated list or
        # as multiple -S parameters
        if grep -q -- "," &lt;&lt;&lt; "${rule_syscalls_to_edit}"
        then
            delimiter=","
        else
            delimiter=" -S "
        fi
        new_grouped_syscalls="${rule_syscalls_to_edit}"
        for syscall in "${syscall_a[@]}"
        do
            grep -q -- "\b${syscall}\b" &lt;&lt;&lt; "${rule_syscalls_to_edit}" || {
               # A syscall was not found in the candidate rule
               new_grouped_syscalls+="${delimiter}${syscall}"
               }
        done

        # Group the syscall in the rule
        sed -i -e "\#${rule_to_edit}#s#${rule_syscalls_to_edit}#${new_grouped_syscalls}#" "$file_to_edit"
    fi
fi
done

else
    &gt;&amp;2 echo 'Remediation is not applicable, nothing was done'
fi
</fix>
          <fix xmlns:xhtml="http://www.w3.org/1999/xhtml" id="audit_rules_unsuccessful_file_modification_renameat2" system="urn:xccdf:fix:script:ansible" reboot="true" complexity="low" disruption="low" strategy="restrict">- name: Gather the package facts
  package_facts:
    manager: auto
  tags:
  - CCE-85726-8
  - DISA-STIG-SLES-15-030740
  - NIST-800-53-AU-12(c)
  - NIST-800-53-AU-12.1(iv)
  - audit_rules_unsuccessful_file_modification_renameat2
  - low_complexity
  - low_disruption
  - medium_severity
  - reboot_required
  - restrict_strategy

- name: Set architecture for audit renameat2 tasks
  ansible.builtin.set_fact:
    audit_arch: b64
  when:
  - '"audit" in ansible_facts.packages'
  - ("kernel-default" in ansible_facts.packages or "kernel-default-base" in ansible_facts.packages)
  - ansible_architecture == "aarch64" or ansible_architecture == "ppc64" or ansible_architecture
    == "ppc64le" or ansible_architecture == "s390x" or ansible_architecture == "x86_64"
  tags:
  - CCE-85726-8
  - DISA-STIG-SLES-15-030740
  - NIST-800-53-AU-12(c)
  - NIST-800-53-AU-12.1(iv)
  - audit_rules_unsuccessful_file_modification_renameat2
  - low_complexity
  - low_disruption
  - medium_severity
  - reboot_required
  - restrict_strategy

- name: Perform remediation of Audit rules for renameat2 EACCES for 32bit platform
  block:

  - name: Declare list of syscalls
    ansible.builtin.set_fact:
      syscalls:
      - renameat2
      syscall_grouping:
      - rename
      - renameat
      - renameat2
      - unlink
      - unlinkat

  - name: Check existence of renameat2 in /etc/audit/rules.d/
    ansible.builtin.find:
      paths: /etc/audit/rules.d
      contains: -a always,exit -F arch=b32(( -S |,)\w+)*(( -S |,){{ item }})+(( -S
        |,)\w+)* -F exit=-EACCES -F auid&gt;=1000 -F auid!=unset (-k\s+|-F\s+key=)\S+\s*$
      patterns: '*.rules'
    register: find_command
    loop: '{{ (syscall_grouping + syscalls) | unique }}'

  - name: Reset syscalls found per file
    ansible.builtin.set_fact:
      syscalls_per_file: {}
      found_paths_dict: {}

  - name: Declare syscalls found per file
    ansible.builtin.set_fact: syscalls_per_file="{{ syscalls_per_file | combine( {item.files[0].path
      :[item.item] + syscalls_per_file.get(item.files[0].path, []) } ) }}"
    loop: '{{ find_command.results | selectattr(''matched'') | list }}'

  - name: Declare files where syscalls were found
    ansible.builtin.set_fact: found_paths="{{ find_command.results | map(attribute='files')
      | flatten | map(attribute='path') | list }}"

  - name: Count occurrences of syscalls in paths
    ansible.builtin.set_fact: found_paths_dict="{{ found_paths_dict | combine({ item:1+found_paths_dict.get(item,
      0) }) }}"
    loop: '{{ find_command.results | map(attribute=''files'') | flatten | map(attribute=''path'')
      | list }}'

  - name: Get path with most syscalls
    ansible.builtin.set_fact: audit_file="{{ (found_paths_dict | dict2items() | sort(attribute='value')
      | last).key }}"
    when: found_paths | length &gt;= 1

  - name: No file with syscall found, set path to /etc/audit/rules.d/access.rules
    ansible.builtin.set_fact: audit_file="/etc/audit/rules.d/access.rules"
    when: found_paths | length == 0

  - name: Declare found syscalls
    ansible.builtin.set_fact: syscalls_found="{{ find_command.results | selectattr('matched')
      | map(attribute='item') | list }}"

  - name: Declare missing syscalls
    ansible.builtin.set_fact: missing_syscalls="{{ syscalls | difference(syscalls_found)
      }}"

  - name: Replace the audit rule in {{ audit_file }}
    ansible.builtin.lineinfile:
      path: '{{ audit_file }}'
      regexp: (-a always,exit -F arch=b32)(?=.*(?:(?:-S |,)(?:{{ syscalls_per_file[audit_file]
        | join("|") }}))\b)((?:( -S |,)\w+)+)( -F exit=-EACCES -F auid&gt;=1000 -F auid!=unset
        (?:-k |-F key=)\w+)
      line: \1\2\3{{ missing_syscalls | join("\3") }}\4
      backrefs: true
      state: present
      mode: g-rwx,o-rwx
    when: syscalls_found | length &gt; 0 and missing_syscalls | length &gt; 0

  - name: Add the audit rule to {{ audit_file }}
    ansible.builtin.lineinfile:
      path: '{{ audit_file }}'
      line: -a always,exit -F arch=b32 -S {{ syscalls | join(',') }} -F exit=-EACCES
        -F auid&gt;=1000 -F auid!=unset -F key=access
      create: true
      mode: g-rwx,o-rwx
      state: present
    when: syscalls_found | length == 0

  - name: Declare list of syscalls
    ansible.builtin.set_fact:
      syscalls:
      - renameat2
      syscall_grouping:
      - rename
      - renameat
      - renameat2
      - unlink
      - unlinkat

  - name: Check existence of renameat2 in /etc/audit/audit.rules
    ansible.builtin.find:
      paths: /etc/audit
      contains: -a always,exit -F arch=b32(( -S |,)\w+)*(( -S |,){{ item }})+(( -S
        |,)\w+)* -F exit=-EACCES -F auid&gt;=1000 -F auid!=unset (-k\s+|-F\s+key=)\S+\s*$
      patterns: audit.rules
    register: find_command
    loop: '{{ (syscall_grouping + syscalls) | unique }}'

  - name: Set path to /etc/audit/audit.rules
    ansible.builtin.set_fact: audit_file="/etc/audit/audit.rules"

  - name: Declare found syscalls
    ansible.builtin.set_fact: syscalls_found="{{ find_command.results | selectattr('matched')
      | map(attribute='item') | list }}"

  - name: Declare missing syscalls
    ansible.builtin.set_fact: missing_syscalls="{{ syscalls | difference(syscalls_found)
      }}"

  - name: Replace the audit rule in {{ audit_file }}
    ansible.builtin.lineinfile:
      path: '{{ audit_file }}'
      regexp: (-a always,exit -F arch=b32)(?=.*(?:(?:-S |,)(?:{{ syscalls_found |
        join("|") }}))\b)((?:( -S |,)\w+)+)( -F exit=-EACCES -F auid&gt;=1000 -F auid!=unset
        (?:-k |-F key=)\w+)
      line: \1\2\3{{ missing_syscalls | join("\3") }}\4
      backrefs: true
      state: present
      mode: g-rwx,o-rwx
    when: syscalls_found | length &gt; 0 and missing_syscalls | length &gt; 0

  - name: Add the audit rule to {{ audit_file }}
    ansible.builtin.lineinfile:
      path: '{{ audit_file }}'
      line: -a always,exit -F arch=b32 -S {{ syscalls | join(',') }} -F exit=-EACCES
        -F auid&gt;=1000 -F auid!=unset -F key=access
      create: true
      mode: g-rwx,o-rwx
      state: present
    when: syscalls_found | length == 0
  when:
  - '"audit" in ansible_facts.packages'
  - ("kernel-default" in ansible_facts.packages or "kernel-default-base" in ansible_facts.packages)
  tags:
  - CCE-85726-8
  - DISA-STIG-SLES-15-030740
  - NIST-800-53-AU-12(c)
  - NIST-800-53-AU-12.1(iv)
  - audit_rules_unsuccessful_file_modification_renameat2
  - low_complexity
  - low_disruption
  - medium_severity
  - reboot_required
  - restrict_strategy

- name: Perform remediation of Audit rules for renameat2 EACCES for 64bit platform
  block:

  - name: Declare list of syscalls
    ansible.builtin.set_fact:
      syscalls:
      - renameat2
      syscall_grouping:
      - rename
      - renameat
      - renameat2
      - unlink
      - unlinkat

  - name: Check existence of renameat2 in /etc/audit/rules.d/
    ansible.builtin.find:
      paths: /etc/audit/rules.d
      contains: -a always,exit -F arch=b64(( -S |,)\w+)*(( -S |,){{ item }})+(( -S
        |,)\w+)* -F exit=-EACCES -F auid&gt;=1000 -F auid!=unset (-k\s+|-F\s+key=)\S+\s*$
      patterns: '*.rules'
    register: find_command
    loop: '{{ (syscall_grouping + syscalls) | unique }}'

  - name: Reset syscalls found per file
    ansible.builtin.set_fact:
      syscalls_per_file: {}
      found_paths_dict: {}

  - name: Declare syscalls found per file
    ansible.builtin.set_fact: syscalls_per_file="{{ syscalls_per_file | combine( {item.files[0].path
      :[item.item] + syscalls_per_file.get(item.files[0].path, []) } ) }}"
    loop: '{{ find_command.results | selectattr(''matched'') | list }}'

  - name: Declare files where syscalls were found
    ansible.builtin.set_fact: found_paths="{{ find_command.results | map(attribute='files')
      | flatten | map(attribute='path') | list }}"

  - name: Count occurrences of syscalls in paths
    ansible.builtin.set_fact: found_paths_dict="{{ found_paths_dict | combine({ item:1+found_paths_dict.get(item,
      0) }) }}"
    loop: '{{ find_command.results | map(attribute=''files'') | flatten | map(attribute=''path'')
      | list }}'

  - name: Get path with most syscalls
    ansible.builtin.set_fact: audit_file="{{ (found_paths_dict | dict2items() | sort(attribute='value')
      | last).key }}"
    when: found_paths | length &gt;= 1

  - name: No file with syscall found, set path to /etc/audit/rules.d/access.rules
    ansible.builtin.set_fact: audit_file="/etc/audit/rules.d/access.rules"
    when: found_paths | length == 0

  - name: Declare found syscalls
    ansible.builtin.set_fact: syscalls_found="{{ find_command.results | selectattr('matched')
      | map(attribute='item') | list }}"

  - name: Declare missing syscalls
    ansible.builtin.set_fact: missing_syscalls="{{ syscalls | difference(syscalls_found)
      }}"

  - name: Replace the audit rule in {{ audit_file }}
    ansible.builtin.lineinfile:
      path: '{{ audit_file }}'
      regexp: (-a always,exit -F arch=b64)(?=.*(?:(?:-S |,)(?:{{ syscalls_per_file[audit_file]
        | join("|") }}))\b)((?:( -S |,)\w+)+)( -F exit=-EACCES -F auid&gt;=1000 -F auid!=unset
        (?:-k |-F key=)\w+)
      line: \1\2\3{{ missing_syscalls | join("\3") }}\4
      backrefs: true
      state: present
      mode: g-rwx,o-rwx
    when: syscalls_found | length &gt; 0 and missing_syscalls | length &gt; 0

  - name: Add the audit rule to {{ audit_file }}
    ansible.builtin.lineinfile:
      path: '{{ audit_file }}'
      line: -a always,exit -F arch=b64 -S {{ syscalls | join(',') }} -F exit=-EACCES
        -F auid&gt;=1000 -F auid!=unset -F key=access
      create: true
      mode: g-rwx,o-rwx
      state: present
    when: syscalls_found | length == 0

  - name: Declare list of syscalls
    ansible.builtin.set_fact:
      syscalls:
      - renameat2
      syscall_grouping:
      - rename
      - renameat
      - renameat2
      - unlink
      - unlinkat

  - name: Check existence of renameat2 in /etc/audit/audit.rules
    ansible.builtin.find:
      paths: /etc/audit
      contains: -a always,exit -F arch=b64(( -S |,)\w+)*(( -S |,){{ item }})+(( -S
        |,)\w+)* -F exit=-EACCES -F auid&gt;=1000 -F auid!=unset (-k\s+|-F\s+key=)\S+\s*$
      patterns: audit.rules
    register: find_command
    loop: '{{ (syscall_grouping + syscalls) | unique }}'

  - name: Set path to /etc/audit/audit.rules
    ansible.builtin.set_fact: audit_file="/etc/audit/audit.rules"

  - name: Declare found syscalls
    ansible.builtin.set_fact: syscalls_found="{{ find_command.results | selectattr('matched')
      | map(attribute='item') | list }}"

  - name: Declare missing syscalls
    ansible.builtin.set_fact: missing_syscalls="{{ syscalls | difference(syscalls_found)
      }}"

  - name: Replace the audit rule in {{ audit_file }}
    ansible.builtin.lineinfile:
      path: '{{ audit_file }}'
      regexp: (-a always,exit -F arch=b64)(?=.*(?:(?:-S |,)(?:{{ syscalls_found |
        join("|") }}))\b)((?:( -S |,)\w+)+)( -F exit=-EACCES -F auid&gt;=1000 -F auid!=unset
        (?:-k |-F key=)\w+)
      line: \1\2\3{{ missing_syscalls | join("\3") }}\4
      backrefs: true
      state: present
      mode: g-rwx,o-rwx
    when: syscalls_found | length &gt; 0 and missing_syscalls | length &gt; 0

  - name: Add the audit rule to {{ audit_file }}
    ansible.builtin.lineinfile:
      path: '{{ audit_file }}'
      line: -a always,exit -F arch=b64 -S {{ syscalls | join(',') }} -F exit=-EACCES
        -F auid&gt;=1000 -F auid!=unset -F key=access
      create: true
      mode: g-rwx,o-rwx
      state: present
    when: syscalls_found | length == 0
  when:
  - '"audit" in ansible_facts.packages'
  - ("kernel-default" in ansible_facts.packages or "kernel-default-base" in ansible_facts.packages)
  - audit_arch == "b64"
  tags:
  - CCE-85726-8
  - DISA-STIG-SLES-15-030740
  - NIST-800-53-AU-12(c)
  - NIST-800-53-AU-12.1(iv)
  - audit_rules_unsuccessful_file_modification_renameat2
  - low_complexity
  - low_disruption
  - medium_severity
  - reboot_required
  - restrict_strategy

- name: Perform remediation of Audit rules for renameat2 EPERM for 32bit platform
  block:

  - name: Declare list of syscalls
    ansible.builtin.set_fact:
      syscalls:
      - renameat2
      syscall_grouping:
      - rename
      - renameat
      - renameat2
      - unlink
      - unlinkat

  - name: Check existence of renameat2 in /etc/audit/rules.d/
    ansible.builtin.find:
      paths: /etc/audit/rules.d
      contains: -a always,exit -F arch=b32(( -S |,)\w+)*(( -S |,){{ item }})+(( -S
        |,)\w+)* -F exit=-EPERM -F auid&gt;=1000 -F auid!=unset (-k\s+|-F\s+key=)\S+\s*$
      patterns: '*.rules'
    register: find_command
    loop: '{{ (syscall_grouping + syscalls) | unique }}'

  - name: Reset syscalls found per file
    ansible.builtin.set_fact:
      syscalls_per_file: {}
      found_paths_dict: {}

  - name: Declare syscalls found per file
    ansible.builtin.set_fact: syscalls_per_file="{{ syscalls_per_file | combine( {item.files[0].path
      :[item.item] + syscalls_per_file.get(item.files[0].path, []) } ) }}"
    loop: '{{ find_command.results | selectattr(''matched'') | list }}'

  - name: Declare files where syscalls were found
    ansible.builtin.set_fact: found_paths="{{ find_command.results | map(attribute='files')
      | flatten | map(attribute='path') | list }}"

  - name: Count occurrences of syscalls in paths
    ansible.builtin.set_fact: found_paths_dict="{{ found_paths_dict | combine({ item:1+found_paths_dict.get(item,
      0) }) }}"
    loop: '{{ find_command.results | map(attribute=''files'') | flatten | map(attribute=''path'')
      | list }}'

  - name: Get path with most syscalls
    ansible.builtin.set_fact: audit_file="{{ (found_paths_dict | dict2items() | sort(attribute='value')
      | last).key }}"
    when: found_paths | length &gt;= 1

  - name: No file with syscall found, set path to /etc/audit/rules.d/access.rules
    ansible.builtin.set_fact: audit_file="/etc/audit/rules.d/access.rules"
    when: found_paths | length == 0

  - name: Declare found syscalls
    ansible.builtin.set_fact: syscalls_found="{{ find_command.results | selectattr('matched')
      | map(attribute='item') | list }}"

  - name: Declare missing syscalls
    ansible.builtin.set_fact: missing_syscalls="{{ syscalls | difference(syscalls_found)
      }}"

  - name: Replace the audit rule in {{ audit_file }}
    ansible.builtin.lineinfile:
      path: '{{ audit_file }}'
      regexp: (-a always,exit -F arch=b32)(?=.*(?:(?:-S |,)(?:{{ syscalls_per_file[audit_file]
        | join("|") }}))\b)((?:( -S |,)\w+)+)( -F exit=-EPERM -F auid&gt;=1000 -F auid!=unset
        (?:-k |-F key=)\w+)
      line: \1\2\3{{ missing_syscalls | join("\3") }}\4
      backrefs: true
      state: present
      mode: g-rwx,o-rwx
    when: syscalls_found | length &gt; 0 and missing_syscalls | length &gt; 0

  - name: Add the audit rule to {{ audit_file }}
    ansible.builtin.lineinfile:
      path: '{{ audit_file }}'
      line: -a always,exit -F arch=b32 -S {{ syscalls | join(',') }} -F exit=-EPERM
        -F auid&gt;=1000 -F auid!=unset -F key=access
      create: true
      mode: g-rwx,o-rwx
      state: present
    when: syscalls_found | length == 0

  - name: Declare list of syscalls
    ansible.builtin.set_fact:
      syscalls:
      - renameat2
      syscall_grouping:
      - rename
      - renameat
      - renameat2
      - unlink
      - unlinkat

  - name: Check existence of renameat2 in /etc/audit/audit.rules
    ansible.builtin.find:
      paths: /etc/audit
      contains: -a always,exit -F arch=b32(( -S |,)\w+)*(( -S |,){{ item }})+(( -S
        |,)\w+)* -F exit=-EPERM -F auid&gt;=1000 -F auid!=unset (-k\s+|-F\s+key=)\S+\s*$
      patterns: audit.rules
    register: find_command
    loop: '{{ (syscall_grouping + syscalls) | unique }}'

  - name: Set path to /etc/audit/audit.rules
    ansible.builtin.set_fact: audit_file="/etc/audit/audit.rules"

  - name: Declare found syscalls
    ansible.builtin.set_fact: syscalls_found="{{ find_command.results | selectattr('matched')
      | map(attribute='item') | list }}"

  - name: Declare missing syscalls
    ansible.builtin.set_fact: missing_syscalls="{{ syscalls | difference(syscalls_found)
      }}"

  - name: Replace the audit rule in {{ audit_file }}
    ansible.builtin.lineinfile:
      path: '{{ audit_file }}'
      regexp: (-a always,exit -F arch=b32)(?=.*(?:(?:-S |,)(?:{{ syscalls_found |
        join("|") }}))\b)((?:( -S |,)\w+)+)( -F exit=-EPERM -F auid&gt;=1000 -F auid!=unset
        (?:-k |-F key=)\w+)
      line: \1\2\3{{ missing_syscalls | join("\3") }}\4
      backrefs: true
      state: present
      mode: g-rwx,o-rwx
    when: syscalls_found | length &gt; 0 and missing_syscalls | length &gt; 0

  - name: Add the audit rule to {{ audit_file }}
    ansible.builtin.lineinfile:
      path: '{{ audit_file }}'
      line: -a always,exit -F arch=b32 -S {{ syscalls | join(',') }} -F exit=-EPERM
        -F auid&gt;=1000 -F auid!=unset -F key=access
      create: true
      mode: g-rwx,o-rwx
      state: present
    when: syscalls_found | length == 0
  when:
  - '"audit" in ansible_facts.packages'
  - ("kernel-default" in ansible_facts.packages or "kernel-default-base" in ansible_facts.packages)
  tags:
  - CCE-85726-8
  - DISA-STIG-SLES-15-030740
  - NIST-800-53-AU-12(c)
  - NIST-800-53-AU-12.1(iv)
  - audit_rules_unsuccessful_file_modification_renameat2
  - low_complexity
  - low_disruption
  - medium_severity
  - reboot_required
  - restrict_strategy

- name: Perform remediation of Audit rules for renameat2 EPERM for 64bit platform
  block:

  - name: Declare list of syscalls
    ansible.builtin.set_fact:
      syscalls:
      - renameat2
      syscall_grouping:
      - rename
      - renameat
      - renameat2
      - unlink
      - unlinkat

  - name: Check existence of renameat2 in /etc/audit/rules.d/
    ansible.builtin.find:
      paths: /etc/audit/rules.d
      contains: -a always,exit -F arch=b64(( -S |,)\w+)*(( -S |,){{ item }})+(( -S
        |,)\w+)* -F exit=-EPERM -F auid&gt;=1000 -F auid!=unset (-k\s+|-F\s+key=)\S+\s*$
      patterns: '*.rules'
    register: find_command
    loop: '{{ (syscall_grouping + syscalls) | unique }}'

  - name: Reset syscalls found per file
    ansible.builtin.set_fact:
      syscalls_per_file: {}
      found_paths_dict: {}

  - name: Declare syscalls found per file
    ansible.builtin.set_fact: syscalls_per_file="{{ syscalls_per_file | combine( {item.files[0].path
      :[item.item] + syscalls_per_file.get(item.files[0].path, []) } ) }}"
    loop: '{{ find_command.results | selectattr(''matched'') | list }}'

  - name: Declare files where syscalls were found
    ansible.builtin.set_fact: found_paths="{{ find_command.results | map(attribute='files')
      | flatten | map(attribute='path') | list }}"

  - name: Count occurrences of syscalls in paths
    ansible.builtin.set_fact: found_paths_dict="{{ found_paths_dict | combine({ item:1+found_paths_dict.get(item,
      0) }) }}"
    loop: '{{ find_command.results | map(attribute=''files'') | flatten | map(attribute=''path'')
      | list }}'

  - name: Get path with most syscalls
    ansible.builtin.set_fact: audit_file="{{ (found_paths_dict | dict2items() | sort(attribute='value')
      | last).key }}"
    when: found_paths | length &gt;= 1

  - name: No file with syscall found, set path to /etc/audit/rules.d/access.rules
    ansible.builtin.set_fact: audit_file="/etc/audit/rules.d/access.rules"
    when: found_paths | length == 0

  - name: Declare found syscalls
    ansible.builtin.set_fact: syscalls_found="{{ find_command.results | selectattr('matched')
      | map(attribute='item') | list }}"

  - name: Declare missing syscalls
    ansible.builtin.set_fact: missing_syscalls="{{ syscalls | difference(syscalls_found)
      }}"

  - name: Replace the audit rule in {{ audit_file }}
    ansible.builtin.lineinfile:
      path: '{{ audit_file }}'
      regexp: (-a always,exit -F arch=b64)(?=.*(?:(?:-S |,)(?:{{ syscalls_per_file[audit_file]
        | join("|") }}))\b)((?:( -S |,)\w+)+)( -F exit=-EPERM -F auid&gt;=1000 -F auid!=unset
        (?:-k |-F key=)\w+)
      line: \1\2\3{{ missing_syscalls | join("\3") }}\4
      backrefs: true
      state: present
      mode: g-rwx,o-rwx
    when: syscalls_found | length &gt; 0 and missing_syscalls | length &gt; 0

  - name: Add the audit rule to {{ audit_file }}
    ansible.builtin.lineinfile:
      path: '{{ audit_file }}'
      line: -a always,exit -F arch=b64 -S {{ syscalls | join(',') }} -F exit=-EPERM
        -F auid&gt;=1000 -F auid!=unset -F key=access
      create: true
      mode: g-rwx,o-rwx
      state: present
    when: syscalls_found | length == 0

  - name: Declare list of syscalls
    ansible.builtin.set_fact:
      syscalls:
      - renameat2
      syscall_grouping:
      - rename
      - renameat
      - renameat2
      - unlink
      - unlinkat

  - name: Check existence of renameat2 in /etc/audit/audit.rules
    ansible.builtin.find:
      paths: /etc/audit
      contains: -a always,exit -F arch=b64(( -S |,)\w+)*(( -S |,){{ item }})+(( -S
        |,)\w+)* -F exit=-EPERM -F auid&gt;=1000 -F auid!=unset (-k\s+|-F\s+key=)\S+\s*$
      patterns: audit.rules
    register: find_command
    loop: '{{ (syscall_grouping + syscalls) | unique }}'

  - name: Set path to /etc/audit/audit.rules
    ansible.builtin.set_fact: audit_file="/etc/audit/audit.rules"

  - name: Declare found syscalls
    ansible.builtin.set_fact: syscalls_found="{{ find_command.results | selectattr('matched')
      | map(attribute='item') | list }}"

  - name: Declare missing syscalls
    ansible.builtin.set_fact: missing_syscalls="{{ syscalls | difference(syscalls_found)
      }}"

  - name: Replace the audit rule in {{ audit_file }}
    ansible.builtin.lineinfile:
      path: '{{ audit_file }}'
      regexp: (-a always,exit -F arch=b64)(?=.*(?:(?:-S |,)(?:{{ syscalls_found |
        join("|") }}))\b)((?:( -S |,)\w+)+)( -F exit=-EPERM -F auid&gt;=1000 -F auid!=unset
        (?:-k |-F key=)\w+)
      line: \1\2\3{{ missing_syscalls | join("\3") }}\4
      backrefs: true
      state: present
      mode: g-rwx,o-rwx
    when: syscalls_found | length &gt; 0 and missing_syscalls | length &gt; 0

  - name: Add the audit rule to {{ audit_file }}
    ansible.builtin.lineinfile:
      path: '{{ audit_file }}'
      line: -a always,exit -F arch=b64 -S {{ syscalls | join(',') }} -F exit=-EPERM
        -F auid&gt;=1000 -F auid!=unset -F key=access
      create: true
      mode: g-rwx,o-rwx
      state: present
    when: syscalls_found | length == 0
  when:
  - '"audit" in ansible_facts.packages'
  - ("kernel-default" in ansible_facts.packages or "kernel-default-base" in ansible_facts.packages)
  - audit_arch == "b64"
  tags:
  - CCE-85726-8
  - DISA-STIG-SLES-15-030740
  - NIST-800-53-AU-12(c)
  - NIST-800-53-AU-12.1(iv)
  - audit_rules_unsuccessful_file_modification_renameat2
  - low_complexity
  - low_disruption
  - medium_severity
  - reboot_required
  - restrict_strategy
</fix>
          <check system="http://oval.mitre.org/XMLSchema/oval-definitions-5">
            <check-content-ref name="oval:ssg-audit_rules_unsuccessful_file_modification_renameat2:def:1" href="ssg-sle15-oval.xml"/>
          </check>
          <check system="http://scap.nist.gov/schema/ocil/2">
            <check-content-ref name="ocil:ssg-audit_rules_unsuccessful_file_modification_renameat2_ocil:questionnaire:1" href="ssg-sle15-ocil.xml"/>
          </check>
        </Rule>
        <Rule id="xccdf_org.ssgproject.content_rule_audit_rules_unsuccessful_file_modification_truncate" selected="false" role="full" severity="medium">
          <title xmlns:xhtml="http://www.w3.org/1999/xhtml" xml:lang="en-US">Record Unsuccessful Access Attempts to Files - truncate</title>
          <description xmlns:xhtml="http://www.w3.org/1999/xhtml" xml:lang="en-US">At a minimum, the audit system should collect unauthorized file
accesses for all users and root. If the <html:code xmlns:html="http://www.w3.org/1999/xhtml">auditd</html:code> daemon is configured
to use the <html:code xmlns:html="http://www.w3.org/1999/xhtml">augenrules</html:code> program to read audit rules during daemon
startup (the default), add the following lines to a file with suffix
<html:code xmlns:html="http://www.w3.org/1999/xhtml">.rules</html:code> in the directory <html:code xmlns:html="http://www.w3.org/1999/xhtml">/etc/audit/rules.d</html:code>:
<html:pre xmlns:html="http://www.w3.org/1999/xhtml">-a always,exit -F arch=b32 -S truncate -F exit=-EACCES -F auid&gt;=1000 -F auid!=unset -F key=access
-a always,exit -F arch=b32 -S truncate -F exit=-EPERM -F auid&gt;=1000 -F auid!=unset -F key=access</html:pre>

If the system is 64 bit then also add the following lines:
<html:pre xmlns:html="http://www.w3.org/1999/xhtml">
-a always,exit -F arch=b64 -S truncate -F exit=-EACCES -F auid&gt;=1000 -F auid!=unset -F key=access
-a always,exit -F arch=b64 -S truncate -F exit=-EPERM -F auid&gt;=1000 -F auid!=unset -F key=access</html:pre>

If the <html:code xmlns:html="http://www.w3.org/1999/xhtml">auditd</html:code> daemon is configured to use the <html:code xmlns:html="http://www.w3.org/1999/xhtml">auditctl</html:code>
utility to read audit rules during daemon startup, add the following lines to
<html:code xmlns:html="http://www.w3.org/1999/xhtml">/etc/audit/audit.rules</html:code> file:
<html:pre xmlns:html="http://www.w3.org/1999/xhtml">-a always,exit -F arch=b32 -S truncate -F exit=-EACCES -F auid&gt;=1000 -F auid!=unset -F key=access
-a always,exit -F arch=b32 -S truncate -F exit=-EPERM -F auid&gt;=1000 -F auid!=unset -F key=access</html:pre>

If the system is 64 bit then also add the following lines:
<html:pre xmlns:html="http://www.w3.org/1999/xhtml">
-a always,exit -F arch=b64 -S truncate -F exit=-EACCES -F auid&gt;=1000 -F auid!=unset -F key=access
-a always,exit -F arch=b64 -S truncate -F exit=-EPERM -F auid&gt;=1000 -F auid!=unset -F key=access</html:pre>
       </description>
          <warning xmlns:xhtml="http://www.w3.org/1999/xhtml" xml:lang="en-US" category="general">Note that these rules can be configured in a
number of ways while still achieving the desired effect. Here the system calls
have been placed independent of other system calls. Grouping these system
calls with others as identifying earlier in this guide is more efficient.</warning>
          <reference href="https://www.cisecurity.org/controls/">1</reference>
          <reference href="https://www.cisecurity.org/controls/">11</reference>
          <reference href="https://www.cisecurity.org/controls/">12</reference>
          <reference href="https://www.cisecurity.org/controls/">13</reference>
          <reference href="https://www.cisecurity.org/controls/">14</reference>
          <reference href="https://www.cisecurity.org/controls/">15</reference>
          <reference href="https://www.cisecurity.org/controls/">16</reference>
          <reference href="https://www.cisecurity.org/controls/">19</reference>
          <reference href="https://www.cisecurity.org/controls/">2</reference>
          <reference href="https://www.cisecurity.org/controls/">3</reference>
          <reference href="https://www.cisecurity.org/controls/">4</reference>
          <reference href="https://www.cisecurity.org/controls/">5</reference>
          <reference href="https://www.cisecurity.org/controls/">6</reference>
          <reference href="https://www.cisecurity.org/controls/">7</reference>
          <reference href="https://www.cisecurity.org/controls/">8</reference>
          <reference href="https://www.cisecurity.org/controls/">9</reference>
          <reference href="https://www.isaca.org/resources/cobit">APO10.01</reference>
          <reference href="https://www.isaca.org/resources/cobit">APO10.03</reference>
          <reference href="https://www.isaca.org/resources/cobit">APO10.04</reference>
          <reference href="https://www.isaca.org/resources/cobit">APO10.05</reference>
          <reference href="https://www.isaca.org/resources/cobit">APO11.04</reference>
          <reference href="https://www.isaca.org/resources/cobit">APO12.06</reference>
          <reference href="https://www.isaca.org/resources/cobit">APO13.01</reference>
          <reference href="https://www.isaca.org/resources/cobit">BAI03.05</reference>
          <reference href="https://www.isaca.org/resources/cobit">BAI08.02</reference>
          <reference href="https://www.isaca.org/resources/cobit">DSS01.03</reference>
          <reference href="https://www.isaca.org/resources/cobit">DSS01.04</reference>
          <reference href="https://www.isaca.org/resources/cobit">DSS02.02</reference>
          <reference href="https://www.isaca.org/resources/cobit">DSS02.04</reference>
          <reference href="https://www.isaca.org/resources/cobit">DSS02.07</reference>
          <reference href="https://www.isaca.org/resources/cobit">DSS03.01</reference>
          <reference href="https://www.isaca.org/resources/cobit">DSS03.05</reference>
          <reference href="https://www.isaca.org/resources/cobit">DSS05.02</reference>
          <reference href="https://www.isaca.org/resources/cobit">DSS05.03</reference>
          <reference href="https://www.isaca.org/resources/cobit">DSS05.04</reference>
          <reference href="https://www.isaca.org/resources/cobit">DSS05.05</reference>
          <reference href="https://www.isaca.org/resources/cobit">DSS05.07</reference>
          <reference href="https://www.isaca.org/resources/cobit">MEA01.01</reference>
          <reference href="https://www.isaca.org/resources/cobit">MEA01.02</reference>
          <reference href="https://www.isaca.org/resources/cobit">MEA01.03</reference>
          <reference href="https://www.isaca.org/resources/cobit">MEA01.04</reference>
          <reference href="https://www.isaca.org/resources/cobit">MEA01.05</reference>
          <reference href="https://www.isaca.org/resources/cobit">MEA02.01</reference>
          <reference href="http://nvlpubs.nist.gov/nistpubs/SpecialPublications/NIST.SP.800-171.pdf">3.1.7</reference>
          <reference href="https://www.gpo.gov/fdsys/pkg/CFR-2007-title45-vol1/pdf/CFR-2007-title45-vol1-chapA-subchapC.pdf">164.308(a)(1)(ii)(D)</reference>
          <reference href="https://www.gpo.gov/fdsys/pkg/CFR-2007-title45-vol1/pdf/CFR-2007-title45-vol1-chapA-subchapC.pdf">164.308(a)(3)(ii)(A)</reference>
          <reference href="https://www.gpo.gov/fdsys/pkg/CFR-2007-title45-vol1/pdf/CFR-2007-title45-vol1-chapA-subchapC.pdf">164.308(a)(5)(ii)(C)</reference>
          <reference href="https://www.gpo.gov/fdsys/pkg/CFR-2007-title45-vol1/pdf/CFR-2007-title45-vol1-chapA-subchapC.pdf">164.312(a)(2)(i)</reference>
          <reference href="https://www.gpo.gov/fdsys/pkg/CFR-2007-title45-vol1/pdf/CFR-2007-title45-vol1-chapA-subchapC.pdf">164.312(b)</reference>
          <reference href="https://www.gpo.gov/fdsys/pkg/CFR-2007-title45-vol1/pdf/CFR-2007-title45-vol1-chapA-subchapC.pdf">164.312(d)</reference>
          <reference href="https://www.gpo.gov/fdsys/pkg/CFR-2007-title45-vol1/pdf/CFR-2007-title45-vol1-chapA-subchapC.pdf">164.312(e)</reference>
          <reference href="https://www.isa.org/products/isa-62443-2-1-2009-security-for-industrial-automat">4.2.3.10</reference>
          <reference href="https://www.isa.org/products/isa-62443-2-1-2009-security-for-industrial-automat">4.3.2.6.7</reference>
          <reference href="https://www.isa.org/products/isa-62443-2-1-2009-security-for-industrial-automat">4.3.3.3.9</reference>
          <reference href="https://www.isa.org/products/isa-62443-2-1-2009-security-for-industrial-automat">4.3.3.5.8</reference>
          <reference href="https://www.isa.org/products/isa-62443-2-1-2009-security-for-industrial-automat">4.3.3.6.6</reference>
          <reference href="https://www.isa.org/products/isa-62443-2-1-2009-security-for-industrial-automat">4.3.4.4.7</reference>
          <reference href="https://www.isa.org/products/isa-62443-2-1-2009-security-for-industrial-automat">4.3.4.5.6</reference>
          <reference href="https://www.isa.org/products/isa-62443-2-1-2009-security-for-industrial-automat">4.3.4.5.7</reference>
          <reference href="https://www.isa.org/products/isa-62443-2-1-2009-security-for-industrial-automat">4.3.4.5.8</reference>
          <reference href="https://www.isa.org/products/isa-62443-2-1-2009-security-for-industrial-automat">4.4.2.1</reference>
          <reference href="https://www.isa.org/products/isa-62443-2-1-2009-security-for-industrial-automat">4.4.2.2</reference>
          <reference href="https://www.isa.org/products/isa-62443-2-1-2009-security-for-industrial-automat">4.4.2.4</reference>
          <reference href="https://www.isa.org/products/ansi-isa-62443-3-3-99-03-03-2013-security-for-indu">SR 1.13</reference>
          <reference href="https://www.isa.org/products/ansi-isa-62443-3-3-99-03-03-2013-security-for-indu">SR 2.10</reference>
          <reference href="https://www.isa.org/products/ansi-isa-62443-3-3-99-03-03-2013-security-for-indu">SR 2.11</reference>
          <reference href="https://www.isa.org/products/ansi-isa-62443-3-3-99-03-03-2013-security-for-indu">SR 2.12</reference>
          <reference href="https://www.isa.org/products/ansi-isa-62443-3-3-99-03-03-2013-security-for-indu">SR 2.6</reference>
          <reference href="https://www.isa.org/products/ansi-isa-62443-3-3-99-03-03-2013-security-for-indu">SR 2.8</reference>
          <reference href="https://www.isa.org/products/ansi-isa-62443-3-3-99-03-03-2013-security-for-indu">SR 2.9</reference>
          <reference href="https://www.isa.org/products/ansi-isa-62443-3-3-99-03-03-2013-security-for-indu">SR 3.1</reference>
          <reference href="https://www.isa.org/products/ansi-isa-62443-3-3-99-03-03-2013-security-for-indu">SR 3.5</reference>
          <reference href="https://www.isa.org/products/ansi-isa-62443-3-3-99-03-03-2013-security-for-indu">SR 3.8</reference>
          <reference href="https://www.isa.org/products/ansi-isa-62443-3-3-99-03-03-2013-security-for-indu">SR 4.1</reference>
          <reference href="https://www.isa.org/products/ansi-isa-62443-3-3-99-03-03-2013-security-for-indu">SR 4.3</reference>
          <reference href="https://www.isa.org/products/ansi-isa-62443-3-3-99-03-03-2013-security-for-indu">SR 5.1</reference>
          <reference href="https://www.isa.org/products/ansi-isa-62443-3-3-99-03-03-2013-security-for-indu">SR 5.2</reference>
          <reference href="https://www.isa.org/products/ansi-isa-62443-3-3-99-03-03-2013-security-for-indu">SR 5.3</reference>
          <reference href="https://www.isa.org/products/ansi-isa-62443-3-3-99-03-03-2013-security-for-indu">SR 6.1</reference>
          <reference href="https://www.isa.org/products/ansi-isa-62443-3-3-99-03-03-2013-security-for-indu">SR 6.2</reference>
          <reference href="https://www.isa.org/products/ansi-isa-62443-3-3-99-03-03-2013-security-for-indu">SR 7.1</reference>
          <reference href="https://www.isa.org/products/ansi-isa-62443-3-3-99-03-03-2013-security-for-indu">SR 7.6</reference>
          <reference href="https://www.iso.org/contents/data/standard/05/45/54534.html">A.11.2.6</reference>
          <reference href="https://www.iso.org/contents/data/standard/05/45/54534.html">A.12.4.1</reference>
          <reference href="https://www.iso.org/contents/data/standard/05/45/54534.html">A.12.4.2</reference>
          <reference href="https://www.iso.org/contents/data/standard/05/45/54534.html">A.12.4.3</reference>
          <reference href="https://www.iso.org/contents/data/standard/05/45/54534.html">A.12.4.4</reference>
          <reference href="https://www.iso.org/contents/data/standard/05/45/54534.html">A.12.7.1</reference>
          <reference href="https://www.iso.org/contents/data/standard/05/45/54534.html">A.13.1.1</reference>
          <reference href="https://www.iso.org/contents/data/standard/05/45/54534.html">A.13.2.1</reference>
          <reference href="https://www.iso.org/contents/data/standard/05/45/54534.html">A.14.1.3</reference>
          <reference href="https://www.iso.org/contents/data/standard/05/45/54534.html">A.14.2.7</reference>
          <reference href="https://www.iso.org/contents/data/standard/05/45/54534.html">A.15.2.1</reference>
          <reference href="https://www.iso.org/contents/data/standard/05/45/54534.html">A.15.2.2</reference>
          <reference href="https://www.iso.org/contents/data/standard/05/45/54534.html">A.16.1.4</reference>
          <reference href="https://www.iso.org/contents/data/standard/05/45/54534.html">A.16.1.5</reference>
          <reference href="https://www.iso.org/contents/data/standard/05/45/54534.html">A.16.1.7</reference>
          <reference href="https://www.iso.org/contents/data/standard/05/45/54534.html">A.6.2.1</reference>
          <reference href="https://www.iso.org/contents/data/standard/05/45/54534.html">A.6.2.2</reference>
          <reference href="http://nvlpubs.nist.gov/nistpubs/SpecialPublications/NIST.SP.800-53r4.pdf">AU-2(d)</reference>
          <reference href="http://nvlpubs.nist.gov/nistpubs/SpecialPublications/NIST.SP.800-53r4.pdf">AU-12(c)</reference>
          <reference href="http://nvlpubs.nist.gov/nistpubs/SpecialPublications/NIST.SP.800-53r4.pdf">CM-6(a)</reference>
          <reference href="https://nvlpubs.nist.gov/nistpubs/CSWP/NIST.CSWP.04162018.pdf">DE.AE-3</reference>
          <reference href="https://nvlpubs.nist.gov/nistpubs/CSWP/NIST.CSWP.04162018.pdf">DE.AE-5</reference>
          <reference href="https://nvlpubs.nist.gov/nistpubs/CSWP/NIST.CSWP.04162018.pdf">DE.CM-1</reference>
          <reference href="https://nvlpubs.nist.gov/nistpubs/CSWP/NIST.CSWP.04162018.pdf">DE.CM-3</reference>
          <reference href="https://nvlpubs.nist.gov/nistpubs/CSWP/NIST.CSWP.04162018.pdf">DE.CM-7</reference>
          <reference href="https://nvlpubs.nist.gov/nistpubs/CSWP/NIST.CSWP.04162018.pdf">ID.SC-4</reference>
          <reference href="https://nvlpubs.nist.gov/nistpubs/CSWP/NIST.CSWP.04162018.pdf">PR.AC-3</reference>
          <reference href="https://nvlpubs.nist.gov/nistpubs/CSWP/NIST.CSWP.04162018.pdf">PR.PT-1</reference>
          <reference href="https://nvlpubs.nist.gov/nistpubs/CSWP/NIST.CSWP.04162018.pdf">PR.PT-4</reference>
          <reference href="https://nvlpubs.nist.gov/nistpubs/CSWP/NIST.CSWP.04162018.pdf">RS.AN-1</reference>
          <reference href="https://nvlpubs.nist.gov/nistpubs/CSWP/NIST.CSWP.04162018.pdf">RS.AN-4</reference>
          <reference href="https://www.pcisecuritystandards.org/documents/PCI_DSS_v3-2-1.pdf">Req-10.2.4</reference>
          <reference href="https://www.pcisecuritystandards.org/documents/PCI_DSS_v3-2-1.pdf">Req-10.2.1</reference>
          <reference href="https://www.cyber.mil/stigs/downloads/?_dl_facet_stigs=operating-systems%2Cgeneral-purpose-os">SRG-OS-000037-GPOS-00015</reference>
          <reference href="https://www.cyber.mil/stigs/downloads/?_dl_facet_stigs=operating-systems%2Cgeneral-purpose-os">SRG-OS-000042-GPOS-00020</reference>
          <reference href="https://www.cyber.mil/stigs/downloads/?_dl_facet_stigs=operating-systems%2Cgeneral-purpose-os">SRG-OS-000062-GPOS-00031</reference>
          <reference href="https://www.cyber.mil/stigs/downloads/?_dl_facet_stigs=operating-systems%2Cgeneral-purpose-os">SRG-OS-000392-GPOS-00172</reference>
          <reference href="https://www.cyber.mil/stigs/downloads/?_dl_facet_stigs=operating-systems%2Cgeneral-purpose-os">SRG-OS-000462-GPOS-00206</reference>
          <reference href="https://www.cyber.mil/stigs/downloads/?_dl_facet_stigs=operating-systems%2Cgeneral-purpose-os">SRG-OS-000471-GPOS-00215</reference>
          <reference href="https://www.cyber.mil/stigs/downloads/?_dl_facet_stigs=operating-systems%2Cgeneral-purpose-os">SRG-OS-000064-GPOS-00033</reference>
          <reference href="https://www.cyber.mil/stigs/downloads/?_dl_facet_stigs=operating-systems%2Cgeneral-purpose-os">SRG-OS-000458-GPOS-00203</reference>
          <reference href="https://www.cyber.mil/stigs/downloads/?_dl_facet_stigs=operating-systems%2Cgeneral-purpose-os">SRG-OS-000461-GPOS-00205</reference>
          <reference href="https://www.cyber.mil/stigs/downloads/?_dl_facet_stigs=app-security">SRG-APP-000495-CTR-001235</reference>
          <reference href="https://www.cyber.mil/stigs/downloads/?_dl_facet_stigs=operating-systems%2Cunix-linux">SLES-15-030150</reference>
          <reference href="https://www.cisecurity.org/benchmark/suse_linux/">4.1.10</reference>
          <reference href="https://cyber.gouv.fr/sites/default/files/document/linux_configuration-en-v2.pdf">R73</reference>
          <reference href="not_publicly_available">SLES-15-750450225</reference>
          <reference href="https://www.cyber.gov.au/acsc/view-all-content/ism">0582</reference>
          <reference href="https://www.cyber.gov.au/acsc/view-all-content/ism">0846</reference>
          <reference href="https://www.cyber.mil/stigs/srg-stig-tools/">SV-234914r958412_rule</reference>
          <rationale xmlns:xhtml="http://www.w3.org/1999/xhtml" xml:lang="en-US">Unsuccessful attempts to access files could be an indicator of malicious activity on a system. Auditing
these events could serve as evidence of potential system compromise.</rationale>
          <ident system="https://ncp.nist.gov/cce">CCE-85608-8</ident>
          <fix xmlns:xhtml="http://www.w3.org/1999/xhtml" id="audit_rules_unsuccessful_file_modification_truncate" system="urn:xccdf:fix:script:sh"># Remediation is applicable only in certain platforms
if rpm --quiet -q audit &amp;&amp; rpm --quiet -q kernel-default || rpm --quiet -q kernel-default-base; then

# First perform the remediation of the syscall rule
# Retrieve hardware architecture of the underlying system
[ "$(getconf LONG_BIT)" = "32" ] &amp;&amp; RULE_ARCHS=("b32") || RULE_ARCHS=("b32" "b64")

AUID_FILTERS="-F auid&gt;=1000 -F auid!=unset"
SYSCALL="truncate"
KEY="access"
SYSCALL_GROUPING="creat ftruncate truncate open openat open_by_handle_at"

for ARCH in "${RULE_ARCHS[@]}"
do
	ACTION_ARCH_FILTERS="-a always,exit -F arch=$ARCH"
	OTHER_FILTERS="-F exit=-EACCES"
	# Perform the remediation for both possible tools: 'auditctl' and 'augenrules'
	unset syscall_a
unset syscall_grouping
unset syscall_string
unset syscall
unset file_to_edit
unset rule_to_edit
unset rule_syscalls_to_edit
unset other_string
unset auid_string
unset full_rule

# Load macro arguments into arrays
read -a syscall_a &lt;&lt;&lt; $SYSCALL
read -a syscall_grouping &lt;&lt;&lt; $SYSCALL_GROUPING

# Create a list of audit *.rules files that should be inspected for presence and correctness
# of a particular audit rule. The scheme is as follows:
#
# -----------------------------------------------------------------------------------------
#  Tool used to load audit rules | Rule already defined  |  Audit rules file to inspect    |
# -----------------------------------------------------------------------------------------
#        auditctl                |     Doesn't matter    |  /etc/audit/audit.rules         |
# -----------------------------------------------------------------------------------------
#        augenrules              |          Yes          |  /etc/audit/rules.d/*.rules     |
#        augenrules              |          No           |  /etc/audit/rules.d/$key.rules  |
# -----------------------------------------------------------------------------------------
#
files_to_inspect=()

# If audit tool is 'augenrules', then check if the audit rule is defined
# If rule is defined, add '/etc/audit/rules.d/*.rules' to the list for inspection
# If rule isn't defined yet, add '/etc/audit/rules.d/$key.rules' to the list for inspection
default_file="/etc/audit/rules.d/$KEY.rules"
# As other_filters may include paths, lets use a different delimiter for it
# The "F" script expression tells sed to print the filenames where the expressions matched
readarray -t files_to_inspect &lt; &lt;(sed -s -n -e "/^$ACTION_ARCH_FILTERS/!d" -e "\#$OTHER_FILTERS#!d" -e "/$AUID_FILTERS/!d" -e "F" /etc/audit/rules.d/*.rules)
# Case when particular rule isn't defined in /etc/audit/rules.d/*.rules yet
if [ ${#files_to_inspect[@]} -eq "0" ]
then
    file_to_inspect="/etc/audit/rules.d/$KEY.rules"
    files_to_inspect=("$file_to_inspect")
    if [ ! -e "$file_to_inspect" ]
    then
        touch "$file_to_inspect"
        chmod 0600 "$file_to_inspect"
    fi
fi

# After converting to jinja, we cannot return; therefore we skip the rest of the macro if needed instead
skip=1

for audit_file in "${files_to_inspect[@]}"
do
    # Filter existing $audit_file rules' definitions to select those that satisfy the rule pattern,
    # i.e, collect rules that match:
    # * the action, list and arch, (2-nd argument)
    # * the other filters, (3-rd argument)
    # * the auid filters, (4-rd argument)
    readarray -t similar_rules &lt; &lt;(sed -e "/^$ACTION_ARCH_FILTERS/!d"  -e "\#$OTHER_FILTERS#!d" -e "/$AUID_FILTERS/!d" "$audit_file")

    candidate_rules=()
    # Filter out rules that have more fields then required. This will remove rules more specific than the required scope
    for s_rule in "${similar_rules[@]}"
    do
        # Strip all the options and fields we know of,
        # than check if there was any field left over
        extra_fields=$(sed -E -e "s/^$ACTION_ARCH_FILTERS//"  -e "s#$OTHER_FILTERS##" -e "s/$AUID_FILTERS//" -e "s/((:?-S [[:alnum:],]+)+)//g" -e "s/-F key=\w+|-k \w+//"&lt;&lt;&lt; "$s_rule")
        grep -q -- "-F" &lt;&lt;&lt; "$extra_fields" || candidate_rules+=("$s_rule")
    done

    if [[ ${#syscall_a[@]} -ge 1 ]]
    then
        # Check if the syscall we want is present in any of the similar existing rules
        for rule in "${candidate_rules[@]}"
        do
            rule_syscalls=$(echo "$rule" | grep -o -P '(-S [\w,]+)+' | xargs)
            all_syscalls_found=0
            for syscall in "${syscall_a[@]}"
            do
                grep -q -- "\b${syscall}\b" &lt;&lt;&lt; "$rule_syscalls" || {
                   # A syscall was not found in the candidate rule
                   all_syscalls_found=1
                   }
            done
            if [[ $all_syscalls_found -eq 0 ]]
            then
                # We found a rule with all the syscall(s) we want; skip rest of macro
                skip=0
                break
            fi

            # Check if this rule can be grouped with our target syscall and keep track of it
            for syscall_g in "${syscall_grouping[@]}"
            do
                if grep -q -- "\b${syscall_g}\b" &lt;&lt;&lt; "$rule_syscalls"
                then
                    file_to_edit=${audit_file}
                    rule_to_edit=${rule}
                    rule_syscalls_to_edit=${rule_syscalls}
                fi
            done
        done
    else
        # If there is any candidate rule, it is compliant; skip rest of macro
        if [ "${#candidate_rules[@]}" -gt 0 ]
        then
            skip=0
        fi
    fi

    if [ "$skip" -eq 0 ]; then
        break
    fi
done

if [ "$skip" -ne 0 ]; then
    # We checked all rules that matched the expected resemblance pattern (action, arch &amp; auid)
    # At this point we know if we need to either append the $full_rule or group
    # the syscall together with an exsiting rule

    # Append the full_rule if it cannot be grouped to any other rule
    if [ -z ${rule_to_edit+x} ]
    then
        # Build full_rule while avoid adding double spaces when other_filters is empty
        if [ "${#syscall_a[@]}" -gt 0 ]
        then
            syscall_string=""
            for syscall in "${syscall_a[@]}"
            do
                syscall_string+=" -S $syscall"
            done
        fi
        other_string=$([[ $OTHER_FILTERS ]] &amp;&amp; echo " $OTHER_FILTERS") || /bin/true
        auid_string=$([[ $AUID_FILTERS ]] &amp;&amp; echo " $AUID_FILTERS") || /bin/true
        full_rule="$ACTION_ARCH_FILTERS${syscall_string}${other_string}${auid_string} -F key=$KEY" || /bin/true
        echo "$full_rule" &gt;&gt; "$default_file"
        chmod 0600 ${default_file}
    else
        # Check if the syscalls are declared as a comma separated list or
        # as multiple -S parameters
        if grep -q -- "," &lt;&lt;&lt; "${rule_syscalls_to_edit}"
        then
            delimiter=","
        else
            delimiter=" -S "
        fi
        new_grouped_syscalls="${rule_syscalls_to_edit}"
        for syscall in "${syscall_a[@]}"
        do
            grep -q -- "\b${syscall}\b" &lt;&lt;&lt; "${rule_syscalls_to_edit}" || {
               # A syscall was not found in the candidate rule
               new_grouped_syscalls+="${delimiter}${syscall}"
               }
        done

        # Group the syscall in the rule
        sed -i -e "\#${rule_to_edit}#s#${rule_syscalls_to_edit}#${new_grouped_syscalls}#" "$file_to_edit"
    fi
fi
	unset syscall_a
unset syscall_grouping
unset syscall_string
unset syscall
unset file_to_edit
unset rule_to_edit
unset rule_syscalls_to_edit
unset other_string
unset auid_string
unset full_rule

# Load macro arguments into arrays
read -a syscall_a &lt;&lt;&lt; $SYSCALL
read -a syscall_grouping &lt;&lt;&lt; $SYSCALL_GROUPING

# Create a list of audit *.rules files that should be inspected for presence and correctness
# of a particular audit rule. The scheme is as follows:
#
# -----------------------------------------------------------------------------------------
#  Tool used to load audit rules | Rule already defined  |  Audit rules file to inspect    |
# -----------------------------------------------------------------------------------------
#        auditctl                |     Doesn't matter    |  /etc/audit/audit.rules         |
# -----------------------------------------------------------------------------------------
#        augenrules              |          Yes          |  /etc/audit/rules.d/*.rules     |
#        augenrules              |          No           |  /etc/audit/rules.d/$key.rules  |
# -----------------------------------------------------------------------------------------
#
files_to_inspect=()


# If audit tool is 'auditctl', then add '/etc/audit/audit.rules'
# file to the list of files to be inspected
default_file="/etc/audit/audit.rules"
files_to_inspect+=('/etc/audit/audit.rules' )

# After converting to jinja, we cannot return; therefore we skip the rest of the macro if needed instead
skip=1

for audit_file in "${files_to_inspect[@]}"
do
    # Filter existing $audit_file rules' definitions to select those that satisfy the rule pattern,
    # i.e, collect rules that match:
    # * the action, list and arch, (2-nd argument)
    # * the other filters, (3-rd argument)
    # * the auid filters, (4-rd argument)
    readarray -t similar_rules &lt; &lt;(sed -e "/^$ACTION_ARCH_FILTERS/!d"  -e "\#$OTHER_FILTERS#!d" -e "/$AUID_FILTERS/!d" "$audit_file")

    candidate_rules=()
    # Filter out rules that have more fields then required. This will remove rules more specific than the required scope
    for s_rule in "${similar_rules[@]}"
    do
        # Strip all the options and fields we know of,
        # than check if there was any field left over
        extra_fields=$(sed -E -e "s/^$ACTION_ARCH_FILTERS//"  -e "s#$OTHER_FILTERS##" -e "s/$AUID_FILTERS//" -e "s/((:?-S [[:alnum:],]+)+)//g" -e "s/-F key=\w+|-k \w+//"&lt;&lt;&lt; "$s_rule")
        grep -q -- "-F" &lt;&lt;&lt; "$extra_fields" || candidate_rules+=("$s_rule")
    done

    if [[ ${#syscall_a[@]} -ge 1 ]]
    then
        # Check if the syscall we want is present in any of the similar existing rules
        for rule in "${candidate_rules[@]}"
        do
            rule_syscalls=$(echo "$rule" | grep -o -P '(-S [\w,]+)+' | xargs)
            all_syscalls_found=0
            for syscall in "${syscall_a[@]}"
            do
                grep -q -- "\b${syscall}\b" &lt;&lt;&lt; "$rule_syscalls" || {
                   # A syscall was not found in the candidate rule
                   all_syscalls_found=1
                   }
            done
            if [[ $all_syscalls_found -eq 0 ]]
            then
                # We found a rule with all the syscall(s) we want; skip rest of macro
                skip=0
                break
            fi

            # Check if this rule can be grouped with our target syscall and keep track of it
            for syscall_g in "${syscall_grouping[@]}"
            do
                if grep -q -- "\b${syscall_g}\b" &lt;&lt;&lt; "$rule_syscalls"
                then
                    file_to_edit=${audit_file}
                    rule_to_edit=${rule}
                    rule_syscalls_to_edit=${rule_syscalls}
                fi
            done
        done
    else
        # If there is any candidate rule, it is compliant; skip rest of macro
        if [ "${#candidate_rules[@]}" -gt 0 ]
        then
            skip=0
        fi
    fi

    if [ "$skip" -eq 0 ]; then
        break
    fi
done

if [ "$skip" -ne 0 ]; then
    # We checked all rules that matched the expected resemblance pattern (action, arch &amp; auid)
    # At this point we know if we need to either append the $full_rule or group
    # the syscall together with an exsiting rule

    # Append the full_rule if it cannot be grouped to any other rule
    if [ -z ${rule_to_edit+x} ]
    then
        # Build full_rule while avoid adding double spaces when other_filters is empty
        if [ "${#syscall_a[@]}" -gt 0 ]
        then
            syscall_string=""
            for syscall in "${syscall_a[@]}"
            do
                syscall_string+=" -S $syscall"
            done
        fi
        other_string=$([[ $OTHER_FILTERS ]] &amp;&amp; echo " $OTHER_FILTERS") || /bin/true
        auid_string=$([[ $AUID_FILTERS ]] &amp;&amp; echo " $AUID_FILTERS") || /bin/true
        full_rule="$ACTION_ARCH_FILTERS${syscall_string}${other_string}${auid_string} -F key=$KEY" || /bin/true
        echo "$full_rule" &gt;&gt; "$default_file"
        chmod 0600 ${default_file}
    else
        # Check if the syscalls are declared as a comma separated list or
        # as multiple -S parameters
        if grep -q -- "," &lt;&lt;&lt; "${rule_syscalls_to_edit}"
        then
            delimiter=","
        else
            delimiter=" -S "
        fi
        new_grouped_syscalls="${rule_syscalls_to_edit}"
        for syscall in "${syscall_a[@]}"
        do
            grep -q -- "\b${syscall}\b" &lt;&lt;&lt; "${rule_syscalls_to_edit}" || {
               # A syscall was not found in the candidate rule
               new_grouped_syscalls+="${delimiter}${syscall}"
               }
        done

        # Group the syscall in the rule
        sed -i -e "\#${rule_to_edit}#s#${rule_syscalls_to_edit}#${new_grouped_syscalls}#" "$file_to_edit"
    fi
fi
done

for ARCH in "${RULE_ARCHS[@]}"
do
	ACTION_ARCH_FILTERS="-a always,exit -F arch=$ARCH"
	OTHER_FILTERS="-F exit=-EPERM"
	# Perform the remediation for both possible tools: 'auditctl' and 'augenrules'
	unset syscall_a
unset syscall_grouping
unset syscall_string
unset syscall
unset file_to_edit
unset rule_to_edit
unset rule_syscalls_to_edit
unset other_string
unset auid_string
unset full_rule

# Load macro arguments into arrays
read -a syscall_a &lt;&lt;&lt; $SYSCALL
read -a syscall_grouping &lt;&lt;&lt; $SYSCALL_GROUPING

# Create a list of audit *.rules files that should be inspected for presence and correctness
# of a particular audit rule. The scheme is as follows:
#
# -----------------------------------------------------------------------------------------
#  Tool used to load audit rules | Rule already defined  |  Audit rules file to inspect    |
# -----------------------------------------------------------------------------------------
#        auditctl                |     Doesn't matter    |  /etc/audit/audit.rules         |
# -----------------------------------------------------------------------------------------
#        augenrules              |          Yes          |  /etc/audit/rules.d/*.rules     |
#        augenrules              |          No           |  /etc/audit/rules.d/$key.rules  |
# -----------------------------------------------------------------------------------------
#
files_to_inspect=()

# If audit tool is 'augenrules', then check if the audit rule is defined
# If rule is defined, add '/etc/audit/rules.d/*.rules' to the list for inspection
# If rule isn't defined yet, add '/etc/audit/rules.d/$key.rules' to the list for inspection
default_file="/etc/audit/rules.d/$KEY.rules"
# As other_filters may include paths, lets use a different delimiter for it
# The "F" script expression tells sed to print the filenames where the expressions matched
readarray -t files_to_inspect &lt; &lt;(sed -s -n -e "/^$ACTION_ARCH_FILTERS/!d" -e "\#$OTHER_FILTERS#!d" -e "/$AUID_FILTERS/!d" -e "F" /etc/audit/rules.d/*.rules)
# Case when particular rule isn't defined in /etc/audit/rules.d/*.rules yet
if [ ${#files_to_inspect[@]} -eq "0" ]
then
    file_to_inspect="/etc/audit/rules.d/$KEY.rules"
    files_to_inspect=("$file_to_inspect")
    if [ ! -e "$file_to_inspect" ]
    then
        touch "$file_to_inspect"
        chmod 0600 "$file_to_inspect"
    fi
fi

# After converting to jinja, we cannot return; therefore we skip the rest of the macro if needed instead
skip=1

for audit_file in "${files_to_inspect[@]}"
do
    # Filter existing $audit_file rules' definitions to select those that satisfy the rule pattern,
    # i.e, collect rules that match:
    # * the action, list and arch, (2-nd argument)
    # * the other filters, (3-rd argument)
    # * the auid filters, (4-rd argument)
    readarray -t similar_rules &lt; &lt;(sed -e "/^$ACTION_ARCH_FILTERS/!d"  -e "\#$OTHER_FILTERS#!d" -e "/$AUID_FILTERS/!d" "$audit_file")

    candidate_rules=()
    # Filter out rules that have more fields then required. This will remove rules more specific than the required scope
    for s_rule in "${similar_rules[@]}"
    do
        # Strip all the options and fields we know of,
        # than check if there was any field left over
        extra_fields=$(sed -E -e "s/^$ACTION_ARCH_FILTERS//"  -e "s#$OTHER_FILTERS##" -e "s/$AUID_FILTERS//" -e "s/((:?-S [[:alnum:],]+)+)//g" -e "s/-F key=\w+|-k \w+//"&lt;&lt;&lt; "$s_rule")
        grep -q -- "-F" &lt;&lt;&lt; "$extra_fields" || candidate_rules+=("$s_rule")
    done

    if [[ ${#syscall_a[@]} -ge 1 ]]
    then
        # Check if the syscall we want is present in any of the similar existing rules
        for rule in "${candidate_rules[@]}"
        do
            rule_syscalls=$(echo "$rule" | grep -o -P '(-S [\w,]+)+' | xargs)
            all_syscalls_found=0
            for syscall in "${syscall_a[@]}"
            do
                grep -q -- "\b${syscall}\b" &lt;&lt;&lt; "$rule_syscalls" || {
                   # A syscall was not found in the candidate rule
                   all_syscalls_found=1
                   }
            done
            if [[ $all_syscalls_found -eq 0 ]]
            then
                # We found a rule with all the syscall(s) we want; skip rest of macro
                skip=0
                break
            fi

            # Check if this rule can be grouped with our target syscall and keep track of it
            for syscall_g in "${syscall_grouping[@]}"
            do
                if grep -q -- "\b${syscall_g}\b" &lt;&lt;&lt; "$rule_syscalls"
                then
                    file_to_edit=${audit_file}
                    rule_to_edit=${rule}
                    rule_syscalls_to_edit=${rule_syscalls}
                fi
            done
        done
    else
        # If there is any candidate rule, it is compliant; skip rest of macro
        if [ "${#candidate_rules[@]}" -gt 0 ]
        then
            skip=0
        fi
    fi

    if [ "$skip" -eq 0 ]; then
        break
    fi
done

if [ "$skip" -ne 0 ]; then
    # We checked all rules that matched the expected resemblance pattern (action, arch &amp; auid)
    # At this point we know if we need to either append the $full_rule or group
    # the syscall together with an exsiting rule

    # Append the full_rule if it cannot be grouped to any other rule
    if [ -z ${rule_to_edit+x} ]
    then
        # Build full_rule while avoid adding double spaces when other_filters is empty
        if [ "${#syscall_a[@]}" -gt 0 ]
        then
            syscall_string=""
            for syscall in "${syscall_a[@]}"
            do
                syscall_string+=" -S $syscall"
            done
        fi
        other_string=$([[ $OTHER_FILTERS ]] &amp;&amp; echo " $OTHER_FILTERS") || /bin/true
        auid_string=$([[ $AUID_FILTERS ]] &amp;&amp; echo " $AUID_FILTERS") || /bin/true
        full_rule="$ACTION_ARCH_FILTERS${syscall_string}${other_string}${auid_string} -F key=$KEY" || /bin/true
        echo "$full_rule" &gt;&gt; "$default_file"
        chmod 0600 ${default_file}
    else
        # Check if the syscalls are declared as a comma separated list or
        # as multiple -S parameters
        if grep -q -- "," &lt;&lt;&lt; "${rule_syscalls_to_edit}"
        then
            delimiter=","
        else
            delimiter=" -S "
        fi
        new_grouped_syscalls="${rule_syscalls_to_edit}"
        for syscall in "${syscall_a[@]}"
        do
            grep -q -- "\b${syscall}\b" &lt;&lt;&lt; "${rule_syscalls_to_edit}" || {
               # A syscall was not found in the candidate rule
               new_grouped_syscalls+="${delimiter}${syscall}"
               }
        done

        # Group the syscall in the rule
        sed -i -e "\#${rule_to_edit}#s#${rule_syscalls_to_edit}#${new_grouped_syscalls}#" "$file_to_edit"
    fi
fi
	unset syscall_a
unset syscall_grouping
unset syscall_string
unset syscall
unset file_to_edit
unset rule_to_edit
unset rule_syscalls_to_edit
unset other_string
unset auid_string
unset full_rule

# Load macro arguments into arrays
read -a syscall_a &lt;&lt;&lt; $SYSCALL
read -a syscall_grouping &lt;&lt;&lt; $SYSCALL_GROUPING

# Create a list of audit *.rules files that should be inspected for presence and correctness
# of a particular audit rule. The scheme is as follows:
#
# -----------------------------------------------------------------------------------------
#  Tool used to load audit rules | Rule already defined  |  Audit rules file to inspect    |
# -----------------------------------------------------------------------------------------
#        auditctl                |     Doesn't matter    |  /etc/audit/audit.rules         |
# -----------------------------------------------------------------------------------------
#        augenrules              |          Yes          |  /etc/audit/rules.d/*.rules     |
#        augenrules              |          No           |  /etc/audit/rules.d/$key.rules  |
# -----------------------------------------------------------------------------------------
#
files_to_inspect=()


# If audit tool is 'auditctl', then add '/etc/audit/audit.rules'
# file to the list of files to be inspected
default_file="/etc/audit/audit.rules"
files_to_inspect+=('/etc/audit/audit.rules' )

# After converting to jinja, we cannot return; therefore we skip the rest of the macro if needed instead
skip=1

for audit_file in "${files_to_inspect[@]}"
do
    # Filter existing $audit_file rules' definitions to select those that satisfy the rule pattern,
    # i.e, collect rules that match:
    # * the action, list and arch, (2-nd argument)
    # * the other filters, (3-rd argument)
    # * the auid filters, (4-rd argument)
    readarray -t similar_rules &lt; &lt;(sed -e "/^$ACTION_ARCH_FILTERS/!d"  -e "\#$OTHER_FILTERS#!d" -e "/$AUID_FILTERS/!d" "$audit_file")

    candidate_rules=()
    # Filter out rules that have more fields then required. This will remove rules more specific than the required scope
    for s_rule in "${similar_rules[@]}"
    do
        # Strip all the options and fields we know of,
        # than check if there was any field left over
        extra_fields=$(sed -E -e "s/^$ACTION_ARCH_FILTERS//"  -e "s#$OTHER_FILTERS##" -e "s/$AUID_FILTERS//" -e "s/((:?-S [[:alnum:],]+)+)//g" -e "s/-F key=\w+|-k \w+//"&lt;&lt;&lt; "$s_rule")
        grep -q -- "-F" &lt;&lt;&lt; "$extra_fields" || candidate_rules+=("$s_rule")
    done

    if [[ ${#syscall_a[@]} -ge 1 ]]
    then
        # Check if the syscall we want is present in any of the similar existing rules
        for rule in "${candidate_rules[@]}"
        do
            rule_syscalls=$(echo "$rule" | grep -o -P '(-S [\w,]+)+' | xargs)
            all_syscalls_found=0
            for syscall in "${syscall_a[@]}"
            do
                grep -q -- "\b${syscall}\b" &lt;&lt;&lt; "$rule_syscalls" || {
                   # A syscall was not found in the candidate rule
                   all_syscalls_found=1
                   }
            done
            if [[ $all_syscalls_found -eq 0 ]]
            then
                # We found a rule with all the syscall(s) we want; skip rest of macro
                skip=0
                break
            fi

            # Check if this rule can be grouped with our target syscall and keep track of it
            for syscall_g in "${syscall_grouping[@]}"
            do
                if grep -q -- "\b${syscall_g}\b" &lt;&lt;&lt; "$rule_syscalls"
                then
                    file_to_edit=${audit_file}
                    rule_to_edit=${rule}
                    rule_syscalls_to_edit=${rule_syscalls}
                fi
            done
        done
    else
        # If there is any candidate rule, it is compliant; skip rest of macro
        if [ "${#candidate_rules[@]}" -gt 0 ]
        then
            skip=0
        fi
    fi

    if [ "$skip" -eq 0 ]; then
        break
    fi
done

if [ "$skip" -ne 0 ]; then
    # We checked all rules that matched the expected resemblance pattern (action, arch &amp; auid)
    # At this point we know if we need to either append the $full_rule or group
    # the syscall together with an exsiting rule

    # Append the full_rule if it cannot be grouped to any other rule
    if [ -z ${rule_to_edit+x} ]
    then
        # Build full_rule while avoid adding double spaces when other_filters is empty
        if [ "${#syscall_a[@]}" -gt 0 ]
        then
            syscall_string=""
            for syscall in "${syscall_a[@]}"
            do
                syscall_string+=" -S $syscall"
            done
        fi
        other_string=$([[ $OTHER_FILTERS ]] &amp;&amp; echo " $OTHER_FILTERS") || /bin/true
        auid_string=$([[ $AUID_FILTERS ]] &amp;&amp; echo " $AUID_FILTERS") || /bin/true
        full_rule="$ACTION_ARCH_FILTERS${syscall_string}${other_string}${auid_string} -F key=$KEY" || /bin/true
        echo "$full_rule" &gt;&gt; "$default_file"
        chmod 0600 ${default_file}
    else
        # Check if the syscalls are declared as a comma separated list or
        # as multiple -S parameters
        if grep -q -- "," &lt;&lt;&lt; "${rule_syscalls_to_edit}"
        then
            delimiter=","
        else
            delimiter=" -S "
        fi
        new_grouped_syscalls="${rule_syscalls_to_edit}"
        for syscall in "${syscall_a[@]}"
        do
            grep -q -- "\b${syscall}\b" &lt;&lt;&lt; "${rule_syscalls_to_edit}" || {
               # A syscall was not found in the candidate rule
               new_grouped_syscalls+="${delimiter}${syscall}"
               }
        done

        # Group the syscall in the rule
        sed -i -e "\#${rule_to_edit}#s#${rule_syscalls_to_edit}#${new_grouped_syscalls}#" "$file_to_edit"
    fi
fi
done

else
    &gt;&amp;2 echo 'Remediation is not applicable, nothing was done'
fi
</fix>
          <fix xmlns:xhtml="http://www.w3.org/1999/xhtml" id="audit_rules_unsuccessful_file_modification_truncate" system="urn:xccdf:fix:script:ansible" reboot="true" complexity="low" disruption="low" strategy="restrict">- name: Gather the package facts
  package_facts:
    manager: auto
  tags:
  - CCE-85608-8
  - DISA-STIG-SLES-15-030150
  - NIST-800-171-3.1.7
  - NIST-800-53-AU-12(c)
  - NIST-800-53-AU-2(d)
  - NIST-800-53-CM-6(a)
  - PCI-DSS-Req-10.2.1
  - PCI-DSS-Req-10.2.4
  - audit_rules_unsuccessful_file_modification_truncate
  - low_complexity
  - low_disruption
  - medium_severity
  - reboot_required
  - restrict_strategy

- name: Set architecture for audit truncate tasks
  ansible.builtin.set_fact:
    audit_arch: b64
  when:
  - '"audit" in ansible_facts.packages'
  - ("kernel-default" in ansible_facts.packages or "kernel-default-base" in ansible_facts.packages)
  - ansible_architecture == "aarch64" or ansible_architecture == "ppc64" or ansible_architecture
    == "ppc64le" or ansible_architecture == "s390x" or ansible_architecture == "x86_64"
  tags:
  - CCE-85608-8
  - DISA-STIG-SLES-15-030150
  - NIST-800-171-3.1.7
  - NIST-800-53-AU-12(c)
  - NIST-800-53-AU-2(d)
  - NIST-800-53-CM-6(a)
  - PCI-DSS-Req-10.2.1
  - PCI-DSS-Req-10.2.4
  - audit_rules_unsuccessful_file_modification_truncate
  - low_complexity
  - low_disruption
  - medium_severity
  - reboot_required
  - restrict_strategy

- name: Perform remediation of Audit rules for truncate EACCES for 32bit platform
  block:

  - name: Declare list of syscalls
    ansible.builtin.set_fact:
      syscalls:
      - truncate
      syscall_grouping:
      - creat
      - ftruncate
      - truncate
      - open
      - openat
      - open_by_handle_at

  - name: Check existence of truncate in /etc/audit/rules.d/
    ansible.builtin.find:
      paths: /etc/audit/rules.d
      contains: -a always,exit -F arch=b32(( -S |,)\w+)*(( -S |,){{ item }})+(( -S
        |,)\w+)* -F exit=-EACCES -F auid&gt;=1000 -F auid!=unset (-k\s+|-F\s+key=)\S+\s*$
      patterns: '*.rules'
    register: find_command
    loop: '{{ (syscall_grouping + syscalls) | unique }}'

  - name: Reset syscalls found per file
    ansible.builtin.set_fact:
      syscalls_per_file: {}
      found_paths_dict: {}

  - name: Declare syscalls found per file
    ansible.builtin.set_fact: syscalls_per_file="{{ syscalls_per_file | combine( {item.files[0].path
      :[item.item] + syscalls_per_file.get(item.files[0].path, []) } ) }}"
    loop: '{{ find_command.results | selectattr(''matched'') | list }}'

  - name: Declare files where syscalls were found
    ansible.builtin.set_fact: found_paths="{{ find_command.results | map(attribute='files')
      | flatten | map(attribute='path') | list }}"

  - name: Count occurrences of syscalls in paths
    ansible.builtin.set_fact: found_paths_dict="{{ found_paths_dict | combine({ item:1+found_paths_dict.get(item,
      0) }) }}"
    loop: '{{ find_command.results | map(attribute=''files'') | flatten | map(attribute=''path'')
      | list }}'

  - name: Get path with most syscalls
    ansible.builtin.set_fact: audit_file="{{ (found_paths_dict | dict2items() | sort(attribute='value')
      | last).key }}"
    when: found_paths | length &gt;= 1

  - name: No file with syscall found, set path to /etc/audit/rules.d/access.rules
    ansible.builtin.set_fact: audit_file="/etc/audit/rules.d/access.rules"
    when: found_paths | length == 0

  - name: Declare found syscalls
    ansible.builtin.set_fact: syscalls_found="{{ find_command.results | selectattr('matched')
      | map(attribute='item') | list }}"

  - name: Declare missing syscalls
    ansible.builtin.set_fact: missing_syscalls="{{ syscalls | difference(syscalls_found)
      }}"

  - name: Replace the audit rule in {{ audit_file }}
    ansible.builtin.lineinfile:
      path: '{{ audit_file }}'
      regexp: (-a always,exit -F arch=b32)(?=.*(?:(?:-S |,)(?:{{ syscalls_per_file[audit_file]
        | join("|") }}))\b)((?:( -S |,)\w+)+)( -F exit=-EACCES -F auid&gt;=1000 -F auid!=unset
        (?:-k |-F key=)\w+)
      line: \1\2\3{{ missing_syscalls | join("\3") }}\4
      backrefs: true
      state: present
      mode: g-rwx,o-rwx
    when: syscalls_found | length &gt; 0 and missing_syscalls | length &gt; 0

  - name: Add the audit rule to {{ audit_file }}
    ansible.builtin.lineinfile:
      path: '{{ audit_file }}'
      line: -a always,exit -F arch=b32 -S {{ syscalls | join(',') }} -F exit=-EACCES
        -F auid&gt;=1000 -F auid!=unset -F key=access
      create: true
      mode: g-rwx,o-rwx
      state: present
    when: syscalls_found | length == 0

  - name: Declare list of syscalls
    ansible.builtin.set_fact:
      syscalls:
      - truncate
      syscall_grouping:
      - creat
      - ftruncate
      - truncate
      - open
      - openat
      - open_by_handle_at

  - name: Check existence of truncate in /etc/audit/audit.rules
    ansible.builtin.find:
      paths: /etc/audit
      contains: -a always,exit -F arch=b32(( -S |,)\w+)*(( -S |,){{ item }})+(( -S
        |,)\w+)* -F exit=-EACCES -F auid&gt;=1000 -F auid!=unset (-k\s+|-F\s+key=)\S+\s*$
      patterns: audit.rules
    register: find_command
    loop: '{{ (syscall_grouping + syscalls) | unique }}'

  - name: Set path to /etc/audit/audit.rules
    ansible.builtin.set_fact: audit_file="/etc/audit/audit.rules"

  - name: Declare found syscalls
    ansible.builtin.set_fact: syscalls_found="{{ find_command.results | selectattr('matched')
      | map(attribute='item') | list }}"

  - name: Declare missing syscalls
    ansible.builtin.set_fact: missing_syscalls="{{ syscalls | difference(syscalls_found)
      }}"

  - name: Replace the audit rule in {{ audit_file }}
    ansible.builtin.lineinfile:
      path: '{{ audit_file }}'
      regexp: (-a always,exit -F arch=b32)(?=.*(?:(?:-S |,)(?:{{ syscalls_found |
        join("|") }}))\b)((?:( -S |,)\w+)+)( -F exit=-EACCES -F auid&gt;=1000 -F auid!=unset
        (?:-k |-F key=)\w+)
      line: \1\2\3{{ missing_syscalls | join("\3") }}\4
      backrefs: true
      state: present
      mode: g-rwx,o-rwx
    when: syscalls_found | length &gt; 0 and missing_syscalls | length &gt; 0

  - name: Add the audit rule to {{ audit_file }}
    ansible.builtin.lineinfile:
      path: '{{ audit_file }}'
      line: -a always,exit -F arch=b32 -S {{ syscalls | join(',') }} -F exit=-EACCES
        -F auid&gt;=1000 -F auid!=unset -F key=access
      create: true
      mode: g-rwx,o-rwx
      state: present
    when: syscalls_found | length == 0
  when:
  - '"audit" in ansible_facts.packages'
  - ("kernel-default" in ansible_facts.packages or "kernel-default-base" in ansible_facts.packages)
  tags:
  - CCE-85608-8
  - DISA-STIG-SLES-15-030150
  - NIST-800-171-3.1.7
  - NIST-800-53-AU-12(c)
  - NIST-800-53-AU-2(d)
  - NIST-800-53-CM-6(a)
  - PCI-DSS-Req-10.2.1
  - PCI-DSS-Req-10.2.4
  - audit_rules_unsuccessful_file_modification_truncate
  - low_complexity
  - low_disruption
  - medium_severity
  - reboot_required
  - restrict_strategy

- name: Perform remediation of Audit rules for truncate EACCES for 64bit platform
  block:

  - name: Declare list of syscalls
    ansible.builtin.set_fact:
      syscalls:
      - truncate
      syscall_grouping:
      - creat
      - ftruncate
      - truncate
      - open
      - openat
      - open_by_handle_at

  - name: Check existence of truncate in /etc/audit/rules.d/
    ansible.builtin.find:
      paths: /etc/audit/rules.d
      contains: -a always,exit -F arch=b64(( -S |,)\w+)*(( -S |,){{ item }})+(( -S
        |,)\w+)* -F exit=-EACCES -F auid&gt;=1000 -F auid!=unset (-k\s+|-F\s+key=)\S+\s*$
      patterns: '*.rules'
    register: find_command
    loop: '{{ (syscall_grouping + syscalls) | unique }}'

  - name: Reset syscalls found per file
    ansible.builtin.set_fact:
      syscalls_per_file: {}
      found_paths_dict: {}

  - name: Declare syscalls found per file
    ansible.builtin.set_fact: syscalls_per_file="{{ syscalls_per_file | combine( {item.files[0].path
      :[item.item] + syscalls_per_file.get(item.files[0].path, []) } ) }}"
    loop: '{{ find_command.results | selectattr(''matched'') | list }}'

  - name: Declare files where syscalls were found
    ansible.builtin.set_fact: found_paths="{{ find_command.results | map(attribute='files')
      | flatten | map(attribute='path') | list }}"

  - name: Count occurrences of syscalls in paths
    ansible.builtin.set_fact: found_paths_dict="{{ found_paths_dict | combine({ item:1+found_paths_dict.get(item,
      0) }) }}"
    loop: '{{ find_command.results | map(attribute=''files'') | flatten | map(attribute=''path'')
      | list }}'

  - name: Get path with most syscalls
    ansible.builtin.set_fact: audit_file="{{ (found_paths_dict | dict2items() | sort(attribute='value')
      | last).key }}"
    when: found_paths | length &gt;= 1

  - name: No file with syscall found, set path to /etc/audit/rules.d/access.rules
    ansible.builtin.set_fact: audit_file="/etc/audit/rules.d/access.rules"
    when: found_paths | length == 0

  - name: Declare found syscalls
    ansible.builtin.set_fact: syscalls_found="{{ find_command.results | selectattr('matched')
      | map(attribute='item') | list }}"

  - name: Declare missing syscalls
    ansible.builtin.set_fact: missing_syscalls="{{ syscalls | difference(syscalls_found)
      }}"

  - name: Replace the audit rule in {{ audit_file }}
    ansible.builtin.lineinfile:
      path: '{{ audit_file }}'
      regexp: (-a always,exit -F arch=b64)(?=.*(?:(?:-S |,)(?:{{ syscalls_per_file[audit_file]
        | join("|") }}))\b)((?:( -S |,)\w+)+)( -F exit=-EACCES -F auid&gt;=1000 -F auid!=unset
        (?:-k |-F key=)\w+)
      line: \1\2\3{{ missing_syscalls | join("\3") }}\4
      backrefs: true
      state: present
      mode: g-rwx,o-rwx
    when: syscalls_found | length &gt; 0 and missing_syscalls | length &gt; 0

  - name: Add the audit rule to {{ audit_file }}
    ansible.builtin.lineinfile:
      path: '{{ audit_file }}'
      line: -a always,exit -F arch=b64 -S {{ syscalls | join(',') }} -F exit=-EACCES
        -F auid&gt;=1000 -F auid!=unset -F key=access
      create: true
      mode: g-rwx,o-rwx
      state: present
    when: syscalls_found | length == 0

  - name: Declare list of syscalls
    ansible.builtin.set_fact:
      syscalls:
      - truncate
      syscall_grouping:
      - creat
      - ftruncate
      - truncate
      - open
      - openat
      - open_by_handle_at

  - name: Check existence of truncate in /etc/audit/audit.rules
    ansible.builtin.find:
      paths: /etc/audit
      contains: -a always,exit -F arch=b64(( -S |,)\w+)*(( -S |,){{ item }})+(( -S
        |,)\w+)* -F exit=-EACCES -F auid&gt;=1000 -F auid!=unset (-k\s+|-F\s+key=)\S+\s*$
      patterns: audit.rules
    register: find_command
    loop: '{{ (syscall_grouping + syscalls) | unique }}'

  - name: Set path to /etc/audit/audit.rules
    ansible.builtin.set_fact: audit_file="/etc/audit/audit.rules"

  - name: Declare found syscalls
    ansible.builtin.set_fact: syscalls_found="{{ find_command.results | selectattr('matched')
      | map(attribute='item') | list }}"

  - name: Declare missing syscalls
    ansible.builtin.set_fact: missing_syscalls="{{ syscalls | difference(syscalls_found)
      }}"

  - name: Replace the audit rule in {{ audit_file }}
    ansible.builtin.lineinfile:
      path: '{{ audit_file }}'
      regexp: (-a always,exit -F arch=b64)(?=.*(?:(?:-S |,)(?:{{ syscalls_found |
        join("|") }}))\b)((?:( -S |,)\w+)+)( -F exit=-EACCES -F auid&gt;=1000 -F auid!=unset
        (?:-k |-F key=)\w+)
      line: \1\2\3{{ missing_syscalls | join("\3") }}\4
      backrefs: true
      state: present
      mode: g-rwx,o-rwx
    when: syscalls_found | length &gt; 0 and missing_syscalls | length &gt; 0

  - name: Add the audit rule to {{ audit_file }}
    ansible.builtin.lineinfile:
      path: '{{ audit_file }}'
      line: -a always,exit -F arch=b64 -S {{ syscalls | join(',') }} -F exit=-EACCES
        -F auid&gt;=1000 -F auid!=unset -F key=access
      create: true
      mode: g-rwx,o-rwx
      state: present
    when: syscalls_found | length == 0
  when:
  - '"audit" in ansible_facts.packages'
  - ("kernel-default" in ansible_facts.packages or "kernel-default-base" in ansible_facts.packages)
  - audit_arch == "b64"
  tags:
  - CCE-85608-8
  - DISA-STIG-SLES-15-030150
  - NIST-800-171-3.1.7
  - NIST-800-53-AU-12(c)
  - NIST-800-53-AU-2(d)
  - NIST-800-53-CM-6(a)
  - PCI-DSS-Req-10.2.1
  - PCI-DSS-Req-10.2.4
  - audit_rules_unsuccessful_file_modification_truncate
  - low_complexity
  - low_disruption
  - medium_severity
  - reboot_required
  - restrict_strategy

- name: Perform remediation of Audit rules for truncate EPERM for 32bit platform
  block:

  - name: Declare list of syscalls
    ansible.builtin.set_fact:
      syscalls:
      - truncate
      syscall_grouping:
      - creat
      - ftruncate
      - truncate
      - open
      - openat
      - open_by_handle_at

  - name: Check existence of truncate in /etc/audit/rules.d/
    ansible.builtin.find:
      paths: /etc/audit/rules.d
      contains: -a always,exit -F arch=b32(( -S |,)\w+)*(( -S |,){{ item }})+(( -S
        |,)\w+)* -F exit=-EPERM -F auid&gt;=1000 -F auid!=unset (-k\s+|-F\s+key=)\S+\s*$
      patterns: '*.rules'
    register: find_command
    loop: '{{ (syscall_grouping + syscalls) | unique }}'

  - name: Reset syscalls found per file
    ansible.builtin.set_fact:
      syscalls_per_file: {}
      found_paths_dict: {}

  - name: Declare syscalls found per file
    ansible.builtin.set_fact: syscalls_per_file="{{ syscalls_per_file | combine( {item.files[0].path
      :[item.item] + syscalls_per_file.get(item.files[0].path, []) } ) }}"
    loop: '{{ find_command.results | selectattr(''matched'') | list }}'

  - name: Declare files where syscalls were found
    ansible.builtin.set_fact: found_paths="{{ find_command.results | map(attribute='files')
      | flatten | map(attribute='path') | list }}"

  - name: Count occurrences of syscalls in paths
    ansible.builtin.set_fact: found_paths_dict="{{ found_paths_dict | combine({ item:1+found_paths_dict.get(item,
      0) }) }}"
    loop: '{{ find_command.results | map(attribute=''files'') | flatten | map(attribute=''path'')
      | list }}'

  - name: Get path with most syscalls
    ansible.builtin.set_fact: audit_file="{{ (found_paths_dict | dict2items() | sort(attribute='value')
      | last).key }}"
    when: found_paths | length &gt;= 1

  - name: No file with syscall found, set path to /etc/audit/rules.d/access.rules
    ansible.builtin.set_fact: audit_file="/etc/audit/rules.d/access.rules"
    when: found_paths | length == 0

  - name: Declare found syscalls
    ansible.builtin.set_fact: syscalls_found="{{ find_command.results | selectattr('matched')
      | map(attribute='item') | list }}"

  - name: Declare missing syscalls
    ansible.builtin.set_fact: missing_syscalls="{{ syscalls | difference(syscalls_found)
      }}"

  - name: Replace the audit rule in {{ audit_file }}
    ansible.builtin.lineinfile:
      path: '{{ audit_file }}'
      regexp: (-a always,exit -F arch=b32)(?=.*(?:(?:-S |,)(?:{{ syscalls_per_file[audit_file]
        | join("|") }}))\b)((?:( -S |,)\w+)+)( -F exit=-EPERM -F auid&gt;=1000 -F auid!=unset
        (?:-k |-F key=)\w+)
      line: \1\2\3{{ missing_syscalls | join("\3") }}\4
      backrefs: true
      state: present
      mode: g-rwx,o-rwx
    when: syscalls_found | length &gt; 0 and missing_syscalls | length &gt; 0

  - name: Add the audit rule to {{ audit_file }}
    ansible.builtin.lineinfile:
      path: '{{ audit_file }}'
      line: -a always,exit -F arch=b32 -S {{ syscalls | join(',') }} -F exit=-EPERM
        -F auid&gt;=1000 -F auid!=unset -F key=access
      create: true
      mode: g-rwx,o-rwx
      state: present
    when: syscalls_found | length == 0

  - name: Declare list of syscalls
    ansible.builtin.set_fact:
      syscalls:
      - truncate
      syscall_grouping:
      - creat
      - ftruncate
      - truncate
      - open
      - openat
      - open_by_handle_at

  - name: Check existence of truncate in /etc/audit/audit.rules
    ansible.builtin.find:
      paths: /etc/audit
      contains: -a always,exit -F arch=b32(( -S |,)\w+)*(( -S |,){{ item }})+(( -S
        |,)\w+)* -F exit=-EPERM -F auid&gt;=1000 -F auid!=unset (-k\s+|-F\s+key=)\S+\s*$
      patterns: audit.rules
    register: find_command
    loop: '{{ (syscall_grouping + syscalls) | unique }}'

  - name: Set path to /etc/audit/audit.rules
    ansible.builtin.set_fact: audit_file="/etc/audit/audit.rules"

  - name: Declare found syscalls
    ansible.builtin.set_fact: syscalls_found="{{ find_command.results | selectattr('matched')
      | map(attribute='item') | list }}"

  - name: Declare missing syscalls
    ansible.builtin.set_fact: missing_syscalls="{{ syscalls | difference(syscalls_found)
      }}"

  - name: Replace the audit rule in {{ audit_file }}
    ansible.builtin.lineinfile:
      path: '{{ audit_file }}'
      regexp: (-a always,exit -F arch=b32)(?=.*(?:(?:-S |,)(?:{{ syscalls_found |
        join("|") }}))\b)((?:( -S |,)\w+)+)( -F exit=-EPERM -F auid&gt;=1000 -F auid!=unset
        (?:-k |-F key=)\w+)
      line: \1\2\3{{ missing_syscalls | join("\3") }}\4
      backrefs: true
      state: present
      mode: g-rwx,o-rwx
    when: syscalls_found | length &gt; 0 and missing_syscalls | length &gt; 0

  - name: Add the audit rule to {{ audit_file }}
    ansible.builtin.lineinfile:
      path: '{{ audit_file }}'
      line: -a always,exit -F arch=b32 -S {{ syscalls | join(',') }} -F exit=-EPERM
        -F auid&gt;=1000 -F auid!=unset -F key=access
      create: true
      mode: g-rwx,o-rwx
      state: present
    when: syscalls_found | length == 0
  when:
  - '"audit" in ansible_facts.packages'
  - ("kernel-default" in ansible_facts.packages or "kernel-default-base" in ansible_facts.packages)
  tags:
  - CCE-85608-8
  - DISA-STIG-SLES-15-030150
  - NIST-800-171-3.1.7
  - NIST-800-53-AU-12(c)
  - NIST-800-53-AU-2(d)
  - NIST-800-53-CM-6(a)
  - PCI-DSS-Req-10.2.1
  - PCI-DSS-Req-10.2.4
  - audit_rules_unsuccessful_file_modification_truncate
  - low_complexity
  - low_disruption
  - medium_severity
  - reboot_required
  - restrict_strategy

- name: Perform remediation of Audit rules for truncate EPERM for 64bit platform
  block:

  - name: Declare list of syscalls
    ansible.builtin.set_fact:
      syscalls:
      - truncate
      syscall_grouping:
      - creat
      - ftruncate
      - truncate
      - open
      - openat
      - open_by_handle_at

  - name: Check existence of truncate in /etc/audit/rules.d/
    ansible.builtin.find:
      paths: /etc/audit/rules.d
      contains: -a always,exit -F arch=b64(( -S |,)\w+)*(( -S |,){{ item }})+(( -S
        |,)\w+)* -F exit=-EPERM -F auid&gt;=1000 -F auid!=unset (-k\s+|-F\s+key=)\S+\s*$
      patterns: '*.rules'
    register: find_command
    loop: '{{ (syscall_grouping + syscalls) | unique }}'

  - name: Reset syscalls found per file
    ansible.builtin.set_fact:
      syscalls_per_file: {}
      found_paths_dict: {}

  - name: Declare syscalls found per file
    ansible.builtin.set_fact: syscalls_per_file="{{ syscalls_per_file | combine( {item.files[0].path
      :[item.item] + syscalls_per_file.get(item.files[0].path, []) } ) }}"
    loop: '{{ find_command.results | selectattr(''matched'') | list }}'

  - name: Declare files where syscalls were found
    ansible.builtin.set_fact: found_paths="{{ find_command.results | map(attribute='files')
      | flatten | map(attribute='path') | list }}"

  - name: Count occurrences of syscalls in paths
    ansible.builtin.set_fact: found_paths_dict="{{ found_paths_dict | combine({ item:1+found_paths_dict.get(item,
      0) }) }}"
    loop: '{{ find_command.results | map(attribute=''files'') | flatten | map(attribute=''path'')
      | list }}'

  - name: Get path with most syscalls
    ansible.builtin.set_fact: audit_file="{{ (found_paths_dict | dict2items() | sort(attribute='value')
      | last).key }}"
    when: found_paths | length &gt;= 1

  - name: No file with syscall found, set path to /etc/audit/rules.d/access.rules
    ansible.builtin.set_fact: audit_file="/etc/audit/rules.d/access.rules"
    when: found_paths | length == 0

  - name: Declare found syscalls
    ansible.builtin.set_fact: syscalls_found="{{ find_command.results | selectattr('matched')
      | map(attribute='item') | list }}"

  - name: Declare missing syscalls
    ansible.builtin.set_fact: missing_syscalls="{{ syscalls | difference(syscalls_found)
      }}"

  - name: Replace the audit rule in {{ audit_file }}
    ansible.builtin.lineinfile:
      path: '{{ audit_file }}'
      regexp: (-a always,exit -F arch=b64)(?=.*(?:(?:-S |,)(?:{{ syscalls_per_file[audit_file]
        | join("|") }}))\b)((?:( -S |,)\w+)+)( -F exit=-EPERM -F auid&gt;=1000 -F auid!=unset
        (?:-k |-F key=)\w+)
      line: \1\2\3{{ missing_syscalls | join("\3") }}\4
      backrefs: true
      state: present
      mode: g-rwx,o-rwx
    when: syscalls_found | length &gt; 0 and missing_syscalls | length &gt; 0

  - name: Add the audit rule to {{ audit_file }}
    ansible.builtin.lineinfile:
      path: '{{ audit_file }}'
      line: -a always,exit -F arch=b64 -S {{ syscalls | join(',') }} -F exit=-EPERM
        -F auid&gt;=1000 -F auid!=unset -F key=access
      create: true
      mode: g-rwx,o-rwx
      state: present
    when: syscalls_found | length == 0

  - name: Declare list of syscalls
    ansible.builtin.set_fact:
      syscalls:
      - truncate
      syscall_grouping:
      - creat
      - ftruncate
      - truncate
      - open
      - openat
      - open_by_handle_at

  - name: Check existence of truncate in /etc/audit/audit.rules
    ansible.builtin.find:
      paths: /etc/audit
      contains: -a always,exit -F arch=b64(( -S |,)\w+)*(( -S |,){{ item }})+(( -S
        |,)\w+)* -F exit=-EPERM -F auid&gt;=1000 -F auid!=unset (-k\s+|-F\s+key=)\S+\s*$
      patterns: audit.rules
    register: find_command
    loop: '{{ (syscall_grouping + syscalls) | unique }}'

  - name: Set path to /etc/audit/audit.rules
    ansible.builtin.set_fact: audit_file="/etc/audit/audit.rules"

  - name: Declare found syscalls
    ansible.builtin.set_fact: syscalls_found="{{ find_command.results | selectattr('matched')
      | map(attribute='item') | list }}"

  - name: Declare missing syscalls
    ansible.builtin.set_fact: missing_syscalls="{{ syscalls | difference(syscalls_found)
      }}"

  - name: Replace the audit rule in {{ audit_file }}
    ansible.builtin.lineinfile:
      path: '{{ audit_file }}'
      regexp: (-a always,exit -F arch=b64)(?=.*(?:(?:-S |,)(?:{{ syscalls_found |
        join("|") }}))\b)((?:( -S |,)\w+)+)( -F exit=-EPERM -F auid&gt;=1000 -F auid!=unset
        (?:-k |-F key=)\w+)
      line: \1\2\3{{ missing_syscalls | join("\3") }}\4
      backrefs: true
      state: present
      mode: g-rwx,o-rwx
    when: syscalls_found | length &gt; 0 and missing_syscalls | length &gt; 0

  - name: Add the audit rule to {{ audit_file }}
    ansible.builtin.lineinfile:
      path: '{{ audit_file }}'
      line: -a always,exit -F arch=b64 -S {{ syscalls | join(',') }} -F exit=-EPERM
        -F auid&gt;=1000 -F auid!=unset -F key=access
      create: true
      mode: g-rwx,o-rwx
      state: present
    when: syscalls_found | length == 0
  when:
  - '"audit" in ansible_facts.packages'
  - ("kernel-default" in ansible_facts.packages or "kernel-default-base" in ansible_facts.packages)
  - audit_arch == "b64"
  tags:
  - CCE-85608-8
  - DISA-STIG-SLES-15-030150
  - NIST-800-171-3.1.7
  - NIST-800-53-AU-12(c)
  - NIST-800-53-AU-2(d)
  - NIST-800-53-CM-6(a)
  - PCI-DSS-Req-10.2.1
  - PCI-DSS-Req-10.2.4
  - audit_rules_unsuccessful_file_modification_truncate
  - low_complexity
  - low_disruption
  - medium_severity
  - reboot_required
  - restrict_strategy
</fix>
          <check system="http://oval.mitre.org/XMLSchema/oval-definitions-5">
            <check-content-ref name="oval:ssg-audit_rules_unsuccessful_file_modification_truncate:def:1" href="ssg-sle15-oval.xml"/>
          </check>
          <check system="http://scap.nist.gov/schema/ocil/2">
            <check-content-ref name="ocil:ssg-audit_rules_unsuccessful_file_modification_truncate_ocil:questionnaire:1" href="ssg-sle15-ocil.xml"/>
          </check>
        </Rule>
        <Rule id="xccdf_org.ssgproject.content_rule_audit_rules_unsuccessful_file_modification_unlink" selected="false" role="full" severity="medium">
          <title xmlns:xhtml="http://www.w3.org/1999/xhtml" xml:lang="en-US">Record Unsuccessful Delete Attempts to Files - unlink</title>
          <description xmlns:xhtml="http://www.w3.org/1999/xhtml" xml:lang="en-US">
The operating system must generate audit records for all uses of the <html:code xmlns:html="http://www.w3.org/1999/xhtml">unlink</html:code> system call.
Without generating audit records specific to the security and mission needs of the organization, it would be
difficult to establish, correlate, and investigate the events relating to an incident or identify those responsible for one.
Audit records can be generated from various components within the information system (e.g., module or policy filter).
Add or update the following lines to <html:code xmlns:html="http://www.w3.org/1999/xhtml">/etc/audit/rules.d/audit.rules</html:code> to configure the operating system to generate
an audit record for all uses of the <html:code xmlns:html="http://www.w3.org/1999/xhtml">unlink</html:code> system call:
<html:pre xmlns:html="http://www.w3.org/1999/xhtml">
-a always,exit -F arch=b32 -S unlink -F auid&gt;=1000 -F auid!=-1 -k perm_mod
-a always,exit -F arch=b64 -S unlink -F auid&gt;=1000 -F auid!=-1 -k perm_mod </html:pre>
       </description>
          <warning xmlns:xhtml="http://www.w3.org/1999/xhtml" xml:lang="en-US" category="general">Note that these rules can be configured in a
number of ways while still achieving the desired effect. Here the system calls
have been placed independent of other system calls. Grouping system calls related
to the same event is more efficient. See the following example:

<html:pre xmlns:html="http://www.w3.org/1999/xhtml">
-a always,exit -F arch=b32 -S unlink -F auid&gt;=1000 -F auid!=4294967295 -k perm_mod
-a always,exit -F arch=b64 -S unlink -F auid&gt;=1000 -F auid!=4294967295 -k perm_mod</html:pre>
       </warning>
          <reference href="https://www.cisecurity.org/controls/">1</reference>
          <reference href="https://www.cisecurity.org/controls/">11</reference>
          <reference href="https://www.cisecurity.org/controls/">12</reference>
          <reference href="https://www.cisecurity.org/controls/">13</reference>
          <reference href="https://www.cisecurity.org/controls/">14</reference>
          <reference href="https://www.cisecurity.org/controls/">15</reference>
          <reference href="https://www.cisecurity.org/controls/">16</reference>
          <reference href="https://www.cisecurity.org/controls/">19</reference>
          <reference href="https://www.cisecurity.org/controls/">2</reference>
          <reference href="https://www.cisecurity.org/controls/">3</reference>
          <reference href="https://www.cisecurity.org/controls/">4</reference>
          <reference href="https://www.cisecurity.org/controls/">5</reference>
          <reference href="https://www.cisecurity.org/controls/">6</reference>
          <reference href="https://www.cisecurity.org/controls/">7</reference>
          <reference href="https://www.cisecurity.org/controls/">8</reference>
          <reference href="https://www.cisecurity.org/controls/">9</reference>
          <reference href="https://www.isaca.org/resources/cobit">APO10.01</reference>
          <reference href="https://www.isaca.org/resources/cobit">APO10.03</reference>
          <reference href="https://www.isaca.org/resources/cobit">APO10.04</reference>
          <reference href="https://www.isaca.org/resources/cobit">APO10.05</reference>
          <reference href="https://www.isaca.org/resources/cobit">APO11.04</reference>
          <reference href="https://www.isaca.org/resources/cobit">APO12.06</reference>
          <reference href="https://www.isaca.org/resources/cobit">APO13.01</reference>
          <reference href="https://www.isaca.org/resources/cobit">BAI03.05</reference>
          <reference href="https://www.isaca.org/resources/cobit">BAI08.02</reference>
          <reference href="https://www.isaca.org/resources/cobit">DSS01.03</reference>
          <reference href="https://www.isaca.org/resources/cobit">DSS01.04</reference>
          <reference href="https://www.isaca.org/resources/cobit">DSS02.02</reference>
          <reference href="https://www.isaca.org/resources/cobit">DSS02.04</reference>
          <reference href="https://www.isaca.org/resources/cobit">DSS02.07</reference>
          <reference href="https://www.isaca.org/resources/cobit">DSS03.01</reference>
          <reference href="https://www.isaca.org/resources/cobit">DSS03.05</reference>
          <reference href="https://www.isaca.org/resources/cobit">DSS05.02</reference>
          <reference href="https://www.isaca.org/resources/cobit">DSS05.03</reference>
          <reference href="https://www.isaca.org/resources/cobit">DSS05.04</reference>
          <reference href="https://www.isaca.org/resources/cobit">DSS05.05</reference>
          <reference href="https://www.isaca.org/resources/cobit">DSS05.07</reference>
          <reference href="https://www.isaca.org/resources/cobit">MEA01.01</reference>
          <reference href="https://www.isaca.org/resources/cobit">MEA01.02</reference>
          <reference href="https://www.isaca.org/resources/cobit">MEA01.03</reference>
          <reference href="https://www.isaca.org/resources/cobit">MEA01.04</reference>
          <reference href="https://www.isaca.org/resources/cobit">MEA01.05</reference>
          <reference href="https://www.isaca.org/resources/cobit">MEA02.01</reference>
          <reference href="http://nvlpubs.nist.gov/nistpubs/SpecialPublications/NIST.SP.800-171.pdf">3.1.7</reference>
          <reference href="https://www.gpo.gov/fdsys/pkg/CFR-2007-title45-vol1/pdf/CFR-2007-title45-vol1-chapA-subchapC.pdf">164.308(a)(1)(ii)(D)</reference>
          <reference href="https://www.gpo.gov/fdsys/pkg/CFR-2007-title45-vol1/pdf/CFR-2007-title45-vol1-chapA-subchapC.pdf">164.308(a)(3)(ii)(A)</reference>
          <reference href="https://www.gpo.gov/fdsys/pkg/CFR-2007-title45-vol1/pdf/CFR-2007-title45-vol1-chapA-subchapC.pdf">164.308(a)(5)(ii)(C)</reference>
          <reference href="https://www.gpo.gov/fdsys/pkg/CFR-2007-title45-vol1/pdf/CFR-2007-title45-vol1-chapA-subchapC.pdf">164.312(a)(2)(i)</reference>
          <reference href="https://www.gpo.gov/fdsys/pkg/CFR-2007-title45-vol1/pdf/CFR-2007-title45-vol1-chapA-subchapC.pdf">164.312(b)</reference>
          <reference href="https://www.gpo.gov/fdsys/pkg/CFR-2007-title45-vol1/pdf/CFR-2007-title45-vol1-chapA-subchapC.pdf">164.312(d)</reference>
          <reference href="https://www.gpo.gov/fdsys/pkg/CFR-2007-title45-vol1/pdf/CFR-2007-title45-vol1-chapA-subchapC.pdf">164.312(e)</reference>
          <reference href="https://www.isa.org/products/isa-62443-2-1-2009-security-for-industrial-automat">4.2.3.10</reference>
          <reference href="https://www.isa.org/products/isa-62443-2-1-2009-security-for-industrial-automat">4.3.2.6.7</reference>
          <reference href="https://www.isa.org/products/isa-62443-2-1-2009-security-for-industrial-automat">4.3.3.3.9</reference>
          <reference href="https://www.isa.org/products/isa-62443-2-1-2009-security-for-industrial-automat">4.3.3.5.8</reference>
          <reference href="https://www.isa.org/products/isa-62443-2-1-2009-security-for-industrial-automat">4.3.3.6.6</reference>
          <reference href="https://www.isa.org/products/isa-62443-2-1-2009-security-for-industrial-automat">4.3.4.4.7</reference>
          <reference href="https://www.isa.org/products/isa-62443-2-1-2009-security-for-industrial-automat">4.3.4.5.6</reference>
          <reference href="https://www.isa.org/products/isa-62443-2-1-2009-security-for-industrial-automat">4.3.4.5.7</reference>
          <reference href="https://www.isa.org/products/isa-62443-2-1-2009-security-for-industrial-automat">4.3.4.5.8</reference>
          <reference href="https://www.isa.org/products/isa-62443-2-1-2009-security-for-industrial-automat">4.4.2.1</reference>
          <reference href="https://www.isa.org/products/isa-62443-2-1-2009-security-for-industrial-automat">4.4.2.2</reference>
          <reference href="https://www.isa.org/products/isa-62443-2-1-2009-security-for-industrial-automat">4.4.2.4</reference>
          <reference href="https://www.isa.org/products/ansi-isa-62443-3-3-99-03-03-2013-security-for-indu">SR 1.13</reference>
          <reference href="https://www.isa.org/products/ansi-isa-62443-3-3-99-03-03-2013-security-for-indu">SR 2.10</reference>
          <reference href="https://www.isa.org/products/ansi-isa-62443-3-3-99-03-03-2013-security-for-indu">SR 2.11</reference>
          <reference href="https://www.isa.org/products/ansi-isa-62443-3-3-99-03-03-2013-security-for-indu">SR 2.12</reference>
          <reference href="https://www.isa.org/products/ansi-isa-62443-3-3-99-03-03-2013-security-for-indu">SR 2.6</reference>
          <reference href="https://www.isa.org/products/ansi-isa-62443-3-3-99-03-03-2013-security-for-indu">SR 2.8</reference>
          <reference href="https://www.isa.org/products/ansi-isa-62443-3-3-99-03-03-2013-security-for-indu">SR 2.9</reference>
          <reference href="https://www.isa.org/products/ansi-isa-62443-3-3-99-03-03-2013-security-for-indu">SR 3.1</reference>
          <reference href="https://www.isa.org/products/ansi-isa-62443-3-3-99-03-03-2013-security-for-indu">SR 3.5</reference>
          <reference href="https://www.isa.org/products/ansi-isa-62443-3-3-99-03-03-2013-security-for-indu">SR 3.8</reference>
          <reference href="https://www.isa.org/products/ansi-isa-62443-3-3-99-03-03-2013-security-for-indu">SR 4.1</reference>
          <reference href="https://www.isa.org/products/ansi-isa-62443-3-3-99-03-03-2013-security-for-indu">SR 4.3</reference>
          <reference href="https://www.isa.org/products/ansi-isa-62443-3-3-99-03-03-2013-security-for-indu">SR 5.1</reference>
          <reference href="https://www.isa.org/products/ansi-isa-62443-3-3-99-03-03-2013-security-for-indu">SR 5.2</reference>
          <reference href="https://www.isa.org/products/ansi-isa-62443-3-3-99-03-03-2013-security-for-indu">SR 5.3</reference>
          <reference href="https://www.isa.org/products/ansi-isa-62443-3-3-99-03-03-2013-security-for-indu">SR 6.1</reference>
          <reference href="https://www.isa.org/products/ansi-isa-62443-3-3-99-03-03-2013-security-for-indu">SR 6.2</reference>
          <reference href="https://www.isa.org/products/ansi-isa-62443-3-3-99-03-03-2013-security-for-indu">SR 7.1</reference>
          <reference href="https://www.isa.org/products/ansi-isa-62443-3-3-99-03-03-2013-security-for-indu">SR 7.6</reference>
          <reference href="https://www.iso.org/contents/data/standard/05/45/54534.html">A.11.2.6</reference>
          <reference href="https://www.iso.org/contents/data/standard/05/45/54534.html">A.12.4.1</reference>
          <reference href="https://www.iso.org/contents/data/standard/05/45/54534.html">A.12.4.2</reference>
          <reference href="https://www.iso.org/contents/data/standard/05/45/54534.html">A.12.4.3</reference>
          <reference href="https://www.iso.org/contents/data/standard/05/45/54534.html">A.12.4.4</reference>
          <reference href="https://www.iso.org/contents/data/standard/05/45/54534.html">A.12.7.1</reference>
          <reference href="https://www.iso.org/contents/data/standard/05/45/54534.html">A.13.1.1</reference>
          <reference href="https://www.iso.org/contents/data/standard/05/45/54534.html">A.13.2.1</reference>
          <reference href="https://www.iso.org/contents/data/standard/05/45/54534.html">A.14.1.3</reference>
          <reference href="https://www.iso.org/contents/data/standard/05/45/54534.html">A.14.2.7</reference>
          <reference href="https://www.iso.org/contents/data/standard/05/45/54534.html">A.15.2.1</reference>
          <reference href="https://www.iso.org/contents/data/standard/05/45/54534.html">A.15.2.2</reference>
          <reference href="https://www.iso.org/contents/data/standard/05/45/54534.html">A.16.1.4</reference>
          <reference href="https://www.iso.org/contents/data/standard/05/45/54534.html">A.16.1.5</reference>
          <reference href="https://www.iso.org/contents/data/standard/05/45/54534.html">A.16.1.7</reference>
          <reference href="https://www.iso.org/contents/data/standard/05/45/54534.html">A.6.2.1</reference>
          <reference href="https://www.iso.org/contents/data/standard/05/45/54534.html">A.6.2.2</reference>
          <reference href="http://nvlpubs.nist.gov/nistpubs/SpecialPublications/NIST.SP.800-53r4.pdf">AU-12(c)</reference>
          <reference href="http://nvlpubs.nist.gov/nistpubs/SpecialPublications/NIST.SP.800-53r4.pdf">AU-12.1(iv)</reference>
          <reference href="https://nvlpubs.nist.gov/nistpubs/CSWP/NIST.CSWP.04162018.pdf">DE.AE-3</reference>
          <reference href="https://nvlpubs.nist.gov/nistpubs/CSWP/NIST.CSWP.04162018.pdf">DE.AE-5</reference>
          <reference href="https://nvlpubs.nist.gov/nistpubs/CSWP/NIST.CSWP.04162018.pdf">DE.CM-1</reference>
          <reference href="https://nvlpubs.nist.gov/nistpubs/CSWP/NIST.CSWP.04162018.pdf">DE.CM-3</reference>
          <reference href="https://nvlpubs.nist.gov/nistpubs/CSWP/NIST.CSWP.04162018.pdf">DE.CM-7</reference>
          <reference href="https://nvlpubs.nist.gov/nistpubs/CSWP/NIST.CSWP.04162018.pdf">ID.SC-4</reference>
          <reference href="https://nvlpubs.nist.gov/nistpubs/CSWP/NIST.CSWP.04162018.pdf">PR.AC-3</reference>
          <reference href="https://nvlpubs.nist.gov/nistpubs/CSWP/NIST.CSWP.04162018.pdf">PR.PT-1</reference>
          <reference href="https://nvlpubs.nist.gov/nistpubs/CSWP/NIST.CSWP.04162018.pdf">PR.PT-4</reference>
          <reference href="https://nvlpubs.nist.gov/nistpubs/CSWP/NIST.CSWP.04162018.pdf">RS.AN-1</reference>
          <reference href="https://nvlpubs.nist.gov/nistpubs/CSWP/NIST.CSWP.04162018.pdf">RS.AN-4</reference>
          <reference href="https://www.pcisecuritystandards.org/documents/PCI_DSS_v3-2-1.pdf">Req-10.2.4</reference>
          <reference href="https://www.pcisecuritystandards.org/documents/PCI_DSS_v3-2-1.pdf">Req-10.2.1</reference>
          <reference href="https://www.cyber.mil/stigs/downloads/?_dl_facet_stigs=operating-systems%2Cgeneral-purpose-os">SRG-OS-000064-GPOS-00033</reference>
          <reference href="https://www.cyber.mil/stigs/downloads/?_dl_facet_stigs=operating-systems%2Cgeneral-purpose-os">SRG-OS-000392-GPOS-00172</reference>
          <reference href="https://www.cyber.mil/stigs/downloads/?_dl_facet_stigs=operating-systems%2Cgeneral-purpose-os">SRG-OS-000458-GPOS-00203</reference>
          <reference href="https://www.cyber.mil/stigs/downloads/?_dl_facet_stigs=operating-systems%2Cgeneral-purpose-os">SRG-OS-000461-GPOS-00205</reference>
          <reference href="https://www.cyber.mil/stigs/downloads/?_dl_facet_stigs=operating-systems%2Cgeneral-purpose-os">SRG-OS-000468-GPOS-00212</reference>
          <reference href="https://www.cyber.mil/stigs/downloads/?_dl_facet_stigs=app-security">SRG-APP-000501-CTR-001265</reference>
          <reference href="https://www.cyber.mil/stigs/downloads/?_dl_facet_stigs=app-security">SRG-APP-000502-CTR-001270</reference>
          <reference href="https://www.cyber.mil/stigs/downloads/?_dl_facet_stigs=operating-systems%2Cunix-linux">SLES-15-030740</reference>
          <reference href="https://www.cyber.mil/stigs/srg-stig-tools/">SV-234973r991577_rule</reference>
          <rationale xmlns:xhtml="http://www.w3.org/1999/xhtml" xml:lang="en-US">Unsuccessful attempts to delete files could be an indicator of malicious activity on a system. Auditing
these events could serve as evidence of potential system compromise.</rationale>
          <platform idref="#not_aarch64_arch"/>
          <ident system="https://ncp.nist.gov/cce">CCE-85703-7</ident>
          <fix xmlns:xhtml="http://www.w3.org/1999/xhtml" id="audit_rules_unsuccessful_file_modification_unlink" system="urn:xccdf:fix:script:sh"># Remediation is applicable only in certain platforms
if rpm --quiet -q audit &amp;&amp; rpm --quiet -q kernel-default || rpm --quiet -q kernel-default-base &amp;&amp; { ! ( ( grep -sqE "^.*\.aarch64$" /proc/sys/kernel/osrelease || grep -sqE "^aarch64$" /proc/sys/kernel/arch; ) ); }; then

# First perform the remediation of the syscall rule
# Retrieve hardware architecture of the underlying system
[ "$(getconf LONG_BIT)" = "32" ] &amp;&amp; RULE_ARCHS=("b32") || RULE_ARCHS=("b32" "b64")

AUID_FILTERS="-F auid&gt;=1000 -F auid!=unset"
SYSCALL="unlink"
KEY="access"
SYSCALL_GROUPING="rename renameat renameat2 unlink unlinkat"

for ARCH in "${RULE_ARCHS[@]}"
do
	ACTION_ARCH_FILTERS="-a always,exit -F arch=$ARCH"
	OTHER_FILTERS="-F exit=-EACCES"
	# Perform the remediation for both possible tools: 'auditctl' and 'augenrules'
	unset syscall_a
unset syscall_grouping
unset syscall_string
unset syscall
unset file_to_edit
unset rule_to_edit
unset rule_syscalls_to_edit
unset other_string
unset auid_string
unset full_rule

# Load macro arguments into arrays
read -a syscall_a &lt;&lt;&lt; $SYSCALL
read -a syscall_grouping &lt;&lt;&lt; $SYSCALL_GROUPING

# Create a list of audit *.rules files that should be inspected for presence and correctness
# of a particular audit rule. The scheme is as follows:
#
# -----------------------------------------------------------------------------------------
#  Tool used to load audit rules | Rule already defined  |  Audit rules file to inspect    |
# -----------------------------------------------------------------------------------------
#        auditctl                |     Doesn't matter    |  /etc/audit/audit.rules         |
# -----------------------------------------------------------------------------------------
#        augenrules              |          Yes          |  /etc/audit/rules.d/*.rules     |
#        augenrules              |          No           |  /etc/audit/rules.d/$key.rules  |
# -----------------------------------------------------------------------------------------
#
files_to_inspect=()

# If audit tool is 'augenrules', then check if the audit rule is defined
# If rule is defined, add '/etc/audit/rules.d/*.rules' to the list for inspection
# If rule isn't defined yet, add '/etc/audit/rules.d/$key.rules' to the list for inspection
default_file="/etc/audit/rules.d/$KEY.rules"
# As other_filters may include paths, lets use a different delimiter for it
# The "F" script expression tells sed to print the filenames where the expressions matched
readarray -t files_to_inspect &lt; &lt;(sed -s -n -e "/^$ACTION_ARCH_FILTERS/!d" -e "\#$OTHER_FILTERS#!d" -e "/$AUID_FILTERS/!d" -e "F" /etc/audit/rules.d/*.rules)
# Case when particular rule isn't defined in /etc/audit/rules.d/*.rules yet
if [ ${#files_to_inspect[@]} -eq "0" ]
then
    file_to_inspect="/etc/audit/rules.d/$KEY.rules"
    files_to_inspect=("$file_to_inspect")
    if [ ! -e "$file_to_inspect" ]
    then
        touch "$file_to_inspect"
        chmod 0600 "$file_to_inspect"
    fi
fi

# After converting to jinja, we cannot return; therefore we skip the rest of the macro if needed instead
skip=1

for audit_file in "${files_to_inspect[@]}"
do
    # Filter existing $audit_file rules' definitions to select those that satisfy the rule pattern,
    # i.e, collect rules that match:
    # * the action, list and arch, (2-nd argument)
    # * the other filters, (3-rd argument)
    # * the auid filters, (4-rd argument)
    readarray -t similar_rules &lt; &lt;(sed -e "/^$ACTION_ARCH_FILTERS/!d"  -e "\#$OTHER_FILTERS#!d" -e "/$AUID_FILTERS/!d" "$audit_file")

    candidate_rules=()
    # Filter out rules that have more fields then required. This will remove rules more specific than the required scope
    for s_rule in "${similar_rules[@]}"
    do
        # Strip all the options and fields we know of,
        # than check if there was any field left over
        extra_fields=$(sed -E -e "s/^$ACTION_ARCH_FILTERS//"  -e "s#$OTHER_FILTERS##" -e "s/$AUID_FILTERS//" -e "s/((:?-S [[:alnum:],]+)+)//g" -e "s/-F key=\w+|-k \w+//"&lt;&lt;&lt; "$s_rule")
        grep -q -- "-F" &lt;&lt;&lt; "$extra_fields" || candidate_rules+=("$s_rule")
    done

    if [[ ${#syscall_a[@]} -ge 1 ]]
    then
        # Check if the syscall we want is present in any of the similar existing rules
        for rule in "${candidate_rules[@]}"
        do
            rule_syscalls=$(echo "$rule" | grep -o -P '(-S [\w,]+)+' | xargs)
            all_syscalls_found=0
            for syscall in "${syscall_a[@]}"
            do
                grep -q -- "\b${syscall}\b" &lt;&lt;&lt; "$rule_syscalls" || {
                   # A syscall was not found in the candidate rule
                   all_syscalls_found=1
                   }
            done
            if [[ $all_syscalls_found -eq 0 ]]
            then
                # We found a rule with all the syscall(s) we want; skip rest of macro
                skip=0
                break
            fi

            # Check if this rule can be grouped with our target syscall and keep track of it
            for syscall_g in "${syscall_grouping[@]}"
            do
                if grep -q -- "\b${syscall_g}\b" &lt;&lt;&lt; "$rule_syscalls"
                then
                    file_to_edit=${audit_file}
                    rule_to_edit=${rule}
                    rule_syscalls_to_edit=${rule_syscalls}
                fi
            done
        done
    else
        # If there is any candidate rule, it is compliant; skip rest of macro
        if [ "${#candidate_rules[@]}" -gt 0 ]
        then
            skip=0
        fi
    fi

    if [ "$skip" -eq 0 ]; then
        break
    fi
done

if [ "$skip" -ne 0 ]; then
    # We checked all rules that matched the expected resemblance pattern (action, arch &amp; auid)
    # At this point we know if we need to either append the $full_rule or group
    # the syscall together with an exsiting rule

    # Append the full_rule if it cannot be grouped to any other rule
    if [ -z ${rule_to_edit+x} ]
    then
        # Build full_rule while avoid adding double spaces when other_filters is empty
        if [ "${#syscall_a[@]}" -gt 0 ]
        then
            syscall_string=""
            for syscall in "${syscall_a[@]}"
            do
                syscall_string+=" -S $syscall"
            done
        fi
        other_string=$([[ $OTHER_FILTERS ]] &amp;&amp; echo " $OTHER_FILTERS") || /bin/true
        auid_string=$([[ $AUID_FILTERS ]] &amp;&amp; echo " $AUID_FILTERS") || /bin/true
        full_rule="$ACTION_ARCH_FILTERS${syscall_string}${other_string}${auid_string} -F key=$KEY" || /bin/true
        echo "$full_rule" &gt;&gt; "$default_file"
        chmod 0600 ${default_file}
    else
        # Check if the syscalls are declared as a comma separated list or
        # as multiple -S parameters
        if grep -q -- "," &lt;&lt;&lt; "${rule_syscalls_to_edit}"
        then
            delimiter=","
        else
            delimiter=" -S "
        fi
        new_grouped_syscalls="${rule_syscalls_to_edit}"
        for syscall in "${syscall_a[@]}"
        do
            grep -q -- "\b${syscall}\b" &lt;&lt;&lt; "${rule_syscalls_to_edit}" || {
               # A syscall was not found in the candidate rule
               new_grouped_syscalls+="${delimiter}${syscall}"
               }
        done

        # Group the syscall in the rule
        sed -i -e "\#${rule_to_edit}#s#${rule_syscalls_to_edit}#${new_grouped_syscalls}#" "$file_to_edit"
    fi
fi
	unset syscall_a
unset syscall_grouping
unset syscall_string
unset syscall
unset file_to_edit
unset rule_to_edit
unset rule_syscalls_to_edit
unset other_string
unset auid_string
unset full_rule

# Load macro arguments into arrays
read -a syscall_a &lt;&lt;&lt; $SYSCALL
read -a syscall_grouping &lt;&lt;&lt; $SYSCALL_GROUPING

# Create a list of audit *.rules files that should be inspected for presence and correctness
# of a particular audit rule. The scheme is as follows:
#
# -----------------------------------------------------------------------------------------
#  Tool used to load audit rules | Rule already defined  |  Audit rules file to inspect    |
# -----------------------------------------------------------------------------------------
#        auditctl                |     Doesn't matter    |  /etc/audit/audit.rules         |
# -----------------------------------------------------------------------------------------
#        augenrules              |          Yes          |  /etc/audit/rules.d/*.rules     |
#        augenrules              |          No           |  /etc/audit/rules.d/$key.rules  |
# -----------------------------------------------------------------------------------------
#
files_to_inspect=()


# If audit tool is 'auditctl', then add '/etc/audit/audit.rules'
# file to the list of files to be inspected
default_file="/etc/audit/audit.rules"
files_to_inspect+=('/etc/audit/audit.rules' )

# After converting to jinja, we cannot return; therefore we skip the rest of the macro if needed instead
skip=1

for audit_file in "${files_to_inspect[@]}"
do
    # Filter existing $audit_file rules' definitions to select those that satisfy the rule pattern,
    # i.e, collect rules that match:
    # * the action, list and arch, (2-nd argument)
    # * the other filters, (3-rd argument)
    # * the auid filters, (4-rd argument)
    readarray -t similar_rules &lt; &lt;(sed -e "/^$ACTION_ARCH_FILTERS/!d"  -e "\#$OTHER_FILTERS#!d" -e "/$AUID_FILTERS/!d" "$audit_file")

    candidate_rules=()
    # Filter out rules that have more fields then required. This will remove rules more specific than the required scope
    for s_rule in "${similar_rules[@]}"
    do
        # Strip all the options and fields we know of,
        # than check if there was any field left over
        extra_fields=$(sed -E -e "s/^$ACTION_ARCH_FILTERS//"  -e "s#$OTHER_FILTERS##" -e "s/$AUID_FILTERS//" -e "s/((:?-S [[:alnum:],]+)+)//g" -e "s/-F key=\w+|-k \w+//"&lt;&lt;&lt; "$s_rule")
        grep -q -- "-F" &lt;&lt;&lt; "$extra_fields" || candidate_rules+=("$s_rule")
    done

    if [[ ${#syscall_a[@]} -ge 1 ]]
    then
        # Check if the syscall we want is present in any of the similar existing rules
        for rule in "${candidate_rules[@]}"
        do
            rule_syscalls=$(echo "$rule" | grep -o -P '(-S [\w,]+)+' | xargs)
            all_syscalls_found=0
            for syscall in "${syscall_a[@]}"
            do
                grep -q -- "\b${syscall}\b" &lt;&lt;&lt; "$rule_syscalls" || {
                   # A syscall was not found in the candidate rule
                   all_syscalls_found=1
                   }
            done
            if [[ $all_syscalls_found -eq 0 ]]
            then
                # We found a rule with all the syscall(s) we want; skip rest of macro
                skip=0
                break
            fi

            # Check if this rule can be grouped with our target syscall and keep track of it
            for syscall_g in "${syscall_grouping[@]}"
            do
                if grep -q -- "\b${syscall_g}\b" &lt;&lt;&lt; "$rule_syscalls"
                then
                    file_to_edit=${audit_file}
                    rule_to_edit=${rule}
                    rule_syscalls_to_edit=${rule_syscalls}
                fi
            done
        done
    else
        # If there is any candidate rule, it is compliant; skip rest of macro
        if [ "${#candidate_rules[@]}" -gt 0 ]
        then
            skip=0
        fi
    fi

    if [ "$skip" -eq 0 ]; then
        break
    fi
done

if [ "$skip" -ne 0 ]; then
    # We checked all rules that matched the expected resemblance pattern (action, arch &amp; auid)
    # At this point we know if we need to either append the $full_rule or group
    # the syscall together with an exsiting rule

    # Append the full_rule if it cannot be grouped to any other rule
    if [ -z ${rule_to_edit+x} ]
    then
        # Build full_rule while avoid adding double spaces when other_filters is empty
        if [ "${#syscall_a[@]}" -gt 0 ]
        then
            syscall_string=""
            for syscall in "${syscall_a[@]}"
            do
                syscall_string+=" -S $syscall"
            done
        fi
        other_string=$([[ $OTHER_FILTERS ]] &amp;&amp; echo " $OTHER_FILTERS") || /bin/true
        auid_string=$([[ $AUID_FILTERS ]] &amp;&amp; echo " $AUID_FILTERS") || /bin/true
        full_rule="$ACTION_ARCH_FILTERS${syscall_string}${other_string}${auid_string} -F key=$KEY" || /bin/true
        echo "$full_rule" &gt;&gt; "$default_file"
        chmod 0600 ${default_file}
    else
        # Check if the syscalls are declared as a comma separated list or
        # as multiple -S parameters
        if grep -q -- "," &lt;&lt;&lt; "${rule_syscalls_to_edit}"
        then
            delimiter=","
        else
            delimiter=" -S "
        fi
        new_grouped_syscalls="${rule_syscalls_to_edit}"
        for syscall in "${syscall_a[@]}"
        do
            grep -q -- "\b${syscall}\b" &lt;&lt;&lt; "${rule_syscalls_to_edit}" || {
               # A syscall was not found in the candidate rule
               new_grouped_syscalls+="${delimiter}${syscall}"
               }
        done

        # Group the syscall in the rule
        sed -i -e "\#${rule_to_edit}#s#${rule_syscalls_to_edit}#${new_grouped_syscalls}#" "$file_to_edit"
    fi
fi
done

for ARCH in "${RULE_ARCHS[@]}"
do
	ACTION_ARCH_FILTERS="-a always,exit -F arch=$ARCH"
	OTHER_FILTERS="-F exit=-EPERM"
	# Perform the remediation for both possible tools: 'auditctl' and 'augenrules'
	unset syscall_a
unset syscall_grouping
unset syscall_string
unset syscall
unset file_to_edit
unset rule_to_edit
unset rule_syscalls_to_edit
unset other_string
unset auid_string
unset full_rule

# Load macro arguments into arrays
read -a syscall_a &lt;&lt;&lt; $SYSCALL
read -a syscall_grouping &lt;&lt;&lt; $SYSCALL_GROUPING

# Create a list of audit *.rules files that should be inspected for presence and correctness
# of a particular audit rule. The scheme is as follows:
#
# -----------------------------------------------------------------------------------------
#  Tool used to load audit rules | Rule already defined  |  Audit rules file to inspect    |
# -----------------------------------------------------------------------------------------
#        auditctl                |     Doesn't matter    |  /etc/audit/audit.rules         |
# -----------------------------------------------------------------------------------------
#        augenrules              |          Yes          |  /etc/audit/rules.d/*.rules     |
#        augenrules              |          No           |  /etc/audit/rules.d/$key.rules  |
# -----------------------------------------------------------------------------------------
#
files_to_inspect=()

# If audit tool is 'augenrules', then check if the audit rule is defined
# If rule is defined, add '/etc/audit/rules.d/*.rules' to the list for inspection
# If rule isn't defined yet, add '/etc/audit/rules.d/$key.rules' to the list for inspection
default_file="/etc/audit/rules.d/$KEY.rules"
# As other_filters may include paths, lets use a different delimiter for it
# The "F" script expression tells sed to print the filenames where the expressions matched
readarray -t files_to_inspect &lt; &lt;(sed -s -n -e "/^$ACTION_ARCH_FILTERS/!d" -e "\#$OTHER_FILTERS#!d" -e "/$AUID_FILTERS/!d" -e "F" /etc/audit/rules.d/*.rules)
# Case when particular rule isn't defined in /etc/audit/rules.d/*.rules yet
if [ ${#files_to_inspect[@]} -eq "0" ]
then
    file_to_inspect="/etc/audit/rules.d/$KEY.rules"
    files_to_inspect=("$file_to_inspect")
    if [ ! -e "$file_to_inspect" ]
    then
        touch "$file_to_inspect"
        chmod 0600 "$file_to_inspect"
    fi
fi

# After converting to jinja, we cannot return; therefore we skip the rest of the macro if needed instead
skip=1

for audit_file in "${files_to_inspect[@]}"
do
    # Filter existing $audit_file rules' definitions to select those that satisfy the rule pattern,
    # i.e, collect rules that match:
    # * the action, list and arch, (2-nd argument)
    # * the other filters, (3-rd argument)
    # * the auid filters, (4-rd argument)
    readarray -t similar_rules &lt; &lt;(sed -e "/^$ACTION_ARCH_FILTERS/!d"  -e "\#$OTHER_FILTERS#!d" -e "/$AUID_FILTERS/!d" "$audit_file")

    candidate_rules=()
    # Filter out rules that have more fields then required. This will remove rules more specific than the required scope
    for s_rule in "${similar_rules[@]}"
    do
        # Strip all the options and fields we know of,
        # than check if there was any field left over
        extra_fields=$(sed -E -e "s/^$ACTION_ARCH_FILTERS//"  -e "s#$OTHER_FILTERS##" -e "s/$AUID_FILTERS//" -e "s/((:?-S [[:alnum:],]+)+)//g" -e "s/-F key=\w+|-k \w+//"&lt;&lt;&lt; "$s_rule")
        grep -q -- "-F" &lt;&lt;&lt; "$extra_fields" || candidate_rules+=("$s_rule")
    done

    if [[ ${#syscall_a[@]} -ge 1 ]]
    then
        # Check if the syscall we want is present in any of the similar existing rules
        for rule in "${candidate_rules[@]}"
        do
            rule_syscalls=$(echo "$rule" | grep -o -P '(-S [\w,]+)+' | xargs)
            all_syscalls_found=0
            for syscall in "${syscall_a[@]}"
            do
                grep -q -- "\b${syscall}\b" &lt;&lt;&lt; "$rule_syscalls" || {
                   # A syscall was not found in the candidate rule
                   all_syscalls_found=1
                   }
            done
            if [[ $all_syscalls_found -eq 0 ]]
            then
                # We found a rule with all the syscall(s) we want; skip rest of macro
                skip=0
                break
            fi

            # Check if this rule can be grouped with our target syscall and keep track of it
            for syscall_g in "${syscall_grouping[@]}"
            do
                if grep -q -- "\b${syscall_g}\b" &lt;&lt;&lt; "$rule_syscalls"
                then
                    file_to_edit=${audit_file}
                    rule_to_edit=${rule}
                    rule_syscalls_to_edit=${rule_syscalls}
                fi
            done
        done
    else
        # If there is any candidate rule, it is compliant; skip rest of macro
        if [ "${#candidate_rules[@]}" -gt 0 ]
        then
            skip=0
        fi
    fi

    if [ "$skip" -eq 0 ]; then
        break
    fi
done

if [ "$skip" -ne 0 ]; then
    # We checked all rules that matched the expected resemblance pattern (action, arch &amp; auid)
    # At this point we know if we need to either append the $full_rule or group
    # the syscall together with an exsiting rule

    # Append the full_rule if it cannot be grouped to any other rule
    if [ -z ${rule_to_edit+x} ]
    then
        # Build full_rule while avoid adding double spaces when other_filters is empty
        if [ "${#syscall_a[@]}" -gt 0 ]
        then
            syscall_string=""
            for syscall in "${syscall_a[@]}"
            do
                syscall_string+=" -S $syscall"
            done
        fi
        other_string=$([[ $OTHER_FILTERS ]] &amp;&amp; echo " $OTHER_FILTERS") || /bin/true
        auid_string=$([[ $AUID_FILTERS ]] &amp;&amp; echo " $AUID_FILTERS") || /bin/true
        full_rule="$ACTION_ARCH_FILTERS${syscall_string}${other_string}${auid_string} -F key=$KEY" || /bin/true
        echo "$full_rule" &gt;&gt; "$default_file"
        chmod 0600 ${default_file}
    else
        # Check if the syscalls are declared as a comma separated list or
        # as multiple -S parameters
        if grep -q -- "," &lt;&lt;&lt; "${rule_syscalls_to_edit}"
        then
            delimiter=","
        else
            delimiter=" -S "
        fi
        new_grouped_syscalls="${rule_syscalls_to_edit}"
        for syscall in "${syscall_a[@]}"
        do
            grep -q -- "\b${syscall}\b" &lt;&lt;&lt; "${rule_syscalls_to_edit}" || {
               # A syscall was not found in the candidate rule
               new_grouped_syscalls+="${delimiter}${syscall}"
               }
        done

        # Group the syscall in the rule
        sed -i -e "\#${rule_to_edit}#s#${rule_syscalls_to_edit}#${new_grouped_syscalls}#" "$file_to_edit"
    fi
fi
	unset syscall_a
unset syscall_grouping
unset syscall_string
unset syscall
unset file_to_edit
unset rule_to_edit
unset rule_syscalls_to_edit
unset other_string
unset auid_string
unset full_rule

# Load macro arguments into arrays
read -a syscall_a &lt;&lt;&lt; $SYSCALL
read -a syscall_grouping &lt;&lt;&lt; $SYSCALL_GROUPING

# Create a list of audit *.rules files that should be inspected for presence and correctness
# of a particular audit rule. The scheme is as follows:
#
# -----------------------------------------------------------------------------------------
#  Tool used to load audit rules | Rule already defined  |  Audit rules file to inspect    |
# -----------------------------------------------------------------------------------------
#        auditctl                |     Doesn't matter    |  /etc/audit/audit.rules         |
# -----------------------------------------------------------------------------------------
#        augenrules              |          Yes          |  /etc/audit/rules.d/*.rules     |
#        augenrules              |          No           |  /etc/audit/rules.d/$key.rules  |
# -----------------------------------------------------------------------------------------
#
files_to_inspect=()


# If audit tool is 'auditctl', then add '/etc/audit/audit.rules'
# file to the list of files to be inspected
default_file="/etc/audit/audit.rules"
files_to_inspect+=('/etc/audit/audit.rules' )

# After converting to jinja, we cannot return; therefore we skip the rest of the macro if needed instead
skip=1

for audit_file in "${files_to_inspect[@]}"
do
    # Filter existing $audit_file rules' definitions to select those that satisfy the rule pattern,
    # i.e, collect rules that match:
    # * the action, list and arch, (2-nd argument)
    # * the other filters, (3-rd argument)
    # * the auid filters, (4-rd argument)
    readarray -t similar_rules &lt; &lt;(sed -e "/^$ACTION_ARCH_FILTERS/!d"  -e "\#$OTHER_FILTERS#!d" -e "/$AUID_FILTERS/!d" "$audit_file")

    candidate_rules=()
    # Filter out rules that have more fields then required. This will remove rules more specific than the required scope
    for s_rule in "${similar_rules[@]}"
    do
        # Strip all the options and fields we know of,
        # than check if there was any field left over
        extra_fields=$(sed -E -e "s/^$ACTION_ARCH_FILTERS//"  -e "s#$OTHER_FILTERS##" -e "s/$AUID_FILTERS//" -e "s/((:?-S [[:alnum:],]+)+)//g" -e "s/-F key=\w+|-k \w+//"&lt;&lt;&lt; "$s_rule")
        grep -q -- "-F" &lt;&lt;&lt; "$extra_fields" || candidate_rules+=("$s_rule")
    done

    if [[ ${#syscall_a[@]} -ge 1 ]]
    then
        # Check if the syscall we want is present in any of the similar existing rules
        for rule in "${candidate_rules[@]}"
        do
            rule_syscalls=$(echo "$rule" | grep -o -P '(-S [\w,]+)+' | xargs)
            all_syscalls_found=0
            for syscall in "${syscall_a[@]}"
            do
                grep -q -- "\b${syscall}\b" &lt;&lt;&lt; "$rule_syscalls" || {
                   # A syscall was not found in the candidate rule
                   all_syscalls_found=1
                   }
            done
            if [[ $all_syscalls_found -eq 0 ]]
            then
                # We found a rule with all the syscall(s) we want; skip rest of macro
                skip=0
                break
            fi

            # Check if this rule can be grouped with our target syscall and keep track of it
            for syscall_g in "${syscall_grouping[@]}"
            do
                if grep -q -- "\b${syscall_g}\b" &lt;&lt;&lt; "$rule_syscalls"
                then
                    file_to_edit=${audit_file}
                    rule_to_edit=${rule}
                    rule_syscalls_to_edit=${rule_syscalls}
                fi
            done
        done
    else
        # If there is any candidate rule, it is compliant; skip rest of macro
        if [ "${#candidate_rules[@]}" -gt 0 ]
        then
            skip=0
        fi
    fi

    if [ "$skip" -eq 0 ]; then
        break
    fi
done

if [ "$skip" -ne 0 ]; then
    # We checked all rules that matched the expected resemblance pattern (action, arch &amp; auid)
    # At this point we know if we need to either append the $full_rule or group
    # the syscall together with an exsiting rule

    # Append the full_rule if it cannot be grouped to any other rule
    if [ -z ${rule_to_edit+x} ]
    then
        # Build full_rule while avoid adding double spaces when other_filters is empty
        if [ "${#syscall_a[@]}" -gt 0 ]
        then
            syscall_string=""
            for syscall in "${syscall_a[@]}"
            do
                syscall_string+=" -S $syscall"
            done
        fi
        other_string=$([[ $OTHER_FILTERS ]] &amp;&amp; echo " $OTHER_FILTERS") || /bin/true
        auid_string=$([[ $AUID_FILTERS ]] &amp;&amp; echo " $AUID_FILTERS") || /bin/true
        full_rule="$ACTION_ARCH_FILTERS${syscall_string}${other_string}${auid_string} -F key=$KEY" || /bin/true
        echo "$full_rule" &gt;&gt; "$default_file"
        chmod 0600 ${default_file}
    else
        # Check if the syscalls are declared as a comma separated list or
        # as multiple -S parameters
        if grep -q -- "," &lt;&lt;&lt; "${rule_syscalls_to_edit}"
        then
            delimiter=","
        else
            delimiter=" -S "
        fi
        new_grouped_syscalls="${rule_syscalls_to_edit}"
        for syscall in "${syscall_a[@]}"
        do
            grep -q -- "\b${syscall}\b" &lt;&lt;&lt; "${rule_syscalls_to_edit}" || {
               # A syscall was not found in the candidate rule
               new_grouped_syscalls+="${delimiter}${syscall}"
               }
        done

        # Group the syscall in the rule
        sed -i -e "\#${rule_to_edit}#s#${rule_syscalls_to_edit}#${new_grouped_syscalls}#" "$file_to_edit"
    fi
fi
done

else
    &gt;&amp;2 echo 'Remediation is not applicable, nothing was done'
fi
</fix>
          <fix xmlns:xhtml="http://www.w3.org/1999/xhtml" id="audit_rules_unsuccessful_file_modification_unlink" system="urn:xccdf:fix:script:ansible" reboot="true" complexity="low" disruption="low" strategy="restrict">- name: Gather the package facts
  package_facts:
    manager: auto
  tags:
  - CCE-85703-7
  - DISA-STIG-SLES-15-030740
  - NIST-800-171-3.1.7
  - NIST-800-53-AU-12(c)
  - NIST-800-53-AU-12.1(iv)
  - PCI-DSS-Req-10.2.1
  - PCI-DSS-Req-10.2.4
  - audit_rules_unsuccessful_file_modification_unlink
  - low_complexity
  - low_disruption
  - medium_severity
  - reboot_required
  - restrict_strategy

- name: Set architecture for audit unlink tasks
  ansible.builtin.set_fact:
    audit_arch: b64
  when:
  - '"audit" in ansible_facts.packages'
  - ("kernel-default" in ansible_facts.packages or "kernel-default-base" in ansible_facts.packages)
  - not ( ansible_architecture == "aarch64" )
  - ansible_architecture == "aarch64" or ansible_architecture == "ppc64" or ansible_architecture
    == "ppc64le" or ansible_architecture == "s390x" or ansible_architecture == "x86_64"
  tags:
  - CCE-85703-7
  - DISA-STIG-SLES-15-030740
  - NIST-800-171-3.1.7
  - NIST-800-53-AU-12(c)
  - NIST-800-53-AU-12.1(iv)
  - PCI-DSS-Req-10.2.1
  - PCI-DSS-Req-10.2.4
  - audit_rules_unsuccessful_file_modification_unlink
  - low_complexity
  - low_disruption
  - medium_severity
  - reboot_required
  - restrict_strategy

- name: Perform remediation of Audit rules for unlink EACCES for 32bit platform
  block:

  - name: Declare list of syscalls
    ansible.builtin.set_fact:
      syscalls:
      - unlink
      syscall_grouping:
      - rename
      - renameat
      - renameat2
      - unlink
      - unlinkat

  - name: Check existence of unlink in /etc/audit/rules.d/
    ansible.builtin.find:
      paths: /etc/audit/rules.d
      contains: -a always,exit -F arch=b32(( -S |,)\w+)*(( -S |,){{ item }})+(( -S
        |,)\w+)* -F exit=-EACCES -F auid&gt;=1000 -F auid!=unset (-k\s+|-F\s+key=)\S+\s*$
      patterns: '*.rules'
    register: find_command
    loop: '{{ (syscall_grouping + syscalls) | unique }}'

  - name: Reset syscalls found per file
    ansible.builtin.set_fact:
      syscalls_per_file: {}
      found_paths_dict: {}

  - name: Declare syscalls found per file
    ansible.builtin.set_fact: syscalls_per_file="{{ syscalls_per_file | combine( {item.files[0].path
      :[item.item] + syscalls_per_file.get(item.files[0].path, []) } ) }}"
    loop: '{{ find_command.results | selectattr(''matched'') | list }}'

  - name: Declare files where syscalls were found
    ansible.builtin.set_fact: found_paths="{{ find_command.results | map(attribute='files')
      | flatten | map(attribute='path') | list }}"

  - name: Count occurrences of syscalls in paths
    ansible.builtin.set_fact: found_paths_dict="{{ found_paths_dict | combine({ item:1+found_paths_dict.get(item,
      0) }) }}"
    loop: '{{ find_command.results | map(attribute=''files'') | flatten | map(attribute=''path'')
      | list }}'

  - name: Get path with most syscalls
    ansible.builtin.set_fact: audit_file="{{ (found_paths_dict | dict2items() | sort(attribute='value')
      | last).key }}"
    when: found_paths | length &gt;= 1

  - name: No file with syscall found, set path to /etc/audit/rules.d/access.rules
    ansible.builtin.set_fact: audit_file="/etc/audit/rules.d/access.rules"
    when: found_paths | length == 0

  - name: Declare found syscalls
    ansible.builtin.set_fact: syscalls_found="{{ find_command.results | selectattr('matched')
      | map(attribute='item') | list }}"

  - name: Declare missing syscalls
    ansible.builtin.set_fact: missing_syscalls="{{ syscalls | difference(syscalls_found)
      }}"

  - name: Replace the audit rule in {{ audit_file }}
    ansible.builtin.lineinfile:
      path: '{{ audit_file }}'
      regexp: (-a always,exit -F arch=b32)(?=.*(?:(?:-S |,)(?:{{ syscalls_per_file[audit_file]
        | join("|") }}))\b)((?:( -S |,)\w+)+)( -F exit=-EACCES -F auid&gt;=1000 -F auid!=unset
        (?:-k |-F key=)\w+)
      line: \1\2\3{{ missing_syscalls | join("\3") }}\4
      backrefs: true
      state: present
      mode: g-rwx,o-rwx
    when: syscalls_found | length &gt; 0 and missing_syscalls | length &gt; 0

  - name: Add the audit rule to {{ audit_file }}
    ansible.builtin.lineinfile:
      path: '{{ audit_file }}'
      line: -a always,exit -F arch=b32 -S {{ syscalls | join(',') }} -F exit=-EACCES
        -F auid&gt;=1000 -F auid!=unset -F key=access
      create: true
      mode: g-rwx,o-rwx
      state: present
    when: syscalls_found | length == 0

  - name: Declare list of syscalls
    ansible.builtin.set_fact:
      syscalls:
      - unlink
      syscall_grouping:
      - rename
      - renameat
      - renameat2
      - unlink
      - unlinkat

  - name: Check existence of unlink in /etc/audit/audit.rules
    ansible.builtin.find:
      paths: /etc/audit
      contains: -a always,exit -F arch=b32(( -S |,)\w+)*(( -S |,){{ item }})+(( -S
        |,)\w+)* -F exit=-EACCES -F auid&gt;=1000 -F auid!=unset (-k\s+|-F\s+key=)\S+\s*$
      patterns: audit.rules
    register: find_command
    loop: '{{ (syscall_grouping + syscalls) | unique }}'

  - name: Set path to /etc/audit/audit.rules
    ansible.builtin.set_fact: audit_file="/etc/audit/audit.rules"

  - name: Declare found syscalls
    ansible.builtin.set_fact: syscalls_found="{{ find_command.results | selectattr('matched')
      | map(attribute='item') | list }}"

  - name: Declare missing syscalls
    ansible.builtin.set_fact: missing_syscalls="{{ syscalls | difference(syscalls_found)
      }}"

  - name: Replace the audit rule in {{ audit_file }}
    ansible.builtin.lineinfile:
      path: '{{ audit_file }}'
      regexp: (-a always,exit -F arch=b32)(?=.*(?:(?:-S |,)(?:{{ syscalls_found |
        join("|") }}))\b)((?:( -S |,)\w+)+)( -F exit=-EACCES -F auid&gt;=1000 -F auid!=unset
        (?:-k |-F key=)\w+)
      line: \1\2\3{{ missing_syscalls | join("\3") }}\4
      backrefs: true
      state: present
      mode: g-rwx,o-rwx
    when: syscalls_found | length &gt; 0 and missing_syscalls | length &gt; 0

  - name: Add the audit rule to {{ audit_file }}
    ansible.builtin.lineinfile:
      path: '{{ audit_file }}'
      line: -a always,exit -F arch=b32 -S {{ syscalls | join(',') }} -F exit=-EACCES
        -F auid&gt;=1000 -F auid!=unset -F key=access
      create: true
      mode: g-rwx,o-rwx
      state: present
    when: syscalls_found | length == 0
  when:
  - '"audit" in ansible_facts.packages'
  - ("kernel-default" in ansible_facts.packages or "kernel-default-base" in ansible_facts.packages)
  - not ( ansible_architecture == "aarch64" )
  tags:
  - CCE-85703-7
  - DISA-STIG-SLES-15-030740
  - NIST-800-171-3.1.7
  - NIST-800-53-AU-12(c)
  - NIST-800-53-AU-12.1(iv)
  - PCI-DSS-Req-10.2.1
  - PCI-DSS-Req-10.2.4
  - audit_rules_unsuccessful_file_modification_unlink
  - low_complexity
  - low_disruption
  - medium_severity
  - reboot_required
  - restrict_strategy

- name: Perform remediation of Audit rules for unlink EACCES for 64bit platform
  block:

  - name: Declare list of syscalls
    ansible.builtin.set_fact:
      syscalls:
      - unlink
      syscall_grouping:
      - rename
      - renameat
      - renameat2
      - unlink
      - unlinkat

  - name: Check existence of unlink in /etc/audit/rules.d/
    ansible.builtin.find:
      paths: /etc/audit/rules.d
      contains: -a always,exit -F arch=b64(( -S |,)\w+)*(( -S |,){{ item }})+(( -S
        |,)\w+)* -F exit=-EACCES -F auid&gt;=1000 -F auid!=unset (-k\s+|-F\s+key=)\S+\s*$
      patterns: '*.rules'
    register: find_command
    loop: '{{ (syscall_grouping + syscalls) | unique }}'

  - name: Reset syscalls found per file
    ansible.builtin.set_fact:
      syscalls_per_file: {}
      found_paths_dict: {}

  - name: Declare syscalls found per file
    ansible.builtin.set_fact: syscalls_per_file="{{ syscalls_per_file | combine( {item.files[0].path
      :[item.item] + syscalls_per_file.get(item.files[0].path, []) } ) }}"
    loop: '{{ find_command.results | selectattr(''matched'') | list }}'

  - name: Declare files where syscalls were found
    ansible.builtin.set_fact: found_paths="{{ find_command.results | map(attribute='files')
      | flatten | map(attribute='path') | list }}"

  - name: Count occurrences of syscalls in paths
    ansible.builtin.set_fact: found_paths_dict="{{ found_paths_dict | combine({ item:1+found_paths_dict.get(item,
      0) }) }}"
    loop: '{{ find_command.results | map(attribute=''files'') | flatten | map(attribute=''path'')
      | list }}'

  - name: Get path with most syscalls
    ansible.builtin.set_fact: audit_file="{{ (found_paths_dict | dict2items() | sort(attribute='value')
      | last).key }}"
    when: found_paths | length &gt;= 1

  - name: No file with syscall found, set path to /etc/audit/rules.d/access.rules
    ansible.builtin.set_fact: audit_file="/etc/audit/rules.d/access.rules"
    when: found_paths | length == 0

  - name: Declare found syscalls
    ansible.builtin.set_fact: syscalls_found="{{ find_command.results | selectattr('matched')
      | map(attribute='item') | list }}"

  - name: Declare missing syscalls
    ansible.builtin.set_fact: missing_syscalls="{{ syscalls | difference(syscalls_found)
      }}"

  - name: Replace the audit rule in {{ audit_file }}
    ansible.builtin.lineinfile:
      path: '{{ audit_file }}'
      regexp: (-a always,exit -F arch=b64)(?=.*(?:(?:-S |,)(?:{{ syscalls_per_file[audit_file]
        | join("|") }}))\b)((?:( -S |,)\w+)+)( -F exit=-EACCES -F auid&gt;=1000 -F auid!=unset
        (?:-k |-F key=)\w+)
      line: \1\2\3{{ missing_syscalls | join("\3") }}\4
      backrefs: true
      state: present
      mode: g-rwx,o-rwx
    when: syscalls_found | length &gt; 0 and missing_syscalls | length &gt; 0

  - name: Add the audit rule to {{ audit_file }}
    ansible.builtin.lineinfile:
      path: '{{ audit_file }}'
      line: -a always,exit -F arch=b64 -S {{ syscalls | join(',') }} -F exit=-EACCES
        -F auid&gt;=1000 -F auid!=unset -F key=access
      create: true
      mode: g-rwx,o-rwx
      state: present
    when: syscalls_found | length == 0

  - name: Declare list of syscalls
    ansible.builtin.set_fact:
      syscalls:
      - unlink
      syscall_grouping:
      - rename
      - renameat
      - renameat2
      - unlink
      - unlinkat

  - name: Check existence of unlink in /etc/audit/audit.rules
    ansible.builtin.find:
      paths: /etc/audit
      contains: -a always,exit -F arch=b64(( -S |,)\w+)*(( -S |,){{ item }})+(( -S
        |,)\w+)* -F exit=-EACCES -F auid&gt;=1000 -F auid!=unset (-k\s+|-F\s+key=)\S+\s*$
      patterns: audit.rules
    register: find_command
    loop: '{{ (syscall_grouping + syscalls) | unique }}'

  - name: Set path to /etc/audit/audit.rules
    ansible.builtin.set_fact: audit_file="/etc/audit/audit.rules"

  - name: Declare found syscalls
    ansible.builtin.set_fact: syscalls_found="{{ find_command.results | selectattr('matched')
      | map(attribute='item') | list }}"

  - name: Declare missing syscalls
    ansible.builtin.set_fact: missing_syscalls="{{ syscalls | difference(syscalls_found)
      }}"

  - name: Replace the audit rule in {{ audit_file }}
    ansible.builtin.lineinfile:
      path: '{{ audit_file }}'
      regexp: (-a always,exit -F arch=b64)(?=.*(?:(?:-S |,)(?:{{ syscalls_found |
        join("|") }}))\b)((?:( -S |,)\w+)+)( -F exit=-EACCES -F auid&gt;=1000 -F auid!=unset
        (?:-k |-F key=)\w+)
      line: \1\2\3{{ missing_syscalls | join("\3") }}\4
      backrefs: true
      state: present
      mode: g-rwx,o-rwx
    when: syscalls_found | length &gt; 0 and missing_syscalls | length &gt; 0

  - name: Add the audit rule to {{ audit_file }}
    ansible.builtin.lineinfile:
      path: '{{ audit_file }}'
      line: -a always,exit -F arch=b64 -S {{ syscalls | join(',') }} -F exit=-EACCES
        -F auid&gt;=1000 -F auid!=unset -F key=access
      create: true
      mode: g-rwx,o-rwx
      state: present
    when: syscalls_found | length == 0
  when:
  - '"audit" in ansible_facts.packages'
  - ("kernel-default" in ansible_facts.packages or "kernel-default-base" in ansible_facts.packages)
  - not ( ansible_architecture == "aarch64" )
  - audit_arch == "b64"
  tags:
  - CCE-85703-7
  - DISA-STIG-SLES-15-030740
  - NIST-800-171-3.1.7
  - NIST-800-53-AU-12(c)
  - NIST-800-53-AU-12.1(iv)
  - PCI-DSS-Req-10.2.1
  - PCI-DSS-Req-10.2.4
  - audit_rules_unsuccessful_file_modification_unlink
  - low_complexity
  - low_disruption
  - medium_severity
  - reboot_required
  - restrict_strategy

- name: Perform remediation of Audit rules for unlink EPERM for 32bit platform
  block:

  - name: Declare list of syscalls
    ansible.builtin.set_fact:
      syscalls:
      - unlink
      syscall_grouping:
      - rename
      - renameat
      - renameat2
      - unlink
      - unlinkat

  - name: Check existence of unlink in /etc/audit/rules.d/
    ansible.builtin.find:
      paths: /etc/audit/rules.d
      contains: -a always,exit -F arch=b32(( -S |,)\w+)*(( -S |,){{ item }})+(( -S
        |,)\w+)* -F exit=-EPERM -F auid&gt;=1000 -F auid!=unset (-k\s+|-F\s+key=)\S+\s*$
      patterns: '*.rules'
    register: find_command
    loop: '{{ (syscall_grouping + syscalls) | unique }}'

  - name: Reset syscalls found per file
    ansible.builtin.set_fact:
      syscalls_per_file: {}
      found_paths_dict: {}

  - name: Declare syscalls found per file
    ansible.builtin.set_fact: syscalls_per_file="{{ syscalls_per_file | combine( {item.files[0].path
      :[item.item] + syscalls_per_file.get(item.files[0].path, []) } ) }}"
    loop: '{{ find_command.results | selectattr(''matched'') | list }}'

  - name: Declare files where syscalls were found
    ansible.builtin.set_fact: found_paths="{{ find_command.results | map(attribute='files')
      | flatten | map(attribute='path') | list }}"

  - name: Count occurrences of syscalls in paths
    ansible.builtin.set_fact: found_paths_dict="{{ found_paths_dict | combine({ item:1+found_paths_dict.get(item,
      0) }) }}"
    loop: '{{ find_command.results | map(attribute=''files'') | flatten | map(attribute=''path'')
      | list }}'

  - name: Get path with most syscalls
    ansible.builtin.set_fact: audit_file="{{ (found_paths_dict | dict2items() | sort(attribute='value')
      | last).key }}"
    when: found_paths | length &gt;= 1

  - name: No file with syscall found, set path to /etc/audit/rules.d/access.rules
    ansible.builtin.set_fact: audit_file="/etc/audit/rules.d/access.rules"
    when: found_paths | length == 0

  - name: Declare found syscalls
    ansible.builtin.set_fact: syscalls_found="{{ find_command.results | selectattr('matched')
      | map(attribute='item') | list }}"

  - name: Declare missing syscalls
    ansible.builtin.set_fact: missing_syscalls="{{ syscalls | difference(syscalls_found)
      }}"

  - name: Replace the audit rule in {{ audit_file }}
    ansible.builtin.lineinfile:
      path: '{{ audit_file }}'
      regexp: (-a always,exit -F arch=b32)(?=.*(?:(?:-S |,)(?:{{ syscalls_per_file[audit_file]
        | join("|") }}))\b)((?:( -S |,)\w+)+)( -F exit=-EPERM -F auid&gt;=1000 -F auid!=unset
        (?:-k |-F key=)\w+)
      line: \1\2\3{{ missing_syscalls | join("\3") }}\4
      backrefs: true
      state: present
      mode: g-rwx,o-rwx
    when: syscalls_found | length &gt; 0 and missing_syscalls | length &gt; 0

  - name: Add the audit rule to {{ audit_file }}
    ansible.builtin.lineinfile:
      path: '{{ audit_file }}'
      line: -a always,exit -F arch=b32 -S {{ syscalls | join(',') }} -F exit=-EPERM
        -F auid&gt;=1000 -F auid!=unset -F key=access
      create: true
      mode: g-rwx,o-rwx
      state: present
    when: syscalls_found | length == 0

  - name: Declare list of syscalls
    ansible.builtin.set_fact:
      syscalls:
      - unlink
      syscall_grouping:
      - rename
      - renameat
      - renameat2
      - unlink
      - unlinkat

  - name: Check existence of unlink in /etc/audit/audit.rules
    ansible.builtin.find:
      paths: /etc/audit
      contains: -a always,exit -F arch=b32(( -S |,)\w+)*(( -S |,){{ item }})+(( -S
        |,)\w+)* -F exit=-EPERM -F auid&gt;=1000 -F auid!=unset (-k\s+|-F\s+key=)\S+\s*$
      patterns: audit.rules
    register: find_command
    loop: '{{ (syscall_grouping + syscalls) | unique }}'

  - name: Set path to /etc/audit/audit.rules
    ansible.builtin.set_fact: audit_file="/etc/audit/audit.rules"

  - name: Declare found syscalls
    ansible.builtin.set_fact: syscalls_found="{{ find_command.results | selectattr('matched')
      | map(attribute='item') | list }}"

  - name: Declare missing syscalls
    ansible.builtin.set_fact: missing_syscalls="{{ syscalls | difference(syscalls_found)
      }}"

  - name: Replace the audit rule in {{ audit_file }}
    ansible.builtin.lineinfile:
      path: '{{ audit_file }}'
      regexp: (-a always,exit -F arch=b32)(?=.*(?:(?:-S |,)(?:{{ syscalls_found |
        join("|") }}))\b)((?:( -S |,)\w+)+)( -F exit=-EPERM -F auid&gt;=1000 -F auid!=unset
        (?:-k |-F key=)\w+)
      line: \1\2\3{{ missing_syscalls | join("\3") }}\4
      backrefs: true
      state: present
      mode: g-rwx,o-rwx
    when: syscalls_found | length &gt; 0 and missing_syscalls | length &gt; 0

  - name: Add the audit rule to {{ audit_file }}
    ansible.builtin.lineinfile:
      path: '{{ audit_file }}'
      line: -a always,exit -F arch=b32 -S {{ syscalls | join(',') }} -F exit=-EPERM
        -F auid&gt;=1000 -F auid!=unset -F key=access
      create: true
      mode: g-rwx,o-rwx
      state: present
    when: syscalls_found | length == 0
  when:
  - '"audit" in ansible_facts.packages'
  - ("kernel-default" in ansible_facts.packages or "kernel-default-base" in ansible_facts.packages)
  - not ( ansible_architecture == "aarch64" )
  tags:
  - CCE-85703-7
  - DISA-STIG-SLES-15-030740
  - NIST-800-171-3.1.7
  - NIST-800-53-AU-12(c)
  - NIST-800-53-AU-12.1(iv)
  - PCI-DSS-Req-10.2.1
  - PCI-DSS-Req-10.2.4
  - audit_rules_unsuccessful_file_modification_unlink
  - low_complexity
  - low_disruption
  - medium_severity
  - reboot_required
  - restrict_strategy

- name: Perform remediation of Audit rules for unlink EPERM for 64bit platform
  block:

  - name: Declare list of syscalls
    ansible.builtin.set_fact:
      syscalls:
      - unlink
      syscall_grouping:
      - rename
      - renameat
      - renameat2
      - unlink
      - unlinkat

  - name: Check existence of unlink in /etc/audit/rules.d/
    ansible.builtin.find:
      paths: /etc/audit/rules.d
      contains: -a always,exit -F arch=b64(( -S |,)\w+)*(( -S |,){{ item }})+(( -S
        |,)\w+)* -F exit=-EPERM -F auid&gt;=1000 -F auid!=unset (-k\s+|-F\s+key=)\S+\s*$
      patterns: '*.rules'
    register: find_command
    loop: '{{ (syscall_grouping + syscalls) | unique }}'

  - name: Reset syscalls found per file
    ansible.builtin.set_fact:
      syscalls_per_file: {}
      found_paths_dict: {}

  - name: Declare syscalls found per file
    ansible.builtin.set_fact: syscalls_per_file="{{ syscalls_per_file | combine( {item.files[0].path
      :[item.item] + syscalls_per_file.get(item.files[0].path, []) } ) }}"
    loop: '{{ find_command.results | selectattr(''matched'') | list }}'

  - name: Declare files where syscalls were found
    ansible.builtin.set_fact: found_paths="{{ find_command.results | map(attribute='files')
      | flatten | map(attribute='path') | list }}"

  - name: Count occurrences of syscalls in paths
    ansible.builtin.set_fact: found_paths_dict="{{ found_paths_dict | combine({ item:1+found_paths_dict.get(item,
      0) }) }}"
    loop: '{{ find_command.results | map(attribute=''files'') | flatten | map(attribute=''path'')
      | list }}'

  - name: Get path with most syscalls
    ansible.builtin.set_fact: audit_file="{{ (found_paths_dict | dict2items() | sort(attribute='value')
      | last).key }}"
    when: found_paths | length &gt;= 1

  - name: No file with syscall found, set path to /etc/audit/rules.d/access.rules
    ansible.builtin.set_fact: audit_file="/etc/audit/rules.d/access.rules"
    when: found_paths | length == 0

  - name: Declare found syscalls
    ansible.builtin.set_fact: syscalls_found="{{ find_command.results | selectattr('matched')
      | map(attribute='item') | list }}"

  - name: Declare missing syscalls
    ansible.builtin.set_fact: missing_syscalls="{{ syscalls | difference(syscalls_found)
      }}"

  - name: Replace the audit rule in {{ audit_file }}
    ansible.builtin.lineinfile:
      path: '{{ audit_file }}'
      regexp: (-a always,exit -F arch=b64)(?=.*(?:(?:-S |,)(?:{{ syscalls_per_file[audit_file]
        | join("|") }}))\b)((?:( -S |,)\w+)+)( -F exit=-EPERM -F auid&gt;=1000 -F auid!=unset
        (?:-k |-F key=)\w+)
      line: \1\2\3{{ missing_syscalls | join("\3") }}\4
      backrefs: true
      state: present
      mode: g-rwx,o-rwx
    when: syscalls_found | length &gt; 0 and missing_syscalls | length &gt; 0

  - name: Add the audit rule to {{ audit_file }}
    ansible.builtin.lineinfile:
      path: '{{ audit_file }}'
      line: -a always,exit -F arch=b64 -S {{ syscalls | join(',') }} -F exit=-EPERM
        -F auid&gt;=1000 -F auid!=unset -F key=access
      create: true
      mode: g-rwx,o-rwx
      state: present
    when: syscalls_found | length == 0

  - name: Declare list of syscalls
    ansible.builtin.set_fact:
      syscalls:
      - unlink
      syscall_grouping:
      - rename
      - renameat
      - renameat2
      - unlink
      - unlinkat

  - name: Check existence of unlink in /etc/audit/audit.rules
    ansible.builtin.find:
      paths: /etc/audit
      contains: -a always,exit -F arch=b64(( -S |,)\w+)*(( -S |,){{ item }})+(( -S
        |,)\w+)* -F exit=-EPERM -F auid&gt;=1000 -F auid!=unset (-k\s+|-F\s+key=)\S+\s*$
      patterns: audit.rules
    register: find_command
    loop: '{{ (syscall_grouping + syscalls) | unique }}'

  - name: Set path to /etc/audit/audit.rules
    ansible.builtin.set_fact: audit_file="/etc/audit/audit.rules"

  - name: Declare found syscalls
    ansible.builtin.set_fact: syscalls_found="{{ find_command.results | selectattr('matched')
      | map(attribute='item') | list }}"

  - name: Declare missing syscalls
    ansible.builtin.set_fact: missing_syscalls="{{ syscalls | difference(syscalls_found)
      }}"

  - name: Replace the audit rule in {{ audit_file }}
    ansible.builtin.lineinfile:
      path: '{{ audit_file }}'
      regexp: (-a always,exit -F arch=b64)(?=.*(?:(?:-S |,)(?:{{ syscalls_found |
        join("|") }}))\b)((?:( -S |,)\w+)+)( -F exit=-EPERM -F auid&gt;=1000 -F auid!=unset
        (?:-k |-F key=)\w+)
      line: \1\2\3{{ missing_syscalls | join("\3") }}\4
      backrefs: true
      state: present
      mode: g-rwx,o-rwx
    when: syscalls_found | length &gt; 0 and missing_syscalls | length &gt; 0

  - name: Add the audit rule to {{ audit_file }}
    ansible.builtin.lineinfile:
      path: '{{ audit_file }}'
      line: -a always,exit -F arch=b64 -S {{ syscalls | join(',') }} -F exit=-EPERM
        -F auid&gt;=1000 -F auid!=unset -F key=access
      create: true
      mode: g-rwx,o-rwx
      state: present
    when: syscalls_found | length == 0
  when:
  - '"audit" in ansible_facts.packages'
  - ("kernel-default" in ansible_facts.packages or "kernel-default-base" in ansible_facts.packages)
  - not ( ansible_architecture == "aarch64" )
  - audit_arch == "b64"
  tags:
  - CCE-85703-7
  - DISA-STIG-SLES-15-030740
  - NIST-800-171-3.1.7
  - NIST-800-53-AU-12(c)
  - NIST-800-53-AU-12.1(iv)
  - PCI-DSS-Req-10.2.1
  - PCI-DSS-Req-10.2.4
  - audit_rules_unsuccessful_file_modification_unlink
  - low_complexity
  - low_disruption
  - medium_severity
  - reboot_required
  - restrict_strategy
</fix>
          <check system="http://oval.mitre.org/XMLSchema/oval-definitions-5">
            <check-content-ref name="oval:ssg-audit_rules_unsuccessful_file_modification_unlink:def:1" href="ssg-sle15-oval.xml"/>
          </check>
          <check system="http://scap.nist.gov/schema/ocil/2">
            <check-content-ref name="ocil:ssg-audit_rules_unsuccessful_file_modification_unlink_ocil:questionnaire:1" href="ssg-sle15-ocil.xml"/>
          </check>
        </Rule>
        <Rule id="xccdf_org.ssgproject.content_rule_audit_rules_unsuccessful_file_modification_unlinkat" selected="false" role="full" severity="medium">
          <title xmlns:xhtml="http://www.w3.org/1999/xhtml" xml:lang="en-US">Record Unsuccessful Delete Attempts to Files - unlinkat</title>
          <description xmlns:xhtml="http://www.w3.org/1999/xhtml" xml:lang="en-US">
The operating system must generate audit records for all uses of the <html:code xmlns:html="http://www.w3.org/1999/xhtml">unlinkat</html:code> system call.
Without generating audit records specific to the security and mission needs of the organization, it would be
difficult to establish, correlate, and investigate the events relating to an incident or identify those responsible for one.
Audit records can be generated from various components within the information system (e.g., module or policy filter).
Add or update the following lines to <html:code xmlns:html="http://www.w3.org/1999/xhtml">/etc/audit/rules.d/audit.rules</html:code> to configure the operating system to generate
an audit record for all uses of the <html:code xmlns:html="http://www.w3.org/1999/xhtml">unlinkat</html:code> system call:
<html:pre xmlns:html="http://www.w3.org/1999/xhtml">
-a always,exit -F arch=b32 -S unlinkat -F auid&gt;=1000 -F auid!=-1 -k perm_mod
-a always,exit -F arch=b64 -S unlinkat -F auid&gt;=1000 -F auid!=-1 -k perm_mod</html:pre>
       </description>
          <warning xmlns:xhtml="http://www.w3.org/1999/xhtml" xml:lang="en-US" category="general">Note that these rules can be configured in a
number of ways while still achieving the desired effect. Here the system calls
have been placed independent of other system calls. Grouping system calls related
to the same event is more efficient. See the following example:

<html:pre xmlns:html="http://www.w3.org/1999/xhtml">
-a always,exit -F arch=b32 -S unlinkat -F auid&gt;=1000 -F auid!=4294967295 -k perm_mod
-a always,exit -F arch=b64 -S unlinkat -F auid&gt;=1000 -F auid!=4294967295 -k perm_mod</html:pre>
       </warning>
          <reference href="https://www.cisecurity.org/controls/">1</reference>
          <reference href="https://www.cisecurity.org/controls/">11</reference>
          <reference href="https://www.cisecurity.org/controls/">12</reference>
          <reference href="https://www.cisecurity.org/controls/">13</reference>
          <reference href="https://www.cisecurity.org/controls/">14</reference>
          <reference href="https://www.cisecurity.org/controls/">15</reference>
          <reference href="https://www.cisecurity.org/controls/">16</reference>
          <reference href="https://www.cisecurity.org/controls/">19</reference>
          <reference href="https://www.cisecurity.org/controls/">2</reference>
          <reference href="https://www.cisecurity.org/controls/">3</reference>
          <reference href="https://www.cisecurity.org/controls/">4</reference>
          <reference href="https://www.cisecurity.org/controls/">5</reference>
          <reference href="https://www.cisecurity.org/controls/">6</reference>
          <reference href="https://www.cisecurity.org/controls/">7</reference>
          <reference href="https://www.cisecurity.org/controls/">8</reference>
          <reference href="https://www.cisecurity.org/controls/">9</reference>
          <reference href="https://www.isaca.org/resources/cobit">APO10.01</reference>
          <reference href="https://www.isaca.org/resources/cobit">APO10.03</reference>
          <reference href="https://www.isaca.org/resources/cobit">APO10.04</reference>
          <reference href="https://www.isaca.org/resources/cobit">APO10.05</reference>
          <reference href="https://www.isaca.org/resources/cobit">APO11.04</reference>
          <reference href="https://www.isaca.org/resources/cobit">APO12.06</reference>
          <reference href="https://www.isaca.org/resources/cobit">APO13.01</reference>
          <reference href="https://www.isaca.org/resources/cobit">BAI03.05</reference>
          <reference href="https://www.isaca.org/resources/cobit">BAI08.02</reference>
          <reference href="https://www.isaca.org/resources/cobit">DSS01.03</reference>
          <reference href="https://www.isaca.org/resources/cobit">DSS01.04</reference>
          <reference href="https://www.isaca.org/resources/cobit">DSS02.02</reference>
          <reference href="https://www.isaca.org/resources/cobit">DSS02.04</reference>
          <reference href="https://www.isaca.org/resources/cobit">DSS02.07</reference>
          <reference href="https://www.isaca.org/resources/cobit">DSS03.01</reference>
          <reference href="https://www.isaca.org/resources/cobit">DSS03.05</reference>
          <reference href="https://www.isaca.org/resources/cobit">DSS05.02</reference>
          <reference href="https://www.isaca.org/resources/cobit">DSS05.03</reference>
          <reference href="https://www.isaca.org/resources/cobit">DSS05.04</reference>
          <reference href="https://www.isaca.org/resources/cobit">DSS05.05</reference>
          <reference href="https://www.isaca.org/resources/cobit">DSS05.07</reference>
          <reference href="https://www.isaca.org/resources/cobit">MEA01.01</reference>
          <reference href="https://www.isaca.org/resources/cobit">MEA01.02</reference>
          <reference href="https://www.isaca.org/resources/cobit">MEA01.03</reference>
          <reference href="https://www.isaca.org/resources/cobit">MEA01.04</reference>
          <reference href="https://www.isaca.org/resources/cobit">MEA01.05</reference>
          <reference href="https://www.isaca.org/resources/cobit">MEA02.01</reference>
          <reference href="http://nvlpubs.nist.gov/nistpubs/SpecialPublications/NIST.SP.800-171.pdf">3.1.7</reference>
          <reference href="https://www.gpo.gov/fdsys/pkg/CFR-2007-title45-vol1/pdf/CFR-2007-title45-vol1-chapA-subchapC.pdf">164.308(a)(1)(ii)(D)</reference>
          <reference href="https://www.gpo.gov/fdsys/pkg/CFR-2007-title45-vol1/pdf/CFR-2007-title45-vol1-chapA-subchapC.pdf">164.308(a)(3)(ii)(A)</reference>
          <reference href="https://www.gpo.gov/fdsys/pkg/CFR-2007-title45-vol1/pdf/CFR-2007-title45-vol1-chapA-subchapC.pdf">164.308(a)(5)(ii)(C)</reference>
          <reference href="https://www.gpo.gov/fdsys/pkg/CFR-2007-title45-vol1/pdf/CFR-2007-title45-vol1-chapA-subchapC.pdf">164.312(a)(2)(i)</reference>
          <reference href="https://www.gpo.gov/fdsys/pkg/CFR-2007-title45-vol1/pdf/CFR-2007-title45-vol1-chapA-subchapC.pdf">164.312(b)</reference>
          <reference href="https://www.gpo.gov/fdsys/pkg/CFR-2007-title45-vol1/pdf/CFR-2007-title45-vol1-chapA-subchapC.pdf">164.312(d)</reference>
          <reference href="https://www.gpo.gov/fdsys/pkg/CFR-2007-title45-vol1/pdf/CFR-2007-title45-vol1-chapA-subchapC.pdf">164.312(e)</reference>
          <reference href="https://www.isa.org/products/isa-62443-2-1-2009-security-for-industrial-automat">4.2.3.10</reference>
          <reference href="https://www.isa.org/products/isa-62443-2-1-2009-security-for-industrial-automat">4.3.2.6.7</reference>
          <reference href="https://www.isa.org/products/isa-62443-2-1-2009-security-for-industrial-automat">4.3.3.3.9</reference>
          <reference href="https://www.isa.org/products/isa-62443-2-1-2009-security-for-industrial-automat">4.3.3.5.8</reference>
          <reference href="https://www.isa.org/products/isa-62443-2-1-2009-security-for-industrial-automat">4.3.3.6.6</reference>
          <reference href="https://www.isa.org/products/isa-62443-2-1-2009-security-for-industrial-automat">4.3.4.4.7</reference>
          <reference href="https://www.isa.org/products/isa-62443-2-1-2009-security-for-industrial-automat">4.3.4.5.6</reference>
          <reference href="https://www.isa.org/products/isa-62443-2-1-2009-security-for-industrial-automat">4.3.4.5.7</reference>
          <reference href="https://www.isa.org/products/isa-62443-2-1-2009-security-for-industrial-automat">4.3.4.5.8</reference>
          <reference href="https://www.isa.org/products/isa-62443-2-1-2009-security-for-industrial-automat">4.4.2.1</reference>
          <reference href="https://www.isa.org/products/isa-62443-2-1-2009-security-for-industrial-automat">4.4.2.2</reference>
          <reference href="https://www.isa.org/products/isa-62443-2-1-2009-security-for-industrial-automat">4.4.2.4</reference>
          <reference href="https://www.isa.org/products/ansi-isa-62443-3-3-99-03-03-2013-security-for-indu">SR 1.13</reference>
          <reference href="https://www.isa.org/products/ansi-isa-62443-3-3-99-03-03-2013-security-for-indu">SR 2.10</reference>
          <reference href="https://www.isa.org/products/ansi-isa-62443-3-3-99-03-03-2013-security-for-indu">SR 2.11</reference>
          <reference href="https://www.isa.org/products/ansi-isa-62443-3-3-99-03-03-2013-security-for-indu">SR 2.12</reference>
          <reference href="https://www.isa.org/products/ansi-isa-62443-3-3-99-03-03-2013-security-for-indu">SR 2.6</reference>
          <reference href="https://www.isa.org/products/ansi-isa-62443-3-3-99-03-03-2013-security-for-indu">SR 2.8</reference>
          <reference href="https://www.isa.org/products/ansi-isa-62443-3-3-99-03-03-2013-security-for-indu">SR 2.9</reference>
          <reference href="https://www.isa.org/products/ansi-isa-62443-3-3-99-03-03-2013-security-for-indu">SR 3.1</reference>
          <reference href="https://www.isa.org/products/ansi-isa-62443-3-3-99-03-03-2013-security-for-indu">SR 3.5</reference>
          <reference href="https://www.isa.org/products/ansi-isa-62443-3-3-99-03-03-2013-security-for-indu">SR 3.8</reference>
          <reference href="https://www.isa.org/products/ansi-isa-62443-3-3-99-03-03-2013-security-for-indu">SR 4.1</reference>
          <reference href="https://www.isa.org/products/ansi-isa-62443-3-3-99-03-03-2013-security-for-indu">SR 4.3</reference>
          <reference href="https://www.isa.org/products/ansi-isa-62443-3-3-99-03-03-2013-security-for-indu">SR 5.1</reference>
          <reference href="https://www.isa.org/products/ansi-isa-62443-3-3-99-03-03-2013-security-for-indu">SR 5.2</reference>
          <reference href="https://www.isa.org/products/ansi-isa-62443-3-3-99-03-03-2013-security-for-indu">SR 5.3</reference>
          <reference href="https://www.isa.org/products/ansi-isa-62443-3-3-99-03-03-2013-security-for-indu">SR 6.1</reference>
          <reference href="https://www.isa.org/products/ansi-isa-62443-3-3-99-03-03-2013-security-for-indu">SR 6.2</reference>
          <reference href="https://www.isa.org/products/ansi-isa-62443-3-3-99-03-03-2013-security-for-indu">SR 7.1</reference>
          <reference href="https://www.isa.org/products/ansi-isa-62443-3-3-99-03-03-2013-security-for-indu">SR 7.6</reference>
          <reference href="https://www.iso.org/contents/data/standard/05/45/54534.html">A.11.2.6</reference>
          <reference href="https://www.iso.org/contents/data/standard/05/45/54534.html">A.12.4.1</reference>
          <reference href="https://www.iso.org/contents/data/standard/05/45/54534.html">A.12.4.2</reference>
          <reference href="https://www.iso.org/contents/data/standard/05/45/54534.html">A.12.4.3</reference>
          <reference href="https://www.iso.org/contents/data/standard/05/45/54534.html">A.12.4.4</reference>
          <reference href="https://www.iso.org/contents/data/standard/05/45/54534.html">A.12.7.1</reference>
          <reference href="https://www.iso.org/contents/data/standard/05/45/54534.html">A.13.1.1</reference>
          <reference href="https://www.iso.org/contents/data/standard/05/45/54534.html">A.13.2.1</reference>
          <reference href="https://www.iso.org/contents/data/standard/05/45/54534.html">A.14.1.3</reference>
          <reference href="https://www.iso.org/contents/data/standard/05/45/54534.html">A.14.2.7</reference>
          <reference href="https://www.iso.org/contents/data/standard/05/45/54534.html">A.15.2.1</reference>
          <reference href="https://www.iso.org/contents/data/standard/05/45/54534.html">A.15.2.2</reference>
          <reference href="https://www.iso.org/contents/data/standard/05/45/54534.html">A.16.1.4</reference>
          <reference href="https://www.iso.org/contents/data/standard/05/45/54534.html">A.16.1.5</reference>
          <reference href="https://www.iso.org/contents/data/standard/05/45/54534.html">A.16.1.7</reference>
          <reference href="https://www.iso.org/contents/data/standard/05/45/54534.html">A.6.2.1</reference>
          <reference href="https://www.iso.org/contents/data/standard/05/45/54534.html">A.6.2.2</reference>
          <reference href="http://nvlpubs.nist.gov/nistpubs/SpecialPublications/NIST.SP.800-53r4.pdf">AU-12(c)</reference>
          <reference href="http://nvlpubs.nist.gov/nistpubs/SpecialPublications/NIST.SP.800-53r4.pdf">AU-12.1(iv)</reference>
          <reference href="https://nvlpubs.nist.gov/nistpubs/CSWP/NIST.CSWP.04162018.pdf">DE.AE-3</reference>
          <reference href="https://nvlpubs.nist.gov/nistpubs/CSWP/NIST.CSWP.04162018.pdf">DE.AE-5</reference>
          <reference href="https://nvlpubs.nist.gov/nistpubs/CSWP/NIST.CSWP.04162018.pdf">DE.CM-1</reference>
          <reference href="https://nvlpubs.nist.gov/nistpubs/CSWP/NIST.CSWP.04162018.pdf">DE.CM-3</reference>
          <reference href="https://nvlpubs.nist.gov/nistpubs/CSWP/NIST.CSWP.04162018.pdf">DE.CM-7</reference>
          <reference href="https://nvlpubs.nist.gov/nistpubs/CSWP/NIST.CSWP.04162018.pdf">ID.SC-4</reference>
          <reference href="https://nvlpubs.nist.gov/nistpubs/CSWP/NIST.CSWP.04162018.pdf">PR.AC-3</reference>
          <reference href="https://nvlpubs.nist.gov/nistpubs/CSWP/NIST.CSWP.04162018.pdf">PR.PT-1</reference>
          <reference href="https://nvlpubs.nist.gov/nistpubs/CSWP/NIST.CSWP.04162018.pdf">PR.PT-4</reference>
          <reference href="https://nvlpubs.nist.gov/nistpubs/CSWP/NIST.CSWP.04162018.pdf">RS.AN-1</reference>
          <reference href="https://nvlpubs.nist.gov/nistpubs/CSWP/NIST.CSWP.04162018.pdf">RS.AN-4</reference>
          <reference href="https://www.pcisecuritystandards.org/documents/PCI_DSS_v3-2-1.pdf">Req-10.2.4</reference>
          <reference href="https://www.pcisecuritystandards.org/documents/PCI_DSS_v3-2-1.pdf">Req-10.2.1</reference>
          <reference href="https://www.cyber.mil/stigs/downloads/?_dl_facet_stigs=operating-systems%2Cgeneral-purpose-os">SRG-OS-000064-GPOS-00033</reference>
          <reference href="https://www.cyber.mil/stigs/downloads/?_dl_facet_stigs=operating-systems%2Cgeneral-purpose-os">SRG-OS-000392-GPOS-00172</reference>
          <reference href="https://www.cyber.mil/stigs/downloads/?_dl_facet_stigs=operating-systems%2Cgeneral-purpose-os">SRG-OS-000458-GPOS-00203</reference>
          <reference href="https://www.cyber.mil/stigs/downloads/?_dl_facet_stigs=operating-systems%2Cgeneral-purpose-os">SRG-OS-000461-GPOS-00205</reference>
          <reference href="https://www.cyber.mil/stigs/downloads/?_dl_facet_stigs=operating-systems%2Cgeneral-purpose-os">SRG-OS-000468-GPOS-00212</reference>
          <reference href="https://www.cyber.mil/stigs/downloads/?_dl_facet_stigs=app-security">SRG-APP-000501-CTR-001265</reference>
          <reference href="https://www.cyber.mil/stigs/downloads/?_dl_facet_stigs=app-security">SRG-APP-000502-CTR-001270</reference>
          <reference href="https://www.cyber.mil/stigs/downloads/?_dl_facet_stigs=operating-systems%2Cunix-linux">SLES-15-030740</reference>
          <reference href="https://www.cyber.mil/stigs/srg-stig-tools/">SV-234973r991577_rule</reference>
          <rationale xmlns:xhtml="http://www.w3.org/1999/xhtml" xml:lang="en-US">Unsuccessful attempts to delete files could be an indicator of malicious activity on a system. Auditing
these events could serve as evidence of potential system compromise.</rationale>
          <ident system="https://ncp.nist.gov/cce">CCE-85704-5</ident>
          <fix xmlns:xhtml="http://www.w3.org/1999/xhtml" id="audit_rules_unsuccessful_file_modification_unlinkat" system="urn:xccdf:fix:script:sh"># Remediation is applicable only in certain platforms
if rpm --quiet -q audit &amp;&amp; rpm --quiet -q kernel-default || rpm --quiet -q kernel-default-base; then

# First perform the remediation of the syscall rule
# Retrieve hardware architecture of the underlying system
[ "$(getconf LONG_BIT)" = "32" ] &amp;&amp; RULE_ARCHS=("b32") || RULE_ARCHS=("b32" "b64")

AUID_FILTERS="-F auid&gt;=1000 -F auid!=unset"
SYSCALL="unlinkat"
KEY="access"
SYSCALL_GROUPING="rename renameat renameat2 unlink unlinkat"

for ARCH in "${RULE_ARCHS[@]}"
do
	ACTION_ARCH_FILTERS="-a always,exit -F arch=$ARCH"
	OTHER_FILTERS="-F exit=-EACCES"
	# Perform the remediation for both possible tools: 'auditctl' and 'augenrules'
	unset syscall_a
unset syscall_grouping
unset syscall_string
unset syscall
unset file_to_edit
unset rule_to_edit
unset rule_syscalls_to_edit
unset other_string
unset auid_string
unset full_rule

# Load macro arguments into arrays
read -a syscall_a &lt;&lt;&lt; $SYSCALL
read -a syscall_grouping &lt;&lt;&lt; $SYSCALL_GROUPING

# Create a list of audit *.rules files that should be inspected for presence and correctness
# of a particular audit rule. The scheme is as follows:
#
# -----------------------------------------------------------------------------------------
#  Tool used to load audit rules | Rule already defined  |  Audit rules file to inspect    |
# -----------------------------------------------------------------------------------------
#        auditctl                |     Doesn't matter    |  /etc/audit/audit.rules         |
# -----------------------------------------------------------------------------------------
#        augenrules              |          Yes          |  /etc/audit/rules.d/*.rules     |
#        augenrules              |          No           |  /etc/audit/rules.d/$key.rules  |
# -----------------------------------------------------------------------------------------
#
files_to_inspect=()

# If audit tool is 'augenrules', then check if the audit rule is defined
# If rule is defined, add '/etc/audit/rules.d/*.rules' to the list for inspection
# If rule isn't defined yet, add '/etc/audit/rules.d/$key.rules' to the list for inspection
default_file="/etc/audit/rules.d/$KEY.rules"
# As other_filters may include paths, lets use a different delimiter for it
# The "F" script expression tells sed to print the filenames where the expressions matched
readarray -t files_to_inspect &lt; &lt;(sed -s -n -e "/^$ACTION_ARCH_FILTERS/!d" -e "\#$OTHER_FILTERS#!d" -e "/$AUID_FILTERS/!d" -e "F" /etc/audit/rules.d/*.rules)
# Case when particular rule isn't defined in /etc/audit/rules.d/*.rules yet
if [ ${#files_to_inspect[@]} -eq "0" ]
then
    file_to_inspect="/etc/audit/rules.d/$KEY.rules"
    files_to_inspect=("$file_to_inspect")
    if [ ! -e "$file_to_inspect" ]
    then
        touch "$file_to_inspect"
        chmod 0600 "$file_to_inspect"
    fi
fi

# After converting to jinja, we cannot return; therefore we skip the rest of the macro if needed instead
skip=1

for audit_file in "${files_to_inspect[@]}"
do
    # Filter existing $audit_file rules' definitions to select those that satisfy the rule pattern,
    # i.e, collect rules that match:
    # * the action, list and arch, (2-nd argument)
    # * the other filters, (3-rd argument)
    # * the auid filters, (4-rd argument)
    readarray -t similar_rules &lt; &lt;(sed -e "/^$ACTION_ARCH_FILTERS/!d"  -e "\#$OTHER_FILTERS#!d" -e "/$AUID_FILTERS/!d" "$audit_file")

    candidate_rules=()
    # Filter out rules that have more fields then required. This will remove rules more specific than the required scope
    for s_rule in "${similar_rules[@]}"
    do
        # Strip all the options and fields we know of,
        # than check if there was any field left over
        extra_fields=$(sed -E -e "s/^$ACTION_ARCH_FILTERS//"  -e "s#$OTHER_FILTERS##" -e "s/$AUID_FILTERS//" -e "s/((:?-S [[:alnum:],]+)+)//g" -e "s/-F key=\w+|-k \w+//"&lt;&lt;&lt; "$s_rule")
        grep -q -- "-F" &lt;&lt;&lt; "$extra_fields" || candidate_rules+=("$s_rule")
    done

    if [[ ${#syscall_a[@]} -ge 1 ]]
    then
        # Check if the syscall we want is present in any of the similar existing rules
        for rule in "${candidate_rules[@]}"
        do
            rule_syscalls=$(echo "$rule" | grep -o -P '(-S [\w,]+)+' | xargs)
            all_syscalls_found=0
            for syscall in "${syscall_a[@]}"
            do
                grep -q -- "\b${syscall}\b" &lt;&lt;&lt; "$rule_syscalls" || {
                   # A syscall was not found in the candidate rule
                   all_syscalls_found=1
                   }
            done
            if [[ $all_syscalls_found -eq 0 ]]
            then
                # We found a rule with all the syscall(s) we want; skip rest of macro
                skip=0
                break
            fi

            # Check if this rule can be grouped with our target syscall and keep track of it
            for syscall_g in "${syscall_grouping[@]}"
            do
                if grep -q -- "\b${syscall_g}\b" &lt;&lt;&lt; "$rule_syscalls"
                then
                    file_to_edit=${audit_file}
                    rule_to_edit=${rule}
                    rule_syscalls_to_edit=${rule_syscalls}
                fi
            done
        done
    else
        # If there is any candidate rule, it is compliant; skip rest of macro
        if [ "${#candidate_rules[@]}" -gt 0 ]
        then
            skip=0
        fi
    fi

    if [ "$skip" -eq 0 ]; then
        break
    fi
done

if [ "$skip" -ne 0 ]; then
    # We checked all rules that matched the expected resemblance pattern (action, arch &amp; auid)
    # At this point we know if we need to either append the $full_rule or group
    # the syscall together with an exsiting rule

    # Append the full_rule if it cannot be grouped to any other rule
    if [ -z ${rule_to_edit+x} ]
    then
        # Build full_rule while avoid adding double spaces when other_filters is empty
        if [ "${#syscall_a[@]}" -gt 0 ]
        then
            syscall_string=""
            for syscall in "${syscall_a[@]}"
            do
                syscall_string+=" -S $syscall"
            done
        fi
        other_string=$([[ $OTHER_FILTERS ]] &amp;&amp; echo " $OTHER_FILTERS") || /bin/true
        auid_string=$([[ $AUID_FILTERS ]] &amp;&amp; echo " $AUID_FILTERS") || /bin/true
        full_rule="$ACTION_ARCH_FILTERS${syscall_string}${other_string}${auid_string} -F key=$KEY" || /bin/true
        echo "$full_rule" &gt;&gt; "$default_file"
        chmod 0600 ${default_file}
    else
        # Check if the syscalls are declared as a comma separated list or
        # as multiple -S parameters
        if grep -q -- "," &lt;&lt;&lt; "${rule_syscalls_to_edit}"
        then
            delimiter=","
        else
            delimiter=" -S "
        fi
        new_grouped_syscalls="${rule_syscalls_to_edit}"
        for syscall in "${syscall_a[@]}"
        do
            grep -q -- "\b${syscall}\b" &lt;&lt;&lt; "${rule_syscalls_to_edit}" || {
               # A syscall was not found in the candidate rule
               new_grouped_syscalls+="${delimiter}${syscall}"
               }
        done

        # Group the syscall in the rule
        sed -i -e "\#${rule_to_edit}#s#${rule_syscalls_to_edit}#${new_grouped_syscalls}#" "$file_to_edit"
    fi
fi
	unset syscall_a
unset syscall_grouping
unset syscall_string
unset syscall
unset file_to_edit
unset rule_to_edit
unset rule_syscalls_to_edit
unset other_string
unset auid_string
unset full_rule

# Load macro arguments into arrays
read -a syscall_a &lt;&lt;&lt; $SYSCALL
read -a syscall_grouping &lt;&lt;&lt; $SYSCALL_GROUPING

# Create a list of audit *.rules files that should be inspected for presence and correctness
# of a particular audit rule. The scheme is as follows:
#
# -----------------------------------------------------------------------------------------
#  Tool used to load audit rules | Rule already defined  |  Audit rules file to inspect    |
# -----------------------------------------------------------------------------------------
#        auditctl                |     Doesn't matter    |  /etc/audit/audit.rules         |
# -----------------------------------------------------------------------------------------
#        augenrules              |          Yes          |  /etc/audit/rules.d/*.rules     |
#        augenrules              |          No           |  /etc/audit/rules.d/$key.rules  |
# -----------------------------------------------------------------------------------------
#
files_to_inspect=()


# If audit tool is 'auditctl', then add '/etc/audit/audit.rules'
# file to the list of files to be inspected
default_file="/etc/audit/audit.rules"
files_to_inspect+=('/etc/audit/audit.rules' )

# After converting to jinja, we cannot return; therefore we skip the rest of the macro if needed instead
skip=1

for audit_file in "${files_to_inspect[@]}"
do
    # Filter existing $audit_file rules' definitions to select those that satisfy the rule pattern,
    # i.e, collect rules that match:
    # * the action, list and arch, (2-nd argument)
    # * the other filters, (3-rd argument)
    # * the auid filters, (4-rd argument)
    readarray -t similar_rules &lt; &lt;(sed -e "/^$ACTION_ARCH_FILTERS/!d"  -e "\#$OTHER_FILTERS#!d" -e "/$AUID_FILTERS/!d" "$audit_file")

    candidate_rules=()
    # Filter out rules that have more fields then required. This will remove rules more specific than the required scope
    for s_rule in "${similar_rules[@]}"
    do
        # Strip all the options and fields we know of,
        # than check if there was any field left over
        extra_fields=$(sed -E -e "s/^$ACTION_ARCH_FILTERS//"  -e "s#$OTHER_FILTERS##" -e "s/$AUID_FILTERS//" -e "s/((:?-S [[:alnum:],]+)+)//g" -e "s/-F key=\w+|-k \w+//"&lt;&lt;&lt; "$s_rule")
        grep -q -- "-F" &lt;&lt;&lt; "$extra_fields" || candidate_rules+=("$s_rule")
    done

    if [[ ${#syscall_a[@]} -ge 1 ]]
    then
        # Check if the syscall we want is present in any of the similar existing rules
        for rule in "${candidate_rules[@]}"
        do
            rule_syscalls=$(echo "$rule" | grep -o -P '(-S [\w,]+)+' | xargs)
            all_syscalls_found=0
            for syscall in "${syscall_a[@]}"
            do
                grep -q -- "\b${syscall}\b" &lt;&lt;&lt; "$rule_syscalls" || {
                   # A syscall was not found in the candidate rule
                   all_syscalls_found=1
                   }
            done
            if [[ $all_syscalls_found -eq 0 ]]
            then
                # We found a rule with all the syscall(s) we want; skip rest of macro
                skip=0
                break
            fi

            # Check if this rule can be grouped with our target syscall and keep track of it
            for syscall_g in "${syscall_grouping[@]}"
            do
                if grep -q -- "\b${syscall_g}\b" &lt;&lt;&lt; "$rule_syscalls"
                then
                    file_to_edit=${audit_file}
                    rule_to_edit=${rule}
                    rule_syscalls_to_edit=${rule_syscalls}
                fi
            done
        done
    else
        # If there is any candidate rule, it is compliant; skip rest of macro
        if [ "${#candidate_rules[@]}" -gt 0 ]
        then
            skip=0
        fi
    fi

    if [ "$skip" -eq 0 ]; then
        break
    fi
done

if [ "$skip" -ne 0 ]; then
    # We checked all rules that matched the expected resemblance pattern (action, arch &amp; auid)
    # At this point we know if we need to either append the $full_rule or group
    # the syscall together with an exsiting rule

    # Append the full_rule if it cannot be grouped to any other rule
    if [ -z ${rule_to_edit+x} ]
    then
        # Build full_rule while avoid adding double spaces when other_filters is empty
        if [ "${#syscall_a[@]}" -gt 0 ]
        then
            syscall_string=""
            for syscall in "${syscall_a[@]}"
            do
                syscall_string+=" -S $syscall"
            done
        fi
        other_string=$([[ $OTHER_FILTERS ]] &amp;&amp; echo " $OTHER_FILTERS") || /bin/true
        auid_string=$([[ $AUID_FILTERS ]] &amp;&amp; echo " $AUID_FILTERS") || /bin/true
        full_rule="$ACTION_ARCH_FILTERS${syscall_string}${other_string}${auid_string} -F key=$KEY" || /bin/true
        echo "$full_rule" &gt;&gt; "$default_file"
        chmod 0600 ${default_file}
    else
        # Check if the syscalls are declared as a comma separated list or
        # as multiple -S parameters
        if grep -q -- "," &lt;&lt;&lt; "${rule_syscalls_to_edit}"
        then
            delimiter=","
        else
            delimiter=" -S "
        fi
        new_grouped_syscalls="${rule_syscalls_to_edit}"
        for syscall in "${syscall_a[@]}"
        do
            grep -q -- "\b${syscall}\b" &lt;&lt;&lt; "${rule_syscalls_to_edit}" || {
               # A syscall was not found in the candidate rule
               new_grouped_syscalls+="${delimiter}${syscall}"
               }
        done

        # Group the syscall in the rule
        sed -i -e "\#${rule_to_edit}#s#${rule_syscalls_to_edit}#${new_grouped_syscalls}#" "$file_to_edit"
    fi
fi
done

for ARCH in "${RULE_ARCHS[@]}"
do
	ACTION_ARCH_FILTERS="-a always,exit -F arch=$ARCH"
	OTHER_FILTERS="-F exit=-EPERM"
	# Perform the remediation for both possible tools: 'auditctl' and 'augenrules'
	unset syscall_a
unset syscall_grouping
unset syscall_string
unset syscall
unset file_to_edit
unset rule_to_edit
unset rule_syscalls_to_edit
unset other_string
unset auid_string
unset full_rule

# Load macro arguments into arrays
read -a syscall_a &lt;&lt;&lt; $SYSCALL
read -a syscall_grouping &lt;&lt;&lt; $SYSCALL_GROUPING

# Create a list of audit *.rules files that should be inspected for presence and correctness
# of a particular audit rule. The scheme is as follows:
#
# -----------------------------------------------------------------------------------------
#  Tool used to load audit rules | Rule already defined  |  Audit rules file to inspect    |
# -----------------------------------------------------------------------------------------
#        auditctl                |     Doesn't matter    |  /etc/audit/audit.rules         |
# -----------------------------------------------------------------------------------------
#        augenrules              |          Yes          |  /etc/audit/rules.d/*.rules     |
#        augenrules              |          No           |  /etc/audit/rules.d/$key.rules  |
# -----------------------------------------------------------------------------------------
#
files_to_inspect=()

# If audit tool is 'augenrules', then check if the audit rule is defined
# If rule is defined, add '/etc/audit/rules.d/*.rules' to the list for inspection
# If rule isn't defined yet, add '/etc/audit/rules.d/$key.rules' to the list for inspection
default_file="/etc/audit/rules.d/$KEY.rules"
# As other_filters may include paths, lets use a different delimiter for it
# The "F" script expression tells sed to print the filenames where the expressions matched
readarray -t files_to_inspect &lt; &lt;(sed -s -n -e "/^$ACTION_ARCH_FILTERS/!d" -e "\#$OTHER_FILTERS#!d" -e "/$AUID_FILTERS/!d" -e "F" /etc/audit/rules.d/*.rules)
# Case when particular rule isn't defined in /etc/audit/rules.d/*.rules yet
if [ ${#files_to_inspect[@]} -eq "0" ]
then
    file_to_inspect="/etc/audit/rules.d/$KEY.rules"
    files_to_inspect=("$file_to_inspect")
    if [ ! -e "$file_to_inspect" ]
    then
        touch "$file_to_inspect"
        chmod 0600 "$file_to_inspect"
    fi
fi

# After converting to jinja, we cannot return; therefore we skip the rest of the macro if needed instead
skip=1

for audit_file in "${files_to_inspect[@]}"
do
    # Filter existing $audit_file rules' definitions to select those that satisfy the rule pattern,
    # i.e, collect rules that match:
    # * the action, list and arch, (2-nd argument)
    # * the other filters, (3-rd argument)
    # * the auid filters, (4-rd argument)
    readarray -t similar_rules &lt; &lt;(sed -e "/^$ACTION_ARCH_FILTERS/!d"  -e "\#$OTHER_FILTERS#!d" -e "/$AUID_FILTERS/!d" "$audit_file")

    candidate_rules=()
    # Filter out rules that have more fields then required. This will remove rules more specific than the required scope
    for s_rule in "${similar_rules[@]}"
    do
        # Strip all the options and fields we know of,
        # than check if there was any field left over
        extra_fields=$(sed -E -e "s/^$ACTION_ARCH_FILTERS//"  -e "s#$OTHER_FILTERS##" -e "s/$AUID_FILTERS//" -e "s/((:?-S [[:alnum:],]+)+)//g" -e "s/-F key=\w+|-k \w+//"&lt;&lt;&lt; "$s_rule")
        grep -q -- "-F" &lt;&lt;&lt; "$extra_fields" || candidate_rules+=("$s_rule")
    done

    if [[ ${#syscall_a[@]} -ge 1 ]]
    then
        # Check if the syscall we want is present in any of the similar existing rules
        for rule in "${candidate_rules[@]}"
        do
            rule_syscalls=$(echo "$rule" | grep -o -P '(-S [\w,]+)+' | xargs)
            all_syscalls_found=0
            for syscall in "${syscall_a[@]}"
            do
                grep -q -- "\b${syscall}\b" &lt;&lt;&lt; "$rule_syscalls" || {
                   # A syscall was not found in the candidate rule
                   all_syscalls_found=1
                   }
            done
            if [[ $all_syscalls_found -eq 0 ]]
            then
                # We found a rule with all the syscall(s) we want; skip rest of macro
                skip=0
                break
            fi

            # Check if this rule can be grouped with our target syscall and keep track of it
            for syscall_g in "${syscall_grouping[@]}"
            do
                if grep -q -- "\b${syscall_g}\b" &lt;&lt;&lt; "$rule_syscalls"
                then
                    file_to_edit=${audit_file}
                    rule_to_edit=${rule}
                    rule_syscalls_to_edit=${rule_syscalls}
                fi
            done
        done
    else
        # If there is any candidate rule, it is compliant; skip rest of macro
        if [ "${#candidate_rules[@]}" -gt 0 ]
        then
            skip=0
        fi
    fi

    if [ "$skip" -eq 0 ]; then
        break
    fi
done

if [ "$skip" -ne 0 ]; then
    # We checked all rules that matched the expected resemblance pattern (action, arch &amp; auid)
    # At this point we know if we need to either append the $full_rule or group
    # the syscall together with an exsiting rule

    # Append the full_rule if it cannot be grouped to any other rule
    if [ -z ${rule_to_edit+x} ]
    then
        # Build full_rule while avoid adding double spaces when other_filters is empty
        if [ "${#syscall_a[@]}" -gt 0 ]
        then
            syscall_string=""
            for syscall in "${syscall_a[@]}"
            do
                syscall_string+=" -S $syscall"
            done
        fi
        other_string=$([[ $OTHER_FILTERS ]] &amp;&amp; echo " $OTHER_FILTERS") || /bin/true
        auid_string=$([[ $AUID_FILTERS ]] &amp;&amp; echo " $AUID_FILTERS") || /bin/true
        full_rule="$ACTION_ARCH_FILTERS${syscall_string}${other_string}${auid_string} -F key=$KEY" || /bin/true
        echo "$full_rule" &gt;&gt; "$default_file"
        chmod 0600 ${default_file}
    else
        # Check if the syscalls are declared as a comma separated list or
        # as multiple -S parameters
        if grep -q -- "," &lt;&lt;&lt; "${rule_syscalls_to_edit}"
        then
            delimiter=","
        else
            delimiter=" -S "
        fi
        new_grouped_syscalls="${rule_syscalls_to_edit}"
        for syscall in "${syscall_a[@]}"
        do
            grep -q -- "\b${syscall}\b" &lt;&lt;&lt; "${rule_syscalls_to_edit}" || {
               # A syscall was not found in the candidate rule
               new_grouped_syscalls+="${delimiter}${syscall}"
               }
        done

        # Group the syscall in the rule
        sed -i -e "\#${rule_to_edit}#s#${rule_syscalls_to_edit}#${new_grouped_syscalls}#" "$file_to_edit"
    fi
fi
	unset syscall_a
unset syscall_grouping
unset syscall_string
unset syscall
unset file_to_edit
unset rule_to_edit
unset rule_syscalls_to_edit
unset other_string
unset auid_string
unset full_rule

# Load macro arguments into arrays
read -a syscall_a &lt;&lt;&lt; $SYSCALL
read -a syscall_grouping &lt;&lt;&lt; $SYSCALL_GROUPING

# Create a list of audit *.rules files that should be inspected for presence and correctness
# of a particular audit rule. The scheme is as follows:
#
# -----------------------------------------------------------------------------------------
#  Tool used to load audit rules | Rule already defined  |  Audit rules file to inspect    |
# -----------------------------------------------------------------------------------------
#        auditctl                |     Doesn't matter    |  /etc/audit/audit.rules         |
# -----------------------------------------------------------------------------------------
#        augenrules              |          Yes          |  /etc/audit/rules.d/*.rules     |
#        augenrules              |          No           |  /etc/audit/rules.d/$key.rules  |
# -----------------------------------------------------------------------------------------
#
files_to_inspect=()


# If audit tool is 'auditctl', then add '/etc/audit/audit.rules'
# file to the list of files to be inspected
default_file="/etc/audit/audit.rules"
files_to_inspect+=('/etc/audit/audit.rules' )

# After converting to jinja, we cannot return; therefore we skip the rest of the macro if needed instead
skip=1

for audit_file in "${files_to_inspect[@]}"
do
    # Filter existing $audit_file rules' definitions to select those that satisfy the rule pattern,
    # i.e, collect rules that match:
    # * the action, list and arch, (2-nd argument)
    # * the other filters, (3-rd argument)
    # * the auid filters, (4-rd argument)
    readarray -t similar_rules &lt; &lt;(sed -e "/^$ACTION_ARCH_FILTERS/!d"  -e "\#$OTHER_FILTERS#!d" -e "/$AUID_FILTERS/!d" "$audit_file")

    candidate_rules=()
    # Filter out rules that have more fields then required. This will remove rules more specific than the required scope
    for s_rule in "${similar_rules[@]}"
    do
        # Strip all the options and fields we know of,
        # than check if there was any field left over
        extra_fields=$(sed -E -e "s/^$ACTION_ARCH_FILTERS//"  -e "s#$OTHER_FILTERS##" -e "s/$AUID_FILTERS//" -e "s/((:?-S [[:alnum:],]+)+)//g" -e "s/-F key=\w+|-k \w+//"&lt;&lt;&lt; "$s_rule")
        grep -q -- "-F" &lt;&lt;&lt; "$extra_fields" || candidate_rules+=("$s_rule")
    done

    if [[ ${#syscall_a[@]} -ge 1 ]]
    then
        # Check if the syscall we want is present in any of the similar existing rules
        for rule in "${candidate_rules[@]}"
        do
            rule_syscalls=$(echo "$rule" | grep -o -P '(-S [\w,]+)+' | xargs)
            all_syscalls_found=0
            for syscall in "${syscall_a[@]}"
            do
                grep -q -- "\b${syscall}\b" &lt;&lt;&lt; "$rule_syscalls" || {
                   # A syscall was not found in the candidate rule
                   all_syscalls_found=1
                   }
            done
            if [[ $all_syscalls_found -eq 0 ]]
            then
                # We found a rule with all the syscall(s) we want; skip rest of macro
                skip=0
                break
            fi

            # Check if this rule can be grouped with our target syscall and keep track of it
            for syscall_g in "${syscall_grouping[@]}"
            do
                if grep -q -- "\b${syscall_g}\b" &lt;&lt;&lt; "$rule_syscalls"
                then
                    file_to_edit=${audit_file}
                    rule_to_edit=${rule}
                    rule_syscalls_to_edit=${rule_syscalls}
                fi
            done
        done
    else
        # If there is any candidate rule, it is compliant; skip rest of macro
        if [ "${#candidate_rules[@]}" -gt 0 ]
        then
            skip=0
        fi
    fi

    if [ "$skip" -eq 0 ]; then
        break
    fi
done

if [ "$skip" -ne 0 ]; then
    # We checked all rules that matched the expected resemblance pattern (action, arch &amp; auid)
    # At this point we know if we need to either append the $full_rule or group
    # the syscall together with an exsiting rule

    # Append the full_rule if it cannot be grouped to any other rule
    if [ -z ${rule_to_edit+x} ]
    then
        # Build full_rule while avoid adding double spaces when other_filters is empty
        if [ "${#syscall_a[@]}" -gt 0 ]
        then
            syscall_string=""
            for syscall in "${syscall_a[@]}"
            do
                syscall_string+=" -S $syscall"
            done
        fi
        other_string=$([[ $OTHER_FILTERS ]] &amp;&amp; echo " $OTHER_FILTERS") || /bin/true
        auid_string=$([[ $AUID_FILTERS ]] &amp;&amp; echo " $AUID_FILTERS") || /bin/true
        full_rule="$ACTION_ARCH_FILTERS${syscall_string}${other_string}${auid_string} -F key=$KEY" || /bin/true
        echo "$full_rule" &gt;&gt; "$default_file"
        chmod 0600 ${default_file}
    else
        # Check if the syscalls are declared as a comma separated list or
        # as multiple -S parameters
        if grep -q -- "," &lt;&lt;&lt; "${rule_syscalls_to_edit}"
        then
            delimiter=","
        else
            delimiter=" -S "
        fi
        new_grouped_syscalls="${rule_syscalls_to_edit}"
        for syscall in "${syscall_a[@]}"
        do
            grep -q -- "\b${syscall}\b" &lt;&lt;&lt; "${rule_syscalls_to_edit}" || {
               # A syscall was not found in the candidate rule
               new_grouped_syscalls+="${delimiter}${syscall}"
               }
        done

        # Group the syscall in the rule
        sed -i -e "\#${rule_to_edit}#s#${rule_syscalls_to_edit}#${new_grouped_syscalls}#" "$file_to_edit"
    fi
fi
done

else
    &gt;&amp;2 echo 'Remediation is not applicable, nothing was done'
fi
</fix>
          <fix xmlns:xhtml="http://www.w3.org/1999/xhtml" id="audit_rules_unsuccessful_file_modification_unlinkat" system="urn:xccdf:fix:script:ansible" reboot="true" complexity="low" disruption="low" strategy="restrict">- name: Gather the package facts
  package_facts:
    manager: auto
  tags:
  - CCE-85704-5
  - DISA-STIG-SLES-15-030740
  - NIST-800-171-3.1.7
  - NIST-800-53-AU-12(c)
  - NIST-800-53-AU-12.1(iv)
  - PCI-DSS-Req-10.2.1
  - PCI-DSS-Req-10.2.4
  - audit_rules_unsuccessful_file_modification_unlinkat
  - low_complexity
  - low_disruption
  - medium_severity
  - reboot_required
  - restrict_strategy

- name: Set architecture for audit unlinkat tasks
  ansible.builtin.set_fact:
    audit_arch: b64
  when:
  - '"audit" in ansible_facts.packages'
  - ("kernel-default" in ansible_facts.packages or "kernel-default-base" in ansible_facts.packages)
  - ansible_architecture == "aarch64" or ansible_architecture == "ppc64" or ansible_architecture
    == "ppc64le" or ansible_architecture == "s390x" or ansible_architecture == "x86_64"
  tags:
  - CCE-85704-5
  - DISA-STIG-SLES-15-030740
  - NIST-800-171-3.1.7
  - NIST-800-53-AU-12(c)
  - NIST-800-53-AU-12.1(iv)
  - PCI-DSS-Req-10.2.1
  - PCI-DSS-Req-10.2.4
  - audit_rules_unsuccessful_file_modification_unlinkat
  - low_complexity
  - low_disruption
  - medium_severity
  - reboot_required
  - restrict_strategy

- name: Perform remediation of Audit rules for unlinkat EACCES for 32bit platform
  block:

  - name: Declare list of syscalls
    ansible.builtin.set_fact:
      syscalls:
      - unlinkat
      syscall_grouping:
      - rename
      - renameat
      - renameat2
      - unlink
      - unlinkat

  - name: Check existence of unlinkat in /etc/audit/rules.d/
    ansible.builtin.find:
      paths: /etc/audit/rules.d
      contains: -a always,exit -F arch=b32(( -S |,)\w+)*(( -S |,){{ item }})+(( -S
        |,)\w+)* -F exit=-EACCES -F auid&gt;=1000 -F auid!=unset (-k\s+|-F\s+key=)\S+\s*$
      patterns: '*.rules'
    register: find_command
    loop: '{{ (syscall_grouping + syscalls) | unique }}'

  - name: Reset syscalls found per file
    ansible.builtin.set_fact:
      syscalls_per_file: {}
      found_paths_dict: {}

  - name: Declare syscalls found per file
    ansible.builtin.set_fact: syscalls_per_file="{{ syscalls_per_file | combine( {item.files[0].path
      :[item.item] + syscalls_per_file.get(item.files[0].path, []) } ) }}"
    loop: '{{ find_command.results | selectattr(''matched'') | list }}'

  - name: Declare files where syscalls were found
    ansible.builtin.set_fact: found_paths="{{ find_command.results | map(attribute='files')
      | flatten | map(attribute='path') | list }}"

  - name: Count occurrences of syscalls in paths
    ansible.builtin.set_fact: found_paths_dict="{{ found_paths_dict | combine({ item:1+found_paths_dict.get(item,
      0) }) }}"
    loop: '{{ find_command.results | map(attribute=''files'') | flatten | map(attribute=''path'')
      | list }}'

  - name: Get path with most syscalls
    ansible.builtin.set_fact: audit_file="{{ (found_paths_dict | dict2items() | sort(attribute='value')
      | last).key }}"
    when: found_paths | length &gt;= 1

  - name: No file with syscall found, set path to /etc/audit/rules.d/access.rules
    ansible.builtin.set_fact: audit_file="/etc/audit/rules.d/access.rules"
    when: found_paths | length == 0

  - name: Declare found syscalls
    ansible.builtin.set_fact: syscalls_found="{{ find_command.results | selectattr('matched')
      | map(attribute='item') | list }}"

  - name: Declare missing syscalls
    ansible.builtin.set_fact: missing_syscalls="{{ syscalls | difference(syscalls_found)
      }}"

  - name: Replace the audit rule in {{ audit_file }}
    ansible.builtin.lineinfile:
      path: '{{ audit_file }}'
      regexp: (-a always,exit -F arch=b32)(?=.*(?:(?:-S |,)(?:{{ syscalls_per_file[audit_file]
        | join("|") }}))\b)((?:( -S |,)\w+)+)( -F exit=-EACCES -F auid&gt;=1000 -F auid!=unset
        (?:-k |-F key=)\w+)
      line: \1\2\3{{ missing_syscalls | join("\3") }}\4
      backrefs: true
      state: present
      mode: g-rwx,o-rwx
    when: syscalls_found | length &gt; 0 and missing_syscalls | length &gt; 0

  - name: Add the audit rule to {{ audit_file }}
    ansible.builtin.lineinfile:
      path: '{{ audit_file }}'
      line: -a always,exit -F arch=b32 -S {{ syscalls | join(',') }} -F exit=-EACCES
        -F auid&gt;=1000 -F auid!=unset -F key=access
      create: true
      mode: g-rwx,o-rwx
      state: present
    when: syscalls_found | length == 0

  - name: Declare list of syscalls
    ansible.builtin.set_fact:
      syscalls:
      - unlinkat
      syscall_grouping:
      - rename
      - renameat
      - renameat2
      - unlink
      - unlinkat

  - name: Check existence of unlinkat in /etc/audit/audit.rules
    ansible.builtin.find:
      paths: /etc/audit
      contains: -a always,exit -F arch=b32(( -S |,)\w+)*(( -S |,){{ item }})+(( -S
        |,)\w+)* -F exit=-EACCES -F auid&gt;=1000 -F auid!=unset (-k\s+|-F\s+key=)\S+\s*$
      patterns: audit.rules
    register: find_command
    loop: '{{ (syscall_grouping + syscalls) | unique }}'

  - name: Set path to /etc/audit/audit.rules
    ansible.builtin.set_fact: audit_file="/etc/audit/audit.rules"

  - name: Declare found syscalls
    ansible.builtin.set_fact: syscalls_found="{{ find_command.results | selectattr('matched')
      | map(attribute='item') | list }}"

  - name: Declare missing syscalls
    ansible.builtin.set_fact: missing_syscalls="{{ syscalls | difference(syscalls_found)
      }}"

  - name: Replace the audit rule in {{ audit_file }}
    ansible.builtin.lineinfile:
      path: '{{ audit_file }}'
      regexp: (-a always,exit -F arch=b32)(?=.*(?:(?:-S |,)(?:{{ syscalls_found |
        join("|") }}))\b)((?:( -S |,)\w+)+)( -F exit=-EACCES -F auid&gt;=1000 -F auid!=unset
        (?:-k |-F key=)\w+)
      line: \1\2\3{{ missing_syscalls | join("\3") }}\4
      backrefs: true
      state: present
      mode: g-rwx,o-rwx
    when: syscalls_found | length &gt; 0 and missing_syscalls | length &gt; 0

  - name: Add the audit rule to {{ audit_file }}
    ansible.builtin.lineinfile:
      path: '{{ audit_file }}'
      line: -a always,exit -F arch=b32 -S {{ syscalls | join(',') }} -F exit=-EACCES
        -F auid&gt;=1000 -F auid!=unset -F key=access
      create: true
      mode: g-rwx,o-rwx
      state: present
    when: syscalls_found | length == 0
  when:
  - '"audit" in ansible_facts.packages'
  - ("kernel-default" in ansible_facts.packages or "kernel-default-base" in ansible_facts.packages)
  tags:
  - CCE-85704-5
  - DISA-STIG-SLES-15-030740
  - NIST-800-171-3.1.7
  - NIST-800-53-AU-12(c)
  - NIST-800-53-AU-12.1(iv)
  - PCI-DSS-Req-10.2.1
  - PCI-DSS-Req-10.2.4
  - audit_rules_unsuccessful_file_modification_unlinkat
  - low_complexity
  - low_disruption
  - medium_severity
  - reboot_required
  - restrict_strategy

- name: Perform remediation of Audit rules for unlinkat EACCES for 64bit platform
  block:

  - name: Declare list of syscalls
    ansible.builtin.set_fact:
      syscalls:
      - unlinkat
      syscall_grouping:
      - rename
      - renameat
      - renameat2
      - unlink
      - unlinkat

  - name: Check existence of unlinkat in /etc/audit/rules.d/
    ansible.builtin.find:
      paths: /etc/audit/rules.d
      contains: -a always,exit -F arch=b64(( -S |,)\w+)*(( -S |,){{ item }})+(( -S
        |,)\w+)* -F exit=-EACCES -F auid&gt;=1000 -F auid!=unset (-k\s+|-F\s+key=)\S+\s*$
      patterns: '*.rules'
    register: find_command
    loop: '{{ (syscall_grouping + syscalls) | unique }}'

  - name: Reset syscalls found per file
    ansible.builtin.set_fact:
      syscalls_per_file: {}
      found_paths_dict: {}

  - name: Declare syscalls found per file
    ansible.builtin.set_fact: syscalls_per_file="{{ syscalls_per_file | combine( {item.files[0].path
      :[item.item] + syscalls_per_file.get(item.files[0].path, []) } ) }}"
    loop: '{{ find_command.results | selectattr(''matched'') | list }}'

  - name: Declare files where syscalls were found
    ansible.builtin.set_fact: found_paths="{{ find_command.results | map(attribute='files')
      | flatten | map(attribute='path') | list }}"

  - name: Count occurrences of syscalls in paths
    ansible.builtin.set_fact: found_paths_dict="{{ found_paths_dict | combine({ item:1+found_paths_dict.get(item,
      0) }) }}"
    loop: '{{ find_command.results | map(attribute=''files'') | flatten | map(attribute=''path'')
      | list }}'

  - name: Get path with most syscalls
    ansible.builtin.set_fact: audit_file="{{ (found_paths_dict | dict2items() | sort(attribute='value')
      | last).key }}"
    when: found_paths | length &gt;= 1

  - name: No file with syscall found, set path to /etc/audit/rules.d/access.rules
    ansible.builtin.set_fact: audit_file="/etc/audit/rules.d/access.rules"
    when: found_paths | length == 0

  - name: Declare found syscalls
    ansible.builtin.set_fact: syscalls_found="{{ find_command.results | selectattr('matched')
      | map(attribute='item') | list }}"

  - name: Declare missing syscalls
    ansible.builtin.set_fact: missing_syscalls="{{ syscalls | difference(syscalls_found)
      }}"

  - name: Replace the audit rule in {{ audit_file }}
    ansible.builtin.lineinfile:
      path: '{{ audit_file }}'
      regexp: (-a always,exit -F arch=b64)(?=.*(?:(?:-S |,)(?:{{ syscalls_per_file[audit_file]
        | join("|") }}))\b)((?:( -S |,)\w+)+)( -F exit=-EACCES -F auid&gt;=1000 -F auid!=unset
        (?:-k |-F key=)\w+)
      line: \1\2\3{{ missing_syscalls | join("\3") }}\4
      backrefs: true
      state: present
      mode: g-rwx,o-rwx
    when: syscalls_found | length &gt; 0 and missing_syscalls | length &gt; 0

  - name: Add the audit rule to {{ audit_file }}
    ansible.builtin.lineinfile:
      path: '{{ audit_file }}'
      line: -a always,exit -F arch=b64 -S {{ syscalls | join(',') }} -F exit=-EACCES
        -F auid&gt;=1000 -F auid!=unset -F key=access
      create: true
      mode: g-rwx,o-rwx
      state: present
    when: syscalls_found | length == 0

  - name: Declare list of syscalls
    ansible.builtin.set_fact:
      syscalls:
      - unlinkat
      syscall_grouping:
      - rename
      - renameat
      - renameat2
      - unlink
      - unlinkat

  - name: Check existence of unlinkat in /etc/audit/audit.rules
    ansible.builtin.find:
      paths: /etc/audit
      contains: -a always,exit -F arch=b64(( -S |,)\w+)*(( -S |,){{ item }})+(( -S
        |,)\w+)* -F exit=-EACCES -F auid&gt;=1000 -F auid!=unset (-k\s+|-F\s+key=)\S+\s*$
      patterns: audit.rules
    register: find_command
    loop: '{{ (syscall_grouping + syscalls) | unique }}'

  - name: Set path to /etc/audit/audit.rules
    ansible.builtin.set_fact: audit_file="/etc/audit/audit.rules"

  - name: Declare found syscalls
    ansible.builtin.set_fact: syscalls_found="{{ find_command.results | selectattr('matched')
      | map(attribute='item') | list }}"

  - name: Declare missing syscalls
    ansible.builtin.set_fact: missing_syscalls="{{ syscalls | difference(syscalls_found)
      }}"

  - name: Replace the audit rule in {{ audit_file }}
    ansible.builtin.lineinfile:
      path: '{{ audit_file }}'
      regexp: (-a always,exit -F arch=b64)(?=.*(?:(?:-S |,)(?:{{ syscalls_found |
        join("|") }}))\b)((?:( -S |,)\w+)+)( -F exit=-EACCES -F auid&gt;=1000 -F auid!=unset
        (?:-k |-F key=)\w+)
      line: \1\2\3{{ missing_syscalls | join("\3") }}\4
      backrefs: true
      state: present
      mode: g-rwx,o-rwx
    when: syscalls_found | length &gt; 0 and missing_syscalls | length &gt; 0

  - name: Add the audit rule to {{ audit_file }}
    ansible.builtin.lineinfile:
      path: '{{ audit_file }}'
      line: -a always,exit -F arch=b64 -S {{ syscalls | join(',') }} -F exit=-EACCES
        -F auid&gt;=1000 -F auid!=unset -F key=access
      create: true
      mode: g-rwx,o-rwx
      state: present
    when: syscalls_found | length == 0
  when:
  - '"audit" in ansible_facts.packages'
  - ("kernel-default" in ansible_facts.packages or "kernel-default-base" in ansible_facts.packages)
  - audit_arch == "b64"
  tags:
  - CCE-85704-5
  - DISA-STIG-SLES-15-030740
  - NIST-800-171-3.1.7
  - NIST-800-53-AU-12(c)
  - NIST-800-53-AU-12.1(iv)
  - PCI-DSS-Req-10.2.1
  - PCI-DSS-Req-10.2.4
  - audit_rules_unsuccessful_file_modification_unlinkat
  - low_complexity
  - low_disruption
  - medium_severity
  - reboot_required
  - restrict_strategy

- name: Perform remediation of Audit rules for unlinkat EPERM for 32bit platform
  block:

  - name: Declare list of syscalls
    ansible.builtin.set_fact:
      syscalls:
      - unlinkat
      syscall_grouping:
      - rename
      - renameat
      - renameat2
      - unlink
      - unlinkat

  - name: Check existence of unlinkat in /etc/audit/rules.d/
    ansible.builtin.find:
      paths: /etc/audit/rules.d
      contains: -a always,exit -F arch=b32(( -S |,)\w+)*(( -S |,){{ item }})+(( -S
        |,)\w+)* -F exit=-EPERM -F auid&gt;=1000 -F auid!=unset (-k\s+|-F\s+key=)\S+\s*$
      patterns: '*.rules'
    register: find_command
    loop: '{{ (syscall_grouping + syscalls) | unique }}'

  - name: Reset syscalls found per file
    ansible.builtin.set_fact:
      syscalls_per_file: {}
      found_paths_dict: {}

  - name: Declare syscalls found per file
    ansible.builtin.set_fact: syscalls_per_file="{{ syscalls_per_file | combine( {item.files[0].path
      :[item.item] + syscalls_per_file.get(item.files[0].path, []) } ) }}"
    loop: '{{ find_command.results | selectattr(''matched'') | list }}'

  - name: Declare files where syscalls were found
    ansible.builtin.set_fact: found_paths="{{ find_command.results | map(attribute='files')
      | flatten | map(attribute='path') | list }}"

  - name: Count occurrences of syscalls in paths
    ansible.builtin.set_fact: found_paths_dict="{{ found_paths_dict | combine({ item:1+found_paths_dict.get(item,
      0) }) }}"
    loop: '{{ find_command.results | map(attribute=''files'') | flatten | map(attribute=''path'')
      | list }}'

  - name: Get path with most syscalls
    ansible.builtin.set_fact: audit_file="{{ (found_paths_dict | dict2items() | sort(attribute='value')
      | last).key }}"
    when: found_paths | length &gt;= 1

  - name: No file with syscall found, set path to /etc/audit/rules.d/access.rules
    ansible.builtin.set_fact: audit_file="/etc/audit/rules.d/access.rules"
    when: found_paths | length == 0

  - name: Declare found syscalls
    ansible.builtin.set_fact: syscalls_found="{{ find_command.results | selectattr('matched')
      | map(attribute='item') | list }}"

  - name: Declare missing syscalls
    ansible.builtin.set_fact: missing_syscalls="{{ syscalls | difference(syscalls_found)
      }}"

  - name: Replace the audit rule in {{ audit_file }}
    ansible.builtin.lineinfile:
      path: '{{ audit_file }}'
      regexp: (-a always,exit -F arch=b32)(?=.*(?:(?:-S |,)(?:{{ syscalls_per_file[audit_file]
        | join("|") }}))\b)((?:( -S |,)\w+)+)( -F exit=-EPERM -F auid&gt;=1000 -F auid!=unset
        (?:-k |-F key=)\w+)
      line: \1\2\3{{ missing_syscalls | join("\3") }}\4
      backrefs: true
      state: present
      mode: g-rwx,o-rwx
    when: syscalls_found | length &gt; 0 and missing_syscalls | length &gt; 0

  - name: Add the audit rule to {{ audit_file }}
    ansible.builtin.lineinfile:
      path: '{{ audit_file }}'
      line: -a always,exit -F arch=b32 -S {{ syscalls | join(',') }} -F exit=-EPERM
        -F auid&gt;=1000 -F auid!=unset -F key=access
      create: true
      mode: g-rwx,o-rwx
      state: present
    when: syscalls_found | length == 0

  - name: Declare list of syscalls
    ansible.builtin.set_fact:
      syscalls:
      - unlinkat
      syscall_grouping:
      - rename
      - renameat
      - renameat2
      - unlink
      - unlinkat

  - name: Check existence of unlinkat in /etc/audit/audit.rules
    ansible.builtin.find:
      paths: /etc/audit
      contains: -a always,exit -F arch=b32(( -S |,)\w+)*(( -S |,){{ item }})+(( -S
        |,)\w+)* -F exit=-EPERM -F auid&gt;=1000 -F auid!=unset (-k\s+|-F\s+key=)\S+\s*$
      patterns: audit.rules
    register: find_command
    loop: '{{ (syscall_grouping + syscalls) | unique }}'

  - name: Set path to /etc/audit/audit.rules
    ansible.builtin.set_fact: audit_file="/etc/audit/audit.rules"

  - name: Declare found syscalls
    ansible.builtin.set_fact: syscalls_found="{{ find_command.results | selectattr('matched')
      | map(attribute='item') | list }}"

  - name: Declare missing syscalls
    ansible.builtin.set_fact: missing_syscalls="{{ syscalls | difference(syscalls_found)
      }}"

  - name: Replace the audit rule in {{ audit_file }}
    ansible.builtin.lineinfile:
      path: '{{ audit_file }}'
      regexp: (-a always,exit -F arch=b32)(?=.*(?:(?:-S |,)(?:{{ syscalls_found |
        join("|") }}))\b)((?:( -S |,)\w+)+)( -F exit=-EPERM -F auid&gt;=1000 -F auid!=unset
        (?:-k |-F key=)\w+)
      line: \1\2\3{{ missing_syscalls | join("\3") }}\4
      backrefs: true
      state: present
      mode: g-rwx,o-rwx
    when: syscalls_found | length &gt; 0 and missing_syscalls | length &gt; 0

  - name: Add the audit rule to {{ audit_file }}
    ansible.builtin.lineinfile:
      path: '{{ audit_file }}'
      line: -a always,exit -F arch=b32 -S {{ syscalls | join(',') }} -F exit=-EPERM
        -F auid&gt;=1000 -F auid!=unset -F key=access
      create: true
      mode: g-rwx,o-rwx
      state: present
    when: syscalls_found | length == 0
  when:
  - '"audit" in ansible_facts.packages'
  - ("kernel-default" in ansible_facts.packages or "kernel-default-base" in ansible_facts.packages)
  tags:
  - CCE-85704-5
  - DISA-STIG-SLES-15-030740
  - NIST-800-171-3.1.7
  - NIST-800-53-AU-12(c)
  - NIST-800-53-AU-12.1(iv)
  - PCI-DSS-Req-10.2.1
  - PCI-DSS-Req-10.2.4
  - audit_rules_unsuccessful_file_modification_unlinkat
  - low_complexity
  - low_disruption
  - medium_severity
  - reboot_required
  - restrict_strategy

- name: Perform remediation of Audit rules for unlinkat EPERM for 64bit platform
  block:

  - name: Declare list of syscalls
    ansible.builtin.set_fact:
      syscalls:
      - unlinkat
      syscall_grouping:
      - rename
      - renameat
      - renameat2
      - unlink
      - unlinkat

  - name: Check existence of unlinkat in /etc/audit/rules.d/
    ansible.builtin.find:
      paths: /etc/audit/rules.d
      contains: -a always,exit -F arch=b64(( -S |,)\w+)*(( -S |,){{ item }})+(( -S
        |,)\w+)* -F exit=-EPERM -F auid&gt;=1000 -F auid!=unset (-k\s+|-F\s+key=)\S+\s*$
      patterns: '*.rules'
    register: find_command
    loop: '{{ (syscall_grouping + syscalls) | unique }}'

  - name: Reset syscalls found per file
    ansible.builtin.set_fact:
      syscalls_per_file: {}
      found_paths_dict: {}

  - name: Declare syscalls found per file
    ansible.builtin.set_fact: syscalls_per_file="{{ syscalls_per_file | combine( {item.files[0].path
      :[item.item] + syscalls_per_file.get(item.files[0].path, []) } ) }}"
    loop: '{{ find_command.results | selectattr(''matched'') | list }}'

  - name: Declare files where syscalls were found
    ansible.builtin.set_fact: found_paths="{{ find_command.results | map(attribute='files')
      | flatten | map(attribute='path') | list }}"

  - name: Count occurrences of syscalls in paths
    ansible.builtin.set_fact: found_paths_dict="{{ found_paths_dict | combine({ item:1+found_paths_dict.get(item,
      0) }) }}"
    loop: '{{ find_command.results | map(attribute=''files'') | flatten | map(attribute=''path'')
      | list }}'

  - name: Get path with most syscalls
    ansible.builtin.set_fact: audit_file="{{ (found_paths_dict | dict2items() | sort(attribute='value')
      | last).key }}"
    when: found_paths | length &gt;= 1

  - name: No file with syscall found, set path to /etc/audit/rules.d/access.rules
    ansible.builtin.set_fact: audit_file="/etc/audit/rules.d/access.rules"
    when: found_paths | length == 0

  - name: Declare found syscalls
    ansible.builtin.set_fact: syscalls_found="{{ find_command.results | selectattr('matched')
      | map(attribute='item') | list }}"

  - name: Declare missing syscalls
    ansible.builtin.set_fact: missing_syscalls="{{ syscalls | difference(syscalls_found)
      }}"

  - name: Replace the audit rule in {{ audit_file }}
    ansible.builtin.lineinfile:
      path: '{{ audit_file }}'
      regexp: (-a always,exit -F arch=b64)(?=.*(?:(?:-S |,)(?:{{ syscalls_per_file[audit_file]
        | join("|") }}))\b)((?:( -S |,)\w+)+)( -F exit=-EPERM -F auid&gt;=1000 -F auid!=unset
        (?:-k |-F key=)\w+)
      line: \1\2\3{{ missing_syscalls | join("\3") }}\4
      backrefs: true
      state: present
      mode: g-rwx,o-rwx
    when: syscalls_found | length &gt; 0 and missing_syscalls | length &gt; 0

  - name: Add the audit rule to {{ audit_file }}
    ansible.builtin.lineinfile:
      path: '{{ audit_file }}'
      line: -a always,exit -F arch=b64 -S {{ syscalls | join(',') }} -F exit=-EPERM
        -F auid&gt;=1000 -F auid!=unset -F key=access
      create: true
      mode: g-rwx,o-rwx
      state: present
    when: syscalls_found | length == 0

  - name: Declare list of syscalls
    ansible.builtin.set_fact:
      syscalls:
      - unlinkat
      syscall_grouping:
      - rename
      - renameat
      - renameat2
      - unlink
      - unlinkat

  - name: Check existence of unlinkat in /etc/audit/audit.rules
    ansible.builtin.find:
      paths: /etc/audit
      contains: -a always,exit -F arch=b64(( -S |,)\w+)*(( -S |,){{ item }})+(( -S
        |,)\w+)* -F exit=-EPERM -F auid&gt;=1000 -F auid!=unset (-k\s+|-F\s+key=)\S+\s*$
      patterns: audit.rules
    register: find_command
    loop: '{{ (syscall_grouping + syscalls) | unique }}'

  - name: Set path to /etc/audit/audit.rules
    ansible.builtin.set_fact: audit_file="/etc/audit/audit.rules"

  - name: Declare found syscalls
    ansible.builtin.set_fact: syscalls_found="{{ find_command.results | selectattr('matched')
      | map(attribute='item') | list }}"

  - name: Declare missing syscalls
    ansible.builtin.set_fact: missing_syscalls="{{ syscalls | difference(syscalls_found)
      }}"

  - name: Replace the audit rule in {{ audit_file }}
    ansible.builtin.lineinfile:
      path: '{{ audit_file }}'
      regexp: (-a always,exit -F arch=b64)(?=.*(?:(?:-S |,)(?:{{ syscalls_found |
        join("|") }}))\b)((?:( -S |,)\w+)+)( -F exit=-EPERM -F auid&gt;=1000 -F auid!=unset
        (?:-k |-F key=)\w+)
      line: \1\2\3{{ missing_syscalls | join("\3") }}\4
      backrefs: true
      state: present
      mode: g-rwx,o-rwx
    when: syscalls_found | length &gt; 0 and missing_syscalls | length &gt; 0

  - name: Add the audit rule to {{ audit_file }}
    ansible.builtin.lineinfile:
      path: '{{ audit_file }}'
      line: -a always,exit -F arch=b64 -S {{ syscalls | join(',') }} -F exit=-EPERM
        -F auid&gt;=1000 -F auid!=unset -F key=access
      create: true
      mode: g-rwx,o-rwx
      state: present
    when: syscalls_found | length == 0
  when:
  - '"audit" in ansible_facts.packages'
  - ("kernel-default" in ansible_facts.packages or "kernel-default-base" in ansible_facts.packages)
  - audit_arch == "b64"
  tags:
  - CCE-85704-5
  - DISA-STIG-SLES-15-030740
  - NIST-800-171-3.1.7
  - NIST-800-53-AU-12(c)
  - NIST-800-53-AU-12.1(iv)
  - PCI-DSS-Req-10.2.1
  - PCI-DSS-Req-10.2.4
  - audit_rules_unsuccessful_file_modification_unlinkat
  - low_complexity
  - low_disruption
  - medium_severity
  - reboot_required
  - restrict_strategy
</fix>
          <check system="http://oval.mitre.org/XMLSchema/oval-definitions-5">
            <check-content-ref name="oval:ssg-audit_rules_unsuccessful_file_modification_unlinkat:def:1" href="ssg-sle15-oval.xml"/>
          </check>
          <check system="http://scap.nist.gov/schema/ocil/2">
            <check-content-ref name="ocil:ssg-audit_rules_unsuccessful_file_modification_unlinkat_ocil:questionnaire:1" href="ssg-sle15-ocil.xml"/>
          </check>
        </Rule>
      </Group>
      <Group id="xccdf_org.ssgproject.content_group_audit_kernel_module_loading">
        <title xmlns:xhtml="http://www.w3.org/1999/xhtml" xml:lang="en-US">Record Information on Kernel Modules Loading and Unloading</title>
        <description xmlns:xhtml="http://www.w3.org/1999/xhtml" xml:lang="en-US">To capture kernel module loading and unloading events, use following lines, setting ARCH to
either b32 for 32-bit system, or having two lines for both b32 and b64 in case your system is 64-bit:
<html:pre xmlns:html="http://www.w3.org/1999/xhtml">
-a always,exit -F arch=<html:i>ARCH</html:i> -S init_module,delete_module -F key=modules
</html:pre>

Place to add the lines depends on a way <html:code xmlns:html="http://www.w3.org/1999/xhtml">auditd</html:code> daemon is configured. If it is configured
to use the <html:code xmlns:html="http://www.w3.org/1999/xhtml">augenrules</html:code> program (the default), add the lines to a file with suffix
<html:code xmlns:html="http://www.w3.org/1999/xhtml">.rules</html:code> in the directory <html:code xmlns:html="http://www.w3.org/1999/xhtml">/etc/audit/rules.d</html:code>.

If the <html:code xmlns:html="http://www.w3.org/1999/xhtml">auditd</html:code> daemon is configured to use the <html:code xmlns:html="http://www.w3.org/1999/xhtml">auditctl</html:code> utility,
add the lines to file <html:code xmlns:html="http://www.w3.org/1999/xhtml">/etc/audit/audit.rules</html:code>.</description>
        <Rule id="xccdf_org.ssgproject.content_rule_audit_rules_kernel_module_loading" selected="false" role="full" severity="medium">
          <title xmlns:xhtml="http://www.w3.org/1999/xhtml" xml:lang="en-US">Ensure auditd Collects Information on Kernel Module Loading and Unloading</title>
          <description xmlns:xhtml="http://www.w3.org/1999/xhtml" xml:lang="en-US">To capture kernel module loading and unloading events, use following lines, setting ARCH to
either b32 for 32-bit system, or having two lines for both b32 and b64 in case your system is 64-bit:
<html:pre xmlns:html="http://www.w3.org/1999/xhtml">
-a always,exit -F arch=<html:i>ARCH</html:i> -S init_module,finit_module,delete_module -F key=modules
</html:pre>

The place to add the lines depends on a way <html:code xmlns:html="http://www.w3.org/1999/xhtml">auditd</html:code> daemon is configured. If it is configured
to use the <html:code xmlns:html="http://www.w3.org/1999/xhtml">augenrules</html:code> program (the default), add the lines to a file with suffix
<html:code xmlns:html="http://www.w3.org/1999/xhtml">.rules</html:code> in the directory <html:code xmlns:html="http://www.w3.org/1999/xhtml">/etc/audit/rules.d</html:code>.

If the <html:code xmlns:html="http://www.w3.org/1999/xhtml">auditd</html:code> daemon is configured to use the <html:code xmlns:html="http://www.w3.org/1999/xhtml">auditctl</html:code> utility,
add the lines to file <html:code xmlns:html="http://www.w3.org/1999/xhtml">/etc/audit/audit.rules</html:code>.</description>
          <reference href="https://www.cisecurity.org/controls/">1</reference>
          <reference href="https://www.cisecurity.org/controls/">11</reference>
          <reference href="https://www.cisecurity.org/controls/">12</reference>
          <reference href="https://www.cisecurity.org/controls/">13</reference>
          <reference href="https://www.cisecurity.org/controls/">14</reference>
          <reference href="https://www.cisecurity.org/controls/">15</reference>
          <reference href="https://www.cisecurity.org/controls/">16</reference>
          <reference href="https://www.cisecurity.org/controls/">19</reference>
          <reference href="https://www.cisecurity.org/controls/">2</reference>
          <reference href="https://www.cisecurity.org/controls/">3</reference>
          <reference href="https://www.cisecurity.org/controls/">4</reference>
          <reference href="https://www.cisecurity.org/controls/">5</reference>
          <reference href="https://www.cisecurity.org/controls/">6</reference>
          <reference href="https://www.cisecurity.org/controls/">7</reference>
          <reference href="https://www.cisecurity.org/controls/">8</reference>
          <reference href="https://www.cisecurity.org/controls/">9</reference>
          <reference href="https://www.fbi.gov/file-repository/cjis-security-policy-v5_5_20160601-2-1.pdf">5.4.1.1</reference>
          <reference href="https://www.isaca.org/resources/cobit">APO10.01</reference>
          <reference href="https://www.isaca.org/resources/cobit">APO10.03</reference>
          <reference href="https://www.isaca.org/resources/cobit">APO10.04</reference>
          <reference href="https://www.isaca.org/resources/cobit">APO10.05</reference>
          <reference href="https://www.isaca.org/resources/cobit">APO11.04</reference>
          <reference href="https://www.isaca.org/resources/cobit">APO12.06</reference>
          <reference href="https://www.isaca.org/resources/cobit">APO13.01</reference>
          <reference href="https://www.isaca.org/resources/cobit">BAI03.05</reference>
          <reference href="https://www.isaca.org/resources/cobit">BAI08.02</reference>
          <reference href="https://www.isaca.org/resources/cobit">DSS01.03</reference>
          <reference href="https://www.isaca.org/resources/cobit">DSS01.04</reference>
          <reference href="https://www.isaca.org/resources/cobit">DSS02.02</reference>
          <reference href="https://www.isaca.org/resources/cobit">DSS02.04</reference>
          <reference href="https://www.isaca.org/resources/cobit">DSS02.07</reference>
          <reference href="https://www.isaca.org/resources/cobit">DSS03.01</reference>
          <reference href="https://www.isaca.org/resources/cobit">DSS03.05</reference>
          <reference href="https://www.isaca.org/resources/cobit">DSS05.02</reference>
          <reference href="https://www.isaca.org/resources/cobit">DSS05.03</reference>
          <reference href="https://www.isaca.org/resources/cobit">DSS05.04</reference>
          <reference href="https://www.isaca.org/resources/cobit">DSS05.05</reference>
          <reference href="https://www.isaca.org/resources/cobit">DSS05.07</reference>
          <reference href="https://www.isaca.org/resources/cobit">MEA01.01</reference>
          <reference href="https://www.isaca.org/resources/cobit">MEA01.02</reference>
          <reference href="https://www.isaca.org/resources/cobit">MEA01.03</reference>
          <reference href="https://www.isaca.org/resources/cobit">MEA01.04</reference>
          <reference href="https://www.isaca.org/resources/cobit">MEA01.05</reference>
          <reference href="https://www.isaca.org/resources/cobit">MEA02.01</reference>
          <reference href="http://nvlpubs.nist.gov/nistpubs/SpecialPublications/NIST.SP.800-171.pdf">3.1.7</reference>
          <reference href="https://www.isa.org/products/isa-62443-2-1-2009-security-for-industrial-automat">4.2.3.10</reference>
          <reference href="https://www.isa.org/products/isa-62443-2-1-2009-security-for-industrial-automat">4.3.2.6.7</reference>
          <reference href="https://www.isa.org/products/isa-62443-2-1-2009-security-for-industrial-automat">4.3.3.3.9</reference>
          <reference href="https://www.isa.org/products/isa-62443-2-1-2009-security-for-industrial-automat">4.3.3.5.8</reference>
          <reference href="https://www.isa.org/products/isa-62443-2-1-2009-security-for-industrial-automat">4.3.3.6.6</reference>
          <reference href="https://www.isa.org/products/isa-62443-2-1-2009-security-for-industrial-automat">4.3.4.4.7</reference>
          <reference href="https://www.isa.org/products/isa-62443-2-1-2009-security-for-industrial-automat">4.3.4.5.6</reference>
          <reference href="https://www.isa.org/products/isa-62443-2-1-2009-security-for-industrial-automat">4.3.4.5.7</reference>
          <reference href="https://www.isa.org/products/isa-62443-2-1-2009-security-for-industrial-automat">4.3.4.5.8</reference>
          <reference href="https://www.isa.org/products/isa-62443-2-1-2009-security-for-industrial-automat">4.4.2.1</reference>
          <reference href="https://www.isa.org/products/isa-62443-2-1-2009-security-for-industrial-automat">4.4.2.2</reference>
          <reference href="https://www.isa.org/products/isa-62443-2-1-2009-security-for-industrial-automat">4.4.2.4</reference>
          <reference href="https://www.isa.org/products/ansi-isa-62443-3-3-99-03-03-2013-security-for-indu">SR 1.13</reference>
          <reference href="https://www.isa.org/products/ansi-isa-62443-3-3-99-03-03-2013-security-for-indu">SR 2.10</reference>
          <reference href="https://www.isa.org/products/ansi-isa-62443-3-3-99-03-03-2013-security-for-indu">SR 2.11</reference>
          <reference href="https://www.isa.org/products/ansi-isa-62443-3-3-99-03-03-2013-security-for-indu">SR 2.12</reference>
          <reference href="https://www.isa.org/products/ansi-isa-62443-3-3-99-03-03-2013-security-for-indu">SR 2.6</reference>
          <reference href="https://www.isa.org/products/ansi-isa-62443-3-3-99-03-03-2013-security-for-indu">SR 2.8</reference>
          <reference href="https://www.isa.org/products/ansi-isa-62443-3-3-99-03-03-2013-security-for-indu">SR 2.9</reference>
          <reference href="https://www.isa.org/products/ansi-isa-62443-3-3-99-03-03-2013-security-for-indu">SR 3.1</reference>
          <reference href="https://www.isa.org/products/ansi-isa-62443-3-3-99-03-03-2013-security-for-indu">SR 3.5</reference>
          <reference href="https://www.isa.org/products/ansi-isa-62443-3-3-99-03-03-2013-security-for-indu">SR 3.8</reference>
          <reference href="https://www.isa.org/products/ansi-isa-62443-3-3-99-03-03-2013-security-for-indu">SR 4.1</reference>
          <reference href="https://www.isa.org/products/ansi-isa-62443-3-3-99-03-03-2013-security-for-indu">SR 4.3</reference>
          <reference href="https://www.isa.org/products/ansi-isa-62443-3-3-99-03-03-2013-security-for-indu">SR 5.1</reference>
          <reference href="https://www.isa.org/products/ansi-isa-62443-3-3-99-03-03-2013-security-for-indu">SR 5.2</reference>
          <reference href="https://www.isa.org/products/ansi-isa-62443-3-3-99-03-03-2013-security-for-indu">SR 5.3</reference>
          <reference href="https://www.isa.org/products/ansi-isa-62443-3-3-99-03-03-2013-security-for-indu">SR 6.1</reference>
          <reference href="https://www.isa.org/products/ansi-isa-62443-3-3-99-03-03-2013-security-for-indu">SR 6.2</reference>
          <reference href="https://www.isa.org/products/ansi-isa-62443-3-3-99-03-03-2013-security-for-indu">SR 7.1</reference>
          <reference href="https://www.isa.org/products/ansi-isa-62443-3-3-99-03-03-2013-security-for-indu">SR 7.6</reference>
          <reference href="https://www.iso.org/contents/data/standard/05/45/54534.html">A.11.2.6</reference>
          <reference href="https://www.iso.org/contents/data/standard/05/45/54534.html">A.12.4.1</reference>
          <reference href="https://www.iso.org/contents/data/standard/05/45/54534.html">A.12.4.2</reference>
          <reference href="https://www.iso.org/contents/data/standard/05/45/54534.html">A.12.4.3</reference>
          <reference href="https://www.iso.org/contents/data/standard/05/45/54534.html">A.12.4.4</reference>
          <reference href="https://www.iso.org/contents/data/standard/05/45/54534.html">A.12.7.1</reference>
          <reference href="https://www.iso.org/contents/data/standard/05/45/54534.html">A.13.1.1</reference>
          <reference href="https://www.iso.org/contents/data/standard/05/45/54534.html">A.13.2.1</reference>
          <reference href="https://www.iso.org/contents/data/standard/05/45/54534.html">A.14.1.3</reference>
          <reference href="https://www.iso.org/contents/data/standard/05/45/54534.html">A.14.2.7</reference>
          <reference href="https://www.iso.org/contents/data/standard/05/45/54534.html">A.15.2.1</reference>
          <reference href="https://www.iso.org/contents/data/standard/05/45/54534.html">A.15.2.2</reference>
          <reference href="https://www.iso.org/contents/data/standard/05/45/54534.html">A.16.1.4</reference>
          <reference href="https://www.iso.org/contents/data/standard/05/45/54534.html">A.16.1.5</reference>
          <reference href="https://www.iso.org/contents/data/standard/05/45/54534.html">A.16.1.7</reference>
          <reference href="https://www.iso.org/contents/data/standard/05/45/54534.html">A.6.2.1</reference>
          <reference href="https://www.iso.org/contents/data/standard/05/45/54534.html">A.6.2.2</reference>
          <reference href="http://nvlpubs.nist.gov/nistpubs/SpecialPublications/NIST.SP.800-53r4.pdf">AU-2(d)</reference>
          <reference href="http://nvlpubs.nist.gov/nistpubs/SpecialPublications/NIST.SP.800-53r4.pdf">AU-12(c)</reference>
          <reference href="http://nvlpubs.nist.gov/nistpubs/SpecialPublications/NIST.SP.800-53r4.pdf">AC-6(9)</reference>
          <reference href="http://nvlpubs.nist.gov/nistpubs/SpecialPublications/NIST.SP.800-53r4.pdf">CM-6(a)</reference>
          <reference href="https://nvlpubs.nist.gov/nistpubs/CSWP/NIST.CSWP.04162018.pdf">DE.AE-3</reference>
          <reference href="https://nvlpubs.nist.gov/nistpubs/CSWP/NIST.CSWP.04162018.pdf">DE.AE-5</reference>
          <reference href="https://nvlpubs.nist.gov/nistpubs/CSWP/NIST.CSWP.04162018.pdf">DE.CM-1</reference>
          <reference href="https://nvlpubs.nist.gov/nistpubs/CSWP/NIST.CSWP.04162018.pdf">DE.CM-3</reference>
          <reference href="https://nvlpubs.nist.gov/nistpubs/CSWP/NIST.CSWP.04162018.pdf">DE.CM-7</reference>
          <reference href="https://nvlpubs.nist.gov/nistpubs/CSWP/NIST.CSWP.04162018.pdf">ID.SC-4</reference>
          <reference href="https://nvlpubs.nist.gov/nistpubs/CSWP/NIST.CSWP.04162018.pdf">PR.AC-3</reference>
          <reference href="https://nvlpubs.nist.gov/nistpubs/CSWP/NIST.CSWP.04162018.pdf">PR.PT-1</reference>
          <reference href="https://nvlpubs.nist.gov/nistpubs/CSWP/NIST.CSWP.04162018.pdf">PR.PT-4</reference>
          <reference href="https://nvlpubs.nist.gov/nistpubs/CSWP/NIST.CSWP.04162018.pdf">RS.AN-1</reference>
          <reference href="https://nvlpubs.nist.gov/nistpubs/CSWP/NIST.CSWP.04162018.pdf">RS.AN-4</reference>
          <reference href="https://www.pcisecuritystandards.org/documents/PCI_DSS_v3-2-1.pdf">Req-10.2.7</reference>
          <reference href="https://www.cisecurity.org/benchmark/suse_linux/">4.1.16</reference>
          <reference href="not_publicly_available">SLES-15-750450405</reference>
          <reference href="https://www.cyber.gov.au/acsc/view-all-content/ism">0582</reference>
          <rationale xmlns:xhtml="http://www.w3.org/1999/xhtml" xml:lang="en-US">The addition/removal of kernel modules can be used to alter the behavior of
the kernel and potentially introduce malicious code into kernel space. It is important
to have an audit trail of modules that have been introduced into the kernel.</rationale>
          <ident system="https://ncp.nist.gov/cce">CCE-91247-7</ident>
          <fix xmlns:xhtml="http://www.w3.org/1999/xhtml" id="audit_rules_kernel_module_loading" system="urn:xccdf:fix:script:sh"># Remediation is applicable only in certain platforms
if rpm --quiet -q audit &amp;&amp; rpm --quiet -q kernel-default || rpm --quiet -q kernel-default-base; then

# First perform the remediation of the syscall rule
# Retrieve hardware architecture of the underlying system
# Note: 32-bit and 64-bit kernel syscall numbers not always line up =&gt;
#       it's required on a 64-bit system to check also for the presence
#       of 32-bit's equivalent of the corresponding rule.
#       (See `man 7 audit.rules` for details )
[ "$(getconf LONG_BIT)" = "32" ] &amp;&amp; RULE_ARCHS=("b32") || RULE_ARCHS=("b32" "b64")

for ARCH in "${RULE_ARCHS[@]}"
do
        ACTION_ARCH_FILTERS="-a always,exit -F arch=$ARCH"
        OTHER_FILTERS=""
        
        AUID_FILTERS=""
        
        SYSCALL="init_module finit_module delete_module"
        KEY="modules"
        SYSCALL_GROUPING="init_module finit_module delete_module"
        # Perform the remediation for both possible tools: 'auditctl' and 'augenrules'
        unset syscall_a
unset syscall_grouping
unset syscall_string
unset syscall
unset file_to_edit
unset rule_to_edit
unset rule_syscalls_to_edit
unset other_string
unset auid_string
unset full_rule

# Load macro arguments into arrays
read -a syscall_a &lt;&lt;&lt; $SYSCALL
read -a syscall_grouping &lt;&lt;&lt; $SYSCALL_GROUPING

# Create a list of audit *.rules files that should be inspected for presence and correctness
# of a particular audit rule. The scheme is as follows:
#
# -----------------------------------------------------------------------------------------
#  Tool used to load audit rules | Rule already defined  |  Audit rules file to inspect    |
# -----------------------------------------------------------------------------------------
#        auditctl                |     Doesn't matter    |  /etc/audit/audit.rules         |
# -----------------------------------------------------------------------------------------
#        augenrules              |          Yes          |  /etc/audit/rules.d/*.rules     |
#        augenrules              |          No           |  /etc/audit/rules.d/$key.rules  |
# -----------------------------------------------------------------------------------------
#
files_to_inspect=()

# If audit tool is 'augenrules', then check if the audit rule is defined
# If rule is defined, add '/etc/audit/rules.d/*.rules' to the list for inspection
# If rule isn't defined yet, add '/etc/audit/rules.d/$key.rules' to the list for inspection
default_file="/etc/audit/rules.d/$KEY.rules"
# As other_filters may include paths, lets use a different delimiter for it
# The "F" script expression tells sed to print the filenames where the expressions matched
readarray -t files_to_inspect &lt; &lt;(sed -s -n -e "/^$ACTION_ARCH_FILTERS/!d" -e "\#$OTHER_FILTERS#!d" -e "/$AUID_FILTERS/!d" -e "F" /etc/audit/rules.d/*.rules)
# Case when particular rule isn't defined in /etc/audit/rules.d/*.rules yet
if [ ${#files_to_inspect[@]} -eq "0" ]
then
    file_to_inspect="/etc/audit/rules.d/$KEY.rules"
    files_to_inspect=("$file_to_inspect")
    if [ ! -e "$file_to_inspect" ]
    then
        touch "$file_to_inspect"
        chmod 0600 "$file_to_inspect"
    fi
fi

# After converting to jinja, we cannot return; therefore we skip the rest of the macro if needed instead
skip=1

for audit_file in "${files_to_inspect[@]}"
do
    # Filter existing $audit_file rules' definitions to select those that satisfy the rule pattern,
    # i.e, collect rules that match:
    # * the action, list and arch, (2-nd argument)
    # * the other filters, (3-rd argument)
    # * the auid filters, (4-rd argument)
    readarray -t similar_rules &lt; &lt;(sed -e "/^$ACTION_ARCH_FILTERS/!d"  -e "\#$OTHER_FILTERS#!d" -e "/$AUID_FILTERS/!d" "$audit_file")

    candidate_rules=()
    # Filter out rules that have more fields then required. This will remove rules more specific than the required scope
    for s_rule in "${similar_rules[@]}"
    do
        # Strip all the options and fields we know of,
        # than check if there was any field left over
        extra_fields=$(sed -E -e "s/^$ACTION_ARCH_FILTERS//"  -e "s#$OTHER_FILTERS##" -e "s/$AUID_FILTERS//" -e "s/((:?-S [[:alnum:],]+)+)//g" -e "s/-F key=\w+|-k \w+//"&lt;&lt;&lt; "$s_rule")
        grep -q -- "-F" &lt;&lt;&lt; "$extra_fields" || candidate_rules+=("$s_rule")
    done

    if [[ ${#syscall_a[@]} -ge 1 ]]
    then
        # Check if the syscall we want is present in any of the similar existing rules
        for rule in "${candidate_rules[@]}"
        do
            rule_syscalls=$(echo "$rule" | grep -o -P '(-S [\w,]+)+' | xargs)
            all_syscalls_found=0
            for syscall in "${syscall_a[@]}"
            do
                grep -q -- "\b${syscall}\b" &lt;&lt;&lt; "$rule_syscalls" || {
                   # A syscall was not found in the candidate rule
                   all_syscalls_found=1
                   }
            done
            if [[ $all_syscalls_found -eq 0 ]]
            then
                # We found a rule with all the syscall(s) we want; skip rest of macro
                skip=0
                break
            fi

            # Check if this rule can be grouped with our target syscall and keep track of it
            for syscall_g in "${syscall_grouping[@]}"
            do
                if grep -q -- "\b${syscall_g}\b" &lt;&lt;&lt; "$rule_syscalls"
                then
                    file_to_edit=${audit_file}
                    rule_to_edit=${rule}
                    rule_syscalls_to_edit=${rule_syscalls}
                fi
            done
        done
    else
        # If there is any candidate rule, it is compliant; skip rest of macro
        if [ "${#candidate_rules[@]}" -gt 0 ]
        then
            skip=0
        fi
    fi

    if [ "$skip" -eq 0 ]; then
        break
    fi
done

if [ "$skip" -ne 0 ]; then
    # We checked all rules that matched the expected resemblance pattern (action, arch &amp; auid)
    # At this point we know if we need to either append the $full_rule or group
    # the syscall together with an exsiting rule

    # Append the full_rule if it cannot be grouped to any other rule
    if [ -z ${rule_to_edit+x} ]
    then
        # Build full_rule while avoid adding double spaces when other_filters is empty
        if [ "${#syscall_a[@]}" -gt 0 ]
        then
            syscall_string=""
            for syscall in "${syscall_a[@]}"
            do
                syscall_string+=" -S $syscall"
            done
        fi
        other_string=$([[ $OTHER_FILTERS ]] &amp;&amp; echo " $OTHER_FILTERS") || /bin/true
        auid_string=$([[ $AUID_FILTERS ]] &amp;&amp; echo " $AUID_FILTERS") || /bin/true
        full_rule="$ACTION_ARCH_FILTERS${syscall_string}${other_string}${auid_string} -F key=$KEY" || /bin/true
        echo "$full_rule" &gt;&gt; "$default_file"
        chmod 0600 ${default_file}
    else
        # Check if the syscalls are declared as a comma separated list or
        # as multiple -S parameters
        if grep -q -- "," &lt;&lt;&lt; "${rule_syscalls_to_edit}"
        then
            delimiter=","
        else
            delimiter=" -S "
        fi
        new_grouped_syscalls="${rule_syscalls_to_edit}"
        for syscall in "${syscall_a[@]}"
        do
            grep -q -- "\b${syscall}\b" &lt;&lt;&lt; "${rule_syscalls_to_edit}" || {
               # A syscall was not found in the candidate rule
               new_grouped_syscalls+="${delimiter}${syscall}"
               }
        done

        # Group the syscall in the rule
        sed -i -e "\#${rule_to_edit}#s#${rule_syscalls_to_edit}#${new_grouped_syscalls}#" "$file_to_edit"
    fi
fi
        unset syscall_a
unset syscall_grouping
unset syscall_string
unset syscall
unset file_to_edit
unset rule_to_edit
unset rule_syscalls_to_edit
unset other_string
unset auid_string
unset full_rule

# Load macro arguments into arrays
read -a syscall_a &lt;&lt;&lt; $SYSCALL
read -a syscall_grouping &lt;&lt;&lt; $SYSCALL_GROUPING

# Create a list of audit *.rules files that should be inspected for presence and correctness
# of a particular audit rule. The scheme is as follows:
#
# -----------------------------------------------------------------------------------------
#  Tool used to load audit rules | Rule already defined  |  Audit rules file to inspect    |
# -----------------------------------------------------------------------------------------
#        auditctl                |     Doesn't matter    |  /etc/audit/audit.rules         |
# -----------------------------------------------------------------------------------------
#        augenrules              |          Yes          |  /etc/audit/rules.d/*.rules     |
#        augenrules              |          No           |  /etc/audit/rules.d/$key.rules  |
# -----------------------------------------------------------------------------------------
#
files_to_inspect=()


# If audit tool is 'auditctl', then add '/etc/audit/audit.rules'
# file to the list of files to be inspected
default_file="/etc/audit/audit.rules"
files_to_inspect+=('/etc/audit/audit.rules' )

# After converting to jinja, we cannot return; therefore we skip the rest of the macro if needed instead
skip=1

for audit_file in "${files_to_inspect[@]}"
do
    # Filter existing $audit_file rules' definitions to select those that satisfy the rule pattern,
    # i.e, collect rules that match:
    # * the action, list and arch, (2-nd argument)
    # * the other filters, (3-rd argument)
    # * the auid filters, (4-rd argument)
    readarray -t similar_rules &lt; &lt;(sed -e "/^$ACTION_ARCH_FILTERS/!d"  -e "\#$OTHER_FILTERS#!d" -e "/$AUID_FILTERS/!d" "$audit_file")

    candidate_rules=()
    # Filter out rules that have more fields then required. This will remove rules more specific than the required scope
    for s_rule in "${similar_rules[@]}"
    do
        # Strip all the options and fields we know of,
        # than check if there was any field left over
        extra_fields=$(sed -E -e "s/^$ACTION_ARCH_FILTERS//"  -e "s#$OTHER_FILTERS##" -e "s/$AUID_FILTERS//" -e "s/((:?-S [[:alnum:],]+)+)//g" -e "s/-F key=\w+|-k \w+//"&lt;&lt;&lt; "$s_rule")
        grep -q -- "-F" &lt;&lt;&lt; "$extra_fields" || candidate_rules+=("$s_rule")
    done

    if [[ ${#syscall_a[@]} -ge 1 ]]
    then
        # Check if the syscall we want is present in any of the similar existing rules
        for rule in "${candidate_rules[@]}"
        do
            rule_syscalls=$(echo "$rule" | grep -o -P '(-S [\w,]+)+' | xargs)
            all_syscalls_found=0
            for syscall in "${syscall_a[@]}"
            do
                grep -q -- "\b${syscall}\b" &lt;&lt;&lt; "$rule_syscalls" || {
                   # A syscall was not found in the candidate rule
                   all_syscalls_found=1
                   }
            done
            if [[ $all_syscalls_found -eq 0 ]]
            then
                # We found a rule with all the syscall(s) we want; skip rest of macro
                skip=0
                break
            fi

            # Check if this rule can be grouped with our target syscall and keep track of it
            for syscall_g in "${syscall_grouping[@]}"
            do
                if grep -q -- "\b${syscall_g}\b" &lt;&lt;&lt; "$rule_syscalls"
                then
                    file_to_edit=${audit_file}
                    rule_to_edit=${rule}
                    rule_syscalls_to_edit=${rule_syscalls}
                fi
            done
        done
    else
        # If there is any candidate rule, it is compliant; skip rest of macro
        if [ "${#candidate_rules[@]}" -gt 0 ]
        then
            skip=0
        fi
    fi

    if [ "$skip" -eq 0 ]; then
        break
    fi
done

if [ "$skip" -ne 0 ]; then
    # We checked all rules that matched the expected resemblance pattern (action, arch &amp; auid)
    # At this point we know if we need to either append the $full_rule or group
    # the syscall together with an exsiting rule

    # Append the full_rule if it cannot be grouped to any other rule
    if [ -z ${rule_to_edit+x} ]
    then
        # Build full_rule while avoid adding double spaces when other_filters is empty
        if [ "${#syscall_a[@]}" -gt 0 ]
        then
            syscall_string=""
            for syscall in "${syscall_a[@]}"
            do
                syscall_string+=" -S $syscall"
            done
        fi
        other_string=$([[ $OTHER_FILTERS ]] &amp;&amp; echo " $OTHER_FILTERS") || /bin/true
        auid_string=$([[ $AUID_FILTERS ]] &amp;&amp; echo " $AUID_FILTERS") || /bin/true
        full_rule="$ACTION_ARCH_FILTERS${syscall_string}${other_string}${auid_string} -F key=$KEY" || /bin/true
        echo "$full_rule" &gt;&gt; "$default_file"
        chmod 0600 ${default_file}
    else
        # Check if the syscalls are declared as a comma separated list or
        # as multiple -S parameters
        if grep -q -- "," &lt;&lt;&lt; "${rule_syscalls_to_edit}"
        then
            delimiter=","
        else
            delimiter=" -S "
        fi
        new_grouped_syscalls="${rule_syscalls_to_edit}"
        for syscall in "${syscall_a[@]}"
        do
            grep -q -- "\b${syscall}\b" &lt;&lt;&lt; "${rule_syscalls_to_edit}" || {
               # A syscall was not found in the candidate rule
               new_grouped_syscalls+="${delimiter}${syscall}"
               }
        done

        # Group the syscall in the rule
        sed -i -e "\#${rule_to_edit}#s#${rule_syscalls_to_edit}#${new_grouped_syscalls}#" "$file_to_edit"
    fi
fi
done

else
    &gt;&amp;2 echo 'Remediation is not applicable, nothing was done'
fi
</fix>
          <fix xmlns:xhtml="http://www.w3.org/1999/xhtml" id="audit_rules_kernel_module_loading" system="urn:xccdf:fix:script:ansible" reboot="true" complexity="low" disruption="low" strategy="restrict">- name: Gather the package facts
  package_facts:
    manager: auto
  tags:
  - CCE-91247-7
  - CJIS-5.4.1.1
  - NIST-800-171-3.1.7
  - NIST-800-53-AC-6(9)
  - NIST-800-53-AU-12(c)
  - NIST-800-53-AU-2(d)
  - NIST-800-53-CM-6(a)
  - PCI-DSS-Req-10.2.7
  - audit_rules_kernel_module_loading
  - low_complexity
  - low_disruption
  - medium_severity
  - reboot_required
  - restrict_strategy

- name: Set architecture for audit tasks
  ansible.builtin.set_fact:
    audit_arch: b64
  when:
  - '"audit" in ansible_facts.packages'
  - ("kernel-default" in ansible_facts.packages or "kernel-default-base" in ansible_facts.packages)
  - ansible_architecture == "aarch64" or ansible_architecture == "ppc64" or ansible_architecture
    == "ppc64le" or ansible_architecture == "s390x" or ansible_architecture == "x86_64"
  tags:
  - CCE-91247-7
  - CJIS-5.4.1.1
  - NIST-800-171-3.1.7
  - NIST-800-53-AC-6(9)
  - NIST-800-53-AU-12(c)
  - NIST-800-53-AU-2(d)
  - NIST-800-53-CM-6(a)
  - PCI-DSS-Req-10.2.7
  - audit_rules_kernel_module_loading
  - low_complexity
  - low_disruption
  - medium_severity
  - reboot_required
  - restrict_strategy

- name: Perform remediation of Audit rules for kernel module loading for 32bit platform
  block:

  - name: Declare list of syscalls
    ansible.builtin.set_fact:
      syscalls:
      - init_module
      - delete_module
      - finit_module
      syscall_grouping:
      - init_module
      - delete_module
      - finit_module

  - name: Check existence of init_module, delete_module, finit_module in /etc/audit/rules.d/
    ansible.builtin.find:
      paths: /etc/audit/rules.d
      contains: -a always,exit -F arch=b32(( -S |,)\w+)*(( -S |,){{ item }})+(( -S
        |,)\w+)* (-k\s+|-F\s+key=)\S+\s*$
      patterns: '*.rules'
    register: find_command
    loop: '{{ (syscall_grouping + syscalls) | unique }}'

  - name: Reset syscalls found per file
    ansible.builtin.set_fact:
      syscalls_per_file: {}
      found_paths_dict: {}

  - name: Declare syscalls found per file
    ansible.builtin.set_fact: syscalls_per_file="{{ syscalls_per_file | combine( {item.files[0].path
      :[item.item] + syscalls_per_file.get(item.files[0].path, []) } ) }}"
    loop: '{{ find_command.results | selectattr(''matched'') | list }}'

  - name: Declare files where syscalls were found
    ansible.builtin.set_fact: found_paths="{{ find_command.results | map(attribute='files')
      | flatten | map(attribute='path') | list }}"

  - name: Count occurrences of syscalls in paths
    ansible.builtin.set_fact: found_paths_dict="{{ found_paths_dict | combine({ item:1+found_paths_dict.get(item,
      0) }) }}"
    loop: '{{ find_command.results | map(attribute=''files'') | flatten | map(attribute=''path'')
      | list }}'

  - name: Get path with most syscalls
    ansible.builtin.set_fact: audit_file="{{ (found_paths_dict | dict2items() | sort(attribute='value')
      | last).key }}"
    when: found_paths | length &gt;= 1

  - name: No file with syscall found, set path to /etc/audit/rules.d/modules.rules
    ansible.builtin.set_fact: audit_file="/etc/audit/rules.d/modules.rules"
    when: found_paths | length == 0

  - name: Declare found syscalls
    ansible.builtin.set_fact: syscalls_found="{{ find_command.results | selectattr('matched')
      | map(attribute='item') | list }}"

  - name: Declare missing syscalls
    ansible.builtin.set_fact: missing_syscalls="{{ syscalls | difference(syscalls_found)
      }}"

  - name: Replace the audit rule in {{ audit_file }}
    ansible.builtin.lineinfile:
      path: '{{ audit_file }}'
      regexp: (-a always,exit -F arch=b32)(?=.*(?:(?:-S |,)(?:{{ syscalls_per_file[audit_file]
        | join("|") }}))\b)((?:( -S |,)\w+)+)( (?:-k |-F key=)\w+)
      line: \1\2\3{{ missing_syscalls | join("\3") }}\4
      backrefs: true
      state: present
      mode: g-rwx,o-rwx
    when: syscalls_found | length &gt; 0 and missing_syscalls | length &gt; 0

  - name: Add the audit rule to {{ audit_file }}
    ansible.builtin.lineinfile:
      path: '{{ audit_file }}'
      line: -a always,exit -F arch=b32 -S {{ syscalls | join(',') }} -F key=modules
      create: true
      mode: g-rwx,o-rwx
      state: present
    when: syscalls_found | length == 0

  - name: Declare list of syscalls
    ansible.builtin.set_fact:
      syscalls:
      - init_module
      - delete_module
      - finit_module
      syscall_grouping:
      - init_module
      - delete_module
      - finit_module

  - name: Check existence of init_module, delete_module, finit_module in /etc/audit/audit.rules
    ansible.builtin.find:
      paths: /etc/audit
      contains: -a always,exit -F arch=b32(( -S |,)\w+)*(( -S |,){{ item }})+(( -S
        |,)\w+)* (-k\s+|-F\s+key=)\S+\s*$
      patterns: audit.rules
    register: find_command
    loop: '{{ (syscall_grouping + syscalls) | unique }}'

  - name: Set path to /etc/audit/audit.rules
    ansible.builtin.set_fact: audit_file="/etc/audit/audit.rules"

  - name: Declare found syscalls
    ansible.builtin.set_fact: syscalls_found="{{ find_command.results | selectattr('matched')
      | map(attribute='item') | list }}"

  - name: Declare missing syscalls
    ansible.builtin.set_fact: missing_syscalls="{{ syscalls | difference(syscalls_found)
      }}"

  - name: Replace the audit rule in {{ audit_file }}
    ansible.builtin.lineinfile:
      path: '{{ audit_file }}'
      regexp: (-a always,exit -F arch=b32)(?=.*(?:(?:-S |,)(?:{{ syscalls_found |
        join("|") }}))\b)((?:( -S |,)\w+)+)( (?:-k |-F key=)\w+)
      line: \1\2\3{{ missing_syscalls | join("\3") }}\4
      backrefs: true
      state: present
      mode: g-rwx,o-rwx
    when: syscalls_found | length &gt; 0 and missing_syscalls | length &gt; 0

  - name: Add the audit rule to {{ audit_file }}
    ansible.builtin.lineinfile:
      path: '{{ audit_file }}'
      line: -a always,exit -F arch=b32 -S {{ syscalls | join(',') }} -F key=modules
      create: true
      mode: g-rwx,o-rwx
      state: present
    when: syscalls_found | length == 0
  when:
  - '"audit" in ansible_facts.packages'
  - ("kernel-default" in ansible_facts.packages or "kernel-default-base" in ansible_facts.packages)
  tags:
  - CCE-91247-7
  - CJIS-5.4.1.1
  - NIST-800-171-3.1.7
  - NIST-800-53-AC-6(9)
  - NIST-800-53-AU-12(c)
  - NIST-800-53-AU-2(d)
  - NIST-800-53-CM-6(a)
  - PCI-DSS-Req-10.2.7
  - audit_rules_kernel_module_loading
  - low_complexity
  - low_disruption
  - medium_severity
  - reboot_required
  - restrict_strategy

- name: Perform remediation of Audit rules for kernel module loading for 64bit platform
  block:

  - name: Declare list of syscalls
    ansible.builtin.set_fact:
      syscalls:
      - init_module
      - delete_module
      - finit_module
      syscall_grouping:
      - init_module
      - delete_module
      - finit_module

  - name: Check existence of init_module, delete_module, finit_module in /etc/audit/rules.d/
    ansible.builtin.find:
      paths: /etc/audit/rules.d
      contains: -a always,exit -F arch=b64(( -S |,)\w+)*(( -S |,){{ item }})+(( -S
        |,)\w+)* (-k\s+|-F\s+key=)\S+\s*$
      patterns: '*.rules'
    register: find_command
    loop: '{{ (syscall_grouping + syscalls) | unique }}'

  - name: Reset syscalls found per file
    ansible.builtin.set_fact:
      syscalls_per_file: {}
      found_paths_dict: {}

  - name: Declare syscalls found per file
    ansible.builtin.set_fact: syscalls_per_file="{{ syscalls_per_file | combine( {item.files[0].path
      :[item.item] + syscalls_per_file.get(item.files[0].path, []) } ) }}"
    loop: '{{ find_command.results | selectattr(''matched'') | list }}'

  - name: Declare files where syscalls were found
    ansible.builtin.set_fact: found_paths="{{ find_command.results | map(attribute='files')
      | flatten | map(attribute='path') | list }}"

  - name: Count occurrences of syscalls in paths
    ansible.builtin.set_fact: found_paths_dict="{{ found_paths_dict | combine({ item:1+found_paths_dict.get(item,
      0) }) }}"
    loop: '{{ find_command.results | map(attribute=''files'') | flatten | map(attribute=''path'')
      | list }}'

  - name: Get path with most syscalls
    ansible.builtin.set_fact: audit_file="{{ (found_paths_dict | dict2items() | sort(attribute='value')
      | last).key }}"
    when: found_paths | length &gt;= 1

  - name: No file with syscall found, set path to /etc/audit/rules.d/modules.rules
    ansible.builtin.set_fact: audit_file="/etc/audit/rules.d/modules.rules"
    when: found_paths | length == 0

  - name: Declare found syscalls
    ansible.builtin.set_fact: syscalls_found="{{ find_command.results | selectattr('matched')
      | map(attribute='item') | list }}"

  - name: Declare missing syscalls
    ansible.builtin.set_fact: missing_syscalls="{{ syscalls | difference(syscalls_found)
      }}"

  - name: Replace the audit rule in {{ audit_file }}
    ansible.builtin.lineinfile:
      path: '{{ audit_file }}'
      regexp: (-a always,exit -F arch=b64)(?=.*(?:(?:-S |,)(?:{{ syscalls_per_file[audit_file]
        | join("|") }}))\b)((?:( -S |,)\w+)+)( (?:-k |-F key=)\w+)
      line: \1\2\3{{ missing_syscalls | join("\3") }}\4
      backrefs: true
      state: present
      mode: g-rwx,o-rwx
    when: syscalls_found | length &gt; 0 and missing_syscalls | length &gt; 0

  - name: Add the audit rule to {{ audit_file }}
    ansible.builtin.lineinfile:
      path: '{{ audit_file }}'
      line: -a always,exit -F arch=b64 -S {{ syscalls | join(',') }} -F key=modules
      create: true
      mode: g-rwx,o-rwx
      state: present
    when: syscalls_found | length == 0

  - name: Declare list of syscalls
    ansible.builtin.set_fact:
      syscalls:
      - init_module
      - delete_module
      - finit_module
      syscall_grouping:
      - init_module
      - delete_module
      - finit_module

  - name: Check existence of init_module, delete_module, finit_module in /etc/audit/audit.rules
    ansible.builtin.find:
      paths: /etc/audit
      contains: -a always,exit -F arch=b64(( -S |,)\w+)*(( -S |,){{ item }})+(( -S
        |,)\w+)* (-k\s+|-F\s+key=)\S+\s*$
      patterns: audit.rules
    register: find_command
    loop: '{{ (syscall_grouping + syscalls) | unique }}'

  - name: Set path to /etc/audit/audit.rules
    ansible.builtin.set_fact: audit_file="/etc/audit/audit.rules"

  - name: Declare found syscalls
    ansible.builtin.set_fact: syscalls_found="{{ find_command.results | selectattr('matched')
      | map(attribute='item') | list }}"

  - name: Declare missing syscalls
    ansible.builtin.set_fact: missing_syscalls="{{ syscalls | difference(syscalls_found)
      }}"

  - name: Replace the audit rule in {{ audit_file }}
    ansible.builtin.lineinfile:
      path: '{{ audit_file }}'
      regexp: (-a always,exit -F arch=b64)(?=.*(?:(?:-S |,)(?:{{ syscalls_found |
        join("|") }}))\b)((?:( -S |,)\w+)+)( (?:-k |-F key=)\w+)
      line: \1\2\3{{ missing_syscalls | join("\3") }}\4
      backrefs: true
      state: present
      mode: g-rwx,o-rwx
    when: syscalls_found | length &gt; 0 and missing_syscalls | length &gt; 0

  - name: Add the audit rule to {{ audit_file }}
    ansible.builtin.lineinfile:
      path: '{{ audit_file }}'
      line: -a always,exit -F arch=b64 -S {{ syscalls | join(',') }} -F key=modules
      create: true
      mode: g-rwx,o-rwx
      state: present
    when: syscalls_found | length == 0
  when:
  - '"audit" in ansible_facts.packages'
  - ("kernel-default" in ansible_facts.packages or "kernel-default-base" in ansible_facts.packages)
  - audit_arch == "b64"
  tags:
  - CCE-91247-7
  - CJIS-5.4.1.1
  - NIST-800-171-3.1.7
  - NIST-800-53-AC-6(9)
  - NIST-800-53-AU-12(c)
  - NIST-800-53-AU-2(d)
  - NIST-800-53-CM-6(a)
  - PCI-DSS-Req-10.2.7
  - audit_rules_kernel_module_loading
  - low_complexity
  - low_disruption
  - medium_severity
  - reboot_required
  - restrict_strategy
</fix>
          <check system="http://oval.mitre.org/XMLSchema/oval-definitions-5">
            <check-content-ref name="oval:ssg-audit_rules_kernel_module_loading:def:1" href="ssg-sle15-oval.xml"/>
          </check>
          <check system="http://scap.nist.gov/schema/ocil/2">
            <check-content-ref name="ocil:ssg-audit_rules_kernel_module_loading_ocil:questionnaire:1" href="ssg-sle15-ocil.xml"/>
          </check>
        </Rule>
        <Rule id="xccdf_org.ssgproject.content_rule_audit_rules_kernel_module_loading_delete" selected="false" role="full" severity="medium">
          <title xmlns:xhtml="http://www.w3.org/1999/xhtml" xml:lang="en-US">Ensure auditd Collects Information on Kernel Module Unloading - delete_module</title>
          <description xmlns:xhtml="http://www.w3.org/1999/xhtml" xml:lang="en-US">
To capture kernel module loading and unloading events, use the following line, setting ARCH to
either b32 for 32-bit system, or having two lines for both b32 and b64 in case your system is 64-bit:

<html:pre xmlns:html="http://www.w3.org/1999/xhtml">-a always,exit -F arch=<html:i>ARCH</html:i> -S delete_module -F key=modules</html:pre>


Place to add the line depends on a way <html:code xmlns:html="http://www.w3.org/1999/xhtml">auditd</html:code> daemon is configured. If it is configured
to use the <html:code xmlns:html="http://www.w3.org/1999/xhtml">augenrules</html:code> program (the default), add the line to a file with suffix
<html:code xmlns:html="http://www.w3.org/1999/xhtml">.rules</html:code> in the directory <html:code xmlns:html="http://www.w3.org/1999/xhtml">/etc/audit/rules.d</html:code>.

If the <html:code xmlns:html="http://www.w3.org/1999/xhtml">auditd</html:code> daemon is configured to use the <html:code xmlns:html="http://www.w3.org/1999/xhtml">auditctl</html:code> utility,
add the line to file <html:code xmlns:html="http://www.w3.org/1999/xhtml">/etc/audit/audit.rules</html:code>.</description>
          <reference href="https://www.cisecurity.org/controls/">1</reference>
          <reference href="https://www.cisecurity.org/controls/">11</reference>
          <reference href="https://www.cisecurity.org/controls/">12</reference>
          <reference href="https://www.cisecurity.org/controls/">13</reference>
          <reference href="https://www.cisecurity.org/controls/">14</reference>
          <reference href="https://www.cisecurity.org/controls/">15</reference>
          <reference href="https://www.cisecurity.org/controls/">16</reference>
          <reference href="https://www.cisecurity.org/controls/">19</reference>
          <reference href="https://www.cisecurity.org/controls/">2</reference>
          <reference href="https://www.cisecurity.org/controls/">3</reference>
          <reference href="https://www.cisecurity.org/controls/">4</reference>
          <reference href="https://www.cisecurity.org/controls/">5</reference>
          <reference href="https://www.cisecurity.org/controls/">6</reference>
          <reference href="https://www.cisecurity.org/controls/">7</reference>
          <reference href="https://www.cisecurity.org/controls/">8</reference>
          <reference href="https://www.cisecurity.org/controls/">9</reference>
          <reference href="https://www.isaca.org/resources/cobit">APO10.01</reference>
          <reference href="https://www.isaca.org/resources/cobit">APO10.03</reference>
          <reference href="https://www.isaca.org/resources/cobit">APO10.04</reference>
          <reference href="https://www.isaca.org/resources/cobit">APO10.05</reference>
          <reference href="https://www.isaca.org/resources/cobit">APO11.04</reference>
          <reference href="https://www.isaca.org/resources/cobit">APO12.06</reference>
          <reference href="https://www.isaca.org/resources/cobit">APO13.01</reference>
          <reference href="https://www.isaca.org/resources/cobit">BAI03.05</reference>
          <reference href="https://www.isaca.org/resources/cobit">BAI08.02</reference>
          <reference href="https://www.isaca.org/resources/cobit">DSS01.03</reference>
          <reference href="https://www.isaca.org/resources/cobit">DSS01.04</reference>
          <reference href="https://www.isaca.org/resources/cobit">DSS02.02</reference>
          <reference href="https://www.isaca.org/resources/cobit">DSS02.04</reference>
          <reference href="https://www.isaca.org/resources/cobit">DSS02.07</reference>
          <reference href="https://www.isaca.org/resources/cobit">DSS03.01</reference>
          <reference href="https://www.isaca.org/resources/cobit">DSS03.05</reference>
          <reference href="https://www.isaca.org/resources/cobit">DSS05.02</reference>
          <reference href="https://www.isaca.org/resources/cobit">DSS05.03</reference>
          <reference href="https://www.isaca.org/resources/cobit">DSS05.04</reference>
          <reference href="https://www.isaca.org/resources/cobit">DSS05.05</reference>
          <reference href="https://www.isaca.org/resources/cobit">DSS05.07</reference>
          <reference href="https://www.isaca.org/resources/cobit">MEA01.01</reference>
          <reference href="https://www.isaca.org/resources/cobit">MEA01.02</reference>
          <reference href="https://www.isaca.org/resources/cobit">MEA01.03</reference>
          <reference href="https://www.isaca.org/resources/cobit">MEA01.04</reference>
          <reference href="https://www.isaca.org/resources/cobit">MEA01.05</reference>
          <reference href="https://www.isaca.org/resources/cobit">MEA02.01</reference>
          <reference href="http://nvlpubs.nist.gov/nistpubs/SpecialPublications/NIST.SP.800-171.pdf">3.1.7</reference>
          <reference href="https://www.gpo.gov/fdsys/pkg/CFR-2007-title45-vol1/pdf/CFR-2007-title45-vol1-chapA-subchapC.pdf">164.308(a)(1)(ii)(D)</reference>
          <reference href="https://www.gpo.gov/fdsys/pkg/CFR-2007-title45-vol1/pdf/CFR-2007-title45-vol1-chapA-subchapC.pdf">164.308(a)(3)(ii)(A)</reference>
          <reference href="https://www.gpo.gov/fdsys/pkg/CFR-2007-title45-vol1/pdf/CFR-2007-title45-vol1-chapA-subchapC.pdf">164.308(a)(5)(ii)(C)</reference>
          <reference href="https://www.gpo.gov/fdsys/pkg/CFR-2007-title45-vol1/pdf/CFR-2007-title45-vol1-chapA-subchapC.pdf">164.312(a)(2)(i)</reference>
          <reference href="https://www.gpo.gov/fdsys/pkg/CFR-2007-title45-vol1/pdf/CFR-2007-title45-vol1-chapA-subchapC.pdf">164.312(b)</reference>
          <reference href="https://www.gpo.gov/fdsys/pkg/CFR-2007-title45-vol1/pdf/CFR-2007-title45-vol1-chapA-subchapC.pdf">164.312(d)</reference>
          <reference href="https://www.gpo.gov/fdsys/pkg/CFR-2007-title45-vol1/pdf/CFR-2007-title45-vol1-chapA-subchapC.pdf">164.312(e)</reference>
          <reference href="https://www.isa.org/products/isa-62443-2-1-2009-security-for-industrial-automat">4.2.3.10</reference>
          <reference href="https://www.isa.org/products/isa-62443-2-1-2009-security-for-industrial-automat">4.3.2.6.7</reference>
          <reference href="https://www.isa.org/products/isa-62443-2-1-2009-security-for-industrial-automat">4.3.3.3.9</reference>
          <reference href="https://www.isa.org/products/isa-62443-2-1-2009-security-for-industrial-automat">4.3.3.5.8</reference>
          <reference href="https://www.isa.org/products/isa-62443-2-1-2009-security-for-industrial-automat">4.3.3.6.6</reference>
          <reference href="https://www.isa.org/products/isa-62443-2-1-2009-security-for-industrial-automat">4.3.4.4.7</reference>
          <reference href="https://www.isa.org/products/isa-62443-2-1-2009-security-for-industrial-automat">4.3.4.5.6</reference>
          <reference href="https://www.isa.org/products/isa-62443-2-1-2009-security-for-industrial-automat">4.3.4.5.7</reference>
          <reference href="https://www.isa.org/products/isa-62443-2-1-2009-security-for-industrial-automat">4.3.4.5.8</reference>
          <reference href="https://www.isa.org/products/isa-62443-2-1-2009-security-for-industrial-automat">4.4.2.1</reference>
          <reference href="https://www.isa.org/products/isa-62443-2-1-2009-security-for-industrial-automat">4.4.2.2</reference>
          <reference href="https://www.isa.org/products/isa-62443-2-1-2009-security-for-industrial-automat">4.4.2.4</reference>
          <reference href="https://www.isa.org/products/ansi-isa-62443-3-3-99-03-03-2013-security-for-indu">SR 1.13</reference>
          <reference href="https://www.isa.org/products/ansi-isa-62443-3-3-99-03-03-2013-security-for-indu">SR 2.10</reference>
          <reference href="https://www.isa.org/products/ansi-isa-62443-3-3-99-03-03-2013-security-for-indu">SR 2.11</reference>
          <reference href="https://www.isa.org/products/ansi-isa-62443-3-3-99-03-03-2013-security-for-indu">SR 2.12</reference>
          <reference href="https://www.isa.org/products/ansi-isa-62443-3-3-99-03-03-2013-security-for-indu">SR 2.6</reference>
          <reference href="https://www.isa.org/products/ansi-isa-62443-3-3-99-03-03-2013-security-for-indu">SR 2.8</reference>
          <reference href="https://www.isa.org/products/ansi-isa-62443-3-3-99-03-03-2013-security-for-indu">SR 2.9</reference>
          <reference href="https://www.isa.org/products/ansi-isa-62443-3-3-99-03-03-2013-security-for-indu">SR 3.1</reference>
          <reference href="https://www.isa.org/products/ansi-isa-62443-3-3-99-03-03-2013-security-for-indu">SR 3.5</reference>
          <reference href="https://www.isa.org/products/ansi-isa-62443-3-3-99-03-03-2013-security-for-indu">SR 3.8</reference>
          <reference href="https://www.isa.org/products/ansi-isa-62443-3-3-99-03-03-2013-security-for-indu">SR 4.1</reference>
          <reference href="https://www.isa.org/products/ansi-isa-62443-3-3-99-03-03-2013-security-for-indu">SR 4.3</reference>
          <reference href="https://www.isa.org/products/ansi-isa-62443-3-3-99-03-03-2013-security-for-indu">SR 5.1</reference>
          <reference href="https://www.isa.org/products/ansi-isa-62443-3-3-99-03-03-2013-security-for-indu">SR 5.2</reference>
          <reference href="https://www.isa.org/products/ansi-isa-62443-3-3-99-03-03-2013-security-for-indu">SR 5.3</reference>
          <reference href="https://www.isa.org/products/ansi-isa-62443-3-3-99-03-03-2013-security-for-indu">SR 6.1</reference>
          <reference href="https://www.isa.org/products/ansi-isa-62443-3-3-99-03-03-2013-security-for-indu">SR 6.2</reference>
          <reference href="https://www.isa.org/products/ansi-isa-62443-3-3-99-03-03-2013-security-for-indu">SR 7.1</reference>
          <reference href="https://www.isa.org/products/ansi-isa-62443-3-3-99-03-03-2013-security-for-indu">SR 7.6</reference>
          <reference href="https://www.iso.org/contents/data/standard/05/45/54534.html">A.11.2.6</reference>
          <reference href="https://www.iso.org/contents/data/standard/05/45/54534.html">A.12.4.1</reference>
          <reference href="https://www.iso.org/contents/data/standard/05/45/54534.html">A.12.4.2</reference>
          <reference href="https://www.iso.org/contents/data/standard/05/45/54534.html">A.12.4.3</reference>
          <reference href="https://www.iso.org/contents/data/standard/05/45/54534.html">A.12.4.4</reference>
          <reference href="https://www.iso.org/contents/data/standard/05/45/54534.html">A.12.7.1</reference>
          <reference href="https://www.iso.org/contents/data/standard/05/45/54534.html">A.13.1.1</reference>
          <reference href="https://www.iso.org/contents/data/standard/05/45/54534.html">A.13.2.1</reference>
          <reference href="https://www.iso.org/contents/data/standard/05/45/54534.html">A.14.1.3</reference>
          <reference href="https://www.iso.org/contents/data/standard/05/45/54534.html">A.14.2.7</reference>
          <reference href="https://www.iso.org/contents/data/standard/05/45/54534.html">A.15.2.1</reference>
          <reference href="https://www.iso.org/contents/data/standard/05/45/54534.html">A.15.2.2</reference>
          <reference href="https://www.iso.org/contents/data/standard/05/45/54534.html">A.16.1.4</reference>
          <reference href="https://www.iso.org/contents/data/standard/05/45/54534.html">A.16.1.5</reference>
          <reference href="https://www.iso.org/contents/data/standard/05/45/54534.html">A.16.1.7</reference>
          <reference href="https://www.iso.org/contents/data/standard/05/45/54534.html">A.6.2.1</reference>
          <reference href="https://www.iso.org/contents/data/standard/05/45/54534.html">A.6.2.2</reference>
          <reference href="http://nvlpubs.nist.gov/nistpubs/SpecialPublications/NIST.SP.800-53r4.pdf">AU-3</reference>
          <reference href="http://nvlpubs.nist.gov/nistpubs/SpecialPublications/NIST.SP.800-53r4.pdf">AU-3.1</reference>
          <reference href="http://nvlpubs.nist.gov/nistpubs/SpecialPublications/NIST.SP.800-53r4.pdf">AU-12(a)</reference>
          <reference href="http://nvlpubs.nist.gov/nistpubs/SpecialPublications/NIST.SP.800-53r4.pdf">AU-12.1(ii)</reference>
          <reference href="http://nvlpubs.nist.gov/nistpubs/SpecialPublications/NIST.SP.800-53r4.pdf">AU-12.1(iv)</reference>
          <reference href="http://nvlpubs.nist.gov/nistpubs/SpecialPublications/NIST.SP.800-53r4.pdf">MA-4(1)(a)</reference>
          <reference href="https://nvlpubs.nist.gov/nistpubs/CSWP/NIST.CSWP.04162018.pdf">DE.AE-3</reference>
          <reference href="https://nvlpubs.nist.gov/nistpubs/CSWP/NIST.CSWP.04162018.pdf">DE.AE-5</reference>
          <reference href="https://nvlpubs.nist.gov/nistpubs/CSWP/NIST.CSWP.04162018.pdf">DE.CM-1</reference>
          <reference href="https://nvlpubs.nist.gov/nistpubs/CSWP/NIST.CSWP.04162018.pdf">DE.CM-3</reference>
          <reference href="https://nvlpubs.nist.gov/nistpubs/CSWP/NIST.CSWP.04162018.pdf">DE.CM-7</reference>
          <reference href="https://nvlpubs.nist.gov/nistpubs/CSWP/NIST.CSWP.04162018.pdf">ID.SC-4</reference>
          <reference href="https://nvlpubs.nist.gov/nistpubs/CSWP/NIST.CSWP.04162018.pdf">PR.AC-3</reference>
          <reference href="https://nvlpubs.nist.gov/nistpubs/CSWP/NIST.CSWP.04162018.pdf">PR.PT-1</reference>
          <reference href="https://nvlpubs.nist.gov/nistpubs/CSWP/NIST.CSWP.04162018.pdf">PR.PT-4</reference>
          <reference href="https://nvlpubs.nist.gov/nistpubs/CSWP/NIST.CSWP.04162018.pdf">RS.AN-1</reference>
          <reference href="https://nvlpubs.nist.gov/nistpubs/CSWP/NIST.CSWP.04162018.pdf">RS.AN-4</reference>
          <reference href="https://www.pcisecuritystandards.org/documents/PCI_DSS_v3-2-1.pdf">Req-10.2.7</reference>
          <reference href="https://www.cyber.mil/stigs/downloads/?_dl_facet_stigs=operating-systems%2Cgeneral-purpose-os">SRG-OS-000037-GPOS-00015</reference>
          <reference href="https://www.cyber.mil/stigs/downloads/?_dl_facet_stigs=operating-systems%2Cgeneral-purpose-os">SRG-OS-000042-GPOS-00020</reference>
          <reference href="https://www.cyber.mil/stigs/downloads/?_dl_facet_stigs=operating-systems%2Cgeneral-purpose-os">SRG-OS-000062-GPOS-00031</reference>
          <reference href="https://www.cyber.mil/stigs/downloads/?_dl_facet_stigs=operating-systems%2Cgeneral-purpose-os">SRG-OS-000392-GPOS-00172</reference>
          <reference href="https://www.cyber.mil/stigs/downloads/?_dl_facet_stigs=operating-systems%2Cgeneral-purpose-os">SRG-OS-000462-GPOS-00206</reference>
          <reference href="https://www.cyber.mil/stigs/downloads/?_dl_facet_stigs=operating-systems%2Cgeneral-purpose-os">SRG-OS-000471-GPOS-00215</reference>
          <reference href="https://www.cyber.mil/stigs/downloads/?_dl_facet_stigs=operating-systems%2Cgeneral-purpose-os">SRG-OS-000471-GPOS-00216</reference>
          <reference href="https://www.cyber.mil/stigs/downloads/?_dl_facet_stigs=operating-systems%2Cgeneral-purpose-os">SRG-OS-000477-GPOS-00222</reference>
          <reference href="https://www.cyber.mil/stigs/downloads/?_dl_facet_stigs=app-security">SRG-APP-000495-CTR-001235</reference>
          <reference href="https://www.cyber.mil/stigs/downloads/?_dl_facet_stigs=app-security">SRG-APP-000504-CTR-001280</reference>
          <reference href="https://www.cyber.mil/stigs/downloads/?_dl_facet_stigs=operating-systems%2Cunix-linux">SLES-15-030520</reference>
          <reference href="https://www.cisecurity.org/benchmark/suse_linux/">4.1.16</reference>
          <reference href="https://cyber.gouv.fr/sites/default/files/document/linux_configuration-en-v2.pdf">R73</reference>
          <reference href="not_publicly_available">SLES-15-750450405</reference>
          <reference href="https://www.cyber.mil/stigs/srg-stig-tools/">SV-234951r958412_rule</reference>
          <rationale xmlns:xhtml="http://www.w3.org/1999/xhtml" xml:lang="en-US">The removal of kernel modules can be used to alter the behavior of
the kernel and potentially introduce malicious code into kernel space. It is important
to have an audit trail of modules that have been introduced into the kernel.</rationale>
          <ident system="https://ncp.nist.gov/cce">CCE-85748-2</ident>
          <fix xmlns:xhtml="http://www.w3.org/1999/xhtml" id="audit_rules_kernel_module_loading_delete" system="urn:xccdf:fix:script:sh"># Remediation is applicable only in certain platforms
if rpm --quiet -q audit &amp;&amp; rpm --quiet -q kernel-default || rpm --quiet -q kernel-default-base; then

# First perform the remediation of the syscall rule
# Retrieve hardware architecture of the underlying system
# Note: 32-bit and 64-bit kernel syscall numbers not always line up =&gt;
#       it's required on a 64-bit system to check also for the presence
#       of 32-bit's equivalent of the corresponding rule.
#       (See `man 7 audit.rules` for details )
[ "$(getconf LONG_BIT)" = "32" ] &amp;&amp; RULE_ARCHS=("b32") || RULE_ARCHS=("b32" "b64")

for ARCH in "${RULE_ARCHS[@]}"
do
	ACTION_ARCH_FILTERS="-a always,exit -F arch=$ARCH"
	OTHER_FILTERS=""
	
	AUID_FILTERS=""
	
	SYSCALL="delete_module"
	KEY="modules"
	SYSCALL_GROUPING="create_module delete_module finit_module init_module query_module"
	# Perform the remediation for both possible tools: 'auditctl' and 'augenrules'
	unset syscall_a
unset syscall_grouping
unset syscall_string
unset syscall
unset file_to_edit
unset rule_to_edit
unset rule_syscalls_to_edit
unset other_string
unset auid_string
unset full_rule

# Load macro arguments into arrays
read -a syscall_a &lt;&lt;&lt; $SYSCALL
read -a syscall_grouping &lt;&lt;&lt; $SYSCALL_GROUPING

# Create a list of audit *.rules files that should be inspected for presence and correctness
# of a particular audit rule. The scheme is as follows:
#
# -----------------------------------------------------------------------------------------
#  Tool used to load audit rules | Rule already defined  |  Audit rules file to inspect    |
# -----------------------------------------------------------------------------------------
#        auditctl                |     Doesn't matter    |  /etc/audit/audit.rules         |
# -----------------------------------------------------------------------------------------
#        augenrules              |          Yes          |  /etc/audit/rules.d/*.rules     |
#        augenrules              |          No           |  /etc/audit/rules.d/$key.rules  |
# -----------------------------------------------------------------------------------------
#
files_to_inspect=()

# If audit tool is 'augenrules', then check if the audit rule is defined
# If rule is defined, add '/etc/audit/rules.d/*.rules' to the list for inspection
# If rule isn't defined yet, add '/etc/audit/rules.d/$key.rules' to the list for inspection
default_file="/etc/audit/rules.d/$KEY.rules"
# As other_filters may include paths, lets use a different delimiter for it
# The "F" script expression tells sed to print the filenames where the expressions matched
readarray -t files_to_inspect &lt; &lt;(sed -s -n -e "/^$ACTION_ARCH_FILTERS/!d" -e "\#$OTHER_FILTERS#!d" -e "/$AUID_FILTERS/!d" -e "F" /etc/audit/rules.d/*.rules)
# Case when particular rule isn't defined in /etc/audit/rules.d/*.rules yet
if [ ${#files_to_inspect[@]} -eq "0" ]
then
    file_to_inspect="/etc/audit/rules.d/$KEY.rules"
    files_to_inspect=("$file_to_inspect")
    if [ ! -e "$file_to_inspect" ]
    then
        touch "$file_to_inspect"
        chmod 0600 "$file_to_inspect"
    fi
fi

# After converting to jinja, we cannot return; therefore we skip the rest of the macro if needed instead
skip=1

for audit_file in "${files_to_inspect[@]}"
do
    # Filter existing $audit_file rules' definitions to select those that satisfy the rule pattern,
    # i.e, collect rules that match:
    # * the action, list and arch, (2-nd argument)
    # * the other filters, (3-rd argument)
    # * the auid filters, (4-rd argument)
    readarray -t similar_rules &lt; &lt;(sed -e "/^$ACTION_ARCH_FILTERS/!d"  -e "\#$OTHER_FILTERS#!d" -e "/$AUID_FILTERS/!d" "$audit_file")

    candidate_rules=()
    # Filter out rules that have more fields then required. This will remove rules more specific than the required scope
    for s_rule in "${similar_rules[@]}"
    do
        # Strip all the options and fields we know of,
        # than check if there was any field left over
        extra_fields=$(sed -E -e "s/^$ACTION_ARCH_FILTERS//"  -e "s#$OTHER_FILTERS##" -e "s/$AUID_FILTERS//" -e "s/((:?-S [[:alnum:],]+)+)//g" -e "s/-F key=\w+|-k \w+//"&lt;&lt;&lt; "$s_rule")
        grep -q -- "-F" &lt;&lt;&lt; "$extra_fields" || candidate_rules+=("$s_rule")
    done

    if [[ ${#syscall_a[@]} -ge 1 ]]
    then
        # Check if the syscall we want is present in any of the similar existing rules
        for rule in "${candidate_rules[@]}"
        do
            rule_syscalls=$(echo "$rule" | grep -o -P '(-S [\w,]+)+' | xargs)
            all_syscalls_found=0
            for syscall in "${syscall_a[@]}"
            do
                grep -q -- "\b${syscall}\b" &lt;&lt;&lt; "$rule_syscalls" || {
                   # A syscall was not found in the candidate rule
                   all_syscalls_found=1
                   }
            done
            if [[ $all_syscalls_found -eq 0 ]]
            then
                # We found a rule with all the syscall(s) we want; skip rest of macro
                skip=0
                break
            fi

            # Check if this rule can be grouped with our target syscall and keep track of it
            for syscall_g in "${syscall_grouping[@]}"
            do
                if grep -q -- "\b${syscall_g}\b" &lt;&lt;&lt; "$rule_syscalls"
                then
                    file_to_edit=${audit_file}
                    rule_to_edit=${rule}
                    rule_syscalls_to_edit=${rule_syscalls}
                fi
            done
        done
    else
        # If there is any candidate rule, it is compliant; skip rest of macro
        if [ "${#candidate_rules[@]}" -gt 0 ]
        then
            skip=0
        fi
    fi

    if [ "$skip" -eq 0 ]; then
        break
    fi
done

if [ "$skip" -ne 0 ]; then
    # We checked all rules that matched the expected resemblance pattern (action, arch &amp; auid)
    # At this point we know if we need to either append the $full_rule or group
    # the syscall together with an exsiting rule

    # Append the full_rule if it cannot be grouped to any other rule
    if [ -z ${rule_to_edit+x} ]
    then
        # Build full_rule while avoid adding double spaces when other_filters is empty
        if [ "${#syscall_a[@]}" -gt 0 ]
        then
            syscall_string=""
            for syscall in "${syscall_a[@]}"
            do
                syscall_string+=" -S $syscall"
            done
        fi
        other_string=$([[ $OTHER_FILTERS ]] &amp;&amp; echo " $OTHER_FILTERS") || /bin/true
        auid_string=$([[ $AUID_FILTERS ]] &amp;&amp; echo " $AUID_FILTERS") || /bin/true
        full_rule="$ACTION_ARCH_FILTERS${syscall_string}${other_string}${auid_string} -F key=$KEY" || /bin/true
        echo "$full_rule" &gt;&gt; "$default_file"
        chmod 0600 ${default_file}
    else
        # Check if the syscalls are declared as a comma separated list or
        # as multiple -S parameters
        if grep -q -- "," &lt;&lt;&lt; "${rule_syscalls_to_edit}"
        then
            delimiter=","
        else
            delimiter=" -S "
        fi
        new_grouped_syscalls="${rule_syscalls_to_edit}"
        for syscall in "${syscall_a[@]}"
        do
            grep -q -- "\b${syscall}\b" &lt;&lt;&lt; "${rule_syscalls_to_edit}" || {
               # A syscall was not found in the candidate rule
               new_grouped_syscalls+="${delimiter}${syscall}"
               }
        done

        # Group the syscall in the rule
        sed -i -e "\#${rule_to_edit}#s#${rule_syscalls_to_edit}#${new_grouped_syscalls}#" "$file_to_edit"
    fi
fi
	unset syscall_a
unset syscall_grouping
unset syscall_string
unset syscall
unset file_to_edit
unset rule_to_edit
unset rule_syscalls_to_edit
unset other_string
unset auid_string
unset full_rule

# Load macro arguments into arrays
read -a syscall_a &lt;&lt;&lt; $SYSCALL
read -a syscall_grouping &lt;&lt;&lt; $SYSCALL_GROUPING

# Create a list of audit *.rules files that should be inspected for presence and correctness
# of a particular audit rule. The scheme is as follows:
#
# -----------------------------------------------------------------------------------------
#  Tool used to load audit rules | Rule already defined  |  Audit rules file to inspect    |
# -----------------------------------------------------------------------------------------
#        auditctl                |     Doesn't matter    |  /etc/audit/audit.rules         |
# -----------------------------------------------------------------------------------------
#        augenrules              |          Yes          |  /etc/audit/rules.d/*.rules     |
#        augenrules              |          No           |  /etc/audit/rules.d/$key.rules  |
# -----------------------------------------------------------------------------------------
#
files_to_inspect=()


# If audit tool is 'auditctl', then add '/etc/audit/audit.rules'
# file to the list of files to be inspected
default_file="/etc/audit/audit.rules"
files_to_inspect+=('/etc/audit/audit.rules' )

# After converting to jinja, we cannot return; therefore we skip the rest of the macro if needed instead
skip=1

for audit_file in "${files_to_inspect[@]}"
do
    # Filter existing $audit_file rules' definitions to select those that satisfy the rule pattern,
    # i.e, collect rules that match:
    # * the action, list and arch, (2-nd argument)
    # * the other filters, (3-rd argument)
    # * the auid filters, (4-rd argument)
    readarray -t similar_rules &lt; &lt;(sed -e "/^$ACTION_ARCH_FILTERS/!d"  -e "\#$OTHER_FILTERS#!d" -e "/$AUID_FILTERS/!d" "$audit_file")

    candidate_rules=()
    # Filter out rules that have more fields then required. This will remove rules more specific than the required scope
    for s_rule in "${similar_rules[@]}"
    do
        # Strip all the options and fields we know of,
        # than check if there was any field left over
        extra_fields=$(sed -E -e "s/^$ACTION_ARCH_FILTERS//"  -e "s#$OTHER_FILTERS##" -e "s/$AUID_FILTERS//" -e "s/((:?-S [[:alnum:],]+)+)//g" -e "s/-F key=\w+|-k \w+//"&lt;&lt;&lt; "$s_rule")
        grep -q -- "-F" &lt;&lt;&lt; "$extra_fields" || candidate_rules+=("$s_rule")
    done

    if [[ ${#syscall_a[@]} -ge 1 ]]
    then
        # Check if the syscall we want is present in any of the similar existing rules
        for rule in "${candidate_rules[@]}"
        do
            rule_syscalls=$(echo "$rule" | grep -o -P '(-S [\w,]+)+' | xargs)
            all_syscalls_found=0
            for syscall in "${syscall_a[@]}"
            do
                grep -q -- "\b${syscall}\b" &lt;&lt;&lt; "$rule_syscalls" || {
                   # A syscall was not found in the candidate rule
                   all_syscalls_found=1
                   }
            done
            if [[ $all_syscalls_found -eq 0 ]]
            then
                # We found a rule with all the syscall(s) we want; skip rest of macro
                skip=0
                break
            fi

            # Check if this rule can be grouped with our target syscall and keep track of it
            for syscall_g in "${syscall_grouping[@]}"
            do
                if grep -q -- "\b${syscall_g}\b" &lt;&lt;&lt; "$rule_syscalls"
                then
                    file_to_edit=${audit_file}
                    rule_to_edit=${rule}
                    rule_syscalls_to_edit=${rule_syscalls}
                fi
            done
        done
    else
        # If there is any candidate rule, it is compliant; skip rest of macro
        if [ "${#candidate_rules[@]}" -gt 0 ]
        then
            skip=0
        fi
    fi

    if [ "$skip" -eq 0 ]; then
        break
    fi
done

if [ "$skip" -ne 0 ]; then
    # We checked all rules that matched the expected resemblance pattern (action, arch &amp; auid)
    # At this point we know if we need to either append the $full_rule or group
    # the syscall together with an exsiting rule

    # Append the full_rule if it cannot be grouped to any other rule
    if [ -z ${rule_to_edit+x} ]
    then
        # Build full_rule while avoid adding double spaces when other_filters is empty
        if [ "${#syscall_a[@]}" -gt 0 ]
        then
            syscall_string=""
            for syscall in "${syscall_a[@]}"
            do
                syscall_string+=" -S $syscall"
            done
        fi
        other_string=$([[ $OTHER_FILTERS ]] &amp;&amp; echo " $OTHER_FILTERS") || /bin/true
        auid_string=$([[ $AUID_FILTERS ]] &amp;&amp; echo " $AUID_FILTERS") || /bin/true
        full_rule="$ACTION_ARCH_FILTERS${syscall_string}${other_string}${auid_string} -F key=$KEY" || /bin/true
        echo "$full_rule" &gt;&gt; "$default_file"
        chmod 0600 ${default_file}
    else
        # Check if the syscalls are declared as a comma separated list or
        # as multiple -S parameters
        if grep -q -- "," &lt;&lt;&lt; "${rule_syscalls_to_edit}"
        then
            delimiter=","
        else
            delimiter=" -S "
        fi
        new_grouped_syscalls="${rule_syscalls_to_edit}"
        for syscall in "${syscall_a[@]}"
        do
            grep -q -- "\b${syscall}\b" &lt;&lt;&lt; "${rule_syscalls_to_edit}" || {
               # A syscall was not found in the candidate rule
               new_grouped_syscalls+="${delimiter}${syscall}"
               }
        done

        # Group the syscall in the rule
        sed -i -e "\#${rule_to_edit}#s#${rule_syscalls_to_edit}#${new_grouped_syscalls}#" "$file_to_edit"
    fi
fi
done

else
    &gt;&amp;2 echo 'Remediation is not applicable, nothing was done'
fi
</fix>
          <fix xmlns:xhtml="http://www.w3.org/1999/xhtml" id="audit_rules_kernel_module_loading_delete" system="urn:xccdf:fix:script:ansible" complexity="low" disruption="low" strategy="configure">- name: Gather the package facts
  package_facts:
    manager: auto
  tags:
  - CCE-85748-2
  - DISA-STIG-SLES-15-030520
  - NIST-800-171-3.1.7
  - NIST-800-53-AU-12(a)
  - NIST-800-53-AU-12.1(ii)
  - NIST-800-53-AU-12.1(iv)
  - NIST-800-53-AU-3
  - NIST-800-53-AU-3.1
  - NIST-800-53-MA-4(1)(a)
  - PCI-DSS-Req-10.2.7
  - audit_rules_kernel_module_loading_delete
  - configure_strategy
  - low_complexity
  - low_disruption
  - medium_severity
  - no_reboot_needed

- name: Ensure auditd Collects Information on Kernel Module Unloading - delete_module
    - Set architecture for audit ['delete_module'] tasks
  ansible.builtin.set_fact:
    audit_arch: b64
  when:
  - '"audit" in ansible_facts.packages'
  - ("kernel-default" in ansible_facts.packages or "kernel-default-base" in ansible_facts.packages)
  - ansible_architecture == "aarch64" or ansible_architecture == "ppc64" or ansible_architecture
    == "ppc64le" or ansible_architecture == "s390x" or ansible_architecture == "x86_64"
  tags:
  - CCE-85748-2
  - DISA-STIG-SLES-15-030520
  - NIST-800-171-3.1.7
  - NIST-800-53-AU-12(a)
  - NIST-800-53-AU-12.1(ii)
  - NIST-800-53-AU-12.1(iv)
  - NIST-800-53-AU-3
  - NIST-800-53-AU-3.1
  - NIST-800-53-MA-4(1)(a)
  - PCI-DSS-Req-10.2.7
  - audit_rules_kernel_module_loading_delete
  - configure_strategy
  - low_complexity
  - low_disruption
  - medium_severity
  - no_reboot_needed

- name: Ensure auditd Collects Information on Kernel Module Unloading - delete_module
    - Perform remediation of Audit rules for ['delete_module'] for 32bit platform
  block:

  - name: Declare list of syscalls
    ansible.builtin.set_fact:
      syscalls:
      - delete_module
      syscall_grouping:
      - create_module
      - delete_module
      - finit_module
      - init_module
      - query_module

  - name: Check existence of delete_module in /etc/audit/rules.d/
    ansible.builtin.find:
      paths: /etc/audit/rules.d
      contains: -a always,exit -F arch=b32(( -S |,)\w+)*(( -S |,){{ item }})+(( -S
        |,)\w+)* (-k\s+|-F\s+key=)\S+\s*$
      patterns: '*.rules'
    register: find_command
    loop: '{{ (syscall_grouping + syscalls) | unique }}'

  - name: Reset syscalls found per file
    ansible.builtin.set_fact:
      syscalls_per_file: {}
      found_paths_dict: {}

  - name: Declare syscalls found per file
    ansible.builtin.set_fact: syscalls_per_file="{{ syscalls_per_file | combine( {item.files[0].path
      :[item.item] + syscalls_per_file.get(item.files[0].path, []) } ) }}"
    loop: '{{ find_command.results | selectattr(''matched'') | list }}'

  - name: Declare files where syscalls were found
    ansible.builtin.set_fact: found_paths="{{ find_command.results | map(attribute='files')
      | flatten | map(attribute='path') | list }}"

  - name: Count occurrences of syscalls in paths
    ansible.builtin.set_fact: found_paths_dict="{{ found_paths_dict | combine({ item:1+found_paths_dict.get(item,
      0) }) }}"
    loop: '{{ find_command.results | map(attribute=''files'') | flatten | map(attribute=''path'')
      | list }}'

  - name: Get path with most syscalls
    ansible.builtin.set_fact: audit_file="{{ (found_paths_dict | dict2items() | sort(attribute='value')
      | last).key }}"
    when: found_paths | length &gt;= 1

  - name: No file with syscall found, set path to /etc/audit/rules.d/modules.rules
    ansible.builtin.set_fact: audit_file="/etc/audit/rules.d/modules.rules"
    when: found_paths | length == 0

  - name: Declare found syscalls
    ansible.builtin.set_fact: syscalls_found="{{ find_command.results | selectattr('matched')
      | map(attribute='item') | list }}"

  - name: Declare missing syscalls
    ansible.builtin.set_fact: missing_syscalls="{{ syscalls | difference(syscalls_found)
      }}"

  - name: Replace the audit rule in {{ audit_file }}
    ansible.builtin.lineinfile:
      path: '{{ audit_file }}'
      regexp: (-a always,exit -F arch=b32)(?=.*(?:(?:-S |,)(?:{{ syscalls_per_file[audit_file]
        | join("|") }}))\b)((?:( -S |,)\w+)+)( (?:-k |-F key=)\w+)
      line: \1\2\3{{ missing_syscalls | join("\3") }}\4
      backrefs: true
      state: present
      mode: g-rwx,o-rwx
    when: syscalls_found | length &gt; 0 and missing_syscalls | length &gt; 0

  - name: Add the audit rule to {{ audit_file }}
    ansible.builtin.lineinfile:
      path: '{{ audit_file }}'
      line: -a always,exit -F arch=b32 -S {{ syscalls | join(',') }} -F key=modules
      create: true
      mode: g-rwx,o-rwx
      state: present
    when: syscalls_found | length == 0

  - name: Declare list of syscalls
    ansible.builtin.set_fact:
      syscalls:
      - delete_module
      syscall_grouping:
      - create_module
      - delete_module
      - finit_module
      - init_module
      - query_module

  - name: Check existence of delete_module in /etc/audit/audit.rules
    ansible.builtin.find:
      paths: /etc/audit
      contains: -a always,exit -F arch=b32(( -S |,)\w+)*(( -S |,){{ item }})+(( -S
        |,)\w+)* (-k\s+|-F\s+key=)\S+\s*$
      patterns: audit.rules
    register: find_command
    loop: '{{ (syscall_grouping + syscalls) | unique }}'

  - name: Set path to /etc/audit/audit.rules
    ansible.builtin.set_fact: audit_file="/etc/audit/audit.rules"

  - name: Declare found syscalls
    ansible.builtin.set_fact: syscalls_found="{{ find_command.results | selectattr('matched')
      | map(attribute='item') | list }}"

  - name: Declare missing syscalls
    ansible.builtin.set_fact: missing_syscalls="{{ syscalls | difference(syscalls_found)
      }}"

  - name: Replace the audit rule in {{ audit_file }}
    ansible.builtin.lineinfile:
      path: '{{ audit_file }}'
      regexp: (-a always,exit -F arch=b32)(?=.*(?:(?:-S |,)(?:{{ syscalls_found |
        join("|") }}))\b)((?:( -S |,)\w+)+)( (?:-k |-F key=)\w+)
      line: \1\2\3{{ missing_syscalls | join("\3") }}\4
      backrefs: true
      state: present
      mode: g-rwx,o-rwx
    when: syscalls_found | length &gt; 0 and missing_syscalls | length &gt; 0

  - name: Add the audit rule to {{ audit_file }}
    ansible.builtin.lineinfile:
      path: '{{ audit_file }}'
      line: -a always,exit -F arch=b32 -S {{ syscalls | join(',') }} -F key=modules
      create: true
      mode: g-rwx,o-rwx
      state: present
    when: syscalls_found | length == 0
  when:
  - '"audit" in ansible_facts.packages'
  - ("kernel-default" in ansible_facts.packages or "kernel-default-base" in ansible_facts.packages)
  tags:
  - CCE-85748-2
  - DISA-STIG-SLES-15-030520
  - NIST-800-171-3.1.7
  - NIST-800-53-AU-12(a)
  - NIST-800-53-AU-12.1(ii)
  - NIST-800-53-AU-12.1(iv)
  - NIST-800-53-AU-3
  - NIST-800-53-AU-3.1
  - NIST-800-53-MA-4(1)(a)
  - PCI-DSS-Req-10.2.7
  - audit_rules_kernel_module_loading_delete
  - configure_strategy
  - low_complexity
  - low_disruption
  - medium_severity
  - no_reboot_needed

- name: Ensure auditd Collects Information on Kernel Module Unloading - delete_module
    - Perform remediation of Audit rules for ['delete_module'] for 64bit platform
  block:

  - name: Declare list of syscalls
    ansible.builtin.set_fact:
      syscalls:
      - delete_module
      syscall_grouping:
      - create_module
      - delete_module
      - finit_module
      - init_module
      - query_module

  - name: Check existence of delete_module in /etc/audit/rules.d/
    ansible.builtin.find:
      paths: /etc/audit/rules.d
      contains: -a always,exit -F arch=b64(( -S |,)\w+)*(( -S |,){{ item }})+(( -S
        |,)\w+)* (-k\s+|-F\s+key=)\S+\s*$
      patterns: '*.rules'
    register: find_command
    loop: '{{ (syscall_grouping + syscalls) | unique }}'

  - name: Reset syscalls found per file
    ansible.builtin.set_fact:
      syscalls_per_file: {}
      found_paths_dict: {}

  - name: Declare syscalls found per file
    ansible.builtin.set_fact: syscalls_per_file="{{ syscalls_per_file | combine( {item.files[0].path
      :[item.item] + syscalls_per_file.get(item.files[0].path, []) } ) }}"
    loop: '{{ find_command.results | selectattr(''matched'') | list }}'

  - name: Declare files where syscalls were found
    ansible.builtin.set_fact: found_paths="{{ find_command.results | map(attribute='files')
      | flatten | map(attribute='path') | list }}"

  - name: Count occurrences of syscalls in paths
    ansible.builtin.set_fact: found_paths_dict="{{ found_paths_dict | combine({ item:1+found_paths_dict.get(item,
      0) }) }}"
    loop: '{{ find_command.results | map(attribute=''files'') | flatten | map(attribute=''path'')
      | list }}'

  - name: Get path with most syscalls
    ansible.builtin.set_fact: audit_file="{{ (found_paths_dict | dict2items() | sort(attribute='value')
      | last).key }}"
    when: found_paths | length &gt;= 1

  - name: No file with syscall found, set path to /etc/audit/rules.d/modules.rules
    ansible.builtin.set_fact: audit_file="/etc/audit/rules.d/modules.rules"
    when: found_paths | length == 0

  - name: Declare found syscalls
    ansible.builtin.set_fact: syscalls_found="{{ find_command.results | selectattr('matched')
      | map(attribute='item') | list }}"

  - name: Declare missing syscalls
    ansible.builtin.set_fact: missing_syscalls="{{ syscalls | difference(syscalls_found)
      }}"

  - name: Replace the audit rule in {{ audit_file }}
    ansible.builtin.lineinfile:
      path: '{{ audit_file }}'
      regexp: (-a always,exit -F arch=b64)(?=.*(?:(?:-S |,)(?:{{ syscalls_per_file[audit_file]
        | join("|") }}))\b)((?:( -S |,)\w+)+)( (?:-k |-F key=)\w+)
      line: \1\2\3{{ missing_syscalls | join("\3") }}\4
      backrefs: true
      state: present
      mode: g-rwx,o-rwx
    when: syscalls_found | length &gt; 0 and missing_syscalls | length &gt; 0

  - name: Add the audit rule to {{ audit_file }}
    ansible.builtin.lineinfile:
      path: '{{ audit_file }}'
      line: -a always,exit -F arch=b64 -S {{ syscalls | join(',') }} -F key=modules
      create: true
      mode: g-rwx,o-rwx
      state: present
    when: syscalls_found | length == 0

  - name: Declare list of syscalls
    ansible.builtin.set_fact:
      syscalls:
      - delete_module
      syscall_grouping:
      - create_module
      - delete_module
      - finit_module
      - init_module
      - query_module

  - name: Check existence of delete_module in /etc/audit/audit.rules
    ansible.builtin.find:
      paths: /etc/audit
      contains: -a always,exit -F arch=b64(( -S |,)\w+)*(( -S |,){{ item }})+(( -S
        |,)\w+)* (-k\s+|-F\s+key=)\S+\s*$
      patterns: audit.rules
    register: find_command
    loop: '{{ (syscall_grouping + syscalls) | unique }}'

  - name: Set path to /etc/audit/audit.rules
    ansible.builtin.set_fact: audit_file="/etc/audit/audit.rules"

  - name: Declare found syscalls
    ansible.builtin.set_fact: syscalls_found="{{ find_command.results | selectattr('matched')
      | map(attribute='item') | list }}"

  - name: Declare missing syscalls
    ansible.builtin.set_fact: missing_syscalls="{{ syscalls | difference(syscalls_found)
      }}"

  - name: Replace the audit rule in {{ audit_file }}
    ansible.builtin.lineinfile:
      path: '{{ audit_file }}'
      regexp: (-a always,exit -F arch=b64)(?=.*(?:(?:-S |,)(?:{{ syscalls_found |
        join("|") }}))\b)((?:( -S |,)\w+)+)( (?:-k |-F key=)\w+)
      line: \1\2\3{{ missing_syscalls | join("\3") }}\4
      backrefs: true
      state: present
      mode: g-rwx,o-rwx
    when: syscalls_found | length &gt; 0 and missing_syscalls | length &gt; 0

  - name: Add the audit rule to {{ audit_file }}
    ansible.builtin.lineinfile:
      path: '{{ audit_file }}'
      line: -a always,exit -F arch=b64 -S {{ syscalls | join(',') }} -F key=modules
      create: true
      mode: g-rwx,o-rwx
      state: present
    when: syscalls_found | length == 0
  when:
  - '"audit" in ansible_facts.packages'
  - ("kernel-default" in ansible_facts.packages or "kernel-default-base" in ansible_facts.packages)
  - audit_arch == "b64"
  tags:
  - CCE-85748-2
  - DISA-STIG-SLES-15-030520
  - NIST-800-171-3.1.7
  - NIST-800-53-AU-12(a)
  - NIST-800-53-AU-12.1(ii)
  - NIST-800-53-AU-12.1(iv)
  - NIST-800-53-AU-3
  - NIST-800-53-AU-3.1
  - NIST-800-53-MA-4(1)(a)
  - PCI-DSS-Req-10.2.7
  - audit_rules_kernel_module_loading_delete
  - configure_strategy
  - low_complexity
  - low_disruption
  - medium_severity
  - no_reboot_needed
</fix>
          <check system="http://oval.mitre.org/XMLSchema/oval-definitions-5">
            <check-content-ref name="oval:ssg-audit_rules_kernel_module_loading_delete:def:1" href="ssg-sle15-oval.xml"/>
          </check>
          <check system="http://scap.nist.gov/schema/ocil/2">
            <check-content-ref name="ocil:ssg-audit_rules_kernel_module_loading_delete_ocil:questionnaire:1" href="ssg-sle15-ocil.xml"/>
          </check>
        </Rule>
        <Rule id="xccdf_org.ssgproject.content_rule_audit_rules_kernel_module_loading_finit" selected="false" role="full" severity="medium">
          <title xmlns:xhtml="http://www.w3.org/1999/xhtml" xml:lang="en-US">Ensure auditd Collects Information on Kernel Module Loading and Unloading - finit_module</title>
          <description xmlns:xhtml="http://www.w3.org/1999/xhtml" xml:lang="en-US">
To capture kernel module loading and unloading events, use the following line, setting ARCH to
either b32 for 32-bit system, or having two lines for both b32 and b64 in case your system is 64-bit:

<html:pre xmlns:html="http://www.w3.org/1999/xhtml">-a always,exit -F arch=<html:i>ARCH</html:i> -S finit_module -F key=modules</html:pre>


Place to add the line depends on a way <html:code xmlns:html="http://www.w3.org/1999/xhtml">auditd</html:code> daemon is configured. If it is configured
to use the <html:code xmlns:html="http://www.w3.org/1999/xhtml">augenrules</html:code> program (the default), add the line to a file with suffix
<html:code xmlns:html="http://www.w3.org/1999/xhtml">.rules</html:code> in the directory <html:code xmlns:html="http://www.w3.org/1999/xhtml">/etc/audit/rules.d</html:code>.

If the <html:code xmlns:html="http://www.w3.org/1999/xhtml">auditd</html:code> daemon is configured to use the <html:code xmlns:html="http://www.w3.org/1999/xhtml">auditctl</html:code> utility,
add the line to file <html:code xmlns:html="http://www.w3.org/1999/xhtml">/etc/audit/audit.rules</html:code>.</description>
          <reference href="https://www.cisecurity.org/controls/">1</reference>
          <reference href="https://www.cisecurity.org/controls/">11</reference>
          <reference href="https://www.cisecurity.org/controls/">12</reference>
          <reference href="https://www.cisecurity.org/controls/">13</reference>
          <reference href="https://www.cisecurity.org/controls/">14</reference>
          <reference href="https://www.cisecurity.org/controls/">15</reference>
          <reference href="https://www.cisecurity.org/controls/">16</reference>
          <reference href="https://www.cisecurity.org/controls/">19</reference>
          <reference href="https://www.cisecurity.org/controls/">2</reference>
          <reference href="https://www.cisecurity.org/controls/">3</reference>
          <reference href="https://www.cisecurity.org/controls/">4</reference>
          <reference href="https://www.cisecurity.org/controls/">5</reference>
          <reference href="https://www.cisecurity.org/controls/">6</reference>
          <reference href="https://www.cisecurity.org/controls/">7</reference>
          <reference href="https://www.cisecurity.org/controls/">8</reference>
          <reference href="https://www.cisecurity.org/controls/">9</reference>
          <reference href="https://www.isaca.org/resources/cobit">APO10.01</reference>
          <reference href="https://www.isaca.org/resources/cobit">APO10.03</reference>
          <reference href="https://www.isaca.org/resources/cobit">APO10.04</reference>
          <reference href="https://www.isaca.org/resources/cobit">APO10.05</reference>
          <reference href="https://www.isaca.org/resources/cobit">APO11.04</reference>
          <reference href="https://www.isaca.org/resources/cobit">APO12.06</reference>
          <reference href="https://www.isaca.org/resources/cobit">APO13.01</reference>
          <reference href="https://www.isaca.org/resources/cobit">BAI03.05</reference>
          <reference href="https://www.isaca.org/resources/cobit">BAI08.02</reference>
          <reference href="https://www.isaca.org/resources/cobit">DSS01.03</reference>
          <reference href="https://www.isaca.org/resources/cobit">DSS01.04</reference>
          <reference href="https://www.isaca.org/resources/cobit">DSS02.02</reference>
          <reference href="https://www.isaca.org/resources/cobit">DSS02.04</reference>
          <reference href="https://www.isaca.org/resources/cobit">DSS02.07</reference>
          <reference href="https://www.isaca.org/resources/cobit">DSS03.01</reference>
          <reference href="https://www.isaca.org/resources/cobit">DSS03.05</reference>
          <reference href="https://www.isaca.org/resources/cobit">DSS05.02</reference>
          <reference href="https://www.isaca.org/resources/cobit">DSS05.03</reference>
          <reference href="https://www.isaca.org/resources/cobit">DSS05.04</reference>
          <reference href="https://www.isaca.org/resources/cobit">DSS05.05</reference>
          <reference href="https://www.isaca.org/resources/cobit">DSS05.07</reference>
          <reference href="https://www.isaca.org/resources/cobit">MEA01.01</reference>
          <reference href="https://www.isaca.org/resources/cobit">MEA01.02</reference>
          <reference href="https://www.isaca.org/resources/cobit">MEA01.03</reference>
          <reference href="https://www.isaca.org/resources/cobit">MEA01.04</reference>
          <reference href="https://www.isaca.org/resources/cobit">MEA01.05</reference>
          <reference href="https://www.isaca.org/resources/cobit">MEA02.01</reference>
          <reference href="http://nvlpubs.nist.gov/nistpubs/SpecialPublications/NIST.SP.800-171.pdf">3.1.7</reference>
          <reference href="https://www.gpo.gov/fdsys/pkg/CFR-2007-title45-vol1/pdf/CFR-2007-title45-vol1-chapA-subchapC.pdf">164.308(a)(1)(ii)(D)</reference>
          <reference href="https://www.gpo.gov/fdsys/pkg/CFR-2007-title45-vol1/pdf/CFR-2007-title45-vol1-chapA-subchapC.pdf">164.308(a)(3)(ii)(A)</reference>
          <reference href="https://www.gpo.gov/fdsys/pkg/CFR-2007-title45-vol1/pdf/CFR-2007-title45-vol1-chapA-subchapC.pdf">164.308(a)(5)(ii)(C)</reference>
          <reference href="https://www.gpo.gov/fdsys/pkg/CFR-2007-title45-vol1/pdf/CFR-2007-title45-vol1-chapA-subchapC.pdf">164.312(a)(2)(i)</reference>
          <reference href="https://www.gpo.gov/fdsys/pkg/CFR-2007-title45-vol1/pdf/CFR-2007-title45-vol1-chapA-subchapC.pdf">164.312(b)</reference>
          <reference href="https://www.gpo.gov/fdsys/pkg/CFR-2007-title45-vol1/pdf/CFR-2007-title45-vol1-chapA-subchapC.pdf">164.312(d)</reference>
          <reference href="https://www.gpo.gov/fdsys/pkg/CFR-2007-title45-vol1/pdf/CFR-2007-title45-vol1-chapA-subchapC.pdf">164.312(e)</reference>
          <reference href="https://www.isa.org/products/isa-62443-2-1-2009-security-for-industrial-automat">4.2.3.10</reference>
          <reference href="https://www.isa.org/products/isa-62443-2-1-2009-security-for-industrial-automat">4.3.2.6.7</reference>
          <reference href="https://www.isa.org/products/isa-62443-2-1-2009-security-for-industrial-automat">4.3.3.3.9</reference>
          <reference href="https://www.isa.org/products/isa-62443-2-1-2009-security-for-industrial-automat">4.3.3.5.8</reference>
          <reference href="https://www.isa.org/products/isa-62443-2-1-2009-security-for-industrial-automat">4.3.3.6.6</reference>
          <reference href="https://www.isa.org/products/isa-62443-2-1-2009-security-for-industrial-automat">4.3.4.4.7</reference>
          <reference href="https://www.isa.org/products/isa-62443-2-1-2009-security-for-industrial-automat">4.3.4.5.6</reference>
          <reference href="https://www.isa.org/products/isa-62443-2-1-2009-security-for-industrial-automat">4.3.4.5.7</reference>
          <reference href="https://www.isa.org/products/isa-62443-2-1-2009-security-for-industrial-automat">4.3.4.5.8</reference>
          <reference href="https://www.isa.org/products/isa-62443-2-1-2009-security-for-industrial-automat">4.4.2.1</reference>
          <reference href="https://www.isa.org/products/isa-62443-2-1-2009-security-for-industrial-automat">4.4.2.2</reference>
          <reference href="https://www.isa.org/products/isa-62443-2-1-2009-security-for-industrial-automat">4.4.2.4</reference>
          <reference href="https://www.isa.org/products/ansi-isa-62443-3-3-99-03-03-2013-security-for-indu">SR 1.13</reference>
          <reference href="https://www.isa.org/products/ansi-isa-62443-3-3-99-03-03-2013-security-for-indu">SR 2.10</reference>
          <reference href="https://www.isa.org/products/ansi-isa-62443-3-3-99-03-03-2013-security-for-indu">SR 2.11</reference>
          <reference href="https://www.isa.org/products/ansi-isa-62443-3-3-99-03-03-2013-security-for-indu">SR 2.12</reference>
          <reference href="https://www.isa.org/products/ansi-isa-62443-3-3-99-03-03-2013-security-for-indu">SR 2.6</reference>
          <reference href="https://www.isa.org/products/ansi-isa-62443-3-3-99-03-03-2013-security-for-indu">SR 2.8</reference>
          <reference href="https://www.isa.org/products/ansi-isa-62443-3-3-99-03-03-2013-security-for-indu">SR 2.9</reference>
          <reference href="https://www.isa.org/products/ansi-isa-62443-3-3-99-03-03-2013-security-for-indu">SR 3.1</reference>
          <reference href="https://www.isa.org/products/ansi-isa-62443-3-3-99-03-03-2013-security-for-indu">SR 3.5</reference>
          <reference href="https://www.isa.org/products/ansi-isa-62443-3-3-99-03-03-2013-security-for-indu">SR 3.8</reference>
          <reference href="https://www.isa.org/products/ansi-isa-62443-3-3-99-03-03-2013-security-for-indu">SR 4.1</reference>
          <reference href="https://www.isa.org/products/ansi-isa-62443-3-3-99-03-03-2013-security-for-indu">SR 4.3</reference>
          <reference href="https://www.isa.org/products/ansi-isa-62443-3-3-99-03-03-2013-security-for-indu">SR 5.1</reference>
          <reference href="https://www.isa.org/products/ansi-isa-62443-3-3-99-03-03-2013-security-for-indu">SR 5.2</reference>
          <reference href="https://www.isa.org/products/ansi-isa-62443-3-3-99-03-03-2013-security-for-indu">SR 5.3</reference>
          <reference href="https://www.isa.org/products/ansi-isa-62443-3-3-99-03-03-2013-security-for-indu">SR 6.1</reference>
          <reference href="https://www.isa.org/products/ansi-isa-62443-3-3-99-03-03-2013-security-for-indu">SR 6.2</reference>
          <reference href="https://www.isa.org/products/ansi-isa-62443-3-3-99-03-03-2013-security-for-indu">SR 7.1</reference>
          <reference href="https://www.isa.org/products/ansi-isa-62443-3-3-99-03-03-2013-security-for-indu">SR 7.6</reference>
          <reference href="https://www.iso.org/contents/data/standard/05/45/54534.html">A.11.2.6</reference>
          <reference href="https://www.iso.org/contents/data/standard/05/45/54534.html">A.12.4.1</reference>
          <reference href="https://www.iso.org/contents/data/standard/05/45/54534.html">A.12.4.2</reference>
          <reference href="https://www.iso.org/contents/data/standard/05/45/54534.html">A.12.4.3</reference>
          <reference href="https://www.iso.org/contents/data/standard/05/45/54534.html">A.12.4.4</reference>
          <reference href="https://www.iso.org/contents/data/standard/05/45/54534.html">A.12.7.1</reference>
          <reference href="https://www.iso.org/contents/data/standard/05/45/54534.html">A.13.1.1</reference>
          <reference href="https://www.iso.org/contents/data/standard/05/45/54534.html">A.13.2.1</reference>
          <reference href="https://www.iso.org/contents/data/standard/05/45/54534.html">A.14.1.3</reference>
          <reference href="https://www.iso.org/contents/data/standard/05/45/54534.html">A.14.2.7</reference>
          <reference href="https://www.iso.org/contents/data/standard/05/45/54534.html">A.15.2.1</reference>
          <reference href="https://www.iso.org/contents/data/standard/05/45/54534.html">A.15.2.2</reference>
          <reference href="https://www.iso.org/contents/data/standard/05/45/54534.html">A.16.1.4</reference>
          <reference href="https://www.iso.org/contents/data/standard/05/45/54534.html">A.16.1.5</reference>
          <reference href="https://www.iso.org/contents/data/standard/05/45/54534.html">A.16.1.7</reference>
          <reference href="https://www.iso.org/contents/data/standard/05/45/54534.html">A.6.2.1</reference>
          <reference href="https://www.iso.org/contents/data/standard/05/45/54534.html">A.6.2.2</reference>
          <reference href="http://nvlpubs.nist.gov/nistpubs/SpecialPublications/NIST.SP.800-53r4.pdf">AU-3</reference>
          <reference href="http://nvlpubs.nist.gov/nistpubs/SpecialPublications/NIST.SP.800-53r4.pdf">AU-3.1</reference>
          <reference href="http://nvlpubs.nist.gov/nistpubs/SpecialPublications/NIST.SP.800-53r4.pdf">AU-12(a)</reference>
          <reference href="http://nvlpubs.nist.gov/nistpubs/SpecialPublications/NIST.SP.800-53r4.pdf">AU-12.1(ii)</reference>
          <reference href="http://nvlpubs.nist.gov/nistpubs/SpecialPublications/NIST.SP.800-53r4.pdf">AU-12.1(iv)</reference>
          <reference href="http://nvlpubs.nist.gov/nistpubs/SpecialPublications/NIST.SP.800-53r4.pdf">MA-4(1)(a)</reference>
          <reference href="https://nvlpubs.nist.gov/nistpubs/CSWP/NIST.CSWP.04162018.pdf">DE.AE-3</reference>
          <reference href="https://nvlpubs.nist.gov/nistpubs/CSWP/NIST.CSWP.04162018.pdf">DE.AE-5</reference>
          <reference href="https://nvlpubs.nist.gov/nistpubs/CSWP/NIST.CSWP.04162018.pdf">DE.CM-1</reference>
          <reference href="https://nvlpubs.nist.gov/nistpubs/CSWP/NIST.CSWP.04162018.pdf">DE.CM-3</reference>
          <reference href="https://nvlpubs.nist.gov/nistpubs/CSWP/NIST.CSWP.04162018.pdf">DE.CM-7</reference>
          <reference href="https://nvlpubs.nist.gov/nistpubs/CSWP/NIST.CSWP.04162018.pdf">ID.SC-4</reference>
          <reference href="https://nvlpubs.nist.gov/nistpubs/CSWP/NIST.CSWP.04162018.pdf">PR.AC-3</reference>
          <reference href="https://nvlpubs.nist.gov/nistpubs/CSWP/NIST.CSWP.04162018.pdf">PR.PT-1</reference>
          <reference href="https://nvlpubs.nist.gov/nistpubs/CSWP/NIST.CSWP.04162018.pdf">PR.PT-4</reference>
          <reference href="https://nvlpubs.nist.gov/nistpubs/CSWP/NIST.CSWP.04162018.pdf">RS.AN-1</reference>
          <reference href="https://nvlpubs.nist.gov/nistpubs/CSWP/NIST.CSWP.04162018.pdf">RS.AN-4</reference>
          <reference href="https://www.pcisecuritystandards.org/documents/PCI_DSS_v3-2-1.pdf">Req-10.2.7</reference>
          <reference href="https://www.cyber.mil/stigs/downloads/?_dl_facet_stigs=operating-systems%2Cgeneral-purpose-os">SRG-OS-000037-GPOS-00015</reference>
          <reference href="https://www.cyber.mil/stigs/downloads/?_dl_facet_stigs=operating-systems%2Cgeneral-purpose-os">SRG-OS-000042-GPOS-00020</reference>
          <reference href="https://www.cyber.mil/stigs/downloads/?_dl_facet_stigs=operating-systems%2Cgeneral-purpose-os">SRG-OS-000062-GPOS-00031</reference>
          <reference href="https://www.cyber.mil/stigs/downloads/?_dl_facet_stigs=operating-systems%2Cgeneral-purpose-os">SRG-OS-000392-GPOS-00172</reference>
          <reference href="https://www.cyber.mil/stigs/downloads/?_dl_facet_stigs=operating-systems%2Cgeneral-purpose-os">SRG-OS-000462-GPOS-00206</reference>
          <reference href="https://www.cyber.mil/stigs/downloads/?_dl_facet_stigs=operating-systems%2Cgeneral-purpose-os">SRG-OS-000471-GPOS-00215</reference>
          <reference href="https://www.cyber.mil/stigs/downloads/?_dl_facet_stigs=operating-systems%2Cgeneral-purpose-os">SRG-OS-000471-GPOS-00216</reference>
          <reference href="https://www.cyber.mil/stigs/downloads/?_dl_facet_stigs=operating-systems%2Cgeneral-purpose-os">SRG-OS-000477-GPOS-00222</reference>
          <reference href="https://www.cyber.mil/stigs/downloads/?_dl_facet_stigs=app-security">SRG-APP-000495-CTR-001235</reference>
          <reference href="https://www.cyber.mil/stigs/downloads/?_dl_facet_stigs=app-security">SRG-APP-000504-CTR-001280</reference>
          <reference href="https://www.cyber.mil/stigs/downloads/?_dl_facet_stigs=operating-systems%2Cunix-linux">SLES-15-030530</reference>
          <reference href="https://cyber.gouv.fr/sites/default/files/document/linux_configuration-en-v2.pdf">R73</reference>
          <reference href="https://www.cyber.mil/stigs/srg-stig-tools/">SV-234952r958412_rule</reference>
          <rationale xmlns:xhtml="http://www.w3.org/1999/xhtml" xml:lang="en-US">The addition/removal of kernel modules can be used to alter the behavior of
the kernel and potentially introduce malicious code into kernel space. It is important
to have an audit trail of modules that have been introduced into the kernel.</rationale>
          <ident system="https://ncp.nist.gov/cce">CCE-85749-0</ident>
          <fix xmlns:xhtml="http://www.w3.org/1999/xhtml" id="audit_rules_kernel_module_loading_finit" system="urn:xccdf:fix:script:sh"># Remediation is applicable only in certain platforms
if rpm --quiet -q audit &amp;&amp; rpm --quiet -q kernel-default || rpm --quiet -q kernel-default-base; then

# First perform the remediation of the syscall rule
# Retrieve hardware architecture of the underlying system
# Note: 32-bit and 64-bit kernel syscall numbers not always line up =&gt;
#       it's required on a 64-bit system to check also for the presence
#       of 32-bit's equivalent of the corresponding rule.
#       (See `man 7 audit.rules` for details )
[ "$(getconf LONG_BIT)" = "32" ] &amp;&amp; RULE_ARCHS=("b32") || RULE_ARCHS=("b32" "b64")

for ARCH in "${RULE_ARCHS[@]}"
do
	ACTION_ARCH_FILTERS="-a always,exit -F arch=$ARCH"
	OTHER_FILTERS=""
	
	AUID_FILTERS=""
	
	SYSCALL="finit_module"
	KEY="modules"
	SYSCALL_GROUPING="create_module delete_module finit_module init_module query_module"
	# Perform the remediation for both possible tools: 'auditctl' and 'augenrules'
	unset syscall_a
unset syscall_grouping
unset syscall_string
unset syscall
unset file_to_edit
unset rule_to_edit
unset rule_syscalls_to_edit
unset other_string
unset auid_string
unset full_rule

# Load macro arguments into arrays
read -a syscall_a &lt;&lt;&lt; $SYSCALL
read -a syscall_grouping &lt;&lt;&lt; $SYSCALL_GROUPING

# Create a list of audit *.rules files that should be inspected for presence and correctness
# of a particular audit rule. The scheme is as follows:
#
# -----------------------------------------------------------------------------------------
#  Tool used to load audit rules | Rule already defined  |  Audit rules file to inspect    |
# -----------------------------------------------------------------------------------------
#        auditctl                |     Doesn't matter    |  /etc/audit/audit.rules         |
# -----------------------------------------------------------------------------------------
#        augenrules              |          Yes          |  /etc/audit/rules.d/*.rules     |
#        augenrules              |          No           |  /etc/audit/rules.d/$key.rules  |
# -----------------------------------------------------------------------------------------
#
files_to_inspect=()

# If audit tool is 'augenrules', then check if the audit rule is defined
# If rule is defined, add '/etc/audit/rules.d/*.rules' to the list for inspection
# If rule isn't defined yet, add '/etc/audit/rules.d/$key.rules' to the list for inspection
default_file="/etc/audit/rules.d/$KEY.rules"
# As other_filters may include paths, lets use a different delimiter for it
# The "F" script expression tells sed to print the filenames where the expressions matched
readarray -t files_to_inspect &lt; &lt;(sed -s -n -e "/^$ACTION_ARCH_FILTERS/!d" -e "\#$OTHER_FILTERS#!d" -e "/$AUID_FILTERS/!d" -e "F" /etc/audit/rules.d/*.rules)
# Case when particular rule isn't defined in /etc/audit/rules.d/*.rules yet
if [ ${#files_to_inspect[@]} -eq "0" ]
then
    file_to_inspect="/etc/audit/rules.d/$KEY.rules"
    files_to_inspect=("$file_to_inspect")
    if [ ! -e "$file_to_inspect" ]
    then
        touch "$file_to_inspect"
        chmod 0600 "$file_to_inspect"
    fi
fi

# After converting to jinja, we cannot return; therefore we skip the rest of the macro if needed instead
skip=1

for audit_file in "${files_to_inspect[@]}"
do
    # Filter existing $audit_file rules' definitions to select those that satisfy the rule pattern,
    # i.e, collect rules that match:
    # * the action, list and arch, (2-nd argument)
    # * the other filters, (3-rd argument)
    # * the auid filters, (4-rd argument)
    readarray -t similar_rules &lt; &lt;(sed -e "/^$ACTION_ARCH_FILTERS/!d"  -e "\#$OTHER_FILTERS#!d" -e "/$AUID_FILTERS/!d" "$audit_file")

    candidate_rules=()
    # Filter out rules that have more fields then required. This will remove rules more specific than the required scope
    for s_rule in "${similar_rules[@]}"
    do
        # Strip all the options and fields we know of,
        # than check if there was any field left over
        extra_fields=$(sed -E -e "s/^$ACTION_ARCH_FILTERS//"  -e "s#$OTHER_FILTERS##" -e "s/$AUID_FILTERS//" -e "s/((:?-S [[:alnum:],]+)+)//g" -e "s/-F key=\w+|-k \w+//"&lt;&lt;&lt; "$s_rule")
        grep -q -- "-F" &lt;&lt;&lt; "$extra_fields" || candidate_rules+=("$s_rule")
    done

    if [[ ${#syscall_a[@]} -ge 1 ]]
    then
        # Check if the syscall we want is present in any of the similar existing rules
        for rule in "${candidate_rules[@]}"
        do
            rule_syscalls=$(echo "$rule" | grep -o -P '(-S [\w,]+)+' | xargs)
            all_syscalls_found=0
            for syscall in "${syscall_a[@]}"
            do
                grep -q -- "\b${syscall}\b" &lt;&lt;&lt; "$rule_syscalls" || {
                   # A syscall was not found in the candidate rule
                   all_syscalls_found=1
                   }
            done
            if [[ $all_syscalls_found -eq 0 ]]
            then
                # We found a rule with all the syscall(s) we want; skip rest of macro
                skip=0
                break
            fi

            # Check if this rule can be grouped with our target syscall and keep track of it
            for syscall_g in "${syscall_grouping[@]}"
            do
                if grep -q -- "\b${syscall_g}\b" &lt;&lt;&lt; "$rule_syscalls"
                then
                    file_to_edit=${audit_file}
                    rule_to_edit=${rule}
                    rule_syscalls_to_edit=${rule_syscalls}
                fi
            done
        done
    else
        # If there is any candidate rule, it is compliant; skip rest of macro
        if [ "${#candidate_rules[@]}" -gt 0 ]
        then
            skip=0
        fi
    fi

    if [ "$skip" -eq 0 ]; then
        break
    fi
done

if [ "$skip" -ne 0 ]; then
    # We checked all rules that matched the expected resemblance pattern (action, arch &amp; auid)
    # At this point we know if we need to either append the $full_rule or group
    # the syscall together with an exsiting rule

    # Append the full_rule if it cannot be grouped to any other rule
    if [ -z ${rule_to_edit+x} ]
    then
        # Build full_rule while avoid adding double spaces when other_filters is empty
        if [ "${#syscall_a[@]}" -gt 0 ]
        then
            syscall_string=""
            for syscall in "${syscall_a[@]}"
            do
                syscall_string+=" -S $syscall"
            done
        fi
        other_string=$([[ $OTHER_FILTERS ]] &amp;&amp; echo " $OTHER_FILTERS") || /bin/true
        auid_string=$([[ $AUID_FILTERS ]] &amp;&amp; echo " $AUID_FILTERS") || /bin/true
        full_rule="$ACTION_ARCH_FILTERS${syscall_string}${other_string}${auid_string} -F key=$KEY" || /bin/true
        echo "$full_rule" &gt;&gt; "$default_file"
        chmod 0600 ${default_file}
    else
        # Check if the syscalls are declared as a comma separated list or
        # as multiple -S parameters
        if grep -q -- "," &lt;&lt;&lt; "${rule_syscalls_to_edit}"
        then
            delimiter=","
        else
            delimiter=" -S "
        fi
        new_grouped_syscalls="${rule_syscalls_to_edit}"
        for syscall in "${syscall_a[@]}"
        do
            grep -q -- "\b${syscall}\b" &lt;&lt;&lt; "${rule_syscalls_to_edit}" || {
               # A syscall was not found in the candidate rule
               new_grouped_syscalls+="${delimiter}${syscall}"
               }
        done

        # Group the syscall in the rule
        sed -i -e "\#${rule_to_edit}#s#${rule_syscalls_to_edit}#${new_grouped_syscalls}#" "$file_to_edit"
    fi
fi
	unset syscall_a
unset syscall_grouping
unset syscall_string
unset syscall
unset file_to_edit
unset rule_to_edit
unset rule_syscalls_to_edit
unset other_string
unset auid_string
unset full_rule

# Load macro arguments into arrays
read -a syscall_a &lt;&lt;&lt; $SYSCALL
read -a syscall_grouping &lt;&lt;&lt; $SYSCALL_GROUPING

# Create a list of audit *.rules files that should be inspected for presence and correctness
# of a particular audit rule. The scheme is as follows:
#
# -----------------------------------------------------------------------------------------
#  Tool used to load audit rules | Rule already defined  |  Audit rules file to inspect    |
# -----------------------------------------------------------------------------------------
#        auditctl                |     Doesn't matter    |  /etc/audit/audit.rules         |
# -----------------------------------------------------------------------------------------
#        augenrules              |          Yes          |  /etc/audit/rules.d/*.rules     |
#        augenrules              |          No           |  /etc/audit/rules.d/$key.rules  |
# -----------------------------------------------------------------------------------------
#
files_to_inspect=()


# If audit tool is 'auditctl', then add '/etc/audit/audit.rules'
# file to the list of files to be inspected
default_file="/etc/audit/audit.rules"
files_to_inspect+=('/etc/audit/audit.rules' )

# After converting to jinja, we cannot return; therefore we skip the rest of the macro if needed instead
skip=1

for audit_file in "${files_to_inspect[@]}"
do
    # Filter existing $audit_file rules' definitions to select those that satisfy the rule pattern,
    # i.e, collect rules that match:
    # * the action, list and arch, (2-nd argument)
    # * the other filters, (3-rd argument)
    # * the auid filters, (4-rd argument)
    readarray -t similar_rules &lt; &lt;(sed -e "/^$ACTION_ARCH_FILTERS/!d"  -e "\#$OTHER_FILTERS#!d" -e "/$AUID_FILTERS/!d" "$audit_file")

    candidate_rules=()
    # Filter out rules that have more fields then required. This will remove rules more specific than the required scope
    for s_rule in "${similar_rules[@]}"
    do
        # Strip all the options and fields we know of,
        # than check if there was any field left over
        extra_fields=$(sed -E -e "s/^$ACTION_ARCH_FILTERS//"  -e "s#$OTHER_FILTERS##" -e "s/$AUID_FILTERS//" -e "s/((:?-S [[:alnum:],]+)+)//g" -e "s/-F key=\w+|-k \w+//"&lt;&lt;&lt; "$s_rule")
        grep -q -- "-F" &lt;&lt;&lt; "$extra_fields" || candidate_rules+=("$s_rule")
    done

    if [[ ${#syscall_a[@]} -ge 1 ]]
    then
        # Check if the syscall we want is present in any of the similar existing rules
        for rule in "${candidate_rules[@]}"
        do
            rule_syscalls=$(echo "$rule" | grep -o -P '(-S [\w,]+)+' | xargs)
            all_syscalls_found=0
            for syscall in "${syscall_a[@]}"
            do
                grep -q -- "\b${syscall}\b" &lt;&lt;&lt; "$rule_syscalls" || {
                   # A syscall was not found in the candidate rule
                   all_syscalls_found=1
                   }
            done
            if [[ $all_syscalls_found -eq 0 ]]
            then
                # We found a rule with all the syscall(s) we want; skip rest of macro
                skip=0
                break
            fi

            # Check if this rule can be grouped with our target syscall and keep track of it
            for syscall_g in "${syscall_grouping[@]}"
            do
                if grep -q -- "\b${syscall_g}\b" &lt;&lt;&lt; "$rule_syscalls"
                then
                    file_to_edit=${audit_file}
                    rule_to_edit=${rule}
                    rule_syscalls_to_edit=${rule_syscalls}
                fi
            done
        done
    else
        # If there is any candidate rule, it is compliant; skip rest of macro
        if [ "${#candidate_rules[@]}" -gt 0 ]
        then
            skip=0
        fi
    fi

    if [ "$skip" -eq 0 ]; then
        break
    fi
done

if [ "$skip" -ne 0 ]; then
    # We checked all rules that matched the expected resemblance pattern (action, arch &amp; auid)
    # At this point we know if we need to either append the $full_rule or group
    # the syscall together with an exsiting rule

    # Append the full_rule if it cannot be grouped to any other rule
    if [ -z ${rule_to_edit+x} ]
    then
        # Build full_rule while avoid adding double spaces when other_filters is empty
        if [ "${#syscall_a[@]}" -gt 0 ]
        then
            syscall_string=""
            for syscall in "${syscall_a[@]}"
            do
                syscall_string+=" -S $syscall"
            done
        fi
        other_string=$([[ $OTHER_FILTERS ]] &amp;&amp; echo " $OTHER_FILTERS") || /bin/true
        auid_string=$([[ $AUID_FILTERS ]] &amp;&amp; echo " $AUID_FILTERS") || /bin/true
        full_rule="$ACTION_ARCH_FILTERS${syscall_string}${other_string}${auid_string} -F key=$KEY" || /bin/true
        echo "$full_rule" &gt;&gt; "$default_file"
        chmod 0600 ${default_file}
    else
        # Check if the syscalls are declared as a comma separated list or
        # as multiple -S parameters
        if grep -q -- "," &lt;&lt;&lt; "${rule_syscalls_to_edit}"
        then
            delimiter=","
        else
            delimiter=" -S "
        fi
        new_grouped_syscalls="${rule_syscalls_to_edit}"
        for syscall in "${syscall_a[@]}"
        do
            grep -q -- "\b${syscall}\b" &lt;&lt;&lt; "${rule_syscalls_to_edit}" || {
               # A syscall was not found in the candidate rule
               new_grouped_syscalls+="${delimiter}${syscall}"
               }
        done

        # Group the syscall in the rule
        sed -i -e "\#${rule_to_edit}#s#${rule_syscalls_to_edit}#${new_grouped_syscalls}#" "$file_to_edit"
    fi
fi
done

else
    &gt;&amp;2 echo 'Remediation is not applicable, nothing was done'
fi
</fix>
          <fix xmlns:xhtml="http://www.w3.org/1999/xhtml" id="audit_rules_kernel_module_loading_finit" system="urn:xccdf:fix:script:ansible" complexity="low" disruption="low" strategy="configure">- name: Gather the package facts
  package_facts:
    manager: auto
  tags:
  - CCE-85749-0
  - DISA-STIG-SLES-15-030530
  - NIST-800-171-3.1.7
  - NIST-800-53-AU-12(a)
  - NIST-800-53-AU-12.1(ii)
  - NIST-800-53-AU-12.1(iv)
  - NIST-800-53-AU-3
  - NIST-800-53-AU-3.1
  - NIST-800-53-MA-4(1)(a)
  - PCI-DSS-Req-10.2.7
  - audit_rules_kernel_module_loading_finit
  - configure_strategy
  - low_complexity
  - low_disruption
  - medium_severity
  - no_reboot_needed

- name: Ensure auditd Collects Information on Kernel Module Loading and Unloading
    - finit_module - Set architecture for audit ['finit_module'] tasks
  ansible.builtin.set_fact:
    audit_arch: b64
  when:
  - '"audit" in ansible_facts.packages'
  - ("kernel-default" in ansible_facts.packages or "kernel-default-base" in ansible_facts.packages)
  - ansible_architecture == "aarch64" or ansible_architecture == "ppc64" or ansible_architecture
    == "ppc64le" or ansible_architecture == "s390x" or ansible_architecture == "x86_64"
  tags:
  - CCE-85749-0
  - DISA-STIG-SLES-15-030530
  - NIST-800-171-3.1.7
  - NIST-800-53-AU-12(a)
  - NIST-800-53-AU-12.1(ii)
  - NIST-800-53-AU-12.1(iv)
  - NIST-800-53-AU-3
  - NIST-800-53-AU-3.1
  - NIST-800-53-MA-4(1)(a)
  - PCI-DSS-Req-10.2.7
  - audit_rules_kernel_module_loading_finit
  - configure_strategy
  - low_complexity
  - low_disruption
  - medium_severity
  - no_reboot_needed

- name: Ensure auditd Collects Information on Kernel Module Loading and Unloading
    - finit_module - Perform remediation of Audit rules for ['finit_module'] for 32bit
    platform
  block:

  - name: Declare list of syscalls
    ansible.builtin.set_fact:
      syscalls:
      - finit_module
      syscall_grouping:
      - create_module
      - delete_module
      - finit_module
      - init_module
      - query_module

  - name: Check existence of finit_module in /etc/audit/rules.d/
    ansible.builtin.find:
      paths: /etc/audit/rules.d
      contains: -a always,exit -F arch=b32(( -S |,)\w+)*(( -S |,){{ item }})+(( -S
        |,)\w+)* (-k\s+|-F\s+key=)\S+\s*$
      patterns: '*.rules'
    register: find_command
    loop: '{{ (syscall_grouping + syscalls) | unique }}'

  - name: Reset syscalls found per file
    ansible.builtin.set_fact:
      syscalls_per_file: {}
      found_paths_dict: {}

  - name: Declare syscalls found per file
    ansible.builtin.set_fact: syscalls_per_file="{{ syscalls_per_file | combine( {item.files[0].path
      :[item.item] + syscalls_per_file.get(item.files[0].path, []) } ) }}"
    loop: '{{ find_command.results | selectattr(''matched'') | list }}'

  - name: Declare files where syscalls were found
    ansible.builtin.set_fact: found_paths="{{ find_command.results | map(attribute='files')
      | flatten | map(attribute='path') | list }}"

  - name: Count occurrences of syscalls in paths
    ansible.builtin.set_fact: found_paths_dict="{{ found_paths_dict | combine({ item:1+found_paths_dict.get(item,
      0) }) }}"
    loop: '{{ find_command.results | map(attribute=''files'') | flatten | map(attribute=''path'')
      | list }}'

  - name: Get path with most syscalls
    ansible.builtin.set_fact: audit_file="{{ (found_paths_dict | dict2items() | sort(attribute='value')
      | last).key }}"
    when: found_paths | length &gt;= 1

  - name: No file with syscall found, set path to /etc/audit/rules.d/modules.rules
    ansible.builtin.set_fact: audit_file="/etc/audit/rules.d/modules.rules"
    when: found_paths | length == 0

  - name: Declare found syscalls
    ansible.builtin.set_fact: syscalls_found="{{ find_command.results | selectattr('matched')
      | map(attribute='item') | list }}"

  - name: Declare missing syscalls
    ansible.builtin.set_fact: missing_syscalls="{{ syscalls | difference(syscalls_found)
      }}"

  - name: Replace the audit rule in {{ audit_file }}
    ansible.builtin.lineinfile:
      path: '{{ audit_file }}'
      regexp: (-a always,exit -F arch=b32)(?=.*(?:(?:-S |,)(?:{{ syscalls_per_file[audit_file]
        | join("|") }}))\b)((?:( -S |,)\w+)+)( (?:-k |-F key=)\w+)
      line: \1\2\3{{ missing_syscalls | join("\3") }}\4
      backrefs: true
      state: present
      mode: g-rwx,o-rwx
    when: syscalls_found | length &gt; 0 and missing_syscalls | length &gt; 0

  - name: Add the audit rule to {{ audit_file }}
    ansible.builtin.lineinfile:
      path: '{{ audit_file }}'
      line: -a always,exit -F arch=b32 -S {{ syscalls | join(',') }} -F key=modules
      create: true
      mode: g-rwx,o-rwx
      state: present
    when: syscalls_found | length == 0

  - name: Declare list of syscalls
    ansible.builtin.set_fact:
      syscalls:
      - finit_module
      syscall_grouping:
      - create_module
      - delete_module
      - finit_module
      - init_module
      - query_module

  - name: Check existence of finit_module in /etc/audit/audit.rules
    ansible.builtin.find:
      paths: /etc/audit
      contains: -a always,exit -F arch=b32(( -S |,)\w+)*(( -S |,){{ item }})+(( -S
        |,)\w+)* (-k\s+|-F\s+key=)\S+\s*$
      patterns: audit.rules
    register: find_command
    loop: '{{ (syscall_grouping + syscalls) | unique }}'

  - name: Set path to /etc/audit/audit.rules
    ansible.builtin.set_fact: audit_file="/etc/audit/audit.rules"

  - name: Declare found syscalls
    ansible.builtin.set_fact: syscalls_found="{{ find_command.results | selectattr('matched')
      | map(attribute='item') | list }}"

  - name: Declare missing syscalls
    ansible.builtin.set_fact: missing_syscalls="{{ syscalls | difference(syscalls_found)
      }}"

  - name: Replace the audit rule in {{ audit_file }}
    ansible.builtin.lineinfile:
      path: '{{ audit_file }}'
      regexp: (-a always,exit -F arch=b32)(?=.*(?:(?:-S |,)(?:{{ syscalls_found |
        join("|") }}))\b)((?:( -S |,)\w+)+)( (?:-k |-F key=)\w+)
      line: \1\2\3{{ missing_syscalls | join("\3") }}\4
      backrefs: true
      state: present
      mode: g-rwx,o-rwx
    when: syscalls_found | length &gt; 0 and missing_syscalls | length &gt; 0

  - name: Add the audit rule to {{ audit_file }}
    ansible.builtin.lineinfile:
      path: '{{ audit_file }}'
      line: -a always,exit -F arch=b32 -S {{ syscalls | join(',') }} -F key=modules
      create: true
      mode: g-rwx,o-rwx
      state: present
    when: syscalls_found | length == 0
  when:
  - '"audit" in ansible_facts.packages'
  - ("kernel-default" in ansible_facts.packages or "kernel-default-base" in ansible_facts.packages)
  tags:
  - CCE-85749-0
  - DISA-STIG-SLES-15-030530
  - NIST-800-171-3.1.7
  - NIST-800-53-AU-12(a)
  - NIST-800-53-AU-12.1(ii)
  - NIST-800-53-AU-12.1(iv)
  - NIST-800-53-AU-3
  - NIST-800-53-AU-3.1
  - NIST-800-53-MA-4(1)(a)
  - PCI-DSS-Req-10.2.7
  - audit_rules_kernel_module_loading_finit
  - configure_strategy
  - low_complexity
  - low_disruption
  - medium_severity
  - no_reboot_needed

- name: Ensure auditd Collects Information on Kernel Module Loading and Unloading
    - finit_module - Perform remediation of Audit rules for ['finit_module'] for 64bit
    platform
  block:

  - name: Declare list of syscalls
    ansible.builtin.set_fact:
      syscalls:
      - finit_module
      syscall_grouping:
      - create_module
      - delete_module
      - finit_module
      - init_module
      - query_module

  - name: Check existence of finit_module in /etc/audit/rules.d/
    ansible.builtin.find:
      paths: /etc/audit/rules.d
      contains: -a always,exit -F arch=b64(( -S |,)\w+)*(( -S |,){{ item }})+(( -S
        |,)\w+)* (-k\s+|-F\s+key=)\S+\s*$
      patterns: '*.rules'
    register: find_command
    loop: '{{ (syscall_grouping + syscalls) | unique }}'

  - name: Reset syscalls found per file
    ansible.builtin.set_fact:
      syscalls_per_file: {}
      found_paths_dict: {}

  - name: Declare syscalls found per file
    ansible.builtin.set_fact: syscalls_per_file="{{ syscalls_per_file | combine( {item.files[0].path
      :[item.item] + syscalls_per_file.get(item.files[0].path, []) } ) }}"
    loop: '{{ find_command.results | selectattr(''matched'') | list }}'

  - name: Declare files where syscalls were found
    ansible.builtin.set_fact: found_paths="{{ find_command.results | map(attribute='files')
      | flatten | map(attribute='path') | list }}"

  - name: Count occurrences of syscalls in paths
    ansible.builtin.set_fact: found_paths_dict="{{ found_paths_dict | combine({ item:1+found_paths_dict.get(item,
      0) }) }}"
    loop: '{{ find_command.results | map(attribute=''files'') | flatten | map(attribute=''path'')
      | list }}'

  - name: Get path with most syscalls
    ansible.builtin.set_fact: audit_file="{{ (found_paths_dict | dict2items() | sort(attribute='value')
      | last).key }}"
    when: found_paths | length &gt;= 1

  - name: No file with syscall found, set path to /etc/audit/rules.d/modules.rules
    ansible.builtin.set_fact: audit_file="/etc/audit/rules.d/modules.rules"
    when: found_paths | length == 0

  - name: Declare found syscalls
    ansible.builtin.set_fact: syscalls_found="{{ find_command.results | selectattr('matched')
      | map(attribute='item') | list }}"

  - name: Declare missing syscalls
    ansible.builtin.set_fact: missing_syscalls="{{ syscalls | difference(syscalls_found)
      }}"

  - name: Replace the audit rule in {{ audit_file }}
    ansible.builtin.lineinfile:
      path: '{{ audit_file }}'
      regexp: (-a always,exit -F arch=b64)(?=.*(?:(?:-S |,)(?:{{ syscalls_per_file[audit_file]
        | join("|") }}))\b)((?:( -S |,)\w+)+)( (?:-k |-F key=)\w+)
      line: \1\2\3{{ missing_syscalls | join("\3") }}\4
      backrefs: true
      state: present
      mode: g-rwx,o-rwx
    when: syscalls_found | length &gt; 0 and missing_syscalls | length &gt; 0

  - name: Add the audit rule to {{ audit_file }}
    ansible.builtin.lineinfile:
      path: '{{ audit_file }}'
      line: -a always,exit -F arch=b64 -S {{ syscalls | join(',') }} -F key=modules
      create: true
      mode: g-rwx,o-rwx
      state: present
    when: syscalls_found | length == 0

  - name: Declare list of syscalls
    ansible.builtin.set_fact:
      syscalls:
      - finit_module
      syscall_grouping:
      - create_module
      - delete_module
      - finit_module
      - init_module
      - query_module

  - name: Check existence of finit_module in /etc/audit/audit.rules
    ansible.builtin.find:
      paths: /etc/audit
      contains: -a always,exit -F arch=b64(( -S |,)\w+)*(( -S |,){{ item }})+(( -S
        |,)\w+)* (-k\s+|-F\s+key=)\S+\s*$
      patterns: audit.rules
    register: find_command
    loop: '{{ (syscall_grouping + syscalls) | unique }}'

  - name: Set path to /etc/audit/audit.rules
    ansible.builtin.set_fact: audit_file="/etc/audit/audit.rules"

  - name: Declare found syscalls
    ansible.builtin.set_fact: syscalls_found="{{ find_command.results | selectattr('matched')
      | map(attribute='item') | list }}"

  - name: Declare missing syscalls
    ansible.builtin.set_fact: missing_syscalls="{{ syscalls | difference(syscalls_found)
      }}"

  - name: Replace the audit rule in {{ audit_file }}
    ansible.builtin.lineinfile:
      path: '{{ audit_file }}'
      regexp: (-a always,exit -F arch=b64)(?=.*(?:(?:-S |,)(?:{{ syscalls_found |
        join("|") }}))\b)((?:( -S |,)\w+)+)( (?:-k |-F key=)\w+)
      line: \1\2\3{{ missing_syscalls | join("\3") }}\4
      backrefs: true
      state: present
      mode: g-rwx,o-rwx
    when: syscalls_found | length &gt; 0 and missing_syscalls | length &gt; 0

  - name: Add the audit rule to {{ audit_file }}
    ansible.builtin.lineinfile:
      path: '{{ audit_file }}'
      line: -a always,exit -F arch=b64 -S {{ syscalls | join(',') }} -F key=modules
      create: true
      mode: g-rwx,o-rwx
      state: present
    when: syscalls_found | length == 0
  when:
  - '"audit" in ansible_facts.packages'
  - ("kernel-default" in ansible_facts.packages or "kernel-default-base" in ansible_facts.packages)
  - audit_arch == "b64"
  tags:
  - CCE-85749-0
  - DISA-STIG-SLES-15-030530
  - NIST-800-171-3.1.7
  - NIST-800-53-AU-12(a)
  - NIST-800-53-AU-12.1(ii)
  - NIST-800-53-AU-12.1(iv)
  - NIST-800-53-AU-3
  - NIST-800-53-AU-3.1
  - NIST-800-53-MA-4(1)(a)
  - PCI-DSS-Req-10.2.7
  - audit_rules_kernel_module_loading_finit
  - configure_strategy
  - low_complexity
  - low_disruption
  - medium_severity
  - no_reboot_needed
</fix>
          <check system="http://oval.mitre.org/XMLSchema/oval-definitions-5">
            <check-content-ref name="oval:ssg-audit_rules_kernel_module_loading_finit:def:1" href="ssg-sle15-oval.xml"/>
          </check>
          <check system="http://scap.nist.gov/schema/ocil/2">
            <check-content-ref name="ocil:ssg-audit_rules_kernel_module_loading_finit_ocil:questionnaire:1" href="ssg-sle15-ocil.xml"/>
          </check>
        </Rule>
        <Rule id="xccdf_org.ssgproject.content_rule_audit_rules_kernel_module_loading_init" selected="false" role="full" severity="medium">
          <title xmlns:xhtml="http://www.w3.org/1999/xhtml" xml:lang="en-US">Ensure auditd Collects Information on Kernel Module Loading - init_module</title>
          <description xmlns:xhtml="http://www.w3.org/1999/xhtml" xml:lang="en-US">
To capture kernel module loading and unloading events, use the following line, setting ARCH to
either b32 for 32-bit system, or having two lines for both b32 and b64 in case your system is 64-bit:

<html:pre xmlns:html="http://www.w3.org/1999/xhtml">-a always,exit -F arch=<html:i>ARCH</html:i> -S init_module -F key=modules</html:pre>


Place to add the line depends on a way <html:code xmlns:html="http://www.w3.org/1999/xhtml">auditd</html:code> daemon is configured. If it is configured
to use the <html:code xmlns:html="http://www.w3.org/1999/xhtml">augenrules</html:code> program (the default), add the line to a file with suffix
<html:code xmlns:html="http://www.w3.org/1999/xhtml">.rules</html:code> in the directory <html:code xmlns:html="http://www.w3.org/1999/xhtml">/etc/audit/rules.d</html:code>.

If the <html:code xmlns:html="http://www.w3.org/1999/xhtml">auditd</html:code> daemon is configured to use the <html:code xmlns:html="http://www.w3.org/1999/xhtml">auditctl</html:code> utility,
add the line to file <html:code xmlns:html="http://www.w3.org/1999/xhtml">/etc/audit/audit.rules</html:code>.</description>
          <reference href="https://www.cisecurity.org/controls/">1</reference>
          <reference href="https://www.cisecurity.org/controls/">11</reference>
          <reference href="https://www.cisecurity.org/controls/">12</reference>
          <reference href="https://www.cisecurity.org/controls/">13</reference>
          <reference href="https://www.cisecurity.org/controls/">14</reference>
          <reference href="https://www.cisecurity.org/controls/">15</reference>
          <reference href="https://www.cisecurity.org/controls/">16</reference>
          <reference href="https://www.cisecurity.org/controls/">19</reference>
          <reference href="https://www.cisecurity.org/controls/">2</reference>
          <reference href="https://www.cisecurity.org/controls/">3</reference>
          <reference href="https://www.cisecurity.org/controls/">4</reference>
          <reference href="https://www.cisecurity.org/controls/">5</reference>
          <reference href="https://www.cisecurity.org/controls/">6</reference>
          <reference href="https://www.cisecurity.org/controls/">7</reference>
          <reference href="https://www.cisecurity.org/controls/">8</reference>
          <reference href="https://www.cisecurity.org/controls/">9</reference>
          <reference href="https://www.isaca.org/resources/cobit">APO10.01</reference>
          <reference href="https://www.isaca.org/resources/cobit">APO10.03</reference>
          <reference href="https://www.isaca.org/resources/cobit">APO10.04</reference>
          <reference href="https://www.isaca.org/resources/cobit">APO10.05</reference>
          <reference href="https://www.isaca.org/resources/cobit">APO11.04</reference>
          <reference href="https://www.isaca.org/resources/cobit">APO12.06</reference>
          <reference href="https://www.isaca.org/resources/cobit">APO13.01</reference>
          <reference href="https://www.isaca.org/resources/cobit">BAI03.05</reference>
          <reference href="https://www.isaca.org/resources/cobit">BAI08.02</reference>
          <reference href="https://www.isaca.org/resources/cobit">DSS01.03</reference>
          <reference href="https://www.isaca.org/resources/cobit">DSS01.04</reference>
          <reference href="https://www.isaca.org/resources/cobit">DSS02.02</reference>
          <reference href="https://www.isaca.org/resources/cobit">DSS02.04</reference>
          <reference href="https://www.isaca.org/resources/cobit">DSS02.07</reference>
          <reference href="https://www.isaca.org/resources/cobit">DSS03.01</reference>
          <reference href="https://www.isaca.org/resources/cobit">DSS03.05</reference>
          <reference href="https://www.isaca.org/resources/cobit">DSS05.02</reference>
          <reference href="https://www.isaca.org/resources/cobit">DSS05.03</reference>
          <reference href="https://www.isaca.org/resources/cobit">DSS05.04</reference>
          <reference href="https://www.isaca.org/resources/cobit">DSS05.05</reference>
          <reference href="https://www.isaca.org/resources/cobit">DSS05.07</reference>
          <reference href="https://www.isaca.org/resources/cobit">MEA01.01</reference>
          <reference href="https://www.isaca.org/resources/cobit">MEA01.02</reference>
          <reference href="https://www.isaca.org/resources/cobit">MEA01.03</reference>
          <reference href="https://www.isaca.org/resources/cobit">MEA01.04</reference>
          <reference href="https://www.isaca.org/resources/cobit">MEA01.05</reference>
          <reference href="https://www.isaca.org/resources/cobit">MEA02.01</reference>
          <reference href="http://nvlpubs.nist.gov/nistpubs/SpecialPublications/NIST.SP.800-171.pdf">3.1.7</reference>
          <reference href="https://www.gpo.gov/fdsys/pkg/CFR-2007-title45-vol1/pdf/CFR-2007-title45-vol1-chapA-subchapC.pdf">164.308(a)(1)(ii)(D)</reference>
          <reference href="https://www.gpo.gov/fdsys/pkg/CFR-2007-title45-vol1/pdf/CFR-2007-title45-vol1-chapA-subchapC.pdf">164.308(a)(3)(ii)(A)</reference>
          <reference href="https://www.gpo.gov/fdsys/pkg/CFR-2007-title45-vol1/pdf/CFR-2007-title45-vol1-chapA-subchapC.pdf">164.308(a)(5)(ii)(C)</reference>
          <reference href="https://www.gpo.gov/fdsys/pkg/CFR-2007-title45-vol1/pdf/CFR-2007-title45-vol1-chapA-subchapC.pdf">164.312(a)(2)(i)</reference>
          <reference href="https://www.gpo.gov/fdsys/pkg/CFR-2007-title45-vol1/pdf/CFR-2007-title45-vol1-chapA-subchapC.pdf">164.312(b)</reference>
          <reference href="https://www.gpo.gov/fdsys/pkg/CFR-2007-title45-vol1/pdf/CFR-2007-title45-vol1-chapA-subchapC.pdf">164.312(d)</reference>
          <reference href="https://www.gpo.gov/fdsys/pkg/CFR-2007-title45-vol1/pdf/CFR-2007-title45-vol1-chapA-subchapC.pdf">164.312(e)</reference>
          <reference href="https://www.isa.org/products/isa-62443-2-1-2009-security-for-industrial-automat">4.2.3.10</reference>
          <reference href="https://www.isa.org/products/isa-62443-2-1-2009-security-for-industrial-automat">4.3.2.6.7</reference>
          <reference href="https://www.isa.org/products/isa-62443-2-1-2009-security-for-industrial-automat">4.3.3.3.9</reference>
          <reference href="https://www.isa.org/products/isa-62443-2-1-2009-security-for-industrial-automat">4.3.3.5.8</reference>
          <reference href="https://www.isa.org/products/isa-62443-2-1-2009-security-for-industrial-automat">4.3.3.6.6</reference>
          <reference href="https://www.isa.org/products/isa-62443-2-1-2009-security-for-industrial-automat">4.3.4.4.7</reference>
          <reference href="https://www.isa.org/products/isa-62443-2-1-2009-security-for-industrial-automat">4.3.4.5.6</reference>
          <reference href="https://www.isa.org/products/isa-62443-2-1-2009-security-for-industrial-automat">4.3.4.5.7</reference>
          <reference href="https://www.isa.org/products/isa-62443-2-1-2009-security-for-industrial-automat">4.3.4.5.8</reference>
          <reference href="https://www.isa.org/products/isa-62443-2-1-2009-security-for-industrial-automat">4.4.2.1</reference>
          <reference href="https://www.isa.org/products/isa-62443-2-1-2009-security-for-industrial-automat">4.4.2.2</reference>
          <reference href="https://www.isa.org/products/isa-62443-2-1-2009-security-for-industrial-automat">4.4.2.4</reference>
          <reference href="https://www.isa.org/products/ansi-isa-62443-3-3-99-03-03-2013-security-for-indu">SR 1.13</reference>
          <reference href="https://www.isa.org/products/ansi-isa-62443-3-3-99-03-03-2013-security-for-indu">SR 2.10</reference>
          <reference href="https://www.isa.org/products/ansi-isa-62443-3-3-99-03-03-2013-security-for-indu">SR 2.11</reference>
          <reference href="https://www.isa.org/products/ansi-isa-62443-3-3-99-03-03-2013-security-for-indu">SR 2.12</reference>
          <reference href="https://www.isa.org/products/ansi-isa-62443-3-3-99-03-03-2013-security-for-indu">SR 2.6</reference>
          <reference href="https://www.isa.org/products/ansi-isa-62443-3-3-99-03-03-2013-security-for-indu">SR 2.8</reference>
          <reference href="https://www.isa.org/products/ansi-isa-62443-3-3-99-03-03-2013-security-for-indu">SR 2.9</reference>
          <reference href="https://www.isa.org/products/ansi-isa-62443-3-3-99-03-03-2013-security-for-indu">SR 3.1</reference>
          <reference href="https://www.isa.org/products/ansi-isa-62443-3-3-99-03-03-2013-security-for-indu">SR 3.5</reference>
          <reference href="https://www.isa.org/products/ansi-isa-62443-3-3-99-03-03-2013-security-for-indu">SR 3.8</reference>
          <reference href="https://www.isa.org/products/ansi-isa-62443-3-3-99-03-03-2013-security-for-indu">SR 4.1</reference>
          <reference href="https://www.isa.org/products/ansi-isa-62443-3-3-99-03-03-2013-security-for-indu">SR 4.3</reference>
          <reference href="https://www.isa.org/products/ansi-isa-62443-3-3-99-03-03-2013-security-for-indu">SR 5.1</reference>
          <reference href="https://www.isa.org/products/ansi-isa-62443-3-3-99-03-03-2013-security-for-indu">SR 5.2</reference>
          <reference href="https://www.isa.org/products/ansi-isa-62443-3-3-99-03-03-2013-security-for-indu">SR 5.3</reference>
          <reference href="https://www.isa.org/products/ansi-isa-62443-3-3-99-03-03-2013-security-for-indu">SR 6.1</reference>
          <reference href="https://www.isa.org/products/ansi-isa-62443-3-3-99-03-03-2013-security-for-indu">SR 6.2</reference>
          <reference href="https://www.isa.org/products/ansi-isa-62443-3-3-99-03-03-2013-security-for-indu">SR 7.1</reference>
          <reference href="https://www.isa.org/products/ansi-isa-62443-3-3-99-03-03-2013-security-for-indu">SR 7.6</reference>
          <reference href="https://www.iso.org/contents/data/standard/05/45/54534.html">A.11.2.6</reference>
          <reference href="https://www.iso.org/contents/data/standard/05/45/54534.html">A.12.4.1</reference>
          <reference href="https://www.iso.org/contents/data/standard/05/45/54534.html">A.12.4.2</reference>
          <reference href="https://www.iso.org/contents/data/standard/05/45/54534.html">A.12.4.3</reference>
          <reference href="https://www.iso.org/contents/data/standard/05/45/54534.html">A.12.4.4</reference>
          <reference href="https://www.iso.org/contents/data/standard/05/45/54534.html">A.12.7.1</reference>
          <reference href="https://www.iso.org/contents/data/standard/05/45/54534.html">A.13.1.1</reference>
          <reference href="https://www.iso.org/contents/data/standard/05/45/54534.html">A.13.2.1</reference>
          <reference href="https://www.iso.org/contents/data/standard/05/45/54534.html">A.14.1.3</reference>
          <reference href="https://www.iso.org/contents/data/standard/05/45/54534.html">A.14.2.7</reference>
          <reference href="https://www.iso.org/contents/data/standard/05/45/54534.html">A.15.2.1</reference>
          <reference href="https://www.iso.org/contents/data/standard/05/45/54534.html">A.15.2.2</reference>
          <reference href="https://www.iso.org/contents/data/standard/05/45/54534.html">A.16.1.4</reference>
          <reference href="https://www.iso.org/contents/data/standard/05/45/54534.html">A.16.1.5</reference>
          <reference href="https://www.iso.org/contents/data/standard/05/45/54534.html">A.16.1.7</reference>
          <reference href="https://www.iso.org/contents/data/standard/05/45/54534.html">A.6.2.1</reference>
          <reference href="https://www.iso.org/contents/data/standard/05/45/54534.html">A.6.2.2</reference>
          <reference href="http://nvlpubs.nist.gov/nistpubs/SpecialPublications/NIST.SP.800-53r4.pdf">AU-3</reference>
          <reference href="http://nvlpubs.nist.gov/nistpubs/SpecialPublications/NIST.SP.800-53r4.pdf">AU-3.1</reference>
          <reference href="http://nvlpubs.nist.gov/nistpubs/SpecialPublications/NIST.SP.800-53r4.pdf">AU-12(a)</reference>
          <reference href="http://nvlpubs.nist.gov/nistpubs/SpecialPublications/NIST.SP.800-53r4.pdf">AU-12.1(ii)</reference>
          <reference href="http://nvlpubs.nist.gov/nistpubs/SpecialPublications/NIST.SP.800-53r4.pdf">AU-12.1(iv)</reference>
          <reference href="http://nvlpubs.nist.gov/nistpubs/SpecialPublications/NIST.SP.800-53r4.pdf">MA-4(1)(a)</reference>
          <reference href="https://nvlpubs.nist.gov/nistpubs/CSWP/NIST.CSWP.04162018.pdf">DE.AE-3</reference>
          <reference href="https://nvlpubs.nist.gov/nistpubs/CSWP/NIST.CSWP.04162018.pdf">DE.AE-5</reference>
          <reference href="https://nvlpubs.nist.gov/nistpubs/CSWP/NIST.CSWP.04162018.pdf">DE.CM-1</reference>
          <reference href="https://nvlpubs.nist.gov/nistpubs/CSWP/NIST.CSWP.04162018.pdf">DE.CM-3</reference>
          <reference href="https://nvlpubs.nist.gov/nistpubs/CSWP/NIST.CSWP.04162018.pdf">DE.CM-7</reference>
          <reference href="https://nvlpubs.nist.gov/nistpubs/CSWP/NIST.CSWP.04162018.pdf">ID.SC-4</reference>
          <reference href="https://nvlpubs.nist.gov/nistpubs/CSWP/NIST.CSWP.04162018.pdf">PR.AC-3</reference>
          <reference href="https://nvlpubs.nist.gov/nistpubs/CSWP/NIST.CSWP.04162018.pdf">PR.PT-1</reference>
          <reference href="https://nvlpubs.nist.gov/nistpubs/CSWP/NIST.CSWP.04162018.pdf">PR.PT-4</reference>
          <reference href="https://nvlpubs.nist.gov/nistpubs/CSWP/NIST.CSWP.04162018.pdf">RS.AN-1</reference>
          <reference href="https://nvlpubs.nist.gov/nistpubs/CSWP/NIST.CSWP.04162018.pdf">RS.AN-4</reference>
          <reference href="https://www.pcisecuritystandards.org/documents/PCI_DSS_v3-2-1.pdf">Req-10.2.7</reference>
          <reference href="https://www.cyber.mil/stigs/downloads/?_dl_facet_stigs=operating-systems%2Cgeneral-purpose-os">SRG-OS-000037-GPOS-00015</reference>
          <reference href="https://www.cyber.mil/stigs/downloads/?_dl_facet_stigs=operating-systems%2Cgeneral-purpose-os">SRG-OS-000042-GPOS-00020</reference>
          <reference href="https://www.cyber.mil/stigs/downloads/?_dl_facet_stigs=operating-systems%2Cgeneral-purpose-os">SRG-OS-000062-GPOS-00031</reference>
          <reference href="https://www.cyber.mil/stigs/downloads/?_dl_facet_stigs=operating-systems%2Cgeneral-purpose-os">SRG-OS-000392-GPOS-00172</reference>
          <reference href="https://www.cyber.mil/stigs/downloads/?_dl_facet_stigs=operating-systems%2Cgeneral-purpose-os">SRG-OS-000462-GPOS-00206</reference>
          <reference href="https://www.cyber.mil/stigs/downloads/?_dl_facet_stigs=operating-systems%2Cgeneral-purpose-os">SRG-OS-000471-GPOS-00215</reference>
          <reference href="https://www.cyber.mil/stigs/downloads/?_dl_facet_stigs=operating-systems%2Cgeneral-purpose-os">SRG-OS-000471-GPOS-00216</reference>
          <reference href="https://www.cyber.mil/stigs/downloads/?_dl_facet_stigs=operating-systems%2Cgeneral-purpose-os">SRG-OS-000477-GPOS-00222</reference>
          <reference href="https://www.cyber.mil/stigs/downloads/?_dl_facet_stigs=app-security">SRG-APP-000495-CTR-001235</reference>
          <reference href="https://www.cyber.mil/stigs/downloads/?_dl_facet_stigs=app-security">SRG-APP-000504-CTR-001280</reference>
          <reference href="https://www.cyber.mil/stigs/downloads/?_dl_facet_stigs=operating-systems%2Cunix-linux">SLES-15-030530</reference>
          <reference href="https://www.cisecurity.org/benchmark/suse_linux/">4.1.16</reference>
          <reference href="https://cyber.gouv.fr/sites/default/files/document/linux_configuration-en-v2.pdf">R73</reference>
          <reference href="not_publicly_available">SLES-15-750450405</reference>
          <reference href="https://www.cyber.mil/stigs/srg-stig-tools/">SV-234952r958412_rule</reference>
          <rationale xmlns:xhtml="http://www.w3.org/1999/xhtml" xml:lang="en-US">The addition of kernel modules can be used to alter the behavior of
the kernel and potentially introduce malicious code into kernel space. It is important
to have an audit trail of modules that have been introduced into the kernel.</rationale>
          <ident system="https://ncp.nist.gov/cce">CCE-85750-8</ident>
          <fix xmlns:xhtml="http://www.w3.org/1999/xhtml" id="audit_rules_kernel_module_loading_init" system="urn:xccdf:fix:script:sh"># Remediation is applicable only in certain platforms
if rpm --quiet -q audit &amp;&amp; rpm --quiet -q kernel-default || rpm --quiet -q kernel-default-base; then

# First perform the remediation of the syscall rule
# Retrieve hardware architecture of the underlying system
# Note: 32-bit and 64-bit kernel syscall numbers not always line up =&gt;
#       it's required on a 64-bit system to check also for the presence
#       of 32-bit's equivalent of the corresponding rule.
#       (See `man 7 audit.rules` for details )
[ "$(getconf LONG_BIT)" = "32" ] &amp;&amp; RULE_ARCHS=("b32") || RULE_ARCHS=("b32" "b64")

for ARCH in "${RULE_ARCHS[@]}"
do
	ACTION_ARCH_FILTERS="-a always,exit -F arch=$ARCH"
	OTHER_FILTERS=""
	
	AUID_FILTERS=""
	
	SYSCALL="init_module"
	KEY="modules"
	SYSCALL_GROUPING="create_module delete_module finit_module init_module query_module"
	# Perform the remediation for both possible tools: 'auditctl' and 'augenrules'
	unset syscall_a
unset syscall_grouping
unset syscall_string
unset syscall
unset file_to_edit
unset rule_to_edit
unset rule_syscalls_to_edit
unset other_string
unset auid_string
unset full_rule

# Load macro arguments into arrays
read -a syscall_a &lt;&lt;&lt; $SYSCALL
read -a syscall_grouping &lt;&lt;&lt; $SYSCALL_GROUPING

# Create a list of audit *.rules files that should be inspected for presence and correctness
# of a particular audit rule. The scheme is as follows:
#
# -----------------------------------------------------------------------------------------
#  Tool used to load audit rules | Rule already defined  |  Audit rules file to inspect    |
# -----------------------------------------------------------------------------------------
#        auditctl                |     Doesn't matter    |  /etc/audit/audit.rules         |
# -----------------------------------------------------------------------------------------
#        augenrules              |          Yes          |  /etc/audit/rules.d/*.rules     |
#        augenrules              |          No           |  /etc/audit/rules.d/$key.rules  |
# -----------------------------------------------------------------------------------------
#
files_to_inspect=()

# If audit tool is 'augenrules', then check if the audit rule is defined
# If rule is defined, add '/etc/audit/rules.d/*.rules' to the list for inspection
# If rule isn't defined yet, add '/etc/audit/rules.d/$key.rules' to the list for inspection
default_file="/etc/audit/rules.d/$KEY.rules"
# As other_filters may include paths, lets use a different delimiter for it
# The "F" script expression tells sed to print the filenames where the expressions matched
readarray -t files_to_inspect &lt; &lt;(sed -s -n -e "/^$ACTION_ARCH_FILTERS/!d" -e "\#$OTHER_FILTERS#!d" -e "/$AUID_FILTERS/!d" -e "F" /etc/audit/rules.d/*.rules)
# Case when particular rule isn't defined in /etc/audit/rules.d/*.rules yet
if [ ${#files_to_inspect[@]} -eq "0" ]
then
    file_to_inspect="/etc/audit/rules.d/$KEY.rules"
    files_to_inspect=("$file_to_inspect")
    if [ ! -e "$file_to_inspect" ]
    then
        touch "$file_to_inspect"
        chmod 0600 "$file_to_inspect"
    fi
fi

# After converting to jinja, we cannot return; therefore we skip the rest of the macro if needed instead
skip=1

for audit_file in "${files_to_inspect[@]}"
do
    # Filter existing $audit_file rules' definitions to select those that satisfy the rule pattern,
    # i.e, collect rules that match:
    # * the action, list and arch, (2-nd argument)
    # * the other filters, (3-rd argument)
    # * the auid filters, (4-rd argument)
    readarray -t similar_rules &lt; &lt;(sed -e "/^$ACTION_ARCH_FILTERS/!d"  -e "\#$OTHER_FILTERS#!d" -e "/$AUID_FILTERS/!d" "$audit_file")

    candidate_rules=()
    # Filter out rules that have more fields then required. This will remove rules more specific than the required scope
    for s_rule in "${similar_rules[@]}"
    do
        # Strip all the options and fields we know of,
        # than check if there was any field left over
        extra_fields=$(sed -E -e "s/^$ACTION_ARCH_FILTERS//"  -e "s#$OTHER_FILTERS##" -e "s/$AUID_FILTERS//" -e "s/((:?-S [[:alnum:],]+)+)//g" -e "s/-F key=\w+|-k \w+//"&lt;&lt;&lt; "$s_rule")
        grep -q -- "-F" &lt;&lt;&lt; "$extra_fields" || candidate_rules+=("$s_rule")
    done

    if [[ ${#syscall_a[@]} -ge 1 ]]
    then
        # Check if the syscall we want is present in any of the similar existing rules
        for rule in "${candidate_rules[@]}"
        do
            rule_syscalls=$(echo "$rule" | grep -o -P '(-S [\w,]+)+' | xargs)
            all_syscalls_found=0
            for syscall in "${syscall_a[@]}"
            do
                grep -q -- "\b${syscall}\b" &lt;&lt;&lt; "$rule_syscalls" || {
                   # A syscall was not found in the candidate rule
                   all_syscalls_found=1
                   }
            done
            if [[ $all_syscalls_found -eq 0 ]]
            then
                # We found a rule with all the syscall(s) we want; skip rest of macro
                skip=0
                break
            fi

            # Check if this rule can be grouped with our target syscall and keep track of it
            for syscall_g in "${syscall_grouping[@]}"
            do
                if grep -q -- "\b${syscall_g}\b" &lt;&lt;&lt; "$rule_syscalls"
                then
                    file_to_edit=${audit_file}
                    rule_to_edit=${rule}
                    rule_syscalls_to_edit=${rule_syscalls}
                fi
            done
        done
    else
        # If there is any candidate rule, it is compliant; skip rest of macro
        if [ "${#candidate_rules[@]}" -gt 0 ]
        then
            skip=0
        fi
    fi

    if [ "$skip" -eq 0 ]; then
        break
    fi
done

if [ "$skip" -ne 0 ]; then
    # We checked all rules that matched the expected resemblance pattern (action, arch &amp; auid)
    # At this point we know if we need to either append the $full_rule or group
    # the syscall together with an exsiting rule

    # Append the full_rule if it cannot be grouped to any other rule
    if [ -z ${rule_to_edit+x} ]
    then
        # Build full_rule while avoid adding double spaces when other_filters is empty
        if [ "${#syscall_a[@]}" -gt 0 ]
        then
            syscall_string=""
            for syscall in "${syscall_a[@]}"
            do
                syscall_string+=" -S $syscall"
            done
        fi
        other_string=$([[ $OTHER_FILTERS ]] &amp;&amp; echo " $OTHER_FILTERS") || /bin/true
        auid_string=$([[ $AUID_FILTERS ]] &amp;&amp; echo " $AUID_FILTERS") || /bin/true
        full_rule="$ACTION_ARCH_FILTERS${syscall_string}${other_string}${auid_string} -F key=$KEY" || /bin/true
        echo "$full_rule" &gt;&gt; "$default_file"
        chmod 0600 ${default_file}
    else
        # Check if the syscalls are declared as a comma separated list or
        # as multiple -S parameters
        if grep -q -- "," &lt;&lt;&lt; "${rule_syscalls_to_edit}"
        then
            delimiter=","
        else
            delimiter=" -S "
        fi
        new_grouped_syscalls="${rule_syscalls_to_edit}"
        for syscall in "${syscall_a[@]}"
        do
            grep -q -- "\b${syscall}\b" &lt;&lt;&lt; "${rule_syscalls_to_edit}" || {
               # A syscall was not found in the candidate rule
               new_grouped_syscalls+="${delimiter}${syscall}"
               }
        done

        # Group the syscall in the rule
        sed -i -e "\#${rule_to_edit}#s#${rule_syscalls_to_edit}#${new_grouped_syscalls}#" "$file_to_edit"
    fi
fi
	unset syscall_a
unset syscall_grouping
unset syscall_string
unset syscall
unset file_to_edit
unset rule_to_edit
unset rule_syscalls_to_edit
unset other_string
unset auid_string
unset full_rule

# Load macro arguments into arrays
read -a syscall_a &lt;&lt;&lt; $SYSCALL
read -a syscall_grouping &lt;&lt;&lt; $SYSCALL_GROUPING

# Create a list of audit *.rules files that should be inspected for presence and correctness
# of a particular audit rule. The scheme is as follows:
#
# -----------------------------------------------------------------------------------------
#  Tool used to load audit rules | Rule already defined  |  Audit rules file to inspect    |
# -----------------------------------------------------------------------------------------
#        auditctl                |     Doesn't matter    |  /etc/audit/audit.rules         |
# -----------------------------------------------------------------------------------------
#        augenrules              |          Yes          |  /etc/audit/rules.d/*.rules     |
#        augenrules              |          No           |  /etc/audit/rules.d/$key.rules  |
# -----------------------------------------------------------------------------------------
#
files_to_inspect=()


# If audit tool is 'auditctl', then add '/etc/audit/audit.rules'
# file to the list of files to be inspected
default_file="/etc/audit/audit.rules"
files_to_inspect+=('/etc/audit/audit.rules' )

# After converting to jinja, we cannot return; therefore we skip the rest of the macro if needed instead
skip=1

for audit_file in "${files_to_inspect[@]}"
do
    # Filter existing $audit_file rules' definitions to select those that satisfy the rule pattern,
    # i.e, collect rules that match:
    # * the action, list and arch, (2-nd argument)
    # * the other filters, (3-rd argument)
    # * the auid filters, (4-rd argument)
    readarray -t similar_rules &lt; &lt;(sed -e "/^$ACTION_ARCH_FILTERS/!d"  -e "\#$OTHER_FILTERS#!d" -e "/$AUID_FILTERS/!d" "$audit_file")

    candidate_rules=()
    # Filter out rules that have more fields then required. This will remove rules more specific than the required scope
    for s_rule in "${similar_rules[@]}"
    do
        # Strip all the options and fields we know of,
        # than check if there was any field left over
        extra_fields=$(sed -E -e "s/^$ACTION_ARCH_FILTERS//"  -e "s#$OTHER_FILTERS##" -e "s/$AUID_FILTERS//" -e "s/((:?-S [[:alnum:],]+)+)//g" -e "s/-F key=\w+|-k \w+//"&lt;&lt;&lt; "$s_rule")
        grep -q -- "-F" &lt;&lt;&lt; "$extra_fields" || candidate_rules+=("$s_rule")
    done

    if [[ ${#syscall_a[@]} -ge 1 ]]
    then
        # Check if the syscall we want is present in any of the similar existing rules
        for rule in "${candidate_rules[@]}"
        do
            rule_syscalls=$(echo "$rule" | grep -o -P '(-S [\w,]+)+' | xargs)
            all_syscalls_found=0
            for syscall in "${syscall_a[@]}"
            do
                grep -q -- "\b${syscall}\b" &lt;&lt;&lt; "$rule_syscalls" || {
                   # A syscall was not found in the candidate rule
                   all_syscalls_found=1
                   }
            done
            if [[ $all_syscalls_found -eq 0 ]]
            then
                # We found a rule with all the syscall(s) we want; skip rest of macro
                skip=0
                break
            fi

            # Check if this rule can be grouped with our target syscall and keep track of it
            for syscall_g in "${syscall_grouping[@]}"
            do
                if grep -q -- "\b${syscall_g}\b" &lt;&lt;&lt; "$rule_syscalls"
                then
                    file_to_edit=${audit_file}
                    rule_to_edit=${rule}
                    rule_syscalls_to_edit=${rule_syscalls}
                fi
            done
        done
    else
        # If there is any candidate rule, it is compliant; skip rest of macro
        if [ "${#candidate_rules[@]}" -gt 0 ]
        then
            skip=0
        fi
    fi

    if [ "$skip" -eq 0 ]; then
        break
    fi
done

if [ "$skip" -ne 0 ]; then
    # We checked all rules that matched the expected resemblance pattern (action, arch &amp; auid)
    # At this point we know if we need to either append the $full_rule or group
    # the syscall together with an exsiting rule

    # Append the full_rule if it cannot be grouped to any other rule
    if [ -z ${rule_to_edit+x} ]
    then
        # Build full_rule while avoid adding double spaces when other_filters is empty
        if [ "${#syscall_a[@]}" -gt 0 ]
        then
            syscall_string=""
            for syscall in "${syscall_a[@]}"
            do
                syscall_string+=" -S $syscall"
            done
        fi
        other_string=$([[ $OTHER_FILTERS ]] &amp;&amp; echo " $OTHER_FILTERS") || /bin/true
        auid_string=$([[ $AUID_FILTERS ]] &amp;&amp; echo " $AUID_FILTERS") || /bin/true
        full_rule="$ACTION_ARCH_FILTERS${syscall_string}${other_string}${auid_string} -F key=$KEY" || /bin/true
        echo "$full_rule" &gt;&gt; "$default_file"
        chmod 0600 ${default_file}
    else
        # Check if the syscalls are declared as a comma separated list or
        # as multiple -S parameters
        if grep -q -- "," &lt;&lt;&lt; "${rule_syscalls_to_edit}"
        then
            delimiter=","
        else
            delimiter=" -S "
        fi
        new_grouped_syscalls="${rule_syscalls_to_edit}"
        for syscall in "${syscall_a[@]}"
        do
            grep -q -- "\b${syscall}\b" &lt;&lt;&lt; "${rule_syscalls_to_edit}" || {
               # A syscall was not found in the candidate rule
               new_grouped_syscalls+="${delimiter}${syscall}"
               }
        done

        # Group the syscall in the rule
        sed -i -e "\#${rule_to_edit}#s#${rule_syscalls_to_edit}#${new_grouped_syscalls}#" "$file_to_edit"
    fi
fi
done

else
    &gt;&amp;2 echo 'Remediation is not applicable, nothing was done'
fi
</fix>
          <fix xmlns:xhtml="http://www.w3.org/1999/xhtml" id="audit_rules_kernel_module_loading_init" system="urn:xccdf:fix:script:ansible" complexity="low" disruption="low" strategy="configure">- name: Gather the package facts
  package_facts:
    manager: auto
  tags:
  - CCE-85750-8
  - DISA-STIG-SLES-15-030530
  - NIST-800-171-3.1.7
  - NIST-800-53-AU-12(a)
  - NIST-800-53-AU-12.1(ii)
  - NIST-800-53-AU-12.1(iv)
  - NIST-800-53-AU-3
  - NIST-800-53-AU-3.1
  - NIST-800-53-MA-4(1)(a)
  - PCI-DSS-Req-10.2.7
  - audit_rules_kernel_module_loading_init
  - configure_strategy
  - low_complexity
  - low_disruption
  - medium_severity
  - no_reboot_needed

- name: Ensure auditd Collects Information on Kernel Module Loading - init_module
    - Set architecture for audit ['init_module'] tasks
  ansible.builtin.set_fact:
    audit_arch: b64
  when:
  - '"audit" in ansible_facts.packages'
  - ("kernel-default" in ansible_facts.packages or "kernel-default-base" in ansible_facts.packages)
  - ansible_architecture == "aarch64" or ansible_architecture == "ppc64" or ansible_architecture
    == "ppc64le" or ansible_architecture == "s390x" or ansible_architecture == "x86_64"
  tags:
  - CCE-85750-8
  - DISA-STIG-SLES-15-030530
  - NIST-800-171-3.1.7
  - NIST-800-53-AU-12(a)
  - NIST-800-53-AU-12.1(ii)
  - NIST-800-53-AU-12.1(iv)
  - NIST-800-53-AU-3
  - NIST-800-53-AU-3.1
  - NIST-800-53-MA-4(1)(a)
  - PCI-DSS-Req-10.2.7
  - audit_rules_kernel_module_loading_init
  - configure_strategy
  - low_complexity
  - low_disruption
  - medium_severity
  - no_reboot_needed

- name: Ensure auditd Collects Information on Kernel Module Loading - init_module
    - Perform remediation of Audit rules for ['init_module'] for 32bit platform
  block:

  - name: Declare list of syscalls
    ansible.builtin.set_fact:
      syscalls:
      - init_module
      syscall_grouping:
      - create_module
      - delete_module
      - finit_module
      - init_module
      - query_module

  - name: Check existence of init_module in /etc/audit/rules.d/
    ansible.builtin.find:
      paths: /etc/audit/rules.d
      contains: -a always,exit -F arch=b32(( -S |,)\w+)*(( -S |,){{ item }})+(( -S
        |,)\w+)* (-k\s+|-F\s+key=)\S+\s*$
      patterns: '*.rules'
    register: find_command
    loop: '{{ (syscall_grouping + syscalls) | unique }}'

  - name: Reset syscalls found per file
    ansible.builtin.set_fact:
      syscalls_per_file: {}
      found_paths_dict: {}

  - name: Declare syscalls found per file
    ansible.builtin.set_fact: syscalls_per_file="{{ syscalls_per_file | combine( {item.files[0].path
      :[item.item] + syscalls_per_file.get(item.files[0].path, []) } ) }}"
    loop: '{{ find_command.results | selectattr(''matched'') | list }}'

  - name: Declare files where syscalls were found
    ansible.builtin.set_fact: found_paths="{{ find_command.results | map(attribute='files')
      | flatten | map(attribute='path') | list }}"

  - name: Count occurrences of syscalls in paths
    ansible.builtin.set_fact: found_paths_dict="{{ found_paths_dict | combine({ item:1+found_paths_dict.get(item,
      0) }) }}"
    loop: '{{ find_command.results | map(attribute=''files'') | flatten | map(attribute=''path'')
      | list }}'

  - name: Get path with most syscalls
    ansible.builtin.set_fact: audit_file="{{ (found_paths_dict | dict2items() | sort(attribute='value')
      | last).key }}"
    when: found_paths | length &gt;= 1

  - name: No file with syscall found, set path to /etc/audit/rules.d/modules.rules
    ansible.builtin.set_fact: audit_file="/etc/audit/rules.d/modules.rules"
    when: found_paths | length == 0

  - name: Declare found syscalls
    ansible.builtin.set_fact: syscalls_found="{{ find_command.results | selectattr('matched')
      | map(attribute='item') | list }}"

  - name: Declare missing syscalls
    ansible.builtin.set_fact: missing_syscalls="{{ syscalls | difference(syscalls_found)
      }}"

  - name: Replace the audit rule in {{ audit_file }}
    ansible.builtin.lineinfile:
      path: '{{ audit_file }}'
      regexp: (-a always,exit -F arch=b32)(?=.*(?:(?:-S |,)(?:{{ syscalls_per_file[audit_file]
        | join("|") }}))\b)((?:( -S |,)\w+)+)( (?:-k |-F key=)\w+)
      line: \1\2\3{{ missing_syscalls | join("\3") }}\4
      backrefs: true
      state: present
      mode: g-rwx,o-rwx
    when: syscalls_found | length &gt; 0 and missing_syscalls | length &gt; 0

  - name: Add the audit rule to {{ audit_file }}
    ansible.builtin.lineinfile:
      path: '{{ audit_file }}'
      line: -a always,exit -F arch=b32 -S {{ syscalls | join(',') }} -F key=modules
      create: true
      mode: g-rwx,o-rwx
      state: present
    when: syscalls_found | length == 0

  - name: Declare list of syscalls
    ansible.builtin.set_fact:
      syscalls:
      - init_module
      syscall_grouping:
      - create_module
      - delete_module
      - finit_module
      - init_module
      - query_module

  - name: Check existence of init_module in /etc/audit/audit.rules
    ansible.builtin.find:
      paths: /etc/audit
      contains: -a always,exit -F arch=b32(( -S |,)\w+)*(( -S |,){{ item }})+(( -S
        |,)\w+)* (-k\s+|-F\s+key=)\S+\s*$
      patterns: audit.rules
    register: find_command
    loop: '{{ (syscall_grouping + syscalls) | unique }}'

  - name: Set path to /etc/audit/audit.rules
    ansible.builtin.set_fact: audit_file="/etc/audit/audit.rules"

  - name: Declare found syscalls
    ansible.builtin.set_fact: syscalls_found="{{ find_command.results | selectattr('matched')
      | map(attribute='item') | list }}"

  - name: Declare missing syscalls
    ansible.builtin.set_fact: missing_syscalls="{{ syscalls | difference(syscalls_found)
      }}"

  - name: Replace the audit rule in {{ audit_file }}
    ansible.builtin.lineinfile:
      path: '{{ audit_file }}'
      regexp: (-a always,exit -F arch=b32)(?=.*(?:(?:-S |,)(?:{{ syscalls_found |
        join("|") }}))\b)((?:( -S |,)\w+)+)( (?:-k |-F key=)\w+)
      line: \1\2\3{{ missing_syscalls | join("\3") }}\4
      backrefs: true
      state: present
      mode: g-rwx,o-rwx
    when: syscalls_found | length &gt; 0 and missing_syscalls | length &gt; 0

  - name: Add the audit rule to {{ audit_file }}
    ansible.builtin.lineinfile:
      path: '{{ audit_file }}'
      line: -a always,exit -F arch=b32 -S {{ syscalls | join(',') }} -F key=modules
      create: true
      mode: g-rwx,o-rwx
      state: present
    when: syscalls_found | length == 0
  when:
  - '"audit" in ansible_facts.packages'
  - ("kernel-default" in ansible_facts.packages or "kernel-default-base" in ansible_facts.packages)
  tags:
  - CCE-85750-8
  - DISA-STIG-SLES-15-030530
  - NIST-800-171-3.1.7
  - NIST-800-53-AU-12(a)
  - NIST-800-53-AU-12.1(ii)
  - NIST-800-53-AU-12.1(iv)
  - NIST-800-53-AU-3
  - NIST-800-53-AU-3.1
  - NIST-800-53-MA-4(1)(a)
  - PCI-DSS-Req-10.2.7
  - audit_rules_kernel_module_loading_init
  - configure_strategy
  - low_complexity
  - low_disruption
  - medium_severity
  - no_reboot_needed

- name: Ensure auditd Collects Information on Kernel Module Loading - init_module
    - Perform remediation of Audit rules for ['init_module'] for 64bit platform
  block:

  - name: Declare list of syscalls
    ansible.builtin.set_fact:
      syscalls:
      - init_module
      syscall_grouping:
      - create_module
      - delete_module
      - finit_module
      - init_module
      - query_module

  - name: Check existence of init_module in /etc/audit/rules.d/
    ansible.builtin.find:
      paths: /etc/audit/rules.d
      contains: -a always,exit -F arch=b64(( -S |,)\w+)*(( -S |,){{ item }})+(( -S
        |,)\w+)* (-k\s+|-F\s+key=)\S+\s*$
      patterns: '*.rules'
    register: find_command
    loop: '{{ (syscall_grouping + syscalls) | unique }}'

  - name: Reset syscalls found per file
    ansible.builtin.set_fact:
      syscalls_per_file: {}
      found_paths_dict: {}

  - name: Declare syscalls found per file
    ansible.builtin.set_fact: syscalls_per_file="{{ syscalls_per_file | combine( {item.files[0].path
      :[item.item] + syscalls_per_file.get(item.files[0].path, []) } ) }}"
    loop: '{{ find_command.results | selectattr(''matched'') | list }}'

  - name: Declare files where syscalls were found
    ansible.builtin.set_fact: found_paths="{{ find_command.results | map(attribute='files')
      | flatten | map(attribute='path') | list }}"

  - name: Count occurrences of syscalls in paths
    ansible.builtin.set_fact: found_paths_dict="{{ found_paths_dict | combine({ item:1+found_paths_dict.get(item,
      0) }) }}"
    loop: '{{ find_command.results | map(attribute=''files'') | flatten | map(attribute=''path'')
      | list }}'

  - name: Get path with most syscalls
    ansible.builtin.set_fact: audit_file="{{ (found_paths_dict | dict2items() | sort(attribute='value')
      | last).key }}"
    when: found_paths | length &gt;= 1

  - name: No file with syscall found, set path to /etc/audit/rules.d/modules.rules
    ansible.builtin.set_fact: audit_file="/etc/audit/rules.d/modules.rules"
    when: found_paths | length == 0

  - name: Declare found syscalls
    ansible.builtin.set_fact: syscalls_found="{{ find_command.results | selectattr('matched')
      | map(attribute='item') | list }}"

  - name: Declare missing syscalls
    ansible.builtin.set_fact: missing_syscalls="{{ syscalls | difference(syscalls_found)
      }}"

  - name: Replace the audit rule in {{ audit_file }}
    ansible.builtin.lineinfile:
      path: '{{ audit_file }}'
      regexp: (-a always,exit -F arch=b64)(?=.*(?:(?:-S |,)(?:{{ syscalls_per_file[audit_file]
        | join("|") }}))\b)((?:( -S |,)\w+)+)( (?:-k |-F key=)\w+)
      line: \1\2\3{{ missing_syscalls | join("\3") }}\4
      backrefs: true
      state: present
      mode: g-rwx,o-rwx
    when: syscalls_found | length &gt; 0 and missing_syscalls | length &gt; 0

  - name: Add the audit rule to {{ audit_file }}
    ansible.builtin.lineinfile:
      path: '{{ audit_file }}'
      line: -a always,exit -F arch=b64 -S {{ syscalls | join(',') }} -F key=modules
      create: true
      mode: g-rwx,o-rwx
      state: present
    when: syscalls_found | length == 0

  - name: Declare list of syscalls
    ansible.builtin.set_fact:
      syscalls:
      - init_module
      syscall_grouping:
      - create_module
      - delete_module
      - finit_module
      - init_module
      - query_module

  - name: Check existence of init_module in /etc/audit/audit.rules
    ansible.builtin.find:
      paths: /etc/audit
      contains: -a always,exit -F arch=b64(( -S |,)\w+)*(( -S |,){{ item }})+(( -S
        |,)\w+)* (-k\s+|-F\s+key=)\S+\s*$
      patterns: audit.rules
    register: find_command
    loop: '{{ (syscall_grouping + syscalls) | unique }}'

  - name: Set path to /etc/audit/audit.rules
    ansible.builtin.set_fact: audit_file="/etc/audit/audit.rules"

  - name: Declare found syscalls
    ansible.builtin.set_fact: syscalls_found="{{ find_command.results | selectattr('matched')
      | map(attribute='item') | list }}"

  - name: Declare missing syscalls
    ansible.builtin.set_fact: missing_syscalls="{{ syscalls | difference(syscalls_found)
      }}"

  - name: Replace the audit rule in {{ audit_file }}
    ansible.builtin.lineinfile:
      path: '{{ audit_file }}'
      regexp: (-a always,exit -F arch=b64)(?=.*(?:(?:-S |,)(?:{{ syscalls_found |
        join("|") }}))\b)((?:( -S |,)\w+)+)( (?:-k |-F key=)\w+)
      line: \1\2\3{{ missing_syscalls | join("\3") }}\4
      backrefs: true
      state: present
      mode: g-rwx,o-rwx
    when: syscalls_found | length &gt; 0 and missing_syscalls | length &gt; 0

  - name: Add the audit rule to {{ audit_file }}
    ansible.builtin.lineinfile:
      path: '{{ audit_file }}'
      line: -a always,exit -F arch=b64 -S {{ syscalls | join(',') }} -F key=modules
      create: true
      mode: g-rwx,o-rwx
      state: present
    when: syscalls_found | length == 0
  when:
  - '"audit" in ansible_facts.packages'
  - ("kernel-default" in ansible_facts.packages or "kernel-default-base" in ansible_facts.packages)
  - audit_arch == "b64"
  tags:
  - CCE-85750-8
  - DISA-STIG-SLES-15-030530
  - NIST-800-171-3.1.7
  - NIST-800-53-AU-12(a)
  - NIST-800-53-AU-12.1(ii)
  - NIST-800-53-AU-12.1(iv)
  - NIST-800-53-AU-3
  - NIST-800-53-AU-3.1
  - NIST-800-53-MA-4(1)(a)
  - PCI-DSS-Req-10.2.7
  - audit_rules_kernel_module_loading_init
  - configure_strategy
  - low_complexity
  - low_disruption
  - medium_severity
  - no_reboot_needed
</fix>
          <check system="http://oval.mitre.org/XMLSchema/oval-definitions-5">
            <check-content-ref name="oval:ssg-audit_rules_kernel_module_loading_init:def:1" href="ssg-sle15-oval.xml"/>
          </check>
          <check system="http://scap.nist.gov/schema/ocil/2">
            <check-content-ref name="ocil:ssg-audit_rules_kernel_module_loading_init_ocil:questionnaire:1" href="ssg-sle15-ocil.xml"/>
          </check>
        </Rule>
      </Group>
      <Group id="xccdf_org.ssgproject.content_group_audit_login_events">
        <title xmlns:xhtml="http://www.w3.org/1999/xhtml" xml:lang="en-US">Record Attempts to Alter Logon and Logout Events</title>
        <description xmlns:xhtml="http://www.w3.org/1999/xhtml" xml:lang="en-US">The audit system already collects login information for all users
and root. If the <html:code xmlns:html="http://www.w3.org/1999/xhtml">auditd</html:code> daemon is configured to use the
<html:code xmlns:html="http://www.w3.org/1999/xhtml">augenrules</html:code> program to read audit rules during daemon startup (the
default), add the following lines to a file with suffix <html:code xmlns:html="http://www.w3.org/1999/xhtml">.rules</html:code> in the
directory <html:code xmlns:html="http://www.w3.org/1999/xhtml">/etc/audit/rules.d</html:code> in order to watch for attempted manual
edits of files involved in storing logon events:

<html:pre xmlns:html="http://www.w3.org/1999/xhtml" xmlns:xccdf-1.2="http://checklists.nist.gov/xccdf/1.2">-w /var/log/tallylog -p wa -k logins
-w <xccdf-1.2:sub idref="xccdf_org.ssgproject.content_value_var_accounts_passwords_pam_faillock_dir" use="legacy"/> -p wa -k logins
-w /var/log/lastlog -p wa -k logins</html:pre>


If the <html:code xmlns:html="http://www.w3.org/1999/xhtml">auditd</html:code> daemon is configured to use the <html:code xmlns:html="http://www.w3.org/1999/xhtml">auditctl</html:code>
utility to read audit rules during daemon startup, add the following lines to
<html:code xmlns:html="http://www.w3.org/1999/xhtml">/etc/audit/audit.rules</html:code> file in order to watch for unattempted manual
edits of files involved in storing logon events:

<html:pre xmlns:html="http://www.w3.org/1999/xhtml" xmlns:xccdf-1.2="http://checklists.nist.gov/xccdf/1.2">-w /var/log/tallylog -p wa -k logins
-w <xccdf-1.2:sub idref="xccdf_org.ssgproject.content_value_var_accounts_passwords_pam_faillock_dir" use="legacy"/> -p wa -k logins
-w /var/log/lastlog -p wa -k logins</html:pre>
      </description>
        <Rule id="xccdf_org.ssgproject.content_rule_audit_rules_login_events_faillock" selected="false" role="full" severity="medium">
          <title xmlns:xhtml="http://www.w3.org/1999/xhtml" xml:lang="en-US">Record Attempts to Alter Logon and Logout Events - faillock</title>
          <description xmlns:xhtml="http://www.w3.org/1999/xhtml" xml:lang="en-US">The audit system already collects login information for all users
and root.




If the <html:code xmlns:html="http://www.w3.org/1999/xhtml">auditd</html:code> daemon is configured to use the <html:code xmlns:html="http://www.w3.org/1999/xhtml">augenrules</html:code>
program to read audit rules during daemon startup (the default), add the
following lines to a file with suffix <html:code xmlns:html="http://www.w3.org/1999/xhtml">.rules</html:code> in the
directory <html:code xmlns:html="http://www.w3.org/1999/xhtml">/etc/audit/rules.d</html:code>:

<html:pre xmlns:html="http://www.w3.org/1999/xhtml" xmlns:xccdf-1.2="http://checklists.nist.gov/xccdf/1.2">-w <xccdf-1.2:sub idref="xccdf_org.ssgproject.content_value_var_accounts_passwords_pam_faillock_dir" use="legacy"/> -p wa -k logins</html:pre>

If the <html:code xmlns:html="http://www.w3.org/1999/xhtml">auditd</html:code> daemon is configured to use the <html:code xmlns:html="http://www.w3.org/1999/xhtml">auditctl</html:code>
utility to read audit rules during daemon startup, add the following lines to
<html:code xmlns:html="http://www.w3.org/1999/xhtml">/etc/audit/audit.rules</html:code>:

<html:pre xmlns:html="http://www.w3.org/1999/xhtml" xmlns:xccdf-1.2="http://checklists.nist.gov/xccdf/1.2">-w <xccdf-1.2:sub idref="xccdf_org.ssgproject.content_value_var_accounts_passwords_pam_faillock_dir" use="legacy"/> -p wa -k logins</html:pre>
       </description>
          <reference href="https://www.cisecurity.org/controls/">1</reference>
          <reference href="https://www.cisecurity.org/controls/">11</reference>
          <reference href="https://www.cisecurity.org/controls/">12</reference>
          <reference href="https://www.cisecurity.org/controls/">13</reference>
          <reference href="https://www.cisecurity.org/controls/">14</reference>
          <reference href="https://www.cisecurity.org/controls/">15</reference>
          <reference href="https://www.cisecurity.org/controls/">16</reference>
          <reference href="https://www.cisecurity.org/controls/">19</reference>
          <reference href="https://www.cisecurity.org/controls/">2</reference>
          <reference href="https://www.cisecurity.org/controls/">3</reference>
          <reference href="https://www.cisecurity.org/controls/">4</reference>
          <reference href="https://www.cisecurity.org/controls/">5</reference>
          <reference href="https://www.cisecurity.org/controls/">6</reference>
          <reference href="https://www.cisecurity.org/controls/">7</reference>
          <reference href="https://www.cisecurity.org/controls/">8</reference>
          <reference href="https://www.cisecurity.org/controls/">9</reference>
          <reference href="https://www.isaca.org/resources/cobit">APO10.01</reference>
          <reference href="https://www.isaca.org/resources/cobit">APO10.03</reference>
          <reference href="https://www.isaca.org/resources/cobit">APO10.04</reference>
          <reference href="https://www.isaca.org/resources/cobit">APO10.05</reference>
          <reference href="https://www.isaca.org/resources/cobit">APO11.04</reference>
          <reference href="https://www.isaca.org/resources/cobit">APO12.06</reference>
          <reference href="https://www.isaca.org/resources/cobit">APO13.01</reference>
          <reference href="https://www.isaca.org/resources/cobit">BAI03.05</reference>
          <reference href="https://www.isaca.org/resources/cobit">BAI08.02</reference>
          <reference href="https://www.isaca.org/resources/cobit">DSS01.03</reference>
          <reference href="https://www.isaca.org/resources/cobit">DSS01.04</reference>
          <reference href="https://www.isaca.org/resources/cobit">DSS02.02</reference>
          <reference href="https://www.isaca.org/resources/cobit">DSS02.04</reference>
          <reference href="https://www.isaca.org/resources/cobit">DSS02.07</reference>
          <reference href="https://www.isaca.org/resources/cobit">DSS03.01</reference>
          <reference href="https://www.isaca.org/resources/cobit">DSS03.05</reference>
          <reference href="https://www.isaca.org/resources/cobit">DSS05.02</reference>
          <reference href="https://www.isaca.org/resources/cobit">DSS05.03</reference>
          <reference href="https://www.isaca.org/resources/cobit">DSS05.04</reference>
          <reference href="https://www.isaca.org/resources/cobit">DSS05.05</reference>
          <reference href="https://www.isaca.org/resources/cobit">DSS05.07</reference>
          <reference href="https://www.isaca.org/resources/cobit">MEA01.01</reference>
          <reference href="https://www.isaca.org/resources/cobit">MEA01.02</reference>
          <reference href="https://www.isaca.org/resources/cobit">MEA01.03</reference>
          <reference href="https://www.isaca.org/resources/cobit">MEA01.04</reference>
          <reference href="https://www.isaca.org/resources/cobit">MEA01.05</reference>
          <reference href="https://www.isaca.org/resources/cobit">MEA02.01</reference>
          <reference href="http://nvlpubs.nist.gov/nistpubs/SpecialPublications/NIST.SP.800-171.pdf">3.1.7</reference>
          <reference href="https://www.gpo.gov/fdsys/pkg/CFR-2007-title45-vol1/pdf/CFR-2007-title45-vol1-chapA-subchapC.pdf">164.308(a)(1)(ii)(D)</reference>
          <reference href="https://www.gpo.gov/fdsys/pkg/CFR-2007-title45-vol1/pdf/CFR-2007-title45-vol1-chapA-subchapC.pdf">164.308(a)(3)(ii)(A)</reference>
          <reference href="https://www.gpo.gov/fdsys/pkg/CFR-2007-title45-vol1/pdf/CFR-2007-title45-vol1-chapA-subchapC.pdf">164.308(a)(5)(ii)(C)</reference>
          <reference href="https://www.gpo.gov/fdsys/pkg/CFR-2007-title45-vol1/pdf/CFR-2007-title45-vol1-chapA-subchapC.pdf">164.312(a)(2)(i)</reference>
          <reference href="https://www.gpo.gov/fdsys/pkg/CFR-2007-title45-vol1/pdf/CFR-2007-title45-vol1-chapA-subchapC.pdf">164.312(b)</reference>
          <reference href="https://www.gpo.gov/fdsys/pkg/CFR-2007-title45-vol1/pdf/CFR-2007-title45-vol1-chapA-subchapC.pdf">164.312(d)</reference>
          <reference href="https://www.gpo.gov/fdsys/pkg/CFR-2007-title45-vol1/pdf/CFR-2007-title45-vol1-chapA-subchapC.pdf">164.312(e)</reference>
          <reference href="https://www.isa.org/products/isa-62443-2-1-2009-security-for-industrial-automat">4.2.3.10</reference>
          <reference href="https://www.isa.org/products/isa-62443-2-1-2009-security-for-industrial-automat">4.3.2.6.7</reference>
          <reference href="https://www.isa.org/products/isa-62443-2-1-2009-security-for-industrial-automat">4.3.3.3.9</reference>
          <reference href="https://www.isa.org/products/isa-62443-2-1-2009-security-for-industrial-automat">4.3.3.5.8</reference>
          <reference href="https://www.isa.org/products/isa-62443-2-1-2009-security-for-industrial-automat">4.3.3.6.6</reference>
          <reference href="https://www.isa.org/products/isa-62443-2-1-2009-security-for-industrial-automat">4.3.4.4.7</reference>
          <reference href="https://www.isa.org/products/isa-62443-2-1-2009-security-for-industrial-automat">4.3.4.5.6</reference>
          <reference href="https://www.isa.org/products/isa-62443-2-1-2009-security-for-industrial-automat">4.3.4.5.7</reference>
          <reference href="https://www.isa.org/products/isa-62443-2-1-2009-security-for-industrial-automat">4.3.4.5.8</reference>
          <reference href="https://www.isa.org/products/isa-62443-2-1-2009-security-for-industrial-automat">4.4.2.1</reference>
          <reference href="https://www.isa.org/products/isa-62443-2-1-2009-security-for-industrial-automat">4.4.2.2</reference>
          <reference href="https://www.isa.org/products/isa-62443-2-1-2009-security-for-industrial-automat">4.4.2.4</reference>
          <reference href="https://www.isa.org/products/ansi-isa-62443-3-3-99-03-03-2013-security-for-indu">SR 1.13</reference>
          <reference href="https://www.isa.org/products/ansi-isa-62443-3-3-99-03-03-2013-security-for-indu">SR 2.10</reference>
          <reference href="https://www.isa.org/products/ansi-isa-62443-3-3-99-03-03-2013-security-for-indu">SR 2.11</reference>
          <reference href="https://www.isa.org/products/ansi-isa-62443-3-3-99-03-03-2013-security-for-indu">SR 2.12</reference>
          <reference href="https://www.isa.org/products/ansi-isa-62443-3-3-99-03-03-2013-security-for-indu">SR 2.6</reference>
          <reference href="https://www.isa.org/products/ansi-isa-62443-3-3-99-03-03-2013-security-for-indu">SR 2.8</reference>
          <reference href="https://www.isa.org/products/ansi-isa-62443-3-3-99-03-03-2013-security-for-indu">SR 2.9</reference>
          <reference href="https://www.isa.org/products/ansi-isa-62443-3-3-99-03-03-2013-security-for-indu">SR 3.1</reference>
          <reference href="https://www.isa.org/products/ansi-isa-62443-3-3-99-03-03-2013-security-for-indu">SR 3.5</reference>
          <reference href="https://www.isa.org/products/ansi-isa-62443-3-3-99-03-03-2013-security-for-indu">SR 3.8</reference>
          <reference href="https://www.isa.org/products/ansi-isa-62443-3-3-99-03-03-2013-security-for-indu">SR 4.1</reference>
          <reference href="https://www.isa.org/products/ansi-isa-62443-3-3-99-03-03-2013-security-for-indu">SR 4.3</reference>
          <reference href="https://www.isa.org/products/ansi-isa-62443-3-3-99-03-03-2013-security-for-indu">SR 5.1</reference>
          <reference href="https://www.isa.org/products/ansi-isa-62443-3-3-99-03-03-2013-security-for-indu">SR 5.2</reference>
          <reference href="https://www.isa.org/products/ansi-isa-62443-3-3-99-03-03-2013-security-for-indu">SR 5.3</reference>
          <reference href="https://www.isa.org/products/ansi-isa-62443-3-3-99-03-03-2013-security-for-indu">SR 6.1</reference>
          <reference href="https://www.isa.org/products/ansi-isa-62443-3-3-99-03-03-2013-security-for-indu">SR 6.2</reference>
          <reference href="https://www.isa.org/products/ansi-isa-62443-3-3-99-03-03-2013-security-for-indu">SR 7.1</reference>
          <reference href="https://www.isa.org/products/ansi-isa-62443-3-3-99-03-03-2013-security-for-indu">SR 7.6</reference>
          <reference href="https://www.iso.org/contents/data/standard/05/45/54534.html">A.11.2.6</reference>
          <reference href="https://www.iso.org/contents/data/standard/05/45/54534.html">A.12.4.1</reference>
          <reference href="https://www.iso.org/contents/data/standard/05/45/54534.html">A.12.4.2</reference>
          <reference href="https://www.iso.org/contents/data/standard/05/45/54534.html">A.12.4.3</reference>
          <reference href="https://www.iso.org/contents/data/standard/05/45/54534.html">A.12.4.4</reference>
          <reference href="https://www.iso.org/contents/data/standard/05/45/54534.html">A.12.7.1</reference>
          <reference href="https://www.iso.org/contents/data/standard/05/45/54534.html">A.13.1.1</reference>
          <reference href="https://www.iso.org/contents/data/standard/05/45/54534.html">A.13.2.1</reference>
          <reference href="https://www.iso.org/contents/data/standard/05/45/54534.html">A.14.1.3</reference>
          <reference href="https://www.iso.org/contents/data/standard/05/45/54534.html">A.14.2.7</reference>
          <reference href="https://www.iso.org/contents/data/standard/05/45/54534.html">A.15.2.1</reference>
          <reference href="https://www.iso.org/contents/data/standard/05/45/54534.html">A.15.2.2</reference>
          <reference href="https://www.iso.org/contents/data/standard/05/45/54534.html">A.16.1.4</reference>
          <reference href="https://www.iso.org/contents/data/standard/05/45/54534.html">A.16.1.5</reference>
          <reference href="https://www.iso.org/contents/data/standard/05/45/54534.html">A.16.1.7</reference>
          <reference href="https://www.iso.org/contents/data/standard/05/45/54534.html">A.6.2.1</reference>
          <reference href="https://www.iso.org/contents/data/standard/05/45/54534.html">A.6.2.2</reference>
          <reference href="http://nvlpubs.nist.gov/nistpubs/SpecialPublications/NIST.SP.800-53r4.pdf">AU-2(d)</reference>
          <reference href="http://nvlpubs.nist.gov/nistpubs/SpecialPublications/NIST.SP.800-53r4.pdf">AU-12(c)</reference>
          <reference href="http://nvlpubs.nist.gov/nistpubs/SpecialPublications/NIST.SP.800-53r4.pdf">AC-6(9)</reference>
          <reference href="http://nvlpubs.nist.gov/nistpubs/SpecialPublications/NIST.SP.800-53r4.pdf">CM-6(a)</reference>
          <reference href="https://nvlpubs.nist.gov/nistpubs/CSWP/NIST.CSWP.04162018.pdf">DE.AE-3</reference>
          <reference href="https://nvlpubs.nist.gov/nistpubs/CSWP/NIST.CSWP.04162018.pdf">DE.AE-5</reference>
          <reference href="https://nvlpubs.nist.gov/nistpubs/CSWP/NIST.CSWP.04162018.pdf">DE.CM-1</reference>
          <reference href="https://nvlpubs.nist.gov/nistpubs/CSWP/NIST.CSWP.04162018.pdf">DE.CM-3</reference>
          <reference href="https://nvlpubs.nist.gov/nistpubs/CSWP/NIST.CSWP.04162018.pdf">DE.CM-7</reference>
          <reference href="https://nvlpubs.nist.gov/nistpubs/CSWP/NIST.CSWP.04162018.pdf">ID.SC-4</reference>
          <reference href="https://nvlpubs.nist.gov/nistpubs/CSWP/NIST.CSWP.04162018.pdf">PR.AC-3</reference>
          <reference href="https://nvlpubs.nist.gov/nistpubs/CSWP/NIST.CSWP.04162018.pdf">PR.PT-1</reference>
          <reference href="https://nvlpubs.nist.gov/nistpubs/CSWP/NIST.CSWP.04162018.pdf">PR.PT-4</reference>
          <reference href="https://nvlpubs.nist.gov/nistpubs/CSWP/NIST.CSWP.04162018.pdf">RS.AN-1</reference>
          <reference href="https://nvlpubs.nist.gov/nistpubs/CSWP/NIST.CSWP.04162018.pdf">RS.AN-4</reference>
          <reference href="https://www.pcisecuritystandards.org/documents/PCI_DSS_v3-2-1.pdf">Req-10.2.3</reference>
          <reference href="https://www.cyber.mil/stigs/downloads/?_dl_facet_stigs=operating-systems%2Cgeneral-purpose-os">SRG-OS-000392-GPOS-00172</reference>
          <reference href="https://www.cyber.mil/stigs/downloads/?_dl_facet_stigs=operating-systems%2Cgeneral-purpose-os">SRG-OS-000470-GPOS-00214</reference>
          <reference href="https://www.cyber.mil/stigs/downloads/?_dl_facet_stigs=operating-systems%2Cgeneral-purpose-os">SRG-OS-000473-GPOS-00218</reference>
          <reference href="https://www.cyber.mil/stigs/downloads/?_dl_facet_stigs=app-security">SRG-APP-000503-CTR-001275</reference>
          <reference href="https://www.cyber.mil/stigs/downloads/?_dl_facet_stigs=app-security">SRG-APP-000506-CTR-001290</reference>
          <reference href="https://www.cisecurity.org/benchmark/suse_linux/">4.1.7</reference>
          <reference href="https://cyber.gouv.fr/sites/default/files/document/linux_configuration-en-v2.pdf">R73</reference>
          <reference href="https://www.cyber.gov.au/acsc/view-all-content/ism">0582</reference>
          <reference href="https://docs-prv.pcisecuritystandards.org/PCI%20DSS/Standard/PCI-DSS-v4_0.pdf">10.2.1.3</reference>
          <reference href="https://docs-prv.pcisecuritystandards.org/PCI%20DSS/Standard/PCI-DSS-v4_0.pdf">10.2.1</reference>
          <reference href="https://docs-prv.pcisecuritystandards.org/PCI%20DSS/Standard/PCI-DSS-v4_0.pdf">10.2</reference>
          <rationale xmlns:xhtml="http://www.w3.org/1999/xhtml" xml:lang="en-US">Manual editing of these files may indicate nefarious activity, such
as an attacker attempting to remove evidence of an intrusion.</rationale>
          <ident system="https://ncp.nist.gov/cce">CCE-91449-9</ident>
          <fix xmlns:xhtml="http://www.w3.org/1999/xhtml" id="audit_rules_login_events_faillock" system="urn:xccdf:fix:script:sh"># Remediation is applicable only in certain platforms
if rpm --quiet -q audit &amp;&amp; rpm --quiet -q kernel-default || rpm --quiet -q kernel-default-base; then

# Perform the remediation for both possible tools: 'auditctl' and 'augenrules'


var_accounts_passwords_pam_faillock_dir='<xccdf-1.2:sub xmlns:xccdf-1.2="http://checklists.nist.gov/xccdf/1.2" idref="xccdf_org.ssgproject.content_value_var_accounts_passwords_pam_faillock_dir" use="legacy"/>'





# Create a list of audit *.rules files that should be inspected for presence and correctness
# of a particular audit rule. The scheme is as follows:
#
# -----------------------------------------------------------------------------------------
# Tool used to load audit rules	| Rule already defined	|  Audit rules file to inspect	  |
# -----------------------------------------------------------------------------------------
#	auditctl		|     Doesn't matter	|  /etc/audit/audit.rules	  |
# -----------------------------------------------------------------------------------------
# 	augenrules		|          Yes		|  /etc/audit/rules.d/*.rules	  |
# 	augenrules		|          No		|  /etc/audit/rules.d/$key.rules  |
# -----------------------------------------------------------------------------------------
files_to_inspect=()


# If the audit tool is 'auditctl', then add '/etc/audit/audit.rules'
# into the list of files to be inspected
files_to_inspect+=('/etc/audit/audit.rules')

# Finally perform the inspection and possible subsequent audit rule
# correction for each of the files previously identified for inspection
for audit_rules_file in "${files_to_inspect[@]}"
do
    # Check if audit watch file system object rule for given path already present

    if grep -q -P -- "^[\s]*-w[\s]+${var_accounts_passwords_pam_faillock_dir}" "$audit_rules_file"

    then
        # Rule is found =&gt; verify yet if existing rule definition contains
        # all of the required access type bits

        # Define BRE whitespace class shortcut
        sp="[[:space:]]"
        # Extract current permission access types (e.g. -p [r|w|x|a] values) from audit rule

        current_access_bits=$(sed -ne "s#$sp*-w$sp\+${var_accounts_passwords_pam_faillock_dir} $sp\+-p$sp\+\([rxwa]\{1,4\}\).*#\1#p" "$audit_rules_file")

        # Split required access bits string into characters array
        # (to check bit's presence for one bit at a time)
        for access_bit in $(echo "wa" | grep -o .)
        do
            # For each from the required access bits (e.g. 'w', 'a') check
            # if they are already present in current access bits for rule.
            # If not, append that bit at the end
            if ! grep -q "$access_bit" &lt;&lt;&lt; "$current_access_bits"
            then
                # Concatenate the existing mask with the missing bit
                current_access_bits="$current_access_bits$access_bit"
            fi
        done
        # Propagate the updated rule's access bits (original + the required
        # ones) back into the /etc/audit/audit.rules file for that rule

        sed -i "s#\($sp*-w$sp\+${var_accounts_passwords_pam_faillock_dir}$sp\+-p$sp\+\)\([rxwa]\{1,4\}\)\(.*\)#\1$current_access_bits\3#" "$audit_rules_file"

    else
        # Rule isn't present yet. Append it at the end of $audit_rules_file file
        # with proper key


        echo "-w ${var_accounts_passwords_pam_faillock_dir} -p wa -k logins" &gt;&gt; "$audit_rules_file"

    fi
done
# Create a list of audit *.rules files that should be inspected for presence and correctness
# of a particular audit rule. The scheme is as follows:
#
# -----------------------------------------------------------------------------------------
# Tool used to load audit rules	| Rule already defined	|  Audit rules file to inspect	  |
# -----------------------------------------------------------------------------------------
#	auditctl		|     Doesn't matter	|  /etc/audit/audit.rules	  |
# -----------------------------------------------------------------------------------------
# 	augenrules		|          Yes		|  /etc/audit/rules.d/*.rules	  |
# 	augenrules		|          No		|  /etc/audit/rules.d/$key.rules  |
# -----------------------------------------------------------------------------------------
files_to_inspect=()

# If the audit is 'augenrules', then check if rule is already defined
# If rule is defined, add '/etc/audit/rules.d/*.rules' to list of files for inspection.
# If rule isn't defined, add '/etc/audit/rules.d/logins.rules' to list of files for inspection.

readarray -t matches &lt; &lt;(grep -HP "[\s]*-w[\s]+${var_accounts_passwords_pam_faillock_dir}" /etc/audit/rules.d/*.rules)


# For each of the matched entries
for match in "${matches[@]}"
do
    # Extract filepath from the match
    rulesd_audit_file=$(echo $match | cut -f1 -d ':')
    # Append that path into list of files for inspection
    files_to_inspect+=("$rulesd_audit_file")
done
# Case when particular audit rule isn't defined yet
if [ "${#files_to_inspect[@]}" -eq "0" ]
then
    # Append '/etc/audit/rules.d/logins.rules' into list of files for inspection
    key_rule_file="/etc/audit/rules.d/logins.rules"
    # If the logins.rules file doesn't exist yet, create it with correct permissions
    if [ ! -e "$key_rule_file" ]
    then
        touch "$key_rule_file"
        chmod 0600 "$key_rule_file"
    fi
    files_to_inspect+=("$key_rule_file")
fi

# Finally perform the inspection and possible subsequent audit rule
# correction for each of the files previously identified for inspection
for audit_rules_file in "${files_to_inspect[@]}"
do
    # Check if audit watch file system object rule for given path already present

    if grep -q -P -- "^[\s]*-w[\s]+${var_accounts_passwords_pam_faillock_dir}" "$audit_rules_file"

    then
        # Rule is found =&gt; verify yet if existing rule definition contains
        # all of the required access type bits

        # Define BRE whitespace class shortcut
        sp="[[:space:]]"
        # Extract current permission access types (e.g. -p [r|w|x|a] values) from audit rule

        current_access_bits=$(sed -ne "s#$sp*-w$sp\+${var_accounts_passwords_pam_faillock_dir} $sp\+-p$sp\+\([rxwa]\{1,4\}\).*#\1#p" "$audit_rules_file")

        # Split required access bits string into characters array
        # (to check bit's presence for one bit at a time)
        for access_bit in $(echo "wa" | grep -o .)
        do
            # For each from the required access bits (e.g. 'w', 'a') check
            # if they are already present in current access bits for rule.
            # If not, append that bit at the end
            if ! grep -q "$access_bit" &lt;&lt;&lt; "$current_access_bits"
            then
                # Concatenate the existing mask with the missing bit
                current_access_bits="$current_access_bits$access_bit"
            fi
        done
        # Propagate the updated rule's access bits (original + the required
        # ones) back into the /etc/audit/audit.rules file for that rule

        sed -i "s#\($sp*-w$sp\+${var_accounts_passwords_pam_faillock_dir}$sp\+-p$sp\+\)\([rxwa]\{1,4\}\)\(.*\)#\1$current_access_bits\3#" "$audit_rules_file"

    else
        # Rule isn't present yet. Append it at the end of $audit_rules_file file
        # with proper key


        echo "-w ${var_accounts_passwords_pam_faillock_dir} -p wa -k logins" &gt;&gt; "$audit_rules_file"

    fi
done

else
    &gt;&amp;2 echo 'Remediation is not applicable, nothing was done'
fi
</fix>
          <fix xmlns:xhtml="http://www.w3.org/1999/xhtml" id="audit_rules_login_events_faillock" system="urn:xccdf:fix:script:ansible" complexity="low" disruption="low" strategy="restrict">- name: Gather the package facts
  package_facts:
    manager: auto
  tags:
  - CCE-91449-9
  - NIST-800-171-3.1.7
  - NIST-800-53-AC-6(9)
  - NIST-800-53-AU-12(c)
  - NIST-800-53-AU-2(d)
  - NIST-800-53-CM-6(a)
  - PCI-DSS-Req-10.2.3
  - PCI-DSSv4-10.2
  - PCI-DSSv4-10.2.1
  - PCI-DSSv4-10.2.1.3
  - audit_rules_login_events_faillock
  - low_complexity
  - low_disruption
  - medium_severity
  - no_reboot_needed
  - restrict_strategy
- name: XCCDF Value var_accounts_passwords_pam_faillock_dir # promote to variable
  set_fact:
    var_accounts_passwords_pam_faillock_dir: !!str <xccdf-1.2:sub xmlns:xccdf-1.2="http://checklists.nist.gov/xccdf/1.2" idref="xccdf_org.ssgproject.content_value_var_accounts_passwords_pam_faillock_dir" use="legacy"/>
  tags:
    - always

- name: Record Attempts to Alter Logon and Logout Events - faillock - Check if watch
    rule for {{ var_accounts_passwords_pam_faillock_dir }} already exists in /etc/audit/rules.d/
  ansible.builtin.find:
    paths: /etc/audit/rules.d
    contains: ^\s*-w\s+{{ var_accounts_passwords_pam_faillock_dir }}\s+-p\s+wa(\s|$)+
    patterns: '*.rules'
  register: find_existing_watch_rules_d
  when:
  - '"audit" in ansible_facts.packages'
  - ("kernel-default" in ansible_facts.packages or "kernel-default-base" in ansible_facts.packages)
  tags:
  - CCE-91449-9
  - NIST-800-171-3.1.7
  - NIST-800-53-AC-6(9)
  - NIST-800-53-AU-12(c)
  - NIST-800-53-AU-2(d)
  - NIST-800-53-CM-6(a)
  - PCI-DSS-Req-10.2.3
  - PCI-DSSv4-10.2
  - PCI-DSSv4-10.2.1
  - PCI-DSSv4-10.2.1.3
  - audit_rules_login_events_faillock
  - low_complexity
  - low_disruption
  - medium_severity
  - no_reboot_needed
  - restrict_strategy

- name: Record Attempts to Alter Logon and Logout Events - faillock - Search /etc/audit/rules.d
    for other rules with specified key logins
  ansible.builtin.find:
    paths: /etc/audit/rules.d
    contains: ^.*(?:-F key=|-k\s+)logins$
    patterns: '*.rules'
  register: find_watch_key
  when:
  - '"audit" in ansible_facts.packages'
  - ("kernel-default" in ansible_facts.packages or "kernel-default-base" in ansible_facts.packages)
  - find_existing_watch_rules_d.matched is defined and find_existing_watch_rules_d.matched
    == 0
  tags:
  - CCE-91449-9
  - NIST-800-171-3.1.7
  - NIST-800-53-AC-6(9)
  - NIST-800-53-AU-12(c)
  - NIST-800-53-AU-2(d)
  - NIST-800-53-CM-6(a)
  - PCI-DSS-Req-10.2.3
  - PCI-DSSv4-10.2
  - PCI-DSSv4-10.2.1
  - PCI-DSSv4-10.2.1.3
  - audit_rules_login_events_faillock
  - low_complexity
  - low_disruption
  - medium_severity
  - no_reboot_needed
  - restrict_strategy

- name: Record Attempts to Alter Logon and Logout Events - faillock - Use /etc/audit/rules.d/logins.rules
    as the recipient for the rule
  ansible.builtin.set_fact:
    all_files:
    - /etc/audit/rules.d/logins.rules
  when:
  - '"audit" in ansible_facts.packages'
  - ("kernel-default" in ansible_facts.packages or "kernel-default-base" in ansible_facts.packages)
  - find_watch_key.matched is defined and find_watch_key.matched == 0 and find_existing_watch_rules_d.matched
    is defined and find_existing_watch_rules_d.matched == 0
  tags:
  - CCE-91449-9
  - NIST-800-171-3.1.7
  - NIST-800-53-AC-6(9)
  - NIST-800-53-AU-12(c)
  - NIST-800-53-AU-2(d)
  - NIST-800-53-CM-6(a)
  - PCI-DSS-Req-10.2.3
  - PCI-DSSv4-10.2
  - PCI-DSSv4-10.2.1
  - PCI-DSSv4-10.2.1.3
  - audit_rules_login_events_faillock
  - low_complexity
  - low_disruption
  - medium_severity
  - no_reboot_needed
  - restrict_strategy

- name: Record Attempts to Alter Logon and Logout Events - faillock - Use matched
    file as the recipient for the rule
  ansible.builtin.set_fact:
    all_files:
    - '{{ find_watch_key.files | map(attribute=''path'') | list | first }}'
  when:
  - '"audit" in ansible_facts.packages'
  - ("kernel-default" in ansible_facts.packages or "kernel-default-base" in ansible_facts.packages)
  - find_watch_key.matched is defined and find_watch_key.matched &gt; 0 and find_existing_watch_rules_d.matched
    is defined and find_existing_watch_rules_d.matched == 0
  tags:
  - CCE-91449-9
  - NIST-800-171-3.1.7
  - NIST-800-53-AC-6(9)
  - NIST-800-53-AU-12(c)
  - NIST-800-53-AU-2(d)
  - NIST-800-53-CM-6(a)
  - PCI-DSS-Req-10.2.3
  - PCI-DSSv4-10.2
  - PCI-DSSv4-10.2.1
  - PCI-DSSv4-10.2.1.3
  - audit_rules_login_events_faillock
  - low_complexity
  - low_disruption
  - medium_severity
  - no_reboot_needed
  - restrict_strategy

- name: Record Attempts to Alter Logon and Logout Events - faillock - Add watch rule
    for {{ var_accounts_passwords_pam_faillock_dir }} in /etc/audit/rules.d/
  ansible.builtin.lineinfile:
    path: '{{ all_files[0] }}'
    line: -w {{ var_accounts_passwords_pam_faillock_dir }} -p wa -k logins
    create: true
    mode: '0600'
  when:
  - '"audit" in ansible_facts.packages'
  - ("kernel-default" in ansible_facts.packages or "kernel-default-base" in ansible_facts.packages)
  - find_existing_watch_rules_d.matched is defined and find_existing_watch_rules_d.matched
    == 0
  tags:
  - CCE-91449-9
  - NIST-800-171-3.1.7
  - NIST-800-53-AC-6(9)
  - NIST-800-53-AU-12(c)
  - NIST-800-53-AU-2(d)
  - NIST-800-53-CM-6(a)
  - PCI-DSS-Req-10.2.3
  - PCI-DSSv4-10.2
  - PCI-DSSv4-10.2.1
  - PCI-DSSv4-10.2.1.3
  - audit_rules_login_events_faillock
  - low_complexity
  - low_disruption
  - medium_severity
  - no_reboot_needed
  - restrict_strategy

- name: Record Attempts to Alter Logon and Logout Events - faillock - Check if watch
    rule for {{ var_accounts_passwords_pam_faillock_dir }} already exists in /etc/audit/audit.rules
  ansible.builtin.find:
    paths: /etc/audit/
    contains: ^\s*-w\s+{{ var_accounts_passwords_pam_faillock_dir }}\s+-p\s+wa(\s|$)+
    patterns: audit.rules
  register: find_existing_watch_audit_rules
  when:
  - '"audit" in ansible_facts.packages'
  - ("kernel-default" in ansible_facts.packages or "kernel-default-base" in ansible_facts.packages)
  tags:
  - CCE-91449-9
  - NIST-800-171-3.1.7
  - NIST-800-53-AC-6(9)
  - NIST-800-53-AU-12(c)
  - NIST-800-53-AU-2(d)
  - NIST-800-53-CM-6(a)
  - PCI-DSS-Req-10.2.3
  - PCI-DSSv4-10.2
  - PCI-DSSv4-10.2.1
  - PCI-DSSv4-10.2.1.3
  - audit_rules_login_events_faillock
  - low_complexity
  - low_disruption
  - medium_severity
  - no_reboot_needed
  - restrict_strategy

- name: Record Attempts to Alter Logon and Logout Events - faillock - Add watch rule
    for {{ var_accounts_passwords_pam_faillock_dir }} in /etc/audit/audit.rules
  ansible.builtin.lineinfile:
    line: -w {{ var_accounts_passwords_pam_faillock_dir }} -p wa -k logins
    state: present
    dest: /etc/audit/audit.rules
    create: true
    mode: '0600'
  when:
  - '"audit" in ansible_facts.packages'
  - ("kernel-default" in ansible_facts.packages or "kernel-default-base" in ansible_facts.packages)
  - find_existing_watch_audit_rules.matched is defined and find_existing_watch_audit_rules.matched
    == 0
  tags:
  - CCE-91449-9
  - NIST-800-171-3.1.7
  - NIST-800-53-AC-6(9)
  - NIST-800-53-AU-12(c)
  - NIST-800-53-AU-2(d)
  - NIST-800-53-CM-6(a)
  - PCI-DSS-Req-10.2.3
  - PCI-DSSv4-10.2
  - PCI-DSSv4-10.2.1
  - PCI-DSSv4-10.2.1.3
  - audit_rules_login_events_faillock
  - low_complexity
  - low_disruption
  - medium_severity
  - no_reboot_needed
  - restrict_strategy
</fix>
          <check system="http://oval.mitre.org/XMLSchema/oval-definitions-5">
            <check-export export-name="oval:ssg-var_accounts_passwords_pam_faillock_dir:var:1" value-id="xccdf_org.ssgproject.content_value_var_accounts_passwords_pam_faillock_dir"/>
            <check-content-ref name="oval:ssg-audit_rules_login_events_faillock:def:1" href="ssg-sle15-oval.xml"/>
          </check>
          <check system="http://scap.nist.gov/schema/ocil/2">
            <check-content-ref name="ocil:ssg-audit_rules_login_events_faillock_ocil:questionnaire:1" href="ssg-sle15-ocil.xml"/>
          </check>
        </Rule>
        <Rule id="xccdf_org.ssgproject.content_rule_audit_rules_login_events_faillog" selected="false" role="full" severity="medium">
          <title xmlns:xhtml="http://www.w3.org/1999/xhtml" xml:lang="en-US">Record Attempts to Alter Logon and Logout Events - faillog</title>
          <description xmlns:xhtml="http://www.w3.org/1999/xhtml" xml:lang="en-US">The audit system already collects login information for all users
and root.




If the <html:code xmlns:html="http://www.w3.org/1999/xhtml">auditd</html:code> daemon is configured to use the <html:code xmlns:html="http://www.w3.org/1999/xhtml">augenrules</html:code>
program to read audit rules during daemon startup (the default), add the
following lines to a file with suffix <html:code xmlns:html="http://www.w3.org/1999/xhtml">.rules</html:code> in the
directory <html:code xmlns:html="http://www.w3.org/1999/xhtml">/etc/audit/rules.d</html:code>:

<html:pre xmlns:html="http://www.w3.org/1999/xhtml">-w /var/log/faillog -p wa -k logins</html:pre>

If the <html:code xmlns:html="http://www.w3.org/1999/xhtml">auditd</html:code> daemon is configured to use the <html:code xmlns:html="http://www.w3.org/1999/xhtml">auditctl</html:code>
utility to read audit rules during daemon startup, add the following lines to
<html:code xmlns:html="http://www.w3.org/1999/xhtml">/etc/audit/audit.rules</html:code>:

<html:pre xmlns:html="http://www.w3.org/1999/xhtml">-w /var/log/faillog -p wa -k logins</html:pre>
       </description>
          <reference href="https://www.cyber.mil/stigs/downloads/?_dl_facet_stigs=operating-systems%2Cgeneral-purpose-os">SRG-OS-000037-GPOS-00015</reference>
          <reference href="https://www.cisecurity.org/benchmark/suse_linux/">4.1.7</reference>
          <reference href="not_publicly_available">SLES-15-750450300</reference>
          <rationale xmlns:xhtml="http://www.w3.org/1999/xhtml" xml:lang="en-US">Manual editing of these files may indicate nefarious activity, such
as an attacker attempting to remove evidence of an intrusion.</rationale>
          <ident system="https://ncp.nist.gov/cce">CCE-92576-8</ident>
          <fix xmlns:xhtml="http://www.w3.org/1999/xhtml" id="audit_rules_login_events_faillog" system="urn:xccdf:fix:script:sh"># Remediation is applicable only in certain platforms
if rpm --quiet -q audit &amp;&amp; rpm --quiet -q kernel-default || rpm --quiet -q kernel-default-base; then

# Perform the remediation for both possible tools: 'auditctl' and 'augenrules'






# Create a list of audit *.rules files that should be inspected for presence and correctness
# of a particular audit rule. The scheme is as follows:
#
# -----------------------------------------------------------------------------------------
# Tool used to load audit rules	| Rule already defined	|  Audit rules file to inspect	  |
# -----------------------------------------------------------------------------------------
#	auditctl		|     Doesn't matter	|  /etc/audit/audit.rules	  |
# -----------------------------------------------------------------------------------------
# 	augenrules		|          Yes		|  /etc/audit/rules.d/*.rules	  |
# 	augenrules		|          No		|  /etc/audit/rules.d/$key.rules  |
# -----------------------------------------------------------------------------------------
files_to_inspect=()


# If the audit tool is 'auditctl', then add '/etc/audit/audit.rules'
# into the list of files to be inspected
files_to_inspect+=('/etc/audit/audit.rules')

# Finally perform the inspection and possible subsequent audit rule
# correction for each of the files previously identified for inspection
for audit_rules_file in "${files_to_inspect[@]}"
do
    # Check if audit watch file system object rule for given path already present

    if grep -q -P -- "^[\s]*-w[\s]+/var/log/faillog" "$audit_rules_file"

    then
        # Rule is found =&gt; verify yet if existing rule definition contains
        # all of the required access type bits

        # Define BRE whitespace class shortcut
        sp="[[:space:]]"
        # Extract current permission access types (e.g. -p [r|w|x|a] values) from audit rule

        current_access_bits=$(sed -ne "s#$sp*-w$sp\+/var/log/faillog $sp\+-p$sp\+\([rxwa]\{1,4\}\).*#\1#p" "$audit_rules_file")

        # Split required access bits string into characters array
        # (to check bit's presence for one bit at a time)
        for access_bit in $(echo "wa" | grep -o .)
        do
            # For each from the required access bits (e.g. 'w', 'a') check
            # if they are already present in current access bits for rule.
            # If not, append that bit at the end
            if ! grep -q "$access_bit" &lt;&lt;&lt; "$current_access_bits"
            then
                # Concatenate the existing mask with the missing bit
                current_access_bits="$current_access_bits$access_bit"
            fi
        done
        # Propagate the updated rule's access bits (original + the required
        # ones) back into the /etc/audit/audit.rules file for that rule

        sed -i "s#\($sp*-w$sp\+/var/log/faillog$sp\+-p$sp\+\)\([rxwa]\{1,4\}\)\(.*\)#\1$current_access_bits\3#" "$audit_rules_file"

    else
        # Rule isn't present yet. Append it at the end of $audit_rules_file file
        # with proper key


        echo "-w /var/log/faillog -p wa -k logins" &gt;&gt; "$audit_rules_file"

    fi
done
# Create a list of audit *.rules files that should be inspected for presence and correctness
# of a particular audit rule. The scheme is as follows:
#
# -----------------------------------------------------------------------------------------
# Tool used to load audit rules	| Rule already defined	|  Audit rules file to inspect	  |
# -----------------------------------------------------------------------------------------
#	auditctl		|     Doesn't matter	|  /etc/audit/audit.rules	  |
# -----------------------------------------------------------------------------------------
# 	augenrules		|          Yes		|  /etc/audit/rules.d/*.rules	  |
# 	augenrules		|          No		|  /etc/audit/rules.d/$key.rules  |
# -----------------------------------------------------------------------------------------
files_to_inspect=()

# If the audit is 'augenrules', then check if rule is already defined
# If rule is defined, add '/etc/audit/rules.d/*.rules' to list of files for inspection.
# If rule isn't defined, add '/etc/audit/rules.d/logins.rules' to list of files for inspection.

readarray -t matches &lt; &lt;(grep -HP "[\s]*-w[\s]+/var/log/faillog" /etc/audit/rules.d/*.rules)


# For each of the matched entries
for match in "${matches[@]}"
do
    # Extract filepath from the match
    rulesd_audit_file=$(echo $match | cut -f1 -d ':')
    # Append that path into list of files for inspection
    files_to_inspect+=("$rulesd_audit_file")
done
# Case when particular audit rule isn't defined yet
if [ "${#files_to_inspect[@]}" -eq "0" ]
then
    # Append '/etc/audit/rules.d/logins.rules' into list of files for inspection
    key_rule_file="/etc/audit/rules.d/logins.rules"
    # If the logins.rules file doesn't exist yet, create it with correct permissions
    if [ ! -e "$key_rule_file" ]
    then
        touch "$key_rule_file"
        chmod 0600 "$key_rule_file"
    fi
    files_to_inspect+=("$key_rule_file")
fi

# Finally perform the inspection and possible subsequent audit rule
# correction for each of the files previously identified for inspection
for audit_rules_file in "${files_to_inspect[@]}"
do
    # Check if audit watch file system object rule for given path already present

    if grep -q -P -- "^[\s]*-w[\s]+/var/log/faillog" "$audit_rules_file"

    then
        # Rule is found =&gt; verify yet if existing rule definition contains
        # all of the required access type bits

        # Define BRE whitespace class shortcut
        sp="[[:space:]]"
        # Extract current permission access types (e.g. -p [r|w|x|a] values) from audit rule

        current_access_bits=$(sed -ne "s#$sp*-w$sp\+/var/log/faillog $sp\+-p$sp\+\([rxwa]\{1,4\}\).*#\1#p" "$audit_rules_file")

        # Split required access bits string into characters array
        # (to check bit's presence for one bit at a time)
        for access_bit in $(echo "wa" | grep -o .)
        do
            # For each from the required access bits (e.g. 'w', 'a') check
            # if they are already present in current access bits for rule.
            # If not, append that bit at the end
            if ! grep -q "$access_bit" &lt;&lt;&lt; "$current_access_bits"
            then
                # Concatenate the existing mask with the missing bit
                current_access_bits="$current_access_bits$access_bit"
            fi
        done
        # Propagate the updated rule's access bits (original + the required
        # ones) back into the /etc/audit/audit.rules file for that rule

        sed -i "s#\($sp*-w$sp\+/var/log/faillog$sp\+-p$sp\+\)\([rxwa]\{1,4\}\)\(.*\)#\1$current_access_bits\3#" "$audit_rules_file"

    else
        # Rule isn't present yet. Append it at the end of $audit_rules_file file
        # with proper key


        echo "-w /var/log/faillog -p wa -k logins" &gt;&gt; "$audit_rules_file"

    fi
done

else
    &gt;&amp;2 echo 'Remediation is not applicable, nothing was done'
fi
</fix>
          <fix xmlns:xhtml="http://www.w3.org/1999/xhtml" id="audit_rules_login_events_faillog" system="urn:xccdf:fix:script:ansible" complexity="low" disruption="low" strategy="restrict">- name: Gather the package facts
  package_facts:
    manager: auto
  tags:
  - CCE-92576-8
  - audit_rules_login_events_faillog
  - low_complexity
  - low_disruption
  - medium_severity
  - no_reboot_needed
  - restrict_strategy

- name: Record Attempts to Alter Logon and Logout Events - faillog - Check if watch
    rule for /var/log/faillog already exists in /etc/audit/rules.d/
  ansible.builtin.find:
    paths: /etc/audit/rules.d
    contains: ^\s*-w\s+/var/log/faillog\s+-p\s+wa(\s|$)+
    patterns: '*.rules'
  register: find_existing_watch_rules_d
  when:
  - '"audit" in ansible_facts.packages'
  - ("kernel-default" in ansible_facts.packages or "kernel-default-base" in ansible_facts.packages)
  tags:
  - CCE-92576-8
  - audit_rules_login_events_faillog
  - low_complexity
  - low_disruption
  - medium_severity
  - no_reboot_needed
  - restrict_strategy

- name: Record Attempts to Alter Logon and Logout Events - faillog - Search /etc/audit/rules.d
    for other rules with specified key logins
  ansible.builtin.find:
    paths: /etc/audit/rules.d
    contains: ^.*(?:-F key=|-k\s+)logins$
    patterns: '*.rules'
  register: find_watch_key
  when:
  - '"audit" in ansible_facts.packages'
  - ("kernel-default" in ansible_facts.packages or "kernel-default-base" in ansible_facts.packages)
  - find_existing_watch_rules_d.matched is defined and find_existing_watch_rules_d.matched
    == 0
  tags:
  - CCE-92576-8
  - audit_rules_login_events_faillog
  - low_complexity
  - low_disruption
  - medium_severity
  - no_reboot_needed
  - restrict_strategy

- name: Record Attempts to Alter Logon and Logout Events - faillog - Use /etc/audit/rules.d/logins.rules
    as the recipient for the rule
  ansible.builtin.set_fact:
    all_files:
    - /etc/audit/rules.d/logins.rules
  when:
  - '"audit" in ansible_facts.packages'
  - ("kernel-default" in ansible_facts.packages or "kernel-default-base" in ansible_facts.packages)
  - find_watch_key.matched is defined and find_watch_key.matched == 0 and find_existing_watch_rules_d.matched
    is defined and find_existing_watch_rules_d.matched == 0
  tags:
  - CCE-92576-8
  - audit_rules_login_events_faillog
  - low_complexity
  - low_disruption
  - medium_severity
  - no_reboot_needed
  - restrict_strategy

- name: Record Attempts to Alter Logon and Logout Events - faillog - Use matched file
    as the recipient for the rule
  ansible.builtin.set_fact:
    all_files:
    - '{{ find_watch_key.files | map(attribute=''path'') | list | first }}'
  when:
  - '"audit" in ansible_facts.packages'
  - ("kernel-default" in ansible_facts.packages or "kernel-default-base" in ansible_facts.packages)
  - find_watch_key.matched is defined and find_watch_key.matched &gt; 0 and find_existing_watch_rules_d.matched
    is defined and find_existing_watch_rules_d.matched == 0
  tags:
  - CCE-92576-8
  - audit_rules_login_events_faillog
  - low_complexity
  - low_disruption
  - medium_severity
  - no_reboot_needed
  - restrict_strategy

- name: Record Attempts to Alter Logon and Logout Events - faillog - Add watch rule
    for /var/log/faillog in /etc/audit/rules.d/
  ansible.builtin.lineinfile:
    path: '{{ all_files[0] }}'
    line: -w /var/log/faillog -p wa -k logins
    create: true
    mode: '0600'
  when:
  - '"audit" in ansible_facts.packages'
  - ("kernel-default" in ansible_facts.packages or "kernel-default-base" in ansible_facts.packages)
  - find_existing_watch_rules_d.matched is defined and find_existing_watch_rules_d.matched
    == 0
  tags:
  - CCE-92576-8
  - audit_rules_login_events_faillog
  - low_complexity
  - low_disruption
  - medium_severity
  - no_reboot_needed
  - restrict_strategy

- name: Record Attempts to Alter Logon and Logout Events - faillog - Check if watch
    rule for /var/log/faillog already exists in /etc/audit/audit.rules
  ansible.builtin.find:
    paths: /etc/audit/
    contains: ^\s*-w\s+/var/log/faillog\s+-p\s+wa(\s|$)+
    patterns: audit.rules
  register: find_existing_watch_audit_rules
  when:
  - '"audit" in ansible_facts.packages'
  - ("kernel-default" in ansible_facts.packages or "kernel-default-base" in ansible_facts.packages)
  tags:
  - CCE-92576-8
  - audit_rules_login_events_faillog
  - low_complexity
  - low_disruption
  - medium_severity
  - no_reboot_needed
  - restrict_strategy

- name: Record Attempts to Alter Logon and Logout Events - faillog - Add watch rule
    for /var/log/faillog in /etc/audit/audit.rules
  ansible.builtin.lineinfile:
    line: -w /var/log/faillog -p wa -k logins
    state: present
    dest: /etc/audit/audit.rules
    create: true
    mode: '0600'
  when:
  - '"audit" in ansible_facts.packages'
  - ("kernel-default" in ansible_facts.packages or "kernel-default-base" in ansible_facts.packages)
  - find_existing_watch_audit_rules.matched is defined and find_existing_watch_audit_rules.matched
    == 0
  tags:
  - CCE-92576-8
  - audit_rules_login_events_faillog
  - low_complexity
  - low_disruption
  - medium_severity
  - no_reboot_needed
  - restrict_strategy
</fix>
          <check system="http://oval.mitre.org/XMLSchema/oval-definitions-5">
            <check-content-ref name="oval:ssg-audit_rules_login_events_faillog:def:1" href="ssg-sle15-oval.xml"/>
          </check>
          <check system="http://scap.nist.gov/schema/ocil/2">
            <check-content-ref name="ocil:ssg-audit_rules_login_events_faillog_ocil:questionnaire:1" href="ssg-sle15-ocil.xml"/>
          </check>
        </Rule>
        <Rule id="xccdf_org.ssgproject.content_rule_audit_rules_login_events_lastlog" selected="false" role="full" severity="medium">
          <title xmlns:xhtml="http://www.w3.org/1999/xhtml" xml:lang="en-US">Record Attempts to Alter Logon and Logout Events - lastlog</title>
          <description xmlns:xhtml="http://www.w3.org/1999/xhtml" xml:lang="en-US">The audit system already collects login information for all users
and root.




If the <html:code xmlns:html="http://www.w3.org/1999/xhtml">auditd</html:code> daemon is configured to use the <html:code xmlns:html="http://www.w3.org/1999/xhtml">augenrules</html:code>
program to read audit rules during daemon startup (the default), add the
following lines to a file with suffix <html:code xmlns:html="http://www.w3.org/1999/xhtml">.rules</html:code> in the
directory <html:code xmlns:html="http://www.w3.org/1999/xhtml">/etc/audit/rules.d</html:code>:

<html:pre xmlns:html="http://www.w3.org/1999/xhtml">-w /var/log/lastlog -p wa -k logins</html:pre>

If the <html:code xmlns:html="http://www.w3.org/1999/xhtml">auditd</html:code> daemon is configured to use the <html:code xmlns:html="http://www.w3.org/1999/xhtml">auditctl</html:code>
utility to read audit rules during daemon startup, add the following lines to
<html:code xmlns:html="http://www.w3.org/1999/xhtml">/etc/audit/audit.rules</html:code>:

<html:pre xmlns:html="http://www.w3.org/1999/xhtml">-w /var/log/lastlog -p wa -k logins</html:pre>
       </description>
          <reference href="https://www.cisecurity.org/controls/">1</reference>
          <reference href="https://www.cisecurity.org/controls/">11</reference>
          <reference href="https://www.cisecurity.org/controls/">12</reference>
          <reference href="https://www.cisecurity.org/controls/">13</reference>
          <reference href="https://www.cisecurity.org/controls/">14</reference>
          <reference href="https://www.cisecurity.org/controls/">15</reference>
          <reference href="https://www.cisecurity.org/controls/">16</reference>
          <reference href="https://www.cisecurity.org/controls/">19</reference>
          <reference href="https://www.cisecurity.org/controls/">2</reference>
          <reference href="https://www.cisecurity.org/controls/">3</reference>
          <reference href="https://www.cisecurity.org/controls/">4</reference>
          <reference href="https://www.cisecurity.org/controls/">5</reference>
          <reference href="https://www.cisecurity.org/controls/">6</reference>
          <reference href="https://www.cisecurity.org/controls/">7</reference>
          <reference href="https://www.cisecurity.org/controls/">8</reference>
          <reference href="https://www.cisecurity.org/controls/">9</reference>
          <reference href="https://www.isaca.org/resources/cobit">APO10.01</reference>
          <reference href="https://www.isaca.org/resources/cobit">APO10.03</reference>
          <reference href="https://www.isaca.org/resources/cobit">APO10.04</reference>
          <reference href="https://www.isaca.org/resources/cobit">APO10.05</reference>
          <reference href="https://www.isaca.org/resources/cobit">APO11.04</reference>
          <reference href="https://www.isaca.org/resources/cobit">APO12.06</reference>
          <reference href="https://www.isaca.org/resources/cobit">APO13.01</reference>
          <reference href="https://www.isaca.org/resources/cobit">BAI03.05</reference>
          <reference href="https://www.isaca.org/resources/cobit">BAI08.02</reference>
          <reference href="https://www.isaca.org/resources/cobit">DSS01.03</reference>
          <reference href="https://www.isaca.org/resources/cobit">DSS01.04</reference>
          <reference href="https://www.isaca.org/resources/cobit">DSS02.02</reference>
          <reference href="https://www.isaca.org/resources/cobit">DSS02.04</reference>
          <reference href="https://www.isaca.org/resources/cobit">DSS02.07</reference>
          <reference href="https://www.isaca.org/resources/cobit">DSS03.01</reference>
          <reference href="https://www.isaca.org/resources/cobit">DSS03.05</reference>
          <reference href="https://www.isaca.org/resources/cobit">DSS05.02</reference>
          <reference href="https://www.isaca.org/resources/cobit">DSS05.03</reference>
          <reference href="https://www.isaca.org/resources/cobit">DSS05.04</reference>
          <reference href="https://www.isaca.org/resources/cobit">DSS05.05</reference>
          <reference href="https://www.isaca.org/resources/cobit">DSS05.07</reference>
          <reference href="https://www.isaca.org/resources/cobit">MEA01.01</reference>
          <reference href="https://www.isaca.org/resources/cobit">MEA01.02</reference>
          <reference href="https://www.isaca.org/resources/cobit">MEA01.03</reference>
          <reference href="https://www.isaca.org/resources/cobit">MEA01.04</reference>
          <reference href="https://www.isaca.org/resources/cobit">MEA01.05</reference>
          <reference href="https://www.isaca.org/resources/cobit">MEA02.01</reference>
          <reference href="http://nvlpubs.nist.gov/nistpubs/SpecialPublications/NIST.SP.800-171.pdf">3.1.7</reference>
          <reference href="https://www.gpo.gov/fdsys/pkg/CFR-2007-title45-vol1/pdf/CFR-2007-title45-vol1-chapA-subchapC.pdf">164.308(a)(1)(ii)(D)</reference>
          <reference href="https://www.gpo.gov/fdsys/pkg/CFR-2007-title45-vol1/pdf/CFR-2007-title45-vol1-chapA-subchapC.pdf">164.308(a)(3)(ii)(A)</reference>
          <reference href="https://www.gpo.gov/fdsys/pkg/CFR-2007-title45-vol1/pdf/CFR-2007-title45-vol1-chapA-subchapC.pdf">164.308(a)(5)(ii)(C)</reference>
          <reference href="https://www.gpo.gov/fdsys/pkg/CFR-2007-title45-vol1/pdf/CFR-2007-title45-vol1-chapA-subchapC.pdf">164.312(a)(2)(i)</reference>
          <reference href="https://www.gpo.gov/fdsys/pkg/CFR-2007-title45-vol1/pdf/CFR-2007-title45-vol1-chapA-subchapC.pdf">164.312(b)</reference>
          <reference href="https://www.gpo.gov/fdsys/pkg/CFR-2007-title45-vol1/pdf/CFR-2007-title45-vol1-chapA-subchapC.pdf">164.312(d)</reference>
          <reference href="https://www.gpo.gov/fdsys/pkg/CFR-2007-title45-vol1/pdf/CFR-2007-title45-vol1-chapA-subchapC.pdf">164.312(e)</reference>
          <reference href="https://www.isa.org/products/isa-62443-2-1-2009-security-for-industrial-automat">4.2.3.10</reference>
          <reference href="https://www.isa.org/products/isa-62443-2-1-2009-security-for-industrial-automat">4.3.2.6.7</reference>
          <reference href="https://www.isa.org/products/isa-62443-2-1-2009-security-for-industrial-automat">4.3.3.3.9</reference>
          <reference href="https://www.isa.org/products/isa-62443-2-1-2009-security-for-industrial-automat">4.3.3.5.8</reference>
          <reference href="https://www.isa.org/products/isa-62443-2-1-2009-security-for-industrial-automat">4.3.3.6.6</reference>
          <reference href="https://www.isa.org/products/isa-62443-2-1-2009-security-for-industrial-automat">4.3.4.4.7</reference>
          <reference href="https://www.isa.org/products/isa-62443-2-1-2009-security-for-industrial-automat">4.3.4.5.6</reference>
          <reference href="https://www.isa.org/products/isa-62443-2-1-2009-security-for-industrial-automat">4.3.4.5.7</reference>
          <reference href="https://www.isa.org/products/isa-62443-2-1-2009-security-for-industrial-automat">4.3.4.5.8</reference>
          <reference href="https://www.isa.org/products/isa-62443-2-1-2009-security-for-industrial-automat">4.4.2.1</reference>
          <reference href="https://www.isa.org/products/isa-62443-2-1-2009-security-for-industrial-automat">4.4.2.2</reference>
          <reference href="https://www.isa.org/products/isa-62443-2-1-2009-security-for-industrial-automat">4.4.2.4</reference>
          <reference href="https://www.isa.org/products/ansi-isa-62443-3-3-99-03-03-2013-security-for-indu">SR 1.13</reference>
          <reference href="https://www.isa.org/products/ansi-isa-62443-3-3-99-03-03-2013-security-for-indu">SR 2.10</reference>
          <reference href="https://www.isa.org/products/ansi-isa-62443-3-3-99-03-03-2013-security-for-indu">SR 2.11</reference>
          <reference href="https://www.isa.org/products/ansi-isa-62443-3-3-99-03-03-2013-security-for-indu">SR 2.12</reference>
          <reference href="https://www.isa.org/products/ansi-isa-62443-3-3-99-03-03-2013-security-for-indu">SR 2.6</reference>
          <reference href="https://www.isa.org/products/ansi-isa-62443-3-3-99-03-03-2013-security-for-indu">SR 2.8</reference>
          <reference href="https://www.isa.org/products/ansi-isa-62443-3-3-99-03-03-2013-security-for-indu">SR 2.9</reference>
          <reference href="https://www.isa.org/products/ansi-isa-62443-3-3-99-03-03-2013-security-for-indu">SR 3.1</reference>
          <reference href="https://www.isa.org/products/ansi-isa-62443-3-3-99-03-03-2013-security-for-indu">SR 3.5</reference>
          <reference href="https://www.isa.org/products/ansi-isa-62443-3-3-99-03-03-2013-security-for-indu">SR 3.8</reference>
          <reference href="https://www.isa.org/products/ansi-isa-62443-3-3-99-03-03-2013-security-for-indu">SR 4.1</reference>
          <reference href="https://www.isa.org/products/ansi-isa-62443-3-3-99-03-03-2013-security-for-indu">SR 4.3</reference>
          <reference href="https://www.isa.org/products/ansi-isa-62443-3-3-99-03-03-2013-security-for-indu">SR 5.1</reference>
          <reference href="https://www.isa.org/products/ansi-isa-62443-3-3-99-03-03-2013-security-for-indu">SR 5.2</reference>
          <reference href="https://www.isa.org/products/ansi-isa-62443-3-3-99-03-03-2013-security-for-indu">SR 5.3</reference>
          <reference href="https://www.isa.org/products/ansi-isa-62443-3-3-99-03-03-2013-security-for-indu">SR 6.1</reference>
          <reference href="https://www.isa.org/products/ansi-isa-62443-3-3-99-03-03-2013-security-for-indu">SR 6.2</reference>
          <reference href="https://www.isa.org/products/ansi-isa-62443-3-3-99-03-03-2013-security-for-indu">SR 7.1</reference>
          <reference href="https://www.isa.org/products/ansi-isa-62443-3-3-99-03-03-2013-security-for-indu">SR 7.6</reference>
          <reference href="https://www.iso.org/contents/data/standard/05/45/54534.html">A.11.2.6</reference>
          <reference href="https://www.iso.org/contents/data/standard/05/45/54534.html">A.12.4.1</reference>
          <reference href="https://www.iso.org/contents/data/standard/05/45/54534.html">A.12.4.2</reference>
          <reference href="https://www.iso.org/contents/data/standard/05/45/54534.html">A.12.4.3</reference>
          <reference href="https://www.iso.org/contents/data/standard/05/45/54534.html">A.12.4.4</reference>
          <reference href="https://www.iso.org/contents/data/standard/05/45/54534.html">A.12.7.1</reference>
          <reference href="https://www.iso.org/contents/data/standard/05/45/54534.html">A.13.1.1</reference>
          <reference href="https://www.iso.org/contents/data/standard/05/45/54534.html">A.13.2.1</reference>
          <reference href="https://www.iso.org/contents/data/standard/05/45/54534.html">A.14.1.3</reference>
          <reference href="https://www.iso.org/contents/data/standard/05/45/54534.html">A.14.2.7</reference>
          <reference href="https://www.iso.org/contents/data/standard/05/45/54534.html">A.15.2.1</reference>
          <reference href="https://www.iso.org/contents/data/standard/05/45/54534.html">A.15.2.2</reference>
          <reference href="https://www.iso.org/contents/data/standard/05/45/54534.html">A.16.1.4</reference>
          <reference href="https://www.iso.org/contents/data/standard/05/45/54534.html">A.16.1.5</reference>
          <reference href="https://www.iso.org/contents/data/standard/05/45/54534.html">A.16.1.7</reference>
          <reference href="https://www.iso.org/contents/data/standard/05/45/54534.html">A.6.2.1</reference>
          <reference href="https://www.iso.org/contents/data/standard/05/45/54534.html">A.6.2.2</reference>
          <reference href="http://nvlpubs.nist.gov/nistpubs/SpecialPublications/NIST.SP.800-53r4.pdf">AU-2(d)</reference>
          <reference href="http://nvlpubs.nist.gov/nistpubs/SpecialPublications/NIST.SP.800-53r4.pdf">AU-12(c)</reference>
          <reference href="http://nvlpubs.nist.gov/nistpubs/SpecialPublications/NIST.SP.800-53r4.pdf">AC-6(9)</reference>
          <reference href="http://nvlpubs.nist.gov/nistpubs/SpecialPublications/NIST.SP.800-53r4.pdf">CM-6(a)</reference>
          <reference href="https://nvlpubs.nist.gov/nistpubs/CSWP/NIST.CSWP.04162018.pdf">DE.AE-3</reference>
          <reference href="https://nvlpubs.nist.gov/nistpubs/CSWP/NIST.CSWP.04162018.pdf">DE.AE-5</reference>
          <reference href="https://nvlpubs.nist.gov/nistpubs/CSWP/NIST.CSWP.04162018.pdf">DE.CM-1</reference>
          <reference href="https://nvlpubs.nist.gov/nistpubs/CSWP/NIST.CSWP.04162018.pdf">DE.CM-3</reference>
          <reference href="https://nvlpubs.nist.gov/nistpubs/CSWP/NIST.CSWP.04162018.pdf">DE.CM-7</reference>
          <reference href="https://nvlpubs.nist.gov/nistpubs/CSWP/NIST.CSWP.04162018.pdf">ID.SC-4</reference>
          <reference href="https://nvlpubs.nist.gov/nistpubs/CSWP/NIST.CSWP.04162018.pdf">PR.AC-3</reference>
          <reference href="https://nvlpubs.nist.gov/nistpubs/CSWP/NIST.CSWP.04162018.pdf">PR.PT-1</reference>
          <reference href="https://nvlpubs.nist.gov/nistpubs/CSWP/NIST.CSWP.04162018.pdf">PR.PT-4</reference>
          <reference href="https://nvlpubs.nist.gov/nistpubs/CSWP/NIST.CSWP.04162018.pdf">RS.AN-1</reference>
          <reference href="https://nvlpubs.nist.gov/nistpubs/CSWP/NIST.CSWP.04162018.pdf">RS.AN-4</reference>
          <reference href="https://www.pcisecuritystandards.org/documents/PCI_DSS_v3-2-1.pdf">Req-10.2.3</reference>
          <reference href="https://www.cyber.mil/stigs/downloads/?_dl_facet_stigs=operating-systems%2Cgeneral-purpose-os">SRG-OS-000037-GPOS-00015</reference>
          <reference href="https://www.cyber.mil/stigs/downloads/?_dl_facet_stigs=operating-systems%2Cgeneral-purpose-os">SRG-OS-000042-GPOS-00020</reference>
          <reference href="https://www.cyber.mil/stigs/downloads/?_dl_facet_stigs=operating-systems%2Cgeneral-purpose-os">SRG-OS-000062-GPOS-00031</reference>
          <reference href="https://www.cyber.mil/stigs/downloads/?_dl_facet_stigs=operating-systems%2Cgeneral-purpose-os">SRG-OS-000392-GPOS-00172</reference>
          <reference href="https://www.cyber.mil/stigs/downloads/?_dl_facet_stigs=operating-systems%2Cgeneral-purpose-os">SRG-OS-000462-GPOS-00206</reference>
          <reference href="https://www.cyber.mil/stigs/downloads/?_dl_facet_stigs=operating-systems%2Cgeneral-purpose-os">SRG-OS-000471-GPOS-00215</reference>
          <reference href="https://www.cyber.mil/stigs/downloads/?_dl_facet_stigs=operating-systems%2Cgeneral-purpose-os">SRG-OS-000473-GPOS-00218</reference>
          <reference href="https://www.cyber.mil/stigs/downloads/?_dl_facet_stigs=operating-systems%2Cgeneral-purpose-os">SRG-OS-000470-GPOS-00214</reference>
          <reference href="https://www.cyber.mil/stigs/downloads/?_dl_facet_stigs=app-security">SRG-APP-000495-CTR-001235</reference>
          <reference href="https://www.cyber.mil/stigs/downloads/?_dl_facet_stigs=app-security">SRG-APP-000503-CTR-001275</reference>
          <reference href="https://www.cyber.mil/stigs/downloads/?_dl_facet_stigs=app-security">SRG-APP-000506-CTR-001290</reference>
          <reference href="https://www.cyber.mil/stigs/downloads/?_dl_facet_stigs=operating-systems%2Cunix-linux">SLES-15-030480</reference>
          <reference href="https://www.cisecurity.org/benchmark/suse_linux/">4.1.7</reference>
          <reference href="https://cyber.gouv.fr/sites/default/files/document/linux_configuration-en-v2.pdf">R73</reference>
          <reference href="not_publicly_available">SLES-15-750450300</reference>
          <reference href="https://www.cyber.gov.au/acsc/view-all-content/ism">0582</reference>
          <reference href="https://docs-prv.pcisecuritystandards.org/PCI%20DSS/Standard/PCI-DSS-v4_0.pdf">10.2.1.3</reference>
          <reference href="https://docs-prv.pcisecuritystandards.org/PCI%20DSS/Standard/PCI-DSS-v4_0.pdf">10.2.1</reference>
          <reference href="https://docs-prv.pcisecuritystandards.org/PCI%20DSS/Standard/PCI-DSS-v4_0.pdf">10.2</reference>
          <reference href="https://www.cyber.mil/stigs/srg-stig-tools/">SV-234947r958412_rule</reference>
          <rationale xmlns:xhtml="http://www.w3.org/1999/xhtml" xml:lang="en-US">Manual editing of these files may indicate nefarious activity, such
as an attacker attempting to remove evidence of an intrusion.</rationale>
          <ident system="https://ncp.nist.gov/cce">CCE-85598-1</ident>
          <fix xmlns:xhtml="http://www.w3.org/1999/xhtml" id="audit_rules_login_events_lastlog" system="urn:xccdf:fix:script:sh"># Remediation is applicable only in certain platforms
if rpm --quiet -q audit &amp;&amp; rpm --quiet -q kernel-default || rpm --quiet -q kernel-default-base; then

# Perform the remediation for both possible tools: 'auditctl' and 'augenrules'






# Create a list of audit *.rules files that should be inspected for presence and correctness
# of a particular audit rule. The scheme is as follows:
#
# -----------------------------------------------------------------------------------------
# Tool used to load audit rules	| Rule already defined	|  Audit rules file to inspect	  |
# -----------------------------------------------------------------------------------------
#	auditctl		|     Doesn't matter	|  /etc/audit/audit.rules	  |
# -----------------------------------------------------------------------------------------
# 	augenrules		|          Yes		|  /etc/audit/rules.d/*.rules	  |
# 	augenrules		|          No		|  /etc/audit/rules.d/$key.rules  |
# -----------------------------------------------------------------------------------------
files_to_inspect=()


# If the audit tool is 'auditctl', then add '/etc/audit/audit.rules'
# into the list of files to be inspected
files_to_inspect+=('/etc/audit/audit.rules')

# Finally perform the inspection and possible subsequent audit rule
# correction for each of the files previously identified for inspection
for audit_rules_file in "${files_to_inspect[@]}"
do
    # Check if audit watch file system object rule for given path already present

    if grep -q -P -- "^[\s]*-w[\s]+/var/log/lastlog" "$audit_rules_file"

    then
        # Rule is found =&gt; verify yet if existing rule definition contains
        # all of the required access type bits

        # Define BRE whitespace class shortcut
        sp="[[:space:]]"
        # Extract current permission access types (e.g. -p [r|w|x|a] values) from audit rule

        current_access_bits=$(sed -ne "s#$sp*-w$sp\+/var/log/lastlog $sp\+-p$sp\+\([rxwa]\{1,4\}\).*#\1#p" "$audit_rules_file")

        # Split required access bits string into characters array
        # (to check bit's presence for one bit at a time)
        for access_bit in $(echo "wa" | grep -o .)
        do
            # For each from the required access bits (e.g. 'w', 'a') check
            # if they are already present in current access bits for rule.
            # If not, append that bit at the end
            if ! grep -q "$access_bit" &lt;&lt;&lt; "$current_access_bits"
            then
                # Concatenate the existing mask with the missing bit
                current_access_bits="$current_access_bits$access_bit"
            fi
        done
        # Propagate the updated rule's access bits (original + the required
        # ones) back into the /etc/audit/audit.rules file for that rule

        sed -i "s#\($sp*-w$sp\+/var/log/lastlog$sp\+-p$sp\+\)\([rxwa]\{1,4\}\)\(.*\)#\1$current_access_bits\3#" "$audit_rules_file"

    else
        # Rule isn't present yet. Append it at the end of $audit_rules_file file
        # with proper key


        echo "-w /var/log/lastlog -p wa -k logins" &gt;&gt; "$audit_rules_file"

    fi
done
# Create a list of audit *.rules files that should be inspected for presence and correctness
# of a particular audit rule. The scheme is as follows:
#
# -----------------------------------------------------------------------------------------
# Tool used to load audit rules	| Rule already defined	|  Audit rules file to inspect	  |
# -----------------------------------------------------------------------------------------
#	auditctl		|     Doesn't matter	|  /etc/audit/audit.rules	  |
# -----------------------------------------------------------------------------------------
# 	augenrules		|          Yes		|  /etc/audit/rules.d/*.rules	  |
# 	augenrules		|          No		|  /etc/audit/rules.d/$key.rules  |
# -----------------------------------------------------------------------------------------
files_to_inspect=()

# If the audit is 'augenrules', then check if rule is already defined
# If rule is defined, add '/etc/audit/rules.d/*.rules' to list of files for inspection.
# If rule isn't defined, add '/etc/audit/rules.d/logins.rules' to list of files for inspection.

readarray -t matches &lt; &lt;(grep -HP "[\s]*-w[\s]+/var/log/lastlog" /etc/audit/rules.d/*.rules)


# For each of the matched entries
for match in "${matches[@]}"
do
    # Extract filepath from the match
    rulesd_audit_file=$(echo $match | cut -f1 -d ':')
    # Append that path into list of files for inspection
    files_to_inspect+=("$rulesd_audit_file")
done
# Case when particular audit rule isn't defined yet
if [ "${#files_to_inspect[@]}" -eq "0" ]
then
    # Append '/etc/audit/rules.d/logins.rules' into list of files for inspection
    key_rule_file="/etc/audit/rules.d/logins.rules"
    # If the logins.rules file doesn't exist yet, create it with correct permissions
    if [ ! -e "$key_rule_file" ]
    then
        touch "$key_rule_file"
        chmod 0600 "$key_rule_file"
    fi
    files_to_inspect+=("$key_rule_file")
fi

# Finally perform the inspection and possible subsequent audit rule
# correction for each of the files previously identified for inspection
for audit_rules_file in "${files_to_inspect[@]}"
do
    # Check if audit watch file system object rule for given path already present

    if grep -q -P -- "^[\s]*-w[\s]+/var/log/lastlog" "$audit_rules_file"

    then
        # Rule is found =&gt; verify yet if existing rule definition contains
        # all of the required access type bits

        # Define BRE whitespace class shortcut
        sp="[[:space:]]"
        # Extract current permission access types (e.g. -p [r|w|x|a] values) from audit rule

        current_access_bits=$(sed -ne "s#$sp*-w$sp\+/var/log/lastlog $sp\+-p$sp\+\([rxwa]\{1,4\}\).*#\1#p" "$audit_rules_file")

        # Split required access bits string into characters array
        # (to check bit's presence for one bit at a time)
        for access_bit in $(echo "wa" | grep -o .)
        do
            # For each from the required access bits (e.g. 'w', 'a') check
            # if they are already present in current access bits for rule.
            # If not, append that bit at the end
            if ! grep -q "$access_bit" &lt;&lt;&lt; "$current_access_bits"
            then
                # Concatenate the existing mask with the missing bit
                current_access_bits="$current_access_bits$access_bit"
            fi
        done
        # Propagate the updated rule's access bits (original + the required
        # ones) back into the /etc/audit/audit.rules file for that rule

        sed -i "s#\($sp*-w$sp\+/var/log/lastlog$sp\+-p$sp\+\)\([rxwa]\{1,4\}\)\(.*\)#\1$current_access_bits\3#" "$audit_rules_file"

    else
        # Rule isn't present yet. Append it at the end of $audit_rules_file file
        # with proper key


        echo "-w /var/log/lastlog -p wa -k logins" &gt;&gt; "$audit_rules_file"

    fi
done

else
    &gt;&amp;2 echo 'Remediation is not applicable, nothing was done'
fi
</fix>
          <fix xmlns:xhtml="http://www.w3.org/1999/xhtml" id="audit_rules_login_events_lastlog" system="urn:xccdf:fix:script:ansible" complexity="low" disruption="low" strategy="restrict">- name: Gather the package facts
  package_facts:
    manager: auto
  tags:
  - CCE-85598-1
  - DISA-STIG-SLES-15-030480
  - NIST-800-171-3.1.7
  - NIST-800-53-AC-6(9)
  - NIST-800-53-AU-12(c)
  - NIST-800-53-AU-2(d)
  - NIST-800-53-CM-6(a)
  - PCI-DSS-Req-10.2.3
  - PCI-DSSv4-10.2
  - PCI-DSSv4-10.2.1
  - PCI-DSSv4-10.2.1.3
  - audit_rules_login_events_lastlog
  - low_complexity
  - low_disruption
  - medium_severity
  - no_reboot_needed
  - restrict_strategy

- name: Record Attempts to Alter Logon and Logout Events - lastlog - Check if watch
    rule for /var/log/lastlog already exists in /etc/audit/rules.d/
  ansible.builtin.find:
    paths: /etc/audit/rules.d
    contains: ^\s*-w\s+/var/log/lastlog\s+-p\s+wa(\s|$)+
    patterns: '*.rules'
  register: find_existing_watch_rules_d
  when:
  - '"audit" in ansible_facts.packages'
  - ("kernel-default" in ansible_facts.packages or "kernel-default-base" in ansible_facts.packages)
  tags:
  - CCE-85598-1
  - DISA-STIG-SLES-15-030480
  - NIST-800-171-3.1.7
  - NIST-800-53-AC-6(9)
  - NIST-800-53-AU-12(c)
  - NIST-800-53-AU-2(d)
  - NIST-800-53-CM-6(a)
  - PCI-DSS-Req-10.2.3
  - PCI-DSSv4-10.2
  - PCI-DSSv4-10.2.1
  - PCI-DSSv4-10.2.1.3
  - audit_rules_login_events_lastlog
  - low_complexity
  - low_disruption
  - medium_severity
  - no_reboot_needed
  - restrict_strategy

- name: Record Attempts to Alter Logon and Logout Events - lastlog - Search /etc/audit/rules.d
    for other rules with specified key logins
  ansible.builtin.find:
    paths: /etc/audit/rules.d
    contains: ^.*(?:-F key=|-k\s+)logins$
    patterns: '*.rules'
  register: find_watch_key
  when:
  - '"audit" in ansible_facts.packages'
  - ("kernel-default" in ansible_facts.packages or "kernel-default-base" in ansible_facts.packages)
  - find_existing_watch_rules_d.matched is defined and find_existing_watch_rules_d.matched
    == 0
  tags:
  - CCE-85598-1
  - DISA-STIG-SLES-15-030480
  - NIST-800-171-3.1.7
  - NIST-800-53-AC-6(9)
  - NIST-800-53-AU-12(c)
  - NIST-800-53-AU-2(d)
  - NIST-800-53-CM-6(a)
  - PCI-DSS-Req-10.2.3
  - PCI-DSSv4-10.2
  - PCI-DSSv4-10.2.1
  - PCI-DSSv4-10.2.1.3
  - audit_rules_login_events_lastlog
  - low_complexity
  - low_disruption
  - medium_severity
  - no_reboot_needed
  - restrict_strategy

- name: Record Attempts to Alter Logon and Logout Events - lastlog - Use /etc/audit/rules.d/logins.rules
    as the recipient for the rule
  ansible.builtin.set_fact:
    all_files:
    - /etc/audit/rules.d/logins.rules
  when:
  - '"audit" in ansible_facts.packages'
  - ("kernel-default" in ansible_facts.packages or "kernel-default-base" in ansible_facts.packages)
  - find_watch_key.matched is defined and find_watch_key.matched == 0 and find_existing_watch_rules_d.matched
    is defined and find_existing_watch_rules_d.matched == 0
  tags:
  - CCE-85598-1
  - DISA-STIG-SLES-15-030480
  - NIST-800-171-3.1.7
  - NIST-800-53-AC-6(9)
  - NIST-800-53-AU-12(c)
  - NIST-800-53-AU-2(d)
  - NIST-800-53-CM-6(a)
  - PCI-DSS-Req-10.2.3
  - PCI-DSSv4-10.2
  - PCI-DSSv4-10.2.1
  - PCI-DSSv4-10.2.1.3
  - audit_rules_login_events_lastlog
  - low_complexity
  - low_disruption
  - medium_severity
  - no_reboot_needed
  - restrict_strategy

- name: Record Attempts to Alter Logon and Logout Events - lastlog - Use matched file
    as the recipient for the rule
  ansible.builtin.set_fact:
    all_files:
    - '{{ find_watch_key.files | map(attribute=''path'') | list | first }}'
  when:
  - '"audit" in ansible_facts.packages'
  - ("kernel-default" in ansible_facts.packages or "kernel-default-base" in ansible_facts.packages)
  - find_watch_key.matched is defined and find_watch_key.matched &gt; 0 and find_existing_watch_rules_d.matched
    is defined and find_existing_watch_rules_d.matched == 0
  tags:
  - CCE-85598-1
  - DISA-STIG-SLES-15-030480
  - NIST-800-171-3.1.7
  - NIST-800-53-AC-6(9)
  - NIST-800-53-AU-12(c)
  - NIST-800-53-AU-2(d)
  - NIST-800-53-CM-6(a)
  - PCI-DSS-Req-10.2.3
  - PCI-DSSv4-10.2
  - PCI-DSSv4-10.2.1
  - PCI-DSSv4-10.2.1.3
  - audit_rules_login_events_lastlog
  - low_complexity
  - low_disruption
  - medium_severity
  - no_reboot_needed
  - restrict_strategy

- name: Record Attempts to Alter Logon and Logout Events - lastlog - Add watch rule
    for /var/log/lastlog in /etc/audit/rules.d/
  ansible.builtin.lineinfile:
    path: '{{ all_files[0] }}'
    line: -w /var/log/lastlog -p wa -k logins
    create: true
    mode: '0600'
  when:
  - '"audit" in ansible_facts.packages'
  - ("kernel-default" in ansible_facts.packages or "kernel-default-base" in ansible_facts.packages)
  - find_existing_watch_rules_d.matched is defined and find_existing_watch_rules_d.matched
    == 0
  tags:
  - CCE-85598-1
  - DISA-STIG-SLES-15-030480
  - NIST-800-171-3.1.7
  - NIST-800-53-AC-6(9)
  - NIST-800-53-AU-12(c)
  - NIST-800-53-AU-2(d)
  - NIST-800-53-CM-6(a)
  - PCI-DSS-Req-10.2.3
  - PCI-DSSv4-10.2
  - PCI-DSSv4-10.2.1
  - PCI-DSSv4-10.2.1.3
  - audit_rules_login_events_lastlog
  - low_complexity
  - low_disruption
  - medium_severity
  - no_reboot_needed
  - restrict_strategy

- name: Record Attempts to Alter Logon and Logout Events - lastlog - Check if watch
    rule for /var/log/lastlog already exists in /etc/audit/audit.rules
  ansible.builtin.find:
    paths: /etc/audit/
    contains: ^\s*-w\s+/var/log/lastlog\s+-p\s+wa(\s|$)+
    patterns: audit.rules
  register: find_existing_watch_audit_rules
  when:
  - '"audit" in ansible_facts.packages'
  - ("kernel-default" in ansible_facts.packages or "kernel-default-base" in ansible_facts.packages)
  tags:
  - CCE-85598-1
  - DISA-STIG-SLES-15-030480
  - NIST-800-171-3.1.7
  - NIST-800-53-AC-6(9)
  - NIST-800-53-AU-12(c)
  - NIST-800-53-AU-2(d)
  - NIST-800-53-CM-6(a)
  - PCI-DSS-Req-10.2.3
  - PCI-DSSv4-10.2
  - PCI-DSSv4-10.2.1
  - PCI-DSSv4-10.2.1.3
  - audit_rules_login_events_lastlog
  - low_complexity
  - low_disruption
  - medium_severity
  - no_reboot_needed
  - restrict_strategy

- name: Record Attempts to Alter Logon and Logout Events - lastlog - Add watch rule
    for /var/log/lastlog in /etc/audit/audit.rules
  ansible.builtin.lineinfile:
    line: -w /var/log/lastlog -p wa -k logins
    state: present
    dest: /etc/audit/audit.rules
    create: true
    mode: '0600'
  when:
  - '"audit" in ansible_facts.packages'
  - ("kernel-default" in ansible_facts.packages or "kernel-default-base" in ansible_facts.packages)
  - find_existing_watch_audit_rules.matched is defined and find_existing_watch_audit_rules.matched
    == 0
  tags:
  - CCE-85598-1
  - DISA-STIG-SLES-15-030480
  - NIST-800-171-3.1.7
  - NIST-800-53-AC-6(9)
  - NIST-800-53-AU-12(c)
  - NIST-800-53-AU-2(d)
  - NIST-800-53-CM-6(a)
  - PCI-DSS-Req-10.2.3
  - PCI-DSSv4-10.2
  - PCI-DSSv4-10.2.1
  - PCI-DSSv4-10.2.1.3
  - audit_rules_login_events_lastlog
  - low_complexity
  - low_disruption
  - medium_severity
  - no_reboot_needed
  - restrict_strategy
</fix>
          <check system="http://oval.mitre.org/XMLSchema/oval-definitions-5">
            <check-content-ref name="oval:ssg-audit_rules_login_events_lastlog:def:1" href="ssg-sle15-oval.xml"/>
          </check>
          <check system="http://scap.nist.gov/schema/ocil/2">
            <check-content-ref name="ocil:ssg-audit_rules_login_events_lastlog_ocil:questionnaire:1" href="ssg-sle15-ocil.xml"/>
          </check>
        </Rule>
        <Rule id="xccdf_org.ssgproject.content_rule_audit_rules_login_events_tallylog" selected="false" role="full" severity="medium">
          <title xmlns:xhtml="http://www.w3.org/1999/xhtml" xml:lang="en-US">Record Attempts to Alter Logon and Logout Events - tallylog</title>
          <description xmlns:xhtml="http://www.w3.org/1999/xhtml" xml:lang="en-US">The audit system already collects login information for all users
and root.




If the <html:code xmlns:html="http://www.w3.org/1999/xhtml">auditd</html:code> daemon is configured to use the <html:code xmlns:html="http://www.w3.org/1999/xhtml">augenrules</html:code>
program to read audit rules during daemon startup (the default), add the
following lines to a file with suffix <html:code xmlns:html="http://www.w3.org/1999/xhtml">.rules</html:code> in the
directory <html:code xmlns:html="http://www.w3.org/1999/xhtml">/etc/audit/rules.d</html:code>:

<html:pre xmlns:html="http://www.w3.org/1999/xhtml">-w /var/log/tallylog -p wa -k logins</html:pre>

If the <html:code xmlns:html="http://www.w3.org/1999/xhtml">auditd</html:code> daemon is configured to use the <html:code xmlns:html="http://www.w3.org/1999/xhtml">auditctl</html:code>
utility to read audit rules during daemon startup, add the following lines to
<html:code xmlns:html="http://www.w3.org/1999/xhtml">/etc/audit/audit.rules</html:code>:

<html:pre xmlns:html="http://www.w3.org/1999/xhtml">-w /var/log/tallylog -p wa -k logins</html:pre>
       </description>
          <reference href="https://www.cisecurity.org/controls/">1</reference>
          <reference href="https://www.cisecurity.org/controls/">11</reference>
          <reference href="https://www.cisecurity.org/controls/">12</reference>
          <reference href="https://www.cisecurity.org/controls/">13</reference>
          <reference href="https://www.cisecurity.org/controls/">14</reference>
          <reference href="https://www.cisecurity.org/controls/">15</reference>
          <reference href="https://www.cisecurity.org/controls/">16</reference>
          <reference href="https://www.cisecurity.org/controls/">19</reference>
          <reference href="https://www.cisecurity.org/controls/">2</reference>
          <reference href="https://www.cisecurity.org/controls/">3</reference>
          <reference href="https://www.cisecurity.org/controls/">4</reference>
          <reference href="https://www.cisecurity.org/controls/">5</reference>
          <reference href="https://www.cisecurity.org/controls/">6</reference>
          <reference href="https://www.cisecurity.org/controls/">7</reference>
          <reference href="https://www.cisecurity.org/controls/">8</reference>
          <reference href="https://www.cisecurity.org/controls/">9</reference>
          <reference href="https://www.isaca.org/resources/cobit">APO10.01</reference>
          <reference href="https://www.isaca.org/resources/cobit">APO10.03</reference>
          <reference href="https://www.isaca.org/resources/cobit">APO10.04</reference>
          <reference href="https://www.isaca.org/resources/cobit">APO10.05</reference>
          <reference href="https://www.isaca.org/resources/cobit">APO11.04</reference>
          <reference href="https://www.isaca.org/resources/cobit">APO12.06</reference>
          <reference href="https://www.isaca.org/resources/cobit">APO13.01</reference>
          <reference href="https://www.isaca.org/resources/cobit">BAI03.05</reference>
          <reference href="https://www.isaca.org/resources/cobit">BAI08.02</reference>
          <reference href="https://www.isaca.org/resources/cobit">DSS01.03</reference>
          <reference href="https://www.isaca.org/resources/cobit">DSS01.04</reference>
          <reference href="https://www.isaca.org/resources/cobit">DSS02.02</reference>
          <reference href="https://www.isaca.org/resources/cobit">DSS02.04</reference>
          <reference href="https://www.isaca.org/resources/cobit">DSS02.07</reference>
          <reference href="https://www.isaca.org/resources/cobit">DSS03.01</reference>
          <reference href="https://www.isaca.org/resources/cobit">DSS03.05</reference>
          <reference href="https://www.isaca.org/resources/cobit">DSS05.02</reference>
          <reference href="https://www.isaca.org/resources/cobit">DSS05.03</reference>
          <reference href="https://www.isaca.org/resources/cobit">DSS05.04</reference>
          <reference href="https://www.isaca.org/resources/cobit">DSS05.05</reference>
          <reference href="https://www.isaca.org/resources/cobit">DSS05.07</reference>
          <reference href="https://www.isaca.org/resources/cobit">MEA01.01</reference>
          <reference href="https://www.isaca.org/resources/cobit">MEA01.02</reference>
          <reference href="https://www.isaca.org/resources/cobit">MEA01.03</reference>
          <reference href="https://www.isaca.org/resources/cobit">MEA01.04</reference>
          <reference href="https://www.isaca.org/resources/cobit">MEA01.05</reference>
          <reference href="https://www.isaca.org/resources/cobit">MEA02.01</reference>
          <reference href="http://nvlpubs.nist.gov/nistpubs/SpecialPublications/NIST.SP.800-171.pdf">3.1.7</reference>
          <reference href="https://www.gpo.gov/fdsys/pkg/CFR-2007-title45-vol1/pdf/CFR-2007-title45-vol1-chapA-subchapC.pdf">164.308(a)(1)(ii)(D)</reference>
          <reference href="https://www.gpo.gov/fdsys/pkg/CFR-2007-title45-vol1/pdf/CFR-2007-title45-vol1-chapA-subchapC.pdf">164.308(a)(3)(ii)(A)</reference>
          <reference href="https://www.gpo.gov/fdsys/pkg/CFR-2007-title45-vol1/pdf/CFR-2007-title45-vol1-chapA-subchapC.pdf">164.308(a)(5)(ii)(C)</reference>
          <reference href="https://www.gpo.gov/fdsys/pkg/CFR-2007-title45-vol1/pdf/CFR-2007-title45-vol1-chapA-subchapC.pdf">164.312(a)(2)(i)</reference>
          <reference href="https://www.gpo.gov/fdsys/pkg/CFR-2007-title45-vol1/pdf/CFR-2007-title45-vol1-chapA-subchapC.pdf">164.312(b)</reference>
          <reference href="https://www.gpo.gov/fdsys/pkg/CFR-2007-title45-vol1/pdf/CFR-2007-title45-vol1-chapA-subchapC.pdf">164.312(d)</reference>
          <reference href="https://www.gpo.gov/fdsys/pkg/CFR-2007-title45-vol1/pdf/CFR-2007-title45-vol1-chapA-subchapC.pdf">164.312(e)</reference>
          <reference href="https://www.isa.org/products/isa-62443-2-1-2009-security-for-industrial-automat">4.2.3.10</reference>
          <reference href="https://www.isa.org/products/isa-62443-2-1-2009-security-for-industrial-automat">4.3.2.6.7</reference>
          <reference href="https://www.isa.org/products/isa-62443-2-1-2009-security-for-industrial-automat">4.3.3.3.9</reference>
          <reference href="https://www.isa.org/products/isa-62443-2-1-2009-security-for-industrial-automat">4.3.3.5.8</reference>
          <reference href="https://www.isa.org/products/isa-62443-2-1-2009-security-for-industrial-automat">4.3.3.6.6</reference>
          <reference href="https://www.isa.org/products/isa-62443-2-1-2009-security-for-industrial-automat">4.3.4.4.7</reference>
          <reference href="https://www.isa.org/products/isa-62443-2-1-2009-security-for-industrial-automat">4.3.4.5.6</reference>
          <reference href="https://www.isa.org/products/isa-62443-2-1-2009-security-for-industrial-automat">4.3.4.5.7</reference>
          <reference href="https://www.isa.org/products/isa-62443-2-1-2009-security-for-industrial-automat">4.3.4.5.8</reference>
          <reference href="https://www.isa.org/products/isa-62443-2-1-2009-security-for-industrial-automat">4.4.2.1</reference>
          <reference href="https://www.isa.org/products/isa-62443-2-1-2009-security-for-industrial-automat">4.4.2.2</reference>
          <reference href="https://www.isa.org/products/isa-62443-2-1-2009-security-for-industrial-automat">4.4.2.4</reference>
          <reference href="https://www.isa.org/products/ansi-isa-62443-3-3-99-03-03-2013-security-for-indu">SR 1.13</reference>
          <reference href="https://www.isa.org/products/ansi-isa-62443-3-3-99-03-03-2013-security-for-indu">SR 2.10</reference>
          <reference href="https://www.isa.org/products/ansi-isa-62443-3-3-99-03-03-2013-security-for-indu">SR 2.11</reference>
          <reference href="https://www.isa.org/products/ansi-isa-62443-3-3-99-03-03-2013-security-for-indu">SR 2.12</reference>
          <reference href="https://www.isa.org/products/ansi-isa-62443-3-3-99-03-03-2013-security-for-indu">SR 2.6</reference>
          <reference href="https://www.isa.org/products/ansi-isa-62443-3-3-99-03-03-2013-security-for-indu">SR 2.8</reference>
          <reference href="https://www.isa.org/products/ansi-isa-62443-3-3-99-03-03-2013-security-for-indu">SR 2.9</reference>
          <reference href="https://www.isa.org/products/ansi-isa-62443-3-3-99-03-03-2013-security-for-indu">SR 3.1</reference>
          <reference href="https://www.isa.org/products/ansi-isa-62443-3-3-99-03-03-2013-security-for-indu">SR 3.5</reference>
          <reference href="https://www.isa.org/products/ansi-isa-62443-3-3-99-03-03-2013-security-for-indu">SR 3.8</reference>
          <reference href="https://www.isa.org/products/ansi-isa-62443-3-3-99-03-03-2013-security-for-indu">SR 4.1</reference>
          <reference href="https://www.isa.org/products/ansi-isa-62443-3-3-99-03-03-2013-security-for-indu">SR 4.3</reference>
          <reference href="https://www.isa.org/products/ansi-isa-62443-3-3-99-03-03-2013-security-for-indu">SR 5.1</reference>
          <reference href="https://www.isa.org/products/ansi-isa-62443-3-3-99-03-03-2013-security-for-indu">SR 5.2</reference>
          <reference href="https://www.isa.org/products/ansi-isa-62443-3-3-99-03-03-2013-security-for-indu">SR 5.3</reference>
          <reference href="https://www.isa.org/products/ansi-isa-62443-3-3-99-03-03-2013-security-for-indu">SR 6.1</reference>
          <reference href="https://www.isa.org/products/ansi-isa-62443-3-3-99-03-03-2013-security-for-indu">SR 6.2</reference>
          <reference href="https://www.isa.org/products/ansi-isa-62443-3-3-99-03-03-2013-security-for-indu">SR 7.1</reference>
          <reference href="https://www.isa.org/products/ansi-isa-62443-3-3-99-03-03-2013-security-for-indu">SR 7.6</reference>
          <reference href="https://www.iso.org/contents/data/standard/05/45/54534.html">A.11.2.6</reference>
          <reference href="https://www.iso.org/contents/data/standard/05/45/54534.html">A.12.4.1</reference>
          <reference href="https://www.iso.org/contents/data/standard/05/45/54534.html">A.12.4.2</reference>
          <reference href="https://www.iso.org/contents/data/standard/05/45/54534.html">A.12.4.3</reference>
          <reference href="https://www.iso.org/contents/data/standard/05/45/54534.html">A.12.4.4</reference>
          <reference href="https://www.iso.org/contents/data/standard/05/45/54534.html">A.12.7.1</reference>
          <reference href="https://www.iso.org/contents/data/standard/05/45/54534.html">A.13.1.1</reference>
          <reference href="https://www.iso.org/contents/data/standard/05/45/54534.html">A.13.2.1</reference>
          <reference href="https://www.iso.org/contents/data/standard/05/45/54534.html">A.14.1.3</reference>
          <reference href="https://www.iso.org/contents/data/standard/05/45/54534.html">A.14.2.7</reference>
          <reference href="https://www.iso.org/contents/data/standard/05/45/54534.html">A.15.2.1</reference>
          <reference href="https://www.iso.org/contents/data/standard/05/45/54534.html">A.15.2.2</reference>
          <reference href="https://www.iso.org/contents/data/standard/05/45/54534.html">A.16.1.4</reference>
          <reference href="https://www.iso.org/contents/data/standard/05/45/54534.html">A.16.1.5</reference>
          <reference href="https://www.iso.org/contents/data/standard/05/45/54534.html">A.16.1.7</reference>
          <reference href="https://www.iso.org/contents/data/standard/05/45/54534.html">A.6.2.1</reference>
          <reference href="https://www.iso.org/contents/data/standard/05/45/54534.html">A.6.2.2</reference>
          <reference href="http://nvlpubs.nist.gov/nistpubs/SpecialPublications/NIST.SP.800-53r4.pdf">AU-2(d)</reference>
          <reference href="http://nvlpubs.nist.gov/nistpubs/SpecialPublications/NIST.SP.800-53r4.pdf">AU-12(c)</reference>
          <reference href="http://nvlpubs.nist.gov/nistpubs/SpecialPublications/NIST.SP.800-53r4.pdf">AC-6(9)</reference>
          <reference href="http://nvlpubs.nist.gov/nistpubs/SpecialPublications/NIST.SP.800-53r4.pdf">CM-6(a)</reference>
          <reference href="https://nvlpubs.nist.gov/nistpubs/CSWP/NIST.CSWP.04162018.pdf">DE.AE-3</reference>
          <reference href="https://nvlpubs.nist.gov/nistpubs/CSWP/NIST.CSWP.04162018.pdf">DE.AE-5</reference>
          <reference href="https://nvlpubs.nist.gov/nistpubs/CSWP/NIST.CSWP.04162018.pdf">DE.CM-1</reference>
          <reference href="https://nvlpubs.nist.gov/nistpubs/CSWP/NIST.CSWP.04162018.pdf">DE.CM-3</reference>
          <reference href="https://nvlpubs.nist.gov/nistpubs/CSWP/NIST.CSWP.04162018.pdf">DE.CM-7</reference>
          <reference href="https://nvlpubs.nist.gov/nistpubs/CSWP/NIST.CSWP.04162018.pdf">ID.SC-4</reference>
          <reference href="https://nvlpubs.nist.gov/nistpubs/CSWP/NIST.CSWP.04162018.pdf">PR.AC-3</reference>
          <reference href="https://nvlpubs.nist.gov/nistpubs/CSWP/NIST.CSWP.04162018.pdf">PR.PT-1</reference>
          <reference href="https://nvlpubs.nist.gov/nistpubs/CSWP/NIST.CSWP.04162018.pdf">PR.PT-4</reference>
          <reference href="https://nvlpubs.nist.gov/nistpubs/CSWP/NIST.CSWP.04162018.pdf">RS.AN-1</reference>
          <reference href="https://nvlpubs.nist.gov/nistpubs/CSWP/NIST.CSWP.04162018.pdf">RS.AN-4</reference>
          <reference href="https://www.pcisecuritystandards.org/documents/PCI_DSS_v3-2-1.pdf">Req-10.2.3</reference>
          <reference href="https://www.cyber.mil/stigs/downloads/?_dl_facet_stigs=operating-systems%2Cgeneral-purpose-os">SRG-OS-000392-GPOS-00172</reference>
          <reference href="https://www.cyber.mil/stigs/downloads/?_dl_facet_stigs=operating-systems%2Cgeneral-purpose-os">SRG-OS-000470-GPOS-00214</reference>
          <reference href="https://www.cyber.mil/stigs/downloads/?_dl_facet_stigs=operating-systems%2Cgeneral-purpose-os">SRG-OS-000473-GPOS-00218</reference>
          <reference href="https://www.cyber.mil/stigs/downloads/?_dl_facet_stigs=app-security">SRG-APP-000503-CTR-001275</reference>
          <reference href="https://www.cyber.mil/stigs/downloads/?_dl_facet_stigs=operating-systems%2Cunix-linux">SLES-15-030470</reference>
          <reference href="https://www.cisecurity.org/benchmark/suse_linux/">4.1.7</reference>
          <reference href="not_publicly_available">SLES-15-750450300</reference>
          <reference href="https://www.cyber.gov.au/acsc/view-all-content/ism">0582</reference>
          <reference href="https://docs-prv.pcisecuritystandards.org/PCI%20DSS/Standard/PCI-DSS-v4_0.pdf">10.2.1.3</reference>
          <reference href="https://docs-prv.pcisecuritystandards.org/PCI%20DSS/Standard/PCI-DSS-v4_0.pdf">10.2.1</reference>
          <reference href="https://docs-prv.pcisecuritystandards.org/PCI%20DSS/Standard/PCI-DSS-v4_0.pdf">10.2</reference>
          <reference href="https://www.cyber.mil/stigs/srg-stig-tools/">SV-234946r958412_rule</reference>
          <rationale xmlns:xhtml="http://www.w3.org/1999/xhtml" xml:lang="en-US">Manual editing of these files may indicate nefarious activity, such
as an attacker attempting to remove evidence of an intrusion.</rationale>
          <ident system="https://ncp.nist.gov/cce">CCE-85597-3</ident>
          <fix xmlns:xhtml="http://www.w3.org/1999/xhtml" id="audit_rules_login_events_tallylog" system="urn:xccdf:fix:script:sh"># Remediation is applicable only in certain platforms
if rpm --quiet -q audit &amp;&amp; rpm --quiet -q kernel-default || rpm --quiet -q kernel-default-base; then

# Perform the remediation for both possible tools: 'auditctl' and 'augenrules'






# Create a list of audit *.rules files that should be inspected for presence and correctness
# of a particular audit rule. The scheme is as follows:
#
# -----------------------------------------------------------------------------------------
# Tool used to load audit rules	| Rule already defined	|  Audit rules file to inspect	  |
# -----------------------------------------------------------------------------------------
#	auditctl		|     Doesn't matter	|  /etc/audit/audit.rules	  |
# -----------------------------------------------------------------------------------------
# 	augenrules		|          Yes		|  /etc/audit/rules.d/*.rules	  |
# 	augenrules		|          No		|  /etc/audit/rules.d/$key.rules  |
# -----------------------------------------------------------------------------------------
files_to_inspect=()


# If the audit tool is 'auditctl', then add '/etc/audit/audit.rules'
# into the list of files to be inspected
files_to_inspect+=('/etc/audit/audit.rules')

# Finally perform the inspection and possible subsequent audit rule
# correction for each of the files previously identified for inspection
for audit_rules_file in "${files_to_inspect[@]}"
do
    # Check if audit watch file system object rule for given path already present

    if grep -q -P -- "^[\s]*-w[\s]+/var/log/tallylog" "$audit_rules_file"

    then
        # Rule is found =&gt; verify yet if existing rule definition contains
        # all of the required access type bits

        # Define BRE whitespace class shortcut
        sp="[[:space:]]"
        # Extract current permission access types (e.g. -p [r|w|x|a] values) from audit rule

        current_access_bits=$(sed -ne "s#$sp*-w$sp\+/var/log/tallylog $sp\+-p$sp\+\([rxwa]\{1,4\}\).*#\1#p" "$audit_rules_file")

        # Split required access bits string into characters array
        # (to check bit's presence for one bit at a time)
        for access_bit in $(echo "wa" | grep -o .)
        do
            # For each from the required access bits (e.g. 'w', 'a') check
            # if they are already present in current access bits for rule.
            # If not, append that bit at the end
            if ! grep -q "$access_bit" &lt;&lt;&lt; "$current_access_bits"
            then
                # Concatenate the existing mask with the missing bit
                current_access_bits="$current_access_bits$access_bit"
            fi
        done
        # Propagate the updated rule's access bits (original + the required
        # ones) back into the /etc/audit/audit.rules file for that rule

        sed -i "s#\($sp*-w$sp\+/var/log/tallylog$sp\+-p$sp\+\)\([rxwa]\{1,4\}\)\(.*\)#\1$current_access_bits\3#" "$audit_rules_file"

    else
        # Rule isn't present yet. Append it at the end of $audit_rules_file file
        # with proper key


        echo "-w /var/log/tallylog -p wa -k logins" &gt;&gt; "$audit_rules_file"

    fi
done
# Create a list of audit *.rules files that should be inspected for presence and correctness
# of a particular audit rule. The scheme is as follows:
#
# -----------------------------------------------------------------------------------------
# Tool used to load audit rules	| Rule already defined	|  Audit rules file to inspect	  |
# -----------------------------------------------------------------------------------------
#	auditctl		|     Doesn't matter	|  /etc/audit/audit.rules	  |
# -----------------------------------------------------------------------------------------
# 	augenrules		|          Yes		|  /etc/audit/rules.d/*.rules	  |
# 	augenrules		|          No		|  /etc/audit/rules.d/$key.rules  |
# -----------------------------------------------------------------------------------------
files_to_inspect=()

# If the audit is 'augenrules', then check if rule is already defined
# If rule is defined, add '/etc/audit/rules.d/*.rules' to list of files for inspection.
# If rule isn't defined, add '/etc/audit/rules.d/logins.rules' to list of files for inspection.

readarray -t matches &lt; &lt;(grep -HP "[\s]*-w[\s]+/var/log/tallylog" /etc/audit/rules.d/*.rules)


# For each of the matched entries
for match in "${matches[@]}"
do
    # Extract filepath from the match
    rulesd_audit_file=$(echo $match | cut -f1 -d ':')
    # Append that path into list of files for inspection
    files_to_inspect+=("$rulesd_audit_file")
done
# Case when particular audit rule isn't defined yet
if [ "${#files_to_inspect[@]}" -eq "0" ]
then
    # Append '/etc/audit/rules.d/logins.rules' into list of files for inspection
    key_rule_file="/etc/audit/rules.d/logins.rules"
    # If the logins.rules file doesn't exist yet, create it with correct permissions
    if [ ! -e "$key_rule_file" ]
    then
        touch "$key_rule_file"
        chmod 0600 "$key_rule_file"
    fi
    files_to_inspect+=("$key_rule_file")
fi

# Finally perform the inspection and possible subsequent audit rule
# correction for each of the files previously identified for inspection
for audit_rules_file in "${files_to_inspect[@]}"
do
    # Check if audit watch file system object rule for given path already present

    if grep -q -P -- "^[\s]*-w[\s]+/var/log/tallylog" "$audit_rules_file"

    then
        # Rule is found =&gt; verify yet if existing rule definition contains
        # all of the required access type bits

        # Define BRE whitespace class shortcut
        sp="[[:space:]]"
        # Extract current permission access types (e.g. -p [r|w|x|a] values) from audit rule

        current_access_bits=$(sed -ne "s#$sp*-w$sp\+/var/log/tallylog $sp\+-p$sp\+\([rxwa]\{1,4\}\).*#\1#p" "$audit_rules_file")

        # Split required access bits string into characters array
        # (to check bit's presence for one bit at a time)
        for access_bit in $(echo "wa" | grep -o .)
        do
            # For each from the required access bits (e.g. 'w', 'a') check
            # if they are already present in current access bits for rule.
            # If not, append that bit at the end
            if ! grep -q "$access_bit" &lt;&lt;&lt; "$current_access_bits"
            then
                # Concatenate the existing mask with the missing bit
                current_access_bits="$current_access_bits$access_bit"
            fi
        done
        # Propagate the updated rule's access bits (original + the required
        # ones) back into the /etc/audit/audit.rules file for that rule

        sed -i "s#\($sp*-w$sp\+/var/log/tallylog$sp\+-p$sp\+\)\([rxwa]\{1,4\}\)\(.*\)#\1$current_access_bits\3#" "$audit_rules_file"

    else
        # Rule isn't present yet. Append it at the end of $audit_rules_file file
        # with proper key


        echo "-w /var/log/tallylog -p wa -k logins" &gt;&gt; "$audit_rules_file"

    fi
done

else
    &gt;&amp;2 echo 'Remediation is not applicable, nothing was done'
fi
</fix>
          <fix xmlns:xhtml="http://www.w3.org/1999/xhtml" id="audit_rules_login_events_tallylog" system="urn:xccdf:fix:script:ansible" complexity="low" disruption="low" strategy="restrict">- name: Gather the package facts
  package_facts:
    manager: auto
  tags:
  - CCE-85597-3
  - DISA-STIG-SLES-15-030470
  - NIST-800-171-3.1.7
  - NIST-800-53-AC-6(9)
  - NIST-800-53-AU-12(c)
  - NIST-800-53-AU-2(d)
  - NIST-800-53-CM-6(a)
  - PCI-DSS-Req-10.2.3
  - PCI-DSSv4-10.2
  - PCI-DSSv4-10.2.1
  - PCI-DSSv4-10.2.1.3
  - audit_rules_login_events_tallylog
  - low_complexity
  - low_disruption
  - medium_severity
  - no_reboot_needed
  - restrict_strategy

- name: Record Attempts to Alter Logon and Logout Events - tallylog - Check if watch
    rule for /var/log/tallylog already exists in /etc/audit/rules.d/
  ansible.builtin.find:
    paths: /etc/audit/rules.d
    contains: ^\s*-w\s+/var/log/tallylog\s+-p\s+wa(\s|$)+
    patterns: '*.rules'
  register: find_existing_watch_rules_d
  when:
  - '"audit" in ansible_facts.packages'
  - ("kernel-default" in ansible_facts.packages or "kernel-default-base" in ansible_facts.packages)
  tags:
  - CCE-85597-3
  - DISA-STIG-SLES-15-030470
  - NIST-800-171-3.1.7
  - NIST-800-53-AC-6(9)
  - NIST-800-53-AU-12(c)
  - NIST-800-53-AU-2(d)
  - NIST-800-53-CM-6(a)
  - PCI-DSS-Req-10.2.3
  - PCI-DSSv4-10.2
  - PCI-DSSv4-10.2.1
  - PCI-DSSv4-10.2.1.3
  - audit_rules_login_events_tallylog
  - low_complexity
  - low_disruption
  - medium_severity
  - no_reboot_needed
  - restrict_strategy

- name: Record Attempts to Alter Logon and Logout Events - tallylog - Search /etc/audit/rules.d
    for other rules with specified key logins
  ansible.builtin.find:
    paths: /etc/audit/rules.d
    contains: ^.*(?:-F key=|-k\s+)logins$
    patterns: '*.rules'
  register: find_watch_key
  when:
  - '"audit" in ansible_facts.packages'
  - ("kernel-default" in ansible_facts.packages or "kernel-default-base" in ansible_facts.packages)
  - find_existing_watch_rules_d.matched is defined and find_existing_watch_rules_d.matched
    == 0
  tags:
  - CCE-85597-3
  - DISA-STIG-SLES-15-030470
  - NIST-800-171-3.1.7
  - NIST-800-53-AC-6(9)
  - NIST-800-53-AU-12(c)
  - NIST-800-53-AU-2(d)
  - NIST-800-53-CM-6(a)
  - PCI-DSS-Req-10.2.3
  - PCI-DSSv4-10.2
  - PCI-DSSv4-10.2.1
  - PCI-DSSv4-10.2.1.3
  - audit_rules_login_events_tallylog
  - low_complexity
  - low_disruption
  - medium_severity
  - no_reboot_needed
  - restrict_strategy

- name: Record Attempts to Alter Logon and Logout Events - tallylog - Use /etc/audit/rules.d/logins.rules
    as the recipient for the rule
  ansible.builtin.set_fact:
    all_files:
    - /etc/audit/rules.d/logins.rules
  when:
  - '"audit" in ansible_facts.packages'
  - ("kernel-default" in ansible_facts.packages or "kernel-default-base" in ansible_facts.packages)
  - find_watch_key.matched is defined and find_watch_key.matched == 0 and find_existing_watch_rules_d.matched
    is defined and find_existing_watch_rules_d.matched == 0
  tags:
  - CCE-85597-3
  - DISA-STIG-SLES-15-030470
  - NIST-800-171-3.1.7
  - NIST-800-53-AC-6(9)
  - NIST-800-53-AU-12(c)
  - NIST-800-53-AU-2(d)
  - NIST-800-53-CM-6(a)
  - PCI-DSS-Req-10.2.3
  - PCI-DSSv4-10.2
  - PCI-DSSv4-10.2.1
  - PCI-DSSv4-10.2.1.3
  - audit_rules_login_events_tallylog
  - low_complexity
  - low_disruption
  - medium_severity
  - no_reboot_needed
  - restrict_strategy

- name: Record Attempts to Alter Logon and Logout Events - tallylog - Use matched
    file as the recipient for the rule
  ansible.builtin.set_fact:
    all_files:
    - '{{ find_watch_key.files | map(attribute=''path'') | list | first }}'
  when:
  - '"audit" in ansible_facts.packages'
  - ("kernel-default" in ansible_facts.packages or "kernel-default-base" in ansible_facts.packages)
  - find_watch_key.matched is defined and find_watch_key.matched &gt; 0 and find_existing_watch_rules_d.matched
    is defined and find_existing_watch_rules_d.matched == 0
  tags:
  - CCE-85597-3
  - DISA-STIG-SLES-15-030470
  - NIST-800-171-3.1.7
  - NIST-800-53-AC-6(9)
  - NIST-800-53-AU-12(c)
  - NIST-800-53-AU-2(d)
  - NIST-800-53-CM-6(a)
  - PCI-DSS-Req-10.2.3
  - PCI-DSSv4-10.2
  - PCI-DSSv4-10.2.1
  - PCI-DSSv4-10.2.1.3
  - audit_rules_login_events_tallylog
  - low_complexity
  - low_disruption
  - medium_severity
  - no_reboot_needed
  - restrict_strategy

- name: Record Attempts to Alter Logon and Logout Events - tallylog - Add watch rule
    for /var/log/tallylog in /etc/audit/rules.d/
  ansible.builtin.lineinfile:
    path: '{{ all_files[0] }}'
    line: -w /var/log/tallylog -p wa -k logins
    create: true
    mode: '0600'
  when:
  - '"audit" in ansible_facts.packages'
  - ("kernel-default" in ansible_facts.packages or "kernel-default-base" in ansible_facts.packages)
  - find_existing_watch_rules_d.matched is defined and find_existing_watch_rules_d.matched
    == 0
  tags:
  - CCE-85597-3
  - DISA-STIG-SLES-15-030470
  - NIST-800-171-3.1.7
  - NIST-800-53-AC-6(9)
  - NIST-800-53-AU-12(c)
  - NIST-800-53-AU-2(d)
  - NIST-800-53-CM-6(a)
  - PCI-DSS-Req-10.2.3
  - PCI-DSSv4-10.2
  - PCI-DSSv4-10.2.1
  - PCI-DSSv4-10.2.1.3
  - audit_rules_login_events_tallylog
  - low_complexity
  - low_disruption
  - medium_severity
  - no_reboot_needed
  - restrict_strategy

- name: Record Attempts to Alter Logon and Logout Events - tallylog - Check if watch
    rule for /var/log/tallylog already exists in /etc/audit/audit.rules
  ansible.builtin.find:
    paths: /etc/audit/
    contains: ^\s*-w\s+/var/log/tallylog\s+-p\s+wa(\s|$)+
    patterns: audit.rules
  register: find_existing_watch_audit_rules
  when:
  - '"audit" in ansible_facts.packages'
  - ("kernel-default" in ansible_facts.packages or "kernel-default-base" in ansible_facts.packages)
  tags:
  - CCE-85597-3
  - DISA-STIG-SLES-15-030470
  - NIST-800-171-3.1.7
  - NIST-800-53-AC-6(9)
  - NIST-800-53-AU-12(c)
  - NIST-800-53-AU-2(d)
  - NIST-800-53-CM-6(a)
  - PCI-DSS-Req-10.2.3
  - PCI-DSSv4-10.2
  - PCI-DSSv4-10.2.1
  - PCI-DSSv4-10.2.1.3
  - audit_rules_login_events_tallylog
  - low_complexity
  - low_disruption
  - medium_severity
  - no_reboot_needed
  - restrict_strategy

- name: Record Attempts to Alter Logon and Logout Events - tallylog - Add watch rule
    for /var/log/tallylog in /etc/audit/audit.rules
  ansible.builtin.lineinfile:
    line: -w /var/log/tallylog -p wa -k logins
    state: present
    dest: /etc/audit/audit.rules
    create: true
    mode: '0600'
  when:
  - '"audit" in ansible_facts.packages'
  - ("kernel-default" in ansible_facts.packages or "kernel-default-base" in ansible_facts.packages)
  - find_existing_watch_audit_rules.matched is defined and find_existing_watch_audit_rules.matched
    == 0
  tags:
  - CCE-85597-3
  - DISA-STIG-SLES-15-030470
  - NIST-800-171-3.1.7
  - NIST-800-53-AC-6(9)
  - NIST-800-53-AU-12(c)
  - NIST-800-53-AU-2(d)
  - NIST-800-53-CM-6(a)
  - PCI-DSS-Req-10.2.3
  - PCI-DSSv4-10.2
  - PCI-DSSv4-10.2.1
  - PCI-DSSv4-10.2.1.3
  - audit_rules_login_events_tallylog
  - low_complexity
  - low_disruption
  - medium_severity
  - no_reboot_needed
  - restrict_strategy
</fix>
          <check system="http://oval.mitre.org/XMLSchema/oval-definitions-5">
            <check-content-ref name="oval:ssg-audit_rules_login_events_tallylog:def:1" href="ssg-sle15-oval.xml"/>
          </check>
          <check system="http://scap.nist.gov/schema/ocil/2">
            <check-content-ref name="ocil:ssg-audit_rules_login_events_tallylog_ocil:questionnaire:1" href="ssg-sle15-ocil.xml"/>
          </check>
        </Rule>
      </Group>
      <Group id="xccdf_org.ssgproject.content_group_audit_privileged_commands">
        <title xmlns:xhtml="http://www.w3.org/1999/xhtml" xml:lang="en-US">Record Information on the Use of Privileged Commands</title>
        <description xmlns:xhtml="http://www.w3.org/1999/xhtml" xml:lang="en-US">At a minimum, the audit system should collect the execution of
privileged commands for all users and root.</description>
        <Rule id="xccdf_org.ssgproject.content_rule_audit_privileged_commands_init" selected="false" role="full" severity="medium">
          <title xmlns:xhtml="http://www.w3.org/1999/xhtml" xml:lang="en-US">Ensure auditd Collects Information on the Use of Privileged Commands - init</title>
          <description xmlns:xhtml="http://www.w3.org/1999/xhtml" xml:lang="en-US">


At a minimum, the audit system should collect the execution of privileged
commands for all users and root.

If the <html:code xmlns:html="http://www.w3.org/1999/xhtml">auditd</html:code> daemon is configured to use the <html:code xmlns:html="http://www.w3.org/1999/xhtml">augenrules</html:code>
program to read audit rules during daemon startup (the default), add
a line of the following form to a file with suffix <html:code xmlns:html="http://www.w3.org/1999/xhtml">.rules</html:code>
in the directory <html:code xmlns:html="http://www.w3.org/1999/xhtml">/etc/audit/rules.d</html:code>:
<html:pre xmlns:html="http://www.w3.org/1999/xhtml">-a always,exit -F path=/sbin/init -F perm=x -F auid&gt;=1000 -F auid!=unset -F key=privileged</html:pre>

If the <html:code xmlns:html="http://www.w3.org/1999/xhtml">auditd</html:code> daemon is configured to use the <html:code xmlns:html="http://www.w3.org/1999/xhtml">auditctl</html:code>
utility to read audit rules during daemon startup, add a line of the
following form to <html:code xmlns:html="http://www.w3.org/1999/xhtml">/etc/audit/audit.rules</html:code>:
<html:pre xmlns:html="http://www.w3.org/1999/xhtml">-a always,exit -F path=/sbin/init -F perm=x -F auid&gt;=1000 -F auid!=unset -F key=privileged</html:pre>
       </description>
          <reference href="http://nvlpubs.nist.gov/nistpubs/SpecialPublications/NIST.SP.800-53r4.pdf">AU-12(c)</reference>
          <reference href="https://www.cyber.mil/stigs/downloads/?_dl_facet_stigs=operating-systems%2Cgeneral-purpose-os">SRG-OS-000477-GPOS-00222</reference>
          <rationale xmlns:xhtml="http://www.w3.org/1999/xhtml" xml:lang="en-US">Misuse of the init command may cause availability issues for the system.</rationale>
          <fix xmlns:xhtml="http://www.w3.org/1999/xhtml" id="audit_privileged_commands_init" system="urn:xccdf:fix:script:sh"># Remediation is applicable only in certain platforms
if rpm --quiet -q audit &amp;&amp; rpm --quiet -q kernel-default || rpm --quiet -q kernel-default-base; then

# Retrieve hardware architecture of the underlying system
OTHER_FILTERS="-F path=/sbin/init -F perm=x"
AUID_FILTERS="-F auid&gt;=1000 -F auid!=unset"
SYSCALL=""
KEY="privileged"
SYSCALL_GROUPING=""


ACTION_ARCH_FILTERS="-a always,exit"
# Perform the remediation for both possible tools: 'auditctl' and 'augenrules'
unset syscall_a
unset syscall_grouping
unset syscall_string
unset syscall
unset file_to_edit
unset rule_to_edit
unset rule_syscalls_to_edit
unset other_string
unset auid_string
unset full_rule

# Load macro arguments into arrays
read -a syscall_a &lt;&lt;&lt; $SYSCALL
read -a syscall_grouping &lt;&lt;&lt; $SYSCALL_GROUPING

# Create a list of audit *.rules files that should be inspected for presence and correctness
# of a particular audit rule. The scheme is as follows:
#
# -----------------------------------------------------------------------------------------
#  Tool used to load audit rules | Rule already defined  |  Audit rules file to inspect    |
# -----------------------------------------------------------------------------------------
#        auditctl                |     Doesn't matter    |  /etc/audit/audit.rules         |
# -----------------------------------------------------------------------------------------
#        augenrules              |          Yes          |  /etc/audit/rules.d/*.rules     |
#        augenrules              |          No           |  /etc/audit/rules.d/$key.rules  |
# -----------------------------------------------------------------------------------------
#
files_to_inspect=()

# If audit tool is 'augenrules', then check if the audit rule is defined
# If rule is defined, add '/etc/audit/rules.d/*.rules' to the list for inspection
# If rule isn't defined yet, add '/etc/audit/rules.d/$key.rules' to the list for inspection
default_file="/etc/audit/rules.d/$KEY.rules"
# As other_filters may include paths, lets use a different delimiter for it
# The "F" script expression tells sed to print the filenames where the expressions matched
readarray -t files_to_inspect &lt; &lt;(sed -s -n -e "/^$ACTION_ARCH_FILTERS/!d" -e "\#$OTHER_FILTERS#!d" -e "/$AUID_FILTERS/!d" -e "F" /etc/audit/rules.d/*.rules)
# Case when particular rule isn't defined in /etc/audit/rules.d/*.rules yet
if [ ${#files_to_inspect[@]} -eq "0" ]
then
    file_to_inspect="/etc/audit/rules.d/$KEY.rules"
    files_to_inspect=("$file_to_inspect")
    if [ ! -e "$file_to_inspect" ]
    then
        touch "$file_to_inspect"
        chmod 0600 "$file_to_inspect"
    fi
fi

# After converting to jinja, we cannot return; therefore we skip the rest of the macro if needed instead
skip=1

for audit_file in "${files_to_inspect[@]}"
do
    # Filter existing $audit_file rules' definitions to select those that satisfy the rule pattern,
    # i.e, collect rules that match:
    # * the action, list and arch, (2-nd argument)
    # * the other filters, (3-rd argument)
    # * the auid filters, (4-rd argument)
    readarray -t similar_rules &lt; &lt;(sed -e "/^$ACTION_ARCH_FILTERS/!d"  -e "\#$OTHER_FILTERS#!d" -e "/$AUID_FILTERS/!d" "$audit_file")

    candidate_rules=()
    # Filter out rules that have more fields then required. This will remove rules more specific than the required scope
    for s_rule in "${similar_rules[@]}"
    do
        # Strip all the options and fields we know of,
        # than check if there was any field left over
        extra_fields=$(sed -E -e "s/^$ACTION_ARCH_FILTERS//"  -e "s#$OTHER_FILTERS##" -e "s/$AUID_FILTERS//" -e "s/((:?-S [[:alnum:],]+)+)//g" -e "s/-F key=\w+|-k \w+//"&lt;&lt;&lt; "$s_rule")
        grep -q -- "-F" &lt;&lt;&lt; "$extra_fields" || candidate_rules+=("$s_rule")
    done

    if [[ ${#syscall_a[@]} -ge 1 ]]
    then
        # Check if the syscall we want is present in any of the similar existing rules
        for rule in "${candidate_rules[@]}"
        do
            rule_syscalls=$(echo "$rule" | grep -o -P '(-S [\w,]+)+' | xargs)
            all_syscalls_found=0
            for syscall in "${syscall_a[@]}"
            do
                grep -q -- "\b${syscall}\b" &lt;&lt;&lt; "$rule_syscalls" || {
                   # A syscall was not found in the candidate rule
                   all_syscalls_found=1
                   }
            done
            if [[ $all_syscalls_found -eq 0 ]]
            then
                # We found a rule with all the syscall(s) we want; skip rest of macro
                skip=0
                break
            fi

            # Check if this rule can be grouped with our target syscall and keep track of it
            for syscall_g in "${syscall_grouping[@]}"
            do
                if grep -q -- "\b${syscall_g}\b" &lt;&lt;&lt; "$rule_syscalls"
                then
                    file_to_edit=${audit_file}
                    rule_to_edit=${rule}
                    rule_syscalls_to_edit=${rule_syscalls}
                fi
            done
        done
    else
        # If there is any candidate rule, it is compliant; skip rest of macro
        if [ "${#candidate_rules[@]}" -gt 0 ]
        then
            skip=0
        fi
    fi

    if [ "$skip" -eq 0 ]; then
        break
    fi
done

if [ "$skip" -ne 0 ]; then
    # We checked all rules that matched the expected resemblance pattern (action, arch &amp; auid)
    # At this point we know if we need to either append the $full_rule or group
    # the syscall together with an exsiting rule

    # Append the full_rule if it cannot be grouped to any other rule
    if [ -z ${rule_to_edit+x} ]
    then
        # Build full_rule while avoid adding double spaces when other_filters is empty
        if [ "${#syscall_a[@]}" -gt 0 ]
        then
            syscall_string=""
            for syscall in "${syscall_a[@]}"
            do
                syscall_string+=" -S $syscall"
            done
        fi
        other_string=$([[ $OTHER_FILTERS ]] &amp;&amp; echo " $OTHER_FILTERS") || /bin/true
        auid_string=$([[ $AUID_FILTERS ]] &amp;&amp; echo " $AUID_FILTERS") || /bin/true
        full_rule="$ACTION_ARCH_FILTERS${syscall_string}${other_string}${auid_string} -F key=$KEY" || /bin/true
        echo "$full_rule" &gt;&gt; "$default_file"
        chmod 0600 ${default_file}
    else
        # Check if the syscalls are declared as a comma separated list or
        # as multiple -S parameters
        if grep -q -- "," &lt;&lt;&lt; "${rule_syscalls_to_edit}"
        then
            delimiter=","
        else
            delimiter=" -S "
        fi
        new_grouped_syscalls="${rule_syscalls_to_edit}"
        for syscall in "${syscall_a[@]}"
        do
            grep -q -- "\b${syscall}\b" &lt;&lt;&lt; "${rule_syscalls_to_edit}" || {
               # A syscall was not found in the candidate rule
               new_grouped_syscalls+="${delimiter}${syscall}"
               }
        done

        # Group the syscall in the rule
        sed -i -e "\#${rule_to_edit}#s#${rule_syscalls_to_edit}#${new_grouped_syscalls}#" "$file_to_edit"
    fi
fi
unset syscall_a
unset syscall_grouping
unset syscall_string
unset syscall
unset file_to_edit
unset rule_to_edit
unset rule_syscalls_to_edit
unset other_string
unset auid_string
unset full_rule

# Load macro arguments into arrays
read -a syscall_a &lt;&lt;&lt; $SYSCALL
read -a syscall_grouping &lt;&lt;&lt; $SYSCALL_GROUPING

# Create a list of audit *.rules files that should be inspected for presence and correctness
# of a particular audit rule. The scheme is as follows:
#
# -----------------------------------------------------------------------------------------
#  Tool used to load audit rules | Rule already defined  |  Audit rules file to inspect    |
# -----------------------------------------------------------------------------------------
#        auditctl                |     Doesn't matter    |  /etc/audit/audit.rules         |
# -----------------------------------------------------------------------------------------
#        augenrules              |          Yes          |  /etc/audit/rules.d/*.rules     |
#        augenrules              |          No           |  /etc/audit/rules.d/$key.rules  |
# -----------------------------------------------------------------------------------------
#
files_to_inspect=()


# If audit tool is 'auditctl', then add '/etc/audit/audit.rules'
# file to the list of files to be inspected
default_file="/etc/audit/audit.rules"
files_to_inspect+=('/etc/audit/audit.rules' )

# After converting to jinja, we cannot return; therefore we skip the rest of the macro if needed instead
skip=1

for audit_file in "${files_to_inspect[@]}"
do
    # Filter existing $audit_file rules' definitions to select those that satisfy the rule pattern,
    # i.e, collect rules that match:
    # * the action, list and arch, (2-nd argument)
    # * the other filters, (3-rd argument)
    # * the auid filters, (4-rd argument)
    readarray -t similar_rules &lt; &lt;(sed -e "/^$ACTION_ARCH_FILTERS/!d"  -e "\#$OTHER_FILTERS#!d" -e "/$AUID_FILTERS/!d" "$audit_file")

    candidate_rules=()
    # Filter out rules that have more fields then required. This will remove rules more specific than the required scope
    for s_rule in "${similar_rules[@]}"
    do
        # Strip all the options and fields we know of,
        # than check if there was any field left over
        extra_fields=$(sed -E -e "s/^$ACTION_ARCH_FILTERS//"  -e "s#$OTHER_FILTERS##" -e "s/$AUID_FILTERS//" -e "s/((:?-S [[:alnum:],]+)+)//g" -e "s/-F key=\w+|-k \w+//"&lt;&lt;&lt; "$s_rule")
        grep -q -- "-F" &lt;&lt;&lt; "$extra_fields" || candidate_rules+=("$s_rule")
    done

    if [[ ${#syscall_a[@]} -ge 1 ]]
    then
        # Check if the syscall we want is present in any of the similar existing rules
        for rule in "${candidate_rules[@]}"
        do
            rule_syscalls=$(echo "$rule" | grep -o -P '(-S [\w,]+)+' | xargs)
            all_syscalls_found=0
            for syscall in "${syscall_a[@]}"
            do
                grep -q -- "\b${syscall}\b" &lt;&lt;&lt; "$rule_syscalls" || {
                   # A syscall was not found in the candidate rule
                   all_syscalls_found=1
                   }
            done
            if [[ $all_syscalls_found -eq 0 ]]
            then
                # We found a rule with all the syscall(s) we want; skip rest of macro
                skip=0
                break
            fi

            # Check if this rule can be grouped with our target syscall and keep track of it
            for syscall_g in "${syscall_grouping[@]}"
            do
                if grep -q -- "\b${syscall_g}\b" &lt;&lt;&lt; "$rule_syscalls"
                then
                    file_to_edit=${audit_file}
                    rule_to_edit=${rule}
                    rule_syscalls_to_edit=${rule_syscalls}
                fi
            done
        done
    else
        # If there is any candidate rule, it is compliant; skip rest of macro
        if [ "${#candidate_rules[@]}" -gt 0 ]
        then
            skip=0
        fi
    fi

    if [ "$skip" -eq 0 ]; then
        break
    fi
done

if [ "$skip" -ne 0 ]; then
    # We checked all rules that matched the expected resemblance pattern (action, arch &amp; auid)
    # At this point we know if we need to either append the $full_rule or group
    # the syscall together with an exsiting rule

    # Append the full_rule if it cannot be grouped to any other rule
    if [ -z ${rule_to_edit+x} ]
    then
        # Build full_rule while avoid adding double spaces when other_filters is empty
        if [ "${#syscall_a[@]}" -gt 0 ]
        then
            syscall_string=""
            for syscall in "${syscall_a[@]}"
            do
                syscall_string+=" -S $syscall"
            done
        fi
        other_string=$([[ $OTHER_FILTERS ]] &amp;&amp; echo " $OTHER_FILTERS") || /bin/true
        auid_string=$([[ $AUID_FILTERS ]] &amp;&amp; echo " $AUID_FILTERS") || /bin/true
        full_rule="$ACTION_ARCH_FILTERS${syscall_string}${other_string}${auid_string} -F key=$KEY" || /bin/true
        echo "$full_rule" &gt;&gt; "$default_file"
        chmod 0600 ${default_file}
    else
        # Check if the syscalls are declared as a comma separated list or
        # as multiple -S parameters
        if grep -q -- "," &lt;&lt;&lt; "${rule_syscalls_to_edit}"
        then
            delimiter=","
        else
            delimiter=" -S "
        fi
        new_grouped_syscalls="${rule_syscalls_to_edit}"
        for syscall in "${syscall_a[@]}"
        do
            grep -q -- "\b${syscall}\b" &lt;&lt;&lt; "${rule_syscalls_to_edit}" || {
               # A syscall was not found in the candidate rule
               new_grouped_syscalls+="${delimiter}${syscall}"
               }
        done

        # Group the syscall in the rule
        sed -i -e "\#${rule_to_edit}#s#${rule_syscalls_to_edit}#${new_grouped_syscalls}#" "$file_to_edit"
    fi
fi

else
    &gt;&amp;2 echo 'Remediation is not applicable, nothing was done'
fi
</fix>
          <fix xmlns:xhtml="http://www.w3.org/1999/xhtml" id="audit_privileged_commands_init" system="urn:xccdf:fix:script:ansible" complexity="low" disruption="low" strategy="restrict">- name: Gather the package facts
  package_facts:
    manager: auto
  tags:
  - NIST-800-53-AU-12(c)
  - audit_privileged_commands_init
  - low_complexity
  - low_disruption
  - medium_severity
  - no_reboot_needed
  - restrict_strategy

- name: Ensure auditd Collects Information on the Use of Privileged Commands - init
    - Perform remediation of Audit rules for /sbin/init
  block:

  - name: Declare list of syscalls
    ansible.builtin.set_fact:
      syscalls: []
      syscall_grouping: []

  - name: Check existence of  in /etc/audit/rules.d/
    ansible.builtin.find:
      paths: /etc/audit/rules.d
      contains: -a always,exit(( -S |,)\w+)*(( -S |,){{ item }})+(( -S |,)\w+)* -F
        path=/sbin/init -F perm=x -F auid&gt;=1000 -F auid!=unset (-k\s+|-F\s+key=)\S+\s*$
      patterns: '*.rules'
    register: find_command
    loop: '{{ (syscall_grouping + syscalls) | unique }}'

  - name: Reset syscalls found per file
    ansible.builtin.set_fact:
      syscalls_per_file: {}
      found_paths_dict: {}

  - name: Declare syscalls found per file
    ansible.builtin.set_fact: syscalls_per_file="{{ syscalls_per_file | combine( {item.files[0].path
      :[item.item] + syscalls_per_file.get(item.files[0].path, []) } ) }}"
    loop: '{{ find_command.results | selectattr(''matched'') | list }}'

  - name: Declare files where syscalls were found
    ansible.builtin.set_fact: found_paths="{{ find_command.results | map(attribute='files')
      | flatten | map(attribute='path') | list }}"

  - name: Count occurrences of syscalls in paths
    ansible.builtin.set_fact: found_paths_dict="{{ found_paths_dict | combine({ item:1+found_paths_dict.get(item,
      0) }) }}"
    loop: '{{ find_command.results | map(attribute=''files'') | flatten | map(attribute=''path'')
      | list }}'

  - name: Get path with most syscalls
    ansible.builtin.set_fact: audit_file="{{ (found_paths_dict | dict2items() | sort(attribute='value')
      | last).key }}"
    when: found_paths | length &gt;= 1

  - name: No file with syscall found, set path to /etc/audit/rules.d/privileged.rules
    ansible.builtin.set_fact: audit_file="/etc/audit/rules.d/privileged.rules"
    when: found_paths | length == 0

  - name: Declare found syscalls
    ansible.builtin.set_fact: syscalls_found="{{ find_command.results | selectattr('matched')
      | map(attribute='item') | list }}"

  - name: Declare missing syscalls
    ansible.builtin.set_fact: missing_syscalls="{{ syscalls | difference(syscalls_found)
      }}"

  - name: Replace the audit rule in {{ audit_file }}
    ansible.builtin.lineinfile:
      path: '{{ audit_file }}'
      regexp: (-a always,exit)(?=.*(?:(?:-S |,)(?:{{ syscalls_per_file[audit_file]
        | join("|") }}))\b)((?:( -S |,)\w+)+)( -F path=/sbin/init -F perm=x -F auid&gt;=1000
        -F auid!=unset (?:-k |-F key=)\w+)
      line: \1\2\3{{ missing_syscalls | join("\3") }}\4
      backrefs: true
      state: present
      mode: g-rwx,o-rwx
    when: syscalls_found | length &gt; 0 and missing_syscalls | length &gt; 0

  - name: Add the audit rule to {{ audit_file }}
    ansible.builtin.lineinfile:
      path: '{{ audit_file }}'
      line: -a always,exit{{ syscalls | join(',') }} -F path=/sbin/init -F perm=x
        -F auid&gt;=1000 -F auid!=unset -F key=privileged
      create: true
      mode: g-rwx,o-rwx
      state: present
    when: syscalls_found | length == 0

  - name: Declare list of syscalls
    ansible.builtin.set_fact:
      syscalls: []
      syscall_grouping: []

  - name: Check existence of  in /etc/audit/audit.rules
    ansible.builtin.find:
      paths: /etc/audit
      contains: -a always,exit(( -S |,)\w+)*(( -S |,){{ item }})+(( -S |,)\w+)* -F
        path=/sbin/init -F perm=x -F auid&gt;=1000 -F auid!=unset (-k\s+|-F\s+key=)\S+\s*$
      patterns: audit.rules
    register: find_command
    loop: '{{ (syscall_grouping + syscalls) | unique }}'

  - name: Set path to /etc/audit/audit.rules
    ansible.builtin.set_fact: audit_file="/etc/audit/audit.rules"

  - name: Declare found syscalls
    ansible.builtin.set_fact: syscalls_found="{{ find_command.results | selectattr('matched')
      | map(attribute='item') | list }}"

  - name: Declare missing syscalls
    ansible.builtin.set_fact: missing_syscalls="{{ syscalls | difference(syscalls_found)
      }}"

  - name: Replace the audit rule in {{ audit_file }}
    ansible.builtin.lineinfile:
      path: '{{ audit_file }}'
      regexp: (-a always,exit)(?=.*(?:(?:-S |,)(?:{{ syscalls_found | join("|") }}))\b)((?:(
        -S |,)\w+)+)( -F path=/sbin/init -F perm=x -F auid&gt;=1000 -F auid!=unset (?:-k
        |-F key=)\w+)
      line: \1\2\3{{ missing_syscalls | join("\3") }}\4
      backrefs: true
      state: present
      mode: g-rwx,o-rwx
    when: syscalls_found | length &gt; 0 and missing_syscalls | length &gt; 0

  - name: Add the audit rule to {{ audit_file }}
    ansible.builtin.lineinfile:
      path: '{{ audit_file }}'
      line: -a always,exit{{ syscalls | join(',') }} -F path=/sbin/init -F perm=x
        -F auid&gt;=1000 -F auid!=unset -F key=privileged
      create: true
      mode: g-rwx,o-rwx
      state: present
    when: syscalls_found | length == 0
  when:
  - '"audit" in ansible_facts.packages'
  - ("kernel-default" in ansible_facts.packages or "kernel-default-base" in ansible_facts.packages)
  tags:
  - NIST-800-53-AU-12(c)
  - audit_privileged_commands_init
  - low_complexity
  - low_disruption
  - medium_severity
  - no_reboot_needed
  - restrict_strategy
</fix>
          <check system="http://oval.mitre.org/XMLSchema/oval-definitions-5">
            <check-content-ref name="oval:ssg-audit_privileged_commands_init:def:1" href="ssg-sle15-oval.xml"/>
          </check>
          <check system="http://scap.nist.gov/schema/ocil/2">
            <check-content-ref name="ocil:ssg-audit_privileged_commands_init_ocil:questionnaire:1" href="ssg-sle15-ocil.xml"/>
          </check>
        </Rule>
        <Rule id="xccdf_org.ssgproject.content_rule_audit_privileged_commands_poweroff" selected="false" role="full" severity="medium">
          <title xmlns:xhtml="http://www.w3.org/1999/xhtml" xml:lang="en-US">Ensure auditd Collects Information on the Use of Privileged Commands - poweroff</title>
          <description xmlns:xhtml="http://www.w3.org/1999/xhtml" xml:lang="en-US">


At a minimum, the audit system should collect the execution of privileged
commands for all users and root.

If the <html:code xmlns:html="http://www.w3.org/1999/xhtml">auditd</html:code> daemon is configured to use the <html:code xmlns:html="http://www.w3.org/1999/xhtml">augenrules</html:code>
program to read audit rules during daemon startup (the default), add
a line of the following form to a file with suffix <html:code xmlns:html="http://www.w3.org/1999/xhtml">.rules</html:code>
in the directory <html:code xmlns:html="http://www.w3.org/1999/xhtml">/etc/audit/rules.d</html:code>:
<html:pre xmlns:html="http://www.w3.org/1999/xhtml">-a always,exit -F path=/sbin/poweroff -F perm=x -F auid&gt;=1000 -F auid!=unset -F key=privileged</html:pre>

If the <html:code xmlns:html="http://www.w3.org/1999/xhtml">auditd</html:code> daemon is configured to use the <html:code xmlns:html="http://www.w3.org/1999/xhtml">auditctl</html:code>
utility to read audit rules during daemon startup, add a line of the
following form to <html:code xmlns:html="http://www.w3.org/1999/xhtml">/etc/audit/audit.rules</html:code>:
<html:pre xmlns:html="http://www.w3.org/1999/xhtml">-a always,exit -F path=/sbin/poweroff -F perm=x -F auid&gt;=1000 -F auid!=unset -F key=privileged</html:pre>
       </description>
          <reference href="http://nvlpubs.nist.gov/nistpubs/SpecialPublications/NIST.SP.800-53r4.pdf">AU-12(c)</reference>
          <reference href="https://www.cyber.mil/stigs/downloads/?_dl_facet_stigs=operating-systems%2Cgeneral-purpose-os">SRG-OS-000477-GPOS-00222</reference>
          <rationale xmlns:xhtml="http://www.w3.org/1999/xhtml" xml:lang="en-US">Misuse of the poweroff command may cause availability issues for the system.</rationale>
          <fix xmlns:xhtml="http://www.w3.org/1999/xhtml" id="audit_privileged_commands_poweroff" system="urn:xccdf:fix:script:sh"># Remediation is applicable only in certain platforms
if rpm --quiet -q audit &amp;&amp; rpm --quiet -q kernel-default || rpm --quiet -q kernel-default-base; then

# Retrieve hardware architecture of the underlying system
OTHER_FILTERS="-F path=/sbin/poweroff -F perm=x"
AUID_FILTERS="-F auid&gt;=1000 -F auid!=unset"
SYSCALL=""
KEY="privileged"
SYSCALL_GROUPING=""


ACTION_ARCH_FILTERS="-a always,exit"
# Perform the remediation for both possible tools: 'auditctl' and 'augenrules'
unset syscall_a
unset syscall_grouping
unset syscall_string
unset syscall
unset file_to_edit
unset rule_to_edit
unset rule_syscalls_to_edit
unset other_string
unset auid_string
unset full_rule

# Load macro arguments into arrays
read -a syscall_a &lt;&lt;&lt; $SYSCALL
read -a syscall_grouping &lt;&lt;&lt; $SYSCALL_GROUPING

# Create a list of audit *.rules files that should be inspected for presence and correctness
# of a particular audit rule. The scheme is as follows:
#
# -----------------------------------------------------------------------------------------
#  Tool used to load audit rules | Rule already defined  |  Audit rules file to inspect    |
# -----------------------------------------------------------------------------------------
#        auditctl                |     Doesn't matter    |  /etc/audit/audit.rules         |
# -----------------------------------------------------------------------------------------
#        augenrules              |          Yes          |  /etc/audit/rules.d/*.rules     |
#        augenrules              |          No           |  /etc/audit/rules.d/$key.rules  |
# -----------------------------------------------------------------------------------------
#
files_to_inspect=()

# If audit tool is 'augenrules', then check if the audit rule is defined
# If rule is defined, add '/etc/audit/rules.d/*.rules' to the list for inspection
# If rule isn't defined yet, add '/etc/audit/rules.d/$key.rules' to the list for inspection
default_file="/etc/audit/rules.d/$KEY.rules"
# As other_filters may include paths, lets use a different delimiter for it
# The "F" script expression tells sed to print the filenames where the expressions matched
readarray -t files_to_inspect &lt; &lt;(sed -s -n -e "/^$ACTION_ARCH_FILTERS/!d" -e "\#$OTHER_FILTERS#!d" -e "/$AUID_FILTERS/!d" -e "F" /etc/audit/rules.d/*.rules)
# Case when particular rule isn't defined in /etc/audit/rules.d/*.rules yet
if [ ${#files_to_inspect[@]} -eq "0" ]
then
    file_to_inspect="/etc/audit/rules.d/$KEY.rules"
    files_to_inspect=("$file_to_inspect")
    if [ ! -e "$file_to_inspect" ]
    then
        touch "$file_to_inspect"
        chmod 0600 "$file_to_inspect"
    fi
fi

# After converting to jinja, we cannot return; therefore we skip the rest of the macro if needed instead
skip=1

for audit_file in "${files_to_inspect[@]}"
do
    # Filter existing $audit_file rules' definitions to select those that satisfy the rule pattern,
    # i.e, collect rules that match:
    # * the action, list and arch, (2-nd argument)
    # * the other filters, (3-rd argument)
    # * the auid filters, (4-rd argument)
    readarray -t similar_rules &lt; &lt;(sed -e "/^$ACTION_ARCH_FILTERS/!d"  -e "\#$OTHER_FILTERS#!d" -e "/$AUID_FILTERS/!d" "$audit_file")

    candidate_rules=()
    # Filter out rules that have more fields then required. This will remove rules more specific than the required scope
    for s_rule in "${similar_rules[@]}"
    do
        # Strip all the options and fields we know of,
        # than check if there was any field left over
        extra_fields=$(sed -E -e "s/^$ACTION_ARCH_FILTERS//"  -e "s#$OTHER_FILTERS##" -e "s/$AUID_FILTERS//" -e "s/((:?-S [[:alnum:],]+)+)//g" -e "s/-F key=\w+|-k \w+//"&lt;&lt;&lt; "$s_rule")
        grep -q -- "-F" &lt;&lt;&lt; "$extra_fields" || candidate_rules+=("$s_rule")
    done

    if [[ ${#syscall_a[@]} -ge 1 ]]
    then
        # Check if the syscall we want is present in any of the similar existing rules
        for rule in "${candidate_rules[@]}"
        do
            rule_syscalls=$(echo "$rule" | grep -o -P '(-S [\w,]+)+' | xargs)
            all_syscalls_found=0
            for syscall in "${syscall_a[@]}"
            do
                grep -q -- "\b${syscall}\b" &lt;&lt;&lt; "$rule_syscalls" || {
                   # A syscall was not found in the candidate rule
                   all_syscalls_found=1
                   }
            done
            if [[ $all_syscalls_found -eq 0 ]]
            then
                # We found a rule with all the syscall(s) we want; skip rest of macro
                skip=0
                break
            fi

            # Check if this rule can be grouped with our target syscall and keep track of it
            for syscall_g in "${syscall_grouping[@]}"
            do
                if grep -q -- "\b${syscall_g}\b" &lt;&lt;&lt; "$rule_syscalls"
                then
                    file_to_edit=${audit_file}
                    rule_to_edit=${rule}
                    rule_syscalls_to_edit=${rule_syscalls}
                fi
            done
        done
    else
        # If there is any candidate rule, it is compliant; skip rest of macro
        if [ "${#candidate_rules[@]}" -gt 0 ]
        then
            skip=0
        fi
    fi

    if [ "$skip" -eq 0 ]; then
        break
    fi
done

if [ "$skip" -ne 0 ]; then
    # We checked all rules that matched the expected resemblance pattern (action, arch &amp; auid)
    # At this point we know if we need to either append the $full_rule or group
    # the syscall together with an exsiting rule

    # Append the full_rule if it cannot be grouped to any other rule
    if [ -z ${rule_to_edit+x} ]
    then
        # Build full_rule while avoid adding double spaces when other_filters is empty
        if [ "${#syscall_a[@]}" -gt 0 ]
        then
            syscall_string=""
            for syscall in "${syscall_a[@]}"
            do
                syscall_string+=" -S $syscall"
            done
        fi
        other_string=$([[ $OTHER_FILTERS ]] &amp;&amp; echo " $OTHER_FILTERS") || /bin/true
        auid_string=$([[ $AUID_FILTERS ]] &amp;&amp; echo " $AUID_FILTERS") || /bin/true
        full_rule="$ACTION_ARCH_FILTERS${syscall_string}${other_string}${auid_string} -F key=$KEY" || /bin/true
        echo "$full_rule" &gt;&gt; "$default_file"
        chmod 0600 ${default_file}
    else
        # Check if the syscalls are declared as a comma separated list or
        # as multiple -S parameters
        if grep -q -- "," &lt;&lt;&lt; "${rule_syscalls_to_edit}"
        then
            delimiter=","
        else
            delimiter=" -S "
        fi
        new_grouped_syscalls="${rule_syscalls_to_edit}"
        for syscall in "${syscall_a[@]}"
        do
            grep -q -- "\b${syscall}\b" &lt;&lt;&lt; "${rule_syscalls_to_edit}" || {
               # A syscall was not found in the candidate rule
               new_grouped_syscalls+="${delimiter}${syscall}"
               }
        done

        # Group the syscall in the rule
        sed -i -e "\#${rule_to_edit}#s#${rule_syscalls_to_edit}#${new_grouped_syscalls}#" "$file_to_edit"
    fi
fi
unset syscall_a
unset syscall_grouping
unset syscall_string
unset syscall
unset file_to_edit
unset rule_to_edit
unset rule_syscalls_to_edit
unset other_string
unset auid_string
unset full_rule

# Load macro arguments into arrays
read -a syscall_a &lt;&lt;&lt; $SYSCALL
read -a syscall_grouping &lt;&lt;&lt; $SYSCALL_GROUPING

# Create a list of audit *.rules files that should be inspected for presence and correctness
# of a particular audit rule. The scheme is as follows:
#
# -----------------------------------------------------------------------------------------
#  Tool used to load audit rules | Rule already defined  |  Audit rules file to inspect    |
# -----------------------------------------------------------------------------------------
#        auditctl                |     Doesn't matter    |  /etc/audit/audit.rules         |
# -----------------------------------------------------------------------------------------
#        augenrules              |          Yes          |  /etc/audit/rules.d/*.rules     |
#        augenrules              |          No           |  /etc/audit/rules.d/$key.rules  |
# -----------------------------------------------------------------------------------------
#
files_to_inspect=()


# If audit tool is 'auditctl', then add '/etc/audit/audit.rules'
# file to the list of files to be inspected
default_file="/etc/audit/audit.rules"
files_to_inspect+=('/etc/audit/audit.rules' )

# After converting to jinja, we cannot return; therefore we skip the rest of the macro if needed instead
skip=1

for audit_file in "${files_to_inspect[@]}"
do
    # Filter existing $audit_file rules' definitions to select those that satisfy the rule pattern,
    # i.e, collect rules that match:
    # * the action, list and arch, (2-nd argument)
    # * the other filters, (3-rd argument)
    # * the auid filters, (4-rd argument)
    readarray -t similar_rules &lt; &lt;(sed -e "/^$ACTION_ARCH_FILTERS/!d"  -e "\#$OTHER_FILTERS#!d" -e "/$AUID_FILTERS/!d" "$audit_file")

    candidate_rules=()
    # Filter out rules that have more fields then required. This will remove rules more specific than the required scope
    for s_rule in "${similar_rules[@]}"
    do
        # Strip all the options and fields we know of,
        # than check if there was any field left over
        extra_fields=$(sed -E -e "s/^$ACTION_ARCH_FILTERS//"  -e "s#$OTHER_FILTERS##" -e "s/$AUID_FILTERS//" -e "s/((:?-S [[:alnum:],]+)+)//g" -e "s/-F key=\w+|-k \w+//"&lt;&lt;&lt; "$s_rule")
        grep -q -- "-F" &lt;&lt;&lt; "$extra_fields" || candidate_rules+=("$s_rule")
    done

    if [[ ${#syscall_a[@]} -ge 1 ]]
    then
        # Check if the syscall we want is present in any of the similar existing rules
        for rule in "${candidate_rules[@]}"
        do
            rule_syscalls=$(echo "$rule" | grep -o -P '(-S [\w,]+)+' | xargs)
            all_syscalls_found=0
            for syscall in "${syscall_a[@]}"
            do
                grep -q -- "\b${syscall}\b" &lt;&lt;&lt; "$rule_syscalls" || {
                   # A syscall was not found in the candidate rule
                   all_syscalls_found=1
                   }
            done
            if [[ $all_syscalls_found -eq 0 ]]
            then
                # We found a rule with all the syscall(s) we want; skip rest of macro
                skip=0
                break
            fi

            # Check if this rule can be grouped with our target syscall and keep track of it
            for syscall_g in "${syscall_grouping[@]}"
            do
                if grep -q -- "\b${syscall_g}\b" &lt;&lt;&lt; "$rule_syscalls"
                then
                    file_to_edit=${audit_file}
                    rule_to_edit=${rule}
                    rule_syscalls_to_edit=${rule_syscalls}
                fi
            done
        done
    else
        # If there is any candidate rule, it is compliant; skip rest of macro
        if [ "${#candidate_rules[@]}" -gt 0 ]
        then
            skip=0
        fi
    fi

    if [ "$skip" -eq 0 ]; then
        break
    fi
done

if [ "$skip" -ne 0 ]; then
    # We checked all rules that matched the expected resemblance pattern (action, arch &amp; auid)
    # At this point we know if we need to either append the $full_rule or group
    # the syscall together with an exsiting rule

    # Append the full_rule if it cannot be grouped to any other rule
    if [ -z ${rule_to_edit+x} ]
    then
        # Build full_rule while avoid adding double spaces when other_filters is empty
        if [ "${#syscall_a[@]}" -gt 0 ]
        then
            syscall_string=""
            for syscall in "${syscall_a[@]}"
            do
                syscall_string+=" -S $syscall"
            done
        fi
        other_string=$([[ $OTHER_FILTERS ]] &amp;&amp; echo " $OTHER_FILTERS") || /bin/true
        auid_string=$([[ $AUID_FILTERS ]] &amp;&amp; echo " $AUID_FILTERS") || /bin/true
        full_rule="$ACTION_ARCH_FILTERS${syscall_string}${other_string}${auid_string} -F key=$KEY" || /bin/true
        echo "$full_rule" &gt;&gt; "$default_file"
        chmod 0600 ${default_file}
    else
        # Check if the syscalls are declared as a comma separated list or
        # as multiple -S parameters
        if grep -q -- "," &lt;&lt;&lt; "${rule_syscalls_to_edit}"
        then
            delimiter=","
        else
            delimiter=" -S "
        fi
        new_grouped_syscalls="${rule_syscalls_to_edit}"
        for syscall in "${syscall_a[@]}"
        do
            grep -q -- "\b${syscall}\b" &lt;&lt;&lt; "${rule_syscalls_to_edit}" || {
               # A syscall was not found in the candidate rule
               new_grouped_syscalls+="${delimiter}${syscall}"
               }
        done

        # Group the syscall in the rule
        sed -i -e "\#${rule_to_edit}#s#${rule_syscalls_to_edit}#${new_grouped_syscalls}#" "$file_to_edit"
    fi
fi

else
    &gt;&amp;2 echo 'Remediation is not applicable, nothing was done'
fi
</fix>
          <fix xmlns:xhtml="http://www.w3.org/1999/xhtml" id="audit_privileged_commands_poweroff" system="urn:xccdf:fix:script:ansible" complexity="low" disruption="low" strategy="restrict">- name: Gather the package facts
  package_facts:
    manager: auto
  tags:
  - NIST-800-53-AU-12(c)
  - audit_privileged_commands_poweroff
  - low_complexity
  - low_disruption
  - medium_severity
  - no_reboot_needed
  - restrict_strategy

- name: Ensure auditd Collects Information on the Use of Privileged Commands - poweroff
    - Perform remediation of Audit rules for /sbin/poweroff
  block:

  - name: Declare list of syscalls
    ansible.builtin.set_fact:
      syscalls: []
      syscall_grouping: []

  - name: Check existence of  in /etc/audit/rules.d/
    ansible.builtin.find:
      paths: /etc/audit/rules.d
      contains: -a always,exit(( -S |,)\w+)*(( -S |,){{ item }})+(( -S |,)\w+)* -F
        path=/sbin/poweroff -F perm=x -F auid&gt;=1000 -F auid!=unset (-k\s+|-F\s+key=)\S+\s*$
      patterns: '*.rules'
    register: find_command
    loop: '{{ (syscall_grouping + syscalls) | unique }}'

  - name: Reset syscalls found per file
    ansible.builtin.set_fact:
      syscalls_per_file: {}
      found_paths_dict: {}

  - name: Declare syscalls found per file
    ansible.builtin.set_fact: syscalls_per_file="{{ syscalls_per_file | combine( {item.files[0].path
      :[item.item] + syscalls_per_file.get(item.files[0].path, []) } ) }}"
    loop: '{{ find_command.results | selectattr(''matched'') | list }}'

  - name: Declare files where syscalls were found
    ansible.builtin.set_fact: found_paths="{{ find_command.results | map(attribute='files')
      | flatten | map(attribute='path') | list }}"

  - name: Count occurrences of syscalls in paths
    ansible.builtin.set_fact: found_paths_dict="{{ found_paths_dict | combine({ item:1+found_paths_dict.get(item,
      0) }) }}"
    loop: '{{ find_command.results | map(attribute=''files'') | flatten | map(attribute=''path'')
      | list }}'

  - name: Get path with most syscalls
    ansible.builtin.set_fact: audit_file="{{ (found_paths_dict | dict2items() | sort(attribute='value')
      | last).key }}"
    when: found_paths | length &gt;= 1

  - name: No file with syscall found, set path to /etc/audit/rules.d/privileged.rules
    ansible.builtin.set_fact: audit_file="/etc/audit/rules.d/privileged.rules"
    when: found_paths | length == 0

  - name: Declare found syscalls
    ansible.builtin.set_fact: syscalls_found="{{ find_command.results | selectattr('matched')
      | map(attribute='item') | list }}"

  - name: Declare missing syscalls
    ansible.builtin.set_fact: missing_syscalls="{{ syscalls | difference(syscalls_found)
      }}"

  - name: Replace the audit rule in {{ audit_file }}
    ansible.builtin.lineinfile:
      path: '{{ audit_file }}'
      regexp: (-a always,exit)(?=.*(?:(?:-S |,)(?:{{ syscalls_per_file[audit_file]
        | join("|") }}))\b)((?:( -S |,)\w+)+)( -F path=/sbin/poweroff -F perm=x -F
        auid&gt;=1000 -F auid!=unset (?:-k |-F key=)\w+)
      line: \1\2\3{{ missing_syscalls | join("\3") }}\4
      backrefs: true
      state: present
      mode: g-rwx,o-rwx
    when: syscalls_found | length &gt; 0 and missing_syscalls | length &gt; 0

  - name: Add the audit rule to {{ audit_file }}
    ansible.builtin.lineinfile:
      path: '{{ audit_file }}'
      line: -a always,exit{{ syscalls | join(',') }} -F path=/sbin/poweroff -F perm=x
        -F auid&gt;=1000 -F auid!=unset -F key=privileged
      create: true
      mode: g-rwx,o-rwx
      state: present
    when: syscalls_found | length == 0

  - name: Declare list of syscalls
    ansible.builtin.set_fact:
      syscalls: []
      syscall_grouping: []

  - name: Check existence of  in /etc/audit/audit.rules
    ansible.builtin.find:
      paths: /etc/audit
      contains: -a always,exit(( -S |,)\w+)*(( -S |,){{ item }})+(( -S |,)\w+)* -F
        path=/sbin/poweroff -F perm=x -F auid&gt;=1000 -F auid!=unset (-k\s+|-F\s+key=)\S+\s*$
      patterns: audit.rules
    register: find_command
    loop: '{{ (syscall_grouping + syscalls) | unique }}'

  - name: Set path to /etc/audit/audit.rules
    ansible.builtin.set_fact: audit_file="/etc/audit/audit.rules"

  - name: Declare found syscalls
    ansible.builtin.set_fact: syscalls_found="{{ find_command.results | selectattr('matched')
      | map(attribute='item') | list }}"

  - name: Declare missing syscalls
    ansible.builtin.set_fact: missing_syscalls="{{ syscalls | difference(syscalls_found)
      }}"

  - name: Replace the audit rule in {{ audit_file }}
    ansible.builtin.lineinfile:
      path: '{{ audit_file }}'
      regexp: (-a always,exit)(?=.*(?:(?:-S |,)(?:{{ syscalls_found | join("|") }}))\b)((?:(
        -S |,)\w+)+)( -F path=/sbin/poweroff -F perm=x -F auid&gt;=1000 -F auid!=unset
        (?:-k |-F key=)\w+)
      line: \1\2\3{{ missing_syscalls | join("\3") }}\4
      backrefs: true
      state: present
      mode: g-rwx,o-rwx
    when: syscalls_found | length &gt; 0 and missing_syscalls | length &gt; 0

  - name: Add the audit rule to {{ audit_file }}
    ansible.builtin.lineinfile:
      path: '{{ audit_file }}'
      line: -a always,exit{{ syscalls | join(',') }} -F path=/sbin/poweroff -F perm=x
        -F auid&gt;=1000 -F auid!=unset -F key=privileged
      create: true
      mode: g-rwx,o-rwx
      state: present
    when: syscalls_found | length == 0
  when:
  - '"audit" in ansible_facts.packages'
  - ("kernel-default" in ansible_facts.packages or "kernel-default-base" in ansible_facts.packages)
  tags:
  - NIST-800-53-AU-12(c)
  - audit_privileged_commands_poweroff
  - low_complexity
  - low_disruption
  - medium_severity
  - no_reboot_needed
  - restrict_strategy
</fix>
          <check system="http://oval.mitre.org/XMLSchema/oval-definitions-5">
            <check-content-ref name="oval:ssg-audit_privileged_commands_poweroff:def:1" href="ssg-sle15-oval.xml"/>
          </check>
          <check system="http://scap.nist.gov/schema/ocil/2">
            <check-content-ref name="ocil:ssg-audit_privileged_commands_poweroff_ocil:questionnaire:1" href="ssg-sle15-ocil.xml"/>
          </check>
        </Rule>
        <Rule id="xccdf_org.ssgproject.content_rule_audit_privileged_commands_reboot" selected="false" role="full" severity="medium">
          <title xmlns:xhtml="http://www.w3.org/1999/xhtml" xml:lang="en-US">Ensure auditd Collects Information on the Use of Privileged Commands - reboot</title>
          <description xmlns:xhtml="http://www.w3.org/1999/xhtml" xml:lang="en-US">


At a minimum, the audit system should collect the execution of privileged
commands for all users and root.

If the <html:code xmlns:html="http://www.w3.org/1999/xhtml">auditd</html:code> daemon is configured to use the <html:code xmlns:html="http://www.w3.org/1999/xhtml">augenrules</html:code>
program to read audit rules during daemon startup (the default), add
a line of the following form to a file with suffix <html:code xmlns:html="http://www.w3.org/1999/xhtml">.rules</html:code>
in the directory <html:code xmlns:html="http://www.w3.org/1999/xhtml">/etc/audit/rules.d</html:code>:
<html:pre xmlns:html="http://www.w3.org/1999/xhtml">-a always,exit -F path=/sbin/reboot -F perm=x -F auid&gt;=1000 -F auid!=unset -F key=privileged</html:pre>

If the <html:code xmlns:html="http://www.w3.org/1999/xhtml">auditd</html:code> daemon is configured to use the <html:code xmlns:html="http://www.w3.org/1999/xhtml">auditctl</html:code>
utility to read audit rules during daemon startup, add a line of the
following form to <html:code xmlns:html="http://www.w3.org/1999/xhtml">/etc/audit/audit.rules</html:code>:
<html:pre xmlns:html="http://www.w3.org/1999/xhtml">-a always,exit -F path=/sbin/reboot -F perm=x -F auid&gt;=1000 -F auid!=unset -F key=privileged</html:pre>
       </description>
          <reference href="http://nvlpubs.nist.gov/nistpubs/SpecialPublications/NIST.SP.800-53r4.pdf">AU-12(c)</reference>
          <reference href="https://www.cyber.mil/stigs/downloads/?_dl_facet_stigs=operating-systems%2Cgeneral-purpose-os">SRG-OS-000477-GPOS-00222</reference>
          <rationale xmlns:xhtml="http://www.w3.org/1999/xhtml" xml:lang="en-US">Misuse of the reboot command may cause availability issues for the system.</rationale>
          <fix xmlns:xhtml="http://www.w3.org/1999/xhtml" id="audit_privileged_commands_reboot" system="urn:xccdf:fix:script:sh"># Remediation is applicable only in certain platforms
if rpm --quiet -q audit &amp;&amp; rpm --quiet -q kernel-default || rpm --quiet -q kernel-default-base; then

# Retrieve hardware architecture of the underlying system
OTHER_FILTERS="-F path=/sbin/reboot -F perm=x"
AUID_FILTERS="-F auid&gt;=1000 -F auid!=unset"
SYSCALL=""
KEY="privileged"
SYSCALL_GROUPING=""


ACTION_ARCH_FILTERS="-a always,exit"
# Perform the remediation for both possible tools: 'auditctl' and 'augenrules'
unset syscall_a
unset syscall_grouping
unset syscall_string
unset syscall
unset file_to_edit
unset rule_to_edit
unset rule_syscalls_to_edit
unset other_string
unset auid_string
unset full_rule

# Load macro arguments into arrays
read -a syscall_a &lt;&lt;&lt; $SYSCALL
read -a syscall_grouping &lt;&lt;&lt; $SYSCALL_GROUPING

# Create a list of audit *.rules files that should be inspected for presence and correctness
# of a particular audit rule. The scheme is as follows:
#
# -----------------------------------------------------------------------------------------
#  Tool used to load audit rules | Rule already defined  |  Audit rules file to inspect    |
# -----------------------------------------------------------------------------------------
#        auditctl                |     Doesn't matter    |  /etc/audit/audit.rules         |
# -----------------------------------------------------------------------------------------
#        augenrules              |          Yes          |  /etc/audit/rules.d/*.rules     |
#        augenrules              |          No           |  /etc/audit/rules.d/$key.rules  |
# -----------------------------------------------------------------------------------------
#
files_to_inspect=()

# If audit tool is 'augenrules', then check if the audit rule is defined
# If rule is defined, add '/etc/audit/rules.d/*.rules' to the list for inspection
# If rule isn't defined yet, add '/etc/audit/rules.d/$key.rules' to the list for inspection
default_file="/etc/audit/rules.d/$KEY.rules"
# As other_filters may include paths, lets use a different delimiter for it
# The "F" script expression tells sed to print the filenames where the expressions matched
readarray -t files_to_inspect &lt; &lt;(sed -s -n -e "/^$ACTION_ARCH_FILTERS/!d" -e "\#$OTHER_FILTERS#!d" -e "/$AUID_FILTERS/!d" -e "F" /etc/audit/rules.d/*.rules)
# Case when particular rule isn't defined in /etc/audit/rules.d/*.rules yet
if [ ${#files_to_inspect[@]} -eq "0" ]
then
    file_to_inspect="/etc/audit/rules.d/$KEY.rules"
    files_to_inspect=("$file_to_inspect")
    if [ ! -e "$file_to_inspect" ]
    then
        touch "$file_to_inspect"
        chmod 0600 "$file_to_inspect"
    fi
fi

# After converting to jinja, we cannot return; therefore we skip the rest of the macro if needed instead
skip=1

for audit_file in "${files_to_inspect[@]}"
do
    # Filter existing $audit_file rules' definitions to select those that satisfy the rule pattern,
    # i.e, collect rules that match:
    # * the action, list and arch, (2-nd argument)
    # * the other filters, (3-rd argument)
    # * the auid filters, (4-rd argument)
    readarray -t similar_rules &lt; &lt;(sed -e "/^$ACTION_ARCH_FILTERS/!d"  -e "\#$OTHER_FILTERS#!d" -e "/$AUID_FILTERS/!d" "$audit_file")

    candidate_rules=()
    # Filter out rules that have more fields then required. This will remove rules more specific than the required scope
    for s_rule in "${similar_rules[@]}"
    do
        # Strip all the options and fields we know of,
        # than check if there was any field left over
        extra_fields=$(sed -E -e "s/^$ACTION_ARCH_FILTERS//"  -e "s#$OTHER_FILTERS##" -e "s/$AUID_FILTERS//" -e "s/((:?-S [[:alnum:],]+)+)//g" -e "s/-F key=\w+|-k \w+//"&lt;&lt;&lt; "$s_rule")
        grep -q -- "-F" &lt;&lt;&lt; "$extra_fields" || candidate_rules+=("$s_rule")
    done

    if [[ ${#syscall_a[@]} -ge 1 ]]
    then
        # Check if the syscall we want is present in any of the similar existing rules
        for rule in "${candidate_rules[@]}"
        do
            rule_syscalls=$(echo "$rule" | grep -o -P '(-S [\w,]+)+' | xargs)
            all_syscalls_found=0
            for syscall in "${syscall_a[@]}"
            do
                grep -q -- "\b${syscall}\b" &lt;&lt;&lt; "$rule_syscalls" || {
                   # A syscall was not found in the candidate rule
                   all_syscalls_found=1
                   }
            done
            if [[ $all_syscalls_found -eq 0 ]]
            then
                # We found a rule with all the syscall(s) we want; skip rest of macro
                skip=0
                break
            fi

            # Check if this rule can be grouped with our target syscall and keep track of it
            for syscall_g in "${syscall_grouping[@]}"
            do
                if grep -q -- "\b${syscall_g}\b" &lt;&lt;&lt; "$rule_syscalls"
                then
                    file_to_edit=${audit_file}
                    rule_to_edit=${rule}
                    rule_syscalls_to_edit=${rule_syscalls}
                fi
            done
        done
    else
        # If there is any candidate rule, it is compliant; skip rest of macro
        if [ "${#candidate_rules[@]}" -gt 0 ]
        then
            skip=0
        fi
    fi

    if [ "$skip" -eq 0 ]; then
        break
    fi
done

if [ "$skip" -ne 0 ]; then
    # We checked all rules that matched the expected resemblance pattern (action, arch &amp; auid)
    # At this point we know if we need to either append the $full_rule or group
    # the syscall together with an exsiting rule

    # Append the full_rule if it cannot be grouped to any other rule
    if [ -z ${rule_to_edit+x} ]
    then
        # Build full_rule while avoid adding double spaces when other_filters is empty
        if [ "${#syscall_a[@]}" -gt 0 ]
        then
            syscall_string=""
            for syscall in "${syscall_a[@]}"
            do
                syscall_string+=" -S $syscall"
            done
        fi
        other_string=$([[ $OTHER_FILTERS ]] &amp;&amp; echo " $OTHER_FILTERS") || /bin/true
        auid_string=$([[ $AUID_FILTERS ]] &amp;&amp; echo " $AUID_FILTERS") || /bin/true
        full_rule="$ACTION_ARCH_FILTERS${syscall_string}${other_string}${auid_string} -F key=$KEY" || /bin/true
        echo "$full_rule" &gt;&gt; "$default_file"
        chmod 0600 ${default_file}
    else
        # Check if the syscalls are declared as a comma separated list or
        # as multiple -S parameters
        if grep -q -- "," &lt;&lt;&lt; "${rule_syscalls_to_edit}"
        then
            delimiter=","
        else
            delimiter=" -S "
        fi
        new_grouped_syscalls="${rule_syscalls_to_edit}"
        for syscall in "${syscall_a[@]}"
        do
            grep -q -- "\b${syscall}\b" &lt;&lt;&lt; "${rule_syscalls_to_edit}" || {
               # A syscall was not found in the candidate rule
               new_grouped_syscalls+="${delimiter}${syscall}"
               }
        done

        # Group the syscall in the rule
        sed -i -e "\#${rule_to_edit}#s#${rule_syscalls_to_edit}#${new_grouped_syscalls}#" "$file_to_edit"
    fi
fi
unset syscall_a
unset syscall_grouping
unset syscall_string
unset syscall
unset file_to_edit
unset rule_to_edit
unset rule_syscalls_to_edit
unset other_string
unset auid_string
unset full_rule

# Load macro arguments into arrays
read -a syscall_a &lt;&lt;&lt; $SYSCALL
read -a syscall_grouping &lt;&lt;&lt; $SYSCALL_GROUPING

# Create a list of audit *.rules files that should be inspected for presence and correctness
# of a particular audit rule. The scheme is as follows:
#
# -----------------------------------------------------------------------------------------
#  Tool used to load audit rules | Rule already defined  |  Audit rules file to inspect    |
# -----------------------------------------------------------------------------------------
#        auditctl                |     Doesn't matter    |  /etc/audit/audit.rules         |
# -----------------------------------------------------------------------------------------
#        augenrules              |          Yes          |  /etc/audit/rules.d/*.rules     |
#        augenrules              |          No           |  /etc/audit/rules.d/$key.rules  |
# -----------------------------------------------------------------------------------------
#
files_to_inspect=()


# If audit tool is 'auditctl', then add '/etc/audit/audit.rules'
# file to the list of files to be inspected
default_file="/etc/audit/audit.rules"
files_to_inspect+=('/etc/audit/audit.rules' )

# After converting to jinja, we cannot return; therefore we skip the rest of the macro if needed instead
skip=1

for audit_file in "${files_to_inspect[@]}"
do
    # Filter existing $audit_file rules' definitions to select those that satisfy the rule pattern,
    # i.e, collect rules that match:
    # * the action, list and arch, (2-nd argument)
    # * the other filters, (3-rd argument)
    # * the auid filters, (4-rd argument)
    readarray -t similar_rules &lt; &lt;(sed -e "/^$ACTION_ARCH_FILTERS/!d"  -e "\#$OTHER_FILTERS#!d" -e "/$AUID_FILTERS/!d" "$audit_file")

    candidate_rules=()
    # Filter out rules that have more fields then required. This will remove rules more specific than the required scope
    for s_rule in "${similar_rules[@]}"
    do
        # Strip all the options and fields we know of,
        # than check if there was any field left over
        extra_fields=$(sed -E -e "s/^$ACTION_ARCH_FILTERS//"  -e "s#$OTHER_FILTERS##" -e "s/$AUID_FILTERS//" -e "s/((:?-S [[:alnum:],]+)+)//g" -e "s/-F key=\w+|-k \w+//"&lt;&lt;&lt; "$s_rule")
        grep -q -- "-F" &lt;&lt;&lt; "$extra_fields" || candidate_rules+=("$s_rule")
    done

    if [[ ${#syscall_a[@]} -ge 1 ]]
    then
        # Check if the syscall we want is present in any of the similar existing rules
        for rule in "${candidate_rules[@]}"
        do
            rule_syscalls=$(echo "$rule" | grep -o -P '(-S [\w,]+)+' | xargs)
            all_syscalls_found=0
            for syscall in "${syscall_a[@]}"
            do
                grep -q -- "\b${syscall}\b" &lt;&lt;&lt; "$rule_syscalls" || {
                   # A syscall was not found in the candidate rule
                   all_syscalls_found=1
                   }
            done
            if [[ $all_syscalls_found -eq 0 ]]
            then
                # We found a rule with all the syscall(s) we want; skip rest of macro
                skip=0
                break
            fi

            # Check if this rule can be grouped with our target syscall and keep track of it
            for syscall_g in "${syscall_grouping[@]}"
            do
                if grep -q -- "\b${syscall_g}\b" &lt;&lt;&lt; "$rule_syscalls"
                then
                    file_to_edit=${audit_file}
                    rule_to_edit=${rule}
                    rule_syscalls_to_edit=${rule_syscalls}
                fi
            done
        done
    else
        # If there is any candidate rule, it is compliant; skip rest of macro
        if [ "${#candidate_rules[@]}" -gt 0 ]
        then
            skip=0
        fi
    fi

    if [ "$skip" -eq 0 ]; then
        break
    fi
done

if [ "$skip" -ne 0 ]; then
    # We checked all rules that matched the expected resemblance pattern (action, arch &amp; auid)
    # At this point we know if we need to either append the $full_rule or group
    # the syscall together with an exsiting rule

    # Append the full_rule if it cannot be grouped to any other rule
    if [ -z ${rule_to_edit+x} ]
    then
        # Build full_rule while avoid adding double spaces when other_filters is empty
        if [ "${#syscall_a[@]}" -gt 0 ]
        then
            syscall_string=""
            for syscall in "${syscall_a[@]}"
            do
                syscall_string+=" -S $syscall"
            done
        fi
        other_string=$([[ $OTHER_FILTERS ]] &amp;&amp; echo " $OTHER_FILTERS") || /bin/true
        auid_string=$([[ $AUID_FILTERS ]] &amp;&amp; echo " $AUID_FILTERS") || /bin/true
        full_rule="$ACTION_ARCH_FILTERS${syscall_string}${other_string}${auid_string} -F key=$KEY" || /bin/true
        echo "$full_rule" &gt;&gt; "$default_file"
        chmod 0600 ${default_file}
    else
        # Check if the syscalls are declared as a comma separated list or
        # as multiple -S parameters
        if grep -q -- "," &lt;&lt;&lt; "${rule_syscalls_to_edit}"
        then
            delimiter=","
        else
            delimiter=" -S "
        fi
        new_grouped_syscalls="${rule_syscalls_to_edit}"
        for syscall in "${syscall_a[@]}"
        do
            grep -q -- "\b${syscall}\b" &lt;&lt;&lt; "${rule_syscalls_to_edit}" || {
               # A syscall was not found in the candidate rule
               new_grouped_syscalls+="${delimiter}${syscall}"
               }
        done

        # Group the syscall in the rule
        sed -i -e "\#${rule_to_edit}#s#${rule_syscalls_to_edit}#${new_grouped_syscalls}#" "$file_to_edit"
    fi
fi

else
    &gt;&amp;2 echo 'Remediation is not applicable, nothing was done'
fi
</fix>
          <fix xmlns:xhtml="http://www.w3.org/1999/xhtml" id="audit_privileged_commands_reboot" system="urn:xccdf:fix:script:ansible" complexity="low" disruption="low" strategy="restrict">- name: Gather the package facts
  package_facts:
    manager: auto
  tags:
  - NIST-800-53-AU-12(c)
  - audit_privileged_commands_reboot
  - low_complexity
  - low_disruption
  - medium_severity
  - no_reboot_needed
  - restrict_strategy

- name: Ensure auditd Collects Information on the Use of Privileged Commands - reboot
    - Perform remediation of Audit rules for /sbin/reboot
  block:

  - name: Declare list of syscalls
    ansible.builtin.set_fact:
      syscalls: []
      syscall_grouping: []

  - name: Check existence of  in /etc/audit/rules.d/
    ansible.builtin.find:
      paths: /etc/audit/rules.d
      contains: -a always,exit(( -S |,)\w+)*(( -S |,){{ item }})+(( -S |,)\w+)* -F
        path=/sbin/reboot -F perm=x -F auid&gt;=1000 -F auid!=unset (-k\s+|-F\s+key=)\S+\s*$
      patterns: '*.rules'
    register: find_command
    loop: '{{ (syscall_grouping + syscalls) | unique }}'

  - name: Reset syscalls found per file
    ansible.builtin.set_fact:
      syscalls_per_file: {}
      found_paths_dict: {}

  - name: Declare syscalls found per file
    ansible.builtin.set_fact: syscalls_per_file="{{ syscalls_per_file | combine( {item.files[0].path
      :[item.item] + syscalls_per_file.get(item.files[0].path, []) } ) }}"
    loop: '{{ find_command.results | selectattr(''matched'') | list }}'

  - name: Declare files where syscalls were found
    ansible.builtin.set_fact: found_paths="{{ find_command.results | map(attribute='files')
      | flatten | map(attribute='path') | list }}"

  - name: Count occurrences of syscalls in paths
    ansible.builtin.set_fact: found_paths_dict="{{ found_paths_dict | combine({ item:1+found_paths_dict.get(item,
      0) }) }}"
    loop: '{{ find_command.results | map(attribute=''files'') | flatten | map(attribute=''path'')
      | list }}'

  - name: Get path with most syscalls
    ansible.builtin.set_fact: audit_file="{{ (found_paths_dict | dict2items() | sort(attribute='value')
      | last).key }}"
    when: found_paths | length &gt;= 1

  - name: No file with syscall found, set path to /etc/audit/rules.d/privileged.rules
    ansible.builtin.set_fact: audit_file="/etc/audit/rules.d/privileged.rules"
    when: found_paths | length == 0

  - name: Declare found syscalls
    ansible.builtin.set_fact: syscalls_found="{{ find_command.results | selectattr('matched')
      | map(attribute='item') | list }}"

  - name: Declare missing syscalls
    ansible.builtin.set_fact: missing_syscalls="{{ syscalls | difference(syscalls_found)
      }}"

  - name: Replace the audit rule in {{ audit_file }}
    ansible.builtin.lineinfile:
      path: '{{ audit_file }}'
      regexp: (-a always,exit)(?=.*(?:(?:-S |,)(?:{{ syscalls_per_file[audit_file]
        | join("|") }}))\b)((?:( -S |,)\w+)+)( -F path=/sbin/reboot -F perm=x -F auid&gt;=1000
        -F auid!=unset (?:-k |-F key=)\w+)
      line: \1\2\3{{ missing_syscalls | join("\3") }}\4
      backrefs: true
      state: present
      mode: g-rwx,o-rwx
    when: syscalls_found | length &gt; 0 and missing_syscalls | length &gt; 0

  - name: Add the audit rule to {{ audit_file }}
    ansible.builtin.lineinfile:
      path: '{{ audit_file }}'
      line: -a always,exit{{ syscalls | join(',') }} -F path=/sbin/reboot -F perm=x
        -F auid&gt;=1000 -F auid!=unset -F key=privileged
      create: true
      mode: g-rwx,o-rwx
      state: present
    when: syscalls_found | length == 0

  - name: Declare list of syscalls
    ansible.builtin.set_fact:
      syscalls: []
      syscall_grouping: []

  - name: Check existence of  in /etc/audit/audit.rules
    ansible.builtin.find:
      paths: /etc/audit
      contains: -a always,exit(( -S |,)\w+)*(( -S |,){{ item }})+(( -S |,)\w+)* -F
        path=/sbin/reboot -F perm=x -F auid&gt;=1000 -F auid!=unset (-k\s+|-F\s+key=)\S+\s*$
      patterns: audit.rules
    register: find_command
    loop: '{{ (syscall_grouping + syscalls) | unique }}'

  - name: Set path to /etc/audit/audit.rules
    ansible.builtin.set_fact: audit_file="/etc/audit/audit.rules"

  - name: Declare found syscalls
    ansible.builtin.set_fact: syscalls_found="{{ find_command.results | selectattr('matched')
      | map(attribute='item') | list }}"

  - name: Declare missing syscalls
    ansible.builtin.set_fact: missing_syscalls="{{ syscalls | difference(syscalls_found)
      }}"

  - name: Replace the audit rule in {{ audit_file }}
    ansible.builtin.lineinfile:
      path: '{{ audit_file }}'
      regexp: (-a always,exit)(?=.*(?:(?:-S |,)(?:{{ syscalls_found | join("|") }}))\b)((?:(
        -S |,)\w+)+)( -F path=/sbin/reboot -F perm=x -F auid&gt;=1000 -F auid!=unset
        (?:-k |-F key=)\w+)
      line: \1\2\3{{ missing_syscalls | join("\3") }}\4
      backrefs: true
      state: present
      mode: g-rwx,o-rwx
    when: syscalls_found | length &gt; 0 and missing_syscalls | length &gt; 0

  - name: Add the audit rule to {{ audit_file }}
    ansible.builtin.lineinfile:
      path: '{{ audit_file }}'
      line: -a always,exit{{ syscalls | join(',') }} -F path=/sbin/reboot -F perm=x
        -F auid&gt;=1000 -F auid!=unset -F key=privileged
      create: true
      mode: g-rwx,o-rwx
      state: present
    when: syscalls_found | length == 0
  when:
  - '"audit" in ansible_facts.packages'
  - ("kernel-default" in ansible_facts.packages or "kernel-default-base" in ansible_facts.packages)
  tags:
  - NIST-800-53-AU-12(c)
  - audit_privileged_commands_reboot
  - low_complexity
  - low_disruption
  - medium_severity
  - no_reboot_needed
  - restrict_strategy
</fix>
          <check system="http://oval.mitre.org/XMLSchema/oval-definitions-5">
            <check-content-ref name="oval:ssg-audit_privileged_commands_reboot:def:1" href="ssg-sle15-oval.xml"/>
          </check>
          <check system="http://scap.nist.gov/schema/ocil/2">
            <check-content-ref name="ocil:ssg-audit_privileged_commands_reboot_ocil:questionnaire:1" href="ssg-sle15-ocil.xml"/>
          </check>
        </Rule>
        <Rule id="xccdf_org.ssgproject.content_rule_audit_privileged_commands_shutdown" selected="false" role="full" severity="medium">
          <title xmlns:xhtml="http://www.w3.org/1999/xhtml" xml:lang="en-US">Ensure auditd Collects Information on the Use of Privileged Commands - shutdown</title>
          <description xmlns:xhtml="http://www.w3.org/1999/xhtml" xml:lang="en-US">


At a minimum, the audit system should collect the execution of privileged
commands for all users and root.

If the <html:code xmlns:html="http://www.w3.org/1999/xhtml">auditd</html:code> daemon is configured to use the <html:code xmlns:html="http://www.w3.org/1999/xhtml">augenrules</html:code>
program to read audit rules during daemon startup (the default), add
a line of the following form to a file with suffix <html:code xmlns:html="http://www.w3.org/1999/xhtml">.rules</html:code>
in the directory <html:code xmlns:html="http://www.w3.org/1999/xhtml">/etc/audit/rules.d</html:code>:
<html:pre xmlns:html="http://www.w3.org/1999/xhtml">-a always,exit -F path=/sbin/shutdown -F perm=x -F auid&gt;=1000 -F auid!=unset -F key=privileged</html:pre>

If the <html:code xmlns:html="http://www.w3.org/1999/xhtml">auditd</html:code> daemon is configured to use the <html:code xmlns:html="http://www.w3.org/1999/xhtml">auditctl</html:code>
utility to read audit rules during daemon startup, add a line of the
following form to <html:code xmlns:html="http://www.w3.org/1999/xhtml">/etc/audit/audit.rules</html:code>:
<html:pre xmlns:html="http://www.w3.org/1999/xhtml">-a always,exit -F path=/sbin/shutdown -F perm=x -F auid&gt;=1000 -F auid!=unset -F key=privileged</html:pre>
       </description>
          <reference href="http://nvlpubs.nist.gov/nistpubs/SpecialPublications/NIST.SP.800-53r4.pdf">AU-12(c)</reference>
          <reference href="https://www.cyber.mil/stigs/downloads/?_dl_facet_stigs=operating-systems%2Cgeneral-purpose-os">SRG-OS-000477-GPOS-00222</reference>
          <rationale xmlns:xhtml="http://www.w3.org/1999/xhtml" xml:lang="en-US">Misuse of the shutdown command may cause availability issues for the system.</rationale>
          <fix xmlns:xhtml="http://www.w3.org/1999/xhtml" id="audit_privileged_commands_shutdown" system="urn:xccdf:fix:script:sh"># Remediation is applicable only in certain platforms
if rpm --quiet -q audit &amp;&amp; rpm --quiet -q kernel-default || rpm --quiet -q kernel-default-base; then

# Retrieve hardware architecture of the underlying system
OTHER_FILTERS="-F path=/sbin/shutdown -F perm=x"
AUID_FILTERS="-F auid&gt;=1000 -F auid!=unset"
SYSCALL=""
KEY="privileged"
SYSCALL_GROUPING=""


ACTION_ARCH_FILTERS="-a always,exit"
# Perform the remediation for both possible tools: 'auditctl' and 'augenrules'
unset syscall_a
unset syscall_grouping
unset syscall_string
unset syscall
unset file_to_edit
unset rule_to_edit
unset rule_syscalls_to_edit
unset other_string
unset auid_string
unset full_rule

# Load macro arguments into arrays
read -a syscall_a &lt;&lt;&lt; $SYSCALL
read -a syscall_grouping &lt;&lt;&lt; $SYSCALL_GROUPING

# Create a list of audit *.rules files that should be inspected for presence and correctness
# of a particular audit rule. The scheme is as follows:
#
# -----------------------------------------------------------------------------------------
#  Tool used to load audit rules | Rule already defined  |  Audit rules file to inspect    |
# -----------------------------------------------------------------------------------------
#        auditctl                |     Doesn't matter    |  /etc/audit/audit.rules         |
# -----------------------------------------------------------------------------------------
#        augenrules              |          Yes          |  /etc/audit/rules.d/*.rules     |
#        augenrules              |          No           |  /etc/audit/rules.d/$key.rules  |
# -----------------------------------------------------------------------------------------
#
files_to_inspect=()

# If audit tool is 'augenrules', then check if the audit rule is defined
# If rule is defined, add '/etc/audit/rules.d/*.rules' to the list for inspection
# If rule isn't defined yet, add '/etc/audit/rules.d/$key.rules' to the list for inspection
default_file="/etc/audit/rules.d/$KEY.rules"
# As other_filters may include paths, lets use a different delimiter for it
# The "F" script expression tells sed to print the filenames where the expressions matched
readarray -t files_to_inspect &lt; &lt;(sed -s -n -e "/^$ACTION_ARCH_FILTERS/!d" -e "\#$OTHER_FILTERS#!d" -e "/$AUID_FILTERS/!d" -e "F" /etc/audit/rules.d/*.rules)
# Case when particular rule isn't defined in /etc/audit/rules.d/*.rules yet
if [ ${#files_to_inspect[@]} -eq "0" ]
then
    file_to_inspect="/etc/audit/rules.d/$KEY.rules"
    files_to_inspect=("$file_to_inspect")
    if [ ! -e "$file_to_inspect" ]
    then
        touch "$file_to_inspect"
        chmod 0600 "$file_to_inspect"
    fi
fi

# After converting to jinja, we cannot return; therefore we skip the rest of the macro if needed instead
skip=1

for audit_file in "${files_to_inspect[@]}"
do
    # Filter existing $audit_file rules' definitions to select those that satisfy the rule pattern,
    # i.e, collect rules that match:
    # * the action, list and arch, (2-nd argument)
    # * the other filters, (3-rd argument)
    # * the auid filters, (4-rd argument)
    readarray -t similar_rules &lt; &lt;(sed -e "/^$ACTION_ARCH_FILTERS/!d"  -e "\#$OTHER_FILTERS#!d" -e "/$AUID_FILTERS/!d" "$audit_file")

    candidate_rules=()
    # Filter out rules that have more fields then required. This will remove rules more specific than the required scope
    for s_rule in "${similar_rules[@]}"
    do
        # Strip all the options and fields we know of,
        # than check if there was any field left over
        extra_fields=$(sed -E -e "s/^$ACTION_ARCH_FILTERS//"  -e "s#$OTHER_FILTERS##" -e "s/$AUID_FILTERS//" -e "s/((:?-S [[:alnum:],]+)+)//g" -e "s/-F key=\w+|-k \w+//"&lt;&lt;&lt; "$s_rule")
        grep -q -- "-F" &lt;&lt;&lt; "$extra_fields" || candidate_rules+=("$s_rule")
    done

    if [[ ${#syscall_a[@]} -ge 1 ]]
    then
        # Check if the syscall we want is present in any of the similar existing rules
        for rule in "${candidate_rules[@]}"
        do
            rule_syscalls=$(echo "$rule" | grep -o -P '(-S [\w,]+)+' | xargs)
            all_syscalls_found=0
            for syscall in "${syscall_a[@]}"
            do
                grep -q -- "\b${syscall}\b" &lt;&lt;&lt; "$rule_syscalls" || {
                   # A syscall was not found in the candidate rule
                   all_syscalls_found=1
                   }
            done
            if [[ $all_syscalls_found -eq 0 ]]
            then
                # We found a rule with all the syscall(s) we want; skip rest of macro
                skip=0
                break
            fi

            # Check if this rule can be grouped with our target syscall and keep track of it
            for syscall_g in "${syscall_grouping[@]}"
            do
                if grep -q -- "\b${syscall_g}\b" &lt;&lt;&lt; "$rule_syscalls"
                then
                    file_to_edit=${audit_file}
                    rule_to_edit=${rule}
                    rule_syscalls_to_edit=${rule_syscalls}
                fi
            done
        done
    else
        # If there is any candidate rule, it is compliant; skip rest of macro
        if [ "${#candidate_rules[@]}" -gt 0 ]
        then
            skip=0
        fi
    fi

    if [ "$skip" -eq 0 ]; then
        break
    fi
done

if [ "$skip" -ne 0 ]; then
    # We checked all rules that matched the expected resemblance pattern (action, arch &amp; auid)
    # At this point we know if we need to either append the $full_rule or group
    # the syscall together with an exsiting rule

    # Append the full_rule if it cannot be grouped to any other rule
    if [ -z ${rule_to_edit+x} ]
    then
        # Build full_rule while avoid adding double spaces when other_filters is empty
        if [ "${#syscall_a[@]}" -gt 0 ]
        then
            syscall_string=""
            for syscall in "${syscall_a[@]}"
            do
                syscall_string+=" -S $syscall"
            done
        fi
        other_string=$([[ $OTHER_FILTERS ]] &amp;&amp; echo " $OTHER_FILTERS") || /bin/true
        auid_string=$([[ $AUID_FILTERS ]] &amp;&amp; echo " $AUID_FILTERS") || /bin/true
        full_rule="$ACTION_ARCH_FILTERS${syscall_string}${other_string}${auid_string} -F key=$KEY" || /bin/true
        echo "$full_rule" &gt;&gt; "$default_file"
        chmod 0600 ${default_file}
    else
        # Check if the syscalls are declared as a comma separated list or
        # as multiple -S parameters
        if grep -q -- "," &lt;&lt;&lt; "${rule_syscalls_to_edit}"
        then
            delimiter=","
        else
            delimiter=" -S "
        fi
        new_grouped_syscalls="${rule_syscalls_to_edit}"
        for syscall in "${syscall_a[@]}"
        do
            grep -q -- "\b${syscall}\b" &lt;&lt;&lt; "${rule_syscalls_to_edit}" || {
               # A syscall was not found in the candidate rule
               new_grouped_syscalls+="${delimiter}${syscall}"
               }
        done

        # Group the syscall in the rule
        sed -i -e "\#${rule_to_edit}#s#${rule_syscalls_to_edit}#${new_grouped_syscalls}#" "$file_to_edit"
    fi
fi
unset syscall_a
unset syscall_grouping
unset syscall_string
unset syscall
unset file_to_edit
unset rule_to_edit
unset rule_syscalls_to_edit
unset other_string
unset auid_string
unset full_rule

# Load macro arguments into arrays
read -a syscall_a &lt;&lt;&lt; $SYSCALL
read -a syscall_grouping &lt;&lt;&lt; $SYSCALL_GROUPING

# Create a list of audit *.rules files that should be inspected for presence and correctness
# of a particular audit rule. The scheme is as follows:
#
# -----------------------------------------------------------------------------------------
#  Tool used to load audit rules | Rule already defined  |  Audit rules file to inspect    |
# -----------------------------------------------------------------------------------------
#        auditctl                |     Doesn't matter    |  /etc/audit/audit.rules         |
# -----------------------------------------------------------------------------------------
#        augenrules              |          Yes          |  /etc/audit/rules.d/*.rules     |
#        augenrules              |          No           |  /etc/audit/rules.d/$key.rules  |
# -----------------------------------------------------------------------------------------
#
files_to_inspect=()


# If audit tool is 'auditctl', then add '/etc/audit/audit.rules'
# file to the list of files to be inspected
default_file="/etc/audit/audit.rules"
files_to_inspect+=('/etc/audit/audit.rules' )

# After converting to jinja, we cannot return; therefore we skip the rest of the macro if needed instead
skip=1

for audit_file in "${files_to_inspect[@]}"
do
    # Filter existing $audit_file rules' definitions to select those that satisfy the rule pattern,
    # i.e, collect rules that match:
    # * the action, list and arch, (2-nd argument)
    # * the other filters, (3-rd argument)
    # * the auid filters, (4-rd argument)
    readarray -t similar_rules &lt; &lt;(sed -e "/^$ACTION_ARCH_FILTERS/!d"  -e "\#$OTHER_FILTERS#!d" -e "/$AUID_FILTERS/!d" "$audit_file")

    candidate_rules=()
    # Filter out rules that have more fields then required. This will remove rules more specific than the required scope
    for s_rule in "${similar_rules[@]}"
    do
        # Strip all the options and fields we know of,
        # than check if there was any field left over
        extra_fields=$(sed -E -e "s/^$ACTION_ARCH_FILTERS//"  -e "s#$OTHER_FILTERS##" -e "s/$AUID_FILTERS//" -e "s/((:?-S [[:alnum:],]+)+)//g" -e "s/-F key=\w+|-k \w+//"&lt;&lt;&lt; "$s_rule")
        grep -q -- "-F" &lt;&lt;&lt; "$extra_fields" || candidate_rules+=("$s_rule")
    done

    if [[ ${#syscall_a[@]} -ge 1 ]]
    then
        # Check if the syscall we want is present in any of the similar existing rules
        for rule in "${candidate_rules[@]}"
        do
            rule_syscalls=$(echo "$rule" | grep -o -P '(-S [\w,]+)+' | xargs)
            all_syscalls_found=0
            for syscall in "${syscall_a[@]}"
            do
                grep -q -- "\b${syscall}\b" &lt;&lt;&lt; "$rule_syscalls" || {
                   # A syscall was not found in the candidate rule
                   all_syscalls_found=1
                   }
            done
            if [[ $all_syscalls_found -eq 0 ]]
            then
                # We found a rule with all the syscall(s) we want; skip rest of macro
                skip=0
                break
            fi

            # Check if this rule can be grouped with our target syscall and keep track of it
            for syscall_g in "${syscall_grouping[@]}"
            do
                if grep -q -- "\b${syscall_g}\b" &lt;&lt;&lt; "$rule_syscalls"
                then
                    file_to_edit=${audit_file}
                    rule_to_edit=${rule}
                    rule_syscalls_to_edit=${rule_syscalls}
                fi
            done
        done
    else
        # If there is any candidate rule, it is compliant; skip rest of macro
        if [ "${#candidate_rules[@]}" -gt 0 ]
        then
            skip=0
        fi
    fi

    if [ "$skip" -eq 0 ]; then
        break
    fi
done

if [ "$skip" -ne 0 ]; then
    # We checked all rules that matched the expected resemblance pattern (action, arch &amp; auid)
    # At this point we know if we need to either append the $full_rule or group
    # the syscall together with an exsiting rule

    # Append the full_rule if it cannot be grouped to any other rule
    if [ -z ${rule_to_edit+x} ]
    then
        # Build full_rule while avoid adding double spaces when other_filters is empty
        if [ "${#syscall_a[@]}" -gt 0 ]
        then
            syscall_string=""
            for syscall in "${syscall_a[@]}"
            do
                syscall_string+=" -S $syscall"
            done
        fi
        other_string=$([[ $OTHER_FILTERS ]] &amp;&amp; echo " $OTHER_FILTERS") || /bin/true
        auid_string=$([[ $AUID_FILTERS ]] &amp;&amp; echo " $AUID_FILTERS") || /bin/true
        full_rule="$ACTION_ARCH_FILTERS${syscall_string}${other_string}${auid_string} -F key=$KEY" || /bin/true
        echo "$full_rule" &gt;&gt; "$default_file"
        chmod 0600 ${default_file}
    else
        # Check if the syscalls are declared as a comma separated list or
        # as multiple -S parameters
        if grep -q -- "," &lt;&lt;&lt; "${rule_syscalls_to_edit}"
        then
            delimiter=","
        else
            delimiter=" -S "
        fi
        new_grouped_syscalls="${rule_syscalls_to_edit}"
        for syscall in "${syscall_a[@]}"
        do
            grep -q -- "\b${syscall}\b" &lt;&lt;&lt; "${rule_syscalls_to_edit}" || {
               # A syscall was not found in the candidate rule
               new_grouped_syscalls+="${delimiter}${syscall}"
               }
        done

        # Group the syscall in the rule
        sed -i -e "\#${rule_to_edit}#s#${rule_syscalls_to_edit}#${new_grouped_syscalls}#" "$file_to_edit"
    fi
fi

else
    &gt;&amp;2 echo 'Remediation is not applicable, nothing was done'
fi
</fix>
          <fix xmlns:xhtml="http://www.w3.org/1999/xhtml" id="audit_privileged_commands_shutdown" system="urn:xccdf:fix:script:ansible" complexity="low" disruption="low" strategy="restrict">- name: Gather the package facts
  package_facts:
    manager: auto
  tags:
  - NIST-800-53-AU-12(c)
  - audit_privileged_commands_shutdown
  - low_complexity
  - low_disruption
  - medium_severity
  - no_reboot_needed
  - restrict_strategy

- name: Ensure auditd Collects Information on the Use of Privileged Commands - shutdown
    - Perform remediation of Audit rules for /sbin/shutdown
  block:

  - name: Declare list of syscalls
    ansible.builtin.set_fact:
      syscalls: []
      syscall_grouping: []

  - name: Check existence of  in /etc/audit/rules.d/
    ansible.builtin.find:
      paths: /etc/audit/rules.d
      contains: -a always,exit(( -S |,)\w+)*(( -S |,){{ item }})+(( -S |,)\w+)* -F
        path=/sbin/shutdown -F perm=x -F auid&gt;=1000 -F auid!=unset (-k\s+|-F\s+key=)\S+\s*$
      patterns: '*.rules'
    register: find_command
    loop: '{{ (syscall_grouping + syscalls) | unique }}'

  - name: Reset syscalls found per file
    ansible.builtin.set_fact:
      syscalls_per_file: {}
      found_paths_dict: {}

  - name: Declare syscalls found per file
    ansible.builtin.set_fact: syscalls_per_file="{{ syscalls_per_file | combine( {item.files[0].path
      :[item.item] + syscalls_per_file.get(item.files[0].path, []) } ) }}"
    loop: '{{ find_command.results | selectattr(''matched'') | list }}'

  - name: Declare files where syscalls were found
    ansible.builtin.set_fact: found_paths="{{ find_command.results | map(attribute='files')
      | flatten | map(attribute='path') | list }}"

  - name: Count occurrences of syscalls in paths
    ansible.builtin.set_fact: found_paths_dict="{{ found_paths_dict | combine({ item:1+found_paths_dict.get(item,
      0) }) }}"
    loop: '{{ find_command.results | map(attribute=''files'') | flatten | map(attribute=''path'')
      | list }}'

  - name: Get path with most syscalls
    ansible.builtin.set_fact: audit_file="{{ (found_paths_dict | dict2items() | sort(attribute='value')
      | last).key }}"
    when: found_paths | length &gt;= 1

  - name: No file with syscall found, set path to /etc/audit/rules.d/privileged.rules
    ansible.builtin.set_fact: audit_file="/etc/audit/rules.d/privileged.rules"
    when: found_paths | length == 0

  - name: Declare found syscalls
    ansible.builtin.set_fact: syscalls_found="{{ find_command.results | selectattr('matched')
      | map(attribute='item') | list }}"

  - name: Declare missing syscalls
    ansible.builtin.set_fact: missing_syscalls="{{ syscalls | difference(syscalls_found)
      }}"

  - name: Replace the audit rule in {{ audit_file }}
    ansible.builtin.lineinfile:
      path: '{{ audit_file }}'
      regexp: (-a always,exit)(?=.*(?:(?:-S |,)(?:{{ syscalls_per_file[audit_file]
        | join("|") }}))\b)((?:( -S |,)\w+)+)( -F path=/sbin/shutdown -F perm=x -F
        auid&gt;=1000 -F auid!=unset (?:-k |-F key=)\w+)
      line: \1\2\3{{ missing_syscalls | join("\3") }}\4
      backrefs: true
      state: present
      mode: g-rwx,o-rwx
    when: syscalls_found | length &gt; 0 and missing_syscalls | length &gt; 0

  - name: Add the audit rule to {{ audit_file }}
    ansible.builtin.lineinfile:
      path: '{{ audit_file }}'
      line: -a always,exit{{ syscalls | join(',') }} -F path=/sbin/shutdown -F perm=x
        -F auid&gt;=1000 -F auid!=unset -F key=privileged
      create: true
      mode: g-rwx,o-rwx
      state: present
    when: syscalls_found | length == 0

  - name: Declare list of syscalls
    ansible.builtin.set_fact:
      syscalls: []
      syscall_grouping: []

  - name: Check existence of  in /etc/audit/audit.rules
    ansible.builtin.find:
      paths: /etc/audit
      contains: -a always,exit(( -S |,)\w+)*(( -S |,){{ item }})+(( -S |,)\w+)* -F
        path=/sbin/shutdown -F perm=x -F auid&gt;=1000 -F auid!=unset (-k\s+|-F\s+key=)\S+\s*$
      patterns: audit.rules
    register: find_command
    loop: '{{ (syscall_grouping + syscalls) | unique }}'

  - name: Set path to /etc/audit/audit.rules
    ansible.builtin.set_fact: audit_file="/etc/audit/audit.rules"

  - name: Declare found syscalls
    ansible.builtin.set_fact: syscalls_found="{{ find_command.results | selectattr('matched')
      | map(attribute='item') | list }}"

  - name: Declare missing syscalls
    ansible.builtin.set_fact: missing_syscalls="{{ syscalls | difference(syscalls_found)
      }}"

  - name: Replace the audit rule in {{ audit_file }}
    ansible.builtin.lineinfile:
      path: '{{ audit_file }}'
      regexp: (-a always,exit)(?=.*(?:(?:-S |,)(?:{{ syscalls_found | join("|") }}))\b)((?:(
        -S |,)\w+)+)( -F path=/sbin/shutdown -F perm=x -F auid&gt;=1000 -F auid!=unset
        (?:-k |-F key=)\w+)
      line: \1\2\3{{ missing_syscalls | join("\3") }}\4
      backrefs: true
      state: present
      mode: g-rwx,o-rwx
    when: syscalls_found | length &gt; 0 and missing_syscalls | length &gt; 0

  - name: Add the audit rule to {{ audit_file }}
    ansible.builtin.lineinfile:
      path: '{{ audit_file }}'
      line: -a always,exit{{ syscalls | join(',') }} -F path=/sbin/shutdown -F perm=x
        -F auid&gt;=1000 -F auid!=unset -F key=privileged
      create: true
      mode: g-rwx,o-rwx
      state: present
    when: syscalls_found | length == 0
  when:
  - '"audit" in ansible_facts.packages'
  - ("kernel-default" in ansible_facts.packages or "kernel-default-base" in ansible_facts.packages)
  tags:
  - NIST-800-53-AU-12(c)
  - audit_privileged_commands_shutdown
  - low_complexity
  - low_disruption
  - medium_severity
  - no_reboot_needed
  - restrict_strategy
</fix>
          <check system="http://oval.mitre.org/XMLSchema/oval-definitions-5">
            <check-content-ref name="oval:ssg-audit_privileged_commands_shutdown:def:1" href="ssg-sle15-oval.xml"/>
          </check>
          <check system="http://scap.nist.gov/schema/ocil/2">
            <check-content-ref name="ocil:ssg-audit_privileged_commands_shutdown_ocil:questionnaire:1" href="ssg-sle15-ocil.xml"/>
          </check>
        </Rule>
        <Rule id="xccdf_org.ssgproject.content_rule_audit_rules_privileged_commands" selected="false" role="full" severity="medium">
          <title xmlns:xhtml="http://www.w3.org/1999/xhtml" xml:lang="en-US">Ensure auditd Collects Information on the Use of Privileged Commands</title>
          <description xmlns:xhtml="http://www.w3.org/1999/xhtml" xml:lang="en-US">The audit system should collect information about usage of privileged commands for all users.
These are commands with suid or sgid bits on and they are specially risky in local block
device partitions not mounted with noexec and nosuid options. Therefore, these partitions
should be first identified by the following command:
<html:pre xmlns:html="http://www.w3.org/1999/xhtml">findmnt -n -l -k -it $(awk '/nodev/ { print $2 }' /proc/filesystems | paste -sd,) | grep -Pv "noexec|nosuid"</html:pre>

For all partitions listed by the previous command, it is necessary to search for
setuid / setgid programs using the following command:
<html:pre xmlns:html="http://www.w3.org/1999/xhtml">$ sudo find <html:i>PARTITION</html:i> -xdev -perm /6000 -type f 2&gt;/dev/null</html:pre>

For each setuid / setgid program identified by the previous command, an audit rule must be
present in the appropriate place using the following line structure, setting ARCH to either b32 for 32-bit
system, or having two lines for both b32 and b64 in case your system is 64-bit:
<html:pre xmlns:html="http://www.w3.org/1999/xhtml">-a always,exit -F arch=ARCH -F path=<html:i>PROG_PATH</html:i> -F perm=x -F auid&gt;=1000 -F auid!=unset -F key=privileged</html:pre>

If the <html:code xmlns:html="http://www.w3.org/1999/xhtml">auditd</html:code> daemon is configured to use the <html:code xmlns:html="http://www.w3.org/1999/xhtml">augenrules</html:code> program to read
audit rules during daemon startup, add the line to a file with suffix <html:code xmlns:html="http://www.w3.org/1999/xhtml">.rules</html:code> in the
<html:code xmlns:html="http://www.w3.org/1999/xhtml">/etc/audit/rules.d</html:code> directory, replacing the <html:i xmlns:html="http://www.w3.org/1999/xhtml">PROG_PATH</html:i> part with the full path
of that setuid / setgid identified program.

If the <html:code xmlns:html="http://www.w3.org/1999/xhtml">auditd</html:code> daemon is configured to use the <html:code xmlns:html="http://www.w3.org/1999/xhtml">auditctl</html:code> utility instead, add
the line to the <html:code xmlns:html="http://www.w3.org/1999/xhtml">/etc/audit/audit.rules</html:code> file, also replacing the <html:i xmlns:html="http://www.w3.org/1999/xhtml">PROG_PATH</html:i> part
with the full path of that setuid / setgid identified program.</description>
          <warning xmlns:xhtml="http://www.w3.org/1999/xhtml" xml:lang="en-US" category="general">This rule checks for multiple syscalls related to privileged commands. If needed to check
specific privileged commands, other more specific rules should be considered. For example:
<html:ul xmlns:html="http://www.w3.org/1999/xhtml"><html:li><html:code>audit_rules_privileged_commands_su</html:code></html:li><html:li><html:code>audit_rules_privileged_commands_umount</html:code></html:li><html:li><html:code>audit_rules_privileged_commands_passwd</html:code></html:li></html:ul>
       </warning>
          <warning xmlns:xhtml="http://www.w3.org/1999/xhtml" xml:lang="en-US" category="general">Note that OVAL check and Bash / Ansible remediation of this rule
explicitly excludes file systems mounted at <html:code xmlns:html="http://www.w3.org/1999/xhtml">/proc</html:code> directory
and its subdirectories. It is a virtual file system and it doesn't
contain executable applications. At the same time, interacting with this
file system during check or remediation caused undesirable errors.</warning>
          <reference href="https://www.cisecurity.org/controls/">1</reference>
          <reference href="https://www.cisecurity.org/controls/">11</reference>
          <reference href="https://www.cisecurity.org/controls/">12</reference>
          <reference href="https://www.cisecurity.org/controls/">13</reference>
          <reference href="https://www.cisecurity.org/controls/">14</reference>
          <reference href="https://www.cisecurity.org/controls/">15</reference>
          <reference href="https://www.cisecurity.org/controls/">16</reference>
          <reference href="https://www.cisecurity.org/controls/">19</reference>
          <reference href="https://www.cisecurity.org/controls/">2</reference>
          <reference href="https://www.cisecurity.org/controls/">3</reference>
          <reference href="https://www.cisecurity.org/controls/">4</reference>
          <reference href="https://www.cisecurity.org/controls/">5</reference>
          <reference href="https://www.cisecurity.org/controls/">6</reference>
          <reference href="https://www.cisecurity.org/controls/">7</reference>
          <reference href="https://www.cisecurity.org/controls/">8</reference>
          <reference href="https://www.cisecurity.org/controls/">9</reference>
          <reference href="https://www.fbi.gov/file-repository/cjis-security-policy-v5_5_20160601-2-1.pdf">5.4.1.1</reference>
          <reference href="https://www.isaca.org/resources/cobit">APO08.04</reference>
          <reference href="https://www.isaca.org/resources/cobit">APO10.01</reference>
          <reference href="https://www.isaca.org/resources/cobit">APO10.03</reference>
          <reference href="https://www.isaca.org/resources/cobit">APO10.04</reference>
          <reference href="https://www.isaca.org/resources/cobit">APO10.05</reference>
          <reference href="https://www.isaca.org/resources/cobit">APO11.04</reference>
          <reference href="https://www.isaca.org/resources/cobit">APO12.06</reference>
          <reference href="https://www.isaca.org/resources/cobit">APO13.01</reference>
          <reference href="https://www.isaca.org/resources/cobit">BAI03.05</reference>
          <reference href="https://www.isaca.org/resources/cobit">BAI08.02</reference>
          <reference href="https://www.isaca.org/resources/cobit">DSS01.03</reference>
          <reference href="https://www.isaca.org/resources/cobit">DSS01.04</reference>
          <reference href="https://www.isaca.org/resources/cobit">DSS02.02</reference>
          <reference href="https://www.isaca.org/resources/cobit">DSS02.04</reference>
          <reference href="https://www.isaca.org/resources/cobit">DSS02.05</reference>
          <reference href="https://www.isaca.org/resources/cobit">DSS02.07</reference>
          <reference href="https://www.isaca.org/resources/cobit">DSS03.01</reference>
          <reference href="https://www.isaca.org/resources/cobit">DSS03.05</reference>
          <reference href="https://www.isaca.org/resources/cobit">DSS05.02</reference>
          <reference href="https://www.isaca.org/resources/cobit">DSS05.03</reference>
          <reference href="https://www.isaca.org/resources/cobit">DSS05.04</reference>
          <reference href="https://www.isaca.org/resources/cobit">DSS05.05</reference>
          <reference href="https://www.isaca.org/resources/cobit">DSS05.07</reference>
          <reference href="https://www.isaca.org/resources/cobit">MEA01.01</reference>
          <reference href="https://www.isaca.org/resources/cobit">MEA01.02</reference>
          <reference href="https://www.isaca.org/resources/cobit">MEA01.03</reference>
          <reference href="https://www.isaca.org/resources/cobit">MEA01.04</reference>
          <reference href="https://www.isaca.org/resources/cobit">MEA01.05</reference>
          <reference href="https://www.isaca.org/resources/cobit">MEA02.01</reference>
          <reference href="http://nvlpubs.nist.gov/nistpubs/SpecialPublications/NIST.SP.800-171.pdf">3.1.7</reference>
          <reference href="https://www.isa.org/products/isa-62443-2-1-2009-security-for-industrial-automat">4.2.3.10</reference>
          <reference href="https://www.isa.org/products/isa-62443-2-1-2009-security-for-industrial-automat">4.3.2.6.7</reference>
          <reference href="https://www.isa.org/products/isa-62443-2-1-2009-security-for-industrial-automat">4.3.3.3.9</reference>
          <reference href="https://www.isa.org/products/isa-62443-2-1-2009-security-for-industrial-automat">4.3.3.5.8</reference>
          <reference href="https://www.isa.org/products/isa-62443-2-1-2009-security-for-industrial-automat">4.3.3.6.6</reference>
          <reference href="https://www.isa.org/products/isa-62443-2-1-2009-security-for-industrial-automat">4.3.4.4.7</reference>
          <reference href="https://www.isa.org/products/isa-62443-2-1-2009-security-for-industrial-automat">4.3.4.5.5</reference>
          <reference href="https://www.isa.org/products/isa-62443-2-1-2009-security-for-industrial-automat">4.3.4.5.6</reference>
          <reference href="https://www.isa.org/products/isa-62443-2-1-2009-security-for-industrial-automat">4.3.4.5.7</reference>
          <reference href="https://www.isa.org/products/isa-62443-2-1-2009-security-for-industrial-automat">4.3.4.5.8</reference>
          <reference href="https://www.isa.org/products/isa-62443-2-1-2009-security-for-industrial-automat">4.3.4.5.9</reference>
          <reference href="https://www.isa.org/products/isa-62443-2-1-2009-security-for-industrial-automat">4.4.2.1</reference>
          <reference href="https://www.isa.org/products/isa-62443-2-1-2009-security-for-industrial-automat">4.4.2.2</reference>
          <reference href="https://www.isa.org/products/isa-62443-2-1-2009-security-for-industrial-automat">4.4.2.4</reference>
          <reference href="https://www.isa.org/products/ansi-isa-62443-3-3-99-03-03-2013-security-for-indu">SR 1.13</reference>
          <reference href="https://www.isa.org/products/ansi-isa-62443-3-3-99-03-03-2013-security-for-indu">SR 2.10</reference>
          <reference href="https://www.isa.org/products/ansi-isa-62443-3-3-99-03-03-2013-security-for-indu">SR 2.11</reference>
          <reference href="https://www.isa.org/products/ansi-isa-62443-3-3-99-03-03-2013-security-for-indu">SR 2.12</reference>
          <reference href="https://www.isa.org/products/ansi-isa-62443-3-3-99-03-03-2013-security-for-indu">SR 2.6</reference>
          <reference href="https://www.isa.org/products/ansi-isa-62443-3-3-99-03-03-2013-security-for-indu">SR 2.8</reference>
          <reference href="https://www.isa.org/products/ansi-isa-62443-3-3-99-03-03-2013-security-for-indu">SR 2.9</reference>
          <reference href="https://www.isa.org/products/ansi-isa-62443-3-3-99-03-03-2013-security-for-indu">SR 3.1</reference>
          <reference href="https://www.isa.org/products/ansi-isa-62443-3-3-99-03-03-2013-security-for-indu">SR 3.5</reference>
          <reference href="https://www.isa.org/products/ansi-isa-62443-3-3-99-03-03-2013-security-for-indu">SR 3.8</reference>
          <reference href="https://www.isa.org/products/ansi-isa-62443-3-3-99-03-03-2013-security-for-indu">SR 3.9</reference>
          <reference href="https://www.isa.org/products/ansi-isa-62443-3-3-99-03-03-2013-security-for-indu">SR 4.1</reference>
          <reference href="https://www.isa.org/products/ansi-isa-62443-3-3-99-03-03-2013-security-for-indu">SR 4.3</reference>
          <reference href="https://www.isa.org/products/ansi-isa-62443-3-3-99-03-03-2013-security-for-indu">SR 5.1</reference>
          <reference href="https://www.isa.org/products/ansi-isa-62443-3-3-99-03-03-2013-security-for-indu">SR 5.2</reference>
          <reference href="https://www.isa.org/products/ansi-isa-62443-3-3-99-03-03-2013-security-for-indu">SR 5.3</reference>
          <reference href="https://www.isa.org/products/ansi-isa-62443-3-3-99-03-03-2013-security-for-indu">SR 6.1</reference>
          <reference href="https://www.isa.org/products/ansi-isa-62443-3-3-99-03-03-2013-security-for-indu">SR 6.2</reference>
          <reference href="https://www.isa.org/products/ansi-isa-62443-3-3-99-03-03-2013-security-for-indu">SR 7.1</reference>
          <reference href="https://www.isa.org/products/ansi-isa-62443-3-3-99-03-03-2013-security-for-indu">SR 7.6</reference>
          <reference href="https://www.iso.org/contents/data/standard/05/45/54534.html">A.11.2.6</reference>
          <reference href="https://www.iso.org/contents/data/standard/05/45/54534.html">A.12.4.1</reference>
          <reference href="https://www.iso.org/contents/data/standard/05/45/54534.html">A.12.4.2</reference>
          <reference href="https://www.iso.org/contents/data/standard/05/45/54534.html">A.12.4.3</reference>
          <reference href="https://www.iso.org/contents/data/standard/05/45/54534.html">A.12.4.4</reference>
          <reference href="https://www.iso.org/contents/data/standard/05/45/54534.html">A.12.7.1</reference>
          <reference href="https://www.iso.org/contents/data/standard/05/45/54534.html">A.13.1.1</reference>
          <reference href="https://www.iso.org/contents/data/standard/05/45/54534.html">A.13.2.1</reference>
          <reference href="https://www.iso.org/contents/data/standard/05/45/54534.html">A.14.1.3</reference>
          <reference href="https://www.iso.org/contents/data/standard/05/45/54534.html">A.14.2.7</reference>
          <reference href="https://www.iso.org/contents/data/standard/05/45/54534.html">A.15.2.1</reference>
          <reference href="https://www.iso.org/contents/data/standard/05/45/54534.html">A.15.2.2</reference>
          <reference href="https://www.iso.org/contents/data/standard/05/45/54534.html">A.16.1.1</reference>
          <reference href="https://www.iso.org/contents/data/standard/05/45/54534.html">A.16.1.2</reference>
          <reference href="https://www.iso.org/contents/data/standard/05/45/54534.html">A.16.1.3</reference>
          <reference href="https://www.iso.org/contents/data/standard/05/45/54534.html">A.16.1.4</reference>
          <reference href="https://www.iso.org/contents/data/standard/05/45/54534.html">A.16.1.5</reference>
          <reference href="https://www.iso.org/contents/data/standard/05/45/54534.html">A.16.1.7</reference>
          <reference href="https://www.iso.org/contents/data/standard/05/45/54534.html">A.6.1.3</reference>
          <reference href="https://www.iso.org/contents/data/standard/05/45/54534.html">A.6.2.1</reference>
          <reference href="https://www.iso.org/contents/data/standard/05/45/54534.html">A.6.2.2</reference>
          <reference href="https://www.nerc.com/standards/reliability-standards/cip">CIP-004-6 R2.2.2</reference>
          <reference href="https://www.nerc.com/standards/reliability-standards/cip">CIP-004-6 R2.2.3</reference>
          <reference href="https://www.nerc.com/standards/reliability-standards/cip">CIP-007-3 R.1.3</reference>
          <reference href="https://www.nerc.com/standards/reliability-standards/cip">CIP-007-3 R5</reference>
          <reference href="https://www.nerc.com/standards/reliability-standards/cip">CIP-007-3 R5.1.1</reference>
          <reference href="https://www.nerc.com/standards/reliability-standards/cip">CIP-007-3 R5.1.3</reference>
          <reference href="https://www.nerc.com/standards/reliability-standards/cip">CIP-007-3 R5.2.1</reference>
          <reference href="https://www.nerc.com/standards/reliability-standards/cip">CIP-007-3 R5.2.3</reference>
          <reference href="http://nvlpubs.nist.gov/nistpubs/SpecialPublications/NIST.SP.800-53r4.pdf">AC-2(4)</reference>
          <reference href="http://nvlpubs.nist.gov/nistpubs/SpecialPublications/NIST.SP.800-53r4.pdf">AU-2(d)</reference>
          <reference href="http://nvlpubs.nist.gov/nistpubs/SpecialPublications/NIST.SP.800-53r4.pdf">AU-12(c)</reference>
          <reference href="http://nvlpubs.nist.gov/nistpubs/SpecialPublications/NIST.SP.800-53r4.pdf">AC-6(9)</reference>
          <reference href="http://nvlpubs.nist.gov/nistpubs/SpecialPublications/NIST.SP.800-53r4.pdf">CM-6(a)</reference>
          <reference href="https://nvlpubs.nist.gov/nistpubs/CSWP/NIST.CSWP.04162018.pdf">DE.AE-2</reference>
          <reference href="https://nvlpubs.nist.gov/nistpubs/CSWP/NIST.CSWP.04162018.pdf">DE.AE-3</reference>
          <reference href="https://nvlpubs.nist.gov/nistpubs/CSWP/NIST.CSWP.04162018.pdf">DE.AE-5</reference>
          <reference href="https://nvlpubs.nist.gov/nistpubs/CSWP/NIST.CSWP.04162018.pdf">DE.CM-1</reference>
          <reference href="https://nvlpubs.nist.gov/nistpubs/CSWP/NIST.CSWP.04162018.pdf">DE.CM-3</reference>
          <reference href="https://nvlpubs.nist.gov/nistpubs/CSWP/NIST.CSWP.04162018.pdf">DE.CM-7</reference>
          <reference href="https://nvlpubs.nist.gov/nistpubs/CSWP/NIST.CSWP.04162018.pdf">DE.DP-4</reference>
          <reference href="https://nvlpubs.nist.gov/nistpubs/CSWP/NIST.CSWP.04162018.pdf">ID.SC-4</reference>
          <reference href="https://nvlpubs.nist.gov/nistpubs/CSWP/NIST.CSWP.04162018.pdf">PR.AC-3</reference>
          <reference href="https://nvlpubs.nist.gov/nistpubs/CSWP/NIST.CSWP.04162018.pdf">PR.PT-1</reference>
          <reference href="https://nvlpubs.nist.gov/nistpubs/CSWP/NIST.CSWP.04162018.pdf">PR.PT-4</reference>
          <reference href="https://nvlpubs.nist.gov/nistpubs/CSWP/NIST.CSWP.04162018.pdf">RS.AN-1</reference>
          <reference href="https://nvlpubs.nist.gov/nistpubs/CSWP/NIST.CSWP.04162018.pdf">RS.AN-4</reference>
          <reference href="https://nvlpubs.nist.gov/nistpubs/CSWP/NIST.CSWP.04162018.pdf">RS.CO-2</reference>
          <reference href="https://www.pcisecuritystandards.org/documents/PCI_DSS_v3-2-1.pdf">Req-10.2.2</reference>
          <reference href="https://www.cyber.mil/stigs/downloads/?_dl_facet_stigs=operating-systems%2Cgeneral-purpose-os">SRG-OS-000327-GPOS-00127</reference>
          <reference href="https://www.cisecurity.org/benchmark/suse_linux/">4.1.11</reference>
          <reference href="https://cyber.gouv.fr/sites/default/files/document/linux_configuration-en-v2.pdf">R73</reference>
          <reference href="not_publicly_available">SLES-15-750450210</reference>
          <reference href="https://www.cyber.gov.au/acsc/view-all-content/ism">0582</reference>
          <reference href="https://www.cyber.gov.au/acsc/view-all-content/ism">0846</reference>
          <rationale xmlns:xhtml="http://www.w3.org/1999/xhtml" xml:lang="en-US">Misuse of privileged functions, either intentionally or unintentionally by authorized users,
or by unauthorized external entities that have compromised system accounts, is a serious and
ongoing concern that can have significant adverse impacts on organizations.
Auditing the use of privileged functions is one way to detect such misuse and identify the
risk from insider and advanced persistent threats.
<html:br xmlns:html="http://www.w3.org/1999/xhtml"/>
        <html:br xmlns:html="http://www.w3.org/1999/xhtml"/>
Privileged programs are subject to escalation-of-privilege attacks, which attempt to subvert
their normal role of providing some necessary but limited capability. As such, motivation
exists to monitor these programs for unusual activity.</rationale>
          <ident system="https://ncp.nist.gov/cce">CCE-91251-9</ident>
          <fix xmlns:xhtml="http://www.w3.org/1999/xhtml" id="audit_rules_privileged_commands" system="urn:xccdf:fix:script:sh" complexity="low" disruption="low" strategy="configure"># Remediation is applicable only in certain platforms
if rpm --quiet -q audit &amp;&amp; rpm --quiet -q kernel-default || rpm --quiet -q kernel-default-base; then

ACTION_ARCH_FILTERS="-a always,exit"
AUID_FILTERS="-F auid&gt;=1000 -F auid!=unset"
SYSCALL=""
KEY="privileged"
SYSCALL_GROUPING=""

function add_audit_rule()
{
    local PRIV_CMD="$1"
    local OTHER_FILTERS="-F path=$PRIV_CMD -F perm=x"
    # Perform the remediation for both possible tools: 'auditctl' and 'augenrules'
    unset syscall_a
    unset syscall_grouping
    unset syscall_string
    unset syscall
    unset file_to_edit
    unset rule_to_edit
    unset rule_syscalls_to_edit
    unset other_string
    unset auid_string
    unset full_rule

    # Load macro arguments into arrays
    read -a syscall_a &lt;&lt;&lt; $SYSCALL
    read -a syscall_grouping &lt;&lt;&lt; $SYSCALL_GROUPING

    # Create a list of audit *.rules files that should be inspected for presence and correctness
    # of a particular audit rule. The scheme is as follows:
    #
    # -----------------------------------------------------------------------------------------
    #  Tool used to load audit rules | Rule already defined  |  Audit rules file to inspect    |
    # -----------------------------------------------------------------------------------------
    #        auditctl                |     Doesn't matter    |  /etc/audit/audit.rules         |
    # -----------------------------------------------------------------------------------------
    #        augenrules              |          Yes          |  /etc/audit/rules.d/*.rules     |
    #        augenrules              |          No           |  /etc/audit/rules.d/$key.rules  |
    # -----------------------------------------------------------------------------------------
    #
    files_to_inspect=()

    # If audit tool is 'augenrules', then check if the audit rule is defined
    # If rule is defined, add '/etc/audit/rules.d/*.rules' to the list for inspection
    # If rule isn't defined yet, add '/etc/audit/rules.d/$key.rules' to the list for inspection
    default_file="/etc/audit/rules.d/$KEY.rules"
    # As other_filters may include paths, lets use a different delimiter for it
    # The "F" script expression tells sed to print the filenames where the expressions matched
    readarray -t files_to_inspect &lt; &lt;(sed -s -n -e "/^$ACTION_ARCH_FILTERS/!d" -e "\#$OTHER_FILTERS#!d" -e "/$AUID_FILTERS/!d" -e "F" /etc/audit/rules.d/*.rules)
    # Case when particular rule isn't defined in /etc/audit/rules.d/*.rules yet
    if [ ${#files_to_inspect[@]} -eq "0" ]
    then
        file_to_inspect="/etc/audit/rules.d/$KEY.rules"
        files_to_inspect=("$file_to_inspect")
        if [ ! -e "$file_to_inspect" ]
        then
            touch "$file_to_inspect"
            chmod 0600 "$file_to_inspect"
        fi
    fi

    # After converting to jinja, we cannot return; therefore we skip the rest of the macro if needed instead
    skip=1

    for audit_file in "${files_to_inspect[@]}"
    do
        # Filter existing $audit_file rules' definitions to select those that satisfy the rule pattern,
        # i.e, collect rules that match:
        # * the action, list and arch, (2-nd argument)
        # * the other filters, (3-rd argument)
        # * the auid filters, (4-rd argument)
        readarray -t similar_rules &lt; &lt;(sed -e "/^$ACTION_ARCH_FILTERS/!d"  -e "\#$OTHER_FILTERS#!d" -e "/$AUID_FILTERS/!d" "$audit_file")

        candidate_rules=()
        # Filter out rules that have more fields then required. This will remove rules more specific than the required scope
        for s_rule in "${similar_rules[@]}"
        do
            # Strip all the options and fields we know of,
            # than check if there was any field left over
            extra_fields=$(sed -E -e "s/^$ACTION_ARCH_FILTERS//"  -e "s#$OTHER_FILTERS##" -e "s/$AUID_FILTERS//" -e "s/((:?-S [[:alnum:],]+)+)//g" -e "s/-F key=\w+|-k \w+//"&lt;&lt;&lt; "$s_rule")
            grep -q -- "-F" &lt;&lt;&lt; "$extra_fields" || candidate_rules+=("$s_rule")
        done

        if [[ ${#syscall_a[@]} -ge 1 ]]
        then
            # Check if the syscall we want is present in any of the similar existing rules
            for rule in "${candidate_rules[@]}"
            do
                rule_syscalls=$(echo "$rule" | grep -o -P '(-S [\w,]+)+' | xargs)
                all_syscalls_found=0
                for syscall in "${syscall_a[@]}"
                do
                    grep -q -- "\b${syscall}\b" &lt;&lt;&lt; "$rule_syscalls" || {
                       # A syscall was not found in the candidate rule
                       all_syscalls_found=1
                       }
                done
                if [[ $all_syscalls_found -eq 0 ]]
                then
                    # We found a rule with all the syscall(s) we want; skip rest of macro
                    skip=0
                    break
                fi

                # Check if this rule can be grouped with our target syscall and keep track of it
                for syscall_g in "${syscall_grouping[@]}"
                do
                    if grep -q -- "\b${syscall_g}\b" &lt;&lt;&lt; "$rule_syscalls"
                    then
                        file_to_edit=${audit_file}
                        rule_to_edit=${rule}
                        rule_syscalls_to_edit=${rule_syscalls}
                    fi
                done
            done
        else
            # If there is any candidate rule, it is compliant; skip rest of macro
            if [ "${#candidate_rules[@]}" -gt 0 ]
            then
                skip=0
            fi
        fi

        if [ "$skip" -eq 0 ]; then
            break
        fi
    done

    if [ "$skip" -ne 0 ]; then
        # We checked all rules that matched the expected resemblance pattern (action, arch &amp; auid)
        # At this point we know if we need to either append the $full_rule or group
        # the syscall together with an exsiting rule

        # Append the full_rule if it cannot be grouped to any other rule
        if [ -z ${rule_to_edit+x} ]
        then
            # Build full_rule while avoid adding double spaces when other_filters is empty
            if [ "${#syscall_a[@]}" -gt 0 ]
            then
                syscall_string=""
                for syscall in "${syscall_a[@]}"
                do
                    syscall_string+=" -S $syscall"
                done
            fi
            other_string=$([[ $OTHER_FILTERS ]] &amp;&amp; echo " $OTHER_FILTERS") || /bin/true
            auid_string=$([[ $AUID_FILTERS ]] &amp;&amp; echo " $AUID_FILTERS") || /bin/true
            full_rule="$ACTION_ARCH_FILTERS${syscall_string}${other_string}${auid_string} -F key=$KEY" || /bin/true
            echo "$full_rule" &gt;&gt; "$default_file"
            chmod 0600 ${default_file}
        else
            # Check if the syscalls are declared as a comma separated list or
            # as multiple -S parameters
            if grep -q -- "," &lt;&lt;&lt; "${rule_syscalls_to_edit}"
            then
                delimiter=","
            else
                delimiter=" -S "
            fi
            new_grouped_syscalls="${rule_syscalls_to_edit}"
            for syscall in "${syscall_a[@]}"
            do
                grep -q -- "\b${syscall}\b" &lt;&lt;&lt; "${rule_syscalls_to_edit}" || {
                   # A syscall was not found in the candidate rule
                   new_grouped_syscalls+="${delimiter}${syscall}"
                   }
            done

            # Group the syscall in the rule
            sed -i -e "\#${rule_to_edit}#s#${rule_syscalls_to_edit}#${new_grouped_syscalls}#" "$file_to_edit"
        fi
    fi
    unset syscall_a
    unset syscall_grouping
    unset syscall_string
    unset syscall
    unset file_to_edit
    unset rule_to_edit
    unset rule_syscalls_to_edit
    unset other_string
    unset auid_string
    unset full_rule

    # Load macro arguments into arrays
    read -a syscall_a &lt;&lt;&lt; $SYSCALL
    read -a syscall_grouping &lt;&lt;&lt; $SYSCALL_GROUPING

    # Create a list of audit *.rules files that should be inspected for presence and correctness
    # of a particular audit rule. The scheme is as follows:
    #
    # -----------------------------------------------------------------------------------------
    #  Tool used to load audit rules | Rule already defined  |  Audit rules file to inspect    |
    # -----------------------------------------------------------------------------------------
    #        auditctl                |     Doesn't matter    |  /etc/audit/audit.rules         |
    # -----------------------------------------------------------------------------------------
    #        augenrules              |          Yes          |  /etc/audit/rules.d/*.rules     |
    #        augenrules              |          No           |  /etc/audit/rules.d/$key.rules  |
    # -----------------------------------------------------------------------------------------
    #
    files_to_inspect=()


    # If audit tool is 'auditctl', then add '/etc/audit/audit.rules'
    # file to the list of files to be inspected
    default_file="/etc/audit/audit.rules"
    files_to_inspect+=('/etc/audit/audit.rules' )

    # After converting to jinja, we cannot return; therefore we skip the rest of the macro if needed instead
    skip=1

    for audit_file in "${files_to_inspect[@]}"
    do
        # Filter existing $audit_file rules' definitions to select those that satisfy the rule pattern,
        # i.e, collect rules that match:
        # * the action, list and arch, (2-nd argument)
        # * the other filters, (3-rd argument)
        # * the auid filters, (4-rd argument)
        readarray -t similar_rules &lt; &lt;(sed -e "/^$ACTION_ARCH_FILTERS/!d"  -e "\#$OTHER_FILTERS#!d" -e "/$AUID_FILTERS/!d" "$audit_file")

        candidate_rules=()
        # Filter out rules that have more fields then required. This will remove rules more specific than the required scope
        for s_rule in "${similar_rules[@]}"
        do
            # Strip all the options and fields we know of,
            # than check if there was any field left over
            extra_fields=$(sed -E -e "s/^$ACTION_ARCH_FILTERS//"  -e "s#$OTHER_FILTERS##" -e "s/$AUID_FILTERS//" -e "s/((:?-S [[:alnum:],]+)+)//g" -e "s/-F key=\w+|-k \w+//"&lt;&lt;&lt; "$s_rule")
            grep -q -- "-F" &lt;&lt;&lt; "$extra_fields" || candidate_rules+=("$s_rule")
        done

        if [[ ${#syscall_a[@]} -ge 1 ]]
        then
            # Check if the syscall we want is present in any of the similar existing rules
            for rule in "${candidate_rules[@]}"
            do
                rule_syscalls=$(echo "$rule" | grep -o -P '(-S [\w,]+)+' | xargs)
                all_syscalls_found=0
                for syscall in "${syscall_a[@]}"
                do
                    grep -q -- "\b${syscall}\b" &lt;&lt;&lt; "$rule_syscalls" || {
                       # A syscall was not found in the candidate rule
                       all_syscalls_found=1
                       }
                done
                if [[ $all_syscalls_found -eq 0 ]]
                then
                    # We found a rule with all the syscall(s) we want; skip rest of macro
                    skip=0
                    break
                fi

                # Check if this rule can be grouped with our target syscall and keep track of it
                for syscall_g in "${syscall_grouping[@]}"
                do
                    if grep -q -- "\b${syscall_g}\b" &lt;&lt;&lt; "$rule_syscalls"
                    then
                        file_to_edit=${audit_file}
                        rule_to_edit=${rule}
                        rule_syscalls_to_edit=${rule_syscalls}
                    fi
                done
            done
        else
            # If there is any candidate rule, it is compliant; skip rest of macro
            if [ "${#candidate_rules[@]}" -gt 0 ]
            then
                skip=0
            fi
        fi

        if [ "$skip" -eq 0 ]; then
            break
        fi
    done

    if [ "$skip" -ne 0 ]; then
        # We checked all rules that matched the expected resemblance pattern (action, arch &amp; auid)
        # At this point we know if we need to either append the $full_rule or group
        # the syscall together with an exsiting rule

        # Append the full_rule if it cannot be grouped to any other rule
        if [ -z ${rule_to_edit+x} ]
        then
            # Build full_rule while avoid adding double spaces when other_filters is empty
            if [ "${#syscall_a[@]}" -gt 0 ]
            then
                syscall_string=""
                for syscall in "${syscall_a[@]}"
                do
                    syscall_string+=" -S $syscall"
                done
            fi
            other_string=$([[ $OTHER_FILTERS ]] &amp;&amp; echo " $OTHER_FILTERS") || /bin/true
            auid_string=$([[ $AUID_FILTERS ]] &amp;&amp; echo " $AUID_FILTERS") || /bin/true
            full_rule="$ACTION_ARCH_FILTERS${syscall_string}${other_string}${auid_string} -F key=$KEY" || /bin/true
            echo "$full_rule" &gt;&gt; "$default_file"
            chmod 0600 ${default_file}
        else
            # Check if the syscalls are declared as a comma separated list or
            # as multiple -S parameters
            if grep -q -- "," &lt;&lt;&lt; "${rule_syscalls_to_edit}"
            then
                delimiter=","
            else
                delimiter=" -S "
            fi
            new_grouped_syscalls="${rule_syscalls_to_edit}"
            for syscall in "${syscall_a[@]}"
            do
                grep -q -- "\b${syscall}\b" &lt;&lt;&lt; "${rule_syscalls_to_edit}" || {
                   # A syscall was not found in the candidate rule
                   new_grouped_syscalls+="${delimiter}${syscall}"
                   }
            done

            # Group the syscall in the rule
            sed -i -e "\#${rule_to_edit}#s#${rule_syscalls_to_edit}#${new_grouped_syscalls}#" "$file_to_edit"
        fi
    fi
}

if { rpm --quiet -q kernel rpm-ostree bootc &amp;&amp; ! rpm --quiet -q openshift-kubelet &amp;&amp; { [ -f "/run/.containerenv" ] || [ -f "/.containerenv" ]; }; } ; then
  PRIV_CMDS=$(find / -perm /6000 -type f -not -path "/sysroot/*" 2&gt;/dev/null)
  for PRIV_CMD in $PRIV_CMDS; do
    add_audit_rule $PRIV_CMD
  done
else
  FILTER_NODEV=$(awk '/nodev/ { print $2 }' /proc/filesystems | paste -sd,)
  PARTITIONS=$(findmnt -n -l -k -it "$FILTER_NODEV" | grep -Pv "noexec|nosuid|/proc($|/.*$)" | awk '{ print $1 }')
  for PARTITION in $PARTITIONS; do
    PRIV_CMDS=$(find "${PARTITION}" -xdev -perm /6000 -type f 2&gt;/dev/null)
    for PRIV_CMD in $PRIV_CMDS; do
      add_audit_rule $PRIV_CMD
    done
  done
fi

else
    &gt;&amp;2 echo 'Remediation is not applicable, nothing was done'
fi
</fix>
          <fix xmlns:xhtml="http://www.w3.org/1999/xhtml" id="audit_rules_privileged_commands" system="urn:xccdf:fix:script:ansible" complexity="low" disruption="low" strategy="configure">- name: Gather the package facts
  package_facts:
    manager: auto
  tags:
  - CCE-91251-9
  - CJIS-5.4.1.1
  - NIST-800-171-3.1.7
  - NIST-800-53-AC-2(4)
  - NIST-800-53-AC-6(9)
  - NIST-800-53-AU-12(c)
  - NIST-800-53-AU-2(d)
  - NIST-800-53-CM-6(a)
  - PCI-DSS-Req-10.2.2
  - audit_rules_privileged_commands
  - configure_strategy
  - low_complexity
  - low_disruption
  - medium_severity
  - no_reboot_needed

- name: Ensure auditd Collects Information on the Use of Privileged Commands - Set
    List of Mount Points Which Permits Execution of Privileged Commands
  ansible.builtin.set_fact:
    privileged_mount_points: '{{ (ansible_facts.mounts | rejectattr(''options'', ''search'',
      ''noexec|nosuid'') | rejectattr(''mount'', ''match'', ''/proc($|/.*$)'') | map(attribute=''mount'')
      | list ) }}'
  when:
  - '"audit" in ansible_facts.packages'
  - ("kernel-default" in ansible_facts.packages or "kernel-default-base" in ansible_facts.packages)
  tags:
  - CCE-91251-9
  - CJIS-5.4.1.1
  - NIST-800-171-3.1.7
  - NIST-800-53-AC-2(4)
  - NIST-800-53-AC-6(9)
  - NIST-800-53-AU-12(c)
  - NIST-800-53-AU-2(d)
  - NIST-800-53-CM-6(a)
  - PCI-DSS-Req-10.2.2
  - audit_rules_privileged_commands
  - configure_strategy
  - low_complexity
  - low_disruption
  - medium_severity
  - no_reboot_needed

- name: Ensure auditd Collects Information on the Use of Privileged Commands - Search
    for Privileged Commands in Eligible Mount Points
  ansible.builtin.shell:
    cmd: find {{ item }} -xdev -perm /6000 -type f 2&gt;/dev/null
  register: result_privileged_commands_search
  changed_when: false
  failed_when: false
  with_items: '{{ privileged_mount_points }}'
  when:
  - '"audit" in ansible_facts.packages'
  - ("kernel-default" in ansible_facts.packages or "kernel-default-base" in ansible_facts.packages)
  tags:
  - CCE-91251-9
  - CJIS-5.4.1.1
  - NIST-800-171-3.1.7
  - NIST-800-53-AC-2(4)
  - NIST-800-53-AC-6(9)
  - NIST-800-53-AU-12(c)
  - NIST-800-53-AU-2(d)
  - NIST-800-53-CM-6(a)
  - PCI-DSS-Req-10.2.2
  - audit_rules_privileged_commands
  - configure_strategy
  - low_complexity
  - low_disruption
  - medium_severity
  - no_reboot_needed

- name: Ensure auditd Collects Information on the Use of Privileged Commands - Set
    List of Privileged Commands Found in Eligible Mount Points
  ansible.builtin.set_fact:
    privileged_commands: '{{ privileged_commands | default([]) + item.stdout_lines
      }}'
  loop: '{{ result_privileged_commands_search.results }}'
  when:
  - '"audit" in ansible_facts.packages'
  - ("kernel-default" in ansible_facts.packages or "kernel-default-base" in ansible_facts.packages)
  - item is not skipped
  tags:
  - CCE-91251-9
  - CJIS-5.4.1.1
  - NIST-800-171-3.1.7
  - NIST-800-53-AC-2(4)
  - NIST-800-53-AC-6(9)
  - NIST-800-53-AU-12(c)
  - NIST-800-53-AU-2(d)
  - NIST-800-53-CM-6(a)
  - PCI-DSS-Req-10.2.2
  - audit_rules_privileged_commands
  - configure_strategy
  - low_complexity
  - low_disruption
  - medium_severity
  - no_reboot_needed

- name: Ensure auditd Collects Information on the Use of Privileged Commands - Privileged
    Commands are Present in the System
  block:

  - name: Ensure auditd Collects Information on the Use of Privileged Commands - Ensure
      Rules for All Privileged Commands in augenrules Format
    ansible.builtin.lineinfile:
      path: /etc/audit/rules.d/privileged.rules
      line: -a always,exit -F path={{ item }} -F perm=x -F auid&gt;=1000 -F auid!=unset
        -F key=privileged
      regexp: ^.*path={{ item | regex_escape() }} .*$
      create: true
    with_items:
    - '{{ privileged_commands }}'

  - name: Ensure auditd Collects Information on the Use of Privileged Commands - Ensure
      Rules for All Privileged Commands in auditctl Format
    ansible.builtin.lineinfile:
      path: /etc/audit/audit.rules
      line: -a always,exit -F path={{ item }} -F perm=x -F auid&gt;=1000 -F auid!=unset
        -F key=privileged
      regexp: ^.*path={{ item | regex_escape() }} .*$
      create: true
    with_items:
    - '{{ privileged_commands }}'

  - name: Ensure auditd Collects Information on the Use of Privileged Commands - Search
      for Duplicated Rules in Other Files
    ansible.builtin.find:
      paths: /etc/audit/rules.d
      recurse: false
      contains: ^-a always,exit -F path={{ item }} .*$
      patterns: '*.rules'
    with_items:
    - '{{ privileged_commands }}'
    register: result_augenrules_files

  - name: Ensure auditd Collects Information on the Use of Privileged Commands - Ensure
      Rules for Privileged Commands are Defined Only in One File
    ansible.builtin.lineinfile:
      path: '{{ item.1.path }}'
      regexp: ^-a always,exit -F path={{ item.0.item }} .*$
      state: absent
    with_subelements:
    - '{{ result_augenrules_files.results }}'
    - files
    when:
    - item.1.path != '/etc/audit/rules.d/privileged.rules'
  when:
  - '"audit" in ansible_facts.packages'
  - ("kernel-default" in ansible_facts.packages or "kernel-default-base" in ansible_facts.packages)
  - privileged_commands is defined
  tags:
  - CCE-91251-9
  - CJIS-5.4.1.1
  - NIST-800-171-3.1.7
  - NIST-800-53-AC-2(4)
  - NIST-800-53-AC-6(9)
  - NIST-800-53-AU-12(c)
  - NIST-800-53-AU-2(d)
  - NIST-800-53-CM-6(a)
  - PCI-DSS-Req-10.2.2
  - audit_rules_privileged_commands
  - configure_strategy
  - low_complexity
  - low_disruption
  - medium_severity
  - no_reboot_needed
</fix>
          <check system="http://oval.mitre.org/XMLSchema/oval-definitions-5">
            <check-content-ref name="oval:ssg-audit_rules_privileged_commands:def:1" href="ssg-sle15-oval.xml"/>
          </check>
          <check system="http://scap.nist.gov/schema/ocil/2">
            <check-content-ref name="ocil:ssg-audit_rules_privileged_commands_ocil:questionnaire:1" href="ssg-sle15-ocil.xml"/>
          </check>
        </Rule>
        <Rule id="xccdf_org.ssgproject.content_rule_audit_rules_privileged_commands_chage" selected="false" role="full" severity="medium">
          <title xmlns:xhtml="http://www.w3.org/1999/xhtml" xml:lang="en-US">Ensure auditd Collects Information on the Use of Privileged Commands - chage</title>
          <description xmlns:xhtml="http://www.w3.org/1999/xhtml" xml:lang="en-US">


At a minimum, the audit system should collect the execution of privileged
commands for all users and root.

If the <html:code xmlns:html="http://www.w3.org/1999/xhtml">auditd</html:code> daemon is configured to use the <html:code xmlns:html="http://www.w3.org/1999/xhtml">augenrules</html:code>
program to read audit rules during daemon startup (the default), add
a line of the following form to a file with suffix <html:code xmlns:html="http://www.w3.org/1999/xhtml">.rules</html:code>
in the directory <html:code xmlns:html="http://www.w3.org/1999/xhtml">/etc/audit/rules.d</html:code>:
<html:pre xmlns:html="http://www.w3.org/1999/xhtml">-a always,exit -F path=/usr/bin/chage -F perm=x -F auid&gt;=1000 -F auid!=unset -F key=privileged</html:pre>

If the <html:code xmlns:html="http://www.w3.org/1999/xhtml">auditd</html:code> daemon is configured to use the <html:code xmlns:html="http://www.w3.org/1999/xhtml">auditctl</html:code>
utility to read audit rules during daemon startup, add a line of the
following form to <html:code xmlns:html="http://www.w3.org/1999/xhtml">/etc/audit/audit.rules</html:code>:
<html:pre xmlns:html="http://www.w3.org/1999/xhtml">-a always,exit -F path=/usr/bin/chage -F perm=x -F auid&gt;=1000 -F auid!=unset -F key=privileged</html:pre>
       </description>
          <reference href="https://www.cisecurity.org/controls/">1</reference>
          <reference href="https://www.cisecurity.org/controls/">12</reference>
          <reference href="https://www.cisecurity.org/controls/">13</reference>
          <reference href="https://www.cisecurity.org/controls/">14</reference>
          <reference href="https://www.cisecurity.org/controls/">15</reference>
          <reference href="https://www.cisecurity.org/controls/">16</reference>
          <reference href="https://www.cisecurity.org/controls/">2</reference>
          <reference href="https://www.cisecurity.org/controls/">3</reference>
          <reference href="https://www.cisecurity.org/controls/">5</reference>
          <reference href="https://www.cisecurity.org/controls/">6</reference>
          <reference href="https://www.cisecurity.org/controls/">7</reference>
          <reference href="https://www.cisecurity.org/controls/">8</reference>
          <reference href="https://www.cisecurity.org/controls/">9</reference>
          <reference href="https://www.isaca.org/resources/cobit">APO10.01</reference>
          <reference href="https://www.isaca.org/resources/cobit">APO10.03</reference>
          <reference href="https://www.isaca.org/resources/cobit">APO10.04</reference>
          <reference href="https://www.isaca.org/resources/cobit">APO10.05</reference>
          <reference href="https://www.isaca.org/resources/cobit">APO11.04</reference>
          <reference href="https://www.isaca.org/resources/cobit">BAI03.05</reference>
          <reference href="https://www.isaca.org/resources/cobit">DSS01.03</reference>
          <reference href="https://www.isaca.org/resources/cobit">DSS03.05</reference>
          <reference href="https://www.isaca.org/resources/cobit">DSS05.02</reference>
          <reference href="https://www.isaca.org/resources/cobit">DSS05.04</reference>
          <reference href="https://www.isaca.org/resources/cobit">DSS05.05</reference>
          <reference href="https://www.isaca.org/resources/cobit">DSS05.07</reference>
          <reference href="https://www.isaca.org/resources/cobit">MEA01.01</reference>
          <reference href="https://www.isaca.org/resources/cobit">MEA01.02</reference>
          <reference href="https://www.isaca.org/resources/cobit">MEA01.03</reference>
          <reference href="https://www.isaca.org/resources/cobit">MEA01.04</reference>
          <reference href="https://www.isaca.org/resources/cobit">MEA01.05</reference>
          <reference href="https://www.isaca.org/resources/cobit">MEA02.01</reference>
          <reference href="http://nvlpubs.nist.gov/nistpubs/SpecialPublications/NIST.SP.800-171.pdf">3.1.7</reference>
          <reference href="https://www.gpo.gov/fdsys/pkg/CFR-2007-title45-vol1/pdf/CFR-2007-title45-vol1-chapA-subchapC.pdf">164.308(a)(1)(ii)(D)</reference>
          <reference href="https://www.gpo.gov/fdsys/pkg/CFR-2007-title45-vol1/pdf/CFR-2007-title45-vol1-chapA-subchapC.pdf">164.308(a)(3)(ii)(A)</reference>
          <reference href="https://www.gpo.gov/fdsys/pkg/CFR-2007-title45-vol1/pdf/CFR-2007-title45-vol1-chapA-subchapC.pdf">164.308(a)(5)(ii)(C)</reference>
          <reference href="https://www.gpo.gov/fdsys/pkg/CFR-2007-title45-vol1/pdf/CFR-2007-title45-vol1-chapA-subchapC.pdf">164.312(a)(2)(i)</reference>
          <reference href="https://www.gpo.gov/fdsys/pkg/CFR-2007-title45-vol1/pdf/CFR-2007-title45-vol1-chapA-subchapC.pdf">164.312(b)</reference>
          <reference href="https://www.gpo.gov/fdsys/pkg/CFR-2007-title45-vol1/pdf/CFR-2007-title45-vol1-chapA-subchapC.pdf">164.312(d)</reference>
          <reference href="https://www.gpo.gov/fdsys/pkg/CFR-2007-title45-vol1/pdf/CFR-2007-title45-vol1-chapA-subchapC.pdf">164.312(e)</reference>
          <reference href="https://www.isa.org/products/isa-62443-2-1-2009-security-for-industrial-automat">4.3.2.6.7</reference>
          <reference href="https://www.isa.org/products/isa-62443-2-1-2009-security-for-industrial-automat">4.3.3.3.9</reference>
          <reference href="https://www.isa.org/products/isa-62443-2-1-2009-security-for-industrial-automat">4.3.3.5.8</reference>
          <reference href="https://www.isa.org/products/isa-62443-2-1-2009-security-for-industrial-automat">4.3.4.4.7</reference>
          <reference href="https://www.isa.org/products/isa-62443-2-1-2009-security-for-industrial-automat">4.4.2.1</reference>
          <reference href="https://www.isa.org/products/isa-62443-2-1-2009-security-for-industrial-automat">4.4.2.2</reference>
          <reference href="https://www.isa.org/products/isa-62443-2-1-2009-security-for-industrial-automat">4.4.2.4</reference>
          <reference href="https://www.isa.org/products/ansi-isa-62443-3-3-99-03-03-2013-security-for-indu">SR 2.10</reference>
          <reference href="https://www.isa.org/products/ansi-isa-62443-3-3-99-03-03-2013-security-for-indu">SR 2.11</reference>
          <reference href="https://www.isa.org/products/ansi-isa-62443-3-3-99-03-03-2013-security-for-indu">SR 2.12</reference>
          <reference href="https://www.isa.org/products/ansi-isa-62443-3-3-99-03-03-2013-security-for-indu">SR 2.8</reference>
          <reference href="https://www.isa.org/products/ansi-isa-62443-3-3-99-03-03-2013-security-for-indu">SR 2.9</reference>
          <reference href="https://www.isa.org/products/ansi-isa-62443-3-3-99-03-03-2013-security-for-indu">SR 6.1</reference>
          <reference href="https://www.isa.org/products/ansi-isa-62443-3-3-99-03-03-2013-security-for-indu">SR 6.2</reference>
          <reference href="https://www.iso.org/contents/data/standard/05/45/54534.html">A.12.4.1</reference>
          <reference href="https://www.iso.org/contents/data/standard/05/45/54534.html">A.12.4.2</reference>
          <reference href="https://www.iso.org/contents/data/standard/05/45/54534.html">A.12.4.3</reference>
          <reference href="https://www.iso.org/contents/data/standard/05/45/54534.html">A.12.4.4</reference>
          <reference href="https://www.iso.org/contents/data/standard/05/45/54534.html">A.12.7.1</reference>
          <reference href="https://www.iso.org/contents/data/standard/05/45/54534.html">A.14.2.7</reference>
          <reference href="https://www.iso.org/contents/data/standard/05/45/54534.html">A.15.2.1</reference>
          <reference href="https://www.iso.org/contents/data/standard/05/45/54534.html">A.15.2.2</reference>
          <reference href="https://www.nerc.com/standards/reliability-standards/cip">CIP-004-6 R2.2.2</reference>
          <reference href="https://www.nerc.com/standards/reliability-standards/cip">CIP-004-6 R2.2.3</reference>
          <reference href="https://www.nerc.com/standards/reliability-standards/cip">CIP-007-3 R.1.3</reference>
          <reference href="https://www.nerc.com/standards/reliability-standards/cip">CIP-007-3 R5</reference>
          <reference href="https://www.nerc.com/standards/reliability-standards/cip">CIP-007-3 R5.1.1</reference>
          <reference href="https://www.nerc.com/standards/reliability-standards/cip">CIP-007-3 R5.1.3</reference>
          <reference href="https://www.nerc.com/standards/reliability-standards/cip">CIP-007-3 R5.2.1</reference>
          <reference href="https://www.nerc.com/standards/reliability-standards/cip">CIP-007-3 R5.2.3</reference>
          <reference href="http://nvlpubs.nist.gov/nistpubs/SpecialPublications/NIST.SP.800-53r4.pdf">AC-2(4)</reference>
          <reference href="http://nvlpubs.nist.gov/nistpubs/SpecialPublications/NIST.SP.800-53r4.pdf">AU-2(d)</reference>
          <reference href="http://nvlpubs.nist.gov/nistpubs/SpecialPublications/NIST.SP.800-53r4.pdf">AU-12(c)</reference>
          <reference href="http://nvlpubs.nist.gov/nistpubs/SpecialPublications/NIST.SP.800-53r4.pdf">AC-6(9)</reference>
          <reference href="http://nvlpubs.nist.gov/nistpubs/SpecialPublications/NIST.SP.800-53r4.pdf">CM-6(a)</reference>
          <reference href="https://nvlpubs.nist.gov/nistpubs/CSWP/NIST.CSWP.04162018.pdf">DE.CM-1</reference>
          <reference href="https://nvlpubs.nist.gov/nistpubs/CSWP/NIST.CSWP.04162018.pdf">DE.CM-3</reference>
          <reference href="https://nvlpubs.nist.gov/nistpubs/CSWP/NIST.CSWP.04162018.pdf">DE.CM-7</reference>
          <reference href="https://nvlpubs.nist.gov/nistpubs/CSWP/NIST.CSWP.04162018.pdf">ID.SC-4</reference>
          <reference href="https://nvlpubs.nist.gov/nistpubs/CSWP/NIST.CSWP.04162018.pdf">PR.PT-1</reference>
          <reference href="https://www.cyber.mil/stigs/downloads/?_dl_facet_stigs=operating-systems%2Cgeneral-purpose-os">SRG-OS-000037-GPOS-00015</reference>
          <reference href="https://www.cyber.mil/stigs/downloads/?_dl_facet_stigs=operating-systems%2Cgeneral-purpose-os">SRG-OS-000042-GPOS-00020</reference>
          <reference href="https://www.cyber.mil/stigs/downloads/?_dl_facet_stigs=operating-systems%2Cgeneral-purpose-os">SRG-OS-000062-GPOS-00031</reference>
          <reference href="https://www.cyber.mil/stigs/downloads/?_dl_facet_stigs=operating-systems%2Cgeneral-purpose-os">SRG-OS-000392-GPOS-00172</reference>
          <reference href="https://www.cyber.mil/stigs/downloads/?_dl_facet_stigs=operating-systems%2Cgeneral-purpose-os">SRG-OS-000462-GPOS-00206</reference>
          <reference href="https://www.cyber.mil/stigs/downloads/?_dl_facet_stigs=operating-systems%2Cgeneral-purpose-os">SRG-OS-000468-GPOS-00212</reference>
          <reference href="https://www.cyber.mil/stigs/downloads/?_dl_facet_stigs=operating-systems%2Cgeneral-purpose-os">SRG-OS-000471-GPOS-00215</reference>
          <reference href="https://www.cyber.mil/stigs/downloads/?_dl_facet_stigs=app-security">SRG-APP-000029-CTR-000085</reference>
          <reference href="https://www.cyber.mil/stigs/downloads/?_dl_facet_stigs=app-security">SRG-APP-000495-CTR-001235</reference>
          <reference href="https://www.cyber.mil/stigs/downloads/?_dl_facet_stigs=app-security">SRG-APP-000501-CTR-001265</reference>
          <reference href="https://www.cyber.mil/stigs/downloads/?_dl_facet_stigs=app-security">SRG-APP-000502-CTR-001270</reference>
          <reference href="https://www.cyber.mil/stigs/downloads/?_dl_facet_stigs=operating-systems%2Cunix-linux">SLES-15-030120</reference>
          <reference href="not_publicly_available">SLES-15-750450465</reference>
          <reference href="https://www.cyber.mil/stigs/srg-stig-tools/">SV-234911r958412_rule</reference>
          <rationale xmlns:xhtml="http://www.w3.org/1999/xhtml" xml:lang="en-US">Misuse of privileged functions, either intentionally or unintentionally by
authorized users, or by unauthorized external entities that have compromised system accounts,
is a serious and ongoing concern and can have significant adverse impacts on organizations.
Auditing the use of privileged functions is one way to detect such misuse and identify
the risk from insider and advanced persistent threats.
<html:br xmlns:html="http://www.w3.org/1999/xhtml"/>
        <html:br xmlns:html="http://www.w3.org/1999/xhtml"/>
Privileged programs are subject to escalation-of-privilege attacks,
which attempt to subvert their normal role of providing some necessary but
limited capability. As such, motivation exists to monitor these programs for
unusual activity.</rationale>
          <ident system="https://ncp.nist.gov/cce">CCE-85587-4</ident>
          <fix xmlns:xhtml="http://www.w3.org/1999/xhtml" id="audit_rules_privileged_commands_chage" system="urn:xccdf:fix:script:sh"># Remediation is applicable only in certain platforms
if rpm --quiet -q audit &amp;&amp; rpm --quiet -q kernel-default || rpm --quiet -q kernel-default-base; then

# Retrieve hardware architecture of the underlying system
OTHER_FILTERS="-F path=/usr/bin/chage -F perm=x"
AUID_FILTERS="-F auid&gt;=1000 -F auid!=unset"
SYSCALL=""
KEY="privileged"
SYSCALL_GROUPING=""


ACTION_ARCH_FILTERS="-a always,exit"
# Perform the remediation for both possible tools: 'auditctl' and 'augenrules'
unset syscall_a
unset syscall_grouping
unset syscall_string
unset syscall
unset file_to_edit
unset rule_to_edit
unset rule_syscalls_to_edit
unset other_string
unset auid_string
unset full_rule

# Load macro arguments into arrays
read -a syscall_a &lt;&lt;&lt; $SYSCALL
read -a syscall_grouping &lt;&lt;&lt; $SYSCALL_GROUPING

# Create a list of audit *.rules files that should be inspected for presence and correctness
# of a particular audit rule. The scheme is as follows:
#
# -----------------------------------------------------------------------------------------
#  Tool used to load audit rules | Rule already defined  |  Audit rules file to inspect    |
# -----------------------------------------------------------------------------------------
#        auditctl                |     Doesn't matter    |  /etc/audit/audit.rules         |
# -----------------------------------------------------------------------------------------
#        augenrules              |          Yes          |  /etc/audit/rules.d/*.rules     |
#        augenrules              |          No           |  /etc/audit/rules.d/$key.rules  |
# -----------------------------------------------------------------------------------------
#
files_to_inspect=()

# If audit tool is 'augenrules', then check if the audit rule is defined
# If rule is defined, add '/etc/audit/rules.d/*.rules' to the list for inspection
# If rule isn't defined yet, add '/etc/audit/rules.d/$key.rules' to the list for inspection
default_file="/etc/audit/rules.d/$KEY.rules"
# As other_filters may include paths, lets use a different delimiter for it
# The "F" script expression tells sed to print the filenames where the expressions matched
readarray -t files_to_inspect &lt; &lt;(sed -s -n -e "/^$ACTION_ARCH_FILTERS/!d" -e "\#$OTHER_FILTERS#!d" -e "/$AUID_FILTERS/!d" -e "F" /etc/audit/rules.d/*.rules)
# Case when particular rule isn't defined in /etc/audit/rules.d/*.rules yet
if [ ${#files_to_inspect[@]} -eq "0" ]
then
    file_to_inspect="/etc/audit/rules.d/$KEY.rules"
    files_to_inspect=("$file_to_inspect")
    if [ ! -e "$file_to_inspect" ]
    then
        touch "$file_to_inspect"
        chmod 0600 "$file_to_inspect"
    fi
fi

# After converting to jinja, we cannot return; therefore we skip the rest of the macro if needed instead
skip=1

for audit_file in "${files_to_inspect[@]}"
do
    # Filter existing $audit_file rules' definitions to select those that satisfy the rule pattern,
    # i.e, collect rules that match:
    # * the action, list and arch, (2-nd argument)
    # * the other filters, (3-rd argument)
    # * the auid filters, (4-rd argument)
    readarray -t similar_rules &lt; &lt;(sed -e "/^$ACTION_ARCH_FILTERS/!d"  -e "\#$OTHER_FILTERS#!d" -e "/$AUID_FILTERS/!d" "$audit_file")

    candidate_rules=()
    # Filter out rules that have more fields then required. This will remove rules more specific than the required scope
    for s_rule in "${similar_rules[@]}"
    do
        # Strip all the options and fields we know of,
        # than check if there was any field left over
        extra_fields=$(sed -E -e "s/^$ACTION_ARCH_FILTERS//"  -e "s#$OTHER_FILTERS##" -e "s/$AUID_FILTERS//" -e "s/((:?-S [[:alnum:],]+)+)//g" -e "s/-F key=\w+|-k \w+//"&lt;&lt;&lt; "$s_rule")
        grep -q -- "-F" &lt;&lt;&lt; "$extra_fields" || candidate_rules+=("$s_rule")
    done

    if [[ ${#syscall_a[@]} -ge 1 ]]
    then
        # Check if the syscall we want is present in any of the similar existing rules
        for rule in "${candidate_rules[@]}"
        do
            rule_syscalls=$(echo "$rule" | grep -o -P '(-S [\w,]+)+' | xargs)
            all_syscalls_found=0
            for syscall in "${syscall_a[@]}"
            do
                grep -q -- "\b${syscall}\b" &lt;&lt;&lt; "$rule_syscalls" || {
                   # A syscall was not found in the candidate rule
                   all_syscalls_found=1
                   }
            done
            if [[ $all_syscalls_found -eq 0 ]]
            then
                # We found a rule with all the syscall(s) we want; skip rest of macro
                skip=0
                break
            fi

            # Check if this rule can be grouped with our target syscall and keep track of it
            for syscall_g in "${syscall_grouping[@]}"
            do
                if grep -q -- "\b${syscall_g}\b" &lt;&lt;&lt; "$rule_syscalls"
                then
                    file_to_edit=${audit_file}
                    rule_to_edit=${rule}
                    rule_syscalls_to_edit=${rule_syscalls}
                fi
            done
        done
    else
        # If there is any candidate rule, it is compliant; skip rest of macro
        if [ "${#candidate_rules[@]}" -gt 0 ]
        then
            skip=0
        fi
    fi

    if [ "$skip" -eq 0 ]; then
        break
    fi
done

if [ "$skip" -ne 0 ]; then
    # We checked all rules that matched the expected resemblance pattern (action, arch &amp; auid)
    # At this point we know if we need to either append the $full_rule or group
    # the syscall together with an exsiting rule

    # Append the full_rule if it cannot be grouped to any other rule
    if [ -z ${rule_to_edit+x} ]
    then
        # Build full_rule while avoid adding double spaces when other_filters is empty
        if [ "${#syscall_a[@]}" -gt 0 ]
        then
            syscall_string=""
            for syscall in "${syscall_a[@]}"
            do
                syscall_string+=" -S $syscall"
            done
        fi
        other_string=$([[ $OTHER_FILTERS ]] &amp;&amp; echo " $OTHER_FILTERS") || /bin/true
        auid_string=$([[ $AUID_FILTERS ]] &amp;&amp; echo " $AUID_FILTERS") || /bin/true
        full_rule="$ACTION_ARCH_FILTERS${syscall_string}${other_string}${auid_string} -F key=$KEY" || /bin/true
        echo "$full_rule" &gt;&gt; "$default_file"
        chmod 0600 ${default_file}
    else
        # Check if the syscalls are declared as a comma separated list or
        # as multiple -S parameters
        if grep -q -- "," &lt;&lt;&lt; "${rule_syscalls_to_edit}"
        then
            delimiter=","
        else
            delimiter=" -S "
        fi
        new_grouped_syscalls="${rule_syscalls_to_edit}"
        for syscall in "${syscall_a[@]}"
        do
            grep -q -- "\b${syscall}\b" &lt;&lt;&lt; "${rule_syscalls_to_edit}" || {
               # A syscall was not found in the candidate rule
               new_grouped_syscalls+="${delimiter}${syscall}"
               }
        done

        # Group the syscall in the rule
        sed -i -e "\#${rule_to_edit}#s#${rule_syscalls_to_edit}#${new_grouped_syscalls}#" "$file_to_edit"
    fi
fi
unset syscall_a
unset syscall_grouping
unset syscall_string
unset syscall
unset file_to_edit
unset rule_to_edit
unset rule_syscalls_to_edit
unset other_string
unset auid_string
unset full_rule

# Load macro arguments into arrays
read -a syscall_a &lt;&lt;&lt; $SYSCALL
read -a syscall_grouping &lt;&lt;&lt; $SYSCALL_GROUPING

# Create a list of audit *.rules files that should be inspected for presence and correctness
# of a particular audit rule. The scheme is as follows:
#
# -----------------------------------------------------------------------------------------
#  Tool used to load audit rules | Rule already defined  |  Audit rules file to inspect    |
# -----------------------------------------------------------------------------------------
#        auditctl                |     Doesn't matter    |  /etc/audit/audit.rules         |
# -----------------------------------------------------------------------------------------
#        augenrules              |          Yes          |  /etc/audit/rules.d/*.rules     |
#        augenrules              |          No           |  /etc/audit/rules.d/$key.rules  |
# -----------------------------------------------------------------------------------------
#
files_to_inspect=()


# If audit tool is 'auditctl', then add '/etc/audit/audit.rules'
# file to the list of files to be inspected
default_file="/etc/audit/audit.rules"
files_to_inspect+=('/etc/audit/audit.rules' )

# After converting to jinja, we cannot return; therefore we skip the rest of the macro if needed instead
skip=1

for audit_file in "${files_to_inspect[@]}"
do
    # Filter existing $audit_file rules' definitions to select those that satisfy the rule pattern,
    # i.e, collect rules that match:
    # * the action, list and arch, (2-nd argument)
    # * the other filters, (3-rd argument)
    # * the auid filters, (4-rd argument)
    readarray -t similar_rules &lt; &lt;(sed -e "/^$ACTION_ARCH_FILTERS/!d"  -e "\#$OTHER_FILTERS#!d" -e "/$AUID_FILTERS/!d" "$audit_file")

    candidate_rules=()
    # Filter out rules that have more fields then required. This will remove rules more specific than the required scope
    for s_rule in "${similar_rules[@]}"
    do
        # Strip all the options and fields we know of,
        # than check if there was any field left over
        extra_fields=$(sed -E -e "s/^$ACTION_ARCH_FILTERS//"  -e "s#$OTHER_FILTERS##" -e "s/$AUID_FILTERS//" -e "s/((:?-S [[:alnum:],]+)+)//g" -e "s/-F key=\w+|-k \w+//"&lt;&lt;&lt; "$s_rule")
        grep -q -- "-F" &lt;&lt;&lt; "$extra_fields" || candidate_rules+=("$s_rule")
    done

    if [[ ${#syscall_a[@]} -ge 1 ]]
    then
        # Check if the syscall we want is present in any of the similar existing rules
        for rule in "${candidate_rules[@]}"
        do
            rule_syscalls=$(echo "$rule" | grep -o -P '(-S [\w,]+)+' | xargs)
            all_syscalls_found=0
            for syscall in "${syscall_a[@]}"
            do
                grep -q -- "\b${syscall}\b" &lt;&lt;&lt; "$rule_syscalls" || {
                   # A syscall was not found in the candidate rule
                   all_syscalls_found=1
                   }
            done
            if [[ $all_syscalls_found -eq 0 ]]
            then
                # We found a rule with all the syscall(s) we want; skip rest of macro
                skip=0
                break
            fi

            # Check if this rule can be grouped with our target syscall and keep track of it
            for syscall_g in "${syscall_grouping[@]}"
            do
                if grep -q -- "\b${syscall_g}\b" &lt;&lt;&lt; "$rule_syscalls"
                then
                    file_to_edit=${audit_file}
                    rule_to_edit=${rule}
                    rule_syscalls_to_edit=${rule_syscalls}
                fi
            done
        done
    else
        # If there is any candidate rule, it is compliant; skip rest of macro
        if [ "${#candidate_rules[@]}" -gt 0 ]
        then
            skip=0
        fi
    fi

    if [ "$skip" -eq 0 ]; then
        break
    fi
done

if [ "$skip" -ne 0 ]; then
    # We checked all rules that matched the expected resemblance pattern (action, arch &amp; auid)
    # At this point we know if we need to either append the $full_rule or group
    # the syscall together with an exsiting rule

    # Append the full_rule if it cannot be grouped to any other rule
    if [ -z ${rule_to_edit+x} ]
    then
        # Build full_rule while avoid adding double spaces when other_filters is empty
        if [ "${#syscall_a[@]}" -gt 0 ]
        then
            syscall_string=""
            for syscall in "${syscall_a[@]}"
            do
                syscall_string+=" -S $syscall"
            done
        fi
        other_string=$([[ $OTHER_FILTERS ]] &amp;&amp; echo " $OTHER_FILTERS") || /bin/true
        auid_string=$([[ $AUID_FILTERS ]] &amp;&amp; echo " $AUID_FILTERS") || /bin/true
        full_rule="$ACTION_ARCH_FILTERS${syscall_string}${other_string}${auid_string} -F key=$KEY" || /bin/true
        echo "$full_rule" &gt;&gt; "$default_file"
        chmod 0600 ${default_file}
    else
        # Check if the syscalls are declared as a comma separated list or
        # as multiple -S parameters
        if grep -q -- "," &lt;&lt;&lt; "${rule_syscalls_to_edit}"
        then
            delimiter=","
        else
            delimiter=" -S "
        fi
        new_grouped_syscalls="${rule_syscalls_to_edit}"
        for syscall in "${syscall_a[@]}"
        do
            grep -q -- "\b${syscall}\b" &lt;&lt;&lt; "${rule_syscalls_to_edit}" || {
               # A syscall was not found in the candidate rule
               new_grouped_syscalls+="${delimiter}${syscall}"
               }
        done

        # Group the syscall in the rule
        sed -i -e "\#${rule_to_edit}#s#${rule_syscalls_to_edit}#${new_grouped_syscalls}#" "$file_to_edit"
    fi
fi

else
    &gt;&amp;2 echo 'Remediation is not applicable, nothing was done'
fi
</fix>
          <fix xmlns:xhtml="http://www.w3.org/1999/xhtml" id="audit_rules_privileged_commands_chage" system="urn:xccdf:fix:script:ansible" complexity="low" disruption="low" strategy="restrict">- name: Gather the package facts
  package_facts:
    manager: auto
  tags:
  - CCE-85587-4
  - DISA-STIG-SLES-15-030120
  - NIST-800-171-3.1.7
  - NIST-800-53-AC-2(4)
  - NIST-800-53-AC-6(9)
  - NIST-800-53-AU-12(c)
  - NIST-800-53-AU-2(d)
  - NIST-800-53-CM-6(a)
  - audit_rules_privileged_commands_chage
  - low_complexity
  - low_disruption
  - medium_severity
  - no_reboot_needed
  - restrict_strategy

- name: Ensure auditd Collects Information on the Use of Privileged Commands - chage
    - Perform remediation of Audit rules for /usr/bin/chage
  block:

  - name: Declare list of syscalls
    ansible.builtin.set_fact:
      syscalls: []
      syscall_grouping: []

  - name: Check existence of  in /etc/audit/rules.d/
    ansible.builtin.find:
      paths: /etc/audit/rules.d
      contains: -a always,exit(( -S |,)\w+)*(( -S |,){{ item }})+(( -S |,)\w+)* -F
        path=/usr/bin/chage -F perm=x -F auid&gt;=1000 -F auid!=unset (-k\s+|-F\s+key=)\S+\s*$
      patterns: '*.rules'
    register: find_command
    loop: '{{ (syscall_grouping + syscalls) | unique }}'

  - name: Reset syscalls found per file
    ansible.builtin.set_fact:
      syscalls_per_file: {}
      found_paths_dict: {}

  - name: Declare syscalls found per file
    ansible.builtin.set_fact: syscalls_per_file="{{ syscalls_per_file | combine( {item.files[0].path
      :[item.item] + syscalls_per_file.get(item.files[0].path, []) } ) }}"
    loop: '{{ find_command.results | selectattr(''matched'') | list }}'

  - name: Declare files where syscalls were found
    ansible.builtin.set_fact: found_paths="{{ find_command.results | map(attribute='files')
      | flatten | map(attribute='path') | list }}"

  - name: Count occurrences of syscalls in paths
    ansible.builtin.set_fact: found_paths_dict="{{ found_paths_dict | combine({ item:1+found_paths_dict.get(item,
      0) }) }}"
    loop: '{{ find_command.results | map(attribute=''files'') | flatten | map(attribute=''path'')
      | list }}'

  - name: Get path with most syscalls
    ansible.builtin.set_fact: audit_file="{{ (found_paths_dict | dict2items() | sort(attribute='value')
      | last).key }}"
    when: found_paths | length &gt;= 1

  - name: No file with syscall found, set path to /etc/audit/rules.d/privileged.rules
    ansible.builtin.set_fact: audit_file="/etc/audit/rules.d/privileged.rules"
    when: found_paths | length == 0

  - name: Declare found syscalls
    ansible.builtin.set_fact: syscalls_found="{{ find_command.results | selectattr('matched')
      | map(attribute='item') | list }}"

  - name: Declare missing syscalls
    ansible.builtin.set_fact: missing_syscalls="{{ syscalls | difference(syscalls_found)
      }}"

  - name: Replace the audit rule in {{ audit_file }}
    ansible.builtin.lineinfile:
      path: '{{ audit_file }}'
      regexp: (-a always,exit)(?=.*(?:(?:-S |,)(?:{{ syscalls_per_file[audit_file]
        | join("|") }}))\b)((?:( -S |,)\w+)+)( -F path=/usr/bin/chage -F perm=x -F
        auid&gt;=1000 -F auid!=unset (?:-k |-F key=)\w+)
      line: \1\2\3{{ missing_syscalls | join("\3") }}\4
      backrefs: true
      state: present
      mode: g-rwx,o-rwx
    when: syscalls_found | length &gt; 0 and missing_syscalls | length &gt; 0

  - name: Add the audit rule to {{ audit_file }}
    ansible.builtin.lineinfile:
      path: '{{ audit_file }}'
      line: -a always,exit{{ syscalls | join(',') }} -F path=/usr/bin/chage -F perm=x
        -F auid&gt;=1000 -F auid!=unset -F key=privileged
      create: true
      mode: g-rwx,o-rwx
      state: present
    when: syscalls_found | length == 0

  - name: Declare list of syscalls
    ansible.builtin.set_fact:
      syscalls: []
      syscall_grouping: []

  - name: Check existence of  in /etc/audit/audit.rules
    ansible.builtin.find:
      paths: /etc/audit
      contains: -a always,exit(( -S |,)\w+)*(( -S |,){{ item }})+(( -S |,)\w+)* -F
        path=/usr/bin/chage -F perm=x -F auid&gt;=1000 -F auid!=unset (-k\s+|-F\s+key=)\S+\s*$
      patterns: audit.rules
    register: find_command
    loop: '{{ (syscall_grouping + syscalls) | unique }}'

  - name: Set path to /etc/audit/audit.rules
    ansible.builtin.set_fact: audit_file="/etc/audit/audit.rules"

  - name: Declare found syscalls
    ansible.builtin.set_fact: syscalls_found="{{ find_command.results | selectattr('matched')
      | map(attribute='item') | list }}"

  - name: Declare missing syscalls
    ansible.builtin.set_fact: missing_syscalls="{{ syscalls | difference(syscalls_found)
      }}"

  - name: Replace the audit rule in {{ audit_file }}
    ansible.builtin.lineinfile:
      path: '{{ audit_file }}'
      regexp: (-a always,exit)(?=.*(?:(?:-S |,)(?:{{ syscalls_found | join("|") }}))\b)((?:(
        -S |,)\w+)+)( -F path=/usr/bin/chage -F perm=x -F auid&gt;=1000 -F auid!=unset
        (?:-k |-F key=)\w+)
      line: \1\2\3{{ missing_syscalls | join("\3") }}\4
      backrefs: true
      state: present
      mode: g-rwx,o-rwx
    when: syscalls_found | length &gt; 0 and missing_syscalls | length &gt; 0

  - name: Add the audit rule to {{ audit_file }}
    ansible.builtin.lineinfile:
      path: '{{ audit_file }}'
      line: -a always,exit{{ syscalls | join(',') }} -F path=/usr/bin/chage -F perm=x
        -F auid&gt;=1000 -F auid!=unset -F key=privileged
      create: true
      mode: g-rwx,o-rwx
      state: present
    when: syscalls_found | length == 0
  when:
  - '"audit" in ansible_facts.packages'
  - ("kernel-default" in ansible_facts.packages or "kernel-default-base" in ansible_facts.packages)
  tags:
  - CCE-85587-4
  - DISA-STIG-SLES-15-030120
  - NIST-800-171-3.1.7
  - NIST-800-53-AC-2(4)
  - NIST-800-53-AC-6(9)
  - NIST-800-53-AU-12(c)
  - NIST-800-53-AU-2(d)
  - NIST-800-53-CM-6(a)
  - audit_rules_privileged_commands_chage
  - low_complexity
  - low_disruption
  - medium_severity
  - no_reboot_needed
  - restrict_strategy
</fix>
          <check system="http://oval.mitre.org/XMLSchema/oval-definitions-5">
            <check-content-ref name="oval:ssg-audit_rules_privileged_commands_chage:def:1" href="ssg-sle15-oval.xml"/>
          </check>
          <check system="http://scap.nist.gov/schema/ocil/2">
            <check-content-ref name="ocil:ssg-audit_rules_privileged_commands_chage_ocil:questionnaire:1" href="ssg-sle15-ocil.xml"/>
          </check>
        </Rule>
        <Rule id="xccdf_org.ssgproject.content_rule_audit_rules_privileged_commands_chfn" selected="false" role="full" severity="medium">
          <title xmlns:xhtml="http://www.w3.org/1999/xhtml" xml:lang="en-US">Ensure auditd Collects Information on the Use of Privileged Commands - chfn</title>
          <description xmlns:xhtml="http://www.w3.org/1999/xhtml" xml:lang="en-US">


At a minimum, the audit system should collect the execution of privileged
commands for all users and root.

If the <html:code xmlns:html="http://www.w3.org/1999/xhtml">auditd</html:code> daemon is configured to use the <html:code xmlns:html="http://www.w3.org/1999/xhtml">augenrules</html:code>
program to read audit rules during daemon startup (the default), add
a line of the following form to a file with suffix <html:code xmlns:html="http://www.w3.org/1999/xhtml">.rules</html:code>
in the directory <html:code xmlns:html="http://www.w3.org/1999/xhtml">/etc/audit/rules.d</html:code>:
<html:pre xmlns:html="http://www.w3.org/1999/xhtml">-a always,exit -F path=/usr/bin/chfn -F perm=x -F auid&gt;=1000 -F auid!=unset -F key=privileged</html:pre>

If the <html:code xmlns:html="http://www.w3.org/1999/xhtml">auditd</html:code> daemon is configured to use the <html:code xmlns:html="http://www.w3.org/1999/xhtml">auditctl</html:code>
utility to read audit rules during daemon startup, add a line of the
following form to <html:code xmlns:html="http://www.w3.org/1999/xhtml">/etc/audit/audit.rules</html:code>:
<html:pre xmlns:html="http://www.w3.org/1999/xhtml">-a always,exit -F path=/usr/bin/chfn -F perm=x -F auid&gt;=1000 -F auid!=unset -F key=privileged</html:pre>
       </description>
          <reference href="http://nvlpubs.nist.gov/nistpubs/SpecialPublications/NIST.SP.800-53r4.pdf">AU-3</reference>
          <reference href="http://nvlpubs.nist.gov/nistpubs/SpecialPublications/NIST.SP.800-53r4.pdf">AU-12(a)</reference>
          <reference href="http://nvlpubs.nist.gov/nistpubs/SpecialPublications/NIST.SP.800-53r4.pdf">AU-12(c)</reference>
          <reference href="http://nvlpubs.nist.gov/nistpubs/SpecialPublications/NIST.SP.800-53r4.pdf">MA-4(1)(a)</reference>
          <reference href="https://www.cyber.mil/stigs/downloads/?_dl_facet_stigs=operating-systems%2Cunix-linux">SLES-15-030340</reference>
          <reference href="not_publicly_available">SLES-15-750450480</reference>
          <reference href="https://www.cyber.mil/stigs/srg-stig-tools/">SV-234933r958412_rule</reference>
          <rationale xmlns:xhtml="http://www.w3.org/1999/xhtml" xml:lang="en-US">Without generating audit records that are specific to the security and
mission needs of the organization, it would be difficult to establish,
correlate, and investigate the events relating to an incident or identify
those responsible for one.

Audit records can be generated from various components within the
information system (e.g., module or policy filter).</rationale>
          <ident system="https://ncp.nist.gov/cce">CCE-85589-0</ident>
          <fix xmlns:xhtml="http://www.w3.org/1999/xhtml" id="audit_rules_privileged_commands_chfn" system="urn:xccdf:fix:script:sh"># Remediation is applicable only in certain platforms
if rpm --quiet -q audit &amp;&amp; rpm --quiet -q kernel-default || rpm --quiet -q kernel-default-base; then

# Retrieve hardware architecture of the underlying system
OTHER_FILTERS="-F path=/usr/bin/chfn -F perm=x"
AUID_FILTERS="-F auid&gt;=1000 -F auid!=unset"
SYSCALL=""
KEY="privileged"
SYSCALL_GROUPING=""


ACTION_ARCH_FILTERS="-a always,exit"
# Perform the remediation for both possible tools: 'auditctl' and 'augenrules'
unset syscall_a
unset syscall_grouping
unset syscall_string
unset syscall
unset file_to_edit
unset rule_to_edit
unset rule_syscalls_to_edit
unset other_string
unset auid_string
unset full_rule

# Load macro arguments into arrays
read -a syscall_a &lt;&lt;&lt; $SYSCALL
read -a syscall_grouping &lt;&lt;&lt; $SYSCALL_GROUPING

# Create a list of audit *.rules files that should be inspected for presence and correctness
# of a particular audit rule. The scheme is as follows:
#
# -----------------------------------------------------------------------------------------
#  Tool used to load audit rules | Rule already defined  |  Audit rules file to inspect    |
# -----------------------------------------------------------------------------------------
#        auditctl                |     Doesn't matter    |  /etc/audit/audit.rules         |
# -----------------------------------------------------------------------------------------
#        augenrules              |          Yes          |  /etc/audit/rules.d/*.rules     |
#        augenrules              |          No           |  /etc/audit/rules.d/$key.rules  |
# -----------------------------------------------------------------------------------------
#
files_to_inspect=()

# If audit tool is 'augenrules', then check if the audit rule is defined
# If rule is defined, add '/etc/audit/rules.d/*.rules' to the list for inspection
# If rule isn't defined yet, add '/etc/audit/rules.d/$key.rules' to the list for inspection
default_file="/etc/audit/rules.d/$KEY.rules"
# As other_filters may include paths, lets use a different delimiter for it
# The "F" script expression tells sed to print the filenames where the expressions matched
readarray -t files_to_inspect &lt; &lt;(sed -s -n -e "/^$ACTION_ARCH_FILTERS/!d" -e "\#$OTHER_FILTERS#!d" -e "/$AUID_FILTERS/!d" -e "F" /etc/audit/rules.d/*.rules)
# Case when particular rule isn't defined in /etc/audit/rules.d/*.rules yet
if [ ${#files_to_inspect[@]} -eq "0" ]
then
    file_to_inspect="/etc/audit/rules.d/$KEY.rules"
    files_to_inspect=("$file_to_inspect")
    if [ ! -e "$file_to_inspect" ]
    then
        touch "$file_to_inspect"
        chmod 0600 "$file_to_inspect"
    fi
fi

# After converting to jinja, we cannot return; therefore we skip the rest of the macro if needed instead
skip=1

for audit_file in "${files_to_inspect[@]}"
do
    # Filter existing $audit_file rules' definitions to select those that satisfy the rule pattern,
    # i.e, collect rules that match:
    # * the action, list and arch, (2-nd argument)
    # * the other filters, (3-rd argument)
    # * the auid filters, (4-rd argument)
    readarray -t similar_rules &lt; &lt;(sed -e "/^$ACTION_ARCH_FILTERS/!d"  -e "\#$OTHER_FILTERS#!d" -e "/$AUID_FILTERS/!d" "$audit_file")

    candidate_rules=()
    # Filter out rules that have more fields then required. This will remove rules more specific than the required scope
    for s_rule in "${similar_rules[@]}"
    do
        # Strip all the options and fields we know of,
        # than check if there was any field left over
        extra_fields=$(sed -E -e "s/^$ACTION_ARCH_FILTERS//"  -e "s#$OTHER_FILTERS##" -e "s/$AUID_FILTERS//" -e "s/((:?-S [[:alnum:],]+)+)//g" -e "s/-F key=\w+|-k \w+//"&lt;&lt;&lt; "$s_rule")
        grep -q -- "-F" &lt;&lt;&lt; "$extra_fields" || candidate_rules+=("$s_rule")
    done

    if [[ ${#syscall_a[@]} -ge 1 ]]
    then
        # Check if the syscall we want is present in any of the similar existing rules
        for rule in "${candidate_rules[@]}"
        do
            rule_syscalls=$(echo "$rule" | grep -o -P '(-S [\w,]+)+' | xargs)
            all_syscalls_found=0
            for syscall in "${syscall_a[@]}"
            do
                grep -q -- "\b${syscall}\b" &lt;&lt;&lt; "$rule_syscalls" || {
                   # A syscall was not found in the candidate rule
                   all_syscalls_found=1
                   }
            done
            if [[ $all_syscalls_found -eq 0 ]]
            then
                # We found a rule with all the syscall(s) we want; skip rest of macro
                skip=0
                break
            fi

            # Check if this rule can be grouped with our target syscall and keep track of it
            for syscall_g in "${syscall_grouping[@]}"
            do
                if grep -q -- "\b${syscall_g}\b" &lt;&lt;&lt; "$rule_syscalls"
                then
                    file_to_edit=${audit_file}
                    rule_to_edit=${rule}
                    rule_syscalls_to_edit=${rule_syscalls}
                fi
            done
        done
    else
        # If there is any candidate rule, it is compliant; skip rest of macro
        if [ "${#candidate_rules[@]}" -gt 0 ]
        then
            skip=0
        fi
    fi

    if [ "$skip" -eq 0 ]; then
        break
    fi
done

if [ "$skip" -ne 0 ]; then
    # We checked all rules that matched the expected resemblance pattern (action, arch &amp; auid)
    # At this point we know if we need to either append the $full_rule or group
    # the syscall together with an exsiting rule

    # Append the full_rule if it cannot be grouped to any other rule
    if [ -z ${rule_to_edit+x} ]
    then
        # Build full_rule while avoid adding double spaces when other_filters is empty
        if [ "${#syscall_a[@]}" -gt 0 ]
        then
            syscall_string=""
            for syscall in "${syscall_a[@]}"
            do
                syscall_string+=" -S $syscall"
            done
        fi
        other_string=$([[ $OTHER_FILTERS ]] &amp;&amp; echo " $OTHER_FILTERS") || /bin/true
        auid_string=$([[ $AUID_FILTERS ]] &amp;&amp; echo " $AUID_FILTERS") || /bin/true
        full_rule="$ACTION_ARCH_FILTERS${syscall_string}${other_string}${auid_string} -F key=$KEY" || /bin/true
        echo "$full_rule" &gt;&gt; "$default_file"
        chmod 0600 ${default_file}
    else
        # Check if the syscalls are declared as a comma separated list or
        # as multiple -S parameters
        if grep -q -- "," &lt;&lt;&lt; "${rule_syscalls_to_edit}"
        then
            delimiter=","
        else
            delimiter=" -S "
        fi
        new_grouped_syscalls="${rule_syscalls_to_edit}"
        for syscall in "${syscall_a[@]}"
        do
            grep -q -- "\b${syscall}\b" &lt;&lt;&lt; "${rule_syscalls_to_edit}" || {
               # A syscall was not found in the candidate rule
               new_grouped_syscalls+="${delimiter}${syscall}"
               }
        done

        # Group the syscall in the rule
        sed -i -e "\#${rule_to_edit}#s#${rule_syscalls_to_edit}#${new_grouped_syscalls}#" "$file_to_edit"
    fi
fi
unset syscall_a
unset syscall_grouping
unset syscall_string
unset syscall
unset file_to_edit
unset rule_to_edit
unset rule_syscalls_to_edit
unset other_string
unset auid_string
unset full_rule

# Load macro arguments into arrays
read -a syscall_a &lt;&lt;&lt; $SYSCALL
read -a syscall_grouping &lt;&lt;&lt; $SYSCALL_GROUPING

# Create a list of audit *.rules files that should be inspected for presence and correctness
# of a particular audit rule. The scheme is as follows:
#
# -----------------------------------------------------------------------------------------
#  Tool used to load audit rules | Rule already defined  |  Audit rules file to inspect    |
# -----------------------------------------------------------------------------------------
#        auditctl                |     Doesn't matter    |  /etc/audit/audit.rules         |
# -----------------------------------------------------------------------------------------
#        augenrules              |          Yes          |  /etc/audit/rules.d/*.rules     |
#        augenrules              |          No           |  /etc/audit/rules.d/$key.rules  |
# -----------------------------------------------------------------------------------------
#
files_to_inspect=()


# If audit tool is 'auditctl', then add '/etc/audit/audit.rules'
# file to the list of files to be inspected
default_file="/etc/audit/audit.rules"
files_to_inspect+=('/etc/audit/audit.rules' )

# After converting to jinja, we cannot return; therefore we skip the rest of the macro if needed instead
skip=1

for audit_file in "${files_to_inspect[@]}"
do
    # Filter existing $audit_file rules' definitions to select those that satisfy the rule pattern,
    # i.e, collect rules that match:
    # * the action, list and arch, (2-nd argument)
    # * the other filters, (3-rd argument)
    # * the auid filters, (4-rd argument)
    readarray -t similar_rules &lt; &lt;(sed -e "/^$ACTION_ARCH_FILTERS/!d"  -e "\#$OTHER_FILTERS#!d" -e "/$AUID_FILTERS/!d" "$audit_file")

    candidate_rules=()
    # Filter out rules that have more fields then required. This will remove rules more specific than the required scope
    for s_rule in "${similar_rules[@]}"
    do
        # Strip all the options and fields we know of,
        # than check if there was any field left over
        extra_fields=$(sed -E -e "s/^$ACTION_ARCH_FILTERS//"  -e "s#$OTHER_FILTERS##" -e "s/$AUID_FILTERS//" -e "s/((:?-S [[:alnum:],]+)+)//g" -e "s/-F key=\w+|-k \w+//"&lt;&lt;&lt; "$s_rule")
        grep -q -- "-F" &lt;&lt;&lt; "$extra_fields" || candidate_rules+=("$s_rule")
    done

    if [[ ${#syscall_a[@]} -ge 1 ]]
    then
        # Check if the syscall we want is present in any of the similar existing rules
        for rule in "${candidate_rules[@]}"
        do
            rule_syscalls=$(echo "$rule" | grep -o -P '(-S [\w,]+)+' | xargs)
            all_syscalls_found=0
            for syscall in "${syscall_a[@]}"
            do
                grep -q -- "\b${syscall}\b" &lt;&lt;&lt; "$rule_syscalls" || {
                   # A syscall was not found in the candidate rule
                   all_syscalls_found=1
                   }
            done
            if [[ $all_syscalls_found -eq 0 ]]
            then
                # We found a rule with all the syscall(s) we want; skip rest of macro
                skip=0
                break
            fi

            # Check if this rule can be grouped with our target syscall and keep track of it
            for syscall_g in "${syscall_grouping[@]}"
            do
                if grep -q -- "\b${syscall_g}\b" &lt;&lt;&lt; "$rule_syscalls"
                then
                    file_to_edit=${audit_file}
                    rule_to_edit=${rule}
                    rule_syscalls_to_edit=${rule_syscalls}
                fi
            done
        done
    else
        # If there is any candidate rule, it is compliant; skip rest of macro
        if [ "${#candidate_rules[@]}" -gt 0 ]
        then
            skip=0
        fi
    fi

    if [ "$skip" -eq 0 ]; then
        break
    fi
done

if [ "$skip" -ne 0 ]; then
    # We checked all rules that matched the expected resemblance pattern (action, arch &amp; auid)
    # At this point we know if we need to either append the $full_rule or group
    # the syscall together with an exsiting rule

    # Append the full_rule if it cannot be grouped to any other rule
    if [ -z ${rule_to_edit+x} ]
    then
        # Build full_rule while avoid adding double spaces when other_filters is empty
        if [ "${#syscall_a[@]}" -gt 0 ]
        then
            syscall_string=""
            for syscall in "${syscall_a[@]}"
            do
                syscall_string+=" -S $syscall"
            done
        fi
        other_string=$([[ $OTHER_FILTERS ]] &amp;&amp; echo " $OTHER_FILTERS") || /bin/true
        auid_string=$([[ $AUID_FILTERS ]] &amp;&amp; echo " $AUID_FILTERS") || /bin/true
        full_rule="$ACTION_ARCH_FILTERS${syscall_string}${other_string}${auid_string} -F key=$KEY" || /bin/true
        echo "$full_rule" &gt;&gt; "$default_file"
        chmod 0600 ${default_file}
    else
        # Check if the syscalls are declared as a comma separated list or
        # as multiple -S parameters
        if grep -q -- "," &lt;&lt;&lt; "${rule_syscalls_to_edit}"
        then
            delimiter=","
        else
            delimiter=" -S "
        fi
        new_grouped_syscalls="${rule_syscalls_to_edit}"
        for syscall in "${syscall_a[@]}"
        do
            grep -q -- "\b${syscall}\b" &lt;&lt;&lt; "${rule_syscalls_to_edit}" || {
               # A syscall was not found in the candidate rule
               new_grouped_syscalls+="${delimiter}${syscall}"
               }
        done

        # Group the syscall in the rule
        sed -i -e "\#${rule_to_edit}#s#${rule_syscalls_to_edit}#${new_grouped_syscalls}#" "$file_to_edit"
    fi
fi

else
    &gt;&amp;2 echo 'Remediation is not applicable, nothing was done'
fi
</fix>
          <fix xmlns:xhtml="http://www.w3.org/1999/xhtml" id="audit_rules_privileged_commands_chfn" system="urn:xccdf:fix:script:ansible" complexity="low" disruption="low" strategy="restrict">- name: Gather the package facts
  package_facts:
    manager: auto
  tags:
  - CCE-85589-0
  - DISA-STIG-SLES-15-030340
  - NIST-800-53-AU-12(a)
  - NIST-800-53-AU-12(c)
  - NIST-800-53-AU-3
  - NIST-800-53-MA-4(1)(a)
  - audit_rules_privileged_commands_chfn
  - low_complexity
  - low_disruption
  - medium_severity
  - no_reboot_needed
  - restrict_strategy

- name: Ensure auditd Collects Information on the Use of Privileged Commands - chfn
    - Perform remediation of Audit rules for /usr/bin/chfn
  block:

  - name: Declare list of syscalls
    ansible.builtin.set_fact:
      syscalls: []
      syscall_grouping: []

  - name: Check existence of  in /etc/audit/rules.d/
    ansible.builtin.find:
      paths: /etc/audit/rules.d
      contains: -a always,exit(( -S |,)\w+)*(( -S |,){{ item }})+(( -S |,)\w+)* -F
        path=/usr/bin/chfn -F perm=x -F auid&gt;=1000 -F auid!=unset (-k\s+|-F\s+key=)\S+\s*$
      patterns: '*.rules'
    register: find_command
    loop: '{{ (syscall_grouping + syscalls) | unique }}'

  - name: Reset syscalls found per file
    ansible.builtin.set_fact:
      syscalls_per_file: {}
      found_paths_dict: {}

  - name: Declare syscalls found per file
    ansible.builtin.set_fact: syscalls_per_file="{{ syscalls_per_file | combine( {item.files[0].path
      :[item.item] + syscalls_per_file.get(item.files[0].path, []) } ) }}"
    loop: '{{ find_command.results | selectattr(''matched'') | list }}'

  - name: Declare files where syscalls were found
    ansible.builtin.set_fact: found_paths="{{ find_command.results | map(attribute='files')
      | flatten | map(attribute='path') | list }}"

  - name: Count occurrences of syscalls in paths
    ansible.builtin.set_fact: found_paths_dict="{{ found_paths_dict | combine({ item:1+found_paths_dict.get(item,
      0) }) }}"
    loop: '{{ find_command.results | map(attribute=''files'') | flatten | map(attribute=''path'')
      | list }}'

  - name: Get path with most syscalls
    ansible.builtin.set_fact: audit_file="{{ (found_paths_dict | dict2items() | sort(attribute='value')
      | last).key }}"
    when: found_paths | length &gt;= 1

  - name: No file with syscall found, set path to /etc/audit/rules.d/privileged.rules
    ansible.builtin.set_fact: audit_file="/etc/audit/rules.d/privileged.rules"
    when: found_paths | length == 0

  - name: Declare found syscalls
    ansible.builtin.set_fact: syscalls_found="{{ find_command.results | selectattr('matched')
      | map(attribute='item') | list }}"

  - name: Declare missing syscalls
    ansible.builtin.set_fact: missing_syscalls="{{ syscalls | difference(syscalls_found)
      }}"

  - name: Replace the audit rule in {{ audit_file }}
    ansible.builtin.lineinfile:
      path: '{{ audit_file }}'
      regexp: (-a always,exit)(?=.*(?:(?:-S |,)(?:{{ syscalls_per_file[audit_file]
        | join("|") }}))\b)((?:( -S |,)\w+)+)( -F path=/usr/bin/chfn -F perm=x -F
        auid&gt;=1000 -F auid!=unset (?:-k |-F key=)\w+)
      line: \1\2\3{{ missing_syscalls | join("\3") }}\4
      backrefs: true
      state: present
      mode: g-rwx,o-rwx
    when: syscalls_found | length &gt; 0 and missing_syscalls | length &gt; 0

  - name: Add the audit rule to {{ audit_file }}
    ansible.builtin.lineinfile:
      path: '{{ audit_file }}'
      line: -a always,exit{{ syscalls | join(',') }} -F path=/usr/bin/chfn -F perm=x
        -F auid&gt;=1000 -F auid!=unset -F key=privileged
      create: true
      mode: g-rwx,o-rwx
      state: present
    when: syscalls_found | length == 0

  - name: Declare list of syscalls
    ansible.builtin.set_fact:
      syscalls: []
      syscall_grouping: []

  - name: Check existence of  in /etc/audit/audit.rules
    ansible.builtin.find:
      paths: /etc/audit
      contains: -a always,exit(( -S |,)\w+)*(( -S |,){{ item }})+(( -S |,)\w+)* -F
        path=/usr/bin/chfn -F perm=x -F auid&gt;=1000 -F auid!=unset (-k\s+|-F\s+key=)\S+\s*$
      patterns: audit.rules
    register: find_command
    loop: '{{ (syscall_grouping + syscalls) | unique }}'

  - name: Set path to /etc/audit/audit.rules
    ansible.builtin.set_fact: audit_file="/etc/audit/audit.rules"

  - name: Declare found syscalls
    ansible.builtin.set_fact: syscalls_found="{{ find_command.results | selectattr('matched')
      | map(attribute='item') | list }}"

  - name: Declare missing syscalls
    ansible.builtin.set_fact: missing_syscalls="{{ syscalls | difference(syscalls_found)
      }}"

  - name: Replace the audit rule in {{ audit_file }}
    ansible.builtin.lineinfile:
      path: '{{ audit_file }}'
      regexp: (-a always,exit)(?=.*(?:(?:-S |,)(?:{{ syscalls_found | join("|") }}))\b)((?:(
        -S |,)\w+)+)( -F path=/usr/bin/chfn -F perm=x -F auid&gt;=1000 -F auid!=unset
        (?:-k |-F key=)\w+)
      line: \1\2\3{{ missing_syscalls | join("\3") }}\4
      backrefs: true
      state: present
      mode: g-rwx,o-rwx
    when: syscalls_found | length &gt; 0 and missing_syscalls | length &gt; 0

  - name: Add the audit rule to {{ audit_file }}
    ansible.builtin.lineinfile:
      path: '{{ audit_file }}'
      line: -a always,exit{{ syscalls | join(',') }} -F path=/usr/bin/chfn -F perm=x
        -F auid&gt;=1000 -F auid!=unset -F key=privileged
      create: true
      mode: g-rwx,o-rwx
      state: present
    when: syscalls_found | length == 0
  when:
  - '"audit" in ansible_facts.packages'
  - ("kernel-default" in ansible_facts.packages or "kernel-default-base" in ansible_facts.packages)
  tags:
  - CCE-85589-0
  - DISA-STIG-SLES-15-030340
  - NIST-800-53-AU-12(a)
  - NIST-800-53-AU-12(c)
  - NIST-800-53-AU-3
  - NIST-800-53-MA-4(1)(a)
  - audit_rules_privileged_commands_chfn
  - low_complexity
  - low_disruption
  - medium_severity
  - no_reboot_needed
  - restrict_strategy
</fix>
          <check system="http://oval.mitre.org/XMLSchema/oval-definitions-5">
            <check-content-ref name="oval:ssg-audit_rules_privileged_commands_chfn:def:1" href="ssg-sle15-oval.xml"/>
          </check>
          <check system="http://scap.nist.gov/schema/ocil/2">
            <check-content-ref name="ocil:ssg-audit_rules_privileged_commands_chfn_ocil:questionnaire:1" href="ssg-sle15-ocil.xml"/>
          </check>
        </Rule>
        <Rule id="xccdf_org.ssgproject.content_rule_audit_rules_privileged_commands_chsh" selected="false" role="full" severity="medium">
          <title xmlns:xhtml="http://www.w3.org/1999/xhtml" xml:lang="en-US">Ensure auditd Collects Information on the Use of Privileged Commands - chsh</title>
          <description xmlns:xhtml="http://www.w3.org/1999/xhtml" xml:lang="en-US">


At a minimum, the audit system should collect the execution of privileged
commands for all users and root.

If the <html:code xmlns:html="http://www.w3.org/1999/xhtml">auditd</html:code> daemon is configured to use the <html:code xmlns:html="http://www.w3.org/1999/xhtml">augenrules</html:code>
program to read audit rules during daemon startup (the default), add
a line of the following form to a file with suffix <html:code xmlns:html="http://www.w3.org/1999/xhtml">.rules</html:code>
in the directory <html:code xmlns:html="http://www.w3.org/1999/xhtml">/etc/audit/rules.d</html:code>:
<html:pre xmlns:html="http://www.w3.org/1999/xhtml">-a always,exit -F path=/usr/bin/chsh -F perm=x -F auid&gt;=1000 -F auid!=unset -F key=privileged</html:pre>

If the <html:code xmlns:html="http://www.w3.org/1999/xhtml">auditd</html:code> daemon is configured to use the <html:code xmlns:html="http://www.w3.org/1999/xhtml">auditctl</html:code>
utility to read audit rules during daemon startup, add a line of the
following form to <html:code xmlns:html="http://www.w3.org/1999/xhtml">/etc/audit/audit.rules</html:code>:
<html:pre xmlns:html="http://www.w3.org/1999/xhtml">-a always,exit -F path=/usr/bin/chsh -F perm=x -F auid&gt;=1000 -F auid!=unset -F key=privileged</html:pre>
       </description>
          <reference href="https://www.cisecurity.org/controls/">1</reference>
          <reference href="https://www.cisecurity.org/controls/">12</reference>
          <reference href="https://www.cisecurity.org/controls/">13</reference>
          <reference href="https://www.cisecurity.org/controls/">14</reference>
          <reference href="https://www.cisecurity.org/controls/">15</reference>
          <reference href="https://www.cisecurity.org/controls/">16</reference>
          <reference href="https://www.cisecurity.org/controls/">2</reference>
          <reference href="https://www.cisecurity.org/controls/">3</reference>
          <reference href="https://www.cisecurity.org/controls/">5</reference>
          <reference href="https://www.cisecurity.org/controls/">6</reference>
          <reference href="https://www.cisecurity.org/controls/">7</reference>
          <reference href="https://www.cisecurity.org/controls/">8</reference>
          <reference href="https://www.cisecurity.org/controls/">9</reference>
          <reference href="https://www.isaca.org/resources/cobit">APO10.01</reference>
          <reference href="https://www.isaca.org/resources/cobit">APO10.03</reference>
          <reference href="https://www.isaca.org/resources/cobit">APO10.04</reference>
          <reference href="https://www.isaca.org/resources/cobit">APO10.05</reference>
          <reference href="https://www.isaca.org/resources/cobit">APO11.04</reference>
          <reference href="https://www.isaca.org/resources/cobit">BAI03.05</reference>
          <reference href="https://www.isaca.org/resources/cobit">DSS01.03</reference>
          <reference href="https://www.isaca.org/resources/cobit">DSS03.05</reference>
          <reference href="https://www.isaca.org/resources/cobit">DSS05.02</reference>
          <reference href="https://www.isaca.org/resources/cobit">DSS05.04</reference>
          <reference href="https://www.isaca.org/resources/cobit">DSS05.05</reference>
          <reference href="https://www.isaca.org/resources/cobit">DSS05.07</reference>
          <reference href="https://www.isaca.org/resources/cobit">MEA01.01</reference>
          <reference href="https://www.isaca.org/resources/cobit">MEA01.02</reference>
          <reference href="https://www.isaca.org/resources/cobit">MEA01.03</reference>
          <reference href="https://www.isaca.org/resources/cobit">MEA01.04</reference>
          <reference href="https://www.isaca.org/resources/cobit">MEA01.05</reference>
          <reference href="https://www.isaca.org/resources/cobit">MEA02.01</reference>
          <reference href="http://nvlpubs.nist.gov/nistpubs/SpecialPublications/NIST.SP.800-171.pdf">3.1.7</reference>
          <reference href="https://www.gpo.gov/fdsys/pkg/CFR-2007-title45-vol1/pdf/CFR-2007-title45-vol1-chapA-subchapC.pdf">164.308(a)(1)(ii)(D)</reference>
          <reference href="https://www.gpo.gov/fdsys/pkg/CFR-2007-title45-vol1/pdf/CFR-2007-title45-vol1-chapA-subchapC.pdf">164.308(a)(3)(ii)(A)</reference>
          <reference href="https://www.gpo.gov/fdsys/pkg/CFR-2007-title45-vol1/pdf/CFR-2007-title45-vol1-chapA-subchapC.pdf">164.308(a)(5)(ii)(C)</reference>
          <reference href="https://www.gpo.gov/fdsys/pkg/CFR-2007-title45-vol1/pdf/CFR-2007-title45-vol1-chapA-subchapC.pdf">164.312(a)(2)(i)</reference>
          <reference href="https://www.gpo.gov/fdsys/pkg/CFR-2007-title45-vol1/pdf/CFR-2007-title45-vol1-chapA-subchapC.pdf">164.312(b)</reference>
          <reference href="https://www.gpo.gov/fdsys/pkg/CFR-2007-title45-vol1/pdf/CFR-2007-title45-vol1-chapA-subchapC.pdf">164.312(d)</reference>
          <reference href="https://www.gpo.gov/fdsys/pkg/CFR-2007-title45-vol1/pdf/CFR-2007-title45-vol1-chapA-subchapC.pdf">164.312(e)</reference>
          <reference href="https://www.isa.org/products/isa-62443-2-1-2009-security-for-industrial-automat">4.3.2.6.7</reference>
          <reference href="https://www.isa.org/products/isa-62443-2-1-2009-security-for-industrial-automat">4.3.3.3.9</reference>
          <reference href="https://www.isa.org/products/isa-62443-2-1-2009-security-for-industrial-automat">4.3.3.5.8</reference>
          <reference href="https://www.isa.org/products/isa-62443-2-1-2009-security-for-industrial-automat">4.3.4.4.7</reference>
          <reference href="https://www.isa.org/products/isa-62443-2-1-2009-security-for-industrial-automat">4.4.2.1</reference>
          <reference href="https://www.isa.org/products/isa-62443-2-1-2009-security-for-industrial-automat">4.4.2.2</reference>
          <reference href="https://www.isa.org/products/isa-62443-2-1-2009-security-for-industrial-automat">4.4.2.4</reference>
          <reference href="https://www.isa.org/products/ansi-isa-62443-3-3-99-03-03-2013-security-for-indu">SR 2.10</reference>
          <reference href="https://www.isa.org/products/ansi-isa-62443-3-3-99-03-03-2013-security-for-indu">SR 2.11</reference>
          <reference href="https://www.isa.org/products/ansi-isa-62443-3-3-99-03-03-2013-security-for-indu">SR 2.12</reference>
          <reference href="https://www.isa.org/products/ansi-isa-62443-3-3-99-03-03-2013-security-for-indu">SR 2.8</reference>
          <reference href="https://www.isa.org/products/ansi-isa-62443-3-3-99-03-03-2013-security-for-indu">SR 2.9</reference>
          <reference href="https://www.isa.org/products/ansi-isa-62443-3-3-99-03-03-2013-security-for-indu">SR 6.1</reference>
          <reference href="https://www.isa.org/products/ansi-isa-62443-3-3-99-03-03-2013-security-for-indu">SR 6.2</reference>
          <reference href="https://www.iso.org/contents/data/standard/05/45/54534.html">A.12.4.1</reference>
          <reference href="https://www.iso.org/contents/data/standard/05/45/54534.html">A.12.4.2</reference>
          <reference href="https://www.iso.org/contents/data/standard/05/45/54534.html">A.12.4.3</reference>
          <reference href="https://www.iso.org/contents/data/standard/05/45/54534.html">A.12.4.4</reference>
          <reference href="https://www.iso.org/contents/data/standard/05/45/54534.html">A.12.7.1</reference>
          <reference href="https://www.iso.org/contents/data/standard/05/45/54534.html">A.14.2.7</reference>
          <reference href="https://www.iso.org/contents/data/standard/05/45/54534.html">A.15.2.1</reference>
          <reference href="https://www.iso.org/contents/data/standard/05/45/54534.html">A.15.2.2</reference>
          <reference href="https://www.nerc.com/standards/reliability-standards/cip">CIP-004-6 R2.2.2</reference>
          <reference href="https://www.nerc.com/standards/reliability-standards/cip">CIP-004-6 R2.2.3</reference>
          <reference href="https://www.nerc.com/standards/reliability-standards/cip">CIP-007-3 R.1.3</reference>
          <reference href="https://www.nerc.com/standards/reliability-standards/cip">CIP-007-3 R5</reference>
          <reference href="https://www.nerc.com/standards/reliability-standards/cip">CIP-007-3 R5.1.1</reference>
          <reference href="https://www.nerc.com/standards/reliability-standards/cip">CIP-007-3 R5.1.3</reference>
          <reference href="https://www.nerc.com/standards/reliability-standards/cip">CIP-007-3 R5.2.1</reference>
          <reference href="https://www.nerc.com/standards/reliability-standards/cip">CIP-007-3 R5.2.3</reference>
          <reference href="http://nvlpubs.nist.gov/nistpubs/SpecialPublications/NIST.SP.800-53r4.pdf">AC-2(4)</reference>
          <reference href="http://nvlpubs.nist.gov/nistpubs/SpecialPublications/NIST.SP.800-53r4.pdf">AU-2(d)</reference>
          <reference href="http://nvlpubs.nist.gov/nistpubs/SpecialPublications/NIST.SP.800-53r4.pdf">AU-12(c)</reference>
          <reference href="http://nvlpubs.nist.gov/nistpubs/SpecialPublications/NIST.SP.800-53r4.pdf">AC-6(9)</reference>
          <reference href="http://nvlpubs.nist.gov/nistpubs/SpecialPublications/NIST.SP.800-53r4.pdf">CM-6(a)</reference>
          <reference href="https://nvlpubs.nist.gov/nistpubs/CSWP/NIST.CSWP.04162018.pdf">DE.CM-1</reference>
          <reference href="https://nvlpubs.nist.gov/nistpubs/CSWP/NIST.CSWP.04162018.pdf">DE.CM-3</reference>
          <reference href="https://nvlpubs.nist.gov/nistpubs/CSWP/NIST.CSWP.04162018.pdf">DE.CM-7</reference>
          <reference href="https://nvlpubs.nist.gov/nistpubs/CSWP/NIST.CSWP.04162018.pdf">ID.SC-4</reference>
          <reference href="https://nvlpubs.nist.gov/nistpubs/CSWP/NIST.CSWP.04162018.pdf">PR.PT-1</reference>
          <reference href="https://www.cyber.mil/stigs/downloads/?_dl_facet_stigs=operating-systems%2Cgeneral-purpose-os">SRG-OS-000037-GPOS-00015</reference>
          <reference href="https://www.cyber.mil/stigs/downloads/?_dl_facet_stigs=operating-systems%2Cgeneral-purpose-os">SRG-OS-000042-GPOS-00020</reference>
          <reference href="https://www.cyber.mil/stigs/downloads/?_dl_facet_stigs=operating-systems%2Cgeneral-purpose-os">SRG-OS-000062-GPOS-00031</reference>
          <reference href="https://www.cyber.mil/stigs/downloads/?_dl_facet_stigs=operating-systems%2Cgeneral-purpose-os">SRG-OS-000392-GPOS-00172</reference>
          <reference href="https://www.cyber.mil/stigs/downloads/?_dl_facet_stigs=operating-systems%2Cgeneral-purpose-os">SRG-OS-000462-GPOS-00206</reference>
          <reference href="https://www.cyber.mil/stigs/downloads/?_dl_facet_stigs=operating-systems%2Cgeneral-purpose-os">SRG-OS-000471-GPOS-00215</reference>
          <reference href="https://www.cyber.mil/stigs/downloads/?_dl_facet_stigs=app-security">SRG-APP-000495-CTR-001235</reference>
          <reference href="https://www.cyber.mil/stigs/downloads/?_dl_facet_stigs=operating-systems%2Cunix-linux">SLES-15-030100</reference>
          <reference href="not_publicly_available">SLES-15-750450495</reference>
          <reference href="https://www.cyber.mil/stigs/srg-stig-tools/">SV-234909r958412_rule</reference>
          <rationale xmlns:xhtml="http://www.w3.org/1999/xhtml" xml:lang="en-US">Misuse of privileged functions, either intentionally or unintentionally by
authorized users, or by unauthorized external entities that have compromised system accounts,
is a serious and ongoing concern and can have significant adverse impacts on organizations.
Auditing the use of privileged functions is one way to detect such misuse and identify
the risk from insider and advanced persistent threats.
<html:br xmlns:html="http://www.w3.org/1999/xhtml"/>
        <html:br xmlns:html="http://www.w3.org/1999/xhtml"/>
Privileged programs are subject to escalation-of-privilege attacks,
which attempt to subvert their normal role of providing some necessary but
limited capability. As such, motivation exists to monitor these programs for
unusual activity.</rationale>
          <ident system="https://ncp.nist.gov/cce">CCE-85586-6</ident>
          <fix xmlns:xhtml="http://www.w3.org/1999/xhtml" id="audit_rules_privileged_commands_chsh" system="urn:xccdf:fix:script:sh"># Remediation is applicable only in certain platforms
if rpm --quiet -q audit &amp;&amp; rpm --quiet -q kernel-default || rpm --quiet -q kernel-default-base; then

# Retrieve hardware architecture of the underlying system
OTHER_FILTERS="-F path=/usr/bin/chsh -F perm=x"
AUID_FILTERS="-F auid&gt;=1000 -F auid!=unset"
SYSCALL=""
KEY="privileged"
SYSCALL_GROUPING=""


ACTION_ARCH_FILTERS="-a always,exit"
# Perform the remediation for both possible tools: 'auditctl' and 'augenrules'
unset syscall_a
unset syscall_grouping
unset syscall_string
unset syscall
unset file_to_edit
unset rule_to_edit
unset rule_syscalls_to_edit
unset other_string
unset auid_string
unset full_rule

# Load macro arguments into arrays
read -a syscall_a &lt;&lt;&lt; $SYSCALL
read -a syscall_grouping &lt;&lt;&lt; $SYSCALL_GROUPING

# Create a list of audit *.rules files that should be inspected for presence and correctness
# of a particular audit rule. The scheme is as follows:
#
# -----------------------------------------------------------------------------------------
#  Tool used to load audit rules | Rule already defined  |  Audit rules file to inspect    |
# -----------------------------------------------------------------------------------------
#        auditctl                |     Doesn't matter    |  /etc/audit/audit.rules         |
# -----------------------------------------------------------------------------------------
#        augenrules              |          Yes          |  /etc/audit/rules.d/*.rules     |
#        augenrules              |          No           |  /etc/audit/rules.d/$key.rules  |
# -----------------------------------------------------------------------------------------
#
files_to_inspect=()

# If audit tool is 'augenrules', then check if the audit rule is defined
# If rule is defined, add '/etc/audit/rules.d/*.rules' to the list for inspection
# If rule isn't defined yet, add '/etc/audit/rules.d/$key.rules' to the list for inspection
default_file="/etc/audit/rules.d/$KEY.rules"
# As other_filters may include paths, lets use a different delimiter for it
# The "F" script expression tells sed to print the filenames where the expressions matched
readarray -t files_to_inspect &lt; &lt;(sed -s -n -e "/^$ACTION_ARCH_FILTERS/!d" -e "\#$OTHER_FILTERS#!d" -e "/$AUID_FILTERS/!d" -e "F" /etc/audit/rules.d/*.rules)
# Case when particular rule isn't defined in /etc/audit/rules.d/*.rules yet
if [ ${#files_to_inspect[@]} -eq "0" ]
then
    file_to_inspect="/etc/audit/rules.d/$KEY.rules"
    files_to_inspect=("$file_to_inspect")
    if [ ! -e "$file_to_inspect" ]
    then
        touch "$file_to_inspect"
        chmod 0600 "$file_to_inspect"
    fi
fi

# After converting to jinja, we cannot return; therefore we skip the rest of the macro if needed instead
skip=1

for audit_file in "${files_to_inspect[@]}"
do
    # Filter existing $audit_file rules' definitions to select those that satisfy the rule pattern,
    # i.e, collect rules that match:
    # * the action, list and arch, (2-nd argument)
    # * the other filters, (3-rd argument)
    # * the auid filters, (4-rd argument)
    readarray -t similar_rules &lt; &lt;(sed -e "/^$ACTION_ARCH_FILTERS/!d"  -e "\#$OTHER_FILTERS#!d" -e "/$AUID_FILTERS/!d" "$audit_file")

    candidate_rules=()
    # Filter out rules that have more fields then required. This will remove rules more specific than the required scope
    for s_rule in "${similar_rules[@]}"
    do
        # Strip all the options and fields we know of,
        # than check if there was any field left over
        extra_fields=$(sed -E -e "s/^$ACTION_ARCH_FILTERS//"  -e "s#$OTHER_FILTERS##" -e "s/$AUID_FILTERS//" -e "s/((:?-S [[:alnum:],]+)+)//g" -e "s/-F key=\w+|-k \w+//"&lt;&lt;&lt; "$s_rule")
        grep -q -- "-F" &lt;&lt;&lt; "$extra_fields" || candidate_rules+=("$s_rule")
    done

    if [[ ${#syscall_a[@]} -ge 1 ]]
    then
        # Check if the syscall we want is present in any of the similar existing rules
        for rule in "${candidate_rules[@]}"
        do
            rule_syscalls=$(echo "$rule" | grep -o -P '(-S [\w,]+)+' | xargs)
            all_syscalls_found=0
            for syscall in "${syscall_a[@]}"
            do
                grep -q -- "\b${syscall}\b" &lt;&lt;&lt; "$rule_syscalls" || {
                   # A syscall was not found in the candidate rule
                   all_syscalls_found=1
                   }
            done
            if [[ $all_syscalls_found -eq 0 ]]
            then
                # We found a rule with all the syscall(s) we want; skip rest of macro
                skip=0
                break
            fi

            # Check if this rule can be grouped with our target syscall and keep track of it
            for syscall_g in "${syscall_grouping[@]}"
            do
                if grep -q -- "\b${syscall_g}\b" &lt;&lt;&lt; "$rule_syscalls"
                then
                    file_to_edit=${audit_file}
                    rule_to_edit=${rule}
                    rule_syscalls_to_edit=${rule_syscalls}
                fi
            done
        done
    else
        # If there is any candidate rule, it is compliant; skip rest of macro
        if [ "${#candidate_rules[@]}" -gt 0 ]
        then
            skip=0
        fi
    fi

    if [ "$skip" -eq 0 ]; then
        break
    fi
done

if [ "$skip" -ne 0 ]; then
    # We checked all rules that matched the expected resemblance pattern (action, arch &amp; auid)
    # At this point we know if we need to either append the $full_rule or group
    # the syscall together with an exsiting rule

    # Append the full_rule if it cannot be grouped to any other rule
    if [ -z ${rule_to_edit+x} ]
    then
        # Build full_rule while avoid adding double spaces when other_filters is empty
        if [ "${#syscall_a[@]}" -gt 0 ]
        then
            syscall_string=""
            for syscall in "${syscall_a[@]}"
            do
                syscall_string+=" -S $syscall"
            done
        fi
        other_string=$([[ $OTHER_FILTERS ]] &amp;&amp; echo " $OTHER_FILTERS") || /bin/true
        auid_string=$([[ $AUID_FILTERS ]] &amp;&amp; echo " $AUID_FILTERS") || /bin/true
        full_rule="$ACTION_ARCH_FILTERS${syscall_string}${other_string}${auid_string} -F key=$KEY" || /bin/true
        echo "$full_rule" &gt;&gt; "$default_file"
        chmod 0600 ${default_file}
    else
        # Check if the syscalls are declared as a comma separated list or
        # as multiple -S parameters
        if grep -q -- "," &lt;&lt;&lt; "${rule_syscalls_to_edit}"
        then
            delimiter=","
        else
            delimiter=" -S "
        fi
        new_grouped_syscalls="${rule_syscalls_to_edit}"
        for syscall in "${syscall_a[@]}"
        do
            grep -q -- "\b${syscall}\b" &lt;&lt;&lt; "${rule_syscalls_to_edit}" || {
               # A syscall was not found in the candidate rule
               new_grouped_syscalls+="${delimiter}${syscall}"
               }
        done

        # Group the syscall in the rule
        sed -i -e "\#${rule_to_edit}#s#${rule_syscalls_to_edit}#${new_grouped_syscalls}#" "$file_to_edit"
    fi
fi
unset syscall_a
unset syscall_grouping
unset syscall_string
unset syscall
unset file_to_edit
unset rule_to_edit
unset rule_syscalls_to_edit
unset other_string
unset auid_string
unset full_rule

# Load macro arguments into arrays
read -a syscall_a &lt;&lt;&lt; $SYSCALL
read -a syscall_grouping &lt;&lt;&lt; $SYSCALL_GROUPING

# Create a list of audit *.rules files that should be inspected for presence and correctness
# of a particular audit rule. The scheme is as follows:
#
# -----------------------------------------------------------------------------------------
#  Tool used to load audit rules | Rule already defined  |  Audit rules file to inspect    |
# -----------------------------------------------------------------------------------------
#        auditctl                |     Doesn't matter    |  /etc/audit/audit.rules         |
# -----------------------------------------------------------------------------------------
#        augenrules              |          Yes          |  /etc/audit/rules.d/*.rules     |
#        augenrules              |          No           |  /etc/audit/rules.d/$key.rules  |
# -----------------------------------------------------------------------------------------
#
files_to_inspect=()


# If audit tool is 'auditctl', then add '/etc/audit/audit.rules'
# file to the list of files to be inspected
default_file="/etc/audit/audit.rules"
files_to_inspect+=('/etc/audit/audit.rules' )

# After converting to jinja, we cannot return; therefore we skip the rest of the macro if needed instead
skip=1

for audit_file in "${files_to_inspect[@]}"
do
    # Filter existing $audit_file rules' definitions to select those that satisfy the rule pattern,
    # i.e, collect rules that match:
    # * the action, list and arch, (2-nd argument)
    # * the other filters, (3-rd argument)
    # * the auid filters, (4-rd argument)
    readarray -t similar_rules &lt; &lt;(sed -e "/^$ACTION_ARCH_FILTERS/!d"  -e "\#$OTHER_FILTERS#!d" -e "/$AUID_FILTERS/!d" "$audit_file")

    candidate_rules=()
    # Filter out rules that have more fields then required. This will remove rules more specific than the required scope
    for s_rule in "${similar_rules[@]}"
    do
        # Strip all the options and fields we know of,
        # than check if there was any field left over
        extra_fields=$(sed -E -e "s/^$ACTION_ARCH_FILTERS//"  -e "s#$OTHER_FILTERS##" -e "s/$AUID_FILTERS//" -e "s/((:?-S [[:alnum:],]+)+)//g" -e "s/-F key=\w+|-k \w+//"&lt;&lt;&lt; "$s_rule")
        grep -q -- "-F" &lt;&lt;&lt; "$extra_fields" || candidate_rules+=("$s_rule")
    done

    if [[ ${#syscall_a[@]} -ge 1 ]]
    then
        # Check if the syscall we want is present in any of the similar existing rules
        for rule in "${candidate_rules[@]}"
        do
            rule_syscalls=$(echo "$rule" | grep -o -P '(-S [\w,]+)+' | xargs)
            all_syscalls_found=0
            for syscall in "${syscall_a[@]}"
            do
                grep -q -- "\b${syscall}\b" &lt;&lt;&lt; "$rule_syscalls" || {
                   # A syscall was not found in the candidate rule
                   all_syscalls_found=1
                   }
            done
            if [[ $all_syscalls_found -eq 0 ]]
            then
                # We found a rule with all the syscall(s) we want; skip rest of macro
                skip=0
                break
            fi

            # Check if this rule can be grouped with our target syscall and keep track of it
            for syscall_g in "${syscall_grouping[@]}"
            do
                if grep -q -- "\b${syscall_g}\b" &lt;&lt;&lt; "$rule_syscalls"
                then
                    file_to_edit=${audit_file}
                    rule_to_edit=${rule}
                    rule_syscalls_to_edit=${rule_syscalls}
                fi
            done
        done
    else
        # If there is any candidate rule, it is compliant; skip rest of macro
        if [ "${#candidate_rules[@]}" -gt 0 ]
        then
            skip=0
        fi
    fi

    if [ "$skip" -eq 0 ]; then
        break
    fi
done

if [ "$skip" -ne 0 ]; then
    # We checked all rules that matched the expected resemblance pattern (action, arch &amp; auid)
    # At this point we know if we need to either append the $full_rule or group
    # the syscall together with an exsiting rule

    # Append the full_rule if it cannot be grouped to any other rule
    if [ -z ${rule_to_edit+x} ]
    then
        # Build full_rule while avoid adding double spaces when other_filters is empty
        if [ "${#syscall_a[@]}" -gt 0 ]
        then
            syscall_string=""
            for syscall in "${syscall_a[@]}"
            do
                syscall_string+=" -S $syscall"
            done
        fi
        other_string=$([[ $OTHER_FILTERS ]] &amp;&amp; echo " $OTHER_FILTERS") || /bin/true
        auid_string=$([[ $AUID_FILTERS ]] &amp;&amp; echo " $AUID_FILTERS") || /bin/true
        full_rule="$ACTION_ARCH_FILTERS${syscall_string}${other_string}${auid_string} -F key=$KEY" || /bin/true
        echo "$full_rule" &gt;&gt; "$default_file"
        chmod 0600 ${default_file}
    else
        # Check if the syscalls are declared as a comma separated list or
        # as multiple -S parameters
        if grep -q -- "," &lt;&lt;&lt; "${rule_syscalls_to_edit}"
        then
            delimiter=","
        else
            delimiter=" -S "
        fi
        new_grouped_syscalls="${rule_syscalls_to_edit}"
        for syscall in "${syscall_a[@]}"
        do
            grep -q -- "\b${syscall}\b" &lt;&lt;&lt; "${rule_syscalls_to_edit}" || {
               # A syscall was not found in the candidate rule
               new_grouped_syscalls+="${delimiter}${syscall}"
               }
        done

        # Group the syscall in the rule
        sed -i -e "\#${rule_to_edit}#s#${rule_syscalls_to_edit}#${new_grouped_syscalls}#" "$file_to_edit"
    fi
fi

else
    &gt;&amp;2 echo 'Remediation is not applicable, nothing was done'
fi
</fix>
          <fix xmlns:xhtml="http://www.w3.org/1999/xhtml" id="audit_rules_privileged_commands_chsh" system="urn:xccdf:fix:script:ansible" complexity="low" disruption="low" strategy="restrict">- name: Gather the package facts
  package_facts:
    manager: auto
  tags:
  - CCE-85586-6
  - DISA-STIG-SLES-15-030100
  - NIST-800-171-3.1.7
  - NIST-800-53-AC-2(4)
  - NIST-800-53-AC-6(9)
  - NIST-800-53-AU-12(c)
  - NIST-800-53-AU-2(d)
  - NIST-800-53-CM-6(a)
  - audit_rules_privileged_commands_chsh
  - low_complexity
  - low_disruption
  - medium_severity
  - no_reboot_needed
  - restrict_strategy

- name: Ensure auditd Collects Information on the Use of Privileged Commands - chsh
    - Perform remediation of Audit rules for /usr/bin/chsh
  block:

  - name: Declare list of syscalls
    ansible.builtin.set_fact:
      syscalls: []
      syscall_grouping: []

  - name: Check existence of  in /etc/audit/rules.d/
    ansible.builtin.find:
      paths: /etc/audit/rules.d
      contains: -a always,exit(( -S |,)\w+)*(( -S |,){{ item }})+(( -S |,)\w+)* -F
        path=/usr/bin/chsh -F perm=x -F auid&gt;=1000 -F auid!=unset (-k\s+|-F\s+key=)\S+\s*$
      patterns: '*.rules'
    register: find_command
    loop: '{{ (syscall_grouping + syscalls) | unique }}'

  - name: Reset syscalls found per file
    ansible.builtin.set_fact:
      syscalls_per_file: {}
      found_paths_dict: {}

  - name: Declare syscalls found per file
    ansible.builtin.set_fact: syscalls_per_file="{{ syscalls_per_file | combine( {item.files[0].path
      :[item.item] + syscalls_per_file.get(item.files[0].path, []) } ) }}"
    loop: '{{ find_command.results | selectattr(''matched'') | list }}'

  - name: Declare files where syscalls were found
    ansible.builtin.set_fact: found_paths="{{ find_command.results | map(attribute='files')
      | flatten | map(attribute='path') | list }}"

  - name: Count occurrences of syscalls in paths
    ansible.builtin.set_fact: found_paths_dict="{{ found_paths_dict | combine({ item:1+found_paths_dict.get(item,
      0) }) }}"
    loop: '{{ find_command.results | map(attribute=''files'') | flatten | map(attribute=''path'')
      | list }}'

  - name: Get path with most syscalls
    ansible.builtin.set_fact: audit_file="{{ (found_paths_dict | dict2items() | sort(attribute='value')
      | last).key }}"
    when: found_paths | length &gt;= 1

  - name: No file with syscall found, set path to /etc/audit/rules.d/privileged.rules
    ansible.builtin.set_fact: audit_file="/etc/audit/rules.d/privileged.rules"
    when: found_paths | length == 0

  - name: Declare found syscalls
    ansible.builtin.set_fact: syscalls_found="{{ find_command.results | selectattr('matched')
      | map(attribute='item') | list }}"

  - name: Declare missing syscalls
    ansible.builtin.set_fact: missing_syscalls="{{ syscalls | difference(syscalls_found)
      }}"

  - name: Replace the audit rule in {{ audit_file }}
    ansible.builtin.lineinfile:
      path: '{{ audit_file }}'
      regexp: (-a always,exit)(?=.*(?:(?:-S |,)(?:{{ syscalls_per_file[audit_file]
        | join("|") }}))\b)((?:( -S |,)\w+)+)( -F path=/usr/bin/chsh -F perm=x -F
        auid&gt;=1000 -F auid!=unset (?:-k |-F key=)\w+)
      line: \1\2\3{{ missing_syscalls | join("\3") }}\4
      backrefs: true
      state: present
      mode: g-rwx,o-rwx
    when: syscalls_found | length &gt; 0 and missing_syscalls | length &gt; 0

  - name: Add the audit rule to {{ audit_file }}
    ansible.builtin.lineinfile:
      path: '{{ audit_file }}'
      line: -a always,exit{{ syscalls | join(',') }} -F path=/usr/bin/chsh -F perm=x
        -F auid&gt;=1000 -F auid!=unset -F key=privileged
      create: true
      mode: g-rwx,o-rwx
      state: present
    when: syscalls_found | length == 0

  - name: Declare list of syscalls
    ansible.builtin.set_fact:
      syscalls: []
      syscall_grouping: []

  - name: Check existence of  in /etc/audit/audit.rules
    ansible.builtin.find:
      paths: /etc/audit
      contains: -a always,exit(( -S |,)\w+)*(( -S |,){{ item }})+(( -S |,)\w+)* -F
        path=/usr/bin/chsh -F perm=x -F auid&gt;=1000 -F auid!=unset (-k\s+|-F\s+key=)\S+\s*$
      patterns: audit.rules
    register: find_command
    loop: '{{ (syscall_grouping + syscalls) | unique }}'

  - name: Set path to /etc/audit/audit.rules
    ansible.builtin.set_fact: audit_file="/etc/audit/audit.rules"

  - name: Declare found syscalls
    ansible.builtin.set_fact: syscalls_found="{{ find_command.results | selectattr('matched')
      | map(attribute='item') | list }}"

  - name: Declare missing syscalls
    ansible.builtin.set_fact: missing_syscalls="{{ syscalls | difference(syscalls_found)
      }}"

  - name: Replace the audit rule in {{ audit_file }}
    ansible.builtin.lineinfile:
      path: '{{ audit_file }}'
      regexp: (-a always,exit)(?=.*(?:(?:-S |,)(?:{{ syscalls_found | join("|") }}))\b)((?:(
        -S |,)\w+)+)( -F path=/usr/bin/chsh -F perm=x -F auid&gt;=1000 -F auid!=unset
        (?:-k |-F key=)\w+)
      line: \1\2\3{{ missing_syscalls | join("\3") }}\4
      backrefs: true
      state: present
      mode: g-rwx,o-rwx
    when: syscalls_found | length &gt; 0 and missing_syscalls | length &gt; 0

  - name: Add the audit rule to {{ audit_file }}
    ansible.builtin.lineinfile:
      path: '{{ audit_file }}'
      line: -a always,exit{{ syscalls | join(',') }} -F path=/usr/bin/chsh -F perm=x
        -F auid&gt;=1000 -F auid!=unset -F key=privileged
      create: true
      mode: g-rwx,o-rwx
      state: present
    when: syscalls_found | length == 0
  when:
  - '"audit" in ansible_facts.packages'
  - ("kernel-default" in ansible_facts.packages or "kernel-default-base" in ansible_facts.packages)
  tags:
  - CCE-85586-6
  - DISA-STIG-SLES-15-030100
  - NIST-800-171-3.1.7
  - NIST-800-53-AC-2(4)
  - NIST-800-53-AC-6(9)
  - NIST-800-53-AU-12(c)
  - NIST-800-53-AU-2(d)
  - NIST-800-53-CM-6(a)
  - audit_rules_privileged_commands_chsh
  - low_complexity
  - low_disruption
  - medium_severity
  - no_reboot_needed
  - restrict_strategy
</fix>
          <check system="http://oval.mitre.org/XMLSchema/oval-definitions-5">
            <check-content-ref name="oval:ssg-audit_rules_privileged_commands_chsh:def:1" href="ssg-sle15-oval.xml"/>
          </check>
          <check system="http://scap.nist.gov/schema/ocil/2">
            <check-content-ref name="ocil:ssg-audit_rules_privileged_commands_chsh_ocil:questionnaire:1" href="ssg-sle15-ocil.xml"/>
          </check>
        </Rule>
        <Rule id="xccdf_org.ssgproject.content_rule_audit_rules_privileged_commands_crontab" selected="false" role="full" severity="medium">
          <title xmlns:xhtml="http://www.w3.org/1999/xhtml" xml:lang="en-US">Ensure auditd Collects Information on the Use of Privileged Commands - crontab</title>
          <description xmlns:xhtml="http://www.w3.org/1999/xhtml" xml:lang="en-US">


At a minimum, the audit system should collect the execution of privileged
commands for all users and root.

If the <html:code xmlns:html="http://www.w3.org/1999/xhtml">auditd</html:code> daemon is configured to use the <html:code xmlns:html="http://www.w3.org/1999/xhtml">augenrules</html:code>
program to read audit rules during daemon startup (the default), add
a line of the following form to a file with suffix <html:code xmlns:html="http://www.w3.org/1999/xhtml">.rules</html:code>
in the directory <html:code xmlns:html="http://www.w3.org/1999/xhtml">/etc/audit/rules.d</html:code>:
<html:pre xmlns:html="http://www.w3.org/1999/xhtml">-a always,exit -F path=/usr/bin/crontab -F perm=x -F auid&gt;=1000 -F auid!=unset -F key=privileged</html:pre>

If the <html:code xmlns:html="http://www.w3.org/1999/xhtml">auditd</html:code> daemon is configured to use the <html:code xmlns:html="http://www.w3.org/1999/xhtml">auditctl</html:code>
utility to read audit rules during daemon startup, add a line of the
following form to <html:code xmlns:html="http://www.w3.org/1999/xhtml">/etc/audit/audit.rules</html:code>:
<html:pre xmlns:html="http://www.w3.org/1999/xhtml">-a always,exit -F path=/usr/bin/crontab -F perm=x -F auid&gt;=1000 -F auid!=unset -F key=privileged</html:pre>
       </description>
          <reference href="https://www.cisecurity.org/controls/">1</reference>
          <reference href="https://www.cisecurity.org/controls/">12</reference>
          <reference href="https://www.cisecurity.org/controls/">13</reference>
          <reference href="https://www.cisecurity.org/controls/">14</reference>
          <reference href="https://www.cisecurity.org/controls/">15</reference>
          <reference href="https://www.cisecurity.org/controls/">16</reference>
          <reference href="https://www.cisecurity.org/controls/">2</reference>
          <reference href="https://www.cisecurity.org/controls/">3</reference>
          <reference href="https://www.cisecurity.org/controls/">5</reference>
          <reference href="https://www.cisecurity.org/controls/">6</reference>
          <reference href="https://www.cisecurity.org/controls/">7</reference>
          <reference href="https://www.cisecurity.org/controls/">8</reference>
          <reference href="https://www.cisecurity.org/controls/">9</reference>
          <reference href="https://www.isaca.org/resources/cobit">APO10.01</reference>
          <reference href="https://www.isaca.org/resources/cobit">APO10.03</reference>
          <reference href="https://www.isaca.org/resources/cobit">APO10.04</reference>
          <reference href="https://www.isaca.org/resources/cobit">APO10.05</reference>
          <reference href="https://www.isaca.org/resources/cobit">APO11.04</reference>
          <reference href="https://www.isaca.org/resources/cobit">BAI03.05</reference>
          <reference href="https://www.isaca.org/resources/cobit">DSS01.03</reference>
          <reference href="https://www.isaca.org/resources/cobit">DSS03.05</reference>
          <reference href="https://www.isaca.org/resources/cobit">DSS05.02</reference>
          <reference href="https://www.isaca.org/resources/cobit">DSS05.04</reference>
          <reference href="https://www.isaca.org/resources/cobit">DSS05.05</reference>
          <reference href="https://www.isaca.org/resources/cobit">DSS05.07</reference>
          <reference href="https://www.isaca.org/resources/cobit">MEA01.01</reference>
          <reference href="https://www.isaca.org/resources/cobit">MEA01.02</reference>
          <reference href="https://www.isaca.org/resources/cobit">MEA01.03</reference>
          <reference href="https://www.isaca.org/resources/cobit">MEA01.04</reference>
          <reference href="https://www.isaca.org/resources/cobit">MEA01.05</reference>
          <reference href="https://www.isaca.org/resources/cobit">MEA02.01</reference>
          <reference href="http://nvlpubs.nist.gov/nistpubs/SpecialPublications/NIST.SP.800-171.pdf">3.1.7</reference>
          <reference href="https://www.gpo.gov/fdsys/pkg/CFR-2007-title45-vol1/pdf/CFR-2007-title45-vol1-chapA-subchapC.pdf">164.308(a)(1)(ii)(D)</reference>
          <reference href="https://www.gpo.gov/fdsys/pkg/CFR-2007-title45-vol1/pdf/CFR-2007-title45-vol1-chapA-subchapC.pdf">164.308(a)(3)(ii)(A)</reference>
          <reference href="https://www.gpo.gov/fdsys/pkg/CFR-2007-title45-vol1/pdf/CFR-2007-title45-vol1-chapA-subchapC.pdf">164.308(a)(5)(ii)(C)</reference>
          <reference href="https://www.gpo.gov/fdsys/pkg/CFR-2007-title45-vol1/pdf/CFR-2007-title45-vol1-chapA-subchapC.pdf">164.312(a)(2)(i)</reference>
          <reference href="https://www.gpo.gov/fdsys/pkg/CFR-2007-title45-vol1/pdf/CFR-2007-title45-vol1-chapA-subchapC.pdf">164.312(b)</reference>
          <reference href="https://www.gpo.gov/fdsys/pkg/CFR-2007-title45-vol1/pdf/CFR-2007-title45-vol1-chapA-subchapC.pdf">164.312(d)</reference>
          <reference href="https://www.gpo.gov/fdsys/pkg/CFR-2007-title45-vol1/pdf/CFR-2007-title45-vol1-chapA-subchapC.pdf">164.312(e)</reference>
          <reference href="https://www.isa.org/products/isa-62443-2-1-2009-security-for-industrial-automat">4.3.2.6.7</reference>
          <reference href="https://www.isa.org/products/isa-62443-2-1-2009-security-for-industrial-automat">4.3.3.3.9</reference>
          <reference href="https://www.isa.org/products/isa-62443-2-1-2009-security-for-industrial-automat">4.3.3.5.8</reference>
          <reference href="https://www.isa.org/products/isa-62443-2-1-2009-security-for-industrial-automat">4.3.4.4.7</reference>
          <reference href="https://www.isa.org/products/isa-62443-2-1-2009-security-for-industrial-automat">4.4.2.1</reference>
          <reference href="https://www.isa.org/products/isa-62443-2-1-2009-security-for-industrial-automat">4.4.2.2</reference>
          <reference href="https://www.isa.org/products/isa-62443-2-1-2009-security-for-industrial-automat">4.4.2.4</reference>
          <reference href="https://www.isa.org/products/ansi-isa-62443-3-3-99-03-03-2013-security-for-indu">SR 2.10</reference>
          <reference href="https://www.isa.org/products/ansi-isa-62443-3-3-99-03-03-2013-security-for-indu">SR 2.11</reference>
          <reference href="https://www.isa.org/products/ansi-isa-62443-3-3-99-03-03-2013-security-for-indu">SR 2.12</reference>
          <reference href="https://www.isa.org/products/ansi-isa-62443-3-3-99-03-03-2013-security-for-indu">SR 2.8</reference>
          <reference href="https://www.isa.org/products/ansi-isa-62443-3-3-99-03-03-2013-security-for-indu">SR 2.9</reference>
          <reference href="https://www.isa.org/products/ansi-isa-62443-3-3-99-03-03-2013-security-for-indu">SR 6.1</reference>
          <reference href="https://www.isa.org/products/ansi-isa-62443-3-3-99-03-03-2013-security-for-indu">SR 6.2</reference>
          <reference href="https://www.iso.org/contents/data/standard/05/45/54534.html">A.12.4.1</reference>
          <reference href="https://www.iso.org/contents/data/standard/05/45/54534.html">A.12.4.2</reference>
          <reference href="https://www.iso.org/contents/data/standard/05/45/54534.html">A.12.4.3</reference>
          <reference href="https://www.iso.org/contents/data/standard/05/45/54534.html">A.12.4.4</reference>
          <reference href="https://www.iso.org/contents/data/standard/05/45/54534.html">A.12.7.1</reference>
          <reference href="https://www.iso.org/contents/data/standard/05/45/54534.html">A.14.2.7</reference>
          <reference href="https://www.iso.org/contents/data/standard/05/45/54534.html">A.15.2.1</reference>
          <reference href="https://www.iso.org/contents/data/standard/05/45/54534.html">A.15.2.2</reference>
          <reference href="http://nvlpubs.nist.gov/nistpubs/SpecialPublications/NIST.SP.800-53r4.pdf">AU-2(d)</reference>
          <reference href="http://nvlpubs.nist.gov/nistpubs/SpecialPublications/NIST.SP.800-53r4.pdf">AU-12(c)</reference>
          <reference href="http://nvlpubs.nist.gov/nistpubs/SpecialPublications/NIST.SP.800-53r4.pdf">AC-6(9)</reference>
          <reference href="http://nvlpubs.nist.gov/nistpubs/SpecialPublications/NIST.SP.800-53r4.pdf">CM-6(a)</reference>
          <reference href="https://nvlpubs.nist.gov/nistpubs/CSWP/NIST.CSWP.04162018.pdf">DE.CM-1</reference>
          <reference href="https://nvlpubs.nist.gov/nistpubs/CSWP/NIST.CSWP.04162018.pdf">DE.CM-3</reference>
          <reference href="https://nvlpubs.nist.gov/nistpubs/CSWP/NIST.CSWP.04162018.pdf">DE.CM-7</reference>
          <reference href="https://nvlpubs.nist.gov/nistpubs/CSWP/NIST.CSWP.04162018.pdf">ID.SC-4</reference>
          <reference href="https://nvlpubs.nist.gov/nistpubs/CSWP/NIST.CSWP.04162018.pdf">PR.PT-1</reference>
          <reference href="https://www.cyber.mil/stigs/downloads/?_dl_facet_stigs=operating-systems%2Cgeneral-purpose-os">SRG-OS-000037-GPOS-00015</reference>
          <reference href="https://www.cyber.mil/stigs/downloads/?_dl_facet_stigs=operating-systems%2Cgeneral-purpose-os">SRG-OS-000042-GPOS-00020</reference>
          <reference href="https://www.cyber.mil/stigs/downloads/?_dl_facet_stigs=operating-systems%2Cgeneral-purpose-os">SRG-OS-000062-GPOS-00031</reference>
          <reference href="https://www.cyber.mil/stigs/downloads/?_dl_facet_stigs=operating-systems%2Cgeneral-purpose-os">SRG-OS-000392-GPOS-00172</reference>
          <reference href="https://www.cyber.mil/stigs/downloads/?_dl_facet_stigs=operating-systems%2Cgeneral-purpose-os">SRG-OS-000462-GPOS-00206</reference>
          <reference href="https://www.cyber.mil/stigs/downloads/?_dl_facet_stigs=operating-systems%2Cgeneral-purpose-os">SRG-OS-000471-GPOS-00215</reference>
          <reference href="https://www.cyber.mil/stigs/downloads/?_dl_facet_stigs=app-security">SRG-APP-000495-CTR-001235</reference>
          <reference href="https://www.cyber.mil/stigs/downloads/?_dl_facet_stigs=operating-systems%2Cunix-linux">SLES-15-030130</reference>
          <reference href="not_publicly_available">SLES-15-750450510</reference>
          <reference href="https://www.cyber.mil/stigs/srg-stig-tools/">SV-234912r958412_rule</reference>
          <rationale xmlns:xhtml="http://www.w3.org/1999/xhtml" xml:lang="en-US">Misuse of privileged functions, either intentionally or unintentionally by
authorized users, or by unauthorized external entities that have compromised system accounts,
is a serious and ongoing concern and can have significant adverse impacts on organizations.
Auditing the use of privileged functions is one way to detect such misuse and identify
the risk from insider and advanced persistent threats.
<html:br xmlns:html="http://www.w3.org/1999/xhtml"/>
        <html:br xmlns:html="http://www.w3.org/1999/xhtml"/>
Privileged programs are subject to escalation-of-privilege attacks,
which attempt to subvert their normal role of providing some necessary but
limited capability. As such, motivation exists to monitor these programs for
unusual activity.</rationale>
          <ident system="https://ncp.nist.gov/cce">CCE-85588-2</ident>
          <fix xmlns:xhtml="http://www.w3.org/1999/xhtml" id="audit_rules_privileged_commands_crontab" system="urn:xccdf:fix:script:sh"># Remediation is applicable only in certain platforms
if rpm --quiet -q audit &amp;&amp; rpm --quiet -q kernel-default || rpm --quiet -q kernel-default-base; then

# Retrieve hardware architecture of the underlying system
OTHER_FILTERS="-F path=/usr/bin/crontab -F perm=x"
AUID_FILTERS="-F auid&gt;=1000 -F auid!=unset"
SYSCALL=""
KEY="privileged"
SYSCALL_GROUPING=""


ACTION_ARCH_FILTERS="-a always,exit"
# Perform the remediation for both possible tools: 'auditctl' and 'augenrules'
unset syscall_a
unset syscall_grouping
unset syscall_string
unset syscall
unset file_to_edit
unset rule_to_edit
unset rule_syscalls_to_edit
unset other_string
unset auid_string
unset full_rule

# Load macro arguments into arrays
read -a syscall_a &lt;&lt;&lt; $SYSCALL
read -a syscall_grouping &lt;&lt;&lt; $SYSCALL_GROUPING

# Create a list of audit *.rules files that should be inspected for presence and correctness
# of a particular audit rule. The scheme is as follows:
#
# -----------------------------------------------------------------------------------------
#  Tool used to load audit rules | Rule already defined  |  Audit rules file to inspect    |
# -----------------------------------------------------------------------------------------
#        auditctl                |     Doesn't matter    |  /etc/audit/audit.rules         |
# -----------------------------------------------------------------------------------------
#        augenrules              |          Yes          |  /etc/audit/rules.d/*.rules     |
#        augenrules              |          No           |  /etc/audit/rules.d/$key.rules  |
# -----------------------------------------------------------------------------------------
#
files_to_inspect=()

# If audit tool is 'augenrules', then check if the audit rule is defined
# If rule is defined, add '/etc/audit/rules.d/*.rules' to the list for inspection
# If rule isn't defined yet, add '/etc/audit/rules.d/$key.rules' to the list for inspection
default_file="/etc/audit/rules.d/$KEY.rules"
# As other_filters may include paths, lets use a different delimiter for it
# The "F" script expression tells sed to print the filenames where the expressions matched
readarray -t files_to_inspect &lt; &lt;(sed -s -n -e "/^$ACTION_ARCH_FILTERS/!d" -e "\#$OTHER_FILTERS#!d" -e "/$AUID_FILTERS/!d" -e "F" /etc/audit/rules.d/*.rules)
# Case when particular rule isn't defined in /etc/audit/rules.d/*.rules yet
if [ ${#files_to_inspect[@]} -eq "0" ]
then
    file_to_inspect="/etc/audit/rules.d/$KEY.rules"
    files_to_inspect=("$file_to_inspect")
    if [ ! -e "$file_to_inspect" ]
    then
        touch "$file_to_inspect"
        chmod 0600 "$file_to_inspect"
    fi
fi

# After converting to jinja, we cannot return; therefore we skip the rest of the macro if needed instead
skip=1

for audit_file in "${files_to_inspect[@]}"
do
    # Filter existing $audit_file rules' definitions to select those that satisfy the rule pattern,
    # i.e, collect rules that match:
    # * the action, list and arch, (2-nd argument)
    # * the other filters, (3-rd argument)
    # * the auid filters, (4-rd argument)
    readarray -t similar_rules &lt; &lt;(sed -e "/^$ACTION_ARCH_FILTERS/!d"  -e "\#$OTHER_FILTERS#!d" -e "/$AUID_FILTERS/!d" "$audit_file")

    candidate_rules=()
    # Filter out rules that have more fields then required. This will remove rules more specific than the required scope
    for s_rule in "${similar_rules[@]}"
    do
        # Strip all the options and fields we know of,
        # than check if there was any field left over
        extra_fields=$(sed -E -e "s/^$ACTION_ARCH_FILTERS//"  -e "s#$OTHER_FILTERS##" -e "s/$AUID_FILTERS//" -e "s/((:?-S [[:alnum:],]+)+)//g" -e "s/-F key=\w+|-k \w+//"&lt;&lt;&lt; "$s_rule")
        grep -q -- "-F" &lt;&lt;&lt; "$extra_fields" || candidate_rules+=("$s_rule")
    done

    if [[ ${#syscall_a[@]} -ge 1 ]]
    then
        # Check if the syscall we want is present in any of the similar existing rules
        for rule in "${candidate_rules[@]}"
        do
            rule_syscalls=$(echo "$rule" | grep -o -P '(-S [\w,]+)+' | xargs)
            all_syscalls_found=0
            for syscall in "${syscall_a[@]}"
            do
                grep -q -- "\b${syscall}\b" &lt;&lt;&lt; "$rule_syscalls" || {
                   # A syscall was not found in the candidate rule
                   all_syscalls_found=1
                   }
            done
            if [[ $all_syscalls_found -eq 0 ]]
            then
                # We found a rule with all the syscall(s) we want; skip rest of macro
                skip=0
                break
            fi

            # Check if this rule can be grouped with our target syscall and keep track of it
            for syscall_g in "${syscall_grouping[@]}"
            do
                if grep -q -- "\b${syscall_g}\b" &lt;&lt;&lt; "$rule_syscalls"
                then
                    file_to_edit=${audit_file}
                    rule_to_edit=${rule}
                    rule_syscalls_to_edit=${rule_syscalls}
                fi
            done
        done
    else
        # If there is any candidate rule, it is compliant; skip rest of macro
        if [ "${#candidate_rules[@]}" -gt 0 ]
        then
            skip=0
        fi
    fi

    if [ "$skip" -eq 0 ]; then
        break
    fi
done

if [ "$skip" -ne 0 ]; then
    # We checked all rules that matched the expected resemblance pattern (action, arch &amp; auid)
    # At this point we know if we need to either append the $full_rule or group
    # the syscall together with an exsiting rule

    # Append the full_rule if it cannot be grouped to any other rule
    if [ -z ${rule_to_edit+x} ]
    then
        # Build full_rule while avoid adding double spaces when other_filters is empty
        if [ "${#syscall_a[@]}" -gt 0 ]
        then
            syscall_string=""
            for syscall in "${syscall_a[@]}"
            do
                syscall_string+=" -S $syscall"
            done
        fi
        other_string=$([[ $OTHER_FILTERS ]] &amp;&amp; echo " $OTHER_FILTERS") || /bin/true
        auid_string=$([[ $AUID_FILTERS ]] &amp;&amp; echo " $AUID_FILTERS") || /bin/true
        full_rule="$ACTION_ARCH_FILTERS${syscall_string}${other_string}${auid_string} -F key=$KEY" || /bin/true
        echo "$full_rule" &gt;&gt; "$default_file"
        chmod 0600 ${default_file}
    else
        # Check if the syscalls are declared as a comma separated list or
        # as multiple -S parameters
        if grep -q -- "," &lt;&lt;&lt; "${rule_syscalls_to_edit}"
        then
            delimiter=","
        else
            delimiter=" -S "
        fi
        new_grouped_syscalls="${rule_syscalls_to_edit}"
        for syscall in "${syscall_a[@]}"
        do
            grep -q -- "\b${syscall}\b" &lt;&lt;&lt; "${rule_syscalls_to_edit}" || {
               # A syscall was not found in the candidate rule
               new_grouped_syscalls+="${delimiter}${syscall}"
               }
        done

        # Group the syscall in the rule
        sed -i -e "\#${rule_to_edit}#s#${rule_syscalls_to_edit}#${new_grouped_syscalls}#" "$file_to_edit"
    fi
fi
unset syscall_a
unset syscall_grouping
unset syscall_string
unset syscall
unset file_to_edit
unset rule_to_edit
unset rule_syscalls_to_edit
unset other_string
unset auid_string
unset full_rule

# Load macro arguments into arrays
read -a syscall_a &lt;&lt;&lt; $SYSCALL
read -a syscall_grouping &lt;&lt;&lt; $SYSCALL_GROUPING

# Create a list of audit *.rules files that should be inspected for presence and correctness
# of a particular audit rule. The scheme is as follows:
#
# -----------------------------------------------------------------------------------------
#  Tool used to load audit rules | Rule already defined  |  Audit rules file to inspect    |
# -----------------------------------------------------------------------------------------
#        auditctl                |     Doesn't matter    |  /etc/audit/audit.rules         |
# -----------------------------------------------------------------------------------------
#        augenrules              |          Yes          |  /etc/audit/rules.d/*.rules     |
#        augenrules              |          No           |  /etc/audit/rules.d/$key.rules  |
# -----------------------------------------------------------------------------------------
#
files_to_inspect=()


# If audit tool is 'auditctl', then add '/etc/audit/audit.rules'
# file to the list of files to be inspected
default_file="/etc/audit/audit.rules"
files_to_inspect+=('/etc/audit/audit.rules' )

# After converting to jinja, we cannot return; therefore we skip the rest of the macro if needed instead
skip=1

for audit_file in "${files_to_inspect[@]}"
do
    # Filter existing $audit_file rules' definitions to select those that satisfy the rule pattern,
    # i.e, collect rules that match:
    # * the action, list and arch, (2-nd argument)
    # * the other filters, (3-rd argument)
    # * the auid filters, (4-rd argument)
    readarray -t similar_rules &lt; &lt;(sed -e "/^$ACTION_ARCH_FILTERS/!d"  -e "\#$OTHER_FILTERS#!d" -e "/$AUID_FILTERS/!d" "$audit_file")

    candidate_rules=()
    # Filter out rules that have more fields then required. This will remove rules more specific than the required scope
    for s_rule in "${similar_rules[@]}"
    do
        # Strip all the options and fields we know of,
        # than check if there was any field left over
        extra_fields=$(sed -E -e "s/^$ACTION_ARCH_FILTERS//"  -e "s#$OTHER_FILTERS##" -e "s/$AUID_FILTERS//" -e "s/((:?-S [[:alnum:],]+)+)//g" -e "s/-F key=\w+|-k \w+//"&lt;&lt;&lt; "$s_rule")
        grep -q -- "-F" &lt;&lt;&lt; "$extra_fields" || candidate_rules+=("$s_rule")
    done

    if [[ ${#syscall_a[@]} -ge 1 ]]
    then
        # Check if the syscall we want is present in any of the similar existing rules
        for rule in "${candidate_rules[@]}"
        do
            rule_syscalls=$(echo "$rule" | grep -o -P '(-S [\w,]+)+' | xargs)
            all_syscalls_found=0
            for syscall in "${syscall_a[@]}"
            do
                grep -q -- "\b${syscall}\b" &lt;&lt;&lt; "$rule_syscalls" || {
                   # A syscall was not found in the candidate rule
                   all_syscalls_found=1
                   }
            done
            if [[ $all_syscalls_found -eq 0 ]]
            then
                # We found a rule with all the syscall(s) we want; skip rest of macro
                skip=0
                break
            fi

            # Check if this rule can be grouped with our target syscall and keep track of it
            for syscall_g in "${syscall_grouping[@]}"
            do
                if grep -q -- "\b${syscall_g}\b" &lt;&lt;&lt; "$rule_syscalls"
                then
                    file_to_edit=${audit_file}
                    rule_to_edit=${rule}
                    rule_syscalls_to_edit=${rule_syscalls}
                fi
            done
        done
    else
        # If there is any candidate rule, it is compliant; skip rest of macro
        if [ "${#candidate_rules[@]}" -gt 0 ]
        then
            skip=0
        fi
    fi

    if [ "$skip" -eq 0 ]; then
        break
    fi
done

if [ "$skip" -ne 0 ]; then
    # We checked all rules that matched the expected resemblance pattern (action, arch &amp; auid)
    # At this point we know if we need to either append the $full_rule or group
    # the syscall together with an exsiting rule

    # Append the full_rule if it cannot be grouped to any other rule
    if [ -z ${rule_to_edit+x} ]
    then
        # Build full_rule while avoid adding double spaces when other_filters is empty
        if [ "${#syscall_a[@]}" -gt 0 ]
        then
            syscall_string=""
            for syscall in "${syscall_a[@]}"
            do
                syscall_string+=" -S $syscall"
            done
        fi
        other_string=$([[ $OTHER_FILTERS ]] &amp;&amp; echo " $OTHER_FILTERS") || /bin/true
        auid_string=$([[ $AUID_FILTERS ]] &amp;&amp; echo " $AUID_FILTERS") || /bin/true
        full_rule="$ACTION_ARCH_FILTERS${syscall_string}${other_string}${auid_string} -F key=$KEY" || /bin/true
        echo "$full_rule" &gt;&gt; "$default_file"
        chmod 0600 ${default_file}
    else
        # Check if the syscalls are declared as a comma separated list or
        # as multiple -S parameters
        if grep -q -- "," &lt;&lt;&lt; "${rule_syscalls_to_edit}"
        then
            delimiter=","
        else
            delimiter=" -S "
        fi
        new_grouped_syscalls="${rule_syscalls_to_edit}"
        for syscall in "${syscall_a[@]}"
        do
            grep -q -- "\b${syscall}\b" &lt;&lt;&lt; "${rule_syscalls_to_edit}" || {
               # A syscall was not found in the candidate rule
               new_grouped_syscalls+="${delimiter}${syscall}"
               }
        done

        # Group the syscall in the rule
        sed -i -e "\#${rule_to_edit}#s#${rule_syscalls_to_edit}#${new_grouped_syscalls}#" "$file_to_edit"
    fi
fi

else
    &gt;&amp;2 echo 'Remediation is not applicable, nothing was done'
fi
</fix>
          <fix xmlns:xhtml="http://www.w3.org/1999/xhtml" id="audit_rules_privileged_commands_crontab" system="urn:xccdf:fix:script:ansible" complexity="low" disruption="low" strategy="restrict">- name: Gather the package facts
  package_facts:
    manager: auto
  tags:
  - CCE-85588-2
  - DISA-STIG-SLES-15-030130
  - NIST-800-171-3.1.7
  - NIST-800-53-AC-6(9)
  - NIST-800-53-AU-12(c)
  - NIST-800-53-AU-2(d)
  - NIST-800-53-CM-6(a)
  - audit_rules_privileged_commands_crontab
  - low_complexity
  - low_disruption
  - medium_severity
  - no_reboot_needed
  - restrict_strategy

- name: Ensure auditd Collects Information on the Use of Privileged Commands - crontab
    - Perform remediation of Audit rules for /usr/bin/crontab
  block:

  - name: Declare list of syscalls
    ansible.builtin.set_fact:
      syscalls: []
      syscall_grouping: []

  - name: Check existence of  in /etc/audit/rules.d/
    ansible.builtin.find:
      paths: /etc/audit/rules.d
      contains: -a always,exit(( -S |,)\w+)*(( -S |,){{ item }})+(( -S |,)\w+)* -F
        path=/usr/bin/crontab -F perm=x -F auid&gt;=1000 -F auid!=unset (-k\s+|-F\s+key=)\S+\s*$
      patterns: '*.rules'
    register: find_command
    loop: '{{ (syscall_grouping + syscalls) | unique }}'

  - name: Reset syscalls found per file
    ansible.builtin.set_fact:
      syscalls_per_file: {}
      found_paths_dict: {}

  - name: Declare syscalls found per file
    ansible.builtin.set_fact: syscalls_per_file="{{ syscalls_per_file | combine( {item.files[0].path
      :[item.item] + syscalls_per_file.get(item.files[0].path, []) } ) }}"
    loop: '{{ find_command.results | selectattr(''matched'') | list }}'

  - name: Declare files where syscalls were found
    ansible.builtin.set_fact: found_paths="{{ find_command.results | map(attribute='files')
      | flatten | map(attribute='path') | list }}"

  - name: Count occurrences of syscalls in paths
    ansible.builtin.set_fact: found_paths_dict="{{ found_paths_dict | combine({ item:1+found_paths_dict.get(item,
      0) }) }}"
    loop: '{{ find_command.results | map(attribute=''files'') | flatten | map(attribute=''path'')
      | list }}'

  - name: Get path with most syscalls
    ansible.builtin.set_fact: audit_file="{{ (found_paths_dict | dict2items() | sort(attribute='value')
      | last).key }}"
    when: found_paths | length &gt;= 1

  - name: No file with syscall found, set path to /etc/audit/rules.d/privileged.rules
    ansible.builtin.set_fact: audit_file="/etc/audit/rules.d/privileged.rules"
    when: found_paths | length == 0

  - name: Declare found syscalls
    ansible.builtin.set_fact: syscalls_found="{{ find_command.results | selectattr('matched')
      | map(attribute='item') | list }}"

  - name: Declare missing syscalls
    ansible.builtin.set_fact: missing_syscalls="{{ syscalls | difference(syscalls_found)
      }}"

  - name: Replace the audit rule in {{ audit_file }}
    ansible.builtin.lineinfile:
      path: '{{ audit_file }}'
      regexp: (-a always,exit)(?=.*(?:(?:-S |,)(?:{{ syscalls_per_file[audit_file]
        | join("|") }}))\b)((?:( -S |,)\w+)+)( -F path=/usr/bin/crontab -F perm=x
        -F auid&gt;=1000 -F auid!=unset (?:-k |-F key=)\w+)
      line: \1\2\3{{ missing_syscalls | join("\3") }}\4
      backrefs: true
      state: present
      mode: g-rwx,o-rwx
    when: syscalls_found | length &gt; 0 and missing_syscalls | length &gt; 0

  - name: Add the audit rule to {{ audit_file }}
    ansible.builtin.lineinfile:
      path: '{{ audit_file }}'
      line: -a always,exit{{ syscalls | join(',') }} -F path=/usr/bin/crontab -F perm=x
        -F auid&gt;=1000 -F auid!=unset -F key=privileged
      create: true
      mode: g-rwx,o-rwx
      state: present
    when: syscalls_found | length == 0

  - name: Declare list of syscalls
    ansible.builtin.set_fact:
      syscalls: []
      syscall_grouping: []

  - name: Check existence of  in /etc/audit/audit.rules
    ansible.builtin.find:
      paths: /etc/audit
      contains: -a always,exit(( -S |,)\w+)*(( -S |,){{ item }})+(( -S |,)\w+)* -F
        path=/usr/bin/crontab -F perm=x -F auid&gt;=1000 -F auid!=unset (-k\s+|-F\s+key=)\S+\s*$
      patterns: audit.rules
    register: find_command
    loop: '{{ (syscall_grouping + syscalls) | unique }}'

  - name: Set path to /etc/audit/audit.rules
    ansible.builtin.set_fact: audit_file="/etc/audit/audit.rules"

  - name: Declare found syscalls
    ansible.builtin.set_fact: syscalls_found="{{ find_command.results | selectattr('matched')
      | map(attribute='item') | list }}"

  - name: Declare missing syscalls
    ansible.builtin.set_fact: missing_syscalls="{{ syscalls | difference(syscalls_found)
      }}"

  - name: Replace the audit rule in {{ audit_file }}
    ansible.builtin.lineinfile:
      path: '{{ audit_file }}'
      regexp: (-a always,exit)(?=.*(?:(?:-S |,)(?:{{ syscalls_found | join("|") }}))\b)((?:(
        -S |,)\w+)+)( -F path=/usr/bin/crontab -F perm=x -F auid&gt;=1000 -F auid!=unset
        (?:-k |-F key=)\w+)
      line: \1\2\3{{ missing_syscalls | join("\3") }}\4
      backrefs: true
      state: present
      mode: g-rwx,o-rwx
    when: syscalls_found | length &gt; 0 and missing_syscalls | length &gt; 0

  - name: Add the audit rule to {{ audit_file }}
    ansible.builtin.lineinfile:
      path: '{{ audit_file }}'
      line: -a always,exit{{ syscalls | join(',') }} -F path=/usr/bin/crontab -F perm=x
        -F auid&gt;=1000 -F auid!=unset -F key=privileged
      create: true
      mode: g-rwx,o-rwx
      state: present
    when: syscalls_found | length == 0
  when:
  - '"audit" in ansible_facts.packages'
  - ("kernel-default" in ansible_facts.packages or "kernel-default-base" in ansible_facts.packages)
  tags:
  - CCE-85588-2
  - DISA-STIG-SLES-15-030130
  - NIST-800-171-3.1.7
  - NIST-800-53-AC-6(9)
  - NIST-800-53-AU-12(c)
  - NIST-800-53-AU-2(d)
  - NIST-800-53-CM-6(a)
  - audit_rules_privileged_commands_crontab
  - low_complexity
  - low_disruption
  - medium_severity
  - no_reboot_needed
  - restrict_strategy
</fix>
          <check system="http://oval.mitre.org/XMLSchema/oval-definitions-5">
            <check-content-ref name="oval:ssg-audit_rules_privileged_commands_crontab:def:1" href="ssg-sle15-oval.xml"/>
          </check>
          <check system="http://scap.nist.gov/schema/ocil/2">
            <check-content-ref name="ocil:ssg-audit_rules_privileged_commands_crontab_ocil:questionnaire:1" href="ssg-sle15-ocil.xml"/>
          </check>
        </Rule>
        <Rule id="xccdf_org.ssgproject.content_rule_audit_rules_privileged_commands_gpasswd" selected="false" role="full" severity="medium">
          <title xmlns:xhtml="http://www.w3.org/1999/xhtml" xml:lang="en-US">Ensure auditd Collects Information on the Use of Privileged Commands - gpasswd</title>
          <description xmlns:xhtml="http://www.w3.org/1999/xhtml" xml:lang="en-US">


At a minimum, the audit system should collect the execution of privileged
commands for all users and root.

If the <html:code xmlns:html="http://www.w3.org/1999/xhtml">auditd</html:code> daemon is configured to use the <html:code xmlns:html="http://www.w3.org/1999/xhtml">augenrules</html:code>
program to read audit rules during daemon startup (the default), add
a line of the following form to a file with suffix <html:code xmlns:html="http://www.w3.org/1999/xhtml">.rules</html:code>
in the directory <html:code xmlns:html="http://www.w3.org/1999/xhtml">/etc/audit/rules.d</html:code>:
<html:pre xmlns:html="http://www.w3.org/1999/xhtml">-a always,exit -F path=/usr/bin/gpasswd -F perm=x -F auid&gt;=1000 -F auid!=unset -F key=privileged</html:pre>

If the <html:code xmlns:html="http://www.w3.org/1999/xhtml">auditd</html:code> daemon is configured to use the <html:code xmlns:html="http://www.w3.org/1999/xhtml">auditctl</html:code>
utility to read audit rules during daemon startup, add a line of the
following form to <html:code xmlns:html="http://www.w3.org/1999/xhtml">/etc/audit/audit.rules</html:code>:
<html:pre xmlns:html="http://www.w3.org/1999/xhtml">-a always,exit -F path=/usr/bin/gpasswd -F perm=x -F auid&gt;=1000 -F auid!=unset -F key=privileged</html:pre>
       </description>
          <reference href="https://www.cisecurity.org/controls/">1</reference>
          <reference href="https://www.cisecurity.org/controls/">12</reference>
          <reference href="https://www.cisecurity.org/controls/">13</reference>
          <reference href="https://www.cisecurity.org/controls/">14</reference>
          <reference href="https://www.cisecurity.org/controls/">15</reference>
          <reference href="https://www.cisecurity.org/controls/">16</reference>
          <reference href="https://www.cisecurity.org/controls/">2</reference>
          <reference href="https://www.cisecurity.org/controls/">3</reference>
          <reference href="https://www.cisecurity.org/controls/">5</reference>
          <reference href="https://www.cisecurity.org/controls/">6</reference>
          <reference href="https://www.cisecurity.org/controls/">7</reference>
          <reference href="https://www.cisecurity.org/controls/">8</reference>
          <reference href="https://www.cisecurity.org/controls/">9</reference>
          <reference href="https://www.isaca.org/resources/cobit">APO10.01</reference>
          <reference href="https://www.isaca.org/resources/cobit">APO10.03</reference>
          <reference href="https://www.isaca.org/resources/cobit">APO10.04</reference>
          <reference href="https://www.isaca.org/resources/cobit">APO10.05</reference>
          <reference href="https://www.isaca.org/resources/cobit">APO11.04</reference>
          <reference href="https://www.isaca.org/resources/cobit">BAI03.05</reference>
          <reference href="https://www.isaca.org/resources/cobit">DSS01.03</reference>
          <reference href="https://www.isaca.org/resources/cobit">DSS03.05</reference>
          <reference href="https://www.isaca.org/resources/cobit">DSS05.02</reference>
          <reference href="https://www.isaca.org/resources/cobit">DSS05.04</reference>
          <reference href="https://www.isaca.org/resources/cobit">DSS05.05</reference>
          <reference href="https://www.isaca.org/resources/cobit">DSS05.07</reference>
          <reference href="https://www.isaca.org/resources/cobit">MEA01.01</reference>
          <reference href="https://www.isaca.org/resources/cobit">MEA01.02</reference>
          <reference href="https://www.isaca.org/resources/cobit">MEA01.03</reference>
          <reference href="https://www.isaca.org/resources/cobit">MEA01.04</reference>
          <reference href="https://www.isaca.org/resources/cobit">MEA01.05</reference>
          <reference href="https://www.isaca.org/resources/cobit">MEA02.01</reference>
          <reference href="http://nvlpubs.nist.gov/nistpubs/SpecialPublications/NIST.SP.800-171.pdf">3.1.7</reference>
          <reference href="https://www.gpo.gov/fdsys/pkg/CFR-2007-title45-vol1/pdf/CFR-2007-title45-vol1-chapA-subchapC.pdf">164.308(a)(1)(ii)(D)</reference>
          <reference href="https://www.gpo.gov/fdsys/pkg/CFR-2007-title45-vol1/pdf/CFR-2007-title45-vol1-chapA-subchapC.pdf">164.308(a)(3)(ii)(A)</reference>
          <reference href="https://www.gpo.gov/fdsys/pkg/CFR-2007-title45-vol1/pdf/CFR-2007-title45-vol1-chapA-subchapC.pdf">164.308(a)(5)(ii)(C)</reference>
          <reference href="https://www.gpo.gov/fdsys/pkg/CFR-2007-title45-vol1/pdf/CFR-2007-title45-vol1-chapA-subchapC.pdf">164.312(a)(2)(i)</reference>
          <reference href="https://www.gpo.gov/fdsys/pkg/CFR-2007-title45-vol1/pdf/CFR-2007-title45-vol1-chapA-subchapC.pdf">164.312(b)</reference>
          <reference href="https://www.gpo.gov/fdsys/pkg/CFR-2007-title45-vol1/pdf/CFR-2007-title45-vol1-chapA-subchapC.pdf">164.312(d)</reference>
          <reference href="https://www.gpo.gov/fdsys/pkg/CFR-2007-title45-vol1/pdf/CFR-2007-title45-vol1-chapA-subchapC.pdf">164.312(e)</reference>
          <reference href="https://www.isa.org/products/isa-62443-2-1-2009-security-for-industrial-automat">4.3.2.6.7</reference>
          <reference href="https://www.isa.org/products/isa-62443-2-1-2009-security-for-industrial-automat">4.3.3.3.9</reference>
          <reference href="https://www.isa.org/products/isa-62443-2-1-2009-security-for-industrial-automat">4.3.3.5.8</reference>
          <reference href="https://www.isa.org/products/isa-62443-2-1-2009-security-for-industrial-automat">4.3.4.4.7</reference>
          <reference href="https://www.isa.org/products/isa-62443-2-1-2009-security-for-industrial-automat">4.4.2.1</reference>
          <reference href="https://www.isa.org/products/isa-62443-2-1-2009-security-for-industrial-automat">4.4.2.2</reference>
          <reference href="https://www.isa.org/products/isa-62443-2-1-2009-security-for-industrial-automat">4.4.2.4</reference>
          <reference href="https://www.isa.org/products/ansi-isa-62443-3-3-99-03-03-2013-security-for-indu">SR 2.10</reference>
          <reference href="https://www.isa.org/products/ansi-isa-62443-3-3-99-03-03-2013-security-for-indu">SR 2.11</reference>
          <reference href="https://www.isa.org/products/ansi-isa-62443-3-3-99-03-03-2013-security-for-indu">SR 2.12</reference>
          <reference href="https://www.isa.org/products/ansi-isa-62443-3-3-99-03-03-2013-security-for-indu">SR 2.8</reference>
          <reference href="https://www.isa.org/products/ansi-isa-62443-3-3-99-03-03-2013-security-for-indu">SR 2.9</reference>
          <reference href="https://www.isa.org/products/ansi-isa-62443-3-3-99-03-03-2013-security-for-indu">SR 6.1</reference>
          <reference href="https://www.isa.org/products/ansi-isa-62443-3-3-99-03-03-2013-security-for-indu">SR 6.2</reference>
          <reference href="https://www.iso.org/contents/data/standard/05/45/54534.html">A.12.4.1</reference>
          <reference href="https://www.iso.org/contents/data/standard/05/45/54534.html">A.12.4.2</reference>
          <reference href="https://www.iso.org/contents/data/standard/05/45/54534.html">A.12.4.3</reference>
          <reference href="https://www.iso.org/contents/data/standard/05/45/54534.html">A.12.4.4</reference>
          <reference href="https://www.iso.org/contents/data/standard/05/45/54534.html">A.12.7.1</reference>
          <reference href="https://www.iso.org/contents/data/standard/05/45/54534.html">A.14.2.7</reference>
          <reference href="https://www.iso.org/contents/data/standard/05/45/54534.html">A.15.2.1</reference>
          <reference href="https://www.iso.org/contents/data/standard/05/45/54534.html">A.15.2.2</reference>
          <reference href="https://www.nerc.com/standards/reliability-standards/cip">CIP-004-6 R2.2.2</reference>
          <reference href="https://www.nerc.com/standards/reliability-standards/cip">CIP-004-6 R2.2.3</reference>
          <reference href="https://www.nerc.com/standards/reliability-standards/cip">CIP-007-3 R.1.3</reference>
          <reference href="https://www.nerc.com/standards/reliability-standards/cip">CIP-007-3 R5</reference>
          <reference href="https://www.nerc.com/standards/reliability-standards/cip">CIP-007-3 R5.1.1</reference>
          <reference href="https://www.nerc.com/standards/reliability-standards/cip">CIP-007-3 R5.1.3</reference>
          <reference href="https://www.nerc.com/standards/reliability-standards/cip">CIP-007-3 R5.2.1</reference>
          <reference href="https://www.nerc.com/standards/reliability-standards/cip">CIP-007-3 R5.2.3</reference>
          <reference href="http://nvlpubs.nist.gov/nistpubs/SpecialPublications/NIST.SP.800-53r4.pdf">AC-2(4)</reference>
          <reference href="http://nvlpubs.nist.gov/nistpubs/SpecialPublications/NIST.SP.800-53r4.pdf">AU-2(d)</reference>
          <reference href="http://nvlpubs.nist.gov/nistpubs/SpecialPublications/NIST.SP.800-53r4.pdf">AU-12(c)</reference>
          <reference href="http://nvlpubs.nist.gov/nistpubs/SpecialPublications/NIST.SP.800-53r4.pdf">AC-6(9)</reference>
          <reference href="http://nvlpubs.nist.gov/nistpubs/SpecialPublications/NIST.SP.800-53r4.pdf">CM-6(a)</reference>
          <reference href="https://nvlpubs.nist.gov/nistpubs/CSWP/NIST.CSWP.04162018.pdf">DE.CM-1</reference>
          <reference href="https://nvlpubs.nist.gov/nistpubs/CSWP/NIST.CSWP.04162018.pdf">DE.CM-3</reference>
          <reference href="https://nvlpubs.nist.gov/nistpubs/CSWP/NIST.CSWP.04162018.pdf">DE.CM-7</reference>
          <reference href="https://nvlpubs.nist.gov/nistpubs/CSWP/NIST.CSWP.04162018.pdf">ID.SC-4</reference>
          <reference href="https://nvlpubs.nist.gov/nistpubs/CSWP/NIST.CSWP.04162018.pdf">PR.PT-1</reference>
          <reference href="https://www.cyber.mil/stigs/downloads/?_dl_facet_stigs=operating-systems%2Cgeneral-purpose-os">SRG-OS-000037-GPOS-00015</reference>
          <reference href="https://www.cyber.mil/stigs/downloads/?_dl_facet_stigs=operating-systems%2Cgeneral-purpose-os">SRG-OS-000042-GPOS-00020</reference>
          <reference href="https://www.cyber.mil/stigs/downloads/?_dl_facet_stigs=operating-systems%2Cgeneral-purpose-os">SRG-OS-000062-GPOS-00031</reference>
          <reference href="https://www.cyber.mil/stigs/downloads/?_dl_facet_stigs=operating-systems%2Cgeneral-purpose-os">SRG-OS-000392-GPOS-00172</reference>
          <reference href="https://www.cyber.mil/stigs/downloads/?_dl_facet_stigs=operating-systems%2Cgeneral-purpose-os">SRG-OS-000462-GPOS-00206</reference>
          <reference href="https://www.cyber.mil/stigs/downloads/?_dl_facet_stigs=operating-systems%2Cgeneral-purpose-os">SRG-OS-000471-GPOS-00215</reference>
          <reference href="https://www.cyber.mil/stigs/downloads/?_dl_facet_stigs=app-security">SRG-APP-000029-CTR-000085</reference>
          <reference href="https://www.cyber.mil/stigs/downloads/?_dl_facet_stigs=app-security">SRG-APP-000495-CTR-001235</reference>
          <reference href="https://www.cyber.mil/stigs/downloads/?_dl_facet_stigs=operating-systems%2Cunix-linux">SLES-15-030080</reference>
          <reference href="https://www.cyber.mil/stigs/srg-stig-tools/">SV-234907r958412_rule</reference>
          <rationale xmlns:xhtml="http://www.w3.org/1999/xhtml" xml:lang="en-US">Misuse of privileged functions, either intentionally or unintentionally by
authorized users, or by unauthorized external entities that have compromised system accounts,
is a serious and ongoing concern and can have significant adverse impacts on organizations.
Auditing the use of privileged functions is one way to detect such misuse and identify
the risk from insider and advanced persistent threats.
<html:br xmlns:html="http://www.w3.org/1999/xhtml"/>
        <html:br xmlns:html="http://www.w3.org/1999/xhtml"/>
Privileged programs are subject to escalation-of-privilege attacks,
which attempt to subvert their normal role of providing some necessary but
limited capability. As such, motivation exists to monitor these programs for
unusual activity.</rationale>
          <ident system="https://ncp.nist.gov/cce">CCE-85584-1</ident>
          <fix xmlns:xhtml="http://www.w3.org/1999/xhtml" id="audit_rules_privileged_commands_gpasswd" system="urn:xccdf:fix:script:sh"># Remediation is applicable only in certain platforms
if rpm --quiet -q audit &amp;&amp; rpm --quiet -q kernel-default || rpm --quiet -q kernel-default-base; then

# Retrieve hardware architecture of the underlying system
OTHER_FILTERS="-F path=/usr/bin/gpasswd -F perm=x"
AUID_FILTERS="-F auid&gt;=1000 -F auid!=unset"
SYSCALL=""
KEY="privileged"
SYSCALL_GROUPING=""


ACTION_ARCH_FILTERS="-a always,exit"
# Perform the remediation for both possible tools: 'auditctl' and 'augenrules'
unset syscall_a
unset syscall_grouping
unset syscall_string
unset syscall
unset file_to_edit
unset rule_to_edit
unset rule_syscalls_to_edit
unset other_string
unset auid_string
unset full_rule

# Load macro arguments into arrays
read -a syscall_a &lt;&lt;&lt; $SYSCALL
read -a syscall_grouping &lt;&lt;&lt; $SYSCALL_GROUPING

# Create a list of audit *.rules files that should be inspected for presence and correctness
# of a particular audit rule. The scheme is as follows:
#
# -----------------------------------------------------------------------------------------
#  Tool used to load audit rules | Rule already defined  |  Audit rules file to inspect    |
# -----------------------------------------------------------------------------------------
#        auditctl                |     Doesn't matter    |  /etc/audit/audit.rules         |
# -----------------------------------------------------------------------------------------
#        augenrules              |          Yes          |  /etc/audit/rules.d/*.rules     |
#        augenrules              |          No           |  /etc/audit/rules.d/$key.rules  |
# -----------------------------------------------------------------------------------------
#
files_to_inspect=()

# If audit tool is 'augenrules', then check if the audit rule is defined
# If rule is defined, add '/etc/audit/rules.d/*.rules' to the list for inspection
# If rule isn't defined yet, add '/etc/audit/rules.d/$key.rules' to the list for inspection
default_file="/etc/audit/rules.d/$KEY.rules"
# As other_filters may include paths, lets use a different delimiter for it
# The "F" script expression tells sed to print the filenames where the expressions matched
readarray -t files_to_inspect &lt; &lt;(sed -s -n -e "/^$ACTION_ARCH_FILTERS/!d" -e "\#$OTHER_FILTERS#!d" -e "/$AUID_FILTERS/!d" -e "F" /etc/audit/rules.d/*.rules)
# Case when particular rule isn't defined in /etc/audit/rules.d/*.rules yet
if [ ${#files_to_inspect[@]} -eq "0" ]
then
    file_to_inspect="/etc/audit/rules.d/$KEY.rules"
    files_to_inspect=("$file_to_inspect")
    if [ ! -e "$file_to_inspect" ]
    then
        touch "$file_to_inspect"
        chmod 0600 "$file_to_inspect"
    fi
fi

# After converting to jinja, we cannot return; therefore we skip the rest of the macro if needed instead
skip=1

for audit_file in "${files_to_inspect[@]}"
do
    # Filter existing $audit_file rules' definitions to select those that satisfy the rule pattern,
    # i.e, collect rules that match:
    # * the action, list and arch, (2-nd argument)
    # * the other filters, (3-rd argument)
    # * the auid filters, (4-rd argument)
    readarray -t similar_rules &lt; &lt;(sed -e "/^$ACTION_ARCH_FILTERS/!d"  -e "\#$OTHER_FILTERS#!d" -e "/$AUID_FILTERS/!d" "$audit_file")

    candidate_rules=()
    # Filter out rules that have more fields then required. This will remove rules more specific than the required scope
    for s_rule in "${similar_rules[@]}"
    do
        # Strip all the options and fields we know of,
        # than check if there was any field left over
        extra_fields=$(sed -E -e "s/^$ACTION_ARCH_FILTERS//"  -e "s#$OTHER_FILTERS##" -e "s/$AUID_FILTERS//" -e "s/((:?-S [[:alnum:],]+)+)//g" -e "s/-F key=\w+|-k \w+//"&lt;&lt;&lt; "$s_rule")
        grep -q -- "-F" &lt;&lt;&lt; "$extra_fields" || candidate_rules+=("$s_rule")
    done

    if [[ ${#syscall_a[@]} -ge 1 ]]
    then
        # Check if the syscall we want is present in any of the similar existing rules
        for rule in "${candidate_rules[@]}"
        do
            rule_syscalls=$(echo "$rule" | grep -o -P '(-S [\w,]+)+' | xargs)
            all_syscalls_found=0
            for syscall in "${syscall_a[@]}"
            do
                grep -q -- "\b${syscall}\b" &lt;&lt;&lt; "$rule_syscalls" || {
                   # A syscall was not found in the candidate rule
                   all_syscalls_found=1
                   }
            done
            if [[ $all_syscalls_found -eq 0 ]]
            then
                # We found a rule with all the syscall(s) we want; skip rest of macro
                skip=0
                break
            fi

            # Check if this rule can be grouped with our target syscall and keep track of it
            for syscall_g in "${syscall_grouping[@]}"
            do
                if grep -q -- "\b${syscall_g}\b" &lt;&lt;&lt; "$rule_syscalls"
                then
                    file_to_edit=${audit_file}
                    rule_to_edit=${rule}
                    rule_syscalls_to_edit=${rule_syscalls}
                fi
            done
        done
    else
        # If there is any candidate rule, it is compliant; skip rest of macro
        if [ "${#candidate_rules[@]}" -gt 0 ]
        then
            skip=0
        fi
    fi

    if [ "$skip" -eq 0 ]; then
        break
    fi
done

if [ "$skip" -ne 0 ]; then
    # We checked all rules that matched the expected resemblance pattern (action, arch &amp; auid)
    # At this point we know if we need to either append the $full_rule or group
    # the syscall together with an exsiting rule

    # Append the full_rule if it cannot be grouped to any other rule
    if [ -z ${rule_to_edit+x} ]
    then
        # Build full_rule while avoid adding double spaces when other_filters is empty
        if [ "${#syscall_a[@]}" -gt 0 ]
        then
            syscall_string=""
            for syscall in "${syscall_a[@]}"
            do
                syscall_string+=" -S $syscall"
            done
        fi
        other_string=$([[ $OTHER_FILTERS ]] &amp;&amp; echo " $OTHER_FILTERS") || /bin/true
        auid_string=$([[ $AUID_FILTERS ]] &amp;&amp; echo " $AUID_FILTERS") || /bin/true
        full_rule="$ACTION_ARCH_FILTERS${syscall_string}${other_string}${auid_string} -F key=$KEY" || /bin/true
        echo "$full_rule" &gt;&gt; "$default_file"
        chmod 0600 ${default_file}
    else
        # Check if the syscalls are declared as a comma separated list or
        # as multiple -S parameters
        if grep -q -- "," &lt;&lt;&lt; "${rule_syscalls_to_edit}"
        then
            delimiter=","
        else
            delimiter=" -S "
        fi
        new_grouped_syscalls="${rule_syscalls_to_edit}"
        for syscall in "${syscall_a[@]}"
        do
            grep -q -- "\b${syscall}\b" &lt;&lt;&lt; "${rule_syscalls_to_edit}" || {
               # A syscall was not found in the candidate rule
               new_grouped_syscalls+="${delimiter}${syscall}"
               }
        done

        # Group the syscall in the rule
        sed -i -e "\#${rule_to_edit}#s#${rule_syscalls_to_edit}#${new_grouped_syscalls}#" "$file_to_edit"
    fi
fi
unset syscall_a
unset syscall_grouping
unset syscall_string
unset syscall
unset file_to_edit
unset rule_to_edit
unset rule_syscalls_to_edit
unset other_string
unset auid_string
unset full_rule

# Load macro arguments into arrays
read -a syscall_a &lt;&lt;&lt; $SYSCALL
read -a syscall_grouping &lt;&lt;&lt; $SYSCALL_GROUPING

# Create a list of audit *.rules files that should be inspected for presence and correctness
# of a particular audit rule. The scheme is as follows:
#
# -----------------------------------------------------------------------------------------
#  Tool used to load audit rules | Rule already defined  |  Audit rules file to inspect    |
# -----------------------------------------------------------------------------------------
#        auditctl                |     Doesn't matter    |  /etc/audit/audit.rules         |
# -----------------------------------------------------------------------------------------
#        augenrules              |          Yes          |  /etc/audit/rules.d/*.rules     |
#        augenrules              |          No           |  /etc/audit/rules.d/$key.rules  |
# -----------------------------------------------------------------------------------------
#
files_to_inspect=()


# If audit tool is 'auditctl', then add '/etc/audit/audit.rules'
# file to the list of files to be inspected
default_file="/etc/audit/audit.rules"
files_to_inspect+=('/etc/audit/audit.rules' )

# After converting to jinja, we cannot return; therefore we skip the rest of the macro if needed instead
skip=1

for audit_file in "${files_to_inspect[@]}"
do
    # Filter existing $audit_file rules' definitions to select those that satisfy the rule pattern,
    # i.e, collect rules that match:
    # * the action, list and arch, (2-nd argument)
    # * the other filters, (3-rd argument)
    # * the auid filters, (4-rd argument)
    readarray -t similar_rules &lt; &lt;(sed -e "/^$ACTION_ARCH_FILTERS/!d"  -e "\#$OTHER_FILTERS#!d" -e "/$AUID_FILTERS/!d" "$audit_file")

    candidate_rules=()
    # Filter out rules that have more fields then required. This will remove rules more specific than the required scope
    for s_rule in "${similar_rules[@]}"
    do
        # Strip all the options and fields we know of,
        # than check if there was any field left over
        extra_fields=$(sed -E -e "s/^$ACTION_ARCH_FILTERS//"  -e "s#$OTHER_FILTERS##" -e "s/$AUID_FILTERS//" -e "s/((:?-S [[:alnum:],]+)+)//g" -e "s/-F key=\w+|-k \w+//"&lt;&lt;&lt; "$s_rule")
        grep -q -- "-F" &lt;&lt;&lt; "$extra_fields" || candidate_rules+=("$s_rule")
    done

    if [[ ${#syscall_a[@]} -ge 1 ]]
    then
        # Check if the syscall we want is present in any of the similar existing rules
        for rule in "${candidate_rules[@]}"
        do
            rule_syscalls=$(echo "$rule" | grep -o -P '(-S [\w,]+)+' | xargs)
            all_syscalls_found=0
            for syscall in "${syscall_a[@]}"
            do
                grep -q -- "\b${syscall}\b" &lt;&lt;&lt; "$rule_syscalls" || {
                   # A syscall was not found in the candidate rule
                   all_syscalls_found=1
                   }
            done
            if [[ $all_syscalls_found -eq 0 ]]
            then
                # We found a rule with all the syscall(s) we want; skip rest of macro
                skip=0
                break
            fi

            # Check if this rule can be grouped with our target syscall and keep track of it
            for syscall_g in "${syscall_grouping[@]}"
            do
                if grep -q -- "\b${syscall_g}\b" &lt;&lt;&lt; "$rule_syscalls"
                then
                    file_to_edit=${audit_file}
                    rule_to_edit=${rule}
                    rule_syscalls_to_edit=${rule_syscalls}
                fi
            done
        done
    else
        # If there is any candidate rule, it is compliant; skip rest of macro
        if [ "${#candidate_rules[@]}" -gt 0 ]
        then
            skip=0
        fi
    fi

    if [ "$skip" -eq 0 ]; then
        break
    fi
done

if [ "$skip" -ne 0 ]; then
    # We checked all rules that matched the expected resemblance pattern (action, arch &amp; auid)
    # At this point we know if we need to either append the $full_rule or group
    # the syscall together with an exsiting rule

    # Append the full_rule if it cannot be grouped to any other rule
    if [ -z ${rule_to_edit+x} ]
    then
        # Build full_rule while avoid adding double spaces when other_filters is empty
        if [ "${#syscall_a[@]}" -gt 0 ]
        then
            syscall_string=""
            for syscall in "${syscall_a[@]}"
            do
                syscall_string+=" -S $syscall"
            done
        fi
        other_string=$([[ $OTHER_FILTERS ]] &amp;&amp; echo " $OTHER_FILTERS") || /bin/true
        auid_string=$([[ $AUID_FILTERS ]] &amp;&amp; echo " $AUID_FILTERS") || /bin/true
        full_rule="$ACTION_ARCH_FILTERS${syscall_string}${other_string}${auid_string} -F key=$KEY" || /bin/true
        echo "$full_rule" &gt;&gt; "$default_file"
        chmod 0600 ${default_file}
    else
        # Check if the syscalls are declared as a comma separated list or
        # as multiple -S parameters
        if grep -q -- "," &lt;&lt;&lt; "${rule_syscalls_to_edit}"
        then
            delimiter=","
        else
            delimiter=" -S "
        fi
        new_grouped_syscalls="${rule_syscalls_to_edit}"
        for syscall in "${syscall_a[@]}"
        do
            grep -q -- "\b${syscall}\b" &lt;&lt;&lt; "${rule_syscalls_to_edit}" || {
               # A syscall was not found in the candidate rule
               new_grouped_syscalls+="${delimiter}${syscall}"
               }
        done

        # Group the syscall in the rule
        sed -i -e "\#${rule_to_edit}#s#${rule_syscalls_to_edit}#${new_grouped_syscalls}#" "$file_to_edit"
    fi
fi

else
    &gt;&amp;2 echo 'Remediation is not applicable, nothing was done'
fi
</fix>
          <fix xmlns:xhtml="http://www.w3.org/1999/xhtml" id="audit_rules_privileged_commands_gpasswd" system="urn:xccdf:fix:script:ansible" complexity="low" disruption="low" strategy="restrict">- name: Gather the package facts
  package_facts:
    manager: auto
  tags:
  - CCE-85584-1
  - DISA-STIG-SLES-15-030080
  - NIST-800-171-3.1.7
  - NIST-800-53-AC-2(4)
  - NIST-800-53-AC-6(9)
  - NIST-800-53-AU-12(c)
  - NIST-800-53-AU-2(d)
  - NIST-800-53-CM-6(a)
  - audit_rules_privileged_commands_gpasswd
  - low_complexity
  - low_disruption
  - medium_severity
  - no_reboot_needed
  - restrict_strategy

- name: Ensure auditd Collects Information on the Use of Privileged Commands - gpasswd
    - Perform remediation of Audit rules for /usr/bin/gpasswd
  block:

  - name: Declare list of syscalls
    ansible.builtin.set_fact:
      syscalls: []
      syscall_grouping: []

  - name: Check existence of  in /etc/audit/rules.d/
    ansible.builtin.find:
      paths: /etc/audit/rules.d
      contains: -a always,exit(( -S |,)\w+)*(( -S |,){{ item }})+(( -S |,)\w+)* -F
        path=/usr/bin/gpasswd -F perm=x -F auid&gt;=1000 -F auid!=unset (-k\s+|-F\s+key=)\S+\s*$
      patterns: '*.rules'
    register: find_command
    loop: '{{ (syscall_grouping + syscalls) | unique }}'

  - name: Reset syscalls found per file
    ansible.builtin.set_fact:
      syscalls_per_file: {}
      found_paths_dict: {}

  - name: Declare syscalls found per file
    ansible.builtin.set_fact: syscalls_per_file="{{ syscalls_per_file | combine( {item.files[0].path
      :[item.item] + syscalls_per_file.get(item.files[0].path, []) } ) }}"
    loop: '{{ find_command.results | selectattr(''matched'') | list }}'

  - name: Declare files where syscalls were found
    ansible.builtin.set_fact: found_paths="{{ find_command.results | map(attribute='files')
      | flatten | map(attribute='path') | list }}"

  - name: Count occurrences of syscalls in paths
    ansible.builtin.set_fact: found_paths_dict="{{ found_paths_dict | combine({ item:1+found_paths_dict.get(item,
      0) }) }}"
    loop: '{{ find_command.results | map(attribute=''files'') | flatten | map(attribute=''path'')
      | list }}'

  - name: Get path with most syscalls
    ansible.builtin.set_fact: audit_file="{{ (found_paths_dict | dict2items() | sort(attribute='value')
      | last).key }}"
    when: found_paths | length &gt;= 1

  - name: No file with syscall found, set path to /etc/audit/rules.d/privileged.rules
    ansible.builtin.set_fact: audit_file="/etc/audit/rules.d/privileged.rules"
    when: found_paths | length == 0

  - name: Declare found syscalls
    ansible.builtin.set_fact: syscalls_found="{{ find_command.results | selectattr('matched')
      | map(attribute='item') | list }}"

  - name: Declare missing syscalls
    ansible.builtin.set_fact: missing_syscalls="{{ syscalls | difference(syscalls_found)
      }}"

  - name: Replace the audit rule in {{ audit_file }}
    ansible.builtin.lineinfile:
      path: '{{ audit_file }}'
      regexp: (-a always,exit)(?=.*(?:(?:-S |,)(?:{{ syscalls_per_file[audit_file]
        | join("|") }}))\b)((?:( -S |,)\w+)+)( -F path=/usr/bin/gpasswd -F perm=x
        -F auid&gt;=1000 -F auid!=unset (?:-k |-F key=)\w+)
      line: \1\2\3{{ missing_syscalls | join("\3") }}\4
      backrefs: true
      state: present
      mode: g-rwx,o-rwx
    when: syscalls_found | length &gt; 0 and missing_syscalls | length &gt; 0

  - name: Add the audit rule to {{ audit_file }}
    ansible.builtin.lineinfile:
      path: '{{ audit_file }}'
      line: -a always,exit{{ syscalls | join(',') }} -F path=/usr/bin/gpasswd -F perm=x
        -F auid&gt;=1000 -F auid!=unset -F key=privileged
      create: true
      mode: g-rwx,o-rwx
      state: present
    when: syscalls_found | length == 0

  - name: Declare list of syscalls
    ansible.builtin.set_fact:
      syscalls: []
      syscall_grouping: []

  - name: Check existence of  in /etc/audit/audit.rules
    ansible.builtin.find:
      paths: /etc/audit
      contains: -a always,exit(( -S |,)\w+)*(( -S |,){{ item }})+(( -S |,)\w+)* -F
        path=/usr/bin/gpasswd -F perm=x -F auid&gt;=1000 -F auid!=unset (-k\s+|-F\s+key=)\S+\s*$
      patterns: audit.rules
    register: find_command
    loop: '{{ (syscall_grouping + syscalls) | unique }}'

  - name: Set path to /etc/audit/audit.rules
    ansible.builtin.set_fact: audit_file="/etc/audit/audit.rules"

  - name: Declare found syscalls
    ansible.builtin.set_fact: syscalls_found="{{ find_command.results | selectattr('matched')
      | map(attribute='item') | list }}"

  - name: Declare missing syscalls
    ansible.builtin.set_fact: missing_syscalls="{{ syscalls | difference(syscalls_found)
      }}"

  - name: Replace the audit rule in {{ audit_file }}
    ansible.builtin.lineinfile:
      path: '{{ audit_file }}'
      regexp: (-a always,exit)(?=.*(?:(?:-S |,)(?:{{ syscalls_found | join("|") }}))\b)((?:(
        -S |,)\w+)+)( -F path=/usr/bin/gpasswd -F perm=x -F auid&gt;=1000 -F auid!=unset
        (?:-k |-F key=)\w+)
      line: \1\2\3{{ missing_syscalls | join("\3") }}\4
      backrefs: true
      state: present
      mode: g-rwx,o-rwx
    when: syscalls_found | length &gt; 0 and missing_syscalls | length &gt; 0

  - name: Add the audit rule to {{ audit_file }}
    ansible.builtin.lineinfile:
      path: '{{ audit_file }}'
      line: -a always,exit{{ syscalls | join(',') }} -F path=/usr/bin/gpasswd -F perm=x
        -F auid&gt;=1000 -F auid!=unset -F key=privileged
      create: true
      mode: g-rwx,o-rwx
      state: present
    when: syscalls_found | length == 0
  when:
  - '"audit" in ansible_facts.packages'
  - ("kernel-default" in ansible_facts.packages or "kernel-default-base" in ansible_facts.packages)
  tags:
  - CCE-85584-1
  - DISA-STIG-SLES-15-030080
  - NIST-800-171-3.1.7
  - NIST-800-53-AC-2(4)
  - NIST-800-53-AC-6(9)
  - NIST-800-53-AU-12(c)
  - NIST-800-53-AU-2(d)
  - NIST-800-53-CM-6(a)
  - audit_rules_privileged_commands_gpasswd
  - low_complexity
  - low_disruption
  - medium_severity
  - no_reboot_needed
  - restrict_strategy
</fix>
          <check system="http://oval.mitre.org/XMLSchema/oval-definitions-5">
            <check-content-ref name="oval:ssg-audit_rules_privileged_commands_gpasswd:def:1" href="ssg-sle15-oval.xml"/>
          </check>
          <check system="http://scap.nist.gov/schema/ocil/2">
            <check-content-ref name="ocil:ssg-audit_rules_privileged_commands_gpasswd_ocil:questionnaire:1" href="ssg-sle15-ocil.xml"/>
          </check>
        </Rule>
        <Rule id="xccdf_org.ssgproject.content_rule_audit_rules_privileged_commands_insmod" selected="false" role="full" severity="medium">
          <title xmlns:xhtml="http://www.w3.org/1999/xhtml" xml:lang="en-US">Ensure auditd Collects Information on the Use of Privileged Commands - insmod</title>
          <description xmlns:xhtml="http://www.w3.org/1999/xhtml" xml:lang="en-US">At a minimum, the audit system should collect the execution of
privileged commands for all users and root. If the <html:code xmlns:html="http://www.w3.org/1999/xhtml">auditd</html:code> daemon is
configured to use the <html:code xmlns:html="http://www.w3.org/1999/xhtml">augenrules</html:code> program to read audit rules during
daemon startup (the default), add a line of the following form to a file with
suffix <html:code xmlns:html="http://www.w3.org/1999/xhtml">.rules</html:code> in the directory <html:code xmlns:html="http://www.w3.org/1999/xhtml">/etc/audit/rules.d</html:code>:
<html:pre xmlns:html="http://www.w3.org/1999/xhtml">-w /sbin/insmod -p x -k modules</html:pre>
       </description>
          <reference href="http://nvlpubs.nist.gov/nistpubs/SpecialPublications/NIST.SP.800-53r4.pdf">AU-12(c)</reference>
          <reference href="http://nvlpubs.nist.gov/nistpubs/SpecialPublications/NIST.SP.800-53r4.pdf">AU-12.1(iv)</reference>
          <reference href="http://nvlpubs.nist.gov/nistpubs/SpecialPublications/NIST.SP.800-53r4.pdf">AU-3</reference>
          <reference href="http://nvlpubs.nist.gov/nistpubs/SpecialPublications/NIST.SP.800-53r4.pdf">AU-3.1</reference>
          <reference href="http://nvlpubs.nist.gov/nistpubs/SpecialPublications/NIST.SP.800-53r4.pdf">AU-12(a)</reference>
          <reference href="http://nvlpubs.nist.gov/nistpubs/SpecialPublications/NIST.SP.800-53r4.pdf">AU-12.1(ii)</reference>
          <reference href="http://nvlpubs.nist.gov/nistpubs/SpecialPublications/NIST.SP.800-53r4.pdf">MA-4(1)(a)</reference>
          <reference href="https://www.cyber.mil/stigs/downloads/?_dl_facet_stigs=operating-systems%2Cgeneral-purpose-os">SRG-OS-000037-GPOS-00015</reference>
          <reference href="https://www.cyber.mil/stigs/downloads/?_dl_facet_stigs=operating-systems%2Cgeneral-purpose-os">SRG-OS-000062-GPOS-00031</reference>
          <reference href="https://www.cyber.mil/stigs/downloads/?_dl_facet_stigs=operating-systems%2Cgeneral-purpose-os">SRG-OS-000392-GPOS-00172</reference>
          <reference href="https://www.cyber.mil/stigs/downloads/?_dl_facet_stigs=operating-systems%2Cgeneral-purpose-os">SRG-OS-000462-GPOS-00206</reference>
          <reference href="https://www.cyber.mil/stigs/downloads/?_dl_facet_stigs=operating-systems%2Cgeneral-purpose-os">SRG-OS-000471-GPOS-00215</reference>
          <reference href="https://www.cyber.mil/stigs/downloads/?_dl_facet_stigs=operating-systems%2Cunix-linux">SLES-15-030380</reference>
          <reference href="https://www.cisecurity.org/benchmark/suse_linux/">4.1.16</reference>
          <reference href="https://cyber.gouv.fr/sites/default/files/document/linux_configuration-en-v2.pdf">R73</reference>
          <reference href="not_publicly_available">SLES-15-750450405</reference>
          <reference href="https://www.cyber.mil/stigs/srg-stig-tools/">SV-234937r958412_rule</reference>
          <rationale xmlns:xhtml="http://www.w3.org/1999/xhtml" xml:lang="en-US">Misuse of privileged functions, either intentionally or unintentionally by
authorized users, or by unauthorized external entities that have compromised system accounts,
is a serious and ongoing concern and can have significant adverse impacts on organizations.
Auditing the use of privileged functions is one way to detect such misuse and identify
the risk from insider and advanced persistent threats.
<html:br xmlns:html="http://www.w3.org/1999/xhtml"/>
        <html:br xmlns:html="http://www.w3.org/1999/xhtml"/>
Privileged programs are subject to escalation-of-privilege attacks,
which attempt to subvert their normal role of providing some necessary but
limited capability. As such, motivation exists to monitor these programs for
unusual activity.</rationale>
          <ident system="https://ncp.nist.gov/cce">CCE-85744-1</ident>
          <fix xmlns:xhtml="http://www.w3.org/1999/xhtml" id="audit_rules_privileged_commands_insmod" system="urn:xccdf:fix:script:sh"># Remediation is applicable only in certain platforms
if rpm --quiet -q audit &amp;&amp; rpm --quiet -q kernel-default || rpm --quiet -q kernel-default-base; then

# Perform the remediation for both possible tools: 'auditctl' and 'augenrules'
# Create a list of audit *.rules files that should be inspected for presence and correctness
# of a particular audit rule. The scheme is as follows:
#
# -----------------------------------------------------------------------------------------
# Tool used to load audit rules	| Rule already defined	|  Audit rules file to inspect	  |
# -----------------------------------------------------------------------------------------
#	auditctl		|     Doesn't matter	|  /etc/audit/audit.rules	  |
# -----------------------------------------------------------------------------------------
# 	augenrules		|          Yes		|  /etc/audit/rules.d/*.rules	  |
# 	augenrules		|          No		|  /etc/audit/rules.d/$key.rules  |
# -----------------------------------------------------------------------------------------
files_to_inspect=()


# If the audit tool is 'auditctl', then add '/etc/audit/audit.rules'
# into the list of files to be inspected
files_to_inspect+=('/etc/audit/audit.rules')

# Finally perform the inspection and possible subsequent audit rule
# correction for each of the files previously identified for inspection
for audit_rules_file in "${files_to_inspect[@]}"
do
    # Check if audit watch file system object rule for given path already present

    if grep -q -P -- "^[\s]*-w[\s]+/sbin/insmod" "$audit_rules_file"

    then
        # Rule is found =&gt; verify yet if existing rule definition contains
        # all of the required access type bits

        # Define BRE whitespace class shortcut
        sp="[[:space:]]"
        # Extract current permission access types (e.g. -p [r|w|x|a] values) from audit rule

        current_access_bits=$(sed -ne "s#$sp*-w$sp\+/sbin/insmod $sp\+-p$sp\+\([rxwa]\{1,4\}\).*#\1#p" "$audit_rules_file")

        # Split required access bits string into characters array
        # (to check bit's presence for one bit at a time)
        for access_bit in $(echo "x" | grep -o .)
        do
            # For each from the required access bits (e.g. 'w', 'a') check
            # if they are already present in current access bits for rule.
            # If not, append that bit at the end
            if ! grep -q "$access_bit" &lt;&lt;&lt; "$current_access_bits"
            then
                # Concatenate the existing mask with the missing bit
                current_access_bits="$current_access_bits$access_bit"
            fi
        done
        # Propagate the updated rule's access bits (original + the required
        # ones) back into the /etc/audit/audit.rules file for that rule

        sed -i "s#\($sp*-w$sp\+/sbin/insmod$sp\+-p$sp\+\)\([rxwa]\{1,4\}\)\(.*\)#\1$current_access_bits\3#" "$audit_rules_file"

    else
        # Rule isn't present yet. Append it at the end of $audit_rules_file file
        # with proper key


        echo "-w /sbin/insmod -p x -k modules" &gt;&gt; "$audit_rules_file"

    fi
done
# Create a list of audit *.rules files that should be inspected for presence and correctness
# of a particular audit rule. The scheme is as follows:
#
# -----------------------------------------------------------------------------------------
# Tool used to load audit rules	| Rule already defined	|  Audit rules file to inspect	  |
# -----------------------------------------------------------------------------------------
#	auditctl		|     Doesn't matter	|  /etc/audit/audit.rules	  |
# -----------------------------------------------------------------------------------------
# 	augenrules		|          Yes		|  /etc/audit/rules.d/*.rules	  |
# 	augenrules		|          No		|  /etc/audit/rules.d/$key.rules  |
# -----------------------------------------------------------------------------------------
files_to_inspect=()

# If the audit is 'augenrules', then check if rule is already defined
# If rule is defined, add '/etc/audit/rules.d/*.rules' to list of files for inspection.
# If rule isn't defined, add '/etc/audit/rules.d/modules.rules' to list of files for inspection.

readarray -t matches &lt; &lt;(grep -HP "[\s]*-w[\s]+/sbin/insmod" /etc/audit/rules.d/*.rules)


# For each of the matched entries
for match in "${matches[@]}"
do
    # Extract filepath from the match
    rulesd_audit_file=$(echo $match | cut -f1 -d ':')
    # Append that path into list of files for inspection
    files_to_inspect+=("$rulesd_audit_file")
done
# Case when particular audit rule isn't defined yet
if [ "${#files_to_inspect[@]}" -eq "0" ]
then
    # Append '/etc/audit/rules.d/modules.rules' into list of files for inspection
    key_rule_file="/etc/audit/rules.d/modules.rules"
    # If the modules.rules file doesn't exist yet, create it with correct permissions
    if [ ! -e "$key_rule_file" ]
    then
        touch "$key_rule_file"
        chmod 0600 "$key_rule_file"
    fi
    files_to_inspect+=("$key_rule_file")
fi

# Finally perform the inspection and possible subsequent audit rule
# correction for each of the files previously identified for inspection
for audit_rules_file in "${files_to_inspect[@]}"
do
    # Check if audit watch file system object rule for given path already present

    if grep -q -P -- "^[\s]*-w[\s]+/sbin/insmod" "$audit_rules_file"

    then
        # Rule is found =&gt; verify yet if existing rule definition contains
        # all of the required access type bits

        # Define BRE whitespace class shortcut
        sp="[[:space:]]"
        # Extract current permission access types (e.g. -p [r|w|x|a] values) from audit rule

        current_access_bits=$(sed -ne "s#$sp*-w$sp\+/sbin/insmod $sp\+-p$sp\+\([rxwa]\{1,4\}\).*#\1#p" "$audit_rules_file")

        # Split required access bits string into characters array
        # (to check bit's presence for one bit at a time)
        for access_bit in $(echo "x" | grep -o .)
        do
            # For each from the required access bits (e.g. 'w', 'a') check
            # if they are already present in current access bits for rule.
            # If not, append that bit at the end
            if ! grep -q "$access_bit" &lt;&lt;&lt; "$current_access_bits"
            then
                # Concatenate the existing mask with the missing bit
                current_access_bits="$current_access_bits$access_bit"
            fi
        done
        # Propagate the updated rule's access bits (original + the required
        # ones) back into the /etc/audit/audit.rules file for that rule

        sed -i "s#\($sp*-w$sp\+/sbin/insmod$sp\+-p$sp\+\)\([rxwa]\{1,4\}\)\(.*\)#\1$current_access_bits\3#" "$audit_rules_file"

    else
        # Rule isn't present yet. Append it at the end of $audit_rules_file file
        # with proper key


        echo "-w /sbin/insmod -p x -k modules" &gt;&gt; "$audit_rules_file"

    fi
done

else
    &gt;&amp;2 echo 'Remediation is not applicable, nothing was done'
fi
</fix>
          <fix xmlns:xhtml="http://www.w3.org/1999/xhtml" id="audit_rules_privileged_commands_insmod" system="urn:xccdf:fix:script:ansible" complexity="low" disruption="low" strategy="restrict">- name: Gather the package facts
  package_facts:
    manager: auto
  tags:
  - CCE-85744-1
  - DISA-STIG-SLES-15-030380
  - NIST-800-53-AU-12(a)
  - NIST-800-53-AU-12(c)
  - NIST-800-53-AU-12.1(ii)
  - NIST-800-53-AU-12.1(iv)
  - NIST-800-53-AU-3
  - NIST-800-53-AU-3.1
  - NIST-800-53-MA-4(1)(a)
  - audit_rules_privileged_commands_insmod
  - low_complexity
  - low_disruption
  - medium_severity
  - no_reboot_needed
  - restrict_strategy

- name: Ensure auditd Collects Information on the Use of Privileged Commands - insmod
    - Check if watch rule for /sbin/insmod already exists in /etc/audit/rules.d/
  ansible.builtin.find:
    paths: /etc/audit/rules.d
    contains: ^\s*-w\s+/sbin/insmod\s+-p\s+x(\s|$)+
    patterns: '*.rules'
  register: find_existing_watch_rules_d
  when:
  - '"audit" in ansible_facts.packages'
  - ("kernel-default" in ansible_facts.packages or "kernel-default-base" in ansible_facts.packages)
  tags:
  - CCE-85744-1
  - DISA-STIG-SLES-15-030380
  - NIST-800-53-AU-12(a)
  - NIST-800-53-AU-12(c)
  - NIST-800-53-AU-12.1(ii)
  - NIST-800-53-AU-12.1(iv)
  - NIST-800-53-AU-3
  - NIST-800-53-AU-3.1
  - NIST-800-53-MA-4(1)(a)
  - audit_rules_privileged_commands_insmod
  - low_complexity
  - low_disruption
  - medium_severity
  - no_reboot_needed
  - restrict_strategy

- name: Ensure auditd Collects Information on the Use of Privileged Commands - insmod
    - Search /etc/audit/rules.d for other rules with specified key modules
  ansible.builtin.find:
    paths: /etc/audit/rules.d
    contains: ^.*(?:-F key=|-k\s+)modules$
    patterns: '*.rules'
  register: find_watch_key
  when:
  - '"audit" in ansible_facts.packages'
  - ("kernel-default" in ansible_facts.packages or "kernel-default-base" in ansible_facts.packages)
  - find_existing_watch_rules_d.matched is defined and find_existing_watch_rules_d.matched
    == 0
  tags:
  - CCE-85744-1
  - DISA-STIG-SLES-15-030380
  - NIST-800-53-AU-12(a)
  - NIST-800-53-AU-12(c)
  - NIST-800-53-AU-12.1(ii)
  - NIST-800-53-AU-12.1(iv)
  - NIST-800-53-AU-3
  - NIST-800-53-AU-3.1
  - NIST-800-53-MA-4(1)(a)
  - audit_rules_privileged_commands_insmod
  - low_complexity
  - low_disruption
  - medium_severity
  - no_reboot_needed
  - restrict_strategy

- name: Ensure auditd Collects Information on the Use of Privileged Commands - insmod
    - Use /etc/audit/rules.d/modules.rules as the recipient for the rule
  ansible.builtin.set_fact:
    all_files:
    - /etc/audit/rules.d/modules.rules
  when:
  - '"audit" in ansible_facts.packages'
  - ("kernel-default" in ansible_facts.packages or "kernel-default-base" in ansible_facts.packages)
  - find_watch_key.matched is defined and find_watch_key.matched == 0 and find_existing_watch_rules_d.matched
    is defined and find_existing_watch_rules_d.matched == 0
  tags:
  - CCE-85744-1
  - DISA-STIG-SLES-15-030380
  - NIST-800-53-AU-12(a)
  - NIST-800-53-AU-12(c)
  - NIST-800-53-AU-12.1(ii)
  - NIST-800-53-AU-12.1(iv)
  - NIST-800-53-AU-3
  - NIST-800-53-AU-3.1
  - NIST-800-53-MA-4(1)(a)
  - audit_rules_privileged_commands_insmod
  - low_complexity
  - low_disruption
  - medium_severity
  - no_reboot_needed
  - restrict_strategy

- name: Ensure auditd Collects Information on the Use of Privileged Commands - insmod
    - Use matched file as the recipient for the rule
  ansible.builtin.set_fact:
    all_files:
    - '{{ find_watch_key.files | map(attribute=''path'') | list | first }}'
  when:
  - '"audit" in ansible_facts.packages'
  - ("kernel-default" in ansible_facts.packages or "kernel-default-base" in ansible_facts.packages)
  - find_watch_key.matched is defined and find_watch_key.matched &gt; 0 and find_existing_watch_rules_d.matched
    is defined and find_existing_watch_rules_d.matched == 0
  tags:
  - CCE-85744-1
  - DISA-STIG-SLES-15-030380
  - NIST-800-53-AU-12(a)
  - NIST-800-53-AU-12(c)
  - NIST-800-53-AU-12.1(ii)
  - NIST-800-53-AU-12.1(iv)
  - NIST-800-53-AU-3
  - NIST-800-53-AU-3.1
  - NIST-800-53-MA-4(1)(a)
  - audit_rules_privileged_commands_insmod
  - low_complexity
  - low_disruption
  - medium_severity
  - no_reboot_needed
  - restrict_strategy

- name: Ensure auditd Collects Information on the Use of Privileged Commands - insmod
    - Add watch rule for /sbin/insmod in /etc/audit/rules.d/
  ansible.builtin.lineinfile:
    path: '{{ all_files[0] }}'
    line: -w /sbin/insmod -p x -k modules
    create: true
    mode: '0600'
  when:
  - '"audit" in ansible_facts.packages'
  - ("kernel-default" in ansible_facts.packages or "kernel-default-base" in ansible_facts.packages)
  - find_existing_watch_rules_d.matched is defined and find_existing_watch_rules_d.matched
    == 0
  tags:
  - CCE-85744-1
  - DISA-STIG-SLES-15-030380
  - NIST-800-53-AU-12(a)
  - NIST-800-53-AU-12(c)
  - NIST-800-53-AU-12.1(ii)
  - NIST-800-53-AU-12.1(iv)
  - NIST-800-53-AU-3
  - NIST-800-53-AU-3.1
  - NIST-800-53-MA-4(1)(a)
  - audit_rules_privileged_commands_insmod
  - low_complexity
  - low_disruption
  - medium_severity
  - no_reboot_needed
  - restrict_strategy

- name: Ensure auditd Collects Information on the Use of Privileged Commands - insmod
    - Check if watch rule for /sbin/insmod already exists in /etc/audit/audit.rules
  ansible.builtin.find:
    paths: /etc/audit/
    contains: ^\s*-w\s+/sbin/insmod\s+-p\s+x(\s|$)+
    patterns: audit.rules
  register: find_existing_watch_audit_rules
  when:
  - '"audit" in ansible_facts.packages'
  - ("kernel-default" in ansible_facts.packages or "kernel-default-base" in ansible_facts.packages)
  tags:
  - CCE-85744-1
  - DISA-STIG-SLES-15-030380
  - NIST-800-53-AU-12(a)
  - NIST-800-53-AU-12(c)
  - NIST-800-53-AU-12.1(ii)
  - NIST-800-53-AU-12.1(iv)
  - NIST-800-53-AU-3
  - NIST-800-53-AU-3.1
  - NIST-800-53-MA-4(1)(a)
  - audit_rules_privileged_commands_insmod
  - low_complexity
  - low_disruption
  - medium_severity
  - no_reboot_needed
  - restrict_strategy

- name: Ensure auditd Collects Information on the Use of Privileged Commands - insmod
    - Add watch rule for /sbin/insmod in /etc/audit/audit.rules
  ansible.builtin.lineinfile:
    line: -w /sbin/insmod -p x -k modules
    state: present
    dest: /etc/audit/audit.rules
    create: true
    mode: '0600'
  when:
  - '"audit" in ansible_facts.packages'
  - ("kernel-default" in ansible_facts.packages or "kernel-default-base" in ansible_facts.packages)
  - find_existing_watch_audit_rules.matched is defined and find_existing_watch_audit_rules.matched
    == 0
  tags:
  - CCE-85744-1
  - DISA-STIG-SLES-15-030380
  - NIST-800-53-AU-12(a)
  - NIST-800-53-AU-12(c)
  - NIST-800-53-AU-12.1(ii)
  - NIST-800-53-AU-12.1(iv)
  - NIST-800-53-AU-3
  - NIST-800-53-AU-3.1
  - NIST-800-53-MA-4(1)(a)
  - audit_rules_privileged_commands_insmod
  - low_complexity
  - low_disruption
  - medium_severity
  - no_reboot_needed
  - restrict_strategy
</fix>
          <check system="http://oval.mitre.org/XMLSchema/oval-definitions-5">
            <check-content-ref name="oval:ssg-audit_rules_privileged_commands_insmod:def:1" href="ssg-sle15-oval.xml"/>
          </check>
          <check system="http://scap.nist.gov/schema/ocil/2">
            <check-content-ref name="ocil:ssg-audit_rules_privileged_commands_insmod_ocil:questionnaire:1" href="ssg-sle15-ocil.xml"/>
          </check>
        </Rule>
        <Rule id="xccdf_org.ssgproject.content_rule_audit_rules_privileged_commands_kmod" selected="false" role="full" severity="medium">
          <title xmlns:xhtml="http://www.w3.org/1999/xhtml" xml:lang="en-US">Ensure auditd Collects Information on the Use of Privileged Commands - kmod</title>
          <description xmlns:xhtml="http://www.w3.org/1999/xhtml" xml:lang="en-US">


At a minimum, the audit system should collect the execution of privileged
commands for all users and root.

If the <html:code xmlns:html="http://www.w3.org/1999/xhtml">auditd</html:code> daemon is configured to use the <html:code xmlns:html="http://www.w3.org/1999/xhtml">augenrules</html:code>
program to read audit rules during daemon startup (the default), add
a line of the following form to a file with suffix <html:code xmlns:html="http://www.w3.org/1999/xhtml">.rules</html:code>
in the directory <html:code xmlns:html="http://www.w3.org/1999/xhtml">/etc/audit/rules.d</html:code>:
<html:pre xmlns:html="http://www.w3.org/1999/xhtml">-a always,exit -F path=/usr/bin/kmod -F perm=x -F auid&gt;=1000 -F auid!=unset -F key=privileged</html:pre>

If the <html:code xmlns:html="http://www.w3.org/1999/xhtml">auditd</html:code> daemon is configured to use the <html:code xmlns:html="http://www.w3.org/1999/xhtml">auditctl</html:code>
utility to read audit rules during daemon startup, add a line of the
following form to <html:code xmlns:html="http://www.w3.org/1999/xhtml">/etc/audit/audit.rules</html:code>:
<html:pre xmlns:html="http://www.w3.org/1999/xhtml">-a always,exit -F path=/usr/bin/kmod -F perm=x -F auid&gt;=1000 -F auid!=unset -F key=privileged</html:pre>
       </description>
          <reference href="http://nvlpubs.nist.gov/nistpubs/SpecialPublications/NIST.SP.800-53r4.pdf">AU-3</reference>
          <reference href="http://nvlpubs.nist.gov/nistpubs/SpecialPublications/NIST.SP.800-53r4.pdf">AU-3.1</reference>
          <reference href="http://nvlpubs.nist.gov/nistpubs/SpecialPublications/NIST.SP.800-53r4.pdf">AU-12(a)</reference>
          <reference href="http://nvlpubs.nist.gov/nistpubs/SpecialPublications/NIST.SP.800-53r4.pdf">AU-12.1(ii)</reference>
          <reference href="http://nvlpubs.nist.gov/nistpubs/SpecialPublications/NIST.SP.800-53r4.pdf">AU-12.1(iv)AU-12(c)</reference>
          <reference href="http://nvlpubs.nist.gov/nistpubs/SpecialPublications/NIST.SP.800-53r4.pdf">MA-4(1)(a)</reference>
          <reference href="https://www.cyber.mil/stigs/downloads/?_dl_facet_stigs=operating-systems%2Cgeneral-purpose-os">SRG-OS-000037-GPOS-00015</reference>
          <reference href="https://www.cyber.mil/stigs/downloads/?_dl_facet_stigs=operating-systems%2Cgeneral-purpose-os">SRG-OS-000042-GPOS-00020</reference>
          <reference href="https://www.cyber.mil/stigs/downloads/?_dl_facet_stigs=operating-systems%2Cgeneral-purpose-os">SRG-OS-000062-GPOS-00031</reference>
          <reference href="https://www.cyber.mil/stigs/downloads/?_dl_facet_stigs=operating-systems%2Cgeneral-purpose-os">SRG-OS-000392-GPOS-00172</reference>
          <reference href="https://www.cyber.mil/stigs/downloads/?_dl_facet_stigs=operating-systems%2Cgeneral-purpose-os">SRG-OS-000462-GPOS-00206</reference>
          <reference href="https://www.cyber.mil/stigs/downloads/?_dl_facet_stigs=operating-systems%2Cgeneral-purpose-os">SRG-OS-000471-GPOS-00215</reference>
          <reference href="https://www.cyber.mil/stigs/downloads/?_dl_facet_stigs=operating-systems%2Cgeneral-purpose-os">SRG-OS-000471-GPOS-00216</reference>
          <reference href="https://www.cyber.mil/stigs/downloads/?_dl_facet_stigs=operating-systems%2Cgeneral-purpose-os">SRG-OS-000477-GPOS-00222</reference>
          <reference href="https://www.cyber.mil/stigs/downloads/?_dl_facet_stigs=app-security">SRG-APP-000495-CTR-001235</reference>
          <reference href="https://www.cyber.mil/stigs/downloads/?_dl_facet_stigs=app-security">SRG-APP-000504-CTR-001280</reference>
          <reference href="https://www.cyber.mil/stigs/downloads/?_dl_facet_stigs=operating-systems%2Cunix-linux">SLES-15-030410</reference>
          <reference href="https://cyber.gouv.fr/sites/default/files/document/linux_configuration-en-v2.pdf">R73</reference>
          <reference href="https://www.cyber.mil/stigs/srg-stig-tools/">SV-234940r958412_rule</reference>
          <rationale xmlns:xhtml="http://www.w3.org/1999/xhtml" xml:lang="en-US">Without generating audit records that are specific to the security and
mission needs of the organization, it would be difficult to establish,
correlate, and investigate the events relating to an incident or identify
those responsible for one.

Audit records can be generated from various components within the
information system (e.g., module or policy filter).</rationale>
          <ident system="https://ncp.nist.gov/cce">CCE-85591-6</ident>
          <fix xmlns:xhtml="http://www.w3.org/1999/xhtml" id="audit_rules_privileged_commands_kmod" system="urn:xccdf:fix:script:sh"># Remediation is applicable only in certain platforms
if rpm --quiet -q audit &amp;&amp; rpm --quiet -q kernel-default || rpm --quiet -q kernel-default-base; then

# Retrieve hardware architecture of the underlying system
OTHER_FILTERS="-F path=/usr/bin/kmod -F perm=x"
AUID_FILTERS="-F auid&gt;=1000 -F auid!=unset"
SYSCALL=""
KEY="privileged"
SYSCALL_GROUPING=""


ACTION_ARCH_FILTERS="-a always,exit"
# Perform the remediation for both possible tools: 'auditctl' and 'augenrules'
unset syscall_a
unset syscall_grouping
unset syscall_string
unset syscall
unset file_to_edit
unset rule_to_edit
unset rule_syscalls_to_edit
unset other_string
unset auid_string
unset full_rule

# Load macro arguments into arrays
read -a syscall_a &lt;&lt;&lt; $SYSCALL
read -a syscall_grouping &lt;&lt;&lt; $SYSCALL_GROUPING

# Create a list of audit *.rules files that should be inspected for presence and correctness
# of a particular audit rule. The scheme is as follows:
#
# -----------------------------------------------------------------------------------------
#  Tool used to load audit rules | Rule already defined  |  Audit rules file to inspect    |
# -----------------------------------------------------------------------------------------
#        auditctl                |     Doesn't matter    |  /etc/audit/audit.rules         |
# -----------------------------------------------------------------------------------------
#        augenrules              |          Yes          |  /etc/audit/rules.d/*.rules     |
#        augenrules              |          No           |  /etc/audit/rules.d/$key.rules  |
# -----------------------------------------------------------------------------------------
#
files_to_inspect=()

# If audit tool is 'augenrules', then check if the audit rule is defined
# If rule is defined, add '/etc/audit/rules.d/*.rules' to the list for inspection
# If rule isn't defined yet, add '/etc/audit/rules.d/$key.rules' to the list for inspection
default_file="/etc/audit/rules.d/$KEY.rules"
# As other_filters may include paths, lets use a different delimiter for it
# The "F" script expression tells sed to print the filenames where the expressions matched
readarray -t files_to_inspect &lt; &lt;(sed -s -n -e "/^$ACTION_ARCH_FILTERS/!d" -e "\#$OTHER_FILTERS#!d" -e "/$AUID_FILTERS/!d" -e "F" /etc/audit/rules.d/*.rules)
# Case when particular rule isn't defined in /etc/audit/rules.d/*.rules yet
if [ ${#files_to_inspect[@]} -eq "0" ]
then
    file_to_inspect="/etc/audit/rules.d/$KEY.rules"
    files_to_inspect=("$file_to_inspect")
    if [ ! -e "$file_to_inspect" ]
    then
        touch "$file_to_inspect"
        chmod 0600 "$file_to_inspect"
    fi
fi

# After converting to jinja, we cannot return; therefore we skip the rest of the macro if needed instead
skip=1

for audit_file in "${files_to_inspect[@]}"
do
    # Filter existing $audit_file rules' definitions to select those that satisfy the rule pattern,
    # i.e, collect rules that match:
    # * the action, list and arch, (2-nd argument)
    # * the other filters, (3-rd argument)
    # * the auid filters, (4-rd argument)
    readarray -t similar_rules &lt; &lt;(sed -e "/^$ACTION_ARCH_FILTERS/!d"  -e "\#$OTHER_FILTERS#!d" -e "/$AUID_FILTERS/!d" "$audit_file")

    candidate_rules=()
    # Filter out rules that have more fields then required. This will remove rules more specific than the required scope
    for s_rule in "${similar_rules[@]}"
    do
        # Strip all the options and fields we know of,
        # than check if there was any field left over
        extra_fields=$(sed -E -e "s/^$ACTION_ARCH_FILTERS//"  -e "s#$OTHER_FILTERS##" -e "s/$AUID_FILTERS//" -e "s/((:?-S [[:alnum:],]+)+)//g" -e "s/-F key=\w+|-k \w+//"&lt;&lt;&lt; "$s_rule")
        grep -q -- "-F" &lt;&lt;&lt; "$extra_fields" || candidate_rules+=("$s_rule")
    done

    if [[ ${#syscall_a[@]} -ge 1 ]]
    then
        # Check if the syscall we want is present in any of the similar existing rules
        for rule in "${candidate_rules[@]}"
        do
            rule_syscalls=$(echo "$rule" | grep -o -P '(-S [\w,]+)+' | xargs)
            all_syscalls_found=0
            for syscall in "${syscall_a[@]}"
            do
                grep -q -- "\b${syscall}\b" &lt;&lt;&lt; "$rule_syscalls" || {
                   # A syscall was not found in the candidate rule
                   all_syscalls_found=1
                   }
            done
            if [[ $all_syscalls_found -eq 0 ]]
            then
                # We found a rule with all the syscall(s) we want; skip rest of macro
                skip=0
                break
            fi

            # Check if this rule can be grouped with our target syscall and keep track of it
            for syscall_g in "${syscall_grouping[@]}"
            do
                if grep -q -- "\b${syscall_g}\b" &lt;&lt;&lt; "$rule_syscalls"
                then
                    file_to_edit=${audit_file}
                    rule_to_edit=${rule}
                    rule_syscalls_to_edit=${rule_syscalls}
                fi
            done
        done
    else
        # If there is any candidate rule, it is compliant; skip rest of macro
        if [ "${#candidate_rules[@]}" -gt 0 ]
        then
            skip=0
        fi
    fi

    if [ "$skip" -eq 0 ]; then
        break
    fi
done

if [ "$skip" -ne 0 ]; then
    # We checked all rules that matched the expected resemblance pattern (action, arch &amp; auid)
    # At this point we know if we need to either append the $full_rule or group
    # the syscall together with an exsiting rule

    # Append the full_rule if it cannot be grouped to any other rule
    if [ -z ${rule_to_edit+x} ]
    then
        # Build full_rule while avoid adding double spaces when other_filters is empty
        if [ "${#syscall_a[@]}" -gt 0 ]
        then
            syscall_string=""
            for syscall in "${syscall_a[@]}"
            do
                syscall_string+=" -S $syscall"
            done
        fi
        other_string=$([[ $OTHER_FILTERS ]] &amp;&amp; echo " $OTHER_FILTERS") || /bin/true
        auid_string=$([[ $AUID_FILTERS ]] &amp;&amp; echo " $AUID_FILTERS") || /bin/true
        full_rule="$ACTION_ARCH_FILTERS${syscall_string}${other_string}${auid_string} -F key=$KEY" || /bin/true
        echo "$full_rule" &gt;&gt; "$default_file"
        chmod 0600 ${default_file}
    else
        # Check if the syscalls are declared as a comma separated list or
        # as multiple -S parameters
        if grep -q -- "," &lt;&lt;&lt; "${rule_syscalls_to_edit}"
        then
            delimiter=","
        else
            delimiter=" -S "
        fi
        new_grouped_syscalls="${rule_syscalls_to_edit}"
        for syscall in "${syscall_a[@]}"
        do
            grep -q -- "\b${syscall}\b" &lt;&lt;&lt; "${rule_syscalls_to_edit}" || {
               # A syscall was not found in the candidate rule
               new_grouped_syscalls+="${delimiter}${syscall}"
               }
        done

        # Group the syscall in the rule
        sed -i -e "\#${rule_to_edit}#s#${rule_syscalls_to_edit}#${new_grouped_syscalls}#" "$file_to_edit"
    fi
fi
unset syscall_a
unset syscall_grouping
unset syscall_string
unset syscall
unset file_to_edit
unset rule_to_edit
unset rule_syscalls_to_edit
unset other_string
unset auid_string
unset full_rule

# Load macro arguments into arrays
read -a syscall_a &lt;&lt;&lt; $SYSCALL
read -a syscall_grouping &lt;&lt;&lt; $SYSCALL_GROUPING

# Create a list of audit *.rules files that should be inspected for presence and correctness
# of a particular audit rule. The scheme is as follows:
#
# -----------------------------------------------------------------------------------------
#  Tool used to load audit rules | Rule already defined  |  Audit rules file to inspect    |
# -----------------------------------------------------------------------------------------
#        auditctl                |     Doesn't matter    |  /etc/audit/audit.rules         |
# -----------------------------------------------------------------------------------------
#        augenrules              |          Yes          |  /etc/audit/rules.d/*.rules     |
#        augenrules              |          No           |  /etc/audit/rules.d/$key.rules  |
# -----------------------------------------------------------------------------------------
#
files_to_inspect=()


# If audit tool is 'auditctl', then add '/etc/audit/audit.rules'
# file to the list of files to be inspected
default_file="/etc/audit/audit.rules"
files_to_inspect+=('/etc/audit/audit.rules' )

# After converting to jinja, we cannot return; therefore we skip the rest of the macro if needed instead
skip=1

for audit_file in "${files_to_inspect[@]}"
do
    # Filter existing $audit_file rules' definitions to select those that satisfy the rule pattern,
    # i.e, collect rules that match:
    # * the action, list and arch, (2-nd argument)
    # * the other filters, (3-rd argument)
    # * the auid filters, (4-rd argument)
    readarray -t similar_rules &lt; &lt;(sed -e "/^$ACTION_ARCH_FILTERS/!d"  -e "\#$OTHER_FILTERS#!d" -e "/$AUID_FILTERS/!d" "$audit_file")

    candidate_rules=()
    # Filter out rules that have more fields then required. This will remove rules more specific than the required scope
    for s_rule in "${similar_rules[@]}"
    do
        # Strip all the options and fields we know of,
        # than check if there was any field left over
        extra_fields=$(sed -E -e "s/^$ACTION_ARCH_FILTERS//"  -e "s#$OTHER_FILTERS##" -e "s/$AUID_FILTERS//" -e "s/((:?-S [[:alnum:],]+)+)//g" -e "s/-F key=\w+|-k \w+//"&lt;&lt;&lt; "$s_rule")
        grep -q -- "-F" &lt;&lt;&lt; "$extra_fields" || candidate_rules+=("$s_rule")
    done

    if [[ ${#syscall_a[@]} -ge 1 ]]
    then
        # Check if the syscall we want is present in any of the similar existing rules
        for rule in "${candidate_rules[@]}"
        do
            rule_syscalls=$(echo "$rule" | grep -o -P '(-S [\w,]+)+' | xargs)
            all_syscalls_found=0
            for syscall in "${syscall_a[@]}"
            do
                grep -q -- "\b${syscall}\b" &lt;&lt;&lt; "$rule_syscalls" || {
                   # A syscall was not found in the candidate rule
                   all_syscalls_found=1
                   }
            done
            if [[ $all_syscalls_found -eq 0 ]]
            then
                # We found a rule with all the syscall(s) we want; skip rest of macro
                skip=0
                break
            fi

            # Check if this rule can be grouped with our target syscall and keep track of it
            for syscall_g in "${syscall_grouping[@]}"
            do
                if grep -q -- "\b${syscall_g}\b" &lt;&lt;&lt; "$rule_syscalls"
                then
                    file_to_edit=${audit_file}
                    rule_to_edit=${rule}
                    rule_syscalls_to_edit=${rule_syscalls}
                fi
            done
        done
    else
        # If there is any candidate rule, it is compliant; skip rest of macro
        if [ "${#candidate_rules[@]}" -gt 0 ]
        then
            skip=0
        fi
    fi

    if [ "$skip" -eq 0 ]; then
        break
    fi
done

if [ "$skip" -ne 0 ]; then
    # We checked all rules that matched the expected resemblance pattern (action, arch &amp; auid)
    # At this point we know if we need to either append the $full_rule or group
    # the syscall together with an exsiting rule

    # Append the full_rule if it cannot be grouped to any other rule
    if [ -z ${rule_to_edit+x} ]
    then
        # Build full_rule while avoid adding double spaces when other_filters is empty
        if [ "${#syscall_a[@]}" -gt 0 ]
        then
            syscall_string=""
            for syscall in "${syscall_a[@]}"
            do
                syscall_string+=" -S $syscall"
            done
        fi
        other_string=$([[ $OTHER_FILTERS ]] &amp;&amp; echo " $OTHER_FILTERS") || /bin/true
        auid_string=$([[ $AUID_FILTERS ]] &amp;&amp; echo " $AUID_FILTERS") || /bin/true
        full_rule="$ACTION_ARCH_FILTERS${syscall_string}${other_string}${auid_string} -F key=$KEY" || /bin/true
        echo "$full_rule" &gt;&gt; "$default_file"
        chmod 0600 ${default_file}
    else
        # Check if the syscalls are declared as a comma separated list or
        # as multiple -S parameters
        if grep -q -- "," &lt;&lt;&lt; "${rule_syscalls_to_edit}"
        then
            delimiter=","
        else
            delimiter=" -S "
        fi
        new_grouped_syscalls="${rule_syscalls_to_edit}"
        for syscall in "${syscall_a[@]}"
        do
            grep -q -- "\b${syscall}\b" &lt;&lt;&lt; "${rule_syscalls_to_edit}" || {
               # A syscall was not found in the candidate rule
               new_grouped_syscalls+="${delimiter}${syscall}"
               }
        done

        # Group the syscall in the rule
        sed -i -e "\#${rule_to_edit}#s#${rule_syscalls_to_edit}#${new_grouped_syscalls}#" "$file_to_edit"
    fi
fi

else
    &gt;&amp;2 echo 'Remediation is not applicable, nothing was done'
fi
</fix>
          <fix xmlns:xhtml="http://www.w3.org/1999/xhtml" id="audit_rules_privileged_commands_kmod" system="urn:xccdf:fix:script:ansible" complexity="low" disruption="low" strategy="restrict">- name: Gather the package facts
  package_facts:
    manager: auto
  tags:
  - CCE-85591-6
  - DISA-STIG-SLES-15-030410
  - NIST-800-53-AU-12(a)
  - NIST-800-53-AU-12.1(ii)
  - NIST-800-53-AU-12.1(iv)AU-12(c)
  - NIST-800-53-AU-3
  - NIST-800-53-AU-3.1
  - NIST-800-53-MA-4(1)(a)
  - audit_rules_privileged_commands_kmod
  - low_complexity
  - low_disruption
  - medium_severity
  - no_reboot_needed
  - restrict_strategy

- name: Ensure auditd Collects Information on the Use of Privileged Commands - kmod
    - Perform remediation of Audit rules for /usr/bin/kmod
  block:

  - name: Declare list of syscalls
    ansible.builtin.set_fact:
      syscalls: []
      syscall_grouping: []

  - name: Check existence of  in /etc/audit/rules.d/
    ansible.builtin.find:
      paths: /etc/audit/rules.d
      contains: -a always,exit(( -S |,)\w+)*(( -S |,){{ item }})+(( -S |,)\w+)* -F
        path=/usr/bin/kmod -F perm=x -F auid&gt;=1000 -F auid!=unset (-k\s+|-F\s+key=)\S+\s*$
      patterns: '*.rules'
    register: find_command
    loop: '{{ (syscall_grouping + syscalls) | unique }}'

  - name: Reset syscalls found per file
    ansible.builtin.set_fact:
      syscalls_per_file: {}
      found_paths_dict: {}

  - name: Declare syscalls found per file
    ansible.builtin.set_fact: syscalls_per_file="{{ syscalls_per_file | combine( {item.files[0].path
      :[item.item] + syscalls_per_file.get(item.files[0].path, []) } ) }}"
    loop: '{{ find_command.results | selectattr(''matched'') | list }}'

  - name: Declare files where syscalls were found
    ansible.builtin.set_fact: found_paths="{{ find_command.results | map(attribute='files')
      | flatten | map(attribute='path') | list }}"

  - name: Count occurrences of syscalls in paths
    ansible.builtin.set_fact: found_paths_dict="{{ found_paths_dict | combine({ item:1+found_paths_dict.get(item,
      0) }) }}"
    loop: '{{ find_command.results | map(attribute=''files'') | flatten | map(attribute=''path'')
      | list }}'

  - name: Get path with most syscalls
    ansible.builtin.set_fact: audit_file="{{ (found_paths_dict | dict2items() | sort(attribute='value')
      | last).key }}"
    when: found_paths | length &gt;= 1

  - name: No file with syscall found, set path to /etc/audit/rules.d/privileged.rules
    ansible.builtin.set_fact: audit_file="/etc/audit/rules.d/privileged.rules"
    when: found_paths | length == 0

  - name: Declare found syscalls
    ansible.builtin.set_fact: syscalls_found="{{ find_command.results | selectattr('matched')
      | map(attribute='item') | list }}"

  - name: Declare missing syscalls
    ansible.builtin.set_fact: missing_syscalls="{{ syscalls | difference(syscalls_found)
      }}"

  - name: Replace the audit rule in {{ audit_file }}
    ansible.builtin.lineinfile:
      path: '{{ audit_file }}'
      regexp: (-a always,exit)(?=.*(?:(?:-S |,)(?:{{ syscalls_per_file[audit_file]
        | join("|") }}))\b)((?:( -S |,)\w+)+)( -F path=/usr/bin/kmod -F perm=x -F
        auid&gt;=1000 -F auid!=unset (?:-k |-F key=)\w+)
      line: \1\2\3{{ missing_syscalls | join("\3") }}\4
      backrefs: true
      state: present
      mode: g-rwx,o-rwx
    when: syscalls_found | length &gt; 0 and missing_syscalls | length &gt; 0

  - name: Add the audit rule to {{ audit_file }}
    ansible.builtin.lineinfile:
      path: '{{ audit_file }}'
      line: -a always,exit{{ syscalls | join(',') }} -F path=/usr/bin/kmod -F perm=x
        -F auid&gt;=1000 -F auid!=unset -F key=privileged
      create: true
      mode: g-rwx,o-rwx
      state: present
    when: syscalls_found | length == 0

  - name: Declare list of syscalls
    ansible.builtin.set_fact:
      syscalls: []
      syscall_grouping: []

  - name: Check existence of  in /etc/audit/audit.rules
    ansible.builtin.find:
      paths: /etc/audit
      contains: -a always,exit(( -S |,)\w+)*(( -S |,){{ item }})+(( -S |,)\w+)* -F
        path=/usr/bin/kmod -F perm=x -F auid&gt;=1000 -F auid!=unset (-k\s+|-F\s+key=)\S+\s*$
      patterns: audit.rules
    register: find_command
    loop: '{{ (syscall_grouping + syscalls) | unique }}'

  - name: Set path to /etc/audit/audit.rules
    ansible.builtin.set_fact: audit_file="/etc/audit/audit.rules"

  - name: Declare found syscalls
    ansible.builtin.set_fact: syscalls_found="{{ find_command.results | selectattr('matched')
      | map(attribute='item') | list }}"

  - name: Declare missing syscalls
    ansible.builtin.set_fact: missing_syscalls="{{ syscalls | difference(syscalls_found)
      }}"

  - name: Replace the audit rule in {{ audit_file }}
    ansible.builtin.lineinfile:
      path: '{{ audit_file }}'
      regexp: (-a always,exit)(?=.*(?:(?:-S |,)(?:{{ syscalls_found | join("|") }}))\b)((?:(
        -S |,)\w+)+)( -F path=/usr/bin/kmod -F perm=x -F auid&gt;=1000 -F auid!=unset
        (?:-k |-F key=)\w+)
      line: \1\2\3{{ missing_syscalls | join("\3") }}\4
      backrefs: true
      state: present
      mode: g-rwx,o-rwx
    when: syscalls_found | length &gt; 0 and missing_syscalls | length &gt; 0

  - name: Add the audit rule to {{ audit_file }}
    ansible.builtin.lineinfile:
      path: '{{ audit_file }}'
      line: -a always,exit{{ syscalls | join(',') }} -F path=/usr/bin/kmod -F perm=x
        -F auid&gt;=1000 -F auid!=unset -F key=privileged
      create: true
      mode: g-rwx,o-rwx
      state: present
    when: syscalls_found | length == 0
  when:
  - '"audit" in ansible_facts.packages'
  - ("kernel-default" in ansible_facts.packages or "kernel-default-base" in ansible_facts.packages)
  tags:
  - CCE-85591-6
  - DISA-STIG-SLES-15-030410
  - NIST-800-53-AU-12(a)
  - NIST-800-53-AU-12.1(ii)
  - NIST-800-53-AU-12.1(iv)AU-12(c)
  - NIST-800-53-AU-3
  - NIST-800-53-AU-3.1
  - NIST-800-53-MA-4(1)(a)
  - audit_rules_privileged_commands_kmod
  - low_complexity
  - low_disruption
  - medium_severity
  - no_reboot_needed
  - restrict_strategy
</fix>
          <check system="http://oval.mitre.org/XMLSchema/oval-definitions-5">
            <check-content-ref name="oval:ssg-audit_rules_privileged_commands_kmod:def:1" href="ssg-sle15-oval.xml"/>
          </check>
          <check system="http://scap.nist.gov/schema/ocil/2">
            <check-content-ref name="ocil:ssg-audit_rules_privileged_commands_kmod_ocil:questionnaire:1" href="ssg-sle15-ocil.xml"/>
          </check>
        </Rule>
        <Rule id="xccdf_org.ssgproject.content_rule_audit_rules_privileged_commands_modprobe" selected="false" role="full" severity="medium">
          <title xmlns:xhtml="http://www.w3.org/1999/xhtml" xml:lang="en-US">Ensure auditd Collects Information on the Use of Privileged Commands - modprobe</title>
          <description xmlns:xhtml="http://www.w3.org/1999/xhtml" xml:lang="en-US">At a minimum, the audit system should collect the execution of
privileged commands for all users and root. If the <html:code xmlns:html="http://www.w3.org/1999/xhtml">auditd</html:code> daemon is
configured to use the <html:code xmlns:html="http://www.w3.org/1999/xhtml">augenrules</html:code> program to read audit rules during
daemon startup (the default), add a line of the following form to a file with
suffix <html:code xmlns:html="http://www.w3.org/1999/xhtml">.rules</html:code> in the directory <html:code xmlns:html="http://www.w3.org/1999/xhtml">/etc/audit/rules.d</html:code>:
<html:pre xmlns:html="http://www.w3.org/1999/xhtml">-w /sbin/modprobe -p x -k modules</html:pre>
If the <html:code xmlns:html="http://www.w3.org/1999/xhtml">auditd</html:code> daemon is configured to use the <html:code xmlns:html="http://www.w3.org/1999/xhtml">auditctl</html:code>
utility to read audit rules during daemon startup, add a line of the following
form to <html:code xmlns:html="http://www.w3.org/1999/xhtml">/etc/audit/audit.rules</html:code>:
<html:pre xmlns:html="http://www.w3.org/1999/xhtml">-w /sbin/modprobe -p x -k modules</html:pre>
       </description>
          <reference href="http://nvlpubs.nist.gov/nistpubs/SpecialPublications/NIST.SP.800-53r4.pdf">AU-12(a)</reference>
          <reference href="http://nvlpubs.nist.gov/nistpubs/SpecialPublications/NIST.SP.800-53r4.pdf">AU-12.1(ii)</reference>
          <reference href="http://nvlpubs.nist.gov/nistpubs/SpecialPublications/NIST.SP.800-53r4.pdf">AU-3</reference>
          <reference href="http://nvlpubs.nist.gov/nistpubs/SpecialPublications/NIST.SP.800-53r4.pdf">AU-3.1</reference>
          <reference href="http://nvlpubs.nist.gov/nistpubs/SpecialPublications/NIST.SP.800-53r4.pdf">AU-12(c)</reference>
          <reference href="http://nvlpubs.nist.gov/nistpubs/SpecialPublications/NIST.SP.800-53r4.pdf">AU-12.1(iv)</reference>
          <reference href="http://nvlpubs.nist.gov/nistpubs/SpecialPublications/NIST.SP.800-53r4.pdf">MA-4(1)(a)</reference>
          <reference href="https://www.cyber.mil/stigs/downloads/?_dl_facet_stigs=operating-systems%2Cgeneral-purpose-os">SRG-OS-000037-GPOS-00015</reference>
          <reference href="https://www.cyber.mil/stigs/downloads/?_dl_facet_stigs=operating-systems%2Cgeneral-purpose-os">SRG-OS-000062-GPOS-00031</reference>
          <reference href="https://www.cyber.mil/stigs/downloads/?_dl_facet_stigs=operating-systems%2Cgeneral-purpose-os">SRG-OS-000392-GPOS-00172</reference>
          <reference href="https://www.cyber.mil/stigs/downloads/?_dl_facet_stigs=operating-systems%2Cgeneral-purpose-os">SRG-OS-000462-GPOS-00206</reference>
          <reference href="https://www.cyber.mil/stigs/downloads/?_dl_facet_stigs=operating-systems%2Cgeneral-purpose-os">SRG-OS-000471-GPOS-00215</reference>
          <reference href="https://www.cyber.mil/stigs/downloads/?_dl_facet_stigs=operating-systems%2Cunix-linux">SLES-15-030400</reference>
          <reference href="https://www.cisecurity.org/benchmark/suse_linux/">4.1.16</reference>
          <reference href="https://cyber.gouv.fr/sites/default/files/document/linux_configuration-en-v2.pdf">R73</reference>
          <reference href="not_publicly_available">SLES-15-750450405</reference>
          <reference href="https://www.cyber.mil/stigs/srg-stig-tools/">SV-234939r958412_rule</reference>
          <rationale xmlns:xhtml="http://www.w3.org/1999/xhtml" xml:lang="en-US">Misuse of privileged functions, either intentionally or unintentionally by
authorized users, or by unauthorized external entities that have compromised system accounts,
is a serious and ongoing concern and can have significant adverse impacts on organizations.
Auditing the use of privileged functions is one way to detect such misuse and identify
the risk from insider and advanced persistent threats.
<html:br xmlns:html="http://www.w3.org/1999/xhtml"/>
        <html:br xmlns:html="http://www.w3.org/1999/xhtml"/>
Privileged programs are subject to escalation-of-privilege attacks,
which attempt to subvert their normal role of providing some necessary but
limited capability. As such, motivation exists to monitor these programs for
unusual activity.</rationale>
          <ident system="https://ncp.nist.gov/cce">CCE-85731-8</ident>
          <fix xmlns:xhtml="http://www.w3.org/1999/xhtml" id="audit_rules_privileged_commands_modprobe" system="urn:xccdf:fix:script:sh"># Remediation is applicable only in certain platforms
if rpm --quiet -q audit &amp;&amp; rpm --quiet -q kernel-default || rpm --quiet -q kernel-default-base; then

# Perform the remediation for both possible tools: 'auditctl' and 'augenrules'
# Create a list of audit *.rules files that should be inspected for presence and correctness
# of a particular audit rule. The scheme is as follows:
#
# -----------------------------------------------------------------------------------------
# Tool used to load audit rules	| Rule already defined	|  Audit rules file to inspect	  |
# -----------------------------------------------------------------------------------------
#	auditctl		|     Doesn't matter	|  /etc/audit/audit.rules	  |
# -----------------------------------------------------------------------------------------
# 	augenrules		|          Yes		|  /etc/audit/rules.d/*.rules	  |
# 	augenrules		|          No		|  /etc/audit/rules.d/$key.rules  |
# -----------------------------------------------------------------------------------------
files_to_inspect=()


# If the audit tool is 'auditctl', then add '/etc/audit/audit.rules'
# into the list of files to be inspected
files_to_inspect+=('/etc/audit/audit.rules')

# Finally perform the inspection and possible subsequent audit rule
# correction for each of the files previously identified for inspection
for audit_rules_file in "${files_to_inspect[@]}"
do
    # Check if audit watch file system object rule for given path already present

    if grep -q -P -- "^[\s]*-w[\s]+/sbin/modprobe" "$audit_rules_file"

    then
        # Rule is found =&gt; verify yet if existing rule definition contains
        # all of the required access type bits

        # Define BRE whitespace class shortcut
        sp="[[:space:]]"
        # Extract current permission access types (e.g. -p [r|w|x|a] values) from audit rule

        current_access_bits=$(sed -ne "s#$sp*-w$sp\+/sbin/modprobe $sp\+-p$sp\+\([rxwa]\{1,4\}\).*#\1#p" "$audit_rules_file")

        # Split required access bits string into characters array
        # (to check bit's presence for one bit at a time)
        for access_bit in $(echo "x" | grep -o .)
        do
            # For each from the required access bits (e.g. 'w', 'a') check
            # if they are already present in current access bits for rule.
            # If not, append that bit at the end
            if ! grep -q "$access_bit" &lt;&lt;&lt; "$current_access_bits"
            then
                # Concatenate the existing mask with the missing bit
                current_access_bits="$current_access_bits$access_bit"
            fi
        done
        # Propagate the updated rule's access bits (original + the required
        # ones) back into the /etc/audit/audit.rules file for that rule

        sed -i "s#\($sp*-w$sp\+/sbin/modprobe$sp\+-p$sp\+\)\([rxwa]\{1,4\}\)\(.*\)#\1$current_access_bits\3#" "$audit_rules_file"

    else
        # Rule isn't present yet. Append it at the end of $audit_rules_file file
        # with proper key


        echo "-w /sbin/modprobe -p x -k modules" &gt;&gt; "$audit_rules_file"

    fi
done
# Create a list of audit *.rules files that should be inspected for presence and correctness
# of a particular audit rule. The scheme is as follows:
#
# -----------------------------------------------------------------------------------------
# Tool used to load audit rules	| Rule already defined	|  Audit rules file to inspect	  |
# -----------------------------------------------------------------------------------------
#	auditctl		|     Doesn't matter	|  /etc/audit/audit.rules	  |
# -----------------------------------------------------------------------------------------
# 	augenrules		|          Yes		|  /etc/audit/rules.d/*.rules	  |
# 	augenrules		|          No		|  /etc/audit/rules.d/$key.rules  |
# -----------------------------------------------------------------------------------------
files_to_inspect=()

# If the audit is 'augenrules', then check if rule is already defined
# If rule is defined, add '/etc/audit/rules.d/*.rules' to list of files for inspection.
# If rule isn't defined, add '/etc/audit/rules.d/modules.rules' to list of files for inspection.

readarray -t matches &lt; &lt;(grep -HP "[\s]*-w[\s]+/sbin/modprobe" /etc/audit/rules.d/*.rules)


# For each of the matched entries
for match in "${matches[@]}"
do
    # Extract filepath from the match
    rulesd_audit_file=$(echo $match | cut -f1 -d ':')
    # Append that path into list of files for inspection
    files_to_inspect+=("$rulesd_audit_file")
done
# Case when particular audit rule isn't defined yet
if [ "${#files_to_inspect[@]}" -eq "0" ]
then
    # Append '/etc/audit/rules.d/modules.rules' into list of files for inspection
    key_rule_file="/etc/audit/rules.d/modules.rules"
    # If the modules.rules file doesn't exist yet, create it with correct permissions
    if [ ! -e "$key_rule_file" ]
    then
        touch "$key_rule_file"
        chmod 0600 "$key_rule_file"
    fi
    files_to_inspect+=("$key_rule_file")
fi

# Finally perform the inspection and possible subsequent audit rule
# correction for each of the files previously identified for inspection
for audit_rules_file in "${files_to_inspect[@]}"
do
    # Check if audit watch file system object rule for given path already present

    if grep -q -P -- "^[\s]*-w[\s]+/sbin/modprobe" "$audit_rules_file"

    then
        # Rule is found =&gt; verify yet if existing rule definition contains
        # all of the required access type bits

        # Define BRE whitespace class shortcut
        sp="[[:space:]]"
        # Extract current permission access types (e.g. -p [r|w|x|a] values) from audit rule

        current_access_bits=$(sed -ne "s#$sp*-w$sp\+/sbin/modprobe $sp\+-p$sp\+\([rxwa]\{1,4\}\).*#\1#p" "$audit_rules_file")

        # Split required access bits string into characters array
        # (to check bit's presence for one bit at a time)
        for access_bit in $(echo "x" | grep -o .)
        do
            # For each from the required access bits (e.g. 'w', 'a') check
            # if they are already present in current access bits for rule.
            # If not, append that bit at the end
            if ! grep -q "$access_bit" &lt;&lt;&lt; "$current_access_bits"
            then
                # Concatenate the existing mask with the missing bit
                current_access_bits="$current_access_bits$access_bit"
            fi
        done
        # Propagate the updated rule's access bits (original + the required
        # ones) back into the /etc/audit/audit.rules file for that rule

        sed -i "s#\($sp*-w$sp\+/sbin/modprobe$sp\+-p$sp\+\)\([rxwa]\{1,4\}\)\(.*\)#\1$current_access_bits\3#" "$audit_rules_file"

    else
        # Rule isn't present yet. Append it at the end of $audit_rules_file file
        # with proper key


        echo "-w /sbin/modprobe -p x -k modules" &gt;&gt; "$audit_rules_file"

    fi
done

else
    &gt;&amp;2 echo 'Remediation is not applicable, nothing was done'
fi
</fix>
          <fix xmlns:xhtml="http://www.w3.org/1999/xhtml" id="audit_rules_privileged_commands_modprobe" system="urn:xccdf:fix:script:ansible" complexity="low" disruption="low" strategy="restrict">- name: Gather the package facts
  package_facts:
    manager: auto
  tags:
  - CCE-85731-8
  - DISA-STIG-SLES-15-030400
  - NIST-800-53-AU-12(a)
  - NIST-800-53-AU-12(c)
  - NIST-800-53-AU-12.1(ii)
  - NIST-800-53-AU-12.1(iv)
  - NIST-800-53-AU-3
  - NIST-800-53-AU-3.1
  - NIST-800-53-MA-4(1)(a)
  - audit_rules_privileged_commands_modprobe
  - low_complexity
  - low_disruption
  - medium_severity
  - no_reboot_needed
  - restrict_strategy

- name: Ensure auditd Collects Information on the Use of Privileged Commands - modprobe
    - Check if watch rule for /sbin/modprobe already exists in /etc/audit/rules.d/
  ansible.builtin.find:
    paths: /etc/audit/rules.d
    contains: ^\s*-w\s+/sbin/modprobe\s+-p\s+x(\s|$)+
    patterns: '*.rules'
  register: find_existing_watch_rules_d
  when:
  - '"audit" in ansible_facts.packages'
  - ("kernel-default" in ansible_facts.packages or "kernel-default-base" in ansible_facts.packages)
  tags:
  - CCE-85731-8
  - DISA-STIG-SLES-15-030400
  - NIST-800-53-AU-12(a)
  - NIST-800-53-AU-12(c)
  - NIST-800-53-AU-12.1(ii)
  - NIST-800-53-AU-12.1(iv)
  - NIST-800-53-AU-3
  - NIST-800-53-AU-3.1
  - NIST-800-53-MA-4(1)(a)
  - audit_rules_privileged_commands_modprobe
  - low_complexity
  - low_disruption
  - medium_severity
  - no_reboot_needed
  - restrict_strategy

- name: Ensure auditd Collects Information on the Use of Privileged Commands - modprobe
    - Search /etc/audit/rules.d for other rules with specified key modules
  ansible.builtin.find:
    paths: /etc/audit/rules.d
    contains: ^.*(?:-F key=|-k\s+)modules$
    patterns: '*.rules'
  register: find_watch_key
  when:
  - '"audit" in ansible_facts.packages'
  - ("kernel-default" in ansible_facts.packages or "kernel-default-base" in ansible_facts.packages)
  - find_existing_watch_rules_d.matched is defined and find_existing_watch_rules_d.matched
    == 0
  tags:
  - CCE-85731-8
  - DISA-STIG-SLES-15-030400
  - NIST-800-53-AU-12(a)
  - NIST-800-53-AU-12(c)
  - NIST-800-53-AU-12.1(ii)
  - NIST-800-53-AU-12.1(iv)
  - NIST-800-53-AU-3
  - NIST-800-53-AU-3.1
  - NIST-800-53-MA-4(1)(a)
  - audit_rules_privileged_commands_modprobe
  - low_complexity
  - low_disruption
  - medium_severity
  - no_reboot_needed
  - restrict_strategy

- name: Ensure auditd Collects Information on the Use of Privileged Commands - modprobe
    - Use /etc/audit/rules.d/modules.rules as the recipient for the rule
  ansible.builtin.set_fact:
    all_files:
    - /etc/audit/rules.d/modules.rules
  when:
  - '"audit" in ansible_facts.packages'
  - ("kernel-default" in ansible_facts.packages or "kernel-default-base" in ansible_facts.packages)
  - find_watch_key.matched is defined and find_watch_key.matched == 0 and find_existing_watch_rules_d.matched
    is defined and find_existing_watch_rules_d.matched == 0
  tags:
  - CCE-85731-8
  - DISA-STIG-SLES-15-030400
  - NIST-800-53-AU-12(a)
  - NIST-800-53-AU-12(c)
  - NIST-800-53-AU-12.1(ii)
  - NIST-800-53-AU-12.1(iv)
  - NIST-800-53-AU-3
  - NIST-800-53-AU-3.1
  - NIST-800-53-MA-4(1)(a)
  - audit_rules_privileged_commands_modprobe
  - low_complexity
  - low_disruption
  - medium_severity
  - no_reboot_needed
  - restrict_strategy

- name: Ensure auditd Collects Information on the Use of Privileged Commands - modprobe
    - Use matched file as the recipient for the rule
  ansible.builtin.set_fact:
    all_files:
    - '{{ find_watch_key.files | map(attribute=''path'') | list | first }}'
  when:
  - '"audit" in ansible_facts.packages'
  - ("kernel-default" in ansible_facts.packages or "kernel-default-base" in ansible_facts.packages)
  - find_watch_key.matched is defined and find_watch_key.matched &gt; 0 and find_existing_watch_rules_d.matched
    is defined and find_existing_watch_rules_d.matched == 0
  tags:
  - CCE-85731-8
  - DISA-STIG-SLES-15-030400
  - NIST-800-53-AU-12(a)
  - NIST-800-53-AU-12(c)
  - NIST-800-53-AU-12.1(ii)
  - NIST-800-53-AU-12.1(iv)
  - NIST-800-53-AU-3
  - NIST-800-53-AU-3.1
  - NIST-800-53-MA-4(1)(a)
  - audit_rules_privileged_commands_modprobe
  - low_complexity
  - low_disruption
  - medium_severity
  - no_reboot_needed
  - restrict_strategy

- name: Ensure auditd Collects Information on the Use of Privileged Commands - modprobe
    - Add watch rule for /sbin/modprobe in /etc/audit/rules.d/
  ansible.builtin.lineinfile:
    path: '{{ all_files[0] }}'
    line: -w /sbin/modprobe -p x -k modules
    create: true
    mode: '0600'
  when:
  - '"audit" in ansible_facts.packages'
  - ("kernel-default" in ansible_facts.packages or "kernel-default-base" in ansible_facts.packages)
  - find_existing_watch_rules_d.matched is defined and find_existing_watch_rules_d.matched
    == 0
  tags:
  - CCE-85731-8
  - DISA-STIG-SLES-15-030400
  - NIST-800-53-AU-12(a)
  - NIST-800-53-AU-12(c)
  - NIST-800-53-AU-12.1(ii)
  - NIST-800-53-AU-12.1(iv)
  - NIST-800-53-AU-3
  - NIST-800-53-AU-3.1
  - NIST-800-53-MA-4(1)(a)
  - audit_rules_privileged_commands_modprobe
  - low_complexity
  - low_disruption
  - medium_severity
  - no_reboot_needed
  - restrict_strategy

- name: Ensure auditd Collects Information on the Use of Privileged Commands - modprobe
    - Check if watch rule for /sbin/modprobe already exists in /etc/audit/audit.rules
  ansible.builtin.find:
    paths: /etc/audit/
    contains: ^\s*-w\s+/sbin/modprobe\s+-p\s+x(\s|$)+
    patterns: audit.rules
  register: find_existing_watch_audit_rules
  when:
  - '"audit" in ansible_facts.packages'
  - ("kernel-default" in ansible_facts.packages or "kernel-default-base" in ansible_facts.packages)
  tags:
  - CCE-85731-8
  - DISA-STIG-SLES-15-030400
  - NIST-800-53-AU-12(a)
  - NIST-800-53-AU-12(c)
  - NIST-800-53-AU-12.1(ii)
  - NIST-800-53-AU-12.1(iv)
  - NIST-800-53-AU-3
  - NIST-800-53-AU-3.1
  - NIST-800-53-MA-4(1)(a)
  - audit_rules_privileged_commands_modprobe
  - low_complexity
  - low_disruption
  - medium_severity
  - no_reboot_needed
  - restrict_strategy

- name: Ensure auditd Collects Information on the Use of Privileged Commands - modprobe
    - Add watch rule for /sbin/modprobe in /etc/audit/audit.rules
  ansible.builtin.lineinfile:
    line: -w /sbin/modprobe -p x -k modules
    state: present
    dest: /etc/audit/audit.rules
    create: true
    mode: '0600'
  when:
  - '"audit" in ansible_facts.packages'
  - ("kernel-default" in ansible_facts.packages or "kernel-default-base" in ansible_facts.packages)
  - find_existing_watch_audit_rules.matched is defined and find_existing_watch_audit_rules.matched
    == 0
  tags:
  - CCE-85731-8
  - DISA-STIG-SLES-15-030400
  - NIST-800-53-AU-12(a)
  - NIST-800-53-AU-12(c)
  - NIST-800-53-AU-12.1(ii)
  - NIST-800-53-AU-12.1(iv)
  - NIST-800-53-AU-3
  - NIST-800-53-AU-3.1
  - NIST-800-53-MA-4(1)(a)
  - audit_rules_privileged_commands_modprobe
  - low_complexity
  - low_disruption
  - medium_severity
  - no_reboot_needed
  - restrict_strategy
</fix>
          <check system="http://oval.mitre.org/XMLSchema/oval-definitions-5">
            <check-content-ref name="oval:ssg-audit_rules_privileged_commands_modprobe:def:1" href="ssg-sle15-oval.xml"/>
          </check>
          <check system="http://scap.nist.gov/schema/ocil/2">
            <check-content-ref name="ocil:ssg-audit_rules_privileged_commands_modprobe_ocil:questionnaire:1" href="ssg-sle15-ocil.xml"/>
          </check>
        </Rule>
        <Rule id="xccdf_org.ssgproject.content_rule_audit_rules_privileged_commands_mount" selected="false" role="full" severity="medium">
          <title xmlns:xhtml="http://www.w3.org/1999/xhtml" xml:lang="en-US">Ensure auditd Collects Information on the Use of Privileged Commands - mount</title>
          <description xmlns:xhtml="http://www.w3.org/1999/xhtml" xml:lang="en-US">


At a minimum, the audit system should collect the execution of privileged
commands for all users and root.

If the <html:code xmlns:html="http://www.w3.org/1999/xhtml">auditd</html:code> daemon is configured to use the <html:code xmlns:html="http://www.w3.org/1999/xhtml">augenrules</html:code>
program to read audit rules during daemon startup (the default), add
a line of the following form to a file with suffix <html:code xmlns:html="http://www.w3.org/1999/xhtml">.rules</html:code>
in the directory <html:code xmlns:html="http://www.w3.org/1999/xhtml">/etc/audit/rules.d</html:code>:
<html:pre xmlns:html="http://www.w3.org/1999/xhtml">-a always,exit -F path=/usr/bin/mount -F perm=x -F auid&gt;=1000 -F auid!=unset -F key=privileged</html:pre>

If the <html:code xmlns:html="http://www.w3.org/1999/xhtml">auditd</html:code> daemon is configured to use the <html:code xmlns:html="http://www.w3.org/1999/xhtml">auditctl</html:code>
utility to read audit rules during daemon startup, add a line of the
following form to <html:code xmlns:html="http://www.w3.org/1999/xhtml">/etc/audit/audit.rules</html:code>:
<html:pre xmlns:html="http://www.w3.org/1999/xhtml">-a always,exit -F path=/usr/bin/mount -F perm=x -F auid&gt;=1000 -F auid!=unset -F key=privileged</html:pre>
       </description>
          <reference href="http://nvlpubs.nist.gov/nistpubs/SpecialPublications/NIST.SP.800-53r4.pdf">AU-2(d)</reference>
          <reference href="http://nvlpubs.nist.gov/nistpubs/SpecialPublications/NIST.SP.800-53r4.pdf">AU-12(c)</reference>
          <reference href="http://nvlpubs.nist.gov/nistpubs/SpecialPublications/NIST.SP.800-53r4.pdf">AC-6(9)</reference>
          <reference href="http://nvlpubs.nist.gov/nistpubs/SpecialPublications/NIST.SP.800-53r4.pdf">CM-6(a)</reference>
          <reference href="https://www.cyber.mil/stigs/downloads/?_dl_facet_stigs=operating-systems%2Cgeneral-purpose-os">SRG-OS-000037-GPOS-00015</reference>
          <reference href="https://www.cyber.mil/stigs/downloads/?_dl_facet_stigs=operating-systems%2Cgeneral-purpose-os">SRG-OS-000042-GPOS-00020</reference>
          <reference href="https://www.cyber.mil/stigs/downloads/?_dl_facet_stigs=operating-systems%2Cgeneral-purpose-os">SRG-OS-000062-GPOS-00031</reference>
          <reference href="https://www.cyber.mil/stigs/downloads/?_dl_facet_stigs=operating-systems%2Cgeneral-purpose-os">SRG-OS-000392-GPOS-00172</reference>
          <reference href="https://www.cyber.mil/stigs/downloads/?_dl_facet_stigs=operating-systems%2Cgeneral-purpose-os">SRG-OS-000462-GPOS-00206</reference>
          <reference href="https://www.cyber.mil/stigs/downloads/?_dl_facet_stigs=operating-systems%2Cgeneral-purpose-os">SRG-OS-000471-GPOS-00215</reference>
          <reference href="https://www.cyber.mil/stigs/downloads/?_dl_facet_stigs=app-security">SRG-APP-000029-CTR-000085</reference>
          <rationale xmlns:xhtml="http://www.w3.org/1999/xhtml" xml:lang="en-US">Misuse of privileged functions, either intentionally or unintentionally by
authorized users, or by unauthorized external entities that have compromised system accounts,
is a serious and ongoing concern and can have significant adverse impacts on organizations.
Auditing the use of privileged functions is one way to detect such misuse and identify
the risk from insider and advanced persistent threats.
<html:br xmlns:html="http://www.w3.org/1999/xhtml"/>
        <html:br xmlns:html="http://www.w3.org/1999/xhtml"/>
Privileged programs are subject to escalation-of-privilege attacks,
which attempt to subvert their normal role of providing some necessary but
limited capability. As such, motivation exists to monitor these programs for
unusual activity.</rationale>
          <fix xmlns:xhtml="http://www.w3.org/1999/xhtml" id="audit_rules_privileged_commands_mount" system="urn:xccdf:fix:script:sh"># Remediation is applicable only in certain platforms
if rpm --quiet -q audit &amp;&amp; rpm --quiet -q kernel-default || rpm --quiet -q kernel-default-base; then

# Retrieve hardware architecture of the underlying system
OTHER_FILTERS="-F path=/usr/bin/mount -F perm=x"
AUID_FILTERS="-F auid&gt;=1000 -F auid!=unset"
SYSCALL=""
KEY="privileged"
SYSCALL_GROUPING=""


ACTION_ARCH_FILTERS="-a always,exit"
# Perform the remediation for both possible tools: 'auditctl' and 'augenrules'
unset syscall_a
unset syscall_grouping
unset syscall_string
unset syscall
unset file_to_edit
unset rule_to_edit
unset rule_syscalls_to_edit
unset other_string
unset auid_string
unset full_rule

# Load macro arguments into arrays
read -a syscall_a &lt;&lt;&lt; $SYSCALL
read -a syscall_grouping &lt;&lt;&lt; $SYSCALL_GROUPING

# Create a list of audit *.rules files that should be inspected for presence and correctness
# of a particular audit rule. The scheme is as follows:
#
# -----------------------------------------------------------------------------------------
#  Tool used to load audit rules | Rule already defined  |  Audit rules file to inspect    |
# -----------------------------------------------------------------------------------------
#        auditctl                |     Doesn't matter    |  /etc/audit/audit.rules         |
# -----------------------------------------------------------------------------------------
#        augenrules              |          Yes          |  /etc/audit/rules.d/*.rules     |
#        augenrules              |          No           |  /etc/audit/rules.d/$key.rules  |
# -----------------------------------------------------------------------------------------
#
files_to_inspect=()

# If audit tool is 'augenrules', then check if the audit rule is defined
# If rule is defined, add '/etc/audit/rules.d/*.rules' to the list for inspection
# If rule isn't defined yet, add '/etc/audit/rules.d/$key.rules' to the list for inspection
default_file="/etc/audit/rules.d/$KEY.rules"
# As other_filters may include paths, lets use a different delimiter for it
# The "F" script expression tells sed to print the filenames where the expressions matched
readarray -t files_to_inspect &lt; &lt;(sed -s -n -e "/^$ACTION_ARCH_FILTERS/!d" -e "\#$OTHER_FILTERS#!d" -e "/$AUID_FILTERS/!d" -e "F" /etc/audit/rules.d/*.rules)
# Case when particular rule isn't defined in /etc/audit/rules.d/*.rules yet
if [ ${#files_to_inspect[@]} -eq "0" ]
then
    file_to_inspect="/etc/audit/rules.d/$KEY.rules"
    files_to_inspect=("$file_to_inspect")
    if [ ! -e "$file_to_inspect" ]
    then
        touch "$file_to_inspect"
        chmod 0600 "$file_to_inspect"
    fi
fi

# After converting to jinja, we cannot return; therefore we skip the rest of the macro if needed instead
skip=1

for audit_file in "${files_to_inspect[@]}"
do
    # Filter existing $audit_file rules' definitions to select those that satisfy the rule pattern,
    # i.e, collect rules that match:
    # * the action, list and arch, (2-nd argument)
    # * the other filters, (3-rd argument)
    # * the auid filters, (4-rd argument)
    readarray -t similar_rules &lt; &lt;(sed -e "/^$ACTION_ARCH_FILTERS/!d"  -e "\#$OTHER_FILTERS#!d" -e "/$AUID_FILTERS/!d" "$audit_file")

    candidate_rules=()
    # Filter out rules that have more fields then required. This will remove rules more specific than the required scope
    for s_rule in "${similar_rules[@]}"
    do
        # Strip all the options and fields we know of,
        # than check if there was any field left over
        extra_fields=$(sed -E -e "s/^$ACTION_ARCH_FILTERS//"  -e "s#$OTHER_FILTERS##" -e "s/$AUID_FILTERS//" -e "s/((:?-S [[:alnum:],]+)+)//g" -e "s/-F key=\w+|-k \w+//"&lt;&lt;&lt; "$s_rule")
        grep -q -- "-F" &lt;&lt;&lt; "$extra_fields" || candidate_rules+=("$s_rule")
    done

    if [[ ${#syscall_a[@]} -ge 1 ]]
    then
        # Check if the syscall we want is present in any of the similar existing rules
        for rule in "${candidate_rules[@]}"
        do
            rule_syscalls=$(echo "$rule" | grep -o -P '(-S [\w,]+)+' | xargs)
            all_syscalls_found=0
            for syscall in "${syscall_a[@]}"
            do
                grep -q -- "\b${syscall}\b" &lt;&lt;&lt; "$rule_syscalls" || {
                   # A syscall was not found in the candidate rule
                   all_syscalls_found=1
                   }
            done
            if [[ $all_syscalls_found -eq 0 ]]
            then
                # We found a rule with all the syscall(s) we want; skip rest of macro
                skip=0
                break
            fi

            # Check if this rule can be grouped with our target syscall and keep track of it
            for syscall_g in "${syscall_grouping[@]}"
            do
                if grep -q -- "\b${syscall_g}\b" &lt;&lt;&lt; "$rule_syscalls"
                then
                    file_to_edit=${audit_file}
                    rule_to_edit=${rule}
                    rule_syscalls_to_edit=${rule_syscalls}
                fi
            done
        done
    else
        # If there is any candidate rule, it is compliant; skip rest of macro
        if [ "${#candidate_rules[@]}" -gt 0 ]
        then
            skip=0
        fi
    fi

    if [ "$skip" -eq 0 ]; then
        break
    fi
done

if [ "$skip" -ne 0 ]; then
    # We checked all rules that matched the expected resemblance pattern (action, arch &amp; auid)
    # At this point we know if we need to either append the $full_rule or group
    # the syscall together with an exsiting rule

    # Append the full_rule if it cannot be grouped to any other rule
    if [ -z ${rule_to_edit+x} ]
    then
        # Build full_rule while avoid adding double spaces when other_filters is empty
        if [ "${#syscall_a[@]}" -gt 0 ]
        then
            syscall_string=""
            for syscall in "${syscall_a[@]}"
            do
                syscall_string+=" -S $syscall"
            done
        fi
        other_string=$([[ $OTHER_FILTERS ]] &amp;&amp; echo " $OTHER_FILTERS") || /bin/true
        auid_string=$([[ $AUID_FILTERS ]] &amp;&amp; echo " $AUID_FILTERS") || /bin/true
        full_rule="$ACTION_ARCH_FILTERS${syscall_string}${other_string}${auid_string} -F key=$KEY" || /bin/true
        echo "$full_rule" &gt;&gt; "$default_file"
        chmod 0600 ${default_file}
    else
        # Check if the syscalls are declared as a comma separated list or
        # as multiple -S parameters
        if grep -q -- "," &lt;&lt;&lt; "${rule_syscalls_to_edit}"
        then
            delimiter=","
        else
            delimiter=" -S "
        fi
        new_grouped_syscalls="${rule_syscalls_to_edit}"
        for syscall in "${syscall_a[@]}"
        do
            grep -q -- "\b${syscall}\b" &lt;&lt;&lt; "${rule_syscalls_to_edit}" || {
               # A syscall was not found in the candidate rule
               new_grouped_syscalls+="${delimiter}${syscall}"
               }
        done

        # Group the syscall in the rule
        sed -i -e "\#${rule_to_edit}#s#${rule_syscalls_to_edit}#${new_grouped_syscalls}#" "$file_to_edit"
    fi
fi
unset syscall_a
unset syscall_grouping
unset syscall_string
unset syscall
unset file_to_edit
unset rule_to_edit
unset rule_syscalls_to_edit
unset other_string
unset auid_string
unset full_rule

# Load macro arguments into arrays
read -a syscall_a &lt;&lt;&lt; $SYSCALL
read -a syscall_grouping &lt;&lt;&lt; $SYSCALL_GROUPING

# Create a list of audit *.rules files that should be inspected for presence and correctness
# of a particular audit rule. The scheme is as follows:
#
# -----------------------------------------------------------------------------------------
#  Tool used to load audit rules | Rule already defined  |  Audit rules file to inspect    |
# -----------------------------------------------------------------------------------------
#        auditctl                |     Doesn't matter    |  /etc/audit/audit.rules         |
# -----------------------------------------------------------------------------------------
#        augenrules              |          Yes          |  /etc/audit/rules.d/*.rules     |
#        augenrules              |          No           |  /etc/audit/rules.d/$key.rules  |
# -----------------------------------------------------------------------------------------
#
files_to_inspect=()


# If audit tool is 'auditctl', then add '/etc/audit/audit.rules'
# file to the list of files to be inspected
default_file="/etc/audit/audit.rules"
files_to_inspect+=('/etc/audit/audit.rules' )

# After converting to jinja, we cannot return; therefore we skip the rest of the macro if needed instead
skip=1

for audit_file in "${files_to_inspect[@]}"
do
    # Filter existing $audit_file rules' definitions to select those that satisfy the rule pattern,
    # i.e, collect rules that match:
    # * the action, list and arch, (2-nd argument)
    # * the other filters, (3-rd argument)
    # * the auid filters, (4-rd argument)
    readarray -t similar_rules &lt; &lt;(sed -e "/^$ACTION_ARCH_FILTERS/!d"  -e "\#$OTHER_FILTERS#!d" -e "/$AUID_FILTERS/!d" "$audit_file")

    candidate_rules=()
    # Filter out rules that have more fields then required. This will remove rules more specific than the required scope
    for s_rule in "${similar_rules[@]}"
    do
        # Strip all the options and fields we know of,
        # than check if there was any field left over
        extra_fields=$(sed -E -e "s/^$ACTION_ARCH_FILTERS//"  -e "s#$OTHER_FILTERS##" -e "s/$AUID_FILTERS//" -e "s/((:?-S [[:alnum:],]+)+)//g" -e "s/-F key=\w+|-k \w+//"&lt;&lt;&lt; "$s_rule")
        grep -q -- "-F" &lt;&lt;&lt; "$extra_fields" || candidate_rules+=("$s_rule")
    done

    if [[ ${#syscall_a[@]} -ge 1 ]]
    then
        # Check if the syscall we want is present in any of the similar existing rules
        for rule in "${candidate_rules[@]}"
        do
            rule_syscalls=$(echo "$rule" | grep -o -P '(-S [\w,]+)+' | xargs)
            all_syscalls_found=0
            for syscall in "${syscall_a[@]}"
            do
                grep -q -- "\b${syscall}\b" &lt;&lt;&lt; "$rule_syscalls" || {
                   # A syscall was not found in the candidate rule
                   all_syscalls_found=1
                   }
            done
            if [[ $all_syscalls_found -eq 0 ]]
            then
                # We found a rule with all the syscall(s) we want; skip rest of macro
                skip=0
                break
            fi

            # Check if this rule can be grouped with our target syscall and keep track of it
            for syscall_g in "${syscall_grouping[@]}"
            do
                if grep -q -- "\b${syscall_g}\b" &lt;&lt;&lt; "$rule_syscalls"
                then
                    file_to_edit=${audit_file}
                    rule_to_edit=${rule}
                    rule_syscalls_to_edit=${rule_syscalls}
                fi
            done
        done
    else
        # If there is any candidate rule, it is compliant; skip rest of macro
        if [ "${#candidate_rules[@]}" -gt 0 ]
        then
            skip=0
        fi
    fi

    if [ "$skip" -eq 0 ]; then
        break
    fi
done

if [ "$skip" -ne 0 ]; then
    # We checked all rules that matched the expected resemblance pattern (action, arch &amp; auid)
    # At this point we know if we need to either append the $full_rule or group
    # the syscall together with an exsiting rule

    # Append the full_rule if it cannot be grouped to any other rule
    if [ -z ${rule_to_edit+x} ]
    then
        # Build full_rule while avoid adding double spaces when other_filters is empty
        if [ "${#syscall_a[@]}" -gt 0 ]
        then
            syscall_string=""
            for syscall in "${syscall_a[@]}"
            do
                syscall_string+=" -S $syscall"
            done
        fi
        other_string=$([[ $OTHER_FILTERS ]] &amp;&amp; echo " $OTHER_FILTERS") || /bin/true
        auid_string=$([[ $AUID_FILTERS ]] &amp;&amp; echo " $AUID_FILTERS") || /bin/true
        full_rule="$ACTION_ARCH_FILTERS${syscall_string}${other_string}${auid_string} -F key=$KEY" || /bin/true
        echo "$full_rule" &gt;&gt; "$default_file"
        chmod 0600 ${default_file}
    else
        # Check if the syscalls are declared as a comma separated list or
        # as multiple -S parameters
        if grep -q -- "," &lt;&lt;&lt; "${rule_syscalls_to_edit}"
        then
            delimiter=","
        else
            delimiter=" -S "
        fi
        new_grouped_syscalls="${rule_syscalls_to_edit}"
        for syscall in "${syscall_a[@]}"
        do
            grep -q -- "\b${syscall}\b" &lt;&lt;&lt; "${rule_syscalls_to_edit}" || {
               # A syscall was not found in the candidate rule
               new_grouped_syscalls+="${delimiter}${syscall}"
               }
        done

        # Group the syscall in the rule
        sed -i -e "\#${rule_to_edit}#s#${rule_syscalls_to_edit}#${new_grouped_syscalls}#" "$file_to_edit"
    fi
fi

else
    &gt;&amp;2 echo 'Remediation is not applicable, nothing was done'
fi
</fix>
          <fix xmlns:xhtml="http://www.w3.org/1999/xhtml" id="audit_rules_privileged_commands_mount" system="urn:xccdf:fix:script:ansible" complexity="low" disruption="low" strategy="restrict">- name: Gather the package facts
  package_facts:
    manager: auto
  tags:
  - NIST-800-53-AC-6(9)
  - NIST-800-53-AU-12(c)
  - NIST-800-53-AU-2(d)
  - NIST-800-53-CM-6(a)
  - audit_rules_privileged_commands_mount
  - low_complexity
  - low_disruption
  - medium_severity
  - no_reboot_needed
  - restrict_strategy

- name: Ensure auditd Collects Information on the Use of Privileged Commands - mount
    - Perform remediation of Audit rules for /usr/bin/mount
  block:

  - name: Declare list of syscalls
    ansible.builtin.set_fact:
      syscalls: []
      syscall_grouping: []

  - name: Check existence of  in /etc/audit/rules.d/
    ansible.builtin.find:
      paths: /etc/audit/rules.d
      contains: -a always,exit(( -S |,)\w+)*(( -S |,){{ item }})+(( -S |,)\w+)* -F
        path=/usr/bin/mount -F perm=x -F auid&gt;=1000 -F auid!=unset (-k\s+|-F\s+key=)\S+\s*$
      patterns: '*.rules'
    register: find_command
    loop: '{{ (syscall_grouping + syscalls) | unique }}'

  - name: Reset syscalls found per file
    ansible.builtin.set_fact:
      syscalls_per_file: {}
      found_paths_dict: {}

  - name: Declare syscalls found per file
    ansible.builtin.set_fact: syscalls_per_file="{{ syscalls_per_file | combine( {item.files[0].path
      :[item.item] + syscalls_per_file.get(item.files[0].path, []) } ) }}"
    loop: '{{ find_command.results | selectattr(''matched'') | list }}'

  - name: Declare files where syscalls were found
    ansible.builtin.set_fact: found_paths="{{ find_command.results | map(attribute='files')
      | flatten | map(attribute='path') | list }}"

  - name: Count occurrences of syscalls in paths
    ansible.builtin.set_fact: found_paths_dict="{{ found_paths_dict | combine({ item:1+found_paths_dict.get(item,
      0) }) }}"
    loop: '{{ find_command.results | map(attribute=''files'') | flatten | map(attribute=''path'')
      | list }}'

  - name: Get path with most syscalls
    ansible.builtin.set_fact: audit_file="{{ (found_paths_dict | dict2items() | sort(attribute='value')
      | last).key }}"
    when: found_paths | length &gt;= 1

  - name: No file with syscall found, set path to /etc/audit/rules.d/privileged.rules
    ansible.builtin.set_fact: audit_file="/etc/audit/rules.d/privileged.rules"
    when: found_paths | length == 0

  - name: Declare found syscalls
    ansible.builtin.set_fact: syscalls_found="{{ find_command.results | selectattr('matched')
      | map(attribute='item') | list }}"

  - name: Declare missing syscalls
    ansible.builtin.set_fact: missing_syscalls="{{ syscalls | difference(syscalls_found)
      }}"

  - name: Replace the audit rule in {{ audit_file }}
    ansible.builtin.lineinfile:
      path: '{{ audit_file }}'
      regexp: (-a always,exit)(?=.*(?:(?:-S |,)(?:{{ syscalls_per_file[audit_file]
        | join("|") }}))\b)((?:( -S |,)\w+)+)( -F path=/usr/bin/mount -F perm=x -F
        auid&gt;=1000 -F auid!=unset (?:-k |-F key=)\w+)
      line: \1\2\3{{ missing_syscalls | join("\3") }}\4
      backrefs: true
      state: present
      mode: g-rwx,o-rwx
    when: syscalls_found | length &gt; 0 and missing_syscalls | length &gt; 0

  - name: Add the audit rule to {{ audit_file }}
    ansible.builtin.lineinfile:
      path: '{{ audit_file }}'
      line: -a always,exit{{ syscalls | join(',') }} -F path=/usr/bin/mount -F perm=x
        -F auid&gt;=1000 -F auid!=unset -F key=privileged
      create: true
      mode: g-rwx,o-rwx
      state: present
    when: syscalls_found | length == 0

  - name: Declare list of syscalls
    ansible.builtin.set_fact:
      syscalls: []
      syscall_grouping: []

  - name: Check existence of  in /etc/audit/audit.rules
    ansible.builtin.find:
      paths: /etc/audit
      contains: -a always,exit(( -S |,)\w+)*(( -S |,){{ item }})+(( -S |,)\w+)* -F
        path=/usr/bin/mount -F perm=x -F auid&gt;=1000 -F auid!=unset (-k\s+|-F\s+key=)\S+\s*$
      patterns: audit.rules
    register: find_command
    loop: '{{ (syscall_grouping + syscalls) | unique }}'

  - name: Set path to /etc/audit/audit.rules
    ansible.builtin.set_fact: audit_file="/etc/audit/audit.rules"

  - name: Declare found syscalls
    ansible.builtin.set_fact: syscalls_found="{{ find_command.results | selectattr('matched')
      | map(attribute='item') | list }}"

  - name: Declare missing syscalls
    ansible.builtin.set_fact: missing_syscalls="{{ syscalls | difference(syscalls_found)
      }}"

  - name: Replace the audit rule in {{ audit_file }}
    ansible.builtin.lineinfile:
      path: '{{ audit_file }}'
      regexp: (-a always,exit)(?=.*(?:(?:-S |,)(?:{{ syscalls_found | join("|") }}))\b)((?:(
        -S |,)\w+)+)( -F path=/usr/bin/mount -F perm=x -F auid&gt;=1000 -F auid!=unset
        (?:-k |-F key=)\w+)
      line: \1\2\3{{ missing_syscalls | join("\3") }}\4
      backrefs: true
      state: present
      mode: g-rwx,o-rwx
    when: syscalls_found | length &gt; 0 and missing_syscalls | length &gt; 0

  - name: Add the audit rule to {{ audit_file }}
    ansible.builtin.lineinfile:
      path: '{{ audit_file }}'
      line: -a always,exit{{ syscalls | join(',') }} -F path=/usr/bin/mount -F perm=x
        -F auid&gt;=1000 -F auid!=unset -F key=privileged
      create: true
      mode: g-rwx,o-rwx
      state: present
    when: syscalls_found | length == 0
  when:
  - '"audit" in ansible_facts.packages'
  - ("kernel-default" in ansible_facts.packages or "kernel-default-base" in ansible_facts.packages)
  tags:
  - NIST-800-53-AC-6(9)
  - NIST-800-53-AU-12(c)
  - NIST-800-53-AU-2(d)
  - NIST-800-53-CM-6(a)
  - audit_rules_privileged_commands_mount
  - low_complexity
  - low_disruption
  - medium_severity
  - no_reboot_needed
  - restrict_strategy
</fix>
          <check system="http://oval.mitre.org/XMLSchema/oval-definitions-5">
            <check-content-ref name="oval:ssg-audit_rules_privileged_commands_mount:def:1" href="ssg-sle15-oval.xml"/>
          </check>
          <check system="http://scap.nist.gov/schema/ocil/2">
            <check-content-ref name="ocil:ssg-audit_rules_privileged_commands_mount_ocil:questionnaire:1" href="ssg-sle15-ocil.xml"/>
          </check>
        </Rule>
        <Rule id="xccdf_org.ssgproject.content_rule_audit_rules_privileged_commands_newgrp" selected="false" role="full" severity="medium">
          <title xmlns:xhtml="http://www.w3.org/1999/xhtml" xml:lang="en-US">Ensure auditd Collects Information on the Use of Privileged Commands - newgrp</title>
          <description xmlns:xhtml="http://www.w3.org/1999/xhtml" xml:lang="en-US">


At a minimum, the audit system should collect the execution of privileged
commands for all users and root.

If the <html:code xmlns:html="http://www.w3.org/1999/xhtml">auditd</html:code> daemon is configured to use the <html:code xmlns:html="http://www.w3.org/1999/xhtml">augenrules</html:code>
program to read audit rules during daemon startup (the default), add
a line of the following form to a file with suffix <html:code xmlns:html="http://www.w3.org/1999/xhtml">.rules</html:code>
in the directory <html:code xmlns:html="http://www.w3.org/1999/xhtml">/etc/audit/rules.d</html:code>:
<html:pre xmlns:html="http://www.w3.org/1999/xhtml">-a always,exit -F path=/usr/bin/newgrp -F perm=x -F auid&gt;=1000 -F auid!=unset -F key=privileged</html:pre>

If the <html:code xmlns:html="http://www.w3.org/1999/xhtml">auditd</html:code> daemon is configured to use the <html:code xmlns:html="http://www.w3.org/1999/xhtml">auditctl</html:code>
utility to read audit rules during daemon startup, add a line of the
following form to <html:code xmlns:html="http://www.w3.org/1999/xhtml">/etc/audit/audit.rules</html:code>:
<html:pre xmlns:html="http://www.w3.org/1999/xhtml">-a always,exit -F path=/usr/bin/newgrp -F perm=x -F auid&gt;=1000 -F auid!=unset -F key=privileged</html:pre>
       </description>
          <reference href="https://www.cisecurity.org/controls/">1</reference>
          <reference href="https://www.cisecurity.org/controls/">12</reference>
          <reference href="https://www.cisecurity.org/controls/">13</reference>
          <reference href="https://www.cisecurity.org/controls/">14</reference>
          <reference href="https://www.cisecurity.org/controls/">15</reference>
          <reference href="https://www.cisecurity.org/controls/">16</reference>
          <reference href="https://www.cisecurity.org/controls/">2</reference>
          <reference href="https://www.cisecurity.org/controls/">3</reference>
          <reference href="https://www.cisecurity.org/controls/">5</reference>
          <reference href="https://www.cisecurity.org/controls/">6</reference>
          <reference href="https://www.cisecurity.org/controls/">7</reference>
          <reference href="https://www.cisecurity.org/controls/">8</reference>
          <reference href="https://www.cisecurity.org/controls/">9</reference>
          <reference href="https://www.isaca.org/resources/cobit">APO10.01</reference>
          <reference href="https://www.isaca.org/resources/cobit">APO10.03</reference>
          <reference href="https://www.isaca.org/resources/cobit">APO10.04</reference>
          <reference href="https://www.isaca.org/resources/cobit">APO10.05</reference>
          <reference href="https://www.isaca.org/resources/cobit">APO11.04</reference>
          <reference href="https://www.isaca.org/resources/cobit">BAI03.05</reference>
          <reference href="https://www.isaca.org/resources/cobit">DSS01.03</reference>
          <reference href="https://www.isaca.org/resources/cobit">DSS03.05</reference>
          <reference href="https://www.isaca.org/resources/cobit">DSS05.02</reference>
          <reference href="https://www.isaca.org/resources/cobit">DSS05.04</reference>
          <reference href="https://www.isaca.org/resources/cobit">DSS05.05</reference>
          <reference href="https://www.isaca.org/resources/cobit">DSS05.07</reference>
          <reference href="https://www.isaca.org/resources/cobit">MEA01.01</reference>
          <reference href="https://www.isaca.org/resources/cobit">MEA01.02</reference>
          <reference href="https://www.isaca.org/resources/cobit">MEA01.03</reference>
          <reference href="https://www.isaca.org/resources/cobit">MEA01.04</reference>
          <reference href="https://www.isaca.org/resources/cobit">MEA01.05</reference>
          <reference href="https://www.isaca.org/resources/cobit">MEA02.01</reference>
          <reference href="http://nvlpubs.nist.gov/nistpubs/SpecialPublications/NIST.SP.800-171.pdf">3.1.7</reference>
          <reference href="https://www.gpo.gov/fdsys/pkg/CFR-2007-title45-vol1/pdf/CFR-2007-title45-vol1-chapA-subchapC.pdf">164.308(a)(1)(ii)(D)</reference>
          <reference href="https://www.gpo.gov/fdsys/pkg/CFR-2007-title45-vol1/pdf/CFR-2007-title45-vol1-chapA-subchapC.pdf">164.308(a)(3)(ii)(A)</reference>
          <reference href="https://www.gpo.gov/fdsys/pkg/CFR-2007-title45-vol1/pdf/CFR-2007-title45-vol1-chapA-subchapC.pdf">164.308(a)(5)(ii)(C)</reference>
          <reference href="https://www.gpo.gov/fdsys/pkg/CFR-2007-title45-vol1/pdf/CFR-2007-title45-vol1-chapA-subchapC.pdf">164.312(a)(2)(i)</reference>
          <reference href="https://www.gpo.gov/fdsys/pkg/CFR-2007-title45-vol1/pdf/CFR-2007-title45-vol1-chapA-subchapC.pdf">164.312(b)</reference>
          <reference href="https://www.gpo.gov/fdsys/pkg/CFR-2007-title45-vol1/pdf/CFR-2007-title45-vol1-chapA-subchapC.pdf">164.312(d)</reference>
          <reference href="https://www.gpo.gov/fdsys/pkg/CFR-2007-title45-vol1/pdf/CFR-2007-title45-vol1-chapA-subchapC.pdf">164.312(e)</reference>
          <reference href="https://www.isa.org/products/isa-62443-2-1-2009-security-for-industrial-automat">4.3.2.6.7</reference>
          <reference href="https://www.isa.org/products/isa-62443-2-1-2009-security-for-industrial-automat">4.3.3.3.9</reference>
          <reference href="https://www.isa.org/products/isa-62443-2-1-2009-security-for-industrial-automat">4.3.3.5.8</reference>
          <reference href="https://www.isa.org/products/isa-62443-2-1-2009-security-for-industrial-automat">4.3.4.4.7</reference>
          <reference href="https://www.isa.org/products/isa-62443-2-1-2009-security-for-industrial-automat">4.4.2.1</reference>
          <reference href="https://www.isa.org/products/isa-62443-2-1-2009-security-for-industrial-automat">4.4.2.2</reference>
          <reference href="https://www.isa.org/products/isa-62443-2-1-2009-security-for-industrial-automat">4.4.2.4</reference>
          <reference href="https://www.isa.org/products/ansi-isa-62443-3-3-99-03-03-2013-security-for-indu">SR 2.10</reference>
          <reference href="https://www.isa.org/products/ansi-isa-62443-3-3-99-03-03-2013-security-for-indu">SR 2.11</reference>
          <reference href="https://www.isa.org/products/ansi-isa-62443-3-3-99-03-03-2013-security-for-indu">SR 2.12</reference>
          <reference href="https://www.isa.org/products/ansi-isa-62443-3-3-99-03-03-2013-security-for-indu">SR 2.8</reference>
          <reference href="https://www.isa.org/products/ansi-isa-62443-3-3-99-03-03-2013-security-for-indu">SR 2.9</reference>
          <reference href="https://www.isa.org/products/ansi-isa-62443-3-3-99-03-03-2013-security-for-indu">SR 6.1</reference>
          <reference href="https://www.isa.org/products/ansi-isa-62443-3-3-99-03-03-2013-security-for-indu">SR 6.2</reference>
          <reference href="https://www.iso.org/contents/data/standard/05/45/54534.html">A.12.4.1</reference>
          <reference href="https://www.iso.org/contents/data/standard/05/45/54534.html">A.12.4.2</reference>
          <reference href="https://www.iso.org/contents/data/standard/05/45/54534.html">A.12.4.3</reference>
          <reference href="https://www.iso.org/contents/data/standard/05/45/54534.html">A.12.4.4</reference>
          <reference href="https://www.iso.org/contents/data/standard/05/45/54534.html">A.12.7.1</reference>
          <reference href="https://www.iso.org/contents/data/standard/05/45/54534.html">A.14.2.7</reference>
          <reference href="https://www.iso.org/contents/data/standard/05/45/54534.html">A.15.2.1</reference>
          <reference href="https://www.iso.org/contents/data/standard/05/45/54534.html">A.15.2.2</reference>
          <reference href="https://www.nerc.com/standards/reliability-standards/cip">CIP-004-6 R2.2.2</reference>
          <reference href="https://www.nerc.com/standards/reliability-standards/cip">CIP-004-6 R2.2.3</reference>
          <reference href="https://www.nerc.com/standards/reliability-standards/cip">CIP-007-3 R.1.3</reference>
          <reference href="https://www.nerc.com/standards/reliability-standards/cip">CIP-007-3 R5</reference>
          <reference href="https://www.nerc.com/standards/reliability-standards/cip">CIP-007-3 R5.1.1</reference>
          <reference href="https://www.nerc.com/standards/reliability-standards/cip">CIP-007-3 R5.1.3</reference>
          <reference href="https://www.nerc.com/standards/reliability-standards/cip">CIP-007-3 R5.2.1</reference>
          <reference href="https://www.nerc.com/standards/reliability-standards/cip">CIP-007-3 R5.2.3</reference>
          <reference href="http://nvlpubs.nist.gov/nistpubs/SpecialPublications/NIST.SP.800-53r4.pdf">AC-2(4)</reference>
          <reference href="http://nvlpubs.nist.gov/nistpubs/SpecialPublications/NIST.SP.800-53r4.pdf">AU-2(d)</reference>
          <reference href="http://nvlpubs.nist.gov/nistpubs/SpecialPublications/NIST.SP.800-53r4.pdf">AU-12(c)</reference>
          <reference href="http://nvlpubs.nist.gov/nistpubs/SpecialPublications/NIST.SP.800-53r4.pdf">AC-6(9)</reference>
          <reference href="http://nvlpubs.nist.gov/nistpubs/SpecialPublications/NIST.SP.800-53r4.pdf">CM-6(a)</reference>
          <reference href="https://nvlpubs.nist.gov/nistpubs/CSWP/NIST.CSWP.04162018.pdf">DE.CM-1</reference>
          <reference href="https://nvlpubs.nist.gov/nistpubs/CSWP/NIST.CSWP.04162018.pdf">DE.CM-3</reference>
          <reference href="https://nvlpubs.nist.gov/nistpubs/CSWP/NIST.CSWP.04162018.pdf">DE.CM-7</reference>
          <reference href="https://nvlpubs.nist.gov/nistpubs/CSWP/NIST.CSWP.04162018.pdf">ID.SC-4</reference>
          <reference href="https://nvlpubs.nist.gov/nistpubs/CSWP/NIST.CSWP.04162018.pdf">PR.PT-1</reference>
          <reference href="https://www.cyber.mil/stigs/downloads/?_dl_facet_stigs=operating-systems%2Cgeneral-purpose-os">SRG-OS-000037-GPOS-00015</reference>
          <reference href="https://www.cyber.mil/stigs/downloads/?_dl_facet_stigs=operating-systems%2Cgeneral-purpose-os">SRG-OS-000042-GPOS-00020</reference>
          <reference href="https://www.cyber.mil/stigs/downloads/?_dl_facet_stigs=operating-systems%2Cgeneral-purpose-os">SRG-OS-000062-GPOS-00031</reference>
          <reference href="https://www.cyber.mil/stigs/downloads/?_dl_facet_stigs=operating-systems%2Cgeneral-purpose-os">SRG-OS-000392-GPOS-00172</reference>
          <reference href="https://www.cyber.mil/stigs/downloads/?_dl_facet_stigs=operating-systems%2Cgeneral-purpose-os">SRG-OS-000462-GPOS-00206</reference>
          <reference href="https://www.cyber.mil/stigs/downloads/?_dl_facet_stigs=operating-systems%2Cgeneral-purpose-os">SRG-OS-000471-GPOS-00215</reference>
          <reference href="https://www.cyber.mil/stigs/downloads/?_dl_facet_stigs=app-security">SRG-APP-000029-CTR-000085</reference>
          <reference href="https://www.cyber.mil/stigs/downloads/?_dl_facet_stigs=app-security">SRG-APP-000495-CTR-001235</reference>
          <reference href="https://www.cyber.mil/stigs/downloads/?_dl_facet_stigs=operating-systems%2Cunix-linux">SLES-15-030090</reference>
          <reference href="not_publicly_available">SLES-15-750450525</reference>
          <reference href="https://www.cyber.mil/stigs/srg-stig-tools/">SV-234908r958412_rule</reference>
          <rationale xmlns:xhtml="http://www.w3.org/1999/xhtml" xml:lang="en-US">Misuse of privileged functions, either intentionally or unintentionally by
authorized users, or by unauthorized external entities that have compromised system accounts,
is a serious and ongoing concern and can have significant adverse impacts on organizations.
Auditing the use of privileged functions is one way to detect such misuse and identify
the risk from insider and advanced persistent threats.
<html:br xmlns:html="http://www.w3.org/1999/xhtml"/>
        <html:br xmlns:html="http://www.w3.org/1999/xhtml"/>
Privileged programs are subject to escalation-of-privilege attacks,
which attempt to subvert their normal role of providing some necessary but
limited capability. As such, motivation exists to monitor these programs for
unusual activity.</rationale>
          <ident system="https://ncp.nist.gov/cce">CCE-85585-8</ident>
          <fix xmlns:xhtml="http://www.w3.org/1999/xhtml" id="audit_rules_privileged_commands_newgrp" system="urn:xccdf:fix:script:sh"># Remediation is applicable only in certain platforms
if rpm --quiet -q audit &amp;&amp; rpm --quiet -q kernel-default || rpm --quiet -q kernel-default-base; then

# Retrieve hardware architecture of the underlying system
OTHER_FILTERS="-F path=/usr/bin/newgrp -F perm=x"
AUID_FILTERS="-F auid&gt;=1000 -F auid!=unset"
SYSCALL=""
KEY="privileged"
SYSCALL_GROUPING=""


ACTION_ARCH_FILTERS="-a always,exit"
# Perform the remediation for both possible tools: 'auditctl' and 'augenrules'
unset syscall_a
unset syscall_grouping
unset syscall_string
unset syscall
unset file_to_edit
unset rule_to_edit
unset rule_syscalls_to_edit
unset other_string
unset auid_string
unset full_rule

# Load macro arguments into arrays
read -a syscall_a &lt;&lt;&lt; $SYSCALL
read -a syscall_grouping &lt;&lt;&lt; $SYSCALL_GROUPING

# Create a list of audit *.rules files that should be inspected for presence and correctness
# of a particular audit rule. The scheme is as follows:
#
# -----------------------------------------------------------------------------------------
#  Tool used to load audit rules | Rule already defined  |  Audit rules file to inspect    |
# -----------------------------------------------------------------------------------------
#        auditctl                |     Doesn't matter    |  /etc/audit/audit.rules         |
# -----------------------------------------------------------------------------------------
#        augenrules              |          Yes          |  /etc/audit/rules.d/*.rules     |
#        augenrules              |          No           |  /etc/audit/rules.d/$key.rules  |
# -----------------------------------------------------------------------------------------
#
files_to_inspect=()

# If audit tool is 'augenrules', then check if the audit rule is defined
# If rule is defined, add '/etc/audit/rules.d/*.rules' to the list for inspection
# If rule isn't defined yet, add '/etc/audit/rules.d/$key.rules' to the list for inspection
default_file="/etc/audit/rules.d/$KEY.rules"
# As other_filters may include paths, lets use a different delimiter for it
# The "F" script expression tells sed to print the filenames where the expressions matched
readarray -t files_to_inspect &lt; &lt;(sed -s -n -e "/^$ACTION_ARCH_FILTERS/!d" -e "\#$OTHER_FILTERS#!d" -e "/$AUID_FILTERS/!d" -e "F" /etc/audit/rules.d/*.rules)
# Case when particular rule isn't defined in /etc/audit/rules.d/*.rules yet
if [ ${#files_to_inspect[@]} -eq "0" ]
then
    file_to_inspect="/etc/audit/rules.d/$KEY.rules"
    files_to_inspect=("$file_to_inspect")
    if [ ! -e "$file_to_inspect" ]
    then
        touch "$file_to_inspect"
        chmod 0600 "$file_to_inspect"
    fi
fi

# After converting to jinja, we cannot return; therefore we skip the rest of the macro if needed instead
skip=1

for audit_file in "${files_to_inspect[@]}"
do
    # Filter existing $audit_file rules' definitions to select those that satisfy the rule pattern,
    # i.e, collect rules that match:
    # * the action, list and arch, (2-nd argument)
    # * the other filters, (3-rd argument)
    # * the auid filters, (4-rd argument)
    readarray -t similar_rules &lt; &lt;(sed -e "/^$ACTION_ARCH_FILTERS/!d"  -e "\#$OTHER_FILTERS#!d" -e "/$AUID_FILTERS/!d" "$audit_file")

    candidate_rules=()
    # Filter out rules that have more fields then required. This will remove rules more specific than the required scope
    for s_rule in "${similar_rules[@]}"
    do
        # Strip all the options and fields we know of,
        # than check if there was any field left over
        extra_fields=$(sed -E -e "s/^$ACTION_ARCH_FILTERS//"  -e "s#$OTHER_FILTERS##" -e "s/$AUID_FILTERS//" -e "s/((:?-S [[:alnum:],]+)+)//g" -e "s/-F key=\w+|-k \w+//"&lt;&lt;&lt; "$s_rule")
        grep -q -- "-F" &lt;&lt;&lt; "$extra_fields" || candidate_rules+=("$s_rule")
    done

    if [[ ${#syscall_a[@]} -ge 1 ]]
    then
        # Check if the syscall we want is present in any of the similar existing rules
        for rule in "${candidate_rules[@]}"
        do
            rule_syscalls=$(echo "$rule" | grep -o -P '(-S [\w,]+)+' | xargs)
            all_syscalls_found=0
            for syscall in "${syscall_a[@]}"
            do
                grep -q -- "\b${syscall}\b" &lt;&lt;&lt; "$rule_syscalls" || {
                   # A syscall was not found in the candidate rule
                   all_syscalls_found=1
                   }
            done
            if [[ $all_syscalls_found -eq 0 ]]
            then
                # We found a rule with all the syscall(s) we want; skip rest of macro
                skip=0
                break
            fi

            # Check if this rule can be grouped with our target syscall and keep track of it
            for syscall_g in "${syscall_grouping[@]}"
            do
                if grep -q -- "\b${syscall_g}\b" &lt;&lt;&lt; "$rule_syscalls"
                then
                    file_to_edit=${audit_file}
                    rule_to_edit=${rule}
                    rule_syscalls_to_edit=${rule_syscalls}
                fi
            done
        done
    else
        # If there is any candidate rule, it is compliant; skip rest of macro
        if [ "${#candidate_rules[@]}" -gt 0 ]
        then
            skip=0
        fi
    fi

    if [ "$skip" -eq 0 ]; then
        break
    fi
done

if [ "$skip" -ne 0 ]; then
    # We checked all rules that matched the expected resemblance pattern (action, arch &amp; auid)
    # At this point we know if we need to either append the $full_rule or group
    # the syscall together with an exsiting rule

    # Append the full_rule if it cannot be grouped to any other rule
    if [ -z ${rule_to_edit+x} ]
    then
        # Build full_rule while avoid adding double spaces when other_filters is empty
        if [ "${#syscall_a[@]}" -gt 0 ]
        then
            syscall_string=""
            for syscall in "${syscall_a[@]}"
            do
                syscall_string+=" -S $syscall"
            done
        fi
        other_string=$([[ $OTHER_FILTERS ]] &amp;&amp; echo " $OTHER_FILTERS") || /bin/true
        auid_string=$([[ $AUID_FILTERS ]] &amp;&amp; echo " $AUID_FILTERS") || /bin/true
        full_rule="$ACTION_ARCH_FILTERS${syscall_string}${other_string}${auid_string} -F key=$KEY" || /bin/true
        echo "$full_rule" &gt;&gt; "$default_file"
        chmod 0600 ${default_file}
    else
        # Check if the syscalls are declared as a comma separated list or
        # as multiple -S parameters
        if grep -q -- "," &lt;&lt;&lt; "${rule_syscalls_to_edit}"
        then
            delimiter=","
        else
            delimiter=" -S "
        fi
        new_grouped_syscalls="${rule_syscalls_to_edit}"
        for syscall in "${syscall_a[@]}"
        do
            grep -q -- "\b${syscall}\b" &lt;&lt;&lt; "${rule_syscalls_to_edit}" || {
               # A syscall was not found in the candidate rule
               new_grouped_syscalls+="${delimiter}${syscall}"
               }
        done

        # Group the syscall in the rule
        sed -i -e "\#${rule_to_edit}#s#${rule_syscalls_to_edit}#${new_grouped_syscalls}#" "$file_to_edit"
    fi
fi
unset syscall_a
unset syscall_grouping
unset syscall_string
unset syscall
unset file_to_edit
unset rule_to_edit
unset rule_syscalls_to_edit
unset other_string
unset auid_string
unset full_rule

# Load macro arguments into arrays
read -a syscall_a &lt;&lt;&lt; $SYSCALL
read -a syscall_grouping &lt;&lt;&lt; $SYSCALL_GROUPING

# Create a list of audit *.rules files that should be inspected for presence and correctness
# of a particular audit rule. The scheme is as follows:
#
# -----------------------------------------------------------------------------------------
#  Tool used to load audit rules | Rule already defined  |  Audit rules file to inspect    |
# -----------------------------------------------------------------------------------------
#        auditctl                |     Doesn't matter    |  /etc/audit/audit.rules         |
# -----------------------------------------------------------------------------------------
#        augenrules              |          Yes          |  /etc/audit/rules.d/*.rules     |
#        augenrules              |          No           |  /etc/audit/rules.d/$key.rules  |
# -----------------------------------------------------------------------------------------
#
files_to_inspect=()


# If audit tool is 'auditctl', then add '/etc/audit/audit.rules'
# file to the list of files to be inspected
default_file="/etc/audit/audit.rules"
files_to_inspect+=('/etc/audit/audit.rules' )

# After converting to jinja, we cannot return; therefore we skip the rest of the macro if needed instead
skip=1

for audit_file in "${files_to_inspect[@]}"
do
    # Filter existing $audit_file rules' definitions to select those that satisfy the rule pattern,
    # i.e, collect rules that match:
    # * the action, list and arch, (2-nd argument)
    # * the other filters, (3-rd argument)
    # * the auid filters, (4-rd argument)
    readarray -t similar_rules &lt; &lt;(sed -e "/^$ACTION_ARCH_FILTERS/!d"  -e "\#$OTHER_FILTERS#!d" -e "/$AUID_FILTERS/!d" "$audit_file")

    candidate_rules=()
    # Filter out rules that have more fields then required. This will remove rules more specific than the required scope
    for s_rule in "${similar_rules[@]}"
    do
        # Strip all the options and fields we know of,
        # than check if there was any field left over
        extra_fields=$(sed -E -e "s/^$ACTION_ARCH_FILTERS//"  -e "s#$OTHER_FILTERS##" -e "s/$AUID_FILTERS//" -e "s/((:?-S [[:alnum:],]+)+)//g" -e "s/-F key=\w+|-k \w+//"&lt;&lt;&lt; "$s_rule")
        grep -q -- "-F" &lt;&lt;&lt; "$extra_fields" || candidate_rules+=("$s_rule")
    done

    if [[ ${#syscall_a[@]} -ge 1 ]]
    then
        # Check if the syscall we want is present in any of the similar existing rules
        for rule in "${candidate_rules[@]}"
        do
            rule_syscalls=$(echo "$rule" | grep -o -P '(-S [\w,]+)+' | xargs)
            all_syscalls_found=0
            for syscall in "${syscall_a[@]}"
            do
                grep -q -- "\b${syscall}\b" &lt;&lt;&lt; "$rule_syscalls" || {
                   # A syscall was not found in the candidate rule
                   all_syscalls_found=1
                   }
            done
            if [[ $all_syscalls_found -eq 0 ]]
            then
                # We found a rule with all the syscall(s) we want; skip rest of macro
                skip=0
                break
            fi

            # Check if this rule can be grouped with our target syscall and keep track of it
            for syscall_g in "${syscall_grouping[@]}"
            do
                if grep -q -- "\b${syscall_g}\b" &lt;&lt;&lt; "$rule_syscalls"
                then
                    file_to_edit=${audit_file}
                    rule_to_edit=${rule}
                    rule_syscalls_to_edit=${rule_syscalls}
                fi
            done
        done
    else
        # If there is any candidate rule, it is compliant; skip rest of macro
        if [ "${#candidate_rules[@]}" -gt 0 ]
        then
            skip=0
        fi
    fi

    if [ "$skip" -eq 0 ]; then
        break
    fi
done

if [ "$skip" -ne 0 ]; then
    # We checked all rules that matched the expected resemblance pattern (action, arch &amp; auid)
    # At this point we know if we need to either append the $full_rule or group
    # the syscall together with an exsiting rule

    # Append the full_rule if it cannot be grouped to any other rule
    if [ -z ${rule_to_edit+x} ]
    then
        # Build full_rule while avoid adding double spaces when other_filters is empty
        if [ "${#syscall_a[@]}" -gt 0 ]
        then
            syscall_string=""
            for syscall in "${syscall_a[@]}"
            do
                syscall_string+=" -S $syscall"
            done
        fi
        other_string=$([[ $OTHER_FILTERS ]] &amp;&amp; echo " $OTHER_FILTERS") || /bin/true
        auid_string=$([[ $AUID_FILTERS ]] &amp;&amp; echo " $AUID_FILTERS") || /bin/true
        full_rule="$ACTION_ARCH_FILTERS${syscall_string}${other_string}${auid_string} -F key=$KEY" || /bin/true
        echo "$full_rule" &gt;&gt; "$default_file"
        chmod 0600 ${default_file}
    else
        # Check if the syscalls are declared as a comma separated list or
        # as multiple -S parameters
        if grep -q -- "," &lt;&lt;&lt; "${rule_syscalls_to_edit}"
        then
            delimiter=","
        else
            delimiter=" -S "
        fi
        new_grouped_syscalls="${rule_syscalls_to_edit}"
        for syscall in "${syscall_a[@]}"
        do
            grep -q -- "\b${syscall}\b" &lt;&lt;&lt; "${rule_syscalls_to_edit}" || {
               # A syscall was not found in the candidate rule
               new_grouped_syscalls+="${delimiter}${syscall}"
               }
        done

        # Group the syscall in the rule
        sed -i -e "\#${rule_to_edit}#s#${rule_syscalls_to_edit}#${new_grouped_syscalls}#" "$file_to_edit"
    fi
fi

else
    &gt;&amp;2 echo 'Remediation is not applicable, nothing was done'
fi
</fix>
          <fix xmlns:xhtml="http://www.w3.org/1999/xhtml" id="audit_rules_privileged_commands_newgrp" system="urn:xccdf:fix:script:ansible" complexity="low" disruption="low" strategy="restrict">- name: Gather the package facts
  package_facts:
    manager: auto
  tags:
  - CCE-85585-8
  - DISA-STIG-SLES-15-030090
  - NIST-800-171-3.1.7
  - NIST-800-53-AC-2(4)
  - NIST-800-53-AC-6(9)
  - NIST-800-53-AU-12(c)
  - NIST-800-53-AU-2(d)
  - NIST-800-53-CM-6(a)
  - audit_rules_privileged_commands_newgrp
  - low_complexity
  - low_disruption
  - medium_severity
  - no_reboot_needed
  - restrict_strategy

- name: Ensure auditd Collects Information on the Use of Privileged Commands - newgrp
    - Perform remediation of Audit rules for /usr/bin/newgrp
  block:

  - name: Declare list of syscalls
    ansible.builtin.set_fact:
      syscalls: []
      syscall_grouping: []

  - name: Check existence of  in /etc/audit/rules.d/
    ansible.builtin.find:
      paths: /etc/audit/rules.d
      contains: -a always,exit(( -S |,)\w+)*(( -S |,){{ item }})+(( -S |,)\w+)* -F
        path=/usr/bin/newgrp -F perm=x -F auid&gt;=1000 -F auid!=unset (-k\s+|-F\s+key=)\S+\s*$
      patterns: '*.rules'
    register: find_command
    loop: '{{ (syscall_grouping + syscalls) | unique }}'

  - name: Reset syscalls found per file
    ansible.builtin.set_fact:
      syscalls_per_file: {}
      found_paths_dict: {}

  - name: Declare syscalls found per file
    ansible.builtin.set_fact: syscalls_per_file="{{ syscalls_per_file | combine( {item.files[0].path
      :[item.item] + syscalls_per_file.get(item.files[0].path, []) } ) }}"
    loop: '{{ find_command.results | selectattr(''matched'') | list }}'

  - name: Declare files where syscalls were found
    ansible.builtin.set_fact: found_paths="{{ find_command.results | map(attribute='files')
      | flatten | map(attribute='path') | list }}"

  - name: Count occurrences of syscalls in paths
    ansible.builtin.set_fact: found_paths_dict="{{ found_paths_dict | combine({ item:1+found_paths_dict.get(item,
      0) }) }}"
    loop: '{{ find_command.results | map(attribute=''files'') | flatten | map(attribute=''path'')
      | list }}'

  - name: Get path with most syscalls
    ansible.builtin.set_fact: audit_file="{{ (found_paths_dict | dict2items() | sort(attribute='value')
      | last).key }}"
    when: found_paths | length &gt;= 1

  - name: No file with syscall found, set path to /etc/audit/rules.d/privileged.rules
    ansible.builtin.set_fact: audit_file="/etc/audit/rules.d/privileged.rules"
    when: found_paths | length == 0

  - name: Declare found syscalls
    ansible.builtin.set_fact: syscalls_found="{{ find_command.results | selectattr('matched')
      | map(attribute='item') | list }}"

  - name: Declare missing syscalls
    ansible.builtin.set_fact: missing_syscalls="{{ syscalls | difference(syscalls_found)
      }}"

  - name: Replace the audit rule in {{ audit_file }}
    ansible.builtin.lineinfile:
      path: '{{ audit_file }}'
      regexp: (-a always,exit)(?=.*(?:(?:-S |,)(?:{{ syscalls_per_file[audit_file]
        | join("|") }}))\b)((?:( -S |,)\w+)+)( -F path=/usr/bin/newgrp -F perm=x -F
        auid&gt;=1000 -F auid!=unset (?:-k |-F key=)\w+)
      line: \1\2\3{{ missing_syscalls | join("\3") }}\4
      backrefs: true
      state: present
      mode: g-rwx,o-rwx
    when: syscalls_found | length &gt; 0 and missing_syscalls | length &gt; 0

  - name: Add the audit rule to {{ audit_file }}
    ansible.builtin.lineinfile:
      path: '{{ audit_file }}'
      line: -a always,exit{{ syscalls | join(',') }} -F path=/usr/bin/newgrp -F perm=x
        -F auid&gt;=1000 -F auid!=unset -F key=privileged
      create: true
      mode: g-rwx,o-rwx
      state: present
    when: syscalls_found | length == 0

  - name: Declare list of syscalls
    ansible.builtin.set_fact:
      syscalls: []
      syscall_grouping: []

  - name: Check existence of  in /etc/audit/audit.rules
    ansible.builtin.find:
      paths: /etc/audit
      contains: -a always,exit(( -S |,)\w+)*(( -S |,){{ item }})+(( -S |,)\w+)* -F
        path=/usr/bin/newgrp -F perm=x -F auid&gt;=1000 -F auid!=unset (-k\s+|-F\s+key=)\S+\s*$
      patterns: audit.rules
    register: find_command
    loop: '{{ (syscall_grouping + syscalls) | unique }}'

  - name: Set path to /etc/audit/audit.rules
    ansible.builtin.set_fact: audit_file="/etc/audit/audit.rules"

  - name: Declare found syscalls
    ansible.builtin.set_fact: syscalls_found="{{ find_command.results | selectattr('matched')
      | map(attribute='item') | list }}"

  - name: Declare missing syscalls
    ansible.builtin.set_fact: missing_syscalls="{{ syscalls | difference(syscalls_found)
      }}"

  - name: Replace the audit rule in {{ audit_file }}
    ansible.builtin.lineinfile:
      path: '{{ audit_file }}'
      regexp: (-a always,exit)(?=.*(?:(?:-S |,)(?:{{ syscalls_found | join("|") }}))\b)((?:(
        -S |,)\w+)+)( -F path=/usr/bin/newgrp -F perm=x -F auid&gt;=1000 -F auid!=unset
        (?:-k |-F key=)\w+)
      line: \1\2\3{{ missing_syscalls | join("\3") }}\4
      backrefs: true
      state: present
      mode: g-rwx,o-rwx
    when: syscalls_found | length &gt; 0 and missing_syscalls | length &gt; 0

  - name: Add the audit rule to {{ audit_file }}
    ansible.builtin.lineinfile:
      path: '{{ audit_file }}'
      line: -a always,exit{{ syscalls | join(',') }} -F path=/usr/bin/newgrp -F perm=x
        -F auid&gt;=1000 -F auid!=unset -F key=privileged
      create: true
      mode: g-rwx,o-rwx
      state: present
    when: syscalls_found | length == 0
  when:
  - '"audit" in ansible_facts.packages'
  - ("kernel-default" in ansible_facts.packages or "kernel-default-base" in ansible_facts.packages)
  tags:
  - CCE-85585-8
  - DISA-STIG-SLES-15-030090
  - NIST-800-171-3.1.7
  - NIST-800-53-AC-2(4)
  - NIST-800-53-AC-6(9)
  - NIST-800-53-AU-12(c)
  - NIST-800-53-AU-2(d)
  - NIST-800-53-CM-6(a)
  - audit_rules_privileged_commands_newgrp
  - low_complexity
  - low_disruption
  - medium_severity
  - no_reboot_needed
  - restrict_strategy
</fix>
          <check system="http://oval.mitre.org/XMLSchema/oval-definitions-5">
            <check-content-ref name="oval:ssg-audit_rules_privileged_commands_newgrp:def:1" href="ssg-sle15-oval.xml"/>
          </check>
          <check system="http://scap.nist.gov/schema/ocil/2">
            <check-content-ref name="ocil:ssg-audit_rules_privileged_commands_newgrp_ocil:questionnaire:1" href="ssg-sle15-ocil.xml"/>
          </check>
        </Rule>
        <Rule id="xccdf_org.ssgproject.content_rule_audit_rules_privileged_commands_pam_timestamp_check" selected="false" role="full" severity="medium">
          <title xmlns:xhtml="http://www.w3.org/1999/xhtml" xml:lang="en-US">Ensure auditd Collects Information on the Use of Privileged Commands - pam_timestamp_check</title>
          <description xmlns:xhtml="http://www.w3.org/1999/xhtml" xml:lang="en-US">


At a minimum, the audit system should collect the execution of privileged
commands for all users and root.

If the <html:code xmlns:html="http://www.w3.org/1999/xhtml">auditd</html:code> daemon is configured to use the <html:code xmlns:html="http://www.w3.org/1999/xhtml">augenrules</html:code>
program to read audit rules during daemon startup (the default), add
a line of the following form to a file with suffix <html:code xmlns:html="http://www.w3.org/1999/xhtml">.rules</html:code>
in the directory <html:code xmlns:html="http://www.w3.org/1999/xhtml">/etc/audit/rules.d</html:code>:
<html:pre xmlns:html="http://www.w3.org/1999/xhtml">-a always,exit -F path=/sbin/pam_timestamp_check -F perm=x -F auid&gt;=1000 -F auid!=unset -F key=privileged</html:pre>

If the <html:code xmlns:html="http://www.w3.org/1999/xhtml">auditd</html:code> daemon is configured to use the <html:code xmlns:html="http://www.w3.org/1999/xhtml">auditctl</html:code>
utility to read audit rules during daemon startup, add a line of the
following form to <html:code xmlns:html="http://www.w3.org/1999/xhtml">/etc/audit/audit.rules</html:code>:
<html:pre xmlns:html="http://www.w3.org/1999/xhtml">-a always,exit -F path=/sbin/pam_timestamp_check -F perm=x -F auid&gt;=1000 -F auid!=unset -F key=privileged</html:pre>
       </description>
          <reference href="https://www.cisecurity.org/controls/">1</reference>
          <reference href="https://www.cisecurity.org/controls/">12</reference>
          <reference href="https://www.cisecurity.org/controls/">13</reference>
          <reference href="https://www.cisecurity.org/controls/">14</reference>
          <reference href="https://www.cisecurity.org/controls/">15</reference>
          <reference href="https://www.cisecurity.org/controls/">16</reference>
          <reference href="https://www.cisecurity.org/controls/">2</reference>
          <reference href="https://www.cisecurity.org/controls/">3</reference>
          <reference href="https://www.cisecurity.org/controls/">5</reference>
          <reference href="https://www.cisecurity.org/controls/">6</reference>
          <reference href="https://www.cisecurity.org/controls/">7</reference>
          <reference href="https://www.cisecurity.org/controls/">8</reference>
          <reference href="https://www.cisecurity.org/controls/">9</reference>
          <reference href="https://www.isaca.org/resources/cobit">APO10.01</reference>
          <reference href="https://www.isaca.org/resources/cobit">APO10.03</reference>
          <reference href="https://www.isaca.org/resources/cobit">APO10.04</reference>
          <reference href="https://www.isaca.org/resources/cobit">APO10.05</reference>
          <reference href="https://www.isaca.org/resources/cobit">APO11.04</reference>
          <reference href="https://www.isaca.org/resources/cobit">BAI03.05</reference>
          <reference href="https://www.isaca.org/resources/cobit">DSS01.03</reference>
          <reference href="https://www.isaca.org/resources/cobit">DSS03.05</reference>
          <reference href="https://www.isaca.org/resources/cobit">DSS05.02</reference>
          <reference href="https://www.isaca.org/resources/cobit">DSS05.04</reference>
          <reference href="https://www.isaca.org/resources/cobit">DSS05.05</reference>
          <reference href="https://www.isaca.org/resources/cobit">DSS05.07</reference>
          <reference href="https://www.isaca.org/resources/cobit">MEA01.01</reference>
          <reference href="https://www.isaca.org/resources/cobit">MEA01.02</reference>
          <reference href="https://www.isaca.org/resources/cobit">MEA01.03</reference>
          <reference href="https://www.isaca.org/resources/cobit">MEA01.04</reference>
          <reference href="https://www.isaca.org/resources/cobit">MEA01.05</reference>
          <reference href="https://www.isaca.org/resources/cobit">MEA02.01</reference>
          <reference href="http://nvlpubs.nist.gov/nistpubs/SpecialPublications/NIST.SP.800-171.pdf">3.1.7</reference>
          <reference href="https://www.gpo.gov/fdsys/pkg/CFR-2007-title45-vol1/pdf/CFR-2007-title45-vol1-chapA-subchapC.pdf">164.308(a)(1)(ii)(D)</reference>
          <reference href="https://www.gpo.gov/fdsys/pkg/CFR-2007-title45-vol1/pdf/CFR-2007-title45-vol1-chapA-subchapC.pdf">164.308(a)(3)(ii)(A)</reference>
          <reference href="https://www.gpo.gov/fdsys/pkg/CFR-2007-title45-vol1/pdf/CFR-2007-title45-vol1-chapA-subchapC.pdf">164.308(a)(5)(ii)(C)</reference>
          <reference href="https://www.gpo.gov/fdsys/pkg/CFR-2007-title45-vol1/pdf/CFR-2007-title45-vol1-chapA-subchapC.pdf">164.312(a)(2)(i)</reference>
          <reference href="https://www.gpo.gov/fdsys/pkg/CFR-2007-title45-vol1/pdf/CFR-2007-title45-vol1-chapA-subchapC.pdf">164.312(b)</reference>
          <reference href="https://www.gpo.gov/fdsys/pkg/CFR-2007-title45-vol1/pdf/CFR-2007-title45-vol1-chapA-subchapC.pdf">164.312(d)</reference>
          <reference href="https://www.gpo.gov/fdsys/pkg/CFR-2007-title45-vol1/pdf/CFR-2007-title45-vol1-chapA-subchapC.pdf">164.312(e)</reference>
          <reference href="https://www.isa.org/products/isa-62443-2-1-2009-security-for-industrial-automat">4.3.2.6.7</reference>
          <reference href="https://www.isa.org/products/isa-62443-2-1-2009-security-for-industrial-automat">4.3.3.3.9</reference>
          <reference href="https://www.isa.org/products/isa-62443-2-1-2009-security-for-industrial-automat">4.3.3.5.8</reference>
          <reference href="https://www.isa.org/products/isa-62443-2-1-2009-security-for-industrial-automat">4.3.4.4.7</reference>
          <reference href="https://www.isa.org/products/isa-62443-2-1-2009-security-for-industrial-automat">4.4.2.1</reference>
          <reference href="https://www.isa.org/products/isa-62443-2-1-2009-security-for-industrial-automat">4.4.2.2</reference>
          <reference href="https://www.isa.org/products/isa-62443-2-1-2009-security-for-industrial-automat">4.4.2.4</reference>
          <reference href="https://www.isa.org/products/ansi-isa-62443-3-3-99-03-03-2013-security-for-indu">SR 2.10</reference>
          <reference href="https://www.isa.org/products/ansi-isa-62443-3-3-99-03-03-2013-security-for-indu">SR 2.11</reference>
          <reference href="https://www.isa.org/products/ansi-isa-62443-3-3-99-03-03-2013-security-for-indu">SR 2.12</reference>
          <reference href="https://www.isa.org/products/ansi-isa-62443-3-3-99-03-03-2013-security-for-indu">SR 2.8</reference>
          <reference href="https://www.isa.org/products/ansi-isa-62443-3-3-99-03-03-2013-security-for-indu">SR 2.9</reference>
          <reference href="https://www.isa.org/products/ansi-isa-62443-3-3-99-03-03-2013-security-for-indu">SR 6.1</reference>
          <reference href="https://www.isa.org/products/ansi-isa-62443-3-3-99-03-03-2013-security-for-indu">SR 6.2</reference>
          <reference href="https://www.iso.org/contents/data/standard/05/45/54534.html">A.12.4.1</reference>
          <reference href="https://www.iso.org/contents/data/standard/05/45/54534.html">A.12.4.2</reference>
          <reference href="https://www.iso.org/contents/data/standard/05/45/54534.html">A.12.4.3</reference>
          <reference href="https://www.iso.org/contents/data/standard/05/45/54534.html">A.12.4.4</reference>
          <reference href="https://www.iso.org/contents/data/standard/05/45/54534.html">A.12.7.1</reference>
          <reference href="https://www.iso.org/contents/data/standard/05/45/54534.html">A.14.2.7</reference>
          <reference href="https://www.iso.org/contents/data/standard/05/45/54534.html">A.15.2.1</reference>
          <reference href="https://www.iso.org/contents/data/standard/05/45/54534.html">A.15.2.2</reference>
          <reference href="http://nvlpubs.nist.gov/nistpubs/SpecialPublications/NIST.SP.800-53r4.pdf">AU-2(d)</reference>
          <reference href="http://nvlpubs.nist.gov/nistpubs/SpecialPublications/NIST.SP.800-53r4.pdf">AU-12(c)</reference>
          <reference href="http://nvlpubs.nist.gov/nistpubs/SpecialPublications/NIST.SP.800-53r4.pdf">AC-6(9)</reference>
          <reference href="http://nvlpubs.nist.gov/nistpubs/SpecialPublications/NIST.SP.800-53r4.pdf">CM-6(a)</reference>
          <reference href="https://nvlpubs.nist.gov/nistpubs/CSWP/NIST.CSWP.04162018.pdf">DE.CM-1</reference>
          <reference href="https://nvlpubs.nist.gov/nistpubs/CSWP/NIST.CSWP.04162018.pdf">DE.CM-3</reference>
          <reference href="https://nvlpubs.nist.gov/nistpubs/CSWP/NIST.CSWP.04162018.pdf">DE.CM-7</reference>
          <reference href="https://nvlpubs.nist.gov/nistpubs/CSWP/NIST.CSWP.04162018.pdf">ID.SC-4</reference>
          <reference href="https://nvlpubs.nist.gov/nistpubs/CSWP/NIST.CSWP.04162018.pdf">PR.PT-1</reference>
          <reference href="https://www.cyber.mil/stigs/downloads/?_dl_facet_stigs=operating-systems%2Cgeneral-purpose-os">SRG-OS-000037-GPOS-00015</reference>
          <reference href="https://www.cyber.mil/stigs/downloads/?_dl_facet_stigs=operating-systems%2Cgeneral-purpose-os">SRG-OS-000042-GPOS-00020</reference>
          <reference href="https://www.cyber.mil/stigs/downloads/?_dl_facet_stigs=operating-systems%2Cgeneral-purpose-os">SRG-OS-000062-GPOS-00031</reference>
          <reference href="https://www.cyber.mil/stigs/downloads/?_dl_facet_stigs=operating-systems%2Cgeneral-purpose-os">SRG-OS-000392-GPOS-00172</reference>
          <reference href="https://www.cyber.mil/stigs/downloads/?_dl_facet_stigs=operating-systems%2Cgeneral-purpose-os">SRG-OS-000462-GPOS-00206</reference>
          <reference href="https://www.cyber.mil/stigs/downloads/?_dl_facet_stigs=operating-systems%2Cgeneral-purpose-os">SRG-OS-000471-GPOS-00215</reference>
          <reference href="https://www.cyber.mil/stigs/downloads/?_dl_facet_stigs=app-security">SRG-APP-000029-CTR-000085</reference>
          <reference href="https://www.cyber.mil/stigs/downloads/?_dl_facet_stigs=app-security">SRG-APP-000495-CTR-001235</reference>
          <reference href="https://www.cyber.mil/stigs/downloads/?_dl_facet_stigs=operating-systems%2Cunix-linux">SLES-15-030510</reference>
          <reference href="https://www.cyber.mil/stigs/srg-stig-tools/">SV-234950r958412_rule</reference>
          <rationale xmlns:xhtml="http://www.w3.org/1999/xhtml" xml:lang="en-US">Misuse of privileged functions, either intentionally or unintentionally by
authorized users, or by unauthorized external entities that have compromised system accounts,
is a serious and ongoing concern and can have significant adverse impacts on organizations.
Auditing the use of privileged functions is one way to detect such misuse and identify
the risk from insider and advanced persistent threats.
<html:br xmlns:html="http://www.w3.org/1999/xhtml"/>
        <html:br xmlns:html="http://www.w3.org/1999/xhtml"/>
Privileged programs are subject to escalation-of-privilege attacks,
which attempt to subvert their normal role of providing some necessary but
limited capability. As such, motivation exists to monitor these programs for
unusual activity.</rationale>
          <ident system="https://ncp.nist.gov/cce">CCE-85601-3</ident>
          <fix xmlns:xhtml="http://www.w3.org/1999/xhtml" id="audit_rules_privileged_commands_pam_timestamp_check" system="urn:xccdf:fix:script:sh"># Remediation is applicable only in certain platforms
if rpm --quiet -q audit &amp;&amp; rpm --quiet -q kernel-default || rpm --quiet -q kernel-default-base; then

# Retrieve hardware architecture of the underlying system
OTHER_FILTERS="-F path=/sbin/pam_timestamp_check -F perm=x"
AUID_FILTERS="-F auid&gt;=1000 -F auid!=unset"
SYSCALL=""
KEY="privileged"
SYSCALL_GROUPING=""


ACTION_ARCH_FILTERS="-a always,exit"
# Perform the remediation for both possible tools: 'auditctl' and 'augenrules'
unset syscall_a
unset syscall_grouping
unset syscall_string
unset syscall
unset file_to_edit
unset rule_to_edit
unset rule_syscalls_to_edit
unset other_string
unset auid_string
unset full_rule

# Load macro arguments into arrays
read -a syscall_a &lt;&lt;&lt; $SYSCALL
read -a syscall_grouping &lt;&lt;&lt; $SYSCALL_GROUPING

# Create a list of audit *.rules files that should be inspected for presence and correctness
# of a particular audit rule. The scheme is as follows:
#
# -----------------------------------------------------------------------------------------
#  Tool used to load audit rules | Rule already defined  |  Audit rules file to inspect    |
# -----------------------------------------------------------------------------------------
#        auditctl                |     Doesn't matter    |  /etc/audit/audit.rules         |
# -----------------------------------------------------------------------------------------
#        augenrules              |          Yes          |  /etc/audit/rules.d/*.rules     |
#        augenrules              |          No           |  /etc/audit/rules.d/$key.rules  |
# -----------------------------------------------------------------------------------------
#
files_to_inspect=()

# If audit tool is 'augenrules', then check if the audit rule is defined
# If rule is defined, add '/etc/audit/rules.d/*.rules' to the list for inspection
# If rule isn't defined yet, add '/etc/audit/rules.d/$key.rules' to the list for inspection
default_file="/etc/audit/rules.d/$KEY.rules"
# As other_filters may include paths, lets use a different delimiter for it
# The "F" script expression tells sed to print the filenames where the expressions matched
readarray -t files_to_inspect &lt; &lt;(sed -s -n -e "/^$ACTION_ARCH_FILTERS/!d" -e "\#$OTHER_FILTERS#!d" -e "/$AUID_FILTERS/!d" -e "F" /etc/audit/rules.d/*.rules)
# Case when particular rule isn't defined in /etc/audit/rules.d/*.rules yet
if [ ${#files_to_inspect[@]} -eq "0" ]
then
    file_to_inspect="/etc/audit/rules.d/$KEY.rules"
    files_to_inspect=("$file_to_inspect")
    if [ ! -e "$file_to_inspect" ]
    then
        touch "$file_to_inspect"
        chmod 0600 "$file_to_inspect"
    fi
fi

# After converting to jinja, we cannot return; therefore we skip the rest of the macro if needed instead
skip=1

for audit_file in "${files_to_inspect[@]}"
do
    # Filter existing $audit_file rules' definitions to select those that satisfy the rule pattern,
    # i.e, collect rules that match:
    # * the action, list and arch, (2-nd argument)
    # * the other filters, (3-rd argument)
    # * the auid filters, (4-rd argument)
    readarray -t similar_rules &lt; &lt;(sed -e "/^$ACTION_ARCH_FILTERS/!d"  -e "\#$OTHER_FILTERS#!d" -e "/$AUID_FILTERS/!d" "$audit_file")

    candidate_rules=()
    # Filter out rules that have more fields then required. This will remove rules more specific than the required scope
    for s_rule in "${similar_rules[@]}"
    do
        # Strip all the options and fields we know of,
        # than check if there was any field left over
        extra_fields=$(sed -E -e "s/^$ACTION_ARCH_FILTERS//"  -e "s#$OTHER_FILTERS##" -e "s/$AUID_FILTERS//" -e "s/((:?-S [[:alnum:],]+)+)//g" -e "s/-F key=\w+|-k \w+//"&lt;&lt;&lt; "$s_rule")
        grep -q -- "-F" &lt;&lt;&lt; "$extra_fields" || candidate_rules+=("$s_rule")
    done

    if [[ ${#syscall_a[@]} -ge 1 ]]
    then
        # Check if the syscall we want is present in any of the similar existing rules
        for rule in "${candidate_rules[@]}"
        do
            rule_syscalls=$(echo "$rule" | grep -o -P '(-S [\w,]+)+' | xargs)
            all_syscalls_found=0
            for syscall in "${syscall_a[@]}"
            do
                grep -q -- "\b${syscall}\b" &lt;&lt;&lt; "$rule_syscalls" || {
                   # A syscall was not found in the candidate rule
                   all_syscalls_found=1
                   }
            done
            if [[ $all_syscalls_found -eq 0 ]]
            then
                # We found a rule with all the syscall(s) we want; skip rest of macro
                skip=0
                break
            fi

            # Check if this rule can be grouped with our target syscall and keep track of it
            for syscall_g in "${syscall_grouping[@]}"
            do
                if grep -q -- "\b${syscall_g}\b" &lt;&lt;&lt; "$rule_syscalls"
                then
                    file_to_edit=${audit_file}
                    rule_to_edit=${rule}
                    rule_syscalls_to_edit=${rule_syscalls}
                fi
            done
        done
    else
        # If there is any candidate rule, it is compliant; skip rest of macro
        if [ "${#candidate_rules[@]}" -gt 0 ]
        then
            skip=0
        fi
    fi

    if [ "$skip" -eq 0 ]; then
        break
    fi
done

if [ "$skip" -ne 0 ]; then
    # We checked all rules that matched the expected resemblance pattern (action, arch &amp; auid)
    # At this point we know if we need to either append the $full_rule or group
    # the syscall together with an exsiting rule

    # Append the full_rule if it cannot be grouped to any other rule
    if [ -z ${rule_to_edit+x} ]
    then
        # Build full_rule while avoid adding double spaces when other_filters is empty
        if [ "${#syscall_a[@]}" -gt 0 ]
        then
            syscall_string=""
            for syscall in "${syscall_a[@]}"
            do
                syscall_string+=" -S $syscall"
            done
        fi
        other_string=$([[ $OTHER_FILTERS ]] &amp;&amp; echo " $OTHER_FILTERS") || /bin/true
        auid_string=$([[ $AUID_FILTERS ]] &amp;&amp; echo " $AUID_FILTERS") || /bin/true
        full_rule="$ACTION_ARCH_FILTERS${syscall_string}${other_string}${auid_string} -F key=$KEY" || /bin/true
        echo "$full_rule" &gt;&gt; "$default_file"
        chmod 0600 ${default_file}
    else
        # Check if the syscalls are declared as a comma separated list or
        # as multiple -S parameters
        if grep -q -- "," &lt;&lt;&lt; "${rule_syscalls_to_edit}"
        then
            delimiter=","
        else
            delimiter=" -S "
        fi
        new_grouped_syscalls="${rule_syscalls_to_edit}"
        for syscall in "${syscall_a[@]}"
        do
            grep -q -- "\b${syscall}\b" &lt;&lt;&lt; "${rule_syscalls_to_edit}" || {
               # A syscall was not found in the candidate rule
               new_grouped_syscalls+="${delimiter}${syscall}"
               }
        done

        # Group the syscall in the rule
        sed -i -e "\#${rule_to_edit}#s#${rule_syscalls_to_edit}#${new_grouped_syscalls}#" "$file_to_edit"
    fi
fi
unset syscall_a
unset syscall_grouping
unset syscall_string
unset syscall
unset file_to_edit
unset rule_to_edit
unset rule_syscalls_to_edit
unset other_string
unset auid_string
unset full_rule

# Load macro arguments into arrays
read -a syscall_a &lt;&lt;&lt; $SYSCALL
read -a syscall_grouping &lt;&lt;&lt; $SYSCALL_GROUPING

# Create a list of audit *.rules files that should be inspected for presence and correctness
# of a particular audit rule. The scheme is as follows:
#
# -----------------------------------------------------------------------------------------
#  Tool used to load audit rules | Rule already defined  |  Audit rules file to inspect    |
# -----------------------------------------------------------------------------------------
#        auditctl                |     Doesn't matter    |  /etc/audit/audit.rules         |
# -----------------------------------------------------------------------------------------
#        augenrules              |          Yes          |  /etc/audit/rules.d/*.rules     |
#        augenrules              |          No           |  /etc/audit/rules.d/$key.rules  |
# -----------------------------------------------------------------------------------------
#
files_to_inspect=()


# If audit tool is 'auditctl', then add '/etc/audit/audit.rules'
# file to the list of files to be inspected
default_file="/etc/audit/audit.rules"
files_to_inspect+=('/etc/audit/audit.rules' )

# After converting to jinja, we cannot return; therefore we skip the rest of the macro if needed instead
skip=1

for audit_file in "${files_to_inspect[@]}"
do
    # Filter existing $audit_file rules' definitions to select those that satisfy the rule pattern,
    # i.e, collect rules that match:
    # * the action, list and arch, (2-nd argument)
    # * the other filters, (3-rd argument)
    # * the auid filters, (4-rd argument)
    readarray -t similar_rules &lt; &lt;(sed -e "/^$ACTION_ARCH_FILTERS/!d"  -e "\#$OTHER_FILTERS#!d" -e "/$AUID_FILTERS/!d" "$audit_file")

    candidate_rules=()
    # Filter out rules that have more fields then required. This will remove rules more specific than the required scope
    for s_rule in "${similar_rules[@]}"
    do
        # Strip all the options and fields we know of,
        # than check if there was any field left over
        extra_fields=$(sed -E -e "s/^$ACTION_ARCH_FILTERS//"  -e "s#$OTHER_FILTERS##" -e "s/$AUID_FILTERS//" -e "s/((:?-S [[:alnum:],]+)+)//g" -e "s/-F key=\w+|-k \w+//"&lt;&lt;&lt; "$s_rule")
        grep -q -- "-F" &lt;&lt;&lt; "$extra_fields" || candidate_rules+=("$s_rule")
    done

    if [[ ${#syscall_a[@]} -ge 1 ]]
    then
        # Check if the syscall we want is present in any of the similar existing rules
        for rule in "${candidate_rules[@]}"
        do
            rule_syscalls=$(echo "$rule" | grep -o -P '(-S [\w,]+)+' | xargs)
            all_syscalls_found=0
            for syscall in "${syscall_a[@]}"
            do
                grep -q -- "\b${syscall}\b" &lt;&lt;&lt; "$rule_syscalls" || {
                   # A syscall was not found in the candidate rule
                   all_syscalls_found=1
                   }
            done
            if [[ $all_syscalls_found -eq 0 ]]
            then
                # We found a rule with all the syscall(s) we want; skip rest of macro
                skip=0
                break
            fi

            # Check if this rule can be grouped with our target syscall and keep track of it
            for syscall_g in "${syscall_grouping[@]}"
            do
                if grep -q -- "\b${syscall_g}\b" &lt;&lt;&lt; "$rule_syscalls"
                then
                    file_to_edit=${audit_file}
                    rule_to_edit=${rule}
                    rule_syscalls_to_edit=${rule_syscalls}
                fi
            done
        done
    else
        # If there is any candidate rule, it is compliant; skip rest of macro
        if [ "${#candidate_rules[@]}" -gt 0 ]
        then
            skip=0
        fi
    fi

    if [ "$skip" -eq 0 ]; then
        break
    fi
done

if [ "$skip" -ne 0 ]; then
    # We checked all rules that matched the expected resemblance pattern (action, arch &amp; auid)
    # At this point we know if we need to either append the $full_rule or group
    # the syscall together with an exsiting rule

    # Append the full_rule if it cannot be grouped to any other rule
    if [ -z ${rule_to_edit+x} ]
    then
        # Build full_rule while avoid adding double spaces when other_filters is empty
        if [ "${#syscall_a[@]}" -gt 0 ]
        then
            syscall_string=""
            for syscall in "${syscall_a[@]}"
            do
                syscall_string+=" -S $syscall"
            done
        fi
        other_string=$([[ $OTHER_FILTERS ]] &amp;&amp; echo " $OTHER_FILTERS") || /bin/true
        auid_string=$([[ $AUID_FILTERS ]] &amp;&amp; echo " $AUID_FILTERS") || /bin/true
        full_rule="$ACTION_ARCH_FILTERS${syscall_string}${other_string}${auid_string} -F key=$KEY" || /bin/true
        echo "$full_rule" &gt;&gt; "$default_file"
        chmod 0600 ${default_file}
    else
        # Check if the syscalls are declared as a comma separated list or
        # as multiple -S parameters
        if grep -q -- "," &lt;&lt;&lt; "${rule_syscalls_to_edit}"
        then
            delimiter=","
        else
            delimiter=" -S "
        fi
        new_grouped_syscalls="${rule_syscalls_to_edit}"
        for syscall in "${syscall_a[@]}"
        do
            grep -q -- "\b${syscall}\b" &lt;&lt;&lt; "${rule_syscalls_to_edit}" || {
               # A syscall was not found in the candidate rule
               new_grouped_syscalls+="${delimiter}${syscall}"
               }
        done

        # Group the syscall in the rule
        sed -i -e "\#${rule_to_edit}#s#${rule_syscalls_to_edit}#${new_grouped_syscalls}#" "$file_to_edit"
    fi
fi

else
    &gt;&amp;2 echo 'Remediation is not applicable, nothing was done'
fi
</fix>
          <fix xmlns:xhtml="http://www.w3.org/1999/xhtml" id="audit_rules_privileged_commands_pam_timestamp_check" system="urn:xccdf:fix:script:ansible" complexity="low" disruption="low" strategy="restrict">- name: Gather the package facts
  package_facts:
    manager: auto
  tags:
  - CCE-85601-3
  - DISA-STIG-SLES-15-030510
  - NIST-800-171-3.1.7
  - NIST-800-53-AC-6(9)
  - NIST-800-53-AU-12(c)
  - NIST-800-53-AU-2(d)
  - NIST-800-53-CM-6(a)
  - audit_rules_privileged_commands_pam_timestamp_check
  - low_complexity
  - low_disruption
  - medium_severity
  - no_reboot_needed
  - restrict_strategy

- name: Ensure auditd Collects Information on the Use of Privileged Commands - pam_timestamp_check
    - Perform remediation of Audit rules for /sbin/pam_timestamp_check
  block:

  - name: Declare list of syscalls
    ansible.builtin.set_fact:
      syscalls: []
      syscall_grouping: []

  - name: Check existence of  in /etc/audit/rules.d/
    ansible.builtin.find:
      paths: /etc/audit/rules.d
      contains: -a always,exit(( -S |,)\w+)*(( -S |,){{ item }})+(( -S |,)\w+)* -F
        path=/sbin/pam_timestamp_check -F perm=x -F auid&gt;=1000 -F auid!=unset (-k\s+|-F\s+key=)\S+\s*$
      patterns: '*.rules'
    register: find_command
    loop: '{{ (syscall_grouping + syscalls) | unique }}'

  - name: Reset syscalls found per file
    ansible.builtin.set_fact:
      syscalls_per_file: {}
      found_paths_dict: {}

  - name: Declare syscalls found per file
    ansible.builtin.set_fact: syscalls_per_file="{{ syscalls_per_file | combine( {item.files[0].path
      :[item.item] + syscalls_per_file.get(item.files[0].path, []) } ) }}"
    loop: '{{ find_command.results | selectattr(''matched'') | list }}'

  - name: Declare files where syscalls were found
    ansible.builtin.set_fact: found_paths="{{ find_command.results | map(attribute='files')
      | flatten | map(attribute='path') | list }}"

  - name: Count occurrences of syscalls in paths
    ansible.builtin.set_fact: found_paths_dict="{{ found_paths_dict | combine({ item:1+found_paths_dict.get(item,
      0) }) }}"
    loop: '{{ find_command.results | map(attribute=''files'') | flatten | map(attribute=''path'')
      | list }}'

  - name: Get path with most syscalls
    ansible.builtin.set_fact: audit_file="{{ (found_paths_dict | dict2items() | sort(attribute='value')
      | last).key }}"
    when: found_paths | length &gt;= 1

  - name: No file with syscall found, set path to /etc/audit/rules.d/privileged.rules
    ansible.builtin.set_fact: audit_file="/etc/audit/rules.d/privileged.rules"
    when: found_paths | length == 0

  - name: Declare found syscalls
    ansible.builtin.set_fact: syscalls_found="{{ find_command.results | selectattr('matched')
      | map(attribute='item') | list }}"

  - name: Declare missing syscalls
    ansible.builtin.set_fact: missing_syscalls="{{ syscalls | difference(syscalls_found)
      }}"

  - name: Replace the audit rule in {{ audit_file }}
    ansible.builtin.lineinfile:
      path: '{{ audit_file }}'
      regexp: (-a always,exit)(?=.*(?:(?:-S |,)(?:{{ syscalls_per_file[audit_file]
        | join("|") }}))\b)((?:( -S |,)\w+)+)( -F path=/sbin/pam_timestamp_check -F
        perm=x -F auid&gt;=1000 -F auid!=unset (?:-k |-F key=)\w+)
      line: \1\2\3{{ missing_syscalls | join("\3") }}\4
      backrefs: true
      state: present
      mode: g-rwx,o-rwx
    when: syscalls_found | length &gt; 0 and missing_syscalls | length &gt; 0

  - name: Add the audit rule to {{ audit_file }}
    ansible.builtin.lineinfile:
      path: '{{ audit_file }}'
      line: -a always,exit{{ syscalls | join(',') }} -F path=/sbin/pam_timestamp_check
        -F perm=x -F auid&gt;=1000 -F auid!=unset -F key=privileged
      create: true
      mode: g-rwx,o-rwx
      state: present
    when: syscalls_found | length == 0

  - name: Declare list of syscalls
    ansible.builtin.set_fact:
      syscalls: []
      syscall_grouping: []

  - name: Check existence of  in /etc/audit/audit.rules
    ansible.builtin.find:
      paths: /etc/audit
      contains: -a always,exit(( -S |,)\w+)*(( -S |,){{ item }})+(( -S |,)\w+)* -F
        path=/sbin/pam_timestamp_check -F perm=x -F auid&gt;=1000 -F auid!=unset (-k\s+|-F\s+key=)\S+\s*$
      patterns: audit.rules
    register: find_command
    loop: '{{ (syscall_grouping + syscalls) | unique }}'

  - name: Set path to /etc/audit/audit.rules
    ansible.builtin.set_fact: audit_file="/etc/audit/audit.rules"

  - name: Declare found syscalls
    ansible.builtin.set_fact: syscalls_found="{{ find_command.results | selectattr('matched')
      | map(attribute='item') | list }}"

  - name: Declare missing syscalls
    ansible.builtin.set_fact: missing_syscalls="{{ syscalls | difference(syscalls_found)
      }}"

  - name: Replace the audit rule in {{ audit_file }}
    ansible.builtin.lineinfile:
      path: '{{ audit_file }}'
      regexp: (-a always,exit)(?=.*(?:(?:-S |,)(?:{{ syscalls_found | join("|") }}))\b)((?:(
        -S |,)\w+)+)( -F path=/sbin/pam_timestamp_check -F perm=x -F auid&gt;=1000 -F
        auid!=unset (?:-k |-F key=)\w+)
      line: \1\2\3{{ missing_syscalls | join("\3") }}\4
      backrefs: true
      state: present
      mode: g-rwx,o-rwx
    when: syscalls_found | length &gt; 0 and missing_syscalls | length &gt; 0

  - name: Add the audit rule to {{ audit_file }}
    ansible.builtin.lineinfile:
      path: '{{ audit_file }}'
      line: -a always,exit{{ syscalls | join(',') }} -F path=/sbin/pam_timestamp_check
        -F perm=x -F auid&gt;=1000 -F auid!=unset -F key=privileged
      create: true
      mode: g-rwx,o-rwx
      state: present
    when: syscalls_found | length == 0
  when:
  - '"audit" in ansible_facts.packages'
  - ("kernel-default" in ansible_facts.packages or "kernel-default-base" in ansible_facts.packages)
  tags:
  - CCE-85601-3
  - DISA-STIG-SLES-15-030510
  - NIST-800-171-3.1.7
  - NIST-800-53-AC-6(9)
  - NIST-800-53-AU-12(c)
  - NIST-800-53-AU-2(d)
  - NIST-800-53-CM-6(a)
  - audit_rules_privileged_commands_pam_timestamp_check
  - low_complexity
  - low_disruption
  - medium_severity
  - no_reboot_needed
  - restrict_strategy
</fix>
          <check system="http://oval.mitre.org/XMLSchema/oval-definitions-5">
            <check-content-ref name="oval:ssg-audit_rules_privileged_commands_pam_timestamp_check:def:1" href="ssg-sle15-oval.xml"/>
          </check>
        </Rule>
        <Rule id="xccdf_org.ssgproject.content_rule_audit_rules_privileged_commands_passmass" selected="false" role="full" severity="medium">
          <title xmlns:xhtml="http://www.w3.org/1999/xhtml" xml:lang="en-US">Ensure auditd Collects Information on the Use of Privileged Commands - passmass</title>
          <description xmlns:xhtml="http://www.w3.org/1999/xhtml" xml:lang="en-US">


At a minimum, the audit system should collect the execution of privileged
commands for all users and root.

If the <html:code xmlns:html="http://www.w3.org/1999/xhtml">auditd</html:code> daemon is configured to use the <html:code xmlns:html="http://www.w3.org/1999/xhtml">augenrules</html:code>
program to read audit rules during daemon startup (the default), add
a line of the following form to a file with suffix <html:code xmlns:html="http://www.w3.org/1999/xhtml">.rules</html:code>
in the directory <html:code xmlns:html="http://www.w3.org/1999/xhtml">/etc/audit/rules.d</html:code>:
<html:pre xmlns:html="http://www.w3.org/1999/xhtml">-a always,exit -F path=/usr/bin/passmass -F perm=x -F auid&gt;=1000 -F auid!=unset -F key=privileged</html:pre>

If the <html:code xmlns:html="http://www.w3.org/1999/xhtml">auditd</html:code> daemon is configured to use the <html:code xmlns:html="http://www.w3.org/1999/xhtml">auditctl</html:code>
utility to read audit rules during daemon startup, add a line of the
following form to <html:code xmlns:html="http://www.w3.org/1999/xhtml">/etc/audit/audit.rules</html:code>:
<html:pre xmlns:html="http://www.w3.org/1999/xhtml">-a always,exit -F path=/usr/bin/passmass -F perm=x -F auid&gt;=1000 -F auid!=unset -F key=privileged</html:pre>
       </description>
          <reference href="https://www.cyber.mil/stigs/downloads/?_dl_facet_stigs=operating-systems%2Cgeneral-purpose-os">SRG-OS-000037-GPOS-00015</reference>
          <reference href="https://www.cyber.mil/stigs/downloads/?_dl_facet_stigs=operating-systems%2Cunix-linux">SLES-15-030490</reference>
          <reference href="https://www.cyber.mil/stigs/srg-stig-tools/">SV-234948r958412_rule</reference>
          <rationale xmlns:xhtml="http://www.w3.org/1999/xhtml" xml:lang="en-US">Misuse of privileged functions, either intentionally or unintentionally by
authorized users, or by unauthorized external entities that have compromised system accounts,
is a serious and ongoing concern and can have significant adverse impacts on organizations.
Auditing the use of privileged functions is one way to detect such misuse and identify
the risk from insider and advanced persistent threats.
<html:br xmlns:html="http://www.w3.org/1999/xhtml"/>
        <html:br xmlns:html="http://www.w3.org/1999/xhtml"/>
Privileged programs are subject to escalation-of-privilege attacks,
which attempt to subvert their normal role of providing some necessary but
limited capability. As such, motivation exists to monitor these programs for
unusual activity.</rationale>
          <ident system="https://ncp.nist.gov/cce">CCE-85599-9</ident>
          <fix xmlns:xhtml="http://www.w3.org/1999/xhtml" id="audit_rules_privileged_commands_passmass" system="urn:xccdf:fix:script:sh"># Remediation is applicable only in certain platforms
if rpm --quiet -q audit &amp;&amp; rpm --quiet -q kernel-default || rpm --quiet -q kernel-default-base; then

# Retrieve hardware architecture of the underlying system
OTHER_FILTERS="-F path=/usr/bin/passmass -F perm=x"
AUID_FILTERS="-F auid&gt;=1000 -F auid!=unset"
SYSCALL=""
KEY="privileged"
SYSCALL_GROUPING=""


ACTION_ARCH_FILTERS="-a always,exit"
# Perform the remediation for both possible tools: 'auditctl' and 'augenrules'
unset syscall_a
unset syscall_grouping
unset syscall_string
unset syscall
unset file_to_edit
unset rule_to_edit
unset rule_syscalls_to_edit
unset other_string
unset auid_string
unset full_rule

# Load macro arguments into arrays
read -a syscall_a &lt;&lt;&lt; $SYSCALL
read -a syscall_grouping &lt;&lt;&lt; $SYSCALL_GROUPING

# Create a list of audit *.rules files that should be inspected for presence and correctness
# of a particular audit rule. The scheme is as follows:
#
# -----------------------------------------------------------------------------------------
#  Tool used to load audit rules | Rule already defined  |  Audit rules file to inspect    |
# -----------------------------------------------------------------------------------------
#        auditctl                |     Doesn't matter    |  /etc/audit/audit.rules         |
# -----------------------------------------------------------------------------------------
#        augenrules              |          Yes          |  /etc/audit/rules.d/*.rules     |
#        augenrules              |          No           |  /etc/audit/rules.d/$key.rules  |
# -----------------------------------------------------------------------------------------
#
files_to_inspect=()

# If audit tool is 'augenrules', then check if the audit rule is defined
# If rule is defined, add '/etc/audit/rules.d/*.rules' to the list for inspection
# If rule isn't defined yet, add '/etc/audit/rules.d/$key.rules' to the list for inspection
default_file="/etc/audit/rules.d/$KEY.rules"
# As other_filters may include paths, lets use a different delimiter for it
# The "F" script expression tells sed to print the filenames where the expressions matched
readarray -t files_to_inspect &lt; &lt;(sed -s -n -e "/^$ACTION_ARCH_FILTERS/!d" -e "\#$OTHER_FILTERS#!d" -e "/$AUID_FILTERS/!d" -e "F" /etc/audit/rules.d/*.rules)
# Case when particular rule isn't defined in /etc/audit/rules.d/*.rules yet
if [ ${#files_to_inspect[@]} -eq "0" ]
then
    file_to_inspect="/etc/audit/rules.d/$KEY.rules"
    files_to_inspect=("$file_to_inspect")
    if [ ! -e "$file_to_inspect" ]
    then
        touch "$file_to_inspect"
        chmod 0600 "$file_to_inspect"
    fi
fi

# After converting to jinja, we cannot return; therefore we skip the rest of the macro if needed instead
skip=1

for audit_file in "${files_to_inspect[@]}"
do
    # Filter existing $audit_file rules' definitions to select those that satisfy the rule pattern,
    # i.e, collect rules that match:
    # * the action, list and arch, (2-nd argument)
    # * the other filters, (3-rd argument)
    # * the auid filters, (4-rd argument)
    readarray -t similar_rules &lt; &lt;(sed -e "/^$ACTION_ARCH_FILTERS/!d"  -e "\#$OTHER_FILTERS#!d" -e "/$AUID_FILTERS/!d" "$audit_file")

    candidate_rules=()
    # Filter out rules that have more fields then required. This will remove rules more specific than the required scope
    for s_rule in "${similar_rules[@]}"
    do
        # Strip all the options and fields we know of,
        # than check if there was any field left over
        extra_fields=$(sed -E -e "s/^$ACTION_ARCH_FILTERS//"  -e "s#$OTHER_FILTERS##" -e "s/$AUID_FILTERS//" -e "s/((:?-S [[:alnum:],]+)+)//g" -e "s/-F key=\w+|-k \w+//"&lt;&lt;&lt; "$s_rule")
        grep -q -- "-F" &lt;&lt;&lt; "$extra_fields" || candidate_rules+=("$s_rule")
    done

    if [[ ${#syscall_a[@]} -ge 1 ]]
    then
        # Check if the syscall we want is present in any of the similar existing rules
        for rule in "${candidate_rules[@]}"
        do
            rule_syscalls=$(echo "$rule" | grep -o -P '(-S [\w,]+)+' | xargs)
            all_syscalls_found=0
            for syscall in "${syscall_a[@]}"
            do
                grep -q -- "\b${syscall}\b" &lt;&lt;&lt; "$rule_syscalls" || {
                   # A syscall was not found in the candidate rule
                   all_syscalls_found=1
                   }
            done
            if [[ $all_syscalls_found -eq 0 ]]
            then
                # We found a rule with all the syscall(s) we want; skip rest of macro
                skip=0
                break
            fi

            # Check if this rule can be grouped with our target syscall and keep track of it
            for syscall_g in "${syscall_grouping[@]}"
            do
                if grep -q -- "\b${syscall_g}\b" &lt;&lt;&lt; "$rule_syscalls"
                then
                    file_to_edit=${audit_file}
                    rule_to_edit=${rule}
                    rule_syscalls_to_edit=${rule_syscalls}
                fi
            done
        done
    else
        # If there is any candidate rule, it is compliant; skip rest of macro
        if [ "${#candidate_rules[@]}" -gt 0 ]
        then
            skip=0
        fi
    fi

    if [ "$skip" -eq 0 ]; then
        break
    fi
done

if [ "$skip" -ne 0 ]; then
    # We checked all rules that matched the expected resemblance pattern (action, arch &amp; auid)
    # At this point we know if we need to either append the $full_rule or group
    # the syscall together with an exsiting rule

    # Append the full_rule if it cannot be grouped to any other rule
    if [ -z ${rule_to_edit+x} ]
    then
        # Build full_rule while avoid adding double spaces when other_filters is empty
        if [ "${#syscall_a[@]}" -gt 0 ]
        then
            syscall_string=""
            for syscall in "${syscall_a[@]}"
            do
                syscall_string+=" -S $syscall"
            done
        fi
        other_string=$([[ $OTHER_FILTERS ]] &amp;&amp; echo " $OTHER_FILTERS") || /bin/true
        auid_string=$([[ $AUID_FILTERS ]] &amp;&amp; echo " $AUID_FILTERS") || /bin/true
        full_rule="$ACTION_ARCH_FILTERS${syscall_string}${other_string}${auid_string} -F key=$KEY" || /bin/true
        echo "$full_rule" &gt;&gt; "$default_file"
        chmod 0600 ${default_file}
    else
        # Check if the syscalls are declared as a comma separated list or
        # as multiple -S parameters
        if grep -q -- "," &lt;&lt;&lt; "${rule_syscalls_to_edit}"
        then
            delimiter=","
        else
            delimiter=" -S "
        fi
        new_grouped_syscalls="${rule_syscalls_to_edit}"
        for syscall in "${syscall_a[@]}"
        do
            grep -q -- "\b${syscall}\b" &lt;&lt;&lt; "${rule_syscalls_to_edit}" || {
               # A syscall was not found in the candidate rule
               new_grouped_syscalls+="${delimiter}${syscall}"
               }
        done

        # Group the syscall in the rule
        sed -i -e "\#${rule_to_edit}#s#${rule_syscalls_to_edit}#${new_grouped_syscalls}#" "$file_to_edit"
    fi
fi
unset syscall_a
unset syscall_grouping
unset syscall_string
unset syscall
unset file_to_edit
unset rule_to_edit
unset rule_syscalls_to_edit
unset other_string
unset auid_string
unset full_rule

# Load macro arguments into arrays
read -a syscall_a &lt;&lt;&lt; $SYSCALL
read -a syscall_grouping &lt;&lt;&lt; $SYSCALL_GROUPING

# Create a list of audit *.rules files that should be inspected for presence and correctness
# of a particular audit rule. The scheme is as follows:
#
# -----------------------------------------------------------------------------------------
#  Tool used to load audit rules | Rule already defined  |  Audit rules file to inspect    |
# -----------------------------------------------------------------------------------------
#        auditctl                |     Doesn't matter    |  /etc/audit/audit.rules         |
# -----------------------------------------------------------------------------------------
#        augenrules              |          Yes          |  /etc/audit/rules.d/*.rules     |
#        augenrules              |          No           |  /etc/audit/rules.d/$key.rules  |
# -----------------------------------------------------------------------------------------
#
files_to_inspect=()


# If audit tool is 'auditctl', then add '/etc/audit/audit.rules'
# file to the list of files to be inspected
default_file="/etc/audit/audit.rules"
files_to_inspect+=('/etc/audit/audit.rules' )

# After converting to jinja, we cannot return; therefore we skip the rest of the macro if needed instead
skip=1

for audit_file in "${files_to_inspect[@]}"
do
    # Filter existing $audit_file rules' definitions to select those that satisfy the rule pattern,
    # i.e, collect rules that match:
    # * the action, list and arch, (2-nd argument)
    # * the other filters, (3-rd argument)
    # * the auid filters, (4-rd argument)
    readarray -t similar_rules &lt; &lt;(sed -e "/^$ACTION_ARCH_FILTERS/!d"  -e "\#$OTHER_FILTERS#!d" -e "/$AUID_FILTERS/!d" "$audit_file")

    candidate_rules=()
    # Filter out rules that have more fields then required. This will remove rules more specific than the required scope
    for s_rule in "${similar_rules[@]}"
    do
        # Strip all the options and fields we know of,
        # than check if there was any field left over
        extra_fields=$(sed -E -e "s/^$ACTION_ARCH_FILTERS//"  -e "s#$OTHER_FILTERS##" -e "s/$AUID_FILTERS//" -e "s/((:?-S [[:alnum:],]+)+)//g" -e "s/-F key=\w+|-k \w+//"&lt;&lt;&lt; "$s_rule")
        grep -q -- "-F" &lt;&lt;&lt; "$extra_fields" || candidate_rules+=("$s_rule")
    done

    if [[ ${#syscall_a[@]} -ge 1 ]]
    then
        # Check if the syscall we want is present in any of the similar existing rules
        for rule in "${candidate_rules[@]}"
        do
            rule_syscalls=$(echo "$rule" | grep -o -P '(-S [\w,]+)+' | xargs)
            all_syscalls_found=0
            for syscall in "${syscall_a[@]}"
            do
                grep -q -- "\b${syscall}\b" &lt;&lt;&lt; "$rule_syscalls" || {
                   # A syscall was not found in the candidate rule
                   all_syscalls_found=1
                   }
            done
            if [[ $all_syscalls_found -eq 0 ]]
            then
                # We found a rule with all the syscall(s) we want; skip rest of macro
                skip=0
                break
            fi

            # Check if this rule can be grouped with our target syscall and keep track of it
            for syscall_g in "${syscall_grouping[@]}"
            do
                if grep -q -- "\b${syscall_g}\b" &lt;&lt;&lt; "$rule_syscalls"
                then
                    file_to_edit=${audit_file}
                    rule_to_edit=${rule}
                    rule_syscalls_to_edit=${rule_syscalls}
                fi
            done
        done
    else
        # If there is any candidate rule, it is compliant; skip rest of macro
        if [ "${#candidate_rules[@]}" -gt 0 ]
        then
            skip=0
        fi
    fi

    if [ "$skip" -eq 0 ]; then
        break
    fi
done

if [ "$skip" -ne 0 ]; then
    # We checked all rules that matched the expected resemblance pattern (action, arch &amp; auid)
    # At this point we know if we need to either append the $full_rule or group
    # the syscall together with an exsiting rule

    # Append the full_rule if it cannot be grouped to any other rule
    if [ -z ${rule_to_edit+x} ]
    then
        # Build full_rule while avoid adding double spaces when other_filters is empty
        if [ "${#syscall_a[@]}" -gt 0 ]
        then
            syscall_string=""
            for syscall in "${syscall_a[@]}"
            do
                syscall_string+=" -S $syscall"
            done
        fi
        other_string=$([[ $OTHER_FILTERS ]] &amp;&amp; echo " $OTHER_FILTERS") || /bin/true
        auid_string=$([[ $AUID_FILTERS ]] &amp;&amp; echo " $AUID_FILTERS") || /bin/true
        full_rule="$ACTION_ARCH_FILTERS${syscall_string}${other_string}${auid_string} -F key=$KEY" || /bin/true
        echo "$full_rule" &gt;&gt; "$default_file"
        chmod 0600 ${default_file}
    else
        # Check if the syscalls are declared as a comma separated list or
        # as multiple -S parameters
        if grep -q -- "," &lt;&lt;&lt; "${rule_syscalls_to_edit}"
        then
            delimiter=","
        else
            delimiter=" -S "
        fi
        new_grouped_syscalls="${rule_syscalls_to_edit}"
        for syscall in "${syscall_a[@]}"
        do
            grep -q -- "\b${syscall}\b" &lt;&lt;&lt; "${rule_syscalls_to_edit}" || {
               # A syscall was not found in the candidate rule
               new_grouped_syscalls+="${delimiter}${syscall}"
               }
        done

        # Group the syscall in the rule
        sed -i -e "\#${rule_to_edit}#s#${rule_syscalls_to_edit}#${new_grouped_syscalls}#" "$file_to_edit"
    fi
fi

else
    &gt;&amp;2 echo 'Remediation is not applicable, nothing was done'
fi
</fix>
          <fix xmlns:xhtml="http://www.w3.org/1999/xhtml" id="audit_rules_privileged_commands_passmass" system="urn:xccdf:fix:script:ansible" complexity="low" disruption="low" strategy="restrict">- name: Gather the package facts
  package_facts:
    manager: auto
  tags:
  - CCE-85599-9
  - DISA-STIG-SLES-15-030490
  - audit_rules_privileged_commands_passmass
  - low_complexity
  - low_disruption
  - medium_severity
  - no_reboot_needed
  - restrict_strategy

- name: Ensure auditd Collects Information on the Use of Privileged Commands - passmass
    - Perform remediation of Audit rules for /usr/bin/passmass
  block:

  - name: Declare list of syscalls
    ansible.builtin.set_fact:
      syscalls: []
      syscall_grouping: []

  - name: Check existence of  in /etc/audit/rules.d/
    ansible.builtin.find:
      paths: /etc/audit/rules.d
      contains: -a always,exit(( -S |,)\w+)*(( -S |,){{ item }})+(( -S |,)\w+)* -F
        path=/usr/bin/passmass -F perm=x -F auid&gt;=1000 -F auid!=unset (-k\s+|-F\s+key=)\S+\s*$
      patterns: '*.rules'
    register: find_command
    loop: '{{ (syscall_grouping + syscalls) | unique }}'

  - name: Reset syscalls found per file
    ansible.builtin.set_fact:
      syscalls_per_file: {}
      found_paths_dict: {}

  - name: Declare syscalls found per file
    ansible.builtin.set_fact: syscalls_per_file="{{ syscalls_per_file | combine( {item.files[0].path
      :[item.item] + syscalls_per_file.get(item.files[0].path, []) } ) }}"
    loop: '{{ find_command.results | selectattr(''matched'') | list }}'

  - name: Declare files where syscalls were found
    ansible.builtin.set_fact: found_paths="{{ find_command.results | map(attribute='files')
      | flatten | map(attribute='path') | list }}"

  - name: Count occurrences of syscalls in paths
    ansible.builtin.set_fact: found_paths_dict="{{ found_paths_dict | combine({ item:1+found_paths_dict.get(item,
      0) }) }}"
    loop: '{{ find_command.results | map(attribute=''files'') | flatten | map(attribute=''path'')
      | list }}'

  - name: Get path with most syscalls
    ansible.builtin.set_fact: audit_file="{{ (found_paths_dict | dict2items() | sort(attribute='value')
      | last).key }}"
    when: found_paths | length &gt;= 1

  - name: No file with syscall found, set path to /etc/audit/rules.d/privileged.rules
    ansible.builtin.set_fact: audit_file="/etc/audit/rules.d/privileged.rules"
    when: found_paths | length == 0

  - name: Declare found syscalls
    ansible.builtin.set_fact: syscalls_found="{{ find_command.results | selectattr('matched')
      | map(attribute='item') | list }}"

  - name: Declare missing syscalls
    ansible.builtin.set_fact: missing_syscalls="{{ syscalls | difference(syscalls_found)
      }}"

  - name: Replace the audit rule in {{ audit_file }}
    ansible.builtin.lineinfile:
      path: '{{ audit_file }}'
      regexp: (-a always,exit)(?=.*(?:(?:-S |,)(?:{{ syscalls_per_file[audit_file]
        | join("|") }}))\b)((?:( -S |,)\w+)+)( -F path=/usr/bin/passmass -F perm=x
        -F auid&gt;=1000 -F auid!=unset (?:-k |-F key=)\w+)
      line: \1\2\3{{ missing_syscalls | join("\3") }}\4
      backrefs: true
      state: present
      mode: g-rwx,o-rwx
    when: syscalls_found | length &gt; 0 and missing_syscalls | length &gt; 0

  - name: Add the audit rule to {{ audit_file }}
    ansible.builtin.lineinfile:
      path: '{{ audit_file }}'
      line: -a always,exit{{ syscalls | join(',') }} -F path=/usr/bin/passmass -F
        perm=x -F auid&gt;=1000 -F auid!=unset -F key=privileged
      create: true
      mode: g-rwx,o-rwx
      state: present
    when: syscalls_found | length == 0

  - name: Declare list of syscalls
    ansible.builtin.set_fact:
      syscalls: []
      syscall_grouping: []

  - name: Check existence of  in /etc/audit/audit.rules
    ansible.builtin.find:
      paths: /etc/audit
      contains: -a always,exit(( -S |,)\w+)*(( -S |,){{ item }})+(( -S |,)\w+)* -F
        path=/usr/bin/passmass -F perm=x -F auid&gt;=1000 -F auid!=unset (-k\s+|-F\s+key=)\S+\s*$
      patterns: audit.rules
    register: find_command
    loop: '{{ (syscall_grouping + syscalls) | unique }}'

  - name: Set path to /etc/audit/audit.rules
    ansible.builtin.set_fact: audit_file="/etc/audit/audit.rules"

  - name: Declare found syscalls
    ansible.builtin.set_fact: syscalls_found="{{ find_command.results | selectattr('matched')
      | map(attribute='item') | list }}"

  - name: Declare missing syscalls
    ansible.builtin.set_fact: missing_syscalls="{{ syscalls | difference(syscalls_found)
      }}"

  - name: Replace the audit rule in {{ audit_file }}
    ansible.builtin.lineinfile:
      path: '{{ audit_file }}'
      regexp: (-a always,exit)(?=.*(?:(?:-S |,)(?:{{ syscalls_found | join("|") }}))\b)((?:(
        -S |,)\w+)+)( -F path=/usr/bin/passmass -F perm=x -F auid&gt;=1000 -F auid!=unset
        (?:-k |-F key=)\w+)
      line: \1\2\3{{ missing_syscalls | join("\3") }}\4
      backrefs: true
      state: present
      mode: g-rwx,o-rwx
    when: syscalls_found | length &gt; 0 and missing_syscalls | length &gt; 0

  - name: Add the audit rule to {{ audit_file }}
    ansible.builtin.lineinfile:
      path: '{{ audit_file }}'
      line: -a always,exit{{ syscalls | join(',') }} -F path=/usr/bin/passmass -F
        perm=x -F auid&gt;=1000 -F auid!=unset -F key=privileged
      create: true
      mode: g-rwx,o-rwx
      state: present
    when: syscalls_found | length == 0
  when:
  - '"audit" in ansible_facts.packages'
  - ("kernel-default" in ansible_facts.packages or "kernel-default-base" in ansible_facts.packages)
  tags:
  - CCE-85599-9
  - DISA-STIG-SLES-15-030490
  - audit_rules_privileged_commands_passmass
  - low_complexity
  - low_disruption
  - medium_severity
  - no_reboot_needed
  - restrict_strategy
</fix>
          <check system="http://oval.mitre.org/XMLSchema/oval-definitions-5">
            <check-content-ref name="oval:ssg-audit_rules_privileged_commands_passmass:def:1" href="ssg-sle15-oval.xml"/>
          </check>
          <check system="http://scap.nist.gov/schema/ocil/2">
            <check-content-ref name="ocil:ssg-audit_rules_privileged_commands_passmass_ocil:questionnaire:1" href="ssg-sle15-ocil.xml"/>
          </check>
        </Rule>
        <Rule id="xccdf_org.ssgproject.content_rule_audit_rules_privileged_commands_passwd" selected="false" role="full" severity="medium">
          <title xmlns:xhtml="http://www.w3.org/1999/xhtml" xml:lang="en-US">Ensure auditd Collects Information on the Use of Privileged Commands - passwd</title>
          <description xmlns:xhtml="http://www.w3.org/1999/xhtml" xml:lang="en-US">


At a minimum, the audit system should collect the execution of privileged
commands for all users and root.

If the <html:code xmlns:html="http://www.w3.org/1999/xhtml">auditd</html:code> daemon is configured to use the <html:code xmlns:html="http://www.w3.org/1999/xhtml">augenrules</html:code>
program to read audit rules during daemon startup (the default), add
a line of the following form to a file with suffix <html:code xmlns:html="http://www.w3.org/1999/xhtml">.rules</html:code>
in the directory <html:code xmlns:html="http://www.w3.org/1999/xhtml">/etc/audit/rules.d</html:code>:
<html:pre xmlns:html="http://www.w3.org/1999/xhtml">-a always,exit -F path=/usr/bin/passwd -F perm=x -F auid&gt;=1000 -F auid!=unset -F key=privileged</html:pre>

If the <html:code xmlns:html="http://www.w3.org/1999/xhtml">auditd</html:code> daemon is configured to use the <html:code xmlns:html="http://www.w3.org/1999/xhtml">auditctl</html:code>
utility to read audit rules during daemon startup, add a line of the
following form to <html:code xmlns:html="http://www.w3.org/1999/xhtml">/etc/audit/audit.rules</html:code>:
<html:pre xmlns:html="http://www.w3.org/1999/xhtml">-a always,exit -F path=/usr/bin/passwd -F perm=x -F auid&gt;=1000 -F auid!=unset -F key=privileged</html:pre>
       </description>
          <reference href="https://www.cisecurity.org/controls/">1</reference>
          <reference href="https://www.cisecurity.org/controls/">12</reference>
          <reference href="https://www.cisecurity.org/controls/">13</reference>
          <reference href="https://www.cisecurity.org/controls/">14</reference>
          <reference href="https://www.cisecurity.org/controls/">15</reference>
          <reference href="https://www.cisecurity.org/controls/">16</reference>
          <reference href="https://www.cisecurity.org/controls/">2</reference>
          <reference href="https://www.cisecurity.org/controls/">3</reference>
          <reference href="https://www.cisecurity.org/controls/">5</reference>
          <reference href="https://www.cisecurity.org/controls/">6</reference>
          <reference href="https://www.cisecurity.org/controls/">7</reference>
          <reference href="https://www.cisecurity.org/controls/">8</reference>
          <reference href="https://www.cisecurity.org/controls/">9</reference>
          <reference href="https://www.isaca.org/resources/cobit">APO10.01</reference>
          <reference href="https://www.isaca.org/resources/cobit">APO10.03</reference>
          <reference href="https://www.isaca.org/resources/cobit">APO10.04</reference>
          <reference href="https://www.isaca.org/resources/cobit">APO10.05</reference>
          <reference href="https://www.isaca.org/resources/cobit">APO11.04</reference>
          <reference href="https://www.isaca.org/resources/cobit">BAI03.05</reference>
          <reference href="https://www.isaca.org/resources/cobit">DSS01.03</reference>
          <reference href="https://www.isaca.org/resources/cobit">DSS03.05</reference>
          <reference href="https://www.isaca.org/resources/cobit">DSS05.02</reference>
          <reference href="https://www.isaca.org/resources/cobit">DSS05.04</reference>
          <reference href="https://www.isaca.org/resources/cobit">DSS05.05</reference>
          <reference href="https://www.isaca.org/resources/cobit">DSS05.07</reference>
          <reference href="https://www.isaca.org/resources/cobit">MEA01.01</reference>
          <reference href="https://www.isaca.org/resources/cobit">MEA01.02</reference>
          <reference href="https://www.isaca.org/resources/cobit">MEA01.03</reference>
          <reference href="https://www.isaca.org/resources/cobit">MEA01.04</reference>
          <reference href="https://www.isaca.org/resources/cobit">MEA01.05</reference>
          <reference href="https://www.isaca.org/resources/cobit">MEA02.01</reference>
          <reference href="http://nvlpubs.nist.gov/nistpubs/SpecialPublications/NIST.SP.800-171.pdf">3.1.7</reference>
          <reference href="https://www.gpo.gov/fdsys/pkg/CFR-2007-title45-vol1/pdf/CFR-2007-title45-vol1-chapA-subchapC.pdf">164.308(a)(1)(ii)(D)</reference>
          <reference href="https://www.gpo.gov/fdsys/pkg/CFR-2007-title45-vol1/pdf/CFR-2007-title45-vol1-chapA-subchapC.pdf">164.308(a)(3)(ii)(A)</reference>
          <reference href="https://www.gpo.gov/fdsys/pkg/CFR-2007-title45-vol1/pdf/CFR-2007-title45-vol1-chapA-subchapC.pdf">164.308(a)(5)(ii)(C)</reference>
          <reference href="https://www.gpo.gov/fdsys/pkg/CFR-2007-title45-vol1/pdf/CFR-2007-title45-vol1-chapA-subchapC.pdf">164.312(a)(2)(i)</reference>
          <reference href="https://www.gpo.gov/fdsys/pkg/CFR-2007-title45-vol1/pdf/CFR-2007-title45-vol1-chapA-subchapC.pdf">164.312(b)</reference>
          <reference href="https://www.gpo.gov/fdsys/pkg/CFR-2007-title45-vol1/pdf/CFR-2007-title45-vol1-chapA-subchapC.pdf">164.312(d)</reference>
          <reference href="https://www.gpo.gov/fdsys/pkg/CFR-2007-title45-vol1/pdf/CFR-2007-title45-vol1-chapA-subchapC.pdf">164.312(e)</reference>
          <reference href="https://www.isa.org/products/isa-62443-2-1-2009-security-for-industrial-automat">4.3.2.6.7</reference>
          <reference href="https://www.isa.org/products/isa-62443-2-1-2009-security-for-industrial-automat">4.3.3.3.9</reference>
          <reference href="https://www.isa.org/products/isa-62443-2-1-2009-security-for-industrial-automat">4.3.3.5.8</reference>
          <reference href="https://www.isa.org/products/isa-62443-2-1-2009-security-for-industrial-automat">4.3.4.4.7</reference>
          <reference href="https://www.isa.org/products/isa-62443-2-1-2009-security-for-industrial-automat">4.4.2.1</reference>
          <reference href="https://www.isa.org/products/isa-62443-2-1-2009-security-for-industrial-automat">4.4.2.2</reference>
          <reference href="https://www.isa.org/products/isa-62443-2-1-2009-security-for-industrial-automat">4.4.2.4</reference>
          <reference href="https://www.isa.org/products/ansi-isa-62443-3-3-99-03-03-2013-security-for-indu">SR 2.10</reference>
          <reference href="https://www.isa.org/products/ansi-isa-62443-3-3-99-03-03-2013-security-for-indu">SR 2.11</reference>
          <reference href="https://www.isa.org/products/ansi-isa-62443-3-3-99-03-03-2013-security-for-indu">SR 2.12</reference>
          <reference href="https://www.isa.org/products/ansi-isa-62443-3-3-99-03-03-2013-security-for-indu">SR 2.8</reference>
          <reference href="https://www.isa.org/products/ansi-isa-62443-3-3-99-03-03-2013-security-for-indu">SR 2.9</reference>
          <reference href="https://www.isa.org/products/ansi-isa-62443-3-3-99-03-03-2013-security-for-indu">SR 6.1</reference>
          <reference href="https://www.isa.org/products/ansi-isa-62443-3-3-99-03-03-2013-security-for-indu">SR 6.2</reference>
          <reference href="https://www.iso.org/contents/data/standard/05/45/54534.html">A.12.4.1</reference>
          <reference href="https://www.iso.org/contents/data/standard/05/45/54534.html">A.12.4.2</reference>
          <reference href="https://www.iso.org/contents/data/standard/05/45/54534.html">A.12.4.3</reference>
          <reference href="https://www.iso.org/contents/data/standard/05/45/54534.html">A.12.4.4</reference>
          <reference href="https://www.iso.org/contents/data/standard/05/45/54534.html">A.12.7.1</reference>
          <reference href="https://www.iso.org/contents/data/standard/05/45/54534.html">A.14.2.7</reference>
          <reference href="https://www.iso.org/contents/data/standard/05/45/54534.html">A.15.2.1</reference>
          <reference href="https://www.iso.org/contents/data/standard/05/45/54534.html">A.15.2.2</reference>
          <reference href="https://www.nerc.com/standards/reliability-standards/cip">CIP-004-6 R2.2.2</reference>
          <reference href="https://www.nerc.com/standards/reliability-standards/cip">CIP-004-6 R2.2.3</reference>
          <reference href="https://www.nerc.com/standards/reliability-standards/cip">CIP-007-3 R.1.3</reference>
          <reference href="https://www.nerc.com/standards/reliability-standards/cip">CIP-007-3 R5</reference>
          <reference href="https://www.nerc.com/standards/reliability-standards/cip">CIP-007-3 R5.1.1</reference>
          <reference href="https://www.nerc.com/standards/reliability-standards/cip">CIP-007-3 R5.1.3</reference>
          <reference href="https://www.nerc.com/standards/reliability-standards/cip">CIP-007-3 R5.2.1</reference>
          <reference href="https://www.nerc.com/standards/reliability-standards/cip">CIP-007-3 R5.2.3</reference>
          <reference href="http://nvlpubs.nist.gov/nistpubs/SpecialPublications/NIST.SP.800-53r4.pdf">AC-2(4)</reference>
          <reference href="http://nvlpubs.nist.gov/nistpubs/SpecialPublications/NIST.SP.800-53r4.pdf">AU-2(d)</reference>
          <reference href="http://nvlpubs.nist.gov/nistpubs/SpecialPublications/NIST.SP.800-53r4.pdf">AU-12(c)</reference>
          <reference href="http://nvlpubs.nist.gov/nistpubs/SpecialPublications/NIST.SP.800-53r4.pdf">AC-6(9)</reference>
          <reference href="http://nvlpubs.nist.gov/nistpubs/SpecialPublications/NIST.SP.800-53r4.pdf">CM-6(a)</reference>
          <reference href="https://nvlpubs.nist.gov/nistpubs/CSWP/NIST.CSWP.04162018.pdf">DE.CM-1</reference>
          <reference href="https://nvlpubs.nist.gov/nistpubs/CSWP/NIST.CSWP.04162018.pdf">DE.CM-3</reference>
          <reference href="https://nvlpubs.nist.gov/nistpubs/CSWP/NIST.CSWP.04162018.pdf">DE.CM-7</reference>
          <reference href="https://nvlpubs.nist.gov/nistpubs/CSWP/NIST.CSWP.04162018.pdf">ID.SC-4</reference>
          <reference href="https://nvlpubs.nist.gov/nistpubs/CSWP/NIST.CSWP.04162018.pdf">PR.PT-1</reference>
          <reference href="https://www.cyber.mil/stigs/downloads/?_dl_facet_stigs=operating-systems%2Cgeneral-purpose-os">SRG-OS-000037-GPOS-00015</reference>
          <reference href="https://www.cyber.mil/stigs/downloads/?_dl_facet_stigs=operating-systems%2Cgeneral-purpose-os">SRG-OS-000042-GPOS-00020</reference>
          <reference href="https://www.cyber.mil/stigs/downloads/?_dl_facet_stigs=operating-systems%2Cgeneral-purpose-os">SRG-OS-000062-GPOS-00031</reference>
          <reference href="https://www.cyber.mil/stigs/downloads/?_dl_facet_stigs=operating-systems%2Cgeneral-purpose-os">SRG-OS-000392-GPOS-00172</reference>
          <reference href="https://www.cyber.mil/stigs/downloads/?_dl_facet_stigs=operating-systems%2Cgeneral-purpose-os">SRG-OS-000462-GPOS-00206</reference>
          <reference href="https://www.cyber.mil/stigs/downloads/?_dl_facet_stigs=operating-systems%2Cgeneral-purpose-os">SRG-OS-000471-GPOS-00215</reference>
          <reference href="https://www.cyber.mil/stigs/downloads/?_dl_facet_stigs=app-security">SRG-APP-000029-CTR-000085</reference>
          <reference href="https://www.cyber.mil/stigs/downloads/?_dl_facet_stigs=app-security">SRG-APP-000495-CTR-001235</reference>
          <reference href="https://www.cyber.mil/stigs/downloads/?_dl_facet_stigs=operating-systems%2Cunix-linux">SLES-15-030070</reference>
          <reference href="https://www.cyber.mil/stigs/srg-stig-tools/">SV-234906r958412_rule</reference>
          <rationale xmlns:xhtml="http://www.w3.org/1999/xhtml" xml:lang="en-US">Misuse of privileged functions, either intentionally or unintentionally by
authorized users, or by unauthorized external entities that have compromised system accounts,
is a serious and ongoing concern and can have significant adverse impacts on organizations.
Auditing the use of privileged functions is one way to detect such misuse and identify
the risk from insider and advanced persistent threats.
<html:br xmlns:html="http://www.w3.org/1999/xhtml"/>
        <html:br xmlns:html="http://www.w3.org/1999/xhtml"/>
Privileged programs are subject to escalation-of-privilege attacks,
which attempt to subvert their normal role of providing some necessary but
limited capability. As such, motivation exists to monitor these programs for
unusual activity.</rationale>
          <ident system="https://ncp.nist.gov/cce">CCE-85583-3</ident>
          <fix xmlns:xhtml="http://www.w3.org/1999/xhtml" id="audit_rules_privileged_commands_passwd" system="urn:xccdf:fix:script:sh"># Remediation is applicable only in certain platforms
if rpm --quiet -q audit &amp;&amp; rpm --quiet -q kernel-default || rpm --quiet -q kernel-default-base; then

# Retrieve hardware architecture of the underlying system
OTHER_FILTERS="-F path=/usr/bin/passwd -F perm=x"
AUID_FILTERS="-F auid&gt;=1000 -F auid!=unset"
SYSCALL=""
KEY="privileged"
SYSCALL_GROUPING=""


ACTION_ARCH_FILTERS="-a always,exit"
# Perform the remediation for both possible tools: 'auditctl' and 'augenrules'
unset syscall_a
unset syscall_grouping
unset syscall_string
unset syscall
unset file_to_edit
unset rule_to_edit
unset rule_syscalls_to_edit
unset other_string
unset auid_string
unset full_rule

# Load macro arguments into arrays
read -a syscall_a &lt;&lt;&lt; $SYSCALL
read -a syscall_grouping &lt;&lt;&lt; $SYSCALL_GROUPING

# Create a list of audit *.rules files that should be inspected for presence and correctness
# of a particular audit rule. The scheme is as follows:
#
# -----------------------------------------------------------------------------------------
#  Tool used to load audit rules | Rule already defined  |  Audit rules file to inspect    |
# -----------------------------------------------------------------------------------------
#        auditctl                |     Doesn't matter    |  /etc/audit/audit.rules         |
# -----------------------------------------------------------------------------------------
#        augenrules              |          Yes          |  /etc/audit/rules.d/*.rules     |
#        augenrules              |          No           |  /etc/audit/rules.d/$key.rules  |
# -----------------------------------------------------------------------------------------
#
files_to_inspect=()

# If audit tool is 'augenrules', then check if the audit rule is defined
# If rule is defined, add '/etc/audit/rules.d/*.rules' to the list for inspection
# If rule isn't defined yet, add '/etc/audit/rules.d/$key.rules' to the list for inspection
default_file="/etc/audit/rules.d/$KEY.rules"
# As other_filters may include paths, lets use a different delimiter for it
# The "F" script expression tells sed to print the filenames where the expressions matched
readarray -t files_to_inspect &lt; &lt;(sed -s -n -e "/^$ACTION_ARCH_FILTERS/!d" -e "\#$OTHER_FILTERS#!d" -e "/$AUID_FILTERS/!d" -e "F" /etc/audit/rules.d/*.rules)
# Case when particular rule isn't defined in /etc/audit/rules.d/*.rules yet
if [ ${#files_to_inspect[@]} -eq "0" ]
then
    file_to_inspect="/etc/audit/rules.d/$KEY.rules"
    files_to_inspect=("$file_to_inspect")
    if [ ! -e "$file_to_inspect" ]
    then
        touch "$file_to_inspect"
        chmod 0600 "$file_to_inspect"
    fi
fi

# After converting to jinja, we cannot return; therefore we skip the rest of the macro if needed instead
skip=1

for audit_file in "${files_to_inspect[@]}"
do
    # Filter existing $audit_file rules' definitions to select those that satisfy the rule pattern,
    # i.e, collect rules that match:
    # * the action, list and arch, (2-nd argument)
    # * the other filters, (3-rd argument)
    # * the auid filters, (4-rd argument)
    readarray -t similar_rules &lt; &lt;(sed -e "/^$ACTION_ARCH_FILTERS/!d"  -e "\#$OTHER_FILTERS#!d" -e "/$AUID_FILTERS/!d" "$audit_file")

    candidate_rules=()
    # Filter out rules that have more fields then required. This will remove rules more specific than the required scope
    for s_rule in "${similar_rules[@]}"
    do
        # Strip all the options and fields we know of,
        # than check if there was any field left over
        extra_fields=$(sed -E -e "s/^$ACTION_ARCH_FILTERS//"  -e "s#$OTHER_FILTERS##" -e "s/$AUID_FILTERS//" -e "s/((:?-S [[:alnum:],]+)+)//g" -e "s/-F key=\w+|-k \w+//"&lt;&lt;&lt; "$s_rule")
        grep -q -- "-F" &lt;&lt;&lt; "$extra_fields" || candidate_rules+=("$s_rule")
    done

    if [[ ${#syscall_a[@]} -ge 1 ]]
    then
        # Check if the syscall we want is present in any of the similar existing rules
        for rule in "${candidate_rules[@]}"
        do
            rule_syscalls=$(echo "$rule" | grep -o -P '(-S [\w,]+)+' | xargs)
            all_syscalls_found=0
            for syscall in "${syscall_a[@]}"
            do
                grep -q -- "\b${syscall}\b" &lt;&lt;&lt; "$rule_syscalls" || {
                   # A syscall was not found in the candidate rule
                   all_syscalls_found=1
                   }
            done
            if [[ $all_syscalls_found -eq 0 ]]
            then
                # We found a rule with all the syscall(s) we want; skip rest of macro
                skip=0
                break
            fi

            # Check if this rule can be grouped with our target syscall and keep track of it
            for syscall_g in "${syscall_grouping[@]}"
            do
                if grep -q -- "\b${syscall_g}\b" &lt;&lt;&lt; "$rule_syscalls"
                then
                    file_to_edit=${audit_file}
                    rule_to_edit=${rule}
                    rule_syscalls_to_edit=${rule_syscalls}
                fi
            done
        done
    else
        # If there is any candidate rule, it is compliant; skip rest of macro
        if [ "${#candidate_rules[@]}" -gt 0 ]
        then
            skip=0
        fi
    fi

    if [ "$skip" -eq 0 ]; then
        break
    fi
done

if [ "$skip" -ne 0 ]; then
    # We checked all rules that matched the expected resemblance pattern (action, arch &amp; auid)
    # At this point we know if we need to either append the $full_rule or group
    # the syscall together with an exsiting rule

    # Append the full_rule if it cannot be grouped to any other rule
    if [ -z ${rule_to_edit+x} ]
    then
        # Build full_rule while avoid adding double spaces when other_filters is empty
        if [ "${#syscall_a[@]}" -gt 0 ]
        then
            syscall_string=""
            for syscall in "${syscall_a[@]}"
            do
                syscall_string+=" -S $syscall"
            done
        fi
        other_string=$([[ $OTHER_FILTERS ]] &amp;&amp; echo " $OTHER_FILTERS") || /bin/true
        auid_string=$([[ $AUID_FILTERS ]] &amp;&amp; echo " $AUID_FILTERS") || /bin/true
        full_rule="$ACTION_ARCH_FILTERS${syscall_string}${other_string}${auid_string} -F key=$KEY" || /bin/true
        echo "$full_rule" &gt;&gt; "$default_file"
        chmod 0600 ${default_file}
    else
        # Check if the syscalls are declared as a comma separated list or
        # as multiple -S parameters
        if grep -q -- "," &lt;&lt;&lt; "${rule_syscalls_to_edit}"
        then
            delimiter=","
        else
            delimiter=" -S "
        fi
        new_grouped_syscalls="${rule_syscalls_to_edit}"
        for syscall in "${syscall_a[@]}"
        do
            grep -q -- "\b${syscall}\b" &lt;&lt;&lt; "${rule_syscalls_to_edit}" || {
               # A syscall was not found in the candidate rule
               new_grouped_syscalls+="${delimiter}${syscall}"
               }
        done

        # Group the syscall in the rule
        sed -i -e "\#${rule_to_edit}#s#${rule_syscalls_to_edit}#${new_grouped_syscalls}#" "$file_to_edit"
    fi
fi
unset syscall_a
unset syscall_grouping
unset syscall_string
unset syscall
unset file_to_edit
unset rule_to_edit
unset rule_syscalls_to_edit
unset other_string
unset auid_string
unset full_rule

# Load macro arguments into arrays
read -a syscall_a &lt;&lt;&lt; $SYSCALL
read -a syscall_grouping &lt;&lt;&lt; $SYSCALL_GROUPING

# Create a list of audit *.rules files that should be inspected for presence and correctness
# of a particular audit rule. The scheme is as follows:
#
# -----------------------------------------------------------------------------------------
#  Tool used to load audit rules | Rule already defined  |  Audit rules file to inspect    |
# -----------------------------------------------------------------------------------------
#        auditctl                |     Doesn't matter    |  /etc/audit/audit.rules         |
# -----------------------------------------------------------------------------------------
#        augenrules              |          Yes          |  /etc/audit/rules.d/*.rules     |
#        augenrules              |          No           |  /etc/audit/rules.d/$key.rules  |
# -----------------------------------------------------------------------------------------
#
files_to_inspect=()


# If audit tool is 'auditctl', then add '/etc/audit/audit.rules'
# file to the list of files to be inspected
default_file="/etc/audit/audit.rules"
files_to_inspect+=('/etc/audit/audit.rules' )

# After converting to jinja, we cannot return; therefore we skip the rest of the macro if needed instead
skip=1

for audit_file in "${files_to_inspect[@]}"
do
    # Filter existing $audit_file rules' definitions to select those that satisfy the rule pattern,
    # i.e, collect rules that match:
    # * the action, list and arch, (2-nd argument)
    # * the other filters, (3-rd argument)
    # * the auid filters, (4-rd argument)
    readarray -t similar_rules &lt; &lt;(sed -e "/^$ACTION_ARCH_FILTERS/!d"  -e "\#$OTHER_FILTERS#!d" -e "/$AUID_FILTERS/!d" "$audit_file")

    candidate_rules=()
    # Filter out rules that have more fields then required. This will remove rules more specific than the required scope
    for s_rule in "${similar_rules[@]}"
    do
        # Strip all the options and fields we know of,
        # than check if there was any field left over
        extra_fields=$(sed -E -e "s/^$ACTION_ARCH_FILTERS//"  -e "s#$OTHER_FILTERS##" -e "s/$AUID_FILTERS//" -e "s/((:?-S [[:alnum:],]+)+)//g" -e "s/-F key=\w+|-k \w+//"&lt;&lt;&lt; "$s_rule")
        grep -q -- "-F" &lt;&lt;&lt; "$extra_fields" || candidate_rules+=("$s_rule")
    done

    if [[ ${#syscall_a[@]} -ge 1 ]]
    then
        # Check if the syscall we want is present in any of the similar existing rules
        for rule in "${candidate_rules[@]}"
        do
            rule_syscalls=$(echo "$rule" | grep -o -P '(-S [\w,]+)+' | xargs)
            all_syscalls_found=0
            for syscall in "${syscall_a[@]}"
            do
                grep -q -- "\b${syscall}\b" &lt;&lt;&lt; "$rule_syscalls" || {
                   # A syscall was not found in the candidate rule
                   all_syscalls_found=1
                   }
            done
            if [[ $all_syscalls_found -eq 0 ]]
            then
                # We found a rule with all the syscall(s) we want; skip rest of macro
                skip=0
                break
            fi

            # Check if this rule can be grouped with our target syscall and keep track of it
            for syscall_g in "${syscall_grouping[@]}"
            do
                if grep -q -- "\b${syscall_g}\b" &lt;&lt;&lt; "$rule_syscalls"
                then
                    file_to_edit=${audit_file}
                    rule_to_edit=${rule}
                    rule_syscalls_to_edit=${rule_syscalls}
                fi
            done
        done
    else
        # If there is any candidate rule, it is compliant; skip rest of macro
        if [ "${#candidate_rules[@]}" -gt 0 ]
        then
            skip=0
        fi
    fi

    if [ "$skip" -eq 0 ]; then
        break
    fi
done

if [ "$skip" -ne 0 ]; then
    # We checked all rules that matched the expected resemblance pattern (action, arch &amp; auid)
    # At this point we know if we need to either append the $full_rule or group
    # the syscall together with an exsiting rule

    # Append the full_rule if it cannot be grouped to any other rule
    if [ -z ${rule_to_edit+x} ]
    then
        # Build full_rule while avoid adding double spaces when other_filters is empty
        if [ "${#syscall_a[@]}" -gt 0 ]
        then
            syscall_string=""
            for syscall in "${syscall_a[@]}"
            do
                syscall_string+=" -S $syscall"
            done
        fi
        other_string=$([[ $OTHER_FILTERS ]] &amp;&amp; echo " $OTHER_FILTERS") || /bin/true
        auid_string=$([[ $AUID_FILTERS ]] &amp;&amp; echo " $AUID_FILTERS") || /bin/true
        full_rule="$ACTION_ARCH_FILTERS${syscall_string}${other_string}${auid_string} -F key=$KEY" || /bin/true
        echo "$full_rule" &gt;&gt; "$default_file"
        chmod 0600 ${default_file}
    else
        # Check if the syscalls are declared as a comma separated list or
        # as multiple -S parameters
        if grep -q -- "," &lt;&lt;&lt; "${rule_syscalls_to_edit}"
        then
            delimiter=","
        else
            delimiter=" -S "
        fi
        new_grouped_syscalls="${rule_syscalls_to_edit}"
        for syscall in "${syscall_a[@]}"
        do
            grep -q -- "\b${syscall}\b" &lt;&lt;&lt; "${rule_syscalls_to_edit}" || {
               # A syscall was not found in the candidate rule
               new_grouped_syscalls+="${delimiter}${syscall}"
               }
        done

        # Group the syscall in the rule
        sed -i -e "\#${rule_to_edit}#s#${rule_syscalls_to_edit}#${new_grouped_syscalls}#" "$file_to_edit"
    fi
fi

else
    &gt;&amp;2 echo 'Remediation is not applicable, nothing was done'
fi
</fix>
          <fix xmlns:xhtml="http://www.w3.org/1999/xhtml" id="audit_rules_privileged_commands_passwd" system="urn:xccdf:fix:script:ansible" complexity="low" disruption="low" strategy="restrict">- name: Gather the package facts
  package_facts:
    manager: auto
  tags:
  - CCE-85583-3
  - DISA-STIG-SLES-15-030070
  - NIST-800-171-3.1.7
  - NIST-800-53-AC-2(4)
  - NIST-800-53-AC-6(9)
  - NIST-800-53-AU-12(c)
  - NIST-800-53-AU-2(d)
  - NIST-800-53-CM-6(a)
  - audit_rules_privileged_commands_passwd
  - low_complexity
  - low_disruption
  - medium_severity
  - no_reboot_needed
  - restrict_strategy

- name: Ensure auditd Collects Information on the Use of Privileged Commands - passwd
    - Perform remediation of Audit rules for /usr/bin/passwd
  block:

  - name: Declare list of syscalls
    ansible.builtin.set_fact:
      syscalls: []
      syscall_grouping: []

  - name: Check existence of  in /etc/audit/rules.d/
    ansible.builtin.find:
      paths: /etc/audit/rules.d
      contains: -a always,exit(( -S |,)\w+)*(( -S |,){{ item }})+(( -S |,)\w+)* -F
        path=/usr/bin/passwd -F perm=x -F auid&gt;=1000 -F auid!=unset (-k\s+|-F\s+key=)\S+\s*$
      patterns: '*.rules'
    register: find_command
    loop: '{{ (syscall_grouping + syscalls) | unique }}'

  - name: Reset syscalls found per file
    ansible.builtin.set_fact:
      syscalls_per_file: {}
      found_paths_dict: {}

  - name: Declare syscalls found per file
    ansible.builtin.set_fact: syscalls_per_file="{{ syscalls_per_file | combine( {item.files[0].path
      :[item.item] + syscalls_per_file.get(item.files[0].path, []) } ) }}"
    loop: '{{ find_command.results | selectattr(''matched'') | list }}'

  - name: Declare files where syscalls were found
    ansible.builtin.set_fact: found_paths="{{ find_command.results | map(attribute='files')
      | flatten | map(attribute='path') | list }}"

  - name: Count occurrences of syscalls in paths
    ansible.builtin.set_fact: found_paths_dict="{{ found_paths_dict | combine({ item:1+found_paths_dict.get(item,
      0) }) }}"
    loop: '{{ find_command.results | map(attribute=''files'') | flatten | map(attribute=''path'')
      | list }}'

  - name: Get path with most syscalls
    ansible.builtin.set_fact: audit_file="{{ (found_paths_dict | dict2items() | sort(attribute='value')
      | last).key }}"
    when: found_paths | length &gt;= 1

  - name: No file with syscall found, set path to /etc/audit/rules.d/privileged.rules
    ansible.builtin.set_fact: audit_file="/etc/audit/rules.d/privileged.rules"
    when: found_paths | length == 0

  - name: Declare found syscalls
    ansible.builtin.set_fact: syscalls_found="{{ find_command.results | selectattr('matched')
      | map(attribute='item') | list }}"

  - name: Declare missing syscalls
    ansible.builtin.set_fact: missing_syscalls="{{ syscalls | difference(syscalls_found)
      }}"

  - name: Replace the audit rule in {{ audit_file }}
    ansible.builtin.lineinfile:
      path: '{{ audit_file }}'
      regexp: (-a always,exit)(?=.*(?:(?:-S |,)(?:{{ syscalls_per_file[audit_file]
        | join("|") }}))\b)((?:( -S |,)\w+)+)( -F path=/usr/bin/passwd -F perm=x -F
        auid&gt;=1000 -F auid!=unset (?:-k |-F key=)\w+)
      line: \1\2\3{{ missing_syscalls | join("\3") }}\4
      backrefs: true
      state: present
      mode: g-rwx,o-rwx
    when: syscalls_found | length &gt; 0 and missing_syscalls | length &gt; 0

  - name: Add the audit rule to {{ audit_file }}
    ansible.builtin.lineinfile:
      path: '{{ audit_file }}'
      line: -a always,exit{{ syscalls | join(',') }} -F path=/usr/bin/passwd -F perm=x
        -F auid&gt;=1000 -F auid!=unset -F key=privileged
      create: true
      mode: g-rwx,o-rwx
      state: present
    when: syscalls_found | length == 0

  - name: Declare list of syscalls
    ansible.builtin.set_fact:
      syscalls: []
      syscall_grouping: []

  - name: Check existence of  in /etc/audit/audit.rules
    ansible.builtin.find:
      paths: /etc/audit
      contains: -a always,exit(( -S |,)\w+)*(( -S |,){{ item }})+(( -S |,)\w+)* -F
        path=/usr/bin/passwd -F perm=x -F auid&gt;=1000 -F auid!=unset (-k\s+|-F\s+key=)\S+\s*$
      patterns: audit.rules
    register: find_command
    loop: '{{ (syscall_grouping + syscalls) | unique }}'

  - name: Set path to /etc/audit/audit.rules
    ansible.builtin.set_fact: audit_file="/etc/audit/audit.rules"

  - name: Declare found syscalls
    ansible.builtin.set_fact: syscalls_found="{{ find_command.results | selectattr('matched')
      | map(attribute='item') | list }}"

  - name: Declare missing syscalls
    ansible.builtin.set_fact: missing_syscalls="{{ syscalls | difference(syscalls_found)
      }}"

  - name: Replace the audit rule in {{ audit_file }}
    ansible.builtin.lineinfile:
      path: '{{ audit_file }}'
      regexp: (-a always,exit)(?=.*(?:(?:-S |,)(?:{{ syscalls_found | join("|") }}))\b)((?:(
        -S |,)\w+)+)( -F path=/usr/bin/passwd -F perm=x -F auid&gt;=1000 -F auid!=unset
        (?:-k |-F key=)\w+)
      line: \1\2\3{{ missing_syscalls | join("\3") }}\4
      backrefs: true
      state: present
      mode: g-rwx,o-rwx
    when: syscalls_found | length &gt; 0 and missing_syscalls | length &gt; 0

  - name: Add the audit rule to {{ audit_file }}
    ansible.builtin.lineinfile:
      path: '{{ audit_file }}'
      line: -a always,exit{{ syscalls | join(',') }} -F path=/usr/bin/passwd -F perm=x
        -F auid&gt;=1000 -F auid!=unset -F key=privileged
      create: true
      mode: g-rwx,o-rwx
      state: present
    when: syscalls_found | length == 0
  when:
  - '"audit" in ansible_facts.packages'
  - ("kernel-default" in ansible_facts.packages or "kernel-default-base" in ansible_facts.packages)
  tags:
  - CCE-85583-3
  - DISA-STIG-SLES-15-030070
  - NIST-800-171-3.1.7
  - NIST-800-53-AC-2(4)
  - NIST-800-53-AC-6(9)
  - NIST-800-53-AU-12(c)
  - NIST-800-53-AU-2(d)
  - NIST-800-53-CM-6(a)
  - audit_rules_privileged_commands_passwd
  - low_complexity
  - low_disruption
  - medium_severity
  - no_reboot_needed
  - restrict_strategy
</fix>
          <check system="http://oval.mitre.org/XMLSchema/oval-definitions-5">
            <check-content-ref name="oval:ssg-audit_rules_privileged_commands_passwd:def:1" href="ssg-sle15-oval.xml"/>
          </check>
          <check system="http://scap.nist.gov/schema/ocil/2">
            <check-content-ref name="ocil:ssg-audit_rules_privileged_commands_passwd_ocil:questionnaire:1" href="ssg-sle15-ocil.xml"/>
          </check>
        </Rule>
        <Rule id="xccdf_org.ssgproject.content_rule_audit_rules_privileged_commands_postdrop" selected="false" role="full" severity="medium">
          <title xmlns:xhtml="http://www.w3.org/1999/xhtml" xml:lang="en-US">Ensure auditd Collects Information on the Use of Privileged Commands - postdrop</title>
          <description xmlns:xhtml="http://www.w3.org/1999/xhtml" xml:lang="en-US">


At a minimum, the audit system should collect the execution of privileged
commands for all users and root.

If the <html:code xmlns:html="http://www.w3.org/1999/xhtml">auditd</html:code> daemon is configured to use the <html:code xmlns:html="http://www.w3.org/1999/xhtml">augenrules</html:code>
program to read audit rules during daemon startup (the default), add
a line of the following form to a file with suffix <html:code xmlns:html="http://www.w3.org/1999/xhtml">.rules</html:code>
in the directory <html:code xmlns:html="http://www.w3.org/1999/xhtml">/etc/audit/rules.d</html:code>:
<html:pre xmlns:html="http://www.w3.org/1999/xhtml">-a always,exit -F path=/usr/sbin/postdrop -F perm=x -F auid&gt;=1000 -F auid!=unset -F key=privileged</html:pre>

If the <html:code xmlns:html="http://www.w3.org/1999/xhtml">auditd</html:code> daemon is configured to use the <html:code xmlns:html="http://www.w3.org/1999/xhtml">auditctl</html:code>
utility to read audit rules during daemon startup, add a line of the
following form to <html:code xmlns:html="http://www.w3.org/1999/xhtml">/etc/audit/audit.rules</html:code>:
<html:pre xmlns:html="http://www.w3.org/1999/xhtml">-a always,exit -F path=/usr/sbin/postdrop -F perm=x -F auid&gt;=1000 -F auid!=unset -F key=privileged</html:pre>
       </description>
          <reference href="https://www.cisecurity.org/controls/">1</reference>
          <reference href="https://www.cisecurity.org/controls/">12</reference>
          <reference href="https://www.cisecurity.org/controls/">13</reference>
          <reference href="https://www.cisecurity.org/controls/">14</reference>
          <reference href="https://www.cisecurity.org/controls/">15</reference>
          <reference href="https://www.cisecurity.org/controls/">16</reference>
          <reference href="https://www.cisecurity.org/controls/">2</reference>
          <reference href="https://www.cisecurity.org/controls/">3</reference>
          <reference href="https://www.cisecurity.org/controls/">5</reference>
          <reference href="https://www.cisecurity.org/controls/">6</reference>
          <reference href="https://www.cisecurity.org/controls/">7</reference>
          <reference href="https://www.cisecurity.org/controls/">8</reference>
          <reference href="https://www.cisecurity.org/controls/">9</reference>
          <reference href="https://www.isaca.org/resources/cobit">APO10.01</reference>
          <reference href="https://www.isaca.org/resources/cobit">APO10.03</reference>
          <reference href="https://www.isaca.org/resources/cobit">APO10.04</reference>
          <reference href="https://www.isaca.org/resources/cobit">APO10.05</reference>
          <reference href="https://www.isaca.org/resources/cobit">APO11.04</reference>
          <reference href="https://www.isaca.org/resources/cobit">BAI03.05</reference>
          <reference href="https://www.isaca.org/resources/cobit">DSS01.03</reference>
          <reference href="https://www.isaca.org/resources/cobit">DSS03.05</reference>
          <reference href="https://www.isaca.org/resources/cobit">DSS05.02</reference>
          <reference href="https://www.isaca.org/resources/cobit">DSS05.04</reference>
          <reference href="https://www.isaca.org/resources/cobit">DSS05.05</reference>
          <reference href="https://www.isaca.org/resources/cobit">DSS05.07</reference>
          <reference href="https://www.isaca.org/resources/cobit">MEA01.01</reference>
          <reference href="https://www.isaca.org/resources/cobit">MEA01.02</reference>
          <reference href="https://www.isaca.org/resources/cobit">MEA01.03</reference>
          <reference href="https://www.isaca.org/resources/cobit">MEA01.04</reference>
          <reference href="https://www.isaca.org/resources/cobit">MEA01.05</reference>
          <reference href="https://www.isaca.org/resources/cobit">MEA02.01</reference>
          <reference href="http://nvlpubs.nist.gov/nistpubs/SpecialPublications/NIST.SP.800-171.pdf">3.1.7</reference>
          <reference href="https://www.gpo.gov/fdsys/pkg/CFR-2007-title45-vol1/pdf/CFR-2007-title45-vol1-chapA-subchapC.pdf">164.308(a)(1)(ii)(D)</reference>
          <reference href="https://www.gpo.gov/fdsys/pkg/CFR-2007-title45-vol1/pdf/CFR-2007-title45-vol1-chapA-subchapC.pdf">164.308(a)(3)(ii)(A)</reference>
          <reference href="https://www.gpo.gov/fdsys/pkg/CFR-2007-title45-vol1/pdf/CFR-2007-title45-vol1-chapA-subchapC.pdf">164.308(a)(5)(ii)(C)</reference>
          <reference href="https://www.gpo.gov/fdsys/pkg/CFR-2007-title45-vol1/pdf/CFR-2007-title45-vol1-chapA-subchapC.pdf">164.312(a)(2)(i)</reference>
          <reference href="https://www.gpo.gov/fdsys/pkg/CFR-2007-title45-vol1/pdf/CFR-2007-title45-vol1-chapA-subchapC.pdf">164.312(b)</reference>
          <reference href="https://www.gpo.gov/fdsys/pkg/CFR-2007-title45-vol1/pdf/CFR-2007-title45-vol1-chapA-subchapC.pdf">164.312(d)</reference>
          <reference href="https://www.gpo.gov/fdsys/pkg/CFR-2007-title45-vol1/pdf/CFR-2007-title45-vol1-chapA-subchapC.pdf">164.312(e)</reference>
          <reference href="https://www.isa.org/products/isa-62443-2-1-2009-security-for-industrial-automat">4.3.2.6.7</reference>
          <reference href="https://www.isa.org/products/isa-62443-2-1-2009-security-for-industrial-automat">4.3.3.3.9</reference>
          <reference href="https://www.isa.org/products/isa-62443-2-1-2009-security-for-industrial-automat">4.3.3.5.8</reference>
          <reference href="https://www.isa.org/products/isa-62443-2-1-2009-security-for-industrial-automat">4.3.4.4.7</reference>
          <reference href="https://www.isa.org/products/isa-62443-2-1-2009-security-for-industrial-automat">4.4.2.1</reference>
          <reference href="https://www.isa.org/products/isa-62443-2-1-2009-security-for-industrial-automat">4.4.2.2</reference>
          <reference href="https://www.isa.org/products/isa-62443-2-1-2009-security-for-industrial-automat">4.4.2.4</reference>
          <reference href="https://www.isa.org/products/ansi-isa-62443-3-3-99-03-03-2013-security-for-indu">SR 2.10</reference>
          <reference href="https://www.isa.org/products/ansi-isa-62443-3-3-99-03-03-2013-security-for-indu">SR 2.11</reference>
          <reference href="https://www.isa.org/products/ansi-isa-62443-3-3-99-03-03-2013-security-for-indu">SR 2.12</reference>
          <reference href="https://www.isa.org/products/ansi-isa-62443-3-3-99-03-03-2013-security-for-indu">SR 2.8</reference>
          <reference href="https://www.isa.org/products/ansi-isa-62443-3-3-99-03-03-2013-security-for-indu">SR 2.9</reference>
          <reference href="https://www.isa.org/products/ansi-isa-62443-3-3-99-03-03-2013-security-for-indu">SR 6.1</reference>
          <reference href="https://www.isa.org/products/ansi-isa-62443-3-3-99-03-03-2013-security-for-indu">SR 6.2</reference>
          <reference href="https://www.iso.org/contents/data/standard/05/45/54534.html">A.12.4.1</reference>
          <reference href="https://www.iso.org/contents/data/standard/05/45/54534.html">A.12.4.2</reference>
          <reference href="https://www.iso.org/contents/data/standard/05/45/54534.html">A.12.4.3</reference>
          <reference href="https://www.iso.org/contents/data/standard/05/45/54534.html">A.12.4.4</reference>
          <reference href="https://www.iso.org/contents/data/standard/05/45/54534.html">A.12.7.1</reference>
          <reference href="https://www.iso.org/contents/data/standard/05/45/54534.html">A.14.2.7</reference>
          <reference href="https://www.iso.org/contents/data/standard/05/45/54534.html">A.15.2.1</reference>
          <reference href="https://www.iso.org/contents/data/standard/05/45/54534.html">A.15.2.2</reference>
          <reference href="http://nvlpubs.nist.gov/nistpubs/SpecialPublications/NIST.SP.800-53r4.pdf">AU-2(d)</reference>
          <reference href="http://nvlpubs.nist.gov/nistpubs/SpecialPublications/NIST.SP.800-53r4.pdf">AU-12(c)</reference>
          <reference href="http://nvlpubs.nist.gov/nistpubs/SpecialPublications/NIST.SP.800-53r4.pdf">AC-6(9)</reference>
          <reference href="http://nvlpubs.nist.gov/nistpubs/SpecialPublications/NIST.SP.800-53r4.pdf">CM-6(a)</reference>
          <reference href="https://nvlpubs.nist.gov/nistpubs/CSWP/NIST.CSWP.04162018.pdf">DE.CM-1</reference>
          <reference href="https://nvlpubs.nist.gov/nistpubs/CSWP/NIST.CSWP.04162018.pdf">DE.CM-3</reference>
          <reference href="https://nvlpubs.nist.gov/nistpubs/CSWP/NIST.CSWP.04162018.pdf">DE.CM-7</reference>
          <reference href="https://nvlpubs.nist.gov/nistpubs/CSWP/NIST.CSWP.04162018.pdf">ID.SC-4</reference>
          <reference href="https://nvlpubs.nist.gov/nistpubs/CSWP/NIST.CSWP.04162018.pdf">PR.PT-1</reference>
          <reference href="https://www.cyber.mil/stigs/downloads/?_dl_facet_stigs=operating-systems%2Cgeneral-purpose-os">SRG-OS-000037-GPOS-00015</reference>
          <reference href="https://www.cyber.mil/stigs/downloads/?_dl_facet_stigs=operating-systems%2Cgeneral-purpose-os">SRG-OS-000042-GPOS-00020</reference>
          <reference href="https://www.cyber.mil/stigs/downloads/?_dl_facet_stigs=operating-systems%2Cgeneral-purpose-os">SRG-OS-000062-GPOS-00031</reference>
          <reference href="https://www.cyber.mil/stigs/downloads/?_dl_facet_stigs=operating-systems%2Cgeneral-purpose-os">SRG-OS-000392-GPOS-00172</reference>
          <reference href="https://www.cyber.mil/stigs/downloads/?_dl_facet_stigs=operating-systems%2Cgeneral-purpose-os">SRG-OS-000462-GPOS-00206</reference>
          <reference href="https://www.cyber.mil/stigs/downloads/?_dl_facet_stigs=operating-systems%2Cgeneral-purpose-os">SRG-OS-000471-GPOS-00215</reference>
          <reference href="https://www.cyber.mil/stigs/downloads/?_dl_facet_stigs=app-security">SRG-APP-000495-CTR-001235</reference>
          <rationale xmlns:xhtml="http://www.w3.org/1999/xhtml" xml:lang="en-US">Misuse of privileged functions, either intentionally or unintentionally by
authorized users, or by unauthorized external entities that have compromised system accounts,
is a serious and ongoing concern and can have significant adverse impacts on organizations.
Auditing the use of privileged functions is one way to detect such misuse and identify
the risk from insider and advanced persistent threats.
<html:br xmlns:html="http://www.w3.org/1999/xhtml"/>
        <html:br xmlns:html="http://www.w3.org/1999/xhtml"/>
Privileged programs are subject to escalation-of-privilege attacks,
which attempt to subvert their normal role of providing some necessary but
limited capability. As such, motivation exists to monitor these programs for
unusual activity.</rationale>
          <ident system="https://ncp.nist.gov/cce">CCE-85820-9</ident>
          <fix xmlns:xhtml="http://www.w3.org/1999/xhtml" id="audit_rules_privileged_commands_postdrop" system="urn:xccdf:fix:script:sh"># Remediation is applicable only in certain platforms
if rpm --quiet -q audit &amp;&amp; rpm --quiet -q kernel-default || rpm --quiet -q kernel-default-base; then

# Retrieve hardware architecture of the underlying system
OTHER_FILTERS="-F path=/usr/sbin/postdrop -F perm=x"
AUID_FILTERS="-F auid&gt;=1000 -F auid!=unset"
SYSCALL=""
KEY="privileged"
SYSCALL_GROUPING=""


ACTION_ARCH_FILTERS="-a always,exit"
# Perform the remediation for both possible tools: 'auditctl' and 'augenrules'
unset syscall_a
unset syscall_grouping
unset syscall_string
unset syscall
unset file_to_edit
unset rule_to_edit
unset rule_syscalls_to_edit
unset other_string
unset auid_string
unset full_rule

# Load macro arguments into arrays
read -a syscall_a &lt;&lt;&lt; $SYSCALL
read -a syscall_grouping &lt;&lt;&lt; $SYSCALL_GROUPING

# Create a list of audit *.rules files that should be inspected for presence and correctness
# of a particular audit rule. The scheme is as follows:
#
# -----------------------------------------------------------------------------------------
#  Tool used to load audit rules | Rule already defined  |  Audit rules file to inspect    |
# -----------------------------------------------------------------------------------------
#        auditctl                |     Doesn't matter    |  /etc/audit/audit.rules         |
# -----------------------------------------------------------------------------------------
#        augenrules              |          Yes          |  /etc/audit/rules.d/*.rules     |
#        augenrules              |          No           |  /etc/audit/rules.d/$key.rules  |
# -----------------------------------------------------------------------------------------
#
files_to_inspect=()

# If audit tool is 'augenrules', then check if the audit rule is defined
# If rule is defined, add '/etc/audit/rules.d/*.rules' to the list for inspection
# If rule isn't defined yet, add '/etc/audit/rules.d/$key.rules' to the list for inspection
default_file="/etc/audit/rules.d/$KEY.rules"
# As other_filters may include paths, lets use a different delimiter for it
# The "F" script expression tells sed to print the filenames where the expressions matched
readarray -t files_to_inspect &lt; &lt;(sed -s -n -e "/^$ACTION_ARCH_FILTERS/!d" -e "\#$OTHER_FILTERS#!d" -e "/$AUID_FILTERS/!d" -e "F" /etc/audit/rules.d/*.rules)
# Case when particular rule isn't defined in /etc/audit/rules.d/*.rules yet
if [ ${#files_to_inspect[@]} -eq "0" ]
then
    file_to_inspect="/etc/audit/rules.d/$KEY.rules"
    files_to_inspect=("$file_to_inspect")
    if [ ! -e "$file_to_inspect" ]
    then
        touch "$file_to_inspect"
        chmod 0600 "$file_to_inspect"
    fi
fi

# After converting to jinja, we cannot return; therefore we skip the rest of the macro if needed instead
skip=1

for audit_file in "${files_to_inspect[@]}"
do
    # Filter existing $audit_file rules' definitions to select those that satisfy the rule pattern,
    # i.e, collect rules that match:
    # * the action, list and arch, (2-nd argument)
    # * the other filters, (3-rd argument)
    # * the auid filters, (4-rd argument)
    readarray -t similar_rules &lt; &lt;(sed -e "/^$ACTION_ARCH_FILTERS/!d"  -e "\#$OTHER_FILTERS#!d" -e "/$AUID_FILTERS/!d" "$audit_file")

    candidate_rules=()
    # Filter out rules that have more fields then required. This will remove rules more specific than the required scope
    for s_rule in "${similar_rules[@]}"
    do
        # Strip all the options and fields we know of,
        # than check if there was any field left over
        extra_fields=$(sed -E -e "s/^$ACTION_ARCH_FILTERS//"  -e "s#$OTHER_FILTERS##" -e "s/$AUID_FILTERS//" -e "s/((:?-S [[:alnum:],]+)+)//g" -e "s/-F key=\w+|-k \w+//"&lt;&lt;&lt; "$s_rule")
        grep -q -- "-F" &lt;&lt;&lt; "$extra_fields" || candidate_rules+=("$s_rule")
    done

    if [[ ${#syscall_a[@]} -ge 1 ]]
    then
        # Check if the syscall we want is present in any of the similar existing rules
        for rule in "${candidate_rules[@]}"
        do
            rule_syscalls=$(echo "$rule" | grep -o -P '(-S [\w,]+)+' | xargs)
            all_syscalls_found=0
            for syscall in "${syscall_a[@]}"
            do
                grep -q -- "\b${syscall}\b" &lt;&lt;&lt; "$rule_syscalls" || {
                   # A syscall was not found in the candidate rule
                   all_syscalls_found=1
                   }
            done
            if [[ $all_syscalls_found -eq 0 ]]
            then
                # We found a rule with all the syscall(s) we want; skip rest of macro
                skip=0
                break
            fi

            # Check if this rule can be grouped with our target syscall and keep track of it
            for syscall_g in "${syscall_grouping[@]}"
            do
                if grep -q -- "\b${syscall_g}\b" &lt;&lt;&lt; "$rule_syscalls"
                then
                    file_to_edit=${audit_file}
                    rule_to_edit=${rule}
                    rule_syscalls_to_edit=${rule_syscalls}
                fi
            done
        done
    else
        # If there is any candidate rule, it is compliant; skip rest of macro
        if [ "${#candidate_rules[@]}" -gt 0 ]
        then
            skip=0
        fi
    fi

    if [ "$skip" -eq 0 ]; then
        break
    fi
done

if [ "$skip" -ne 0 ]; then
    # We checked all rules that matched the expected resemblance pattern (action, arch &amp; auid)
    # At this point we know if we need to either append the $full_rule or group
    # the syscall together with an exsiting rule

    # Append the full_rule if it cannot be grouped to any other rule
    if [ -z ${rule_to_edit+x} ]
    then
        # Build full_rule while avoid adding double spaces when other_filters is empty
        if [ "${#syscall_a[@]}" -gt 0 ]
        then
            syscall_string=""
            for syscall in "${syscall_a[@]}"
            do
                syscall_string+=" -S $syscall"
            done
        fi
        other_string=$([[ $OTHER_FILTERS ]] &amp;&amp; echo " $OTHER_FILTERS") || /bin/true
        auid_string=$([[ $AUID_FILTERS ]] &amp;&amp; echo " $AUID_FILTERS") || /bin/true
        full_rule="$ACTION_ARCH_FILTERS${syscall_string}${other_string}${auid_string} -F key=$KEY" || /bin/true
        echo "$full_rule" &gt;&gt; "$default_file"
        chmod 0600 ${default_file}
    else
        # Check if the syscalls are declared as a comma separated list or
        # as multiple -S parameters
        if grep -q -- "," &lt;&lt;&lt; "${rule_syscalls_to_edit}"
        then
            delimiter=","
        else
            delimiter=" -S "
        fi
        new_grouped_syscalls="${rule_syscalls_to_edit}"
        for syscall in "${syscall_a[@]}"
        do
            grep -q -- "\b${syscall}\b" &lt;&lt;&lt; "${rule_syscalls_to_edit}" || {
               # A syscall was not found in the candidate rule
               new_grouped_syscalls+="${delimiter}${syscall}"
               }
        done

        # Group the syscall in the rule
        sed -i -e "\#${rule_to_edit}#s#${rule_syscalls_to_edit}#${new_grouped_syscalls}#" "$file_to_edit"
    fi
fi
unset syscall_a
unset syscall_grouping
unset syscall_string
unset syscall
unset file_to_edit
unset rule_to_edit
unset rule_syscalls_to_edit
unset other_string
unset auid_string
unset full_rule

# Load macro arguments into arrays
read -a syscall_a &lt;&lt;&lt; $SYSCALL
read -a syscall_grouping &lt;&lt;&lt; $SYSCALL_GROUPING

# Create a list of audit *.rules files that should be inspected for presence and correctness
# of a particular audit rule. The scheme is as follows:
#
# -----------------------------------------------------------------------------------------
#  Tool used to load audit rules | Rule already defined  |  Audit rules file to inspect    |
# -----------------------------------------------------------------------------------------
#        auditctl                |     Doesn't matter    |  /etc/audit/audit.rules         |
# -----------------------------------------------------------------------------------------
#        augenrules              |          Yes          |  /etc/audit/rules.d/*.rules     |
#        augenrules              |          No           |  /etc/audit/rules.d/$key.rules  |
# -----------------------------------------------------------------------------------------
#
files_to_inspect=()


# If audit tool is 'auditctl', then add '/etc/audit/audit.rules'
# file to the list of files to be inspected
default_file="/etc/audit/audit.rules"
files_to_inspect+=('/etc/audit/audit.rules' )

# After converting to jinja, we cannot return; therefore we skip the rest of the macro if needed instead
skip=1

for audit_file in "${files_to_inspect[@]}"
do
    # Filter existing $audit_file rules' definitions to select those that satisfy the rule pattern,
    # i.e, collect rules that match:
    # * the action, list and arch, (2-nd argument)
    # * the other filters, (3-rd argument)
    # * the auid filters, (4-rd argument)
    readarray -t similar_rules &lt; &lt;(sed -e "/^$ACTION_ARCH_FILTERS/!d"  -e "\#$OTHER_FILTERS#!d" -e "/$AUID_FILTERS/!d" "$audit_file")

    candidate_rules=()
    # Filter out rules that have more fields then required. This will remove rules more specific than the required scope
    for s_rule in "${similar_rules[@]}"
    do
        # Strip all the options and fields we know of,
        # than check if there was any field left over
        extra_fields=$(sed -E -e "s/^$ACTION_ARCH_FILTERS//"  -e "s#$OTHER_FILTERS##" -e "s/$AUID_FILTERS//" -e "s/((:?-S [[:alnum:],]+)+)//g" -e "s/-F key=\w+|-k \w+//"&lt;&lt;&lt; "$s_rule")
        grep -q -- "-F" &lt;&lt;&lt; "$extra_fields" || candidate_rules+=("$s_rule")
    done

    if [[ ${#syscall_a[@]} -ge 1 ]]
    then
        # Check if the syscall we want is present in any of the similar existing rules
        for rule in "${candidate_rules[@]}"
        do
            rule_syscalls=$(echo "$rule" | grep -o -P '(-S [\w,]+)+' | xargs)
            all_syscalls_found=0
            for syscall in "${syscall_a[@]}"
            do
                grep -q -- "\b${syscall}\b" &lt;&lt;&lt; "$rule_syscalls" || {
                   # A syscall was not found in the candidate rule
                   all_syscalls_found=1
                   }
            done
            if [[ $all_syscalls_found -eq 0 ]]
            then
                # We found a rule with all the syscall(s) we want; skip rest of macro
                skip=0
                break
            fi

            # Check if this rule can be grouped with our target syscall and keep track of it
            for syscall_g in "${syscall_grouping[@]}"
            do
                if grep -q -- "\b${syscall_g}\b" &lt;&lt;&lt; "$rule_syscalls"
                then
                    file_to_edit=${audit_file}
                    rule_to_edit=${rule}
                    rule_syscalls_to_edit=${rule_syscalls}
                fi
            done
        done
    else
        # If there is any candidate rule, it is compliant; skip rest of macro
        if [ "${#candidate_rules[@]}" -gt 0 ]
        then
            skip=0
        fi
    fi

    if [ "$skip" -eq 0 ]; then
        break
    fi
done

if [ "$skip" -ne 0 ]; then
    # We checked all rules that matched the expected resemblance pattern (action, arch &amp; auid)
    # At this point we know if we need to either append the $full_rule or group
    # the syscall together with an exsiting rule

    # Append the full_rule if it cannot be grouped to any other rule
    if [ -z ${rule_to_edit+x} ]
    then
        # Build full_rule while avoid adding double spaces when other_filters is empty
        if [ "${#syscall_a[@]}" -gt 0 ]
        then
            syscall_string=""
            for syscall in "${syscall_a[@]}"
            do
                syscall_string+=" -S $syscall"
            done
        fi
        other_string=$([[ $OTHER_FILTERS ]] &amp;&amp; echo " $OTHER_FILTERS") || /bin/true
        auid_string=$([[ $AUID_FILTERS ]] &amp;&amp; echo " $AUID_FILTERS") || /bin/true
        full_rule="$ACTION_ARCH_FILTERS${syscall_string}${other_string}${auid_string} -F key=$KEY" || /bin/true
        echo "$full_rule" &gt;&gt; "$default_file"
        chmod 0600 ${default_file}
    else
        # Check if the syscalls are declared as a comma separated list or
        # as multiple -S parameters
        if grep -q -- "," &lt;&lt;&lt; "${rule_syscalls_to_edit}"
        then
            delimiter=","
        else
            delimiter=" -S "
        fi
        new_grouped_syscalls="${rule_syscalls_to_edit}"
        for syscall in "${syscall_a[@]}"
        do
            grep -q -- "\b${syscall}\b" &lt;&lt;&lt; "${rule_syscalls_to_edit}" || {
               # A syscall was not found in the candidate rule
               new_grouped_syscalls+="${delimiter}${syscall}"
               }
        done

        # Group the syscall in the rule
        sed -i -e "\#${rule_to_edit}#s#${rule_syscalls_to_edit}#${new_grouped_syscalls}#" "$file_to_edit"
    fi
fi

else
    &gt;&amp;2 echo 'Remediation is not applicable, nothing was done'
fi
</fix>
          <fix xmlns:xhtml="http://www.w3.org/1999/xhtml" id="audit_rules_privileged_commands_postdrop" system="urn:xccdf:fix:script:ansible" complexity="low" disruption="low" strategy="restrict">- name: Gather the package facts
  package_facts:
    manager: auto
  tags:
  - CCE-85820-9
  - NIST-800-171-3.1.7
  - NIST-800-53-AC-6(9)
  - NIST-800-53-AU-12(c)
  - NIST-800-53-AU-2(d)
  - NIST-800-53-CM-6(a)
  - audit_rules_privileged_commands_postdrop
  - low_complexity
  - low_disruption
  - medium_severity
  - no_reboot_needed
  - restrict_strategy

- name: Ensure auditd Collects Information on the Use of Privileged Commands - postdrop
    - Perform remediation of Audit rules for /usr/sbin/postdrop
  block:

  - name: Declare list of syscalls
    ansible.builtin.set_fact:
      syscalls: []
      syscall_grouping: []

  - name: Check existence of  in /etc/audit/rules.d/
    ansible.builtin.find:
      paths: /etc/audit/rules.d
      contains: -a always,exit(( -S |,)\w+)*(( -S |,){{ item }})+(( -S |,)\w+)* -F
        path=/usr/sbin/postdrop -F perm=x -F auid&gt;=1000 -F auid!=unset (-k\s+|-F\s+key=)\S+\s*$
      patterns: '*.rules'
    register: find_command
    loop: '{{ (syscall_grouping + syscalls) | unique }}'

  - name: Reset syscalls found per file
    ansible.builtin.set_fact:
      syscalls_per_file: {}
      found_paths_dict: {}

  - name: Declare syscalls found per file
    ansible.builtin.set_fact: syscalls_per_file="{{ syscalls_per_file | combine( {item.files[0].path
      :[item.item] + syscalls_per_file.get(item.files[0].path, []) } ) }}"
    loop: '{{ find_command.results | selectattr(''matched'') | list }}'

  - name: Declare files where syscalls were found
    ansible.builtin.set_fact: found_paths="{{ find_command.results | map(attribute='files')
      | flatten | map(attribute='path') | list }}"

  - name: Count occurrences of syscalls in paths
    ansible.builtin.set_fact: found_paths_dict="{{ found_paths_dict | combine({ item:1+found_paths_dict.get(item,
      0) }) }}"
    loop: '{{ find_command.results | map(attribute=''files'') | flatten | map(attribute=''path'')
      | list }}'

  - name: Get path with most syscalls
    ansible.builtin.set_fact: audit_file="{{ (found_paths_dict | dict2items() | sort(attribute='value')
      | last).key }}"
    when: found_paths | length &gt;= 1

  - name: No file with syscall found, set path to /etc/audit/rules.d/privileged.rules
    ansible.builtin.set_fact: audit_file="/etc/audit/rules.d/privileged.rules"
    when: found_paths | length == 0

  - name: Declare found syscalls
    ansible.builtin.set_fact: syscalls_found="{{ find_command.results | selectattr('matched')
      | map(attribute='item') | list }}"

  - name: Declare missing syscalls
    ansible.builtin.set_fact: missing_syscalls="{{ syscalls | difference(syscalls_found)
      }}"

  - name: Replace the audit rule in {{ audit_file }}
    ansible.builtin.lineinfile:
      path: '{{ audit_file }}'
      regexp: (-a always,exit)(?=.*(?:(?:-S |,)(?:{{ syscalls_per_file[audit_file]
        | join("|") }}))\b)((?:( -S |,)\w+)+)( -F path=/usr/sbin/postdrop -F perm=x
        -F auid&gt;=1000 -F auid!=unset (?:-k |-F key=)\w+)
      line: \1\2\3{{ missing_syscalls | join("\3") }}\4
      backrefs: true
      state: present
      mode: g-rwx,o-rwx
    when: syscalls_found | length &gt; 0 and missing_syscalls | length &gt; 0

  - name: Add the audit rule to {{ audit_file }}
    ansible.builtin.lineinfile:
      path: '{{ audit_file }}'
      line: -a always,exit{{ syscalls | join(',') }} -F path=/usr/sbin/postdrop -F
        perm=x -F auid&gt;=1000 -F auid!=unset -F key=privileged
      create: true
      mode: g-rwx,o-rwx
      state: present
    when: syscalls_found | length == 0

  - name: Declare list of syscalls
    ansible.builtin.set_fact:
      syscalls: []
      syscall_grouping: []

  - name: Check existence of  in /etc/audit/audit.rules
    ansible.builtin.find:
      paths: /etc/audit
      contains: -a always,exit(( -S |,)\w+)*(( -S |,){{ item }})+(( -S |,)\w+)* -F
        path=/usr/sbin/postdrop -F perm=x -F auid&gt;=1000 -F auid!=unset (-k\s+|-F\s+key=)\S+\s*$
      patterns: audit.rules
    register: find_command
    loop: '{{ (syscall_grouping + syscalls) | unique }}'

  - name: Set path to /etc/audit/audit.rules
    ansible.builtin.set_fact: audit_file="/etc/audit/audit.rules"

  - name: Declare found syscalls
    ansible.builtin.set_fact: syscalls_found="{{ find_command.results | selectattr('matched')
      | map(attribute='item') | list }}"

  - name: Declare missing syscalls
    ansible.builtin.set_fact: missing_syscalls="{{ syscalls | difference(syscalls_found)
      }}"

  - name: Replace the audit rule in {{ audit_file }}
    ansible.builtin.lineinfile:
      path: '{{ audit_file }}'
      regexp: (-a always,exit)(?=.*(?:(?:-S |,)(?:{{ syscalls_found | join("|") }}))\b)((?:(
        -S |,)\w+)+)( -F path=/usr/sbin/postdrop -F perm=x -F auid&gt;=1000 -F auid!=unset
        (?:-k |-F key=)\w+)
      line: \1\2\3{{ missing_syscalls | join("\3") }}\4
      backrefs: true
      state: present
      mode: g-rwx,o-rwx
    when: syscalls_found | length &gt; 0 and missing_syscalls | length &gt; 0

  - name: Add the audit rule to {{ audit_file }}
    ansible.builtin.lineinfile:
      path: '{{ audit_file }}'
      line: -a always,exit{{ syscalls | join(',') }} -F path=/usr/sbin/postdrop -F
        perm=x -F auid&gt;=1000 -F auid!=unset -F key=privileged
      create: true
      mode: g-rwx,o-rwx
      state: present
    when: syscalls_found | length == 0
  when:
  - '"audit" in ansible_facts.packages'
  - ("kernel-default" in ansible_facts.packages or "kernel-default-base" in ansible_facts.packages)
  tags:
  - CCE-85820-9
  - NIST-800-171-3.1.7
  - NIST-800-53-AC-6(9)
  - NIST-800-53-AU-12(c)
  - NIST-800-53-AU-2(d)
  - NIST-800-53-CM-6(a)
  - audit_rules_privileged_commands_postdrop
  - low_complexity
  - low_disruption
  - medium_severity
  - no_reboot_needed
  - restrict_strategy
</fix>
          <check system="http://oval.mitre.org/XMLSchema/oval-definitions-5">
            <check-content-ref name="oval:ssg-audit_rules_privileged_commands_postdrop:def:1" href="ssg-sle15-oval.xml"/>
          </check>
          <check system="http://scap.nist.gov/schema/ocil/2">
            <check-content-ref name="ocil:ssg-audit_rules_privileged_commands_postdrop_ocil:questionnaire:1" href="ssg-sle15-ocil.xml"/>
          </check>
        </Rule>
        <Rule id="xccdf_org.ssgproject.content_rule_audit_rules_privileged_commands_postqueue" selected="false" role="full" severity="medium">
          <title xmlns:xhtml="http://www.w3.org/1999/xhtml" xml:lang="en-US">Ensure auditd Collects Information on the Use of Privileged Commands - postqueue</title>
          <description xmlns:xhtml="http://www.w3.org/1999/xhtml" xml:lang="en-US">


At a minimum, the audit system should collect the execution of privileged
commands for all users and root.

If the <html:code xmlns:html="http://www.w3.org/1999/xhtml">auditd</html:code> daemon is configured to use the <html:code xmlns:html="http://www.w3.org/1999/xhtml">augenrules</html:code>
program to read audit rules during daemon startup (the default), add
a line of the following form to a file with suffix <html:code xmlns:html="http://www.w3.org/1999/xhtml">.rules</html:code>
in the directory <html:code xmlns:html="http://www.w3.org/1999/xhtml">/etc/audit/rules.d</html:code>:
<html:pre xmlns:html="http://www.w3.org/1999/xhtml">-a always,exit -F path=/usr/sbin/postqueue -F perm=x -F auid&gt;=1000 -F auid!=unset -F key=privileged</html:pre>

If the <html:code xmlns:html="http://www.w3.org/1999/xhtml">auditd</html:code> daemon is configured to use the <html:code xmlns:html="http://www.w3.org/1999/xhtml">auditctl</html:code>
utility to read audit rules during daemon startup, add a line of the
following form to <html:code xmlns:html="http://www.w3.org/1999/xhtml">/etc/audit/audit.rules</html:code>:
<html:pre xmlns:html="http://www.w3.org/1999/xhtml">-a always,exit -F path=/usr/sbin/postqueue -F perm=x -F auid&gt;=1000 -F auid!=unset -F key=privileged</html:pre>
       </description>
          <reference href="https://www.cisecurity.org/controls/">1</reference>
          <reference href="https://www.cisecurity.org/controls/">12</reference>
          <reference href="https://www.cisecurity.org/controls/">13</reference>
          <reference href="https://www.cisecurity.org/controls/">14</reference>
          <reference href="https://www.cisecurity.org/controls/">15</reference>
          <reference href="https://www.cisecurity.org/controls/">16</reference>
          <reference href="https://www.cisecurity.org/controls/">2</reference>
          <reference href="https://www.cisecurity.org/controls/">3</reference>
          <reference href="https://www.cisecurity.org/controls/">5</reference>
          <reference href="https://www.cisecurity.org/controls/">6</reference>
          <reference href="https://www.cisecurity.org/controls/">7</reference>
          <reference href="https://www.cisecurity.org/controls/">8</reference>
          <reference href="https://www.cisecurity.org/controls/">9</reference>
          <reference href="https://www.isaca.org/resources/cobit">APO10.01</reference>
          <reference href="https://www.isaca.org/resources/cobit">APO10.03</reference>
          <reference href="https://www.isaca.org/resources/cobit">APO10.04</reference>
          <reference href="https://www.isaca.org/resources/cobit">APO10.05</reference>
          <reference href="https://www.isaca.org/resources/cobit">APO11.04</reference>
          <reference href="https://www.isaca.org/resources/cobit">BAI03.05</reference>
          <reference href="https://www.isaca.org/resources/cobit">DSS01.03</reference>
          <reference href="https://www.isaca.org/resources/cobit">DSS03.05</reference>
          <reference href="https://www.isaca.org/resources/cobit">DSS05.02</reference>
          <reference href="https://www.isaca.org/resources/cobit">DSS05.04</reference>
          <reference href="https://www.isaca.org/resources/cobit">DSS05.05</reference>
          <reference href="https://www.isaca.org/resources/cobit">DSS05.07</reference>
          <reference href="https://www.isaca.org/resources/cobit">MEA01.01</reference>
          <reference href="https://www.isaca.org/resources/cobit">MEA01.02</reference>
          <reference href="https://www.isaca.org/resources/cobit">MEA01.03</reference>
          <reference href="https://www.isaca.org/resources/cobit">MEA01.04</reference>
          <reference href="https://www.isaca.org/resources/cobit">MEA01.05</reference>
          <reference href="https://www.isaca.org/resources/cobit">MEA02.01</reference>
          <reference href="http://nvlpubs.nist.gov/nistpubs/SpecialPublications/NIST.SP.800-171.pdf">3.1.7</reference>
          <reference href="https://www.gpo.gov/fdsys/pkg/CFR-2007-title45-vol1/pdf/CFR-2007-title45-vol1-chapA-subchapC.pdf">164.308(a)(1)(ii)(D)</reference>
          <reference href="https://www.gpo.gov/fdsys/pkg/CFR-2007-title45-vol1/pdf/CFR-2007-title45-vol1-chapA-subchapC.pdf">164.308(a)(3)(ii)(A)</reference>
          <reference href="https://www.gpo.gov/fdsys/pkg/CFR-2007-title45-vol1/pdf/CFR-2007-title45-vol1-chapA-subchapC.pdf">164.308(a)(5)(ii)(C)</reference>
          <reference href="https://www.gpo.gov/fdsys/pkg/CFR-2007-title45-vol1/pdf/CFR-2007-title45-vol1-chapA-subchapC.pdf">164.312(a)(2)(i)</reference>
          <reference href="https://www.gpo.gov/fdsys/pkg/CFR-2007-title45-vol1/pdf/CFR-2007-title45-vol1-chapA-subchapC.pdf">164.312(b)</reference>
          <reference href="https://www.gpo.gov/fdsys/pkg/CFR-2007-title45-vol1/pdf/CFR-2007-title45-vol1-chapA-subchapC.pdf">164.312(d)</reference>
          <reference href="https://www.gpo.gov/fdsys/pkg/CFR-2007-title45-vol1/pdf/CFR-2007-title45-vol1-chapA-subchapC.pdf">164.312(e)</reference>
          <reference href="https://www.isa.org/products/isa-62443-2-1-2009-security-for-industrial-automat">4.3.2.6.7</reference>
          <reference href="https://www.isa.org/products/isa-62443-2-1-2009-security-for-industrial-automat">4.3.3.3.9</reference>
          <reference href="https://www.isa.org/products/isa-62443-2-1-2009-security-for-industrial-automat">4.3.3.5.8</reference>
          <reference href="https://www.isa.org/products/isa-62443-2-1-2009-security-for-industrial-automat">4.3.4.4.7</reference>
          <reference href="https://www.isa.org/products/isa-62443-2-1-2009-security-for-industrial-automat">4.4.2.1</reference>
          <reference href="https://www.isa.org/products/isa-62443-2-1-2009-security-for-industrial-automat">4.4.2.2</reference>
          <reference href="https://www.isa.org/products/isa-62443-2-1-2009-security-for-industrial-automat">4.4.2.4</reference>
          <reference href="https://www.isa.org/products/ansi-isa-62443-3-3-99-03-03-2013-security-for-indu">SR 2.10</reference>
          <reference href="https://www.isa.org/products/ansi-isa-62443-3-3-99-03-03-2013-security-for-indu">SR 2.11</reference>
          <reference href="https://www.isa.org/products/ansi-isa-62443-3-3-99-03-03-2013-security-for-indu">SR 2.12</reference>
          <reference href="https://www.isa.org/products/ansi-isa-62443-3-3-99-03-03-2013-security-for-indu">SR 2.8</reference>
          <reference href="https://www.isa.org/products/ansi-isa-62443-3-3-99-03-03-2013-security-for-indu">SR 2.9</reference>
          <reference href="https://www.isa.org/products/ansi-isa-62443-3-3-99-03-03-2013-security-for-indu">SR 6.1</reference>
          <reference href="https://www.isa.org/products/ansi-isa-62443-3-3-99-03-03-2013-security-for-indu">SR 6.2</reference>
          <reference href="https://www.iso.org/contents/data/standard/05/45/54534.html">A.12.4.1</reference>
          <reference href="https://www.iso.org/contents/data/standard/05/45/54534.html">A.12.4.2</reference>
          <reference href="https://www.iso.org/contents/data/standard/05/45/54534.html">A.12.4.3</reference>
          <reference href="https://www.iso.org/contents/data/standard/05/45/54534.html">A.12.4.4</reference>
          <reference href="https://www.iso.org/contents/data/standard/05/45/54534.html">A.12.7.1</reference>
          <reference href="https://www.iso.org/contents/data/standard/05/45/54534.html">A.14.2.7</reference>
          <reference href="https://www.iso.org/contents/data/standard/05/45/54534.html">A.15.2.1</reference>
          <reference href="https://www.iso.org/contents/data/standard/05/45/54534.html">A.15.2.2</reference>
          <reference href="http://nvlpubs.nist.gov/nistpubs/SpecialPublications/NIST.SP.800-53r4.pdf">AU-2(d)</reference>
          <reference href="http://nvlpubs.nist.gov/nistpubs/SpecialPublications/NIST.SP.800-53r4.pdf">AU-12(c)</reference>
          <reference href="http://nvlpubs.nist.gov/nistpubs/SpecialPublications/NIST.SP.800-53r4.pdf">AC-6(9)</reference>
          <reference href="http://nvlpubs.nist.gov/nistpubs/SpecialPublications/NIST.SP.800-53r4.pdf">CM-6(a)</reference>
          <reference href="https://nvlpubs.nist.gov/nistpubs/CSWP/NIST.CSWP.04162018.pdf">DE.CM-1</reference>
          <reference href="https://nvlpubs.nist.gov/nistpubs/CSWP/NIST.CSWP.04162018.pdf">DE.CM-3</reference>
          <reference href="https://nvlpubs.nist.gov/nistpubs/CSWP/NIST.CSWP.04162018.pdf">DE.CM-7</reference>
          <reference href="https://nvlpubs.nist.gov/nistpubs/CSWP/NIST.CSWP.04162018.pdf">ID.SC-4</reference>
          <reference href="https://nvlpubs.nist.gov/nistpubs/CSWP/NIST.CSWP.04162018.pdf">PR.PT-1</reference>
          <reference href="https://www.cyber.mil/stigs/downloads/?_dl_facet_stigs=operating-systems%2Cgeneral-purpose-os">SRG-OS-000037-GPOS-00015</reference>
          <reference href="https://www.cyber.mil/stigs/downloads/?_dl_facet_stigs=operating-systems%2Cgeneral-purpose-os">SRG-OS-000042-GPOS-00020</reference>
          <reference href="https://www.cyber.mil/stigs/downloads/?_dl_facet_stigs=operating-systems%2Cgeneral-purpose-os">SRG-OS-000062-GPOS-00031</reference>
          <reference href="https://www.cyber.mil/stigs/downloads/?_dl_facet_stigs=operating-systems%2Cgeneral-purpose-os">SRG-OS-000392-GPOS-00172</reference>
          <reference href="https://www.cyber.mil/stigs/downloads/?_dl_facet_stigs=operating-systems%2Cgeneral-purpose-os">SRG-OS-000462-GPOS-00206</reference>
          <reference href="https://www.cyber.mil/stigs/downloads/?_dl_facet_stigs=operating-systems%2Cgeneral-purpose-os">SRG-OS-000471-GPOS-00215</reference>
          <reference href="https://www.cyber.mil/stigs/downloads/?_dl_facet_stigs=app-security">SRG-APP-000495-CTR-001235</reference>
          <rationale xmlns:xhtml="http://www.w3.org/1999/xhtml" xml:lang="en-US">Misuse of privileged functions, either intentionally or unintentionally by
authorized users, or by unauthorized external entities that have compromised system accounts,
is a serious and ongoing concern and can have significant adverse impacts on organizations.
Auditing the use of privileged functions is one way to detect such misuse and identify
the risk from insider and advanced persistent threats.
<html:br xmlns:html="http://www.w3.org/1999/xhtml"/>
        <html:br xmlns:html="http://www.w3.org/1999/xhtml"/>
Privileged programs are subject to escalation-of-privilege attacks,
which attempt to subvert their normal role of providing some necessary but
limited capability. As such, motivation exists to monitor these programs for
unusual activity.</rationale>
          <ident system="https://ncp.nist.gov/cce">CCE-85821-7</ident>
          <fix xmlns:xhtml="http://www.w3.org/1999/xhtml" id="audit_rules_privileged_commands_postqueue" system="urn:xccdf:fix:script:sh"># Remediation is applicable only in certain platforms
if rpm --quiet -q audit &amp;&amp; rpm --quiet -q kernel-default || rpm --quiet -q kernel-default-base; then

# Retrieve hardware architecture of the underlying system
OTHER_FILTERS="-F path=/usr/sbin/postqueue -F perm=x"
AUID_FILTERS="-F auid&gt;=1000 -F auid!=unset"
SYSCALL=""
KEY="privileged"
SYSCALL_GROUPING=""


ACTION_ARCH_FILTERS="-a always,exit"
# Perform the remediation for both possible tools: 'auditctl' and 'augenrules'
unset syscall_a
unset syscall_grouping
unset syscall_string
unset syscall
unset file_to_edit
unset rule_to_edit
unset rule_syscalls_to_edit
unset other_string
unset auid_string
unset full_rule

# Load macro arguments into arrays
read -a syscall_a &lt;&lt;&lt; $SYSCALL
read -a syscall_grouping &lt;&lt;&lt; $SYSCALL_GROUPING

# Create a list of audit *.rules files that should be inspected for presence and correctness
# of a particular audit rule. The scheme is as follows:
#
# -----------------------------------------------------------------------------------------
#  Tool used to load audit rules | Rule already defined  |  Audit rules file to inspect    |
# -----------------------------------------------------------------------------------------
#        auditctl                |     Doesn't matter    |  /etc/audit/audit.rules         |
# -----------------------------------------------------------------------------------------
#        augenrules              |          Yes          |  /etc/audit/rules.d/*.rules     |
#        augenrules              |          No           |  /etc/audit/rules.d/$key.rules  |
# -----------------------------------------------------------------------------------------
#
files_to_inspect=()

# If audit tool is 'augenrules', then check if the audit rule is defined
# If rule is defined, add '/etc/audit/rules.d/*.rules' to the list for inspection
# If rule isn't defined yet, add '/etc/audit/rules.d/$key.rules' to the list for inspection
default_file="/etc/audit/rules.d/$KEY.rules"
# As other_filters may include paths, lets use a different delimiter for it
# The "F" script expression tells sed to print the filenames where the expressions matched
readarray -t files_to_inspect &lt; &lt;(sed -s -n -e "/^$ACTION_ARCH_FILTERS/!d" -e "\#$OTHER_FILTERS#!d" -e "/$AUID_FILTERS/!d" -e "F" /etc/audit/rules.d/*.rules)
# Case when particular rule isn't defined in /etc/audit/rules.d/*.rules yet
if [ ${#files_to_inspect[@]} -eq "0" ]
then
    file_to_inspect="/etc/audit/rules.d/$KEY.rules"
    files_to_inspect=("$file_to_inspect")
    if [ ! -e "$file_to_inspect" ]
    then
        touch "$file_to_inspect"
        chmod 0600 "$file_to_inspect"
    fi
fi

# After converting to jinja, we cannot return; therefore we skip the rest of the macro if needed instead
skip=1

for audit_file in "${files_to_inspect[@]}"
do
    # Filter existing $audit_file rules' definitions to select those that satisfy the rule pattern,
    # i.e, collect rules that match:
    # * the action, list and arch, (2-nd argument)
    # * the other filters, (3-rd argument)
    # * the auid filters, (4-rd argument)
    readarray -t similar_rules &lt; &lt;(sed -e "/^$ACTION_ARCH_FILTERS/!d"  -e "\#$OTHER_FILTERS#!d" -e "/$AUID_FILTERS/!d" "$audit_file")

    candidate_rules=()
    # Filter out rules that have more fields then required. This will remove rules more specific than the required scope
    for s_rule in "${similar_rules[@]}"
    do
        # Strip all the options and fields we know of,
        # than check if there was any field left over
        extra_fields=$(sed -E -e "s/^$ACTION_ARCH_FILTERS//"  -e "s#$OTHER_FILTERS##" -e "s/$AUID_FILTERS//" -e "s/((:?-S [[:alnum:],]+)+)//g" -e "s/-F key=\w+|-k \w+//"&lt;&lt;&lt; "$s_rule")
        grep -q -- "-F" &lt;&lt;&lt; "$extra_fields" || candidate_rules+=("$s_rule")
    done

    if [[ ${#syscall_a[@]} -ge 1 ]]
    then
        # Check if the syscall we want is present in any of the similar existing rules
        for rule in "${candidate_rules[@]}"
        do
            rule_syscalls=$(echo "$rule" | grep -o -P '(-S [\w,]+)+' | xargs)
            all_syscalls_found=0
            for syscall in "${syscall_a[@]}"
            do
                grep -q -- "\b${syscall}\b" &lt;&lt;&lt; "$rule_syscalls" || {
                   # A syscall was not found in the candidate rule
                   all_syscalls_found=1
                   }
            done
            if [[ $all_syscalls_found -eq 0 ]]
            then
                # We found a rule with all the syscall(s) we want; skip rest of macro
                skip=0
                break
            fi

            # Check if this rule can be grouped with our target syscall and keep track of it
            for syscall_g in "${syscall_grouping[@]}"
            do
                if grep -q -- "\b${syscall_g}\b" &lt;&lt;&lt; "$rule_syscalls"
                then
                    file_to_edit=${audit_file}
                    rule_to_edit=${rule}
                    rule_syscalls_to_edit=${rule_syscalls}
                fi
            done
        done
    else
        # If there is any candidate rule, it is compliant; skip rest of macro
        if [ "${#candidate_rules[@]}" -gt 0 ]
        then
            skip=0
        fi
    fi

    if [ "$skip" -eq 0 ]; then
        break
    fi
done

if [ "$skip" -ne 0 ]; then
    # We checked all rules that matched the expected resemblance pattern (action, arch &amp; auid)
    # At this point we know if we need to either append the $full_rule or group
    # the syscall together with an exsiting rule

    # Append the full_rule if it cannot be grouped to any other rule
    if [ -z ${rule_to_edit+x} ]
    then
        # Build full_rule while avoid adding double spaces when other_filters is empty
        if [ "${#syscall_a[@]}" -gt 0 ]
        then
            syscall_string=""
            for syscall in "${syscall_a[@]}"
            do
                syscall_string+=" -S $syscall"
            done
        fi
        other_string=$([[ $OTHER_FILTERS ]] &amp;&amp; echo " $OTHER_FILTERS") || /bin/true
        auid_string=$([[ $AUID_FILTERS ]] &amp;&amp; echo " $AUID_FILTERS") || /bin/true
        full_rule="$ACTION_ARCH_FILTERS${syscall_string}${other_string}${auid_string} -F key=$KEY" || /bin/true
        echo "$full_rule" &gt;&gt; "$default_file"
        chmod 0600 ${default_file}
    else
        # Check if the syscalls are declared as a comma separated list or
        # as multiple -S parameters
        if grep -q -- "," &lt;&lt;&lt; "${rule_syscalls_to_edit}"
        then
            delimiter=","
        else
            delimiter=" -S "
        fi
        new_grouped_syscalls="${rule_syscalls_to_edit}"
        for syscall in "${syscall_a[@]}"
        do
            grep -q -- "\b${syscall}\b" &lt;&lt;&lt; "${rule_syscalls_to_edit}" || {
               # A syscall was not found in the candidate rule
               new_grouped_syscalls+="${delimiter}${syscall}"
               }
        done

        # Group the syscall in the rule
        sed -i -e "\#${rule_to_edit}#s#${rule_syscalls_to_edit}#${new_grouped_syscalls}#" "$file_to_edit"
    fi
fi
unset syscall_a
unset syscall_grouping
unset syscall_string
unset syscall
unset file_to_edit
unset rule_to_edit
unset rule_syscalls_to_edit
unset other_string
unset auid_string
unset full_rule

# Load macro arguments into arrays
read -a syscall_a &lt;&lt;&lt; $SYSCALL
read -a syscall_grouping &lt;&lt;&lt; $SYSCALL_GROUPING

# Create a list of audit *.rules files that should be inspected for presence and correctness
# of a particular audit rule. The scheme is as follows:
#
# -----------------------------------------------------------------------------------------
#  Tool used to load audit rules | Rule already defined  |  Audit rules file to inspect    |
# -----------------------------------------------------------------------------------------
#        auditctl                |     Doesn't matter    |  /etc/audit/audit.rules         |
# -----------------------------------------------------------------------------------------
#        augenrules              |          Yes          |  /etc/audit/rules.d/*.rules     |
#        augenrules              |          No           |  /etc/audit/rules.d/$key.rules  |
# -----------------------------------------------------------------------------------------
#
files_to_inspect=()


# If audit tool is 'auditctl', then add '/etc/audit/audit.rules'
# file to the list of files to be inspected
default_file="/etc/audit/audit.rules"
files_to_inspect+=('/etc/audit/audit.rules' )

# After converting to jinja, we cannot return; therefore we skip the rest of the macro if needed instead
skip=1

for audit_file in "${files_to_inspect[@]}"
do
    # Filter existing $audit_file rules' definitions to select those that satisfy the rule pattern,
    # i.e, collect rules that match:
    # * the action, list and arch, (2-nd argument)
    # * the other filters, (3-rd argument)
    # * the auid filters, (4-rd argument)
    readarray -t similar_rules &lt; &lt;(sed -e "/^$ACTION_ARCH_FILTERS/!d"  -e "\#$OTHER_FILTERS#!d" -e "/$AUID_FILTERS/!d" "$audit_file")

    candidate_rules=()
    # Filter out rules that have more fields then required. This will remove rules more specific than the required scope
    for s_rule in "${similar_rules[@]}"
    do
        # Strip all the options and fields we know of,
        # than check if there was any field left over
        extra_fields=$(sed -E -e "s/^$ACTION_ARCH_FILTERS//"  -e "s#$OTHER_FILTERS##" -e "s/$AUID_FILTERS//" -e "s/((:?-S [[:alnum:],]+)+)//g" -e "s/-F key=\w+|-k \w+//"&lt;&lt;&lt; "$s_rule")
        grep -q -- "-F" &lt;&lt;&lt; "$extra_fields" || candidate_rules+=("$s_rule")
    done

    if [[ ${#syscall_a[@]} -ge 1 ]]
    then
        # Check if the syscall we want is present in any of the similar existing rules
        for rule in "${candidate_rules[@]}"
        do
            rule_syscalls=$(echo "$rule" | grep -o -P '(-S [\w,]+)+' | xargs)
            all_syscalls_found=0
            for syscall in "${syscall_a[@]}"
            do
                grep -q -- "\b${syscall}\b" &lt;&lt;&lt; "$rule_syscalls" || {
                   # A syscall was not found in the candidate rule
                   all_syscalls_found=1
                   }
            done
            if [[ $all_syscalls_found -eq 0 ]]
            then
                # We found a rule with all the syscall(s) we want; skip rest of macro
                skip=0
                break
            fi

            # Check if this rule can be grouped with our target syscall and keep track of it
            for syscall_g in "${syscall_grouping[@]}"
            do
                if grep -q -- "\b${syscall_g}\b" &lt;&lt;&lt; "$rule_syscalls"
                then
                    file_to_edit=${audit_file}
                    rule_to_edit=${rule}
                    rule_syscalls_to_edit=${rule_syscalls}
                fi
            done
        done
    else
        # If there is any candidate rule, it is compliant; skip rest of macro
        if [ "${#candidate_rules[@]}" -gt 0 ]
        then
            skip=0
        fi
    fi

    if [ "$skip" -eq 0 ]; then
        break
    fi
done

if [ "$skip" -ne 0 ]; then
    # We checked all rules that matched the expected resemblance pattern (action, arch &amp; auid)
    # At this point we know if we need to either append the $full_rule or group
    # the syscall together with an exsiting rule

    # Append the full_rule if it cannot be grouped to any other rule
    if [ -z ${rule_to_edit+x} ]
    then
        # Build full_rule while avoid adding double spaces when other_filters is empty
        if [ "${#syscall_a[@]}" -gt 0 ]
        then
            syscall_string=""
            for syscall in "${syscall_a[@]}"
            do
                syscall_string+=" -S $syscall"
            done
        fi
        other_string=$([[ $OTHER_FILTERS ]] &amp;&amp; echo " $OTHER_FILTERS") || /bin/true
        auid_string=$([[ $AUID_FILTERS ]] &amp;&amp; echo " $AUID_FILTERS") || /bin/true
        full_rule="$ACTION_ARCH_FILTERS${syscall_string}${other_string}${auid_string} -F key=$KEY" || /bin/true
        echo "$full_rule" &gt;&gt; "$default_file"
        chmod 0600 ${default_file}
    else
        # Check if the syscalls are declared as a comma separated list or
        # as multiple -S parameters
        if grep -q -- "," &lt;&lt;&lt; "${rule_syscalls_to_edit}"
        then
            delimiter=","
        else
            delimiter=" -S "
        fi
        new_grouped_syscalls="${rule_syscalls_to_edit}"
        for syscall in "${syscall_a[@]}"
        do
            grep -q -- "\b${syscall}\b" &lt;&lt;&lt; "${rule_syscalls_to_edit}" || {
               # A syscall was not found in the candidate rule
               new_grouped_syscalls+="${delimiter}${syscall}"
               }
        done

        # Group the syscall in the rule
        sed -i -e "\#${rule_to_edit}#s#${rule_syscalls_to_edit}#${new_grouped_syscalls}#" "$file_to_edit"
    fi
fi

else
    &gt;&amp;2 echo 'Remediation is not applicable, nothing was done'
fi
</fix>
          <fix xmlns:xhtml="http://www.w3.org/1999/xhtml" id="audit_rules_privileged_commands_postqueue" system="urn:xccdf:fix:script:ansible" complexity="low" disruption="low" strategy="restrict">- name: Gather the package facts
  package_facts:
    manager: auto
  tags:
  - CCE-85821-7
  - NIST-800-171-3.1.7
  - NIST-800-53-AC-6(9)
  - NIST-800-53-AU-12(c)
  - NIST-800-53-AU-2(d)
  - NIST-800-53-CM-6(a)
  - audit_rules_privileged_commands_postqueue
  - low_complexity
  - low_disruption
  - medium_severity
  - no_reboot_needed
  - restrict_strategy

- name: Ensure auditd Collects Information on the Use of Privileged Commands - postqueue
    - Perform remediation of Audit rules for /usr/sbin/postqueue
  block:

  - name: Declare list of syscalls
    ansible.builtin.set_fact:
      syscalls: []
      syscall_grouping: []

  - name: Check existence of  in /etc/audit/rules.d/
    ansible.builtin.find:
      paths: /etc/audit/rules.d
      contains: -a always,exit(( -S |,)\w+)*(( -S |,){{ item }})+(( -S |,)\w+)* -F
        path=/usr/sbin/postqueue -F perm=x -F auid&gt;=1000 -F auid!=unset (-k\s+|-F\s+key=)\S+\s*$
      patterns: '*.rules'
    register: find_command
    loop: '{{ (syscall_grouping + syscalls) | unique }}'

  - name: Reset syscalls found per file
    ansible.builtin.set_fact:
      syscalls_per_file: {}
      found_paths_dict: {}

  - name: Declare syscalls found per file
    ansible.builtin.set_fact: syscalls_per_file="{{ syscalls_per_file | combine( {item.files[0].path
      :[item.item] + syscalls_per_file.get(item.files[0].path, []) } ) }}"
    loop: '{{ find_command.results | selectattr(''matched'') | list }}'

  - name: Declare files where syscalls were found
    ansible.builtin.set_fact: found_paths="{{ find_command.results | map(attribute='files')
      | flatten | map(attribute='path') | list }}"

  - name: Count occurrences of syscalls in paths
    ansible.builtin.set_fact: found_paths_dict="{{ found_paths_dict | combine({ item:1+found_paths_dict.get(item,
      0) }) }}"
    loop: '{{ find_command.results | map(attribute=''files'') | flatten | map(attribute=''path'')
      | list }}'

  - name: Get path with most syscalls
    ansible.builtin.set_fact: audit_file="{{ (found_paths_dict | dict2items() | sort(attribute='value')
      | last).key }}"
    when: found_paths | length &gt;= 1

  - name: No file with syscall found, set path to /etc/audit/rules.d/privileged.rules
    ansible.builtin.set_fact: audit_file="/etc/audit/rules.d/privileged.rules"
    when: found_paths | length == 0

  - name: Declare found syscalls
    ansible.builtin.set_fact: syscalls_found="{{ find_command.results | selectattr('matched')
      | map(attribute='item') | list }}"

  - name: Declare missing syscalls
    ansible.builtin.set_fact: missing_syscalls="{{ syscalls | difference(syscalls_found)
      }}"

  - name: Replace the audit rule in {{ audit_file }}
    ansible.builtin.lineinfile:
      path: '{{ audit_file }}'
      regexp: (-a always,exit)(?=.*(?:(?:-S |,)(?:{{ syscalls_per_file[audit_file]
        | join("|") }}))\b)((?:( -S |,)\w+)+)( -F path=/usr/sbin/postqueue -F perm=x
        -F auid&gt;=1000 -F auid!=unset (?:-k |-F key=)\w+)
      line: \1\2\3{{ missing_syscalls | join("\3") }}\4
      backrefs: true
      state: present
      mode: g-rwx,o-rwx
    when: syscalls_found | length &gt; 0 and missing_syscalls | length &gt; 0

  - name: Add the audit rule to {{ audit_file }}
    ansible.builtin.lineinfile:
      path: '{{ audit_file }}'
      line: -a always,exit{{ syscalls | join(',') }} -F path=/usr/sbin/postqueue -F
        perm=x -F auid&gt;=1000 -F auid!=unset -F key=privileged
      create: true
      mode: g-rwx,o-rwx
      state: present
    when: syscalls_found | length == 0

  - name: Declare list of syscalls
    ansible.builtin.set_fact:
      syscalls: []
      syscall_grouping: []

  - name: Check existence of  in /etc/audit/audit.rules
    ansible.builtin.find:
      paths: /etc/audit
      contains: -a always,exit(( -S |,)\w+)*(( -S |,){{ item }})+(( -S |,)\w+)* -F
        path=/usr/sbin/postqueue -F perm=x -F auid&gt;=1000 -F auid!=unset (-k\s+|-F\s+key=)\S+\s*$
      patterns: audit.rules
    register: find_command
    loop: '{{ (syscall_grouping + syscalls) | unique }}'

  - name: Set path to /etc/audit/audit.rules
    ansible.builtin.set_fact: audit_file="/etc/audit/audit.rules"

  - name: Declare found syscalls
    ansible.builtin.set_fact: syscalls_found="{{ find_command.results | selectattr('matched')
      | map(attribute='item') | list }}"

  - name: Declare missing syscalls
    ansible.builtin.set_fact: missing_syscalls="{{ syscalls | difference(syscalls_found)
      }}"

  - name: Replace the audit rule in {{ audit_file }}
    ansible.builtin.lineinfile:
      path: '{{ audit_file }}'
      regexp: (-a always,exit)(?=.*(?:(?:-S |,)(?:{{ syscalls_found | join("|") }}))\b)((?:(
        -S |,)\w+)+)( -F path=/usr/sbin/postqueue -F perm=x -F auid&gt;=1000 -F auid!=unset
        (?:-k |-F key=)\w+)
      line: \1\2\3{{ missing_syscalls | join("\3") }}\4
      backrefs: true
      state: present
      mode: g-rwx,o-rwx
    when: syscalls_found | length &gt; 0 and missing_syscalls | length &gt; 0

  - name: Add the audit rule to {{ audit_file }}
    ansible.builtin.lineinfile:
      path: '{{ audit_file }}'
      line: -a always,exit{{ syscalls | join(',') }} -F path=/usr/sbin/postqueue -F
        perm=x -F auid&gt;=1000 -F auid!=unset -F key=privileged
      create: true
      mode: g-rwx,o-rwx
      state: present
    when: syscalls_found | length == 0
  when:
  - '"audit" in ansible_facts.packages'
  - ("kernel-default" in ansible_facts.packages or "kernel-default-base" in ansible_facts.packages)
  tags:
  - CCE-85821-7
  - NIST-800-171-3.1.7
  - NIST-800-53-AC-6(9)
  - NIST-800-53-AU-12(c)
  - NIST-800-53-AU-2(d)
  - NIST-800-53-CM-6(a)
  - audit_rules_privileged_commands_postqueue
  - low_complexity
  - low_disruption
  - medium_severity
  - no_reboot_needed
  - restrict_strategy
</fix>
          <check system="http://oval.mitre.org/XMLSchema/oval-definitions-5">
            <check-content-ref name="oval:ssg-audit_rules_privileged_commands_postqueue:def:1" href="ssg-sle15-oval.xml"/>
          </check>
          <check system="http://scap.nist.gov/schema/ocil/2">
            <check-content-ref name="ocil:ssg-audit_rules_privileged_commands_postqueue_ocil:questionnaire:1" href="ssg-sle15-ocil.xml"/>
          </check>
        </Rule>
        <Rule id="xccdf_org.ssgproject.content_rule_audit_rules_privileged_commands_rmmod" selected="false" role="full" severity="medium">
          <title xmlns:xhtml="http://www.w3.org/1999/xhtml" xml:lang="en-US">Ensure auditd Collects Information on the Use of Privileged Commands - rmmod</title>
          <description xmlns:xhtml="http://www.w3.org/1999/xhtml" xml:lang="en-US">At a minimum, the audit system should collect the execution of
privileged commands for all users and root. If the <html:code xmlns:html="http://www.w3.org/1999/xhtml">auditd</html:code> daemon is
configured to use the <html:code xmlns:html="http://www.w3.org/1999/xhtml">augenrules</html:code> program to read audit rules during
daemon startup (the default), add a line of the following form to a file with
suffix <html:code xmlns:html="http://www.w3.org/1999/xhtml">.rules</html:code> in the directory <html:code xmlns:html="http://www.w3.org/1999/xhtml">/etc/audit/rules.d</html:code>:
<html:pre xmlns:html="http://www.w3.org/1999/xhtml">-w /sbin/rmmod -p x -k modules</html:pre>
       </description>
          <reference href="http://nvlpubs.nist.gov/nistpubs/SpecialPublications/NIST.SP.800-53r4.pdf">AU-12(c)</reference>
          <reference href="http://nvlpubs.nist.gov/nistpubs/SpecialPublications/NIST.SP.800-53r4.pdf">AU-12.1(iv)</reference>
          <reference href="http://nvlpubs.nist.gov/nistpubs/SpecialPublications/NIST.SP.800-53r4.pdf">AU-3</reference>
          <reference href="http://nvlpubs.nist.gov/nistpubs/SpecialPublications/NIST.SP.800-53r4.pdf">AU-3.1</reference>
          <reference href="http://nvlpubs.nist.gov/nistpubs/SpecialPublications/NIST.SP.800-53r4.pdf">AU-12(a)</reference>
          <reference href="http://nvlpubs.nist.gov/nistpubs/SpecialPublications/NIST.SP.800-53r4.pdf">AU-12.1(ii)</reference>
          <reference href="http://nvlpubs.nist.gov/nistpubs/SpecialPublications/NIST.SP.800-53r4.pdf">MA-4(1)(a)</reference>
          <reference href="https://www.cyber.mil/stigs/downloads/?_dl_facet_stigs=operating-systems%2Cgeneral-purpose-os">SRG-OS-000037-GPOS-00015</reference>
          <reference href="https://www.cyber.mil/stigs/downloads/?_dl_facet_stigs=operating-systems%2Cgeneral-purpose-os">SRG-OS-000062-GPOS-00031</reference>
          <reference href="https://www.cyber.mil/stigs/downloads/?_dl_facet_stigs=operating-systems%2Cgeneral-purpose-os">SRG-OS-000392-GPOS-00172</reference>
          <reference href="https://www.cyber.mil/stigs/downloads/?_dl_facet_stigs=operating-systems%2Cgeneral-purpose-os">SRG-OS-000462-GPOS-00206</reference>
          <reference href="https://www.cyber.mil/stigs/downloads/?_dl_facet_stigs=operating-systems%2Cgeneral-purpose-os">SRG-OS-000471-GPOS-00215</reference>
          <reference href="https://www.cyber.mil/stigs/downloads/?_dl_facet_stigs=operating-systems%2Cunix-linux">SLES-15-030390</reference>
          <reference href="https://www.cisecurity.org/benchmark/suse_linux/">4.1.16</reference>
          <reference href="https://cyber.gouv.fr/sites/default/files/document/linux_configuration-en-v2.pdf">R73</reference>
          <reference href="not_publicly_available">SLES-15-750450405</reference>
          <reference href="https://www.cyber.mil/stigs/srg-stig-tools/">SV-234938r958412_rule</reference>
          <rationale xmlns:xhtml="http://www.w3.org/1999/xhtml" xml:lang="en-US">Misuse of privileged functions, either intentionally or unintentionally by
authorized users, or by unauthorized external entities that have compromised system accounts,
is a serious and ongoing concern and can have significant adverse impacts on organizations.
Auditing the use of privileged functions is one way to detect such misuse and identify
the risk from insider and advanced persistent threats.
<html:br xmlns:html="http://www.w3.org/1999/xhtml"/>
        <html:br xmlns:html="http://www.w3.org/1999/xhtml"/>
Privileged programs are subject to escalation-of-privilege attacks,
which attempt to subvert their normal role of providing some necessary but
limited capability. As such, motivation exists to monitor these programs for
unusual activity.</rationale>
          <ident system="https://ncp.nist.gov/cce">CCE-85732-6</ident>
          <fix xmlns:xhtml="http://www.w3.org/1999/xhtml" id="audit_rules_privileged_commands_rmmod" system="urn:xccdf:fix:script:sh"># Remediation is applicable only in certain platforms
if rpm --quiet -q audit &amp;&amp; rpm --quiet -q kernel-default || rpm --quiet -q kernel-default-base; then

# Perform the remediation for both possible tools: 'auditctl' and 'augenrules'
# Create a list of audit *.rules files that should be inspected for presence and correctness
# of a particular audit rule. The scheme is as follows:
#
# -----------------------------------------------------------------------------------------
# Tool used to load audit rules	| Rule already defined	|  Audit rules file to inspect	  |
# -----------------------------------------------------------------------------------------
#	auditctl		|     Doesn't matter	|  /etc/audit/audit.rules	  |
# -----------------------------------------------------------------------------------------
# 	augenrules		|          Yes		|  /etc/audit/rules.d/*.rules	  |
# 	augenrules		|          No		|  /etc/audit/rules.d/$key.rules  |
# -----------------------------------------------------------------------------------------
files_to_inspect=()


# If the audit tool is 'auditctl', then add '/etc/audit/audit.rules'
# into the list of files to be inspected
files_to_inspect+=('/etc/audit/audit.rules')

# Finally perform the inspection and possible subsequent audit rule
# correction for each of the files previously identified for inspection
for audit_rules_file in "${files_to_inspect[@]}"
do
    # Check if audit watch file system object rule for given path already present

    if grep -q -P -- "^[\s]*-w[\s]+/sbin/rmmod" "$audit_rules_file"

    then
        # Rule is found =&gt; verify yet if existing rule definition contains
        # all of the required access type bits

        # Define BRE whitespace class shortcut
        sp="[[:space:]]"
        # Extract current permission access types (e.g. -p [r|w|x|a] values) from audit rule

        current_access_bits=$(sed -ne "s#$sp*-w$sp\+/sbin/rmmod $sp\+-p$sp\+\([rxwa]\{1,4\}\).*#\1#p" "$audit_rules_file")

        # Split required access bits string into characters array
        # (to check bit's presence for one bit at a time)
        for access_bit in $(echo "x" | grep -o .)
        do
            # For each from the required access bits (e.g. 'w', 'a') check
            # if they are already present in current access bits for rule.
            # If not, append that bit at the end
            if ! grep -q "$access_bit" &lt;&lt;&lt; "$current_access_bits"
            then
                # Concatenate the existing mask with the missing bit
                current_access_bits="$current_access_bits$access_bit"
            fi
        done
        # Propagate the updated rule's access bits (original + the required
        # ones) back into the /etc/audit/audit.rules file for that rule

        sed -i "s#\($sp*-w$sp\+/sbin/rmmod$sp\+-p$sp\+\)\([rxwa]\{1,4\}\)\(.*\)#\1$current_access_bits\3#" "$audit_rules_file"

    else
        # Rule isn't present yet. Append it at the end of $audit_rules_file file
        # with proper key


        echo "-w /sbin/rmmod -p x -k modules" &gt;&gt; "$audit_rules_file"

    fi
done
# Create a list of audit *.rules files that should be inspected for presence and correctness
# of a particular audit rule. The scheme is as follows:
#
# -----------------------------------------------------------------------------------------
# Tool used to load audit rules	| Rule already defined	|  Audit rules file to inspect	  |
# -----------------------------------------------------------------------------------------
#	auditctl		|     Doesn't matter	|  /etc/audit/audit.rules	  |
# -----------------------------------------------------------------------------------------
# 	augenrules		|          Yes		|  /etc/audit/rules.d/*.rules	  |
# 	augenrules		|          No		|  /etc/audit/rules.d/$key.rules  |
# -----------------------------------------------------------------------------------------
files_to_inspect=()

# If the audit is 'augenrules', then check if rule is already defined
# If rule is defined, add '/etc/audit/rules.d/*.rules' to list of files for inspection.
# If rule isn't defined, add '/etc/audit/rules.d/modules.rules' to list of files for inspection.

readarray -t matches &lt; &lt;(grep -HP "[\s]*-w[\s]+/sbin/rmmod" /etc/audit/rules.d/*.rules)


# For each of the matched entries
for match in "${matches[@]}"
do
    # Extract filepath from the match
    rulesd_audit_file=$(echo $match | cut -f1 -d ':')
    # Append that path into list of files for inspection
    files_to_inspect+=("$rulesd_audit_file")
done
# Case when particular audit rule isn't defined yet
if [ "${#files_to_inspect[@]}" -eq "0" ]
then
    # Append '/etc/audit/rules.d/modules.rules' into list of files for inspection
    key_rule_file="/etc/audit/rules.d/modules.rules"
    # If the modules.rules file doesn't exist yet, create it with correct permissions
    if [ ! -e "$key_rule_file" ]
    then
        touch "$key_rule_file"
        chmod 0600 "$key_rule_file"
    fi
    files_to_inspect+=("$key_rule_file")
fi

# Finally perform the inspection and possible subsequent audit rule
# correction for each of the files previously identified for inspection
for audit_rules_file in "${files_to_inspect[@]}"
do
    # Check if audit watch file system object rule for given path already present

    if grep -q -P -- "^[\s]*-w[\s]+/sbin/rmmod" "$audit_rules_file"

    then
        # Rule is found =&gt; verify yet if existing rule definition contains
        # all of the required access type bits

        # Define BRE whitespace class shortcut
        sp="[[:space:]]"
        # Extract current permission access types (e.g. -p [r|w|x|a] values) from audit rule

        current_access_bits=$(sed -ne "s#$sp*-w$sp\+/sbin/rmmod $sp\+-p$sp\+\([rxwa]\{1,4\}\).*#\1#p" "$audit_rules_file")

        # Split required access bits string into characters array
        # (to check bit's presence for one bit at a time)
        for access_bit in $(echo "x" | grep -o .)
        do
            # For each from the required access bits (e.g. 'w', 'a') check
            # if they are already present in current access bits for rule.
            # If not, append that bit at the end
            if ! grep -q "$access_bit" &lt;&lt;&lt; "$current_access_bits"
            then
                # Concatenate the existing mask with the missing bit
                current_access_bits="$current_access_bits$access_bit"
            fi
        done
        # Propagate the updated rule's access bits (original + the required
        # ones) back into the /etc/audit/audit.rules file for that rule

        sed -i "s#\($sp*-w$sp\+/sbin/rmmod$sp\+-p$sp\+\)\([rxwa]\{1,4\}\)\(.*\)#\1$current_access_bits\3#" "$audit_rules_file"

    else
        # Rule isn't present yet. Append it at the end of $audit_rules_file file
        # with proper key


        echo "-w /sbin/rmmod -p x -k modules" &gt;&gt; "$audit_rules_file"

    fi
done

else
    &gt;&amp;2 echo 'Remediation is not applicable, nothing was done'
fi
</fix>
          <fix xmlns:xhtml="http://www.w3.org/1999/xhtml" id="audit_rules_privileged_commands_rmmod" system="urn:xccdf:fix:script:ansible" complexity="low" disruption="low" strategy="restrict">- name: Gather the package facts
  package_facts:
    manager: auto
  tags:
  - CCE-85732-6
  - DISA-STIG-SLES-15-030390
  - NIST-800-53-AU-12(a)
  - NIST-800-53-AU-12(c)
  - NIST-800-53-AU-12.1(ii)
  - NIST-800-53-AU-12.1(iv)
  - NIST-800-53-AU-3
  - NIST-800-53-AU-3.1
  - NIST-800-53-MA-4(1)(a)
  - audit_rules_privileged_commands_rmmod
  - low_complexity
  - low_disruption
  - medium_severity
  - no_reboot_needed
  - restrict_strategy

- name: Ensure auditd Collects Information on the Use of Privileged Commands - rmmod
    - Check if watch rule for /sbin/rmmod already exists in /etc/audit/rules.d/
  ansible.builtin.find:
    paths: /etc/audit/rules.d
    contains: ^\s*-w\s+/sbin/rmmod\s+-p\s+x(\s|$)+
    patterns: '*.rules'
  register: find_existing_watch_rules_d
  when:
  - '"audit" in ansible_facts.packages'
  - ("kernel-default" in ansible_facts.packages or "kernel-default-base" in ansible_facts.packages)
  tags:
  - CCE-85732-6
  - DISA-STIG-SLES-15-030390
  - NIST-800-53-AU-12(a)
  - NIST-800-53-AU-12(c)
  - NIST-800-53-AU-12.1(ii)
  - NIST-800-53-AU-12.1(iv)
  - NIST-800-53-AU-3
  - NIST-800-53-AU-3.1
  - NIST-800-53-MA-4(1)(a)
  - audit_rules_privileged_commands_rmmod
  - low_complexity
  - low_disruption
  - medium_severity
  - no_reboot_needed
  - restrict_strategy

- name: Ensure auditd Collects Information on the Use of Privileged Commands - rmmod
    - Search /etc/audit/rules.d for other rules with specified key modules
  ansible.builtin.find:
    paths: /etc/audit/rules.d
    contains: ^.*(?:-F key=|-k\s+)modules$
    patterns: '*.rules'
  register: find_watch_key
  when:
  - '"audit" in ansible_facts.packages'
  - ("kernel-default" in ansible_facts.packages or "kernel-default-base" in ansible_facts.packages)
  - find_existing_watch_rules_d.matched is defined and find_existing_watch_rules_d.matched
    == 0
  tags:
  - CCE-85732-6
  - DISA-STIG-SLES-15-030390
  - NIST-800-53-AU-12(a)
  - NIST-800-53-AU-12(c)
  - NIST-800-53-AU-12.1(ii)
  - NIST-800-53-AU-12.1(iv)
  - NIST-800-53-AU-3
  - NIST-800-53-AU-3.1
  - NIST-800-53-MA-4(1)(a)
  - audit_rules_privileged_commands_rmmod
  - low_complexity
  - low_disruption
  - medium_severity
  - no_reboot_needed
  - restrict_strategy

- name: Ensure auditd Collects Information on the Use of Privileged Commands - rmmod
    - Use /etc/audit/rules.d/modules.rules as the recipient for the rule
  ansible.builtin.set_fact:
    all_files:
    - /etc/audit/rules.d/modules.rules
  when:
  - '"audit" in ansible_facts.packages'
  - ("kernel-default" in ansible_facts.packages or "kernel-default-base" in ansible_facts.packages)
  - find_watch_key.matched is defined and find_watch_key.matched == 0 and find_existing_watch_rules_d.matched
    is defined and find_existing_watch_rules_d.matched == 0
  tags:
  - CCE-85732-6
  - DISA-STIG-SLES-15-030390
  - NIST-800-53-AU-12(a)
  - NIST-800-53-AU-12(c)
  - NIST-800-53-AU-12.1(ii)
  - NIST-800-53-AU-12.1(iv)
  - NIST-800-53-AU-3
  - NIST-800-53-AU-3.1
  - NIST-800-53-MA-4(1)(a)
  - audit_rules_privileged_commands_rmmod
  - low_complexity
  - low_disruption
  - medium_severity
  - no_reboot_needed
  - restrict_strategy

- name: Ensure auditd Collects Information on the Use of Privileged Commands - rmmod
    - Use matched file as the recipient for the rule
  ansible.builtin.set_fact:
    all_files:
    - '{{ find_watch_key.files | map(attribute=''path'') | list | first }}'
  when:
  - '"audit" in ansible_facts.packages'
  - ("kernel-default" in ansible_facts.packages or "kernel-default-base" in ansible_facts.packages)
  - find_watch_key.matched is defined and find_watch_key.matched &gt; 0 and find_existing_watch_rules_d.matched
    is defined and find_existing_watch_rules_d.matched == 0
  tags:
  - CCE-85732-6
  - DISA-STIG-SLES-15-030390
  - NIST-800-53-AU-12(a)
  - NIST-800-53-AU-12(c)
  - NIST-800-53-AU-12.1(ii)
  - NIST-800-53-AU-12.1(iv)
  - NIST-800-53-AU-3
  - NIST-800-53-AU-3.1
  - NIST-800-53-MA-4(1)(a)
  - audit_rules_privileged_commands_rmmod
  - low_complexity
  - low_disruption
  - medium_severity
  - no_reboot_needed
  - restrict_strategy

- name: Ensure auditd Collects Information on the Use of Privileged Commands - rmmod
    - Add watch rule for /sbin/rmmod in /etc/audit/rules.d/
  ansible.builtin.lineinfile:
    path: '{{ all_files[0] }}'
    line: -w /sbin/rmmod -p x -k modules
    create: true
    mode: '0600'
  when:
  - '"audit" in ansible_facts.packages'
  - ("kernel-default" in ansible_facts.packages or "kernel-default-base" in ansible_facts.packages)
  - find_existing_watch_rules_d.matched is defined and find_existing_watch_rules_d.matched
    == 0
  tags:
  - CCE-85732-6
  - DISA-STIG-SLES-15-030390
  - NIST-800-53-AU-12(a)
  - NIST-800-53-AU-12(c)
  - NIST-800-53-AU-12.1(ii)
  - NIST-800-53-AU-12.1(iv)
  - NIST-800-53-AU-3
  - NIST-800-53-AU-3.1
  - NIST-800-53-MA-4(1)(a)
  - audit_rules_privileged_commands_rmmod
  - low_complexity
  - low_disruption
  - medium_severity
  - no_reboot_needed
  - restrict_strategy

- name: Ensure auditd Collects Information on the Use of Privileged Commands - rmmod
    - Check if watch rule for /sbin/rmmod already exists in /etc/audit/audit.rules
  ansible.builtin.find:
    paths: /etc/audit/
    contains: ^\s*-w\s+/sbin/rmmod\s+-p\s+x(\s|$)+
    patterns: audit.rules
  register: find_existing_watch_audit_rules
  when:
  - '"audit" in ansible_facts.packages'
  - ("kernel-default" in ansible_facts.packages or "kernel-default-base" in ansible_facts.packages)
  tags:
  - CCE-85732-6
  - DISA-STIG-SLES-15-030390
  - NIST-800-53-AU-12(a)
  - NIST-800-53-AU-12(c)
  - NIST-800-53-AU-12.1(ii)
  - NIST-800-53-AU-12.1(iv)
  - NIST-800-53-AU-3
  - NIST-800-53-AU-3.1
  - NIST-800-53-MA-4(1)(a)
  - audit_rules_privileged_commands_rmmod
  - low_complexity
  - low_disruption
  - medium_severity
  - no_reboot_needed
  - restrict_strategy

- name: Ensure auditd Collects Information on the Use of Privileged Commands - rmmod
    - Add watch rule for /sbin/rmmod in /etc/audit/audit.rules
  ansible.builtin.lineinfile:
    line: -w /sbin/rmmod -p x -k modules
    state: present
    dest: /etc/audit/audit.rules
    create: true
    mode: '0600'
  when:
  - '"audit" in ansible_facts.packages'
  - ("kernel-default" in ansible_facts.packages or "kernel-default-base" in ansible_facts.packages)
  - find_existing_watch_audit_rules.matched is defined and find_existing_watch_audit_rules.matched
    == 0
  tags:
  - CCE-85732-6
  - DISA-STIG-SLES-15-030390
  - NIST-800-53-AU-12(a)
  - NIST-800-53-AU-12(c)
  - NIST-800-53-AU-12.1(ii)
  - NIST-800-53-AU-12.1(iv)
  - NIST-800-53-AU-3
  - NIST-800-53-AU-3.1
  - NIST-800-53-MA-4(1)(a)
  - audit_rules_privileged_commands_rmmod
  - low_complexity
  - low_disruption
  - medium_severity
  - no_reboot_needed
  - restrict_strategy
</fix>
          <check system="http://oval.mitre.org/XMLSchema/oval-definitions-5">
            <check-content-ref name="oval:ssg-audit_rules_privileged_commands_rmmod:def:1" href="ssg-sle15-oval.xml"/>
          </check>
          <check system="http://scap.nist.gov/schema/ocil/2">
            <check-content-ref name="ocil:ssg-audit_rules_privileged_commands_rmmod_ocil:questionnaire:1" href="ssg-sle15-ocil.xml"/>
          </check>
        </Rule>
        <Rule id="xccdf_org.ssgproject.content_rule_audit_rules_privileged_commands_ssh_agent" selected="false" role="full" severity="medium">
          <title xmlns:xhtml="http://www.w3.org/1999/xhtml" xml:lang="en-US">Record Any Attempts to Run ssh-agent</title>
          <description xmlns:xhtml="http://www.w3.org/1999/xhtml" xml:lang="en-US">


At a minimum, the audit system should collect the execution of privileged
commands for all users and root.

If the <html:code xmlns:html="http://www.w3.org/1999/xhtml">auditd</html:code> daemon is configured to use the <html:code xmlns:html="http://www.w3.org/1999/xhtml">augenrules</html:code>
program to read audit rules during daemon startup (the default), add
a line of the following form to a file with suffix <html:code xmlns:html="http://www.w3.org/1999/xhtml">.rules</html:code>
in the directory <html:code xmlns:html="http://www.w3.org/1999/xhtml">/etc/audit/rules.d</html:code>:
<html:pre xmlns:html="http://www.w3.org/1999/xhtml">-a always,exit -F path=/usr/bin/ssh-agent -F perm=x -F auid&gt;=1000 -F auid!=unset -F key=privileged</html:pre>

If the <html:code xmlns:html="http://www.w3.org/1999/xhtml">auditd</html:code> daemon is configured to use the <html:code xmlns:html="http://www.w3.org/1999/xhtml">auditctl</html:code>
utility to read audit rules during daemon startup, add a line of the
following form to <html:code xmlns:html="http://www.w3.org/1999/xhtml">/etc/audit/audit.rules</html:code>:
<html:pre xmlns:html="http://www.w3.org/1999/xhtml">-a always,exit -F path=/usr/bin/ssh-agent -F perm=x -F auid&gt;=1000 -F auid!=unset -F key=privileged</html:pre>
       </description>
          <reference href="https://www.cyber.mil/stigs/downloads/?_dl_facet_stigs=operating-systems%2Cgeneral-purpose-os">SRG-OS-000037-GPOS-00015</reference>
          <reference href="https://www.cyber.mil/stigs/downloads/?_dl_facet_stigs=operating-systems%2Cgeneral-purpose-os">SRG-OS-000042-GPOS-00020</reference>
          <reference href="https://www.cyber.mil/stigs/downloads/?_dl_facet_stigs=operating-systems%2Cgeneral-purpose-os">SRG-OS-000062-GPOS-00031</reference>
          <reference href="https://www.cyber.mil/stigs/downloads/?_dl_facet_stigs=operating-systems%2Cgeneral-purpose-os">SRG-OS-000392-GPOS-00172</reference>
          <reference href="https://www.cyber.mil/stigs/downloads/?_dl_facet_stigs=operating-systems%2Cgeneral-purpose-os">SRG-OS-000462-GPOS-00206</reference>
          <reference href="https://www.cyber.mil/stigs/downloads/?_dl_facet_stigs=operating-systems%2Cgeneral-purpose-os">SRG-OS-000471-GPOS-00215</reference>
          <reference href="https://www.cyber.mil/stigs/downloads/?_dl_facet_stigs=app-security">SRG-APP-000495-CTR-001235</reference>
          <reference href="https://www.cyber.mil/stigs/downloads/?_dl_facet_stigs=operating-systems%2Cunix-linux">SLES-15-030370</reference>
          <reference href="not_publicly_available">SLES-15-750450690</reference>
          <reference href="https://www.cyber.mil/stigs/srg-stig-tools/">SV-234936r958412_rule</reference>
          <rationale xmlns:xhtml="http://www.w3.org/1999/xhtml" xml:lang="en-US">Without generating audit records that are specific to the security and
mission needs of the organization, it would be difficult to establish,
correlate, and investigate the events relating to an incident or identify
those responsible for one.

Audit records can be generated from various components within the
information system (e.g., module or policy filter).</rationale>
          <ident system="https://ncp.nist.gov/cce">CCE-85590-8</ident>
          <fix xmlns:xhtml="http://www.w3.org/1999/xhtml" id="audit_rules_privileged_commands_ssh_agent" system="urn:xccdf:fix:script:sh"># Remediation is applicable only in certain platforms
if rpm --quiet -q audit &amp;&amp; rpm --quiet -q kernel-default || rpm --quiet -q kernel-default-base; then

# Retrieve hardware architecture of the underlying system
OTHER_FILTERS="-F path=/usr/bin/ssh-agent -F perm=x"
AUID_FILTERS="-F auid&gt;=1000 -F auid!=unset"
SYSCALL=""
KEY="privileged"
SYSCALL_GROUPING=""


ACTION_ARCH_FILTERS="-a always,exit"
# Perform the remediation for both possible tools: 'auditctl' and 'augenrules'
unset syscall_a
unset syscall_grouping
unset syscall_string
unset syscall
unset file_to_edit
unset rule_to_edit
unset rule_syscalls_to_edit
unset other_string
unset auid_string
unset full_rule

# Load macro arguments into arrays
read -a syscall_a &lt;&lt;&lt; $SYSCALL
read -a syscall_grouping &lt;&lt;&lt; $SYSCALL_GROUPING

# Create a list of audit *.rules files that should be inspected for presence and correctness
# of a particular audit rule. The scheme is as follows:
#
# -----------------------------------------------------------------------------------------
#  Tool used to load audit rules | Rule already defined  |  Audit rules file to inspect    |
# -----------------------------------------------------------------------------------------
#        auditctl                |     Doesn't matter    |  /etc/audit/audit.rules         |
# -----------------------------------------------------------------------------------------
#        augenrules              |          Yes          |  /etc/audit/rules.d/*.rules     |
#        augenrules              |          No           |  /etc/audit/rules.d/$key.rules  |
# -----------------------------------------------------------------------------------------
#
files_to_inspect=()

# If audit tool is 'augenrules', then check if the audit rule is defined
# If rule is defined, add '/etc/audit/rules.d/*.rules' to the list for inspection
# If rule isn't defined yet, add '/etc/audit/rules.d/$key.rules' to the list for inspection
default_file="/etc/audit/rules.d/$KEY.rules"
# As other_filters may include paths, lets use a different delimiter for it
# The "F" script expression tells sed to print the filenames where the expressions matched
readarray -t files_to_inspect &lt; &lt;(sed -s -n -e "/^$ACTION_ARCH_FILTERS/!d" -e "\#$OTHER_FILTERS#!d" -e "/$AUID_FILTERS/!d" -e "F" /etc/audit/rules.d/*.rules)
# Case when particular rule isn't defined in /etc/audit/rules.d/*.rules yet
if [ ${#files_to_inspect[@]} -eq "0" ]
then
    file_to_inspect="/etc/audit/rules.d/$KEY.rules"
    files_to_inspect=("$file_to_inspect")
    if [ ! -e "$file_to_inspect" ]
    then
        touch "$file_to_inspect"
        chmod 0600 "$file_to_inspect"
    fi
fi

# After converting to jinja, we cannot return; therefore we skip the rest of the macro if needed instead
skip=1

for audit_file in "${files_to_inspect[@]}"
do
    # Filter existing $audit_file rules' definitions to select those that satisfy the rule pattern,
    # i.e, collect rules that match:
    # * the action, list and arch, (2-nd argument)
    # * the other filters, (3-rd argument)
    # * the auid filters, (4-rd argument)
    readarray -t similar_rules &lt; &lt;(sed -e "/^$ACTION_ARCH_FILTERS/!d"  -e "\#$OTHER_FILTERS#!d" -e "/$AUID_FILTERS/!d" "$audit_file")

    candidate_rules=()
    # Filter out rules that have more fields then required. This will remove rules more specific than the required scope
    for s_rule in "${similar_rules[@]}"
    do
        # Strip all the options and fields we know of,
        # than check if there was any field left over
        extra_fields=$(sed -E -e "s/^$ACTION_ARCH_FILTERS//"  -e "s#$OTHER_FILTERS##" -e "s/$AUID_FILTERS//" -e "s/((:?-S [[:alnum:],]+)+)//g" -e "s/-F key=\w+|-k \w+//"&lt;&lt;&lt; "$s_rule")
        grep -q -- "-F" &lt;&lt;&lt; "$extra_fields" || candidate_rules+=("$s_rule")
    done

    if [[ ${#syscall_a[@]} -ge 1 ]]
    then
        # Check if the syscall we want is present in any of the similar existing rules
        for rule in "${candidate_rules[@]}"
        do
            rule_syscalls=$(echo "$rule" | grep -o -P '(-S [\w,]+)+' | xargs)
            all_syscalls_found=0
            for syscall in "${syscall_a[@]}"
            do
                grep -q -- "\b${syscall}\b" &lt;&lt;&lt; "$rule_syscalls" || {
                   # A syscall was not found in the candidate rule
                   all_syscalls_found=1
                   }
            done
            if [[ $all_syscalls_found -eq 0 ]]
            then
                # We found a rule with all the syscall(s) we want; skip rest of macro
                skip=0
                break
            fi

            # Check if this rule can be grouped with our target syscall and keep track of it
            for syscall_g in "${syscall_grouping[@]}"
            do
                if grep -q -- "\b${syscall_g}\b" &lt;&lt;&lt; "$rule_syscalls"
                then
                    file_to_edit=${audit_file}
                    rule_to_edit=${rule}
                    rule_syscalls_to_edit=${rule_syscalls}
                fi
            done
        done
    else
        # If there is any candidate rule, it is compliant; skip rest of macro
        if [ "${#candidate_rules[@]}" -gt 0 ]
        then
            skip=0
        fi
    fi

    if [ "$skip" -eq 0 ]; then
        break
    fi
done

if [ "$skip" -ne 0 ]; then
    # We checked all rules that matched the expected resemblance pattern (action, arch &amp; auid)
    # At this point we know if we need to either append the $full_rule or group
    # the syscall together with an exsiting rule

    # Append the full_rule if it cannot be grouped to any other rule
    if [ -z ${rule_to_edit+x} ]
    then
        # Build full_rule while avoid adding double spaces when other_filters is empty
        if [ "${#syscall_a[@]}" -gt 0 ]
        then
            syscall_string=""
            for syscall in "${syscall_a[@]}"
            do
                syscall_string+=" -S $syscall"
            done
        fi
        other_string=$([[ $OTHER_FILTERS ]] &amp;&amp; echo " $OTHER_FILTERS") || /bin/true
        auid_string=$([[ $AUID_FILTERS ]] &amp;&amp; echo " $AUID_FILTERS") || /bin/true
        full_rule="$ACTION_ARCH_FILTERS${syscall_string}${other_string}${auid_string} -F key=$KEY" || /bin/true
        echo "$full_rule" &gt;&gt; "$default_file"
        chmod 0600 ${default_file}
    else
        # Check if the syscalls are declared as a comma separated list or
        # as multiple -S parameters
        if grep -q -- "," &lt;&lt;&lt; "${rule_syscalls_to_edit}"
        then
            delimiter=","
        else
            delimiter=" -S "
        fi
        new_grouped_syscalls="${rule_syscalls_to_edit}"
        for syscall in "${syscall_a[@]}"
        do
            grep -q -- "\b${syscall}\b" &lt;&lt;&lt; "${rule_syscalls_to_edit}" || {
               # A syscall was not found in the candidate rule
               new_grouped_syscalls+="${delimiter}${syscall}"
               }
        done

        # Group the syscall in the rule
        sed -i -e "\#${rule_to_edit}#s#${rule_syscalls_to_edit}#${new_grouped_syscalls}#" "$file_to_edit"
    fi
fi
unset syscall_a
unset syscall_grouping
unset syscall_string
unset syscall
unset file_to_edit
unset rule_to_edit
unset rule_syscalls_to_edit
unset other_string
unset auid_string
unset full_rule

# Load macro arguments into arrays
read -a syscall_a &lt;&lt;&lt; $SYSCALL
read -a syscall_grouping &lt;&lt;&lt; $SYSCALL_GROUPING

# Create a list of audit *.rules files that should be inspected for presence and correctness
# of a particular audit rule. The scheme is as follows:
#
# -----------------------------------------------------------------------------------------
#  Tool used to load audit rules | Rule already defined  |  Audit rules file to inspect    |
# -----------------------------------------------------------------------------------------
#        auditctl                |     Doesn't matter    |  /etc/audit/audit.rules         |
# -----------------------------------------------------------------------------------------
#        augenrules              |          Yes          |  /etc/audit/rules.d/*.rules     |
#        augenrules              |          No           |  /etc/audit/rules.d/$key.rules  |
# -----------------------------------------------------------------------------------------
#
files_to_inspect=()


# If audit tool is 'auditctl', then add '/etc/audit/audit.rules'
# file to the list of files to be inspected
default_file="/etc/audit/audit.rules"
files_to_inspect+=('/etc/audit/audit.rules' )

# After converting to jinja, we cannot return; therefore we skip the rest of the macro if needed instead
skip=1

for audit_file in "${files_to_inspect[@]}"
do
    # Filter existing $audit_file rules' definitions to select those that satisfy the rule pattern,
    # i.e, collect rules that match:
    # * the action, list and arch, (2-nd argument)
    # * the other filters, (3-rd argument)
    # * the auid filters, (4-rd argument)
    readarray -t similar_rules &lt; &lt;(sed -e "/^$ACTION_ARCH_FILTERS/!d"  -e "\#$OTHER_FILTERS#!d" -e "/$AUID_FILTERS/!d" "$audit_file")

    candidate_rules=()
    # Filter out rules that have more fields then required. This will remove rules more specific than the required scope
    for s_rule in "${similar_rules[@]}"
    do
        # Strip all the options and fields we know of,
        # than check if there was any field left over
        extra_fields=$(sed -E -e "s/^$ACTION_ARCH_FILTERS//"  -e "s#$OTHER_FILTERS##" -e "s/$AUID_FILTERS//" -e "s/((:?-S [[:alnum:],]+)+)//g" -e "s/-F key=\w+|-k \w+//"&lt;&lt;&lt; "$s_rule")
        grep -q -- "-F" &lt;&lt;&lt; "$extra_fields" || candidate_rules+=("$s_rule")
    done

    if [[ ${#syscall_a[@]} -ge 1 ]]
    then
        # Check if the syscall we want is present in any of the similar existing rules
        for rule in "${candidate_rules[@]}"
        do
            rule_syscalls=$(echo "$rule" | grep -o -P '(-S [\w,]+)+' | xargs)
            all_syscalls_found=0
            for syscall in "${syscall_a[@]}"
            do
                grep -q -- "\b${syscall}\b" &lt;&lt;&lt; "$rule_syscalls" || {
                   # A syscall was not found in the candidate rule
                   all_syscalls_found=1
                   }
            done
            if [[ $all_syscalls_found -eq 0 ]]
            then
                # We found a rule with all the syscall(s) we want; skip rest of macro
                skip=0
                break
            fi

            # Check if this rule can be grouped with our target syscall and keep track of it
            for syscall_g in "${syscall_grouping[@]}"
            do
                if grep -q -- "\b${syscall_g}\b" &lt;&lt;&lt; "$rule_syscalls"
                then
                    file_to_edit=${audit_file}
                    rule_to_edit=${rule}
                    rule_syscalls_to_edit=${rule_syscalls}
                fi
            done
        done
    else
        # If there is any candidate rule, it is compliant; skip rest of macro
        if [ "${#candidate_rules[@]}" -gt 0 ]
        then
            skip=0
        fi
    fi

    if [ "$skip" -eq 0 ]; then
        break
    fi
done

if [ "$skip" -ne 0 ]; then
    # We checked all rules that matched the expected resemblance pattern (action, arch &amp; auid)
    # At this point we know if we need to either append the $full_rule or group
    # the syscall together with an exsiting rule

    # Append the full_rule if it cannot be grouped to any other rule
    if [ -z ${rule_to_edit+x} ]
    then
        # Build full_rule while avoid adding double spaces when other_filters is empty
        if [ "${#syscall_a[@]}" -gt 0 ]
        then
            syscall_string=""
            for syscall in "${syscall_a[@]}"
            do
                syscall_string+=" -S $syscall"
            done
        fi
        other_string=$([[ $OTHER_FILTERS ]] &amp;&amp; echo " $OTHER_FILTERS") || /bin/true
        auid_string=$([[ $AUID_FILTERS ]] &amp;&amp; echo " $AUID_FILTERS") || /bin/true
        full_rule="$ACTION_ARCH_FILTERS${syscall_string}${other_string}${auid_string} -F key=$KEY" || /bin/true
        echo "$full_rule" &gt;&gt; "$default_file"
        chmod 0600 ${default_file}
    else
        # Check if the syscalls are declared as a comma separated list or
        # as multiple -S parameters
        if grep -q -- "," &lt;&lt;&lt; "${rule_syscalls_to_edit}"
        then
            delimiter=","
        else
            delimiter=" -S "
        fi
        new_grouped_syscalls="${rule_syscalls_to_edit}"
        for syscall in "${syscall_a[@]}"
        do
            grep -q -- "\b${syscall}\b" &lt;&lt;&lt; "${rule_syscalls_to_edit}" || {
               # A syscall was not found in the candidate rule
               new_grouped_syscalls+="${delimiter}${syscall}"
               }
        done

        # Group the syscall in the rule
        sed -i -e "\#${rule_to_edit}#s#${rule_syscalls_to_edit}#${new_grouped_syscalls}#" "$file_to_edit"
    fi
fi

else
    &gt;&amp;2 echo 'Remediation is not applicable, nothing was done'
fi
</fix>
          <fix xmlns:xhtml="http://www.w3.org/1999/xhtml" id="audit_rules_privileged_commands_ssh_agent" system="urn:xccdf:fix:script:ansible" complexity="low" disruption="low" strategy="restrict">- name: Gather the package facts
  package_facts:
    manager: auto
  tags:
  - CCE-85590-8
  - DISA-STIG-SLES-15-030370
  - audit_rules_privileged_commands_ssh_agent
  - low_complexity
  - low_disruption
  - medium_severity
  - no_reboot_needed
  - restrict_strategy

- name: Record Any Attempts to Run ssh-agent - Perform remediation of Audit rules
    for /usr/bin/ssh-agent
  block:

  - name: Declare list of syscalls
    ansible.builtin.set_fact:
      syscalls: []
      syscall_grouping: []

  - name: Check existence of  in /etc/audit/rules.d/
    ansible.builtin.find:
      paths: /etc/audit/rules.d
      contains: -a always,exit(( -S |,)\w+)*(( -S |,){{ item }})+(( -S |,)\w+)* -F
        path=/usr/bin/ssh-agent -F perm=x -F auid&gt;=1000 -F auid!=unset (-k\s+|-F\s+key=)\S+\s*$
      patterns: '*.rules'
    register: find_command
    loop: '{{ (syscall_grouping + syscalls) | unique }}'

  - name: Reset syscalls found per file
    ansible.builtin.set_fact:
      syscalls_per_file: {}
      found_paths_dict: {}

  - name: Declare syscalls found per file
    ansible.builtin.set_fact: syscalls_per_file="{{ syscalls_per_file | combine( {item.files[0].path
      :[item.item] + syscalls_per_file.get(item.files[0].path, []) } ) }}"
    loop: '{{ find_command.results | selectattr(''matched'') | list }}'

  - name: Declare files where syscalls were found
    ansible.builtin.set_fact: found_paths="{{ find_command.results | map(attribute='files')
      | flatten | map(attribute='path') | list }}"

  - name: Count occurrences of syscalls in paths
    ansible.builtin.set_fact: found_paths_dict="{{ found_paths_dict | combine({ item:1+found_paths_dict.get(item,
      0) }) }}"
    loop: '{{ find_command.results | map(attribute=''files'') | flatten | map(attribute=''path'')
      | list }}'

  - name: Get path with most syscalls
    ansible.builtin.set_fact: audit_file="{{ (found_paths_dict | dict2items() | sort(attribute='value')
      | last).key }}"
    when: found_paths | length &gt;= 1

  - name: No file with syscall found, set path to /etc/audit/rules.d/privileged.rules
    ansible.builtin.set_fact: audit_file="/etc/audit/rules.d/privileged.rules"
    when: found_paths | length == 0

  - name: Declare found syscalls
    ansible.builtin.set_fact: syscalls_found="{{ find_command.results | selectattr('matched')
      | map(attribute='item') | list }}"

  - name: Declare missing syscalls
    ansible.builtin.set_fact: missing_syscalls="{{ syscalls | difference(syscalls_found)
      }}"

  - name: Replace the audit rule in {{ audit_file }}
    ansible.builtin.lineinfile:
      path: '{{ audit_file }}'
      regexp: (-a always,exit)(?=.*(?:(?:-S |,)(?:{{ syscalls_per_file[audit_file]
        | join("|") }}))\b)((?:( -S |,)\w+)+)( -F path=/usr/bin/ssh-agent -F perm=x
        -F auid&gt;=1000 -F auid!=unset (?:-k |-F key=)\w+)
      line: \1\2\3{{ missing_syscalls | join("\3") }}\4
      backrefs: true
      state: present
      mode: g-rwx,o-rwx
    when: syscalls_found | length &gt; 0 and missing_syscalls | length &gt; 0

  - name: Add the audit rule to {{ audit_file }}
    ansible.builtin.lineinfile:
      path: '{{ audit_file }}'
      line: -a always,exit{{ syscalls | join(',') }} -F path=/usr/bin/ssh-agent -F
        perm=x -F auid&gt;=1000 -F auid!=unset -F key=privileged
      create: true
      mode: g-rwx,o-rwx
      state: present
    when: syscalls_found | length == 0

  - name: Declare list of syscalls
    ansible.builtin.set_fact:
      syscalls: []
      syscall_grouping: []

  - name: Check existence of  in /etc/audit/audit.rules
    ansible.builtin.find:
      paths: /etc/audit
      contains: -a always,exit(( -S |,)\w+)*(( -S |,){{ item }})+(( -S |,)\w+)* -F
        path=/usr/bin/ssh-agent -F perm=x -F auid&gt;=1000 -F auid!=unset (-k\s+|-F\s+key=)\S+\s*$
      patterns: audit.rules
    register: find_command
    loop: '{{ (syscall_grouping + syscalls) | unique }}'

  - name: Set path to /etc/audit/audit.rules
    ansible.builtin.set_fact: audit_file="/etc/audit/audit.rules"

  - name: Declare found syscalls
    ansible.builtin.set_fact: syscalls_found="{{ find_command.results | selectattr('matched')
      | map(attribute='item') | list }}"

  - name: Declare missing syscalls
    ansible.builtin.set_fact: missing_syscalls="{{ syscalls | difference(syscalls_found)
      }}"

  - name: Replace the audit rule in {{ audit_file }}
    ansible.builtin.lineinfile:
      path: '{{ audit_file }}'
      regexp: (-a always,exit)(?=.*(?:(?:-S |,)(?:{{ syscalls_found | join("|") }}))\b)((?:(
        -S |,)\w+)+)( -F path=/usr/bin/ssh-agent -F perm=x -F auid&gt;=1000 -F auid!=unset
        (?:-k |-F key=)\w+)
      line: \1\2\3{{ missing_syscalls | join("\3") }}\4
      backrefs: true
      state: present
      mode: g-rwx,o-rwx
    when: syscalls_found | length &gt; 0 and missing_syscalls | length &gt; 0

  - name: Add the audit rule to {{ audit_file }}
    ansible.builtin.lineinfile:
      path: '{{ audit_file }}'
      line: -a always,exit{{ syscalls | join(',') }} -F path=/usr/bin/ssh-agent -F
        perm=x -F auid&gt;=1000 -F auid!=unset -F key=privileged
      create: true
      mode: g-rwx,o-rwx
      state: present
    when: syscalls_found | length == 0
  when:
  - '"audit" in ansible_facts.packages'
  - ("kernel-default" in ansible_facts.packages or "kernel-default-base" in ansible_facts.packages)
  tags:
  - CCE-85590-8
  - DISA-STIG-SLES-15-030370
  - audit_rules_privileged_commands_ssh_agent
  - low_complexity
  - low_disruption
  - medium_severity
  - no_reboot_needed
  - restrict_strategy
</fix>
          <check system="http://oval.mitre.org/XMLSchema/oval-definitions-5">
            <check-content-ref name="oval:ssg-audit_rules_privileged_commands_ssh_agent:def:1" href="ssg-sle15-oval.xml"/>
          </check>
          <check system="http://scap.nist.gov/schema/ocil/2">
            <check-content-ref name="ocil:ssg-audit_rules_privileged_commands_ssh_agent_ocil:questionnaire:1" href="ssg-sle15-ocil.xml"/>
          </check>
        </Rule>
        <Rule id="xccdf_org.ssgproject.content_rule_audit_rules_privileged_commands_ssh_keysign" selected="false" role="full" severity="medium">
          <title xmlns:xhtml="http://www.w3.org/1999/xhtml" xml:lang="en-US">Ensure auditd Collects Information on the Use of Privileged Commands - ssh-keysign</title>
          <description xmlns:xhtml="http://www.w3.org/1999/xhtml" xml:lang="en-US">


At a minimum, the audit system should collect the execution of privileged
commands for all users and root.

If the <html:code xmlns:html="http://www.w3.org/1999/xhtml">auditd</html:code> daemon is configured to use the <html:code xmlns:html="http://www.w3.org/1999/xhtml">augenrules</html:code>
program to read audit rules during daemon startup (the default), add
a line of the following form to a file with suffix <html:code xmlns:html="http://www.w3.org/1999/xhtml">.rules</html:code>
in the directory <html:code xmlns:html="http://www.w3.org/1999/xhtml">/etc/audit/rules.d</html:code>:
<html:pre xmlns:html="http://www.w3.org/1999/xhtml">-a always,exit -F path=/usr/lib/ssh/ssh-keysign -F perm=x -F auid&gt;=1000 -F auid!=unset -F key=privileged</html:pre>

If the <html:code xmlns:html="http://www.w3.org/1999/xhtml">auditd</html:code> daemon is configured to use the <html:code xmlns:html="http://www.w3.org/1999/xhtml">auditctl</html:code>
utility to read audit rules during daemon startup, add a line of the
following form to <html:code xmlns:html="http://www.w3.org/1999/xhtml">/etc/audit/audit.rules</html:code>:
<html:pre xmlns:html="http://www.w3.org/1999/xhtml">-a always,exit -F path=/usr/lib/ssh/ssh-keysign -F perm=x -F auid&gt;=1000 -F auid!=unset -F key=privileged</html:pre>
       </description>
          <reference href="https://www.cisecurity.org/controls/">1</reference>
          <reference href="https://www.cisecurity.org/controls/">12</reference>
          <reference href="https://www.cisecurity.org/controls/">13</reference>
          <reference href="https://www.cisecurity.org/controls/">14</reference>
          <reference href="https://www.cisecurity.org/controls/">15</reference>
          <reference href="https://www.cisecurity.org/controls/">16</reference>
          <reference href="https://www.cisecurity.org/controls/">2</reference>
          <reference href="https://www.cisecurity.org/controls/">3</reference>
          <reference href="https://www.cisecurity.org/controls/">5</reference>
          <reference href="https://www.cisecurity.org/controls/">6</reference>
          <reference href="https://www.cisecurity.org/controls/">7</reference>
          <reference href="https://www.cisecurity.org/controls/">8</reference>
          <reference href="https://www.cisecurity.org/controls/">9</reference>
          <reference href="https://www.isaca.org/resources/cobit">APO10.01</reference>
          <reference href="https://www.isaca.org/resources/cobit">APO10.03</reference>
          <reference href="https://www.isaca.org/resources/cobit">APO10.04</reference>
          <reference href="https://www.isaca.org/resources/cobit">APO10.05</reference>
          <reference href="https://www.isaca.org/resources/cobit">APO11.04</reference>
          <reference href="https://www.isaca.org/resources/cobit">BAI03.05</reference>
          <reference href="https://www.isaca.org/resources/cobit">DSS01.03</reference>
          <reference href="https://www.isaca.org/resources/cobit">DSS03.05</reference>
          <reference href="https://www.isaca.org/resources/cobit">DSS05.02</reference>
          <reference href="https://www.isaca.org/resources/cobit">DSS05.04</reference>
          <reference href="https://www.isaca.org/resources/cobit">DSS05.05</reference>
          <reference href="https://www.isaca.org/resources/cobit">DSS05.07</reference>
          <reference href="https://www.isaca.org/resources/cobit">MEA01.01</reference>
          <reference href="https://www.isaca.org/resources/cobit">MEA01.02</reference>
          <reference href="https://www.isaca.org/resources/cobit">MEA01.03</reference>
          <reference href="https://www.isaca.org/resources/cobit">MEA01.04</reference>
          <reference href="https://www.isaca.org/resources/cobit">MEA01.05</reference>
          <reference href="https://www.isaca.org/resources/cobit">MEA02.01</reference>
          <reference href="http://nvlpubs.nist.gov/nistpubs/SpecialPublications/NIST.SP.800-171.pdf">3.1.7</reference>
          <reference href="https://www.gpo.gov/fdsys/pkg/CFR-2007-title45-vol1/pdf/CFR-2007-title45-vol1-chapA-subchapC.pdf">164.308(a)(1)(ii)(D)</reference>
          <reference href="https://www.gpo.gov/fdsys/pkg/CFR-2007-title45-vol1/pdf/CFR-2007-title45-vol1-chapA-subchapC.pdf">164.308(a)(3)(ii)(A)</reference>
          <reference href="https://www.gpo.gov/fdsys/pkg/CFR-2007-title45-vol1/pdf/CFR-2007-title45-vol1-chapA-subchapC.pdf">164.308(a)(5)(ii)(C)</reference>
          <reference href="https://www.gpo.gov/fdsys/pkg/CFR-2007-title45-vol1/pdf/CFR-2007-title45-vol1-chapA-subchapC.pdf">164.312(a)(2)(i)</reference>
          <reference href="https://www.gpo.gov/fdsys/pkg/CFR-2007-title45-vol1/pdf/CFR-2007-title45-vol1-chapA-subchapC.pdf">164.312(b)</reference>
          <reference href="https://www.gpo.gov/fdsys/pkg/CFR-2007-title45-vol1/pdf/CFR-2007-title45-vol1-chapA-subchapC.pdf">164.312(d)</reference>
          <reference href="https://www.gpo.gov/fdsys/pkg/CFR-2007-title45-vol1/pdf/CFR-2007-title45-vol1-chapA-subchapC.pdf">164.312(e)</reference>
          <reference href="https://www.isa.org/products/isa-62443-2-1-2009-security-for-industrial-automat">4.3.2.6.7</reference>
          <reference href="https://www.isa.org/products/isa-62443-2-1-2009-security-for-industrial-automat">4.3.3.3.9</reference>
          <reference href="https://www.isa.org/products/isa-62443-2-1-2009-security-for-industrial-automat">4.3.3.5.8</reference>
          <reference href="https://www.isa.org/products/isa-62443-2-1-2009-security-for-industrial-automat">4.3.4.4.7</reference>
          <reference href="https://www.isa.org/products/isa-62443-2-1-2009-security-for-industrial-automat">4.4.2.1</reference>
          <reference href="https://www.isa.org/products/isa-62443-2-1-2009-security-for-industrial-automat">4.4.2.2</reference>
          <reference href="https://www.isa.org/products/isa-62443-2-1-2009-security-for-industrial-automat">4.4.2.4</reference>
          <reference href="https://www.isa.org/products/ansi-isa-62443-3-3-99-03-03-2013-security-for-indu">SR 2.10</reference>
          <reference href="https://www.isa.org/products/ansi-isa-62443-3-3-99-03-03-2013-security-for-indu">SR 2.11</reference>
          <reference href="https://www.isa.org/products/ansi-isa-62443-3-3-99-03-03-2013-security-for-indu">SR 2.12</reference>
          <reference href="https://www.isa.org/products/ansi-isa-62443-3-3-99-03-03-2013-security-for-indu">SR 2.8</reference>
          <reference href="https://www.isa.org/products/ansi-isa-62443-3-3-99-03-03-2013-security-for-indu">SR 2.9</reference>
          <reference href="https://www.isa.org/products/ansi-isa-62443-3-3-99-03-03-2013-security-for-indu">SR 6.1</reference>
          <reference href="https://www.isa.org/products/ansi-isa-62443-3-3-99-03-03-2013-security-for-indu">SR 6.2</reference>
          <reference href="https://www.iso.org/contents/data/standard/05/45/54534.html">A.12.4.1</reference>
          <reference href="https://www.iso.org/contents/data/standard/05/45/54534.html">A.12.4.2</reference>
          <reference href="https://www.iso.org/contents/data/standard/05/45/54534.html">A.12.4.3</reference>
          <reference href="https://www.iso.org/contents/data/standard/05/45/54534.html">A.12.4.4</reference>
          <reference href="https://www.iso.org/contents/data/standard/05/45/54534.html">A.12.7.1</reference>
          <reference href="https://www.iso.org/contents/data/standard/05/45/54534.html">A.14.2.7</reference>
          <reference href="https://www.iso.org/contents/data/standard/05/45/54534.html">A.15.2.1</reference>
          <reference href="https://www.iso.org/contents/data/standard/05/45/54534.html">A.15.2.2</reference>
          <reference href="http://nvlpubs.nist.gov/nistpubs/SpecialPublications/NIST.SP.800-53r4.pdf">AU-2(d)</reference>
          <reference href="http://nvlpubs.nist.gov/nistpubs/SpecialPublications/NIST.SP.800-53r4.pdf">AU-12(c)</reference>
          <reference href="http://nvlpubs.nist.gov/nistpubs/SpecialPublications/NIST.SP.800-53r4.pdf">AC-6(9)</reference>
          <reference href="http://nvlpubs.nist.gov/nistpubs/SpecialPublications/NIST.SP.800-53r4.pdf">CM-6(a)</reference>
          <reference href="https://nvlpubs.nist.gov/nistpubs/CSWP/NIST.CSWP.04162018.pdf">DE.CM-1</reference>
          <reference href="https://nvlpubs.nist.gov/nistpubs/CSWP/NIST.CSWP.04162018.pdf">DE.CM-3</reference>
          <reference href="https://nvlpubs.nist.gov/nistpubs/CSWP/NIST.CSWP.04162018.pdf">DE.CM-7</reference>
          <reference href="https://nvlpubs.nist.gov/nistpubs/CSWP/NIST.CSWP.04162018.pdf">ID.SC-4</reference>
          <reference href="https://nvlpubs.nist.gov/nistpubs/CSWP/NIST.CSWP.04162018.pdf">PR.PT-1</reference>
          <reference href="https://www.cyber.mil/stigs/downloads/?_dl_facet_stigs=operating-systems%2Cgeneral-purpose-os">SRG-OS-000037-GPOS-00015</reference>
          <reference href="https://www.cyber.mil/stigs/downloads/?_dl_facet_stigs=operating-systems%2Cgeneral-purpose-os">SRG-OS-000042-GPOS-00020</reference>
          <reference href="https://www.cyber.mil/stigs/downloads/?_dl_facet_stigs=operating-systems%2Cgeneral-purpose-os">SRG-OS-000062-GPOS-00031</reference>
          <reference href="https://www.cyber.mil/stigs/downloads/?_dl_facet_stigs=operating-systems%2Cgeneral-purpose-os">SRG-OS-000392-GPOS-00172</reference>
          <reference href="https://www.cyber.mil/stigs/downloads/?_dl_facet_stigs=operating-systems%2Cgeneral-purpose-os">SRG-OS-000462-GPOS-00206</reference>
          <reference href="https://www.cyber.mil/stigs/downloads/?_dl_facet_stigs=operating-systems%2Cgeneral-purpose-os">SRG-OS-000471-GPOS-00215</reference>
          <reference href="https://www.cyber.mil/stigs/downloads/?_dl_facet_stigs=app-security">SRG-APP-000029-CTR-000085</reference>
          <reference href="https://www.cyber.mil/stigs/downloads/?_dl_facet_stigs=app-security">SRG-APP-000495-CTR-001235</reference>
          <reference href="https://www.cyber.mil/stigs/downloads/?_dl_facet_stigs=operating-systems%2Cunix-linux">SLES-15-030060</reference>
          <reference href="not_publicly_available">SLES-15-750450705</reference>
          <reference href="https://www.cyber.mil/stigs/srg-stig-tools/">SV-234905r958412_rule</reference>
          <rationale xmlns:xhtml="http://www.w3.org/1999/xhtml" xml:lang="en-US">Misuse of privileged functions, either intentionally or unintentionally by
authorized users, or by unauthorized external entities that have compromised system accounts,
is a serious and ongoing concern and can have significant adverse impacts on organizations.
Auditing the use of privileged functions is one way to detect such misuse and identify
the risk from insider and advanced persistent threats.
<html:br xmlns:html="http://www.w3.org/1999/xhtml"/>
        <html:br xmlns:html="http://www.w3.org/1999/xhtml"/>
Privileged programs are subject to escalation-of-privilege attacks,
which attempt to subvert their normal role of providing some necessary but
limited capability. As such, motivation exists to monitor these programs for
unusual activity.</rationale>
          <ident system="https://ncp.nist.gov/cce">CCE-85582-5</ident>
          <fix xmlns:xhtml="http://www.w3.org/1999/xhtml" id="audit_rules_privileged_commands_ssh_keysign" system="urn:xccdf:fix:script:sh"># Remediation is applicable only in certain platforms
if rpm --quiet -q audit &amp;&amp; rpm --quiet -q kernel-default || rpm --quiet -q kernel-default-base; then

# Retrieve hardware architecture of the underlying system
OTHER_FILTERS="-F path=/usr/lib/ssh/ssh-keysign -F perm=x"
AUID_FILTERS="-F auid&gt;=1000 -F auid!=unset"
SYSCALL=""
KEY="privileged"
SYSCALL_GROUPING=""


ACTION_ARCH_FILTERS="-a always,exit"
# Perform the remediation for both possible tools: 'auditctl' and 'augenrules'
unset syscall_a
unset syscall_grouping
unset syscall_string
unset syscall
unset file_to_edit
unset rule_to_edit
unset rule_syscalls_to_edit
unset other_string
unset auid_string
unset full_rule

# Load macro arguments into arrays
read -a syscall_a &lt;&lt;&lt; $SYSCALL
read -a syscall_grouping &lt;&lt;&lt; $SYSCALL_GROUPING

# Create a list of audit *.rules files that should be inspected for presence and correctness
# of a particular audit rule. The scheme is as follows:
#
# -----------------------------------------------------------------------------------------
#  Tool used to load audit rules | Rule already defined  |  Audit rules file to inspect    |
# -----------------------------------------------------------------------------------------
#        auditctl                |     Doesn't matter    |  /etc/audit/audit.rules         |
# -----------------------------------------------------------------------------------------
#        augenrules              |          Yes          |  /etc/audit/rules.d/*.rules     |
#        augenrules              |          No           |  /etc/audit/rules.d/$key.rules  |
# -----------------------------------------------------------------------------------------
#
files_to_inspect=()

# If audit tool is 'augenrules', then check if the audit rule is defined
# If rule is defined, add '/etc/audit/rules.d/*.rules' to the list for inspection
# If rule isn't defined yet, add '/etc/audit/rules.d/$key.rules' to the list for inspection
default_file="/etc/audit/rules.d/$KEY.rules"
# As other_filters may include paths, lets use a different delimiter for it
# The "F" script expression tells sed to print the filenames where the expressions matched
readarray -t files_to_inspect &lt; &lt;(sed -s -n -e "/^$ACTION_ARCH_FILTERS/!d" -e "\#$OTHER_FILTERS#!d" -e "/$AUID_FILTERS/!d" -e "F" /etc/audit/rules.d/*.rules)
# Case when particular rule isn't defined in /etc/audit/rules.d/*.rules yet
if [ ${#files_to_inspect[@]} -eq "0" ]
then
    file_to_inspect="/etc/audit/rules.d/$KEY.rules"
    files_to_inspect=("$file_to_inspect")
    if [ ! -e "$file_to_inspect" ]
    then
        touch "$file_to_inspect"
        chmod 0600 "$file_to_inspect"
    fi
fi

# After converting to jinja, we cannot return; therefore we skip the rest of the macro if needed instead
skip=1

for audit_file in "${files_to_inspect[@]}"
do
    # Filter existing $audit_file rules' definitions to select those that satisfy the rule pattern,
    # i.e, collect rules that match:
    # * the action, list and arch, (2-nd argument)
    # * the other filters, (3-rd argument)
    # * the auid filters, (4-rd argument)
    readarray -t similar_rules &lt; &lt;(sed -e "/^$ACTION_ARCH_FILTERS/!d"  -e "\#$OTHER_FILTERS#!d" -e "/$AUID_FILTERS/!d" "$audit_file")

    candidate_rules=()
    # Filter out rules that have more fields then required. This will remove rules more specific than the required scope
    for s_rule in "${similar_rules[@]}"
    do
        # Strip all the options and fields we know of,
        # than check if there was any field left over
        extra_fields=$(sed -E -e "s/^$ACTION_ARCH_FILTERS//"  -e "s#$OTHER_FILTERS##" -e "s/$AUID_FILTERS//" -e "s/((:?-S [[:alnum:],]+)+)//g" -e "s/-F key=\w+|-k \w+//"&lt;&lt;&lt; "$s_rule")
        grep -q -- "-F" &lt;&lt;&lt; "$extra_fields" || candidate_rules+=("$s_rule")
    done

    if [[ ${#syscall_a[@]} -ge 1 ]]
    then
        # Check if the syscall we want is present in any of the similar existing rules
        for rule in "${candidate_rules[@]}"
        do
            rule_syscalls=$(echo "$rule" | grep -o -P '(-S [\w,]+)+' | xargs)
            all_syscalls_found=0
            for syscall in "${syscall_a[@]}"
            do
                grep -q -- "\b${syscall}\b" &lt;&lt;&lt; "$rule_syscalls" || {
                   # A syscall was not found in the candidate rule
                   all_syscalls_found=1
                   }
            done
            if [[ $all_syscalls_found -eq 0 ]]
            then
                # We found a rule with all the syscall(s) we want; skip rest of macro
                skip=0
                break
            fi

            # Check if this rule can be grouped with our target syscall and keep track of it
            for syscall_g in "${syscall_grouping[@]}"
            do
                if grep -q -- "\b${syscall_g}\b" &lt;&lt;&lt; "$rule_syscalls"
                then
                    file_to_edit=${audit_file}
                    rule_to_edit=${rule}
                    rule_syscalls_to_edit=${rule_syscalls}
                fi
            done
        done
    else
        # If there is any candidate rule, it is compliant; skip rest of macro
        if [ "${#candidate_rules[@]}" -gt 0 ]
        then
            skip=0
        fi
    fi

    if [ "$skip" -eq 0 ]; then
        break
    fi
done

if [ "$skip" -ne 0 ]; then
    # We checked all rules that matched the expected resemblance pattern (action, arch &amp; auid)
    # At this point we know if we need to either append the $full_rule or group
    # the syscall together with an exsiting rule

    # Append the full_rule if it cannot be grouped to any other rule
    if [ -z ${rule_to_edit+x} ]
    then
        # Build full_rule while avoid adding double spaces when other_filters is empty
        if [ "${#syscall_a[@]}" -gt 0 ]
        then
            syscall_string=""
            for syscall in "${syscall_a[@]}"
            do
                syscall_string+=" -S $syscall"
            done
        fi
        other_string=$([[ $OTHER_FILTERS ]] &amp;&amp; echo " $OTHER_FILTERS") || /bin/true
        auid_string=$([[ $AUID_FILTERS ]] &amp;&amp; echo " $AUID_FILTERS") || /bin/true
        full_rule="$ACTION_ARCH_FILTERS${syscall_string}${other_string}${auid_string} -F key=$KEY" || /bin/true
        echo "$full_rule" &gt;&gt; "$default_file"
        chmod 0600 ${default_file}
    else
        # Check if the syscalls are declared as a comma separated list or
        # as multiple -S parameters
        if grep -q -- "," &lt;&lt;&lt; "${rule_syscalls_to_edit}"
        then
            delimiter=","
        else
            delimiter=" -S "
        fi
        new_grouped_syscalls="${rule_syscalls_to_edit}"
        for syscall in "${syscall_a[@]}"
        do
            grep -q -- "\b${syscall}\b" &lt;&lt;&lt; "${rule_syscalls_to_edit}" || {
               # A syscall was not found in the candidate rule
               new_grouped_syscalls+="${delimiter}${syscall}"
               }
        done

        # Group the syscall in the rule
        sed -i -e "\#${rule_to_edit}#s#${rule_syscalls_to_edit}#${new_grouped_syscalls}#" "$file_to_edit"
    fi
fi
unset syscall_a
unset syscall_grouping
unset syscall_string
unset syscall
unset file_to_edit
unset rule_to_edit
unset rule_syscalls_to_edit
unset other_string
unset auid_string
unset full_rule

# Load macro arguments into arrays
read -a syscall_a &lt;&lt;&lt; $SYSCALL
read -a syscall_grouping &lt;&lt;&lt; $SYSCALL_GROUPING

# Create a list of audit *.rules files that should be inspected for presence and correctness
# of a particular audit rule. The scheme is as follows:
#
# -----------------------------------------------------------------------------------------
#  Tool used to load audit rules | Rule already defined  |  Audit rules file to inspect    |
# -----------------------------------------------------------------------------------------
#        auditctl                |     Doesn't matter    |  /etc/audit/audit.rules         |
# -----------------------------------------------------------------------------------------
#        augenrules              |          Yes          |  /etc/audit/rules.d/*.rules     |
#        augenrules              |          No           |  /etc/audit/rules.d/$key.rules  |
# -----------------------------------------------------------------------------------------
#
files_to_inspect=()


# If audit tool is 'auditctl', then add '/etc/audit/audit.rules'
# file to the list of files to be inspected
default_file="/etc/audit/audit.rules"
files_to_inspect+=('/etc/audit/audit.rules' )

# After converting to jinja, we cannot return; therefore we skip the rest of the macro if needed instead
skip=1

for audit_file in "${files_to_inspect[@]}"
do
    # Filter existing $audit_file rules' definitions to select those that satisfy the rule pattern,
    # i.e, collect rules that match:
    # * the action, list and arch, (2-nd argument)
    # * the other filters, (3-rd argument)
    # * the auid filters, (4-rd argument)
    readarray -t similar_rules &lt; &lt;(sed -e "/^$ACTION_ARCH_FILTERS/!d"  -e "\#$OTHER_FILTERS#!d" -e "/$AUID_FILTERS/!d" "$audit_file")

    candidate_rules=()
    # Filter out rules that have more fields then required. This will remove rules more specific than the required scope
    for s_rule in "${similar_rules[@]}"
    do
        # Strip all the options and fields we know of,
        # than check if there was any field left over
        extra_fields=$(sed -E -e "s/^$ACTION_ARCH_FILTERS//"  -e "s#$OTHER_FILTERS##" -e "s/$AUID_FILTERS//" -e "s/((:?-S [[:alnum:],]+)+)//g" -e "s/-F key=\w+|-k \w+//"&lt;&lt;&lt; "$s_rule")
        grep -q -- "-F" &lt;&lt;&lt; "$extra_fields" || candidate_rules+=("$s_rule")
    done

    if [[ ${#syscall_a[@]} -ge 1 ]]
    then
        # Check if the syscall we want is present in any of the similar existing rules
        for rule in "${candidate_rules[@]}"
        do
            rule_syscalls=$(echo "$rule" | grep -o -P '(-S [\w,]+)+' | xargs)
            all_syscalls_found=0
            for syscall in "${syscall_a[@]}"
            do
                grep -q -- "\b${syscall}\b" &lt;&lt;&lt; "$rule_syscalls" || {
                   # A syscall was not found in the candidate rule
                   all_syscalls_found=1
                   }
            done
            if [[ $all_syscalls_found -eq 0 ]]
            then
                # We found a rule with all the syscall(s) we want; skip rest of macro
                skip=0
                break
            fi

            # Check if this rule can be grouped with our target syscall and keep track of it
            for syscall_g in "${syscall_grouping[@]}"
            do
                if grep -q -- "\b${syscall_g}\b" &lt;&lt;&lt; "$rule_syscalls"
                then
                    file_to_edit=${audit_file}
                    rule_to_edit=${rule}
                    rule_syscalls_to_edit=${rule_syscalls}
                fi
            done
        done
    else
        # If there is any candidate rule, it is compliant; skip rest of macro
        if [ "${#candidate_rules[@]}" -gt 0 ]
        then
            skip=0
        fi
    fi

    if [ "$skip" -eq 0 ]; then
        break
    fi
done

if [ "$skip" -ne 0 ]; then
    # We checked all rules that matched the expected resemblance pattern (action, arch &amp; auid)
    # At this point we know if we need to either append the $full_rule or group
    # the syscall together with an exsiting rule

    # Append the full_rule if it cannot be grouped to any other rule
    if [ -z ${rule_to_edit+x} ]
    then
        # Build full_rule while avoid adding double spaces when other_filters is empty
        if [ "${#syscall_a[@]}" -gt 0 ]
        then
            syscall_string=""
            for syscall in "${syscall_a[@]}"
            do
                syscall_string+=" -S $syscall"
            done
        fi
        other_string=$([[ $OTHER_FILTERS ]] &amp;&amp; echo " $OTHER_FILTERS") || /bin/true
        auid_string=$([[ $AUID_FILTERS ]] &amp;&amp; echo " $AUID_FILTERS") || /bin/true
        full_rule="$ACTION_ARCH_FILTERS${syscall_string}${other_string}${auid_string} -F key=$KEY" || /bin/true
        echo "$full_rule" &gt;&gt; "$default_file"
        chmod 0600 ${default_file}
    else
        # Check if the syscalls are declared as a comma separated list or
        # as multiple -S parameters
        if grep -q -- "," &lt;&lt;&lt; "${rule_syscalls_to_edit}"
        then
            delimiter=","
        else
            delimiter=" -S "
        fi
        new_grouped_syscalls="${rule_syscalls_to_edit}"
        for syscall in "${syscall_a[@]}"
        do
            grep -q -- "\b${syscall}\b" &lt;&lt;&lt; "${rule_syscalls_to_edit}" || {
               # A syscall was not found in the candidate rule
               new_grouped_syscalls+="${delimiter}${syscall}"
               }
        done

        # Group the syscall in the rule
        sed -i -e "\#${rule_to_edit}#s#${rule_syscalls_to_edit}#${new_grouped_syscalls}#" "$file_to_edit"
    fi
fi

else
    &gt;&amp;2 echo 'Remediation is not applicable, nothing was done'
fi
</fix>
          <fix xmlns:xhtml="http://www.w3.org/1999/xhtml" id="audit_rules_privileged_commands_ssh_keysign" system="urn:xccdf:fix:script:ansible" complexity="low" disruption="low" strategy="restrict">- name: Gather the package facts
  package_facts:
    manager: auto
  tags:
  - CCE-85582-5
  - DISA-STIG-SLES-15-030060
  - NIST-800-171-3.1.7
  - NIST-800-53-AC-6(9)
  - NIST-800-53-AU-12(c)
  - NIST-800-53-AU-2(d)
  - NIST-800-53-CM-6(a)
  - audit_rules_privileged_commands_ssh_keysign
  - low_complexity
  - low_disruption
  - medium_severity
  - no_reboot_needed
  - restrict_strategy

- name: Ensure auditd Collects Information on the Use of Privileged Commands - ssh-keysign
    - Perform remediation of Audit rules for /usr/lib/ssh/ssh-keysign
  block:

  - name: Declare list of syscalls
    ansible.builtin.set_fact:
      syscalls: []
      syscall_grouping: []

  - name: Check existence of  in /etc/audit/rules.d/
    ansible.builtin.find:
      paths: /etc/audit/rules.d
      contains: -a always,exit(( -S |,)\w+)*(( -S |,){{ item }})+(( -S |,)\w+)* -F
        path=/usr/lib/ssh/ssh-keysign -F perm=x -F auid&gt;=1000 -F auid!=unset (-k\s+|-F\s+key=)\S+\s*$
      patterns: '*.rules'
    register: find_command
    loop: '{{ (syscall_grouping + syscalls) | unique }}'

  - name: Reset syscalls found per file
    ansible.builtin.set_fact:
      syscalls_per_file: {}
      found_paths_dict: {}

  - name: Declare syscalls found per file
    ansible.builtin.set_fact: syscalls_per_file="{{ syscalls_per_file | combine( {item.files[0].path
      :[item.item] + syscalls_per_file.get(item.files[0].path, []) } ) }}"
    loop: '{{ find_command.results | selectattr(''matched'') | list }}'

  - name: Declare files where syscalls were found
    ansible.builtin.set_fact: found_paths="{{ find_command.results | map(attribute='files')
      | flatten | map(attribute='path') | list }}"

  - name: Count occurrences of syscalls in paths
    ansible.builtin.set_fact: found_paths_dict="{{ found_paths_dict | combine({ item:1+found_paths_dict.get(item,
      0) }) }}"
    loop: '{{ find_command.results | map(attribute=''files'') | flatten | map(attribute=''path'')
      | list }}'

  - name: Get path with most syscalls
    ansible.builtin.set_fact: audit_file="{{ (found_paths_dict | dict2items() | sort(attribute='value')
      | last).key }}"
    when: found_paths | length &gt;= 1

  - name: No file with syscall found, set path to /etc/audit/rules.d/privileged.rules
    ansible.builtin.set_fact: audit_file="/etc/audit/rules.d/privileged.rules"
    when: found_paths | length == 0

  - name: Declare found syscalls
    ansible.builtin.set_fact: syscalls_found="{{ find_command.results | selectattr('matched')
      | map(attribute='item') | list }}"

  - name: Declare missing syscalls
    ansible.builtin.set_fact: missing_syscalls="{{ syscalls | difference(syscalls_found)
      }}"

  - name: Replace the audit rule in {{ audit_file }}
    ansible.builtin.lineinfile:
      path: '{{ audit_file }}'
      regexp: (-a always,exit)(?=.*(?:(?:-S |,)(?:{{ syscalls_per_file[audit_file]
        | join("|") }}))\b)((?:( -S |,)\w+)+)( -F path=/usr/lib/ssh/ssh-keysign -F
        perm=x -F auid&gt;=1000 -F auid!=unset (?:-k |-F key=)\w+)
      line: \1\2\3{{ missing_syscalls | join("\3") }}\4
      backrefs: true
      state: present
      mode: g-rwx,o-rwx
    when: syscalls_found | length &gt; 0 and missing_syscalls | length &gt; 0

  - name: Add the audit rule to {{ audit_file }}
    ansible.builtin.lineinfile:
      path: '{{ audit_file }}'
      line: -a always,exit{{ syscalls | join(',') }} -F path=/usr/lib/ssh/ssh-keysign
        -F perm=x -F auid&gt;=1000 -F auid!=unset -F key=privileged
      create: true
      mode: g-rwx,o-rwx
      state: present
    when: syscalls_found | length == 0

  - name: Declare list of syscalls
    ansible.builtin.set_fact:
      syscalls: []
      syscall_grouping: []

  - name: Check existence of  in /etc/audit/audit.rules
    ansible.builtin.find:
      paths: /etc/audit
      contains: -a always,exit(( -S |,)\w+)*(( -S |,){{ item }})+(( -S |,)\w+)* -F
        path=/usr/lib/ssh/ssh-keysign -F perm=x -F auid&gt;=1000 -F auid!=unset (-k\s+|-F\s+key=)\S+\s*$
      patterns: audit.rules
    register: find_command
    loop: '{{ (syscall_grouping + syscalls) | unique }}'

  - name: Set path to /etc/audit/audit.rules
    ansible.builtin.set_fact: audit_file="/etc/audit/audit.rules"

  - name: Declare found syscalls
    ansible.builtin.set_fact: syscalls_found="{{ find_command.results | selectattr('matched')
      | map(attribute='item') | list }}"

  - name: Declare missing syscalls
    ansible.builtin.set_fact: missing_syscalls="{{ syscalls | difference(syscalls_found)
      }}"

  - name: Replace the audit rule in {{ audit_file }}
    ansible.builtin.lineinfile:
      path: '{{ audit_file }}'
      regexp: (-a always,exit)(?=.*(?:(?:-S |,)(?:{{ syscalls_found | join("|") }}))\b)((?:(
        -S |,)\w+)+)( -F path=/usr/lib/ssh/ssh-keysign -F perm=x -F auid&gt;=1000 -F
        auid!=unset (?:-k |-F key=)\w+)
      line: \1\2\3{{ missing_syscalls | join("\3") }}\4
      backrefs: true
      state: present
      mode: g-rwx,o-rwx
    when: syscalls_found | length &gt; 0 and missing_syscalls | length &gt; 0

  - name: Add the audit rule to {{ audit_file }}
    ansible.builtin.lineinfile:
      path: '{{ audit_file }}'
      line: -a always,exit{{ syscalls | join(',') }} -F path=/usr/lib/ssh/ssh-keysign
        -F perm=x -F auid&gt;=1000 -F auid!=unset -F key=privileged
      create: true
      mode: g-rwx,o-rwx
      state: present
    when: syscalls_found | length == 0
  when:
  - '"audit" in ansible_facts.packages'
  - ("kernel-default" in ansible_facts.packages or "kernel-default-base" in ansible_facts.packages)
  tags:
  - CCE-85582-5
  - DISA-STIG-SLES-15-030060
  - NIST-800-171-3.1.7
  - NIST-800-53-AC-6(9)
  - NIST-800-53-AU-12(c)
  - NIST-800-53-AU-2(d)
  - NIST-800-53-CM-6(a)
  - audit_rules_privileged_commands_ssh_keysign
  - low_complexity
  - low_disruption
  - medium_severity
  - no_reboot_needed
  - restrict_strategy
</fix>
          <check system="http://oval.mitre.org/XMLSchema/oval-definitions-5">
            <check-content-ref name="oval:ssg-audit_rules_privileged_commands_ssh_keysign:def:1" href="ssg-sle15-oval.xml"/>
          </check>
          <check system="http://scap.nist.gov/schema/ocil/2">
            <check-content-ref name="ocil:ssg-audit_rules_privileged_commands_ssh_keysign_ocil:questionnaire:1" href="ssg-sle15-ocil.xml"/>
          </check>
        </Rule>
        <Rule id="xccdf_org.ssgproject.content_rule_audit_rules_privileged_commands_su" selected="false" role="full" severity="medium">
          <title xmlns:xhtml="http://www.w3.org/1999/xhtml" xml:lang="en-US">Ensure auditd Collects Information on the Use of Privileged Commands - su</title>
          <description xmlns:xhtml="http://www.w3.org/1999/xhtml" xml:lang="en-US">


At a minimum, the audit system should collect the execution of privileged
commands for all users and root.

If the <html:code xmlns:html="http://www.w3.org/1999/xhtml">auditd</html:code> daemon is configured to use the <html:code xmlns:html="http://www.w3.org/1999/xhtml">augenrules</html:code>
program to read audit rules during daemon startup (the default), add
a line of the following form to a file with suffix <html:code xmlns:html="http://www.w3.org/1999/xhtml">.rules</html:code>
in the directory <html:code xmlns:html="http://www.w3.org/1999/xhtml">/etc/audit/rules.d</html:code>:
<html:pre xmlns:html="http://www.w3.org/1999/xhtml">-a always,exit -F path=/usr/bin/su -F perm=x -F auid&gt;=1000 -F auid!=unset -F key=privileged</html:pre>

If the <html:code xmlns:html="http://www.w3.org/1999/xhtml">auditd</html:code> daemon is configured to use the <html:code xmlns:html="http://www.w3.org/1999/xhtml">auditctl</html:code>
utility to read audit rules during daemon startup, add a line of the
following form to <html:code xmlns:html="http://www.w3.org/1999/xhtml">/etc/audit/audit.rules</html:code>:
<html:pre xmlns:html="http://www.w3.org/1999/xhtml">-a always,exit -F path=/usr/bin/su -F perm=x -F auid&gt;=1000 -F auid!=unset -F key=privileged</html:pre>
       </description>
          <reference href="https://www.cisecurity.org/controls/">1</reference>
          <reference href="https://www.cisecurity.org/controls/">12</reference>
          <reference href="https://www.cisecurity.org/controls/">13</reference>
          <reference href="https://www.cisecurity.org/controls/">14</reference>
          <reference href="https://www.cisecurity.org/controls/">15</reference>
          <reference href="https://www.cisecurity.org/controls/">16</reference>
          <reference href="https://www.cisecurity.org/controls/">2</reference>
          <reference href="https://www.cisecurity.org/controls/">3</reference>
          <reference href="https://www.cisecurity.org/controls/">5</reference>
          <reference href="https://www.cisecurity.org/controls/">6</reference>
          <reference href="https://www.cisecurity.org/controls/">7</reference>
          <reference href="https://www.cisecurity.org/controls/">8</reference>
          <reference href="https://www.cisecurity.org/controls/">9</reference>
          <reference href="https://www.isaca.org/resources/cobit">APO10.01</reference>
          <reference href="https://www.isaca.org/resources/cobit">APO10.03</reference>
          <reference href="https://www.isaca.org/resources/cobit">APO10.04</reference>
          <reference href="https://www.isaca.org/resources/cobit">APO10.05</reference>
          <reference href="https://www.isaca.org/resources/cobit">APO11.04</reference>
          <reference href="https://www.isaca.org/resources/cobit">BAI03.05</reference>
          <reference href="https://www.isaca.org/resources/cobit">DSS01.03</reference>
          <reference href="https://www.isaca.org/resources/cobit">DSS03.05</reference>
          <reference href="https://www.isaca.org/resources/cobit">DSS05.02</reference>
          <reference href="https://www.isaca.org/resources/cobit">DSS05.04</reference>
          <reference href="https://www.isaca.org/resources/cobit">DSS05.05</reference>
          <reference href="https://www.isaca.org/resources/cobit">DSS05.07</reference>
          <reference href="https://www.isaca.org/resources/cobit">MEA01.01</reference>
          <reference href="https://www.isaca.org/resources/cobit">MEA01.02</reference>
          <reference href="https://www.isaca.org/resources/cobit">MEA01.03</reference>
          <reference href="https://www.isaca.org/resources/cobit">MEA01.04</reference>
          <reference href="https://www.isaca.org/resources/cobit">MEA01.05</reference>
          <reference href="https://www.isaca.org/resources/cobit">MEA02.01</reference>
          <reference href="http://nvlpubs.nist.gov/nistpubs/SpecialPublications/NIST.SP.800-171.pdf">3.1.7</reference>
          <reference href="https://www.gpo.gov/fdsys/pkg/CFR-2007-title45-vol1/pdf/CFR-2007-title45-vol1-chapA-subchapC.pdf">164.308(a)(1)(ii)(D)</reference>
          <reference href="https://www.gpo.gov/fdsys/pkg/CFR-2007-title45-vol1/pdf/CFR-2007-title45-vol1-chapA-subchapC.pdf">164.308(a)(3)(ii)(A)</reference>
          <reference href="https://www.gpo.gov/fdsys/pkg/CFR-2007-title45-vol1/pdf/CFR-2007-title45-vol1-chapA-subchapC.pdf">164.308(a)(5)(ii)(C)</reference>
          <reference href="https://www.gpo.gov/fdsys/pkg/CFR-2007-title45-vol1/pdf/CFR-2007-title45-vol1-chapA-subchapC.pdf">164.312(a)(2)(i)</reference>
          <reference href="https://www.gpo.gov/fdsys/pkg/CFR-2007-title45-vol1/pdf/CFR-2007-title45-vol1-chapA-subchapC.pdf">164.312(b)</reference>
          <reference href="https://www.gpo.gov/fdsys/pkg/CFR-2007-title45-vol1/pdf/CFR-2007-title45-vol1-chapA-subchapC.pdf">164.312(d)</reference>
          <reference href="https://www.gpo.gov/fdsys/pkg/CFR-2007-title45-vol1/pdf/CFR-2007-title45-vol1-chapA-subchapC.pdf">164.312(e)</reference>
          <reference href="https://www.isa.org/products/isa-62443-2-1-2009-security-for-industrial-automat">4.3.2.6.7</reference>
          <reference href="https://www.isa.org/products/isa-62443-2-1-2009-security-for-industrial-automat">4.3.3.3.9</reference>
          <reference href="https://www.isa.org/products/isa-62443-2-1-2009-security-for-industrial-automat">4.3.3.5.8</reference>
          <reference href="https://www.isa.org/products/isa-62443-2-1-2009-security-for-industrial-automat">4.3.4.4.7</reference>
          <reference href="https://www.isa.org/products/isa-62443-2-1-2009-security-for-industrial-automat">4.4.2.1</reference>
          <reference href="https://www.isa.org/products/isa-62443-2-1-2009-security-for-industrial-automat">4.4.2.2</reference>
          <reference href="https://www.isa.org/products/isa-62443-2-1-2009-security-for-industrial-automat">4.4.2.4</reference>
          <reference href="https://www.isa.org/products/ansi-isa-62443-3-3-99-03-03-2013-security-for-indu">SR 2.10</reference>
          <reference href="https://www.isa.org/products/ansi-isa-62443-3-3-99-03-03-2013-security-for-indu">SR 2.11</reference>
          <reference href="https://www.isa.org/products/ansi-isa-62443-3-3-99-03-03-2013-security-for-indu">SR 2.12</reference>
          <reference href="https://www.isa.org/products/ansi-isa-62443-3-3-99-03-03-2013-security-for-indu">SR 2.8</reference>
          <reference href="https://www.isa.org/products/ansi-isa-62443-3-3-99-03-03-2013-security-for-indu">SR 2.9</reference>
          <reference href="https://www.isa.org/products/ansi-isa-62443-3-3-99-03-03-2013-security-for-indu">SR 6.1</reference>
          <reference href="https://www.isa.org/products/ansi-isa-62443-3-3-99-03-03-2013-security-for-indu">SR 6.2</reference>
          <reference href="https://www.iso.org/contents/data/standard/05/45/54534.html">A.12.4.1</reference>
          <reference href="https://www.iso.org/contents/data/standard/05/45/54534.html">A.12.4.2</reference>
          <reference href="https://www.iso.org/contents/data/standard/05/45/54534.html">A.12.4.3</reference>
          <reference href="https://www.iso.org/contents/data/standard/05/45/54534.html">A.12.4.4</reference>
          <reference href="https://www.iso.org/contents/data/standard/05/45/54534.html">A.12.7.1</reference>
          <reference href="https://www.iso.org/contents/data/standard/05/45/54534.html">A.14.2.7</reference>
          <reference href="https://www.iso.org/contents/data/standard/05/45/54534.html">A.15.2.1</reference>
          <reference href="https://www.iso.org/contents/data/standard/05/45/54534.html">A.15.2.2</reference>
          <reference href="http://nvlpubs.nist.gov/nistpubs/SpecialPublications/NIST.SP.800-53r4.pdf">AU-2(d)</reference>
          <reference href="http://nvlpubs.nist.gov/nistpubs/SpecialPublications/NIST.SP.800-53r4.pdf">AU-12(c)</reference>
          <reference href="http://nvlpubs.nist.gov/nistpubs/SpecialPublications/NIST.SP.800-53r4.pdf">AC-6(9)</reference>
          <reference href="http://nvlpubs.nist.gov/nistpubs/SpecialPublications/NIST.SP.800-53r4.pdf">CM-6(a)</reference>
          <reference href="https://nvlpubs.nist.gov/nistpubs/CSWP/NIST.CSWP.04162018.pdf">DE.CM-1</reference>
          <reference href="https://nvlpubs.nist.gov/nistpubs/CSWP/NIST.CSWP.04162018.pdf">DE.CM-3</reference>
          <reference href="https://nvlpubs.nist.gov/nistpubs/CSWP/NIST.CSWP.04162018.pdf">DE.CM-7</reference>
          <reference href="https://nvlpubs.nist.gov/nistpubs/CSWP/NIST.CSWP.04162018.pdf">ID.SC-4</reference>
          <reference href="https://nvlpubs.nist.gov/nistpubs/CSWP/NIST.CSWP.04162018.pdf">PR.PT-1</reference>
          <reference href="https://www.cyber.mil/stigs/downloads/?_dl_facet_stigs=operating-systems%2Cgeneral-purpose-os">SRG-OS-000037-GPOS-00015</reference>
          <reference href="https://www.cyber.mil/stigs/downloads/?_dl_facet_stigs=operating-systems%2Cgeneral-purpose-os">SRG-OS-000042-GPOS-00020</reference>
          <reference href="https://www.cyber.mil/stigs/downloads/?_dl_facet_stigs=operating-systems%2Cgeneral-purpose-os">SRG-OS-000062-GPOS-00031</reference>
          <reference href="https://www.cyber.mil/stigs/downloads/?_dl_facet_stigs=operating-systems%2Cgeneral-purpose-os">SRG-OS-000064-GPOS-00033</reference>
          <reference href="https://www.cyber.mil/stigs/downloads/?_dl_facet_stigs=operating-systems%2Cgeneral-purpose-os">SRG-OS-000392-GPOS-00172</reference>
          <reference href="https://www.cyber.mil/stigs/downloads/?_dl_facet_stigs=operating-systems%2Cgeneral-purpose-os">SRG-OS-000462-GPOS-00206</reference>
          <reference href="https://www.cyber.mil/stigs/downloads/?_dl_facet_stigs=operating-systems%2Cgeneral-purpose-os">SRG-OS-000471-GPOS-00215</reference>
          <reference href="https://www.cyber.mil/stigs/downloads/?_dl_facet_stigs=operating-systems%2Cgeneral-purpose-os">SRG-OS-000466-GPOS-00210</reference>
          <reference href="https://www.cyber.mil/stigs/downloads/?_dl_facet_stigs=app-security">SRG-APP-000029-CTR-000085</reference>
          <reference href="https://www.cyber.mil/stigs/downloads/?_dl_facet_stigs=app-security">SRG-APP-000495-CTR-001235</reference>
          <reference href="https://www.cyber.mil/stigs/downloads/?_dl_facet_stigs=app-security">SRG-APP-000499-CTR-001255</reference>
          <reference href="https://www.cyber.mil/stigs/downloads/?_dl_facet_stigs=operating-systems%2Cgeneral-purpose-os">SRG-OS-000755-GPOS-00220</reference>
          <reference href="https://www.cyber.mil/stigs/downloads/?_dl_facet_stigs=operating-systems%2Cunix-linux">SLES-15-030550</reference>
          <reference href="https://www.cyber.mil/stigs/srg-stig-tools/">SV-234954r958412_rule</reference>
          <rationale xmlns:xhtml="http://www.w3.org/1999/xhtml" xml:lang="en-US">Misuse of privileged functions, either intentionally or unintentionally by
authorized users, or by unauthorized external entities that have compromised system accounts,
is a serious and ongoing concern and can have significant adverse impacts on organizations.
Auditing the use of privileged functions is one way to detect such misuse and identify
the risk from insider and advanced persistent threats.
<html:br xmlns:html="http://www.w3.org/1999/xhtml"/>
        <html:br xmlns:html="http://www.w3.org/1999/xhtml"/>
Privileged programs are subject to escalation-of-privilege attacks,
which attempt to subvert their normal role of providing some necessary but
limited capability. As such, motivation exists to monitor these programs for
unusual activity.</rationale>
          <ident system="https://ncp.nist.gov/cce">CCE-85602-1</ident>
          <fix xmlns:xhtml="http://www.w3.org/1999/xhtml" id="audit_rules_privileged_commands_su" system="urn:xccdf:fix:script:sh"># Remediation is applicable only in certain platforms
if rpm --quiet -q audit &amp;&amp; rpm --quiet -q kernel-default || rpm --quiet -q kernel-default-base; then

# Retrieve hardware architecture of the underlying system
OTHER_FILTERS="-F path=/usr/bin/su -F perm=x"
AUID_FILTERS="-F auid&gt;=1000 -F auid!=unset"
SYSCALL=""
KEY="privileged"
SYSCALL_GROUPING=""


ACTION_ARCH_FILTERS="-a always,exit"
# Perform the remediation for both possible tools: 'auditctl' and 'augenrules'
unset syscall_a
unset syscall_grouping
unset syscall_string
unset syscall
unset file_to_edit
unset rule_to_edit
unset rule_syscalls_to_edit
unset other_string
unset auid_string
unset full_rule

# Load macro arguments into arrays
read -a syscall_a &lt;&lt;&lt; $SYSCALL
read -a syscall_grouping &lt;&lt;&lt; $SYSCALL_GROUPING

# Create a list of audit *.rules files that should be inspected for presence and correctness
# of a particular audit rule. The scheme is as follows:
#
# -----------------------------------------------------------------------------------------
#  Tool used to load audit rules | Rule already defined  |  Audit rules file to inspect    |
# -----------------------------------------------------------------------------------------
#        auditctl                |     Doesn't matter    |  /etc/audit/audit.rules         |
# -----------------------------------------------------------------------------------------
#        augenrules              |          Yes          |  /etc/audit/rules.d/*.rules     |
#        augenrules              |          No           |  /etc/audit/rules.d/$key.rules  |
# -----------------------------------------------------------------------------------------
#
files_to_inspect=()

# If audit tool is 'augenrules', then check if the audit rule is defined
# If rule is defined, add '/etc/audit/rules.d/*.rules' to the list for inspection
# If rule isn't defined yet, add '/etc/audit/rules.d/$key.rules' to the list for inspection
default_file="/etc/audit/rules.d/$KEY.rules"
# As other_filters may include paths, lets use a different delimiter for it
# The "F" script expression tells sed to print the filenames where the expressions matched
readarray -t files_to_inspect &lt; &lt;(sed -s -n -e "/^$ACTION_ARCH_FILTERS/!d" -e "\#$OTHER_FILTERS#!d" -e "/$AUID_FILTERS/!d" -e "F" /etc/audit/rules.d/*.rules)
# Case when particular rule isn't defined in /etc/audit/rules.d/*.rules yet
if [ ${#files_to_inspect[@]} -eq "0" ]
then
    file_to_inspect="/etc/audit/rules.d/$KEY.rules"
    files_to_inspect=("$file_to_inspect")
    if [ ! -e "$file_to_inspect" ]
    then
        touch "$file_to_inspect"
        chmod 0600 "$file_to_inspect"
    fi
fi

# After converting to jinja, we cannot return; therefore we skip the rest of the macro if needed instead
skip=1

for audit_file in "${files_to_inspect[@]}"
do
    # Filter existing $audit_file rules' definitions to select those that satisfy the rule pattern,
    # i.e, collect rules that match:
    # * the action, list and arch, (2-nd argument)
    # * the other filters, (3-rd argument)
    # * the auid filters, (4-rd argument)
    readarray -t similar_rules &lt; &lt;(sed -e "/^$ACTION_ARCH_FILTERS/!d"  -e "\#$OTHER_FILTERS#!d" -e "/$AUID_FILTERS/!d" "$audit_file")

    candidate_rules=()
    # Filter out rules that have more fields then required. This will remove rules more specific than the required scope
    for s_rule in "${similar_rules[@]}"
    do
        # Strip all the options and fields we know of,
        # than check if there was any field left over
        extra_fields=$(sed -E -e "s/^$ACTION_ARCH_FILTERS//"  -e "s#$OTHER_FILTERS##" -e "s/$AUID_FILTERS//" -e "s/((:?-S [[:alnum:],]+)+)//g" -e "s/-F key=\w+|-k \w+//"&lt;&lt;&lt; "$s_rule")
        grep -q -- "-F" &lt;&lt;&lt; "$extra_fields" || candidate_rules+=("$s_rule")
    done

    if [[ ${#syscall_a[@]} -ge 1 ]]
    then
        # Check if the syscall we want is present in any of the similar existing rules
        for rule in "${candidate_rules[@]}"
        do
            rule_syscalls=$(echo "$rule" | grep -o -P '(-S [\w,]+)+' | xargs)
            all_syscalls_found=0
            for syscall in "${syscall_a[@]}"
            do
                grep -q -- "\b${syscall}\b" &lt;&lt;&lt; "$rule_syscalls" || {
                   # A syscall was not found in the candidate rule
                   all_syscalls_found=1
                   }
            done
            if [[ $all_syscalls_found -eq 0 ]]
            then
                # We found a rule with all the syscall(s) we want; skip rest of macro
                skip=0
                break
            fi

            # Check if this rule can be grouped with our target syscall and keep track of it
            for syscall_g in "${syscall_grouping[@]}"
            do
                if grep -q -- "\b${syscall_g}\b" &lt;&lt;&lt; "$rule_syscalls"
                then
                    file_to_edit=${audit_file}
                    rule_to_edit=${rule}
                    rule_syscalls_to_edit=${rule_syscalls}
                fi
            done
        done
    else
        # If there is any candidate rule, it is compliant; skip rest of macro
        if [ "${#candidate_rules[@]}" -gt 0 ]
        then
            skip=0
        fi
    fi

    if [ "$skip" -eq 0 ]; then
        break
    fi
done

if [ "$skip" -ne 0 ]; then
    # We checked all rules that matched the expected resemblance pattern (action, arch &amp; auid)
    # At this point we know if we need to either append the $full_rule or group
    # the syscall together with an exsiting rule

    # Append the full_rule if it cannot be grouped to any other rule
    if [ -z ${rule_to_edit+x} ]
    then
        # Build full_rule while avoid adding double spaces when other_filters is empty
        if [ "${#syscall_a[@]}" -gt 0 ]
        then
            syscall_string=""
            for syscall in "${syscall_a[@]}"
            do
                syscall_string+=" -S $syscall"
            done
        fi
        other_string=$([[ $OTHER_FILTERS ]] &amp;&amp; echo " $OTHER_FILTERS") || /bin/true
        auid_string=$([[ $AUID_FILTERS ]] &amp;&amp; echo " $AUID_FILTERS") || /bin/true
        full_rule="$ACTION_ARCH_FILTERS${syscall_string}${other_string}${auid_string} -F key=$KEY" || /bin/true
        echo "$full_rule" &gt;&gt; "$default_file"
        chmod 0600 ${default_file}
    else
        # Check if the syscalls are declared as a comma separated list or
        # as multiple -S parameters
        if grep -q -- "," &lt;&lt;&lt; "${rule_syscalls_to_edit}"
        then
            delimiter=","
        else
            delimiter=" -S "
        fi
        new_grouped_syscalls="${rule_syscalls_to_edit}"
        for syscall in "${syscall_a[@]}"
        do
            grep -q -- "\b${syscall}\b" &lt;&lt;&lt; "${rule_syscalls_to_edit}" || {
               # A syscall was not found in the candidate rule
               new_grouped_syscalls+="${delimiter}${syscall}"
               }
        done

        # Group the syscall in the rule
        sed -i -e "\#${rule_to_edit}#s#${rule_syscalls_to_edit}#${new_grouped_syscalls}#" "$file_to_edit"
    fi
fi
unset syscall_a
unset syscall_grouping
unset syscall_string
unset syscall
unset file_to_edit
unset rule_to_edit
unset rule_syscalls_to_edit
unset other_string
unset auid_string
unset full_rule

# Load macro arguments into arrays
read -a syscall_a &lt;&lt;&lt; $SYSCALL
read -a syscall_grouping &lt;&lt;&lt; $SYSCALL_GROUPING

# Create a list of audit *.rules files that should be inspected for presence and correctness
# of a particular audit rule. The scheme is as follows:
#
# -----------------------------------------------------------------------------------------
#  Tool used to load audit rules | Rule already defined  |  Audit rules file to inspect    |
# -----------------------------------------------------------------------------------------
#        auditctl                |     Doesn't matter    |  /etc/audit/audit.rules         |
# -----------------------------------------------------------------------------------------
#        augenrules              |          Yes          |  /etc/audit/rules.d/*.rules     |
#        augenrules              |          No           |  /etc/audit/rules.d/$key.rules  |
# -----------------------------------------------------------------------------------------
#
files_to_inspect=()


# If audit tool is 'auditctl', then add '/etc/audit/audit.rules'
# file to the list of files to be inspected
default_file="/etc/audit/audit.rules"
files_to_inspect+=('/etc/audit/audit.rules' )

# After converting to jinja, we cannot return; therefore we skip the rest of the macro if needed instead
skip=1

for audit_file in "${files_to_inspect[@]}"
do
    # Filter existing $audit_file rules' definitions to select those that satisfy the rule pattern,
    # i.e, collect rules that match:
    # * the action, list and arch, (2-nd argument)
    # * the other filters, (3-rd argument)
    # * the auid filters, (4-rd argument)
    readarray -t similar_rules &lt; &lt;(sed -e "/^$ACTION_ARCH_FILTERS/!d"  -e "\#$OTHER_FILTERS#!d" -e "/$AUID_FILTERS/!d" "$audit_file")

    candidate_rules=()
    # Filter out rules that have more fields then required. This will remove rules more specific than the required scope
    for s_rule in "${similar_rules[@]}"
    do
        # Strip all the options and fields we know of,
        # than check if there was any field left over
        extra_fields=$(sed -E -e "s/^$ACTION_ARCH_FILTERS//"  -e "s#$OTHER_FILTERS##" -e "s/$AUID_FILTERS//" -e "s/((:?-S [[:alnum:],]+)+)//g" -e "s/-F key=\w+|-k \w+//"&lt;&lt;&lt; "$s_rule")
        grep -q -- "-F" &lt;&lt;&lt; "$extra_fields" || candidate_rules+=("$s_rule")
    done

    if [[ ${#syscall_a[@]} -ge 1 ]]
    then
        # Check if the syscall we want is present in any of the similar existing rules
        for rule in "${candidate_rules[@]}"
        do
            rule_syscalls=$(echo "$rule" | grep -o -P '(-S [\w,]+)+' | xargs)
            all_syscalls_found=0
            for syscall in "${syscall_a[@]}"
            do
                grep -q -- "\b${syscall}\b" &lt;&lt;&lt; "$rule_syscalls" || {
                   # A syscall was not found in the candidate rule
                   all_syscalls_found=1
                   }
            done
            if [[ $all_syscalls_found -eq 0 ]]
            then
                # We found a rule with all the syscall(s) we want; skip rest of macro
                skip=0
                break
            fi

            # Check if this rule can be grouped with our target syscall and keep track of it
            for syscall_g in "${syscall_grouping[@]}"
            do
                if grep -q -- "\b${syscall_g}\b" &lt;&lt;&lt; "$rule_syscalls"
                then
                    file_to_edit=${audit_file}
                    rule_to_edit=${rule}
                    rule_syscalls_to_edit=${rule_syscalls}
                fi
            done
        done
    else
        # If there is any candidate rule, it is compliant; skip rest of macro
        if [ "${#candidate_rules[@]}" -gt 0 ]
        then
            skip=0
        fi
    fi

    if [ "$skip" -eq 0 ]; then
        break
    fi
done

if [ "$skip" -ne 0 ]; then
    # We checked all rules that matched the expected resemblance pattern (action, arch &amp; auid)
    # At this point we know if we need to either append the $full_rule or group
    # the syscall together with an exsiting rule

    # Append the full_rule if it cannot be grouped to any other rule
    if [ -z ${rule_to_edit+x} ]
    then
        # Build full_rule while avoid adding double spaces when other_filters is empty
        if [ "${#syscall_a[@]}" -gt 0 ]
        then
            syscall_string=""
            for syscall in "${syscall_a[@]}"
            do
                syscall_string+=" -S $syscall"
            done
        fi
        other_string=$([[ $OTHER_FILTERS ]] &amp;&amp; echo " $OTHER_FILTERS") || /bin/true
        auid_string=$([[ $AUID_FILTERS ]] &amp;&amp; echo " $AUID_FILTERS") || /bin/true
        full_rule="$ACTION_ARCH_FILTERS${syscall_string}${other_string}${auid_string} -F key=$KEY" || /bin/true
        echo "$full_rule" &gt;&gt; "$default_file"
        chmod 0600 ${default_file}
    else
        # Check if the syscalls are declared as a comma separated list or
        # as multiple -S parameters
        if grep -q -- "," &lt;&lt;&lt; "${rule_syscalls_to_edit}"
        then
            delimiter=","
        else
            delimiter=" -S "
        fi
        new_grouped_syscalls="${rule_syscalls_to_edit}"
        for syscall in "${syscall_a[@]}"
        do
            grep -q -- "\b${syscall}\b" &lt;&lt;&lt; "${rule_syscalls_to_edit}" || {
               # A syscall was not found in the candidate rule
               new_grouped_syscalls+="${delimiter}${syscall}"
               }
        done

        # Group the syscall in the rule
        sed -i -e "\#${rule_to_edit}#s#${rule_syscalls_to_edit}#${new_grouped_syscalls}#" "$file_to_edit"
    fi
fi

else
    &gt;&amp;2 echo 'Remediation is not applicable, nothing was done'
fi
</fix>
          <fix xmlns:xhtml="http://www.w3.org/1999/xhtml" id="audit_rules_privileged_commands_su" system="urn:xccdf:fix:script:ansible" complexity="low" disruption="low" strategy="restrict">- name: Gather the package facts
  package_facts:
    manager: auto
  tags:
  - CCE-85602-1
  - DISA-STIG-SLES-15-030550
  - NIST-800-171-3.1.7
  - NIST-800-53-AC-6(9)
  - NIST-800-53-AU-12(c)
  - NIST-800-53-AU-2(d)
  - NIST-800-53-CM-6(a)
  - audit_rules_privileged_commands_su
  - low_complexity
  - low_disruption
  - medium_severity
  - no_reboot_needed
  - restrict_strategy

- name: Ensure auditd Collects Information on the Use of Privileged Commands - su
    - Perform remediation of Audit rules for /usr/bin/su
  block:

  - name: Declare list of syscalls
    ansible.builtin.set_fact:
      syscalls: []
      syscall_grouping: []

  - name: Check existence of  in /etc/audit/rules.d/
    ansible.builtin.find:
      paths: /etc/audit/rules.d
      contains: -a always,exit(( -S |,)\w+)*(( -S |,){{ item }})+(( -S |,)\w+)* -F
        path=/usr/bin/su -F perm=x -F auid&gt;=1000 -F auid!=unset (-k\s+|-F\s+key=)\S+\s*$
      patterns: '*.rules'
    register: find_command
    loop: '{{ (syscall_grouping + syscalls) | unique }}'

  - name: Reset syscalls found per file
    ansible.builtin.set_fact:
      syscalls_per_file: {}
      found_paths_dict: {}

  - name: Declare syscalls found per file
    ansible.builtin.set_fact: syscalls_per_file="{{ syscalls_per_file | combine( {item.files[0].path
      :[item.item] + syscalls_per_file.get(item.files[0].path, []) } ) }}"
    loop: '{{ find_command.results | selectattr(''matched'') | list }}'

  - name: Declare files where syscalls were found
    ansible.builtin.set_fact: found_paths="{{ find_command.results | map(attribute='files')
      | flatten | map(attribute='path') | list }}"

  - name: Count occurrences of syscalls in paths
    ansible.builtin.set_fact: found_paths_dict="{{ found_paths_dict | combine({ item:1+found_paths_dict.get(item,
      0) }) }}"
    loop: '{{ find_command.results | map(attribute=''files'') | flatten | map(attribute=''path'')
      | list }}'

  - name: Get path with most syscalls
    ansible.builtin.set_fact: audit_file="{{ (found_paths_dict | dict2items() | sort(attribute='value')
      | last).key }}"
    when: found_paths | length &gt;= 1

  - name: No file with syscall found, set path to /etc/audit/rules.d/privileged.rules
    ansible.builtin.set_fact: audit_file="/etc/audit/rules.d/privileged.rules"
    when: found_paths | length == 0

  - name: Declare found syscalls
    ansible.builtin.set_fact: syscalls_found="{{ find_command.results | selectattr('matched')
      | map(attribute='item') | list }}"

  - name: Declare missing syscalls
    ansible.builtin.set_fact: missing_syscalls="{{ syscalls | difference(syscalls_found)
      }}"

  - name: Replace the audit rule in {{ audit_file }}
    ansible.builtin.lineinfile:
      path: '{{ audit_file }}'
      regexp: (-a always,exit)(?=.*(?:(?:-S |,)(?:{{ syscalls_per_file[audit_file]
        | join("|") }}))\b)((?:( -S |,)\w+)+)( -F path=/usr/bin/su -F perm=x -F auid&gt;=1000
        -F auid!=unset (?:-k |-F key=)\w+)
      line: \1\2\3{{ missing_syscalls | join("\3") }}\4
      backrefs: true
      state: present
      mode: g-rwx,o-rwx
    when: syscalls_found | length &gt; 0 and missing_syscalls | length &gt; 0

  - name: Add the audit rule to {{ audit_file }}
    ansible.builtin.lineinfile:
      path: '{{ audit_file }}'
      line: -a always,exit{{ syscalls | join(',') }} -F path=/usr/bin/su -F perm=x
        -F auid&gt;=1000 -F auid!=unset -F key=privileged
      create: true
      mode: g-rwx,o-rwx
      state: present
    when: syscalls_found | length == 0

  - name: Declare list of syscalls
    ansible.builtin.set_fact:
      syscalls: []
      syscall_grouping: []

  - name: Check existence of  in /etc/audit/audit.rules
    ansible.builtin.find:
      paths: /etc/audit
      contains: -a always,exit(( -S |,)\w+)*(( -S |,){{ item }})+(( -S |,)\w+)* -F
        path=/usr/bin/su -F perm=x -F auid&gt;=1000 -F auid!=unset (-k\s+|-F\s+key=)\S+\s*$
      patterns: audit.rules
    register: find_command
    loop: '{{ (syscall_grouping + syscalls) | unique }}'

  - name: Set path to /etc/audit/audit.rules
    ansible.builtin.set_fact: audit_file="/etc/audit/audit.rules"

  - name: Declare found syscalls
    ansible.builtin.set_fact: syscalls_found="{{ find_command.results | selectattr('matched')
      | map(attribute='item') | list }}"

  - name: Declare missing syscalls
    ansible.builtin.set_fact: missing_syscalls="{{ syscalls | difference(syscalls_found)
      }}"

  - name: Replace the audit rule in {{ audit_file }}
    ansible.builtin.lineinfile:
      path: '{{ audit_file }}'
      regexp: (-a always,exit)(?=.*(?:(?:-S |,)(?:{{ syscalls_found | join("|") }}))\b)((?:(
        -S |,)\w+)+)( -F path=/usr/bin/su -F perm=x -F auid&gt;=1000 -F auid!=unset (?:-k
        |-F key=)\w+)
      line: \1\2\3{{ missing_syscalls | join("\3") }}\4
      backrefs: true
      state: present
      mode: g-rwx,o-rwx
    when: syscalls_found | length &gt; 0 and missing_syscalls | length &gt; 0

  - name: Add the audit rule to {{ audit_file }}
    ansible.builtin.lineinfile:
      path: '{{ audit_file }}'
      line: -a always,exit{{ syscalls | join(',') }} -F path=/usr/bin/su -F perm=x
        -F auid&gt;=1000 -F auid!=unset -F key=privileged
      create: true
      mode: g-rwx,o-rwx
      state: present
    when: syscalls_found | length == 0
  when:
  - '"audit" in ansible_facts.packages'
  - ("kernel-default" in ansible_facts.packages or "kernel-default-base" in ansible_facts.packages)
  tags:
  - CCE-85602-1
  - DISA-STIG-SLES-15-030550
  - NIST-800-171-3.1.7
  - NIST-800-53-AC-6(9)
  - NIST-800-53-AU-12(c)
  - NIST-800-53-AU-2(d)
  - NIST-800-53-CM-6(a)
  - audit_rules_privileged_commands_su
  - low_complexity
  - low_disruption
  - medium_severity
  - no_reboot_needed
  - restrict_strategy
</fix>
          <check system="http://oval.mitre.org/XMLSchema/oval-definitions-5">
            <check-content-ref name="oval:ssg-audit_rules_privileged_commands_su:def:1" href="ssg-sle15-oval.xml"/>
          </check>
          <check system="http://scap.nist.gov/schema/ocil/2">
            <check-content-ref name="ocil:ssg-audit_rules_privileged_commands_su_ocil:questionnaire:1" href="ssg-sle15-ocil.xml"/>
          </check>
        </Rule>
        <Rule id="xccdf_org.ssgproject.content_rule_audit_rules_privileged_commands_sudo" selected="false" role="full" severity="medium">
          <title xmlns:xhtml="http://www.w3.org/1999/xhtml" xml:lang="en-US">Ensure auditd Collects Information on the Use of Privileged Commands - sudo</title>
          <description xmlns:xhtml="http://www.w3.org/1999/xhtml" xml:lang="en-US">


At a minimum, the audit system should collect the execution of privileged
commands for all users and root.

If the <html:code xmlns:html="http://www.w3.org/1999/xhtml">auditd</html:code> daemon is configured to use the <html:code xmlns:html="http://www.w3.org/1999/xhtml">augenrules</html:code>
program to read audit rules during daemon startup (the default), add
a line of the following form to a file with suffix <html:code xmlns:html="http://www.w3.org/1999/xhtml">.rules</html:code>
in the directory <html:code xmlns:html="http://www.w3.org/1999/xhtml">/etc/audit/rules.d</html:code>:
<html:pre xmlns:html="http://www.w3.org/1999/xhtml">-a always,exit -F path=/usr/bin/sudo -F perm=x -F auid&gt;=1000 -F auid!=unset -F key=privileged</html:pre>

If the <html:code xmlns:html="http://www.w3.org/1999/xhtml">auditd</html:code> daemon is configured to use the <html:code xmlns:html="http://www.w3.org/1999/xhtml">auditctl</html:code>
utility to read audit rules during daemon startup, add a line of the
following form to <html:code xmlns:html="http://www.w3.org/1999/xhtml">/etc/audit/audit.rules</html:code>:
<html:pre xmlns:html="http://www.w3.org/1999/xhtml">-a always,exit -F path=/usr/bin/sudo -F perm=x -F auid&gt;=1000 -F auid!=unset -F key=privileged</html:pre>
       </description>
          <reference href="https://www.cisecurity.org/controls/">1</reference>
          <reference href="https://www.cisecurity.org/controls/">12</reference>
          <reference href="https://www.cisecurity.org/controls/">13</reference>
          <reference href="https://www.cisecurity.org/controls/">14</reference>
          <reference href="https://www.cisecurity.org/controls/">15</reference>
          <reference href="https://www.cisecurity.org/controls/">16</reference>
          <reference href="https://www.cisecurity.org/controls/">2</reference>
          <reference href="https://www.cisecurity.org/controls/">3</reference>
          <reference href="https://www.cisecurity.org/controls/">5</reference>
          <reference href="https://www.cisecurity.org/controls/">6</reference>
          <reference href="https://www.cisecurity.org/controls/">7</reference>
          <reference href="https://www.cisecurity.org/controls/">8</reference>
          <reference href="https://www.cisecurity.org/controls/">9</reference>
          <reference href="https://www.isaca.org/resources/cobit">APO10.01</reference>
          <reference href="https://www.isaca.org/resources/cobit">APO10.03</reference>
          <reference href="https://www.isaca.org/resources/cobit">APO10.04</reference>
          <reference href="https://www.isaca.org/resources/cobit">APO10.05</reference>
          <reference href="https://www.isaca.org/resources/cobit">APO11.04</reference>
          <reference href="https://www.isaca.org/resources/cobit">BAI03.05</reference>
          <reference href="https://www.isaca.org/resources/cobit">DSS01.03</reference>
          <reference href="https://www.isaca.org/resources/cobit">DSS03.05</reference>
          <reference href="https://www.isaca.org/resources/cobit">DSS05.02</reference>
          <reference href="https://www.isaca.org/resources/cobit">DSS05.04</reference>
          <reference href="https://www.isaca.org/resources/cobit">DSS05.05</reference>
          <reference href="https://www.isaca.org/resources/cobit">DSS05.07</reference>
          <reference href="https://www.isaca.org/resources/cobit">MEA01.01</reference>
          <reference href="https://www.isaca.org/resources/cobit">MEA01.02</reference>
          <reference href="https://www.isaca.org/resources/cobit">MEA01.03</reference>
          <reference href="https://www.isaca.org/resources/cobit">MEA01.04</reference>
          <reference href="https://www.isaca.org/resources/cobit">MEA01.05</reference>
          <reference href="https://www.isaca.org/resources/cobit">MEA02.01</reference>
          <reference href="http://nvlpubs.nist.gov/nistpubs/SpecialPublications/NIST.SP.800-171.pdf">3.1.7</reference>
          <reference href="https://www.gpo.gov/fdsys/pkg/CFR-2007-title45-vol1/pdf/CFR-2007-title45-vol1-chapA-subchapC.pdf">164.308(a)(1)(ii)(D)</reference>
          <reference href="https://www.gpo.gov/fdsys/pkg/CFR-2007-title45-vol1/pdf/CFR-2007-title45-vol1-chapA-subchapC.pdf">164.308(a)(3)(ii)(A)</reference>
          <reference href="https://www.gpo.gov/fdsys/pkg/CFR-2007-title45-vol1/pdf/CFR-2007-title45-vol1-chapA-subchapC.pdf">164.308(a)(5)(ii)(C)</reference>
          <reference href="https://www.gpo.gov/fdsys/pkg/CFR-2007-title45-vol1/pdf/CFR-2007-title45-vol1-chapA-subchapC.pdf">164.312(a)(2)(i)</reference>
          <reference href="https://www.gpo.gov/fdsys/pkg/CFR-2007-title45-vol1/pdf/CFR-2007-title45-vol1-chapA-subchapC.pdf">164.312(b)</reference>
          <reference href="https://www.gpo.gov/fdsys/pkg/CFR-2007-title45-vol1/pdf/CFR-2007-title45-vol1-chapA-subchapC.pdf">164.312(d)</reference>
          <reference href="https://www.gpo.gov/fdsys/pkg/CFR-2007-title45-vol1/pdf/CFR-2007-title45-vol1-chapA-subchapC.pdf">164.312(e)</reference>
          <reference href="https://www.isa.org/products/isa-62443-2-1-2009-security-for-industrial-automat">4.3.2.6.7</reference>
          <reference href="https://www.isa.org/products/isa-62443-2-1-2009-security-for-industrial-automat">4.3.3.3.9</reference>
          <reference href="https://www.isa.org/products/isa-62443-2-1-2009-security-for-industrial-automat">4.3.3.5.8</reference>
          <reference href="https://www.isa.org/products/isa-62443-2-1-2009-security-for-industrial-automat">4.3.4.4.7</reference>
          <reference href="https://www.isa.org/products/isa-62443-2-1-2009-security-for-industrial-automat">4.4.2.1</reference>
          <reference href="https://www.isa.org/products/isa-62443-2-1-2009-security-for-industrial-automat">4.4.2.2</reference>
          <reference href="https://www.isa.org/products/isa-62443-2-1-2009-security-for-industrial-automat">4.4.2.4</reference>
          <reference href="https://www.isa.org/products/ansi-isa-62443-3-3-99-03-03-2013-security-for-indu">SR 2.10</reference>
          <reference href="https://www.isa.org/products/ansi-isa-62443-3-3-99-03-03-2013-security-for-indu">SR 2.11</reference>
          <reference href="https://www.isa.org/products/ansi-isa-62443-3-3-99-03-03-2013-security-for-indu">SR 2.12</reference>
          <reference href="https://www.isa.org/products/ansi-isa-62443-3-3-99-03-03-2013-security-for-indu">SR 2.8</reference>
          <reference href="https://www.isa.org/products/ansi-isa-62443-3-3-99-03-03-2013-security-for-indu">SR 2.9</reference>
          <reference href="https://www.isa.org/products/ansi-isa-62443-3-3-99-03-03-2013-security-for-indu">SR 6.1</reference>
          <reference href="https://www.isa.org/products/ansi-isa-62443-3-3-99-03-03-2013-security-for-indu">SR 6.2</reference>
          <reference href="https://www.iso.org/contents/data/standard/05/45/54534.html">A.12.4.1</reference>
          <reference href="https://www.iso.org/contents/data/standard/05/45/54534.html">A.12.4.2</reference>
          <reference href="https://www.iso.org/contents/data/standard/05/45/54534.html">A.12.4.3</reference>
          <reference href="https://www.iso.org/contents/data/standard/05/45/54534.html">A.12.4.4</reference>
          <reference href="https://www.iso.org/contents/data/standard/05/45/54534.html">A.12.7.1</reference>
          <reference href="https://www.iso.org/contents/data/standard/05/45/54534.html">A.14.2.7</reference>
          <reference href="https://www.iso.org/contents/data/standard/05/45/54534.html">A.15.2.1</reference>
          <reference href="https://www.iso.org/contents/data/standard/05/45/54534.html">A.15.2.2</reference>
          <reference href="http://nvlpubs.nist.gov/nistpubs/SpecialPublications/NIST.SP.800-53r4.pdf">AU-2(d)</reference>
          <reference href="http://nvlpubs.nist.gov/nistpubs/SpecialPublications/NIST.SP.800-53r4.pdf">AU-12(c)</reference>
          <reference href="http://nvlpubs.nist.gov/nistpubs/SpecialPublications/NIST.SP.800-53r4.pdf">AC-6(9)</reference>
          <reference href="http://nvlpubs.nist.gov/nistpubs/SpecialPublications/NIST.SP.800-53r4.pdf">CM-6(a)</reference>
          <reference href="https://nvlpubs.nist.gov/nistpubs/CSWP/NIST.CSWP.04162018.pdf">DE.CM-1</reference>
          <reference href="https://nvlpubs.nist.gov/nistpubs/CSWP/NIST.CSWP.04162018.pdf">DE.CM-3</reference>
          <reference href="https://nvlpubs.nist.gov/nistpubs/CSWP/NIST.CSWP.04162018.pdf">DE.CM-7</reference>
          <reference href="https://nvlpubs.nist.gov/nistpubs/CSWP/NIST.CSWP.04162018.pdf">ID.SC-4</reference>
          <reference href="https://nvlpubs.nist.gov/nistpubs/CSWP/NIST.CSWP.04162018.pdf">PR.PT-1</reference>
          <reference href="https://www.cyber.mil/stigs/downloads/?_dl_facet_stigs=operating-systems%2Cgeneral-purpose-os">SRG-OS-000037-GPOS-00015</reference>
          <reference href="https://www.cyber.mil/stigs/downloads/?_dl_facet_stigs=operating-systems%2Cgeneral-purpose-os">SRG-OS-000042-GPOS-00020</reference>
          <reference href="https://www.cyber.mil/stigs/downloads/?_dl_facet_stigs=operating-systems%2Cgeneral-purpose-os">SRG-OS-000062-GPOS-00031</reference>
          <reference href="https://www.cyber.mil/stigs/downloads/?_dl_facet_stigs=operating-systems%2Cgeneral-purpose-os">SRG-OS-000392-GPOS-00172</reference>
          <reference href="https://www.cyber.mil/stigs/downloads/?_dl_facet_stigs=operating-systems%2Cgeneral-purpose-os">SRG-OS-000462-GPOS-00206</reference>
          <reference href="https://www.cyber.mil/stigs/downloads/?_dl_facet_stigs=operating-systems%2Cgeneral-purpose-os">SRG-OS-000471-GPOS-00215</reference>
          <reference href="https://www.cyber.mil/stigs/downloads/?_dl_facet_stigs=operating-systems%2Cgeneral-purpose-os">SRG-OS-000466-GPOS-00210</reference>
          <reference href="https://www.cyber.mil/stigs/downloads/?_dl_facet_stigs=app-security">SRG-APP-000029-CTR-000085</reference>
          <reference href="https://www.cyber.mil/stigs/downloads/?_dl_facet_stigs=app-security">SRG-APP-000495-CTR-001235</reference>
          <reference href="https://www.cyber.mil/stigs/downloads/?_dl_facet_stigs=app-security">SRG-APP-000499-CTR-001255</reference>
          <reference href="https://www.cyber.mil/stigs/downloads/?_dl_facet_stigs=operating-systems%2Cgeneral-purpose-os">SRG-OS-000755-GPOS-00220</reference>
          <reference href="https://www.cyber.mil/stigs/downloads/?_dl_facet_stigs=operating-systems%2Cunix-linux">SLES-15-030560</reference>
          <reference href="https://cyber.gouv.fr/sites/default/files/document/linux_configuration-en-v2.pdf">R33</reference>
          <reference href="https://www.cyber.mil/stigs/srg-stig-tools/">SV-234955r958412_rule</reference>
          <rationale xmlns:xhtml="http://www.w3.org/1999/xhtml" xml:lang="en-US">Misuse of privileged functions, either intentionally or unintentionally by
authorized users, or by unauthorized external entities that have compromised system accounts,
is a serious and ongoing concern and can have significant adverse impacts on organizations.
Auditing the use of privileged functions is one way to detect such misuse and identify
the risk from insider and advanced persistent threats.
<html:br xmlns:html="http://www.w3.org/1999/xhtml"/>
        <html:br xmlns:html="http://www.w3.org/1999/xhtml"/>
Privileged programs are subject to escalation-of-privilege attacks,
which attempt to subvert their normal role of providing some necessary but
limited capability. As such, motivation exists to monitor these programs for
unusual activity.</rationale>
          <ident system="https://ncp.nist.gov/cce">CCE-85603-9</ident>
          <fix xmlns:xhtml="http://www.w3.org/1999/xhtml" id="audit_rules_privileged_commands_sudo" system="urn:xccdf:fix:script:sh"># Remediation is applicable only in certain platforms
if rpm --quiet -q audit &amp;&amp; rpm --quiet -q kernel-default || rpm --quiet -q kernel-default-base; then

# Retrieve hardware architecture of the underlying system
OTHER_FILTERS="-F path=/usr/bin/sudo -F perm=x"
AUID_FILTERS="-F auid&gt;=1000 -F auid!=unset"
SYSCALL=""
KEY="privileged"
SYSCALL_GROUPING=""


ACTION_ARCH_FILTERS="-a always,exit"
# Perform the remediation for both possible tools: 'auditctl' and 'augenrules'
unset syscall_a
unset syscall_grouping
unset syscall_string
unset syscall
unset file_to_edit
unset rule_to_edit
unset rule_syscalls_to_edit
unset other_string
unset auid_string
unset full_rule

# Load macro arguments into arrays
read -a syscall_a &lt;&lt;&lt; $SYSCALL
read -a syscall_grouping &lt;&lt;&lt; $SYSCALL_GROUPING

# Create a list of audit *.rules files that should be inspected for presence and correctness
# of a particular audit rule. The scheme is as follows:
#
# -----------------------------------------------------------------------------------------
#  Tool used to load audit rules | Rule already defined  |  Audit rules file to inspect    |
# -----------------------------------------------------------------------------------------
#        auditctl                |     Doesn't matter    |  /etc/audit/audit.rules         |
# -----------------------------------------------------------------------------------------
#        augenrules              |          Yes          |  /etc/audit/rules.d/*.rules     |
#        augenrules              |          No           |  /etc/audit/rules.d/$key.rules  |
# -----------------------------------------------------------------------------------------
#
files_to_inspect=()

# If audit tool is 'augenrules', then check if the audit rule is defined
# If rule is defined, add '/etc/audit/rules.d/*.rules' to the list for inspection
# If rule isn't defined yet, add '/etc/audit/rules.d/$key.rules' to the list for inspection
default_file="/etc/audit/rules.d/$KEY.rules"
# As other_filters may include paths, lets use a different delimiter for it
# The "F" script expression tells sed to print the filenames where the expressions matched
readarray -t files_to_inspect &lt; &lt;(sed -s -n -e "/^$ACTION_ARCH_FILTERS/!d" -e "\#$OTHER_FILTERS#!d" -e "/$AUID_FILTERS/!d" -e "F" /etc/audit/rules.d/*.rules)
# Case when particular rule isn't defined in /etc/audit/rules.d/*.rules yet
if [ ${#files_to_inspect[@]} -eq "0" ]
then
    file_to_inspect="/etc/audit/rules.d/$KEY.rules"
    files_to_inspect=("$file_to_inspect")
    if [ ! -e "$file_to_inspect" ]
    then
        touch "$file_to_inspect"
        chmod 0600 "$file_to_inspect"
    fi
fi

# After converting to jinja, we cannot return; therefore we skip the rest of the macro if needed instead
skip=1

for audit_file in "${files_to_inspect[@]}"
do
    # Filter existing $audit_file rules' definitions to select those that satisfy the rule pattern,
    # i.e, collect rules that match:
    # * the action, list and arch, (2-nd argument)
    # * the other filters, (3-rd argument)
    # * the auid filters, (4-rd argument)
    readarray -t similar_rules &lt; &lt;(sed -e "/^$ACTION_ARCH_FILTERS/!d"  -e "\#$OTHER_FILTERS#!d" -e "/$AUID_FILTERS/!d" "$audit_file")

    candidate_rules=()
    # Filter out rules that have more fields then required. This will remove rules more specific than the required scope
    for s_rule in "${similar_rules[@]}"
    do
        # Strip all the options and fields we know of,
        # than check if there was any field left over
        extra_fields=$(sed -E -e "s/^$ACTION_ARCH_FILTERS//"  -e "s#$OTHER_FILTERS##" -e "s/$AUID_FILTERS//" -e "s/((:?-S [[:alnum:],]+)+)//g" -e "s/-F key=\w+|-k \w+//"&lt;&lt;&lt; "$s_rule")
        grep -q -- "-F" &lt;&lt;&lt; "$extra_fields" || candidate_rules+=("$s_rule")
    done

    if [[ ${#syscall_a[@]} -ge 1 ]]
    then
        # Check if the syscall we want is present in any of the similar existing rules
        for rule in "${candidate_rules[@]}"
        do
            rule_syscalls=$(echo "$rule" | grep -o -P '(-S [\w,]+)+' | xargs)
            all_syscalls_found=0
            for syscall in "${syscall_a[@]}"
            do
                grep -q -- "\b${syscall}\b" &lt;&lt;&lt; "$rule_syscalls" || {
                   # A syscall was not found in the candidate rule
                   all_syscalls_found=1
                   }
            done
            if [[ $all_syscalls_found -eq 0 ]]
            then
                # We found a rule with all the syscall(s) we want; skip rest of macro
                skip=0
                break
            fi

            # Check if this rule can be grouped with our target syscall and keep track of it
            for syscall_g in "${syscall_grouping[@]}"
            do
                if grep -q -- "\b${syscall_g}\b" &lt;&lt;&lt; "$rule_syscalls"
                then
                    file_to_edit=${audit_file}
                    rule_to_edit=${rule}
                    rule_syscalls_to_edit=${rule_syscalls}
                fi
            done
        done
    else
        # If there is any candidate rule, it is compliant; skip rest of macro
        if [ "${#candidate_rules[@]}" -gt 0 ]
        then
            skip=0
        fi
    fi

    if [ "$skip" -eq 0 ]; then
        break
    fi
done

if [ "$skip" -ne 0 ]; then
    # We checked all rules that matched the expected resemblance pattern (action, arch &amp; auid)
    # At this point we know if we need to either append the $full_rule or group
    # the syscall together with an exsiting rule

    # Append the full_rule if it cannot be grouped to any other rule
    if [ -z ${rule_to_edit+x} ]
    then
        # Build full_rule while avoid adding double spaces when other_filters is empty
        if [ "${#syscall_a[@]}" -gt 0 ]
        then
            syscall_string=""
            for syscall in "${syscall_a[@]}"
            do
                syscall_string+=" -S $syscall"
            done
        fi
        other_string=$([[ $OTHER_FILTERS ]] &amp;&amp; echo " $OTHER_FILTERS") || /bin/true
        auid_string=$([[ $AUID_FILTERS ]] &amp;&amp; echo " $AUID_FILTERS") || /bin/true
        full_rule="$ACTION_ARCH_FILTERS${syscall_string}${other_string}${auid_string} -F key=$KEY" || /bin/true
        echo "$full_rule" &gt;&gt; "$default_file"
        chmod 0600 ${default_file}
    else
        # Check if the syscalls are declared as a comma separated list or
        # as multiple -S parameters
        if grep -q -- "," &lt;&lt;&lt; "${rule_syscalls_to_edit}"
        then
            delimiter=","
        else
            delimiter=" -S "
        fi
        new_grouped_syscalls="${rule_syscalls_to_edit}"
        for syscall in "${syscall_a[@]}"
        do
            grep -q -- "\b${syscall}\b" &lt;&lt;&lt; "${rule_syscalls_to_edit}" || {
               # A syscall was not found in the candidate rule
               new_grouped_syscalls+="${delimiter}${syscall}"
               }
        done

        # Group the syscall in the rule
        sed -i -e "\#${rule_to_edit}#s#${rule_syscalls_to_edit}#${new_grouped_syscalls}#" "$file_to_edit"
    fi
fi
unset syscall_a
unset syscall_grouping
unset syscall_string
unset syscall
unset file_to_edit
unset rule_to_edit
unset rule_syscalls_to_edit
unset other_string
unset auid_string
unset full_rule

# Load macro arguments into arrays
read -a syscall_a &lt;&lt;&lt; $SYSCALL
read -a syscall_grouping &lt;&lt;&lt; $SYSCALL_GROUPING

# Create a list of audit *.rules files that should be inspected for presence and correctness
# of a particular audit rule. The scheme is as follows:
#
# -----------------------------------------------------------------------------------------
#  Tool used to load audit rules | Rule already defined  |  Audit rules file to inspect    |
# -----------------------------------------------------------------------------------------
#        auditctl                |     Doesn't matter    |  /etc/audit/audit.rules         |
# -----------------------------------------------------------------------------------------
#        augenrules              |          Yes          |  /etc/audit/rules.d/*.rules     |
#        augenrules              |          No           |  /etc/audit/rules.d/$key.rules  |
# -----------------------------------------------------------------------------------------
#
files_to_inspect=()


# If audit tool is 'auditctl', then add '/etc/audit/audit.rules'
# file to the list of files to be inspected
default_file="/etc/audit/audit.rules"
files_to_inspect+=('/etc/audit/audit.rules' )

# After converting to jinja, we cannot return; therefore we skip the rest of the macro if needed instead
skip=1

for audit_file in "${files_to_inspect[@]}"
do
    # Filter existing $audit_file rules' definitions to select those that satisfy the rule pattern,
    # i.e, collect rules that match:
    # * the action, list and arch, (2-nd argument)
    # * the other filters, (3-rd argument)
    # * the auid filters, (4-rd argument)
    readarray -t similar_rules &lt; &lt;(sed -e "/^$ACTION_ARCH_FILTERS/!d"  -e "\#$OTHER_FILTERS#!d" -e "/$AUID_FILTERS/!d" "$audit_file")

    candidate_rules=()
    # Filter out rules that have more fields then required. This will remove rules more specific than the required scope
    for s_rule in "${similar_rules[@]}"
    do
        # Strip all the options and fields we know of,
        # than check if there was any field left over
        extra_fields=$(sed -E -e "s/^$ACTION_ARCH_FILTERS//"  -e "s#$OTHER_FILTERS##" -e "s/$AUID_FILTERS//" -e "s/((:?-S [[:alnum:],]+)+)//g" -e "s/-F key=\w+|-k \w+//"&lt;&lt;&lt; "$s_rule")
        grep -q -- "-F" &lt;&lt;&lt; "$extra_fields" || candidate_rules+=("$s_rule")
    done

    if [[ ${#syscall_a[@]} -ge 1 ]]
    then
        # Check if the syscall we want is present in any of the similar existing rules
        for rule in "${candidate_rules[@]}"
        do
            rule_syscalls=$(echo "$rule" | grep -o -P '(-S [\w,]+)+' | xargs)
            all_syscalls_found=0
            for syscall in "${syscall_a[@]}"
            do
                grep -q -- "\b${syscall}\b" &lt;&lt;&lt; "$rule_syscalls" || {
                   # A syscall was not found in the candidate rule
                   all_syscalls_found=1
                   }
            done
            if [[ $all_syscalls_found -eq 0 ]]
            then
                # We found a rule with all the syscall(s) we want; skip rest of macro
                skip=0
                break
            fi

            # Check if this rule can be grouped with our target syscall and keep track of it
            for syscall_g in "${syscall_grouping[@]}"
            do
                if grep -q -- "\b${syscall_g}\b" &lt;&lt;&lt; "$rule_syscalls"
                then
                    file_to_edit=${audit_file}
                    rule_to_edit=${rule}
                    rule_syscalls_to_edit=${rule_syscalls}
                fi
            done
        done
    else
        # If there is any candidate rule, it is compliant; skip rest of macro
        if [ "${#candidate_rules[@]}" -gt 0 ]
        then
            skip=0
        fi
    fi

    if [ "$skip" -eq 0 ]; then
        break
    fi
done

if [ "$skip" -ne 0 ]; then
    # We checked all rules that matched the expected resemblance pattern (action, arch &amp; auid)
    # At this point we know if we need to either append the $full_rule or group
    # the syscall together with an exsiting rule

    # Append the full_rule if it cannot be grouped to any other rule
    if [ -z ${rule_to_edit+x} ]
    then
        # Build full_rule while avoid adding double spaces when other_filters is empty
        if [ "${#syscall_a[@]}" -gt 0 ]
        then
            syscall_string=""
            for syscall in "${syscall_a[@]}"
            do
                syscall_string+=" -S $syscall"
            done
        fi
        other_string=$([[ $OTHER_FILTERS ]] &amp;&amp; echo " $OTHER_FILTERS") || /bin/true
        auid_string=$([[ $AUID_FILTERS ]] &amp;&amp; echo " $AUID_FILTERS") || /bin/true
        full_rule="$ACTION_ARCH_FILTERS${syscall_string}${other_string}${auid_string} -F key=$KEY" || /bin/true
        echo "$full_rule" &gt;&gt; "$default_file"
        chmod 0600 ${default_file}
    else
        # Check if the syscalls are declared as a comma separated list or
        # as multiple -S parameters
        if grep -q -- "," &lt;&lt;&lt; "${rule_syscalls_to_edit}"
        then
            delimiter=","
        else
            delimiter=" -S "
        fi
        new_grouped_syscalls="${rule_syscalls_to_edit}"
        for syscall in "${syscall_a[@]}"
        do
            grep -q -- "\b${syscall}\b" &lt;&lt;&lt; "${rule_syscalls_to_edit}" || {
               # A syscall was not found in the candidate rule
               new_grouped_syscalls+="${delimiter}${syscall}"
               }
        done

        # Group the syscall in the rule
        sed -i -e "\#${rule_to_edit}#s#${rule_syscalls_to_edit}#${new_grouped_syscalls}#" "$file_to_edit"
    fi
fi

else
    &gt;&amp;2 echo 'Remediation is not applicable, nothing was done'
fi
</fix>
          <fix xmlns:xhtml="http://www.w3.org/1999/xhtml" id="audit_rules_privileged_commands_sudo" system="urn:xccdf:fix:script:ansible" complexity="low" disruption="low" strategy="restrict">- name: Gather the package facts
  package_facts:
    manager: auto
  tags:
  - CCE-85603-9
  - DISA-STIG-SLES-15-030560
  - NIST-800-171-3.1.7
  - NIST-800-53-AC-6(9)
  - NIST-800-53-AU-12(c)
  - NIST-800-53-AU-2(d)
  - NIST-800-53-CM-6(a)
  - audit_rules_privileged_commands_sudo
  - low_complexity
  - low_disruption
  - medium_severity
  - no_reboot_needed
  - restrict_strategy

- name: Ensure auditd Collects Information on the Use of Privileged Commands - sudo
    - Perform remediation of Audit rules for /usr/bin/sudo
  block:

  - name: Declare list of syscalls
    ansible.builtin.set_fact:
      syscalls: []
      syscall_grouping: []

  - name: Check existence of  in /etc/audit/rules.d/
    ansible.builtin.find:
      paths: /etc/audit/rules.d
      contains: -a always,exit(( -S |,)\w+)*(( -S |,){{ item }})+(( -S |,)\w+)* -F
        path=/usr/bin/sudo -F perm=x -F auid&gt;=1000 -F auid!=unset (-k\s+|-F\s+key=)\S+\s*$
      patterns: '*.rules'
    register: find_command
    loop: '{{ (syscall_grouping + syscalls) | unique }}'

  - name: Reset syscalls found per file
    ansible.builtin.set_fact:
      syscalls_per_file: {}
      found_paths_dict: {}

  - name: Declare syscalls found per file
    ansible.builtin.set_fact: syscalls_per_file="{{ syscalls_per_file | combine( {item.files[0].path
      :[item.item] + syscalls_per_file.get(item.files[0].path, []) } ) }}"
    loop: '{{ find_command.results | selectattr(''matched'') | list }}'

  - name: Declare files where syscalls were found
    ansible.builtin.set_fact: found_paths="{{ find_command.results | map(attribute='files')
      | flatten | map(attribute='path') | list }}"

  - name: Count occurrences of syscalls in paths
    ansible.builtin.set_fact: found_paths_dict="{{ found_paths_dict | combine({ item:1+found_paths_dict.get(item,
      0) }) }}"
    loop: '{{ find_command.results | map(attribute=''files'') | flatten | map(attribute=''path'')
      | list }}'

  - name: Get path with most syscalls
    ansible.builtin.set_fact: audit_file="{{ (found_paths_dict | dict2items() | sort(attribute='value')
      | last).key }}"
    when: found_paths | length &gt;= 1

  - name: No file with syscall found, set path to /etc/audit/rules.d/privileged.rules
    ansible.builtin.set_fact: audit_file="/etc/audit/rules.d/privileged.rules"
    when: found_paths | length == 0

  - name: Declare found syscalls
    ansible.builtin.set_fact: syscalls_found="{{ find_command.results | selectattr('matched')
      | map(attribute='item') | list }}"

  - name: Declare missing syscalls
    ansible.builtin.set_fact: missing_syscalls="{{ syscalls | difference(syscalls_found)
      }}"

  - name: Replace the audit rule in {{ audit_file }}
    ansible.builtin.lineinfile:
      path: '{{ audit_file }}'
      regexp: (-a always,exit)(?=.*(?:(?:-S |,)(?:{{ syscalls_per_file[audit_file]
        | join("|") }}))\b)((?:( -S |,)\w+)+)( -F path=/usr/bin/sudo -F perm=x -F
        auid&gt;=1000 -F auid!=unset (?:-k |-F key=)\w+)
      line: \1\2\3{{ missing_syscalls | join("\3") }}\4
      backrefs: true
      state: present
      mode: g-rwx,o-rwx
    when: syscalls_found | length &gt; 0 and missing_syscalls | length &gt; 0

  - name: Add the audit rule to {{ audit_file }}
    ansible.builtin.lineinfile:
      path: '{{ audit_file }}'
      line: -a always,exit{{ syscalls | join(',') }} -F path=/usr/bin/sudo -F perm=x
        -F auid&gt;=1000 -F auid!=unset -F key=privileged
      create: true
      mode: g-rwx,o-rwx
      state: present
    when: syscalls_found | length == 0

  - name: Declare list of syscalls
    ansible.builtin.set_fact:
      syscalls: []
      syscall_grouping: []

  - name: Check existence of  in /etc/audit/audit.rules
    ansible.builtin.find:
      paths: /etc/audit
      contains: -a always,exit(( -S |,)\w+)*(( -S |,){{ item }})+(( -S |,)\w+)* -F
        path=/usr/bin/sudo -F perm=x -F auid&gt;=1000 -F auid!=unset (-k\s+|-F\s+key=)\S+\s*$
      patterns: audit.rules
    register: find_command
    loop: '{{ (syscall_grouping + syscalls) | unique }}'

  - name: Set path to /etc/audit/audit.rules
    ansible.builtin.set_fact: audit_file="/etc/audit/audit.rules"

  - name: Declare found syscalls
    ansible.builtin.set_fact: syscalls_found="{{ find_command.results | selectattr('matched')
      | map(attribute='item') | list }}"

  - name: Declare missing syscalls
    ansible.builtin.set_fact: missing_syscalls="{{ syscalls | difference(syscalls_found)
      }}"

  - name: Replace the audit rule in {{ audit_file }}
    ansible.builtin.lineinfile:
      path: '{{ audit_file }}'
      regexp: (-a always,exit)(?=.*(?:(?:-S |,)(?:{{ syscalls_found | join("|") }}))\b)((?:(
        -S |,)\w+)+)( -F path=/usr/bin/sudo -F perm=x -F auid&gt;=1000 -F auid!=unset
        (?:-k |-F key=)\w+)
      line: \1\2\3{{ missing_syscalls | join("\3") }}\4
      backrefs: true
      state: present
      mode: g-rwx,o-rwx
    when: syscalls_found | length &gt; 0 and missing_syscalls | length &gt; 0

  - name: Add the audit rule to {{ audit_file }}
    ansible.builtin.lineinfile:
      path: '{{ audit_file }}'
      line: -a always,exit{{ syscalls | join(',') }} -F path=/usr/bin/sudo -F perm=x
        -F auid&gt;=1000 -F auid!=unset -F key=privileged
      create: true
      mode: g-rwx,o-rwx
      state: present
    when: syscalls_found | length == 0
  when:
  - '"audit" in ansible_facts.packages'
  - ("kernel-default" in ansible_facts.packages or "kernel-default-base" in ansible_facts.packages)
  tags:
  - CCE-85603-9
  - DISA-STIG-SLES-15-030560
  - NIST-800-171-3.1.7
  - NIST-800-53-AC-6(9)
  - NIST-800-53-AU-12(c)
  - NIST-800-53-AU-2(d)
  - NIST-800-53-CM-6(a)
  - audit_rules_privileged_commands_sudo
  - low_complexity
  - low_disruption
  - medium_severity
  - no_reboot_needed
  - restrict_strategy
</fix>
          <check system="http://oval.mitre.org/XMLSchema/oval-definitions-5">
            <check-content-ref name="oval:ssg-audit_rules_privileged_commands_sudo:def:1" href="ssg-sle15-oval.xml"/>
          </check>
          <check system="http://scap.nist.gov/schema/ocil/2">
            <check-content-ref name="ocil:ssg-audit_rules_privileged_commands_sudo_ocil:questionnaire:1" href="ssg-sle15-ocil.xml"/>
          </check>
        </Rule>
        <Rule id="xccdf_org.ssgproject.content_rule_audit_rules_privileged_commands_sudoedit" selected="false" role="full" severity="medium">
          <title xmlns:xhtml="http://www.w3.org/1999/xhtml" xml:lang="en-US">Ensure auditd Collects Information on the Use of Privileged Commands - sudoedit</title>
          <description xmlns:xhtml="http://www.w3.org/1999/xhtml" xml:lang="en-US">


At a minimum, the audit system should collect the execution of privileged
commands for all users and root.

If the <html:code xmlns:html="http://www.w3.org/1999/xhtml">auditd</html:code> daemon is configured to use the <html:code xmlns:html="http://www.w3.org/1999/xhtml">augenrules</html:code>
program to read audit rules during daemon startup (the default), add
a line of the following form to a file with suffix <html:code xmlns:html="http://www.w3.org/1999/xhtml">.rules</html:code>
in the directory <html:code xmlns:html="http://www.w3.org/1999/xhtml">/etc/audit/rules.d</html:code>:
<html:pre xmlns:html="http://www.w3.org/1999/xhtml">-a always,exit -F path=/usr/bin/sudoedit -F perm=x -F auid&gt;=1000 -F auid!=unset -F key=privileged</html:pre>

If the <html:code xmlns:html="http://www.w3.org/1999/xhtml">auditd</html:code> daemon is configured to use the <html:code xmlns:html="http://www.w3.org/1999/xhtml">auditctl</html:code>
utility to read audit rules during daemon startup, add a line of the
following form to <html:code xmlns:html="http://www.w3.org/1999/xhtml">/etc/audit/audit.rules</html:code>:
<html:pre xmlns:html="http://www.w3.org/1999/xhtml">-a always,exit -F path=/usr/bin/sudoedit -F perm=x -F auid&gt;=1000 -F auid!=unset -F key=privileged</html:pre>
       </description>
          <reference href="https://www.cisecurity.org/controls/">1</reference>
          <reference href="https://www.cisecurity.org/controls/">12</reference>
          <reference href="https://www.cisecurity.org/controls/">13</reference>
          <reference href="https://www.cisecurity.org/controls/">14</reference>
          <reference href="https://www.cisecurity.org/controls/">15</reference>
          <reference href="https://www.cisecurity.org/controls/">16</reference>
          <reference href="https://www.cisecurity.org/controls/">2</reference>
          <reference href="https://www.cisecurity.org/controls/">3</reference>
          <reference href="https://www.cisecurity.org/controls/">5</reference>
          <reference href="https://www.cisecurity.org/controls/">6</reference>
          <reference href="https://www.cisecurity.org/controls/">7</reference>
          <reference href="https://www.cisecurity.org/controls/">8</reference>
          <reference href="https://www.cisecurity.org/controls/">9</reference>
          <reference href="https://www.isaca.org/resources/cobit">APO10.01</reference>
          <reference href="https://www.isaca.org/resources/cobit">APO10.03</reference>
          <reference href="https://www.isaca.org/resources/cobit">APO10.04</reference>
          <reference href="https://www.isaca.org/resources/cobit">APO10.05</reference>
          <reference href="https://www.isaca.org/resources/cobit">APO11.04</reference>
          <reference href="https://www.isaca.org/resources/cobit">BAI03.05</reference>
          <reference href="https://www.isaca.org/resources/cobit">DSS01.03</reference>
          <reference href="https://www.isaca.org/resources/cobit">DSS03.05</reference>
          <reference href="https://www.isaca.org/resources/cobit">DSS05.02</reference>
          <reference href="https://www.isaca.org/resources/cobit">DSS05.04</reference>
          <reference href="https://www.isaca.org/resources/cobit">DSS05.05</reference>
          <reference href="https://www.isaca.org/resources/cobit">DSS05.07</reference>
          <reference href="https://www.isaca.org/resources/cobit">MEA01.01</reference>
          <reference href="https://www.isaca.org/resources/cobit">MEA01.02</reference>
          <reference href="https://www.isaca.org/resources/cobit">MEA01.03</reference>
          <reference href="https://www.isaca.org/resources/cobit">MEA01.04</reference>
          <reference href="https://www.isaca.org/resources/cobit">MEA01.05</reference>
          <reference href="https://www.isaca.org/resources/cobit">MEA02.01</reference>
          <reference href="http://nvlpubs.nist.gov/nistpubs/SpecialPublications/NIST.SP.800-171.pdf">3.1.7</reference>
          <reference href="https://www.gpo.gov/fdsys/pkg/CFR-2007-title45-vol1/pdf/CFR-2007-title45-vol1-chapA-subchapC.pdf">164.308(a)(1)(ii)(D)</reference>
          <reference href="https://www.gpo.gov/fdsys/pkg/CFR-2007-title45-vol1/pdf/CFR-2007-title45-vol1-chapA-subchapC.pdf">164.308(a)(3)(ii)(A)</reference>
          <reference href="https://www.gpo.gov/fdsys/pkg/CFR-2007-title45-vol1/pdf/CFR-2007-title45-vol1-chapA-subchapC.pdf">164.308(a)(5)(ii)(C)</reference>
          <reference href="https://www.gpo.gov/fdsys/pkg/CFR-2007-title45-vol1/pdf/CFR-2007-title45-vol1-chapA-subchapC.pdf">164.312(a)(2)(i)</reference>
          <reference href="https://www.gpo.gov/fdsys/pkg/CFR-2007-title45-vol1/pdf/CFR-2007-title45-vol1-chapA-subchapC.pdf">164.312(b)</reference>
          <reference href="https://www.gpo.gov/fdsys/pkg/CFR-2007-title45-vol1/pdf/CFR-2007-title45-vol1-chapA-subchapC.pdf">164.312(d)</reference>
          <reference href="https://www.gpo.gov/fdsys/pkg/CFR-2007-title45-vol1/pdf/CFR-2007-title45-vol1-chapA-subchapC.pdf">164.312(e)</reference>
          <reference href="https://www.isa.org/products/isa-62443-2-1-2009-security-for-industrial-automat">4.3.2.6.7</reference>
          <reference href="https://www.isa.org/products/isa-62443-2-1-2009-security-for-industrial-automat">4.3.3.3.9</reference>
          <reference href="https://www.isa.org/products/isa-62443-2-1-2009-security-for-industrial-automat">4.3.3.5.8</reference>
          <reference href="https://www.isa.org/products/isa-62443-2-1-2009-security-for-industrial-automat">4.3.4.4.7</reference>
          <reference href="https://www.isa.org/products/isa-62443-2-1-2009-security-for-industrial-automat">4.4.2.1</reference>
          <reference href="https://www.isa.org/products/isa-62443-2-1-2009-security-for-industrial-automat">4.4.2.2</reference>
          <reference href="https://www.isa.org/products/isa-62443-2-1-2009-security-for-industrial-automat">4.4.2.4</reference>
          <reference href="https://www.isa.org/products/ansi-isa-62443-3-3-99-03-03-2013-security-for-indu">SR 2.10</reference>
          <reference href="https://www.isa.org/products/ansi-isa-62443-3-3-99-03-03-2013-security-for-indu">SR 2.11</reference>
          <reference href="https://www.isa.org/products/ansi-isa-62443-3-3-99-03-03-2013-security-for-indu">SR 2.12</reference>
          <reference href="https://www.isa.org/products/ansi-isa-62443-3-3-99-03-03-2013-security-for-indu">SR 2.8</reference>
          <reference href="https://www.isa.org/products/ansi-isa-62443-3-3-99-03-03-2013-security-for-indu">SR 2.9</reference>
          <reference href="https://www.isa.org/products/ansi-isa-62443-3-3-99-03-03-2013-security-for-indu">SR 6.1</reference>
          <reference href="https://www.isa.org/products/ansi-isa-62443-3-3-99-03-03-2013-security-for-indu">SR 6.2</reference>
          <reference href="https://www.iso.org/contents/data/standard/05/45/54534.html">A.12.4.1</reference>
          <reference href="https://www.iso.org/contents/data/standard/05/45/54534.html">A.12.4.2</reference>
          <reference href="https://www.iso.org/contents/data/standard/05/45/54534.html">A.12.4.3</reference>
          <reference href="https://www.iso.org/contents/data/standard/05/45/54534.html">A.12.4.4</reference>
          <reference href="https://www.iso.org/contents/data/standard/05/45/54534.html">A.12.7.1</reference>
          <reference href="https://www.iso.org/contents/data/standard/05/45/54534.html">A.14.2.7</reference>
          <reference href="https://www.iso.org/contents/data/standard/05/45/54534.html">A.15.2.1</reference>
          <reference href="https://www.iso.org/contents/data/standard/05/45/54534.html">A.15.2.2</reference>
          <reference href="http://nvlpubs.nist.gov/nistpubs/SpecialPublications/NIST.SP.800-53r4.pdf">AU-3</reference>
          <reference href="http://nvlpubs.nist.gov/nistpubs/SpecialPublications/NIST.SP.800-53r4.pdf">AU-3.1</reference>
          <reference href="http://nvlpubs.nist.gov/nistpubs/SpecialPublications/NIST.SP.800-53r4.pdf">AU-12(a)</reference>
          <reference href="http://nvlpubs.nist.gov/nistpubs/SpecialPublications/NIST.SP.800-53r4.pdf">AU-12.1(ii)</reference>
          <reference href="http://nvlpubs.nist.gov/nistpubs/SpecialPublications/NIST.SP.800-53r4.pdf">AU-12.1(iv)</reference>
          <reference href="https://nvlpubs.nist.gov/nistpubs/CSWP/NIST.CSWP.04162018.pdf">DE.CM-1</reference>
          <reference href="https://nvlpubs.nist.gov/nistpubs/CSWP/NIST.CSWP.04162018.pdf">DE.CM-3</reference>
          <reference href="https://nvlpubs.nist.gov/nistpubs/CSWP/NIST.CSWP.04162018.pdf">DE.CM-7</reference>
          <reference href="https://nvlpubs.nist.gov/nistpubs/CSWP/NIST.CSWP.04162018.pdf">ID.SC-4</reference>
          <reference href="https://nvlpubs.nist.gov/nistpubs/CSWP/NIST.CSWP.04162018.pdf">PR.PT-1</reference>
          <reference href="https://www.cyber.mil/stigs/downloads/?_dl_facet_stigs=operating-systems%2Cgeneral-purpose-os">SRG-OS-000037-GPOS-00015</reference>
          <reference href="https://www.cyber.mil/stigs/downloads/?_dl_facet_stigs=operating-systems%2Cgeneral-purpose-os">SRG-OS-000042-GPOS-00020</reference>
          <reference href="https://www.cyber.mil/stigs/downloads/?_dl_facet_stigs=operating-systems%2Cgeneral-purpose-os">SRG-OS-000062-GPOS-00031</reference>
          <reference href="https://www.cyber.mil/stigs/downloads/?_dl_facet_stigs=operating-systems%2Cgeneral-purpose-os">SRG-OS-000392-GPOS-00172</reference>
          <reference href="https://www.cyber.mil/stigs/downloads/?_dl_facet_stigs=operating-systems%2Cgeneral-purpose-os">SRG-OS-000462-GPOS-00206</reference>
          <reference href="https://www.cyber.mil/stigs/downloads/?_dl_facet_stigs=operating-systems%2Cgeneral-purpose-os">SRG-OS-000471-GPOS-00215</reference>
          <reference href="https://www.cyber.mil/stigs/downloads/?_dl_facet_stigs=app-security">SRG-APP-000495-CTR-001235</reference>
          <reference href="https://www.cyber.mil/stigs/downloads/?_dl_facet_stigs=operating-systems%2Cgeneral-purpose-os">SRG-OS-000755-GPOS-00220</reference>
          <reference href="https://www.cyber.mil/stigs/downloads/?_dl_facet_stigs=operating-systems%2Cunix-linux">SLES-15-030330</reference>
          <reference href="https://www.cyber.mil/stigs/srg-stig-tools/">SV-234932r958412_rule</reference>
          <rationale xmlns:xhtml="http://www.w3.org/1999/xhtml" xml:lang="en-US">Misuse of privileged functions, either intentionally or unintentionally by
authorized users, or by unauthorized external entities that have compromised system accounts,
is a serious and ongoing concern and can have significant adverse impacts on organizations.
Auditing the use of privileged functions is one way to detect such misuse and identify
the risk from insider and advanced persistent threats.
<html:br xmlns:html="http://www.w3.org/1999/xhtml"/>
        <html:br xmlns:html="http://www.w3.org/1999/xhtml"/>
Privileged programs are subject to escalation-of-privilege attacks,
which attempt to subvert their normal role of providing some necessary but
limited capability. As such, motivation exists to monitor these programs for
unusual activity.</rationale>
          <ident system="https://ncp.nist.gov/cce">CCE-85717-7</ident>
          <fix xmlns:xhtml="http://www.w3.org/1999/xhtml" id="audit_rules_privileged_commands_sudoedit" system="urn:xccdf:fix:script:sh"># Remediation is applicable only in certain platforms
if rpm --quiet -q audit &amp;&amp; rpm --quiet -q kernel-default || rpm --quiet -q kernel-default-base; then

# Retrieve hardware architecture of the underlying system
OTHER_FILTERS="-F path=/usr/bin/sudoedit -F perm=x"
AUID_FILTERS="-F auid&gt;=1000 -F auid!=unset"
SYSCALL=""
KEY="privileged"
SYSCALL_GROUPING=""


ACTION_ARCH_FILTERS="-a always,exit"
# Perform the remediation for both possible tools: 'auditctl' and 'augenrules'
unset syscall_a
unset syscall_grouping
unset syscall_string
unset syscall
unset file_to_edit
unset rule_to_edit
unset rule_syscalls_to_edit
unset other_string
unset auid_string
unset full_rule

# Load macro arguments into arrays
read -a syscall_a &lt;&lt;&lt; $SYSCALL
read -a syscall_grouping &lt;&lt;&lt; $SYSCALL_GROUPING

# Create a list of audit *.rules files that should be inspected for presence and correctness
# of a particular audit rule. The scheme is as follows:
#
# -----------------------------------------------------------------------------------------
#  Tool used to load audit rules | Rule already defined  |  Audit rules file to inspect    |
# -----------------------------------------------------------------------------------------
#        auditctl                |     Doesn't matter    |  /etc/audit/audit.rules         |
# -----------------------------------------------------------------------------------------
#        augenrules              |          Yes          |  /etc/audit/rules.d/*.rules     |
#        augenrules              |          No           |  /etc/audit/rules.d/$key.rules  |
# -----------------------------------------------------------------------------------------
#
files_to_inspect=()

# If audit tool is 'augenrules', then check if the audit rule is defined
# If rule is defined, add '/etc/audit/rules.d/*.rules' to the list for inspection
# If rule isn't defined yet, add '/etc/audit/rules.d/$key.rules' to the list for inspection
default_file="/etc/audit/rules.d/$KEY.rules"
# As other_filters may include paths, lets use a different delimiter for it
# The "F" script expression tells sed to print the filenames where the expressions matched
readarray -t files_to_inspect &lt; &lt;(sed -s -n -e "/^$ACTION_ARCH_FILTERS/!d" -e "\#$OTHER_FILTERS#!d" -e "/$AUID_FILTERS/!d" -e "F" /etc/audit/rules.d/*.rules)
# Case when particular rule isn't defined in /etc/audit/rules.d/*.rules yet
if [ ${#files_to_inspect[@]} -eq "0" ]
then
    file_to_inspect="/etc/audit/rules.d/$KEY.rules"
    files_to_inspect=("$file_to_inspect")
    if [ ! -e "$file_to_inspect" ]
    then
        touch "$file_to_inspect"
        chmod 0600 "$file_to_inspect"
    fi
fi

# After converting to jinja, we cannot return; therefore we skip the rest of the macro if needed instead
skip=1

for audit_file in "${files_to_inspect[@]}"
do
    # Filter existing $audit_file rules' definitions to select those that satisfy the rule pattern,
    # i.e, collect rules that match:
    # * the action, list and arch, (2-nd argument)
    # * the other filters, (3-rd argument)
    # * the auid filters, (4-rd argument)
    readarray -t similar_rules &lt; &lt;(sed -e "/^$ACTION_ARCH_FILTERS/!d"  -e "\#$OTHER_FILTERS#!d" -e "/$AUID_FILTERS/!d" "$audit_file")

    candidate_rules=()
    # Filter out rules that have more fields then required. This will remove rules more specific than the required scope
    for s_rule in "${similar_rules[@]}"
    do
        # Strip all the options and fields we know of,
        # than check if there was any field left over
        extra_fields=$(sed -E -e "s/^$ACTION_ARCH_FILTERS//"  -e "s#$OTHER_FILTERS##" -e "s/$AUID_FILTERS//" -e "s/((:?-S [[:alnum:],]+)+)//g" -e "s/-F key=\w+|-k \w+//"&lt;&lt;&lt; "$s_rule")
        grep -q -- "-F" &lt;&lt;&lt; "$extra_fields" || candidate_rules+=("$s_rule")
    done

    if [[ ${#syscall_a[@]} -ge 1 ]]
    then
        # Check if the syscall we want is present in any of the similar existing rules
        for rule in "${candidate_rules[@]}"
        do
            rule_syscalls=$(echo "$rule" | grep -o -P '(-S [\w,]+)+' | xargs)
            all_syscalls_found=0
            for syscall in "${syscall_a[@]}"
            do
                grep -q -- "\b${syscall}\b" &lt;&lt;&lt; "$rule_syscalls" || {
                   # A syscall was not found in the candidate rule
                   all_syscalls_found=1
                   }
            done
            if [[ $all_syscalls_found -eq 0 ]]
            then
                # We found a rule with all the syscall(s) we want; skip rest of macro
                skip=0
                break
            fi

            # Check if this rule can be grouped with our target syscall and keep track of it
            for syscall_g in "${syscall_grouping[@]}"
            do
                if grep -q -- "\b${syscall_g}\b" &lt;&lt;&lt; "$rule_syscalls"
                then
                    file_to_edit=${audit_file}
                    rule_to_edit=${rule}
                    rule_syscalls_to_edit=${rule_syscalls}
                fi
            done
        done
    else
        # If there is any candidate rule, it is compliant; skip rest of macro
        if [ "${#candidate_rules[@]}" -gt 0 ]
        then
            skip=0
        fi
    fi

    if [ "$skip" -eq 0 ]; then
        break
    fi
done

if [ "$skip" -ne 0 ]; then
    # We checked all rules that matched the expected resemblance pattern (action, arch &amp; auid)
    # At this point we know if we need to either append the $full_rule or group
    # the syscall together with an exsiting rule

    # Append the full_rule if it cannot be grouped to any other rule
    if [ -z ${rule_to_edit+x} ]
    then
        # Build full_rule while avoid adding double spaces when other_filters is empty
        if [ "${#syscall_a[@]}" -gt 0 ]
        then
            syscall_string=""
            for syscall in "${syscall_a[@]}"
            do
                syscall_string+=" -S $syscall"
            done
        fi
        other_string=$([[ $OTHER_FILTERS ]] &amp;&amp; echo " $OTHER_FILTERS") || /bin/true
        auid_string=$([[ $AUID_FILTERS ]] &amp;&amp; echo " $AUID_FILTERS") || /bin/true
        full_rule="$ACTION_ARCH_FILTERS${syscall_string}${other_string}${auid_string} -F key=$KEY" || /bin/true
        echo "$full_rule" &gt;&gt; "$default_file"
        chmod 0600 ${default_file}
    else
        # Check if the syscalls are declared as a comma separated list or
        # as multiple -S parameters
        if grep -q -- "," &lt;&lt;&lt; "${rule_syscalls_to_edit}"
        then
            delimiter=","
        else
            delimiter=" -S "
        fi
        new_grouped_syscalls="${rule_syscalls_to_edit}"
        for syscall in "${syscall_a[@]}"
        do
            grep -q -- "\b${syscall}\b" &lt;&lt;&lt; "${rule_syscalls_to_edit}" || {
               # A syscall was not found in the candidate rule
               new_grouped_syscalls+="${delimiter}${syscall}"
               }
        done

        # Group the syscall in the rule
        sed -i -e "\#${rule_to_edit}#s#${rule_syscalls_to_edit}#${new_grouped_syscalls}#" "$file_to_edit"
    fi
fi
unset syscall_a
unset syscall_grouping
unset syscall_string
unset syscall
unset file_to_edit
unset rule_to_edit
unset rule_syscalls_to_edit
unset other_string
unset auid_string
unset full_rule

# Load macro arguments into arrays
read -a syscall_a &lt;&lt;&lt; $SYSCALL
read -a syscall_grouping &lt;&lt;&lt; $SYSCALL_GROUPING

# Create a list of audit *.rules files that should be inspected for presence and correctness
# of a particular audit rule. The scheme is as follows:
#
# -----------------------------------------------------------------------------------------
#  Tool used to load audit rules | Rule already defined  |  Audit rules file to inspect    |
# -----------------------------------------------------------------------------------------
#        auditctl                |     Doesn't matter    |  /etc/audit/audit.rules         |
# -----------------------------------------------------------------------------------------
#        augenrules              |          Yes          |  /etc/audit/rules.d/*.rules     |
#        augenrules              |          No           |  /etc/audit/rules.d/$key.rules  |
# -----------------------------------------------------------------------------------------
#
files_to_inspect=()


# If audit tool is 'auditctl', then add '/etc/audit/audit.rules'
# file to the list of files to be inspected
default_file="/etc/audit/audit.rules"
files_to_inspect+=('/etc/audit/audit.rules' )

# After converting to jinja, we cannot return; therefore we skip the rest of the macro if needed instead
skip=1

for audit_file in "${files_to_inspect[@]}"
do
    # Filter existing $audit_file rules' definitions to select those that satisfy the rule pattern,
    # i.e, collect rules that match:
    # * the action, list and arch, (2-nd argument)
    # * the other filters, (3-rd argument)
    # * the auid filters, (4-rd argument)
    readarray -t similar_rules &lt; &lt;(sed -e "/^$ACTION_ARCH_FILTERS/!d"  -e "\#$OTHER_FILTERS#!d" -e "/$AUID_FILTERS/!d" "$audit_file")

    candidate_rules=()
    # Filter out rules that have more fields then required. This will remove rules more specific than the required scope
    for s_rule in "${similar_rules[@]}"
    do
        # Strip all the options and fields we know of,
        # than check if there was any field left over
        extra_fields=$(sed -E -e "s/^$ACTION_ARCH_FILTERS//"  -e "s#$OTHER_FILTERS##" -e "s/$AUID_FILTERS//" -e "s/((:?-S [[:alnum:],]+)+)//g" -e "s/-F key=\w+|-k \w+//"&lt;&lt;&lt; "$s_rule")
        grep -q -- "-F" &lt;&lt;&lt; "$extra_fields" || candidate_rules+=("$s_rule")
    done

    if [[ ${#syscall_a[@]} -ge 1 ]]
    then
        # Check if the syscall we want is present in any of the similar existing rules
        for rule in "${candidate_rules[@]}"
        do
            rule_syscalls=$(echo "$rule" | grep -o -P '(-S [\w,]+)+' | xargs)
            all_syscalls_found=0
            for syscall in "${syscall_a[@]}"
            do
                grep -q -- "\b${syscall}\b" &lt;&lt;&lt; "$rule_syscalls" || {
                   # A syscall was not found in the candidate rule
                   all_syscalls_found=1
                   }
            done
            if [[ $all_syscalls_found -eq 0 ]]
            then
                # We found a rule with all the syscall(s) we want; skip rest of macro
                skip=0
                break
            fi

            # Check if this rule can be grouped with our target syscall and keep track of it
            for syscall_g in "${syscall_grouping[@]}"
            do
                if grep -q -- "\b${syscall_g}\b" &lt;&lt;&lt; "$rule_syscalls"
                then
                    file_to_edit=${audit_file}
                    rule_to_edit=${rule}
                    rule_syscalls_to_edit=${rule_syscalls}
                fi
            done
        done
    else
        # If there is any candidate rule, it is compliant; skip rest of macro
        if [ "${#candidate_rules[@]}" -gt 0 ]
        then
            skip=0
        fi
    fi

    if [ "$skip" -eq 0 ]; then
        break
    fi
done

if [ "$skip" -ne 0 ]; then
    # We checked all rules that matched the expected resemblance pattern (action, arch &amp; auid)
    # At this point we know if we need to either append the $full_rule or group
    # the syscall together with an exsiting rule

    # Append the full_rule if it cannot be grouped to any other rule
    if [ -z ${rule_to_edit+x} ]
    then
        # Build full_rule while avoid adding double spaces when other_filters is empty
        if [ "${#syscall_a[@]}" -gt 0 ]
        then
            syscall_string=""
            for syscall in "${syscall_a[@]}"
            do
                syscall_string+=" -S $syscall"
            done
        fi
        other_string=$([[ $OTHER_FILTERS ]] &amp;&amp; echo " $OTHER_FILTERS") || /bin/true
        auid_string=$([[ $AUID_FILTERS ]] &amp;&amp; echo " $AUID_FILTERS") || /bin/true
        full_rule="$ACTION_ARCH_FILTERS${syscall_string}${other_string}${auid_string} -F key=$KEY" || /bin/true
        echo "$full_rule" &gt;&gt; "$default_file"
        chmod 0600 ${default_file}
    else
        # Check if the syscalls are declared as a comma separated list or
        # as multiple -S parameters
        if grep -q -- "," &lt;&lt;&lt; "${rule_syscalls_to_edit}"
        then
            delimiter=","
        else
            delimiter=" -S "
        fi
        new_grouped_syscalls="${rule_syscalls_to_edit}"
        for syscall in "${syscall_a[@]}"
        do
            grep -q -- "\b${syscall}\b" &lt;&lt;&lt; "${rule_syscalls_to_edit}" || {
               # A syscall was not found in the candidate rule
               new_grouped_syscalls+="${delimiter}${syscall}"
               }
        done

        # Group the syscall in the rule
        sed -i -e "\#${rule_to_edit}#s#${rule_syscalls_to_edit}#${new_grouped_syscalls}#" "$file_to_edit"
    fi
fi

else
    &gt;&amp;2 echo 'Remediation is not applicable, nothing was done'
fi
</fix>
          <fix xmlns:xhtml="http://www.w3.org/1999/xhtml" id="audit_rules_privileged_commands_sudoedit" system="urn:xccdf:fix:script:ansible" complexity="low" disruption="low" strategy="restrict">- name: Gather the package facts
  package_facts:
    manager: auto
  tags:
  - CCE-85717-7
  - DISA-STIG-SLES-15-030330
  - NIST-800-171-3.1.7
  - NIST-800-53-AU-12(a)
  - NIST-800-53-AU-12.1(ii)
  - NIST-800-53-AU-12.1(iv)
  - NIST-800-53-AU-3
  - NIST-800-53-AU-3.1
  - audit_rules_privileged_commands_sudoedit
  - low_complexity
  - low_disruption
  - medium_severity
  - no_reboot_needed
  - restrict_strategy

- name: Ensure auditd Collects Information on the Use of Privileged Commands - sudoedit
    - Perform remediation of Audit rules for /usr/bin/sudoedit
  block:

  - name: Declare list of syscalls
    ansible.builtin.set_fact:
      syscalls: []
      syscall_grouping: []

  - name: Check existence of  in /etc/audit/rules.d/
    ansible.builtin.find:
      paths: /etc/audit/rules.d
      contains: -a always,exit(( -S |,)\w+)*(( -S |,){{ item }})+(( -S |,)\w+)* -F
        path=/usr/bin/sudoedit -F perm=x -F auid&gt;=1000 -F auid!=unset (-k\s+|-F\s+key=)\S+\s*$
      patterns: '*.rules'
    register: find_command
    loop: '{{ (syscall_grouping + syscalls) | unique }}'

  - name: Reset syscalls found per file
    ansible.builtin.set_fact:
      syscalls_per_file: {}
      found_paths_dict: {}

  - name: Declare syscalls found per file
    ansible.builtin.set_fact: syscalls_per_file="{{ syscalls_per_file | combine( {item.files[0].path
      :[item.item] + syscalls_per_file.get(item.files[0].path, []) } ) }}"
    loop: '{{ find_command.results | selectattr(''matched'') | list }}'

  - name: Declare files where syscalls were found
    ansible.builtin.set_fact: found_paths="{{ find_command.results | map(attribute='files')
      | flatten | map(attribute='path') | list }}"

  - name: Count occurrences of syscalls in paths
    ansible.builtin.set_fact: found_paths_dict="{{ found_paths_dict | combine({ item:1+found_paths_dict.get(item,
      0) }) }}"
    loop: '{{ find_command.results | map(attribute=''files'') | flatten | map(attribute=''path'')
      | list }}'

  - name: Get path with most syscalls
    ansible.builtin.set_fact: audit_file="{{ (found_paths_dict | dict2items() | sort(attribute='value')
      | last).key }}"
    when: found_paths | length &gt;= 1

  - name: No file with syscall found, set path to /etc/audit/rules.d/privileged.rules
    ansible.builtin.set_fact: audit_file="/etc/audit/rules.d/privileged.rules"
    when: found_paths | length == 0

  - name: Declare found syscalls
    ansible.builtin.set_fact: syscalls_found="{{ find_command.results | selectattr('matched')
      | map(attribute='item') | list }}"

  - name: Declare missing syscalls
    ansible.builtin.set_fact: missing_syscalls="{{ syscalls | difference(syscalls_found)
      }}"

  - name: Replace the audit rule in {{ audit_file }}
    ansible.builtin.lineinfile:
      path: '{{ audit_file }}'
      regexp: (-a always,exit)(?=.*(?:(?:-S |,)(?:{{ syscalls_per_file[audit_file]
        | join("|") }}))\b)((?:( -S |,)\w+)+)( -F path=/usr/bin/sudoedit -F perm=x
        -F auid&gt;=1000 -F auid!=unset (?:-k |-F key=)\w+)
      line: \1\2\3{{ missing_syscalls | join("\3") }}\4
      backrefs: true
      state: present
      mode: g-rwx,o-rwx
    when: syscalls_found | length &gt; 0 and missing_syscalls | length &gt; 0

  - name: Add the audit rule to {{ audit_file }}
    ansible.builtin.lineinfile:
      path: '{{ audit_file }}'
      line: -a always,exit{{ syscalls | join(',') }} -F path=/usr/bin/sudoedit -F
        perm=x -F auid&gt;=1000 -F auid!=unset -F key=privileged
      create: true
      mode: g-rwx,o-rwx
      state: present
    when: syscalls_found | length == 0

  - name: Declare list of syscalls
    ansible.builtin.set_fact:
      syscalls: []
      syscall_grouping: []

  - name: Check existence of  in /etc/audit/audit.rules
    ansible.builtin.find:
      paths: /etc/audit
      contains: -a always,exit(( -S |,)\w+)*(( -S |,){{ item }})+(( -S |,)\w+)* -F
        path=/usr/bin/sudoedit -F perm=x -F auid&gt;=1000 -F auid!=unset (-k\s+|-F\s+key=)\S+\s*$
      patterns: audit.rules
    register: find_command
    loop: '{{ (syscall_grouping + syscalls) | unique }}'

  - name: Set path to /etc/audit/audit.rules
    ansible.builtin.set_fact: audit_file="/etc/audit/audit.rules"

  - name: Declare found syscalls
    ansible.builtin.set_fact: syscalls_found="{{ find_command.results | selectattr('matched')
      | map(attribute='item') | list }}"

  - name: Declare missing syscalls
    ansible.builtin.set_fact: missing_syscalls="{{ syscalls | difference(syscalls_found)
      }}"

  - name: Replace the audit rule in {{ audit_file }}
    ansible.builtin.lineinfile:
      path: '{{ audit_file }}'
      regexp: (-a always,exit)(?=.*(?:(?:-S |,)(?:{{ syscalls_found | join("|") }}))\b)((?:(
        -S |,)\w+)+)( -F path=/usr/bin/sudoedit -F perm=x -F auid&gt;=1000 -F auid!=unset
        (?:-k |-F key=)\w+)
      line: \1\2\3{{ missing_syscalls | join("\3") }}\4
      backrefs: true
      state: present
      mode: g-rwx,o-rwx
    when: syscalls_found | length &gt; 0 and missing_syscalls | length &gt; 0

  - name: Add the audit rule to {{ audit_file }}
    ansible.builtin.lineinfile:
      path: '{{ audit_file }}'
      line: -a always,exit{{ syscalls | join(',') }} -F path=/usr/bin/sudoedit -F
        perm=x -F auid&gt;=1000 -F auid!=unset -F key=privileged
      create: true
      mode: g-rwx,o-rwx
      state: present
    when: syscalls_found | length == 0
  when:
  - '"audit" in ansible_facts.packages'
  - ("kernel-default" in ansible_facts.packages or "kernel-default-base" in ansible_facts.packages)
  tags:
  - CCE-85717-7
  - DISA-STIG-SLES-15-030330
  - NIST-800-171-3.1.7
  - NIST-800-53-AU-12(a)
  - NIST-800-53-AU-12.1(ii)
  - NIST-800-53-AU-12.1(iv)
  - NIST-800-53-AU-3
  - NIST-800-53-AU-3.1
  - audit_rules_privileged_commands_sudoedit
  - low_complexity
  - low_disruption
  - medium_severity
  - no_reboot_needed
  - restrict_strategy
</fix>
          <check system="http://oval.mitre.org/XMLSchema/oval-definitions-5">
            <check-content-ref name="oval:ssg-audit_rules_privileged_commands_sudoedit:def:1" href="ssg-sle15-oval.xml"/>
          </check>
          <check system="http://scap.nist.gov/schema/ocil/2">
            <check-content-ref name="ocil:ssg-audit_rules_privileged_commands_sudoedit_ocil:questionnaire:1" href="ssg-sle15-ocil.xml"/>
          </check>
        </Rule>
        <Rule id="xccdf_org.ssgproject.content_rule_audit_rules_privileged_commands_umount" selected="false" role="full" severity="medium">
          <title xmlns:xhtml="http://www.w3.org/1999/xhtml" xml:lang="en-US">Ensure auditd Collects Information on the Use of Privileged Commands - umount</title>
          <description xmlns:xhtml="http://www.w3.org/1999/xhtml" xml:lang="en-US">


At a minimum, the audit system should collect the execution of privileged
commands for all users and root.

If the <html:code xmlns:html="http://www.w3.org/1999/xhtml">auditd</html:code> daemon is configured to use the <html:code xmlns:html="http://www.w3.org/1999/xhtml">augenrules</html:code>
program to read audit rules during daemon startup (the default), add
a line of the following form to a file with suffix <html:code xmlns:html="http://www.w3.org/1999/xhtml">.rules</html:code>
in the directory <html:code xmlns:html="http://www.w3.org/1999/xhtml">/etc/audit/rules.d</html:code>:
<html:pre xmlns:html="http://www.w3.org/1999/xhtml">-a always,exit -F path=/usr/bin/umount -F perm=x -F auid&gt;=1000 -F auid!=unset -F key=privileged</html:pre>

If the <html:code xmlns:html="http://www.w3.org/1999/xhtml">auditd</html:code> daemon is configured to use the <html:code xmlns:html="http://www.w3.org/1999/xhtml">auditctl</html:code>
utility to read audit rules during daemon startup, add a line of the
following form to <html:code xmlns:html="http://www.w3.org/1999/xhtml">/etc/audit/audit.rules</html:code>:
<html:pre xmlns:html="http://www.w3.org/1999/xhtml">-a always,exit -F path=/usr/bin/umount -F perm=x -F auid&gt;=1000 -F auid!=unset -F key=privileged</html:pre>
       </description>
          <reference href="https://www.cisecurity.org/controls/">1</reference>
          <reference href="https://www.cisecurity.org/controls/">12</reference>
          <reference href="https://www.cisecurity.org/controls/">13</reference>
          <reference href="https://www.cisecurity.org/controls/">14</reference>
          <reference href="https://www.cisecurity.org/controls/">15</reference>
          <reference href="https://www.cisecurity.org/controls/">16</reference>
          <reference href="https://www.cisecurity.org/controls/">2</reference>
          <reference href="https://www.cisecurity.org/controls/">3</reference>
          <reference href="https://www.cisecurity.org/controls/">5</reference>
          <reference href="https://www.cisecurity.org/controls/">6</reference>
          <reference href="https://www.cisecurity.org/controls/">7</reference>
          <reference href="https://www.cisecurity.org/controls/">8</reference>
          <reference href="https://www.cisecurity.org/controls/">9</reference>
          <reference href="https://www.isaca.org/resources/cobit">APO10.01</reference>
          <reference href="https://www.isaca.org/resources/cobit">APO10.03</reference>
          <reference href="https://www.isaca.org/resources/cobit">APO10.04</reference>
          <reference href="https://www.isaca.org/resources/cobit">APO10.05</reference>
          <reference href="https://www.isaca.org/resources/cobit">APO11.04</reference>
          <reference href="https://www.isaca.org/resources/cobit">BAI03.05</reference>
          <reference href="https://www.isaca.org/resources/cobit">DSS01.03</reference>
          <reference href="https://www.isaca.org/resources/cobit">DSS03.05</reference>
          <reference href="https://www.isaca.org/resources/cobit">DSS05.02</reference>
          <reference href="https://www.isaca.org/resources/cobit">DSS05.04</reference>
          <reference href="https://www.isaca.org/resources/cobit">DSS05.05</reference>
          <reference href="https://www.isaca.org/resources/cobit">DSS05.07</reference>
          <reference href="https://www.isaca.org/resources/cobit">MEA01.01</reference>
          <reference href="https://www.isaca.org/resources/cobit">MEA01.02</reference>
          <reference href="https://www.isaca.org/resources/cobit">MEA01.03</reference>
          <reference href="https://www.isaca.org/resources/cobit">MEA01.04</reference>
          <reference href="https://www.isaca.org/resources/cobit">MEA01.05</reference>
          <reference href="https://www.isaca.org/resources/cobit">MEA02.01</reference>
          <reference href="http://nvlpubs.nist.gov/nistpubs/SpecialPublications/NIST.SP.800-171.pdf">3.1.7</reference>
          <reference href="https://www.gpo.gov/fdsys/pkg/CFR-2007-title45-vol1/pdf/CFR-2007-title45-vol1-chapA-subchapC.pdf">164.308(a)(1)(ii)(D)</reference>
          <reference href="https://www.gpo.gov/fdsys/pkg/CFR-2007-title45-vol1/pdf/CFR-2007-title45-vol1-chapA-subchapC.pdf">164.308(a)(3)(ii)(A)</reference>
          <reference href="https://www.gpo.gov/fdsys/pkg/CFR-2007-title45-vol1/pdf/CFR-2007-title45-vol1-chapA-subchapC.pdf">164.308(a)(5)(ii)(C)</reference>
          <reference href="https://www.gpo.gov/fdsys/pkg/CFR-2007-title45-vol1/pdf/CFR-2007-title45-vol1-chapA-subchapC.pdf">164.312(a)(2)(i)</reference>
          <reference href="https://www.gpo.gov/fdsys/pkg/CFR-2007-title45-vol1/pdf/CFR-2007-title45-vol1-chapA-subchapC.pdf">164.312(b)</reference>
          <reference href="https://www.gpo.gov/fdsys/pkg/CFR-2007-title45-vol1/pdf/CFR-2007-title45-vol1-chapA-subchapC.pdf">164.312(d)</reference>
          <reference href="https://www.gpo.gov/fdsys/pkg/CFR-2007-title45-vol1/pdf/CFR-2007-title45-vol1-chapA-subchapC.pdf">164.312(e)</reference>
          <reference href="https://www.isa.org/products/isa-62443-2-1-2009-security-for-industrial-automat">4.3.2.6.7</reference>
          <reference href="https://www.isa.org/products/isa-62443-2-1-2009-security-for-industrial-automat">4.3.3.3.9</reference>
          <reference href="https://www.isa.org/products/isa-62443-2-1-2009-security-for-industrial-automat">4.3.3.5.8</reference>
          <reference href="https://www.isa.org/products/isa-62443-2-1-2009-security-for-industrial-automat">4.3.4.4.7</reference>
          <reference href="https://www.isa.org/products/isa-62443-2-1-2009-security-for-industrial-automat">4.4.2.1</reference>
          <reference href="https://www.isa.org/products/isa-62443-2-1-2009-security-for-industrial-automat">4.4.2.2</reference>
          <reference href="https://www.isa.org/products/isa-62443-2-1-2009-security-for-industrial-automat">4.4.2.4</reference>
          <reference href="https://www.isa.org/products/ansi-isa-62443-3-3-99-03-03-2013-security-for-indu">SR 2.10</reference>
          <reference href="https://www.isa.org/products/ansi-isa-62443-3-3-99-03-03-2013-security-for-indu">SR 2.11</reference>
          <reference href="https://www.isa.org/products/ansi-isa-62443-3-3-99-03-03-2013-security-for-indu">SR 2.12</reference>
          <reference href="https://www.isa.org/products/ansi-isa-62443-3-3-99-03-03-2013-security-for-indu">SR 2.8</reference>
          <reference href="https://www.isa.org/products/ansi-isa-62443-3-3-99-03-03-2013-security-for-indu">SR 2.9</reference>
          <reference href="https://www.isa.org/products/ansi-isa-62443-3-3-99-03-03-2013-security-for-indu">SR 6.1</reference>
          <reference href="https://www.isa.org/products/ansi-isa-62443-3-3-99-03-03-2013-security-for-indu">SR 6.2</reference>
          <reference href="https://www.iso.org/contents/data/standard/05/45/54534.html">A.12.4.1</reference>
          <reference href="https://www.iso.org/contents/data/standard/05/45/54534.html">A.12.4.2</reference>
          <reference href="https://www.iso.org/contents/data/standard/05/45/54534.html">A.12.4.3</reference>
          <reference href="https://www.iso.org/contents/data/standard/05/45/54534.html">A.12.4.4</reference>
          <reference href="https://www.iso.org/contents/data/standard/05/45/54534.html">A.12.7.1</reference>
          <reference href="https://www.iso.org/contents/data/standard/05/45/54534.html">A.14.2.7</reference>
          <reference href="https://www.iso.org/contents/data/standard/05/45/54534.html">A.15.2.1</reference>
          <reference href="https://www.iso.org/contents/data/standard/05/45/54534.html">A.15.2.2</reference>
          <reference href="http://nvlpubs.nist.gov/nistpubs/SpecialPublications/NIST.SP.800-53r4.pdf">AU-2(d)</reference>
          <reference href="http://nvlpubs.nist.gov/nistpubs/SpecialPublications/NIST.SP.800-53r4.pdf">AU-12(c)</reference>
          <reference href="http://nvlpubs.nist.gov/nistpubs/SpecialPublications/NIST.SP.800-53r4.pdf">AC-6(9)</reference>
          <reference href="http://nvlpubs.nist.gov/nistpubs/SpecialPublications/NIST.SP.800-53r4.pdf">CM-6(a)</reference>
          <reference href="https://nvlpubs.nist.gov/nistpubs/CSWP/NIST.CSWP.04162018.pdf">DE.CM-1</reference>
          <reference href="https://nvlpubs.nist.gov/nistpubs/CSWP/NIST.CSWP.04162018.pdf">DE.CM-3</reference>
          <reference href="https://nvlpubs.nist.gov/nistpubs/CSWP/NIST.CSWP.04162018.pdf">DE.CM-7</reference>
          <reference href="https://nvlpubs.nist.gov/nistpubs/CSWP/NIST.CSWP.04162018.pdf">ID.SC-4</reference>
          <reference href="https://nvlpubs.nist.gov/nistpubs/CSWP/NIST.CSWP.04162018.pdf">PR.PT-1</reference>
          <reference href="https://www.cyber.mil/stigs/downloads/?_dl_facet_stigs=operating-systems%2Cgeneral-purpose-os">SRG-OS-000037-GPOS-00015</reference>
          <reference href="https://www.cyber.mil/stigs/downloads/?_dl_facet_stigs=operating-systems%2Cgeneral-purpose-os">SRG-OS-000042-GPOS-00020</reference>
          <reference href="https://www.cyber.mil/stigs/downloads/?_dl_facet_stigs=operating-systems%2Cgeneral-purpose-os">SRG-OS-000062-GPOS-00031</reference>
          <reference href="https://www.cyber.mil/stigs/downloads/?_dl_facet_stigs=operating-systems%2Cgeneral-purpose-os">SRG-OS-000392-GPOS-00172</reference>
          <reference href="https://www.cyber.mil/stigs/downloads/?_dl_facet_stigs=operating-systems%2Cgeneral-purpose-os">SRG-OS-000462-GPOS-00206</reference>
          <reference href="https://www.cyber.mil/stigs/downloads/?_dl_facet_stigs=operating-systems%2Cgeneral-purpose-os">SRG-OS-000471-GPOS-00215</reference>
          <reference href="https://www.cyber.mil/stigs/downloads/?_dl_facet_stigs=app-security">SRG-APP-000029-CTR-000085</reference>
          <rationale xmlns:xhtml="http://www.w3.org/1999/xhtml" xml:lang="en-US">Misuse of privileged functions, either intentionally or unintentionally by
authorized users, or by unauthorized external entities that have compromised system accounts,
is a serious and ongoing concern and can have significant adverse impacts on organizations.
Auditing the use of privileged functions is one way to detect such misuse and identify
the risk from insider and advanced persistent threats.
<html:br xmlns:html="http://www.w3.org/1999/xhtml"/>
        <html:br xmlns:html="http://www.w3.org/1999/xhtml"/>
Privileged programs are subject to escalation-of-privilege attacks,
which attempt to subvert their normal role of providing some necessary but
limited capability. As such, motivation exists to monitor these programs for
unusual activity.</rationale>
          <ident system="https://ncp.nist.gov/cce">CCE-91450-7</ident>
          <fix xmlns:xhtml="http://www.w3.org/1999/xhtml" id="audit_rules_privileged_commands_umount" system="urn:xccdf:fix:script:sh"># Remediation is applicable only in certain platforms
if rpm --quiet -q audit &amp;&amp; rpm --quiet -q kernel-default || rpm --quiet -q kernel-default-base; then

# Retrieve hardware architecture of the underlying system
OTHER_FILTERS="-F path=/usr/bin/umount -F perm=x"
AUID_FILTERS="-F auid&gt;=1000 -F auid!=unset"
SYSCALL=""
KEY="privileged"
SYSCALL_GROUPING=""


ACTION_ARCH_FILTERS="-a always,exit"
# Perform the remediation for both possible tools: 'auditctl' and 'augenrules'
unset syscall_a
unset syscall_grouping
unset syscall_string
unset syscall
unset file_to_edit
unset rule_to_edit
unset rule_syscalls_to_edit
unset other_string
unset auid_string
unset full_rule

# Load macro arguments into arrays
read -a syscall_a &lt;&lt;&lt; $SYSCALL
read -a syscall_grouping &lt;&lt;&lt; $SYSCALL_GROUPING

# Create a list of audit *.rules files that should be inspected for presence and correctness
# of a particular audit rule. The scheme is as follows:
#
# -----------------------------------------------------------------------------------------
#  Tool used to load audit rules | Rule already defined  |  Audit rules file to inspect    |
# -----------------------------------------------------------------------------------------
#        auditctl                |     Doesn't matter    |  /etc/audit/audit.rules         |
# -----------------------------------------------------------------------------------------
#        augenrules              |          Yes          |  /etc/audit/rules.d/*.rules     |
#        augenrules              |          No           |  /etc/audit/rules.d/$key.rules  |
# -----------------------------------------------------------------------------------------
#
files_to_inspect=()

# If audit tool is 'augenrules', then check if the audit rule is defined
# If rule is defined, add '/etc/audit/rules.d/*.rules' to the list for inspection
# If rule isn't defined yet, add '/etc/audit/rules.d/$key.rules' to the list for inspection
default_file="/etc/audit/rules.d/$KEY.rules"
# As other_filters may include paths, lets use a different delimiter for it
# The "F" script expression tells sed to print the filenames where the expressions matched
readarray -t files_to_inspect &lt; &lt;(sed -s -n -e "/^$ACTION_ARCH_FILTERS/!d" -e "\#$OTHER_FILTERS#!d" -e "/$AUID_FILTERS/!d" -e "F" /etc/audit/rules.d/*.rules)
# Case when particular rule isn't defined in /etc/audit/rules.d/*.rules yet
if [ ${#files_to_inspect[@]} -eq "0" ]
then
    file_to_inspect="/etc/audit/rules.d/$KEY.rules"
    files_to_inspect=("$file_to_inspect")
    if [ ! -e "$file_to_inspect" ]
    then
        touch "$file_to_inspect"
        chmod 0600 "$file_to_inspect"
    fi
fi

# After converting to jinja, we cannot return; therefore we skip the rest of the macro if needed instead
skip=1

for audit_file in "${files_to_inspect[@]}"
do
    # Filter existing $audit_file rules' definitions to select those that satisfy the rule pattern,
    # i.e, collect rules that match:
    # * the action, list and arch, (2-nd argument)
    # * the other filters, (3-rd argument)
    # * the auid filters, (4-rd argument)
    readarray -t similar_rules &lt; &lt;(sed -e "/^$ACTION_ARCH_FILTERS/!d"  -e "\#$OTHER_FILTERS#!d" -e "/$AUID_FILTERS/!d" "$audit_file")

    candidate_rules=()
    # Filter out rules that have more fields then required. This will remove rules more specific than the required scope
    for s_rule in "${similar_rules[@]}"
    do
        # Strip all the options and fields we know of,
        # than check if there was any field left over
        extra_fields=$(sed -E -e "s/^$ACTION_ARCH_FILTERS//"  -e "s#$OTHER_FILTERS##" -e "s/$AUID_FILTERS//" -e "s/((:?-S [[:alnum:],]+)+)//g" -e "s/-F key=\w+|-k \w+//"&lt;&lt;&lt; "$s_rule")
        grep -q -- "-F" &lt;&lt;&lt; "$extra_fields" || candidate_rules+=("$s_rule")
    done

    if [[ ${#syscall_a[@]} -ge 1 ]]
    then
        # Check if the syscall we want is present in any of the similar existing rules
        for rule in "${candidate_rules[@]}"
        do
            rule_syscalls=$(echo "$rule" | grep -o -P '(-S [\w,]+)+' | xargs)
            all_syscalls_found=0
            for syscall in "${syscall_a[@]}"
            do
                grep -q -- "\b${syscall}\b" &lt;&lt;&lt; "$rule_syscalls" || {
                   # A syscall was not found in the candidate rule
                   all_syscalls_found=1
                   }
            done
            if [[ $all_syscalls_found -eq 0 ]]
            then
                # We found a rule with all the syscall(s) we want; skip rest of macro
                skip=0
                break
            fi

            # Check if this rule can be grouped with our target syscall and keep track of it
            for syscall_g in "${syscall_grouping[@]}"
            do
                if grep -q -- "\b${syscall_g}\b" &lt;&lt;&lt; "$rule_syscalls"
                then
                    file_to_edit=${audit_file}
                    rule_to_edit=${rule}
                    rule_syscalls_to_edit=${rule_syscalls}
                fi
            done
        done
    else
        # If there is any candidate rule, it is compliant; skip rest of macro
        if [ "${#candidate_rules[@]}" -gt 0 ]
        then
            skip=0
        fi
    fi

    if [ "$skip" -eq 0 ]; then
        break
    fi
done

if [ "$skip" -ne 0 ]; then
    # We checked all rules that matched the expected resemblance pattern (action, arch &amp; auid)
    # At this point we know if we need to either append the $full_rule or group
    # the syscall together with an exsiting rule

    # Append the full_rule if it cannot be grouped to any other rule
    if [ -z ${rule_to_edit+x} ]
    then
        # Build full_rule while avoid adding double spaces when other_filters is empty
        if [ "${#syscall_a[@]}" -gt 0 ]
        then
            syscall_string=""
            for syscall in "${syscall_a[@]}"
            do
                syscall_string+=" -S $syscall"
            done
        fi
        other_string=$([[ $OTHER_FILTERS ]] &amp;&amp; echo " $OTHER_FILTERS") || /bin/true
        auid_string=$([[ $AUID_FILTERS ]] &amp;&amp; echo " $AUID_FILTERS") || /bin/true
        full_rule="$ACTION_ARCH_FILTERS${syscall_string}${other_string}${auid_string} -F key=$KEY" || /bin/true
        echo "$full_rule" &gt;&gt; "$default_file"
        chmod 0600 ${default_file}
    else
        # Check if the syscalls are declared as a comma separated list or
        # as multiple -S parameters
        if grep -q -- "," &lt;&lt;&lt; "${rule_syscalls_to_edit}"
        then
            delimiter=","
        else
            delimiter=" -S "
        fi
        new_grouped_syscalls="${rule_syscalls_to_edit}"
        for syscall in "${syscall_a[@]}"
        do
            grep -q -- "\b${syscall}\b" &lt;&lt;&lt; "${rule_syscalls_to_edit}" || {
               # A syscall was not found in the candidate rule
               new_grouped_syscalls+="${delimiter}${syscall}"
               }
        done

        # Group the syscall in the rule
        sed -i -e "\#${rule_to_edit}#s#${rule_syscalls_to_edit}#${new_grouped_syscalls}#" "$file_to_edit"
    fi
fi
unset syscall_a
unset syscall_grouping
unset syscall_string
unset syscall
unset file_to_edit
unset rule_to_edit
unset rule_syscalls_to_edit
unset other_string
unset auid_string
unset full_rule

# Load macro arguments into arrays
read -a syscall_a &lt;&lt;&lt; $SYSCALL
read -a syscall_grouping &lt;&lt;&lt; $SYSCALL_GROUPING

# Create a list of audit *.rules files that should be inspected for presence and correctness
# of a particular audit rule. The scheme is as follows:
#
# -----------------------------------------------------------------------------------------
#  Tool used to load audit rules | Rule already defined  |  Audit rules file to inspect    |
# -----------------------------------------------------------------------------------------
#        auditctl                |     Doesn't matter    |  /etc/audit/audit.rules         |
# -----------------------------------------------------------------------------------------
#        augenrules              |          Yes          |  /etc/audit/rules.d/*.rules     |
#        augenrules              |          No           |  /etc/audit/rules.d/$key.rules  |
# -----------------------------------------------------------------------------------------
#
files_to_inspect=()


# If audit tool is 'auditctl', then add '/etc/audit/audit.rules'
# file to the list of files to be inspected
default_file="/etc/audit/audit.rules"
files_to_inspect+=('/etc/audit/audit.rules' )

# After converting to jinja, we cannot return; therefore we skip the rest of the macro if needed instead
skip=1

for audit_file in "${files_to_inspect[@]}"
do
    # Filter existing $audit_file rules' definitions to select those that satisfy the rule pattern,
    # i.e, collect rules that match:
    # * the action, list and arch, (2-nd argument)
    # * the other filters, (3-rd argument)
    # * the auid filters, (4-rd argument)
    readarray -t similar_rules &lt; &lt;(sed -e "/^$ACTION_ARCH_FILTERS/!d"  -e "\#$OTHER_FILTERS#!d" -e "/$AUID_FILTERS/!d" "$audit_file")

    candidate_rules=()
    # Filter out rules that have more fields then required. This will remove rules more specific than the required scope
    for s_rule in "${similar_rules[@]}"
    do
        # Strip all the options and fields we know of,
        # than check if there was any field left over
        extra_fields=$(sed -E -e "s/^$ACTION_ARCH_FILTERS//"  -e "s#$OTHER_FILTERS##" -e "s/$AUID_FILTERS//" -e "s/((:?-S [[:alnum:],]+)+)//g" -e "s/-F key=\w+|-k \w+//"&lt;&lt;&lt; "$s_rule")
        grep -q -- "-F" &lt;&lt;&lt; "$extra_fields" || candidate_rules+=("$s_rule")
    done

    if [[ ${#syscall_a[@]} -ge 1 ]]
    then
        # Check if the syscall we want is present in any of the similar existing rules
        for rule in "${candidate_rules[@]}"
        do
            rule_syscalls=$(echo "$rule" | grep -o -P '(-S [\w,]+)+' | xargs)
            all_syscalls_found=0
            for syscall in "${syscall_a[@]}"
            do
                grep -q -- "\b${syscall}\b" &lt;&lt;&lt; "$rule_syscalls" || {
                   # A syscall was not found in the candidate rule
                   all_syscalls_found=1
                   }
            done
            if [[ $all_syscalls_found -eq 0 ]]
            then
                # We found a rule with all the syscall(s) we want; skip rest of macro
                skip=0
                break
            fi

            # Check if this rule can be grouped with our target syscall and keep track of it
            for syscall_g in "${syscall_grouping[@]}"
            do
                if grep -q -- "\b${syscall_g}\b" &lt;&lt;&lt; "$rule_syscalls"
                then
                    file_to_edit=${audit_file}
                    rule_to_edit=${rule}
                    rule_syscalls_to_edit=${rule_syscalls}
                fi
            done
        done
    else
        # If there is any candidate rule, it is compliant; skip rest of macro
        if [ "${#candidate_rules[@]}" -gt 0 ]
        then
            skip=0
        fi
    fi

    if [ "$skip" -eq 0 ]; then
        break
    fi
done

if [ "$skip" -ne 0 ]; then
    # We checked all rules that matched the expected resemblance pattern (action, arch &amp; auid)
    # At this point we know if we need to either append the $full_rule or group
    # the syscall together with an exsiting rule

    # Append the full_rule if it cannot be grouped to any other rule
    if [ -z ${rule_to_edit+x} ]
    then
        # Build full_rule while avoid adding double spaces when other_filters is empty
        if [ "${#syscall_a[@]}" -gt 0 ]
        then
            syscall_string=""
            for syscall in "${syscall_a[@]}"
            do
                syscall_string+=" -S $syscall"
            done
        fi
        other_string=$([[ $OTHER_FILTERS ]] &amp;&amp; echo " $OTHER_FILTERS") || /bin/true
        auid_string=$([[ $AUID_FILTERS ]] &amp;&amp; echo " $AUID_FILTERS") || /bin/true
        full_rule="$ACTION_ARCH_FILTERS${syscall_string}${other_string}${auid_string} -F key=$KEY" || /bin/true
        echo "$full_rule" &gt;&gt; "$default_file"
        chmod 0600 ${default_file}
    else
        # Check if the syscalls are declared as a comma separated list or
        # as multiple -S parameters
        if grep -q -- "," &lt;&lt;&lt; "${rule_syscalls_to_edit}"
        then
            delimiter=","
        else
            delimiter=" -S "
        fi
        new_grouped_syscalls="${rule_syscalls_to_edit}"
        for syscall in "${syscall_a[@]}"
        do
            grep -q -- "\b${syscall}\b" &lt;&lt;&lt; "${rule_syscalls_to_edit}" || {
               # A syscall was not found in the candidate rule
               new_grouped_syscalls+="${delimiter}${syscall}"
               }
        done

        # Group the syscall in the rule
        sed -i -e "\#${rule_to_edit}#s#${rule_syscalls_to_edit}#${new_grouped_syscalls}#" "$file_to_edit"
    fi
fi

else
    &gt;&amp;2 echo 'Remediation is not applicable, nothing was done'
fi
</fix>
          <fix xmlns:xhtml="http://www.w3.org/1999/xhtml" id="audit_rules_privileged_commands_umount" system="urn:xccdf:fix:script:ansible" complexity="low" disruption="low" strategy="restrict">- name: Gather the package facts
  package_facts:
    manager: auto
  tags:
  - CCE-91450-7
  - NIST-800-171-3.1.7
  - NIST-800-53-AC-6(9)
  - NIST-800-53-AU-12(c)
  - NIST-800-53-AU-2(d)
  - NIST-800-53-CM-6(a)
  - audit_rules_privileged_commands_umount
  - low_complexity
  - low_disruption
  - medium_severity
  - no_reboot_needed
  - restrict_strategy

- name: Ensure auditd Collects Information on the Use of Privileged Commands - umount
    - Perform remediation of Audit rules for /usr/bin/umount
  block:

  - name: Declare list of syscalls
    ansible.builtin.set_fact:
      syscalls: []
      syscall_grouping: []

  - name: Check existence of  in /etc/audit/rules.d/
    ansible.builtin.find:
      paths: /etc/audit/rules.d
      contains: -a always,exit(( -S |,)\w+)*(( -S |,){{ item }})+(( -S |,)\w+)* -F
        path=/usr/bin/umount -F perm=x -F auid&gt;=1000 -F auid!=unset (-k\s+|-F\s+key=)\S+\s*$
      patterns: '*.rules'
    register: find_command
    loop: '{{ (syscall_grouping + syscalls) | unique }}'

  - name: Reset syscalls found per file
    ansible.builtin.set_fact:
      syscalls_per_file: {}
      found_paths_dict: {}

  - name: Declare syscalls found per file
    ansible.builtin.set_fact: syscalls_per_file="{{ syscalls_per_file | combine( {item.files[0].path
      :[item.item] + syscalls_per_file.get(item.files[0].path, []) } ) }}"
    loop: '{{ find_command.results | selectattr(''matched'') | list }}'

  - name: Declare files where syscalls were found
    ansible.builtin.set_fact: found_paths="{{ find_command.results | map(attribute='files')
      | flatten | map(attribute='path') | list }}"

  - name: Count occurrences of syscalls in paths
    ansible.builtin.set_fact: found_paths_dict="{{ found_paths_dict | combine({ item:1+found_paths_dict.get(item,
      0) }) }}"
    loop: '{{ find_command.results | map(attribute=''files'') | flatten | map(attribute=''path'')
      | list }}'

  - name: Get path with most syscalls
    ansible.builtin.set_fact: audit_file="{{ (found_paths_dict | dict2items() | sort(attribute='value')
      | last).key }}"
    when: found_paths | length &gt;= 1

  - name: No file with syscall found, set path to /etc/audit/rules.d/privileged.rules
    ansible.builtin.set_fact: audit_file="/etc/audit/rules.d/privileged.rules"
    when: found_paths | length == 0

  - name: Declare found syscalls
    ansible.builtin.set_fact: syscalls_found="{{ find_command.results | selectattr('matched')
      | map(attribute='item') | list }}"

  - name: Declare missing syscalls
    ansible.builtin.set_fact: missing_syscalls="{{ syscalls | difference(syscalls_found)
      }}"

  - name: Replace the audit rule in {{ audit_file }}
    ansible.builtin.lineinfile:
      path: '{{ audit_file }}'
      regexp: (-a always,exit)(?=.*(?:(?:-S |,)(?:{{ syscalls_per_file[audit_file]
        | join("|") }}))\b)((?:( -S |,)\w+)+)( -F path=/usr/bin/umount -F perm=x -F
        auid&gt;=1000 -F auid!=unset (?:-k |-F key=)\w+)
      line: \1\2\3{{ missing_syscalls | join("\3") }}\4
      backrefs: true
      state: present
      mode: g-rwx,o-rwx
    when: syscalls_found | length &gt; 0 and missing_syscalls | length &gt; 0

  - name: Add the audit rule to {{ audit_file }}
    ansible.builtin.lineinfile:
      path: '{{ audit_file }}'
      line: -a always,exit{{ syscalls | join(',') }} -F path=/usr/bin/umount -F perm=x
        -F auid&gt;=1000 -F auid!=unset -F key=privileged
      create: true
      mode: g-rwx,o-rwx
      state: present
    when: syscalls_found | length == 0

  - name: Declare list of syscalls
    ansible.builtin.set_fact:
      syscalls: []
      syscall_grouping: []

  - name: Check existence of  in /etc/audit/audit.rules
    ansible.builtin.find:
      paths: /etc/audit
      contains: -a always,exit(( -S |,)\w+)*(( -S |,){{ item }})+(( -S |,)\w+)* -F
        path=/usr/bin/umount -F perm=x -F auid&gt;=1000 -F auid!=unset (-k\s+|-F\s+key=)\S+\s*$
      patterns: audit.rules
    register: find_command
    loop: '{{ (syscall_grouping + syscalls) | unique }}'

  - name: Set path to /etc/audit/audit.rules
    ansible.builtin.set_fact: audit_file="/etc/audit/audit.rules"

  - name: Declare found syscalls
    ansible.builtin.set_fact: syscalls_found="{{ find_command.results | selectattr('matched')
      | map(attribute='item') | list }}"

  - name: Declare missing syscalls
    ansible.builtin.set_fact: missing_syscalls="{{ syscalls | difference(syscalls_found)
      }}"

  - name: Replace the audit rule in {{ audit_file }}
    ansible.builtin.lineinfile:
      path: '{{ audit_file }}'
      regexp: (-a always,exit)(?=.*(?:(?:-S |,)(?:{{ syscalls_found | join("|") }}))\b)((?:(
        -S |,)\w+)+)( -F path=/usr/bin/umount -F perm=x -F auid&gt;=1000 -F auid!=unset
        (?:-k |-F key=)\w+)
      line: \1\2\3{{ missing_syscalls | join("\3") }}\4
      backrefs: true
      state: present
      mode: g-rwx,o-rwx
    when: syscalls_found | length &gt; 0 and missing_syscalls | length &gt; 0

  - name: Add the audit rule to {{ audit_file }}
    ansible.builtin.lineinfile:
      path: '{{ audit_file }}'
      line: -a always,exit{{ syscalls | join(',') }} -F path=/usr/bin/umount -F perm=x
        -F auid&gt;=1000 -F auid!=unset -F key=privileged
      create: true
      mode: g-rwx,o-rwx
      state: present
    when: syscalls_found | length == 0
  when:
  - '"audit" in ansible_facts.packages'
  - ("kernel-default" in ansible_facts.packages or "kernel-default-base" in ansible_facts.packages)
  tags:
  - CCE-91450-7
  - NIST-800-171-3.1.7
  - NIST-800-53-AC-6(9)
  - NIST-800-53-AU-12(c)
  - NIST-800-53-AU-2(d)
  - NIST-800-53-CM-6(a)
  - audit_rules_privileged_commands_umount
  - low_complexity
  - low_disruption
  - medium_severity
  - no_reboot_needed
  - restrict_strategy
</fix>
          <check system="http://oval.mitre.org/XMLSchema/oval-definitions-5">
            <check-content-ref name="oval:ssg-audit_rules_privileged_commands_umount:def:1" href="ssg-sle15-oval.xml"/>
          </check>
          <check system="http://scap.nist.gov/schema/ocil/2">
            <check-content-ref name="ocil:ssg-audit_rules_privileged_commands_umount_ocil:questionnaire:1" href="ssg-sle15-ocil.xml"/>
          </check>
        </Rule>
        <Rule id="xccdf_org.ssgproject.content_rule_audit_rules_privileged_commands_unix2_chkpwd" selected="false" role="full" severity="medium">
          <title xmlns:xhtml="http://www.w3.org/1999/xhtml" xml:lang="en-US">Ensure auditd Collects Information on the Use of Privileged Commands - unix2_chkpwd</title>
          <description xmlns:xhtml="http://www.w3.org/1999/xhtml" xml:lang="en-US">


At a minimum, the audit system should collect the execution of privileged
commands for all users and root.

If the <html:code xmlns:html="http://www.w3.org/1999/xhtml">auditd</html:code> daemon is configured to use the <html:code xmlns:html="http://www.w3.org/1999/xhtml">augenrules</html:code>
program to read audit rules during daemon startup (the default), add
a line of the following form to a file with suffix <html:code xmlns:html="http://www.w3.org/1999/xhtml">.rules</html:code>
in the directory <html:code xmlns:html="http://www.w3.org/1999/xhtml">/etc/audit/rules.d</html:code>:
<html:pre xmlns:html="http://www.w3.org/1999/xhtml">-a always,exit -F path=/sbin/unix2_chkpwd -F perm=x -F auid&gt;=1000 -F auid!=unset -F key=privileged</html:pre>

If the <html:code xmlns:html="http://www.w3.org/1999/xhtml">auditd</html:code> daemon is configured to use the <html:code xmlns:html="http://www.w3.org/1999/xhtml">auditctl</html:code>
utility to read audit rules during daemon startup, add a line of the
following form to <html:code xmlns:html="http://www.w3.org/1999/xhtml">/etc/audit/audit.rules</html:code>:
<html:pre xmlns:html="http://www.w3.org/1999/xhtml">-a always,exit -F path=/sbin/unix2_chkpwd -F perm=x -F auid&gt;=1000 -F auid!=unset -F key=privileged</html:pre>
       </description>
          <reference href="https://www.cisecurity.org/controls/">1</reference>
          <reference href="https://www.cisecurity.org/controls/">12</reference>
          <reference href="https://www.cisecurity.org/controls/">13</reference>
          <reference href="https://www.cisecurity.org/controls/">14</reference>
          <reference href="https://www.cisecurity.org/controls/">15</reference>
          <reference href="https://www.cisecurity.org/controls/">16</reference>
          <reference href="https://www.cisecurity.org/controls/">2</reference>
          <reference href="https://www.cisecurity.org/controls/">3</reference>
          <reference href="https://www.cisecurity.org/controls/">5</reference>
          <reference href="https://www.cisecurity.org/controls/">6</reference>
          <reference href="https://www.cisecurity.org/controls/">7</reference>
          <reference href="https://www.cisecurity.org/controls/">8</reference>
          <reference href="https://www.cisecurity.org/controls/">9</reference>
          <reference href="https://www.isaca.org/resources/cobit">APO10.01</reference>
          <reference href="https://www.isaca.org/resources/cobit">APO10.03</reference>
          <reference href="https://www.isaca.org/resources/cobit">APO10.04</reference>
          <reference href="https://www.isaca.org/resources/cobit">APO10.05</reference>
          <reference href="https://www.isaca.org/resources/cobit">APO11.04</reference>
          <reference href="https://www.isaca.org/resources/cobit">BAI03.05</reference>
          <reference href="https://www.isaca.org/resources/cobit">DSS01.03</reference>
          <reference href="https://www.isaca.org/resources/cobit">DSS03.05</reference>
          <reference href="https://www.isaca.org/resources/cobit">DSS05.02</reference>
          <reference href="https://www.isaca.org/resources/cobit">DSS05.04</reference>
          <reference href="https://www.isaca.org/resources/cobit">DSS05.05</reference>
          <reference href="https://www.isaca.org/resources/cobit">DSS05.07</reference>
          <reference href="https://www.isaca.org/resources/cobit">MEA01.01</reference>
          <reference href="https://www.isaca.org/resources/cobit">MEA01.02</reference>
          <reference href="https://www.isaca.org/resources/cobit">MEA01.03</reference>
          <reference href="https://www.isaca.org/resources/cobit">MEA01.04</reference>
          <reference href="https://www.isaca.org/resources/cobit">MEA01.05</reference>
          <reference href="https://www.isaca.org/resources/cobit">MEA02.01</reference>
          <reference href="http://nvlpubs.nist.gov/nistpubs/SpecialPublications/NIST.SP.800-171.pdf">3.1.7</reference>
          <reference href="https://www.gpo.gov/fdsys/pkg/CFR-2007-title45-vol1/pdf/CFR-2007-title45-vol1-chapA-subchapC.pdf">164.308(a)(1)(ii)(D)</reference>
          <reference href="https://www.gpo.gov/fdsys/pkg/CFR-2007-title45-vol1/pdf/CFR-2007-title45-vol1-chapA-subchapC.pdf">164.308(a)(3)(ii)(A)</reference>
          <reference href="https://www.gpo.gov/fdsys/pkg/CFR-2007-title45-vol1/pdf/CFR-2007-title45-vol1-chapA-subchapC.pdf">164.308(a)(5)(ii)(C)</reference>
          <reference href="https://www.gpo.gov/fdsys/pkg/CFR-2007-title45-vol1/pdf/CFR-2007-title45-vol1-chapA-subchapC.pdf">164.312(a)(2)(i)</reference>
          <reference href="https://www.gpo.gov/fdsys/pkg/CFR-2007-title45-vol1/pdf/CFR-2007-title45-vol1-chapA-subchapC.pdf">164.312(b)</reference>
          <reference href="https://www.gpo.gov/fdsys/pkg/CFR-2007-title45-vol1/pdf/CFR-2007-title45-vol1-chapA-subchapC.pdf">164.312(d)</reference>
          <reference href="https://www.gpo.gov/fdsys/pkg/CFR-2007-title45-vol1/pdf/CFR-2007-title45-vol1-chapA-subchapC.pdf">164.312(e)</reference>
          <reference href="https://www.isa.org/products/isa-62443-2-1-2009-security-for-industrial-automat">4.3.2.6.7</reference>
          <reference href="https://www.isa.org/products/isa-62443-2-1-2009-security-for-industrial-automat">4.3.3.3.9</reference>
          <reference href="https://www.isa.org/products/isa-62443-2-1-2009-security-for-industrial-automat">4.3.3.5.8</reference>
          <reference href="https://www.isa.org/products/isa-62443-2-1-2009-security-for-industrial-automat">4.3.4.4.7</reference>
          <reference href="https://www.isa.org/products/isa-62443-2-1-2009-security-for-industrial-automat">4.4.2.1</reference>
          <reference href="https://www.isa.org/products/isa-62443-2-1-2009-security-for-industrial-automat">4.4.2.2</reference>
          <reference href="https://www.isa.org/products/isa-62443-2-1-2009-security-for-industrial-automat">4.4.2.4</reference>
          <reference href="https://www.isa.org/products/ansi-isa-62443-3-3-99-03-03-2013-security-for-indu">SR 2.10</reference>
          <reference href="https://www.isa.org/products/ansi-isa-62443-3-3-99-03-03-2013-security-for-indu">SR 2.11</reference>
          <reference href="https://www.isa.org/products/ansi-isa-62443-3-3-99-03-03-2013-security-for-indu">SR 2.12</reference>
          <reference href="https://www.isa.org/products/ansi-isa-62443-3-3-99-03-03-2013-security-for-indu">SR 2.8</reference>
          <reference href="https://www.isa.org/products/ansi-isa-62443-3-3-99-03-03-2013-security-for-indu">SR 2.9</reference>
          <reference href="https://www.isa.org/products/ansi-isa-62443-3-3-99-03-03-2013-security-for-indu">SR 6.1</reference>
          <reference href="https://www.isa.org/products/ansi-isa-62443-3-3-99-03-03-2013-security-for-indu">SR 6.2</reference>
          <reference href="https://www.iso.org/contents/data/standard/05/45/54534.html">A.12.4.1</reference>
          <reference href="https://www.iso.org/contents/data/standard/05/45/54534.html">A.12.4.2</reference>
          <reference href="https://www.iso.org/contents/data/standard/05/45/54534.html">A.12.4.3</reference>
          <reference href="https://www.iso.org/contents/data/standard/05/45/54534.html">A.12.4.4</reference>
          <reference href="https://www.iso.org/contents/data/standard/05/45/54534.html">A.12.7.1</reference>
          <reference href="https://www.iso.org/contents/data/standard/05/45/54534.html">A.14.2.7</reference>
          <reference href="https://www.iso.org/contents/data/standard/05/45/54534.html">A.15.2.1</reference>
          <reference href="https://www.iso.org/contents/data/standard/05/45/54534.html">A.15.2.2</reference>
          <reference href="http://nvlpubs.nist.gov/nistpubs/SpecialPublications/NIST.SP.800-53r4.pdf">AC-2(4)</reference>
          <reference href="http://nvlpubs.nist.gov/nistpubs/SpecialPublications/NIST.SP.800-53r4.pdf">AU-2(d)</reference>
          <reference href="http://nvlpubs.nist.gov/nistpubs/SpecialPublications/NIST.SP.800-53r4.pdf">AU-3</reference>
          <reference href="http://nvlpubs.nist.gov/nistpubs/SpecialPublications/NIST.SP.800-53r4.pdf">AU-3.1</reference>
          <reference href="http://nvlpubs.nist.gov/nistpubs/SpecialPublications/NIST.SP.800-53r4.pdf">AU-12(a)</reference>
          <reference href="http://nvlpubs.nist.gov/nistpubs/SpecialPublications/NIST.SP.800-53r4.pdf">AU-12(c)</reference>
          <reference href="http://nvlpubs.nist.gov/nistpubs/SpecialPublications/NIST.SP.800-53r4.pdf">AU-12.1(ii)</reference>
          <reference href="http://nvlpubs.nist.gov/nistpubs/SpecialPublications/NIST.SP.800-53r4.pdf">AU-12.1(iv)</reference>
          <reference href="http://nvlpubs.nist.gov/nistpubs/SpecialPublications/NIST.SP.800-53r4.pdf">AC-6(9)</reference>
          <reference href="http://nvlpubs.nist.gov/nistpubs/SpecialPublications/NIST.SP.800-53r4.pdf">CM-6(a)</reference>
          <reference href="http://nvlpubs.nist.gov/nistpubs/SpecialPublications/NIST.SP.800-53r4.pdf">MA-4(1)(a)</reference>
          <reference href="https://nvlpubs.nist.gov/nistpubs/CSWP/NIST.CSWP.04162018.pdf">DE.CM-1</reference>
          <reference href="https://nvlpubs.nist.gov/nistpubs/CSWP/NIST.CSWP.04162018.pdf">DE.CM-3</reference>
          <reference href="https://nvlpubs.nist.gov/nistpubs/CSWP/NIST.CSWP.04162018.pdf">DE.CM-7</reference>
          <reference href="https://nvlpubs.nist.gov/nistpubs/CSWP/NIST.CSWP.04162018.pdf">ID.SC-4</reference>
          <reference href="https://nvlpubs.nist.gov/nistpubs/CSWP/NIST.CSWP.04162018.pdf">PR.PT-1</reference>
          <reference href="https://www.cyber.mil/stigs/downloads/?_dl_facet_stigs=operating-systems%2Cgeneral-purpose-os">SRG-OS-000042-GPOS-00020</reference>
          <reference href="https://www.cyber.mil/stigs/downloads/?_dl_facet_stigs=operating-systems%2Cgeneral-purpose-os">SRG-OS-000392-GPOS-00172</reference>
          <reference href="https://www.cyber.mil/stigs/downloads/?_dl_facet_stigs=operating-systems%2Cgeneral-purpose-os">SRG-OS-000471-GPOS-00215</reference>
          <reference href="https://www.cyber.mil/stigs/downloads/?_dl_facet_stigs=operating-systems%2Cgeneral-purpose-os">SRG-OS-000037-GPOS-00015</reference>
          <reference href="https://www.cyber.mil/stigs/downloads/?_dl_facet_stigs=operating-systems%2Cunix-linux">SLES-15-030110</reference>
          <reference href="https://www.cyber.mil/stigs/srg-stig-tools/">SV-234910r958412_rule</reference>
          <rationale xmlns:xhtml="http://www.w3.org/1999/xhtml" xml:lang="en-US">Misuse of privileged functions, either intentionally or unintentionally by
authorized users, or by unauthorized external entities that have compromised system accounts,
is a serious and ongoing concern and can have significant adverse impacts on organizations.
Auditing the use of privileged functions is one way to detect such misuse and identify
the risk from insider and advanced persistent threats.
<html:br xmlns:html="http://www.w3.org/1999/xhtml"/>
        <html:br xmlns:html="http://www.w3.org/1999/xhtml"/>
Privileged programs are subject to escalation-of-privilege attacks,
which attempt to subvert their normal role of providing some necessary but
limited capability. As such, motivation exists to monitor these programs for
unusual activity.</rationale>
          <ident system="https://ncp.nist.gov/cce">CCE-85762-3</ident>
          <fix xmlns:xhtml="http://www.w3.org/1999/xhtml" id="audit_rules_privileged_commands_unix2_chkpwd" system="urn:xccdf:fix:script:sh"># Remediation is applicable only in certain platforms
if rpm --quiet -q audit &amp;&amp; rpm --quiet -q kernel-default || rpm --quiet -q kernel-default-base; then

# Retrieve hardware architecture of the underlying system
OTHER_FILTERS="-F path=/sbin/unix2_chkpwd -F perm=x"
AUID_FILTERS="-F auid&gt;=1000 -F auid!=unset"
SYSCALL=""
KEY="privileged"
SYSCALL_GROUPING=""


ACTION_ARCH_FILTERS="-a always,exit"
# Perform the remediation for both possible tools: 'auditctl' and 'augenrules'
unset syscall_a
unset syscall_grouping
unset syscall_string
unset syscall
unset file_to_edit
unset rule_to_edit
unset rule_syscalls_to_edit
unset other_string
unset auid_string
unset full_rule

# Load macro arguments into arrays
read -a syscall_a &lt;&lt;&lt; $SYSCALL
read -a syscall_grouping &lt;&lt;&lt; $SYSCALL_GROUPING

# Create a list of audit *.rules files that should be inspected for presence and correctness
# of a particular audit rule. The scheme is as follows:
#
# -----------------------------------------------------------------------------------------
#  Tool used to load audit rules | Rule already defined  |  Audit rules file to inspect    |
# -----------------------------------------------------------------------------------------
#        auditctl                |     Doesn't matter    |  /etc/audit/audit.rules         |
# -----------------------------------------------------------------------------------------
#        augenrules              |          Yes          |  /etc/audit/rules.d/*.rules     |
#        augenrules              |          No           |  /etc/audit/rules.d/$key.rules  |
# -----------------------------------------------------------------------------------------
#
files_to_inspect=()

# If audit tool is 'augenrules', then check if the audit rule is defined
# If rule is defined, add '/etc/audit/rules.d/*.rules' to the list for inspection
# If rule isn't defined yet, add '/etc/audit/rules.d/$key.rules' to the list for inspection
default_file="/etc/audit/rules.d/$KEY.rules"
# As other_filters may include paths, lets use a different delimiter for it
# The "F" script expression tells sed to print the filenames where the expressions matched
readarray -t files_to_inspect &lt; &lt;(sed -s -n -e "/^$ACTION_ARCH_FILTERS/!d" -e "\#$OTHER_FILTERS#!d" -e "/$AUID_FILTERS/!d" -e "F" /etc/audit/rules.d/*.rules)
# Case when particular rule isn't defined in /etc/audit/rules.d/*.rules yet
if [ ${#files_to_inspect[@]} -eq "0" ]
then
    file_to_inspect="/etc/audit/rules.d/$KEY.rules"
    files_to_inspect=("$file_to_inspect")
    if [ ! -e "$file_to_inspect" ]
    then
        touch "$file_to_inspect"
        chmod 0600 "$file_to_inspect"
    fi
fi

# After converting to jinja, we cannot return; therefore we skip the rest of the macro if needed instead
skip=1

for audit_file in "${files_to_inspect[@]}"
do
    # Filter existing $audit_file rules' definitions to select those that satisfy the rule pattern,
    # i.e, collect rules that match:
    # * the action, list and arch, (2-nd argument)
    # * the other filters, (3-rd argument)
    # * the auid filters, (4-rd argument)
    readarray -t similar_rules &lt; &lt;(sed -e "/^$ACTION_ARCH_FILTERS/!d"  -e "\#$OTHER_FILTERS#!d" -e "/$AUID_FILTERS/!d" "$audit_file")

    candidate_rules=()
    # Filter out rules that have more fields then required. This will remove rules more specific than the required scope
    for s_rule in "${similar_rules[@]}"
    do
        # Strip all the options and fields we know of,
        # than check if there was any field left over
        extra_fields=$(sed -E -e "s/^$ACTION_ARCH_FILTERS//"  -e "s#$OTHER_FILTERS##" -e "s/$AUID_FILTERS//" -e "s/((:?-S [[:alnum:],]+)+)//g" -e "s/-F key=\w+|-k \w+//"&lt;&lt;&lt; "$s_rule")
        grep -q -- "-F" &lt;&lt;&lt; "$extra_fields" || candidate_rules+=("$s_rule")
    done

    if [[ ${#syscall_a[@]} -ge 1 ]]
    then
        # Check if the syscall we want is present in any of the similar existing rules
        for rule in "${candidate_rules[@]}"
        do
            rule_syscalls=$(echo "$rule" | grep -o -P '(-S [\w,]+)+' | xargs)
            all_syscalls_found=0
            for syscall in "${syscall_a[@]}"
            do
                grep -q -- "\b${syscall}\b" &lt;&lt;&lt; "$rule_syscalls" || {
                   # A syscall was not found in the candidate rule
                   all_syscalls_found=1
                   }
            done
            if [[ $all_syscalls_found -eq 0 ]]
            then
                # We found a rule with all the syscall(s) we want; skip rest of macro
                skip=0
                break
            fi

            # Check if this rule can be grouped with our target syscall and keep track of it
            for syscall_g in "${syscall_grouping[@]}"
            do
                if grep -q -- "\b${syscall_g}\b" &lt;&lt;&lt; "$rule_syscalls"
                then
                    file_to_edit=${audit_file}
                    rule_to_edit=${rule}
                    rule_syscalls_to_edit=${rule_syscalls}
                fi
            done
        done
    else
        # If there is any candidate rule, it is compliant; skip rest of macro
        if [ "${#candidate_rules[@]}" -gt 0 ]
        then
            skip=0
        fi
    fi

    if [ "$skip" -eq 0 ]; then
        break
    fi
done

if [ "$skip" -ne 0 ]; then
    # We checked all rules that matched the expected resemblance pattern (action, arch &amp; auid)
    # At this point we know if we need to either append the $full_rule or group
    # the syscall together with an exsiting rule

    # Append the full_rule if it cannot be grouped to any other rule
    if [ -z ${rule_to_edit+x} ]
    then
        # Build full_rule while avoid adding double spaces when other_filters is empty
        if [ "${#syscall_a[@]}" -gt 0 ]
        then
            syscall_string=""
            for syscall in "${syscall_a[@]}"
            do
                syscall_string+=" -S $syscall"
            done
        fi
        other_string=$([[ $OTHER_FILTERS ]] &amp;&amp; echo " $OTHER_FILTERS") || /bin/true
        auid_string=$([[ $AUID_FILTERS ]] &amp;&amp; echo " $AUID_FILTERS") || /bin/true
        full_rule="$ACTION_ARCH_FILTERS${syscall_string}${other_string}${auid_string} -F key=$KEY" || /bin/true
        echo "$full_rule" &gt;&gt; "$default_file"
        chmod 0600 ${default_file}
    else
        # Check if the syscalls are declared as a comma separated list or
        # as multiple -S parameters
        if grep -q -- "," &lt;&lt;&lt; "${rule_syscalls_to_edit}"
        then
            delimiter=","
        else
            delimiter=" -S "
        fi
        new_grouped_syscalls="${rule_syscalls_to_edit}"
        for syscall in "${syscall_a[@]}"
        do
            grep -q -- "\b${syscall}\b" &lt;&lt;&lt; "${rule_syscalls_to_edit}" || {
               # A syscall was not found in the candidate rule
               new_grouped_syscalls+="${delimiter}${syscall}"
               }
        done

        # Group the syscall in the rule
        sed -i -e "\#${rule_to_edit}#s#${rule_syscalls_to_edit}#${new_grouped_syscalls}#" "$file_to_edit"
    fi
fi
unset syscall_a
unset syscall_grouping
unset syscall_string
unset syscall
unset file_to_edit
unset rule_to_edit
unset rule_syscalls_to_edit
unset other_string
unset auid_string
unset full_rule

# Load macro arguments into arrays
read -a syscall_a &lt;&lt;&lt; $SYSCALL
read -a syscall_grouping &lt;&lt;&lt; $SYSCALL_GROUPING

# Create a list of audit *.rules files that should be inspected for presence and correctness
# of a particular audit rule. The scheme is as follows:
#
# -----------------------------------------------------------------------------------------
#  Tool used to load audit rules | Rule already defined  |  Audit rules file to inspect    |
# -----------------------------------------------------------------------------------------
#        auditctl                |     Doesn't matter    |  /etc/audit/audit.rules         |
# -----------------------------------------------------------------------------------------
#        augenrules              |          Yes          |  /etc/audit/rules.d/*.rules     |
#        augenrules              |          No           |  /etc/audit/rules.d/$key.rules  |
# -----------------------------------------------------------------------------------------
#
files_to_inspect=()


# If audit tool is 'auditctl', then add '/etc/audit/audit.rules'
# file to the list of files to be inspected
default_file="/etc/audit/audit.rules"
files_to_inspect+=('/etc/audit/audit.rules' )

# After converting to jinja, we cannot return; therefore we skip the rest of the macro if needed instead
skip=1

for audit_file in "${files_to_inspect[@]}"
do
    # Filter existing $audit_file rules' definitions to select those that satisfy the rule pattern,
    # i.e, collect rules that match:
    # * the action, list and arch, (2-nd argument)
    # * the other filters, (3-rd argument)
    # * the auid filters, (4-rd argument)
    readarray -t similar_rules &lt; &lt;(sed -e "/^$ACTION_ARCH_FILTERS/!d"  -e "\#$OTHER_FILTERS#!d" -e "/$AUID_FILTERS/!d" "$audit_file")

    candidate_rules=()
    # Filter out rules that have more fields then required. This will remove rules more specific than the required scope
    for s_rule in "${similar_rules[@]}"
    do
        # Strip all the options and fields we know of,
        # than check if there was any field left over
        extra_fields=$(sed -E -e "s/^$ACTION_ARCH_FILTERS//"  -e "s#$OTHER_FILTERS##" -e "s/$AUID_FILTERS//" -e "s/((:?-S [[:alnum:],]+)+)//g" -e "s/-F key=\w+|-k \w+//"&lt;&lt;&lt; "$s_rule")
        grep -q -- "-F" &lt;&lt;&lt; "$extra_fields" || candidate_rules+=("$s_rule")
    done

    if [[ ${#syscall_a[@]} -ge 1 ]]
    then
        # Check if the syscall we want is present in any of the similar existing rules
        for rule in "${candidate_rules[@]}"
        do
            rule_syscalls=$(echo "$rule" | grep -o -P '(-S [\w,]+)+' | xargs)
            all_syscalls_found=0
            for syscall in "${syscall_a[@]}"
            do
                grep -q -- "\b${syscall}\b" &lt;&lt;&lt; "$rule_syscalls" || {
                   # A syscall was not found in the candidate rule
                   all_syscalls_found=1
                   }
            done
            if [[ $all_syscalls_found -eq 0 ]]
            then
                # We found a rule with all the syscall(s) we want; skip rest of macro
                skip=0
                break
            fi

            # Check if this rule can be grouped with our target syscall and keep track of it
            for syscall_g in "${syscall_grouping[@]}"
            do
                if grep -q -- "\b${syscall_g}\b" &lt;&lt;&lt; "$rule_syscalls"
                then
                    file_to_edit=${audit_file}
                    rule_to_edit=${rule}
                    rule_syscalls_to_edit=${rule_syscalls}
                fi
            done
        done
    else
        # If there is any candidate rule, it is compliant; skip rest of macro
        if [ "${#candidate_rules[@]}" -gt 0 ]
        then
            skip=0
        fi
    fi

    if [ "$skip" -eq 0 ]; then
        break
    fi
done

if [ "$skip" -ne 0 ]; then
    # We checked all rules that matched the expected resemblance pattern (action, arch &amp; auid)
    # At this point we know if we need to either append the $full_rule or group
    # the syscall together with an exsiting rule

    # Append the full_rule if it cannot be grouped to any other rule
    if [ -z ${rule_to_edit+x} ]
    then
        # Build full_rule while avoid adding double spaces when other_filters is empty
        if [ "${#syscall_a[@]}" -gt 0 ]
        then
            syscall_string=""
            for syscall in "${syscall_a[@]}"
            do
                syscall_string+=" -S $syscall"
            done
        fi
        other_string=$([[ $OTHER_FILTERS ]] &amp;&amp; echo " $OTHER_FILTERS") || /bin/true
        auid_string=$([[ $AUID_FILTERS ]] &amp;&amp; echo " $AUID_FILTERS") || /bin/true
        full_rule="$ACTION_ARCH_FILTERS${syscall_string}${other_string}${auid_string} -F key=$KEY" || /bin/true
        echo "$full_rule" &gt;&gt; "$default_file"
        chmod 0600 ${default_file}
    else
        # Check if the syscalls are declared as a comma separated list or
        # as multiple -S parameters
        if grep -q -- "," &lt;&lt;&lt; "${rule_syscalls_to_edit}"
        then
            delimiter=","
        else
            delimiter=" -S "
        fi
        new_grouped_syscalls="${rule_syscalls_to_edit}"
        for syscall in "${syscall_a[@]}"
        do
            grep -q -- "\b${syscall}\b" &lt;&lt;&lt; "${rule_syscalls_to_edit}" || {
               # A syscall was not found in the candidate rule
               new_grouped_syscalls+="${delimiter}${syscall}"
               }
        done

        # Group the syscall in the rule
        sed -i -e "\#${rule_to_edit}#s#${rule_syscalls_to_edit}#${new_grouped_syscalls}#" "$file_to_edit"
    fi
fi

else
    &gt;&amp;2 echo 'Remediation is not applicable, nothing was done'
fi
</fix>
          <fix xmlns:xhtml="http://www.w3.org/1999/xhtml" id="audit_rules_privileged_commands_unix2_chkpwd" system="urn:xccdf:fix:script:ansible" complexity="low" disruption="low" strategy="restrict">- name: Gather the package facts
  package_facts:
    manager: auto
  tags:
  - CCE-85762-3
  - DISA-STIG-SLES-15-030110
  - NIST-800-171-3.1.7
  - NIST-800-53-AC-2(4)
  - NIST-800-53-AC-6(9)
  - NIST-800-53-AU-12(a)
  - NIST-800-53-AU-12(c)
  - NIST-800-53-AU-12.1(ii)
  - NIST-800-53-AU-12.1(iv)
  - NIST-800-53-AU-2(d)
  - NIST-800-53-AU-3
  - NIST-800-53-AU-3.1
  - NIST-800-53-CM-6(a)
  - NIST-800-53-MA-4(1)(a)
  - audit_rules_privileged_commands_unix2_chkpwd
  - low_complexity
  - low_disruption
  - medium_severity
  - no_reboot_needed
  - restrict_strategy

- name: Ensure auditd Collects Information on the Use of Privileged Commands - unix2_chkpwd
    - Perform remediation of Audit rules for /sbin/unix2_chkpwd
  block:

  - name: Declare list of syscalls
    ansible.builtin.set_fact:
      syscalls: []
      syscall_grouping: []

  - name: Check existence of  in /etc/audit/rules.d/
    ansible.builtin.find:
      paths: /etc/audit/rules.d
      contains: -a always,exit(( -S |,)\w+)*(( -S |,){{ item }})+(( -S |,)\w+)* -F
        path=/sbin/unix2_chkpwd -F perm=x -F auid&gt;=1000 -F auid!=unset (-k\s+|-F\s+key=)\S+\s*$
      patterns: '*.rules'
    register: find_command
    loop: '{{ (syscall_grouping + syscalls) | unique }}'

  - name: Reset syscalls found per file
    ansible.builtin.set_fact:
      syscalls_per_file: {}
      found_paths_dict: {}

  - name: Declare syscalls found per file
    ansible.builtin.set_fact: syscalls_per_file="{{ syscalls_per_file | combine( {item.files[0].path
      :[item.item] + syscalls_per_file.get(item.files[0].path, []) } ) }}"
    loop: '{{ find_command.results | selectattr(''matched'') | list }}'

  - name: Declare files where syscalls were found
    ansible.builtin.set_fact: found_paths="{{ find_command.results | map(attribute='files')
      | flatten | map(attribute='path') | list }}"

  - name: Count occurrences of syscalls in paths
    ansible.builtin.set_fact: found_paths_dict="{{ found_paths_dict | combine({ item:1+found_paths_dict.get(item,
      0) }) }}"
    loop: '{{ find_command.results | map(attribute=''files'') | flatten | map(attribute=''path'')
      | list }}'

  - name: Get path with most syscalls
    ansible.builtin.set_fact: audit_file="{{ (found_paths_dict | dict2items() | sort(attribute='value')
      | last).key }}"
    when: found_paths | length &gt;= 1

  - name: No file with syscall found, set path to /etc/audit/rules.d/privileged.rules
    ansible.builtin.set_fact: audit_file="/etc/audit/rules.d/privileged.rules"
    when: found_paths | length == 0

  - name: Declare found syscalls
    ansible.builtin.set_fact: syscalls_found="{{ find_command.results | selectattr('matched')
      | map(attribute='item') | list }}"

  - name: Declare missing syscalls
    ansible.builtin.set_fact: missing_syscalls="{{ syscalls | difference(syscalls_found)
      }}"

  - name: Replace the audit rule in {{ audit_file }}
    ansible.builtin.lineinfile:
      path: '{{ audit_file }}'
      regexp: (-a always,exit)(?=.*(?:(?:-S |,)(?:{{ syscalls_per_file[audit_file]
        | join("|") }}))\b)((?:( -S |,)\w+)+)( -F path=/sbin/unix2_chkpwd -F perm=x
        -F auid&gt;=1000 -F auid!=unset (?:-k |-F key=)\w+)
      line: \1\2\3{{ missing_syscalls | join("\3") }}\4
      backrefs: true
      state: present
      mode: g-rwx,o-rwx
    when: syscalls_found | length &gt; 0 and missing_syscalls | length &gt; 0

  - name: Add the audit rule to {{ audit_file }}
    ansible.builtin.lineinfile:
      path: '{{ audit_file }}'
      line: -a always,exit{{ syscalls | join(',') }} -F path=/sbin/unix2_chkpwd -F
        perm=x -F auid&gt;=1000 -F auid!=unset -F key=privileged
      create: true
      mode: g-rwx,o-rwx
      state: present
    when: syscalls_found | length == 0

  - name: Declare list of syscalls
    ansible.builtin.set_fact:
      syscalls: []
      syscall_grouping: []

  - name: Check existence of  in /etc/audit/audit.rules
    ansible.builtin.find:
      paths: /etc/audit
      contains: -a always,exit(( -S |,)\w+)*(( -S |,){{ item }})+(( -S |,)\w+)* -F
        path=/sbin/unix2_chkpwd -F perm=x -F auid&gt;=1000 -F auid!=unset (-k\s+|-F\s+key=)\S+\s*$
      patterns: audit.rules
    register: find_command
    loop: '{{ (syscall_grouping + syscalls) | unique }}'

  - name: Set path to /etc/audit/audit.rules
    ansible.builtin.set_fact: audit_file="/etc/audit/audit.rules"

  - name: Declare found syscalls
    ansible.builtin.set_fact: syscalls_found="{{ find_command.results | selectattr('matched')
      | map(attribute='item') | list }}"

  - name: Declare missing syscalls
    ansible.builtin.set_fact: missing_syscalls="{{ syscalls | difference(syscalls_found)
      }}"

  - name: Replace the audit rule in {{ audit_file }}
    ansible.builtin.lineinfile:
      path: '{{ audit_file }}'
      regexp: (-a always,exit)(?=.*(?:(?:-S |,)(?:{{ syscalls_found | join("|") }}))\b)((?:(
        -S |,)\w+)+)( -F path=/sbin/unix2_chkpwd -F perm=x -F auid&gt;=1000 -F auid!=unset
        (?:-k |-F key=)\w+)
      line: \1\2\3{{ missing_syscalls | join("\3") }}\4
      backrefs: true
      state: present
      mode: g-rwx,o-rwx
    when: syscalls_found | length &gt; 0 and missing_syscalls | length &gt; 0

  - name: Add the audit rule to {{ audit_file }}
    ansible.builtin.lineinfile:
      path: '{{ audit_file }}'
      line: -a always,exit{{ syscalls | join(',') }} -F path=/sbin/unix2_chkpwd -F
        perm=x -F auid&gt;=1000 -F auid!=unset -F key=privileged
      create: true
      mode: g-rwx,o-rwx
      state: present
    when: syscalls_found | length == 0
  when:
  - '"audit" in ansible_facts.packages'
  - ("kernel-default" in ansible_facts.packages or "kernel-default-base" in ansible_facts.packages)
  tags:
  - CCE-85762-3
  - DISA-STIG-SLES-15-030110
  - NIST-800-171-3.1.7
  - NIST-800-53-AC-2(4)
  - NIST-800-53-AC-6(9)
  - NIST-800-53-AU-12(a)
  - NIST-800-53-AU-12(c)
  - NIST-800-53-AU-12.1(ii)
  - NIST-800-53-AU-12.1(iv)
  - NIST-800-53-AU-2(d)
  - NIST-800-53-AU-3
  - NIST-800-53-AU-3.1
  - NIST-800-53-CM-6(a)
  - NIST-800-53-MA-4(1)(a)
  - audit_rules_privileged_commands_unix2_chkpwd
  - low_complexity
  - low_disruption
  - medium_severity
  - no_reboot_needed
  - restrict_strategy
</fix>
          <check system="http://oval.mitre.org/XMLSchema/oval-definitions-5">
            <check-content-ref name="oval:ssg-audit_rules_privileged_commands_unix2_chkpwd:def:1" href="ssg-sle15-oval.xml"/>
          </check>
          <check system="http://scap.nist.gov/schema/ocil/2">
            <check-content-ref name="ocil:ssg-audit_rules_privileged_commands_unix2_chkpwd_ocil:questionnaire:1" href="ssg-sle15-ocil.xml"/>
          </check>
        </Rule>
        <Rule id="xccdf_org.ssgproject.content_rule_audit_rules_privileged_commands_unix_chkpwd" selected="false" role="full" severity="medium">
          <title xmlns:xhtml="http://www.w3.org/1999/xhtml" xml:lang="en-US">Ensure auditd Collects Information on the Use of Privileged Commands - unix_chkpwd</title>
          <description xmlns:xhtml="http://www.w3.org/1999/xhtml" xml:lang="en-US">


At a minimum, the audit system should collect the execution of privileged
commands for all users and root.

If the <html:code xmlns:html="http://www.w3.org/1999/xhtml">auditd</html:code> daemon is configured to use the <html:code xmlns:html="http://www.w3.org/1999/xhtml">augenrules</html:code>
program to read audit rules during daemon startup (the default), add
a line of the following form to a file with suffix <html:code xmlns:html="http://www.w3.org/1999/xhtml">.rules</html:code>
in the directory <html:code xmlns:html="http://www.w3.org/1999/xhtml">/etc/audit/rules.d</html:code>:
<html:pre xmlns:html="http://www.w3.org/1999/xhtml">-a always,exit -F path=/sbin/unix_chkpwd -F perm=x -F auid&gt;=1000 -F auid!=unset -F key=privileged</html:pre>

If the <html:code xmlns:html="http://www.w3.org/1999/xhtml">auditd</html:code> daemon is configured to use the <html:code xmlns:html="http://www.w3.org/1999/xhtml">auditctl</html:code>
utility to read audit rules during daemon startup, add a line of the
following form to <html:code xmlns:html="http://www.w3.org/1999/xhtml">/etc/audit/audit.rules</html:code>:
<html:pre xmlns:html="http://www.w3.org/1999/xhtml">-a always,exit -F path=/sbin/unix_chkpwd -F perm=x -F auid&gt;=1000 -F auid!=unset -F key=privileged</html:pre>
       </description>
          <reference href="https://www.cisecurity.org/controls/">1</reference>
          <reference href="https://www.cisecurity.org/controls/">12</reference>
          <reference href="https://www.cisecurity.org/controls/">13</reference>
          <reference href="https://www.cisecurity.org/controls/">14</reference>
          <reference href="https://www.cisecurity.org/controls/">15</reference>
          <reference href="https://www.cisecurity.org/controls/">16</reference>
          <reference href="https://www.cisecurity.org/controls/">2</reference>
          <reference href="https://www.cisecurity.org/controls/">3</reference>
          <reference href="https://www.cisecurity.org/controls/">5</reference>
          <reference href="https://www.cisecurity.org/controls/">6</reference>
          <reference href="https://www.cisecurity.org/controls/">7</reference>
          <reference href="https://www.cisecurity.org/controls/">8</reference>
          <reference href="https://www.cisecurity.org/controls/">9</reference>
          <reference href="https://www.isaca.org/resources/cobit">APO10.01</reference>
          <reference href="https://www.isaca.org/resources/cobit">APO10.03</reference>
          <reference href="https://www.isaca.org/resources/cobit">APO10.04</reference>
          <reference href="https://www.isaca.org/resources/cobit">APO10.05</reference>
          <reference href="https://www.isaca.org/resources/cobit">APO11.04</reference>
          <reference href="https://www.isaca.org/resources/cobit">BAI03.05</reference>
          <reference href="https://www.isaca.org/resources/cobit">DSS01.03</reference>
          <reference href="https://www.isaca.org/resources/cobit">DSS03.05</reference>
          <reference href="https://www.isaca.org/resources/cobit">DSS05.02</reference>
          <reference href="https://www.isaca.org/resources/cobit">DSS05.04</reference>
          <reference href="https://www.isaca.org/resources/cobit">DSS05.05</reference>
          <reference href="https://www.isaca.org/resources/cobit">DSS05.07</reference>
          <reference href="https://www.isaca.org/resources/cobit">MEA01.01</reference>
          <reference href="https://www.isaca.org/resources/cobit">MEA01.02</reference>
          <reference href="https://www.isaca.org/resources/cobit">MEA01.03</reference>
          <reference href="https://www.isaca.org/resources/cobit">MEA01.04</reference>
          <reference href="https://www.isaca.org/resources/cobit">MEA01.05</reference>
          <reference href="https://www.isaca.org/resources/cobit">MEA02.01</reference>
          <reference href="http://nvlpubs.nist.gov/nistpubs/SpecialPublications/NIST.SP.800-171.pdf">3.1.7</reference>
          <reference href="https://www.gpo.gov/fdsys/pkg/CFR-2007-title45-vol1/pdf/CFR-2007-title45-vol1-chapA-subchapC.pdf">164.308(a)(1)(ii)(D)</reference>
          <reference href="https://www.gpo.gov/fdsys/pkg/CFR-2007-title45-vol1/pdf/CFR-2007-title45-vol1-chapA-subchapC.pdf">164.308(a)(3)(ii)(A)</reference>
          <reference href="https://www.gpo.gov/fdsys/pkg/CFR-2007-title45-vol1/pdf/CFR-2007-title45-vol1-chapA-subchapC.pdf">164.308(a)(5)(ii)(C)</reference>
          <reference href="https://www.gpo.gov/fdsys/pkg/CFR-2007-title45-vol1/pdf/CFR-2007-title45-vol1-chapA-subchapC.pdf">164.312(a)(2)(i)</reference>
          <reference href="https://www.gpo.gov/fdsys/pkg/CFR-2007-title45-vol1/pdf/CFR-2007-title45-vol1-chapA-subchapC.pdf">164.312(b)</reference>
          <reference href="https://www.gpo.gov/fdsys/pkg/CFR-2007-title45-vol1/pdf/CFR-2007-title45-vol1-chapA-subchapC.pdf">164.312(d)</reference>
          <reference href="https://www.gpo.gov/fdsys/pkg/CFR-2007-title45-vol1/pdf/CFR-2007-title45-vol1-chapA-subchapC.pdf">164.312(e)</reference>
          <reference href="https://www.isa.org/products/isa-62443-2-1-2009-security-for-industrial-automat">4.3.2.6.7</reference>
          <reference href="https://www.isa.org/products/isa-62443-2-1-2009-security-for-industrial-automat">4.3.3.3.9</reference>
          <reference href="https://www.isa.org/products/isa-62443-2-1-2009-security-for-industrial-automat">4.3.3.5.8</reference>
          <reference href="https://www.isa.org/products/isa-62443-2-1-2009-security-for-industrial-automat">4.3.4.4.7</reference>
          <reference href="https://www.isa.org/products/isa-62443-2-1-2009-security-for-industrial-automat">4.4.2.1</reference>
          <reference href="https://www.isa.org/products/isa-62443-2-1-2009-security-for-industrial-automat">4.4.2.2</reference>
          <reference href="https://www.isa.org/products/isa-62443-2-1-2009-security-for-industrial-automat">4.4.2.4</reference>
          <reference href="https://www.isa.org/products/ansi-isa-62443-3-3-99-03-03-2013-security-for-indu">SR 2.10</reference>
          <reference href="https://www.isa.org/products/ansi-isa-62443-3-3-99-03-03-2013-security-for-indu">SR 2.11</reference>
          <reference href="https://www.isa.org/products/ansi-isa-62443-3-3-99-03-03-2013-security-for-indu">SR 2.12</reference>
          <reference href="https://www.isa.org/products/ansi-isa-62443-3-3-99-03-03-2013-security-for-indu">SR 2.8</reference>
          <reference href="https://www.isa.org/products/ansi-isa-62443-3-3-99-03-03-2013-security-for-indu">SR 2.9</reference>
          <reference href="https://www.isa.org/products/ansi-isa-62443-3-3-99-03-03-2013-security-for-indu">SR 6.1</reference>
          <reference href="https://www.isa.org/products/ansi-isa-62443-3-3-99-03-03-2013-security-for-indu">SR 6.2</reference>
          <reference href="https://www.iso.org/contents/data/standard/05/45/54534.html">A.12.4.1</reference>
          <reference href="https://www.iso.org/contents/data/standard/05/45/54534.html">A.12.4.2</reference>
          <reference href="https://www.iso.org/contents/data/standard/05/45/54534.html">A.12.4.3</reference>
          <reference href="https://www.iso.org/contents/data/standard/05/45/54534.html">A.12.4.4</reference>
          <reference href="https://www.iso.org/contents/data/standard/05/45/54534.html">A.12.7.1</reference>
          <reference href="https://www.iso.org/contents/data/standard/05/45/54534.html">A.14.2.7</reference>
          <reference href="https://www.iso.org/contents/data/standard/05/45/54534.html">A.15.2.1</reference>
          <reference href="https://www.iso.org/contents/data/standard/05/45/54534.html">A.15.2.2</reference>
          <reference href="https://www.nerc.com/standards/reliability-standards/cip">CIP-004-6 R2.2.2</reference>
          <reference href="https://www.nerc.com/standards/reliability-standards/cip">CIP-004-6 R2.2.3</reference>
          <reference href="https://www.nerc.com/standards/reliability-standards/cip">CIP-007-3 R.1.3</reference>
          <reference href="https://www.nerc.com/standards/reliability-standards/cip">CIP-007-3 R5</reference>
          <reference href="https://www.nerc.com/standards/reliability-standards/cip">CIP-007-3 R5.1.1</reference>
          <reference href="https://www.nerc.com/standards/reliability-standards/cip">CIP-007-3 R5.1.3</reference>
          <reference href="https://www.nerc.com/standards/reliability-standards/cip">CIP-007-3 R5.2.1</reference>
          <reference href="https://www.nerc.com/standards/reliability-standards/cip">CIP-007-3 R5.2.3</reference>
          <reference href="https://www.nerc.com/standards/reliability-standards/cip">CIP-007-3 R6.5</reference>
          <reference href="http://nvlpubs.nist.gov/nistpubs/SpecialPublications/NIST.SP.800-53r4.pdf">AC-2(4)</reference>
          <reference href="http://nvlpubs.nist.gov/nistpubs/SpecialPublications/NIST.SP.800-53r4.pdf">AU-2(d)</reference>
          <reference href="http://nvlpubs.nist.gov/nistpubs/SpecialPublications/NIST.SP.800-53r4.pdf">AU-3</reference>
          <reference href="http://nvlpubs.nist.gov/nistpubs/SpecialPublications/NIST.SP.800-53r4.pdf">AU-3.1</reference>
          <reference href="http://nvlpubs.nist.gov/nistpubs/SpecialPublications/NIST.SP.800-53r4.pdf">AU-12(a)</reference>
          <reference href="http://nvlpubs.nist.gov/nistpubs/SpecialPublications/NIST.SP.800-53r4.pdf">AU-12(c)</reference>
          <reference href="http://nvlpubs.nist.gov/nistpubs/SpecialPublications/NIST.SP.800-53r4.pdf">AU-12.1(ii)</reference>
          <reference href="http://nvlpubs.nist.gov/nistpubs/SpecialPublications/NIST.SP.800-53r4.pdf">AU-12.1(iv)</reference>
          <reference href="http://nvlpubs.nist.gov/nistpubs/SpecialPublications/NIST.SP.800-53r4.pdf">AC-6(9)</reference>
          <reference href="http://nvlpubs.nist.gov/nistpubs/SpecialPublications/NIST.SP.800-53r4.pdf">CM-6(a)</reference>
          <reference href="http://nvlpubs.nist.gov/nistpubs/SpecialPublications/NIST.SP.800-53r4.pdf">MA-4(1)(a)</reference>
          <reference href="https://nvlpubs.nist.gov/nistpubs/CSWP/NIST.CSWP.04162018.pdf">DE.CM-1</reference>
          <reference href="https://nvlpubs.nist.gov/nistpubs/CSWP/NIST.CSWP.04162018.pdf">DE.CM-3</reference>
          <reference href="https://nvlpubs.nist.gov/nistpubs/CSWP/NIST.CSWP.04162018.pdf">DE.CM-7</reference>
          <reference href="https://nvlpubs.nist.gov/nistpubs/CSWP/NIST.CSWP.04162018.pdf">ID.SC-4</reference>
          <reference href="https://nvlpubs.nist.gov/nistpubs/CSWP/NIST.CSWP.04162018.pdf">PR.PT-1</reference>
          <reference href="https://www.cyber.mil/stigs/downloads/?_dl_facet_stigs=operating-systems%2Cgeneral-purpose-os">SRG-OS-000037-GPOS-00015</reference>
          <reference href="https://www.cyber.mil/stigs/downloads/?_dl_facet_stigs=operating-systems%2Cgeneral-purpose-os">SRG-OS-000042-GPOS-00020</reference>
          <reference href="https://www.cyber.mil/stigs/downloads/?_dl_facet_stigs=operating-systems%2Cgeneral-purpose-os">SRG-OS-000062-GPOS-00031</reference>
          <reference href="https://www.cyber.mil/stigs/downloads/?_dl_facet_stigs=operating-systems%2Cgeneral-purpose-os">SRG-OS-000392-GPOS-00172</reference>
          <reference href="https://www.cyber.mil/stigs/downloads/?_dl_facet_stigs=operating-systems%2Cgeneral-purpose-os">SRG-OS-000462-GPOS-00206</reference>
          <reference href="https://www.cyber.mil/stigs/downloads/?_dl_facet_stigs=operating-systems%2Cgeneral-purpose-os">SRG-OS-000471-GPOS-00215</reference>
          <reference href="https://www.cyber.mil/stigs/downloads/?_dl_facet_stigs=app-security">SRG-APP-000029-CTR-000085</reference>
          <reference href="https://www.cyber.mil/stigs/downloads/?_dl_facet_stigs=app-security">SRG-APP-000495-CTR-001235</reference>
          <reference href="https://www.cyber.mil/stigs/downloads/?_dl_facet_stigs=operating-systems%2Cunix-linux">SLES-15-030110</reference>
          <reference href="https://www.cyber.mil/stigs/srg-stig-tools/">SV-234910r958412_rule</reference>
          <rationale xmlns:xhtml="http://www.w3.org/1999/xhtml" xml:lang="en-US">Misuse of privileged functions, either intentionally or unintentionally by
authorized users, or by unauthorized external entities that have compromised system accounts,
is a serious and ongoing concern and can have significant adverse impacts on organizations.
Auditing the use of privileged functions is one way to detect such misuse and identify
the risk from insider and advanced persistent threats.
<html:br xmlns:html="http://www.w3.org/1999/xhtml"/>
        <html:br xmlns:html="http://www.w3.org/1999/xhtml"/>
Privileged programs are subject to escalation-of-privilege attacks,
which attempt to subvert their normal role of providing some necessary but
limited capability. As such, motivation exists to monitor these programs for
unusual activity.</rationale>
          <ident system="https://ncp.nist.gov/cce">CCE-85727-6</ident>
          <fix xmlns:xhtml="http://www.w3.org/1999/xhtml" id="audit_rules_privileged_commands_unix_chkpwd" system="urn:xccdf:fix:script:sh"># Remediation is applicable only in certain platforms
if rpm --quiet -q audit &amp;&amp; rpm --quiet -q kernel-default || rpm --quiet -q kernel-default-base; then

# Retrieve hardware architecture of the underlying system
OTHER_FILTERS="-F path=/sbin/unix_chkpwd -F perm=x"
AUID_FILTERS="-F auid&gt;=1000 -F auid!=unset"
SYSCALL=""
KEY="privileged"
SYSCALL_GROUPING=""


ACTION_ARCH_FILTERS="-a always,exit"
# Perform the remediation for both possible tools: 'auditctl' and 'augenrules'
unset syscall_a
unset syscall_grouping
unset syscall_string
unset syscall
unset file_to_edit
unset rule_to_edit
unset rule_syscalls_to_edit
unset other_string
unset auid_string
unset full_rule

# Load macro arguments into arrays
read -a syscall_a &lt;&lt;&lt; $SYSCALL
read -a syscall_grouping &lt;&lt;&lt; $SYSCALL_GROUPING

# Create a list of audit *.rules files that should be inspected for presence and correctness
# of a particular audit rule. The scheme is as follows:
#
# -----------------------------------------------------------------------------------------
#  Tool used to load audit rules | Rule already defined  |  Audit rules file to inspect    |
# -----------------------------------------------------------------------------------------
#        auditctl                |     Doesn't matter    |  /etc/audit/audit.rules         |
# -----------------------------------------------------------------------------------------
#        augenrules              |          Yes          |  /etc/audit/rules.d/*.rules     |
#        augenrules              |          No           |  /etc/audit/rules.d/$key.rules  |
# -----------------------------------------------------------------------------------------
#
files_to_inspect=()

# If audit tool is 'augenrules', then check if the audit rule is defined
# If rule is defined, add '/etc/audit/rules.d/*.rules' to the list for inspection
# If rule isn't defined yet, add '/etc/audit/rules.d/$key.rules' to the list for inspection
default_file="/etc/audit/rules.d/$KEY.rules"
# As other_filters may include paths, lets use a different delimiter for it
# The "F" script expression tells sed to print the filenames where the expressions matched
readarray -t files_to_inspect &lt; &lt;(sed -s -n -e "/^$ACTION_ARCH_FILTERS/!d" -e "\#$OTHER_FILTERS#!d" -e "/$AUID_FILTERS/!d" -e "F" /etc/audit/rules.d/*.rules)
# Case when particular rule isn't defined in /etc/audit/rules.d/*.rules yet
if [ ${#files_to_inspect[@]} -eq "0" ]
then
    file_to_inspect="/etc/audit/rules.d/$KEY.rules"
    files_to_inspect=("$file_to_inspect")
    if [ ! -e "$file_to_inspect" ]
    then
        touch "$file_to_inspect"
        chmod 0600 "$file_to_inspect"
    fi
fi

# After converting to jinja, we cannot return; therefore we skip the rest of the macro if needed instead
skip=1

for audit_file in "${files_to_inspect[@]}"
do
    # Filter existing $audit_file rules' definitions to select those that satisfy the rule pattern,
    # i.e, collect rules that match:
    # * the action, list and arch, (2-nd argument)
    # * the other filters, (3-rd argument)
    # * the auid filters, (4-rd argument)
    readarray -t similar_rules &lt; &lt;(sed -e "/^$ACTION_ARCH_FILTERS/!d"  -e "\#$OTHER_FILTERS#!d" -e "/$AUID_FILTERS/!d" "$audit_file")

    candidate_rules=()
    # Filter out rules that have more fields then required. This will remove rules more specific than the required scope
    for s_rule in "${similar_rules[@]}"
    do
        # Strip all the options and fields we know of,
        # than check if there was any field left over
        extra_fields=$(sed -E -e "s/^$ACTION_ARCH_FILTERS//"  -e "s#$OTHER_FILTERS##" -e "s/$AUID_FILTERS//" -e "s/((:?-S [[:alnum:],]+)+)//g" -e "s/-F key=\w+|-k \w+//"&lt;&lt;&lt; "$s_rule")
        grep -q -- "-F" &lt;&lt;&lt; "$extra_fields" || candidate_rules+=("$s_rule")
    done

    if [[ ${#syscall_a[@]} -ge 1 ]]
    then
        # Check if the syscall we want is present in any of the similar existing rules
        for rule in "${candidate_rules[@]}"
        do
            rule_syscalls=$(echo "$rule" | grep -o -P '(-S [\w,]+)+' | xargs)
            all_syscalls_found=0
            for syscall in "${syscall_a[@]}"
            do
                grep -q -- "\b${syscall}\b" &lt;&lt;&lt; "$rule_syscalls" || {
                   # A syscall was not found in the candidate rule
                   all_syscalls_found=1
                   }
            done
            if [[ $all_syscalls_found -eq 0 ]]
            then
                # We found a rule with all the syscall(s) we want; skip rest of macro
                skip=0
                break
            fi

            # Check if this rule can be grouped with our target syscall and keep track of it
            for syscall_g in "${syscall_grouping[@]}"
            do
                if grep -q -- "\b${syscall_g}\b" &lt;&lt;&lt; "$rule_syscalls"
                then
                    file_to_edit=${audit_file}
                    rule_to_edit=${rule}
                    rule_syscalls_to_edit=${rule_syscalls}
                fi
            done
        done
    else
        # If there is any candidate rule, it is compliant; skip rest of macro
        if [ "${#candidate_rules[@]}" -gt 0 ]
        then
            skip=0
        fi
    fi

    if [ "$skip" -eq 0 ]; then
        break
    fi
done

if [ "$skip" -ne 0 ]; then
    # We checked all rules that matched the expected resemblance pattern (action, arch &amp; auid)
    # At this point we know if we need to either append the $full_rule or group
    # the syscall together with an exsiting rule

    # Append the full_rule if it cannot be grouped to any other rule
    if [ -z ${rule_to_edit+x} ]
    then
        # Build full_rule while avoid adding double spaces when other_filters is empty
        if [ "${#syscall_a[@]}" -gt 0 ]
        then
            syscall_string=""
            for syscall in "${syscall_a[@]}"
            do
                syscall_string+=" -S $syscall"
            done
        fi
        other_string=$([[ $OTHER_FILTERS ]] &amp;&amp; echo " $OTHER_FILTERS") || /bin/true
        auid_string=$([[ $AUID_FILTERS ]] &amp;&amp; echo " $AUID_FILTERS") || /bin/true
        full_rule="$ACTION_ARCH_FILTERS${syscall_string}${other_string}${auid_string} -F key=$KEY" || /bin/true
        echo "$full_rule" &gt;&gt; "$default_file"
        chmod 0600 ${default_file}
    else
        # Check if the syscalls are declared as a comma separated list or
        # as multiple -S parameters
        if grep -q -- "," &lt;&lt;&lt; "${rule_syscalls_to_edit}"
        then
            delimiter=","
        else
            delimiter=" -S "
        fi
        new_grouped_syscalls="${rule_syscalls_to_edit}"
        for syscall in "${syscall_a[@]}"
        do
            grep -q -- "\b${syscall}\b" &lt;&lt;&lt; "${rule_syscalls_to_edit}" || {
               # A syscall was not found in the candidate rule
               new_grouped_syscalls+="${delimiter}${syscall}"
               }
        done

        # Group the syscall in the rule
        sed -i -e "\#${rule_to_edit}#s#${rule_syscalls_to_edit}#${new_grouped_syscalls}#" "$file_to_edit"
    fi
fi
unset syscall_a
unset syscall_grouping
unset syscall_string
unset syscall
unset file_to_edit
unset rule_to_edit
unset rule_syscalls_to_edit
unset other_string
unset auid_string
unset full_rule

# Load macro arguments into arrays
read -a syscall_a &lt;&lt;&lt; $SYSCALL
read -a syscall_grouping &lt;&lt;&lt; $SYSCALL_GROUPING

# Create a list of audit *.rules files that should be inspected for presence and correctness
# of a particular audit rule. The scheme is as follows:
#
# -----------------------------------------------------------------------------------------
#  Tool used to load audit rules | Rule already defined  |  Audit rules file to inspect    |
# -----------------------------------------------------------------------------------------
#        auditctl                |     Doesn't matter    |  /etc/audit/audit.rules         |
# -----------------------------------------------------------------------------------------
#        augenrules              |          Yes          |  /etc/audit/rules.d/*.rules     |
#        augenrules              |          No           |  /etc/audit/rules.d/$key.rules  |
# -----------------------------------------------------------------------------------------
#
files_to_inspect=()


# If audit tool is 'auditctl', then add '/etc/audit/audit.rules'
# file to the list of files to be inspected
default_file="/etc/audit/audit.rules"
files_to_inspect+=('/etc/audit/audit.rules' )

# After converting to jinja, we cannot return; therefore we skip the rest of the macro if needed instead
skip=1

for audit_file in "${files_to_inspect[@]}"
do
    # Filter existing $audit_file rules' definitions to select those that satisfy the rule pattern,
    # i.e, collect rules that match:
    # * the action, list and arch, (2-nd argument)
    # * the other filters, (3-rd argument)
    # * the auid filters, (4-rd argument)
    readarray -t similar_rules &lt; &lt;(sed -e "/^$ACTION_ARCH_FILTERS/!d"  -e "\#$OTHER_FILTERS#!d" -e "/$AUID_FILTERS/!d" "$audit_file")

    candidate_rules=()
    # Filter out rules that have more fields then required. This will remove rules more specific than the required scope
    for s_rule in "${similar_rules[@]}"
    do
        # Strip all the options and fields we know of,
        # than check if there was any field left over
        extra_fields=$(sed -E -e "s/^$ACTION_ARCH_FILTERS//"  -e "s#$OTHER_FILTERS##" -e "s/$AUID_FILTERS//" -e "s/((:?-S [[:alnum:],]+)+)//g" -e "s/-F key=\w+|-k \w+//"&lt;&lt;&lt; "$s_rule")
        grep -q -- "-F" &lt;&lt;&lt; "$extra_fields" || candidate_rules+=("$s_rule")
    done

    if [[ ${#syscall_a[@]} -ge 1 ]]
    then
        # Check if the syscall we want is present in any of the similar existing rules
        for rule in "${candidate_rules[@]}"
        do
            rule_syscalls=$(echo "$rule" | grep -o -P '(-S [\w,]+)+' | xargs)
            all_syscalls_found=0
            for syscall in "${syscall_a[@]}"
            do
                grep -q -- "\b${syscall}\b" &lt;&lt;&lt; "$rule_syscalls" || {
                   # A syscall was not found in the candidate rule
                   all_syscalls_found=1
                   }
            done
            if [[ $all_syscalls_found -eq 0 ]]
            then
                # We found a rule with all the syscall(s) we want; skip rest of macro
                skip=0
                break
            fi

            # Check if this rule can be grouped with our target syscall and keep track of it
            for syscall_g in "${syscall_grouping[@]}"
            do
                if grep -q -- "\b${syscall_g}\b" &lt;&lt;&lt; "$rule_syscalls"
                then
                    file_to_edit=${audit_file}
                    rule_to_edit=${rule}
                    rule_syscalls_to_edit=${rule_syscalls}
                fi
            done
        done
    else
        # If there is any candidate rule, it is compliant; skip rest of macro
        if [ "${#candidate_rules[@]}" -gt 0 ]
        then
            skip=0
        fi
    fi

    if [ "$skip" -eq 0 ]; then
        break
    fi
done

if [ "$skip" -ne 0 ]; then
    # We checked all rules that matched the expected resemblance pattern (action, arch &amp; auid)
    # At this point we know if we need to either append the $full_rule or group
    # the syscall together with an exsiting rule

    # Append the full_rule if it cannot be grouped to any other rule
    if [ -z ${rule_to_edit+x} ]
    then
        # Build full_rule while avoid adding double spaces when other_filters is empty
        if [ "${#syscall_a[@]}" -gt 0 ]
        then
            syscall_string=""
            for syscall in "${syscall_a[@]}"
            do
                syscall_string+=" -S $syscall"
            done
        fi
        other_string=$([[ $OTHER_FILTERS ]] &amp;&amp; echo " $OTHER_FILTERS") || /bin/true
        auid_string=$([[ $AUID_FILTERS ]] &amp;&amp; echo " $AUID_FILTERS") || /bin/true
        full_rule="$ACTION_ARCH_FILTERS${syscall_string}${other_string}${auid_string} -F key=$KEY" || /bin/true
        echo "$full_rule" &gt;&gt; "$default_file"
        chmod 0600 ${default_file}
    else
        # Check if the syscalls are declared as a comma separated list or
        # as multiple -S parameters
        if grep -q -- "," &lt;&lt;&lt; "${rule_syscalls_to_edit}"
        then
            delimiter=","
        else
            delimiter=" -S "
        fi
        new_grouped_syscalls="${rule_syscalls_to_edit}"
        for syscall in "${syscall_a[@]}"
        do
            grep -q -- "\b${syscall}\b" &lt;&lt;&lt; "${rule_syscalls_to_edit}" || {
               # A syscall was not found in the candidate rule
               new_grouped_syscalls+="${delimiter}${syscall}"
               }
        done

        # Group the syscall in the rule
        sed -i -e "\#${rule_to_edit}#s#${rule_syscalls_to_edit}#${new_grouped_syscalls}#" "$file_to_edit"
    fi
fi

else
    &gt;&amp;2 echo 'Remediation is not applicable, nothing was done'
fi
</fix>
          <fix xmlns:xhtml="http://www.w3.org/1999/xhtml" id="audit_rules_privileged_commands_unix_chkpwd" system="urn:xccdf:fix:script:ansible" complexity="low" disruption="low" strategy="restrict">- name: Gather the package facts
  package_facts:
    manager: auto
  tags:
  - CCE-85727-6
  - DISA-STIG-SLES-15-030110
  - NIST-800-171-3.1.7
  - NIST-800-53-AC-2(4)
  - NIST-800-53-AC-6(9)
  - NIST-800-53-AU-12(a)
  - NIST-800-53-AU-12(c)
  - NIST-800-53-AU-12.1(ii)
  - NIST-800-53-AU-12.1(iv)
  - NIST-800-53-AU-2(d)
  - NIST-800-53-AU-3
  - NIST-800-53-AU-3.1
  - NIST-800-53-CM-6(a)
  - NIST-800-53-MA-4(1)(a)
  - audit_rules_privileged_commands_unix_chkpwd
  - low_complexity
  - low_disruption
  - medium_severity
  - no_reboot_needed
  - restrict_strategy

- name: Ensure auditd Collects Information on the Use of Privileged Commands - unix_chkpwd
    - Perform remediation of Audit rules for /sbin/unix_chkpwd
  block:

  - name: Declare list of syscalls
    ansible.builtin.set_fact:
      syscalls: []
      syscall_grouping: []

  - name: Check existence of  in /etc/audit/rules.d/
    ansible.builtin.find:
      paths: /etc/audit/rules.d
      contains: -a always,exit(( -S |,)\w+)*(( -S |,){{ item }})+(( -S |,)\w+)* -F
        path=/sbin/unix_chkpwd -F perm=x -F auid&gt;=1000 -F auid!=unset (-k\s+|-F\s+key=)\S+\s*$
      patterns: '*.rules'
    register: find_command
    loop: '{{ (syscall_grouping + syscalls) | unique }}'

  - name: Reset syscalls found per file
    ansible.builtin.set_fact:
      syscalls_per_file: {}
      found_paths_dict: {}

  - name: Declare syscalls found per file
    ansible.builtin.set_fact: syscalls_per_file="{{ syscalls_per_file | combine( {item.files[0].path
      :[item.item] + syscalls_per_file.get(item.files[0].path, []) } ) }}"
    loop: '{{ find_command.results | selectattr(''matched'') | list }}'

  - name: Declare files where syscalls were found
    ansible.builtin.set_fact: found_paths="{{ find_command.results | map(attribute='files')
      | flatten | map(attribute='path') | list }}"

  - name: Count occurrences of syscalls in paths
    ansible.builtin.set_fact: found_paths_dict="{{ found_paths_dict | combine({ item:1+found_paths_dict.get(item,
      0) }) }}"
    loop: '{{ find_command.results | map(attribute=''files'') | flatten | map(attribute=''path'')
      | list }}'

  - name: Get path with most syscalls
    ansible.builtin.set_fact: audit_file="{{ (found_paths_dict | dict2items() | sort(attribute='value')
      | last).key }}"
    when: found_paths | length &gt;= 1

  - name: No file with syscall found, set path to /etc/audit/rules.d/privileged.rules
    ansible.builtin.set_fact: audit_file="/etc/audit/rules.d/privileged.rules"
    when: found_paths | length == 0

  - name: Declare found syscalls
    ansible.builtin.set_fact: syscalls_found="{{ find_command.results | selectattr('matched')
      | map(attribute='item') | list }}"

  - name: Declare missing syscalls
    ansible.builtin.set_fact: missing_syscalls="{{ syscalls | difference(syscalls_found)
      }}"

  - name: Replace the audit rule in {{ audit_file }}
    ansible.builtin.lineinfile:
      path: '{{ audit_file }}'
      regexp: (-a always,exit)(?=.*(?:(?:-S |,)(?:{{ syscalls_per_file[audit_file]
        | join("|") }}))\b)((?:( -S |,)\w+)+)( -F path=/sbin/unix_chkpwd -F perm=x
        -F auid&gt;=1000 -F auid!=unset (?:-k |-F key=)\w+)
      line: \1\2\3{{ missing_syscalls | join("\3") }}\4
      backrefs: true
      state: present
      mode: g-rwx,o-rwx
    when: syscalls_found | length &gt; 0 and missing_syscalls | length &gt; 0

  - name: Add the audit rule to {{ audit_file }}
    ansible.builtin.lineinfile:
      path: '{{ audit_file }}'
      line: -a always,exit{{ syscalls | join(',') }} -F path=/sbin/unix_chkpwd -F
        perm=x -F auid&gt;=1000 -F auid!=unset -F key=privileged
      create: true
      mode: g-rwx,o-rwx
      state: present
    when: syscalls_found | length == 0

  - name: Declare list of syscalls
    ansible.builtin.set_fact:
      syscalls: []
      syscall_grouping: []

  - name: Check existence of  in /etc/audit/audit.rules
    ansible.builtin.find:
      paths: /etc/audit
      contains: -a always,exit(( -S |,)\w+)*(( -S |,){{ item }})+(( -S |,)\w+)* -F
        path=/sbin/unix_chkpwd -F perm=x -F auid&gt;=1000 -F auid!=unset (-k\s+|-F\s+key=)\S+\s*$
      patterns: audit.rules
    register: find_command
    loop: '{{ (syscall_grouping + syscalls) | unique }}'

  - name: Set path to /etc/audit/audit.rules
    ansible.builtin.set_fact: audit_file="/etc/audit/audit.rules"

  - name: Declare found syscalls
    ansible.builtin.set_fact: syscalls_found="{{ find_command.results | selectattr('matched')
      | map(attribute='item') | list }}"

  - name: Declare missing syscalls
    ansible.builtin.set_fact: missing_syscalls="{{ syscalls | difference(syscalls_found)
      }}"

  - name: Replace the audit rule in {{ audit_file }}
    ansible.builtin.lineinfile:
      path: '{{ audit_file }}'
      regexp: (-a always,exit)(?=.*(?:(?:-S |,)(?:{{ syscalls_found | join("|") }}))\b)((?:(
        -S |,)\w+)+)( -F path=/sbin/unix_chkpwd -F perm=x -F auid&gt;=1000 -F auid!=unset
        (?:-k |-F key=)\w+)
      line: \1\2\3{{ missing_syscalls | join("\3") }}\4
      backrefs: true
      state: present
      mode: g-rwx,o-rwx
    when: syscalls_found | length &gt; 0 and missing_syscalls | length &gt; 0

  - name: Add the audit rule to {{ audit_file }}
    ansible.builtin.lineinfile:
      path: '{{ audit_file }}'
      line: -a always,exit{{ syscalls | join(',') }} -F path=/sbin/unix_chkpwd -F
        perm=x -F auid&gt;=1000 -F auid!=unset -F key=privileged
      create: true
      mode: g-rwx,o-rwx
      state: present
    when: syscalls_found | length == 0
  when:
  - '"audit" in ansible_facts.packages'
  - ("kernel-default" in ansible_facts.packages or "kernel-default-base" in ansible_facts.packages)
  tags:
  - CCE-85727-6
  - DISA-STIG-SLES-15-030110
  - NIST-800-171-3.1.7
  - NIST-800-53-AC-2(4)
  - NIST-800-53-AC-6(9)
  - NIST-800-53-AU-12(a)
  - NIST-800-53-AU-12(c)
  - NIST-800-53-AU-12.1(ii)
  - NIST-800-53-AU-12.1(iv)
  - NIST-800-53-AU-2(d)
  - NIST-800-53-AU-3
  - NIST-800-53-AU-3.1
  - NIST-800-53-CM-6(a)
  - NIST-800-53-MA-4(1)(a)
  - audit_rules_privileged_commands_unix_chkpwd
  - low_complexity
  - low_disruption
  - medium_severity
  - no_reboot_needed
  - restrict_strategy
</fix>
          <check system="http://oval.mitre.org/XMLSchema/oval-definitions-5">
            <check-content-ref name="oval:ssg-audit_rules_privileged_commands_unix_chkpwd:def:1" href="ssg-sle15-oval.xml"/>
          </check>
          <check system="http://scap.nist.gov/schema/ocil/2">
            <check-content-ref name="ocil:ssg-audit_rules_privileged_commands_unix_chkpwd_ocil:questionnaire:1" href="ssg-sle15-ocil.xml"/>
          </check>
        </Rule>
        <Rule id="xccdf_org.ssgproject.content_rule_audit_rules_privileged_commands_userhelper" selected="false" role="full" severity="medium">
          <title xmlns:xhtml="http://www.w3.org/1999/xhtml" xml:lang="en-US">Ensure auditd Collects Information on the Use of Privileged Commands - userhelper</title>
          <description xmlns:xhtml="http://www.w3.org/1999/xhtml" xml:lang="en-US">


At a minimum, the audit system should collect the execution of privileged
commands for all users and root.

If the <html:code xmlns:html="http://www.w3.org/1999/xhtml">auditd</html:code> daemon is configured to use the <html:code xmlns:html="http://www.w3.org/1999/xhtml">augenrules</html:code>
program to read audit rules during daemon startup (the default), add
a line of the following form to a file with suffix <html:code xmlns:html="http://www.w3.org/1999/xhtml">.rules</html:code>
in the directory <html:code xmlns:html="http://www.w3.org/1999/xhtml">/etc/audit/rules.d</html:code>:
<html:pre xmlns:html="http://www.w3.org/1999/xhtml">-a always,exit -F path=/usr/sbin/userhelper -F perm=x -F auid&gt;=1000 -F auid!=unset -F key=privileged</html:pre>

If the <html:code xmlns:html="http://www.w3.org/1999/xhtml">auditd</html:code> daemon is configured to use the <html:code xmlns:html="http://www.w3.org/1999/xhtml">auditctl</html:code>
utility to read audit rules during daemon startup, add a line of the
following form to <html:code xmlns:html="http://www.w3.org/1999/xhtml">/etc/audit/audit.rules</html:code>:
<html:pre xmlns:html="http://www.w3.org/1999/xhtml">-a always,exit -F path=/usr/sbin/userhelper -F perm=x -F auid&gt;=1000 -F auid!=unset -F key=privileged</html:pre>
       </description>
          <reference href="https://www.cisecurity.org/controls/">1</reference>
          <reference href="https://www.cisecurity.org/controls/">12</reference>
          <reference href="https://www.cisecurity.org/controls/">13</reference>
          <reference href="https://www.cisecurity.org/controls/">14</reference>
          <reference href="https://www.cisecurity.org/controls/">15</reference>
          <reference href="https://www.cisecurity.org/controls/">16</reference>
          <reference href="https://www.cisecurity.org/controls/">2</reference>
          <reference href="https://www.cisecurity.org/controls/">3</reference>
          <reference href="https://www.cisecurity.org/controls/">5</reference>
          <reference href="https://www.cisecurity.org/controls/">6</reference>
          <reference href="https://www.cisecurity.org/controls/">7</reference>
          <reference href="https://www.cisecurity.org/controls/">8</reference>
          <reference href="https://www.cisecurity.org/controls/">9</reference>
          <reference href="https://www.isaca.org/resources/cobit">APO10.01</reference>
          <reference href="https://www.isaca.org/resources/cobit">APO10.03</reference>
          <reference href="https://www.isaca.org/resources/cobit">APO10.04</reference>
          <reference href="https://www.isaca.org/resources/cobit">APO10.05</reference>
          <reference href="https://www.isaca.org/resources/cobit">APO11.04</reference>
          <reference href="https://www.isaca.org/resources/cobit">BAI03.05</reference>
          <reference href="https://www.isaca.org/resources/cobit">DSS01.03</reference>
          <reference href="https://www.isaca.org/resources/cobit">DSS03.05</reference>
          <reference href="https://www.isaca.org/resources/cobit">DSS05.02</reference>
          <reference href="https://www.isaca.org/resources/cobit">DSS05.04</reference>
          <reference href="https://www.isaca.org/resources/cobit">DSS05.05</reference>
          <reference href="https://www.isaca.org/resources/cobit">DSS05.07</reference>
          <reference href="https://www.isaca.org/resources/cobit">MEA01.01</reference>
          <reference href="https://www.isaca.org/resources/cobit">MEA01.02</reference>
          <reference href="https://www.isaca.org/resources/cobit">MEA01.03</reference>
          <reference href="https://www.isaca.org/resources/cobit">MEA01.04</reference>
          <reference href="https://www.isaca.org/resources/cobit">MEA01.05</reference>
          <reference href="https://www.isaca.org/resources/cobit">MEA02.01</reference>
          <reference href="http://nvlpubs.nist.gov/nistpubs/SpecialPublications/NIST.SP.800-171.pdf">3.1.7</reference>
          <reference href="https://www.gpo.gov/fdsys/pkg/CFR-2007-title45-vol1/pdf/CFR-2007-title45-vol1-chapA-subchapC.pdf">164.308(a)(1)(ii)(D)</reference>
          <reference href="https://www.gpo.gov/fdsys/pkg/CFR-2007-title45-vol1/pdf/CFR-2007-title45-vol1-chapA-subchapC.pdf">164.308(a)(3)(ii)(A)</reference>
          <reference href="https://www.gpo.gov/fdsys/pkg/CFR-2007-title45-vol1/pdf/CFR-2007-title45-vol1-chapA-subchapC.pdf">164.308(a)(5)(ii)(C)</reference>
          <reference href="https://www.gpo.gov/fdsys/pkg/CFR-2007-title45-vol1/pdf/CFR-2007-title45-vol1-chapA-subchapC.pdf">164.312(a)(2)(i)</reference>
          <reference href="https://www.gpo.gov/fdsys/pkg/CFR-2007-title45-vol1/pdf/CFR-2007-title45-vol1-chapA-subchapC.pdf">164.312(b)</reference>
          <reference href="https://www.gpo.gov/fdsys/pkg/CFR-2007-title45-vol1/pdf/CFR-2007-title45-vol1-chapA-subchapC.pdf">164.312(d)</reference>
          <reference href="https://www.gpo.gov/fdsys/pkg/CFR-2007-title45-vol1/pdf/CFR-2007-title45-vol1-chapA-subchapC.pdf">164.312(e)</reference>
          <reference href="https://www.isa.org/products/isa-62443-2-1-2009-security-for-industrial-automat">4.3.2.6.7</reference>
          <reference href="https://www.isa.org/products/isa-62443-2-1-2009-security-for-industrial-automat">4.3.3.3.9</reference>
          <reference href="https://www.isa.org/products/isa-62443-2-1-2009-security-for-industrial-automat">4.3.3.5.8</reference>
          <reference href="https://www.isa.org/products/isa-62443-2-1-2009-security-for-industrial-automat">4.3.4.4.7</reference>
          <reference href="https://www.isa.org/products/isa-62443-2-1-2009-security-for-industrial-automat">4.4.2.1</reference>
          <reference href="https://www.isa.org/products/isa-62443-2-1-2009-security-for-industrial-automat">4.4.2.2</reference>
          <reference href="https://www.isa.org/products/isa-62443-2-1-2009-security-for-industrial-automat">4.4.2.4</reference>
          <reference href="https://www.isa.org/products/ansi-isa-62443-3-3-99-03-03-2013-security-for-indu">SR 2.10</reference>
          <reference href="https://www.isa.org/products/ansi-isa-62443-3-3-99-03-03-2013-security-for-indu">SR 2.11</reference>
          <reference href="https://www.isa.org/products/ansi-isa-62443-3-3-99-03-03-2013-security-for-indu">SR 2.12</reference>
          <reference href="https://www.isa.org/products/ansi-isa-62443-3-3-99-03-03-2013-security-for-indu">SR 2.8</reference>
          <reference href="https://www.isa.org/products/ansi-isa-62443-3-3-99-03-03-2013-security-for-indu">SR 2.9</reference>
          <reference href="https://www.isa.org/products/ansi-isa-62443-3-3-99-03-03-2013-security-for-indu">SR 6.1</reference>
          <reference href="https://www.isa.org/products/ansi-isa-62443-3-3-99-03-03-2013-security-for-indu">SR 6.2</reference>
          <reference href="https://www.iso.org/contents/data/standard/05/45/54534.html">A.12.4.1</reference>
          <reference href="https://www.iso.org/contents/data/standard/05/45/54534.html">A.12.4.2</reference>
          <reference href="https://www.iso.org/contents/data/standard/05/45/54534.html">A.12.4.3</reference>
          <reference href="https://www.iso.org/contents/data/standard/05/45/54534.html">A.12.4.4</reference>
          <reference href="https://www.iso.org/contents/data/standard/05/45/54534.html">A.12.7.1</reference>
          <reference href="https://www.iso.org/contents/data/standard/05/45/54534.html">A.14.2.7</reference>
          <reference href="https://www.iso.org/contents/data/standard/05/45/54534.html">A.15.2.1</reference>
          <reference href="https://www.iso.org/contents/data/standard/05/45/54534.html">A.15.2.2</reference>
          <reference href="http://nvlpubs.nist.gov/nistpubs/SpecialPublications/NIST.SP.800-53r4.pdf">AU-2(d)</reference>
          <reference href="http://nvlpubs.nist.gov/nistpubs/SpecialPublications/NIST.SP.800-53r4.pdf">AU-12(c)</reference>
          <reference href="http://nvlpubs.nist.gov/nistpubs/SpecialPublications/NIST.SP.800-53r4.pdf">AC-6(9)</reference>
          <reference href="http://nvlpubs.nist.gov/nistpubs/SpecialPublications/NIST.SP.800-53r4.pdf">CM-6(a)</reference>
          <reference href="https://nvlpubs.nist.gov/nistpubs/CSWP/NIST.CSWP.04162018.pdf">DE.CM-1</reference>
          <reference href="https://nvlpubs.nist.gov/nistpubs/CSWP/NIST.CSWP.04162018.pdf">DE.CM-3</reference>
          <reference href="https://nvlpubs.nist.gov/nistpubs/CSWP/NIST.CSWP.04162018.pdf">DE.CM-7</reference>
          <reference href="https://nvlpubs.nist.gov/nistpubs/CSWP/NIST.CSWP.04162018.pdf">ID.SC-4</reference>
          <reference href="https://nvlpubs.nist.gov/nistpubs/CSWP/NIST.CSWP.04162018.pdf">PR.PT-1</reference>
          <reference href="https://www.cyber.mil/stigs/downloads/?_dl_facet_stigs=operating-systems%2Cgeneral-purpose-os">SRG-OS-000037-GPOS-00015</reference>
          <reference href="https://www.cyber.mil/stigs/downloads/?_dl_facet_stigs=operating-systems%2Cgeneral-purpose-os">SRG-OS-000042-GPOS-00020</reference>
          <reference href="https://www.cyber.mil/stigs/downloads/?_dl_facet_stigs=operating-systems%2Cgeneral-purpose-os">SRG-OS-000062-GPOS-00031</reference>
          <reference href="https://www.cyber.mil/stigs/downloads/?_dl_facet_stigs=operating-systems%2Cgeneral-purpose-os">SRG-OS-000392-GPOS-00172</reference>
          <reference href="https://www.cyber.mil/stigs/downloads/?_dl_facet_stigs=operating-systems%2Cgeneral-purpose-os">SRG-OS-000462-GPOS-00206</reference>
          <reference href="https://www.cyber.mil/stigs/downloads/?_dl_facet_stigs=operating-systems%2Cgeneral-purpose-os">SRG-OS-000471-GPOS-00215</reference>
          <reference href="https://www.cyber.mil/stigs/downloads/?_dl_facet_stigs=app-security">SRG-APP-000495-CTR-001235</reference>
          <rationale xmlns:xhtml="http://www.w3.org/1999/xhtml" xml:lang="en-US">Misuse of privileged functions, either intentionally or unintentionally by
authorized users, or by unauthorized external entities that have compromised system accounts,
is a serious and ongoing concern and can have significant adverse impacts on organizations.
Auditing the use of privileged functions is one way to detect such misuse and identify
the risk from insider and advanced persistent threats.
<html:br xmlns:html="http://www.w3.org/1999/xhtml"/>
        <html:br xmlns:html="http://www.w3.org/1999/xhtml"/>
Privileged programs are subject to escalation-of-privilege attacks,
which attempt to subvert their normal role of providing some necessary but
limited capability. As such, motivation exists to monitor these programs for
unusual activity.</rationale>
          <ident system="https://ncp.nist.gov/cce">CCE-85773-0</ident>
          <fix xmlns:xhtml="http://www.w3.org/1999/xhtml" id="audit_rules_privileged_commands_userhelper" system="urn:xccdf:fix:script:sh"># Remediation is applicable only in certain platforms
if rpm --quiet -q audit &amp;&amp; rpm --quiet -q kernel-default || rpm --quiet -q kernel-default-base; then

# Retrieve hardware architecture of the underlying system
OTHER_FILTERS="-F path=/usr/sbin/userhelper -F perm=x"
AUID_FILTERS="-F auid&gt;=1000 -F auid!=unset"
SYSCALL=""
KEY="privileged"
SYSCALL_GROUPING=""


ACTION_ARCH_FILTERS="-a always,exit"
# Perform the remediation for both possible tools: 'auditctl' and 'augenrules'
unset syscall_a
unset syscall_grouping
unset syscall_string
unset syscall
unset file_to_edit
unset rule_to_edit
unset rule_syscalls_to_edit
unset other_string
unset auid_string
unset full_rule

# Load macro arguments into arrays
read -a syscall_a &lt;&lt;&lt; $SYSCALL
read -a syscall_grouping &lt;&lt;&lt; $SYSCALL_GROUPING

# Create a list of audit *.rules files that should be inspected for presence and correctness
# of a particular audit rule. The scheme is as follows:
#
# -----------------------------------------------------------------------------------------
#  Tool used to load audit rules | Rule already defined  |  Audit rules file to inspect    |
# -----------------------------------------------------------------------------------------
#        auditctl                |     Doesn't matter    |  /etc/audit/audit.rules         |
# -----------------------------------------------------------------------------------------
#        augenrules              |          Yes          |  /etc/audit/rules.d/*.rules     |
#        augenrules              |          No           |  /etc/audit/rules.d/$key.rules  |
# -----------------------------------------------------------------------------------------
#
files_to_inspect=()

# If audit tool is 'augenrules', then check if the audit rule is defined
# If rule is defined, add '/etc/audit/rules.d/*.rules' to the list for inspection
# If rule isn't defined yet, add '/etc/audit/rules.d/$key.rules' to the list for inspection
default_file="/etc/audit/rules.d/$KEY.rules"
# As other_filters may include paths, lets use a different delimiter for it
# The "F" script expression tells sed to print the filenames where the expressions matched
readarray -t files_to_inspect &lt; &lt;(sed -s -n -e "/^$ACTION_ARCH_FILTERS/!d" -e "\#$OTHER_FILTERS#!d" -e "/$AUID_FILTERS/!d" -e "F" /etc/audit/rules.d/*.rules)
# Case when particular rule isn't defined in /etc/audit/rules.d/*.rules yet
if [ ${#files_to_inspect[@]} -eq "0" ]
then
    file_to_inspect="/etc/audit/rules.d/$KEY.rules"
    files_to_inspect=("$file_to_inspect")
    if [ ! -e "$file_to_inspect" ]
    then
        touch "$file_to_inspect"
        chmod 0600 "$file_to_inspect"
    fi
fi

# After converting to jinja, we cannot return; therefore we skip the rest of the macro if needed instead
skip=1

for audit_file in "${files_to_inspect[@]}"
do
    # Filter existing $audit_file rules' definitions to select those that satisfy the rule pattern,
    # i.e, collect rules that match:
    # * the action, list and arch, (2-nd argument)
    # * the other filters, (3-rd argument)
    # * the auid filters, (4-rd argument)
    readarray -t similar_rules &lt; &lt;(sed -e "/^$ACTION_ARCH_FILTERS/!d"  -e "\#$OTHER_FILTERS#!d" -e "/$AUID_FILTERS/!d" "$audit_file")

    candidate_rules=()
    # Filter out rules that have more fields then required. This will remove rules more specific than the required scope
    for s_rule in "${similar_rules[@]}"
    do
        # Strip all the options and fields we know of,
        # than check if there was any field left over
        extra_fields=$(sed -E -e "s/^$ACTION_ARCH_FILTERS//"  -e "s#$OTHER_FILTERS##" -e "s/$AUID_FILTERS//" -e "s/((:?-S [[:alnum:],]+)+)//g" -e "s/-F key=\w+|-k \w+//"&lt;&lt;&lt; "$s_rule")
        grep -q -- "-F" &lt;&lt;&lt; "$extra_fields" || candidate_rules+=("$s_rule")
    done

    if [[ ${#syscall_a[@]} -ge 1 ]]
    then
        # Check if the syscall we want is present in any of the similar existing rules
        for rule in "${candidate_rules[@]}"
        do
            rule_syscalls=$(echo "$rule" | grep -o -P '(-S [\w,]+)+' | xargs)
            all_syscalls_found=0
            for syscall in "${syscall_a[@]}"
            do
                grep -q -- "\b${syscall}\b" &lt;&lt;&lt; "$rule_syscalls" || {
                   # A syscall was not found in the candidate rule
                   all_syscalls_found=1
                   }
            done
            if [[ $all_syscalls_found -eq 0 ]]
            then
                # We found a rule with all the syscall(s) we want; skip rest of macro
                skip=0
                break
            fi

            # Check if this rule can be grouped with our target syscall and keep track of it
            for syscall_g in "${syscall_grouping[@]}"
            do
                if grep -q -- "\b${syscall_g}\b" &lt;&lt;&lt; "$rule_syscalls"
                then
                    file_to_edit=${audit_file}
                    rule_to_edit=${rule}
                    rule_syscalls_to_edit=${rule_syscalls}
                fi
            done
        done
    else
        # If there is any candidate rule, it is compliant; skip rest of macro
        if [ "${#candidate_rules[@]}" -gt 0 ]
        then
            skip=0
        fi
    fi

    if [ "$skip" -eq 0 ]; then
        break
    fi
done

if [ "$skip" -ne 0 ]; then
    # We checked all rules that matched the expected resemblance pattern (action, arch &amp; auid)
    # At this point we know if we need to either append the $full_rule or group
    # the syscall together with an exsiting rule

    # Append the full_rule if it cannot be grouped to any other rule
    if [ -z ${rule_to_edit+x} ]
    then
        # Build full_rule while avoid adding double spaces when other_filters is empty
        if [ "${#syscall_a[@]}" -gt 0 ]
        then
            syscall_string=""
            for syscall in "${syscall_a[@]}"
            do
                syscall_string+=" -S $syscall"
            done
        fi
        other_string=$([[ $OTHER_FILTERS ]] &amp;&amp; echo " $OTHER_FILTERS") || /bin/true
        auid_string=$([[ $AUID_FILTERS ]] &amp;&amp; echo " $AUID_FILTERS") || /bin/true
        full_rule="$ACTION_ARCH_FILTERS${syscall_string}${other_string}${auid_string} -F key=$KEY" || /bin/true
        echo "$full_rule" &gt;&gt; "$default_file"
        chmod 0600 ${default_file}
    else
        # Check if the syscalls are declared as a comma separated list or
        # as multiple -S parameters
        if grep -q -- "," &lt;&lt;&lt; "${rule_syscalls_to_edit}"
        then
            delimiter=","
        else
            delimiter=" -S "
        fi
        new_grouped_syscalls="${rule_syscalls_to_edit}"
        for syscall in "${syscall_a[@]}"
        do
            grep -q -- "\b${syscall}\b" &lt;&lt;&lt; "${rule_syscalls_to_edit}" || {
               # A syscall was not found in the candidate rule
               new_grouped_syscalls+="${delimiter}${syscall}"
               }
        done

        # Group the syscall in the rule
        sed -i -e "\#${rule_to_edit}#s#${rule_syscalls_to_edit}#${new_grouped_syscalls}#" "$file_to_edit"
    fi
fi
unset syscall_a
unset syscall_grouping
unset syscall_string
unset syscall
unset file_to_edit
unset rule_to_edit
unset rule_syscalls_to_edit
unset other_string
unset auid_string
unset full_rule

# Load macro arguments into arrays
read -a syscall_a &lt;&lt;&lt; $SYSCALL
read -a syscall_grouping &lt;&lt;&lt; $SYSCALL_GROUPING

# Create a list of audit *.rules files that should be inspected for presence and correctness
# of a particular audit rule. The scheme is as follows:
#
# -----------------------------------------------------------------------------------------
#  Tool used to load audit rules | Rule already defined  |  Audit rules file to inspect    |
# -----------------------------------------------------------------------------------------
#        auditctl                |     Doesn't matter    |  /etc/audit/audit.rules         |
# -----------------------------------------------------------------------------------------
#        augenrules              |          Yes          |  /etc/audit/rules.d/*.rules     |
#        augenrules              |          No           |  /etc/audit/rules.d/$key.rules  |
# -----------------------------------------------------------------------------------------
#
files_to_inspect=()


# If audit tool is 'auditctl', then add '/etc/audit/audit.rules'
# file to the list of files to be inspected
default_file="/etc/audit/audit.rules"
files_to_inspect+=('/etc/audit/audit.rules' )

# After converting to jinja, we cannot return; therefore we skip the rest of the macro if needed instead
skip=1

for audit_file in "${files_to_inspect[@]}"
do
    # Filter existing $audit_file rules' definitions to select those that satisfy the rule pattern,
    # i.e, collect rules that match:
    # * the action, list and arch, (2-nd argument)
    # * the other filters, (3-rd argument)
    # * the auid filters, (4-rd argument)
    readarray -t similar_rules &lt; &lt;(sed -e "/^$ACTION_ARCH_FILTERS/!d"  -e "\#$OTHER_FILTERS#!d" -e "/$AUID_FILTERS/!d" "$audit_file")

    candidate_rules=()
    # Filter out rules that have more fields then required. This will remove rules more specific than the required scope
    for s_rule in "${similar_rules[@]}"
    do
        # Strip all the options and fields we know of,
        # than check if there was any field left over
        extra_fields=$(sed -E -e "s/^$ACTION_ARCH_FILTERS//"  -e "s#$OTHER_FILTERS##" -e "s/$AUID_FILTERS//" -e "s/((:?-S [[:alnum:],]+)+)//g" -e "s/-F key=\w+|-k \w+//"&lt;&lt;&lt; "$s_rule")
        grep -q -- "-F" &lt;&lt;&lt; "$extra_fields" || candidate_rules+=("$s_rule")
    done

    if [[ ${#syscall_a[@]} -ge 1 ]]
    then
        # Check if the syscall we want is present in any of the similar existing rules
        for rule in "${candidate_rules[@]}"
        do
            rule_syscalls=$(echo "$rule" | grep -o -P '(-S [\w,]+)+' | xargs)
            all_syscalls_found=0
            for syscall in "${syscall_a[@]}"
            do
                grep -q -- "\b${syscall}\b" &lt;&lt;&lt; "$rule_syscalls" || {
                   # A syscall was not found in the candidate rule
                   all_syscalls_found=1
                   }
            done
            if [[ $all_syscalls_found -eq 0 ]]
            then
                # We found a rule with all the syscall(s) we want; skip rest of macro
                skip=0
                break
            fi

            # Check if this rule can be grouped with our target syscall and keep track of it
            for syscall_g in "${syscall_grouping[@]}"
            do
                if grep -q -- "\b${syscall_g}\b" &lt;&lt;&lt; "$rule_syscalls"
                then
                    file_to_edit=${audit_file}
                    rule_to_edit=${rule}
                    rule_syscalls_to_edit=${rule_syscalls}
                fi
            done
        done
    else
        # If there is any candidate rule, it is compliant; skip rest of macro
        if [ "${#candidate_rules[@]}" -gt 0 ]
        then
            skip=0
        fi
    fi

    if [ "$skip" -eq 0 ]; then
        break
    fi
done

if [ "$skip" -ne 0 ]; then
    # We checked all rules that matched the expected resemblance pattern (action, arch &amp; auid)
    # At this point we know if we need to either append the $full_rule or group
    # the syscall together with an exsiting rule

    # Append the full_rule if it cannot be grouped to any other rule
    if [ -z ${rule_to_edit+x} ]
    then
        # Build full_rule while avoid adding double spaces when other_filters is empty
        if [ "${#syscall_a[@]}" -gt 0 ]
        then
            syscall_string=""
            for syscall in "${syscall_a[@]}"
            do
                syscall_string+=" -S $syscall"
            done
        fi
        other_string=$([[ $OTHER_FILTERS ]] &amp;&amp; echo " $OTHER_FILTERS") || /bin/true
        auid_string=$([[ $AUID_FILTERS ]] &amp;&amp; echo " $AUID_FILTERS") || /bin/true
        full_rule="$ACTION_ARCH_FILTERS${syscall_string}${other_string}${auid_string} -F key=$KEY" || /bin/true
        echo "$full_rule" &gt;&gt; "$default_file"
        chmod 0600 ${default_file}
    else
        # Check if the syscalls are declared as a comma separated list or
        # as multiple -S parameters
        if grep -q -- "," &lt;&lt;&lt; "${rule_syscalls_to_edit}"
        then
            delimiter=","
        else
            delimiter=" -S "
        fi
        new_grouped_syscalls="${rule_syscalls_to_edit}"
        for syscall in "${syscall_a[@]}"
        do
            grep -q -- "\b${syscall}\b" &lt;&lt;&lt; "${rule_syscalls_to_edit}" || {
               # A syscall was not found in the candidate rule
               new_grouped_syscalls+="${delimiter}${syscall}"
               }
        done

        # Group the syscall in the rule
        sed -i -e "\#${rule_to_edit}#s#${rule_syscalls_to_edit}#${new_grouped_syscalls}#" "$file_to_edit"
    fi
fi

else
    &gt;&amp;2 echo 'Remediation is not applicable, nothing was done'
fi
</fix>
          <fix xmlns:xhtml="http://www.w3.org/1999/xhtml" id="audit_rules_privileged_commands_userhelper" system="urn:xccdf:fix:script:ansible" complexity="low" disruption="low" strategy="restrict">- name: Gather the package facts
  package_facts:
    manager: auto
  tags:
  - CCE-85773-0
  - NIST-800-171-3.1.7
  - NIST-800-53-AC-6(9)
  - NIST-800-53-AU-12(c)
  - NIST-800-53-AU-2(d)
  - NIST-800-53-CM-6(a)
  - audit_rules_privileged_commands_userhelper
  - low_complexity
  - low_disruption
  - medium_severity
  - no_reboot_needed
  - restrict_strategy

- name: Ensure auditd Collects Information on the Use of Privileged Commands - userhelper
    - Perform remediation of Audit rules for /usr/sbin/userhelper
  block:

  - name: Declare list of syscalls
    ansible.builtin.set_fact:
      syscalls: []
      syscall_grouping: []

  - name: Check existence of  in /etc/audit/rules.d/
    ansible.builtin.find:
      paths: /etc/audit/rules.d
      contains: -a always,exit(( -S |,)\w+)*(( -S |,){{ item }})+(( -S |,)\w+)* -F
        path=/usr/sbin/userhelper -F perm=x -F auid&gt;=1000 -F auid!=unset (-k\s+|-F\s+key=)\S+\s*$
      patterns: '*.rules'
    register: find_command
    loop: '{{ (syscall_grouping + syscalls) | unique }}'

  - name: Reset syscalls found per file
    ansible.builtin.set_fact:
      syscalls_per_file: {}
      found_paths_dict: {}

  - name: Declare syscalls found per file
    ansible.builtin.set_fact: syscalls_per_file="{{ syscalls_per_file | combine( {item.files[0].path
      :[item.item] + syscalls_per_file.get(item.files[0].path, []) } ) }}"
    loop: '{{ find_command.results | selectattr(''matched'') | list }}'

  - name: Declare files where syscalls were found
    ansible.builtin.set_fact: found_paths="{{ find_command.results | map(attribute='files')
      | flatten | map(attribute='path') | list }}"

  - name: Count occurrences of syscalls in paths
    ansible.builtin.set_fact: found_paths_dict="{{ found_paths_dict | combine({ item:1+found_paths_dict.get(item,
      0) }) }}"
    loop: '{{ find_command.results | map(attribute=''files'') | flatten | map(attribute=''path'')
      | list }}'

  - name: Get path with most syscalls
    ansible.builtin.set_fact: audit_file="{{ (found_paths_dict | dict2items() | sort(attribute='value')
      | last).key }}"
    when: found_paths | length &gt;= 1

  - name: No file with syscall found, set path to /etc/audit/rules.d/privileged.rules
    ansible.builtin.set_fact: audit_file="/etc/audit/rules.d/privileged.rules"
    when: found_paths | length == 0

  - name: Declare found syscalls
    ansible.builtin.set_fact: syscalls_found="{{ find_command.results | selectattr('matched')
      | map(attribute='item') | list }}"

  - name: Declare missing syscalls
    ansible.builtin.set_fact: missing_syscalls="{{ syscalls | difference(syscalls_found)
      }}"

  - name: Replace the audit rule in {{ audit_file }}
    ansible.builtin.lineinfile:
      path: '{{ audit_file }}'
      regexp: (-a always,exit)(?=.*(?:(?:-S |,)(?:{{ syscalls_per_file[audit_file]
        | join("|") }}))\b)((?:( -S |,)\w+)+)( -F path=/usr/sbin/userhelper -F perm=x
        -F auid&gt;=1000 -F auid!=unset (?:-k |-F key=)\w+)
      line: \1\2\3{{ missing_syscalls | join("\3") }}\4
      backrefs: true
      state: present
      mode: g-rwx,o-rwx
    when: syscalls_found | length &gt; 0 and missing_syscalls | length &gt; 0

  - name: Add the audit rule to {{ audit_file }}
    ansible.builtin.lineinfile:
      path: '{{ audit_file }}'
      line: -a always,exit{{ syscalls | join(',') }} -F path=/usr/sbin/userhelper
        -F perm=x -F auid&gt;=1000 -F auid!=unset -F key=privileged
      create: true
      mode: g-rwx,o-rwx
      state: present
    when: syscalls_found | length == 0

  - name: Declare list of syscalls
    ansible.builtin.set_fact:
      syscalls: []
      syscall_grouping: []

  - name: Check existence of  in /etc/audit/audit.rules
    ansible.builtin.find:
      paths: /etc/audit
      contains: -a always,exit(( -S |,)\w+)*(( -S |,){{ item }})+(( -S |,)\w+)* -F
        path=/usr/sbin/userhelper -F perm=x -F auid&gt;=1000 -F auid!=unset (-k\s+|-F\s+key=)\S+\s*$
      patterns: audit.rules
    register: find_command
    loop: '{{ (syscall_grouping + syscalls) | unique }}'

  - name: Set path to /etc/audit/audit.rules
    ansible.builtin.set_fact: audit_file="/etc/audit/audit.rules"

  - name: Declare found syscalls
    ansible.builtin.set_fact: syscalls_found="{{ find_command.results | selectattr('matched')
      | map(attribute='item') | list }}"

  - name: Declare missing syscalls
    ansible.builtin.set_fact: missing_syscalls="{{ syscalls | difference(syscalls_found)
      }}"

  - name: Replace the audit rule in {{ audit_file }}
    ansible.builtin.lineinfile:
      path: '{{ audit_file }}'
      regexp: (-a always,exit)(?=.*(?:(?:-S |,)(?:{{ syscalls_found | join("|") }}))\b)((?:(
        -S |,)\w+)+)( -F path=/usr/sbin/userhelper -F perm=x -F auid&gt;=1000 -F auid!=unset
        (?:-k |-F key=)\w+)
      line: \1\2\3{{ missing_syscalls | join("\3") }}\4
      backrefs: true
      state: present
      mode: g-rwx,o-rwx
    when: syscalls_found | length &gt; 0 and missing_syscalls | length &gt; 0

  - name: Add the audit rule to {{ audit_file }}
    ansible.builtin.lineinfile:
      path: '{{ audit_file }}'
      line: -a always,exit{{ syscalls | join(',') }} -F path=/usr/sbin/userhelper
        -F perm=x -F auid&gt;=1000 -F auid!=unset -F key=privileged
      create: true
      mode: g-rwx,o-rwx
      state: present
    when: syscalls_found | length == 0
  when:
  - '"audit" in ansible_facts.packages'
  - ("kernel-default" in ansible_facts.packages or "kernel-default-base" in ansible_facts.packages)
  tags:
  - CCE-85773-0
  - NIST-800-171-3.1.7
  - NIST-800-53-AC-6(9)
  - NIST-800-53-AU-12(c)
  - NIST-800-53-AU-2(d)
  - NIST-800-53-CM-6(a)
  - audit_rules_privileged_commands_userhelper
  - low_complexity
  - low_disruption
  - medium_severity
  - no_reboot_needed
  - restrict_strategy
</fix>
          <check system="http://oval.mitre.org/XMLSchema/oval-definitions-5">
            <check-content-ref name="oval:ssg-audit_rules_privileged_commands_userhelper:def:1" href="ssg-sle15-oval.xml"/>
          </check>
          <check system="http://scap.nist.gov/schema/ocil/2">
            <check-content-ref name="ocil:ssg-audit_rules_privileged_commands_userhelper_ocil:questionnaire:1" href="ssg-sle15-ocil.xml"/>
          </check>
        </Rule>
        <Rule id="xccdf_org.ssgproject.content_rule_audit_rules_privileged_commands_usermod" selected="false" role="full" severity="medium">
          <title xmlns:xhtml="http://www.w3.org/1999/xhtml" xml:lang="en-US">Ensure auditd Collects Information on the Use of Privileged Commands - usermod</title>
          <description xmlns:xhtml="http://www.w3.org/1999/xhtml" xml:lang="en-US">


At a minimum, the audit system should collect the execution of privileged
commands for all users and root.

If the <html:code xmlns:html="http://www.w3.org/1999/xhtml">auditd</html:code> daemon is configured to use the <html:code xmlns:html="http://www.w3.org/1999/xhtml">augenrules</html:code>
program to read audit rules during daemon startup (the default), add
a line of the following form to a file with suffix <html:code xmlns:html="http://www.w3.org/1999/xhtml">.rules</html:code>
in the directory <html:code xmlns:html="http://www.w3.org/1999/xhtml">/etc/audit/rules.d</html:code>:
<html:pre xmlns:html="http://www.w3.org/1999/xhtml">-a always,exit -F path=/usr/sbin/usermod -F perm=x -F auid&gt;=1000 -F auid!=unset -F key=privileged</html:pre>

If the <html:code xmlns:html="http://www.w3.org/1999/xhtml">auditd</html:code> daemon is configured to use the <html:code xmlns:html="http://www.w3.org/1999/xhtml">auditctl</html:code>
utility to read audit rules during daemon startup, add a line of the
following form to <html:code xmlns:html="http://www.w3.org/1999/xhtml">/etc/audit/audit.rules</html:code>:
<html:pre xmlns:html="http://www.w3.org/1999/xhtml">-a always,exit -F path=/usr/sbin/usermod -F perm=x -F auid&gt;=1000 -F auid!=unset -F key=privileged</html:pre>
       </description>
          <reference href="https://www.cyber.mil/stigs/downloads/?_dl_facet_stigs=operating-systems%2Cgeneral-purpose-os">SRG-OS-000037-GPOS-00015</reference>
          <reference href="https://www.cyber.mil/stigs/downloads/?_dl_facet_stigs=operating-systems%2Cgeneral-purpose-os">SRG-OS-000042-GPOS-00020</reference>
          <reference href="https://www.cyber.mil/stigs/downloads/?_dl_facet_stigs=operating-systems%2Cgeneral-purpose-os">SRG-OS-000062-GPOS-00031</reference>
          <reference href="https://www.cyber.mil/stigs/downloads/?_dl_facet_stigs=operating-systems%2Cgeneral-purpose-os">SRG-OS-000392-GPOS-00172</reference>
          <reference href="https://www.cyber.mil/stigs/downloads/?_dl_facet_stigs=operating-systems%2Cgeneral-purpose-os">SRG-OS-000462-GPOS-00206</reference>
          <reference href="https://www.cyber.mil/stigs/downloads/?_dl_facet_stigs=operating-systems%2Cgeneral-purpose-os">SRG-OS-000471-GPOS-00215</reference>
          <reference href="https://www.cyber.mil/stigs/downloads/?_dl_facet_stigs=operating-systems%2Cgeneral-purpose-os">SRG-OS-000466-GPOS-00210</reference>
          <reference href="https://www.cyber.mil/stigs/downloads/?_dl_facet_stigs=app-security">SRG-APP-000495-CTR-001235</reference>
          <reference href="https://www.cyber.mil/stigs/downloads/?_dl_facet_stigs=app-security">SRG-APP-000499-CTR-001255</reference>
          <reference href="https://www.cyber.mil/stigs/downloads/?_dl_facet_stigs=operating-systems%2Cunix-linux">SLES-15-030500</reference>
          <reference href="not_publicly_available">SLES-15-750450390</reference>
          <reference href="https://www.cyber.mil/stigs/srg-stig-tools/">SV-234949r958412_rule</reference>
          <rationale xmlns:xhtml="http://www.w3.org/1999/xhtml" xml:lang="en-US">Misuse of privileged functions, either intentionally or unintentionally by
authorized users, or by unauthorized external entities that have compromised system accounts,
is a serious and ongoing concern and can have significant adverse impacts on organizations.
Auditing the use of privileged functions is one way to detect such misuse and identify
the risk from insider and advanced persistent threats.
<html:br xmlns:html="http://www.w3.org/1999/xhtml"/>
        <html:br xmlns:html="http://www.w3.org/1999/xhtml"/>
Privileged programs are subject to escalation-of-privilege attacks,
which attempt to subvert their normal role of providing some necessary but
limited capability. As such, motivation exists to monitor these programs for
unusual activity.</rationale>
          <ident system="https://ncp.nist.gov/cce">CCE-85600-5</ident>
          <fix xmlns:xhtml="http://www.w3.org/1999/xhtml" id="audit_rules_privileged_commands_usermod" system="urn:xccdf:fix:script:sh"># Remediation is applicable only in certain platforms
if rpm --quiet -q audit &amp;&amp; rpm --quiet -q kernel-default || rpm --quiet -q kernel-default-base; then

# Retrieve hardware architecture of the underlying system
OTHER_FILTERS="-F path=/usr/sbin/usermod -F perm=x"
AUID_FILTERS="-F auid&gt;=1000 -F auid!=unset"
SYSCALL=""
KEY="privileged"
SYSCALL_GROUPING=""


ACTION_ARCH_FILTERS="-a always,exit"
# Perform the remediation for both possible tools: 'auditctl' and 'augenrules'
unset syscall_a
unset syscall_grouping
unset syscall_string
unset syscall
unset file_to_edit
unset rule_to_edit
unset rule_syscalls_to_edit
unset other_string
unset auid_string
unset full_rule

# Load macro arguments into arrays
read -a syscall_a &lt;&lt;&lt; $SYSCALL
read -a syscall_grouping &lt;&lt;&lt; $SYSCALL_GROUPING

# Create a list of audit *.rules files that should be inspected for presence and correctness
# of a particular audit rule. The scheme is as follows:
#
# -----------------------------------------------------------------------------------------
#  Tool used to load audit rules | Rule already defined  |  Audit rules file to inspect    |
# -----------------------------------------------------------------------------------------
#        auditctl                |     Doesn't matter    |  /etc/audit/audit.rules         |
# -----------------------------------------------------------------------------------------
#        augenrules              |          Yes          |  /etc/audit/rules.d/*.rules     |
#        augenrules              |          No           |  /etc/audit/rules.d/$key.rules  |
# -----------------------------------------------------------------------------------------
#
files_to_inspect=()

# If audit tool is 'augenrules', then check if the audit rule is defined
# If rule is defined, add '/etc/audit/rules.d/*.rules' to the list for inspection
# If rule isn't defined yet, add '/etc/audit/rules.d/$key.rules' to the list for inspection
default_file="/etc/audit/rules.d/$KEY.rules"
# As other_filters may include paths, lets use a different delimiter for it
# The "F" script expression tells sed to print the filenames where the expressions matched
readarray -t files_to_inspect &lt; &lt;(sed -s -n -e "/^$ACTION_ARCH_FILTERS/!d" -e "\#$OTHER_FILTERS#!d" -e "/$AUID_FILTERS/!d" -e "F" /etc/audit/rules.d/*.rules)
# Case when particular rule isn't defined in /etc/audit/rules.d/*.rules yet
if [ ${#files_to_inspect[@]} -eq "0" ]
then
    file_to_inspect="/etc/audit/rules.d/$KEY.rules"
    files_to_inspect=("$file_to_inspect")
    if [ ! -e "$file_to_inspect" ]
    then
        touch "$file_to_inspect"
        chmod 0600 "$file_to_inspect"
    fi
fi

# After converting to jinja, we cannot return; therefore we skip the rest of the macro if needed instead
skip=1

for audit_file in "${files_to_inspect[@]}"
do
    # Filter existing $audit_file rules' definitions to select those that satisfy the rule pattern,
    # i.e, collect rules that match:
    # * the action, list and arch, (2-nd argument)
    # * the other filters, (3-rd argument)
    # * the auid filters, (4-rd argument)
    readarray -t similar_rules &lt; &lt;(sed -e "/^$ACTION_ARCH_FILTERS/!d"  -e "\#$OTHER_FILTERS#!d" -e "/$AUID_FILTERS/!d" "$audit_file")

    candidate_rules=()
    # Filter out rules that have more fields then required. This will remove rules more specific than the required scope
    for s_rule in "${similar_rules[@]}"
    do
        # Strip all the options and fields we know of,
        # than check if there was any field left over
        extra_fields=$(sed -E -e "s/^$ACTION_ARCH_FILTERS//"  -e "s#$OTHER_FILTERS##" -e "s/$AUID_FILTERS//" -e "s/((:?-S [[:alnum:],]+)+)//g" -e "s/-F key=\w+|-k \w+//"&lt;&lt;&lt; "$s_rule")
        grep -q -- "-F" &lt;&lt;&lt; "$extra_fields" || candidate_rules+=("$s_rule")
    done

    if [[ ${#syscall_a[@]} -ge 1 ]]
    then
        # Check if the syscall we want is present in any of the similar existing rules
        for rule in "${candidate_rules[@]}"
        do
            rule_syscalls=$(echo "$rule" | grep -o -P '(-S [\w,]+)+' | xargs)
            all_syscalls_found=0
            for syscall in "${syscall_a[@]}"
            do
                grep -q -- "\b${syscall}\b" &lt;&lt;&lt; "$rule_syscalls" || {
                   # A syscall was not found in the candidate rule
                   all_syscalls_found=1
                   }
            done
            if [[ $all_syscalls_found -eq 0 ]]
            then
                # We found a rule with all the syscall(s) we want; skip rest of macro
                skip=0
                break
            fi

            # Check if this rule can be grouped with our target syscall and keep track of it
            for syscall_g in "${syscall_grouping[@]}"
            do
                if grep -q -- "\b${syscall_g}\b" &lt;&lt;&lt; "$rule_syscalls"
                then
                    file_to_edit=${audit_file}
                    rule_to_edit=${rule}
                    rule_syscalls_to_edit=${rule_syscalls}
                fi
            done
        done
    else
        # If there is any candidate rule, it is compliant; skip rest of macro
        if [ "${#candidate_rules[@]}" -gt 0 ]
        then
            skip=0
        fi
    fi

    if [ "$skip" -eq 0 ]; then
        break
    fi
done

if [ "$skip" -ne 0 ]; then
    # We checked all rules that matched the expected resemblance pattern (action, arch &amp; auid)
    # At this point we know if we need to either append the $full_rule or group
    # the syscall together with an exsiting rule

    # Append the full_rule if it cannot be grouped to any other rule
    if [ -z ${rule_to_edit+x} ]
    then
        # Build full_rule while avoid adding double spaces when other_filters is empty
        if [ "${#syscall_a[@]}" -gt 0 ]
        then
            syscall_string=""
            for syscall in "${syscall_a[@]}"
            do
                syscall_string+=" -S $syscall"
            done
        fi
        other_string=$([[ $OTHER_FILTERS ]] &amp;&amp; echo " $OTHER_FILTERS") || /bin/true
        auid_string=$([[ $AUID_FILTERS ]] &amp;&amp; echo " $AUID_FILTERS") || /bin/true
        full_rule="$ACTION_ARCH_FILTERS${syscall_string}${other_string}${auid_string} -F key=$KEY" || /bin/true
        echo "$full_rule" &gt;&gt; "$default_file"
        chmod 0600 ${default_file}
    else
        # Check if the syscalls are declared as a comma separated list or
        # as multiple -S parameters
        if grep -q -- "," &lt;&lt;&lt; "${rule_syscalls_to_edit}"
        then
            delimiter=","
        else
            delimiter=" -S "
        fi
        new_grouped_syscalls="${rule_syscalls_to_edit}"
        for syscall in "${syscall_a[@]}"
        do
            grep -q -- "\b${syscall}\b" &lt;&lt;&lt; "${rule_syscalls_to_edit}" || {
               # A syscall was not found in the candidate rule
               new_grouped_syscalls+="${delimiter}${syscall}"
               }
        done

        # Group the syscall in the rule
        sed -i -e "\#${rule_to_edit}#s#${rule_syscalls_to_edit}#${new_grouped_syscalls}#" "$file_to_edit"
    fi
fi
unset syscall_a
unset syscall_grouping
unset syscall_string
unset syscall
unset file_to_edit
unset rule_to_edit
unset rule_syscalls_to_edit
unset other_string
unset auid_string
unset full_rule

# Load macro arguments into arrays
read -a syscall_a &lt;&lt;&lt; $SYSCALL
read -a syscall_grouping &lt;&lt;&lt; $SYSCALL_GROUPING

# Create a list of audit *.rules files that should be inspected for presence and correctness
# of a particular audit rule. The scheme is as follows:
#
# -----------------------------------------------------------------------------------------
#  Tool used to load audit rules | Rule already defined  |  Audit rules file to inspect    |
# -----------------------------------------------------------------------------------------
#        auditctl                |     Doesn't matter    |  /etc/audit/audit.rules         |
# -----------------------------------------------------------------------------------------
#        augenrules              |          Yes          |  /etc/audit/rules.d/*.rules     |
#        augenrules              |          No           |  /etc/audit/rules.d/$key.rules  |
# -----------------------------------------------------------------------------------------
#
files_to_inspect=()


# If audit tool is 'auditctl', then add '/etc/audit/audit.rules'
# file to the list of files to be inspected
default_file="/etc/audit/audit.rules"
files_to_inspect+=('/etc/audit/audit.rules' )

# After converting to jinja, we cannot return; therefore we skip the rest of the macro if needed instead
skip=1

for audit_file in "${files_to_inspect[@]}"
do
    # Filter existing $audit_file rules' definitions to select those that satisfy the rule pattern,
    # i.e, collect rules that match:
    # * the action, list and arch, (2-nd argument)
    # * the other filters, (3-rd argument)
    # * the auid filters, (4-rd argument)
    readarray -t similar_rules &lt; &lt;(sed -e "/^$ACTION_ARCH_FILTERS/!d"  -e "\#$OTHER_FILTERS#!d" -e "/$AUID_FILTERS/!d" "$audit_file")

    candidate_rules=()
    # Filter out rules that have more fields then required. This will remove rules more specific than the required scope
    for s_rule in "${similar_rules[@]}"
    do
        # Strip all the options and fields we know of,
        # than check if there was any field left over
        extra_fields=$(sed -E -e "s/^$ACTION_ARCH_FILTERS//"  -e "s#$OTHER_FILTERS##" -e "s/$AUID_FILTERS//" -e "s/((:?-S [[:alnum:],]+)+)//g" -e "s/-F key=\w+|-k \w+//"&lt;&lt;&lt; "$s_rule")
        grep -q -- "-F" &lt;&lt;&lt; "$extra_fields" || candidate_rules+=("$s_rule")
    done

    if [[ ${#syscall_a[@]} -ge 1 ]]
    then
        # Check if the syscall we want is present in any of the similar existing rules
        for rule in "${candidate_rules[@]}"
        do
            rule_syscalls=$(echo "$rule" | grep -o -P '(-S [\w,]+)+' | xargs)
            all_syscalls_found=0
            for syscall in "${syscall_a[@]}"
            do
                grep -q -- "\b${syscall}\b" &lt;&lt;&lt; "$rule_syscalls" || {
                   # A syscall was not found in the candidate rule
                   all_syscalls_found=1
                   }
            done
            if [[ $all_syscalls_found -eq 0 ]]
            then
                # We found a rule with all the syscall(s) we want; skip rest of macro
                skip=0
                break
            fi

            # Check if this rule can be grouped with our target syscall and keep track of it
            for syscall_g in "${syscall_grouping[@]}"
            do
                if grep -q -- "\b${syscall_g}\b" &lt;&lt;&lt; "$rule_syscalls"
                then
                    file_to_edit=${audit_file}
                    rule_to_edit=${rule}
                    rule_syscalls_to_edit=${rule_syscalls}
                fi
            done
        done
    else
        # If there is any candidate rule, it is compliant; skip rest of macro
        if [ "${#candidate_rules[@]}" -gt 0 ]
        then
            skip=0
        fi
    fi

    if [ "$skip" -eq 0 ]; then
        break
    fi
done

if [ "$skip" -ne 0 ]; then
    # We checked all rules that matched the expected resemblance pattern (action, arch &amp; auid)
    # At this point we know if we need to either append the $full_rule or group
    # the syscall together with an exsiting rule

    # Append the full_rule if it cannot be grouped to any other rule
    if [ -z ${rule_to_edit+x} ]
    then
        # Build full_rule while avoid adding double spaces when other_filters is empty
        if [ "${#syscall_a[@]}" -gt 0 ]
        then
            syscall_string=""
            for syscall in "${syscall_a[@]}"
            do
                syscall_string+=" -S $syscall"
            done
        fi
        other_string=$([[ $OTHER_FILTERS ]] &amp;&amp; echo " $OTHER_FILTERS") || /bin/true
        auid_string=$([[ $AUID_FILTERS ]] &amp;&amp; echo " $AUID_FILTERS") || /bin/true
        full_rule="$ACTION_ARCH_FILTERS${syscall_string}${other_string}${auid_string} -F key=$KEY" || /bin/true
        echo "$full_rule" &gt;&gt; "$default_file"
        chmod 0600 ${default_file}
    else
        # Check if the syscalls are declared as a comma separated list or
        # as multiple -S parameters
        if grep -q -- "," &lt;&lt;&lt; "${rule_syscalls_to_edit}"
        then
            delimiter=","
        else
            delimiter=" -S "
        fi
        new_grouped_syscalls="${rule_syscalls_to_edit}"
        for syscall in "${syscall_a[@]}"
        do
            grep -q -- "\b${syscall}\b" &lt;&lt;&lt; "${rule_syscalls_to_edit}" || {
               # A syscall was not found in the candidate rule
               new_grouped_syscalls+="${delimiter}${syscall}"
               }
        done

        # Group the syscall in the rule
        sed -i -e "\#${rule_to_edit}#s#${rule_syscalls_to_edit}#${new_grouped_syscalls}#" "$file_to_edit"
    fi
fi

else
    &gt;&amp;2 echo 'Remediation is not applicable, nothing was done'
fi
</fix>
          <fix xmlns:xhtml="http://www.w3.org/1999/xhtml" id="audit_rules_privileged_commands_usermod" system="urn:xccdf:fix:script:ansible" complexity="low" disruption="low" strategy="restrict">- name: Gather the package facts
  package_facts:
    manager: auto
  tags:
  - CCE-85600-5
  - DISA-STIG-SLES-15-030500
  - audit_rules_privileged_commands_usermod
  - low_complexity
  - low_disruption
  - medium_severity
  - no_reboot_needed
  - restrict_strategy

- name: Ensure auditd Collects Information on the Use of Privileged Commands - usermod
    - Perform remediation of Audit rules for /usr/sbin/usermod
  block:

  - name: Declare list of syscalls
    ansible.builtin.set_fact:
      syscalls: []
      syscall_grouping: []

  - name: Check existence of  in /etc/audit/rules.d/
    ansible.builtin.find:
      paths: /etc/audit/rules.d
      contains: -a always,exit(( -S |,)\w+)*(( -S |,){{ item }})+(( -S |,)\w+)* -F
        path=/usr/sbin/usermod -F perm=x -F auid&gt;=1000 -F auid!=unset (-k\s+|-F\s+key=)\S+\s*$
      patterns: '*.rules'
    register: find_command
    loop: '{{ (syscall_grouping + syscalls) | unique }}'

  - name: Reset syscalls found per file
    ansible.builtin.set_fact:
      syscalls_per_file: {}
      found_paths_dict: {}

  - name: Declare syscalls found per file
    ansible.builtin.set_fact: syscalls_per_file="{{ syscalls_per_file | combine( {item.files[0].path
      :[item.item] + syscalls_per_file.get(item.files[0].path, []) } ) }}"
    loop: '{{ find_command.results | selectattr(''matched'') | list }}'

  - name: Declare files where syscalls were found
    ansible.builtin.set_fact: found_paths="{{ find_command.results | map(attribute='files')
      | flatten | map(attribute='path') | list }}"

  - name: Count occurrences of syscalls in paths
    ansible.builtin.set_fact: found_paths_dict="{{ found_paths_dict | combine({ item:1+found_paths_dict.get(item,
      0) }) }}"
    loop: '{{ find_command.results | map(attribute=''files'') | flatten | map(attribute=''path'')
      | list }}'

  - name: Get path with most syscalls
    ansible.builtin.set_fact: audit_file="{{ (found_paths_dict | dict2items() | sort(attribute='value')
      | last).key }}"
    when: found_paths | length &gt;= 1

  - name: No file with syscall found, set path to /etc/audit/rules.d/privileged.rules
    ansible.builtin.set_fact: audit_file="/etc/audit/rules.d/privileged.rules"
    when: found_paths | length == 0

  - name: Declare found syscalls
    ansible.builtin.set_fact: syscalls_found="{{ find_command.results | selectattr('matched')
      | map(attribute='item') | list }}"

  - name: Declare missing syscalls
    ansible.builtin.set_fact: missing_syscalls="{{ syscalls | difference(syscalls_found)
      }}"

  - name: Replace the audit rule in {{ audit_file }}
    ansible.builtin.lineinfile:
      path: '{{ audit_file }}'
      regexp: (-a always,exit)(?=.*(?:(?:-S |,)(?:{{ syscalls_per_file[audit_file]
        | join("|") }}))\b)((?:( -S |,)\w+)+)( -F path=/usr/sbin/usermod -F perm=x
        -F auid&gt;=1000 -F auid!=unset (?:-k |-F key=)\w+)
      line: \1\2\3{{ missing_syscalls | join("\3") }}\4
      backrefs: true
      state: present
      mode: g-rwx,o-rwx
    when: syscalls_found | length &gt; 0 and missing_syscalls | length &gt; 0

  - name: Add the audit rule to {{ audit_file }}
    ansible.builtin.lineinfile:
      path: '{{ audit_file }}'
      line: -a always,exit{{ syscalls | join(',') }} -F path=/usr/sbin/usermod -F
        perm=x -F auid&gt;=1000 -F auid!=unset -F key=privileged
      create: true
      mode: g-rwx,o-rwx
      state: present
    when: syscalls_found | length == 0

  - name: Declare list of syscalls
    ansible.builtin.set_fact:
      syscalls: []
      syscall_grouping: []

  - name: Check existence of  in /etc/audit/audit.rules
    ansible.builtin.find:
      paths: /etc/audit
      contains: -a always,exit(( -S |,)\w+)*(( -S |,){{ item }})+(( -S |,)\w+)* -F
        path=/usr/sbin/usermod -F perm=x -F auid&gt;=1000 -F auid!=unset (-k\s+|-F\s+key=)\S+\s*$
      patterns: audit.rules
    register: find_command
    loop: '{{ (syscall_grouping + syscalls) | unique }}'

  - name: Set path to /etc/audit/audit.rules
    ansible.builtin.set_fact: audit_file="/etc/audit/audit.rules"

  - name: Declare found syscalls
    ansible.builtin.set_fact: syscalls_found="{{ find_command.results | selectattr('matched')
      | map(attribute='item') | list }}"

  - name: Declare missing syscalls
    ansible.builtin.set_fact: missing_syscalls="{{ syscalls | difference(syscalls_found)
      }}"

  - name: Replace the audit rule in {{ audit_file }}
    ansible.builtin.lineinfile:
      path: '{{ audit_file }}'
      regexp: (-a always,exit)(?=.*(?:(?:-S |,)(?:{{ syscalls_found | join("|") }}))\b)((?:(
        -S |,)\w+)+)( -F path=/usr/sbin/usermod -F perm=x -F auid&gt;=1000 -F auid!=unset
        (?:-k |-F key=)\w+)
      line: \1\2\3{{ missing_syscalls | join("\3") }}\4
      backrefs: true
      state: present
      mode: g-rwx,o-rwx
    when: syscalls_found | length &gt; 0 and missing_syscalls | length &gt; 0

  - name: Add the audit rule to {{ audit_file }}
    ansible.builtin.lineinfile:
      path: '{{ audit_file }}'
      line: -a always,exit{{ syscalls | join(',') }} -F path=/usr/sbin/usermod -F
        perm=x -F auid&gt;=1000 -F auid!=unset -F key=privileged
      create: true
      mode: g-rwx,o-rwx
      state: present
    when: syscalls_found | length == 0
  when:
  - '"audit" in ansible_facts.packages'
  - ("kernel-default" in ansible_facts.packages or "kernel-default-base" in ansible_facts.packages)
  tags:
  - CCE-85600-5
  - DISA-STIG-SLES-15-030500
  - audit_rules_privileged_commands_usermod
  - low_complexity
  - low_disruption
  - medium_severity
  - no_reboot_needed
  - restrict_strategy
</fix>
          <check system="http://oval.mitre.org/XMLSchema/oval-definitions-5">
            <check-content-ref name="oval:ssg-audit_rules_privileged_commands_usermod:def:1" href="ssg-sle15-oval.xml"/>
          </check>
          <check system="http://scap.nist.gov/schema/ocil/2">
            <check-content-ref name="ocil:ssg-audit_rules_privileged_commands_usermod_ocil:questionnaire:1" href="ssg-sle15-ocil.xml"/>
          </check>
        </Rule>
      </Group>
      <Group id="xccdf_org.ssgproject.content_group_audit_time_rules">
        <title xmlns:xhtml="http://www.w3.org/1999/xhtml" xml:lang="en-US">Records Events that Modify Date and Time Information</title>
        <description xmlns:xhtml="http://www.w3.org/1999/xhtml" xml:lang="en-US">Arbitrary changes to the system time can be used to obfuscate
nefarious activities in log files, as well as to confuse network services that
are highly dependent upon an accurate system time. All changes to the system
time should be audited.</description>
        <Rule id="xccdf_org.ssgproject.content_rule_audit_rules_time_adjtimex" selected="false" role="full" severity="medium">
          <title xmlns:xhtml="http://www.w3.org/1999/xhtml" xml:lang="en-US">Record attempts to alter time through adjtimex</title>
          <description xmlns:xhtml="http://www.w3.org/1999/xhtml" xml:lang="en-US">If the <html:code xmlns:html="http://www.w3.org/1999/xhtml">auditd</html:code> daemon is configured to use the
<html:code xmlns:html="http://www.w3.org/1999/xhtml">augenrules</html:code> program to read audit rules during daemon startup (the
default), add the following line to a file with suffix <html:code xmlns:html="http://www.w3.org/1999/xhtml">.rules</html:code> in the
directory <html:code xmlns:html="http://www.w3.org/1999/xhtml">/etc/audit/rules.d</html:code>:
<html:pre xmlns:html="http://www.w3.org/1999/xhtml">-a always,exit -F arch=b32 -S adjtimex -F key=audit_time_rules</html:pre>
If the system is 64 bit then also add the following line:
<html:pre xmlns:html="http://www.w3.org/1999/xhtml">-a always,exit -F arch=b64 -S adjtimex -F key=audit_time_rules</html:pre>
If the <html:code xmlns:html="http://www.w3.org/1999/xhtml">auditd</html:code> daemon is configured to use the <html:code xmlns:html="http://www.w3.org/1999/xhtml">auditctl</html:code>
utility to read audit rules during daemon startup, add the following line to
<html:code xmlns:html="http://www.w3.org/1999/xhtml">/etc/audit/audit.rules</html:code> file:
<html:pre xmlns:html="http://www.w3.org/1999/xhtml">-a always,exit -F arch=b32 -S adjtimex -F key=audit_time_rules</html:pre>
If the system is 64 bit then also add the following line:
<html:pre xmlns:html="http://www.w3.org/1999/xhtml">-a always,exit -F arch=b64 -S adjtimex -F key=audit_time_rules</html:pre>
The -k option allows for the specification of a key in string form that can be
used for better reporting capability through ausearch and aureport. Multiple
system calls can be defined on the same line to save space if desired, but is
not required. See an example of multiple combined syscalls:
<html:pre xmlns:html="http://www.w3.org/1999/xhtml">-a always,exit -F arch=b64 -S adjtimex,settimeofday -F key=audit_time_rules</html:pre>
       </description>
          <reference href="https://www.cisecurity.org/controls/">1</reference>
          <reference href="https://www.cisecurity.org/controls/">11</reference>
          <reference href="https://www.cisecurity.org/controls/">12</reference>
          <reference href="https://www.cisecurity.org/controls/">13</reference>
          <reference href="https://www.cisecurity.org/controls/">14</reference>
          <reference href="https://www.cisecurity.org/controls/">15</reference>
          <reference href="https://www.cisecurity.org/controls/">16</reference>
          <reference href="https://www.cisecurity.org/controls/">19</reference>
          <reference href="https://www.cisecurity.org/controls/">2</reference>
          <reference href="https://www.cisecurity.org/controls/">3</reference>
          <reference href="https://www.cisecurity.org/controls/">4</reference>
          <reference href="https://www.cisecurity.org/controls/">5</reference>
          <reference href="https://www.cisecurity.org/controls/">6</reference>
          <reference href="https://www.cisecurity.org/controls/">7</reference>
          <reference href="https://www.cisecurity.org/controls/">8</reference>
          <reference href="https://www.cisecurity.org/controls/">9</reference>
          <reference href="https://www.fbi.gov/file-repository/cjis-security-policy-v5_5_20160601-2-1.pdf">5.4.1.1</reference>
          <reference href="https://www.isaca.org/resources/cobit">APO10.01</reference>
          <reference href="https://www.isaca.org/resources/cobit">APO10.03</reference>
          <reference href="https://www.isaca.org/resources/cobit">APO10.04</reference>
          <reference href="https://www.isaca.org/resources/cobit">APO10.05</reference>
          <reference href="https://www.isaca.org/resources/cobit">APO11.04</reference>
          <reference href="https://www.isaca.org/resources/cobit">APO12.06</reference>
          <reference href="https://www.isaca.org/resources/cobit">APO13.01</reference>
          <reference href="https://www.isaca.org/resources/cobit">BAI03.05</reference>
          <reference href="https://www.isaca.org/resources/cobit">BAI08.02</reference>
          <reference href="https://www.isaca.org/resources/cobit">DSS01.03</reference>
          <reference href="https://www.isaca.org/resources/cobit">DSS01.04</reference>
          <reference href="https://www.isaca.org/resources/cobit">DSS02.02</reference>
          <reference href="https://www.isaca.org/resources/cobit">DSS02.04</reference>
          <reference href="https://www.isaca.org/resources/cobit">DSS02.07</reference>
          <reference href="https://www.isaca.org/resources/cobit">DSS03.01</reference>
          <reference href="https://www.isaca.org/resources/cobit">DSS03.05</reference>
          <reference href="https://www.isaca.org/resources/cobit">DSS05.02</reference>
          <reference href="https://www.isaca.org/resources/cobit">DSS05.03</reference>
          <reference href="https://www.isaca.org/resources/cobit">DSS05.04</reference>
          <reference href="https://www.isaca.org/resources/cobit">DSS05.05</reference>
          <reference href="https://www.isaca.org/resources/cobit">DSS05.07</reference>
          <reference href="https://www.isaca.org/resources/cobit">MEA01.01</reference>
          <reference href="https://www.isaca.org/resources/cobit">MEA01.02</reference>
          <reference href="https://www.isaca.org/resources/cobit">MEA01.03</reference>
          <reference href="https://www.isaca.org/resources/cobit">MEA01.04</reference>
          <reference href="https://www.isaca.org/resources/cobit">MEA01.05</reference>
          <reference href="https://www.isaca.org/resources/cobit">MEA02.01</reference>
          <reference href="http://nvlpubs.nist.gov/nistpubs/SpecialPublications/NIST.SP.800-171.pdf">3.1.7</reference>
          <reference href="https://www.gpo.gov/fdsys/pkg/CFR-2007-title45-vol1/pdf/CFR-2007-title45-vol1-chapA-subchapC.pdf">164.308(a)(1)(ii)(D)</reference>
          <reference href="https://www.gpo.gov/fdsys/pkg/CFR-2007-title45-vol1/pdf/CFR-2007-title45-vol1-chapA-subchapC.pdf">164.308(a)(3)(ii)(A)</reference>
          <reference href="https://www.gpo.gov/fdsys/pkg/CFR-2007-title45-vol1/pdf/CFR-2007-title45-vol1-chapA-subchapC.pdf">164.308(a)(5)(ii)(C)</reference>
          <reference href="https://www.gpo.gov/fdsys/pkg/CFR-2007-title45-vol1/pdf/CFR-2007-title45-vol1-chapA-subchapC.pdf">164.312(a)(2)(i)</reference>
          <reference href="https://www.gpo.gov/fdsys/pkg/CFR-2007-title45-vol1/pdf/CFR-2007-title45-vol1-chapA-subchapC.pdf">164.312(b)</reference>
          <reference href="https://www.gpo.gov/fdsys/pkg/CFR-2007-title45-vol1/pdf/CFR-2007-title45-vol1-chapA-subchapC.pdf">164.312(d)</reference>
          <reference href="https://www.gpo.gov/fdsys/pkg/CFR-2007-title45-vol1/pdf/CFR-2007-title45-vol1-chapA-subchapC.pdf">164.312(e)</reference>
          <reference href="https://www.isa.org/products/isa-62443-2-1-2009-security-for-industrial-automat">4.2.3.10</reference>
          <reference href="https://www.isa.org/products/isa-62443-2-1-2009-security-for-industrial-automat">4.3.2.6.7</reference>
          <reference href="https://www.isa.org/products/isa-62443-2-1-2009-security-for-industrial-automat">4.3.3.3.9</reference>
          <reference href="https://www.isa.org/products/isa-62443-2-1-2009-security-for-industrial-automat">4.3.3.5.8</reference>
          <reference href="https://www.isa.org/products/isa-62443-2-1-2009-security-for-industrial-automat">4.3.3.6.6</reference>
          <reference href="https://www.isa.org/products/isa-62443-2-1-2009-security-for-industrial-automat">4.3.4.4.7</reference>
          <reference href="https://www.isa.org/products/isa-62443-2-1-2009-security-for-industrial-automat">4.3.4.5.6</reference>
          <reference href="https://www.isa.org/products/isa-62443-2-1-2009-security-for-industrial-automat">4.3.4.5.7</reference>
          <reference href="https://www.isa.org/products/isa-62443-2-1-2009-security-for-industrial-automat">4.3.4.5.8</reference>
          <reference href="https://www.isa.org/products/isa-62443-2-1-2009-security-for-industrial-automat">4.4.2.1</reference>
          <reference href="https://www.isa.org/products/isa-62443-2-1-2009-security-for-industrial-automat">4.4.2.2</reference>
          <reference href="https://www.isa.org/products/isa-62443-2-1-2009-security-for-industrial-automat">4.4.2.4</reference>
          <reference href="https://www.isa.org/products/ansi-isa-62443-3-3-99-03-03-2013-security-for-indu">SR 1.13</reference>
          <reference href="https://www.isa.org/products/ansi-isa-62443-3-3-99-03-03-2013-security-for-indu">SR 2.10</reference>
          <reference href="https://www.isa.org/products/ansi-isa-62443-3-3-99-03-03-2013-security-for-indu">SR 2.11</reference>
          <reference href="https://www.isa.org/products/ansi-isa-62443-3-3-99-03-03-2013-security-for-indu">SR 2.12</reference>
          <reference href="https://www.isa.org/products/ansi-isa-62443-3-3-99-03-03-2013-security-for-indu">SR 2.6</reference>
          <reference href="https://www.isa.org/products/ansi-isa-62443-3-3-99-03-03-2013-security-for-indu">SR 2.8</reference>
          <reference href="https://www.isa.org/products/ansi-isa-62443-3-3-99-03-03-2013-security-for-indu">SR 2.9</reference>
          <reference href="https://www.isa.org/products/ansi-isa-62443-3-3-99-03-03-2013-security-for-indu">SR 3.1</reference>
          <reference href="https://www.isa.org/products/ansi-isa-62443-3-3-99-03-03-2013-security-for-indu">SR 3.5</reference>
          <reference href="https://www.isa.org/products/ansi-isa-62443-3-3-99-03-03-2013-security-for-indu">SR 3.8</reference>
          <reference href="https://www.isa.org/products/ansi-isa-62443-3-3-99-03-03-2013-security-for-indu">SR 4.1</reference>
          <reference href="https://www.isa.org/products/ansi-isa-62443-3-3-99-03-03-2013-security-for-indu">SR 4.3</reference>
          <reference href="https://www.isa.org/products/ansi-isa-62443-3-3-99-03-03-2013-security-for-indu">SR 5.1</reference>
          <reference href="https://www.isa.org/products/ansi-isa-62443-3-3-99-03-03-2013-security-for-indu">SR 5.2</reference>
          <reference href="https://www.isa.org/products/ansi-isa-62443-3-3-99-03-03-2013-security-for-indu">SR 5.3</reference>
          <reference href="https://www.isa.org/products/ansi-isa-62443-3-3-99-03-03-2013-security-for-indu">SR 6.1</reference>
          <reference href="https://www.isa.org/products/ansi-isa-62443-3-3-99-03-03-2013-security-for-indu">SR 6.2</reference>
          <reference href="https://www.isa.org/products/ansi-isa-62443-3-3-99-03-03-2013-security-for-indu">SR 7.1</reference>
          <reference href="https://www.isa.org/products/ansi-isa-62443-3-3-99-03-03-2013-security-for-indu">SR 7.6</reference>
          <reference href="https://www.iso.org/contents/data/standard/05/45/54534.html">A.11.2.6</reference>
          <reference href="https://www.iso.org/contents/data/standard/05/45/54534.html">A.12.4.1</reference>
          <reference href="https://www.iso.org/contents/data/standard/05/45/54534.html">A.12.4.2</reference>
          <reference href="https://www.iso.org/contents/data/standard/05/45/54534.html">A.12.4.3</reference>
          <reference href="https://www.iso.org/contents/data/standard/05/45/54534.html">A.12.4.4</reference>
          <reference href="https://www.iso.org/contents/data/standard/05/45/54534.html">A.12.7.1</reference>
          <reference href="https://www.iso.org/contents/data/standard/05/45/54534.html">A.13.1.1</reference>
          <reference href="https://www.iso.org/contents/data/standard/05/45/54534.html">A.13.2.1</reference>
          <reference href="https://www.iso.org/contents/data/standard/05/45/54534.html">A.14.1.3</reference>
          <reference href="https://www.iso.org/contents/data/standard/05/45/54534.html">A.14.2.7</reference>
          <reference href="https://www.iso.org/contents/data/standard/05/45/54534.html">A.15.2.1</reference>
          <reference href="https://www.iso.org/contents/data/standard/05/45/54534.html">A.15.2.2</reference>
          <reference href="https://www.iso.org/contents/data/standard/05/45/54534.html">A.16.1.4</reference>
          <reference href="https://www.iso.org/contents/data/standard/05/45/54534.html">A.16.1.5</reference>
          <reference href="https://www.iso.org/contents/data/standard/05/45/54534.html">A.16.1.7</reference>
          <reference href="https://www.iso.org/contents/data/standard/05/45/54534.html">A.6.2.1</reference>
          <reference href="https://www.iso.org/contents/data/standard/05/45/54534.html">A.6.2.2</reference>
          <reference href="http://nvlpubs.nist.gov/nistpubs/SpecialPublications/NIST.SP.800-53r4.pdf">AU-2(d)</reference>
          <reference href="http://nvlpubs.nist.gov/nistpubs/SpecialPublications/NIST.SP.800-53r4.pdf">AU-12(c)</reference>
          <reference href="http://nvlpubs.nist.gov/nistpubs/SpecialPublications/NIST.SP.800-53r4.pdf">AC-6(9)</reference>
          <reference href="http://nvlpubs.nist.gov/nistpubs/SpecialPublications/NIST.SP.800-53r4.pdf">CM-6(a)</reference>
          <reference href="https://nvlpubs.nist.gov/nistpubs/CSWP/NIST.CSWP.04162018.pdf">DE.AE-3</reference>
          <reference href="https://nvlpubs.nist.gov/nistpubs/CSWP/NIST.CSWP.04162018.pdf">DE.AE-5</reference>
          <reference href="https://nvlpubs.nist.gov/nistpubs/CSWP/NIST.CSWP.04162018.pdf">DE.CM-1</reference>
          <reference href="https://nvlpubs.nist.gov/nistpubs/CSWP/NIST.CSWP.04162018.pdf">DE.CM-3</reference>
          <reference href="https://nvlpubs.nist.gov/nistpubs/CSWP/NIST.CSWP.04162018.pdf">DE.CM-7</reference>
          <reference href="https://nvlpubs.nist.gov/nistpubs/CSWP/NIST.CSWP.04162018.pdf">ID.SC-4</reference>
          <reference href="https://nvlpubs.nist.gov/nistpubs/CSWP/NIST.CSWP.04162018.pdf">PR.AC-3</reference>
          <reference href="https://nvlpubs.nist.gov/nistpubs/CSWP/NIST.CSWP.04162018.pdf">PR.PT-1</reference>
          <reference href="https://nvlpubs.nist.gov/nistpubs/CSWP/NIST.CSWP.04162018.pdf">PR.PT-4</reference>
          <reference href="https://nvlpubs.nist.gov/nistpubs/CSWP/NIST.CSWP.04162018.pdf">RS.AN-1</reference>
          <reference href="https://nvlpubs.nist.gov/nistpubs/CSWP/NIST.CSWP.04162018.pdf">RS.AN-4</reference>
          <reference href="https://www.pcisecuritystandards.org/documents/PCI_DSS_v3-2-1.pdf">Req-10.4.2.b</reference>
          <reference href="https://www.cisecurity.org/benchmark/suse_linux/">4.1.3</reference>
          <reference href="https://cyber.gouv.fr/sites/default/files/document/linux_configuration-en-v2.pdf">R73</reference>
          <reference href="not_publicly_available">SLES-15-750450180</reference>
          <reference href="https://www.cyber.gov.au/acsc/view-all-content/ism">0582</reference>
          <reference href="https://docs-prv.pcisecuritystandards.org/PCI%20DSS/Standard/PCI-DSS-v4_0.pdf">10.6.3</reference>
          <reference href="https://docs-prv.pcisecuritystandards.org/PCI%20DSS/Standard/PCI-DSS-v4_0.pdf">10.6</reference>
          <rationale xmlns:xhtml="http://www.w3.org/1999/xhtml" xml:lang="en-US">Arbitrary changes to the system time can be used to obfuscate
nefarious activities in log files, as well as to confuse network services that
are highly dependent upon an accurate system time (such as sshd). All changes
to the system time should be audited.</rationale>
          <ident system="https://ncp.nist.gov/cce">CCE-85814-2</ident>
          <fix xmlns:xhtml="http://www.w3.org/1999/xhtml" id="audit_rules_time_adjtimex" system="urn:xccdf:fix:script:sh"># Remediation is applicable only in certain platforms
if rpm --quiet -q audit &amp;&amp; rpm --quiet -q kernel-default || rpm --quiet -q kernel-default-base; then

# Retrieve hardware architecture of the underlying system
[ "$(getconf LONG_BIT)" = "32" ] &amp;&amp; RULE_ARCHS=("b32") || RULE_ARCHS=("b32" "b64")

for ARCH in "${RULE_ARCHS[@]}"
do
    # Create expected audit group and audit rule form for particular system call &amp; architecture
    if [ ${ARCH} = "b32" ]
    then
        ACTION_ARCH_FILTERS="-a always,exit -F arch=$ARCH"
        # stime system call is known at 32-bit arch (see e.g "$ ausyscall i386 stime" 's output)
        # so append it to the list of time group system calls to be audited
        SYSCALL="adjtimex settimeofday stime"
        SYSCALL_GROUPING="adjtimex settimeofday stime"
    elif [ ${ARCH} = "b64" ]
    then
        ACTION_ARCH_FILTERS="-a always,exit -F arch=$ARCH"
        # stime system call isn't known at 64-bit arch (see "$ ausyscall x86_64 stime" 's output)
        # therefore don't add it to the list of time group system calls to be audited
        SYSCALL="adjtimex settimeofday"
        SYSCALL_GROUPING="adjtimex settimeofday"
    fi
    OTHER_FILTERS=""
    AUID_FILTERS=""
    KEY="audit_time_rules"
    # Perform the remediation for both possible tools: 'auditctl' and 'augenrules'
    unset syscall_a
    unset syscall_grouping
    unset syscall_string
    unset syscall
    unset file_to_edit
    unset rule_to_edit
    unset rule_syscalls_to_edit
    unset other_string
    unset auid_string
    unset full_rule

    # Load macro arguments into arrays
    read -a syscall_a &lt;&lt;&lt; $SYSCALL
    read -a syscall_grouping &lt;&lt;&lt; $SYSCALL_GROUPING

    # Create a list of audit *.rules files that should be inspected for presence and correctness
    # of a particular audit rule. The scheme is as follows:
    #
    # -----------------------------------------------------------------------------------------
    #  Tool used to load audit rules | Rule already defined  |  Audit rules file to inspect    |
    # -----------------------------------------------------------------------------------------
    #        auditctl                |     Doesn't matter    |  /etc/audit/audit.rules         |
    # -----------------------------------------------------------------------------------------
    #        augenrules              |          Yes          |  /etc/audit/rules.d/*.rules     |
    #        augenrules              |          No           |  /etc/audit/rules.d/$key.rules  |
    # -----------------------------------------------------------------------------------------
    #
    files_to_inspect=()

    # If audit tool is 'augenrules', then check if the audit rule is defined
    # If rule is defined, add '/etc/audit/rules.d/*.rules' to the list for inspection
    # If rule isn't defined yet, add '/etc/audit/rules.d/$key.rules' to the list for inspection
    default_file="/etc/audit/rules.d/$KEY.rules"
    # As other_filters may include paths, lets use a different delimiter for it
    # The "F" script expression tells sed to print the filenames where the expressions matched
    readarray -t files_to_inspect &lt; &lt;(sed -s -n -e "/^$ACTION_ARCH_FILTERS/!d" -e "\#$OTHER_FILTERS#!d" -e "/$AUID_FILTERS/!d" -e "F" /etc/audit/rules.d/*.rules)
    # Case when particular rule isn't defined in /etc/audit/rules.d/*.rules yet
    if [ ${#files_to_inspect[@]} -eq "0" ]
    then
        file_to_inspect="/etc/audit/rules.d/$KEY.rules"
        files_to_inspect=("$file_to_inspect")
        if [ ! -e "$file_to_inspect" ]
        then
            touch "$file_to_inspect"
            chmod 0600 "$file_to_inspect"
        fi
    fi

    # After converting to jinja, we cannot return; therefore we skip the rest of the macro if needed instead
    skip=1

    for audit_file in "${files_to_inspect[@]}"
    do
        # Filter existing $audit_file rules' definitions to select those that satisfy the rule pattern,
        # i.e, collect rules that match:
        # * the action, list and arch, (2-nd argument)
        # * the other filters, (3-rd argument)
        # * the auid filters, (4-rd argument)
        readarray -t similar_rules &lt; &lt;(sed -e "/^$ACTION_ARCH_FILTERS/!d"  -e "\#$OTHER_FILTERS#!d" -e "/$AUID_FILTERS/!d" "$audit_file")

        candidate_rules=()
        # Filter out rules that have more fields then required. This will remove rules more specific than the required scope
        for s_rule in "${similar_rules[@]}"
        do
            # Strip all the options and fields we know of,
            # than check if there was any field left over
            extra_fields=$(sed -E -e "s/^$ACTION_ARCH_FILTERS//"  -e "s#$OTHER_FILTERS##" -e "s/$AUID_FILTERS//" -e "s/((:?-S [[:alnum:],]+)+)//g" -e "s/-F key=\w+|-k \w+//"&lt;&lt;&lt; "$s_rule")
            grep -q -- "-F" &lt;&lt;&lt; "$extra_fields" || candidate_rules+=("$s_rule")
        done

        if [[ ${#syscall_a[@]} -ge 1 ]]
        then
            # Check if the syscall we want is present in any of the similar existing rules
            for rule in "${candidate_rules[@]}"
            do
                rule_syscalls=$(echo "$rule" | grep -o -P '(-S [\w,]+)+' | xargs)
                all_syscalls_found=0
                for syscall in "${syscall_a[@]}"
                do
                    grep -q -- "\b${syscall}\b" &lt;&lt;&lt; "$rule_syscalls" || {
                       # A syscall was not found in the candidate rule
                       all_syscalls_found=1
                       }
                done
                if [[ $all_syscalls_found -eq 0 ]]
                then
                    # We found a rule with all the syscall(s) we want; skip rest of macro
                    skip=0
                    break
                fi

                # Check if this rule can be grouped with our target syscall and keep track of it
                for syscall_g in "${syscall_grouping[@]}"
                do
                    if grep -q -- "\b${syscall_g}\b" &lt;&lt;&lt; "$rule_syscalls"
                    then
                        file_to_edit=${audit_file}
                        rule_to_edit=${rule}
                        rule_syscalls_to_edit=${rule_syscalls}
                    fi
                done
            done
        else
            # If there is any candidate rule, it is compliant; skip rest of macro
            if [ "${#candidate_rules[@]}" -gt 0 ]
            then
                skip=0
            fi
        fi

        if [ "$skip" -eq 0 ]; then
            break
        fi
    done

    if [ "$skip" -ne 0 ]; then
        # We checked all rules that matched the expected resemblance pattern (action, arch &amp; auid)
        # At this point we know if we need to either append the $full_rule or group
        # the syscall together with an exsiting rule

        # Append the full_rule if it cannot be grouped to any other rule
        if [ -z ${rule_to_edit+x} ]
        then
            # Build full_rule while avoid adding double spaces when other_filters is empty
            if [ "${#syscall_a[@]}" -gt 0 ]
            then
                syscall_string=""
                for syscall in "${syscall_a[@]}"
                do
                    syscall_string+=" -S $syscall"
                done
            fi
            other_string=$([[ $OTHER_FILTERS ]] &amp;&amp; echo " $OTHER_FILTERS") || /bin/true
            auid_string=$([[ $AUID_FILTERS ]] &amp;&amp; echo " $AUID_FILTERS") || /bin/true
            full_rule="$ACTION_ARCH_FILTERS${syscall_string}${other_string}${auid_string} -F key=$KEY" || /bin/true
            echo "$full_rule" &gt;&gt; "$default_file"
            chmod 0600 ${default_file}
        else
            # Check if the syscalls are declared as a comma separated list or
            # as multiple -S parameters
            if grep -q -- "," &lt;&lt;&lt; "${rule_syscalls_to_edit}"
            then
                delimiter=","
            else
                delimiter=" -S "
            fi
            new_grouped_syscalls="${rule_syscalls_to_edit}"
            for syscall in "${syscall_a[@]}"
            do
                grep -q -- "\b${syscall}\b" &lt;&lt;&lt; "${rule_syscalls_to_edit}" || {
                   # A syscall was not found in the candidate rule
                   new_grouped_syscalls+="${delimiter}${syscall}"
                   }
            done

            # Group the syscall in the rule
            sed -i -e "\#${rule_to_edit}#s#${rule_syscalls_to_edit}#${new_grouped_syscalls}#" "$file_to_edit"
        fi
    fi
    unset syscall_a
    unset syscall_grouping
    unset syscall_string
    unset syscall
    unset file_to_edit
    unset rule_to_edit
    unset rule_syscalls_to_edit
    unset other_string
    unset auid_string
    unset full_rule

    # Load macro arguments into arrays
    read -a syscall_a &lt;&lt;&lt; $SYSCALL
    read -a syscall_grouping &lt;&lt;&lt; $SYSCALL_GROUPING

    # Create a list of audit *.rules files that should be inspected for presence and correctness
    # of a particular audit rule. The scheme is as follows:
    #
    # -----------------------------------------------------------------------------------------
    #  Tool used to load audit rules | Rule already defined  |  Audit rules file to inspect    |
    # -----------------------------------------------------------------------------------------
    #        auditctl                |     Doesn't matter    |  /etc/audit/audit.rules         |
    # -----------------------------------------------------------------------------------------
    #        augenrules              |          Yes          |  /etc/audit/rules.d/*.rules     |
    #        augenrules              |          No           |  /etc/audit/rules.d/$key.rules  |
    # -----------------------------------------------------------------------------------------
    #
    files_to_inspect=()


    # If audit tool is 'auditctl', then add '/etc/audit/audit.rules'
    # file to the list of files to be inspected
    default_file="/etc/audit/audit.rules"
    files_to_inspect+=('/etc/audit/audit.rules' )

    # After converting to jinja, we cannot return; therefore we skip the rest of the macro if needed instead
    skip=1

    for audit_file in "${files_to_inspect[@]}"
    do
        # Filter existing $audit_file rules' definitions to select those that satisfy the rule pattern,
        # i.e, collect rules that match:
        # * the action, list and arch, (2-nd argument)
        # * the other filters, (3-rd argument)
        # * the auid filters, (4-rd argument)
        readarray -t similar_rules &lt; &lt;(sed -e "/^$ACTION_ARCH_FILTERS/!d"  -e "\#$OTHER_FILTERS#!d" -e "/$AUID_FILTERS/!d" "$audit_file")

        candidate_rules=()
        # Filter out rules that have more fields then required. This will remove rules more specific than the required scope
        for s_rule in "${similar_rules[@]}"
        do
            # Strip all the options and fields we know of,
            # than check if there was any field left over
            extra_fields=$(sed -E -e "s/^$ACTION_ARCH_FILTERS//"  -e "s#$OTHER_FILTERS##" -e "s/$AUID_FILTERS//" -e "s/((:?-S [[:alnum:],]+)+)//g" -e "s/-F key=\w+|-k \w+//"&lt;&lt;&lt; "$s_rule")
            grep -q -- "-F" &lt;&lt;&lt; "$extra_fields" || candidate_rules+=("$s_rule")
        done

        if [[ ${#syscall_a[@]} -ge 1 ]]
        then
            # Check if the syscall we want is present in any of the similar existing rules
            for rule in "${candidate_rules[@]}"
            do
                rule_syscalls=$(echo "$rule" | grep -o -P '(-S [\w,]+)+' | xargs)
                all_syscalls_found=0
                for syscall in "${syscall_a[@]}"
                do
                    grep -q -- "\b${syscall}\b" &lt;&lt;&lt; "$rule_syscalls" || {
                       # A syscall was not found in the candidate rule
                       all_syscalls_found=1
                       }
                done
                if [[ $all_syscalls_found -eq 0 ]]
                then
                    # We found a rule with all the syscall(s) we want; skip rest of macro
                    skip=0
                    break
                fi

                # Check if this rule can be grouped with our target syscall and keep track of it
                for syscall_g in "${syscall_grouping[@]}"
                do
                    if grep -q -- "\b${syscall_g}\b" &lt;&lt;&lt; "$rule_syscalls"
                    then
                        file_to_edit=${audit_file}
                        rule_to_edit=${rule}
                        rule_syscalls_to_edit=${rule_syscalls}
                    fi
                done
            done
        else
            # If there is any candidate rule, it is compliant; skip rest of macro
            if [ "${#candidate_rules[@]}" -gt 0 ]
            then
                skip=0
            fi
        fi

        if [ "$skip" -eq 0 ]; then
            break
        fi
    done

    if [ "$skip" -ne 0 ]; then
        # We checked all rules that matched the expected resemblance pattern (action, arch &amp; auid)
        # At this point we know if we need to either append the $full_rule or group
        # the syscall together with an exsiting rule

        # Append the full_rule if it cannot be grouped to any other rule
        if [ -z ${rule_to_edit+x} ]
        then
            # Build full_rule while avoid adding double spaces when other_filters is empty
            if [ "${#syscall_a[@]}" -gt 0 ]
            then
                syscall_string=""
                for syscall in "${syscall_a[@]}"
                do
                    syscall_string+=" -S $syscall"
                done
            fi
            other_string=$([[ $OTHER_FILTERS ]] &amp;&amp; echo " $OTHER_FILTERS") || /bin/true
            auid_string=$([[ $AUID_FILTERS ]] &amp;&amp; echo " $AUID_FILTERS") || /bin/true
            full_rule="$ACTION_ARCH_FILTERS${syscall_string}${other_string}${auid_string} -F key=$KEY" || /bin/true
            echo "$full_rule" &gt;&gt; "$default_file"
            chmod 0600 ${default_file}
        else
            # Check if the syscalls are declared as a comma separated list or
            # as multiple -S parameters
            if grep -q -- "," &lt;&lt;&lt; "${rule_syscalls_to_edit}"
            then
                delimiter=","
            else
                delimiter=" -S "
            fi
            new_grouped_syscalls="${rule_syscalls_to_edit}"
            for syscall in "${syscall_a[@]}"
            do
                grep -q -- "\b${syscall}\b" &lt;&lt;&lt; "${rule_syscalls_to_edit}" || {
                   # A syscall was not found in the candidate rule
                   new_grouped_syscalls+="${delimiter}${syscall}"
                   }
            done

            # Group the syscall in the rule
            sed -i -e "\#${rule_to_edit}#s#${rule_syscalls_to_edit}#${new_grouped_syscalls}#" "$file_to_edit"
        fi
    fi
done

else
    &gt;&amp;2 echo 'Remediation is not applicable, nothing was done'
fi
</fix>
          <fix xmlns:xhtml="http://www.w3.org/1999/xhtml" id="audit_rules_time_adjtimex" system="urn:xccdf:fix:script:ansible" complexity="low" disruption="low" strategy="restrict">- name: Gather the package facts
  package_facts:
    manager: auto
  tags:
  - CCE-85814-2
  - CJIS-5.4.1.1
  - NIST-800-171-3.1.7
  - NIST-800-53-AC-6(9)
  - NIST-800-53-AU-12(c)
  - NIST-800-53-AU-2(d)
  - NIST-800-53-CM-6(a)
  - PCI-DSS-Req-10.4.2.b
  - PCI-DSSv4-10.6
  - PCI-DSSv4-10.6.3
  - audit_rules_time_adjtimex
  - low_complexity
  - low_disruption
  - medium_severity
  - no_reboot_needed
  - restrict_strategy

- name: Set architecture for audit tasks
  ansible.builtin.set_fact:
    audit_arch: b64
  when:
  - '"audit" in ansible_facts.packages'
  - ("kernel-default" in ansible_facts.packages or "kernel-default-base" in ansible_facts.packages)
  - ansible_architecture == "aarch64" or ansible_architecture == "ppc64" or ansible_architecture
    == "ppc64le" or ansible_architecture == "s390x" or ansible_architecture == "x86_64"
  tags:
  - CCE-85814-2
  - CJIS-5.4.1.1
  - NIST-800-171-3.1.7
  - NIST-800-53-AC-6(9)
  - NIST-800-53-AU-12(c)
  - NIST-800-53-AU-2(d)
  - NIST-800-53-CM-6(a)
  - PCI-DSS-Req-10.4.2.b
  - PCI-DSSv4-10.6
  - PCI-DSSv4-10.6.3
  - audit_rules_time_adjtimex
  - low_complexity
  - low_disruption
  - medium_severity
  - no_reboot_needed
  - restrict_strategy

- name: Perform remediation of Audit rules for adjtimex for 32bit platform
  block:

  - name: Declare list of syscalls
    ansible.builtin.set_fact:
      syscalls:
      - adjtimex
      syscall_grouping:
      - adjtimex
      - settimeofday
      - stime

  - name: Check existence of adjtimex in /etc/audit/rules.d/
    ansible.builtin.find:
      paths: /etc/audit/rules.d
      contains: -a always,exit -F arch=b32(( -S |,)\w+)*(( -S |,){{ item }})+(( -S
        |,)\w+)* (-k\s+|-F\s+key=)\S+\s*$
      patterns: '*.rules'
    register: find_command
    loop: '{{ (syscall_grouping + syscalls) | unique }}'

  - name: Reset syscalls found per file
    ansible.builtin.set_fact:
      syscalls_per_file: {}
      found_paths_dict: {}

  - name: Declare syscalls found per file
    ansible.builtin.set_fact: syscalls_per_file="{{ syscalls_per_file | combine( {item.files[0].path
      :[item.item] + syscalls_per_file.get(item.files[0].path, []) } ) }}"
    loop: '{{ find_command.results | selectattr(''matched'') | list }}'

  - name: Declare files where syscalls were found
    ansible.builtin.set_fact: found_paths="{{ find_command.results | map(attribute='files')
      | flatten | map(attribute='path') | list }}"

  - name: Count occurrences of syscalls in paths
    ansible.builtin.set_fact: found_paths_dict="{{ found_paths_dict | combine({ item:1+found_paths_dict.get(item,
      0) }) }}"
    loop: '{{ find_command.results | map(attribute=''files'') | flatten | map(attribute=''path'')
      | list }}'

  - name: Get path with most syscalls
    ansible.builtin.set_fact: audit_file="{{ (found_paths_dict | dict2items() | sort(attribute='value')
      | last).key }}"
    when: found_paths | length &gt;= 1

  - name: No file with syscall found, set path to /etc/audit/rules.d/audit_time_rules.rules
    ansible.builtin.set_fact: audit_file="/etc/audit/rules.d/audit_time_rules.rules"
    when: found_paths | length == 0

  - name: Declare found syscalls
    ansible.builtin.set_fact: syscalls_found="{{ find_command.results | selectattr('matched')
      | map(attribute='item') | list }}"

  - name: Declare missing syscalls
    ansible.builtin.set_fact: missing_syscalls="{{ syscalls | difference(syscalls_found)
      }}"

  - name: Replace the audit rule in {{ audit_file }}
    ansible.builtin.lineinfile:
      path: '{{ audit_file }}'
      regexp: (-a always,exit -F arch=b32)(?=.*(?:(?:-S |,)(?:{{ syscalls_per_file[audit_file]
        | join("|") }}))\b)((?:( -S |,)\w+)+)( (?:-k |-F key=)\w+)
      line: \1\2\3{{ missing_syscalls | join("\3") }}\4
      backrefs: true
      state: present
      mode: g-rwx,o-rwx
    when: syscalls_found | length &gt; 0 and missing_syscalls | length &gt; 0

  - name: Add the audit rule to {{ audit_file }}
    ansible.builtin.lineinfile:
      path: '{{ audit_file }}'
      line: -a always,exit -F arch=b32 -S {{ syscalls | join(',') }} -F key=audit_time_rules
      create: true
      mode: g-rwx,o-rwx
      state: present
    when: syscalls_found | length == 0

  - name: Declare list of syscalls
    ansible.builtin.set_fact:
      syscalls:
      - adjtimex
      syscall_grouping:
      - adjtimex
      - settimeofday
      - stime

  - name: Check existence of adjtimex in /etc/audit/audit.rules
    ansible.builtin.find:
      paths: /etc/audit
      contains: -a always,exit -F arch=b32(( -S |,)\w+)*(( -S |,){{ item }})+(( -S
        |,)\w+)* (-k\s+|-F\s+key=)\S+\s*$
      patterns: audit.rules
    register: find_command
    loop: '{{ (syscall_grouping + syscalls) | unique }}'

  - name: Set path to /etc/audit/audit.rules
    ansible.builtin.set_fact: audit_file="/etc/audit/audit.rules"

  - name: Declare found syscalls
    ansible.builtin.set_fact: syscalls_found="{{ find_command.results | selectattr('matched')
      | map(attribute='item') | list }}"

  - name: Declare missing syscalls
    ansible.builtin.set_fact: missing_syscalls="{{ syscalls | difference(syscalls_found)
      }}"

  - name: Replace the audit rule in {{ audit_file }}
    ansible.builtin.lineinfile:
      path: '{{ audit_file }}'
      regexp: (-a always,exit -F arch=b32)(?=.*(?:(?:-S |,)(?:{{ syscalls_found |
        join("|") }}))\b)((?:( -S |,)\w+)+)( (?:-k |-F key=)\w+)
      line: \1\2\3{{ missing_syscalls | join("\3") }}\4
      backrefs: true
      state: present
      mode: g-rwx,o-rwx
    when: syscalls_found | length &gt; 0 and missing_syscalls | length &gt; 0

  - name: Add the audit rule to {{ audit_file }}
    ansible.builtin.lineinfile:
      path: '{{ audit_file }}'
      line: -a always,exit -F arch=b32 -S {{ syscalls | join(',') }} -F key=audit_time_rules
      create: true
      mode: g-rwx,o-rwx
      state: present
    when: syscalls_found | length == 0
  when:
  - '"audit" in ansible_facts.packages'
  - ("kernel-default" in ansible_facts.packages or "kernel-default-base" in ansible_facts.packages)
  tags:
  - CCE-85814-2
  - CJIS-5.4.1.1
  - NIST-800-171-3.1.7
  - NIST-800-53-AC-6(9)
  - NIST-800-53-AU-12(c)
  - NIST-800-53-AU-2(d)
  - NIST-800-53-CM-6(a)
  - PCI-DSS-Req-10.4.2.b
  - PCI-DSSv4-10.6
  - PCI-DSSv4-10.6.3
  - audit_rules_time_adjtimex
  - low_complexity
  - low_disruption
  - medium_severity
  - no_reboot_needed
  - restrict_strategy

- name: Perform remediation of Audit rules for adjtimex for 64bit platform
  block:

  - name: Declare list of syscalls
    ansible.builtin.set_fact:
      syscalls:
      - adjtimex
      syscall_grouping:
      - adjtimex
      - settimeofday

  - name: Check existence of adjtimex in /etc/audit/rules.d/
    ansible.builtin.find:
      paths: /etc/audit/rules.d
      contains: -a always,exit -F arch=b64(( -S |,)\w+)*(( -S |,){{ item }})+(( -S
        |,)\w+)* (-k\s+|-F\s+key=)\S+\s*$
      patterns: '*.rules'
    register: find_command
    loop: '{{ (syscall_grouping + syscalls) | unique }}'

  - name: Reset syscalls found per file
    ansible.builtin.set_fact:
      syscalls_per_file: {}
      found_paths_dict: {}

  - name: Declare syscalls found per file
    ansible.builtin.set_fact: syscalls_per_file="{{ syscalls_per_file | combine( {item.files[0].path
      :[item.item] + syscalls_per_file.get(item.files[0].path, []) } ) }}"
    loop: '{{ find_command.results | selectattr(''matched'') | list }}'

  - name: Declare files where syscalls were found
    ansible.builtin.set_fact: found_paths="{{ find_command.results | map(attribute='files')
      | flatten | map(attribute='path') | list }}"

  - name: Count occurrences of syscalls in paths
    ansible.builtin.set_fact: found_paths_dict="{{ found_paths_dict | combine({ item:1+found_paths_dict.get(item,
      0) }) }}"
    loop: '{{ find_command.results | map(attribute=''files'') | flatten | map(attribute=''path'')
      | list }}'

  - name: Get path with most syscalls
    ansible.builtin.set_fact: audit_file="{{ (found_paths_dict | dict2items() | sort(attribute='value')
      | last).key }}"
    when: found_paths | length &gt;= 1

  - name: No file with syscall found, set path to /etc/audit/rules.d/audit_time_rules.rules
    ansible.builtin.set_fact: audit_file="/etc/audit/rules.d/audit_time_rules.rules"
    when: found_paths | length == 0

  - name: Declare found syscalls
    ansible.builtin.set_fact: syscalls_found="{{ find_command.results | selectattr('matched')
      | map(attribute='item') | list }}"

  - name: Declare missing syscalls
    ansible.builtin.set_fact: missing_syscalls="{{ syscalls | difference(syscalls_found)
      }}"

  - name: Replace the audit rule in {{ audit_file }}
    ansible.builtin.lineinfile:
      path: '{{ audit_file }}'
      regexp: (-a always,exit -F arch=b64)(?=.*(?:(?:-S |,)(?:{{ syscalls_per_file[audit_file]
        | join("|") }}))\b)((?:( -S |,)\w+)+)( (?:-k |-F key=)\w+)
      line: \1\2\3{{ missing_syscalls | join("\3") }}\4
      backrefs: true
      state: present
      mode: g-rwx,o-rwx
    when: syscalls_found | length &gt; 0 and missing_syscalls | length &gt; 0

  - name: Add the audit rule to {{ audit_file }}
    ansible.builtin.lineinfile:
      path: '{{ audit_file }}'
      line: -a always,exit -F arch=b64 -S {{ syscalls | join(',') }} -F key=audit_time_rules
      create: true
      mode: g-rwx,o-rwx
      state: present
    when: syscalls_found | length == 0

  - name: Declare list of syscalls
    ansible.builtin.set_fact:
      syscalls:
      - adjtimex
      syscall_grouping:
      - adjtimex
      - settimeofday
      - stime

  - name: Check existence of adjtimex in /etc/audit/audit.rules
    ansible.builtin.find:
      paths: /etc/audit
      contains: -a always,exit -F arch=b64(( -S |,)\w+)*(( -S |,){{ item }})+(( -S
        |,)\w+)* (-k\s+|-F\s+key=)\S+\s*$
      patterns: audit.rules
    register: find_command
    loop: '{{ (syscall_grouping + syscalls) | unique }}'

  - name: Set path to /etc/audit/audit.rules
    ansible.builtin.set_fact: audit_file="/etc/audit/audit.rules"

  - name: Declare found syscalls
    ansible.builtin.set_fact: syscalls_found="{{ find_command.results | selectattr('matched')
      | map(attribute='item') | list }}"

  - name: Declare missing syscalls
    ansible.builtin.set_fact: missing_syscalls="{{ syscalls | difference(syscalls_found)
      }}"

  - name: Replace the audit rule in {{ audit_file }}
    ansible.builtin.lineinfile:
      path: '{{ audit_file }}'
      regexp: (-a always,exit -F arch=b64)(?=.*(?:(?:-S |,)(?:{{ syscalls_found |
        join("|") }}))\b)((?:( -S |,)\w+)+)( (?:-k |-F key=)\w+)
      line: \1\2\3{{ missing_syscalls | join("\3") }}\4
      backrefs: true
      state: present
      mode: g-rwx,o-rwx
    when: syscalls_found | length &gt; 0 and missing_syscalls | length &gt; 0

  - name: Add the audit rule to {{ audit_file }}
    ansible.builtin.lineinfile:
      path: '{{ audit_file }}'
      line: -a always,exit -F arch=b64 -S {{ syscalls | join(',') }} -F key=audit_time_rules
      create: true
      mode: g-rwx,o-rwx
      state: present
    when: syscalls_found | length == 0
  when:
  - '"audit" in ansible_facts.packages'
  - ("kernel-default" in ansible_facts.packages or "kernel-default-base" in ansible_facts.packages)
  - audit_arch == "b64"
  tags:
  - CCE-85814-2
  - CJIS-5.4.1.1
  - NIST-800-171-3.1.7
  - NIST-800-53-AC-6(9)
  - NIST-800-53-AU-12(c)
  - NIST-800-53-AU-2(d)
  - NIST-800-53-CM-6(a)
  - PCI-DSS-Req-10.4.2.b
  - PCI-DSSv4-10.6
  - PCI-DSSv4-10.6.3
  - audit_rules_time_adjtimex
  - low_complexity
  - low_disruption
  - medium_severity
  - no_reboot_needed
  - restrict_strategy
</fix>
          <check system="http://oval.mitre.org/XMLSchema/oval-definitions-5">
            <check-content-ref name="oval:ssg-audit_rules_time_adjtimex:def:1" href="ssg-sle15-oval.xml"/>
          </check>
          <check system="http://scap.nist.gov/schema/ocil/2">
            <check-content-ref name="ocil:ssg-audit_rules_time_adjtimex_ocil:questionnaire:1" href="ssg-sle15-ocil.xml"/>
          </check>
        </Rule>
        <Rule id="xccdf_org.ssgproject.content_rule_audit_rules_time_clock_settime" selected="false" role="full" severity="medium">
          <title xmlns:xhtml="http://www.w3.org/1999/xhtml" xml:lang="en-US">Record Attempts to Alter Time Through clock_settime</title>
          <description xmlns:xhtml="http://www.w3.org/1999/xhtml" xml:lang="en-US">If the <html:code xmlns:html="http://www.w3.org/1999/xhtml">auditd</html:code> daemon is configured to use the
<html:code xmlns:html="http://www.w3.org/1999/xhtml">augenrules</html:code> program to read audit rules during daemon startup (the
default), add the following line to a file with suffix <html:code xmlns:html="http://www.w3.org/1999/xhtml">.rules</html:code> in the
directory <html:code xmlns:html="http://www.w3.org/1999/xhtml">/etc/audit/rules.d</html:code>:
<html:pre xmlns:html="http://www.w3.org/1999/xhtml">-a always,exit -F arch=b32 -S clock_settime -F a0=0x0 -F key=time-change</html:pre>
If the system is 64 bit then also add the following line:
<html:pre xmlns:html="http://www.w3.org/1999/xhtml">-a always,exit -F arch=b64 -S clock_settime -F a0=0x0 -F key=time-change</html:pre>
If the <html:code xmlns:html="http://www.w3.org/1999/xhtml">auditd</html:code> daemon is configured to use the <html:code xmlns:html="http://www.w3.org/1999/xhtml">auditctl</html:code>
utility to read audit rules during daemon startup, add the following line to
<html:code xmlns:html="http://www.w3.org/1999/xhtml">/etc/audit/audit.rules</html:code> file:
<html:pre xmlns:html="http://www.w3.org/1999/xhtml">-a always,exit -F arch=b32 -S clock_settime -F a0=0x0 -F key=time-change</html:pre>
If the system is 64 bit then also add the following line:
<html:pre xmlns:html="http://www.w3.org/1999/xhtml">-a always,exit -F arch=b64 -S clock_settime -F a0=0x0 -F key=time-change</html:pre>
The -k option allows for the specification of a key in string form that can
be used for better reporting capability through ausearch and aureport.
Multiple system calls can be defined on the same line to save space if
desired, but is not required. See an example of multiple combined syscalls:
<html:pre xmlns:html="http://www.w3.org/1999/xhtml">-a always,exit -F arch=b64 -S adjtimex,settimeofday -F key=audit_time_rules</html:pre>
       </description>
          <reference href="https://www.cisecurity.org/controls/">1</reference>
          <reference href="https://www.cisecurity.org/controls/">11</reference>
          <reference href="https://www.cisecurity.org/controls/">12</reference>
          <reference href="https://www.cisecurity.org/controls/">13</reference>
          <reference href="https://www.cisecurity.org/controls/">14</reference>
          <reference href="https://www.cisecurity.org/controls/">15</reference>
          <reference href="https://www.cisecurity.org/controls/">16</reference>
          <reference href="https://www.cisecurity.org/controls/">19</reference>
          <reference href="https://www.cisecurity.org/controls/">2</reference>
          <reference href="https://www.cisecurity.org/controls/">3</reference>
          <reference href="https://www.cisecurity.org/controls/">4</reference>
          <reference href="https://www.cisecurity.org/controls/">5</reference>
          <reference href="https://www.cisecurity.org/controls/">6</reference>
          <reference href="https://www.cisecurity.org/controls/">7</reference>
          <reference href="https://www.cisecurity.org/controls/">8</reference>
          <reference href="https://www.cisecurity.org/controls/">9</reference>
          <reference href="https://www.fbi.gov/file-repository/cjis-security-policy-v5_5_20160601-2-1.pdf">5.4.1.1</reference>
          <reference href="https://www.isaca.org/resources/cobit">APO10.01</reference>
          <reference href="https://www.isaca.org/resources/cobit">APO10.03</reference>
          <reference href="https://www.isaca.org/resources/cobit">APO10.04</reference>
          <reference href="https://www.isaca.org/resources/cobit">APO10.05</reference>
          <reference href="https://www.isaca.org/resources/cobit">APO11.04</reference>
          <reference href="https://www.isaca.org/resources/cobit">APO12.06</reference>
          <reference href="https://www.isaca.org/resources/cobit">APO13.01</reference>
          <reference href="https://www.isaca.org/resources/cobit">BAI03.05</reference>
          <reference href="https://www.isaca.org/resources/cobit">BAI08.02</reference>
          <reference href="https://www.isaca.org/resources/cobit">DSS01.03</reference>
          <reference href="https://www.isaca.org/resources/cobit">DSS01.04</reference>
          <reference href="https://www.isaca.org/resources/cobit">DSS02.02</reference>
          <reference href="https://www.isaca.org/resources/cobit">DSS02.04</reference>
          <reference href="https://www.isaca.org/resources/cobit">DSS02.07</reference>
          <reference href="https://www.isaca.org/resources/cobit">DSS03.01</reference>
          <reference href="https://www.isaca.org/resources/cobit">DSS03.05</reference>
          <reference href="https://www.isaca.org/resources/cobit">DSS05.02</reference>
          <reference href="https://www.isaca.org/resources/cobit">DSS05.03</reference>
          <reference href="https://www.isaca.org/resources/cobit">DSS05.04</reference>
          <reference href="https://www.isaca.org/resources/cobit">DSS05.05</reference>
          <reference href="https://www.isaca.org/resources/cobit">DSS05.07</reference>
          <reference href="https://www.isaca.org/resources/cobit">MEA01.01</reference>
          <reference href="https://www.isaca.org/resources/cobit">MEA01.02</reference>
          <reference href="https://www.isaca.org/resources/cobit">MEA01.03</reference>
          <reference href="https://www.isaca.org/resources/cobit">MEA01.04</reference>
          <reference href="https://www.isaca.org/resources/cobit">MEA01.05</reference>
          <reference href="https://www.isaca.org/resources/cobit">MEA02.01</reference>
          <reference href="http://nvlpubs.nist.gov/nistpubs/SpecialPublications/NIST.SP.800-171.pdf">3.1.7</reference>
          <reference href="https://www.gpo.gov/fdsys/pkg/CFR-2007-title45-vol1/pdf/CFR-2007-title45-vol1-chapA-subchapC.pdf">164.308(a)(1)(ii)(D)</reference>
          <reference href="https://www.gpo.gov/fdsys/pkg/CFR-2007-title45-vol1/pdf/CFR-2007-title45-vol1-chapA-subchapC.pdf">164.308(a)(3)(ii)(A)</reference>
          <reference href="https://www.gpo.gov/fdsys/pkg/CFR-2007-title45-vol1/pdf/CFR-2007-title45-vol1-chapA-subchapC.pdf">164.308(a)(5)(ii)(C)</reference>
          <reference href="https://www.gpo.gov/fdsys/pkg/CFR-2007-title45-vol1/pdf/CFR-2007-title45-vol1-chapA-subchapC.pdf">164.312(a)(2)(i)</reference>
          <reference href="https://www.gpo.gov/fdsys/pkg/CFR-2007-title45-vol1/pdf/CFR-2007-title45-vol1-chapA-subchapC.pdf">164.312(b)</reference>
          <reference href="https://www.gpo.gov/fdsys/pkg/CFR-2007-title45-vol1/pdf/CFR-2007-title45-vol1-chapA-subchapC.pdf">164.312(d)</reference>
          <reference href="https://www.gpo.gov/fdsys/pkg/CFR-2007-title45-vol1/pdf/CFR-2007-title45-vol1-chapA-subchapC.pdf">164.312(e)</reference>
          <reference href="https://www.isa.org/products/isa-62443-2-1-2009-security-for-industrial-automat">4.2.3.10</reference>
          <reference href="https://www.isa.org/products/isa-62443-2-1-2009-security-for-industrial-automat">4.3.2.6.7</reference>
          <reference href="https://www.isa.org/products/isa-62443-2-1-2009-security-for-industrial-automat">4.3.3.3.9</reference>
          <reference href="https://www.isa.org/products/isa-62443-2-1-2009-security-for-industrial-automat">4.3.3.5.8</reference>
          <reference href="https://www.isa.org/products/isa-62443-2-1-2009-security-for-industrial-automat">4.3.3.6.6</reference>
          <reference href="https://www.isa.org/products/isa-62443-2-1-2009-security-for-industrial-automat">4.3.4.4.7</reference>
          <reference href="https://www.isa.org/products/isa-62443-2-1-2009-security-for-industrial-automat">4.3.4.5.6</reference>
          <reference href="https://www.isa.org/products/isa-62443-2-1-2009-security-for-industrial-automat">4.3.4.5.7</reference>
          <reference href="https://www.isa.org/products/isa-62443-2-1-2009-security-for-industrial-automat">4.3.4.5.8</reference>
          <reference href="https://www.isa.org/products/isa-62443-2-1-2009-security-for-industrial-automat">4.4.2.1</reference>
          <reference href="https://www.isa.org/products/isa-62443-2-1-2009-security-for-industrial-automat">4.4.2.2</reference>
          <reference href="https://www.isa.org/products/isa-62443-2-1-2009-security-for-industrial-automat">4.4.2.4</reference>
          <reference href="https://www.isa.org/products/ansi-isa-62443-3-3-99-03-03-2013-security-for-indu">SR 1.13</reference>
          <reference href="https://www.isa.org/products/ansi-isa-62443-3-3-99-03-03-2013-security-for-indu">SR 2.10</reference>
          <reference href="https://www.isa.org/products/ansi-isa-62443-3-3-99-03-03-2013-security-for-indu">SR 2.11</reference>
          <reference href="https://www.isa.org/products/ansi-isa-62443-3-3-99-03-03-2013-security-for-indu">SR 2.12</reference>
          <reference href="https://www.isa.org/products/ansi-isa-62443-3-3-99-03-03-2013-security-for-indu">SR 2.6</reference>
          <reference href="https://www.isa.org/products/ansi-isa-62443-3-3-99-03-03-2013-security-for-indu">SR 2.8</reference>
          <reference href="https://www.isa.org/products/ansi-isa-62443-3-3-99-03-03-2013-security-for-indu">SR 2.9</reference>
          <reference href="https://www.isa.org/products/ansi-isa-62443-3-3-99-03-03-2013-security-for-indu">SR 3.1</reference>
          <reference href="https://www.isa.org/products/ansi-isa-62443-3-3-99-03-03-2013-security-for-indu">SR 3.5</reference>
          <reference href="https://www.isa.org/products/ansi-isa-62443-3-3-99-03-03-2013-security-for-indu">SR 3.8</reference>
          <reference href="https://www.isa.org/products/ansi-isa-62443-3-3-99-03-03-2013-security-for-indu">SR 4.1</reference>
          <reference href="https://www.isa.org/products/ansi-isa-62443-3-3-99-03-03-2013-security-for-indu">SR 4.3</reference>
          <reference href="https://www.isa.org/products/ansi-isa-62443-3-3-99-03-03-2013-security-for-indu">SR 5.1</reference>
          <reference href="https://www.isa.org/products/ansi-isa-62443-3-3-99-03-03-2013-security-for-indu">SR 5.2</reference>
          <reference href="https://www.isa.org/products/ansi-isa-62443-3-3-99-03-03-2013-security-for-indu">SR 5.3</reference>
          <reference href="https://www.isa.org/products/ansi-isa-62443-3-3-99-03-03-2013-security-for-indu">SR 6.1</reference>
          <reference href="https://www.isa.org/products/ansi-isa-62443-3-3-99-03-03-2013-security-for-indu">SR 6.2</reference>
          <reference href="https://www.isa.org/products/ansi-isa-62443-3-3-99-03-03-2013-security-for-indu">SR 7.1</reference>
          <reference href="https://www.isa.org/products/ansi-isa-62443-3-3-99-03-03-2013-security-for-indu">SR 7.6</reference>
          <reference href="https://www.iso.org/contents/data/standard/05/45/54534.html">A.11.2.6</reference>
          <reference href="https://www.iso.org/contents/data/standard/05/45/54534.html">A.12.4.1</reference>
          <reference href="https://www.iso.org/contents/data/standard/05/45/54534.html">A.12.4.2</reference>
          <reference href="https://www.iso.org/contents/data/standard/05/45/54534.html">A.12.4.3</reference>
          <reference href="https://www.iso.org/contents/data/standard/05/45/54534.html">A.12.4.4</reference>
          <reference href="https://www.iso.org/contents/data/standard/05/45/54534.html">A.12.7.1</reference>
          <reference href="https://www.iso.org/contents/data/standard/05/45/54534.html">A.13.1.1</reference>
          <reference href="https://www.iso.org/contents/data/standard/05/45/54534.html">A.13.2.1</reference>
          <reference href="https://www.iso.org/contents/data/standard/05/45/54534.html">A.14.1.3</reference>
          <reference href="https://www.iso.org/contents/data/standard/05/45/54534.html">A.14.2.7</reference>
          <reference href="https://www.iso.org/contents/data/standard/05/45/54534.html">A.15.2.1</reference>
          <reference href="https://www.iso.org/contents/data/standard/05/45/54534.html">A.15.2.2</reference>
          <reference href="https://www.iso.org/contents/data/standard/05/45/54534.html">A.16.1.4</reference>
          <reference href="https://www.iso.org/contents/data/standard/05/45/54534.html">A.16.1.5</reference>
          <reference href="https://www.iso.org/contents/data/standard/05/45/54534.html">A.16.1.7</reference>
          <reference href="https://www.iso.org/contents/data/standard/05/45/54534.html">A.6.2.1</reference>
          <reference href="https://www.iso.org/contents/data/standard/05/45/54534.html">A.6.2.2</reference>
          <reference href="http://nvlpubs.nist.gov/nistpubs/SpecialPublications/NIST.SP.800-53r4.pdf">AU-2(d)</reference>
          <reference href="http://nvlpubs.nist.gov/nistpubs/SpecialPublications/NIST.SP.800-53r4.pdf">AU-12(c)</reference>
          <reference href="http://nvlpubs.nist.gov/nistpubs/SpecialPublications/NIST.SP.800-53r4.pdf">AC-6(9)</reference>
          <reference href="http://nvlpubs.nist.gov/nistpubs/SpecialPublications/NIST.SP.800-53r4.pdf">CM-6(a)</reference>
          <reference href="https://nvlpubs.nist.gov/nistpubs/CSWP/NIST.CSWP.04162018.pdf">DE.AE-3</reference>
          <reference href="https://nvlpubs.nist.gov/nistpubs/CSWP/NIST.CSWP.04162018.pdf">DE.AE-5</reference>
          <reference href="https://nvlpubs.nist.gov/nistpubs/CSWP/NIST.CSWP.04162018.pdf">DE.CM-1</reference>
          <reference href="https://nvlpubs.nist.gov/nistpubs/CSWP/NIST.CSWP.04162018.pdf">DE.CM-3</reference>
          <reference href="https://nvlpubs.nist.gov/nistpubs/CSWP/NIST.CSWP.04162018.pdf">DE.CM-7</reference>
          <reference href="https://nvlpubs.nist.gov/nistpubs/CSWP/NIST.CSWP.04162018.pdf">ID.SC-4</reference>
          <reference href="https://nvlpubs.nist.gov/nistpubs/CSWP/NIST.CSWP.04162018.pdf">PR.AC-3</reference>
          <reference href="https://nvlpubs.nist.gov/nistpubs/CSWP/NIST.CSWP.04162018.pdf">PR.PT-1</reference>
          <reference href="https://nvlpubs.nist.gov/nistpubs/CSWP/NIST.CSWP.04162018.pdf">PR.PT-4</reference>
          <reference href="https://nvlpubs.nist.gov/nistpubs/CSWP/NIST.CSWP.04162018.pdf">RS.AN-1</reference>
          <reference href="https://nvlpubs.nist.gov/nistpubs/CSWP/NIST.CSWP.04162018.pdf">RS.AN-4</reference>
          <reference href="https://www.pcisecuritystandards.org/documents/PCI_DSS_v3-2-1.pdf">Req-10.4.2.b</reference>
          <reference href="https://cyber.gouv.fr/sites/default/files/document/linux_configuration-en-v2.pdf">R73</reference>
          <reference href="https://www.cyber.gov.au/acsc/view-all-content/ism">0582</reference>
          <reference href="https://docs-prv.pcisecuritystandards.org/PCI%20DSS/Standard/PCI-DSS-v4_0.pdf">10.6.3</reference>
          <reference href="https://docs-prv.pcisecuritystandards.org/PCI%20DSS/Standard/PCI-DSS-v4_0.pdf">10.6</reference>
          <rationale xmlns:xhtml="http://www.w3.org/1999/xhtml" xml:lang="en-US">Arbitrary changes to the system time can be used to obfuscate
nefarious activities in log files, as well as to confuse network services that
are highly dependent upon an accurate system time (such as sshd). All changes
to the system time should be audited.</rationale>
          <ident system="https://ncp.nist.gov/cce">CCE-85816-7</ident>
          <fix xmlns:xhtml="http://www.w3.org/1999/xhtml" id="audit_rules_time_clock_settime" system="urn:xccdf:fix:script:sh"># Remediation is applicable only in certain platforms
if rpm --quiet -q audit &amp;&amp; rpm --quiet -q kernel-default || rpm --quiet -q kernel-default-base; then

# First perform the remediation of the syscall rule
# Retrieve hardware architecture of the underlying system
[ "$(getconf LONG_BIT)" = "32" ] &amp;&amp; RULE_ARCHS=("b32") || RULE_ARCHS=("b32" "b64")

for ARCH in "${RULE_ARCHS[@]}"
do
	ACTION_ARCH_FILTERS="-a always,exit -F arch=$ARCH"
	OTHER_FILTERS="-F a0=0x0"
	AUID_FILTERS=""
	SYSCALL="clock_settime"
	KEY="time-change"
	SYSCALL_GROUPING=""
	# Perform the remediation for both possible tools: 'auditctl' and 'augenrules'
	unset syscall_a
unset syscall_grouping
unset syscall_string
unset syscall
unset file_to_edit
unset rule_to_edit
unset rule_syscalls_to_edit
unset other_string
unset auid_string
unset full_rule

# Load macro arguments into arrays
read -a syscall_a &lt;&lt;&lt; $SYSCALL
read -a syscall_grouping &lt;&lt;&lt; $SYSCALL_GROUPING

# Create a list of audit *.rules files that should be inspected for presence and correctness
# of a particular audit rule. The scheme is as follows:
#
# -----------------------------------------------------------------------------------------
#  Tool used to load audit rules | Rule already defined  |  Audit rules file to inspect    |
# -----------------------------------------------------------------------------------------
#        auditctl                |     Doesn't matter    |  /etc/audit/audit.rules         |
# -----------------------------------------------------------------------------------------
#        augenrules              |          Yes          |  /etc/audit/rules.d/*.rules     |
#        augenrules              |          No           |  /etc/audit/rules.d/$key.rules  |
# -----------------------------------------------------------------------------------------
#
files_to_inspect=()

# If audit tool is 'augenrules', then check if the audit rule is defined
# If rule is defined, add '/etc/audit/rules.d/*.rules' to the list for inspection
# If rule isn't defined yet, add '/etc/audit/rules.d/$key.rules' to the list for inspection
default_file="/etc/audit/rules.d/$KEY.rules"
# As other_filters may include paths, lets use a different delimiter for it
# The "F" script expression tells sed to print the filenames where the expressions matched
readarray -t files_to_inspect &lt; &lt;(sed -s -n -e "/^$ACTION_ARCH_FILTERS/!d" -e "\#$OTHER_FILTERS#!d" -e "/$AUID_FILTERS/!d" -e "F" /etc/audit/rules.d/*.rules)
# Case when particular rule isn't defined in /etc/audit/rules.d/*.rules yet
if [ ${#files_to_inspect[@]} -eq "0" ]
then
    file_to_inspect="/etc/audit/rules.d/$KEY.rules"
    files_to_inspect=("$file_to_inspect")
    if [ ! -e "$file_to_inspect" ]
    then
        touch "$file_to_inspect"
        chmod 0600 "$file_to_inspect"
    fi
fi

# After converting to jinja, we cannot return; therefore we skip the rest of the macro if needed instead
skip=1

for audit_file in "${files_to_inspect[@]}"
do
    # Filter existing $audit_file rules' definitions to select those that satisfy the rule pattern,
    # i.e, collect rules that match:
    # * the action, list and arch, (2-nd argument)
    # * the other filters, (3-rd argument)
    # * the auid filters, (4-rd argument)
    readarray -t similar_rules &lt; &lt;(sed -e "/^$ACTION_ARCH_FILTERS/!d"  -e "\#$OTHER_FILTERS#!d" -e "/$AUID_FILTERS/!d" "$audit_file")

    candidate_rules=()
    # Filter out rules that have more fields then required. This will remove rules more specific than the required scope
    for s_rule in "${similar_rules[@]}"
    do
        # Strip all the options and fields we know of,
        # than check if there was any field left over
        extra_fields=$(sed -E -e "s/^$ACTION_ARCH_FILTERS//"  -e "s#$OTHER_FILTERS##" -e "s/$AUID_FILTERS//" -e "s/((:?-S [[:alnum:],]+)+)//g" -e "s/-F key=\w+|-k \w+//"&lt;&lt;&lt; "$s_rule")
        grep -q -- "-F" &lt;&lt;&lt; "$extra_fields" || candidate_rules+=("$s_rule")
    done

    if [[ ${#syscall_a[@]} -ge 1 ]]
    then
        # Check if the syscall we want is present in any of the similar existing rules
        for rule in "${candidate_rules[@]}"
        do
            rule_syscalls=$(echo "$rule" | grep -o -P '(-S [\w,]+)+' | xargs)
            all_syscalls_found=0
            for syscall in "${syscall_a[@]}"
            do
                grep -q -- "\b${syscall}\b" &lt;&lt;&lt; "$rule_syscalls" || {
                   # A syscall was not found in the candidate rule
                   all_syscalls_found=1
                   }
            done
            if [[ $all_syscalls_found -eq 0 ]]
            then
                # We found a rule with all the syscall(s) we want; skip rest of macro
                skip=0
                break
            fi

            # Check if this rule can be grouped with our target syscall and keep track of it
            for syscall_g in "${syscall_grouping[@]}"
            do
                if grep -q -- "\b${syscall_g}\b" &lt;&lt;&lt; "$rule_syscalls"
                then
                    file_to_edit=${audit_file}
                    rule_to_edit=${rule}
                    rule_syscalls_to_edit=${rule_syscalls}
                fi
            done
        done
    else
        # If there is any candidate rule, it is compliant; skip rest of macro
        if [ "${#candidate_rules[@]}" -gt 0 ]
        then
            skip=0
        fi
    fi

    if [ "$skip" -eq 0 ]; then
        break
    fi
done

if [ "$skip" -ne 0 ]; then
    # We checked all rules that matched the expected resemblance pattern (action, arch &amp; auid)
    # At this point we know if we need to either append the $full_rule or group
    # the syscall together with an exsiting rule

    # Append the full_rule if it cannot be grouped to any other rule
    if [ -z ${rule_to_edit+x} ]
    then
        # Build full_rule while avoid adding double spaces when other_filters is empty
        if [ "${#syscall_a[@]}" -gt 0 ]
        then
            syscall_string=""
            for syscall in "${syscall_a[@]}"
            do
                syscall_string+=" -S $syscall"
            done
        fi
        other_string=$([[ $OTHER_FILTERS ]] &amp;&amp; echo " $OTHER_FILTERS") || /bin/true
        auid_string=$([[ $AUID_FILTERS ]] &amp;&amp; echo " $AUID_FILTERS") || /bin/true
        full_rule="$ACTION_ARCH_FILTERS${syscall_string}${other_string}${auid_string} -F key=$KEY" || /bin/true
        echo "$full_rule" &gt;&gt; "$default_file"
        chmod 0600 ${default_file}
    else
        # Check if the syscalls are declared as a comma separated list or
        # as multiple -S parameters
        if grep -q -- "," &lt;&lt;&lt; "${rule_syscalls_to_edit}"
        then
            delimiter=","
        else
            delimiter=" -S "
        fi
        new_grouped_syscalls="${rule_syscalls_to_edit}"
        for syscall in "${syscall_a[@]}"
        do
            grep -q -- "\b${syscall}\b" &lt;&lt;&lt; "${rule_syscalls_to_edit}" || {
               # A syscall was not found in the candidate rule
               new_grouped_syscalls+="${delimiter}${syscall}"
               }
        done

        # Group the syscall in the rule
        sed -i -e "\#${rule_to_edit}#s#${rule_syscalls_to_edit}#${new_grouped_syscalls}#" "$file_to_edit"
    fi
fi
	unset syscall_a
unset syscall_grouping
unset syscall_string
unset syscall
unset file_to_edit
unset rule_to_edit
unset rule_syscalls_to_edit
unset other_string
unset auid_string
unset full_rule

# Load macro arguments into arrays
read -a syscall_a &lt;&lt;&lt; $SYSCALL
read -a syscall_grouping &lt;&lt;&lt; $SYSCALL_GROUPING

# Create a list of audit *.rules files that should be inspected for presence and correctness
# of a particular audit rule. The scheme is as follows:
#
# -----------------------------------------------------------------------------------------
#  Tool used to load audit rules | Rule already defined  |  Audit rules file to inspect    |
# -----------------------------------------------------------------------------------------
#        auditctl                |     Doesn't matter    |  /etc/audit/audit.rules         |
# -----------------------------------------------------------------------------------------
#        augenrules              |          Yes          |  /etc/audit/rules.d/*.rules     |
#        augenrules              |          No           |  /etc/audit/rules.d/$key.rules  |
# -----------------------------------------------------------------------------------------
#
files_to_inspect=()


# If audit tool is 'auditctl', then add '/etc/audit/audit.rules'
# file to the list of files to be inspected
default_file="/etc/audit/audit.rules"
files_to_inspect+=('/etc/audit/audit.rules' )

# After converting to jinja, we cannot return; therefore we skip the rest of the macro if needed instead
skip=1

for audit_file in "${files_to_inspect[@]}"
do
    # Filter existing $audit_file rules' definitions to select those that satisfy the rule pattern,
    # i.e, collect rules that match:
    # * the action, list and arch, (2-nd argument)
    # * the other filters, (3-rd argument)
    # * the auid filters, (4-rd argument)
    readarray -t similar_rules &lt; &lt;(sed -e "/^$ACTION_ARCH_FILTERS/!d"  -e "\#$OTHER_FILTERS#!d" -e "/$AUID_FILTERS/!d" "$audit_file")

    candidate_rules=()
    # Filter out rules that have more fields then required. This will remove rules more specific than the required scope
    for s_rule in "${similar_rules[@]}"
    do
        # Strip all the options and fields we know of,
        # than check if there was any field left over
        extra_fields=$(sed -E -e "s/^$ACTION_ARCH_FILTERS//"  -e "s#$OTHER_FILTERS##" -e "s/$AUID_FILTERS//" -e "s/((:?-S [[:alnum:],]+)+)//g" -e "s/-F key=\w+|-k \w+//"&lt;&lt;&lt; "$s_rule")
        grep -q -- "-F" &lt;&lt;&lt; "$extra_fields" || candidate_rules+=("$s_rule")
    done

    if [[ ${#syscall_a[@]} -ge 1 ]]
    then
        # Check if the syscall we want is present in any of the similar existing rules
        for rule in "${candidate_rules[@]}"
        do
            rule_syscalls=$(echo "$rule" | grep -o -P '(-S [\w,]+)+' | xargs)
            all_syscalls_found=0
            for syscall in "${syscall_a[@]}"
            do
                grep -q -- "\b${syscall}\b" &lt;&lt;&lt; "$rule_syscalls" || {
                   # A syscall was not found in the candidate rule
                   all_syscalls_found=1
                   }
            done
            if [[ $all_syscalls_found -eq 0 ]]
            then
                # We found a rule with all the syscall(s) we want; skip rest of macro
                skip=0
                break
            fi

            # Check if this rule can be grouped with our target syscall and keep track of it
            for syscall_g in "${syscall_grouping[@]}"
            do
                if grep -q -- "\b${syscall_g}\b" &lt;&lt;&lt; "$rule_syscalls"
                then
                    file_to_edit=${audit_file}
                    rule_to_edit=${rule}
                    rule_syscalls_to_edit=${rule_syscalls}
                fi
            done
        done
    else
        # If there is any candidate rule, it is compliant; skip rest of macro
        if [ "${#candidate_rules[@]}" -gt 0 ]
        then
            skip=0
        fi
    fi

    if [ "$skip" -eq 0 ]; then
        break
    fi
done

if [ "$skip" -ne 0 ]; then
    # We checked all rules that matched the expected resemblance pattern (action, arch &amp; auid)
    # At this point we know if we need to either append the $full_rule or group
    # the syscall together with an exsiting rule

    # Append the full_rule if it cannot be grouped to any other rule
    if [ -z ${rule_to_edit+x} ]
    then
        # Build full_rule while avoid adding double spaces when other_filters is empty
        if [ "${#syscall_a[@]}" -gt 0 ]
        then
            syscall_string=""
            for syscall in "${syscall_a[@]}"
            do
                syscall_string+=" -S $syscall"
            done
        fi
        other_string=$([[ $OTHER_FILTERS ]] &amp;&amp; echo " $OTHER_FILTERS") || /bin/true
        auid_string=$([[ $AUID_FILTERS ]] &amp;&amp; echo " $AUID_FILTERS") || /bin/true
        full_rule="$ACTION_ARCH_FILTERS${syscall_string}${other_string}${auid_string} -F key=$KEY" || /bin/true
        echo "$full_rule" &gt;&gt; "$default_file"
        chmod 0600 ${default_file}
    else
        # Check if the syscalls are declared as a comma separated list or
        # as multiple -S parameters
        if grep -q -- "," &lt;&lt;&lt; "${rule_syscalls_to_edit}"
        then
            delimiter=","
        else
            delimiter=" -S "
        fi
        new_grouped_syscalls="${rule_syscalls_to_edit}"
        for syscall in "${syscall_a[@]}"
        do
            grep -q -- "\b${syscall}\b" &lt;&lt;&lt; "${rule_syscalls_to_edit}" || {
               # A syscall was not found in the candidate rule
               new_grouped_syscalls+="${delimiter}${syscall}"
               }
        done

        # Group the syscall in the rule
        sed -i -e "\#${rule_to_edit}#s#${rule_syscalls_to_edit}#${new_grouped_syscalls}#" "$file_to_edit"
    fi
fi
done

else
    &gt;&amp;2 echo 'Remediation is not applicable, nothing was done'
fi
</fix>
          <fix xmlns:xhtml="http://www.w3.org/1999/xhtml" id="audit_rules_time_clock_settime" system="urn:xccdf:fix:script:ansible" complexity="low" disruption="low" strategy="restrict">- name: Gather the package facts
  package_facts:
    manager: auto
  tags:
  - CCE-85816-7
  - CJIS-5.4.1.1
  - NIST-800-171-3.1.7
  - NIST-800-53-AC-6(9)
  - NIST-800-53-AU-12(c)
  - NIST-800-53-AU-2(d)
  - NIST-800-53-CM-6(a)
  - PCI-DSS-Req-10.4.2.b
  - PCI-DSSv4-10.6
  - PCI-DSSv4-10.6.3
  - audit_rules_time_clock_settime
  - low_complexity
  - low_disruption
  - medium_severity
  - no_reboot_needed
  - restrict_strategy

- name: Set architecture for audit tasks
  ansible.builtin.set_fact:
    audit_arch: b64
  when:
  - '"audit" in ansible_facts.packages'
  - ("kernel-default" in ansible_facts.packages or "kernel-default-base" in ansible_facts.packages)
  - ansible_architecture == "aarch64" or ansible_architecture == "ppc64" or ansible_architecture
    == "ppc64le" or ansible_architecture == "s390x" or ansible_architecture == "x86_64"
  tags:
  - CCE-85816-7
  - CJIS-5.4.1.1
  - NIST-800-171-3.1.7
  - NIST-800-53-AC-6(9)
  - NIST-800-53-AU-12(c)
  - NIST-800-53-AU-2(d)
  - NIST-800-53-CM-6(a)
  - PCI-DSS-Req-10.4.2.b
  - PCI-DSSv4-10.6
  - PCI-DSSv4-10.6.3
  - audit_rules_time_clock_settime
  - low_complexity
  - low_disruption
  - medium_severity
  - no_reboot_needed
  - restrict_strategy

- name: Perform remediation of Audit rules for clock_settime for 32bit platform
  block:

  - name: Declare list of syscalls
    ansible.builtin.set_fact:
      syscalls:
      - clock_settime
      syscall_grouping: []

  - name: Check existence of clock_settime in /etc/audit/rules.d/
    ansible.builtin.find:
      paths: /etc/audit/rules.d
      contains: -a always,exit -F arch=b32(( -S |,)\w+)*(( -S |,){{ item }})+(( -S
        |,)\w+)* -F a0=0x0 (-k\s+|-F\s+key=)\S+\s*$
      patterns: '*.rules'
    register: find_command
    loop: '{{ (syscall_grouping + syscalls) | unique }}'

  - name: Reset syscalls found per file
    ansible.builtin.set_fact:
      syscalls_per_file: {}
      found_paths_dict: {}

  - name: Declare syscalls found per file
    ansible.builtin.set_fact: syscalls_per_file="{{ syscalls_per_file | combine( {item.files[0].path
      :[item.item] + syscalls_per_file.get(item.files[0].path, []) } ) }}"
    loop: '{{ find_command.results | selectattr(''matched'') | list }}'

  - name: Declare files where syscalls were found
    ansible.builtin.set_fact: found_paths="{{ find_command.results | map(attribute='files')
      | flatten | map(attribute='path') | list }}"

  - name: Count occurrences of syscalls in paths
    ansible.builtin.set_fact: found_paths_dict="{{ found_paths_dict | combine({ item:1+found_paths_dict.get(item,
      0) }) }}"
    loop: '{{ find_command.results | map(attribute=''files'') | flatten | map(attribute=''path'')
      | list }}'

  - name: Get path with most syscalls
    ansible.builtin.set_fact: audit_file="{{ (found_paths_dict | dict2items() | sort(attribute='value')
      | last).key }}"
    when: found_paths | length &gt;= 1

  - name: No file with syscall found, set path to /etc/audit/rules.d/time-change.rules
    ansible.builtin.set_fact: audit_file="/etc/audit/rules.d/time-change.rules"
    when: found_paths | length == 0

  - name: Declare found syscalls
    ansible.builtin.set_fact: syscalls_found="{{ find_command.results | selectattr('matched')
      | map(attribute='item') | list }}"

  - name: Declare missing syscalls
    ansible.builtin.set_fact: missing_syscalls="{{ syscalls | difference(syscalls_found)
      }}"

  - name: Replace the audit rule in {{ audit_file }}
    ansible.builtin.lineinfile:
      path: '{{ audit_file }}'
      regexp: (-a always,exit -F arch=b32)(?=.*(?:(?:-S |,)(?:{{ syscalls_per_file[audit_file]
        | join("|") }}))\b)((?:( -S |,)\w+)+)( -F a0=0x0 (?:-k |-F key=)\w+)
      line: \1\2\3{{ missing_syscalls | join("\3") }}\4
      backrefs: true
      state: present
      mode: g-rwx,o-rwx
    when: syscalls_found | length &gt; 0 and missing_syscalls | length &gt; 0

  - name: Add the audit rule to {{ audit_file }}
    ansible.builtin.lineinfile:
      path: '{{ audit_file }}'
      line: -a always,exit -F arch=b32 -S {{ syscalls | join(',') }} -F a0=0x0 -F
        key=time-change
      create: true
      mode: g-rwx,o-rwx
      state: present
    when: syscalls_found | length == 0

  - name: Declare list of syscalls
    ansible.builtin.set_fact:
      syscalls:
      - clock_settime
      syscall_grouping: []

  - name: Check existence of clock_settime in /etc/audit/audit.rules
    ansible.builtin.find:
      paths: /etc/audit
      contains: -a always,exit -F arch=b32(( -S |,)\w+)*(( -S |,){{ item }})+(( -S
        |,)\w+)* -F a0=0x0 (-k\s+|-F\s+key=)\S+\s*$
      patterns: audit.rules
    register: find_command
    loop: '{{ (syscall_grouping + syscalls) | unique }}'

  - name: Set path to /etc/audit/audit.rules
    ansible.builtin.set_fact: audit_file="/etc/audit/audit.rules"

  - name: Declare found syscalls
    ansible.builtin.set_fact: syscalls_found="{{ find_command.results | selectattr('matched')
      | map(attribute='item') | list }}"

  - name: Declare missing syscalls
    ansible.builtin.set_fact: missing_syscalls="{{ syscalls | difference(syscalls_found)
      }}"

  - name: Replace the audit rule in {{ audit_file }}
    ansible.builtin.lineinfile:
      path: '{{ audit_file }}'
      regexp: (-a always,exit -F arch=b32)(?=.*(?:(?:-S |,)(?:{{ syscalls_found |
        join("|") }}))\b)((?:( -S |,)\w+)+)( -F a0=0x0 (?:-k |-F key=)\w+)
      line: \1\2\3{{ missing_syscalls | join("\3") }}\4
      backrefs: true
      state: present
      mode: g-rwx,o-rwx
    when: syscalls_found | length &gt; 0 and missing_syscalls | length &gt; 0

  - name: Add the audit rule to {{ audit_file }}
    ansible.builtin.lineinfile:
      path: '{{ audit_file }}'
      line: -a always,exit -F arch=b32 -S {{ syscalls | join(',') }} -F a0=0x0 -F
        key=time-change
      create: true
      mode: g-rwx,o-rwx
      state: present
    when: syscalls_found | length == 0
  when:
  - '"audit" in ansible_facts.packages'
  - ("kernel-default" in ansible_facts.packages or "kernel-default-base" in ansible_facts.packages)
  tags:
  - CCE-85816-7
  - CJIS-5.4.1.1
  - NIST-800-171-3.1.7
  - NIST-800-53-AC-6(9)
  - NIST-800-53-AU-12(c)
  - NIST-800-53-AU-2(d)
  - NIST-800-53-CM-6(a)
  - PCI-DSS-Req-10.4.2.b
  - PCI-DSSv4-10.6
  - PCI-DSSv4-10.6.3
  - audit_rules_time_clock_settime
  - low_complexity
  - low_disruption
  - medium_severity
  - no_reboot_needed
  - restrict_strategy

- name: Perform remediation of Audit rules for clock_settime for 64bit platform
  block:

  - name: Declare list of syscalls
    ansible.builtin.set_fact:
      syscalls:
      - clock_settime
      syscall_grouping: []

  - name: Check existence of clock_settime in /etc/audit/rules.d/
    ansible.builtin.find:
      paths: /etc/audit/rules.d
      contains: -a always,exit -F arch=b64(( -S |,)\w+)*(( -S |,){{ item }})+(( -S
        |,)\w+)* -F a0=0x0 (-k\s+|-F\s+key=)\S+\s*$
      patterns: '*.rules'
    register: find_command
    loop: '{{ (syscall_grouping + syscalls) | unique }}'

  - name: Reset syscalls found per file
    ansible.builtin.set_fact:
      syscalls_per_file: {}
      found_paths_dict: {}

  - name: Declare syscalls found per file
    ansible.builtin.set_fact: syscalls_per_file="{{ syscalls_per_file | combine( {item.files[0].path
      :[item.item] + syscalls_per_file.get(item.files[0].path, []) } ) }}"
    loop: '{{ find_command.results | selectattr(''matched'') | list }}'

  - name: Declare files where syscalls were found
    ansible.builtin.set_fact: found_paths="{{ find_command.results | map(attribute='files')
      | flatten | map(attribute='path') | list }}"

  - name: Count occurrences of syscalls in paths
    ansible.builtin.set_fact: found_paths_dict="{{ found_paths_dict | combine({ item:1+found_paths_dict.get(item,
      0) }) }}"
    loop: '{{ find_command.results | map(attribute=''files'') | flatten | map(attribute=''path'')
      | list }}'

  - name: Get path with most syscalls
    ansible.builtin.set_fact: audit_file="{{ (found_paths_dict | dict2items() | sort(attribute='value')
      | last).key }}"
    when: found_paths | length &gt;= 1

  - name: No file with syscall found, set path to /etc/audit/rules.d/time-change.rules
    ansible.builtin.set_fact: audit_file="/etc/audit/rules.d/time-change.rules"
    when: found_paths | length == 0

  - name: Declare found syscalls
    ansible.builtin.set_fact: syscalls_found="{{ find_command.results | selectattr('matched')
      | map(attribute='item') | list }}"

  - name: Declare missing syscalls
    ansible.builtin.set_fact: missing_syscalls="{{ syscalls | difference(syscalls_found)
      }}"

  - name: Replace the audit rule in {{ audit_file }}
    ansible.builtin.lineinfile:
      path: '{{ audit_file }}'
      regexp: (-a always,exit -F arch=b64)(?=.*(?:(?:-S |,)(?:{{ syscalls_per_file[audit_file]
        | join("|") }}))\b)((?:( -S |,)\w+)+)( -F a0=0x0 (?:-k |-F key=)\w+)
      line: \1\2\3{{ missing_syscalls | join("\3") }}\4
      backrefs: true
      state: present
      mode: g-rwx,o-rwx
    when: syscalls_found | length &gt; 0 and missing_syscalls | length &gt; 0

  - name: Add the audit rule to {{ audit_file }}
    ansible.builtin.lineinfile:
      path: '{{ audit_file }}'
      line: -a always,exit -F arch=b64 -S {{ syscalls | join(',') }} -F a0=0x0 -F
        key=time-change
      create: true
      mode: g-rwx,o-rwx
      state: present
    when: syscalls_found | length == 0

  - name: Declare list of syscalls
    ansible.builtin.set_fact:
      syscalls:
      - clock_settime
      syscall_grouping: []

  - name: Check existence of clock_settime in /etc/audit/audit.rules
    ansible.builtin.find:
      paths: /etc/audit
      contains: -a always,exit -F arch=b64(( -S |,)\w+)*(( -S |,){{ item }})+(( -S
        |,)\w+)* -F a0=0x0 (-k\s+|-F\s+key=)\S+\s*$
      patterns: audit.rules
    register: find_command
    loop: '{{ (syscall_grouping + syscalls) | unique }}'

  - name: Set path to /etc/audit/audit.rules
    ansible.builtin.set_fact: audit_file="/etc/audit/audit.rules"

  - name: Declare found syscalls
    ansible.builtin.set_fact: syscalls_found="{{ find_command.results | selectattr('matched')
      | map(attribute='item') | list }}"

  - name: Declare missing syscalls
    ansible.builtin.set_fact: missing_syscalls="{{ syscalls | difference(syscalls_found)
      }}"

  - name: Replace the audit rule in {{ audit_file }}
    ansible.builtin.lineinfile:
      path: '{{ audit_file }}'
      regexp: (-a always,exit -F arch=b64)(?=.*(?:(?:-S |,)(?:{{ syscalls_found |
        join("|") }}))\b)((?:( -S |,)\w+)+)( -F a0=0x0 (?:-k |-F key=)\w+)
      line: \1\2\3{{ missing_syscalls | join("\3") }}\4
      backrefs: true
      state: present
      mode: g-rwx,o-rwx
    when: syscalls_found | length &gt; 0 and missing_syscalls | length &gt; 0

  - name: Add the audit rule to {{ audit_file }}
    ansible.builtin.lineinfile:
      path: '{{ audit_file }}'
      line: -a always,exit -F arch=b64 -S {{ syscalls | join(',') }} -F a0=0x0 -F
        key=time-change
      create: true
      mode: g-rwx,o-rwx
      state: present
    when: syscalls_found | length == 0
  when:
  - '"audit" in ansible_facts.packages'
  - ("kernel-default" in ansible_facts.packages or "kernel-default-base" in ansible_facts.packages)
  - audit_arch == "b64"
  tags:
  - CCE-85816-7
  - CJIS-5.4.1.1
  - NIST-800-171-3.1.7
  - NIST-800-53-AC-6(9)
  - NIST-800-53-AU-12(c)
  - NIST-800-53-AU-2(d)
  - NIST-800-53-CM-6(a)
  - PCI-DSS-Req-10.4.2.b
  - PCI-DSSv4-10.6
  - PCI-DSSv4-10.6.3
  - audit_rules_time_clock_settime
  - low_complexity
  - low_disruption
  - medium_severity
  - no_reboot_needed
  - restrict_strategy
</fix>
          <check system="http://oval.mitre.org/XMLSchema/oval-definitions-5">
            <check-content-ref name="oval:ssg-audit_rules_time_clock_settime:def:1" href="ssg-sle15-oval.xml"/>
          </check>
          <check system="http://scap.nist.gov/schema/ocil/2">
            <check-content-ref name="ocil:ssg-audit_rules_time_clock_settime_ocil:questionnaire:1" href="ssg-sle15-ocil.xml"/>
          </check>
        </Rule>
        <Rule id="xccdf_org.ssgproject.content_rule_audit_rules_time_settimeofday" selected="false" role="full" severity="medium">
          <title xmlns:xhtml="http://www.w3.org/1999/xhtml" xml:lang="en-US">Record attempts to alter time through settimeofday</title>
          <description xmlns:xhtml="http://www.w3.org/1999/xhtml" xml:lang="en-US">If the <html:code xmlns:html="http://www.w3.org/1999/xhtml">auditd</html:code> daemon is configured to use the
<html:code xmlns:html="http://www.w3.org/1999/xhtml">augenrules</html:code> program to read audit rules during daemon startup (the
default), add the following line to a file with suffix <html:code xmlns:html="http://www.w3.org/1999/xhtml">.rules</html:code> in the
directory <html:code xmlns:html="http://www.w3.org/1999/xhtml">/etc/audit/rules.d</html:code>:
<html:pre xmlns:html="http://www.w3.org/1999/xhtml">-a always,exit -F arch=b32 -S settimeofday -F key=audit_time_rules</html:pre>
If the system is 64 bit then also add the following line:
<html:pre xmlns:html="http://www.w3.org/1999/xhtml">-a always,exit -F arch=b64 -S settimeofday -F key=audit_time_rules</html:pre>
If the <html:code xmlns:html="http://www.w3.org/1999/xhtml">auditd</html:code> daemon is configured to use the <html:code xmlns:html="http://www.w3.org/1999/xhtml">auditctl</html:code>
utility to read audit rules during daemon startup, add the following line to
<html:code xmlns:html="http://www.w3.org/1999/xhtml">/etc/audit/audit.rules</html:code> file:
<html:pre xmlns:html="http://www.w3.org/1999/xhtml">-a always,exit -F arch=b32 -S settimeofday -F key=audit_time_rules</html:pre>
If the system is 64 bit then also add the following line:
<html:pre xmlns:html="http://www.w3.org/1999/xhtml">-a always,exit -F arch=b64 -S settimeofday -F key=audit_time_rules</html:pre>
The -k option allows for the specification of a key in string form that can be
used for better reporting capability through ausearch and aureport. Multiple
system calls can be defined on the same line to save space if desired, but is
not required. See an example of multiple combined syscalls:
<html:pre xmlns:html="http://www.w3.org/1999/xhtml">-a always,exit -F arch=b64 -S adjtimex,settimeofday -F key=audit_time_rules</html:pre>
       </description>
          <reference href="https://www.cisecurity.org/controls/">1</reference>
          <reference href="https://www.cisecurity.org/controls/">11</reference>
          <reference href="https://www.cisecurity.org/controls/">12</reference>
          <reference href="https://www.cisecurity.org/controls/">13</reference>
          <reference href="https://www.cisecurity.org/controls/">14</reference>
          <reference href="https://www.cisecurity.org/controls/">15</reference>
          <reference href="https://www.cisecurity.org/controls/">16</reference>
          <reference href="https://www.cisecurity.org/controls/">19</reference>
          <reference href="https://www.cisecurity.org/controls/">2</reference>
          <reference href="https://www.cisecurity.org/controls/">3</reference>
          <reference href="https://www.cisecurity.org/controls/">4</reference>
          <reference href="https://www.cisecurity.org/controls/">5</reference>
          <reference href="https://www.cisecurity.org/controls/">6</reference>
          <reference href="https://www.cisecurity.org/controls/">7</reference>
          <reference href="https://www.cisecurity.org/controls/">8</reference>
          <reference href="https://www.cisecurity.org/controls/">9</reference>
          <reference href="https://www.fbi.gov/file-repository/cjis-security-policy-v5_5_20160601-2-1.pdf">5.4.1.1</reference>
          <reference href="https://www.isaca.org/resources/cobit">APO10.01</reference>
          <reference href="https://www.isaca.org/resources/cobit">APO10.03</reference>
          <reference href="https://www.isaca.org/resources/cobit">APO10.04</reference>
          <reference href="https://www.isaca.org/resources/cobit">APO10.05</reference>
          <reference href="https://www.isaca.org/resources/cobit">APO11.04</reference>
          <reference href="https://www.isaca.org/resources/cobit">APO12.06</reference>
          <reference href="https://www.isaca.org/resources/cobit">APO13.01</reference>
          <reference href="https://www.isaca.org/resources/cobit">BAI03.05</reference>
          <reference href="https://www.isaca.org/resources/cobit">BAI08.02</reference>
          <reference href="https://www.isaca.org/resources/cobit">DSS01.03</reference>
          <reference href="https://www.isaca.org/resources/cobit">DSS01.04</reference>
          <reference href="https://www.isaca.org/resources/cobit">DSS02.02</reference>
          <reference href="https://www.isaca.org/resources/cobit">DSS02.04</reference>
          <reference href="https://www.isaca.org/resources/cobit">DSS02.07</reference>
          <reference href="https://www.isaca.org/resources/cobit">DSS03.01</reference>
          <reference href="https://www.isaca.org/resources/cobit">DSS03.05</reference>
          <reference href="https://www.isaca.org/resources/cobit">DSS05.02</reference>
          <reference href="https://www.isaca.org/resources/cobit">DSS05.03</reference>
          <reference href="https://www.isaca.org/resources/cobit">DSS05.04</reference>
          <reference href="https://www.isaca.org/resources/cobit">DSS05.05</reference>
          <reference href="https://www.isaca.org/resources/cobit">DSS05.07</reference>
          <reference href="https://www.isaca.org/resources/cobit">MEA01.01</reference>
          <reference href="https://www.isaca.org/resources/cobit">MEA01.02</reference>
          <reference href="https://www.isaca.org/resources/cobit">MEA01.03</reference>
          <reference href="https://www.isaca.org/resources/cobit">MEA01.04</reference>
          <reference href="https://www.isaca.org/resources/cobit">MEA01.05</reference>
          <reference href="https://www.isaca.org/resources/cobit">MEA02.01</reference>
          <reference href="http://nvlpubs.nist.gov/nistpubs/SpecialPublications/NIST.SP.800-171.pdf">3.1.7</reference>
          <reference href="https://www.gpo.gov/fdsys/pkg/CFR-2007-title45-vol1/pdf/CFR-2007-title45-vol1-chapA-subchapC.pdf">164.308(a)(1)(ii)(D)</reference>
          <reference href="https://www.gpo.gov/fdsys/pkg/CFR-2007-title45-vol1/pdf/CFR-2007-title45-vol1-chapA-subchapC.pdf">164.308(a)(3)(ii)(A)</reference>
          <reference href="https://www.gpo.gov/fdsys/pkg/CFR-2007-title45-vol1/pdf/CFR-2007-title45-vol1-chapA-subchapC.pdf">164.308(a)(5)(ii)(C)</reference>
          <reference href="https://www.gpo.gov/fdsys/pkg/CFR-2007-title45-vol1/pdf/CFR-2007-title45-vol1-chapA-subchapC.pdf">164.312(a)(2)(i)</reference>
          <reference href="https://www.gpo.gov/fdsys/pkg/CFR-2007-title45-vol1/pdf/CFR-2007-title45-vol1-chapA-subchapC.pdf">164.312(b)</reference>
          <reference href="https://www.gpo.gov/fdsys/pkg/CFR-2007-title45-vol1/pdf/CFR-2007-title45-vol1-chapA-subchapC.pdf">164.312(d)</reference>
          <reference href="https://www.gpo.gov/fdsys/pkg/CFR-2007-title45-vol1/pdf/CFR-2007-title45-vol1-chapA-subchapC.pdf">164.312(e)</reference>
          <reference href="https://www.isa.org/products/isa-62443-2-1-2009-security-for-industrial-automat">4.2.3.10</reference>
          <reference href="https://www.isa.org/products/isa-62443-2-1-2009-security-for-industrial-automat">4.3.2.6.7</reference>
          <reference href="https://www.isa.org/products/isa-62443-2-1-2009-security-for-industrial-automat">4.3.3.3.9</reference>
          <reference href="https://www.isa.org/products/isa-62443-2-1-2009-security-for-industrial-automat">4.3.3.5.8</reference>
          <reference href="https://www.isa.org/products/isa-62443-2-1-2009-security-for-industrial-automat">4.3.3.6.6</reference>
          <reference href="https://www.isa.org/products/isa-62443-2-1-2009-security-for-industrial-automat">4.3.4.4.7</reference>
          <reference href="https://www.isa.org/products/isa-62443-2-1-2009-security-for-industrial-automat">4.3.4.5.6</reference>
          <reference href="https://www.isa.org/products/isa-62443-2-1-2009-security-for-industrial-automat">4.3.4.5.7</reference>
          <reference href="https://www.isa.org/products/isa-62443-2-1-2009-security-for-industrial-automat">4.3.4.5.8</reference>
          <reference href="https://www.isa.org/products/isa-62443-2-1-2009-security-for-industrial-automat">4.4.2.1</reference>
          <reference href="https://www.isa.org/products/isa-62443-2-1-2009-security-for-industrial-automat">4.4.2.2</reference>
          <reference href="https://www.isa.org/products/isa-62443-2-1-2009-security-for-industrial-automat">4.4.2.4</reference>
          <reference href="https://www.isa.org/products/ansi-isa-62443-3-3-99-03-03-2013-security-for-indu">SR 1.13</reference>
          <reference href="https://www.isa.org/products/ansi-isa-62443-3-3-99-03-03-2013-security-for-indu">SR 2.10</reference>
          <reference href="https://www.isa.org/products/ansi-isa-62443-3-3-99-03-03-2013-security-for-indu">SR 2.11</reference>
          <reference href="https://www.isa.org/products/ansi-isa-62443-3-3-99-03-03-2013-security-for-indu">SR 2.12</reference>
          <reference href="https://www.isa.org/products/ansi-isa-62443-3-3-99-03-03-2013-security-for-indu">SR 2.6</reference>
          <reference href="https://www.isa.org/products/ansi-isa-62443-3-3-99-03-03-2013-security-for-indu">SR 2.8</reference>
          <reference href="https://www.isa.org/products/ansi-isa-62443-3-3-99-03-03-2013-security-for-indu">SR 2.9</reference>
          <reference href="https://www.isa.org/products/ansi-isa-62443-3-3-99-03-03-2013-security-for-indu">SR 3.1</reference>
          <reference href="https://www.isa.org/products/ansi-isa-62443-3-3-99-03-03-2013-security-for-indu">SR 3.5</reference>
          <reference href="https://www.isa.org/products/ansi-isa-62443-3-3-99-03-03-2013-security-for-indu">SR 3.8</reference>
          <reference href="https://www.isa.org/products/ansi-isa-62443-3-3-99-03-03-2013-security-for-indu">SR 4.1</reference>
          <reference href="https://www.isa.org/products/ansi-isa-62443-3-3-99-03-03-2013-security-for-indu">SR 4.3</reference>
          <reference href="https://www.isa.org/products/ansi-isa-62443-3-3-99-03-03-2013-security-for-indu">SR 5.1</reference>
          <reference href="https://www.isa.org/products/ansi-isa-62443-3-3-99-03-03-2013-security-for-indu">SR 5.2</reference>
          <reference href="https://www.isa.org/products/ansi-isa-62443-3-3-99-03-03-2013-security-for-indu">SR 5.3</reference>
          <reference href="https://www.isa.org/products/ansi-isa-62443-3-3-99-03-03-2013-security-for-indu">SR 6.1</reference>
          <reference href="https://www.isa.org/products/ansi-isa-62443-3-3-99-03-03-2013-security-for-indu">SR 6.2</reference>
          <reference href="https://www.isa.org/products/ansi-isa-62443-3-3-99-03-03-2013-security-for-indu">SR 7.1</reference>
          <reference href="https://www.isa.org/products/ansi-isa-62443-3-3-99-03-03-2013-security-for-indu">SR 7.6</reference>
          <reference href="https://www.iso.org/contents/data/standard/05/45/54534.html">A.11.2.6</reference>
          <reference href="https://www.iso.org/contents/data/standard/05/45/54534.html">A.12.4.1</reference>
          <reference href="https://www.iso.org/contents/data/standard/05/45/54534.html">A.12.4.2</reference>
          <reference href="https://www.iso.org/contents/data/standard/05/45/54534.html">A.12.4.3</reference>
          <reference href="https://www.iso.org/contents/data/standard/05/45/54534.html">A.12.4.4</reference>
          <reference href="https://www.iso.org/contents/data/standard/05/45/54534.html">A.12.7.1</reference>
          <reference href="https://www.iso.org/contents/data/standard/05/45/54534.html">A.13.1.1</reference>
          <reference href="https://www.iso.org/contents/data/standard/05/45/54534.html">A.13.2.1</reference>
          <reference href="https://www.iso.org/contents/data/standard/05/45/54534.html">A.14.1.3</reference>
          <reference href="https://www.iso.org/contents/data/standard/05/45/54534.html">A.14.2.7</reference>
          <reference href="https://www.iso.org/contents/data/standard/05/45/54534.html">A.15.2.1</reference>
          <reference href="https://www.iso.org/contents/data/standard/05/45/54534.html">A.15.2.2</reference>
          <reference href="https://www.iso.org/contents/data/standard/05/45/54534.html">A.16.1.4</reference>
          <reference href="https://www.iso.org/contents/data/standard/05/45/54534.html">A.16.1.5</reference>
          <reference href="https://www.iso.org/contents/data/standard/05/45/54534.html">A.16.1.7</reference>
          <reference href="https://www.iso.org/contents/data/standard/05/45/54534.html">A.6.2.1</reference>
          <reference href="https://www.iso.org/contents/data/standard/05/45/54534.html">A.6.2.2</reference>
          <reference href="http://nvlpubs.nist.gov/nistpubs/SpecialPublications/NIST.SP.800-53r4.pdf">AU-2(d)</reference>
          <reference href="http://nvlpubs.nist.gov/nistpubs/SpecialPublications/NIST.SP.800-53r4.pdf">AU-12(c)</reference>
          <reference href="http://nvlpubs.nist.gov/nistpubs/SpecialPublications/NIST.SP.800-53r4.pdf">AC-6(9)</reference>
          <reference href="http://nvlpubs.nist.gov/nistpubs/SpecialPublications/NIST.SP.800-53r4.pdf">CM-6(a)</reference>
          <reference href="https://nvlpubs.nist.gov/nistpubs/CSWP/NIST.CSWP.04162018.pdf">DE.AE-3</reference>
          <reference href="https://nvlpubs.nist.gov/nistpubs/CSWP/NIST.CSWP.04162018.pdf">DE.AE-5</reference>
          <reference href="https://nvlpubs.nist.gov/nistpubs/CSWP/NIST.CSWP.04162018.pdf">DE.CM-1</reference>
          <reference href="https://nvlpubs.nist.gov/nistpubs/CSWP/NIST.CSWP.04162018.pdf">DE.CM-3</reference>
          <reference href="https://nvlpubs.nist.gov/nistpubs/CSWP/NIST.CSWP.04162018.pdf">DE.CM-7</reference>
          <reference href="https://nvlpubs.nist.gov/nistpubs/CSWP/NIST.CSWP.04162018.pdf">ID.SC-4</reference>
          <reference href="https://nvlpubs.nist.gov/nistpubs/CSWP/NIST.CSWP.04162018.pdf">PR.AC-3</reference>
          <reference href="https://nvlpubs.nist.gov/nistpubs/CSWP/NIST.CSWP.04162018.pdf">PR.PT-1</reference>
          <reference href="https://nvlpubs.nist.gov/nistpubs/CSWP/NIST.CSWP.04162018.pdf">PR.PT-4</reference>
          <reference href="https://nvlpubs.nist.gov/nistpubs/CSWP/NIST.CSWP.04162018.pdf">RS.AN-1</reference>
          <reference href="https://nvlpubs.nist.gov/nistpubs/CSWP/NIST.CSWP.04162018.pdf">RS.AN-4</reference>
          <reference href="https://www.pcisecuritystandards.org/documents/PCI_DSS_v3-2-1.pdf">Req-10.4.2.b</reference>
          <reference href="https://www.cisecurity.org/benchmark/suse_linux/">4.1.3</reference>
          <reference href="not_publicly_available">SLES-15-750450180</reference>
          <reference href="https://www.cyber.gov.au/acsc/view-all-content/ism">0582</reference>
          <reference href="https://docs-prv.pcisecuritystandards.org/PCI%20DSS/Standard/PCI-DSS-v4_0.pdf">10.6.3</reference>
          <reference href="https://docs-prv.pcisecuritystandards.org/PCI%20DSS/Standard/PCI-DSS-v4_0.pdf">10.6</reference>
          <rationale xmlns:xhtml="http://www.w3.org/1999/xhtml" xml:lang="en-US">Arbitrary changes to the system time can be used to obfuscate
nefarious activities in log files, as well as to confuse network services that
are highly dependent upon an accurate system time (such as sshd). All changes
to the system time should be audited.</rationale>
          <ident system="https://ncp.nist.gov/cce">CCE-85813-4</ident>
          <fix xmlns:xhtml="http://www.w3.org/1999/xhtml" id="audit_rules_time_settimeofday" system="urn:xccdf:fix:script:sh"># Remediation is applicable only in certain platforms
if rpm --quiet -q audit &amp;&amp; rpm --quiet -q kernel-default || rpm --quiet -q kernel-default-base; then

# Retrieve hardware architecture of the underlying system
[ "$(getconf LONG_BIT)" = "32" ] &amp;&amp; RULE_ARCHS=("b32") || RULE_ARCHS=("b32" "b64")

for ARCH in "${RULE_ARCHS[@]}"
do
    # Create expected audit group and audit rule form for particular system call &amp; architecture
    if [ ${ARCH} = "b32" ]
    then
        ACTION_ARCH_FILTERS="-a always,exit -F arch=$ARCH"
        # stime system call is known at 32-bit arch (see e.g "$ ausyscall i386 stime" 's output)
        # so append it to the list of time group system calls to be audited
        SYSCALL="adjtimex settimeofday stime"
        SYSCALL_GROUPING="adjtimex settimeofday stime"
    elif [ ${ARCH} = "b64" ]
    then
        ACTION_ARCH_FILTERS="-a always,exit -F arch=$ARCH"
        # stime system call isn't known at 64-bit arch (see "$ ausyscall x86_64 stime" 's output)
        # therefore don't add it to the list of time group system calls to be audited
        SYSCALL="adjtimex settimeofday"
        SYSCALL_GROUPING="adjtimex settimeofday"
    fi
    OTHER_FILTERS=""
    AUID_FILTERS=""
    KEY="audit_time_rules"
    # Perform the remediation for both possible tools: 'auditctl' and 'augenrules'
    unset syscall_a
    unset syscall_grouping
    unset syscall_string
    unset syscall
    unset file_to_edit
    unset rule_to_edit
    unset rule_syscalls_to_edit
    unset other_string
    unset auid_string
    unset full_rule

    # Load macro arguments into arrays
    read -a syscall_a &lt;&lt;&lt; $SYSCALL
    read -a syscall_grouping &lt;&lt;&lt; $SYSCALL_GROUPING

    # Create a list of audit *.rules files that should be inspected for presence and correctness
    # of a particular audit rule. The scheme is as follows:
    #
    # -----------------------------------------------------------------------------------------
    #  Tool used to load audit rules | Rule already defined  |  Audit rules file to inspect    |
    # -----------------------------------------------------------------------------------------
    #        auditctl                |     Doesn't matter    |  /etc/audit/audit.rules         |
    # -----------------------------------------------------------------------------------------
    #        augenrules              |          Yes          |  /etc/audit/rules.d/*.rules     |
    #        augenrules              |          No           |  /etc/audit/rules.d/$key.rules  |
    # -----------------------------------------------------------------------------------------
    #
    files_to_inspect=()

    # If audit tool is 'augenrules', then check if the audit rule is defined
    # If rule is defined, add '/etc/audit/rules.d/*.rules' to the list for inspection
    # If rule isn't defined yet, add '/etc/audit/rules.d/$key.rules' to the list for inspection
    default_file="/etc/audit/rules.d/$KEY.rules"
    # As other_filters may include paths, lets use a different delimiter for it
    # The "F" script expression tells sed to print the filenames where the expressions matched
    readarray -t files_to_inspect &lt; &lt;(sed -s -n -e "/^$ACTION_ARCH_FILTERS/!d" -e "\#$OTHER_FILTERS#!d" -e "/$AUID_FILTERS/!d" -e "F" /etc/audit/rules.d/*.rules)
    # Case when particular rule isn't defined in /etc/audit/rules.d/*.rules yet
    if [ ${#files_to_inspect[@]} -eq "0" ]
    then
        file_to_inspect="/etc/audit/rules.d/$KEY.rules"
        files_to_inspect=("$file_to_inspect")
        if [ ! -e "$file_to_inspect" ]
        then
            touch "$file_to_inspect"
            chmod 0600 "$file_to_inspect"
        fi
    fi

    # After converting to jinja, we cannot return; therefore we skip the rest of the macro if needed instead
    skip=1

    for audit_file in "${files_to_inspect[@]}"
    do
        # Filter existing $audit_file rules' definitions to select those that satisfy the rule pattern,
        # i.e, collect rules that match:
        # * the action, list and arch, (2-nd argument)
        # * the other filters, (3-rd argument)
        # * the auid filters, (4-rd argument)
        readarray -t similar_rules &lt; &lt;(sed -e "/^$ACTION_ARCH_FILTERS/!d"  -e "\#$OTHER_FILTERS#!d" -e "/$AUID_FILTERS/!d" "$audit_file")

        candidate_rules=()
        # Filter out rules that have more fields then required. This will remove rules more specific than the required scope
        for s_rule in "${similar_rules[@]}"
        do
            # Strip all the options and fields we know of,
            # than check if there was any field left over
            extra_fields=$(sed -E -e "s/^$ACTION_ARCH_FILTERS//"  -e "s#$OTHER_FILTERS##" -e "s/$AUID_FILTERS//" -e "s/((:?-S [[:alnum:],]+)+)//g" -e "s/-F key=\w+|-k \w+//"&lt;&lt;&lt; "$s_rule")
            grep -q -- "-F" &lt;&lt;&lt; "$extra_fields" || candidate_rules+=("$s_rule")
        done

        if [[ ${#syscall_a[@]} -ge 1 ]]
        then
            # Check if the syscall we want is present in any of the similar existing rules
            for rule in "${candidate_rules[@]}"
            do
                rule_syscalls=$(echo "$rule" | grep -o -P '(-S [\w,]+)+' | xargs)
                all_syscalls_found=0
                for syscall in "${syscall_a[@]}"
                do
                    grep -q -- "\b${syscall}\b" &lt;&lt;&lt; "$rule_syscalls" || {
                       # A syscall was not found in the candidate rule
                       all_syscalls_found=1
                       }
                done
                if [[ $all_syscalls_found -eq 0 ]]
                then
                    # We found a rule with all the syscall(s) we want; skip rest of macro
                    skip=0
                    break
                fi

                # Check if this rule can be grouped with our target syscall and keep track of it
                for syscall_g in "${syscall_grouping[@]}"
                do
                    if grep -q -- "\b${syscall_g}\b" &lt;&lt;&lt; "$rule_syscalls"
                    then
                        file_to_edit=${audit_file}
                        rule_to_edit=${rule}
                        rule_syscalls_to_edit=${rule_syscalls}
                    fi
                done
            done
        else
            # If there is any candidate rule, it is compliant; skip rest of macro
            if [ "${#candidate_rules[@]}" -gt 0 ]
            then
                skip=0
            fi
        fi

        if [ "$skip" -eq 0 ]; then
            break
        fi
    done

    if [ "$skip" -ne 0 ]; then
        # We checked all rules that matched the expected resemblance pattern (action, arch &amp; auid)
        # At this point we know if we need to either append the $full_rule or group
        # the syscall together with an exsiting rule

        # Append the full_rule if it cannot be grouped to any other rule
        if [ -z ${rule_to_edit+x} ]
        then
            # Build full_rule while avoid adding double spaces when other_filters is empty
            if [ "${#syscall_a[@]}" -gt 0 ]
            then
                syscall_string=""
                for syscall in "${syscall_a[@]}"
                do
                    syscall_string+=" -S $syscall"
                done
            fi
            other_string=$([[ $OTHER_FILTERS ]] &amp;&amp; echo " $OTHER_FILTERS") || /bin/true
            auid_string=$([[ $AUID_FILTERS ]] &amp;&amp; echo " $AUID_FILTERS") || /bin/true
            full_rule="$ACTION_ARCH_FILTERS${syscall_string}${other_string}${auid_string} -F key=$KEY" || /bin/true
            echo "$full_rule" &gt;&gt; "$default_file"
            chmod 0600 ${default_file}
        else
            # Check if the syscalls are declared as a comma separated list or
            # as multiple -S parameters
            if grep -q -- "," &lt;&lt;&lt; "${rule_syscalls_to_edit}"
            then
                delimiter=","
            else
                delimiter=" -S "
            fi
            new_grouped_syscalls="${rule_syscalls_to_edit}"
            for syscall in "${syscall_a[@]}"
            do
                grep -q -- "\b${syscall}\b" &lt;&lt;&lt; "${rule_syscalls_to_edit}" || {
                   # A syscall was not found in the candidate rule
                   new_grouped_syscalls+="${delimiter}${syscall}"
                   }
            done

            # Group the syscall in the rule
            sed -i -e "\#${rule_to_edit}#s#${rule_syscalls_to_edit}#${new_grouped_syscalls}#" "$file_to_edit"
        fi
    fi
    unset syscall_a
    unset syscall_grouping
    unset syscall_string
    unset syscall
    unset file_to_edit
    unset rule_to_edit
    unset rule_syscalls_to_edit
    unset other_string
    unset auid_string
    unset full_rule

    # Load macro arguments into arrays
    read -a syscall_a &lt;&lt;&lt; $SYSCALL
    read -a syscall_grouping &lt;&lt;&lt; $SYSCALL_GROUPING

    # Create a list of audit *.rules files that should be inspected for presence and correctness
    # of a particular audit rule. The scheme is as follows:
    #
    # -----------------------------------------------------------------------------------------
    #  Tool used to load audit rules | Rule already defined  |  Audit rules file to inspect    |
    # -----------------------------------------------------------------------------------------
    #        auditctl                |     Doesn't matter    |  /etc/audit/audit.rules         |
    # -----------------------------------------------------------------------------------------
    #        augenrules              |          Yes          |  /etc/audit/rules.d/*.rules     |
    #        augenrules              |          No           |  /etc/audit/rules.d/$key.rules  |
    # -----------------------------------------------------------------------------------------
    #
    files_to_inspect=()


    # If audit tool is 'auditctl', then add '/etc/audit/audit.rules'
    # file to the list of files to be inspected
    default_file="/etc/audit/audit.rules"
    files_to_inspect+=('/etc/audit/audit.rules' )

    # After converting to jinja, we cannot return; therefore we skip the rest of the macro if needed instead
    skip=1

    for audit_file in "${files_to_inspect[@]}"
    do
        # Filter existing $audit_file rules' definitions to select those that satisfy the rule pattern,
        # i.e, collect rules that match:
        # * the action, list and arch, (2-nd argument)
        # * the other filters, (3-rd argument)
        # * the auid filters, (4-rd argument)
        readarray -t similar_rules &lt; &lt;(sed -e "/^$ACTION_ARCH_FILTERS/!d"  -e "\#$OTHER_FILTERS#!d" -e "/$AUID_FILTERS/!d" "$audit_file")

        candidate_rules=()
        # Filter out rules that have more fields then required. This will remove rules more specific than the required scope
        for s_rule in "${similar_rules[@]}"
        do
            # Strip all the options and fields we know of,
            # than check if there was any field left over
            extra_fields=$(sed -E -e "s/^$ACTION_ARCH_FILTERS//"  -e "s#$OTHER_FILTERS##" -e "s/$AUID_FILTERS//" -e "s/((:?-S [[:alnum:],]+)+)//g" -e "s/-F key=\w+|-k \w+//"&lt;&lt;&lt; "$s_rule")
            grep -q -- "-F" &lt;&lt;&lt; "$extra_fields" || candidate_rules+=("$s_rule")
        done

        if [[ ${#syscall_a[@]} -ge 1 ]]
        then
            # Check if the syscall we want is present in any of the similar existing rules
            for rule in "${candidate_rules[@]}"
            do
                rule_syscalls=$(echo "$rule" | grep -o -P '(-S [\w,]+)+' | xargs)
                all_syscalls_found=0
                for syscall in "${syscall_a[@]}"
                do
                    grep -q -- "\b${syscall}\b" &lt;&lt;&lt; "$rule_syscalls" || {
                       # A syscall was not found in the candidate rule
                       all_syscalls_found=1
                       }
                done
                if [[ $all_syscalls_found -eq 0 ]]
                then
                    # We found a rule with all the syscall(s) we want; skip rest of macro
                    skip=0
                    break
                fi

                # Check if this rule can be grouped with our target syscall and keep track of it
                for syscall_g in "${syscall_grouping[@]}"
                do
                    if grep -q -- "\b${syscall_g}\b" &lt;&lt;&lt; "$rule_syscalls"
                    then
                        file_to_edit=${audit_file}
                        rule_to_edit=${rule}
                        rule_syscalls_to_edit=${rule_syscalls}
                    fi
                done
            done
        else
            # If there is any candidate rule, it is compliant; skip rest of macro
            if [ "${#candidate_rules[@]}" -gt 0 ]
            then
                skip=0
            fi
        fi

        if [ "$skip" -eq 0 ]; then
            break
        fi
    done

    if [ "$skip" -ne 0 ]; then
        # We checked all rules that matched the expected resemblance pattern (action, arch &amp; auid)
        # At this point we know if we need to either append the $full_rule or group
        # the syscall together with an exsiting rule

        # Append the full_rule if it cannot be grouped to any other rule
        if [ -z ${rule_to_edit+x} ]
        then
            # Build full_rule while avoid adding double spaces when other_filters is empty
            if [ "${#syscall_a[@]}" -gt 0 ]
            then
                syscall_string=""
                for syscall in "${syscall_a[@]}"
                do
                    syscall_string+=" -S $syscall"
                done
            fi
            other_string=$([[ $OTHER_FILTERS ]] &amp;&amp; echo " $OTHER_FILTERS") || /bin/true
            auid_string=$([[ $AUID_FILTERS ]] &amp;&amp; echo " $AUID_FILTERS") || /bin/true
            full_rule="$ACTION_ARCH_FILTERS${syscall_string}${other_string}${auid_string} -F key=$KEY" || /bin/true
            echo "$full_rule" &gt;&gt; "$default_file"
            chmod 0600 ${default_file}
        else
            # Check if the syscalls are declared as a comma separated list or
            # as multiple -S parameters
            if grep -q -- "," &lt;&lt;&lt; "${rule_syscalls_to_edit}"
            then
                delimiter=","
            else
                delimiter=" -S "
            fi
            new_grouped_syscalls="${rule_syscalls_to_edit}"
            for syscall in "${syscall_a[@]}"
            do
                grep -q -- "\b${syscall}\b" &lt;&lt;&lt; "${rule_syscalls_to_edit}" || {
                   # A syscall was not found in the candidate rule
                   new_grouped_syscalls+="${delimiter}${syscall}"
                   }
            done

            # Group the syscall in the rule
            sed -i -e "\#${rule_to_edit}#s#${rule_syscalls_to_edit}#${new_grouped_syscalls}#" "$file_to_edit"
        fi
    fi
done

else
    &gt;&amp;2 echo 'Remediation is not applicable, nothing was done'
fi
</fix>
          <fix xmlns:xhtml="http://www.w3.org/1999/xhtml" id="audit_rules_time_settimeofday" system="urn:xccdf:fix:script:ansible" complexity="low" disruption="low" strategy="restrict">- name: Gather the package facts
  package_facts:
    manager: auto
  tags:
  - CCE-85813-4
  - CJIS-5.4.1.1
  - NIST-800-171-3.1.7
  - NIST-800-53-AC-6(9)
  - NIST-800-53-AU-12(c)
  - NIST-800-53-AU-2(d)
  - NIST-800-53-CM-6(a)
  - PCI-DSS-Req-10.4.2.b
  - PCI-DSSv4-10.6
  - PCI-DSSv4-10.6.3
  - audit_rules_time_settimeofday
  - low_complexity
  - low_disruption
  - medium_severity
  - no_reboot_needed
  - restrict_strategy

- name: Set architecture for audit tasks
  set_fact:
    audit_arch: b64
  when:
  - '"audit" in ansible_facts.packages'
  - ("kernel-default" in ansible_facts.packages or "kernel-default-base" in ansible_facts.packages)
  - ansible_architecture == "aarch64" or ansible_architecture == "ppc64" or ansible_architecture
    == "ppc64le" or ansible_architecture == "s390x" or ansible_architecture == "x86_64"
  tags:
  - CCE-85813-4
  - CJIS-5.4.1.1
  - NIST-800-171-3.1.7
  - NIST-800-53-AC-6(9)
  - NIST-800-53-AU-12(c)
  - NIST-800-53-AU-2(d)
  - NIST-800-53-CM-6(a)
  - PCI-DSS-Req-10.4.2.b
  - PCI-DSSv4-10.6
  - PCI-DSSv4-10.6.3
  - audit_rules_time_settimeofday
  - low_complexity
  - low_disruption
  - medium_severity
  - no_reboot_needed
  - restrict_strategy

- name: Perform remediation of Audit rules for settimeofday for 32bit platform
  block:

  - name: Declare list of syscalls
    ansible.builtin.set_fact:
      syscalls:
      - settimeofday
      syscall_grouping:
      - adjtimex
      - settimeofday
      - stime

  - name: Check existence of settimeofday in /etc/audit/rules.d/
    ansible.builtin.find:
      paths: /etc/audit/rules.d
      contains: -a always,exit -F arch=b32(( -S |,)\w+)*(( -S |,){{ item }})+(( -S
        |,)\w+)* (-k\s+|-F\s+key=)\S+\s*$
      patterns: '*.rules'
    register: find_command
    loop: '{{ (syscall_grouping + syscalls) | unique }}'

  - name: Reset syscalls found per file
    ansible.builtin.set_fact:
      syscalls_per_file: {}
      found_paths_dict: {}

  - name: Declare syscalls found per file
    ansible.builtin.set_fact: syscalls_per_file="{{ syscalls_per_file | combine( {item.files[0].path
      :[item.item] + syscalls_per_file.get(item.files[0].path, []) } ) }}"
    loop: '{{ find_command.results | selectattr(''matched'') | list }}'

  - name: Declare files where syscalls were found
    ansible.builtin.set_fact: found_paths="{{ find_command.results | map(attribute='files')
      | flatten | map(attribute='path') | list }}"

  - name: Count occurrences of syscalls in paths
    ansible.builtin.set_fact: found_paths_dict="{{ found_paths_dict | combine({ item:1+found_paths_dict.get(item,
      0) }) }}"
    loop: '{{ find_command.results | map(attribute=''files'') | flatten | map(attribute=''path'')
      | list }}'

  - name: Get path with most syscalls
    ansible.builtin.set_fact: audit_file="{{ (found_paths_dict | dict2items() | sort(attribute='value')
      | last).key }}"
    when: found_paths | length &gt;= 1

  - name: No file with syscall found, set path to /etc/audit/rules.d/audit_time_rules.rules
    ansible.builtin.set_fact: audit_file="/etc/audit/rules.d/audit_time_rules.rules"
    when: found_paths | length == 0

  - name: Declare found syscalls
    ansible.builtin.set_fact: syscalls_found="{{ find_command.results | selectattr('matched')
      | map(attribute='item') | list }}"

  - name: Declare missing syscalls
    ansible.builtin.set_fact: missing_syscalls="{{ syscalls | difference(syscalls_found)
      }}"

  - name: Replace the audit rule in {{ audit_file }}
    ansible.builtin.lineinfile:
      path: '{{ audit_file }}'
      regexp: (-a always,exit -F arch=b32)(?=.*(?:(?:-S |,)(?:{{ syscalls_per_file[audit_file]
        | join("|") }}))\b)((?:( -S |,)\w+)+)( (?:-k |-F key=)\w+)
      line: \1\2\3{{ missing_syscalls | join("\3") }}\4
      backrefs: true
      state: present
      mode: g-rwx,o-rwx
    when: syscalls_found | length &gt; 0 and missing_syscalls | length &gt; 0

  - name: Add the audit rule to {{ audit_file }}
    ansible.builtin.lineinfile:
      path: '{{ audit_file }}'
      line: -a always,exit -F arch=b32 -S {{ syscalls | join(',') }} -F key=audit_time_rules
      create: true
      mode: g-rwx,o-rwx
      state: present
    when: syscalls_found | length == 0

  - name: Declare list of syscalls
    ansible.builtin.set_fact:
      syscalls:
      - settimeofday
      syscall_grouping:
      - adjtimex
      - settimeofday
      - stime

  - name: Check existence of settimeofday in /etc/audit/audit.rules
    ansible.builtin.find:
      paths: /etc/audit
      contains: -a always,exit -F arch=b32(( -S |,)\w+)*(( -S |,){{ item }})+(( -S
        |,)\w+)* (-k\s+|-F\s+key=)\S+\s*$
      patterns: audit.rules
    register: find_command
    loop: '{{ (syscall_grouping + syscalls) | unique }}'

  - name: Set path to /etc/audit/audit.rules
    ansible.builtin.set_fact: audit_file="/etc/audit/audit.rules"

  - name: Declare found syscalls
    ansible.builtin.set_fact: syscalls_found="{{ find_command.results | selectattr('matched')
      | map(attribute='item') | list }}"

  - name: Declare missing syscalls
    ansible.builtin.set_fact: missing_syscalls="{{ syscalls | difference(syscalls_found)
      }}"

  - name: Replace the audit rule in {{ audit_file }}
    ansible.builtin.lineinfile:
      path: '{{ audit_file }}'
      regexp: (-a always,exit -F arch=b32)(?=.*(?:(?:-S |,)(?:{{ syscalls_found |
        join("|") }}))\b)((?:( -S |,)\w+)+)( (?:-k |-F key=)\w+)
      line: \1\2\3{{ missing_syscalls | join("\3") }}\4
      backrefs: true
      state: present
      mode: g-rwx,o-rwx
    when: syscalls_found | length &gt; 0 and missing_syscalls | length &gt; 0

  - name: Add the audit rule to {{ audit_file }}
    ansible.builtin.lineinfile:
      path: '{{ audit_file }}'
      line: -a always,exit -F arch=b32 -S {{ syscalls | join(',') }} -F key=audit_time_rules
      create: true
      mode: g-rwx,o-rwx
      state: present
    when: syscalls_found | length == 0
  when:
  - '"audit" in ansible_facts.packages'
  - ("kernel-default" in ansible_facts.packages or "kernel-default-base" in ansible_facts.packages)
  tags:
  - CCE-85813-4
  - CJIS-5.4.1.1
  - NIST-800-171-3.1.7
  - NIST-800-53-AC-6(9)
  - NIST-800-53-AU-12(c)
  - NIST-800-53-AU-2(d)
  - NIST-800-53-CM-6(a)
  - PCI-DSS-Req-10.4.2.b
  - PCI-DSSv4-10.6
  - PCI-DSSv4-10.6.3
  - audit_rules_time_settimeofday
  - low_complexity
  - low_disruption
  - medium_severity
  - no_reboot_needed
  - restrict_strategy

- name: Perform remediation of Audit rules for settimeofday for 64bit platform
  block:

  - name: Declare list of syscalls
    ansible.builtin.set_fact:
      syscalls:
      - settimeofday
      syscall_grouping:
      - adjtimex
      - settimeofday
      - stime

  - name: Check existence of settimeofday in /etc/audit/rules.d/
    ansible.builtin.find:
      paths: /etc/audit/rules.d
      contains: -a always,exit -F arch=b64(( -S |,)\w+)*(( -S |,){{ item }})+(( -S
        |,)\w+)* (-k\s+|-F\s+key=)\S+\s*$
      patterns: '*.rules'
    register: find_command
    loop: '{{ (syscall_grouping + syscalls) | unique }}'

  - name: Reset syscalls found per file
    ansible.builtin.set_fact:
      syscalls_per_file: {}
      found_paths_dict: {}

  - name: Declare syscalls found per file
    ansible.builtin.set_fact: syscalls_per_file="{{ syscalls_per_file | combine( {item.files[0].path
      :[item.item] + syscalls_per_file.get(item.files[0].path, []) } ) }}"
    loop: '{{ find_command.results | selectattr(''matched'') | list }}'

  - name: Declare files where syscalls were found
    ansible.builtin.set_fact: found_paths="{{ find_command.results | map(attribute='files')
      | flatten | map(attribute='path') | list }}"

  - name: Count occurrences of syscalls in paths
    ansible.builtin.set_fact: found_paths_dict="{{ found_paths_dict | combine({ item:1+found_paths_dict.get(item,
      0) }) }}"
    loop: '{{ find_command.results | map(attribute=''files'') | flatten | map(attribute=''path'')
      | list }}'

  - name: Get path with most syscalls
    ansible.builtin.set_fact: audit_file="{{ (found_paths_dict | dict2items() | sort(attribute='value')
      | last).key }}"
    when: found_paths | length &gt;= 1

  - name: No file with syscall found, set path to /etc/audit/rules.d/audit_time_rules.rules
    ansible.builtin.set_fact: audit_file="/etc/audit/rules.d/audit_time_rules.rules"
    when: found_paths | length == 0

  - name: Declare found syscalls
    ansible.builtin.set_fact: syscalls_found="{{ find_command.results | selectattr('matched')
      | map(attribute='item') | list }}"

  - name: Declare missing syscalls
    ansible.builtin.set_fact: missing_syscalls="{{ syscalls | difference(syscalls_found)
      }}"

  - name: Replace the audit rule in {{ audit_file }}
    ansible.builtin.lineinfile:
      path: '{{ audit_file }}'
      regexp: (-a always,exit -F arch=b64)(?=.*(?:(?:-S |,)(?:{{ syscalls_per_file[audit_file]
        | join("|") }}))\b)((?:( -S |,)\w+)+)( (?:-k |-F key=)\w+)
      line: \1\2\3{{ missing_syscalls | join("\3") }}\4
      backrefs: true
      state: present
      mode: g-rwx,o-rwx
    when: syscalls_found | length &gt; 0 and missing_syscalls | length &gt; 0

  - name: Add the audit rule to {{ audit_file }}
    ansible.builtin.lineinfile:
      path: '{{ audit_file }}'
      line: -a always,exit -F arch=b64 -S {{ syscalls | join(',') }} -F key=audit_time_rules
      create: true
      mode: g-rwx,o-rwx
      state: present
    when: syscalls_found | length == 0

  - name: Declare list of syscalls
    ansible.builtin.set_fact:
      syscalls:
      - settimeofday
      syscall_grouping:
      - adjtimex
      - settimeofday
      - stime

  - name: Check existence of settimeofday in /etc/audit/audit.rules
    ansible.builtin.find:
      paths: /etc/audit
      contains: -a always,exit -F arch=b64(( -S |,)\w+)*(( -S |,){{ item }})+(( -S
        |,)\w+)* (-k\s+|-F\s+key=)\S+\s*$
      patterns: audit.rules
    register: find_command
    loop: '{{ (syscall_grouping + syscalls) | unique }}'

  - name: Set path to /etc/audit/audit.rules
    ansible.builtin.set_fact: audit_file="/etc/audit/audit.rules"

  - name: Declare found syscalls
    ansible.builtin.set_fact: syscalls_found="{{ find_command.results | selectattr('matched')
      | map(attribute='item') | list }}"

  - name: Declare missing syscalls
    ansible.builtin.set_fact: missing_syscalls="{{ syscalls | difference(syscalls_found)
      }}"

  - name: Replace the audit rule in {{ audit_file }}
    ansible.builtin.lineinfile:
      path: '{{ audit_file }}'
      regexp: (-a always,exit -F arch=b64)(?=.*(?:(?:-S |,)(?:{{ syscalls_found |
        join("|") }}))\b)((?:( -S |,)\w+)+)( (?:-k |-F key=)\w+)
      line: \1\2\3{{ missing_syscalls | join("\3") }}\4
      backrefs: true
      state: present
      mode: g-rwx,o-rwx
    when: syscalls_found | length &gt; 0 and missing_syscalls | length &gt; 0

  - name: Add the audit rule to {{ audit_file }}
    ansible.builtin.lineinfile:
      path: '{{ audit_file }}'
      line: -a always,exit -F arch=b64 -S {{ syscalls | join(',') }} -F key=audit_time_rules
      create: true
      mode: g-rwx,o-rwx
      state: present
    when: syscalls_found | length == 0
  when:
  - '"audit" in ansible_facts.packages'
  - ("kernel-default" in ansible_facts.packages or "kernel-default-base" in ansible_facts.packages)
  - audit_arch == "b64"
  tags:
  - CCE-85813-4
  - CJIS-5.4.1.1
  - NIST-800-171-3.1.7
  - NIST-800-53-AC-6(9)
  - NIST-800-53-AU-12(c)
  - NIST-800-53-AU-2(d)
  - NIST-800-53-CM-6(a)
  - PCI-DSS-Req-10.4.2.b
  - PCI-DSSv4-10.6
  - PCI-DSSv4-10.6.3
  - audit_rules_time_settimeofday
  - low_complexity
  - low_disruption
  - medium_severity
  - no_reboot_needed
  - restrict_strategy
</fix>
          <check system="http://oval.mitre.org/XMLSchema/oval-definitions-5">
            <check-content-ref name="oval:ssg-audit_rules_time_settimeofday:def:1" href="ssg-sle15-oval.xml"/>
          </check>
          <check system="http://scap.nist.gov/schema/ocil/2">
            <check-content-ref name="ocil:ssg-audit_rules_time_settimeofday_ocil:questionnaire:1" href="ssg-sle15-ocil.xml"/>
          </check>
        </Rule>
        <Rule id="xccdf_org.ssgproject.content_rule_audit_rules_time_stime" selected="false" role="full" severity="medium">
          <title xmlns:xhtml="http://www.w3.org/1999/xhtml" xml:lang="en-US">Record Attempts to Alter Time Through stime</title>
          <description xmlns:xhtml="http://www.w3.org/1999/xhtml" xml:lang="en-US">If the <html:code xmlns:html="http://www.w3.org/1999/xhtml">auditd</html:code> daemon is configured to use the
<html:code xmlns:html="http://www.w3.org/1999/xhtml">augenrules</html:code> program to read audit rules during daemon startup (the
default), add the following line to a file with suffix <html:code xmlns:html="http://www.w3.org/1999/xhtml">.rules</html:code> in the
directory <html:code xmlns:html="http://www.w3.org/1999/xhtml">/etc/audit/rules.d</html:code> for both 32 bit and 64 bit systems:
<html:pre xmlns:html="http://www.w3.org/1999/xhtml">-a always,exit -F arch=b32 -S stime -F key=audit_time_rules</html:pre>
Since the 64 bit version of the "stime" system call is not defined in the audit
lookup table, the corresponding "-F arch=b64" form of this rule is not expected
to be defined on 64 bit systems (the aforementioned "-F arch=b32" stime rule
form itself is sufficient for both 32 bit and 64 bit systems). If the
<html:code xmlns:html="http://www.w3.org/1999/xhtml">auditd</html:code> daemon is configured to use the <html:code xmlns:html="http://www.w3.org/1999/xhtml">auditctl</html:code> utility to
read audit rules during daemon startup, add the following line to
<html:code xmlns:html="http://www.w3.org/1999/xhtml">/etc/audit/audit.rules</html:code> file for both 32 bit and 64 bit systems:
<html:pre xmlns:html="http://www.w3.org/1999/xhtml">-a always,exit -F arch=b32 -S stime -F key=audit_time_rules</html:pre>
Since the 64 bit version of the "stime" system call is not defined in the audit
lookup table, the corresponding "-F arch=b64" form of this rule is not expected
to be defined on 64 bit systems (the aforementioned "-F arch=b32" stime rule
form itself is sufficient for both 32 bit and 64 bit systems). The -k option
allows for the specification of a key in string form that can be used for
better reporting capability through ausearch and aureport. Multiple system
calls can be defined on the same line to save space if desired, but is not
required. See an example of multiple combined system calls:
<html:pre xmlns:html="http://www.w3.org/1999/xhtml">-a always,exit -F arch=b64 -S adjtimex,settimeofday -F key=audit_time_rules</html:pre>
       </description>
          <reference href="https://www.cisecurity.org/controls/">1</reference>
          <reference href="https://www.cisecurity.org/controls/">11</reference>
          <reference href="https://www.cisecurity.org/controls/">12</reference>
          <reference href="https://www.cisecurity.org/controls/">13</reference>
          <reference href="https://www.cisecurity.org/controls/">14</reference>
          <reference href="https://www.cisecurity.org/controls/">15</reference>
          <reference href="https://www.cisecurity.org/controls/">16</reference>
          <reference href="https://www.cisecurity.org/controls/">19</reference>
          <reference href="https://www.cisecurity.org/controls/">2</reference>
          <reference href="https://www.cisecurity.org/controls/">3</reference>
          <reference href="https://www.cisecurity.org/controls/">4</reference>
          <reference href="https://www.cisecurity.org/controls/">5</reference>
          <reference href="https://www.cisecurity.org/controls/">6</reference>
          <reference href="https://www.cisecurity.org/controls/">7</reference>
          <reference href="https://www.cisecurity.org/controls/">8</reference>
          <reference href="https://www.cisecurity.org/controls/">9</reference>
          <reference href="https://www.fbi.gov/file-repository/cjis-security-policy-v5_5_20160601-2-1.pdf">5.4.1.1</reference>
          <reference href="https://www.isaca.org/resources/cobit">APO10.01</reference>
          <reference href="https://www.isaca.org/resources/cobit">APO10.03</reference>
          <reference href="https://www.isaca.org/resources/cobit">APO10.04</reference>
          <reference href="https://www.isaca.org/resources/cobit">APO10.05</reference>
          <reference href="https://www.isaca.org/resources/cobit">APO11.04</reference>
          <reference href="https://www.isaca.org/resources/cobit">APO12.06</reference>
          <reference href="https://www.isaca.org/resources/cobit">APO13.01</reference>
          <reference href="https://www.isaca.org/resources/cobit">BAI03.05</reference>
          <reference href="https://www.isaca.org/resources/cobit">BAI08.02</reference>
          <reference href="https://www.isaca.org/resources/cobit">DSS01.03</reference>
          <reference href="https://www.isaca.org/resources/cobit">DSS01.04</reference>
          <reference href="https://www.isaca.org/resources/cobit">DSS02.02</reference>
          <reference href="https://www.isaca.org/resources/cobit">DSS02.04</reference>
          <reference href="https://www.isaca.org/resources/cobit">DSS02.07</reference>
          <reference href="https://www.isaca.org/resources/cobit">DSS03.01</reference>
          <reference href="https://www.isaca.org/resources/cobit">DSS03.05</reference>
          <reference href="https://www.isaca.org/resources/cobit">DSS05.02</reference>
          <reference href="https://www.isaca.org/resources/cobit">DSS05.03</reference>
          <reference href="https://www.isaca.org/resources/cobit">DSS05.04</reference>
          <reference href="https://www.isaca.org/resources/cobit">DSS05.05</reference>
          <reference href="https://www.isaca.org/resources/cobit">DSS05.07</reference>
          <reference href="https://www.isaca.org/resources/cobit">MEA01.01</reference>
          <reference href="https://www.isaca.org/resources/cobit">MEA01.02</reference>
          <reference href="https://www.isaca.org/resources/cobit">MEA01.03</reference>
          <reference href="https://www.isaca.org/resources/cobit">MEA01.04</reference>
          <reference href="https://www.isaca.org/resources/cobit">MEA01.05</reference>
          <reference href="https://www.isaca.org/resources/cobit">MEA02.01</reference>
          <reference href="http://nvlpubs.nist.gov/nistpubs/SpecialPublications/NIST.SP.800-171.pdf">3.1.7</reference>
          <reference href="https://www.gpo.gov/fdsys/pkg/CFR-2007-title45-vol1/pdf/CFR-2007-title45-vol1-chapA-subchapC.pdf">164.308(a)(1)(ii)(D)</reference>
          <reference href="https://www.gpo.gov/fdsys/pkg/CFR-2007-title45-vol1/pdf/CFR-2007-title45-vol1-chapA-subchapC.pdf">164.308(a)(3)(ii)(A)</reference>
          <reference href="https://www.gpo.gov/fdsys/pkg/CFR-2007-title45-vol1/pdf/CFR-2007-title45-vol1-chapA-subchapC.pdf">164.308(a)(5)(ii)(C)</reference>
          <reference href="https://www.gpo.gov/fdsys/pkg/CFR-2007-title45-vol1/pdf/CFR-2007-title45-vol1-chapA-subchapC.pdf">164.312(a)(2)(i)</reference>
          <reference href="https://www.gpo.gov/fdsys/pkg/CFR-2007-title45-vol1/pdf/CFR-2007-title45-vol1-chapA-subchapC.pdf">164.312(b)</reference>
          <reference href="https://www.gpo.gov/fdsys/pkg/CFR-2007-title45-vol1/pdf/CFR-2007-title45-vol1-chapA-subchapC.pdf">164.312(d)</reference>
          <reference href="https://www.gpo.gov/fdsys/pkg/CFR-2007-title45-vol1/pdf/CFR-2007-title45-vol1-chapA-subchapC.pdf">164.312(e)</reference>
          <reference href="https://www.isa.org/products/isa-62443-2-1-2009-security-for-industrial-automat">4.2.3.10</reference>
          <reference href="https://www.isa.org/products/isa-62443-2-1-2009-security-for-industrial-automat">4.3.2.6.7</reference>
          <reference href="https://www.isa.org/products/isa-62443-2-1-2009-security-for-industrial-automat">4.3.3.3.9</reference>
          <reference href="https://www.isa.org/products/isa-62443-2-1-2009-security-for-industrial-automat">4.3.3.5.8</reference>
          <reference href="https://www.isa.org/products/isa-62443-2-1-2009-security-for-industrial-automat">4.3.3.6.6</reference>
          <reference href="https://www.isa.org/products/isa-62443-2-1-2009-security-for-industrial-automat">4.3.4.4.7</reference>
          <reference href="https://www.isa.org/products/isa-62443-2-1-2009-security-for-industrial-automat">4.3.4.5.6</reference>
          <reference href="https://www.isa.org/products/isa-62443-2-1-2009-security-for-industrial-automat">4.3.4.5.7</reference>
          <reference href="https://www.isa.org/products/isa-62443-2-1-2009-security-for-industrial-automat">4.3.4.5.8</reference>
          <reference href="https://www.isa.org/products/isa-62443-2-1-2009-security-for-industrial-automat">4.4.2.1</reference>
          <reference href="https://www.isa.org/products/isa-62443-2-1-2009-security-for-industrial-automat">4.4.2.2</reference>
          <reference href="https://www.isa.org/products/isa-62443-2-1-2009-security-for-industrial-automat">4.4.2.4</reference>
          <reference href="https://www.isa.org/products/ansi-isa-62443-3-3-99-03-03-2013-security-for-indu">SR 1.13</reference>
          <reference href="https://www.isa.org/products/ansi-isa-62443-3-3-99-03-03-2013-security-for-indu">SR 2.10</reference>
          <reference href="https://www.isa.org/products/ansi-isa-62443-3-3-99-03-03-2013-security-for-indu">SR 2.11</reference>
          <reference href="https://www.isa.org/products/ansi-isa-62443-3-3-99-03-03-2013-security-for-indu">SR 2.12</reference>
          <reference href="https://www.isa.org/products/ansi-isa-62443-3-3-99-03-03-2013-security-for-indu">SR 2.6</reference>
          <reference href="https://www.isa.org/products/ansi-isa-62443-3-3-99-03-03-2013-security-for-indu">SR 2.8</reference>
          <reference href="https://www.isa.org/products/ansi-isa-62443-3-3-99-03-03-2013-security-for-indu">SR 2.9</reference>
          <reference href="https://www.isa.org/products/ansi-isa-62443-3-3-99-03-03-2013-security-for-indu">SR 3.1</reference>
          <reference href="https://www.isa.org/products/ansi-isa-62443-3-3-99-03-03-2013-security-for-indu">SR 3.5</reference>
          <reference href="https://www.isa.org/products/ansi-isa-62443-3-3-99-03-03-2013-security-for-indu">SR 3.8</reference>
          <reference href="https://www.isa.org/products/ansi-isa-62443-3-3-99-03-03-2013-security-for-indu">SR 4.1</reference>
          <reference href="https://www.isa.org/products/ansi-isa-62443-3-3-99-03-03-2013-security-for-indu">SR 4.3</reference>
          <reference href="https://www.isa.org/products/ansi-isa-62443-3-3-99-03-03-2013-security-for-indu">SR 5.1</reference>
          <reference href="https://www.isa.org/products/ansi-isa-62443-3-3-99-03-03-2013-security-for-indu">SR 5.2</reference>
          <reference href="https://www.isa.org/products/ansi-isa-62443-3-3-99-03-03-2013-security-for-indu">SR 5.3</reference>
          <reference href="https://www.isa.org/products/ansi-isa-62443-3-3-99-03-03-2013-security-for-indu">SR 6.1</reference>
          <reference href="https://www.isa.org/products/ansi-isa-62443-3-3-99-03-03-2013-security-for-indu">SR 6.2</reference>
          <reference href="https://www.isa.org/products/ansi-isa-62443-3-3-99-03-03-2013-security-for-indu">SR 7.1</reference>
          <reference href="https://www.isa.org/products/ansi-isa-62443-3-3-99-03-03-2013-security-for-indu">SR 7.6</reference>
          <reference href="https://www.iso.org/contents/data/standard/05/45/54534.html">A.11.2.6</reference>
          <reference href="https://www.iso.org/contents/data/standard/05/45/54534.html">A.12.4.1</reference>
          <reference href="https://www.iso.org/contents/data/standard/05/45/54534.html">A.12.4.2</reference>
          <reference href="https://www.iso.org/contents/data/standard/05/45/54534.html">A.12.4.3</reference>
          <reference href="https://www.iso.org/contents/data/standard/05/45/54534.html">A.12.4.4</reference>
          <reference href="https://www.iso.org/contents/data/standard/05/45/54534.html">A.12.7.1</reference>
          <reference href="https://www.iso.org/contents/data/standard/05/45/54534.html">A.13.1.1</reference>
          <reference href="https://www.iso.org/contents/data/standard/05/45/54534.html">A.13.2.1</reference>
          <reference href="https://www.iso.org/contents/data/standard/05/45/54534.html">A.14.1.3</reference>
          <reference href="https://www.iso.org/contents/data/standard/05/45/54534.html">A.14.2.7</reference>
          <reference href="https://www.iso.org/contents/data/standard/05/45/54534.html">A.15.2.1</reference>
          <reference href="https://www.iso.org/contents/data/standard/05/45/54534.html">A.15.2.2</reference>
          <reference href="https://www.iso.org/contents/data/standard/05/45/54534.html">A.16.1.4</reference>
          <reference href="https://www.iso.org/contents/data/standard/05/45/54534.html">A.16.1.5</reference>
          <reference href="https://www.iso.org/contents/data/standard/05/45/54534.html">A.16.1.7</reference>
          <reference href="https://www.iso.org/contents/data/standard/05/45/54534.html">A.6.2.1</reference>
          <reference href="https://www.iso.org/contents/data/standard/05/45/54534.html">A.6.2.2</reference>
          <reference href="http://nvlpubs.nist.gov/nistpubs/SpecialPublications/NIST.SP.800-53r4.pdf">AU-2(d)</reference>
          <reference href="http://nvlpubs.nist.gov/nistpubs/SpecialPublications/NIST.SP.800-53r4.pdf">AU-12(c)</reference>
          <reference href="http://nvlpubs.nist.gov/nistpubs/SpecialPublications/NIST.SP.800-53r4.pdf">AC-6(9)</reference>
          <reference href="http://nvlpubs.nist.gov/nistpubs/SpecialPublications/NIST.SP.800-53r4.pdf">CM-6(a)</reference>
          <reference href="https://nvlpubs.nist.gov/nistpubs/CSWP/NIST.CSWP.04162018.pdf">DE.AE-3</reference>
          <reference href="https://nvlpubs.nist.gov/nistpubs/CSWP/NIST.CSWP.04162018.pdf">DE.AE-5</reference>
          <reference href="https://nvlpubs.nist.gov/nistpubs/CSWP/NIST.CSWP.04162018.pdf">DE.CM-1</reference>
          <reference href="https://nvlpubs.nist.gov/nistpubs/CSWP/NIST.CSWP.04162018.pdf">DE.CM-3</reference>
          <reference href="https://nvlpubs.nist.gov/nistpubs/CSWP/NIST.CSWP.04162018.pdf">DE.CM-7</reference>
          <reference href="https://nvlpubs.nist.gov/nistpubs/CSWP/NIST.CSWP.04162018.pdf">ID.SC-4</reference>
          <reference href="https://nvlpubs.nist.gov/nistpubs/CSWP/NIST.CSWP.04162018.pdf">PR.AC-3</reference>
          <reference href="https://nvlpubs.nist.gov/nistpubs/CSWP/NIST.CSWP.04162018.pdf">PR.PT-1</reference>
          <reference href="https://nvlpubs.nist.gov/nistpubs/CSWP/NIST.CSWP.04162018.pdf">PR.PT-4</reference>
          <reference href="https://nvlpubs.nist.gov/nistpubs/CSWP/NIST.CSWP.04162018.pdf">RS.AN-1</reference>
          <reference href="https://nvlpubs.nist.gov/nistpubs/CSWP/NIST.CSWP.04162018.pdf">RS.AN-4</reference>
          <reference href="https://www.pcisecuritystandards.org/documents/PCI_DSS_v3-2-1.pdf">Req-10.4.2.b</reference>
          <reference href="https://www.cisecurity.org/benchmark/suse_linux/">4.1.3</reference>
          <reference href="https://cyber.gouv.fr/sites/default/files/document/linux_configuration-en-v2.pdf">R73</reference>
          <reference href="not_publicly_available">SLES-15-750450180</reference>
          <reference href="https://www.cyber.gov.au/acsc/view-all-content/ism">0582</reference>
          <reference href="https://docs-prv.pcisecuritystandards.org/PCI%20DSS/Standard/PCI-DSS-v4_0.pdf">10.6.3</reference>
          <reference href="https://docs-prv.pcisecuritystandards.org/PCI%20DSS/Standard/PCI-DSS-v4_0.pdf">10.6</reference>
          <rationale xmlns:xhtml="http://www.w3.org/1999/xhtml" xml:lang="en-US">Arbitrary changes to the system time can be used to obfuscate
nefarious activities in log files, as well as to confuse network services that
are highly dependent upon an accurate system time (such as sshd). All changes
to the system time should be audited.</rationale>
          <platform idref="#not_aarch64_arch_and_not_s390x_arch"/>
          <ident system="https://ncp.nist.gov/cce">CCE-85815-9</ident>
          <fix xmlns:xhtml="http://www.w3.org/1999/xhtml" id="audit_rules_time_stime" system="urn:xccdf:fix:script:sh"># Remediation is applicable only in certain platforms
if rpm --quiet -q audit &amp;&amp; rpm --quiet -q kernel-default || rpm --quiet -q kernel-default-base &amp;&amp; { ( ! ( ( grep -sqE "^.*\.aarch64$" /proc/sys/kernel/osrelease || grep -sqE "^aarch64$" /proc/sys/kernel/arch; ) ) &amp;&amp; ! ( ( grep -sqE "^.*\.s390x$" /proc/sys/kernel/osrelease || grep -sqE "^s390x$" /proc/sys/kernel/arch; ) ) ); }; then

# Retrieve hardware architecture of the underlying system
[ "$(getconf LONG_BIT)" = "32" ] &amp;&amp; RULE_ARCHS=("b32") || RULE_ARCHS=("b32" "b64")

for ARCH in "${RULE_ARCHS[@]}"
do
    # Create expected audit group and audit rule form for particular system call &amp; architecture
    if [ ${ARCH} = "b32" ]
    then
        ACTION_ARCH_FILTERS="-a always,exit -F arch=$ARCH"
        # stime system call is known at 32-bit arch (see e.g "$ ausyscall i386 stime" 's output)
        # so append it to the list of time group system calls to be audited
        SYSCALL="adjtimex settimeofday stime"
        SYSCALL_GROUPING="adjtimex settimeofday stime"
    elif [ ${ARCH} = "b64" ]
    then
        ACTION_ARCH_FILTERS="-a always,exit -F arch=$ARCH"
        # stime system call isn't known at 64-bit arch (see "$ ausyscall x86_64 stime" 's output)
        # therefore don't add it to the list of time group system calls to be audited
        SYSCALL="adjtimex settimeofday"
        SYSCALL_GROUPING="adjtimex settimeofday"
    fi
    OTHER_FILTERS=""
    AUID_FILTERS=""
    KEY="audit_time_rules"
    # Perform the remediation for both possible tools: 'auditctl' and 'augenrules'
    unset syscall_a
    unset syscall_grouping
    unset syscall_string
    unset syscall
    unset file_to_edit
    unset rule_to_edit
    unset rule_syscalls_to_edit
    unset other_string
    unset auid_string
    unset full_rule

    # Load macro arguments into arrays
    read -a syscall_a &lt;&lt;&lt; $SYSCALL
    read -a syscall_grouping &lt;&lt;&lt; $SYSCALL_GROUPING

    # Create a list of audit *.rules files that should be inspected for presence and correctness
    # of a particular audit rule. The scheme is as follows:
    #
    # -----------------------------------------------------------------------------------------
    #  Tool used to load audit rules | Rule already defined  |  Audit rules file to inspect    |
    # -----------------------------------------------------------------------------------------
    #        auditctl                |     Doesn't matter    |  /etc/audit/audit.rules         |
    # -----------------------------------------------------------------------------------------
    #        augenrules              |          Yes          |  /etc/audit/rules.d/*.rules     |
    #        augenrules              |          No           |  /etc/audit/rules.d/$key.rules  |
    # -----------------------------------------------------------------------------------------
    #
    files_to_inspect=()

    # If audit tool is 'augenrules', then check if the audit rule is defined
    # If rule is defined, add '/etc/audit/rules.d/*.rules' to the list for inspection
    # If rule isn't defined yet, add '/etc/audit/rules.d/$key.rules' to the list for inspection
    default_file="/etc/audit/rules.d/$KEY.rules"
    # As other_filters may include paths, lets use a different delimiter for it
    # The "F" script expression tells sed to print the filenames where the expressions matched
    readarray -t files_to_inspect &lt; &lt;(sed -s -n -e "/^$ACTION_ARCH_FILTERS/!d" -e "\#$OTHER_FILTERS#!d" -e "/$AUID_FILTERS/!d" -e "F" /etc/audit/rules.d/*.rules)
    # Case when particular rule isn't defined in /etc/audit/rules.d/*.rules yet
    if [ ${#files_to_inspect[@]} -eq "0" ]
    then
        file_to_inspect="/etc/audit/rules.d/$KEY.rules"
        files_to_inspect=("$file_to_inspect")
        if [ ! -e "$file_to_inspect" ]
        then
            touch "$file_to_inspect"
            chmod 0600 "$file_to_inspect"
        fi
    fi

    # After converting to jinja, we cannot return; therefore we skip the rest of the macro if needed instead
    skip=1

    for audit_file in "${files_to_inspect[@]}"
    do
        # Filter existing $audit_file rules' definitions to select those that satisfy the rule pattern,
        # i.e, collect rules that match:
        # * the action, list and arch, (2-nd argument)
        # * the other filters, (3-rd argument)
        # * the auid filters, (4-rd argument)
        readarray -t similar_rules &lt; &lt;(sed -e "/^$ACTION_ARCH_FILTERS/!d"  -e "\#$OTHER_FILTERS#!d" -e "/$AUID_FILTERS/!d" "$audit_file")

        candidate_rules=()
        # Filter out rules that have more fields then required. This will remove rules more specific than the required scope
        for s_rule in "${similar_rules[@]}"
        do
            # Strip all the options and fields we know of,
            # than check if there was any field left over
            extra_fields=$(sed -E -e "s/^$ACTION_ARCH_FILTERS//"  -e "s#$OTHER_FILTERS##" -e "s/$AUID_FILTERS//" -e "s/((:?-S [[:alnum:],]+)+)//g" -e "s/-F key=\w+|-k \w+//"&lt;&lt;&lt; "$s_rule")
            grep -q -- "-F" &lt;&lt;&lt; "$extra_fields" || candidate_rules+=("$s_rule")
        done

        if [[ ${#syscall_a[@]} -ge 1 ]]
        then
            # Check if the syscall we want is present in any of the similar existing rules
            for rule in "${candidate_rules[@]}"
            do
                rule_syscalls=$(echo "$rule" | grep -o -P '(-S [\w,]+)+' | xargs)
                all_syscalls_found=0
                for syscall in "${syscall_a[@]}"
                do
                    grep -q -- "\b${syscall}\b" &lt;&lt;&lt; "$rule_syscalls" || {
                       # A syscall was not found in the candidate rule
                       all_syscalls_found=1
                       }
                done
                if [[ $all_syscalls_found -eq 0 ]]
                then
                    # We found a rule with all the syscall(s) we want; skip rest of macro
                    skip=0
                    break
                fi

                # Check if this rule can be grouped with our target syscall and keep track of it
                for syscall_g in "${syscall_grouping[@]}"
                do
                    if grep -q -- "\b${syscall_g}\b" &lt;&lt;&lt; "$rule_syscalls"
                    then
                        file_to_edit=${audit_file}
                        rule_to_edit=${rule}
                        rule_syscalls_to_edit=${rule_syscalls}
                    fi
                done
            done
        else
            # If there is any candidate rule, it is compliant; skip rest of macro
            if [ "${#candidate_rules[@]}" -gt 0 ]
            then
                skip=0
            fi
        fi

        if [ "$skip" -eq 0 ]; then
            break
        fi
    done

    if [ "$skip" -ne 0 ]; then
        # We checked all rules that matched the expected resemblance pattern (action, arch &amp; auid)
        # At this point we know if we need to either append the $full_rule or group
        # the syscall together with an exsiting rule

        # Append the full_rule if it cannot be grouped to any other rule
        if [ -z ${rule_to_edit+x} ]
        then
            # Build full_rule while avoid adding double spaces when other_filters is empty
            if [ "${#syscall_a[@]}" -gt 0 ]
            then
                syscall_string=""
                for syscall in "${syscall_a[@]}"
                do
                    syscall_string+=" -S $syscall"
                done
            fi
            other_string=$([[ $OTHER_FILTERS ]] &amp;&amp; echo " $OTHER_FILTERS") || /bin/true
            auid_string=$([[ $AUID_FILTERS ]] &amp;&amp; echo " $AUID_FILTERS") || /bin/true
            full_rule="$ACTION_ARCH_FILTERS${syscall_string}${other_string}${auid_string} -F key=$KEY" || /bin/true
            echo "$full_rule" &gt;&gt; "$default_file"
            chmod 0600 ${default_file}
        else
            # Check if the syscalls are declared as a comma separated list or
            # as multiple -S parameters
            if grep -q -- "," &lt;&lt;&lt; "${rule_syscalls_to_edit}"
            then
                delimiter=","
            else
                delimiter=" -S "
            fi
            new_grouped_syscalls="${rule_syscalls_to_edit}"
            for syscall in "${syscall_a[@]}"
            do
                grep -q -- "\b${syscall}\b" &lt;&lt;&lt; "${rule_syscalls_to_edit}" || {
                   # A syscall was not found in the candidate rule
                   new_grouped_syscalls+="${delimiter}${syscall}"
                   }
            done

            # Group the syscall in the rule
            sed -i -e "\#${rule_to_edit}#s#${rule_syscalls_to_edit}#${new_grouped_syscalls}#" "$file_to_edit"
        fi
    fi
    unset syscall_a
    unset syscall_grouping
    unset syscall_string
    unset syscall
    unset file_to_edit
    unset rule_to_edit
    unset rule_syscalls_to_edit
    unset other_string
    unset auid_string
    unset full_rule

    # Load macro arguments into arrays
    read -a syscall_a &lt;&lt;&lt; $SYSCALL
    read -a syscall_grouping &lt;&lt;&lt; $SYSCALL_GROUPING

    # Create a list of audit *.rules files that should be inspected for presence and correctness
    # of a particular audit rule. The scheme is as follows:
    #
    # -----------------------------------------------------------------------------------------
    #  Tool used to load audit rules | Rule already defined  |  Audit rules file to inspect    |
    # -----------------------------------------------------------------------------------------
    #        auditctl                |     Doesn't matter    |  /etc/audit/audit.rules         |
    # -----------------------------------------------------------------------------------------
    #        augenrules              |          Yes          |  /etc/audit/rules.d/*.rules     |
    #        augenrules              |          No           |  /etc/audit/rules.d/$key.rules  |
    # -----------------------------------------------------------------------------------------
    #
    files_to_inspect=()


    # If audit tool is 'auditctl', then add '/etc/audit/audit.rules'
    # file to the list of files to be inspected
    default_file="/etc/audit/audit.rules"
    files_to_inspect+=('/etc/audit/audit.rules' )

    # After converting to jinja, we cannot return; therefore we skip the rest of the macro if needed instead
    skip=1

    for audit_file in "${files_to_inspect[@]}"
    do
        # Filter existing $audit_file rules' definitions to select those that satisfy the rule pattern,
        # i.e, collect rules that match:
        # * the action, list and arch, (2-nd argument)
        # * the other filters, (3-rd argument)
        # * the auid filters, (4-rd argument)
        readarray -t similar_rules &lt; &lt;(sed -e "/^$ACTION_ARCH_FILTERS/!d"  -e "\#$OTHER_FILTERS#!d" -e "/$AUID_FILTERS/!d" "$audit_file")

        candidate_rules=()
        # Filter out rules that have more fields then required. This will remove rules more specific than the required scope
        for s_rule in "${similar_rules[@]}"
        do
            # Strip all the options and fields we know of,
            # than check if there was any field left over
            extra_fields=$(sed -E -e "s/^$ACTION_ARCH_FILTERS//"  -e "s#$OTHER_FILTERS##" -e "s/$AUID_FILTERS//" -e "s/((:?-S [[:alnum:],]+)+)//g" -e "s/-F key=\w+|-k \w+//"&lt;&lt;&lt; "$s_rule")
            grep -q -- "-F" &lt;&lt;&lt; "$extra_fields" || candidate_rules+=("$s_rule")
        done

        if [[ ${#syscall_a[@]} -ge 1 ]]
        then
            # Check if the syscall we want is present in any of the similar existing rules
            for rule in "${candidate_rules[@]}"
            do
                rule_syscalls=$(echo "$rule" | grep -o -P '(-S [\w,]+)+' | xargs)
                all_syscalls_found=0
                for syscall in "${syscall_a[@]}"
                do
                    grep -q -- "\b${syscall}\b" &lt;&lt;&lt; "$rule_syscalls" || {
                       # A syscall was not found in the candidate rule
                       all_syscalls_found=1
                       }
                done
                if [[ $all_syscalls_found -eq 0 ]]
                then
                    # We found a rule with all the syscall(s) we want; skip rest of macro
                    skip=0
                    break
                fi

                # Check if this rule can be grouped with our target syscall and keep track of it
                for syscall_g in "${syscall_grouping[@]}"
                do
                    if grep -q -- "\b${syscall_g}\b" &lt;&lt;&lt; "$rule_syscalls"
                    then
                        file_to_edit=${audit_file}
                        rule_to_edit=${rule}
                        rule_syscalls_to_edit=${rule_syscalls}
                    fi
                done
            done
        else
            # If there is any candidate rule, it is compliant; skip rest of macro
            if [ "${#candidate_rules[@]}" -gt 0 ]
            then
                skip=0
            fi
        fi

        if [ "$skip" -eq 0 ]; then
            break
        fi
    done

    if [ "$skip" -ne 0 ]; then
        # We checked all rules that matched the expected resemblance pattern (action, arch &amp; auid)
        # At this point we know if we need to either append the $full_rule or group
        # the syscall together with an exsiting rule

        # Append the full_rule if it cannot be grouped to any other rule
        if [ -z ${rule_to_edit+x} ]
        then
            # Build full_rule while avoid adding double spaces when other_filters is empty
            if [ "${#syscall_a[@]}" -gt 0 ]
            then
                syscall_string=""
                for syscall in "${syscall_a[@]}"
                do
                    syscall_string+=" -S $syscall"
                done
            fi
            other_string=$([[ $OTHER_FILTERS ]] &amp;&amp; echo " $OTHER_FILTERS") || /bin/true
            auid_string=$([[ $AUID_FILTERS ]] &amp;&amp; echo " $AUID_FILTERS") || /bin/true
            full_rule="$ACTION_ARCH_FILTERS${syscall_string}${other_string}${auid_string} -F key=$KEY" || /bin/true
            echo "$full_rule" &gt;&gt; "$default_file"
            chmod 0600 ${default_file}
        else
            # Check if the syscalls are declared as a comma separated list or
            # as multiple -S parameters
            if grep -q -- "," &lt;&lt;&lt; "${rule_syscalls_to_edit}"
            then
                delimiter=","
            else
                delimiter=" -S "
            fi
            new_grouped_syscalls="${rule_syscalls_to_edit}"
            for syscall in "${syscall_a[@]}"
            do
                grep -q -- "\b${syscall}\b" &lt;&lt;&lt; "${rule_syscalls_to_edit}" || {
                   # A syscall was not found in the candidate rule
                   new_grouped_syscalls+="${delimiter}${syscall}"
                   }
            done

            # Group the syscall in the rule
            sed -i -e "\#${rule_to_edit}#s#${rule_syscalls_to_edit}#${new_grouped_syscalls}#" "$file_to_edit"
        fi
    fi
done

else
    &gt;&amp;2 echo 'Remediation is not applicable, nothing was done'
fi
</fix>
          <fix xmlns:xhtml="http://www.w3.org/1999/xhtml" id="audit_rules_time_stime" system="urn:xccdf:fix:script:ansible" complexity="low" disruption="low" strategy="restrict">- name: Gather the package facts
  package_facts:
    manager: auto
  tags:
  - CCE-85815-9
  - CJIS-5.4.1.1
  - NIST-800-171-3.1.7
  - NIST-800-53-AC-6(9)
  - NIST-800-53-AU-12(c)
  - NIST-800-53-AU-2(d)
  - NIST-800-53-CM-6(a)
  - PCI-DSS-Req-10.4.2.b
  - PCI-DSSv4-10.6
  - PCI-DSSv4-10.6.3
  - audit_rules_time_stime
  - low_complexity
  - low_disruption
  - medium_severity
  - no_reboot_needed
  - restrict_strategy

- name: Perform remediation of Audit rules for stime syscall for x86 platform
  block:

  - name: Declare list of syscalls
    ansible.builtin.set_fact:
      syscalls:
      - stime
      syscall_grouping:
      - adjtimex
      - settimeofday
      - stime

  - name: Check existence of stime in /etc/audit/rules.d/
    ansible.builtin.find:
      paths: /etc/audit/rules.d
      contains: -a always,exit -F arch=b32(( -S |,)\w+)*(( -S |,){{ item }})+(( -S
        |,)\w+)* (-k\s+|-F\s+key=)\S+\s*$
      patterns: '*.rules'
    register: find_command
    loop: '{{ (syscall_grouping + syscalls) | unique }}'

  - name: Reset syscalls found per file
    ansible.builtin.set_fact:
      syscalls_per_file: {}
      found_paths_dict: {}

  - name: Declare syscalls found per file
    ansible.builtin.set_fact: syscalls_per_file="{{ syscalls_per_file | combine( {item.files[0].path
      :[item.item] + syscalls_per_file.get(item.files[0].path, []) } ) }}"
    loop: '{{ find_command.results | selectattr(''matched'') | list }}'

  - name: Declare files where syscalls were found
    ansible.builtin.set_fact: found_paths="{{ find_command.results | map(attribute='files')
      | flatten | map(attribute='path') | list }}"

  - name: Count occurrences of syscalls in paths
    ansible.builtin.set_fact: found_paths_dict="{{ found_paths_dict | combine({ item:1+found_paths_dict.get(item,
      0) }) }}"
    loop: '{{ find_command.results | map(attribute=''files'') | flatten | map(attribute=''path'')
      | list }}'

  - name: Get path with most syscalls
    ansible.builtin.set_fact: audit_file="{{ (found_paths_dict | dict2items() | sort(attribute='value')
      | last).key }}"
    when: found_paths | length &gt;= 1

  - name: No file with syscall found, set path to /etc/audit/rules.d/audit_time_rules.rules
    ansible.builtin.set_fact: audit_file="/etc/audit/rules.d/audit_time_rules.rules"
    when: found_paths | length == 0

  - name: Declare found syscalls
    ansible.builtin.set_fact: syscalls_found="{{ find_command.results | selectattr('matched')
      | map(attribute='item') | list }}"

  - name: Declare missing syscalls
    ansible.builtin.set_fact: missing_syscalls="{{ syscalls | difference(syscalls_found)
      }}"

  - name: Replace the audit rule in {{ audit_file }}
    ansible.builtin.lineinfile:
      path: '{{ audit_file }}'
      regexp: (-a always,exit -F arch=b32)(?=.*(?:(?:-S |,)(?:{{ syscalls_per_file[audit_file]
        | join("|") }}))\b)((?:( -S |,)\w+)+)( (?:-k |-F key=)\w+)
      line: \1\2\3{{ missing_syscalls | join("\3") }}\4
      backrefs: true
      state: present
      mode: g-rwx,o-rwx
    when: syscalls_found | length &gt; 0 and missing_syscalls | length &gt; 0

  - name: Add the audit rule to {{ audit_file }}
    ansible.builtin.lineinfile:
      path: '{{ audit_file }}'
      line: -a always,exit -F arch=b32 -S {{ syscalls | join(',') }} -F key=audit_time_rules
      create: true
      mode: g-rwx,o-rwx
      state: present
    when: syscalls_found | length == 0

  - name: Declare list of syscalls
    ansible.builtin.set_fact:
      syscalls:
      - stime
      syscall_grouping:
      - adjtimex
      - settimeofday
      - stime

  - name: Check existence of stime in /etc/audit/audit.rules
    ansible.builtin.find:
      paths: /etc/audit
      contains: -a always,exit -F arch=b32(( -S |,)\w+)*(( -S |,){{ item }})+(( -S
        |,)\w+)* (-k\s+|-F\s+key=)\S+\s*$
      patterns: audit.rules
    register: find_command
    loop: '{{ (syscall_grouping + syscalls) | unique }}'

  - name: Set path to /etc/audit/audit.rules
    ansible.builtin.set_fact: audit_file="/etc/audit/audit.rules"

  - name: Declare found syscalls
    ansible.builtin.set_fact: syscalls_found="{{ find_command.results | selectattr('matched')
      | map(attribute='item') | list }}"

  - name: Declare missing syscalls
    ansible.builtin.set_fact: missing_syscalls="{{ syscalls | difference(syscalls_found)
      }}"

  - name: Replace the audit rule in {{ audit_file }}
    ansible.builtin.lineinfile:
      path: '{{ audit_file }}'
      regexp: (-a always,exit -F arch=b32)(?=.*(?:(?:-S |,)(?:{{ syscalls_found |
        join("|") }}))\b)((?:( -S |,)\w+)+)( (?:-k |-F key=)\w+)
      line: \1\2\3{{ missing_syscalls | join("\3") }}\4
      backrefs: true
      state: present
      mode: g-rwx,o-rwx
    when: syscalls_found | length &gt; 0 and missing_syscalls | length &gt; 0

  - name: Add the audit rule to {{ audit_file }}
    ansible.builtin.lineinfile:
      path: '{{ audit_file }}'
      line: -a always,exit -F arch=b32 -S {{ syscalls | join(',') }} -F key=audit_time_rules
      create: true
      mode: g-rwx,o-rwx
      state: present
    when: syscalls_found | length == 0
  when:
  - '"audit" in ansible_facts.packages'
  - ("kernel-default" in ansible_facts.packages or "kernel-default-base" in ansible_facts.packages)
  - ( not ( ansible_architecture == "aarch64" ) and not ( ansible_architecture ==
    "s390x" ) )
  tags:
  - CCE-85815-9
  - CJIS-5.4.1.1
  - NIST-800-171-3.1.7
  - NIST-800-53-AC-6(9)
  - NIST-800-53-AU-12(c)
  - NIST-800-53-AU-2(d)
  - NIST-800-53-CM-6(a)
  - PCI-DSS-Req-10.4.2.b
  - PCI-DSSv4-10.6
  - PCI-DSSv4-10.6.3
  - audit_rules_time_stime
  - low_complexity
  - low_disruption
  - medium_severity
  - no_reboot_needed
  - restrict_strategy
</fix>
          <check system="http://oval.mitre.org/XMLSchema/oval-definitions-5">
            <check-content-ref name="oval:ssg-audit_rules_time_stime:def:1" href="ssg-sle15-oval.xml"/>
          </check>
          <check system="http://scap.nist.gov/schema/ocil/2">
            <check-content-ref name="ocil:ssg-audit_rules_time_stime_ocil:questionnaire:1" href="ssg-sle15-ocil.xml"/>
          </check>
        </Rule>
        <Rule id="xccdf_org.ssgproject.content_rule_audit_rules_time_watch_localtime" selected="false" role="full" severity="medium">
          <title xmlns:xhtml="http://www.w3.org/1999/xhtml" xml:lang="en-US">Record Attempts to Alter the localtime File</title>
          <description xmlns:xhtml="http://www.w3.org/1999/xhtml" xml:lang="en-US">



If the <html:code xmlns:html="http://www.w3.org/1999/xhtml">auditd</html:code> daemon is configured to use the <html:code xmlns:html="http://www.w3.org/1999/xhtml">augenrules</html:code>
program to read audit rules during daemon startup (the default), add the
following lines to a file with suffix <html:code xmlns:html="http://www.w3.org/1999/xhtml">.rules</html:code> in the
directory <html:code xmlns:html="http://www.w3.org/1999/xhtml">/etc/audit/rules.d</html:code>:

<html:pre xmlns:html="http://www.w3.org/1999/xhtml">-w /etc/localtime -p wa -k audit_time_rules</html:pre>

If the <html:code xmlns:html="http://www.w3.org/1999/xhtml">auditd</html:code> daemon is configured to use the <html:code xmlns:html="http://www.w3.org/1999/xhtml">auditctl</html:code>
utility to read audit rules during daemon startup, add the following lines to
<html:code xmlns:html="http://www.w3.org/1999/xhtml">/etc/audit/audit.rules</html:code>:

<html:pre xmlns:html="http://www.w3.org/1999/xhtml">-w /etc/localtime -p wa -k audit_time_rules</html:pre>
       </description>
          <reference href="https://www.cisecurity.org/controls/">1</reference>
          <reference href="https://www.cisecurity.org/controls/">11</reference>
          <reference href="https://www.cisecurity.org/controls/">12</reference>
          <reference href="https://www.cisecurity.org/controls/">13</reference>
          <reference href="https://www.cisecurity.org/controls/">14</reference>
          <reference href="https://www.cisecurity.org/controls/">15</reference>
          <reference href="https://www.cisecurity.org/controls/">16</reference>
          <reference href="https://www.cisecurity.org/controls/">19</reference>
          <reference href="https://www.cisecurity.org/controls/">2</reference>
          <reference href="https://www.cisecurity.org/controls/">3</reference>
          <reference href="https://www.cisecurity.org/controls/">4</reference>
          <reference href="https://www.cisecurity.org/controls/">5</reference>
          <reference href="https://www.cisecurity.org/controls/">6</reference>
          <reference href="https://www.cisecurity.org/controls/">7</reference>
          <reference href="https://www.cisecurity.org/controls/">8</reference>
          <reference href="https://www.cisecurity.org/controls/">9</reference>
          <reference href="https://www.fbi.gov/file-repository/cjis-security-policy-v5_5_20160601-2-1.pdf">5.4.1.1</reference>
          <reference href="https://www.isaca.org/resources/cobit">APO10.01</reference>
          <reference href="https://www.isaca.org/resources/cobit">APO10.03</reference>
          <reference href="https://www.isaca.org/resources/cobit">APO10.04</reference>
          <reference href="https://www.isaca.org/resources/cobit">APO10.05</reference>
          <reference href="https://www.isaca.org/resources/cobit">APO11.04</reference>
          <reference href="https://www.isaca.org/resources/cobit">APO12.06</reference>
          <reference href="https://www.isaca.org/resources/cobit">APO13.01</reference>
          <reference href="https://www.isaca.org/resources/cobit">BAI03.05</reference>
          <reference href="https://www.isaca.org/resources/cobit">BAI08.02</reference>
          <reference href="https://www.isaca.org/resources/cobit">DSS01.03</reference>
          <reference href="https://www.isaca.org/resources/cobit">DSS01.04</reference>
          <reference href="https://www.isaca.org/resources/cobit">DSS02.02</reference>
          <reference href="https://www.isaca.org/resources/cobit">DSS02.04</reference>
          <reference href="https://www.isaca.org/resources/cobit">DSS02.07</reference>
          <reference href="https://www.isaca.org/resources/cobit">DSS03.01</reference>
          <reference href="https://www.isaca.org/resources/cobit">DSS03.05</reference>
          <reference href="https://www.isaca.org/resources/cobit">DSS05.02</reference>
          <reference href="https://www.isaca.org/resources/cobit">DSS05.03</reference>
          <reference href="https://www.isaca.org/resources/cobit">DSS05.04</reference>
          <reference href="https://www.isaca.org/resources/cobit">DSS05.05</reference>
          <reference href="https://www.isaca.org/resources/cobit">DSS05.07</reference>
          <reference href="https://www.isaca.org/resources/cobit">MEA01.01</reference>
          <reference href="https://www.isaca.org/resources/cobit">MEA01.02</reference>
          <reference href="https://www.isaca.org/resources/cobit">MEA01.03</reference>
          <reference href="https://www.isaca.org/resources/cobit">MEA01.04</reference>
          <reference href="https://www.isaca.org/resources/cobit">MEA01.05</reference>
          <reference href="https://www.isaca.org/resources/cobit">MEA02.01</reference>
          <reference href="http://nvlpubs.nist.gov/nistpubs/SpecialPublications/NIST.SP.800-171.pdf">3.1.7</reference>
          <reference href="https://www.gpo.gov/fdsys/pkg/CFR-2007-title45-vol1/pdf/CFR-2007-title45-vol1-chapA-subchapC.pdf">164.308(a)(1)(ii)(D)</reference>
          <reference href="https://www.gpo.gov/fdsys/pkg/CFR-2007-title45-vol1/pdf/CFR-2007-title45-vol1-chapA-subchapC.pdf">164.308(a)(3)(ii)(A)</reference>
          <reference href="https://www.gpo.gov/fdsys/pkg/CFR-2007-title45-vol1/pdf/CFR-2007-title45-vol1-chapA-subchapC.pdf">164.308(a)(5)(ii)(C)</reference>
          <reference href="https://www.gpo.gov/fdsys/pkg/CFR-2007-title45-vol1/pdf/CFR-2007-title45-vol1-chapA-subchapC.pdf">164.312(a)(2)(i)</reference>
          <reference href="https://www.gpo.gov/fdsys/pkg/CFR-2007-title45-vol1/pdf/CFR-2007-title45-vol1-chapA-subchapC.pdf">164.312(b)</reference>
          <reference href="https://www.gpo.gov/fdsys/pkg/CFR-2007-title45-vol1/pdf/CFR-2007-title45-vol1-chapA-subchapC.pdf">164.312(d)</reference>
          <reference href="https://www.gpo.gov/fdsys/pkg/CFR-2007-title45-vol1/pdf/CFR-2007-title45-vol1-chapA-subchapC.pdf">164.312(e)</reference>
          <reference href="https://www.isa.org/products/isa-62443-2-1-2009-security-for-industrial-automat">4.2.3.10</reference>
          <reference href="https://www.isa.org/products/isa-62443-2-1-2009-security-for-industrial-automat">4.3.2.6.7</reference>
          <reference href="https://www.isa.org/products/isa-62443-2-1-2009-security-for-industrial-automat">4.3.3.3.9</reference>
          <reference href="https://www.isa.org/products/isa-62443-2-1-2009-security-for-industrial-automat">4.3.3.5.8</reference>
          <reference href="https://www.isa.org/products/isa-62443-2-1-2009-security-for-industrial-automat">4.3.3.6.6</reference>
          <reference href="https://www.isa.org/products/isa-62443-2-1-2009-security-for-industrial-automat">4.3.4.4.7</reference>
          <reference href="https://www.isa.org/products/isa-62443-2-1-2009-security-for-industrial-automat">4.3.4.5.6</reference>
          <reference href="https://www.isa.org/products/isa-62443-2-1-2009-security-for-industrial-automat">4.3.4.5.7</reference>
          <reference href="https://www.isa.org/products/isa-62443-2-1-2009-security-for-industrial-automat">4.3.4.5.8</reference>
          <reference href="https://www.isa.org/products/isa-62443-2-1-2009-security-for-industrial-automat">4.4.2.1</reference>
          <reference href="https://www.isa.org/products/isa-62443-2-1-2009-security-for-industrial-automat">4.4.2.2</reference>
          <reference href="https://www.isa.org/products/isa-62443-2-1-2009-security-for-industrial-automat">4.4.2.4</reference>
          <reference href="https://www.isa.org/products/ansi-isa-62443-3-3-99-03-03-2013-security-for-indu">SR 1.13</reference>
          <reference href="https://www.isa.org/products/ansi-isa-62443-3-3-99-03-03-2013-security-for-indu">SR 2.10</reference>
          <reference href="https://www.isa.org/products/ansi-isa-62443-3-3-99-03-03-2013-security-for-indu">SR 2.11</reference>
          <reference href="https://www.isa.org/products/ansi-isa-62443-3-3-99-03-03-2013-security-for-indu">SR 2.12</reference>
          <reference href="https://www.isa.org/products/ansi-isa-62443-3-3-99-03-03-2013-security-for-indu">SR 2.6</reference>
          <reference href="https://www.isa.org/products/ansi-isa-62443-3-3-99-03-03-2013-security-for-indu">SR 2.8</reference>
          <reference href="https://www.isa.org/products/ansi-isa-62443-3-3-99-03-03-2013-security-for-indu">SR 2.9</reference>
          <reference href="https://www.isa.org/products/ansi-isa-62443-3-3-99-03-03-2013-security-for-indu">SR 3.1</reference>
          <reference href="https://www.isa.org/products/ansi-isa-62443-3-3-99-03-03-2013-security-for-indu">SR 3.5</reference>
          <reference href="https://www.isa.org/products/ansi-isa-62443-3-3-99-03-03-2013-security-for-indu">SR 3.8</reference>
          <reference href="https://www.isa.org/products/ansi-isa-62443-3-3-99-03-03-2013-security-for-indu">SR 4.1</reference>
          <reference href="https://www.isa.org/products/ansi-isa-62443-3-3-99-03-03-2013-security-for-indu">SR 4.3</reference>
          <reference href="https://www.isa.org/products/ansi-isa-62443-3-3-99-03-03-2013-security-for-indu">SR 5.1</reference>
          <reference href="https://www.isa.org/products/ansi-isa-62443-3-3-99-03-03-2013-security-for-indu">SR 5.2</reference>
          <reference href="https://www.isa.org/products/ansi-isa-62443-3-3-99-03-03-2013-security-for-indu">SR 5.3</reference>
          <reference href="https://www.isa.org/products/ansi-isa-62443-3-3-99-03-03-2013-security-for-indu">SR 6.1</reference>
          <reference href="https://www.isa.org/products/ansi-isa-62443-3-3-99-03-03-2013-security-for-indu">SR 6.2</reference>
          <reference href="https://www.isa.org/products/ansi-isa-62443-3-3-99-03-03-2013-security-for-indu">SR 7.1</reference>
          <reference href="https://www.isa.org/products/ansi-isa-62443-3-3-99-03-03-2013-security-for-indu">SR 7.6</reference>
          <reference href="https://www.iso.org/contents/data/standard/05/45/54534.html">A.11.2.6</reference>
          <reference href="https://www.iso.org/contents/data/standard/05/45/54534.html">A.12.4.1</reference>
          <reference href="https://www.iso.org/contents/data/standard/05/45/54534.html">A.12.4.2</reference>
          <reference href="https://www.iso.org/contents/data/standard/05/45/54534.html">A.12.4.3</reference>
          <reference href="https://www.iso.org/contents/data/standard/05/45/54534.html">A.12.4.4</reference>
          <reference href="https://www.iso.org/contents/data/standard/05/45/54534.html">A.12.7.1</reference>
          <reference href="https://www.iso.org/contents/data/standard/05/45/54534.html">A.13.1.1</reference>
          <reference href="https://www.iso.org/contents/data/standard/05/45/54534.html">A.13.2.1</reference>
          <reference href="https://www.iso.org/contents/data/standard/05/45/54534.html">A.14.1.3</reference>
          <reference href="https://www.iso.org/contents/data/standard/05/45/54534.html">A.14.2.7</reference>
          <reference href="https://www.iso.org/contents/data/standard/05/45/54534.html">A.15.2.1</reference>
          <reference href="https://www.iso.org/contents/data/standard/05/45/54534.html">A.15.2.2</reference>
          <reference href="https://www.iso.org/contents/data/standard/05/45/54534.html">A.16.1.4</reference>
          <reference href="https://www.iso.org/contents/data/standard/05/45/54534.html">A.16.1.5</reference>
          <reference href="https://www.iso.org/contents/data/standard/05/45/54534.html">A.16.1.7</reference>
          <reference href="https://www.iso.org/contents/data/standard/05/45/54534.html">A.6.2.1</reference>
          <reference href="https://www.iso.org/contents/data/standard/05/45/54534.html">A.6.2.2</reference>
          <reference href="http://nvlpubs.nist.gov/nistpubs/SpecialPublications/NIST.SP.800-53r4.pdf">AU-2(d)</reference>
          <reference href="http://nvlpubs.nist.gov/nistpubs/SpecialPublications/NIST.SP.800-53r4.pdf">AU-12(c)</reference>
          <reference href="http://nvlpubs.nist.gov/nistpubs/SpecialPublications/NIST.SP.800-53r4.pdf">AC-6(9)</reference>
          <reference href="http://nvlpubs.nist.gov/nistpubs/SpecialPublications/NIST.SP.800-53r4.pdf">CM-6(a)</reference>
          <reference href="https://nvlpubs.nist.gov/nistpubs/CSWP/NIST.CSWP.04162018.pdf">DE.AE-3</reference>
          <reference href="https://nvlpubs.nist.gov/nistpubs/CSWP/NIST.CSWP.04162018.pdf">DE.AE-5</reference>
          <reference href="https://nvlpubs.nist.gov/nistpubs/CSWP/NIST.CSWP.04162018.pdf">DE.CM-1</reference>
          <reference href="https://nvlpubs.nist.gov/nistpubs/CSWP/NIST.CSWP.04162018.pdf">DE.CM-3</reference>
          <reference href="https://nvlpubs.nist.gov/nistpubs/CSWP/NIST.CSWP.04162018.pdf">DE.CM-7</reference>
          <reference href="https://nvlpubs.nist.gov/nistpubs/CSWP/NIST.CSWP.04162018.pdf">ID.SC-4</reference>
          <reference href="https://nvlpubs.nist.gov/nistpubs/CSWP/NIST.CSWP.04162018.pdf">PR.AC-3</reference>
          <reference href="https://nvlpubs.nist.gov/nistpubs/CSWP/NIST.CSWP.04162018.pdf">PR.PT-1</reference>
          <reference href="https://nvlpubs.nist.gov/nistpubs/CSWP/NIST.CSWP.04162018.pdf">PR.PT-4</reference>
          <reference href="https://nvlpubs.nist.gov/nistpubs/CSWP/NIST.CSWP.04162018.pdf">RS.AN-1</reference>
          <reference href="https://nvlpubs.nist.gov/nistpubs/CSWP/NIST.CSWP.04162018.pdf">RS.AN-4</reference>
          <reference href="https://www.pcisecuritystandards.org/documents/PCI_DSS_v3-2-1.pdf">Req-10.4.2.b</reference>
          <reference href="https://www.cisecurity.org/benchmark/suse_linux/">4.1.3</reference>
          <reference href="https://cyber.gouv.fr/sites/default/files/document/linux_configuration-en-v2.pdf">R73</reference>
          <reference href="not_publicly_available">SLES-15-750450180</reference>
          <reference href="https://www.cyber.gov.au/acsc/view-all-content/ism">0582</reference>
          <reference href="https://docs-prv.pcisecuritystandards.org/PCI%20DSS/Standard/PCI-DSS-v4_0.pdf">10.6.3</reference>
          <reference href="https://docs-prv.pcisecuritystandards.org/PCI%20DSS/Standard/PCI-DSS-v4_0.pdf">10.6</reference>
          <rationale xmlns:xhtml="http://www.w3.org/1999/xhtml" xml:lang="en-US">Arbitrary changes to the system time can be used to obfuscate
nefarious activities in log files, as well as to confuse network services that
are highly dependent upon an accurate system time (such as sshd). All changes
to the system time should be audited.</rationale>
          <ident system="https://ncp.nist.gov/cce">CCE-85812-6</ident>
          <fix xmlns:xhtml="http://www.w3.org/1999/xhtml" id="audit_rules_time_watch_localtime" system="urn:xccdf:fix:script:sh"># Remediation is applicable only in certain platforms
if rpm --quiet -q audit &amp;&amp; rpm --quiet -q kernel-default || rpm --quiet -q kernel-default-base; then

# Perform the remediation for both possible tools: 'auditctl' and 'augenrules'






# Create a list of audit *.rules files that should be inspected for presence and correctness
# of a particular audit rule. The scheme is as follows:
#
# -----------------------------------------------------------------------------------------
# Tool used to load audit rules	| Rule already defined	|  Audit rules file to inspect	  |
# -----------------------------------------------------------------------------------------
#	auditctl		|     Doesn't matter	|  /etc/audit/audit.rules	  |
# -----------------------------------------------------------------------------------------
# 	augenrules		|          Yes		|  /etc/audit/rules.d/*.rules	  |
# 	augenrules		|          No		|  /etc/audit/rules.d/$key.rules  |
# -----------------------------------------------------------------------------------------
files_to_inspect=()


# If the audit tool is 'auditctl', then add '/etc/audit/audit.rules'
# into the list of files to be inspected
files_to_inspect+=('/etc/audit/audit.rules')

# Finally perform the inspection and possible subsequent audit rule
# correction for each of the files previously identified for inspection
for audit_rules_file in "${files_to_inspect[@]}"
do
    # Check if audit watch file system object rule for given path already present

    if grep -q -P -- "^[\s]*-w[\s]+/etc/localtime" "$audit_rules_file"

    then
        # Rule is found =&gt; verify yet if existing rule definition contains
        # all of the required access type bits

        # Define BRE whitespace class shortcut
        sp="[[:space:]]"
        # Extract current permission access types (e.g. -p [r|w|x|a] values) from audit rule

        current_access_bits=$(sed -ne "s#$sp*-w$sp\+/etc/localtime $sp\+-p$sp\+\([rxwa]\{1,4\}\).*#\1#p" "$audit_rules_file")

        # Split required access bits string into characters array
        # (to check bit's presence for one bit at a time)
        for access_bit in $(echo "wa" | grep -o .)
        do
            # For each from the required access bits (e.g. 'w', 'a') check
            # if they are already present in current access bits for rule.
            # If not, append that bit at the end
            if ! grep -q "$access_bit" &lt;&lt;&lt; "$current_access_bits"
            then
                # Concatenate the existing mask with the missing bit
                current_access_bits="$current_access_bits$access_bit"
            fi
        done
        # Propagate the updated rule's access bits (original + the required
        # ones) back into the /etc/audit/audit.rules file for that rule

        sed -i "s#\($sp*-w$sp\+/etc/localtime$sp\+-p$sp\+\)\([rxwa]\{1,4\}\)\(.*\)#\1$current_access_bits\3#" "$audit_rules_file"

    else
        # Rule isn't present yet. Append it at the end of $audit_rules_file file
        # with proper key


        echo "-w /etc/localtime -p wa -k audit_time_rules" &gt;&gt; "$audit_rules_file"

    fi
done
# Create a list of audit *.rules files that should be inspected for presence and correctness
# of a particular audit rule. The scheme is as follows:
#
# -----------------------------------------------------------------------------------------
# Tool used to load audit rules	| Rule already defined	|  Audit rules file to inspect	  |
# -----------------------------------------------------------------------------------------
#	auditctl		|     Doesn't matter	|  /etc/audit/audit.rules	  |
# -----------------------------------------------------------------------------------------
# 	augenrules		|          Yes		|  /etc/audit/rules.d/*.rules	  |
# 	augenrules		|          No		|  /etc/audit/rules.d/$key.rules  |
# -----------------------------------------------------------------------------------------
files_to_inspect=()

# If the audit is 'augenrules', then check if rule is already defined
# If rule is defined, add '/etc/audit/rules.d/*.rules' to list of files for inspection.
# If rule isn't defined, add '/etc/audit/rules.d/audit_time_rules.rules' to list of files for inspection.

readarray -t matches &lt; &lt;(grep -HP "[\s]*-w[\s]+/etc/localtime" /etc/audit/rules.d/*.rules)


# For each of the matched entries
for match in "${matches[@]}"
do
    # Extract filepath from the match
    rulesd_audit_file=$(echo $match | cut -f1 -d ':')
    # Append that path into list of files for inspection
    files_to_inspect+=("$rulesd_audit_file")
done
# Case when particular audit rule isn't defined yet
if [ "${#files_to_inspect[@]}" -eq "0" ]
then
    # Append '/etc/audit/rules.d/audit_time_rules.rules' into list of files for inspection
    key_rule_file="/etc/audit/rules.d/audit_time_rules.rules"
    # If the audit_time_rules.rules file doesn't exist yet, create it with correct permissions
    if [ ! -e "$key_rule_file" ]
    then
        touch "$key_rule_file"
        chmod 0600 "$key_rule_file"
    fi
    files_to_inspect+=("$key_rule_file")
fi

# Finally perform the inspection and possible subsequent audit rule
# correction for each of the files previously identified for inspection
for audit_rules_file in "${files_to_inspect[@]}"
do
    # Check if audit watch file system object rule for given path already present

    if grep -q -P -- "^[\s]*-w[\s]+/etc/localtime" "$audit_rules_file"

    then
        # Rule is found =&gt; verify yet if existing rule definition contains
        # all of the required access type bits

        # Define BRE whitespace class shortcut
        sp="[[:space:]]"
        # Extract current permission access types (e.g. -p [r|w|x|a] values) from audit rule

        current_access_bits=$(sed -ne "s#$sp*-w$sp\+/etc/localtime $sp\+-p$sp\+\([rxwa]\{1,4\}\).*#\1#p" "$audit_rules_file")

        # Split required access bits string into characters array
        # (to check bit's presence for one bit at a time)
        for access_bit in $(echo "wa" | grep -o .)
        do
            # For each from the required access bits (e.g. 'w', 'a') check
            # if they are already present in current access bits for rule.
            # If not, append that bit at the end
            if ! grep -q "$access_bit" &lt;&lt;&lt; "$current_access_bits"
            then
                # Concatenate the existing mask with the missing bit
                current_access_bits="$current_access_bits$access_bit"
            fi
        done
        # Propagate the updated rule's access bits (original + the required
        # ones) back into the /etc/audit/audit.rules file for that rule

        sed -i "s#\($sp*-w$sp\+/etc/localtime$sp\+-p$sp\+\)\([rxwa]\{1,4\}\)\(.*\)#\1$current_access_bits\3#" "$audit_rules_file"

    else
        # Rule isn't present yet. Append it at the end of $audit_rules_file file
        # with proper key


        echo "-w /etc/localtime -p wa -k audit_time_rules" &gt;&gt; "$audit_rules_file"

    fi
done

else
    &gt;&amp;2 echo 'Remediation is not applicable, nothing was done'
fi
</fix>
          <fix xmlns:xhtml="http://www.w3.org/1999/xhtml" id="audit_rules_time_watch_localtime" system="urn:xccdf:fix:script:ansible" complexity="low" disruption="low" strategy="restrict">- name: Gather the package facts
  package_facts:
    manager: auto
  tags:
  - CCE-85812-6
  - CJIS-5.4.1.1
  - NIST-800-171-3.1.7
  - NIST-800-53-AC-6(9)
  - NIST-800-53-AU-12(c)
  - NIST-800-53-AU-2(d)
  - NIST-800-53-CM-6(a)
  - PCI-DSS-Req-10.4.2.b
  - PCI-DSSv4-10.6
  - PCI-DSSv4-10.6.3
  - audit_rules_time_watch_localtime
  - low_complexity
  - low_disruption
  - medium_severity
  - no_reboot_needed
  - restrict_strategy

- name: Record Attempts to Alter the localtime File - Check if watch rule for /etc/localtime
    already exists in /etc/audit/rules.d/
  ansible.builtin.find:
    paths: /etc/audit/rules.d
    contains: ^\s*-w\s+/etc/localtime\s+-p\s+wa(\s|$)+
    patterns: '*.rules'
  register: find_existing_watch_rules_d
  when:
  - '"audit" in ansible_facts.packages'
  - ("kernel-default" in ansible_facts.packages or "kernel-default-base" in ansible_facts.packages)
  tags:
  - CCE-85812-6
  - CJIS-5.4.1.1
  - NIST-800-171-3.1.7
  - NIST-800-53-AC-6(9)
  - NIST-800-53-AU-12(c)
  - NIST-800-53-AU-2(d)
  - NIST-800-53-CM-6(a)
  - PCI-DSS-Req-10.4.2.b
  - PCI-DSSv4-10.6
  - PCI-DSSv4-10.6.3
  - audit_rules_time_watch_localtime
  - low_complexity
  - low_disruption
  - medium_severity
  - no_reboot_needed
  - restrict_strategy

- name: Record Attempts to Alter the localtime File - Search /etc/audit/rules.d for
    other rules with specified key audit_time_rules
  ansible.builtin.find:
    paths: /etc/audit/rules.d
    contains: ^.*(?:-F key=|-k\s+)audit_time_rules$
    patterns: '*.rules'
  register: find_watch_key
  when:
  - '"audit" in ansible_facts.packages'
  - ("kernel-default" in ansible_facts.packages or "kernel-default-base" in ansible_facts.packages)
  - find_existing_watch_rules_d.matched is defined and find_existing_watch_rules_d.matched
    == 0
  tags:
  - CCE-85812-6
  - CJIS-5.4.1.1
  - NIST-800-171-3.1.7
  - NIST-800-53-AC-6(9)
  - NIST-800-53-AU-12(c)
  - NIST-800-53-AU-2(d)
  - NIST-800-53-CM-6(a)
  - PCI-DSS-Req-10.4.2.b
  - PCI-DSSv4-10.6
  - PCI-DSSv4-10.6.3
  - audit_rules_time_watch_localtime
  - low_complexity
  - low_disruption
  - medium_severity
  - no_reboot_needed
  - restrict_strategy

- name: Record Attempts to Alter the localtime File - Use /etc/audit/rules.d/audit_time_rules.rules
    as the recipient for the rule
  ansible.builtin.set_fact:
    all_files:
    - /etc/audit/rules.d/audit_time_rules.rules
  when:
  - '"audit" in ansible_facts.packages'
  - ("kernel-default" in ansible_facts.packages or "kernel-default-base" in ansible_facts.packages)
  - find_watch_key.matched is defined and find_watch_key.matched == 0 and find_existing_watch_rules_d.matched
    is defined and find_existing_watch_rules_d.matched == 0
  tags:
  - CCE-85812-6
  - CJIS-5.4.1.1
  - NIST-800-171-3.1.7
  - NIST-800-53-AC-6(9)
  - NIST-800-53-AU-12(c)
  - NIST-800-53-AU-2(d)
  - NIST-800-53-CM-6(a)
  - PCI-DSS-Req-10.4.2.b
  - PCI-DSSv4-10.6
  - PCI-DSSv4-10.6.3
  - audit_rules_time_watch_localtime
  - low_complexity
  - low_disruption
  - medium_severity
  - no_reboot_needed
  - restrict_strategy

- name: Record Attempts to Alter the localtime File - Use matched file as the recipient
    for the rule
  ansible.builtin.set_fact:
    all_files:
    - '{{ find_watch_key.files | map(attribute=''path'') | list | first }}'
  when:
  - '"audit" in ansible_facts.packages'
  - ("kernel-default" in ansible_facts.packages or "kernel-default-base" in ansible_facts.packages)
  - find_watch_key.matched is defined and find_watch_key.matched &gt; 0 and find_existing_watch_rules_d.matched
    is defined and find_existing_watch_rules_d.matched == 0
  tags:
  - CCE-85812-6
  - CJIS-5.4.1.1
  - NIST-800-171-3.1.7
  - NIST-800-53-AC-6(9)
  - NIST-800-53-AU-12(c)
  - NIST-800-53-AU-2(d)
  - NIST-800-53-CM-6(a)
  - PCI-DSS-Req-10.4.2.b
  - PCI-DSSv4-10.6
  - PCI-DSSv4-10.6.3
  - audit_rules_time_watch_localtime
  - low_complexity
  - low_disruption
  - medium_severity
  - no_reboot_needed
  - restrict_strategy

- name: Record Attempts to Alter the localtime File - Add watch rule for /etc/localtime
    in /etc/audit/rules.d/
  ansible.builtin.lineinfile:
    path: '{{ all_files[0] }}'
    line: -w /etc/localtime -p wa -k audit_time_rules
    create: true
    mode: '0600'
  when:
  - '"audit" in ansible_facts.packages'
  - ("kernel-default" in ansible_facts.packages or "kernel-default-base" in ansible_facts.packages)
  - find_existing_watch_rules_d.matched is defined and find_existing_watch_rules_d.matched
    == 0
  tags:
  - CCE-85812-6
  - CJIS-5.4.1.1
  - NIST-800-171-3.1.7
  - NIST-800-53-AC-6(9)
  - NIST-800-53-AU-12(c)
  - NIST-800-53-AU-2(d)
  - NIST-800-53-CM-6(a)
  - PCI-DSS-Req-10.4.2.b
  - PCI-DSSv4-10.6
  - PCI-DSSv4-10.6.3
  - audit_rules_time_watch_localtime
  - low_complexity
  - low_disruption
  - medium_severity
  - no_reboot_needed
  - restrict_strategy

- name: Record Attempts to Alter the localtime File - Check if watch rule for /etc/localtime
    already exists in /etc/audit/audit.rules
  ansible.builtin.find:
    paths: /etc/audit/
    contains: ^\s*-w\s+/etc/localtime\s+-p\s+wa(\s|$)+
    patterns: audit.rules
  register: find_existing_watch_audit_rules
  when:
  - '"audit" in ansible_facts.packages'
  - ("kernel-default" in ansible_facts.packages or "kernel-default-base" in ansible_facts.packages)
  tags:
  - CCE-85812-6
  - CJIS-5.4.1.1
  - NIST-800-171-3.1.7
  - NIST-800-53-AC-6(9)
  - NIST-800-53-AU-12(c)
  - NIST-800-53-AU-2(d)
  - NIST-800-53-CM-6(a)
  - PCI-DSS-Req-10.4.2.b
  - PCI-DSSv4-10.6
  - PCI-DSSv4-10.6.3
  - audit_rules_time_watch_localtime
  - low_complexity
  - low_disruption
  - medium_severity
  - no_reboot_needed
  - restrict_strategy

- name: Record Attempts to Alter the localtime File - Add watch rule for /etc/localtime
    in /etc/audit/audit.rules
  ansible.builtin.lineinfile:
    line: -w /etc/localtime -p wa -k audit_time_rules
    state: present
    dest: /etc/audit/audit.rules
    create: true
    mode: '0600'
  when:
  - '"audit" in ansible_facts.packages'
  - ("kernel-default" in ansible_facts.packages or "kernel-default-base" in ansible_facts.packages)
  - find_existing_watch_audit_rules.matched is defined and find_existing_watch_audit_rules.matched
    == 0
  tags:
  - CCE-85812-6
  - CJIS-5.4.1.1
  - NIST-800-171-3.1.7
  - NIST-800-53-AC-6(9)
  - NIST-800-53-AU-12(c)
  - NIST-800-53-AU-2(d)
  - NIST-800-53-CM-6(a)
  - PCI-DSS-Req-10.4.2.b
  - PCI-DSSv4-10.6
  - PCI-DSSv4-10.6.3
  - audit_rules_time_watch_localtime
  - low_complexity
  - low_disruption
  - medium_severity
  - no_reboot_needed
  - restrict_strategy
</fix>
          <check system="http://oval.mitre.org/XMLSchema/oval-definitions-5">
            <check-content-ref name="oval:ssg-audit_rules_time_watch_localtime:def:1" href="ssg-sle15-oval.xml"/>
          </check>
          <check system="http://scap.nist.gov/schema/ocil/2">
            <check-content-ref name="ocil:ssg-audit_rules_time_watch_localtime_ocil:questionnaire:1" href="ssg-sle15-ocil.xml"/>
          </check>
        </Rule>
      </Group>
    </Group>
    <Group id="xccdf_org.ssgproject.content_group_configure_auditd_data_retention">
      <title xmlns:xhtml="http://www.w3.org/1999/xhtml" xml:lang="en-US">Configure auditd Data Retention</title>
      <description xmlns:xhtml="http://www.w3.org/1999/xhtml" xml:lang="en-US">The audit system writes data to <html:code xmlns:html="http://www.w3.org/1999/xhtml">/var/log/audit/audit.log</html:code>. By default,
<html:code xmlns:html="http://www.w3.org/1999/xhtml">auditd</html:code> rotates 5 logs by size (6MB), retaining a maximum of 30MB of
data in total, and refuses to write entries when the disk is too
full. This minimizes the risk of audit data filling its partition
and impacting other services. This also minimizes the risk of the audit
daemon temporarily disabling the system if it cannot write audit log (which
it can be configured to do).

For a busy
system or a system which is thoroughly auditing system activity, the default settings
for data retention may be
 insufficient. The log file size needed will depend heavily on what types
of events are being audited. First configure auditing to log all the events of
interest. Then monitor the log size manually for awhile to determine what file
size will allow you to keep the required data for the correct time period.
<html:br xmlns:html="http://www.w3.org/1999/xhtml"/>
      <html:br xmlns:html="http://www.w3.org/1999/xhtml"/>
Using a dedicated partition for <html:code xmlns:html="http://www.w3.org/1999/xhtml">/var/log/audit</html:code> prevents the
<html:code xmlns:html="http://www.w3.org/1999/xhtml">auditd</html:code> logs from disrupting system functionality if they fill, and,
more importantly, prevents other activity in <html:code xmlns:html="http://www.w3.org/1999/xhtml">/var</html:code> from filling the
partition and stopping the audit trail. (The audit logs are size-limited and
therefore unlikely to grow without bound unless configured to do so.) Some
machines may have requirements that no actions occur which cannot be audited.
If this is the case, then <html:code xmlns:html="http://www.w3.org/1999/xhtml">auditd</html:code> can be configured to halt the machine
if it runs out of space. <html:b xmlns:html="http://www.w3.org/1999/xhtml">Note:</html:b> Since older logs are rotated,
configuring <html:code xmlns:html="http://www.w3.org/1999/xhtml">auditd</html:code> this way does not prevent older logs from being
rotated away before they can be viewed.

<html:i xmlns:html="http://www.w3.org/1999/xhtml">If your system is configured to halt when logging cannot be performed, make
sure this can never happen under normal circumstances! Ensure that
<html:code>/var/log/audit</html:code> is on its own partition, and that this partition is
larger than the maximum amount of data <html:code>auditd</html:code> will retain
normally.</html:i>
     </description>
      <platform idref="#package_audit"/>
      <Value id="xccdf_org.ssgproject.content_value_var_audispd_disk_full_action" type="string">
        <title xmlns:xhtml="http://www.w3.org/1999/xhtml" xml:lang="en-US">Action for audispd to take when disk is full</title>
        <description xmlns:xhtml="http://www.w3.org/1999/xhtml" xml:lang="en-US">The setting for disk_full_action in /etc/audisp/audisp-remote.conf</description>
        <value>single</value>
        <value selector="exec">exec</value>
        <value selector="halt">halt</value>
        <value selector="single">single</value>
        <value selector="suspend">suspend</value>
        <value selector="syslog">syslog</value>
        <value selector="warn_once">warn_once</value>
        <value selector="stop">stop</value>
      </Value>
      <Value id="xccdf_org.ssgproject.content_value_var_audispd_network_failure_action" type="string">
        <title xmlns:xhtml="http://www.w3.org/1999/xhtml" xml:lang="en-US">Action for audispd to take when network fails</title>
        <description xmlns:xhtml="http://www.w3.org/1999/xhtml" xml:lang="en-US">The setting for network_failure_action in /etc/audisp/audisp-remote.conf</description>
        <value>single</value>
        <value selector="exec">exec</value>
        <value selector="halt">halt</value>
        <value selector="single">single</value>
        <value selector="suspend">suspend</value>
        <value selector="syslog">syslog</value>
        <value selector="warn_once">warn_once</value>
        <value selector="stop">stop</value>
        <value selector="ignore">ignore</value>
      </Value>
      <Value id="xccdf_org.ssgproject.content_value_var_audispd_remote_server" type="string" interactive="true">
        <title xmlns:xhtml="http://www.w3.org/1999/xhtml" xml:lang="en-US">Remote server for audispd to send audit records</title>
        <description xmlns:xhtml="http://www.w3.org/1999/xhtml" xml:lang="en-US">The configuration file could be "/etc/audit/audisp-remote.conf"
or "/etc/audisp/audisp-remote.conf" depending on the distro</description>
        <value>logcollector</value>
      </Value>
      <Value id="xccdf_org.ssgproject.content_value_var_auditd_action_mail_acct" type="string">
        <title xmlns:xhtml="http://www.w3.org/1999/xhtml" xml:lang="en-US">Account for auditd to send email when actions occurs</title>
        <description xmlns:xhtml="http://www.w3.org/1999/xhtml" xml:lang="en-US">The setting for action_mail_acct in /etc/audit/auditd.conf</description>
        <value selector="admin">admin</value>
        <value>root</value>
        <value selector="root">root</value>
      </Value>
      <Value id="xccdf_org.ssgproject.content_value_var_auditd_admin_space_left_action" type="string">
        <title xmlns:xhtml="http://www.w3.org/1999/xhtml" xml:lang="en-US">Action for auditd to take when disk space is low</title>
        <description xmlns:xhtml="http://www.w3.org/1999/xhtml" xml:lang="en-US">The setting for admin_space_left_action in /etc/audit/auditd.conf</description>
        <value>single</value>
        <value selector="email">email</value>
        <value selector="exec">exec</value>
        <value selector="halt">halt</value>
        <value selector="single">single</value>
        <value selector="suspend">suspend</value>
        <value selector="syslog">syslog</value>
        <value selector="rotate">rotate</value>
        <value selector="ignore">ignore</value>
        <value selector="cis_rhel8">single|halt</value>
        <value selector="cis_rhel9">single|halt</value>
        <value selector="cis_rhel10">single|halt</value>
      </Value>
      <Value id="xccdf_org.ssgproject.content_value_var_auditd_disk_error_action" type="string">
        <title xmlns:xhtml="http://www.w3.org/1999/xhtml" xml:lang="en-US">Action for auditd to take when disk errors</title>
        <description xmlns:xhtml="http://www.w3.org/1999/xhtml" xml:lang="en-US">'The setting for disk_error_action in /etc/audit/auditd.conf, if multiple
values are allowed write them separated by pipes as in "syslog|single|halt",
for remediations the first value will be taken'</description>
        <value>single</value>
        <value selector="exec">exec</value>
        <value selector="halt">halt</value>
        <value selector="single">single</value>
        <value selector="suspend">suspend</value>
        <value selector="syslog">syslog</value>
        <value selector="ignore">ignore</value>
        <value selector="ol8">syslog|single|halt</value>
        <value selector="rhel8">syslog|single|halt</value>
        <value selector="cis_rhel8">syslog|single|halt</value>
        <value selector="cis_rhel9">syslog|single|halt</value>
        <value selector="cis_rhel10">syslog|single|halt</value>
        <value selector="cis_ubuntu2204">syslog|single|halt</value>
        <value selector="cis_ubuntu2404">syslog|single|halt</value>
        <value selector="cis_debian12">syslog|single|halt</value>
      </Value>
      <Value id="xccdf_org.ssgproject.content_value_var_auditd_disk_full_action" type="string">
        <title xmlns:xhtml="http://www.w3.org/1999/xhtml" xml:lang="en-US">Action for auditd to take when disk is full</title>
        <description xmlns:xhtml="http://www.w3.org/1999/xhtml" xml:lang="en-US">'The setting for disk_full_action in /etc/audit/auditd.conf, if multiple
values are allowed write them separated by pipes as in "syslog|single|halt",
for remediations the first value will be taken'</description>
        <value>single</value>
        <value selector="exec">exec</value>
        <value selector="halt">halt</value>
        <value selector="single">single</value>
        <value selector="suspend">suspend</value>
        <value selector="syslog">syslog</value>
        <value selector="ignore">ignore</value>
        <value selector="rotate">rotate</value>
        <value selector="ol8">syslog|single|halt</value>
        <value selector="rhel8">syslog|single|halt</value>
        <value selector="cis_rhel8">syslog|single|halt</value>
        <value selector="cis_rhel9">halt|single</value>
        <value selector="cis_rhel10">halt|single</value>
        <value selector="cis_ubuntu2204">halt|single</value>
        <value selector="cis_ubuntu2404">halt|single</value>
        <value selector="cis_debian12">halt|single</value>
      </Value>
      <Value id="xccdf_org.ssgproject.content_value_var_auditd_flush" type="string">
        <title xmlns:xhtml="http://www.w3.org/1999/xhtml" xml:lang="en-US">Auditd priority for flushing data to disk</title>
        <description xmlns:xhtml="http://www.w3.org/1999/xhtml" xml:lang="en-US">The setting for flush in /etc/audit/auditd.conf</description>
        <value selector="data">data</value>
        <value>data</value>
        <value selector="incremental">incremental</value>
        <value selector="incremental_async">incremental_async</value>
        <value selector="none">none</value>
        <value selector="sync">sync</value>
      </Value>
      <Value id="xccdf_org.ssgproject.content_value_var_auditd_freq" type="number" interactive="true">
        <title xmlns:xhtml="http://www.w3.org/1999/xhtml" xml:lang="en-US">Number of Record to Retain Before Flushing to Disk</title>
        <description xmlns:xhtml="http://www.w3.org/1999/xhtml" xml:lang="en-US">The setting for freq in /etc/audit/auditd.conf</description>
        <value selector="50">50</value>
        <value selector="100">100</value>
        <value>50</value>
      </Value>
      <Value id="xccdf_org.ssgproject.content_value_var_auditd_max_log_file" type="number">
        <title xmlns:xhtml="http://www.w3.org/1999/xhtml" xml:lang="en-US">Maximum audit log file size for auditd</title>
        <description xmlns:xhtml="http://www.w3.org/1999/xhtml" xml:lang="en-US">The setting for max_log_file in /etc/audit/auditd.conf</description>
        <value selector="1">1</value>
        <value selector="10">10</value>
        <value selector="20">20</value>
        <value selector="5">5</value>
        <value selector="6">6</value>
        <value selector="8">8</value>
        <value>6</value>
      </Value>
      <Value id="xccdf_org.ssgproject.content_value_var_auditd_max_log_file_action" type="string">
        <title xmlns:xhtml="http://www.w3.org/1999/xhtml" xml:lang="en-US">Action for auditd to take when log files reach their maximum size</title>
        <description xmlns:xhtml="http://www.w3.org/1999/xhtml" xml:lang="en-US">The setting for max_log_file_action in /etc/audit/auditd.conf. The following options are available:
<html:br xmlns:html="http://www.w3.org/1999/xhtml"/>ignore - audit daemon does nothing.
<html:br xmlns:html="http://www.w3.org/1999/xhtml"/>syslog - audit daemon will issue a warning to syslog.
<html:br xmlns:html="http://www.w3.org/1999/xhtml"/>suspend - audit daemon will stop writing records to the disk.
<html:br xmlns:html="http://www.w3.org/1999/xhtml"/>rotate - audit daemon will rotate logs in the same convention used by logrotate.
<html:br xmlns:html="http://www.w3.org/1999/xhtml"/>keep_logs - similar to rotate but prevents audit logs to be overwritten. May trigger space_left_action if volume is full.</description>
        <value>rotate</value>
        <value selector="keep_logs">keep_logs</value>
        <value selector="rotate">rotate</value>
        <value selector="suspend">suspend</value>
        <value selector="syslog">syslog</value>
        <value selector="ignore">ignore</value>
      </Value>
      <Value id="xccdf_org.ssgproject.content_value_var_auditd_name_format" type="string">
        <title xmlns:xhtml="http://www.w3.org/1999/xhtml" xml:lang="en-US">Type of hostname to record the audit event</title>
        <description xmlns:xhtml="http://www.w3.org/1999/xhtml" xml:lang="en-US">Type of hostname to record the audit event</description>
        <value>hostname</value>
        <value selector="hostname">hostname</value>
        <value selector="fqd">fqd</value>
        <value selector="numeric">numeric</value>
        <value selector="user">user</value>
        <value selector="none">none</value>
        <value selector="stig">hostname|fqd|numeric</value>
      </Value>
      <Value id="xccdf_org.ssgproject.content_value_var_auditd_space_left" type="number">
        <title xmlns:xhtml="http://www.w3.org/1999/xhtml" xml:lang="en-US">Size remaining in disk space before prompting space_left_action</title>
        <description xmlns:xhtml="http://www.w3.org/1999/xhtml" xml:lang="en-US">The setting for space_left (MB) in /etc/audit/auditd.conf</description>
        <value selector="1000MB">1000</value>
        <value selector="100MB">100</value>
        <value selector="250MB">250</value>
        <value selector="500MB">500</value>
        <value selector="750MB">750</value>
        <value>100</value>
      </Value>
      <Value id="xccdf_org.ssgproject.content_value_var_auditd_space_left_action" type="string">
        <title xmlns:xhtml="http://www.w3.org/1999/xhtml" xml:lang="en-US">Action for auditd to take when disk space just starts to run low</title>
        <description xmlns:xhtml="http://www.w3.org/1999/xhtml" xml:lang="en-US">The setting for space_left_action in /etc/audit/auditd.conf</description>
        <value>email</value>
        <value selector="email">email</value>
        <value selector="exec">exec</value>
        <value selector="halt">halt</value>
        <value selector="single">single</value>
        <value selector="suspend">suspend</value>
        <value selector="syslog">syslog</value>
        <value selector="rotate">rotate</value>
        <value selector="ignore">ignore</value>
        <value selector="cis_rhel8">email|exec|single|halt</value>
        <value selector="cis_rhel9">email|exec|single|halt</value>
        <value selector="cis_rhel10">email|exec|single|halt</value>
      </Value>
      <Rule id="xccdf_org.ssgproject.content_rule_auditd_audispd_configure_remote_server" selected="false" role="full" severity="medium">
        <title xmlns:xhtml="http://www.w3.org/1999/xhtml" xml:lang="en-US">Configure audispd Plugin To Send Logs To Remote Server</title>
        <description xmlns:xhtml="http://www.w3.org/1999/xhtml" xml:lang="en-US">Configure the audispd plugin to off-load audit records onto a different
system or media from the system being audited.

Set the <html:code xmlns:html="http://www.w3.org/1999/xhtml">remote_server</html:code> option in <html:pre xmlns:html="http://www.w3.org/1999/xhtml">/etc/audit/audisp-remote.conf</html:pre>
with an IP address or hostname of the system that the audispd plugin should
send audit records to. For example
<html:pre xmlns:html="http://www.w3.org/1999/xhtml" xmlns:xccdf-1.2="http://checklists.nist.gov/xccdf/1.2">remote_server = <html:i><xccdf-1.2:sub idref="xccdf_org.ssgproject.content_value_var_audispd_remote_server" use="legacy"/></html:i>
       </html:pre>
      </description>
        <reference href="https://www.cyber.mil/stigs/downloads/?_dl_facet_stigs=operating-systems%2Cgeneral-purpose-os">SRG-OS-000342-GPOS-00133</reference>
        <reference href="https://www.cyber.mil/stigs/downloads/?_dl_facet_stigs=operating-systems%2Cgeneral-purpose-os">SRG-OS-000479-GPOS-00224</reference>
        <reference href="https://www.cyber.mil/stigs/downloads/?_dl_facet_stigs=operating-systems%2Cunix-linux">SLES-15-030690</reference>
        <reference href="https://www.cyber.mil/stigs/srg-stig-tools/">SV-234968r1009570_rule</reference>
        <rationale xmlns:xhtml="http://www.w3.org/1999/xhtml" xml:lang="en-US">Information stored in one location is vulnerable to accidental or incidental
deletion or alteration.Off-loading is a common process in information systems
with limited audit storage capacity.</rationale>
        <ident system="https://ncp.nist.gov/cce">CCE-85615-3</ident>
        <fix xmlns:xhtml="http://www.w3.org/1999/xhtml" id="auditd_audispd_configure_remote_server" system="urn:xccdf:fix:script:sh"># Remediation is applicable only in certain platforms
if rpm --quiet -q audit &amp;&amp; rpm --quiet -q kernel-default || rpm --quiet -q kernel-default-base; then

var_audispd_remote_server='<xccdf-1.2:sub xmlns:xccdf-1.2="http://checklists.nist.gov/xccdf/1.2" idref="xccdf_org.ssgproject.content_value_var_audispd_remote_server" use="legacy"/>'


AUDITCONFIG=/etc/audit/audisp-remote.conf



if [ -e "$AUDITCONFIG" ] ; then
    
    LC_ALL=C sed -i "/^\s*remote_server\s*=\s*/Id" "$AUDITCONFIG"
else
    printf '%s\n' "Path '$AUDITCONFIG' wasn't found on this system. Refusing to continue." &gt;&amp;2
    return 1
fi
# make sure file has newline at the end
sed -i -e '$a\' "$AUDITCONFIG"

cp "$AUDITCONFIG" "$AUDITCONFIG.bak"
# Insert at the end of the file
printf '%s\n' "remote_server = $var_audispd_remote_server" &gt;&gt; "$AUDITCONFIG"
# Clean up after ourselves.
rm "$AUDITCONFIG.bak"

else
    &gt;&amp;2 echo 'Remediation is not applicable, nothing was done'
fi
</fix>
        <fix xmlns:xhtml="http://www.w3.org/1999/xhtml" id="auditd_audispd_configure_remote_server" system="urn:xccdf:fix:script:ansible" complexity="low" disruption="low" strategy="configure">- name: Gather the package facts
  package_facts:
    manager: auto
  tags:
  - CCE-85615-3
  - DISA-STIG-SLES-15-030690
  - auditd_audispd_configure_remote_server
  - configure_strategy
  - low_complexity
  - low_disruption
  - medium_severity
  - no_reboot_needed
- name: XCCDF Value var_audispd_remote_server # promote to variable
  set_fact:
    var_audispd_remote_server: !!str <xccdf-1.2:sub xmlns:xccdf-1.2="http://checklists.nist.gov/xccdf/1.2" idref="xccdf_org.ssgproject.content_value_var_audispd_remote_server" use="legacy"/>
  tags:
    - always

- name: Configure audispd Plugin To Send Logs To Remote Server - Make sure that a
    remote server is configured for Audispd
  ansible.builtin.lineinfile:
    path: /etc/audit/audisp-remote.conf
    line: remote_server = {{ var_audispd_remote_server }}
    regexp: ^\s*remote_server\s*=.*$
    create: true
    state: present
  when:
  - '"audit" in ansible_facts.packages'
  - ("kernel-default" in ansible_facts.packages or "kernel-default-base" in ansible_facts.packages)
  tags:
  - CCE-85615-3
  - DISA-STIG-SLES-15-030690
  - auditd_audispd_configure_remote_server
  - configure_strategy
  - low_complexity
  - low_disruption
  - medium_severity
  - no_reboot_needed
</fix>
        <check system="http://oval.mitre.org/XMLSchema/oval-definitions-5">
          <check-export export-name="oval:ssg-var_audispd_remote_server:var:1" value-id="xccdf_org.ssgproject.content_value_var_audispd_remote_server"/>
          <check-content-ref name="oval:ssg-auditd_audispd_configure_remote_server:def:1" href="ssg-sle15-oval.xml"/>
        </check>
        <check system="http://scap.nist.gov/schema/ocil/2">
          <check-content-ref name="ocil:ssg-auditd_audispd_configure_remote_server_ocil:questionnaire:1" href="ssg-sle15-ocil.xml"/>
        </check>
      </Rule>
      <Rule id="xccdf_org.ssgproject.content_rule_auditd_audispd_configure_sufficiently_large_partition" selected="false" role="full" severity="medium">
        <title xmlns:xhtml="http://www.w3.org/1999/xhtml" xml:lang="en-US">Configure a Sufficiently Large Partition for Audit Logs</title>
        <description xmlns:xhtml="http://www.w3.org/1999/xhtml" xml:lang="en-US">The SUSE Linux Enterprise 15 operating system must allocate audit record storage
capacity to store at least one weeks worth of audit records when audit
records are not immediately sent to a central audit record storage
facility.

The partition size needed to capture a week's worth of audit records is
based on the activity level of the system and the total storage capacity
available.

In normal circumstances, 10.0 GB of storage space for audit
records will be sufficient.


Determine which partition the audit records are being written to with the
following command:

<html:pre xmlns:html="http://www.w3.org/1999/xhtml">$ sudo grep log_file /etc/audit/auditd.conf
log_file = /var/log/audit/audit.log</html:pre>

Check the size of the partition that audit records are written to with the
following command:

<html:pre xmlns:html="http://www.w3.org/1999/xhtml">$ sudo df -h /var/log/audit/
/dev/sda2 24G 10.4G 13.6G 43% /var/log/audit</html:pre>
      </description>
        <reference href="http://nvlpubs.nist.gov/nistpubs/SpecialPublications/NIST.SP.800-53r4.pdf">AU-4</reference>
        <reference href="https://www.cyber.mil/stigs/downloads/?_dl_facet_stigs=operating-systems%2Cgeneral-purpose-os">SRG-OS-000341-GPOS-00132</reference>
        <reference href="https://www.cyber.mil/stigs/downloads/?_dl_facet_stigs=operating-systems%2Cgeneral-purpose-os">SRG-OS-000342-GPOS-00133</reference>
        <reference href="https://www.cyber.mil/stigs/downloads/?_dl_facet_stigs=operating-systems%2Cunix-linux">SLES-15-030660</reference>
        <reference href="https://www.cyber.mil/stigs/srg-stig-tools/">SV-234965r958752_rule</reference>
        <rationale xmlns:xhtml="http://www.w3.org/1999/xhtml" xml:lang="en-US">Information stored in one location is vulnerable to accidental or incidental
deletion or alteration. Off-loading is a common process in information
systems with limited audit storage capacity.</rationale>
        <ident system="https://ncp.nist.gov/cce">CCE-85697-1</ident>
        <check system="http://scap.nist.gov/schema/ocil/2">
          <check-content-ref name="ocil:ssg-auditd_audispd_configure_sufficiently_large_partition_ocil:questionnaire:1" href="ssg-sle15-ocil.xml"/>
        </check>
      </Rule>
      <Rule id="xccdf_org.ssgproject.content_rule_auditd_audispd_disk_full_action" selected="false" role="full" severity="medium">
        <title xmlns:xhtml="http://www.w3.org/1999/xhtml" xml:lang="en-US">Configure audispd's Plugin disk_full_action When Disk Is Full</title>
        <description xmlns:xhtml="http://www.w3.org/1999/xhtml" xml:lang="en-US">Configure the action the operating system takes if the disk the audit records
are written to becomes full. Edit the file <html:code xmlns:html="http://www.w3.org/1999/xhtml">/etc/audit/audisp-remote.conf</html:code>.
Add or modify the following line, substituting <html:i xmlns:html="http://www.w3.org/1999/xhtml">ACTION</html:i> appropriately:
<html:pre xmlns:html="http://www.w3.org/1999/xhtml">disk_full_action = <html:i>ACTION</html:i>
       </html:pre>
Set this value to <html:code xmlns:html="http://www.w3.org/1999/xhtml">single</html:code> to cause the system to switch to single user
mode for corrective action. Acceptable values also include <html:code xmlns:html="http://www.w3.org/1999/xhtml">syslog</html:code> and
<html:code xmlns:html="http://www.w3.org/1999/xhtml">halt</html:code>. For certain systems, the need for availability
outweighs the need to log all actions, and a different setting should be
determined.</description>
        <reference href="http://nvlpubs.nist.gov/nistpubs/SpecialPublications/NIST.SP.800-53r4.pdf">AU-5(b)</reference>
        <reference href="http://nvlpubs.nist.gov/nistpubs/SpecialPublications/NIST.SP.800-53r4.pdf">AU-5(2)</reference>
        <reference href="http://nvlpubs.nist.gov/nistpubs/SpecialPublications/NIST.SP.800-53r4.pdf">AU-5(1)</reference>
        <reference href="http://nvlpubs.nist.gov/nistpubs/SpecialPublications/NIST.SP.800-53r4.pdf">AU-5(4)</reference>
        <reference href="http://nvlpubs.nist.gov/nistpubs/SpecialPublications/NIST.SP.800-53r4.pdf">CM-6(a)</reference>
        <reference href="https://www.cyber.mil/stigs/downloads/?_dl_facet_stigs=operating-systems%2Cgeneral-purpose-os">SRG-OS-000342-GPOS-00133</reference>
        <reference href="https://www.cyber.mil/stigs/downloads/?_dl_facet_stigs=operating-systems%2Cgeneral-purpose-os">SRG-OS-000479-GPOS-00224</reference>
        <reference href="https://www.cyber.mil/stigs/downloads/?_dl_facet_stigs=operating-systems%2Cunix-linux">SLES-15-030800</reference>
        <reference href="https://www.cyber.mil/stigs/srg-stig-tools/">SV-234979r1009576_rule</reference>
        <rationale xmlns:xhtml="http://www.w3.org/1999/xhtml" xml:lang="en-US">Taking appropriate action in case of a filled audit storage volume will
minimize the possibility of losing audit records.</rationale>
        <ident system="https://ncp.nist.gov/cce">CCE-85617-9</ident>
        <fix xmlns:xhtml="http://www.w3.org/1999/xhtml" id="auditd_audispd_disk_full_action" system="urn:xccdf:fix:script:sh"># Remediation is applicable only in certain platforms
if rpm --quiet -q audit &amp;&amp; rpm --quiet -q kernel-default || rpm --quiet -q kernel-default-base; then

var_audispd_disk_full_action='<xccdf-1.2:sub xmlns:xccdf-1.2="http://checklists.nist.gov/xccdf/1.2" idref="xccdf_org.ssgproject.content_value_var_audispd_disk_full_action" use="legacy"/>'


AUDITCONFIG=/etc/audit/audisp-remote.conf

# Strip any search characters in the key arg so that the key can be replaced without
# adding any search characters to the config file.
stripped_key=$(sed 's/[\^=\$,;+]*//g' &lt;&lt;&lt; "^disk_full_action")

# shellcheck disable=SC2059
printf -v formatted_output "%s = %s" "$stripped_key" "$var_audispd_disk_full_action"

# If the key exists, change it. Otherwise, add it to the config_file.
# We search for the key string followed by a word boundary (matched by \&gt;),
# so if we search for 'setting', 'setting2' won't match.
if LC_ALL=C grep -q -m 1 -i -e "^disk_full_action\\&gt;" "$AUDITCONFIG"; then
    escaped_formatted_output=$(sed -e 's|/|\\/|g' &lt;&lt;&lt; "$formatted_output")
    LC_ALL=C sed -i --follow-symlinks "s/^disk_full_action\\&gt;.*/$escaped_formatted_output/gi" "$AUDITCONFIG"
else
    if [[ -s "$AUDITCONFIG" ]] &amp;&amp; [[ -n "$(tail -c 1 -- "$AUDITCONFIG" || true)" ]]; then
        LC_ALL=C sed -i --follow-symlinks '$a'\\ "$AUDITCONFIG"
    fi
    cce="CCE-85617-9"
    printf '# Per %s: Set %s in %s\n' "${cce}" "${formatted_output}" "$AUDITCONFIG" &gt;&gt; "$AUDITCONFIG"
    printf '%s\n' "$formatted_output" &gt;&gt; "$AUDITCONFIG"
fi

else
    &gt;&amp;2 echo 'Remediation is not applicable, nothing was done'
fi
</fix>
        <fix xmlns:xhtml="http://www.w3.org/1999/xhtml" id="auditd_audispd_disk_full_action" system="urn:xccdf:fix:script:ansible" complexity="low" disruption="low" strategy="configure">- name: Gather the package facts
  package_facts:
    manager: auto
  tags:
  - CCE-85617-9
  - DISA-STIG-SLES-15-030800
  - NIST-800-53-AU-5(1)
  - NIST-800-53-AU-5(2)
  - NIST-800-53-AU-5(4)
  - NIST-800-53-AU-5(b)
  - NIST-800-53-CM-6(a)
  - auditd_audispd_disk_full_action
  - configure_strategy
  - low_complexity
  - low_disruption
  - medium_severity
  - no_reboot_needed
- name: XCCDF Value var_audispd_disk_full_action # promote to variable
  set_fact:
    var_audispd_disk_full_action: !!str <xccdf-1.2:sub xmlns:xccdf-1.2="http://checklists.nist.gov/xccdf/1.2" idref="xccdf_org.ssgproject.content_value_var_audispd_disk_full_action" use="legacy"/>
  tags:
    - always

- name: Make sure that disk full action is configured for Audispd
  ansible.builtin.lineinfile:
    path: /etc/audit/audisp-remote.conf
    line: disk_full_action = {{ var_audispd_disk_full_action }}
    regexp: ^\s*disk_full_action\s*=.*$
    create: true
    state: present
  when:
  - '"audit" in ansible_facts.packages'
  - ("kernel-default" in ansible_facts.packages or "kernel-default-base" in ansible_facts.packages)
  tags:
  - CCE-85617-9
  - DISA-STIG-SLES-15-030800
  - NIST-800-53-AU-5(1)
  - NIST-800-53-AU-5(2)
  - NIST-800-53-AU-5(4)
  - NIST-800-53-AU-5(b)
  - NIST-800-53-CM-6(a)
  - auditd_audispd_disk_full_action
  - configure_strategy
  - low_complexity
  - low_disruption
  - medium_severity
  - no_reboot_needed
</fix>
        <check system="http://oval.mitre.org/XMLSchema/oval-definitions-5">
          <check-export export-name="oval:ssg-var_audispd_disk_full_action:var:1" value-id="xccdf_org.ssgproject.content_value_var_audispd_disk_full_action"/>
          <check-content-ref name="oval:ssg-auditd_audispd_disk_full_action:def:1" href="ssg-sle15-oval.xml"/>
        </check>
        <check system="http://scap.nist.gov/schema/ocil/2">
          <check-content-ref name="ocil:ssg-auditd_audispd_disk_full_action_ocil:questionnaire:1" href="ssg-sle15-ocil.xml"/>
        </check>
      </Rule>
      <Rule id="xccdf_org.ssgproject.content_rule_auditd_audispd_encrypt_sent_records" selected="false" role="full" severity="medium">
        <title xmlns:xhtml="http://www.w3.org/1999/xhtml" xml:lang="en-US">Encrypt Audit Records Sent With audispd Plugin</title>
        <description xmlns:xhtml="http://www.w3.org/1999/xhtml" xml:lang="en-US">Configure the operating system to encrypt the transfer of off-loaded audit
records onto a different system or media from the system being audited.

Set the <html:code xmlns:html="http://www.w3.org/1999/xhtml">transport</html:code> option in <html:pre xmlns:html="http://www.w3.org/1999/xhtml">/etc/audit/audisp-remote.conf</html:pre>
to <html:code xmlns:html="http://www.w3.org/1999/xhtml">KRB5</html:code>.</description>
        <reference href="http://nvlpubs.nist.gov/nistpubs/SpecialPublications/NIST.SP.800-53r4.pdf">AU-9(3)</reference>
        <reference href="http://nvlpubs.nist.gov/nistpubs/SpecialPublications/NIST.SP.800-53r4.pdf">CM-6(a)</reference>
        <reference href="https://www.cyber.mil/stigs/downloads/?_dl_facet_stigs=operating-systems%2Cgeneral-purpose-os">SRG-OS-000342-GPOS-00133</reference>
        <reference href="https://www.cyber.mil/stigs/downloads/?_dl_facet_stigs=operating-systems%2Cgeneral-purpose-os">SRG-OS-000479-GPOS-00224</reference>
        <reference href="https://www.cyber.mil/stigs/downloads/?_dl_facet_stigs=operating-systems%2Cunix-linux">SLES-15-030680</reference>
        <reference href="https://www.cyber.mil/stigs/srg-stig-tools/">SV-234967r1009567_rule</reference>
        <rationale xmlns:xhtml="http://www.w3.org/1999/xhtml" xml:lang="en-US">Information stored in one location is vulnerable to accidental or incidental deletion
or alteration. Off-loading is a common process in information systems with limited
audit storage capacity.</rationale>
        <ident system="https://ncp.nist.gov/cce">CCE-85614-6</ident>
        <fix xmlns:xhtml="http://www.w3.org/1999/xhtml" id="auditd_audispd_encrypt_sent_records" system="urn:xccdf:fix:script:sh"># Remediation is applicable only in certain platforms
if rpm --quiet -q audit &amp;&amp; rpm --quiet -q kernel-default || rpm --quiet -q kernel-default-base; then

AUDISP_REMOTE_CONFIG="/etc/audit/audisp-remote.conf"

option="^transport"
value="KRB5"


# Strip any search characters in the key arg so that the key can be replaced without
# adding any search characters to the config file.
stripped_key=$(sed 's/[\^=\$,;+]*//g' &lt;&lt;&lt; "$option")

# shellcheck disable=SC2059
printf -v formatted_output "%s = %s" "$stripped_key" "$value"

# If the key exists, change it. Otherwise, add it to the config_file.
# We search for the key string followed by a word boundary (matched by \&gt;),
# so if we search for 'setting', 'setting2' won't match.
if LC_ALL=C grep -q -m 1 -i -e "$option\\&gt;" "$AUDISP_REMOTE_CONFIG"; then
    escaped_formatted_output=$(sed -e 's|/|\\/|g' &lt;&lt;&lt; "$formatted_output")
    LC_ALL=C sed -i --follow-symlinks "s/$option\\&gt;.*/$escaped_formatted_output/gi" "$AUDISP_REMOTE_CONFIG"
else
    if [[ -s "$AUDISP_REMOTE_CONFIG" ]] &amp;&amp; [[ -n "$(tail -c 1 -- "$AUDISP_REMOTE_CONFIG" || true)" ]]; then
        LC_ALL=C sed -i --follow-symlinks '$a'\\ "$AUDISP_REMOTE_CONFIG"
    fi
    cce="CCE-85614-6"
    printf '# Per %s: Set %s in %s\n' "${cce}" "${formatted_output}" "$AUDISP_REMOTE_CONFIG" &gt;&gt; "$AUDISP_REMOTE_CONFIG"
    printf '%s\n' "$formatted_output" &gt;&gt; "$AUDISP_REMOTE_CONFIG"
fi

else
    &gt;&amp;2 echo 'Remediation is not applicable, nothing was done'
fi
</fix>
        <check system="http://oval.mitre.org/XMLSchema/oval-definitions-5">
          <check-content-ref name="oval:ssg-auditd_audispd_encrypt_sent_records:def:1" href="ssg-sle15-oval.xml"/>
        </check>
        <check system="http://scap.nist.gov/schema/ocil/2">
          <check-content-ref name="ocil:ssg-auditd_audispd_encrypt_sent_records_ocil:questionnaire:1" href="ssg-sle15-ocil.xml"/>
        </check>
      </Rule>
      <Rule id="xccdf_org.ssgproject.content_rule_auditd_audispd_network_failure_action" selected="false" role="full" severity="medium">
        <title xmlns:xhtml="http://www.w3.org/1999/xhtml" xml:lang="en-US">Configure audispd's Plugin network_failure_action On Network Failure</title>
        <description xmlns:xhtml="http://www.w3.org/1999/xhtml" xml:lang="en-US">Configure the action the operating system takes if there is an error sending
audit records to a remote system. Edit the file <html:code xmlns:html="http://www.w3.org/1999/xhtml">/etc/audit/audisp-remote.conf</html:code>.
Add or modify the following line, substituting <html:i xmlns:html="http://www.w3.org/1999/xhtml">ACTION</html:i> appropriately:
<html:pre xmlns:html="http://www.w3.org/1999/xhtml">network_failure_action = <html:i>ACTION</html:i>
       </html:pre>
Set this value to <html:code xmlns:html="http://www.w3.org/1999/xhtml">single</html:code> to cause the system to switch to single user
mode for corrective action. Acceptable values also include <html:code xmlns:html="http://www.w3.org/1999/xhtml">syslog</html:code> and
<html:code xmlns:html="http://www.w3.org/1999/xhtml">halt</html:code>. For certain systems, the need for availability
outweighs the need to log all actions, and a different setting should be
determined.
This profile configures the <html:i xmlns:html="http://www.w3.org/1999/xhtml">action</html:i> to be <html:code xmlns:html="http://www.w3.org/1999/xhtml" xmlns:xccdf-1.2="http://checklists.nist.gov/xccdf/1.2"><xccdf-1.2:sub idref="xccdf_org.ssgproject.content_value_var_audispd_network_failure_action" use="legacy"/></html:code>.</description>
        <reference href="http://nvlpubs.nist.gov/nistpubs/SpecialPublications/NIST.SP.800-53r4.pdf">AU-4(1)</reference>
        <reference href="https://www.cyber.mil/stigs/downloads/?_dl_facet_stigs=operating-systems%2Cgeneral-purpose-os">SRG-OS-000342-GPOS-00133</reference>
        <reference href="https://www.cyber.mil/stigs/downloads/?_dl_facet_stigs=operating-systems%2Cgeneral-purpose-os">SRG-OS-000479-GPOS-00224</reference>
        <reference href="https://www.cyber.mil/stigs/downloads/?_dl_facet_stigs=operating-systems%2Cunix-linux">SLES-15-030790</reference>
        <reference href="https://www.cyber.mil/stigs/srg-stig-tools/">SV-234978r1009573_rule</reference>
        <rationale xmlns:xhtml="http://www.w3.org/1999/xhtml" xml:lang="en-US">Taking appropriate action when there is an error sending audit records to a
remote system will minimize the possibility of losing audit records.</rationale>
        <ident system="https://ncp.nist.gov/cce">CCE-85705-2</ident>
        <fix xmlns:xhtml="http://www.w3.org/1999/xhtml" id="auditd_audispd_network_failure_action" system="urn:xccdf:fix:script:sh"># Remediation is applicable only in certain platforms
if rpm --quiet -q audit &amp;&amp; rpm --quiet -q kernel-default || rpm --quiet -q kernel-default-base; then

var_audispd_network_failure_action='<xccdf-1.2:sub xmlns:xccdf-1.2="http://checklists.nist.gov/xccdf/1.2" idref="xccdf_org.ssgproject.content_value_var_audispd_network_failure_action" use="legacy"/>'


AUDITCONFIG=/etc/audit/audisp-remote.conf

# Strip any search characters in the key arg so that the key can be replaced without
# adding any search characters to the config file.
stripped_key=$(sed 's/[\^=\$,;+]*//g' &lt;&lt;&lt; "^network_failure_action")

# shellcheck disable=SC2059
printf -v formatted_output "%s = %s" "$stripped_key" "$var_audispd_network_failure_action"

# If the key exists, change it. Otherwise, add it to the config_file.
# We search for the key string followed by a word boundary (matched by \&gt;),
# so if we search for 'setting', 'setting2' won't match.
if LC_ALL=C grep -q -m 1 -i -e "^network_failure_action\\&gt;" "$AUDITCONFIG"; then
    escaped_formatted_output=$(sed -e 's|/|\\/|g' &lt;&lt;&lt; "$formatted_output")
    LC_ALL=C sed -i --follow-symlinks "s/^network_failure_action\\&gt;.*/$escaped_formatted_output/gi" "$AUDITCONFIG"
else
    if [[ -s "$AUDITCONFIG" ]] &amp;&amp; [[ -n "$(tail -c 1 -- "$AUDITCONFIG" || true)" ]]; then
        LC_ALL=C sed -i --follow-symlinks '$a'\\ "$AUDITCONFIG"
    fi
    cce="CCE-85705-2"
    printf '# Per %s: Set %s in %s\n' "${cce}" "${formatted_output}" "$AUDITCONFIG" &gt;&gt; "$AUDITCONFIG"
    printf '%s\n' "$formatted_output" &gt;&gt; "$AUDITCONFIG"
fi

else
    &gt;&amp;2 echo 'Remediation is not applicable, nothing was done'
fi
</fix>
        <fix xmlns:xhtml="http://www.w3.org/1999/xhtml" id="auditd_audispd_network_failure_action" system="urn:xccdf:fix:script:ansible" complexity="low" disruption="low" strategy="configure">- name: Gather the package facts
  package_facts:
    manager: auto
  tags:
  - CCE-85705-2
  - DISA-STIG-SLES-15-030790
  - NIST-800-53-AU-4(1)
  - auditd_audispd_network_failure_action
  - configure_strategy
  - low_complexity
  - low_disruption
  - medium_severity
  - no_reboot_needed
- name: XCCDF Value var_audispd_network_failure_action # promote to variable
  set_fact:
    var_audispd_network_failure_action: !!str <xccdf-1.2:sub xmlns:xccdf-1.2="http://checklists.nist.gov/xccdf/1.2" idref="xccdf_org.ssgproject.content_value_var_audispd_network_failure_action" use="legacy"/>
  tags:
    - always

- name: Make sure that network failure action is configured for Audispd
  ansible.builtin.lineinfile:
    path: /etc/audit/audisp-remote.conf
    line: network_failure_action = {{ var_audispd_network_failure_action }}
    regexp: ^\s*network_failure_action\s*=.*$
    create: true
    state: present
  when:
  - '"audit" in ansible_facts.packages'
  - ("kernel-default" in ansible_facts.packages or "kernel-default-base" in ansible_facts.packages)
  tags:
  - CCE-85705-2
  - DISA-STIG-SLES-15-030790
  - NIST-800-53-AU-4(1)
  - auditd_audispd_network_failure_action
  - configure_strategy
  - low_complexity
  - low_disruption
  - medium_severity
  - no_reboot_needed
</fix>
        <check system="http://oval.mitre.org/XMLSchema/oval-definitions-5">
          <check-export export-name="oval:ssg-var_audispd_network_failure_action:var:1" value-id="xccdf_org.ssgproject.content_value_var_audispd_network_failure_action"/>
          <check-content-ref name="oval:ssg-auditd_audispd_network_failure_action:def:1" href="ssg-sle15-oval.xml"/>
        </check>
        <check system="http://scap.nist.gov/schema/ocil/2">
          <check-content-ref name="ocil:ssg-auditd_audispd_network_failure_action_ocil:questionnaire:1" href="ssg-sle15-ocil.xml"/>
        </check>
      </Rule>
      <Rule id="xccdf_org.ssgproject.content_rule_auditd_audispd_syslog_plugin_activated" selected="false" role="full" severity="medium">
        <title xmlns:xhtml="http://www.w3.org/1999/xhtml" xml:lang="en-US">Configure auditd to use audispd's syslog plugin</title>
        <description xmlns:xhtml="http://www.w3.org/1999/xhtml" xml:lang="en-US">To configure the <html:code xmlns:html="http://www.w3.org/1999/xhtml">auditd</html:code> service to use the
<html:code xmlns:html="http://www.w3.org/1999/xhtml">syslog</html:code> plug-in of the <html:code xmlns:html="http://www.w3.org/1999/xhtml">audispd</html:code> audit event multiplexor, set
the <html:code xmlns:html="http://www.w3.org/1999/xhtml">active</html:code> line in <html:code xmlns:html="http://www.w3.org/1999/xhtml">/etc/audit/plugins.d/syslog.conf</html:code> to <html:code xmlns:html="http://www.w3.org/1999/xhtml">yes</html:code>.
Restart the <html:code xmlns:html="http://www.w3.org/1999/xhtml">auditd</html:code> service:
<html:pre xmlns:html="http://www.w3.org/1999/xhtml">$ sudo service auditd restart</html:pre>
      </description>
        <reference href="https://www.cisecurity.org/controls/">1</reference>
        <reference href="https://www.cisecurity.org/controls/">11</reference>
        <reference href="https://www.cisecurity.org/controls/">12</reference>
        <reference href="https://www.cisecurity.org/controls/">13</reference>
        <reference href="https://www.cisecurity.org/controls/">14</reference>
        <reference href="https://www.cisecurity.org/controls/">15</reference>
        <reference href="https://www.cisecurity.org/controls/">16</reference>
        <reference href="https://www.cisecurity.org/controls/">19</reference>
        <reference href="https://www.cisecurity.org/controls/">3</reference>
        <reference href="https://www.cisecurity.org/controls/">4</reference>
        <reference href="https://www.cisecurity.org/controls/">5</reference>
        <reference href="https://www.cisecurity.org/controls/">6</reference>
        <reference href="https://www.cisecurity.org/controls/">7</reference>
        <reference href="https://www.cisecurity.org/controls/">8</reference>
        <reference href="https://www.fbi.gov/file-repository/cjis-security-policy-v5_5_20160601-2-1.pdf">5.4.1.1</reference>
        <reference href="https://www.isaca.org/resources/cobit">APO11.04</reference>
        <reference href="https://www.isaca.org/resources/cobit">APO12.06</reference>
        <reference href="https://www.isaca.org/resources/cobit">BAI03.05</reference>
        <reference href="https://www.isaca.org/resources/cobit">BAI08.02</reference>
        <reference href="https://www.isaca.org/resources/cobit">DSS02.02</reference>
        <reference href="https://www.isaca.org/resources/cobit">DSS02.04</reference>
        <reference href="https://www.isaca.org/resources/cobit">DSS02.07</reference>
        <reference href="https://www.isaca.org/resources/cobit">DSS03.01</reference>
        <reference href="https://www.isaca.org/resources/cobit">DSS05.04</reference>
        <reference href="https://www.isaca.org/resources/cobit">DSS05.07</reference>
        <reference href="https://www.isaca.org/resources/cobit">MEA02.01</reference>
        <reference href="http://nvlpubs.nist.gov/nistpubs/SpecialPublications/NIST.SP.800-171.pdf">3.3.1</reference>
        <reference href="https://www.gpo.gov/fdsys/pkg/CFR-2007-title45-vol1/pdf/CFR-2007-title45-vol1-chapA-subchapC.pdf">164.308(a)(1)(ii)(D)</reference>
        <reference href="https://www.gpo.gov/fdsys/pkg/CFR-2007-title45-vol1/pdf/CFR-2007-title45-vol1-chapA-subchapC.pdf">164.308(a)(5)(ii)(B)</reference>
        <reference href="https://www.gpo.gov/fdsys/pkg/CFR-2007-title45-vol1/pdf/CFR-2007-title45-vol1-chapA-subchapC.pdf">164.308(a)(5)(ii)(C)</reference>
        <reference href="https://www.gpo.gov/fdsys/pkg/CFR-2007-title45-vol1/pdf/CFR-2007-title45-vol1-chapA-subchapC.pdf">164.308(a)(6)(ii)</reference>
        <reference href="https://www.gpo.gov/fdsys/pkg/CFR-2007-title45-vol1/pdf/CFR-2007-title45-vol1-chapA-subchapC.pdf">164.308(a)(8)</reference>
        <reference href="https://www.gpo.gov/fdsys/pkg/CFR-2007-title45-vol1/pdf/CFR-2007-title45-vol1-chapA-subchapC.pdf">164.310(d)(2)(iii)</reference>
        <reference href="https://www.gpo.gov/fdsys/pkg/CFR-2007-title45-vol1/pdf/CFR-2007-title45-vol1-chapA-subchapC.pdf">164.312(b)</reference>
        <reference href="https://www.gpo.gov/fdsys/pkg/CFR-2007-title45-vol1/pdf/CFR-2007-title45-vol1-chapA-subchapC.pdf">164.314(a)(2)(i)(C)</reference>
        <reference href="https://www.gpo.gov/fdsys/pkg/CFR-2007-title45-vol1/pdf/CFR-2007-title45-vol1-chapA-subchapC.pdf">164.314(a)(2)(iii)</reference>
        <reference href="https://www.isa.org/products/isa-62443-2-1-2009-security-for-industrial-automat">4.2.3.10</reference>
        <reference href="https://www.isa.org/products/isa-62443-2-1-2009-security-for-industrial-automat">4.3.3.3.9</reference>
        <reference href="https://www.isa.org/products/isa-62443-2-1-2009-security-for-industrial-automat">4.3.3.5.8</reference>
        <reference href="https://www.isa.org/products/isa-62443-2-1-2009-security-for-industrial-automat">4.3.4.4.7</reference>
        <reference href="https://www.isa.org/products/isa-62443-2-1-2009-security-for-industrial-automat">4.3.4.5.6</reference>
        <reference href="https://www.isa.org/products/isa-62443-2-1-2009-security-for-industrial-automat">4.3.4.5.7</reference>
        <reference href="https://www.isa.org/products/isa-62443-2-1-2009-security-for-industrial-automat">4.3.4.5.8</reference>
        <reference href="https://www.isa.org/products/isa-62443-2-1-2009-security-for-industrial-automat">4.4.2.1</reference>
        <reference href="https://www.isa.org/products/isa-62443-2-1-2009-security-for-industrial-automat">4.4.2.2</reference>
        <reference href="https://www.isa.org/products/isa-62443-2-1-2009-security-for-industrial-automat">4.4.2.4</reference>
        <reference href="https://www.isa.org/products/ansi-isa-62443-3-3-99-03-03-2013-security-for-indu">SR 2.10</reference>
        <reference href="https://www.isa.org/products/ansi-isa-62443-3-3-99-03-03-2013-security-for-indu">SR 2.11</reference>
        <reference href="https://www.isa.org/products/ansi-isa-62443-3-3-99-03-03-2013-security-for-indu">SR 2.12</reference>
        <reference href="https://www.isa.org/products/ansi-isa-62443-3-3-99-03-03-2013-security-for-indu">SR 2.8</reference>
        <reference href="https://www.isa.org/products/ansi-isa-62443-3-3-99-03-03-2013-security-for-indu">SR 2.9</reference>
        <reference href="https://www.isa.org/products/ansi-isa-62443-3-3-99-03-03-2013-security-for-indu">SR 6.1</reference>
        <reference href="https://www.iso.org/contents/data/standard/05/45/54534.html">A.12.4.1</reference>
        <reference href="https://www.iso.org/contents/data/standard/05/45/54534.html">A.12.4.2</reference>
        <reference href="https://www.iso.org/contents/data/standard/05/45/54534.html">A.12.4.3</reference>
        <reference href="https://www.iso.org/contents/data/standard/05/45/54534.html">A.12.4.4</reference>
        <reference href="https://www.iso.org/contents/data/standard/05/45/54534.html">A.12.7.1</reference>
        <reference href="https://www.iso.org/contents/data/standard/05/45/54534.html">A.16.1.4</reference>
        <reference href="https://www.iso.org/contents/data/standard/05/45/54534.html">A.16.1.5</reference>
        <reference href="https://www.iso.org/contents/data/standard/05/45/54534.html">A.16.1.7</reference>
        <reference href="http://nvlpubs.nist.gov/nistpubs/SpecialPublications/NIST.SP.800-53r4.pdf">AU-4(1)</reference>
        <reference href="http://nvlpubs.nist.gov/nistpubs/SpecialPublications/NIST.SP.800-53r4.pdf">CM-6(a)</reference>
        <reference href="https://nvlpubs.nist.gov/nistpubs/CSWP/NIST.CSWP.04162018.pdf">DE.AE-3</reference>
        <reference href="https://nvlpubs.nist.gov/nistpubs/CSWP/NIST.CSWP.04162018.pdf">DE.AE-5</reference>
        <reference href="https://nvlpubs.nist.gov/nistpubs/CSWP/NIST.CSWP.04162018.pdf">PR.PT-1</reference>
        <reference href="https://nvlpubs.nist.gov/nistpubs/CSWP/NIST.CSWP.04162018.pdf">RS.AN-1</reference>
        <reference href="https://nvlpubs.nist.gov/nistpubs/CSWP/NIST.CSWP.04162018.pdf">RS.AN-4</reference>
        <reference href="https://www.pcisecuritystandards.org/documents/PCI_DSS_v3-2-1.pdf">Req-10.5.3</reference>
        <reference href="https://www.cyber.mil/stigs/downloads/?_dl_facet_stigs=operating-systems%2Cgeneral-purpose-os">SRG-OS-000479-GPOS-00224</reference>
        <reference href="https://www.cyber.mil/stigs/downloads/?_dl_facet_stigs=operating-systems%2Cgeneral-purpose-os">SRG-OS-000342-GPOS-00133</reference>
        <reference href="https://docs-prv.pcisecuritystandards.org/PCI%20DSS/Standard/PCI-DSS-v4_0.pdf">10.3.3</reference>
        <reference href="https://docs-prv.pcisecuritystandards.org/PCI%20DSS/Standard/PCI-DSS-v4_0.pdf">10.3</reference>
        <rationale xmlns:xhtml="http://www.w3.org/1999/xhtml" xml:lang="en-US">The auditd service does not include the ability to send audit
records to a centralized server for management directly. It does, however,
include a plug-in for audit event multiplexor (audispd) to pass audit records
to the local syslog server.</rationale>
        <ident system="https://ncp.nist.gov/cce">CCE-85779-7</ident>
        <fix xmlns:xhtml="http://www.w3.org/1999/xhtml" id="auditd_audispd_syslog_plugin_activated" system="urn:xccdf:fix:script:sh"># Remediation is applicable only in certain platforms
if rpm --quiet -q audit &amp;&amp; rpm --quiet -q kernel-default || rpm --quiet -q kernel-default-base; then

var_syslog_active="yes"

AUDISP_SYSLOGCONFIG=/etc/audit/plugins.d/syslog.conf

# Strip any search characters in the key arg so that the key can be replaced without
# adding any search characters to the config file.
stripped_key=$(sed 's/[\^=\$,;+]*//g' &lt;&lt;&lt; "^active")

# shellcheck disable=SC2059
printf -v formatted_output "%s = %s" "$stripped_key" "$var_syslog_active"

# If the key exists, change it. Otherwise, add it to the config_file.
# We search for the key string followed by a word boundary (matched by \&gt;),
# so if we search for 'setting', 'setting2' won't match.
if LC_ALL=C grep -q -m 1 -i -e "^active\\&gt;" "$AUDISP_SYSLOGCONFIG"; then
    escaped_formatted_output=$(sed -e 's|/|\\/|g' &lt;&lt;&lt; "$formatted_output")
    LC_ALL=C sed -i --follow-symlinks "s/^active\\&gt;.*/$escaped_formatted_output/gi" "$AUDISP_SYSLOGCONFIG"
else
    if [[ -s "$AUDISP_SYSLOGCONFIG" ]] &amp;&amp; [[ -n "$(tail -c 1 -- "$AUDISP_SYSLOGCONFIG" || true)" ]]; then
        LC_ALL=C sed -i --follow-symlinks '$a'\\ "$AUDISP_SYSLOGCONFIG"
    fi
    cce="CCE-85779-7"
    printf '# Per %s: Set %s in %s\n' "${cce}" "${formatted_output}" "$AUDISP_SYSLOGCONFIG" &gt;&gt; "$AUDISP_SYSLOGCONFIG"
    printf '%s\n' "$formatted_output" &gt;&gt; "$AUDISP_SYSLOGCONFIG"
fi

else
    &gt;&amp;2 echo 'Remediation is not applicable, nothing was done'
fi
</fix>
        <fix xmlns:xhtml="http://www.w3.org/1999/xhtml" id="auditd_audispd_syslog_plugin_activated" system="urn:xccdf:fix:script:ansible" complexity="low" disruption="low" strategy="configure">- name: Gather the package facts
  package_facts:
    manager: auto
  tags:
  - CCE-85779-7
  - CJIS-5.4.1.1
  - NIST-800-171-3.3.1
  - NIST-800-53-AU-4(1)
  - NIST-800-53-CM-6(a)
  - PCI-DSS-Req-10.5.3
  - PCI-DSSv4-10.3
  - PCI-DSSv4-10.3.3
  - auditd_audispd_syslog_plugin_activated
  - configure_strategy
  - low_complexity
  - low_disruption
  - medium_severity
  - no_reboot_needed

- name: Enable syslog plugin
  ansible.builtin.lineinfile:
    dest: /etc/audit/plugins.d/syslog.conf
    regexp: ^active
    line: active = yes
    create: true
  when:
  - '"audit" in ansible_facts.packages'
  - ("kernel-default" in ansible_facts.packages or "kernel-default-base" in ansible_facts.packages)
  tags:
  - CCE-85779-7
  - CJIS-5.4.1.1
  - NIST-800-171-3.3.1
  - NIST-800-53-AU-4(1)
  - NIST-800-53-CM-6(a)
  - PCI-DSS-Req-10.5.3
  - PCI-DSSv4-10.3
  - PCI-DSSv4-10.3.3
  - auditd_audispd_syslog_plugin_activated
  - configure_strategy
  - low_complexity
  - low_disruption
  - medium_severity
  - no_reboot_needed
</fix>
        <check system="http://oval.mitre.org/XMLSchema/oval-definitions-5">
          <check-content-ref name="oval:ssg-auditd_audispd_syslog_plugin_activated:def:1" href="ssg-sle15-oval.xml"/>
        </check>
        <check system="http://scap.nist.gov/schema/ocil/2">
          <check-content-ref name="ocil:ssg-auditd_audispd_syslog_plugin_activated_ocil:questionnaire:1" href="ssg-sle15-ocil.xml"/>
        </check>
      </Rule>
      <Rule id="xccdf_org.ssgproject.content_rule_auditd_data_disk_error_action" selected="false" role="full" severity="medium">
        <title xmlns:xhtml="http://www.w3.org/1999/xhtml" xml:lang="en-US">Configure auditd Disk Error Action on Disk Error</title>
        <description xmlns:xhtml="http://www.w3.org/1999/xhtml" xml:lang="en-US">The <html:code xmlns:html="http://www.w3.org/1999/xhtml">auditd</html:code> service can be configured to take an action
when there is a disk error.
Edit the file <html:code xmlns:html="http://www.w3.org/1999/xhtml">/etc/audit/auditd.conf</html:code>. Add or modify the following line,
substituting <html:i xmlns:html="http://www.w3.org/1999/xhtml">ACTION</html:i> appropriately:
<html:pre xmlns:html="http://www.w3.org/1999/xhtml">disk_error_action = <html:i>ACTION</html:i>
       </html:pre>
Set this value to <html:code xmlns:html="http://www.w3.org/1999/xhtml">single</html:code> to cause the system to switch to single-user
mode for corrective action. Acceptable values also include

<html:code xmlns:html="http://www.w3.org/1999/xhtml">syslog</html:code>, <html:code xmlns:html="http://www.w3.org/1999/xhtml">exec</html:code>, <html:code xmlns:html="http://www.w3.org/1999/xhtml">single</html:code>, and <html:code xmlns:html="http://www.w3.org/1999/xhtml">halt</html:code>

For certain systems, the need for availability
outweighs the need to log all actions, and a different setting should be
determined. Details regarding all possible values for <html:i xmlns:html="http://www.w3.org/1999/xhtml">ACTION</html:i> are described in the
<html:code xmlns:html="http://www.w3.org/1999/xhtml">auditd.conf</html:code> man page.</description>
        <reference href="https://www.cisecurity.org/controls/">1</reference>
        <reference href="https://www.cisecurity.org/controls/">11</reference>
        <reference href="https://www.cisecurity.org/controls/">12</reference>
        <reference href="https://www.cisecurity.org/controls/">13</reference>
        <reference href="https://www.cisecurity.org/controls/">14</reference>
        <reference href="https://www.cisecurity.org/controls/">15</reference>
        <reference href="https://www.cisecurity.org/controls/">16</reference>
        <reference href="https://www.cisecurity.org/controls/">19</reference>
        <reference href="https://www.cisecurity.org/controls/">2</reference>
        <reference href="https://www.cisecurity.org/controls/">3</reference>
        <reference href="https://www.cisecurity.org/controls/">4</reference>
        <reference href="https://www.cisecurity.org/controls/">5</reference>
        <reference href="https://www.cisecurity.org/controls/">6</reference>
        <reference href="https://www.cisecurity.org/controls/">7</reference>
        <reference href="https://www.cisecurity.org/controls/">8</reference>
        <reference href="https://www.isaca.org/resources/cobit">APO11.04</reference>
        <reference href="https://www.isaca.org/resources/cobit">APO12.06</reference>
        <reference href="https://www.isaca.org/resources/cobit">APO13.01</reference>
        <reference href="https://www.isaca.org/resources/cobit">BAI03.05</reference>
        <reference href="https://www.isaca.org/resources/cobit">BAI04.04</reference>
        <reference href="https://www.isaca.org/resources/cobit">BAI08.02</reference>
        <reference href="https://www.isaca.org/resources/cobit">DSS02.02</reference>
        <reference href="https://www.isaca.org/resources/cobit">DSS02.04</reference>
        <reference href="https://www.isaca.org/resources/cobit">DSS02.07</reference>
        <reference href="https://www.isaca.org/resources/cobit">DSS03.01</reference>
        <reference href="https://www.isaca.org/resources/cobit">DSS05.04</reference>
        <reference href="https://www.isaca.org/resources/cobit">DSS05.07</reference>
        <reference href="https://www.isaca.org/resources/cobit">MEA02.01</reference>
        <reference href="https://www.isa.org/products/isa-62443-2-1-2009-security-for-industrial-automat">4.2.3.10</reference>
        <reference href="https://www.isa.org/products/isa-62443-2-1-2009-security-for-industrial-automat">4.3.3.3.9</reference>
        <reference href="https://www.isa.org/products/isa-62443-2-1-2009-security-for-industrial-automat">4.3.3.5.8</reference>
        <reference href="https://www.isa.org/products/isa-62443-2-1-2009-security-for-industrial-automat">4.3.4.4.7</reference>
        <reference href="https://www.isa.org/products/isa-62443-2-1-2009-security-for-industrial-automat">4.3.4.5.6</reference>
        <reference href="https://www.isa.org/products/isa-62443-2-1-2009-security-for-industrial-automat">4.3.4.5.7</reference>
        <reference href="https://www.isa.org/products/isa-62443-2-1-2009-security-for-industrial-automat">4.3.4.5.8</reference>
        <reference href="https://www.isa.org/products/isa-62443-2-1-2009-security-for-industrial-automat">4.4.2.1</reference>
        <reference href="https://www.isa.org/products/isa-62443-2-1-2009-security-for-industrial-automat">4.4.2.2</reference>
        <reference href="https://www.isa.org/products/isa-62443-2-1-2009-security-for-industrial-automat">4.4.2.4</reference>
        <reference href="https://www.isa.org/products/ansi-isa-62443-3-3-99-03-03-2013-security-for-indu">SR 2.10</reference>
        <reference href="https://www.isa.org/products/ansi-isa-62443-3-3-99-03-03-2013-security-for-indu">SR 2.11</reference>
        <reference href="https://www.isa.org/products/ansi-isa-62443-3-3-99-03-03-2013-security-for-indu">SR 2.12</reference>
        <reference href="https://www.isa.org/products/ansi-isa-62443-3-3-99-03-03-2013-security-for-indu">SR 2.8</reference>
        <reference href="https://www.isa.org/products/ansi-isa-62443-3-3-99-03-03-2013-security-for-indu">SR 2.9</reference>
        <reference href="https://www.isa.org/products/ansi-isa-62443-3-3-99-03-03-2013-security-for-indu">SR 6.1</reference>
        <reference href="https://www.isa.org/products/ansi-isa-62443-3-3-99-03-03-2013-security-for-indu">SR 7.1</reference>
        <reference href="https://www.isa.org/products/ansi-isa-62443-3-3-99-03-03-2013-security-for-indu">SR 7.2</reference>
        <reference href="https://www.iso.org/contents/data/standard/05/45/54534.html">A.12.1.3</reference>
        <reference href="https://www.iso.org/contents/data/standard/05/45/54534.html">A.12.4.1</reference>
        <reference href="https://www.iso.org/contents/data/standard/05/45/54534.html">A.12.4.2</reference>
        <reference href="https://www.iso.org/contents/data/standard/05/45/54534.html">A.12.4.3</reference>
        <reference href="https://www.iso.org/contents/data/standard/05/45/54534.html">A.12.4.4</reference>
        <reference href="https://www.iso.org/contents/data/standard/05/45/54534.html">A.12.7.1</reference>
        <reference href="https://www.iso.org/contents/data/standard/05/45/54534.html">A.16.1.4</reference>
        <reference href="https://www.iso.org/contents/data/standard/05/45/54534.html">A.16.1.5</reference>
        <reference href="https://www.iso.org/contents/data/standard/05/45/54534.html">A.16.1.7</reference>
        <reference href="https://www.iso.org/contents/data/standard/05/45/54534.html">A.17.2.1</reference>
        <reference href="http://nvlpubs.nist.gov/nistpubs/SpecialPublications/NIST.SP.800-53r4.pdf">AU-5(b)</reference>
        <reference href="http://nvlpubs.nist.gov/nistpubs/SpecialPublications/NIST.SP.800-53r4.pdf">AU-5(2)</reference>
        <reference href="http://nvlpubs.nist.gov/nistpubs/SpecialPublications/NIST.SP.800-53r4.pdf">AU-5(1)</reference>
        <reference href="http://nvlpubs.nist.gov/nistpubs/SpecialPublications/NIST.SP.800-53r4.pdf">AU-5(4)</reference>
        <reference href="http://nvlpubs.nist.gov/nistpubs/SpecialPublications/NIST.SP.800-53r4.pdf">CM-6(a)</reference>
        <reference href="https://nvlpubs.nist.gov/nistpubs/CSWP/NIST.CSWP.04162018.pdf">DE.AE-3</reference>
        <reference href="https://nvlpubs.nist.gov/nistpubs/CSWP/NIST.CSWP.04162018.pdf">DE.AE-5</reference>
        <reference href="https://nvlpubs.nist.gov/nistpubs/CSWP/NIST.CSWP.04162018.pdf">PR.DS-4</reference>
        <reference href="https://nvlpubs.nist.gov/nistpubs/CSWP/NIST.CSWP.04162018.pdf">PR.PT-1</reference>
        <reference href="https://nvlpubs.nist.gov/nistpubs/CSWP/NIST.CSWP.04162018.pdf">RS.AN-1</reference>
        <reference href="https://nvlpubs.nist.gov/nistpubs/CSWP/NIST.CSWP.04162018.pdf">RS.AN-4</reference>
        <reference href="https://www.cyber.mil/stigs/downloads/?_dl_facet_stigs=operating-systems%2Cgeneral-purpose-os">SRG-OS-000047-GPOS-00023</reference>
        <reference href="https://www.cyber.mil/stigs/downloads/?_dl_facet_stigs=app-security">SRG-APP-000098-CTR-000185</reference>
        <reference href="https://www.cyber.mil/stigs/downloads/?_dl_facet_stigs=app-security">SRG-APP-000099-CTR-000190</reference>
        <reference href="https://www.cyber.mil/stigs/downloads/?_dl_facet_stigs=app-security">SRG-APP-000100-CTR-000195</reference>
        <reference href="https://www.cyber.mil/stigs/downloads/?_dl_facet_stigs=app-security">SRG-APP-000100-CTR-000200</reference>
        <reference href="https://www.cyber.mil/stigs/downloads/?_dl_facet_stigs=app-security">SRG-APP-000109-CTR-000215</reference>
        <reference href="https://www.cyber.mil/stigs/downloads/?_dl_facet_stigs=app-security">SRG-APP-000290-CTR-000670</reference>
        <reference href="https://www.cyber.mil/stigs/downloads/?_dl_facet_stigs=app-security">SRG-APP-000357-CTR-000800</reference>
        <rationale xmlns:xhtml="http://www.w3.org/1999/xhtml" xml:lang="en-US">Taking appropriate action in case of disk errors will minimize the possibility of
losing audit records.</rationale>
        <check system="http://oval.mitre.org/XMLSchema/oval-definitions-5">
          <check-export export-name="oval:ssg-var_auditd_disk_error_action:var:1" value-id="xccdf_org.ssgproject.content_value_var_auditd_disk_error_action"/>
          <check-content-ref name="oval:ssg-auditd_data_disk_error_action:def:1" href="ssg-sle15-oval.xml"/>
        </check>
        <check system="http://scap.nist.gov/schema/ocil/2">
          <check-content-ref name="ocil:ssg-auditd_data_disk_error_action_ocil:questionnaire:1" href="ssg-sle15-ocil.xml"/>
        </check>
      </Rule>
      <Rule id="xccdf_org.ssgproject.content_rule_auditd_data_disk_error_action_stig" selected="false" role="full" severity="medium">
        <title xmlns:xhtml="http://www.w3.org/1999/xhtml" xml:lang="en-US">Configure auditd Disk Error Action on Disk Error</title>
        <description xmlns:xhtml="http://www.w3.org/1999/xhtml" xml:lang="en-US">The <html:code xmlns:html="http://www.w3.org/1999/xhtml">auditd</html:code> service can be configured to take an action
when there is a disk error.
Edit the file <html:code xmlns:html="http://www.w3.org/1999/xhtml">/etc/audit/auditd.conf</html:code>. Add or modify the following line,
substituting <html:i xmlns:html="http://www.w3.org/1999/xhtml">ACTION</html:i> appropriately:
<html:pre xmlns:html="http://www.w3.org/1999/xhtml">disk_error_action = <html:i>ACTION</html:i>
       </html:pre>
Set this value to <html:code xmlns:html="http://www.w3.org/1999/xhtml">single</html:code> to cause the system to switch to single-user
mode for corrective action. Acceptable values also include <html:code xmlns:html="http://www.w3.org/1999/xhtml">syslog</html:code>,
<html:code xmlns:html="http://www.w3.org/1999/xhtml">exec</html:code>, <html:code xmlns:html="http://www.w3.org/1999/xhtml">single</html:code>, and <html:code xmlns:html="http://www.w3.org/1999/xhtml">halt</html:code>. For certain systems, the need for availability
outweighs the need to log all actions, and a different setting should be
determined. Details regarding all possible values for <html:i xmlns:html="http://www.w3.org/1999/xhtml">ACTION</html:i> are described in the
<html:code xmlns:html="http://www.w3.org/1999/xhtml">auditd.conf</html:code> man page.</description>
        <reference href="https://www.cisecurity.org/controls/">1</reference>
        <reference href="https://www.cisecurity.org/controls/">11</reference>
        <reference href="https://www.cisecurity.org/controls/">12</reference>
        <reference href="https://www.cisecurity.org/controls/">13</reference>
        <reference href="https://www.cisecurity.org/controls/">14</reference>
        <reference href="https://www.cisecurity.org/controls/">15</reference>
        <reference href="https://www.cisecurity.org/controls/">16</reference>
        <reference href="https://www.cisecurity.org/controls/">19</reference>
        <reference href="https://www.cisecurity.org/controls/">2</reference>
        <reference href="https://www.cisecurity.org/controls/">3</reference>
        <reference href="https://www.cisecurity.org/controls/">4</reference>
        <reference href="https://www.cisecurity.org/controls/">5</reference>
        <reference href="https://www.cisecurity.org/controls/">6</reference>
        <reference href="https://www.cisecurity.org/controls/">7</reference>
        <reference href="https://www.cisecurity.org/controls/">8</reference>
        <reference href="https://www.isaca.org/resources/cobit">APO11.04</reference>
        <reference href="https://www.isaca.org/resources/cobit">APO12.06</reference>
        <reference href="https://www.isaca.org/resources/cobit">APO13.01</reference>
        <reference href="https://www.isaca.org/resources/cobit">BAI03.05</reference>
        <reference href="https://www.isaca.org/resources/cobit">BAI04.04</reference>
        <reference href="https://www.isaca.org/resources/cobit">BAI08.02</reference>
        <reference href="https://www.isaca.org/resources/cobit">DSS02.02</reference>
        <reference href="https://www.isaca.org/resources/cobit">DSS02.04</reference>
        <reference href="https://www.isaca.org/resources/cobit">DSS02.07</reference>
        <reference href="https://www.isaca.org/resources/cobit">DSS03.01</reference>
        <reference href="https://www.isaca.org/resources/cobit">DSS05.04</reference>
        <reference href="https://www.isaca.org/resources/cobit">DSS05.07</reference>
        <reference href="https://www.isaca.org/resources/cobit">MEA02.01</reference>
        <reference href="https://www.isa.org/products/isa-62443-2-1-2009-security-for-industrial-automat">4.2.3.10</reference>
        <reference href="https://www.isa.org/products/isa-62443-2-1-2009-security-for-industrial-automat">4.3.3.3.9</reference>
        <reference href="https://www.isa.org/products/isa-62443-2-1-2009-security-for-industrial-automat">4.3.3.5.8</reference>
        <reference href="https://www.isa.org/products/isa-62443-2-1-2009-security-for-industrial-automat">4.3.4.4.7</reference>
        <reference href="https://www.isa.org/products/isa-62443-2-1-2009-security-for-industrial-automat">4.3.4.5.6</reference>
        <reference href="https://www.isa.org/products/isa-62443-2-1-2009-security-for-industrial-automat">4.3.4.5.7</reference>
        <reference href="https://www.isa.org/products/isa-62443-2-1-2009-security-for-industrial-automat">4.3.4.5.8</reference>
        <reference href="https://www.isa.org/products/isa-62443-2-1-2009-security-for-industrial-automat">4.4.2.1</reference>
        <reference href="https://www.isa.org/products/isa-62443-2-1-2009-security-for-industrial-automat">4.4.2.2</reference>
        <reference href="https://www.isa.org/products/isa-62443-2-1-2009-security-for-industrial-automat">4.4.2.4</reference>
        <reference href="https://www.isa.org/products/ansi-isa-62443-3-3-99-03-03-2013-security-for-indu">SR 2.10</reference>
        <reference href="https://www.isa.org/products/ansi-isa-62443-3-3-99-03-03-2013-security-for-indu">SR 2.11</reference>
        <reference href="https://www.isa.org/products/ansi-isa-62443-3-3-99-03-03-2013-security-for-indu">SR 2.12</reference>
        <reference href="https://www.isa.org/products/ansi-isa-62443-3-3-99-03-03-2013-security-for-indu">SR 2.8</reference>
        <reference href="https://www.isa.org/products/ansi-isa-62443-3-3-99-03-03-2013-security-for-indu">SR 2.9</reference>
        <reference href="https://www.isa.org/products/ansi-isa-62443-3-3-99-03-03-2013-security-for-indu">SR 6.1</reference>
        <reference href="https://www.isa.org/products/ansi-isa-62443-3-3-99-03-03-2013-security-for-indu">SR 7.1</reference>
        <reference href="https://www.isa.org/products/ansi-isa-62443-3-3-99-03-03-2013-security-for-indu">SR 7.2</reference>
        <reference href="https://www.iso.org/contents/data/standard/05/45/54534.html">A.12.1.3</reference>
        <reference href="https://www.iso.org/contents/data/standard/05/45/54534.html">A.12.4.1</reference>
        <reference href="https://www.iso.org/contents/data/standard/05/45/54534.html">A.12.4.2</reference>
        <reference href="https://www.iso.org/contents/data/standard/05/45/54534.html">A.12.4.3</reference>
        <reference href="https://www.iso.org/contents/data/standard/05/45/54534.html">A.12.4.4</reference>
        <reference href="https://www.iso.org/contents/data/standard/05/45/54534.html">A.12.7.1</reference>
        <reference href="https://www.iso.org/contents/data/standard/05/45/54534.html">A.16.1.4</reference>
        <reference href="https://www.iso.org/contents/data/standard/05/45/54534.html">A.16.1.5</reference>
        <reference href="https://www.iso.org/contents/data/standard/05/45/54534.html">A.16.1.7</reference>
        <reference href="https://www.iso.org/contents/data/standard/05/45/54534.html">A.17.2.1</reference>
        <reference href="http://nvlpubs.nist.gov/nistpubs/SpecialPublications/NIST.SP.800-53r4.pdf">AU-5(b)</reference>
        <reference href="http://nvlpubs.nist.gov/nistpubs/SpecialPublications/NIST.SP.800-53r4.pdf">AU-5(2)</reference>
        <reference href="http://nvlpubs.nist.gov/nistpubs/SpecialPublications/NIST.SP.800-53r4.pdf">AU-5(1)</reference>
        <reference href="http://nvlpubs.nist.gov/nistpubs/SpecialPublications/NIST.SP.800-53r4.pdf">AU-5(4)</reference>
        <reference href="http://nvlpubs.nist.gov/nistpubs/SpecialPublications/NIST.SP.800-53r4.pdf">CM-6(a)</reference>
        <reference href="https://nvlpubs.nist.gov/nistpubs/CSWP/NIST.CSWP.04162018.pdf">DE.AE-3</reference>
        <reference href="https://nvlpubs.nist.gov/nistpubs/CSWP/NIST.CSWP.04162018.pdf">DE.AE-5</reference>
        <reference href="https://nvlpubs.nist.gov/nistpubs/CSWP/NIST.CSWP.04162018.pdf">PR.DS-4</reference>
        <reference href="https://nvlpubs.nist.gov/nistpubs/CSWP/NIST.CSWP.04162018.pdf">PR.PT-1</reference>
        <reference href="https://nvlpubs.nist.gov/nistpubs/CSWP/NIST.CSWP.04162018.pdf">RS.AN-1</reference>
        <reference href="https://nvlpubs.nist.gov/nistpubs/CSWP/NIST.CSWP.04162018.pdf">RS.AN-4</reference>
        <reference href="https://www.cyber.mil/stigs/downloads/?_dl_facet_stigs=operating-systems%2Cgeneral-purpose-os">SRG-OS-000047-GPOS-00023</reference>
        <rationale xmlns:xhtml="http://www.w3.org/1999/xhtml" xml:lang="en-US">Taking appropriate action in case of disk errors will minimize the possibility of
losing audit records.</rationale>
        <check system="http://oval.mitre.org/XMLSchema/oval-definitions-5">
          <check-content-ref name="oval:ssg-auditd_data_disk_error_action_stig:def:1" href="ssg-sle15-oval.xml"/>
        </check>
        <check system="http://scap.nist.gov/schema/ocil/2">
          <check-content-ref name="ocil:ssg-auditd_data_disk_error_action_stig_ocil:questionnaire:1" href="ssg-sle15-ocil.xml"/>
        </check>
      </Rule>
      <Rule id="xccdf_org.ssgproject.content_rule_auditd_data_disk_full_action" selected="false" role="full" severity="medium">
        <title xmlns:xhtml="http://www.w3.org/1999/xhtml" xml:lang="en-US">Configure auditd Disk Full Action when Disk Space Is Full</title>
        <description xmlns:xhtml="http://www.w3.org/1999/xhtml" xml:lang="en-US">The <html:code xmlns:html="http://www.w3.org/1999/xhtml">auditd</html:code> service can be configured to take an action
when disk space is running low but prior to running out of space completely.
Edit the file <html:code xmlns:html="http://www.w3.org/1999/xhtml">/etc/audit/auditd.conf</html:code>. Add or modify the following line,
substituting <html:i xmlns:html="http://www.w3.org/1999/xhtml">ACTION</html:i> appropriately:
<html:pre xmlns:html="http://www.w3.org/1999/xhtml">disk_full_action = <html:i>ACTION</html:i>
       </html:pre>
Set this value to <html:code xmlns:html="http://www.w3.org/1999/xhtml">single</html:code> to cause the system to switch to single-user
mode for corrective action. Acceptable values also include

<html:code xmlns:html="http://www.w3.org/1999/xhtml">syslog</html:code>, <html:code xmlns:html="http://www.w3.org/1999/xhtml">single</html:code>, and <html:code xmlns:html="http://www.w3.org/1999/xhtml">halt</html:code>

For certain systems, the need for availability
outweighs the need to log all actions, and a different setting should be
determined. Details regarding all possible values for <html:i xmlns:html="http://www.w3.org/1999/xhtml">ACTION</html:i> are described in the
<html:code xmlns:html="http://www.w3.org/1999/xhtml">auditd.conf</html:code> man page.</description>
        <reference href="https://www.cisecurity.org/controls/">1</reference>
        <reference href="https://www.cisecurity.org/controls/">11</reference>
        <reference href="https://www.cisecurity.org/controls/">12</reference>
        <reference href="https://www.cisecurity.org/controls/">13</reference>
        <reference href="https://www.cisecurity.org/controls/">14</reference>
        <reference href="https://www.cisecurity.org/controls/">15</reference>
        <reference href="https://www.cisecurity.org/controls/">16</reference>
        <reference href="https://www.cisecurity.org/controls/">19</reference>
        <reference href="https://www.cisecurity.org/controls/">2</reference>
        <reference href="https://www.cisecurity.org/controls/">3</reference>
        <reference href="https://www.cisecurity.org/controls/">4</reference>
        <reference href="https://www.cisecurity.org/controls/">5</reference>
        <reference href="https://www.cisecurity.org/controls/">6</reference>
        <reference href="https://www.cisecurity.org/controls/">7</reference>
        <reference href="https://www.cisecurity.org/controls/">8</reference>
        <reference href="https://www.isaca.org/resources/cobit">APO11.04</reference>
        <reference href="https://www.isaca.org/resources/cobit">APO12.06</reference>
        <reference href="https://www.isaca.org/resources/cobit">APO13.01</reference>
        <reference href="https://www.isaca.org/resources/cobit">BAI03.05</reference>
        <reference href="https://www.isaca.org/resources/cobit">BAI04.04</reference>
        <reference href="https://www.isaca.org/resources/cobit">BAI08.02</reference>
        <reference href="https://www.isaca.org/resources/cobit">DSS02.02</reference>
        <reference href="https://www.isaca.org/resources/cobit">DSS02.04</reference>
        <reference href="https://www.isaca.org/resources/cobit">DSS02.07</reference>
        <reference href="https://www.isaca.org/resources/cobit">DSS03.01</reference>
        <reference href="https://www.isaca.org/resources/cobit">DSS05.04</reference>
        <reference href="https://www.isaca.org/resources/cobit">DSS05.07</reference>
        <reference href="https://www.isaca.org/resources/cobit">MEA02.01</reference>
        <reference href="https://www.isa.org/products/isa-62443-2-1-2009-security-for-industrial-automat">4.2.3.10</reference>
        <reference href="https://www.isa.org/products/isa-62443-2-1-2009-security-for-industrial-automat">4.3.3.3.9</reference>
        <reference href="https://www.isa.org/products/isa-62443-2-1-2009-security-for-industrial-automat">4.3.3.5.8</reference>
        <reference href="https://www.isa.org/products/isa-62443-2-1-2009-security-for-industrial-automat">4.3.4.4.7</reference>
        <reference href="https://www.isa.org/products/isa-62443-2-1-2009-security-for-industrial-automat">4.3.4.5.6</reference>
        <reference href="https://www.isa.org/products/isa-62443-2-1-2009-security-for-industrial-automat">4.3.4.5.7</reference>
        <reference href="https://www.isa.org/products/isa-62443-2-1-2009-security-for-industrial-automat">4.3.4.5.8</reference>
        <reference href="https://www.isa.org/products/isa-62443-2-1-2009-security-for-industrial-automat">4.4.2.1</reference>
        <reference href="https://www.isa.org/products/isa-62443-2-1-2009-security-for-industrial-automat">4.4.2.2</reference>
        <reference href="https://www.isa.org/products/isa-62443-2-1-2009-security-for-industrial-automat">4.4.2.4</reference>
        <reference href="https://www.isa.org/products/ansi-isa-62443-3-3-99-03-03-2013-security-for-indu">SR 2.10</reference>
        <reference href="https://www.isa.org/products/ansi-isa-62443-3-3-99-03-03-2013-security-for-indu">SR 2.11</reference>
        <reference href="https://www.isa.org/products/ansi-isa-62443-3-3-99-03-03-2013-security-for-indu">SR 2.12</reference>
        <reference href="https://www.isa.org/products/ansi-isa-62443-3-3-99-03-03-2013-security-for-indu">SR 2.8</reference>
        <reference href="https://www.isa.org/products/ansi-isa-62443-3-3-99-03-03-2013-security-for-indu">SR 2.9</reference>
        <reference href="https://www.isa.org/products/ansi-isa-62443-3-3-99-03-03-2013-security-for-indu">SR 6.1</reference>
        <reference href="https://www.isa.org/products/ansi-isa-62443-3-3-99-03-03-2013-security-for-indu">SR 7.1</reference>
        <reference href="https://www.isa.org/products/ansi-isa-62443-3-3-99-03-03-2013-security-for-indu">SR 7.2</reference>
        <reference href="https://www.iso.org/contents/data/standard/05/45/54534.html">A.12.1.3</reference>
        <reference href="https://www.iso.org/contents/data/standard/05/45/54534.html">A.12.4.1</reference>
        <reference href="https://www.iso.org/contents/data/standard/05/45/54534.html">A.12.4.2</reference>
        <reference href="https://www.iso.org/contents/data/standard/05/45/54534.html">A.12.4.3</reference>
        <reference href="https://www.iso.org/contents/data/standard/05/45/54534.html">A.12.4.4</reference>
        <reference href="https://www.iso.org/contents/data/standard/05/45/54534.html">A.12.7.1</reference>
        <reference href="https://www.iso.org/contents/data/standard/05/45/54534.html">A.16.1.4</reference>
        <reference href="https://www.iso.org/contents/data/standard/05/45/54534.html">A.16.1.5</reference>
        <reference href="https://www.iso.org/contents/data/standard/05/45/54534.html">A.16.1.7</reference>
        <reference href="https://www.iso.org/contents/data/standard/05/45/54534.html">A.17.2.1</reference>
        <reference href="http://nvlpubs.nist.gov/nistpubs/SpecialPublications/NIST.SP.800-53r4.pdf">AU-5(b)</reference>
        <reference href="http://nvlpubs.nist.gov/nistpubs/SpecialPublications/NIST.SP.800-53r4.pdf">AU-5(2)</reference>
        <reference href="http://nvlpubs.nist.gov/nistpubs/SpecialPublications/NIST.SP.800-53r4.pdf">AU-5(1)</reference>
        <reference href="http://nvlpubs.nist.gov/nistpubs/SpecialPublications/NIST.SP.800-53r4.pdf">AU-5(4)</reference>
        <reference href="http://nvlpubs.nist.gov/nistpubs/SpecialPublications/NIST.SP.800-53r4.pdf">CM-6(a)</reference>
        <reference href="https://nvlpubs.nist.gov/nistpubs/CSWP/NIST.CSWP.04162018.pdf">DE.AE-3</reference>
        <reference href="https://nvlpubs.nist.gov/nistpubs/CSWP/NIST.CSWP.04162018.pdf">DE.AE-5</reference>
        <reference href="https://nvlpubs.nist.gov/nistpubs/CSWP/NIST.CSWP.04162018.pdf">PR.DS-4</reference>
        <reference href="https://nvlpubs.nist.gov/nistpubs/CSWP/NIST.CSWP.04162018.pdf">PR.PT-1</reference>
        <reference href="https://nvlpubs.nist.gov/nistpubs/CSWP/NIST.CSWP.04162018.pdf">RS.AN-1</reference>
        <reference href="https://nvlpubs.nist.gov/nistpubs/CSWP/NIST.CSWP.04162018.pdf">RS.AN-4</reference>
        <reference href="https://www.cyber.mil/stigs/downloads/?_dl_facet_stigs=operating-systems%2Cgeneral-purpose-os">SRG-OS-000047-GPOS-00023</reference>
        <reference href="https://www.cyber.mil/stigs/downloads/?_dl_facet_stigs=operating-systems%2Cunix-linux">SLES-15-030590</reference>
        <reference href="https://www.cyber.mil/stigs/srg-stig-tools/">SV-234958r1038966_rule</reference>
        <rationale xmlns:xhtml="http://www.w3.org/1999/xhtml" xml:lang="en-US">Taking appropriate action in case of a filled audit storage volume will minimize
the possibility of losing audit records.</rationale>
        <ident system="https://ncp.nist.gov/cce">CCE-85606-2</ident>
        <fix xmlns:xhtml="http://www.w3.org/1999/xhtml" id="auditd_data_disk_full_action" system="urn:xccdf:fix:script:sh"># Remediation is applicable only in certain platforms
if rpm --quiet -q audit &amp;&amp; rpm --quiet -q kernel-default || rpm --quiet -q kernel-default-base; then

var_auditd_disk_full_action='<xccdf-1.2:sub xmlns:xccdf-1.2="http://checklists.nist.gov/xccdf/1.2" idref="xccdf_org.ssgproject.content_value_var_auditd_disk_full_action" use="legacy"/>'


var_auditd_disk_full_action="$(echo $var_auditd_disk_full_action | cut -d \| -f 1)"

# Strip any search characters in the key arg so that the key can be replaced without
# adding any search characters to the config file.
stripped_key=$(sed 's/[\^=\$,;+]*//g' &lt;&lt;&lt; "^disk_full_action")

# shellcheck disable=SC2059
printf -v formatted_output "%s = %s" "$stripped_key" "$var_auditd_disk_full_action"

# If the key exists, change it. Otherwise, add it to the config_file.
# We search for the key string followed by a word boundary (matched by \&gt;),
# so if we search for 'setting', 'setting2' won't match.
if LC_ALL=C grep -q -m 1 -i -e "^disk_full_action\\&gt;" "/etc/audit/auditd.conf"; then
    escaped_formatted_output=$(sed -e 's|/|\\/|g' &lt;&lt;&lt; "$formatted_output")
    LC_ALL=C sed -i --follow-symlinks "s/^disk_full_action\\&gt;.*/$escaped_formatted_output/gi" "/etc/audit/auditd.conf"
else
    if [[ -s "/etc/audit/auditd.conf" ]] &amp;&amp; [[ -n "$(tail -c 1 -- "/etc/audit/auditd.conf" || true)" ]]; then
        LC_ALL=C sed -i --follow-symlinks '$a'\\ "/etc/audit/auditd.conf"
    fi
    cce="CCE-85606-2"
    printf '# Per %s: Set %s in %s\n' "${cce}" "${formatted_output}" "/etc/audit/auditd.conf" &gt;&gt; "/etc/audit/auditd.conf"
    printf '%s\n' "$formatted_output" &gt;&gt; "/etc/audit/auditd.conf"
fi

else
    &gt;&amp;2 echo 'Remediation is not applicable, nothing was done'
fi
</fix>
        <fix xmlns:xhtml="http://www.w3.org/1999/xhtml" id="auditd_data_disk_full_action" system="urn:xccdf:fix:script:ansible" complexity="low" disruption="low" strategy="restrict">- name: Gather the package facts
  package_facts:
    manager: auto
  tags:
  - CCE-85606-2
  - DISA-STIG-SLES-15-030590
  - NIST-800-53-AU-5(1)
  - NIST-800-53-AU-5(2)
  - NIST-800-53-AU-5(4)
  - NIST-800-53-AU-5(b)
  - NIST-800-53-CM-6(a)
  - auditd_data_disk_full_action
  - low_complexity
  - low_disruption
  - medium_severity
  - no_reboot_needed
  - restrict_strategy
- name: XCCDF Value var_auditd_disk_full_action # promote to variable
  set_fact:
    var_auditd_disk_full_action: !!str <xccdf-1.2:sub xmlns:xccdf-1.2="http://checklists.nist.gov/xccdf/1.2" idref="xccdf_org.ssgproject.content_value_var_auditd_disk_full_action" use="legacy"/>
  tags:
    - always

- name: Configure auditd Disk Full Action when Disk Space Is Full
  ansible.builtin.lineinfile:
    dest: /etc/audit/auditd.conf
    line: disk_full_action = {{ var_auditd_disk_full_action.split('|')[0] }}
    regexp: ^\s*disk_full_action\s*=\s*.*$
    state: present
    create: true
  when:
  - '"audit" in ansible_facts.packages'
  - ("kernel-default" in ansible_facts.packages or "kernel-default-base" in ansible_facts.packages)
  tags:
  - CCE-85606-2
  - DISA-STIG-SLES-15-030590
  - NIST-800-53-AU-5(1)
  - NIST-800-53-AU-5(2)
  - NIST-800-53-AU-5(4)
  - NIST-800-53-AU-5(b)
  - NIST-800-53-CM-6(a)
  - auditd_data_disk_full_action
  - low_complexity
  - low_disruption
  - medium_severity
  - no_reboot_needed
  - restrict_strategy
</fix>
        <check system="http://oval.mitre.org/XMLSchema/oval-definitions-5">
          <check-export export-name="oval:ssg-var_auditd_disk_full_action:var:1" value-id="xccdf_org.ssgproject.content_value_var_auditd_disk_full_action"/>
          <check-content-ref name="oval:ssg-auditd_data_disk_full_action:def:1" href="ssg-sle15-oval.xml"/>
        </check>
        <check system="http://scap.nist.gov/schema/ocil/2">
          <check-content-ref name="ocil:ssg-auditd_data_disk_full_action_ocil:questionnaire:1" href="ssg-sle15-ocil.xml"/>
        </check>
      </Rule>
      <Rule id="xccdf_org.ssgproject.content_rule_auditd_data_disk_full_action_stig" selected="false" role="full" severity="medium">
        <title xmlns:xhtml="http://www.w3.org/1999/xhtml" xml:lang="en-US">Configure auditd Disk Full Action when Disk Space Is Full</title>
        <description xmlns:xhtml="http://www.w3.org/1999/xhtml" xml:lang="en-US">The <html:code xmlns:html="http://www.w3.org/1999/xhtml">auditd</html:code> service can be configured to take an action
when disk space is running low but prior to running out of space completely.
Edit the file <html:code xmlns:html="http://www.w3.org/1999/xhtml">/etc/audit/auditd.conf</html:code>. Add or modify the following line,
substituting <html:i xmlns:html="http://www.w3.org/1999/xhtml">ACTION</html:i> appropriately:
<html:pre xmlns:html="http://www.w3.org/1999/xhtml">disk_full_action = <html:i>ACTION</html:i>
       </html:pre>
Set this value to <html:code xmlns:html="http://www.w3.org/1999/xhtml">single</html:code> to cause the system to switch to single-user
mode for corrective action. Acceptable values also include <html:code xmlns:html="http://www.w3.org/1999/xhtml">syslog</html:code>,
<html:code xmlns:html="http://www.w3.org/1999/xhtml">single</html:code>, and <html:code xmlns:html="http://www.w3.org/1999/xhtml">halt</html:code>. For certain systems, the need for availability
outweighs the need to log all actions, and a different setting should be
determined. Details regarding all possible values for <html:i xmlns:html="http://www.w3.org/1999/xhtml">ACTION</html:i> are described in the
<html:code xmlns:html="http://www.w3.org/1999/xhtml">auditd.conf</html:code> man page.</description>
        <reference href="https://www.cisecurity.org/controls/">1</reference>
        <reference href="https://www.cisecurity.org/controls/">11</reference>
        <reference href="https://www.cisecurity.org/controls/">12</reference>
        <reference href="https://www.cisecurity.org/controls/">13</reference>
        <reference href="https://www.cisecurity.org/controls/">14</reference>
        <reference href="https://www.cisecurity.org/controls/">15</reference>
        <reference href="https://www.cisecurity.org/controls/">16</reference>
        <reference href="https://www.cisecurity.org/controls/">19</reference>
        <reference href="https://www.cisecurity.org/controls/">2</reference>
        <reference href="https://www.cisecurity.org/controls/">3</reference>
        <reference href="https://www.cisecurity.org/controls/">4</reference>
        <reference href="https://www.cisecurity.org/controls/">5</reference>
        <reference href="https://www.cisecurity.org/controls/">6</reference>
        <reference href="https://www.cisecurity.org/controls/">7</reference>
        <reference href="https://www.cisecurity.org/controls/">8</reference>
        <reference href="https://www.isaca.org/resources/cobit">APO11.04</reference>
        <reference href="https://www.isaca.org/resources/cobit">APO12.06</reference>
        <reference href="https://www.isaca.org/resources/cobit">APO13.01</reference>
        <reference href="https://www.isaca.org/resources/cobit">BAI03.05</reference>
        <reference href="https://www.isaca.org/resources/cobit">BAI04.04</reference>
        <reference href="https://www.isaca.org/resources/cobit">BAI08.02</reference>
        <reference href="https://www.isaca.org/resources/cobit">DSS02.02</reference>
        <reference href="https://www.isaca.org/resources/cobit">DSS02.04</reference>
        <reference href="https://www.isaca.org/resources/cobit">DSS02.07</reference>
        <reference href="https://www.isaca.org/resources/cobit">DSS03.01</reference>
        <reference href="https://www.isaca.org/resources/cobit">DSS05.04</reference>
        <reference href="https://www.isaca.org/resources/cobit">DSS05.07</reference>
        <reference href="https://www.isaca.org/resources/cobit">MEA02.01</reference>
        <reference href="https://www.isa.org/products/isa-62443-2-1-2009-security-for-industrial-automat">4.2.3.10</reference>
        <reference href="https://www.isa.org/products/isa-62443-2-1-2009-security-for-industrial-automat">4.3.3.3.9</reference>
        <reference href="https://www.isa.org/products/isa-62443-2-1-2009-security-for-industrial-automat">4.3.3.5.8</reference>
        <reference href="https://www.isa.org/products/isa-62443-2-1-2009-security-for-industrial-automat">4.3.4.4.7</reference>
        <reference href="https://www.isa.org/products/isa-62443-2-1-2009-security-for-industrial-automat">4.3.4.5.6</reference>
        <reference href="https://www.isa.org/products/isa-62443-2-1-2009-security-for-industrial-automat">4.3.4.5.7</reference>
        <reference href="https://www.isa.org/products/isa-62443-2-1-2009-security-for-industrial-automat">4.3.4.5.8</reference>
        <reference href="https://www.isa.org/products/isa-62443-2-1-2009-security-for-industrial-automat">4.4.2.1</reference>
        <reference href="https://www.isa.org/products/isa-62443-2-1-2009-security-for-industrial-automat">4.4.2.2</reference>
        <reference href="https://www.isa.org/products/isa-62443-2-1-2009-security-for-industrial-automat">4.4.2.4</reference>
        <reference href="https://www.isa.org/products/ansi-isa-62443-3-3-99-03-03-2013-security-for-indu">SR 2.10</reference>
        <reference href="https://www.isa.org/products/ansi-isa-62443-3-3-99-03-03-2013-security-for-indu">SR 2.11</reference>
        <reference href="https://www.isa.org/products/ansi-isa-62443-3-3-99-03-03-2013-security-for-indu">SR 2.12</reference>
        <reference href="https://www.isa.org/products/ansi-isa-62443-3-3-99-03-03-2013-security-for-indu">SR 2.8</reference>
        <reference href="https://www.isa.org/products/ansi-isa-62443-3-3-99-03-03-2013-security-for-indu">SR 2.9</reference>
        <reference href="https://www.isa.org/products/ansi-isa-62443-3-3-99-03-03-2013-security-for-indu">SR 6.1</reference>
        <reference href="https://www.isa.org/products/ansi-isa-62443-3-3-99-03-03-2013-security-for-indu">SR 7.1</reference>
        <reference href="https://www.isa.org/products/ansi-isa-62443-3-3-99-03-03-2013-security-for-indu">SR 7.2</reference>
        <reference href="https://www.iso.org/contents/data/standard/05/45/54534.html">A.12.1.3</reference>
        <reference href="https://www.iso.org/contents/data/standard/05/45/54534.html">A.12.4.1</reference>
        <reference href="https://www.iso.org/contents/data/standard/05/45/54534.html">A.12.4.2</reference>
        <reference href="https://www.iso.org/contents/data/standard/05/45/54534.html">A.12.4.3</reference>
        <reference href="https://www.iso.org/contents/data/standard/05/45/54534.html">A.12.4.4</reference>
        <reference href="https://www.iso.org/contents/data/standard/05/45/54534.html">A.12.7.1</reference>
        <reference href="https://www.iso.org/contents/data/standard/05/45/54534.html">A.16.1.4</reference>
        <reference href="https://www.iso.org/contents/data/standard/05/45/54534.html">A.16.1.5</reference>
        <reference href="https://www.iso.org/contents/data/standard/05/45/54534.html">A.16.1.7</reference>
        <reference href="https://www.iso.org/contents/data/standard/05/45/54534.html">A.17.2.1</reference>
        <reference href="http://nvlpubs.nist.gov/nistpubs/SpecialPublications/NIST.SP.800-53r4.pdf">AU-5(b)</reference>
        <reference href="http://nvlpubs.nist.gov/nistpubs/SpecialPublications/NIST.SP.800-53r4.pdf">AU-5(2)</reference>
        <reference href="http://nvlpubs.nist.gov/nistpubs/SpecialPublications/NIST.SP.800-53r4.pdf">AU-5(1)</reference>
        <reference href="http://nvlpubs.nist.gov/nistpubs/SpecialPublications/NIST.SP.800-53r4.pdf">AU-5(4)</reference>
        <reference href="http://nvlpubs.nist.gov/nistpubs/SpecialPublications/NIST.SP.800-53r4.pdf">CM-6(a)</reference>
        <reference href="https://nvlpubs.nist.gov/nistpubs/CSWP/NIST.CSWP.04162018.pdf">DE.AE-3</reference>
        <reference href="https://nvlpubs.nist.gov/nistpubs/CSWP/NIST.CSWP.04162018.pdf">DE.AE-5</reference>
        <reference href="https://nvlpubs.nist.gov/nistpubs/CSWP/NIST.CSWP.04162018.pdf">PR.DS-4</reference>
        <reference href="https://nvlpubs.nist.gov/nistpubs/CSWP/NIST.CSWP.04162018.pdf">PR.PT-1</reference>
        <reference href="https://nvlpubs.nist.gov/nistpubs/CSWP/NIST.CSWP.04162018.pdf">RS.AN-1</reference>
        <reference href="https://nvlpubs.nist.gov/nistpubs/CSWP/NIST.CSWP.04162018.pdf">RS.AN-4</reference>
        <reference href="https://www.cyber.mil/stigs/downloads/?_dl_facet_stigs=operating-systems%2Cgeneral-purpose-os">SRG-OS-000047-GPOS-00023</reference>
        <rationale xmlns:xhtml="http://www.w3.org/1999/xhtml" xml:lang="en-US">Taking appropriate action in case of a filled audit storage volume will minimize
the possibility of losing audit records.</rationale>
        <fix xmlns:xhtml="http://www.w3.org/1999/xhtml" id="auditd_data_disk_full_action_stig" system="urn:xccdf:fix:script:sh"># Remediation is applicable only in certain platforms
if rpm --quiet -q audit &amp;&amp; rpm --quiet -q kernel-default || rpm --quiet -q kernel-default-base; then

var_auditd_disk_full_action='<xccdf-1.2:sub xmlns:xccdf-1.2="http://checklists.nist.gov/xccdf/1.2" idref="xccdf_org.ssgproject.content_value_var_auditd_disk_full_action" use="legacy"/>'


# Strip any search characters in the key arg so that the key can be replaced without
# adding any search characters to the config file.
stripped_key=$(sed 's/[\^=\$,;+]*//g' &lt;&lt;&lt; "^disk_full_action")

# shellcheck disable=SC2059
printf -v formatted_output "%s = %s" "$stripped_key" "$var_auditd_disk_full_action"

# If the key exists, change it. Otherwise, add it to the config_file.
# We search for the key string followed by a word boundary (matched by \&gt;),
# so if we search for 'setting', 'setting2' won't match.
if LC_ALL=C grep -q -m 1 -i -e "^disk_full_action\\&gt;" "/etc/audit/auditd.conf"; then
    escaped_formatted_output=$(sed -e 's|/|\\/|g' &lt;&lt;&lt; "$formatted_output")
    LC_ALL=C sed -i --follow-symlinks "s/^disk_full_action\\&gt;.*/$escaped_formatted_output/gi" "/etc/audit/auditd.conf"
else
    if [[ -s "/etc/audit/auditd.conf" ]] &amp;&amp; [[ -n "$(tail -c 1 -- "/etc/audit/auditd.conf" || true)" ]]; then
        LC_ALL=C sed -i --follow-symlinks '$a'\\ "/etc/audit/auditd.conf"
    fi
    printf '%s\n' "$formatted_output" &gt;&gt; "/etc/audit/auditd.conf"
fi

else
    &gt;&amp;2 echo 'Remediation is not applicable, nothing was done'
fi
</fix>
        <fix xmlns:xhtml="http://www.w3.org/1999/xhtml" id="auditd_data_disk_full_action_stig" system="urn:xccdf:fix:script:ansible" complexity="low" disruption="low" strategy="restrict">- name: Gather the package facts
  package_facts:
    manager: auto
  tags:
  - NIST-800-53-AU-5(1)
  - NIST-800-53-AU-5(2)
  - NIST-800-53-AU-5(4)
  - NIST-800-53-AU-5(b)
  - NIST-800-53-CM-6(a)
  - auditd_data_disk_full_action_stig
  - low_complexity
  - low_disruption
  - medium_severity
  - no_reboot_needed
  - restrict_strategy
- name: XCCDF Value var_auditd_disk_full_action # promote to variable
  set_fact:
    var_auditd_disk_full_action: !!str <xccdf-1.2:sub xmlns:xccdf-1.2="http://checklists.nist.gov/xccdf/1.2" idref="xccdf_org.ssgproject.content_value_var_auditd_disk_full_action" use="legacy"/>
  tags:
    - always

- name: Configure auditd Disk Full Action when Disk Space Is Full
  ansible.builtin.lineinfile:
    dest: /etc/audit/auditd.conf
    line: disk_full_action = {{ var_auditd_disk_full_action }}
    regexp: ^\s*disk_full_action\s*=\s*.*$
    state: present
    create: true
  when:
  - '"audit" in ansible_facts.packages'
  - ("kernel-default" in ansible_facts.packages or "kernel-default-base" in ansible_facts.packages)
  tags:
  - NIST-800-53-AU-5(1)
  - NIST-800-53-AU-5(2)
  - NIST-800-53-AU-5(4)
  - NIST-800-53-AU-5(b)
  - NIST-800-53-CM-6(a)
  - auditd_data_disk_full_action_stig
  - low_complexity
  - low_disruption
  - medium_severity
  - no_reboot_needed
  - restrict_strategy
</fix>
        <check system="http://oval.mitre.org/XMLSchema/oval-definitions-5">
          <check-content-ref name="oval:ssg-auditd_data_disk_full_action_stig:def:1" href="ssg-sle15-oval.xml"/>
        </check>
        <check system="http://scap.nist.gov/schema/ocil/2">
          <check-content-ref name="ocil:ssg-auditd_data_disk_full_action_stig_ocil:questionnaire:1" href="ssg-sle15-ocil.xml"/>
        </check>
      </Rule>
      <Rule id="xccdf_org.ssgproject.content_rule_auditd_data_retention_action_mail_acct" selected="false" role="full" severity="medium">
        <title xmlns:xhtml="http://www.w3.org/1999/xhtml" xml:lang="en-US">Configure auditd mail_acct Action on Low Disk Space</title>
        <description xmlns:xhtml="http://www.w3.org/1999/xhtml" xml:lang="en-US">The <html:code xmlns:html="http://www.w3.org/1999/xhtml">auditd</html:code> service can be configured to send email to
a designated account in certain situations. Add or correct the following line
in <html:code xmlns:html="http://www.w3.org/1999/xhtml">/etc/audit/auditd.conf</html:code> to ensure that administrators are notified
via email for those situations:
<html:pre xmlns:html="http://www.w3.org/1999/xhtml" xmlns:xccdf-1.2="http://checklists.nist.gov/xccdf/1.2">action_mail_acct = <xccdf-1.2:sub idref="xccdf_org.ssgproject.content_value_var_auditd_action_mail_acct" use="legacy"/>
       </html:pre>
      </description>
        <reference href="https://www.cisecurity.org/controls/">1</reference>
        <reference href="https://www.cisecurity.org/controls/">11</reference>
        <reference href="https://www.cisecurity.org/controls/">12</reference>
        <reference href="https://www.cisecurity.org/controls/">13</reference>
        <reference href="https://www.cisecurity.org/controls/">14</reference>
        <reference href="https://www.cisecurity.org/controls/">15</reference>
        <reference href="https://www.cisecurity.org/controls/">16</reference>
        <reference href="https://www.cisecurity.org/controls/">19</reference>
        <reference href="https://www.cisecurity.org/controls/">2</reference>
        <reference href="https://www.cisecurity.org/controls/">3</reference>
        <reference href="https://www.cisecurity.org/controls/">4</reference>
        <reference href="https://www.cisecurity.org/controls/">5</reference>
        <reference href="https://www.cisecurity.org/controls/">6</reference>
        <reference href="https://www.cisecurity.org/controls/">7</reference>
        <reference href="https://www.cisecurity.org/controls/">8</reference>
        <reference href="https://www.fbi.gov/file-repository/cjis-security-policy-v5_5_20160601-2-1.pdf">5.4.1.1</reference>
        <reference href="https://www.isaca.org/resources/cobit">APO11.04</reference>
        <reference href="https://www.isaca.org/resources/cobit">APO12.06</reference>
        <reference href="https://www.isaca.org/resources/cobit">APO13.01</reference>
        <reference href="https://www.isaca.org/resources/cobit">BAI03.05</reference>
        <reference href="https://www.isaca.org/resources/cobit">BAI04.04</reference>
        <reference href="https://www.isaca.org/resources/cobit">BAI08.02</reference>
        <reference href="https://www.isaca.org/resources/cobit">DSS02.02</reference>
        <reference href="https://www.isaca.org/resources/cobit">DSS02.04</reference>
        <reference href="https://www.isaca.org/resources/cobit">DSS02.07</reference>
        <reference href="https://www.isaca.org/resources/cobit">DSS03.01</reference>
        <reference href="https://www.isaca.org/resources/cobit">DSS05.04</reference>
        <reference href="https://www.isaca.org/resources/cobit">DSS05.07</reference>
        <reference href="https://www.isaca.org/resources/cobit">MEA02.01</reference>
        <reference href="http://nvlpubs.nist.gov/nistpubs/SpecialPublications/NIST.SP.800-171.pdf">3.3.1</reference>
        <reference href="https://www.gpo.gov/fdsys/pkg/CFR-2007-title45-vol1/pdf/CFR-2007-title45-vol1-chapA-subchapC.pdf">164.312(a)(2)(ii)</reference>
        <reference href="https://www.isa.org/products/isa-62443-2-1-2009-security-for-industrial-automat">4.2.3.10</reference>
        <reference href="https://www.isa.org/products/isa-62443-2-1-2009-security-for-industrial-automat">4.3.3.3.9</reference>
        <reference href="https://www.isa.org/products/isa-62443-2-1-2009-security-for-industrial-automat">4.3.3.5.8</reference>
        <reference href="https://www.isa.org/products/isa-62443-2-1-2009-security-for-industrial-automat">4.3.4.4.7</reference>
        <reference href="https://www.isa.org/products/isa-62443-2-1-2009-security-for-industrial-automat">4.3.4.5.6</reference>
        <reference href="https://www.isa.org/products/isa-62443-2-1-2009-security-for-industrial-automat">4.3.4.5.7</reference>
        <reference href="https://www.isa.org/products/isa-62443-2-1-2009-security-for-industrial-automat">4.3.4.5.8</reference>
        <reference href="https://www.isa.org/products/isa-62443-2-1-2009-security-for-industrial-automat">4.4.2.1</reference>
        <reference href="https://www.isa.org/products/isa-62443-2-1-2009-security-for-industrial-automat">4.4.2.2</reference>
        <reference href="https://www.isa.org/products/isa-62443-2-1-2009-security-for-industrial-automat">4.4.2.4</reference>
        <reference href="https://www.isa.org/products/ansi-isa-62443-3-3-99-03-03-2013-security-for-indu">SR 2.10</reference>
        <reference href="https://www.isa.org/products/ansi-isa-62443-3-3-99-03-03-2013-security-for-indu">SR 2.11</reference>
        <reference href="https://www.isa.org/products/ansi-isa-62443-3-3-99-03-03-2013-security-for-indu">SR 2.12</reference>
        <reference href="https://www.isa.org/products/ansi-isa-62443-3-3-99-03-03-2013-security-for-indu">SR 2.8</reference>
        <reference href="https://www.isa.org/products/ansi-isa-62443-3-3-99-03-03-2013-security-for-indu">SR 2.9</reference>
        <reference href="https://www.isa.org/products/ansi-isa-62443-3-3-99-03-03-2013-security-for-indu">SR 6.1</reference>
        <reference href="https://www.isa.org/products/ansi-isa-62443-3-3-99-03-03-2013-security-for-indu">SR 7.1</reference>
        <reference href="https://www.isa.org/products/ansi-isa-62443-3-3-99-03-03-2013-security-for-indu">SR 7.2</reference>
        <reference href="https://www.iso.org/contents/data/standard/05/45/54534.html">A.12.1.3</reference>
        <reference href="https://www.iso.org/contents/data/standard/05/45/54534.html">A.12.4.1</reference>
        <reference href="https://www.iso.org/contents/data/standard/05/45/54534.html">A.12.4.2</reference>
        <reference href="https://www.iso.org/contents/data/standard/05/45/54534.html">A.12.4.3</reference>
        <reference href="https://www.iso.org/contents/data/standard/05/45/54534.html">A.12.4.4</reference>
        <reference href="https://www.iso.org/contents/data/standard/05/45/54534.html">A.12.7.1</reference>
        <reference href="https://www.iso.org/contents/data/standard/05/45/54534.html">A.16.1.4</reference>
        <reference href="https://www.iso.org/contents/data/standard/05/45/54534.html">A.16.1.5</reference>
        <reference href="https://www.iso.org/contents/data/standard/05/45/54534.html">A.16.1.7</reference>
        <reference href="https://www.iso.org/contents/data/standard/05/45/54534.html">A.17.2.1</reference>
        <reference href="https://www.nerc.com/standards/reliability-standards/cip">CIP-003-8 R1.3</reference>
        <reference href="https://www.nerc.com/standards/reliability-standards/cip">CIP-003-8 R3</reference>
        <reference href="https://www.nerc.com/standards/reliability-standards/cip">CIP-003-8 R3.1</reference>
        <reference href="https://www.nerc.com/standards/reliability-standards/cip">CIP-003-8 R3.2</reference>
        <reference href="https://www.nerc.com/standards/reliability-standards/cip">CIP-003-8 R3.3</reference>
        <reference href="https://www.nerc.com/standards/reliability-standards/cip">CIP-003-8 R5.1.1</reference>
        <reference href="https://www.nerc.com/standards/reliability-standards/cip">CIP-003-8 R5.3</reference>
        <reference href="https://www.nerc.com/standards/reliability-standards/cip">CIP-004-6 R2.2.3</reference>
        <reference href="https://www.nerc.com/standards/reliability-standards/cip">CIP-004-6 R2.3</reference>
        <reference href="https://www.nerc.com/standards/reliability-standards/cip">CIP-007-3 R5.1</reference>
        <reference href="https://www.nerc.com/standards/reliability-standards/cip">CIP-007-3 R5.1.2</reference>
        <reference href="https://www.nerc.com/standards/reliability-standards/cip">CIP-007-3 R5.2</reference>
        <reference href="https://www.nerc.com/standards/reliability-standards/cip">CIP-007-3 R5.3.1</reference>
        <reference href="https://www.nerc.com/standards/reliability-standards/cip">CIP-007-3 R5.3.2</reference>
        <reference href="https://www.nerc.com/standards/reliability-standards/cip">CIP-007-3 R5.3.3</reference>
        <reference href="http://nvlpubs.nist.gov/nistpubs/SpecialPublications/NIST.SP.800-53r4.pdf">IA-5(1)</reference>
        <reference href="http://nvlpubs.nist.gov/nistpubs/SpecialPublications/NIST.SP.800-53r4.pdf">AU-5(a)</reference>
        <reference href="http://nvlpubs.nist.gov/nistpubs/SpecialPublications/NIST.SP.800-53r4.pdf">AU-5(2)</reference>
        <reference href="http://nvlpubs.nist.gov/nistpubs/SpecialPublications/NIST.SP.800-53r4.pdf">CM-6(a)</reference>
        <reference href="https://nvlpubs.nist.gov/nistpubs/CSWP/NIST.CSWP.04162018.pdf">DE.AE-3</reference>
        <reference href="https://nvlpubs.nist.gov/nistpubs/CSWP/NIST.CSWP.04162018.pdf">DE.AE-5</reference>
        <reference href="https://nvlpubs.nist.gov/nistpubs/CSWP/NIST.CSWP.04162018.pdf">PR.DS-4</reference>
        <reference href="https://nvlpubs.nist.gov/nistpubs/CSWP/NIST.CSWP.04162018.pdf">PR.PT-1</reference>
        <reference href="https://nvlpubs.nist.gov/nistpubs/CSWP/NIST.CSWP.04162018.pdf">RS.AN-1</reference>
        <reference href="https://nvlpubs.nist.gov/nistpubs/CSWP/NIST.CSWP.04162018.pdf">RS.AN-4</reference>
        <reference href="https://www.pcisecuritystandards.org/documents/PCI_DSS_v3-2-1.pdf">Req-10.7.a</reference>
        <reference href="https://www.cyber.mil/stigs/downloads/?_dl_facet_stigs=operating-systems%2Cgeneral-purpose-os">SRG-OS-000046-GPOS-00022</reference>
        <reference href="https://www.cyber.mil/stigs/downloads/?_dl_facet_stigs=operating-systems%2Cgeneral-purpose-os">SRG-OS-000343-GPOS-00134</reference>
        <reference href="https://www.cyber.mil/stigs/downloads/?_dl_facet_stigs=operating-systems%2Cunix-linux">SLES-15-030570</reference>
        <reference href="https://www.cisecurity.org/benchmark/suse_linux/">4.1.2.3</reference>
        <reference href="not_publicly_available">SLES-15-750450105</reference>
        <reference href="not_publicly_available">SLES-15-750450120</reference>
        <reference href="https://www.cyber.mil/stigs/srg-stig-tools/">SV-234956r958424_rule</reference>
        <rationale xmlns:xhtml="http://www.w3.org/1999/xhtml" xml:lang="en-US">Email sent to the root account is typically aliased to the
administrators of the system, who can take appropriate action.</rationale>
        <ident system="https://ncp.nist.gov/cce">CCE-85604-7</ident>
        <fix xmlns:xhtml="http://www.w3.org/1999/xhtml" id="auditd_data_retention_action_mail_acct" system="urn:xccdf:fix:script:sh"># Remediation is applicable only in certain platforms
if rpm --quiet -q audit &amp;&amp; rpm --quiet -q kernel-default || rpm --quiet -q kernel-default-base; then

var_auditd_action_mail_acct='<xccdf-1.2:sub xmlns:xccdf-1.2="http://checklists.nist.gov/xccdf/1.2" idref="xccdf_org.ssgproject.content_value_var_auditd_action_mail_acct" use="legacy"/>'


AUDITCONFIG=/etc/audit/auditd.conf

# Strip any search characters in the key arg so that the key can be replaced without
# adding any search characters to the config file.
stripped_key=$(sed 's/[\^=\$,;+]*//g' &lt;&lt;&lt; "^action_mail_acct")

# shellcheck disable=SC2059
printf -v formatted_output "%s = %s" "$stripped_key" "$var_auditd_action_mail_acct"

# If the key exists, change it. Otherwise, add it to the config_file.
# We search for the key string followed by a word boundary (matched by \&gt;),
# so if we search for 'setting', 'setting2' won't match.
if LC_ALL=C grep -q -m 1 -i -e "^action_mail_acct\\&gt;" "$AUDITCONFIG"; then
    escaped_formatted_output=$(sed -e 's|/|\\/|g' &lt;&lt;&lt; "$formatted_output")
    LC_ALL=C sed -i --follow-symlinks "s/^action_mail_acct\\&gt;.*/$escaped_formatted_output/gi" "$AUDITCONFIG"
else
    if [[ -s "$AUDITCONFIG" ]] &amp;&amp; [[ -n "$(tail -c 1 -- "$AUDITCONFIG" || true)" ]]; then
        LC_ALL=C sed -i --follow-symlinks '$a'\\ "$AUDITCONFIG"
    fi
    cce="CCE-85604-7"
    printf '# Per %s: Set %s in %s\n' "${cce}" "${formatted_output}" "$AUDITCONFIG" &gt;&gt; "$AUDITCONFIG"
    printf '%s\n' "$formatted_output" &gt;&gt; "$AUDITCONFIG"
fi

else
    &gt;&amp;2 echo 'Remediation is not applicable, nothing was done'
fi
</fix>
        <fix xmlns:xhtml="http://www.w3.org/1999/xhtml" id="auditd_data_retention_action_mail_acct" system="urn:xccdf:fix:script:ansible" complexity="low" disruption="low" strategy="restrict">- name: Gather the package facts
  package_facts:
    manager: auto
  tags:
  - CCE-85604-7
  - CJIS-5.4.1.1
  - DISA-STIG-SLES-15-030570
  - NIST-800-171-3.3.1
  - NIST-800-53-AU-5(2)
  - NIST-800-53-AU-5(a)
  - NIST-800-53-CM-6(a)
  - NIST-800-53-IA-5(1)
  - PCI-DSS-Req-10.7.a
  - auditd_data_retention_action_mail_acct
  - low_complexity
  - low_disruption
  - medium_severity
  - no_reboot_needed
  - restrict_strategy
- name: XCCDF Value var_auditd_action_mail_acct # promote to variable
  set_fact:
    var_auditd_action_mail_acct: !!str <xccdf-1.2:sub xmlns:xccdf-1.2="http://checklists.nist.gov/xccdf/1.2" idref="xccdf_org.ssgproject.content_value_var_auditd_action_mail_acct" use="legacy"/>
  tags:
    - always

- name: Configure auditd mail_acct Action on Low Disk Space - Configure auditd mail_acct
    Action on Low Disk Space
  ansible.builtin.lineinfile:
    dest: /etc/audit/auditd.conf
    regexp: ^action_mail_acct
    line: action_mail_acct = {{ var_auditd_action_mail_acct }}
    state: present
    create: true
  when:
  - '"audit" in ansible_facts.packages'
  - ("kernel-default" in ansible_facts.packages or "kernel-default-base" in ansible_facts.packages)
  tags:
  - CCE-85604-7
  - CJIS-5.4.1.1
  - DISA-STIG-SLES-15-030570
  - NIST-800-171-3.3.1
  - NIST-800-53-AU-5(2)
  - NIST-800-53-AU-5(a)
  - NIST-800-53-CM-6(a)
  - NIST-800-53-IA-5(1)
  - PCI-DSS-Req-10.7.a
  - auditd_data_retention_action_mail_acct
  - low_complexity
  - low_disruption
  - medium_severity
  - no_reboot_needed
  - restrict_strategy
</fix>
        <check system="http://oval.mitre.org/XMLSchema/oval-definitions-5">
          <check-export export-name="oval:ssg-var_auditd_action_mail_acct:var:1" value-id="xccdf_org.ssgproject.content_value_var_auditd_action_mail_acct"/>
          <check-content-ref name="oval:ssg-auditd_data_retention_action_mail_acct:def:1" href="ssg-sle15-oval.xml"/>
        </check>
        <check system="http://scap.nist.gov/schema/ocil/2">
          <check-content-ref name="ocil:ssg-auditd_data_retention_action_mail_acct_ocil:questionnaire:1" href="ssg-sle15-ocil.xml"/>
        </check>
      </Rule>
      <Rule id="xccdf_org.ssgproject.content_rule_auditd_data_retention_admin_space_left_action" selected="false" role="full" severity="medium">
        <title xmlns:xhtml="http://www.w3.org/1999/xhtml" xml:lang="en-US">Configure auditd admin_space_left Action on Low Disk Space</title>
        <description xmlns:xhtml="http://www.w3.org/1999/xhtml" xml:lang="en-US">The <html:code xmlns:html="http://www.w3.org/1999/xhtml">auditd</html:code> service can be configured to take an action
when disk space is running low but prior to running out of space completely.
Edit the file <html:code xmlns:html="http://www.w3.org/1999/xhtml">/etc/audit/auditd.conf</html:code>. Add or modify the following line,
substituting <html:i xmlns:html="http://www.w3.org/1999/xhtml">ACTION</html:i> appropriately:
<html:pre xmlns:html="http://www.w3.org/1999/xhtml">admin_space_left_action = <html:i>ACTION</html:i>
       </html:pre>
Set this value to <html:code xmlns:html="http://www.w3.org/1999/xhtml">single</html:code> to cause the system to switch to single user
mode for corrective action. Acceptable values also include <html:code xmlns:html="http://www.w3.org/1999/xhtml">suspend</html:code> and
<html:code xmlns:html="http://www.w3.org/1999/xhtml">halt</html:code>. For certain systems, the need for availability
outweighs the need to log all actions, and a different setting should be
determined. Details regarding all possible values for <html:i xmlns:html="http://www.w3.org/1999/xhtml">ACTION</html:i> are described in the
<html:code xmlns:html="http://www.w3.org/1999/xhtml">auditd.conf</html:code> man page.</description>
        <reference href="https://www.cisecurity.org/controls/">1</reference>
        <reference href="https://www.cisecurity.org/controls/">11</reference>
        <reference href="https://www.cisecurity.org/controls/">12</reference>
        <reference href="https://www.cisecurity.org/controls/">13</reference>
        <reference href="https://www.cisecurity.org/controls/">14</reference>
        <reference href="https://www.cisecurity.org/controls/">15</reference>
        <reference href="https://www.cisecurity.org/controls/">16</reference>
        <reference href="https://www.cisecurity.org/controls/">19</reference>
        <reference href="https://www.cisecurity.org/controls/">2</reference>
        <reference href="https://www.cisecurity.org/controls/">3</reference>
        <reference href="https://www.cisecurity.org/controls/">4</reference>
        <reference href="https://www.cisecurity.org/controls/">5</reference>
        <reference href="https://www.cisecurity.org/controls/">6</reference>
        <reference href="https://www.cisecurity.org/controls/">7</reference>
        <reference href="https://www.cisecurity.org/controls/">8</reference>
        <reference href="https://www.fbi.gov/file-repository/cjis-security-policy-v5_5_20160601-2-1.pdf">5.4.1.1</reference>
        <reference href="https://www.isaca.org/resources/cobit">APO11.04</reference>
        <reference href="https://www.isaca.org/resources/cobit">APO12.06</reference>
        <reference href="https://www.isaca.org/resources/cobit">APO13.01</reference>
        <reference href="https://www.isaca.org/resources/cobit">BAI03.05</reference>
        <reference href="https://www.isaca.org/resources/cobit">BAI04.04</reference>
        <reference href="https://www.isaca.org/resources/cobit">BAI08.02</reference>
        <reference href="https://www.isaca.org/resources/cobit">DSS02.02</reference>
        <reference href="https://www.isaca.org/resources/cobit">DSS02.04</reference>
        <reference href="https://www.isaca.org/resources/cobit">DSS02.07</reference>
        <reference href="https://www.isaca.org/resources/cobit">DSS03.01</reference>
        <reference href="https://www.isaca.org/resources/cobit">DSS05.04</reference>
        <reference href="https://www.isaca.org/resources/cobit">DSS05.07</reference>
        <reference href="https://www.isaca.org/resources/cobit">MEA02.01</reference>
        <reference href="http://nvlpubs.nist.gov/nistpubs/SpecialPublications/NIST.SP.800-171.pdf">3.3.1</reference>
        <reference href="https://www.gpo.gov/fdsys/pkg/CFR-2007-title45-vol1/pdf/CFR-2007-title45-vol1-chapA-subchapC.pdf">164.312(a)(2)(ii)</reference>
        <reference href="https://www.isa.org/products/isa-62443-2-1-2009-security-for-industrial-automat">4.2.3.10</reference>
        <reference href="https://www.isa.org/products/isa-62443-2-1-2009-security-for-industrial-automat">4.3.3.3.9</reference>
        <reference href="https://www.isa.org/products/isa-62443-2-1-2009-security-for-industrial-automat">4.3.3.5.8</reference>
        <reference href="https://www.isa.org/products/isa-62443-2-1-2009-security-for-industrial-automat">4.3.4.4.7</reference>
        <reference href="https://www.isa.org/products/isa-62443-2-1-2009-security-for-industrial-automat">4.3.4.5.6</reference>
        <reference href="https://www.isa.org/products/isa-62443-2-1-2009-security-for-industrial-automat">4.3.4.5.7</reference>
        <reference href="https://www.isa.org/products/isa-62443-2-1-2009-security-for-industrial-automat">4.3.4.5.8</reference>
        <reference href="https://www.isa.org/products/isa-62443-2-1-2009-security-for-industrial-automat">4.4.2.1</reference>
        <reference href="https://www.isa.org/products/isa-62443-2-1-2009-security-for-industrial-automat">4.4.2.2</reference>
        <reference href="https://www.isa.org/products/isa-62443-2-1-2009-security-for-industrial-automat">4.4.2.4</reference>
        <reference href="https://www.isa.org/products/ansi-isa-62443-3-3-99-03-03-2013-security-for-indu">SR 2.10</reference>
        <reference href="https://www.isa.org/products/ansi-isa-62443-3-3-99-03-03-2013-security-for-indu">SR 2.11</reference>
        <reference href="https://www.isa.org/products/ansi-isa-62443-3-3-99-03-03-2013-security-for-indu">SR 2.12</reference>
        <reference href="https://www.isa.org/products/ansi-isa-62443-3-3-99-03-03-2013-security-for-indu">SR 2.8</reference>
        <reference href="https://www.isa.org/products/ansi-isa-62443-3-3-99-03-03-2013-security-for-indu">SR 2.9</reference>
        <reference href="https://www.isa.org/products/ansi-isa-62443-3-3-99-03-03-2013-security-for-indu">SR 6.1</reference>
        <reference href="https://www.isa.org/products/ansi-isa-62443-3-3-99-03-03-2013-security-for-indu">SR 7.1</reference>
        <reference href="https://www.isa.org/products/ansi-isa-62443-3-3-99-03-03-2013-security-for-indu">SR 7.2</reference>
        <reference href="https://www.iso.org/contents/data/standard/05/45/54534.html">A.12.1.3</reference>
        <reference href="https://www.iso.org/contents/data/standard/05/45/54534.html">A.12.4.1</reference>
        <reference href="https://www.iso.org/contents/data/standard/05/45/54534.html">A.12.4.2</reference>
        <reference href="https://www.iso.org/contents/data/standard/05/45/54534.html">A.12.4.3</reference>
        <reference href="https://www.iso.org/contents/data/standard/05/45/54534.html">A.12.4.4</reference>
        <reference href="https://www.iso.org/contents/data/standard/05/45/54534.html">A.12.7.1</reference>
        <reference href="https://www.iso.org/contents/data/standard/05/45/54534.html">A.16.1.4</reference>
        <reference href="https://www.iso.org/contents/data/standard/05/45/54534.html">A.16.1.5</reference>
        <reference href="https://www.iso.org/contents/data/standard/05/45/54534.html">A.16.1.7</reference>
        <reference href="https://www.iso.org/contents/data/standard/05/45/54534.html">A.17.2.1</reference>
        <reference href="http://nvlpubs.nist.gov/nistpubs/SpecialPublications/NIST.SP.800-53r4.pdf">AU-5(b)</reference>
        <reference href="http://nvlpubs.nist.gov/nistpubs/SpecialPublications/NIST.SP.800-53r4.pdf">AU-5(2)</reference>
        <reference href="http://nvlpubs.nist.gov/nistpubs/SpecialPublications/NIST.SP.800-53r4.pdf">AU-5(1)</reference>
        <reference href="http://nvlpubs.nist.gov/nistpubs/SpecialPublications/NIST.SP.800-53r4.pdf">AU-5(4)</reference>
        <reference href="http://nvlpubs.nist.gov/nistpubs/SpecialPublications/NIST.SP.800-53r4.pdf">CM-6(a)</reference>
        <reference href="https://nvlpubs.nist.gov/nistpubs/CSWP/NIST.CSWP.04162018.pdf">DE.AE-3</reference>
        <reference href="https://nvlpubs.nist.gov/nistpubs/CSWP/NIST.CSWP.04162018.pdf">DE.AE-5</reference>
        <reference href="https://nvlpubs.nist.gov/nistpubs/CSWP/NIST.CSWP.04162018.pdf">PR.DS-4</reference>
        <reference href="https://nvlpubs.nist.gov/nistpubs/CSWP/NIST.CSWP.04162018.pdf">PR.PT-1</reference>
        <reference href="https://nvlpubs.nist.gov/nistpubs/CSWP/NIST.CSWP.04162018.pdf">RS.AN-1</reference>
        <reference href="https://nvlpubs.nist.gov/nistpubs/CSWP/NIST.CSWP.04162018.pdf">RS.AN-4</reference>
        <reference href="https://www.pcisecuritystandards.org/documents/PCI_DSS_v3-2-1.pdf">Req-10.7</reference>
        <reference href="https://www.cyber.mil/stigs/downloads/?_dl_facet_stigs=operating-systems%2Cgeneral-purpose-os">SRG-OS-000343-GPOS-00134</reference>
        <reference href="https://www.cisecurity.org/benchmark/suse_linux/">4.1.2.3</reference>
        <reference href="not_publicly_available">SLES-15-750450105</reference>
        <reference href="not_publicly_available">SLES-15-750450120</reference>
        <reference href="https://docs-prv.pcisecuritystandards.org/PCI%20DSS/Standard/PCI-DSS-v4_0.pdf">10.5.1</reference>
        <reference href="https://docs-prv.pcisecuritystandards.org/PCI%20DSS/Standard/PCI-DSS-v4_0.pdf">10.5</reference>
        <rationale xmlns:xhtml="http://www.w3.org/1999/xhtml" xml:lang="en-US">Administrators should be made aware of an inability to record
audit records. If a separate partition or logical volume of adequate size
is used, running low on space for audit records should never occur.</rationale>
        <ident system="https://ncp.nist.gov/cce">CCE-85824-1</ident>
        <fix xmlns:xhtml="http://www.w3.org/1999/xhtml" id="auditd_data_retention_admin_space_left_action" system="urn:xccdf:fix:script:sh"># Remediation is applicable only in certain platforms
if rpm --quiet -q audit &amp;&amp; rpm --quiet -q kernel-default || rpm --quiet -q kernel-default-base; then

var_auditd_admin_space_left_action='<xccdf-1.2:sub xmlns:xccdf-1.2="http://checklists.nist.gov/xccdf/1.2" idref="xccdf_org.ssgproject.content_value_var_auditd_admin_space_left_action" use="legacy"/>'


var_auditd_admin_space_left_action="$(echo $var_auditd_admin_space_left_action | cut -d \| -f 1)"

AUDITCONFIG=/etc/audit/auditd.conf

# Strip any search characters in the key arg so that the key can be replaced without
# adding any search characters to the config file.
stripped_key=$(sed 's/[\^=\$,;+]*//g' &lt;&lt;&lt; "^admin_space_left_action")

# shellcheck disable=SC2059
printf -v formatted_output "%s = %s" "$stripped_key" "$var_auditd_admin_space_left_action"

# If the key exists, change it. Otherwise, add it to the config_file.
# We search for the key string followed by a word boundary (matched by \&gt;),
# so if we search for 'setting', 'setting2' won't match.
if LC_ALL=C grep -q -m 1 -i -e "^admin_space_left_action\\&gt;" "$AUDITCONFIG"; then
    escaped_formatted_output=$(sed -e 's|/|\\/|g' &lt;&lt;&lt; "$formatted_output")
    LC_ALL=C sed -i --follow-symlinks "s/^admin_space_left_action\\&gt;.*/$escaped_formatted_output/gi" "$AUDITCONFIG"
else
    if [[ -s "$AUDITCONFIG" ]] &amp;&amp; [[ -n "$(tail -c 1 -- "$AUDITCONFIG" || true)" ]]; then
        LC_ALL=C sed -i --follow-symlinks '$a'\\ "$AUDITCONFIG"
    fi
    cce="CCE-85824-1"
    printf '# Per %s: Set %s in %s\n' "${cce}" "${formatted_output}" "$AUDITCONFIG" &gt;&gt; "$AUDITCONFIG"
    printf '%s\n' "$formatted_output" &gt;&gt; "$AUDITCONFIG"
fi

else
    &gt;&amp;2 echo 'Remediation is not applicable, nothing was done'
fi
</fix>
        <fix xmlns:xhtml="http://www.w3.org/1999/xhtml" id="auditd_data_retention_admin_space_left_action" system="urn:xccdf:fix:script:ansible" complexity="low" disruption="low" strategy="restrict">- name: Gather the package facts
  package_facts:
    manager: auto
  tags:
  - CCE-85824-1
  - CJIS-5.4.1.1
  - NIST-800-171-3.3.1
  - NIST-800-53-AU-5(1)
  - NIST-800-53-AU-5(2)
  - NIST-800-53-AU-5(4)
  - NIST-800-53-AU-5(b)
  - NIST-800-53-CM-6(a)
  - PCI-DSS-Req-10.7
  - PCI-DSSv4-10.5
  - PCI-DSSv4-10.5.1
  - auditd_data_retention_admin_space_left_action
  - low_complexity
  - low_disruption
  - medium_severity
  - no_reboot_needed
  - restrict_strategy
- name: XCCDF Value var_auditd_admin_space_left_action # promote to variable
  set_fact:
    var_auditd_admin_space_left_action: !!str <xccdf-1.2:sub xmlns:xccdf-1.2="http://checklists.nist.gov/xccdf/1.2" idref="xccdf_org.ssgproject.content_value_var_auditd_admin_space_left_action" use="legacy"/>
  tags:
    - always

- name: Configure auditd admin_space_left Action on Low Disk Space
  ansible.builtin.lineinfile:
    dest: /etc/audit/auditd.conf
    line: admin_space_left_action = {{ var_auditd_admin_space_left_action .split('|')[0]
      }}
    regexp: ^\s*admin_space_left_action\s*=\s*.*$
    state: present
    create: true
  when:
  - '"audit" in ansible_facts.packages'
  - ("kernel-default" in ansible_facts.packages or "kernel-default-base" in ansible_facts.packages)
  tags:
  - CCE-85824-1
  - CJIS-5.4.1.1
  - NIST-800-171-3.3.1
  - NIST-800-53-AU-5(1)
  - NIST-800-53-AU-5(2)
  - NIST-800-53-AU-5(4)
  - NIST-800-53-AU-5(b)
  - NIST-800-53-CM-6(a)
  - PCI-DSS-Req-10.7
  - PCI-DSSv4-10.5
  - PCI-DSSv4-10.5.1
  - auditd_data_retention_admin_space_left_action
  - low_complexity
  - low_disruption
  - medium_severity
  - no_reboot_needed
  - restrict_strategy
</fix>
        <check system="http://oval.mitre.org/XMLSchema/oval-definitions-5">
          <check-export export-name="oval:ssg-var_auditd_admin_space_left_action:var:1" value-id="xccdf_org.ssgproject.content_value_var_auditd_admin_space_left_action"/>
          <check-content-ref name="oval:ssg-auditd_data_retention_admin_space_left_action:def:1" href="ssg-sle15-oval.xml"/>
        </check>
        <check system="http://scap.nist.gov/schema/ocil/2">
          <check-content-ref name="ocil:ssg-auditd_data_retention_admin_space_left_action_ocil:questionnaire:1" href="ssg-sle15-ocil.xml"/>
        </check>
      </Rule>
      <Rule id="xccdf_org.ssgproject.content_rule_auditd_data_retention_flush" selected="false" role="full" severity="medium">
        <title xmlns:xhtml="http://www.w3.org/1999/xhtml" xml:lang="en-US">Configure auditd flush priority</title>
        <description xmlns:xhtml="http://www.w3.org/1999/xhtml" xml:lang="en-US">The <html:code xmlns:html="http://www.w3.org/1999/xhtml">auditd</html:code> service can be configured to
synchronously write audit event data to disk. Add or correct the following
line in <html:code xmlns:html="http://www.w3.org/1999/xhtml">/etc/audit/auditd.conf</html:code> to ensure that audit event data is
fully synchronized with the log files on the disk:
<html:pre xmlns:html="http://www.w3.org/1999/xhtml" xmlns:xccdf-1.2="http://checklists.nist.gov/xccdf/1.2">flush = <xccdf-1.2:sub idref="xccdf_org.ssgproject.content_value_var_auditd_flush" use="legacy"/>
       </html:pre>
      </description>
        <reference href="https://www.cisecurity.org/controls/">1</reference>
        <reference href="https://www.cisecurity.org/controls/">12</reference>
        <reference href="https://www.cisecurity.org/controls/">13</reference>
        <reference href="https://www.cisecurity.org/controls/">14</reference>
        <reference href="https://www.cisecurity.org/controls/">15</reference>
        <reference href="https://www.cisecurity.org/controls/">16</reference>
        <reference href="https://www.cisecurity.org/controls/">2</reference>
        <reference href="https://www.cisecurity.org/controls/">3</reference>
        <reference href="https://www.cisecurity.org/controls/">5</reference>
        <reference href="https://www.cisecurity.org/controls/">6</reference>
        <reference href="https://www.cisecurity.org/controls/">7</reference>
        <reference href="https://www.cisecurity.org/controls/">8</reference>
        <reference href="https://www.cisecurity.org/controls/">9</reference>
        <reference href="https://www.isaca.org/resources/cobit">APO10.01</reference>
        <reference href="https://www.isaca.org/resources/cobit">APO10.03</reference>
        <reference href="https://www.isaca.org/resources/cobit">APO10.04</reference>
        <reference href="https://www.isaca.org/resources/cobit">APO10.05</reference>
        <reference href="https://www.isaca.org/resources/cobit">APO11.04</reference>
        <reference href="https://www.isaca.org/resources/cobit">BAI03.05</reference>
        <reference href="https://www.isaca.org/resources/cobit">DSS01.03</reference>
        <reference href="https://www.isaca.org/resources/cobit">DSS03.05</reference>
        <reference href="https://www.isaca.org/resources/cobit">DSS05.02</reference>
        <reference href="https://www.isaca.org/resources/cobit">DSS05.04</reference>
        <reference href="https://www.isaca.org/resources/cobit">DSS05.05</reference>
        <reference href="https://www.isaca.org/resources/cobit">DSS05.07</reference>
        <reference href="https://www.isaca.org/resources/cobit">MEA01.01</reference>
        <reference href="https://www.isaca.org/resources/cobit">MEA01.02</reference>
        <reference href="https://www.isaca.org/resources/cobit">MEA01.03</reference>
        <reference href="https://www.isaca.org/resources/cobit">MEA01.04</reference>
        <reference href="https://www.isaca.org/resources/cobit">MEA01.05</reference>
        <reference href="https://www.isaca.org/resources/cobit">MEA02.01</reference>
        <reference href="http://nvlpubs.nist.gov/nistpubs/SpecialPublications/NIST.SP.800-171.pdf">3.3.1</reference>
        <reference href="https://www.gpo.gov/fdsys/pkg/CFR-2007-title45-vol1/pdf/CFR-2007-title45-vol1-chapA-subchapC.pdf">164.308(a)(1)(ii)(D)</reference>
        <reference href="https://www.gpo.gov/fdsys/pkg/CFR-2007-title45-vol1/pdf/CFR-2007-title45-vol1-chapA-subchapC.pdf">164.308(a)(3)(ii)(A)</reference>
        <reference href="https://www.gpo.gov/fdsys/pkg/CFR-2007-title45-vol1/pdf/CFR-2007-title45-vol1-chapA-subchapC.pdf">164.308(a)(5)(ii)(C)</reference>
        <reference href="https://www.gpo.gov/fdsys/pkg/CFR-2007-title45-vol1/pdf/CFR-2007-title45-vol1-chapA-subchapC.pdf">164.312(a)(2)(i)</reference>
        <reference href="https://www.gpo.gov/fdsys/pkg/CFR-2007-title45-vol1/pdf/CFR-2007-title45-vol1-chapA-subchapC.pdf">164.312(b)</reference>
        <reference href="https://www.gpo.gov/fdsys/pkg/CFR-2007-title45-vol1/pdf/CFR-2007-title45-vol1-chapA-subchapC.pdf">164.312(d)</reference>
        <reference href="https://www.gpo.gov/fdsys/pkg/CFR-2007-title45-vol1/pdf/CFR-2007-title45-vol1-chapA-subchapC.pdf">164.312(e)</reference>
        <reference href="https://www.isa.org/products/isa-62443-2-1-2009-security-for-industrial-automat">4.3.2.6.7</reference>
        <reference href="https://www.isa.org/products/isa-62443-2-1-2009-security-for-industrial-automat">4.3.3.3.9</reference>
        <reference href="https://www.isa.org/products/isa-62443-2-1-2009-security-for-industrial-automat">4.3.3.5.8</reference>
        <reference href="https://www.isa.org/products/isa-62443-2-1-2009-security-for-industrial-automat">4.3.4.4.7</reference>
        <reference href="https://www.isa.org/products/isa-62443-2-1-2009-security-for-industrial-automat">4.4.2.1</reference>
        <reference href="https://www.isa.org/products/isa-62443-2-1-2009-security-for-industrial-automat">4.4.2.2</reference>
        <reference href="https://www.isa.org/products/isa-62443-2-1-2009-security-for-industrial-automat">4.4.2.4</reference>
        <reference href="https://www.isa.org/products/ansi-isa-62443-3-3-99-03-03-2013-security-for-indu">SR 2.10</reference>
        <reference href="https://www.isa.org/products/ansi-isa-62443-3-3-99-03-03-2013-security-for-indu">SR 2.11</reference>
        <reference href="https://www.isa.org/products/ansi-isa-62443-3-3-99-03-03-2013-security-for-indu">SR 2.12</reference>
        <reference href="https://www.isa.org/products/ansi-isa-62443-3-3-99-03-03-2013-security-for-indu">SR 2.8</reference>
        <reference href="https://www.isa.org/products/ansi-isa-62443-3-3-99-03-03-2013-security-for-indu">SR 2.9</reference>
        <reference href="https://www.isa.org/products/ansi-isa-62443-3-3-99-03-03-2013-security-for-indu">SR 6.1</reference>
        <reference href="https://www.isa.org/products/ansi-isa-62443-3-3-99-03-03-2013-security-for-indu">SR 6.2</reference>
        <reference href="https://www.iso.org/contents/data/standard/05/45/54534.html">A.12.4.1</reference>
        <reference href="https://www.iso.org/contents/data/standard/05/45/54534.html">A.12.4.2</reference>
        <reference href="https://www.iso.org/contents/data/standard/05/45/54534.html">A.12.4.3</reference>
        <reference href="https://www.iso.org/contents/data/standard/05/45/54534.html">A.12.4.4</reference>
        <reference href="https://www.iso.org/contents/data/standard/05/45/54534.html">A.12.7.1</reference>
        <reference href="https://www.iso.org/contents/data/standard/05/45/54534.html">A.14.2.7</reference>
        <reference href="https://www.iso.org/contents/data/standard/05/45/54534.html">A.15.2.1</reference>
        <reference href="https://www.iso.org/contents/data/standard/05/45/54534.html">A.15.2.2</reference>
        <reference href="https://www.nerc.com/standards/reliability-standards/cip">CIP-004-6 R2.2.3</reference>
        <reference href="https://www.nerc.com/standards/reliability-standards/cip">CIP-004-6 R3.3</reference>
        <reference href="https://www.nerc.com/standards/reliability-standards/cip">CIP-007-3 R5.2</reference>
        <reference href="https://www.nerc.com/standards/reliability-standards/cip">CIP-007-3 R5.3.1</reference>
        <reference href="https://www.nerc.com/standards/reliability-standards/cip">CIP-007-3 R5.3.2</reference>
        <reference href="https://www.nerc.com/standards/reliability-standards/cip">CIP-007-3 R5.3.3</reference>
        <reference href="https://www.nerc.com/standards/reliability-standards/cip">CIP-007-3 R6.5</reference>
        <reference href="http://nvlpubs.nist.gov/nistpubs/SpecialPublications/NIST.SP.800-53r4.pdf">AU-11</reference>
        <reference href="http://nvlpubs.nist.gov/nistpubs/SpecialPublications/NIST.SP.800-53r4.pdf">CM-6(a)</reference>
        <reference href="https://nvlpubs.nist.gov/nistpubs/CSWP/NIST.CSWP.04162018.pdf">DE.CM-1</reference>
        <reference href="https://nvlpubs.nist.gov/nistpubs/CSWP/NIST.CSWP.04162018.pdf">DE.CM-3</reference>
        <reference href="https://nvlpubs.nist.gov/nistpubs/CSWP/NIST.CSWP.04162018.pdf">DE.CM-7</reference>
        <reference href="https://nvlpubs.nist.gov/nistpubs/CSWP/NIST.CSWP.04162018.pdf">ID.SC-4</reference>
        <reference href="https://nvlpubs.nist.gov/nistpubs/CSWP/NIST.CSWP.04162018.pdf">PR.PT-1</reference>
        <reference href="https://www.niap-ccevs.org/Profile/PP.cfm">FAU_GEN.1</reference>
        <reference href="https://www.cyber.mil/stigs/downloads/?_dl_facet_stigs=operating-systems%2Cgeneral-purpose-os">SRG-OS-000480-GPOS-00227</reference>
        <reference href="https://www.cyber.gov.au/acsc/view-all-content/ism">0582</reference>
        <rationale xmlns:xhtml="http://www.w3.org/1999/xhtml" xml:lang="en-US">Audit data should be synchronously written to disk to ensure
log integrity. These parameters assure that all audit event data is fully
synchronized with the log files on the disk.</rationale>
        <ident system="https://ncp.nist.gov/cce">CCE-85775-5</ident>
        <fix xmlns:xhtml="http://www.w3.org/1999/xhtml" id="auditd_data_retention_flush" system="urn:xccdf:fix:script:sh"># Remediation is applicable only in certain platforms
if rpm --quiet -q audit &amp;&amp; rpm --quiet -q kernel-default || rpm --quiet -q kernel-default-base; then

var_auditd_flush='<xccdf-1.2:sub xmlns:xccdf-1.2="http://checklists.nist.gov/xccdf/1.2" idref="xccdf_org.ssgproject.content_value_var_auditd_flush" use="legacy"/>'


AUDITCONFIG=/etc/audit/auditd.conf

# if flush is present, flush param edited to var_auditd_flush
# else flush param is defined by var_auditd_flush
#
# the freq param is only used for values 'incremental' and 'incremental_async' and will be
# commented out if flush != incremental or flush != incremental_async
#
# if flush == incremental or flush == incremental_async &amp;&amp; freq param is not defined, it 
# will be defined as the package-default value of 20

grep -q ^flush $AUDITCONFIG &amp;&amp; \
  sed -i 's/^flush.*/flush = '"$var_auditd_flush"'/g' $AUDITCONFIG
if ! [ $? -eq 0 ]; then
  echo "flush = $var_auditd_flush" &gt;&gt; $AUDITCONFIG
fi

if ! [ "$var_auditd_flush" == "incremental" ] &amp;&amp; ! [ "$var_auditd_flush" == "incremental_async" ]; then
  sed -i 's/^freq/##freq/g' $AUDITCONFIG
elif [ "$var_auditd_flush" == "incremental" ] || [ "$var_auditd_flush" == "incremental_async" ]; then
  grep -q freq $AUDITCONFIG &amp;&amp; \
    sed -i 's/^#\+freq/freq/g' $AUDITCONFIG
  if ! [ $? -eq 0 ]; then
    echo "freq = 20" &gt;&gt; $AUDITCONFIG
  fi
fi

else
    &gt;&amp;2 echo 'Remediation is not applicable, nothing was done'
fi
</fix>
        <fix xmlns:xhtml="http://www.w3.org/1999/xhtml" id="auditd_data_retention_flush" system="urn:xccdf:fix:script:ansible" complexity="low" disruption="low" strategy="restrict">- name: Gather the package facts
  package_facts:
    manager: auto
  tags:
  - CCE-85775-5
  - NIST-800-171-3.3.1
  - NIST-800-53-AU-11
  - NIST-800-53-CM-6(a)
  - auditd_data_retention_flush
  - low_complexity
  - low_disruption
  - medium_severity
  - no_reboot_needed
  - restrict_strategy
- name: XCCDF Value var_auditd_flush # promote to variable
  set_fact:
    var_auditd_flush: !!str <xccdf-1.2:sub xmlns:xccdf-1.2="http://checklists.nist.gov/xccdf/1.2" idref="xccdf_org.ssgproject.content_value_var_auditd_flush" use="legacy"/>
  tags:
    - always

- name: Configure auditd Flush Priority
  ansible.builtin.lineinfile:
    dest: /etc/audit/auditd.conf
    regexp: ^\s*flush\s*=\s*.*$
    line: flush = {{ var_auditd_flush }}
    state: present
    create: true
  when:
  - '"audit" in ansible_facts.packages'
  - ("kernel-default" in ansible_facts.packages or "kernel-default-base" in ansible_facts.packages)
  tags:
  - CCE-85775-5
  - NIST-800-171-3.3.1
  - NIST-800-53-AU-11
  - NIST-800-53-CM-6(a)
  - auditd_data_retention_flush
  - low_complexity
  - low_disruption
  - medium_severity
  - no_reboot_needed
  - restrict_strategy
</fix>
        <check system="http://oval.mitre.org/XMLSchema/oval-definitions-5">
          <check-export export-name="oval:ssg-var_auditd_flush:var:1" value-id="xccdf_org.ssgproject.content_value_var_auditd_flush"/>
          <check-content-ref name="oval:ssg-auditd_data_retention_flush:def:1" href="ssg-sle15-oval.xml"/>
        </check>
        <check system="http://scap.nist.gov/schema/ocil/2">
          <check-content-ref name="ocil:ssg-auditd_data_retention_flush_ocil:questionnaire:1" href="ssg-sle15-ocil.xml"/>
        </check>
      </Rule>
      <Rule id="xccdf_org.ssgproject.content_rule_auditd_data_retention_max_log_file" selected="false" role="full" severity="medium">
        <title xmlns:xhtml="http://www.w3.org/1999/xhtml" xml:lang="en-US">Configure auditd Max Log File Size</title>
        <description xmlns:xhtml="http://www.w3.org/1999/xhtml" xml:lang="en-US">Determine the amount of audit data (in megabytes)
which should be retained in each log file. Edit the file
<html:code xmlns:html="http://www.w3.org/1999/xhtml">/etc/audit/auditd.conf</html:code>. Add or modify the following line, substituting
the correct value of <xccdf-1.2:sub xmlns:xccdf-1.2="http://checklists.nist.gov/xccdf/1.2" idref="xccdf_org.ssgproject.content_value_var_auditd_max_log_file" use="legacy"/> for <html:i xmlns:html="http://www.w3.org/1999/xhtml">STOREMB</html:i>:
<html:pre xmlns:html="http://www.w3.org/1999/xhtml">max_log_file = <html:i>STOREMB</html:i>
       </html:pre>
Set the value to <html:code xmlns:html="http://www.w3.org/1999/xhtml">6</html:code> (MB) or higher for general-purpose systems.
Larger values, of course,
support retention of even more audit data.</description>
        <reference href="https://www.cisecurity.org/controls/">1</reference>
        <reference href="https://www.cisecurity.org/controls/">11</reference>
        <reference href="https://www.cisecurity.org/controls/">12</reference>
        <reference href="https://www.cisecurity.org/controls/">13</reference>
        <reference href="https://www.cisecurity.org/controls/">14</reference>
        <reference href="https://www.cisecurity.org/controls/">15</reference>
        <reference href="https://www.cisecurity.org/controls/">16</reference>
        <reference href="https://www.cisecurity.org/controls/">19</reference>
        <reference href="https://www.cisecurity.org/controls/">3</reference>
        <reference href="https://www.cisecurity.org/controls/">4</reference>
        <reference href="https://www.cisecurity.org/controls/">5</reference>
        <reference href="https://www.cisecurity.org/controls/">6</reference>
        <reference href="https://www.cisecurity.org/controls/">7</reference>
        <reference href="https://www.cisecurity.org/controls/">8</reference>
        <reference href="https://www.fbi.gov/file-repository/cjis-security-policy-v5_5_20160601-2-1.pdf">5.4.1.1</reference>
        <reference href="https://www.isaca.org/resources/cobit">APO11.04</reference>
        <reference href="https://www.isaca.org/resources/cobit">APO12.06</reference>
        <reference href="https://www.isaca.org/resources/cobit">BAI03.05</reference>
        <reference href="https://www.isaca.org/resources/cobit">BAI08.02</reference>
        <reference href="https://www.isaca.org/resources/cobit">DSS02.02</reference>
        <reference href="https://www.isaca.org/resources/cobit">DSS02.04</reference>
        <reference href="https://www.isaca.org/resources/cobit">DSS02.07</reference>
        <reference href="https://www.isaca.org/resources/cobit">DSS03.01</reference>
        <reference href="https://www.isaca.org/resources/cobit">DSS05.04</reference>
        <reference href="https://www.isaca.org/resources/cobit">DSS05.07</reference>
        <reference href="https://www.isaca.org/resources/cobit">MEA02.01</reference>
        <reference href="https://www.isa.org/products/isa-62443-2-1-2009-security-for-industrial-automat">4.2.3.10</reference>
        <reference href="https://www.isa.org/products/isa-62443-2-1-2009-security-for-industrial-automat">4.3.3.3.9</reference>
        <reference href="https://www.isa.org/products/isa-62443-2-1-2009-security-for-industrial-automat">4.3.3.5.8</reference>
        <reference href="https://www.isa.org/products/isa-62443-2-1-2009-security-for-industrial-automat">4.3.4.4.7</reference>
        <reference href="https://www.isa.org/products/isa-62443-2-1-2009-security-for-industrial-automat">4.3.4.5.6</reference>
        <reference href="https://www.isa.org/products/isa-62443-2-1-2009-security-for-industrial-automat">4.3.4.5.7</reference>
        <reference href="https://www.isa.org/products/isa-62443-2-1-2009-security-for-industrial-automat">4.3.4.5.8</reference>
        <reference href="https://www.isa.org/products/isa-62443-2-1-2009-security-for-industrial-automat">4.4.2.1</reference>
        <reference href="https://www.isa.org/products/isa-62443-2-1-2009-security-for-industrial-automat">4.4.2.2</reference>
        <reference href="https://www.isa.org/products/isa-62443-2-1-2009-security-for-industrial-automat">4.4.2.4</reference>
        <reference href="https://www.isa.org/products/ansi-isa-62443-3-3-99-03-03-2013-security-for-indu">SR 2.10</reference>
        <reference href="https://www.isa.org/products/ansi-isa-62443-3-3-99-03-03-2013-security-for-indu">SR 2.11</reference>
        <reference href="https://www.isa.org/products/ansi-isa-62443-3-3-99-03-03-2013-security-for-indu">SR 2.12</reference>
        <reference href="https://www.isa.org/products/ansi-isa-62443-3-3-99-03-03-2013-security-for-indu">SR 2.8</reference>
        <reference href="https://www.isa.org/products/ansi-isa-62443-3-3-99-03-03-2013-security-for-indu">SR 2.9</reference>
        <reference href="https://www.isa.org/products/ansi-isa-62443-3-3-99-03-03-2013-security-for-indu">SR 6.1</reference>
        <reference href="https://www.iso.org/contents/data/standard/05/45/54534.html">A.12.4.1</reference>
        <reference href="https://www.iso.org/contents/data/standard/05/45/54534.html">A.12.4.2</reference>
        <reference href="https://www.iso.org/contents/data/standard/05/45/54534.html">A.12.4.3</reference>
        <reference href="https://www.iso.org/contents/data/standard/05/45/54534.html">A.12.4.4</reference>
        <reference href="https://www.iso.org/contents/data/standard/05/45/54534.html">A.12.7.1</reference>
        <reference href="https://www.iso.org/contents/data/standard/05/45/54534.html">A.16.1.4</reference>
        <reference href="https://www.iso.org/contents/data/standard/05/45/54534.html">A.16.1.5</reference>
        <reference href="https://www.iso.org/contents/data/standard/05/45/54534.html">A.16.1.7</reference>
        <reference href="https://www.nerc.com/standards/reliability-standards/cip">CIP-004-6 R2.2.3</reference>
        <reference href="https://www.nerc.com/standards/reliability-standards/cip">CIP-004-6 R3.3</reference>
        <reference href="https://www.nerc.com/standards/reliability-standards/cip">CIP-007-3 R5.2</reference>
        <reference href="https://www.nerc.com/standards/reliability-standards/cip">CIP-007-3 R5.3.1</reference>
        <reference href="https://www.nerc.com/standards/reliability-standards/cip">CIP-007-3 R5.3.2</reference>
        <reference href="https://www.nerc.com/standards/reliability-standards/cip">CIP-007-3 R5.3.3</reference>
        <reference href="https://www.nerc.com/standards/reliability-standards/cip">CIP-007-3 R6.5</reference>
        <reference href="http://nvlpubs.nist.gov/nistpubs/SpecialPublications/NIST.SP.800-53r4.pdf">AU-11</reference>
        <reference href="http://nvlpubs.nist.gov/nistpubs/SpecialPublications/NIST.SP.800-53r4.pdf">CM-6(a)</reference>
        <reference href="https://nvlpubs.nist.gov/nistpubs/CSWP/NIST.CSWP.04162018.pdf">DE.AE-3</reference>
        <reference href="https://nvlpubs.nist.gov/nistpubs/CSWP/NIST.CSWP.04162018.pdf">DE.AE-5</reference>
        <reference href="https://nvlpubs.nist.gov/nistpubs/CSWP/NIST.CSWP.04162018.pdf">PR.PT-1</reference>
        <reference href="https://nvlpubs.nist.gov/nistpubs/CSWP/NIST.CSWP.04162018.pdf">RS.AN-1</reference>
        <reference href="https://nvlpubs.nist.gov/nistpubs/CSWP/NIST.CSWP.04162018.pdf">RS.AN-4</reference>
        <reference href="https://www.pcisecuritystandards.org/documents/PCI_DSS_v3-2-1.pdf">Req-10.7</reference>
        <reference href="https://www.cisecurity.org/benchmark/suse_linux/">4.1.2.1</reference>
        <reference href="not_publicly_available">SLES-15-750450075</reference>
        <rationale xmlns:xhtml="http://www.w3.org/1999/xhtml" xml:lang="en-US">The total storage for audit log files must be large enough to retain
log information over the period required. This is a function of the maximum
log file size and the number of logs retained.</rationale>
        <ident system="https://ncp.nist.gov/cce">CCE-85825-8</ident>
        <fix xmlns:xhtml="http://www.w3.org/1999/xhtml" id="auditd_data_retention_max_log_file" system="urn:xccdf:fix:script:sh"># Remediation is applicable only in certain platforms
if rpm --quiet -q audit &amp;&amp; rpm --quiet -q kernel-default || rpm --quiet -q kernel-default-base; then

var_auditd_max_log_file='<xccdf-1.2:sub xmlns:xccdf-1.2="http://checklists.nist.gov/xccdf/1.2" idref="xccdf_org.ssgproject.content_value_var_auditd_max_log_file" use="legacy"/>'


AUDITCONFIG=/etc/audit/auditd.conf

# Strip any search characters in the key arg so that the key can be replaced without
# adding any search characters to the config file.
stripped_key=$(sed 's/[\^=\$,;+]*//g' &lt;&lt;&lt; "^max_log_file")

# shellcheck disable=SC2059
printf -v formatted_output "%s = %s" "$stripped_key" "$var_auditd_max_log_file"

# If the key exists, change it. Otherwise, add it to the config_file.
# We search for the key string followed by a word boundary (matched by \&gt;),
# so if we search for 'setting', 'setting2' won't match.
if LC_ALL=C grep -q -m 1 -i -e "^max_log_file\\&gt;" "$AUDITCONFIG"; then
    escaped_formatted_output=$(sed -e 's|/|\\/|g' &lt;&lt;&lt; "$formatted_output")
    LC_ALL=C sed -i --follow-symlinks "s/^max_log_file\\&gt;.*/$escaped_formatted_output/gi" "$AUDITCONFIG"
else
    if [[ -s "$AUDITCONFIG" ]] &amp;&amp; [[ -n "$(tail -c 1 -- "$AUDITCONFIG" || true)" ]]; then
        LC_ALL=C sed -i --follow-symlinks '$a'\\ "$AUDITCONFIG"
    fi
    cce="CCE-85825-8"
    printf '# Per %s: Set %s in %s\n' "${cce}" "${formatted_output}" "$AUDITCONFIG" &gt;&gt; "$AUDITCONFIG"
    printf '%s\n' "$formatted_output" &gt;&gt; "$AUDITCONFIG"
fi

else
    &gt;&amp;2 echo 'Remediation is not applicable, nothing was done'
fi
</fix>
        <fix xmlns:xhtml="http://www.w3.org/1999/xhtml" id="auditd_data_retention_max_log_file" system="urn:xccdf:fix:script:ansible" complexity="low" disruption="low" strategy="restrict">- name: Gather the package facts
  package_facts:
    manager: auto
  tags:
  - CCE-85825-8
  - CJIS-5.4.1.1
  - NIST-800-53-AU-11
  - NIST-800-53-CM-6(a)
  - PCI-DSS-Req-10.7
  - auditd_data_retention_max_log_file
  - low_complexity
  - low_disruption
  - medium_severity
  - no_reboot_needed
  - restrict_strategy
- name: XCCDF Value var_auditd_max_log_file # promote to variable
  set_fact:
    var_auditd_max_log_file: !!str <xccdf-1.2:sub xmlns:xccdf-1.2="http://checklists.nist.gov/xccdf/1.2" idref="xccdf_org.ssgproject.content_value_var_auditd_max_log_file" use="legacy"/>
  tags:
    - always

- name: Configure auditd Max Log File Size
  ansible.builtin.lineinfile:
    dest: /etc/audit/auditd.conf
    regexp: ^\s*max_log_file\s*=\s*.*$
    line: max_log_file = {{ var_auditd_max_log_file }}
    state: present
    create: true
  when:
  - '"audit" in ansible_facts.packages'
  - ("kernel-default" in ansible_facts.packages or "kernel-default-base" in ansible_facts.packages)
  tags:
  - CCE-85825-8
  - CJIS-5.4.1.1
  - NIST-800-53-AU-11
  - NIST-800-53-CM-6(a)
  - PCI-DSS-Req-10.7
  - auditd_data_retention_max_log_file
  - low_complexity
  - low_disruption
  - medium_severity
  - no_reboot_needed
  - restrict_strategy
</fix>
        <check system="http://oval.mitre.org/XMLSchema/oval-definitions-5">
          <check-export export-name="oval:ssg-var_auditd_max_log_file:var:1" value-id="xccdf_org.ssgproject.content_value_var_auditd_max_log_file"/>
          <check-content-ref name="oval:ssg-auditd_data_retention_max_log_file:def:1" href="ssg-sle15-oval.xml"/>
        </check>
        <check system="http://scap.nist.gov/schema/ocil/2">
          <check-content-ref name="ocil:ssg-auditd_data_retention_max_log_file_ocil:questionnaire:1" href="ssg-sle15-ocil.xml"/>
        </check>
      </Rule>
      <Rule id="xccdf_org.ssgproject.content_rule_auditd_data_retention_max_log_file_action" selected="false" role="full" severity="medium">
        <title xmlns:xhtml="http://www.w3.org/1999/xhtml" xml:lang="en-US">Configure auditd max_log_file_action Upon Reaching Maximum Log Size</title>
        <description xmlns:xhtml="http://www.w3.org/1999/xhtml" xml:lang="en-US">The default action to take when the logs reach their maximum size
is to rotate the log files, discarding the oldest one. To configure the action taken
by <html:code xmlns:html="http://www.w3.org/1999/xhtml">auditd</html:code>, add or correct the line in <html:code xmlns:html="http://www.w3.org/1999/xhtml">/etc/audit/auditd.conf</html:code>:
<html:pre xmlns:html="http://www.w3.org/1999/xhtml">max_log_file_action = <html:i>ACTION</html:i>
       </html:pre>
Possible values for <html:i xmlns:html="http://www.w3.org/1999/xhtml">ACTION</html:i> are described in the <html:code xmlns:html="http://www.w3.org/1999/xhtml">auditd.conf</html:code> man
page. These include:
<html:ul xmlns:html="http://www.w3.org/1999/xhtml"><html:li><html:code>ignore</html:code></html:li><html:li><html:code>syslog</html:code></html:li><html:li><html:code>suspend</html:code></html:li><html:li><html:code>rotate</html:code></html:li><html:li><html:code>keep_logs</html:code></html:li></html:ul>
Set the <html:code xmlns:html="http://www.w3.org/1999/xhtml"><html:i>ACTION</html:i></html:code> to <html:code xmlns:html="http://www.w3.org/1999/xhtml" xmlns:xccdf-1.2="http://checklists.nist.gov/xccdf/1.2"><xccdf-1.2:sub idref="xccdf_org.ssgproject.content_value_var_auditd_max_log_file_action" use="legacy"/></html:code>.
The setting is case-insensitive.</description>
        <reference href="https://www.cisecurity.org/controls/">1</reference>
        <reference href="https://www.cisecurity.org/controls/">11</reference>
        <reference href="https://www.cisecurity.org/controls/">12</reference>
        <reference href="https://www.cisecurity.org/controls/">13</reference>
        <reference href="https://www.cisecurity.org/controls/">14</reference>
        <reference href="https://www.cisecurity.org/controls/">15</reference>
        <reference href="https://www.cisecurity.org/controls/">16</reference>
        <reference href="https://www.cisecurity.org/controls/">19</reference>
        <reference href="https://www.cisecurity.org/controls/">2</reference>
        <reference href="https://www.cisecurity.org/controls/">3</reference>
        <reference href="https://www.cisecurity.org/controls/">4</reference>
        <reference href="https://www.cisecurity.org/controls/">5</reference>
        <reference href="https://www.cisecurity.org/controls/">6</reference>
        <reference href="https://www.cisecurity.org/controls/">7</reference>
        <reference href="https://www.cisecurity.org/controls/">8</reference>
        <reference href="https://www.fbi.gov/file-repository/cjis-security-policy-v5_5_20160601-2-1.pdf">5.4.1.1</reference>
        <reference href="https://www.isaca.org/resources/cobit">APO11.04</reference>
        <reference href="https://www.isaca.org/resources/cobit">APO12.06</reference>
        <reference href="https://www.isaca.org/resources/cobit">APO13.01</reference>
        <reference href="https://www.isaca.org/resources/cobit">BAI03.05</reference>
        <reference href="https://www.isaca.org/resources/cobit">BAI04.04</reference>
        <reference href="https://www.isaca.org/resources/cobit">BAI08.02</reference>
        <reference href="https://www.isaca.org/resources/cobit">DSS02.02</reference>
        <reference href="https://www.isaca.org/resources/cobit">DSS02.04</reference>
        <reference href="https://www.isaca.org/resources/cobit">DSS02.07</reference>
        <reference href="https://www.isaca.org/resources/cobit">DSS03.01</reference>
        <reference href="https://www.isaca.org/resources/cobit">DSS05.04</reference>
        <reference href="https://www.isaca.org/resources/cobit">DSS05.07</reference>
        <reference href="https://www.isaca.org/resources/cobit">MEA02.01</reference>
        <reference href="https://www.gpo.gov/fdsys/pkg/CFR-2007-title45-vol1/pdf/CFR-2007-title45-vol1-chapA-subchapC.pdf">164.312(a)(2)(ii)</reference>
        <reference href="https://www.isa.org/products/isa-62443-2-1-2009-security-for-industrial-automat">4.2.3.10</reference>
        <reference href="https://www.isa.org/products/isa-62443-2-1-2009-security-for-industrial-automat">4.3.3.3.9</reference>
        <reference href="https://www.isa.org/products/isa-62443-2-1-2009-security-for-industrial-automat">4.3.3.5.8</reference>
        <reference href="https://www.isa.org/products/isa-62443-2-1-2009-security-for-industrial-automat">4.3.4.4.7</reference>
        <reference href="https://www.isa.org/products/isa-62443-2-1-2009-security-for-industrial-automat">4.3.4.5.6</reference>
        <reference href="https://www.isa.org/products/isa-62443-2-1-2009-security-for-industrial-automat">4.3.4.5.7</reference>
        <reference href="https://www.isa.org/products/isa-62443-2-1-2009-security-for-industrial-automat">4.3.4.5.8</reference>
        <reference href="https://www.isa.org/products/isa-62443-2-1-2009-security-for-industrial-automat">4.4.2.1</reference>
        <reference href="https://www.isa.org/products/isa-62443-2-1-2009-security-for-industrial-automat">4.4.2.2</reference>
        <reference href="https://www.isa.org/products/isa-62443-2-1-2009-security-for-industrial-automat">4.4.2.4</reference>
        <reference href="https://www.isa.org/products/ansi-isa-62443-3-3-99-03-03-2013-security-for-indu">SR 2.10</reference>
        <reference href="https://www.isa.org/products/ansi-isa-62443-3-3-99-03-03-2013-security-for-indu">SR 2.11</reference>
        <reference href="https://www.isa.org/products/ansi-isa-62443-3-3-99-03-03-2013-security-for-indu">SR 2.12</reference>
        <reference href="https://www.isa.org/products/ansi-isa-62443-3-3-99-03-03-2013-security-for-indu">SR 2.8</reference>
        <reference href="https://www.isa.org/products/ansi-isa-62443-3-3-99-03-03-2013-security-for-indu">SR 2.9</reference>
        <reference href="https://www.isa.org/products/ansi-isa-62443-3-3-99-03-03-2013-security-for-indu">SR 6.1</reference>
        <reference href="https://www.isa.org/products/ansi-isa-62443-3-3-99-03-03-2013-security-for-indu">SR 7.1</reference>
        <reference href="https://www.isa.org/products/ansi-isa-62443-3-3-99-03-03-2013-security-for-indu">SR 7.2</reference>
        <reference href="https://www.iso.org/contents/data/standard/05/45/54534.html">A.12.1.3</reference>
        <reference href="https://www.iso.org/contents/data/standard/05/45/54534.html">A.12.4.1</reference>
        <reference href="https://www.iso.org/contents/data/standard/05/45/54534.html">A.12.4.2</reference>
        <reference href="https://www.iso.org/contents/data/standard/05/45/54534.html">A.12.4.3</reference>
        <reference href="https://www.iso.org/contents/data/standard/05/45/54534.html">A.12.4.4</reference>
        <reference href="https://www.iso.org/contents/data/standard/05/45/54534.html">A.12.7.1</reference>
        <reference href="https://www.iso.org/contents/data/standard/05/45/54534.html">A.16.1.4</reference>
        <reference href="https://www.iso.org/contents/data/standard/05/45/54534.html">A.16.1.5</reference>
        <reference href="https://www.iso.org/contents/data/standard/05/45/54534.html">A.16.1.7</reference>
        <reference href="https://www.iso.org/contents/data/standard/05/45/54534.html">A.17.2.1</reference>
        <reference href="http://nvlpubs.nist.gov/nistpubs/SpecialPublications/NIST.SP.800-53r4.pdf">AU-5(b)</reference>
        <reference href="http://nvlpubs.nist.gov/nistpubs/SpecialPublications/NIST.SP.800-53r4.pdf">AU-5(2)</reference>
        <reference href="http://nvlpubs.nist.gov/nistpubs/SpecialPublications/NIST.SP.800-53r4.pdf">AU-5(1)</reference>
        <reference href="http://nvlpubs.nist.gov/nistpubs/SpecialPublications/NIST.SP.800-53r4.pdf">AU-5(4)</reference>
        <reference href="http://nvlpubs.nist.gov/nistpubs/SpecialPublications/NIST.SP.800-53r4.pdf">CM-6(a)</reference>
        <reference href="https://nvlpubs.nist.gov/nistpubs/CSWP/NIST.CSWP.04162018.pdf">DE.AE-3</reference>
        <reference href="https://nvlpubs.nist.gov/nistpubs/CSWP/NIST.CSWP.04162018.pdf">DE.AE-5</reference>
        <reference href="https://nvlpubs.nist.gov/nistpubs/CSWP/NIST.CSWP.04162018.pdf">PR.DS-4</reference>
        <reference href="https://nvlpubs.nist.gov/nistpubs/CSWP/NIST.CSWP.04162018.pdf">PR.PT-1</reference>
        <reference href="https://nvlpubs.nist.gov/nistpubs/CSWP/NIST.CSWP.04162018.pdf">RS.AN-1</reference>
        <reference href="https://nvlpubs.nist.gov/nistpubs/CSWP/NIST.CSWP.04162018.pdf">RS.AN-4</reference>
        <reference href="https://www.pcisecuritystandards.org/documents/PCI_DSS_v3-2-1.pdf">Req-10.7</reference>
        <reference href="https://www.cyber.mil/stigs/downloads/?_dl_facet_stigs=operating-systems%2Cgeneral-purpose-os">SRG-OS-000047-GPOS-00023</reference>
        <reference href="https://www.cisecurity.org/benchmark/suse_linux/">4.1.2.2</reference>
        <reference href="not_publicly_available">SLES-15-750450090</reference>
        <rationale xmlns:xhtml="http://www.w3.org/1999/xhtml" xml:lang="en-US">Automatically rotating logs (by setting this to <html:code xmlns:html="http://www.w3.org/1999/xhtml">rotate</html:code>)
minimizes the chances of the system unexpectedly running out of disk space by
being overwhelmed with log data. However, for systems that must never discard
log data, or which use external processes to transfer it and reclaim space,
<html:code xmlns:html="http://www.w3.org/1999/xhtml">keep_logs</html:code> can be employed.</rationale>
        <ident system="https://ncp.nist.gov/cce">CCE-85778-9</ident>
        <fix xmlns:xhtml="http://www.w3.org/1999/xhtml" id="auditd_data_retention_max_log_file_action" system="urn:xccdf:fix:script:sh"># Remediation is applicable only in certain platforms
if rpm --quiet -q audit &amp;&amp; rpm --quiet -q kernel-default || rpm --quiet -q kernel-default-base; then

var_auditd_max_log_file_action='<xccdf-1.2:sub xmlns:xccdf-1.2="http://checklists.nist.gov/xccdf/1.2" idref="xccdf_org.ssgproject.content_value_var_auditd_max_log_file_action" use="legacy"/>'


AUDITCONFIG=/etc/audit/auditd.conf

# Strip any search characters in the key arg so that the key can be replaced without
# adding any search characters to the config file.
stripped_key=$(sed 's/[\^=\$,;+]*//g' &lt;&lt;&lt; "^max_log_file_action")

# shellcheck disable=SC2059
printf -v formatted_output "%s = %s" "$stripped_key" "$var_auditd_max_log_file_action"

# If the key exists, change it. Otherwise, add it to the config_file.
# We search for the key string followed by a word boundary (matched by \&gt;),
# so if we search for 'setting', 'setting2' won't match.
if LC_ALL=C grep -q -m 1 -i -e "^max_log_file_action\\&gt;" "$AUDITCONFIG"; then
    escaped_formatted_output=$(sed -e 's|/|\\/|g' &lt;&lt;&lt; "$formatted_output")
    LC_ALL=C sed -i --follow-symlinks "s/^max_log_file_action\\&gt;.*/$escaped_formatted_output/gi" "$AUDITCONFIG"
else
    if [[ -s "$AUDITCONFIG" ]] &amp;&amp; [[ -n "$(tail -c 1 -- "$AUDITCONFIG" || true)" ]]; then
        LC_ALL=C sed -i --follow-symlinks '$a'\\ "$AUDITCONFIG"
    fi
    cce="CCE-85778-9"
    printf '# Per %s: Set %s in %s\n' "${cce}" "${formatted_output}" "$AUDITCONFIG" &gt;&gt; "$AUDITCONFIG"
    printf '%s\n' "$formatted_output" &gt;&gt; "$AUDITCONFIG"
fi

else
    &gt;&amp;2 echo 'Remediation is not applicable, nothing was done'
fi
</fix>
        <fix xmlns:xhtml="http://www.w3.org/1999/xhtml" id="auditd_data_retention_max_log_file_action" system="urn:xccdf:fix:script:ansible" complexity="low" disruption="low" strategy="restrict">- name: Gather the package facts
  package_facts:
    manager: auto
  tags:
  - CCE-85778-9
  - CJIS-5.4.1.1
  - NIST-800-53-AU-5(1)
  - NIST-800-53-AU-5(2)
  - NIST-800-53-AU-5(4)
  - NIST-800-53-AU-5(b)
  - NIST-800-53-CM-6(a)
  - PCI-DSS-Req-10.7
  - auditd_data_retention_max_log_file_action
  - low_complexity
  - low_disruption
  - medium_severity
  - no_reboot_needed
  - restrict_strategy
- name: XCCDF Value var_auditd_max_log_file_action # promote to variable
  set_fact:
    var_auditd_max_log_file_action: !!str <xccdf-1.2:sub xmlns:xccdf-1.2="http://checklists.nist.gov/xccdf/1.2" idref="xccdf_org.ssgproject.content_value_var_auditd_max_log_file_action" use="legacy"/>
  tags:
    - always

- name: Configure auditd max_log_file_action Upon Reaching Maximum Log Size
  ansible.builtin.lineinfile:
    dest: /etc/audit/auditd.conf
    line: max_log_file_action = {{ var_auditd_max_log_file_action }}
    regexp: ^\s*max_log_file_action\s*=\s*.*$
    state: present
    create: true
  when:
  - '"audit" in ansible_facts.packages'
  - ("kernel-default" in ansible_facts.packages or "kernel-default-base" in ansible_facts.packages)
  tags:
  - CCE-85778-9
  - CJIS-5.4.1.1
  - NIST-800-53-AU-5(1)
  - NIST-800-53-AU-5(2)
  - NIST-800-53-AU-5(4)
  - NIST-800-53-AU-5(b)
  - NIST-800-53-CM-6(a)
  - PCI-DSS-Req-10.7
  - auditd_data_retention_max_log_file_action
  - low_complexity
  - low_disruption
  - medium_severity
  - no_reboot_needed
  - restrict_strategy
</fix>
        <check system="http://oval.mitre.org/XMLSchema/oval-definitions-5">
          <check-export export-name="oval:ssg-var_auditd_max_log_file_action:var:1" value-id="xccdf_org.ssgproject.content_value_var_auditd_max_log_file_action"/>
          <check-content-ref name="oval:ssg-auditd_data_retention_max_log_file_action:def:1" href="ssg-sle15-oval.xml"/>
        </check>
        <check system="http://scap.nist.gov/schema/ocil/2">
          <check-content-ref name="ocil:ssg-auditd_data_retention_max_log_file_action_ocil:questionnaire:1" href="ssg-sle15-ocil.xml"/>
        </check>
      </Rule>
      <Rule id="xccdf_org.ssgproject.content_rule_auditd_data_retention_space_left" selected="false" role="full" severity="medium">
        <title xmlns:xhtml="http://www.w3.org/1999/xhtml" xml:lang="en-US">Configure auditd space_left on Low Disk Space</title>
        <description xmlns:xhtml="http://www.w3.org/1999/xhtml" xml:lang="en-US">The <html:code xmlns:html="http://www.w3.org/1999/xhtml">auditd</html:code> service can be configured to take an action
when disk space is running low but prior to running out of space completely.
Edit the file <html:code xmlns:html="http://www.w3.org/1999/xhtml">/etc/audit/auditd.conf</html:code>. Add or modify the following line,
substituting <html:i xmlns:html="http://www.w3.org/1999/xhtml">SIZE_in_MB</html:i> appropriately:
<html:pre xmlns:html="http://www.w3.org/1999/xhtml">space_left = <html:i>SIZE_in_MB</html:i>
       </html:pre>
Set this value to the appropriate size in Megabytes cause the system to
notify the user of an issue.</description>
        <reference href="https://www.cisecurity.org/controls/">1</reference>
        <reference href="https://www.cisecurity.org/controls/">11</reference>
        <reference href="https://www.cisecurity.org/controls/">12</reference>
        <reference href="https://www.cisecurity.org/controls/">13</reference>
        <reference href="https://www.cisecurity.org/controls/">14</reference>
        <reference href="https://www.cisecurity.org/controls/">15</reference>
        <reference href="https://www.cisecurity.org/controls/">16</reference>
        <reference href="https://www.cisecurity.org/controls/">19</reference>
        <reference href="https://www.cisecurity.org/controls/">2</reference>
        <reference href="https://www.cisecurity.org/controls/">3</reference>
        <reference href="https://www.cisecurity.org/controls/">4</reference>
        <reference href="https://www.cisecurity.org/controls/">5</reference>
        <reference href="https://www.cisecurity.org/controls/">6</reference>
        <reference href="https://www.cisecurity.org/controls/">7</reference>
        <reference href="https://www.cisecurity.org/controls/">8</reference>
        <reference href="https://www.isaca.org/resources/cobit">APO11.04</reference>
        <reference href="https://www.isaca.org/resources/cobit">APO12.06</reference>
        <reference href="https://www.isaca.org/resources/cobit">APO13.01</reference>
        <reference href="https://www.isaca.org/resources/cobit">BAI03.05</reference>
        <reference href="https://www.isaca.org/resources/cobit">BAI04.04</reference>
        <reference href="https://www.isaca.org/resources/cobit">BAI08.02</reference>
        <reference href="https://www.isaca.org/resources/cobit">DSS02.02</reference>
        <reference href="https://www.isaca.org/resources/cobit">DSS02.04</reference>
        <reference href="https://www.isaca.org/resources/cobit">DSS02.07</reference>
        <reference href="https://www.isaca.org/resources/cobit">DSS03.01</reference>
        <reference href="https://www.isaca.org/resources/cobit">DSS05.04</reference>
        <reference href="https://www.isaca.org/resources/cobit">DSS05.07</reference>
        <reference href="https://www.isaca.org/resources/cobit">MEA02.01</reference>
        <reference href="https://www.isa.org/products/isa-62443-2-1-2009-security-for-industrial-automat">4.2.3.10</reference>
        <reference href="https://www.isa.org/products/isa-62443-2-1-2009-security-for-industrial-automat">4.3.3.3.9</reference>
        <reference href="https://www.isa.org/products/isa-62443-2-1-2009-security-for-industrial-automat">4.3.3.5.8</reference>
        <reference href="https://www.isa.org/products/isa-62443-2-1-2009-security-for-industrial-automat">4.3.4.4.7</reference>
        <reference href="https://www.isa.org/products/isa-62443-2-1-2009-security-for-industrial-automat">4.3.4.5.6</reference>
        <reference href="https://www.isa.org/products/isa-62443-2-1-2009-security-for-industrial-automat">4.3.4.5.7</reference>
        <reference href="https://www.isa.org/products/isa-62443-2-1-2009-security-for-industrial-automat">4.3.4.5.8</reference>
        <reference href="https://www.isa.org/products/isa-62443-2-1-2009-security-for-industrial-automat">4.4.2.1</reference>
        <reference href="https://www.isa.org/products/isa-62443-2-1-2009-security-for-industrial-automat">4.4.2.2</reference>
        <reference href="https://www.isa.org/products/isa-62443-2-1-2009-security-for-industrial-automat">4.4.2.4</reference>
        <reference href="https://www.isa.org/products/ansi-isa-62443-3-3-99-03-03-2013-security-for-indu">SR 2.10</reference>
        <reference href="https://www.isa.org/products/ansi-isa-62443-3-3-99-03-03-2013-security-for-indu">SR 2.11</reference>
        <reference href="https://www.isa.org/products/ansi-isa-62443-3-3-99-03-03-2013-security-for-indu">SR 2.12</reference>
        <reference href="https://www.isa.org/products/ansi-isa-62443-3-3-99-03-03-2013-security-for-indu">SR 2.8</reference>
        <reference href="https://www.isa.org/products/ansi-isa-62443-3-3-99-03-03-2013-security-for-indu">SR 2.9</reference>
        <reference href="https://www.isa.org/products/ansi-isa-62443-3-3-99-03-03-2013-security-for-indu">SR 6.1</reference>
        <reference href="https://www.isa.org/products/ansi-isa-62443-3-3-99-03-03-2013-security-for-indu">SR 7.1</reference>
        <reference href="https://www.isa.org/products/ansi-isa-62443-3-3-99-03-03-2013-security-for-indu">SR 7.2</reference>
        <reference href="https://www.iso.org/contents/data/standard/05/45/54534.html">A.12.1.3</reference>
        <reference href="https://www.iso.org/contents/data/standard/05/45/54534.html">A.12.4.1</reference>
        <reference href="https://www.iso.org/contents/data/standard/05/45/54534.html">A.12.4.2</reference>
        <reference href="https://www.iso.org/contents/data/standard/05/45/54534.html">A.12.4.3</reference>
        <reference href="https://www.iso.org/contents/data/standard/05/45/54534.html">A.12.4.4</reference>
        <reference href="https://www.iso.org/contents/data/standard/05/45/54534.html">A.12.7.1</reference>
        <reference href="https://www.iso.org/contents/data/standard/05/45/54534.html">A.16.1.4</reference>
        <reference href="https://www.iso.org/contents/data/standard/05/45/54534.html">A.16.1.5</reference>
        <reference href="https://www.iso.org/contents/data/standard/05/45/54534.html">A.16.1.7</reference>
        <reference href="https://www.iso.org/contents/data/standard/05/45/54534.html">A.17.2.1</reference>
        <reference href="http://nvlpubs.nist.gov/nistpubs/SpecialPublications/NIST.SP.800-53r4.pdf">AU-5(b)</reference>
        <reference href="http://nvlpubs.nist.gov/nistpubs/SpecialPublications/NIST.SP.800-53r4.pdf">AU-5(2)</reference>
        <reference href="http://nvlpubs.nist.gov/nistpubs/SpecialPublications/NIST.SP.800-53r4.pdf">AU-5(1)</reference>
        <reference href="http://nvlpubs.nist.gov/nistpubs/SpecialPublications/NIST.SP.800-53r4.pdf">AU-5(4)</reference>
        <reference href="http://nvlpubs.nist.gov/nistpubs/SpecialPublications/NIST.SP.800-53r4.pdf">CM-6(a)</reference>
        <reference href="https://nvlpubs.nist.gov/nistpubs/CSWP/NIST.CSWP.04162018.pdf">DE.AE-3</reference>
        <reference href="https://nvlpubs.nist.gov/nistpubs/CSWP/NIST.CSWP.04162018.pdf">DE.AE-5</reference>
        <reference href="https://nvlpubs.nist.gov/nistpubs/CSWP/NIST.CSWP.04162018.pdf">PR.DS-4</reference>
        <reference href="https://nvlpubs.nist.gov/nistpubs/CSWP/NIST.CSWP.04162018.pdf">PR.PT-1</reference>
        <reference href="https://nvlpubs.nist.gov/nistpubs/CSWP/NIST.CSWP.04162018.pdf">RS.AN-1</reference>
        <reference href="https://nvlpubs.nist.gov/nistpubs/CSWP/NIST.CSWP.04162018.pdf">RS.AN-4</reference>
        <reference href="https://www.pcisecuritystandards.org/documents/PCI_DSS_v3-2-1.pdf">Req-10.7</reference>
        <reference href="https://www.cyber.mil/stigs/downloads/?_dl_facet_stigs=operating-systems%2Cgeneral-purpose-os">SRG-OS-000343-GPOS-00134</reference>
        <reference href="https://www.cyber.mil/stigs/downloads/?_dl_facet_stigs=operating-systems%2Cunix-linux">SLES-15-030700</reference>
        <reference href="https://docs-prv.pcisecuritystandards.org/PCI%20DSS/Standard/PCI-DSS-v4_0.pdf">10.5.1</reference>
        <reference href="https://docs-prv.pcisecuritystandards.org/PCI%20DSS/Standard/PCI-DSS-v4_0.pdf">10.5</reference>
        <reference href="https://www.cyber.mil/stigs/srg-stig-tools/">SV-234969r971542_rule</reference>
        <rationale xmlns:xhtml="http://www.w3.org/1999/xhtml" xml:lang="en-US">Notifying administrators of an impending disk space problem may allow them to
take corrective action prior to any disruption.</rationale>
        <ident system="https://ncp.nist.gov/cce">CCE-85616-1</ident>
        <fix xmlns:xhtml="http://www.w3.org/1999/xhtml" id="auditd_data_retention_space_left" system="urn:xccdf:fix:script:sh"># Remediation is applicable only in certain platforms
if rpm --quiet -q audit &amp;&amp; rpm --quiet -q kernel-default || rpm --quiet -q kernel-default-base; then

var_auditd_space_left='<xccdf-1.2:sub xmlns:xccdf-1.2="http://checklists.nist.gov/xccdf/1.2" idref="xccdf_org.ssgproject.content_value_var_auditd_space_left" use="legacy"/>'


grep -q "^space_left[[:space:]]*=.*$" /etc/audit/auditd.conf &amp;&amp; \
  sed -i "s/^space_left[[:space:]]*=.*$/space_left = $var_auditd_space_left/g" /etc/audit/auditd.conf || \
  echo "space_left = $var_auditd_space_left" &gt;&gt; /etc/audit/auditd.conf

else
    &gt;&amp;2 echo 'Remediation is not applicable, nothing was done'
fi
</fix>
        <fix xmlns:xhtml="http://www.w3.org/1999/xhtml" id="auditd_data_retention_space_left" system="urn:xccdf:fix:script:ansible" complexity="low" disruption="low" strategy="restrict">- name: Gather the package facts
  package_facts:
    manager: auto
  tags:
  - CCE-85616-1
  - DISA-STIG-SLES-15-030700
  - NIST-800-53-AU-5(1)
  - NIST-800-53-AU-5(2)
  - NIST-800-53-AU-5(4)
  - NIST-800-53-AU-5(b)
  - NIST-800-53-CM-6(a)
  - PCI-DSS-Req-10.7
  - PCI-DSSv4-10.5
  - PCI-DSSv4-10.5.1
  - auditd_data_retention_space_left
  - low_complexity
  - low_disruption
  - medium_severity
  - no_reboot_needed
  - restrict_strategy
- name: XCCDF Value var_auditd_space_left # promote to variable
  set_fact:
    var_auditd_space_left: !!str <xccdf-1.2:sub xmlns:xccdf-1.2="http://checklists.nist.gov/xccdf/1.2" idref="xccdf_org.ssgproject.content_value_var_auditd_space_left" use="legacy"/>
  tags:
    - always

- name: Configure auditd space_left on Low Disk Space
  ansible.builtin.lineinfile:
    dest: /etc/audit/auditd.conf
    line: space_left = {{ var_auditd_space_left }}
    regexp: ^\s*space_left\s*=\s*.*$
    state: present
    create: true
  when:
  - '"audit" in ansible_facts.packages'
  - ("kernel-default" in ansible_facts.packages or "kernel-default-base" in ansible_facts.packages)
  tags:
  - CCE-85616-1
  - DISA-STIG-SLES-15-030700
  - NIST-800-53-AU-5(1)
  - NIST-800-53-AU-5(2)
  - NIST-800-53-AU-5(4)
  - NIST-800-53-AU-5(b)
  - NIST-800-53-CM-6(a)
  - PCI-DSS-Req-10.7
  - PCI-DSSv4-10.5
  - PCI-DSSv4-10.5.1
  - auditd_data_retention_space_left
  - low_complexity
  - low_disruption
  - medium_severity
  - no_reboot_needed
  - restrict_strategy
</fix>
        <check system="http://oval.mitre.org/XMLSchema/oval-definitions-5">
          <check-export export-name="oval:ssg-var_auditd_space_left:var:1" value-id="xccdf_org.ssgproject.content_value_var_auditd_space_left"/>
          <check-content-ref name="oval:ssg-auditd_data_retention_space_left:def:1" href="ssg-sle15-oval.xml"/>
        </check>
        <check system="http://scap.nist.gov/schema/ocil/2">
          <check-content-ref name="ocil:ssg-auditd_data_retention_space_left_ocil:questionnaire:1" href="ssg-sle15-ocil.xml"/>
        </check>
      </Rule>
      <Rule id="xccdf_org.ssgproject.content_rule_auditd_data_retention_space_left_action" selected="false" role="full" severity="medium">
        <title xmlns:xhtml="http://www.w3.org/1999/xhtml" xml:lang="en-US">Configure auditd space_left Action on Low Disk Space</title>
        <description xmlns:xhtml="http://www.w3.org/1999/xhtml" xml:lang="en-US">The <html:code xmlns:html="http://www.w3.org/1999/xhtml">auditd</html:code> service can be configured to take an action
when disk space <html:i xmlns:html="http://www.w3.org/1999/xhtml">starts</html:i> to run low.
Edit the file <html:code xmlns:html="http://www.w3.org/1999/xhtml">/etc/audit/auditd.conf</html:code>. Modify the following line,
substituting <html:i xmlns:html="http://www.w3.org/1999/xhtml">ACTION</html:i> appropriately:
<html:pre xmlns:html="http://www.w3.org/1999/xhtml">space_left_action = <html:i>ACTION</html:i>
       </html:pre>
Possible values for <html:i xmlns:html="http://www.w3.org/1999/xhtml">ACTION</html:i> are described in the <html:code xmlns:html="http://www.w3.org/1999/xhtml">auditd.conf</html:code> man page.
These include:
<html:ul xmlns:html="http://www.w3.org/1999/xhtml"><html:li><html:code>syslog</html:code></html:li><html:li><html:code>email</html:code></html:li><html:li><html:code>exec</html:code></html:li><html:li><html:code>suspend</html:code></html:li><html:li><html:code>single</html:code></html:li><html:li><html:code>halt</html:code></html:li></html:ul>
Set this to <html:code xmlns:html="http://www.w3.org/1999/xhtml">email</html:code> (instead of the default,
which is <html:code xmlns:html="http://www.w3.org/1999/xhtml">suspend</html:code>) as it is more likely to get prompt attention. Acceptable values
also include <html:code xmlns:html="http://www.w3.org/1999/xhtml">suspend</html:code>, <html:code xmlns:html="http://www.w3.org/1999/xhtml">single</html:code>, and <html:code xmlns:html="http://www.w3.org/1999/xhtml">halt</html:code>.</description>
        <reference href="https://www.cisecurity.org/controls/">1</reference>
        <reference href="https://www.cisecurity.org/controls/">11</reference>
        <reference href="https://www.cisecurity.org/controls/">12</reference>
        <reference href="https://www.cisecurity.org/controls/">13</reference>
        <reference href="https://www.cisecurity.org/controls/">14</reference>
        <reference href="https://www.cisecurity.org/controls/">15</reference>
        <reference href="https://www.cisecurity.org/controls/">16</reference>
        <reference href="https://www.cisecurity.org/controls/">19</reference>
        <reference href="https://www.cisecurity.org/controls/">2</reference>
        <reference href="https://www.cisecurity.org/controls/">3</reference>
        <reference href="https://www.cisecurity.org/controls/">4</reference>
        <reference href="https://www.cisecurity.org/controls/">5</reference>
        <reference href="https://www.cisecurity.org/controls/">6</reference>
        <reference href="https://www.cisecurity.org/controls/">7</reference>
        <reference href="https://www.cisecurity.org/controls/">8</reference>
        <reference href="https://www.fbi.gov/file-repository/cjis-security-policy-v5_5_20160601-2-1.pdf">5.4.1.1</reference>
        <reference href="https://www.isaca.org/resources/cobit">APO11.04</reference>
        <reference href="https://www.isaca.org/resources/cobit">APO12.06</reference>
        <reference href="https://www.isaca.org/resources/cobit">APO13.01</reference>
        <reference href="https://www.isaca.org/resources/cobit">BAI03.05</reference>
        <reference href="https://www.isaca.org/resources/cobit">BAI04.04</reference>
        <reference href="https://www.isaca.org/resources/cobit">BAI08.02</reference>
        <reference href="https://www.isaca.org/resources/cobit">DSS02.02</reference>
        <reference href="https://www.isaca.org/resources/cobit">DSS02.04</reference>
        <reference href="https://www.isaca.org/resources/cobit">DSS02.07</reference>
        <reference href="https://www.isaca.org/resources/cobit">DSS03.01</reference>
        <reference href="https://www.isaca.org/resources/cobit">DSS05.04</reference>
        <reference href="https://www.isaca.org/resources/cobit">DSS05.07</reference>
        <reference href="https://www.isaca.org/resources/cobit">MEA02.01</reference>
        <reference href="http://nvlpubs.nist.gov/nistpubs/SpecialPublications/NIST.SP.800-171.pdf">3.3.1</reference>
        <reference href="https://www.gpo.gov/fdsys/pkg/CFR-2007-title45-vol1/pdf/CFR-2007-title45-vol1-chapA-subchapC.pdf">164.312(a)(2)(ii)</reference>
        <reference href="https://www.isa.org/products/isa-62443-2-1-2009-security-for-industrial-automat">4.2.3.10</reference>
        <reference href="https://www.isa.org/products/isa-62443-2-1-2009-security-for-industrial-automat">4.3.3.3.9</reference>
        <reference href="https://www.isa.org/products/isa-62443-2-1-2009-security-for-industrial-automat">4.3.3.5.8</reference>
        <reference href="https://www.isa.org/products/isa-62443-2-1-2009-security-for-industrial-automat">4.3.4.4.7</reference>
        <reference href="https://www.isa.org/products/isa-62443-2-1-2009-security-for-industrial-automat">4.3.4.5.6</reference>
        <reference href="https://www.isa.org/products/isa-62443-2-1-2009-security-for-industrial-automat">4.3.4.5.7</reference>
        <reference href="https://www.isa.org/products/isa-62443-2-1-2009-security-for-industrial-automat">4.3.4.5.8</reference>
        <reference href="https://www.isa.org/products/isa-62443-2-1-2009-security-for-industrial-automat">4.4.2.1</reference>
        <reference href="https://www.isa.org/products/isa-62443-2-1-2009-security-for-industrial-automat">4.4.2.2</reference>
        <reference href="https://www.isa.org/products/isa-62443-2-1-2009-security-for-industrial-automat">4.4.2.4</reference>
        <reference href="https://www.isa.org/products/ansi-isa-62443-3-3-99-03-03-2013-security-for-indu">SR 2.10</reference>
        <reference href="https://www.isa.org/products/ansi-isa-62443-3-3-99-03-03-2013-security-for-indu">SR 2.11</reference>
        <reference href="https://www.isa.org/products/ansi-isa-62443-3-3-99-03-03-2013-security-for-indu">SR 2.12</reference>
        <reference href="https://www.isa.org/products/ansi-isa-62443-3-3-99-03-03-2013-security-for-indu">SR 2.8</reference>
        <reference href="https://www.isa.org/products/ansi-isa-62443-3-3-99-03-03-2013-security-for-indu">SR 2.9</reference>
        <reference href="https://www.isa.org/products/ansi-isa-62443-3-3-99-03-03-2013-security-for-indu">SR 6.1</reference>
        <reference href="https://www.isa.org/products/ansi-isa-62443-3-3-99-03-03-2013-security-for-indu">SR 7.1</reference>
        <reference href="https://www.isa.org/products/ansi-isa-62443-3-3-99-03-03-2013-security-for-indu">SR 7.2</reference>
        <reference href="https://www.iso.org/contents/data/standard/05/45/54534.html">A.12.1.3</reference>
        <reference href="https://www.iso.org/contents/data/standard/05/45/54534.html">A.12.4.1</reference>
        <reference href="https://www.iso.org/contents/data/standard/05/45/54534.html">A.12.4.2</reference>
        <reference href="https://www.iso.org/contents/data/standard/05/45/54534.html">A.12.4.3</reference>
        <reference href="https://www.iso.org/contents/data/standard/05/45/54534.html">A.12.4.4</reference>
        <reference href="https://www.iso.org/contents/data/standard/05/45/54534.html">A.12.7.1</reference>
        <reference href="https://www.iso.org/contents/data/standard/05/45/54534.html">A.16.1.4</reference>
        <reference href="https://www.iso.org/contents/data/standard/05/45/54534.html">A.16.1.5</reference>
        <reference href="https://www.iso.org/contents/data/standard/05/45/54534.html">A.16.1.7</reference>
        <reference href="https://www.iso.org/contents/data/standard/05/45/54534.html">A.17.2.1</reference>
        <reference href="http://nvlpubs.nist.gov/nistpubs/SpecialPublications/NIST.SP.800-53r4.pdf">AU-5(b)</reference>
        <reference href="http://nvlpubs.nist.gov/nistpubs/SpecialPublications/NIST.SP.800-53r4.pdf">AU-5(2)</reference>
        <reference href="http://nvlpubs.nist.gov/nistpubs/SpecialPublications/NIST.SP.800-53r4.pdf">AU-5(1)</reference>
        <reference href="http://nvlpubs.nist.gov/nistpubs/SpecialPublications/NIST.SP.800-53r4.pdf">AU-5(4)</reference>
        <reference href="http://nvlpubs.nist.gov/nistpubs/SpecialPublications/NIST.SP.800-53r4.pdf">CM-6(a)</reference>
        <reference href="https://nvlpubs.nist.gov/nistpubs/CSWP/NIST.CSWP.04162018.pdf">DE.AE-3</reference>
        <reference href="https://nvlpubs.nist.gov/nistpubs/CSWP/NIST.CSWP.04162018.pdf">DE.AE-5</reference>
        <reference href="https://nvlpubs.nist.gov/nistpubs/CSWP/NIST.CSWP.04162018.pdf">PR.DS-4</reference>
        <reference href="https://nvlpubs.nist.gov/nistpubs/CSWP/NIST.CSWP.04162018.pdf">PR.PT-1</reference>
        <reference href="https://nvlpubs.nist.gov/nistpubs/CSWP/NIST.CSWP.04162018.pdf">RS.AN-1</reference>
        <reference href="https://nvlpubs.nist.gov/nistpubs/CSWP/NIST.CSWP.04162018.pdf">RS.AN-4</reference>
        <reference href="https://www.pcisecuritystandards.org/documents/PCI_DSS_v3-2-1.pdf">Req-10.7</reference>
        <reference href="https://www.cyber.mil/stigs/downloads/?_dl_facet_stigs=operating-systems%2Cgeneral-purpose-os">SRG-OS-000343-GPOS-00134</reference>
        <reference href="https://www.cisecurity.org/benchmark/suse_linux/">4.1.2.3</reference>
        <reference href="not_publicly_available">SLES-15-750450105</reference>
        <reference href="not_publicly_available">SLES-15-750450120</reference>
        <reference href="https://docs-prv.pcisecuritystandards.org/PCI%20DSS/Standard/PCI-DSS-v4_0.pdf">10.5.1</reference>
        <reference href="https://docs-prv.pcisecuritystandards.org/PCI%20DSS/Standard/PCI-DSS-v4_0.pdf">10.5</reference>
        <rationale xmlns:xhtml="http://www.w3.org/1999/xhtml" xml:lang="en-US">Notifying administrators of an impending disk space problem may
allow them to take corrective action prior to any disruption.</rationale>
        <ident system="https://ncp.nist.gov/cce">CCE-85823-3</ident>
        <fix xmlns:xhtml="http://www.w3.org/1999/xhtml" id="auditd_data_retention_space_left_action" system="urn:xccdf:fix:script:sh"># Remediation is applicable only in certain platforms
if rpm --quiet -q audit &amp;&amp; rpm --quiet -q kernel-default || rpm --quiet -q kernel-default-base; then

var_auditd_space_left_action='<xccdf-1.2:sub xmlns:xccdf-1.2="http://checklists.nist.gov/xccdf/1.2" idref="xccdf_org.ssgproject.content_value_var_auditd_space_left_action" use="legacy"/>'


var_auditd_space_left_action="$(echo $var_auditd_space_left_action | cut -d \| -f 1)"
#
# If space_left_action present in /etc/audit/auditd.conf, change value
# to var_auditd_space_left_action, else
# add "space_left_action = $var_auditd_space_left_action" to /etc/audit/auditd.conf
#

AUDITCONFIG=/etc/audit/auditd.conf

# Strip any search characters in the key arg so that the key can be replaced without
# adding any search characters to the config file.
stripped_key=$(sed 's/[\^=\$,;+]*//g' &lt;&lt;&lt; "^space_left_action")

# shellcheck disable=SC2059
printf -v formatted_output "%s = %s" "$stripped_key" "$var_auditd_space_left_action"

# If the key exists, change it. Otherwise, add it to the config_file.
# We search for the key string followed by a word boundary (matched by \&gt;),
# so if we search for 'setting', 'setting2' won't match.
if LC_ALL=C grep -q -m 1 -i -e "^space_left_action\\&gt;" "$AUDITCONFIG"; then
    escaped_formatted_output=$(sed -e 's|/|\\/|g' &lt;&lt;&lt; "$formatted_output")
    LC_ALL=C sed -i --follow-symlinks "s/^space_left_action\\&gt;.*/$escaped_formatted_output/gi" "$AUDITCONFIG"
else
    if [[ -s "$AUDITCONFIG" ]] &amp;&amp; [[ -n "$(tail -c 1 -- "$AUDITCONFIG" || true)" ]]; then
        LC_ALL=C sed -i --follow-symlinks '$a'\\ "$AUDITCONFIG"
    fi
    cce="CCE-85823-3"
    printf '# Per %s: Set %s in %s\n' "${cce}" "${formatted_output}" "$AUDITCONFIG" &gt;&gt; "$AUDITCONFIG"
    printf '%s\n' "$formatted_output" &gt;&gt; "$AUDITCONFIG"
fi

else
    &gt;&amp;2 echo 'Remediation is not applicable, nothing was done'
fi
</fix>
        <fix xmlns:xhtml="http://www.w3.org/1999/xhtml" id="auditd_data_retention_space_left_action" system="urn:xccdf:fix:script:ansible" complexity="low" disruption="low" strategy="restrict">- name: Gather the package facts
  package_facts:
    manager: auto
  tags:
  - CCE-85823-3
  - CJIS-5.4.1.1
  - NIST-800-171-3.3.1
  - NIST-800-53-AU-5(1)
  - NIST-800-53-AU-5(2)
  - NIST-800-53-AU-5(4)
  - NIST-800-53-AU-5(b)
  - NIST-800-53-CM-6(a)
  - PCI-DSS-Req-10.7
  - PCI-DSSv4-10.5
  - PCI-DSSv4-10.5.1
  - auditd_data_retention_space_left_action
  - low_complexity
  - low_disruption
  - medium_severity
  - no_reboot_needed
  - restrict_strategy
- name: XCCDF Value var_auditd_space_left_action # promote to variable
  set_fact:
    var_auditd_space_left_action: !!str <xccdf-1.2:sub xmlns:xccdf-1.2="http://checklists.nist.gov/xccdf/1.2" idref="xccdf_org.ssgproject.content_value_var_auditd_space_left_action" use="legacy"/>
  tags:
    - always

- name: Configure auditd space_left Action on Low Disk Space
  ansible.builtin.lineinfile:
    dest: /etc/audit/auditd.conf
    line: space_left_action = {{ var_auditd_space_left_action.split('|')[0] }}
    regexp: ^\s*space_left_action\s*=\s*.*$
    state: present
    create: true
  when:
  - '"audit" in ansible_facts.packages'
  - ("kernel-default" in ansible_facts.packages or "kernel-default-base" in ansible_facts.packages)
  tags:
  - CCE-85823-3
  - CJIS-5.4.1.1
  - NIST-800-171-3.3.1
  - NIST-800-53-AU-5(1)
  - NIST-800-53-AU-5(2)
  - NIST-800-53-AU-5(4)
  - NIST-800-53-AU-5(b)
  - NIST-800-53-CM-6(a)
  - PCI-DSS-Req-10.7
  - PCI-DSSv4-10.5
  - PCI-DSSv4-10.5.1
  - auditd_data_retention_space_left_action
  - low_complexity
  - low_disruption
  - medium_severity
  - no_reboot_needed
  - restrict_strategy
</fix>
        <check system="http://oval.mitre.org/XMLSchema/oval-definitions-5">
          <check-export export-name="oval:ssg-var_auditd_space_left_action:var:1" value-id="xccdf_org.ssgproject.content_value_var_auditd_space_left_action"/>
          <check-content-ref name="oval:ssg-auditd_data_retention_space_left_action:def:1" href="ssg-sle15-oval.xml"/>
        </check>
        <check system="http://scap.nist.gov/schema/ocil/2">
          <check-content-ref name="ocil:ssg-auditd_data_retention_space_left_action_ocil:questionnaire:1" href="ssg-sle15-ocil.xml"/>
        </check>
      </Rule>
      <Rule id="xccdf_org.ssgproject.content_rule_auditd_freq" selected="false" role="full" severity="medium">
        <title xmlns:xhtml="http://www.w3.org/1999/xhtml" xml:lang="en-US">Set number of records to cause an explicit flush to audit logs</title>
        <description xmlns:xhtml="http://www.w3.org/1999/xhtml" xml:lang="en-US">To configure Audit daemon to issue an explicit flush to disk command
after writing <xccdf-1.2:sub xmlns:xccdf-1.2="http://checklists.nist.gov/xccdf/1.2" idref="xccdf_org.ssgproject.content_value_var_auditd_freq" use="legacy"/> records, set <html:code xmlns:html="http://www.w3.org/1999/xhtml">freq</html:code> to <html:code xmlns:html="http://www.w3.org/1999/xhtml" xmlns:xccdf-1.2="http://checklists.nist.gov/xccdf/1.2"><xccdf-1.2:sub idref="xccdf_org.ssgproject.content_value_var_auditd_freq" use="legacy"/></html:code>
in <html:code xmlns:html="http://www.w3.org/1999/xhtml">/etc/audit/auditd.conf</html:code>.</description>
        <reference href="http://nvlpubs.nist.gov/nistpubs/SpecialPublications/NIST.SP.800-53r4.pdf">CM-6</reference>
        <reference href="https://www.niap-ccevs.org/Profile/PP.cfm">FAU_GEN.1</reference>
        <reference href="https://www.cyber.mil/stigs/downloads/?_dl_facet_stigs=operating-systems%2Cgeneral-purpose-os">SRG-OS-000051-GPOS-00024</reference>
        <reference href="https://www.cyber.gov.au/acsc/view-all-content/ism">0582</reference>
        <rationale xmlns:xhtml="http://www.w3.org/1999/xhtml" xml:lang="en-US">If option <html:code xmlns:html="http://www.w3.org/1999/xhtml">freq</html:code> isn't set to <html:code xmlns:html="http://www.w3.org/1999/xhtml" xmlns:xccdf-1.2="http://checklists.nist.gov/xccdf/1.2"><xccdf-1.2:sub idref="xccdf_org.ssgproject.content_value_var_auditd_freq" use="legacy"/></html:code>, the flush to disk
may happen after higher number of records, increasing the danger
of audit loss.</rationale>
        <fix xmlns:xhtml="http://www.w3.org/1999/xhtml" id="auditd_freq" system="urn:xccdf:fix:script:sh" complexity="low" disruption="low" strategy="restrict"># Remediation is applicable only in certain platforms
if rpm --quiet -q audit &amp;&amp; rpm --quiet -q kernel-default || rpm --quiet -q kernel-default-base; then

var_auditd_freq='<xccdf-1.2:sub xmlns:xccdf-1.2="http://checklists.nist.gov/xccdf/1.2" idref="xccdf_org.ssgproject.content_value_var_auditd_freq" use="legacy"/>'



if [ -e "/etc/audit/auditd.conf" ] ; then
    
    LC_ALL=C sed -i "/^\s*freq\s*=\s*/Id" "/etc/audit/auditd.conf"
else
    touch "/etc/audit/auditd.conf"
fi
# make sure file has newline at the end
sed -i -e '$a\' "/etc/audit/auditd.conf"

cp "/etc/audit/auditd.conf" "/etc/audit/auditd.conf.bak"
# Insert at the end of the file
printf '%s\n' "freq = $var_auditd_freq" &gt;&gt; "/etc/audit/auditd.conf"
# Clean up after ourselves.
rm "/etc/audit/auditd.conf.bak"

else
    &gt;&amp;2 echo 'Remediation is not applicable, nothing was done'
fi
</fix>
        <fix xmlns:xhtml="http://www.w3.org/1999/xhtml" id="auditd_freq" system="urn:xccdf:fix:script:ansible" complexity="low" disruption="low" strategy="restrict">- name: Gather the package facts
  package_facts:
    manager: auto
  tags:
  - NIST-800-53-CM-6
  - auditd_freq
  - low_complexity
  - low_disruption
  - medium_severity
  - no_reboot_needed
  - restrict_strategy
- name: XCCDF Value var_auditd_freq # promote to variable
  set_fact:
    var_auditd_freq: !!str <xccdf-1.2:sub xmlns:xccdf-1.2="http://checklists.nist.gov/xccdf/1.2" idref="xccdf_org.ssgproject.content_value_var_auditd_freq" use="legacy"/>
  tags:
    - always

- name: Set number of records to cause an explicit flush to audit logs
  block:

  - name: Check for duplicate values
    ansible.builtin.lineinfile:
      path: /etc/audit/auditd.conf
      create: true
      regexp: (?i)(?i)^\s*freq\s*=\s*
      state: absent
    check_mode: true
    changed_when: false
    register: dupes

  - name: Deduplicate values from /etc/audit/auditd.conf
    ansible.builtin.lineinfile:
      path: /etc/audit/auditd.conf
      create: true
      regexp: (?i)(?i)^\s*freq\s*=\s*
      state: absent
    when: dupes.found is defined and dupes.found &gt; 1

  - name: Insert correct line to /etc/audit/auditd.conf
    ansible.builtin.lineinfile:
      path: /etc/audit/auditd.conf
      create: true
      regexp: (?i)(?i)^\s*freq\s*=\s*
      line: freq = {{ var_auditd_freq }}
      state: present
  when:
  - '"audit" in ansible_facts.packages'
  - ("kernel-default" in ansible_facts.packages or "kernel-default-base" in ansible_facts.packages)
  tags:
  - NIST-800-53-CM-6
  - auditd_freq
  - low_complexity
  - low_disruption
  - medium_severity
  - no_reboot_needed
  - restrict_strategy
</fix>
        <check system="http://oval.mitre.org/XMLSchema/oval-definitions-5">
          <check-export export-name="oval:ssg-var_auditd_freq:var:1" value-id="xccdf_org.ssgproject.content_value_var_auditd_freq"/>
          <check-content-ref name="oval:ssg-auditd_freq:def:1" href="ssg-sle15-oval.xml"/>
        </check>
        <check system="http://scap.nist.gov/schema/ocil/2">
          <check-content-ref name="ocil:ssg-auditd_freq_ocil:questionnaire:1" href="ssg-sle15-ocil.xml"/>
        </check>
      </Rule>
      <Rule id="xccdf_org.ssgproject.content_rule_auditd_local_events" selected="false" role="full" severity="medium">
        <title xmlns:xhtml="http://www.w3.org/1999/xhtml" xml:lang="en-US">Include Local Events in Audit Logs</title>
        <description xmlns:xhtml="http://www.w3.org/1999/xhtml" xml:lang="en-US">To configure Audit daemon to include local events in Audit logs, set
<html:code xmlns:html="http://www.w3.org/1999/xhtml">local_events</html:code> to <html:code xmlns:html="http://www.w3.org/1999/xhtml">yes</html:code> in <html:code xmlns:html="http://www.w3.org/1999/xhtml">/etc/audit/auditd.conf</html:code>.
This is the default setting.</description>
        <reference href="http://nvlpubs.nist.gov/nistpubs/SpecialPublications/NIST.SP.800-53r4.pdf">CM-6</reference>
        <reference href="https://www.cyber.mil/stigs/downloads/?_dl_facet_stigs=operating-systems%2Cgeneral-purpose-os">SRG-OS-000062-GPOS-00031</reference>
        <reference href="https://www.cyber.mil/stigs/downloads/?_dl_facet_stigs=operating-systems%2Cgeneral-purpose-os">SRG-OS-000480-GPOS-00227</reference>
        <reference href="https://www.cyber.gov.au/acsc/view-all-content/ism">0582</reference>
        <rationale xmlns:xhtml="http://www.w3.org/1999/xhtml" xml:lang="en-US">If option <html:code xmlns:html="http://www.w3.org/1999/xhtml">local_events</html:code> isn't set to <html:code xmlns:html="http://www.w3.org/1999/xhtml">yes</html:code> only events from
network will be aggregated.</rationale>
        <fix xmlns:xhtml="http://www.w3.org/1999/xhtml" id="auditd_local_events" system="urn:xccdf:fix:script:sh" complexity="low" disruption="low" strategy="restrict"># Remediation is applicable only in certain platforms
if rpm --quiet -q audit &amp;&amp; rpm --quiet -q kernel-default || rpm --quiet -q kernel-default-base; then

if [ -e "/etc/audit/auditd.conf" ] ; then
    
    LC_ALL=C sed -i "/^\s*local_events\s*=\s*/Id" "/etc/audit/auditd.conf"
else
    touch "/etc/audit/auditd.conf"
fi
# make sure file has newline at the end
sed -i -e '$a\' "/etc/audit/auditd.conf"

cp "/etc/audit/auditd.conf" "/etc/audit/auditd.conf.bak"
# Insert at the end of the file
printf '%s\n' "local_events = yes" &gt;&gt; "/etc/audit/auditd.conf"
# Clean up after ourselves.
rm "/etc/audit/auditd.conf.bak"

else
    &gt;&amp;2 echo 'Remediation is not applicable, nothing was done'
fi
</fix>
        <fix xmlns:xhtml="http://www.w3.org/1999/xhtml" id="auditd_local_events" system="urn:xccdf:fix:script:ansible" complexity="low" disruption="low" strategy="restrict">- name: Gather the package facts
  package_facts:
    manager: auto
  tags:
  - NIST-800-53-CM-6
  - auditd_local_events
  - low_complexity
  - low_disruption
  - medium_severity
  - no_reboot_needed
  - restrict_strategy

- name: Include Local Events in Audit Logs
  block:

  - name: Check for duplicate values
    ansible.builtin.lineinfile:
      path: /etc/audit/auditd.conf
      create: true
      regexp: (?i)(?i)^\s*local_events\s*=\s*
      state: absent
    check_mode: true
    changed_when: false
    register: dupes

  - name: Deduplicate values from /etc/audit/auditd.conf
    ansible.builtin.lineinfile:
      path: /etc/audit/auditd.conf
      create: true
      regexp: (?i)(?i)^\s*local_events\s*=\s*
      state: absent
    when: dupes.found is defined and dupes.found &gt; 1

  - name: Insert correct line to /etc/audit/auditd.conf
    ansible.builtin.lineinfile:
      path: /etc/audit/auditd.conf
      create: true
      regexp: (?i)(?i)^\s*local_events\s*=\s*
      line: local_events = yes
      state: present
  when:
  - '"audit" in ansible_facts.packages'
  - ("kernel-default" in ansible_facts.packages or "kernel-default-base" in ansible_facts.packages)
  tags:
  - NIST-800-53-CM-6
  - auditd_local_events
  - low_complexity
  - low_disruption
  - medium_severity
  - no_reboot_needed
  - restrict_strategy
</fix>
        <check system="http://oval.mitre.org/XMLSchema/oval-definitions-5">
          <check-content-ref name="oval:ssg-auditd_local_events:def:1" href="ssg-sle15-oval.xml"/>
        </check>
        <check system="http://scap.nist.gov/schema/ocil/2">
          <check-content-ref name="ocil:ssg-auditd_local_events_ocil:questionnaire:1" href="ssg-sle15-ocil.xml"/>
        </check>
      </Rule>
      <Rule id="xccdf_org.ssgproject.content_rule_auditd_log_format" selected="false" role="full" severity="low">
        <title xmlns:xhtml="http://www.w3.org/1999/xhtml" xml:lang="en-US">Resolve information before writing to audit logs</title>
        <description xmlns:xhtml="http://www.w3.org/1999/xhtml" xml:lang="en-US">To configure Audit daemon to resolve all uid, gid, syscall,
architecture, and socket address information before writing the
events to disk, set <html:code xmlns:html="http://www.w3.org/1999/xhtml">log_format</html:code> to <html:code xmlns:html="http://www.w3.org/1999/xhtml">ENRICHED</html:code>
in <html:code xmlns:html="http://www.w3.org/1999/xhtml">/etc/audit/auditd.conf</html:code>.</description>
        <reference href="http://nvlpubs.nist.gov/nistpubs/SpecialPublications/NIST.SP.800-53r4.pdf">CM-6</reference>
        <reference href="http://nvlpubs.nist.gov/nistpubs/SpecialPublications/NIST.SP.800-53r4.pdf">AU-3</reference>
        <reference href="https://www.niap-ccevs.org/Profile/PP.cfm">FAU_GEN.1.2</reference>
        <reference href="https://www.cyber.mil/stigs/downloads/?_dl_facet_stigs=operating-systems%2Cgeneral-purpose-os">SRG-OS-000255-GPOS-00096</reference>
        <reference href="https://www.cyber.mil/stigs/downloads/?_dl_facet_stigs=operating-systems%2Cgeneral-purpose-os">SRG-OS-000480-GPOS-00227</reference>
        <reference href="https://www.cyber.mil/stigs/downloads/?_dl_facet_stigs=app-security">SRG-APP-000096-CTR-000175</reference>
        <reference href="https://www.cyber.mil/stigs/downloads/?_dl_facet_stigs=app-security">SRG-APP-000097-CTR-000180</reference>
        <reference href="https://www.cyber.mil/stigs/downloads/?_dl_facet_stigs=app-security">SRG-APP-000098-CTR-000185</reference>
        <reference href="https://www.cyber.mil/stigs/downloads/?_dl_facet_stigs=app-security">SRG-APP-000099-CTR-000190</reference>
        <reference href="https://www.cyber.mil/stigs/downloads/?_dl_facet_stigs=app-security">SRG-APP-000100-CTR-000195</reference>
        <reference href="https://www.cyber.mil/stigs/downloads/?_dl_facet_stigs=app-security">SRG-APP-000100-CTR-000200</reference>
        <reference href="https://www.cyber.mil/stigs/downloads/?_dl_facet_stigs=app-security">SRG-APP-000109-CTR-000215</reference>
        <reference href="https://www.cyber.mil/stigs/downloads/?_dl_facet_stigs=app-security">SRG-APP-000290-CTR-000670</reference>
        <reference href="https://www.cyber.mil/stigs/downloads/?_dl_facet_stigs=app-security">SRG-APP-000357-CTR-000800</reference>
        <reference href="https://www.cyber.gov.au/acsc/view-all-content/ism">0582</reference>
        <rationale xmlns:xhtml="http://www.w3.org/1999/xhtml" xml:lang="en-US">If option <html:code xmlns:html="http://www.w3.org/1999/xhtml">log_format</html:code> isn't set to <html:code xmlns:html="http://www.w3.org/1999/xhtml">ENRICHED</html:code>, the
audit records will be stored in a format exactly as the kernel sends them.</rationale>
        <fix xmlns:xhtml="http://www.w3.org/1999/xhtml" id="auditd_log_format" system="urn:xccdf:fix:script:sh" complexity="low" disruption="low" strategy="restrict"># Remediation is applicable only in certain platforms
if rpm --quiet -q audit &amp;&amp; rpm --quiet -q kernel-default || rpm --quiet -q kernel-default-base; then

if [ -e "/etc/audit/auditd.conf" ] ; then
    
    LC_ALL=C sed -i "/^\s*log_format\s*=\s*/Id" "/etc/audit/auditd.conf"
else
    touch "/etc/audit/auditd.conf"
fi
# make sure file has newline at the end
sed -i -e '$a\' "/etc/audit/auditd.conf"

cp "/etc/audit/auditd.conf" "/etc/audit/auditd.conf.bak"
# Insert at the end of the file
printf '%s\n' "log_format = ENRICHED" &gt;&gt; "/etc/audit/auditd.conf"
# Clean up after ourselves.
rm "/etc/audit/auditd.conf.bak"

else
    &gt;&amp;2 echo 'Remediation is not applicable, nothing was done'
fi
</fix>
        <fix xmlns:xhtml="http://www.w3.org/1999/xhtml" id="auditd_log_format" system="urn:xccdf:fix:script:ansible" complexity="low" disruption="low" strategy="restrict">- name: Gather the package facts
  package_facts:
    manager: auto
  tags:
  - NIST-800-53-AU-3
  - NIST-800-53-CM-6
  - auditd_log_format
  - low_complexity
  - low_disruption
  - low_severity
  - no_reboot_needed
  - restrict_strategy

- name: Resolve information before writing to audit logs
  block:

  - name: Check for duplicate values
    ansible.builtin.lineinfile:
      path: /etc/audit/auditd.conf
      create: true
      regexp: (?i)(?i)^\s*log_format\s*=\s*
      state: absent
    check_mode: true
    changed_when: false
    register: dupes

  - name: Deduplicate values from /etc/audit/auditd.conf
    ansible.builtin.lineinfile:
      path: /etc/audit/auditd.conf
      create: true
      regexp: (?i)(?i)^\s*log_format\s*=\s*
      state: absent
    when: dupes.found is defined and dupes.found &gt; 1

  - name: Insert correct line to /etc/audit/auditd.conf
    ansible.builtin.lineinfile:
      path: /etc/audit/auditd.conf
      create: true
      regexp: (?i)(?i)^\s*log_format\s*=\s*
      line: log_format = ENRICHED
      state: present
  when:
  - '"audit" in ansible_facts.packages'
  - ("kernel-default" in ansible_facts.packages or "kernel-default-base" in ansible_facts.packages)
  tags:
  - NIST-800-53-AU-3
  - NIST-800-53-CM-6
  - auditd_log_format
  - low_complexity
  - low_disruption
  - low_severity
  - no_reboot_needed
  - restrict_strategy
</fix>
        <check system="http://oval.mitre.org/XMLSchema/oval-definitions-5">
          <check-content-ref name="oval:ssg-auditd_log_format:def:1" href="ssg-sle15-oval.xml"/>
        </check>
        <check system="http://scap.nist.gov/schema/ocil/2">
          <check-content-ref name="ocil:ssg-auditd_log_format_ocil:questionnaire:1" href="ssg-sle15-ocil.xml"/>
        </check>
      </Rule>
      <Rule id="xccdf_org.ssgproject.content_rule_auditd_overflow_action" selected="false" role="full" severity="medium">
        <title xmlns:xhtml="http://www.w3.org/1999/xhtml" xml:lang="en-US">Appropriate Action Must be Setup When the Internal Audit Event Queue is Full</title>
        <description xmlns:xhtml="http://www.w3.org/1999/xhtml" xml:lang="en-US">The audit system should have an action setup in the event the internal event queue becomes full.
To setup an overflow action edit <html:code xmlns:html="http://www.w3.org/1999/xhtml">/etc/audit/auditd.conf</html:code>. Set <html:code xmlns:html="http://www.w3.org/1999/xhtml">overflow_action</html:code>
to one of the following values: <html:code xmlns:html="http://www.w3.org/1999/xhtml">syslog</html:code>, <html:code xmlns:html="http://www.w3.org/1999/xhtml">single</html:code>, <html:code xmlns:html="http://www.w3.org/1999/xhtml">halt</html:code>.</description>
        <reference href="http://nvlpubs.nist.gov/nistpubs/SpecialPublications/NIST.SP.800-53r4.pdf">AU-4(1)</reference>
        <reference href="https://www.cyber.mil/stigs/downloads/?_dl_facet_stigs=operating-systems%2Cgeneral-purpose-os">SRG-OS-000342-GPOS-00133</reference>
        <reference href="https://www.cyber.mil/stigs/downloads/?_dl_facet_stigs=operating-systems%2Cgeneral-purpose-os">SRG-OS-000479-GPOS-00224</reference>
        <rationale xmlns:xhtml="http://www.w3.org/1999/xhtml" xml:lang="en-US">The audit system should have an action setup in the event the internal event queue becomes full
so that no data is lost.</rationale>
        <check system="http://oval.mitre.org/XMLSchema/oval-definitions-5">
          <check-content-ref name="oval:ssg-auditd_overflow_action:def:1" href="ssg-sle15-oval.xml"/>
        </check>
        <check system="http://scap.nist.gov/schema/ocil/2">
          <check-content-ref name="ocil:ssg-auditd_overflow_action_ocil:questionnaire:1" href="ssg-sle15-ocil.xml"/>
        </check>
      </Rule>
      <Rule id="xccdf_org.ssgproject.content_rule_auditd_write_logs" selected="false" role="full" severity="medium">
        <title xmlns:xhtml="http://www.w3.org/1999/xhtml" xml:lang="en-US">Write Audit Logs to the Disk</title>
        <description xmlns:xhtml="http://www.w3.org/1999/xhtml" xml:lang="en-US">To configure Audit daemon to write Audit logs to the disk, set
<html:code xmlns:html="http://www.w3.org/1999/xhtml">write_logs</html:code> to <html:code xmlns:html="http://www.w3.org/1999/xhtml">yes</html:code> in <html:code xmlns:html="http://www.w3.org/1999/xhtml">/etc/audit/auditd.conf</html:code>.
This is the default setting.</description>
        <reference href="http://nvlpubs.nist.gov/nistpubs/SpecialPublications/NIST.SP.800-53r4.pdf">CM-6</reference>
        <reference href="https://www.cyber.mil/stigs/downloads/?_dl_facet_stigs=operating-systems%2Cgeneral-purpose-os">SRG-OS-000480-GPOS-00227</reference>
        <reference href="https://www.cyber.gov.au/acsc/view-all-content/ism">0582</reference>
        <rationale xmlns:xhtml="http://www.w3.org/1999/xhtml" xml:lang="en-US">If <html:code xmlns:html="http://www.w3.org/1999/xhtml">write_logs</html:code> isn't set to <html:code xmlns:html="http://www.w3.org/1999/xhtml">yes</html:code>, the Audit logs will
not be written to the disk.</rationale>
        <fix xmlns:xhtml="http://www.w3.org/1999/xhtml" id="auditd_write_logs" system="urn:xccdf:fix:script:sh" complexity="low" disruption="low" strategy="restrict"># Remediation is applicable only in certain platforms
if rpm --quiet -q audit &amp;&amp; rpm --quiet -q kernel-default || rpm --quiet -q kernel-default-base; then

if [ -e "/etc/audit/auditd.conf" ] ; then
    
    LC_ALL=C sed -i "/^\s*write_logs\s*=\s*/Id" "/etc/audit/auditd.conf"
else
    touch "/etc/audit/auditd.conf"
fi
# make sure file has newline at the end
sed -i -e '$a\' "/etc/audit/auditd.conf"

cp "/etc/audit/auditd.conf" "/etc/audit/auditd.conf.bak"
# Insert at the end of the file
printf '%s\n' "write_logs = yes" &gt;&gt; "/etc/audit/auditd.conf"
# Clean up after ourselves.
rm "/etc/audit/auditd.conf.bak"

else
    &gt;&amp;2 echo 'Remediation is not applicable, nothing was done'
fi
</fix>
        <fix xmlns:xhtml="http://www.w3.org/1999/xhtml" id="auditd_write_logs" system="urn:xccdf:fix:script:ansible" complexity="low" disruption="low" strategy="restrict">- name: Gather the package facts
  package_facts:
    manager: auto
  tags:
  - NIST-800-53-CM-6
  - auditd_write_logs
  - low_complexity
  - low_disruption
  - medium_severity
  - no_reboot_needed
  - restrict_strategy

- name: Write Audit Logs to the Disk
  block:

  - name: Check for duplicate values
    ansible.builtin.lineinfile:
      path: /etc/audit/auditd.conf
      create: true
      regexp: (?i)(?i)^\s*write_logs\s*=\s*
      state: absent
    check_mode: true
    changed_when: false
    register: dupes

  - name: Deduplicate values from /etc/audit/auditd.conf
    ansible.builtin.lineinfile:
      path: /etc/audit/auditd.conf
      create: true
      regexp: (?i)(?i)^\s*write_logs\s*=\s*
      state: absent
    when: dupes.found is defined and dupes.found &gt; 1

  - name: Insert correct line to /etc/audit/auditd.conf
    ansible.builtin.lineinfile:
      path: /etc/audit/auditd.conf
      create: true
      regexp: (?i)(?i)^\s*write_logs\s*=\s*
      line: write_logs = yes
      state: present
  when:
  - '"audit" in ansible_facts.packages'
  - ("kernel-default" in ansible_facts.packages or "kernel-default-base" in ansible_facts.packages)
  tags:
  - NIST-800-53-CM-6
  - auditd_write_logs
  - low_complexity
  - low_disruption
  - medium_severity
  - no_reboot_needed
  - restrict_strategy
</fix>
        <check system="http://oval.mitre.org/XMLSchema/oval-definitions-5">
          <check-content-ref name="oval:ssg-auditd_write_logs:def:1" href="ssg-sle15-oval.xml"/>
        </check>
        <check system="http://scap.nist.gov/schema/ocil/2">
          <check-content-ref name="ocil:ssg-auditd_write_logs_ocil:questionnaire:1" href="ssg-sle15-ocil.xml"/>
        </check>
      </Rule>
    </Group>
    <Group id="xccdf_org.ssgproject.content_group_file_permissions_auditd">
      <title xmlns:xhtml="http://www.w3.org/1999/xhtml" xml:lang="en-US">System Accounting with auditd</title>
      <description xmlns:xhtml="http://www.w3.org/1999/xhtml" xml:lang="en-US">The audit service provides substantial capabilities
for recording system activities. This section
deals with permissions of auditd related files.</description>
      <Rule id="xccdf_org.ssgproject.content_rule_file_groupownership_audit_binaries" selected="false" role="full" severity="medium">
        <title xmlns:xhtml="http://www.w3.org/1999/xhtml" xml:lang="en-US">Verify that audit tools are owned by group root</title>
        <description xmlns:xhtml="http://www.w3.org/1999/xhtml" xml:lang="en-US">The SUSE Linux Enterprise 15 operating system audit tools must have the proper
ownership configured to protected against unauthorized access.

Verify it by running the following command:
<html:pre xmlns:html="http://www.w3.org/1999/xhtml">$ stat -c "%n %G" /usr/sbin/auditctl /usr/sbin/aureport /usr/sbin/ausearch /usr/sbin/autrace /usr/sbin/auditd /usr/sbin/augenrules /usr/sbin/audisp-syslog

/usr/sbin/auditctl root

/usr/sbin/aureport root

/usr/sbin/ausearch root

/usr/sbin/autrace root

/usr/sbin/auditd root

/usr/sbin/augenrules root

/usr/sbin/audisp-syslog root

</html:pre>

Audit tools needed to successfully view and manipulate audit information
system activity and records. Audit tools include custom queries and report
generators</description>
        <reference href="https://www.cyber.mil/stigs/downloads/?_dl_facet_stigs=operating-systems%2Cgeneral-purpose-os">SRG-OS-000256-GPOS-00097</reference>
        <reference href="https://www.cyber.mil/stigs/downloads/?_dl_facet_stigs=operating-systems%2Cgeneral-purpose-os">SRG-OS-000257-GPOS-00098</reference>
        <reference href="not_publicly_available">SLES-15-750450675</reference>
        <rationale xmlns:xhtml="http://www.w3.org/1999/xhtml" xml:lang="en-US">Protecting audit information also includes identifying and protecting the
tools used to view and manipulate log data. Therefore, protecting audit
tools is necessary to prevent unauthorized operation on audit information.

Operating systems providing tools to interface with audit information
will leverage user permissions and roles identifying the user accessing the
tools and the corresponding rights the user enjoys to make access decisions
regarding the access to audit tools.</rationale>
        <ident system="https://ncp.nist.gov/cce">CCE-92543-8</ident>
        <fix xmlns:xhtml="http://www.w3.org/1999/xhtml" id="file_groupownership_audit_binaries" system="urn:xccdf:fix:script:sh" complexity="low" disruption="low" strategy="configure"># Remediation is applicable only in certain platforms
if rpm --quiet -q kernel-default || rpm --quiet -q kernel-default-base; then

newgroup=""
if getent group "0" &gt;/dev/null 2&gt;&amp;1; then
  newgroup="0"
fi

if [[ -z "${newgroup}" ]]; then
  &gt;&amp;2 echo "0 is not a defined group on the system"
else
if ! stat -c "%g %G" "/usr/sbin/auditctl" | grep -E -w -q "0"; then
    chgrp --no-dereference "$newgroup" /usr/sbin/auditctl
fi
if ! stat -c "%g %G" "/usr/sbin/aureport" | grep -E -w -q "0"; then
    chgrp --no-dereference "$newgroup" /usr/sbin/aureport
fi
if ! stat -c "%g %G" "/usr/sbin/ausearch" | grep -E -w -q "0"; then
    chgrp --no-dereference "$newgroup" /usr/sbin/ausearch
fi
if ! stat -c "%g %G" "/usr/sbin/autrace" | grep -E -w -q "0"; then
    chgrp --no-dereference "$newgroup" /usr/sbin/autrace
fi
if ! stat -c "%g %G" "/usr/sbin/auditd" | grep -E -w -q "0"; then
    chgrp --no-dereference "$newgroup" /usr/sbin/auditd
fi
if ! stat -c "%g %G" "/usr/sbin/augenrules" | grep -E -w -q "0"; then
    chgrp --no-dereference "$newgroup" /usr/sbin/augenrules
fi
if ! stat -c "%g %G" "/usr/sbin/audisp-syslog" | grep -E -w -q "0"; then
    chgrp --no-dereference "$newgroup" /usr/sbin/audisp-syslog
fi

fi

else
    &gt;&amp;2 echo 'Remediation is not applicable, nothing was done'
fi
</fix>
        <fix xmlns:xhtml="http://www.w3.org/1999/xhtml" id="file_groupownership_audit_binaries" system="urn:xccdf:fix:script:ansible" complexity="low" disruption="low" strategy="configure">- name: Gather the package facts
  package_facts:
    manager: auto
  tags:
  - CCE-92543-8
  - configure_strategy
  - file_groupownership_audit_binaries
  - low_complexity
  - low_disruption
  - medium_severity
  - no_reboot_needed

- name: Set the file_groupownership_audit_binaries_newgroup variable if represented
    by gid
  ansible.builtin.set_fact:
    file_groupownership_audit_binaries_newgroup: '0'
  when: ("kernel-default" in ansible_facts.packages or "kernel-default-base" in ansible_facts.packages)
  tags:
  - CCE-92543-8
  - configure_strategy
  - file_groupownership_audit_binaries
  - low_complexity
  - low_disruption
  - medium_severity
  - no_reboot_needed

- name: Test for existence /usr/sbin/auditctl
  ansible.builtin.stat:
    path: /usr/sbin/auditctl
  register: file_exists
  when: ("kernel-default" in ansible_facts.packages or "kernel-default-base" in ansible_facts.packages)
  tags:
  - CCE-92543-8
  - configure_strategy
  - file_groupownership_audit_binaries
  - low_complexity
  - low_disruption
  - medium_severity
  - no_reboot_needed

- name: Ensure group owner on /usr/sbin/auditctl
  ansible.builtin.file:
    path: /usr/sbin/auditctl
    follow: false
    group: '{{ file_groupownership_audit_binaries_newgroup }}'
  when:
  - ("kernel-default" in ansible_facts.packages or "kernel-default-base" in ansible_facts.packages)
  - file_exists.stat is defined and file_exists.stat.exists
  tags:
  - CCE-92543-8
  - configure_strategy
  - file_groupownership_audit_binaries
  - low_complexity
  - low_disruption
  - medium_severity
  - no_reboot_needed

- name: Test for existence /usr/sbin/aureport
  ansible.builtin.stat:
    path: /usr/sbin/aureport
  register: file_exists
  when: ("kernel-default" in ansible_facts.packages or "kernel-default-base" in ansible_facts.packages)
  tags:
  - CCE-92543-8
  - configure_strategy
  - file_groupownership_audit_binaries
  - low_complexity
  - low_disruption
  - medium_severity
  - no_reboot_needed

- name: Ensure group owner on /usr/sbin/aureport
  ansible.builtin.file:
    path: /usr/sbin/aureport
    follow: false
    group: '{{ file_groupownership_audit_binaries_newgroup }}'
  when:
  - ("kernel-default" in ansible_facts.packages or "kernel-default-base" in ansible_facts.packages)
  - file_exists.stat is defined and file_exists.stat.exists
  tags:
  - CCE-92543-8
  - configure_strategy
  - file_groupownership_audit_binaries
  - low_complexity
  - low_disruption
  - medium_severity
  - no_reboot_needed

- name: Test for existence /usr/sbin/ausearch
  ansible.builtin.stat:
    path: /usr/sbin/ausearch
  register: file_exists
  when: ("kernel-default" in ansible_facts.packages or "kernel-default-base" in ansible_facts.packages)
  tags:
  - CCE-92543-8
  - configure_strategy
  - file_groupownership_audit_binaries
  - low_complexity
  - low_disruption
  - medium_severity
  - no_reboot_needed

- name: Ensure group owner on /usr/sbin/ausearch
  ansible.builtin.file:
    path: /usr/sbin/ausearch
    follow: false
    group: '{{ file_groupownership_audit_binaries_newgroup }}'
  when:
  - ("kernel-default" in ansible_facts.packages or "kernel-default-base" in ansible_facts.packages)
  - file_exists.stat is defined and file_exists.stat.exists
  tags:
  - CCE-92543-8
  - configure_strategy
  - file_groupownership_audit_binaries
  - low_complexity
  - low_disruption
  - medium_severity
  - no_reboot_needed

- name: Test for existence /usr/sbin/autrace
  ansible.builtin.stat:
    path: /usr/sbin/autrace
  register: file_exists
  when: ("kernel-default" in ansible_facts.packages or "kernel-default-base" in ansible_facts.packages)
  tags:
  - CCE-92543-8
  - configure_strategy
  - file_groupownership_audit_binaries
  - low_complexity
  - low_disruption
  - medium_severity
  - no_reboot_needed

- name: Ensure group owner on /usr/sbin/autrace
  ansible.builtin.file:
    path: /usr/sbin/autrace
    follow: false
    group: '{{ file_groupownership_audit_binaries_newgroup }}'
  when:
  - ("kernel-default" in ansible_facts.packages or "kernel-default-base" in ansible_facts.packages)
  - file_exists.stat is defined and file_exists.stat.exists
  tags:
  - CCE-92543-8
  - configure_strategy
  - file_groupownership_audit_binaries
  - low_complexity
  - low_disruption
  - medium_severity
  - no_reboot_needed

- name: Test for existence /usr/sbin/auditd
  ansible.builtin.stat:
    path: /usr/sbin/auditd
  register: file_exists
  when: ("kernel-default" in ansible_facts.packages or "kernel-default-base" in ansible_facts.packages)
  tags:
  - CCE-92543-8
  - configure_strategy
  - file_groupownership_audit_binaries
  - low_complexity
  - low_disruption
  - medium_severity
  - no_reboot_needed

- name: Ensure group owner on /usr/sbin/auditd
  ansible.builtin.file:
    path: /usr/sbin/auditd
    follow: false
    group: '{{ file_groupownership_audit_binaries_newgroup }}'
  when:
  - ("kernel-default" in ansible_facts.packages or "kernel-default-base" in ansible_facts.packages)
  - file_exists.stat is defined and file_exists.stat.exists
  tags:
  - CCE-92543-8
  - configure_strategy
  - file_groupownership_audit_binaries
  - low_complexity
  - low_disruption
  - medium_severity
  - no_reboot_needed

- name: Test for existence /usr/sbin/augenrules
  ansible.builtin.stat:
    path: /usr/sbin/augenrules
  register: file_exists
  when: ("kernel-default" in ansible_facts.packages or "kernel-default-base" in ansible_facts.packages)
  tags:
  - CCE-92543-8
  - configure_strategy
  - file_groupownership_audit_binaries
  - low_complexity
  - low_disruption
  - medium_severity
  - no_reboot_needed

- name: Ensure group owner on /usr/sbin/augenrules
  ansible.builtin.file:
    path: /usr/sbin/augenrules
    follow: false
    group: '{{ file_groupownership_audit_binaries_newgroup }}'
  when:
  - ("kernel-default" in ansible_facts.packages or "kernel-default-base" in ansible_facts.packages)
  - file_exists.stat is defined and file_exists.stat.exists
  tags:
  - CCE-92543-8
  - configure_strategy
  - file_groupownership_audit_binaries
  - low_complexity
  - low_disruption
  - medium_severity
  - no_reboot_needed

- name: Test for existence /usr/sbin/audisp-syslog
  ansible.builtin.stat:
    path: /usr/sbin/audisp-syslog
  register: file_exists
  when: ("kernel-default" in ansible_facts.packages or "kernel-default-base" in ansible_facts.packages)
  tags:
  - CCE-92543-8
  - configure_strategy
  - file_groupownership_audit_binaries
  - low_complexity
  - low_disruption
  - medium_severity
  - no_reboot_needed

- name: Ensure group owner on /usr/sbin/audisp-syslog
  ansible.builtin.file:
    path: /usr/sbin/audisp-syslog
    follow: false
    group: '{{ file_groupownership_audit_binaries_newgroup }}'
  when:
  - ("kernel-default" in ansible_facts.packages or "kernel-default-base" in ansible_facts.packages)
  - file_exists.stat is defined and file_exists.stat.exists
  tags:
  - CCE-92543-8
  - configure_strategy
  - file_groupownership_audit_binaries
  - low_complexity
  - low_disruption
  - medium_severity
  - no_reboot_needed
</fix>
        <check system="http://oval.mitre.org/XMLSchema/oval-definitions-5">
          <check-content-ref name="oval:ssg-file_groupownership_audit_binaries:def:1" href="ssg-sle15-oval.xml"/>
        </check>
        <check system="http://scap.nist.gov/schema/ocil/2">
          <check-content-ref name="ocil:ssg-file_groupownership_audit_binaries_ocil:questionnaire:1" href="ssg-sle15-ocil.xml"/>
        </check>
      </Rule>
      <Rule id="xccdf_org.ssgproject.content_rule_file_ownership_audit_binaries" selected="false" role="full" severity="medium">
        <title xmlns:xhtml="http://www.w3.org/1999/xhtml" xml:lang="en-US">Verify that audit tools are owned by root</title>
        <description xmlns:xhtml="http://www.w3.org/1999/xhtml" xml:lang="en-US">The SUSE Linux Enterprise 15 operating system audit tools must have the proper
ownership configured to protected against unauthorized access.

Verify it by running the following command:
<html:pre xmlns:html="http://www.w3.org/1999/xhtml">$ stat -c "%n %U" /usr/sbin/auditctl /usr/sbin/aureport /usr/sbin/ausearch /usr/sbin/autrace /usr/sbin/auditd /usr/sbin/augenrules /usr/sbin/audisp-syslog

/usr/sbin/auditctl root

/usr/sbin/aureport root

/usr/sbin/ausearch root

/usr/sbin/autrace root

/usr/sbin/auditd root

/usr/sbin/augenrules root

/usr/sbin/audisp-syslog root

</html:pre>

Audit tools needed to successfully view and manipulate audit information
system activity and records. Audit tools include custom queries and report
generators</description>
        <reference href="https://www.cyber.mil/stigs/downloads/?_dl_facet_stigs=operating-systems%2Cgeneral-purpose-os">SRG-OS-000256-GPOS-00097</reference>
        <reference href="https://www.cyber.mil/stigs/downloads/?_dl_facet_stigs=operating-systems%2Cgeneral-purpose-os">SRG-OS-000257-GPOS-00098</reference>
        <reference href="not_publicly_available">SLES-15-750450660</reference>
        <rationale xmlns:xhtml="http://www.w3.org/1999/xhtml" xml:lang="en-US">Protecting audit information also includes identifying and protecting the
tools used to view and manipulate log data. Therefore, protecting audit
tools is necessary to prevent unauthorized operation on audit information.

Operating systems providing tools to interface with audit information
will leverage user permissions and roles identifying the user accessing the
tools and the corresponding rights the user enjoys to make access decisions
regarding the access to audit tools.</rationale>
        <ident system="https://ncp.nist.gov/cce">CCE-92549-5</ident>
        <fix xmlns:xhtml="http://www.w3.org/1999/xhtml" id="file_ownership_audit_binaries" system="urn:xccdf:fix:script:sh" complexity="low" disruption="low" strategy="configure"># Remediation is applicable only in certain platforms
if rpm --quiet -q kernel-default || rpm --quiet -q kernel-default-base; then

newown=""
if id "0" &gt;/dev/null 2&gt;&amp;1; then
  newown="0"
fi

if [[ -z "$newown" ]]; then
  &gt;&amp;2 echo "0 is not a defined user on the system"
else
if ! stat -c "%u %U" "/usr/sbin/auditctl" | grep -E -w -q "0"; then
    chown --no-dereference "$newown" /usr/sbin/auditctl
fi
if ! stat -c "%u %U" "/usr/sbin/aureport" | grep -E -w -q "0"; then
    chown --no-dereference "$newown" /usr/sbin/aureport
fi
if ! stat -c "%u %U" "/usr/sbin/ausearch" | grep -E -w -q "0"; then
    chown --no-dereference "$newown" /usr/sbin/ausearch
fi
if ! stat -c "%u %U" "/usr/sbin/autrace" | grep -E -w -q "0"; then
    chown --no-dereference "$newown" /usr/sbin/autrace
fi
if ! stat -c "%u %U" "/usr/sbin/auditd" | grep -E -w -q "0"; then
    chown --no-dereference "$newown" /usr/sbin/auditd
fi
if ! stat -c "%u %U" "/usr/sbin/augenrules" | grep -E -w -q "0"; then
    chown --no-dereference "$newown" /usr/sbin/augenrules
fi
if ! stat -c "%u %U" "/usr/sbin/audisp-syslog" | grep -E -w -q "0"; then
    chown --no-dereference "$newown" /usr/sbin/audisp-syslog
fi

fi

else
    &gt;&amp;2 echo 'Remediation is not applicable, nothing was done'
fi
</fix>
        <fix xmlns:xhtml="http://www.w3.org/1999/xhtml" id="file_ownership_audit_binaries" system="urn:xccdf:fix:script:ansible" complexity="low" disruption="low" strategy="configure">- name: Gather the package facts
  package_facts:
    manager: auto
  tags:
  - CCE-92549-5
  - configure_strategy
  - file_ownership_audit_binaries
  - low_complexity
  - low_disruption
  - medium_severity
  - no_reboot_needed

- name: Set the file_ownership_audit_binaries_newown variable if represented by uid
  ansible.builtin.set_fact:
    file_ownership_audit_binaries_newown: '0'
  when: ("kernel-default" in ansible_facts.packages or "kernel-default-base" in ansible_facts.packages)
  tags:
  - CCE-92549-5
  - configure_strategy
  - file_ownership_audit_binaries
  - low_complexity
  - low_disruption
  - medium_severity
  - no_reboot_needed

- name: Test for existence /usr/sbin/auditctl
  ansible.builtin.stat:
    path: /usr/sbin/auditctl
  register: file_exists
  when: ("kernel-default" in ansible_facts.packages or "kernel-default-base" in ansible_facts.packages)
  tags:
  - CCE-92549-5
  - configure_strategy
  - file_ownership_audit_binaries
  - low_complexity
  - low_disruption
  - medium_severity
  - no_reboot_needed

- name: Ensure owner on /usr/sbin/auditctl
  ansible.builtin.file:
    path: /usr/sbin/auditctl
    follow: false
    owner: '{{ file_ownership_audit_binaries_newown }}'
  when:
  - ("kernel-default" in ansible_facts.packages or "kernel-default-base" in ansible_facts.packages)
  - file_exists.stat is defined and file_exists.stat.exists
  tags:
  - CCE-92549-5
  - configure_strategy
  - file_ownership_audit_binaries
  - low_complexity
  - low_disruption
  - medium_severity
  - no_reboot_needed

- name: Test for existence /usr/sbin/aureport
  ansible.builtin.stat:
    path: /usr/sbin/aureport
  register: file_exists
  when: ("kernel-default" in ansible_facts.packages or "kernel-default-base" in ansible_facts.packages)
  tags:
  - CCE-92549-5
  - configure_strategy
  - file_ownership_audit_binaries
  - low_complexity
  - low_disruption
  - medium_severity
  - no_reboot_needed

- name: Ensure owner on /usr/sbin/aureport
  ansible.builtin.file:
    path: /usr/sbin/aureport
    follow: false
    owner: '{{ file_ownership_audit_binaries_newown }}'
  when:
  - ("kernel-default" in ansible_facts.packages or "kernel-default-base" in ansible_facts.packages)
  - file_exists.stat is defined and file_exists.stat.exists
  tags:
  - CCE-92549-5
  - configure_strategy
  - file_ownership_audit_binaries
  - low_complexity
  - low_disruption
  - medium_severity
  - no_reboot_needed

- name: Test for existence /usr/sbin/ausearch
  ansible.builtin.stat:
    path: /usr/sbin/ausearch
  register: file_exists
  when: ("kernel-default" in ansible_facts.packages or "kernel-default-base" in ansible_facts.packages)
  tags:
  - CCE-92549-5
  - configure_strategy
  - file_ownership_audit_binaries
  - low_complexity
  - low_disruption
  - medium_severity
  - no_reboot_needed

- name: Ensure owner on /usr/sbin/ausearch
  ansible.builtin.file:
    path: /usr/sbin/ausearch
    follow: false
    owner: '{{ file_ownership_audit_binaries_newown }}'
  when:
  - ("kernel-default" in ansible_facts.packages or "kernel-default-base" in ansible_facts.packages)
  - file_exists.stat is defined and file_exists.stat.exists
  tags:
  - CCE-92549-5
  - configure_strategy
  - file_ownership_audit_binaries
  - low_complexity
  - low_disruption
  - medium_severity
  - no_reboot_needed

- name: Test for existence /usr/sbin/autrace
  ansible.builtin.stat:
    path: /usr/sbin/autrace
  register: file_exists
  when: ("kernel-default" in ansible_facts.packages or "kernel-default-base" in ansible_facts.packages)
  tags:
  - CCE-92549-5
  - configure_strategy
  - file_ownership_audit_binaries
  - low_complexity
  - low_disruption
  - medium_severity
  - no_reboot_needed

- name: Ensure owner on /usr/sbin/autrace
  ansible.builtin.file:
    path: /usr/sbin/autrace
    follow: false
    owner: '{{ file_ownership_audit_binaries_newown }}'
  when:
  - ("kernel-default" in ansible_facts.packages or "kernel-default-base" in ansible_facts.packages)
  - file_exists.stat is defined and file_exists.stat.exists
  tags:
  - CCE-92549-5
  - configure_strategy
  - file_ownership_audit_binaries
  - low_complexity
  - low_disruption
  - medium_severity
  - no_reboot_needed

- name: Test for existence /usr/sbin/auditd
  ansible.builtin.stat:
    path: /usr/sbin/auditd
  register: file_exists
  when: ("kernel-default" in ansible_facts.packages or "kernel-default-base" in ansible_facts.packages)
  tags:
  - CCE-92549-5
  - configure_strategy
  - file_ownership_audit_binaries
  - low_complexity
  - low_disruption
  - medium_severity
  - no_reboot_needed

- name: Ensure owner on /usr/sbin/auditd
  ansible.builtin.file:
    path: /usr/sbin/auditd
    follow: false
    owner: '{{ file_ownership_audit_binaries_newown }}'
  when:
  - ("kernel-default" in ansible_facts.packages or "kernel-default-base" in ansible_facts.packages)
  - file_exists.stat is defined and file_exists.stat.exists
  tags:
  - CCE-92549-5
  - configure_strategy
  - file_ownership_audit_binaries
  - low_complexity
  - low_disruption
  - medium_severity
  - no_reboot_needed

- name: Test for existence /usr/sbin/augenrules
  ansible.builtin.stat:
    path: /usr/sbin/augenrules
  register: file_exists
  when: ("kernel-default" in ansible_facts.packages or "kernel-default-base" in ansible_facts.packages)
  tags:
  - CCE-92549-5
  - configure_strategy
  - file_ownership_audit_binaries
  - low_complexity
  - low_disruption
  - medium_severity
  - no_reboot_needed

- name: Ensure owner on /usr/sbin/augenrules
  ansible.builtin.file:
    path: /usr/sbin/augenrules
    follow: false
    owner: '{{ file_ownership_audit_binaries_newown }}'
  when:
  - ("kernel-default" in ansible_facts.packages or "kernel-default-base" in ansible_facts.packages)
  - file_exists.stat is defined and file_exists.stat.exists
  tags:
  - CCE-92549-5
  - configure_strategy
  - file_ownership_audit_binaries
  - low_complexity
  - low_disruption
  - medium_severity
  - no_reboot_needed

- name: Test for existence /usr/sbin/audisp-syslog
  ansible.builtin.stat:
    path: /usr/sbin/audisp-syslog
  register: file_exists
  when: ("kernel-default" in ansible_facts.packages or "kernel-default-base" in ansible_facts.packages)
  tags:
  - CCE-92549-5
  - configure_strategy
  - file_ownership_audit_binaries
  - low_complexity
  - low_disruption
  - medium_severity
  - no_reboot_needed

- name: Ensure owner on /usr/sbin/audisp-syslog
  ansible.builtin.file:
    path: /usr/sbin/audisp-syslog
    follow: false
    owner: '{{ file_ownership_audit_binaries_newown }}'
  when:
  - ("kernel-default" in ansible_facts.packages or "kernel-default-base" in ansible_facts.packages)
  - file_exists.stat is defined and file_exists.stat.exists
  tags:
  - CCE-92549-5
  - configure_strategy
  - file_ownership_audit_binaries
  - low_complexity
  - low_disruption
  - medium_severity
  - no_reboot_needed
</fix>
        <check system="http://oval.mitre.org/XMLSchema/oval-definitions-5">
          <check-content-ref name="oval:ssg-file_ownership_audit_binaries:def:1" href="ssg-sle15-oval.xml"/>
        </check>
        <check system="http://scap.nist.gov/schema/ocil/2">
          <check-content-ref name="ocil:ssg-file_ownership_audit_binaries_ocil:questionnaire:1" href="ssg-sle15-ocil.xml"/>
        </check>
      </Rule>
      <Rule id="xccdf_org.ssgproject.content_rule_file_permissions_audit_binaries" selected="false" role="full" severity="medium">
        <title xmlns:xhtml="http://www.w3.org/1999/xhtml" xml:lang="en-US">Verify that audit tools Have Mode 0755 or less</title>
        <description xmlns:xhtml="http://www.w3.org/1999/xhtml" xml:lang="en-US">The SUSE Linux Enterprise 15 operating system audit tools must have the proper
permissions configured to protected against unauthorized access.

Verify it by running the following command:
<html:pre xmlns:html="http://www.w3.org/1999/xhtml">$ stat -c "%n %a" /usr/sbin/auditctl /usr/sbin/aureport /usr/sbin/ausearch /usr/sbin/autrace /usr/sbin/auditd /usr/sbin/augenrules /usr/sbin/audisp-syslog

/usr/sbin/auditctl 755

/usr/sbin/aureport 755

/usr/sbin/ausearch 755

/usr/sbin/autrace 755

/usr/sbin/auditd 755

/usr/sbin/augenrules 755

/usr/sbin/audisp-syslog 755

</html:pre>

Audit tools needed to successfully view and manipulate audit information
system activity and records. Audit tools include custom queries and report
generators</description>
        <reference href="https://www.cyber.mil/stigs/downloads/?_dl_facet_stigs=operating-systems%2Cgeneral-purpose-os">SRG-OS-000256-GPOS-00097</reference>
        <reference href="https://www.cyber.mil/stigs/downloads/?_dl_facet_stigs=operating-systems%2Cgeneral-purpose-os">SRG-OS-000257-GPOS-00098</reference>
        <reference href="not_publicly_available">SLES-15-750450645</reference>
        <rationale xmlns:xhtml="http://www.w3.org/1999/xhtml" xml:lang="en-US">Protecting audit information also includes identifying and protecting the
tools used to view and manipulate log data. Therefore, protecting audit
tools is necessary to prevent unauthorized operation on audit information.

Operating systems providing tools to interface with audit information
will leverage user permissions and roles identifying the user accessing the
tools and the corresponding rights the user enjoys to make access decisions
regarding the access to audit tools.</rationale>
        <ident system="https://ncp.nist.gov/cce">CCE-92555-2</ident>
        <fix xmlns:xhtml="http://www.w3.org/1999/xhtml" id="file_permissions_audit_binaries" system="urn:xccdf:fix:script:sh" complexity="low" disruption="low" strategy="configure"># Remediation is applicable only in certain platforms
if rpm --quiet -q kernel-default || rpm --quiet -q kernel-default-base; then

chmod u-s,g-ws,o-wt /usr/sbin/auditctl

chmod u-s,g-ws,o-wt /usr/sbin/aureport

chmod u-s,g-ws,o-wt /usr/sbin/ausearch

chmod u-s,g-ws,o-wt /usr/sbin/autrace

chmod u-s,g-ws,o-wt /usr/sbin/auditd

chmod u-s,g-ws,o-wt /usr/sbin/augenrules

chmod u-s,g-ws,o-wt /usr/sbin/audisp-syslog

else
    &gt;&amp;2 echo 'Remediation is not applicable, nothing was done'
fi
</fix>
        <fix xmlns:xhtml="http://www.w3.org/1999/xhtml" id="file_permissions_audit_binaries" system="urn:xccdf:fix:script:ansible" complexity="low" disruption="low" strategy="configure">- name: Gather the package facts
  package_facts:
    manager: auto
  tags:
  - CCE-92555-2
  - configure_strategy
  - file_permissions_audit_binaries
  - low_complexity
  - low_disruption
  - medium_severity
  - no_reboot_needed

- name: Test for existence /usr/sbin/auditctl
  ansible.builtin.stat:
    path: /usr/sbin/auditctl
  register: file_exists
  when: ("kernel-default" in ansible_facts.packages or "kernel-default-base" in ansible_facts.packages)
  tags:
  - CCE-92555-2
  - configure_strategy
  - file_permissions_audit_binaries
  - low_complexity
  - low_disruption
  - medium_severity
  - no_reboot_needed

- name: Ensure permission u-s,g-ws,o-wt on /usr/sbin/auditctl
  ansible.builtin.file:
    path: /usr/sbin/auditctl
    mode: u-s,g-ws,o-wt
  when:
  - ("kernel-default" in ansible_facts.packages or "kernel-default-base" in ansible_facts.packages)
  - file_exists.stat is defined and file_exists.stat.exists
  tags:
  - CCE-92555-2
  - configure_strategy
  - file_permissions_audit_binaries
  - low_complexity
  - low_disruption
  - medium_severity
  - no_reboot_needed

- name: Test for existence /usr/sbin/aureport
  ansible.builtin.stat:
    path: /usr/sbin/aureport
  register: file_exists
  when: ("kernel-default" in ansible_facts.packages or "kernel-default-base" in ansible_facts.packages)
  tags:
  - CCE-92555-2
  - configure_strategy
  - file_permissions_audit_binaries
  - low_complexity
  - low_disruption
  - medium_severity
  - no_reboot_needed

- name: Ensure permission u-s,g-ws,o-wt on /usr/sbin/aureport
  ansible.builtin.file:
    path: /usr/sbin/aureport
    mode: u-s,g-ws,o-wt
  when:
  - ("kernel-default" in ansible_facts.packages or "kernel-default-base" in ansible_facts.packages)
  - file_exists.stat is defined and file_exists.stat.exists
  tags:
  - CCE-92555-2
  - configure_strategy
  - file_permissions_audit_binaries
  - low_complexity
  - low_disruption
  - medium_severity
  - no_reboot_needed

- name: Test for existence /usr/sbin/ausearch
  ansible.builtin.stat:
    path: /usr/sbin/ausearch
  register: file_exists
  when: ("kernel-default" in ansible_facts.packages or "kernel-default-base" in ansible_facts.packages)
  tags:
  - CCE-92555-2
  - configure_strategy
  - file_permissions_audit_binaries
  - low_complexity
  - low_disruption
  - medium_severity
  - no_reboot_needed

- name: Ensure permission u-s,g-ws,o-wt on /usr/sbin/ausearch
  ansible.builtin.file:
    path: /usr/sbin/ausearch
    mode: u-s,g-ws,o-wt
  when:
  - ("kernel-default" in ansible_facts.packages or "kernel-default-base" in ansible_facts.packages)
  - file_exists.stat is defined and file_exists.stat.exists
  tags:
  - CCE-92555-2
  - configure_strategy
  - file_permissions_audit_binaries
  - low_complexity
  - low_disruption
  - medium_severity
  - no_reboot_needed

- name: Test for existence /usr/sbin/autrace
  ansible.builtin.stat:
    path: /usr/sbin/autrace
  register: file_exists
  when: ("kernel-default" in ansible_facts.packages or "kernel-default-base" in ansible_facts.packages)
  tags:
  - CCE-92555-2
  - configure_strategy
  - file_permissions_audit_binaries
  - low_complexity
  - low_disruption
  - medium_severity
  - no_reboot_needed

- name: Ensure permission u-s,g-ws,o-wt on /usr/sbin/autrace
  ansible.builtin.file:
    path: /usr/sbin/autrace
    mode: u-s,g-ws,o-wt
  when:
  - ("kernel-default" in ansible_facts.packages or "kernel-default-base" in ansible_facts.packages)
  - file_exists.stat is defined and file_exists.stat.exists
  tags:
  - CCE-92555-2
  - configure_strategy
  - file_permissions_audit_binaries
  - low_complexity
  - low_disruption
  - medium_severity
  - no_reboot_needed

- name: Test for existence /usr/sbin/auditd
  ansible.builtin.stat:
    path: /usr/sbin/auditd
  register: file_exists
  when: ("kernel-default" in ansible_facts.packages or "kernel-default-base" in ansible_facts.packages)
  tags:
  - CCE-92555-2
  - configure_strategy
  - file_permissions_audit_binaries
  - low_complexity
  - low_disruption
  - medium_severity
  - no_reboot_needed

- name: Ensure permission u-s,g-ws,o-wt on /usr/sbin/auditd
  ansible.builtin.file:
    path: /usr/sbin/auditd
    mode: u-s,g-ws,o-wt
  when:
  - ("kernel-default" in ansible_facts.packages or "kernel-default-base" in ansible_facts.packages)
  - file_exists.stat is defined and file_exists.stat.exists
  tags:
  - CCE-92555-2
  - configure_strategy
  - file_permissions_audit_binaries
  - low_complexity
  - low_disruption
  - medium_severity
  - no_reboot_needed

- name: Test for existence /usr/sbin/augenrules
  ansible.builtin.stat:
    path: /usr/sbin/augenrules
  register: file_exists
  when: ("kernel-default" in ansible_facts.packages or "kernel-default-base" in ansible_facts.packages)
  tags:
  - CCE-92555-2
  - configure_strategy
  - file_permissions_audit_binaries
  - low_complexity
  - low_disruption
  - medium_severity
  - no_reboot_needed

- name: Ensure permission u-s,g-ws,o-wt on /usr/sbin/augenrules
  ansible.builtin.file:
    path: /usr/sbin/augenrules
    mode: u-s,g-ws,o-wt
  when:
  - ("kernel-default" in ansible_facts.packages or "kernel-default-base" in ansible_facts.packages)
  - file_exists.stat is defined and file_exists.stat.exists
  tags:
  - CCE-92555-2
  - configure_strategy
  - file_permissions_audit_binaries
  - low_complexity
  - low_disruption
  - medium_severity
  - no_reboot_needed

- name: Test for existence /usr/sbin/audisp-syslog
  ansible.builtin.stat:
    path: /usr/sbin/audisp-syslog
  register: file_exists
  when: ("kernel-default" in ansible_facts.packages or "kernel-default-base" in ansible_facts.packages)
  tags:
  - CCE-92555-2
  - configure_strategy
  - file_permissions_audit_binaries
  - low_complexity
  - low_disruption
  - medium_severity
  - no_reboot_needed

- name: Ensure permission u-s,g-ws,o-wt on /usr/sbin/audisp-syslog
  ansible.builtin.file:
    path: /usr/sbin/audisp-syslog
    mode: u-s,g-ws,o-wt
  when:
  - ("kernel-default" in ansible_facts.packages or "kernel-default-base" in ansible_facts.packages)
  - file_exists.stat is defined and file_exists.stat.exists
  tags:
  - CCE-92555-2
  - configure_strategy
  - file_permissions_audit_binaries
  - low_complexity
  - low_disruption
  - medium_severity
  - no_reboot_needed
</fix>
        <check system="http://oval.mitre.org/XMLSchema/oval-definitions-5">
          <check-content-ref name="oval:ssg-file_permissions_audit_binaries:def:1" href="ssg-sle15-oval.xml"/>
        </check>
        <check system="http://scap.nist.gov/schema/ocil/2">
          <check-content-ref name="ocil:ssg-file_permissions_audit_binaries_ocil:questionnaire:1" href="ssg-sle15-ocil.xml"/>
        </check>
      </Rule>
    </Group>
  </Group>
  <TestResult id="xccdf_org.open-scap_testresult_xccdf_org.ssgproject.content_profile_cis_workstation_l1" start-time="2026-02-24T11:59:08+02:00" end-time="2026-02-24T11:59:40+02:00" version="0.1.79" test-system="cpe:/a:redhat:openscap:1.3.6">
    <benchmark href="/usr/share/xml/scap/ssg/content/ssg-sle15-ds.xml" id="xccdf_org.ssgproject.content_benchmark_SLE-15"/>
    <title>OSCAP Scan Result</title>
    <identity authenticated="false" privileged="false">root</identity>
    <profile idref="xccdf_org.ssgproject.content_profile_cis_workstation_l1"/>
    <target>localhost</target>
    <target-address>127.0.0.1</target-address>
    <target-address>10.168.56.218</target-address>
    <target-address>0:0:0:0:0:0:0:1</target-address>
    <target-address>fe80:0:0:0:5054:ff:fe24:a0a9</target-address>
    <target-facts>
      <fact name="urn:xccdf:fact:scanner:name" type="string">OpenSCAP</fact>
      <fact name="urn:xccdf:fact:scanner:version" type="string">1.3.6</fact>
      <fact name="urn:xccdf:fact:asset:identifier:fqdn" type="string">localhost</fact>
      <fact name="urn:xccdf:fact:asset:identifier:host_name" type="string">localhost</fact>
      <fact name="urn:xccdf:fact:ethernet:MAC" type="string">00:00:00:00:00:00</fact>
      <fact name="urn:xccdf:fact:asset:identifier:mac" type="string">00:00:00:00:00:00</fact>
      <fact name="urn:xccdf:fact:ethernet:MAC" type="string">52:54:00:24:A0:A9</fact>
      <fact name="urn:xccdf:fact:asset:identifier:mac" type="string">52:54:00:24:A0:A9</fact>
      <fact name="urn:xccdf:fact:asset:identifier:ipv4" type="string">127.0.0.1</fact>
      <fact name="urn:xccdf:fact:asset:identifier:ipv4" type="string">10.168.56.218</fact>
      <fact name="urn:xccdf:fact:asset:identifier:ipv6" type="string">::1</fact>
      <fact name="urn:xccdf:fact:asset:identifier:ipv6" type="string">fe80::5054:ff:fe24:a0a9</fact>
    </target-facts>
    <platform idref="#package_sudo"/>
    <platform idref="#system_with_kernel"/>
    <platform idref="#service_disabled_iptables_and_service_disabled_ufw_and_system_with_kernel"/>
    <platform idref="#not_bootc_and_not_container"/>
    <platform idref="#package_systemd"/>
    <platform idref="#package_firewalld"/>
    <platform idref="#package_firewalld_and_package_nftables_and_system_with_kernel"/>
    <platform idref="#package_shadow-utils"/>
    <platform idref="#grub2_and_system_with_kernel"/>
    <platform idref="#not_rhcos4-rhel9_and_service_disabled_nftables_and_service_disabled_ufw_and_system_with_kernel"/>
    <platform idref="#package_logrotate"/>
    <platform idref="#not_container"/>
    <platform idref="#package_pam"/>
    <platform idref="cpe:/o:suse:linux_enterprise_server:15"/>
    <platform idref="#package_gdm"/>
    <platform idref="#package_bash"/>
    <platform idref="#machine"/>
    <platform idref="#package_zypper"/>
    <platform idref="#package_iptables"/>
    <platform idref="#ipv6_enabled"/>
    <platform idref="#package_chrony"/>
    <platform idref="cpe:/o:suse:linux_enterprise_desktop:15"/>
    <platform idref="#package_nftables"/>
    <set-value idref="xccdf_org.ssgproject.content_value_var_aide_scan_notification_email">root@localhost</set-value>
    <set-value idref="xccdf_org.ssgproject.content_value_var_system_crypto_policy">DEFAULT</set-value>
    <set-value idref="xccdf_org.ssgproject.content_value_inactivity_timeout_value">900</set-value>
    <set-value idref="xccdf_org.ssgproject.content_value_var_screensaver_lock_delay">0</set-value>
    <set-value idref="xccdf_org.ssgproject.content_value_var_sudo_dedicated_group">root</set-value>
    <set-value idref="xccdf_org.ssgproject.content_value_var_sudo_logfile">/var/log/sudo.log</set-value>
    <set-value idref="xccdf_org.ssgproject.content_value_var_sudo_passwd_timeout">5</set-value>
    <set-value idref="xccdf_org.ssgproject.content_value_var_sudo_timestamp_timeout">5</set-value>
    <set-value idref="xccdf_org.ssgproject.content_value_var_sudo_umask">0022</set-value>
    <set-value idref="xccdf_org.ssgproject.content_value_var_authselect_profile">minimal</set-value>
    <set-value idref="xccdf_org.ssgproject.content_value_login_banner_text">^(Authorized[\s\n]+users[\s\n]+only\.[\s\n]+All[\s\n]+activity[\s\n]+may[\s\n]+be[\s\n]+monitored[\s\n]+and[\s\n]+reported\.|^(?!.*(\\|fedora|rhel|sle|ubuntu)).*)$</set-value>
    <set-value idref="xccdf_org.ssgproject.content_value_motd_banner_text">^(Authorized[\s\n]+uses[\s\n]+only\.[\s\n]+All[\s\n]+activity[\s\n]+may[\s\n]+be[\s\n]+monitored[\s\n]+and[\s\n]+reported\.|^(?!.*(\\|fedora|rhel|sle|ubuntu)).*)$</set-value>
    <set-value idref="xccdf_org.ssgproject.content_value_remote_login_banner_text">^(Authorized[\s\n]+uses[\s\n]+only\.[\s\n]+All[\s\n]+activity[\s\n]+may[\s\n]+be[\s\n]+monitored[\s\n]+and[\s\n]+reported\.|^(?!.*(\\|fedora|rhel|sle|ubuntu)).*)$</set-value>
    <set-value idref="xccdf_org.ssgproject.content_value_var_password_hashing_algorithm">SHA512</set-value>
    <set-value idref="xccdf_org.ssgproject.content_value_var_password_hashing_algorithm_pam">sha512</set-value>
    <set-value idref="xccdf_org.ssgproject.content_value_var_password_pam_unix_remember">5</set-value>
    <set-value idref="xccdf_org.ssgproject.content_value_var_accounts_passwords_pam_faillock_deny">3</set-value>
    <set-value idref="xccdf_org.ssgproject.content_value_var_accounts_passwords_pam_faillock_dir">/var/log/faillock</set-value>
    <set-value idref="xccdf_org.ssgproject.content_value_var_accounts_passwords_pam_faillock_fail_interval">900</set-value>
    <set-value idref="xccdf_org.ssgproject.content_value_var_accounts_passwords_pam_faillock_unlock_time">0</set-value>
    <set-value idref="xccdf_org.ssgproject.content_value_var_accounts_passwords_pam_tally2_unlock_time">1800</set-value>
    <set-value idref="xccdf_org.ssgproject.content_value_var_password_pam_delay">4000000</set-value>
    <set-value idref="xccdf_org.ssgproject.content_value_var_password_pam_remember">5</set-value>
    <set-value idref="xccdf_org.ssgproject.content_value_var_password_pam_remember_control_flag">requisite</set-value>
    <set-value idref="xccdf_org.ssgproject.content_value_var_password_pam_tally2">5</set-value>
    <set-value idref="xccdf_org.ssgproject.content_value_var_password_pam_dcredit">-1</set-value>
    <set-value idref="xccdf_org.ssgproject.content_value_var_password_pam_difok">8</set-value>
    <set-value idref="xccdf_org.ssgproject.content_value_var_password_pam_lcredit">-1</set-value>
    <set-value idref="xccdf_org.ssgproject.content_value_var_password_pam_minclass">3</set-value>
    <set-value idref="xccdf_org.ssgproject.content_value_var_password_pam_minlen">14</set-value>
    <set-value idref="xccdf_org.ssgproject.content_value_var_password_pam_ocredit">-1</set-value>
    <set-value idref="xccdf_org.ssgproject.content_value_var_password_pam_retry">3</set-value>
    <set-value idref="xccdf_org.ssgproject.content_value_var_password_pam_ucredit">-1</set-value>
    <set-value idref="xccdf_org.ssgproject.content_value_var_password_hashing_min_rounds_login_defs">5000</set-value>
    <set-value idref="xccdf_org.ssgproject.content_value_var_logind_session_timeout">300</set-value>
    <set-value idref="xccdf_org.ssgproject.content_value_var_accounts_authorized_local_users_regex">^(root|bin|daemon|adm|lp|sync|shutdown|halt|mail|operator|games|ftp|nobody|tss|systemd-coredump|dbus|polkitd|avahi|colord|rtkit|pipewire|clevis|sssd|geoclue|flatpak|setroubleshoot|libstoragemgmt|systemd-oom|gdm|cockpit-ws|cockpit-wsinstance|gnome-initial-setup|sshd|chrony|dnsmasq|tcpdump|admin)$</set-value>
    <set-value idref="xccdf_org.ssgproject.content_value_var_account_disable_post_pw_expiration">30</set-value>
    <set-value idref="xccdf_org.ssgproject.content_value_var_accounts_maximum_age_login_defs">365</set-value>
    <set-value idref="xccdf_org.ssgproject.content_value_var_accounts_maximum_age_root">99999</set-value>
    <set-value idref="xccdf_org.ssgproject.content_value_var_accounts_minimum_age_login_defs">1</set-value>
    <set-value idref="xccdf_org.ssgproject.content_value_var_accounts_password_minlen_login_defs">15</set-value>
    <set-value idref="xccdf_org.ssgproject.content_value_var_accounts_password_warn_age_login_defs">7</set-value>
    <set-value idref="xccdf_org.ssgproject.content_value_var_password_pam_unix_rounds">5000</set-value>
    <set-value idref="xccdf_org.ssgproject.content_value_var_pam_wheel_group_for_su">sugroup</set-value>
    <set-value idref="xccdf_org.ssgproject.content_value_var_accounts_fail_delay">4</set-value>
    <set-value idref="xccdf_org.ssgproject.content_value_var_accounts_max_concurrent_login_sessions">1</set-value>
    <set-value idref="xccdf_org.ssgproject.content_value_var_accounts_tmout">900</set-value>
    <set-value idref="xccdf_org.ssgproject.content_value_var_user_initialization_files_regex">^(\.bashrc|\.zshrc|\.cshrc|\.profile|\.bash_login|\.bash_profile)$</set-value>
    <set-value idref="xccdf_org.ssgproject.content_value_var_accounts_user_umask">027</set-value>
    <set-value idref="xccdf_org.ssgproject.content_value_var_apparmor_mode">complain</set-value>
    <set-value idref="xccdf_org.ssgproject.content_value_var_l1tf_options">flush</set-value>
    <set-value idref="xccdf_org.ssgproject.content_value_var_mds_options">full</set-value>
    <set-value idref="xccdf_org.ssgproject.content_value_var_rng_core_default_quality">500</set-value>
    <set-value idref="xccdf_org.ssgproject.content_value_var_spec_store_bypass_disable_options">prctl</set-value>
    <set-value idref="xccdf_org.ssgproject.content_value_var_kernel_config_module_sig_hash">sha512</set-value>
    <set-value idref="xccdf_org.ssgproject.content_value_var_kernel_config_module_sig_key">certs/signing_key.pem</set-value>
    <set-value idref="xccdf_org.ssgproject.content_value_var_kernel_config_panic_timeout">0</set-value>
    <set-value idref="xccdf_org.ssgproject.content_value_var_journal_upload_server_certificate_file">/etc/pki/systemd/certs/journal-upload.pem</set-value>
    <set-value idref="xccdf_org.ssgproject.content_value_var_journal_upload_server_key_file">/etc/pki/systemd/private/journal-upload.pem</set-value>
    <set-value idref="xccdf_org.ssgproject.content_value_var_journal_upload_server_trusted_certificate_file">/etc/pki/systemd/ca/trusted.pem</set-value>
    <set-value idref="xccdf_org.ssgproject.content_value_var_journal_upload_url">remotelogserver</set-value>
    <set-value idref="xccdf_org.ssgproject.content_value_rsyslog_remote_loghost_address">logcollector</set-value>
    <set-value idref="xccdf_org.ssgproject.content_value_var_network_filtering_service">firewalld</set-value>
    <set-value idref="xccdf_org.ssgproject.content_value_sysctl_net_ipv6_conf_all_accept_ra_defrtr_value">0</set-value>
    <set-value idref="xccdf_org.ssgproject.content_value_sysctl_net_ipv6_conf_all_accept_ra_pinfo_value">0</set-value>
    <set-value idref="xccdf_org.ssgproject.content_value_sysctl_net_ipv6_conf_all_accept_ra_rtr_pref_value">0</set-value>
    <set-value idref="xccdf_org.ssgproject.content_value_sysctl_net_ipv6_conf_all_accept_ra_value">0</set-value>
    <set-value idref="xccdf_org.ssgproject.content_value_sysctl_net_ipv6_conf_all_accept_redirects_value">0</set-value>
    <set-value idref="xccdf_org.ssgproject.content_value_sysctl_net_ipv6_conf_all_accept_source_route_value">0</set-value>
    <set-value idref="xccdf_org.ssgproject.content_value_sysctl_net_ipv6_conf_all_forwarding_value">0</set-value>
    <set-value idref="xccdf_org.ssgproject.content_value_sysctl_net_ipv6_conf_all_max_addresses_value">1</set-value>
    <set-value idref="xccdf_org.ssgproject.content_value_sysctl_net_ipv6_conf_all_router_solicitations_value">0</set-value>
    <set-value idref="xccdf_org.ssgproject.content_value_sysctl_net_ipv6_conf_default_accept_ra_defrtr_value">0</set-value>
    <set-value idref="xccdf_org.ssgproject.content_value_sysctl_net_ipv6_conf_default_accept_ra_pinfo_value">0</set-value>
    <set-value idref="xccdf_org.ssgproject.content_value_sysctl_net_ipv6_conf_default_accept_ra_rtr_pref_value">0</set-value>
    <set-value idref="xccdf_org.ssgproject.content_value_sysctl_net_ipv6_conf_default_accept_ra_value">0</set-value>
    <set-value idref="xccdf_org.ssgproject.content_value_sysctl_net_ipv6_conf_default_accept_redirects_value">0</set-value>
    <set-value idref="xccdf_org.ssgproject.content_value_sysctl_net_ipv6_conf_default_accept_source_route_value">0</set-value>
    <set-value idref="xccdf_org.ssgproject.content_value_sysctl_net_ipv6_conf_default_autoconf_value">0</set-value>
    <set-value idref="xccdf_org.ssgproject.content_value_sysctl_net_ipv6_conf_default_forwarding_value">0</set-value>
    <set-value idref="xccdf_org.ssgproject.content_value_sysctl_net_ipv6_conf_default_max_addresses_value">1</set-value>
    <set-value idref="xccdf_org.ssgproject.content_value_sysctl_net_ipv6_conf_default_router_solicitations_value">0</set-value>
    <set-value idref="xccdf_org.ssgproject.content_value_sysctl_net_ipv4_conf_all_accept_redirects_value">0</set-value>
    <set-value idref="xccdf_org.ssgproject.content_value_sysctl_net_ipv4_conf_all_accept_source_route_value">0</set-value>
    <set-value idref="xccdf_org.ssgproject.content_value_sysctl_net_ipv4_conf_all_arp_filter_value">0</set-value>
    <set-value idref="xccdf_org.ssgproject.content_value_sysctl_net_ipv4_conf_all_arp_ignore_value">0</set-value>
    <set-value idref="xccdf_org.ssgproject.content_value_sysctl_net_ipv4_conf_all_log_martians_value">1</set-value>
    <set-value idref="xccdf_org.ssgproject.content_value_sysctl_net_ipv4_conf_all_rp_filter_value">1</set-value>
    <set-value idref="xccdf_org.ssgproject.content_value_sysctl_net_ipv4_conf_all_secure_redirects_value">0</set-value>
    <set-value idref="xccdf_org.ssgproject.content_value_sysctl_net_ipv4_conf_all_shared_media_value">0</set-value>
    <set-value idref="xccdf_org.ssgproject.content_value_sysctl_net_ipv4_conf_default_accept_redirects_value">0</set-value>
    <set-value idref="xccdf_org.ssgproject.content_value_sysctl_net_ipv4_conf_default_accept_source_route_value">0</set-value>
    <set-value idref="xccdf_org.ssgproject.content_value_sysctl_net_ipv4_conf_default_log_martians_value">1</set-value>
    <set-value idref="xccdf_org.ssgproject.content_value_sysctl_net_ipv4_conf_default_rp_filter_value">1</set-value>
    <set-value idref="xccdf_org.ssgproject.content_value_sysctl_net_ipv4_conf_default_secure_redirects_value">0</set-value>
    <set-value idref="xccdf_org.ssgproject.content_value_sysctl_net_ipv4_conf_default_shared_media_value">0</set-value>
    <set-value idref="xccdf_org.ssgproject.content_value_sysctl_net_ipv4_icmp_echo_ignore_broadcasts_value">1</set-value>
    <set-value idref="xccdf_org.ssgproject.content_value_sysctl_net_ipv4_icmp_ignore_bogus_error_responses_value">1</set-value>
    <set-value idref="xccdf_org.ssgproject.content_value_sysctl_net_ipv4_tcp_invalid_ratelimit_value">500</set-value>
    <set-value idref="xccdf_org.ssgproject.content_value_sysctl_net_ipv4_tcp_rfc1337_value">1</set-value>
    <set-value idref="xccdf_org.ssgproject.content_value_sysctl_net_ipv4_tcp_syncookies_value">1</set-value>
    <set-value idref="xccdf_org.ssgproject.content_value_var_nftables_base_chain_hooks">input,forward,output</set-value>
    <set-value idref="xccdf_org.ssgproject.content_value_var_nftables_base_chain_names">input,forward,output</set-value>
    <set-value idref="xccdf_org.ssgproject.content_value_var_nftables_base_chain_policies">accept,accept,accept</set-value>
    <set-value idref="xccdf_org.ssgproject.content_value_var_nftables_base_chain_priorities">0,0,0</set-value>
    <set-value idref="xccdf_org.ssgproject.content_value_var_nftables_base_chain_types">filter,filter,filter</set-value>
    <set-value idref="xccdf_org.ssgproject.content_value_var_nftables_family">inet</set-value>
    <set-value idref="xccdf_org.ssgproject.content_value_var_nftables_master_config_file">/etc/sysconfig/nftables.conf</set-value>
    <set-value idref="xccdf_org.ssgproject.content_value_var_nftables_table">filter</set-value>
    <set-value idref="xccdf_org.ssgproject.content_value_var_removable_partition">/dev/cdrom</set-value>
    <set-value idref="xccdf_org.ssgproject.content_value_sysctl_kernel_kptr_restrict_value">1</set-value>
    <set-value idref="xccdf_org.ssgproject.content_value_var_slub_debug_options">P</set-value>
    <set-value idref="xccdf_org.ssgproject.content_value_var_selinux_policy_name">targeted</set-value>
    <set-value idref="xccdf_org.ssgproject.content_value_var_selinux_state">enforcing</set-value>
    <set-value idref="xccdf_org.ssgproject.content_value_var_deny_execmem">false</set-value>
    <set-value idref="xccdf_org.ssgproject.content_value_var_polyinstantiation_enabled">false</set-value>
    <set-value idref="xccdf_org.ssgproject.content_value_var_secure_mode_insmod">false</set-value>
    <set-value idref="xccdf_org.ssgproject.content_value_var_selinuxuser_execheap">false</set-value>
    <set-value idref="xccdf_org.ssgproject.content_value_var_selinuxuser_execmod">true</set-value>
    <set-value idref="xccdf_org.ssgproject.content_value_var_selinuxuser_execstack">false</set-value>
    <set-value idref="xccdf_org.ssgproject.content_value_var_ssh_sysadm_login">false</set-value>
    <set-value idref="xccdf_org.ssgproject.content_value_var_postfix_inet_interfaces">loopback-only</set-value>
    <set-value idref="xccdf_org.ssgproject.content_value_var_postfix_relayhost">smtp.$mydomain</set-value>
    <set-value idref="xccdf_org.ssgproject.content_value_var_postfix_root_mail_alias">change_me@localhost</set-value>
    <set-value idref="xccdf_org.ssgproject.content_value_var_multiple_time_pools">0.suse.pool.ntp.org,1.suse.pool.ntp.org,2.suse.pool.ntp.org,3.suse.pool.ntp.org</set-value>
    <set-value idref="xccdf_org.ssgproject.content_value_var_multiple_time_servers">0.suse.pool.ntp.org,1.suse.pool.ntp.org,2.suse.pool.ntp.org,3.suse.pool.ntp.org</set-value>
    <set-value idref="xccdf_org.ssgproject.content_value_var_time_service_set_maxpoll">10</set-value>
    <set-value idref="xccdf_org.ssgproject.content_value_sshd_approved_ciphers">chacha20-poly1305@openssh.com,aes256-gcm@openssh.com,aes128-gcm@openssh.com,aes256-ctr,aes192-ctr,aes128-ctr</set-value>
    <set-value idref="xccdf_org.ssgproject.content_value_sshd_approved_macs">hmac-sha2-512-etm@openssh.com,hmac-sha2-256-etm@openssh.com,hmac-sha2-512,hmac-sha2-256</set-value>
    <set-value idref="xccdf_org.ssgproject.content_value_sshd_idle_timeout_value">300</set-value>
    <set-value idref="xccdf_org.ssgproject.content_value_sshd_max_auth_tries_value">4</set-value>
    <set-value idref="xccdf_org.ssgproject.content_value_sshd_required">0</set-value>
    <set-value idref="xccdf_org.ssgproject.content_value_sshd_strong_kex">curve25519-sha256,curve25519-sha256@libssh.org,diffie-hellman-group14-sha256,diffie-hellman-group16-sha512,diffie-hellman-group18-sha512,ecdh-sha2-nistp521,ecdh-sha2-nistp384,ecdh-sha2-nistp256,diffie-hellman-group-exchange-sha256</set-value>
    <set-value idref="xccdf_org.ssgproject.content_value_sshd_strong_macs">hmac-sha2-512-etm@openssh.com,hmac-sha2-256-etm@openssh.com,umac-128-etm@openssh.com,hmac-sha2-512,hmac-sha2-256</set-value>
    <set-value idref="xccdf_org.ssgproject.content_value_var_sshd_max_sessions">10</set-value>
    <set-value idref="xccdf_org.ssgproject.content_value_var_sshd_set_keepalive">0</set-value>
    <set-value idref="xccdf_org.ssgproject.content_value_var_rekey_limit_size">512M</set-value>
    <set-value idref="xccdf_org.ssgproject.content_value_var_rekey_limit_time">1h</set-value>
    <set-value idref="xccdf_org.ssgproject.content_value_var_sshd_disable_compression">no</set-value>
    <set-value idref="xccdf_org.ssgproject.content_value_var_sshd_priv_separation">sandbox</set-value>
    <set-value idref="xccdf_org.ssgproject.content_value_var_sshd_set_login_grace_time">60</set-value>
    <set-value idref="xccdf_org.ssgproject.content_value_var_sshd_set_maxstartups">10:30:60</set-value>
    <set-value idref="xccdf_org.ssgproject.content_value_var_sssd_memcache_timeout">300</set-value>
    <set-value idref="xccdf_org.ssgproject.content_value_var_audit_backlog_limit">8192</set-value>
    <set-value idref="xccdf_org.ssgproject.content_value_var_audit_failure_mode">2</set-value>
    <set-value idref="xccdf_org.ssgproject.content_value_var_audispd_disk_full_action">single</set-value>
    <set-value idref="xccdf_org.ssgproject.content_value_var_audispd_network_failure_action">single</set-value>
    <set-value idref="xccdf_org.ssgproject.content_value_var_audispd_remote_server">logcollector</set-value>
    <set-value idref="xccdf_org.ssgproject.content_value_var_auditd_action_mail_acct">root</set-value>
    <set-value idref="xccdf_org.ssgproject.content_value_var_auditd_admin_space_left_action">single</set-value>
    <set-value idref="xccdf_org.ssgproject.content_value_var_auditd_disk_error_action">single</set-value>
    <set-value idref="xccdf_org.ssgproject.content_value_var_auditd_disk_full_action">single</set-value>
    <set-value idref="xccdf_org.ssgproject.content_value_var_auditd_flush">data</set-value>
    <set-value idref="xccdf_org.ssgproject.content_value_var_auditd_freq">50</set-value>
    <set-value idref="xccdf_org.ssgproject.content_value_var_auditd_max_log_file">6</set-value>
    <set-value idref="xccdf_org.ssgproject.content_value_var_auditd_max_log_file_action">rotate</set-value>
    <set-value idref="xccdf_org.ssgproject.content_value_var_auditd_name_format">hostname</set-value>
    <set-value idref="xccdf_org.ssgproject.content_value_var_auditd_space_left">100</set-value>
    <set-value idref="xccdf_org.ssgproject.content_value_var_auditd_space_left_action">email</set-value>
    <rule-result idref="xccdf_org.ssgproject.content_rule_prefer_64bit_os" role="full" time="2026-02-24T11:59:08+02:00" severity="medium" weight="1.000000">
      <result>notselected</result>
      <ident system="https://ncp.nist.gov/cce">CCE-91195-8</ident>
    </rule-result>
    <rule-result idref="xccdf_org.ssgproject.content_rule_disable_prelink" role="full" time="2026-02-24T11:59:09+02:00" severity="medium" weight="1.000000">
      <result>pass</result>
      <ident system="https://ncp.nist.gov/cce">CCE-91341-8</ident>
      <check system="http://oval.mitre.org/XMLSchema/oval-definitions-5">
        <check-content-ref name="oval:ssg-disable_prelink:def:1" href="ssg-sle15-oval.xml"/>
      </check>
    </rule-result>
    <rule-result idref="xccdf_org.ssgproject.content_rule_rpm_verify_hashes" role="full" time="2026-02-24T11:59:09+02:00" severity="high" weight="1.000000">
      <result>notselected</result>
      <ident system="https://ncp.nist.gov/cce">CCE-85788-8</ident>
    </rule-result>
    <rule-result idref="xccdf_org.ssgproject.content_rule_rpm_verify_ownership" role="full" time="2026-02-24T11:59:09+02:00" severity="high" weight="1.000000">
      <result>notselected</result>
      <ident system="https://ncp.nist.gov/cce">CCE-91290-7</ident>
    </rule-result>
    <rule-result idref="xccdf_org.ssgproject.content_rule_rpm_verify_permissions" role="full" time="2026-02-24T11:59:09+02:00" severity="high" weight="1.000000">
      <result>notselected</result>
      <ident system="https://ncp.nist.gov/cce">CCE-85782-1</ident>
    </rule-result>
    <rule-result idref="xccdf_org.ssgproject.content_rule_package_aide_installed" role="full" time="2026-02-24T11:59:09+02:00" severity="medium" weight="1.000000">
      <result>fail</result>
      <ident system="https://ncp.nist.gov/cce">CCE-83289-9</ident>
      <check system="http://oval.mitre.org/XMLSchema/oval-definitions-5">
        <check-content-ref name="oval:ssg-package_aide_installed:def:1" href="ssg-sle15-oval.xml"/>
      </check>
    </rule-result>
    <rule-result idref="xccdf_org.ssgproject.content_rule_aide_build_database" role="full" time="2026-02-24T11:59:09+02:00" severity="medium" weight="1.000000">
      <result>fail</result>
      <ident system="https://ncp.nist.gov/cce">CCE-85787-0</ident>
      <check system="http://oval.mitre.org/XMLSchema/oval-definitions-5">
        <check-content-ref name="oval:ssg-aide_build_database:def:1" href="ssg-sle15-oval.xml"/>
      </check>
    </rule-result>
    <rule-result idref="xccdf_org.ssgproject.content_rule_aide_check_audit_tools" role="full" time="2026-02-24T11:59:09+02:00" severity="medium" weight="1.000000">
      <result>notselected</result>
      <ident system="https://ncp.nist.gov/cce">CCE-85610-4</ident>
    </rule-result>
    <rule-result idref="xccdf_org.ssgproject.content_rule_aide_periodic_checking_systemd_timer" role="full" time="2026-02-24T11:59:09+02:00" severity="medium" weight="1.000000">
      <result>notapplicable</result>
      <ident system="https://ncp.nist.gov/cce">CCE-92516-4</ident>
    </rule-result>
    <rule-result idref="xccdf_org.ssgproject.content_rule_aide_periodic_cron_checking" role="full" time="2026-02-24T11:59:09+02:00" severity="medium" weight="1.000000">
      <result>notselected</result>
      <ident system="https://ncp.nist.gov/cce">CCE-85671-6</ident>
    </rule-result>
    <rule-result idref="xccdf_org.ssgproject.content_rule_aide_scan_notification" role="full" time="2026-02-24T11:59:09+02:00" severity="medium" weight="1.000000">
      <result>notselected</result>
      <ident system="https://ncp.nist.gov/cce">CCE-91214-7</ident>
    </rule-result>
    <rule-result idref="xccdf_org.ssgproject.content_rule_aide_verify_acls" role="full" time="2026-02-24T11:59:09+02:00" severity="low" weight="1.000000">
      <result>notselected</result>
      <ident system="https://ncp.nist.gov/cce">CCE-85623-7</ident>
    </rule-result>
    <rule-result idref="xccdf_org.ssgproject.content_rule_aide_verify_ext_attributes" role="full" time="2026-02-24T11:59:09+02:00" severity="low" weight="1.000000">
      <result>notselected</result>
      <ident system="https://ncp.nist.gov/cce">CCE-85624-5</ident>
    </rule-result>
    <rule-result idref="xccdf_org.ssgproject.content_rule_is_fips_mode_enabled" role="full" time="2026-02-24T11:59:09+02:00" severity="high" weight="1.000000">
      <result>notselected</result>
      <ident system="https://ncp.nist.gov/cce">CCE-85763-1</ident>
    </rule-result>
    <rule-result idref="xccdf_org.ssgproject.content_rule_configure_crypto_policy" role="full" time="2026-02-24T11:59:09+02:00" severity="high" weight="1.000000">
      <result>notselected</result>
      <ident system="https://ncp.nist.gov/cce">CCE-85776-3</ident>
    </rule-result>
    <rule-result idref="xccdf_org.ssgproject.content_rule_configure_ssh_crypto_policy" role="full" time="2026-02-24T11:59:09+02:00" severity="medium" weight="1.000000">
      <result>notselected</result>
      <ident system="https://ncp.nist.gov/cce">CCE-85795-3</ident>
    </rule-result>
    <rule-result idref="xccdf_org.ssgproject.content_rule_harden_ssh_client_crypto_policy" role="full" time="2026-02-24T11:59:09+02:00" severity="medium" weight="1.000000">
      <result>notselected</result>
    </rule-result>
    <rule-result idref="xccdf_org.ssgproject.content_rule_harden_sshd_crypto_policy" role="full" time="2026-02-24T11:59:09+02:00" severity="medium" weight="1.000000">
      <result>notselected</result>
    </rule-result>
    <rule-result idref="xccdf_org.ssgproject.content_rule_installed_OS_is_FIPS_certified" role="full" time="2026-02-24T11:59:09+02:00" severity="high" weight="1.000000">
      <result>notselected</result>
    </rule-result>
    <rule-result idref="xccdf_org.ssgproject.content_rule_installed_OS_is_vendor_supported" role="full" time="2026-02-24T11:59:09+02:00" severity="high" weight="1.000000">
      <result>notselected</result>
      <ident system="https://ncp.nist.gov/cce">CCE-83260-0</ident>
    </rule-result>
    <rule-result idref="xccdf_org.ssgproject.content_rule_configure_user_data_backups" role="full" time="2026-02-24T11:59:09+02:00" severity="medium" weight="1.000000">
      <result>notselected</result>
    </rule-result>
    <rule-result idref="xccdf_org.ssgproject.content_rule_agent_mfetpd_running" role="full" time="2026-02-24T11:59:09+02:00" severity="medium" weight="1.000000">
      <result>notselected</result>
      <ident system="https://ncp.nist.gov/cce">CCE-92487-8</ident>
    </rule-result>
    <rule-result idref="xccdf_org.ssgproject.content_rule_encrypt_partitions" role="full" time="2026-02-24T11:59:09+02:00" severity="high" weight="1.000000">
      <result>notselected</result>
      <ident system="https://ncp.nist.gov/cce">CCE-85719-3</ident>
    </rule-result>
    <rule-result idref="xccdf_org.ssgproject.content_rule_partition_for_boot" role="full" time="2026-02-24T11:59:09+02:00" severity="medium" weight="1.000000">
      <result>notselected</result>
      <ident system="https://ncp.nist.gov/cce">CCE-91176-8</ident>
    </rule-result>
    <rule-result idref="xccdf_org.ssgproject.content_rule_partition_for_dev_shm" role="full" time="2026-02-24T11:59:09+02:00" severity="low" weight="1.000000">
      <result>pass</result>
      <ident system="https://ncp.nist.gov/cce">CCE-92477-9</ident>
      <check system="http://oval.mitre.org/XMLSchema/oval-definitions-5">
        <check-content-ref name="oval:ssg-partition_for_dev_shm:def:1" href="ssg-sle15-oval.xml"/>
      </check>
    </rule-result>
    <rule-result idref="xccdf_org.ssgproject.content_rule_partition_for_home" role="full" time="2026-02-24T11:59:09+02:00" severity="low" weight="1.000000">
      <result>notselected</result>
      <ident system="https://ncp.nist.gov/cce">CCE-85639-3</ident>
    </rule-result>
    <rule-result idref="xccdf_org.ssgproject.content_rule_partition_for_opt" role="full" time="2026-02-24T11:59:09+02:00" severity="medium" weight="1.000000">
      <result>notselected</result>
      <ident system="https://ncp.nist.gov/cce">CCE-91177-6</ident>
    </rule-result>
    <rule-result idref="xccdf_org.ssgproject.content_rule_partition_for_srv" role="full" time="2026-02-24T11:59:09+02:00" severity="unknown" weight="1.000000">
      <result>notselected</result>
      <ident system="https://ncp.nist.gov/cce">CCE-91178-4</ident>
    </rule-result>
    <rule-result idref="xccdf_org.ssgproject.content_rule_partition_for_tmp" role="full" time="2026-02-24T11:59:09+02:00" severity="low" weight="1.000000">
      <result>fail</result>
      <ident system="https://ncp.nist.gov/cce">CCE-91179-2</ident>
      <check system="http://oval.mitre.org/XMLSchema/oval-definitions-5">
        <check-content-ref name="oval:ssg-partition_for_tmp:def:1" href="ssg-sle15-oval.xml"/>
      </check>
    </rule-result>
    <rule-result idref="xccdf_org.ssgproject.content_rule_partition_for_usr" role="full" time="2026-02-24T11:59:09+02:00" severity="medium" weight="1.000000">
      <result>notselected</result>
      <ident system="https://ncp.nist.gov/cce">CCE-91180-0</ident>
    </rule-result>
    <rule-result idref="xccdf_org.ssgproject.content_rule_partition_for_var" role="full" time="2026-02-24T11:59:09+02:00" severity="low" weight="1.000000">
      <result>notselected</result>
      <ident system="https://ncp.nist.gov/cce">CCE-85640-1</ident>
    </rule-result>
    <rule-result idref="xccdf_org.ssgproject.content_rule_partition_for_var_log" role="full" time="2026-02-24T11:59:09+02:00" severity="low" weight="1.000000">
      <result>notselected</result>
      <ident system="https://ncp.nist.gov/cce">CCE-91181-8</ident>
    </rule-result>
    <rule-result idref="xccdf_org.ssgproject.content_rule_partition_for_var_log_audit" role="full" time="2026-02-24T11:59:09+02:00" severity="low" weight="1.000000">
      <result>notselected</result>
      <ident system="https://ncp.nist.gov/cce">CCE-85618-7</ident>
    </rule-result>
    <rule-result idref="xccdf_org.ssgproject.content_rule_partition_for_var_tmp" role="full" time="2026-02-24T11:59:09+02:00" severity="medium" weight="1.000000">
      <result>notselected</result>
      <ident system="https://ncp.nist.gov/cce">CCE-91182-6</ident>
    </rule-result>
    <rule-result idref="xccdf_org.ssgproject.content_rule_systemd_tmp_mount_enabled" role="full" time="2026-02-24T11:59:09+02:00" severity="low" weight="1.000000">
      <result>notselected</result>
    </rule-result>
    <rule-result idref="xccdf_org.ssgproject.content_rule_package_gdm_removed" role="full" time="2026-02-24T11:59:09+02:00" severity="medium" weight="1.000000">
      <result>fail</result>
      <ident system="https://ncp.nist.gov/cce">CCE-92502-4</ident>
      <check system="http://oval.mitre.org/XMLSchema/oval-definitions-5">
        <check-content-ref name="oval:ssg-package_gdm_removed:def:1" href="ssg-sle15-oval.xml"/>
      </check>
    </rule-result>
    <rule-result idref="xccdf_org.ssgproject.content_rule_dconf_db_up_to_date" role="full" time="2026-02-24T11:59:09+02:00" severity="high" weight="1.000000">
      <result>pass</result>
      <ident system="https://ncp.nist.gov/cce">CCE-83288-1</ident>
      <check system="http://oval.mitre.org/XMLSchema/oval-definitions-5">
        <check-content-ref name="oval:ssg-dconf_db_up_to_date:def:1" href="ssg-sle15-oval.xml"/>
      </check>
    </rule-result>
    <rule-result idref="xccdf_org.ssgproject.content_rule_enable_dconf_user_profile" role="full" time="2026-02-24T11:59:09+02:00" severity="high" weight="1.000000">
      <result>fail</result>
      <ident system="https://ncp.nist.gov/cce">CCE-83267-5</ident>
      <check system="http://oval.mitre.org/XMLSchema/oval-definitions-5">
        <check-content-ref name="oval:ssg-enable_dconf_user_profile:def:1" href="ssg-sle15-oval.xml"/>
      </check>
    </rule-result>
    <rule-result idref="xccdf_org.ssgproject.content_rule_dconf_gnome_disable_user_list" role="full" time="2026-02-24T11:59:09+02:00" severity="medium" weight="1.000000">
      <result>notselected</result>
      <ident system="https://ncp.nist.gov/cce">CCE-92520-6</ident>
    </rule-result>
    <rule-result idref="xccdf_org.ssgproject.content_rule_gnome_gdm_disable_unattended_automatic_login" role="full" time="2026-02-24T11:59:09+02:00" severity="high" weight="1.000000">
      <result>notselected</result>
      <ident system="https://ncp.nist.gov/cce">CCE-85723-5</ident>
    </rule-result>
    <rule-result idref="xccdf_org.ssgproject.content_rule_gnome_gdm_disable_xdmcp" role="full" time="2026-02-24T11:59:09+02:00" severity="high" weight="1.000000">
      <result>notselected</result>
      <ident system="https://ncp.nist.gov/cce">CCE-92563-6</ident>
    </rule-result>
    <rule-result idref="xccdf_org.ssgproject.content_rule_dconf_gnome_disable_automount" role="full" time="2026-02-24T11:59:09+02:00" severity="medium" weight="1.000000">
      <result>notselected</result>
      <ident system="https://ncp.nist.gov/cce">CCE-92491-0</ident>
    </rule-result>
    <rule-result idref="xccdf_org.ssgproject.content_rule_dconf_gnome_disable_automount_open" role="full" time="2026-02-24T11:59:09+02:00" severity="medium" weight="1.000000">
      <result>notselected</result>
      <ident system="https://ncp.nist.gov/cce">CCE-92492-8</ident>
    </rule-result>
    <rule-result idref="xccdf_org.ssgproject.content_rule_dconf_gnome_disable_autorun" role="full" time="2026-02-24T11:59:09+02:00" severity="low" weight="1.000000">
      <result>notselected</result>
      <ident system="https://ncp.nist.gov/cce">CCE-92493-6</ident>
    </rule-result>
    <rule-result idref="xccdf_org.ssgproject.content_rule_dconf_gnome_remote_access_credential_prompt" role="full" time="2026-02-24T11:59:09+02:00" severity="medium" weight="1.000000">
      <result>notselected</result>
      <ident system="https://ncp.nist.gov/cce">CCE-85777-1</ident>
    </rule-result>
    <rule-result idref="xccdf_org.ssgproject.content_rule_dconf_gnome_remote_access_encryption" role="full" time="2026-02-24T11:59:09+02:00" severity="medium" weight="1.000000">
      <result>notselected</result>
      <ident system="https://ncp.nist.gov/cce">CCE-85822-5</ident>
    </rule-result>
    <rule-result idref="xccdf_org.ssgproject.content_rule_dconf_gnome_screensaver_idle_activation_enabled" role="full" time="2026-02-24T11:59:09+02:00" severity="medium" weight="1.000000">
      <result>notselected</result>
      <ident system="https://ncp.nist.gov/cce">CCE-85783-9</ident>
    </rule-result>
    <rule-result idref="xccdf_org.ssgproject.content_rule_dconf_gnome_screensaver_idle_delay" role="full" time="2026-02-24T11:59:09+02:00" severity="medium" weight="1.000000">
      <result>notselected</result>
      <ident system="https://ncp.nist.gov/cce">CCE-85669-0</ident>
    </rule-result>
    <rule-result idref="xccdf_org.ssgproject.content_rule_dconf_gnome_screensaver_lock_delay" role="full" time="2026-02-24T11:59:09+02:00" severity="medium" weight="1.000000">
      <result>notselected</result>
      <ident system="https://ncp.nist.gov/cce">CCE-92495-1</ident>
    </rule-result>
    <rule-result idref="xccdf_org.ssgproject.content_rule_dconf_gnome_screensaver_lock_enabled" role="full" time="2026-02-24T11:59:09+02:00" severity="medium" weight="1.000000">
      <result>notselected</result>
      <ident system="https://ncp.nist.gov/cce">CCE-85766-4</ident>
    </rule-result>
    <rule-result idref="xccdf_org.ssgproject.content_rule_dconf_gnome_screensaver_mode_blank" role="full" time="2026-02-24T11:59:09+02:00" severity="medium" weight="1.000000">
      <result>notselected</result>
      <ident system="https://ncp.nist.gov/cce">CCE-85715-1</ident>
    </rule-result>
    <rule-result idref="xccdf_org.ssgproject.content_rule_dconf_gnome_screensaver_user_locks" role="full" time="2026-02-24T11:59:09+02:00" severity="medium" weight="1.000000">
      <result>notselected</result>
      <ident system="https://ncp.nist.gov/cce">CCE-92498-5</ident>
    </rule-result>
    <rule-result idref="xccdf_org.ssgproject.content_rule_dconf_gnome_session_idle_user_locks" role="full" time="2026-02-24T11:59:09+02:00" severity="medium" weight="1.000000">
      <result>notselected</result>
      <ident system="https://ncp.nist.gov/cce">CCE-91245-1</ident>
    </rule-result>
    <rule-result idref="xccdf_org.ssgproject.content_rule_package_sudo_installed" role="full" time="2026-02-24T11:59:09+02:00" severity="medium" weight="1.000000">
      <result>pass</result>
      <ident system="https://ncp.nist.gov/cce">CCE-91183-4</ident>
      <check system="http://oval.mitre.org/XMLSchema/oval-definitions-5">
        <check-content-ref name="oval:ssg-package_sudo_installed:def:1" href="ssg-sle15-oval.xml"/>
      </check>
    </rule-result>
    <rule-result idref="xccdf_org.ssgproject.content_rule_directory_groupowner_etc_sudoersd" role="full" time="2026-02-24T11:59:09+02:00" severity="medium" weight="1.000000">
      <result>notselected</result>
      <ident system="https://ncp.nist.gov/cce">CCE-92503-2</ident>
    </rule-result>
    <rule-result idref="xccdf_org.ssgproject.content_rule_directory_owner_etc_sudoersd" role="full" time="2026-02-24T11:59:09+02:00" severity="medium" weight="1.000000">
      <result>notselected</result>
      <ident system="https://ncp.nist.gov/cce">CCE-92512-3</ident>
    </rule-result>
    <rule-result idref="xccdf_org.ssgproject.content_rule_directory_permissions_etc_sudoersd" role="full" time="2026-02-24T11:59:09+02:00" severity="medium" weight="1.000000">
      <result>notselected</result>
      <ident system="https://ncp.nist.gov/cce">CCE-92525-5</ident>
    </rule-result>
    <rule-result idref="xccdf_org.ssgproject.content_rule_file_groupowner_etc_sudoers" role="full" time="2026-02-24T11:59:09+02:00" severity="medium" weight="1.000000">
      <result>notselected</result>
    </rule-result>
    <rule-result idref="xccdf_org.ssgproject.content_rule_file_owner_etc_sudoers" role="full" time="2026-02-24T11:59:09+02:00" severity="medium" weight="1.000000">
      <result>notselected</result>
    </rule-result>
    <rule-result idref="xccdf_org.ssgproject.content_rule_file_permissions_etc_sudoers" role="full" time="2026-02-24T11:59:09+02:00" severity="medium" weight="1.000000">
      <result>notselected</result>
    </rule-result>
    <rule-result idref="xccdf_org.ssgproject.content_rule_file_permissions_sudo" role="full" time="2026-02-24T11:59:09+02:00" severity="medium" weight="1.000000">
      <result>notselected</result>
    </rule-result>
    <rule-result idref="xccdf_org.ssgproject.content_rule_sudo_add_env_reset" role="full" time="2026-02-24T11:59:09+02:00" severity="medium" weight="1.000000">
      <result>notselected</result>
      <ident system="https://ncp.nist.gov/cce">CCE-91184-2</ident>
    </rule-result>
    <rule-result idref="xccdf_org.ssgproject.content_rule_sudo_add_ignore_dot" role="full" time="2026-02-24T11:59:09+02:00" severity="medium" weight="1.000000">
      <result>notselected</result>
      <ident system="https://ncp.nist.gov/cce">CCE-91185-9</ident>
    </rule-result>
    <rule-result idref="xccdf_org.ssgproject.content_rule_sudo_add_noexec" role="full" time="2026-02-24T11:59:09+02:00" severity="high" weight="1.000000">
      <result>notselected</result>
      <ident system="https://ncp.nist.gov/cce">CCE-91186-7</ident>
    </rule-result>
    <rule-result idref="xccdf_org.ssgproject.content_rule_sudo_add_passwd_timeout" role="full" time="2026-02-24T11:59:09+02:00" severity="medium" weight="1.000000">
      <result>notselected</result>
      <ident system="https://ncp.nist.gov/cce">CCE-91187-5</ident>
    </rule-result>
    <rule-result idref="xccdf_org.ssgproject.content_rule_sudo_add_requiretty" role="full" time="2026-02-24T11:59:09+02:00" severity="medium" weight="1.000000">
      <result>notselected</result>
      <ident system="https://ncp.nist.gov/cce">CCE-91188-3</ident>
    </rule-result>
    <rule-result idref="xccdf_org.ssgproject.content_rule_sudo_add_umask" role="full" time="2026-02-24T11:59:09+02:00" severity="medium" weight="1.000000">
      <result>notselected</result>
      <ident system="https://ncp.nist.gov/cce">CCE-91189-1</ident>
    </rule-result>
    <rule-result idref="xccdf_org.ssgproject.content_rule_sudo_add_use_pty" role="full" time="2026-02-24T11:59:10+02:00" severity="medium" weight="1.000000">
      <result>fail</result>
      <ident system="https://ncp.nist.gov/cce">CCE-91190-9</ident>
      <check system="http://oval.mitre.org/XMLSchema/oval-definitions-5">
        <check-content-ref name="oval:ssg-sudo_add_use_pty:def:1" href="ssg-sle15-oval.xml"/>
      </check>
    </rule-result>
    <rule-result idref="xccdf_org.ssgproject.content_rule_sudo_custom_logfile" role="full" time="2026-02-24T11:59:10+02:00" severity="low" weight="1.000000">
      <result>fail</result>
      <ident system="https://ncp.nist.gov/cce">CCE-91311-1</ident>
      <check system="http://oval.mitre.org/XMLSchema/oval-definitions-5">
        <check-export export-name="oval:ssg-var_sudo_logfile:var:1" value-id="xccdf_org.ssgproject.content_value_var_sudo_logfile"/>
        <check-content-ref name="oval:ssg-sudo_custom_logfile:def:1" href="ssg-sle15-oval.xml"/>
      </check>
    </rule-result>
    <rule-result idref="xccdf_org.ssgproject.content_rule_sudo_dedicated_group" role="full" time="2026-02-24T11:59:10+02:00" severity="medium" weight="1.000000">
      <result>notselected</result>
      <ident system="https://ncp.nist.gov/cce">CCE-91191-7</ident>
    </rule-result>
    <rule-result idref="xccdf_org.ssgproject.content_rule_sudo_remove_no_authenticate" role="full" time="2026-02-24T11:59:10+02:00" severity="medium" weight="1.000000">
      <result>notselected</result>
      <ident system="https://ncp.nist.gov/cce">CCE-83291-5</ident>
    </rule-result>
    <rule-result idref="xccdf_org.ssgproject.content_rule_sudo_remove_nopasswd" role="full" time="2026-02-24T11:59:10+02:00" severity="medium" weight="1.000000">
      <result>notselected</result>
      <ident system="https://ncp.nist.gov/cce">CCE-85663-3</ident>
    </rule-result>
    <rule-result idref="xccdf_org.ssgproject.content_rule_sudo_require_authentication" role="full" time="2026-02-24T11:59:10+02:00" severity="medium" weight="1.000000">
      <result>notselected</result>
      <ident system="https://ncp.nist.gov/cce">CCE-85673-2</ident>
    </rule-result>
    <rule-result idref="xccdf_org.ssgproject.content_rule_sudo_require_reauthentication" role="full" time="2026-02-24T11:59:10+02:00" severity="medium" weight="1.000000">
      <result>notselected</result>
      <ident system="https://ncp.nist.gov/cce">CCE-85764-9</ident>
    </rule-result>
    <rule-result idref="xccdf_org.ssgproject.content_rule_sudo_restrict_privilege_elevation_to_authorized" role="full" time="2026-02-24T11:59:10+02:00" severity="medium" weight="1.000000">
      <result>notselected</result>
      <ident system="https://ncp.nist.gov/cce">CCE-85712-8</ident>
    </rule-result>
    <rule-result idref="xccdf_org.ssgproject.content_rule_sudo_vdsm_nopasswd" role="full" time="2026-02-24T11:59:10+02:00" severity="medium" weight="1.000000">
      <result>notselected</result>
    </rule-result>
    <rule-result idref="xccdf_org.ssgproject.content_rule_sudoers_default_includedir" role="full" time="2026-02-24T11:59:10+02:00" severity="medium" weight="1.000000">
      <result>notselected</result>
      <ident system="https://ncp.nist.gov/cce">CCE-91151-1</ident>
    </rule-result>
    <rule-result idref="xccdf_org.ssgproject.content_rule_sudoers_explicit_command_args" role="full" time="2026-02-24T11:59:10+02:00" severity="medium" weight="1.000000">
      <result>notselected</result>
      <ident system="https://ncp.nist.gov/cce">CCE-91192-5</ident>
    </rule-result>
    <rule-result idref="xccdf_org.ssgproject.content_rule_sudoers_no_command_negation" role="full" time="2026-02-24T11:59:10+02:00" severity="medium" weight="1.000000">
      <result>notselected</result>
      <ident system="https://ncp.nist.gov/cce">CCE-91193-3</ident>
    </rule-result>
    <rule-result idref="xccdf_org.ssgproject.content_rule_sudoers_no_root_target" role="full" time="2026-02-24T11:59:10+02:00" severity="medium" weight="1.000000">
      <result>notselected</result>
      <ident system="https://ncp.nist.gov/cce">CCE-91194-1</ident>
    </rule-result>
    <rule-result idref="xccdf_org.ssgproject.content_rule_sudoers_validate_passwd" role="full" time="2026-02-24T11:59:10+02:00" severity="medium" weight="1.000000">
      <result>notselected</result>
      <ident system="https://ncp.nist.gov/cce">CCE-85747-4</ident>
    </rule-result>
    <rule-result idref="xccdf_org.ssgproject.content_rule_package_gnutls-utils_installed" role="full" time="2026-02-24T11:59:10+02:00" severity="medium" weight="1.000000">
      <result>notselected</result>
    </rule-result>
    <rule-result idref="xccdf_org.ssgproject.content_rule_package_nss-tools_installed" role="full" time="2026-02-24T11:59:10+02:00" severity="medium" weight="1.000000">
      <result>notselected</result>
    </rule-result>
    <rule-result idref="xccdf_org.ssgproject.content_rule_clean_components_post_updating" role="full" time="2026-02-24T11:59:10+02:00" severity="low" weight="1.000000">
      <result>notselected</result>
      <ident system="https://ncp.nist.gov/cce">CCE-85551-0</ident>
    </rule-result>
    <rule-result idref="xccdf_org.ssgproject.content_rule_ensure_GPG_keys_are_configured" role="full" time="2026-02-24T11:59:10+02:00" severity="medium" weight="1.000000">
      <result>notchecked</result>
      <ident system="https://ncp.nist.gov/cce">CCE-92542-0</ident>
      <message severity="info">No candidate or applicable check found.</message>
    </rule-result>
    <rule-result idref="xccdf_org.ssgproject.content_rule_ensure_gpgcheck_globally_activated" role="full" time="2026-02-24T11:59:10+02:00" severity="high" weight="1.000000">
      <result>fail</result>
      <ident system="https://ncp.nist.gov/cce">CCE-83290-7</ident>
      <check system="http://oval.mitre.org/XMLSchema/oval-definitions-5">
        <check-content-ref name="oval:ssg-ensure_gpgcheck_globally_activated:def:1" href="ssg-sle15-oval.xml"/>
      </check>
    </rule-result>
    <rule-result idref="xccdf_org.ssgproject.content_rule_ensure_gpgcheck_local_packages" role="full" time="2026-02-24T11:59:10+02:00" severity="high" weight="1.000000">
      <result>notselected</result>
      <ident system="https://ncp.nist.gov/cce">CCE-91167-7</ident>
    </rule-result>
    <rule-result idref="xccdf_org.ssgproject.content_rule_ensure_gpgcheck_never_disabled" role="full" time="2026-02-24T11:59:10+02:00" severity="high" weight="1.000000">
      <result>fail</result>
      <ident system="https://ncp.nist.gov/cce">CCE-85797-9</ident>
      <check system="http://oval.mitre.org/XMLSchema/oval-definitions-5">
        <check-content-ref name="oval:ssg-ensure_gpgcheck_never_disabled:def:1" href="ssg-sle15-oval.xml"/>
      </check>
    </rule-result>
    <rule-result idref="xccdf_org.ssgproject.content_rule_ensure_package_repositories_are_configured" role="full" time="2026-02-24T11:59:10+02:00" severity="medium" weight="1.000000">
      <result>notchecked</result>
      <ident system="https://ncp.nist.gov/cce">CCE-92489-4</ident>
      <message severity="info">No candidate or applicable check found.</message>
    </rule-result>
    <rule-result idref="xccdf_org.ssgproject.content_rule_ensure_suse_gpgkey_installed" role="full" time="2026-02-24T11:59:10+02:00" severity="high" weight="1.000000">
      <result>notselected</result>
      <ident system="https://ncp.nist.gov/cce">CCE-85796-1</ident>
    </rule-result>
    <rule-result idref="xccdf_org.ssgproject.content_rule_security_patches_up_to_date" role="full" time="2026-02-24T11:59:10+02:00" severity="medium" weight="1.000000">
      <result>notselected</result>
      <ident system="https://ncp.nist.gov/cce">CCE-83261-8</ident>
    </rule-result>
    <rule-result idref="xccdf_org.ssgproject.content_rule_banner_etc_issue" role="full" time="2026-02-24T11:59:10+02:00" severity="medium" weight="1.000000">
      <result>fail</result>
      <ident system="https://ncp.nist.gov/cce">CCE-83262-6</ident>
      <check system="http://oval.mitre.org/XMLSchema/oval-definitions-5">
        <check-export export-name="oval:ssg-login_banner_text:var:1" value-id="xccdf_org.ssgproject.content_value_login_banner_text"/>
        <check-content-ref name="oval:ssg-banner_etc_issue:def:1" href="ssg-sle15-oval.xml"/>
      </check>
    </rule-result>
    <rule-result idref="xccdf_org.ssgproject.content_rule_banner_etc_issue_net" role="full" time="2026-02-24T11:59:10+02:00" severity="medium" weight="1.000000">
      <result>fail</result>
      <ident system="https://ncp.nist.gov/cce">CCE-91350-9</ident>
      <check system="http://oval.mitre.org/XMLSchema/oval-definitions-5">
        <check-export export-name="oval:ssg-remote_login_banner_text:var:1" value-id="xccdf_org.ssgproject.content_value_remote_login_banner_text"/>
        <check-content-ref name="oval:ssg-banner_etc_issue_net:def:1" href="ssg-sle15-oval.xml"/>
      </check>
    </rule-result>
    <rule-result idref="xccdf_org.ssgproject.content_rule_banner_etc_motd" role="full" time="2026-02-24T11:59:10+02:00" severity="medium" weight="1.000000">
      <result>pass</result>
      <ident system="https://ncp.nist.gov/cce">CCE-91349-1</ident>
      <check system="http://oval.mitre.org/XMLSchema/oval-definitions-5">
        <check-export export-name="oval:ssg-motd_banner_text:var:1" value-id="xccdf_org.ssgproject.content_value_motd_banner_text"/>
        <check-content-ref name="oval:ssg-banner_etc_motd:def:1" href="ssg-sle15-oval.xml"/>
      </check>
    </rule-result>
    <rule-result idref="xccdf_org.ssgproject.content_rule_file_groupowner_etc_issue" role="full" time="2026-02-24T11:59:10+02:00" severity="medium" weight="1.000000">
      <result>pass</result>
      <ident system="https://ncp.nist.gov/cce">CCE-91355-8</ident>
      <check system="http://oval.mitre.org/XMLSchema/oval-definitions-5">
        <check-content-ref name="oval:ssg-file_groupowner_etc_issue:def:1" href="ssg-sle15-oval.xml"/>
      </check>
    </rule-result>
    <rule-result idref="xccdf_org.ssgproject.content_rule_file_groupowner_etc_issue_net" role="full" time="2026-02-24T11:59:10+02:00" severity="medium" weight="1.000000">
      <result>pass</result>
      <ident system="https://ncp.nist.gov/cce">CCE-91358-2</ident>
      <check system="http://oval.mitre.org/XMLSchema/oval-definitions-5">
        <check-content-ref name="oval:ssg-file_groupowner_etc_issue_net:def:1" href="ssg-sle15-oval.xml"/>
      </check>
    </rule-result>
    <rule-result idref="xccdf_org.ssgproject.content_rule_file_groupowner_etc_motd" role="full" time="2026-02-24T11:59:10+02:00" severity="medium" weight="1.000000">
      <result>pass</result>
      <ident system="https://ncp.nist.gov/cce">CCE-91352-5</ident>
      <check system="http://oval.mitre.org/XMLSchema/oval-definitions-5">
        <check-content-ref name="oval:ssg-file_groupowner_etc_motd:def:1" href="ssg-sle15-oval.xml"/>
      </check>
    </rule-result>
    <rule-result idref="xccdf_org.ssgproject.content_rule_file_owner_etc_issue" role="full" time="2026-02-24T11:59:10+02:00" severity="medium" weight="1.000000">
      <result>pass</result>
      <ident system="https://ncp.nist.gov/cce">CCE-91356-6</ident>
      <check system="http://oval.mitre.org/XMLSchema/oval-definitions-5">
        <check-content-ref name="oval:ssg-file_owner_etc_issue:def:1" href="ssg-sle15-oval.xml"/>
      </check>
    </rule-result>
    <rule-result idref="xccdf_org.ssgproject.content_rule_file_owner_etc_issue_net" role="full" time="2026-02-24T11:59:10+02:00" severity="medium" weight="1.000000">
      <result>pass</result>
      <ident system="https://ncp.nist.gov/cce">CCE-91359-0</ident>
      <check system="http://oval.mitre.org/XMLSchema/oval-definitions-5">
        <check-content-ref name="oval:ssg-file_owner_etc_issue_net:def:1" href="ssg-sle15-oval.xml"/>
      </check>
    </rule-result>
    <rule-result idref="xccdf_org.ssgproject.content_rule_file_owner_etc_motd" role="full" time="2026-02-24T11:59:10+02:00" severity="medium" weight="1.000000">
      <result>pass</result>
      <ident system="https://ncp.nist.gov/cce">CCE-91353-3</ident>
      <check system="http://oval.mitre.org/XMLSchema/oval-definitions-5">
        <check-content-ref name="oval:ssg-file_owner_etc_motd:def:1" href="ssg-sle15-oval.xml"/>
      </check>
    </rule-result>
    <rule-result idref="xccdf_org.ssgproject.content_rule_file_permissions_etc_issue" role="full" time="2026-02-24T11:59:10+02:00" severity="medium" weight="1.000000">
      <result>pass</result>
      <ident system="https://ncp.nist.gov/cce">CCE-91354-1</ident>
      <check system="http://oval.mitre.org/XMLSchema/oval-definitions-5">
        <check-content-ref name="oval:ssg-file_permissions_etc_issue:def:1" href="ssg-sle15-oval.xml"/>
      </check>
    </rule-result>
    <rule-result idref="xccdf_org.ssgproject.content_rule_file_permissions_etc_issue_net" role="full" time="2026-02-24T11:59:10+02:00" severity="medium" weight="1.000000">
      <result>pass</result>
      <ident system="https://ncp.nist.gov/cce">CCE-91357-4</ident>
      <check system="http://oval.mitre.org/XMLSchema/oval-definitions-5">
        <check-content-ref name="oval:ssg-file_permissions_etc_issue_net:def:1" href="ssg-sle15-oval.xml"/>
      </check>
    </rule-result>
    <rule-result idref="xccdf_org.ssgproject.content_rule_file_permissions_etc_motd" role="full" time="2026-02-24T11:59:10+02:00" severity="medium" weight="1.000000">
      <result>pass</result>
      <ident system="https://ncp.nist.gov/cce">CCE-91351-7</ident>
      <check system="http://oval.mitre.org/XMLSchema/oval-definitions-5">
        <check-content-ref name="oval:ssg-file_permissions_etc_motd:def:1" href="ssg-sle15-oval.xml"/>
      </check>
    </rule-result>
    <rule-result idref="xccdf_org.ssgproject.content_rule_banner_etc_gdm_banner" role="full" time="2026-02-24T11:59:10+02:00" severity="medium" weight="1.000000">
      <result>notselected</result>
      <ident system="https://ncp.nist.gov/cce">CCE-83264-2</ident>
    </rule-result>
    <rule-result idref="xccdf_org.ssgproject.content_rule_dconf_gnome_banner_enabled" role="full" time="2026-02-24T11:59:10+02:00" severity="medium" weight="1.000000">
      <result>fail</result>
      <ident system="https://ncp.nist.gov/cce">CCE-83265-9</ident>
      <check system="http://oval.mitre.org/XMLSchema/oval-definitions-5">
        <check-content-ref name="oval:ssg-dconf_gnome_banner_enabled:def:1" href="ssg-sle15-oval.xml"/>
      </check>
    </rule-result>
    <rule-result idref="xccdf_org.ssgproject.content_rule_dconf_gnome_login_banner_text" role="full" time="2026-02-24T11:59:10+02:00" severity="medium" weight="1.000000">
      <result>fail</result>
      <ident system="https://ncp.nist.gov/cce">CCE-83266-7</ident>
      <check system="http://oval.mitre.org/XMLSchema/oval-definitions-5">
        <check-export export-name="oval:ssg-login_banner_text:var:1" value-id="xccdf_org.ssgproject.content_value_login_banner_text"/>
        <check-content-ref name="oval:ssg-dconf_gnome_login_banner_text:def:1" href="ssg-sle15-oval.xml"/>
      </check>
    </rule-result>
    <rule-result idref="xccdf_org.ssgproject.content_rule_gui_login_dod_acknowledgement" role="full" time="2026-02-24T11:59:10+02:00" severity="medium" weight="1.000000">
      <result>notselected</result>
      <ident system="https://ncp.nist.gov/cce">CCE-85668-2</ident>
    </rule-result>
    <rule-result idref="xccdf_org.ssgproject.content_rule_disallow_bypass_password_sudo" role="full" time="2026-02-24T11:59:10+02:00" severity="medium" weight="1.000000">
      <result>notselected</result>
      <ident system="https://ncp.nist.gov/cce">CCE-91156-0</ident>
    </rule-result>
    <rule-result idref="xccdf_org.ssgproject.content_rule_display_login_attempts" role="full" time="2026-02-24T11:59:10+02:00" severity="low" weight="1.000000">
      <result>notselected</result>
      <ident system="https://ncp.nist.gov/cce">CCE-85560-1</ident>
    </rule-result>
    <rule-result idref="xccdf_org.ssgproject.content_rule_enable_pam_namespace" role="full" time="2026-02-24T11:59:10+02:00" severity="low" weight="1.000000">
      <result>notselected</result>
      <ident system="https://ncp.nist.gov/cce">CCE-91196-6</ident>
    </rule-result>
    <rule-result idref="xccdf_org.ssgproject.content_rule_pam_disable_automatic_configuration" role="full" time="2026-02-24T11:59:10+02:00" severity="medium" weight="1.000000">
      <result>notselected</result>
      <ident system="https://ncp.nist.gov/cce">CCE-85641-9</ident>
    </rule-result>
    <rule-result idref="xccdf_org.ssgproject.content_rule_account_passwords_pam_faillock_audit" role="full" time="2026-02-24T11:59:10+02:00" severity="medium" weight="1.000000">
      <result>notselected</result>
    </rule-result>
    <rule-result idref="xccdf_org.ssgproject.content_rule_account_passwords_pam_faillock_dir" role="full" time="2026-02-24T11:59:10+02:00" severity="medium" weight="1.000000">
      <result>notselected</result>
    </rule-result>
    <rule-result idref="xccdf_org.ssgproject.content_rule_accounts_password_pam_pwhistory_remember" role="full" time="2026-02-24T11:59:10+02:00" severity="medium" weight="1.000000">
      <result>fail</result>
      <ident system="https://ncp.nist.gov/cce">CCE-91398-8</ident>
      <check system="http://oval.mitre.org/XMLSchema/oval-definitions-5">
        <check-export export-name="oval:ssg-var_password_pam_remember:var:1" value-id="xccdf_org.ssgproject.content_value_var_password_pam_remember"/>
        <check-content-ref name="oval:ssg-accounts_password_pam_pwhistory_remember:def:1" href="ssg-sle15-oval.xml"/>
      </check>
    </rule-result>
    <rule-result idref="xccdf_org.ssgproject.content_rule_accounts_passwords_pam_faildelay_delay" role="full" time="2026-02-24T11:59:10+02:00" severity="medium" weight="1.000000">
      <result>notselected</result>
      <ident system="https://ncp.nist.gov/cce">CCE-85619-5</ident>
    </rule-result>
    <rule-result idref="xccdf_org.ssgproject.content_rule_accounts_passwords_pam_faillock_audit" role="full" time="2026-02-24T11:59:10+02:00" severity="medium" weight="1.000000">
      <result>notselected</result>
    </rule-result>
    <rule-result idref="xccdf_org.ssgproject.content_rule_accounts_passwords_pam_faillock_deny" role="full" time="2026-02-24T11:59:10+02:00" severity="medium" weight="1.000000">
      <result>notselected</result>
      <ident system="https://ncp.nist.gov/cce">CCE-85842-3</ident>
    </rule-result>
    <rule-result idref="xccdf_org.ssgproject.content_rule_accounts_passwords_pam_faillock_deny_root" role="full" time="2026-02-24T11:59:10+02:00" severity="medium" weight="1.000000">
      <result>notselected</result>
      <ident system="https://ncp.nist.gov/cce">CCE-91171-9</ident>
    </rule-result>
    <rule-result idref="xccdf_org.ssgproject.content_rule_accounts_passwords_pam_faillock_unlock_time" role="full" time="2026-02-24T11:59:10+02:00" severity="medium" weight="1.000000">
      <result>notselected</result>
      <ident system="https://ncp.nist.gov/cce">CCE-85841-5</ident>
    </rule-result>
    <rule-result idref="xccdf_org.ssgproject.content_rule_accounts_passwords_pam_tally2" role="full" time="2026-02-24T11:59:10+02:00" severity="medium" weight="1.000000">
      <result>notapplicable</result>
      <ident system="https://ncp.nist.gov/cce">CCE-85554-4</ident>
    </rule-result>
    <rule-result idref="xccdf_org.ssgproject.content_rule_accounts_passwords_pam_tally2_deny_root" role="full" time="2026-02-24T11:59:10+02:00" severity="medium" weight="1.000000">
      <result>notapplicable</result>
      <ident system="https://ncp.nist.gov/cce">CCE-91281-6</ident>
    </rule-result>
    <rule-result idref="xccdf_org.ssgproject.content_rule_accounts_passwords_pam_tally2_unlock_time" role="full" time="2026-02-24T11:59:10+02:00" severity="medium" weight="1.000000">
      <result>notapplicable</result>
      <ident system="https://ncp.nist.gov/cce">CCE-91282-4</ident>
    </rule-result>
    <rule-result idref="xccdf_org.ssgproject.content_rule_cracklib_accounts_password_pam_dcredit" role="full" time="2026-02-24T11:59:10+02:00" severity="medium" weight="1.000000">
      <result>fail</result>
      <ident system="https://ncp.nist.gov/cce">CCE-85564-3</ident>
      <check system="http://oval.mitre.org/XMLSchema/oval-definitions-5">
        <check-export export-name="oval:ssg-var_password_pam_dcredit:var:1" value-id="xccdf_org.ssgproject.content_value_var_password_pam_dcredit"/>
        <check-content-ref name="oval:ssg-cracklib_accounts_password_pam_dcredit:def:1" href="ssg-sle15-oval.xml"/>
      </check>
    </rule-result>
    <rule-result idref="xccdf_org.ssgproject.content_rule_cracklib_accounts_password_pam_difok" role="full" time="2026-02-24T11:59:10+02:00" severity="medium" weight="1.000000">
      <result>notselected</result>
      <ident system="https://ncp.nist.gov/cce">CCE-85677-3</ident>
    </rule-result>
    <rule-result idref="xccdf_org.ssgproject.content_rule_cracklib_accounts_password_pam_lcredit" role="full" time="2026-02-24T11:59:10+02:00" severity="medium" weight="1.000000">
      <result>fail</result>
      <ident system="https://ncp.nist.gov/cce">CCE-85676-5</ident>
      <check system="http://oval.mitre.org/XMLSchema/oval-definitions-5">
        <check-export export-name="oval:ssg-var_password_pam_lcredit:var:1" value-id="xccdf_org.ssgproject.content_value_var_password_pam_lcredit"/>
        <check-content-ref name="oval:ssg-cracklib_accounts_password_pam_lcredit:def:1" href="ssg-sle15-oval.xml"/>
      </check>
    </rule-result>
    <rule-result idref="xccdf_org.ssgproject.content_rule_cracklib_accounts_password_pam_minlen" role="full" time="2026-02-24T11:59:10+02:00" severity="medium" weight="1.000000">
      <result>fail</result>
      <ident system="https://ncp.nist.gov/cce">CCE-85573-4</ident>
      <check system="http://oval.mitre.org/XMLSchema/oval-definitions-5">
        <check-export export-name="oval:ssg-var_password_pam_minlen:var:1" value-id="xccdf_org.ssgproject.content_value_var_password_pam_minlen"/>
        <check-content-ref name="oval:ssg-cracklib_accounts_password_pam_minlen:def:1" href="ssg-sle15-oval.xml"/>
      </check>
    </rule-result>
    <rule-result idref="xccdf_org.ssgproject.content_rule_cracklib_accounts_password_pam_ocredit" role="full" time="2026-02-24T11:59:10+02:00" severity="medium" weight="1.000000">
      <result>fail</result>
      <ident system="https://ncp.nist.gov/cce">CCE-85574-2</ident>
      <check system="http://oval.mitre.org/XMLSchema/oval-definitions-5">
        <check-export export-name="oval:ssg-var_password_pam_ocredit:var:1" value-id="xccdf_org.ssgproject.content_value_var_password_pam_ocredit"/>
        <check-content-ref name="oval:ssg-cracklib_accounts_password_pam_ocredit:def:1" href="ssg-sle15-oval.xml"/>
      </check>
    </rule-result>
    <rule-result idref="xccdf_org.ssgproject.content_rule_cracklib_accounts_password_pam_retry" role="full" time="2026-02-24T11:59:10+02:00" severity="medium" weight="1.000000">
      <result>fail</result>
      <ident system="https://ncp.nist.gov/cce">CCE-85575-9</ident>
      <check system="http://oval.mitre.org/XMLSchema/oval-definitions-5">
        <check-export export-name="oval:ssg-var_password_pam_retry:var:1" value-id="xccdf_org.ssgproject.content_value_var_password_pam_retry"/>
        <check-content-ref name="oval:ssg-cracklib_accounts_password_pam_retry:def:1" href="ssg-sle15-oval.xml"/>
      </check>
    </rule-result>
    <rule-result idref="xccdf_org.ssgproject.content_rule_cracklib_accounts_password_pam_ucredit" role="full" time="2026-02-24T11:59:10+02:00" severity="medium" weight="1.000000">
      <result>fail</result>
      <ident system="https://ncp.nist.gov/cce">CCE-85675-7</ident>
      <check system="http://oval.mitre.org/XMLSchema/oval-definitions-5">
        <check-export export-name="oval:ssg-var_password_pam_ucredit:var:1" value-id="xccdf_org.ssgproject.content_value_var_password_pam_ucredit"/>
        <check-content-ref name="oval:ssg-cracklib_accounts_password_pam_ucredit:def:1" href="ssg-sle15-oval.xml"/>
      </check>
    </rule-result>
    <rule-result idref="xccdf_org.ssgproject.content_rule_accounts_password_pam_minlen" role="full" time="2026-02-24T11:59:10+02:00" severity="medium" weight="1.000000">
      <result>notselected</result>
      <ident system="https://ncp.nist.gov/cce">CCE-85785-4</ident>
    </rule-result>
    <rule-result idref="xccdf_org.ssgproject.content_rule_set_password_hashing_algorithm_commonauth" role="full" time="2026-02-24T11:59:10+02:00" severity="medium" weight="1.000000">
      <result>notselected</result>
      <ident system="https://ncp.nist.gov/cce">CCE-85754-0</ident>
    </rule-result>
    <rule-result idref="xccdf_org.ssgproject.content_rule_set_password_hashing_algorithm_libuserconf" role="full" time="2026-02-24T11:59:10+02:00" severity="medium" weight="1.000000">
      <result>notselected</result>
      <ident system="https://ncp.nist.gov/cce">CCE-85798-7</ident>
    </rule-result>
    <rule-result idref="xccdf_org.ssgproject.content_rule_set_password_hashing_algorithm_logindefs" role="full" time="2026-02-24T11:59:10+02:00" severity="medium" weight="1.000000">
      <result>pass</result>
      <ident system="https://ncp.nist.gov/cce">CCE-83279-0</ident>
      <check system="http://oval.mitre.org/XMLSchema/oval-definitions-5">
        <check-export export-name="oval:ssg-var_password_hashing_algorithm:var:1" value-id="xccdf_org.ssgproject.content_value_var_password_hashing_algorithm"/>
        <check-content-ref name="oval:ssg-set_password_hashing_algorithm_logindefs:def:1" href="ssg-sle15-oval.xml"/>
      </check>
    </rule-result>
    <rule-result idref="xccdf_org.ssgproject.content_rule_set_password_hashing_algorithm_passwordauth" role="full" time="2026-02-24T11:59:10+02:00" severity="medium" weight="1.000000">
      <result>notselected</result>
      <ident system="https://ncp.nist.gov/cce">CCE-92607-1</ident>
    </rule-result>
    <rule-result idref="xccdf_org.ssgproject.content_rule_set_password_hashing_algorithm_systemauth" role="full" time="2026-02-24T11:59:10+02:00" severity="medium" weight="1.000000">
      <result>notselected</result>
      <ident system="https://ncp.nist.gov/cce">CCE-85565-0</ident>
    </rule-result>
    <rule-result idref="xccdf_org.ssgproject.content_rule_set_password_hashing_min_rounds_logindefs" role="full" time="2026-02-24T11:59:10+02:00" severity="medium" weight="1.000000">
      <result>notselected</result>
      <ident system="https://ncp.nist.gov/cce">CCE-85567-6</ident>
    </rule-result>
    <rule-result idref="xccdf_org.ssgproject.content_rule_service_debug-shell_disabled" role="full" time="2026-02-24T11:59:10+02:00" severity="medium" weight="1.000000">
      <result>notselected</result>
      <ident system="https://ncp.nist.gov/cce">CCE-91421-8</ident>
    </rule-result>
    <rule-result idref="xccdf_org.ssgproject.content_rule_disable_ctrlaltdel_burstaction" role="full" time="2026-02-24T11:59:10+02:00" severity="high" weight="1.000000">
      <result>notselected</result>
      <ident system="https://ncp.nist.gov/cce">CCE-85665-8</ident>
    </rule-result>
    <rule-result idref="xccdf_org.ssgproject.content_rule_disable_ctrlaltdel_reboot" role="full" time="2026-02-24T11:59:10+02:00" severity="high" weight="1.000000">
      <result>notselected</result>
      <ident system="https://ncp.nist.gov/cce">CCE-85625-2</ident>
    </rule-result>
    <rule-result idref="xccdf_org.ssgproject.content_rule_grub2_disable_interactive_boot" role="full" time="2026-02-24T11:59:10+02:00" severity="medium" weight="1.000000">
      <result>notselected</result>
      <ident system="https://ncp.nist.gov/cce">CCE-91152-9</ident>
    </rule-result>
    <rule-result idref="xccdf_org.ssgproject.content_rule_require_emergency_target_auth" role="full" time="2026-02-24T11:59:10+02:00" severity="medium" weight="1.000000">
      <result>pass</result>
      <ident system="https://ncp.nist.gov/cce">CCE-91347-5</ident>
      <check system="http://oval.mitre.org/XMLSchema/oval-definitions-5">
        <check-content-ref name="oval:ssg-require_emergency_target_auth:def:1" href="ssg-sle15-oval.xml"/>
      </check>
    </rule-result>
    <rule-result idref="xccdf_org.ssgproject.content_rule_require_singleuser_auth" role="full" time="2026-02-24T11:59:10+02:00" severity="medium" weight="1.000000">
      <result>pass</result>
      <ident system="https://ncp.nist.gov/cce">CCE-91428-3</ident>
      <check system="http://oval.mitre.org/XMLSchema/oval-definitions-5">
        <check-content-ref name="oval:ssg-require_singleuser_auth:def:1" href="ssg-sle15-oval.xml"/>
      </check>
    </rule-result>
    <rule-result idref="xccdf_org.ssgproject.content_rule_vlock_installed" role="full" time="2026-02-24T11:59:10+02:00" severity="medium" weight="1.000000">
      <result>notselected</result>
      <ident system="https://ncp.nist.gov/cce">CCE-83268-3</ident>
    </rule-result>
    <rule-result idref="xccdf_org.ssgproject.content_rule_install_smartcard_packages" role="full" time="2026-02-24T11:59:10+02:00" severity="medium" weight="1.000000">
      <result>notselected</result>
      <ident system="https://ncp.nist.gov/cce">CCE-83292-3</ident>
    </rule-result>
    <rule-result idref="xccdf_org.ssgproject.content_rule_smartcard_configure_ca" role="full" time="2026-02-24T11:59:10+02:00" severity="medium" weight="1.000000">
      <result>notselected</result>
      <ident system="https://ncp.nist.gov/cce">CCE-83272-5</ident>
    </rule-result>
    <rule-result idref="xccdf_org.ssgproject.content_rule_smartcard_configure_cert_checking" role="full" time="2026-02-24T11:59:10+02:00" severity="medium" weight="1.000000">
      <result>notselected</result>
      <ident system="https://ncp.nist.gov/cce">CCE-83293-1</ident>
    </rule-result>
    <rule-result idref="xccdf_org.ssgproject.content_rule_smartcard_pam_enabled" role="full" time="2026-02-24T11:59:10+02:00" severity="medium" weight="1.000000">
      <result>notselected</result>
      <ident system="https://ncp.nist.gov/cce">CCE-85556-9</ident>
    </rule-result>
    <rule-result idref="xccdf_org.ssgproject.content_rule_account_unique_id" role="full" time="2026-02-24T11:59:10+02:00" severity="medium" weight="1.000000">
      <result>pass</result>
      <ident system="https://ncp.nist.gov/cce">CCE-83277-4</ident>
      <check system="http://oval.mitre.org/XMLSchema/oval-definitions-5">
        <check-content-ref name="oval:ssg-account_unique_id:def:1" href="ssg-sle15-oval.xml"/>
      </check>
    </rule-result>
    <rule-result idref="xccdf_org.ssgproject.content_rule_accounts_authorized_local_users" role="full" time="2026-02-24T11:59:10+02:00" severity="medium" weight="1.000000">
      <result>notselected</result>
      <ident system="https://ncp.nist.gov/cce">CCE-85561-9</ident>
    </rule-result>
    <rule-result idref="xccdf_org.ssgproject.content_rule_group_unique_id" role="full" time="2026-02-24T11:59:10+02:00" severity="medium" weight="1.000000">
      <result>pass</result>
      <ident system="https://ncp.nist.gov/cce">CCE-91339-2</ident>
      <check system="http://oval.mitre.org/XMLSchema/oval-definitions-5">
        <check-content-ref name="oval:ssg-group_unique_id:def:1" href="ssg-sle15-oval.xml"/>
      </check>
    </rule-result>
    <rule-result idref="xccdf_org.ssgproject.content_rule_group_unique_name" role="full" time="2026-02-24T11:59:10+02:00" severity="medium" weight="1.000000">
      <result>pass</result>
      <ident system="https://ncp.nist.gov/cce">CCE-91340-0</ident>
      <check system="http://oval.mitre.org/XMLSchema/oval-definitions-5">
        <check-content-ref name="oval:ssg-group_unique_name:def:1" href="ssg-sle15-oval.xml"/>
      </check>
    </rule-result>
    <rule-result idref="xccdf_org.ssgproject.content_rule_no_nologin_in_shells" role="full" time="2026-02-24T11:59:10+02:00" severity="medium" weight="1.000000">
      <result>notselected</result>
      <ident system="https://ncp.nist.gov/cce">CCE-92592-5</ident>
    </rule-result>
    <rule-result idref="xccdf_org.ssgproject.content_rule_account_disable_post_pw_expiration" role="full" time="2026-02-24T11:59:10+02:00" severity="medium" weight="1.000000">
      <result>fail</result>
      <ident system="https://ncp.nist.gov/cce">CCE-85558-5</ident>
      <check system="http://oval.mitre.org/XMLSchema/oval-definitions-5">
        <check-export export-name="oval:ssg-var_account_disable_post_pw_expiration:var:1" value-id="xccdf_org.ssgproject.content_value_var_account_disable_post_pw_expiration"/>
        <check-content-ref name="oval:ssg-account_disable_post_pw_expiration:def:1" href="ssg-sle15-oval.xml"/>
      </check>
    </rule-result>
    <rule-result idref="xccdf_org.ssgproject.content_rule_account_emergency_admin" role="full" time="2026-02-24T11:59:10+02:00" severity="medium" weight="1.000000">
      <result>notselected</result>
      <ident system="https://ncp.nist.gov/cce">CCE-85559-3</ident>
    </rule-result>
    <rule-result idref="xccdf_org.ssgproject.content_rule_account_temp_expire_date" role="full" time="2026-02-24T11:59:10+02:00" severity="medium" weight="1.000000">
      <result>notselected</result>
      <ident system="https://ncp.nist.gov/cce">CCE-85553-6</ident>
    </rule-result>
    <rule-result idref="xccdf_org.ssgproject.content_rule_account_unique_name" role="full" time="2026-02-24T11:59:10+02:00" severity="medium" weight="1.000000">
      <result>pass</result>
      <ident system="https://ncp.nist.gov/cce">CCE-85845-6</ident>
      <check system="http://oval.mitre.org/XMLSchema/oval-definitions-5">
        <check-content-ref name="oval:ssg-account_unique_name:def:1" href="ssg-sle15-oval.xml"/>
      </check>
    </rule-result>
    <rule-result idref="xccdf_org.ssgproject.content_rule_account_use_centralized_automated_auth" role="full" time="2026-02-24T11:59:10+02:00" severity="medium" weight="1.000000">
      <result>notselected</result>
    </rule-result>
    <rule-result idref="xccdf_org.ssgproject.content_rule_ensure_shadow_group_empty" role="full" time="2026-02-24T11:59:10+02:00" severity="medium" weight="1.000000">
      <result>pass</result>
      <ident system="https://ncp.nist.gov/cce">CCE-91344-2</ident>
      <check system="http://oval.mitre.org/XMLSchema/oval-definitions-5">
        <check-content-ref name="oval:ssg-ensure_shadow_group_empty:def:1" href="ssg-sle15-oval.xml"/>
      </check>
    </rule-result>
    <rule-result idref="xccdf_org.ssgproject.content_rule_accounts_maximum_age_login_defs" role="full" time="2026-02-24T11:59:10+02:00" severity="medium" weight="1.000000">
      <result>fail</result>
      <ident system="https://ncp.nist.gov/cce">CCE-85570-0</ident>
      <check system="http://oval.mitre.org/XMLSchema/oval-definitions-5">
        <check-export export-name="oval:ssg-var_accounts_maximum_age_login_defs:var:1" value-id="xccdf_org.ssgproject.content_value_var_accounts_maximum_age_login_defs"/>
        <check-content-ref name="oval:ssg-accounts_maximum_age_login_defs:def:1" href="ssg-sle15-oval.xml"/>
      </check>
    </rule-result>
    <rule-result idref="xccdf_org.ssgproject.content_rule_accounts_minimum_age_login_defs" role="full" time="2026-02-24T11:59:10+02:00" severity="medium" weight="1.000000">
      <result>fail</result>
      <ident system="https://ncp.nist.gov/cce">CCE-85720-1</ident>
      <check system="http://oval.mitre.org/XMLSchema/oval-definitions-5">
        <check-export export-name="oval:ssg-var_accounts_minimum_age_login_defs:var:1" value-id="xccdf_org.ssgproject.content_value_var_accounts_minimum_age_login_defs"/>
        <check-content-ref name="oval:ssg-accounts_minimum_age_login_defs:def:1" href="ssg-sle15-oval.xml"/>
      </check>
    </rule-result>
    <rule-result idref="xccdf_org.ssgproject.content_rule_accounts_password_minlen_login_defs" role="full" time="2026-02-24T11:59:10+02:00" severity="medium" weight="1.000000">
      <result>notselected</result>
      <ident system="https://ncp.nist.gov/cce">CCE-91168-5</ident>
    </rule-result>
    <rule-result idref="xccdf_org.ssgproject.content_rule_accounts_password_set_max_life_existing" role="full" time="2026-02-24T11:59:10+02:00" severity="medium" weight="1.000000">
      <result>fail</result>
      <ident system="https://ncp.nist.gov/cce">CCE-85571-8</ident>
      <check system="http://oval.mitre.org/XMLSchema/oval-definitions-5">
        <check-export export-name="oval:ssg-var_accounts_minimum_age_login_defs:var:1" value-id="xccdf_org.ssgproject.content_value_var_accounts_minimum_age_login_defs"/>
        <check-export export-name="oval:ssg-var_accounts_maximum_age_login_defs:var:1" value-id="xccdf_org.ssgproject.content_value_var_accounts_maximum_age_login_defs"/>
        <check-content-ref name="oval:ssg-accounts_password_set_max_life_existing:def:1" href="ssg-sle15-oval.xml"/>
      </check>
    </rule-result>
    <rule-result idref="xccdf_org.ssgproject.content_rule_accounts_password_set_max_life_root" role="full" time="2026-02-24T11:59:10+02:00" severity="medium" weight="1.000000">
      <result>notselected</result>
    </rule-result>
    <rule-result idref="xccdf_org.ssgproject.content_rule_accounts_password_set_min_life_existing" role="full" time="2026-02-24T11:59:10+02:00" severity="medium" weight="1.000000">
      <result>fail</result>
      <ident system="https://ncp.nist.gov/cce">CCE-85710-2</ident>
      <check system="http://oval.mitre.org/XMLSchema/oval-definitions-5">
        <check-export export-name="oval:ssg-var_accounts_minimum_age_login_defs:var:1" value-id="xccdf_org.ssgproject.content_value_var_accounts_minimum_age_login_defs"/>
        <check-export export-name="oval:ssg-var_accounts_maximum_age_login_defs:var:1" value-id="xccdf_org.ssgproject.content_value_var_accounts_maximum_age_login_defs"/>
        <check-content-ref name="oval:ssg-accounts_password_set_min_life_existing:def:1" href="ssg-sle15-oval.xml"/>
      </check>
    </rule-result>
    <rule-result idref="xccdf_org.ssgproject.content_rule_accounts_password_set_warn_age_existing" role="full" time="2026-02-24T11:59:10+02:00" severity="medium" weight="1.000000">
      <result>pass</result>
      <ident system="https://ncp.nist.gov/cce">CCE-92479-5</ident>
      <check system="http://oval.mitre.org/XMLSchema/oval-definitions-5">
        <check-export export-name="oval:ssg-var_accounts_password_warn_age_login_defs:var:1" value-id="xccdf_org.ssgproject.content_value_var_accounts_password_warn_age_login_defs"/>
        <check-content-ref name="oval:ssg-accounts_password_set_warn_age_existing:def:1" href="ssg-sle15-oval.xml"/>
      </check>
    </rule-result>
    <rule-result idref="xccdf_org.ssgproject.content_rule_accounts_password_warn_age_login_defs" role="full" time="2026-02-24T11:59:10+02:00" severity="medium" weight="1.000000">
      <result>pass</result>
      <ident system="https://ncp.nist.gov/cce">CCE-91335-0</ident>
      <check system="http://oval.mitre.org/XMLSchema/oval-definitions-5">
        <check-export export-name="oval:ssg-var_accounts_password_warn_age_login_defs:var:1" value-id="xccdf_org.ssgproject.content_value_var_accounts_password_warn_age_login_defs"/>
        <check-content-ref name="oval:ssg-accounts_password_warn_age_login_defs:def:1" href="ssg-sle15-oval.xml"/>
      </check>
    </rule-result>
    <rule-result idref="xccdf_org.ssgproject.content_rule_accounts_set_post_pw_existing" role="full" time="2026-02-24T11:59:10+02:00" severity="medium" weight="1.000000">
      <result>pass</result>
      <ident system="https://ncp.nist.gov/cce">CCE-92480-3</ident>
      <check system="http://oval.mitre.org/XMLSchema/oval-definitions-5">
        <check-export export-name="oval:ssg-var_account_disable_post_pw_expiration:var:1" value-id="xccdf_org.ssgproject.content_value_var_account_disable_post_pw_expiration"/>
        <check-content-ref name="oval:ssg-accounts_set_post_pw_existing:def:1" href="ssg-sle15-oval.xml"/>
      </check>
    </rule-result>
    <rule-result idref="xccdf_org.ssgproject.content_rule_accounts_password_all_shadowed" role="full" time="2026-02-24T11:59:10+02:00" severity="medium" weight="1.000000">
      <result>pass</result>
      <ident system="https://ncp.nist.gov/cce">CCE-85846-4</ident>
      <check system="http://oval.mitre.org/XMLSchema/oval-definitions-5">
        <check-content-ref name="oval:ssg-accounts_password_all_shadowed:def:1" href="ssg-sle15-oval.xml"/>
      </check>
    </rule-result>
    <rule-result idref="xccdf_org.ssgproject.content_rule_accounts_password_all_shadowed_sha512" role="full" time="2026-02-24T11:59:10+02:00" severity="medium" weight="1.000000">
      <result>pass</result>
      <ident system="https://ncp.nist.gov/cce">CCE-85566-8</ident>
      <check system="http://oval.mitre.org/XMLSchema/oval-definitions-5">
        <check-content-ref name="oval:ssg-accounts_password_all_shadowed_sha512:def:1" href="ssg-sle15-oval.xml"/>
      </check>
    </rule-result>
    <rule-result idref="xccdf_org.ssgproject.content_rule_accounts_password_last_change_is_in_past" role="full" time="2026-02-24T11:59:10+02:00" severity="medium" weight="1.000000">
      <result>pass</result>
      <ident system="https://ncp.nist.gov/cce">CCE-92504-0</ident>
      <check system="http://oval.mitre.org/XMLSchema/oval-definitions-5">
        <check-content-ref name="oval:ssg-accounts_password_last_change_is_in_past:def:1" href="ssg-sle15-oval.xml"/>
      </check>
    </rule-result>
    <rule-result idref="xccdf_org.ssgproject.content_rule_accounts_password_pam_unix_rounds_password_auth" role="full" time="2026-02-24T11:59:10+02:00" severity="medium" weight="1.000000">
      <result>notselected</result>
      <ident system="https://ncp.nist.gov/cce">CCE-91173-5</ident>
    </rule-result>
    <rule-result idref="xccdf_org.ssgproject.content_rule_accounts_password_pam_unix_rounds_system_auth" role="full" time="2026-02-24T11:59:10+02:00" severity="medium" weight="1.000000">
      <result>notselected</result>
      <ident system="https://ncp.nist.gov/cce">CCE-91172-7</ident>
    </rule-result>
    <rule-result idref="xccdf_org.ssgproject.content_rule_gid_passwd_group_same" role="full" time="2026-02-24T11:59:10+02:00" severity="low" weight="1.000000">
      <result>pass</result>
      <ident system="https://ncp.nist.gov/cce">CCE-85847-2</ident>
      <check system="http://oval.mitre.org/XMLSchema/oval-definitions-5">
        <check-content-ref name="oval:ssg-gid_passwd_group_same:def:1" href="ssg-sle15-oval.xml"/>
      </check>
    </rule-result>
    <rule-result idref="xccdf_org.ssgproject.content_rule_no_empty_passwords" role="full" time="2026-02-24T11:59:10+02:00" severity="high" weight="1.000000">
      <result>notselected</result>
      <ident system="https://ncp.nist.gov/cce">CCE-85576-7</ident>
    </rule-result>
    <rule-result idref="xccdf_org.ssgproject.content_rule_no_empty_passwords_etc_shadow" role="full" time="2026-02-24T11:59:10+02:00" severity="high" weight="1.000000">
      <result>notselected</result>
      <ident system="https://ncp.nist.gov/cce">CCE-91155-2</ident>
    </rule-result>
    <rule-result idref="xccdf_org.ssgproject.content_rule_no_forward_files" role="full" time="2026-02-24T11:59:10+02:00" severity="medium" weight="1.000000">
      <result>pass</result>
      <ident system="https://ncp.nist.gov/cce">CCE-92622-0</ident>
      <check system="http://oval.mitre.org/XMLSchema/oval-definitions-5">
        <check-content-ref name="oval:ssg-no_forward_files:def:1" href="ssg-sle15-oval.xml"/>
      </check>
    </rule-result>
    <rule-result idref="xccdf_org.ssgproject.content_rule_no_legacy_plus_entries_etc_group" role="full" time="2026-02-24T11:59:10+02:00" severity="medium" weight="1.000000">
      <result>notselected</result>
    </rule-result>
    <rule-result idref="xccdf_org.ssgproject.content_rule_no_legacy_plus_entries_etc_passwd" role="full" time="2026-02-24T11:59:10+02:00" severity="medium" weight="1.000000">
      <result>pass</result>
      <ident system="https://ncp.nist.gov/cce">CCE-91399-6</ident>
      <check system="http://oval.mitre.org/XMLSchema/oval-definitions-5">
        <check-content-ref name="oval:ssg-no_legacy_plus_entries_etc_passwd:def:1" href="ssg-sle15-oval.xml"/>
      </check>
    </rule-result>
    <rule-result idref="xccdf_org.ssgproject.content_rule_no_legacy_plus_entries_etc_shadow" role="full" time="2026-02-24T11:59:10+02:00" severity="medium" weight="1.000000">
      <result>pass</result>
      <ident system="https://ncp.nist.gov/cce">CCE-91402-8</ident>
      <check system="http://oval.mitre.org/XMLSchema/oval-definitions-5">
        <check-content-ref name="oval:ssg-no_legacy_plus_entries_etc_shadow:def:1" href="ssg-sle15-oval.xml"/>
      </check>
    </rule-result>
    <rule-result idref="xccdf_org.ssgproject.content_rule_no_netrc_files" role="full" time="2026-02-24T11:59:10+02:00" severity="medium" weight="1.000000">
      <result>pass</result>
      <ident system="https://ncp.nist.gov/cce">CCE-92655-0</ident>
      <check system="http://oval.mitre.org/XMLSchema/oval-definitions-5">
        <check-content-ref name="oval:ssg-no_netrc_files:def:1" href="ssg-sle15-oval.xml"/>
      </check>
    </rule-result>
    <rule-result idref="xccdf_org.ssgproject.content_rule_accounts_no_uid_except_zero" role="full" time="2026-02-24T11:59:10+02:00" severity="high" weight="1.000000">
      <result>pass</result>
      <ident system="https://ncp.nist.gov/cce">CCE-85664-1</ident>
      <check system="http://oval.mitre.org/XMLSchema/oval-definitions-5">
        <check-content-ref name="oval:ssg-accounts_no_uid_except_zero:def:1" href="ssg-sle15-oval.xml"/>
      </check>
    </rule-result>
    <rule-result idref="xccdf_org.ssgproject.content_rule_accounts_root_gid_zero" role="full" time="2026-02-24T11:59:10+02:00" severity="high" weight="1.000000">
      <result>pass</result>
      <ident system="https://ncp.nist.gov/cce">CCE-91289-9</ident>
      <check system="http://oval.mitre.org/XMLSchema/oval-definitions-5">
        <check-content-ref name="oval:ssg-accounts_root_gid_zero:def:1" href="ssg-sle15-oval.xml"/>
      </check>
    </rule-result>
    <rule-result idref="xccdf_org.ssgproject.content_rule_ensure_pam_wheel_group_empty" role="full" time="2026-02-24T11:59:10+02:00" severity="medium" weight="1.000000">
      <result>fail</result>
      <ident system="https://ncp.nist.gov/cce">CCE-92528-9</ident>
      <check system="http://oval.mitre.org/XMLSchema/oval-definitions-5">
        <check-export export-name="oval:ssg-var_pam_wheel_group_for_su:var:1" value-id="xccdf_org.ssgproject.content_value_var_pam_wheel_group_for_su"/>
        <check-content-ref name="oval:ssg-ensure_pam_wheel_group_empty:def:1" href="ssg-sle15-oval.xml"/>
      </check>
    </rule-result>
    <rule-result idref="xccdf_org.ssgproject.content_rule_ensure_root_password_configured" role="full" time="2026-02-24T11:59:10+02:00" severity="medium" weight="1.000000">
      <result>notselected</result>
      <ident system="https://ncp.nist.gov/cce">CCE-92532-1</ident>
    </rule-result>
    <rule-result idref="xccdf_org.ssgproject.content_rule_groups_no_zero_gid_except_root" role="full" time="2026-02-24T11:59:10+02:00" severity="high" weight="1.000000">
      <result>notselected</result>
      <ident system="https://ncp.nist.gov/cce">CCE-92565-1</ident>
    </rule-result>
    <rule-result idref="xccdf_org.ssgproject.content_rule_no_direct_root_logins" role="full" time="2026-02-24T11:59:10+02:00" severity="medium" weight="1.000000">
      <result>fail</result>
      <ident system="https://ncp.nist.gov/cce">CCE-91427-5</ident>
      <check system="http://oval.mitre.org/XMLSchema/oval-definitions-5">
        <check-content-ref name="oval:ssg-no_direct_root_logins:def:1" href="ssg-sle15-oval.xml"/>
      </check>
    </rule-result>
    <rule-result idref="xccdf_org.ssgproject.content_rule_no_invalid_shell_accounts_unlocked" role="full" time="2026-02-24T11:59:10+02:00" severity="medium" weight="1.000000">
      <result>notselected</result>
      <ident system="https://ncp.nist.gov/cce">CCE-92591-7</ident>
    </rule-result>
    <rule-result idref="xccdf_org.ssgproject.content_rule_no_password_auth_for_systemaccounts" role="full" time="2026-02-24T11:59:10+02:00" severity="medium" weight="1.000000">
      <result>notselected</result>
      <ident system="https://ncp.nist.gov/cce">CCE-92593-3</ident>
    </rule-result>
    <rule-result idref="xccdf_org.ssgproject.content_rule_no_shelllogin_for_systemaccounts" role="full" time="2026-02-24T11:59:10+02:00" severity="medium" weight="1.000000">
      <result>pass</result>
      <ident system="https://ncp.nist.gov/cce">CCE-85672-4</ident>
      <check system="http://oval.mitre.org/XMLSchema/oval-definitions-5">
        <check-content-ref name="oval:ssg-no_shelllogin_for_systemaccounts:def:1" href="ssg-sle15-oval.xml"/>
      </check>
    </rule-result>
    <rule-result idref="xccdf_org.ssgproject.content_rule_restrict_serial_port_logins" role="full" time="2026-02-24T11:59:10+02:00" severity="medium" weight="1.000000">
      <result>notselected</result>
      <ident system="https://ncp.nist.gov/cce">CCE-91429-1</ident>
    </rule-result>
    <rule-result idref="xccdf_org.ssgproject.content_rule_securetty_root_login_console_only" role="full" time="2026-02-24T11:59:10+02:00" severity="medium" weight="1.000000">
      <result>pass</result>
      <ident system="https://ncp.nist.gov/cce">CCE-91430-9</ident>
      <check system="http://oval.mitre.org/XMLSchema/oval-definitions-5">
        <check-content-ref name="oval:ssg-securetty_root_login_console_only:def:1" href="ssg-sle15-oval.xml"/>
      </check>
    </rule-result>
    <rule-result idref="xccdf_org.ssgproject.content_rule_use_pam_wheel_for_su" role="full" time="2026-02-24T11:59:10+02:00" severity="medium" weight="1.000000">
      <result>notselected</result>
      <ident system="https://ncp.nist.gov/cce">CCE-91336-8</ident>
    </rule-result>
    <rule-result idref="xccdf_org.ssgproject.content_rule_use_pam_wheel_group_for_su" role="full" time="2026-02-24T11:59:10+02:00" severity="medium" weight="1.000000">
      <result>fail</result>
      <ident system="https://ncp.nist.gov/cce">CCE-92522-2</ident>
      <check system="http://oval.mitre.org/XMLSchema/oval-definitions-5">
        <check-export export-name="oval:ssg-var_pam_wheel_group_for_su:var:1" value-id="xccdf_org.ssgproject.content_value_var_pam_wheel_group_for_su"/>
        <check-content-ref name="oval:ssg-use_pam_wheel_group_for_su:def:1" href="ssg-sle15-oval.xml"/>
      </check>
    </rule-result>
    <rule-result idref="xccdf_org.ssgproject.content_rule_accounts_have_homedir_login_defs" role="full" time="2026-02-24T11:59:10+02:00" severity="medium" weight="1.000000">
      <result>notselected</result>
      <ident system="https://ncp.nist.gov/cce">CCE-85562-7</ident>
    </rule-result>
    <rule-result idref="xccdf_org.ssgproject.content_rule_accounts_logon_fail_delay" role="full" time="2026-02-24T11:59:10+02:00" severity="medium" weight="1.000000">
      <result>notselected</result>
    </rule-result>
    <rule-result idref="xccdf_org.ssgproject.content_rule_accounts_max_concurrent_login_sessions" role="full" time="2026-02-24T11:59:10+02:00" severity="low" weight="1.000000">
      <result>notselected</result>
      <ident system="https://ncp.nist.gov/cce">CCE-85555-1</ident>
    </rule-result>
    <rule-result idref="xccdf_org.ssgproject.content_rule_accounts_polyinstantiated_tmp" role="full" time="2026-02-24T11:59:10+02:00" severity="low" weight="1.000000">
      <result>notselected</result>
      <ident system="https://ncp.nist.gov/cce">CCE-91197-4</ident>
    </rule-result>
    <rule-result idref="xccdf_org.ssgproject.content_rule_accounts_polyinstantiated_var_tmp" role="full" time="2026-02-24T11:59:10+02:00" severity="low" weight="1.000000">
      <result>notselected</result>
      <ident system="https://ncp.nist.gov/cce">CCE-91198-2</ident>
    </rule-result>
    <rule-result idref="xccdf_org.ssgproject.content_rule_accounts_tmout" role="full" time="2026-02-24T11:59:10+02:00" severity="medium" weight="1.000000">
      <result>fail</result>
      <ident system="https://ncp.nist.gov/cce">CCE-83269-1</ident>
      <check system="http://oval.mitre.org/XMLSchema/oval-definitions-5">
        <check-export export-name="oval:ssg-var_accounts_tmout:var:1" value-id="xccdf_org.ssgproject.content_value_var_accounts_tmout"/>
        <check-content-ref name="oval:ssg-accounts_tmout:def:1" href="ssg-sle15-oval.xml"/>
      </check>
    </rule-result>
    <rule-result idref="xccdf_org.ssgproject.content_rule_accounts_user_dot_group_ownership" role="full" time="2026-02-24T11:59:10+02:00" severity="medium" weight="1.000000">
      <result>notselected</result>
      <ident system="https://ncp.nist.gov/cce">CCE-91408-5</ident>
    </rule-result>
    <rule-result idref="xccdf_org.ssgproject.content_rule_accounts_user_dot_no_world_writable_programs" role="full" time="2026-02-24T11:59:10+02:00" severity="medium" weight="1.000000">
      <result>notselected</result>
      <ident system="https://ncp.nist.gov/cce">CCE-85632-8</ident>
    </rule-result>
    <rule-result idref="xccdf_org.ssgproject.content_rule_accounts_user_dot_user_ownership" role="full" time="2026-02-24T11:59:10+02:00" severity="medium" weight="1.000000">
      <result>notselected</result>
      <ident system="https://ncp.nist.gov/cce">CCE-91409-3</ident>
    </rule-result>
    <rule-result idref="xccdf_org.ssgproject.content_rule_accounts_user_home_paths_only" role="full" time="2026-02-24T11:59:10+02:00" severity="medium" weight="1.000000">
      <result>notselected</result>
      <ident system="https://ncp.nist.gov/cce">CCE-85631-0</ident>
    </rule-result>
    <rule-result idref="xccdf_org.ssgproject.content_rule_accounts_user_interactive_home_directory_defined" role="full" time="2026-02-24T11:59:10+02:00" severity="medium" weight="1.000000">
      <result>notselected</result>
      <ident system="https://ncp.nist.gov/cce">CCE-85627-8</ident>
    </rule-result>
    <rule-result idref="xccdf_org.ssgproject.content_rule_accounts_user_interactive_home_directory_exists" role="full" time="2026-02-24T11:59:10+02:00" severity="medium" weight="1.000000">
      <result>pass</result>
      <ident system="https://ncp.nist.gov/cce">CCE-85628-6</ident>
      <check system="http://oval.mitre.org/XMLSchema/oval-definitions-5">
        <check-content-ref name="oval:ssg-accounts_user_interactive_home_directory_exists:def:1" href="ssg-sle15-oval.xml"/>
      </check>
    </rule-result>
    <rule-result idref="xccdf_org.ssgproject.content_rule_accounts_users_home_files_groupownership" role="full" time="2026-02-24T11:59:10+02:00" severity="medium" weight="1.000000">
      <result>notselected</result>
      <ident system="https://ncp.nist.gov/cce">CCE-91405-1</ident>
    </rule-result>
    <rule-result idref="xccdf_org.ssgproject.content_rule_accounts_users_home_files_ownership" role="full" time="2026-02-24T11:59:10+02:00" severity="medium" weight="1.000000">
      <result>notselected</result>
      <ident system="https://ncp.nist.gov/cce">CCE-91406-9</ident>
    </rule-result>
    <rule-result idref="xccdf_org.ssgproject.content_rule_accounts_users_home_files_permissions" role="full" time="2026-02-24T11:59:10+02:00" severity="medium" weight="1.000000">
      <result>fail</result>
      <ident system="https://ncp.nist.gov/cce">CCE-91403-6</ident>
      <check system="http://oval.mitre.org/XMLSchema/oval-definitions-5">
        <check-content-ref name="oval:ssg-accounts_users_home_files_permissions:def:1" href="ssg-sle15-oval.xml"/>
      </check>
    </rule-result>
    <rule-result idref="xccdf_org.ssgproject.content_rule_accounts_users_netrc_file_permissions" role="full" time="2026-02-24T11:59:10+02:00" severity="medium" weight="1.000000">
      <result>pass</result>
      <ident system="https://ncp.nist.gov/cce">CCE-92697-2</ident>
      <check system="http://oval.mitre.org/XMLSchema/oval-definitions-5">
        <check-content-ref name="oval:ssg-accounts_users_netrc_file_permissions:def:1" href="ssg-sle15-oval.xml"/>
      </check>
    </rule-result>
    <rule-result idref="xccdf_org.ssgproject.content_rule_accounts_users_own_home_directories" role="full" time="2026-02-24T11:59:10+02:00" severity="medium" weight="1.000000">
      <result>notselected</result>
      <ident system="https://ncp.nist.gov/cce">CCE-91407-7</ident>
    </rule-result>
    <rule-result idref="xccdf_org.ssgproject.content_rule_file_groupownership_home_directories" role="full" time="2026-02-24T11:59:10+02:00" severity="medium" weight="1.000000">
      <result>notselected</result>
      <ident system="https://ncp.nist.gov/cce">CCE-85711-0</ident>
    </rule-result>
    <rule-result idref="xccdf_org.ssgproject.content_rule_file_ownership_home_directories" role="full" time="2026-02-24T11:59:10+02:00" severity="medium" weight="1.000000">
      <result>notselected</result>
      <ident system="https://ncp.nist.gov/cce">CCE-91404-4</ident>
    </rule-result>
    <rule-result idref="xccdf_org.ssgproject.content_rule_file_permission_user_bash_history" role="full" time="2026-02-24T11:59:10+02:00" severity="medium" weight="1.000000">
      <result>notselected</result>
      <ident system="https://ncp.nist.gov/cce">CCE-92554-5</ident>
    </rule-result>
    <rule-result idref="xccdf_org.ssgproject.content_rule_file_permission_user_init_files" role="full" time="2026-02-24T11:59:10+02:00" severity="medium" weight="1.000000">
      <result>notselected</result>
      <ident system="https://ncp.nist.gov/cce">CCE-85630-2</ident>
    </rule-result>
    <rule-result idref="xccdf_org.ssgproject.content_rule_file_permissions_home_directories" role="full" time="2026-02-24T11:59:10+02:00" severity="medium" weight="1.000000">
      <result>fail</result>
      <ident system="https://ncp.nist.gov/cce">CCE-85629-4</ident>
      <check system="http://oval.mitre.org/XMLSchema/oval-definitions-5">
        <check-content-ref name="oval:ssg-file_permissions_home_directories:def:1" href="ssg-sle15-oval.xml"/>
      </check>
    </rule-result>
    <rule-result idref="xccdf_org.ssgproject.content_rule_file_permissions_home_dirs" role="full" time="2026-02-24T11:59:10+02:00" severity="medium" weight="1.000000">
      <result>notselected</result>
    </rule-result>
    <rule-result idref="xccdf_org.ssgproject.content_rule_accounts_root_path_dirs_no_write" role="full" time="2026-02-24T11:59:10+02:00" severity="medium" weight="1.000000">
      <result>pass</result>
      <ident system="https://ncp.nist.gov/cce">CCE-91401-0</ident>
      <check system="http://oval.mitre.org/XMLSchema/oval-definitions-5">
        <check-content-ref name="oval:ssg-accounts_root_path_dirs_no_write:def:1" href="ssg-sle15-oval.xml"/>
      </check>
    </rule-result>
    <rule-result idref="xccdf_org.ssgproject.content_rule_root_path_no_dot" role="full" time="2026-02-24T11:59:10+02:00" severity="unknown" weight="1.000000">
      <result>pass</result>
      <ident system="https://ncp.nist.gov/cce">CCE-91400-2</ident>
      <check system="http://oval.mitre.org/XMLSchema/oval-definitions-5">
        <check-content-ref name="oval:ssg-root_path_no_dot:def:1" href="ssg-sle15-oval.xml"/>
      </check>
    </rule-result>
    <rule-result idref="xccdf_org.ssgproject.content_rule_accounts_umask_etc_bashrc" role="full" time="2026-02-24T11:59:10+02:00" severity="medium" weight="1.000000">
      <result>fail</result>
      <ident system="https://ncp.nist.gov/cce">CCE-91215-4</ident>
      <check system="http://oval.mitre.org/XMLSchema/oval-definitions-5">
        <check-export export-name="oval:ssg-var_accounts_user_umask:var:1" value-id="xccdf_org.ssgproject.content_value_var_accounts_user_umask"/>
        <check-content-ref name="oval:ssg-accounts_umask_etc_bashrc:def:1" href="ssg-sle15-oval.xml"/>
      </check>
    </rule-result>
    <rule-result idref="xccdf_org.ssgproject.content_rule_accounts_umask_etc_csh_cshrc" role="full" time="2026-02-24T11:59:10+02:00" severity="medium" weight="1.000000">
      <result>notselected</result>
    </rule-result>
    <rule-result idref="xccdf_org.ssgproject.content_rule_accounts_umask_etc_login_defs" role="full" time="2026-02-24T11:59:10+02:00" severity="medium" weight="1.000000">
      <result>fail</result>
      <ident system="https://ncp.nist.gov/cce">CCE-85659-1</ident>
      <check system="http://oval.mitre.org/XMLSchema/oval-definitions-5">
        <check-export export-name="oval:ssg-var_accounts_user_umask:var:1" value-id="xccdf_org.ssgproject.content_value_var_accounts_user_umask"/>
        <check-content-ref name="oval:ssg-accounts_umask_etc_login_defs:def:1" href="ssg-sle15-oval.xml"/>
      </check>
    </rule-result>
    <rule-result idref="xccdf_org.ssgproject.content_rule_accounts_umask_etc_profile" role="full" time="2026-02-24T11:59:10+02:00" severity="medium" weight="1.000000">
      <result>fail</result>
      <ident system="https://ncp.nist.gov/cce">CCE-91216-2</ident>
      <check system="http://oval.mitre.org/XMLSchema/oval-definitions-5">
        <check-export export-name="oval:ssg-var_accounts_user_umask:var:1" value-id="xccdf_org.ssgproject.content_value_var_accounts_user_umask"/>
        <check-content-ref name="oval:ssg-accounts_umask_etc_profile:def:1" href="ssg-sle15-oval.xml"/>
      </check>
    </rule-result>
    <rule-result idref="xccdf_org.ssgproject.content_rule_accounts_umask_interactive_users" role="full" time="2026-02-24T11:59:10+02:00" severity="medium" weight="1.000000">
      <result>notselected</result>
    </rule-result>
    <rule-result idref="xccdf_org.ssgproject.content_rule_accounts_umask_root" role="full" time="2026-02-24T11:59:10+02:00" severity="medium" weight="1.000000">
      <result>notselected</result>
      <ident system="https://ncp.nist.gov/cce">CCE-92484-5</ident>
    </rule-result>
    <rule-result idref="xccdf_org.ssgproject.content_rule_package_apparmor_installed" role="full" time="2026-02-24T11:59:10+02:00" severity="medium" weight="1.000000">
      <result>fail</result>
      <ident system="https://ncp.nist.gov/cce">CCE-92594-1</ident>
      <check system="http://oval.mitre.org/XMLSchema/oval-definitions-5">
        <check-content-ref name="oval:ssg-package_apparmor_installed:def:1" href="ssg-sle15-oval.xml"/>
      </check>
    </rule-result>
    <rule-result idref="xccdf_org.ssgproject.content_rule_package_pam_apparmor_installed" role="full" time="2026-02-24T11:59:10+02:00" severity="medium" weight="1.000000">
      <result>notselected</result>
      <ident system="https://ncp.nist.gov/cce">CCE-85765-6</ident>
    </rule-result>
    <rule-result idref="xccdf_org.ssgproject.content_rule_all_apparmor_profiles_enforced" role="full" time="2026-02-24T11:59:10+02:00" severity="medium" weight="1.000000">
      <result>notselected</result>
      <ident system="https://ncp.nist.gov/cce">CCE-92536-2</ident>
    </rule-result>
    <rule-result idref="xccdf_org.ssgproject.content_rule_all_apparmor_profiles_in_enforce_complain_mode" role="full" time="2026-02-24T11:59:10+02:00" severity="medium" weight="1.000000">
      <result>notapplicable</result>
      <ident system="https://ncp.nist.gov/cce">CCE-92548-7</ident>
    </rule-result>
    <rule-result idref="xccdf_org.ssgproject.content_rule_apparmor_configured" role="full" time="2026-02-24T11:59:13+02:00" severity="medium" weight="1.000000">
      <result>fail</result>
      <ident system="https://ncp.nist.gov/cce">CCE-85752-4</ident>
      <check system="http://oval.mitre.org/XMLSchema/oval-definitions-5">
        <check-content-ref name="oval:ssg-apparmor_configured:def:1" href="ssg-sle15-oval.xml"/>
      </check>
    </rule-result>
    <rule-result idref="xccdf_org.ssgproject.content_rule_grub2_enable_apparmor" role="full" time="2026-02-24T11:59:13+02:00" severity="medium" weight="1.000000">
      <result>notselected</result>
    </rule-result>
    <rule-result idref="xccdf_org.ssgproject.content_rule_grub2_disable_recovery" role="full" time="2026-02-24T11:59:13+02:00" severity="medium" weight="1.000000">
      <result>notselected</result>
    </rule-result>
    <rule-result idref="xccdf_org.ssgproject.content_rule_grub2_enable_iommu_force" role="full" time="2026-02-24T11:59:13+02:00" severity="unknown" weight="1.000000">
      <result>notselected</result>
      <ident system="https://ncp.nist.gov/cce">CCE-91217-0</ident>
    </rule-result>
    <rule-result idref="xccdf_org.ssgproject.content_rule_grub2_l1tf_argument" role="full" time="2026-02-24T11:59:13+02:00" severity="high" weight="1.000000">
      <result>notselected</result>
    </rule-result>
    <rule-result idref="xccdf_org.ssgproject.content_rule_grub2_mce_argument" role="full" time="2026-02-24T11:59:13+02:00" severity="medium" weight="1.000000">
      <result>notselected</result>
    </rule-result>
    <rule-result idref="xccdf_org.ssgproject.content_rule_grub2_nosmap_argument_absent" role="full" time="2026-02-24T11:59:13+02:00" severity="medium" weight="1.000000">
      <result>notselected</result>
    </rule-result>
    <rule-result idref="xccdf_org.ssgproject.content_rule_grub2_nosmep_argument_absent" role="full" time="2026-02-24T11:59:13+02:00" severity="medium" weight="1.000000">
      <result>notselected</result>
    </rule-result>
    <rule-result idref="xccdf_org.ssgproject.content_rule_grub2_rng_core_default_quality_argument" role="full" time="2026-02-24T11:59:13+02:00" severity="low" weight="1.000000">
      <result>notselected</result>
    </rule-result>
    <rule-result idref="xccdf_org.ssgproject.content_rule_grub2_slab_nomerge_argument" role="full" time="2026-02-24T11:59:13+02:00" severity="medium" weight="1.000000">
      <result>notselected</result>
    </rule-result>
    <rule-result idref="xccdf_org.ssgproject.content_rule_grub2_spec_store_bypass_disable_argument" role="full" time="2026-02-24T11:59:13+02:00" severity="medium" weight="1.000000">
      <result>notselected</result>
    </rule-result>
    <rule-result idref="xccdf_org.ssgproject.content_rule_grub2_spectre_v2_argument" role="full" time="2026-02-24T11:59:13+02:00" severity="high" weight="1.000000">
      <result>notselected</result>
    </rule-result>
    <rule-result idref="xccdf_org.ssgproject.content_rule_grub2_systemd_debug-shell_argument_absent" role="full" time="2026-02-24T11:59:13+02:00" severity="medium" weight="1.000000">
      <result>notselected</result>
    </rule-result>
    <rule-result idref="xccdf_org.ssgproject.content_rule_file_groupowner_grub2_cfg" role="full" time="2026-02-24T11:59:13+02:00" severity="medium" weight="1.000000">
      <result>pass</result>
      <ident system="https://ncp.nist.gov/cce">CCE-85849-8</ident>
      <check system="http://oval.mitre.org/XMLSchema/oval-definitions-5">
        <check-content-ref name="oval:ssg-file_groupowner_grub2_cfg:def:1" href="ssg-sle15-oval.xml"/>
      </check>
    </rule-result>
    <rule-result idref="xccdf_org.ssgproject.content_rule_file_groupowner_user_cfg" role="full" time="2026-02-24T11:59:13+02:00" severity="medium" weight="1.000000">
      <result>notselected</result>
    </rule-result>
    <rule-result idref="xccdf_org.ssgproject.content_rule_file_owner_grub2_cfg" role="full" time="2026-02-24T11:59:13+02:00" severity="medium" weight="1.000000">
      <result>pass</result>
      <ident system="https://ncp.nist.gov/cce">CCE-85848-0</ident>
      <check system="http://oval.mitre.org/XMLSchema/oval-definitions-5">
        <check-content-ref name="oval:ssg-file_owner_grub2_cfg:def:1" href="ssg-sle15-oval.xml"/>
      </check>
    </rule-result>
    <rule-result idref="xccdf_org.ssgproject.content_rule_file_owner_user_cfg" role="full" time="2026-02-24T11:59:13+02:00" severity="medium" weight="1.000000">
      <result>notselected</result>
    </rule-result>
    <rule-result idref="xccdf_org.ssgproject.content_rule_file_permissions_grub2_cfg" role="full" time="2026-02-24T11:59:13+02:00" severity="medium" weight="1.000000">
      <result>pass</result>
      <ident system="https://ncp.nist.gov/cce">CCE-91426-7</ident>
      <check system="http://oval.mitre.org/XMLSchema/oval-definitions-5">
        <check-content-ref name="oval:ssg-file_permissions_grub2_cfg:def:1" href="ssg-sle15-oval.xml"/>
      </check>
    </rule-result>
    <rule-result idref="xccdf_org.ssgproject.content_rule_file_permissions_user_cfg" role="full" time="2026-02-24T11:59:13+02:00" severity="medium" weight="1.000000">
      <result>notselected</result>
    </rule-result>
    <rule-result idref="xccdf_org.ssgproject.content_rule_grub2_password" role="full" time="2026-02-24T11:59:13+02:00" severity="high" weight="1.000000">
      <result>fail</result>
      <ident system="https://ncp.nist.gov/cce">CCE-83274-1</ident>
      <check system="http://oval.mitre.org/XMLSchema/oval-definitions-5">
        <check-content-ref name="oval:ssg-grub2_password:def:1" href="ssg-sle15-oval.xml"/>
      </check>
    </rule-result>
    <rule-result idref="xccdf_org.ssgproject.content_rule_file_groupowner_efi_grub2_cfg" role="full" time="2026-02-24T11:59:13+02:00" severity="medium" weight="1.000000">
      <result>notselected</result>
    </rule-result>
    <rule-result idref="xccdf_org.ssgproject.content_rule_file_groupowner_efi_user_cfg" role="full" time="2026-02-24T11:59:13+02:00" severity="medium" weight="1.000000">
      <result>notselected</result>
    </rule-result>
    <rule-result idref="xccdf_org.ssgproject.content_rule_file_owner_efi_grub2_cfg" role="full" time="2026-02-24T11:59:13+02:00" severity="medium" weight="1.000000">
      <result>notselected</result>
    </rule-result>
    <rule-result idref="xccdf_org.ssgproject.content_rule_file_owner_efi_user_cfg" role="full" time="2026-02-24T11:59:13+02:00" severity="medium" weight="1.000000">
      <result>notselected</result>
    </rule-result>
    <rule-result idref="xccdf_org.ssgproject.content_rule_file_permissions_efi_grub2_cfg" role="full" time="2026-02-24T11:59:13+02:00" severity="medium" weight="1.000000">
      <result>notselected</result>
    </rule-result>
    <rule-result idref="xccdf_org.ssgproject.content_rule_file_permissions_efi_user_cfg" role="full" time="2026-02-24T11:59:13+02:00" severity="medium" weight="1.000000">
      <result>notselected</result>
    </rule-result>
    <rule-result idref="xccdf_org.ssgproject.content_rule_grub2_uefi_password" role="full" time="2026-02-24T11:59:13+02:00" severity="high" weight="1.000000">
      <result>fail</result>
      <ident system="https://ncp.nist.gov/cce">CCE-83275-8</ident>
      <check system="http://oval.mitre.org/XMLSchema/oval-definitions-5">
        <check-content-ref name="oval:ssg-grub2_uefi_password:def:1" href="ssg-sle15-oval.xml"/>
      </check>
    </rule-result>
    <rule-result idref="xccdf_org.ssgproject.content_rule_kernel_disable_entropy_contribution_for_solid_state_drives" role="full" time="2026-02-24T11:59:13+02:00" severity="medium" weight="1.000000">
      <result>notselected</result>
    </rule-result>
    <rule-result idref="xccdf_org.ssgproject.content_rule_kernel_config_acpi_custom_method" role="full" time="2026-02-24T11:59:13+02:00" severity="low" weight="1.000000">
      <result>notselected</result>
    </rule-result>
    <rule-result idref="xccdf_org.ssgproject.content_rule_kernel_config_binfmt_misc" role="full" time="2026-02-24T11:59:13+02:00" severity="medium" weight="1.000000">
      <result>notselected</result>
    </rule-result>
    <rule-result idref="xccdf_org.ssgproject.content_rule_kernel_config_bug" role="full" time="2026-02-24T11:59:13+02:00" severity="medium" weight="1.000000">
      <result>notselected</result>
    </rule-result>
    <rule-result idref="xccdf_org.ssgproject.content_rule_kernel_config_compat_brk" role="full" time="2026-02-24T11:59:13+02:00" severity="medium" weight="1.000000">
      <result>notselected</result>
    </rule-result>
    <rule-result idref="xccdf_org.ssgproject.content_rule_kernel_config_compat_vdso" role="full" time="2026-02-24T11:59:13+02:00" severity="low" weight="1.000000">
      <result>notselected</result>
    </rule-result>
    <rule-result idref="xccdf_org.ssgproject.content_rule_kernel_config_debug_credentials" role="full" time="2026-02-24T11:59:13+02:00" severity="low" weight="1.000000">
      <result>notselected</result>
    </rule-result>
    <rule-result idref="xccdf_org.ssgproject.content_rule_kernel_config_debug_fs" role="full" time="2026-02-24T11:59:13+02:00" severity="low" weight="1.000000">
      <result>notselected</result>
    </rule-result>
    <rule-result idref="xccdf_org.ssgproject.content_rule_kernel_config_debug_list" role="full" time="2026-02-24T11:59:13+02:00" severity="low" weight="1.000000">
      <result>notselected</result>
    </rule-result>
    <rule-result idref="xccdf_org.ssgproject.content_rule_kernel_config_debug_notifiers" role="full" time="2026-02-24T11:59:13+02:00" severity="low" weight="1.000000">
      <result>notselected</result>
    </rule-result>
    <rule-result idref="xccdf_org.ssgproject.content_rule_kernel_config_debug_sg" role="full" time="2026-02-24T11:59:13+02:00" severity="low" weight="1.000000">
      <result>notselected</result>
    </rule-result>
    <rule-result idref="xccdf_org.ssgproject.content_rule_kernel_config_default_mmap_min_addr" role="full" time="2026-02-24T11:59:13+02:00" severity="medium" weight="1.000000">
      <result>notselected</result>
    </rule-result>
    <rule-result idref="xccdf_org.ssgproject.content_rule_kernel_config_devkmem" role="full" time="2026-02-24T11:59:13+02:00" severity="low" weight="1.000000">
      <result>notselected</result>
    </rule-result>
    <rule-result idref="xccdf_org.ssgproject.content_rule_kernel_config_hibernation" role="full" time="2026-02-24T11:59:13+02:00" severity="medium" weight="1.000000">
      <result>notselected</result>
    </rule-result>
    <rule-result idref="xccdf_org.ssgproject.content_rule_kernel_config_ia32_emulation" role="full" time="2026-02-24T11:59:13+02:00" severity="medium" weight="1.000000">
      <result>notselected</result>
    </rule-result>
    <rule-result idref="xccdf_org.ssgproject.content_rule_kernel_config_ipv6" role="full" time="2026-02-24T11:59:13+02:00" severity="medium" weight="1.000000">
      <result>notselected</result>
    </rule-result>
    <rule-result idref="xccdf_org.ssgproject.content_rule_kernel_config_kexec" role="full" time="2026-02-24T11:59:13+02:00" severity="low" weight="1.000000">
      <result>notselected</result>
    </rule-result>
    <rule-result idref="xccdf_org.ssgproject.content_rule_kernel_config_legacy_ptys" role="full" time="2026-02-24T11:59:13+02:00" severity="medium" weight="1.000000">
      <result>notselected</result>
    </rule-result>
    <rule-result idref="xccdf_org.ssgproject.content_rule_kernel_config_module_sig" role="full" time="2026-02-24T11:59:13+02:00" severity="medium" weight="1.000000">
      <result>notselected</result>
    </rule-result>
    <rule-result idref="xccdf_org.ssgproject.content_rule_kernel_config_module_sig_all" role="full" time="2026-02-24T11:59:13+02:00" severity="medium" weight="1.000000">
      <result>notselected</result>
    </rule-result>
    <rule-result idref="xccdf_org.ssgproject.content_rule_kernel_config_module_sig_force" role="full" time="2026-02-24T11:59:13+02:00" severity="medium" weight="1.000000">
      <result>notselected</result>
    </rule-result>
    <rule-result idref="xccdf_org.ssgproject.content_rule_kernel_config_module_sig_hash" role="full" time="2026-02-24T11:59:13+02:00" severity="medium" weight="1.000000">
      <result>notselected</result>
    </rule-result>
    <rule-result idref="xccdf_org.ssgproject.content_rule_kernel_config_module_sig_key" role="full" time="2026-02-24T11:59:13+02:00" severity="medium" weight="1.000000">
      <result>notselected</result>
    </rule-result>
    <rule-result idref="xccdf_org.ssgproject.content_rule_kernel_config_module_sig_sha512" role="full" time="2026-02-24T11:59:13+02:00" severity="medium" weight="1.000000">
      <result>notselected</result>
    </rule-result>
    <rule-result idref="xccdf_org.ssgproject.content_rule_kernel_config_page_poisoning_no_sanity" role="full" time="2026-02-24T11:59:13+02:00" severity="medium" weight="1.000000">
      <result>notselected</result>
    </rule-result>
    <rule-result idref="xccdf_org.ssgproject.content_rule_kernel_config_page_poisoning_zero" role="full" time="2026-02-24T11:59:13+02:00" severity="medium" weight="1.000000">
      <result>notselected</result>
    </rule-result>
    <rule-result idref="xccdf_org.ssgproject.content_rule_kernel_config_page_table_isolation" role="full" time="2026-02-24T11:59:13+02:00" severity="high" weight="1.000000">
      <result>notselected</result>
    </rule-result>
    <rule-result idref="xccdf_org.ssgproject.content_rule_kernel_config_panic_on_oops" role="full" time="2026-02-24T11:59:13+02:00" severity="medium" weight="1.000000">
      <result>notselected</result>
    </rule-result>
    <rule-result idref="xccdf_org.ssgproject.content_rule_kernel_config_panic_timeout" role="full" time="2026-02-24T11:59:13+02:00" severity="medium" weight="1.000000">
      <result>notselected</result>
    </rule-result>
    <rule-result idref="xccdf_org.ssgproject.content_rule_kernel_config_proc_kcore" role="full" time="2026-02-24T11:59:13+02:00" severity="low" weight="1.000000">
      <result>notselected</result>
    </rule-result>
    <rule-result idref="xccdf_org.ssgproject.content_rule_kernel_config_randomize_base" role="full" time="2026-02-24T11:59:13+02:00" severity="medium" weight="1.000000">
      <result>notselected</result>
    </rule-result>
    <rule-result idref="xccdf_org.ssgproject.content_rule_kernel_config_randomize_memory" role="full" time="2026-02-24T11:59:13+02:00" severity="medium" weight="1.000000">
      <result>notselected</result>
    </rule-result>
    <rule-result idref="xccdf_org.ssgproject.content_rule_kernel_config_retpoline" role="full" time="2026-02-24T11:59:13+02:00" severity="medium" weight="1.000000">
      <result>notselected</result>
    </rule-result>
    <rule-result idref="xccdf_org.ssgproject.content_rule_kernel_config_seccomp" role="full" time="2026-02-24T11:59:13+02:00" severity="medium" weight="1.000000">
      <result>notselected</result>
      <ident system="https://ncp.nist.gov/cce">CCE-92567-7</ident>
    </rule-result>
    <rule-result idref="xccdf_org.ssgproject.content_rule_kernel_config_seccomp_filter" role="full" time="2026-02-24T11:59:13+02:00" severity="medium" weight="1.000000">
      <result>notselected</result>
      <ident system="https://ncp.nist.gov/cce">CCE-92568-5</ident>
    </rule-result>
    <rule-result idref="xccdf_org.ssgproject.content_rule_kernel_config_security" role="full" time="2026-02-24T11:59:13+02:00" severity="medium" weight="1.000000">
      <result>notselected</result>
      <ident system="https://ncp.nist.gov/cce">CCE-92570-1</ident>
    </rule-result>
    <rule-result idref="xccdf_org.ssgproject.content_rule_kernel_config_security_dmesg_restrict" role="full" time="2026-02-24T11:59:13+02:00" severity="medium" weight="1.000000">
      <result>notselected</result>
    </rule-result>
    <rule-result idref="xccdf_org.ssgproject.content_rule_kernel_config_security_writable_hooks" role="full" time="2026-02-24T11:59:13+02:00" severity="medium" weight="1.000000">
      <result>notselected</result>
      <ident system="https://ncp.nist.gov/cce">CCE-92571-9</ident>
    </rule-result>
    <rule-result idref="xccdf_org.ssgproject.content_rule_kernel_config_security_yama" role="full" time="2026-02-24T11:59:13+02:00" severity="medium" weight="1.000000">
      <result>notselected</result>
      <ident system="https://ncp.nist.gov/cce">CCE-92572-7</ident>
    </rule-result>
    <rule-result idref="xccdf_org.ssgproject.content_rule_kernel_config_slub_debug" role="full" time="2026-02-24T11:59:13+02:00" severity="medium" weight="1.000000">
      <result>notselected</result>
    </rule-result>
    <rule-result idref="xccdf_org.ssgproject.content_rule_kernel_config_syn_cookies" role="full" time="2026-02-24T11:59:13+02:00" severity="medium" weight="1.000000">
      <result>notselected</result>
    </rule-result>
    <rule-result idref="xccdf_org.ssgproject.content_rule_kernel_config_unmap_kernel_at_el0" role="full" time="2026-02-24T11:59:13+02:00" severity="medium" weight="1.000000">
      <result>notselected</result>
    </rule-result>
    <rule-result idref="xccdf_org.ssgproject.content_rule_kernel_config_x86_vsyscall_emulation" role="full" time="2026-02-24T11:59:13+02:00" severity="low" weight="1.000000">
      <result>notselected</result>
    </rule-result>
    <rule-result idref="xccdf_org.ssgproject.content_rule_package_rsyslog-gnutls_installed" role="full" time="2026-02-24T11:59:13+02:00" severity="medium" weight="1.000000">
      <result>notselected</result>
      <ident system="https://ncp.nist.gov/cce">CCE-91199-0</ident>
    </rule-result>
    <rule-result idref="xccdf_org.ssgproject.content_rule_package_rsyslog_installed" role="full" time="2026-02-24T11:59:13+02:00" severity="medium" weight="1.000000">
      <result>fail</result>
      <ident system="https://ncp.nist.gov/cce">CCE-91161-0</ident>
      <check system="http://oval.mitre.org/XMLSchema/oval-definitions-5">
        <check-content-ref name="oval:ssg-package_rsyslog_installed:def:1" href="ssg-sle15-oval.xml"/>
      </check>
    </rule-result>
    <rule-result idref="xccdf_org.ssgproject.content_rule_service_rsyslog_enabled" role="full" time="2026-02-24T11:59:13+02:00" severity="medium" weight="1.000000">
      <result>fail</result>
      <ident system="https://ncp.nist.gov/cce">CCE-91162-8</ident>
      <check system="http://oval.mitre.org/XMLSchema/oval-definitions-5">
        <check-content-ref name="oval:ssg-service_rsyslog_enabled:def:1" href="ssg-sle15-oval.xml"/>
      </check>
    </rule-result>
    <rule-result idref="xccdf_org.ssgproject.content_rule_ensure_rtc_utc_configuration" role="full" time="2026-02-24T11:59:13+02:00" severity="high" weight="1.000000">
      <result>notselected</result>
      <ident system="https://ncp.nist.gov/cce">CCE-85724-3</ident>
    </rule-result>
    <rule-result idref="xccdf_org.ssgproject.content_rule_logging_services_active" role="full" time="2026-02-24T11:59:13+02:00" severity="medium" weight="1.000000">
      <result>notselected</result>
      <ident system="https://ncp.nist.gov/cce">CCE-92582-6</ident>
    </rule-result>
    <rule-result idref="xccdf_org.ssgproject.content_rule_rsyslog_filecreatemode" role="full" time="2026-02-24T11:59:13+02:00" severity="medium" weight="1.000000">
      <result>notselected</result>
      <ident system="https://ncp.nist.gov/cce">CCE-92599-0</ident>
    </rule-result>
    <rule-result idref="xccdf_org.ssgproject.content_rule_rsyslog_encrypt_offload_actionsendstreamdriverauthmode" role="full" time="2026-02-24T11:59:13+02:00" severity="medium" weight="1.000000">
      <result>notselected</result>
    </rule-result>
    <rule-result idref="xccdf_org.ssgproject.content_rule_rsyslog_encrypt_offload_actionsendstreamdrivermode" role="full" time="2026-02-24T11:59:13+02:00" severity="medium" weight="1.000000">
      <result>notselected</result>
    </rule-result>
    <rule-result idref="xccdf_org.ssgproject.content_rule_rsyslog_encrypt_offload_defaultnetstreamdriver" role="full" time="2026-02-24T11:59:13+02:00" severity="medium" weight="1.000000">
      <result>notselected</result>
    </rule-result>
    <rule-result idref="xccdf_org.ssgproject.content_rule_rsyslog_files_groupownership" role="full" time="2026-02-24T11:59:13+02:00" severity="medium" weight="1.000000">
      <result>notapplicable</result>
      <ident system="https://ncp.nist.gov/cce">CCE-85838-1</ident>
    </rule-result>
    <rule-result idref="xccdf_org.ssgproject.content_rule_rsyslog_files_ownership" role="full" time="2026-02-24T11:59:13+02:00" severity="medium" weight="1.000000">
      <result>notapplicable</result>
      <ident system="https://ncp.nist.gov/cce">CCE-85839-9</ident>
    </rule-result>
    <rule-result idref="xccdf_org.ssgproject.content_rule_rsyslog_files_permissions" role="full" time="2026-02-24T11:59:13+02:00" severity="medium" weight="1.000000">
      <result>notapplicable</result>
      <ident system="https://ncp.nist.gov/cce">CCE-85837-3</ident>
    </rule-result>
    <rule-result idref="xccdf_org.ssgproject.content_rule_rsyslog_logging_configured" role="full" time="2026-02-24T11:59:13+02:00" severity="medium" weight="1.000000">
      <result>notapplicable</result>
      <ident system="https://ncp.nist.gov/cce">CCE-92497-7</ident>
    </rule-result>
    <rule-result idref="xccdf_org.ssgproject.content_rule_package_systemd-journal-remote_installed" role="full" time="2026-02-24T11:59:13+02:00" severity="medium" weight="1.000000">
      <result>notselected</result>
      <ident system="https://ncp.nist.gov/cce">CCE-92598-2</ident>
    </rule-result>
    <rule-result idref="xccdf_org.ssgproject.content_rule_service_systemd-journal-upload_enabled" role="full" time="2026-02-24T11:59:13+02:00" severity="medium" weight="1.000000">
      <result>notselected</result>
      <ident system="https://ncp.nist.gov/cce">CCE-92604-8</ident>
    </rule-result>
    <rule-result idref="xccdf_org.ssgproject.content_rule_service_systemd-journald_enabled" role="full" time="2026-02-24T11:59:13+02:00" severity="medium" weight="1.000000">
      <result>notselected</result>
      <ident system="https://ncp.nist.gov/cce">CCE-92605-5</ident>
    </rule-result>
    <rule-result idref="xccdf_org.ssgproject.content_rule_journald_compress" role="full" time="2026-02-24T11:59:13+02:00" severity="medium" weight="1.000000">
      <result>fail</result>
      <ident system="https://ncp.nist.gov/cce">CCE-91377-2</ident>
      <check system="http://oval.mitre.org/XMLSchema/oval-definitions-5">
        <check-content-ref name="oval:ssg-journald_compress:def:1" href="ssg-sle15-oval.xml"/>
      </check>
    </rule-result>
    <rule-result idref="xccdf_org.ssgproject.content_rule_journald_disable_forward_to_syslog" role="full" time="2026-02-24T11:59:13+02:00" severity="medium" weight="1.000000">
      <result>notselected</result>
      <ident system="https://ncp.nist.gov/cce">CCE-92566-9</ident>
    </rule-result>
    <rule-result idref="xccdf_org.ssgproject.content_rule_journald_forward_to_syslog" role="full" time="2026-02-24T11:59:13+02:00" severity="medium" weight="1.000000">
      <result>fail</result>
      <ident system="https://ncp.nist.gov/cce">CCE-91376-4</ident>
      <check system="http://oval.mitre.org/XMLSchema/oval-definitions-5">
        <check-content-ref name="oval:ssg-journald_forward_to_syslog:def:1" href="ssg-sle15-oval.xml"/>
      </check>
    </rule-result>
    <rule-result idref="xccdf_org.ssgproject.content_rule_journald_storage" role="full" time="2026-02-24T11:59:13+02:00" severity="medium" weight="1.000000">
      <result>fail</result>
      <ident system="https://ncp.nist.gov/cce">CCE-91378-0</ident>
      <check system="http://oval.mitre.org/XMLSchema/oval-definitions-5">
        <check-content-ref name="oval:ssg-journald_storage:def:1" href="ssg-sle15-oval.xml"/>
      </check>
    </rule-result>
    <rule-result idref="xccdf_org.ssgproject.content_rule_socket_systemd-journal-remote_disabled" role="full" time="2026-02-24T11:59:13+02:00" severity="medium" weight="1.000000">
      <result>notselected</result>
      <ident system="https://ncp.nist.gov/cce">CCE-92608-9</ident>
    </rule-result>
    <rule-result idref="xccdf_org.ssgproject.content_rule_systemd_journal_upload_server_tls" role="full" time="2026-02-24T11:59:13+02:00" severity="medium" weight="1.000000">
      <result>notselected</result>
      <ident system="https://ncp.nist.gov/cce">CCE-92612-1</ident>
    </rule-result>
    <rule-result idref="xccdf_org.ssgproject.content_rule_systemd_journal_upload_url" role="full" time="2026-02-24T11:59:13+02:00" severity="medium" weight="1.000000">
      <result>notselected</result>
      <ident system="https://ncp.nist.gov/cce">CCE-92613-9</ident>
    </rule-result>
    <rule-result idref="xccdf_org.ssgproject.content_rule_package_logrotate_installed" role="full" time="2026-02-24T11:59:13+02:00" severity="medium" weight="1.000000">
      <result>pass</result>
      <ident system="https://ncp.nist.gov/cce">CCE-92561-0</ident>
      <check system="http://oval.mitre.org/XMLSchema/oval-definitions-5">
        <check-content-ref name="oval:ssg-package_logrotate_installed:def:1" href="ssg-sle15-oval.xml"/>
      </check>
    </rule-result>
    <rule-result idref="xccdf_org.ssgproject.content_rule_ensure_logrotate_activated" role="full" time="2026-02-24T11:59:13+02:00" severity="medium" weight="1.000000">
      <result>fail</result>
      <ident system="https://ncp.nist.gov/cce">CCE-85850-6</ident>
      <check system="http://oval.mitre.org/XMLSchema/oval-definitions-5">
        <check-content-ref name="oval:ssg-ensure_logrotate_activated:def:1" href="ssg-sle15-oval.xml"/>
      </check>
    </rule-result>
    <rule-result idref="xccdf_org.ssgproject.content_rule_timer_logrotate_enabled" role="full" time="2026-02-24T11:59:13+02:00" severity="medium" weight="1.000000">
      <result>pass</result>
      <ident system="https://ncp.nist.gov/cce">CCE-92585-9</ident>
      <check system="http://oval.mitre.org/XMLSchema/oval-definitions-5">
        <check-content-ref name="oval:ssg-timer_logrotate_enabled:def:1" href="ssg-sle15-oval.xml"/>
      </check>
    </rule-result>
    <rule-result idref="xccdf_org.ssgproject.content_rule_package_syslogng_installed" role="full" time="2026-02-24T11:59:13+02:00" severity="medium" weight="1.000000">
      <result>notselected</result>
    </rule-result>
    <rule-result idref="xccdf_org.ssgproject.content_rule_service_syslogng_enabled" role="full" time="2026-02-24T11:59:13+02:00" severity="medium" weight="1.000000">
      <result>notselected</result>
    </rule-result>
    <rule-result idref="xccdf_org.ssgproject.content_rule_rsyslog_accept_remote_messages_tcp" role="full" time="2026-02-24T11:59:13+02:00" severity="unknown" weight="1.000000">
      <result>notselected</result>
    </rule-result>
    <rule-result idref="xccdf_org.ssgproject.content_rule_rsyslog_accept_remote_messages_udp" role="full" time="2026-02-24T11:59:13+02:00" severity="unknown" weight="1.000000">
      <result>notselected</result>
    </rule-result>
    <rule-result idref="xccdf_org.ssgproject.content_rule_rsyslog_nolisten" role="full" time="2026-02-24T11:59:13+02:00" severity="medium" weight="1.000000">
      <result>notselected</result>
      <ident system="https://ncp.nist.gov/cce">CCE-91375-6</ident>
    </rule-result>
    <rule-result idref="xccdf_org.ssgproject.content_rule_rsyslog_remote_loghost" role="full" time="2026-02-24T11:59:13+02:00" severity="medium" weight="1.000000">
      <result>fail</result>
      <ident system="https://ncp.nist.gov/cce">CCE-85552-8</ident>
      <check system="http://oval.mitre.org/XMLSchema/oval-definitions-5">
        <check-content-ref name="oval:ssg-rsyslog_remote_loghost:def:1" href="ssg-sle15-oval.xml"/>
      </check>
    </rule-result>
    <rule-result idref="xccdf_org.ssgproject.content_rule_rsyslog_remote_tls" role="full" time="2026-02-24T11:59:13+02:00" severity="medium" weight="1.000000">
      <result>notselected</result>
      <ident system="https://ncp.nist.gov/cce">CCE-91200-6</ident>
    </rule-result>
    <rule-result idref="xccdf_org.ssgproject.content_rule_rsyslog_remote_tls_cacert" role="full" time="2026-02-24T11:59:13+02:00" severity="medium" weight="1.000000">
      <result>notselected</result>
      <ident system="https://ncp.nist.gov/cce">CCE-91201-4</ident>
    </rule-result>
    <rule-result idref="xccdf_org.ssgproject.content_rule_network_sniffer_disabled" role="full" time="2026-02-24T11:59:13+02:00" severity="medium" weight="1.000000">
      <result>notselected</result>
      <ident system="https://ncp.nist.gov/cce">CCE-85656-7</ident>
    </rule-result>
    <rule-result idref="xccdf_org.ssgproject.content_rule_firewalld-backend" role="full" time="2026-02-24T11:59:13+02:00" severity="medium" weight="1.000000">
      <result>pass</result>
      <ident system="https://ncp.nist.gov/cce">CCE-92470-4</ident>
      <check system="http://oval.mitre.org/XMLSchema/oval-definitions-5">
        <check-content-ref name="oval:ssg-firewalld-backend:def:1" href="ssg-sle15-oval.xml"/>
      </check>
    </rule-result>
    <rule-result idref="xccdf_org.ssgproject.content_rule_set_firewalld_appropriate_zone" role="full" time="2026-02-24T11:59:13+02:00" severity="medium" weight="1.000000">
      <result>notchecked</result>
      <ident system="https://ncp.nist.gov/cce">CCE-92556-0</ident>
      <message severity="info">No candidate or applicable check found.</message>
    </rule-result>
    <rule-result idref="xccdf_org.ssgproject.content_rule_unnecessary_firewalld_services_ports_disabled" role="full" time="2026-02-24T11:59:13+02:00" severity="medium" weight="1.000000">
      <result>notchecked</result>
      <ident system="https://ncp.nist.gov/cce">CCE-92552-9</ident>
      <message severity="info">No candidate or applicable check found.</message>
    </rule-result>
    <rule-result idref="xccdf_org.ssgproject.content_rule_package_firewalld_installed" role="full" time="2026-02-24T11:59:13+02:00" severity="medium" weight="1.000000">
      <result>pass</result>
      <ident system="https://ncp.nist.gov/cce">CCE-85698-9</ident>
      <check system="http://oval.mitre.org/XMLSchema/oval-definitions-5">
        <check-export export-name="oval:ssg-var_network_filtering_service:var:1" value-id="xccdf_org.ssgproject.content_value_var_network_filtering_service"/>
        <check-content-ref name="oval:ssg-package_firewalld_installed:def:1" href="ssg-sle15-oval.xml"/>
      </check>
    </rule-result>
    <rule-result idref="xccdf_org.ssgproject.content_rule_service_firewalld_enabled" role="full" time="2026-02-24T11:59:13+02:00" severity="medium" weight="1.000000">
      <result>pass</result>
      <ident system="https://ncp.nist.gov/cce">CCE-85751-6</ident>
      <check system="http://oval.mitre.org/XMLSchema/oval-definitions-5">
        <check-export export-name="oval:ssg-var_network_filtering_service:var:1" value-id="xccdf_org.ssgproject.content_value_var_network_filtering_service"/>
        <check-content-ref name="oval:ssg-service_firewalld_enabled:def:1" href="ssg-sle15-oval.xml"/>
      </check>
    </rule-result>
    <rule-result idref="xccdf_org.ssgproject.content_rule_ensure_firewall_rules_for_open_ports" role="full" time="2026-02-24T11:59:13+02:00" severity="medium" weight="1.000000">
      <result>fail</result>
      <ident system="https://ncp.nist.gov/cce">CCE-91411-9</ident>
      <check system="http://oval.mitre.org/XMLSchema/oval-definitions-5">
        <check-content-ref name="oval:ssg-ensure_firewall_rules_for_open_ports:def:1" href="ssg-sle15-oval.xml"/>
      </check>
    </rule-result>
    <rule-result idref="xccdf_org.ssgproject.content_rule_set_firewalld_default_zone" role="full" time="2026-02-24T11:59:13+02:00" severity="medium" weight="1.000000">
      <result>fail</result>
      <ident system="https://ncp.nist.gov/cce">CCE-91410-1</ident>
      <check system="http://oval.mitre.org/XMLSchema/oval-definitions-5">
        <check-content-ref name="oval:ssg-set_firewalld_default_zone:def:1" href="ssg-sle15-oval.xml"/>
      </check>
    </rule-result>
    <rule-result idref="xccdf_org.ssgproject.content_rule_package_firewalld_removed" role="full" time="2026-02-24T11:59:13+02:00" severity="medium" weight="1.000000">
      <result>pass</result>
      <ident system="https://ncp.nist.gov/cce">CCE-92471-2</ident>
      <check system="http://oval.mitre.org/XMLSchema/oval-definitions-5">
        <check-export export-name="oval:ssg-var_network_filtering_service:var:1" value-id="xccdf_org.ssgproject.content_value_var_network_filtering_service"/>
        <check-content-ref name="oval:ssg-package_firewalld_removed:def:1" href="ssg-sle15-oval.xml"/>
      </check>
    </rule-result>
    <rule-result idref="xccdf_org.ssgproject.content_rule_service_firewalld_disabled" role="full" time="2026-02-24T11:59:13+02:00" severity="medium" weight="1.000000">
      <result>pass</result>
      <ident system="https://ncp.nist.gov/cce">CCE-92472-0</ident>
      <check system="http://oval.mitre.org/XMLSchema/oval-definitions-5">
        <check-export export-name="oval:ssg-var_network_filtering_service:var:1" value-id="xccdf_org.ssgproject.content_value_var_network_filtering_service"/>
        <check-content-ref name="oval:ssg-service_firewalld_disabled:def:1" href="ssg-sle15-oval.xml"/>
      </check>
    </rule-result>
    <rule-result idref="xccdf_org.ssgproject.content_rule_package_libreswan_installed" role="full" time="2026-02-24T11:59:13+02:00" severity="medium" weight="1.000000">
      <result>notselected</result>
      <ident system="https://ncp.nist.gov/cce">CCE-85799-5</ident>
    </rule-result>
    <rule-result idref="xccdf_org.ssgproject.content_rule_directory_groupowner_etc_ipsecd" role="full" time="2026-02-24T11:59:13+02:00" severity="medium" weight="1.000000">
      <result>notselected</result>
      <ident system="https://ncp.nist.gov/cce">CCE-92499-3</ident>
    </rule-result>
    <rule-result idref="xccdf_org.ssgproject.content_rule_directory_owner_etc_ipsecd" role="full" time="2026-02-24T11:59:13+02:00" severity="medium" weight="1.000000">
      <result>notselected</result>
      <ident system="https://ncp.nist.gov/cce">CCE-92508-1</ident>
    </rule-result>
    <rule-result idref="xccdf_org.ssgproject.content_rule_directory_permissions_etc_ipsecd" role="full" time="2026-02-24T11:59:13+02:00" severity="medium" weight="1.000000">
      <result>notselected</result>
      <ident system="https://ncp.nist.gov/cce">CCE-92517-2</ident>
    </rule-result>
    <rule-result idref="xccdf_org.ssgproject.content_rule_file_groupowner_etc_ipsec_conf" role="full" time="2026-02-24T11:59:13+02:00" severity="medium" weight="1.000000">
      <result>notselected</result>
      <ident system="https://ncp.nist.gov/cce">CCE-92535-4</ident>
    </rule-result>
    <rule-result idref="xccdf_org.ssgproject.content_rule_file_groupowner_etc_ipsec_secrets" role="full" time="2026-02-24T11:59:13+02:00" severity="medium" weight="1.000000">
      <result>notselected</result>
      <ident system="https://ncp.nist.gov/cce">CCE-92537-0</ident>
    </rule-result>
    <rule-result idref="xccdf_org.ssgproject.content_rule_file_owner_etc_ipsec_conf" role="full" time="2026-02-24T11:59:13+02:00" severity="medium" weight="1.000000">
      <result>notselected</result>
    </rule-result>
    <rule-result idref="xccdf_org.ssgproject.content_rule_file_owner_etc_ipsec_secrets" role="full" time="2026-02-24T11:59:13+02:00" severity="medium" weight="1.000000">
      <result>notselected</result>
    </rule-result>
    <rule-result idref="xccdf_org.ssgproject.content_rule_file_permissions_etc_ipsec_conf" role="full" time="2026-02-24T11:59:13+02:00" severity="medium" weight="1.000000">
      <result>notselected</result>
    </rule-result>
    <rule-result idref="xccdf_org.ssgproject.content_rule_file_permissions_etc_ipsec_secrets" role="full" time="2026-02-24T11:59:13+02:00" severity="medium" weight="1.000000">
      <result>notselected</result>
    </rule-result>
    <rule-result idref="xccdf_org.ssgproject.content_rule_libreswan_approved_tunnels" role="full" time="2026-02-24T11:59:13+02:00" severity="medium" weight="1.000000">
      <result>notselected</result>
      <ident system="https://ncp.nist.gov/cce">CCE-91153-7</ident>
    </rule-result>
    <rule-result idref="xccdf_org.ssgproject.content_rule_package_iptables_installed" role="full" time="2026-02-24T11:59:13+02:00" severity="medium" weight="1.000000">
      <result>pass</result>
      <ident system="https://ncp.nist.gov/cce">CCE-91244-4</ident>
      <check system="http://oval.mitre.org/XMLSchema/oval-definitions-5">
        <check-export export-name="oval:ssg-var_network_filtering_service:var:1" value-id="xccdf_org.ssgproject.content_value_var_network_filtering_service"/>
        <check-content-ref name="oval:ssg-package_iptables_installed:def:1" href="ssg-sle15-oval.xml"/>
      </check>
    </rule-result>
    <rule-result idref="xccdf_org.ssgproject.content_rule_directory_groupowner_etc_iptables" role="full" time="2026-02-24T11:59:13+02:00" severity="medium" weight="1.000000">
      <result>notselected</result>
    </rule-result>
    <rule-result idref="xccdf_org.ssgproject.content_rule_directory_owner_etc_iptables" role="full" time="2026-02-24T11:59:13+02:00" severity="medium" weight="1.000000">
      <result>notselected</result>
    </rule-result>
    <rule-result idref="xccdf_org.ssgproject.content_rule_directory_permissions_etc_iptables" role="full" time="2026-02-24T11:59:13+02:00" severity="medium" weight="1.000000">
      <result>notselected</result>
    </rule-result>
    <rule-result idref="xccdf_org.ssgproject.content_rule_ensure_iptables_are_flushed" role="full" time="2026-02-24T11:59:13+02:00" severity="medium" weight="1.000000">
      <result>notchecked</result>
      <ident system="https://ncp.nist.gov/cce">CCE-92523-0</ident>
      <message severity="info">No candidate or applicable check found.</message>
    </rule-result>
    <rule-result idref="xccdf_org.ssgproject.content_rule_service_ip6tables_enabled" role="full" time="2026-02-24T11:59:13+02:00" severity="medium" weight="1.000000">
      <result>notselected</result>
    </rule-result>
    <rule-result idref="xccdf_org.ssgproject.content_rule_service_iptables_enabled" role="full" time="2026-02-24T11:59:13+02:00" severity="medium" weight="1.000000">
      <result>notapplicable</result>
      <ident system="https://ncp.nist.gov/cce">CCE-92475-3</ident>
    </rule-result>
    <rule-result idref="xccdf_org.ssgproject.content_rule_set_ip6tables_default_rule" role="full" time="2026-02-24T11:59:13+02:00" severity="medium" weight="1.000000">
      <result>notapplicable</result>
      <ident system="https://ncp.nist.gov/cce">CCE-91342-6</ident>
    </rule-result>
    <rule-result idref="xccdf_org.ssgproject.content_rule_set_ipv6_loopback_traffic" role="full" time="2026-02-24T11:59:13+02:00" severity="medium" weight="1.000000">
      <result>notapplicable</result>
      <ident system="https://ncp.nist.gov/cce">CCE-91346-7</ident>
    </rule-result>
    <rule-result idref="xccdf_org.ssgproject.content_rule_set_loopback_traffic" role="full" time="2026-02-24T11:59:13+02:00" severity="medium" weight="1.000000">
      <result>notapplicable</result>
      <ident system="https://ncp.nist.gov/cce">CCE-91345-9</ident>
    </rule-result>
    <rule-result idref="xccdf_org.ssgproject.content_rule_set_iptables_default_rule" role="full" time="2026-02-24T11:59:13+02:00" severity="medium" weight="1.000000">
      <result>notapplicable</result>
      <ident system="https://ncp.nist.gov/cce">CCE-92494-4</ident>
    </rule-result>
    <rule-result idref="xccdf_org.ssgproject.content_rule_set_iptables_default_rule_forward" role="full" time="2026-02-24T11:59:13+02:00" severity="medium" weight="1.000000">
      <result>notchecked</result>
      <ident system="https://ncp.nist.gov/cce">CCE-92483-7</ident>
      <message severity="info">No candidate or applicable check found.</message>
    </rule-result>
    <rule-result idref="xccdf_org.ssgproject.content_rule_set_iptables_outbound_n_established" role="full" time="2026-02-24T11:59:13+02:00" severity="medium" weight="1.000000">
      <result>notchecked</result>
      <ident system="https://ncp.nist.gov/cce">CCE-92531-3</ident>
      <message severity="info">No candidate or applicable check found.</message>
    </rule-result>
    <rule-result idref="xccdf_org.ssgproject.content_rule_grub2_ipv6_disable_argument" role="full" time="2026-02-24T11:59:13+02:00" severity="low" weight="1.000000">
      <result>notselected</result>
      <ident system="https://ncp.nist.gov/cce">CCE-91240-2</ident>
    </rule-result>
    <rule-result idref="xccdf_org.ssgproject.content_rule_kernel_module_ipv6_option_disabled" role="full" time="2026-02-24T11:59:13+02:00" severity="medium" weight="1.000000">
      <result>notselected</result>
    </rule-result>
    <rule-result idref="xccdf_org.ssgproject.content_rule_sysctl_net_ipv6_conf_all_disable_ipv6" role="full" time="2026-02-24T11:59:13+02:00" severity="medium" weight="1.000000">
      <result>notselected</result>
      <ident system="https://ncp.nist.gov/cce">CCE-92496-9</ident>
    </rule-result>
    <rule-result idref="xccdf_org.ssgproject.content_rule_sysctl_net_ipv6_conf_default_disable_ipv6" role="full" time="2026-02-24T11:59:13+02:00" severity="medium" weight="1.000000">
      <result>notselected</result>
    </rule-result>
    <rule-result idref="xccdf_org.ssgproject.content_rule_sysctl_net_ipv6_conf_all_accept_ra" role="full" time="2026-02-24T11:59:14+02:00" severity="medium" weight="1.000000">
      <result>fail</result>
      <ident system="https://ncp.nist.gov/cce">CCE-92473-8</ident>
      <check system="http://oval.mitre.org/XMLSchema/oval-definitions-5">
        <check-export export-name="oval:ssg-sysctl_net_ipv6_conf_all_accept_ra_value:var:1" value-id="xccdf_org.ssgproject.content_value_sysctl_net_ipv6_conf_all_accept_ra_value"/>
        <check-content-ref name="oval:ssg-sysctl_net_ipv6_conf_all_accept_ra:def:1" href="ssg-sle15-oval.xml"/>
      </check>
    </rule-result>
    <rule-result idref="xccdf_org.ssgproject.content_rule_sysctl_net_ipv6_conf_all_accept_ra_defrtr" role="full" time="2026-02-24T11:59:14+02:00" severity="unknown" weight="1.000000">
      <result>notselected</result>
      <ident system="https://ncp.nist.gov/cce">CCE-91202-2</ident>
    </rule-result>
    <rule-result idref="xccdf_org.ssgproject.content_rule_sysctl_net_ipv6_conf_all_accept_ra_pinfo" role="full" time="2026-02-24T11:59:14+02:00" severity="unknown" weight="1.000000">
      <result>notselected</result>
      <ident system="https://ncp.nist.gov/cce">CCE-91203-0</ident>
    </rule-result>
    <rule-result idref="xccdf_org.ssgproject.content_rule_sysctl_net_ipv6_conf_all_accept_ra_rtr_pref" role="full" time="2026-02-24T11:59:14+02:00" severity="unknown" weight="1.000000">
      <result>notselected</result>
      <ident system="https://ncp.nist.gov/cce">CCE-91204-8</ident>
    </rule-result>
    <rule-result idref="xccdf_org.ssgproject.content_rule_sysctl_net_ipv6_conf_all_accept_redirects" role="full" time="2026-02-24T11:59:14+02:00" severity="medium" weight="1.000000">
      <result>pass</result>
      <ident system="https://ncp.nist.gov/cce">CCE-85708-6</ident>
      <check system="http://oval.mitre.org/XMLSchema/oval-definitions-5">
        <check-export export-name="oval:ssg-sysctl_net_ipv6_conf_all_accept_redirects_value:var:1" value-id="xccdf_org.ssgproject.content_value_sysctl_net_ipv6_conf_all_accept_redirects_value"/>
        <check-content-ref name="oval:ssg-sysctl_net_ipv6_conf_all_accept_redirects:def:1" href="ssg-sle15-oval.xml"/>
      </check>
    </rule-result>
    <rule-result idref="xccdf_org.ssgproject.content_rule_sysctl_net_ipv6_conf_all_accept_source_route" role="full" time="2026-02-24T11:59:14+02:00" severity="medium" weight="1.000000">
      <result>fail</result>
      <ident system="https://ncp.nist.gov/cce">CCE-85649-2</ident>
      <check system="http://oval.mitre.org/XMLSchema/oval-definitions-5">
        <check-export export-name="oval:ssg-sysctl_net_ipv6_conf_all_accept_source_route_value:var:1" value-id="xccdf_org.ssgproject.content_value_sysctl_net_ipv6_conf_all_accept_source_route_value"/>
        <check-content-ref name="oval:ssg-sysctl_net_ipv6_conf_all_accept_source_route:def:1" href="ssg-sle15-oval.xml"/>
      </check>
    </rule-result>
    <rule-result idref="xccdf_org.ssgproject.content_rule_sysctl_net_ipv6_conf_all_forwarding" role="full" time="2026-02-24T11:59:14+02:00" severity="medium" weight="1.000000">
      <result>fail</result>
      <ident system="https://ncp.nist.gov/cce">CCE-85713-6</ident>
      <check system="http://oval.mitre.org/XMLSchema/oval-definitions-5">
        <check-export export-name="oval:ssg-sysctl_net_ipv6_conf_all_forwarding_value:var:1" value-id="xccdf_org.ssgproject.content_value_sysctl_net_ipv6_conf_all_forwarding_value"/>
        <check-content-ref name="oval:ssg-sysctl_net_ipv6_conf_all_forwarding:def:1" href="ssg-sle15-oval.xml"/>
      </check>
    </rule-result>
    <rule-result idref="xccdf_org.ssgproject.content_rule_sysctl_net_ipv6_conf_all_max_addresses" role="full" time="2026-02-24T11:59:14+02:00" severity="unknown" weight="1.000000">
      <result>notselected</result>
      <ident system="https://ncp.nist.gov/cce">CCE-91206-3</ident>
    </rule-result>
    <rule-result idref="xccdf_org.ssgproject.content_rule_sysctl_net_ipv6_conf_all_router_solicitations" role="full" time="2026-02-24T11:59:14+02:00" severity="unknown" weight="1.000000">
      <result>notselected</result>
      <ident system="https://ncp.nist.gov/cce">CCE-91207-1</ident>
    </rule-result>
    <rule-result idref="xccdf_org.ssgproject.content_rule_sysctl_net_ipv6_conf_default_accept_ra" role="full" time="2026-02-24T11:59:14+02:00" severity="medium" weight="1.000000">
      <result>fail</result>
      <ident system="https://ncp.nist.gov/cce">CCE-92474-6</ident>
      <check system="http://oval.mitre.org/XMLSchema/oval-definitions-5">
        <check-export export-name="oval:ssg-sysctl_net_ipv6_conf_default_accept_ra_value:var:1" value-id="xccdf_org.ssgproject.content_value_sysctl_net_ipv6_conf_default_accept_ra_value"/>
        <check-content-ref name="oval:ssg-sysctl_net_ipv6_conf_default_accept_ra:def:1" href="ssg-sle15-oval.xml"/>
      </check>
    </rule-result>
    <rule-result idref="xccdf_org.ssgproject.content_rule_sysctl_net_ipv6_conf_default_accept_ra_defrtr" role="full" time="2026-02-24T11:59:14+02:00" severity="unknown" weight="1.000000">
      <result>notselected</result>
      <ident system="https://ncp.nist.gov/cce">CCE-91208-9</ident>
    </rule-result>
    <rule-result idref="xccdf_org.ssgproject.content_rule_sysctl_net_ipv6_conf_default_accept_ra_pinfo" role="full" time="2026-02-24T11:59:14+02:00" severity="unknown" weight="1.000000">
      <result>notselected</result>
      <ident system="https://ncp.nist.gov/cce">CCE-91209-7</ident>
    </rule-result>
    <rule-result idref="xccdf_org.ssgproject.content_rule_sysctl_net_ipv6_conf_default_accept_ra_rtr_pref" role="full" time="2026-02-24T11:59:14+02:00" severity="unknown" weight="1.000000">
      <result>notselected</result>
      <ident system="https://ncp.nist.gov/cce">CCE-91210-5</ident>
    </rule-result>
    <rule-result idref="xccdf_org.ssgproject.content_rule_sysctl_net_ipv6_conf_default_accept_redirects" role="full" time="2026-02-24T11:59:14+02:00" severity="medium" weight="1.000000">
      <result>pass</result>
      <ident system="https://ncp.nist.gov/cce">CCE-85722-7</ident>
      <check system="http://oval.mitre.org/XMLSchema/oval-definitions-5">
        <check-export export-name="oval:ssg-sysctl_net_ipv6_conf_default_accept_redirects_value:var:1" value-id="xccdf_org.ssgproject.content_value_sysctl_net_ipv6_conf_default_accept_redirects_value"/>
        <check-content-ref name="oval:ssg-sysctl_net_ipv6_conf_default_accept_redirects:def:1" href="ssg-sle15-oval.xml"/>
      </check>
    </rule-result>
    <rule-result idref="xccdf_org.ssgproject.content_rule_sysctl_net_ipv6_conf_default_accept_source_route" role="full" time="2026-02-24T11:59:14+02:00" severity="medium" weight="1.000000">
      <result>fail</result>
      <ident system="https://ncp.nist.gov/cce">CCE-85653-4</ident>
      <check system="http://oval.mitre.org/XMLSchema/oval-definitions-5">
        <check-export export-name="oval:ssg-sysctl_net_ipv6_conf_default_accept_source_route_value:var:1" value-id="xccdf_org.ssgproject.content_value_sysctl_net_ipv6_conf_default_accept_source_route_value"/>
        <check-content-ref name="oval:ssg-sysctl_net_ipv6_conf_default_accept_source_route:def:1" href="ssg-sle15-oval.xml"/>
      </check>
    </rule-result>
    <rule-result idref="xccdf_org.ssgproject.content_rule_sysctl_net_ipv6_conf_default_autoconf" role="full" time="2026-02-24T11:59:14+02:00" severity="unknown" weight="1.000000">
      <result>notselected</result>
      <ident system="https://ncp.nist.gov/cce">CCE-91211-3</ident>
    </rule-result>
    <rule-result idref="xccdf_org.ssgproject.content_rule_sysctl_net_ipv6_conf_default_forwarding" role="full" time="2026-02-24T11:59:14+02:00" severity="medium" weight="1.000000">
      <result>notselected</result>
      <ident system="https://ncp.nist.gov/cce">CCE-85725-0</ident>
    </rule-result>
    <rule-result idref="xccdf_org.ssgproject.content_rule_sysctl_net_ipv6_conf_default_max_addresses" role="full" time="2026-02-24T11:59:14+02:00" severity="unknown" weight="1.000000">
      <result>notselected</result>
      <ident system="https://ncp.nist.gov/cce">CCE-91212-1</ident>
    </rule-result>
    <rule-result idref="xccdf_org.ssgproject.content_rule_sysctl_net_ipv6_conf_default_router_solicitations" role="full" time="2026-02-24T11:59:14+02:00" severity="unknown" weight="1.000000">
      <result>notselected</result>
      <ident system="https://ncp.nist.gov/cce">CCE-91213-9</ident>
    </rule-result>
    <rule-result idref="xccdf_org.ssgproject.content_rule_sysctl_net_ipv4_conf_all_accept_local" role="full" time="2026-02-24T11:59:14+02:00" severity="medium" weight="1.000000">
      <result>notselected</result>
    </rule-result>
    <rule-result idref="xccdf_org.ssgproject.content_rule_sysctl_net_ipv4_conf_all_accept_redirects" role="full" time="2026-02-24T11:59:14+02:00" severity="medium" weight="1.000000">
      <result>pass</result>
      <ident system="https://ncp.nist.gov/cce">CCE-85651-8</ident>
      <check system="http://oval.mitre.org/XMLSchema/oval-definitions-5">
        <check-export export-name="oval:ssg-sysctl_net_ipv4_conf_all_accept_redirects_value:var:1" value-id="xccdf_org.ssgproject.content_value_sysctl_net_ipv4_conf_all_accept_redirects_value"/>
        <check-content-ref name="oval:ssg-sysctl_net_ipv4_conf_all_accept_redirects:def:1" href="ssg-sle15-oval.xml"/>
      </check>
    </rule-result>
    <rule-result idref="xccdf_org.ssgproject.content_rule_sysctl_net_ipv4_conf_all_accept_source_route" role="full" time="2026-02-24T11:59:14+02:00" severity="medium" weight="1.000000">
      <result>pass</result>
      <ident system="https://ncp.nist.gov/cce">CCE-85648-4</ident>
      <check system="http://oval.mitre.org/XMLSchema/oval-definitions-5">
        <check-export export-name="oval:ssg-sysctl_net_ipv4_conf_all_accept_source_route_value:var:1" value-id="xccdf_org.ssgproject.content_value_sysctl_net_ipv4_conf_all_accept_source_route_value"/>
        <check-content-ref name="oval:ssg-sysctl_net_ipv4_conf_all_accept_source_route:def:1" href="ssg-sle15-oval.xml"/>
      </check>
    </rule-result>
    <rule-result idref="xccdf_org.ssgproject.content_rule_sysctl_net_ipv4_conf_all_arp_filter" role="full" time="2026-02-24T11:59:14+02:00" severity="medium" weight="1.000000">
      <result>notselected</result>
      <ident system="https://ncp.nist.gov/cce">CCE-92609-7</ident>
    </rule-result>
    <rule-result idref="xccdf_org.ssgproject.content_rule_sysctl_net_ipv4_conf_all_arp_ignore" role="full" time="2026-02-24T11:59:14+02:00" severity="medium" weight="1.000000">
      <result>notselected</result>
      <ident system="https://ncp.nist.gov/cce">CCE-92610-5</ident>
    </rule-result>
    <rule-result idref="xccdf_org.ssgproject.content_rule_sysctl_net_ipv4_conf_all_log_martians" role="full" time="2026-02-24T11:59:14+02:00" severity="unknown" weight="1.000000">
      <result>fail</result>
      <ident system="https://ncp.nist.gov/cce">CCE-91222-0</ident>
      <check system="http://oval.mitre.org/XMLSchema/oval-definitions-5">
        <check-export export-name="oval:ssg-sysctl_net_ipv4_conf_all_log_martians_value:var:1" value-id="xccdf_org.ssgproject.content_value_sysctl_net_ipv4_conf_all_log_martians_value"/>
        <check-content-ref name="oval:ssg-sysctl_net_ipv4_conf_all_log_martians:def:1" href="ssg-sle15-oval.xml"/>
      </check>
    </rule-result>
    <rule-result idref="xccdf_org.ssgproject.content_rule_sysctl_net_ipv4_conf_all_route_localnet" role="full" time="2026-02-24T11:59:14+02:00" severity="medium" weight="1.000000">
      <result>notselected</result>
      <ident system="https://ncp.nist.gov/cce">CCE-92611-3</ident>
    </rule-result>
    <rule-result idref="xccdf_org.ssgproject.content_rule_sysctl_net_ipv4_conf_all_rp_filter" role="full" time="2026-02-24T11:59:14+02:00" severity="medium" weight="1.000000">
      <result>fail</result>
      <ident system="https://ncp.nist.gov/cce">CCE-91218-8</ident>
      <check system="http://oval.mitre.org/XMLSchema/oval-definitions-5">
        <check-export export-name="oval:ssg-sysctl_net_ipv4_conf_all_rp_filter_value:var:1" value-id="xccdf_org.ssgproject.content_value_sysctl_net_ipv4_conf_all_rp_filter_value"/>
        <check-content-ref name="oval:ssg-sysctl_net_ipv4_conf_all_rp_filter:def:1" href="ssg-sle15-oval.xml"/>
      </check>
    </rule-result>
    <rule-result idref="xccdf_org.ssgproject.content_rule_sysctl_net_ipv4_conf_all_secure_redirects" role="full" time="2026-02-24T11:59:14+02:00" severity="medium" weight="1.000000">
      <result>fail</result>
      <ident system="https://ncp.nist.gov/cce">CCE-91220-4</ident>
      <check system="http://oval.mitre.org/XMLSchema/oval-definitions-5">
        <check-export export-name="oval:ssg-sysctl_net_ipv4_conf_all_secure_redirects_value:var:1" value-id="xccdf_org.ssgproject.content_value_sysctl_net_ipv4_conf_all_secure_redirects_value"/>
        <check-content-ref name="oval:ssg-sysctl_net_ipv4_conf_all_secure_redirects:def:1" href="ssg-sle15-oval.xml"/>
      </check>
    </rule-result>
    <rule-result idref="xccdf_org.ssgproject.content_rule_sysctl_net_ipv4_conf_all_shared_media" role="full" time="2026-02-24T11:59:14+02:00" severity="medium" weight="1.000000">
      <result>notselected</result>
    </rule-result>
    <rule-result idref="xccdf_org.ssgproject.content_rule_sysctl_net_ipv4_conf_default_accept_redirects" role="full" time="2026-02-24T11:59:14+02:00" severity="medium" weight="1.000000">
      <result>pass</result>
      <ident system="https://ncp.nist.gov/cce">CCE-85652-6</ident>
      <check system="http://oval.mitre.org/XMLSchema/oval-definitions-5">
        <check-export export-name="oval:ssg-sysctl_net_ipv4_conf_default_accept_redirects_value:var:1" value-id="xccdf_org.ssgproject.content_value_sysctl_net_ipv4_conf_default_accept_redirects_value"/>
        <check-content-ref name="oval:ssg-sysctl_net_ipv4_conf_default_accept_redirects:def:1" href="ssg-sle15-oval.xml"/>
      </check>
    </rule-result>
    <rule-result idref="xccdf_org.ssgproject.content_rule_sysctl_net_ipv4_conf_default_accept_source_route" role="full" time="2026-02-24T11:59:14+02:00" severity="medium" weight="1.000000">
      <result>pass</result>
      <ident system="https://ncp.nist.gov/cce">CCE-85650-0</ident>
      <check system="http://oval.mitre.org/XMLSchema/oval-definitions-5">
        <check-export export-name="oval:ssg-sysctl_net_ipv4_conf_default_accept_source_route_value:var:1" value-id="xccdf_org.ssgproject.content_value_sysctl_net_ipv4_conf_default_accept_source_route_value"/>
        <check-content-ref name="oval:ssg-sysctl_net_ipv4_conf_default_accept_source_route:def:1" href="ssg-sle15-oval.xml"/>
      </check>
    </rule-result>
    <rule-result idref="xccdf_org.ssgproject.content_rule_sysctl_net_ipv4_conf_default_log_martians" role="full" time="2026-02-24T11:59:14+02:00" severity="unknown" weight="1.000000">
      <result>fail</result>
      <ident system="https://ncp.nist.gov/cce">CCE-92482-9</ident>
      <check system="http://oval.mitre.org/XMLSchema/oval-definitions-5">
        <check-export export-name="oval:ssg-sysctl_net_ipv4_conf_default_log_martians_value:var:1" value-id="xccdf_org.ssgproject.content_value_sysctl_net_ipv4_conf_default_log_martians_value"/>
        <check-content-ref name="oval:ssg-sysctl_net_ipv4_conf_default_log_martians:def:1" href="ssg-sle15-oval.xml"/>
      </check>
    </rule-result>
    <rule-result idref="xccdf_org.ssgproject.content_rule_sysctl_net_ipv4_conf_default_rp_filter" role="full" time="2026-02-24T11:59:14+02:00" severity="medium" weight="1.000000">
      <result>fail</result>
      <ident system="https://ncp.nist.gov/cce">CCE-91219-6</ident>
      <check system="http://oval.mitre.org/XMLSchema/oval-definitions-5">
        <check-export export-name="oval:ssg-sysctl_net_ipv4_conf_default_rp_filter_value:var:1" value-id="xccdf_org.ssgproject.content_value_sysctl_net_ipv4_conf_default_rp_filter_value"/>
        <check-content-ref name="oval:ssg-sysctl_net_ipv4_conf_default_rp_filter:def:1" href="ssg-sle15-oval.xml"/>
      </check>
    </rule-result>
    <rule-result idref="xccdf_org.ssgproject.content_rule_sysctl_net_ipv4_conf_default_secure_redirects" role="full" time="2026-02-24T11:59:14+02:00" severity="medium" weight="1.000000">
      <result>fail</result>
      <ident system="https://ncp.nist.gov/cce">CCE-91221-2</ident>
      <check system="http://oval.mitre.org/XMLSchema/oval-definitions-5">
        <check-export export-name="oval:ssg-sysctl_net_ipv4_conf_default_secure_redirects_value:var:1" value-id="xccdf_org.ssgproject.content_value_sysctl_net_ipv4_conf_default_secure_redirects_value"/>
        <check-content-ref name="oval:ssg-sysctl_net_ipv4_conf_default_secure_redirects:def:1" href="ssg-sle15-oval.xml"/>
      </check>
    </rule-result>
    <rule-result idref="xccdf_org.ssgproject.content_rule_sysctl_net_ipv4_conf_default_shared_media" role="full" time="2026-02-24T11:59:14+02:00" severity="medium" weight="1.000000">
      <result>notselected</result>
    </rule-result>
    <rule-result idref="xccdf_org.ssgproject.content_rule_sysctl_net_ipv4_icmp_echo_ignore_broadcasts" role="full" time="2026-02-24T11:59:14+02:00" severity="medium" weight="1.000000">
      <result>pass</result>
      <ident system="https://ncp.nist.gov/cce">CCE-91243-6</ident>
      <check system="http://oval.mitre.org/XMLSchema/oval-definitions-5">
        <check-export export-name="oval:ssg-sysctl_net_ipv4_icmp_echo_ignore_broadcasts_value:var:1" value-id="xccdf_org.ssgproject.content_value_sysctl_net_ipv4_icmp_echo_ignore_broadcasts_value"/>
        <check-content-ref name="oval:ssg-sysctl_net_ipv4_icmp_echo_ignore_broadcasts:def:1" href="ssg-sle15-oval.xml"/>
      </check>
    </rule-result>
    <rule-result idref="xccdf_org.ssgproject.content_rule_sysctl_net_ipv4_icmp_ignore_bogus_error_responses" role="full" time="2026-02-24T11:59:14+02:00" severity="unknown" weight="1.000000">
      <result>fail</result>
      <ident system="https://ncp.nist.gov/cce">CCE-91224-6</ident>
      <check system="http://oval.mitre.org/XMLSchema/oval-definitions-5">
        <check-export export-name="oval:ssg-sysctl_net_ipv4_icmp_ignore_bogus_error_responses_value:var:1" value-id="xccdf_org.ssgproject.content_value_sysctl_net_ipv4_icmp_ignore_bogus_error_responses_value"/>
        <check-content-ref name="oval:ssg-sysctl_net_ipv4_icmp_ignore_bogus_error_responses:def:1" href="ssg-sle15-oval.xml"/>
      </check>
    </rule-result>
    <rule-result idref="xccdf_org.ssgproject.content_rule_sysctl_net_ipv4_ip_local_port_range" role="full" time="2026-02-24T11:59:14+02:00" severity="medium" weight="1.000000">
      <result>notselected</result>
      <ident system="https://ncp.nist.gov/cce">CCE-91225-3</ident>
    </rule-result>
    <rule-result idref="xccdf_org.ssgproject.content_rule_sysctl_net_ipv4_tcp_invalid_ratelimit" role="full" time="2026-02-24T11:59:14+02:00" severity="medium" weight="1.000000">
      <result>notselected</result>
    </rule-result>
    <rule-result idref="xccdf_org.ssgproject.content_rule_sysctl_net_ipv4_tcp_rfc1337" role="full" time="2026-02-24T11:59:14+02:00" severity="medium" weight="1.000000">
      <result>notselected</result>
      <ident system="https://ncp.nist.gov/cce">CCE-91223-8</ident>
    </rule-result>
    <rule-result idref="xccdf_org.ssgproject.content_rule_sysctl_net_ipv4_tcp_syncookies" role="full" time="2026-02-24T11:59:14+02:00" severity="medium" weight="1.000000">
      <result>fail</result>
      <ident system="https://ncp.nist.gov/cce">CCE-83283-2</ident>
      <check system="http://oval.mitre.org/XMLSchema/oval-definitions-5">
        <check-export export-name="oval:ssg-sysctl_net_ipv4_tcp_syncookies_value:var:1" value-id="xccdf_org.ssgproject.content_value_sysctl_net_ipv4_tcp_syncookies_value"/>
        <check-content-ref name="oval:ssg-sysctl_net_ipv4_tcp_syncookies:def:1" href="ssg-sle15-oval.xml"/>
      </check>
    </rule-result>
    <rule-result idref="xccdf_org.ssgproject.content_rule_sysctl_net_ipv4_conf_all_send_redirects" role="full" time="2026-02-24T11:59:14+02:00" severity="medium" weight="1.000000">
      <result>fail</result>
      <ident system="https://ncp.nist.gov/cce">CCE-85655-9</ident>
      <check system="http://oval.mitre.org/XMLSchema/oval-definitions-5">
        <check-content-ref name="oval:ssg-sysctl_net_ipv4_conf_all_send_redirects:def:1" href="ssg-sle15-oval.xml"/>
      </check>
    </rule-result>
    <rule-result idref="xccdf_org.ssgproject.content_rule_sysctl_net_ipv4_conf_default_send_redirects" role="full" time="2026-02-24T11:59:14+02:00" severity="medium" weight="1.000000">
      <result>fail</result>
      <ident system="https://ncp.nist.gov/cce">CCE-85654-2</ident>
      <check system="http://oval.mitre.org/XMLSchema/oval-definitions-5">
        <check-content-ref name="oval:ssg-sysctl_net_ipv4_conf_default_send_redirects:def:1" href="ssg-sle15-oval.xml"/>
      </check>
    </rule-result>
    <rule-result idref="xccdf_org.ssgproject.content_rule_sysctl_net_ipv4_ip_forward" role="full" time="2026-02-24T11:59:14+02:00" severity="medium" weight="1.000000">
      <result>fail</result>
      <ident system="https://ncp.nist.gov/cce">CCE-85709-4</ident>
      <check system="http://oval.mitre.org/XMLSchema/oval-definitions-5">
        <check-content-ref name="oval:ssg-sysctl_net_ipv4_ip_forward:def:1" href="ssg-sle15-oval.xml"/>
      </check>
    </rule-result>
    <rule-result idref="xccdf_org.ssgproject.content_rule_package_nftables_installed" role="full" time="2026-02-24T11:59:14+02:00" severity="medium" weight="1.000000">
      <result>pass</result>
      <ident system="https://ncp.nist.gov/cce">CCE-92469-6</ident>
      <check system="http://oval.mitre.org/XMLSchema/oval-definitions-5">
        <check-content-ref name="oval:ssg-package_nftables_installed:def:1" href="ssg-sle15-oval.xml"/>
      </check>
    </rule-result>
    <rule-result idref="xccdf_org.ssgproject.content_rule_package_nftables_removed" role="full" time="2026-02-24T11:59:14+02:00" severity="medium" weight="1.000000">
      <result>pass</result>
      <ident system="https://ncp.nist.gov/cce">CCE-92518-0</ident>
      <check system="http://oval.mitre.org/XMLSchema/oval-definitions-5">
        <check-export export-name="oval:ssg-var_network_filtering_service:var:1" value-id="xccdf_org.ssgproject.content_value_var_network_filtering_service"/>
        <check-content-ref name="oval:ssg-package_nftables_removed:def:1" href="ssg-sle15-oval.xml"/>
      </check>
    </rule-result>
    <rule-result idref="xccdf_org.ssgproject.content_rule_service_nftables_enabled" role="full" time="2026-02-24T11:59:14+02:00" severity="medium" weight="1.000000">
      <result>notapplicable</result>
      <ident system="https://ncp.nist.gov/cce">CCE-92560-2</ident>
    </rule-result>
    <rule-result idref="xccdf_org.ssgproject.content_rule_service_nftables_disabled" role="full" time="2026-02-24T11:59:14+02:00" severity="medium" weight="1.000000">
      <result>pass</result>
      <ident system="https://ncp.nist.gov/cce">CCE-92529-7</ident>
      <check system="http://oval.mitre.org/XMLSchema/oval-definitions-5">
        <check-export export-name="oval:ssg-var_network_filtering_service:var:1" value-id="xccdf_org.ssgproject.content_value_var_network_filtering_service"/>
        <check-content-ref name="oval:ssg-service_nftables_disabled:def:1" href="ssg-sle15-oval.xml"/>
      </check>
    </rule-result>
    <rule-result idref="xccdf_org.ssgproject.content_rule_directory_groupowner_etc_nftables" role="full" time="2026-02-24T11:59:14+02:00" severity="medium" weight="1.000000">
      <result>notselected</result>
      <ident system="https://ncp.nist.gov/cce">CCE-92500-8</ident>
    </rule-result>
    <rule-result idref="xccdf_org.ssgproject.content_rule_directory_owner_etc_nftables" role="full" time="2026-02-24T11:59:14+02:00" severity="medium" weight="1.000000">
      <result>notselected</result>
      <ident system="https://ncp.nist.gov/cce">CCE-92509-9</ident>
    </rule-result>
    <rule-result idref="xccdf_org.ssgproject.content_rule_directory_permissions_etc_nftables" role="full" time="2026-02-24T11:59:14+02:00" severity="medium" weight="1.000000">
      <result>notselected</result>
      <ident system="https://ncp.nist.gov/cce">CCE-92521-4</ident>
    </rule-result>
    <rule-result idref="xccdf_org.ssgproject.content_rule_nftables_ensure_default_deny_policy" role="full" time="2026-02-24T11:59:14+02:00" severity="medium" weight="1.000000">
      <result>notapplicable</result>
      <ident system="https://ncp.nist.gov/cce">CCE-92507-3</ident>
    </rule-result>
    <rule-result idref="xccdf_org.ssgproject.content_rule_nftables_rules_permanent" role="full" time="2026-02-24T11:59:14+02:00" severity="medium" weight="1.000000">
      <result>notapplicable</result>
      <ident system="https://ncp.nist.gov/cce">CCE-92485-2</ident>
    </rule-result>
    <rule-result idref="xccdf_org.ssgproject.content_rule_set_nftables_base_chain" role="full" time="2026-02-24T11:59:14+02:00" severity="medium" weight="1.000000">
      <result>notchecked</result>
      <ident system="https://ncp.nist.gov/cce">CCE-92578-4</ident>
      <message severity="info">No candidate or applicable check found.</message>
    </rule-result>
    <rule-result idref="xccdf_org.ssgproject.content_rule_set_nftables_loopback_traffic" role="full" time="2026-02-24T11:59:14+02:00" severity="medium" weight="1.000000">
      <result>notapplicable</result>
      <ident system="https://ncp.nist.gov/cce">CCE-92481-1</ident>
    </rule-result>
    <rule-result idref="xccdf_org.ssgproject.content_rule_set_nftables_new_connections" role="full" time="2026-02-24T11:59:14+02:00" severity="medium" weight="1.000000">
      <result>notchecked</result>
      <ident system="https://ncp.nist.gov/cce">CCE-92564-4</ident>
      <message severity="info">No candidate or applicable check found.</message>
    </rule-result>
    <rule-result idref="xccdf_org.ssgproject.content_rule_set_nftables_table" role="full" time="2026-02-24T11:59:14+02:00" severity="medium" weight="1.000000">
      <result>notchecked</result>
      <ident system="https://ncp.nist.gov/cce">CCE-92569-3</ident>
      <message severity="info">No candidate or applicable check found.</message>
    </rule-result>
    <rule-result idref="xccdf_org.ssgproject.content_rule_service_ufw_enabled" role="full" time="2026-02-24T11:59:14+02:00" severity="medium" weight="1.000000">
      <result>notselected</result>
    </rule-result>
    <rule-result idref="xccdf_org.ssgproject.content_rule_kernel_module_dccp_disabled" role="full" time="2026-02-24T11:59:14+02:00" severity="medium" weight="1.000000">
      <result>notselected</result>
      <ident system="https://ncp.nist.gov/cce">CCE-91241-0</ident>
    </rule-result>
    <rule-result idref="xccdf_org.ssgproject.content_rule_kernel_module_rds_disabled" role="full" time="2026-02-24T11:59:14+02:00" severity="low" weight="1.000000">
      <result>notselected</result>
      <ident system="https://ncp.nist.gov/cce">CCE-92580-0</ident>
    </rule-result>
    <rule-result idref="xccdf_org.ssgproject.content_rule_kernel_module_sctp_disabled" role="full" time="2026-02-24T11:59:14+02:00" severity="medium" weight="1.000000">
      <result>notselected</result>
      <ident system="https://ncp.nist.gov/cce">CCE-91242-8</ident>
    </rule-result>
    <rule-result idref="xccdf_org.ssgproject.content_rule_kernel_module_tipc_disabled" role="full" time="2026-02-24T11:59:14+02:00" severity="low" weight="1.000000">
      <result>notselected</result>
      <ident system="https://ncp.nist.gov/cce">CCE-92581-8</ident>
    </rule-result>
    <rule-result idref="xccdf_org.ssgproject.content_rule_service_bluetooth_disabled" role="full" time="2026-02-24T11:59:14+02:00" severity="medium" weight="1.000000">
      <result>notselected</result>
      <ident system="https://ncp.nist.gov/cce">CCE-92600-6</ident>
    </rule-result>
    <rule-result idref="xccdf_org.ssgproject.content_rule_wireless_disable_interfaces" role="full" time="2026-02-24T11:59:14+02:00" severity="medium" weight="1.000000">
      <result>notselected</result>
      <ident system="https://ncp.nist.gov/cce">CCE-83286-5</ident>
    </rule-result>
    <rule-result idref="xccdf_org.ssgproject.content_rule_dir_perms_world_writable_root_owned" role="full" time="2026-02-24T11:59:14+02:00" severity="medium" weight="1.000000">
      <result>notselected</result>
      <ident system="https://ncp.nist.gov/cce">CCE-91239-4</ident>
    </rule-result>
    <rule-result idref="xccdf_org.ssgproject.content_rule_dir_perms_world_writable_sticky_bits" role="full" time="2026-02-24T11:59:31+02:00" severity="medium" weight="1.000000">
      <result>pass</result>
      <ident system="https://ncp.nist.gov/cce">CCE-83282-4</ident>
      <check system="http://oval.mitre.org/XMLSchema/oval-definitions-5">
        <check-content-ref name="oval:ssg-dir_perms_world_writable_sticky_bits:def:1" href="ssg-sle15-oval.xml"/>
      </check>
    </rule-result>
    <rule-result idref="xccdf_org.ssgproject.content_rule_dir_perms_world_writable_system_owned_group" role="full" time="2026-02-24T11:59:32+02:00" severity="medium" weight="1.000000">
      <result>notselected</result>
      <ident system="https://ncp.nist.gov/cce">CCE-85637-7</ident>
    </rule-result>
    <rule-result idref="xccdf_org.ssgproject.content_rule_dir_system_commands_group_root_owned" role="full" time="2026-02-24T11:59:32+02:00" severity="medium" weight="1.000000">
      <result>notselected</result>
      <ident system="https://ncp.nist.gov/cce">CCE-85743-3</ident>
    </rule-result>
    <rule-result idref="xccdf_org.ssgproject.content_rule_dir_system_commands_root_owned" role="full" time="2026-02-24T11:59:32+02:00" severity="medium" weight="1.000000">
      <result>notselected</result>
      <ident system="https://ncp.nist.gov/cce">CCE-85741-7</ident>
    </rule-result>
    <rule-result idref="xccdf_org.ssgproject.content_rule_file_groupowner_etc_crypttab" role="full" time="2026-02-24T11:59:32+02:00" severity="medium" weight="1.000000">
      <result>notselected</result>
    </rule-result>
    <rule-result idref="xccdf_org.ssgproject.content_rule_file_groupowner_systemmap" role="full" time="2026-02-24T11:59:32+02:00" severity="low" weight="1.000000">
      <result>notselected</result>
    </rule-result>
    <rule-result idref="xccdf_org.ssgproject.content_rule_file_owner_etc_crypttab" role="full" time="2026-02-24T11:59:32+02:00" severity="medium" weight="1.000000">
      <result>notselected</result>
    </rule-result>
    <rule-result idref="xccdf_org.ssgproject.content_rule_file_owner_systemmap" role="full" time="2026-02-24T11:59:32+02:00" severity="low" weight="1.000000">
      <result>notselected</result>
    </rule-result>
    <rule-result idref="xccdf_org.ssgproject.content_rule_file_permissions_etc_crypttab" role="full" time="2026-02-24T11:59:32+02:00" severity="medium" weight="1.000000">
      <result>notselected</result>
    </rule-result>
    <rule-result idref="xccdf_org.ssgproject.content_rule_file_permissions_systemmap" role="full" time="2026-02-24T11:59:32+02:00" severity="low" weight="1.000000">
      <result>notselected</result>
    </rule-result>
    <rule-result idref="xccdf_org.ssgproject.content_rule_file_permissions_unauthorized_sgid" role="full" time="2026-02-24T11:59:32+02:00" severity="medium" weight="1.000000">
      <result>notselected</result>
      <ident system="https://ncp.nist.gov/cce">CCE-91175-0</ident>
    </rule-result>
    <rule-result idref="xccdf_org.ssgproject.content_rule_file_permissions_unauthorized_suid" role="full" time="2026-02-24T11:59:32+02:00" severity="medium" weight="1.000000">
      <result>notselected</result>
      <ident system="https://ncp.nist.gov/cce">CCE-91174-3</ident>
    </rule-result>
    <rule-result idref="xccdf_org.ssgproject.content_rule_file_permissions_unauthorized_world_writable" role="full" time="2026-02-24T11:59:34+02:00" severity="medium" weight="1.000000">
      <result>fail</result>
      <ident system="https://ncp.nist.gov/cce">CCE-91233-7</ident>
      <check system="http://oval.mitre.org/XMLSchema/oval-definitions-5">
        <check-content-ref name="oval:ssg-file_permissions_unauthorized_world_writable:def:1" href="ssg-sle15-oval.xml"/>
      </check>
    </rule-result>
    <rule-result idref="xccdf_org.ssgproject.content_rule_file_permissions_ungroupowned" role="full" time="2026-02-24T11:59:38+02:00" severity="medium" weight="1.000000">
      <result>pass</result>
      <ident system="https://ncp.nist.gov/cce">CCE-85658-3</ident>
      <check system="http://oval.mitre.org/XMLSchema/oval-definitions-5">
        <check-content-ref name="oval:ssg-file_permissions_ungroupowned:def:1" href="ssg-sle15-oval.xml"/>
      </check>
    </rule-result>
    <rule-result idref="xccdf_org.ssgproject.content_rule_no_files_unowned_by_user" role="full" time="2026-02-24T11:59:40+02:00" severity="medium" weight="1.000000">
      <result>pass</result>
      <ident system="https://ncp.nist.gov/cce">CCE-85657-5</ident>
      <check system="http://oval.mitre.org/XMLSchema/oval-definitions-5">
        <check-content-ref name="oval:ssg-no_files_unowned_by_user:def:1" href="ssg-sle15-oval.xml"/>
      </check>
    </rule-result>
    <rule-result idref="xccdf_org.ssgproject.content_rule_permissions_local_var_log" role="full" time="2026-02-24T11:59:40+02:00" severity="medium" weight="1.000000">
      <result>fail</result>
      <ident system="https://ncp.nist.gov/cce">CCE-85755-7</ident>
      <check system="http://oval.mitre.org/XMLSchema/oval-definitions-5">
        <check-content-ref name="oval:ssg-permissions_local_var_log:def:1" href="ssg-sle15-oval.xml"/>
      </check>
    </rule-result>
    <rule-result idref="xccdf_org.ssgproject.content_rule_sysctl_fs_protected_hardlinks" role="full" time="2026-02-24T11:59:40+02:00" severity="medium" weight="1.000000">
      <result>notselected</result>
      <ident system="https://ncp.nist.gov/cce">CCE-91252-7</ident>
    </rule-result>
    <rule-result idref="xccdf_org.ssgproject.content_rule_sysctl_fs_protected_symlinks" role="full" time="2026-02-24T11:59:40+02:00" severity="medium" weight="1.000000">
      <result>notselected</result>
      <ident system="https://ncp.nist.gov/cce">CCE-91253-5</ident>
    </rule-result>
    <rule-result idref="xccdf_org.ssgproject.content_rule_file_etc_security_opasswd" role="full" time="2026-02-24T11:59:40+02:00" severity="medium" weight="1.000000">
      <result>notselected</result>
      <ident system="https://ncp.nist.gov/cce">CCE-85572-6</ident>
    </rule-result>
    <rule-result idref="xccdf_org.ssgproject.content_rule_file_groupowner_backup_etc_group" role="full" time="2026-02-24T11:59:40+02:00" severity="medium" weight="1.000000">
      <result>pass</result>
      <ident system="https://ncp.nist.gov/cce">CCE-91329-3</ident>
      <check system="http://oval.mitre.org/XMLSchema/oval-definitions-5">
        <check-content-ref name="oval:ssg-file_groupowner_backup_etc_group:def:1" href="ssg-sle15-oval.xml"/>
      </check>
    </rule-result>
    <rule-result idref="xccdf_org.ssgproject.content_rule_file_groupowner_backup_etc_gshadow" role="full" time="2026-02-24T11:59:40+02:00" severity="medium" weight="1.000000">
      <result>pass</result>
      <ident system="https://ncp.nist.gov/cce">CCE-92698-0</ident>
      <check system="http://oval.mitre.org/XMLSchema/oval-definitions-5">
        <check-content-ref name="oval:ssg-file_groupowner_backup_etc_gshadow:def:1" href="ssg-sle15-oval.xml"/>
      </check>
    </rule-result>
    <rule-result idref="xccdf_org.ssgproject.content_rule_file_groupowner_backup_etc_passwd" role="full" time="2026-02-24T11:59:40+02:00" severity="medium" weight="1.000000">
      <result>pass</result>
      <ident system="https://ncp.nist.gov/cce">CCE-91323-6</ident>
      <check system="http://oval.mitre.org/XMLSchema/oval-definitions-5">
        <check-content-ref name="oval:ssg-file_groupowner_backup_etc_passwd:def:1" href="ssg-sle15-oval.xml"/>
      </check>
    </rule-result>
    <rule-result idref="xccdf_org.ssgproject.content_rule_file_groupowner_backup_etc_shadow" role="full" time="2026-02-24T11:59:40+02:00" severity="medium" weight="1.000000">
      <result>pass</result>
      <ident system="https://ncp.nist.gov/cce">CCE-91327-7</ident>
      <check system="http://oval.mitre.org/XMLSchema/oval-definitions-5">
        <check-content-ref name="oval:ssg-file_groupowner_backup_etc_shadow:def:1" href="ssg-sle15-oval.xml"/>
      </check>
    </rule-result>
    <rule-result idref="xccdf_org.ssgproject.content_rule_file_groupowner_etc_group" role="full" time="2026-02-24T11:59:40+02:00" severity="medium" weight="1.000000">
      <result>pass</result>
      <ident system="https://ncp.nist.gov/cce">CCE-85801-9</ident>
      <check system="http://oval.mitre.org/XMLSchema/oval-definitions-5">
        <check-content-ref name="oval:ssg-file_groupowner_etc_group:def:1" href="ssg-sle15-oval.xml"/>
      </check>
    </rule-result>
    <rule-result idref="xccdf_org.ssgproject.content_rule_file_groupowner_etc_gshadow" role="full" time="2026-02-24T11:59:40+02:00" severity="medium" weight="1.000000">
      <result>pass</result>
      <ident system="https://ncp.nist.gov/cce">CCE-91348-3</ident>
      <check system="http://oval.mitre.org/XMLSchema/oval-definitions-5">
        <check-content-ref name="oval:ssg-file_groupowner_etc_gshadow:def:1" href="ssg-sle15-oval.xml"/>
      </check>
    </rule-result>
    <rule-result idref="xccdf_org.ssgproject.content_rule_file_groupowner_etc_passwd" role="full" time="2026-02-24T11:59:40+02:00" severity="medium" weight="1.000000">
      <result>pass</result>
      <ident system="https://ncp.nist.gov/cce">CCE-85809-2</ident>
      <check system="http://oval.mitre.org/XMLSchema/oval-definitions-5">
        <check-content-ref name="oval:ssg-file_groupowner_etc_passwd:def:1" href="ssg-sle15-oval.xml"/>
      </check>
    </rule-result>
    <rule-result idref="xccdf_org.ssgproject.content_rule_file_groupowner_etc_security_opasswd" role="full" time="2026-02-24T11:59:40+02:00" severity="medium" weight="1.000000">
      <result>notselected</result>
      <ident system="https://ncp.nist.gov/cce">CCE-92539-6</ident>
    </rule-result>
    <rule-result idref="xccdf_org.ssgproject.content_rule_file_groupowner_etc_security_opasswd_old" role="full" time="2026-02-24T11:59:40+02:00" severity="medium" weight="1.000000">
      <result>notselected</result>
      <ident system="https://ncp.nist.gov/cce">CCE-92540-4</ident>
    </rule-result>
    <rule-result idref="xccdf_org.ssgproject.content_rule_file_groupowner_etc_shadow" role="full" time="2026-02-24T11:59:40+02:00" severity="medium" weight="1.000000">
      <result>pass</result>
      <ident system="https://ncp.nist.gov/cce">CCE-85808-4</ident>
      <check system="http://oval.mitre.org/XMLSchema/oval-definitions-5">
        <check-content-ref name="oval:ssg-file_groupowner_etc_shadow:def:1" href="ssg-sle15-oval.xml"/>
      </check>
    </rule-result>
    <rule-result idref="xccdf_org.ssgproject.content_rule_file_groupowner_etc_shells" role="full" time="2026-02-24T11:59:40+02:00" severity="medium" weight="1.000000">
      <result>notselected</result>
      <ident system="https://ncp.nist.gov/cce">CCE-92541-2</ident>
    </rule-result>
    <rule-result idref="xccdf_org.ssgproject.content_rule_file_owner_backup_etc_group" role="full" time="2026-02-24T11:59:40+02:00" severity="medium" weight="1.000000">
      <result>pass</result>
      <ident system="https://ncp.nist.gov/cce">CCE-91330-1</ident>
      <check system="http://oval.mitre.org/XMLSchema/oval-definitions-5">
        <check-content-ref name="oval:ssg-file_owner_backup_etc_group:def:1" href="ssg-sle15-oval.xml"/>
      </check>
    </rule-result>
    <rule-result idref="xccdf_org.ssgproject.content_rule_file_owner_backup_etc_gshadow" role="full" time="2026-02-24T11:59:40+02:00" severity="medium" weight="1.000000">
      <result>pass</result>
      <ident system="https://ncp.nist.gov/cce">CCE-92699-8</ident>
      <check system="http://oval.mitre.org/XMLSchema/oval-definitions-5">
        <check-content-ref name="oval:ssg-file_owner_backup_etc_gshadow:def:1" href="ssg-sle15-oval.xml"/>
      </check>
    </rule-result>
    <rule-result idref="xccdf_org.ssgproject.content_rule_file_owner_backup_etc_passwd" role="full" time="2026-02-24T11:59:40+02:00" severity="medium" weight="1.000000">
      <result>pass</result>
      <ident system="https://ncp.nist.gov/cce">CCE-91324-4</ident>
      <check system="http://oval.mitre.org/XMLSchema/oval-definitions-5">
        <check-content-ref name="oval:ssg-file_owner_backup_etc_passwd:def:1" href="ssg-sle15-oval.xml"/>
      </check>
    </rule-result>
    <rule-result idref="xccdf_org.ssgproject.content_rule_file_owner_backup_etc_shadow" role="full" time="2026-02-24T11:59:40+02:00" severity="medium" weight="1.000000">
      <result>pass</result>
      <ident system="https://ncp.nist.gov/cce">CCE-91326-9</ident>
      <check system="http://oval.mitre.org/XMLSchema/oval-definitions-5">
        <check-content-ref name="oval:ssg-file_owner_backup_etc_shadow:def:1" href="ssg-sle15-oval.xml"/>
      </check>
    </rule-result>
    <rule-result idref="xccdf_org.ssgproject.content_rule_file_owner_etc_group" role="full" time="2026-02-24T11:59:40+02:00" severity="medium" weight="1.000000">
      <result>pass</result>
      <ident system="https://ncp.nist.gov/cce">CCE-85802-7</ident>
      <check system="http://oval.mitre.org/XMLSchema/oval-definitions-5">
        <check-content-ref name="oval:ssg-file_owner_etc_group:def:1" href="ssg-sle15-oval.xml"/>
      </check>
    </rule-result>
    <rule-result idref="xccdf_org.ssgproject.content_rule_file_owner_etc_gshadow" role="full" time="2026-02-24T11:59:40+02:00" severity="medium" weight="1.000000">
      <result>pass</result>
      <ident system="https://ncp.nist.gov/cce">CCE-91230-3</ident>
      <check system="http://oval.mitre.org/XMLSchema/oval-definitions-5">
        <check-content-ref name="oval:ssg-file_owner_etc_gshadow:def:1" href="ssg-sle15-oval.xml"/>
      </check>
    </rule-result>
    <rule-result idref="xccdf_org.ssgproject.content_rule_file_owner_etc_passwd" role="full" time="2026-02-24T11:59:40+02:00" severity="medium" weight="1.000000">
      <result>pass</result>
      <ident system="https://ncp.nist.gov/cce">CCE-85806-8</ident>
      <check system="http://oval.mitre.org/XMLSchema/oval-definitions-5">
        <check-content-ref name="oval:ssg-file_owner_etc_passwd:def:1" href="ssg-sle15-oval.xml"/>
      </check>
    </rule-result>
    <rule-result idref="xccdf_org.ssgproject.content_rule_file_owner_etc_security_opasswd" role="full" time="2026-02-24T11:59:40+02:00" severity="medium" weight="1.000000">
      <result>notselected</result>
      <ident system="https://ncp.nist.gov/cce">CCE-92545-3</ident>
    </rule-result>
    <rule-result idref="xccdf_org.ssgproject.content_rule_file_owner_etc_security_opasswd_old" role="full" time="2026-02-24T11:59:40+02:00" severity="medium" weight="1.000000">
      <result>notselected</result>
      <ident system="https://ncp.nist.gov/cce">CCE-92546-1</ident>
    </rule-result>
    <rule-result idref="xccdf_org.ssgproject.content_rule_file_owner_etc_shadow" role="full" time="2026-02-24T11:59:40+02:00" severity="medium" weight="1.000000">
      <result>pass</result>
      <ident system="https://ncp.nist.gov/cce">CCE-85807-6</ident>
      <check system="http://oval.mitre.org/XMLSchema/oval-definitions-5">
        <check-content-ref name="oval:ssg-file_owner_etc_shadow:def:1" href="ssg-sle15-oval.xml"/>
      </check>
    </rule-result>
    <rule-result idref="xccdf_org.ssgproject.content_rule_file_owner_etc_shells" role="full" time="2026-02-24T11:59:40+02:00" severity="medium" weight="1.000000">
      <result>notselected</result>
      <ident system="https://ncp.nist.gov/cce">CCE-92547-9</ident>
    </rule-result>
    <rule-result idref="xccdf_org.ssgproject.content_rule_file_permissions_backup_etc_group" role="full" time="2026-02-24T11:59:40+02:00" severity="medium" weight="1.000000">
      <result>pass</result>
      <ident system="https://ncp.nist.gov/cce">CCE-91331-9</ident>
      <check system="http://oval.mitre.org/XMLSchema/oval-definitions-5">
        <check-content-ref name="oval:ssg-file_permissions_backup_etc_group:def:1" href="ssg-sle15-oval.xml"/>
      </check>
    </rule-result>
    <rule-result idref="xccdf_org.ssgproject.content_rule_file_permissions_backup_etc_gshadow" role="full" time="2026-02-24T11:59:40+02:00" severity="medium" weight="1.000000">
      <result>pass</result>
      <ident system="https://ncp.nist.gov/cce">CCE-92700-4</ident>
      <check system="http://oval.mitre.org/XMLSchema/oval-definitions-5">
        <check-content-ref name="oval:ssg-file_permissions_backup_etc_gshadow:def:1" href="ssg-sle15-oval.xml"/>
      </check>
    </rule-result>
    <rule-result idref="xccdf_org.ssgproject.content_rule_file_permissions_backup_etc_passwd" role="full" time="2026-02-24T11:59:40+02:00" severity="medium" weight="1.000000">
      <result>pass</result>
      <ident system="https://ncp.nist.gov/cce">CCE-91325-1</ident>
      <check system="http://oval.mitre.org/XMLSchema/oval-definitions-5">
        <check-content-ref name="oval:ssg-file_permissions_backup_etc_passwd:def:1" href="ssg-sle15-oval.xml"/>
      </check>
    </rule-result>
    <rule-result idref="xccdf_org.ssgproject.content_rule_file_permissions_backup_etc_shadow" role="full" time="2026-02-24T11:59:40+02:00" severity="medium" weight="1.000000">
      <result>pass</result>
      <ident system="https://ncp.nist.gov/cce">CCE-91328-5</ident>
      <check system="http://oval.mitre.org/XMLSchema/oval-definitions-5">
        <check-content-ref name="oval:ssg-file_permissions_backup_etc_shadow:def:1" href="ssg-sle15-oval.xml"/>
      </check>
    </rule-result>
    <rule-result idref="xccdf_org.ssgproject.content_rule_file_permissions_etc_group" role="full" time="2026-02-24T11:59:40+02:00" severity="medium" weight="1.000000">
      <result>pass</result>
      <ident system="https://ncp.nist.gov/cce">CCE-85803-5</ident>
      <check system="http://oval.mitre.org/XMLSchema/oval-definitions-5">
        <check-content-ref name="oval:ssg-file_permissions_etc_group:def:1" href="ssg-sle15-oval.xml"/>
      </check>
    </rule-result>
    <rule-result idref="xccdf_org.ssgproject.content_rule_file_permissions_etc_gshadow" role="full" time="2026-02-24T11:59:40+02:00" severity="medium" weight="1.000000">
      <result>pass</result>
      <ident system="https://ncp.nist.gov/cce">CCE-91231-1</ident>
      <check system="http://oval.mitre.org/XMLSchema/oval-definitions-5">
        <check-content-ref name="oval:ssg-file_permissions_etc_gshadow:def:1" href="ssg-sle15-oval.xml"/>
      </check>
    </rule-result>
    <rule-result idref="xccdf_org.ssgproject.content_rule_file_permissions_etc_passwd" role="full" time="2026-02-24T11:59:40+02:00" severity="medium" weight="1.000000">
      <result>pass</result>
      <ident system="https://ncp.nist.gov/cce">CCE-85805-0</ident>
      <check system="http://oval.mitre.org/XMLSchema/oval-definitions-5">
        <check-content-ref name="oval:ssg-file_permissions_etc_passwd:def:1" href="ssg-sle15-oval.xml"/>
      </check>
    </rule-result>
    <rule-result idref="xccdf_org.ssgproject.content_rule_file_permissions_etc_security_opasswd" role="full" time="2026-02-24T11:59:40+02:00" severity="medium" weight="1.000000">
      <result>notselected</result>
      <ident system="https://ncp.nist.gov/cce">CCE-92558-6</ident>
    </rule-result>
    <rule-result idref="xccdf_org.ssgproject.content_rule_file_permissions_etc_security_opasswd_old" role="full" time="2026-02-24T11:59:40+02:00" severity="medium" weight="1.000000">
      <result>notselected</result>
      <ident system="https://ncp.nist.gov/cce">CCE-92559-4</ident>
    </rule-result>
    <rule-result idref="xccdf_org.ssgproject.content_rule_file_permissions_etc_shadow" role="full" time="2026-02-24T11:59:40+02:00" severity="medium" weight="1.000000">
      <result>pass</result>
      <ident system="https://ncp.nist.gov/cce">CCE-85804-3</ident>
      <check system="http://oval.mitre.org/XMLSchema/oval-definitions-5">
        <check-content-ref name="oval:ssg-file_permissions_etc_shadow:def:1" href="ssg-sle15-oval.xml"/>
      </check>
    </rule-result>
    <rule-result idref="xccdf_org.ssgproject.content_rule_file_permissions_etc_shells" role="full" time="2026-02-24T11:59:40+02:00" severity="medium" weight="1.000000">
      <result>notselected</result>
      <ident system="https://ncp.nist.gov/cce">CCE-92562-8</ident>
    </rule-result>
    <rule-result idref="xccdf_org.ssgproject.content_rule_file_groupowner_var_log" role="full" time="2026-02-24T11:59:40+02:00" severity="medium" weight="1.000000">
      <result>notselected</result>
    </rule-result>
    <rule-result idref="xccdf_org.ssgproject.content_rule_file_groupowner_var_log_messages" role="full" time="2026-02-24T11:59:40+02:00" severity="medium" weight="1.000000">
      <result>notselected</result>
    </rule-result>
    <rule-result idref="xccdf_org.ssgproject.content_rule_file_groupowner_var_log_syslog" role="full" time="2026-02-24T11:59:40+02:00" severity="medium" weight="1.000000">
      <result>notselected</result>
    </rule-result>
    <rule-result idref="xccdf_org.ssgproject.content_rule_file_owner_var_log" role="full" time="2026-02-24T11:59:40+02:00" severity="medium" weight="1.000000">
      <result>notselected</result>
    </rule-result>
    <rule-result idref="xccdf_org.ssgproject.content_rule_file_owner_var_log_messages" role="full" time="2026-02-24T11:59:40+02:00" severity="medium" weight="1.000000">
      <result>notselected</result>
    </rule-result>
    <rule-result idref="xccdf_org.ssgproject.content_rule_file_owner_var_log_syslog" role="full" time="2026-02-24T11:59:40+02:00" severity="medium" weight="1.000000">
      <result>notselected</result>
    </rule-result>
    <rule-result idref="xccdf_org.ssgproject.content_rule_file_permissions_var_log" role="full" time="2026-02-24T11:59:40+02:00" severity="medium" weight="1.000000">
      <result>notselected</result>
    </rule-result>
    <rule-result idref="xccdf_org.ssgproject.content_rule_file_permissions_var_log_messages" role="full" time="2026-02-24T11:59:40+02:00" severity="medium" weight="1.000000">
      <result>notselected</result>
    </rule-result>
    <rule-result idref="xccdf_org.ssgproject.content_rule_file_permissions_var_log_syslog" role="full" time="2026-02-24T11:59:40+02:00" severity="medium" weight="1.000000">
      <result>notselected</result>
    </rule-result>
    <rule-result idref="xccdf_org.ssgproject.content_rule_dir_group_ownership_library_dirs" role="full" time="2026-02-24T11:59:40+02:00" severity="medium" weight="1.000000">
      <result>notselected</result>
      <ident system="https://ncp.nist.gov/cce">CCE-85737-5</ident>
    </rule-result>
    <rule-result idref="xccdf_org.ssgproject.content_rule_dir_ownership_binary_dirs" role="full" time="2026-02-24T11:59:40+02:00" severity="medium" weight="1.000000">
      <result>notselected</result>
    </rule-result>
    <rule-result idref="xccdf_org.ssgproject.content_rule_dir_ownership_library_dirs" role="full" time="2026-02-24T11:59:40+02:00" severity="medium" weight="1.000000">
      <result>notselected</result>
      <ident system="https://ncp.nist.gov/cce">CCE-85735-9</ident>
    </rule-result>
    <rule-result idref="xccdf_org.ssgproject.content_rule_dir_permissions_binary_dirs" role="full" time="2026-02-24T11:59:40+02:00" severity="medium" weight="1.000000">
      <result>notselected</result>
    </rule-result>
    <rule-result idref="xccdf_org.ssgproject.content_rule_dir_permissions_library_dirs" role="full" time="2026-02-24T11:59:40+02:00" severity="medium" weight="1.000000">
      <result>notselected</result>
      <ident system="https://ncp.nist.gov/cce">CCE-85753-2</ident>
    </rule-result>
    <rule-result idref="xccdf_org.ssgproject.content_rule_directory_groupowner_etc_sysctld" role="full" time="2026-02-24T11:59:40+02:00" severity="medium" weight="1.000000">
      <result>notselected</result>
      <ident system="https://ncp.nist.gov/cce">CCE-92506-5</ident>
    </rule-result>
    <rule-result idref="xccdf_org.ssgproject.content_rule_directory_owner_etc_sysctld" role="full" time="2026-02-24T11:59:40+02:00" severity="medium" weight="1.000000">
      <result>notselected</result>
      <ident system="https://ncp.nist.gov/cce">CCE-92513-1</ident>
    </rule-result>
    <rule-result idref="xccdf_org.ssgproject.content_rule_directory_permissions_etc_sysctld" role="full" time="2026-02-24T11:59:40+02:00" severity="medium" weight="1.000000">
      <result>notselected</result>
      <ident system="https://ncp.nist.gov/cce">CCE-92527-1</ident>
    </rule-result>
    <rule-result idref="xccdf_org.ssgproject.content_rule_file_groupownership_system_commands_dirs" role="full" time="2026-02-24T11:59:40+02:00" severity="medium" weight="1.000000">
      <result>notselected</result>
      <ident system="https://ncp.nist.gov/cce">CCE-85742-5</ident>
    </rule-result>
    <rule-result idref="xccdf_org.ssgproject.content_rule_file_ownership_binary_dirs" role="full" time="2026-02-24T11:59:40+02:00" severity="medium" weight="1.000000">
      <result>notselected</result>
      <ident system="https://ncp.nist.gov/cce">CCE-85730-0</ident>
    </rule-result>
    <rule-result idref="xccdf_org.ssgproject.content_rule_file_ownership_library_dirs" role="full" time="2026-02-24T11:59:40+02:00" severity="medium" weight="1.000000">
      <result>notselected</result>
      <ident system="https://ncp.nist.gov/cce">CCE-85756-5</ident>
    </rule-result>
    <rule-result idref="xccdf_org.ssgproject.content_rule_file_permissions_binary_dirs" role="full" time="2026-02-24T11:59:40+02:00" severity="medium" weight="1.000000">
      <result>notselected</result>
      <ident system="https://ncp.nist.gov/cce">CCE-85729-2</ident>
    </rule-result>
    <rule-result idref="xccdf_org.ssgproject.content_rule_file_permissions_library_dirs" role="full" time="2026-02-24T11:59:40+02:00" severity="medium" weight="1.000000">
      <result>notselected</result>
      <ident system="https://ncp.nist.gov/cce">CCE-85670-8</ident>
    </rule-result>
    <rule-result idref="xccdf_org.ssgproject.content_rule_file_permissions_system_commands_dirs" role="full" time="2026-02-24T11:59:40+02:00" severity="medium" weight="1.000000">
      <result>notselected</result>
      <ident system="https://ncp.nist.gov/cce">CCE-85738-3</ident>
    </rule-result>
    <rule-result idref="xccdf_org.ssgproject.content_rule_root_permissions_syslibrary_files" role="full" time="2026-02-24T11:59:40+02:00" severity="medium" weight="1.000000">
      <result>notselected</result>
      <ident system="https://ncp.nist.gov/cce">CCE-85736-7</ident>
    </rule-result>
    <rule-result idref="xccdf_org.ssgproject.content_rule_service_autofs_disabled" role="full" time="2026-02-24T11:59:40+02:00" severity="medium" weight="1.000000">
      <result>notselected</result>
      <ident system="https://ncp.nist.gov/cce">CCE-83278-2</ident>
    </rule-result>
    <rule-result idref="xccdf_org.ssgproject.content_rule_kernel_module_cramfs_disabled" role="full" time="2026-02-24T11:59:40+02:00" severity="low" weight="1.000000">
      <result>notselected</result>
      <ident system="https://ncp.nist.gov/cce">CCE-92451-4</ident>
    </rule-result>
    <rule-result idref="xccdf_org.ssgproject.content_rule_kernel_module_freevxfs_disabled" role="full" time="2026-02-24T11:59:40+02:00" severity="low" weight="1.000000">
      <result>notselected</result>
      <ident system="https://ncp.nist.gov/cce">CCE-92573-5</ident>
    </rule-result>
    <rule-result idref="xccdf_org.ssgproject.content_rule_kernel_module_hfs_disabled" role="full" time="2026-02-24T11:59:40+02:00" severity="low" weight="1.000000">
      <result>notselected</result>
      <ident system="https://ncp.nist.gov/cce">CCE-92574-3</ident>
    </rule-result>
    <rule-result idref="xccdf_org.ssgproject.content_rule_kernel_module_hfsplus_disabled" role="full" time="2026-02-24T11:59:40+02:00" severity="low" weight="1.000000">
      <result>notselected</result>
      <ident system="https://ncp.nist.gov/cce">CCE-92575-0</ident>
    </rule-result>
    <rule-result idref="xccdf_org.ssgproject.content_rule_kernel_module_jffs2_disabled" role="full" time="2026-02-24T11:59:40+02:00" severity="low" weight="1.000000">
      <result>notselected</result>
      <ident system="https://ncp.nist.gov/cce">CCE-92577-6</ident>
    </rule-result>
    <rule-result idref="xccdf_org.ssgproject.content_rule_kernel_module_overlayfs_disabled" role="full" time="2026-02-24T11:59:40+02:00" severity="low" weight="1.000000">
      <result>notselected</result>
      <ident system="https://ncp.nist.gov/cce">CCE-92579-2</ident>
    </rule-result>
    <rule-result idref="xccdf_org.ssgproject.content_rule_kernel_module_squashfs_disabled" role="full" time="2026-02-24T11:59:40+02:00" severity="low" weight="1.000000">
      <result>notselected</result>
      <ident system="https://ncp.nist.gov/cce">CCE-92452-2</ident>
    </rule-result>
    <rule-result idref="xccdf_org.ssgproject.content_rule_kernel_module_udf_disabled" role="full" time="2026-02-24T11:59:40+02:00" severity="low" weight="1.000000">
      <result>fail</result>
      <ident system="https://ncp.nist.gov/cce">CCE-92453-0</ident>
      <check system="http://oval.mitre.org/XMLSchema/oval-definitions-5">
        <check-content-ref name="oval:ssg-kernel_module_udf_disabled:def:1" href="ssg-sle15-oval.xml"/>
      </check>
    </rule-result>
    <rule-result idref="xccdf_org.ssgproject.content_rule_kernel_module_usb-storage_disabled" role="full" time="2026-02-24T11:59:40+02:00" severity="medium" weight="1.000000">
      <result>notselected</result>
      <ident system="https://ncp.nist.gov/cce">CCE-83294-9</ident>
    </rule-result>
    <rule-result idref="xccdf_org.ssgproject.content_rule_kernel_module_vfat_disabled" role="full" time="2026-02-24T11:59:40+02:00" severity="low" weight="1.000000">
      <result>notselected</result>
      <ident system="https://ncp.nist.gov/cce">CCE-92454-8</ident>
    </rule-result>
    <rule-result idref="xccdf_org.ssgproject.content_rule_mount_option_boot_noexec" role="full" time="2026-02-24T11:59:40+02:00" severity="medium" weight="1.000000">
      <result>notselected</result>
      <ident system="https://ncp.nist.gov/cce">CCE-91234-5</ident>
    </rule-result>
    <rule-result idref="xccdf_org.ssgproject.content_rule_mount_option_boot_nosuid" role="full" time="2026-02-24T11:59:40+02:00" severity="medium" weight="1.000000">
      <result>notselected</result>
      <ident system="https://ncp.nist.gov/cce">CCE-91235-2</ident>
    </rule-result>
    <rule-result idref="xccdf_org.ssgproject.content_rule_mount_option_dev_shm_nodev" role="full" time="2026-02-24T11:59:40+02:00" severity="medium" weight="1.000000">
      <result>fail</result>
      <ident system="https://ncp.nist.gov/cce">CCE-92457-1</ident>
      <check system="http://oval.mitre.org/XMLSchema/oval-definitions-5">
        <check-content-ref name="oval:ssg-mount_option_dev_shm_nodev:def:1" href="ssg-sle15-oval.xml"/>
      </check>
    </rule-result>
    <rule-result idref="xccdf_org.ssgproject.content_rule_mount_option_dev_shm_noexec" role="full" time="2026-02-24T11:59:40+02:00" severity="medium" weight="1.000000">
      <result>fail</result>
      <ident system="https://ncp.nist.gov/cce">CCE-92456-3</ident>
      <check system="http://oval.mitre.org/XMLSchema/oval-definitions-5">
        <check-content-ref name="oval:ssg-mount_option_dev_shm_noexec:def:1" href="ssg-sle15-oval.xml"/>
      </check>
    </rule-result>
    <rule-result idref="xccdf_org.ssgproject.content_rule_mount_option_dev_shm_nosuid" role="full" time="2026-02-24T11:59:40+02:00" severity="medium" weight="1.000000">
      <result>fail</result>
      <ident system="https://ncp.nist.gov/cce">CCE-92458-9</ident>
      <check system="http://oval.mitre.org/XMLSchema/oval-definitions-5">
        <check-content-ref name="oval:ssg-mount_option_dev_shm_nosuid:def:1" href="ssg-sle15-oval.xml"/>
      </check>
    </rule-result>
    <rule-result idref="xccdf_org.ssgproject.content_rule_mount_option_home_nodev" role="full" time="2026-02-24T11:59:40+02:00" severity="unknown" weight="1.000000">
      <result>notapplicable</result>
      <ident system="https://ncp.nist.gov/cce">CCE-92460-5</ident>
    </rule-result>
    <rule-result idref="xccdf_org.ssgproject.content_rule_mount_option_home_noexec" role="full" time="2026-02-24T11:59:40+02:00" severity="medium" weight="1.000000">
      <result>notselected</result>
      <ident system="https://ncp.nist.gov/cce">CCE-91236-0</ident>
    </rule-result>
    <rule-result idref="xccdf_org.ssgproject.content_rule_mount_option_home_nosuid" role="full" time="2026-02-24T11:59:40+02:00" severity="medium" weight="1.000000">
      <result>notselected</result>
      <ident system="https://ncp.nist.gov/cce">CCE-85633-6</ident>
    </rule-result>
    <rule-result idref="xccdf_org.ssgproject.content_rule_mount_option_nodev_nonroot_local_partitions" role="full" time="2026-02-24T11:59:40+02:00" severity="medium" weight="1.000000">
      <result>notselected</result>
      <ident system="https://ncp.nist.gov/cce">CCE-91237-8</ident>
    </rule-result>
    <rule-result idref="xccdf_org.ssgproject.content_rule_mount_option_nodev_removable_partitions" role="full" time="2026-02-24T11:59:40+02:00" severity="medium" weight="1.000000">
      <result>pass</result>
      <ident system="https://ncp.nist.gov/cce">CCE-92462-1</ident>
      <check system="http://oval.mitre.org/XMLSchema/oval-definitions-5">
        <check-export export-name="oval:ssg-var_removable_partition:var:1" value-id="xccdf_org.ssgproject.content_value_var_removable_partition"/>
        <check-content-ref name="oval:ssg-mount_option_nodev_removable_partitions:def:1" href="ssg-sle15-oval.xml"/>
      </check>
    </rule-result>
    <rule-result idref="xccdf_org.ssgproject.content_rule_mount_option_noexec_removable_partitions" role="full" time="2026-02-24T11:59:40+02:00" severity="medium" weight="1.000000">
      <result>pass</result>
      <ident system="https://ncp.nist.gov/cce">CCE-92461-3</ident>
      <check system="http://oval.mitre.org/XMLSchema/oval-definitions-5">
        <check-export export-name="oval:ssg-var_removable_partition:var:1" value-id="xccdf_org.ssgproject.content_value_var_removable_partition"/>
        <check-content-ref name="oval:ssg-mount_option_noexec_removable_partitions:def:1" href="ssg-sle15-oval.xml"/>
      </check>
    </rule-result>
    <rule-result idref="xccdf_org.ssgproject.content_rule_mount_option_nosuid_removable_partitions" role="full" time="2026-02-24T11:59:40+02:00" severity="medium" weight="1.000000">
      <result>pass</result>
      <ident system="https://ncp.nist.gov/cce">CCE-85634-4</ident>
      <check system="http://oval.mitre.org/XMLSchema/oval-definitions-5">
        <check-export export-name="oval:ssg-var_removable_partition:var:1" value-id="xccdf_org.ssgproject.content_value_var_removable_partition"/>
        <check-content-ref name="oval:ssg-mount_option_nosuid_removable_partitions:def:1" href="ssg-sle15-oval.xml"/>
      </check>
    </rule-result>
    <rule-result idref="xccdf_org.ssgproject.content_rule_mount_option_opt_nosuid" role="full" time="2026-02-24T11:59:40+02:00" severity="medium" weight="1.000000">
      <result>notselected</result>
      <ident system="https://ncp.nist.gov/cce">CCE-91270-9</ident>
    </rule-result>
    <rule-result idref="xccdf_org.ssgproject.content_rule_mount_option_srv_nosuid" role="full" time="2026-02-24T11:59:40+02:00" severity="medium" weight="1.000000">
      <result>notselected</result>
      <ident system="https://ncp.nist.gov/cce">CCE-91271-7</ident>
    </rule-result>
    <rule-result idref="xccdf_org.ssgproject.content_rule_mount_option_tmp_nodev" role="full" time="2026-02-24T11:59:40+02:00" severity="medium" weight="1.000000">
      <result>notapplicable</result>
      <ident system="https://ncp.nist.gov/cce">CCE-92455-5</ident>
    </rule-result>
    <rule-result idref="xccdf_org.ssgproject.content_rule_mount_option_tmp_noexec" role="full" time="2026-02-24T11:59:40+02:00" severity="medium" weight="1.000000">
      <result>notapplicable</result>
      <ident system="https://ncp.nist.gov/cce">CCE-91272-5</ident>
    </rule-result>
    <rule-result idref="xccdf_org.ssgproject.content_rule_mount_option_tmp_nosuid" role="full" time="2026-02-24T11:59:40+02:00" severity="medium" weight="1.000000">
      <result>notapplicable</result>
      <ident system="https://ncp.nist.gov/cce">CCE-91273-3</ident>
    </rule-result>
    <rule-result idref="xccdf_org.ssgproject.content_rule_mount_option_var_log_audit_nodev" role="full" time="2026-02-24T11:59:40+02:00" severity="medium" weight="1.000000">
      <result>notselected</result>
      <ident system="https://ncp.nist.gov/cce">CCE-92583-4</ident>
    </rule-result>
    <rule-result idref="xccdf_org.ssgproject.content_rule_mount_option_var_log_audit_noexec" role="full" time="2026-02-24T11:59:40+02:00" severity="medium" weight="1.000000">
      <result>notselected</result>
      <ident system="https://ncp.nist.gov/cce">CCE-92584-2</ident>
    </rule-result>
    <rule-result idref="xccdf_org.ssgproject.content_rule_mount_option_var_log_audit_nosuid" role="full" time="2026-02-24T11:59:40+02:00" severity="medium" weight="1.000000">
      <result>notselected</result>
      <ident system="https://ncp.nist.gov/cce">CCE-92587-5</ident>
    </rule-result>
    <rule-result idref="xccdf_org.ssgproject.content_rule_mount_option_var_log_nodev" role="full" time="2026-02-24T11:59:40+02:00" severity="medium" weight="1.000000">
      <result>notselected</result>
      <ident system="https://ncp.nist.gov/cce">CCE-92589-1</ident>
    </rule-result>
    <rule-result idref="xccdf_org.ssgproject.content_rule_mount_option_var_log_noexec" role="full" time="2026-02-24T11:59:40+02:00" severity="medium" weight="1.000000">
      <result>notselected</result>
      <ident system="https://ncp.nist.gov/cce">CCE-91274-1</ident>
    </rule-result>
    <rule-result idref="xccdf_org.ssgproject.content_rule_mount_option_var_log_nosuid" role="full" time="2026-02-24T11:59:40+02:00" severity="medium" weight="1.000000">
      <result>notselected</result>
      <ident system="https://ncp.nist.gov/cce">CCE-91275-8</ident>
    </rule-result>
    <rule-result idref="xccdf_org.ssgproject.content_rule_mount_option_var_nodev" role="full" time="2026-02-24T11:59:40+02:00" severity="medium" weight="1.000000">
      <result>notselected</result>
      <ident system="https://ncp.nist.gov/cce">CCE-92590-9</ident>
    </rule-result>
    <rule-result idref="xccdf_org.ssgproject.content_rule_mount_option_var_noexec" role="full" time="2026-02-24T11:59:40+02:00" severity="medium" weight="1.000000">
      <result>notselected</result>
      <ident system="https://ncp.nist.gov/cce">CCE-91276-6</ident>
    </rule-result>
    <rule-result idref="xccdf_org.ssgproject.content_rule_mount_option_var_nosuid" role="full" time="2026-02-24T11:59:40+02:00" severity="medium" weight="1.000000">
      <result>notselected</result>
      <ident system="https://ncp.nist.gov/cce">CCE-91277-4</ident>
    </rule-result>
    <rule-result idref="xccdf_org.ssgproject.content_rule_mount_option_var_tmp_nodev" role="full" time="2026-02-24T11:59:40+02:00" severity="medium" weight="1.000000">
      <result>notapplicable</result>
      <ident system="https://ncp.nist.gov/cce">CCE-92459-7</ident>
    </rule-result>
    <rule-result idref="xccdf_org.ssgproject.content_rule_mount_option_var_tmp_noexec" role="full" time="2026-02-24T11:59:40+02:00" severity="medium" weight="1.000000">
      <result>notapplicable</result>
      <ident system="https://ncp.nist.gov/cce">CCE-91278-2</ident>
    </rule-result>
    <rule-result idref="xccdf_org.ssgproject.content_rule_mount_option_var_tmp_nosuid" role="full" time="2026-02-24T11:59:40+02:00" severity="medium" weight="1.000000">
      <result>notapplicable</result>
      <ident system="https://ncp.nist.gov/cce">CCE-91279-0</ident>
    </rule-result>
    <rule-result idref="xccdf_org.ssgproject.content_rule_file_permissions_local_var_log_messages" role="full" time="2026-02-24T11:59:40+02:00" severity="medium" weight="1.000000">
      <result>notselected</result>
      <ident system="https://ncp.nist.gov/cce">CCE-83285-7</ident>
    </rule-result>
    <rule-result idref="xccdf_org.ssgproject.content_rule_permissions_local_audit_binaries" role="full" time="2026-02-24T11:59:40+02:00" severity="medium" weight="1.000000">
      <result>notselected</result>
      <ident system="https://ncp.nist.gov/cce">CCE-85609-6</ident>
    </rule-result>
    <rule-result idref="xccdf_org.ssgproject.content_rule_permissions_local_var_log_audit" role="full" time="2026-02-24T11:59:40+02:00" severity="medium" weight="1.000000">
      <result>notselected</result>
      <ident system="https://ncp.nist.gov/cce">CCE-85607-0</ident>
    </rule-result>
    <rule-result idref="xccdf_org.ssgproject.content_rule_kernel_module_uvcvideo_disabled" role="full" time="2026-02-24T11:59:40+02:00" severity="medium" weight="1.000000">
      <result>notselected</result>
    </rule-result>
    <rule-result idref="xccdf_org.ssgproject.content_rule_sysctl_kernel_dmesg_restrict" role="full" time="2026-02-24T11:59:40+02:00" severity="low" weight="1.000000">
      <result>notselected</result>
      <ident system="https://ncp.nist.gov/cce">CCE-91448-1</ident>
    </rule-result>
    <rule-result idref="xccdf_org.ssgproject.content_rule_sysctl_kernel_modules_disabled" role="full" time="2026-02-24T11:59:40+02:00" severity="medium" weight="1.000000">
      <result>notselected</result>
      <ident system="https://ncp.nist.gov/cce">CCE-91256-8</ident>
    </rule-result>
    <rule-result idref="xccdf_org.ssgproject.content_rule_sysctl_kernel_panic_on_oops" role="full" time="2026-02-24T11:59:40+02:00" severity="medium" weight="1.000000">
      <result>notselected</result>
    </rule-result>
    <rule-result idref="xccdf_org.ssgproject.content_rule_sysctl_kernel_perf_cpu_time_max_percent" role="full" time="2026-02-24T11:59:40+02:00" severity="medium" weight="1.000000">
      <result>notselected</result>
      <ident system="https://ncp.nist.gov/cce">CCE-91257-6</ident>
    </rule-result>
    <rule-result idref="xccdf_org.ssgproject.content_rule_sysctl_kernel_perf_event_max_sample_rate" role="full" time="2026-02-24T11:59:40+02:00" severity="medium" weight="1.000000">
      <result>notselected</result>
      <ident system="https://ncp.nist.gov/cce">CCE-91259-2</ident>
    </rule-result>
    <rule-result idref="xccdf_org.ssgproject.content_rule_sysctl_kernel_perf_event_paranoid" role="full" time="2026-02-24T11:59:40+02:00" severity="low" weight="1.000000">
      <result>notselected</result>
      <ident system="https://ncp.nist.gov/cce">CCE-91258-4</ident>
    </rule-result>
    <rule-result idref="xccdf_org.ssgproject.content_rule_sysctl_kernel_pid_max" role="full" time="2026-02-24T11:59:40+02:00" severity="medium" weight="1.000000">
      <result>notselected</result>
      <ident system="https://ncp.nist.gov/cce">CCE-91260-0</ident>
    </rule-result>
    <rule-result idref="xccdf_org.ssgproject.content_rule_sysctl_kernel_sysrq" role="full" time="2026-02-24T11:59:40+02:00" severity="medium" weight="1.000000">
      <result>notselected</result>
      <ident system="https://ncp.nist.gov/cce">CCE-91261-8</ident>
    </rule-result>
    <rule-result idref="xccdf_org.ssgproject.content_rule_sysctl_vm_mmap_min_addr" role="full" time="2026-02-24T11:59:40+02:00" severity="medium" weight="1.000000">
      <result>notselected</result>
      <ident system="https://ncp.nist.gov/cce">CCE-91263-4</ident>
    </rule-result>
    <rule-result idref="xccdf_org.ssgproject.content_rule_coredump_disable_backtraces" role="full" time="2026-02-24T11:59:40+02:00" severity="medium" weight="1.000000">
      <result>fail</result>
      <ident system="https://ncp.nist.gov/cce">CCE-85745-8</ident>
      <check system="http://oval.mitre.org/XMLSchema/oval-definitions-5">
        <check-content-ref name="oval:ssg-coredump_disable_backtraces:def:1" href="ssg-sle15-oval.xml"/>
      </check>
    </rule-result>
    <rule-result idref="xccdf_org.ssgproject.content_rule_coredump_disable_storage" role="full" time="2026-02-24T11:59:40+02:00" severity="medium" weight="1.000000">
      <result>fail</result>
      <ident system="https://ncp.nist.gov/cce">CCE-85746-6</ident>
      <check system="http://oval.mitre.org/XMLSchema/oval-definitions-5">
        <check-content-ref name="oval:ssg-coredump_disable_storage:def:1" href="ssg-sle15-oval.xml"/>
      </check>
    </rule-result>
    <rule-result idref="xccdf_org.ssgproject.content_rule_disable_users_coredumps" role="full" time="2026-02-24T11:59:40+02:00" severity="medium" weight="1.000000">
      <result>fail</result>
      <ident system="https://ncp.nist.gov/cce">CCE-85740-9</ident>
      <check system="http://oval.mitre.org/XMLSchema/oval-definitions-5">
        <check-content-ref name="oval:ssg-disable_users_coredumps:def:1" href="ssg-sle15-oval.xml"/>
      </check>
    </rule-result>
    <rule-result idref="xccdf_org.ssgproject.content_rule_sysctl_fs_suid_dumpable" role="full" time="2026-02-24T11:59:40+02:00" severity="medium" weight="1.000000">
      <result>fail</result>
      <ident system="https://ncp.nist.gov/cce">CCE-91447-3</ident>
      <check system="http://oval.mitre.org/XMLSchema/oval-definitions-5">
        <check-content-ref name="oval:ssg-sysctl_fs_suid_dumpable:def:1" href="ssg-sle15-oval.xml"/>
      </check>
    </rule-result>
    <rule-result idref="xccdf_org.ssgproject.content_rule_sysctl_kernel_exec_shield" role="full" time="2026-02-24T11:59:40+02:00" severity="medium" weight="1.000000">
      <result>notselected</result>
      <ident system="https://ncp.nist.gov/cce">CCE-91417-6</ident>
    </rule-result>
    <rule-result idref="xccdf_org.ssgproject.content_rule_sysctl_kernel_kptr_restrict" role="full" time="2026-02-24T11:59:40+02:00" severity="medium" weight="1.000000">
      <result>notselected</result>
      <ident system="https://ncp.nist.gov/cce">CCE-83299-8</ident>
    </rule-result>
    <rule-result idref="xccdf_org.ssgproject.content_rule_sysctl_kernel_randomize_va_space" role="full" time="2026-02-24T11:59:40+02:00" severity="medium" weight="1.000000">
      <result>fail</result>
      <ident system="https://ncp.nist.gov/cce">CCE-83300-4</ident>
      <check system="http://oval.mitre.org/XMLSchema/oval-definitions-5">
        <check-content-ref name="oval:ssg-sysctl_kernel_randomize_va_space:def:1" href="ssg-sle15-oval.xml"/>
      </check>
    </rule-result>
    <rule-result idref="xccdf_org.ssgproject.content_rule_bios_enable_execution_restrictions" role="full" time="2026-02-24T11:59:40+02:00" severity="medium" weight="1.000000">
      <result>pass</result>
      <ident system="https://ncp.nist.gov/cce">CCE-91254-3</ident>
      <check system="http://oval.mitre.org/XMLSchema/oval-definitions-5">
        <check-content-ref name="oval:ssg-bios_enable_execution_restrictions:def:1" href="ssg-sle15-oval.xml"/>
      </check>
    </rule-result>
    <rule-result idref="xccdf_org.ssgproject.content_rule_install_PAE_kernel_on_x86-32" role="full" time="2026-02-24T11:59:40+02:00" severity="unknown" weight="1.000000">
      <result>pass</result>
      <ident system="https://ncp.nist.gov/cce">CCE-91255-0</ident>
      <check system="http://oval.mitre.org/XMLSchema/oval-definitions-5">
        <check-content-ref name="oval:ssg-install_PAE_kernel_on_x86-32:def:1" href="ssg-sle15-oval.xml"/>
      </check>
    </rule-result>
    <rule-result idref="xccdf_org.ssgproject.content_rule_package_libselinux_installed" role="full" time="2026-02-24T11:59:40+02:00" severity="high" weight="1.000000">
      <result>notselected</result>
      <ident system="https://ncp.nist.gov/cce">CCE-92490-2</ident>
    </rule-result>
    <rule-result idref="xccdf_org.ssgproject.content_rule_package_mcstrans_removed" role="full" time="2026-02-24T11:59:40+02:00" severity="low" weight="1.000000">
      <result>notselected</result>
    </rule-result>
    <rule-result idref="xccdf_org.ssgproject.content_rule_package_setroubleshoot-plugins_removed" role="full" time="2026-02-24T11:59:40+02:00" severity="low" weight="1.000000">
      <result>notselected</result>
      <ident system="https://ncp.nist.gov/cce">CCE-91269-1</ident>
    </rule-result>
    <rule-result idref="xccdf_org.ssgproject.content_rule_package_setroubleshoot-server_removed" role="full" time="2026-02-24T11:59:40+02:00" severity="low" weight="1.000000">
      <result>notselected</result>
      <ident system="https://ncp.nist.gov/cce">CCE-91267-5</ident>
    </rule-result>
    <rule-result idref="xccdf_org.ssgproject.content_rule_package_setroubleshoot_removed" role="full" time="2026-02-24T11:59:40+02:00" severity="low" weight="1.000000">
      <result>notselected</result>
      <ident system="https://ncp.nist.gov/cce">CCE-91268-3</ident>
    </rule-result>
    <rule-result idref="xccdf_org.ssgproject.content_rule_coreos_enable_selinux_kernel_argument" role="full" time="2026-02-24T11:59:40+02:00" severity="medium" weight="1.000000">
      <result>notselected</result>
    </rule-result>
    <rule-result idref="xccdf_org.ssgproject.content_rule_directory_groupowner_etc_selinux" role="full" time="2026-02-24T11:59:40+02:00" severity="medium" weight="1.000000">
      <result>notselected</result>
      <ident system="https://ncp.nist.gov/cce">CCE-92501-6</ident>
    </rule-result>
    <rule-result idref="xccdf_org.ssgproject.content_rule_directory_owner_etc_selinux" role="full" time="2026-02-24T11:59:40+02:00" severity="medium" weight="1.000000">
      <result>notselected</result>
      <ident system="https://ncp.nist.gov/cce">CCE-92510-7</ident>
    </rule-result>
    <rule-result idref="xccdf_org.ssgproject.content_rule_directory_permissions_etc_selinux" role="full" time="2026-02-24T11:59:40+02:00" severity="medium" weight="1.000000">
      <result>notselected</result>
      <ident system="https://ncp.nist.gov/cce">CCE-92524-8</ident>
    </rule-result>
    <rule-result idref="xccdf_org.ssgproject.content_rule_file_groupowner_etc_sestatus_conf" role="full" time="2026-02-24T11:59:40+02:00" severity="medium" weight="1.000000">
      <result>notselected</result>
    </rule-result>
    <rule-result idref="xccdf_org.ssgproject.content_rule_file_owner_etc_sestatus_conf" role="full" time="2026-02-24T11:59:40+02:00" severity="medium" weight="1.000000">
      <result>notselected</result>
    </rule-result>
    <rule-result idref="xccdf_org.ssgproject.content_rule_file_permissions_etc_sestatus_conf" role="full" time="2026-02-24T11:59:40+02:00" severity="medium" weight="1.000000">
      <result>notselected</result>
    </rule-result>
    <rule-result idref="xccdf_org.ssgproject.content_rule_grub2_enable_selinux" role="full" time="2026-02-24T11:59:40+02:00" severity="medium" weight="1.000000">
      <result>notselected</result>
      <ident system="https://ncp.nist.gov/cce">CCE-91443-2</ident>
    </rule-result>
    <rule-result idref="xccdf_org.ssgproject.content_rule_selinux_confinement_of_daemons" role="full" time="2026-02-24T11:59:40+02:00" severity="medium" weight="1.000000">
      <result>notselected</result>
      <ident system="https://ncp.nist.gov/cce">CCE-91444-0</ident>
    </rule-result>
    <rule-result idref="xccdf_org.ssgproject.content_rule_selinux_not_disabled" role="full" time="2026-02-24T11:59:40+02:00" severity="high" weight="1.000000">
      <result>notselected</result>
    </rule-result>
    <rule-result idref="xccdf_org.ssgproject.content_rule_selinux_policytype" role="full" time="2026-02-24T11:59:40+02:00" severity="medium" weight="1.000000">
      <result>notselected</result>
      <ident system="https://ncp.nist.gov/cce">CCE-91445-7</ident>
    </rule-result>
    <rule-result idref="xccdf_org.ssgproject.content_rule_selinux_state" role="full" time="2026-02-24T11:59:40+02:00" severity="high" weight="1.000000">
      <result>notselected</result>
      <ident system="https://ncp.nist.gov/cce">CCE-91446-5</ident>
    </rule-result>
    <rule-result idref="xccdf_org.ssgproject.content_rule_sebool_deny_execmem" role="full" time="2026-02-24T11:59:40+02:00" severity="medium" weight="1.000000">
      <result>notselected</result>
      <ident system="https://ncp.nist.gov/cce">CCE-91265-9</ident>
    </rule-result>
    <rule-result idref="xccdf_org.ssgproject.content_rule_sebool_polyinstantiation_enabled" role="full" time="2026-02-24T11:59:40+02:00" severity="medium" weight="1.000000">
      <result>notselected</result>
      <ident system="https://ncp.nist.gov/cce">CCE-91238-6</ident>
    </rule-result>
    <rule-result idref="xccdf_org.ssgproject.content_rule_sebool_secure_mode_insmod" role="full" time="2026-02-24T11:59:40+02:00" severity="medium" weight="1.000000">
      <result>notselected</result>
      <ident system="https://ncp.nist.gov/cce">CCE-91266-7</ident>
    </rule-result>
    <rule-result idref="xccdf_org.ssgproject.content_rule_sebool_selinuxuser_execheap" role="full" time="2026-02-24T11:59:40+02:00" severity="medium" weight="1.000000">
      <result>notselected</result>
      <ident system="https://ncp.nist.gov/cce">CCE-91424-2</ident>
    </rule-result>
    <rule-result idref="xccdf_org.ssgproject.content_rule_sebool_selinuxuser_execmod" role="full" time="2026-02-24T11:59:40+02:00" severity="medium" weight="1.000000">
      <result>notselected</result>
      <ident system="https://ncp.nist.gov/cce">CCE-91423-4</ident>
    </rule-result>
    <rule-result idref="xccdf_org.ssgproject.content_rule_sebool_selinuxuser_execstack" role="full" time="2026-02-24T11:59:40+02:00" severity="medium" weight="1.000000">
      <result>notselected</result>
      <ident system="https://ncp.nist.gov/cce">CCE-91422-6</ident>
    </rule-result>
    <rule-result idref="xccdf_org.ssgproject.content_rule_sebool_ssh_sysadm_login" role="full" time="2026-02-24T11:59:40+02:00" severity="medium" weight="1.000000">
      <result>notselected</result>
      <ident system="https://ncp.nist.gov/cce">CCE-91264-2</ident>
    </rule-result>
    <rule-result idref="xccdf_org.ssgproject.content_rule_mask_nonessential_services" role="full" time="2026-02-24T11:59:40+02:00" severity="low" weight="1.000000">
      <result>notselected</result>
      <ident system="https://ncp.nist.gov/cce">CCE-92463-9</ident>
    </rule-result>
    <rule-result idref="xccdf_org.ssgproject.content_rule_avahi_disable_publishing" role="full" time="2026-02-24T11:59:40+02:00" severity="low" weight="1.000000">
      <result>notselected</result>
    </rule-result>
    <rule-result idref="xccdf_org.ssgproject.content_rule_package_avahi-autoipd_removed" role="full" time="2026-02-24T11:59:40+02:00" severity="medium" weight="1.000000">
      <result>notselected</result>
      <ident system="https://ncp.nist.gov/cce">CCE-92465-4</ident>
    </rule-result>
    <rule-result idref="xccdf_org.ssgproject.content_rule_package_avahi_removed" role="full" time="2026-02-24T11:59:40+02:00" severity="medium" weight="1.000000">
      <result>notselected</result>
      <ident system="https://ncp.nist.gov/cce">CCE-92464-7</ident>
    </rule-result>
    <rule-result idref="xccdf_org.ssgproject.content_rule_service_avahi-daemon_disabled" role="full" time="2026-02-24T11:59:40+02:00" severity="medium" weight="1.000000">
      <result>notselected</result>
      <ident system="https://ncp.nist.gov/cce">CCE-91321-0</ident>
    </rule-result>
    <rule-result idref="xccdf_org.ssgproject.content_rule_service_kdump_disabled" role="full" time="2026-02-24T11:59:40+02:00" severity="medium" weight="1.000000">
      <result>notselected</result>
      <ident system="https://ncp.nist.gov/cce">CCE-85638-5</ident>
    </rule-result>
    <rule-result idref="xccdf_org.ssgproject.content_rule_package_cron_installed" role="full" time="2026-02-24T11:59:40+02:00" severity="medium" weight="1.000000">
      <result>fail</result>
      <ident system="https://ncp.nist.gov/cce">CCE-91379-8</ident>
      <check system="http://oval.mitre.org/XMLSchema/oval-definitions-5">
        <check-content-ref name="oval:ssg-package_cron_installed:def:1" href="ssg-sle15-oval.xml"/>
      </check>
    </rule-result>
    <rule-result idref="xccdf_org.ssgproject.content_rule_service_cron_enabled" role="full" time="2026-02-24T11:59:40+02:00" severity="medium" weight="1.000000">
      <result>fail</result>
      <ident system="https://ncp.nist.gov/cce">CCE-91437-4</ident>
      <check system="http://oval.mitre.org/XMLSchema/oval-definitions-5">
        <check-content-ref name="oval:ssg-service_cron_enabled:def:1" href="ssg-sle15-oval.xml"/>
      </check>
    </rule-result>
    <rule-result idref="xccdf_org.ssgproject.content_rule_file_groupowner_cron_d" role="full" time="2026-02-24T11:59:40+02:00" severity="medium" weight="1.000000">
      <result>pass</result>
      <ident system="https://ncp.nist.gov/cce">CCE-91391-3</ident>
      <check system="http://oval.mitre.org/XMLSchema/oval-definitions-5">
        <check-content-ref name="oval:ssg-file_groupowner_cron_d:def:1" href="ssg-sle15-oval.xml"/>
      </check>
    </rule-result>
    <rule-result idref="xccdf_org.ssgproject.content_rule_file_groupowner_cron_daily" role="full" time="2026-02-24T11:59:40+02:00" severity="medium" weight="1.000000">
      <result>pass</result>
      <ident system="https://ncp.nist.gov/cce">CCE-91385-5</ident>
      <check system="http://oval.mitre.org/XMLSchema/oval-definitions-5">
        <check-content-ref name="oval:ssg-file_groupowner_cron_daily:def:1" href="ssg-sle15-oval.xml"/>
      </check>
    </rule-result>
    <rule-result idref="xccdf_org.ssgproject.content_rule_file_groupowner_cron_hourly" role="full" time="2026-02-24T11:59:40+02:00" severity="medium" weight="1.000000">
      <result>pass</result>
      <ident system="https://ncp.nist.gov/cce">CCE-91382-2</ident>
      <check system="http://oval.mitre.org/XMLSchema/oval-definitions-5">
        <check-content-ref name="oval:ssg-file_groupowner_cron_hourly:def:1" href="ssg-sle15-oval.xml"/>
      </check>
    </rule-result>
    <rule-result idref="xccdf_org.ssgproject.content_rule_file_groupowner_cron_monthly" role="full" time="2026-02-24T11:59:40+02:00" severity="medium" weight="1.000000">
      <result>pass</result>
      <ident system="https://ncp.nist.gov/cce">CCE-91388-9</ident>
      <check system="http://oval.mitre.org/XMLSchema/oval-definitions-5">
        <check-content-ref name="oval:ssg-file_groupowner_cron_monthly:def:1" href="ssg-sle15-oval.xml"/>
      </check>
    </rule-result>
    <rule-result idref="xccdf_org.ssgproject.content_rule_file_groupowner_cron_weekly" role="full" time="2026-02-24T11:59:40+02:00" severity="medium" weight="1.000000">
      <result>pass</result>
      <ident system="https://ncp.nist.gov/cce">CCE-91386-3</ident>
      <check system="http://oval.mitre.org/XMLSchema/oval-definitions-5">
        <check-content-ref name="oval:ssg-file_groupowner_cron_weekly:def:1" href="ssg-sle15-oval.xml"/>
      </check>
    </rule-result>
    <rule-result idref="xccdf_org.ssgproject.content_rule_file_groupowner_crontab" role="full" time="2026-02-24T11:59:40+02:00" severity="medium" weight="1.000000">
      <result>pass</result>
      <ident system="https://ncp.nist.gov/cce">CCE-91380-6</ident>
      <check system="http://oval.mitre.org/XMLSchema/oval-definitions-5">
        <check-content-ref name="oval:ssg-file_groupowner_crontab:def:1" href="ssg-sle15-oval.xml"/>
      </check>
    </rule-result>
    <rule-result idref="xccdf_org.ssgproject.content_rule_file_owner_cron_d" role="full" time="2026-02-24T11:59:40+02:00" severity="medium" weight="1.000000">
      <result>pass</result>
      <ident system="https://ncp.nist.gov/cce">CCE-91390-5</ident>
      <check system="http://oval.mitre.org/XMLSchema/oval-definitions-5">
        <check-content-ref name="oval:ssg-file_owner_cron_d:def:1" href="ssg-sle15-oval.xml"/>
      </check>
    </rule-result>
    <rule-result idref="xccdf_org.ssgproject.content_rule_file_owner_cron_daily" role="full" time="2026-02-24T11:59:40+02:00" severity="medium" weight="1.000000">
      <result>pass</result>
      <ident system="https://ncp.nist.gov/cce">CCE-91384-8</ident>
      <check system="http://oval.mitre.org/XMLSchema/oval-definitions-5">
        <check-content-ref name="oval:ssg-file_owner_cron_daily:def:1" href="ssg-sle15-oval.xml"/>
      </check>
    </rule-result>
    <rule-result idref="xccdf_org.ssgproject.content_rule_file_owner_cron_hourly" role="full" time="2026-02-24T11:59:40+02:00" severity="medium" weight="1.000000">
      <result>pass</result>
      <ident system="https://ncp.nist.gov/cce">CCE-91383-0</ident>
      <check system="http://oval.mitre.org/XMLSchema/oval-definitions-5">
        <check-content-ref name="oval:ssg-file_owner_cron_hourly:def:1" href="ssg-sle15-oval.xml"/>
      </check>
    </rule-result>
    <rule-result idref="xccdf_org.ssgproject.content_rule_file_owner_cron_monthly" role="full" time="2026-02-24T11:59:40+02:00" severity="medium" weight="1.000000">
      <result>pass</result>
      <ident system="https://ncp.nist.gov/cce">CCE-91389-7</ident>
      <check system="http://oval.mitre.org/XMLSchema/oval-definitions-5">
        <check-content-ref name="oval:ssg-file_owner_cron_monthly:def:1" href="ssg-sle15-oval.xml"/>
      </check>
    </rule-result>
    <rule-result idref="xccdf_org.ssgproject.content_rule_file_owner_cron_weekly" role="full" time="2026-02-24T11:59:40+02:00" severity="medium" weight="1.000000">
      <result>pass</result>
      <ident system="https://ncp.nist.gov/cce">CCE-91387-1</ident>
      <check system="http://oval.mitre.org/XMLSchema/oval-definitions-5">
        <check-content-ref name="oval:ssg-file_owner_cron_weekly:def:1" href="ssg-sle15-oval.xml"/>
      </check>
    </rule-result>
    <rule-result idref="xccdf_org.ssgproject.content_rule_file_owner_crontab" role="full" time="2026-02-24T11:59:40+02:00" severity="medium" weight="1.000000">
      <result>pass</result>
      <ident system="https://ncp.nist.gov/cce">CCE-91381-4</ident>
      <check system="http://oval.mitre.org/XMLSchema/oval-definitions-5">
        <check-content-ref name="oval:ssg-file_owner_crontab:def:1" href="ssg-sle15-oval.xml"/>
      </check>
    </rule-result>
    <rule-result idref="xccdf_org.ssgproject.content_rule_file_permissions_cron_d" role="full" time="2026-02-24T11:59:40+02:00" severity="medium" weight="1.000000">
      <result>fail</result>
      <ident system="https://ncp.nist.gov/cce">CCE-91304-6</ident>
      <check system="http://oval.mitre.org/XMLSchema/oval-definitions-5">
        <check-content-ref name="oval:ssg-file_permissions_cron_d:def:1" href="ssg-sle15-oval.xml"/>
      </check>
    </rule-result>
    <rule-result idref="xccdf_org.ssgproject.content_rule_file_permissions_cron_daily" role="full" time="2026-02-24T11:59:40+02:00" severity="medium" weight="1.000000">
      <result>fail</result>
      <ident system="https://ncp.nist.gov/cce">CCE-91301-2</ident>
      <check system="http://oval.mitre.org/XMLSchema/oval-definitions-5">
        <check-content-ref name="oval:ssg-file_permissions_cron_daily:def:1" href="ssg-sle15-oval.xml"/>
      </check>
    </rule-result>
    <rule-result idref="xccdf_org.ssgproject.content_rule_file_permissions_cron_hourly" role="full" time="2026-02-24T11:59:40+02:00" severity="medium" weight="1.000000">
      <result>fail</result>
      <ident system="https://ncp.nist.gov/cce">CCE-91300-4</ident>
      <check system="http://oval.mitre.org/XMLSchema/oval-definitions-5">
        <check-content-ref name="oval:ssg-file_permissions_cron_hourly:def:1" href="ssg-sle15-oval.xml"/>
      </check>
    </rule-result>
    <rule-result idref="xccdf_org.ssgproject.content_rule_file_permissions_cron_monthly" role="full" time="2026-02-24T11:59:40+02:00" severity="medium" weight="1.000000">
      <result>fail</result>
      <ident system="https://ncp.nist.gov/cce">CCE-91303-8</ident>
      <check system="http://oval.mitre.org/XMLSchema/oval-definitions-5">
        <check-content-ref name="oval:ssg-file_permissions_cron_monthly:def:1" href="ssg-sle15-oval.xml"/>
      </check>
    </rule-result>
    <rule-result idref="xccdf_org.ssgproject.content_rule_file_permissions_cron_weekly" role="full" time="2026-02-24T11:59:40+02:00" severity="medium" weight="1.000000">
      <result>fail</result>
      <ident system="https://ncp.nist.gov/cce">CCE-91302-0</ident>
      <check system="http://oval.mitre.org/XMLSchema/oval-definitions-5">
        <check-content-ref name="oval:ssg-file_permissions_cron_weekly:def:1" href="ssg-sle15-oval.xml"/>
      </check>
    </rule-result>
    <rule-result idref="xccdf_org.ssgproject.content_rule_file_permissions_crontab" role="full" time="2026-02-24T11:59:40+02:00" severity="medium" weight="1.000000">
      <result>pass</result>
      <ident system="https://ncp.nist.gov/cce">CCE-91299-8</ident>
      <check system="http://oval.mitre.org/XMLSchema/oval-definitions-5">
        <check-content-ref name="oval:ssg-file_permissions_crontab:def:1" href="ssg-sle15-oval.xml"/>
      </check>
    </rule-result>
    <rule-result idref="xccdf_org.ssgproject.content_rule_file_at_deny_not_exist" role="full" time="2026-02-24T11:59:40+02:00" severity="medium" weight="1.000000">
      <result>pass</result>
      <ident system="https://ncp.nist.gov/cce">CCE-91313-7</ident>
      <check system="http://oval.mitre.org/XMLSchema/oval-definitions-5">
        <check-content-ref name="oval:ssg-file_at_deny_not_exist:def:1" href="ssg-sle15-oval.xml"/>
      </check>
    </rule-result>
    <rule-result idref="xccdf_org.ssgproject.content_rule_file_cron_allow_exists" role="full" time="2026-02-24T11:59:40+02:00" severity="medium" weight="1.000000">
      <result>notselected</result>
      <ident system="https://ncp.nist.gov/cce">CCE-92533-9</ident>
    </rule-result>
    <rule-result idref="xccdf_org.ssgproject.content_rule_file_cron_deny_not_exist" role="full" time="2026-02-24T11:59:40+02:00" severity="medium" weight="1.000000">
      <result>pass</result>
      <ident system="https://ncp.nist.gov/cce">CCE-91314-5</ident>
      <check system="http://oval.mitre.org/XMLSchema/oval-definitions-5">
        <check-content-ref name="oval:ssg-file_cron_deny_not_exist:def:1" href="ssg-sle15-oval.xml"/>
      </check>
    </rule-result>
    <rule-result idref="xccdf_org.ssgproject.content_rule_file_groupowner_at_allow" role="full" time="2026-02-24T11:59:40+02:00" severity="medium" weight="1.000000">
      <result>pass</result>
      <ident system="https://ncp.nist.gov/cce">CCE-91315-2</ident>
      <check system="http://oval.mitre.org/XMLSchema/oval-definitions-5">
        <check-content-ref name="oval:ssg-file_groupowner_at_allow:def:1" href="ssg-sle15-oval.xml"/>
      </check>
    </rule-result>
    <rule-result idref="xccdf_org.ssgproject.content_rule_file_groupowner_cron_allow" role="full" time="2026-02-24T11:59:40+02:00" severity="medium" weight="1.000000">
      <result>pass</result>
      <ident system="https://ncp.nist.gov/cce">CCE-91316-0</ident>
      <check system="http://oval.mitre.org/XMLSchema/oval-definitions-5">
        <check-content-ref name="oval:ssg-file_groupowner_cron_allow:def:1" href="ssg-sle15-oval.xml"/>
      </check>
    </rule-result>
    <rule-result idref="xccdf_org.ssgproject.content_rule_file_owner_at_allow" role="full" time="2026-02-24T11:59:40+02:00" severity="medium" weight="1.000000">
      <result>pass</result>
      <ident system="https://ncp.nist.gov/cce">CCE-91317-8</ident>
      <check system="http://oval.mitre.org/XMLSchema/oval-definitions-5">
        <check-content-ref name="oval:ssg-file_owner_at_allow:def:1" href="ssg-sle15-oval.xml"/>
      </check>
    </rule-result>
    <rule-result idref="xccdf_org.ssgproject.content_rule_file_owner_cron_allow" role="full" time="2026-02-24T11:59:40+02:00" severity="medium" weight="1.000000">
      <result>pass</result>
      <ident system="https://ncp.nist.gov/cce">CCE-91318-6</ident>
      <check system="http://oval.mitre.org/XMLSchema/oval-definitions-5">
        <check-content-ref name="oval:ssg-file_owner_cron_allow:def:1" href="ssg-sle15-oval.xml"/>
      </check>
    </rule-result>
    <rule-result idref="xccdf_org.ssgproject.content_rule_file_permissions_at_allow" role="full" time="2026-02-24T11:59:40+02:00" severity="medium" weight="1.000000">
      <result>pass</result>
      <ident system="https://ncp.nist.gov/cce">CCE-91319-4</ident>
      <check system="http://oval.mitre.org/XMLSchema/oval-definitions-5">
        <check-content-ref name="oval:ssg-file_permissions_at_allow:def:1" href="ssg-sle15-oval.xml"/>
      </check>
    </rule-result>
    <rule-result idref="xccdf_org.ssgproject.content_rule_file_permissions_cron_allow" role="full" time="2026-02-24T11:59:40+02:00" severity="medium" weight="1.000000">
      <result>pass</result>
      <ident system="https://ncp.nist.gov/cce">CCE-91320-2</ident>
      <check system="http://oval.mitre.org/XMLSchema/oval-definitions-5">
        <check-content-ref name="oval:ssg-file_permissions_cron_allow:def:1" href="ssg-sle15-oval.xml"/>
      </check>
    </rule-result>
    <rule-result idref="xccdf_org.ssgproject.content_rule_package_inetutils-telnetd_removed" role="full" time="2026-02-24T11:59:40+02:00" severity="high" weight="1.000000">
      <result>notselected</result>
    </rule-result>
    <rule-result idref="xccdf_org.ssgproject.content_rule_package_nis_removed" role="full" time="2026-02-24T11:59:40+02:00" severity="low" weight="1.000000">
      <result>notselected</result>
    </rule-result>
    <rule-result idref="xccdf_org.ssgproject.content_rule_package_ntpdate_removed" role="full" time="2026-02-24T11:59:40+02:00" severity="low" weight="1.000000">
      <result>notselected</result>
    </rule-result>
    <rule-result idref="xccdf_org.ssgproject.content_rule_package_telnetd-ssl_removed" role="full" time="2026-02-24T11:59:40+02:00" severity="high" weight="1.000000">
      <result>notselected</result>
    </rule-result>
    <rule-result idref="xccdf_org.ssgproject.content_rule_package_telnetd_removed" role="full" time="2026-02-24T11:59:40+02:00" severity="high" weight="1.000000">
      <result>notselected</result>
    </rule-result>
    <rule-result idref="xccdf_org.ssgproject.content_rule_dhcp_client_restrict_options" role="full" time="2026-02-24T11:59:40+02:00" severity="unknown" weight="1.000000">
      <result>notselected</result>
    </rule-result>
    <rule-result idref="xccdf_org.ssgproject.content_rule_dhcp_server_minimize_served_info" role="full" time="2026-02-24T11:59:40+02:00" severity="unknown" weight="1.000000">
      <result>notselected</result>
    </rule-result>
    <rule-result idref="xccdf_org.ssgproject.content_rule_package_dhcp_client_removed" role="full" time="2026-02-24T11:59:40+02:00" severity="medium" weight="1.000000">
      <result>pass</result>
      <ident system="https://ncp.nist.gov/cce">CCE-92511-5</ident>
      <check system="http://oval.mitre.org/XMLSchema/oval-definitions-5">
        <check-content-ref name="oval:ssg-package_dhcp_client_removed:def:1" href="ssg-sle15-oval.xml"/>
      </check>
    </rule-result>
    <rule-result idref="xccdf_org.ssgproject.content_rule_package_dhcp_removed" role="full" time="2026-02-24T11:59:40+02:00" severity="medium" weight="1.000000">
      <result>pass</result>
      <ident system="https://ncp.nist.gov/cce">CCE-85759-9</ident>
      <check system="http://oval.mitre.org/XMLSchema/oval-definitions-5">
        <check-content-ref name="oval:ssg-package_dhcp_removed:def:1" href="ssg-sle15-oval.xml"/>
      </check>
    </rule-result>
    <rule-result idref="xccdf_org.ssgproject.content_rule_service_dhcpd_disabled" role="full" time="2026-02-24T11:59:40+02:00" severity="medium" weight="1.000000">
      <result>pass</result>
      <ident system="https://ncp.nist.gov/cce">CCE-91363-2</ident>
      <check system="http://oval.mitre.org/XMLSchema/oval-definitions-5">
        <check-content-ref name="oval:ssg-service_dhcpd_disabled:def:1" href="ssg-sle15-oval.xml"/>
      </check>
    </rule-result>
    <rule-result idref="xccdf_org.ssgproject.content_rule_package_dnsmasq_removed" role="full" time="2026-02-24T11:59:40+02:00" severity="low" weight="1.000000">
      <result>notselected</result>
      <ident system="https://ncp.nist.gov/cce">CCE-92596-6</ident>
    </rule-result>
    <rule-result idref="xccdf_org.ssgproject.content_rule_service_dnsmasq_disabled" role="full" time="2026-02-24T11:59:40+02:00" severity="medium" weight="1.000000">
      <result>notselected</result>
      <ident system="https://ncp.nist.gov/cce">CCE-92602-2</ident>
    </rule-result>
    <rule-result idref="xccdf_org.ssgproject.content_rule_package_bind_removed" role="full" time="2026-02-24T11:59:40+02:00" severity="low" weight="1.000000">
      <result>pass</result>
      <ident system="https://ncp.nist.gov/cce">CCE-91285-7</ident>
      <check system="http://oval.mitre.org/XMLSchema/oval-definitions-5">
        <check-content-ref name="oval:ssg-package_bind_removed:def:1" href="ssg-sle15-oval.xml"/>
      </check>
    </rule-result>
    <rule-result idref="xccdf_org.ssgproject.content_rule_service_named_disabled" role="full" time="2026-02-24T11:59:40+02:00" severity="medium" weight="1.000000">
      <result>pass</result>
      <ident system="https://ncp.nist.gov/cce">CCE-91365-7</ident>
      <check system="http://oval.mitre.org/XMLSchema/oval-definitions-5">
        <check-content-ref name="oval:ssg-service_named_disabled:def:1" href="ssg-sle15-oval.xml"/>
      </check>
    </rule-result>
    <rule-result idref="xccdf_org.ssgproject.content_rule_fapolicyd_prevent_home_folder_access" role="full" time="2026-02-24T11:59:40+02:00" severity="medium" weight="1.000000">
      <result>notselected</result>
    </rule-result>
    <rule-result idref="xccdf_org.ssgproject.content_rule_package_ftp_removed" role="full" time="2026-02-24T11:59:40+02:00" severity="low" weight="1.000000">
      <result>notselected</result>
      <ident system="https://ncp.nist.gov/cce">CCE-92597-4</ident>
    </rule-result>
    <rule-result idref="xccdf_org.ssgproject.content_rule_package_vsftpd_removed" role="full" time="2026-02-24T11:59:40+02:00" severity="high" weight="1.000000">
      <result>pass</result>
      <ident system="https://ncp.nist.gov/cce">CCE-85700-3</ident>
      <check system="http://oval.mitre.org/XMLSchema/oval-definitions-5">
        <check-content-ref name="oval:ssg-package_vsftpd_removed:def:1" href="ssg-sle15-oval.xml"/>
      </check>
    </rule-result>
    <rule-result idref="xccdf_org.ssgproject.content_rule_service_vsftpd_disabled" role="full" time="2026-02-24T11:59:40+02:00" severity="medium" weight="1.000000">
      <result>pass</result>
      <ident system="https://ncp.nist.gov/cce">CCE-91366-5</ident>
      <check system="http://oval.mitre.org/XMLSchema/oval-definitions-5">
        <check-content-ref name="oval:ssg-service_vsftpd_disabled:def:1" href="ssg-sle15-oval.xml"/>
      </check>
    </rule-result>
    <rule-result idref="xccdf_org.ssgproject.content_rule_ftp_configure_firewall" role="full" time="2026-02-24T11:59:40+02:00" severity="unknown" weight="1.000000">
      <result>notselected</result>
    </rule-result>
    <rule-result idref="xccdf_org.ssgproject.content_rule_ftp_limit_users" role="full" time="2026-02-24T11:59:40+02:00" severity="unknown" weight="1.000000">
      <result>notselected</result>
    </rule-result>
    <rule-result idref="xccdf_org.ssgproject.content_rule_package_httpd_removed" role="full" time="2026-02-24T11:59:40+02:00" severity="unknown" weight="1.000000">
      <result>pass</result>
      <ident system="https://ncp.nist.gov/cce">CCE-91286-5</ident>
      <check system="http://oval.mitre.org/XMLSchema/oval-definitions-5">
        <check-content-ref name="oval:ssg-package_httpd_removed:def:1" href="ssg-sle15-oval.xml"/>
      </check>
    </rule-result>
    <rule-result idref="xccdf_org.ssgproject.content_rule_service_httpd_disabled" role="full" time="2026-02-24T11:59:40+02:00" severity="unknown" weight="1.000000">
      <result>pass</result>
      <ident system="https://ncp.nist.gov/cce">CCE-91367-3</ident>
      <check system="http://oval.mitre.org/XMLSchema/oval-definitions-5">
        <check-content-ref name="oval:ssg-service_httpd_disabled:def:1" href="ssg-sle15-oval.xml"/>
      </check>
    </rule-result>
    <rule-result idref="xccdf_org.ssgproject.content_rule_package_cyrus-imapd_removed" role="full" time="2026-02-24T11:59:40+02:00" severity="unknown" weight="1.000000">
      <result>notselected</result>
      <ident system="https://ncp.nist.gov/cce">CCE-92595-8</ident>
    </rule-result>
    <rule-result idref="xccdf_org.ssgproject.content_rule_package_dovecot_removed" role="full" time="2026-02-24T11:59:40+02:00" severity="unknown" weight="1.000000">
      <result>pass</result>
      <ident system="https://ncp.nist.gov/cce">CCE-91369-9</ident>
      <check system="http://oval.mitre.org/XMLSchema/oval-definitions-5">
        <check-content-ref name="oval:ssg-package_dovecot_removed:def:1" href="ssg-sle15-oval.xml"/>
      </check>
    </rule-result>
    <rule-result idref="xccdf_org.ssgproject.content_rule_service_dovecot_disabled" role="full" time="2026-02-24T11:59:40+02:00" severity="unknown" weight="1.000000">
      <result>pass</result>
      <ident system="https://ncp.nist.gov/cce">CCE-91368-1</ident>
      <check system="http://oval.mitre.org/XMLSchema/oval-definitions-5">
        <check-content-ref name="oval:ssg-service_dovecot_disabled:def:1" href="ssg-sle15-oval.xml"/>
      </check>
    </rule-result>
    <rule-result idref="xccdf_org.ssgproject.content_rule_package_openldap-clients_removed" role="full" time="2026-02-24T11:59:40+02:00" severity="low" weight="1.000000">
      <result>pass</result>
      <ident system="https://ncp.nist.gov/cce">CCE-91310-3</ident>
      <check system="http://oval.mitre.org/XMLSchema/oval-definitions-5">
        <check-content-ref name="oval:ssg-package_openldap-clients_removed:def:1" href="ssg-sle15-oval.xml"/>
      </check>
    </rule-result>
    <rule-result idref="xccdf_org.ssgproject.content_rule_package_openldap-servers_removed" role="full" time="2026-02-24T11:59:40+02:00" severity="low" weight="1.000000">
      <result>pass</result>
      <ident system="https://ncp.nist.gov/cce">CCE-91283-2</ident>
      <check system="http://oval.mitre.org/XMLSchema/oval-definitions-5">
        <check-content-ref name="oval:ssg-package_openldap-servers_removed:def:1" href="ssg-sle15-oval.xml"/>
      </check>
    </rule-result>
    <rule-result idref="xccdf_org.ssgproject.content_rule_service_slapd_disabled" role="full" time="2026-02-24T11:59:40+02:00" severity="medium" weight="1.000000">
      <result>notselected</result>
      <ident system="https://ncp.nist.gov/cce">CCE-92603-0</ident>
    </rule-result>
    <rule-result idref="xccdf_org.ssgproject.content_rule_package_mailx_installed" role="full" time="2026-02-24T11:59:40+02:00" severity="medium" weight="1.000000">
      <result>notselected</result>
      <ident system="https://ncp.nist.gov/cce">CCE-92519-8</ident>
    </rule-result>
    <rule-result idref="xccdf_org.ssgproject.content_rule_package_postfix_installed" role="full" time="2026-02-24T11:59:40+02:00" severity="medium" weight="1.000000">
      <result>notselected</result>
    </rule-result>
    <rule-result idref="xccdf_org.ssgproject.content_rule_package_sendmail_removed" role="full" time="2026-02-24T11:59:40+02:00" severity="medium" weight="1.000000">
      <result>notselected</result>
      <ident system="https://ncp.nist.gov/cce">CCE-85761-5</ident>
    </rule-result>
    <rule-result idref="xccdf_org.ssgproject.content_rule_service_postfix_enabled" role="full" time="2026-02-24T11:59:40+02:00" severity="unknown" weight="1.000000">
      <result>notselected</result>
    </rule-result>
    <rule-result idref="xccdf_org.ssgproject.content_rule_postfix_client_configure_mail_alias" role="full" time="2026-02-24T11:59:40+02:00" severity="medium" weight="1.000000">
      <result>notselected</result>
      <ident system="https://ncp.nist.gov/cce">CCE-85605-4</ident>
    </rule-result>
    <rule-result idref="xccdf_org.ssgproject.content_rule_postfix_client_configure_mail_alias_postmaster" role="full" time="2026-02-24T11:59:40+02:00" severity="medium" weight="1.000000">
      <result>notselected</result>
    </rule-result>
    <rule-result idref="xccdf_org.ssgproject.content_rule_postfix_client_configure_relayhost" role="full" time="2026-02-24T11:59:40+02:00" severity="medium" weight="1.000000">
      <result>notselected</result>
    </rule-result>
    <rule-result idref="xccdf_org.ssgproject.content_rule_postfix_network_listening_disabled" role="full" time="2026-02-24T11:59:40+02:00" severity="medium" weight="1.000000">
      <result>notapplicable</result>
      <ident system="https://ncp.nist.gov/cce">CCE-91280-8</ident>
    </rule-result>
    <rule-result idref="xccdf_org.ssgproject.content_rule_package_nfs-utils_removed" role="full" time="2026-02-24T11:59:40+02:00" severity="low" weight="1.000000">
      <result>pass</result>
      <ident system="https://ncp.nist.gov/cce">CCE-91284-0</ident>
      <check system="http://oval.mitre.org/XMLSchema/oval-definitions-5">
        <check-content-ref name="oval:ssg-package_nfs-utils_removed:def:1" href="ssg-sle15-oval.xml"/>
      </check>
    </rule-result>
    <rule-result idref="xccdf_org.ssgproject.content_rule_service_netfs_disabled" role="full" time="2026-02-24T11:59:40+02:00" severity="unknown" weight="1.000000">
      <result>notselected</result>
    </rule-result>
    <rule-result idref="xccdf_org.ssgproject.content_rule_package_rpcbind_removed" role="full" time="2026-02-24T11:59:40+02:00" severity="low" weight="1.000000">
      <result>pass</result>
      <ident system="https://ncp.nist.gov/cce">CCE-92467-0</ident>
      <check system="http://oval.mitre.org/XMLSchema/oval-definitions-5">
        <check-content-ref name="oval:ssg-package_rpcbind_removed:def:1" href="ssg-sle15-oval.xml"/>
      </check>
    </rule-result>
    <rule-result idref="xccdf_org.ssgproject.content_rule_service_rpcbind_disabled" role="full" time="2026-02-24T11:59:40+02:00" severity="low" weight="1.000000">
      <result>pass</result>
      <ident system="https://ncp.nist.gov/cce">CCE-91312-9</ident>
      <check system="http://oval.mitre.org/XMLSchema/oval-definitions-5">
        <check-content-ref name="oval:ssg-service_rpcbind_disabled:def:1" href="ssg-sle15-oval.xml"/>
      </check>
    </rule-result>
    <rule-result idref="xccdf_org.ssgproject.content_rule_service_nfs_disabled" role="full" time="2026-02-24T11:59:40+02:00" severity="unknown" weight="1.000000">
      <result>pass</result>
      <ident system="https://ncp.nist.gov/cce">CCE-91364-0</ident>
      <check system="http://oval.mitre.org/XMLSchema/oval-definitions-5">
        <check-content-ref name="oval:ssg-service_nfs_disabled:def:1" href="ssg-sle15-oval.xml"/>
      </check>
    </rule-result>
    <rule-result idref="xccdf_org.ssgproject.content_rule_mount_option_noexec_remote_filesystems" role="full" time="2026-02-24T11:59:40+02:00" severity="medium" weight="1.000000">
      <result>notselected</result>
      <ident system="https://ncp.nist.gov/cce">CCE-85636-9</ident>
    </rule-result>
    <rule-result idref="xccdf_org.ssgproject.content_rule_mount_option_nosuid_remote_filesystems" role="full" time="2026-02-24T11:59:40+02:00" severity="medium" weight="1.000000">
      <result>notselected</result>
      <ident system="https://ncp.nist.gov/cce">CCE-85635-1</ident>
    </rule-result>
    <rule-result idref="xccdf_org.ssgproject.content_rule_no_all_squash_exports" role="full" time="2026-02-24T11:59:40+02:00" severity="low" weight="1.000000">
      <result>notselected</result>
    </rule-result>
    <rule-result idref="xccdf_org.ssgproject.content_rule_use_kerberos_security_all_exports" role="full" time="2026-02-24T11:59:40+02:00" severity="medium" weight="1.000000">
      <result>notselected</result>
      <ident system="https://ncp.nist.gov/cce">CCE-91416-8</ident>
    </rule-result>
    <rule-result idref="xccdf_org.ssgproject.content_rule_package_chrony_installed" role="full" time="2026-02-24T11:59:40+02:00" severity="medium" weight="1.000000">
      <result>pass</result>
      <ident system="https://ncp.nist.gov/cce">CCE-91229-5</ident>
      <check system="http://oval.mitre.org/XMLSchema/oval-definitions-5">
        <check-content-ref name="oval:ssg-package_chrony_installed:def:1" href="ssg-sle15-oval.xml"/>
      </check>
    </rule-result>
    <rule-result idref="xccdf_org.ssgproject.content_rule_package_ntp_installed" role="full" time="2026-02-24T11:59:40+02:00" severity="high" weight="1.000000">
      <result>notselected</result>
      <ident system="https://ncp.nist.gov/cce">CCE-91293-1</ident>
    </rule-result>
    <rule-result idref="xccdf_org.ssgproject.content_rule_service_chronyd_enabled" role="full" time="2026-02-24T11:59:40+02:00" severity="medium" weight="1.000000">
      <result>notselected</result>
      <ident system="https://ncp.nist.gov/cce">CCE-92601-4</ident>
    </rule-result>
    <rule-result idref="xccdf_org.ssgproject.content_rule_service_chronyd_or_ntpd_enabled" role="full" time="2026-02-24T11:59:40+02:00" severity="medium" weight="1.000000">
      <result>notselected</result>
      <ident system="https://ncp.nist.gov/cce">CCE-85835-7</ident>
    </rule-result>
    <rule-result idref="xccdf_org.ssgproject.content_rule_service_ntp_enabled" role="full" time="2026-02-24T11:59:40+02:00" severity="high" weight="1.000000">
      <result>notselected</result>
      <ident system="https://ncp.nist.gov/cce">CCE-91294-9</ident>
    </rule-result>
    <rule-result idref="xccdf_org.ssgproject.content_rule_service_timesyncd_enabled" role="full" time="2026-02-24T11:59:40+02:00" severity="high" weight="1.000000">
      <result>notselected</result>
      <ident system="https://ncp.nist.gov/cce">CCE-91296-4</ident>
    </rule-result>
    <rule-result idref="xccdf_org.ssgproject.content_rule_chronyd_specify_remote_server" role="full" time="2026-02-24T11:59:40+02:00" severity="medium" weight="1.000000">
      <result>notselected</result>
      <ident system="https://ncp.nist.gov/cce">CCE-85833-2</ident>
    </rule-result>
    <rule-result idref="xccdf_org.ssgproject.content_rule_chronyd_configure_pool_and_server" role="full" time="2026-02-24T11:59:40+02:00" severity="medium" weight="1.000000">
      <result>fail</result>
      <ident system="https://ncp.nist.gov/cce">CCE-92526-3</ident>
      <check system="http://oval.mitre.org/XMLSchema/oval-definitions-5">
        <check-export export-name="oval:ssg-var_multiple_time_servers:var:1" value-id="xccdf_org.ssgproject.content_value_var_multiple_time_servers"/>
        <check-export export-name="oval:ssg-var_multiple_time_pools:var:1" value-id="xccdf_org.ssgproject.content_value_var_multiple_time_pools"/>
        <check-content-ref name="oval:ssg-chronyd_configure_pool_and_server:def:1" href="ssg-sle15-oval.xml"/>
      </check>
    </rule-result>
    <rule-result idref="xccdf_org.ssgproject.content_rule_chronyd_or_ntpd_set_maxpoll" role="full" time="2026-02-24T11:59:40+02:00" severity="medium" weight="1.000000">
      <result>notselected</result>
      <ident system="https://ncp.nist.gov/cce">CCE-83287-3</ident>
    </rule-result>
    <rule-result idref="xccdf_org.ssgproject.content_rule_chronyd_run_as_chrony_user" role="full" time="2026-02-24T11:59:40+02:00" severity="medium" weight="1.000000">
      <result>fail</result>
      <ident system="https://ncp.nist.gov/cce">CCE-91360-8</ident>
      <check system="http://oval.mitre.org/XMLSchema/oval-definitions-5">
        <check-content-ref name="oval:ssg-chronyd_run_as_chrony_user:def:1" href="ssg-sle15-oval.xml"/>
      </check>
    </rule-result>
    <rule-result idref="xccdf_org.ssgproject.content_rule_chronyd_server_directive" role="full" time="2026-02-24T11:59:40+02:00" severity="medium" weight="1.000000">
      <result>notselected</result>
    </rule-result>
    <rule-result idref="xccdf_org.ssgproject.content_rule_file_owner_etc_chrony_keys" role="full" time="2026-02-24T11:59:40+02:00" severity="medium" weight="1.000000">
      <result>notselected</result>
    </rule-result>
    <rule-result idref="xccdf_org.ssgproject.content_rule_file_permissions_etc_chrony_keys" role="full" time="2026-02-24T11:59:40+02:00" severity="medium" weight="1.000000">
      <result>notselected</result>
    </rule-result>
    <rule-result idref="xccdf_org.ssgproject.content_rule_ntpd_specify_multiple_servers" role="full" time="2026-02-24T11:59:40+02:00" severity="unknown" weight="1.000000">
      <result>notselected</result>
      <ident system="https://ncp.nist.gov/cce">CCE-91297-2</ident>
    </rule-result>
    <rule-result idref="xccdf_org.ssgproject.content_rule_service_timesyncd_configured" role="full" time="2026-02-24T11:59:40+02:00" severity="medium" weight="1.000000">
      <result>notselected</result>
      <ident system="https://ncp.nist.gov/cce">CCE-92538-8</ident>
    </rule-result>
    <rule-result idref="xccdf_org.ssgproject.content_rule_service_timesyncd_root_distance_configured" role="full" time="2026-02-24T11:59:40+02:00" severity="medium" weight="1.000000">
      <result>fail</result>
      <ident system="https://ncp.nist.gov/cce">CCE-92514-9</ident>
      <check system="http://oval.mitre.org/XMLSchema/oval-definitions-5">
        <check-content-ref name="oval:ssg-service_timesyncd_root_distance_configured:def:1" href="ssg-sle15-oval.xml"/>
      </check>
    </rule-result>
    <rule-result idref="xccdf_org.ssgproject.content_rule_package_rsync_removed" role="full" time="2026-02-24T11:59:40+02:00" severity="medium" weight="1.000000">
      <result>fail</result>
      <ident system="https://ncp.nist.gov/cce">CCE-92468-8</ident>
      <check system="http://oval.mitre.org/XMLSchema/oval-definitions-5">
        <check-content-ref name="oval:ssg-package_rsync_removed:def:1" href="ssg-sle15-oval.xml"/>
      </check>
    </rule-result>
    <rule-result idref="xccdf_org.ssgproject.content_rule_service_rsyncd_disabled" role="full" time="2026-02-24T11:59:40+02:00" severity="medium" weight="1.000000">
      <result>pass</result>
      <ident system="https://ncp.nist.gov/cce">CCE-91305-3</ident>
      <check system="http://oval.mitre.org/XMLSchema/oval-definitions-5">
        <check-content-ref name="oval:ssg-service_rsyncd_disabled:def:1" href="ssg-sle15-oval.xml"/>
      </check>
    </rule-result>
    <rule-result idref="xccdf_org.ssgproject.content_rule_package_tcp_wrappers_installed" role="full" time="2026-02-24T11:59:40+02:00" severity="medium" weight="1.000000">
      <result>notselected</result>
    </rule-result>
    <rule-result idref="xccdf_org.ssgproject.content_rule_package_tcp_wrappers_removed" role="full" time="2026-02-24T11:59:40+02:00" severity="low" weight="1.000000">
      <result>pass</result>
      <ident system="https://ncp.nist.gov/cce">CCE-92476-1</ident>
      <check system="http://oval.mitre.org/XMLSchema/oval-definitions-5">
        <check-content-ref name="oval:ssg-package_tcp_wrappers_removed:def:1" href="ssg-sle15-oval.xml"/>
      </check>
    </rule-result>
    <rule-result idref="xccdf_org.ssgproject.content_rule_package_xinetd_removed" role="full" time="2026-02-24T11:59:40+02:00" severity="low" weight="1.000000">
      <result>pass</result>
      <ident system="https://ncp.nist.gov/cce">CCE-91436-6</ident>
      <check system="http://oval.mitre.org/XMLSchema/oval-definitions-5">
        <check-content-ref name="oval:ssg-package_xinetd_removed:def:1" href="ssg-sle15-oval.xml"/>
      </check>
    </rule-result>
    <rule-result idref="xccdf_org.ssgproject.content_rule_service_xinetd_disabled" role="full" time="2026-02-24T11:59:40+02:00" severity="medium" weight="1.000000">
      <result>pass</result>
      <ident system="https://ncp.nist.gov/cce">CCE-91438-2</ident>
      <check system="http://oval.mitre.org/XMLSchema/oval-definitions-5">
        <check-content-ref name="oval:ssg-service_xinetd_disabled:def:1" href="ssg-sle15-oval.xml"/>
      </check>
    </rule-result>
    <rule-result idref="xccdf_org.ssgproject.content_rule_configure_etc_hosts_deny" role="full" time="2026-02-24T11:59:40+02:00" severity="medium" weight="1.000000">
      <result>notselected</result>
    </rule-result>
    <rule-result idref="xccdf_org.ssgproject.content_rule_package_ypbind_removed" role="full" time="2026-02-24T11:59:40+02:00" severity="unknown" weight="1.000000">
      <result>pass</result>
      <ident system="https://ncp.nist.gov/cce">CCE-91159-4</ident>
      <check system="http://oval.mitre.org/XMLSchema/oval-definitions-5">
        <check-content-ref name="oval:ssg-package_ypbind_removed:def:1" href="ssg-sle15-oval.xml"/>
      </check>
    </rule-result>
    <rule-result idref="xccdf_org.ssgproject.content_rule_package_ypserv_removed" role="full" time="2026-02-24T11:59:40+02:00" severity="high" weight="1.000000">
      <result>pass</result>
      <ident system="https://ncp.nist.gov/cce">CCE-91160-2</ident>
      <check system="http://oval.mitre.org/XMLSchema/oval-definitions-5">
        <check-content-ref name="oval:ssg-package_ypserv_removed:def:1" href="ssg-sle15-oval.xml"/>
      </check>
    </rule-result>
    <rule-result idref="xccdf_org.ssgproject.content_rule_package_rsh-server_removed" role="full" time="2026-02-24T11:59:40+02:00" severity="high" weight="1.000000">
      <result>notselected</result>
      <ident system="https://ncp.nist.gov/cce">CCE-91425-9</ident>
    </rule-result>
    <rule-result idref="xccdf_org.ssgproject.content_rule_package_rsh_removed" role="full" time="2026-02-24T11:59:40+02:00" severity="unknown" weight="1.000000">
      <result>pass</result>
      <ident system="https://ncp.nist.gov/cce">CCE-85760-7</ident>
      <check system="http://oval.mitre.org/XMLSchema/oval-definitions-5">
        <check-content-ref name="oval:ssg-package_rsh_removed:def:1" href="ssg-sle15-oval.xml"/>
      </check>
    </rule-result>
    <rule-result idref="xccdf_org.ssgproject.content_rule_service_rexec_disabled" role="full" time="2026-02-24T11:59:40+02:00" severity="high" weight="1.000000">
      <result>notselected</result>
      <ident system="https://ncp.nist.gov/cce">CCE-91420-0</ident>
    </rule-result>
    <rule-result idref="xccdf_org.ssgproject.content_rule_service_rlogin_disabled" role="full" time="2026-02-24T11:59:40+02:00" severity="high" weight="1.000000">
      <result>notselected</result>
      <ident system="https://ncp.nist.gov/cce">CCE-91419-2</ident>
    </rule-result>
    <rule-result idref="xccdf_org.ssgproject.content_rule_no_host_based_files" role="full" time="2026-02-24T11:59:40+02:00" severity="high" weight="1.000000">
      <result>notselected</result>
      <ident system="https://ncp.nist.gov/cce">CCE-85622-9</ident>
    </rule-result>
    <rule-result idref="xccdf_org.ssgproject.content_rule_no_rsh_trust_files" role="full" time="2026-02-24T11:59:40+02:00" severity="high" weight="1.000000">
      <result>notselected</result>
      <ident system="https://ncp.nist.gov/cce">CCE-91431-7</ident>
    </rule-result>
    <rule-result idref="xccdf_org.ssgproject.content_rule_no_user_host_based_files" role="full" time="2026-02-24T11:59:40+02:00" severity="high" weight="1.000000">
      <result>notselected</result>
      <ident system="https://ncp.nist.gov/cce">CCE-85621-1</ident>
    </rule-result>
    <rule-result idref="xccdf_org.ssgproject.content_rule_package_talk-server_removed" role="full" time="2026-02-24T11:59:40+02:00" severity="medium" weight="1.000000">
      <result>notselected</result>
      <ident system="https://ncp.nist.gov/cce">CCE-91433-3</ident>
    </rule-result>
    <rule-result idref="xccdf_org.ssgproject.content_rule_package_talk_removed" role="full" time="2026-02-24T11:59:40+02:00" severity="medium" weight="1.000000">
      <result>pass</result>
      <ident system="https://ncp.nist.gov/cce">CCE-91432-5</ident>
      <check system="http://oval.mitre.org/XMLSchema/oval-definitions-5">
        <check-content-ref name="oval:ssg-package_talk_removed:def:1" href="ssg-sle15-oval.xml"/>
      </check>
    </rule-result>
    <rule-result idref="xccdf_org.ssgproject.content_rule_package_telnet-server_removed" role="full" time="2026-02-24T11:59:40+02:00" severity="high" weight="1.000000">
      <result>pass</result>
      <ident system="https://ncp.nist.gov/cce">CCE-83273-3</ident>
      <check system="http://oval.mitre.org/XMLSchema/oval-definitions-5">
        <check-content-ref name="oval:ssg-package_telnet-server_removed:def:1" href="ssg-sle15-oval.xml"/>
      </check>
    </rule-result>
    <rule-result idref="xccdf_org.ssgproject.content_rule_package_telnet_removed" role="full" time="2026-02-24T11:59:40+02:00" severity="low" weight="1.000000">
      <result>pass</result>
      <ident system="https://ncp.nist.gov/cce">CCE-91434-1</ident>
      <check system="http://oval.mitre.org/XMLSchema/oval-definitions-5">
        <check-content-ref name="oval:ssg-package_telnet_removed:def:1" href="ssg-sle15-oval.xml"/>
      </check>
    </rule-result>
    <rule-result idref="xccdf_org.ssgproject.content_rule_service_telnet_disabled" role="full" time="2026-02-24T11:59:40+02:00" severity="high" weight="1.000000">
      <result>notselected</result>
      <ident system="https://ncp.nist.gov/cce">CCE-91435-8</ident>
    </rule-result>
    <rule-result idref="xccdf_org.ssgproject.content_rule_package_tftp-server_removed" role="full" time="2026-02-24T11:59:40+02:00" severity="high" weight="1.000000">
      <result>notselected</result>
      <ident system="https://ncp.nist.gov/cce">CCE-91227-9</ident>
    </rule-result>
    <rule-result idref="xccdf_org.ssgproject.content_rule_package_tftp_removed" role="full" time="2026-02-24T11:59:40+02:00" severity="low" weight="1.000000">
      <result>notselected</result>
      <ident system="https://ncp.nist.gov/cce">CCE-91158-6</ident>
    </rule-result>
    <rule-result idref="xccdf_org.ssgproject.content_rule_service_tftp_disabled" role="full" time="2026-02-24T11:59:40+02:00" severity="high" weight="1.000000">
      <result>notselected</result>
      <ident system="https://ncp.nist.gov/cce">CCE-92606-3</ident>
    </rule-result>
    <rule-result idref="xccdf_org.ssgproject.content_rule_package_cups_removed" role="full" time="2026-02-24T11:59:40+02:00" severity="unknown" weight="1.000000">
      <result>notselected</result>
      <ident system="https://ncp.nist.gov/cce">CCE-92466-2</ident>
    </rule-result>
    <rule-result idref="xccdf_org.ssgproject.content_rule_service_cups_disabled" role="full" time="2026-02-24T11:59:40+02:00" severity="unknown" weight="1.000000">
      <result>notselected</result>
      <ident system="https://ncp.nist.gov/cce">CCE-91322-8</ident>
    </rule-result>
    <rule-result idref="xccdf_org.ssgproject.content_rule_package_squid_removed" role="full" time="2026-02-24T11:59:40+02:00" severity="unknown" weight="1.000000">
      <result>pass</result>
      <ident system="https://ncp.nist.gov/cce">CCE-91372-3</ident>
      <check system="http://oval.mitre.org/XMLSchema/oval-definitions-5">
        <check-content-ref name="oval:ssg-package_squid_removed:def:1" href="ssg-sle15-oval.xml"/>
      </check>
    </rule-result>
    <rule-result idref="xccdf_org.ssgproject.content_rule_service_squid_disabled" role="full" time="2026-02-24T11:59:40+02:00" severity="unknown" weight="1.000000">
      <result>notapplicable</result>
      <ident system="https://ncp.nist.gov/cce">CCE-91371-5</ident>
    </rule-result>
    <rule-result idref="xccdf_org.ssgproject.content_rule_service_zebra_disabled" role="full" time="2026-02-24T11:59:40+02:00" severity="medium" weight="1.000000">
      <result>notselected</result>
      <ident system="https://ncp.nist.gov/cce">CCE-91418-4</ident>
    </rule-result>
    <rule-result idref="xccdf_org.ssgproject.content_rule_package_samba_removed" role="full" time="2026-02-24T11:59:40+02:00" severity="unknown" weight="1.000000">
      <result>pass</result>
      <ident system="https://ncp.nist.gov/cce">CCE-91287-3</ident>
      <check system="http://oval.mitre.org/XMLSchema/oval-definitions-5">
        <check-content-ref name="oval:ssg-package_samba_removed:def:1" href="ssg-sle15-oval.xml"/>
      </check>
    </rule-result>
    <rule-result idref="xccdf_org.ssgproject.content_rule_service_smb_disabled" role="full" time="2026-02-24T11:59:40+02:00" severity="low" weight="1.000000">
      <result>pass</result>
      <ident system="https://ncp.nist.gov/cce">CCE-91370-7</ident>
      <check system="http://oval.mitre.org/XMLSchema/oval-definitions-5">
        <check-content-ref name="oval:ssg-service_smb_disabled:def:1" href="ssg-sle15-oval.xml"/>
      </check>
    </rule-result>
    <rule-result idref="xccdf_org.ssgproject.content_rule_package_net-snmp_removed" role="full" time="2026-02-24T11:59:40+02:00" severity="unknown" weight="1.000000">
      <result>pass</result>
      <ident system="https://ncp.nist.gov/cce">CCE-91288-1</ident>
      <check system="http://oval.mitre.org/XMLSchema/oval-definitions-5">
        <check-content-ref name="oval:ssg-package_net-snmp_removed:def:1" href="ssg-sle15-oval.xml"/>
      </check>
    </rule-result>
    <rule-result idref="xccdf_org.ssgproject.content_rule_service_snmpd_disabled" role="full" time="2026-02-24T11:59:40+02:00" severity="low" weight="1.000000">
      <result>notapplicable</result>
      <ident system="https://ncp.nist.gov/cce">CCE-91373-1</ident>
    </rule-result>
    <rule-result idref="xccdf_org.ssgproject.content_rule_package_openssh-server_installed" role="full" time="2026-02-24T11:59:40+02:00" severity="medium" weight="1.000000">
      <result>notselected</result>
    </rule-result>
    <rule-result idref="xccdf_org.ssgproject.content_rule_package_openssh_installed" role="full" time="2026-02-24T11:59:40+02:00" severity="medium" weight="1.000000">
      <result>notselected</result>
    </rule-result>
    <rule-result idref="xccdf_org.ssgproject.content_rule_package_openssh-server_removed" role="full" time="2026-02-24T11:59:40+02:00" severity="medium" weight="1.000000">
      <result>notselected</result>
    </rule-result>
    <rule-result idref="xccdf_org.ssgproject.content_rule_package_openssh_removed" role="full" time="2026-02-24T11:59:40+02:00" severity="medium" weight="1.000000">
      <result>notselected</result>
    </rule-result>
    <rule-result idref="xccdf_org.ssgproject.content_rule_service_sshd_enabled" role="full" time="2026-02-24T11:59:40+02:00" severity="medium" weight="1.000000">
      <result>notselected</result>
      <ident system="https://ncp.nist.gov/cce">CCE-83297-2</ident>
    </rule-result>
    <rule-result idref="xccdf_org.ssgproject.content_rule_service_sshd_disabled" role="full" time="2026-02-24T11:59:40+02:00" severity="high" weight="1.000000">
      <result>notselected</result>
    </rule-result>
    <rule-result idref="xccdf_org.ssgproject.content_rule_file_groupowner_sshd_config" role="full" time="2026-02-24T11:59:40+02:00" severity="medium" weight="1.000000">
      <result>pass</result>
      <ident system="https://ncp.nist.gov/cce">CCE-91392-1</ident>
      <check system="http://oval.mitre.org/XMLSchema/oval-definitions-5">
        <check-content-ref name="oval:ssg-file_groupowner_sshd_config:def:1" href="ssg-sle15-oval.xml"/>
      </check>
    </rule-result>
    <rule-result idref="xccdf_org.ssgproject.content_rule_file_groupownership_sshd_private_key" role="full" time="2026-02-24T11:59:40+02:00" severity="medium" weight="1.000000">
      <result>notselected</result>
    </rule-result>
    <rule-result idref="xccdf_org.ssgproject.content_rule_file_groupownership_sshd_pub_key" role="full" time="2026-02-24T11:59:40+02:00" severity="medium" weight="1.000000">
      <result>notselected</result>
    </rule-result>
    <rule-result idref="xccdf_org.ssgproject.content_rule_file_owner_sshd_config" role="full" time="2026-02-24T11:59:40+02:00" severity="medium" weight="1.000000">
      <result>pass</result>
      <ident system="https://ncp.nist.gov/cce">CCE-91393-9</ident>
      <check system="http://oval.mitre.org/XMLSchema/oval-definitions-5">
        <check-content-ref name="oval:ssg-file_owner_sshd_config:def:1" href="ssg-sle15-oval.xml"/>
      </check>
    </rule-result>
    <rule-result idref="xccdf_org.ssgproject.content_rule_file_ownership_sshd_private_key" role="full" time="2026-02-24T11:59:40+02:00" severity="medium" weight="1.000000">
      <result>notselected</result>
    </rule-result>
    <rule-result idref="xccdf_org.ssgproject.content_rule_file_ownership_sshd_pub_key" role="full" time="2026-02-24T11:59:40+02:00" severity="medium" weight="1.000000">
      <result>notselected</result>
    </rule-result>
    <rule-result idref="xccdf_org.ssgproject.content_rule_file_permissions_sshd_config" role="full" time="2026-02-24T11:59:40+02:00" severity="medium" weight="1.000000">
      <result>fail</result>
      <ident system="https://ncp.nist.gov/cce">CCE-91306-1</ident>
      <check system="http://oval.mitre.org/XMLSchema/oval-definitions-5">
        <check-content-ref name="oval:ssg-file_permissions_sshd_config:def:1" href="ssg-sle15-oval.xml"/>
      </check>
    </rule-result>
    <rule-result idref="xccdf_org.ssgproject.content_rule_file_permissions_sshd_private_key" role="full" time="2026-02-24T11:59:40+02:00" severity="medium" weight="1.000000">
      <result>pass</result>
      <ident system="https://ncp.nist.gov/cce">CCE-85644-3</ident>
      <check system="http://oval.mitre.org/XMLSchema/oval-definitions-5">
        <check-content-ref name="oval:ssg-file_permissions_sshd_private_key:def:1" href="ssg-sle15-oval.xml"/>
      </check>
    </rule-result>
    <rule-result idref="xccdf_org.ssgproject.content_rule_file_permissions_sshd_pub_key" role="full" time="2026-02-24T11:59:40+02:00" severity="medium" weight="1.000000">
      <result>pass</result>
      <ident system="https://ncp.nist.gov/cce">CCE-85643-5</ident>
      <check system="http://oval.mitre.org/XMLSchema/oval-definitions-5">
        <check-content-ref name="oval:ssg-file_permissions_sshd_pub_key:def:1" href="ssg-sle15-oval.xml"/>
      </check>
    </rule-result>
    <rule-result idref="xccdf_org.ssgproject.content_rule_iptables_sshd_disabled" role="full" time="2026-02-24T11:59:40+02:00" severity="unknown" weight="1.000000">
      <result>notselected</result>
    </rule-result>
    <rule-result idref="xccdf_org.ssgproject.content_rule_sshd_set_keepalive_0" role="full" time="2026-02-24T11:59:40+02:00" severity="medium" weight="1.000000">
      <result>notselected</result>
      <ident system="https://ncp.nist.gov/cce">CCE-83284-0</ident>
    </rule-result>
    <rule-result idref="xccdf_org.ssgproject.content_rule_sshd_set_keepalive" role="full" time="2026-02-24T11:59:40+02:00" severity="medium" weight="1.000000">
      <result>fail</result>
      <ident system="https://ncp.nist.gov/cce">CCE-91228-7</ident>
      <check system="http://oval.mitre.org/XMLSchema/oval-definitions-5">
        <check-export export-name="oval:ssg-var_sshd_set_keepalive:var:1" value-id="xccdf_org.ssgproject.content_value_var_sshd_set_keepalive"/>
        <check-export export-name="oval:ssg-sshd_required:var:1" value-id="xccdf_org.ssgproject.content_value_sshd_required"/>
        <check-content-ref name="oval:ssg-sshd_set_keepalive:def:1" href="ssg-sle15-oval.xml"/>
      </check>
    </rule-result>
    <rule-result idref="xccdf_org.ssgproject.content_rule_sshd_set_idle_timeout" role="full" time="2026-02-24T11:59:40+02:00" severity="medium" weight="1.000000">
      <result>fail</result>
      <ident system="https://ncp.nist.gov/cce">CCE-83281-6</ident>
      <check system="http://oval.mitre.org/XMLSchema/oval-definitions-5">
        <check-export export-name="oval:ssg-var_sshd_set_keepalive:var:1" value-id="xccdf_org.ssgproject.content_value_var_sshd_set_keepalive"/>
        <check-export export-name="oval:ssg-sshd_required:var:1" value-id="xccdf_org.ssgproject.content_value_sshd_required"/>
        <check-export export-name="oval:ssg-sshd_idle_timeout_value:var:1" value-id="xccdf_org.ssgproject.content_value_sshd_idle_timeout_value"/>
        <check-content-ref name="oval:ssg-sshd_set_idle_timeout:def:1" href="ssg-sle15-oval.xml"/>
      </check>
    </rule-result>
    <rule-result idref="xccdf_org.ssgproject.content_rule_disable_host_auth" role="full" time="2026-02-24T11:59:40+02:00" severity="medium" weight="1.000000">
      <result>fail</result>
      <ident system="https://ncp.nist.gov/cce">CCE-91439-0</ident>
      <check system="http://oval.mitre.org/XMLSchema/oval-definitions-5">
        <check-export export-name="oval:ssg-sshd_required:var:1" value-id="xccdf_org.ssgproject.content_value_sshd_required"/>
        <check-content-ref name="oval:ssg-disable_host_auth:def:1" href="ssg-sle15-oval.xml"/>
      </check>
    </rule-result>
    <rule-result idref="xccdf_org.ssgproject.content_rule_sshd_allow_only_protocol2" role="full" time="2026-02-24T11:59:40+02:00" severity="high" weight="1.000000">
      <result>notselected</result>
      <ident system="https://ncp.nist.gov/cce">CCE-91440-8</ident>
    </rule-result>
    <rule-result idref="xccdf_org.ssgproject.content_rule_sshd_disable_compression" role="full" time="2026-02-24T11:59:40+02:00" severity="medium" weight="1.000000">
      <result>notselected</result>
      <ident system="https://ncp.nist.gov/cce">CCE-85647-6</ident>
    </rule-result>
    <rule-result idref="xccdf_org.ssgproject.content_rule_sshd_disable_empty_passwords" role="full" time="2026-02-24T11:59:40+02:00" severity="high" weight="1.000000">
      <result>fail</result>
      <ident system="https://ncp.nist.gov/cce">CCE-85667-4</ident>
      <check system="http://oval.mitre.org/XMLSchema/oval-definitions-5">
        <check-export export-name="oval:ssg-sshd_required:var:1" value-id="xccdf_org.ssgproject.content_value_sshd_required"/>
        <check-content-ref name="oval:ssg-sshd_disable_empty_passwords:def:1" href="ssg-sle15-oval.xml"/>
      </check>
    </rule-result>
    <rule-result idref="xccdf_org.ssgproject.content_rule_sshd_disable_gssapi_auth" role="full" time="2026-02-24T11:59:40+02:00" severity="medium" weight="1.000000">
      <result>notselected</result>
      <ident system="https://ncp.nist.gov/cce">CCE-91441-6</ident>
    </rule-result>
    <rule-result idref="xccdf_org.ssgproject.content_rule_sshd_disable_kerb_auth" role="full" time="2026-02-24T11:59:40+02:00" severity="medium" weight="1.000000">
      <result>notselected</result>
      <ident system="https://ncp.nist.gov/cce">CCE-91442-4</ident>
    </rule-result>
    <rule-result idref="xccdf_org.ssgproject.content_rule_sshd_disable_pubkey_auth" role="full" time="2026-02-24T11:59:40+02:00" severity="medium" weight="1.000000">
      <result>notselected</result>
    </rule-result>
    <rule-result idref="xccdf_org.ssgproject.content_rule_sshd_disable_rhosts" role="full" time="2026-02-24T11:59:40+02:00" severity="medium" weight="1.000000">
      <result>fail</result>
      <ident system="https://ncp.nist.gov/cce">CCE-91307-9</ident>
      <check system="http://oval.mitre.org/XMLSchema/oval-definitions-5">
        <check-export export-name="oval:ssg-sshd_required:var:1" value-id="xccdf_org.ssgproject.content_value_sshd_required"/>
        <check-content-ref name="oval:ssg-sshd_disable_rhosts:def:1" href="ssg-sle15-oval.xml"/>
      </check>
    </rule-result>
    <rule-result idref="xccdf_org.ssgproject.content_rule_sshd_disable_rhosts_rsa" role="full" time="2026-02-24T11:59:40+02:00" severity="medium" weight="1.000000">
      <result>notselected</result>
    </rule-result>
    <rule-result idref="xccdf_org.ssgproject.content_rule_sshd_disable_root_login" role="full" time="2026-02-24T11:59:40+02:00" severity="medium" weight="1.000000">
      <result>fail</result>
      <ident system="https://ncp.nist.gov/cce">CCE-85557-7</ident>
      <check system="http://oval.mitre.org/XMLSchema/oval-definitions-5">
        <check-export export-name="oval:ssg-sshd_required:var:1" value-id="xccdf_org.ssgproject.content_value_sshd_required"/>
        <check-content-ref name="oval:ssg-sshd_disable_root_login:def:1" href="ssg-sle15-oval.xml"/>
      </check>
    </rule-result>
    <rule-result idref="xccdf_org.ssgproject.content_rule_sshd_disable_root_password_login" role="full" time="2026-02-24T11:59:40+02:00" severity="medium" weight="1.000000">
      <result>notselected</result>
    </rule-result>
    <rule-result idref="xccdf_org.ssgproject.content_rule_sshd_disable_tcp_forwarding" role="full" time="2026-02-24T11:59:40+02:00" severity="medium" weight="1.000000">
      <result>notselected</result>
      <ident system="https://ncp.nist.gov/cce">CCE-91334-3</ident>
    </rule-result>
    <rule-result idref="xccdf_org.ssgproject.content_rule_sshd_disable_user_known_hosts" role="full" time="2026-02-24T11:59:40+02:00" severity="medium" weight="1.000000">
      <result>notselected</result>
      <ident system="https://ncp.nist.gov/cce">CCE-85642-7</ident>
    </rule-result>
    <rule-result idref="xccdf_org.ssgproject.content_rule_sshd_disable_x11_forwarding" role="full" time="2026-02-24T11:59:40+02:00" severity="medium" weight="1.000000">
      <result>fail</result>
      <ident system="https://ncp.nist.gov/cce">CCE-85707-8</ident>
      <check system="http://oval.mitre.org/XMLSchema/oval-definitions-5">
        <check-export export-name="oval:ssg-sshd_required:var:1" value-id="xccdf_org.ssgproject.content_value_sshd_required"/>
        <check-content-ref name="oval:ssg-sshd_disable_x11_forwarding:def:1" href="ssg-sle15-oval.xml"/>
      </check>
    </rule-result>
    <rule-result idref="xccdf_org.ssgproject.content_rule_sshd_do_not_permit_user_env" role="full" time="2026-02-24T11:59:40+02:00" severity="medium" weight="1.000000">
      <result>fail</result>
      <ident system="https://ncp.nist.gov/cce">CCE-85666-6</ident>
      <check system="http://oval.mitre.org/XMLSchema/oval-definitions-5">
        <check-export export-name="oval:ssg-sshd_required:var:1" value-id="xccdf_org.ssgproject.content_value_sshd_required"/>
        <check-content-ref name="oval:ssg-sshd_do_not_permit_user_env:def:1" href="ssg-sle15-oval.xml"/>
      </check>
    </rule-result>
    <rule-result idref="xccdf_org.ssgproject.content_rule_sshd_enable_gssapi_auth" role="full" time="2026-02-24T11:59:40+02:00" severity="medium" weight="1.000000">
      <result>notselected</result>
    </rule-result>
    <rule-result idref="xccdf_org.ssgproject.content_rule_sshd_enable_pam" role="full" time="2026-02-24T11:59:40+02:00" severity="medium" weight="1.000000">
      <result>pass</result>
      <ident system="https://ncp.nist.gov/cce">CCE-91333-5</ident>
      <check system="http://oval.mitre.org/XMLSchema/oval-definitions-5">
        <check-export export-name="oval:ssg-sshd_required:var:1" value-id="xccdf_org.ssgproject.content_value_sshd_required"/>
        <check-content-ref name="oval:ssg-sshd_enable_pam:def:1" href="ssg-sle15-oval.xml"/>
      </check>
    </rule-result>
    <rule-result idref="xccdf_org.ssgproject.content_rule_sshd_enable_pubkey_auth" role="full" time="2026-02-24T11:59:40+02:00" severity="medium" weight="1.000000">
      <result>notselected</result>
    </rule-result>
    <rule-result idref="xccdf_org.ssgproject.content_rule_sshd_enable_strictmodes" role="full" time="2026-02-24T11:59:40+02:00" severity="medium" weight="1.000000">
      <result>notselected</result>
      <ident system="https://ncp.nist.gov/cce">CCE-85645-0</ident>
    </rule-result>
    <rule-result idref="xccdf_org.ssgproject.content_rule_sshd_enable_warning_banner" role="full" time="2026-02-24T11:59:40+02:00" severity="medium" weight="1.000000">
      <result>fail</result>
      <ident system="https://ncp.nist.gov/cce">CCE-83263-4</ident>
      <check system="http://oval.mitre.org/XMLSchema/oval-definitions-5">
        <check-export export-name="oval:ssg-sshd_required:var:1" value-id="xccdf_org.ssgproject.content_value_sshd_required"/>
        <check-content-ref name="oval:ssg-sshd_enable_warning_banner:def:1" href="ssg-sle15-oval.xml"/>
      </check>
    </rule-result>
    <rule-result idref="xccdf_org.ssgproject.content_rule_sshd_enable_warning_banner_net" role="full" time="2026-02-24T11:59:40+02:00" severity="medium" weight="1.000000">
      <result>notselected</result>
    </rule-result>
    <rule-result idref="xccdf_org.ssgproject.content_rule_sshd_enable_x11_forwarding" role="full" time="2026-02-24T11:59:40+02:00" severity="high" weight="1.000000">
      <result>notselected</result>
    </rule-result>
    <rule-result idref="xccdf_org.ssgproject.content_rule_sshd_limit_user_access" role="full" time="2026-02-24T11:59:40+02:00" severity="unknown" weight="1.000000">
      <result>fail</result>
      <ident system="https://ncp.nist.gov/cce">CCE-91343-4</ident>
      <check system="http://oval.mitre.org/XMLSchema/oval-definitions-5">
        <check-content-ref name="oval:ssg-sshd_limit_user_access:def:1" href="ssg-sle15-oval.xml"/>
      </check>
    </rule-result>
    <rule-result idref="xccdf_org.ssgproject.content_rule_sshd_print_last_log" role="full" time="2026-02-24T11:59:40+02:00" severity="medium" weight="1.000000">
      <result>notselected</result>
      <ident system="https://ncp.nist.gov/cce">CCE-85563-5</ident>
    </rule-result>
    <rule-result idref="xccdf_org.ssgproject.content_rule_sshd_rekey_limit" role="full" time="2026-02-24T11:59:40+02:00" severity="medium" weight="1.000000">
      <result>notselected</result>
    </rule-result>
    <rule-result idref="xccdf_org.ssgproject.content_rule_sshd_set_login_grace_time" role="full" time="2026-02-24T11:59:40+02:00" severity="medium" weight="1.000000">
      <result>fail</result>
      <ident system="https://ncp.nist.gov/cce">CCE-91397-0</ident>
      <check system="http://oval.mitre.org/XMLSchema/oval-definitions-5">
        <check-export export-name="oval:ssg-var_sshd_set_login_grace_time:var:1" value-id="xccdf_org.ssgproject.content_value_var_sshd_set_login_grace_time"/>
        <check-export export-name="oval:ssg-sshd_required:var:1" value-id="xccdf_org.ssgproject.content_value_sshd_required"/>
        <check-content-ref name="oval:ssg-sshd_set_login_grace_time:def:1" href="ssg-sle15-oval.xml"/>
      </check>
    </rule-result>
    <rule-result idref="xccdf_org.ssgproject.content_rule_sshd_set_loglevel_info" role="full" time="2026-02-24T11:59:40+02:00" severity="low" weight="1.000000">
      <result>notselected</result>
      <ident system="https://ncp.nist.gov/cce">CCE-91394-7</ident>
    </rule-result>
    <rule-result idref="xccdf_org.ssgproject.content_rule_sshd_set_loglevel_verbose" role="full" time="2026-02-24T11:59:40+02:00" severity="medium" weight="1.000000">
      <result>fail</result>
      <ident system="https://ncp.nist.gov/cce">CCE-83270-9</ident>
      <check system="http://oval.mitre.org/XMLSchema/oval-definitions-5">
        <check-export export-name="oval:ssg-sshd_required:var:1" value-id="xccdf_org.ssgproject.content_value_sshd_required"/>
        <check-content-ref name="oval:ssg-sshd_set_loglevel_verbose:def:1" href="ssg-sle15-oval.xml"/>
      </check>
    </rule-result>
    <rule-result idref="xccdf_org.ssgproject.content_rule_sshd_set_max_auth_tries" role="full" time="2026-02-24T11:59:40+02:00" severity="medium" weight="1.000000">
      <result>fail</result>
      <ident system="https://ncp.nist.gov/cce">CCE-91332-7</ident>
      <check system="http://oval.mitre.org/XMLSchema/oval-definitions-5">
        <check-export export-name="oval:ssg-sshd_required:var:1" value-id="xccdf_org.ssgproject.content_value_sshd_required"/>
        <check-export export-name="oval:ssg-sshd_max_auth_tries_value:var:1" value-id="xccdf_org.ssgproject.content_value_sshd_max_auth_tries_value"/>
        <check-content-ref name="oval:ssg-sshd_set_max_auth_tries:def:1" href="ssg-sle15-oval.xml"/>
      </check>
    </rule-result>
    <rule-result idref="xccdf_org.ssgproject.content_rule_sshd_set_max_sessions" role="full" time="2026-02-24T11:59:40+02:00" severity="medium" weight="1.000000">
      <result>fail</result>
      <ident system="https://ncp.nist.gov/cce">CCE-91309-5</ident>
      <check system="http://oval.mitre.org/XMLSchema/oval-definitions-5">
        <check-export export-name="oval:ssg-var_sshd_max_sessions:var:1" value-id="xccdf_org.ssgproject.content_value_var_sshd_max_sessions"/>
        <check-export export-name="oval:ssg-sshd_required:var:1" value-id="xccdf_org.ssgproject.content_value_sshd_required"/>
        <check-content-ref name="oval:ssg-sshd_set_max_sessions:def:1" href="ssg-sle15-oval.xml"/>
      </check>
    </rule-result>
    <rule-result idref="xccdf_org.ssgproject.content_rule_sshd_set_maxstartups" role="full" time="2026-02-24T11:59:40+02:00" severity="medium" weight="1.000000">
      <result>fail</result>
      <ident system="https://ncp.nist.gov/cce">CCE-91308-7</ident>
      <check system="http://oval.mitre.org/XMLSchema/oval-definitions-5">
        <check-export export-name="oval:ssg-var_sshd_set_maxstartups:var:1" value-id="xccdf_org.ssgproject.content_value_var_sshd_set_maxstartups"/>
        <check-export export-name="oval:ssg-sshd_required:var:1" value-id="xccdf_org.ssgproject.content_value_sshd_required"/>
        <check-content-ref name="oval:ssg-sshd_set_maxstartups:def:1" href="ssg-sle15-oval.xml"/>
      </check>
    </rule-result>
    <rule-result idref="xccdf_org.ssgproject.content_rule_sshd_use_approved_ciphers" role="full" time="2026-02-24T11:59:40+02:00" severity="medium" weight="1.000000">
      <result>fail</result>
      <ident system="https://ncp.nist.gov/cce">CCE-91337-6</ident>
      <check system="http://oval.mitre.org/XMLSchema/oval-definitions-5">
        <check-export export-name="oval:ssg-sshd_required:var:1" value-id="xccdf_org.ssgproject.content_value_sshd_required"/>
        <check-export export-name="oval:ssg-sshd_approved_ciphers:var:1" value-id="xccdf_org.ssgproject.content_value_sshd_approved_ciphers"/>
        <check-content-ref name="oval:ssg-sshd_use_approved_ciphers:def:1" href="ssg-sle15-oval.xml"/>
      </check>
    </rule-result>
    <rule-result idref="xccdf_org.ssgproject.content_rule_sshd_use_approved_ciphers_ordered_stig" role="full" time="2026-02-24T11:59:40+02:00" severity="medium" weight="1.000000">
      <result>notselected</result>
      <ident system="https://ncp.nist.gov/cce">CCE-83271-7</ident>
    </rule-result>
    <rule-result idref="xccdf_org.ssgproject.content_rule_sshd_use_approved_kex_ordered_stig" role="full" time="2026-02-24T11:59:40+02:00" severity="medium" weight="1.000000">
      <result>notselected</result>
      <ident system="https://ncp.nist.gov/cce">CCE-92505-7</ident>
    </rule-result>
    <rule-result idref="xccdf_org.ssgproject.content_rule_sshd_use_approved_macs" role="full" time="2026-02-24T11:59:40+02:00" severity="medium" weight="1.000000">
      <result>fail</result>
      <ident system="https://ncp.nist.gov/cce">CCE-91338-4</ident>
      <check system="http://oval.mitre.org/XMLSchema/oval-definitions-5">
        <check-export export-name="oval:ssg-sshd_required:var:1" value-id="xccdf_org.ssgproject.content_value_sshd_required"/>
        <check-export export-name="oval:ssg-sshd_approved_macs:var:1" value-id="xccdf_org.ssgproject.content_value_sshd_approved_macs"/>
        <check-content-ref name="oval:ssg-sshd_use_approved_macs:def:1" href="ssg-sle15-oval.xml"/>
      </check>
    </rule-result>
    <rule-result idref="xccdf_org.ssgproject.content_rule_sshd_use_approved_macs_ordered_stig" role="full" time="2026-02-24T11:59:40+02:00" severity="medium" weight="1.000000">
      <result>notselected</result>
      <ident system="https://ncp.nist.gov/cce">CCE-83280-8</ident>
    </rule-result>
    <rule-result idref="xccdf_org.ssgproject.content_rule_sshd_use_priv_separation" role="full" time="2026-02-24T11:59:40+02:00" severity="medium" weight="1.000000">
      <result>notselected</result>
      <ident system="https://ncp.nist.gov/cce">CCE-85646-8</ident>
    </rule-result>
    <rule-result idref="xccdf_org.ssgproject.content_rule_sshd_use_strong_ciphers" role="full" time="2026-02-24T11:59:40+02:00" severity="medium" weight="1.000000">
      <result>fail</result>
      <ident system="https://ncp.nist.gov/cce">CCE-91395-4</ident>
      <check system="http://oval.mitre.org/XMLSchema/oval-definitions-5">
        <check-export export-name="oval:ssg-sshd_required:var:1" value-id="xccdf_org.ssgproject.content_value_sshd_required"/>
        <check-content-ref name="oval:ssg-sshd_use_strong_ciphers:def:1" href="ssg-sle15-oval.xml"/>
      </check>
    </rule-result>
    <rule-result idref="xccdf_org.ssgproject.content_rule_sshd_use_strong_kex" role="full" time="2026-02-24T11:59:40+02:00" severity="medium" weight="1.000000">
      <result>fail</result>
      <ident system="https://ncp.nist.gov/cce">CCE-92626-1</ident>
      <check system="http://oval.mitre.org/XMLSchema/oval-definitions-5">
        <check-export export-name="oval:ssg-sshd_strong_kex:var:1" value-id="xccdf_org.ssgproject.content_value_sshd_strong_kex"/>
        <check-export export-name="oval:ssg-sshd_required:var:1" value-id="xccdf_org.ssgproject.content_value_sshd_required"/>
        <check-content-ref name="oval:ssg-sshd_use_strong_kex:def:1" href="ssg-sle15-oval.xml"/>
      </check>
    </rule-result>
    <rule-result idref="xccdf_org.ssgproject.content_rule_sshd_use_strong_macs" role="full" time="2026-02-24T11:59:40+02:00" severity="medium" weight="1.000000">
      <result>fail</result>
      <ident system="https://ncp.nist.gov/cce">CCE-91396-2</ident>
      <check system="http://oval.mitre.org/XMLSchema/oval-definitions-5">
        <check-export export-name="oval:ssg-sshd_strong_macs:var:1" value-id="xccdf_org.ssgproject.content_value_sshd_strong_macs"/>
        <check-export export-name="oval:ssg-sshd_required:var:1" value-id="xccdf_org.ssgproject.content_value_sshd_required"/>
        <check-content-ref name="oval:ssg-sshd_use_strong_macs:def:1" href="ssg-sle15-oval.xml"/>
      </check>
    </rule-result>
    <rule-result idref="xccdf_org.ssgproject.content_rule_package_sssd_installed" role="full" time="2026-02-24T11:59:40+02:00" severity="medium" weight="1.000000">
      <result>notselected</result>
    </rule-result>
    <rule-result idref="xccdf_org.ssgproject.content_rule_service_sssd_enabled" role="full" time="2026-02-24T11:59:40+02:00" severity="medium" weight="1.000000">
      <result>notselected</result>
    </rule-result>
    <rule-result idref="xccdf_org.ssgproject.content_rule_sssd_enable_pam_services" role="full" time="2026-02-24T11:59:40+02:00" severity="medium" weight="1.000000">
      <result>notselected</result>
    </rule-result>
    <rule-result idref="xccdf_org.ssgproject.content_rule_sssd_memcache_timeout" role="full" time="2026-02-24T11:59:40+02:00" severity="medium" weight="1.000000">
      <result>notselected</result>
      <ident system="https://ncp.nist.gov/cce">CCE-83295-6</ident>
    </rule-result>
    <rule-result idref="xccdf_org.ssgproject.content_rule_sssd_offline_cred_expiration" role="full" time="2026-02-24T11:59:40+02:00" severity="medium" weight="1.000000">
      <result>notselected</result>
      <ident system="https://ncp.nist.gov/cce">CCE-83296-4</ident>
    </rule-result>
    <rule-result idref="xccdf_org.ssgproject.content_rule_sssd_ldap_configure_tls_reqcert" role="full" time="2026-02-24T11:59:40+02:00" severity="medium" weight="1.000000">
      <result>notselected</result>
    </rule-result>
    <rule-result idref="xccdf_org.ssgproject.content_rule_sssd_ldap_start_tls" role="full" time="2026-02-24T11:59:40+02:00" severity="high" weight="1.000000">
      <result>notselected</result>
    </rule-result>
    <rule-result idref="xccdf_org.ssgproject.content_rule_package_xorg-x11-server-common_removed" role="full" time="2026-02-24T11:59:40+02:00" severity="medium" weight="1.000000">
      <result>notselected</result>
      <ident system="https://ncp.nist.gov/cce">CCE-91361-6</ident>
    </rule-result>
    <rule-result idref="xccdf_org.ssgproject.content_rule_xwindows_remove_packages" role="full" time="2026-02-24T11:59:40+02:00" severity="medium" weight="1.000000">
      <result>notselected</result>
      <ident system="https://ncp.nist.gov/cce">CCE-91362-4</ident>
    </rule-result>
    <rule-result idref="xccdf_org.ssgproject.content_rule_xwindows_runlevel_target" role="full" time="2026-02-24T11:59:40+02:00" severity="medium" weight="1.000000">
      <result>notselected</result>
    </rule-result>
    <rule-result idref="xccdf_org.ssgproject.content_rule_package_audit-audispd-plugins_installed" role="full" time="2026-02-24T11:59:40+02:00" severity="medium" weight="1.000000">
      <result>notselected</result>
      <ident system="https://ncp.nist.gov/cce">CCE-85613-8</ident>
    </rule-result>
    <rule-result idref="xccdf_org.ssgproject.content_rule_package_audit-libs_installed" role="full" time="2026-02-24T11:59:40+02:00" severity="medium" weight="1.000000">
      <result>notselected</result>
      <ident system="https://ncp.nist.gov/cce">CCE-92478-7</ident>
    </rule-result>
    <rule-result idref="xccdf_org.ssgproject.content_rule_package_audit_installed" role="full" time="2026-02-24T11:59:40+02:00" severity="medium" weight="1.000000">
      <result>notselected</result>
      <ident system="https://ncp.nist.gov/cce">CCE-85612-0</ident>
    </rule-result>
    <rule-result idref="xccdf_org.ssgproject.content_rule_service_auditd_enabled" role="full" time="2026-02-24T11:59:40+02:00" severity="medium" weight="1.000000">
      <result>notselected</result>
      <ident system="https://ncp.nist.gov/cce">CCE-85581-7</ident>
    </rule-result>
    <rule-result idref="xccdf_org.ssgproject.content_rule_grub2_audit_argument" role="full" time="2026-02-24T11:59:40+02:00" severity="low" weight="1.000000">
      <result>notselected</result>
      <ident system="https://ncp.nist.gov/cce">CCE-85832-4</ident>
    </rule-result>
    <rule-result idref="xccdf_org.ssgproject.content_rule_grub2_audit_backlog_limit_argument" role="full" time="2026-02-24T11:59:40+02:00" severity="low" weight="1.000000">
      <result>notselected</result>
      <ident system="https://ncp.nist.gov/cce">CCE-91374-9</ident>
    </rule-result>
    <rule-result idref="xccdf_org.ssgproject.content_rule_audit_rules_enable_syscall_auditing" role="full" time="2026-02-24T11:59:40+02:00" severity="medium" weight="1.000000">
      <result>notselected</result>
      <ident system="https://ncp.nist.gov/cce">CCE-85706-0</ident>
    </rule-result>
    <rule-result idref="xccdf_org.ssgproject.content_rule_audit_rules_etc_cron_d" role="full" time="2026-02-24T11:59:40+02:00" severity="medium" weight="1.000000">
      <result>notselected</result>
      <ident system="https://ncp.nist.gov/cce">CCE-92586-7</ident>
    </rule-result>
    <rule-result idref="xccdf_org.ssgproject.content_rule_audit_rules_immutable" role="full" time="2026-02-24T11:59:40+02:00" severity="medium" weight="1.000000">
      <result>notselected</result>
      <ident system="https://ncp.nist.gov/cce">CCE-85831-6</ident>
    </rule-result>
    <rule-result idref="xccdf_org.ssgproject.content_rule_audit_rules_mac_modification" role="full" time="2026-02-24T11:59:40+02:00" severity="medium" weight="1.000000">
      <result>notselected</result>
      <ident system="https://ncp.nist.gov/cce">CCE-85830-8</ident>
    </rule-result>
    <rule-result idref="xccdf_org.ssgproject.content_rule_audit_rules_mac_modification_usr_share" role="full" time="2026-02-24T11:59:40+02:00" severity="medium" weight="1.000000">
      <result>notselected</result>
      <ident system="https://ncp.nist.gov/cce">CCE-92515-6</ident>
    </rule-result>
    <rule-result idref="xccdf_org.ssgproject.content_rule_audit_rules_media_export" role="full" time="2026-02-24T11:59:40+02:00" severity="medium" weight="1.000000">
      <result>notselected</result>
      <ident system="https://ncp.nist.gov/cce">CCE-85718-5</ident>
    </rule-result>
    <rule-result idref="xccdf_org.ssgproject.content_rule_audit_rules_networkconfig_modification" role="full" time="2026-02-24T11:59:40+02:00" severity="medium" weight="1.000000">
      <result>notselected</result>
      <ident system="https://ncp.nist.gov/cce">CCE-85828-2</ident>
    </rule-result>
    <rule-result idref="xccdf_org.ssgproject.content_rule_audit_rules_session_events" role="full" time="2026-02-24T11:59:40+02:00" severity="medium" weight="1.000000">
      <result>notselected</result>
      <ident system="https://ncp.nist.gov/cce">CCE-85829-0</ident>
    </rule-result>
    <rule-result idref="xccdf_org.ssgproject.content_rule_audit_rules_session_events_btmp" role="full" time="2026-02-24T11:59:40+02:00" severity="medium" weight="1.000000">
      <result>notselected</result>
      <ident system="https://ncp.nist.gov/cce">CCE-85758-1</ident>
    </rule-result>
    <rule-result idref="xccdf_org.ssgproject.content_rule_audit_rules_session_events_utmp" role="full" time="2026-02-24T11:59:40+02:00" severity="medium" weight="1.000000">
      <result>notselected</result>
      <ident system="https://ncp.nist.gov/cce">CCE-85714-4</ident>
    </rule-result>
    <rule-result idref="xccdf_org.ssgproject.content_rule_audit_rules_session_events_wtmp" role="full" time="2026-02-24T11:59:40+02:00" severity="medium" weight="1.000000">
      <result>notselected</result>
      <ident system="https://ncp.nist.gov/cce">CCE-85757-3</ident>
    </rule-result>
    <rule-result idref="xccdf_org.ssgproject.content_rule_audit_rules_suid_auid_privilege_function" role="full" time="2026-02-24T11:59:40+02:00" severity="medium" weight="1.000000">
      <result>notselected</result>
      <ident system="https://ncp.nist.gov/cce">CCE-92488-6</ident>
    </rule-result>
    <rule-result idref="xccdf_org.ssgproject.content_rule_audit_rules_suid_privilege_function" role="full" time="2026-02-24T11:59:40+02:00" severity="medium" weight="1.000000">
      <result>notselected</result>
      <ident system="https://ncp.nist.gov/cce">CCE-85611-2</ident>
    </rule-result>
    <rule-result idref="xccdf_org.ssgproject.content_rule_audit_rules_sysadmin_actions" role="full" time="2026-02-24T11:59:40+02:00" severity="medium" weight="1.000000">
      <result>notselected</result>
      <ident system="https://ncp.nist.gov/cce">CCE-85679-9</ident>
    </rule-result>
    <rule-result idref="xccdf_org.ssgproject.content_rule_audit_rules_system_shutdown" role="full" time="2026-02-24T11:59:40+02:00" severity="medium" weight="1.000000">
      <result>notselected</result>
      <ident system="https://ncp.nist.gov/cce">CCE-85774-8</ident>
    </rule-result>
    <rule-result idref="xccdf_org.ssgproject.content_rule_audit_rules_usergroup_modification" role="full" time="2026-02-24T11:59:40+02:00" severity="medium" weight="1.000000">
      <result>notselected</result>
      <ident system="https://ncp.nist.gov/cce">CCE-91292-3</ident>
    </rule-result>
    <rule-result idref="xccdf_org.ssgproject.content_rule_audit_rules_usergroup_modification_group" role="full" time="2026-02-24T11:59:40+02:00" severity="medium" weight="1.000000">
      <result>notselected</result>
      <ident system="https://ncp.nist.gov/cce">CCE-85578-3</ident>
    </rule-result>
    <rule-result idref="xccdf_org.ssgproject.content_rule_audit_rules_usergroup_modification_gshadow" role="full" time="2026-02-24T11:59:40+02:00" severity="medium" weight="1.000000">
      <result>notselected</result>
      <ident system="https://ncp.nist.gov/cce">CCE-85580-9</ident>
    </rule-result>
    <rule-result idref="xccdf_org.ssgproject.content_rule_audit_rules_usergroup_modification_opasswd" role="full" time="2026-02-24T11:59:40+02:00" severity="medium" weight="1.000000">
      <result>notselected</result>
      <ident system="https://ncp.nist.gov/cce">CCE-85728-4</ident>
    </rule-result>
    <rule-result idref="xccdf_org.ssgproject.content_rule_audit_rules_usergroup_modification_passwd" role="full" time="2026-02-24T11:59:40+02:00" severity="medium" weight="1.000000">
      <result>notselected</result>
      <ident system="https://ncp.nist.gov/cce">CCE-85577-5</ident>
    </rule-result>
    <rule-result idref="xccdf_org.ssgproject.content_rule_audit_rules_usergroup_modification_shadow" role="full" time="2026-02-24T11:59:40+02:00" severity="medium" weight="1.000000">
      <result>notselected</result>
      <ident system="https://ncp.nist.gov/cce">CCE-85579-1</ident>
    </rule-result>
    <rule-result idref="xccdf_org.ssgproject.content_rule_audit_rules_var_spool_cron" role="full" time="2026-02-24T11:59:40+02:00" severity="medium" weight="1.000000">
      <result>notselected</result>
      <ident system="https://ncp.nist.gov/cce">CCE-92588-3</ident>
    </rule-result>
    <rule-result idref="xccdf_org.ssgproject.content_rule_audit_sudo_log_events" role="full" time="2026-02-24T11:59:40+02:00" severity="medium" weight="1.000000">
      <result>notselected</result>
      <ident system="https://ncp.nist.gov/cce">CCE-92551-1</ident>
    </rule-result>
    <rule-result idref="xccdf_org.ssgproject.content_rule_directory_permissions_var_log_audit" role="full" time="2026-02-24T11:59:40+02:00" severity="medium" weight="1.000000">
      <result>notselected</result>
      <ident system="https://ncp.nist.gov/cce">CCE-92530-5</ident>
    </rule-result>
    <rule-result idref="xccdf_org.ssgproject.content_rule_file_group_ownership_var_log_audit" role="full" time="2026-02-24T11:59:40+02:00" severity="medium" weight="1.000000">
      <result>notselected</result>
      <ident system="https://ncp.nist.gov/cce">CCE-92534-7</ident>
    </rule-result>
    <rule-result idref="xccdf_org.ssgproject.content_rule_file_groupownership_audit_configuration" role="full" time="2026-02-24T11:59:40+02:00" severity="medium" weight="1.000000">
      <result>notselected</result>
      <ident system="https://ncp.nist.gov/cce">CCE-92544-6</ident>
    </rule-result>
    <rule-result idref="xccdf_org.ssgproject.content_rule_file_ownership_audit_configuration" role="full" time="2026-02-24T11:59:40+02:00" severity="medium" weight="1.000000">
      <result>notselected</result>
      <ident system="https://ncp.nist.gov/cce">CCE-92550-3</ident>
    </rule-result>
    <rule-result idref="xccdf_org.ssgproject.content_rule_file_ownership_var_log_audit" role="full" time="2026-02-24T11:59:40+02:00" severity="medium" weight="1.000000">
      <result>notselected</result>
      <ident system="https://ncp.nist.gov/cce">CCE-85810-0</ident>
    </rule-result>
    <rule-result idref="xccdf_org.ssgproject.content_rule_file_ownership_var_log_audit_stig" role="full" time="2026-02-24T11:59:40+02:00" severity="medium" weight="1.000000">
      <result>notselected</result>
      <ident system="https://ncp.nist.gov/cce">CCE-92553-7</ident>
    </rule-result>
    <rule-result idref="xccdf_org.ssgproject.content_rule_file_permissions_audit_configuration" role="full" time="2026-02-24T11:59:40+02:00" severity="medium" weight="1.000000">
      <result>notselected</result>
      <ident system="https://ncp.nist.gov/cce">CCE-92557-8</ident>
    </rule-result>
    <rule-result idref="xccdf_org.ssgproject.content_rule_file_permissions_var_log_audit" role="full" time="2026-02-24T11:59:40+02:00" severity="medium" weight="1.000000">
      <result>notselected</result>
      <ident system="https://ncp.nist.gov/cce">CCE-85811-8</ident>
    </rule-result>
    <rule-result idref="xccdf_org.ssgproject.content_rule_audit_rules_dac_modification_chmod" role="full" time="2026-02-24T11:59:40+02:00" severity="medium" weight="1.000000">
      <result>notselected</result>
      <ident system="https://ncp.nist.gov/cce">CCE-85693-0</ident>
    </rule-result>
    <rule-result idref="xccdf_org.ssgproject.content_rule_audit_rules_dac_modification_chown" role="full" time="2026-02-24T11:59:40+02:00" severity="medium" weight="1.000000">
      <result>notselected</result>
      <ident system="https://ncp.nist.gov/cce">CCE-85690-6</ident>
    </rule-result>
    <rule-result idref="xccdf_org.ssgproject.content_rule_audit_rules_dac_modification_fchmod" role="full" time="2026-02-24T11:59:40+02:00" severity="medium" weight="1.000000">
      <result>notselected</result>
      <ident system="https://ncp.nist.gov/cce">CCE-85694-8</ident>
    </rule-result>
    <rule-result idref="xccdf_org.ssgproject.content_rule_audit_rules_dac_modification_fchmodat" role="full" time="2026-02-24T11:59:40+02:00" severity="medium" weight="1.000000">
      <result>notselected</result>
      <ident system="https://ncp.nist.gov/cce">CCE-85695-5</ident>
    </rule-result>
    <rule-result idref="xccdf_org.ssgproject.content_rule_audit_rules_dac_modification_fchown" role="full" time="2026-02-24T11:59:40+02:00" severity="medium" weight="1.000000">
      <result>notselected</result>
      <ident system="https://ncp.nist.gov/cce">CCE-85721-9</ident>
    </rule-result>
    <rule-result idref="xccdf_org.ssgproject.content_rule_audit_rules_dac_modification_fchownat" role="full" time="2026-02-24T11:59:40+02:00" severity="medium" weight="1.000000">
      <result>notselected</result>
      <ident system="https://ncp.nist.gov/cce">CCE-85692-2</ident>
    </rule-result>
    <rule-result idref="xccdf_org.ssgproject.content_rule_audit_rules_dac_modification_fremovexattr" role="full" time="2026-02-24T11:59:40+02:00" severity="medium" weight="1.000000">
      <result>notselected</result>
      <ident system="https://ncp.nist.gov/cce">CCE-85686-4</ident>
    </rule-result>
    <rule-result idref="xccdf_org.ssgproject.content_rule_audit_rules_dac_modification_fsetxattr" role="full" time="2026-02-24T11:59:40+02:00" severity="medium" weight="1.000000">
      <result>notselected</result>
      <ident system="https://ncp.nist.gov/cce">CCE-85688-0</ident>
    </rule-result>
    <rule-result idref="xccdf_org.ssgproject.content_rule_audit_rules_dac_modification_lchown" role="full" time="2026-02-24T11:59:40+02:00" severity="medium" weight="1.000000">
      <result>notselected</result>
      <ident system="https://ncp.nist.gov/cce">CCE-85691-4</ident>
    </rule-result>
    <rule-result idref="xccdf_org.ssgproject.content_rule_audit_rules_dac_modification_lremovexattr" role="full" time="2026-02-24T11:59:40+02:00" severity="medium" weight="1.000000">
      <result>notselected</result>
      <ident system="https://ncp.nist.gov/cce">CCE-85685-6</ident>
    </rule-result>
    <rule-result idref="xccdf_org.ssgproject.content_rule_audit_rules_dac_modification_lsetxattr" role="full" time="2026-02-24T11:59:40+02:00" severity="medium" weight="1.000000">
      <result>notselected</result>
      <ident system="https://ncp.nist.gov/cce">CCE-85689-8</ident>
    </rule-result>
    <rule-result idref="xccdf_org.ssgproject.content_rule_audit_rules_dac_modification_removexattr" role="full" time="2026-02-24T11:59:40+02:00" severity="medium" weight="1.000000">
      <result>notselected</result>
      <ident system="https://ncp.nist.gov/cce">CCE-85684-9</ident>
    </rule-result>
    <rule-result idref="xccdf_org.ssgproject.content_rule_audit_rules_dac_modification_setxattr" role="full" time="2026-02-24T11:59:40+02:00" severity="medium" weight="1.000000">
      <result>notselected</result>
      <ident system="https://ncp.nist.gov/cce">CCE-85687-2</ident>
    </rule-result>
    <rule-result idref="xccdf_org.ssgproject.content_rule_audit_rules_dac_modification_umount" role="full" time="2026-02-24T11:59:40+02:00" severity="medium" weight="1.000000">
      <result>notselected</result>
      <ident system="https://ncp.nist.gov/cce">CCE-85734-2</ident>
    </rule-result>
    <rule-result idref="xccdf_org.ssgproject.content_rule_audit_rules_dac_modification_umount2" role="full" time="2026-02-24T11:59:40+02:00" severity="medium" weight="1.000000">
      <result>notselected</result>
      <ident system="https://ncp.nist.gov/cce">CCE-91250-1</ident>
    </rule-result>
    <rule-result idref="xccdf_org.ssgproject.content_rule_audit_rules_execution_chacl" role="full" time="2026-02-24T11:59:40+02:00" severity="medium" weight="1.000000">
      <result>notselected</result>
      <ident system="https://ncp.nist.gov/cce">CCE-85595-7</ident>
    </rule-result>
    <rule-result idref="xccdf_org.ssgproject.content_rule_audit_rules_execution_chmod" role="full" time="2026-02-24T11:59:40+02:00" severity="medium" weight="1.000000">
      <result>notselected</result>
      <ident system="https://ncp.nist.gov/cce">CCE-85593-2</ident>
    </rule-result>
    <rule-result idref="xccdf_org.ssgproject.content_rule_audit_rules_execution_setfacl" role="full" time="2026-02-24T11:59:40+02:00" severity="medium" weight="1.000000">
      <result>notselected</result>
      <ident system="https://ncp.nist.gov/cce">CCE-85594-0</ident>
    </rule-result>
    <rule-result idref="xccdf_org.ssgproject.content_rule_audit_rules_execution_chcon" role="full" time="2026-02-24T11:59:40+02:00" severity="medium" weight="1.000000">
      <result>notselected</result>
      <ident system="https://ncp.nist.gov/cce">CCE-85716-9</ident>
    </rule-result>
    <rule-result idref="xccdf_org.ssgproject.content_rule_audit_rules_execution_restorecon" role="full" time="2026-02-24T11:59:40+02:00" severity="medium" weight="1.000000">
      <result>notselected</result>
      <ident system="https://ncp.nist.gov/cce">CCE-85817-5</ident>
    </rule-result>
    <rule-result idref="xccdf_org.ssgproject.content_rule_audit_rules_execution_rm" role="full" time="2026-02-24T11:59:40+02:00" severity="medium" weight="1.000000">
      <result>notselected</result>
      <ident system="https://ncp.nist.gov/cce">CCE-85596-5</ident>
    </rule-result>
    <rule-result idref="xccdf_org.ssgproject.content_rule_audit_rules_execution_semanage" role="full" time="2026-02-24T11:59:40+02:00" severity="medium" weight="1.000000">
      <result>notselected</result>
      <ident system="https://ncp.nist.gov/cce">CCE-85819-1</ident>
    </rule-result>
    <rule-result idref="xccdf_org.ssgproject.content_rule_audit_rules_execution_setsebool" role="full" time="2026-02-24T11:59:40+02:00" severity="medium" weight="1.000000">
      <result>notselected</result>
      <ident system="https://ncp.nist.gov/cce">CCE-85818-3</ident>
    </rule-result>
    <rule-result idref="xccdf_org.ssgproject.content_rule_audit_rules_file_deletion_events" role="full" time="2026-02-24T11:59:40+02:00" severity="medium" weight="1.000000">
      <result>notselected</result>
      <ident system="https://ncp.nist.gov/cce">CCE-85767-2</ident>
    </rule-result>
    <rule-result idref="xccdf_org.ssgproject.content_rule_audit_rules_file_deletion_events_rename" role="full" time="2026-02-24T11:59:40+02:00" severity="medium" weight="1.000000">
      <result>notselected</result>
      <ident system="https://ncp.nist.gov/cce">CCE-85768-0</ident>
    </rule-result>
    <rule-result idref="xccdf_org.ssgproject.content_rule_audit_rules_file_deletion_events_renameat" role="full" time="2026-02-24T11:59:40+02:00" severity="medium" weight="1.000000">
      <result>notselected</result>
      <ident system="https://ncp.nist.gov/cce">CCE-85769-8</ident>
    </rule-result>
    <rule-result idref="xccdf_org.ssgproject.content_rule_audit_rules_file_deletion_events_rmdir" role="full" time="2026-02-24T11:59:40+02:00" severity="medium" weight="1.000000">
      <result>notselected</result>
      <ident system="https://ncp.nist.gov/cce">CCE-85770-6</ident>
    </rule-result>
    <rule-result idref="xccdf_org.ssgproject.content_rule_audit_rules_file_deletion_events_unlink" role="full" time="2026-02-24T11:59:40+02:00" severity="medium" weight="1.000000">
      <result>notselected</result>
      <ident system="https://ncp.nist.gov/cce">CCE-85771-4</ident>
    </rule-result>
    <rule-result idref="xccdf_org.ssgproject.content_rule_audit_rules_file_deletion_events_unlinkat" role="full" time="2026-02-24T11:59:40+02:00" severity="medium" weight="1.000000">
      <result>notselected</result>
      <ident system="https://ncp.nist.gov/cce">CCE-85772-2</ident>
    </rule-result>
    <rule-result idref="xccdf_org.ssgproject.content_rule_audit_rules_successful_file_modification_chmod" role="full" time="2026-02-24T11:59:40+02:00" severity="medium" weight="1.000000">
      <result>notselected</result>
    </rule-result>
    <rule-result idref="xccdf_org.ssgproject.content_rule_audit_rules_unsuccessful_file_modification" role="full" time="2026-02-24T11:59:40+02:00" severity="medium" weight="1.000000">
      <result>notselected</result>
      <ident system="https://ncp.nist.gov/cce">CCE-91246-9</ident>
    </rule-result>
    <rule-result idref="xccdf_org.ssgproject.content_rule_audit_rules_unsuccessful_file_modification_creat" role="full" time="2026-02-24T11:59:40+02:00" severity="medium" weight="1.000000">
      <result>notselected</result>
      <ident system="https://ncp.nist.gov/cce">CCE-85681-5</ident>
    </rule-result>
    <rule-result idref="xccdf_org.ssgproject.content_rule_audit_rules_unsuccessful_file_modification_ftruncate" role="full" time="2026-02-24T11:59:40+02:00" severity="medium" weight="1.000000">
      <result>notselected</result>
      <ident system="https://ncp.nist.gov/cce">CCE-85696-3</ident>
    </rule-result>
    <rule-result idref="xccdf_org.ssgproject.content_rule_audit_rules_unsuccessful_file_modification_open" role="full" time="2026-02-24T11:59:40+02:00" severity="medium" weight="1.000000">
      <result>notselected</result>
      <ident system="https://ncp.nist.gov/cce">CCE-85680-7</ident>
    </rule-result>
    <rule-result idref="xccdf_org.ssgproject.content_rule_audit_rules_unsuccessful_file_modification_open_by_handle_at" role="full" time="2026-02-24T11:59:40+02:00" severity="medium" weight="1.000000">
      <result>notselected</result>
      <ident system="https://ncp.nist.gov/cce">CCE-85683-1</ident>
    </rule-result>
    <rule-result idref="xccdf_org.ssgproject.content_rule_audit_rules_unsuccessful_file_modification_openat" role="full" time="2026-02-24T11:59:40+02:00" severity="medium" weight="1.000000">
      <result>notselected</result>
      <ident system="https://ncp.nist.gov/cce">CCE-85682-3</ident>
    </rule-result>
    <rule-result idref="xccdf_org.ssgproject.content_rule_audit_rules_unsuccessful_file_modification_rename" role="full" time="2026-02-24T11:59:40+02:00" severity="medium" weight="1.000000">
      <result>notselected</result>
      <ident system="https://ncp.nist.gov/cce">CCE-85701-1</ident>
    </rule-result>
    <rule-result idref="xccdf_org.ssgproject.content_rule_audit_rules_unsuccessful_file_modification_renameat" role="full" time="2026-02-24T11:59:40+02:00" severity="medium" weight="1.000000">
      <result>notselected</result>
      <ident system="https://ncp.nist.gov/cce">CCE-85702-9</ident>
    </rule-result>
    <rule-result idref="xccdf_org.ssgproject.content_rule_audit_rules_unsuccessful_file_modification_renameat2" role="full" time="2026-02-24T11:59:40+02:00" severity="medium" weight="1.000000">
      <result>notselected</result>
      <ident system="https://ncp.nist.gov/cce">CCE-85726-8</ident>
    </rule-result>
    <rule-result idref="xccdf_org.ssgproject.content_rule_audit_rules_unsuccessful_file_modification_truncate" role="full" time="2026-02-24T11:59:40+02:00" severity="medium" weight="1.000000">
      <result>notselected</result>
      <ident system="https://ncp.nist.gov/cce">CCE-85608-8</ident>
    </rule-result>
    <rule-result idref="xccdf_org.ssgproject.content_rule_audit_rules_unsuccessful_file_modification_unlink" role="full" time="2026-02-24T11:59:40+02:00" severity="medium" weight="1.000000">
      <result>notselected</result>
      <ident system="https://ncp.nist.gov/cce">CCE-85703-7</ident>
    </rule-result>
    <rule-result idref="xccdf_org.ssgproject.content_rule_audit_rules_unsuccessful_file_modification_unlinkat" role="full" time="2026-02-24T11:59:40+02:00" severity="medium" weight="1.000000">
      <result>notselected</result>
      <ident system="https://ncp.nist.gov/cce">CCE-85704-5</ident>
    </rule-result>
    <rule-result idref="xccdf_org.ssgproject.content_rule_audit_rules_kernel_module_loading" role="full" time="2026-02-24T11:59:40+02:00" severity="medium" weight="1.000000">
      <result>notselected</result>
      <ident system="https://ncp.nist.gov/cce">CCE-91247-7</ident>
    </rule-result>
    <rule-result idref="xccdf_org.ssgproject.content_rule_audit_rules_kernel_module_loading_delete" role="full" time="2026-02-24T11:59:40+02:00" severity="medium" weight="1.000000">
      <result>notselected</result>
      <ident system="https://ncp.nist.gov/cce">CCE-85748-2</ident>
    </rule-result>
    <rule-result idref="xccdf_org.ssgproject.content_rule_audit_rules_kernel_module_loading_finit" role="full" time="2026-02-24T11:59:40+02:00" severity="medium" weight="1.000000">
      <result>notselected</result>
      <ident system="https://ncp.nist.gov/cce">CCE-85749-0</ident>
    </rule-result>
    <rule-result idref="xccdf_org.ssgproject.content_rule_audit_rules_kernel_module_loading_init" role="full" time="2026-02-24T11:59:40+02:00" severity="medium" weight="1.000000">
      <result>notselected</result>
      <ident system="https://ncp.nist.gov/cce">CCE-85750-8</ident>
    </rule-result>
    <rule-result idref="xccdf_org.ssgproject.content_rule_audit_rules_login_events_faillock" role="full" time="2026-02-24T11:59:40+02:00" severity="medium" weight="1.000000">
      <result>notselected</result>
      <ident system="https://ncp.nist.gov/cce">CCE-91449-9</ident>
    </rule-result>
    <rule-result idref="xccdf_org.ssgproject.content_rule_audit_rules_login_events_faillog" role="full" time="2026-02-24T11:59:40+02:00" severity="medium" weight="1.000000">
      <result>notselected</result>
      <ident system="https://ncp.nist.gov/cce">CCE-92576-8</ident>
    </rule-result>
    <rule-result idref="xccdf_org.ssgproject.content_rule_audit_rules_login_events_lastlog" role="full" time="2026-02-24T11:59:40+02:00" severity="medium" weight="1.000000">
      <result>notselected</result>
      <ident system="https://ncp.nist.gov/cce">CCE-85598-1</ident>
    </rule-result>
    <rule-result idref="xccdf_org.ssgproject.content_rule_audit_rules_login_events_tallylog" role="full" time="2026-02-24T11:59:40+02:00" severity="medium" weight="1.000000">
      <result>notselected</result>
      <ident system="https://ncp.nist.gov/cce">CCE-85597-3</ident>
    </rule-result>
    <rule-result idref="xccdf_org.ssgproject.content_rule_audit_privileged_commands_init" role="full" time="2026-02-24T11:59:40+02:00" severity="medium" weight="1.000000">
      <result>notselected</result>
    </rule-result>
    <rule-result idref="xccdf_org.ssgproject.content_rule_audit_privileged_commands_poweroff" role="full" time="2026-02-24T11:59:40+02:00" severity="medium" weight="1.000000">
      <result>notselected</result>
    </rule-result>
    <rule-result idref="xccdf_org.ssgproject.content_rule_audit_privileged_commands_reboot" role="full" time="2026-02-24T11:59:40+02:00" severity="medium" weight="1.000000">
      <result>notselected</result>
    </rule-result>
    <rule-result idref="xccdf_org.ssgproject.content_rule_audit_privileged_commands_shutdown" role="full" time="2026-02-24T11:59:40+02:00" severity="medium" weight="1.000000">
      <result>notselected</result>
    </rule-result>
    <rule-result idref="xccdf_org.ssgproject.content_rule_audit_rules_privileged_commands" role="full" time="2026-02-24T11:59:40+02:00" severity="medium" weight="1.000000">
      <result>notselected</result>
      <ident system="https://ncp.nist.gov/cce">CCE-91251-9</ident>
    </rule-result>
    <rule-result idref="xccdf_org.ssgproject.content_rule_audit_rules_privileged_commands_chage" role="full" time="2026-02-24T11:59:40+02:00" severity="medium" weight="1.000000">
      <result>notselected</result>
      <ident system="https://ncp.nist.gov/cce">CCE-85587-4</ident>
    </rule-result>
    <rule-result idref="xccdf_org.ssgproject.content_rule_audit_rules_privileged_commands_chfn" role="full" time="2026-02-24T11:59:40+02:00" severity="medium" weight="1.000000">
      <result>notselected</result>
      <ident system="https://ncp.nist.gov/cce">CCE-85589-0</ident>
    </rule-result>
    <rule-result idref="xccdf_org.ssgproject.content_rule_audit_rules_privileged_commands_chsh" role="full" time="2026-02-24T11:59:40+02:00" severity="medium" weight="1.000000">
      <result>notselected</result>
      <ident system="https://ncp.nist.gov/cce">CCE-85586-6</ident>
    </rule-result>
    <rule-result idref="xccdf_org.ssgproject.content_rule_audit_rules_privileged_commands_crontab" role="full" time="2026-02-24T11:59:40+02:00" severity="medium" weight="1.000000">
      <result>notselected</result>
      <ident system="https://ncp.nist.gov/cce">CCE-85588-2</ident>
    </rule-result>
    <rule-result idref="xccdf_org.ssgproject.content_rule_audit_rules_privileged_commands_gpasswd" role="full" time="2026-02-24T11:59:40+02:00" severity="medium" weight="1.000000">
      <result>notselected</result>
      <ident system="https://ncp.nist.gov/cce">CCE-85584-1</ident>
    </rule-result>
    <rule-result idref="xccdf_org.ssgproject.content_rule_audit_rules_privileged_commands_insmod" role="full" time="2026-02-24T11:59:40+02:00" severity="medium" weight="1.000000">
      <result>notselected</result>
      <ident system="https://ncp.nist.gov/cce">CCE-85744-1</ident>
    </rule-result>
    <rule-result idref="xccdf_org.ssgproject.content_rule_audit_rules_privileged_commands_kmod" role="full" time="2026-02-24T11:59:40+02:00" severity="medium" weight="1.000000">
      <result>notselected</result>
      <ident system="https://ncp.nist.gov/cce">CCE-85591-6</ident>
    </rule-result>
    <rule-result idref="xccdf_org.ssgproject.content_rule_audit_rules_privileged_commands_modprobe" role="full" time="2026-02-24T11:59:40+02:00" severity="medium" weight="1.000000">
      <result>notselected</result>
      <ident system="https://ncp.nist.gov/cce">CCE-85731-8</ident>
    </rule-result>
    <rule-result idref="xccdf_org.ssgproject.content_rule_audit_rules_privileged_commands_mount" role="full" time="2026-02-24T11:59:40+02:00" severity="medium" weight="1.000000">
      <result>notselected</result>
    </rule-result>
    <rule-result idref="xccdf_org.ssgproject.content_rule_audit_rules_privileged_commands_newgrp" role="full" time="2026-02-24T11:59:40+02:00" severity="medium" weight="1.000000">
      <result>notselected</result>
      <ident system="https://ncp.nist.gov/cce">CCE-85585-8</ident>
    </rule-result>
    <rule-result idref="xccdf_org.ssgproject.content_rule_audit_rules_privileged_commands_pam_timestamp_check" role="full" time="2026-02-24T11:59:40+02:00" severity="medium" weight="1.000000">
      <result>notselected</result>
      <ident system="https://ncp.nist.gov/cce">CCE-85601-3</ident>
    </rule-result>
    <rule-result idref="xccdf_org.ssgproject.content_rule_audit_rules_privileged_commands_passmass" role="full" time="2026-02-24T11:59:40+02:00" severity="medium" weight="1.000000">
      <result>notselected</result>
      <ident system="https://ncp.nist.gov/cce">CCE-85599-9</ident>
    </rule-result>
    <rule-result idref="xccdf_org.ssgproject.content_rule_audit_rules_privileged_commands_passwd" role="full" time="2026-02-24T11:59:40+02:00" severity="medium" weight="1.000000">
      <result>notselected</result>
      <ident system="https://ncp.nist.gov/cce">CCE-85583-3</ident>
    </rule-result>
    <rule-result idref="xccdf_org.ssgproject.content_rule_audit_rules_privileged_commands_postdrop" role="full" time="2026-02-24T11:59:40+02:00" severity="medium" weight="1.000000">
      <result>notselected</result>
      <ident system="https://ncp.nist.gov/cce">CCE-85820-9</ident>
    </rule-result>
    <rule-result idref="xccdf_org.ssgproject.content_rule_audit_rules_privileged_commands_postqueue" role="full" time="2026-02-24T11:59:40+02:00" severity="medium" weight="1.000000">
      <result>notselected</result>
      <ident system="https://ncp.nist.gov/cce">CCE-85821-7</ident>
    </rule-result>
    <rule-result idref="xccdf_org.ssgproject.content_rule_audit_rules_privileged_commands_rmmod" role="full" time="2026-02-24T11:59:40+02:00" severity="medium" weight="1.000000">
      <result>notselected</result>
      <ident system="https://ncp.nist.gov/cce">CCE-85732-6</ident>
    </rule-result>
    <rule-result idref="xccdf_org.ssgproject.content_rule_audit_rules_privileged_commands_ssh_agent" role="full" time="2026-02-24T11:59:40+02:00" severity="medium" weight="1.000000">
      <result>notselected</result>
      <ident system="https://ncp.nist.gov/cce">CCE-85590-8</ident>
    </rule-result>
    <rule-result idref="xccdf_org.ssgproject.content_rule_audit_rules_privileged_commands_ssh_keysign" role="full" time="2026-02-24T11:59:40+02:00" severity="medium" weight="1.000000">
      <result>notselected</result>
      <ident system="https://ncp.nist.gov/cce">CCE-85582-5</ident>
    </rule-result>
    <rule-result idref="xccdf_org.ssgproject.content_rule_audit_rules_privileged_commands_su" role="full" time="2026-02-24T11:59:40+02:00" severity="medium" weight="1.000000">
      <result>notselected</result>
      <ident system="https://ncp.nist.gov/cce">CCE-85602-1</ident>
    </rule-result>
    <rule-result idref="xccdf_org.ssgproject.content_rule_audit_rules_privileged_commands_sudo" role="full" time="2026-02-24T11:59:40+02:00" severity="medium" weight="1.000000">
      <result>notselected</result>
      <ident system="https://ncp.nist.gov/cce">CCE-85603-9</ident>
    </rule-result>
    <rule-result idref="xccdf_org.ssgproject.content_rule_audit_rules_privileged_commands_sudoedit" role="full" time="2026-02-24T11:59:40+02:00" severity="medium" weight="1.000000">
      <result>notselected</result>
      <ident system="https://ncp.nist.gov/cce">CCE-85717-7</ident>
    </rule-result>
    <rule-result idref="xccdf_org.ssgproject.content_rule_audit_rules_privileged_commands_umount" role="full" time="2026-02-24T11:59:40+02:00" severity="medium" weight="1.000000">
      <result>notselected</result>
      <ident system="https://ncp.nist.gov/cce">CCE-91450-7</ident>
    </rule-result>
    <rule-result idref="xccdf_org.ssgproject.content_rule_audit_rules_privileged_commands_unix2_chkpwd" role="full" time="2026-02-24T11:59:40+02:00" severity="medium" weight="1.000000">
      <result>notselected</result>
      <ident system="https://ncp.nist.gov/cce">CCE-85762-3</ident>
    </rule-result>
    <rule-result idref="xccdf_org.ssgproject.content_rule_audit_rules_privileged_commands_unix_chkpwd" role="full" time="2026-02-24T11:59:40+02:00" severity="medium" weight="1.000000">
      <result>notselected</result>
      <ident system="https://ncp.nist.gov/cce">CCE-85727-6</ident>
    </rule-result>
    <rule-result idref="xccdf_org.ssgproject.content_rule_audit_rules_privileged_commands_userhelper" role="full" time="2026-02-24T11:59:40+02:00" severity="medium" weight="1.000000">
      <result>notselected</result>
      <ident system="https://ncp.nist.gov/cce">CCE-85773-0</ident>
    </rule-result>
    <rule-result idref="xccdf_org.ssgproject.content_rule_audit_rules_privileged_commands_usermod" role="full" time="2026-02-24T11:59:40+02:00" severity="medium" weight="1.000000">
      <result>notselected</result>
      <ident system="https://ncp.nist.gov/cce">CCE-85600-5</ident>
    </rule-result>
    <rule-result idref="xccdf_org.ssgproject.content_rule_audit_rules_time_adjtimex" role="full" time="2026-02-24T11:59:40+02:00" severity="medium" weight="1.000000">
      <result>notselected</result>
      <ident system="https://ncp.nist.gov/cce">CCE-85814-2</ident>
    </rule-result>
    <rule-result idref="xccdf_org.ssgproject.content_rule_audit_rules_time_clock_settime" role="full" time="2026-02-24T11:59:40+02:00" severity="medium" weight="1.000000">
      <result>notselected</result>
      <ident system="https://ncp.nist.gov/cce">CCE-85816-7</ident>
    </rule-result>
    <rule-result idref="xccdf_org.ssgproject.content_rule_audit_rules_time_settimeofday" role="full" time="2026-02-24T11:59:40+02:00" severity="medium" weight="1.000000">
      <result>notselected</result>
      <ident system="https://ncp.nist.gov/cce">CCE-85813-4</ident>
    </rule-result>
    <rule-result idref="xccdf_org.ssgproject.content_rule_audit_rules_time_stime" role="full" time="2026-02-24T11:59:40+02:00" severity="medium" weight="1.000000">
      <result>notselected</result>
      <ident system="https://ncp.nist.gov/cce">CCE-85815-9</ident>
    </rule-result>
    <rule-result idref="xccdf_org.ssgproject.content_rule_audit_rules_time_watch_localtime" role="full" time="2026-02-24T11:59:40+02:00" severity="medium" weight="1.000000">
      <result>notselected</result>
      <ident system="https://ncp.nist.gov/cce">CCE-85812-6</ident>
    </rule-result>
    <rule-result idref="xccdf_org.ssgproject.content_rule_auditd_audispd_configure_remote_server" role="full" time="2026-02-24T11:59:40+02:00" severity="medium" weight="1.000000">
      <result>notselected</result>
      <ident system="https://ncp.nist.gov/cce">CCE-85615-3</ident>
    </rule-result>
    <rule-result idref="xccdf_org.ssgproject.content_rule_auditd_audispd_configure_sufficiently_large_partition" role="full" time="2026-02-24T11:59:40+02:00" severity="medium" weight="1.000000">
      <result>notselected</result>
      <ident system="https://ncp.nist.gov/cce">CCE-85697-1</ident>
    </rule-result>
    <rule-result idref="xccdf_org.ssgproject.content_rule_auditd_audispd_disk_full_action" role="full" time="2026-02-24T11:59:40+02:00" severity="medium" weight="1.000000">
      <result>notselected</result>
      <ident system="https://ncp.nist.gov/cce">CCE-85617-9</ident>
    </rule-result>
    <rule-result idref="xccdf_org.ssgproject.content_rule_auditd_audispd_encrypt_sent_records" role="full" time="2026-02-24T11:59:40+02:00" severity="medium" weight="1.000000">
      <result>notselected</result>
      <ident system="https://ncp.nist.gov/cce">CCE-85614-6</ident>
    </rule-result>
    <rule-result idref="xccdf_org.ssgproject.content_rule_auditd_audispd_network_failure_action" role="full" time="2026-02-24T11:59:40+02:00" severity="medium" weight="1.000000">
      <result>notselected</result>
      <ident system="https://ncp.nist.gov/cce">CCE-85705-2</ident>
    </rule-result>
    <rule-result idref="xccdf_org.ssgproject.content_rule_auditd_audispd_syslog_plugin_activated" role="full" time="2026-02-24T11:59:40+02:00" severity="medium" weight="1.000000">
      <result>notselected</result>
      <ident system="https://ncp.nist.gov/cce">CCE-85779-7</ident>
    </rule-result>
    <rule-result idref="xccdf_org.ssgproject.content_rule_auditd_data_disk_error_action" role="full" time="2026-02-24T11:59:40+02:00" severity="medium" weight="1.000000">
      <result>notselected</result>
    </rule-result>
    <rule-result idref="xccdf_org.ssgproject.content_rule_auditd_data_disk_error_action_stig" role="full" time="2026-02-24T11:59:40+02:00" severity="medium" weight="1.000000">
      <result>notselected</result>
    </rule-result>
    <rule-result idref="xccdf_org.ssgproject.content_rule_auditd_data_disk_full_action" role="full" time="2026-02-24T11:59:40+02:00" severity="medium" weight="1.000000">
      <result>notselected</result>
      <ident system="https://ncp.nist.gov/cce">CCE-85606-2</ident>
    </rule-result>
    <rule-result idref="xccdf_org.ssgproject.content_rule_auditd_data_disk_full_action_stig" role="full" time="2026-02-24T11:59:40+02:00" severity="medium" weight="1.000000">
      <result>notselected</result>
    </rule-result>
    <rule-result idref="xccdf_org.ssgproject.content_rule_auditd_data_retention_action_mail_acct" role="full" time="2026-02-24T11:59:40+02:00" severity="medium" weight="1.000000">
      <result>notselected</result>
      <ident system="https://ncp.nist.gov/cce">CCE-85604-7</ident>
    </rule-result>
    <rule-result idref="xccdf_org.ssgproject.content_rule_auditd_data_retention_admin_space_left_action" role="full" time="2026-02-24T11:59:40+02:00" severity="medium" weight="1.000000">
      <result>notselected</result>
      <ident system="https://ncp.nist.gov/cce">CCE-85824-1</ident>
    </rule-result>
    <rule-result idref="xccdf_org.ssgproject.content_rule_auditd_data_retention_flush" role="full" time="2026-02-24T11:59:40+02:00" severity="medium" weight="1.000000">
      <result>notselected</result>
      <ident system="https://ncp.nist.gov/cce">CCE-85775-5</ident>
    </rule-result>
    <rule-result idref="xccdf_org.ssgproject.content_rule_auditd_data_retention_max_log_file" role="full" time="2026-02-24T11:59:40+02:00" severity="medium" weight="1.000000">
      <result>notselected</result>
      <ident system="https://ncp.nist.gov/cce">CCE-85825-8</ident>
    </rule-result>
    <rule-result idref="xccdf_org.ssgproject.content_rule_auditd_data_retention_max_log_file_action" role="full" time="2026-02-24T11:59:40+02:00" severity="medium" weight="1.000000">
      <result>notselected</result>
      <ident system="https://ncp.nist.gov/cce">CCE-85778-9</ident>
    </rule-result>
    <rule-result idref="xccdf_org.ssgproject.content_rule_auditd_data_retention_space_left" role="full" time="2026-02-24T11:59:40+02:00" severity="medium" weight="1.000000">
      <result>notselected</result>
      <ident system="https://ncp.nist.gov/cce">CCE-85616-1</ident>
    </rule-result>
    <rule-result idref="xccdf_org.ssgproject.content_rule_auditd_data_retention_space_left_action" role="full" time="2026-02-24T11:59:40+02:00" severity="medium" weight="1.000000">
      <result>notselected</result>
      <ident system="https://ncp.nist.gov/cce">CCE-85823-3</ident>
    </rule-result>
    <rule-result idref="xccdf_org.ssgproject.content_rule_auditd_freq" role="full" time="2026-02-24T11:59:40+02:00" severity="medium" weight="1.000000">
      <result>notselected</result>
    </rule-result>
    <rule-result idref="xccdf_org.ssgproject.content_rule_auditd_local_events" role="full" time="2026-02-24T11:59:40+02:00" severity="medium" weight="1.000000">
      <result>notselected</result>
    </rule-result>
    <rule-result idref="xccdf_org.ssgproject.content_rule_auditd_log_format" role="full" time="2026-02-24T11:59:40+02:00" severity="low" weight="1.000000">
      <result>notselected</result>
    </rule-result>
    <rule-result idref="xccdf_org.ssgproject.content_rule_auditd_overflow_action" role="full" time="2026-02-24T11:59:40+02:00" severity="medium" weight="1.000000">
      <result>notselected</result>
    </rule-result>
    <rule-result idref="xccdf_org.ssgproject.content_rule_auditd_write_logs" role="full" time="2026-02-24T11:59:40+02:00" severity="medium" weight="1.000000">
      <result>notselected</result>
    </rule-result>
    <rule-result idref="xccdf_org.ssgproject.content_rule_file_groupownership_audit_binaries" role="full" time="2026-02-24T11:59:40+02:00" severity="medium" weight="1.000000">
      <result>notselected</result>
      <ident system="https://ncp.nist.gov/cce">CCE-92543-8</ident>
    </rule-result>
    <rule-result idref="xccdf_org.ssgproject.content_rule_file_ownership_audit_binaries" role="full" time="2026-02-24T11:59:40+02:00" severity="medium" weight="1.000000">
      <result>notselected</result>
      <ident system="https://ncp.nist.gov/cce">CCE-92549-5</ident>
    </rule-result>
    <rule-result idref="xccdf_org.ssgproject.content_rule_file_permissions_audit_binaries" role="full" time="2026-02-24T11:59:40+02:00" severity="medium" weight="1.000000">
      <result>notselected</result>
      <ident system="https://ncp.nist.gov/cce">CCE-92555-2</ident>
    </rule-result>
    <score system="urn:xccdf:scoring:default" maximum="100.000000">62.532921</score>
  </TestResult>
</Benchmark>
